 lib_luajit

 Timestamp is 52d55205 (Tue Jan 14 18:04:37 2014)

 Preferred load address is 10000000

 Start         Length     Name                   Class
 0001:00000000 0004820bH .text                   CODE
 0002:00000000 000001bcH .idata$5                DATA
 0002:000001bc 00000004H .CRT$XCA                DATA
 0002:000001c0 00000004H .CRT$XCZ                DATA
 0002:000001c4 00000004H .CRT$XIA                DATA
 0002:000001c8 00000004H .CRT$XIAA               DATA
 0002:000001cc 00000004H .CRT$XIC                DATA
 0002:000001d0 00000004H .CRT$XIZ                DATA
 0002:000001d8 00004a58H .rdata                  DATA
 0002:00004c30 0000000dH .rdata$Z                DATA
 0002:00004c40 00000004H .rdata$sxdata           DATA
 0002:00004c44 00000004H .rtc$IAA                DATA
 0002:00004c48 00000004H .rtc$IZZ                DATA
 0002:00004c4c 00000004H .rtc$TAA                DATA
 0002:00004c50 00000004H .rtc$TZZ                DATA
 0002:00004c58 00000084H .xdata$x                DATA
 0002:00004cdc 00000028H .idata$2                DATA
 0002:00004d04 00000014H .idata$3                DATA
 0002:00004d18 000001bcH .idata$4                DATA
 0002:00004ed4 000005d6H .idata$6                DATA
 0002:000054b0 00000cb1H .edata                  DATA
 0003:00000000 000001a0H .data                   DATA
 0003:000001a0 0000036cH .bss                    DATA

  Address         Publics by Value              Rva+Base       Lib:Object

 0000:00000000       __except_list              00000000     <absolute>
 0000:00000001       ___safe_se_handler_count   00000001     <absolute>
 0000:00009876       __fltused                  00009876     <absolute>
 0000:00009876       __ldused                   00009876     <absolute>
 0000:00000000       ___ImageBase               10000000     <linker-defined>
 0001:00000000       _lj_BC_ISLT                10001000 f   lj_vm.obj
 0001:00000000       _lj_vm_asm_begin           10001000     lj_vm.obj
 0001:00000041       _lj_BC_ISGE                10001041 f   lj_vm.obj
 0001:00000082       _lj_BC_ISLE                10001082 f   lj_vm.obj
 0001:000000c3       _lj_BC_ISGT                100010c3 f   lj_vm.obj
 0001:00000104       _lj_BC_ISEQV               10001104 f   lj_vm.obj
 0001:00000183       _lj_BC_ISNEV               10001183 f   lj_vm.obj
 0001:00000205       _lj_BC_ISEQS               10001205 f   lj_vm.obj
 0001:00000241       _lj_BC_ISNES               10001241 f   lj_vm.obj
 0001:0000027d       _lj_BC_ISEQN               1000127d f   lj_vm.obj
 0001:000002bd       _lj_BC_ISNEN               100012bd f   lj_vm.obj
 0001:000002fd       _lj_BC_ISEQP               100012fd f   lj_vm.obj
 0001:00000330       _lj_BC_ISNEP               10001330 f   lj_vm.obj
 0001:00000362       _lj_BC_ISTC                10001362 f   lj_vm.obj
 0001:00000394       _lj_BC_ISFC                10001394 f   lj_vm.obj
 0001:000003c6       _lj_BC_IST                 100013c6 f   lj_vm.obj
 0001:000003ee       _lj_BC_ISF                 100013ee f   lj_vm.obj
 0001:00000416       _lj_BC_MOV                 10001416 f   lj_vm.obj
 0001:00000435       _lj_BC_NOT                 10001435 f   lj_vm.obj
 0001:00000454       _lj_BC_UNM                 10001454 f   lj_vm.obj
 0001:00000478       _lj_BC_LEN                 10001478 f   lj_vm.obj
 0001:000004bc       _lj_BC_ADDVN               100014bc f   lj_vm.obj
 0001:000004e7       _lj_BC_SUBVN               100014e7 f   lj_vm.obj
 0001:00000512       _lj_BC_MULVN               10001512 f   lj_vm.obj
 0001:0000053d       _lj_BC_DIVVN               1000153d f   lj_vm.obj
 0001:00000568       _lj_BC_MODVN               10001568 f   lj_vm.obj
 0001:00000598       _lj_BC_ADDNV               10001598 f   lj_vm.obj
 0001:000005c3       _lj_BC_SUBNV               100015c3 f   lj_vm.obj
 0001:000005ee       _lj_BC_MULNV               100015ee f   lj_vm.obj
 0001:00000619       _lj_BC_DIVNV               10001619 f   lj_vm.obj
 0001:00000644       _lj_BC_MODNV               10001644 f   lj_vm.obj
 0001:00000660       _lj_BC_ADDVV               10001660 f   lj_vm.obj
 0001:00000696       _lj_BC_SUBVV               10001696 f   lj_vm.obj
 0001:000006cc       _lj_BC_MULVV               100016cc f   lj_vm.obj
 0001:00000702       _lj_BC_DIVVV               10001702 f   lj_vm.obj
 0001:00000738       _lj_BC_MODVV               10001738 f   lj_vm.obj
 0001:0000075f       _lj_BC_POW                 1000175f f   lj_vm.obj
 0001:0000079a       _lj_BC_CAT                 1000179a f   lj_vm.obj
 0001:000007f2       _lj_BC_KSTR                100017f2 f   lj_vm.obj
 0001:00000813       _lj_BC_KCDATA              10001813 f   lj_vm.obj
 0001:00000834       _lj_BC_KSHORT              10001834 f   lj_vm.obj
 0001:0000084b       _lj_BC_KNUM                1000184b f   lj_vm.obj
 0001:00000862       _lj_BC_KPRI                10001862 f   lj_vm.obj
 0001:00000879       _lj_BC_KNIL                10001879 f   lj_vm.obj
 0001:000008a3       _lj_BC_UGET                100018a3 f   lj_vm.obj
 0001:000008cb       _lj_BC_USETV               100018cb f   lj_vm.obj
 0001:0000091e       _lj_BC_USETS               1000191e f   lj_vm.obj
 0001:0000096c       _lj_BC_USETN               1000196c f   lj_vm.obj
 0001:0000098c       _lj_BC_USETP               1000198c f   lj_vm.obj
 0001:000009ac       _lj_BC_UCLO                100019ac f   lj_vm.obj
 0001:000009de       _lj_BC_FNEW                100019de f   lj_vm.obj
 0001:00000a24       _lj_BC_TNEW                10001a24 f   lj_vm.obj
 0001:00000a95       _lj_BC_TDUP                10001a95 f   lj_vm.obj
 0001:00000aec       _lj_BC_GGET                10001aec f   lj_vm.obj
 0001:00000afc       _lj_BC_GSET                10001afc f   lj_vm.obj
 0001:00000b0c       _lj_BC_TGETV               10001b0c f   lj_vm.obj
 0001:00000ba0       _lj_BC_TGETS               10001ba0 f   lj_vm.obj
 0001:00000c1e       _lj_BC_TGETB               10001c1e f   lj_vm.obj
 0001:00000c85       _lj_BC_TSETV               10001c85 f   lj_vm.obj
 0001:00000d30       _lj_BC_TSETS               10001d30 f   lj_vm.obj
 0001:00000e1f       _lj_BC_TSETB               10001e1f f   lj_vm.obj
 0001:00000e9d       _lj_BC_TSETM               10001e9d f   lj_vm.obj
 0001:00000f2b       _lj_BC_CALLM               10001f2b f   lj_vm.obj
 0001:00000f58       _lj_BC_CALL                10001f58 f   lj_vm.obj
 0001:00000f81       _lj_BC_CALLMT              10001f81 f   lj_vm.obj
 0001:00000f85       _lj_BC_CALLT               10001f85 f   lj_vm.obj
 0001:00001017       _lj_BC_ITERC               10002017 f   lj_vm.obj
 0001:00001062       _lj_BC_ITERN               10002062 f   lj_vm.obj
 0001:0000110c       _lj_BC_VARG                1000210c f   lj_vm.obj
 0001:000011c8       _lj_BC_ISNEXT              100021c8 f   lj_vm.obj
 0001:0000121f       _lj_BC_RETM                1000221f f   lj_vm.obj
 0001:00001223       _lj_BC_RET                 10002223 f   lj_vm.obj
 0001:000012a4       _lj_BC_RET0                100022a4 f   lj_vm.obj
 0001:000012fb       _lj_BC_RET1                100022fb f   lj_vm.obj
 0001:00001364       _lj_BC_FORI                10002364 f   lj_vm.obj
 0001:000013b1       _lj_BC_JFORI               100023b1 f   lj_vm.obj
 0001:00001406       _lj_BC_FORL                10002406 f   lj_vm.obj
 0001:00001419       _lj_BC_IFORL               10002419 f   lj_vm.obj
 0001:00001450       _lj_BC_JFORL               10002450 f   lj_vm.obj
 0001:00001484       _lj_BC_ITERL               10002484 f   lj_vm.obj
 0001:00001497       _lj_BC_IITERL              10002497 f   lj_vm.obj
 0001:000014c2       _lj_BC_JITERL              100024c2 f   lj_vm.obj
 0001:000014e8       _lj_BC_LOOP                100024e8 f   lj_vm.obj
 0001:000014fb       _lj_BC_ILOOP               100024fb f   lj_vm.obj
 0001:0000150c       _lj_BC_JLOOP               1000250c f   lj_vm.obj
 0001:0000152a       _lj_BC_JMP                 1000252a f   lj_vm.obj
 0001:00001542       _lj_BC_FUNCF               10002542 f   lj_vm.obj
 0001:00001555       _lj_BC_IFUNCF              10002555 f   lj_vm.obj
 0001:00001592       _lj_BC_JFUNCF              10002592 f   lj_vm.obj
 0001:000015c7       _lj_BC_IFUNCV              100025c7 f   lj_vm.obj
 0001:000015c7       _lj_BC_FUNCV               100025c7 f   lj_vm.obj
 0001:0000163c       _lj_BC_JFUNCV              1000263c f   lj_vm.obj
 0001:0000163d       _lj_BC_FUNCC               1000263d f   lj_vm.obj
 0001:00001689       _lj_BC_FUNCCW              10002689 f   lj_vm.obj
 0001:000016dd       _lj_vm_returnp             100026dd f   lj_vm.obj
 0001:000016fd       _lj_vm_returnc             100026fd f   lj_vm.obj
 0001:00001716       _lj_vm_return              10002716 f   lj_vm.obj
 0001:00001765       _lj_vm_leave_cp            10002765 f   lj_vm.obj
 0001:0000176e       _lj_vm_leave_unw           1000276e f   lj_vm.obj
 0001:000017ac       _lj_vm_unwind_yield        100027ac f   lj_vm.obj
 0001:000017b0       @lj_vm_unwind_c@8          100027b0 f   lj_vm.obj
 0001:000017b4       _lj_vm_unwind_c_eh         100027b4 f   lj_vm.obj
 0001:000017c7       @lj_vm_unwind_ff@4         100027c7 f   lj_vm.obj
 0001:000017c7       _lj_vm_unwind_rethrow      100027c7 f   lj_vm.obj
 0001:000017cc       _lj_vm_unwind_ff_eh        100027cc f   lj_vm.obj
 0001:000017ff       _lj_vm_growstack_c         100027ff f   lj_vm.obj
 0001:00001806       _lj_vm_growstack_v         10002806 f   lj_vm.obj
 0001:0000180b       _lj_vm_growstack_f         1000280b f   lj_vm.obj
 0001:0000184b       _lj_vm_resume              1000284b f   lj_vm.obj
 0001:000018b3       _lj_vm_pcall               100028b3 f   lj_vm.obj
 0001:000018c1       _lj_vm_call                100028c1 f   lj_vm.obj
 0001:00001908       _lj_vm_call_dispatch       10002908 f   lj_vm.obj
 0001:00001915       _lj_vm_call_dispatch_f     10002915 f   lj_vm.obj
 0001:0000192b       _lj_vm_cpcall              1000292b f   lj_vm.obj
 0001:00001983       _lj_cont_dispatch          10002983 f   lj_vm.obj
 0001:000019bf       _lj_cont_cat               100029bf f   lj_vm.obj
 0001:000019ee       _lj_vmeta_tgets            100029ee f   lj_vm.obj
 0001:00001a17       _lj_vmeta_tgetb            10002a17 f   lj_vm.obj
 0001:00001a2d       _lj_vmeta_tgetv            10002a2d f   lj_vm.obj
 0001:00001a5d       _lj_cont_ra                10002a5d f   lj_vm.obj
 0001:00001a96       _lj_vmeta_tsets            10002a96 f   lj_vm.obj
 0001:00001abf       _lj_vmeta_tsetb            10002abf f   lj_vm.obj
 0001:00001ad5       _lj_vmeta_tsetv            10002ad5 f   lj_vm.obj
 0001:00001b15       _lj_cont_nop               10002b15 f   lj_vm.obj
 0001:00001b4f       _lj_vmeta_comp             10002b4f f   lj_vm.obj
 0001:00001ba5       _lj_cont_condt             10002ba5 f   lj_vm.obj
 0001:00001bb0       _lj_cont_condf             10002bb0 f   lj_vm.obj
 0001:00001bb6       _lj_vmeta_equal            10002bb6 f   lj_vm.obj
 0001:00001bda       _lj_vmeta_equal_cd         10002bda f   lj_vm.obj
 0001:00001bf4       _lj_vmeta_arith_vno        10002bf4 f   lj_vm.obj
 0001:00001bf4       _lj_vmeta_arith_vn         10002bf4 f   lj_vm.obj
 0001:00001bf9       _lj_vmeta_arith_nv         10002bf9 f   lj_vm.obj
 0001:00001bf9       _lj_vmeta_arith_nvo        10002bf9 f   lj_vm.obj
 0001:00001c02       _lj_vmeta_unm              10002c02 f   lj_vm.obj
 0001:00001c09       _lj_vmeta_arith_vvo        10002c09 f   lj_vm.obj
 0001:00001c09       _lj_vmeta_arith_vv         10002c09 f   lj_vm.obj
 0001:00001c44       _lj_vmeta_binop            10002c44 f   lj_vm.obj
 0001:00001c58       _lj_vmeta_len              10002c58 f   lj_vm.obj
 0001:00001c72       _lj_vmeta_call_ra          10002c72 f   lj_vm.obj
 0001:00001c76       _lj_vmeta_call             10002c76 f   lj_vm.obj
 0001:00001cce       _lj_vmeta_for              10002cce f   lj_vm.obj
 0001:00001cf8       _lj_ff_assert              10002cf8 f   lj_vm.obj
 0001:00001d3f       _lj_ff_type                10002d3f f   lj_vm.obj
 0001:00001d70       _lj_ff_getmetatable        10002d70 f   lj_vm.obj
 0001:00001dfe       _lj_ff_setmetatable        10002dfe f   lj_vm.obj
 0001:00001e58       _lj_ff_rawget              10002e58 f   lj_vm.obj
 0001:00001e9b       _lj_ff_tonumber            10002e9b f   lj_vm.obj
 0001:00001eb5       _lj_ff_tostring            10002eb5 f   lj_vm.obj
 0001:00001f19       _lj_ff_next                10002f19 f   lj_vm.obj
 0001:00001f72       _lj_fff_res2               10002f72 f   lj_vm.obj
 0001:00001f91       _lj_ff_pairs               10002f91 f   lj_vm.obj
 0001:00001fca       _lj_ff_ipairs_aux          10002fca f   lj_vm.obj
 0001:00002033       _lj_fff_res0               10003033 f   lj_vm.obj
 0001:0000203d       _lj_ff_ipairs              1000303d f   lj_vm.obj
 0001:00002074       _lj_ff_pcall               10003074 f   lj_vm.obj
 0001:0000209c       _lj_ff_xpcall              1000309c f   lj_vm.obj
 0001:000020d3       _lj_ff_coroutine_resume    100030d3 f   lj_vm.obj
 0001:0000220f       _lj_ff_coroutine_wrap_aux  1000320f f   lj_vm.obj
 0001:00002314       _lj_ff_coroutine_yield     10003314 f   lj_vm.obj
 0001:0000233e       _lj_ff_math_abs            1000333e f   lj_vm.obj
 0001:0000233e       _lj_fff_resi               1000333e f   lj_vm.obj
 0001:00002355       _lj_fff_resn               10003355 f   lj_vm.obj
 0001:00002355       _lj_fff_resxmm0            10003355 f   lj_vm.obj
 0001:0000235b       _lj_fff_res1               1000335b f   lj_vm.obj
 0001:00002360       _lj_fff_res                10003360 f   lj_vm.obj
 0001:00002364       _lj_fff_res_               10003364 f   lj_vm.obj
 0001:000023a2       _lj_ff_math_floor          100033a2 f   lj_vm.obj
 0001:000023b5       _lj_ff_math_ceil           100033b5 f   lj_vm.obj
 0001:000023c8       _lj_ff_math_sqrt           100033c8 f   lj_vm.obj
 0001:000023e4       _lj_ff_math_log            100033e4 f   lj_vm.obj
 0001:00002402       _lj_ff_math_log10          10003402 f   lj_vm.obj
 0001:00002420       _lj_ff_math_exp            10003420 f   lj_vm.obj
 0001:0000243f       _lj_ff_math_sin            1000343f f   lj_vm.obj
 0001:0000245b       _lj_ff_math_cos            1000345b f   lj_vm.obj
 0001:00002477       _lj_ff_math_tan            10003477 f   lj_vm.obj
 0001:00002495       _lj_ff_math_asin           10003495 f   lj_vm.obj
 0001:000024bb       _lj_ff_math_acos           100034bb f   lj_vm.obj
 0001:000024e3       _lj_ff_math_atan           100034e3 f   lj_vm.obj
 0001:00002501       _lj_ff_math_sinh           10003501 f   lj_vm.obj
 0001:00002527       _lj_ff_math_cosh           10003527 f   lj_vm.obj
 0001:0000254d       _lj_ff_math_tanh           1000354d f   lj_vm.obj
 0001:00002573       _lj_ff_math_deg            10003573 f   lj_vm.obj
 0001:00002573       _lj_ff_math_rad            10003573 f   lj_vm.obj
 0001:00002593       _lj_ff_math_atan2          10003593 f   lj_vm.obj
 0001:000025bc       _lj_ff_math_ldexp          100035bc f   lj_vm.obj
 0001:000025e7       _lj_ff_math_frexp          100035e7 f   lj_vm.obj
 0001:0000266e       _lj_ff_math_modf           1000366e f   lj_vm.obj
 0001:000026c6       _lj_ff_math_fmod           100036c6 f   lj_vm.obj
 0001:000026f6       _lj_ff_math_pow            100036f6 f   lj_vm.obj
 0001:00002722       _lj_ff_math_min            10003722 f   lj_vm.obj
 0001:00002751       _lj_ff_math_max            10003751 f   lj_vm.obj
 0001:00002787       _lj_ff_string_len          10003787 f   lj_vm.obj
 0001:000027a4       _lj_ff_string_byte         100037a4 f   lj_vm.obj
 0001:000027d7       _lj_ff_string_char         100037d7 f   lj_vm.obj
 0001:0000281d       _lj_fff_newstr             1000381d f   lj_vm.obj
 0001:00002849       _lj_ff_string_sub          10003849 f   lj_vm.obj
 0001:000028ea       _lj_fff_emptystr           100038ea f   lj_vm.obj
 0001:000028ee       _lj_ff_string_rep          100038ee f   lj_vm.obj
 0001:0000296b       _lj_ff_string_reverse      1000396b f   lj_vm.obj
 0001:000029d5       _lj_ff_string_lower        100039d5 f   lj_vm.obj
 0001:00002a44       _lj_ff_string_upper        10003a44 f   lj_vm.obj
 0001:00002ab3       _lj_ff_table_getn          10003ab3 f   lj_vm.obj
 0001:00002adc       _lj_ff_bit_tobit           10003adc f   lj_vm.obj
 0001:00002b08       _lj_ff_bit_band            10003b08 f   lj_vm.obj
 0001:00002b5a       _lj_ff_bit_bor             10003b5a f   lj_vm.obj
 0001:00002bac       _lj_ff_bit_bxor            10003bac f   lj_vm.obj
 0001:00002bf6       _lj_ff_bit_bswap           10003bf6 f   lj_vm.obj
 0001:00002c21       _lj_ff_bit_bnot            10003c21 f   lj_vm.obj
 0001:00002c4a       _lj_fff_resbit             10003c4a f   lj_vm.obj
 0001:00002c55       _lj_fff_fallback_bit_op    10003c55 f   lj_vm.obj
 0001:00002c5e       _lj_ff_bit_lshift          10003c5e f   lj_vm.obj
 0001:00002ca2       _lj_ff_bit_rshift          10003ca2 f   lj_vm.obj
 0001:00002ce9       _lj_ff_bit_arshift         10003ce9 f   lj_vm.obj
 0001:00002d30       _lj_ff_bit_rol             10003d30 f   lj_vm.obj
 0001:00002d77       _lj_ff_bit_ror             10003d77 f   lj_vm.obj
 0001:00002db2       _lj_fff_fallback_2         10003db2 f   lj_vm.obj
 0001:00002db9       _lj_fff_fallback_1         10003db9 f   lj_vm.obj
 0001:00002dbe       _lj_fff_fallback           10003dbe f   lj_vm.obj
 0001:00002e15       _lj_vm_call_tail           10003e15 f   lj_vm.obj
 0001:00002e4c       _lj_fff_gcstep             10003e4c f   lj_vm.obj
 0001:00002e7e       _lj_vm_record              10003e7e f   lj_vm.obj
 0001:00002e99       _lj_vm_rethook             10003e99 f   lj_vm.obj
 0001:00002ea6       _lj_vm_inshook             10003ea6 f   lj_vm.obj
 0001:00002ee7       _lj_cont_hook              10003ee7 f   lj_vm.obj
 0001:00002ef3       _lj_vm_hotloop             10003ef3 f   lj_vm.obj
 0001:00002f23       _lj_vm_callhook            10003f23 f   lj_vm.obj
 0001:00002f29       _lj_vm_hotcall             10003f29 f   lj_vm.obj
 0001:00002f6a       _lj_vm_exit_handler        10003f6a f   lj_vm.obj
 0001:0000300a       _lj_vm_exit_interp         1000400a f   lj_vm.obj
 0001:00003054       _lj_vm_floor               10004054 f   lj_vm.obj
 0001:0000307d       _lj_vm_floor_sse           1000407d f   lj_vm.obj
 0001:000030d4       _lj_vm_ceil                100040d4 f   lj_vm.obj
 0001:000030fd       _lj_vm_ceil_sse            100040fd f   lj_vm.obj
 0001:00003154       _lj_vm_trunc               10004154 f   lj_vm.obj
 0001:00003179       _lj_vm_trunc_sse           10004179 f   lj_vm.obj
 0001:000031d3       _lj_vm_mod                 100041d3 f   lj_vm.obj
 0001:000031fc       _lj_vm_log2                100041fc f   lj_vm.obj
 0001:00003205       _lj_vm_exp_x87             10004205 f   lj_vm.obj
 0001:00003209       _lj_vm_exp2_x87            10004209 f   lj_vm.obj
 0001:00003221       _lj_vm_exp2raw             10004221 f   lj_vm.obj
 0001:00003239       _lj_vm_pow                 10004239 f   lj_vm.obj
 0001:0000330a       _lj_vm_pow_sse             1000430a f   lj_vm.obj
 0001:00003322       _lj_vm_powi_sse            10004322 f   lj_vm.obj
 0001:0000345b       _lj_vm_foldfpm             1000445b f   lj_vm.obj
 0001:000034c5       _lj_vm_foldarith           100044c5 f   lj_vm.obj
 0001:00003532       _lj_vm_cpuid               10004532 f   lj_vm.obj
 0001:00003560       _lj_assert_bad_for_arg_type 10004560 f   lj_vm.obj
 0001:00003561       _lj_vm_ffi_callback        10004561 f   lj_vm.obj
 0001:000035d8       _lj_cont_ffi_callback      100045d8 f   lj_vm.obj
 0001:00003629       @lj_vm_ffi_call@4          10004629 f   lj_vm.obj
 0001:00003670       _fputc                     10004670 f   MSVCRT:MSVCR90.dll
 0001:00003676       _fflush                    10004676 f   MSVCRT:MSVCR90.dll
 0001:0000367c       _fwrite                    1000467c f   MSVCRT:MSVCR90.dll
 0001:00003682       _memcpy                    10004682 f   MSVCRT:MSVCR90.dll
 0001:00003688       _strlen                    10004688 f   MSVCRT:MSVCR90.dll
 0001:0000368e       _tanh                      1000468e f   MSVCRT:MSVCR90.dll
 0001:00003694       _sinh                      10004694 f   MSVCRT:MSVCR90.dll
 0001:0000369a       _memset                    1000469a f   MSVCRT:MSVCR90.dll
 0001:000036a0       _cosh                      100046a0 f   MSVCRT:MSVCR90.dll
 0001:000036f5       __CRT_INIT@12              100046f5 f   MSVCRT:crtdll.obj
 0001:00003a31       __DllMainCRTStartup@12     10004a31 f   MSVCRT:crtdll.obj
 0001:00003a54       ___clean_type_info_names   10004a54 f   MSVCRT:tncleanup.obj
 0001:00003a60       __onexit                   10004a60 f   MSVCRT:atonexit.obj
 0001:00003b05       _atexit                    10004b05 f   MSVCRT:atonexit.obj
 0001:00003b1c       __RTC_Initialize           10004b1c f   MSVCRT:_initsect_.obj
 0001:00003b42       __RTC_Terminate            10004b42 f   MSVCRT:_initsect_.obj
 0001:00003b70       __ValidateImageBase        10004b70 f   MSVCRT:pesect.obj
 0001:00003bb0       __FindPESection            10004bb0 f   MSVCRT:pesect.obj
 0001:00003c00       __IsNonwritableInCurrentImage 10004c00 f   MSVCRT:pesect.obj
 0001:00003cbe       __initterm                 10004cbe f   MSVCRT:MSVCR90.dll
 0001:00003cc4       __initterm_e               10004cc4 f   MSVCRT:MSVCR90.dll
 0001:00003cca       __amsg_exit                10004cca f   MSVCRT:MSVCR90.dll
 0001:00003cd0       ___CppXcptFilter           10004cd0 f   MSVCRT:MSVCR90.dll
 0001:00003cd6       _DllMain@12                10004cd6 f   MSVCRT:dllmain.obj
 0001:00003cfc       __SEH_prolog4              10004cfc f   MSVCRT:sehprolg4.obj
 0001:00003d41       __SEH_epilog4              10004d41 f   MSVCRT:sehprolg4.obj
 0001:00003d55       __except_handler4          10004d55 f   MSVCRT:chandler4gs.obj
 0001:00003d7a       ___security_init_cookie    10004d7a f   MSVCRT:gs_support.obj
 0001:00003e10       ___clean_type_info_names_internal 10004e10 f   MSVCRT:MSVCR90.dll
 0001:00003e16       __unlock                   10004e16 f   MSVCRT:MSVCR90.dll
 0001:00003e1c       ___dllonexit               10004e1c f   MSVCRT:MSVCR90.dll
 0001:00003e22       __lock                     10004e22 f   MSVCRT:MSVCR90.dll
 0001:00003e28       @__security_check_cookie@4 10004e28 f   MSVCRT:secchk.obj
 0001:00003e38       __except_handler4_common   10004e38 f   MSVCRT:MSVCR90.dll
 0001:00003e3e       ___report_gsfailure        10004e3e f   MSVCRT:gs_report.obj
 0001:00003f44       __crt_debugger_hook        10004f44 f   MSVCRT:MSVCR90.dll
 0001:00003f50       _lua_atpanic               10004f50 f   lj_err.obj
 0001:00004220       @lj_err_throw@8            10005220 f   lj_err.obj
 0001:00004260       _lj_err_mem                10005260 f   lj_err.obj
 0001:000042a0       _luaL_where                100052a0 f   lj_err.obj
 0001:000042f0       _lj_err_lex                100052f0 f   lj_err.obj
 0001:000043b0       _lj_err_comp               100053b0 f   lj_err.obj
 0001:00004400       _lj_err_optype             10005400 f   lj_err.obj
 0001:000044a0       _lj_err_msg                100054a0 f   lj_err.obj
 0001:000044c0       _lj_err_optype_call        100054c0 f   lj_err.obj
 0001:00004510       _lj_err_str                10005510 f   lj_err.obj
 0001:00004550       _lj_err_run                10005550 f   lj_err.obj
 0001:000045e0       _lua_error                 100055e0 f   lj_err.obj
 0001:000045f0       _lj_err_callermsg          100055f0 f   lj_err.obj
 0001:00004670       _luaL_error                10005670 f   lj_err.obj
 0001:00004720       _lj_err_caller             10005720 f   lj_err.obj
 0001:00004730       _lj_err_callerv            10005730 f   lj_err.obj
 0001:00004760       _luaL_argerror             10005760 f   lj_err.obj
 0001:00004780       _lj_err_argtype            10005780 f   lj_err.obj
 0001:000047e0       _lj_err_arg                100057e0 f   lj_err.obj
 0001:00004800       _lj_err_argv               10005800 f   lj_err.obj
 0001:00004830       _luaL_typerror             10005830 f   lj_err.obj
 0001:00004850       _lj_err_argt               10005850 f   lj_err.obj
 0001:000058a0       _lj_vm_errno               100068a0 f   lj_vmmath.obj
 0001:000058b0       @lj_vm_modi@8              100068b0 f   lj_vmmath.obj
 0001:000058e0       _lj_vm_tanh                100068e0 f   lj_vmmath.obj
 0001:000058f0       _lj_vm_cosh                100068f0 f   lj_vmmath.obj
 0001:00005900       _lj_vm_sinh                10006900 f   lj_vmmath.obj
 0001:00005910       _lj_vmevent_call           10006910 f   lj_vmevent.obj
 0001:00005a20       _lj_vmevent_prepare        10006a20 f   lj_vmevent.obj
 0001:00005af0       @lj_udata_free@8           10006af0 f   lj_udata.obj
 0001:00005b10       _lj_udata_new              10006b10 f   lj_udata.obj
 0001:00005ba0       _lj_trace_initstate        10006ba0 f   lj_trace.obj
 0001:00005c70       _lj_trace_reenableproto    10006c70 f   lj_trace.obj
 0001:00005fa0       @lj_trace_free@8           10006fa0 f   lj_trace.obj
 0001:00006040       _lj_trace_freestate        10007040 f   lj_trace.obj
 0001:000060f0       _lj_trace_flushproto       100070f0 f   lj_trace.obj
 0001:00006140       _lj_trace_flush            10007140 f   lj_trace.obj
 0001:00006170       _lj_trace_err_info         10007170 f   lj_trace.obj
 0001:00006190       _lj_trace_err              10007190 f   lj_trace.obj
 0001:00006530       _lj_trace_flushall         10007530 f   lj_trace.obj
 0001:00006d20       _lj_trace_ins              10007d20 f   lj_trace.obj
 0001:00006df0       @lj_trace_hot@8            10007df0 f   lj_trace.obj
 0001:00006e70       @lj_trace_exit@8           10007e70 f   lj_trace.obj
 0001:000072a0       _lj_tab_setinth            100082a0 f   lj_tab.obj
 0001:00007310       _lj_tab_getstr             10008310 f   lj_tab.obj
 0001:00007340       @lj_tab_getinth@8          10008340 f   lj_tab.obj
 0001:00007410       @lj_tab_free@8             10008410 f   lj_tab.obj
 0001:00007620       _lj_tab_get                10008620 f   lj_tab.obj
 0001:00007720       @lj_tab_len@4              10008720 f   lj_tab.obj
 0001:000078a0       _lj_tab_next               100088a0 f   lj_tab.obj
 0001:00007c90       _lj_tab_reasize            10008c90 f   lj_tab.obj
 0001:00007de0       @lj_tab_dup@8              10008de0 f   lj_tab.obj
 0001:00007eb0       @lj_tab_new1@8             10008eb0 f   lj_tab.obj
 0001:00007f10       _lj_tab_new                10008f10 f   lj_tab.obj
 0001:00007f70       _lj_tab_newkey             10008f70 f   lj_tab.obj
 0001:000080d0       _lj_tab_setstr             100090d0 f   lj_tab.obj
 0001:00008120       _lj_tab_set                10009120 f   lj_tab.obj
 0001:00008ba0       _lj_strscan_scan           10009ba0 f   lj_strscan.obj
 0001:00009070       @lj_strscan_num@8          1000a070 f   lj_strscan.obj
 0001:00009090       @lj_str_bufint@8           1000a090 f   lj_str.obj
 0001:000090d0       @lj_str_bufnum@8           1000a0d0 f   lj_str.obj
 0001:000091a0       @lj_str_cmp@8              1000a1a0 f   lj_str.obj
 0001:00009240       @lj_str_free@8             1000a240 f   lj_str.obj
 0001:00009270       _lj_str_needbuf            1000a270 f   lj_str.obj
 0001:00009350       _lj_str_resize             1000a350 f   lj_str.obj
 0001:00009400       _lj_str_pushvf             1000a400 f   lj_str.obj
 0001:000096e0       _lj_str_pushf              1000a6e0 f   lj_str.obj
 0001:00009700       _lj_str_new                1000a700 f   lj_str.obj
 0001:00009930       @lj_str_fromint@8          1000a930 f   lj_str.obj
 0001:00009960       @lj_str_fromnum@8          1000a960 f   lj_str.obj
 0001:00009990       @lj_str_fromnumber@8       1000a990 f   lj_str.obj
 0001:00009a60       _lj_state_shrinkstack      1000aa60 f   lj_state.obj
 0001:00009aa0       _lj_state_relimitstack     1000aaa0 f   lj_state.obj
 0001:00009af0       @lj_state_free@8           1000aaf0 f   lj_state.obj
 0001:00009b40       @lj_state_growstack@8      1000ab40 f   lj_state.obj
 0001:00009c50       @lj_state_growstack1@4     1000ac50 f   lj_state.obj
 0001:00009cb0       _lj_state_new              1000acb0 f   lj_state.obj
 0001:00009d70       _lua_newstate              1000ad70 f   lj_state.obj
 0001:00009e80       _lua_close                 1000ae80 f   lj_state.obj
 0001:0000a3c0       _lj_snap_regspmap          1000b3c0 f   lj_snap.obj
 0001:0000a810       _lj_snap_shrink            1000b810 f   lj_snap.obj
 0001:0000a8f0       _lj_snap_purge             1000b8f0 f   lj_snap.obj
 0001:0000a930       _lj_snap_grow_map_         1000b930 f   lj_snap.obj
 0001:0000aa50       _lj_snap_grow_buf_         1000ba50 f   lj_snap.obj
 0001:0000ac00       _lj_snap_add               1000bc00 f   lj_snap.obj
 0001:0000adc0       _lj_snap_replay            1000bdc0 f   lj_snap.obj
 0001:0000b880       _lj_snap_restore           1000c880 f   lj_snap.obj
 0001:0000c890       _lj_record_objcmp          1000d890 f   lj_record.obj
 0001:0000d450       _lj_record_constify        1000e450 f   lj_record.obj
 0001:0000d810       _lj_record_idx             1000e810 f   lj_record.obj
 0001:0000dd90       _lj_record_mm_lookup       1000ed90 f   lj_record.obj
 0001:0000e020       _lj_record_ret             1000f020 f   lj_record.obj
 0001:0000e6f0       _lj_record_tailcall        1000f6f0 f   lj_record.obj
 0001:0000e780       _lj_record_call            1000f780 f   lj_record.obj
 0001:0000e8f0       _lj_record_setup           1000f8f0 f   lj_record.obj
 0001:0000f230       _lj_record_ins             10010230 f   lj_record.obj
 0001:00011520       _lj_parse_keepcdata        10012520 f   lj_parse.obj
 0001:00011b30       _lj_parse_keepstr          10012b30 f   lj_parse.obj
 0001:000144f0       _lj_parse                  100154f0 f   lj_parse.obj
 0001:00014b60       _lj_opt_sink               10015b60 f   lj_opt_sink.obj
 0001:00015030       _lj_opt_narrow_forl        10016030 f   lj_opt_narrow.obj
 0001:000150a0       _lj_opt_narrow_pow         100160a0 f   lj_opt_narrow.obj
 0001:000152f0       _lj_opt_narrow_mod         100162f0 f   lj_opt_narrow.obj
 0001:00015410       _lj_opt_narrow_unm         10016410 f   lj_opt_narrow.obj
 0001:000154f0       _lj_opt_narrow_arith       100164f0 f   lj_opt_narrow.obj
 0001:00015650       @lj_opt_narrow_index@8     10016650 f   lj_opt_narrow.obj
 0001:00015980       @lj_opt_narrow_cindex@8    10016980 f   lj_opt_narrow.obj
 0001:000159d0       @lj_opt_narrow_tobit@8     100169d0 f   lj_opt_narrow.obj
 0001:00015a70       @lj_opt_narrow_toint@8     10016a70 f   lj_opt_narrow.obj
 0001:00015b00       @lj_opt_narrow_convert@4   10016b00 f   lj_opt_narrow.obj
 0001:00015b90       _lj_opt_fwd_wasnonnil      10016b90 f   lj_opt_mem.obj
 0001:00016050       @lj_opt_fwd_tptr@8         10017050 f   lj_opt_mem.obj
 0001:00016240       @lj_opt_fwd_href_nokey@4   10017240 f   lj_opt_mem.obj
 0001:000162c0       @lj_opt_dse_xstore@4       100172c0 f   lj_opt_mem.obj
 0001:000163e0       @lj_opt_dse_fstore@4       100173e0 f   lj_opt_mem.obj
 0001:00016500       @lj_opt_dse_ustore@4       10017500 f   lj_opt_mem.obj
 0001:00016660       @lj_opt_dse_ahstore@4      10017660 f   lj_opt_mem.obj
 0001:00016770       @lj_opt_fwd_tab_len@4      10017770 f   lj_opt_mem.obj
 0001:00016940       @lj_opt_fwd_fload@4        10017940 f   lj_opt_mem.obj
 0001:000169e0       @lj_opt_fwd_uload@4        100179e0 f   lj_opt_mem.obj
 0001:00016a50       @lj_opt_fwd_hrefk@4        10017a50 f   lj_opt_mem.obj
 0001:00016ad0       @lj_opt_fwd_xload@4        10017ad0 f   lj_opt_mem.obj
 0001:00016ea0       @lj_opt_fwd_hload@4        10017ea0 f   lj_opt_mem.obj
 0001:00016f70       @lj_opt_fwd_aload@4        10017f70 f   lj_opt_mem.obj
 0001:000178e0       _lj_opt_loop               100188e0 f   lj_opt_loop.obj
 0001:00018b50       @lj_opt_cselim@8           10019b50 f   lj_opt_fold.obj
 0001:00018b90       @lj_opt_cse@4              10019b90 f   lj_opt_fold.obj
 0001:00018ed0       @lj_opt_fold@4             10019ed0 f   lj_opt_fold.obj
 0001:0001a630       _lj_opt_dce                1001b630 f   lj_opt_dce.obj
 0001:0001a660       _lj_obj_equal              1001b660 f   lj_obj.obj
 0001:0001a770       _lj_meta_tailcall          1001b770 f   lj_meta.obj
 0001:0001a7b0       _lj_meta_lookup            1001b7b0 f   lj_meta.obj
 0001:0001a810       _lj_meta_cache             1001b810 f   lj_meta.obj
 0001:0001a840       @lj_meta_equal_cd@8        1001b840 f   lj_meta.obj
 0001:0001a910       _lj_meta_equal             1001b910 f   lj_meta.obj
 0001:0001aa60       @lj_meta_for@8             1001ba60 f   lj_meta.obj
 0001:0001aaf0       _lj_meta_comp              1001baf0 f   lj_meta.obj
 0001:0001ac80       @lj_meta_len@8             1001bc80 f   lj_meta.obj
 0001:0001acc0       _lj_meta_arith             1001bcc0 f   lj_meta.obj
 0001:0001ad90       _lj_meta_tget              1001bd90 f   lj_meta.obj
 0001:0001ae70       _lj_meta_init              1001be70 f   lj_meta.obj
 0001:0001aec0       _lj_meta_call              1001bec0 f   lj_meta.obj
 0001:0001af40       _lj_meta_tset              1001bf40 f   lj_meta.obj
 0001:0001b0e0       _lj_meta_cat               1001c0e0 f   lj_meta.obj
 0001:0001b390       _lj_mcode_sync             1001c390 f   lj_mcode.obj
 0001:0001b3a0       _lj_mcode_free             1001c3a0 f   lj_mcode.obj
 0001:0001b400       _lj_mcode_patch            1001c400 f   lj_mcode.obj
 0001:0001b490       _lj_mcode_abort            1001c490 f   lj_mcode.obj
 0001:0001b4a0       _lj_mcode_commit           1001c4a0 f   lj_mcode.obj
 0001:0001b550       _lj_mcode_limiterr         1001c550 f   lj_mcode.obj
 0001:0001b5b0       _lj_mcode_reserve          1001c5b0 f   lj_mcode.obj
 0001:0001b6b0       _lua_dump                  1001c6b0 f   lj_load.obj
 0001:0001b7a0       _lua_loadx                 1001c7a0 f   lj_load.obj
 0001:0001b820       _luaL_loadbufferx          1001c820 f   lj_load.obj
 0001:0001b860       _luaL_loadfilex            1001c860 f   lj_load.obj
 0001:0001b9a0       _lua_load                  1001c9a0 f   lj_load.obj
 0001:0001b9c0       _luaL_loadbuffer           1001c9c0 f   lj_load.obj
 0001:0001b9e0       _luaL_loadfile             1001c9e0 f   lj_load.obj
 0001:0001ba00       _luaL_loadstring           1001ca00 f   lj_load.obj
 0001:0001baf0       _lj_lib_checktabornil      1001caf0 f   lj_lib.obj
 0001:0001bb20       _lj_lib_checkany           1001cb20 f   lj_lib.obj
 0001:0001bb40       _lj_lib_checktab           1001cb40 f   lj_lib.obj
 0001:0001bb70       _lj_lib_checkfunc          1001cb70 f   lj_lib.obj
 0001:0001bba0       _lj_lib_checkbit           1001cba0 f   lj_lib.obj
 0001:0001bc00       _lj_lib_checkint           1001cc00 f   lj_lib.obj
 0001:0001bc60       _lj_lib_checknum           1001cc60 f   lj_lib.obj
 0001:0001bca0       _lj_lib_checkstr           1001cca0 f   lj_lib.obj
 0001:0001bcf0       _lj_lib_optint             1001ccf0 f   lj_lib.obj
 0001:0001bd10       _lj_lib_optstr             1001cd10 f   lj_lib.obj
 0001:0001bd30       _lj_lib_checkopt           1001cd30 f   lj_lib.obj
 0001:0001bec0       _lj_lib_register           1001cec0 f   lj_lib.obj
 0001:0001c1d0       _lj_lex_cleanup            1001d1d0 f   lj_lex.obj
 0001:0001c2e0       _lj_lex_token2str          1001d2e0 f   lj_lex.obj
 0001:0001c3d0       _lj_lex_error              1001d3d0 f   lj_lex.obj
 0001:0001c4d0       _lj_lex_init               1001d4d0 f   lj_lex.obj
 0001:0001c510       _lj_lex_setup              1001d510 f   lj_lex.obj
 0001:0001d5a0       _lj_lex_lookahead          1001e5a0 f   lj_lex.obj
 0001:0001d5c0       _lj_lex_next               1001e5c0 f   lj_lex.obj
 0001:0001d600       _lj_ir_rollback            1001e600 f   lj_ir.obj
 0001:0001d640       _lj_ir_strcmp              1001e640 f   lj_ir.obj
 0001:0001d690       _lj_ir_numcmp              1001e690 f   lj_ir.obj
 0001:0001d8a0       _lj_ir_k64_freeall         1001e8a0 f   lj_ir.obj
 0001:0001d8f0       _lj_ir_k64_find            1001e8f0 f   lj_ir.obj
 0001:0001daa0       @lj_ir_growtop@4           1001eaa0 f   lj_ir.obj
 0001:0001db70       _lj_ir_kvalue              1001eb70 f   lj_ir.obj
 0001:0001dc40       @lj_ir_emit@4              1001ec40 f   lj_ir.obj
 0001:0001dca0       _lj_ir_kslot               1001eca0 f   lj_ir.obj
 0001:0001dd20       _lj_ir_knull               1001ed20 f   lj_ir.obj
 0001:0001dd90       _lj_ir_kptr_               1001ed90 f   lj_ir.obj
 0001:0001de10       _lj_ir_kgc                 1001ee10 f   lj_ir.obj
 0001:0001de90       _lj_ir_k64                 1001ee90 f   lj_ir.obj
 0001:0001df20       @lj_ir_kint@8              1001ef20 f   lj_ir.obj
 0001:0001dfa0       @lj_ir_tostr@8             1001efa0 f   lj_ir.obj
 0001:0001dff0       @lj_ir_tonum@8             1001eff0 f   lj_ir.obj
 0001:0001e060       @lj_ir_tonumber@8          1001f060 f   lj_ir.obj
 0001:0001e0b0       _lj_ir_kint64              1001f0b0 f   lj_ir.obj
 0001:0001e0e0       _lj_ir_knum_u64            1001f0e0 f   lj_ir.obj
 0001:0001e110       _lj_ir_call                1001f110 f   lj_ir.obj
 0001:0001e1d0       _lj_ir_knumint             1001f1d0 f   lj_ir.obj
 0001:0001e3e0       _lj_gc_barriertrace        1001f3e0 f   lj_gc.obj
 0001:0001e400       @lj_gc_barrieruv@8         1001f400 f   lj_gc.obj
 0001:0001e430       _lj_gc_barrierf            1001f430 f   lj_gc.obj
 0001:0001e460       _lj_gc_freeall             1001f460 f   lj_gc.obj
 0001:0001e8d0       _lj_gc_separateudata       1001f8d0 f   lj_gc.obj
 0001:0001ea50       _lj_gc_closeuv             1001fa50 f   lj_gc.obj
 0001:0001ede0       @lj_mem_newgco@8           1001fde0 f   lj_gc.obj
 0001:0001ee20       _lj_mem_realloc            1001fe20 f   lj_gc.obj
 0001:0001ee60       _lj_gc_finalize_cdata      1001fe60 f   lj_gc.obj
 0001:0001ef00       _lj_mem_grow               1001ff00 f   lj_gc.obj
 0001:0001f1e0       _lj_gc_finalize_udata      100201e0 f   lj_gc.obj
 0001:0001f210       _lj_gc_fullgc              10020210 f   lj_gc.obj
 0001:0001f290       @lj_gc_step@4              10020290 f   lj_gc.obj
 0001:0001f340       @lj_gc_step_jit@8          10020340 f   lj_gc.obj
 0001:0001f3a0       @lj_gc_step_fixtop@4       100203a0 f   lj_gc.obj
 0001:0001f400       @lj_func_free@8            10020400 f   lj_func.obj
 0001:0001f440       @lj_func_freeuv@8          10020440 f   lj_func.obj
 0001:0001f470       @lj_func_freeproto@8       10020470 f   lj_func.obj
 0001:0001f490       @lj_func_closeuv@8         10020490 f   lj_func.obj
 0001:0001f520       _lj_func_newC              10020520 f   lj_func.obj
 0001:0001f610       _lj_func_newL_empty        10020610 f   lj_func.obj
 0001:0001f670       _lj_func_newL_gc           10020670 f   lj_func.obj
 0001:00020130       _lj_ffrecord_select_mode   10021130 f   lj_ffrecord.obj
 0001:000206f0       _lj_ffrecord_func          100216f0 f   lj_ffrecord.obj
 0001:00021500       _lua_gethookcount          10022500 f   lj_dispatch.obj
 0001:00021510       _lua_gethookmask           10022510 f   lj_dispatch.obj
 0001:00021530       _lua_gethook               10022530 f   lj_dispatch.obj
 0001:00021540       _luaJIT_version_2_0_1      10022540 f   lj_dispatch.obj
 0001:00021550       _lj_dispatch_init_hotcount 10022550 f   lj_dispatch.obj
 0001:00021580       _lj_dispatch_init          10022580 f   lj_dispatch.obj
 0001:00021660       _lj_dispatch_update        10022660 f   lj_dispatch.obj
 0001:00021840       _lua_sethook               10022840 f   lj_dispatch.obj
 0001:00021a40       _luaJIT_setmode            10022a40 f   lj_dispatch.obj
 0001:00021c30       @lj_dispatch_ins@8         10022c30 f   lj_dispatch.obj
 0001:00021da0       @lj_dispatch_call@8        10022da0 f   lj_dispatch.obj
 0001:00021ec0       _lj_debug_shortname        10022ec0 f   lj_debug.obj
 0001:00021fd0       _lj_debug_uvname           10022fd0 f   lj_debug.obj
 0001:00022020       @lj_debug_line@8           10023020 f   lj_debug.obj
 0001:00022140       _lj_debug_frame            10023140 f   lj_debug.obj
 0001:000221e0       _lua_getstack              100231e0 f   lj_debug.obj
 0001:00022230       _lj_debug_uvnamev          10023230 f   lj_debug.obj
 0001:00022350       _lj_debug_slotname         10023350 f   lj_debug.obj
 0001:000225d0       _lua_setlocal              100235d0 f   lj_debug.obj
 0001:00022620       _lj_debug_funcname         10023620 f   lj_debug.obj
 0001:000226f0       _lua_getlocal              100236f0 f   lj_debug.obj
 0001:00022780       _lj_debug_pushloc          10023780 f   lj_debug.obj
 0001:00022840       _lj_debug_addloc           10023840 f   lj_debug.obj
 0001:000228b0       _lj_debug_getinfo          100238b0 f   lj_debug.obj
 0001:00022bb0       _lua_getinfo               10023bb0 f   lj_debug.obj
 0001:00022bd0       _luaL_traceback            10023bd0 f   lj_debug.obj
 0001:00022f90       _lj_ctype_freestate        10023f90 f   lj_ctype.obj
 0001:00023040       _lj_ctype_addname          10024040 f   lj_ctype.obj
 0001:00023150       _lj_ctype_meta             10024150 f   lj_ctype.obj
 0001:00023200       _lj_ctype_info             10024200 f   lj_ctype.obj
 0001:000232a0       _lj_ctype_getname          100242a0 f   lj_ctype.obj
 0001:00023790       _lj_ctype_rawref           10024790 f   lj_ctype.obj
 0001:000237e0       _lj_ctype_getfieldq        100247e0 f   lj_ctype.obj
 0001:00023950       _lj_ctype_vlsize           10024950 f   lj_ctype.obj
 0001:00023a30       _lj_ctype_size             10024a30 f   lj_ctype.obj
 0001:00023a90       _lj_ctype_init             10024a90 f   lj_ctype.obj
 0001:00023ba0       _lj_ctype_repr_complex     10024ba0 f   lj_ctype.obj
 0001:00023c30       _lj_ctype_repr_int64       10024c30 f   lj_ctype.obj
 0001:00023cc0       _lj_ctype_repr             10024cc0 f   lj_ctype.obj
 0001:00023d40       _lj_ctype_intern           10024d40 f   lj_ctype.obj
 0001:00023e20       _lj_ctype_new              10024e20 f   lj_ctype.obj
 0001:000243f0       @recff_ffi_abi@8           100253f0 f   lj_crecord.obj
 0001:00024460       @recff_ffi_errno@8         10025460 f   lj_crecord.obj
 0001:00024a50       @recff_ffi_gc@8            10025a50 f   lj_crecord.obj
 0001:00025420       @recff_cdata_arith@8       10026420 f   lj_crecord.obj
 0001:00026530       @lj_crecord_tonumber@8     10027530 f   lj_crecord.obj
 0001:00026600       @recff_clib_index@8        10027600 f   lj_crecord.obj
 0001:00026f80       @recff_cdata_index@8       10027f80 f   lj_crecord.obj
 0001:00027620       @recff_ffi_fill@8          10028620 f   lj_crecord.obj
 0001:00027750       @recff_ffi_copy@8          10028750 f   lj_crecord.obj
 0001:00027860       @recff_ffi_string@8        10028860 f   lj_crecord.obj
 0001:00027c80       @recff_cdata_call@8        10028c80 f   lj_crecord.obj
 0001:00027e90       @recff_ffi_xof@8           10028e90 f   lj_crecord.obj
 0001:00027f60       @recff_ffi_istype@8        10028f60 f   lj_crecord.obj
 0001:00027fd0       @recff_ffi_typeof@8        10028fd0 f   lj_crecord.obj
 0001:00028050       @recff_ffi_new@8           10029050 f   lj_crecord.obj
 0001:0002bce0       _lj_cparse                 1002cce0 f   lj_cparse.obj
 0001:0002bf00       _lj_clib_unload            1002cf00 f   lj_clib.obj
 0001:0002c0c0       _lj_clib_default           1002d0c0 f   lj_clib.obj
 0001:0002c140       _lj_clib_index             1002d140 f   lj_clib.obj
 0001:0002c340       _lj_clib_load              1002d340 f   lj_clib.obj
 0001:0002c4f0       @lj_cdata_free@8           1002d4f0 f   lj_cdata.obj
 0001:0002c5c0       _lj_cdata_newv             1002d5c0 f   lj_cdata.obj
 0001:0002c670       _lj_cdata_newref           1002d670 f   lj_cdata.obj
 0001:0002c6b0       @lj_cdata_setfin@8         1002d6b0 f   lj_cdata.obj
 0001:0002c720       _lj_cdata_index            1002d720 f   lj_cdata.obj
 0001:0002caf0       _lj_cdata_set              1002daf0 f   lj_cdata.obj
 0001:0002cbd0       _lj_cdata_get              1002dbd0 f   lj_cdata.obj
 0001:0002cd60       _lj_cconv_multi_init       1002dd60 f   lj_cconv.obj
 0001:0002cea0       _lj_cconv_compatptr        1002dea0 f   lj_cconv.obj
 0001:0002cfe0       _lj_cconv_bf_tv            1002dfe0 f   lj_cconv.obj
 0001:0002d280       _lj_cconv_tv_bf            1002e280 f   lj_cconv.obj
 0001:0002d5a0       _lj_cconv_ct_ct            1002e5a0 f   lj_cconv.obj
 0001:0002dca0       _lj_cconv_ct_tv            1002eca0 f   lj_cconv.obj
 0001:0002dfa0       _lj_cconv_tv_ct            1002efa0 f   lj_cconv.obj
 0001:0002e300       _lj_cconv_ct_init          1002f300 f   lj_cconv.obj
 0001:0002e3b0       _lj_ccallback_mcode_free   1002f3b0 f   lj_ccallback.obj
 0001:0002e4d0       _lj_ccallback_ptr2slot     1002f4d0 f   lj_ccallback.obj
 0001:0002e830       _lj_ccallback_new          1002f830 f   lj_ccallback.obj
 0001:0002eb90       @lj_ccallback_leave@8      1002fb90 f   lj_ccallback.obj
 0001:0002ebf0       @lj_ccallback_enter@8      1002fbf0 f   lj_ccallback.obj
 0001:0002ed90       _lj_ccall_ctid_vararg      1002fd90 f   lj_ccall.obj
 0001:0002f2b0       _lj_ccall_func             100302b0 f   lj_ccall.obj
 0001:0002f430       _lj_carith_powu64          10030430 f   lj_carith.obj
 0001:0002f520       _lj_carith_modi64          10030520 f   lj_carith.obj
 0001:0002f570       _lj_carith_modu64          10030570 f   lj_carith.obj
 0001:0002f5a0       _lj_carith_divi64          100305a0 f   lj_carith.obj
 0001:0002f5f0       _lj_carith_divu64          100305f0 f   lj_carith.obj
 0001:0002f620       _lj_carith_mul64           10030620 f   lj_carith.obj
 0001:0002f6a0       _lj_carith_powi64          100306a0 f   lj_carith.obj
 0001:000302c0       _lj_carith_op              100312c0 f   lj_carith.obj
 0001:00030c10       _lj_bcwrite                10031c10 f   lj_bcwrite.obj
 0001:000316d0       _lj_bcread                 100326d0 f   lj_bcread.obj
 0001:00032380       _lj_asm_patchexit          10033380 f   lj_asm.obj
 0001:00039160       _lj_asm_trace              1003a160 f   lj_asm.obj
 0001:00039420       _lua_setallocf             1003a420 f   lj_api.obj
 0001:00039440       _lua_getallocf             1003a440 f   lj_api.obj
 0001:00039460       _lua_call                  1003a460 f   lj_api.obj
 0001:00039490       _lua_typename              1003a490 f   lj_api.obj
 0001:000394a0       _lua_gettop                1003a4a0 f   lj_api.obj
 0001:000394b0       _lua_status                1003a4b0 f   lj_api.obj
 0001:000395a0       _lua_pcall                 1003a5a0 f   lj_api.obj
 0001:00039610       _lua_insert                1003a610 f   lj_api.obj
 0001:00039660       _lua_remove                1003a660 f   lj_api.obj
 0001:00039790       _lua_setupvalue            1003a790 f   lj_api.obj
 0001:00039800       _lua_setfenv               1003a800 f   lj_api.obj
 0001:00039870       _lua_rawseti               1003a870 f   lj_api.obj
 0001:000398e0       _lua_upvaluejoin           1003a8e0 f   lj_api.obj
 0001:00039930       _lua_upvalueid             1003a930 f   lj_api.obj
 0001:00039960       _lua_rawget                1003a960 f   lj_api.obj
 0001:000399a0       _lua_topointer             1003a9a0 f   lj_api.obj
 0001:000399e0       _lua_tothread              1003a9e0 f   lj_api.obj
 0001:00039a00       _lua_touserdata            1003aa00 f   lj_api.obj
 0001:00039a30       _lua_tocfunction           1003aa30 f   lj_api.obj
 0001:00039a60       _lua_toboolean             1003aa60 f   lj_api.obj
 0001:00039a80       _lua_equal                 1003aa80 f   lj_api.obj
 0001:00039b20       _lua_rawequal              1003ab20 f   lj_api.obj
 0001:00039b60       _lua_isuserdata            1003ab60 f   lj_api.obj
 0001:00039b90       _lua_isstring              1003ab90 f   lj_api.obj
 0001:00039bc0       _lua_iscfunction           1003abc0 f   lj_api.obj
 0001:00039bf0       _lua_type                  1003abf0 f   lj_api.obj
 0001:00039c40       _lua_tointeger             1003ac40 f   lj_api.obj
 0001:00039ca0       _lua_tonumber              1003aca0 f   lj_api.obj
 0001:00039cf0       _lua_isnumber              1003acf0 f   lj_api.obj
 0001:00039d30       _lua_settop                1003ad30 f   lj_api.obj
 0001:00039e20       _lua_getupvalue            1003ae20 f   lj_api.obj
 0001:00039e80       _lua_getfenv               1003ae80 f   lj_api.obj
 0001:00039ef0       _lua_getmetatable          1003aef0 f   lj_api.obj
 0001:00039f70       _lua_rawgeti               1003af70 f   lj_api.obj
 0001:00039fd0       _lua_pushthread            1003afd0 f   lj_api.obj
 0001:0003a010       _lua_pushlightuserdata     1003b010 f   lj_api.obj
 0001:0003a040       _lua_pushboolean           1003b040 f   lj_api.obj
 0001:0003a070       _lua_pushinteger           1003b070 f   lj_api.obj
 0001:0003a090       _lua_pushnumber            1003b090 f   lj_api.obj
 0001:0003a0d0       _lua_pushnil               1003b0d0 f   lj_api.obj
 0001:0003a0f0       _lua_pushvalue             1003b0f0 f   lj_api.obj
 0001:0003a130       _lua_xmove                 1003b130 f   lj_api.obj
 0001:0003a190       _lua_checkstack            1003b190 f   lj_api.obj
 0001:0003a1e0       _lua_cpcall                1003b1e0 f   lj_api.obj
 0001:0003a230       _lua_yield                 1003b230 f   lj_api.obj
 0001:0003a300       _luaL_getmetafield         1003b300 f   lj_api.obj
 0001:0003a370       _lua_getfield              1003b370 f   lj_api.obj
 0001:0003a410       _lua_gettable              1003b410 f   lj_api.obj
 0001:0003a470       _lua_lessthan              1003b470 f   lj_api.obj
 0001:0003a500       _lua_replace               1003b500 f   lj_api.obj
 0001:0003a5e0       _lua_resume                1003b5e0 f   lj_api.obj
 0001:0003a650       _luaL_callmeta             1003b650 f   lj_api.obj
 0001:0003a6b0       _lua_next                  1003b6b0 f   lj_api.obj
 0001:0003a700       _lua_objlen                1003b700 f   lj_api.obj
 0001:0003a770       _lua_setfield              1003b770 f   lj_api.obj
 0001:0003a810       _lua_settable              1003b810 f   lj_api.obj
 0001:0003a880       _lua_setmetatable          1003b880 f   lj_api.obj
 0001:0003a9a0       _luaL_newmetatable         1003b9a0 f   lj_api.obj
 0001:0003aa50       _luaL_checkstack           1003ba50 f   lj_api.obj
 0001:0003aa80       _lua_rawset                1003ba80 f   lj_api.obj
 0001:0003aad0       _luaL_checkudata           1003bad0 f   lj_api.obj
 0001:0003ab40       _luaL_checkany             1003bb40 f   lj_api.obj
 0001:0003ab70       _luaL_optinteger           1003bb70 f   lj_api.obj
 0001:0003abf0       _luaL_checkinteger         1003bbf0 f   lj_api.obj
 0001:0003ac60       _luaL_optnumber            1003bc60 f   lj_api.obj
 0001:0003acd0       _luaL_checknumber          1003bcd0 f   lj_api.obj
 0001:0003ad30       _luaL_checktype            1003bd30 f   lj_api.obj
 0001:0003ad60       _lua_gc                    1003bd60 f   lj_api.obj
 0001:0003ae80       _lua_newuserdata           1003be80 f   lj_api.obj
 0001:0003aef0       _lua_newthread             1003bef0 f   lj_api.obj
 0001:0003af40       _lua_createtable           1003bf40 f   lj_api.obj
 0001:0003afc0       _lua_pushcclosure          1003bfc0 f   lj_api.obj
 0001:0003b050       _lua_pushfstring           1003c050 f   lj_api.obj
 0001:0003b080       _lua_pushvfstring          1003c080 f   lj_api.obj
 0001:0003b0b0       _lua_pushstring            1003c0b0 f   lj_api.obj
 0001:0003b120       _lua_pushlstring           1003c120 f   lj_api.obj
 0001:0003b170       _luaL_optlstring           1003c170 f   lj_api.obj
 0001:0003b220       _luaL_checklstring         1003c220 f   lj_api.obj
 0001:0003b2a0       _lua_tolstring             1003c2a0 f   lj_api.obj
 0001:0003b320       _lua_concat                1003c320 f   lj_api.obj
 0001:0003b3c0       _luaL_checkoption          1003c3c0 f   lj_api.obj
 0001:0003b650       _lj_alloc_destroy          1003c650 f   lj_alloc.obj
 0001:0003b6e0       _lj_alloc_create           1003c6e0 f   lj_alloc.obj
 0001:0003cf00       _lj_alloc_f                1003df00 f   lj_alloc.obj
 0001:0003d810       _luaopen_table             1003e810 f   lib_table.obj
 0001:0003e950       _luaopen_string            1003f950 f   lib_string.obj
 0001:00040000       _luaopen_package           10041000 f   lib_package.obj
 0001:00040a20       _luaopen_os                10041a20 f   lib_os.obj
 0001:00040c70       @lj_math_random_step@4     10041c70 f   lib_math.obj
 0001:000410a0       _luaopen_math              100420a0 f   lib_math.obj
 0001:00042070       _luaopen_jit               10043070 f   lib_jit.obj
 0001:00042b60       _luaopen_io                10043b60 f   lib_io.obj
 0001:00043f30       _luaopen_ffi               10044f30 f   lib_ffi.obj
 0001:00045560       _luaopen_debug             10046560 f   lib_debug.obj
 0001:000458f0       @lj_ffh_coroutine_wrap_err@8 100468f0 f   lib_base.obj
 0001:00046750       _luaopen_base              10047750 f   lib_base.obj
 0001:00046980       _luaL_buffinit             10047980 f   lib_aux.obj
 0001:000469c0       _luaL_unref                100479c0 f   lib_aux.obj
 0001:00046a20       _luaL_ref                  10047a20 f   lib_aux.obj
 0001:00046b70       _luaL_findtable            10047b70 f   lib_aux.obj
 0001:00046c60       _luaL_fileresult           10047c60 f   lib_aux.obj
 0001:00046d00       _luaL_newstate             10047d00 f   lib_aux.obj
 0001:00046d30       _luaL_pushresult           10047d30 f   lib_aux.obj
 0001:00046dd0       _luaL_openlib              10047dd0 f   lib_aux.obj
 0001:00046f30       _luaL_execresult           10047f30 f   lib_aux.obj
 0001:00046fa0       _luaL_addvalue             10047fa0 f   lib_aux.obj
 0001:00047020       _luaL_prepbuffer           10048020 f   lib_aux.obj
 0001:00047040       _luaL_register             10048040 f   lib_aux.obj
 0001:00047060       _luaL_addlstring           10048060 f   lib_aux.obj
 0001:000470a0       _luaL_addstring            100480a0 f   lib_aux.obj
 0001:000470d0       _luaL_gsub                 100480d0 f   lib_aux.obj
 0001:00047aa0       _lj_opt_split              10048aa0 f   lj_opt_split.obj
 0001:00047bf0       _luaopen_bit               10048bf0 f   lib_bit.obj
 0001:00047c20       _luaL_openlibs             10048c20 f   lib_init.obj
 0001:00047cd0       __CItanh                   10048cd0 f   MSVCRT:MSVCR90.dll
 0001:00047cd6       __CIcosh                   10048cd6 f   MSVCRT:MSVCR90.dll
 0001:00047cdc       __CIsinh                   10048cdc f   MSVCRT:MSVCR90.dll
 0001:00047cf0       __allmul                   10048cf0 f   MSVCRT:llmul.obj
 0001:00047d30       __ftol2_sse                10048d30 f   MSVCRT:ftol2.obj
 0001:00047d39       __ftol2_pentium4           10048d39 f   MSVCRT:ftol2.obj
 0001:00047d4c       __ftol2_sse_excpt          10048d4c f   MSVCRT:ftol2.obj
 0001:00047d66       __ftol2                    10048d66 f   MSVCRT:ftol2.obj
 0001:00047de0       __allrem                   10048de0 f   MSVCRT:llrem.obj
 0001:00047ea0       __aullrem                  10048ea0 f   MSVCRT:ullrem.obj
 0001:00047f20       __alldiv                   10048f20 f   MSVCRT:lldiv.obj
 0001:00047fd0       __aulldiv                  10048fd0 f   MSVCRT:ulldiv.obj
 0001:00048040       __allshl                   10049040 f   MSVCRT:llshl.obj
 0001:00048060       __allshr                   10049060 f   MSVCRT:llshr.obj
 0001:00048090       __aullshr                  10049090 f   MSVCRT:ullshr.obj
 0001:000480b0       __aulldvrm                 100490b0 f   MSVCRT:ulldvrm.obj
 0001:00048146       _floor                     10049146 f   MSVCRT:MSVCR90.dll
 0001:0004819c       __get_sse2_info            1004919c f   MSVCRT:cpu_disp.obj
 0001:000481fe       ___sse2_available_init     100491fe f   MSVCRT:cpu_disp.obj
 0002:00000000       __imp__GetModuleHandleExA@12 1004a000     kernel32:KERNEL32.dll
 0002:00000004       __imp__FreeLibrary@4       1004a004     kernel32:KERNEL32.dll
 0002:00000008       __imp__FormatMessageA@28   1004a008     kernel32:KERNEL32.dll
 0002:0000000c       __imp__GetLastError@0      1004a00c     kernel32:KERNEL32.dll
 0002:00000010       __imp__GetProcAddress@8    1004a010     kernel32:KERNEL32.dll
 0002:00000014       __imp__LoadLibraryA@4      1004a014     kernel32:KERNEL32.dll
 0002:00000018       __imp__GetModuleFileNameA@12 1004a018     kernel32:KERNEL32.dll
 0002:0000001c       __imp__GetModuleHandleA@4  1004a01c     kernel32:KERNEL32.dll
 0002:00000020       __imp__VirtualQuery@12     1004a020     kernel32:KERNEL32.dll
 0002:00000024       __imp__VirtualFree@12      1004a024     kernel32:KERNEL32.dll
 0002:00000028       __imp__SetLastError@4      1004a028     kernel32:KERNEL32.dll
 0002:0000002c       __imp__VirtualAlloc@16     1004a02c     kernel32:KERNEL32.dll
 0002:00000030       __imp__VirtualProtect@16   1004a030     kernel32:KERNEL32.dll
 0002:00000034       __imp__SetUnhandledExceptionFilter@4 1004a034     kernel32:KERNEL32.dll
 0002:00000038       __imp__UnhandledExceptionFilter@4 1004a038     kernel32:KERNEL32.dll
 0002:0000003c       __imp__GetCurrentProcess@0 1004a03c     kernel32:KERNEL32.dll
 0002:00000040       __imp__TerminateProcess@8  1004a040     kernel32:KERNEL32.dll
 0002:00000044       __imp__GetSystemTimeAsFileTime@4 1004a044     kernel32:KERNEL32.dll
 0002:00000048       __imp__GetCurrentProcessId@0 1004a048     kernel32:KERNEL32.dll
 0002:0000004c       __imp__GetCurrentThreadId@0 1004a04c     kernel32:KERNEL32.dll
 0002:00000050       __imp__GetTickCount@0      1004a050     kernel32:KERNEL32.dll
 0002:00000054       __imp__QueryPerformanceCounter@4 1004a054     kernel32:KERNEL32.dll
 0002:00000058       __imp__DisableThreadLibraryCalls@4 1004a058     kernel32:KERNEL32.dll
 0002:0000005c       __imp__InterlockedCompareExchange@12 1004a05c     kernel32:KERNEL32.dll
 0002:00000060       __imp__Sleep@4             1004a060     kernel32:KERNEL32.dll
 0002:00000064       __imp__InterlockedExchange@8 1004a064     kernel32:KERNEL32.dll
 0002:00000068       __imp__IsDebuggerPresent@0 1004a068     kernel32:KERNEL32.dll
 0002:0000006c       \177KERNEL32_NULL_THUNK_DATA 1004a06c     kernel32:KERNEL32.dll
 0002:00000070       __imp___ftelli64           1004a070     MSVCRT:MSVCR90.dll
 0002:00000074       __imp___pclose             1004a074     MSVCRT:MSVCR90.dll
 0002:00000078       __imp__ungetc              1004a078     MSVCRT:MSVCR90.dll
 0002:0000007c       __imp___fseeki64           1004a07c     MSVCRT:MSVCR90.dll
 0002:00000080       __imp___popen              1004a080     MSVCRT:MSVCR90.dll
 0002:00000084       __imp__fopen               1004a084     MSVCRT:MSVCR90.dll
 0002:00000088       __imp__setvbuf             1004a088     MSVCRT:MSVCR90.dll
 0002:0000008c       __imp__fread               1004a08c     MSVCRT:MSVCR90.dll
 0002:00000090       __imp__fprintf             1004a090     MSVCRT:MSVCR90.dll
 0002:00000094       __imp__ferror              1004a094     MSVCRT:MSVCR90.dll
 0002:00000098       __imp__fclose              1004a098     MSVCRT:MSVCR90.dll
 0002:0000009c       __imp__getc                1004a09c     MSVCRT:MSVCR90.dll
 0002:000000a0       __imp__clearerr            1004a0a0     MSVCRT:MSVCR90.dll
 0002:000000a4       __imp__strncmp             1004a0a4     MSVCRT:MSVCR90.dll
 0002:000000a8       __imp__rename              1004a0a8     MSVCRT:MSVCR90.dll
 0002:000000ac       __imp___mktime64           1004a0ac     MSVCRT:MSVCR90.dll
 0002:000000b0       __imp___gmtime64           1004a0b0     MSVCRT:MSVCR90.dll
 0002:000000b4       __imp__tmpnam              1004a0b4     MSVCRT:MSVCR90.dll
 0002:000000b8       __imp__system              1004a0b8     MSVCRT:MSVCR90.dll
 0002:000000bc       __imp__remove              1004a0bc     MSVCRT:MSVCR90.dll
 0002:000000c0       __imp__clock               1004a0c0     MSVCRT:MSVCR90.dll
 0002:000000c4       __imp__strftime            1004a0c4     MSVCRT:MSVCR90.dll
 0002:000000c8       __imp__setlocale           1004a0c8     MSVCRT:MSVCR90.dll
 0002:000000cc       __imp___localtime64        1004a0cc     MSVCRT:MSVCR90.dll
 0002:000000d0       __imp__getenv              1004a0d0     MSVCRT:MSVCR90.dll
 0002:000000d4       __imp__tmpfile             1004a0d4     MSVCRT:MSVCR90.dll
 0002:000000d8       __imp___time64             1004a0d8     MSVCRT:MSVCR90.dll
 0002:000000dc       __imp__exit                1004a0dc     MSVCRT:MSVCR90.dll
 0002:000000e0       __imp__strrchr             1004a0e0     MSVCRT:MSVCR90.dll
 0002:000000e4       __imp__sprintf             1004a0e4     MSVCRT:MSVCR90.dll
 0002:000000e8       __imp__memchr              1004a0e8     MSVCRT:MSVCR90.dll
 0002:000000ec       __imp__strncpy             1004a0ec     MSVCRT:MSVCR90.dll
 0002:000000f0       __imp__strpbrk             1004a0f0     MSVCRT:MSVCR90.dll
 0002:000000f4       __imp__memmove             1004a0f4     MSVCRT:MSVCR90.dll
 0002:000000f8       __imp___fmode              1004a0f8     MSVCRT:MSVCR90.dll
 0002:000000fc       __imp__memcpy              1004a0fc     MSVCRT:MSVCR90.dll
 0002:00000100       __imp__strlen              1004a100     MSVCRT:MSVCR90.dll
 0002:00000104       __imp__tanh                1004a104     MSVCRT:MSVCR90.dll
 0002:00000108       __imp__sinh                1004a108     MSVCRT:MSVCR90.dll
 0002:0000010c       __imp__memset              1004a10c     MSVCRT:MSVCR90.dll
 0002:00000110       __imp__cosh                1004a110     MSVCRT:MSVCR90.dll
 0002:00000114       __imp__feof                1004a114     MSVCRT:MSVCR90.dll
 0002:00000118       __imp__ldexp               1004a118     MSVCRT:MSVCR90.dll
 0002:0000011c       __imp__putc                1004a11c     MSVCRT:MSVCR90.dll
 0002:00000120       __imp___isatty             1004a120     MSVCRT:MSVCR90.dll
 0002:00000124       __imp__signal              1004a124     MSVCRT:MSVCR90.dll
 0002:00000128       __imp___fileno             1004a128     MSVCRT:MSVCR90.dll
 0002:0000012c       __imp___encode_pointer     1004a12c     MSVCRT:MSVCR90.dll
 0002:00000130       __imp___malloc_crt         1004a130     MSVCRT:MSVCR90.dll
 0002:00000134       __imp__free                1004a134     MSVCRT:MSVCR90.dll
 0002:00000138       __imp___encoded_null       1004a138     MSVCRT:MSVCR90.dll
 0002:0000013c       __imp___decode_pointer     1004a13c     MSVCRT:MSVCR90.dll
 0002:00000140       __imp___initterm           1004a140     MSVCRT:MSVCR90.dll
 0002:00000144       __imp___initterm_e         1004a144     MSVCRT:MSVCR90.dll
 0002:00000148       __imp___amsg_exit          1004a148     MSVCRT:MSVCR90.dll
 0002:0000014c       __imp___adjust_fdiv        1004a14c     MSVCRT:MSVCR90.dll
 0002:00000150       __imp____CppXcptFilter     1004a150     MSVCRT:MSVCR90.dll
 0002:00000154       __imp____clean_type_info_names_internal 1004a154     MSVCRT:MSVCR90.dll
 0002:00000158       __imp___unlock             1004a158     MSVCRT:MSVCR90.dll
 0002:0000015c       __imp____dllonexit         1004a15c     MSVCRT:MSVCR90.dll
 0002:00000160       __imp___lock               1004a160     MSVCRT:MSVCR90.dll
 0002:00000164       __imp___onexit             1004a164     MSVCRT:MSVCR90.dll
 0002:00000168       __imp___except_handler4_common 1004a168     MSVCRT:MSVCR90.dll
 0002:0000016c       __imp___crt_debugger_hook  1004a16c     MSVCRT:MSVCR90.dll
 0002:00000170       __imp__fscanf              1004a170     MSVCRT:MSVCR90.dll
 0002:00000174       __imp__fgets               1004a174     MSVCRT:MSVCR90.dll
 0002:00000178       __imp__strtoul             1004a178     MSVCRT:MSVCR90.dll
 0002:0000017c       __imp__putchar             1004a17c     MSVCRT:MSVCR90.dll
 0002:00000180       __imp__fwrite              1004a180     MSVCRT:MSVCR90.dll
 0002:00000184       __imp___errno              1004a184     MSVCRT:MSVCR90.dll
 0002:00000188       __imp__fflush              1004a188     MSVCRT:MSVCR90.dll
 0002:0000018c       __imp__strchr              1004a18c     MSVCRT:MSVCR90.dll
 0002:00000190       __imp____iob_func          1004a190     MSVCRT:MSVCR90.dll
 0002:00000194       __imp__strstr              1004a194     MSVCRT:MSVCR90.dll
 0002:00000198       __imp__fputs               1004a198     MSVCRT:MSVCR90.dll
 0002:0000019c       __imp__strerror            1004a19c     MSVCRT:MSVCR90.dll
 0002:000001a0       __imp__fputc               1004a1a0     MSVCRT:MSVCR90.dll
 0002:000001a4       __imp___difftime64         1004a1a4     MSVCRT:MSVCR90.dll
 0002:000001a8       __imp___CItanh             1004a1a8     MSVCRT:MSVCR90.dll
 0002:000001ac       __imp___CIcosh             1004a1ac     MSVCRT:MSVCR90.dll
 0002:000001b0       __imp___CIsinh             1004a1b0     MSVCRT:MSVCR90.dll
 0002:000001b4       __imp__floor               1004a1b4     MSVCRT:MSVCR90.dll
 0002:000001b8       \177MSVCR90_NULL_THUNK_DATA 1004a1b8     MSVCRT:MSVCR90.dll
 0002:000001bc       ___xc_a                    1004a1bc     MSVCRT:cinitexe.obj
 0002:000001c0       ___xc_z                    1004a1c0     MSVCRT:cinitexe.obj
 0002:000001c4       ___xi_a                    1004a1c4     MSVCRT:cinitexe.obj
 0002:000001d0       ___xi_z                    1004a1d0     MSVCRT:cinitexe.obj
 0002:000001d8       __pDefaultRawDllMain       1004a1d8     MSVCRT:crtdll.obj
 0002:000001d8       __pRawDllMain              1004a1d8     MSVCRT:crtdll.obj
 0002:000001e4       ??_C@_06DJHOIPC@?$CFs?3?5?$CFs?$AA@ 1004a1e4     lib_aux.obj
 0002:000001ec       ??_C@_02DKCKIIND@?$CFs?$AA@ 1004a1ec     lib_aux.obj
 0002:000001f0       ??_C@_04MKNBDEPB@exit?$AA@ 1004a1f0     lib_aux.obj
 0002:000001f8       ??_C@_07PINPBNPB@_LOADED?$AA@ 1004a1f8     lib_aux.obj
 0002:00000200       ??_C@_0CO@HELBHHNG@PANIC?3?5unprotected?5error?5in?5call@ 1004a200     lib_aux.obj
 0002:00000230       ??_C@_01OGPIMHDM@?$DP?$AA@ 1004a230     lib_aux.obj
 0002:00000234       ??_C@_0BF@EJGIIJDH@function?3?5builtin?$CD?$CFd?$AA@ 1004a234     lib_base.obj
 0002:0000024c       ??_C@_06CILKLLDB@?$CFs?3?5?$CFp?$AA@ 1004a24c     lib_base.obj
 0002:00000254       ??_C@_0BK@NJPFPDBN@too?5many?5nested?5functions?$AA@ 1004a254     lib_base.obj
 0002:00000270       ??_C@_07JEBBFCAN@?$DN?$CIload?$CJ?$AA@ 1004a270     lib_base.obj
 0002:00000278       ??_C@_0DH@OPFAKCB@?$AEstop?$AHrestart?$AHcollect?$AFcount?$AB?$PP?$AEst@ 1004a278     lib_base.obj
 0002:00001358       _lj_obj_typename           1004b358     lj_obj.obj
 0002:00001388       _lj_obj_itypename          1004b388     lj_obj.obj
 0002:00001448       _lj_ir_mode                1004b448     lj_ir.obj
 0002:000014a8       _lj_ir_type_size           1004b4a8     lj_ir.obj
 0002:000014c8       _lj_ir_callinfo            1004b4c8     lj_ir.obj
 0002:00001a28       _lj_char_bits              1004ba28     lj_char.obj
 0002:00001b30       _lj_bc_ofs                 1004bb30     lj_bc.obj
 0002:00001c68       _lj_bc_mode                1004bc68     lj_bc.obj
 0002:0000282c       ??_C@_07PANPENDC@running?$AA@ 1004c82c     lib_base.obj
 0002:00002834       ??_C@_09PAHKPJCJ@suspended?$AA@ 1004c834     lib_base.obj
 0002:00002840       ??_C@_04BBBDNBOK@dead?$AA@ 1004c840     lib_base.obj
 0002:00002848       ??_C@_06IKLLLDHL@normal?$AA@ 1004c848     lib_base.obj
 0002:00002850       ??_C@_02DNFJNMFM@kv?$AA@   1004c850     lib_base.obj
 0002:00002854       ??_C@_06BPGFKLEK@__mode?$AA@ 1004c854     lib_base.obj
 0002:0000285c       ??_C@_02NIGGJGKC@_G?$AA@   1004c85c     lib_base.obj
 0002:00002860       ??_C@_07GLKNJPII@Lua?55?41?$AA@ 1004c860     lib_base.obj
 0002:00002868       ??_C@_09HNKENHFC@coroutine?$AA@ 1004c868     lib_base.obj
 0002:00002874       ??_C@_0BB@JCEFLFJE@0123456789abcdef?$AA@ 1004c874     lib_bit.obj
 0002:00002888       ??_C@_0BB@JGGOGLEG@0123456789ABCDEF?$AA@ 1004c888     lib_bit.obj
 0002:0000289c       ??_C@_03EDMBFDDG@bit?$AA@  1004c89c     lib_bit.obj
 0002:000028a0       ??_C@_0M@IDJJEGOC@tail?5return?$AA@ 1004c8a0     lib_debug.obj
 0002:000028ac       ??_C@_05IOMEMJEC@count?$AA@ 1004c8ac     lib_debug.obj
 0002:000028b4       ??_C@_04HJPCFDOP@line?$AA@ 1004c8b4     lib_debug.obj
 0002:000028bc       ??_C@_06LNOFJDNM@return?$AA@ 1004c8bc     lib_debug.obj
 0002:000028c4       ??_C@_04OMFAIDPG@call?$AA@ 1004c8c4     lib_debug.obj
 0002:000028cc       ??_C@_05CLBJLFDN@flnSu?$AA@ 1004c8cc     lib_debug.obj
 0002:000028d4       ??_C@_03PENLABEP@?$DO?$CFs?$AA@ 1004c8d4     lib_debug.obj
 0002:000028d8       ??_C@_06OEKOLKIL@source?$AA@ 1004c8d8     lib_debug.obj
 0002:000028e0       ??_C@_09NOFDGFFO@short_src?$AA@ 1004c8e0     lib_debug.obj
 0002:000028ec       ??_C@_0M@IOFFDKM@linedefined?$AA@ 1004c8ec     lib_debug.obj
 0002:000028f8       ??_C@_0BA@BGGOJOFO@lastlinedefined?$AA@ 1004c8f8     lib_debug.obj
 0002:00002908       ??_C@_04IOPLPGDE@what?$AA@ 1004c908     lib_debug.obj
 0002:00002910       ??_C@_0M@OLGEEKJC@currentline?$AA@ 1004c910     lib_debug.obj
 0002:0000291c       ??_C@_04BDNNNDAF@nups?$AA@ 1004c91c     lib_debug.obj
 0002:00002924       ??_C@_07DEOJMPEE@nparams?$AA@ 1004c924     lib_debug.obj
 0002:0000292c       ??_C@_08PKLIBBKE@isvararg?$AA@ 1004c92c     lib_debug.obj
 0002:00002938       ??_C@_04MEMAJGDJ@name?$AA@ 1004c938     lib_debug.obj
 0002:00002940       ??_C@_08JEGIFMFI@namewhat?$AA@ 1004c940     lib_debug.obj
 0002:0000294c       ??_C@_0M@DINLHJFF@activelines?$AA@ 1004c94c     lib_debug.obj
 0002:00002958       ??_C@_04HPNHAEOP@func?$AA@ 1004c958     lib_debug.obj
 0002:00002960       ??_C@_0O@POGBCBNN@external?5hook?$AA@ 1004c960     lib_debug.obj
 0002:00002970       ??_C@_0M@FBGICICO@lua_debug?$DO?5?$AA@ 1004c970     lib_debug.obj
 0002:0000297c       ??_C@_05KJNBGLAC@cont?6?$AA@ 1004c97c     lib_debug.obj
 0002:00002984       ??_C@_0BB@BLKFCGLG@?$DN?$CIdebug?5command?$CJ?$AA@ 1004c984     lib_debug.obj
 0002:00002998       ??_C@_01EEMJAFIK@?6?$AA@   1004c998     lib_debug.obj
 0002:0000299c       ??_C@_05GFCDIDHO@debug?$AA@ 1004c99c     lib_debug.obj
 0002:000029a4       ??_C@_06EGMCBEPI@C?5type?$AA@ 1004c9a4     lib_ffi.obj
 0002:000029ac       ??_C@_0O@BDOCPDCB@cdata?$DM?$CFs?$DO?3?5?$CFp?$AA@ 1004c9ac     lib_ffi.obj
 0002:000029bc       ??_C@_09GIOLLJKF@ctype?$DM?$CFs?$DO?$AA@ 1004c9bc     lib_ffi.obj
 0002:000029c8       ??_C@_0O@DNEMCEHE@cdata?$DM?$CFs?$DO?3?5?$CFd?$AA@ 1004c9c8     lib_ffi.obj
 0002:000029d8       ??_C@_01KNKLHLMO@K?$AA@    1004c9d8     lib_ffi.obj
 0002:000029dc       ??_C@_03DIJDOPEA@ffi?$AA@  1004c9dc     lib_ffi.obj
 0002:000029e0       ??_C@_07LDLFNPGN@Windows?$AA@ 1004c9e0     lib_ffi.obj
 0002:000029e8       ??_C@_03NDFEINMN@x86?$AA@  1004c9e8     lib_ffi.obj
 0002:000029ec       ??_C@_03IGHFHLNJ@jit?$AA@  1004c9ec     lib_init.obj
 0002:000029f0       ??_C@_04CFDJAKFL@math?$AA@ 1004c9f0     lib_init.obj
 0002:000029f8       ??_C@_06ICGJLFIM@string?$AA@ 1004c9f8     lib_init.obj
 0002:00002a00       ??_C@_02EHCHIAMF@os?$AA@   1004ca00     lib_init.obj
 0002:00002a04       ??_C@_02KFNNKBCK@io?$AA@   1004ca04     lib_init.obj
 0002:00002a08       ??_C@_05LCLENNFI@table?$AA@ 1004ca08     lib_init.obj
 0002:00002a10       ??_C@_07KNEGBPNO@package?$AA@ 1004ca10     lib_init.obj
 0002:00002a18       ??_C@_00CNPNBAHC@?$AA@     1004ca18     lib_init.obj
 0002:00002a1c       ??_C@_08LBNNGFKE@_PRELOAD?$AA@ 1004ca1c     lib_init.obj
 0002:00002a28       ??_C@_05KCHOJJD@FILE?$CK?$AA@ 1004ca28     lib_io.obj
 0002:00002a30       ??_C@_0BL@PEFGCPAG@cannot?5close?5standard?5file?$AA@ 1004ca30     lib_io.obj
 0002:00002a4c       ??_C@_03DLDNIBIK@?$CFlf?$AA@ 1004ca4c     lib_io.obj
 0002:00002a50       ??_C@_0BD@IOJAAODF@too?5many?5arguments?$AA@ 1004ca50     lib_io.obj
 0002:00002a64       ??_C@_05CGOEHEFE@?$CF?414g?$AA@ 1004ca64     lib_io.obj
 0002:00002a6c       ??_C@_0N@FHGHGEJM@?$ADset?$ADcur?$ADend?$AA@ 1004ca6c     lib_io.obj
 0002:00002a7c       ??_C@_0O@BJINDIFF@?$AEfull?$AEline?$ACno?$AA@ 1004ca7c     lib_io.obj
 0002:00002a8c       ??_C@_09BPMAMLLD@file?5?$CI?$CFp?$CJ?$AA@ 1004ca8c     lib_io.obj
 0002:00002a98       ??_C@_0O@PLFAPHPG@file?5?$CIclosed?$CJ?$AA@ 1004ca98     lib_io.obj
 0002:00002aa8       ??_C@_01KDCPPGHE@r?$AA@    1004caa8     lib_io.obj
 0002:00002aac       ??_C@_01NOFIACDB@w?$AA@    1004caac     lib_io.obj
 0002:00002ab0       ??_C@_04DAMGJPCA@file?$AA@ 1004cab0     lib_io.obj
 0002:00002ab8       ??_C@_0M@IBKPHHKH@closed?5file?$AA@ 1004cab8     lib_io.obj
 0002:00002ac4       ??_C@_05MHOFLBOO@stdin?$AA@ 1004cac4     lib_io.obj
 0002:00002acc       ??_C@_06DJDOIFHB@stdout?$AA@ 1004cacc     lib_io.obj
 0002:00002ad4       ??_C@_06FJGNEBG@stderr?$AA@ 1004cad4     lib_io.obj
 0002:00002adc       ??_C@_0M@HIEIAEHL@interpreter?$AA@ 1004cadc     lib_jit.obj
 0002:00002ae8       ??_C@_0P@HDPEGNKP@down?9recursion?$AA@ 1004cae8     lib_jit.obj
 0002:00002af8       ??_C@_0N@DMCNLIDM@up?9recursion?$AA@ 1004caf8     lib_jit.obj
 0002:00002b08       ??_C@_0P@FONHJDJF@tail?9recursion?$AA@ 1004cb08     lib_jit.obj
 0002:00002b18       ??_C@_04GKOOIABA@loop?$AA@ 1004cb18     lib_jit.obj
 0002:00002b20       ??_C@_04NBFCGMPH@root?$AA@ 1004cb20     lib_jit.obj
 0002:00002b28       ??_C@_04CGFJFPFD@none?$AA@ 1004cb28     lib_jit.obj
 0002:00002b30       ??_C@_0CG@JFFGFDHL@?$AECMOV?$AESSE2?$AESSE3?$AGSSE4?41?$ACP4?$ADAMD?$ACK8@ 1004cb30     lib_jit.obj
 0002:00002b58       ??_C@_0DA@IJMCEEPM@?$AEfold?$ADcse?$ADdce?$ADfwd?$ADdse?$AGnarrow?$AEloo@ 1004cb58     lib_jit.obj
 0002:00002b88       ??_C@_09DKKFGEHE@_VMEVENTS?$AA@ 1004cb88     lib_jit.obj
 0002:00002b94       ??_C@_0L@HFAMJNGM@stackslots?$AA@ 1004cb94     lib_jit.obj
 0002:00002ba0       ??_C@_06JMGHNNK@params?$AA@ 1004cba0     lib_jit.obj
 0002:00002ba8       ??_C@_09PLLBEKA@bytecodes?$AA@ 1004cba8     lib_jit.obj
 0002:00002bb4       ??_C@_08DEAOGHHE@gcconsts?$AA@ 1004cbb4     lib_jit.obj
 0002:00002bc0       ??_C@_07BECCFFAP@nconsts?$AA@ 1004cbc0     lib_jit.obj
 0002:00002bc8       ??_C@_08JKPCMKJ@upvalues?$AA@ 1004cbc8     lib_jit.obj
 0002:00002bd4       ??_C@_08GOINNFB@children?$AA@ 1004cbd4     lib_jit.obj
 0002:00002be0       ??_C@_03KCBANMCB@loc?$AA@  1004cbe0     lib_jit.obj
 0002:00002be4       ??_C@_04HHHFHMNM@ffid?$AA@ 1004cbe4     lib_jit.obj
 0002:00002bec       ??_C@_04HLBMEOMD@addr?$AA@ 1004cbec     lib_jit.obj
 0002:00002bf4       ??_C@_04BPKKLFFI@nins?$AA@ 1004cbf4     lib_jit.obj
 0002:00002bfc       ??_C@_02MEPOHCKL@nk?$AA@   1004cbfc     lib_jit.obj
 0002:00002c00       ??_C@_04OHHBHOGB@link?$AA@ 1004cc00     lib_jit.obj
 0002:00002c08       ??_C@_05IPMPAMGF@nexit?$AA@ 1004cc08     lib_jit.obj
 0002:00002c10       ??_C@_08IDKBLEPL@linktype?$AA@ 1004cc10     lib_jit.obj
 0002:00002c20       ??_C@_0IF@MKHEFFIN@?$AImaxtrace?7maxrecord?6maxirconst?$AHm@ 1004cc20     lib_jit.obj
 0002:00002ca8       ??_C@_0BC@EBDKMNHC@CPU?5not?5supported?$AA@ 1004cca8     lib_jit.obj
 0002:00002cbc       ??_C@_0N@CMJBGLJO@LuaJIT?52?40?41?$AA@ 1004ccbc     lib_jit.obj
 0002:00002ccc       ??_C@_08GBLPEHPF@jit?4util?$AA@ 1004cccc     lib_jit.obj
 0002:00002cd8       ??_C@_07FHHNHIJG@jit?4opt?$AA@ 1004ccd8     lib_jit.obj
 0002:00002ce0       ??_C@_04KEPJIHGP@fmod?$AA@ 1004cce0     lib_math.obj
 0002:00002ce8       ??_C@_03FFONCNID@mod?$AA@  1004cce8     lib_math.obj
 0002:00002cec       ??_C@_02HAOIJKIC@?$CFc?$AA@ 1004ccec     lib_os.obj
 0002:00002cf0       ??_C@_02HODHFJCJ@?$CKt?$AA@ 1004ccf0     lib_os.obj
 0002:00002cf4       ??_C@_03KHPNBODO@sec?$AA@  1004ccf4     lib_os.obj
 0002:00002cf8       ??_C@_03KLIPLJLL@min?$AA@  1004ccf8     lib_os.obj
 0002:00002cfc       ??_C@_04LMOJGCPE@hour?$AA@ 1004ccfc     lib_os.obj
 0002:00002d04       ??_C@_03NNBHCDBP@day?$AA@  1004cd04     lib_os.obj
 0002:00002d08       ??_C@_05MEBAADFH@month?$AA@ 1004cd08     lib_os.obj
 0002:00002d10       ??_C@_04JFPLDHAO@year?$AA@ 1004cd10     lib_os.obj
 0002:00002d18       ??_C@_04HBIDDHMB@wday?$AA@ 1004cd18     lib_os.obj
 0002:00002d20       ??_C@_04MOLDIJKA@yday?$AA@ 1004cd20     lib_os.obj
 0002:00002d28       ??_C@_05HGBEJAHO@isdst?$AA@ 1004cd28     lib_os.obj
 0002:00002d30       ??_C@_0CL@PFAPFEGP@?$AFctype?$AHnumeric?$AEtime?$AHcollate?$AImone@ 1004cd30     lib_os.obj
 0002:00002d5c       ??_C@_07FFLLPPLH@require?$AA@ 1004cd5c     lib_package.obj
 0002:00002d64       ??_C@_06BIEEJMKO@module?$AA@ 1004cd64     lib_package.obj
 0002:00002d6c       ??_C@_06LNOHAKGK@seeall?$AA@ 1004cd6c     lib_package.obj
 0002:00002d74       ??_C@_0L@LLHGDMBK@searchpath?$AA@ 1004cd74     lib_package.obj
 0002:00002d80       ??_C@_07KOEABFCN@loadlib?$AA@ 1004cd80     lib_package.obj
 0002:00002d88       ??_C@_0BN@GMPFCLAN@unable?5to?5get?5ModuleFileName?$AA@ 1004cd88     lib_package.obj
 0002:00002da8       ??_C@_01DCLJPIOD@?$CB?$AA@ 1004cda8     lib_package.obj
 0002:00002dac       ??_C@_0BB@BLJKPILH@system?5error?5?$CFd?6?$AA@ 1004cdac     lib_package.obj
 0002:00002dc0       ??_C@_0M@JKPDPNBF@LOADLIB?3?5?$CFs?$AA@ 1004cdc0     lib_package.obj
 0002:00002dcc       ??_C@_08HNNNOMMJ@_LOADLIB?$AA@ 1004cdcc     lib_package.obj
 0002:00002dd8       ??_C@_01JOAMLHOP@?9?$AA@   1004cdd8     lib_package.obj
 0002:00002ddc       ??_C@_01IDAFKMJL@_?$AA@    1004cddc     lib_package.obj
 0002:00002de0       ??_C@_01LFCBOECM@?4?$AA@   1004cde0     lib_package.obj
 0002:00002de4       ??_C@_0L@KHKMBFOE@luaopen_?$CFs?$AA@ 1004cde4     lib_package.obj
 0002:00002df0       ??_C@_0N@ECBABLKH@luaJIT_BC_?$CFs?$AA@ 1004cdf0     lib_package.obj
 0002:00002e00       ??_C@_04PMOCAHAA@open?$AA@ 1004ce00     lib_package.obj
 0002:00002e08       ??_C@_04HKFDNBLD@init?$AA@ 1004ce08     lib_package.obj
 0002:00002e10       ??_C@_0P@NEBKIMDC@?6?7no?5file?5?8?$CFs?8?$AA@ 1004ce10     lib_package.obj
 0002:00002e20       ??_C@_01KICIPPFI@?2?$AA@   1004ce20     lib_package.obj
 0002:00002e24       ??_C@_0BO@COFCKCAL@?8package?4?$CFs?8?5must?5be?5a?5string?$AA@ 1004ce24     lib_package.obj
 0002:00002e44       ??_C@_0CO@KHMIPLKM@error?5loading?5module?5?8?$CFs?8?5from?5f@ 1004ce44     lib_package.obj
 0002:00002e74       ??_C@_04LNEJFJGI@path?$AA@ 1004ce74     lib_package.obj
 0002:00002e7c       ??_C@_05EEMJHCCC@cpath?$AA@ 1004ce7c     lib_package.obj
 0002:00002e84       ??_C@_0BO@KOILFIGK@?6?7no?5module?5?8?$CFs?8?5in?5file?5?8?$CFs?8?$AA@ 1004ce84     lib_package.obj
 0002:00002ea4       ??_C@_07GCEAJMEA@preload?$AA@ 1004cea4     lib_package.obj
 0002:00002eac       ??_C@_0CC@CCJHFBLH@?8package?4preload?8?5must?5be?5a?5tabl@ 1004ceac     lib_package.obj
 0002:00002ed0       ??_C@_0CB@NPNABMBF@?6?7no?5field?5package?4preload?$FL?8?$CFs?8?$FN@ 1004ced0     lib_package.obj
 0002:00002ef4       ??_C@_0CL@DIEJCPFH@loop?5or?5previous?5error?5loading?5m@ 1004cef4     lib_package.obj
 0002:00002f20       ??_C@_07JAOCDFCG@loaders?$AA@ 1004cf20     lib_package.obj
 0002:00002f28       ??_C@_0CC@IGEJMOFI@?8package?4loaders?8?5must?5be?5a?5tabl@ 1004cf28     lib_package.obj
 0002:00002f4c       ??_C@_0BJ@HFHHABH@module?5?8?$CFs?8?5not?5found?3?$CFs?$AA@ 1004cf4c     lib_package.obj
 0002:00002f68       ??_C@_01INIBCBCB@f?$AA@    1004cf68     lib_package.obj
 0002:00002f6c       ??_C@_0CI@GKOMOAFD@?8module?8?5not?5called?5from?5a?5Lua?5f@ 1004cf6c     lib_package.obj
[...]
 0001:00044080       _lj_cf_ffi_meta___mul      10045080 f    CIL library: CIL module
 0001:00044090       _lj_cf_ffi_meta___sub      10045090 f    CIL library: CIL module
 0001:000440a0       _lj_cf_ffi_meta___add      100450a0 f    CIL library: CIL module
 0001:000440b0       _lj_cf_ffi_meta___concat   100450b0 f    CIL library: CIL module
 0001:000440c0       _lj_cf_ffi_meta___le       100450c0 f    CIL library: CIL module
 0001:000440d0       _lj_cf_ffi_meta___lt       100450d0 f    CIL library: CIL module
 0001:000440e0       _lj_cf_ffi_meta___len      100450e0 f    CIL library: CIL module
 0001:000440f0       _lj_cf_ffi_meta___eq       100450f0 f    CIL library: CIL module
 0001:00044100       _lj_cf_ffi_cdef            10045100 f    CIL library: CIL module
 0001:00044180       _ffi_checkctype            10045180 f    CIL library: CIL module
 0001:00044230       _lj_cf_ffi_metatype        10045230 f    CIL library: CIL module
 0001:00044350       _lj_cf_ffi_offsetof        10045350 f    CIL library: CIL module
 0001:00044420       _lj_cf_ffi_alignof         10045420 f    CIL library: CIL module
 0001:00044480       _lj_cf_ffi_sizeof          10045480 f    CIL library: CIL module
 0001:00044540       _lj_cf_ffi_istype          10045540 f    CIL library: CIL module
 0001:00044690       _lj_cf_ffi_typeof          10045690 f    CIL library: CIL module
 0001:00044700       _lj_cf_ffi_cast            10045700 f    CIL library: CIL module
 0001:00044800       _lj_cf_ffi_new             10045800 f    CIL library: CIL module
 0001:00044a20       _lj_cf_ffi_meta___call     10045a20 f    CIL library: CIL module
 0001:00044b20       _unmakemask                10045b20 f    CIL library: CIL module
 0001:00044b50       _makemask                  10045b50 f    CIL library: CIL module
 0001:00044ba0       _getthread                 10045ba0 f    CIL library: CIL module
 0001:00044bc0       _copyTV                    10045bc0 f    CIL library: CIL module
 0001:00044bd0       _setgcV                    10045bd0 f    CIL library: CIL module
 0001:00044be0       _setlightudV               10045be0 f    CIL library: CIL module
 0001:00044bf0       _lj_cf_debug_getregistry   10045bf0 f    CIL library: CIL module
 0001:00044c20       _setfuncV                  10045c20 f    CIL library: CIL module
 0001:00044c30       _treatstackoption          10045c30 f    CIL library: CIL module
 0001:00044c80       _settabsb                  10045c80 f    CIL library: CIL module
 0001:00044ca0       _settabsi                  10045ca0 f    CIL library: CIL module
 0001:00044cc0       _lj_cf_debug_getfenv       10045cc0 f    CIL library: CIL module
 0001:00044cf0       _lj_cf_debug_setmetatable  10045cf0 f    CIL library: CIL module
 0001:00044d30       _lj_cf_debug_getmetatable  10045d30 f    CIL library: CIL module
 0001:00044d70       _lj_cf_debug_upvaluejoin   10045d70 f    CIL library: CIL module
 0001:00044e20       _lj_cf_debug_upvalueid     10045e20 f    CIL library: CIL module
 0001:00044e80       _lj_cf_debug_setfenv       10045e80 f    CIL library: CIL module
 0001:00044ec0       _hookf                     10045ec0 f    CIL library: CIL module
 0001:00044f40       _debug_getupvalue          10045f40 f    CIL library: CIL module
 0001:00044fb0       _lj_cf_debug_setlocal      10045fb0 f    CIL library: CIL module
 0001:00045050       _lj_cf_debug_getlocal      10046050 f    CIL library: CIL module
 0001:00045140       _settabss                  10046140 f    CIL library: CIL module
 0001:00045160       _lj_cf_debug_gethook       10046160 f    CIL library: CIL module
 0001:000451e0       _lj_cf_debug_sethook       100461e0 f    CIL library: CIL module
 0001:00045290       _lj_cf_debug_setupvalue    10046290 f    CIL library: CIL module
 0001:000452b0       _lj_cf_debug_getupvalue    100462b0 f    CIL library: CIL module
 0001:000452d0       _lj_cf_debug_getinfo       100462d0 f    CIL library: CIL module
 0001:00045590       _lj_cf_debug_traceback     10046590 f    CIL library: CIL module
 0001:00045610       _lj_cf_debug_debug         10046610 f    CIL library: CIL module
 0001:00045750       _setpc_wrap_aux            10046750 f    CIL library: CIL module
 0001:00045760       _ctype_check               10046760 f    CIL library: CIL module
 0001:00045770       _ctype_cts                 10046770 f    CIL library: CIL module
 0001:00045780       _lj_gc_barrierback         10046780 f    CIL library: CIL module
 0001:00045790       _copyTV                    10046790 f    CIL library: CIL module
 0001:000457a0       _setintV                   100467a0 f    CIL library: CIL module
 0001:000457b0       _setgcV                    100467b0 f    CIL library: CIL module
 0001:000457c0       _lj_cf_gcinfo              100467c0 f    CIL library: CIL module
 0001:000457f0       _load_aux                  100467f0 f    CIL library: CIL module
 0001:00045840       _ctype_get                 10046840 f    CIL library: CIL module
 0001:00045850       _settabV                   10046850 f    CIL library: CIL module
 0001:00045860       _setfuncV                  10046860 f    CIL library: CIL module
 0001:00045870       _setstrV                   10046870 f    CIL library: CIL module
 0001:00045880       _ctype_child               10046880 f    CIL library: CIL module
 0001:00045890       _lj_strscan_numberobj      10046890 f    CIL library: CIL module
 0001:000458c0       _lj_cf_coroutine_running   100468c0 f    CIL library: CIL module
 0001:00045930       _newproxy_weaktable        10046930 f    CIL library: CIL module
 0001:00045990       _ffh_resume                10046990 f    CIL library: CIL module
 0001:00045a00       _lj_ffh_coroutine_yield    10046a00 f    CIL library: CIL module
 0001:00045a10       _lj_ffh_coroutine_wrap_aux 10046a10 f    CIL library: CIL module
 0001:00045a30       _lj_ffh_coroutine_resume   10046a30 f    CIL library: CIL module
 0001:00045a60       _lj_cf_rawequal            10046a60 f    CIL library: CIL module
 0001:00045aa0       _lj_ffh_pcall              10046aa0 f    CIL library: CIL module
 0001:00045ad0       _lj_cf_select              10046ad0 f    CIL library: CIL module
 0001:00045b40       _lj_cf_rawset              10046b40 f    CIL library: CIL module
 0001:00045b90       _lj_ffh_rawget             10046b90 f    CIL library: CIL module
 0001:00045bc0       _lj_cf_setfenv             10046bc0 f    CIL library: CIL module
 0001:00045c70       _lj_ffh_setmetatable       10046c70 f    CIL library: CIL module
 0001:00045cf0       _lj_ffh_ipairs_aux         10046cf0 f    CIL library: CIL module
 0001:00045d20       _ffh_pairs                 10046d20 f    CIL library: CIL module
 0001:00045db0       _lj_ffh_next               10046db0 f    CIL library: CIL module
 0001:00045dd0       _lj_cf_coroutine_create    10046dd0 f    CIL library: CIL module
 0001:00045e20       _lj_cf_coroutine_status    10046e20 f    CIL library: CIL module
 0001:00045ed0       _lj_cf_print               10046ed0 f    CIL library: CIL module
 0001:00046050       _lj_cf_newproxy            10047050 f    CIL library: CIL module
 0001:00046130       _reader_func               10047130 f    CIL library: CIL module
 0001:000461c0       _lj_ffh_tostring           100471c0 f    CIL library: CIL module
 0001:00046290       _lj_ffh_tonumber           10047290 f    CIL library: CIL module
 0001:00046420       _lj_cf_unpack              10047420 f    CIL library: CIL module
 0001:00046500       _lj_cf_getfenv             10047500 f    CIL library: CIL module
 0001:00046570       _lj_ffh_ipairs             10047570 f    CIL library: CIL module
 0001:00046580       _lj_ffh_pairs              10047580 f    CIL library: CIL module
 0001:00046590       _lj_ffh_assert             10047590 f    CIL library: CIL module
 0001:000465d0       _lj_lib_pushcc             100475d0 f    CIL library: CIL module
 0001:00046600       _lj_cf_coroutine_wrap      10047600 f    CIL library: CIL module
 0001:00046650       _lj_cf_collectgarbage      10047650 f    CIL library: CIL module
 0001:000466f0       _lj_cf_error               100476f0 f    CIL library: CIL module
 0001:000467d0       _lj_cf_load                100477d0 f    CIL library: CIL module
 0001:000468b0       _lj_cf_loadfile            100478b0 f    CIL library: CIL module
 0001:00046910       _lj_cf_dofile              10047910 f    CIL library: CIL module
 0001:00046970       _lj_cf_loadstring          10047970 f    CIL library: CIL module
 0001:000469a0       _libsize                   100479a0 f    CIL library: CIL module
 0001:000469b0       _setintV                   100479b0 f    CIL library: CIL module
 0001:00046ad0       _panic                     10047ad0 f    CIL library: CIL module
 0001:00046b40       _emptybuffer               10047b40 f    CIL library: CIL module
 0001:00046d60       _adjuststack               10047d60 f    CIL library: CIL module
 0001:000471a0       _lj_ir_nextins             100481a0 f    CIL library: CIL module
 0001:000471c0       _split_emit                100481c0 f    CIL library: CIL module
 0001:00047200       _split_ptr                 10048200 f    CIL library: CIL module
 0001:00047290       _split_call_ll             10048290 f    CIL library: CIL module
 0001:00047320       _split_ir                  10048320 f    CIL library: CIL module
 0001:00047a90       _cpsplit                   10048a90 f    CIL library: CIL module
 0001:00047ae0       _lj_ffh_bit_band           10048ae0 f    CIL library: CIL module
 0001:00047b10       _lj_ffh_bit_lshift         10048b10 f    CIL library: CIL module
 0001:00047b40       _lj_ffh_bit_tobit          10048b40 f    CIL library: CIL module
 0001:00047b60       _lj_cf_bit_tohex           10048b60 f    CIL library: CIL module
 0001:0004814c       _has_osfxsr_set            1004914c f   MSVCRT:cpu_disp.obj

 Exports

  ordinal    name

        1    _luaJIT_setmode
               exported name: luaJIT_setmode
        2    _luaJIT_version_2_0_1
               exported name: luaJIT_version_2_0_1
        3    _luaL_addlstring
               exported name: luaL_addlstring
        4    _luaL_addstring
               exported name: luaL_addstring
        5    _luaL_addvalue
               exported name: luaL_addvalue
        6    _luaL_argerror
               exported name: luaL_argerror
        7    _luaL_buffinit
               exported name: luaL_buffinit
        8    _luaL_callmeta
               exported name: luaL_callmeta
        9    _luaL_checkany
               exported name: luaL_checkany
       10    _luaL_checkinteger
               exported name: luaL_checkinteger
       11    _luaL_checklstring
               exported name: luaL_checklstring
       12    _luaL_checknumber
               exported name: luaL_checknumber
       13    _luaL_checkoption
               exported name: luaL_checkoption
       14    _luaL_checkstack
               exported name: luaL_checkstack
       15    _luaL_checktype
               exported name: luaL_checktype
       16    _luaL_checkudata
               exported name: luaL_checkudata
       17    _luaL_error
               exported name: luaL_error
       18    _luaL_execresult
               exported name: luaL_execresult
       19    _luaL_fileresult
               exported name: luaL_fileresult
       20    _luaL_findtable
               exported name: luaL_findtable
       21    _luaL_getmetafield
               exported name: luaL_getmetafield
       22    _luaL_gsub
               exported name: luaL_gsub
       23    _luaL_loadbuffer
               exported name: luaL_loadbuffer
       24    _luaL_loadbufferx
               exported name: luaL_loadbufferx
       25    _luaL_loadfile
               exported name: luaL_loadfile
       26    _luaL_loadfilex
               exported name: luaL_loadfilex
       27    _luaL_loadstring
               exported name: luaL_loadstring
       28    _luaL_newmetatable
               exported name: luaL_newmetatable
       29    _luaL_newstate
               exported name: luaL_newstate
       30    _luaL_openlib
               exported name: luaL_openlib
       31    _luaL_openlibs
               exported name: luaL_openlibs
       32    _luaL_optinteger
               exported name: luaL_optinteger
       33    _luaL_optlstring
               exported name: luaL_optlstring
       34    _luaL_optnumber
               exported name: luaL_optnumber
       35    _luaL_prepbuffer
               exported name: luaL_prepbuffer
       36    _luaL_pushresult
               exported name: luaL_pushresult
       37    _luaL_ref
               exported name: luaL_ref
       38    _luaL_register
               exported name: luaL_register
       39    _luaL_traceback
               exported name: luaL_traceback
       40    _luaL_typerror
               exported name: luaL_typerror
       41    _luaL_unref
               exported name: luaL_unref
       42    _luaL_where
               exported name: luaL_where
       43    _lua_atpanic
               exported name: lua_atpanic
       44    _lua_call
               exported name: lua_call
       45    _lua_checkstack
               exported name: lua_checkstack
       46    _lua_close
               exported name: lua_close
       47    _lua_concat
               exported name: lua_concat
       48    _lua_cpcall
               exported name: lua_cpcall
       49    _lua_createtable
               exported name: lua_createtable
       50    _lua_dump
               exported name: lua_dump
       51    _lua_equal
               exported name: lua_equal
       52    _lua_error
               exported name: lua_error
       53    _lua_gc
               exported name: lua_gc
       54    _lua_getallocf
               exported name: lua_getallocf
       55    _lua_getfenv
               exported name: lua_getfenv
       56    _lua_getfield
               exported name: lua_getfield
       57    _lua_gethook
               exported name: lua_gethook
       58    _lua_gethookcount
               exported name: lua_gethookcount
       59    _lua_gethookmask
               exported name: lua_gethookmask
       60    _lua_getinfo
               exported name: lua_getinfo
       61    _lua_getlocal
               exported name: lua_getlocal
       62    _lua_getmetatable
               exported name: lua_getmetatable
       63    _lua_getstack
               exported name: lua_getstack
       64    _lua_gettable
               exported name: lua_gettable
       65    _lua_gettop
               exported name: lua_gettop
       66    _lua_getupvalue
               exported name: lua_getupvalue
       67    _lua_insert
               exported name: lua_insert
       68    _lua_iscfunction
               exported name: lua_iscfunction
       69    _lua_isnumber
               exported name: lua_isnumber
       70    _lua_isstring
               exported name: lua_isstring
       71    _lua_isuserdata
               exported name: lua_isuserdata
       72    _lua_lessthan
               exported name: lua_lessthan
       73    _lua_load
               exported name: lua_load
       74    _lua_loadx
               exported name: lua_loadx
       75    _lua_newstate
               exported name: lua_newstate
       76    _lua_newthread
               exported name: lua_newthread
       77    _lua_newuserdata
               exported name: lua_newuserdata
       78    _lua_next
               exported name: lua_next
       79    _lua_objlen
               exported name: lua_objlen
       80    _lua_pcall
               exported name: lua_pcall
       81    _lua_pushboolean
               exported name: lua_pushboolean
       82    _lua_pushcclosure
               exported name: lua_pushcclosure
       83    _lua_pushfstring
               exported name: lua_pushfstring
       84    _lua_pushinteger
               exported name: lua_pushinteger
       85    _lua_pushlightuserdata
               exported name: lua_pushlightuserdata
       86    _lua_pushlstring
               exported name: lua_pushlstring
       87    _lua_pushnil
               exported name: lua_pushnil
       88    _lua_pushnumber
               exported name: lua_pushnumber
       89    _lua_pushstring
               exported name: lua_pushstring
       90    _lua_pushthread
               exported name: lua_pushthread
       91    _lua_pushvalue
               exported name: lua_pushvalue
       92    _lua_pushvfstring
               exported name: lua_pushvfstring
       93    _lua_rawequal
               exported name: lua_rawequal
       94    _lua_rawget
               exported name: lua_rawget
       95    _lua_rawgeti
               exported name: lua_rawgeti
       96    _lua_rawset
               exported name: lua_rawset
       97    _lua_rawseti
               exported name: lua_rawseti
       98    _lua_remove
               exported name: lua_remove
       99    _lua_replace
               exported name: lua_replace
      100    _lua_resume
               exported name: lua_resume
      101    _lua_setallocf
               exported name: lua_setallocf
      102    _lua_setfenv
               exported name: lua_setfenv
      103    _lua_setfield
               exported name: lua_setfield
      104    _lua_sethook
               exported name: lua_sethook
      105    _lua_setlocal
               exported name: lua_setlocal
      106    _lua_setmetatable
               exported name: lua_setmetatable
      107    _lua_settable
               exported name: lua_settable
      108    _lua_settop
               exported name: lua_settop
      109    _lua_setupvalue
               exported name: lua_setupvalue
      110    _lua_status
               exported name: lua_status
      111    _lua_toboolean
               exported name: lua_toboolean
      112    _lua_tocfunction
               exported name: lua_tocfunction
      113    _lua_tointeger
               exported name: lua_tointeger
      114    _lua_tolstring
               exported name: lua_tolstring
      115    _lua_tonumber
               exported name: lua_tonumber
      116    _lua_topointer
               exported name: lua_topointer
      117    _lua_tothread
               exported name: lua_tothread
      118    _lua_touserdata
               exported name: lua_touserdata
      119    _lua_type
               exported name: lua_type
      120    _lua_typename
               exported name: lua_typename
      121    _lua_upvalueid
               exported name: lua_upvalueid
      122    _lua_upvaluejoin
               exported name: lua_upvaluejoin
      123    _lua_xmove
               exported name: lua_xmove
      124    _lua_yield
               exported name: lua_yield
      125    _luaopen_base
               exported name: luaopen_base
      126    _luaopen_bit
               exported name: luaopen_bit
      127    _luaopen_debug
               exported name: luaopen_debug
      128    _luaopen_ffi
               exported name: luaopen_ffi
      129    _luaopen_io
               exported name: luaopen_io
      130    _luaopen_jit
               exported name: luaopen_jit
      131    _luaopen_math
               exported name: luaopen_math
      132    _luaopen_os
               exported name: luaopen_os
      133    _luaopen_package
               exported name: luaopen_package
      134    _luaopen_string
               exported name: luaopen_string
      135    _luaopen_table
               exported name: luaopen_table
