 lib_angelscript

 Timestamp is 52d55508 (Tue Jan 14 18:17:28 2014)

 Preferred load address is 10000000

 Start         Length     Name                   Class
 0001:00000000 0005caeaH .text                   CODE
 0001:0005caf0 0000401aH .text$x                 CODE
 0001:00060b10 0000001bH .text$yc                CODE
 0001:00060b30 0000000dH .text$yd                CODE
 0002:00000000 000000f4H .idata$5                DATA
 0002:000000f4 00000004H .CRT$XCA                DATA
 0002:000000f8 00000008H .CRT$XCL                DATA
 0002:00000100 00000004H .CRT$XCZ                DATA
 0002:00000104 00000004H .CRT$XIA                DATA
 0002:00000108 00000004H .CRT$XIAA               DATA
 0002:0000010c 00000004H .CRT$XIC                DATA
 0002:00000110 00000004H .CRT$XIZ                DATA
 0002:00000118 00009940H .rdata                  DATA
 0002:00009a58 000006dcH .rdata$r                DATA
 0002:0000a140 00000524H .rdata$sxdata           DATA
 0002:0000a664 00000004H .rtc$IAA                DATA
 0002:0000a668 00000004H .rtc$IZZ                DATA
 0002:0000a66c 00000004H .rtc$TAA                DATA
 0002:0000a670 00000004H .rtc$TZZ                DATA
 0002:0000a678 00005794H .xdata$x                DATA
 0002:0000fe0c 00000028H .idata$2                DATA
 0002:0000fe34 00000014H .idata$3                DATA
 0002:0000fe48 000000f4H .idata$4                DATA
 0002:0000ff3c 00000466H .idata$6                DATA
 0002:000103b0 00000246H .edata                  DATA
 0003:00000000 000003a0H .data                   DATA
 0003:000003a0 00000374H .bss                    DATA

  Address         Publics by Value              Rva+Base       Lib:Object

 0000:00000000       __except_list              00000000     <absolute>
 0000:00000149       ___safe_se_handler_count   00000149     <absolute>
 0000:00009876       __fltused                  00009876     <absolute>
 0000:00009876       __ldused                   00009876     <absolute>
 0000:00000000       ___ImageBase               10000000     <linker-defined>
 0001:00000000       ??3@YAXPAX0@Z              10001000 f i as_builder.obj
 0001:00000010       ??0asSSystemFunctionInterface@@QAE@ABU0@@Z 10001010 f i as_builder.obj
 0001:00000060       ??4asSSystemFunctionInterface@@QAEAAU0@ABU0@@Z 10001060 f i as_builder.obj
 0001:000000c0       ??RasCCompGlobVarType@@UBE_NPBX@Z 100010c0 f i as_builder.obj
 0001:000000e0       ??1preMessage_t@asCBuilder@@QAE@XZ 100010e0 f i as_builder.obj
 0001:00000130       ??0sFunctionDescription@@QAE@XZ 10001130 f i as_builder.obj
 0001:00000150       ??4asSTypeBehaviour@@QAEAAU0@ABU0@@Z 10001150 f i as_builder.obj
 0001:000001e0       ??1asSSystemFunctionInterface@@QAE@XZ 100011e0 f i as_builder.obj
 0001:000001f0       ??1?$asCSymbolTable@UsGlobalVariableDescription@@@@QAE@XZ 100011f0 f i as_builder.obj
 0001:000001f0       ??1?$asCSymbolTable@VasCGlobalProperty@@@@QAE@XZ 100011f0 f i as_builder.obj
 0001:000001f0       ??1?$asCSymbolTable@VasCScriptFunction@@@@QAE@XZ 100011f0 f i as_module.obj
 0001:00000240       ??1sPropertyInitializer@@QAE@XZ 10001240 f i as_builder.obj
 0001:00000250       ??1?$asCMap@VasCString@@V?$asCArray@I@@@@QAE@XZ 10001250 f i as_builder.obj
 0001:000002c0       ??1?$asCArray@VasCDataType@@@@QAE@XZ 100012c0 f i as_builder.obj
 0001:000002d0       ?Allocate@?$asCArray@VasCDataType@@@@QAEXI_N@Z 100012d0 f i as_builder.obj
 0001:00000410       ?PushLast@?$asCArray@VasCDataType@@@@QAEXABVasCDataType@@@Z 10001410 f i as_builder.obj
 0001:00000460       ??4?$asCArray@VasCDataType@@@@QAEAAV0@ABV0@@Z 10001460 f i as_builder.obj
 0001:00000480       ??A?$asCArray@VasCString@@@@QAEAAVasCString@@I@Z 10001480 f i as_compiler.obj
 0001:00000480       ??A?$asCArray@VasCDataType@@@@QBEABVasCDataType@@I@Z 10001480 f i as_module.obj
 0001:00000480       ??A?$asCArray@VasCDataType@@@@QAEAAVasCDataType@@I@Z 10001480 f i as_builder.obj
 0001:00000490       ??9?$asCArray@VasCDataType@@@@QBE_NABV0@@Z 10001490 f i as_builder.obj
 0001:000004a0       ??9?$asCArray@W4asETypeModifiers@@@@QBE_NABV0@@Z 100014a0 f i as_builder.obj
 0001:000004b0       ?IndexOf@?$asCArray@PAVasCScriptFunction@@@@QBEHABQAVasCScriptFunction@@@Z 100014b0 f i as_builder.obj
 0001:000004b0       ?IndexOf@?$asCArray@PAX@@QBEHABQAX@Z 100014b0 f i as_restore.obj
 0001:000004b0       ?IndexOf@?$asCArray@PAVasCByteInstruction@@@@QBEHABQAVasCByteInstruction@@@Z 100014b0 f i as_bytecode.obj
 0001:000004b0       ?IndexOf@?$asCArray@H@@QBEHABH@Z 100014b0 f i as_bytecode.obj
 0001:000004b0       ?IndexOf@?$asCArray@PAVasCObjectType@@@@QBEHABQAVasCObjectType@@@Z 100014b0 f i as_configgroup.obj
 0001:000004e0       ??0?$asCArray@H@@QAE@ABV0@@Z 100014e0 f i as_builder.obj
 0001:00000500       ?Get@?$asCSymbolTable@VasCScriptFunction@@@@QAEPAVasCScriptFunction@@I@Z 10001500 f i as_builder.obj
 0001:00000500       ?Get@?$asCSymbolTable@UsGlobalVariableDescription@@@@QAEPAUsGlobalVariableDescription@@I@Z 10001500 f i as_builder.obj
 0001:00000500       ?Get@?$asCSymbolTable@VasCGlobalProperty@@@@QAEPAVasCGlobalProperty@@I@Z 10001500 f i as_builder.obj
 0001:00000520       ?GetIndexes@?$asCSymbolTable@VasCScriptFunction@@@@QBEABV?$asCArray@I@@PBUasSNameSpace@@ABVasCString@@@Z 10001520 f i as_builder.obj
 0001:000005f0       ?Put@?$asCSymbolTable@VasCScriptFunction@@@@QAEHPAVasCScriptFunction@@@Z 100015f0 f i as_builder.obj
 0001:000006e0       ?Erase@?$asCSymbolTable@VasCScriptFunction@@@@QAE_NI@Z 100016e0 f i as_builder.obj
 0001:000007e0       ?GetFirst@?$asCSymbolTable@VasCGlobalProperty@@@@QAEPAVasCGlobalProperty@@PBUasSNameSpace@@ABVasCString@@@Z 100017e0 f i as_builder.obj
 0001:000007e0       ?GetFirst@?$asCSymbolTable@UsGlobalVariableDescription@@@@QAEPAUsGlobalVariableDescription@@PBUasSNameSpace@@ABVasCString@@@Z 100017e0 f i as_builder.obj
 0001:00000800       ?Put@?$asCSymbolTable@VasCGlobalProperty@@@@QAEHPAVasCGlobalProperty@@@Z 10001800 f i as_builder.obj
 0001:000008f0       ?GetSize@?$asCSymbolTable@VasCGlobalProperty@@@@QBEIXZ 100018f0 f i as_builder.obj
 0001:000008f0       ?GetSize@?$asCSymbolTable@UsGlobalVariableDescription@@@@QBEIXZ 100018f0 f i as_builder.obj
 0001:000008f0       ?GetSize@?$asCSymbolTable@VasCScriptFunction@@@@QBEIXZ 100018f0 f i as_module.obj
 0001:00000900       ?SwapWith@?$asCSymbolTable@VasCGlobalProperty@@@@QAEXAAV1@@Z 10001900 f i as_builder.obj
 0001:00000930       ??0?$asCArray@D@@QAE@I@Z   10001930 f i as_compiler.obj
 0001:00000930       ??0?$asCArray@_N@@QAE@I@Z  10001930 f i as_builder.obj
 0001:00000950       ??1?$asCArray@_N@@QAE@XZ   10001950 f i as_builder.obj
 0001:00000950       ??1?$asCArray@D@@QAE@XZ    10001950 f i as_compiler.obj
 0001:00000960       ?Allocate@?$asCArray@D@@QAEXI_N@Z 10001960 f i as_compiler.obj
 0001:00000960       ?Allocate@?$asCArray@_N@@QAEXI_N@Z 10001960 f i as_builder.obj
 0001:00000a50       ??4?$asCArray@_N@@QAEAAV0@ABV0@@Z 10001a50 f i as_builder.obj
 0001:00000a70       ??A?$asCArray@_N@@QAEAA_NI@Z 10001a70 f i as_builder.obj
 0001:00000a80       ??1?$asCArray@VasCString@@@@QAE@XZ 10001a80 f i as_builder.obj
 0001:00000a90       ?Allocate@?$asCArray@VasCString@@@@QAEXI_N@Z 10001a90 f i as_builder.obj
 0001:00000c00       ?PushLast@?$asCArray@VasCString@@@@QAEXABVasCString@@@Z 10001c00 f i as_builder.obj
 0001:00000c50       ??4?$asCArray@VasCString@@@@QAEAAV0@ABV0@@Z 10001c50 f i as_builder.obj
 0001:00000c70       ??1?$asCArray@UsPropertyInitializer@@@@QAE@XZ 10001c70 f i as_builder.obj
 0001:00000c80       ?PushLast@?$asCArray@UsPropertyInitializer@@@@QAEXABUsPropertyInitializer@@@Z 10001c80 f i as_builder.obj
 0001:00000ce0       ?PushLast@?$asCArray@PAUasSEnumValue@@@@QAEXABQAUasSEnumValue@@@Z 10001ce0 f i as_builder.obj
 0001:00000ce0       ?PushLast@?$asCArray@PAUsFunctionDescription@@@@QAEXABQAUsFunctionDescription@@@Z 10001ce0 f i as_builder.obj
 0001:00000ce0       ?PushLast@?$asCArray@I@@QAEXABI@Z 10001ce0 f i as_builder.obj
 0001:00000ce0       ?PushLast@?$asCArray@PAVasCObjectType@@@@QAEXABQAVasCObjectType@@@Z 10001ce0 f i as_builder.obj
 0001:00000ce0       ?PushLast@?$asCArray@PAUsClassDeclaration@@@@QAEXABQAUsClassDeclaration@@@Z 10001ce0 f i as_builder.obj
 0001:00000ce0       ?PushLast@?$asCArray@PAVasCObjectProperty@@@@QAEXABQAVasCObjectProperty@@@Z 10001ce0 f i as_objecttype.obj
 0001:00000ce0       ?PushLast@?$asCArray@PAVasCByteInstruction@@@@QAEXABQAVasCByteInstruction@@@Z 10001ce0 f i as_bytecode.obj
 0001:00000ce0       ?PushLast@?$asCArray@PAVasCScriptFunction@@@@QAEXABQAVasCScriptFunction@@@Z 10001ce0 f i as_builder.obj
 0001:00000ce0       ?PushLast@?$asCArray@W4asETypeModifiers@@@@QAEXABW4asETypeModifiers@@@Z 10001ce0 f i as_builder.obj
 0001:00000ce0       ?PushLast@?$asCArray@PAVasCString@@@@QAEXABQAVasCString@@@Z 10001ce0 f i as_builder.obj
 0001:00000ce0       ?PushLast@?$asCArray@PAU?$asSMapNode@PAXUasSIntTypePair@asCGarbageCollector@@@@@@QAEXABQAU?$asSMapNode@PAXUasSIntTypePair@asCGarbageCollector@@@@@Z 10001ce0 f i as_gc.obj
 0001:00000ce0       ?PushLast@?$asCArray@PAVasCScriptCode@@@@QAEXABQAVasCScriptCode@@@Z 10001ce0 f i as_builder.obj
 0001:00000ce0       ?PushLast@?$asCArray@PAVasIScriptContext@@@@QAEXABQAVasIScriptContext@@@Z 10001ce0 f i as_context.obj
 0001:00000ce0       ?PushLast@?$asCArray@H@@QAEXABH@Z 10001ce0 f i as_builder.obj
 0001:00000ce0       ?PushLast@?$asCArray@PAUsFuncDef@@@@QAEXABQAUsFuncDef@@@Z 10001ce0 f i as_builder.obj
 0001:00000ce0       ?PushLast@?$asCArray@PAUmessage_t@asCOutputBuffer@@@@QAEXABQAUmessage_t@asCOutputBuffer@@@Z 10001ce0 f i as_outputbuffer.obj
 0001:00000ce0       ?PushLast@?$asCArray@PAVasCGlobalProperty@@@@QAEXABQAVasCGlobalProperty@@@Z 10001ce0 f i as_builder.obj
 0001:00000ce0       ?PushLast@?$asCArray@PAUasSScriptVariable@@@@QAEXABQAUasSScriptVariable@@@Z 10001ce0 f i as_restore.obj
 0001:00000ce0       ?PushLast@?$asCArray@PAUasSExprContext@@@@QAEXABQAUasSExprContext@@@Z 10001ce0 f i as_compiler.obj
 0001:00000ce0       ?PushLast@?$asCArray@PAUsBindInfo@@@@QAEXABQAUsBindInfo@@@Z 10001ce0 f i as_module.obj
 0001:00000ce0       ?PushLast@?$asCArray@PAVasCScriptNode@@@@QAEXABQAVasCScriptNode@@@Z 10001ce0 f i as_compiler.obj
 0001:00000ce0       ?PushLast@?$asCArray@PAUSListAdjuster@asCReader@@@@QAEXABQAUSListAdjuster@asCReader@@@Z 10001ce0 f i as_restore.obj
 0001:00000ce0       ?PushLast@?$asCArray@PAVasCParser@@@@QAEXABQAVasCParser@@@Z 10001ce0 f i as_builder.obj
 0001:00000ce0       ?PushLast@?$asCArray@PAVasCModule@@@@QAEXABQAVasCModule@@@Z 10001ce0 f i as_scriptengine.obj
 0001:00000ce0       ?PushLast@?$asCArray@PAUsGlobalVariableDescription@@@@QAEXABQAUsGlobalVariableDescription@@@Z 10001ce0 f i as_builder.obj
 0001:00000ce0       ?PushLast@?$asCArray@PAUSListAdjuster@asCWriter@@@@QAEXABQAUSListAdjuster@asCWriter@@@Z 10001ce0 f i as_restore.obj
 0001:00000ce0       ?PushLast@?$asCArray@PAX@@QAEXABQAX@Z 10001ce0 f i as_gc.obj
 0001:00000ce0       ?PushLast@?$asCArray@PAUsMixinClass@@@@QAEXABQAUsMixinClass@@@Z 10001ce0 f i as_builder.obj
 0001:00000ce0       ?PushLast@?$asCArray@PAVasCConfigGroup@@@@QAEXABQAVasCConfigGroup@@@Z 10001ce0 f i as_configgroup.obj
 0001:00000d20       ?GetFirst@?$asCSymbolTable@UsGlobalVariableDescription@@@@QBEPAUsGlobalVariableDescription@@PBUasSNameSpace@@ABVasCString@@ABUasIFilter@@@Z 10001d20 f i as_builder.obj
 0001:00000d50       ?Put@?$asCSymbolTable@UsGlobalVariableDescription@@@@QAEHPAUsGlobalVariableDescription@@@Z 10001d50 f i as_builder.obj
 0001:00000e40       ?Erase@?$asCSymbolTable@UsGlobalVariableDescription@@@@QAE_NI@Z 10001e40 f i as_builder.obj
 0001:00000f40       ??1?$asCArray@PAUsGlobalVariableDescription@@@@QAE@XZ 10001f40 f i as_builder.obj
 0001:00000f40       ??1?$asCArray@PAUsMixinClass@@@@QAE@XZ 10001f40 f i as_builder.obj
 0001:00000f40       ??1?$asCArray@PAUasSScriptVariable@@@@QAE@XZ 10001f40 f i as_scriptfunction.obj
 0001:00000f40       ??1?$asCArray@PAUsFuncDef@@@@QAE@XZ 10001f40 f i as_builder.obj
 0001:00000f40       ??1?$asCArray@PAUSListAdjuster@asCWriter@@@@QAE@XZ 10001f40 f i as_module.obj
 0001:00000f40       ??1?$asCArray@PAUsBindInfo@@@@QAE@XZ 10001f40 f i as_module.obj
 0001:00000f40       ??1?$asCArray@PAVasIScriptContext@@@@QAE@XZ 10001f40 f i as_thread.obj
 0001:00000f40       ??1?$asCArray@PAU?$asSMapNode@PAXUasSIntTypePair@asCGarbageCollector@@@@@@QAE@XZ 10001f40 f i as_gc.obj
 0001:00000f40       ??1?$asCArray@I@@QAE@XZ    10001f40 f i as_builder.obj
 0001:00000f40       ??1?$asCArray@PAVasCScriptNode@@@@QAE@XZ 10001f40 f i as_compiler.obj
 0001:00000f40       ??1?$asCArray@H@@QAE@XZ    10001f40 f i as_builder.obj
 0001:00000f40       ??1?$asCArray@PAVasCModule@@@@QAE@XZ 10001f40 f i as_scriptengine.obj
 0001:00000f40       ??1?$asCArray@PAUSListAdjuster@asCReader@@@@QAE@XZ 10001f40 f i as_module.obj
 0001:00000f40       ??1?$asCArray@PAUsClassDeclaration@@@@QAE@XZ 10001f40 f i as_builder.obj
 0001:00000f40       ??1?$asCArray@PAVasCScriptFunction@@@@QAE@XZ 10001f40 f i as_configgroup.obj
 0001:00000f40       ??1?$asCArray@K@@QAE@XZ    10001f40 f i as_scriptfunction.obj
 0001:00000f40       ??1?$asCArray@PAVasCObjectProperty@@@@QAE@XZ 10001f40 f i as_objecttype.obj
 0001:00000f40       ??1?$asCArray@W4asETypeModifiers@@@@QAE@XZ 10001f40 f i as_builder.obj
 0001:00000f40       ??1?$asCArray@PAVasCGlobalProperty@@@@QAE@XZ 10001f40 f i as_builder.obj
 0001:00000f40       ??1?$asCArray@PAUsFunctionDescription@@@@QAE@XZ 10001f40 f i as_builder.obj
 0001:00000f40       ??1?$asCArray@PAVasCByteInstruction@@@@QAE@XZ 10001f40 f i as_bytecode.obj
 0001:00000f40       ??1?$asCArray@PAVasCObjectType@@@@QAE@XZ 10001f40 f i as_configgroup.obj
 0001:00000f40       ??1?$asCArray@PAUasSExprContext@@@@QAE@XZ 10001f40 f i as_compiler.obj
 0001:00000f40       ??1?$asCArray@PAX@@QAE@XZ  10001f40 f i as_gc.obj
 0001:00000f40       ??1?$asCArray@PAUasSEnumValue@@@@QAE@XZ 10001f40 f i as_objecttype.obj
 0001:00000f40       ??1?$asCArray@PAUsVariable@@@@QAE@XZ 10001f40 f i as_variablescope.obj
 0001:00000f40       ??1?$asCArray@PAVasCParser@@@@QAE@XZ 10001f40 f i as_builder.obj
 0001:00000f40       ??1?$asCArray@PAK@@QAE@XZ  10001f40 f i as_context.obj
 0001:00000f40       ??1?$asCArray@PAVasCConfigGroup@@@@QAE@XZ 10001f40 f i as_configgroup.obj
 0001:00000f40       ??1?$asCArray@PAUasSNameSpace@@@@QAE@XZ 10001f40 f i as_scriptengine.obj
 0001:00000f40       ??1?$asCArray@PAUmessage_t@asCOutputBuffer@@@@QAE@XZ 10001f40 f i as_builder.obj
 0001:00000f40       ??1?$asCArray@PAVasCString@@@@QAE@XZ 10001f40 f i as_builder.obj
 0001:00000f40       ??1?$asCArray@PAVasCScriptCode@@@@QAE@XZ 10001f40 f i as_builder.obj
 0001:00000f50       ?RemoveIndex@?$asCArray@I@@QAEXI@Z 10001f50 f i as_builder.obj
 0001:00000f50       ?RemoveIndex@?$asCArray@H@@QAEXI@Z 10001f50 f i as_builder.obj
 0001:00000f50       ?RemoveIndex@?$asCArray@PAVasCScriptFunction@@@@QAEXI@Z 10001f50 f i as_builder.obj
 0001:00000f50       ?RemoveIndex@?$asCArray@PAVasCObjectType@@@@QAEXI@Z 10001f50 f i as_configgroup.obj
 0001:00000f50       ?RemoveIndex@?$asCArray@PAVasCModule@@@@QAEXI@Z 10001f50 f i as_module.obj
 0001:00000f50       ?RemoveIndex@?$asCArray@PAUsClassDeclaration@@@@QAEXI@Z 10001f50 f i as_builder.obj
 0001:00000f80       ??F?$asCSymbolTableIterator@UsGlobalVariableDescription@@U1@@@QAEAAV0@H@Z 10001f80 f i as_builder.obj
 0001:00000f90       ??B?$asCSymbolTableIterator@VasCGlobalProperty@@V1@@@QBE_NXZ 10001f90 f i as_module.obj
 0001:00000f90       ??B?$asCSymbolTableIterator@UsGlobalVariableDescription@@U1@@@QBE_NXZ 10001f90 f i as_builder.obj
 0001:00000f90       ??B?$asCSymbolTableIterator@VasCScriptFunction@@V1@@@QBE_NXZ 10001f90 f i as_module.obj
 0001:00000fc0       ??1?$asSMapNode@VasCString@@V?$asCArray@I@@@@QAE@XZ 10001fc0 f i as_builder.obj
 0001:00001010       ??0?$asCArray@PAVasCParser@@@@QAE@I@Z 10002010 f i as_builder.obj
 0001:00001010       ??0?$asCArray@I@@QAE@I@Z   10002010 f i as_builder.obj
 0001:00001010       ??0?$asCArray@PAUsClassDeclaration@@@@QAE@I@Z 10002010 f i as_builder.obj
 0001:00001010       ??0?$asCArray@PAVasCScriptNode@@@@QAE@I@Z 10002010 f i as_compiler.obj
 0001:00001030       ??0?$asCMap@VasCString@@V?$asCArray@I@@@@QAE@XZ 10002030 f i as_builder.obj
 0001:00001060       ?Insert@?$asCMap@VasCString@@V?$asCArray@I@@@@QAEHABVasCString@@ABV?$asCArray@I@@@Z 10002060 f i as_builder.obj
 0001:000010d0       ?GetValue@?$asCMap@VasCString@@V?$asCArray@I@@@@QBEABV?$asCArray@I@@PBU?$asSMapNode@VasCString@@V?$asCArray@I@@@@@Z 100020d0 f i as_builder.obj
 0001:000010d0       ?GetValue@?$asCMap@VasCString@@V?$asCArray@I@@@@QAEAAV?$asCArray@I@@PAU?$asSMapNode@VasCString@@V?$asCArray@I@@@@@Z 100020d0 f i as_builder.obj
 0001:000010f0       ?Erase@?$asCMap@VasCString@@V?$asCArray@I@@@@QAEXPAU?$asSMapNode@VasCString@@V?$asCArray@I@@@@@Z 100020f0 f i as_builder.obj
 0001:00001160       ?EraseAll@?$asCMap@VasCString@@V?$asCArray@I@@@@QAEXXZ 10002160 f i as_builder.obj
 0001:00001180       ?SwapWith@?$asCMap@VasCString@@V?$asCArray@I@@@@QAEXAAV1@@Z 10002180 f i as_builder.obj
 0001:000011a0       ?MoveTo@?$asCMap@VasCString@@V?$asCArray@I@@@@QBE_NPAPAU?$asSMapNode@VasCString@@V?$asCArray@I@@@@ABVasCString@@@Z 100021a0 f i as_builder.obj
 0001:00001200       ?Copy@?$asCArray@VasCDataType@@@@QAEXPBVasCDataType@@I@Z 10002200 f i as_builder.obj
 0001:00001250       ??8?$asCArray@VasCDataType@@@@QBE_NABV0@@Z 10002250 f i as_builder.obj
 0001:000012a0       ??8?$asCArray@W4asETypeModifiers@@@@QBE_NABV0@@Z 100022a0 f i as_builder.obj
 0001:000012e0       ?GetKey@?$asCSymbolTable@VasCScriptFunction@@@@ABEXPBVasCScriptFunction@@AAVasCString@@@Z 100022e0 f i as_builder.obj
 0001:00001300       ?CheckIdx@?$asCSymbolTable@VasCScriptFunction@@@@ABE_NI@Z 10002300 f i as_builder.obj
 0001:00001300       ?CheckIdx@?$asCSymbolTable@VasCGlobalProperty@@@@ABE_NI@Z 10002300 f i as_builder.obj
 0001:00001300       ?CheckIdx@?$asCSymbolTable@UsGlobalVariableDescription@@@@ABE_NI@Z 10002300 f i as_builder.obj
 0001:00001320       ?SwapWith@?$asCArray@PAVasCGlobalProperty@@@@QAEXAAV1@@Z 10002320 f i as_builder.obj
 0001:00001390       ?GetFirstIndex@?$asCSymbolTable@VasCGlobalProperty@@@@QBEHPBUasSNameSpace@@ABVasCString@@@Z 10002390 f i as_builder.obj
 0001:00001390       ?GetFirstIndex@?$asCSymbolTable@UsGlobalVariableDescription@@@@QBEHPBUasSNameSpace@@ABVasCString@@@Z 10002390 f i as_builder.obj
 0001:00001440       ?GetKey@?$asCSymbolTable@VasCGlobalProperty@@@@ABEXPBVasCGlobalProperty@@AAVasCString@@@Z 10002440 f i as_builder.obj
 0001:00001450       ?Copy@?$asCArray@_N@@QAEXPB_NI@Z 10002450 f i as_builder.obj
 0001:00001490       ?Copy@?$asCArray@VasCString@@@@QAEXPBVasCString@@I@Z 10002490 f i as_builder.obj
 0001:000014e0       ?Allocate@?$asCArray@UsPropertyInitializer@@@@QAEXI_N@Z 100024e0 f i as_builder.obj
 0001:000016c0       ?Previous@?$asCSymbolTableIterator@UsGlobalVariableDescription@@U1@@@AAEXXZ 100026c0 f i as_builder.obj
 0001:00001700       ?Allocate@?$asCArray@PAVasCScriptCode@@@@QAEXI_N@Z 10002700 f i as_builder.obj
 0001:00001700       ?Allocate@?$asCArray@PAUsFuncDef@@@@QAEXI_N@Z 10002700 f i as_builder.obj
 0001:00001700       ?Allocate@?$asCArray@PAVasCScriptFunction@@@@QAEXI_N@Z 10002700 f i as_builder.obj
 0001:00001700       ?Allocate@?$asCArray@PAK@@QAEXI_N@Z 10002700 f i as_context.obj
 0001:00001700       ?Allocate@?$asCArray@PAVasCGlobalProperty@@@@QAEXI_N@Z 10002700 f i as_builder.obj
 0001:00001700       ?Allocate@?$asCArray@PAU?$asSMapNode@PAXUasSIntTypePair@asCGarbageCollector@@@@@@QAEXI_N@Z 10002700 f i as_gc.obj
 0001:00001700       ?Allocate@?$asCArray@PAVasCObjectProperty@@@@QAEXI_N@Z 10002700 f i as_objecttype.obj
 0001:00001700       ?Allocate@?$asCArray@PAUSListAdjuster@asCReader@@@@QAEXI_N@Z 10002700 f i as_module.obj
 0001:00001700       ?Allocate@?$asCArray@PAVasCObjectType@@@@QAEXI_N@Z 10002700 f i as_builder.obj
 0001:00001700       ?Allocate@?$asCArray@PAUasSEnumValue@@@@QAEXI_N@Z 10002700 f i as_builder.obj
 0001:00001700       ?Allocate@?$asCArray@I@@QAEXI_N@Z 10002700 f i as_builder.obj
 0001:00001700       ?Allocate@?$asCArray@PAVasCModule@@@@QAEXI_N@Z 10002700 f i as_scriptengine.obj
 0001:00001700       ?Allocate@?$asCArray@PAVasCByteInstruction@@@@QAEXI_N@Z 10002700 f i as_bytecode.obj
 0001:00001700       ?Allocate@?$asCArray@PAUmessage_t@asCOutputBuffer@@@@QAEXI_N@Z 10002700 f i as_builder.obj
 0001:00001700       ?Allocate@?$asCArray@PAX@@QAEXI_N@Z 10002700 f i as_gc.obj
 0001:00001700       ?Allocate@?$asCArray@PAVasCString@@@@QAEXI_N@Z 10002700 f i as_builder.obj
 0001:00001700       ?Allocate@?$asCArray@PAUasSScriptVariable@@@@QAEXI_N@Z 10002700 f i as_restore.obj
 0001:00001700       ?Allocate@?$asCArray@PAUsMixinClass@@@@QAEXI_N@Z 10002700 f i as_builder.obj
 0001:00001700       ?Allocate@?$asCArray@W4asETypeModifiers@@@@QAEXI_N@Z 10002700 f i as_builder.obj
 0001:00001700       ?Allocate@?$asCArray@PAVasCScriptNode@@@@QAEXI_N@Z 10002700 f i as_compiler.obj
 0001:00001700       ?Allocate@?$asCArray@K@@QAEXI_N@Z 10002700 f i as_compiler.obj
 0001:00001700       ?Allocate@?$asCArray@PAUsBindInfo@@@@QAEXI_N@Z 10002700 f i as_module.obj
 0001:00001700       ?Allocate@?$asCArray@PAVasCParser@@@@QAEXI_N@Z 10002700 f i as_builder.obj
 0001:00001700       ?Allocate@?$asCArray@PAUasSExprContext@@@@QAEXI_N@Z 10002700 f i as_compiler.obj
 0001:00001700       ?Allocate@?$asCArray@PAUasSNameSpace@@@@QAEXI_N@Z 10002700 f i as_scriptengine.obj
 0001:00001700       ?Allocate@?$asCArray@PAUsClassDeclaration@@@@QAEXI_N@Z 10002700 f i as_builder.obj
 0001:00001700       ?Allocate@?$asCArray@PAUsVariable@@@@QAEXI_N@Z 10002700 f i as_variablescope.obj
 0001:00001700       ?Allocate@?$asCArray@H@@QAEXI_N@Z 10002700 f i as_builder.obj
 0001:00001700       ?Allocate@?$asCArray@PAUsGlobalVariableDescription@@@@QAEXI_N@Z 10002700 f i as_builder.obj
 0001:00001700       ?Allocate@?$asCArray@PAVasIScriptContext@@@@QAEXI_N@Z 10002700 f i as_context.obj
 0001:00001700       ?Allocate@?$asCArray@PAVasCConfigGroup@@@@QAEXI_N@Z 10002700 f i as_configgroup.obj
 0001:00001700       ?Allocate@?$asCArray@PAUsFunctionDescription@@@@QAEXI_N@Z 10002700 f i as_builder.obj
 0001:00001700       ?Allocate@?$asCArray@PAUSListAdjuster@asCWriter@@@@QAEXI_N@Z 10002700 f i as_module.obj
 0001:00001800       ??_G?$asSMapNode@VasCString@@V?$asCArray@I@@@@QAEPAXI@Z 10002800 f i as_builder.obj
 0001:00001850       ?Insert@?$asCMap@VasCString@@V?$asCArray@I@@@@QAEHPAU?$asSMapNode@VasCString@@V?$asCArray@I@@@@@Z 10002850 f i as_builder.obj
 0001:000018c0       ?Remove@?$asCMap@VasCString@@V?$asCArray@I@@@@QAEPAU?$asSMapNode@VasCString@@V?$asCArray@I@@@@PAU2@@Z 100028c0 f i as_builder.obj
 0001:00001970       ?EraseAll@?$asCMap@VasCString@@V?$asCArray@I@@@@IAEHPAU?$asSMapNode@VasCString@@V?$asCArray@I@@@@@Z 10002970 f i as_builder.obj
 0001:000019c0       ?BuildKey@?$asCSymbolTable@VasCScriptFunction@@@@ABEXPBUasSNameSpace@@ABVasCString@@AAV3@@Z 100029c0 f i as_builder.obj
 0001:000019c0       ?BuildKey@?$asCSymbolTable@VasCGlobalProperty@@@@ABEXPBUasSNameSpace@@ABVasCString@@AAV3@@Z 100029c0 f i as_builder.obj
 0001:000019c0       ?BuildKey@?$asCSymbolTable@UsGlobalVariableDescription@@@@ABEXPBUasSNameSpace@@ABVasCString@@AAV3@@Z 100029c0 f i as_builder.obj
 0001:00001a40       ?RotateLeft@?$asCMap@VasCString@@V?$asCArray@I@@@@IAEHPAU?$asSMapNode@VasCString@@V?$asCArray@I@@@@@Z 10002a40 f i as_builder.obj
 0001:00001a40       ?RotateLeft@?$asCMap@PAXPAVasCGlobalProperty@@@@IAEHPAU?$asSMapNode@PAXPAVasCGlobalProperty@@@@@Z 10002a40 f i as_module.obj
 0001:00001a40       ?RotateLeft@?$asCMap@PAX_N@@IAEHPAU?$asSMapNode@PAX_N@@@Z 10002a40 f i as_restore.obj
 0001:00001a40       ?RotateLeft@?$asCMap@PAXUasSIntTypePair@asCGarbageCollector@@@@IAEHPAU?$asSMapNode@PAXUasSIntTypePair@asCGarbageCollector@@@@@Z 10002a40 f i as_gc.obj
 0001:00001a40       ?RotateLeft@?$asCMap@VasCStringPointer@@H@@IAEHPAU?$asSMapNode@VasCStringPointer@@H@@@Z 10002a40 f i as_restore.obj
 0001:00001a40       ?RotateLeft@?$asCMap@PAVasCScriptFunction@@_N@@IAEHPAU?$asSMapNode@PAVasCScriptFunction@@_N@@@Z 10002a40 f i as_restore.obj
 0001:00001a40       ?RotateLeft@?$asCMap@HPAVasCDataType@@@@IAEHPAU?$asSMapNode@HPAVasCDataType@@@@@Z 10002a40 f i as_scriptengine.obj
 0001:00001a40       ?RotateLeft@?$asCMap@HH@@IAEHPAU?$asSMapNode@HH@@@Z 10002a40 f i as_restore.obj
 0001:00001a90       ?RotateRight@?$asCMap@VasCStringPointer@@H@@IAEHPAU?$asSMapNode@VasCStringPointer@@H@@@Z 10002a90 f i as_restore.obj
 0001:00001a90       ?RotateRight@?$asCMap@PAXPAVasCGlobalProperty@@@@IAEHPAU?$asSMapNode@PAXPAVasCGlobalProperty@@@@@Z 10002a90 f i as_module.obj
 0001:00001a90       ?RotateRight@?$asCMap@VasCString@@V?$asCArray@I@@@@IAEHPAU?$asSMapNode@VasCString@@V?$asCArray@I@@@@@Z 10002a90 f i as_builder.obj
 0001:00001a90       ?RotateRight@?$asCMap@HH@@IAEHPAU?$asSMapNode@HH@@@Z 10002a90 f i as_restore.obj
 0001:00001a90       ?RotateRight@?$asCMap@PAVasCScriptFunction@@_N@@IAEHPAU?$asSMapNode@PAVasCScriptFunction@@_N@@@Z 10002a90 f i as_restore.obj
 0001:00001a90       ?RotateRight@?$asCMap@PAX_N@@IAEHPAU?$asSMapNode@PAX_N@@@Z 10002a90 f i as_restore.obj
 0001:00001a90       ?RotateRight@?$asCMap@PAXUasSIntTypePair@asCGarbageCollector@@@@IAEHPAU?$asSMapNode@PAXUasSIntTypePair@asCGarbageCollector@@@@@Z 10002a90 f i as_gc.obj
 0001:00001a90       ?RotateRight@?$asCMap@HPAVasCDataType@@@@IAEHPAU?$asSMapNode@HPAVasCDataType@@@@@Z 10002a90 f i as_scriptengine.obj
 0001:00001ae0       ?Exists@?$asCArray@PAVasCScriptFunction@@@@QBE_NABQAVasCScriptFunction@@@Z 10002ae0 f i as_scriptengine.obj
 0001:00001ae0       ?Exists@?$asCArray@H@@QBE_NABH@Z 10002ae0 f i as_bytecode.obj
 0001:00001ae0       ?Exists@?$asCArray@PAVasCObjectType@@@@QBE_NABQAVasCObjectType@@@Z 10002ae0 f i as_scriptengine.obj
 0001:00001ae0       ?Exists@?$asCArray@PAX@@QBE_NABQAX@Z 10002ae0 f i as_scriptfunction.obj
 0001:00001ae0       ?Exists@?$asCArray@PAVasCByteInstruction@@@@QBE_NABQAVasCByteInstruction@@@Z 10002ae0 f i as_bytecode.obj
 0001:00001af0       ?PushLast@?$asCArray@UasSObjectVariableInfo@@@@QAEXABUasSObjectVariableInfo@@@Z 10002af0 f i as_bytecode.obj
 0001:00001b40       ?PopLast@?$asCArray@UasSObjectVariableInfo@@@@QAE?AUasSObjectVariableInfo@@XZ 10002b40 f i as_bytecode.obj
 0001:00001b40       ?PopLast@?$asCArray@UasSObjTypePair@asCGarbageCollector@@@@QAE?AUasSObjTypePair@asCGarbageCollector@@XZ 10002b40 f i as_gc.obj
 0001:00001b60       ??1?$asCArray@F@@QAE@XZ    10002b60 f i as_bytecode.obj
 0001:00001b70       ?PushLast@?$asCArray@F@@QAEXABF@Z 10002b70 f i as_bytecode.obj
 0001:00001bb0       ?Exists@?$asCArray@F@@QBE_NABF@Z 10002bb0 f i as_bytecode.obj
 0001:00001bc0       ?Allocate@?$asCArray@F@@QAEXI_N@Z 10002bc0 f i as_bytecode.obj
 0001:00001cc0       ?IndexOf@?$asCArray@F@@QBEHABF@Z 10002cc0 f i as_bytecode.obj
 0001:00001cf0       ??0asSDeferredParam@@QAE@XZ 10002cf0 f i as_compiler.obj
 0001:00001d10       ??0asSExprContext@@QAE@PAVasCScriptEngine@@@Z 10002d10 f i as_compiler.obj
 0001:00001d60       ??1asSExprContext@@QAE@XZ  10002d60 f i as_compiler.obj
 0001:00001de0       ?Clear@asSExprContext@@QAEXXZ 10002de0 f i as_compiler.obj
 0001:00001e50       ?IsClassMethod@asSExprContext@@QAE_NXZ 10002e50 f i as_compiler.obj
 0001:00001e90       ??4asCTypeInfo@@QAEAAU0@ABU0@@Z 10002e90 f i as_compiler.obj
 0001:00001f50       ??0asCTypeInfo@@QAE@ABU0@@Z 10002f50 f i as_compiler.obj
 0001:00002010       ?SetLength@?$asCArray@I@@QAE_NI@Z 10003010 f i as_context.obj
 0001:00002010       ?SetLength@?$asCArray@W4asETypeModifiers@@@@QAE_NI@Z 10003010 f i as_scriptengine.obj
 0001:00002010       ?SetLength@?$asCArray@PAVasCScriptFunction@@@@QAE_NI@Z 10003010 f i as_configgroup.obj
 0001:00002010       ?SetLength@?$asCArray@PAVasCString@@@@QAE_NI@Z 10003010 f i as_restore.obj
 0001:00002010       ?SetLength@?$asCArray@PAUasSExprContext@@@@QAE_NI@Z 10003010 f i as_compiler.obj
 0001:00002010       ?SetLength@?$asCArray@H@@QAE_NI@Z 10003010 f i as_bytecode.obj
 0001:00002010       ?SetLength@?$asCArray@K@@QAE_NI@Z 10003010 f i as_compiler.obj
 0001:00002030       ?Concatenate@?$asCArray@PAVasCObjectType@@@@QAEXABV1@@Z 10003030 f i as_scriptengine.obj
 0001:00002030       ?Concatenate@?$asCArray@H@@QAEXABV1@@Z 10003030 f i as_compiler.obj
 0001:00002080       ??A?$asCArray@UsPropertyInitializer@@@@QAEAAUsPropertyInitializer@@I@Z 10003080 f i as_compiler.obj
 0001:00002090       ??1?$asCArray@UasSDeferredParam@@@@QAE@XZ 10003090 f i as_compiler.obj
 0001:000020a0       ?PushLast@?$asCArray@UasSDeferredParam@@@@QAEXABUasSDeferredParam@@@Z 100030a0 f i as_compiler.obj
 0001:00002100       ?SetLength@?$asCArray@PAVasCObjectType@@@@QAE_NI@Z 10003100 f i as_configgroup.obj
 0001:00002100       ?SetLength@?$asCArray@PAK@@QAE_NI@Z 10003100 f i as_context.obj
 0001:00002100       ?SetLength@?$asCArray@PAX@@QAE_NI@Z 10003100 f i as_gc.obj
 0001:00002100       ?SetLength@?$asCArray@PAVasCObjectProperty@@@@QAE_NI@Z 10003100 f i as_objecttype.obj
 0001:00002100       ?SetLength@?$asCArray@PAUasSNameSpace@@@@QAE_NI@Z 10003100 f i as_scriptengine.obj
 0001:00002100       ?SetLength@?$asCArray@PAUsBindInfo@@@@QAE_NI@Z 10003100 f i as_module.obj
 0001:00002100       ?SetLength@?$asCArray@PAVasCConfigGroup@@@@QAE_NI@Z 10003100 f i as_configgroup.obj
 0001:00002100       ?SetLength@?$asCArray@PAUasSScriptVariable@@@@QAE_NI@Z 10003100 f i as_scriptfunction.obj
 0001:00002100       ?SetLength@?$asCArray@PAUmessage_t@asCOutputBuffer@@@@QAE_NI@Z 10003100 f i as_outputbuffer.obj
 0001:00002100       ?SetLength@?$asCArray@UasSOverloadCandidate@@@@QAE_NI@Z 10003100 f i as_compiler.obj
 0001:00002100       ?SetLength@?$asCArray@PAUsClassDeclaration@@@@QAE_NI@Z 10003100 f i as_builder.obj
 0001:00002100       ?SetLength@?$asCArray@PAVasCModule@@@@QAE_NI@Z 10003100 f i as_scriptengine.obj
 0001:00002100       ?SetLength@?$asCArray@PAVasCGlobalProperty@@@@QAE_NI@Z 10003100 f i as_configgroup.obj
 0001:00002100       ?SetLength@?$asCArray@PAU?$asSMapNode@PAXUasSIntTypePair@asCGarbageCollector@@@@@@QAE_NI@Z 10003100 f i as_gc.obj
 0001:00002100       ?SetLength@?$asCArray@PAUasSEnumValue@@@@QAE_NI@Z 10003100 f i as_objecttype.obj
 0001:00002100       ?SetLength@?$asCArray@PAUsVariable@@@@QAE_NI@Z 10003100 f i as_variablescope.obj
 0001:00002100       ?SetLength@?$asCArray@PAUsGlobalVariableDescription@@@@QAE_NI@Z 10003100 f i as_builder.obj
 0001:00002100       ?SetLength@?$asCArray@UasSDeferredParam@@@@QAE_NI@Z 10003100 f i as_compiler.obj
 0001:00002110       ??A?$asCArray@UasSDeferredParam@@@@QAEAAUasSDeferredParam@@I@Z 10003110 f i as_compiler.obj
 0001:00002120       ??0?$asCArray@VasCDataType@@@@QAE@XZ 10003120 f i as_builder.obj
 0001:00002120       ??0?$asCArray@UsPropertyInitializer@@@@QAE@XZ 10003120 f i as_builder.obj
 0001:00002120       ??0?$asCArray@H@@QAE@XZ    10003120 f i as_builder.obj
 0001:00002120       ??0?$asCArray@PAUsClassDeclaration@@@@QAE@XZ 10003120 f i as_builder.obj
 0001:00002120       ??0?$asCArray@PAVasCGlobalProperty@@@@QAE@XZ 10003120 f i as_configgroup.obj
 0001:00002120       ??0?$asCArray@I@@QAE@XZ    10003120 f i as_builder.obj
 0001:00002120       ??0?$asCArray@UasSObjTypePair@asCGarbageCollector@@@@QAE@XZ 10003120 f i as_gc.obj
 0001:00002120       ??0?$asCArray@PAUasSEnumValue@@@@QAE@XZ 10003120 f i as_objecttype.obj
 0001:00002120       ??0?$asCArray@PAUSListAdjuster@asCWriter@@@@QAE@XZ 10003120 f i as_restore.obj
 0001:00002120       ??0?$asCArray@PAUsFunctionDescription@@@@QAE@XZ 10003120 f i as_builder.obj
 0001:00002120       ??0?$asCArray@PAUsMixinClass@@@@QAE@XZ 10003120 f i as_builder.obj
 0001:00002120       ??0?$asCArray@PAVasCModule@@@@QAE@XZ 10003120 f i as_scriptengine.obj
 0001:00002120       ??0?$asCArray@PAX@@QAE@XZ  10003120 f i as_gc.obj
 0001:00002120       ??0?$asCArray@UasSDeferredParam@@@@QAE@XZ 10003120 f i as_compiler.obj
 0001:00002120       ??0?$asCArray@VasCString@@@@QAE@XZ 10003120 f i as_builder.obj
 0001:00002120       ??0?$asCArray@PAVasCScriptCode@@@@QAE@XZ 10003120 f i as_builder.obj
 0001:00002120       ??0?$asCArray@USObjProp@asCReader@@@@QAE@XZ 10003120 f i as_restore.obj
 0001:00002120       ??0?$asCArray@PAVasCByteInstruction@@@@QAE@XZ 10003120 f i as_bytecode.obj
 0001:00002120       ??0?$asCArray@PAUsFuncDef@@@@QAE@XZ 10003120 f i as_builder.obj
 0001:00002120       ??0?$asCArray@K@@QAE@XZ    10003120 f i as_scriptfunction.obj
 0001:00002120       ??0?$asCArray@PAU?$asSMapNode@PAXUasSIntTypePair@asCGarbageCollector@@@@@@QAE@XZ 10003120 f i as_gc.obj
 0001:00002120       ??0?$asCArray@PAUsVariable@@@@QAE@XZ 10003120 f i as_variablescope.obj
 0001:00002120       ??0?$asCArray@USObjProp@asCWriter@@@@QAE@XZ 10003120 f i as_restore.obj
 0001:00002120       ??0?$asCArray@F@@QAE@XZ    10003120 f i as_bytecode.obj
 0001:00002120       ??0?$asCArray@PAUasSNameSpace@@@@QAE@XZ 10003120 f i as_scriptengine.obj
 0001:00002120       ??0?$asCArray@PAVasCObjectProperty@@@@QAE@XZ 10003120 f i as_objecttype.obj
 0001:00002120       ??0?$asCArray@PAUasSScriptVariable@@@@QAE@XZ 10003120 f i as_scriptfunction.obj
 0001:00002120       ??0?$asCArray@PAVasCScriptFunction@@@@QAE@XZ 10003120 f i as_configgroup.obj
 0001:00002120       ??0?$asCArray@UasSObjectVariableInfo@@@@QAE@XZ 10003120 f i as_scriptfunction.obj
 0001:00002120       ??0?$asCArray@W4asETypeModifiers@@@@QAE@XZ 10003120 f i as_builder.obj
 0001:00002120       ??0?$asCArray@PAUasSExprContext@@@@QAE@XZ 10003120 f i as_compiler.obj
 0001:00002120       ??0?$asCArray@USEngineClean@asCScriptEngine@@@@QAE@XZ 10003120 f i as_scriptengine.obj
 0001:00002120       ??0?$asCArray@USInfo@SListAdjuster@asCReader@@@@QAE@XZ 10003120 f i as_restore.obj
 0001:00002120       ??0?$asCArray@USInfo@SListAdjuster@asCWriter@@@@QAE@XZ 10003120 f i as_restore.obj
 0001:00002120       ??0?$asCArray@PAUsBindInfo@@@@QAE@XZ 10003120 f i as_module.obj
 0001:00002120       ??0?$asCArray@PAVasCObjectType@@@@QAE@XZ 10003120 f i as_configgroup.obj
 0001:00002120       ??0?$asCArray@USObjTypeClean@asCScriptEngine@@@@QAE@XZ 10003120 f i as_scriptengine.obj
 0001:00002120       ??0?$asCArray@UasSOverloadCandidate@@@@QAE@XZ 10003120 f i as_compiler.obj
 0001:00002120       ??0?$asCArray@PAUSListAdjuster@asCReader@@@@QAE@XZ 10003120 f i as_restore.obj
 0001:00002120       ??0?$asCArray@_N@@QAE@XZ   10003120 f i as_builder.obj
 0001:00002120       ??0?$asCArray@PAK@@QAE@XZ  10003120 f i as_context.obj
 0001:00002120       ??0?$asCArray@PAVasIScriptContext@@@@QAE@XZ 10003120 f i as_thread.obj
 0001:00002120       ??0?$asCArray@PAVasCString@@@@QAE@XZ 10003120 f i as_builder.obj
 0001:00002120       ??0?$asCArray@PAVasCConfigGroup@@@@QAE@XZ 10003120 f i as_configgroup.obj
 0001:00002120       ??0?$asCArray@UasCTypeInfo@@@@QAE@XZ 10003120 f i as_compiler.obj
 0001:00002120       ??0?$asCArray@PAUmessage_t@asCOutputBuffer@@@@QAE@XZ 10003120 f i as_builder.obj
 0001:00002130       ??1?$asCArray@UasSOverloadCandidate@@@@QAE@XZ 10003130 f i as_compiler.obj
 0001:00002140       ?PushLast@?$asCArray@UasSOverloadCandidate@@@@QAEXABUasSOverloadCandidate@@@Z 10003140 f i as_compiler.obj
 0001:00002180       ?SetLengthNoConstruct@?$asCArray@UasSOverloadCandidate@@@@QAE_NI@Z 10003180 f i as_compiler.obj
 0001:000021b0       ?PushLast@?$asCArray@D@@QAEXABD@Z 100031b0 f i as_compiler.obj
 0001:000021b0       ?PushLast@?$asCArray@_N@@QAEXAB_N@Z 100031b0 f i as_builder.obj
 0001:000021f0       ?AddressOf@?$asCArray@I@@QAEPAIXZ 100031f0 f i as_context.obj
 0001:000021f0       ?AddressOf@?$asCArray@K@@QAEPAKXZ 100031f0 f i as_compiler.obj
 0001:000021f0       ?AddressOf@?$asCArray@D@@QAEPADXZ 100031f0 f i as_compiler.obj
 0001:000021f0       ?AddressOf@?$asCArray@PAVasCString@@@@QAEPAPAVasCString@@XZ 100031f0 f i as_restore.obj
 0001:000021f0       ?AddressOf@?$asCArray@H@@QAEPAHXZ 100031f0 f i as_context.obj
 0001:000021f0       ?AddressOf@?$asCArray@PAVasCScriptFunction@@@@QAEPAPAVasCScriptFunction@@XZ 100031f0 f i as_restore.obj
 0001:000021f0       ?AddressOf@?$asCArray@I@@QBEPBIXZ 100031f0 f i as_context.obj
 0001:00002200       ?Concatenate@?$asCArray@D@@QAEXPADI@Z 10003200 f i as_compiler.obj
 0001:00002230       ??1?$asCArray@UasCTypeInfo@@@@QAE@XZ 10003230 f i as_compiler.obj
 0001:00002240       ?Allocate@?$asCArray@UasSDeferredParam@@@@QAEXI_N@Z 10003240 f i as_compiler.obj
 0001:000023b0       ?Allocate@?$asCArray@UasSOverloadCandidate@@@@QAEXI_N@Z 100033b0 f i as_compiler.obj
 0001:000024b0       ?AllocateNoConstruct@?$asCArray@UasSOverloadCandidate@@@@QAEXI_N@Z 100034b0 f i as_compiler.obj
 0001:00002530       ?Allocate@?$asCArray@UasCTypeInfo@@@@QAEXI_N@Z 10003530 f i as_compiler.obj
 0001:00002560       ?GetIndex@?$asCSymbolTable@VasCScriptFunction@@@@QBEHPBVasCScriptFunction@@@Z 10003560 f i as_builder.obj
 0001:00002560       ?GetIndex@?$asCSymbolTable@VasCGlobalProperty@@@@QBEHPBVasCGlobalProperty@@@Z 10003560 f i as_configgroup.obj
 0001:000025b0       ?Erase@?$asCSymbolTable@VasCGlobalProperty@@@@QAE_NI@Z 100035b0 f i as_configgroup.obj
 0001:000026b0       ??1asIScriptContext@@MAE@XZ 100036b0 f i as_context.obj
 0001:000026c0       ??_EasIScriptContext@@MAEPAXI@Z 100036c0 f i  CIL library: CIL module
 0001:000026c0       ??_GasIScriptContext@@MAEPAXI@Z 100036c0 f i as_context.obj
 0001:000026e0       ??_EasCContext@@UAEPAXI@Z  100036e0 f i  CIL library: CIL module
 0001:000026e0       ??_GasCContext@@UAEPAXI@Z  100036e0 f i as_context.obj
 0001:00002700       ?AllocateNoConstruct@?$asCArray@I@@QAEXI_N@Z 10003700 f i as_context.obj
 0001:00002780       ?SetLengthNoConstruct@?$asCArray@I@@QAE_NI@Z 10003780 f i as_context.obj
 0001:000027b0       ?PushLast@?$asCArray@PAK@@QAEXABQAK@Z 100037b0 f i as_context.obj
 0001:000027b0       ?PushLast@?$asCArray@PAUsVariable@@@@QAEXABQAUsVariable@@@Z 100037b0 f i as_variablescope.obj
 0001:000027b0       ?PushLast@?$asCArray@PAUasSNameSpace@@@@QAEXABQAUasSNameSpace@@@Z 100037b0 f i as_scriptengine.obj
 0001:000027f0       ?GetLength@?$asCArray@_N@@QBEIXZ 100037f0 f i as_builder.obj
 0001:000027f0       ?GetLength@?$asCArray@PAVasCObjectType@@@@QBEIXZ 100037f0 f i as_builder.obj
 0001:000027f0       ?GetLength@?$asCArray@VasCString@@@@QBEIXZ 100037f0 f i as_compiler.obj
 0001:000027f0       ?GetLength@?$asCArray@PAUasSEnumValue@@@@QBEIXZ 100037f0 f i as_builder.obj
 0001:000027f0       ?GetLength@?$asCArray@UsPropertyInitializer@@@@QBEIXZ 100037f0 f i as_compiler.obj
 0001:000027f0       ?GetLength@?$asCArray@K@@QBEIXZ 100037f0 f i as_builder.obj
 0001:000027f0       ?GetLength@?$asCArray@PAUSListAdjuster@asCWriter@@@@QBEIXZ 100037f0 f i as_restore.obj
 0001:000027f0       ?GetLength@?$asCArray@PAVasCScriptNode@@@@QBEIXZ 100037f0 f i as_compiler.obj
 0001:000027f0       ?GetLength@?$asCArray@PAUasSExprContext@@@@QBEIXZ 100037f0 f i as_compiler.obj
 0001:000027f0       ?GetLength@?$asCArray@PAVasCScriptFunction@@@@QBEIXZ 100037f0 f i as_builder.obj
 0001:000027f0       ?GetLength@?$asCArray@PAUsFuncDef@@@@QBEIXZ 100037f0 f i as_builder.obj
 0001:000027f0       ?GetLength@?$asCArray@UasSOverloadCandidate@@@@QBEIXZ 100037f0 f i as_compiler.obj
 0001:000027f0       ?GetLength@?$asCArray@PAU?$asSMapNode@PAXUasSIntTypePair@asCGarbageCollector@@@@@@QBEIXZ 100037f0 f i as_gc.obj
 0001:000027f0       ?GetLength@?$asCArray@D@@QBEIXZ 100037f0 f i as_compiler.obj
 0001:000027f0       ?GetLength@?$asCArray@UasSObjTypePair@asCGarbageCollector@@@@QBEIXZ 100037f0 f i as_gc.obj
 0001:000027f0       ?GetLength@?$asCArray@PAUSListAdjuster@asCReader@@@@QBEIXZ 100037f0 f i as_restore.obj
 0001:000027f0       ?GetLength@?$asCArray@VasCDataType@@@@QBEIXZ 100037f0 f i as_builder.obj
 0001:000027f0       ?GetLength@?$asCArray@UasSDeferredParam@@@@QBEIXZ 100037f0 f i as_compiler.obj
 0001:000027f0       ?GetLength@?$asCArray@PAK@@QBEIXZ 100037f0 f i as_context.obj
 0001:000027f0       ?GetLength@?$asCArray@PAUasSNameSpace@@@@QBEIXZ 100037f0 f i as_scriptengine.obj
 0001:000027f0       ?GetLength@?$asCArray@PAUsGlobalVariableDescription@@@@QBEIXZ 100037f0 f i as_builder.obj
 0001:000027f0       ?GetLength@?$asCArray@PAVasCObjectProperty@@@@QBEIXZ 100037f0 f i as_builder.obj
 0001:000027f0       ?GetLength@?$asCArray@UasSObjectVariableInfo@@@@QBEIXZ 100037f0 f i as_bytecode.obj
 0001:000027f0       ?GetLength@?$asCArray@PAUsFunctionDescription@@@@QBEIXZ 100037f0 f i as_builder.obj
 0001:000027f0       ?GetLength@?$asCArray@PAUsMixinClass@@@@QBEIXZ 100037f0 f i as_builder.obj
 0001:000027f0       ?GetLength@?$asCArray@USObjProp@asCReader@@@@QBEIXZ 100037f0 f i as_restore.obj
 0001:000027f0       ?GetLength@?$asCArray@I@@QBEIXZ 100037f0 f i as_builder.obj
 0001:000027f0       ?GetLength@?$asCArray@PAVasCString@@@@QBEIXZ 100037f0 f i as_builder.obj
 0001:000027f0       ?GetLength@?$asCArray@PAVasCGlobalProperty@@@@QBEIXZ 100037f0 f i as_builder.obj
 0001:000027f0       ?GetLength@?$asCArray@PAVasIScriptContext@@@@QBEIXZ 100037f0 f i as_context.obj
 0001:000027f0       ?GetLength@?$asCArray@W4asETypeModifiers@@@@QBEIXZ 100037f0 f i as_restore.obj
 0001:000027f0       ?GetLength@?$asCArray@PAVasCScriptCode@@@@QBEIXZ 100037f0 f i as_builder.obj
 0001:000027f0       ?GetLength@?$asCArray@H@@QBEIXZ 100037f0 f i as_builder.obj
 0001:000027f0       ?GetLength@?$asCArray@PAX@@QBEIXZ 100037f0 f i as_gc.obj
 0001:000027f0       ?GetLength@?$asCArray@PAVasCModule@@@@QBEIXZ 100037f0 f i as_scriptengine.obj
 0001:000027f0       ?GetLength@?$asCArray@USEngineClean@asCScriptEngine@@@@QBEIXZ 100037f0 f i as_scriptengine.obj
 0001:000027f0       ?GetLength@?$asCArray@USObjProp@asCWriter@@@@QBEIXZ 100037f0 f i as_restore.obj
 0001:000027f0       ?GetLength@?$asCArray@PAUasSScriptVariable@@@@QBEIXZ 100037f0 f i as_compiler.obj
 0001:000027f0       ?GetLength@?$asCArray@PAVasCParser@@@@QBEIXZ 100037f0 f i as_builder.obj
 0001:000027f0       ?GetLength@?$asCArray@PAUsClassDeclaration@@@@QBEIXZ 100037f0 f i as_builder.obj
 0001:000027f0       ?GetLength@?$asCArray@PAUsVariable@@@@QBEIXZ 100037f0 f i as_compiler.obj
 0001:000027f0       ?GetLength@?$asCArray@USObjTypeClean@asCScriptEngine@@@@QBEIXZ 100037f0 f i as_objecttype.obj
 0001:000027f0       ?GetLength@?$asCArray@PAVasCConfigGroup@@@@QBEIXZ 100037f0 f i as_configgroup.obj
 0001:000027f0       ?GetLength@?$asCArray@PAUmessage_t@asCOutputBuffer@@@@QBEIXZ 100037f0 f i as_outputbuffer.obj
 0001:000027f0       ?GetLength@?$asCArray@PAVasCByteInstruction@@@@QBEIXZ 100037f0 f i as_bytecode.obj
 0001:000027f0       ?GetLength@?$asCArray@PAUsBindInfo@@@@QBEIXZ 100037f0 f i as_builder.obj
 0001:00002800       ??1?$asCArray@UasSObjectVariableInfo@@@@QAE@XZ 10003800 f i as_scriptfunction.obj
 0001:00002800       ??1?$asCArray@UasSObjTypePair@asCGarbageCollector@@@@QAE@XZ 10003800 f i as_gc.obj
 0001:00002810       ?PushLast@?$asCArray@UasSObjTypePair@asCGarbageCollector@@@@QAEXABUasSObjTypePair@asCGarbageCollector@@@Z 10003810 f i as_gc.obj
 0001:00002860       ??A?$asCArray@UasSObjTypePair@asCGarbageCollector@@@@QAEAAUasSObjTypePair@asCGarbageCollector@@I@Z 10003860 f i as_gc.obj
 0001:00002860       ??A?$asCArray@UasSObjectVariableInfo@@@@QAEAAUasSObjectVariableInfo@@I@Z 10003860 f i as_bytecode.obj
 0001:00002870       ??0?$asCMap@PAXUasSIntTypePair@asCGarbageCollector@@@@QAE@XZ 10003870 f i as_gc.obj
 0001:00002890       ??1?$asCMap@PAXUasSIntTypePair@asCGarbageCollector@@@@QAE@XZ 10003890 f i as_gc.obj
 0001:000028a0       ?Insert@?$asCMap@PAXUasSIntTypePair@asCGarbageCollector@@@@QAEHPAU?$asSMapNode@PAXUasSIntTypePair@asCGarbageCollector@@@@@Z 100038a0 f i as_gc.obj
 0001:00002900       ?GetKey@?$asCMap@HPAVasCDataType@@@@QBEABHPBU?$asSMapNode@HPAVasCDataType@@@@@Z 10003900 f i as_scriptengine.obj
 0001:00002900       ?GetKey@?$asCMap@PAXUasSIntTypePair@asCGarbageCollector@@@@QBEABQAXPBU?$asSMapNode@PAXUasSIntTypePair@asCGarbageCollector@@@@@Z 10003900 f i as_gc.obj
 0001:00002920       ?Remove@?$asCMap@PAXUasSIntTypePair@asCGarbageCollector@@@@QAEPAU?$asSMapNode@PAXUasSIntTypePair@asCGarbageCollector@@@@PAU2@@Z 10003920 f i as_gc.obj
 0001:000029d0       ?MoveTo@?$asCMap@PAXUasSIntTypePair@asCGarbageCollector@@@@QBE_NPAPAU?$asSMapNode@PAXUasSIntTypePair@asCGarbageCollector@@@@ABQAX@Z 100039d0 f i as_gc.obj
 0001:000029d0       ?MoveTo@?$asCMap@PAXPAVasCGlobalProperty@@@@QBE_NPAPAU?$asSMapNode@PAXPAVasCGlobalProperty@@@@ABQAX@Z 100039d0 f i as_scriptengine.obj
 0001:00002a10       ?MoveFirst@?$asCMap@PAXUasSIntTypePair@asCGarbageCollector@@@@QBE_NPAPAU?$asSMapNode@PAXUasSIntTypePair@asCGarbageCollector@@@@@Z 10003a10 f i as_gc.obj
 0001:00002a10       ?MoveFirst@?$asCMap@HPAVasCDataType@@@@QBE_NPAPAU?$asSMapNode@HPAVasCDataType@@@@@Z 10003a10 f i as_scriptengine.obj
 0001:00002a40       ?MoveNext@?$asCMap@PAXUasSIntTypePair@asCGarbageCollector@@@@QBE_NPAPAU?$asSMapNode@PAXUasSIntTypePair@asCGarbageCollector@@@@PAU2@@Z 10003a40 f i as_gc.obj
 0001:00002a40       ?MoveNext@?$asCMap@HPAVasCDataType@@@@QBE_NPAPAU?$asSMapNode@HPAVasCDataType@@@@PAU2@@Z 10003a40 f i as_scriptengine.obj
 0001:00002a90       ?Allocate@?$asCArray@UasSObjectVariableInfo@@@@QAEXI_N@Z 10003a90 f i as_bytecode.obj
 0001:00002a90       ?Allocate@?$asCArray@UasSObjTypePair@asCGarbageCollector@@@@QAEXI_N@Z 10003a90 f i as_gc.obj
 0001:00002bb0       ?EraseAll@?$asCMap@PAXUasSIntTypePair@asCGarbageCollector@@@@QAEXXZ 10003bb0 f i as_gc.obj
 0001:00002bd0       ?EraseAll@?$asCMap@PAXUasSIntTypePair@asCGarbageCollector@@@@IAEHPAU?$asSMapNode@PAXUasSIntTypePair@asCGarbageCollector@@@@@Z 10003bd0 f i as_gc.obj
 0001:00002c10       ??_EasIScriptGeneric@@MAEPAXI@Z 10003c10 f i  CIL library: CIL module
 0001:00002c10       ??_GasIScriptGeneric@@MAEPAXI@Z 10003c10 f i as_generic.obj
 0001:00002c30       ??_EasCGeneric@@UAEPAXI@Z  10003c30 f i  CIL library: CIL module
 0001:00002c30       ??_GasCGeneric@@UAEPAXI@Z  10003c30 f i as_generic.obj
 0001:00002c50       ??1asIScriptModule@@MAE@XZ 10003c50 f i as_module.obj
 0001:00002c60       ??_EasIScriptModule@@MAEPAXI@Z 10003c60 f i  CIL library: CIL module
 0001:00002c60       ??_GasIScriptModule@@MAEPAXI@Z 10003c60 f i as_module.obj
 0001:00002c80       ??RasCCompGlobPropType@@UBE_NPBX@Z 10003c80 f i as_module.obj
 0001:00002ca0       ??_GasCModule@@UAEPAXI@Z   10003ca0 f i as_module.obj
 0001:00002ca0       ??_EasCModule@@UAEPAXI@Z   10003ca0 f i  CIL library: CIL module
 0001:00002cc0       ??1asCWriter@@QAE@XZ       10003cc0 f i as_module.obj
 0001:00002de0       ??1asCReader@@QAE@XZ       10003de0 f i as_module.obj
 0001:00002ef0       ??A?$asCArray@PAUsBindInfo@@@@QAEAAPAUsBindInfo@@I@Z 10003ef0 f i as_builder.obj
 0001:00002ef0       ??A?$asCArray@PAVasCGlobalProperty@@@@QAEAAPAVasCGlobalProperty@@I@Z 10003ef0 f i as_builder.obj
 0001:00002ef0       ??A?$asCArray@W4asETypeModifiers@@@@QAEAAW4asETypeModifiers@@I@Z 10003ef0 f i as_builder.obj
 0001:00002ef0       ??A?$asCArray@PAK@@QAEAAPAKI@Z 10003ef0 f i as_context.obj
 0001:00002ef0       ??A?$asCArray@PAUsBindInfo@@@@QBEABQAUsBindInfo@@I@Z 10003ef0 f i as_module.obj
 0001:00002ef0       ??A?$asCArray@PAUSListAdjuster@asCReader@@@@QAEAAPAUSListAdjuster@asCReader@@I@Z 10003ef0 f i as_restore.obj
 0001:00002ef0       ??A?$asCArray@PAUsGlobalVariableDescription@@@@QBEABQAUsGlobalVariableDescription@@I@Z 10003ef0 f i as_builder.obj
 0001:00002ef0       ??A?$asCArray@PAUSListAdjuster@asCWriter@@@@QAEAAPAUSListAdjuster@asCWriter@@I@Z 10003ef0 f i as_restore.obj
 0001:00002ef0       ??A?$asCArray@PAVasIScriptContext@@@@QAEAAPAVasIScriptContext@@I@Z 10003ef0 f i as_context.obj
 0001:00002ef0       ??A?$asCArray@PAVasCObjectType@@@@QAEAAPAVasCObjectType@@I@Z 10003ef0 f i as_builder.obj
 0001:00002ef0       ??A?$asCArray@H@@QBEABHI@Z 10003ef0 f i as_objecttype.obj
 0001:00002ef0       ??A?$asCArray@PAVasCString@@@@QAEAAPAVasCString@@I@Z 10003ef0 f i as_builder.obj
 0001:00002ef0       ??A?$asCArray@PAX@@QAEAAPAXI@Z 10003ef0 f i as_memory.obj
 0001:00002ef0       ??A?$asCArray@PAUsFunctionDescription@@@@QAEAAPAUsFunctionDescription@@I@Z 10003ef0 f i as_builder.obj
 0001:00002ef0       ??A?$asCArray@PAUasSEnumValue@@@@QAEAAPAUasSEnumValue@@I@Z 10003ef0 f i as_builder.obj
 0001:00002ef0       ??A?$asCArray@PAUmessage_t@asCOutputBuffer@@@@QAEAAPAUmessage_t@asCOutputBuffer@@I@Z 10003ef0 f i as_outputbuffer.obj
 0001:00002ef0       ??A?$asCArray@PAU?$asSMapNode@PAXUasSIntTypePair@asCGarbageCollector@@@@@@QAEAAPAU?$asSMapNode@PAXUasSIntTypePair@asCGarbageCollector@@@@I@Z 10003ef0 f i as_gc.obj
 0001:00002ef0       ??A?$asCArray@PAVasCGlobalProperty@@@@QBEABQAVasCGlobalProperty@@I@Z 10003ef0 f i as_configgroup.obj
 0001:00002ef0       ??A?$asCArray@PAVasCModule@@@@QBEABQAVasCModule@@I@Z 10003ef0 f i as_scriptengine.obj
 0001:00002ef0       ??A?$asCArray@PAUasSExprContext@@@@QAEAAPAUasSExprContext@@I@Z 10003ef0 f i as_compiler.obj
 0001:00002ef0       ??A?$asCArray@PAUsVariable@@@@QAEAAPAUsVariable@@I@Z 10003ef0 f i as_compiler.obj
 0001:00002ef0       ??A?$asCArray@PAUsMixinClass@@@@QAEAAPAUsMixinClass@@I@Z 10003ef0 f i as_builder.obj
 0001:00002ef0       ??A?$asCArray@I@@QAEAAII@Z 10003ef0 f i as_context.obj
 0001:00002ef0       ??A?$asCArray@PAVasCParser@@@@QAEAAPAVasCParser@@I@Z 10003ef0 f i as_builder.obj
 0001:00002ef0       ??A?$asCArray@PAVasCByteInstruction@@@@QAEAAPAVasCByteInstruction@@I@Z 10003ef0 f i as_bytecode.obj
 0001:00002ef0       ??A?$asCArray@PAVasCScriptFunction@@@@QAEAAPAVasCScriptFunction@@I@Z 10003ef0 f i as_builder.obj
 0001:00002ef0       ??A?$asCArray@PAUsFuncDef@@@@QAEAAPAUsFuncDef@@I@Z 10003ef0 f i as_builder.obj
 0001:00002ef0       ??A?$asCArray@W4asETypeModifiers@@@@QBEABW4asETypeModifiers@@I@Z 10003ef0 f i as_scriptfunction.obj
 0001:00002ef0       ??A?$asCArray@PAVasCScriptCode@@@@QAEAAPAVasCScriptCode@@I@Z 10003ef0 f i as_builder.obj
 0001:00002ef0       ??A?$asCArray@K@@QAEAAKI@Z 10003ef0 f i as_restore.obj
 0001:00002ef0       ??A?$asCArray@PAUsGlobalVariableDescription@@@@QAEAAPAUsGlobalVariableDescription@@I@Z 10003ef0 f i as_builder.obj
 0001:00002ef0       ??A?$asCArray@PAVasCConfigGroup@@@@QBEABQAVasCConfigGroup@@I@Z 10003ef0 f i as_scriptengine.obj
 0001:00002ef0       ??A?$asCArray@PAUasSNameSpace@@@@QAEAAPAUasSNameSpace@@I@Z 10003ef0 f i as_builder.obj
 0001:00002ef0       ??A?$asCArray@PAUsClassDeclaration@@@@QAEAAPAUsClassDeclaration@@I@Z 10003ef0 f i as_builder.obj
 0001:00002ef0       ??A?$asCArray@PAVasCConfigGroup@@@@QAEAAPAVasCConfigGroup@@I@Z 10003ef0 f i as_configgroup.obj
 0001:00002ef0       ??A?$asCArray@PAVasCModule@@@@QAEAAPAVasCModule@@I@Z 10003ef0 f i as_scriptengine.obj
 0001:00002ef0       ??A?$asCArray@I@@QBEABII@Z 10003ef0 f i as_builder.obj
 0001:00002ef0       ??A?$asCArray@PAVasCScriptNode@@@@QAEAAPAVasCScriptNode@@I@Z 10003ef0 f i as_compiler.obj
 0001:00002ef0       ??A?$asCArray@PAVasCString@@@@QBEABQAVasCString@@I@Z 10003ef0 f i as_module.obj
 0001:00002ef0       ??A?$asCArray@PAVasCObjectProperty@@@@QBEABQAVasCObjectProperty@@I@Z 10003ef0 f i as_objecttype.obj
 0001:00002ef0       ??A?$asCArray@PAVasCObjectType@@@@QBEABQAVasCObjectType@@I@Z 10003ef0 f i as_module.obj
 0001:00002ef0       ??A?$asCArray@H@@QAEAAHI@Z 10003ef0 f i as_builder.obj
 0001:00002ef0       ??A?$asCArray@PAUasSScriptVariable@@@@QAEAAPAUasSScriptVariable@@I@Z 10003ef0 f i as_bytecode.obj
 0001:00002ef0       ??A?$asCArray@PAVasCScriptFunction@@@@QBEABQAVasCScriptFunction@@I@Z 10003ef0 f i as_builder.obj
 0001:00002ef0       ??A?$asCArray@PAVasCObjectProperty@@@@QAEAAPAVasCObjectProperty@@I@Z 10003ef0 f i as_builder.obj
 0001:00002f00       ??0?$asCSymbolTable@VasCScriptFunction@@@@QAE@I@Z 10003f00 f i as_module.obj
 0001:00002f00       ??0?$asCSymbolTable@UsGlobalVariableDescription@@@@QAE@I@Z 10003f00 f i as_builder.obj
 0001:00002f00       ??0?$asCSymbolTable@VasCGlobalProperty@@@@QAE@I@Z 10003f00 f i as_builder.obj
 0001:00002f50       ?Get@?$asCSymbolTable@VasCGlobalProperty@@@@QBEPBVasCGlobalProperty@@I@Z 10003f50 f i as_module.obj
 0001:00002f50       ?Get@?$asCSymbolTable@VasCScriptFunction@@@@QBEPBVasCScriptFunction@@I@Z 10003f50 f i as_module.obj
 0001:00002f60       ?Clear@?$asCSymbolTable@VasCScriptFunction@@@@QAEXXZ 10003f60 f i as_module.obj
 0001:00002f80       ?List@?$asCSymbolTable@UsGlobalVariableDescription@@@@QAE?AV?$asCSymbolTableIterator@UsGlobalVariableDescription@@U1@@@XZ 10003f80 f i as_builder.obj
 0001:00002f80       ?List@?$asCSymbolTable@VasCScriptFunction@@@@QAE?AV?$asCSymbolTableIterator@VasCScriptFunction@@V1@@@XZ 10003f80 f i as_module.obj
 0001:00002f80       ?List@?$asCSymbolTable@VasCGlobalProperty@@@@QAE?AV?$asCSymbolTableIterator@VasCGlobalProperty@@V1@@@XZ 10003f80 f i as_module.obj
 0001:00002f90       ?GetFirstIndex@?$asCSymbolTable@UsGlobalVariableDescription@@@@QBEHPBUasSNameSpace@@ABVasCString@@ABUasIFilter@@@Z 10003f90 f i as_builder.obj
 0001:00002f90       ?GetFirstIndex@?$asCSymbolTable@VasCGlobalProperty@@@@QBEHPBUasSNameSpace@@ABVasCString@@ABUasIFilter@@@Z 10003f90 f i as_module.obj
 0001:00003090       ?GetLast@?$asCSymbolTable@VasCGlobalProperty@@@@QAEPAVasCGlobalProperty@@XZ 10004090 f i as_module.obj
 0001:000030b0       ?Clear@?$asCSymbolTable@VasCGlobalProperty@@@@QAEXXZ 100040b0 f i as_module.obj
 0001:000030b0       ?Clear@?$asCSymbolTable@UsGlobalVariableDescription@@@@QAEXXZ 100040b0 f i as_builder.obj
 0001:000030d0       ?Insert@?$asCMap@PAXPAVasCGlobalProperty@@@@QAEHABQAXABQAVasCGlobalProperty@@@Z 100040d0 f i as_module.obj
 0001:00003120       ?RemoveValue@?$asCArray@PAVasCObjectType@@@@QAEXABQAVasCObjectType@@@Z 10004120 f i as_configgroup.obj
 0001:00003120       ?RemoveValue@?$asCArray@PAVasCScriptFunction@@@@QAEXABQAVasCScriptFunction@@@Z 10004120 f i as_builder.obj
 0001:00003120       ?RemoveValue@?$asCArray@I@@QAEXABI@Z 10004120 f i as_builder.obj
 0001:00003120       ?RemoveValue@?$asCArray@PAVasCModule@@@@QAEXABQAVasCModule@@@Z 10004120 f i as_module.obj
 0001:00003150       ??1?$asCMap@VasCStringPointer@@H@@QAE@XZ 10004150 f i as_module.obj
 0001:00003160       ??1?$asCMap@PAVasCScriptFunction@@_N@@QAE@XZ 10004160 f i as_module.obj
 0001:00003160       ??1?$asCMap@HPAVasCDataType@@@@QAE@XZ 10004160 f i as_scriptengine.obj
 0001:00003160       ??1?$asCMap@PAX_N@@QAE@XZ  10004160 f i as_module.obj
 0001:00003160       ??1?$asCMap@PAXPAVasCGlobalProperty@@@@QAE@XZ 10004160 f i as_scriptengine.obj
 0001:00003160       ??1?$asCMap@HH@@QAE@XZ     10004160 f i as_module.obj
 0001:00003170       ??C?$asCSymbolTableIterator@VasCGlobalProperty@@V1@@@QBEPAVasCGlobalProperty@@XZ 10004170 f i as_restore.obj
 0001:00003170       ??D?$asCSymbolTableIterator@VasCScriptFunction@@V1@@@QBEPAVasCScriptFunction@@XZ 10004170 f i as_module.obj
 0001:00003170       ??D?$asCSymbolTableIterator@UsGlobalVariableDescription@@U1@@@QBEPAUsGlobalVariableDescription@@XZ 10004170 f i as_builder.obj
 0001:00003170       ??D?$asCSymbolTableIterator@VasCGlobalProperty@@V1@@@QBEPAVasCGlobalProperty@@XZ 10004170 f i as_module.obj
 0001:00003180       ??E?$asCSymbolTableIterator@UsGlobalVariableDescription@@U1@@@QAEAAV0@H@Z 10004180 f i as_builder.obj
 0001:00003180       ??E?$asCSymbolTableIterator@VasCGlobalProperty@@V1@@@QAEAAV0@H@Z 10004180 f i as_module.obj
 0001:00003180       ??E?$asCSymbolTableIterator@VasCScriptFunction@@V1@@@QAEAAV0@H@Z 10004180 f i as_module.obj
 0001:00003190       ??0?$asCArray@PAUsGlobalVariableDescription@@@@QAE@I@Z 10004190 f i as_builder.obj
 0001:00003190       ??0?$asCArray@PAVasCGlobalProperty@@@@QAE@I@Z 10004190 f i as_builder.obj
 0001:00003190       ??0?$asCArray@PAVasCScriptFunction@@@@QAE@I@Z 10004190 f i as_module.obj
 0001:000031b0       ??0?$asCSymbolTableIterator@VasCScriptFunction@@V1@@@AAE@PAV?$asCSymbolTable@VasCScriptFunction@@@@@Z 100041b0 f i as_module.obj
 0001:000031b0       ??0?$asCSymbolTableIterator@VasCGlobalProperty@@V1@@@AAE@PAV?$asCSymbolTable@VasCGlobalProperty@@@@@Z 100041b0 f i as_module.obj
 0001:000031b0       ??0?$asCSymbolTableIterator@UsGlobalVariableDescription@@U1@@@AAE@PAV?$asCSymbolTable@UsGlobalVariableDescription@@@@@Z 100041b0 f i as_builder.obj
 0001:000031f0       ?GetLastIndex@?$asCSymbolTable@VasCGlobalProperty@@@@QBEHXZ 100041f0 f i as_module.obj
 0001:00003200       ?Next@?$asCSymbolTableIterator@VasCGlobalProperty@@V1@@@AAEXXZ 10004200 f i as_module.obj
 0001:00003200       ?Next@?$asCSymbolTableIterator@UsGlobalVariableDescription@@U1@@@AAEXXZ 10004200 f i as_builder.obj
 0001:00003200       ?Next@?$asCSymbolTableIterator@VasCScriptFunction@@V1@@@AAEXXZ 10004200 f i as_module.obj
 0001:00003240       ?Insert@?$asCMap@PAX_N@@QAEHPAU?$asSMapNode@PAX_N@@@Z 10004240 f i as_restore.obj
 0001:00003240       ?Insert@?$asCMap@PAVasCScriptFunction@@_N@@QAEHPAU?$asSMapNode@PAVasCScriptFunction@@_N@@@Z 10004240 f i as_restore.obj
 0001:00003240       ?Insert@?$asCMap@PAXPAVasCGlobalProperty@@@@QAEHPAU?$asSMapNode@PAXPAVasCGlobalProperty@@@@@Z 10004240 f i as_module.obj
 0001:000032a0       ?EraseAll@?$asCMap@VasCStringPointer@@H@@QAEXXZ 100042a0 f i as_module.obj
 0001:000032c0       ?EraseAll@?$asCMap@PAX_N@@QAEXXZ 100042c0 f i as_module.obj
 0001:000032c0       ?EraseAll@?$asCMap@HPAVasCDataType@@@@QAEXXZ 100042c0 f i as_scriptengine.obj
 0001:000032c0       ?EraseAll@?$asCMap@PAXPAVasCGlobalProperty@@@@QAEXXZ 100042c0 f i as_scriptengine.obj
 0001:000032c0       ?EraseAll@?$asCMap@PAVasCScriptFunction@@_N@@QAEXXZ 100042c0 f i as_module.obj
 0001:000032c0       ?EraseAll@?$asCMap@HH@@QAEXXZ 100042c0 f i as_module.obj
 0001:000032e0       ?BalanceInsert@?$asCMap@PAXUasSIntTypePair@asCGarbageCollector@@@@IAEXPAU?$asSMapNode@PAXUasSIntTypePair@asCGarbageCollector@@@@@Z 100042e0 f i as_gc.obj
 0001:000032e0       ?BalanceInsert@?$asCMap@PAX_N@@IAEXPAU?$asSMapNode@PAX_N@@@Z 100042e0 f i as_restore.obj
 0001:000032e0       ?BalanceInsert@?$asCMap@VasCString@@V?$asCArray@I@@@@IAEXPAU?$asSMapNode@VasCString@@V?$asCArray@I@@@@@Z 100042e0 f i as_builder.obj
 0001:000032e0       ?BalanceInsert@?$asCMap@VasCStringPointer@@H@@IAEXPAU?$asSMapNode@VasCStringPointer@@H@@@Z 100042e0 f i as_restore.obj
 0001:000032e0       ?BalanceInsert@?$asCMap@PAVasCScriptFunction@@_N@@IAEXPAU?$asSMapNode@PAVasCScriptFunction@@_N@@@Z 100042e0 f i as_restore.obj
 0001:000032e0       ?BalanceInsert@?$asCMap@PAXPAVasCGlobalProperty@@@@IAEXPAU?$asSMapNode@PAXPAVasCGlobalProperty@@@@@Z 100042e0 f i as_module.obj
 0001:000032e0       ?BalanceInsert@?$asCMap@HPAVasCDataType@@@@IAEXPAU?$asSMapNode@HPAVasCDataType@@@@@Z 100042e0 f i as_scriptengine.obj
 0001:000032e0       ?BalanceInsert@?$asCMap@HH@@IAEXPAU?$asSMapNode@HH@@@Z 100042e0 f i as_restore.obj
 0001:000033b0       ?EraseAll@?$asCMap@VasCStringPointer@@H@@IAEHPAU?$asSMapNode@VasCStringPointer@@H@@@Z 100043b0 f i as_module.obj
 0001:000033f0       ?EraseAll@?$asCMap@HH@@IAEHPAU?$asSMapNode@HH@@@Z 100043f0 f i as_module.obj
 0001:000033f0       ?EraseAll@?$asCMap@PAX_N@@IAEHPAU?$asSMapNode@PAX_N@@@Z 100043f0 f i as_module.obj
 0001:000033f0       ?EraseAll@?$asCMap@PAVasCScriptFunction@@_N@@IAEHPAU?$asSMapNode@PAVasCScriptFunction@@_N@@@Z 100043f0 f i as_module.obj
 0001:000033f0       ?EraseAll@?$asCMap@HPAVasCDataType@@@@IAEHPAU?$asSMapNode@HPAVasCDataType@@@@@Z 100043f0 f i as_scriptengine.obj
 0001:000033f0       ?EraseAll@?$asCMap@PAXPAVasCGlobalProperty@@@@IAEHPAU?$asSMapNode@PAXPAVasCGlobalProperty@@@@@Z 100043f0 f i as_scriptengine.obj
 0001:00003430       ??1asIObjectType@@MAE@XZ   10004430 f i as_objecttype.obj
 0001:00003440       ??_EasIObjectType@@MAEPAXI@Z 10004440 f i  CIL library: CIL module
 0001:00003440       ??_GasIObjectType@@MAEPAXI@Z 10004440 f i as_objecttype.obj
 0001:00003460       ??0asCObjectProperty@@QAE@XZ 10004460 f i as_objecttype.obj
 0001:00003480       ??_GasCObjectType@@UAEPAXI@Z 10004480 f i as_objecttype.obj
 0001:00003480       ??_EasCObjectType@@UAEPAXI@Z 10004480 f i  CIL library: CIL module
 0001:000034a0       ??1asSTypeBehaviour@@QAE@XZ 100044a0 f i as_objecttype.obj
 0001:00003500       ??A?$asCArray@USEngineClean@asCScriptEngine@@@@QAEAAUSEngineClean@asCScriptEngine@@I@Z 10004500 f i as_scriptengine.obj
 0001:00003500       ??A?$asCArray@USObjTypeClean@asCScriptEngine@@@@QAEAAUSObjTypeClean@asCScriptEngine@@I@Z 10004500 f i as_objecttype.obj
 0001:00003500       ??A?$asCArray@USObjProp@asCReader@@@@QAEAAUSObjProp@asCReader@@I@Z 10004500 f i as_restore.obj
 0001:00003500       ??A?$asCArray@USObjProp@asCWriter@@@@QAEAAUSObjProp@asCWriter@@I@Z 10004500 f i as_restore.obj
 0001:00003500       ??A?$asCArray@UasSOverloadCandidate@@@@QAEAAUasSOverloadCandidate@@I@Z 10004500 f i as_compiler.obj
 0001:00003510       ??_9asCObjectType@@$BBA@AE 10004510 f i as_objecttype.obj
 0001:00003520       ??_9asCObjectType@@$BBE@AE 10004520 f i as_objecttype.obj
 0001:00003530       ?AllocateNoConstruct@?$asCArray@K@@QAEXI_N@Z 10004530 f i as_restore.obj
 0001:000035e0       ?GetCapacity@?$asCArray@K@@QBEIXZ 100045e0 f i as_restore.obj
 0001:000035e0       ?GetCapacity@?$asCArray@I@@QBEIXZ 100045e0 f i as_context.obj
 0001:000035f0       ?SetLengthNoConstruct@?$asCArray@K@@QAE_NI@Z 100045f0 f i as_restore.obj
 0001:00003610       ?SetLength@?$asCArray@UasSObjectVariableInfo@@@@QAE_NI@Z 10004610 f i as_restore.obj
 0001:00003630       ?Allocate@?$asCSymbolTable@VasCGlobalProperty@@@@QAEXI_N@Z 10004630 f i as_restore.obj
 0001:00003650       ??0?$asCMap@VasCStringPointer@@H@@QAE@XZ 10004650 f i as_restore.obj
 0001:00003670       ?Insert@?$asCMap@VasCStringPointer@@H@@QAEHABVasCStringPointer@@ABH@Z 10004670 f i as_restore.obj
 0001:000036d0       ?MoveTo@?$asCMap@VasCStringPointer@@H@@QBE_NPAPAU?$asSMapNode@VasCStringPointer@@H@@ABVasCStringPointer@@@Z 100046d0 f i as_restore.obj
 0001:00003730       ?SetLength@?$asCArray@USObjProp@asCReader@@@@QAE_NI@Z 10004730 f i as_restore.obj
 0001:00003750       ??0?$asCMap@PAXPAVasCGlobalProperty@@@@QAE@XZ 10004750 f i as_scriptengine.obj
 0001:00003750       ??0?$asCMap@PAX_N@@QAE@XZ  10004750 f i as_restore.obj
 0001:00003750       ??0?$asCMap@PAVasCScriptFunction@@_N@@QAE@XZ 10004750 f i as_restore.obj
 0001:00003750       ??0?$asCMap@HPAVasCDataType@@@@QAE@XZ 10004750 f i as_scriptengine.obj
 0001:00003750       ??0?$asCMap@HH@@QAE@XZ     10004750 f i as_restore.obj
 0001:00003770       ?Insert@?$asCMap@PAX_N@@QAEHABQAXAB_N@Z 10004770 f i as_restore.obj
 0001:00003770       ?Insert@?$asCMap@PAVasCScriptFunction@@_N@@QAEHABQAVasCScriptFunction@@AB_N@Z 10004770 f i as_restore.obj
 0001:000037c0       ?MoveTo@?$asCMap@PAX_N@@QBE_NPAPAU?$asSMapNode@PAX_N@@ABQAX@Z 100047c0 f i as_restore.obj
 0001:000037c0       ?MoveTo@?$asCMap@PAVasCScriptFunction@@_N@@QBE_NPAPAU?$asSMapNode@PAVasCScriptFunction@@_N@@ABQAVasCScriptFunction@@@Z 100047c0 f i as_restore.obj
 0001:000037f0       ?PopLast@?$asCArray@UasSOverloadCandidate@@@@QAE?AUasSOverloadCandidate@@XZ 100047f0 f i as_compiler.obj
 0001:000037f0       ?PopLast@?$asCArray@USInfo@SListAdjuster@asCWriter@@@@QAE?AUSInfo@SListAdjuster@asCWriter@@XZ 100047f0 f i as_restore.obj
 0001:000037f0       ?PopLast@?$asCArray@USInfo@SListAdjuster@asCReader@@@@QAE?AUSInfo@SListAdjuster@asCReader@@XZ 100047f0 f i as_restore.obj
 0001:00003810       ?Insert@?$asCMap@HPAVasCDataType@@@@QAEHABHABQAVasCDataType@@@Z 10004810 f i as_scriptengine.obj
 0001:00003810       ?Insert@?$asCMap@HH@@QAEHABH0@Z 10004810 f i as_restore.obj
 0001:00003860       ?MoveTo@?$asCMap@HH@@QBE_NPAPAU?$asSMapNode@HH@@ABH@Z 10004860 f i as_restore.obj
 0001:00003860       ?MoveTo@?$asCMap@HPAVasCDataType@@@@QBE_NPAPAU?$asSMapNode@HPAVasCDataType@@@@ABH@Z 10004860 f i as_scriptengine.obj
 0001:000038a0       ?PushLast@?$asCArray@USObjTypeClean@asCScriptEngine@@@@QAEXABUSObjTypeClean@asCScriptEngine@@@Z 100048a0 f i as_scriptengine.obj
 0001:000038a0       ?PushLast@?$asCArray@USObjProp@asCWriter@@@@QAEXABUSObjProp@asCWriter@@@Z 100048a0 f i as_restore.obj
 0001:000038a0       ?PushLast@?$asCArray@USEngineClean@asCScriptEngine@@@@QAEXABUSEngineClean@asCScriptEngine@@@Z 100048a0 f i as_scriptengine.obj
 0001:000038a0       ?PushLast@?$asCArray@USInfo@SListAdjuster@asCReader@@@@QAEXABUSInfo@SListAdjuster@asCReader@@@Z 100048a0 f i as_restore.obj
 0001:000038a0       ?PushLast@?$asCArray@USInfo@SListAdjuster@asCWriter@@@@QAEXABUSInfo@SListAdjuster@asCWriter@@@Z 100048a0 f i as_restore.obj
 0001:000038e0       ?PopLast@?$asCArray@PAU?$asSMapNode@PAXUasSIntTypePair@asCGarbageCollector@@@@@@QAEPAU?$asSMapNode@PAXUasSIntTypePair@asCGarbageCollector@@@@XZ 100048e0 f i as_gc.obj
 0001:000038e0       ?PopLast@?$asCArray@PAUsFunctionDescription@@@@QAEPAUsFunctionDescription@@XZ 100048e0 f i as_builder.obj
 0001:000038e0       ?PopLast@?$asCArray@PAX@@QAEPAXXZ 100048e0 f i as_gc.obj
 0001:000038e0       ?PopLast@?$asCArray@PAUSListAdjuster@asCWriter@@@@QAEPAUSListAdjuster@asCWriter@@XZ 100048e0 f i as_restore.obj
 0001:000038e0       ?PopLast@?$asCArray@PAVasCByteInstruction@@@@QAEPAVasCByteInstruction@@XZ 100048e0 f i as_bytecode.obj
 0001:000038e0       ?PopLast@?$asCArray@PAUasSExprContext@@@@QAEPAUasSExprContext@@XZ 100048e0 f i as_compiler.obj
 0001:000038e0       ?PopLast@?$asCArray@PAVasIScriptContext@@@@QAEPAVasIScriptContext@@XZ 100048e0 f i as_context.obj
 0001:000038e0       ?PopLast@?$asCArray@PAVasCScriptNode@@@@QAEPAVasCScriptNode@@XZ 100048e0 f i as_compiler.obj
 0001:000038e0       ?PopLast@?$asCArray@PAUsGlobalVariableDescription@@@@QAEPAUsGlobalVariableDescription@@XZ 100048e0 f i as_builder.obj
 0001:000038e0       ?PopLast@?$asCArray@H@@QAEHXZ 100048e0 f i as_builder.obj
 0001:000038e0       ?PopLast@?$asCArray@PAUsClassDeclaration@@@@QAEPAUsClassDeclaration@@XZ 100048e0 f i as_builder.obj
 0001:000038e0       ?PopLast@?$asCArray@I@@QAEIXZ 100048e0 f i as_builder.obj
 0001:000038e0       ?PopLast@?$asCArray@PAVasCGlobalProperty@@@@QAEPAVasCGlobalProperty@@XZ 100048e0 f i as_configgroup.obj
 0001:000038e0       ?PopLast@?$asCArray@PAVasCConfigGroup@@@@QAEPAVasCConfigGroup@@XZ 100048e0 f i as_scriptengine.obj
 0001:000038e0       ?PopLast@?$asCArray@PAVasCScriptFunction@@@@QAEPAVasCScriptFunction@@XZ 100048e0 f i as_builder.obj
 0001:000038e0       ?PopLast@?$asCArray@PAUSListAdjuster@asCReader@@@@QAEPAUSListAdjuster@asCReader@@XZ 100048e0 f i as_restore.obj
 0001:000038e0       ?PopLast@?$asCArray@PAVasCModule@@@@QAEPAVasCModule@@XZ 100048e0 f i as_module.obj
 0001:000038e0       ?PopLast@?$asCArray@PAVasCObjectType@@@@QAEPAVasCObjectType@@XZ 100048e0 f i as_configgroup.obj
 0001:000038f0       ?Insert@?$asCMap@VasCStringPointer@@H@@QAEHPAU?$asSMapNode@VasCStringPointer@@H@@@Z 100048f0 f i as_restore.obj
 0001:00003960       ?Insert@?$asCMap@HPAVasCDataType@@@@QAEHPAU?$asSMapNode@HPAVasCDataType@@@@@Z 10004960 f i as_scriptengine.obj
 0001:00003960       ?Insert@?$asCMap@HH@@QAEHPAU?$asSMapNode@HH@@@Z 10004960 f i as_restore.obj
 0001:000039c0       ??1asIScriptEngine@@MAE@XZ 100049c0 f i as_scriptengine.obj
 0001:000039d0       ??_GasIScriptEngine@@MAEPAXI@Z 100049d0 f i as_scriptengine.obj
 0001:000039d0       ??_EasIScriptEngine@@MAEPAXI@Z 100049d0 f i  CIL library: CIL module
 0001:000039f0       ??_EasCScriptEngine@@UAEPAXI@Z 100049f0 f i  CIL library: CIL module
 0001:000039f0       ??_GasCScriptEngine@@UAEPAXI@Z 100049f0 f i as_scriptengine.obj
 0001:00003a10       ?SetLength@?$asCArray@VasCDataType@@@@QAE_NI@Z 10004a10 f i as_scriptengine.obj
 0001:00003a30       ??4?$asCArray@H@@QAEAAV0@ABV0@@Z 10004a30 f i as_builder.obj
 0001:00003a30       ??4?$asCArray@PAVasCObjectType@@@@QAEAAV0@ABV0@@Z 10004a30 f i as_scriptengine.obj
 0001:00003a30       ??4?$asCArray@W4asETypeModifiers@@@@QAEAAV0@ABV0@@Z 10004a30 f i as_builder.obj
 0001:00003a30       ??4?$asCArray@I@@QAEAAV0@ABV0@@Z 10004a30 f i as_builder.obj
 0001:00003a30       ??4?$asCArray@PAVasCString@@@@QAEAAV0@ABV0@@Z 10004a30 f i as_builder.obj
 0001:00003a30       ??4?$asCArray@PAUsClassDeclaration@@@@QAEAAV0@ABV0@@Z 10004a30 f i as_builder.obj
 0001:00003a50       ?RemoveIndexUnordered@?$asCArray@PAVasCObjectType@@@@QAEXI@Z 10004a50 f i as_scriptengine.obj
 0001:00003a80       ?GetValue@?$asCMap@HPAVasCDataType@@@@QAEAAPAVasCDataType@@PAU?$asSMapNode@HPAVasCDataType@@@@@Z 10004a80 f i as_scriptengine.obj
 0001:00003a80       ?GetValue@?$asCMap@PAXUasSIntTypePair@asCGarbageCollector@@@@QAEAAUasSIntTypePair@asCGarbageCollector@@PAU?$asSMapNode@PAXUasSIntTypePair@asCGarbageCollector@@@@@Z 10004a80 f i as_gc.obj
 0001:00003aa0       ?Erase@?$asCMap@PAXPAVasCGlobalProperty@@@@QAEXPAU?$asSMapNode@PAXPAVasCGlobalProperty@@@@@Z 10004aa0 f i as_scriptengine.obj
 0001:00003aa0       ?Erase@?$asCMap@HPAVasCDataType@@@@QAEXPAU?$asSMapNode@HPAVasCDataType@@@@@Z 10004aa0 f i as_scriptengine.obj
 0001:00003ab0       ??1?$asCArray@USObjProp@asCWriter@@@@QAE@XZ 10004ab0 f i as_module.obj
 0001:00003ab0       ??1?$asCArray@USInfo@SListAdjuster@asCWriter@@@@QAE@XZ 10004ab0 f i as_restore.obj
 0001:00003ab0       ??1?$asCArray@USObjTypeClean@asCScriptEngine@@@@QAE@XZ 10004ab0 f i as_scriptengine.obj
 0001:00003ab0       ??1?$asCArray@USObjProp@asCReader@@@@QAE@XZ 10004ab0 f i as_module.obj
 0001:00003ab0       ??1?$asCArray@USInfo@SListAdjuster@asCReader@@@@QAE@XZ 10004ab0 f i as_restore.obj
 0001:00003ab0       ??1?$asCArray@USEngineClean@asCScriptEngine@@@@QAE@XZ 10004ab0 f i as_scriptengine.obj
 0001:00003ac0       ?Copy@?$asCArray@PAUsClassDeclaration@@@@QAEXPBQAUsClassDeclaration@@I@Z 10004ac0 f i as_builder.obj
 0001:00003ac0       ?Copy@?$asCArray@W4asETypeModifiers@@@@QAEXPBW4asETypeModifiers@@I@Z 10004ac0 f i as_builder.obj
 0001:00003ac0       ?Copy@?$asCArray@PAVasCObjectType@@@@QAEXPBQAVasCObjectType@@I@Z 10004ac0 f i as_scriptengine.obj
 0001:00003ac0       ?Copy@?$asCArray@I@@QAEXPBII@Z 10004ac0 f i as_builder.obj
 0001:00003ac0       ?Copy@?$asCArray@PAVasCString@@@@QAEXPBQAVasCString@@I@Z 10004ac0 f i as_builder.obj
 0001:00003ac0       ?Copy@?$asCArray@H@@QAEXPBHI@Z 10004ac0 f i as_builder.obj
 0001:00003b00       ?Remove@?$asCMap@HPAVasCDataType@@@@QAEPAU?$asSMapNode@HPAVasCDataType@@@@PAU2@@Z 10004b00 f i as_scriptengine.obj
 0001:00003b00       ?Remove@?$asCMap@PAXPAVasCGlobalProperty@@@@QAEPAU?$asSMapNode@PAXPAVasCGlobalProperty@@@@PAU2@@Z 10004b00 f i as_scriptengine.obj
 0001:00003bb0       ?Allocate@?$asCArray@USEngineClean@asCScriptEngine@@@@QAEXI_N@Z 10004bb0 f i as_scriptengine.obj
 0001:00003bb0       ?Allocate@?$asCArray@USObjProp@asCWriter@@@@QAEXI_N@Z 10004bb0 f i as_module.obj
 0001:00003bb0       ?Allocate@?$asCArray@USObjProp@asCReader@@@@QAEXI_N@Z 10004bb0 f i as_module.obj
 0001:00003bb0       ?Allocate@?$asCArray@USObjTypeClean@asCScriptEngine@@@@QAEXI_N@Z 10004bb0 f i as_scriptengine.obj
 0001:00003bb0       ?Allocate@?$asCArray@USInfo@SListAdjuster@asCWriter@@@@QAEXI_N@Z 10004bb0 f i as_restore.obj
 0001:00003bb0       ?Allocate@?$asCArray@USInfo@SListAdjuster@asCReader@@@@QAEXI_N@Z 10004bb0 f i as_restore.obj
 0001:00003cb0       ?BalanceErase@?$asCMap@PAXUasSIntTypePair@asCGarbageCollector@@@@IAEXPAU?$asSMapNode@PAXUasSIntTypePair@asCGarbageCollector@@@@0@Z 10004cb0 f i as_gc.obj
 0001:00003cb0       ?BalanceErase@?$asCMap@PAXPAVasCGlobalProperty@@@@IAEXPAU?$asSMapNode@PAXPAVasCGlobalProperty@@@@0@Z 10004cb0 f i as_scriptengine.obj
 0001:00003cb0       ?BalanceErase@?$asCMap@VasCString@@V?$asCArray@I@@@@IAEXPAU?$asSMapNode@VasCString@@V?$asCArray@I@@@@0@Z 10004cb0 f i as_builder.obj
 0001:00003cb0       ?BalanceErase@?$asCMap@HPAVasCDataType@@@@IAEXPAU?$asSMapNode@HPAVasCDataType@@@@0@Z 10004cb0 f i as_scriptengine.obj
 0001:00003e00       ??1asIScriptFunction@@MAE@XZ 10004e00 f i as_scriptfunction.obj
 0001:00003e10       ??_GasIScriptFunction@@MAEPAXI@Z 10004e10 f i as_scriptfunction.obj
 0001:00003e10       ??_EasIScriptFunction@@MAEPAXI@Z 10004e10 f i  CIL library: CIL module
 0001:00003e30       ?Duplicate@asSListPatternNode@@UAEPAU1@XZ 10004e30 f i as_scriptfunction.obj
 0001:00003e60       ??_GasSListPatternDataTypeNode@@UAEPAXI@Z 10004e60 f i as_scriptfunction.obj
 0001:00003e60       ??_EasSListPatternDataTypeNode@@UAEPAXI@Z 10004e60 f i  CIL library: CIL module
 0001:00003e60       ??_EasSListPatternNode@@UAEPAXI@Z 10004e60 f i  CIL library: CIL module
 0001:00003e60       ??_GasSListPatternNode@@UAEPAXI@Z 10004e60 f i as_scriptfunction.obj
 0001:00003e80       ?Duplicate@asSListPatternDataTypeNode@@UAEPAUasSListPatternNode@@XZ 10004e80 f i as_scriptfunction.obj
 0001:00003ec0       ??_GasCScriptFunction@@UAEPAXI@Z 10004ec0 f i as_scriptfunction.obj
 0001:00003ec0       ??_EasCScriptFunction@@UAEPAXI@Z 10004ec0 f i  CIL library: CIL module
 0001:00003ee0       ??0ScriptFunctionData@asCScriptFunction@@QAE@XZ 10004ee0 f i as_scriptfunction.obj
 0001:00003f30       ??1ScriptFunctionData@asCScriptFunction@@QAE@XZ 10004f30 f i as_scriptfunction.obj
 0001:00003fe0       ??_9asCScriptFunction@@$B7AE 10004fe0 f i as_scriptfunction.obj
 0001:00003ff0       ??1asIScriptObject@@MAE@XZ 10004ff0 f i as_scriptobject.obj
 0001:00004000       ??_GasIScriptObject@@MAEPAXI@Z 10005000 f i as_scriptobject.obj
 0001:00004000       ??_EasIScriptObject@@MAEPAXI@Z 10005000 f i  CIL library: CIL module
 0001:00004020       ??_EasILockableSharedBool@@MAEPAXI@Z 10005020 f i  CIL library: CIL module
 0001:00004020       ??_GasILockableSharedBool@@MAEPAXI@Z 10005020 f i as_scriptobject.obj
 0001:00004040       ??_EasCScriptObject@@UAEPAXI@Z 10005040 f i  CIL library: CIL module
 0001:00004040       ??_GasCScriptObject@@UAEPAXI@Z 10005040 f i as_scriptobject.obj
 0001:00004060       ??_EasCLockableSharedBool@@UAEPAXI@Z 10005060 f i  CIL library: CIL module
 0001:00004060       ??_GasCLockableSharedBool@@UAEPAXI@Z 10005060 f i as_scriptobject.obj
 0001:00004090       ??_9asCScriptObject@@$BA@AE 10005090 f i as_scriptobject.obj
 0001:000040a0       ??_9asCScriptObject@@$B3AE 100050a0 f i as_scriptobject.obj
 0001:000040a0       ??_9asCScriptFunction@@$B3AE 100050a0 f i as_scriptfunction.obj
 0001:000040b0       ??_EasIThreadManager@@MAEPAXI@Z 100050b0 f i  CIL library: CIL module
 0001:000040b0       ??_GasIThreadManager@@MAEPAXI@Z 100050b0 f i as_thread.obj
 0001:000040d0       ??_EasCThreadManager@@MAEPAXI@Z 100050d0 f i  CIL library: CIL module
 0001:000040d0       ??_GasCThreadManager@@MAEPAXI@Z 100050d0 f i as_thread.obj
 0001:000040ee       __onexit                   100050ee f   MSVCRT:atonexit.obj
 0001:00004193       _atexit                    10005193 f   MSVCRT:atonexit.obj
 0001:000041aa       __purecall                 100051aa f   MSVCRT:MSVCR90.dll
 0001:000041b0       ??3@YAXPAX@Z               100051b0 f   MSVCRT:MSVCR90.dll
 0001:000041b6       ??_Etype_info@@UAEPAXI@Z   100051b6 f i MSVCRT:ti_inst.obj
 0001:00004251       __CRT_INIT@12              10005251 f   MSVCRT:crtdll.obj
 0001:0000458d       __DllMainCRTStartup@12     1000558d f   MSVCRT:crtdll.obj
 0001:000045b0       __unlock                   100055b0 f   MSVCRT:MSVCR90.dll
 0001:000045b6       ___dllonexit               100055b6 f   MSVCRT:MSVCR90.dll
 0001:000045bc       __lock                     100055bc f   MSVCRT:MSVCR90.dll
 0001:000045c4       __SEH_prolog4              100055c4 f   MSVCRT:sehprolg4.obj
 0001:00004609       __SEH_epilog4              10005609 f   MSVCRT:sehprolg4.obj
 0001:0000461d       __except_handler4          1000561d f   MSVCRT:chandler4gs.obj
 0001:00004642       ?__ArrayUnwind@@YGXPAXIHP6EX0@Z@Z 10005642 f   MSVCRT:ehvecdtr.obj
 0001:000046a0       ??_M@YGXPAXIHP6EX0@Z@Z     100056a0 f   MSVCRT:ehvecdtr.obj
 0001:00004703       ___clean_type_info_names   10005703 f   MSVCRT:tncleanup.obj
 0001:0000470f       __RTC_Initialize           1000570f f   MSVCRT:_initsect_.obj
 0001:00004735       __RTC_Terminate            10005735 f   MSVCRT:_initsect_.obj
 0001:00004760       __ValidateImageBase        10005760 f   MSVCRT:pesect.obj
 0001:000047a0       __FindPESection            100057a0 f   MSVCRT:pesect.obj
 0001:000047f0       __IsNonwritableInCurrentImage 100057f0 f   MSVCRT:pesect.obj
 0001:000048ae       __initterm                 100058ae f   MSVCRT:MSVCR90.dll
 0001:000048b4       __initterm_e               100058b4 f   MSVCRT:MSVCR90.dll
 0001:000048ba       __amsg_exit                100058ba f   MSVCRT:MSVCR90.dll
 0001:000048c0       ___CppXcptFilter           100058c0 f   MSVCRT:MSVCR90.dll
 0001:000048c6       _DllMain@12                100058c6 f   MSVCRT:dllmain.obj
 0001:000048ea       ___security_init_cookie    100058ea f   MSVCRT:gs_support.obj
 0001:00004980       @__security_check_cookie@4 10005980 f   MSVCRT:secchk.obj
 0001:00004990       __except_handler4_common   10005990 f   MSVCRT:MSVCR90.dll
 0001:00004996       ?terminate@@YAXXZ          10005996 f   MSVCRT:MSVCR90.dll
 0001:0000499c       ?_type_info_dtor_internal_method@type_info@@QAEXXZ 1000599c f   MSVCRT:MSVCR90.dll
 0001:0000499c       ??1type_info@@UAE@XZ       1000599c f   MSVCRT:MSVCR90.dll
 0001:000049a2       ___clean_type_info_names_internal 100059a2 f   MSVCRT:MSVCR90.dll
 0001:000049a8       ___report_gsfailure        100059a8 f   MSVCRT:gs_report.obj
 0001:00004aae       __crt_debugger_hook        10005aae f   MSVCRT:MSVCR90.dll
 0001:00004ac0       ?IsVoidExpression@asCTypeInfo@@QBE_NXZ 10005ac0 f   as_typeinfo.obj
 0001:00004ad0       ?IsNullConstant@asCTypeInfo@@QBE_NXZ 10005ad0 f   as_typeinfo.obj
 0001:00004af0       ?Set@asCTypeInfo@@QAEXABVasCDataType@@@Z 10005af0 f   as_typeinfo.obj
 0001:00004b10       ??0asCTypeInfo@@QAE@XZ     10005b10 f   as_typeinfo.obj
 0001:00004b30       ?SetVoidExpression@asCTypeInfo@@QAEXXZ 10005b30 f   as_typeinfo.obj
 0001:00004b60       ?SetNullConstant@asCTypeInfo@@QAEXXZ 10005b60 f   as_typeinfo.obj
 0001:00004b90       ?SetUndefinedFuncHandle@asCTypeInfo@@QAEXPAVasCScriptEngine@@@Z 10005b90 f   as_typeinfo.obj
 0001:00004bd0       ?SetConstantD@asCTypeInfo@@QAEXABVasCDataType@@N@Z 10005bd0 f   as_typeinfo.obj
 0001:00004bf0       ?SetConstantF@asCTypeInfo@@QAEXABVasCDataType@@M@Z 10005bf0 f   as_typeinfo.obj
 0001:00004c10       ?SetConstantB@asCTypeInfo@@QAEXABVasCDataType@@E@Z 10005c10 f   as_typeinfo.obj
 0001:00004c30       ?SetConstantDW@asCTypeInfo@@QAEXABVasCDataType@@K@Z 10005c30 f   as_typeinfo.obj
 0001:00004c50       ?SetConstantQW@asCTypeInfo@@QAEXABVasCDataType@@_K@Z 10005c50 f   as_typeinfo.obj
 0001:00004c70       ?SetVariable@asCTypeInfo@@QAEXABVasCDataType@@H_N@Z 10005c70 f   as_typeinfo.obj
 0001:00004ca0       ?SetDummy@asCTypeInfo@@QAEXXZ 10005ca0 f   as_typeinfo.obj
 0001:00004cd0       ?IsKeyWord@asCTokenizer@@IBE_NPBDIAAIAAW4eTokenType@@@Z 10005cd0 f   as_tokenizer.obj
 0001:00004d70       ?IsIdentifier@asCTokenizer@@IBE_NPBDIAAIAAW4eTokenType@@@Z 10005d70 f   as_tokenizer.obj
 0001:00004df0       ?IsComment@asCTokenizer@@IBE_NPBDIAAIAAW4eTokenType@@@Z 10005df0 f   as_tokenizer.obj
 0001:00004e70       ?IsWhiteSpace@asCTokenizer@@IBE_NPBDIAAIAAW4eTokenType@@@Z 10005e70 f   as_tokenizer.obj
 0001:00004ee0       ?IsDigitInRadix@asCTokenizer@@IBE_NDH@Z 10005ee0 f   as_tokenizer.obj
 0001:00004f30       ?GetDefinition@asCTokenizer@@SAPBDH@Z 10005f30 f   as_tokenizer.obj
 0001:00005000       ??1asCTokenizer@@IAE@XZ    10006000 f   as_tokenizer.obj
 0001:00005030       ??0asCTokenizer@@IAE@XZ    10006030 f   as_tokenizer.obj
 0001:000050e0       ?IsConstant@asCTokenizer@@IBE_NPBDIAAIAAW4eTokenType@@@Z 100060e0 f   as_tokenizer.obj
 0001:00005380       ?ParseToken@asCTokenizer@@IBE?AW4asETokenClass@@PBDIAAIAAW4eTokenType@@@Z 10006380 f   as_tokenizer.obj
 0001:00005440       ?GetToken@asCTokenizer@@QBE?AW4eTokenType@@PBDIPAIPAW4asETokenClass@@@Z 10006440 f   as_tokenizer.obj
[...]
 0001:000606c0       __unwindfunclet$?CompileSwitchStatement@asCCompiler@@IAEXPAVasCScriptNode@@PA_NPAVasCByteCode@@@Z$9 100616c0 f    CIL library: CIL module
 0001:000606cb       __unwindfunclet$?CompileSwitchStatement@asCCompiler@@IAEXPAVasCScriptNode@@PA_NPAVasCByteCode@@@Z$10 100616cb f    CIL library: CIL module
 0001:000606d6       __ehhandler$?CompileSwitchStatement@asCCompiler@@IAEXPAVasCScriptNode@@PA_NPAVasCByteCode@@@Z 100616d6 f    CIL library: CIL module
 0001:000606e0       __unwindfunclet$?CompileStatementBlock@asCCompiler@@IAEXPAVasCScriptNode@@_NPA_NPAVasCByteCode@@@Z$0 100616e0 f    CIL library: CIL module
 0001:000606e8       __unwindfunclet$?CompileStatementBlock@asCCompiler@@IAEXPAVasCScriptNode@@_NPA_NPAVasCByteCode@@@Z$1 100616e8 f    CIL library: CIL module
 0001:000606f2       __ehhandler$?CompileStatementBlock@asCCompiler@@IAEXPAVasCScriptNode@@_NPA_NPAVasCByteCode@@@Z 100616f2 f    CIL library: CIL module
 0001:000606fc       __unwindfunclet$?CompileFunction@asCCompiler@@QAEHPAVasCBuilder@@PAVasCScriptCode@@AAV?$asCArray@VasCString@@@@PAVasCScriptNode@@PAVasCScriptFunction@@PAUsClassDeclaration@@@Z$0 100616fc f    CIL library: CIL module
 0001:00060706       __unwindfunclet$?CompileFunction@asCCompiler@@QAEHPAVasCBuilder@@PAVasCScriptCode@@AAV?$asCArray@VasCString@@@@PAVasCScriptNode@@PAVasCScriptFunction@@PAUsClassDeclaration@@@Z$1 10061706 f    CIL library: CIL module
 0001:00060710       __unwindfunclet$?CompileFunction@asCCompiler@@QAEHPAVasCBuilder@@PAVasCScriptCode@@AAV?$asCArray@VasCString@@@@PAVasCScriptNode@@PAVasCScriptFunction@@PAUsClassDeclaration@@@Z$2 10061710 f    CIL library: CIL module
 0001:0006071b       __unwindfunclet$?CompileFunction@asCCompiler@@QAEHPAVasCBuilder@@PAVasCScriptCode@@AAV?$asCArray@VasCString@@@@PAVasCScriptNode@@PAVasCScriptFunction@@PAUsClassDeclaration@@@Z$3 1006171b f    CIL library: CIL module
 0001:00060728       __unwindfunclet$?CompileFunction@asCCompiler@@QAEHPAVasCBuilder@@PAVasCScriptCode@@AAV?$asCArray@VasCString@@@@PAVasCScriptNode@@PAVasCScriptFunction@@PAUsClassDeclaration@@@Z$4 10061728 f    CIL library: CIL module
 0001:00060733       __unwindfunclet$?CompileFunction@asCCompiler@@QAEHPAVasCBuilder@@PAVasCScriptCode@@AAV?$asCArray@VasCString@@@@PAVasCScriptNode@@PAVasCScriptFunction@@PAUsClassDeclaration@@@Z$5 10061733 f    CIL library: CIL module
 0001:00060740       __unwindfunclet$?CompileFunction@asCCompiler@@QAEHPAVasCBuilder@@PAVasCScriptCode@@AAV?$asCArray@VasCString@@@@PAVasCScriptNode@@PAVasCScriptFunction@@PAUsClassDeclaration@@@Z$6 10061740 f    CIL library: CIL module
 0001:0006074b       __ehhandler$?CompileFunction@asCCompiler@@QAEHPAVasCBuilder@@PAVasCScriptCode@@AAV?$asCArray@VasCString@@@@PAVasCScriptNode@@PAVasCScriptFunction@@PAUsClassDeclaration@@@Z 1006174b f    CIL library: CIL module
 0001:00060755       __unwindfunclet$?CompileFunctions@asCBuilder@@IAEXXZ$0 10061755 f    CIL library: CIL module
 0001:00060762       __unwindfunclet$?CompileFunctions@asCBuilder@@IAEXXZ$1 10061762 f    CIL library: CIL module
 0001:0006076d       __unwindfunclet$?CompileFunctions@asCBuilder@@IAEXXZ$2 1006176d f    CIL library: CIL module
 0001:00060778       __ehhandler$?CompileFunctions@asCBuilder@@IAEXXZ 10061778 f    CIL library: CIL module
 0001:00060782       __unwindfunclet$?CompileFunction@asCBuilder@@QAEHPBD0HKPAPAVasCScriptFunction@@@Z$1 10061782 f    CIL library: CIL module
 0001:0006078f       __unwindfunclet$?CompileFunction@asCBuilder@@QAEHPBD0HKPAPAVasCScriptFunction@@@Z$3 1006178f f    CIL library: CIL module
 0001:00060794       __unwindfunclet$?CompileFunction@asCBuilder@@QAEHPBD0HKPAPAVasCScriptFunction@@@Z$4 10061794 f    CIL library: CIL module
 0001:0006079f       __unwindfunclet$?CompileFunction@asCBuilder@@QAEHPBD0HKPAPAVasCScriptFunction@@@Z$6 1006179f f    CIL library: CIL module
 0001:000607ac       __unwindfunclet$?CompileFunction@asCBuilder@@QAEHPBD0HKPAPAVasCScriptFunction@@@Z$7 100617ac f    CIL library: CIL module
 0001:000607b7       __unwindfunclet$?CompileFunction@asCBuilder@@QAEHPBD0HKPAPAVasCScriptFunction@@@Z$2 100617b7 f    CIL library: CIL module
 0001:000607c2       __ehhandler$?CompileFunction@asCBuilder@@QAEHPBD0HKPAPAVasCScriptFunction@@@Z 100617c2 f    CIL library: CIL module
 0001:000607cc       __unwindfunclet$?Build@asCBuilder@@QAEHXZ$0 100617cc f    CIL library: CIL module
 0001:000607d4       __ehhandler$?Build@asCBuilder@@QAEHXZ 100617d4 f    CIL library: CIL module
 0001:000607de       __unwindfunclet$?CompileFunction@asCModule@@UAEHPBD0HKPAPAVasIScriptFunction@@@Z$0 100617de f    CIL library: CIL module
 0001:000607eb       __unwindfunclet$?CompileFunction@asCModule@@UAEHPBD0HKPAPAVasIScriptFunction@@@Z$1 100617eb f    CIL library: CIL module
 0001:000607f6       __ehhandler$?CompileFunction@asCModule@@UAEHPBD0HKPAPAVasIScriptFunction@@@Z 100617f6 f    CIL library: CIL module
 0001:00060800       __unwindfunclet$??1asSTypeBehaviour@@QAE@XZ$0 10061800 f    CIL library: CIL module
 0001:0006080b       __unwindfunclet$??1asSTypeBehaviour@@QAE@XZ$1 1006180b f    CIL library: CIL module
 0001:00060816       __ehhandler$??1asSTypeBehaviour@@QAE@XZ 10061816 f    CIL library: CIL module
 0001:00060820       __unwindfunclet$??1?$asSMapNode@VasCString@@V?$asCArray@I@@@@QAE@XZ$0 10061820 f    CIL library: CIL module
 0001:00060820       __unwindfunclet$?Erase@?$asCMap@VasCString@@V?$asCArray@I@@@@QAEXPAU?$asSMapNode@VasCString@@V?$asCArray@I@@@@@Z$0 10061820 f    CIL library: CIL module
 0001:00060820       __unwindfunclet$??_G?$asSMapNode@VasCString@@V?$asCArray@I@@@@QAEPAXI@Z$0 10061820 f    CIL library: CIL module
 0001:0006082b       __ehhandler$??_G?$asSMapNode@VasCString@@V?$asCArray@I@@@@QAEPAXI@Z 1006182b f    CIL library: CIL module
 0001:0006082b       __ehhandler$?Erase@?$asCMap@VasCString@@V?$asCArray@I@@@@QAEXPAU?$asSMapNode@VasCString@@V?$asCArray@I@@@@@Z 1006182b f    CIL library: CIL module
 0001:0006082b       __ehhandler$??1?$asSMapNode@VasCString@@V?$asCArray@I@@@@QAE@XZ 1006182b f    CIL library: CIL module
 0001:00060840       __unwindfunclet$??0asSSystemFunctionInterface@@QAE@ABU0@@Z$0 10061840 f    CIL library: CIL module
 0001:0006084b       __ehhandler$??0asSSystemFunctionInterface@@QAE@ABU0@@Z 1006184b f    CIL library: CIL module
 0001:00060860       __unwindfunclet$??1ScriptFunctionData@asCScriptFunction@@QAE@XZ$0 10061860 f    CIL library: CIL module
 0001:00060868       __unwindfunclet$??1ScriptFunctionData@asCScriptFunction@@QAE@XZ$1 10061868 f    CIL library: CIL module
 0001:00060873       __unwindfunclet$??1ScriptFunctionData@asCScriptFunction@@QAE@XZ$2 10061873 f    CIL library: CIL module
 0001:0006087e       __unwindfunclet$??1ScriptFunctionData@asCScriptFunction@@QAE@XZ$3 1006187e f    CIL library: CIL module
 0001:00060889       __unwindfunclet$??1ScriptFunctionData@asCScriptFunction@@QAE@XZ$4 10061889 f    CIL library: CIL module
 0001:00060894       __unwindfunclet$??1ScriptFunctionData@asCScriptFunction@@QAE@XZ$5 10061894 f    CIL library: CIL module
 0001:0006089f       __unwindfunclet$??1ScriptFunctionData@asCScriptFunction@@QAE@XZ$6 1006189f f    CIL library: CIL module
 0001:000608ad       __ehhandler$??1ScriptFunctionData@asCScriptFunction@@QAE@XZ 100618ad f    CIL library: CIL module
 0001:000608c0       __unwindfunclet$??1asSExprContext@@QAE@XZ$0 100618c0 f    CIL library: CIL module
 0001:000608ca       __unwindfunclet$??1asSExprContext@@QAE@XZ$1 100618ca f    CIL library: CIL module
 0001:000608d5       __unwindfunclet$??1asSExprContext@@QAE@XZ$2 100618d5 f    CIL library: CIL module
 0001:000608e2       __ehhandler$??1asSExprContext@@QAE@XZ 100618e2 f    CIL library: CIL module
 0001:000608f0       __unwindfunclet$??1?$asCMap@VasCString@@V?$asCArray@I@@@@QAE@XZ$0 100618f0 f    CIL library: CIL module
 0001:000608fd       __unwindfunclet$??1?$asCMap@VasCString@@V?$asCArray@I@@@@QAE@XZ$1 100618fd f    CIL library: CIL module
 0001:00060908       __ehhandler$??1?$asCMap@VasCString@@V?$asCArray@I@@@@QAE@XZ 10061908 f    CIL library: CIL module
 0001:00060920       __unwindfunclet$??0?$asCSymbolTable@VasCScriptFunction@@@@QAE@I@Z$0 10061920 f    CIL library: CIL module
 0001:00060920       __unwindfunclet$??1?$asCSymbolTable@VasCScriptFunction@@@@QAE@XZ$0 10061920 f    CIL library: CIL module
 0001:00060920       __unwindfunclet$??0?$asCSymbolTable@VasCGlobalProperty@@@@QAE@I@Z$0 10061920 f    CIL library: CIL module
 0001:00060920       __unwindfunclet$??0?$asCSymbolTable@UsGlobalVariableDescription@@@@QAE@I@Z$0 10061920 f    CIL library: CIL module
 0001:00060920       __unwindfunclet$??1?$asCSymbolTable@VasCGlobalProperty@@@@QAE@XZ$0 10061920 f    CIL library: CIL module
 0001:00060920       __unwindfunclet$??1?$asCSymbolTable@UsGlobalVariableDescription@@@@QAE@XZ$0 10061920 f    CIL library: CIL module
 0001:0006092a       __ehhandler$??1?$asCSymbolTable@UsGlobalVariableDescription@@@@QAE@XZ 1006192a f    CIL library: CIL module
 0001:0006092a       __ehhandler$??0?$asCSymbolTable@UsGlobalVariableDescription@@@@QAE@I@Z 1006192a f    CIL library: CIL module
 0001:0006092a       __ehhandler$??0?$asCSymbolTable@VasCScriptFunction@@@@QAE@I@Z 1006192a f    CIL library: CIL module
 0001:0006092a       __ehhandler$??0?$asCSymbolTable@VasCGlobalProperty@@@@QAE@I@Z 1006192a f    CIL library: CIL module
 0001:0006092a       __ehhandler$??1?$asCSymbolTable@VasCScriptFunction@@@@QAE@XZ 1006192a f    CIL library: CIL module
 0001:0006092a       __ehhandler$??1?$asCSymbolTable@VasCGlobalProperty@@@@QAE@XZ 1006192a f    CIL library: CIL module
 0001:00060940       __unwindfunclet$??1asCReader@@QAE@XZ$0 10061940 f    CIL library: CIL module
 0001:0006094b       __unwindfunclet$??1asCReader@@QAE@XZ$1 1006194b f    CIL library: CIL module
 0001:00060956       __unwindfunclet$??1asCReader@@QAE@XZ$2 10061956 f    CIL library: CIL module
 0001:00060961       __unwindfunclet$??1asCReader@@QAE@XZ$3 10061961 f    CIL library: CIL module
 0001:0006096c       __unwindfunclet$??1asCReader@@QAE@XZ$4 1006196c f    CIL library: CIL module
 0001:00060977       __unwindfunclet$??1asCReader@@QAE@XZ$5 10061977 f    CIL library: CIL module
 0001:00060982       __unwindfunclet$??1asCReader@@QAE@XZ$6 10061982 f    CIL library: CIL module
 0001:0006098f       __unwindfunclet$??1asCReader@@QAE@XZ$7 1006198f f    CIL library: CIL module
 0001:0006099d       __unwindfunclet$??1asCReader@@QAE@XZ$8 1006199d f    CIL library: CIL module
 0001:000609ab       __unwindfunclet$??1asCReader@@QAE@XZ$9 100619ab f    CIL library: CIL module
 0001:000609b9       __unwindfunclet$??1asCReader@@QAE@XZ$10 100619b9 f    CIL library: CIL module
 0001:000609c7       __unwindfunclet$??1asCReader@@QAE@XZ$11 100619c7 f    CIL library: CIL module
 0001:000609d5       __unwindfunclet$??1asCReader@@QAE@XZ$12 100619d5 f    CIL library: CIL module
 0001:000609e3       __ehhandler$??1asCReader@@QAE@XZ 100619e3 f    CIL library: CIL module
 0001:000609f0       __unwindfunclet$??1asCWriter@@QAE@XZ$0 100619f0 f    CIL library: CIL module
 0001:000609fb       __unwindfunclet$??1asCWriter@@QAE@XZ$1 100619fb f    CIL library: CIL module
 0001:00060a06       __unwindfunclet$??1asCWriter@@QAE@XZ$2 10061a06 f    CIL library: CIL module
 0001:00060a11       __unwindfunclet$??1asCWriter@@QAE@XZ$3 10061a11 f    CIL library: CIL module
 0001:00060a1c       __unwindfunclet$??1asCWriter@@QAE@XZ$4 10061a1c f    CIL library: CIL module
 0001:00060a27       __unwindfunclet$??1asCWriter@@QAE@XZ$5 10061a27 f    CIL library: CIL module
 0001:00060a32       __unwindfunclet$??1asCWriter@@QAE@XZ$6 10061a32 f    CIL library: CIL module
 0001:00060a40       __unwindfunclet$??1asCWriter@@QAE@XZ$7 10061a40 f    CIL library: CIL module
 0001:00060a4d       __unwindfunclet$??1asCWriter@@QAE@XZ$8 10061a4d f    CIL library: CIL module
 0001:00060a5b       __unwindfunclet$??1asCWriter@@QAE@XZ$9 10061a5b f    CIL library: CIL module
 0001:00060a69       __unwindfunclet$??1asCWriter@@QAE@XZ$10 10061a69 f    CIL library: CIL module
 0001:00060a77       __unwindfunclet$??1asCWriter@@QAE@XZ$11 10061a77 f    CIL library: CIL module
 0001:00060a85       __unwindfunclet$??1asCWriter@@QAE@XZ$12 10061a85 f    CIL library: CIL module
 0001:00060a93       __unwindfunclet$??1asCWriter@@QAE@XZ$13 10061a93 f    CIL library: CIL module
 0001:00060aa1       __ehhandler$??1asCWriter@@QAE@XZ 10061aa1 f    CIL library: CIL module
 0001:00060ab0       __unwindfunclet$?BuildKey@?$asCSymbolTable@VasCScriptFunction@@@@ABEXPBUasSNameSpace@@ABVasCString@@AAV3@@Z$0 10061ab0 f    CIL library: CIL module
 0001:00060ab0       __unwindfunclet$?BuildKey@?$asCSymbolTable@UsGlobalVariableDescription@@@@ABEXPBUasSNameSpace@@ABVasCString@@AAV3@@Z$0 10061ab0 f    CIL library: CIL module
 0001:00060ab0       __unwindfunclet$?BuildKey@?$asCSymbolTable@VasCGlobalProperty@@@@ABEXPBUasSNameSpace@@ABVasCString@@AAV3@@Z$0 10061ab0 f    CIL library: CIL module
 0001:00060ab8       __unwindfunclet$?BuildKey@?$asCSymbolTable@VasCScriptFunction@@@@ABEXPBUasSNameSpace@@ABVasCString@@AAV3@@Z$1 10061ab8 f    CIL library: CIL module
 0001:00060ab8       __unwindfunclet$?BuildKey@?$asCSymbolTable@UsGlobalVariableDescription@@@@ABEXPBUasSNameSpace@@ABVasCString@@AAV3@@Z$1 10061ab8 f    CIL library: CIL module
 0001:00060ab8       __unwindfunclet$?BuildKey@?$asCSymbolTable@VasCGlobalProperty@@@@ABEXPBUasSNameSpace@@ABVasCString@@AAV3@@Z$1 10061ab8 f    CIL library: CIL module
 0001:00060ac0       __ehhandler$?BuildKey@?$asCSymbolTable@VasCGlobalProperty@@@@ABEXPBUasSNameSpace@@ABVasCString@@AAV3@@Z 10061ac0 f    CIL library: CIL module
 0001:00060ac0       __ehhandler$?BuildKey@?$asCSymbolTable@UsGlobalVariableDescription@@@@ABEXPBUasSNameSpace@@ABVasCString@@AAV3@@Z 10061ac0 f    CIL library: CIL module
 0001:00060ac0       __ehhandler$?BuildKey@?$asCSymbolTable@VasCScriptFunction@@@@ABEXPBUasSNameSpace@@ABVasCString@@AAV3@@Z 10061ac0 f    CIL library: CIL module
 0001:00060ad0       __unwindfunclet$?GetFirstIndex@?$asCSymbolTable@VasCGlobalProperty@@@@QBEHPBUasSNameSpace@@ABVasCString@@ABUasIFilter@@@Z$0 10061ad0 f    CIL library: CIL module
 0001:00060ad0       __unwindfunclet$?GetIndexes@?$asCSymbolTable@VasCScriptFunction@@@@QBEABV?$asCArray@I@@PBUasSNameSpace@@ABVasCString@@@Z$0 10061ad0 f    CIL library: CIL module
 0001:00060ad0       __unwindfunclet$?Erase@?$asCSymbolTable@UsGlobalVariableDescription@@@@QAE_NI@Z$0 10061ad0 f    CIL library: CIL module
 0001:00060ad0       __unwindfunclet$?GetFirstIndex@?$asCSymbolTable@UsGlobalVariableDescription@@@@QBEHPBUasSNameSpace@@ABVasCString@@ABUasIFilter@@@Z$0 10061ad0 f    CIL library: CIL module
 0001:00060ad0       __unwindfunclet$?Erase@?$asCSymbolTable@VasCGlobalProperty@@@@QAE_NI@Z$0 10061ad0 f    CIL library: CIL module
 0001:00060ad0       __unwindfunclet$?GetFirstIndex@?$asCSymbolTable@UsGlobalVariableDescription@@@@QBEHPBUasSNameSpace@@ABVasCString@@@Z$0 10061ad0 f    CIL library: CIL module
 0001:00060ad0       __unwindfunclet$?GetFirstIndex@?$asCSymbolTable@VasCGlobalProperty@@@@QBEHPBUasSNameSpace@@ABVasCString@@@Z$0 10061ad0 f    CIL library: CIL module
 0001:00060ad0       __unwindfunclet$?Erase@?$asCSymbolTable@VasCScriptFunction@@@@QAE_NI@Z$0 10061ad0 f    CIL library: CIL module
 0001:00060ad8       __ehhandler$?Erase@?$asCSymbolTable@VasCScriptFunction@@@@QAE_NI@Z 10061ad8 f    CIL library: CIL module
 0001:00060ad8       __ehhandler$?Erase@?$asCSymbolTable@UsGlobalVariableDescription@@@@QAE_NI@Z 10061ad8 f    CIL library: CIL module
 0001:00060ad8       __ehhandler$?GetFirstIndex@?$asCSymbolTable@VasCGlobalProperty@@@@QBEHPBUasSNameSpace@@ABVasCString@@@Z 10061ad8 f    CIL library: CIL module
 0001:00060ad8       __ehhandler$?GetIndexes@?$asCSymbolTable@VasCScriptFunction@@@@QBEABV?$asCArray@I@@PBUasSNameSpace@@ABVasCString@@@Z 10061ad8 f    CIL library: CIL module
 0001:00060ad8       __ehhandler$?GetFirstIndex@?$asCSymbolTable@UsGlobalVariableDescription@@@@QBEHPBUasSNameSpace@@ABVasCString@@ABUasIFilter@@@Z 10061ad8 f    CIL library: CIL module
 0001:00060ad8       __ehhandler$?GetFirstIndex@?$asCSymbolTable@VasCGlobalProperty@@@@QBEHPBUasSNameSpace@@ABVasCString@@ABUasIFilter@@@Z 10061ad8 f    CIL library: CIL module
 0001:00060ad8       __ehhandler$?GetFirstIndex@?$asCSymbolTable@UsGlobalVariableDescription@@@@QBEHPBUasSNameSpace@@ABVasCString@@@Z 10061ad8 f    CIL library: CIL module
 0001:00060ad8       __ehhandler$?Erase@?$asCSymbolTable@VasCGlobalProperty@@@@QAE_NI@Z 10061ad8 f    CIL library: CIL module
 0001:00060af0       __unwindfunclet$?Put@?$asCSymbolTable@VasCScriptFunction@@@@QAEHPAVasCScriptFunction@@@Z$0 10061af0 f    CIL library: CIL module
 0001:00060af0       __unwindfunclet$?Put@?$asCSymbolTable@VasCGlobalProperty@@@@QAEHPAVasCGlobalProperty@@@Z$0 10061af0 f    CIL library: CIL module
 0001:00060af0       __unwindfunclet$?Put@?$asCSymbolTable@UsGlobalVariableDescription@@@@QAEHPAUsGlobalVariableDescription@@@Z$0 10061af0 f    CIL library: CIL module
 0001:00060af8       __unwindfunclet$?Put@?$asCSymbolTable@UsGlobalVariableDescription@@@@QAEHPAUsGlobalVariableDescription@@@Z$1 10061af8 f    CIL library: CIL module
 0001:00060af8       __unwindfunclet$?Put@?$asCSymbolTable@VasCScriptFunction@@@@QAEHPAVasCScriptFunction@@@Z$1 10061af8 f    CIL library: CIL module
 0001:00060af8       __unwindfunclet$?Put@?$asCSymbolTable@VasCGlobalProperty@@@@QAEHPAVasCGlobalProperty@@@Z$1 10061af8 f    CIL library: CIL module
 0001:00060b00       __ehhandler$?Put@?$asCSymbolTable@VasCGlobalProperty@@@@QAEHPAVasCGlobalProperty@@@Z 10061b00 f    CIL library: CIL module
 0001:00060b00       __ehhandler$?Put@?$asCSymbolTable@UsGlobalVariableDescription@@@@QAEHPAUsGlobalVariableDescription@@@Z 10061b00 f    CIL library: CIL module
 0001:00060b00       __ehhandler$?Put@?$asCSymbolTable@VasCScriptFunction@@@@QAEHPAVasCScriptFunction@@@Z 10061b00 f    CIL library: CIL module
 0001:00060b10       ??__EuserAlloc@@YAXXZ      10061b10 f    CIL library: CIL module
 0001:00060b20       ??__EuserFree@@YAXXZ       10061b20 f    CIL library: CIL module
 0001:00060b30       ??__Fdummy@?3??GetIndexes@?$asCSymbolTable@VasCScriptFunction@@@@QBEABV?$asCArray@I@@PBUasSNameSpace@@ABVasCString@@@Z@YAXXZ 10061b30 f    CIL library: CIL module

 Exports

  ordinal    name

        1    _asAcquireExclusiveLock
               exported name: asAcquireExclusiveLock
        2    _asAcquireSharedLock
               exported name: asAcquireSharedLock
        3    _asAtomicDec
               exported name: asAtomicDec
        4    _asAtomicInc
               exported name: asAtomicInc
        5    _asCreateLockableSharedBool
               exported name: asCreateLockableSharedBool
        6    _asCreateScriptEngine
               exported name: asCreateScriptEngine
        7    _asGetActiveContext
               exported name: asGetActiveContext
        8    _asGetLibraryOptions
               exported name: asGetLibraryOptions
        9    _asGetLibraryVersion
               exported name: asGetLibraryVersion
       10    _asGetThreadManager
               exported name: asGetThreadManager
       11    _asPrepareMultithread
               exported name: asPrepareMultithread
       12    _asReleaseExclusiveLock
               exported name: asReleaseExclusiveLock
       13    _asReleaseSharedLock
               exported name: asReleaseSharedLock
       14    _asResetGlobalMemoryFunctions
               exported name: asResetGlobalMemoryFunctions
       15    _asSetGlobalMemoryFunctions
               exported name: asSetGlobalMemoryFunctions
       16    _asThreadCleanup
               exported name: asThreadCleanup
       17    _asUnprepareMultithread
               exported name: asUnprepareMultithread
