 plugin_test1

 Timestamp is 52666493 (Tue Oct 22 14:42:11 2013)

 Preferred load address is 10000000

 Start         Length     Name                   Class
 0001:00000000 00002116H .text                   CODE
 0001:00002120 000000c8H .text$x                 CODE
 0001:000021f0 000004e1H .text$yc                CODE
 0001:000026e0 000001eaH .text$yd                CODE
 0002:00000000 00000098H .idata$5                DATA
 0002:00000098 00000004H .CRT$XCA                DATA
 0002:0000009c 0000016cH .CRT$XCU                DATA
 0002:00000208 00000004H .CRT$XCZ                DATA
 0002:0000020c 00000004H .CRT$XIA                DATA
 0002:00000210 00000004H .CRT$XIAA               DATA
 0002:00000214 00000004H .CRT$XIZ                DATA
 0002:00000218 00000710H .rdata                  DATA
 0002:00000928 00000368H .rdata$r                DATA
 0002:00000c90 00000018H .rdata$sxdata           DATA
 0002:00000ca8 00000004H .rtc$IAA                DATA
 0002:00000cac 00000004H .rtc$IZZ                DATA
 0002:00000cb0 00000004H .rtc$TAA                DATA
 0002:00000cb4 00000004H .rtc$TZZ                DATA
 0002:00000cb8 000001a8H .xdata$x                DATA
 0002:00000e60 00000028H .idata$2                DATA
 0002:00000e88 00000014H .idata$3                DATA
 0002:00000e9c 00000098H .idata$4                DATA
 0002:00000f34 000002e6H .idata$6                DATA
 0002:00001220 0000005cH .edata                  DATA
 0003:00000000 00000240H .data                   DATA
 0003:00000240 000005ecH .bss                    DATA

  Address         Publics by Value              Rva+Base       Lib:Object

 0000:00000000       __except_list              00000000     <absolute>
 0000:00000006       ___safe_se_handler_count   00000006     <absolute>
 0000:00009876       __fltused                  00009876     <absolute>
 0000:00009876       __ldused                   00009876     <absolute>
 0000:00000000       ___ImageBase               10000000     <linker-defined>
 0001:00000000       ??1SCMemShared@core@UModSys@@QAE@XZ 10001000 f i plugin_test1.obj
 0001:00000010       ??3IRoot@core@UModSys@@SAXPAXABUSIMemAlloc@12@@Z 10001010 f i plugin_test1.obj
 0001:00000020       ?get_interface_info@RTest1_Shell@test1@test@modules@UModSys@@UBEABUSUniquePointerInfo@core@5@XZ 10001020 f i plugin_test1.obj
 0001:00000030       ?get_interface_type@RTest1_Shell@test1@test@modules@UModSys@@UBEPBUSUniquePointerInfo@core@5@XZ 10001030 f i plugin_test1.obj
 0001:00000040       ?get_interface_types@RTest1_Shell@test1@test@modules@UModSys@@UBEIAAUSUniquePtrList@core@5@@Z 10001040 f i plugin_test1.obj
 0001:00000040       ?get_interface_types@RGenerator@test1@test@modules@UModSys@@UBEIAAUSUniquePtrList@core@5@@Z 10001040 f i plugin_test1.obj
 0001:00000050       ?get_other_interface@RTest1_Shell@test1@test@modules@UModSys@@UAEPAUIRoot@core@5@PBUSUniquePointerInfo@75@@Z 10001050 f i plugin_test1.obj
 0001:00000050       ?get_other_interface@RTest1_Shell@test1@test@modules@UModSys@@UBEPBUIRoot@core@5@PBUSUniquePointerInfo@75@@Z 10001050 f i plugin_test1.obj
 0001:00000080       ?ref_remove@RTest1_Shell@test1@test@modules@UModSys@@UBEXXZ 10001080 f i plugin_test1.obj
 0001:00000080       ?ref_remove@RGenerator@test1@test@modules@UModSys@@UBEXXZ 10001080 f i plugin_test1.obj
 0001:00000090       ?ref_weak@RGenerator@test1@test@modules@UModSys@@UBE_NAAUWeakPointer@IRefObject@core@5@@Z 10001090 f i plugin_test1.obj
 0001:00000090       ?ref_weak@RTest1_Shell@test1@test@modules@UModSys@@UBE_NAAUWeakPointer@IRefObject@core@5@@Z 10001090 f i plugin_test1.obj
 0001:000000b0       ?suicide@RTest1_Shell@test1@test@modules@UModSys@@UAEXXZ 100010b0 f i plugin_test1.obj
 0001:000000c0       ?dump_str@RTest1_Shell@test1@test@modules@UModSys@@QAEXPBDI@Z 100010c0 f i plugin_test1.obj
 0001:000003f0       ?file_test4@RTest1_Shell@test1@test@modules@UModSys@@QAEXXZ 100013f0 f i plugin_test1.obj
 0001:00000750       ??0RTest1_Shell@test1@test@modules@UModSys@@QAE@PAUIModObject@base@4@@Z 10001750 f i plugin_test1.obj
 0001:00000850       ??1RTest1_Shell@test1@test@modules@UModSys@@UAE@XZ 10001850 f i plugin_test1.obj
 0001:000008e0       ?connect@RTest1_Shell@test1@test@modules@UModSys@@UAE_NXZ 100018e0 f i plugin_test1.obj
 0001:00000900       ?disconnect@RTest1_Shell@test1@test@modules@UModSys@@UAE_NXZ 10001900 f i plugin_test1.obj
 0001:00000920       ?process_tick@RTest1_Shell@test1@test@modules@UModSys@@UAE_NABUSTimeMsec@core@5@@Z 10001920 f i plugin_test1.obj
 0001:00000950       ?process_command@RTest1_Shell@test1@test@modules@UModSys@@UAE_NHQBU?$TString@U?$TSCoreConst@D@su@tl@UModSys@@U?$TComparerBinaryHash@D@234@@tl@5@@Z 10001950 f i plugin_test1.obj
 0001:00000980       ??1?$TParametersA@$0EAA@@core@UModSys@@QAE@XZ 10001980 f i plugin_test1.obj
 0001:00000990       ??1SMountPoint@ILibraryBinTree@libmedia@UModSys@@QAE@XZ 10001990 f i plugin_test1.obj
 0001:000009b0       ??_GRTest1_Shell@test1@test@modules@UModSys@@UAEPAXI@Z 100019b0 f i plugin_test1.obj
 0001:000009b0       ??_ERTest1_Shell@test1@test@modules@UModSys@@UAEPAXI@Z 100019b0 f i  CIL library: CIL module
 0001:000009d0       ??1IShell@base@UModSys@@UAE@XZ 100019d0 f i plugin_test1.obj
 0001:000009e0       ??_GIRefObject@core@UModSys@@UAEPAXI@Z 100019e0 f i plugin_test1.obj
 0001:000009e0       ??_EIRefObject@core@UModSys@@UAEPAXI@Z 100019e0 f i  CIL library: CIL module
 0001:000009e0       ??_GRGenerator@test1@test@modules@UModSys@@UAEPAXI@Z 100019e0 f i plugin_test1.obj
 0001:000009e0       ??_ERGenerator@test1@test@modules@UModSys@@UAEPAXI@Z 100019e0 f i  CIL library: CIL module
 0001:00000a00       ??_EIRoot@core@UModSys@@UAEPAXI@Z 10001a00 f i  CIL library: CIL module
 0001:00000a00       ??_GIRoot@core@UModSys@@UAEPAXI@Z 10001a00 f i plugin_test1.obj
 0001:00000a20       ?get_generated_names@RGenerator@test1@test@modules@UModSys@@UBEHAAUSUniquePtrList@core@5@@Z 10001a20 f i plugin_test1.obj
 0001:00000a40       ?get_generated_types@RGenerator@test1@test@modules@UModSys@@UBEHAAUSUniquePtrList@core@5@PBUSUniquePointerInfo@75@@Z 10001a40 f i plugin_test1.obj
 0001:00000a90       ?generate@RGenerator@test1@test@modules@UModSys@@UAE_NAAU?$TRefObject@UIRefObject@core@UModSys@@U?$TRefObjectFunc@UIRefObject@core@UModSys@@@tl@3@@tl@5@PBUSUniquePointerInfo@core@5@ABUSParameters@95@@Z 10001a90 f i plugin_test1.obj
 0001:00000b40       ?get_interface_info@RGenerator@test1@test@modules@UModSys@@UBEABUSUniquePointerInfo@core@5@XZ 10001b40 f i plugin_test1.obj
 0001:00000b50       ?get_interface_type@RGenerator@test1@test@modules@UModSys@@UBEPBUSUniquePointerInfo@core@5@XZ 10001b50 f i plugin_test1.obj
 0001:00000b60       ?get_other_interface@RGenerator@test1@test@modules@UModSys@@UBEPBUIRoot@core@5@PBUSUniquePointerInfo@75@@Z 10001b60 f i plugin_test1.obj
 0001:00000b60       ?get_other_interface@RGenerator@test1@test@modules@UModSys@@UAEPAUIRoot@core@5@PBUSUniquePointerInfo@75@@Z 10001b60 f i plugin_test1.obj
 0001:00000ba0       ?ref_add@RGenerator@test1@test@modules@UModSys@@UBEXXZ 10001ba0 f i plugin_test1.obj
 0001:00000ba0       ?ref_add@RTest1_Shell@test1@test@modules@UModSys@@UBEXXZ 10001ba0 f i plugin_test1.obj
 0001:00000bb0       ?ref_links@RTest1_Shell@test1@test@modules@UModSys@@UBEHXZ 10001bb0 f i plugin_test1.obj
 0001:00000bb0       ?ref_links@RGenerator@test1@test@modules@UModSys@@UBEHXZ 10001bb0 f i plugin_test1.obj
 0001:00000bc0       ?suicide@RGenerator@test1@test@modules@UModSys@@UAEXXZ 10001bc0 f i plugin_test1.obj
 0001:00000bd0       ?get_uid@RGenerator@test1@test@modules@UModSys@@UBEPBUSUniquePointerInfo@core@5@XZ 10001bd0 f i plugin_test1.obj
 0001:00000be0       ?do_open@RModuleReg@test1@test@modules@UModSys@@UAE_NXZ 10001be0 f i plugin_test1.obj
 0001:00000c10       ?do_close@RModuleReg@test1@test@modules@UModSys@@UAE_NXZ 10001c10 f i plugin_test1.obj
 0001:00000c40       ??_GRModuleReg@test1@test@modules@UModSys@@UAEPAXI@Z 10001c40 f i plugin_test1.obj
 0001:00000c40       ??_ERModuleReg@test1@test@modules@UModSys@@UAEPAXI@Z 10001c40 f i  CIL library: CIL module
 0001:00000c70       ??1?$TRefObject@UIRefObject@core@UModSys@@U?$TRefObjectFunc@UIRefObject@core@UModSys@@@tl@3@@tl@UModSys@@QAE@XZ 10001c70 f i plugin_test1.obj
 0001:00000c70       ??1?$TRefObject@UILibraryBinTree@libmedia@UModSys@@U?$TRefObjectFunc@UILibraryBinTree@libmedia@UModSys@@@tl@3@@tl@UModSys@@QAE@XZ 10001c70 f i plugin_test1.obj
 0001:00000c70       ??1?$TRefObject@UIBinArchive@libmedia@UModSys@@U?$TRefObjectFunc@UIBinArchive@libmedia@UModSys@@@tl@3@@tl@UModSys@@QAE@XZ 10001c70 f i plugin_test1.obj
 0001:00000c90       ?obj_delete@?$TRefObjectLinksModObject@URTest1_Shell@test1@test@modules@UModSys@@UIModObject@base@5@@tl@UModSys@@QBEXPAURTest1_Shell@test1@test@modules@3@@Z 10001c90 f i plugin_test1.obj
 0001:00000d00       ??$t_generate@UIBinArchive@libmedia@UModSys@@@SModuleContext@base@UModSys@@QAE_NAAU?$TRefObject@UIBinArchive@libmedia@UModSys@@U?$TRefObjectFunc@UIBinArchive@libmedia@UModSys@@@tl@3@@tl@2@PBUSUniquePointerInfo@core@2@ABUSParameters@62@@Z 10001d00 f i plugin_test1.obj
 0001:00000db0       ??$t_generate@UILibraryBinTree@libmedia@UModSys@@@SModuleContext@base@UModSys@@QAE_NAAU?$TRefObject@UILibraryBinTree@libmedia@UModSys@@U?$TRefObjectFunc@UILibraryBinTree@libmedia@UModSys@@@tl@3@@tl@2@PBUSUniquePointerInfo@core@2@ABUSParameters@62@@Z 10001db0 f i plugin_test1.obj
 0001:00000e60       ??$shash@D@su@tl@UModSys@@YAHPBDI@Z 10001e60 f i plugin_test1.obj
 0001:00000e90       ??1?$TRefObject@UIModObject@base@UModSys@@U?$TModObjectFunc@UIModObject@base@UModSys@@@tl@3@@tl@UModSys@@QAE@XZ 10001e90 f i plugin_test1.obj
 0001:00000eb0       ??$t_get_other_interface_ref@UIBinArchive@libmedia@UModSys@@@IRefObject@core@UModSys@@QAE_NAAU?$TRefObject@UIBinArchive@libmedia@UModSys@@U?$TRefObjectFunc@UIBinArchive@libmedia@UModSys@@@tl@3@@tl@2@@Z 10001eb0 f i plugin_test1.obj
 0001:00000ef0       ??$t_get_other_interface_ref@UILibraryBinTree@libmedia@UModSys@@@IRefObject@core@UModSys@@QAE_NAAU?$TRefObject@UILibraryBinTree@libmedia@UModSys@@U?$TRefObjectFunc@UILibraryBinTree@libmedia@UModSys@@@tl@3@@tl@2@@Z 10001ef0 f i plugin_test1.obj
 0001:00000f30       ??_ERModuleLibraryReg_Chain@base@UModSys@@UAEPAXI@Z 10001f30 f i  CIL library: CIL module
 0001:00000f30       ??_GRModuleLibraryReg_Chain@base@UModSys@@UAEPAXI@Z 10001f30 f i umodsys_lib_base:umodsys.base.moduleregchain.obj
 0001:00000f50       ??_EIModuleReg@base@UModSys@@UAEPAXI@Z 10001f50 f i  CIL library: CIL module
 0001:00000f50       ??_GIModuleReg@base@UModSys@@UAEPAXI@Z 10001f50 f i umodsys_lib_base:umodsys.base.modulereg.obj
 0001:00000f70       ??_EIModuleLibraryReg@base@UModSys@@UAEPAXI@Z 10001f70 f i  CIL library: CIL module
 0001:00000f70       ??_GIModuleLibraryReg@base@UModSys@@UAEPAXI@Z 10001f70 f i umodsys_lib_base:umodsys.base.modulereg.obj
 0001:00000f90       ?Find@?$TSet@U?$TArray@PBUSUniquePointerInfo@core@UModSys@@@tl@UModSys@@U?$TScalarCompare@PBUSUniquePointerInfo@core@UModSys@@@core@3@@tl@UModSys@@QBEPBQBUSUniquePointerInfo@core@3@ABQBU453@@Z 10001f90 f i umodsys_lib_core:umodsys.core.uniqueptrlist.obj
 0001:0000101b       __onexit                   1000201b f   MSVCRT:atonexit.obj
 0001:000010c0       _atexit                    100020c0 f   MSVCRT:atonexit.obj
 0001:000010d8       __purecall                 100020d8 f   MSVCRT:MSVCR90.dll
 0001:000010de       ??3@YAXPAX@Z               100020de f   MSVCRT:MSVCR90.dll
 0001:000010e4       ??_Etype_info@@UAEPAXI@Z   100020e4 f i MSVCRT:ti_inst.obj
 0001:0000117f       __CRT_INIT@12              1000217f f   MSVCRT:crtdll.obj
 0001:000014bb       __DllMainCRTStartup@12     100024bb f   MSVCRT:crtdll.obj
 0001:000014de       __unlock                   100024de f   MSVCRT:MSVCR90.dll
 0001:000014e4       ___dllonexit               100024e4 f   MSVCRT:MSVCR90.dll
 0001:000014ea       __lock                     100024ea f   MSVCRT:MSVCR90.dll
 0001:000014f0       __SEH_prolog4              100024f0 f   MSVCRT:sehprolg4.obj
 0001:00001535       __SEH_epilog4              10002535 f   MSVCRT:sehprolg4.obj
 0001:00001549       __except_handler4          10002549 f   MSVCRT:chandler4gs.obj
 0001:0000156e       ?__ArrayUnwind@@YGXPAXIHP6EX0@Z@Z 1000256e f   MSVCRT:ehvecdtr.obj
 0001:000015cc       ??_M@YGXPAXIHP6EX0@Z@Z     100025cc f   MSVCRT:ehvecdtr.obj
 0001:0000162f       ___clean_type_info_names   1000262f f   MSVCRT:tncleanup.obj
 0001:0000163b       __RTC_Initialize           1000263b f   MSVCRT:_initsect_.obj
 0001:00001661       __RTC_Terminate            10002661 f   MSVCRT:_initsect_.obj
 0001:00001690       __ValidateImageBase        10002690 f   MSVCRT:pesect.obj
 0001:000016d0       __FindPESection            100026d0 f   MSVCRT:pesect.obj
 0001:00001720       __IsNonwritableInCurrentImage 10002720 f   MSVCRT:pesect.obj
 0001:000017de       __initterm                 100027de f   MSVCRT:MSVCR90.dll
 0001:000017e4       __initterm_e               100027e4 f   MSVCRT:MSVCR90.dll
 0001:000017ea       __amsg_exit                100027ea f   MSVCRT:MSVCR90.dll
 0001:000017f0       ___CppXcptFilter           100027f0 f   MSVCRT:MSVCR90.dll
 0001:000017f6       _DllMain@12                100027f6 f   MSVCRT:dllmain.obj
 0001:0000181a       ___security_init_cookie    1000281a f   MSVCRT:gs_support.obj
 0001:000018b0       @__security_check_cookie@4 100028b0 f   MSVCRT:secchk.obj
 0001:000018c0       __except_handler4_common   100028c0 f   MSVCRT:MSVCR90.dll
 0001:000018c6       ?terminate@@YAXXZ          100028c6 f   MSVCRT:MSVCR90.dll
 0001:000018cc       ?_type_info_dtor_internal_method@type_info@@QAEXXZ 100028cc f   MSVCRT:MSVCR90.dll
 0001:000018cc       ??1type_info@@UAE@XZ       100028cc f   MSVCRT:MSVCR90.dll
 0001:000018d2       ___clean_type_info_names_internal 100028d2 f   MSVCRT:MSVCR90.dll
 0001:000018d8       ___report_gsfailure        100028d8 f   MSVCRT:gs_report.obj
 0001:000019de       __crt_debugger_hook        100029de f   MSVCRT:MSVCR90.dll
 0001:000019f0       ??3IRoot@core@UModSys@@SAXPAX@Z 100029f0 f   umodsys_lib_core:umodsys.core.objects.obj
 0001:00001a10       ??3IRoot@core@UModSys@@SAXPAXPAUIMemAlloc@12@@Z 10002a10 f   umodsys_lib_core:umodsys.core.objects.obj
 0001:00001a30       ??2IRoot@core@UModSys@@SAPAXIPAUIMemAlloc@12@@Z 10002a30 f   umodsys_lib_core:umodsys.core.objects.obj
 0001:00001a50       ?suicide@IRoot@core@UModSys@@UAEXXZ 10002a50 f   umodsys_lib_core:umodsys.core.objects.obj
 0001:00001a60       ??1IRoot@core@UModSys@@UAE@XZ 10002a60 f   umodsys_lib_core:umodsys.core.objects.obj
 0001:00001a70       ??1IRefObject@core@UModSys@@UAE@XZ 10002a70 f   umodsys_lib_core:umodsys.core.objects.obj
 0001:00001a80       ?s_unresolve@SUniquePointer@core@UModSys@@SAXPAUIUniquePointerResolver@23@@Z 10002a80 f   umodsys_lib_core:umodsys.core.uniqueptr.obj
 0001:00001ac0       ?s_resolve@SUniquePointer@core@UModSys@@SAXPAUIUniquePointerResolver@23@@Z 10002ac0 f   umodsys_lib_core:umodsys.core.uniqueptr.obj
 0001:00001b10       ??1SUniquePointer@core@UModSys@@QAE@XZ 10002b10 f   umodsys_lib_core:umodsys.core.uniqueptr.obj
 0001:00001b40       ??0SUniquePointer@core@UModSys@@QAE@H@Z 10002b40 f   umodsys_lib_core:umodsys.core.uniqueptr.obj
 0001:00001b60       ??0SUniquePointer@core@UModSys@@QAE@PBD0H@Z 10002b60 f   umodsys_lib_core:umodsys.core.uniqueptr.obj
 0001:00001bb0       ??1IModuleLibraryReg@base@UModSys@@UAE@XZ 10002bb0 f   umodsys_lib_base:umodsys.base.modulereg.obj
 0001:00001bc0       ??0IModuleLibraryReg@base@UModSys@@QAE@XZ 10002bc0 f   umodsys_lib_base:umodsys.base.modulereg.obj
 0001:00001bd0       ?mr_close@IModuleReg@base@UModSys@@UAE_NXZ 10002bd0 f   umodsys_lib_base:umodsys.base.modulereg.obj
 0001:00001be0       ?mr_open@IModuleReg@base@UModSys@@UAE_NXZ 10002be0 f   umodsys_lib_base:umodsys.base.modulereg.obj
 0001:00001c00       ?mr_isopen@IModuleReg@base@UModSys@@UBE_NXZ 10002c00 f   umodsys_lib_base:umodsys.base.modulereg.obj
 0001:00001c10       ??1IModuleReg@base@UModSys@@UAE@XZ 10002c10 f   umodsys_lib_base:umodsys.base.modulereg.obj
 0001:00001c20       ??0IModuleReg@base@UModSys@@QAE@PBDHH0@Z 10002c20 f   umodsys_lib_base:umodsys.base.modulereg.obj
 0001:00001c50       _UModSys_Plugin_Entry2@0   10002c50 f   umodsys_lib_base:umodsys.so_main.win32.obj
 0001:00001c60       ??1RModuleLibraryReg_Chain@base@UModSys@@UAE@XZ 10002c60 f   umodsys_lib_base:umodsys.base.moduleregchain.obj
 0001:00001c70       ??0RModuleLibraryReg_Chain@base@UModSys@@QAE@XZ 10002c70 f   umodsys_lib_base:umodsys.base.moduleregchain.obj
 0001:00001c90       ?s_get@SModuleRegChain@base@UModSys@@SAPAUIModuleReg@23@I@Z 10002c90 f   umodsys_lib_base:umodsys.base.moduleregchain.obj
 0001:00001cc0       ??1SModuleRegChain@base@UModSys@@QAE@XZ 10002cc0 f   umodsys_lib_base:umodsys.base.moduleregchain.obj
 0001:00001cf0       ??0SModuleRegChain@base@UModSys@@QAE@AAUIModuleReg@12@@Z 10002cf0 f   umodsys_lib_base:umodsys.base.moduleregchain.obj
 0001:00001d30       ?mlr_isopen@RModuleLibraryReg_Chain@base@UModSys@@UBE_NXZ 10002d30 f   umodsys_lib_base:umodsys.base.moduleregchain.obj
 0001:00001d40       ?mlr_close@RModuleLibraryReg_Chain@base@UModSys@@UAE_NXZ 10002d40 f   umodsys_lib_base:umodsys.base.moduleregchain.obj
 0001:00001d70       ?mlr_open@RModuleLibraryReg_Chain@base@UModSys@@UAE_NPAUISystem@23@PAUIMemAlloc@core@3@@Z 10002d70 f   umodsys_lib_base:umodsys.base.moduleregchain.obj
 0001:00001da0       ?mlr_get@RModuleLibraryReg_Chain@base@UModSys@@UBEPAUIModuleReg@23@I@Z 10002da0 f   umodsys_lib_base:umodsys.base.moduleregchain.obj
 0001:00001db0       ?mlr_count@RModuleLibraryReg_Chain@base@UModSys@@UBEIXZ 10002db0 f   umodsys_lib_base:umodsys.base.moduleregchain.obj
 0001:00001dd0       ??0SModuleRegChain@base@UModSys@@QAE@H@Z 10002dd0 f   umodsys_lib_base:umodsys.base.moduleregchain.obj
 0001:00001de0       ??1SModuleInfo@base@UModSys@@QAE@XZ 10002de0 f   umodsys_lib_base:umodsys.base.moduleinfo.obj
 0001:00001df0       ?set@SModuleInfo@base@UModSys@@QAEXPBDHH0@Z 10002df0 f   umodsys_lib_base:umodsys.base.moduleinfo.obj
 0001:00001e60       ??0SModuleInfo@base@UModSys@@QAE@PBDHH0@Z 10002e60 f   umodsys_lib_base:umodsys.base.moduleinfo.obj
 0001:00001ee0       ?unlink@SMemorySharedData@core@UModSys@@QAEXPBUSSourceContext@23@@Z 10002ee0 f   umodsys_lib_base:umodsys.base.modulecontext.obj
 0001:00001f00       ?Link@SModuleContext@base@UModSys@@QAEXPAUISystem@23@PAUIMemAlloc@core@3@@Z 10002f00 f   umodsys_lib_base:umodsys.base.modulecontext.obj
 0001:00001f60       ??1SModuleContext@base@UModSys@@QAE@XZ 10002f60 f   umodsys_lib_base:umodsys.base.modulecontext.obj
 0001:00001f70       ?get_paramworker@SParameters@core@UModSys@@KAPAUIParameters@23@XZ 10002f70 f   umodsys_lib_base:umodsys.base.modulecontext.obj
 0001:00001f80       ??0SModuleContext@base@UModSys@@QAE@XZ 10002f80 f   umodsys_lib_base:umodsys.base.modulecontext.obj
 0001:00001fa0       ?mod_dec@RGenerator@test1@test@modules@UModSys@@UBE_NXZ 10002fa0 f   plugin_test1.obj
 0001:00001fb0       ?mod_inc@RGenerator@test1@test@modules@UModSys@@UBE_NXZ 10002fb0 f   plugin_test1.obj
 0001:00001fc0       ?get_module@RGenerator@test1@test@modules@UModSys@@UBEPAUIModule@base@5@XZ 10002fc0 f   plugin_test1.obj
 0001:00001fd0       ?s_holder@RGenerator@test1@test@modules@UModSys@@SAAAU?$TTypeStaticHolder@URGenerator@test1@test@modules@UModSys@@@tl@5@XZ 10002fd0 f   plugin_test1.obj
 0001:00002010       ?s_unreg@RGenerator@test1@test@modules@UModSys@@SA_NPAUIModuleReg@base@5@@Z 10003010 f   plugin_test1.obj
 0001:00002060       ?s_reg@RGenerator@test1@test@modules@UModSys@@SA_NPAUIModuleReg@base@5@@Z 10003060 f   plugin_test1.obj
 0001:000020c0       ?add@SUniquePtrList@core@UModSys@@QAE_NPBUSUniquePointerInfo@23@@Z 100030c0 f   umodsys_lib_core:umodsys.core.uniqueptrlist.obj
 0001:00002110       ___CxxFrameHandler3        10003110 f   MSVCRT:MSVCR90.dll
 0002:00000000       __imp__SetUnhandledExceptionFilter@4 10004000     kernel32:KERNEL32.dll
 0002:00000004       __imp__UnhandledExceptionFilter@4 10004004     kernel32:KERNEL32.dll
 0002:00000008       __imp__GetCurrentProcess@0 10004008     kernel32:KERNEL32.dll
 0002:0000000c       __imp__TerminateProcess@8  1000400c     kernel32:KERNEL32.dll
 0002:00000010       __imp__GetSystemTimeAsFileTime@4 10004010     kernel32:KERNEL32.dll
 0002:00000014       __imp__GetCurrentProcessId@0 10004014     kernel32:KERNEL32.dll
 0002:00000018       __imp__GetCurrentThreadId@0 10004018     kernel32:KERNEL32.dll
 0002:0000001c       __imp__GetTickCount@0      1000401c     kernel32:KERNEL32.dll
 0002:00000020       __imp__QueryPerformanceCounter@4 10004020     kernel32:KERNEL32.dll
 0002:00000024       __imp__DisableThreadLibraryCalls@4 10004024     kernel32:KERNEL32.dll
 0002:00000028       __imp__InterlockedCompareExchange@12 10004028     kernel32:KERNEL32.dll
 0002:0000002c       __imp__Sleep@4             1000402c     kernel32:KERNEL32.dll
 0002:00000030       __imp__InterlockedExchange@8 10004030     kernel32:KERNEL32.dll
 0002:00000034       __imp__IsDebuggerPresent@0 10004034     kernel32:KERNEL32.dll
 0002:00000038       \177KERNEL32_NULL_THUNK_DATA 10004038     kernel32:KERNEL32.dll
 0002:0000003c       __imp____CppXcptFilter     1000403c     MSVCRT:MSVCR90.dll
 0002:00000040       __imp___except_handler4_common 10004040     MSVCRT:MSVCR90.dll
 0002:00000044       __imp___adjust_fdiv        10004044     MSVCRT:MSVCR90.dll
 0002:00000048       __imp_?_type_info_dtor_internal_method@type_info@@QAEXXZ 10004048     MSVCRT:MSVCR90.dll
 0002:0000004c       __imp____clean_type_info_names_internal 1000404c     MSVCRT:MSVCR90.dll
 0002:00000050       __imp___crt_debugger_hook  10004050     MSVCRT:MSVCR90.dll
 0002:00000054       __imp___amsg_exit          10004054     MSVCRT:MSVCR90.dll
 0002:00000058       __imp___initterm_e         10004058     MSVCRT:MSVCR90.dll
 0002:0000005c       __imp___initterm           1000405c     MSVCRT:MSVCR90.dll
 0002:00000060       __imp___encoded_null       10004060     MSVCRT:MSVCR90.dll
 0002:00000064       __imp__free                10004064     MSVCRT:MSVCR90.dll
 0002:00000068       __imp___malloc_crt         10004068     MSVCRT:MSVCR90.dll
 0002:0000006c       __imp___decode_pointer     1000406c     MSVCRT:MSVCR90.dll
 0002:00000070       __imp___onexit             10004070     MSVCRT:MSVCR90.dll
 0002:00000074       __imp___lock               10004074     MSVCRT:MSVCR90.dll
 0002:00000078       __imp___encode_pointer     10004078     MSVCRT:MSVCR90.dll
 0002:0000007c       __imp____dllonexit         1000407c     MSVCRT:MSVCR90.dll
 0002:00000080       __imp___unlock             10004080     MSVCRT:MSVCR90.dll
 0002:00000084       __imp_??3@YAXPAX@Z         10004084     MSVCRT:MSVCR90.dll
 0002:00000088       __imp_?terminate@@YAXXZ    10004088     MSVCRT:MSVCR90.dll
 0002:0000008c       __imp___purecall           1000408c     MSVCRT:MSVCR90.dll
 0002:00000090       __imp____CxxFrameHandler3  10004090     MSVCRT:MSVCR90.dll
 0002:00000094       \177MSVCR90_NULL_THUNK_DATA 10004094     MSVCRT:MSVCR90.dll
 0002:00000098       ___xc_a                    10004098     MSVCRT:cinitexe.obj
 0002:00000208       ___xc_z                    10004208     MSVCRT:cinitexe.obj
 0002:0000020c       ___xi_a                    1000420c     MSVCRT:cinitexe.obj
 0002:00000214       ___xi_z                    10004214     MSVCRT:cinitexe.obj
 0002:0000021c       ??_7type_info@@6B@         1000421c     MSVCRT:ti_inst.obj
 0002:00000220       __pRawDllMain              10004220     MSVCRT:crtdll.obj
 0002:00000220       __pDefaultRawDllMain       10004220     MSVCRT:crtdll.obj
 0002:0000022c       ??_C@_0P@GHFPNOJB@bad?5allocation?$AA@ 1000422c     plugin_test1.obj
 0002:0000023c       ??_C@_0BF@OCNNAADO@UModSys?3?3core?3?3IRoot?$AA@ 1000423c     plugin_test1.obj
 0002:00000254       ??_C@_0BK@EMIJFOPA@UModSys?3?3core?3?3IRefObject?$AA@ 10004254     plugin_test1.obj
 0002:00000270       ??_C@_0BL@IOMMHELF@UModSys?3?3core?3?3IParameters?$AA@ 10004270     plugin_test1.obj
 0002:0000028c       ??_C@_0BH@LKDEEPPM@UModSys?3?3base?3?3IModule?$AA@ 1000428c     plugin_test1.obj
 0002:000002a4       ??_C@_0BO@PHJOHFCB@UModSys?3?3base?3?3IModuleLibrary?$AA@ 100042a4     plugin_test1.obj
 0002:000002c4       ??_C@_0BK@FDPIOPHG@UModSys?3?3base?3?3IModObject?$AA@ 100042c4     plugin_test1.obj
 0002:000002e0       ??_C@_0BK@OIBKNCKJ@UModSys?3?3base?3?3IGenerator?$AA@ 100042e0     plugin_test1.obj
 0002:000002fc       ??_C@_0BG@PJBGCMEC@UModSys?3?3base?3?3IShell?$AA@ 100042fc     plugin_test1.obj
 0002:00000314       ??_C@_0BI@IKAOEFAP@UModSys?3?3base?3?3IConsole?$AA@ 10004314     plugin_test1.obj
 0002:0000032c       ??_C@_0BH@PFCONEJJ@UModSys?3?3base?3?3ISystem?$AA@ 1000432c     plugin_test1.obj
 0002:00000344       ??_C@_0CB@CLGNFEGF@UModSys?3?3libmedia?3?3IStreamReader@ 10004344     plugin_test1.obj
 0002:00000368       ??_C@_0CB@HOPFFLP@UModSys?3?3libmedia?3?3IStreamWriter@ 10004368     plugin_test1.obj
 0002:0000038c       ??_C@_0BP@KCJMEDNO@UModSys?3?3libmedia?3?3IBinArchive?$AA@ 1000438c     plugin_test1.obj
 0002:000003ac       ??_C@_0CB@FDEKNMGJ@UModSys?3?3libmedia?3?3IBinObjFilter@ 100043ac     plugin_test1.obj
 0002:000003d0       ??_C@_0BM@DPCMOAPM@UModSys?3?3libmedia?3?3ILibrary?$AA@ 100043d0     plugin_test1.obj
 0002:000003ec       ??_C@_0CD@ELIFEGE@UModSys?3?3libmedia?3?3ILibraryBinTr@ 100043ec     plugin_test1.obj
 0002:00000410       ??_C@_0CE@EGHBJBAJ@UModSys?3?3libmedia?3?3ILibraryBinCa@ 10004410     plugin_test1.obj
 0002:00000434       ??_C@_0CF@LBIGBLOK@UModSys?3?3libmedia?3?3ILibraryObjFi@ 10004434     plugin_test1.obj
 0002:0000045c       ??_C@_0CD@LJFEJKGF@UModSys?3?3libmedia?3?3ILibraryLayer@ 1000445c     plugin_test1.obj
 0002:00000480       ??_C@_0CM@LNHNHIJB@UModSys?3?3modules?3?3test?3?3test1?3?3R@ 10004480     plugin_test1.obj
 0002:000004ac       ??_C@_06FIJELGDL@?2x?$CF02x?$AA@ 100044ac     plugin_test1.obj
 0002:000004b4       ??_C@_01KICIPPFI@?2?$AA@   100044b4     plugin_test1.obj
 0002:000004b8       ??_C@_02HAOIJKIC@?$CFc?$AA@ 100044b8     plugin_test1.obj
 0002:000004bc       ??_C@_02DKCKIIND@?$CFs?$AA@ 100044bc     plugin_test1.obj
 0002:000004c0       ??_C@_0M@LAGNAJEJ@?$CK?3?3stdio?3?3?$CK?$AA@ 100044c0     plugin_test1.obj
 0002:000004cc       ??_C@_02KGHIDFGE@?$HN?6?$AA@ 100044cc     plugin_test1.obj
 0002:000004d0       ??_C@_01LFCBOECM@?4?$AA@   100044d0     plugin_test1.obj
 0002:000004d4       ??_C@_08PEIJGPHF@pathname?$AA@ 100044d4     plugin_test1.obj
 0002:000004e0       ??_C@_0BL@DDNILKEO@?5?5found?5archive?3?5?$CFs?5?$DN?$DO?5?$CFp?6?$AA@ 100044e0     plugin_test1.obj
 0002:000004fc       ??_C@_0BG@GOIHIOKN@?5?5load?5file?5size?3?$CFu?5?$HL?$AA@ 100044fc     plugin_test1.obj
 0002:00000514       ??_C@_0BB@DNFOOFNP@?5?5not?5load?5file?6?$AA@ 10004514     plugin_test1.obj
 0002:00000528       ??_C@_09BDJIOBCO@?$CK?3?3std?3?3?$CK?$AA@ 10004528     plugin_test1.obj
 0002:00000534       ??_C@_0CB@FNBGJIKO@?5?5found?5lib?$CIbin?9tree?$CJ?3?5?$CFs?5?$DN?$DO?5?$CFp?6@ 10004534     plugin_test1.obj
 0002:00000558       ??_C@_01KMDKNFGN@?1?$AA@   10004558     plugin_test1.obj
 0002:0000055c       ??_C@_0P@PGIPMINA@?1read?9test?4txt?$AA@ 1000455c     plugin_test1.obj
 0002:0000056c       ??_C@_0BC@NIGGCDMG@RTest1_Shell?$CI?$CJ?5?$HL?6?$AA@ 1000456c     plugin_test1.obj
 0002:00000580       ??_C@_0DK@JIEMIEKA@UModSys?3?3modules?3?3test?3?3test1?3?3R@ 10004580     plugin_test1.obj
 0002:000005bc       ??_C@_0CK@OICDGBDJ@?4?4?2?4?4?2?4?4?2src?2plugin?2test?2plugin_@ 100045bc     plugin_test1.obj
 0002:000005e8       ??_C@_0BF@BMCPNMPN@?$HN?5?1?1?5RTest1_Shell?$CI?$CJ?6?$AA@ 100045e8     plugin_test1.obj
 0002:00000600       ??_C@_0DL@OIAHAJF@UModSys?3?3modules?3?3test?3?3test1?3?3R@ 10004600     plugin_test1.obj
 0002:0000063c       ??_C@_0BB@MLDFLEML@?$HORTest1_Shell?$CI?$CJ?6?$AA@ 1000463c     plugin_test1.obj
 0002:00000650       ??_C@_0BJ@CCPCJEPP@RTest1_Shell?3?3connect?$CI?$CJ?6?$AA@ 10004650     plugin_test1.obj
 0002:0000066c       ??_C@_0BM@KBDBHLN@RTest1_Shell?3?3disconnect?$CI?$CJ?6?$AA@ 1000466c     plugin_test1.obj
 0002:00000688       ??_C@_0BI@PGLACHLJ@RTest1_Shell?3?3tick?$CI?$CFg?$CJ?6?$AA@ 10004688     plugin_test1.obj
 0002:000006a0       ??_C@_0BM@JFIEEBE@RTest1_Shell?3?3command?$CI?$CD?$CFd?$CJ?6?$AA@ 100046a0     plugin_test1.obj
 0002:000006bc       ??_C@_0CK@DEJPICLK@UModSys?3?3modules?3?3test?3?3test1?3?3R@ 100046bc     plugin_test1.obj
 0002:000006e8       ??_C@_0DD@HMBJLEH@UMODSYS_MODULE_NAME?$CItest?0test1?$CJ?3@ 100046e8     plugin_test1.obj
 0002:0000071b       ??_C@_00CNPNBAHC@?$AA@     1000471b     plugin_test1.obj
 0002:0000071c       ??_C@_0N@FOCLJAHI@tests?3?3test1?$AA@ 1000471c     plugin_test1.obj
 0002:0000072c       ??_C@_0BA@NMEBLMNE@Test?51?5?9?5module?$AA@ 1000472c     plugin_test1.obj
 0002:0000073c       ??_C@_05GENPCEMM@Test1?$AA@ 1000473c     plugin_test1.obj
 0002:00000744       ??_C@_0BE@HJEBHPIG@RModuleReg?3?3open?$CI?$CJ?6?$AA@ 10004744     plugin_test1.obj
 0002:00000758       ??_C@_0BF@KIBBFLP@RModuleReg?3?3close?$CI?$CJ?6?$AA@ 10004758     plugin_test1.obj
 0002:00000770       ??_C@_09JGNMLHG@modobject?$AA@ 10004770     plugin_test1.obj
 0002:0000077c       ??_C@_08FCBDOIAH@typeinfo?$AA@ 1000477c     plugin_test1.obj
 0002:0000078c       ??_7IRoot@core@UModSys@@6B@ 1000478c     plugin_test1.obj
 0002:000007ac       ??_7IRefObject@core@UModSys@@6B@ 100047ac     plugin_test1.obj
 0002:000007dc       ??_7RTest1_Shell@test1@test@modules@UModSys@@6B@ 100047dc     plugin_test1.obj
 0002:0000081c       ??_7RGenerator@test1@test@modules@UModSys@@6B@ 1000481c     plugin_test1.obj
 0002:00000868       ??_7RModuleReg@test1@test@modules@UModSys@@6B@ 10004868     plugin_test1.obj
 0002:00000884       ??_7RModuleLibraryReg_Chain@base@UModSys@@6B@ 10004884     umodsys_lib_base:umodsys.base.moduleregchain.obj
 0002:000008a0       ??_7IModuleReg@base@UModSys@@6B@ 100048a0     umodsys_lib_base:umodsys.base.modulereg.obj
 0002:000008bc       ??_7IModuleLibraryReg@base@UModSys@@6B@ 100048bc     umodsys_lib_base:umodsys.base.modulereg.obj
 0002:000008d8       __real@3f50624dd2f1a9fc    100048d8      CIL library: CIL module
 0002:000008e0       __load_config_used         100048e0     MSVCRT:loadcfg.obj
 0002:00000928       ??_R4type_info@@6B@        10004928     MSVCRT:ti_inst.obj
 0002:0000093c       ??_R3type_info@@8          1000493c     MSVCRT:ti_inst.obj
 0002:0000094c       ??_R2type_info@@8          1000494c     MSVCRT:ti_inst.obj
 0002:00000954       ??_R1A@?0A@EA@type_info@@8 10004954     MSVCRT:ti_inst.obj
 0002:00000970       ??_R4RModuleReg@test1@test@modules@UModSys@@6B@ 10004970     plugin_test1.obj
 0002:00000984       ??_R3RModuleReg@test1@test@modules@UModSys@@8 10004984     plugin_test1.obj
 0002:00000994       ??_R2RModuleReg@test1@test@modules@UModSys@@8 10004994     plugin_test1.obj
 0002:000009a0       ??_R1A@?0A@EA@IModuleReg@base@UModSys@@8 100049a0     plugin_test1.obj
 0002:000009bc       ??_R3IModuleReg@base@UModSys@@8 100049bc     plugin_test1.obj
 0002:000009cc       ??_R2IModuleReg@base@UModSys@@8 100049cc     plugin_test1.obj
 0002:000009d4       ??_R1A@?0A@EA@RModuleReg@test1@test@modules@UModSys@@8 100049d4     plugin_test1.obj
 0002:000009f0       ??_R4RGenerator@test1@test@modules@UModSys@@6B@ 100049f0     plugin_test1.obj
 0002:00000a04       ??_R3RGenerator@test1@test@modules@UModSys@@8 10004a04     plugin_test1.obj
 0002:00000a14       ??_R2RGenerator@test1@test@modules@UModSys@@8 10004a14     plugin_test1.obj
 0002:00000a2c       ??_R1A@?0A@EA@RGenerator@test1@test@modules@UModSys@@8 10004a2c     plugin_test1.obj
 0002:00000a48       ??_R4RTest1_Shell@test1@test@modules@UModSys@@6B@ 10004a48     plugin_test1.obj
 0002:00000a5c       ??_R3RTest1_Shell@test1@test@modules@UModSys@@8 10004a5c     plugin_test1.obj
 0002:00000a6c       ??_R2RTest1_Shell@test1@test@modules@UModSys@@8 10004a6c     plugin_test1.obj
 0002:00000a80       ??_R1A@?0A@EA@RTest1_Shell@test1@test@modules@UModSys@@8 10004a80     plugin_test1.obj
 0002:00000a9c       ??_R3IShell@base@UModSys@@8 10004a9c     plugin_test1.obj
 0002:00000aac       ??_R2IShell@base@UModSys@@8 10004aac     plugin_test1.obj
 0002:00000abc       ??_R1A@?0A@EA@IShell@base@UModSys@@8 10004abc     plugin_test1.obj
 0002:00000ad8       ??_R3IGenerator@base@UModSys@@8 10004ad8     plugin_test1.obj
 0002:00000ae8       ??_R2IGenerator@base@UModSys@@8 10004ae8     plugin_test1.obj
 0002:00000afc       ??_R1A@?0A@EA@IGenerator@base@UModSys@@8 10004afc     plugin_test1.obj
 0002:00000b18       ??_R3IModObject@base@UModSys@@8 10004b18     plugin_test1.obj
 0002:00000b28       ??_R2IModObject@base@UModSys@@8 10004b28     plugin_test1.obj
 0002:00000b38       ??_R1A@?0A@EA@IModObject@base@UModSys@@8 10004b38     plugin_test1.obj
 0002:00000b54       ??_R4IRefObject@core@UModSys@@6B@ 10004b54     plugin_test1.obj
 0002:00000b68       ??_R3IRefObject@core@UModSys@@8 10004b68     plugin_test1.obj
 0002:00000b78       ??_R2IRefObject@core@UModSys@@8 10004b78     plugin_test1.obj
 0002:00000b84       ??_R1A@?0A@EA@IRefObject@core@UModSys@@8 10004b84     plugin_test1.obj
 0002:00000ba0       ??_R4IRoot@core@UModSys@@6B@ 10004ba0     plugin_test1.obj
 0002:00000bb4       ??_R3IRoot@core@UModSys@@8 10004bb4     plugin_test1.obj
 0002:00000bc4       ??_R2IRoot@core@UModSys@@8 10004bc4     plugin_test1.obj
 0002:00000bcc       ??_R1A@?0A@EA@IRoot@core@UModSys@@8 10004bcc     plugin_test1.obj
 0002:00000be8       ??_R4RModuleLibraryReg_Chain@base@UModSys@@6B@ 10004be8     umodsys_lib_base:umodsys.base.moduleregchain.obj
 0002:00000bfc       ??_R3RModuleLibraryReg_Chain@base@UModSys@@8 10004bfc     umodsys_lib_base:umodsys.base.moduleregchain.obj
 0002:00000c0c       ??_R2RModuleLibraryReg_Chain@base@UModSys@@8 10004c0c     umodsys_lib_base:umodsys.base.moduleregchain.obj
 0002:00000c18       ??_R1A@?0A@EA@IModuleLibraryReg@base@UModSys@@8 10004c18     umodsys_lib_base:umodsys.base.moduleregchain.obj
 0002:00000c34       ??_R3IModuleLibraryReg@base@UModSys@@8 10004c34     umodsys_lib_base:umodsys.base.moduleregchain.obj
 0002:00000c44       ??_R2IModuleLibraryReg@base@UModSys@@8 10004c44     umodsys_lib_base:umodsys.base.moduleregchain.obj
 0002:00000c4c       ??_R1A@?0A@EA@RModuleLibraryReg_Chain@base@UModSys@@8 10004c4c     umodsys_lib_base:umodsys.base.moduleregchain.obj
 0002:00000c68       ??_R4IModuleLibraryReg@base@UModSys@@6B@ 10004c68     umodsys_lib_base:umodsys.base.modulereg.obj
 0002:00000c7c       ??_R4IModuleReg@base@UModSys@@6B@ 10004c7c     umodsys_lib_base:umodsys.base.modulereg.obj
 0002:00000c90       ___safe_se_handler_table   10004c90     <linker-defined>
 0002:00000ca8       ___rtc_iaa                 10004ca8     MSVCRT:_initsect_.obj
 0002:00000cac       ___rtc_izz                 10004cac     MSVCRT:_initsect_.obj
 0002:00000cb0       ___rtc_taa                 10004cb0     MSVCRT:_initsect_.obj
 0002:00000cb4       ___rtc_tzz                 10004cb4     MSVCRT:_initsect_.obj
 0002:00000e60       __IMPORT_DESCRIPTOR_MSVCR90 10004e60     MSVCRT:MSVCR90.dll
 0002:00000e74       __IMPORT_DESCRIPTOR_KERNEL32 10004e74     kernel32:KERNEL32.dll
 0002:00000e88       __NULL_IMPORT_DESCRIPTOR   10004e88     MSVCRT:MSVCR90.dll
 0003:00000000       ??_R0?AVtype_info@@@8      10006000     MSVCRT:ti_inst.obj
 0003:00000018       ___native_dllmain_reason   10006018     MSVCRT:natstart.obj
 0003:0000001c       ___native_vcclrit_reason   1000601c     MSVCRT:natstart.obj
 0003:00000020       ___security_cookie         10006020     MSVCRT:gs_cookie.obj
 0003:00000024       ___security_cookie_complement 10006024     MSVCRT:gs_cookie.obj
 0003:00000028       ??_R0?AUIModuleReg@base@UModSys@@@8 10006028     plugin_test1.obj
 0003:00000050       ??_R0?AURModuleReg@test1@test@modules@UModSys@@@8 10006050     plugin_test1.obj
 0003:00000084       ??_R0?AURGenerator@test1@test@modules@UModSys@@@8 10006084     plugin_test1.obj
 0003:000000b8       ??_R0?AURTest1_Shell@test1@test@modules@UModSys@@@8 100060b8     plugin_test1.obj
 0003:000000f0       ??_R0?AUIShell@base@UModSys@@@8 100060f0     plugin_test1.obj
 0003:00000114       ??_R0?AUIGenerator@base@UModSys@@@8 10006114     plugin_test1.obj
 0003:0000013c       ??_R0?AUIModObject@base@UModSys@@@8 1000613c     plugin_test1.obj
 0003:00000164       ??_R0?AUIRefObject@core@UModSys@@@8 10006164     plugin_test1.obj
 0003:0000018c       ??_R0?AUIRoot@core@UModSys@@@8 1000618c     plugin_test1.obj
 0003:000001c8       ?so_entry_enabled_flag@base@UModSys@@3HA 100061c8     umodsys_lib_base:umodsys.so_main.win32.obj
 0003:000001dc       ??_R0?AUIModuleLibraryReg@base@UModSys@@@8 100061dc     umodsys_lib_base:umodsys.base.moduleregchain.obj
 0003:0000020c       ??_R0?AURModuleLibraryReg_Chain@base@UModSys@@@8 1000620c     umodsys_lib_base:umodsys.base.moduleregchain.obj
 0003:00000244       __forceCRTManifestRTM      10006244     MSVCRT:crtmanifestrtm.obj
 0003:00000248       ?__type_info_root_node@@3U__type_info_node@@A 10006248     MSVCRT:tncleanup.obj
 0003:00000594       ?s_modreg@RModuleReg@test1@test@modules@UModSys@@2U12345@A 10006594     plugin_test1.obj
 0003:000005bc       ?s_modreg_chain@RModuleReg@test1@test@modules@UModSys@@2USModuleRegChain@base@5@A 100065bc     plugin_test1.obj
 0003:000005c8       ?s_uid@RGenerator@test1@test@modules@UModSys@@2USUniquePointer@core@5@A 100065c8     plugin_test1.obj
 0003:000005e0       ?M@UModSys@@3USModuleContext@base@1@A 100065e0     umodsys_lib_base:umodsys.base.modulecontext.obj
 0003:000005f4       ?s_library@RModuleLibraryReg_Chain@base@UModSys@@2U123@A 100065f4     umodsys_lib_base:umodsys.base.moduleregchain.obj
 0003:000005f8       ?root@SModuleRegChain@base@UModSys@@2U123@A 100065f8     umodsys_lib_base:umodsys.base.moduleregchain.obj
 0003:00000604       ?root@SUniquePointer@core@UModSys@@2U123@A 10006604     umodsys_lib_core:umodsys.core.uniqueptr.obj
 0003:0000061c       ?s_id@?$TObjectUniqueID@UILibraryLayered@libmedia@UModSys@@@tl@UModSys@@2USUniquePointer@core@3@A 1000661c     plugin_test1.obj
 0003:00000634       ?s_id@?$TObjectUniqueID@UIRefObject@core@UModSys@@@tl@UModSys@@2USUniquePointer@core@3@A 10006634     plugin_test1.obj
 0003:0000064c       ?s_id@?$TObjectUniqueID@UILibrary@libmedia@UModSys@@@tl@UModSys@@2USUniquePointer@core@3@A 1000664c     plugin_test1.obj
 0003:00000664       ?s_id@?$TObjectUniqueID@UIRoot@core@UModSys@@@tl@UModSys@@2USUniquePointer@core@3@A 10006664     plugin_test1.obj
 0003:0000067c       ?s_id@?$TObjectUniqueID@UIBinArchive@libmedia@UModSys@@@tl@UModSys@@2USUniquePointer@core@3@A 1000667c     plugin_test1.obj
 0003:00000694       ?s_id@?$TObjectUniqueID@UIModule@base@UModSys@@@tl@UModSys@@2USUniquePointer@core@3@A 10006694     plugin_test1.obj
 0003:000006ac       ?s_id@?$TObjectUniqueID@UIStreamWriter@libmedia@UModSys@@@tl@UModSys@@2USUniquePointer@core@3@A 100066ac     plugin_test1.obj
 0003:000006c4       ?s_id@?$TObjectUniqueID@UIGenerator@base@UModSys@@@tl@UModSys@@2USUniquePointer@core@3@A 100066c4     plugin_test1.obj
 0003:000006dc       ?s_id@?$TObjectUniqueID@UIBinObjFilter@libmedia@UModSys@@@tl@UModSys@@2USUniquePointer@core@3@A 100066dc     plugin_test1.obj
 0003:000006f4       ?s_id@?$TObjectUniqueID@UIModuleLibrary@base@UModSys@@@tl@UModSys@@2USUniquePointer@core@3@A 100066f4     plugin_test1.obj
 0003:0000070c       ?s_id@?$TObjectUniqueID@UIParameters@core@UModSys@@@tl@UModSys@@2USUniquePointer@core@3@A 1000670c     plugin_test1.obj
 0003:00000724       ?s_id@?$TObjectUniqueID@UISystem@base@UModSys@@@tl@UModSys@@2USUniquePointer@core@3@A 10006724     plugin_test1.obj
 0003:0000073c       ?s_id@?$TObjectUniqueID@UILibraryBinCache@libmedia@UModSys@@@tl@UModSys@@2USUniquePointer@core@3@A 1000673c     plugin_test1.obj
 0003:00000754       ?s_id@?$TObjectUniqueID@URTest1_Shell@test1@test@modules@UModSys@@@tl@UModSys@@2USUniquePointer@core@3@A 10006754     plugin_test1.obj
 0003:0000076c       ?s_id@?$TObjectUniqueID@UILibraryBinTree@libmedia@UModSys@@@tl@UModSys@@2USUniquePointer@core@3@A 1000676c     plugin_test1.obj
 0003:00000784       ?s_id@?$TObjectUniqueID@UIModObject@base@UModSys@@@tl@UModSys@@2USUniquePointer@core@3@A 10006784     plugin_test1.obj
 0003:0000079c       ?s_id@?$TObjectUniqueID@UILibraryObjFilter@libmedia@UModSys@@@tl@UModSys@@2USUniquePointer@core@3@A 1000679c     plugin_test1.obj
 0003:000007b4       ?s_id@?$TObjectUniqueID@UIStreamReader@libmedia@UModSys@@@tl@UModSys@@2USUniquePointer@core@3@A 100067b4     plugin_test1.obj
 0003:000007cc       ?s_id@?$TObjectUniqueID@URGenerator@test1@test@modules@UModSys@@@tl@UModSys@@2USUniquePointer@core@3@A 100067cc     plugin_test1.obj
 0003:000007e4       ?s_id@?$TObjectUniqueID@UIShell@base@UModSys@@@tl@UModSys@@2USUniquePointer@core@3@A 100067e4     plugin_test1.obj
 0003:000007fc       ?s_id@?$TObjectUniqueID@UIConsole@base@UModSys@@@tl@UModSys@@2USUniquePointer@core@3@A 100067fc     plugin_test1.obj
 0003:00000814       __adjust_fdiv              10006814     <common>
 0003:00000818       ___native_startup_state    10006818     <common>
 0003:0000081c       ___native_startup_lock     1000681c     <common>
 0003:00000820       ___dyn_tls_init_callback   10006820     <common>
 0003:00000824       ___onexitend               10006824     <common>
 0003:00000828       ___onexitbegin             10006828     <common>

 entry point at        0001:000014bb

 Static symbols

 0001:00001130       _pre_c_init                10002130 f   MSVCRT:crtdll.obj
 0001:000013a5       ___DllMainCRTStartup       100023a5 f   MSVCRT:crtdll.obj
 0001:00002120       __unwindfunclet$?obj_delete@?$TRefObjectLinksModObject@URTest1_Shell@test1@test@modules@UModSys@@UIModObject@base@5@@tl@UModSys@@QBEXPAURTest1_Shell@test1@test@modules@3@@Z$0 10003120 f    CIL library: CIL module
 0001:00002128       __ehhandler$?obj_delete@?$TRefObjectLinksModObject@URTest1_Shell@test1@test@modules@UModSys@@UIModObject@base@5@@tl@UModSys@@QBEXPAURTest1_Shell@test1@test@modules@3@@Z 10003128 f    CIL library: CIL module
 0001:00002140       __unwindfunclet$??0RTest1_Shell@test1@test@modules@UModSys@@QAE@PAUIModObject@base@4@@Z$0 10003140 f    CIL library: CIL module
 0001:00002140       __unwindfunclet$??1RTest1_Shell@test1@test@modules@UModSys@@UAE@XZ$0 10003140 f    CIL library: CIL module
 0001:00002148       __ehhandler$??0RTest1_Shell@test1@test@modules@UModSys@@QAE@PAUIModObject@base@4@@Z 10003148 f    CIL library: CIL module
 0001:00002148       __ehhandler$??1RTest1_Shell@test1@test@modules@UModSys@@UAE@XZ 10003148 f    CIL library: CIL module
 0001:00002160       __unwindfunclet$??$t_generate@UIBinArchive@libmedia@UModSys@@@SModuleContext@base@UModSys@@QAE_NAAU?$TRefObject@UIBinArchive@libmedia@UModSys@@U?$TRefObjectFunc@UIBinArchive@libmedia@UModSys@@@tl@3@@tl@2@PBUSUniquePointerInfo@core@2@ABUSParameters@62@@Z$0 10003160 f    CIL library: CIL module
 0001:00002160       __unwindfunclet$??$t_generate@UILibraryBinTree@libmedia@UModSys@@@SModuleContext@base@UModSys@@QAE_NAAU?$TRefObject@UILibraryBinTree@libmedia@UModSys@@U?$TRefObjectFunc@UILibraryBinTree@libmedia@UModSys@@@tl@3@@tl@2@PBUSUniquePointerInfo@core@2@ABUSParameters@62@@Z$0 10003160 f    CIL library: CIL module
 0001:00002168       __ehhandler$??$t_generate@UILibraryBinTree@libmedia@UModSys@@@SModuleContext@base@UModSys@@QAE_NAAU?$TRefObject@UILibraryBinTree@libmedia@UModSys@@U?$TRefObjectFunc@UILibraryBinTree@libmedia@UModSys@@@tl@3@@tl@2@PBUSUniquePointerInfo@core@2@ABUSParameters@62@@Z 10003168 f    CIL library: CIL module
 0001:00002168       __ehhandler$??$t_generate@UIBinArchive@libmedia@UModSys@@@SModuleContext@base@UModSys@@QAE_NAAU?$TRefObject@UIBinArchive@libmedia@UModSys@@U?$TRefObjectFunc@UIBinArchive@libmedia@UModSys@@@tl@3@@tl@2@PBUSUniquePointerInfo@core@2@ABUSParameters@62@@Z 10003168 f    CIL library: CIL module
 0001:00002180       __unwindfunclet$?file_test4@RTest1_Shell@test1@test@modules@UModSys@@QAEXXZ$0 10003180 f    CIL library: CIL module
 0001:0000218b       __unwindfunclet$?file_test4@RTest1_Shell@test1@test@modules@UModSys@@QAEXXZ$1 1000318b f    CIL library: CIL module
 0001:00002196       __unwindfunclet$?file_test4@RTest1_Shell@test1@test@modules@UModSys@@QAEXXZ$2 10003196 f    CIL library: CIL module
 0001:000021a1       __unwindfunclet$?file_test4@RTest1_Shell@test1@test@modules@UModSys@@QAEXXZ$3 100031a1 f    CIL library: CIL module
 0001:000021ac       __unwindfunclet$?file_test4@RTest1_Shell@test1@test@modules@UModSys@@QAEXXZ$4 100031ac f    CIL library: CIL module
 0001:000021b7       __unwindfunclet$?file_test4@RTest1_Shell@test1@test@modules@UModSys@@QAEXXZ$5 100031b7 f    CIL library: CIL module
 0001:000021c2       __ehhandler$?file_test4@RTest1_Shell@test1@test@modules@UModSys@@QAEXXZ 100031c2 f    CIL library: CIL module
 0001:000021d0       __unwindfunclet$?generate@RGenerator@test1@test@modules@UModSys@@UAE_NAAU?$TRefObject@UIRefObject@core@UModSys@@U?$TRefObjectFunc@UIRefObject@core@UModSys@@@tl@3@@tl@5@PBUSUniquePointerInfo@core@5@ABUSParameters@95@@Z$0 100031d0 f    CIL library: CIL module
 0001:000021de       __ehhandler$?generate@RGenerator@test1@test@modules@UModSys@@UAE_NAAU?$TRefObject@UIRefObject@core@UModSys@@U?$TRefObjectFunc@UIRefObject@core@UModSys@@@tl@3@@tl@5@PBUSUniquePointerInfo@core@5@ABUSParameters@95@@Z 100031de f    CIL library: CIL module
 0001:000021f0       ??__E?s_modreg@RModuleReg@test1@test@modules@UModSys@@2U12345@A@@YAXXZ 100031f0 f    CIL library: CIL module
 0001:00002220       ??__E?s_modreg_chain@RModuleReg@test1@test@modules@UModSys@@2USModuleRegChain@base@5@A@@YAXXZ 10003220 f    CIL library: CIL module
 0001:00002240       ??__E?s_uid@RGenerator@test1@test@modules@UModSys@@2USUniquePointer@core@5@A@@YAXXZ 10003240 f    CIL library: CIL module
 0001:00002270       ??__E?s_id@?$TObjectUniqueID@UIRoot@core@UModSys@@@tl@UModSys@@2USUniquePointer@core@3@A@@YAXXZ 10003270 f    CIL library: CIL module
 0001:000022a0       ??__E?s_id@?$TObjectUniqueID@UIRefObject@core@UModSys@@@tl@UModSys@@2USUniquePointer@core@3@A@@YAXXZ 100032a0 f    CIL library: CIL module
 0001:000022d0       ??__E?s_id@?$TObjectUniqueID@UIParameters@core@UModSys@@@tl@UModSys@@2USUniquePointer@core@3@A@@YAXXZ 100032d0 f    CIL library: CIL module
 0001:00002300       ??__E?s_id@?$TObjectUniqueID@UIModule@base@UModSys@@@tl@UModSys@@2USUniquePointer@core@3@A@@YAXXZ 10003300 f    CIL library: CIL module
 0001:00002330       ??__E?s_id@?$TObjectUniqueID@UIModuleLibrary@base@UModSys@@@tl@UModSys@@2USUniquePointer@core@3@A@@YAXXZ 10003330 f    CIL library: CIL module
 0001:00002360       ??__E?s_id@?$TObjectUniqueID@UIModObject@base@UModSys@@@tl@UModSys@@2USUniquePointer@core@3@A@@YAXXZ 10003360 f    CIL library: CIL module
 0001:00002390       ??__E?s_id@?$TObjectUniqueID@UIGenerator@base@UModSys@@@tl@UModSys@@2USUniquePointer@core@3@A@@YAXXZ 10003390 f    CIL library: CIL module
 0001:000023c0       ??__E?s_id@?$TObjectUniqueID@UIShell@base@UModSys@@@tl@UModSys@@2USUniquePointer@core@3@A@@YAXXZ 100033c0 f    CIL library: CIL module
 0001:000023f0       ??__E?s_id@?$TObjectUniqueID@UIConsole@base@UModSys@@@tl@UModSys@@2USUniquePointer@core@3@A@@YAXXZ 100033f0 f    CIL library: CIL module
 0001:00002420       ??__E?s_id@?$TObjectUniqueID@UISystem@base@UModSys@@@tl@UModSys@@2USUniquePointer@core@3@A@@YAXXZ 10003420 f    CIL library: CIL module
 0001:00002450       ??__E?s_id@?$TObjectUniqueID@UIStreamReader@libmedia@UModSys@@@tl@UModSys@@2USUniquePointer@core@3@A@@YAXXZ 10003450 f    CIL library: CIL module
 0001:00002480       ??__E?s_id@?$TObjectUniqueID@UIStreamWriter@libmedia@UModSys@@@tl@UModSys@@2USUniquePointer@core@3@A@@YAXXZ 10003480 f    CIL library: CIL module
 0001:000024b0       ??__E?s_id@?$TObjectUniqueID@UIBinArchive@libmedia@UModSys@@@tl@UModSys@@2USUniquePointer@core@3@A@@YAXXZ 100034b0 f    CIL library: CIL module
 0001:000024e0       ??__E?s_id@?$TObjectUniqueID@UIBinObjFilter@libmedia@UModSys@@@tl@UModSys@@2USUniquePointer@core@3@A@@YAXXZ 100034e0 f    CIL library: CIL module
 0001:00002510       ??__E?s_id@?$TObjectUniqueID@UILibrary@libmedia@UModSys@@@tl@UModSys@@2USUniquePointer@core@3@A@@YAXXZ 10003510 f    CIL library: CIL module
 0001:00002540       ??__E?s_id@?$TObjectUniqueID@UILibraryBinTree@libmedia@UModSys@@@tl@UModSys@@2USUniquePointer@core@3@A@@YAXXZ 10003540 f    CIL library: CIL module
 0001:00002570       ??__E?s_id@?$TObjectUniqueID@UILibraryBinCache@libmedia@UModSys@@@tl@UModSys@@2USUniquePointer@core@3@A@@YAXXZ 10003570 f    CIL library: CIL module
 0001:000025a0       ??__E?s_id@?$TObjectUniqueID@UILibraryObjFilter@libmedia@UModSys@@@tl@UModSys@@2USUniquePointer@core@3@A@@YAXXZ 100035a0 f    CIL library: CIL module
 0001:000025d0       ??__E?s_id@?$TObjectUniqueID@UILibraryLayered@libmedia@UModSys@@@tl@UModSys@@2USUniquePointer@core@3@A@@YAXXZ 100035d0 f    CIL library: CIL module
 0001:00002600       ??__E?s_id@?$TObjectUniqueID@URTest1_Shell@test1@test@modules@UModSys@@@tl@UModSys@@2USUniquePointer@core@3@A@@YAXXZ 10003600 f    CIL library: CIL module
 0001:00002630       ??__E?s_id@?$TObjectUniqueID@URGenerator@test1@test@modules@UModSys@@@tl@UModSys@@2USUniquePointer@core@3@A@@YAXXZ 10003630 f    CIL library: CIL module
 0001:00002660       ??__EM@UModSys@@YAXXZ      10003660 f    CIL library: CIL module
 0001:00002680       ??__E?root@SModuleRegChain@base@UModSys@@2U123@A@@YAXXZ 10003680 f    CIL library: CIL module
 0001:000026a0       ??__E?s_library@RModuleLibraryReg_Chain@base@UModSys@@2U123@A@@YAXXZ 100036a0 f    CIL library: CIL module
 0001:000026c0       ??__E?root@SUniquePointer@core@UModSys@@2U123@A@@YAXXZ 100036c0 f    CIL library: CIL module
 0001:000026e0       ??__F?s_modreg@RModuleReg@test1@test@modules@UModSys@@2U12345@A@@YAXXZ 100036e0 f    CIL library: CIL module
 0001:00002700       ??__F?s_modreg_chain@RModuleReg@test1@test@modules@UModSys@@2USModuleRegChain@base@5@A@@YAXXZ 10003700 f    CIL library: CIL module
 0001:00002710       ??__F?s_uid@RGenerator@test1@test@modules@UModSys@@2USUniquePointer@core@5@A@@YAXXZ 10003710 f    CIL library: CIL module
 0001:00002720       ??__Fh@?1??s_holder@RGenerator@test1@test@modules@UModSys@@SAAAU?$TTypeStaticHolder@URGenerator@test1@test@modules@UModSys@@@tl@5@XZ@YAXXZ 10003720 f    CIL library: CIL module
 0001:00002740       ??__F?s_id@?$TObjectUniqueID@URGenerator@test1@test@modules@UModSys@@@tl@UModSys@@2USUniquePointer@core@3@A@@YAXXZ 10003740 f    CIL library: CIL module
 0001:00002750       ??__F?s_id@?$TObjectUniqueID@URTest1_Shell@test1@test@modules@UModSys@@@tl@UModSys@@2USUniquePointer@core@3@A@@YAXXZ 10003750 f    CIL library: CIL module
 0001:00002760       ??__F?s_id@?$TObjectUniqueID@UILibraryLayered@libmedia@UModSys@@@tl@UModSys@@2USUniquePointer@core@3@A@@YAXXZ 10003760 f    CIL library: CIL module
 0001:00002770       ??__F?s_id@?$TObjectUniqueID@UILibraryObjFilter@libmedia@UModSys@@@tl@UModSys@@2USUniquePointer@core@3@A@@YAXXZ 10003770 f    CIL library: CIL module
 0001:00002780       ??__F?s_id@?$TObjectUniqueID@UILibraryBinCache@libmedia@UModSys@@@tl@UModSys@@2USUniquePointer@core@3@A@@YAXXZ 10003780 f    CIL library: CIL module
 0001:00002790       ??__F?s_id@?$TObjectUniqueID@UILibraryBinTree@libmedia@UModSys@@@tl@UModSys@@2USUniquePointer@core@3@A@@YAXXZ 10003790 f    CIL library: CIL module
 0001:000027a0       ??__F?s_id@?$TObjectUniqueID@UILibrary@libmedia@UModSys@@@tl@UModSys@@2USUniquePointer@core@3@A@@YAXXZ 100037a0 f    CIL library: CIL module
 0001:000027b0       ??__F?s_id@?$TObjectUniqueID@UIBinObjFilter@libmedia@UModSys@@@tl@UModSys@@2USUniquePointer@core@3@A@@YAXXZ 100037b0 f    CIL library: CIL module
 0001:000027c0       ??__F?s_id@?$TObjectUniqueID@UIBinArchive@libmedia@UModSys@@@tl@UModSys@@2USUniquePointer@core@3@A@@YAXXZ 100037c0 f    CIL library: CIL module
 0001:000027d0       ??__F?s_id@?$TObjectUniqueID@UIStreamWriter@libmedia@UModSys@@@tl@UModSys@@2USUniquePointer@core@3@A@@YAXXZ 100037d0 f    CIL library: CIL module
 0001:000027e0       ??__F?s_id@?$TObjectUniqueID@UIStreamReader@libmedia@UModSys@@@tl@UModSys@@2USUniquePointer@core@3@A@@YAXXZ 100037e0 f    CIL library: CIL module
 0001:000027f0       ??__F?s_id@?$TObjectUniqueID@UISystem@base@UModSys@@@tl@UModSys@@2USUniquePointer@core@3@A@@YAXXZ 100037f0 f    CIL library: CIL module
 0001:00002800       ??__F?s_id@?$TObjectUniqueID@UIConsole@base@UModSys@@@tl@UModSys@@2USUniquePointer@core@3@A@@YAXXZ 10003800 f    CIL library: CIL module
 0001:00002810       ??__F?s_id@?$TObjectUniqueID@UIShell@base@UModSys@@@tl@UModSys@@2USUniquePointer@core@3@A@@YAXXZ 10003810 f    CIL library: CIL module
 0001:00002820       ??__F?s_id@?$TObjectUniqueID@UIGenerator@base@UModSys@@@tl@UModSys@@2USUniquePointer@core@3@A@@YAXXZ 10003820 f    CIL library: CIL module
 0001:00002830       ??__F?s_id@?$TObjectUniqueID@UIModObject@base@UModSys@@@tl@UModSys@@2USUniquePointer@core@3@A@@YAXXZ 10003830 f    CIL library: CIL module
 0001:00002840       ??__F?s_id@?$TObjectUniqueID@UIModuleLibrary@base@UModSys@@@tl@UModSys@@2USUniquePointer@core@3@A@@YAXXZ 10003840 f    CIL library: CIL module
 0001:00002850       ??__F?s_id@?$TObjectUniqueID@UIModule@base@UModSys@@@tl@UModSys@@2USUniquePointer@core@3@A@@YAXXZ 10003850 f    CIL library: CIL module
 0001:00002860       ??__F?s_id@?$TObjectUniqueID@UIParameters@core@UModSys@@@tl@UModSys@@2USUniquePointer@core@3@A@@YAXXZ 10003860 f    CIL library: CIL module
 0001:00002870       ??__F?s_id@?$TObjectUniqueID@UIRefObject@core@UModSys@@@tl@UModSys@@2USUniquePointer@core@3@A@@YAXXZ 10003870 f    CIL library: CIL module
 0001:00002880       ??__F?s_id@?$TObjectUniqueID@UIRoot@core@UModSys@@@tl@UModSys@@2USUniquePointer@core@3@A@@YAXXZ 10003880 f    CIL library: CIL module
 0001:00002890       ??__FM@UModSys@@YAXXZ      10003890 f    CIL library: CIL module
 0001:000028a0       ??__F?root@SModuleRegChain@base@UModSys@@2U123@A@@YAXXZ 100038a0 f    CIL library: CIL module
 0001:000028b0       ??__F?s_library@RModuleLibraryReg_Chain@base@UModSys@@2U123@A@@YAXXZ 100038b0 f    CIL library: CIL module
 0001:000028c0       ??__F?root@SUniquePointer@core@UModSys@@2U123@A@@YAXXZ 100038c0 f    CIL library: CIL module

 Exports

  ordinal    name

        1    _UModSys_Plugin_Entry2@0
