 plugin_test1

 Timestamp is 533040fc (Mon Mar 24 17:28:12 2014)

 Preferred load address is 10000000

 Start         Length     Name                   Class
 0001:00000000 00035a01H .text                   CODE
 0001:00035a10 00000d18H .text$x                 CODE
 0001:00036730 00001b21H .text$yc                CODE
 0001:00038260 00000a9aH .text$yd                CODE
 0002:00000000 00000230H .idata$5                DATA
 0002:00000230 00000004H .CRT$XCA                DATA
 0002:00000234 000010d8H .CRT$XCU                DATA
 0002:0000130c 00000004H .CRT$XCZ                DATA
 0002:00001310 00000004H .CRT$XIA                DATA
 0002:00001314 00000004H .CRT$XIAA               DATA
 0002:00001318 00000004H .CRT$XIC                DATA
 0002:0000131c 00000004H .CRT$XIZ                DATA
 0002:00001320 0000d088H .rdata                  DATA
 0002:0000e3a8 00001eecH .rdata$r                DATA
 0002:000102a0 00000188H .rdata$sxdata           DATA
 0002:00010428 00000004H .rtc$IAA                DATA
 0002:0001042c 00000004H .rtc$IZZ                DATA
 0002:00010430 00000004H .rtc$TAA                DATA
 0002:00010434 00000004H .rtc$TZZ                DATA
 0002:00010438 000014c4H .xdata$x                DATA
 0002:000118fc 00000078H .idata$2                DATA
 0002:00011974 00000014H .idata$3                DATA
 0002:00011988 00000230H .idata$4                DATA
 0002:00011bb8 000009feH .idata$6                DATA
 0002:000125c0 0000005cH .edata                  DATA
 0003:00000000 00001630H .data                   DATA
 0003:00001630 00001ab0H .bss                    DATA

  Address         Publics by Value              Rva+Base       Lib:Object

 0000:00000000       __except_list              00000000     <absolute>
 0000:00000062       ___safe_se_handler_count   00000062     <absolute>
 0000:00009876       __ldused                   00009876     <absolute>
 0000:00009876       __fltused                  00009876     <absolute>
 0000:00000000       ___ImageBase               10000000     <linker-defined>
 0001:00000000       ??1State@RImage_Memory@stdlib@lib2d@modules@UModSys@@QAE@XZ 10001000 f i umodsys_lib_lib2d:umodsys.mod.2d.stdlib.obj
 0001:00000000       ??1SMemShared@core@UModSys@@QAE@XZ 10001000 f i plugin_test1.obj
 0001:00000000       ??1SCMemShared@core@UModSys@@QAE@XZ 10001000 f i plugin_test1.obj
 0001:00000020       ??4SCMemShared@core@UModSys@@QAEABU012@ABUSMemShared@12@@Z 10001020 f i plugin_test1.obj
 0001:00000050       ??3IRoot@core@UModSys@@SAXPAXABUSIMemAlloc@12@@Z 10001050 f i plugin_test1.obj
 0001:00000060       ??$seq@D@su@tl@UModSys@@YA_NPBD0@Z 10001060 f i plugin_test1.obj
 0001:000000a0       ?s@SFrameDataOut@libui@UModSys@@QBEXQBD@Z 100010a0 f i plugin_test1.obj
 0001:000000e0       ?set_info@IImage@lib2d@UModSys@@QAE_NW4eImageType@23@HHPBD@Z 100010e0 f i plugin_test1.obj
 0001:00000110       ??_GIRoot@core@UModSys@@UAEPAXI@Z 10001110 f i plugin_test1.obj
 0001:00000110       ??_EIRoot@core@UModSys@@UAEPAXI@Z 10001110 f i  CIL library: CIL module
 0001:00000130       ??1IBinObjFilter@libmedia@UModSys@@UAE@XZ 10001130 f i plugin_test1.obj
 0001:00000180       ?root_get_interface_info@RTest1_Shell@test1@test@modules@UModSys@@UBEABUSUniquePointerInfo@core@5@XZ 10001180 f i plugin_test1.obj
 0001:00000190       ?root_get_interface_type@RTest1_Shell@test1@test@modules@UModSys@@UBEPBUSUniquePointerInfo@core@5@XZ 10001190 f i plugin_test1.obj
 0001:000001a0       ?root_get_other_interface@RTest1_Shell@test1@test@modules@UModSys@@UAEPAUIRoot@core@5@PBUSUniquePointerInfo@75@@Z 100011a0 f i plugin_test1.obj
 0001:000001a0       ?root_get_other_interface@RTest1_Shell@test1@test@modules@UModSys@@UBEPBUIRoot@core@5@PBUSUniquePointerInfo@75@@Z 100011a0 f i plugin_test1.obj
 0001:000001d0       ?root_is_interface_supported@RTest1_Shell@test1@test@modules@UModSys@@UBE_NPBUSUniquePointerInfo@core@5@@Z 100011d0 f i plugin_test1.obj
 0001:00000210       ?ref_add@RTest1_Shell@test1@test@modules@UModSys@@UBEXXZ 10001210 f i plugin_test1.obj
 0001:00000220       ?ref_remove@RTest1_Shell@test1@test@modules@UModSys@@UBEXXZ 10001220 f i plugin_test1.obj
 0001:00000230       ?ref_links@RTest1_Shell@test1@test@modules@UModSys@@UBEHXZ 10001230 f i plugin_test1.obj
 0001:00000240       ?ref_weak@RTest1_Shell@test1@test@modules@UModSys@@UBE_NAAUWeakPointer@IRefObject@core@5@@Z 10001240 f i plugin_test1.obj
 0001:00000260       ?suicide@RTest1_Shell@test1@test@modules@UModSys@@UAEXXZ 10001260 f i plugin_test1.obj
 0001:00000270       ?set@VertexPC@UI_Info@RTest1_Shell@test1@test@modules@UModSys@@QAEXABU?$TVector3@N@math3d@7@ABU?$TVector3@M@97@@Z 10001270 f i plugin_test1.obj
 0001:00000340       ??0RTest1_Shell@test1@test@modules@UModSys@@QAE@PAUIModObject@base@4@@Z 10001340 f i plugin_test1.obj
 0001:00000490       ??1RTest1_Shell@test1@test@modules@UModSys@@UAE@XZ 10001490 f i plugin_test1.obj
 0001:00000540       ?connect@RTest1_Shell@test1@test@modules@UModSys@@UAE_NXZ 10001540 f i plugin_test1.obj
 0001:00000560       ?disconnect@RTest1_Shell@test1@test@modules@UModSys@@UAE_NXZ 10001560 f i plugin_test1.obj
 0001:00000580       ?process_tick@RTest1_Shell@test1@test@modules@UModSys@@UAE_NABUSTimeMsec@core@5@@Z 10001580 f i plugin_test1.obj
 0001:000005b0       ?process_command@RTest1_Shell@test1@test@modules@UModSys@@UAE_NHQBU?$TString@U?$TSCoreConst@D@su@tl@UModSys@@U?$TComparerBinaryHash@D@234@@tl@5@@Z 100015b0 f i plugin_test1.obj
 0001:000005d0       ??_ERTest1_Shell@test1@test@modules@UModSys@@UAEPAXI@Z 100015d0 f i  CIL library: CIL module
 0001:000005d0       ??_GRTest1_Shell@test1@test@modules@UModSys@@UAEPAXI@Z 100015d0 f i plugin_test1.obj
 0001:000005f0       ??1IVertexArray@lib3d@UModSys@@UAE@XZ 100015f0 f i umodsys_lib_libui:umodsys.mod.ui.SDL_GL.obj
 0001:000005f0       ??1IRenderDriver@lib2d@UModSys@@UAE@XZ 100015f0 f i umodsys_lib_libui:umodsys.mod.ui.SDL_GL.obj
 0001:000005f0       ??1IClient@IBinArchiveFrame@libmedia@UModSys@@UAE@XZ 100015f0 f i umodsys_lib_libmedia:umodsys.mod.media.zlib.obj
 0001:000005f0       ??1ISerializeWriter@libmedia@UModSys@@UAE@XZ 100015f0 f i umodsys_lib_libmedia:umodsys.mod.media.serialize_json.obj
 0001:000005f0       ??1IFrame@libui@UModSys@@UAE@XZ 100015f0 f i umodsys_lib_libui:umodsys.mod.ui.frames.obj
 0001:000005f0       ??1ITerminal@libui@UModSys@@UAE@XZ 100015f0 f i umodsys_lib_libui:umodsys.mod.ui.SDL_GL.obj
 0001:000005f0       ??1ICollector@libui@UModSys@@UAE@XZ 100015f0 f i umodsys_lib_libui:umodsys.mod.ui.frames.obj
 0001:000005f0       ??1IImageFactory@lib2d@UModSys@@UAE@XZ 100015f0 f i umodsys_lib_lib2d:umodsys.mod.2d.stdlib.obj
 0001:000005f0       ??1IImage@lib2d@UModSys@@UAE@XZ 100015f0 f i umodsys_lib_lib2d:umodsys.mod.2d.stdlib.obj
 0001:000005f0       ??1ISerializeReader@libmedia@UModSys@@UAE@XZ 100015f0 f i umodsys_lib_libmedia:umodsys.mod.media.serialize_json.obj
 0001:000005f0       ??1IRenderDriver@lib3d@UModSys@@UAE@XZ 100015f0 f i umodsys_lib_libui:umodsys.mod.ui.SDL_GL.obj
 0001:000005f0       ??1IMouseController@libui@UModSys@@UAE@XZ 100015f0 f i umodsys_lib_libui:umodsys.mod.ui.SDL_GL.obj
 0001:000005f0       ??1IMultiImage@lib2d@UModSys@@UAE@XZ 100015f0 f i umodsys_lib_lib2d:umodsys.mod.2d.stdlib.obj
 0001:000005f0       ??1IKeyboardController@libui@UModSys@@UAE@XZ 100015f0 f i umodsys_lib_libui:umodsys.mod.ui.SDL_GL.obj
 0001:000005f0       ??1IShell@base@UModSys@@UAE@XZ 100015f0 f i plugin_test1.obj
 0001:000005f0       ??1IDialog@libui@UModSys@@UAE@XZ 100015f0 f i umodsys_lib_libui:umodsys.mod.ui.frames.obj
 0001:00000600       ?set_value@Prop@Aux@RTest1_Shell@test1@test@modules@UModSys@@UAE_NABUSPropValueR@core@7@@Z 10001600 f i plugin_test1.obj
 0001:000006b0       ?set_value@PropX@Aux@RTest1_Shell@test1@test@modules@UModSys@@UAE_NPBUSUniquePointerInfo@core@7@ABUSPropValueR@97@@Z 100016b0 f i plugin_test1.obj
 0001:00000820       ??1SFrameCreateParameters@libui@UModSys@@QAE@XZ 10001820 f i plugin_test1.obj
 0001:00000840       ??1UI_Info@RTest1_Shell@test1@test@modules@UModSys@@QAE@XZ 10001840 f i plugin_test1.obj
 0001:00000970       ?get_generated_names@RGenerator@test1@test@modules@UModSys@@UBEHAAUSUniquePtrList@core@5@@Z 10001970 f i plugin_test1.obj
 0001:00000990       ?get_generated_types@RGenerator@test1@test@modules@UModSys@@UBEHAAUSUniquePtrList@core@5@PBUSUniquePointerInfo@75@@Z 10001990 f i plugin_test1.obj
 0001:000009e0       ?generate@RGenerator@test1@test@modules@UModSys@@UAE_NAAU?$TRefObject@UIRefObject@core@UModSys@@U?$TRefObjectFunc@UIRefObject@core@UModSys@@@tl@3@@tl@5@PBUSUniquePointerInfo@core@5@ABUSParameters@95@@Z 100019e0 f i plugin_test1.obj
 0001:00000aa0       ?root_get_interface_info@RGenerator@test1@test@modules@UModSys@@UBEABUSUniquePointerInfo@core@5@XZ 10001aa0 f i plugin_test1.obj
 0001:00000ab0       ?root_get_interface_type@RGenerator@test1@test@modules@UModSys@@UBEPBUSUniquePointerInfo@core@5@XZ 10001ab0 f i plugin_test1.obj
 0001:00000ac0       ?root_get_other_interface@RGenerator@test1@test@modules@UModSys@@UAEPAUIRoot@core@5@PBUSUniquePointerInfo@75@@Z 10001ac0 f i plugin_test1.obj
 0001:00000ac0       ?root_get_other_interface@RGenerator@test1@test@modules@UModSys@@UBEPBUIRoot@core@5@PBUSUniquePointerInfo@75@@Z 10001ac0 f i plugin_test1.obj
 0001:00000b00       ?root_is_interface_supported@RGenerator@test1@test@modules@UModSys@@UBE_NPBUSUniquePointerInfo@core@5@@Z 10001b00 f i plugin_test1.obj
 0001:00000b40       ?get_uid@RGenerator@test1@test@modules@UModSys@@UBEPBUSUniquePointerInfo@core@5@XZ 10001b40 f i plugin_test1.obj
 0001:00000b50       ?do_open@RModuleReg@test1@test@modules@UModSys@@UAE_NXZ 10001b50 f i plugin_test1.obj
 0001:00000b80       ?do_close@RModuleReg@test1@test@modules@UModSys@@UAE_NXZ 10001b80 f i plugin_test1.obj
 0001:00000bb0       ??_GRModuleReg@test1@test@modules@UModSys@@UAEPAXI@Z 10001bb0 f i plugin_test1.obj
 0001:00000bb0       ??_ERModuleReg@test1@test@modules@UModSys@@UAEPAXI@Z 10001bb0 f i  CIL library: CIL module
 0001:00000be0       ??0?$TString@U?$TSCoreConst@D@su@tl@UModSys@@U?$TComparerBinaryHash@D@234@@tl@UModSys@@QAE@PBD@Z 10001be0 f i plugin_test1.obj
 0001:00000c30       ??8?$TString@U?$TSCoreConst@D@su@tl@UModSys@@U?$TComparerBinaryHash@D@234@@tl@UModSys@@QBE_NPBD@Z 10001c30 f i plugin_test1.obj
 0001:00000c60       ??4?$TString@U?$TSCoreShared@USIMemAlloc@core@UModSys@@D@su@tl@UModSys@@U?$TComparerBinaryHash@D@234@@tl@UModSys@@QAEABU012@ABU012@@Z 10001c60 f i plugin_test1.obj
 0001:00000c90       ?normalize@?$TVector3@N@math3d@UModSys@@QAENXZ 10001c90 f i plugin_test1.obj
 0001:00000cf0       ?info_release@?$TSCoreShared@USIMemAlloc@core@UModSys@@D@su@tl@UModSys@@QAEXXZ 10001cf0 f i plugin_test1.obj
 0001:00000d70       ?info_new@?$TSCoreShared@USIMemAlloc@core@UModSys@@D@su@tl@UModSys@@QAE_NPBDI@Z 10001d70 f i plugin_test1.obj
 0001:00000e20       ?get_null@?$TSCoreShared@USIMemAlloc@core@UModSys@@D@su@tl@UModSys@@SAPAU?$TSharedStringInfo@DUSIMemAlloc@core@UModSys@@@234@XZ 10001e20 f i plugin_test1.obj
 0001:00000e60       ?mult3@?$TMatrix44@N@math3d@UModSys@@QAEXABU123@0@Z 10001e60 f i plugin_test1.obj
 0001:00000f40       ?set_rotate_about@?$TMatrix44@N@math3d@UModSys@@QAEXABU?$TVector3@N@23@N@Z 10001f40 f i plugin_test1.obj
 0001:00001080       ?set_look_at@?$TMatrix44@N@math3d@UModSys@@QAE_NABU?$TVector3@N@23@00@Z 10002080 f i plugin_test1.obj
 0001:00001240       ?set_inversed@?$TMatrix44@N@math3d@UModSys@@QAE_NABU123@@Z 10002240 f i plugin_test1.obj
 0001:00001620       ?obj_delete@?$TRefObjectLinksModObject@URMultiImage@stdlib@lib2d@modules@UModSys@@UIModObject@base@5@@tl@UModSys@@QBEXPAURMultiImage@stdlib@lib2d@modules@3@@Z 10002620 f i umodsys_lib_lib2d:umodsys.mod.2d.stdlib.obj
 0001:00001620       ?obj_delete@?$TRefObjectLinksModObject@URMediaFilter@images_std@media@modules@UModSys@@UIModObject@base@5@@tl@UModSys@@QBEXPAURMediaFilter@images_std@media@modules@3@@Z 10002620 f i umodsys_lib_libmedia:umodsys.mod.media.images_std.obj
 0001:00001620       ?obj_delete@?$TRefObjectLinksModObject@URCollector@frames@ui@modules@UModSys@@UIModObject@base@5@@tl@UModSys@@QBEXPAURCollector@frames@ui@modules@3@@Z 10002620 f i umodsys_lib_libui:umodsys.mod.ui.frames.obj
 0001:00001620       ?obj_delete@?$TRefObjectLinksModObject@URSerializeWriter@serialize_json@media@modules@UModSys@@UIModObject@base@5@@tl@UModSys@@QBEXPAURSerializeWriter@serialize_json@media@modules@3@@Z 10002620 f i umodsys_lib_libmedia:umodsys.mod.media.serialize_json.obj
 0001:00001620       ?obj_delete@?$TRefObjectLinksModObject@URTest1_Shell@test1@test@modules@UModSys@@UIModObject@base@5@@tl@UModSys@@QBEXPAURTest1_Shell@test1@test@modules@3@@Z 10002620 f i plugin_test1.obj
 0001:00001620       ?obj_delete@?$TRefObjectLinksModObject@URImageFactory_Memory@stdlib@lib2d@modules@UModSys@@UIModObject@base@5@@tl@UModSys@@QBEXPAURImageFactory_Memory@stdlib@lib2d@modules@3@@Z 10002620 f i umodsys_lib_lib2d:umodsys.mod.2d.stdlib.obj
 0001:00001620       ?obj_delete@?$TRefObjectLinksModObject@URSerializeReader@serialize_json@media@modules@UModSys@@UIModObject@base@5@@tl@UModSys@@QBEXPAURSerializeReader@serialize_json@media@modules@3@@Z 10002620 f i umodsys_lib_libmedia:umodsys.mod.media.serialize_json.obj
 0001:00001620       ?obj_delete@?$TRefObjectLinksModObject@URTerminal@SDL_core@ui@modules@UModSys@@UIModObject@base@5@@tl@UModSys@@QBEXPAURTerminal@SDL_core@ui@modules@3@@Z 10002620 f i umodsys_lib_libui:umodsys.mod.ui.SDL_core.obj
 0001:00001620       ?obj_delete@?$TRefObjectLinksModObject@URBinArchiveFrameClient_ZIP@zlib@media@modules@UModSys@@UIModObject@base@5@@tl@UModSys@@QBEXPAURBinArchiveFrameClient_ZIP@zlib@media@modules@3@@Z 10002620 f i umodsys_lib_libmedia:umodsys.mod.media.zlib.obj
 0001:00001620       ?obj_delete@?$TRefObjectLinksModObject@URTerminal@SDL_GL@ui@modules@UModSys@@UIModObject@base@5@@tl@UModSys@@QBEXPAURTerminal@SDL_GL@ui@modules@3@@Z 10002620 f i umodsys_lib_libui:umodsys.mod.ui.SDL_GL.obj
 0001:00001620       ?obj_delete@?$TRefObjectLinksModObject@URImage_Memory@stdlib@lib2d@modules@UModSys@@UIModObject@base@5@@tl@UModSys@@QBEXPAURImage_Memory@stdlib@lib2d@modules@3@@Z 10002620 f i umodsys_lib_lib2d:umodsys.mod.2d.stdlib.obj
 0001:00001690       ??$generate_type@UICollector@libui@UModSys@@@RTest1_Shell@test1@test@modules@UModSys@@SA?AU?$TRefObject@UICollector@libui@UModSys@@U?$TRefObjectFunc@UICollector@libui@UModSys@@@tl@3@@tl@4@ABU?$TString@U?$TSCoreConst@D@su@tl@UModSys@@U?$TComparerBinaryHash@D@234@@64@ABUSParameters@core@4@PBD@Z 10002690 f i plugin_test1.obj
 0001:000017f0       ??$generate_type@UITerminal@libui@UModSys@@@RTest1_Shell@test1@test@modules@UModSys@@SA?AU?$TRefObject@UITerminal@libui@UModSys@@U?$TRefObjectFunc@UITerminal@libui@UModSys@@@tl@3@@tl@4@ABU?$TString@U?$TSCoreConst@D@su@tl@UModSys@@U?$TComparerBinaryHash@D@234@@64@ABUSParameters@core@4@PBD@Z 100027f0 f i plugin_test1.obj
 0001:00001950       ??$t_create_handler@UIKeyboardController@libui@UModSys@@@ITerminal@libui@UModSys@@QAE_NAAU?$TRefObject@UIKeyboardController@libui@UModSys@@U?$TRefObjectFunc@UIKeyboardController@libui@UModSys@@@tl@3@@tl@2@PBDPBUSParameters@core@2@@Z 10002950 f i plugin_test1.obj
 0001:00001a00       ??$t_create_handler@UIMouseController@libui@UModSys@@@ITerminal@libui@UModSys@@QAE_NAAU?$TRefObject@UIMouseController@libui@UModSys@@U?$TRefObjectFunc@UIMouseController@libui@UModSys@@@tl@3@@tl@2@PBDPBUSParameters@core@2@@Z 10002a00 f i plugin_test1.obj
 0001:00001ab0       ??$t_create_handler@UIRenderDriver@lib3d@UModSys@@@ITerminal@libui@UModSys@@QAE_NAAU?$TRefObject@UIRenderDriver@lib3d@UModSys@@U?$TRefObjectFunc@UIRenderDriver@lib3d@UModSys@@@tl@3@@tl@2@PBDPBUSParameters@core@2@@Z 10002ab0 f i plugin_test1.obj
 0001:00001b60       ??$shash@D@su@tl@UModSys@@YAIPBDI@Z 10002b60 f i plugin_test1.obj
 0001:00001ba0       ??1?$TRefObject@UIModObject@base@UModSys@@U?$TModObjectFunc@UIModObject@base@UModSys@@@tl@3@@tl@UModSys@@QAE@XZ 10002ba0 f i plugin_test1.obj
 0001:00001bc0       ?mult@?$TMatrix44@N@math3d@UModSys@@QAEXABU123@0@Z 10002bc0 f i plugin_test1.obj
 0001:00001dd0       ?get_determinant@?$TMatrix44@N@math3d@UModSys@@QBENXZ 10002dd0 f i plugin_test1.obj
 0001:00001e90       ??$t_ref_get_other_interface@UIStreamReader@libmedia@UModSys@@U?$TRefObjectFunc@UIStreamReader@libmedia@UModSys@@@tl@3@@IRefObject@core@UModSys@@QAE_NAAU?$TRefObject@UIStreamReader@libmedia@UModSys@@U?$TRefObjectFunc@UIStreamReader@libmedia@UModSys@@@tl@3@@tl@2@@Z 10002e90 f i plugin_test1.obj
 0001:00001ed0       ??$t_ref_get_other_interface@UIStreamWriter@libmedia@UModSys@@U?$TRefObjectFunc@UIStreamWriter@libmedia@UModSys@@@tl@3@@IRefObject@core@UModSys@@QAE_NAAU?$TRefObject@UIStreamWriter@libmedia@UModSys@@U?$TRefObjectFunc@UIStreamWriter@libmedia@UModSys@@@tl@3@@tl@2@@Z 10002ed0 f i plugin_test1.obj
 0001:00001f10       ??$t_generate@UICollector@libui@UModSys@@@SModuleContext@base@UModSys@@QAE_NAAU?$TRefObject@UICollector@libui@UModSys@@U?$TRefObjectFunc@UICollector@libui@UModSys@@@tl@3@@tl@2@PBUSUniquePointerInfo@core@2@ABUSParameters@62@@Z 10002f10 f i plugin_test1.obj
 0001:00001fc0       ??$t_generate@UITerminal@libui@UModSys@@@SModuleContext@base@UModSys@@QAE_NAAU?$TRefObject@UITerminal@libui@UModSys@@U?$TRefObjectFunc@UITerminal@libui@UModSys@@@tl@3@@tl@2@PBUSUniquePointerInfo@core@2@ABUSParameters@62@@Z 10002fc0 f i plugin_test1.obj
 0001:00002070       ??$t_ref_get_other_interface@UIImage@lib2d@UModSys@@U?$TRefObjectFunc@UIImage@lib2d@UModSys@@@tl@3@@IRefObject@core@UModSys@@QAE_NAAU?$TRefObject@UIImage@lib2d@UModSys@@U?$TRefObjectFunc@UIImage@lib2d@UModSys@@@tl@3@@tl@2@@Z 10003070 f i plugin_test1.obj
 0001:000020b0       ??$t_ref_get_other_interface@UIImageFactory@lib2d@UModSys@@U?$TRefObjectFunc@UIImageFactory@lib2d@UModSys@@@tl@3@@IRefObject@core@UModSys@@QAE_NAAU?$TRefObject@UIImageFactory@lib2d@UModSys@@U?$TRefObjectFunc@UIImageFactory@lib2d@UModSys@@@tl@3@@tl@2@@Z 100030b0 f i plugin_test1.obj
 0001:000020f0       ??$t_ref_get_other_interface@UIMultiImage@lib2d@UModSys@@U?$TRefObjectFunc@UIMultiImage@lib2d@UModSys@@@tl@3@@IRefObject@core@UModSys@@QAE_NAAU?$TRefObject@UIMultiImage@lib2d@UModSys@@U?$TRefObjectFunc@UIMultiImage@lib2d@UModSys@@@tl@3@@tl@2@@Z 100030f0 f i plugin_test1.obj
 0001:00002130       ??$t_ref_get_other_interface@UICollector@libui@UModSys@@U?$TRefObjectFunc@UICollector@libui@UModSys@@@tl@3@@IRefObject@core@UModSys@@QAE_NAAU?$TRefObject@UICollector@libui@UModSys@@U?$TRefObjectFunc@UICollector@libui@UModSys@@@tl@3@@tl@2@@Z 10003130 f i plugin_test1.obj
 0001:00002170       ??$t_ref_get_other_interface@UITerminal@libui@UModSys@@U?$TRefObjectFunc@UITerminal@libui@UModSys@@@tl@3@@IRefObject@core@UModSys@@QAE_NAAU?$TRefObject@UITerminal@libui@UModSys@@U?$TRefObjectFunc@UITerminal@libui@UModSys@@@tl@3@@tl@2@@Z 10003170 f i plugin_test1.obj
 0001:000021b0       ?alloc@SMemShared@core@UModSys@@QAE_NIPAUSSourceContext@23@@Z 100031b0 f i umodsys_lib_lib2d:umodsys.mod.2d.stdlib.obj
 0001:000021f0       ??BSMemShared@core@UModSys@@QBE?AUSMem@12@XZ 100031f0 f i umodsys_lib_lib2d:umodsys.mod.2d.stdlib.obj
 0001:000021f0       ?get@SMemShared@core@UModSys@@QBE?AUSMem@23@XZ 100031f0 f i umodsys_lib_libmedia:umodsys.mod.media.images_std.obj
 0001:00002240       ?ConvertSameSize@stdlib@lib2d@modules@UModSys@@YA_NW4eImageType@24@ABU?$TVector2@H@math3d@4@11ABUSMem@core@4@11ABUSCMem@94@@Z 10003240 f i umodsys_lib_lib2d:umodsys.mod.2d.stdlib.obj
 0001:000022d0       ?ConvertSame@stdlib@lib2d@modules@UModSys@@YA_NW4eImageType@24@ABU?$TBoundBox2@H@math3d@4@ABU?$TVector2@H@74@ABUSMem@core@4@12ABUSCMem@core@4@@Z 100032d0 f i umodsys_lib_lib2d:umodsys.mod.2d.stdlib.obj
 0001:00002350       ?Convert@stdlib@lib2d@modules@UModSys@@YA_NABU?$TBoundBox2@H@math3d@4@ABUSImageInfo@24@ABUSMem@core@4@01ABUSCMem@94@@Z 10003350 f i umodsys_lib_lib2d:umodsys.mod.2d.stdlib.obj
 0001:000023c0       ?root_get_interface_info@RImage_Memory@stdlib@lib2d@modules@UModSys@@UBEABUSUniquePointerInfo@core@5@XZ 100033c0 f i umodsys_lib_lib2d:umodsys.mod.2d.stdlib.obj
 0001:000023d0       ?root_get_interface_type@RImage_Memory@stdlib@lib2d@modules@UModSys@@UBEPBUSUniquePointerInfo@core@5@XZ 100033d0 f i umodsys_lib_lib2d:umodsys.mod.2d.stdlib.obj
 0001:000023e0       ?root_get_other_interface@RImage_Memory@stdlib@lib2d@modules@UModSys@@UAEPAUIRoot@core@5@PBUSUniquePointerInfo@75@@Z 100033e0 f i umodsys_lib_lib2d:umodsys.mod.2d.stdlib.obj
 0001:000023e0       ?root_get_other_interface@RImage_Memory@stdlib@lib2d@modules@UModSys@@UBEPBUIRoot@core@5@PBUSUniquePointerInfo@75@@Z 100033e0 f i umodsys_lib_lib2d:umodsys.mod.2d.stdlib.obj
 0001:00002410       ?root_is_interface_supported@RImage_Memory@stdlib@lib2d@modules@UModSys@@UBE_NPBUSUniquePointerInfo@core@5@@Z 10003410 f i umodsys_lib_lib2d:umodsys.mod.2d.stdlib.obj
 0001:00002450       ?suicide@RBinArchiveFrameClient_ZIP@zlib@media@modules@UModSys@@UAEXXZ 10003450 f i umodsys_lib_libmedia:umodsys.mod.media.zlib.obj
 0001:00002450       ?suicide@RMultiImage@stdlib@lib2d@modules@UModSys@@UAEXXZ 10003450 f i umodsys_lib_lib2d:umodsys.mod.2d.stdlib.obj
 0001:00002450       ?suicide@RSerializeReader@serialize_json@media@modules@UModSys@@UAEXXZ 10003450 f i umodsys_lib_libmedia:umodsys.mod.media.serialize_json.obj
 0001:00002450       ?suicide@RImage_Memory@stdlib@lib2d@modules@UModSys@@UAEXXZ 10003450 f i umodsys_lib_lib2d:umodsys.mod.2d.stdlib.obj
 0001:00002450       ?suicide@RTerminal@SDL_GL@ui@modules@UModSys@@UAEXXZ 10003450 f i umodsys_lib_libui:umodsys.mod.ui.SDL_GL.obj
 0001:00002450       ?suicide@RImageFactory_Memory@stdlib@lib2d@modules@UModSys@@UAEXXZ 10003450 f i umodsys_lib_lib2d:umodsys.mod.2d.stdlib.obj
 0001:00002450       ?suicide@RTerminal@SDL_core@ui@modules@UModSys@@UAEXXZ 10003450 f i umodsys_lib_libui:umodsys.mod.ui.SDL_core.obj
 0001:00002460       ?root_get_interface_info@RImageFactory_Memory@stdlib@lib2d@modules@UModSys@@UBEABUSUniquePointerInfo@core@5@XZ 10003460 f i umodsys_lib_lib2d:umodsys.mod.2d.stdlib.obj
 0001:00002470       ?root_get_interface_type@RImageFactory_Memory@stdlib@lib2d@modules@UModSys@@UBEPBUSUniquePointerInfo@core@5@XZ 10003470 f i umodsys_lib_lib2d:umodsys.mod.2d.stdlib.obj
 0001:00002480       ?root_get_other_interface@RImageFactory_Memory@stdlib@lib2d@modules@UModSys@@UBEPBUIRoot@core@5@PBUSUniquePointerInfo@75@@Z 10003480 f i umodsys_lib_lib2d:umodsys.mod.2d.stdlib.obj
 0001:00002480       ?root_get_other_interface@RImageFactory_Memory@stdlib@lib2d@modules@UModSys@@UAEPAUIRoot@core@5@PBUSUniquePointerInfo@75@@Z 10003480 f i umodsys_lib_lib2d:umodsys.mod.2d.stdlib.obj
 0001:000024b0       ?root_is_interface_supported@RImageFactory_Memory@stdlib@lib2d@modules@UModSys@@UBE_NPBUSUniquePointerInfo@core@5@@Z 100034b0 f i umodsys_lib_lib2d:umodsys.mod.2d.stdlib.obj
 0001:000024f0       ?ref_add@RBinArchiveFrameClient_ZIP@zlib@media@modules@UModSys@@UBEXXZ 100034f0 f i umodsys_lib_libmedia:umodsys.mod.media.zlib.obj
 0001:000024f0       ?ref_add@RVertexArray@SDL_GL@ui@modules@UModSys@@UBEXXZ 100034f0 f i umodsys_lib_libui:umodsys.mod.ui.SDL_GL.obj
 0001:000024f0       ?ref_add@RMultiImage2D_SDL_ttf@SDL_GL@ui@modules@UModSys@@UBEXXZ 100034f0 f i umodsys_lib_libui:umodsys.mod.ui.SDL_GL.obj
 0001:000024f0       ?ref_add@RDialog@frames@ui@modules@UModSys@@UBEXXZ 100034f0 f i umodsys_lib_libui:umodsys.mod.ui.frames.obj
 0001:000024f0       ?ref_add@RGenerator@stdlib@lib2d@modules@UModSys@@UBEXXZ 100034f0 f i umodsys_lib_lib2d:umodsys.mod.2d.stdlib.obj
 0001:000024f0       ?ref_add@RImageFactory_Memory@stdlib@lib2d@modules@UModSys@@UBEXXZ 100034f0 f i umodsys_lib_lib2d:umodsys.mod.2d.stdlib.obj
 0001:000024f0       ?ref_add@RTerminal@SDL_GL@ui@modules@UModSys@@UBEXXZ 100034f0 f i umodsys_lib_libui:umodsys.mod.ui.SDL_GL.obj
 0001:000024f0       ?ref_add@RGenerator@zlib@media@modules@UModSys@@UBEXXZ 100034f0 f i umodsys_lib_libmedia:umodsys.mod.media.zlib.obj
 0001:000024f0       ?ref_add@RGenerator@test1@test@modules@UModSys@@UBEXXZ 100034f0 f i plugin_test1.obj
 0001:000024f0       ?ref_add@RImage_Memory@stdlib@lib2d@modules@UModSys@@UBEXXZ 100034f0 f i umodsys_lib_lib2d:umodsys.mod.2d.stdlib.obj
 0001:000024f0       ?ref_add@RGenerator@SDL_core@ui@modules@UModSys@@UBEXXZ 100034f0 f i umodsys_lib_libui:umodsys.mod.ui.SDL_core.obj
 0001:000024f0       ?ref_add@RGenerator@images_std@media@modules@UModSys@@UBEXXZ 100034f0 f i umodsys_lib_libmedia:umodsys.mod.media.images_std.obj
 0001:000024f0       ?ref_add@RMultiImage@stdlib@lib2d@modules@UModSys@@UBEXXZ 100034f0 f i umodsys_lib_lib2d:umodsys.mod.2d.stdlib.obj
 0001:000024f0       ?ref_add@RGenerator@serialize_json@media@modules@UModSys@@UBEXXZ 100034f0 f i umodsys_lib_libmedia:umodsys.mod.media.serialize_json.obj
 0001:000024f0       ?ref_add@RTerminal@SDL_core@ui@modules@UModSys@@UBEXXZ 100034f0 f i umodsys_lib_libui:umodsys.mod.ui.SDL_core.obj
 0001:000024f0       ?ref_add@RGenerator@SDL_GL@ui@modules@UModSys@@UBEXXZ 100034f0 f i umodsys_lib_libui:umodsys.mod.ui.SDL_GL.obj
 0001:000024f0       ?ref_add@RSerializeReader@serialize_json@media@modules@UModSys@@UBEXXZ 100034f0 f i umodsys_lib_libmedia:umodsys.mod.media.serialize_json.obj
 0001:000024f0       ?ref_add@RGenerator@frames@ui@modules@UModSys@@UBEXXZ 100034f0 f i umodsys_lib_libui:umodsys.mod.ui.frames.obj
 0001:000024f0       ?ref_add@RMultiImage2D_SDL_ttf@SDL_core@ui@modules@UModSys@@UBEXXZ 100034f0 f i umodsys_lib_libui:umodsys.mod.ui.SDL_core.obj
 0001:00002500       ?root_get_interface_info@RMultiImage@stdlib@lib2d@modules@UModSys@@UBEABUSUniquePointerInfo@core@5@XZ 10003500 f i umodsys_lib_lib2d:umodsys.mod.2d.stdlib.obj
 0001:00002510       ?root_get_interface_type@RMultiImage@stdlib@lib2d@modules@UModSys@@UBEPBUSUniquePointerInfo@core@5@XZ 10003510 f i umodsys_lib_lib2d:umodsys.mod.2d.stdlib.obj
 0001:00002520       ?root_get_other_interface@RMultiImage@stdlib@lib2d@modules@UModSys@@UAEPAUIRoot@core@5@PBUSUniquePointerInfo@75@@Z 10003520 f i umodsys_lib_lib2d:umodsys.mod.2d.stdlib.obj
 0001:00002520       ?root_get_other_interface@RMultiImage@stdlib@lib2d@modules@UModSys@@UBEPBUIRoot@core@5@PBUSUniquePointerInfo@75@@Z 10003520 f i umodsys_lib_lib2d:umodsys.mod.2d.stdlib.obj
 0001:00002550       ?root_is_interface_supported@RMultiImage@stdlib@lib2d@modules@UModSys@@UBE_NPBUSUniquePointerInfo@core@5@@Z 10003550 f i umodsys_lib_lib2d:umodsys.mod.2d.stdlib.obj
 0001:00002590       ?ref_weak@RBinArchiveFrameClient_ZIP@zlib@media@modules@UModSys@@UBE_NAAUWeakPointer@IRefObject@core@5@@Z 10003590 f i umodsys_lib_libmedia:umodsys.mod.media.zlib.obj
 0001:00002590       ?ref_weak@RSerializeReader@serialize_json@media@modules@UModSys@@UBE_NAAUWeakPointer@IRefObject@core@5@@Z 10003590 f i umodsys_lib_libmedia:umodsys.mod.media.serialize_json.obj
 0001:00002590       ?ref_weak@RTerminal@SDL_core@ui@modules@UModSys@@UBE_NAAUWeakPointer@IRefObject@core@5@@Z 10003590 f i umodsys_lib_libui:umodsys.mod.ui.SDL_core.obj
 0001:00002590       ?ref_weak@RGenerator@SDL_GL@ui@modules@UModSys@@UBE_NAAUWeakPointer@IRefObject@core@5@@Z 10003590 f i umodsys_lib_libui:umodsys.mod.ui.SDL_GL.obj
 0001:00002590       ?ref_weak@RTerminal@SDL_GL@ui@modules@UModSys@@UBE_NAAUWeakPointer@IRefObject@core@5@@Z 10003590 f i umodsys_lib_libui:umodsys.mod.ui.SDL_GL.obj
 0001:00002590       ?ref_weak@RGenerator@stdlib@lib2d@modules@UModSys@@UBE_NAAUWeakPointer@IRefObject@core@5@@Z 10003590 f i umodsys_lib_lib2d:umodsys.mod.2d.stdlib.obj
 0001:00002590       ?ref_weak@RImageFactory_Memory@stdlib@lib2d@modules@UModSys@@UBE_NAAUWeakPointer@IRefObject@core@5@@Z 10003590 f i umodsys_lib_lib2d:umodsys.mod.2d.stdlib.obj
 0001:00002590       ?ref_weak@RDialog@frames@ui@modules@UModSys@@UBE_NAAUWeakPointer@IRefObject@core@5@@Z 10003590 f i umodsys_lib_libui:umodsys.mod.ui.frames.obj
 0001:00002590       ?ref_weak@RMultiImage2D_SDL_ttf@SDL_GL@ui@modules@UModSys@@UBE_NAAUWeakPointer@IRefObject@core@5@@Z 10003590 f i umodsys_lib_libui:umodsys.mod.ui.SDL_GL.obj
 0001:00002590       ?ref_weak@RVertexArray@SDL_GL@ui@modules@UModSys@@UBE_NAAUWeakPointer@IRefObject@core@5@@Z 10003590 f i umodsys_lib_libui:umodsys.mod.ui.SDL_GL.obj
 0001:00002590       ?ref_weak@RGenerator@zlib@media@modules@UModSys@@UBE_NAAUWeakPointer@IRefObject@core@5@@Z 10003590 f i umodsys_lib_libmedia:umodsys.mod.media.zlib.obj
 0001:00002590       ?ref_weak@RMultiImage2D_SDL_ttf@SDL_core@ui@modules@UModSys@@UBE_NAAUWeakPointer@IRefObject@core@5@@Z 10003590 f i umodsys_lib_libui:umodsys.mod.ui.SDL_core.obj
 0001:00002590       ?ref_weak@RGenerator@SDL_core@ui@modules@UModSys@@UBE_NAAUWeakPointer@IRefObject@core@5@@Z 10003590 f i umodsys_lib_libui:umodsys.mod.ui.SDL_core.obj
 0001:00002590       ?ref_weak@RMultiImage@stdlib@lib2d@modules@UModSys@@UBE_NAAUWeakPointer@IRefObject@core@5@@Z 10003590 f i umodsys_lib_lib2d:umodsys.mod.2d.stdlib.obj
 0001:00002590       ?ref_weak@RGenerator@frames@ui@modules@UModSys@@UBE_NAAUWeakPointer@IRefObject@core@5@@Z 10003590 f i umodsys_lib_libui:umodsys.mod.ui.frames.obj
 0001:00002590       ?ref_weak@RGenerator@test1@test@modules@UModSys@@UBE_NAAUWeakPointer@IRefObject@core@5@@Z 10003590 f i plugin_test1.obj
 0001:00002590       ?ref_weak@RImage_Memory@stdlib@lib2d@modules@UModSys@@UBE_NAAUWeakPointer@IRefObject@core@5@@Z 10003590 f i umodsys_lib_lib2d:umodsys.mod.2d.stdlib.obj
 0001:00002590       ?ref_weak@RGenerator@serialize_json@media@modules@UModSys@@UBE_NAAUWeakPointer@IRefObject@core@5@@Z 10003590 f i umodsys_lib_libmedia:umodsys.mod.media.serialize_json.obj
 0001:00002590       ?ref_weak@RGenerator@images_std@media@modules@UModSys@@UBE_NAAUWeakPointer@IRefObject@core@5@@Z 10003590 f i umodsys_lib_libmedia:umodsys.mod.media.images_std.obj
 0001:000025b0       ?get_generated_names@RGenerator@stdlib@lib2d@modules@UModSys@@UBEHAAUSUniquePtrList@core@5@@Z 100035b0 f i umodsys_lib_lib2d:umodsys.mod.2d.stdlib.obj
 0001:000025f0       ?get_generated_types@RGenerator@stdlib@lib2d@modules@UModSys@@UBEHAAUSUniquePtrList@core@5@PBUSUniquePointerInfo@75@@Z 100035f0 f i umodsys_lib_lib2d:umodsys.mod.2d.stdlib.obj
 0001:00002670       ?generate@RGenerator@stdlib@lib2d@modules@UModSys@@UAE_NAAU?$TRefObject@UIRefObject@core@UModSys@@U?$TRefObjectFunc@UIRefObject@core@UModSys@@@tl@3@@tl@5@PBUSUniquePointerInfo@core@5@ABUSParameters@95@@Z 10003670 f i umodsys_lib_lib2d:umodsys.mod.2d.stdlib.obj
 0001:000026d0       ?root_get_interface_info@RGenerator@stdlib@lib2d@modules@UModSys@@UBEABUSUniquePointerInfo@core@5@XZ 100036d0 f i umodsys_lib_lib2d:umodsys.mod.2d.stdlib.obj
 0001:000026e0       ?root_get_interface_type@RGenerator@stdlib@lib2d@modules@UModSys@@UBEPBUSUniquePointerInfo@core@5@XZ 100036e0 f i umodsys_lib_lib2d:umodsys.mod.2d.stdlib.obj
 0001:000026f0       ?root_get_other_interface@RGenerator@stdlib@lib2d@modules@UModSys@@UAEPAUIRoot@core@5@PBUSUniquePointerInfo@75@@Z 100036f0 f i umodsys_lib_lib2d:umodsys.mod.2d.stdlib.obj
 0001:000026f0       ?root_get_other_interface@RGenerator@stdlib@lib2d@modules@UModSys@@UBEPBUIRoot@core@5@PBUSUniquePointerInfo@75@@Z 100036f0 f i umodsys_lib_lib2d:umodsys.mod.2d.stdlib.obj
 0001:00002730       ?root_is_interface_supported@RGenerator@stdlib@lib2d@modules@UModSys@@UBE_NPBUSUniquePointerInfo@core@5@@Z 10003730 f i umodsys_lib_lib2d:umodsys.mod.2d.stdlib.obj
 0001:00002770       ?get_uid@RGenerator@stdlib@lib2d@modules@UModSys@@UBEPBUSUniquePointerInfo@core@5@XZ 10003770 f i umodsys_lib_lib2d:umodsys.mod.2d.stdlib.obj
 0001:00002780       ??4State@RImage_Memory@stdlib@lib2d@modules@UModSys@@QAEAAU012345@ABU012345@@Z 10003780 f i umodsys_lib_lib2d:umodsys.mod.2d.stdlib.obj
 0001:00002830       ??_GRImage_Memory@stdlib@lib2d@modules@UModSys@@UAEPAXI@Z 10003830 f i umodsys_lib_lib2d:umodsys.mod.2d.stdlib.obj
 0001:00002830       ??_ERImage_Memory@stdlib@lib2d@modules@UModSys@@UAEPAXI@Z 10003830 f i  CIL library: CIL module
 0001:00002850       ??_ERImageFactory_Memory@stdlib@lib2d@modules@UModSys@@UAEPAXI@Z 10003850 f i  CIL library: CIL module
 0001:00002850       ??_GRImageFactory_Memory@stdlib@lib2d@modules@UModSys@@UAEPAXI@Z 10003850 f i umodsys_lib_lib2d:umodsys.mod.2d.stdlib.obj
 0001:00002870       ??_ERMultiImage@stdlib@lib2d@modules@UModSys@@UAEPAXI@Z 10003870 f i  CIL library: CIL module
 0001:00002870       ??_GRMultiImage@stdlib@lib2d@modules@UModSys@@UAEPAXI@Z 10003870 f i umodsys_lib_lib2d:umodsys.mod.2d.stdlib.obj
 0001:00002890       ?do_open@RModuleReg@stdlib@lib2d@modules@UModSys@@UAE_NXZ 10003890 f i umodsys_lib_lib2d:umodsys.mod.2d.stdlib.obj
 0001:000028a0       ?do_close@RModuleReg@stdlib@lib2d@modules@UModSys@@UAE_NXZ 100038a0 f i umodsys_lib_lib2d:umodsys.mod.2d.stdlib.obj
 0001:000028b0       ??_ERModuleReg@stdlib@lib2d@modules@UModSys@@UAEPAXI@Z 100038b0 f i  CIL library: CIL module
 0001:000028b0       ??_GRModuleReg@stdlib@lib2d@modules@UModSys@@UAEPAXI@Z 100038b0 f i umodsys_lib_lib2d:umodsys.mod.2d.stdlib.obj
 0001:000028e0       ??1?$TDynarrayDynamic@USImageCellInfo@lib2d@UModSys@@U?$TAllocator@USIMemAlloc@core@UModSys@@USCountCalcPower2@23@@tl@3@@tl@UModSys@@QAE@XZ 100038e0 f i umodsys_lib_lib2d:umodsys.mod.2d.stdlib.obj
 0001:00002910       ??1?$TDynarrayDynamic@U?$TRefObject@UIImage@lib2d@UModSys@@U?$TRefObjectFunc@UIImage@lib2d@UModSys@@@tl@3@@tl@UModSys@@U?$TAllocator@USIMemAlloc@core@UModSys@@USCountCalcPower2@23@@23@@tl@UModSys@@QAE@XZ 10003910 f i umodsys_lib_lib2d:umodsys.mod.2d.stdlib.obj
 0001:00002960       ??_GRGenerator@frames@ui@modules@UModSys@@UAEPAXI@Z 10003960 f i umodsys_lib_libui:umodsys.mod.ui.frames.obj
 0001:00002960       ??_ERGenerator@SDL_GL@ui@modules@UModSys@@UAEPAXI@Z 10003960 f i  CIL library: CIL module
 0001:00002960       ??_GRGenerator@SDL_GL@ui@modules@UModSys@@UAEPAXI@Z 10003960 f i umodsys_lib_libui:umodsys.mod.ui.SDL_GL.obj
 0001:00002960       ??_ERGenerator@test1@test@modules@UModSys@@UAEPAXI@Z 10003960 f i  CIL library: CIL module
 0001:00002960       ??_GRGenerator@stdlib@lib2d@modules@UModSys@@UAEPAXI@Z 10003960 f i umodsys_lib_lib2d:umodsys.mod.2d.stdlib.obj
 0001:00002960       ??_ERGenerator@images_std@media@modules@UModSys@@UAEPAXI@Z 10003960 f i  CIL library: CIL module
 0001:00002960       ??_ERGenerator@stdlib@lib2d@modules@UModSys@@UAEPAXI@Z 10003960 f i  CIL library: CIL module
 0001:00002960       ??_GRGenerator@serialize_json@media@modules@UModSys@@UAEPAXI@Z 10003960 f i umodsys_lib_libmedia:umodsys.mod.media.serialize_json.obj
 0001:00002960       ??_ERGenerator@frames@ui@modules@UModSys@@UAEPAXI@Z 10003960 f i  CIL library: CIL module
 0001:00002960       ??_ERGenerator@zlib@media@modules@UModSys@@UAEPAXI@Z 10003960 f i  CIL library: CIL module
 0001:00002960       ??_GRGenerator@images_std@media@modules@UModSys@@UAEPAXI@Z 10003960 f i umodsys_lib_libmedia:umodsys.mod.media.images_std.obj
 0001:00002960       ??_GRGenerator@SDL_core@ui@modules@UModSys@@UAEPAXI@Z 10003960 f i umodsys_lib_libui:umodsys.mod.ui.SDL_core.obj
 0001:00002960       ??_GRGenerator@test1@test@modules@UModSys@@UAEPAXI@Z 10003960 f i plugin_test1.obj
 0001:00002960       ??_ERGenerator@serialize_json@media@modules@UModSys@@UAEPAXI@Z 10003960 f i  CIL library: CIL module
 0001:00002960       ??_GRGenerator@zlib@media@modules@UModSys@@UAEPAXI@Z 10003960 f i umodsys_lib_libmedia:umodsys.mod.media.zlib.obj
 0001:00002960       ??_ERGenerator@SDL_core@ui@modules@UModSys@@UAEPAXI@Z 10003960 f i  CIL library: CIL module
 0001:00002960       ??_GIRefObject@core@UModSys@@UAEPAXI@Z 10003960 f i plugin_test1.obj
 0001:00002960       ??_EIRefObject@core@UModSys@@UAEPAXI@Z 10003960 f i  CIL library: CIL module
 0001:00002980       ?Free@?$TDynarray@U?$TDynarrayHolderDynamic@USImageCellInfo@lib2d@UModSys@@U?$TAllocator@USIMemAlloc@core@UModSys@@USCountCalcPower2@23@@tl@3@@tl@UModSys@@@tl@UModSys@@QAE_NXZ 10003980 f i umodsys_lib_lib2d:umodsys.mod.2d.stdlib.obj
 0001:000029e0       ?ResizeRel@?$TDynarray@U?$TDynarrayHolderDynamic@U?$TRefObject@UIImage@lib2d@UModSys@@U?$TRefObjectFunc@UIImage@lib2d@UModSys@@@tl@3@@tl@UModSys@@U?$TAllocator@USIMemAlloc@core@UModSys@@USCountCalcPower2@23@@23@@tl@UModSys@@@tl@UModSys@@QAE_NH@Z 100039e0 f i umodsys_lib_lib2d:umodsys.mod.2d.stdlib.obj
 0001:00002a50       ??$t_gen_param@URImage_Memory@stdlib@lib2d@modules@UModSys@@URGenerator@2345@@IGenerator@base@UModSys@@IAE_NPAURGenerator@stdlib@lib2d@modules@2@AAU?$TRefObject@UIRefObject@core@UModSys@@U?$TRefObjectFunc@UIRefObject@core@UModSys@@@tl@3@@tl@2@PBUSUniquePointerInfo@core@2@ABUSParameters@core@2@@Z 10003a50 f i umodsys_lib_lib2d:umodsys.mod.2d.stdlib.obj
 0001:00002ac0       ??$t_gen_param@URImageFactory_Memory@stdlib@lib2d@modules@UModSys@@URGenerator@2345@@IGenerator@base@UModSys@@IAE_NPAURGenerator@stdlib@lib2d@modules@2@AAU?$TRefObject@UIRefObject@core@UModSys@@U?$TRefObjectFunc@UIRefObject@core@UModSys@@@tl@3@@tl@2@PBUSUniquePointerInfo@core@2@ABUSParameters@core@2@@Z 10003ac0 f i umodsys_lib_lib2d:umodsys.mod.2d.stdlib.obj
 0001:00002b40       ??$t_gen_param@URMultiImage@stdlib@lib2d@modules@UModSys@@URGenerator@2345@@IGenerator@base@UModSys@@IAE_NPAURGenerator@stdlib@lib2d@modules@2@AAU?$TRefObject@UIRefObject@core@UModSys@@U?$TRefObjectFunc@UIRefObject@core@UModSys@@@tl@3@@tl@2@PBUSUniquePointerInfo@core@2@ABUSParameters@core@2@@Z 10003b40 f i umodsys_lib_lib2d:umodsys.mod.2d.stdlib.obj
 0001:00002bc0       ??$ValidateConstruction@UIRefObject@core@UModSys@@URImageFactory_Memory@stdlib@lib2d@modules@3@@core@UModSys@@YA_NAAU?$TRefObject@UIRefObject@core@UModSys@@U?$TRefObjectFunc@UIRefObject@core@UModSys@@@tl@3@@tl@1@PAURImageFactory_Memory@stdlib@lib2d@modules@1@@Z 10003bc0 f i umodsys_lib_lib2d:umodsys.mod.2d.stdlib.obj
 0001:00002bc0       ??$ValidateConstruction@UIRefObject@core@UModSys@@URTerminalX@SDL_core@ui@modules@3@@core@UModSys@@YA_NAAU?$TRefObject@UIRefObject@core@UModSys@@U?$TRefObjectFunc@UIRefObject@core@UModSys@@@tl@3@@tl@1@PAURTerminalX@SDL_core@ui@modules@1@@Z 10003bc0 f i umodsys_lib_libui:umodsys.mod.ui.SDL_core.obj
 0001:00002bc0       ??$ValidateConstruction@UIRefObject@core@UModSys@@URMediaFilter@images_std@media@modules@3@@core@UModSys@@YA_NAAU?$TRefObject@UIRefObject@core@UModSys@@U?$TRefObjectFunc@UIRefObject@core@UModSys@@@tl@3@@tl@1@PAURMediaFilter@images_std@media@modules@1@@Z 10003bc0 f i umodsys_lib_libmedia:umodsys.mod.media.images_std.obj
 0001:00002bc0       ??$ValidateConstruction@UIImage@lib2d@UModSys@@URImage_Memory@stdlib@2modules@3@@core@UModSys@@YA_NAAU?$TRefObject@UIImage@lib2d@UModSys@@U?$TRefObjectFunc@UIImage@lib2d@UModSys@@@tl@3@@tl@1@PAURImage_Memory@stdlib@lib2d@modules@1@@Z 10003bc0 f i umodsys_lib_lib2d:umodsys.mod.2d.stdlib.obj
 0001:00002bc0       ??$ValidateConstruction@UIRefObject@core@UModSys@@URImage_Memory@stdlib@lib2d@modules@3@@core@UModSys@@YA_NAAU?$TRefObject@UIRefObject@core@UModSys@@U?$TRefObjectFunc@UIRefObject@core@UModSys@@@tl@3@@tl@1@PAURImage_Memory@stdlib@lib2d@modules@1@@Z 10003bc0 f i umodsys_lib_lib2d:umodsys.mod.2d.stdlib.obj
 0001:00002bc0       ??$ValidateConstruction@UIRefObject@core@UModSys@@URTerminalX@SDL_GL@ui@modules@3@@core@UModSys@@YA_NAAU?$TRefObject@UIRefObject@core@UModSys@@U?$TRefObjectFunc@UIRefObject@core@UModSys@@@tl@3@@tl@1@PAURTerminalX@SDL_GL@ui@modules@1@@Z 10003bc0 f i umodsys_lib_libui:umodsys.mod.ui.SDL_GL.obj
 0001:00002c40       ?ReLink@?$TDynarray@U?$TDynarrayHolderDynamic@U?$TRefObject@URFrame_Common@frames@ui@modules@UModSys@@U?$TRefObjectFunc@URFrame_Common@frames@ui@modules@UModSys@@@tl@5@@tl@UModSys@@U?$TAllocator@USIMemAlloc@core@UModSys@@USCountCalcPower2@23@@23@@tl@UModSys@@@tl@UModSys@@IAE_NI@Z 10003c40 f i umodsys_lib_libui:umodsys.mod.ui.frames.obj
 0001:00002c40       ?ReLink@?$TDynarray@U?$TDynarrayHolderDynamic@U?$TRefObject@UIImage@lib2d@UModSys@@U?$TRefObjectFunc@UIImage@lib2d@UModSys@@@tl@3@@tl@UModSys@@U?$TAllocator@USIMemAlloc@core@UModSys@@USCountCalcPower2@23@@23@@tl@UModSys@@@tl@UModSys@@IAE_NI@Z 10003c40 f i umodsys_lib_lib2d:umodsys.mod.2d.stdlib.obj
 0001:00002c40       ?ReLink@?$TDynarray@U?$TDynarrayHolderDynamic@U?$TRefObject@URDialog@frames@ui@modules@UModSys@@U?$TRefObjectFunc@URDialog@frames@ui@modules@UModSys@@@tl@5@@tl@UModSys@@U?$TAllocator@USIMemAlloc@core@UModSys@@USCountCalcPower2@23@@23@@tl@UModSys@@@tl@UModSys@@IAE_NI@Z 10003c40 f i umodsys_lib_libui:umodsys.mod.ui.frames.obj
 0001:00002c90       ??$ValidateConstruction@UIRefObject@core@UModSys@@URMultiImage@stdlib@lib2d@modules@3@@core@UModSys@@YA_NAAU?$TRefObject@UIRefObject@core@UModSys@@U?$TRefObjectFunc@UIRefObject@core@UModSys@@@tl@3@@tl@1@PAURMultiImage@stdlib@lib2d@modules@1@@Z 10003c90 f i umodsys_lib_lib2d:umodsys.mod.2d.stdlib.obj
 0001:00002d20       ?set_stage@SGLFuncs@SDL_GL@ui@modules@UModSys@@QBEXH@Z 10003d20 f i umodsys_lib_libui:umodsys.mod.ui.SDL_GL.obj
 0001:00002d60       ?set_bound@SGLFuncs@SDL_GL@ui@modules@UModSys@@QBEXI@Z 10003d60 f i umodsys_lib_libui:umodsys.mod.ui.SDL_GL.obj
 0001:00002d90       ?set_composite_all@SGLFuncsLegacy@SDL_GL@ui@modules@UModSys@@QBEXH@Z 10003d90 f i umodsys_lib_libui:umodsys.mod.ui.SDL_GL.obj
 0001:00002e20       ?force@TextureInfo@SGLFuncs@SDL_GL@ui@modules@UModSys@@QBEXABU23456@@Z 10003e20 f i umodsys_lib_libui:umodsys.mod.ui.SDL_GL.obj
 0001:00002e80       ?set_minmag@TextureInfo@SGLFuncs@SDL_GL@ui@modules@UModSys@@QBEXABU23456@HH@Z 10003e80 f i umodsys_lib_libui:umodsys.mod.ui.SDL_GL.obj
 0001:00002ec0       ?set_wrap@TextureInfo@SGLFuncs@SDL_GL@ui@modules@UModSys@@QBEXABU23456@HH@Z 10003ec0 f i umodsys_lib_libui:umodsys.mod.ui.SDL_GL.obj
 0001:00002f00       ?crebind@STextureGL@SDL_GL@ui@modules@UModSys@@QAEX_N@Z 10003f00 f i umodsys_lib_libui:umodsys.mod.ui.SDL_GL.obj
 0001:00002f30       ?root_get_interface_info@RKeyboardController@SDL_GL@ui@modules@UModSys@@UBEABUSUniquePointerInfo@core@5@XZ 10003f30 f i umodsys_lib_libui:umodsys.mod.ui.SDL_GL.obj
 0001:00002f40       ?root_get_interface_type@RKeyboardController@SDL_GL@ui@modules@UModSys@@UBEPBUSUniquePointerInfo@core@5@XZ 10003f40 f i umodsys_lib_libui:umodsys.mod.ui.SDL_GL.obj
 0001:00002f50       ?root_get_other_interface@RKeyboardController@SDL_GL@ui@modules@UModSys@@UBEPBUIRoot@core@5@PBUSUniquePointerInfo@75@@Z 10003f50 f i umodsys_lib_libui:umodsys.mod.ui.SDL_GL.obj
 0001:00002f50       ?root_get_other_interface@RKeyboardController@SDL_GL@ui@modules@UModSys@@UAEPAUIRoot@core@5@PBUSUniquePointerInfo@75@@Z 10003f50 f i umodsys_lib_libui:umodsys.mod.ui.SDL_GL.obj
 0001:00002f80       ?root_is_interface_supported@RKeyboardController@SDL_GL@ui@modules@UModSys@@UBE_NPBUSUniquePointerInfo@core@5@@Z 10003f80 f i umodsys_lib_libui:umodsys.mod.ui.SDL_GL.obj
 0001:00002fc0       ?suicide@RMouseController@SDL_core@ui@modules@UModSys@@UAEXXZ 10003fc0 f i umodsys_lib_libui:umodsys.mod.ui.SDL_core.obj
 0001:00002fc0       ?suicide@RKeyboardController@SDL_GL@ui@modules@UModSys@@UAEXXZ 10003fc0 f i umodsys_lib_libui:umodsys.mod.ui.SDL_GL.obj
 0001:00002fc0       ?suicide@RKeyboardController@SDL_core@ui@modules@UModSys@@UAEXXZ 10003fc0 f i umodsys_lib_libui:umodsys.mod.ui.SDL_core.obj
 0001:00002fc0       ?suicide@RRenderDriver3D@SDL_GL@ui@modules@UModSys@@UAEXXZ 10003fc0 f i umodsys_lib_libui:umodsys.mod.ui.SDL_GL.obj
 0001:00002fc0       ?suicide@RRenderDriver2D@SDL_core@ui@modules@UModSys@@UAEXXZ 10003fc0 f i umodsys_lib_libui:umodsys.mod.ui.SDL_core.obj
 0001:00002fc0       ?suicide@RMouseController@SDL_GL@ui@modules@UModSys@@UAEXXZ 10003fc0 f i umodsys_lib_libui:umodsys.mod.ui.SDL_GL.obj
 0001:00002fd0       ?root_get_interface_info@RMouseController@SDL_GL@ui@modules@UModSys@@UBEABUSUniquePointerInfo@core@5@XZ 10003fd0 f i umodsys_lib_libui:umodsys.mod.ui.SDL_GL.obj
 0001:00002fe0       ?root_get_interface_type@RMouseController@SDL_GL@ui@modules@UModSys@@UBEPBUSUniquePointerInfo@core@5@XZ 10003fe0 f i umodsys_lib_libui:umodsys.mod.ui.SDL_GL.obj
 0001:00002ff0       ?root_get_other_interface@RMouseController@SDL_GL@ui@modules@UModSys@@UBEPBUIRoot@core@5@PBUSUniquePointerInfo@75@@Z 10003ff0 f i umodsys_lib_libui:umodsys.mod.ui.SDL_GL.obj
 0001:00002ff0       ?root_get_other_interface@RMouseController@SDL_GL@ui@modules@UModSys@@UAEPAUIRoot@core@5@PBUSUniquePointerInfo@75@@Z 10003ff0 f i umodsys_lib_libui:umodsys.mod.ui.SDL_GL.obj
 0001:00003020       ?root_is_interface_supported@RMouseController@SDL_GL@ui@modules@UModSys@@UBE_NPBUSUniquePointerInfo@core@5@@Z 10004020 f i umodsys_lib_libui:umodsys.mod.ui.SDL_GL.obj
 0001:00003060       ?ref_add@RRenderDriver2D@SDL_core@ui@modules@UModSys@@UBEXXZ 10004060 f i umodsys_lib_libui:umodsys.mod.ui.SDL_core.obj
 0001:00003060       ?ref_add@RMouseController@SDL_core@ui@modules@UModSys@@UBEXXZ 10004060 f i umodsys_lib_libui:umodsys.mod.ui.SDL_core.obj
 0001:00003060       ?ref_add@RRenderDriver3D@SDL_GL@ui@modules@UModSys@@UBEXXZ 10004060 f i umodsys_lib_libui:umodsys.mod.ui.SDL_GL.obj
 0001:00003060       ?ref_add@RKeyboardController@SDL_GL@ui@modules@UModSys@@UBEXXZ 10004060 f i umodsys_lib_libui:umodsys.mod.ui.SDL_GL.obj
 0001:00003060       ?ref_add@RMouseController@SDL_GL@ui@modules@UModSys@@UBEXXZ 10004060 f i umodsys_lib_libui:umodsys.mod.ui.SDL_GL.obj
 0001:00003060       ?ref_add@RKeyboardController@SDL_core@ui@modules@UModSys@@UBEXXZ 10004060 f i umodsys_lib_libui:umodsys.mod.ui.SDL_core.obj
 0001:00003070       ?root_get_interface_info@RTerminal@SDL_GL@ui@modules@UModSys@@UBEABUSUniquePointerInfo@core@5@XZ 10004070 f i umodsys_lib_libui:umodsys.mod.ui.SDL_GL.obj
 0001:00003080       ?root_get_interface_type@RTerminal@SDL_GL@ui@modules@UModSys@@UBEPBUSUniquePointerInfo@core@5@XZ 10004080 f i umodsys_lib_libui:umodsys.mod.ui.SDL_GL.obj
 0001:00003090       ?root_get_other_interface@RTerminal@SDL_GL@ui@modules@UModSys@@UBEPBUIRoot@core@5@PBUSUniquePointerInfo@75@@Z 10004090 f i umodsys_lib_libui:umodsys.mod.ui.SDL_GL.obj
 0001:00003090       ?root_get_other_interface@RTerminal@SDL_GL@ui@modules@UModSys@@UAEPAUIRoot@core@5@PBUSUniquePointerInfo@75@@Z 10004090 f i umodsys_lib_libui:umodsys.mod.ui.SDL_GL.obj
 0001:000030c0       ?root_is_interface_supported@RTerminal@SDL_GL@ui@modules@UModSys@@UBE_NPBUSUniquePointerInfo@core@5@@Z 100040c0 f i umodsys_lib_libui:umodsys.mod.ui.SDL_GL.obj
 0001:00003100       ?ref_remove@RImage_Memory@stdlib@lib2d@modules@UModSys@@UBEXXZ 10004100 f i umodsys_lib_lib2d:umodsys.mod.2d.stdlib.obj
 0001:00003100       ?ref_remove@RBinArchiveFrameClient_ZIP@zlib@media@modules@UModSys@@UBEXXZ 10004100 f i umodsys_lib_libmedia:umodsys.mod.media.zlib.obj
 0001:00003100       ?ref_remove@RTerminal@SDL_GL@ui@modules@UModSys@@UBEXXZ 10004100 f i umodsys_lib_libui:umodsys.mod.ui.SDL_GL.obj
 0001:00003100       ?ref_remove@RGenerator@images_std@media@modules@UModSys@@UBEXXZ 10004100 f i umodsys_lib_libmedia:umodsys.mod.media.images_std.obj
 0001:00003100       ?ref_remove@RImageFactory_Memory@stdlib@lib2d@modules@UModSys@@UBEXXZ 10004100 f i umodsys_lib_lib2d:umodsys.mod.2d.stdlib.obj
 0001:00003100       ?ref_remove@RMultiImage@stdlib@lib2d@modules@UModSys@@UBEXXZ 10004100 f i umodsys_lib_lib2d:umodsys.mod.2d.stdlib.obj
 0001:00003100       ?ref_remove@RSerializeReader@serialize_json@media@modules@UModSys@@UBEXXZ 10004100 f i umodsys_lib_libmedia:umodsys.mod.media.serialize_json.obj
 0001:00003100       ?ref_remove@RMultiImage2D_SDL_ttf@SDL_core@ui@modules@UModSys@@UBEXXZ 10004100 f i umodsys_lib_libui:umodsys.mod.ui.SDL_core.obj
 0001:00003100       ?ref_remove@RGenerator@test1@test@modules@UModSys@@UBEXXZ 10004100 f i plugin_test1.obj
 0001:00003100       ?ref_remove@RMultiImage2D_SDL_ttf@SDL_GL@ui@modules@UModSys@@UBEXXZ 10004100 f i umodsys_lib_libui:umodsys.mod.ui.SDL_GL.obj
 0001:00003100       ?ref_remove@RGenerator@serialize_json@media@modules@UModSys@@UBEXXZ 10004100 f i umodsys_lib_libmedia:umodsys.mod.media.serialize_json.obj
 0001:00003100       ?ref_remove@RGenerator@stdlib@lib2d@modules@UModSys@@UBEXXZ 10004100 f i umodsys_lib_lib2d:umodsys.mod.2d.stdlib.obj
 0001:00003100       ?ref_remove@RGenerator@zlib@media@modules@UModSys@@UBEXXZ 10004100 f i umodsys_lib_libmedia:umodsys.mod.media.zlib.obj
 0001:00003100       ?ref_remove@RTerminal@SDL_core@ui@modules@UModSys@@UBEXXZ 10004100 f i umodsys_lib_libui:umodsys.mod.ui.SDL_core.obj
 0001:00003100       ?ref_remove@RGenerator@frames@ui@modules@UModSys@@UBEXXZ 10004100 f i umodsys_lib_libui:umodsys.mod.ui.frames.obj
 0001:00003100       ?ref_remove@RDialog@frames@ui@modules@UModSys@@UBEXXZ 10004100 f i umodsys_lib_libui:umodsys.mod.ui.frames.obj
 0001:00003100       ?ref_remove@RGenerator@SDL_core@ui@modules@UModSys@@UBEXXZ 10004100 f i umodsys_lib_libui:umodsys.mod.ui.SDL_core.obj
 0001:00003100       ?ref_remove@RVertexArray@SDL_GL@ui@modules@UModSys@@UBEXXZ 10004100 f i umodsys_lib_libui:umodsys.mod.ui.SDL_GL.obj
 0001:00003100       ?ref_remove@RGenerator@SDL_GL@ui@modules@UModSys@@UBEXXZ 10004100 f i umodsys_lib_libui:umodsys.mod.ui.SDL_GL.obj
 0001:00003110       ?root_get_interface_info@RMultiImage2D_SDL_ttf@SDL_GL@ui@modules@UModSys@@UBEABUSUniquePointerInfo@core@5@XZ 10004110 f i umodsys_lib_libui:umodsys.mod.ui.SDL_GL.obj
 0001:00003120       ?root_get_interface_type@RMultiImage2D_SDL_ttf@SDL_GL@ui@modules@UModSys@@UBEPBUSUniquePointerInfo@core@5@XZ 10004120 f i umodsys_lib_libui:umodsys.mod.ui.SDL_GL.obj
 0001:00003130       ?root_get_other_interface@RMultiImage2D_SDL_ttf@SDL_GL@ui@modules@UModSys@@UBEPBUIRoot@core@5@PBUSUniquePointerInfo@75@@Z 10004130 f i umodsys_lib_libui:umodsys.mod.ui.SDL_GL.obj
 0001:00003130       ?root_get_other_interface@RMultiImage2D_SDL_ttf@SDL_GL@ui@modules@UModSys@@UAEPAUIRoot@core@5@PBUSUniquePointerInfo@75@@Z 10004130 f i umodsys_lib_libui:umodsys.mod.ui.SDL_GL.obj
 0001:00003160       ?root_is_interface_supported@RMultiImage2D_SDL_ttf@SDL_GL@ui@modules@UModSys@@UBE_NPBUSUniquePointerInfo@core@5@@Z 10004160 f i umodsys_lib_libui:umodsys.mod.ui.SDL_GL.obj
 0001:000031a0       ??1Glyph@RMultiImage2D_SDL_ttf@SDL_GL@ui@modules@UModSys@@QAE@XZ 100041a0 f i umodsys_lib_libui:umodsys.mod.ui.SDL_GL.obj
 0001:000031f0       ?get_layer@RMultiImage2D_SDL_ttf@SDL_GL@ui@modules@UModSys@@UBEPAUIImage@lib2d@5@G@Z 100041f0 f i umodsys_lib_libui:umodsys.mod.ui.SDL_GL.obj
 0001:000031f0       ?get_layer@RMultiImage2D_SDL_ttf@SDL_core@ui@modules@UModSys@@UBEPAUIImage@lib2d@5@G@Z 100041f0 f i umodsys_lib_libui:umodsys.mod.ui.SDL_core.obj
 0001:00003200       ?get_cell@RMultiImage2D_SDL_ttf@SDL_GL@ui@modules@UModSys@@UBE_NIAAU?$TVector2@H@math3d@5@PAU675@PAG@Z 10004200 f i umodsys_lib_libui:umodsys.mod.ui.SDL_GL.obj
 0001:00003200       ?get_cell@RMultiImage2D_SDL_ttf@SDL_core@ui@modules@UModSys@@UBE_NIAAU?$TVector2@H@math3d@5@PAU675@PAG@Z 10004200 f i umodsys_lib_libui:umodsys.mod.ui.SDL_core.obj
 0001:00003210       ?get_cell@RMultiImage2D_SDL_ttf@SDL_core@ui@modules@UModSys@@UBE_NIAAUSImageCellInfo@lib2d@5@@Z 10004210 f i umodsys_lib_libui:umodsys.mod.ui.SDL_core.obj
 0001:00003210       ?setup_fixed_cell@RMultiImage2D_SDL_ttf@SDL_core@ui@modules@UModSys@@UAE_NHH@Z 10004210 f i umodsys_lib_libui:umodsys.mod.ui.SDL_core.obj
 0001:00003210       ?setup_fixed_cell@RMultiImage2D_SDL_ttf@SDL_GL@ui@modules@UModSys@@UAE_NHH@Z 10004210 f i umodsys_lib_libui:umodsys.mod.ui.SDL_GL.obj
 0001:00003210       ?get_cell@RMultiImage2D_SDL_ttf@SDL_GL@ui@modules@UModSys@@UBE_NIAAUSImageCellInfo@lib2d@5@@Z 10004210 f i umodsys_lib_libui:umodsys.mod.ui.SDL_GL.obj
 0001:00003210       ?set_hint@RMultiImage2D_SDL_ttf@SDL_GL@ui@modules@UModSys@@UAE_NPBD0@Z 10004210 f i umodsys_lib_libui:umodsys.mod.ui.SDL_GL.obj
 0001:00003210       ?set_hint@RMultiImage2D_SDL_ttf@SDL_core@ui@modules@UModSys@@UAE_NPBD0@Z 10004210 f i umodsys_lib_libui:umodsys.mod.ui.SDL_core.obj
 0001:00003220       ?setup_variable_cell@RMultiImage2D_SDL_ttf@SDL_GL@ui@modules@UModSys@@UAE_NPBUSImageCellInfo@lib2d@5@KK@Z 10004220 f i umodsys_lib_libui:umodsys.mod.ui.SDL_GL.obj
 0001:00003220       ?setup_variable_cell@RMultiImage2D_SDL_ttf@SDL_core@ui@modules@UModSys@@UAE_NPBUSImageCellInfo@lib2d@5@KK@Z 10004220 f i umodsys_lib_libui:umodsys.mod.ui.SDL_core.obj
 0001:00003230       ?root_get_interface_info@RRenderDriver3D@SDL_GL@ui@modules@UModSys@@UBEABUSUniquePointerInfo@core@5@XZ 10004230 f i umodsys_lib_libui:umodsys.mod.ui.SDL_GL.obj
 0001:00003240       ?root_get_interface_type@RRenderDriver3D@SDL_GL@ui@modules@UModSys@@UBEPBUSUniquePointerInfo@core@5@XZ 10004240 f i umodsys_lib_libui:umodsys.mod.ui.SDL_GL.obj
 0001:00003250       ?root_get_other_interface@RRenderDriver3D@SDL_GL@ui@modules@UModSys@@UBEPBUIRoot@core@5@PBUSUniquePointerInfo@75@@Z 10004250 f i umodsys_lib_libui:umodsys.mod.ui.SDL_GL.obj
 0001:00003250       ?root_get_other_interface@RRenderDriver3D@SDL_GL@ui@modules@UModSys@@UAEPAUIRoot@core@5@PBUSUniquePointerInfo@75@@Z 10004250 f i umodsys_lib_libui:umodsys.mod.ui.SDL_GL.obj
 0001:00003290       ?root_is_interface_supported@RRenderDriver3D@SDL_GL@ui@modules@UModSys@@UBE_NPBUSUniquePointerInfo@core@5@@Z 10004290 f i umodsys_lib_libui:umodsys.mod.ui.SDL_GL.obj
 0001:000032d0       ?ref_remove@RKeyboardController@SDL_GL@ui@modules@UModSys@@UBEXXZ 100042d0 f i umodsys_lib_libui:umodsys.mod.ui.SDL_GL.obj
 0001:000032d0       ?ref_remove@RRenderDriver3D@SDL_GL@ui@modules@UModSys@@UBEXXZ 100042d0 f i umodsys_lib_libui:umodsys.mod.ui.SDL_GL.obj
 0001:000032d0       ?ref_remove@RKeyboardController@SDL_core@ui@modules@UModSys@@UBEXXZ 100042d0 f i umodsys_lib_libui:umodsys.mod.ui.SDL_core.obj
 0001:000032d0       ?ref_remove@RMouseController@SDL_core@ui@modules@UModSys@@UBEXXZ 100042d0 f i umodsys_lib_libui:umodsys.mod.ui.SDL_core.obj
 0001:000032d0       ?ref_remove@RRenderDriver2D@SDL_core@ui@modules@UModSys@@UBEXXZ 100042d0 f i umodsys_lib_libui:umodsys.mod.ui.SDL_core.obj
 0001:000032d0       ?ref_remove@RMouseController@SDL_GL@ui@modules@UModSys@@UBEXXZ 100042d0 f i umodsys_lib_libui:umodsys.mod.ui.SDL_GL.obj
 0001:000032e0       ?ref_links@RRenderDriver3D@SDL_GL@ui@modules@UModSys@@UBEHXZ 100042e0 f i umodsys_lib_libui:umodsys.mod.ui.SDL_GL.obj
 0001:000032e0       ?ref_links@RKeyboardController@SDL_core@ui@modules@UModSys@@UBEHXZ 100042e0 f i umodsys_lib_libui:umodsys.mod.ui.SDL_core.obj
 0001:000032e0       ?ref_links@RRenderDriver2D@SDL_core@ui@modules@UModSys@@UBEHXZ 100042e0 f i umodsys_lib_libui:umodsys.mod.ui.SDL_core.obj
 0001:000032e0       ?ref_links@RMouseController@SDL_GL@ui@modules@UModSys@@UBEHXZ 100042e0 f i umodsys_lib_libui:umodsys.mod.ui.SDL_GL.obj
 0001:000032e0       ?ref_links@RMouseController@SDL_core@ui@modules@UModSys@@UBEHXZ 100042e0 f i umodsys_lib_libui:umodsys.mod.ui.SDL_core.obj
 0001:000032e0       ?ref_links@RKeyboardController@SDL_GL@ui@modules@UModSys@@UBEHXZ 100042e0 f i umodsys_lib_libui:umodsys.mod.ui.SDL_GL.obj
 0001:000032f0       ?root_get_interface_info@RTerminalX@SDL_GL@ui@modules@UModSys@@UBEABUSUniquePointerInfo@core@5@XZ 100042f0 f i umodsys_lib_libui:umodsys.mod.ui.SDL_GL.obj
 0001:00003300       ?root_get_interface_type@RTerminalX@SDL_GL@ui@modules@UModSys@@UBEPBUSUniquePointerInfo@core@5@XZ 10004300 f i umodsys_lib_libui:umodsys.mod.ui.SDL_GL.obj
 0001:00003310       ?root_get_other_interface@RTerminalX@SDL_GL@ui@modules@UModSys@@UAEPAUIRoot@core@5@PBUSUniquePointerInfo@75@@Z 10004310 f i umodsys_lib_libui:umodsys.mod.ui.SDL_GL.obj
 0001:00003310       ?root_get_other_interface@RTerminalX@SDL_GL@ui@modules@UModSys@@UBEPBUIRoot@core@5@PBUSUniquePointerInfo@75@@Z 10004310 f i umodsys_lib_libui:umodsys.mod.ui.SDL_GL.obj
 0001:00003340       ?root_is_interface_supported@RTerminalX@SDL_GL@ui@modules@UModSys@@UBE_NPBUSUniquePointerInfo@core@5@@Z 10004340 f i umodsys_lib_libui:umodsys.mod.ui.SDL_GL.obj
 0001:00003380       ?root_get_interface_info@RVertexArray@SDL_GL@ui@modules@UModSys@@UBEABUSUniquePointerInfo@core@5@XZ 10004380 f i umodsys_lib_libui:umodsys.mod.ui.SDL_GL.obj
 0001:00003390       ?root_get_interface_type@RVertexArray@SDL_GL@ui@modules@UModSys@@UBEPBUSUniquePointerInfo@core@5@XZ 10004390 f i umodsys_lib_libui:umodsys.mod.ui.SDL_GL.obj
 0001:000033a0       ?root_get_other_interface@RVertexArray@SDL_GL@ui@modules@UModSys@@UBEPBUIRoot@core@5@PBUSUniquePointerInfo@75@@Z 100043a0 f i umodsys_lib_libui:umodsys.mod.ui.SDL_GL.obj
 0001:000033a0       ?root_get_other_interface@RVertexArray@SDL_GL@ui@modules@UModSys@@UAEPAUIRoot@core@5@PBUSUniquePointerInfo@75@@Z 100043a0 f i umodsys_lib_libui:umodsys.mod.ui.SDL_GL.obj
 0001:000033d0       ?root_is_interface_supported@RVertexArray@SDL_GL@ui@modules@UModSys@@UBE_NPBUSUniquePointerInfo@core@5@@Z 100043d0 f i umodsys_lib_libui:umodsys.mod.ui.SDL_GL.obj
 0001:00003410       ?suicide@RMultiImage2D_SDL_ttf@SDL_core@ui@modules@UModSys@@UAEXXZ 10004410 f i umodsys_lib_libui:umodsys.mod.ui.SDL_core.obj
 0001:00003410       ?suicide@RVertexArray@SDL_GL@ui@modules@UModSys@@UAEXXZ 10004410 f i umodsys_lib_libui:umodsys.mod.ui.SDL_GL.obj
 0001:00003410       ?suicide@RDialog@frames@ui@modules@UModSys@@UAEXXZ 10004410 f i umodsys_lib_libui:umodsys.mod.ui.frames.obj
 0001:00003410       ?suicide@RMultiImage2D_SDL_ttf@SDL_GL@ui@modules@UModSys@@UAEXXZ 10004410 f i umodsys_lib_libui:umodsys.mod.ui.SDL_GL.obj
 0001:00003420       ?get_generated_names@RGenerator@SDL_GL@ui@modules@UModSys@@UBEHAAUSUniquePtrList@core@5@@Z 10004420 f i umodsys_lib_libui:umodsys.mod.ui.SDL_GL.obj
 0001:00003440       ?get_generated_types@RGenerator@SDL_GL@ui@modules@UModSys@@UBEHAAUSUniquePtrList@core@5@PBUSUniquePointerInfo@75@@Z 10004440 f i umodsys_lib_libui:umodsys.mod.ui.SDL_GL.obj
 0001:00003490       ?generate@RGenerator@SDL_GL@ui@modules@UModSys@@UAE_NAAU?$TRefObject@UIRefObject@core@UModSys@@U?$TRefObjectFunc@UIRefObject@core@UModSys@@@tl@3@@tl@5@PBUSUniquePointerInfo@core@5@ABUSParameters@95@@Z 10004490 f i umodsys_lib_libui:umodsys.mod.ui.SDL_GL.obj
 0001:000034c0       ?root_get_interface_info@RGenerator@SDL_GL@ui@modules@UModSys@@UBEABUSUniquePointerInfo@core@5@XZ 100044c0 f i umodsys_lib_libui:umodsys.mod.ui.SDL_GL.obj
 0001:000034d0       ?root_get_interface_type@RGenerator@SDL_GL@ui@modules@UModSys@@UBEPBUSUniquePointerInfo@core@5@XZ 100044d0 f i umodsys_lib_libui:umodsys.mod.ui.SDL_GL.obj
 0001:000034e0       ?root_get_other_interface@RGenerator@SDL_GL@ui@modules@UModSys@@UAEPAUIRoot@core@5@PBUSUniquePointerInfo@75@@Z 100044e0 f i umodsys_lib_libui:umodsys.mod.ui.SDL_GL.obj
 0001:000034e0       ?root_get_other_interface@RGenerator@SDL_GL@ui@modules@UModSys@@UBEPBUIRoot@core@5@PBUSUniquePointerInfo@75@@Z 100044e0 f i umodsys_lib_libui:umodsys.mod.ui.SDL_GL.obj
 0001:00003520       ?root_is_interface_supported@RGenerator@SDL_GL@ui@modules@UModSys@@UBE_NPBUSUniquePointerInfo@core@5@@Z 10004520 f i umodsys_lib_libui:umodsys.mod.ui.SDL_GL.obj
 0001:00003560       ?suicide@RGenerator@SDL_GL@ui@modules@UModSys@@UAEXXZ 10004560 f i umodsys_lib_libui:umodsys.mod.ui.SDL_GL.obj
 0001:00003560       ?suicide@RGenerator@stdlib@lib2d@modules@UModSys@@UAEXXZ 10004560 f i umodsys_lib_lib2d:umodsys.mod.2d.stdlib.obj
 0001:00003560       ??3@YAXPAX0@Z              10004560 f i plugin_test1.obj
 0001:00003560       ?suicide@RGenerator@SDL_core@ui@modules@UModSys@@UAEXXZ 10004560 f i umodsys_lib_libui:umodsys.mod.ui.SDL_core.obj
 0001:00003560       ?suicide@RGenerator@serialize_json@media@modules@UModSys@@UAEXXZ 10004560 f i umodsys_lib_libmedia:umodsys.mod.media.serialize_json.obj
 0001:00003560       ?suicide@RGenerator@frames@ui@modules@UModSys@@UAEXXZ 10004560 f i umodsys_lib_libui:umodsys.mod.ui.frames.obj
 0001:00003560       ?suicide@RGenerator@test1@test@modules@UModSys@@UAEXXZ 10004560 f i plugin_test1.obj
 0001:00003560       ?suicide@RGenerator@zlib@media@modules@UModSys@@UAEXXZ 10004560 f i umodsys_lib_libmedia:umodsys.mod.media.zlib.obj
 0001:00003560       ?suicide@RGenerator@images_std@media@modules@UModSys@@UAEXXZ 10004560 f i umodsys_lib_libmedia:umodsys.mod.media.images_std.obj
 0001:00003570       ?get_uid@RGenerator@SDL_GL@ui@modules@UModSys@@UBEPBUSUniquePointerInfo@core@5@XZ 10004570 f i umodsys_lib_libui:umodsys.mod.ui.SDL_GL.obj
 0001:00003580       ??_ERKeyboardController@SDL_GL@ui@modules@UModSys@@UAEPAXI@Z 10004580 f i  CIL library: CIL module
 0001:00003580       ??_GRKeyboardController@SDL_GL@ui@modules@UModSys@@UAEPAXI@Z 10004580 f i umodsys_lib_libui:umodsys.mod.ui.SDL_GL.obj
 0001:000035a0       ??_GRMouseController@SDL_GL@ui@modules@UModSys@@UAEPAXI@Z 100045a0 f i umodsys_lib_libui:umodsys.mod.ui.SDL_GL.obj
 0001:000035a0       ??_ERMouseController@SDL_GL@ui@modules@UModSys@@UAEPAXI@Z 100045a0 f i  CIL library: CIL module
 0001:000035c0       ??_ERTerminal@SDL_GL@ui@modules@UModSys@@UAEPAXI@Z 100045c0 f i  CIL library: CIL module
 0001:000035c0       ??_GRTerminal@SDL_GL@ui@modules@UModSys@@UAEPAXI@Z 100045c0 f i umodsys_lib_libui:umodsys.mod.ui.SDL_GL.obj
 0001:000035e0       ??_GRMultiImage2D_SDL_ttf@SDL_GL@ui@modules@UModSys@@UAEPAXI@Z 100045e0 f i umodsys_lib_libui:umodsys.mod.ui.SDL_GL.obj
 0001:000035e0       ??_ERMultiImage2D_SDL_ttf@SDL_GL@ui@modules@UModSys@@UAEPAXI@Z 100045e0 f i  CIL library: CIL module
 0001:00003600       ?set_flags@SGLFuncs@SDL_GL@ui@modules@UModSys@@QBEXPBUTextureInfo@12345@ABUSRenderMapFlags@lib3d@5@@Z 10004600 f i umodsys_lib_libui:umodsys.mod.ui.SDL_GL.obj
 0001:00003660       ??_ERRenderDriver3D@SDL_GL@ui@modules@UModSys@@UAEPAXI@Z 10004660 f i  CIL library: CIL module
 0001:00003660       ??_GRRenderDriver3D@SDL_GL@ui@modules@UModSys@@UAEPAXI@Z 10004660 f i umodsys_lib_libui:umodsys.mod.ui.SDL_GL.obj
 0001:00003680       ??_GRVertexArray@SDL_GL@ui@modules@UModSys@@UAEPAXI@Z 10004680 f i umodsys_lib_libui:umodsys.mod.ui.SDL_GL.obj
 0001:00003680       ??_ERVertexArray@SDL_GL@ui@modules@UModSys@@UAEPAXI@Z 10004680 f i  CIL library: CIL module
 0001:000036a0       ??_GRTerminalX@SDL_GL@ui@modules@UModSys@@UAEPAXI@Z 100046a0 f i umodsys_lib_libui:umodsys.mod.ui.SDL_GL.obj
 0001:000036a0       ??_ERTerminalX@SDL_GL@ui@modules@UModSys@@UAEPAXI@Z 100046a0 f i  CIL library: CIL module
 0001:000036c0       ?do_open@RModuleReg@SDL_GL@ui@modules@UModSys@@UAE_NXZ 100046c0 f i umodsys_lib_libui:umodsys.mod.ui.SDL_GL.obj
 0001:000036d0       ?do_close@RModuleReg@SDL_GL@ui@modules@UModSys@@UAE_NXZ 100046d0 f i umodsys_lib_libui:umodsys.mod.ui.SDL_GL.obj
 0001:000036e0       ??_ERModuleReg@SDL_GL@ui@modules@UModSys@@UAEPAXI@Z 100046e0 f i  CIL library: CIL module
 0001:000036e0       ??_GRModuleReg@SDL_GL@ui@modules@UModSys@@UAEPAXI@Z 100046e0 f i umodsys_lib_libui:umodsys.mod.ui.SDL_GL.obj
 0001:00003710       ??1?$TScatterArray@UGlyph@RMultiImage2D_SDL_ttf@SDL_GL@ui@modules@UModSys@@HU?$TScalarCompare@H@core@6@U?$TNodeDeleter0@U?$TScatterArrayNode@UGlyph@RMultiImage2D_SDL_ttf@SDL_GL@ui@modules@UModSys@@H@tl@UModSys@@@tl@6@@tl@UModSys@@QAE@XZ 10004710 f i umodsys_lib_libui:umodsys.mod.ui.SDL_GL.obj
 0001:00003760       ??1?$TDynarrayDynamic@USLayInfo@RVertexArray@SDL_GL@ui@modules@UModSys@@U?$TAllocator@USIMemAlloc@core@UModSys@@USCountCalcExact@23@@tl@6@@tl@UModSys@@QAE@XZ 10004760 f i umodsys_lib_libui:umodsys.mod.ui.SDL_GL.obj
 0001:00003790       ?Resize@?$TDynarray@U?$TDynarrayHolderDynamic@USLayInfo@RVertexArray@SDL_GL@ui@modules@UModSys@@U?$TAllocator@USIMemAlloc@core@UModSys@@USCountCalcExact@23@@tl@6@@tl@UModSys@@@tl@UModSys@@QAE_NI@Z 10004790 f i umodsys_lib_libui:umodsys.mod.ui.SDL_GL.obj
 0001:000037e0       ?remove_node@?$TTreeHoldRB@U?$TScatterArrayNode@U?$TRefObjectComposite@UIKeyboardClient@libui@UModSys@@UIRefObject@core@3@U?$TRefObjectFunc@UIRefObject@core@UModSys@@@tl@3@@tl@UModSys@@H@tl@UModSys@@@tl@UModSys@@QAEXPAU?$TScatterArrayNode@U?$TRefObjectComposite@UIKeyboardClient@libui@UModSys@@UIRefObject@core@3@U?$TRefObjectFunc@UIRefObject@core@UModSys@@@tl@3@@tl@UModSys@@H@23@@Z 100047e0 f i umodsys_lib_libui:umodsys.mod.ui.SDL_GL.obj
 0001:000037e0       ?remove_node@?$TTreeHoldRB@U?$TScatterArrayNode@U?$TRefObjectCompositeExtra@UIMouseClient@libui@UModSys@@HUIRefObject@core@3@U?$TRefObjectFunc@UIRefObject@core@UModSys@@@tl@3@@tl@UModSys@@H@tl@UModSys@@@tl@UModSys@@QAEXPAU?$TScatterArrayNode@U?$TRefObjectCompositeExtra@UIMouseClient@libui@UModSys@@HUIRefObject@core@3@U?$TRefObjectFunc@UIRefObject@core@UModSys@@@tl@3@@tl@UModSys@@H@23@@Z 100047e0 f i umodsys_lib_libui:umodsys.mod.ui.SDL_GL.obj
 0001:000038d0       ?Free@?$TDynarray@U?$TDynarrayHolderDynamic@USLayInfo@RVertexArray@SDL_GL@ui@modules@UModSys@@U?$TAllocator@USIMemAlloc@core@UModSys@@USCountCalcExact@23@@tl@6@@tl@UModSys@@@tl@UModSys@@QAE_NXZ 100048d0 f i umodsys_lib_libui:umodsys.mod.ui.SDL_GL.obj
 0001:00003940       ??1?$TPair@HU?$TRefObjectCompositeExtra@UIMouseClient@libui@UModSys@@HUIRefObject@core@3@U?$TRefObjectFunc@UIRefObject@core@UModSys@@@tl@3@@tl@UModSys@@@tl@UModSys@@QAE@XZ 10004940 f i umodsys_lib_libui:umodsys.mod.ui.SDL_GL.obj
 0001:00003940       ??1?$TPair@HU?$TRefObjectComposite@UIKeyboardClient@libui@UModSys@@UIRefObject@core@3@U?$TRefObjectFunc@UIRefObject@core@UModSys@@@tl@3@@tl@UModSys@@@tl@UModSys@@QAE@XZ 10004940 f i umodsys_lib_libui:umodsys.mod.ui.SDL_GL.obj
 0001:00003950       ??$slen@H@su@tl@UModSys@@YAIPBH@Z 10004950 f i umodsys_lib_libui:umodsys.mod.ui.SDL_GL.obj
 0001:00003970       ?remove_color@?$TTreeHoldRB@U?$TScatterArrayNode@U?$TRefObjectComposite@UIKeyboardClient@libui@UModSys@@UIRefObject@core@3@U?$TRefObjectFunc@UIRefObject@core@UModSys@@@tl@3@@tl@UModSys@@H@tl@UModSys@@@tl@UModSys@@IAEXPAU?$TScatterArrayNode@U?$TRefObjectComposite@UIKeyboardClient@libui@UModSys@@UIRefObject@core@3@U?$TRefObjectFunc@UIRefObject@core@UModSys@@@tl@3@@tl@UModSys@@H@23@0@Z 10004970 f i umodsys_lib_libui:umodsys.mod.ui.SDL_GL.obj
 0001:00003970       ?remove_color@?$TTreeHoldRB@U?$TScatterArrayNode@U?$TRefObjectCompositeExtra@UIMouseClient@libui@UModSys@@HUIRefObject@core@3@U?$TRefObjectFunc@UIRefObject@core@UModSys@@@tl@3@@tl@UModSys@@H@tl@UModSys@@@tl@UModSys@@IAEXPAU?$TScatterArrayNode@U?$TRefObjectCompositeExtra@UIMouseClient@libui@UModSys@@HUIRefObject@core@3@U?$TRefObjectFunc@UIRefObject@core@UModSys@@@tl@3@@tl@UModSys@@H@23@0@Z 10004970 f i umodsys_lib_libui:umodsys.mod.ui.SDL_GL.obj
 0001:00003af0       ?ref_weak@?$TRefObjectLinksComposite@URKeyboardController@SDL_core@ui@modules@UModSys@@URTerminal@2345@@tl@UModSys@@QBE_NPAURKeyboardController@SDL_core@ui@modules@3@AAUWeakPointer@IRefObject@core@3@@Z 10004af0 f i umodsys_lib_libui:umodsys.mod.ui.SDL_core.obj
 0001:00003af0       ?ref_weak@?$TRefObjectLinksComposite@URKeyboardController@SDL_GL@ui@modules@UModSys@@URTerminal@2345@@tl@UModSys@@QBE_NPAURKeyboardController@SDL_GL@ui@modules@3@AAUWeakPointer@IRefObject@core@3@@Z 10004af0 f i umodsys_lib_libui:umodsys.mod.ui.SDL_GL.obj
 0001:00003af0       ?ref_weak@?$TRefObjectLinksComposite@URRenderDriver2D@SDL_core@ui@modules@UModSys@@URTerminalX@2345@@tl@UModSys@@QBE_NPAURRenderDriver2D@SDL_core@ui@modules@3@AAUWeakPointer@IRefObject@core@3@@Z 10004af0 f i umodsys_lib_libui:umodsys.mod.ui.SDL_core.obj
 0001:00003af0       ?ref_weak@?$TRefObjectLinksComposite@URRenderDriver3D@SDL_GL@ui@modules@UModSys@@URTerminalX@2345@@tl@UModSys@@QBE_NPAURRenderDriver3D@SDL_GL@ui@modules@3@AAUWeakPointer@IRefObject@core@3@@Z 10004af0 f i umodsys_lib_libui:umodsys.mod.ui.SDL_GL.obj
 0001:00003af0       ?ref_weak@?$TRefObjectLinksComposite@URMouseController@SDL_GL@ui@modules@UModSys@@URTerminal@2345@@tl@UModSys@@QBE_NPAURMouseController@SDL_GL@ui@modules@3@AAUWeakPointer@IRefObject@core@3@@Z 10004af0 f i umodsys_lib_libui:umodsys.mod.ui.SDL_GL.obj
 0001:00003af0       ?ref_weak@?$TRefObjectLinksComposite@URMouseController@SDL_core@ui@modules@UModSys@@URTerminal@2345@@tl@UModSys@@QBE_NPAURMouseController@SDL_core@ui@modules@3@AAUWeakPointer@IRefObject@core@3@@Z 10004af0 f i umodsys_lib_libui:umodsys.mod.ui.SDL_core.obj
 0001:00003b10       ??$t_gen_param@URTerminalX@SDL_GL@ui@modules@UModSys@@URGenerator@2345@@IGenerator@base@UModSys@@IAE_NPAURGenerator@SDL_GL@ui@modules@2@AAU?$TRefObject@UIRefObject@core@UModSys@@U?$TRefObjectFunc@UIRefObject@core@UModSys@@@tl@3@@tl@2@PBUSUniquePointerInfo@core@2@ABUSParameters@core@2@@Z 10004b10 f i umodsys_lib_libui:umodsys.mod.ui.SDL_GL.obj
 0001:00003b90       ??$ValidateConstruction@UIMultiImage@lib2d@UModSys@@URMultiImage2D_SDL_ttf@SDL_GL@ui@modules@3@@core@UModSys@@YA_NAAU?$TRefObject@UIMultiImage@lib2d@UModSys@@U?$TRefObjectFunc@UIMultiImage@lib2d@UModSys@@@tl@3@@tl@1@PAURMultiImage2D_SDL_ttf@SDL_GL@ui@modules@1@@Z 10004b90 f i umodsys_lib_libui:umodsys.mod.ui.SDL_GL.obj
 0001:00003b90       ??$ValidateConstruction@UIMultiImage@lib2d@UModSys@@URMultiImage2D_SDL_ttf@SDL_core@ui@modules@3@@core@UModSys@@YA_NAAU?$TRefObject@UIMultiImage@lib2d@UModSys@@U?$TRefObjectFunc@UIMultiImage@lib2d@UModSys@@@tl@3@@tl@1@PAURMultiImage2D_SDL_ttf@SDL_core@ui@modules@1@@Z 10004b90 f i umodsys_lib_libui:umodsys.mod.ui.SDL_core.obj
 0001:00003c20       ??$t_ref_get_other_interface@URMultiImage2D_SDL_ttf@SDL_GL@ui@modules@UModSys@@U?$TRefObjectWeakFunc@URMultiImage2D_SDL_ttf@SDL_GL@ui@modules@UModSys@@@tl@5@@IRefObject@core@UModSys@@QAE_NAAU?$TRefObject@URMultiImage2D_SDL_ttf@SDL_GL@ui@modules@UModSys@@U?$TRefObjectWeakFunc@URMultiImage2D_SDL_ttf@SDL_GL@ui@modules@UModSys@@@tl@5@@tl@2@@Z 10004c20 f i umodsys_lib_libui:umodsys.mod.ui.SDL_GL.obj
 0001:00003c80       ??$genx_node@UCmp@?$TScatterArray@U?$TRefObjectComposite@UIKeyboardClient@libui@UModSys@@UIRefObject@core@3@U?$TRefObjectFunc@UIRefObject@core@UModSys@@@tl@3@@tl@UModSys@@HU?$TScalarCompare@H@core@3@U?$TNodeDeleter0@U?$TScatterArrayNode@U?$TRefObjectComposite@UIKeyboardClient@libui@UModSys@@UIRefObject@core@3@U?$TRefObjectFunc@UIRefObject@core@UModSys@@@tl@3@@tl@UModSys@@H@tl@UModSys@@@23@@tl@UModSys@@UGen0@234@@?$TTreeHoldRBD@U?$TScatterArrayNode@U?$TRefObjectComposite@UIKeyboardClient@libui@UModSys@@UIRefObject@core@3@U?$TRefObjectFunc@UIRefObject@core@UModSys@@@tl@3@@tl@UModSys@@H@tl@UModSys@@U?$TNodeDeleter0@U?$TScatterArrayNode@U?$TRefObjectComposite@UIKeyboardClient@libui@UModSys@@UIRefObject@core@3@U?$TRefObjectFunc@UIRefObject@core@UModSys@@@tl@3@@tl@UModSys@@H@tl@UModSys@@@23@@tl@UModSys@@QAEPAU?$TScatterArrayNode@U?$TRefObjectComposite@UIKeyboardClient@libui@UModSys@@UIRefObject@core@3@U?$TRefObjectFunc@UIRefObject@core@UModSys@@@tl@3@@tl@UModSys@@H@12@UCmp@?$TScatterArray@U?$TRefObjectComposite@UIKeyboardClient@libui@UModSys@@UIRefObject@core@3@U?$TRefObjectFunc@UIRefObject@core@UModSys@@@tl@3@@tl@UModSys@@HU?$TScalarCompare@H@core@3@U?$TNodeDeleter0@U?$TScatterArrayNode@U?$TRefObjectComposite@UIKeyboardClient@libui@UModSys@@UIRefObject@core@3@U?$TRefObjectFunc@UIRefObject@core@UModSys@@@tl@3@@tl@UModSys@@H@tl@UModSys@@@23@@12@ABUGen0@512@PAPAU312@2_N@Z 10004c80 f i umodsys_lib_libui:umodsys.mod.ui.SDL_GL.obj
 0001:00003cf0       ??$find_node_u@UCmp@?$TScatterArray@UGlyph@RMultiImage2D_SDL_ttf@SDL_GL@ui@modules@UModSys@@HU?$TScalarCompare@H@core@6@U?$TNodeDeleter0@U?$TScatterArrayNode@UGlyph@RMultiImage2D_SDL_ttf@SDL_GL@ui@modules@UModSys@@H@tl@UModSys@@@tl@6@@tl@UModSys@@@?$TTreeHoldRB@U?$TScatterArrayNode@UGlyph@RMultiImage2D_SDL_ttf@SDL_GL@ui@modules@UModSys@@H@tl@UModSys@@@tl@UModSys@@QBEPAU?$TScatterArrayNode@UGlyph@RMultiImage2D_SDL_ttf@SDL_GL@ui@modules@UModSys@@H@12@UCmp@?$TScatterArray@UGlyph@RMultiImage2D_SDL_ttf@SDL_GL@ui@modules@UModSys@@HU?$TScalarCompare@H@core@6@U?$TNodeDeleter0@U?$TScatterArrayNode@UGlyph@RMultiImage2D_SDL_ttf@SDL_GL@ui@modules@UModSys@@H@tl@UModSys@@@tl@6@@12@@Z 10004cf0 f i umodsys_lib_libui:umodsys.mod.ui.SDL_GL.obj
 0001:00003cf0       ??$find_node_u@UCmp@?$TScatterArray@U?$TVector4@M@math3d@UModSys@@HU?$TScalarCompare@H@core@3@U?$TNodeDeleter0@U?$TScatterArrayNode@U?$TVector4@M@math3d@UModSys@@H@tl@UModSys@@@tl@3@@tl@UModSys@@@?$TTreeHoldRB@U?$TScatterArrayNode@U?$TVector4@M@math3d@UModSys@@H@tl@UModSys@@@tl@UModSys@@QBEPAU?$TScatterArrayNode@U?$TVector4@M@math3d@UModSys@@H@12@UCmp@?$TScatterArray@U?$TVector4@M@math3d@UModSys@@HU?$TScalarCompare@H@core@3@U?$TNodeDeleter0@U?$TScatterArrayNode@U?$TVector4@M@math3d@UModSys@@H@tl@UModSys@@@tl@3@@12@@Z 10004cf0 f i umodsys_lib_libui:umodsys.mod.ui.frames.obj
 0001:00003cf0       ??$find_node_u@UCmp@?$TScatterArray@U?$TRefObjectComposite@UIKeyboardClient@libui@UModSys@@UIRefObject@core@3@U?$TRefObjectFunc@UIRefObject@core@UModSys@@@tl@3@@tl@UModSys@@HU?$TScalarCompare@H@core@3@U?$TNodeDeleter0@U?$TScatterArrayNode@U?$TRefObjectComposite@UIKeyboardClient@libui@UModSys@@UIRefObject@core@3@U?$TRefObjectFunc@UIRefObject@core@UModSys@@@tl@3@@tl@UModSys@@H@tl@UModSys@@@23@@tl@UModSys@@@?$TTreeHoldRB@U?$TScatterArrayNode@U?$TRefObjectComposite@UIKeyboardClient@libui@UModSys@@UIRefObject@core@3@U?$TRefObjectFunc@UIRefObject@core@UModSys@@@tl@3@@tl@UModSys@@H@tl@UModSys@@@tl@UModSys@@QBEPAU?$TScatterArrayNode@U?$TRefObjectComposite@UIKeyboardClient@libui@UModSys@@UIRefObject@core@3@U?$TRefObjectFunc@UIRefObject@core@UModSys@@@tl@3@@tl@UModSys@@H@12@UCmp@?$TScatterArray@U?$TRefObjectComposite@UIKeyboardClient@libui@UModSys@@UIRefObject@core@3@U?$TRefObjectFunc@UIRefObject@core@UModSys@@@tl@3@@tl@UModSys@@HU?$TScalarCompare@H@core@3@U?$TNodeDeleter0@U?$TScatterArrayNode@U?$TRefObjectComposite@UIKeyboardClient@libui@UModSys@@UIRefObject@core@3@U?$TRefObjectFunc@UIRefObject@core@UModSys@@@tl@3@@tl@UModSys@@H@tl@UModSys@@@23@@12@@Z 10004cf0 f i umodsys_lib_libui:umodsys.mod.ui.SDL_GL.obj
 0001:00003cf0       ??$find_node_u@UCmp@?$TScatterArray@U?$TVector2@M@math3d@UModSys@@HU?$TScalarCompare@H@core@3@U?$TNodeDeleter0@U?$TScatterArrayNode@U?$TVector2@M@math3d@UModSys@@H@tl@UModSys@@@tl@3@@tl@UModSys@@@?$TTreeHoldRB@U?$TScatterArrayNode@U?$TVector2@M@math3d@UModSys@@H@tl@UModSys@@@tl@UModSys@@QBEPAU?$TScatterArrayNode@U?$TVector2@M@math3d@UModSys@@H@12@UCmp@?$TScatterArray@U?$TVector2@M@math3d@UModSys@@HU?$TScalarCompare@H@core@3@U?$TNodeDeleter0@U?$TScatterArrayNode@U?$TVector2@M@math3d@UModSys@@H@tl@UModSys@@@tl@3@@12@@Z 10004cf0 f i umodsys_lib_libui:umodsys.mod.ui.frames.obj
 0001:00003cf0       ??$find_node_u@UCmp@?$TScatterArray@HHU?$TScalarCompare@H@core@UModSys@@U?$TNodeDeleter0@U?$TScatterArrayNode@HH@tl@UModSys@@@tl@3@@tl@UModSys@@@?$TTreeHoldRB@U?$TScatterArrayNode@HH@tl@UModSys@@@tl@UModSys@@QBEPAU?$TScatterArrayNode@HH@12@UCmp@?$TScatterArray@HHU?$TScalarCompare@H@core@UModSys@@U?$TNodeDeleter0@U?$TScatterArrayNode@HH@tl@UModSys@@@tl@3@@12@@Z 10004cf0 f i umodsys_lib_libui:umodsys.mod.ui.frames.obj
 0001:00003cf0       ??$find_node_u@UCmp@?$TScatterArray@U?$TRefObjectCompositeExtra@UIMouseClient@libui@UModSys@@HUIRefObject@core@3@U?$TRefObjectFunc@UIRefObject@core@UModSys@@@tl@3@@tl@UModSys@@HU?$TScalarCompare@H@core@3@U?$TNodeDeleter0@U?$TScatterArrayNode@U?$TRefObjectCompositeExtra@UIMouseClient@libui@UModSys@@HUIRefObject@core@3@U?$TRefObjectFunc@UIRefObject@core@UModSys@@@tl@3@@tl@UModSys@@H@tl@UModSys@@@23@@tl@UModSys@@@?$TTreeHoldRB@U?$TScatterArrayNode@U?$TRefObjectCompositeExtra@UIMouseClient@libui@UModSys@@HUIRefObject@core@3@U?$TRefObjectFunc@UIRefObject@core@UModSys@@@tl@3@@tl@UModSys@@H@tl@UModSys@@@tl@UModSys@@QBEPAU?$TScatterArrayNode@U?$TRefObjectCompositeExtra@UIMouseClient@libui@UModSys@@HUIRefObject@core@3@U?$TRefObjectFunc@UIRefObject@core@UModSys@@@tl@3@@tl@UModSys@@H@12@UCmp@?$TScatterArray@U?$TRefObjectCompositeExtra@UIMouseClient@libui@UModSys@@HUIRefObject@core@3@U?$TRefObjectFunc@UIRefObject@core@UModSys@@@tl@3@@tl@UModSys@@HU?$TScalarCompare@H@core@3@U?$TNodeDeleter0@U?$TScatterArrayNode@U?$TRefObjectCompositeExtra@UIMouseClient@libui@UModSys@@HUIRefObject@core@3@U?$TRefObjectFunc@UIRefObject@core@UModSys@@@tl@3@@tl@UModSys@@H@tl@UModSys@@@23@@12@@Z 10004cf0 f i umodsys_lib_libui:umodsys.mod.ui.SDL_GL.obj
 0001:00003cf0       ??$find_node_u@UCmp@?$TScatterArray@UGlyph@RMultiImage2D_SDL_ttf@SDL_core@ui@modules@UModSys@@HU?$TScalarCompare@H@core@6@U?$TNodeDeleter0@U?$TScatterArrayNode@UGlyph@RMultiImage2D_SDL_ttf@SDL_core@ui@modules@UModSys@@H@tl@UModSys@@@tl@6@@tl@UModSys@@@?$TTreeHoldRB@U?$TScatterArrayNode@UGlyph@RMultiImage2D_SDL_ttf@SDL_core@ui@modules@UModSys@@H@tl@UModSys@@@tl@UModSys@@QBEPAU?$TScatterArrayNode@UGlyph@RMultiImage2D_SDL_ttf@SDL_core@ui@modules@UModSys@@H@12@UCmp@?$TScatterArray@UGlyph@RMultiImage2D_SDL_ttf@SDL_core@ui@modules@UModSys@@HU?$TScalarCompare@H@core@6@U?$TNodeDeleter0@U?$TScatterArrayNode@UGlyph@RMultiImage2D_SDL_ttf@SDL_core@ui@modules@UModSys@@H@tl@UModSys@@@tl@6@@12@@Z 10004cf0 f i umodsys_lib_libui:umodsys.mod.ui.SDL_core.obj
 0001:00003d30       ??$genx_node@UCmp@?$TScatterArray@U?$TRefObjectCompositeExtra@UIMouseClient@libui@UModSys@@HUIRefObject@core@3@U?$TRefObjectFunc@UIRefObject@core@UModSys@@@tl@3@@tl@UModSys@@HU?$TScalarCompare@H@core@3@U?$TNodeDeleter0@U?$TScatterArrayNode@U?$TRefObjectCompositeExtra@UIMouseClient@libui@UModSys@@HUIRefObject@core@3@U?$TRefObjectFunc@UIRefObject@core@UModSys@@@tl@3@@tl@UModSys@@H@tl@UModSys@@@23@@tl@UModSys@@UGen0@234@@?$TTreeHoldRBD@U?$TScatterArrayNode@U?$TRefObjectCompositeExtra@UIMouseClient@libui@UModSys@@HUIRefObject@core@3@U?$TRefObjectFunc@UIRefObject@core@UModSys@@@tl@3@@tl@UModSys@@H@tl@UModSys@@U?$TNodeDeleter0@U?$TScatterArrayNode@U?$TRefObjectCompositeExtra@UIMouseClient@libui@UModSys@@HUIRefObject@core@3@U?$TRefObjectFunc@UIRefObject@core@UModSys@@@tl@3@@tl@UModSys@@H@tl@UModSys@@@23@@tl@UModSys@@QAEPAU?$TScatterArrayNode@U?$TRefObjectCompositeExtra@UIMouseClient@libui@UModSys@@HUIRefObject@core@3@U?$TRefObjectFunc@UIRefObject@core@UModSys@@@tl@3@@tl@UModSys@@H@12@UCmp@?$TScatterArray@U?$TRefObjectCompositeExtra@UIMouseClient@libui@UModSys@@HUIRefObject@core@3@U?$TRefObjectFunc@UIRefObject@core@UModSys@@@tl@3@@tl@UModSys@@HU?$TScalarCompare@H@core@3@U?$TNodeDeleter0@U?$TScatterArrayNode@U?$TRefObjectCompositeExtra@UIMouseClient@libui@UModSys@@HUIRefObject@core@3@U?$TRefObjectFunc@UIRefObject@core@UModSys@@@tl@3@@tl@UModSys@@H@tl@UModSys@@@23@@12@ABUGen0@512@PAPAU312@2_N@Z 10004d30 f i umodsys_lib_libui:umodsys.mod.ui.SDL_GL.obj
 0001:00003da0       ??$genx_node@UCmp@?$TScatterArray@UGlyph@RMultiImage2D_SDL_ttf@SDL_GL@ui@modules@UModSys@@HU?$TScalarCompare@H@core@6@U?$TNodeDeleter0@U?$TScatterArrayNode@UGlyph@RMultiImage2D_SDL_ttf@SDL_GL@ui@modules@UModSys@@H@tl@UModSys@@@tl@6@@tl@UModSys@@UGen0@234@@?$TTreeHoldRBD@U?$TScatterArrayNode@UGlyph@RMultiImage2D_SDL_ttf@SDL_GL@ui@modules@UModSys@@H@tl@UModSys@@U?$TNodeDeleter0@U?$TScatterArrayNode@UGlyph@RMultiImage2D_SDL_ttf@SDL_GL@ui@modules@UModSys@@H@tl@UModSys@@@23@@tl@UModSys@@QAEPAU?$TScatterArrayNode@UGlyph@RMultiImage2D_SDL_ttf@SDL_GL@ui@modules@UModSys@@H@12@UCmp@?$TScatterArray@UGlyph@RMultiImage2D_SDL_ttf@SDL_GL@ui@modules@UModSys@@HU?$TScalarCompare@H@core@6@U?$TNodeDeleter0@U?$TScatterArrayNode@UGlyph@RMultiImage2D_SDL_ttf@SDL_GL@ui@modules@UModSys@@H@tl@UModSys@@@tl@6@@12@ABUGen0@512@PAPAU312@2_N@Z 10004da0 f i umodsys_lib_libui:umodsys.mod.ui.SDL_GL.obj
 0001:00003e10       ?rotate_left@?$TTreeHoldRB@U?$TScatterArrayNode@U?$TRefObjectComposite@UIKeyboardClient@libui@UModSys@@UIRefObject@core@3@U?$TRefObjectFunc@UIRefObject@core@UModSys@@@tl@3@@tl@UModSys@@H@tl@UModSys@@@tl@UModSys@@IAEXPAU?$TScatterArrayNode@U?$TRefObjectComposite@UIKeyboardClient@libui@UModSys@@UIRefObject@core@3@U?$TRefObjectFunc@UIRefObject@core@UModSys@@@tl@3@@tl@UModSys@@H@23@@Z 10004e10 f i umodsys_lib_libui:umodsys.mod.ui.SDL_GL.obj
 0001:00003e10       ?rotate_left@?$TTreeHoldRB@U?$TScatterArrayNode@U?$TRefObjectCompositeExtra@UIMouseClient@libui@UModSys@@HUIRefObject@core@3@U?$TRefObjectFunc@UIRefObject@core@UModSys@@@tl@3@@tl@UModSys@@H@tl@UModSys@@@tl@UModSys@@IAEXPAU?$TScatterArrayNode@U?$TRefObjectCompositeExtra@UIMouseClient@libui@UModSys@@HUIRefObject@core@3@U?$TRefObjectFunc@UIRefObject@core@UModSys@@@tl@3@@tl@UModSys@@H@23@@Z 10004e10 f i umodsys_lib_libui:umodsys.mod.ui.SDL_GL.obj
[...]
 0001:00038480       ??__F?s_id@?$TObjectUniqueID@UIJoystickController@libui@UModSys@@@tl@UModSys@@2USUniquePointer@core@3@A@@YAXXZ 10039480 f    CIL library: CIL module
 0001:00038490       ??__F?s_id@?$TObjectUniqueID@UIMouseController@libui@UModSys@@@tl@UModSys@@2USUniquePointer@core@3@A@@YAXXZ 10039490 f    CIL library: CIL module
 0001:000384a0       ??__F?s_id@?$TObjectUniqueID@UIKeyboardController@libui@UModSys@@@tl@UModSys@@2USUniquePointer@core@3@A@@YAXXZ 100394a0 f    CIL library: CIL module
 0001:000384b0       ??__F?s_id@?$TObjectUniqueID@UIConsoleHelperOutputFCS@base@UModSys@@@tl@UModSys@@2USUniquePointer@core@3@A@@YAXXZ 100394b0 f    CIL library: CIL module
 0001:000384c0       ??__F?s_id@?$TObjectUniqueID@UIConsoleHelperOutput@base@UModSys@@@tl@UModSys@@2USUniquePointer@core@3@A@@YAXXZ 100394c0 f    CIL library: CIL module
 0001:000384d0       ??__F?s_id@?$TObjectUniqueID@UIConsoleHelperInput@base@UModSys@@@tl@UModSys@@2USUniquePointer@core@3@A@@YAXXZ 100394d0 f    CIL library: CIL module
 0001:000384e0       ??__F?s_id@?$TObjectUniqueID@UIConsoleHelperHistory@base@UModSys@@@tl@UModSys@@2USUniquePointer@core@3@A@@YAXXZ 100394e0 f    CIL library: CIL module
 0001:000384f0       ??__F?s_id@?$TObjectUniqueID@UIConsoleHelper@base@UModSys@@@tl@UModSys@@2USUniquePointer@core@3@A@@YAXXZ 100394f0 f    CIL library: CIL module
 0001:00038500       ??__F?s_id@?$TObjectUniqueID@UIConsoleExt@base@UModSys@@@tl@UModSys@@2USUniquePointer@core@3@A@@YAXXZ 10039500 f    CIL library: CIL module
 0001:00038510       ??__F?s_id@?$TObjectUniqueID@UISerializeWriter@libmedia@UModSys@@@tl@UModSys@@2USUniquePointer@core@3@A@@YAXXZ 10039510 f    CIL library: CIL module
 0001:00038520       ??__F?s_id@?$TObjectUniqueID@UISerializeReader@libmedia@UModSys@@@tl@UModSys@@2USUniquePointer@core@3@A@@YAXXZ 10039520 f    CIL library: CIL module
 0001:00038530       ??__F?s_id@?$TObjectUniqueID@UIClient@IBinArchiveFrame@libmedia@UModSys@@@tl@UModSys@@2USUniquePointer@core@3@A@@YAXXZ 10039530 f    CIL library: CIL module
 0001:00038540       ??__F?s_id@?$TObjectUniqueID@UIBinArchiveFrame@libmedia@UModSys@@@tl@UModSys@@2USUniquePointer@core@3@A@@YAXXZ 10039540 f    CIL library: CIL module
 0001:00038550       ??__F?s_id@?$TObjectUniqueID@UILibraryLayered@libmedia@UModSys@@@tl@UModSys@@2USUniquePointer@core@3@A@@YAXXZ 10039550 f    CIL library: CIL module
 0001:00038560       ??__F?s_id@?$TObjectUniqueID@UILibraryObjCache@libmedia@UModSys@@@tl@UModSys@@2USUniquePointer@core@3@A@@YAXXZ 10039560 f    CIL library: CIL module
 0001:00038570       ??__F?s_id@?$TObjectUniqueID@UILibraryObjFilter@libmedia@UModSys@@@tl@UModSys@@2USUniquePointer@core@3@A@@YAXXZ 10039570 f    CIL library: CIL module
 0001:00038580       ??__F?s_id@?$TObjectUniqueID@UILibraryBinCache@libmedia@UModSys@@@tl@UModSys@@2USUniquePointer@core@3@A@@YAXXZ 10039580 f    CIL library: CIL module
 0001:00038590       ??__F?s_id@?$TObjectUniqueID@UILibraryBinTree@libmedia@UModSys@@@tl@UModSys@@2USUniquePointer@core@3@A@@YAXXZ 10039590 f    CIL library: CIL module
 0001:000385a0       ??__F?s_id@?$TObjectUniqueID@UILibrary@libmedia@UModSys@@@tl@UModSys@@2USUniquePointer@core@3@A@@YAXXZ 100395a0 f    CIL library: CIL module
 0001:000385b0       ??__F?s_id@?$TObjectUniqueID@UIBinObjFilter@libmedia@UModSys@@@tl@UModSys@@2USUniquePointer@core@3@A@@YAXXZ 100395b0 f    CIL library: CIL module
 0001:000385c0       ??__F?s_id@?$TObjectUniqueID@UIBinArchive@libmedia@UModSys@@@tl@UModSys@@2USUniquePointer@core@3@A@@YAXXZ 100395c0 f    CIL library: CIL module
 0001:000385d0       ??__F?s_id@?$TObjectUniqueID@UILibObject@libmedia@UModSys@@@tl@UModSys@@2USUniquePointer@core@3@A@@YAXXZ 100395d0 f    CIL library: CIL module
 0001:000385e0       ??__F?s_id@?$TObjectUniqueID@UIUtilities@libmedia@UModSys@@@tl@UModSys@@2USUniquePointer@core@3@A@@YAXXZ 100395e0 f    CIL library: CIL module
 0001:000385f0       ??__F?s_id@?$TObjectUniqueID@UIStreamWriter@libmedia@UModSys@@@tl@UModSys@@2USUniquePointer@core@3@A@@YAXXZ 100395f0 f    CIL library: CIL module
 0001:00038600       ??__F?s_id@?$TObjectUniqueID@UIStreamReader@libmedia@UModSys@@@tl@UModSys@@2USUniquePointer@core@3@A@@YAXXZ 10039600 f    CIL library: CIL module
 0001:00038610       ??__F?s_id@?$TObjectUniqueID@UISystem@base@UModSys@@@tl@UModSys@@2USUniquePointer@core@3@A@@YAXXZ 10039610 f    CIL library: CIL module
 0001:00038620       ??__F?s_id@?$TObjectUniqueID@UIShell@base@UModSys@@@tl@UModSys@@2USUniquePointer@core@3@A@@YAXXZ 10039620 f    CIL library: CIL module
 0001:00038630       ??__F?s_id@?$TObjectUniqueID@UIGenerator@base@UModSys@@@tl@UModSys@@2USUniquePointer@core@3@A@@YAXXZ 10039630 f    CIL library: CIL module
 0001:00038640       ??__F?s_id@?$TObjectUniqueID@UIModObject@base@UModSys@@@tl@UModSys@@2USUniquePointer@core@3@A@@YAXXZ 10039640 f    CIL library: CIL module
 0001:00038650       ??__F?s_id@?$TObjectUniqueID@UIModuleLibrary@base@UModSys@@@tl@UModSys@@2USUniquePointer@core@3@A@@YAXXZ 10039650 f    CIL library: CIL module
 0001:00038660       ??__F?s_id@?$TObjectUniqueID@UIModule@base@UModSys@@@tl@UModSys@@2USUniquePointer@core@3@A@@YAXXZ 10039660 f    CIL library: CIL module
 0001:00038670       ??__F?s_id@?$TObjectUniqueID@UIConsole@base@UModSys@@@tl@UModSys@@2USUniquePointer@core@3@A@@YAXXZ 10039670 f    CIL library: CIL module
 0001:00038680       ??__F?s_id@?$TObjectUniqueID@UIParameters@core@UModSys@@@tl@UModSys@@2USUniquePointer@core@3@A@@YAXXZ 10039680 f    CIL library: CIL module
 0001:00038690       ??__F?s_id@?$TObjectUniqueID@UIRefObject@core@UModSys@@@tl@UModSys@@2USUniquePointer@core@3@A@@YAXXZ 10039690 f    CIL library: CIL module
 0001:000386a0       ??__F?s_id@?$TObjectUniqueID@UIRoot@core@UModSys@@@tl@UModSys@@2USUniquePointer@core@3@A@@YAXXZ 100396a0 f    CIL library: CIL module
 0001:000386b0       ??__F?s_id@?$TDataUniqueID@M@tl@UModSys@@2USUniquePointer@core@3@A@@YAXXZ 100396b0 f    CIL library: CIL module
 0001:000386c0       ??__F?s_id@?$TDataUniqueID@F@tl@UModSys@@2USUniquePointer@core@3@A@@YAXXZ 100396c0 f    CIL library: CIL module
 0001:000386d0       ??__F?s_id@?$TDataUniqueID@H@tl@UModSys@@2USUniquePointer@core@3@A@@YAXXZ 100396d0 f    CIL library: CIL module
 0001:000386e0       ??__F?s_id@?$TConstUniqueID@W4eConsoleLevels@base@UModSys@@$00@tl@UModSys@@2USUniquePointer@core@3@A@@YAXXZ 100396e0 f    CIL library: CIL module
 0001:000386f0       ??__F?s_id@?$TObjectUniqueID@UINodeObject_Light@lib3d@UModSys@@@tl@UModSys@@2USUniquePointer@core@3@A@@YAXXZ 100396f0 f    CIL library: CIL module
 0001:00038700       ??__F?s_id@?$TObjectUniqueID@UINodeObject_Camera@lib3d@UModSys@@@tl@UModSys@@2USUniquePointer@core@3@A@@YAXXZ 10039700 f    CIL library: CIL module
 0001:00038710       ??__F?s_id@?$TObjectUniqueID@UINodeObject_Particles@lib3d@UModSys@@@tl@UModSys@@2USUniquePointer@core@3@A@@YAXXZ 10039710 f    CIL library: CIL module
 0001:00038720       ??__F?s_id@?$TObjectUniqueID@UINodeObject_Picture@lib3d@UModSys@@@tl@UModSys@@2USUniquePointer@core@3@A@@YAXXZ 10039720 f    CIL library: CIL module
 0001:00038730       ??__F?s_id@?$TObjectUniqueID@UINodeObject_Mesh@lib3d@UModSys@@@tl@UModSys@@2USUniquePointer@core@3@A@@YAXXZ 10039730 f    CIL library: CIL module
 0001:00038740       ??__F?s_id@?$TObjectUniqueID@UINodeObject_Brush@lib3d@UModSys@@@tl@UModSys@@2USUniquePointer@core@3@A@@YAXXZ 10039740 f    CIL library: CIL module
 0001:00038750       ??__F?s_id@?$TObjectUniqueID@UIScene@lib3d@UModSys@@@tl@UModSys@@2USUniquePointer@core@3@A@@YAXXZ 10039750 f    CIL library: CIL module
 0001:00038760       ??__F?s_id@?$TObjectUniqueID@UISceneController@lib3d@UModSys@@@tl@UModSys@@2USUniquePointer@core@3@A@@YAXXZ 10039760 f    CIL library: CIL module
 0001:00038770       ??__Fs_dbg@stdlib@lib2d@modules@UModSys@@YAXXZ 10039770 f    CIL library: CIL module
 0001:00038780       ??__F?s_modreg@RModuleReg@stdlib@lib2d@modules@UModSys@@2U12345@A@@YAXXZ 10039780 f    CIL library: CIL module
 0001:000387a0       ??__F?s_modreg_chain@RModuleReg@stdlib@lib2d@modules@UModSys@@2USModuleRegChain@base@5@A@@YAXXZ 100397a0 f    CIL library: CIL module
 0001:000387b0       ??__F?s_uid@RGenerator@stdlib@lib2d@modules@UModSys@@2USUniquePointer@core@5@A@@YAXXZ 100397b0 f    CIL library: CIL module
 0001:000387c0       ??__Fh@?1??s_holder@RGenerator@stdlib@lib2d@modules@UModSys@@SAAAU?$TTypeStaticHolder@URGenerator@stdlib@lib2d@modules@UModSys@@@tl@5@XZ@YAXXZ 100397c0 f    CIL library: CIL module
 0001:000387e0       ??__F?s_id@?$TObjectUniqueID@URGenerator@stdlib@lib2d@modules@UModSys@@@tl@UModSys@@2USUniquePointer@core@3@A@@YAXXZ 100397e0 f    CIL library: CIL module
 0001:000387f0       ??__F?s_id@?$TObjectUniqueID@URMultiImage@stdlib@lib2d@modules@UModSys@@@tl@UModSys@@2USUniquePointer@core@3@A@@YAXXZ 100397f0 f    CIL library: CIL module
 0001:00038800       ??__F?s_id@?$TObjectUniqueID@URImageFactory_Memory@stdlib@lib2d@modules@UModSys@@@tl@UModSys@@2USUniquePointer@core@3@A@@YAXXZ 10039800 f    CIL library: CIL module
 0001:00038810       ??__F?s_id@?$TObjectUniqueID@URImage_Memory@stdlib@lib2d@modules@UModSys@@@tl@UModSys@@2USUniquePointer@core@3@A@@YAXXZ 10039810 f    CIL library: CIL module
 0001:00038820       ??__Fs_dbg@SDL_GL@ui@modules@UModSys@@YAXXZ 10039820 f    CIL library: CIL module
 0001:00038830       ??__F?s_modreg@RModuleReg@SDL_GL@ui@modules@UModSys@@2U12345@A@@YAXXZ 10039830 f    CIL library: CIL module
 0001:00038850       ??__F?s_modreg_chain@RModuleReg@SDL_GL@ui@modules@UModSys@@2USModuleRegChain@base@5@A@@YAXXZ 10039850 f    CIL library: CIL module
 0001:00038860       ??__F?s_uid@RGenerator@SDL_GL@ui@modules@UModSys@@2USUniquePointer@core@5@A@@YAXXZ 10039860 f    CIL library: CIL module
 0001:00038870       ??__Fh@?1??s_holder@RGenerator@SDL_GL@ui@modules@UModSys@@SAAAU?$TTypeStaticHolder@URGenerator@SDL_GL@ui@modules@UModSys@@@tl@5@XZ@YAXXZ 10039870 f    CIL library: CIL module
 0001:00038890       ??__F?s_id@?$TObjectUniqueID@URGenerator@SDL_GL@ui@modules@UModSys@@@tl@UModSys@@2USUniquePointer@core@3@A@@YAXXZ 10039890 f    CIL library: CIL module
 0001:000388a0       ??__F?s_id@?$TObjectUniqueID@URVertexArray@SDL_GL@ui@modules@UModSys@@@tl@UModSys@@2USUniquePointer@core@3@A@@YAXXZ 100398a0 f    CIL library: CIL module
 0001:000388b0       ??__F?s_id@?$TObjectUniqueID@URTerminalX@SDL_GL@ui@modules@UModSys@@@tl@UModSys@@2USUniquePointer@core@3@A@@YAXXZ 100398b0 f    CIL library: CIL module
 0001:000388c0       ??__F?s_id@?$TObjectUniqueID@URRenderDriver3D@SDL_GL@ui@modules@UModSys@@@tl@UModSys@@2USUniquePointer@core@3@A@@YAXXZ 100398c0 f    CIL library: CIL module
 0001:000388d0       ??__F?s_id@?$TObjectUniqueID@URMultiImage2D_SDL_ttf@SDL_GL@ui@modules@UModSys@@@tl@UModSys@@2USUniquePointer@core@3@A@@YAXXZ 100398d0 f    CIL library: CIL module
 0001:000388e0       ??__F?s_id@?$TObjectUniqueID@URTerminal@SDL_GL@ui@modules@UModSys@@@tl@UModSys@@2USUniquePointer@core@3@A@@YAXXZ 100398e0 f    CIL library: CIL module
 0001:000388f0       ??__F?s_id@?$TObjectUniqueID@URMouseController@SDL_GL@ui@modules@UModSys@@@tl@UModSys@@2USUniquePointer@core@3@A@@YAXXZ 100398f0 f    CIL library: CIL module
 0001:00038900       ??__F?s_id@?$TObjectUniqueID@URKeyboardController@SDL_GL@ui@modules@UModSys@@@tl@UModSys@@2USUniquePointer@core@3@A@@YAXXZ 10039900 f    CIL library: CIL module
 0001:00038910       ??__Fs_dbg@SDL_core@ui@modules@UModSys@@YAXXZ 10039910 f    CIL library: CIL module
 0001:00038920       ??__F?s_modreg@RModuleReg@SDL_core@ui@modules@UModSys@@2U12345@A@@YAXXZ 10039920 f    CIL library: CIL module
 0001:00038940       ??__F?s_modreg_chain@RModuleReg@SDL_core@ui@modules@UModSys@@2USModuleRegChain@base@5@A@@YAXXZ 10039940 f    CIL library: CIL module
 0001:00038950       ??__F?s_uid@RGenerator@SDL_core@ui@modules@UModSys@@2USUniquePointer@core@5@A@@YAXXZ 10039950 f    CIL library: CIL module
 0001:00038960       ??__Fh@?1??s_holder@RGenerator@SDL_core@ui@modules@UModSys@@SAAAU?$TTypeStaticHolder@URGenerator@SDL_core@ui@modules@UModSys@@@tl@5@XZ@YAXXZ 10039960 f    CIL library: CIL module
 0001:00038980       ??__F?s_id@?$TObjectUniqueID@URGenerator@SDL_core@ui@modules@UModSys@@@tl@UModSys@@2USUniquePointer@core@3@A@@YAXXZ 10039980 f    CIL library: CIL module
 0001:00038990       ??__F?s_id@?$TObjectUniqueID@URTerminalX@SDL_core@ui@modules@UModSys@@@tl@UModSys@@2USUniquePointer@core@3@A@@YAXXZ 10039990 f    CIL library: CIL module
 0001:000389a0       ??__F?s_id@?$TObjectUniqueID@URRenderDriver2D@SDL_core@ui@modules@UModSys@@@tl@UModSys@@2USUniquePointer@core@3@A@@YAXXZ 100399a0 f    CIL library: CIL module
 0001:000389b0       ??__F?s_id@?$TObjectUniqueID@URMultiImage2D_SDL_ttf@SDL_core@ui@modules@UModSys@@@tl@UModSys@@2USUniquePointer@core@3@A@@YAXXZ 100399b0 f    CIL library: CIL module
 0001:000389c0       ??__F?s_id@?$TObjectUniqueID@URTerminal@SDL_core@ui@modules@UModSys@@@tl@UModSys@@2USUniquePointer@core@3@A@@YAXXZ 100399c0 f    CIL library: CIL module
 0001:000389d0       ??__F?s_id@?$TObjectUniqueID@URMouseController@SDL_core@ui@modules@UModSys@@@tl@UModSys@@2USUniquePointer@core@3@A@@YAXXZ 100399d0 f    CIL library: CIL module
 0001:000389e0       ??__F?s_id@?$TObjectUniqueID@URKeyboardController@SDL_core@ui@modules@UModSys@@@tl@UModSys@@2USUniquePointer@core@3@A@@YAXXZ 100399e0 f    CIL library: CIL module
 0001:000389f0       ??__Fs_dbg@frames@ui@modules@UModSys@@YAXXZ 100399f0 f    CIL library: CIL module
 0001:00038a00       ??__F?s_modreg@RModuleReg@frames@ui@modules@UModSys@@2U12345@A@@YAXXZ 10039a00 f    CIL library: CIL module
 0001:00038a20       ??__F?s_modreg_chain@RModuleReg@frames@ui@modules@UModSys@@2USModuleRegChain@base@5@A@@YAXXZ 10039a20 f    CIL library: CIL module
 0001:00038a30       ??__F?s_uid@RGenerator@frames@ui@modules@UModSys@@2USUniquePointer@core@5@A@@YAXXZ 10039a30 f    CIL library: CIL module
 0001:00038a40       ??__Fh@?1??s_holder@RGenerator@frames@ui@modules@UModSys@@SAAAU?$TTypeStaticHolder@URGenerator@frames@ui@modules@UModSys@@@tl@5@XZ@YAXXZ 10039a40 f    CIL library: CIL module
 0001:00038a60       ??__F?s_id@?$TObjectUniqueID@URGenerator@frames@ui@modules@UModSys@@@tl@UModSys@@2USUniquePointer@core@3@A@@YAXXZ 10039a60 f    CIL library: CIL module
 0001:00038a70       ??__F?s_id@?$TObjectUniqueID@URCollector@frames@ui@modules@UModSys@@@tl@UModSys@@2USUniquePointer@core@3@A@@YAXXZ 10039a70 f    CIL library: CIL module
 0001:00038a80       ??__F?s_id@?$TObjectUniqueID@URFrame_List@frames@ui@modules@UModSys@@@tl@UModSys@@2USUniquePointer@core@3@A@@YAXXZ 10039a80 f    CIL library: CIL module
 0001:00038a90       ??__F?s_id@?$TObjectUniqueID@URFrame_Edit@frames@ui@modules@UModSys@@@tl@UModSys@@2USUniquePointer@core@3@A@@YAXXZ 10039a90 f    CIL library: CIL module
 0001:00038aa0       ??__F?s_id@?$TObjectUniqueID@URFrame_Button@frames@ui@modules@UModSys@@@tl@UModSys@@2USUniquePointer@core@3@A@@YAXXZ 10039aa0 f    CIL library: CIL module
 0001:00038ab0       ??__F?s_id@?$TObjectUniqueID@URFrame_Text@frames@ui@modules@UModSys@@@tl@UModSys@@2USUniquePointer@core@3@A@@YAXXZ 10039ab0 f    CIL library: CIL module
 0001:00038ac0       ??__F?s_id@?$TObjectUniqueID@URFrame_Image@frames@ui@modules@UModSys@@@tl@UModSys@@2USUniquePointer@core@3@A@@YAXXZ 10039ac0 f    CIL library: CIL module
 0001:00038ad0       ??__F?s_id@?$TObjectUniqueID@URFrame_Frame@frames@ui@modules@UModSys@@@tl@UModSys@@2USUniquePointer@core@3@A@@YAXXZ 10039ad0 f    CIL library: CIL module
 0001:00038ae0       ??__F?s_id@?$TObjectUniqueID@URDialog@frames@ui@modules@UModSys@@@tl@UModSys@@2USUniquePointer@core@3@A@@YAXXZ 10039ae0 f    CIL library: CIL module
 0001:00038af0       ??__F?s_id@?$TObjectUniqueID@URFrame_Common@frames@ui@modules@UModSys@@@tl@UModSys@@2USUniquePointer@core@3@A@@YAXXZ 10039af0 f    CIL library: CIL module
 0001:00038b00       ??__Fs_dbg@images_std@media@modules@UModSys@@YAXXZ 10039b00 f    CIL library: CIL module
 0001:00038b10       ??__F?s_modreg@RModuleReg@images_std@media@modules@UModSys@@2U12345@A@@YAXXZ 10039b10 f    CIL library: CIL module
 0001:00038b30       ??__F?s_modreg_chain@RModuleReg@images_std@media@modules@UModSys@@2USModuleRegChain@base@5@A@@YAXXZ 10039b30 f    CIL library: CIL module
 0001:00038b40       ??__F?s_uid@RGenerator@images_std@media@modules@UModSys@@2USUniquePointer@core@5@A@@YAXXZ 10039b40 f    CIL library: CIL module
 0001:00038b50       ??__Fh@?1??s_holder@RGenerator@images_std@media@modules@UModSys@@SAAAU?$TTypeStaticHolder@URGenerator@images_std@media@modules@UModSys@@@tl@5@XZ@YAXXZ 10039b50 f    CIL library: CIL module
 0001:00038b70       ??__F?s_id@?$TObjectUniqueID@URGenerator@images_std@media@modules@UModSys@@@tl@UModSys@@2USUniquePointer@core@3@A@@YAXXZ 10039b70 f    CIL library: CIL module
 0001:00038b80       ??__F?s_id@?$TObjectUniqueID@URMediaFilter@images_std@media@modules@UModSys@@@tl@UModSys@@2USUniquePointer@core@3@A@@YAXXZ 10039b80 f    CIL library: CIL module
 0001:00038b90       ??__Fs_dbg@serialize_json@media@modules@UModSys@@YAXXZ 10039b90 f    CIL library: CIL module
 0001:00038ba0       ??__F?s_modreg@RModuleReg@serialize_json@media@modules@UModSys@@2U12345@A@@YAXXZ 10039ba0 f    CIL library: CIL module
 0001:00038bc0       ??__F?s_modreg_chain@RModuleReg@serialize_json@media@modules@UModSys@@2USModuleRegChain@base@5@A@@YAXXZ 10039bc0 f    CIL library: CIL module
 0001:00038bd0       ??__F?s_uid@RGenerator@serialize_json@media@modules@UModSys@@2USUniquePointer@core@5@A@@YAXXZ 10039bd0 f    CIL library: CIL module
 0001:00038be0       ??__Fh@?1??s_holder@RGenerator@serialize_json@media@modules@UModSys@@SAAAU?$TTypeStaticHolder@URGenerator@serialize_json@media@modules@UModSys@@@tl@5@XZ@YAXXZ 10039be0 f    CIL library: CIL module
 0001:00038c00       ??__F?s_id@?$TObjectUniqueID@URGenerator@serialize_json@media@modules@UModSys@@@tl@UModSys@@2USUniquePointer@core@3@A@@YAXXZ 10039c00 f    CIL library: CIL module
 0001:00038c10       ??__F?s_id@?$TObjectUniqueID@URSerializeWriter@serialize_json@media@modules@UModSys@@@tl@UModSys@@2USUniquePointer@core@3@A@@YAXXZ 10039c10 f    CIL library: CIL module
 0001:00038c20       ??__F?s_id@?$TObjectUniqueID@URSerializeReader@serialize_json@media@modules@UModSys@@@tl@UModSys@@2USUniquePointer@core@3@A@@YAXXZ 10039c20 f    CIL library: CIL module
 0001:00038c30       ??__Fs_dbg@zlib@media@modules@UModSys@@YAXXZ 10039c30 f    CIL library: CIL module
 0001:00038c40       ??__F?s_modreg@RModuleReg@zlib@media@modules@UModSys@@2U12345@A@@YAXXZ 10039c40 f    CIL library: CIL module
 0001:00038c60       ??__F?s_modreg_chain@RModuleReg@zlib@media@modules@UModSys@@2USModuleRegChain@base@5@A@@YAXXZ 10039c60 f    CIL library: CIL module
 0001:00038c70       ??__F?s_uid@RGenerator@zlib@media@modules@UModSys@@2USUniquePointer@core@5@A@@YAXXZ 10039c70 f    CIL library: CIL module
 0001:00038c80       ??__Fh@?1??s_holder@RGenerator@zlib@media@modules@UModSys@@SAAAU?$TTypeStaticHolder@URGenerator@zlib@media@modules@UModSys@@@tl@5@XZ@YAXXZ 10039c80 f    CIL library: CIL module
 0001:00038ca0       ??__F?s_id@?$TObjectUniqueID@URGenerator@zlib@media@modules@UModSys@@@tl@UModSys@@2USUniquePointer@core@3@A@@YAXXZ 10039ca0 f    CIL library: CIL module
 0001:00038cb0       ??__F?s_id@?$TObjectUniqueID@URBinArchiveFrameClient_ZIP@zlib@media@modules@UModSys@@@tl@UModSys@@2USUniquePointer@core@3@A@@YAXXZ 10039cb0 f    CIL library: CIL module
 0001:00038cc0       ??__FM@UModSys@@YAXXZ      10039cc0 f    CIL library: CIL module
 0001:00038cd0       ??__F?root@SModuleRegChain@base@UModSys@@2U123@A@@YAXXZ 10039cd0 f    CIL library: CIL module
 0001:00038ce0       ??__F?s_library@RModuleLibraryReg_Chain@base@UModSys@@2U123@A@@YAXXZ 10039ce0 f    CIL library: CIL module
 0001:00038cf0       ??__F?root@SUniquePointer@core@UModSys@@2U123@A@@YAXXZ 10039cf0 f    CIL library: CIL module

 Exports

  ordinal    name

        1    _UModSys_Plugin_Entry2@0
