 plugin_test1

 Timestamp is 52a5f2ac (Mon Dec 09 19:41:16 2013)

 Preferred load address is 10000000

 Start         Length     Name                   Class
 0001:00000000 0001276aH .text                   CODE
 0001:00012770 00000908H .text$x                 CODE
 0001:00013080 00001121H .text$yc                CODE
 0001:000141b0 000006eaH .text$yd                CODE
 0002:00000000 000001c0H .idata$5                DATA
 0002:000001c0 00000004H .CRT$XCA                DATA
 0002:000001c4 000007ecH .CRT$XCU                DATA
 0002:000009b0 00000004H .CRT$XCZ                DATA
 0002:000009b4 00000004H .CRT$XIA                DATA
 0002:000009b8 00000004H .CRT$XIAA               DATA
 0002:000009bc 00000004H .CRT$XIC                DATA
 0002:000009c0 00000004H .CRT$XIZ                DATA
 0002:000009c8 000020f0H .rdata                  DATA
 0002:00002ab8 0000174cH .rdata$r                DATA
 0002:00004210 000000ecH .rdata$sxdata           DATA
 0002:000042fc 00000004H .rtc$IAA                DATA
 0002:00004300 00000004H .rtc$IZZ                DATA
 0002:00004304 00000004H .rtc$TAA                DATA
 0002:00004308 00000004H .rtc$TZZ                DATA
 0002:00004310 00000d3cH .xdata$x                DATA
 0002:0000504c 00000064H .idata$2                DATA
 0002:000050b0 00000014H .idata$3                DATA
 0002:000050c4 000001c0H .idata$4                DATA
 0002:00005284 00000854H .idata$6                DATA
 0002:00005ae0 0000005cH .edata                  DATA
 0003:00000000 00000dd0H .data                   DATA
 0003:00000dd0 00000cc8H .bss                    DATA

  Address         Publics by Value              Rva+Base       Lib:Object

 0000:00000000       __except_list              00000000     <absolute>
 0000:0000003b       ___safe_se_handler_count   0000003b     <absolute>
 0000:00009876       __ldused                   00009876     <absolute>
 0000:00009876       __fltused                  00009876     <absolute>
 0000:00000000       ___ImageBase               10000000     <linker-defined>
 0001:00000000       ??1State@RImage_Memory@stdlib@lib2d@modules@UModSys@@QAE@XZ 10001000 f i umodsys_lib_lib2d:umodsys.mod.2d.stdlib.obj
 0001:00000000       ??1SMemShared@core@UModSys@@QAE@XZ 10001000 f i plugin_test1.obj
 0001:00000020       ??4SCMemShared@core@UModSys@@QAEABU012@ABUSMemShared@12@@Z 10001020 f i plugin_test1.obj
 0001:00000050       ??3IRoot@core@UModSys@@SAXPAXABUSIMemAlloc@12@@Z 10001050 f i plugin_test1.obj
 0001:00000060       ??$seq@D@su@tl@UModSys@@YA_NPBD0@Z 10001060 f i plugin_test1.obj
 0001:000000a0       ?bin_writer@ILibrary@libmedia@UModSys@@QAE?AU?$TRefObject@UIStreamWriter@libmedia@UModSys@@U?$TRefObjectFunc@UIStreamWriter@libmedia@UModSys@@@tl@3@@tl@3@ABU?$TString@U?$TSCoreConst@D@su@tl@UModSys@@U?$TComparerBinaryHash@D@234@@53@ABU?$TFlags4State@USMediaFlagUid@libmedia@UModSys@@I@53@@Z 100010a0 f i plugin_test1.obj
 0001:000000e0       ?obj_load@ILibrary@libmedia@UModSys@@QAE_NABU?$TString@U?$TSCoreConst@D@su@tl@UModSys@@U?$TComparerBinaryHash@D@234@@tl@3@PAUIRefObject@core@3@0PBUSParameters@73@ABU?$TFlags4State@USMediaFlagUid@libmedia@UModSys@@I@53@@Z 100010e0 f i plugin_test1.obj
 0001:00000140       ?obj_save@ILibrary@libmedia@UModSys@@QAE_NABU?$TString@U?$TSCoreConst@D@su@tl@UModSys@@U?$TComparerBinaryHash@D@234@@tl@3@PBUIRefObject@core@3@0PBUSParameters@73@ABU?$TFlags4State@USMediaFlagUid@libmedia@UModSys@@I@53@@Z 10001140 f i plugin_test1.obj
 0001:000001a0       ?mount_add@ILibraryBinTree@libmedia@UModSys@@QAE_NABU?$TString@U?$TSCoreConst@D@su@tl@UModSys@@U?$TComparerBinaryHash@D@234@@tl@3@PAUIBinArchive@23@H@Z 100011a0 f i plugin_test1.obj
 0001:00000240       ?mount_add@ILibraryBinTree@libmedia@UModSys@@QAE_NABU?$TString@U?$TSCoreConst@D@su@tl@UModSys@@U?$TComparerBinaryHash@D@234@@tl@3@HPAUIBinArchive@23@H@Z 10001240 f i plugin_test1.obj
 0001:000002e0       ?layer_push@ILibraryLayered@libmedia@UModSys@@QAE_NPAUILibrary@23@HABU?$TString@U?$TSCoreConst@D@su@tl@UModSys@@U?$TComparerBinaryHash@D@234@@tl@3@@Z 100012e0 f i plugin_test1.obj
 0001:00000370       ??1SLayer@ILibraryLayered@libmedia@UModSys@@QAE@XZ 10001370 f i plugin_test1.obj
 0001:00000370       ??1SPoint@ILibraryBinTree@libmedia@UModSys@@QAE@XZ 10001370 f i plugin_test1.obj
 0001:00000390       ?s@SFrameDataOut@libui@UModSys@@QBEXQBD@Z 10001390 f i plugin_test1.obj
 0001:000003d0       ??_GIRoot@core@UModSys@@UAEPAXI@Z 100013d0 f i plugin_test1.obj
 0001:000003d0       ??_EIRoot@core@UModSys@@UAEPAXI@Z 100013d0 f i  CIL library: CIL module
 0001:000003f0       ?root_get_interface_info@RTest1_Shell@test1@test@modules@UModSys@@UBEABUSUniquePointerInfo@core@5@XZ 100013f0 f i plugin_test1.obj
 0001:00000400       ?root_get_interface_type@RTest1_Shell@test1@test@modules@UModSys@@UBEPBUSUniquePointerInfo@core@5@XZ 10001400 f i plugin_test1.obj
 0001:00000410       ?root_get_other_interface@RTest1_Shell@test1@test@modules@UModSys@@UBEPBUIRoot@core@5@PBUSUniquePointerInfo@75@@Z 10001410 f i plugin_test1.obj
 0001:00000410       ?root_get_other_interface@RTest1_Shell@test1@test@modules@UModSys@@UAEPAUIRoot@core@5@PBUSUniquePointerInfo@75@@Z 10001410 f i plugin_test1.obj
 0001:00000440       ?root_is_interface_supported@RTest1_Shell@test1@test@modules@UModSys@@UBE_NPBUSUniquePointerInfo@core@5@@Z 10001440 f i plugin_test1.obj
 0001:00000480       ?ref_add@RTest1_Shell@test1@test@modules@UModSys@@UBEXXZ 10001480 f i plugin_test1.obj
 0001:00000490       ?ref_remove@RTest1_Shell@test1@test@modules@UModSys@@UBEXXZ 10001490 f i plugin_test1.obj
 0001:000004a0       ?ref_links@RTest1_Shell@test1@test@modules@UModSys@@UBEHXZ 100014a0 f i plugin_test1.obj
 0001:000004b0       ?ref_weak@RTest1_Shell@test1@test@modules@UModSys@@UBE_NAAUWeakPointer@IRefObject@core@5@@Z 100014b0 f i plugin_test1.obj
 0001:000004d0       ?suicide@RTest1_Shell@test1@test@modules@UModSys@@UAEXXZ 100014d0 f i plugin_test1.obj
 0001:000004e0       ??0RTest1_Shell@test1@test@modules@UModSys@@QAE@PAUIModObject@base@4@@Z 100014e0 f i plugin_test1.obj
 0001:00000620       ??1RTest1_Shell@test1@test@modules@UModSys@@UAE@XZ 10001620 f i plugin_test1.obj
 0001:000006d0       ?connect@RTest1_Shell@test1@test@modules@UModSys@@UAE_NXZ 100016d0 f i plugin_test1.obj
 0001:000006f0       ?disconnect@RTest1_Shell@test1@test@modules@UModSys@@UAE_NXZ 100016f0 f i plugin_test1.obj
 0001:00000710       ?process_tick@RTest1_Shell@test1@test@modules@UModSys@@UAE_NABUSTimeMsec@core@5@@Z 10001710 f i plugin_test1.obj
 0001:00000740       ?process_command@RTest1_Shell@test1@test@modules@UModSys@@UAE_NHQBU?$TString@U?$TSCoreConst@D@su@tl@UModSys@@U?$TComparerBinaryHash@D@234@@tl@5@@Z 10001740 f i plugin_test1.obj
 0001:00000770       ??_GRTest1_Shell@test1@test@modules@UModSys@@UAEPAXI@Z 10001770 f i plugin_test1.obj
 0001:00000770       ??_ERTest1_Shell@test1@test@modules@UModSys@@UAEPAXI@Z 10001770 f i  CIL library: CIL module
 0001:00000790       ?get_generated_names@RGenerator@test1@test@modules@UModSys@@UBEHAAUSUniquePtrList@core@5@@Z 10001790 f i plugin_test1.obj
 0001:000007b0       ?get_generated_types@RGenerator@test1@test@modules@UModSys@@UBEHAAUSUniquePtrList@core@5@PBUSUniquePointerInfo@75@@Z 100017b0 f i plugin_test1.obj
 0001:00000800       ?generate@RGenerator@test1@test@modules@UModSys@@UAE_NAAU?$TRefObject@UIRefObject@core@UModSys@@U?$TRefObjectFunc@UIRefObject@core@UModSys@@@tl@3@@tl@5@PBUSUniquePointerInfo@core@5@ABUSParameters@95@@Z 10001800 f i plugin_test1.obj
 0001:000008c0       ?root_get_interface_info@RGenerator@test1@test@modules@UModSys@@UBEABUSUniquePointerInfo@core@5@XZ 100018c0 f i plugin_test1.obj
 0001:000008d0       ?root_get_interface_type@RGenerator@test1@test@modules@UModSys@@UBEPBUSUniquePointerInfo@core@5@XZ 100018d0 f i plugin_test1.obj
 0001:000008e0       ?root_get_other_interface@RGenerator@test1@test@modules@UModSys@@UAEPAUIRoot@core@5@PBUSUniquePointerInfo@75@@Z 100018e0 f i plugin_test1.obj
 0001:000008e0       ?root_get_other_interface@RGenerator@test1@test@modules@UModSys@@UBEPBUIRoot@core@5@PBUSUniquePointerInfo@75@@Z 100018e0 f i plugin_test1.obj
 0001:00000920       ?root_is_interface_supported@RGenerator@test1@test@modules@UModSys@@UBE_NPBUSUniquePointerInfo@core@5@@Z 10001920 f i plugin_test1.obj
 0001:00000960       ?ref_links@RGenerator@frames@ui@modules@UModSys@@UBEHXZ 10001960 f i umodsys_lib_libui:umodsys.mod.ui.frames.obj
 0001:00000960       ?ref_links@RGenerator@stdlib@lib2d@modules@UModSys@@UBEHXZ 10001960 f i umodsys_lib_lib2d:umodsys.mod.2d.stdlib.obj
 0001:00000960       ?ref_links@RImage_Memory@stdlib@lib2d@modules@UModSys@@UBEHXZ 10001960 f i umodsys_lib_lib2d:umodsys.mod.2d.stdlib.obj
 0001:00000960       ?ref_links@RKeyboardController@SDL_core@ui@modules@UModSys@@UBEHXZ 10001960 f i umodsys_lib_libui:umodsys.mod.ui.SDL_core.obj
 0001:00000960       ?ref_links@RGenerator@serialize_json@media@modules@UModSys@@UBEHXZ 10001960 f i umodsys_lib_libmedia:umodsys.mod.media.serialize_json.obj
 0001:00000960       ?ref_links@RMouseController@SDL_core@ui@modules@UModSys@@UBEHXZ 10001960 f i umodsys_lib_libui:umodsys.mod.ui.SDL_core.obj
 0001:00000960       ?ref_links@RTerminal@SDL_core@ui@modules@UModSys@@UBEHXZ 10001960 f i umodsys_lib_libui:umodsys.mod.ui.SDL_core.obj
 0001:00000960       ?ref_links@RGenerator@SDL_core@ui@modules@UModSys@@UBEHXZ 10001960 f i umodsys_lib_libui:umodsys.mod.ui.SDL_core.obj
 0001:00000960       ?ref_links@RDialog@frames@ui@modules@UModSys@@UBEHXZ 10001960 f i umodsys_lib_libui:umodsys.mod.ui.frames.obj
 0001:00000960       ?ref_links@RGenerator@test1@test@modules@UModSys@@UBEHXZ 10001960 f i plugin_test1.obj
 0001:00000960       ?ref_links@RSerializeReader@serialize_json@media@modules@UModSys@@UBEHXZ 10001960 f i umodsys_lib_libmedia:umodsys.mod.media.serialize_json.obj
 0001:00000960       ?ref_links@RMultiImage2D_SDL_ttf@SDL_core@ui@modules@UModSys@@UBEHXZ 10001960 f i umodsys_lib_libui:umodsys.mod.ui.SDL_core.obj
 0001:00000960       ?ref_links@RGenerator@images_std@media@modules@UModSys@@UBEHXZ 10001960 f i umodsys_lib_libmedia:umodsys.mod.media.images_std.obj
 0001:00000960       ?ref_links@RRenderDriver2D@SDL_core@ui@modules@UModSys@@UBEHXZ 10001960 f i umodsys_lib_libui:umodsys.mod.ui.SDL_core.obj
 0001:00000970       ?get_uid@RGenerator@test1@test@modules@UModSys@@UBEPBUSUniquePointerInfo@core@5@XZ 10001970 f i plugin_test1.obj
 0001:00000980       ?do_open@RModuleReg@test1@test@modules@UModSys@@UAE_NXZ 10001980 f i plugin_test1.obj
 0001:000009b0       ?do_close@RModuleReg@test1@test@modules@UModSys@@UAE_NXZ 100019b0 f i plugin_test1.obj
 0001:000009e0       ??_GRModuleReg@test1@test@modules@UModSys@@UAEPAXI@Z 100019e0 f i plugin_test1.obj
 0001:000009e0       ??_ERModuleReg@test1@test@modules@UModSys@@UAEPAXI@Z 100019e0 f i  CIL library: CIL module
 0001:00000a10       ??0?$TString@U?$TSCoreConst@D@su@tl@UModSys@@U?$TComparerBinaryHash@D@234@@tl@UModSys@@QAE@PBD@Z 10001a10 f i plugin_test1.obj
 0001:00000a60       ??8?$TString@U?$TSCoreConst@D@su@tl@UModSys@@U?$TComparerBinaryHash@D@234@@tl@UModSys@@QBE_NPBD@Z 10001a60 f i plugin_test1.obj
 0001:00000a90       ?info_new@?$TSCoreShared@USIMemAlloc@core@UModSys@@D@su@tl@UModSys@@QAE_NPBDI@Z 10001a90 f i plugin_test1.obj
 0001:00000b20       ??$generate_type@UIImage@lib2d@UModSys@@@RTest1_Shell@test1@test@modules@UModSys@@QAE?AU?$TRefObject@UIImage@lib2d@UModSys@@U?$TRefObjectFunc@UIImage@lib2d@UModSys@@@tl@3@@tl@4@ABU?$TString@U?$TSCoreConst@D@su@tl@UModSys@@U?$TComparerBinaryHash@D@234@@64@ABUSParameters@core@4@PBD@Z 10001b20 f i plugin_test1.obj
 0001:00000c70       ??$generate_type@UIBinArchive@libmedia@UModSys@@@RTest1_Shell@test1@test@modules@UModSys@@QAE?AU?$TRefObject@UIBinArchive@libmedia@UModSys@@U?$TRefObjectFunc@UIBinArchive@libmedia@UModSys@@@tl@3@@tl@4@ABU?$TString@U?$TSCoreConst@D@su@tl@UModSys@@U?$TComparerBinaryHash@D@234@@64@ABUSParameters@core@4@PBD@Z 10001c70 f i plugin_test1.obj
 0001:00000dc0       ??$generate_type@UIBinObjFilter@libmedia@UModSys@@@RTest1_Shell@test1@test@modules@UModSys@@QAE?AU?$TRefObject@UIBinObjFilter@libmedia@UModSys@@U?$TRefObjectFunc@UIBinObjFilter@libmedia@UModSys@@@tl@3@@tl@4@ABU?$TString@U?$TSCoreConst@D@su@tl@UModSys@@U?$TComparerBinaryHash@D@234@@64@ABUSParameters@core@4@PBD@Z 10001dc0 f i plugin_test1.obj
 0001:00000f20       ??$generate_type@UILibraryBinTree@libmedia@UModSys@@@RTest1_Shell@test1@test@modules@UModSys@@QAE?AU?$TRefObject@UILibraryBinTree@libmedia@UModSys@@U?$TRefObjectFunc@UILibraryBinTree@libmedia@UModSys@@@tl@3@@tl@4@ABU?$TString@U?$TSCoreConst@D@su@tl@UModSys@@U?$TComparerBinaryHash@D@234@@64@ABUSParameters@core@4@PBD@Z 10001f20 f i plugin_test1.obj
 0001:00001070       ??$generate_type@UILibraryObjFilter@libmedia@UModSys@@@RTest1_Shell@test1@test@modules@UModSys@@QAE?AU?$TRefObject@UILibraryObjFilter@libmedia@UModSys@@U?$TRefObjectFunc@UILibraryObjFilter@libmedia@UModSys@@@tl@3@@tl@4@ABU?$TString@U?$TSCoreConst@D@su@tl@UModSys@@U?$TComparerBinaryHash@D@234@@64@ABUSParameters@core@4@PBD@Z 10002070 f i plugin_test1.obj
 0001:000011c0       ??$generate_type@UILibraryLayered@libmedia@UModSys@@@RTest1_Shell@test1@test@modules@UModSys@@QAE?AU?$TRefObject@UILibraryLayered@libmedia@UModSys@@U?$TRefObjectFunc@UILibraryLayered@libmedia@UModSys@@@tl@3@@tl@4@ABU?$TString@U?$TSCoreConst@D@su@tl@UModSys@@U?$TComparerBinaryHash@D@234@@64@ABUSParameters@core@4@PBD@Z 100021c0 f i plugin_test1.obj
 0001:00001310       ??$generate_type@UILibraryObjCache@libmedia@UModSys@@@RTest1_Shell@test1@test@modules@UModSys@@QAE?AU?$TRefObject@UILibraryObjCache@libmedia@UModSys@@U?$TRefObjectFunc@UILibraryObjCache@libmedia@UModSys@@@tl@3@@tl@4@ABU?$TString@U?$TSCoreConst@D@su@tl@UModSys@@U?$TComparerBinaryHash@D@234@@64@ABUSParameters@core@4@PBD@Z 10002310 f i plugin_test1.obj
 0001:00001460       ??$generate_type@UILibraryBinCache@libmedia@UModSys@@@RTest1_Shell@test1@test@modules@UModSys@@QAE?AU?$TRefObject@UILibraryBinCache@libmedia@UModSys@@U?$TRefObjectFunc@UILibraryBinCache@libmedia@UModSys@@@tl@3@@tl@4@ABU?$TString@U?$TSCoreConst@D@su@tl@UModSys@@U?$TComparerBinaryHash@D@234@@64@ABUSParameters@core@4@PBD@Z 10002460 f i plugin_test1.obj
 0001:000015b0       ??$generate_type@UISerializeWriter@libmedia@UModSys@@@RTest1_Shell@test1@test@modules@UModSys@@QAE?AU?$TRefObject@UISerializeWriter@libmedia@UModSys@@U?$TRefObjectFunc@UISerializeWriter@libmedia@UModSys@@@tl@3@@tl@4@ABU?$TString@U?$TSCoreConst@D@su@tl@UModSys@@U?$TComparerBinaryHash@D@234@@64@ABUSParameters@core@4@PBD@Z 100025b0 f i plugin_test1.obj
 0001:00001700       ??$shash@D@su@tl@UModSys@@YAHPBDI@Z 10002700 f i plugin_test1.obj
 0001:00001730       ??1?$TRefObject@UIModObject@base@UModSys@@U?$TModObjectFunc@UIModObject@base@UModSys@@@tl@3@@tl@UModSys@@QAE@XZ 10002730 f i plugin_test1.obj
 0001:00001750       ??$t_ref_get_other_interface@UIStreamWriter@libmedia@UModSys@@U?$TRefObjectFunc@UIStreamWriter@libmedia@UModSys@@@tl@3@@IRefObject@core@UModSys@@QAE_NAAU?$TRefObject@UIStreamWriter@libmedia@UModSys@@U?$TRefObjectFunc@UIStreamWriter@libmedia@UModSys@@@tl@3@@tl@2@@Z 10002750 f i plugin_test1.obj
 0001:00001790       ??$t_ref_get_other_interface@UIMultiImage@lib2d@UModSys@@U?$TRefObjectFunc@UIMultiImage@lib2d@UModSys@@@tl@3@@IRefObject@core@UModSys@@QAE_NAAU?$TRefObject@UIMultiImage@lib2d@UModSys@@U?$TRefObjectFunc@UIMultiImage@lib2d@UModSys@@@tl@3@@tl@2@@Z 10002790 f i plugin_test1.obj
 0001:000017d0       ??$t_generate@UIImage@lib2d@UModSys@@@SModuleContext@base@UModSys@@QAE_NAAU?$TRefObject@UIImage@lib2d@UModSys@@U?$TRefObjectFunc@UIImage@lib2d@UModSys@@@tl@3@@tl@2@PBUSUniquePointerInfo@core@2@ABUSParameters@62@@Z 100027d0 f i plugin_test1.obj
 0001:00001880       ??$t_generate@UIBinArchive@libmedia@UModSys@@@SModuleContext@base@UModSys@@QAE_NAAU?$TRefObject@UIBinArchive@libmedia@UModSys@@U?$TRefObjectFunc@UIBinArchive@libmedia@UModSys@@@tl@3@@tl@2@PBUSUniquePointerInfo@core@2@ABUSParameters@62@@Z 10002880 f i plugin_test1.obj
 0001:00001930       ??$t_generate@UIBinObjFilter@libmedia@UModSys@@@SModuleContext@base@UModSys@@QAE_NAAU?$TRefObject@UIBinObjFilter@libmedia@UModSys@@U?$TRefObjectFunc@UIBinObjFilter@libmedia@UModSys@@@tl@3@@tl@2@PBUSUniquePointerInfo@core@2@ABUSParameters@62@@Z 10002930 f i plugin_test1.obj
 0001:000019e0       ??$t_generate@UILibraryBinTree@libmedia@UModSys@@@SModuleContext@base@UModSys@@QAE_NAAU?$TRefObject@UILibraryBinTree@libmedia@UModSys@@U?$TRefObjectFunc@UILibraryBinTree@libmedia@UModSys@@@tl@3@@tl@2@PBUSUniquePointerInfo@core@2@ABUSParameters@62@@Z 100029e0 f i plugin_test1.obj
 0001:00001a90       ??$t_generate@UILibraryObjFilter@libmedia@UModSys@@@SModuleContext@base@UModSys@@QAE_NAAU?$TRefObject@UILibraryObjFilter@libmedia@UModSys@@U?$TRefObjectFunc@UILibraryObjFilter@libmedia@UModSys@@@tl@3@@tl@2@PBUSUniquePointerInfo@core@2@ABUSParameters@62@@Z 10002a90 f i plugin_test1.obj
 0001:00001b40       ??$t_generate@UILibraryLayered@libmedia@UModSys@@@SModuleContext@base@UModSys@@QAE_NAAU?$TRefObject@UILibraryLayered@libmedia@UModSys@@U?$TRefObjectFunc@UILibraryLayered@libmedia@UModSys@@@tl@3@@tl@2@PBUSUniquePointerInfo@core@2@ABUSParameters@62@@Z 10002b40 f i plugin_test1.obj
 0001:00001bf0       ??$t_generate@UILibraryObjCache@libmedia@UModSys@@@SModuleContext@base@UModSys@@QAE_NAAU?$TRefObject@UILibraryObjCache@libmedia@UModSys@@U?$TRefObjectFunc@UILibraryObjCache@libmedia@UModSys@@@tl@3@@tl@2@PBUSUniquePointerInfo@core@2@ABUSParameters@62@@Z 10002bf0 f i plugin_test1.obj
 0001:00001ca0       ??$t_generate@UILibraryBinCache@libmedia@UModSys@@@SModuleContext@base@UModSys@@QAE_NAAU?$TRefObject@UILibraryBinCache@libmedia@UModSys@@U?$TRefObjectFunc@UILibraryBinCache@libmedia@UModSys@@@tl@3@@tl@2@PBUSUniquePointerInfo@core@2@ABUSParameters@62@@Z 10002ca0 f i plugin_test1.obj
 0001:00001d50       ??$t_generate@UISerializeWriter@libmedia@UModSys@@@SModuleContext@base@UModSys@@QAE_NAAU?$TRefObject@UISerializeWriter@libmedia@UModSys@@U?$TRefObjectFunc@UISerializeWriter@libmedia@UModSys@@@tl@3@@tl@2@PBUSUniquePointerInfo@core@2@ABUSParameters@62@@Z 10002d50 f i plugin_test1.obj
 0001:00001e00       ??$t_ref_get_other_interface@UIImage@lib2d@UModSys@@U?$TRefObjectFunc@UIImage@lib2d@UModSys@@@tl@3@@IRefObject@core@UModSys@@QAE_NAAU?$TRefObject@UIImage@lib2d@UModSys@@U?$TRefObjectFunc@UIImage@lib2d@UModSys@@@tl@3@@tl@2@@Z 10002e00 f i plugin_test1.obj
 0001:00001e40       ??$t_ref_get_other_interface@UIBinArchive@libmedia@UModSys@@U?$TRefObjectFunc@UIBinArchive@libmedia@UModSys@@@tl@3@@IRefObject@core@UModSys@@QAE_NAAU?$TRefObject@UIBinArchive@libmedia@UModSys@@U?$TRefObjectFunc@UIBinArchive@libmedia@UModSys@@@tl@3@@tl@2@@Z 10002e40 f i plugin_test1.obj
 0001:00001e80       ??$t_ref_get_other_interface@UIBinObjFilter@libmedia@UModSys@@U?$TRefObjectFunc@UIBinObjFilter@libmedia@UModSys@@@tl@3@@IRefObject@core@UModSys@@QAE_NAAU?$TRefObject@UIBinObjFilter@libmedia@UModSys@@U?$TRefObjectFunc@UIBinObjFilter@libmedia@UModSys@@@tl@3@@tl@2@@Z 10002e80 f i plugin_test1.obj
 0001:00001ec0       ??$t_ref_get_other_interface@UILibraryBinTree@libmedia@UModSys@@U?$TRefObjectFunc@UILibraryBinTree@libmedia@UModSys@@@tl@3@@IRefObject@core@UModSys@@QAE_NAAU?$TRefObject@UILibraryBinTree@libmedia@UModSys@@U?$TRefObjectFunc@UILibraryBinTree@libmedia@UModSys@@@tl@3@@tl@2@@Z 10002ec0 f i plugin_test1.obj
 0001:00001f00       ??$t_ref_get_other_interface@UILibraryObjFilter@libmedia@UModSys@@U?$TRefObjectFunc@UILibraryObjFilter@libmedia@UModSys@@@tl@3@@IRefObject@core@UModSys@@QAE_NAAU?$TRefObject@UILibraryObjFilter@libmedia@UModSys@@U?$TRefObjectFunc@UILibraryObjFilter@libmedia@UModSys@@@tl@3@@tl@2@@Z 10002f00 f i plugin_test1.obj
 0001:00001f40       ??$t_ref_get_other_interface@UILibraryLayered@libmedia@UModSys@@U?$TRefObjectFunc@UILibraryLayered@libmedia@UModSys@@@tl@3@@IRefObject@core@UModSys@@QAE_NAAU?$TRefObject@UILibraryLayered@libmedia@UModSys@@U?$TRefObjectFunc@UILibraryLayered@libmedia@UModSys@@@tl@3@@tl@2@@Z 10002f40 f i plugin_test1.obj
 0001:00001f80       ??$t_ref_get_other_interface@UILibraryObjCache@libmedia@UModSys@@U?$TRefObjectFunc@UILibraryObjCache@libmedia@UModSys@@@tl@3@@IRefObject@core@UModSys@@QAE_NAAU?$TRefObject@UILibraryObjCache@libmedia@UModSys@@U?$TRefObjectFunc@UILibraryObjCache@libmedia@UModSys@@@tl@3@@tl@2@@Z 10002f80 f i plugin_test1.obj
 0001:00001fc0       ??$t_ref_get_other_interface@UILibraryBinCache@libmedia@UModSys@@U?$TRefObjectFunc@UILibraryBinCache@libmedia@UModSys@@@tl@3@@IRefObject@core@UModSys@@QAE_NAAU?$TRefObject@UILibraryBinCache@libmedia@UModSys@@U?$TRefObjectFunc@UILibraryBinCache@libmedia@UModSys@@@tl@3@@tl@2@@Z 10002fc0 f i plugin_test1.obj
 0001:00002000       ??$t_ref_get_other_interface@UISerializeWriter@libmedia@UModSys@@U?$TRefObjectFunc@UISerializeWriter@libmedia@UModSys@@@tl@3@@IRefObject@core@UModSys@@QAE_NAAU?$TRefObject@UISerializeWriter@libmedia@UModSys@@U?$TRefObjectFunc@UISerializeWriter@libmedia@UModSys@@@tl@3@@tl@2@@Z 10003000 f i plugin_test1.obj
 0001:00002040       ?alloc@SMemShared@core@UModSys@@QAE_NIPAUSSourceContext@23@@Z 10003040 f i umodsys_lib_lib2d:umodsys.mod.2d.stdlib.obj
 0001:00002080       ?get@SMemShared@core@UModSys@@QBE?AUSMem@23@XZ 10003080 f i umodsys_lib_libmedia:umodsys.mod.media.images_std.obj
 0001:00002080       ??BSMemShared@core@UModSys@@QBE?AUSMem@12@XZ 10003080 f i umodsys_lib_lib2d:umodsys.mod.2d.stdlib.obj
 0001:000020d0       ?ConvertSameSize@stdlib@lib2d@modules@UModSys@@YA_NW4eImageType@24@ABU?$TVector2@H@math3d@4@11ABUSMem@core@4@11ABUSCMem@94@@Z 100030d0 f i umodsys_lib_lib2d:umodsys.mod.2d.stdlib.obj
 0001:00002160       ?ConvertSame@stdlib@lib2d@modules@UModSys@@YA_NW4eImageType@24@ABU?$TBoundBox2@H@math3d@4@ABU?$TVector2@H@74@ABUSMem@core@4@12ABUSCMem@core@4@@Z 10003160 f i umodsys_lib_lib2d:umodsys.mod.2d.stdlib.obj
 0001:000021e0       ?Convert@stdlib@lib2d@modules@UModSys@@YA_NABU?$TBoundBox2@H@math3d@4@ABUSImageInfo@24@ABUSMem@core@4@01ABUSCMem@94@@Z 100031e0 f i umodsys_lib_lib2d:umodsys.mod.2d.stdlib.obj
 0001:00002250       ?root_get_interface_info@RImage_Memory@stdlib@lib2d@modules@UModSys@@UBEABUSUniquePointerInfo@core@5@XZ 10003250 f i umodsys_lib_lib2d:umodsys.mod.2d.stdlib.obj
 0001:00002260       ?root_get_interface_type@RImage_Memory@stdlib@lib2d@modules@UModSys@@UBEPBUSUniquePointerInfo@core@5@XZ 10003260 f i umodsys_lib_lib2d:umodsys.mod.2d.stdlib.obj
 0001:00002270       ?root_get_other_interface@RImage_Memory@stdlib@lib2d@modules@UModSys@@UBEPBUIRoot@core@5@PBUSUniquePointerInfo@75@@Z 10003270 f i umodsys_lib_lib2d:umodsys.mod.2d.stdlib.obj
 0001:00002270       ?root_get_other_interface@RImage_Memory@stdlib@lib2d@modules@UModSys@@UAEPAUIRoot@core@5@PBUSUniquePointerInfo@75@@Z 10003270 f i umodsys_lib_lib2d:umodsys.mod.2d.stdlib.obj
 0001:000022a0       ?root_is_interface_supported@RImage_Memory@stdlib@lib2d@modules@UModSys@@UBE_NPBUSUniquePointerInfo@core@5@@Z 100032a0 f i umodsys_lib_lib2d:umodsys.mod.2d.stdlib.obj
 0001:000022e0       ?suicide@RSerializeReader@serialize_json@media@modules@UModSys@@UAEXXZ 100032e0 f i umodsys_lib_libmedia:umodsys.mod.media.serialize_json.obj
 0001:000022e0       ?suicide@RImage_Memory@stdlib@lib2d@modules@UModSys@@UAEXXZ 100032e0 f i umodsys_lib_lib2d:umodsys.mod.2d.stdlib.obj
 0001:000022e0       ?suicide@RTerminal@SDL_core@ui@modules@UModSys@@UAEXXZ 100032e0 f i umodsys_lib_libui:umodsys.mod.ui.SDL_core.obj
 0001:000022f0       ?set_info@RImage_Memory@stdlib@lib2d@modules@UModSys@@UAE_NABUSImagePatchInfo@35@PBD@Z 100032f0 f i umodsys_lib_lib2d:umodsys.mod.2d.stdlib.obj
 0001:00002490       ?set_data@RImage_Memory@stdlib@lib2d@modules@UModSys@@UAE_NABUSImagePatchInfo@35@ABUSCMem@core@5@H@Z 10003490 f i umodsys_lib_lib2d:umodsys.mod.2d.stdlib.obj
 0001:00002540       ?get_info@RImage_Memory@stdlib@lib2d@modules@UModSys@@UBEABUSImageInfo@35@XZ 10003540 f i umodsys_lib_lib2d:umodsys.mod.2d.stdlib.obj
 0001:00002550       ?get_data@RImage_Memory@stdlib@lib2d@modules@UModSys@@UBE_NABUSImagePatchInfo@35@ABUSMem@core@5@H@Z 10003550 f i umodsys_lib_lib2d:umodsys.mod.2d.stdlib.obj
 0001:00002600       ?get_hwinfo@RImage_Memory@stdlib@lib2d@modules@UModSys@@UAEPAXPBUSUniquePointerInfo@core@5@@Z 10003600 f i umodsys_lib_lib2d:umodsys.mod.2d.stdlib.obj
 0001:00002600       ?get_hwcinfo@RImage_Memory@stdlib@lib2d@modules@UModSys@@UBEPBXPBUSUniquePointerInfo@core@5@@Z 10003600 f i umodsys_lib_lib2d:umodsys.mod.2d.stdlib.obj
 0001:00002600       ?get_layer@RMultiImage2D_SDL_ttf@SDL_core@ui@modules@UModSys@@UAEPAUIImage@lib2d@5@H@Z 10003600 f i umodsys_lib_libui:umodsys.mod.ui.SDL_core.obj
 0001:00002600       ?get_controller@RRenderDriver2D@SDL_core@ui@modules@UModSys@@UBEPAUIRefObject@core@5@PBUSUniquePointerInfo@75@@Z 10003600 f i umodsys_lib_libui:umodsys.mod.ui.SDL_core.obj
 0001:00002610       ??0RImage_Memory@stdlib@lib2d@modules@UModSys@@QAE@PAUIModObject@base@4@ABUSParameters@core@4@@Z 10003610 f i umodsys_lib_lib2d:umodsys.mod.2d.stdlib.obj
 0001:000026c0       ??4State@RImage_Memory@stdlib@lib2d@modules@UModSys@@QAEAAU012345@ABU012345@@Z 100036c0 f i umodsys_lib_lib2d:umodsys.mod.2d.stdlib.obj
 0001:00002770       ??_ERImage_Memory@stdlib@lib2d@modules@UModSys@@UAEPAXI@Z 10003770 f i  CIL library: CIL module
 0001:00002770       ??_GRImage_Memory@stdlib@lib2d@modules@UModSys@@UAEPAXI@Z 10003770 f i umodsys_lib_lib2d:umodsys.mod.2d.stdlib.obj
 0001:000027e0       ?get_generated_names@RGenerator@stdlib@lib2d@modules@UModSys@@UBEHAAUSUniquePtrList@core@5@@Z 100037e0 f i umodsys_lib_lib2d:umodsys.mod.2d.stdlib.obj
 0001:00002800       ?get_generated_types@RGenerator@stdlib@lib2d@modules@UModSys@@UBEHAAUSUniquePtrList@core@5@PBUSUniquePointerInfo@75@@Z 10003800 f i umodsys_lib_lib2d:umodsys.mod.2d.stdlib.obj
 0001:00002850       ?generate@RGenerator@stdlib@lib2d@modules@UModSys@@UAE_NAAU?$TRefObject@UIRefObject@core@UModSys@@U?$TRefObjectFunc@UIRefObject@core@UModSys@@@tl@3@@tl@5@PBUSUniquePointerInfo@core@5@ABUSParameters@95@@Z 10003850 f i umodsys_lib_lib2d:umodsys.mod.2d.stdlib.obj
 0001:00002880       ?root_get_interface_info@RGenerator@stdlib@lib2d@modules@UModSys@@UBEABUSUniquePointerInfo@core@5@XZ 10003880 f i umodsys_lib_lib2d:umodsys.mod.2d.stdlib.obj
 0001:00002890       ?root_get_interface_type@RGenerator@stdlib@lib2d@modules@UModSys@@UBEPBUSUniquePointerInfo@core@5@XZ 10003890 f i umodsys_lib_lib2d:umodsys.mod.2d.stdlib.obj
 0001:000028a0       ?root_get_other_interface@RGenerator@stdlib@lib2d@modules@UModSys@@UBEPBUIRoot@core@5@PBUSUniquePointerInfo@75@@Z 100038a0 f i umodsys_lib_lib2d:umodsys.mod.2d.stdlib.obj
 0001:000028a0       ?root_get_other_interface@RGenerator@stdlib@lib2d@modules@UModSys@@UAEPAUIRoot@core@5@PBUSUniquePointerInfo@75@@Z 100038a0 f i umodsys_lib_lib2d:umodsys.mod.2d.stdlib.obj
 0001:000028e0       ?root_is_interface_supported@RGenerator@stdlib@lib2d@modules@UModSys@@UBE_NPBUSUniquePointerInfo@core@5@@Z 100038e0 f i umodsys_lib_lib2d:umodsys.mod.2d.stdlib.obj
 0001:00002920       ?ref_add@RImage_Memory@stdlib@lib2d@modules@UModSys@@UBEXXZ 10003920 f i umodsys_lib_lib2d:umodsys.mod.2d.stdlib.obj
 0001:00002920       ?ref_add@RMouseController@SDL_core@ui@modules@UModSys@@UBEXXZ 10003920 f i umodsys_lib_libui:umodsys.mod.ui.SDL_core.obj
 0001:00002920       ?ref_add@RGenerator@images_std@media@modules@UModSys@@UBEXXZ 10003920 f i umodsys_lib_libmedia:umodsys.mod.media.images_std.obj
 0001:00002920       ?ref_add@RKeyboardController@SDL_core@ui@modules@UModSys@@UBEXXZ 10003920 f i umodsys_lib_libui:umodsys.mod.ui.SDL_core.obj
 0001:00002920       ?ref_add@RGenerator@test1@test@modules@UModSys@@UBEXXZ 10003920 f i plugin_test1.obj
 0001:00002920       ?ref_add@RGenerator@SDL_core@ui@modules@UModSys@@UBEXXZ 10003920 f i umodsys_lib_libui:umodsys.mod.ui.SDL_core.obj
 0001:00002920       ?ref_add@RMultiImage2D_SDL_ttf@SDL_core@ui@modules@UModSys@@UBEXXZ 10003920 f i umodsys_lib_libui:umodsys.mod.ui.SDL_core.obj
 0001:00002920       ?ref_add@RGenerator@stdlib@lib2d@modules@UModSys@@UBEXXZ 10003920 f i umodsys_lib_lib2d:umodsys.mod.2d.stdlib.obj
 0001:00002920       ?ref_add@RTerminal@SDL_core@ui@modules@UModSys@@UBEXXZ 10003920 f i umodsys_lib_libui:umodsys.mod.ui.SDL_core.obj
 0001:00002920       ?ref_add@RGenerator@serialize_json@media@modules@UModSys@@UBEXXZ 10003920 f i umodsys_lib_libmedia:umodsys.mod.media.serialize_json.obj
 0001:00002920       ?ref_add@RDialog@frames@ui@modules@UModSys@@UBEXXZ 10003920 f i umodsys_lib_libui:umodsys.mod.ui.frames.obj
 0001:00002920       ?ref_add@RRenderDriver2D@SDL_core@ui@modules@UModSys@@UBEXXZ 10003920 f i umodsys_lib_libui:umodsys.mod.ui.SDL_core.obj
 0001:00002920       ?ref_add@RSerializeReader@serialize_json@media@modules@UModSys@@UBEXXZ 10003920 f i umodsys_lib_libmedia:umodsys.mod.media.serialize_json.obj
 0001:00002920       ?ref_add@RGenerator@frames@ui@modules@UModSys@@UBEXXZ 10003920 f i umodsys_lib_libui:umodsys.mod.ui.frames.obj
 0001:00002930       ?ref_remove@RGenerator@frames@ui@modules@UModSys@@UBEXXZ 10003930 f i umodsys_lib_libui:umodsys.mod.ui.frames.obj
 0001:00002930       ?ref_remove@RGenerator@images_std@media@modules@UModSys@@UBEXXZ 10003930 f i umodsys_lib_libmedia:umodsys.mod.media.images_std.obj
 0001:00002930       ?ref_remove@RGenerator@test1@test@modules@UModSys@@UBEXXZ 10003930 f i plugin_test1.obj
 0001:00002930       ?ref_remove@RRenderDriver2D@SDL_core@ui@modules@UModSys@@UBEXXZ 10003930 f i umodsys_lib_libui:umodsys.mod.ui.SDL_core.obj
 0001:00002930       ?ref_remove@RKeyboardController@SDL_core@ui@modules@UModSys@@UBEXXZ 10003930 f i umodsys_lib_libui:umodsys.mod.ui.SDL_core.obj
 0001:00002930       ?ref_remove@RGenerator@SDL_core@ui@modules@UModSys@@UBEXXZ 10003930 f i umodsys_lib_libui:umodsys.mod.ui.SDL_core.obj
 0001:00002930       ?ref_remove@RGenerator@stdlib@lib2d@modules@UModSys@@UBEXXZ 10003930 f i umodsys_lib_lib2d:umodsys.mod.2d.stdlib.obj
 0001:00002930       ?ref_remove@RSerializeReader@serialize_json@media@modules@UModSys@@UBEXXZ 10003930 f i umodsys_lib_libmedia:umodsys.mod.media.serialize_json.obj
 0001:00002930       ?ref_remove@RTerminal@SDL_core@ui@modules@UModSys@@UBEXXZ 10003930 f i umodsys_lib_libui:umodsys.mod.ui.SDL_core.obj
 0001:00002930       ?ref_remove@RImage_Memory@stdlib@lib2d@modules@UModSys@@UBEXXZ 10003930 f i umodsys_lib_lib2d:umodsys.mod.2d.stdlib.obj
 0001:00002930       ?ref_remove@RMouseController@SDL_core@ui@modules@UModSys@@UBEXXZ 10003930 f i umodsys_lib_libui:umodsys.mod.ui.SDL_core.obj
 0001:00002930       ?ref_remove@RMultiImage2D_SDL_ttf@SDL_core@ui@modules@UModSys@@UBEXXZ 10003930 f i umodsys_lib_libui:umodsys.mod.ui.SDL_core.obj
 0001:00002930       ?ref_remove@RGenerator@serialize_json@media@modules@UModSys@@UBEXXZ 10003930 f i umodsys_lib_libmedia:umodsys.mod.media.serialize_json.obj
 0001:00002930       ?ref_remove@RDialog@frames@ui@modules@UModSys@@UBEXXZ 10003930 f i umodsys_lib_libui:umodsys.mod.ui.frames.obj
 0001:00002940       ?get_uid@RGenerator@stdlib@lib2d@modules@UModSys@@UBEPBUSUniquePointerInfo@core@5@XZ 10003940 f i umodsys_lib_lib2d:umodsys.mod.2d.stdlib.obj
 0001:00002950       ?do_open@RModuleReg@stdlib@lib2d@modules@UModSys@@UAE_NXZ 10003950 f i umodsys_lib_lib2d:umodsys.mod.2d.stdlib.obj
 0001:00002960       ?do_close@RModuleReg@stdlib@lib2d@modules@UModSys@@UAE_NXZ 10003960 f i umodsys_lib_lib2d:umodsys.mod.2d.stdlib.obj
 0001:00002970       ??_ERModuleReg@stdlib@lib2d@modules@UModSys@@UAEPAXI@Z 10003970 f i  CIL library: CIL module
 0001:00002970       ??_GRModuleReg@stdlib@lib2d@modules@UModSys@@UAEPAXI@Z 10003970 f i umodsys_lib_lib2d:umodsys.mod.2d.stdlib.obj
 0001:000029a0       ??_GIRefObject@core@UModSys@@UAEPAXI@Z 100039a0 f i plugin_test1.obj
 0001:000029a0       ??_GRGenerator@images_std@media@modules@UModSys@@UAEPAXI@Z 100039a0 f i umodsys_lib_libmedia:umodsys.mod.media.images_std.obj
 0001:000029a0       ??_ERGenerator@frames@ui@modules@UModSys@@UAEPAXI@Z 100039a0 f i  CIL library: CIL module
 0001:000029a0       ??_ERGenerator@images_std@media@modules@UModSys@@UAEPAXI@Z 100039a0 f i  CIL library: CIL module
 0001:000029a0       ??_ERGenerator@test1@test@modules@UModSys@@UAEPAXI@Z 100039a0 f i  CIL library: CIL module
 0001:000029a0       ??_GRGenerator@SDL_core@ui@modules@UModSys@@UAEPAXI@Z 100039a0 f i umodsys_lib_libui:umodsys.mod.ui.SDL_core.obj
 0001:000029a0       ??_GRGenerator@stdlib@lib2d@modules@UModSys@@UAEPAXI@Z 100039a0 f i umodsys_lib_lib2d:umodsys.mod.2d.stdlib.obj
 0001:000029a0       ??_ERGenerator@SDL_core@ui@modules@UModSys@@UAEPAXI@Z 100039a0 f i  CIL library: CIL module
 0001:000029a0       ??_ERGenerator@serialize_json@media@modules@UModSys@@UAEPAXI@Z 100039a0 f i  CIL library: CIL module
 0001:000029a0       ??_ERGenerator@stdlib@lib2d@modules@UModSys@@UAEPAXI@Z 100039a0 f i  CIL library: CIL module
 0001:000029a0       ??_EIRefObject@core@UModSys@@UAEPAXI@Z 100039a0 f i  CIL library: CIL module
 0001:000029a0       ??_GRGenerator@test1@test@modules@UModSys@@UAEPAXI@Z 100039a0 f i plugin_test1.obj
 0001:000029a0       ??_GRGenerator@serialize_json@media@modules@UModSys@@UAEPAXI@Z 100039a0 f i umodsys_lib_libmedia:umodsys.mod.media.serialize_json.obj
 0001:000029a0       ??_GRGenerator@frames@ui@modules@UModSys@@UAEPAXI@Z 100039a0 f i umodsys_lib_libui:umodsys.mod.ui.frames.obj
 0001:000029c0       ??$t_gen_param@URImage_Memory@stdlib@lib2d@modules@UModSys@@URGenerator@2345@@IGenerator@base@UModSys@@IAE_NPAURGenerator@stdlib@lib2d@modules@2@AAU?$TRefObject@UIRefObject@core@UModSys@@U?$TRefObjectFunc@UIRefObject@core@UModSys@@@tl@3@@tl@2@PBUSUniquePointerInfo@core@2@ABUSParameters@core@2@@Z 100039c0 f i umodsys_lib_lib2d:umodsys.mod.2d.stdlib.obj
 0001:00002a30       ??$ValidateConstruction@UIRefObject@core@UModSys@@URSerializeReader@serialize_json@media@modules@3@@core@UModSys@@YA_NAAU?$TRefObject@UIRefObject@core@UModSys@@U?$TRefObjectFunc@UIRefObject@core@UModSys@@@tl@3@@tl@1@PAURSerializeReader@serialize_json@media@modules@1@@Z 10003a30 f i umodsys_lib_libmedia:umodsys.mod.media.serialize_json.obj
 0001:00002a30       ??$ValidateConstruction@UIRefObject@core@UModSys@@URMediaFilter@images_std@media@modules@3@@core@UModSys@@YA_NAAU?$TRefObject@UIRefObject@core@UModSys@@U?$TRefObjectFunc@UIRefObject@core@UModSys@@@tl@3@@tl@1@PAURMediaFilter@images_std@media@modules@1@@Z 10003a30 f i umodsys_lib_libmedia:umodsys.mod.media.images_std.obj
 0001:00002a30       ??$ValidateConstruction@UIRefObject@core@UModSys@@URTerminal@SDL_core@ui@modules@3@@core@UModSys@@YA_NAAU?$TRefObject@UIRefObject@core@UModSys@@U?$TRefObjectFunc@UIRefObject@core@UModSys@@@tl@3@@tl@1@PAURTerminal@SDL_core@ui@modules@1@@Z 10003a30 f i umodsys_lib_libui:umodsys.mod.ui.SDL_core.obj
 0001:00002a30       ??$ValidateConstruction@UIRefObject@core@UModSys@@URImage_Memory@stdlib@lib2d@modules@3@@core@UModSys@@YA_NAAU?$TRefObject@UIRefObject@core@UModSys@@U?$TRefObjectFunc@UIRefObject@core@UModSys@@@tl@3@@tl@1@PAURImage_Memory@stdlib@lib2d@modules@1@@Z 10003a30 f i umodsys_lib_lib2d:umodsys.mod.2d.stdlib.obj
 0001:00002ab0       ?utf_8to32@su@tl@UModSys@@YA_NAAHAAPBDAAI@Z 10003ab0 f i umodsys_lib_libui:umodsys.mod.ui.SDL_core.obj
 0001:00002b80       ?root_get_interface_info@RMultiImage2D_SDL_ttf@SDL_core@ui@modules@UModSys@@UBEABUSUniquePointerInfo@core@5@XZ 10003b80 f i umodsys_lib_libui:umodsys.mod.ui.SDL_core.obj
 0001:00002b90       ?root_get_interface_type@RMultiImage2D_SDL_ttf@SDL_core@ui@modules@UModSys@@UBEPBUSUniquePointerInfo@core@5@XZ 10003b90 f i umodsys_lib_libui:umodsys.mod.ui.SDL_core.obj
 0001:00002ba0       ?root_get_other_interface@RMultiImage2D_SDL_ttf@SDL_core@ui@modules@UModSys@@UBEPBUIRoot@core@5@PBUSUniquePointerInfo@75@@Z 10003ba0 f i umodsys_lib_libui:umodsys.mod.ui.SDL_core.obj
 0001:00002ba0       ?root_get_other_interface@RMultiImage2D_SDL_ttf@SDL_core@ui@modules@UModSys@@UAEPAUIRoot@core@5@PBUSUniquePointerInfo@75@@Z 10003ba0 f i umodsys_lib_libui:umodsys.mod.ui.SDL_core.obj
 0001:00002bd0       ?root_is_interface_supported@RMultiImage2D_SDL_ttf@SDL_core@ui@modules@UModSys@@UBE_NPBUSUniquePointerInfo@core@5@@Z 10003bd0 f i umodsys_lib_libui:umodsys.mod.ui.SDL_core.obj
 0001:00002c10       ??0RMultiImage2D_SDL_ttf@SDL_core@ui@modules@UModSys@@QAE@PAURRenderDriver2D@1234@ABUSParameters@core@4@@Z 10003c10 f i umodsys_lib_libui:umodsys.mod.ui.SDL_core.obj
 0001:00002c90       ??1RMultiImage2D_SDL_ttf@SDL_core@ui@modules@UModSys@@UAE@XZ 10003c90 f i umodsys_lib_libui:umodsys.mod.ui.SDL_core.obj
 0001:00002d10       ?open@RMultiImage2D_SDL_ttf@SDL_core@ui@modules@UModSys@@QAE_NABUSParameters@core@5@@Z 10003d10 f i umodsys_lib_libui:umodsys.mod.ui.SDL_core.obj
 0001:00002de0       ?generate_glyphs@RMultiImage2D_SDL_ttf@SDL_core@ui@modules@UModSys@@QAE_NXZ 10003de0 f i umodsys_lib_libui:umodsys.mod.ui.SDL_core.obj
 0001:00002ee0       ?get_max_cell_size@RMultiImage2D_SDL_ttf@SDL_core@ui@modules@UModSys@@UAE_NAAU?$TVector2@H@math3d@5@@Z 10003ee0 f i umodsys_lib_libui:umodsys.mod.ui.SDL_core.obj
 0001:00002ee0       ?set_layer_count@RMultiImage2D_SDL_ttf@SDL_core@ui@modules@UModSys@@UAE_NH@Z 10003ee0 f i umodsys_lib_libui:umodsys.mod.ui.SDL_core.obj
 0001:00002ee0       ?key_event@RFrame_Common@frames@ui@modules@UModSys@@MAE_NABUSKeyboardInputRaw@libui@5@@Z 10003ee0 f i umodsys_lib_libui:umodsys.mod.ui.frames.obj
 0001:00002ee0       ?reader_parse@RSerializeReader@serialize_json@media@modules@UModSys@@UAE_NPAUISerializeParser@libmedia@5@@Z 10003ee0 f i umodsys_lib_libmedia:umodsys.mod.media.serialize_json.obj
 0001:00002ee0       ?mouse_event@RFrame_Common@frames@ui@modules@UModSys@@MAE_NPBUSMouseInput@libui@5@@Z 10003ee0 f i umodsys_lib_libui:umodsys.mod.ui.frames.obj
 0001:00002ee0       ?set_insize@RFrame_Common@frames@ui@modules@UModSys@@UAE_NABU?$TVector2@H@math3d@5@@Z 10003ee0 f i umodsys_lib_libui:umodsys.mod.ui.frames.obj
 0001:00002ee0       ?mouse_setvisible@RMouseController@SDL_core@ui@modules@UModSys@@UAE_N_N@Z 10003ee0 f i umodsys_lib_libui:umodsys.mod.ui.SDL_core.obj
 0001:00002ee0       ?key_event@RFrame_Common@frames@ui@modules@UModSys@@MAE_NABUSKeyboardInputText@libui@5@@Z 10003ee0 f i umodsys_lib_libui:umodsys.mod.ui.frames.obj
 0001:00002ef0       ?get_cell_size@RMultiImage2D_SDL_ttf@SDL_core@ui@modules@UModSys@@UAE_NHAAU?$TVector2@H@math3d@5@PAU675@@Z 10003ef0 f i umodsys_lib_libui:umodsys.mod.ui.SDL_core.obj
 0001:00002ef0       ?set_var_cell@RMultiImage2D_SDL_ttf@SDL_core@ui@modules@UModSys@@UAE_NPBUSImageCellInfo@lib2d@5@HH@Z 10003ef0 f i umodsys_lib_libui:umodsys.mod.ui.SDL_core.obj
 0001:00002ef0       ?key_setmodifier@RKeyboardController@SDL_core@ui@modules@UModSys@@UAE_NHHH@Z 10003ef0 f i umodsys_lib_libui:umodsys.mod.ui.SDL_core.obj
 0001:00002ef0       ?put_key@RSerializeWriter@serialize_json@media@modules@UModSys@@UAE_NABU?$TString@U?$TSCoreConst@D@su@tl@UModSys@@U?$TComparerBinaryHash@D@234@@tl@5@ABUSSerializeValue@libmedia@5@H@Z 10003ef0 f i umodsys_lib_libmedia:umodsys.mod.media.serialize_json.obj
 0001:00002f00       ?mouse_setposition@RMouseController@SDL_core@ui@modules@UModSys@@UAE_NHH@Z 10003f00 f i umodsys_lib_libui:umodsys.mod.ui.SDL_core.obj
 0001:00002f00       ?set_hint@RMultiImage2D_SDL_ttf@SDL_core@ui@modules@UModSys@@UAE_NPBD0@Z 10003f00 f i umodsys_lib_libui:umodsys.mod.ui.SDL_core.obj
 0001:00002f00       ?set_fixed_cell@RMultiImage2D_SDL_ttf@SDL_core@ui@modules@UModSys@@UAE_NHH@Z 10003f00 f i umodsys_lib_libui:umodsys.mod.ui.SDL_core.obj
 0001:00002f00       ?set_parameters@RRenderDriver2D@SDL_core@ui@modules@UModSys@@UAE_NPBDABUSParameters@core@5@@Z 10003f00 f i umodsys_lib_libui:umodsys.mod.ui.SDL_core.obj
 0001:00002f00       ?key_setrepeat@RKeyboardController@SDL_core@ui@modules@UModSys@@UAE_NMM@Z 10003f00 f i umodsys_lib_libui:umodsys.mod.ui.SDL_core.obj
 0001:00002f10       ??_GRMultiImage2D_SDL_ttf@SDL_core@ui@modules@UModSys@@UAEPAXI@Z 10003f10 f i umodsys_lib_libui:umodsys.mod.ui.SDL_core.obj
 0001:00002f10       ??_ERMultiImage2D_SDL_ttf@SDL_core@ui@modules@UModSys@@UAEPAXI@Z 10003f10 f i  CIL library: CIL module
 0001:00002f30       ?root_get_interface_info@RRenderDriver2D@SDL_core@ui@modules@UModSys@@UBEABUSUniquePointerInfo@core@5@XZ 10003f30 f i umodsys_lib_libui:umodsys.mod.ui.SDL_core.obj
 0001:00002f40       ?root_get_interface_type@RRenderDriver2D@SDL_core@ui@modules@UModSys@@UBEPBUSUniquePointerInfo@core@5@XZ 10003f40 f i umodsys_lib_libui:umodsys.mod.ui.SDL_core.obj
 0001:00002f50       ?root_get_other_interface@RRenderDriver2D@SDL_core@ui@modules@UModSys@@UBEPBUIRoot@core@5@PBUSUniquePointerInfo@75@@Z 10003f50 f i umodsys_lib_libui:umodsys.mod.ui.SDL_core.obj
 0001:00002f50       ?root_get_other_interface@RRenderDriver2D@SDL_core@ui@modules@UModSys@@UAEPAUIRoot@core@5@PBUSUniquePointerInfo@75@@Z 10003f50 f i umodsys_lib_libui:umodsys.mod.ui.SDL_core.obj
 0001:00002f80       ?root_is_interface_supported@RRenderDriver2D@SDL_core@ui@modules@UModSys@@UBE_NPBUSUniquePointerInfo@core@5@@Z 10003f80 f i umodsys_lib_libui:umodsys.mod.ui.SDL_core.obj
 0001:00002fc0       ??0RRenderDriver2D@SDL_core@ui@modules@UModSys@@QAE@PAURTerminal@1234@ABUSParameters@core@4@@Z 10003fc0 f i umodsys_lib_libui:umodsys.mod.ui.SDL_core.obj
 0001:000030c0       ??1RRenderDriver2D@SDL_core@ui@modules@UModSys@@UAE@XZ 100040c0 f i umodsys_lib_libui:umodsys.mod.ui.SDL_core.obj
 0001:00003190       ?open@RRenderDriver2D@SDL_core@ui@modules@UModSys@@QAE_NABUSParameters@core@5@@Z 10004190 f i umodsys_lib_libui:umodsys.mod.ui.SDL_core.obj
 0001:00003340       ?set_color@RRenderDriver2D@SDL_core@ui@modules@UModSys@@QAEXXZ 10004340 f i umodsys_lib_libui:umodsys.mod.ui.SDL_core.obj
 0001:00003430       ?begin@RRenderDriver2D@SDL_core@ui@modules@UModSys@@UAEXXZ 10004430 f i umodsys_lib_libui:umodsys.mod.ui.SDL_core.obj
 0001:00003510       ?end@RRenderDriver2D@SDL_core@ui@modules@UModSys@@UAEXXZ 10004510 f i umodsys_lib_libui:umodsys.mod.ui.SDL_core.obj
 0001:00003520       ?get_max_values@RRenderDriver2D@SDL_core@ui@modules@UModSys@@UBEPBUSParameters@core@5@XZ 10004520 f i umodsys_lib_libui:umodsys.mod.ui.SDL_core.obj
 0001:00003530       ?get_frame_values@RRenderDriver2D@SDL_core@ui@modules@UModSys@@UBEPBUSParameters@core@5@XZ 10004530 f i umodsys_lib_libui:umodsys.mod.ui.SDL_core.obj
 0001:00003540       ?setup_font@RRenderDriver2D@SDL_core@ui@modules@UModSys@@UAE_NPAUIMultiImage@lib2d@5@PBU?$TVector2@M@math3d@5@@Z 10004540 f i umodsys_lib_libui:umodsys.mod.ui.SDL_core.obj
 0001:000035a0       ?setup_color@RRenderDriver2D@SDL_core@ui@modules@UModSys@@UAEXABU?$TVector3@M@math3d@5@@Z 100045a0 f i umodsys_lib_libui:umodsys.mod.ui.SDL_core.obj
 0001:000035d0       ?setup_color@RRenderDriver2D@SDL_core@ui@modules@UModSys@@UAEXABU?$TVector3@H@math3d@5@@Z 100045d0 f i umodsys_lib_libui:umodsys.mod.ui.SDL_core.obj
 0001:00003620       ?setup_coloralpha@RRenderDriver2D@SDL_core@ui@modules@UModSys@@UAEXABU?$TVector4@M@math3d@5@H@Z 10004620 f i umodsys_lib_libui:umodsys.mod.ui.SDL_core.obj
 0001:00003660       ?setup_coloralpha@RRenderDriver2D@SDL_core@ui@modules@UModSys@@UAEXABU?$TVector4@H@math3d@5@H@Z 10004660 f i umodsys_lib_libui:umodsys.mod.ui.SDL_core.obj
 0001:000036c0       ?setup_blendcolor@RRenderDriver2D@SDL_core@ui@modules@UModSys@@UAEXABUSBlendColor@lib2d@5@@Z 100046c0 f i umodsys_lib_libui:umodsys.mod.ui.SDL_core.obj
 0001:00003720       ?setup_blendcolor@RRenderDriver2D@SDL_core@ui@modules@UModSys@@UAEXABUSBlendColorf@lib2d@5@@Z 10004720 f i umodsys_lib_libui:umodsys.mod.ui.SDL_core.obj
 0001:00003780       ?setup_alpha@RRenderDriver2D@SDL_core@ui@modules@UModSys@@UAEXHH@Z 10004780 f i umodsys_lib_libui:umodsys.mod.ui.SDL_core.obj
 0001:000037b0       ?setup_alpha@RRenderDriver2D@SDL_core@ui@modules@UModSys@@UAEXMH@Z 100047b0 f i umodsys_lib_libui:umodsys.mod.ui.SDL_core.obj
 0001:000037d0       ?render_text_advanced@RRenderDriver2D@SDL_core@ui@modules@UModSys@@UAE_NAAUTextInfo@IRenderDriver@lib2d@5@PBHH@Z 100047d0 f i umodsys_lib_libui:umodsys.mod.ui.SDL_core.obj
 0001:000039d0       ?render_box@RRenderDriver2D@SDL_core@ui@modules@UModSys@@UAEXABU?$TVector2@H@math3d@5@0@Z 100049d0 f i umodsys_lib_libui:umodsys.mod.ui.SDL_core.obj
 0001:00003a20       ?render_tri@RRenderDriver2D@SDL_core@ui@modules@UModSys@@UAEXABU?$TVector2@H@math3d@5@00@Z 10004a20 f i umodsys_lib_libui:umodsys.mod.ui.SDL_core.obj
 0001:00003a90       ?render_quad@RRenderDriver2D@SDL_core@ui@modules@UModSys@@UAEXABU?$TVector2@H@math3d@5@000@Z 10004a90 f i umodsys_lib_libui:umodsys.mod.ui.SDL_core.obj
 0001:00003b10       ?render_box@RRenderDriver2D@SDL_core@ui@modules@UModSys@@UAEXPAUIImage@lib2d@5@ABU?$TVector2@H@math3d@5@1ABU?$TVector2@M@95@2@Z 10004b10 f i umodsys_lib_libui:umodsys.mod.ui.SDL_core.obj
 0001:00003b20       ?render_line@RRenderDriver2D@SDL_core@ui@modules@UModSys@@UAEXABU?$TVector2@H@math3d@5@0@Z 10004b20 f i umodsys_lib_libui:umodsys.mod.ui.SDL_core.obj
 0001:00003b50       ?render_rect@RRenderDriver2D@SDL_core@ui@modules@UModSys@@UAEXABU?$TVector2@H@math3d@5@0@Z 10004b50 f i umodsys_lib_libui:umodsys.mod.ui.SDL_core.obj
 0001:00003ba0       ??_GRRenderDriver2D@SDL_core@ui@modules@UModSys@@UAEPAXI@Z 10004ba0 f i umodsys_lib_libui:umodsys.mod.ui.SDL_core.obj
 0001:00003ba0       ??_ERRenderDriver2D@SDL_core@ui@modules@UModSys@@UAEPAXI@Z 10004ba0 f i  CIL library: CIL module
 0001:00003bc0       ??1?$TParametersA@$0EAA@@core@UModSys@@QAE@XZ 10004bc0 f i plugin_test1.obj
 0001:00003bc0       ??1?$TParametersA@$0BAA@@core@UModSys@@QAE@XZ 10004bc0 f i umodsys_lib_libui:umodsys.mod.ui.SDL_core.obj
 0001:00003bc0       ??1SParameters@core@UModSys@@QAE@XZ 10004bc0 f i plugin_test1.obj
 0001:00003bd0       ?root_get_interface_info@RMouseController@SDL_core@ui@modules@UModSys@@UBEABUSUniquePointerInfo@core@5@XZ 10004bd0 f i umodsys_lib_libui:umodsys.mod.ui.SDL_core.obj
 0001:00003be0       ?root_get_interface_type@RMouseController@SDL_core@ui@modules@UModSys@@UBEPBUSUniquePointerInfo@core@5@XZ 10004be0 f i umodsys_lib_libui:umodsys.mod.ui.SDL_core.obj
 0001:00003bf0       ?root_get_other_interface@RMouseController@SDL_core@ui@modules@UModSys@@UBEPBUIRoot@core@5@PBUSUniquePointerInfo@75@@Z 10004bf0 f i umodsys_lib_libui:umodsys.mod.ui.SDL_core.obj
 0001:00003bf0       ?root_get_other_interface@RMouseController@SDL_core@ui@modules@UModSys@@UAEPAUIRoot@core@5@PBUSUniquePointerInfo@75@@Z 10004bf0 f i umodsys_lib_libui:umodsys.mod.ui.SDL_core.obj
 0001:00003c20       ?root_is_interface_supported@RMouseController@SDL_core@ui@modules@UModSys@@UBE_NPBUSUniquePointerInfo@core@5@@Z 10004c20 f i umodsys_lib_libui:umodsys.mod.ui.SDL_core.obj
 0001:00003c60       ??0RMouseController@SDL_core@ui@modules@UModSys@@QAE@PAURTerminal@1234@ABUSParameters@core@4@@Z 10004c60 f i umodsys_lib_libui:umodsys.mod.ui.SDL_core.obj
 0001:00003cc0       ??1RMouseController@SDL_core@ui@modules@UModSys@@UAE@XZ 10004cc0 f i umodsys_lib_libui:umodsys.mod.ui.SDL_core.obj
 0001:00003d20       ?process@RMouseController@SDL_core@ui@modules@UModSys@@QAE_NAAUSDL_MouseMotionEvent@@@Z 10004d20 f i umodsys_lib_libui:umodsys.mod.ui.SDL_core.obj
 0001:00003e70       ?process@RMouseController@SDL_core@ui@modules@UModSys@@QAE_NAAUSDL_MouseButtonEvent@@@Z 10004e70 f i umodsys_lib_libui:umodsys.mod.ui.SDL_core.obj
 0001:00003fa0       ?process@RMouseController@SDL_core@ui@modules@UModSys@@QAE_NAAUSDL_MouseWheelEvent@@@Z 10004fa0 f i umodsys_lib_libui:umodsys.mod.ui.SDL_core.obj
 0001:000040b0       ?mouse_link@RMouseController@SDL_core@ui@modules@UModSys@@UAE_NHPAUIRefObject@core@5@PAUIMouseClient@libui@5@H@Z 100050b0 f i umodsys_lib_libui:umodsys.mod.ui.SDL_core.obj
 0001:00004110       ??_GRMouseController@SDL_core@ui@modules@UModSys@@UAEPAXI@Z 10005110 f i umodsys_lib_libui:umodsys.mod.ui.SDL_core.obj
 0001:00004110       ??_ERMouseController@SDL_core@ui@modules@UModSys@@UAEPAXI@Z 10005110 f i  CIL library: CIL module
 0001:00004130       ?root_get_interface_info@RKeyboardController@SDL_core@ui@modules@UModSys@@UBEABUSUniquePointerInfo@core@5@XZ 10005130 f i umodsys_lib_libui:umodsys.mod.ui.SDL_core.obj
 0001:00004140       ?root_get_interface_type@RKeyboardController@SDL_core@ui@modules@UModSys@@UBEPBUSUniquePointerInfo@core@5@XZ 10005140 f i umodsys_lib_libui:umodsys.mod.ui.SDL_core.obj
 0001:00004150       ?root_get_other_interface@RKeyboardController@SDL_core@ui@modules@UModSys@@UAEPAUIRoot@core@5@PBUSUniquePointerInfo@75@@Z 10005150 f i umodsys_lib_libui:umodsys.mod.ui.SDL_core.obj
 0001:00004150       ?root_get_other_interface@RKeyboardController@SDL_core@ui@modules@UModSys@@UBEPBUIRoot@core@5@PBUSUniquePointerInfo@75@@Z 10005150 f i umodsys_lib_libui:umodsys.mod.ui.SDL_core.obj
 0001:00004180       ?root_is_interface_supported@RKeyboardController@SDL_core@ui@modules@UModSys@@UBE_NPBUSUniquePointerInfo@core@5@@Z 10005180 f i umodsys_lib_libui:umodsys.mod.ui.SDL_core.obj
 0001:000041c0       ?suicide@RMouseController@SDL_core@ui@modules@UModSys@@UAEXXZ 100051c0 f i umodsys_lib_libui:umodsys.mod.ui.SDL_core.obj
 0001:000041c0       ?suicide@RRenderDriver2D@SDL_core@ui@modules@UModSys@@UAEXXZ 100051c0 f i umodsys_lib_libui:umodsys.mod.ui.SDL_core.obj
 0001:000041c0       ?suicide@RKeyboardController@SDL_core@ui@modules@UModSys@@UAEXXZ 100051c0 f i umodsys_lib_libui:umodsys.mod.ui.SDL_core.obj
 0001:000041c0       ?suicide@RDialog@frames@ui@modules@UModSys@@UAEXXZ 100051c0 f i umodsys_lib_libui:umodsys.mod.ui.frames.obj
 0001:000041c0       ?suicide@RMultiImage2D_SDL_ttf@SDL_core@ui@modules@UModSys@@UAEXXZ 100051c0 f i umodsys_lib_libui:umodsys.mod.ui.SDL_core.obj
 0001:000041d0       ??0RKeyboardController@SDL_core@ui@modules@UModSys@@QAE@PAURTerminal@1234@ABUSParameters@core@4@@Z 100051d0 f i umodsys_lib_libui:umodsys.mod.ui.SDL_core.obj
 0001:00004230       ??1RKeyboardController@SDL_core@ui@modules@UModSys@@UAE@XZ 10005230 f i umodsys_lib_libui:umodsys.mod.ui.SDL_core.obj
 0001:00004290       ?process@RKeyboardController@SDL_core@ui@modules@UModSys@@QAE_NAAUSDL_KeyboardEvent@@@Z 10005290 f i umodsys_lib_libui:umodsys.mod.ui.SDL_core.obj
 0001:00004370       ?process@RKeyboardController@SDL_core@ui@modules@UModSys@@QAE_NAAUSDL_TextInputEvent@@@Z 10005370 f i umodsys_lib_libui:umodsys.mod.ui.SDL_core.obj
 0001:00004460       ?map_keycode@RKeyboardController@SDL_core@ui@modules@UModSys@@QAE?AW4eKeyCode@libui@5@H@Z 10005460 f i umodsys_lib_libui:umodsys.mod.ui.SDL_core.obj
 0001:000049a0       ?map_keyspecial@RKeyboardController@SDL_core@ui@modules@UModSys@@QAEFG@Z 100059a0 f i umodsys_lib_libui:umodsys.mod.ui.SDL_core.obj
 0001:00004a20       ?key_unlink@RKeyboardController@SDL_core@ui@modules@UModSys@@UAE_NH@Z 10005a20 f i umodsys_lib_libui:umodsys.mod.ui.SDL_core.obj
 0001:00004a20       ?mouse_unlink@RMouseController@SDL_core@ui@modules@UModSys@@UAE_NH@Z 10005a20 f i umodsys_lib_libui:umodsys.mod.ui.SDL_core.obj
 0001:00004a60       ?key_link@RKeyboardController@SDL_core@ui@modules@UModSys@@UAE_NHPAUIRefObject@core@5@PAUIKeyboardClient@libui@5@@Z 10005a60 f i umodsys_lib_libui:umodsys.mod.ui.SDL_core.obj
 0001:00004ab0       ?mouse_reset@RMouseController@SDL_core@ui@modules@UModSys@@UAE_NXZ 10005ab0 f i umodsys_lib_libui:umodsys.mod.ui.SDL_core.obj
 0001:00004ab0       ?key_reset@RKeyboardController@SDL_core@ui@modules@UModSys@@UAE_NXZ 10005ab0 f i umodsys_lib_libui:umodsys.mod.ui.SDL_core.obj
 0001:00004ac0       ?key_setvisible@RKeyboardController@SDL_core@ui@modules@UModSys@@UAE_N_N@Z 10005ac0 f i umodsys_lib_libui:umodsys.mod.ui.SDL_core.obj
 0001:00004ae0       ??_ERKeyboardController@SDL_core@ui@modules@UModSys@@UAEPAXI@Z 10005ae0 f i  CIL library: CIL module
 0001:00004ae0       ??_GRKeyboardController@SDL_core@ui@modules@UModSys@@UAEPAXI@Z 10005ae0 f i umodsys_lib_libui:umodsys.mod.ui.SDL_core.obj
 0001:00004b00       ?root_get_interface_info@RTerminal@SDL_core@ui@modules@UModSys@@UBEABUSUniquePointerInfo@core@5@XZ 10005b00 f i umodsys_lib_libui:umodsys.mod.ui.SDL_core.obj
 0001:00004b10       ?root_get_interface_type@RTerminal@SDL_core@ui@modules@UModSys@@UBEPBUSUniquePointerInfo@core@5@XZ 10005b10 f i umodsys_lib_libui:umodsys.mod.ui.SDL_core.obj
 0001:00004b20       ?root_get_other_interface@RTerminal@SDL_core@ui@modules@UModSys@@UAEPAUIRoot@core@5@PBUSUniquePointerInfo@75@@Z 10005b20 f i umodsys_lib_libui:umodsys.mod.ui.SDL_core.obj
 0001:00004b20       ?root_get_other_interface@RTerminal@SDL_core@ui@modules@UModSys@@UBEPBUIRoot@core@5@PBUSUniquePointerInfo@75@@Z 10005b20 f i umodsys_lib_libui:umodsys.mod.ui.SDL_core.obj
 0001:00004b50       ?root_is_interface_supported@RTerminal@SDL_core@ui@modules@UModSys@@UBE_NPBUSUniquePointerInfo@core@5@@Z 10005b50 f i umodsys_lib_libui:umodsys.mod.ui.SDL_core.obj
 0001:00004b90       ??0RTerminal@SDL_core@ui@modules@UModSys@@QAE@PAUIModObject@base@4@ABUSParameters@core@4@@Z 10005b90 f i umodsys_lib_libui:umodsys.mod.ui.SDL_core.obj
 0001:00004c30       ??1RTerminal@SDL_core@ui@modules@UModSys@@UAE@XZ 10005c30 f i umodsys_lib_libui:umodsys.mod.ui.SDL_core.obj
 0001:00004ce0       ?poll_events@RTerminal@SDL_core@ui@modules@UModSys@@UAE_NH@Z 10005ce0 f i umodsys_lib_libui:umodsys.mod.ui.SDL_core.obj
 0001:00004e20       ?get_terminal_state@RTerminal@SDL_core@ui@modules@UModSys@@UAE_NW4eTerminalState@libui@5@@Z 10005e20 f i umodsys_lib_libui:umodsys.mod.ui.SDL_core.obj
 0001:00004e40       ?set_terminal_state@RTerminal@SDL_core@ui@modules@UModSys@@UAE_NW4eTerminalState@libui@5@_N@Z 10005e40 f i umodsys_lib_libui:umodsys.mod.ui.SDL_core.obj
 0001:00004eb0       ?get_clock@RTerminal@SDL_core@ui@modules@UModSys@@UAENXZ 10005eb0 f i umodsys_lib_libui:umodsys.mod.ui.SDL_core.obj
 0001:00004ed0       ?wait@RTerminal@SDL_core@ui@modules@UModSys@@UAE_NM@Z 10005ed0 f i umodsys_lib_libui:umodsys.mod.ui.SDL_core.obj
 0001:00004f10       ?get_count@RTerminal@SDL_core@ui@modules@UModSys@@UBEIPBUSUniquePointerInfo@core@5@@Z 10005f10 f i umodsys_lib_libui:umodsys.mod.ui.SDL_core.obj
 0001:00004f50       ?get_handler@RTerminal@SDL_core@ui@modules@UModSys@@UBEPAUIRefObject@core@5@PBUSUniquePointerInfo@75@I@Z 10005f50 f i umodsys_lib_libui:umodsys.mod.ui.SDL_core.obj
 0001:00004fa0       ?get_handler@RTerminal@SDL_core@ui@modules@UModSys@@UBEPAUIRefObject@core@5@PBUSUniquePointerInfo@75@PBD@Z 10005fa0 f i umodsys_lib_libui:umodsys.mod.ui.SDL_core.obj
 0001:00004fb0       ?get_friend_handler@RTerminal@SDL_core@ui@modules@UModSys@@UBEPAUIRefObject@core@5@PBUSUniquePointerInfo@75@PAU675@@Z 10005fb0 f i umodsys_lib_libui:umodsys.mod.ui.SDL_core.obj
 0001:00004fc0       ?create_handler@RTerminal@SDL_core@ui@modules@UModSys@@UAE_NPBUSUniquePointerInfo@core@5@AAU?$TRefObject@UIRefObject@core@UModSys@@U?$TRefObjectFunc@UIRefObject@core@UModSys@@@tl@3@@tl@5@PBDPBUSParameters@75@@Z 10005fc0 f i umodsys_lib_libui:umodsys.mod.ui.SDL_core.obj
 0001:00005270       ??_ERTerminal@SDL_core@ui@modules@UModSys@@UAEPAXI@Z 10006270 f i  CIL library: CIL module
 0001:00005270       ??_GRTerminal@SDL_core@ui@modules@UModSys@@UAEPAXI@Z 10006270 f i umodsys_lib_libui:umodsys.mod.ui.SDL_core.obj
 0001:00005290       ?get_generated_names@RGenerator@SDL_core@ui@modules@UModSys@@UBEHAAUSUniquePtrList@core@5@@Z 10006290 f i umodsys_lib_libui:umodsys.mod.ui.SDL_core.obj
 0001:000052b0       ?get_generated_types@RGenerator@SDL_core@ui@modules@UModSys@@UBEHAAUSUniquePtrList@core@5@PBUSUniquePointerInfo@75@@Z 100062b0 f i umodsys_lib_libui:umodsys.mod.ui.SDL_core.obj
 0001:00005300       ?generate@RGenerator@SDL_core@ui@modules@UModSys@@UAE_NAAU?$TRefObject@UIRefObject@core@UModSys@@U?$TRefObjectFunc@UIRefObject@core@UModSys@@@tl@3@@tl@5@PBUSUniquePointerInfo@core@5@ABUSParameters@95@@Z 10006300 f i umodsys_lib_libui:umodsys.mod.ui.SDL_core.obj
 0001:00005330       ?root_get_interface_info@RGenerator@SDL_core@ui@modules@UModSys@@UBEABUSUniquePointerInfo@core@5@XZ 10006330 f i umodsys_lib_libui:umodsys.mod.ui.SDL_core.obj
 0001:00005340       ?root_get_interface_type@RGenerator@SDL_core@ui@modules@UModSys@@UBEPBUSUniquePointerInfo@core@5@XZ 10006340 f i umodsys_lib_libui:umodsys.mod.ui.SDL_core.obj
 0001:00005350       ?root_get_other_interface@RGenerator@SDL_core@ui@modules@UModSys@@UAEPAUIRoot@core@5@PBUSUniquePointerInfo@75@@Z 10006350 f i umodsys_lib_libui:umodsys.mod.ui.SDL_core.obj
 0001:00005350       ?root_get_other_interface@RGenerator@SDL_core@ui@modules@UModSys@@UBEPBUIRoot@core@5@PBUSUniquePointerInfo@75@@Z 10006350 f i umodsys_lib_libui:umodsys.mod.ui.SDL_core.obj
 0001:00005390       ?root_is_interface_supported@RGenerator@SDL_core@ui@modules@UModSys@@UBE_NPBUSUniquePointerInfo@core@5@@Z 10006390 f i umodsys_lib_libui:umodsys.mod.ui.SDL_core.obj
 0001:000053d0       ?get_uid@RGenerator@SDL_core@ui@modules@UModSys@@UBEPBUSUniquePointerInfo@core@5@XZ 100063d0 f i umodsys_lib_libui:umodsys.mod.ui.SDL_core.obj
 0001:000053e0       ?do_open@RModuleReg@SDL_core@ui@modules@UModSys@@UAE_NXZ 100063e0 f i umodsys_lib_libui:umodsys.mod.ui.SDL_core.obj
 0001:000053f0       ?do_close@RModuleReg@SDL_core@ui@modules@UModSys@@UAE_NXZ 100063f0 f i umodsys_lib_libui:umodsys.mod.ui.SDL_core.obj
 0001:00005400       ??_ERModuleReg@SDL_core@ui@modules@UModSys@@UAEPAXI@Z 10006400 f i  CIL library: CIL module
 0001:00005400       ??_GRModuleReg@SDL_core@ui@modules@UModSys@@UAEPAXI@Z 10006400 f i umodsys_lib_libui:umodsys.mod.ui.SDL_core.obj
 0001:00005430       ??1?$TScatterArray@UGlyph@RMultiImage2D_SDL_ttf@SDL_core@ui@modules@UModSys@@HU?$TScalarCompare@H@core@6@U?$TNodeDeleter0@U?$TScatterArrayNode@UGlyph@RMultiImage2D_SDL_ttf@SDL_core@ui@modules@UModSys@@H@tl@UModSys@@@tl@6@@tl@UModSys@@QAE@XZ 10006430 f i umodsys_lib_libui:umodsys.mod.ui.SDL_core.obj
 0001:00005450       ??1?$TRefObject@URRenderDriver2D@SDL_core@ui@modules@UModSys@@U?$TRefObjectWeakFunc@URRenderDriver2D@SDL_core@ui@modules@UModSys@@@tl@5@@tl@UModSys@@QAE@XZ 10006450 f i umodsys_lib_libui:umodsys.mod.ui.SDL_core.obj
 0001:00005450       ??1?$TRefObject@URMultiImage2D_SDL_ttf@SDL_core@ui@modules@UModSys@@U?$TRefObjectWeakFunc@URMultiImage2D_SDL_ttf@SDL_core@ui@modules@UModSys@@@tl@5@@tl@UModSys@@QAE@XZ 10006450 f i umodsys_lib_libui:umodsys.mod.ui.SDL_core.obj
 0001:00005480       ??4?$TRefObject@URKeyboardController@SDL_core@ui@modules@UModSys@@U?$TRefObjectWeakFunc@URKeyboardController@SDL_core@ui@modules@UModSys@@@tl@5@@tl@UModSys@@QAEABU012@PAURKeyboardController@SDL_core@ui@modules@2@@Z 10006480 f i umodsys_lib_libui:umodsys.mod.ui.SDL_core.obj
 0001:00005480       ??4?$TRefObject@URMouseController@SDL_core@ui@modules@UModSys@@U?$TRefObjectWeakFunc@URMouseController@SDL_core@ui@modules@UModSys@@@tl@5@@tl@UModSys@@QAEABU012@PAURMouseController@SDL_core@ui@modules@2@@Z 10006480 f i umodsys_lib_libui:umodsys.mod.ui.SDL_core.obj
 0001:000054c0       ?remove_node@?$TTreeHoldRB@U?$TScatterArrayNode@U?$TRefObjectComposite@UIKeyboardClient@libui@UModSys@@UIRefObject@core@3@U?$TRefObjectFunc@UIRefObject@core@UModSys@@@tl@3@@tl@UModSys@@H@tl@UModSys@@@tl@UModSys@@QAEXPAU?$TScatterArrayNode@U?$TRefObjectComposite@UIKeyboardClient@libui@UModSys@@UIRefObject@core@3@U?$TRefObjectFunc@UIRefObject@core@UModSys@@@tl@3@@tl@UModSys@@H@23@@Z 100064c0 f i umodsys_lib_libui:umodsys.mod.ui.SDL_core.obj
 0001:000054c0       ?remove_node@?$TTreeHoldRB@U?$TScatterArrayNode@U?$TRefObjectCompositeExtra@UIMouseClient@libui@UModSys@@HUIRefObject@core@3@U?$TRefObjectFunc@UIRefObject@core@UModSys@@@tl@3@@tl@UModSys@@H@tl@UModSys@@@tl@UModSys@@QAEXPAU?$TScatterArrayNode@U?$TRefObjectCompositeExtra@UIMouseClient@libui@UModSys@@HUIRefObject@core@3@U?$TRefObjectFunc@UIRefObject@core@UModSys@@@tl@3@@tl@UModSys@@H@23@@Z 100064c0 f i umodsys_lib_libui:umodsys.mod.ui.SDL_core.obj
 0001:000055b0       ??1?$TPair@HU?$TRefObjectComposite@UIKeyboardClient@libui@UModSys@@UIRefObject@core@3@U?$TRefObjectFunc@UIRefObject@core@UModSys@@@tl@3@@tl@UModSys@@@tl@UModSys@@QAE@XZ 100065b0 f i umodsys_lib_libui:umodsys.mod.ui.SDL_core.obj
 0001:000055b0       ??1?$TPair@HU?$TRefObjectCompositeExtra@UIMouseClient@libui@UModSys@@HUIRefObject@core@3@U?$TRefObjectFunc@UIRefObject@core@UModSys@@@tl@3@@tl@UModSys@@@tl@UModSys@@QAE@XZ 100065b0 f i umodsys_lib_libui:umodsys.mod.ui.SDL_core.obj
 0001:000055c0       ??1?$TRefObjectComposite@UIKeyboardClient@libui@UModSys@@UIRefObject@core@3@U?$TRefObjectFunc@UIRefObject@core@UModSys@@@tl@3@@tl@UModSys@@QAE@XZ 100065c0 f i umodsys_lib_libui:umodsys.mod.ui.SDL_core.obj
 0001:000055c0       ??1?$TRefObjectComposite@UIController@libui@UModSys@@UIRefObject@core@3@U?$TRefObjectFunc@UIRefObject@core@UModSys@@@tl@3@@tl@UModSys@@QAE@XZ 100065c0 f i umodsys_lib_libui:umodsys.mod.ui.frames.obj
 0001:000055c0       ??1?$TRefObjectCompositeExtra@UIMouseClient@libui@UModSys@@HUIRefObject@core@3@U?$TRefObjectFunc@UIRefObject@core@UModSys@@@tl@3@@tl@UModSys@@QAE@XZ 100065c0 f i umodsys_lib_libui:umodsys.mod.ui.SDL_core.obj
 0001:00005630       ??$t_ref_get_other_interface@URMultiImage2D_SDL_ttf@SDL_core@ui@modules@UModSys@@U?$TRefObjectWeakFunc@URMultiImage2D_SDL_ttf@SDL_core@ui@modules@UModSys@@@tl@5@@IRefObject@core@UModSys@@QAE_NAAU?$TRefObject@URMultiImage2D_SDL_ttf@SDL_core@ui@modules@UModSys@@U?$TRefObjectWeakFunc@URMultiImage2D_SDL_ttf@SDL_core@ui@modules@UModSys@@@tl@5@@tl@2@@Z 10006630 f i umodsys_lib_libui:umodsys.mod.ui.SDL_core.obj
 0001:00005690       ?obj_delete@?$TRefObjectLinksParent@URRenderDriver2D@SDL_core@ui@modules@UModSys@@URTerminal@2345@@tl@UModSys@@QBEXPAURRenderDriver2D@SDL_core@ui@modules@3@@Z 10006690 f i umodsys_lib_libui:umodsys.mod.ui.SDL_core.obj
 0001:00005690       ?obj_delete@?$TRefObjectLinksParent@URFrame_Image@frames@ui@modules@UModSys@@URCollector@2345@@tl@UModSys@@QBEXPAURFrame_Image@frames@ui@modules@3@@Z 10006690 f i umodsys_lib_libui:umodsys.mod.ui.frames.obj
 0001:00005690       ?obj_delete@?$TRefObjectLinksParent@URFrame_Frame@frames@ui@modules@UModSys@@URCollector@2345@@tl@UModSys@@QBEXPAURFrame_Frame@frames@ui@modules@3@@Z 10006690 f i umodsys_lib_libui:umodsys.mod.ui.frames.obj
 0001:00005690       ?obj_delete@?$TRefObjectLinksParent@URKeyboardController@SDL_core@ui@modules@UModSys@@URTerminal@2345@@tl@UModSys@@QBEXPAURKeyboardController@SDL_core@ui@modules@3@@Z 10006690 f i umodsys_lib_libui:umodsys.mod.ui.SDL_core.obj
 0001:00005690       ?obj_delete@?$TRefObjectLinksParent@URFrame_Button@frames@ui@modules@UModSys@@URCollector@2345@@tl@UModSys@@QBEXPAURFrame_Button@frames@ui@modules@3@@Z 10006690 f i umodsys_lib_libui:umodsys.mod.ui.frames.obj
 0001:00005690       ?obj_delete@?$TRefObjectLinksParent@URDialog@frames@ui@modules@UModSys@@URCollector@2345@@tl@UModSys@@QBEXPAURDialog@frames@ui@modules@3@@Z 10006690 f i umodsys_lib_libui:umodsys.mod.ui.frames.obj
 0001:00005690       ?obj_delete@?$TRefObjectLinksParent@URFrame_Text@frames@ui@modules@UModSys@@URCollector@2345@@tl@UModSys@@QBEXPAURFrame_Text@frames@ui@modules@3@@Z 10006690 f i umodsys_lib_libui:umodsys.mod.ui.frames.obj
 0001:00005690       ?obj_delete@?$TRefObjectLinksParent@URMouseController@SDL_core@ui@modules@UModSys@@URTerminal@2345@@tl@UModSys@@QBEXPAURMouseController@SDL_core@ui@modules@3@@Z 10006690 f i umodsys_lib_libui:umodsys.mod.ui.SDL_core.obj
 0001:00005690       ?obj_delete@?$TRefObjectLinksParent@URFrame_Edit@frames@ui@modules@UModSys@@URCollector@2345@@tl@UModSys@@QBEXPAURFrame_Edit@frames@ui@modules@3@@Z 10006690 f i umodsys_lib_libui:umodsys.mod.ui.frames.obj
 0001:00005690       ?obj_delete@?$TRefObjectLinksParent@URMultiImage2D_SDL_ttf@SDL_core@ui@modules@UModSys@@URRenderDriver2D@2345@@tl@UModSys@@QBEXPAURMultiImage2D_SDL_ttf@SDL_core@ui@modules@3@@Z 10006690 f i umodsys_lib_libui:umodsys.mod.ui.SDL_core.obj
 0001:00005690       ?obj_delete@?$TRefObjectLinksParent@URFrame_List@frames@ui@modules@UModSys@@URCollector@2345@@tl@UModSys@@QBEXPAURFrame_List@frames@ui@modules@3@@Z 10006690 f i umodsys_lib_libui:umodsys.mod.ui.frames.obj
 0001:00005700       ?remove_color@?$TTreeHoldRB@U?$TScatterArrayNode@U?$TRefObjectComposite@UIKeyboardClient@libui@UModSys@@UIRefObject@core@3@U?$TRefObjectFunc@UIRefObject@core@UModSys@@@tl@3@@tl@UModSys@@H@tl@UModSys@@@tl@UModSys@@IAEXPAU?$TScatterArrayNode@U?$TRefObjectComposite@UIKeyboardClient@libui@UModSys@@UIRefObject@core@3@U?$TRefObjectFunc@UIRefObject@core@UModSys@@@tl@3@@tl@UModSys@@H@23@0@Z 10006700 f i umodsys_lib_libui:umodsys.mod.ui.SDL_core.obj
 0001:00005700       ?remove_color@?$TTreeHoldRB@U?$TScatterArrayNode@U?$TRefObjectCompositeExtra@UIMouseClient@libui@UModSys@@HUIRefObject@core@3@U?$TRefObjectFunc@UIRefObject@core@UModSys@@@tl@3@@tl@UModSys@@H@tl@UModSys@@@tl@UModSys@@IAEXPAU?$TScatterArrayNode@U?$TRefObjectCompositeExtra@UIMouseClient@libui@UModSys@@HUIRefObject@core@3@U?$TRefObjectFunc@UIRefObject@core@UModSys@@@tl@3@@tl@UModSys@@H@23@0@Z 10006700 f i umodsys_lib_libui:umodsys.mod.ui.SDL_core.obj
 0001:00005880       ??$t_close@U?$TRefObject@URRenderDriver2D@SDL_core@ui@modules@UModSys@@U?$TRefObjectWeakFunc@URRenderDriver2D@SDL_core@ui@modules@UModSys@@@tl@5@@tl@UModSys@@@SDL_core@ui@modules@UModSys@@YA_NAAU?$TScatterArray@U?$TRefObject@URRenderDriver2D@SDL_core@ui@modules@UModSys@@U?$TRefObjectWeakFunc@URRenderDriver2D@SDL_core@ui@modules@UModSys@@@tl@5@@tl@UModSys@@HU?$TScalarCompare@H@core@3@U?$TNodeDeleter0@U?$TScatterArrayNode@U?$TRefObject@URRenderDriver2D@SDL_core@ui@modules@UModSys@@U?$TRefObjectWeakFunc@URRenderDriver2D@SDL_core@ui@modules@UModSys@@@tl@5@@tl@UModSys@@H@tl@UModSys@@@23@@tl@3@@Z 10006880 f i umodsys_lib_libui:umodsys.mod.ui.SDL_core.obj
 0001:00005930       ??$t_count@U?$TRefObject@URRenderDriver2D@SDL_core@ui@modules@UModSys@@U?$TRefObjectWeakFunc@URRenderDriver2D@SDL_core@ui@modules@UModSys@@@tl@5@@tl@UModSys@@@SDL_core@ui@modules@UModSys@@YAIABU?$TScatterArray@U?$TRefObject@URRenderDriver2D@SDL_core@ui@modules@UModSys@@U?$TRefObjectWeakFunc@URRenderDriver2D@SDL_core@ui@modules@UModSys@@@tl@5@@tl@UModSys@@HU?$TScalarCompare@H@core@3@U?$TNodeDeleter0@U?$TScatterArrayNode@U?$TRefObject@URRenderDriver2D@SDL_core@ui@modules@UModSys@@U?$TRefObjectWeakFunc@URRenderDriver2D@SDL_core@ui@modules@UModSys@@@tl@5@@tl@UModSys@@H@tl@UModSys@@@23@@tl@3@@Z 10006930 f i umodsys_lib_libui:umodsys.mod.ui.SDL_core.obj
 0001:000059a0       ??$t_get@U?$TRefObject@URRenderDriver2D@SDL_core@ui@modules@UModSys@@U?$TRefObjectWeakFunc@URRenderDriver2D@SDL_core@ui@modules@UModSys@@@tl@5@@tl@UModSys@@@SDL_core@ui@modules@UModSys@@YAPAUIRefObject@core@3@ABU?$TScatterArray@U?$TRefObject@URRenderDriver2D@SDL_core@ui@modules@UModSys@@U?$TRefObjectWeakFunc@URRenderDriver2D@SDL_core@ui@modules@UModSys@@@tl@5@@tl@UModSys@@HU?$TScalarCompare@H@core@3@U?$TNodeDeleter0@U?$TScatterArrayNode@U?$TRefObject@URRenderDriver2D@SDL_core@ui@modules@UModSys@@U?$TRefObjectWeakFunc@URRenderDriver2D@SDL_core@ui@modules@UModSys@@@tl@5@@tl@UModSys@@H@tl@UModSys@@@23@@tl@3@I@Z 100069a0 f i umodsys_lib_libui:umodsys.mod.ui.SDL_core.obj
 0001:00005a30       ??$ValidateConstruction@UIRefObject@core@UModSys@@URRenderDriver2D@SDL_core@ui@modules@3@@core@UModSys@@YA_NAAU?$TRefObject@UIRefObject@core@UModSys@@U?$TRefObjectFunc@UIRefObject@core@UModSys@@@tl@3@@tl@1@U?$TRefObject@URRenderDriver2D@SDL_core@ui@modules@UModSys@@U?$TRefObjectFunc@URRenderDriver2D@SDL_core@ui@modules@UModSys@@@tl@5@@31@@Z 10006a30 f i umodsys_lib_libui:umodsys.mod.ui.SDL_core.obj
 0001:00005ad0       ??$t_add@U?$TRefObject@URRenderDriver2D@SDL_core@ui@modules@UModSys@@U?$TRefObjectWeakFunc@URRenderDriver2D@SDL_core@ui@modules@UModSys@@@tl@5@@tl@UModSys@@URRenderDriver2D@SDL_core@ui@modules@3@@SDL_core@ui@modules@UModSys@@YA_NAAU?$TScatterArray@U?$TRefObject@URRenderDriver2D@SDL_core@ui@modules@UModSys@@U?$TRefObjectWeakFunc@URRenderDriver2D@SDL_core@ui@modules@UModSys@@@tl@5@@tl@UModSys@@HU?$TScalarCompare@H@core@3@U?$TNodeDeleter0@U?$TScatterArrayNode@U?$TRefObject@URRenderDriver2D@SDL_core@ui@modules@UModSys@@U?$TRefObjectWeakFunc@URRenderDriver2D@SDL_core@ui@modules@UModSys@@@tl@5@@tl@UModSys@@H@tl@UModSys@@@23@@tl@3@PAURRenderDriver2D@0123@@Z 10006ad0 f i umodsys_lib_libui:umodsys.mod.ui.SDL_core.obj
 0001:00005b20       ??$ValidateConstruction@UIRefObject@core@UModSys@@URMouseController@SDL_core@ui@modules@3@@core@UModSys@@YA_NAAU?$TRefObject@UIRefObject@core@UModSys@@U?$TRefObjectFunc@UIRefObject@core@UModSys@@@tl@3@@tl@1@U?$TRefObject@URMouseController@SDL_core@ui@modules@UModSys@@U?$TRefObjectFunc@URMouseController@SDL_core@ui@modules@UModSys@@@tl@5@@31@@Z 10006b20 f i umodsys_lib_libui:umodsys.mod.ui.SDL_core.obj
 0001:00005b20       ??$ValidateConstruction@UIRefObject@core@UModSys@@URKeyboardController@SDL_core@ui@modules@3@@core@UModSys@@YA_NAAU?$TRefObject@UIRefObject@core@UModSys@@U?$TRefObjectFunc@UIRefObject@core@UModSys@@@tl@3@@tl@1@U?$TRefObject@URKeyboardController@SDL_core@ui@modules@UModSys@@U?$TRefObjectFunc@URKeyboardController@SDL_core@ui@modules@UModSys@@@tl@5@@31@@Z 10006b20 f i umodsys_lib_libui:umodsys.mod.ui.SDL_core.obj
 0001:00005ba0       ??$ValidateConstruction@UIMultiImage@lib2d@UModSys@@URMultiImage2D_SDL_ttf@SDL_core@ui@modules@3@@core@UModSys@@YA_NAAU?$TRefObject@UIMultiImage@lib2d@UModSys@@U?$TRefObjectFunc@UIMultiImage@lib2d@UModSys@@@tl@3@@tl@1@PAURMultiImage2D_SDL_ttf@SDL_core@ui@modules@1@@Z 10006ba0 f i umodsys_lib_libui:umodsys.mod.ui.SDL_core.obj
 0001:00005c30       ??$t_gen_param@URTerminal@SDL_core@ui@modules@UModSys@@URGenerator@2345@@IGenerator@base@UModSys@@IAE_NPAURGenerator@SDL_core@ui@modules@2@AAU?$TRefObject@UIRefObject@core@UModSys@@U?$TRefObjectFunc@UIRefObject@core@UModSys@@@tl@3@@tl@2@PBUSUniquePointerInfo@core@2@ABUSParameters@core@2@@Z 10006c30 f i umodsys_lib_libui:umodsys.mod.ui.SDL_core.obj
 0001:00005ca0       ??$genx_node@UCmp@?$TScatterArray@UGlyph@RMultiImage2D_SDL_ttf@SDL_core@ui@modules@UModSys@@HU?$TScalarCompare@H@core@6@U?$TNodeDeleter0@U?$TScatterArrayNode@UGlyph@RMultiImage2D_SDL_ttf@SDL_core@ui@modules@UModSys@@H@tl@UModSys@@@tl@6@@tl@UModSys@@UGen0@234@@?$TTreeHoldRBD@U?$TScatterArrayNode@UGlyph@RMultiImage2D_SDL_ttf@SDL_core@ui@modules@UModSys@@H@tl@UModSys@@U?$TNodeDeleter0@U?$TScatterArrayNode@UGlyph@RMultiImage2D_SDL_ttf@SDL_core@ui@modules@UModSys@@H@tl@UModSys@@@23@@tl@UModSys@@QAEPAU?$TScatterArrayNode@UGlyph@RMultiImage2D_SDL_ttf@SDL_core@ui@modules@UModSys@@H@12@UCmp@?$TScatterArray@UGlyph@RMultiImage2D_SDL_ttf@SDL_core@ui@modules@UModSys@@HU?$TScalarCompare@H@core@6@U?$TNodeDeleter0@U?$TScatterArrayNode@UGlyph@RMultiImage2D_SDL_ttf@SDL_core@ui@modules@UModSys@@H@tl@UModSys@@@tl@6@@12@ABUGen0@512@PAPAU312@2_N@Z 10006ca0 f i umodsys_lib_libui:umodsys.mod.ui.SDL_core.obj
 0001:00005d10       ??$find_node_u@UCmp@?$TScatterArray@U?$TRefObjectCompositeExtra@UIMouseClient@libui@UModSys@@HUIRefObject@core@3@U?$TRefObjectFunc@UIRefObject@core@UModSys@@@tl@3@@tl@UModSys@@HU?$TScalarCompare@H@core@3@U?$TNodeDeleter0@U?$TScatterArrayNode@U?$TRefObjectCompositeExtra@UIMouseClient@libui@UModSys@@HUIRefObject@core@3@U?$TRefObjectFunc@UIRefObject@core@UModSys@@@tl@3@@tl@UModSys@@H@tl@UModSys@@@23@@tl@UModSys@@@?$TTreeHoldRB@U?$TScatterArrayNode@U?$TRefObjectCompositeExtra@UIMouseClient@libui@UModSys@@HUIRefObject@core@3@U?$TRefObjectFunc@UIRefObject@core@UModSys@@@tl@3@@tl@UModSys@@H@tl@UModSys@@@tl@UModSys@@QBEPAU?$TScatterArrayNode@U?$TRefObjectCompositeExtra@UIMouseClient@libui@UModSys@@HUIRefObject@core@3@U?$TRefObjectFunc@UIRefObject@core@UModSys@@@tl@3@@tl@UModSys@@H@12@UCmp@?$TScatterArray@U?$TRefObjectCompositeExtra@UIMouseClient@libui@UModSys@@HUIRefObject@core@3@U?$TRefObjectFunc@UIRefObject@core@UModSys@@@tl@3@@tl@UModSys@@HU?$TScalarCompare@H@core@3@U?$TNodeDeleter0@U?$TScatterArrayNode@U?$TRefObjectCompositeExtra@UIMouseClient@libui@UModSys@@HUIRefObject@core@3@U?$TRefObjectFunc@UIRefObject@core@UModSys@@@tl@3@@tl@UModSys@@H@tl@UModSys@@@23@@12@@Z 10006d10 f i umodsys_lib_libui:umodsys.mod.ui.SDL_core.obj
 0001:00005d10       ??$find_node_u@UCmp@?$TScatterArray@HHU?$TScalarCompare@H@core@UModSys@@U?$TNodeDeleter0@U?$TScatterArrayNode@HH@tl@UModSys@@@tl@3@@tl@UModSys@@@?$TTreeHoldRB@U?$TScatterArrayNode@HH@tl@UModSys@@@tl@UModSys@@QBEPAU?$TScatterArrayNode@HH@12@UCmp@?$TScatterArray@HHU?$TScalarCompare@H@core@UModSys@@U?$TNodeDeleter0@U?$TScatterArrayNode@HH@tl@UModSys@@@tl@3@@12@@Z 10006d10 f i umodsys_lib_libui:umodsys.mod.ui.frames.obj
 0001:00005d10       ??$find_node_u@UCmp@?$TScatterArray@U?$TVector2@M@math3d@UModSys@@HU?$TScalarCompare@H@core@3@U?$TNodeDeleter0@U?$TScatterArrayNode@U?$TVector2@M@math3d@UModSys@@H@tl@UModSys@@@tl@3@@tl@UModSys@@@?$TTreeHoldRB@U?$TScatterArrayNode@U?$TVector2@M@math3d@UModSys@@H@tl@UModSys@@@tl@UModSys@@QBEPAU?$TScatterArrayNode@U?$TVector2@M@math3d@UModSys@@H@12@UCmp@?$TScatterArray@U?$TVector2@M@math3d@UModSys@@HU?$TScalarCompare@H@core@3@U?$TNodeDeleter0@U?$TScatterArrayNode@U?$TVector2@M@math3d@UModSys@@H@tl@UModSys@@@tl@3@@12@@Z 10006d10 f i umodsys_lib_libui:umodsys.mod.ui.frames.obj
 0001:00005d10       ??$find_node_u@UCmp@?$TScatterArray@UGlyph@RMultiImage2D_SDL_ttf@SDL_core@ui@modules@UModSys@@HU?$TScalarCompare@H@core@6@U?$TNodeDeleter0@U?$TScatterArrayNode@UGlyph@RMultiImage2D_SDL_ttf@SDL_core@ui@modules@UModSys@@H@tl@UModSys@@@tl@6@@tl@UModSys@@@?$TTreeHoldRB@U?$TScatterArrayNode@UGlyph@RMultiImage2D_SDL_ttf@SDL_core@ui@modules@UModSys@@H@tl@UModSys@@@tl@UModSys@@QBEPAU?$TScatterArrayNode@UGlyph@RMultiImage2D_SDL_ttf@SDL_core@ui@modules@UModSys@@H@12@UCmp@?$TScatterArray@UGlyph@RMultiImage2D_SDL_ttf@SDL_core@ui@modules@UModSys@@HU?$TScalarCompare@H@core@6@U?$TNodeDeleter0@U?$TScatterArrayNode@UGlyph@RMultiImage2D_SDL_ttf@SDL_core@ui@modules@UModSys@@H@tl@UModSys@@@tl@6@@12@@Z 10006d10 f i umodsys_lib_libui:umodsys.mod.ui.SDL_core.obj
 0001:00005d10       ??$find_node_u@UCmp@?$TScatterArray@U?$TRefObjectComposite@UIKeyboardClient@libui@UModSys@@UIRefObject@core@3@U?$TRefObjectFunc@UIRefObject@core@UModSys@@@tl@3@@tl@UModSys@@HU?$TScalarCompare@H@core@3@U?$TNodeDeleter0@U?$TScatterArrayNode@U?$TRefObjectComposite@UIKeyboardClient@libui@UModSys@@UIRefObject@core@3@U?$TRefObjectFunc@UIRefObject@core@UModSys@@@tl@3@@tl@UModSys@@H@tl@UModSys@@@23@@tl@UModSys@@@?$TTreeHoldRB@U?$TScatterArrayNode@U?$TRefObjectComposite@UIKeyboardClient@libui@UModSys@@UIRefObject@core@3@U?$TRefObjectFunc@UIRefObject@core@UModSys@@@tl@3@@tl@UModSys@@H@tl@UModSys@@@tl@UModSys@@QBEPAU?$TScatterArrayNode@U?$TRefObjectComposite@UIKeyboardClient@libui@UModSys@@UIRefObject@core@3@U?$TRefObjectFunc@UIRefObject@core@UModSys@@@tl@3@@tl@UModSys@@H@12@UCmp@?$TScatterArray@U?$TRefObjectComposite@UIKeyboardClient@libui@UModSys@@UIRefObject@core@3@U?$TRefObjectFunc@UIRefObject@core@UModSys@@@tl@3@@tl@UModSys@@HU?$TScalarCompare@H@core@3@U?$TNodeDeleter0@U?$TScatterArrayNode@U?$TRefObjectComposite@UIKeyboardClient@libui@UModSys@@UIRefObject@core@3@U?$TRefObjectFunc@UIRefObject@core@UModSys@@@tl@3@@tl@UModSys@@H@tl@UModSys@@@23@@12@@Z 10006d10 f i umodsys_lib_libui:umodsys.mod.ui.SDL_core.obj
 0001:00005d10       ??$find_node_u@UCmp@?$TScatterArray@U?$TVector4@M@math3d@UModSys@@HU?$TScalarCompare@H@core@3@U?$TNodeDeleter0@U?$TScatterArrayNode@U?$TVector4@M@math3d@UModSys@@H@tl@UModSys@@@tl@3@@tl@UModSys@@@?$TTreeHoldRB@U?$TScatterArrayNode@U?$TVector4@M@math3d@UModSys@@H@tl@UModSys@@@tl@UModSys@@QBEPAU?$TScatterArrayNode@U?$TVector4@M@math3d@UModSys@@H@12@UCmp@?$TScatterArray@U?$TVector4@M@math3d@UModSys@@HU?$TScalarCompare@H@core@3@U?$TNodeDeleter0@U?$TScatterArrayNode@U?$TVector4@M@math3d@UModSys@@H@tl@UModSys@@@tl@3@@12@@Z 10006d10 f i umodsys_lib_libui:umodsys.mod.ui.frames.obj
 0001:00005d50       ??$genx_node@UCmp@?$TScatterArray@U?$TRefObjectCompositeExtra@UIMouseClient@libui@UModSys@@HUIRefObject@core@3@U?$TRefObjectFunc@UIRefObject@core@UModSys@@@tl@3@@tl@UModSys@@HU?$TScalarCompare@H@core@3@U?$TNodeDeleter0@U?$TScatterArrayNode@U?$TRefObjectCompositeExtra@UIMouseClient@libui@UModSys@@HUIRefObject@core@3@U?$TRefObjectFunc@UIRefObject@core@UModSys@@@tl@3@@tl@UModSys@@H@tl@UModSys@@@23@@tl@UModSys@@UGen0@234@@?$TTreeHoldRBD@U?$TScatterArrayNode@U?$TRefObjectCompositeExtra@UIMouseClient@libui@UModSys@@HUIRefObject@core@3@U?$TRefObjectFunc@UIRefObject@core@UModSys@@@tl@3@@tl@UModSys@@H@tl@UModSys@@U?$TNodeDeleter0@U?$TScatterArrayNode@U?$TRefObjectCompositeExtra@UIMouseClient@libui@UModSys@@HUIRefObject@core@3@U?$TRefObjectFunc@UIRefObject@core@UModSys@@@tl@3@@tl@UModSys@@H@tl@UModSys@@@23@@tl@UModSys@@QAEPAU?$TScatterArrayNode@U?$TRefObjectCompositeExtra@UIMouseClient@libui@UModSys@@HUIRefObject@core@3@U?$TRefObjectFunc@UIRefObject@core@UModSys@@@tl@3@@tl@UModSys@@H@12@UCmp@?$TScatterArray@U?$TRefObjectCompositeExtra@UIMouseClient@libui@UModSys@@HUIRefObject@core@3@U?$TRefObjectFunc@UIRefObject@core@UModSys@@@tl@3@@tl@UModSys@@HU?$TScalarCompare@H@core@3@U?$TNodeDeleter0@U?$TScatterArrayNode@U?$TRefObjectCompositeExtra@UIMouseClient@libui@UModSys@@HUIRefObject@core@3@U?$TRefObjectFunc@UIRefObject@core@UModSys@@@tl@3@@tl@UModSys@@H@tl@UModSys@@@23@@12@ABUGen0@512@PAPAU312@2_N@Z 10006d50 f i umodsys_lib_libui:umodsys.mod.ui.SDL_core.obj
 0001:00005dc0       ??$genx_node@UCmp@?$TScatterArray@U?$TRefObjectComposite@UIKeyboardClient@libui@UModSys@@UIRefObject@core@3@U?$TRefObjectFunc@UIRefObject@core@UModSys@@@tl@3@@tl@UModSys@@HU?$TScalarCompare@H@core@3@U?$TNodeDeleter0@U?$TScatterArrayNode@U?$TRefObjectComposite@UIKeyboardClient@libui@UModSys@@UIRefObject@core@3@U?$TRefObjectFunc@UIRefObject@core@UModSys@@@tl@3@@tl@UModSys@@H@tl@UModSys@@@23@@tl@UModSys@@UGen0@234@@?$TTreeHoldRBD@U?$TScatterArrayNode@U?$TRefObjectComposite@UIKeyboardClient@libui@UModSys@@UIRefObject@core@3@U?$TRefObjectFunc@UIRefObject@core@UModSys@@@tl@3@@tl@UModSys@@H@tl@UModSys@@U?$TNodeDeleter0@U?$TScatterArrayNode@U?$TRefObjectComposite@UIKeyboardClient@libui@UModSys@@UIRefObject@core@3@U?$TRefObjectFunc@UIRefObject@core@UModSys@@@tl@3@@tl@UModSys@@H@tl@UModSys@@@23@@tl@UModSys@@QAEPAU?$TScatterArrayNode@U?$TRefObjectComposite@UIKeyboardClient@libui@UModSys@@UIRefObject@core@3@U?$TRefObjectFunc@UIRefObject@core@UModSys@@@tl@3@@tl@UModSys@@H@12@UCmp@?$TScatterArray@U?$TRefObjectComposite@UIKeyboardClient@libui@UModSys@@UIRefObject@core@3@U?$TRefObjectFunc@UIRefObject@core@UModSys@@@tl@3@@tl@UModSys@@HU?$TScalarCompare@H@core@3@U?$TNodeDeleter0@U?$TScatterArrayNode@U?$TRefObjectComposite@UIKeyboardClient@libui@UModSys@@UIRefObject@core@3@U?$TRefObjectFunc@UIRefObject@core@UModSys@@@tl@3@@tl@UModSys@@H@tl@UModSys@@@23@@12@ABUGen0@512@PAPAU312@2_N@Z 10006dc0 f i umodsys_lib_libui:umodsys.mod.ui.SDL_core.obj
 0001:00005e30       ?rotate_left@?$TTreeHoldRB@U?$TScatterArrayNode@U?$TRefObjectCompositeExtra@UIMouseClient@libui@UModSys@@HUIRefObject@core@3@U?$TRefObjectFunc@UIRefObject@core@UModSys@@@tl@3@@tl@UModSys@@H@tl@UModSys@@@tl@UModSys@@IAEXPAU?$TScatterArrayNode@U?$TRefObjectCompositeExtra@UIMouseClient@libui@UModSys@@HUIRefObject@core@3@U?$TRefObjectFunc@UIRefObject@core@UModSys@@@tl@3@@tl@UModSys@@H@23@@Z 10006e30 f i umodsys_lib_libui:umodsys.mod.ui.SDL_core.obj
 0001:00005e30       ?rotate_left@?$TTreeHoldRB@U?$TScatterArrayNode@U?$TRefObjectComposite@UIKeyboardClient@libui@UModSys@@UIRefObject@core@3@U?$TRefObjectFunc@UIRefObject@core@UModSys@@@tl@3@@tl@UModSys@@H@tl@UModSys@@@tl@UModSys@@IAEXPAU?$TScatterArrayNode@U?$TRefObjectComposite@UIKeyboardClient@libui@UModSys@@UIRefObject@core@3@U?$TRefObjectFunc@UIRefObject@core@UModSys@@@tl@3@@tl@UModSys@@H@23@@Z 10006e30 f i umodsys_lib_libui:umodsys.mod.ui.SDL_core.obj
 0001:00005e80       ?rotate_right@?$TTreeHoldRB@U?$TScatterArrayNode@U?$TRefObjectComposite@UIKeyboardClient@libui@UModSys@@UIRefObject@core@3@U?$TRefObjectFunc@UIRefObject@core@UModSys@@@tl@3@@tl@UModSys@@H@tl@UModSys@@@tl@UModSys@@IAEXPAU?$TScatterArrayNode@U?$TRefObjectComposite@UIKeyboardClient@libui@UModSys@@UIRefObject@core@3@U?$TRefObjectFunc@UIRefObject@core@UModSys@@@tl@3@@tl@UModSys@@H@23@@Z 10006e80 f i umodsys_lib_libui:umodsys.mod.ui.SDL_core.obj
[...]
 0001:00013e00       ??__E?s_id@?$TObjectUniqueID@URFrame_Text@frames@ui@modules@UModSys@@@tl@UModSys@@2USUniquePointer@core@3@A@@YAXXZ 10014e00 f    CIL library: CIL module
 0001:00013e30       ??__E?s_id@?$TObjectUniqueID@URFrame_Button@frames@ui@modules@UModSys@@@tl@UModSys@@2USUniquePointer@core@3@A@@YAXXZ 10014e30 f    CIL library: CIL module
 0001:00013e60       ??__E?s_id@?$TObjectUniqueID@URFrame_Edit@frames@ui@modules@UModSys@@@tl@UModSys@@2USUniquePointer@core@3@A@@YAXXZ 10014e60 f    CIL library: CIL module
 0001:00013e90       ??__E?s_id@?$TObjectUniqueID@URFrame_List@frames@ui@modules@UModSys@@@tl@UModSys@@2USUniquePointer@core@3@A@@YAXXZ 10014e90 f    CIL library: CIL module
 0001:00013ec0       ??__E?s_id@?$TObjectUniqueID@URCollector@frames@ui@modules@UModSys@@@tl@UModSys@@2USUniquePointer@core@3@A@@YAXXZ 10014ec0 f    CIL library: CIL module
 0001:00013ef0       ??__E?s_id@?$TObjectUniqueID@URGenerator@frames@ui@modules@UModSys@@@tl@UModSys@@2USUniquePointer@core@3@A@@YAXXZ 10014ef0 f    CIL library: CIL module
 0001:00013f20       ??__E?s_modreg@RModuleReg@images_std@media@modules@UModSys@@2U12345@A@@YAXXZ 10014f20 f    CIL library: CIL module
 0001:00013f60       ??__E?s_modreg_chain@RModuleReg@images_std@media@modules@UModSys@@2USModuleRegChain@base@5@A@@YAXXZ 10014f60 f    CIL library: CIL module
 0001:00013f80       ??__E?s_uid@RGenerator@images_std@media@modules@UModSys@@2USUniquePointer@core@5@A@@YAXXZ 10014f80 f    CIL library: CIL module
 0001:00013fb0       ??__E?s_id@?$TObjectUniqueID@URMediaFilter@images_std@media@modules@UModSys@@@tl@UModSys@@2USUniquePointer@core@3@A@@YAXXZ 10014fb0 f    CIL library: CIL module
 0001:00013fe0       ??__E?s_id@?$TObjectUniqueID@URGenerator@images_std@media@modules@UModSys@@@tl@UModSys@@2USUniquePointer@core@3@A@@YAXXZ 10014fe0 f    CIL library: CIL module
 0001:00014010       ??__E?s_modreg@RModuleReg@serialize_json@media@modules@UModSys@@2U12345@A@@YAXXZ 10015010 f    CIL library: CIL module
 0001:00014050       ??__E?s_modreg_chain@RModuleReg@serialize_json@media@modules@UModSys@@2USModuleRegChain@base@5@A@@YAXXZ 10015050 f    CIL library: CIL module
 0001:00014070       ??__E?s_uid@RGenerator@serialize_json@media@modules@UModSys@@2USUniquePointer@core@5@A@@YAXXZ 10015070 f    CIL library: CIL module
 0001:000140a0       ??__E?s_id@?$TObjectUniqueID@URSerializeReader@serialize_json@media@modules@UModSys@@@tl@UModSys@@2USUniquePointer@core@3@A@@YAXXZ 100150a0 f    CIL library: CIL module
 0001:000140d0       ??__E?s_id@?$TObjectUniqueID@URSerializeWriter@serialize_json@media@modules@UModSys@@@tl@UModSys@@2USUniquePointer@core@3@A@@YAXXZ 100150d0 f    CIL library: CIL module
 0001:00014100       ??__E?s_id@?$TObjectUniqueID@URGenerator@serialize_json@media@modules@UModSys@@@tl@UModSys@@2USUniquePointer@core@3@A@@YAXXZ 10015100 f    CIL library: CIL module
 0001:00014130       ??__EM@UModSys@@YAXXZ      10015130 f    CIL library: CIL module
 0001:00014150       ??__E?root@SModuleRegChain@base@UModSys@@2U123@A@@YAXXZ 10015150 f    CIL library: CIL module
 0001:00014170       ??__E?s_library@RModuleLibraryReg_Chain@base@UModSys@@2U123@A@@YAXXZ 10015170 f    CIL library: CIL module
 0001:00014190       ??__E?root@SUniquePointer@core@UModSys@@2U123@A@@YAXXZ 10015190 f    CIL library: CIL module
 0001:000141b0       ??__F?s_modreg@RModuleReg@test1@test@modules@UModSys@@2U12345@A@@YAXXZ 100151b0 f    CIL library: CIL module
 0001:000141d0       ??__F?s_modreg_chain@RModuleReg@test1@test@modules@UModSys@@2USModuleRegChain@base@5@A@@YAXXZ 100151d0 f    CIL library: CIL module
 0001:000141e0       ??__F?s_uid@RGenerator@test1@test@modules@UModSys@@2USUniquePointer@core@5@A@@YAXXZ 100151e0 f    CIL library: CIL module
 0001:000141f0       ??__Fh@?1??s_holder@RGenerator@test1@test@modules@UModSys@@SAAAU?$TTypeStaticHolder@URGenerator@test1@test@modules@UModSys@@@tl@5@XZ@YAXXZ 100151f0 f    CIL library: CIL module
 0001:00014210       ??__F?s_id@?$TObjectUniqueID@URGenerator@test1@test@modules@UModSys@@@tl@UModSys@@2USUniquePointer@core@3@A@@YAXXZ 10015210 f    CIL library: CIL module
 0001:00014220       ??__F?s_id@?$TObjectUniqueID@URTest1_Shell@test1@test@modules@UModSys@@@tl@UModSys@@2USUniquePointer@core@3@A@@YAXXZ 10015220 f    CIL library: CIL module
 0001:00014230       ??__F?s_id@?$TObjectUniqueID@URLines_Filter@test1@test@modules@UModSys@@@tl@UModSys@@2USUniquePointer@core@3@A@@YAXXZ 10015230 f    CIL library: CIL module
 0001:00014240       ??__F?s_id@?$TObjectUniqueID@URLines@test1@test@modules@UModSys@@@tl@UModSys@@2USUniquePointer@core@3@A@@YAXXZ 10015240 f    CIL library: CIL module
 0001:00014250       ??__F?s_id@?$TObjectUniqueID@UILines@test1@test@modules@UModSys@@@tl@UModSys@@2USUniquePointer@core@3@A@@YAXXZ 10015250 f    CIL library: CIL module
 0001:00014260       ??__F?s_id@?$TObjectUniqueID@UIRenderDriver@lib2d@UModSys@@@tl@UModSys@@2USUniquePointer@core@3@A@@YAXXZ 10015260 f    CIL library: CIL module
 0001:00014270       ??__F?s_id@?$TObjectUniqueID@UIMultiImage@lib2d@UModSys@@@tl@UModSys@@2USUniquePointer@core@3@A@@YAXXZ 10015270 f    CIL library: CIL module
 0001:00014280       ??__F?s_id@?$TObjectUniqueID@UIImage@lib2d@UModSys@@@tl@UModSys@@2USUniquePointer@core@3@A@@YAXXZ 10015280 f    CIL library: CIL module
 0001:00014290       ??__F?s_id@?$TObjectUniqueID@UIDialog@libui@UModSys@@@tl@UModSys@@2USUniquePointer@core@3@A@@YAXXZ 10015290 f    CIL library: CIL module
 0001:000142a0       ??__F?s_id@?$TObjectUniqueID@UIFrame@libui@UModSys@@@tl@UModSys@@2USUniquePointer@core@3@A@@YAXXZ 100152a0 f    CIL library: CIL module
 0001:000142b0       ??__F?s_id@?$TObjectUniqueID@UIAsyncCollector@libui@UModSys@@@tl@UModSys@@2USUniquePointer@core@3@A@@YAXXZ 100152b0 f    CIL library: CIL module
 0001:000142c0       ??__F?s_id@?$TObjectUniqueID@UIAsyncController@libui@UModSys@@@tl@UModSys@@2USUniquePointer@core@3@A@@YAXXZ 100152c0 f    CIL library: CIL module
 0001:000142d0       ??__F?s_id@?$TObjectUniqueID@UICollector@libui@UModSys@@@tl@UModSys@@2USUniquePointer@core@3@A@@YAXXZ 100152d0 f    CIL library: CIL module
 0001:000142e0       ??__F?s_id@?$TObjectUniqueID@UIConsoleHelperInput_UIKey@libui@UModSys@@@tl@UModSys@@2USUniquePointer@core@3@A@@YAXXZ 100152e0 f    CIL library: CIL module
 0001:000142f0       ??__F?s_id@?$TObjectUniqueID@UITerminal@libui@UModSys@@@tl@UModSys@@2USUniquePointer@core@3@A@@YAXXZ 100152f0 f    CIL library: CIL module
 0001:00014300       ??__F?s_id@?$TObjectUniqueID@UIJoystickController@libui@UModSys@@@tl@UModSys@@2USUniquePointer@core@3@A@@YAXXZ 10015300 f    CIL library: CIL module
 0001:00014310       ??__F?s_id@?$TObjectUniqueID@UIMouseController@libui@UModSys@@@tl@UModSys@@2USUniquePointer@core@3@A@@YAXXZ 10015310 f    CIL library: CIL module
 0001:00014320       ??__F?s_id@?$TObjectUniqueID@UIKeyboardController@libui@UModSys@@@tl@UModSys@@2USUniquePointer@core@3@A@@YAXXZ 10015320 f    CIL library: CIL module
 0001:00014330       ??__F?s_id@?$TObjectUniqueID@UIConsoleHelperOutputFCS@base@UModSys@@@tl@UModSys@@2USUniquePointer@core@3@A@@YAXXZ 10015330 f    CIL library: CIL module
 0001:00014340       ??__F?s_id@?$TObjectUniqueID@UIConsoleHelperOutput@base@UModSys@@@tl@UModSys@@2USUniquePointer@core@3@A@@YAXXZ 10015340 f    CIL library: CIL module
 0001:00014350       ??__F?s_id@?$TObjectUniqueID@UIConsoleHelperInput@base@UModSys@@@tl@UModSys@@2USUniquePointer@core@3@A@@YAXXZ 10015350 f    CIL library: CIL module
 0001:00014360       ??__F?s_id@?$TObjectUniqueID@UIConsoleHelperHistory@base@UModSys@@@tl@UModSys@@2USUniquePointer@core@3@A@@YAXXZ 10015360 f    CIL library: CIL module
 0001:00014370       ??__F?s_id@?$TObjectUniqueID@UIConsoleHelper@base@UModSys@@@tl@UModSys@@2USUniquePointer@core@3@A@@YAXXZ 10015370 f    CIL library: CIL module
 0001:00014380       ??__F?s_id@?$TObjectUniqueID@UIConsoleExt@base@UModSys@@@tl@UModSys@@2USUniquePointer@core@3@A@@YAXXZ 10015380 f    CIL library: CIL module
 0001:00014390       ??__F?s_id@?$TObjectUniqueID@UISerializeWriter@libmedia@UModSys@@@tl@UModSys@@2USUniquePointer@core@3@A@@YAXXZ 10015390 f    CIL library: CIL module
 0001:000143a0       ??__F?s_id@?$TObjectUniqueID@UISerializeReader@libmedia@UModSys@@@tl@UModSys@@2USUniquePointer@core@3@A@@YAXXZ 100153a0 f    CIL library: CIL module
 0001:000143b0       ??__F?s_id@?$TObjectUniqueID@UILibraryLayered@libmedia@UModSys@@@tl@UModSys@@2USUniquePointer@core@3@A@@YAXXZ 100153b0 f    CIL library: CIL module
 0001:000143c0       ??__F?s_id@?$TObjectUniqueID@UILibraryObjCache@libmedia@UModSys@@@tl@UModSys@@2USUniquePointer@core@3@A@@YAXXZ 100153c0 f    CIL library: CIL module
 0001:000143d0       ??__F?s_id@?$TObjectUniqueID@UILibraryObjFilter@libmedia@UModSys@@@tl@UModSys@@2USUniquePointer@core@3@A@@YAXXZ 100153d0 f    CIL library: CIL module
 0001:000143e0       ??__F?s_id@?$TObjectUniqueID@UILibraryBinCache@libmedia@UModSys@@@tl@UModSys@@2USUniquePointer@core@3@A@@YAXXZ 100153e0 f    CIL library: CIL module
 0001:000143f0       ??__F?s_id@?$TObjectUniqueID@UILibraryBinTree@libmedia@UModSys@@@tl@UModSys@@2USUniquePointer@core@3@A@@YAXXZ 100153f0 f    CIL library: CIL module
 0001:00014400       ??__F?s_id@?$TObjectUniqueID@UILibrary@libmedia@UModSys@@@tl@UModSys@@2USUniquePointer@core@3@A@@YAXXZ 10015400 f    CIL library: CIL module
 0001:00014410       ??__F?s_id@?$TObjectUniqueID@UIBinObjFilter@libmedia@UModSys@@@tl@UModSys@@2USUniquePointer@core@3@A@@YAXXZ 10015410 f    CIL library: CIL module
 0001:00014420       ??__F?s_id@?$TObjectUniqueID@UIBinArchive@libmedia@UModSys@@@tl@UModSys@@2USUniquePointer@core@3@A@@YAXXZ 10015420 f    CIL library: CIL module
 0001:00014430       ??__F?s_id@?$TObjectUniqueID@UITextWriter@libmedia@UModSys@@@tl@UModSys@@2USUniquePointer@core@3@A@@YAXXZ 10015430 f    CIL library: CIL module
 0001:00014440       ??__F?s_id@?$TObjectUniqueID@UITextReader@libmedia@UModSys@@@tl@UModSys@@2USUniquePointer@core@3@A@@YAXXZ 10015440 f    CIL library: CIL module
 0001:00014450       ??__F?s_id@?$TObjectUniqueID@UIStreamWriter@libmedia@UModSys@@@tl@UModSys@@2USUniquePointer@core@3@A@@YAXXZ 10015450 f    CIL library: CIL module
 0001:00014460       ??__F?s_id@?$TObjectUniqueID@UIStreamReader@libmedia@UModSys@@@tl@UModSys@@2USUniquePointer@core@3@A@@YAXXZ 10015460 f    CIL library: CIL module
 0001:00014470       ??__F?s_id@?$TObjectUniqueID@UISystem@base@UModSys@@@tl@UModSys@@2USUniquePointer@core@3@A@@YAXXZ 10015470 f    CIL library: CIL module
 0001:00014480       ??__F?s_id@?$TObjectUniqueID@UIConsole@base@UModSys@@@tl@UModSys@@2USUniquePointer@core@3@A@@YAXXZ 10015480 f    CIL library: CIL module
 0001:00014490       ??__F?s_id@?$TObjectUniqueID@UIShell@base@UModSys@@@tl@UModSys@@2USUniquePointer@core@3@A@@YAXXZ 10015490 f    CIL library: CIL module
 0001:000144a0       ??__F?s_id@?$TObjectUniqueID@UIGenerator@base@UModSys@@@tl@UModSys@@2USUniquePointer@core@3@A@@YAXXZ 100154a0 f    CIL library: CIL module
 0001:000144b0       ??__F?s_id@?$TObjectUniqueID@UIModObject@base@UModSys@@@tl@UModSys@@2USUniquePointer@core@3@A@@YAXXZ 100154b0 f    CIL library: CIL module
 0001:000144c0       ??__F?s_id@?$TObjectUniqueID@UIModuleLibrary@base@UModSys@@@tl@UModSys@@2USUniquePointer@core@3@A@@YAXXZ 100154c0 f    CIL library: CIL module
 0001:000144d0       ??__F?s_id@?$TObjectUniqueID@UIModule@base@UModSys@@@tl@UModSys@@2USUniquePointer@core@3@A@@YAXXZ 100154d0 f    CIL library: CIL module
 0001:000144e0       ??__F?s_id@?$TObjectUniqueID@UIParameters@core@UModSys@@@tl@UModSys@@2USUniquePointer@core@3@A@@YAXXZ 100154e0 f    CIL library: CIL module
 0001:000144f0       ??__F?s_id@?$TObjectUniqueID@UIRefObject@core@UModSys@@@tl@UModSys@@2USUniquePointer@core@3@A@@YAXXZ 100154f0 f    CIL library: CIL module
 0001:00014500       ??__F?s_id@?$TObjectUniqueID@UIRoot@core@UModSys@@@tl@UModSys@@2USUniquePointer@core@3@A@@YAXXZ 10015500 f    CIL library: CIL module
 0001:00014510       ??__F?s_modreg@RModuleReg@stdlib@lib2d@modules@UModSys@@2U12345@A@@YAXXZ 10015510 f    CIL library: CIL module
 0001:00014530       ??__F?s_modreg_chain@RModuleReg@stdlib@lib2d@modules@UModSys@@2USModuleRegChain@base@5@A@@YAXXZ 10015530 f    CIL library: CIL module
 0001:00014540       ??__F?s_uid@RGenerator@stdlib@lib2d@modules@UModSys@@2USUniquePointer@core@5@A@@YAXXZ 10015540 f    CIL library: CIL module
 0001:00014550       ??__Fh@?1??s_holder@RGenerator@stdlib@lib2d@modules@UModSys@@SAAAU?$TTypeStaticHolder@URGenerator@stdlib@lib2d@modules@UModSys@@@tl@5@XZ@YAXXZ 10015550 f    CIL library: CIL module
 0001:00014570       ??__F?s_id@?$TObjectUniqueID@URGenerator@stdlib@lib2d@modules@UModSys@@@tl@UModSys@@2USUniquePointer@core@3@A@@YAXXZ 10015570 f    CIL library: CIL module
 0001:00014580       ??__F?s_id@?$TObjectUniqueID@URImage_Memory@stdlib@lib2d@modules@UModSys@@@tl@UModSys@@2USUniquePointer@core@3@A@@YAXXZ 10015580 f    CIL library: CIL module
 0001:00014590       ??__F?s_modreg@RModuleReg@SDL_core@ui@modules@UModSys@@2U12345@A@@YAXXZ 10015590 f    CIL library: CIL module
 0001:000145b0       ??__F?s_modreg_chain@RModuleReg@SDL_core@ui@modules@UModSys@@2USModuleRegChain@base@5@A@@YAXXZ 100155b0 f    CIL library: CIL module
 0001:000145c0       ??__F?s_uid@RGenerator@SDL_core@ui@modules@UModSys@@2USUniquePointer@core@5@A@@YAXXZ 100155c0 f    CIL library: CIL module
 0001:000145d0       ??__Fh@?1??s_holder@RGenerator@SDL_core@ui@modules@UModSys@@SAAAU?$TTypeStaticHolder@URGenerator@SDL_core@ui@modules@UModSys@@@tl@5@XZ@YAXXZ 100155d0 f    CIL library: CIL module
 0001:000145f0       ??__F?s_id@?$TObjectUniqueID@URGenerator@SDL_core@ui@modules@UModSys@@@tl@UModSys@@2USUniquePointer@core@3@A@@YAXXZ 100155f0 f    CIL library: CIL module
 0001:00014600       ??__F?s_id@?$TObjectUniqueID@URTerminal@SDL_core@ui@modules@UModSys@@@tl@UModSys@@2USUniquePointer@core@3@A@@YAXXZ 10015600 f    CIL library: CIL module
 0001:00014610       ??__F?s_id@?$TObjectUniqueID@URKeyboardController@SDL_core@ui@modules@UModSys@@@tl@UModSys@@2USUniquePointer@core@3@A@@YAXXZ 10015610 f    CIL library: CIL module
 0001:00014620       ??__F?s_id@?$TObjectUniqueID@URMouseController@SDL_core@ui@modules@UModSys@@@tl@UModSys@@2USUniquePointer@core@3@A@@YAXXZ 10015620 f    CIL library: CIL module
 0001:00014630       ??__F?s_id@?$TObjectUniqueID@URRenderDriver2D@SDL_core@ui@modules@UModSys@@@tl@UModSys@@2USUniquePointer@core@3@A@@YAXXZ 10015630 f    CIL library: CIL module
 0001:00014640       ??__F?s_id@?$TObjectUniqueID@URMultiImage2D_SDL_ttf@SDL_core@ui@modules@UModSys@@@tl@UModSys@@2USUniquePointer@core@3@A@@YAXXZ 10015640 f    CIL library: CIL module
 0001:00014650       ??__F?s_modreg@RModuleReg@frames@ui@modules@UModSys@@2U12345@A@@YAXXZ 10015650 f    CIL library: CIL module
 0001:00014670       ??__F?s_modreg_chain@RModuleReg@frames@ui@modules@UModSys@@2USModuleRegChain@base@5@A@@YAXXZ 10015670 f    CIL library: CIL module
 0001:00014680       ??__F?s_uid@RGenerator@frames@ui@modules@UModSys@@2USUniquePointer@core@5@A@@YAXXZ 10015680 f    CIL library: CIL module
 0001:00014690       ??__Fh@?1??s_holder@RGenerator@frames@ui@modules@UModSys@@SAAAU?$TTypeStaticHolder@URGenerator@frames@ui@modules@UModSys@@@tl@5@XZ@YAXXZ 10015690 f    CIL library: CIL module
 0001:000146b0       ??__F?s_id@?$TObjectUniqueID@URGenerator@frames@ui@modules@UModSys@@@tl@UModSys@@2USUniquePointer@core@3@A@@YAXXZ 100156b0 f    CIL library: CIL module
 0001:000146c0       ??__F?s_id@?$TObjectUniqueID@URCollector@frames@ui@modules@UModSys@@@tl@UModSys@@2USUniquePointer@core@3@A@@YAXXZ 100156c0 f    CIL library: CIL module
 0001:000146d0       ??__F?s_id@?$TObjectUniqueID@URFrame_List@frames@ui@modules@UModSys@@@tl@UModSys@@2USUniquePointer@core@3@A@@YAXXZ 100156d0 f    CIL library: CIL module
 0001:000146e0       ??__F?s_id@?$TObjectUniqueID@URFrame_Edit@frames@ui@modules@UModSys@@@tl@UModSys@@2USUniquePointer@core@3@A@@YAXXZ 100156e0 f    CIL library: CIL module
 0001:000146f0       ??__F?s_id@?$TObjectUniqueID@URFrame_Button@frames@ui@modules@UModSys@@@tl@UModSys@@2USUniquePointer@core@3@A@@YAXXZ 100156f0 f    CIL library: CIL module
 0001:00014700       ??__F?s_id@?$TObjectUniqueID@URFrame_Text@frames@ui@modules@UModSys@@@tl@UModSys@@2USUniquePointer@core@3@A@@YAXXZ 10015700 f    CIL library: CIL module
 0001:00014710       ??__F?s_id@?$TObjectUniqueID@URFrame_Image@frames@ui@modules@UModSys@@@tl@UModSys@@2USUniquePointer@core@3@A@@YAXXZ 10015710 f    CIL library: CIL module
 0001:00014720       ??__F?s_id@?$TObjectUniqueID@URFrame_Frame@frames@ui@modules@UModSys@@@tl@UModSys@@2USUniquePointer@core@3@A@@YAXXZ 10015720 f    CIL library: CIL module
 0001:00014730       ??__F?s_id@?$TObjectUniqueID@URDialog@frames@ui@modules@UModSys@@@tl@UModSys@@2USUniquePointer@core@3@A@@YAXXZ 10015730 f    CIL library: CIL module
 0001:00014740       ??__F?s_id@?$TObjectUniqueID@URFrame_Common@frames@ui@modules@UModSys@@@tl@UModSys@@2USUniquePointer@core@3@A@@YAXXZ 10015740 f    CIL library: CIL module
 0001:00014750       ??__F?s_modreg@RModuleReg@images_std@media@modules@UModSys@@2U12345@A@@YAXXZ 10015750 f    CIL library: CIL module
 0001:00014770       ??__F?s_modreg_chain@RModuleReg@images_std@media@modules@UModSys@@2USModuleRegChain@base@5@A@@YAXXZ 10015770 f    CIL library: CIL module
 0001:00014780       ??__F?s_uid@RGenerator@images_std@media@modules@UModSys@@2USUniquePointer@core@5@A@@YAXXZ 10015780 f    CIL library: CIL module
 0001:00014790       ??__Fh@?1??s_holder@RGenerator@images_std@media@modules@UModSys@@SAAAU?$TTypeStaticHolder@URGenerator@images_std@media@modules@UModSys@@@tl@5@XZ@YAXXZ 10015790 f    CIL library: CIL module
 0001:000147b0       ??__F?s_id@?$TObjectUniqueID@URGenerator@images_std@media@modules@UModSys@@@tl@UModSys@@2USUniquePointer@core@3@A@@YAXXZ 100157b0 f    CIL library: CIL module
 0001:000147c0       ??__F?s_id@?$TObjectUniqueID@URMediaFilter@images_std@media@modules@UModSys@@@tl@UModSys@@2USUniquePointer@core@3@A@@YAXXZ 100157c0 f    CIL library: CIL module
 0001:000147d0       ??__F?s_modreg@RModuleReg@serialize_json@media@modules@UModSys@@2U12345@A@@YAXXZ 100157d0 f    CIL library: CIL module
 0001:000147f0       ??__F?s_modreg_chain@RModuleReg@serialize_json@media@modules@UModSys@@2USModuleRegChain@base@5@A@@YAXXZ 100157f0 f    CIL library: CIL module
 0001:00014800       ??__F?s_uid@RGenerator@serialize_json@media@modules@UModSys@@2USUniquePointer@core@5@A@@YAXXZ 10015800 f    CIL library: CIL module
 0001:00014810       ??__Fh@?1??s_holder@RGenerator@serialize_json@media@modules@UModSys@@SAAAU?$TTypeStaticHolder@URGenerator@serialize_json@media@modules@UModSys@@@tl@5@XZ@YAXXZ 10015810 f    CIL library: CIL module
 0001:00014830       ??__F?s_id@?$TObjectUniqueID@URGenerator@serialize_json@media@modules@UModSys@@@tl@UModSys@@2USUniquePointer@core@3@A@@YAXXZ 10015830 f    CIL library: CIL module
 0001:00014840       ??__F?s_id@?$TObjectUniqueID@URSerializeWriter@serialize_json@media@modules@UModSys@@@tl@UModSys@@2USUniquePointer@core@3@A@@YAXXZ 10015840 f    CIL library: CIL module
 0001:00014850       ??__F?s_id@?$TObjectUniqueID@URSerializeReader@serialize_json@media@modules@UModSys@@@tl@UModSys@@2USUniquePointer@core@3@A@@YAXXZ 10015850 f    CIL library: CIL module
 0001:00014860       ??__FM@UModSys@@YAXXZ      10015860 f    CIL library: CIL module
 0001:00014870       ??__F?root@SModuleRegChain@base@UModSys@@2U123@A@@YAXXZ 10015870 f    CIL library: CIL module
 0001:00014880       ??__F?s_library@RModuleLibraryReg_Chain@base@UModSys@@2U123@A@@YAXXZ 10015880 f    CIL library: CIL module
 0001:00014890       ??__F?root@SUniquePointer@core@UModSys@@2U123@A@@YAXXZ 10015890 f    CIL library: CIL module

 Exports

  ordinal    name

        1    _UModSys_Plugin_Entry2@0
