 plugin_test1

 Timestamp is 5266a02f (Tue Oct 22 18:56:31 2013)

 Preferred load address is 10000000

 Start         Length     Name                   Class
 0001:00000000 00003f2cH .text                   CODE
 0001:00003f30 000002e8H .text$x                 CODE
 0001:00004220 00000571H .text$yc                CODE
 0001:000047a0 0000021aH .text$yd                CODE
 0002:00000000 0000009cH .idata$5                DATA
 0002:0000009c 00000004H .CRT$XCA                DATA
 0002:000000a0 0000019cH .CRT$XCU                DATA
 0002:0000023c 00000004H .CRT$XCZ                DATA
 0002:00000240 00000004H .CRT$XIA                DATA
 0002:00000244 00000004H .CRT$XIAA               DATA
 0002:00000248 00000004H .CRT$XIZ                DATA
 0002:00000250 00000a58H .rdata                  DATA
 0002:00000ca8 0000049cH .rdata$r                DATA
 0002:00001150 00000040H .rdata$sxdata           DATA
 0002:00001190 00000004H .rtc$IAA                DATA
 0002:00001194 00000004H .rtc$IZZ                DATA
 0002:00001198 00000004H .rtc$TAA                DATA
 0002:0000119c 00000004H .rtc$TZZ                DATA
 0002:000011a0 00000430H .xdata$x                DATA
 0002:000015d0 00000028H .idata$2                DATA
 0002:000015f8 00000014H .idata$3                DATA
 0002:0000160c 0000009cH .idata$4                DATA
 0002:000016a8 000002f0H .idata$6                DATA
 0002:000019a0 0000005cH .edata                  DATA
 0003:00000000 00000320H .data                   DATA
 0003:00000320 00000634H .bss                    DATA

  Address         Publics by Value              Rva+Base       Lib:Object

 0000:00000000       __except_list              00000000     <absolute>
 0000:00000010       ___safe_se_handler_count   00000010     <absolute>
 0000:00009876       __ldused                   00009876     <absolute>
 0000:00009876       __fltused                  00009876     <absolute>
 0000:00000000       ___ImageBase               10000000     <linker-defined>
 0001:00000000       ??1SCMemShared@core@UModSys@@QAE@XZ 10001000 f i plugin_test1.obj
 0001:00000010       ??3IRoot@core@UModSys@@SAXPAXABUSIMemAlloc@12@@Z 10001010 f i plugin_test1.obj
 0001:00000020       ?bin_save@ILibrary@libmedia@UModSys@@QAE_NABUSCMemShared@core@3@ABU?$TString@U?$TSCoreConst@D@su@tl@UModSys@@U?$TComparerBinaryHash@D@234@@tl@3@ABU?$TFlags4State@USMediaFlagUid@libmedia@UModSys@@I@73@@Z 10001020 f i plugin_test1.obj
 0001:00000090       ?get_interface_info@RLines@test1@test@modules@UModSys@@UBEABUSUniquePointerInfo@core@5@XZ 10001090 f i plugin_test1.obj
 0001:000000a0       ?get_interface_type@RLines@test1@test@modules@UModSys@@UBEPBUSUniquePointerInfo@core@5@XZ 100010a0 f i plugin_test1.obj
 0001:000000b0       ?get_other_interface@RLines@test1@test@modules@UModSys@@UAEPAUIRoot@core@5@PBUSUniquePointerInfo@75@@Z 100010b0 f i plugin_test1.obj
 0001:000000b0       ?get_other_interface@RLines@test1@test@modules@UModSys@@UBEPBUIRoot@core@5@PBUSUniquePointerInfo@75@@Z 100010b0 f i plugin_test1.obj
 0001:000000e0       ?ref_add@RLines@test1@test@modules@UModSys@@UBEXXZ 100010e0 f i plugin_test1.obj
 0001:000000f0       ?ref_remove@RLines@test1@test@modules@UModSys@@UBEXXZ 100010f0 f i plugin_test1.obj
 0001:00000100       ?ref_links@RLines@test1@test@modules@UModSys@@UBEHXZ 10001100 f i plugin_test1.obj
 0001:00000110       ?ref_weak@RLines@test1@test@modules@UModSys@@UBE_NAAUWeakPointer@IRefObject@core@5@@Z 10001110 f i plugin_test1.obj
 0001:00000130       ?suicide@RLines@test1@test@modules@UModSys@@UAEXXZ 10001130 f i plugin_test1.obj
 0001:00000140       ??0RLines@test1@test@modules@UModSys@@QAE@PAUIModObject@base@4@ABUSParameters@core@4@@Z 10001140 f i plugin_test1.obj
 0001:000001c0       ??_GRLines@test1@test@modules@UModSys@@UAEPAXI@Z 100011c0 f i plugin_test1.obj
 0001:000001c0       ??_ERLines@test1@test@modules@UModSys@@UAEPAXI@Z 100011c0 f i  CIL library: CIL module
 0001:00000230       ??1ILines@test1@test@modules@UModSys@@UAE@XZ 10001230 f i plugin_test1.obj
 0001:00000280       ??_GILines@test1@test@modules@UModSys@@UAEPAXI@Z 10001280 f i plugin_test1.obj
 0001:00000280       ??_EILines@test1@test@modules@UModSys@@UAEPAXI@Z 10001280 f i  CIL library: CIL module
 0001:000002f0       ??_EIRefObject@core@UModSys@@UAEPAXI@Z 100012f0 f i  CIL library: CIL module
 0001:000002f0       ??_ERGenerator@test1@test@modules@UModSys@@UAEPAXI@Z 100012f0 f i  CIL library: CIL module
 0001:000002f0       ??_GRGenerator@test1@test@modules@UModSys@@UAEPAXI@Z 100012f0 f i plugin_test1.obj
 0001:000002f0       ??_GIRefObject@core@UModSys@@UAEPAXI@Z 100012f0 f i plugin_test1.obj
 0001:00000310       ??_GIRoot@core@UModSys@@UAEPAXI@Z 10001310 f i plugin_test1.obj
 0001:00000310       ??_EIRoot@core@UModSys@@UAEPAXI@Z 10001310 f i  CIL library: CIL module
 0001:00000330       ?get_interface_info@RLines_Filter@test1@test@modules@UModSys@@UBEABUSUniquePointerInfo@core@5@XZ 10001330 f i plugin_test1.obj
 0001:00000340       ?get_interface_type@RLines_Filter@test1@test@modules@UModSys@@UBEPBUSUniquePointerInfo@core@5@XZ 10001340 f i plugin_test1.obj
 0001:00000350       ?get_other_interface@RLines_Filter@test1@test@modules@UModSys@@UBEPBUIRoot@core@5@PBUSUniquePointerInfo@75@@Z 10001350 f i plugin_test1.obj
 0001:00000350       ?get_other_interface@RLines_Filter@test1@test@modules@UModSys@@UAEPAUIRoot@core@5@PBUSUniquePointerInfo@75@@Z 10001350 f i plugin_test1.obj
 0001:00000380       ?ref_remove@RLines_Filter@test1@test@modules@UModSys@@UBEXXZ 10001380 f i plugin_test1.obj
 0001:00000380       ?ref_remove@RGenerator@test1@test@modules@UModSys@@UBEXXZ 10001380 f i plugin_test1.obj
 0001:00000380       ?ref_remove@RTest1_Shell@test1@test@modules@UModSys@@UBEXXZ 10001380 f i plugin_test1.obj
 0001:00000390       ?ref_weak@RLines_Filter@test1@test@modules@UModSys@@UBE_NAAUWeakPointer@IRefObject@core@5@@Z 10001390 f i plugin_test1.obj
 0001:00000390       ?ref_weak@RTest1_Shell@test1@test@modules@UModSys@@UBE_NAAUWeakPointer@IRefObject@core@5@@Z 10001390 f i plugin_test1.obj
 0001:00000390       ?ref_weak@RGenerator@test1@test@modules@UModSys@@UBE_NAAUWeakPointer@IRefObject@core@5@@Z 10001390 f i plugin_test1.obj
 0001:000003b0       ??0RLines_Filter@test1@test@modules@UModSys@@QAE@PAUIModObject@base@4@ABUSParameters@core@4@@Z 100013b0 f i plugin_test1.obj
 0001:00000420       ?filter_load@RLines_Filter@test1@test@modules@UModSys@@UAE_NAAU?$TRefObject@UIRefObject@core@UModSys@@U?$TRefObjectFunc@UIRefObject@core@UModSys@@@tl@3@@tl@5@ABUSInfo@IBinObjFilter@libmedia@5@@Z 10001420 f i plugin_test1.obj
 0001:00000520       ?filter_save@RLines_Filter@test1@test@modules@UModSys@@UAE_NPAUIRefObject@core@5@AAUSInfo@IBinObjFilter@libmedia@5@@Z 10001520 f i plugin_test1.obj
 0001:00000520       ?filter_load@RLines_Filter@test1@test@modules@UModSys@@UAE_NPAUIRefObject@core@5@ABUSInfo@IBinObjFilter@libmedia@5@@Z 10001520 f i plugin_test1.obj
 0001:00000530       ??_ERLines_Filter@test1@test@modules@UModSys@@UAEPAXI@Z 10001530 f i  CIL library: CIL module
 0001:00000530       ??_GRLines_Filter@test1@test@modules@UModSys@@UAEPAXI@Z 10001530 f i plugin_test1.obj
 0001:00000560       ??1IShell@base@UModSys@@UAE@XZ 10001560 f i plugin_test1.obj
 0001:00000560       ??1IBinObjFilter@libmedia@UModSys@@UAE@XZ 10001560 f i plugin_test1.obj
 0001:00000570       ?get_interface_info@RTest1_Shell@test1@test@modules@UModSys@@UBEABUSUniquePointerInfo@core@5@XZ 10001570 f i plugin_test1.obj
 0001:00000580       ?get_interface_type@RTest1_Shell@test1@test@modules@UModSys@@UBEPBUSUniquePointerInfo@core@5@XZ 10001580 f i plugin_test1.obj
 0001:00000590       ?get_other_interface@RTest1_Shell@test1@test@modules@UModSys@@UAEPAUIRoot@core@5@PBUSUniquePointerInfo@75@@Z 10001590 f i plugin_test1.obj
 0001:00000590       ?get_other_interface@RTest1_Shell@test1@test@modules@UModSys@@UBEPBUIRoot@core@5@PBUSUniquePointerInfo@75@@Z 10001590 f i plugin_test1.obj
 0001:000005c0       ?suicide@RLines_Filter@test1@test@modules@UModSys@@UAEXXZ 100015c0 f i plugin_test1.obj
 0001:000005c0       ?suicide@RTest1_Shell@test1@test@modules@UModSys@@UAEXXZ 100015c0 f i plugin_test1.obj
 0001:000005d0       ??0RTest1_Shell@test1@test@modules@UModSys@@QAE@PAUIModObject@base@4@@Z 100015d0 f i plugin_test1.obj
 0001:000006e0       ??1RTest1_Shell@test1@test@modules@UModSys@@UAE@XZ 100016e0 f i plugin_test1.obj
 0001:00000770       ?connect@RTest1_Shell@test1@test@modules@UModSys@@UAE_NXZ 10001770 f i plugin_test1.obj
 0001:00000790       ?disconnect@RTest1_Shell@test1@test@modules@UModSys@@UAE_NXZ 10001790 f i plugin_test1.obj
 0001:000007b0       ?process_tick@RTest1_Shell@test1@test@modules@UModSys@@UAE_NABUSTimeMsec@core@5@@Z 100017b0 f i plugin_test1.obj
 0001:000007e0       ?process_command@RTest1_Shell@test1@test@modules@UModSys@@UAE_NHQBU?$TString@U?$TSCoreConst@D@su@tl@UModSys@@U?$TComparerBinaryHash@D@234@@tl@5@@Z 100017e0 f i plugin_test1.obj
 0001:00000810       ??_GRTest1_Shell@test1@test@modules@UModSys@@UAEPAXI@Z 10001810 f i plugin_test1.obj
 0001:00000810       ??_ERTest1_Shell@test1@test@modules@UModSys@@UAEPAXI@Z 10001810 f i  CIL library: CIL module
 0001:00000830       ??1?$TParametersA@$0EAA@@core@UModSys@@QAE@XZ 10001830 f i plugin_test1.obj
 0001:00000840       ??1SLayer@ILibraryLayered@libmedia@UModSys@@QAE@XZ 10001840 f i plugin_test1.obj
 0001:00000840       ??1SMountPoint@ILibraryBinTree@libmedia@UModSys@@QAE@XZ 10001840 f i plugin_test1.obj
 0001:00000860       ?get_generated_names@RGenerator@test1@test@modules@UModSys@@UBEHAAUSUniquePtrList@core@5@@Z 10001860 f i plugin_test1.obj
 0001:00000880       ?get_generated_types@RGenerator@test1@test@modules@UModSys@@UBEHAAUSUniquePtrList@core@5@PBUSUniquePointerInfo@75@@Z 10001880 f i plugin_test1.obj
 0001:000008d0       ?generate@RGenerator@test1@test@modules@UModSys@@UAE_NAAU?$TRefObject@UIRefObject@core@UModSys@@U?$TRefObjectFunc@UIRefObject@core@UModSys@@@tl@3@@tl@5@PBUSUniquePointerInfo@core@5@ABUSParameters@95@@Z 100018d0 f i plugin_test1.obj
 0001:00000990       ?get_interface_info@RGenerator@test1@test@modules@UModSys@@UBEABUSUniquePointerInfo@core@5@XZ 10001990 f i plugin_test1.obj
 0001:000009a0       ?get_interface_type@RGenerator@test1@test@modules@UModSys@@UBEPBUSUniquePointerInfo@core@5@XZ 100019a0 f i plugin_test1.obj
 0001:000009b0       ?get_interface_types@RGenerator@test1@test@modules@UModSys@@UBEIAAUSUniquePtrList@core@5@@Z 100019b0 f i plugin_test1.obj
 0001:000009b0       ?get_interface_types@RLines_Filter@test1@test@modules@UModSys@@UBEIAAUSUniquePtrList@core@5@@Z 100019b0 f i plugin_test1.obj
 0001:000009b0       ?get_interface_types@RTest1_Shell@test1@test@modules@UModSys@@UBEIAAUSUniquePtrList@core@5@@Z 100019b0 f i plugin_test1.obj
 0001:000009b0       ?get_interface_types@RLines@test1@test@modules@UModSys@@UBEIAAUSUniquePtrList@core@5@@Z 100019b0 f i plugin_test1.obj
 0001:000009c0       ?get_other_interface@RGenerator@test1@test@modules@UModSys@@UAEPAUIRoot@core@5@PBUSUniquePointerInfo@75@@Z 100019c0 f i plugin_test1.obj
 0001:000009c0       ?get_other_interface@RGenerator@test1@test@modules@UModSys@@UBEPBUIRoot@core@5@PBUSUniquePointerInfo@75@@Z 100019c0 f i plugin_test1.obj
 0001:00000a00       ?ref_add@RLines_Filter@test1@test@modules@UModSys@@UBEXXZ 10001a00 f i plugin_test1.obj
 0001:00000a00       ?ref_add@RGenerator@test1@test@modules@UModSys@@UBEXXZ 10001a00 f i plugin_test1.obj
 0001:00000a00       ?ref_add@RTest1_Shell@test1@test@modules@UModSys@@UBEXXZ 10001a00 f i plugin_test1.obj
 0001:00000a10       ?ref_links@RTest1_Shell@test1@test@modules@UModSys@@UBEHXZ 10001a10 f i plugin_test1.obj
 0001:00000a10       ?ref_links@RLines_Filter@test1@test@modules@UModSys@@UBEHXZ 10001a10 f i plugin_test1.obj
 0001:00000a10       ?ref_links@RGenerator@test1@test@modules@UModSys@@UBEHXZ 10001a10 f i plugin_test1.obj
 0001:00000a20       ?suicide@RGenerator@test1@test@modules@UModSys@@UAEXXZ 10001a20 f i plugin_test1.obj
 0001:00000a30       ?get_uid@RGenerator@test1@test@modules@UModSys@@UBEPBUSUniquePointerInfo@core@5@XZ 10001a30 f i plugin_test1.obj
 0001:00000a40       ?do_open@RModuleReg@test1@test@modules@UModSys@@UAE_NXZ 10001a40 f i plugin_test1.obj
 0001:00000a70       ?do_close@RModuleReg@test1@test@modules@UModSys@@UAE_NXZ 10001a70 f i plugin_test1.obj
 0001:00000aa0       ??_GRModuleReg@test1@test@modules@UModSys@@UAEPAXI@Z 10001aa0 f i plugin_test1.obj
 0001:00000aa0       ??_ERModuleReg@test1@test@modules@UModSys@@UAEPAXI@Z 10001aa0 f i  CIL library: CIL module
 0001:00000ad0       ??1?$TRefObject@UILibraryBinTree@libmedia@UModSys@@U?$TRefObjectFunc@UILibraryBinTree@libmedia@UModSys@@@tl@3@@tl@UModSys@@QAE@XZ 10001ad0 f i plugin_test1.obj
 0001:00000ad0       ??1?$TRefObject@UIBinObjFilter@libmedia@UModSys@@U?$TRefObjectFunc@UIBinObjFilter@libmedia@UModSys@@@tl@3@@tl@UModSys@@QAE@XZ 10001ad0 f i plugin_test1.obj
 0001:00000ad0       ??1?$TRefObject@UILibraryLayered@libmedia@UModSys@@U?$TRefObjectFunc@UILibraryLayered@libmedia@UModSys@@@tl@3@@tl@UModSys@@QAE@XZ 10001ad0 f i plugin_test1.obj
 0001:00000ad0       ??1?$TRefObject@UIStreamReader@libmedia@UModSys@@U?$TRefObjectFunc@UIStreamReader@libmedia@UModSys@@@tl@3@@tl@UModSys@@QAE@XZ 10001ad0 f i plugin_test1.obj
 0001:00000ad0       ??1?$TRefObject@UIStreamWriter@libmedia@UModSys@@U?$TRefObjectFunc@UIStreamWriter@libmedia@UModSys@@@tl@3@@tl@UModSys@@QAE@XZ 10001ad0 f i plugin_test1.obj
 0001:00000ad0       ??1?$TRefObject@UILines@test1@test@modules@UModSys@@U?$TRefObjectFunc@UILines@test1@test@modules@UModSys@@@tl@5@@tl@UModSys@@QAE@XZ 10001ad0 f i plugin_test1.obj
 0001:00000ad0       ??1?$TRefObject@UILibraryObjFilter@libmedia@UModSys@@U?$TRefObjectFunc@UILibraryObjFilter@libmedia@UModSys@@@tl@3@@tl@UModSys@@QAE@XZ 10001ad0 f i plugin_test1.obj
 0001:00000ad0       ??1?$TRefObject@UIBinArchive@libmedia@UModSys@@U?$TRefObjectFunc@UIBinArchive@libmedia@UModSys@@@tl@3@@tl@UModSys@@QAE@XZ 10001ad0 f i plugin_test1.obj
 0001:00000ad0       ??1?$TRefObject@UIRefObject@core@UModSys@@U?$TRefObjectFunc@UIRefObject@core@UModSys@@@tl@3@@tl@UModSys@@QAE@XZ 10001ad0 f i plugin_test1.obj
 0001:00000af0       ?Resize@?$TDynarray@U?$TDynarrayHolderDynamic@U?$TString@U?$TSCoreShared@USIMemAlloc@core@UModSys@@D@su@tl@UModSys@@U?$TComparerBinaryHash@D@234@@tl@UModSys@@U?$TAllocator@USIMemAlloc@core@UModSys@@USCountCalcPower2@23@@23@@tl@UModSys@@@tl@UModSys@@QAE_NI@Z 10001af0 f i plugin_test1.obj
 0001:00000b50       ?obj_delete@?$TRefObjectLinksModObject@URLines@test1@test@modules@UModSys@@UIModObject@base@5@@tl@UModSys@@QBEXPAURLines@test1@test@modules@3@@Z 10001b50 f i plugin_test1.obj
 0001:00000b50       ?obj_delete@?$TRefObjectLinksModObject@URTest1_Shell@test1@test@modules@UModSys@@UIModObject@base@5@@tl@UModSys@@QBEXPAURTest1_Shell@test1@test@modules@3@@Z 10001b50 f i plugin_test1.obj
 0001:00000b50       ?obj_delete@?$TRefObjectLinksModObject@URLines_Filter@test1@test@modules@UModSys@@UIModObject@base@5@@tl@UModSys@@QBEXPAURLines_Filter@test1@test@modules@3@@Z 10001b50 f i plugin_test1.obj
 0001:00000bc0       ??$t_generate@UIBinArchive@libmedia@UModSys@@@SModuleContext@base@UModSys@@QAE_NAAU?$TRefObject@UIBinArchive@libmedia@UModSys@@U?$TRefObjectFunc@UIBinArchive@libmedia@UModSys@@@tl@3@@tl@2@PBUSUniquePointerInfo@core@2@ABUSParameters@62@@Z 10001bc0 f i plugin_test1.obj
 0001:00000c70       ??$t_generate@UILibraryBinTree@libmedia@UModSys@@@SModuleContext@base@UModSys@@QAE_NAAU?$TRefObject@UILibraryBinTree@libmedia@UModSys@@U?$TRefObjectFunc@UILibraryBinTree@libmedia@UModSys@@@tl@3@@tl@2@PBUSUniquePointerInfo@core@2@ABUSParameters@62@@Z 10001c70 f i plugin_test1.obj
 0001:00000d20       ??$t_generate@UILibraryObjFilter@libmedia@UModSys@@@SModuleContext@base@UModSys@@QAE_NAAU?$TRefObject@UILibraryObjFilter@libmedia@UModSys@@U?$TRefObjectFunc@UILibraryObjFilter@libmedia@UModSys@@@tl@3@@tl@2@PBUSUniquePointerInfo@core@2@ABUSParameters@62@@Z 10001d20 f i plugin_test1.obj
 0001:00000dd0       ??$t_generate@UILibraryLayered@libmedia@UModSys@@@SModuleContext@base@UModSys@@QAE_NAAU?$TRefObject@UILibraryLayered@libmedia@UModSys@@U?$TRefObjectFunc@UILibraryLayered@libmedia@UModSys@@@tl@3@@tl@2@PBUSUniquePointerInfo@core@2@ABUSParameters@62@@Z 10001dd0 f i plugin_test1.obj
 0001:00000e80       ??$t_generate@UIStreamReader@libmedia@UModSys@@@SModuleContext@base@UModSys@@QAE_NAAU?$TRefObject@UIStreamReader@libmedia@UModSys@@U?$TRefObjectFunc@UIStreamReader@libmedia@UModSys@@@tl@3@@tl@2@PBUSUniquePointerInfo@core@2@ABUSParameters@62@@Z 10001e80 f i plugin_test1.obj
 0001:00000f30       ??$t_generate@UIStreamWriter@libmedia@UModSys@@@SModuleContext@base@UModSys@@QAE_NAAU?$TRefObject@UIStreamWriter@libmedia@UModSys@@U?$TRefObjectFunc@UIStreamWriter@libmedia@UModSys@@@tl@3@@tl@2@PBUSUniquePointerInfo@core@2@ABUSParameters@62@@Z 10001f30 f i plugin_test1.obj
 0001:00000fe0       ??$shash@D@su@tl@UModSys@@YAHPBDI@Z 10001fe0 f i plugin_test1.obj
 0001:00001010       ?ReLink@?$TDynarray@U?$TDynarrayHolderDynamic@U?$TString@U?$TSCoreShared@USIMemAlloc@core@UModSys@@D@su@tl@UModSys@@U?$TComparerBinaryHash@D@234@@tl@UModSys@@U?$TAllocator@USIMemAlloc@core@UModSys@@USCountCalcPower2@23@@23@@tl@UModSys@@@tl@UModSys@@IAE_NI@Z 10002010 f i plugin_test1.obj
 0001:00001060       ?items_construct@?$TDynarray@U?$TDynarrayHolderDynamic@U?$TString@U?$TSCoreShared@USIMemAlloc@core@UModSys@@D@su@tl@UModSys@@U?$TComparerBinaryHash@D@234@@tl@UModSys@@U?$TAllocator@USIMemAlloc@core@UModSys@@USCountCalcPower2@23@@23@@tl@UModSys@@@tl@UModSys@@IAEXII@Z 10002060 f i plugin_test1.obj
 0001:000010a0       ??1?$TRefObject@UIModObject@base@UModSys@@U?$TModObjectFunc@UIModObject@base@UModSys@@@tl@3@@tl@UModSys@@QAE@XZ 100020a0 f i plugin_test1.obj
 0001:000010c0       ?adestruct@?$TTypeConstructor@U?$TString@U?$TSCoreShared@USIMemAlloc@core@UModSys@@D@su@tl@UModSys@@U?$TComparerBinaryHash@D@234@@tl@UModSys@@@tl@UModSys@@SAXPAU?$TString@U?$TSCoreShared@USIMemAlloc@core@UModSys@@D@su@tl@UModSys@@U?$TComparerBinaryHash@D@234@@23@I@Z 100020c0 f i plugin_test1.obj
 0001:00001110       ??$t_get_other_interface_ref@UIBinArchive@libmedia@UModSys@@@IRefObject@core@UModSys@@QAE_NAAU?$TRefObject@UIBinArchive@libmedia@UModSys@@U?$TRefObjectFunc@UIBinArchive@libmedia@UModSys@@@tl@3@@tl@2@@Z 10002110 f i plugin_test1.obj
 0001:00001150       ??$t_get_other_interface_ref@UILibraryBinTree@libmedia@UModSys@@@IRefObject@core@UModSys@@QAE_NAAU?$TRefObject@UILibraryBinTree@libmedia@UModSys@@U?$TRefObjectFunc@UILibraryBinTree@libmedia@UModSys@@@tl@3@@tl@2@@Z 10002150 f i plugin_test1.obj
 0001:00001190       ??$t_get_other_interface_ref@UILibraryObjFilter@libmedia@UModSys@@@IRefObject@core@UModSys@@QAE_NAAU?$TRefObject@UILibraryObjFilter@libmedia@UModSys@@U?$TRefObjectFunc@UILibraryObjFilter@libmedia@UModSys@@@tl@3@@tl@2@@Z 10002190 f i plugin_test1.obj
 0001:000011d0       ??$t_get_other_interface_ref@UILibraryLayered@libmedia@UModSys@@@IRefObject@core@UModSys@@QAE_NAAU?$TRefObject@UILibraryLayered@libmedia@UModSys@@U?$TRefObjectFunc@UILibraryLayered@libmedia@UModSys@@@tl@3@@tl@2@@Z 100021d0 f i plugin_test1.obj
 0001:00001210       ??$t_get_other_interface_ref@UIStreamReader@libmedia@UModSys@@@IRefObject@core@UModSys@@QAE_NAAU?$TRefObject@UIStreamReader@libmedia@UModSys@@U?$TRefObjectFunc@UIStreamReader@libmedia@UModSys@@@tl@3@@tl@2@@Z 10002210 f i plugin_test1.obj
 0001:00001250       ??$t_get_other_interface_ref@UIStreamWriter@libmedia@UModSys@@@IRefObject@core@UModSys@@QAE_NAAU?$TRefObject@UIStreamWriter@libmedia@UModSys@@U?$TRefObjectFunc@UIStreamWriter@libmedia@UModSys@@@tl@3@@tl@2@@Z 10002250 f i plugin_test1.obj
 0001:00001290       ??_GRModuleLibraryReg_Chain@base@UModSys@@UAEPAXI@Z 10002290 f i umodsys_lib_base:umodsys.base.moduleregchain.obj
 0001:00001290       ??_ERModuleLibraryReg_Chain@base@UModSys@@UAEPAXI@Z 10002290 f i  CIL library: CIL module
 0001:000012b0       ??_GIModuleReg@base@UModSys@@UAEPAXI@Z 100022b0 f i umodsys_lib_base:umodsys.base.modulereg.obj
 0001:000012b0       ??_EIModuleReg@base@UModSys@@UAEPAXI@Z 100022b0 f i  CIL library: CIL module
 0001:000012d0       ??_EIModuleLibraryReg@base@UModSys@@UAEPAXI@Z 100022d0 f i  CIL library: CIL module
 0001:000012d0       ??_GIModuleLibraryReg@base@UModSys@@UAEPAXI@Z 100022d0 f i umodsys_lib_base:umodsys.base.modulereg.obj
 0001:000012f0       ?Find@?$TSet@U?$TArray@PBUSUniquePointerInfo@core@UModSys@@@tl@UModSys@@U?$TScalarCompare@PBUSUniquePointerInfo@core@UModSys@@@core@3@@tl@UModSys@@QBEPBQBUSUniquePointerInfo@core@3@ABQBU453@@Z 100022f0 f i umodsys_lib_core:umodsys.core.uniqueptrlist.obj
 0001:0000137b       __onexit                   1000237b f   MSVCRT:atonexit.obj
 0001:00001420       _atexit                    10002420 f   MSVCRT:atonexit.obj
 0001:00001438       __purecall                 10002438 f   MSVCRT:MSVCR90.dll
 0001:0000143e       ??3@YAXPAX@Z               1000243e f   MSVCRT:MSVCR90.dll
 0001:00001444       ??_Etype_info@@UAEPAXI@Z   10002444 f i MSVCRT:ti_inst.obj
 0001:000014df       __CRT_INIT@12              100024df f   MSVCRT:crtdll.obj
 0001:0000181b       __DllMainCRTStartup@12     1000281b f   MSVCRT:crtdll.obj
 0001:0000183e       __unlock                   1000283e f   MSVCRT:MSVCR90.dll
 0001:00001844       ___dllonexit               10002844 f   MSVCRT:MSVCR90.dll
 0001:0000184a       __lock                     1000284a f   MSVCRT:MSVCR90.dll
 0001:00001850       __SEH_prolog4              10002850 f   MSVCRT:sehprolg4.obj
 0001:00001895       __SEH_epilog4              10002895 f   MSVCRT:sehprolg4.obj
 0001:000018a9       __except_handler4          100028a9 f   MSVCRT:chandler4gs.obj
 0001:000018ce       ?__ArrayUnwind@@YGXPAXIHP6EX0@Z@Z 100028ce f   MSVCRT:ehvecdtr.obj
 0001:0000192c       ??_M@YGXPAXIHP6EX0@Z@Z     1000292c f   MSVCRT:ehvecdtr.obj
 0001:0000198f       ___clean_type_info_names   1000298f f   MSVCRT:tncleanup.obj
 0001:0000199b       __RTC_Initialize           1000299b f   MSVCRT:_initsect_.obj
 0001:000019c1       __RTC_Terminate            100029c1 f   MSVCRT:_initsect_.obj
 0001:000019f0       __ValidateImageBase        100029f0 f   MSVCRT:pesect.obj
 0001:00001a30       __FindPESection            10002a30 f   MSVCRT:pesect.obj
 0001:00001a80       __IsNonwritableInCurrentImage 10002a80 f   MSVCRT:pesect.obj
 0001:00001b3e       __initterm                 10002b3e f   MSVCRT:MSVCR90.dll
 0001:00001b44       __initterm_e               10002b44 f   MSVCRT:MSVCR90.dll
 0001:00001b4a       __amsg_exit                10002b4a f   MSVCRT:MSVCR90.dll
 0001:00001b50       ___CppXcptFilter           10002b50 f   MSVCRT:MSVCR90.dll
 0001:00001b56       _DllMain@12                10002b56 f   MSVCRT:dllmain.obj
 0001:00001b7a       ___security_init_cookie    10002b7a f   MSVCRT:gs_support.obj
 0001:00001c10       @__security_check_cookie@4 10002c10 f   MSVCRT:secchk.obj
 0001:00001c20       __except_handler4_common   10002c20 f   MSVCRT:MSVCR90.dll
 0001:00001c26       ?terminate@@YAXXZ          10002c26 f   MSVCRT:MSVCR90.dll
 0001:00001c2c       ??1type_info@@UAE@XZ       10002c2c f   MSVCRT:MSVCR90.dll
 0001:00001c2c       ?_type_info_dtor_internal_method@type_info@@QAEXXZ 10002c2c f   MSVCRT:MSVCR90.dll
 0001:00001c32       ___clean_type_info_names_internal 10002c32 f   MSVCRT:MSVCR90.dll
 0001:00001c38       ___report_gsfailure        10002c38 f   MSVCRT:gs_report.obj
 0001:00001d3e       __crt_debugger_hook        10002d3e f   MSVCRT:MSVCR90.dll
 0001:00001d50       ??3IRoot@core@UModSys@@SAXPAX@Z 10002d50 f   umodsys_lib_core:umodsys.core.objects.obj
 0001:00001d70       ??3IRoot@core@UModSys@@SAXPAXPAUIMemAlloc@12@@Z 10002d70 f   umodsys_lib_core:umodsys.core.objects.obj
 0001:00001d90       ??2IRoot@core@UModSys@@SAPAXIPAUIMemAlloc@12@@Z 10002d90 f   umodsys_lib_core:umodsys.core.objects.obj
 0001:00001db0       ?suicide@IRoot@core@UModSys@@UAEXXZ 10002db0 f   umodsys_lib_core:umodsys.core.objects.obj
 0001:00001dc0       ??1IRoot@core@UModSys@@UAE@XZ 10002dc0 f   umodsys_lib_core:umodsys.core.objects.obj
 0001:00001dd0       ??1IRefObject@core@UModSys@@UAE@XZ 10002dd0 f   umodsys_lib_core:umodsys.core.objects.obj
 0001:00001de0       ?s_unresolve@SUniquePointer@core@UModSys@@SAXPAUIUniquePointerResolver@23@@Z 10002de0 f   umodsys_lib_core:umodsys.core.uniqueptr.obj
 0001:00001e20       ?s_resolve@SUniquePointer@core@UModSys@@SAXPAUIUniquePointerResolver@23@@Z 10002e20 f   umodsys_lib_core:umodsys.core.uniqueptr.obj
 0001:00001e70       ??1SUniquePointer@core@UModSys@@QAE@XZ 10002e70 f   umodsys_lib_core:umodsys.core.uniqueptr.obj
 0001:00001ea0       ??0SUniquePointer@core@UModSys@@QAE@H@Z 10002ea0 f   umodsys_lib_core:umodsys.core.uniqueptr.obj
 0001:00001ec0       ??0SUniquePointer@core@UModSys@@QAE@PBD0H@Z 10002ec0 f   umodsys_lib_core:umodsys.core.uniqueptr.obj
 0001:00001f10       ??1IModuleLibraryReg@base@UModSys@@UAE@XZ 10002f10 f   umodsys_lib_base:umodsys.base.modulereg.obj
 0001:00001f20       ??0IModuleLibraryReg@base@UModSys@@QAE@XZ 10002f20 f   umodsys_lib_base:umodsys.base.modulereg.obj
 0001:00001f30       ?mr_close@IModuleReg@base@UModSys@@UAE_NXZ 10002f30 f   umodsys_lib_base:umodsys.base.modulereg.obj
 0001:00001f40       ?mr_open@IModuleReg@base@UModSys@@UAE_NXZ 10002f40 f   umodsys_lib_base:umodsys.base.modulereg.obj
 0001:00001f60       ?mr_isopen@IModuleReg@base@UModSys@@UBE_NXZ 10002f60 f   umodsys_lib_base:umodsys.base.modulereg.obj
 0001:00001f70       ??1IModuleReg@base@UModSys@@UAE@XZ 10002f70 f   umodsys_lib_base:umodsys.base.modulereg.obj
 0001:00001f80       ??0IModuleReg@base@UModSys@@QAE@PBDHH0@Z 10002f80 f   umodsys_lib_base:umodsys.base.modulereg.obj
 0001:00001fb0       _UModSys_Plugin_Entry2@0   10002fb0 f   umodsys_lib_base:umodsys.so_main.win32.obj
 0001:00001fc0       ??1RModuleLibraryReg_Chain@base@UModSys@@UAE@XZ 10002fc0 f   umodsys_lib_base:umodsys.base.moduleregchain.obj
 0001:00001fd0       ??0RModuleLibraryReg_Chain@base@UModSys@@QAE@XZ 10002fd0 f   umodsys_lib_base:umodsys.base.moduleregchain.obj
 0001:00001ff0       ?s_get@SModuleRegChain@base@UModSys@@SAPAUIModuleReg@23@I@Z 10002ff0 f   umodsys_lib_base:umodsys.base.moduleregchain.obj
 0001:00002020       ??1SModuleRegChain@base@UModSys@@QAE@XZ 10003020 f   umodsys_lib_base:umodsys.base.moduleregchain.obj
 0001:00002050       ??0SModuleRegChain@base@UModSys@@QAE@AAUIModuleReg@12@@Z 10003050 f   umodsys_lib_base:umodsys.base.moduleregchain.obj
 0001:00002090       ?mlr_isopen@RModuleLibraryReg_Chain@base@UModSys@@UBE_NXZ 10003090 f   umodsys_lib_base:umodsys.base.moduleregchain.obj
 0001:000020a0       ?mlr_close@RModuleLibraryReg_Chain@base@UModSys@@UAE_NXZ 100030a0 f   umodsys_lib_base:umodsys.base.moduleregchain.obj
 0001:000020d0       ?mlr_open@RModuleLibraryReg_Chain@base@UModSys@@UAE_NPAUISystem@23@PAUIMemAlloc@core@3@@Z 100030d0 f   umodsys_lib_base:umodsys.base.moduleregchain.obj
 0001:00002100       ?mlr_get@RModuleLibraryReg_Chain@base@UModSys@@UBEPAUIModuleReg@23@I@Z 10003100 f   umodsys_lib_base:umodsys.base.moduleregchain.obj
 0001:00002110       ?mlr_count@RModuleLibraryReg_Chain@base@UModSys@@UBEIXZ 10003110 f   umodsys_lib_base:umodsys.base.moduleregchain.obj
 0001:00002130       ??0SModuleRegChain@base@UModSys@@QAE@H@Z 10003130 f   umodsys_lib_base:umodsys.base.moduleregchain.obj
 0001:00002140       ??1SModuleInfo@base@UModSys@@QAE@XZ 10003140 f   umodsys_lib_base:umodsys.base.moduleinfo.obj
 0001:00002150       ?set@SModuleInfo@base@UModSys@@QAEXPBDHH0@Z 10003150 f   umodsys_lib_base:umodsys.base.moduleinfo.obj
 0001:000021c0       ??0SModuleInfo@base@UModSys@@QAE@PBDHH0@Z 100031c0 f   umodsys_lib_base:umodsys.base.moduleinfo.obj
 0001:00002240       ?unlink@SMemorySharedData@core@UModSys@@QAEXPBUSSourceContext@23@@Z 10003240 f   umodsys_lib_base:umodsys.base.modulecontext.obj
 0001:00002260       ?link@SMemorySharedData@core@UModSys@@QAEXPBUSSourceContext@23@@Z 10003260 f   umodsys_lib_base:umodsys.base.modulecontext.obj
 0001:00002270       ?Link@SModuleContext@base@UModSys@@QAEXPAUISystem@23@PAUIMemAlloc@core@3@@Z 10003270 f   umodsys_lib_base:umodsys.base.modulecontext.obj
 0001:000022d0       ??1SModuleContext@base@UModSys@@QAE@XZ 100032d0 f   umodsys_lib_base:umodsys.base.modulecontext.obj
 0001:000022e0       ?new_data@SMemorySharedData@core@UModSys@@SAPAU123@PAUIMemAlloc@23@IPBUSSourceContext@23@@Z 100032e0 f   umodsys_lib_base:umodsys.base.modulecontext.obj
 0001:00002300       ?get_paramworker@SParameters@core@UModSys@@KAPAUIParameters@23@XZ 10003300 f   umodsys_lib_base:umodsys.base.modulecontext.obj
 0001:00002310       ?shared_memory@UModSys@@YAABUSIMemAlloc@core@1@XZ 10003310 f   umodsys_lib_base:umodsys.base.modulecontext.obj
 0001:00002320       ?local_memory@UModSys@@YAABUSIMemAlloc@core@1@XZ 10003320 f   umodsys_lib_base:umodsys.base.modulecontext.obj
 0001:00002330       ??0SModuleContext@base@UModSys@@QAE@XZ 10003330 f   umodsys_lib_base:umodsys.base.modulecontext.obj
 0001:00002350       ?mod_dec@RGenerator@test1@test@modules@UModSys@@UBE_NXZ 10003350 f   plugin_test1.obj
 0001:00002360       ?mod_inc@RGenerator@test1@test@modules@UModSys@@UBE_NXZ 10003360 f   plugin_test1.obj
 0001:00002370       ?get_module@RGenerator@test1@test@modules@UModSys@@UBEPAUIModule@base@5@XZ 10003370 f   plugin_test1.obj
 0001:00002380       ?s_holder@RGenerator@test1@test@modules@UModSys@@SAAAU?$TTypeStaticHolder@URGenerator@test1@test@modules@UModSys@@@tl@5@XZ 10003380 f   plugin_test1.obj
 0001:000023c0       ?dump_str@RTest1_Shell@test1@test@modules@UModSys@@QAEXPBDI@Z 100033c0 f   plugin_test1.obj
 0001:000026f0       ?s_unreg@RGenerator@test1@test@modules@UModSys@@SA_NPAUIModuleReg@base@5@@Z 100036f0 f   plugin_test1.obj
 0001:00002740       ?s_reg@RGenerator@test1@test@modules@UModSys@@SA_NPAUIModuleReg@base@5@@Z 10003740 f   plugin_test1.obj
 0001:000027a0       ?test_op_file@RTest1_Shell@test1@test@modules@UModSys@@QAEX_NABU?$TString@U?$TSCoreConst@D@su@tl@UModSys@@U?$TComparerBinaryHash@D@234@@tl@5@AAUSCMemShared@core@5@0@Z 100037a0 f   plugin_test1.obj
 0001:00002880       ?file_test1@RTest1_Shell@test1@test@modules@UModSys@@QAEXXZ 10003880 f   plugin_test1.obj
 0001:00002bb0       ?media_lay@RTest1_Shell@test1@test@modules@UModSys@@QAE?AU?$TRefObject@UILibraryLayered@libmedia@UModSys@@U?$TRefObjectFunc@UILibraryLayered@libmedia@UModSys@@@tl@3@@tl@5@XZ 10003bb0 f   plugin_test1.obj
 0001:00002d50       ?media_flt@RTest1_Shell@test1@test@modules@UModSys@@QAE?AU?$TRefObject@UILibraryObjFilter@libmedia@UModSys@@U?$TRefObjectFunc@UILibraryObjFilter@libmedia@UModSys@@@tl@3@@tl@5@XZ 10003d50 f   plugin_test1.obj
 0001:00002ef0       ?media_vfs@RTest1_Shell@test1@test@modules@UModSys@@QAE?AU?$TRefObject@UILibraryBinTree@libmedia@UModSys@@U?$TRefObjectFunc@UILibraryBinTree@libmedia@UModSys@@@tl@3@@tl@5@XZ 10003ef0 f   plugin_test1.obj
 0001:00003090       ?media_arch_stdio@RTest1_Shell@test1@test@modules@UModSys@@QAE?AU?$TRefObject@UIBinArchive@libmedia@UModSys@@U?$TRefObjectFunc@UIBinArchive@libmedia@UModSys@@@tl@3@@tl@5@ABU?$TString@U?$TSCoreConst@D@su@tl@UModSys@@U?$TComparerBinaryHash@D@234@@75@@Z 10004090 f   plugin_test1.obj
 0001:00003250       ?file_test5@RTest1_Shell@test1@test@modules@UModSys@@QAEXXZ 10004250 f   plugin_test1.obj
 0001:00003690       ?file_test4@RTest1_Shell@test1@test@modules@UModSys@@QAEXXZ 10004690 f   plugin_test1.obj
 0001:00003a50       ?file_test3@RTest1_Shell@test1@test@modules@UModSys@@QAEXXZ 10004a50 f   plugin_test1.obj
 0001:00003c10       ?file_test2@RTest1_Shell@test1@test@modules@UModSys@@QAEXXZ 10004c10 f   plugin_test1.obj
 0001:00003ed0       ?add@SUniquePtrList@core@UModSys@@QAE_NPBUSUniquePointerInfo@23@@Z 10004ed0 f   umodsys_lib_core:umodsys.core.uniqueptrlist.obj
 0001:00003f20       ___CxxFrameHandler3        10004f20 f   MSVCRT:MSVCR90.dll
 0001:00003f26       _memcpy                    10004f26 f   MSVCRT:MSVCR90.dll
 0002:00000000       __imp__SetUnhandledExceptionFilter@4 10006000     kernel32:KERNEL32.dll
 0002:00000004       __imp__UnhandledExceptionFilter@4 10006004     kernel32:KERNEL32.dll
 0002:00000008       __imp__GetCurrentProcess@0 10006008     kernel32:KERNEL32.dll
 0002:0000000c       __imp__TerminateProcess@8  1000600c     kernel32:KERNEL32.dll
 0002:00000010       __imp__GetSystemTimeAsFileTime@4 10006010     kernel32:KERNEL32.dll
 0002:00000014       __imp__GetCurrentProcessId@0 10006014     kernel32:KERNEL32.dll
 0002:00000018       __imp__GetCurrentThreadId@0 10006018     kernel32:KERNEL32.dll
 0002:0000001c       __imp__GetTickCount@0      1000601c     kernel32:KERNEL32.dll
 0002:00000020       __imp__QueryPerformanceCounter@4 10006020     kernel32:KERNEL32.dll
 0002:00000024       __imp__DisableThreadLibraryCalls@4 10006024     kernel32:KERNEL32.dll
 0002:00000028       __imp__InterlockedCompareExchange@12 10006028     kernel32:KERNEL32.dll
 0002:0000002c       __imp__Sleep@4             1000602c     kernel32:KERNEL32.dll
 0002:00000030       __imp__InterlockedExchange@8 10006030     kernel32:KERNEL32.dll
 0002:00000034       __imp__IsDebuggerPresent@0 10006034     kernel32:KERNEL32.dll
 0002:00000038       \177KERNEL32_NULL_THUNK_DATA 10006038     kernel32:KERNEL32.dll
 0002:0000003c       __imp____CppXcptFilter     1000603c     MSVCRT:MSVCR90.dll
 0002:00000040       __imp___except_handler4_common 10006040     MSVCRT:MSVCR90.dll
 0002:00000044       __imp___adjust_fdiv        10006044     MSVCRT:MSVCR90.dll
 0002:00000048       __imp_?_type_info_dtor_internal_method@type_info@@QAEXXZ 10006048     MSVCRT:MSVCR90.dll
 0002:0000004c       __imp____clean_type_info_names_internal 1000604c     MSVCRT:MSVCR90.dll
 0002:00000050       __imp___crt_debugger_hook  10006050     MSVCRT:MSVCR90.dll
 0002:00000054       __imp___amsg_exit          10006054     MSVCRT:MSVCR90.dll
 0002:00000058       __imp___initterm_e         10006058     MSVCRT:MSVCR90.dll
 0002:0000005c       __imp___initterm           1000605c     MSVCRT:MSVCR90.dll
 0002:00000060       __imp___encoded_null       10006060     MSVCRT:MSVCR90.dll
 0002:00000064       __imp__free                10006064     MSVCRT:MSVCR90.dll
 0002:00000068       __imp___malloc_crt         10006068     MSVCRT:MSVCR90.dll
 0002:0000006c       __imp___decode_pointer     1000606c     MSVCRT:MSVCR90.dll
 0002:00000070       __imp___onexit             10006070     MSVCRT:MSVCR90.dll
 0002:00000074       __imp___lock               10006074     MSVCRT:MSVCR90.dll
 0002:00000078       __imp___encode_pointer     10006078     MSVCRT:MSVCR90.dll
 0002:0000007c       __imp____dllonexit         1000607c     MSVCRT:MSVCR90.dll
 0002:00000080       __imp___unlock             10006080     MSVCRT:MSVCR90.dll
 0002:00000084       __imp_??3@YAXPAX@Z         10006084     MSVCRT:MSVCR90.dll
 0002:00000088       __imp_?terminate@@YAXXZ    10006088     MSVCRT:MSVCR90.dll
 0002:0000008c       __imp___purecall           1000608c     MSVCRT:MSVCR90.dll
 0002:00000090       __imp____CxxFrameHandler3  10006090     MSVCRT:MSVCR90.dll
 0002:00000094       __imp__memcpy              10006094     MSVCRT:MSVCR90.dll
 0002:00000098       \177MSVCR90_NULL_THUNK_DATA 10006098     MSVCRT:MSVCR90.dll
 0002:0000009c       ___xc_a                    1000609c     MSVCRT:cinitexe.obj
 0002:0000023c       ___xc_z                    1000623c     MSVCRT:cinitexe.obj
 0002:00000240       ___xi_a                    10006240     MSVCRT:cinitexe.obj
 0002:00000248       ___xi_z                    10006248     MSVCRT:cinitexe.obj
 0002:00000254       ??_7type_info@@6B@         10006254     MSVCRT:ti_inst.obj
 0002:00000258       __pDefaultRawDllMain       10006258     MSVCRT:crtdll.obj
 0002:00000258       __pRawDllMain              10006258     MSVCRT:crtdll.obj
 0002:00000264       ??_C@_0P@GHFPNOJB@bad?5allocation?$AA@ 10006264     plugin_test1.obj
 0002:00000274       ??_C@_0BF@OCNNAADO@UModSys?3?3core?3?3IRoot?$AA@ 10006274     plugin_test1.obj
 0002:0000028c       ??_C@_0BK@EMIJFOPA@UModSys?3?3core?3?3IRefObject?$AA@ 1000628c     plugin_test1.obj
 0002:000002a8       ??_C@_0BL@IOMMHELF@UModSys?3?3core?3?3IParameters?$AA@ 100062a8     plugin_test1.obj
 0002:000002c4       ??_C@_0BH@LKDEEPPM@UModSys?3?3base?3?3IModule?$AA@ 100062c4     plugin_test1.obj
 0002:000002dc       ??_C@_0BO@PHJOHFCB@UModSys?3?3base?3?3IModuleLibrary?$AA@ 100062dc     plugin_test1.obj
 0002:000002fc       ??_C@_0BK@FDPIOPHG@UModSys?3?3base?3?3IModObject?$AA@ 100062fc     plugin_test1.obj
 0002:00000318       ??_C@_0BK@OIBKNCKJ@UModSys?3?3base?3?3IGenerator?$AA@ 10006318     plugin_test1.obj
 0002:00000334       ??_C@_0BG@PJBGCMEC@UModSys?3?3base?3?3IShell?$AA@ 10006334     plugin_test1.obj
 0002:0000034c       ??_C@_0BI@IKAOEFAP@UModSys?3?3base?3?3IConsole?$AA@ 1000634c     plugin_test1.obj
 0002:00000364       ??_C@_0BH@PFCONEJJ@UModSys?3?3base?3?3ISystem?$AA@ 10006364     plugin_test1.obj
 0002:0000037c       ??_C@_0CB@CLGNFEGF@UModSys?3?3libmedia?3?3IStreamReader@ 1000637c     plugin_test1.obj
 0002:000003a0       ??_C@_0CB@HOPFFLP@UModSys?3?3libmedia?3?3IStreamWriter@ 100063a0     plugin_test1.obj
 0002:000003c4       ??_C@_0BP@KCJMEDNO@UModSys?3?3libmedia?3?3IBinArchive?$AA@ 100063c4     plugin_test1.obj
 0002:000003e4       ??_C@_0CB@FDEKNMGJ@UModSys?3?3libmedia?3?3IBinObjFilter@ 100063e4     plugin_test1.obj
 0002:00000408       ??_C@_0BM@DPCMOAPM@UModSys?3?3libmedia?3?3ILibrary?$AA@ 10006408     plugin_test1.obj
 0002:00000424       ??_C@_0CD@ELIFEGE@UModSys?3?3libmedia?3?3ILibraryBinTr@ 10006424     plugin_test1.obj
 0002:00000448       ??_C@_0CE@EGHBJBAJ@UModSys?3?3libmedia?3?3ILibraryBinCa@ 10006448     plugin_test1.obj
 0002:0000046c       ??_C@_0CF@LBIGBLOK@UModSys?3?3libmedia?3?3ILibraryObjFi@ 1000646c     plugin_test1.obj
 0002:00000494       ??_C@_0CD@LJFEJKGF@UModSys?3?3libmedia?3?3ILibraryLayer@ 10006494     plugin_test1.obj
 0002:000004b8       ??_C@_0CG@DNABKNDD@UModSys?3?3modules?3?3test?3?3test1?3?3I@ 100064b8     plugin_test1.obj
 0002:000004e0       ??_C@_0CG@FINIGFAH@UModSys?3?3modules?3?3test?3?3test1?3?3R@ 100064e0     plugin_test1.obj
 0002:00000508       ??_C@_0CN@EFAOPDDB@UModSys?3?3modules?3?3test?3?3test1?3?3R@ 10006508     plugin_test1.obj
 0002:00000538       ??_C@_0CM@LNHNHIJB@UModSys?3?3modules?3?3test?3?3test1?3?3R@ 10006538     plugin_test1.obj
 0002:00000564       ??_C@_0BC@NIGGCDMG@RTest1_Shell?$CI?$CJ?5?$HL?6?$AA@ 10006564     plugin_test1.obj
 0002:00000578       ??_C@_0DK@JIEMIEKA@UModSys?3?3modules?3?3test?3?3test1?3?3R@ 10006578     plugin_test1.obj
 0002:000005b4       ??_C@_0CK@OICDGBDJ@?4?4?2?4?4?2?4?4?2src?2plugin?2test?2plugin_@ 100065b4     plugin_test1.obj
 0002:000005e0       ??_C@_0BF@BMCPNMPN@?$HN?5?1?1?5RTest1_Shell?$CI?$CJ?6?$AA@ 100065e0     plugin_test1.obj
 0002:000005f8       ??_C@_0DL@OIAHAJF@UModSys?3?3modules?3?3test?3?3test1?3?3R@ 100065f8     plugin_test1.obj
 0002:00000634       ??_C@_0BB@MLDFLEML@?$HORTest1_Shell?$CI?$CJ?6?$AA@ 10006634     plugin_test1.obj
 0002:00000648       ??_C@_0BJ@CCPCJEPP@RTest1_Shell?3?3connect?$CI?$CJ?6?$AA@ 10006648     plugin_test1.obj
 0002:00000664       ??_C@_0BM@KBDBHLN@RTest1_Shell?3?3disconnect?$CI?$CJ?6?$AA@ 10006664     plugin_test1.obj
 0002:00000680       ??_C@_0BI@PGLACHLJ@RTest1_Shell?3?3tick?$CI?$CFg?$CJ?6?$AA@ 10006680     plugin_test1.obj
 0002:00000698       ??_C@_0BM@JFIEEBE@RTest1_Shell?3?3command?$CI?$CD?$CFd?$CJ?6?$AA@ 10006698     plugin_test1.obj
 0002:000006b4       ??_C@_06FIJELGDL@?2x?$CF02x?$AA@ 100066b4     plugin_test1.obj
 0002:000006bc       ??_C@_01KICIPPFI@?2?$AA@   100066bc     plugin_test1.obj
 0002:000006c0       ??_C@_02HAOIJKIC@?$CFc?$AA@ 100066c0     plugin_test1.obj
 0002:000006c4       ??_C@_02DKCKIIND@?$CFs?$AA@ 100066c4     plugin_test1.obj
 0002:000006c8       ??_C@_0M@LAGNAJEJ@?$CK?3?3stdio?3?3?$CK?$AA@ 100066c8     plugin_test1.obj
 0002:000006d4       ??_C@_08PEIJGPHF@pathname?$AA@ 100066d4     plugin_test1.obj
 0002:000006e0       ??_C@_0CE@DDDCOPAP@?5?5found?5sys?5archive?5?$HL?$CFs?$HN?3?5?$CFs?5?$DN?$DO?5@ 100066e0     plugin_test1.obj
 0002:00000704       ??_C@_0BJ@IMDALNCM@?5?5fail?5sys?5archive?5?$HL?$CFs?$HN?6?$AA@ 10006704     plugin_test1.obj
 0002:00000720       ??_C@_09BDJIOBCO@?$CK?3?3std?3?3?$CK?$AA@ 10006720     plugin_test1.obj
 0002:0000072c       ??_C@_0CB@FNBGJIKO@?5?5found?5lib?$CIbin?9tree?$CJ?3?5?$CFs?5?$DN?$DO?5?$CFp?6@ 1000672c     plugin_test1.obj
 0002:00000750       ??_C@_0BG@PJBMFLKD@?5?5fail?5lib?$CIbin?9tree?$CJ?6?$AA@ 10006750     plugin_test1.obj
 0002:00000768       ??_C@_0CD@CHNIFODL@?5?5found?5lib?$CIobj?9filter?$CJ?3?5?$CFs?5?$DN?$DO?5?$CF@ 10006768     plugin_test1.obj
 0002:0000078c       ??_C@_0BI@PPPKFCAB@?5?5fail?5lib?$CIobj?9filter?$CJ?6?$AA@ 1000678c     plugin_test1.obj
 0002:000007a4       ??_C@_0CA@BADNNAAP@?5?5found?5lib?$CIlayered?$CJ?3?5?$CFs?5?$DN?$DO?5?$CFp?6?$AA@ 100067a4     plugin_test1.obj
 0002:000007c4       ??_C@_0BF@JKNGHICK@?5?5fail?5lib?$CIlayered?$CJ?6?$AA@ 100067c4     plugin_test1.obj
 0002:000007dc       ??_C@_0BL@PGHGALMG@?5?5load?5file?5?$HL?$CFs?$HN?5size?3?$CFu?5?$HL?$AA@ 100067dc     plugin_test1.obj
 0002:000007f8       ??_C@_02KGHIDFGE@?$HN?6?$AA@ 100067f8     plugin_test1.obj
 0002:000007fc       ??_C@_0BG@DKILDFNJ@?5?5not?5load?5file?5?$HL?$CFs?$HN?6?$AA@ 100067fc     plugin_test1.obj
 0002:00000814       ??_C@_0BK@EFGIELHO@?5?5save?5file?5?$HL?$CFs?$HN?5size?3?$CFu?6?$AA@ 10006814     plugin_test1.obj
 0002:00000830       ??_C@_0BG@GBNMDLCB@?5?5not?5save?5file?5?$HL?$CFs?$HN?6?$AA@ 10006830     plugin_test1.obj
 0002:00000848       ??_C@_0BG@GBKKPOOO@?$CK?$CK?$CK?$CK?$CK?$CK?$CK?$CK?5file?5test?51?6?$AA@ 10006848     plugin_test1.obj
 0002:00000860       ??_C@_0O@CMKKEPPD@read?9test?4txt?$AA@ 10006860     plugin_test1.obj
 0002:00000870       ??_C@_08BABJIOEM@filename?$AA@ 10006870     plugin_test1.obj
 0002:0000087c       ??_C@_0BK@JMHCEPK@?5?5found?5reader?3?5?$CFs?5?$DN?$DO?5?$CFp?6?$AA@ 1000687c     plugin_test1.obj
 0002:00000898       ??_C@_0P@HIBABMLC@write?9test?4txt?$AA@ 10006898     plugin_test1.obj
 0002:000008a8       ??_C@_04FAOFCKOL@safe?$AA@ 100068a8     plugin_test1.obj
 0002:000008b0       ??_C@_0BK@ONIPKACL@?5?5found?5writer?3?5?$CFs?5?$DN?$DO?5?$CFp?6?$AA@ 100068b0     plugin_test1.obj
 0002:000008cc       ??_C@_09CCCIBADP@?5?5read?3?5?$HL?$AA@ 100068cc     plugin_test1.obj
 0002:000008d8       ??_C@_0L@BBJPPDJK@?5?5written?6?$AA@ 100068d8     plugin_test1.obj
 0002:000008e4       ??_C@_0BG@GDOMEALH@?$CK?$CK?$CK?$CK?$CK?$CK?$CK?$CK?5file?5test?52?6?$AA@ 100068e4     plugin_test1.obj
 0002:000008fc       ??_C@_01LFCBOECM@?4?$AA@   100068fc     plugin_test1.obj
 0002:00000900       ??_C@_0BC@MCEOIEIN@?5?5gen?5reader?3?5?$CFp?6?$AA@ 10006900     plugin_test1.obj
 0002:00000914       ??_C@_0BC@GCDHCAFA@?5?5gen?5writer?3?5?$CFp?6?$AA@ 10006914     plugin_test1.obj
 0002:00000928       ??_C@_0BG@GCCOCKIA@?$CK?$CK?$CK?$CK?$CK?$CK?$CK?$CK?5file?5test?53?6?$AA@ 10006928     plugin_test1.obj
 0002:00000940       ??_C@_0BG@GHGBDMAF@?$CK?$CK?$CK?$CK?$CK?$CK?$CK?$CK?5file?5test?54?6?$AA@ 10006940     plugin_test1.obj
 0002:00000958       ??_C@_01KMDKNFGN@?1?$AA@   10006958     plugin_test1.obj
 0002:0000095c       ??_C@_0M@PCCOIOKO@?4?1write?9dir?$AA@ 1000695c     plugin_test1.obj
 0002:00000968       ??_C@_0P@PGIPMINA@?1read?9test?4txt?$AA@ 10006968     plugin_test1.obj
 0002:00000978       ??_C@_0BA@NKKNEIEH@?1write?9test?4txt?$AA@ 10006978     plugin_test1.obj
 0002:00000988       ??_C@_0BG@GGKDFGDC@?$CK?$CK?$CK?$CK?$CK?$CK?$CK?$CK?5file?5test?55?6?$AA@ 10006988     plugin_test1.obj
 0002:000009a0       ??_C@_0CK@DEJPICLK@UModSys?3?3modules?3?3test?3?3test1?3?3R@ 100069a0     plugin_test1.obj
 0002:000009cc       ??_C@_0DD@HMBJLEH@UMODSYS_MODULE_NAME?$CItest?0test1?$CJ?3@ 100069cc     plugin_test1.obj
 0002:000009ff       ??_C@_00CNPNBAHC@?$AA@     100069ff     plugin_test1.obj
 0002:00000a00       ??_C@_0N@FOCLJAHI@tests?3?3test1?$AA@ 10006a00     plugin_test1.obj
 0002:00000a10       ??_C@_0BA@NMEBLMNE@Test?51?5?9?5module?$AA@ 10006a10     plugin_test1.obj
 0002:00000a20       ??_C@_05GENPCEMM@Test1?$AA@ 10006a20     plugin_test1.obj
 0002:00000a28       ??_C@_0BE@HJEBHPIG@RModuleReg?3?3open?$CI?$CJ?6?$AA@ 10006a28     plugin_test1.obj
 0002:00000a3c       ??_C@_0BF@KIBBFLP@RModuleReg?3?3close?$CI?$CJ?6?$AA@ 10006a3c     plugin_test1.obj
 0002:00000a54       ??_C@_09JGNMLHG@modobject?$AA@ 10006a54     plugin_test1.obj
 0002:00000a60       ??_C@_08FCBDOIAH@typeinfo?$AA@ 10006a60     plugin_test1.obj
 0002:00000a70       ??_7IRoot@core@UModSys@@6B@ 10006a70     plugin_test1.obj
 0002:00000a90       ??_7IRefObject@core@UModSys@@6B@ 10006a90     plugin_test1.obj
 0002:00000ac0       ??_7ILines@test1@test@modules@UModSys@@6B@ 10006ac0     plugin_test1.obj
 0002:00000af0       ??_7RLines@test1@test@modules@UModSys@@6B@ 10006af0     plugin_test1.obj
 0002:00000b20       ??_7RLines_Filter@test1@test@modules@UModSys@@6B@ 10006b20     plugin_test1.obj
 0002:00000b5c       ??_7RTest1_Shell@test1@test@modules@UModSys@@6B@ 10006b5c     plugin_test1.obj
 0002:00000b9c       ??_7RGenerator@test1@test@modules@UModSys@@6B@ 10006b9c     plugin_test1.obj
 0002:00000be8       ??_7RModuleReg@test1@test@modules@UModSys@@6B@ 10006be8     plugin_test1.obj
 0002:00000c04       ??_7RModuleLibraryReg_Chain@base@UModSys@@6B@ 10006c04     umodsys_lib_base:umodsys.base.moduleregchain.obj
 0002:00000c20       ??_7IModuleReg@base@UModSys@@6B@ 10006c20     umodsys_lib_base:umodsys.base.modulereg.obj
 0002:00000c3c       ??_7IModuleLibraryReg@base@UModSys@@6B@ 10006c3c     umodsys_lib_base:umodsys.base.modulereg.obj
 0002:00000c58       __real@3f50624dd2f1a9fc    10006c58      CIL library: CIL module
 0002:00000c60       __load_config_used         10006c60     MSVCRT:loadcfg.obj
 0002:00000ca8       ??_R4type_info@@6B@        10006ca8     MSVCRT:ti_inst.obj
 0002:00000cbc       ??_R3type_info@@8          10006cbc     MSVCRT:ti_inst.obj
 0002:00000ccc       ??_R2type_info@@8          10006ccc     MSVCRT:ti_inst.obj
 0002:00000cd4       ??_R1A@?0A@EA@type_info@@8 10006cd4     MSVCRT:ti_inst.obj
 0002:00000cf0       ??_R4RModuleReg@test1@test@modules@UModSys@@6B@ 10006cf0     plugin_test1.obj
 0002:00000d04       ??_R3RModuleReg@test1@test@modules@UModSys@@8 10006d04     plugin_test1.obj
 0002:00000d14       ??_R2RModuleReg@test1@test@modules@UModSys@@8 10006d14     plugin_test1.obj
 0002:00000d20       ??_R1A@?0A@EA@IModuleReg@base@UModSys@@8 10006d20     plugin_test1.obj
 0002:00000d3c       ??_R3IModuleReg@base@UModSys@@8 10006d3c     plugin_test1.obj
 0002:00000d4c       ??_R2IModuleReg@base@UModSys@@8 10006d4c     plugin_test1.obj
 0002:00000d54       ??_R1A@?0A@EA@RModuleReg@test1@test@modules@UModSys@@8 10006d54     plugin_test1.obj
 0002:00000d70       ??_R4RGenerator@test1@test@modules@UModSys@@6B@ 10006d70     plugin_test1.obj
 0002:00000d84       ??_R3RGenerator@test1@test@modules@UModSys@@8 10006d84     plugin_test1.obj
 0002:00000d94       ??_R2RGenerator@test1@test@modules@UModSys@@8 10006d94     plugin_test1.obj
 0002:00000dac       ??_R1A@?0A@EA@RGenerator@test1@test@modules@UModSys@@8 10006dac     plugin_test1.obj
 0002:00000dc8       ??_R4RTest1_Shell@test1@test@modules@UModSys@@6B@ 10006dc8     plugin_test1.obj
 0002:00000ddc       ??_R3RTest1_Shell@test1@test@modules@UModSys@@8 10006ddc     plugin_test1.obj
 0002:00000dec       ??_R2RTest1_Shell@test1@test@modules@UModSys@@8 10006dec     plugin_test1.obj
 0002:00000e00       ??_R1A@?0A@EA@RTest1_Shell@test1@test@modules@UModSys@@8 10006e00     plugin_test1.obj
 0002:00000e1c       ??_R4RLines_Filter@test1@test@modules@UModSys@@6B@ 10006e1c     plugin_test1.obj
 0002:00000e30       ??_R3RLines_Filter@test1@test@modules@UModSys@@8 10006e30     plugin_test1.obj
 0002:00000e40       ??_R2RLines_Filter@test1@test@modules@UModSys@@8 10006e40     plugin_test1.obj
 0002:00000e54       ??_R1A@?0A@EA@RLines_Filter@test1@test@modules@UModSys@@8 10006e54     plugin_test1.obj
 0002:00000e70       ??_R4RLines@test1@test@modules@UModSys@@6B@ 10006e70     plugin_test1.obj
 0002:00000e84       ??_R3RLines@test1@test@modules@UModSys@@8 10006e84     plugin_test1.obj
 0002:00000e94       ??_R2RLines@test1@test@modules@UModSys@@8 10006e94     plugin_test1.obj
 0002:00000ea8       ??_R1A@?0A@EA@RLines@test1@test@modules@UModSys@@8 10006ea8     plugin_test1.obj
 0002:00000ec4       ??_R4ILines@test1@test@modules@UModSys@@6B@ 10006ec4     plugin_test1.obj
 0002:00000ed8       ??_R3ILines@test1@test@modules@UModSys@@8 10006ed8     plugin_test1.obj
 0002:00000ee8       ??_R2ILines@test1@test@modules@UModSys@@8 10006ee8     plugin_test1.obj
 0002:00000ef8       ??_R1A@?0A@EA@ILines@test1@test@modules@UModSys@@8 10006ef8     plugin_test1.obj
 0002:00000f14       ??_R3IBinObjFilter@libmedia@UModSys@@8 10006f14     plugin_test1.obj
 0002:00000f24       ??_R2IBinObjFilter@libmedia@UModSys@@8 10006f24     plugin_test1.obj
 0002:00000f34       ??_R1A@?0A@EA@IBinObjFilter@libmedia@UModSys@@8 10006f34     plugin_test1.obj
 0002:00000f50       ??_R3IShell@base@UModSys@@8 10006f50     plugin_test1.obj
 0002:00000f60       ??_R2IShell@base@UModSys@@8 10006f60     plugin_test1.obj
 0002:00000f70       ??_R1A@?0A@EA@IShell@base@UModSys@@8 10006f70     plugin_test1.obj
 0002:00000f8c       ??_R3IGenerator@base@UModSys@@8 10006f8c     plugin_test1.obj
 0002:00000f9c       ??_R2IGenerator@base@UModSys@@8 10006f9c     plugin_test1.obj
 0002:00000fb0       ??_R1A@?0A@EA@IGenerator@base@UModSys@@8 10006fb0     plugin_test1.obj
 0002:00000fcc       ??_R3IModObject@base@UModSys@@8 10006fcc     plugin_test1.obj
 0002:00000fdc       ??_R2IModObject@base@UModSys@@8 10006fdc     plugin_test1.obj
 0002:00000fec       ??_R1A@?0A@EA@IModObject@base@UModSys@@8 10006fec     plugin_test1.obj
 0002:00001008       ??_R4IRefObject@core@UModSys@@6B@ 10007008     plugin_test1.obj
 0002:0000101c       ??_R3IRefObject@core@UModSys@@8 1000701c     plugin_test1.obj
 0002:0000102c       ??_R2IRefObject@core@UModSys@@8 1000702c     plugin_test1.obj
 0002:00001038       ??_R1A@?0A@EA@IRefObject@core@UModSys@@8 10007038     plugin_test1.obj
 0002:00001054       ??_R4IRoot@core@UModSys@@6B@ 10007054     plugin_test1.obj
 0002:00001068       ??_R3IRoot@core@UModSys@@8 10007068     plugin_test1.obj
 0002:00001078       ??_R2IRoot@core@UModSys@@8 10007078     plugin_test1.obj
 0002:00001080       ??_R1A@?0A@EA@IRoot@core@UModSys@@8 10007080     plugin_test1.obj
 0002:0000109c       ??_R4RModuleLibraryReg_Chain@base@UModSys@@6B@ 1000709c     umodsys_lib_base:umodsys.base.moduleregchain.obj
 0002:000010b0       ??_R3RModuleLibraryReg_Chain@base@UModSys@@8 100070b0     umodsys_lib_base:umodsys.base.moduleregchain.obj
 0002:000010c0       ??_R2RModuleLibraryReg_Chain@base@UModSys@@8 100070c0     umodsys_lib_base:umodsys.base.moduleregchain.obj
 0002:000010cc       ??_R1A@?0A@EA@IModuleLibraryReg@base@UModSys@@8 100070cc     umodsys_lib_base:umodsys.base.moduleregchain.obj
 0002:000010e8       ??_R3IModuleLibraryReg@base@UModSys@@8 100070e8     umodsys_lib_base:umodsys.base.moduleregchain.obj
 0002:000010f8       ??_R2IModuleLibraryReg@base@UModSys@@8 100070f8     umodsys_lib_base:umodsys.base.moduleregchain.obj
 0002:00001100       ??_R1A@?0A@EA@RModuleLibraryReg_Chain@base@UModSys@@8 10007100     umodsys_lib_base:umodsys.base.moduleregchain.obj
 0002:0000111c       ??_R4IModuleLibraryReg@base@UModSys@@6B@ 1000711c     umodsys_lib_base:umodsys.base.modulereg.obj
 0002:00001130       ??_R4IModuleReg@base@UModSys@@6B@ 10007130     umodsys_lib_base:umodsys.base.modulereg.obj
 0002:00001150       ___safe_se_handler_table   10007150     <linker-defined>
 0002:00001190       ___rtc_iaa                 10007190     MSVCRT:_initsect_.obj
 0002:00001194       ___rtc_izz                 10007194     MSVCRT:_initsect_.obj
 0002:00001198       ___rtc_taa                 10007198     MSVCRT:_initsect_.obj
 0002:0000119c       ___rtc_tzz                 1000719c     MSVCRT:_initsect_.obj
 0002:000015d0       __IMPORT_DESCRIPTOR_MSVCR90 100075d0     MSVCRT:MSVCR90.dll
 0002:000015e4       __IMPORT_DESCRIPTOR_KERNEL32 100075e4     kernel32:KERNEL32.dll
 0002:000015f8       __NULL_IMPORT_DESCRIPTOR   100075f8     MSVCRT:MSVCR90.dll
 0003:00000000       ??_R0?AVtype_info@@@8      10008000     MSVCRT:ti_inst.obj
 0003:00000018       ___native_dllmain_reason   10008018     MSVCRT:natstart.obj
 0003:0000001c       ___native_vcclrit_reason   1000801c     MSVCRT:natstart.obj
 0003:00000020       ___security_cookie         10008020     MSVCRT:gs_cookie.obj
 0003:00000024       ___security_cookie_complement 10008024     MSVCRT:gs_cookie.obj
 0003:00000028       ??_R0?AUIModuleReg@base@UModSys@@@8 10008028     plugin_test1.obj
 0003:00000050       ??_R0?AURModuleReg@test1@test@modules@UModSys@@@8 10008050     plugin_test1.obj
 0003:00000084       ??_R0?AURGenerator@test1@test@modules@UModSys@@@8 10008084     plugin_test1.obj
 0003:000000b8       ??_R0?AURTest1_Shell@test1@test@modules@UModSys@@@8 100080b8     plugin_test1.obj
 0003:000000f0       ??_R0?AURLines_Filter@test1@test@modules@UModSys@@@8 100080f0     plugin_test1.obj
 0003:00000128       ??_R0?AURLines@test1@test@modules@UModSys@@@8 10008128     plugin_test1.obj
 0003:00000158       ??_R0?AUILines@test1@test@modules@UModSys@@@8 10008158     plugin_test1.obj
 0003:00000188       ??_R0?AUIBinObjFilter@libmedia@UModSys@@@8 10008188     plugin_test1.obj
 0003:000001b8       ??_R0?AUIShell@base@UModSys@@@8 100081b8     plugin_test1.obj
 0003:000001dc       ??_R0?AUIGenerator@base@UModSys@@@8 100081dc     plugin_test1.obj
 0003:00000204       ??_R0?AUIModObject@base@UModSys@@@8 10008204     plugin_test1.obj
 0003:0000022c       ??_R0?AUIRefObject@core@UModSys@@@8 1000822c     plugin_test1.obj
 0003:00000254       ??_R0?AUIRoot@core@UModSys@@@8 10008254     plugin_test1.obj
 0003:00000290       ?so_entry_enabled_flag@base@UModSys@@3HA 10008290     umodsys_lib_base:umodsys.so_main.win32.obj
 0003:000002a4       ?s_null@?1??get_null@?$TSCoreShared@USIMemAlloc@core@UModSys@@D@su@tl@UModSys@@SAPAU?$TSharedStringInfo@D@345@XZ@4U6345@A 100082a4     plugin_test1.obj
 0003:000002b4       ??_R0?AUIModuleLibraryReg@base@UModSys@@@8 100082b4     umodsys_lib_base:umodsys.base.moduleregchain.obj
 0003:000002e4       ??_R0?AURModuleLibraryReg_Chain@base@UModSys@@@8 100082e4     umodsys_lib_base:umodsys.base.moduleregchain.obj
 0003:00000324       __forceCRTManifestRTM      10008324     MSVCRT:crtmanifestrtm.obj
 0003:00000328       ?__type_info_root_node@@3U__type_info_node@@A 10008328     MSVCRT:tncleanup.obj
 0003:00000674       ?s_modreg@RModuleReg@test1@test@modules@UModSys@@2U12345@A 10008674     plugin_test1.obj
 0003:0000069c       ?s_modreg_chain@RModuleReg@test1@test@modules@UModSys@@2USModuleRegChain@base@5@A 1000869c     plugin_test1.obj
 0003:000006a8       ?s_uid@RGenerator@test1@test@modules@UModSys@@2USUniquePointer@core@5@A 100086a8     plugin_test1.obj
 0003:000006c0       ?M@UModSys@@3USModuleContext@base@1@A 100086c0     umodsys_lib_base:umodsys.base.modulecontext.obj
 0003:000006d4       ?s_library@RModuleLibraryReg_Chain@base@UModSys@@2U123@A 100086d4     umodsys_lib_base:umodsys.base.moduleregchain.obj
 0003:000006d8       ?root@SModuleRegChain@base@UModSys@@2U123@A 100086d8     umodsys_lib_base:umodsys.base.moduleregchain.obj
 0003:000006e4       ?root@SUniquePointer@core@UModSys@@2U123@A 100086e4     umodsys_lib_core:umodsys.core.uniqueptr.obj
 0003:000006fc       ?s_id@?$TObjectUniqueID@UILibraryLayered@libmedia@UModSys@@@tl@UModSys@@2USUniquePointer@core@3@A 100086fc     plugin_test1.obj
 0003:00000714       ?s_id@?$TObjectUniqueID@UIRefObject@core@UModSys@@@tl@UModSys@@2USUniquePointer@core@3@A 10008714     plugin_test1.obj
 0003:0000072c       ?s_id@?$TObjectUniqueID@UILibrary@libmedia@UModSys@@@tl@UModSys@@2USUniquePointer@core@3@A 1000872c     plugin_test1.obj
 0003:00000744       ?s_id@?$TObjectUniqueID@UIRoot@core@UModSys@@@tl@UModSys@@2USUniquePointer@core@3@A 10008744     plugin_test1.obj
 0003:0000075c       ?s_id@?$TObjectUniqueID@UIBinArchive@libmedia@UModSys@@@tl@UModSys@@2USUniquePointer@core@3@A 1000875c     plugin_test1.obj
 0003:00000774       ?s_id@?$TObjectUniqueID@UIModule@base@UModSys@@@tl@UModSys@@2USUniquePointer@core@3@A 10008774     plugin_test1.obj
 0003:0000078c       ?s_id@?$TObjectUniqueID@UIStreamWriter@libmedia@UModSys@@@tl@UModSys@@2USUniquePointer@core@3@A 1000878c     plugin_test1.obj
 0003:000007a4       ?s_id@?$TObjectUniqueID@UIGenerator@base@UModSys@@@tl@UModSys@@2USUniquePointer@core@3@A 100087a4     plugin_test1.obj
 0003:000007bc       ?s_id@?$TObjectUniqueID@UIBinObjFilter@libmedia@UModSys@@@tl@UModSys@@2USUniquePointer@core@3@A 100087bc     plugin_test1.obj
 0003:000007d4       ?s_id@?$TObjectUniqueID@UIModuleLibrary@base@UModSys@@@tl@UModSys@@2USUniquePointer@core@3@A 100087d4     plugin_test1.obj
 0003:000007ec       ?s_id@?$TObjectUniqueID@URLines@test1@test@modules@UModSys@@@tl@UModSys@@2USUniquePointer@core@3@A 100087ec     plugin_test1.obj
 0003:00000804       ?s_id@?$TObjectUniqueID@UIParameters@core@UModSys@@@tl@UModSys@@2USUniquePointer@core@3@A 10008804     plugin_test1.obj
 0003:0000081c       ?s_id@?$TObjectUniqueID@UISystem@base@UModSys@@@tl@UModSys@@2USUniquePointer@core@3@A 1000881c     plugin_test1.obj
 0003:00000834       ?s_id@?$TObjectUniqueID@UILibraryBinCache@libmedia@UModSys@@@tl@UModSys@@2USUniquePointer@core@3@A 10008834     plugin_test1.obj
 0003:0000084c       ?s_id@?$TObjectUniqueID@UILines@test1@test@modules@UModSys@@@tl@UModSys@@2USUniquePointer@core@3@A 1000884c     plugin_test1.obj
 0003:00000864       ?s_id@?$TObjectUniqueID@URTest1_Shell@test1@test@modules@UModSys@@@tl@UModSys@@2USUniquePointer@core@3@A 10008864     plugin_test1.obj
 0003:0000087c       ?s_id@?$TObjectUniqueID@UILibraryBinTree@libmedia@UModSys@@@tl@UModSys@@2USUniquePointer@core@3@A 1000887c     plugin_test1.obj
 0003:00000894       ?s_id@?$TObjectUniqueID@UIModObject@base@UModSys@@@tl@UModSys@@2USUniquePointer@core@3@A 10008894     plugin_test1.obj
 0003:000008ac       ?s_id@?$TObjectUniqueID@UILibraryObjFilter@libmedia@UModSys@@@tl@UModSys@@2USUniquePointer@core@3@A 100088ac     plugin_test1.obj
 0003:000008c4       ?s_id@?$TObjectUniqueID@UIStreamReader@libmedia@UModSys@@@tl@UModSys@@2USUniquePointer@core@3@A 100088c4     plugin_test1.obj
 0003:000008dc       ?s_id@?$TObjectUniqueID@URGenerator@test1@test@modules@UModSys@@@tl@UModSys@@2USUniquePointer@core@3@A 100088dc     plugin_test1.obj
 0003:000008f4       ?s_id@?$TObjectUniqueID@UIShell@base@UModSys@@@tl@UModSys@@2USUniquePointer@core@3@A 100088f4     plugin_test1.obj
 0003:0000090c       ?s_id@?$TObjectUniqueID@URLines_Filter@test1@test@modules@UModSys@@@tl@UModSys@@2USUniquePointer@core@3@A 1000890c     plugin_test1.obj
 0003:00000924       ?s_id@?$TObjectUniqueID@UIConsole@base@UModSys@@@tl@UModSys@@2USUniquePointer@core@3@A 10008924     plugin_test1.obj
 0003:0000093c       __adjust_fdiv              1000893c     <common>
 0003:00000940       ___native_startup_state    10008940     <common>
 0003:00000944       ___native_startup_lock     10008944     <common>
 0003:00000948       ___dyn_tls_init_callback   10008948     <common>
 0003:0000094c       ___onexitend               1000894c     <common>
 0003:00000950       ___onexitbegin             10008950     <common>

 entry point at        0001:0000181b

 Static symbols

 0001:00001490       _pre_c_init                10002490 f   MSVCRT:crtdll.obj
 0001:00001705       ___DllMainCRTStartup       10002705 f   MSVCRT:crtdll.obj
 0001:00003f30       __unwindfunclet$?obj_delete@?$TRefObjectLinksModObject@URLines_Filter@test1@test@modules@UModSys@@UIModObject@base@5@@tl@UModSys@@QBEXPAURLines_Filter@test1@test@modules@3@@Z$0 10004f30 f    CIL library: CIL module
 0001:00003f30       __unwindfunclet$?obj_delete@?$TRefObjectLinksModObject@URTest1_Shell@test1@test@modules@UModSys@@UIModObject@base@5@@tl@UModSys@@QBEXPAURTest1_Shell@test1@test@modules@3@@Z$0 10004f30 f    CIL library: CIL module
 0001:00003f30       __unwindfunclet$?obj_delete@?$TRefObjectLinksModObject@URLines@test1@test@modules@UModSys@@UIModObject@base@5@@tl@UModSys@@QBEXPAURLines@test1@test@modules@3@@Z$0 10004f30 f    CIL library: CIL module
 0001:00003f38       __ehhandler$?obj_delete@?$TRefObjectLinksModObject@URLines@test1@test@modules@UModSys@@UIModObject@base@5@@tl@UModSys@@QBEXPAURLines@test1@test@modules@3@@Z 10004f38 f    CIL library: CIL module
 0001:00003f38       __ehhandler$?obj_delete@?$TRefObjectLinksModObject@URLines_Filter@test1@test@modules@UModSys@@UIModObject@base@5@@tl@UModSys@@QBEXPAURLines_Filter@test1@test@modules@3@@Z 10004f38 f    CIL library: CIL module
 0001:00003f38       __ehhandler$?obj_delete@?$TRefObjectLinksModObject@URTest1_Shell@test1@test@modules@UModSys@@UIModObject@base@5@@tl@UModSys@@QBEXPAURTest1_Shell@test1@test@modules@3@@Z 10004f38 f    CIL library: CIL module
 0001:00003f50       __unwindfunclet$??0RLines_Filter@test1@test@modules@UModSys@@QAE@PAUIModObject@base@4@ABUSParameters@core@4@@Z$0 10004f50 f    CIL library: CIL module
 0001:00003f50       __unwindfunclet$??0RTest1_Shell@test1@test@modules@UModSys@@QAE@PAUIModObject@base@4@@Z$0 10004f50 f    CIL library: CIL module
 0001:00003f50       __unwindfunclet$??1RTest1_Shell@test1@test@modules@UModSys@@UAE@XZ$0 10004f50 f    CIL library: CIL module
 0001:00003f58       __ehhandler$??0RLines_Filter@test1@test@modules@UModSys@@QAE@PAUIModObject@base@4@ABUSParameters@core@4@@Z 10004f58 f    CIL library: CIL module
 0001:00003f58       __ehhandler$??1RTest1_Shell@test1@test@modules@UModSys@@UAE@XZ 10004f58 f    CIL library: CIL module
 0001:00003f58       __ehhandler$??0RTest1_Shell@test1@test@modules@UModSys@@QAE@PAUIModObject@base@4@@Z 10004f58 f    CIL library: CIL module
 0001:00003f70       __unwindfunclet$??$t_generate@UILibraryLayered@libmedia@UModSys@@@SModuleContext@base@UModSys@@QAE_NAAU?$TRefObject@UILibraryLayered@libmedia@UModSys@@U?$TRefObjectFunc@UILibraryLayered@libmedia@UModSys@@@tl@3@@tl@2@PBUSUniquePointerInfo@core@2@ABUSParameters@62@@Z$0 10004f70 f    CIL library: CIL module
 0001:00003f70       __unwindfunclet$??$t_generate@UIStreamReader@libmedia@UModSys@@@SModuleContext@base@UModSys@@QAE_NAAU?$TRefObject@UIStreamReader@libmedia@UModSys@@U?$TRefObjectFunc@UIStreamReader@libmedia@UModSys@@@tl@3@@tl@2@PBUSUniquePointerInfo@core@2@ABUSParameters@62@@Z$0 10004f70 f    CIL library: CIL module
 0001:00003f70       __unwindfunclet$??$t_generate@UILibraryObjFilter@libmedia@UModSys@@@SModuleContext@base@UModSys@@QAE_NAAU?$TRefObject@UILibraryObjFilter@libmedia@UModSys@@U?$TRefObjectFunc@UILibraryObjFilter@libmedia@UModSys@@@tl@3@@tl@2@PBUSUniquePointerInfo@core@2@ABUSParameters@62@@Z$0 10004f70 f    CIL library: CIL module
 0001:00003f70       __unwindfunclet$??$t_generate@UIBinArchive@libmedia@UModSys@@@SModuleContext@base@UModSys@@QAE_NAAU?$TRefObject@UIBinArchive@libmedia@UModSys@@U?$TRefObjectFunc@UIBinArchive@libmedia@UModSys@@@tl@3@@tl@2@PBUSUniquePointerInfo@core@2@ABUSParameters@62@@Z$0 10004f70 f    CIL library: CIL module
 0001:00003f70       __unwindfunclet$??$t_generate@UIStreamWriter@libmedia@UModSys@@@SModuleContext@base@UModSys@@QAE_NAAU?$TRefObject@UIStreamWriter@libmedia@UModSys@@U?$TRefObjectFunc@UIStreamWriter@libmedia@UModSys@@@tl@3@@tl@2@PBUSUniquePointerInfo@core@2@ABUSParameters@62@@Z$0 10004f70 f    CIL library: CIL module
 0001:00003f70       __unwindfunclet$??$t_generate@UILibraryBinTree@libmedia@UModSys@@@SModuleContext@base@UModSys@@QAE_NAAU?$TRefObject@UILibraryBinTree@libmedia@UModSys@@U?$TRefObjectFunc@UILibraryBinTree@libmedia@UModSys@@@tl@3@@tl@2@PBUSUniquePointerInfo@core@2@ABUSParameters@62@@Z$0 10004f70 f    CIL library: CIL module
 0001:00003f78       __ehhandler$??$t_generate@UIBinArchive@libmedia@UModSys@@@SModuleContext@base@UModSys@@QAE_NAAU?$TRefObject@UIBinArchive@libmedia@UModSys@@U?$TRefObjectFunc@UIBinArchive@libmedia@UModSys@@@tl@3@@tl@2@PBUSUniquePointerInfo@core@2@ABUSParameters@62@@Z 10004f78 f    CIL library: CIL module
 0001:00003f78       __ehhandler$??$t_generate@UILibraryLayered@libmedia@UModSys@@@SModuleContext@base@UModSys@@QAE_NAAU?$TRefObject@UILibraryLayered@libmedia@UModSys@@U?$TRefObjectFunc@UILibraryLayered@libmedia@UModSys@@@tl@3@@tl@2@PBUSUniquePointerInfo@core@2@ABUSParameters@62@@Z 10004f78 f    CIL library: CIL module
 0001:00003f78       __ehhandler$??$t_generate@UIStreamReader@libmedia@UModSys@@@SModuleContext@base@UModSys@@QAE_NAAU?$TRefObject@UIStreamReader@libmedia@UModSys@@U?$TRefObjectFunc@UIStreamReader@libmedia@UModSys@@@tl@3@@tl@2@PBUSUniquePointerInfo@core@2@ABUSParameters@62@@Z 10004f78 f    CIL library: CIL module
 0001:00003f78       __ehhandler$??$t_generate@UILibraryObjFilter@libmedia@UModSys@@@SModuleContext@base@UModSys@@QAE_NAAU?$TRefObject@UILibraryObjFilter@libmedia@UModSys@@U?$TRefObjectFunc@UILibraryObjFilter@libmedia@UModSys@@@tl@3@@tl@2@PBUSUniquePointerInfo@core@2@ABUSParameters@62@@Z 10004f78 f    CIL library: CIL module
 0001:00003f78       __ehhandler$??$t_generate@UILibraryBinTree@libmedia@UModSys@@@SModuleContext@base@UModSys@@QAE_NAAU?$TRefObject@UILibraryBinTree@libmedia@UModSys@@U?$TRefObjectFunc@UILibraryBinTree@libmedia@UModSys@@@tl@3@@tl@2@PBUSUniquePointerInfo@core@2@ABUSParameters@62@@Z 10004f78 f    CIL library: CIL module
 0001:00003f78       __ehhandler$??$t_generate@UIStreamWriter@libmedia@UModSys@@@SModuleContext@base@UModSys@@QAE_NAAU?$TRefObject@UIStreamWriter@libmedia@UModSys@@U?$TRefObjectFunc@UIStreamWriter@libmedia@UModSys@@@tl@3@@tl@2@PBUSUniquePointerInfo@core@2@ABUSParameters@62@@Z 10004f78 f    CIL library: CIL module
 0001:00003f90       __unwindfunclet$??0RLines@test1@test@modules@UModSys@@QAE@PAUIModObject@base@4@ABUSParameters@core@4@@Z$0 10004f90 f    CIL library: CIL module
 0001:00003f98       __ehhandler$??0RLines@test1@test@modules@UModSys@@QAE@PAUIModObject@base@4@ABUSParameters@core@4@@Z 10004f98 f    CIL library: CIL module
 0001:00003fb0       __unwindfunclet$?file_test1@RTest1_Shell@test1@test@modules@UModSys@@QAEXXZ$0 10004fb0 f    CIL library: CIL module
 0001:00003fbb       __unwindfunclet$?file_test1@RTest1_Shell@test1@test@modules@UModSys@@QAEXXZ$1 10004fbb f    CIL library: CIL module
 0001:00003fc6       __unwindfunclet$?file_test1@RTest1_Shell@test1@test@modules@UModSys@@QAEXXZ$2 10004fc6 f    CIL library: CIL module
 0001:00003fd1       __unwindfunclet$?file_test1@RTest1_Shell@test1@test@modules@UModSys@@QAEXXZ$3 10004fd1 f    CIL library: CIL module
 0001:00003fdc       __ehhandler$?file_test1@RTest1_Shell@test1@test@modules@UModSys@@QAEXXZ 10004fdc f    CIL library: CIL module
 0001:00003fe6       __unwindfunclet$?media_lay@RTest1_Shell@test1@test@modules@UModSys@@QAE?AU?$TRefObject@UILibraryLayered@libmedia@UModSys@@U?$TRefObjectFunc@UILibraryLayered@libmedia@UModSys@@@tl@3@@tl@5@XZ$0 10004fe6 f    CIL library: CIL module
 0001:00003ff1       __unwindfunclet$?media_lay@RTest1_Shell@test1@test@modules@UModSys@@QAE?AU?$TRefObject@UILibraryLayered@libmedia@UModSys@@U?$TRefObjectFunc@UILibraryLayered@libmedia@UModSys@@@tl@3@@tl@5@XZ$1 10004ff1 f    CIL library: CIL module
 0001:00003ffc       __unwindfunclet$?media_lay@RTest1_Shell@test1@test@modules@UModSys@@QAE?AU?$TRefObject@UILibraryLayered@libmedia@UModSys@@U?$TRefObjectFunc@UILibraryLayered@libmedia@UModSys@@@tl@3@@tl@5@XZ$2 10004ffc f    CIL library: CIL module
 0001:0000401b       __ehhandler$?media_lay@RTest1_Shell@test1@test@modules@UModSys@@QAE?AU?$TRefObject@UILibraryLayered@libmedia@UModSys@@U?$TRefObjectFunc@UILibraryLayered@libmedia@UModSys@@@tl@3@@tl@5@XZ 1000501b f    CIL library: CIL module
 0001:00004025       __unwindfunclet$?media_flt@RTest1_Shell@test1@test@modules@UModSys@@QAE?AU?$TRefObject@UILibraryObjFilter@libmedia@UModSys@@U?$TRefObjectFunc@UILibraryObjFilter@libmedia@UModSys@@@tl@3@@tl@5@XZ$0 10005025 f    CIL library: CIL module
 0001:00004030       __unwindfunclet$?media_flt@RTest1_Shell@test1@test@modules@UModSys@@QAE?AU?$TRefObject@UILibraryObjFilter@libmedia@UModSys@@U?$TRefObjectFunc@UILibraryObjFilter@libmedia@UModSys@@@tl@3@@tl@5@XZ$1 10005030 f    CIL library: CIL module
 0001:0000403b       __unwindfunclet$?media_flt@RTest1_Shell@test1@test@modules@UModSys@@QAE?AU?$TRefObject@UILibraryObjFilter@libmedia@UModSys@@U?$TRefObjectFunc@UILibraryObjFilter@libmedia@UModSys@@@tl@3@@tl@5@XZ$2 1000503b f    CIL library: CIL module
 0001:0000405a       __ehhandler$?media_flt@RTest1_Shell@test1@test@modules@UModSys@@QAE?AU?$TRefObject@UILibraryObjFilter@libmedia@UModSys@@U?$TRefObjectFunc@UILibraryObjFilter@libmedia@UModSys@@@tl@3@@tl@5@XZ 1000505a f    CIL library: CIL module
 0001:00004064       __unwindfunclet$?media_vfs@RTest1_Shell@test1@test@modules@UModSys@@QAE?AU?$TRefObject@UILibraryBinTree@libmedia@UModSys@@U?$TRefObjectFunc@UILibraryBinTree@libmedia@UModSys@@@tl@3@@tl@5@XZ$0 10005064 f    CIL library: CIL module
 0001:0000406f       __unwindfunclet$?media_vfs@RTest1_Shell@test1@test@modules@UModSys@@QAE?AU?$TRefObject@UILibraryBinTree@libmedia@UModSys@@U?$TRefObjectFunc@UILibraryBinTree@libmedia@UModSys@@@tl@3@@tl@5@XZ$1 1000506f f    CIL library: CIL module
 0001:0000407a       __unwindfunclet$?media_vfs@RTest1_Shell@test1@test@modules@UModSys@@QAE?AU?$TRefObject@UILibraryBinTree@libmedia@UModSys@@U?$TRefObjectFunc@UILibraryBinTree@libmedia@UModSys@@@tl@3@@tl@5@XZ$2 1000507a f    CIL library: CIL module
 0001:00004099       __ehhandler$?media_vfs@RTest1_Shell@test1@test@modules@UModSys@@QAE?AU?$TRefObject@UILibraryBinTree@libmedia@UModSys@@U?$TRefObjectFunc@UILibraryBinTree@libmedia@UModSys@@@tl@3@@tl@5@XZ 10005099 f    CIL library: CIL module
 0001:000040a3       __unwindfunclet$?media_arch_stdio@RTest1_Shell@test1@test@modules@UModSys@@QAE?AU?$TRefObject@UIBinArchive@libmedia@UModSys@@U?$TRefObjectFunc@UIBinArchive@libmedia@UModSys@@@tl@3@@tl@5@ABU?$TString@U?$TSCoreConst@D@su@tl@UModSys@@U?$TComparerBinaryHash@D@234@@75@@Z$0 100050a3 f    CIL library: CIL module
 0001:000040ae       __unwindfunclet$?media_arch_stdio@RTest1_Shell@test1@test@modules@UModSys@@QAE?AU?$TRefObject@UIBinArchive@libmedia@UModSys@@U?$TRefObjectFunc@UIBinArchive@libmedia@UModSys@@@tl@3@@tl@5@ABU?$TString@U?$TSCoreConst@D@su@tl@UModSys@@U?$TComparerBinaryHash@D@234@@75@@Z$1 100050ae f    CIL library: CIL module
 0001:000040b9       __ehhandler$?media_arch_stdio@RTest1_Shell@test1@test@modules@UModSys@@QAE?AU?$TRefObject@UIBinArchive@libmedia@UModSys@@U?$TRefObjectFunc@UIBinArchive@libmedia@UModSys@@@tl@3@@tl@5@ABU?$TString@U?$TSCoreConst@D@su@tl@UModSys@@U?$TComparerBinaryHash@D@234@@75@@Z 100050b9 f    CIL library: CIL module
 0001:000040c3       __unwindfunclet$?file_test5@RTest1_Shell@test1@test@modules@UModSys@@QAEXXZ$0 100050c3 f    CIL library: CIL module
 0001:000040ce       __unwindfunclet$?file_test5@RTest1_Shell@test1@test@modules@UModSys@@QAEXXZ$1 100050ce f    CIL library: CIL module
 0001:000040d9       __unwindfunclet$?file_test5@RTest1_Shell@test1@test@modules@UModSys@@QAEXXZ$2 100050d9 f    CIL library: CIL module
 0001:000040e4       __unwindfunclet$?file_test5@RTest1_Shell@test1@test@modules@UModSys@@QAEXXZ$3 100050e4 f    CIL library: CIL module
 0001:000040ef       __unwindfunclet$?file_test5@RTest1_Shell@test1@test@modules@UModSys@@QAEXXZ$4 100050ef f    CIL library: CIL module
 0001:000040fa       __unwindfunclet$?file_test5@RTest1_Shell@test1@test@modules@UModSys@@QAEXXZ$5 100050fa f    CIL library: CIL module
 0001:00004105       __unwindfunclet$?file_test5@RTest1_Shell@test1@test@modules@UModSys@@QAEXXZ$6 10005105 f    CIL library: CIL module
 0001:00004110       __unwindfunclet$?file_test5@RTest1_Shell@test1@test@modules@UModSys@@QAEXXZ$7 10005110 f    CIL library: CIL module
 0001:0000411b       __unwindfunclet$?file_test5@RTest1_Shell@test1@test@modules@UModSys@@QAEXXZ$8 1000511b f    CIL library: CIL module
 0001:00004126       __unwindfunclet$?file_test5@RTest1_Shell@test1@test@modules@UModSys@@QAEXXZ$9 10005126 f    CIL library: CIL module
 0001:00004131       __unwindfunclet$?file_test5@RTest1_Shell@test1@test@modules@UModSys@@QAEXXZ$10 10005131 f    CIL library: CIL module
 0001:0000413c       __unwindfunclet$?file_test5@RTest1_Shell@test1@test@modules@UModSys@@QAEXXZ$11 1000513c f    CIL library: CIL module
 0001:00004147       __ehhandler$?file_test5@RTest1_Shell@test1@test@modules@UModSys@@QAEXXZ 10005147 f    CIL library: CIL module
 0001:00004151       __unwindfunclet$?file_test4@RTest1_Shell@test1@test@modules@UModSys@@QAEXXZ$0 10005151 f    CIL library: CIL module
 0001:00004159       __unwindfunclet$?file_test4@RTest1_Shell@test1@test@modules@UModSys@@QAEXXZ$1 10005159 f    CIL library: CIL module
 0001:00004161       __unwindfunclet$?file_test4@RTest1_Shell@test1@test@modules@UModSys@@QAEXXZ$2 10005161 f    CIL library: CIL module
 0001:00004169       __unwindfunclet$?file_test4@RTest1_Shell@test1@test@modules@UModSys@@QAEXXZ$3 10005169 f    CIL library: CIL module
 0001:00004171       __unwindfunclet$?file_test4@RTest1_Shell@test1@test@modules@UModSys@@QAEXXZ$4 10005171 f    CIL library: CIL module
 0001:00004179       __unwindfunclet$?file_test4@RTest1_Shell@test1@test@modules@UModSys@@QAEXXZ$5 10005179 f    CIL library: CIL module
 0001:00004181       __unwindfunclet$?file_test4@RTest1_Shell@test1@test@modules@UModSys@@QAEXXZ$7 10005181 f    CIL library: CIL module
 0001:00004189       __ehhandler$?file_test4@RTest1_Shell@test1@test@modules@UModSys@@QAEXXZ 10005189 f    CIL library: CIL module
 0001:00004193       __unwindfunclet$?file_test3@RTest1_Shell@test1@test@modules@UModSys@@QAEXXZ$0 10005193 f    CIL library: CIL module
 0001:0000419b       __unwindfunclet$?file_test3@RTest1_Shell@test1@test@modules@UModSys@@QAEXXZ$1 1000519b f    CIL library: CIL module
 0001:000041a3       __ehhandler$?file_test3@RTest1_Shell@test1@test@modules@UModSys@@QAEXXZ 100051a3 f    CIL library: CIL module
 0001:000041ad       __unwindfunclet$?file_test2@RTest1_Shell@test1@test@modules@UModSys@@QAEXXZ$0 100051ad f    CIL library: CIL module
 0001:000041b8       __unwindfunclet$?file_test2@RTest1_Shell@test1@test@modules@UModSys@@QAEXXZ$1 100051b8 f    CIL library: CIL module
 0001:000041c3       __unwindfunclet$?file_test2@RTest1_Shell@test1@test@modules@UModSys@@QAEXXZ$2 100051c3 f    CIL library: CIL module
 0001:000041ce       __ehhandler$?file_test2@RTest1_Shell@test1@test@modules@UModSys@@QAEXXZ 100051ce f    CIL library: CIL module
 0001:000041e0       __unwindfunclet$?filter_load@RLines_Filter@test1@test@modules@UModSys@@UAE_NAAU?$TRefObject@UIRefObject@core@UModSys@@U?$TRefObjectFunc@UIRefObject@core@UModSys@@@tl@3@@tl@5@ABUSInfo@IBinObjFilter@libmedia@5@@Z$0 100051e0 f    CIL library: CIL module
 0001:000041ee       __unwindfunclet$?filter_load@RLines_Filter@test1@test@modules@UModSys@@UAE_NAAU?$TRefObject@UIRefObject@core@UModSys@@U?$TRefObjectFunc@UIRefObject@core@UModSys@@@tl@3@@tl@5@ABUSInfo@IBinObjFilter@libmedia@5@@Z$1 100051ee f    CIL library: CIL module
 0001:000041f6       __ehhandler$?filter_load@RLines_Filter@test1@test@modules@UModSys@@UAE_NAAU?$TRefObject@UIRefObject@core@UModSys@@U?$TRefObjectFunc@UIRefObject@core@UModSys@@@tl@3@@tl@5@ABUSInfo@IBinObjFilter@libmedia@5@@Z 100051f6 f    CIL library: CIL module
 0001:00004200       __unwindfunclet$?generate@RGenerator@test1@test@modules@UModSys@@UAE_NAAU?$TRefObject@UIRefObject@core@UModSys@@U?$TRefObjectFunc@UIRefObject@core@UModSys@@@tl@3@@tl@5@PBUSUniquePointerInfo@core@5@ABUSParameters@95@@Z$0 10005200 f    CIL library: CIL module
 0001:0000420e       __ehhandler$?generate@RGenerator@test1@test@modules@UModSys@@UAE_NAAU?$TRefObject@UIRefObject@core@UModSys@@U?$TRefObjectFunc@UIRefObject@core@UModSys@@@tl@3@@tl@5@PBUSUniquePointerInfo@core@5@ABUSParameters@95@@Z 1000520e f    CIL library: CIL module
 0001:00004220       ??__E?s_modreg@RModuleReg@test1@test@modules@UModSys@@2U12345@A@@YAXXZ 10005220 f    CIL library: CIL module
 0001:00004250       ??__E?s_modreg_chain@RModuleReg@test1@test@modules@UModSys@@2USModuleRegChain@base@5@A@@YAXXZ 10005250 f    CIL library: CIL module
 0001:00004270       ??__E?s_uid@RGenerator@test1@test@modules@UModSys@@2USUniquePointer@core@5@A@@YAXXZ 10005270 f    CIL library: CIL module
 0001:000042a0       ??__E?s_id@?$TObjectUniqueID@UIRoot@core@UModSys@@@tl@UModSys@@2USUniquePointer@core@3@A@@YAXXZ 100052a0 f    CIL library: CIL module
 0001:000042d0       ??__E?s_id@?$TObjectUniqueID@UIRefObject@core@UModSys@@@tl@UModSys@@2USUniquePointer@core@3@A@@YAXXZ 100052d0 f    CIL library: CIL module
 0001:00004300       ??__E?s_id@?$TObjectUniqueID@UIParameters@core@UModSys@@@tl@UModSys@@2USUniquePointer@core@3@A@@YAXXZ 10005300 f    CIL library: CIL module
 0001:00004330       ??__E?s_id@?$TObjectUniqueID@UIModule@base@UModSys@@@tl@UModSys@@2USUniquePointer@core@3@A@@YAXXZ 10005330 f    CIL library: CIL module
 0001:00004360       ??__E?s_id@?$TObjectUniqueID@UIModuleLibrary@base@UModSys@@@tl@UModSys@@2USUniquePointer@core@3@A@@YAXXZ 10005360 f    CIL library: CIL module
 0001:00004390       ??__E?s_id@?$TObjectUniqueID@UIModObject@base@UModSys@@@tl@UModSys@@2USUniquePointer@core@3@A@@YAXXZ 10005390 f    CIL library: CIL module
 0001:000043c0       ??__E?s_id@?$TObjectUniqueID@UIGenerator@base@UModSys@@@tl@UModSys@@2USUniquePointer@core@3@A@@YAXXZ 100053c0 f    CIL library: CIL module
 0001:000043f0       ??__E?s_id@?$TObjectUniqueID@UIShell@base@UModSys@@@tl@UModSys@@2USUniquePointer@core@3@A@@YAXXZ 100053f0 f    CIL library: CIL module
 0001:00004420       ??__E?s_id@?$TObjectUniqueID@UIConsole@base@UModSys@@@tl@UModSys@@2USUniquePointer@core@3@A@@YAXXZ 10005420 f    CIL library: CIL module
 0001:00004450       ??__E?s_id@?$TObjectUniqueID@UISystem@base@UModSys@@@tl@UModSys@@2USUniquePointer@core@3@A@@YAXXZ 10005450 f    CIL library: CIL module
 0001:00004480       ??__E?s_id@?$TObjectUniqueID@UIStreamReader@libmedia@UModSys@@@tl@UModSys@@2USUniquePointer@core@3@A@@YAXXZ 10005480 f    CIL library: CIL module
 0001:000044b0       ??__E?s_id@?$TObjectUniqueID@UIStreamWriter@libmedia@UModSys@@@tl@UModSys@@2USUniquePointer@core@3@A@@YAXXZ 100054b0 f    CIL library: CIL module
 0001:000044e0       ??__E?s_id@?$TObjectUniqueID@UIBinArchive@libmedia@UModSys@@@tl@UModSys@@2USUniquePointer@core@3@A@@YAXXZ 100054e0 f    CIL library: CIL module
 0001:00004510       ??__E?s_id@?$TObjectUniqueID@UIBinObjFilter@libmedia@UModSys@@@tl@UModSys@@2USUniquePointer@core@3@A@@YAXXZ 10005510 f    CIL library: CIL module
 0001:00004540       ??__E?s_id@?$TObjectUniqueID@UILibrary@libmedia@UModSys@@@tl@UModSys@@2USUniquePointer@core@3@A@@YAXXZ 10005540 f    CIL library: CIL module
 0001:00004570       ??__E?s_id@?$TObjectUniqueID@UILibraryBinTree@libmedia@UModSys@@@tl@UModSys@@2USUniquePointer@core@3@A@@YAXXZ 10005570 f    CIL library: CIL module
 0001:000045a0       ??__E?s_id@?$TObjectUniqueID@UILibraryBinCache@libmedia@UModSys@@@tl@UModSys@@2USUniquePointer@core@3@A@@YAXXZ 100055a0 f    CIL library: CIL module
 0001:000045d0       ??__E?s_id@?$TObjectUniqueID@UILibraryObjFilter@libmedia@UModSys@@@tl@UModSys@@2USUniquePointer@core@3@A@@YAXXZ 100055d0 f    CIL library: CIL module
 0001:00004600       ??__E?s_id@?$TObjectUniqueID@UILibraryLayered@libmedia@UModSys@@@tl@UModSys@@2USUniquePointer@core@3@A@@YAXXZ 10005600 f    CIL library: CIL module
 0001:00004630       ??__E?s_id@?$TObjectUniqueID@UILines@test1@test@modules@UModSys@@@tl@UModSys@@2USUniquePointer@core@3@A@@YAXXZ 10005630 f    CIL library: CIL module
 0001:00004660       ??__E?s_id@?$TObjectUniqueID@URLines@test1@test@modules@UModSys@@@tl@UModSys@@2USUniquePointer@core@3@A@@YAXXZ 10005660 f    CIL library: CIL module
 0001:00004690       ??__E?s_id@?$TObjectUniqueID@URLines_Filter@test1@test@modules@UModSys@@@tl@UModSys@@2USUniquePointer@core@3@A@@YAXXZ 10005690 f    CIL library: CIL module
 0001:000046c0       ??__E?s_id@?$TObjectUniqueID@URTest1_Shell@test1@test@modules@UModSys@@@tl@UModSys@@2USUniquePointer@core@3@A@@YAXXZ 100056c0 f    CIL library: CIL module
 0001:000046f0       ??__E?s_id@?$TObjectUniqueID@URGenerator@test1@test@modules@UModSys@@@tl@UModSys@@2USUniquePointer@core@3@A@@YAXXZ 100056f0 f    CIL library: CIL module
 0001:00004720       ??__EM@UModSys@@YAXXZ      10005720 f    CIL library: CIL module
 0001:00004740       ??__E?root@SModuleRegChain@base@UModSys@@2U123@A@@YAXXZ 10005740 f    CIL library: CIL module
 0001:00004760       ??__E?s_library@RModuleLibraryReg_Chain@base@UModSys@@2U123@A@@YAXXZ 10005760 f    CIL library: CIL module
 0001:00004780       ??__E?root@SUniquePointer@core@UModSys@@2U123@A@@YAXXZ 10005780 f    CIL library: CIL module
 0001:000047a0       ??__F?s_modreg@RModuleReg@test1@test@modules@UModSys@@2U12345@A@@YAXXZ 100057a0 f    CIL library: CIL module
 0001:000047c0       ??__F?s_modreg_chain@RModuleReg@test1@test@modules@UModSys@@2USModuleRegChain@base@5@A@@YAXXZ 100057c0 f    CIL library: CIL module
 0001:000047d0       ??__F?s_uid@RGenerator@test1@test@modules@UModSys@@2USUniquePointer@core@5@A@@YAXXZ 100057d0 f    CIL library: CIL module
 0001:000047e0       ??__Fh@?1??s_holder@RGenerator@test1@test@modules@UModSys@@SAAAU?$TTypeStaticHolder@URGenerator@test1@test@modules@UModSys@@@tl@5@XZ@YAXXZ 100057e0 f    CIL library: CIL module
 0001:00004800       ??__F?s_id@?$TObjectUniqueID@URGenerator@test1@test@modules@UModSys@@@tl@UModSys@@2USUniquePointer@core@3@A@@YAXXZ 10005800 f    CIL library: CIL module
 0001:00004810       ??__F?s_id@?$TObjectUniqueID@URTest1_Shell@test1@test@modules@UModSys@@@tl@UModSys@@2USUniquePointer@core@3@A@@YAXXZ 10005810 f    CIL library: CIL module
 0001:00004820       ??__F?s_id@?$TObjectUniqueID@URLines_Filter@test1@test@modules@UModSys@@@tl@UModSys@@2USUniquePointer@core@3@A@@YAXXZ 10005820 f    CIL library: CIL module
 0001:00004830       ??__F?s_id@?$TObjectUniqueID@URLines@test1@test@modules@UModSys@@@tl@UModSys@@2USUniquePointer@core@3@A@@YAXXZ 10005830 f    CIL library: CIL module
 0001:00004840       ??__F?s_id@?$TObjectUniqueID@UILines@test1@test@modules@UModSys@@@tl@UModSys@@2USUniquePointer@core@3@A@@YAXXZ 10005840 f    CIL library: CIL module
 0001:00004850       ??__F?s_id@?$TObjectUniqueID@UILibraryLayered@libmedia@UModSys@@@tl@UModSys@@2USUniquePointer@core@3@A@@YAXXZ 10005850 f    CIL library: CIL module
 0001:00004860       ??__F?s_id@?$TObjectUniqueID@UILibraryObjFilter@libmedia@UModSys@@@tl@UModSys@@2USUniquePointer@core@3@A@@YAXXZ 10005860 f    CIL library: CIL module
 0001:00004870       ??__F?s_id@?$TObjectUniqueID@UILibraryBinCache@libmedia@UModSys@@@tl@UModSys@@2USUniquePointer@core@3@A@@YAXXZ 10005870 f    CIL library: CIL module
 0001:00004880       ??__F?s_id@?$TObjectUniqueID@UILibraryBinTree@libmedia@UModSys@@@tl@UModSys@@2USUniquePointer@core@3@A@@YAXXZ 10005880 f    CIL library: CIL module
 0001:00004890       ??__F?s_id@?$TObjectUniqueID@UILibrary@libmedia@UModSys@@@tl@UModSys@@2USUniquePointer@core@3@A@@YAXXZ 10005890 f    CIL library: CIL module
 0001:000048a0       ??__F?s_id@?$TObjectUniqueID@UIBinObjFilter@libmedia@UModSys@@@tl@UModSys@@2USUniquePointer@core@3@A@@YAXXZ 100058a0 f    CIL library: CIL module
 0001:000048b0       ??__F?s_id@?$TObjectUniqueID@UIBinArchive@libmedia@UModSys@@@tl@UModSys@@2USUniquePointer@core@3@A@@YAXXZ 100058b0 f    CIL library: CIL module
 0001:000048c0       ??__F?s_id@?$TObjectUniqueID@UIStreamWriter@libmedia@UModSys@@@tl@UModSys@@2USUniquePointer@core@3@A@@YAXXZ 100058c0 f    CIL library: CIL module
 0001:000048d0       ??__F?s_id@?$TObjectUniqueID@UIStreamReader@libmedia@UModSys@@@tl@UModSys@@2USUniquePointer@core@3@A@@YAXXZ 100058d0 f    CIL library: CIL module
 0001:000048e0       ??__F?s_id@?$TObjectUniqueID@UISystem@base@UModSys@@@tl@UModSys@@2USUniquePointer@core@3@A@@YAXXZ 100058e0 f    CIL library: CIL module
 0001:000048f0       ??__F?s_id@?$TObjectUniqueID@UIConsole@base@UModSys@@@tl@UModSys@@2USUniquePointer@core@3@A@@YAXXZ 100058f0 f    CIL library: CIL module
 0001:00004900       ??__F?s_id@?$TObjectUniqueID@UIShell@base@UModSys@@@tl@UModSys@@2USUniquePointer@core@3@A@@YAXXZ 10005900 f    CIL library: CIL module
 0001:00004910       ??__F?s_id@?$TObjectUniqueID@UIGenerator@base@UModSys@@@tl@UModSys@@2USUniquePointer@core@3@A@@YAXXZ 10005910 f    CIL library: CIL module
 0001:00004920       ??__F?s_id@?$TObjectUniqueID@UIModObject@base@UModSys@@@tl@UModSys@@2USUniquePointer@core@3@A@@YAXXZ 10005920 f    CIL library: CIL module
 0001:00004930       ??__F?s_id@?$TObjectUniqueID@UIModuleLibrary@base@UModSys@@@tl@UModSys@@2USUniquePointer@core@3@A@@YAXXZ 10005930 f    CIL library: CIL module
 0001:00004940       ??__F?s_id@?$TObjectUniqueID@UIModule@base@UModSys@@@tl@UModSys@@2USUniquePointer@core@3@A@@YAXXZ 10005940 f    CIL library: CIL module
 0001:00004950       ??__F?s_id@?$TObjectUniqueID@UIParameters@core@UModSys@@@tl@UModSys@@2USUniquePointer@core@3@A@@YAXXZ 10005950 f    CIL library: CIL module
 0001:00004960       ??__F?s_id@?$TObjectUniqueID@UIRefObject@core@UModSys@@@tl@UModSys@@2USUniquePointer@core@3@A@@YAXXZ 10005960 f    CIL library: CIL module
 0001:00004970       ??__F?s_id@?$TObjectUniqueID@UIRoot@core@UModSys@@@tl@UModSys@@2USUniquePointer@core@3@A@@YAXXZ 10005970 f    CIL library: CIL module
 0001:00004980       ??__FM@UModSys@@YAXXZ      10005980 f    CIL library: CIL module
 0001:00004990       ??__F?root@SModuleRegChain@base@UModSys@@2U123@A@@YAXXZ 10005990 f    CIL library: CIL module
 0001:000049a0       ??__F?s_library@RModuleLibraryReg_Chain@base@UModSys@@2U123@A@@YAXXZ 100059a0 f    CIL library: CIL module
 0001:000049b0       ??__F?root@SUniquePointer@core@UModSys@@2U123@A@@YAXXZ 100059b0 f    CIL library: CIL module

 Exports

  ordinal    name

        1    _UModSys_Plugin_Entry2@0
