 plugin_test1

 Timestamp is 5280f519 (Mon Nov 11 18:17:45 2013)

 Preferred load address is 10000000

 Start         Length     Name                   Class
 0001:00000000 0000fca7H .text                   CODE
 0001:0000fcb0 000006f8H .text$x                 CODE
 0001:000103b0 00000e51H .text$yc                CODE
 0001:00011210 0000059aH .text$yd                CODE
 0002:00000000 0000019cH .idata$5                DATA
 0002:0000019c 00000004H .CRT$XCA                DATA
 0002:000001a0 000005a0H .CRT$XCU                DATA
 0002:00000740 00000004H .CRT$XCZ                DATA
 0002:00000744 00000004H .CRT$XIA                DATA
 0002:00000748 00000004H .CRT$XIAA               DATA
 0002:0000074c 00000004H .CRT$XIC                DATA
 0002:00000750 00000004H .CRT$XIZ                DATA
 0002:00000758 00001f08H .rdata                  DATA
 0002:00002660 000013d4H .rdata$r                DATA
 0002:00003a40 000000c0H .rdata$sxdata           DATA
 0002:00003b00 00000004H .rtc$IAA                DATA
 0002:00003b04 00000004H .rtc$IZZ                DATA
 0002:00003b08 00000004H .rtc$TAA                DATA
 0002:00003b0c 00000004H .rtc$TZZ                DATA
 0002:00003b10 00000b1cH .xdata$x                DATA
 0002:0000462c 00000064H .idata$2                DATA
 0002:00004690 00000014H .idata$3                DATA
 0002:000046a4 0000019cH .idata$4                DATA
 0002:00004840 000007a4H .idata$6                DATA
 0002:00004ff0 0000005cH .edata                  DATA
 0003:00000000 00000b50H .data                   DATA
 0003:00000b50 00000b14H .bss                    DATA

  Address         Publics by Value              Rva+Base       Lib:Object

 0000:00000000       __except_list              00000000     <absolute>
 0000:00000030       ___safe_se_handler_count   00000030     <absolute>
 0000:00009876       __ldused                   00009876     <absolute>
 0000:00009876       __fltused                  00009876     <absolute>
 0000:00000000       ___ImageBase               10000000     <linker-defined>
 0001:00000000       ??1SMemShared@core@UModSys@@QAE@XZ 10001000 f i plugin_test1.obj
 0001:00000010       ??3IRoot@core@UModSys@@SAXPAXABUSIMemAlloc@12@@Z 10001010 f i plugin_test1.obj
 0001:00000020       ??$seq@D@su@tl@UModSys@@YA_NPBD0@Z 10001020 f i plugin_test1.obj
 0001:00000060       ?add@SParameters@core@UModSys@@QAE_NPBDH@Z 10001060 f i plugin_test1.obj
 0001:00000090       ?add@SParameters@core@UModSys@@QAE_NPBD_N@Z 10001090 f i plugin_test1.obj
 0001:000000b0       ?s@SFrameDataOut@libui@UModSys@@QBEXQBD@Z 100010b0 f i plugin_test1.obj
 0001:000000f0       ??_EIRoot@core@UModSys@@UAEPAXI@Z 100010f0 f i  CIL library: CIL module
 0001:000000f0       ??_GIRoot@core@UModSys@@UAEPAXI@Z 100010f0 f i plugin_test1.obj
 0001:00000110       ?root_get_interface_info@RTest1_Shell@test1@test@modules@UModSys@@UBEABUSUniquePointerInfo@core@5@XZ 10001110 f i plugin_test1.obj
 0001:00000120       ?root_get_interface_type@RTest1_Shell@test1@test@modules@UModSys@@UBEPBUSUniquePointerInfo@core@5@XZ 10001120 f i plugin_test1.obj
 0001:00000130       ?root_get_other_interface@RTest1_Shell@test1@test@modules@UModSys@@UBEPBUIRoot@core@5@PBUSUniquePointerInfo@75@@Z 10001130 f i plugin_test1.obj
 0001:00000130       ?root_get_other_interface@RTest1_Shell@test1@test@modules@UModSys@@UAEPAUIRoot@core@5@PBUSUniquePointerInfo@75@@Z 10001130 f i plugin_test1.obj
 0001:00000160       ?root_is_interface_supported@RTest1_Shell@test1@test@modules@UModSys@@UBE_NPBUSUniquePointerInfo@core@5@@Z 10001160 f i plugin_test1.obj
 0001:000001a0       ?ref_add@RTest1_Shell@test1@test@modules@UModSys@@UBEXXZ 100011a0 f i plugin_test1.obj
 0001:000001b0       ?ref_remove@RTest1_Shell@test1@test@modules@UModSys@@UBEXXZ 100011b0 f i plugin_test1.obj
 0001:000001c0       ?ref_links@RTest1_Shell@test1@test@modules@UModSys@@UBEHXZ 100011c0 f i plugin_test1.obj
 0001:000001d0       ?ref_weak@RTest1_Shell@test1@test@modules@UModSys@@UBE_NAAUWeakPointer@IRefObject@core@5@@Z 100011d0 f i plugin_test1.obj
 0001:000001f0       ?suicide@RTest1_Shell@test1@test@modules@UModSys@@UAEXXZ 100011f0 f i plugin_test1.obj
 0001:00000200       ??0RTest1_Shell@test1@test@modules@UModSys@@QAE@PAUIModObject@base@4@@Z 10001200 f i plugin_test1.obj
 0001:00000340       ??1RTest1_Shell@test1@test@modules@UModSys@@UAE@XZ 10001340 f i plugin_test1.obj
 0001:000003f0       ?connect@RTest1_Shell@test1@test@modules@UModSys@@UAE_NXZ 100013f0 f i plugin_test1.obj
 0001:00000410       ?disconnect@RTest1_Shell@test1@test@modules@UModSys@@UAE_NXZ 10001410 f i plugin_test1.obj
 0001:00000430       ?process_tick@RTest1_Shell@test1@test@modules@UModSys@@UAE_NABUSTimeMsec@core@5@@Z 10001430 f i plugin_test1.obj
 0001:00000460       ?process_command@RTest1_Shell@test1@test@modules@UModSys@@UAE_NHQBU?$TString@U?$TSCoreConst@D@su@tl@UModSys@@U?$TComparerBinaryHash@D@234@@tl@5@@Z 10001460 f i plugin_test1.obj
 0001:00000490       ??_GRTest1_Shell@test1@test@modules@UModSys@@UAEPAXI@Z 10001490 f i plugin_test1.obj
 0001:00000490       ??_ERTest1_Shell@test1@test@modules@UModSys@@UAEPAXI@Z 10001490 f i  CIL library: CIL module
 0001:000004b0       ??1?$TParametersA@$0EAA@@core@UModSys@@QAE@XZ 100014b0 f i plugin_test1.obj
 0001:000004b0       ??1?$TParametersA@$0BAA@@core@UModSys@@QAE@XZ 100014b0 f i umodsys_lib_libui:umodsys.mod.ui.SDL_core.obj
 0001:000004b0       ??1SParameters@core@UModSys@@QAE@XZ 100014b0 f i plugin_test1.obj
 0001:000004c0       ??1SFrameCreateParameters@libui@UModSys@@QAE@XZ 100014c0 f i plugin_test1.obj
 0001:000004e0       ?get_generated_names@RGenerator@test1@test@modules@UModSys@@UBEHAAUSUniquePtrList@core@5@@Z 100014e0 f i plugin_test1.obj
 0001:00000500       ?get_generated_types@RGenerator@test1@test@modules@UModSys@@UBEHAAUSUniquePtrList@core@5@PBUSUniquePointerInfo@75@@Z 10001500 f i plugin_test1.obj
 0001:00000550       ?generate@RGenerator@test1@test@modules@UModSys@@UAE_NAAU?$TRefObject@UIRefObject@core@UModSys@@U?$TRefObjectFunc@UIRefObject@core@UModSys@@@tl@3@@tl@5@PBUSUniquePointerInfo@core@5@ABUSParameters@95@@Z 10001550 f i plugin_test1.obj
 0001:00000610       ?root_get_interface_info@RGenerator@test1@test@modules@UModSys@@UBEABUSUniquePointerInfo@core@5@XZ 10001610 f i plugin_test1.obj
 0001:00000620       ?root_get_interface_type@RGenerator@test1@test@modules@UModSys@@UBEPBUSUniquePointerInfo@core@5@XZ 10001620 f i plugin_test1.obj
 0001:00000630       ?root_get_interface_types@RGenerator@SDL_core@ui@modules@UModSys@@UBEIAAUSUniquePtrList@core@5@@Z 10001630 f i umodsys_lib_libui:umodsys.mod.ui.SDL_core.obj
 0001:00000630       ?root_get_interface_types@RGenerator@images_std@media@modules@UModSys@@UBEIAAUSUniquePtrList@core@5@@Z 10001630 f i umodsys_lib_libmedia:umodsys.mod.media.images_std.obj
 0001:00000630       ?root_get_interface_types@RFrame_Button@frames@ui@modules@UModSys@@UBEIAAUSUniquePtrList@core@5@@Z 10001630 f i umodsys_lib_libui:umodsys.mod.ui.frames.obj
 0001:00000630       ?root_get_interface_types@RFrame_Image@frames@ui@modules@UModSys@@UBEIAAUSUniquePtrList@core@5@@Z 10001630 f i umodsys_lib_libui:umodsys.mod.ui.frames.obj
 0001:00000630       ?root_get_interface_types@RMultiImage2D_SDL_ttf@SDL_core@ui@modules@UModSys@@UBEIAAUSUniquePtrList@core@5@@Z 10001630 f i umodsys_lib_libui:umodsys.mod.ui.SDL_core.obj
 0001:00000630       ?root_get_interface_types@RFrame_Frame@frames@ui@modules@UModSys@@UBEIAAUSUniquePtrList@core@5@@Z 10001630 f i umodsys_lib_libui:umodsys.mod.ui.frames.obj
 0001:00000630       ?root_get_interface_types@RFrame_List@frames@ui@modules@UModSys@@UBEIAAUSUniquePtrList@core@5@@Z 10001630 f i umodsys_lib_libui:umodsys.mod.ui.frames.obj
 0001:00000630       ?root_get_interface_types@RTerminal@SDL_core@ui@modules@UModSys@@UBEIAAUSUniquePtrList@core@5@@Z 10001630 f i umodsys_lib_libui:umodsys.mod.ui.SDL_core.obj
 0001:00000630       ?root_get_interface_types@RGenerator@frames@ui@modules@UModSys@@UBEIAAUSUniquePtrList@core@5@@Z 10001630 f i umodsys_lib_libui:umodsys.mod.ui.frames.obj
 0001:00000630       ?root_get_interface_types@RRenderDriver2D@SDL_core@ui@modules@UModSys@@UBEIAAUSUniquePtrList@core@5@@Z 10001630 f i umodsys_lib_libui:umodsys.mod.ui.SDL_core.obj
 0001:00000630       ?root_get_interface_types@RKeyboardController@SDL_core@ui@modules@UModSys@@UBEIAAUSUniquePtrList@core@5@@Z 10001630 f i umodsys_lib_libui:umodsys.mod.ui.SDL_core.obj
 0001:00000630       ?root_get_interface_types@RTest1_Shell@test1@test@modules@UModSys@@UBEIAAUSUniquePtrList@core@5@@Z 10001630 f i plugin_test1.obj
 0001:00000630       ?root_get_interface_types@RMouseController@SDL_core@ui@modules@UModSys@@UBEIAAUSUniquePtrList@core@5@@Z 10001630 f i umodsys_lib_libui:umodsys.mod.ui.SDL_core.obj
 0001:00000630       ?root_get_interface_types@RFrame_Text@frames@ui@modules@UModSys@@UBEIAAUSUniquePtrList@core@5@@Z 10001630 f i umodsys_lib_libui:umodsys.mod.ui.frames.obj
 0001:00000630       ?root_get_interface_types@RDialog@frames@ui@modules@UModSys@@UBEIAAUSUniquePtrList@core@5@@Z 10001630 f i umodsys_lib_libui:umodsys.mod.ui.frames.obj
 0001:00000630       ?root_get_interface_types@RCollector@frames@ui@modules@UModSys@@UBEIAAUSUniquePtrList@core@5@@Z 10001630 f i umodsys_lib_libui:umodsys.mod.ui.frames.obj
 0001:00000630       ?root_get_interface_types@RMediaFilter@images_std@media@modules@UModSys@@UBEIAAUSUniquePtrList@core@5@@Z 10001630 f i umodsys_lib_libmedia:umodsys.mod.media.images_std.obj
 0001:00000630       ?root_get_interface_types@RGenerator@test1@test@modules@UModSys@@UBEIAAUSUniquePtrList@core@5@@Z 10001630 f i plugin_test1.obj
 0001:00000630       ?root_get_interface_types@RFrame_Edit@frames@ui@modules@UModSys@@UBEIAAUSUniquePtrList@core@5@@Z 10001630 f i umodsys_lib_libui:umodsys.mod.ui.frames.obj
 0001:00000640       ?root_get_other_interface@RGenerator@test1@test@modules@UModSys@@UBEPBUIRoot@core@5@PBUSUniquePointerInfo@75@@Z 10001640 f i plugin_test1.obj
 0001:00000640       ?root_get_other_interface@RGenerator@test1@test@modules@UModSys@@UAEPAUIRoot@core@5@PBUSUniquePointerInfo@75@@Z 10001640 f i plugin_test1.obj
 0001:00000680       ?root_is_interface_supported@RGenerator@test1@test@modules@UModSys@@UBE_NPBUSUniquePointerInfo@core@5@@Z 10001680 f i plugin_test1.obj
 0001:000006c0       ?ref_links@RGenerator@SDL_core@ui@modules@UModSys@@UBEHXZ 100016c0 f i umodsys_lib_libui:umodsys.mod.ui.SDL_core.obj
 0001:000006c0       ?ref_links@RGenerator@test1@test@modules@UModSys@@UBEHXZ 100016c0 f i plugin_test1.obj
 0001:000006c0       ?ref_links@RKeyboardController@SDL_core@ui@modules@UModSys@@UBEHXZ 100016c0 f i umodsys_lib_libui:umodsys.mod.ui.SDL_core.obj
 0001:000006c0       ?ref_links@RRenderDriver2D@SDL_core@ui@modules@UModSys@@UBEHXZ 100016c0 f i umodsys_lib_libui:umodsys.mod.ui.SDL_core.obj
 0001:000006c0       ?ref_links@RMultiImage2D_SDL_ttf@SDL_core@ui@modules@UModSys@@UBEHXZ 100016c0 f i umodsys_lib_libui:umodsys.mod.ui.SDL_core.obj
 0001:000006c0       ?ref_links@RDialog@frames@ui@modules@UModSys@@UBEHXZ 100016c0 f i umodsys_lib_libui:umodsys.mod.ui.frames.obj
 0001:000006c0       ?ref_links@RGenerator@images_std@media@modules@UModSys@@UBEHXZ 100016c0 f i umodsys_lib_libmedia:umodsys.mod.media.images_std.obj
 0001:000006c0       ?ref_links@RMouseController@SDL_core@ui@modules@UModSys@@UBEHXZ 100016c0 f i umodsys_lib_libui:umodsys.mod.ui.SDL_core.obj
 0001:000006c0       ?ref_links@RTerminal@SDL_core@ui@modules@UModSys@@UBEHXZ 100016c0 f i umodsys_lib_libui:umodsys.mod.ui.SDL_core.obj
 0001:000006c0       ?ref_links@RGenerator@frames@ui@modules@UModSys@@UBEHXZ 100016c0 f i umodsys_lib_libui:umodsys.mod.ui.frames.obj
 0001:000006d0       ?ref_weak@RDialog@frames@ui@modules@UModSys@@UBE_NAAUWeakPointer@IRefObject@core@5@@Z 100016d0 f i umodsys_lib_libui:umodsys.mod.ui.frames.obj
 0001:000006d0       ?ref_weak@RMouseController@SDL_core@ui@modules@UModSys@@UBE_NAAUWeakPointer@IRefObject@core@5@@Z 100016d0 f i umodsys_lib_libui:umodsys.mod.ui.SDL_core.obj
 0001:000006d0       ?ref_weak@RGenerator@frames@ui@modules@UModSys@@UBE_NAAUWeakPointer@IRefObject@core@5@@Z 100016d0 f i umodsys_lib_libui:umodsys.mod.ui.frames.obj
 0001:000006d0       ?ref_weak@RMultiImage2D_SDL_ttf@SDL_core@ui@modules@UModSys@@UBE_NAAUWeakPointer@IRefObject@core@5@@Z 100016d0 f i umodsys_lib_libui:umodsys.mod.ui.SDL_core.obj
 0001:000006d0       ?ref_weak@RRenderDriver2D@SDL_core@ui@modules@UModSys@@UBE_NAAUWeakPointer@IRefObject@core@5@@Z 100016d0 f i umodsys_lib_libui:umodsys.mod.ui.SDL_core.obj
 0001:000006d0       ?ref_weak@RTerminal@SDL_core@ui@modules@UModSys@@UBE_NAAUWeakPointer@IRefObject@core@5@@Z 100016d0 f i umodsys_lib_libui:umodsys.mod.ui.SDL_core.obj
 0001:000006d0       ?ref_weak@RGenerator@images_std@media@modules@UModSys@@UBE_NAAUWeakPointer@IRefObject@core@5@@Z 100016d0 f i umodsys_lib_libmedia:umodsys.mod.media.images_std.obj
 0001:000006d0       ?ref_weak@RGenerator@SDL_core@ui@modules@UModSys@@UBE_NAAUWeakPointer@IRefObject@core@5@@Z 100016d0 f i umodsys_lib_libui:umodsys.mod.ui.SDL_core.obj
 0001:000006d0       ?ref_weak@RKeyboardController@SDL_core@ui@modules@UModSys@@UBE_NAAUWeakPointer@IRefObject@core@5@@Z 100016d0 f i umodsys_lib_libui:umodsys.mod.ui.SDL_core.obj
 0001:000006d0       ?ref_weak@RGenerator@test1@test@modules@UModSys@@UBE_NAAUWeakPointer@IRefObject@core@5@@Z 100016d0 f i plugin_test1.obj
 0001:000006f0       ?get_uid@RGenerator@test1@test@modules@UModSys@@UBEPBUSUniquePointerInfo@core@5@XZ 100016f0 f i plugin_test1.obj
 0001:00000700       ?do_open@RModuleReg@test1@test@modules@UModSys@@UAE_NXZ 10001700 f i plugin_test1.obj
 0001:00000730       ?do_close@RModuleReg@test1@test@modules@UModSys@@UAE_NXZ 10001730 f i plugin_test1.obj
 0001:00000760       ??_ERModuleReg@test1@test@modules@UModSys@@UAEPAXI@Z 10001760 f i  CIL library: CIL module
 0001:00000760       ??_GRModuleReg@test1@test@modules@UModSys@@UAEPAXI@Z 10001760 f i plugin_test1.obj
 0001:00000790       ??0?$TString@U?$TSCoreConst@D@su@tl@UModSys@@U?$TComparerBinaryHash@D@234@@tl@UModSys@@QAE@PBD@Z 10001790 f i plugin_test1.obj
 0001:000007e0       ??8?$TString@U?$TSCoreConst@D@su@tl@UModSys@@U?$TComparerBinaryHash@D@234@@tl@UModSys@@QBE_NPBD@Z 100017e0 f i plugin_test1.obj
 0001:00000810       ??4?$TString@U?$TSCoreConst@D@su@tl@UModSys@@U?$TComparerBinaryHash@D@234@@tl@UModSys@@QAEABU012@PBD@Z 10001810 f i plugin_test1.obj
 0001:00000850       ??0?$TParametersA@$0EAA@@core@UModSys@@QAE@XZ 10001850 f i plugin_test1.obj
 0001:00000880       ?info_new@?$TSCoreShared@USIMemAlloc@core@UModSys@@D@su@tl@UModSys@@QAE_NPBDI@Z 10001880 f i plugin_test1.obj
 0001:00000910       ??$t_generate@UICollector@libui@UModSys@@@SModuleContext@base@UModSys@@QAE_NAAU?$TRefObject@UICollector@libui@UModSys@@U?$TRefObjectFunc@UICollector@libui@UModSys@@@tl@3@@tl@2@PBUSUniquePointerInfo@core@2@ABUSParameters@62@@Z 10001910 f i plugin_test1.obj
 0001:000009c0       ??$t_generate@UITerminal@libui@UModSys@@@SModuleContext@base@UModSys@@QAE_NAAU?$TRefObject@UITerminal@libui@UModSys@@U?$TRefObjectFunc@UITerminal@libui@UModSys@@@tl@3@@tl@2@PBUSUniquePointerInfo@core@2@ABUSParameters@62@@Z 100019c0 f i plugin_test1.obj
 0001:00000a70       ??$t_generate@UIMultiImage@lib2d@UModSys@@@SModuleContext@base@UModSys@@QAE_NAAU?$TRefObject@UIMultiImage@lib2d@UModSys@@U?$TRefObjectFunc@UIMultiImage@lib2d@UModSys@@@tl@3@@tl@2@PBUSUniquePointerInfo@core@2@ABUSParameters@62@@Z 10001a70 f i plugin_test1.obj
 0001:00000b20       ??$t_create_handler@UIRenderDriver@lib2d@UModSys@@@ITerminal@libui@UModSys@@QAE_NAAU?$TRefObject@UIRenderDriver@lib2d@UModSys@@U?$TRefObjectFunc@UIRenderDriver@lib2d@UModSys@@@tl@3@@tl@2@PBDPBUSParameters@core@2@@Z 10001b20 f i plugin_test1.obj
 0001:00000bd0       ??$t_create_handler@UIKeyboardController@libui@UModSys@@@ITerminal@libui@UModSys@@QAE_NAAU?$TRefObject@UIKeyboardController@libui@UModSys@@U?$TRefObjectFunc@UIKeyboardController@libui@UModSys@@@tl@3@@tl@2@PBDPBUSParameters@core@2@@Z 10001bd0 f i plugin_test1.obj
 0001:00000c80       ??$t_create_handler@UIMouseController@libui@UModSys@@@ITerminal@libui@UModSys@@QAE_NAAU?$TRefObject@UIMouseController@libui@UModSys@@U?$TRefObjectFunc@UIMouseController@libui@UModSys@@@tl@3@@tl@2@PBDPBUSParameters@core@2@@Z 10001c80 f i plugin_test1.obj
 0001:00000d30       ??$shash@D@su@tl@UModSys@@YAHPBDI@Z 10001d30 f i plugin_test1.obj
 0001:00000d60       ??1?$TRefObject@UIModObject@base@UModSys@@U?$TModObjectFunc@UIModObject@base@UModSys@@@tl@3@@tl@UModSys@@QAE@XZ 10001d60 f i plugin_test1.obj
 0001:00000d80       ??$t_ref_get_other_interface@UICollector@libui@UModSys@@U?$TRefObjectFunc@UICollector@libui@UModSys@@@tl@3@@IRefObject@core@UModSys@@QAE_NAAU?$TRefObject@UICollector@libui@UModSys@@U?$TRefObjectFunc@UICollector@libui@UModSys@@@tl@3@@tl@2@@Z 10001d80 f i plugin_test1.obj
 0001:00000dc0       ??$t_ref_get_other_interface@UITerminal@libui@UModSys@@U?$TRefObjectFunc@UITerminal@libui@UModSys@@@tl@3@@IRefObject@core@UModSys@@QAE_NAAU?$TRefObject@UITerminal@libui@UModSys@@U?$TRefObjectFunc@UITerminal@libui@UModSys@@@tl@3@@tl@2@@Z 10001dc0 f i plugin_test1.obj
 0001:00000e00       ??$t_ref_get_other_interface@UIMultiImage@lib2d@UModSys@@U?$TRefObjectFunc@UIMultiImage@lib2d@UModSys@@@tl@3@@IRefObject@core@UModSys@@QAE_NAAU?$TRefObject@UIMultiImage@lib2d@UModSys@@U?$TRefObjectFunc@UIMultiImage@lib2d@UModSys@@@tl@3@@tl@2@@Z 10001e00 f i plugin_test1.obj
 0001:00000e40       ?utf_8to32@su@tl@UModSys@@YA_NAAHAAPBDAAI@Z 10001e40 f i umodsys_lib_libui:umodsys.mod.ui.SDL_core.obj
 0001:00000f10       ?root_get_interface_info@RMultiImage2D_SDL_ttf@SDL_core@ui@modules@UModSys@@UBEABUSUniquePointerInfo@core@5@XZ 10001f10 f i umodsys_lib_libui:umodsys.mod.ui.SDL_core.obj
 0001:00000f20       ?root_get_interface_type@RMultiImage2D_SDL_ttf@SDL_core@ui@modules@UModSys@@UBEPBUSUniquePointerInfo@core@5@XZ 10001f20 f i umodsys_lib_libui:umodsys.mod.ui.SDL_core.obj
 0001:00000f30       ?root_get_other_interface@RMultiImage2D_SDL_ttf@SDL_core@ui@modules@UModSys@@UAEPAUIRoot@core@5@PBUSUniquePointerInfo@75@@Z 10001f30 f i umodsys_lib_libui:umodsys.mod.ui.SDL_core.obj
 0001:00000f30       ?root_get_other_interface@RMultiImage2D_SDL_ttf@SDL_core@ui@modules@UModSys@@UBEPBUIRoot@core@5@PBUSUniquePointerInfo@75@@Z 10001f30 f i umodsys_lib_libui:umodsys.mod.ui.SDL_core.obj
 0001:00000f60       ?root_is_interface_supported@RMultiImage2D_SDL_ttf@SDL_core@ui@modules@UModSys@@UBE_NPBUSUniquePointerInfo@core@5@@Z 10001f60 f i umodsys_lib_libui:umodsys.mod.ui.SDL_core.obj
 0001:00000fa0       ?ref_add@RGenerator@images_std@media@modules@UModSys@@UBEXXZ 10001fa0 f i umodsys_lib_libmedia:umodsys.mod.media.images_std.obj
 0001:00000fa0       ?ref_add@RTerminal@SDL_core@ui@modules@UModSys@@UBEXXZ 10001fa0 f i umodsys_lib_libui:umodsys.mod.ui.SDL_core.obj
 0001:00000fa0       ?ref_add@RKeyboardController@SDL_core@ui@modules@UModSys@@UBEXXZ 10001fa0 f i umodsys_lib_libui:umodsys.mod.ui.SDL_core.obj
 0001:00000fa0       ?ref_add@RGenerator@test1@test@modules@UModSys@@UBEXXZ 10001fa0 f i plugin_test1.obj
 0001:00000fa0       ?ref_add@RMultiImage2D_SDL_ttf@SDL_core@ui@modules@UModSys@@UBEXXZ 10001fa0 f i umodsys_lib_libui:umodsys.mod.ui.SDL_core.obj
 0001:00000fa0       ?ref_add@RGenerator@frames@ui@modules@UModSys@@UBEXXZ 10001fa0 f i umodsys_lib_libui:umodsys.mod.ui.frames.obj
 0001:00000fa0       ?ref_add@RRenderDriver2D@SDL_core@ui@modules@UModSys@@UBEXXZ 10001fa0 f i umodsys_lib_libui:umodsys.mod.ui.SDL_core.obj
 0001:00000fa0       ?ref_add@RMouseController@SDL_core@ui@modules@UModSys@@UBEXXZ 10001fa0 f i umodsys_lib_libui:umodsys.mod.ui.SDL_core.obj
 0001:00000fa0       ?ref_add@RDialog@frames@ui@modules@UModSys@@UBEXXZ 10001fa0 f i umodsys_lib_libui:umodsys.mod.ui.frames.obj
 0001:00000fa0       ?ref_add@RGenerator@SDL_core@ui@modules@UModSys@@UBEXXZ 10001fa0 f i umodsys_lib_libui:umodsys.mod.ui.SDL_core.obj
 0001:00000fb0       ??0RMultiImage2D_SDL_ttf@SDL_core@ui@modules@UModSys@@QAE@PAURRenderDriver2D@1234@ABUSParameters@core@4@@Z 10001fb0 f i umodsys_lib_libui:umodsys.mod.ui.SDL_core.obj
 0001:00001030       ??1RMultiImage2D_SDL_ttf@SDL_core@ui@modules@UModSys@@UAE@XZ 10002030 f i umodsys_lib_libui:umodsys.mod.ui.SDL_core.obj
 0001:000010b0       ?open@RMultiImage2D_SDL_ttf@SDL_core@ui@modules@UModSys@@QAE_NABUSParameters@core@5@@Z 100020b0 f i umodsys_lib_libui:umodsys.mod.ui.SDL_core.obj
 0001:00001180       ?generate_glyphs@RMultiImage2D_SDL_ttf@SDL_core@ui@modules@UModSys@@QAE_NXZ 10002180 f i umodsys_lib_libui:umodsys.mod.ui.SDL_core.obj
 0001:00001280       ?get_layer@RMultiImage2D_SDL_ttf@SDL_core@ui@modules@UModSys@@UAEPAUIImage@lib2d@5@H@Z 10002280 f i umodsys_lib_libui:umodsys.mod.ui.SDL_core.obj
 0001:00001280       ?get_controller@RRenderDriver2D@SDL_core@ui@modules@UModSys@@UBEPAUIRefObject@core@5@PBUSUniquePointerInfo@75@@Z 10002280 f i umodsys_lib_libui:umodsys.mod.ui.SDL_core.obj
 0001:00001290       ?set_fixed_cell@RMultiImage2D_SDL_ttf@SDL_core@ui@modules@UModSys@@UAE_NHH@Z 10002290 f i umodsys_lib_libui:umodsys.mod.ui.SDL_core.obj
 0001:00001290       ?mouse_setposition@RMouseController@SDL_core@ui@modules@UModSys@@UAE_NHH@Z 10002290 f i umodsys_lib_libui:umodsys.mod.ui.SDL_core.obj
 0001:00001290       ?key_setrepeat@RKeyboardController@SDL_core@ui@modules@UModSys@@UAE_NMM@Z 10002290 f i umodsys_lib_libui:umodsys.mod.ui.SDL_core.obj
 0001:00001290       ?set_parameters@RRenderDriver2D@SDL_core@ui@modules@UModSys@@UAE_NPBDABUSParameters@core@5@@Z 10002290 f i umodsys_lib_libui:umodsys.mod.ui.SDL_core.obj
 0001:00001290       ?set_hint@RMultiImage2D_SDL_ttf@SDL_core@ui@modules@UModSys@@UAE_NPBD0@Z 10002290 f i umodsys_lib_libui:umodsys.mod.ui.SDL_core.obj
 0001:000012a0       ??_GRMultiImage2D_SDL_ttf@SDL_core@ui@modules@UModSys@@UAEPAXI@Z 100022a0 f i umodsys_lib_libui:umodsys.mod.ui.SDL_core.obj
 0001:000012a0       ??_ERMultiImage2D_SDL_ttf@SDL_core@ui@modules@UModSys@@UAEPAXI@Z 100022a0 f i  CIL library: CIL module
 0001:000012c0       ?root_get_interface_info@RRenderDriver2D@SDL_core@ui@modules@UModSys@@UBEABUSUniquePointerInfo@core@5@XZ 100022c0 f i umodsys_lib_libui:umodsys.mod.ui.SDL_core.obj
 0001:000012d0       ?root_get_interface_type@RRenderDriver2D@SDL_core@ui@modules@UModSys@@UBEPBUSUniquePointerInfo@core@5@XZ 100022d0 f i umodsys_lib_libui:umodsys.mod.ui.SDL_core.obj
 0001:000012e0       ?root_get_other_interface@RRenderDriver2D@SDL_core@ui@modules@UModSys@@UBEPBUIRoot@core@5@PBUSUniquePointerInfo@75@@Z 100022e0 f i umodsys_lib_libui:umodsys.mod.ui.SDL_core.obj
 0001:000012e0       ?root_get_other_interface@RRenderDriver2D@SDL_core@ui@modules@UModSys@@UAEPAUIRoot@core@5@PBUSUniquePointerInfo@75@@Z 100022e0 f i umodsys_lib_libui:umodsys.mod.ui.SDL_core.obj
 0001:00001310       ?root_is_interface_supported@RRenderDriver2D@SDL_core@ui@modules@UModSys@@UBE_NPBUSUniquePointerInfo@core@5@@Z 10002310 f i umodsys_lib_libui:umodsys.mod.ui.SDL_core.obj
 0001:00001350       ??0RRenderDriver2D@SDL_core@ui@modules@UModSys@@QAE@PAURTerminal@1234@ABUSParameters@core@4@@Z 10002350 f i umodsys_lib_libui:umodsys.mod.ui.SDL_core.obj
 0001:00001450       ??1RRenderDriver2D@SDL_core@ui@modules@UModSys@@UAE@XZ 10002450 f i umodsys_lib_libui:umodsys.mod.ui.SDL_core.obj
 0001:00001520       ?open@RRenderDriver2D@SDL_core@ui@modules@UModSys@@QAE_NABUSParameters@core@5@@Z 10002520 f i umodsys_lib_libui:umodsys.mod.ui.SDL_core.obj
 0001:000016d0       ?set_color@RRenderDriver2D@SDL_core@ui@modules@UModSys@@QAEXXZ 100026d0 f i umodsys_lib_libui:umodsys.mod.ui.SDL_core.obj
 0001:000017c0       ?begin@RRenderDriver2D@SDL_core@ui@modules@UModSys@@UAEXXZ 100027c0 f i umodsys_lib_libui:umodsys.mod.ui.SDL_core.obj
 0001:000018a0       ?end@RRenderDriver2D@SDL_core@ui@modules@UModSys@@UAEXXZ 100028a0 f i umodsys_lib_libui:umodsys.mod.ui.SDL_core.obj
 0001:000018b0       ?get_max_values@RRenderDriver2D@SDL_core@ui@modules@UModSys@@UBEPBUSParameters@core@5@XZ 100028b0 f i umodsys_lib_libui:umodsys.mod.ui.SDL_core.obj
 0001:000018c0       ?get_frame_values@RRenderDriver2D@SDL_core@ui@modules@UModSys@@UBEPBUSParameters@core@5@XZ 100028c0 f i umodsys_lib_libui:umodsys.mod.ui.SDL_core.obj
 0001:000018d0       ?setup_font@RRenderDriver2D@SDL_core@ui@modules@UModSys@@UAE_NPAUIMultiImage@lib2d@5@PBU?$TVector2@M@math3d@5@@Z 100028d0 f i umodsys_lib_libui:umodsys.mod.ui.SDL_core.obj
 0001:00001930       ?setup_color@RRenderDriver2D@SDL_core@ui@modules@UModSys@@UAEXABU?$TVector3@M@math3d@5@@Z 10002930 f i umodsys_lib_libui:umodsys.mod.ui.SDL_core.obj
 0001:00001960       ?setup_color@RRenderDriver2D@SDL_core@ui@modules@UModSys@@UAEXABU?$TVector3@H@math3d@5@@Z 10002960 f i umodsys_lib_libui:umodsys.mod.ui.SDL_core.obj
 0001:000019b0       ?setup_coloralpha@RRenderDriver2D@SDL_core@ui@modules@UModSys@@UAEXABU?$TVector4@M@math3d@5@H@Z 100029b0 f i umodsys_lib_libui:umodsys.mod.ui.SDL_core.obj
 0001:000019f0       ?setup_coloralpha@RRenderDriver2D@SDL_core@ui@modules@UModSys@@UAEXABU?$TVector4@H@math3d@5@H@Z 100029f0 f i umodsys_lib_libui:umodsys.mod.ui.SDL_core.obj
 0001:00001a50       ?setup_blendcolor@RRenderDriver2D@SDL_core@ui@modules@UModSys@@UAEXABUSBlendColor@lib2d@5@@Z 10002a50 f i umodsys_lib_libui:umodsys.mod.ui.SDL_core.obj
 0001:00001ab0       ?setup_blendcolor@RRenderDriver2D@SDL_core@ui@modules@UModSys@@UAEXABUSBlendColorf@lib2d@5@@Z 10002ab0 f i umodsys_lib_libui:umodsys.mod.ui.SDL_core.obj
 0001:00001b10       ?setup_alpha@RRenderDriver2D@SDL_core@ui@modules@UModSys@@UAEXHH@Z 10002b10 f i umodsys_lib_libui:umodsys.mod.ui.SDL_core.obj
 0001:00001b40       ?setup_alpha@RRenderDriver2D@SDL_core@ui@modules@UModSys@@UAEXMH@Z 10002b40 f i umodsys_lib_libui:umodsys.mod.ui.SDL_core.obj
 0001:00001b60       ?render_text_advanced@RRenderDriver2D@SDL_core@ui@modules@UModSys@@UAE_NAAUTextInfo@IRenderDriver@lib2d@5@PBHH@Z 10002b60 f i umodsys_lib_libui:umodsys.mod.ui.SDL_core.obj
 0001:00001d60       ?render_box@RRenderDriver2D@SDL_core@ui@modules@UModSys@@UAEXABU?$TVector2@H@math3d@5@0@Z 10002d60 f i umodsys_lib_libui:umodsys.mod.ui.SDL_core.obj
 0001:00001db0       ?render_tri@RRenderDriver2D@SDL_core@ui@modules@UModSys@@UAEXABU?$TVector2@H@math3d@5@00@Z 10002db0 f i umodsys_lib_libui:umodsys.mod.ui.SDL_core.obj
 0001:00001e20       ?render_quad@RRenderDriver2D@SDL_core@ui@modules@UModSys@@UAEXABU?$TVector2@H@math3d@5@000@Z 10002e20 f i umodsys_lib_libui:umodsys.mod.ui.SDL_core.obj
 0001:00001ea0       ?render_box@RRenderDriver2D@SDL_core@ui@modules@UModSys@@UAEXPAUIImage@lib2d@5@ABU?$TVector2@H@math3d@5@1ABU?$TVector2@M@95@2@Z 10002ea0 f i umodsys_lib_libui:umodsys.mod.ui.SDL_core.obj
 0001:00001eb0       ?render_line@RRenderDriver2D@SDL_core@ui@modules@UModSys@@UAEXABU?$TVector2@H@math3d@5@0@Z 10002eb0 f i umodsys_lib_libui:umodsys.mod.ui.SDL_core.obj
 0001:00001ee0       ?render_rect@RRenderDriver2D@SDL_core@ui@modules@UModSys@@UAEXABU?$TVector2@H@math3d@5@0@Z 10002ee0 f i umodsys_lib_libui:umodsys.mod.ui.SDL_core.obj
 0001:00001f30       ??_ERRenderDriver2D@SDL_core@ui@modules@UModSys@@UAEPAXI@Z 10002f30 f i  CIL library: CIL module
 0001:00001f30       ??_GRRenderDriver2D@SDL_core@ui@modules@UModSys@@UAEPAXI@Z 10002f30 f i umodsys_lib_libui:umodsys.mod.ui.SDL_core.obj
 0001:00001f50       ?root_get_interface_info@RMouseController@SDL_core@ui@modules@UModSys@@UBEABUSUniquePointerInfo@core@5@XZ 10002f50 f i umodsys_lib_libui:umodsys.mod.ui.SDL_core.obj
 0001:00001f60       ?root_get_interface_type@RMouseController@SDL_core@ui@modules@UModSys@@UBEPBUSUniquePointerInfo@core@5@XZ 10002f60 f i umodsys_lib_libui:umodsys.mod.ui.SDL_core.obj
 0001:00001f70       ?root_get_other_interface@RMouseController@SDL_core@ui@modules@UModSys@@UBEPBUIRoot@core@5@PBUSUniquePointerInfo@75@@Z 10002f70 f i umodsys_lib_libui:umodsys.mod.ui.SDL_core.obj
 0001:00001f70       ?root_get_other_interface@RMouseController@SDL_core@ui@modules@UModSys@@UAEPAUIRoot@core@5@PBUSUniquePointerInfo@75@@Z 10002f70 f i umodsys_lib_libui:umodsys.mod.ui.SDL_core.obj
 0001:00001fa0       ?root_is_interface_supported@RMouseController@SDL_core@ui@modules@UModSys@@UBE_NPBUSUniquePointerInfo@core@5@@Z 10002fa0 f i umodsys_lib_libui:umodsys.mod.ui.SDL_core.obj
 0001:00001fe0       ??0RMouseController@SDL_core@ui@modules@UModSys@@QAE@PAURTerminal@1234@ABUSParameters@core@4@@Z 10002fe0 f i umodsys_lib_libui:umodsys.mod.ui.SDL_core.obj
 0001:00002040       ??1RMouseController@SDL_core@ui@modules@UModSys@@UAE@XZ 10003040 f i umodsys_lib_libui:umodsys.mod.ui.SDL_core.obj
 0001:000020a0       ?process@RMouseController@SDL_core@ui@modules@UModSys@@QAE_NAAUSDL_MouseMotionEvent@@@Z 100030a0 f i umodsys_lib_libui:umodsys.mod.ui.SDL_core.obj
 0001:000021f0       ?process@RMouseController@SDL_core@ui@modules@UModSys@@QAE_NAAUSDL_MouseButtonEvent@@@Z 100031f0 f i umodsys_lib_libui:umodsys.mod.ui.SDL_core.obj
 0001:00002320       ?process@RMouseController@SDL_core@ui@modules@UModSys@@QAE_NAAUSDL_MouseWheelEvent@@@Z 10003320 f i umodsys_lib_libui:umodsys.mod.ui.SDL_core.obj
 0001:00002430       ?mouse_link@RMouseController@SDL_core@ui@modules@UModSys@@UAE_NHPAUIRefObject@core@5@PAUIMouseClient@libui@5@H@Z 10003430 f i umodsys_lib_libui:umodsys.mod.ui.SDL_core.obj
 0001:00002490       ?key_reset@RKeyboardController@SDL_core@ui@modules@UModSys@@UAE_NXZ 10003490 f i umodsys_lib_libui:umodsys.mod.ui.SDL_core.obj
 0001:00002490       ?mouse_reset@RMouseController@SDL_core@ui@modules@UModSys@@UAE_NXZ 10003490 f i umodsys_lib_libui:umodsys.mod.ui.SDL_core.obj
 0001:000024a0       ??_ERMouseController@SDL_core@ui@modules@UModSys@@UAEPAXI@Z 100034a0 f i  CIL library: CIL module
 0001:000024a0       ??_GRMouseController@SDL_core@ui@modules@UModSys@@UAEPAXI@Z 100034a0 f i umodsys_lib_libui:umodsys.mod.ui.SDL_core.obj
 0001:000024c0       ?root_get_interface_info@RKeyboardController@SDL_core@ui@modules@UModSys@@UBEABUSUniquePointerInfo@core@5@XZ 100034c0 f i umodsys_lib_libui:umodsys.mod.ui.SDL_core.obj
 0001:000024d0       ?root_get_interface_type@RKeyboardController@SDL_core@ui@modules@UModSys@@UBEPBUSUniquePointerInfo@core@5@XZ 100034d0 f i umodsys_lib_libui:umodsys.mod.ui.SDL_core.obj
 0001:000024e0       ?root_get_other_interface@RKeyboardController@SDL_core@ui@modules@UModSys@@UBEPBUIRoot@core@5@PBUSUniquePointerInfo@75@@Z 100034e0 f i umodsys_lib_libui:umodsys.mod.ui.SDL_core.obj
 0001:000024e0       ?root_get_other_interface@RKeyboardController@SDL_core@ui@modules@UModSys@@UAEPAUIRoot@core@5@PBUSUniquePointerInfo@75@@Z 100034e0 f i umodsys_lib_libui:umodsys.mod.ui.SDL_core.obj
 0001:00002510       ?root_is_interface_supported@RKeyboardController@SDL_core@ui@modules@UModSys@@UBE_NPBUSUniquePointerInfo@core@5@@Z 10003510 f i umodsys_lib_libui:umodsys.mod.ui.SDL_core.obj
 0001:00002550       ??0RKeyboardController@SDL_core@ui@modules@UModSys@@QAE@PAURTerminal@1234@ABUSParameters@core@4@@Z 10003550 f i umodsys_lib_libui:umodsys.mod.ui.SDL_core.obj
 0001:000025b0       ??1RKeyboardController@SDL_core@ui@modules@UModSys@@UAE@XZ 100035b0 f i umodsys_lib_libui:umodsys.mod.ui.SDL_core.obj
 0001:00002610       ?process@RKeyboardController@SDL_core@ui@modules@UModSys@@QAE_NAAUSDL_KeyboardEvent@@@Z 10003610 f i umodsys_lib_libui:umodsys.mod.ui.SDL_core.obj
 0001:000026f0       ?process@RKeyboardController@SDL_core@ui@modules@UModSys@@QAE_NAAUSDL_TextInputEvent@@@Z 100036f0 f i umodsys_lib_libui:umodsys.mod.ui.SDL_core.obj
 0001:000027e0       ?map_keycode@RKeyboardController@SDL_core@ui@modules@UModSys@@QAE?AW4eKeyCode@libui@5@H@Z 100037e0 f i umodsys_lib_libui:umodsys.mod.ui.SDL_core.obj
 0001:00002d20       ?map_keyspecial@RKeyboardController@SDL_core@ui@modules@UModSys@@QAEFG@Z 10003d20 f i umodsys_lib_libui:umodsys.mod.ui.SDL_core.obj
 0001:00002da0       ?mouse_unlink@RMouseController@SDL_core@ui@modules@UModSys@@UAE_NH@Z 10003da0 f i umodsys_lib_libui:umodsys.mod.ui.SDL_core.obj
 0001:00002da0       ?key_unlink@RKeyboardController@SDL_core@ui@modules@UModSys@@UAE_NH@Z 10003da0 f i umodsys_lib_libui:umodsys.mod.ui.SDL_core.obj
 0001:00002de0       ?key_link@RKeyboardController@SDL_core@ui@modules@UModSys@@UAE_NHPAUIRefObject@core@5@PAUIKeyboardClient@libui@5@@Z 10003de0 f i umodsys_lib_libui:umodsys.mod.ui.SDL_core.obj
 0001:00002e30       ?get_cell_size@RMultiImage2D_SDL_ttf@SDL_core@ui@modules@UModSys@@UAE_NHAAU?$TVector2@H@math3d@5@PAU675@@Z 10003e30 f i umodsys_lib_libui:umodsys.mod.ui.SDL_core.obj
 0001:00002e30       ?set_var_cell@RMultiImage2D_SDL_ttf@SDL_core@ui@modules@UModSys@@UAE_NPBUSImageCellInfo@lib2d@5@HH@Z 10003e30 f i umodsys_lib_libui:umodsys.mod.ui.SDL_core.obj
 0001:00002e30       ?key_setmodifier@RKeyboardController@SDL_core@ui@modules@UModSys@@UAE_NHHH@Z 10003e30 f i umodsys_lib_libui:umodsys.mod.ui.SDL_core.obj
 0001:00002e40       ?key_setvisible@RKeyboardController@SDL_core@ui@modules@UModSys@@UAE_N_N@Z 10003e40 f i umodsys_lib_libui:umodsys.mod.ui.SDL_core.obj
 0001:00002e60       ??_ERKeyboardController@SDL_core@ui@modules@UModSys@@UAEPAXI@Z 10003e60 f i  CIL library: CIL module
 0001:00002e60       ??_GRKeyboardController@SDL_core@ui@modules@UModSys@@UAEPAXI@Z 10003e60 f i umodsys_lib_libui:umodsys.mod.ui.SDL_core.obj
 0001:00002e80       ?root_get_interface_info@RTerminal@SDL_core@ui@modules@UModSys@@UBEABUSUniquePointerInfo@core@5@XZ 10003e80 f i umodsys_lib_libui:umodsys.mod.ui.SDL_core.obj
 0001:00002e90       ?root_get_interface_type@RTerminal@SDL_core@ui@modules@UModSys@@UBEPBUSUniquePointerInfo@core@5@XZ 10003e90 f i umodsys_lib_libui:umodsys.mod.ui.SDL_core.obj
 0001:00002ea0       ?root_get_other_interface@RTerminal@SDL_core@ui@modules@UModSys@@UBEPBUIRoot@core@5@PBUSUniquePointerInfo@75@@Z 10003ea0 f i umodsys_lib_libui:umodsys.mod.ui.SDL_core.obj
 0001:00002ea0       ?root_get_other_interface@RTerminal@SDL_core@ui@modules@UModSys@@UAEPAUIRoot@core@5@PBUSUniquePointerInfo@75@@Z 10003ea0 f i umodsys_lib_libui:umodsys.mod.ui.SDL_core.obj
 0001:00002ed0       ?root_is_interface_supported@RTerminal@SDL_core@ui@modules@UModSys@@UBE_NPBUSUniquePointerInfo@core@5@@Z 10003ed0 f i umodsys_lib_libui:umodsys.mod.ui.SDL_core.obj
 0001:00002f10       ?suicide@RTerminal@SDL_core@ui@modules@UModSys@@UAEXXZ 10003f10 f i umodsys_lib_libui:umodsys.mod.ui.SDL_core.obj
 0001:00002f20       ??0RTerminal@SDL_core@ui@modules@UModSys@@QAE@PAUIModObject@base@4@ABUSParameters@core@4@@Z 10003f20 f i umodsys_lib_libui:umodsys.mod.ui.SDL_core.obj
 0001:00002fc0       ??1RTerminal@SDL_core@ui@modules@UModSys@@UAE@XZ 10003fc0 f i umodsys_lib_libui:umodsys.mod.ui.SDL_core.obj
 0001:00003070       ?poll_events@RTerminal@SDL_core@ui@modules@UModSys@@UAE_NH@Z 10004070 f i umodsys_lib_libui:umodsys.mod.ui.SDL_core.obj
 0001:000031b0       ?get_terminal_state@RTerminal@SDL_core@ui@modules@UModSys@@UAE_NW4eTerminalState@libui@5@@Z 100041b0 f i umodsys_lib_libui:umodsys.mod.ui.SDL_core.obj
 0001:000031d0       ?set_terminal_state@RTerminal@SDL_core@ui@modules@UModSys@@UAE_NW4eTerminalState@libui@5@_N@Z 100041d0 f i umodsys_lib_libui:umodsys.mod.ui.SDL_core.obj
 0001:00003240       ?get_clock@RTerminal@SDL_core@ui@modules@UModSys@@UAENXZ 10004240 f i umodsys_lib_libui:umodsys.mod.ui.SDL_core.obj
 0001:00003260       ?wait@RTerminal@SDL_core@ui@modules@UModSys@@UAE_NM@Z 10004260 f i umodsys_lib_libui:umodsys.mod.ui.SDL_core.obj
 0001:000032a0       ?get_count@RTerminal@SDL_core@ui@modules@UModSys@@UBEIPBUSUniquePointerInfo@core@5@@Z 100042a0 f i umodsys_lib_libui:umodsys.mod.ui.SDL_core.obj
 0001:000032e0       ?get_handler@RTerminal@SDL_core@ui@modules@UModSys@@UBEPAUIRefObject@core@5@PBUSUniquePointerInfo@75@I@Z 100042e0 f i umodsys_lib_libui:umodsys.mod.ui.SDL_core.obj
 0001:00003330       ?get_handler@RTerminal@SDL_core@ui@modules@UModSys@@UBEPAUIRefObject@core@5@PBUSUniquePointerInfo@75@PBD@Z 10004330 f i umodsys_lib_libui:umodsys.mod.ui.SDL_core.obj
 0001:00003340       ?get_friend_handler@RTerminal@SDL_core@ui@modules@UModSys@@UBEPAUIRefObject@core@5@PBUSUniquePointerInfo@75@PAU675@@Z 10004340 f i umodsys_lib_libui:umodsys.mod.ui.SDL_core.obj
 0001:00003350       ?create_handler@RTerminal@SDL_core@ui@modules@UModSys@@UAE_NPBUSUniquePointerInfo@core@5@AAU?$TRefObject@UIRefObject@core@UModSys@@U?$TRefObjectFunc@UIRefObject@core@UModSys@@@tl@3@@tl@5@PBDPBUSParameters@75@@Z 10004350 f i umodsys_lib_libui:umodsys.mod.ui.SDL_core.obj
 0001:00003600       ??_GRTerminal@SDL_core@ui@modules@UModSys@@UAEPAXI@Z 10004600 f i umodsys_lib_libui:umodsys.mod.ui.SDL_core.obj
 0001:00003600       ??_ERTerminal@SDL_core@ui@modules@UModSys@@UAEPAXI@Z 10004600 f i  CIL library: CIL module
 0001:00003620       ?get_generated_names@RGenerator@SDL_core@ui@modules@UModSys@@UBEHAAUSUniquePtrList@core@5@@Z 10004620 f i umodsys_lib_libui:umodsys.mod.ui.SDL_core.obj
 0001:00003640       ?get_generated_types@RGenerator@SDL_core@ui@modules@UModSys@@UBEHAAUSUniquePtrList@core@5@PBUSUniquePointerInfo@75@@Z 10004640 f i umodsys_lib_libui:umodsys.mod.ui.SDL_core.obj
 0001:00003690       ?generate@RGenerator@SDL_core@ui@modules@UModSys@@UAE_NAAU?$TRefObject@UIRefObject@core@UModSys@@U?$TRefObjectFunc@UIRefObject@core@UModSys@@@tl@3@@tl@5@PBUSUniquePointerInfo@core@5@ABUSParameters@95@@Z 10004690 f i umodsys_lib_libui:umodsys.mod.ui.SDL_core.obj
 0001:000036c0       ?root_get_interface_info@RGenerator@SDL_core@ui@modules@UModSys@@UBEABUSUniquePointerInfo@core@5@XZ 100046c0 f i umodsys_lib_libui:umodsys.mod.ui.SDL_core.obj
 0001:000036d0       ?root_get_interface_type@RGenerator@SDL_core@ui@modules@UModSys@@UBEPBUSUniquePointerInfo@core@5@XZ 100046d0 f i umodsys_lib_libui:umodsys.mod.ui.SDL_core.obj
 0001:000036e0       ?root_get_other_interface@RGenerator@SDL_core@ui@modules@UModSys@@UAEPAUIRoot@core@5@PBUSUniquePointerInfo@75@@Z 100046e0 f i umodsys_lib_libui:umodsys.mod.ui.SDL_core.obj
 0001:000036e0       ?root_get_other_interface@RGenerator@SDL_core@ui@modules@UModSys@@UBEPBUIRoot@core@5@PBUSUniquePointerInfo@75@@Z 100046e0 f i umodsys_lib_libui:umodsys.mod.ui.SDL_core.obj
 0001:00003720       ?root_is_interface_supported@RGenerator@SDL_core@ui@modules@UModSys@@UBE_NPBUSUniquePointerInfo@core@5@@Z 10004720 f i umodsys_lib_libui:umodsys.mod.ui.SDL_core.obj
 0001:00003760       ?get_uid@RGenerator@SDL_core@ui@modules@UModSys@@UBEPBUSUniquePointerInfo@core@5@XZ 10004760 f i umodsys_lib_libui:umodsys.mod.ui.SDL_core.obj
 0001:00003770       ?do_open@RModuleReg@SDL_core@ui@modules@UModSys@@UAE_NXZ 10004770 f i umodsys_lib_libui:umodsys.mod.ui.SDL_core.obj
 0001:00003780       ?do_close@RModuleReg@SDL_core@ui@modules@UModSys@@UAE_NXZ 10004780 f i umodsys_lib_libui:umodsys.mod.ui.SDL_core.obj
 0001:00003790       ??_ERModuleReg@SDL_core@ui@modules@UModSys@@UAEPAXI@Z 10004790 f i  CIL library: CIL module
 0001:00003790       ??_GRModuleReg@SDL_core@ui@modules@UModSys@@UAEPAXI@Z 10004790 f i umodsys_lib_libui:umodsys.mod.ui.SDL_core.obj
 0001:000037c0       ??1?$TScatterArray@UGlyph@RMultiImage2D_SDL_ttf@SDL_core@ui@modules@UModSys@@HU?$TScalarCompare@H@core@6@U?$TNodeDeleter0@U?$TScatterArrayNode@UGlyph@RMultiImage2D_SDL_ttf@SDL_core@ui@modules@UModSys@@H@tl@UModSys@@@tl@6@@tl@UModSys@@QAE@XZ 100047c0 f i umodsys_lib_libui:umodsys.mod.ui.SDL_core.obj
 0001:000037e0       ??1?$TRefObject@URMultiImage2D_SDL_ttf@SDL_core@ui@modules@UModSys@@U?$TRefObjectWeakFunc@URMultiImage2D_SDL_ttf@SDL_core@ui@modules@UModSys@@@tl@5@@tl@UModSys@@QAE@XZ 100047e0 f i umodsys_lib_libui:umodsys.mod.ui.SDL_core.obj
 0001:000037e0       ??1?$TRefObject@URRenderDriver2D@SDL_core@ui@modules@UModSys@@U?$TRefObjectWeakFunc@URRenderDriver2D@SDL_core@ui@modules@UModSys@@@tl@5@@tl@UModSys@@QAE@XZ 100047e0 f i umodsys_lib_libui:umodsys.mod.ui.SDL_core.obj
 0001:00003810       ??4?$TRefObject@URMouseController@SDL_core@ui@modules@UModSys@@U?$TRefObjectWeakFunc@URMouseController@SDL_core@ui@modules@UModSys@@@tl@5@@tl@UModSys@@QAEABU012@PAURMouseController@SDL_core@ui@modules@2@@Z 10004810 f i umodsys_lib_libui:umodsys.mod.ui.SDL_core.obj
 0001:00003810       ??4?$TRefObject@URKeyboardController@SDL_core@ui@modules@UModSys@@U?$TRefObjectWeakFunc@URKeyboardController@SDL_core@ui@modules@UModSys@@@tl@5@@tl@UModSys@@QAEABU012@PAURKeyboardController@SDL_core@ui@modules@2@@Z 10004810 f i umodsys_lib_libui:umodsys.mod.ui.SDL_core.obj
 0001:00003850       ?remove_node@?$TTreeHoldRB@U?$TScatterArrayNode@U?$TRefObjectCompositeExtra@UIMouseClient@libui@UModSys@@HUIRefObject@core@3@U?$TRefObjectFunc@UIRefObject@core@UModSys@@@tl@3@@tl@UModSys@@H@tl@UModSys@@@tl@UModSys@@QAEXPAU?$TScatterArrayNode@U?$TRefObjectCompositeExtra@UIMouseClient@libui@UModSys@@HUIRefObject@core@3@U?$TRefObjectFunc@UIRefObject@core@UModSys@@@tl@3@@tl@UModSys@@H@23@@Z 10004850 f i umodsys_lib_libui:umodsys.mod.ui.SDL_core.obj
 0001:00003850       ?remove_node@?$TTreeHoldRB@U?$TScatterArrayNode@U?$TRefObjectComposite@UIKeyboardClient@libui@UModSys@@UIRefObject@core@3@U?$TRefObjectFunc@UIRefObject@core@UModSys@@@tl@3@@tl@UModSys@@H@tl@UModSys@@@tl@UModSys@@QAEXPAU?$TScatterArrayNode@U?$TRefObjectComposite@UIKeyboardClient@libui@UModSys@@UIRefObject@core@3@U?$TRefObjectFunc@UIRefObject@core@UModSys@@@tl@3@@tl@UModSys@@H@23@@Z 10004850 f i umodsys_lib_libui:umodsys.mod.ui.SDL_core.obj
 0001:00003940       ??1?$TPair@HU?$TRefObjectComposite@UIKeyboardClient@libui@UModSys@@UIRefObject@core@3@U?$TRefObjectFunc@UIRefObject@core@UModSys@@@tl@3@@tl@UModSys@@@tl@UModSys@@QAE@XZ 10004940 f i umodsys_lib_libui:umodsys.mod.ui.SDL_core.obj
 0001:00003940       ??1?$TPair@HU?$TRefObjectCompositeExtra@UIMouseClient@libui@UModSys@@HUIRefObject@core@3@U?$TRefObjectFunc@UIRefObject@core@UModSys@@@tl@3@@tl@UModSys@@@tl@UModSys@@QAE@XZ 10004940 f i umodsys_lib_libui:umodsys.mod.ui.SDL_core.obj
 0001:00003950       ??1?$TRefObjectCompositeExtra@UIMouseClient@libui@UModSys@@HUIRefObject@core@3@U?$TRefObjectFunc@UIRefObject@core@UModSys@@@tl@3@@tl@UModSys@@QAE@XZ 10004950 f i umodsys_lib_libui:umodsys.mod.ui.SDL_core.obj
 0001:00003950       ??1?$TRefObjectComposite@UIKeyboardClient@libui@UModSys@@UIRefObject@core@3@U?$TRefObjectFunc@UIRefObject@core@UModSys@@@tl@3@@tl@UModSys@@QAE@XZ 10004950 f i umodsys_lib_libui:umodsys.mod.ui.SDL_core.obj
 0001:00003950       ??1?$TRefObjectComposite@UIController@libui@UModSys@@UIRefObject@core@3@U?$TRefObjectFunc@UIRefObject@core@UModSys@@@tl@3@@tl@UModSys@@QAE@XZ 10004950 f i umodsys_lib_libui:umodsys.mod.ui.frames.obj
 0001:000039c0       ??$t_ref_get_other_interface@URMultiImage2D_SDL_ttf@SDL_core@ui@modules@UModSys@@U?$TRefObjectWeakFunc@URMultiImage2D_SDL_ttf@SDL_core@ui@modules@UModSys@@@tl@5@@IRefObject@core@UModSys@@QAE_NAAU?$TRefObject@URMultiImage2D_SDL_ttf@SDL_core@ui@modules@UModSys@@U?$TRefObjectWeakFunc@URMultiImage2D_SDL_ttf@SDL_core@ui@modules@UModSys@@@tl@5@@tl@2@@Z 100049c0 f i umodsys_lib_libui:umodsys.mod.ui.SDL_core.obj
 0001:00003a20       ?remove_color@?$TTreeHoldRB@U?$TScatterArrayNode@U?$TRefObjectComposite@UIKeyboardClient@libui@UModSys@@UIRefObject@core@3@U?$TRefObjectFunc@UIRefObject@core@UModSys@@@tl@3@@tl@UModSys@@H@tl@UModSys@@@tl@UModSys@@IAEXPAU?$TScatterArrayNode@U?$TRefObjectComposite@UIKeyboardClient@libui@UModSys@@UIRefObject@core@3@U?$TRefObjectFunc@UIRefObject@core@UModSys@@@tl@3@@tl@UModSys@@H@23@0@Z 10004a20 f i umodsys_lib_libui:umodsys.mod.ui.SDL_core.obj
 0001:00003a20       ?remove_color@?$TTreeHoldRB@U?$TScatterArrayNode@U?$TRefObjectCompositeExtra@UIMouseClient@libui@UModSys@@HUIRefObject@core@3@U?$TRefObjectFunc@UIRefObject@core@UModSys@@@tl@3@@tl@UModSys@@H@tl@UModSys@@@tl@UModSys@@IAEXPAU?$TScatterArrayNode@U?$TRefObjectCompositeExtra@UIMouseClient@libui@UModSys@@HUIRefObject@core@3@U?$TRefObjectFunc@UIRefObject@core@UModSys@@@tl@3@@tl@UModSys@@H@23@0@Z 10004a20 f i umodsys_lib_libui:umodsys.mod.ui.SDL_core.obj
 0001:00003ba0       ??$t_close@U?$TRefObject@URRenderDriver2D@SDL_core@ui@modules@UModSys@@U?$TRefObjectWeakFunc@URRenderDriver2D@SDL_core@ui@modules@UModSys@@@tl@5@@tl@UModSys@@@SDL_core@ui@modules@UModSys@@YA_NAAU?$TScatterArray@U?$TRefObject@URRenderDriver2D@SDL_core@ui@modules@UModSys@@U?$TRefObjectWeakFunc@URRenderDriver2D@SDL_core@ui@modules@UModSys@@@tl@5@@tl@UModSys@@HU?$TScalarCompare@H@core@3@U?$TNodeDeleter0@U?$TScatterArrayNode@U?$TRefObject@URRenderDriver2D@SDL_core@ui@modules@UModSys@@U?$TRefObjectWeakFunc@URRenderDriver2D@SDL_core@ui@modules@UModSys@@@tl@5@@tl@UModSys@@H@tl@UModSys@@@23@@tl@3@@Z 10004ba0 f i umodsys_lib_libui:umodsys.mod.ui.SDL_core.obj
 0001:00003c50       ??$t_count@U?$TRefObject@URRenderDriver2D@SDL_core@ui@modules@UModSys@@U?$TRefObjectWeakFunc@URRenderDriver2D@SDL_core@ui@modules@UModSys@@@tl@5@@tl@UModSys@@@SDL_core@ui@modules@UModSys@@YAIABU?$TScatterArray@U?$TRefObject@URRenderDriver2D@SDL_core@ui@modules@UModSys@@U?$TRefObjectWeakFunc@URRenderDriver2D@SDL_core@ui@modules@UModSys@@@tl@5@@tl@UModSys@@HU?$TScalarCompare@H@core@3@U?$TNodeDeleter0@U?$TScatterArrayNode@U?$TRefObject@URRenderDriver2D@SDL_core@ui@modules@UModSys@@U?$TRefObjectWeakFunc@URRenderDriver2D@SDL_core@ui@modules@UModSys@@@tl@5@@tl@UModSys@@H@tl@UModSys@@@23@@tl@3@@Z 10004c50 f i umodsys_lib_libui:umodsys.mod.ui.SDL_core.obj
 0001:00003cc0       ??$t_get@U?$TRefObject@URRenderDriver2D@SDL_core@ui@modules@UModSys@@U?$TRefObjectWeakFunc@URRenderDriver2D@SDL_core@ui@modules@UModSys@@@tl@5@@tl@UModSys@@@SDL_core@ui@modules@UModSys@@YAPAUIRefObject@core@3@ABU?$TScatterArray@U?$TRefObject@URRenderDriver2D@SDL_core@ui@modules@UModSys@@U?$TRefObjectWeakFunc@URRenderDriver2D@SDL_core@ui@modules@UModSys@@@tl@5@@tl@UModSys@@HU?$TScalarCompare@H@core@3@U?$TNodeDeleter0@U?$TScatterArrayNode@U?$TRefObject@URRenderDriver2D@SDL_core@ui@modules@UModSys@@U?$TRefObjectWeakFunc@URRenderDriver2D@SDL_core@ui@modules@UModSys@@@tl@5@@tl@UModSys@@H@tl@UModSys@@@23@@tl@3@I@Z 10004cc0 f i umodsys_lib_libui:umodsys.mod.ui.SDL_core.obj
 0001:00003d50       ??$ValidateConstruction@UIRefObject@core@UModSys@@URRenderDriver2D@SDL_core@ui@modules@3@@core@UModSys@@YA_NAAU?$TRefObject@UIRefObject@core@UModSys@@U?$TRefObjectFunc@UIRefObject@core@UModSys@@@tl@3@@tl@1@U?$TRefObject@URRenderDriver2D@SDL_core@ui@modules@UModSys@@U?$TRefObjectFunc@URRenderDriver2D@SDL_core@ui@modules@UModSys@@@tl@5@@31@@Z 10004d50 f i umodsys_lib_libui:umodsys.mod.ui.SDL_core.obj
 0001:00003df0       ??$t_add@U?$TRefObject@URRenderDriver2D@SDL_core@ui@modules@UModSys@@U?$TRefObjectWeakFunc@URRenderDriver2D@SDL_core@ui@modules@UModSys@@@tl@5@@tl@UModSys@@URRenderDriver2D@SDL_core@ui@modules@3@@SDL_core@ui@modules@UModSys@@YA_NAAU?$TScatterArray@U?$TRefObject@URRenderDriver2D@SDL_core@ui@modules@UModSys@@U?$TRefObjectWeakFunc@URRenderDriver2D@SDL_core@ui@modules@UModSys@@@tl@5@@tl@UModSys@@HU?$TScalarCompare@H@core@3@U?$TNodeDeleter0@U?$TScatterArrayNode@U?$TRefObject@URRenderDriver2D@SDL_core@ui@modules@UModSys@@U?$TRefObjectWeakFunc@URRenderDriver2D@SDL_core@ui@modules@UModSys@@@tl@5@@tl@UModSys@@H@tl@UModSys@@@23@@tl@3@PAURRenderDriver2D@0123@@Z 10004df0 f i umodsys_lib_libui:umodsys.mod.ui.SDL_core.obj
 0001:00003e40       ??$ValidateConstruction@UIRefObject@core@UModSys@@URKeyboardController@SDL_core@ui@modules@3@@core@UModSys@@YA_NAAU?$TRefObject@UIRefObject@core@UModSys@@U?$TRefObjectFunc@UIRefObject@core@UModSys@@@tl@3@@tl@1@U?$TRefObject@URKeyboardController@SDL_core@ui@modules@UModSys@@U?$TRefObjectFunc@URKeyboardController@SDL_core@ui@modules@UModSys@@@tl@5@@31@@Z 10004e40 f i umodsys_lib_libui:umodsys.mod.ui.SDL_core.obj
 0001:00003e40       ??$ValidateConstruction@UIRefObject@core@UModSys@@URMouseController@SDL_core@ui@modules@3@@core@UModSys@@YA_NAAU?$TRefObject@UIRefObject@core@UModSys@@U?$TRefObjectFunc@UIRefObject@core@UModSys@@@tl@3@@tl@1@U?$TRefObject@URMouseController@SDL_core@ui@modules@UModSys@@U?$TRefObjectFunc@URMouseController@SDL_core@ui@modules@UModSys@@@tl@5@@31@@Z 10004e40 f i umodsys_lib_libui:umodsys.mod.ui.SDL_core.obj
 0001:00003ec0       ??$ValidateConstruction@UIMultiImage@lib2d@UModSys@@URMultiImage2D_SDL_ttf@SDL_core@ui@modules@3@@core@UModSys@@YA_NAAU?$TRefObject@UIMultiImage@lib2d@UModSys@@U?$TRefObjectFunc@UIMultiImage@lib2d@UModSys@@@tl@3@@tl@1@PAURMultiImage2D_SDL_ttf@SDL_core@ui@modules@1@@Z 10004ec0 f i umodsys_lib_libui:umodsys.mod.ui.SDL_core.obj
 0001:00003f50       ??$t_gen_param@URTerminal@SDL_core@ui@modules@UModSys@@URGenerator@2345@@IGenerator@base@UModSys@@IAE_NPAURGenerator@SDL_core@ui@modules@2@AAU?$TRefObject@UIRefObject@core@UModSys@@U?$TRefObjectFunc@UIRefObject@core@UModSys@@@tl@3@@tl@2@PBUSUniquePointerInfo@core@2@ABUSParameters@core@2@@Z 10004f50 f i umodsys_lib_libui:umodsys.mod.ui.SDL_core.obj
 0001:00003fc0       ??$genx_node@UCmp@?$TScatterArray@UGlyph@RMultiImage2D_SDL_ttf@SDL_core@ui@modules@UModSys@@HU?$TScalarCompare@H@core@6@U?$TNodeDeleter0@U?$TScatterArrayNode@UGlyph@RMultiImage2D_SDL_ttf@SDL_core@ui@modules@UModSys@@H@tl@UModSys@@@tl@6@@tl@UModSys@@UGen0@234@@?$TTreeHoldRBD@U?$TScatterArrayNode@UGlyph@RMultiImage2D_SDL_ttf@SDL_core@ui@modules@UModSys@@H@tl@UModSys@@U?$TNodeDeleter0@U?$TScatterArrayNode@UGlyph@RMultiImage2D_SDL_ttf@SDL_core@ui@modules@UModSys@@H@tl@UModSys@@@23@@tl@UModSys@@QAEPAU?$TScatterArrayNode@UGlyph@RMultiImage2D_SDL_ttf@SDL_core@ui@modules@UModSys@@H@12@UCmp@?$TScatterArray@UGlyph@RMultiImage2D_SDL_ttf@SDL_core@ui@modules@UModSys@@HU?$TScalarCompare@H@core@6@U?$TNodeDeleter0@U?$TScatterArrayNode@UGlyph@RMultiImage2D_SDL_ttf@SDL_core@ui@modules@UModSys@@H@tl@UModSys@@@tl@6@@12@ABUGen0@512@PAPAU312@2_N@Z 10004fc0 f i umodsys_lib_libui:umodsys.mod.ui.SDL_core.obj
 0001:00004030       ??$genx_node@UCmp@?$TScatterArray@U?$TRefObjectCompositeExtra@UIMouseClient@libui@UModSys@@HUIRefObject@core@3@U?$TRefObjectFunc@UIRefObject@core@UModSys@@@tl@3@@tl@UModSys@@HU?$TScalarCompare@H@core@3@U?$TNodeDeleter0@U?$TScatterArrayNode@U?$TRefObjectCompositeExtra@UIMouseClient@libui@UModSys@@HUIRefObject@core@3@U?$TRefObjectFunc@UIRefObject@core@UModSys@@@tl@3@@tl@UModSys@@H@tl@UModSys@@@23@@tl@UModSys@@UGen0@234@@?$TTreeHoldRBD@U?$TScatterArrayNode@U?$TRefObjectCompositeExtra@UIMouseClient@libui@UModSys@@HUIRefObject@core@3@U?$TRefObjectFunc@UIRefObject@core@UModSys@@@tl@3@@tl@UModSys@@H@tl@UModSys@@U?$TNodeDeleter0@U?$TScatterArrayNode@U?$TRefObjectCompositeExtra@UIMouseClient@libui@UModSys@@HUIRefObject@core@3@U?$TRefObjectFunc@UIRefObject@core@UModSys@@@tl@3@@tl@UModSys@@H@tl@UModSys@@@23@@tl@UModSys@@QAEPAU?$TScatterArrayNode@U?$TRefObjectCompositeExtra@UIMouseClient@libui@UModSys@@HUIRefObject@core@3@U?$TRefObjectFunc@UIRefObject@core@UModSys@@@tl@3@@tl@UModSys@@H@12@UCmp@?$TScatterArray@U?$TRefObjectCompositeExtra@UIMouseClient@libui@UModSys@@HUIRefObject@core@3@U?$TRefObjectFunc@UIRefObject@core@UModSys@@@tl@3@@tl@UModSys@@HU?$TScalarCompare@H@core@3@U?$TNodeDeleter0@U?$TScatterArrayNode@U?$TRefObjectCompositeExtra@UIMouseClient@libui@UModSys@@HUIRefObject@core@3@U?$TRefObjectFunc@UIRefObject@core@UModSys@@@tl@3@@tl@UModSys@@H@tl@UModSys@@@23@@12@ABUGen0@512@PAPAU312@2_N@Z 10005030 f i umodsys_lib_libui:umodsys.mod.ui.SDL_core.obj
 0001:000040a0       ??$find_node_u@UCmp@?$TScatterArray@U?$TRefObjectCompositeExtra@UIMouseClient@libui@UModSys@@HUIRefObject@core@3@U?$TRefObjectFunc@UIRefObject@core@UModSys@@@tl@3@@tl@UModSys@@HU?$TScalarCompare@H@core@3@U?$TNodeDeleter0@U?$TScatterArrayNode@U?$TRefObjectCompositeExtra@UIMouseClient@libui@UModSys@@HUIRefObject@core@3@U?$TRefObjectFunc@UIRefObject@core@UModSys@@@tl@3@@tl@UModSys@@H@tl@UModSys@@@23@@tl@UModSys@@@?$TTreeHoldRB@U?$TScatterArrayNode@U?$TRefObjectCompositeExtra@UIMouseClient@libui@UModSys@@HUIRefObject@core@3@U?$TRefObjectFunc@UIRefObject@core@UModSys@@@tl@3@@tl@UModSys@@H@tl@UModSys@@@tl@UModSys@@QBEPAU?$TScatterArrayNode@U?$TRefObjectCompositeExtra@UIMouseClient@libui@UModSys@@HUIRefObject@core@3@U?$TRefObjectFunc@UIRefObject@core@UModSys@@@tl@3@@tl@UModSys@@H@12@UCmp@?$TScatterArray@U?$TRefObjectCompositeExtra@UIMouseClient@libui@UModSys@@HUIRefObject@core@3@U?$TRefObjectFunc@UIRefObject@core@UModSys@@@tl@3@@tl@UModSys@@HU?$TScalarCompare@H@core@3@U?$TNodeDeleter0@U?$TScatterArrayNode@U?$TRefObjectCompositeExtra@UIMouseClient@libui@UModSys@@HUIRefObject@core@3@U?$TRefObjectFunc@UIRefObject@core@UModSys@@@tl@3@@tl@UModSys@@H@tl@UModSys@@@23@@12@@Z 100050a0 f i umodsys_lib_libui:umodsys.mod.ui.SDL_core.obj
 0001:000040a0       ??$find_node_u@UCmp@?$TScatterArray@U?$TVector2@M@math3d@UModSys@@HU?$TScalarCompare@H@core@3@U?$TNodeDeleter0@U?$TScatterArrayNode@U?$TVector2@M@math3d@UModSys@@H@tl@UModSys@@@tl@3@@tl@UModSys@@@?$TTreeHoldRB@U?$TScatterArrayNode@U?$TVector2@M@math3d@UModSys@@H@tl@UModSys@@@tl@UModSys@@QBEPAU?$TScatterArrayNode@U?$TVector2@M@math3d@UModSys@@H@12@UCmp@?$TScatterArray@U?$TVector2@M@math3d@UModSys@@HU?$TScalarCompare@H@core@3@U?$TNodeDeleter0@U?$TScatterArrayNode@U?$TVector2@M@math3d@UModSys@@H@tl@UModSys@@@tl@3@@12@@Z 100050a0 f i umodsys_lib_libui:umodsys.mod.ui.frames.obj
 0001:000040a0       ??$find_node_u@UCmp@?$TScatterArray@HHU?$TScalarCompare@H@core@UModSys@@U?$TNodeDeleter0@U?$TScatterArrayNode@HH@tl@UModSys@@@tl@3@@tl@UModSys@@@?$TTreeHoldRB@U?$TScatterArrayNode@HH@tl@UModSys@@@tl@UModSys@@QBEPAU?$TScatterArrayNode@HH@12@UCmp@?$TScatterArray@HHU?$TScalarCompare@H@core@UModSys@@U?$TNodeDeleter0@U?$TScatterArrayNode@HH@tl@UModSys@@@tl@3@@12@@Z 100050a0 f i umodsys_lib_libui:umodsys.mod.ui.frames.obj
 0001:000040a0       ??$find_node_u@UCmp@?$TScatterArray@U?$TVector4@M@math3d@UModSys@@HU?$TScalarCompare@H@core@3@U?$TNodeDeleter0@U?$TScatterArrayNode@U?$TVector4@M@math3d@UModSys@@H@tl@UModSys@@@tl@3@@tl@UModSys@@@?$TTreeHoldRB@U?$TScatterArrayNode@U?$TVector4@M@math3d@UModSys@@H@tl@UModSys@@@tl@UModSys@@QBEPAU?$TScatterArrayNode@U?$TVector4@M@math3d@UModSys@@H@12@UCmp@?$TScatterArray@U?$TVector4@M@math3d@UModSys@@HU?$TScalarCompare@H@core@3@U?$TNodeDeleter0@U?$TScatterArrayNode@U?$TVector4@M@math3d@UModSys@@H@tl@UModSys@@@tl@3@@12@@Z 100050a0 f i umodsys_lib_libui:umodsys.mod.ui.frames.obj
 0001:000040a0       ??$find_node_u@UCmp@?$TScatterArray@U?$TRefObjectComposite@UIKeyboardClient@libui@UModSys@@UIRefObject@core@3@U?$TRefObjectFunc@UIRefObject@core@UModSys@@@tl@3@@tl@UModSys@@HU?$TScalarCompare@H@core@3@U?$TNodeDeleter0@U?$TScatterArrayNode@U?$TRefObjectComposite@UIKeyboardClient@libui@UModSys@@UIRefObject@core@3@U?$TRefObjectFunc@UIRefObject@core@UModSys@@@tl@3@@tl@UModSys@@H@tl@UModSys@@@23@@tl@UModSys@@@?$TTreeHoldRB@U?$TScatterArrayNode@U?$TRefObjectComposite@UIKeyboardClient@libui@UModSys@@UIRefObject@core@3@U?$TRefObjectFunc@UIRefObject@core@UModSys@@@tl@3@@tl@UModSys@@H@tl@UModSys@@@tl@UModSys@@QBEPAU?$TScatterArrayNode@U?$TRefObjectComposite@UIKeyboardClient@libui@UModSys@@UIRefObject@core@3@U?$TRefObjectFunc@UIRefObject@core@UModSys@@@tl@3@@tl@UModSys@@H@12@UCmp@?$TScatterArray@U?$TRefObjectComposite@UIKeyboardClient@libui@UModSys@@UIRefObject@core@3@U?$TRefObjectFunc@UIRefObject@core@UModSys@@@tl@3@@tl@UModSys@@HU?$TScalarCompare@H@core@3@U?$TNodeDeleter0@U?$TScatterArrayNode@U?$TRefObjectComposite@UIKeyboardClient@libui@UModSys@@UIRefObject@core@3@U?$TRefObjectFunc@UIRefObject@core@UModSys@@@tl@3@@tl@UModSys@@H@tl@UModSys@@@23@@12@@Z 100050a0 f i umodsys_lib_libui:umodsys.mod.ui.SDL_core.obj
 0001:000040a0       ??$find_node_u@UCmp@?$TScatterArray@UGlyph@RMultiImage2D_SDL_ttf@SDL_core@ui@modules@UModSys@@HU?$TScalarCompare@H@core@6@U?$TNodeDeleter0@U?$TScatterArrayNode@UGlyph@RMultiImage2D_SDL_ttf@SDL_core@ui@modules@UModSys@@H@tl@UModSys@@@tl@6@@tl@UModSys@@@?$TTreeHoldRB@U?$TScatterArrayNode@UGlyph@RMultiImage2D_SDL_ttf@SDL_core@ui@modules@UModSys@@H@tl@UModSys@@@tl@UModSys@@QBEPAU?$TScatterArrayNode@UGlyph@RMultiImage2D_SDL_ttf@SDL_core@ui@modules@UModSys@@H@12@UCmp@?$TScatterArray@UGlyph@RMultiImage2D_SDL_ttf@SDL_core@ui@modules@UModSys@@HU?$TScalarCompare@H@core@6@U?$TNodeDeleter0@U?$TScatterArrayNode@UGlyph@RMultiImage2D_SDL_ttf@SDL_core@ui@modules@UModSys@@H@tl@UModSys@@@tl@6@@12@@Z 100050a0 f i umodsys_lib_libui:umodsys.mod.ui.SDL_core.obj
 0001:000040e0       ??$genx_node@UCmp@?$TScatterArray@U?$TRefObjectComposite@UIKeyboardClient@libui@UModSys@@UIRefObject@core@3@U?$TRefObjectFunc@UIRefObject@core@UModSys@@@tl@3@@tl@UModSys@@HU?$TScalarCompare@H@core@3@U?$TNodeDeleter0@U?$TScatterArrayNode@U?$TRefObjectComposite@UIKeyboardClient@libui@UModSys@@UIRefObject@core@3@U?$TRefObjectFunc@UIRefObject@core@UModSys@@@tl@3@@tl@UModSys@@H@tl@UModSys@@@23@@tl@UModSys@@UGen0@234@@?$TTreeHoldRBD@U?$TScatterArrayNode@U?$TRefObjectComposite@UIKeyboardClient@libui@UModSys@@UIRefObject@core@3@U?$TRefObjectFunc@UIRefObject@core@UModSys@@@tl@3@@tl@UModSys@@H@tl@UModSys@@U?$TNodeDeleter0@U?$TScatterArrayNode@U?$TRefObjectComposite@UIKeyboardClient@libui@UModSys@@UIRefObject@core@3@U?$TRefObjectFunc@UIRefObject@core@UModSys@@@tl@3@@tl@UModSys@@H@tl@UModSys@@@23@@tl@UModSys@@QAEPAU?$TScatterArrayNode@U?$TRefObjectComposite@UIKeyboardClient@libui@UModSys@@UIRefObject@core@3@U?$TRefObjectFunc@UIRefObject@core@UModSys@@@tl@3@@tl@UModSys@@H@12@UCmp@?$TScatterArray@U?$TRefObjectComposite@UIKeyboardClient@libui@UModSys@@UIRefObject@core@3@U?$TRefObjectFunc@UIRefObject@core@UModSys@@@tl@3@@tl@UModSys@@HU?$TScalarCompare@H@core@3@U?$TNodeDeleter0@U?$TScatterArrayNode@U?$TRefObjectComposite@UIKeyboardClient@libui@UModSys@@UIRefObject@core@3@U?$TRefObjectFunc@UIRefObject@core@UModSys@@@tl@3@@tl@UModSys@@H@tl@UModSys@@@23@@12@ABUGen0@512@PAPAU312@2_N@Z 100050e0 f i umodsys_lib_libui:umodsys.mod.ui.SDL_core.obj
 0001:00004150       ?rotate_left@?$TTreeHoldRB@U?$TScatterArrayNode@U?$TRefObjectCompositeExtra@UIMouseClient@libui@UModSys@@HUIRefObject@core@3@U?$TRefObjectFunc@UIRefObject@core@UModSys@@@tl@3@@tl@UModSys@@H@tl@UModSys@@@tl@UModSys@@IAEXPAU?$TScatterArrayNode@U?$TRefObjectCompositeExtra@UIMouseClient@libui@UModSys@@HUIRefObject@core@3@U?$TRefObjectFunc@UIRefObject@core@UModSys@@@tl@3@@tl@UModSys@@H@23@@Z 10005150 f i umodsys_lib_libui:umodsys.mod.ui.SDL_core.obj
 0001:00004150       ?rotate_left@?$TTreeHoldRB@U?$TScatterArrayNode@U?$TRefObjectComposite@UIKeyboardClient@libui@UModSys@@UIRefObject@core@3@U?$TRefObjectFunc@UIRefObject@core@UModSys@@@tl@3@@tl@UModSys@@H@tl@UModSys@@@tl@UModSys@@IAEXPAU?$TScatterArrayNode@U?$TRefObjectComposite@UIKeyboardClient@libui@UModSys@@UIRefObject@core@3@U?$TRefObjectFunc@UIRefObject@core@UModSys@@@tl@3@@tl@UModSys@@H@23@@Z 10005150 f i umodsys_lib_libui:umodsys.mod.ui.SDL_core.obj
 0001:000041a0       ?rotate_right@?$TTreeHoldRB@U?$TScatterArrayNode@U?$TRefObjectComposite@UIKeyboardClient@libui@UModSys@@UIRefObject@core@3@U?$TRefObjectFunc@UIRefObject@core@UModSys@@@tl@3@@tl@UModSys@@H@tl@UModSys@@@tl@UModSys@@IAEXPAU?$TScatterArrayNode@U?$TRefObjectComposite@UIKeyboardClient@libui@UModSys@@UIRefObject@core@3@U?$TRefObjectFunc@UIRefObject@core@UModSys@@@tl@3@@tl@UModSys@@H@23@@Z 100051a0 f i umodsys_lib_libui:umodsys.mod.ui.SDL_core.obj
 0001:000041a0       ?rotate_right@?$TTreeHoldRB@U?$TScatterArrayNode@U?$TRefObjectCompositeExtra@UIMouseClient@libui@UModSys@@HUIRefObject@core@3@U?$TRefObjectFunc@UIRefObject@core@UModSys@@@tl@3@@tl@UModSys@@H@tl@UModSys@@@tl@UModSys@@IAEXPAU?$TScatterArrayNode@U?$TRefObjectCompositeExtra@UIMouseClient@libui@UModSys@@HUIRefObject@core@3@U?$TRefObjectFunc@UIRefObject@core@UModSys@@@tl@3@@tl@UModSys@@H@23@@Z 100051a0 f i umodsys_lib_libui:umodsys.mod.ui.SDL_core.obj
 0001:000041f0       ??RGen0@?$TScatterArray@UGlyph@RMultiImage2D_SDL_ttf@SDL_core@ui@modules@UModSys@@HU?$TScalarCompare@H@core@6@U?$TNodeDeleter0@U?$TScatterArrayNode@UGlyph@RMultiImage2D_SDL_ttf@SDL_core@ui@modules@UModSys@@H@tl@UModSys@@@tl@6@@tl@UModSys@@QBEPAU?$TScatterArrayNode@UGlyph@RMultiImage2D_SDL_ttf@SDL_core@ui@modules@UModSys@@H@23@ABUCmp@123@ABU?$TTreeHoldRBD@U?$TScatterArrayNode@UGlyph@RMultiImage2D_SDL_ttf@SDL_core@ui@modules@UModSys@@H@tl@UModSys@@U?$TNodeDeleter0@U?$TScatterArrayNode@UGlyph@RMultiImage2D_SDL_ttf@SDL_core@ui@modules@UModSys@@H@tl@UModSys@@@23@@23@@Z 100051f0 f i umodsys_lib_libui:umodsys.mod.ui.SDL_core.obj
 0001:00004250       ??RGen0@?$TScatterArray@U?$TRefObjectCompositeExtra@UIMouseClient@libui@UModSys@@HUIRefObject@core@3@U?$TRefObjectFunc@UIRefObject@core@UModSys@@@tl@3@@tl@UModSys@@HU?$TScalarCompare@H@core@3@U?$TNodeDeleter0@U?$TScatterArrayNode@U?$TRefObjectCompositeExtra@UIMouseClient@libui@UModSys@@HUIRefObject@core@3@U?$TRefObjectFunc@UIRefObject@core@UModSys@@@tl@3@@tl@UModSys@@H@tl@UModSys@@@23@@tl@UModSys@@QBEPAU?$TScatterArrayNode@U?$TRefObjectCompositeExtra@UIMouseClient@libui@UModSys@@HUIRefObject@core@3@U?$TRefObjectFunc@UIRefObject@core@UModSys@@@tl@3@@tl@UModSys@@H@23@ABUCmp@123@ABU?$TTreeHoldRBD@U?$TScatterArrayNode@U?$TRefObjectCompositeExtra@UIMouseClient@libui@UModSys@@HUIRefObject@core@3@U?$TRefObjectFunc@UIRefObject@core@UModSys@@@tl@3@@tl@UModSys@@H@tl@UModSys@@U?$TNodeDeleter0@U?$TScatterArrayNode@U?$TRefObjectCompositeExtra@UIMouseClient@libui@UModSys@@HUIRefObject@core@3@U?$TRefObjectFunc@UIRefObject@core@UModSys@@@tl@3@@tl@UModSys@@H@tl@UModSys@@@23@@23@@Z 10005250 f i umodsys_lib_libui:umodsys.mod.ui.SDL_core.obj
 0001:000042b0       ??RGen0@?$TScatterArray@U?$TRefObjectComposite@UIKeyboardClient@libui@UModSys@@UIRefObject@core@3@U?$TRefObjectFunc@UIRefObject@core@UModSys@@@tl@3@@tl@UModSys@@HU?$TScalarCompare@H@core@3@U?$TNodeDeleter0@U?$TScatterArrayNode@U?$TRefObjectComposite@UIKeyboardClient@libui@UModSys@@UIRefObject@core@3@U?$TRefObjectFunc@UIRefObject@core@UModSys@@@tl@3@@tl@UModSys@@H@tl@UModSys@@@23@@tl@UModSys@@QBEPAU?$TScatterArrayNode@U?$TRefObjectComposite@UIKeyboardClient@libui@UModSys@@UIRefObject@core@3@U?$TRefObjectFunc@UIRefObject@core@UModSys@@@tl@3@@tl@UModSys@@H@23@ABUCmp@123@ABU?$TTreeHoldRBD@U?$TScatterArrayNode@U?$TRefObjectComposite@UIKeyboardClient@libui@UModSys@@UIRefObject@core@3@U?$TRefObjectFunc@UIRefObject@core@UModSys@@@tl@3@@tl@UModSys@@H@tl@UModSys@@U?$TNodeDeleter0@U?$TScatterArrayNode@U?$TRefObjectComposite@UIKeyboardClient@libui@UModSys@@UIRefObject@core@3@U?$TRefObjectFunc@UIRefObject@core@UModSys@@@tl@3@@tl@UModSys@@H@tl@UModSys@@@23@@23@@Z 100052b0 f i umodsys_lib_libui:umodsys.mod.ui.SDL_core.obj
 0001:00004310       ?attach@?$TRefObject@URRenderDriver2D@SDL_core@ui@modules@UModSys@@U?$TRefObjectWeakFunc@URRenderDriver2D@SDL_core@ui@modules@UModSys@@@tl@5@@tl@UModSys@@QAEXPAURRenderDriver2D@SDL_core@ui@modules@3@@Z 10005310 f i umodsys_lib_libui:umodsys.mod.ui.SDL_core.obj
 0001:00004370       ??0?$TScatterArrayNode@U?$TRefObjectCompositeExtra@UIMouseClient@libui@UModSys@@HUIRefObject@core@3@U?$TRefObjectFunc@UIRefObject@core@UModSys@@@tl@3@@tl@UModSys@@H@tl@UModSys@@QAE@ABH@Z 10005370 f i umodsys_lib_libui:umodsys.mod.ui.SDL_core.obj
 0001:000043e0       ??0?$TScatterArrayNode@U?$TRefObjectComposite@UIKeyboardClient@libui@UModSys@@UIRefObject@core@3@U?$TRefObjectFunc@UIRefObject@core@UModSys@@@tl@3@@tl@UModSys@@H@tl@UModSys@@QAE@ABH@Z 100053e0 f i umodsys_lib_libui:umodsys.mod.ui.SDL_core.obj
 0001:00004450       ?insert_color@?$TTreeHoldRB@U?$TScatterArrayNode@U?$TRefObject@URRenderDriver2D@SDL_core@ui@modules@UModSys@@U?$TRefObjectWeakFunc@URRenderDriver2D@SDL_core@ui@modules@UModSys@@@tl@5@@tl@UModSys@@H@tl@UModSys@@@tl@UModSys@@IAEXPAU?$TScatterArrayNode@U?$TRefObject@URRenderDriver2D@SDL_core@ui@modules@UModSys@@U?$TRefObjectWeakFunc@URRenderDriver2D@SDL_core@ui@modules@UModSys@@@tl@5@@tl@UModSys@@H@23@@Z 10005450 f i umodsys_lib_libui:umodsys.mod.ui.SDL_core.obj
 0001:00004450       ?insert_color@?$TTreeHoldRB@U?$TScatterArrayNode@U?$TVector2@M@math3d@UModSys@@H@tl@UModSys@@@tl@UModSys@@IAEXPAU?$TScatterArrayNode@U?$TVector2@M@math3d@UModSys@@H@23@@Z 10005450 f i umodsys_lib_libui:umodsys.mod.ui.frames.obj
 0001:00004450       ?insert_color@?$TTreeHoldRB@U?$TScatterArrayNode@UGlyph@RMultiImage2D_SDL_ttf@SDL_core@ui@modules@UModSys@@H@tl@UModSys@@@tl@UModSys@@IAEXPAU?$TScatterArrayNode@UGlyph@RMultiImage2D_SDL_ttf@SDL_core@ui@modules@UModSys@@H@23@@Z 10005450 f i umodsys_lib_libui:umodsys.mod.ui.SDL_core.obj
 0001:00004450       ?insert_color@?$TTreeHoldRB@U?$TScatterArrayNode@U?$TRefObjectComposite@UIKeyboardClient@libui@UModSys@@UIRefObject@core@3@U?$TRefObjectFunc@UIRefObject@core@UModSys@@@tl@3@@tl@UModSys@@H@tl@UModSys@@@tl@UModSys@@IAEXPAU?$TScatterArrayNode@U?$TRefObjectComposite@UIKeyboardClient@libui@UModSys@@UIRefObject@core@3@U?$TRefObjectFunc@UIRefObject@core@UModSys@@@tl@3@@tl@UModSys@@H@23@@Z 10005450 f i umodsys_lib_libui:umodsys.mod.ui.SDL_core.obj
 0001:00004450       ?insert_color@?$TTreeHoldRB@U?$TScatterArrayNode@HH@tl@UModSys@@@tl@UModSys@@IAEXPAU?$TScatterArrayNode@HH@23@@Z 10005450 f i umodsys_lib_libui:umodsys.mod.ui.frames.obj
 0001:00004450       ?insert_color@?$TTreeHoldRB@U?$TScatterArrayNode@U?$TVector4@M@math3d@UModSys@@H@tl@UModSys@@@tl@UModSys@@IAEXPAU?$TScatterArrayNode@U?$TVector4@M@math3d@UModSys@@H@23@@Z 10005450 f i umodsys_lib_libui:umodsys.mod.ui.frames.obj
 0001:00004450       ?insert_color@?$TTreeHoldRB@U?$TScatterArrayNode@U?$TRefObjectCompositeExtra@UIMouseClient@libui@UModSys@@HUIRefObject@core@3@U?$TRefObjectFunc@UIRefObject@core@UModSys@@@tl@3@@tl@UModSys@@H@tl@UModSys@@@tl@UModSys@@IAEXPAU?$TScatterArrayNode@U?$TRefObjectCompositeExtra@UIMouseClient@libui@UModSys@@HUIRefObject@core@3@U?$TRefObjectFunc@UIRefObject@core@UModSys@@@tl@3@@tl@UModSys@@H@23@@Z 10005450 f i umodsys_lib_libui:umodsys.mod.ui.SDL_core.obj
 0001:000045f0       ??$process_nodes_r@U?$TNodeDeleter0@U?$TScatterArrayNode@UGlyph@RMultiImage2D_SDL_ttf@SDL_core@ui@modules@UModSys@@H@tl@UModSys@@@tl@UModSys@@@?$TTreeHoldRB@U?$TScatterArrayNode@UGlyph@RMultiImage2D_SDL_ttf@SDL_core@ui@modules@UModSys@@H@tl@UModSys@@@tl@UModSys@@KAHPAU?$TScatterArrayNode@UGlyph@RMultiImage2D_SDL_ttf@SDL_core@ui@modules@UModSys@@H@12@ABU?$TNodeDeleter0@U?$TScatterArrayNode@UGlyph@RMultiImage2D_SDL_ttf@SDL_core@ui@modules@UModSys@@H@tl@UModSys@@@12@@Z 100055f0 f i umodsys_lib_libui:umodsys.mod.ui.SDL_core.obj
 0001:00004650       ??$process_nodes_r@U?$TNodeDeleter0@U?$TScatterArrayNode@U?$TRefObjectCompositeExtra@UIMouseClient@libui@UModSys@@HUIRefObject@core@3@U?$TRefObjectFunc@UIRefObject@core@UModSys@@@tl@3@@tl@UModSys@@H@tl@UModSys@@@tl@UModSys@@@?$TTreeHoldRB@U?$TScatterArrayNode@U?$TRefObjectCompositeExtra@UIMouseClient@libui@UModSys@@HUIRefObject@core@3@U?$TRefObjectFunc@UIRefObject@core@UModSys@@@tl@3@@tl@UModSys@@H@tl@UModSys@@@tl@UModSys@@KAHPAU?$TScatterArrayNode@U?$TRefObjectCompositeExtra@UIMouseClient@libui@UModSys@@HUIRefObject@core@3@U?$TRefObjectFunc@UIRefObject@core@UModSys@@@tl@3@@tl@UModSys@@H@12@ABU?$TNodeDeleter0@U?$TScatterArrayNode@U?$TRefObjectCompositeExtra@UIMouseClient@libui@UModSys@@HUIRefObject@core@3@U?$TRefObjectFunc@UIRefObject@core@UModSys@@@tl@3@@tl@UModSys@@H@tl@UModSys@@@12@@Z 10005650 f i umodsys_lib_libui:umodsys.mod.ui.SDL_core.obj
 0001:00004650       ??$process_nodes_r@U?$TNodeDeleter0@U?$TScatterArrayNode@U?$TRefObjectComposite@UIKeyboardClient@libui@UModSys@@UIRefObject@core@3@U?$TRefObjectFunc@UIRefObject@core@UModSys@@@tl@3@@tl@UModSys@@H@tl@UModSys@@@tl@UModSys@@@?$TTreeHoldRB@U?$TScatterArrayNode@U?$TRefObjectComposite@UIKeyboardClient@libui@UModSys@@UIRefObject@core@3@U?$TRefObjectFunc@UIRefObject@core@UModSys@@@tl@3@@tl@UModSys@@H@tl@UModSys@@@tl@UModSys@@KAHPAU?$TScatterArrayNode@U?$TRefObjectComposite@UIKeyboardClient@libui@UModSys@@UIRefObject@core@3@U?$TRefObjectFunc@UIRefObject@core@UModSys@@@tl@3@@tl@UModSys@@H@12@ABU?$TNodeDeleter0@U?$TScatterArrayNode@U?$TRefObjectComposite@UIKeyboardClient@libui@UModSys@@UIRefObject@core@3@U?$TRefObjectFunc@UIRefObject@core@UModSys@@@tl@3@@tl@UModSys@@H@tl@UModSys@@@12@@Z 10005650 f i umodsys_lib_libui:umodsys.mod.ui.SDL_core.obj
 0001:000046a0       ??$process_nodes_r@U?$TNodeDeleter0@U?$TScatterArrayNode@U?$TRefObject@URRenderDriver2D@SDL_core@ui@modules@UModSys@@U?$TRefObjectWeakFunc@URRenderDriver2D@SDL_core@ui@modules@UModSys@@@tl@5@@tl@UModSys@@H@tl@UModSys@@@tl@UModSys@@@?$TTreeHoldRB@U?$TScatterArrayNode@U?$TRefObject@URRenderDriver2D@SDL_core@ui@modules@UModSys@@U?$TRefObjectWeakFunc@URRenderDriver2D@SDL_core@ui@modules@UModSys@@@tl@5@@tl@UModSys@@H@tl@UModSys@@@tl@UModSys@@KAHPAU?$TScatterArrayNode@U?$TRefObject@URRenderDriver2D@SDL_core@ui@modules@UModSys@@U?$TRefObjectWeakFunc@URRenderDriver2D@SDL_core@ui@modules@UModSys@@@tl@5@@tl@UModSys@@H@12@ABU?$TNodeDeleter0@U?$TScatterArrayNode@U?$TRefObject@URRenderDriver2D@SDL_core@ui@modules@UModSys@@U?$TRefObjectWeakFunc@URRenderDriver2D@SDL_core@ui@modules@UModSys@@@tl@5@@tl@UModSys@@H@tl@UModSys@@@12@@Z 100056a0 f i umodsys_lib_libui:umodsys.mod.ui.SDL_core.obj
 0001:00004720       ??$genx_node@UCmp@?$TScatterArray@U?$TRefObject@URRenderDriver2D@SDL_core@ui@modules@UModSys@@U?$TRefObjectWeakFunc@URRenderDriver2D@SDL_core@ui@modules@UModSys@@@tl@5@@tl@UModSys@@HU?$TScalarCompare@H@core@3@U?$TNodeDeleter0@U?$TScatterArrayNode@U?$TRefObject@URRenderDriver2D@SDL_core@ui@modules@UModSys@@U?$TRefObjectWeakFunc@URRenderDriver2D@SDL_core@ui@modules@UModSys@@@tl@5@@tl@UModSys@@H@tl@UModSys@@@23@@tl@UModSys@@UGen0@234@@?$TTreeHoldRBD@U?$TScatterArrayNode@U?$TRefObject@URRenderDriver2D@SDL_core@ui@modules@UModSys@@U?$TRefObjectWeakFunc@URRenderDriver2D@SDL_core@ui@modules@UModSys@@@tl@5@@tl@UModSys@@H@tl@UModSys@@U?$TNodeDeleter0@U?$TScatterArrayNode@U?$TRefObject@URRenderDriver2D@SDL_core@ui@modules@UModSys@@U?$TRefObjectWeakFunc@URRenderDriver2D@SDL_core@ui@modules@UModSys@@@tl@5@@tl@UModSys@@H@tl@UModSys@@@23@@tl@UModSys@@QAEPAU?$TScatterArrayNode@U?$TRefObject@URRenderDriver2D@SDL_core@ui@modules@UModSys@@U?$TRefObjectWeakFunc@URRenderDriver2D@SDL_core@ui@modules@UModSys@@@tl@5@@tl@UModSys@@H@12@UCmp@?$TScatterArray@U?$TRefObject@URRenderDriver2D@SDL_core@ui@modules@UModSys@@U?$TRefObjectWeakFunc@URRenderDriver2D@SDL_core@ui@modules@UModSys@@@tl@5@@tl@UModSys@@HU?$TScalarCompare@H@core@3@U?$TNodeDeleter0@U?$TScatterArrayNode@U?$TRefObject@URRenderDriver2D@SDL_core@ui@modules@UModSys@@U?$TRefObjectWeakFunc@URRenderDriver2D@SDL_core@ui@modules@UModSys@@@tl@5@@tl@UModSys@@H@tl@UModSys@@@23@@12@ABUGen0@512@PAPAU312@2_N@Z 10005720 f i umodsys_lib_libui:umodsys.mod.ui.SDL_core.obj
 0001:00004790       ??RGen0@?$TScatterArray@U?$TRefObject@URRenderDriver2D@SDL_core@ui@modules@UModSys@@U?$TRefObjectWeakFunc@URRenderDriver2D@SDL_core@ui@modules@UModSys@@@tl@5@@tl@UModSys@@HU?$TScalarCompare@H@core@3@U?$TNodeDeleter0@U?$TScatterArrayNode@U?$TRefObject@URRenderDriver2D@SDL_core@ui@modules@UModSys@@U?$TRefObjectWeakFunc@URRenderDriver2D@SDL_core@ui@modules@UModSys@@@tl@5@@tl@UModSys@@H@tl@UModSys@@@23@@tl@UModSys@@QBEPAU?$TScatterArrayNode@U?$TRefObject@URRenderDriver2D@SDL_core@ui@modules@UModSys@@U?$TRefObjectWeakFunc@URRenderDriver2D@SDL_core@ui@modules@UModSys@@@tl@5@@tl@UModSys@@H@23@ABUCmp@123@ABU?$TTreeHoldRBD@U?$TScatterArrayNode@U?$TRefObject@URRenderDriver2D@SDL_core@ui@modules@UModSys@@U?$TRefObjectWeakFunc@URRenderDriver2D@SDL_core@ui@modules@UModSys@@@tl@5@@tl@UModSys@@H@tl@UModSys@@U?$TNodeDeleter0@U?$TScatterArrayNode@U?$TRefObject@URRenderDriver2D@SDL_core@ui@modules@UModSys@@U?$TRefObjectWeakFunc@URRenderDriver2D@SDL_core@ui@modules@UModSys@@@tl@5@@tl@UModSys@@H@tl@UModSys@@@23@@23@@Z 10005790 f i umodsys_lib_libui:umodsys.mod.ui.SDL_core.obj
 0001:00004800       ?alloc@SMemShared@core@UModSys@@QAE_NIPAUSSourceContext@23@@Z 10005800 f i umodsys_lib_libui:umodsys.mod.ui.frames.obj
 0001:00004840       ?get@SParameters@core@UModSys@@QBE_NPBDAA_N@Z 10005840 f i umodsys_lib_libui:umodsys.mod.ui.frames.obj
 0001:00004880       ?ss@SFrameDataOut@libui@UModSys@@QBEXABU?$TString@U?$TSCoreShared@USIMemAlloc@core@UModSys@@D@su@tl@UModSys@@U?$TComparerBinaryHash@D@234@@tl@3@@Z 10005880 f i umodsys_lib_libui:umodsys.mod.ui.frames.obj
 0001:000048d0       ?ss@SFrameDataOut@libui@UModSys@@QBEXQBD@Z 100058d0 f i umodsys_lib_libui:umodsys.mod.ui.frames.obj
 0001:00004910       ??1SController@libui@UModSys@@QAE@XZ 10005910 f i umodsys_lib_libui:umodsys.mod.ui.frames.obj
 0001:00004920       ?db_get_i@SController@libui@UModSys@@QAEHQBD@Z 10005920 f i umodsys_lib_libui:umodsys.mod.ui.frames.obj
 0001:000049a0       ?update_size@libui@UModSys@@YA_NAAU?$TBoundBox2@H@math3d@2@ABUSFrameSize@12@ABU342@@Z 100059a0 f i umodsys_lib_libui:umodsys.mod.ui.frames.obj
 0001:00004ab0       ?command@SController@libui@UModSys@@QAE_NHABUSFrameDataIn@23@@Z 10005ab0 f i umodsys_lib_libui:umodsys.mod.ui.frames.obj
 0001:00004af0       ?get_property@ICollectorThemeTemplate@libui@UModSys@@UBE_NHHAAU?$TVector4@M@math3d@3@@Z 10005af0 f i umodsys_lib_libui:umodsys.mod.ui.frames.obj
 0001:00004b10       ?get_property@ICollectorThemeTemplate@libui@UModSys@@UBE_NHHAAU?$TVector4@H@math3d@3@@Z 10005b10 f i umodsys_lib_libui:umodsys.mod.ui.frames.obj
 0001:00004b30       ?get_property@ICollectorThemeTemplate@libui@UModSys@@UBE_NHHAAU?$TVector2@M@math3d@3@@Z 10005b30 f i umodsys_lib_libui:umodsys.mod.ui.frames.obj
 0001:00004b50       ?get_property@ICollectorThemeTemplate@libui@UModSys@@UBE_NHHAAU?$TVector2@H@math3d@3@@Z 10005b50 f i umodsys_lib_libui:umodsys.mod.ui.frames.obj
 0001:00004b70       ?get_property@ICollectorThemeTemplate@libui@UModSys@@UBE_NHHAAH@Z 10005b70 f i umodsys_lib_libui:umodsys.mod.ui.frames.obj
 0001:00004b90       ?set_property@ICollectorThemeTemplate@libui@UModSys@@UAE_NHHABU?$TVector4@M@math3d@3@@Z 10005b90 f i umodsys_lib_libui:umodsys.mod.ui.frames.obj
 0001:00004bf0       ?set_property@ICollectorThemeTemplate@libui@UModSys@@UAE_NHHABU?$TVector4@H@math3d@3@@Z 10005bf0 f i umodsys_lib_libui:umodsys.mod.ui.frames.obj
 0001:00004c10       ?set_property@ICollectorThemeTemplate@libui@UModSys@@UAE_NHHABU?$TVector2@M@math3d@3@@Z 10005c10 f i umodsys_lib_libui:umodsys.mod.ui.frames.obj
 0001:00004c60       ?set_property@ICollectorThemeTemplate@libui@UModSys@@UAE_NHHABU?$TVector2@H@math3d@3@@Z 10005c60 f i umodsys_lib_libui:umodsys.mod.ui.frames.obj
 0001:00004cc0       ?set_property@ICollectorThemeTemplate@libui@UModSys@@UAE_NHHH@Z 10005cc0 f i umodsys_lib_libui:umodsys.mod.ui.frames.obj
 0001:00004d00       ??1ICollectorThemeTemplate@libui@UModSys@@QAE@XZ 10005d00 f i umodsys_lib_libui:umodsys.mod.ui.frames.obj
 0001:00004e20       ?set_controller@RFrame_Common@frames@ui@modules@UModSys@@UAE_NHPAUIController@libui@5@PAUIRefObject@core@5@@Z 10005e20 f i umodsys_lib_libui:umodsys.mod.ui.frames.obj
 0001:00004e70       ?get_controller@RFrame_Common@frames@ui@modules@UModSys@@UAEPAUIController@libui@5@XZ 10005e70 f i umodsys_lib_libui:umodsys.mod.ui.frames.obj
 0001:00004e80       ?get_controller_context@RFrame_Common@frames@ui@modules@UModSys@@UAEHXZ 10005e80 f i umodsys_lib_libui:umodsys.mod.ui.frames.obj
 0001:00004e90       ?controller_update@RFrame_Common@frames@ui@modules@UModSys@@UAE_NXZ 10005e90 f i umodsys_lib_libui:umodsys.mod.ui.frames.obj
 0001:00004ea0       ?get_theme@RCollector@frames@ui@modules@UModSys@@UAEPAUICollectorTheme@libui@5@XZ 10005ea0 f i umodsys_lib_libui:umodsys.mod.ui.frames.obj
 0001:00004ea0       ?get_box@RFrame_Common@frames@ui@modules@UModSys@@UAEABU?$TBoundBox2@H@math3d@5@XZ 10005ea0 f i umodsys_lib_libui:umodsys.mod.ui.frames.obj
 0001:00004eb0       ?get_framesize@RFrame_Common@frames@ui@modules@UModSys@@UAEABUSFrameSize@libui@5@XZ 10005eb0 f i umodsys_lib_libui:umodsys.mod.ui.frames.obj
 0001:00004ec0       ?set_framesize@RFrame_Common@frames@ui@modules@UModSys@@UAE_NABUSFrameSize@libui@5@@Z 10005ec0 f i umodsys_lib_libui:umodsys.mod.ui.frames.obj
 0001:00004ef0       ?get_insize@RFrame_Common@frames@ui@modules@UModSys@@UAE?AU?$TVector2@H@math3d@5@XZ 10005ef0 f i umodsys_lib_libui:umodsys.mod.ui.frames.obj
 0001:00004f10       ?get_theme@RFrame_Common@frames@ui@modules@UModSys@@UAEPAUICollectorTheme@libui@5@XZ 10005f10 f i umodsys_lib_libui:umodsys.mod.ui.frames.obj
 0001:00004f20       ?get_max_cell_size@RMultiImage2D_SDL_ttf@SDL_core@ui@modules@UModSys@@UAE_NAAU?$TVector2@H@math3d@5@@Z 10005f20 f i umodsys_lib_libui:umodsys.mod.ui.SDL_core.obj
 0001:00004f20       ?set_layer_count@RMultiImage2D_SDL_ttf@SDL_core@ui@modules@UModSys@@UAE_NH@Z 10005f20 f i umodsys_lib_libui:umodsys.mod.ui.SDL_core.obj
 0001:00004f20       ?set_insize@RFrame_Common@frames@ui@modules@UModSys@@UAE_NABU?$TVector2@H@math3d@5@@Z 10005f20 f i umodsys_lib_libui:umodsys.mod.ui.frames.obj
 0001:00004f20       ?mouse_setvisible@RMouseController@SDL_core@ui@modules@UModSys@@UAE_N_N@Z 10005f20 f i umodsys_lib_libui:umodsys.mod.ui.SDL_core.obj
 0001:00004f20       ?key_event@RFrame_Common@frames@ui@modules@UModSys@@MAE_NABUSKeyboardInputText@libui@5@@Z 10005f20 f i umodsys_lib_libui:umodsys.mod.ui.frames.obj
 0001:00004f20       ?mouse_event@RFrame_Common@frames@ui@modules@UModSys@@MAE_NPBUSMouseInput@libui@5@@Z 10005f20 f i umodsys_lib_libui:umodsys.mod.ui.frames.obj
 0001:00004f20       ?key_event@RFrame_Common@frames@ui@modules@UModSys@@MAE_NABUSKeyboardInputRaw@libui@5@@Z 10005f20 f i umodsys_lib_libui:umodsys.mod.ui.frames.obj
 0001:00004f30       ?draw_pre@RFrame_Common@frames@ui@modules@UModSys@@MAE_NABUSDrawState@2345@@Z 10005f30 f i umodsys_lib_libui:umodsys.mod.ui.frames.obj
 0001:00004f30       ?draw_post@RFrame_Common@frames@ui@modules@UModSys@@MAE_NABUSDrawState@2345@@Z 10005f30 f i umodsys_lib_libui:umodsys.mod.ui.frames.obj
 0001:00004f40       ?button_cmd@RFrame_Common@frames@ui@modules@UModSys@@MAE_NPAUSButton@2345@HH@Z 10005f40 f i umodsys_lib_libui:umodsys.mod.ui.frames.obj
 0001:00004f40       ?button_draw@RFrame_Common@frames@ui@modules@UModSys@@MAE_NPAUSButton@2345@ABUSDrawState@2345@H@Z 10005f40 f i umodsys_lib_libui:umodsys.mod.ui.frames.obj
 0001:00004f50       ??_GRFrame_Common@frames@ui@modules@UModSys@@UAEPAXI@Z 10005f50 f i umodsys_lib_libui:umodsys.mod.ui.frames.obj
 0001:00004f50       ??_ERFrame_Common@frames@ui@modules@UModSys@@UAEPAXI@Z 10005f50 f i  CIL library: CIL module
 0001:00004f70       ?root_get_interface_info@RDialog@frames@ui@modules@UModSys@@UBEABUSUniquePointerInfo@core@5@XZ 10005f70 f i umodsys_lib_libui:umodsys.mod.ui.frames.obj
 0001:00004f80       ?root_get_interface_type@RDialog@frames@ui@modules@UModSys@@UBEPBUSUniquePointerInfo@core@5@XZ 10005f80 f i umodsys_lib_libui:umodsys.mod.ui.frames.obj
 0001:00004f90       ?root_get_other_interface@RDialog@frames@ui@modules@UModSys@@UBEPBUIRoot@core@5@PBUSUniquePointerInfo@75@@Z 10005f90 f i umodsys_lib_libui:umodsys.mod.ui.frames.obj
 0001:00004f90       ?root_get_other_interface@RDialog@frames@ui@modules@UModSys@@UAEPAUIRoot@core@5@PBUSUniquePointerInfo@75@@Z 10005f90 f i umodsys_lib_libui:umodsys.mod.ui.frames.obj
 0001:00004fc0       ?root_is_interface_supported@RDialog@frames@ui@modules@UModSys@@UBE_NPBUSUniquePointerInfo@core@5@@Z 10005fc0 f i umodsys_lib_libui:umodsys.mod.ui.frames.obj
 0001:00005000       ?suicide@RMultiImage2D_SDL_ttf@SDL_core@ui@modules@UModSys@@UAEXXZ 10006000 f i umodsys_lib_libui:umodsys.mod.ui.SDL_core.obj
 0001:00005000       ?suicide@RKeyboardController@SDL_core@ui@modules@UModSys@@UAEXXZ 10006000 f i umodsys_lib_libui:umodsys.mod.ui.SDL_core.obj
 0001:00005000       ?suicide@RRenderDriver2D@SDL_core@ui@modules@UModSys@@UAEXXZ 10006000 f i umodsys_lib_libui:umodsys.mod.ui.SDL_core.obj
 0001:00005000       ?suicide@RDialog@frames@ui@modules@UModSys@@UAEXXZ 10006000 f i umodsys_lib_libui:umodsys.mod.ui.frames.obj
 0001:00005000       ?suicide@RMouseController@SDL_core@ui@modules@UModSys@@UAEXXZ 10006000 f i umodsys_lib_libui:umodsys.mod.ui.SDL_core.obj
 0001:00005010       ??_ERDialog@frames@ui@modules@UModSys@@UAEPAXI@Z 10006010 f i  CIL library: CIL module
 0001:00005010       ??_GRDialog@frames@ui@modules@UModSys@@UAEPAXI@Z 10006010 f i umodsys_lib_libui:umodsys.mod.ui.frames.obj
 0001:00005030       ?root_get_interface_info@RFrame_Frame@frames@ui@modules@UModSys@@UBEABUSUniquePointerInfo@core@5@XZ 10006030 f i umodsys_lib_libui:umodsys.mod.ui.frames.obj
[...]
 0001:00010b00       ??__E?s_id@?$TObjectUniqueID@UIImage@lib2d@UModSys@@@tl@UModSys@@2USUniquePointer@core@3@A@@YAXXZ 10011b00 f    CIL library: CIL module
 0001:00010b30       ??__E?s_id@?$TObjectUniqueID@UIMultiImage@lib2d@UModSys@@@tl@UModSys@@2USUniquePointer@core@3@A@@YAXXZ 10011b30 f    CIL library: CIL module
 0001:00010b60       ??__E?s_id@?$TObjectUniqueID@UIRenderDriver@lib2d@UModSys@@@tl@UModSys@@2USUniquePointer@core@3@A@@YAXXZ 10011b60 f    CIL library: CIL module
 0001:00010b90       ??__E?s_id@?$TObjectUniqueID@UILines@test1@test@modules@UModSys@@@tl@UModSys@@2USUniquePointer@core@3@A@@YAXXZ 10011b90 f    CIL library: CIL module
 0001:00010bc0       ??__E?s_id@?$TObjectUniqueID@URLines@test1@test@modules@UModSys@@@tl@UModSys@@2USUniquePointer@core@3@A@@YAXXZ 10011bc0 f    CIL library: CIL module
 0001:00010bf0       ??__E?s_id@?$TObjectUniqueID@URLines_Filter@test1@test@modules@UModSys@@@tl@UModSys@@2USUniquePointer@core@3@A@@YAXXZ 10011bf0 f    CIL library: CIL module
 0001:00010c20       ??__E?s_id@?$TObjectUniqueID@URTest1_Shell@test1@test@modules@UModSys@@@tl@UModSys@@2USUniquePointer@core@3@A@@YAXXZ 10011c20 f    CIL library: CIL module
 0001:00010c50       ??__E?s_id@?$TObjectUniqueID@URGenerator@test1@test@modules@UModSys@@@tl@UModSys@@2USUniquePointer@core@3@A@@YAXXZ 10011c50 f    CIL library: CIL module
 0001:00010c80       ??__E?s_modreg@RModuleReg@SDL_core@ui@modules@UModSys@@2U12345@A@@YAXXZ 10011c80 f    CIL library: CIL module
 0001:00010cc0       ??__E?s_modreg_chain@RModuleReg@SDL_core@ui@modules@UModSys@@2USModuleRegChain@base@5@A@@YAXXZ 10011cc0 f    CIL library: CIL module
 0001:00010ce0       ??__E?s_uid@RGenerator@SDL_core@ui@modules@UModSys@@2USUniquePointer@core@5@A@@YAXXZ 10011ce0 f    CIL library: CIL module
 0001:00010d10       ??__E?s_id@?$TObjectUniqueID@URMultiImage2D_SDL_ttf@SDL_core@ui@modules@UModSys@@@tl@UModSys@@2USUniquePointer@core@3@A@@YAXXZ 10011d10 f    CIL library: CIL module
 0001:00010d40       ??__E?s_id@?$TObjectUniqueID@URRenderDriver2D@SDL_core@ui@modules@UModSys@@@tl@UModSys@@2USUniquePointer@core@3@A@@YAXXZ 10011d40 f    CIL library: CIL module
 0001:00010d70       ??__E?s_id@?$TObjectUniqueID@URMouseController@SDL_core@ui@modules@UModSys@@@tl@UModSys@@2USUniquePointer@core@3@A@@YAXXZ 10011d70 f    CIL library: CIL module
 0001:00010da0       ??__E?s_id@?$TObjectUniqueID@URKeyboardController@SDL_core@ui@modules@UModSys@@@tl@UModSys@@2USUniquePointer@core@3@A@@YAXXZ 10011da0 f    CIL library: CIL module
 0001:00010dd0       ??__E?s_id@?$TObjectUniqueID@URTerminal@SDL_core@ui@modules@UModSys@@@tl@UModSys@@2USUniquePointer@core@3@A@@YAXXZ 10011dd0 f    CIL library: CIL module
 0001:00010e00       ??__E?s_id@?$TObjectUniqueID@URGenerator@SDL_core@ui@modules@UModSys@@@tl@UModSys@@2USUniquePointer@core@3@A@@YAXXZ 10011e00 f    CIL library: CIL module
 0001:00010e30       ??__E?s_modreg@RModuleReg@frames@ui@modules@UModSys@@2U12345@A@@YAXXZ 10011e30 f    CIL library: CIL module
 0001:00010e70       ??__E?s_modreg_chain@RModuleReg@frames@ui@modules@UModSys@@2USModuleRegChain@base@5@A@@YAXXZ 10011e70 f    CIL library: CIL module
 0001:00010e90       ??__E?s_uid@RGenerator@frames@ui@modules@UModSys@@2USUniquePointer@core@5@A@@YAXXZ 10011e90 f    CIL library: CIL module
 0001:00010ec0       ??__E?s_id@?$TObjectUniqueID@URFrame_Common@frames@ui@modules@UModSys@@@tl@UModSys@@2USUniquePointer@core@3@A@@YAXXZ 10011ec0 f    CIL library: CIL module
 0001:00010ef0       ??__E?s_id@?$TObjectUniqueID@URDialog@frames@ui@modules@UModSys@@@tl@UModSys@@2USUniquePointer@core@3@A@@YAXXZ 10011ef0 f    CIL library: CIL module
 0001:00010f20       ??__E?s_id@?$TObjectUniqueID@URFrame_Frame@frames@ui@modules@UModSys@@@tl@UModSys@@2USUniquePointer@core@3@A@@YAXXZ 10011f20 f    CIL library: CIL module
 0001:00010f50       ??__E?s_id@?$TObjectUniqueID@URFrame_Image@frames@ui@modules@UModSys@@@tl@UModSys@@2USUniquePointer@core@3@A@@YAXXZ 10011f50 f    CIL library: CIL module
 0001:00010f80       ??__E?s_id@?$TObjectUniqueID@URFrame_Text@frames@ui@modules@UModSys@@@tl@UModSys@@2USUniquePointer@core@3@A@@YAXXZ 10011f80 f    CIL library: CIL module
 0001:00010fb0       ??__E?s_id@?$TObjectUniqueID@URFrame_Button@frames@ui@modules@UModSys@@@tl@UModSys@@2USUniquePointer@core@3@A@@YAXXZ 10011fb0 f    CIL library: CIL module
 0001:00010fe0       ??__E?s_id@?$TObjectUniqueID@URFrame_Edit@frames@ui@modules@UModSys@@@tl@UModSys@@2USUniquePointer@core@3@A@@YAXXZ 10011fe0 f    CIL library: CIL module
 0001:00011010       ??__E?s_id@?$TObjectUniqueID@URFrame_List@frames@ui@modules@UModSys@@@tl@UModSys@@2USUniquePointer@core@3@A@@YAXXZ 10012010 f    CIL library: CIL module
 0001:00011040       ??__E?s_id@?$TObjectUniqueID@URCollector@frames@ui@modules@UModSys@@@tl@UModSys@@2USUniquePointer@core@3@A@@YAXXZ 10012040 f    CIL library: CIL module
 0001:00011070       ??__E?s_id@?$TObjectUniqueID@URGenerator@frames@ui@modules@UModSys@@@tl@UModSys@@2USUniquePointer@core@3@A@@YAXXZ 10012070 f    CIL library: CIL module
 0001:000110a0       ??__E?s_modreg@RModuleReg@images_std@media@modules@UModSys@@2U12345@A@@YAXXZ 100120a0 f    CIL library: CIL module
 0001:000110e0       ??__E?s_modreg_chain@RModuleReg@images_std@media@modules@UModSys@@2USModuleRegChain@base@5@A@@YAXXZ 100120e0 f    CIL library: CIL module
 0001:00011100       ??__E?s_uid@RGenerator@images_std@media@modules@UModSys@@2USUniquePointer@core@5@A@@YAXXZ 10012100 f    CIL library: CIL module
 0001:00011130       ??__E?s_id@?$TObjectUniqueID@URMediaFilter@images_std@media@modules@UModSys@@@tl@UModSys@@2USUniquePointer@core@3@A@@YAXXZ 10012130 f    CIL library: CIL module
 0001:00011160       ??__E?s_id@?$TObjectUniqueID@URGenerator@images_std@media@modules@UModSys@@@tl@UModSys@@2USUniquePointer@core@3@A@@YAXXZ 10012160 f    CIL library: CIL module
 0001:00011190       ??__EM@UModSys@@YAXXZ      10012190 f    CIL library: CIL module
 0001:000111b0       ??__E?root@SModuleRegChain@base@UModSys@@2U123@A@@YAXXZ 100121b0 f    CIL library: CIL module
 0001:000111d0       ??__E?s_library@RModuleLibraryReg_Chain@base@UModSys@@2U123@A@@YAXXZ 100121d0 f    CIL library: CIL module
 0001:000111f0       ??__E?root@SUniquePointer@core@UModSys@@2U123@A@@YAXXZ 100121f0 f    CIL library: CIL module
 0001:00011210       ??__F?s_modreg@RModuleReg@test1@test@modules@UModSys@@2U12345@A@@YAXXZ 10012210 f    CIL library: CIL module
 0001:00011230       ??__F?s_modreg_chain@RModuleReg@test1@test@modules@UModSys@@2USModuleRegChain@base@5@A@@YAXXZ 10012230 f    CIL library: CIL module
 0001:00011240       ??__F?s_uid@RGenerator@test1@test@modules@UModSys@@2USUniquePointer@core@5@A@@YAXXZ 10012240 f    CIL library: CIL module
 0001:00011250       ??__Fh@?1??s_holder@RGenerator@test1@test@modules@UModSys@@SAAAU?$TTypeStaticHolder@URGenerator@test1@test@modules@UModSys@@@tl@5@XZ@YAXXZ 10012250 f    CIL library: CIL module
 0001:00011270       ??__F?s_id@?$TObjectUniqueID@URGenerator@test1@test@modules@UModSys@@@tl@UModSys@@2USUniquePointer@core@3@A@@YAXXZ 10012270 f    CIL library: CIL module
 0001:00011280       ??__F?s_id@?$TObjectUniqueID@URTest1_Shell@test1@test@modules@UModSys@@@tl@UModSys@@2USUniquePointer@core@3@A@@YAXXZ 10012280 f    CIL library: CIL module
 0001:00011290       ??__F?s_id@?$TObjectUniqueID@URLines_Filter@test1@test@modules@UModSys@@@tl@UModSys@@2USUniquePointer@core@3@A@@YAXXZ 10012290 f    CIL library: CIL module
 0001:000112a0       ??__F?s_id@?$TObjectUniqueID@URLines@test1@test@modules@UModSys@@@tl@UModSys@@2USUniquePointer@core@3@A@@YAXXZ 100122a0 f    CIL library: CIL module
 0001:000112b0       ??__F?s_id@?$TObjectUniqueID@UILines@test1@test@modules@UModSys@@@tl@UModSys@@2USUniquePointer@core@3@A@@YAXXZ 100122b0 f    CIL library: CIL module
 0001:000112c0       ??__F?s_id@?$TObjectUniqueID@UIRenderDriver@lib2d@UModSys@@@tl@UModSys@@2USUniquePointer@core@3@A@@YAXXZ 100122c0 f    CIL library: CIL module
 0001:000112d0       ??__F?s_id@?$TObjectUniqueID@UIMultiImage@lib2d@UModSys@@@tl@UModSys@@2USUniquePointer@core@3@A@@YAXXZ 100122d0 f    CIL library: CIL module
 0001:000112e0       ??__F?s_id@?$TObjectUniqueID@UIImage@lib2d@UModSys@@@tl@UModSys@@2USUniquePointer@core@3@A@@YAXXZ 100122e0 f    CIL library: CIL module
 0001:000112f0       ??__F?s_id@?$TObjectUniqueID@UIDialog@libui@UModSys@@@tl@UModSys@@2USUniquePointer@core@3@A@@YAXXZ 100122f0 f    CIL library: CIL module
 0001:00011300       ??__F?s_id@?$TObjectUniqueID@UIFrame@libui@UModSys@@@tl@UModSys@@2USUniquePointer@core@3@A@@YAXXZ 10012300 f    CIL library: CIL module
 0001:00011310       ??__F?s_id@?$TObjectUniqueID@UIAsyncCollector@libui@UModSys@@@tl@UModSys@@2USUniquePointer@core@3@A@@YAXXZ 10012310 f    CIL library: CIL module
 0001:00011320       ??__F?s_id@?$TObjectUniqueID@UIAsyncController@libui@UModSys@@@tl@UModSys@@2USUniquePointer@core@3@A@@YAXXZ 10012320 f    CIL library: CIL module
 0001:00011330       ??__F?s_id@?$TObjectUniqueID@UICollector@libui@UModSys@@@tl@UModSys@@2USUniquePointer@core@3@A@@YAXXZ 10012330 f    CIL library: CIL module
 0001:00011340       ??__F?s_id@?$TObjectUniqueID@UIConsoleHelperInput_UIKey@libui@UModSys@@@tl@UModSys@@2USUniquePointer@core@3@A@@YAXXZ 10012340 f    CIL library: CIL module
 0001:00011350       ??__F?s_id@?$TObjectUniqueID@UITerminal@libui@UModSys@@@tl@UModSys@@2USUniquePointer@core@3@A@@YAXXZ 10012350 f    CIL library: CIL module
 0001:00011360       ??__F?s_id@?$TObjectUniqueID@UIJoystickController@libui@UModSys@@@tl@UModSys@@2USUniquePointer@core@3@A@@YAXXZ 10012360 f    CIL library: CIL module
 0001:00011370       ??__F?s_id@?$TObjectUniqueID@UIMouseController@libui@UModSys@@@tl@UModSys@@2USUniquePointer@core@3@A@@YAXXZ 10012370 f    CIL library: CIL module
 0001:00011380       ??__F?s_id@?$TObjectUniqueID@UIKeyboardController@libui@UModSys@@@tl@UModSys@@2USUniquePointer@core@3@A@@YAXXZ 10012380 f    CIL library: CIL module
 0001:00011390       ??__F?s_id@?$TObjectUniqueID@UIConsoleHelperOutputFCS@base@UModSys@@@tl@UModSys@@2USUniquePointer@core@3@A@@YAXXZ 10012390 f    CIL library: CIL module
 0001:000113a0       ??__F?s_id@?$TObjectUniqueID@UIConsoleHelperOutput@base@UModSys@@@tl@UModSys@@2USUniquePointer@core@3@A@@YAXXZ 100123a0 f    CIL library: CIL module
 0001:000113b0       ??__F?s_id@?$TObjectUniqueID@UIConsoleHelperInput@base@UModSys@@@tl@UModSys@@2USUniquePointer@core@3@A@@YAXXZ 100123b0 f    CIL library: CIL module
 0001:000113c0       ??__F?s_id@?$TObjectUniqueID@UIConsoleHelperHistory@base@UModSys@@@tl@UModSys@@2USUniquePointer@core@3@A@@YAXXZ 100123c0 f    CIL library: CIL module
 0001:000113d0       ??__F?s_id@?$TObjectUniqueID@UIConsoleHelper@base@UModSys@@@tl@UModSys@@2USUniquePointer@core@3@A@@YAXXZ 100123d0 f    CIL library: CIL module
 0001:000113e0       ??__F?s_id@?$TObjectUniqueID@UIConsoleExt@base@UModSys@@@tl@UModSys@@2USUniquePointer@core@3@A@@YAXXZ 100123e0 f    CIL library: CIL module
 0001:000113f0       ??__F?s_id@?$TObjectUniqueID@UILibraryLayered@libmedia@UModSys@@@tl@UModSys@@2USUniquePointer@core@3@A@@YAXXZ 100123f0 f    CIL library: CIL module
 0001:00011400       ??__F?s_id@?$TObjectUniqueID@UILibraryObjCache@libmedia@UModSys@@@tl@UModSys@@2USUniquePointer@core@3@A@@YAXXZ 10012400 f    CIL library: CIL module
 0001:00011410       ??__F?s_id@?$TObjectUniqueID@UILibraryObjFilter@libmedia@UModSys@@@tl@UModSys@@2USUniquePointer@core@3@A@@YAXXZ 10012410 f    CIL library: CIL module
 0001:00011420       ??__F?s_id@?$TObjectUniqueID@UILibraryBinCache@libmedia@UModSys@@@tl@UModSys@@2USUniquePointer@core@3@A@@YAXXZ 10012420 f    CIL library: CIL module
 0001:00011430       ??__F?s_id@?$TObjectUniqueID@UILibraryBinTree@libmedia@UModSys@@@tl@UModSys@@2USUniquePointer@core@3@A@@YAXXZ 10012430 f    CIL library: CIL module
 0001:00011440       ??__F?s_id@?$TObjectUniqueID@UILibrary@libmedia@UModSys@@@tl@UModSys@@2USUniquePointer@core@3@A@@YAXXZ 10012440 f    CIL library: CIL module
 0001:00011450       ??__F?s_id@?$TObjectUniqueID@UIBinObjFilter@libmedia@UModSys@@@tl@UModSys@@2USUniquePointer@core@3@A@@YAXXZ 10012450 f    CIL library: CIL module
 0001:00011460       ??__F?s_id@?$TObjectUniqueID@UIBinArchive@libmedia@UModSys@@@tl@UModSys@@2USUniquePointer@core@3@A@@YAXXZ 10012460 f    CIL library: CIL module
 0001:00011470       ??__F?s_id@?$TObjectUniqueID@UIStreamWriter@libmedia@UModSys@@@tl@UModSys@@2USUniquePointer@core@3@A@@YAXXZ 10012470 f    CIL library: CIL module
 0001:00011480       ??__F?s_id@?$TObjectUniqueID@UIStreamReader@libmedia@UModSys@@@tl@UModSys@@2USUniquePointer@core@3@A@@YAXXZ 10012480 f    CIL library: CIL module
 0001:00011490       ??__F?s_id@?$TObjectUniqueID@UISystem@base@UModSys@@@tl@UModSys@@2USUniquePointer@core@3@A@@YAXXZ 10012490 f    CIL library: CIL module
 0001:000114a0       ??__F?s_id@?$TObjectUniqueID@UIConsole@base@UModSys@@@tl@UModSys@@2USUniquePointer@core@3@A@@YAXXZ 100124a0 f    CIL library: CIL module
 0001:000114b0       ??__F?s_id@?$TObjectUniqueID@UIShell@base@UModSys@@@tl@UModSys@@2USUniquePointer@core@3@A@@YAXXZ 100124b0 f    CIL library: CIL module
 0001:000114c0       ??__F?s_id@?$TObjectUniqueID@UIGenerator@base@UModSys@@@tl@UModSys@@2USUniquePointer@core@3@A@@YAXXZ 100124c0 f    CIL library: CIL module
 0001:000114d0       ??__F?s_id@?$TObjectUniqueID@UIModObject@base@UModSys@@@tl@UModSys@@2USUniquePointer@core@3@A@@YAXXZ 100124d0 f    CIL library: CIL module
 0001:000114e0       ??__F?s_id@?$TObjectUniqueID@UIModuleLibrary@base@UModSys@@@tl@UModSys@@2USUniquePointer@core@3@A@@YAXXZ 100124e0 f    CIL library: CIL module
 0001:000114f0       ??__F?s_id@?$TObjectUniqueID@UIModule@base@UModSys@@@tl@UModSys@@2USUniquePointer@core@3@A@@YAXXZ 100124f0 f    CIL library: CIL module
 0001:00011500       ??__F?s_id@?$TObjectUniqueID@UIParameters@core@UModSys@@@tl@UModSys@@2USUniquePointer@core@3@A@@YAXXZ 10012500 f    CIL library: CIL module
 0001:00011510       ??__F?s_id@?$TObjectUniqueID@UIRefObject@core@UModSys@@@tl@UModSys@@2USUniquePointer@core@3@A@@YAXXZ 10012510 f    CIL library: CIL module
 0001:00011520       ??__F?s_id@?$TObjectUniqueID@UIRoot@core@UModSys@@@tl@UModSys@@2USUniquePointer@core@3@A@@YAXXZ 10012520 f    CIL library: CIL module
 0001:00011530       ??__F?s_modreg@RModuleReg@SDL_core@ui@modules@UModSys@@2U12345@A@@YAXXZ 10012530 f    CIL library: CIL module
 0001:00011550       ??__F?s_modreg_chain@RModuleReg@SDL_core@ui@modules@UModSys@@2USModuleRegChain@base@5@A@@YAXXZ 10012550 f    CIL library: CIL module
 0001:00011560       ??__F?s_uid@RGenerator@SDL_core@ui@modules@UModSys@@2USUniquePointer@core@5@A@@YAXXZ 10012560 f    CIL library: CIL module
 0001:00011570       ??__Fh@?1??s_holder@RGenerator@SDL_core@ui@modules@UModSys@@SAAAU?$TTypeStaticHolder@URGenerator@SDL_core@ui@modules@UModSys@@@tl@5@XZ@YAXXZ 10012570 f    CIL library: CIL module
 0001:00011590       ??__F?s_id@?$TObjectUniqueID@URGenerator@SDL_core@ui@modules@UModSys@@@tl@UModSys@@2USUniquePointer@core@3@A@@YAXXZ 10012590 f    CIL library: CIL module
 0001:000115a0       ??__F?s_id@?$TObjectUniqueID@URTerminal@SDL_core@ui@modules@UModSys@@@tl@UModSys@@2USUniquePointer@core@3@A@@YAXXZ 100125a0 f    CIL library: CIL module
 0001:000115b0       ??__F?s_id@?$TObjectUniqueID@URKeyboardController@SDL_core@ui@modules@UModSys@@@tl@UModSys@@2USUniquePointer@core@3@A@@YAXXZ 100125b0 f    CIL library: CIL module
 0001:000115c0       ??__F?s_id@?$TObjectUniqueID@URMouseController@SDL_core@ui@modules@UModSys@@@tl@UModSys@@2USUniquePointer@core@3@A@@YAXXZ 100125c0 f    CIL library: CIL module
 0001:000115d0       ??__F?s_id@?$TObjectUniqueID@URRenderDriver2D@SDL_core@ui@modules@UModSys@@@tl@UModSys@@2USUniquePointer@core@3@A@@YAXXZ 100125d0 f    CIL library: CIL module
 0001:000115e0       ??__F?s_id@?$TObjectUniqueID@URMultiImage2D_SDL_ttf@SDL_core@ui@modules@UModSys@@@tl@UModSys@@2USUniquePointer@core@3@A@@YAXXZ 100125e0 f    CIL library: CIL module
 0001:000115f0       ??__F?s_modreg@RModuleReg@frames@ui@modules@UModSys@@2U12345@A@@YAXXZ 100125f0 f    CIL library: CIL module
 0001:00011610       ??__F?s_modreg_chain@RModuleReg@frames@ui@modules@UModSys@@2USModuleRegChain@base@5@A@@YAXXZ 10012610 f    CIL library: CIL module
 0001:00011620       ??__F?s_uid@RGenerator@frames@ui@modules@UModSys@@2USUniquePointer@core@5@A@@YAXXZ 10012620 f    CIL library: CIL module
 0001:00011630       ??__Fh@?1??s_holder@RGenerator@frames@ui@modules@UModSys@@SAAAU?$TTypeStaticHolder@URGenerator@frames@ui@modules@UModSys@@@tl@5@XZ@YAXXZ 10012630 f    CIL library: CIL module
 0001:00011650       ??__F?s_id@?$TObjectUniqueID@URGenerator@frames@ui@modules@UModSys@@@tl@UModSys@@2USUniquePointer@core@3@A@@YAXXZ 10012650 f    CIL library: CIL module
 0001:00011660       ??__F?s_id@?$TObjectUniqueID@URCollector@frames@ui@modules@UModSys@@@tl@UModSys@@2USUniquePointer@core@3@A@@YAXXZ 10012660 f    CIL library: CIL module
 0001:00011670       ??__F?s_id@?$TObjectUniqueID@URFrame_List@frames@ui@modules@UModSys@@@tl@UModSys@@2USUniquePointer@core@3@A@@YAXXZ 10012670 f    CIL library: CIL module
 0001:00011680       ??__F?s_id@?$TObjectUniqueID@URFrame_Edit@frames@ui@modules@UModSys@@@tl@UModSys@@2USUniquePointer@core@3@A@@YAXXZ 10012680 f    CIL library: CIL module
 0001:00011690       ??__F?s_id@?$TObjectUniqueID@URFrame_Button@frames@ui@modules@UModSys@@@tl@UModSys@@2USUniquePointer@core@3@A@@YAXXZ 10012690 f    CIL library: CIL module
 0001:000116a0       ??__F?s_id@?$TObjectUniqueID@URFrame_Text@frames@ui@modules@UModSys@@@tl@UModSys@@2USUniquePointer@core@3@A@@YAXXZ 100126a0 f    CIL library: CIL module
 0001:000116b0       ??__F?s_id@?$TObjectUniqueID@URFrame_Image@frames@ui@modules@UModSys@@@tl@UModSys@@2USUniquePointer@core@3@A@@YAXXZ 100126b0 f    CIL library: CIL module
 0001:000116c0       ??__F?s_id@?$TObjectUniqueID@URFrame_Frame@frames@ui@modules@UModSys@@@tl@UModSys@@2USUniquePointer@core@3@A@@YAXXZ 100126c0 f    CIL library: CIL module
 0001:000116d0       ??__F?s_id@?$TObjectUniqueID@URDialog@frames@ui@modules@UModSys@@@tl@UModSys@@2USUniquePointer@core@3@A@@YAXXZ 100126d0 f    CIL library: CIL module
 0001:000116e0       ??__F?s_id@?$TObjectUniqueID@URFrame_Common@frames@ui@modules@UModSys@@@tl@UModSys@@2USUniquePointer@core@3@A@@YAXXZ 100126e0 f    CIL library: CIL module
 0001:000116f0       ??__F?s_modreg@RModuleReg@images_std@media@modules@UModSys@@2U12345@A@@YAXXZ 100126f0 f    CIL library: CIL module
 0001:00011710       ??__F?s_modreg_chain@RModuleReg@images_std@media@modules@UModSys@@2USModuleRegChain@base@5@A@@YAXXZ 10012710 f    CIL library: CIL module
 0001:00011720       ??__F?s_uid@RGenerator@images_std@media@modules@UModSys@@2USUniquePointer@core@5@A@@YAXXZ 10012720 f    CIL library: CIL module
 0001:00011730       ??__Fh@?1??s_holder@RGenerator@images_std@media@modules@UModSys@@SAAAU?$TTypeStaticHolder@URGenerator@images_std@media@modules@UModSys@@@tl@5@XZ@YAXXZ 10012730 f    CIL library: CIL module
 0001:00011750       ??__F?s_id@?$TObjectUniqueID@URGenerator@images_std@media@modules@UModSys@@@tl@UModSys@@2USUniquePointer@core@3@A@@YAXXZ 10012750 f    CIL library: CIL module
 0001:00011760       ??__F?s_id@?$TObjectUniqueID@URMediaFilter@images_std@media@modules@UModSys@@@tl@UModSys@@2USUniquePointer@core@3@A@@YAXXZ 10012760 f    CIL library: CIL module
 0001:00011770       ??__FM@UModSys@@YAXXZ      10012770 f    CIL library: CIL module
 0001:00011780       ??__F?root@SModuleRegChain@base@UModSys@@2U123@A@@YAXXZ 10012780 f    CIL library: CIL module
 0001:00011790       ??__F?s_library@RModuleLibraryReg_Chain@base@UModSys@@2U123@A@@YAXXZ 10012790 f    CIL library: CIL module
 0001:000117a0       ??__F?root@SUniquePointer@core@UModSys@@2U123@A@@YAXXZ 100127a0 f    CIL library: CIL module

 Exports

  ordinal    name

        1    _UModSys_Plugin_Entry2@0
