 plugin_test1

 Timestamp is 52b29b66 (Thu Dec 19 10:08:22 2013)

 Preferred load address is 10000000

 Start         Length     Name                   Class
 0001:00000000 0001873aH .text                   CODE
 0001:00018740 00000ab8H .text$x                 CODE
 0001:00019200 00001271H .text$yc                CODE
 0001:0001a480 0000078aH .text$yd                CODE
 0002:00000000 000001f0H .idata$5                DATA
 0002:000001f0 00000004H .CRT$XCA                DATA
 0002:000001f4 000008c8H .CRT$XCU                DATA
 0002:00000abc 00000004H .CRT$XCZ                DATA
 0002:00000ac0 00000004H .CRT$XIA                DATA
 0002:00000ac4 00000004H .CRT$XIAA               DATA
 0002:00000ac8 00000004H .CRT$XIC                DATA
 0002:00000acc 00000004H .CRT$XIZ                DATA
 0002:00000ad0 00002358H .rdata                  DATA
 0002:00002e28 000018d0H .rdata$r                DATA
 0002:00004700 00000118H .rdata$sxdata           DATA
 0002:00004818 00000004H .rtc$IAA                DATA
 0002:0000481c 00000004H .rtc$IZZ                DATA
 0002:00004820 00000004H .rtc$TAA                DATA
 0002:00004824 00000004H .rtc$TZZ                DATA
 0002:00004828 00000f6cH .xdata$x                DATA
 0002:00005794 00000078H .idata$2                DATA
 0002:0000580c 00000014H .idata$3                DATA
 0002:00005820 000001f0H .idata$4                DATA
 0002:00005a10 000008e6H .idata$6                DATA
 0002:00006300 0000005cH .edata                  DATA
 0003:00000000 00000ef0H .data                   DATA
 0003:00000ef0 00001610H .bss                    DATA

  Address         Publics by Value              Rva+Base       Lib:Object

 0000:00000000       __except_list              00000000     <absolute>
 0000:00000046       ___safe_se_handler_count   00000046     <absolute>
 0000:00009876       __ldused                   00009876     <absolute>
 0000:00009876       __fltused                  00009876     <absolute>
 0000:00000000       ___ImageBase               10000000     <linker-defined>
 0001:00000000       ??1SCMemShared@core@UModSys@@QAE@XZ 10001000 f i plugin_test1.obj
 0001:00000000       ??1State@RImage_Memory@stdlib@lib2d@modules@UModSys@@QAE@XZ 10001000 f i umodsys_lib_lib2d:umodsys.mod.2d.stdlib.obj
 0001:00000000       ??1SMemShared@core@UModSys@@QAE@XZ 10001000 f i plugin_test1.obj
 0001:00000020       ??4SCMemShared@core@UModSys@@QAEABU012@ABUSMemShared@12@@Z 10001020 f i plugin_test1.obj
 0001:00000050       ??3IRoot@core@UModSys@@SAXPAXABUSIMemAlloc@12@@Z 10001050 f i plugin_test1.obj
 0001:00000060       ??$seq@D@su@tl@UModSys@@YA_NPBD0@Z 10001060 f i plugin_test1.obj
 0001:000000a0       ?obj_load@ILibrary@libmedia@UModSys@@QAE_NABU?$TString@U?$TSCoreConst@D@su@tl@UModSys@@U?$TComparerBinaryHash@D@234@@tl@3@PAUIRefObject@core@3@0PBUSParameters@73@ABU?$TFlags4State@USMediaFlagUid@libmedia@UModSys@@I@53@@Z 100010a0 f i plugin_test1.obj
 0001:00000100       ?mount_add@ILibraryBinTree@libmedia@UModSys@@QAE_NABU?$TString@U?$TSCoreConst@D@su@tl@UModSys@@U?$TComparerBinaryHash@D@234@@tl@3@PAUIBinArchive@23@H@Z 10001100 f i plugin_test1.obj
 0001:000001a0       ?mount_add@ILibraryBinTree@libmedia@UModSys@@QAE_NABU?$TString@U?$TSCoreConst@D@su@tl@UModSys@@U?$TComparerBinaryHash@D@234@@tl@3@HPAUIBinArchive@23@H@Z 100011a0 f i plugin_test1.obj
 0001:00000240       ?layer_push@ILibraryLayered@libmedia@UModSys@@QAE_NPAUILibrary@23@HABU?$TString@U?$TSCoreConst@D@su@tl@UModSys@@U?$TComparerBinaryHash@D@234@@tl@3@@Z 10001240 f i plugin_test1.obj
 0001:000002d0       ??1SPoint@ILibraryBinTree@libmedia@UModSys@@QAE@XZ 100012d0 f i plugin_test1.obj
 0001:000002d0       ??1SLayer@ILibraryLayered@libmedia@UModSys@@QAE@XZ 100012d0 f i plugin_test1.obj
 0001:000002f0       ?s@SFrameDataOut@libui@UModSys@@QBEXQBD@Z 100012f0 f i plugin_test1.obj
 0001:00000330       ??_GIRoot@core@UModSys@@UAEPAXI@Z 10001330 f i plugin_test1.obj
 0001:00000330       ??_EIRoot@core@UModSys@@UAEPAXI@Z 10001330 f i  CIL library: CIL module
 0001:00000350       ??1IBinObjFilter@libmedia@UModSys@@UAE@XZ 10001350 f i plugin_test1.obj
 0001:000003a0       ?root_get_interface_info@RTest1_Shell@test1@test@modules@UModSys@@UBEABUSUniquePointerInfo@core@5@XZ 100013a0 f i plugin_test1.obj
 0001:000003b0       ?root_get_interface_type@RTest1_Shell@test1@test@modules@UModSys@@UBEPBUSUniquePointerInfo@core@5@XZ 100013b0 f i plugin_test1.obj
 0001:000003c0       ?root_get_other_interface@RTest1_Shell@test1@test@modules@UModSys@@UAEPAUIRoot@core@5@PBUSUniquePointerInfo@75@@Z 100013c0 f i plugin_test1.obj
 0001:000003c0       ?root_get_other_interface@RTest1_Shell@test1@test@modules@UModSys@@UBEPBUIRoot@core@5@PBUSUniquePointerInfo@75@@Z 100013c0 f i plugin_test1.obj
 0001:000003f0       ?root_is_interface_supported@RTest1_Shell@test1@test@modules@UModSys@@UBE_NPBUSUniquePointerInfo@core@5@@Z 100013f0 f i plugin_test1.obj
 0001:00000430       ?ref_add@RTest1_Shell@test1@test@modules@UModSys@@UBEXXZ 10001430 f i plugin_test1.obj
 0001:00000440       ?ref_remove@RTest1_Shell@test1@test@modules@UModSys@@UBEXXZ 10001440 f i plugin_test1.obj
 0001:00000450       ?ref_links@RTest1_Shell@test1@test@modules@UModSys@@UBEHXZ 10001450 f i plugin_test1.obj
 0001:00000460       ?ref_weak@RTest1_Shell@test1@test@modules@UModSys@@UBE_NAAUWeakPointer@IRefObject@core@5@@Z 10001460 f i plugin_test1.obj
 0001:00000480       ?suicide@RTest1_Shell@test1@test@modules@UModSys@@UAEXXZ 10001480 f i plugin_test1.obj
 0001:00000490       ??0RTest1_Shell@test1@test@modules@UModSys@@QAE@PAUIModObject@base@4@@Z 10001490 f i plugin_test1.obj
 0001:000005d0       ??1RTest1_Shell@test1@test@modules@UModSys@@UAE@XZ 100015d0 f i plugin_test1.obj
 0001:00000680       ?connect@RTest1_Shell@test1@test@modules@UModSys@@UAE_NXZ 10001680 f i plugin_test1.obj
 0001:000006a0       ?disconnect@RTest1_Shell@test1@test@modules@UModSys@@UAE_NXZ 100016a0 f i plugin_test1.obj
 0001:000006c0       ?process_tick@RTest1_Shell@test1@test@modules@UModSys@@UAE_NABUSTimeMsec@core@5@@Z 100016c0 f i plugin_test1.obj
 0001:000006f0       ?process_command@RTest1_Shell@test1@test@modules@UModSys@@UAE_NHQBU?$TString@U?$TSCoreConst@D@su@tl@UModSys@@U?$TComparerBinaryHash@D@234@@tl@5@@Z 100016f0 f i plugin_test1.obj
 0001:00000720       ??_ERTest1_Shell@test1@test@modules@UModSys@@UAEPAXI@Z 10001720 f i  CIL library: CIL module
 0001:00000720       ??_GRTest1_Shell@test1@test@modules@UModSys@@UAEPAXI@Z 10001720 f i plugin_test1.obj
 0001:00000740       ??1?$TParametersA@$0BAA@@core@UModSys@@QAE@XZ 10001740 f i umodsys_lib_libui:umodsys.mod.ui.SDL_core.obj
 0001:00000740       ??1SParameters@core@UModSys@@QAE@XZ 10001740 f i plugin_test1.obj
 0001:00000740       ??1?$TParametersA@$0EAA@@core@UModSys@@QAE@XZ 10001740 f i plugin_test1.obj
 0001:00000750       ?get_generated_names@RGenerator@test1@test@modules@UModSys@@UBEHAAUSUniquePtrList@core@5@@Z 10001750 f i plugin_test1.obj
 0001:00000770       ?get_generated_types@RGenerator@test1@test@modules@UModSys@@UBEHAAUSUniquePtrList@core@5@PBUSUniquePointerInfo@75@@Z 10001770 f i plugin_test1.obj
 0001:000007c0       ?generate@RGenerator@test1@test@modules@UModSys@@UAE_NAAU?$TRefObject@UIRefObject@core@UModSys@@U?$TRefObjectFunc@UIRefObject@core@UModSys@@@tl@3@@tl@5@PBUSUniquePointerInfo@core@5@ABUSParameters@95@@Z 100017c0 f i plugin_test1.obj
 0001:00000880       ?root_get_interface_info@RGenerator@test1@test@modules@UModSys@@UBEABUSUniquePointerInfo@core@5@XZ 10001880 f i plugin_test1.obj
 0001:00000890       ?root_get_interface_type@RGenerator@test1@test@modules@UModSys@@UBEPBUSUniquePointerInfo@core@5@XZ 10001890 f i plugin_test1.obj
 0001:000008a0       ?root_get_other_interface@RGenerator@test1@test@modules@UModSys@@UAEPAUIRoot@core@5@PBUSUniquePointerInfo@75@@Z 100018a0 f i plugin_test1.obj
 0001:000008a0       ?root_get_other_interface@RGenerator@test1@test@modules@UModSys@@UBEPBUIRoot@core@5@PBUSUniquePointerInfo@75@@Z 100018a0 f i plugin_test1.obj
 0001:000008e0       ?root_is_interface_supported@RGenerator@test1@test@modules@UModSys@@UBE_NPBUSUniquePointerInfo@core@5@@Z 100018e0 f i plugin_test1.obj
 0001:00000920       ?get_uid@RGenerator@test1@test@modules@UModSys@@UBEPBUSUniquePointerInfo@core@5@XZ 10001920 f i plugin_test1.obj
 0001:00000930       ?do_open@RModuleReg@test1@test@modules@UModSys@@UAE_NXZ 10001930 f i plugin_test1.obj
 0001:00000960       ?do_close@RModuleReg@test1@test@modules@UModSys@@UAE_NXZ 10001960 f i plugin_test1.obj
 0001:00000990       ??_ERModuleReg@test1@test@modules@UModSys@@UAEPAXI@Z 10001990 f i  CIL library: CIL module
 0001:00000990       ??_GRModuleReg@test1@test@modules@UModSys@@UAEPAXI@Z 10001990 f i plugin_test1.obj
 0001:000009c0       ??0?$TString@U?$TSCoreConst@D@su@tl@UModSys@@U?$TComparerBinaryHash@D@234@@tl@UModSys@@QAE@PBD@Z 100019c0 f i plugin_test1.obj
 0001:00000a10       ??8?$TString@U?$TSCoreConst@D@su@tl@UModSys@@U?$TComparerBinaryHash@D@234@@tl@UModSys@@QBE_NPBD@Z 10001a10 f i plugin_test1.obj
 0001:00000a40       ??0?$TParametersA@$0EAA@@core@UModSys@@QAE@XZ 10001a40 f i plugin_test1.obj
 0001:00000a70       ?info_new@?$TSCoreShared@USIMemAlloc@core@UModSys@@D@su@tl@UModSys@@QAE_NPBDI@Z 10001a70 f i plugin_test1.obj
 0001:00000b00       ?obj_delete@?$TRefObjectLinksModObject@URTest1_Shell@test1@test@modules@UModSys@@UIModObject@base@5@@tl@UModSys@@QBEXPAURTest1_Shell@test1@test@modules@3@@Z 10001b00 f i plugin_test1.obj
 0001:00000b00       ?obj_delete@?$TRefObjectLinksModObject@URSerializeReader@serialize_json@media@modules@UModSys@@UIModObject@base@5@@tl@UModSys@@QBEXPAURSerializeReader@serialize_json@media@modules@3@@Z 10001b00 f i umodsys_lib_libmedia:umodsys.mod.media.serialize_json.obj
 0001:00000b00       ?obj_delete@?$TRefObjectLinksModObject@URMediaFilter@images_std@media@modules@UModSys@@UIModObject@base@5@@tl@UModSys@@QBEXPAURMediaFilter@images_std@media@modules@3@@Z 10001b00 f i umodsys_lib_libmedia:umodsys.mod.media.images_std.obj
 0001:00000b00       ?obj_delete@?$TRefObjectLinksModObject@URSerializeWriter@serialize_json@media@modules@UModSys@@UIModObject@base@5@@tl@UModSys@@QBEXPAURSerializeWriter@serialize_json@media@modules@3@@Z 10001b00 f i umodsys_lib_libmedia:umodsys.mod.media.serialize_json.obj
 0001:00000b00       ?obj_delete@?$TRefObjectLinksModObject@URImage_Memory@stdlib@lib2d@modules@UModSys@@UIModObject@base@5@@tl@UModSys@@QBEXPAURImage_Memory@stdlib@lib2d@modules@3@@Z 10001b00 f i umodsys_lib_lib2d:umodsys.mod.2d.stdlib.obj
 0001:00000b00       ?obj_delete@?$TRefObjectLinksModObject@URBinArchiveFrameClient_ZIP@zlib@media@modules@UModSys@@UIModObject@base@5@@tl@UModSys@@QBEXPAURBinArchiveFrameClient_ZIP@zlib@media@modules@3@@Z 10001b00 f i umodsys_lib_libmedia:umodsys.mod.media.zlib.obj
 0001:00000b00       ?obj_delete@?$TRefObjectLinksModObject@URTerminal@SDL_core@ui@modules@UModSys@@UIModObject@base@5@@tl@UModSys@@QBEXPAURTerminal@SDL_core@ui@modules@3@@Z 10001b00 f i umodsys_lib_libui:umodsys.mod.ui.SDL_core.obj
 0001:00000b00       ?obj_delete@?$TRefObjectLinksModObject@URCollector@frames@ui@modules@UModSys@@UIModObject@base@5@@tl@UModSys@@QBEXPAURCollector@frames@ui@modules@3@@Z 10001b00 f i umodsys_lib_libui:umodsys.mod.ui.frames.obj
 0001:00000b70       ??$generate_type@UIImage@lib2d@UModSys@@@RTest1_Shell@test1@test@modules@UModSys@@QAE?AU?$TRefObject@UIImage@lib2d@UModSys@@U?$TRefObjectFunc@UIImage@lib2d@UModSys@@@tl@3@@tl@4@ABU?$TString@U?$TSCoreConst@D@su@tl@UModSys@@U?$TComparerBinaryHash@D@234@@64@ABUSParameters@core@4@PBD@Z 10001b70 f i plugin_test1.obj
 0001:00000cc0       ??$generate_type@UIBinArchive@libmedia@UModSys@@@RTest1_Shell@test1@test@modules@UModSys@@QAE?AU?$TRefObject@UIBinArchive@libmedia@UModSys@@U?$TRefObjectFunc@UIBinArchive@libmedia@UModSys@@@tl@3@@tl@4@ABU?$TString@U?$TSCoreConst@D@su@tl@UModSys@@U?$TComparerBinaryHash@D@234@@64@ABUSParameters@core@4@PBD@Z 10001cc0 f i plugin_test1.obj
 0001:00000e10       ??$generate_type@UIClient@IBinArchiveFrame@libmedia@UModSys@@@RTest1_Shell@test1@test@modules@UModSys@@QAE?AU?$TRefObject@UIClient@IBinArchiveFrame@libmedia@UModSys@@U?$TRefObjectFunc@UIClient@IBinArchiveFrame@libmedia@UModSys@@@tl@4@@tl@4@ABU?$TString@U?$TSCoreConst@D@su@tl@UModSys@@U?$TComparerBinaryHash@D@234@@64@ABUSParameters@core@4@PBD@Z 10001e10 f i plugin_test1.obj
 0001:00000f60       ??$generate_type@UIBinArchiveFrame@libmedia@UModSys@@@RTest1_Shell@test1@test@modules@UModSys@@QAE?AU?$TRefObject@UIBinArchiveFrame@libmedia@UModSys@@U?$TRefObjectFunc@UIBinArchiveFrame@libmedia@UModSys@@@tl@3@@tl@4@ABU?$TString@U?$TSCoreConst@D@su@tl@UModSys@@U?$TComparerBinaryHash@D@234@@64@ABUSParameters@core@4@PBD@Z 10001f60 f i plugin_test1.obj
 0001:000010b0       ??$generate_type@UIBinObjFilter@libmedia@UModSys@@@RTest1_Shell@test1@test@modules@UModSys@@QAE?AU?$TRefObject@UIBinObjFilter@libmedia@UModSys@@U?$TRefObjectFunc@UIBinObjFilter@libmedia@UModSys@@@tl@3@@tl@4@ABU?$TString@U?$TSCoreConst@D@su@tl@UModSys@@U?$TComparerBinaryHash@D@234@@64@ABUSParameters@core@4@PBD@Z 100020b0 f i plugin_test1.obj
 0001:00001200       ??$generate_type@UIUtilities@libmedia@UModSys@@@RTest1_Shell@test1@test@modules@UModSys@@QAE?AU?$TRefObject@UIUtilities@libmedia@UModSys@@U?$TRefObjectFunc@UIUtilities@libmedia@UModSys@@@tl@3@@tl@4@ABU?$TString@U?$TSCoreConst@D@su@tl@UModSys@@U?$TComparerBinaryHash@D@234@@64@ABUSParameters@core@4@PBD@Z 10002200 f i plugin_test1.obj
 0001:00001350       ??$generate_type@UILibraryBinTree@libmedia@UModSys@@@RTest1_Shell@test1@test@modules@UModSys@@QAE?AU?$TRefObject@UILibraryBinTree@libmedia@UModSys@@U?$TRefObjectFunc@UILibraryBinTree@libmedia@UModSys@@@tl@3@@tl@4@ABU?$TString@U?$TSCoreConst@D@su@tl@UModSys@@U?$TComparerBinaryHash@D@234@@64@ABUSParameters@core@4@PBD@Z 10002350 f i plugin_test1.obj
 0001:000014a0       ??$generate_type@UILibraryObjFilter@libmedia@UModSys@@@RTest1_Shell@test1@test@modules@UModSys@@QAE?AU?$TRefObject@UILibraryObjFilter@libmedia@UModSys@@U?$TRefObjectFunc@UILibraryObjFilter@libmedia@UModSys@@@tl@3@@tl@4@ABU?$TString@U?$TSCoreConst@D@su@tl@UModSys@@U?$TComparerBinaryHash@D@234@@64@ABUSParameters@core@4@PBD@Z 100024a0 f i plugin_test1.obj
 0001:000015f0       ??$generate_type@UILibraryLayered@libmedia@UModSys@@@RTest1_Shell@test1@test@modules@UModSys@@QAE?AU?$TRefObject@UILibraryLayered@libmedia@UModSys@@U?$TRefObjectFunc@UILibraryLayered@libmedia@UModSys@@@tl@3@@tl@4@ABU?$TString@U?$TSCoreConst@D@su@tl@UModSys@@U?$TComparerBinaryHash@D@234@@64@ABUSParameters@core@4@PBD@Z 100025f0 f i plugin_test1.obj
 0001:00001740       ??$generate_type@UILibraryObjCache@libmedia@UModSys@@@RTest1_Shell@test1@test@modules@UModSys@@QAE?AU?$TRefObject@UILibraryObjCache@libmedia@UModSys@@U?$TRefObjectFunc@UILibraryObjCache@libmedia@UModSys@@@tl@3@@tl@4@ABU?$TString@U?$TSCoreConst@D@su@tl@UModSys@@U?$TComparerBinaryHash@D@234@@64@ABUSParameters@core@4@PBD@Z 10002740 f i plugin_test1.obj
 0001:00001890       ??$generate_type@UILibraryBinCache@libmedia@UModSys@@@RTest1_Shell@test1@test@modules@UModSys@@QAE?AU?$TRefObject@UILibraryBinCache@libmedia@UModSys@@U?$TRefObjectFunc@UILibraryBinCache@libmedia@UModSys@@@tl@3@@tl@4@ABU?$TString@U?$TSCoreConst@D@su@tl@UModSys@@U?$TComparerBinaryHash@D@234@@64@ABUSParameters@core@4@PBD@Z 10002890 f i plugin_test1.obj
 0001:000019e0       ??$shash@D@su@tl@UModSys@@YAIPBDI@Z 100029e0 f i plugin_test1.obj
 0001:00001a20       ??1?$TRefObject@UIModObject@base@UModSys@@U?$TModObjectFunc@UIModObject@base@UModSys@@@tl@3@@tl@UModSys@@QAE@XZ 10002a20 f i plugin_test1.obj
 0001:00001a40       ??$t_ref_get_other_interface@UIStreamReader@libmedia@UModSys@@U?$TRefObjectFunc@UIStreamReader@libmedia@UModSys@@@tl@3@@IRefObject@core@UModSys@@QAE_NAAU?$TRefObject@UIStreamReader@libmedia@UModSys@@U?$TRefObjectFunc@UIStreamReader@libmedia@UModSys@@@tl@3@@tl@2@@Z 10002a40 f i plugin_test1.obj
 0001:00001a80       ??$t_ref_get_other_interface@UIStreamWriter@libmedia@UModSys@@U?$TRefObjectFunc@UIStreamWriter@libmedia@UModSys@@@tl@3@@IRefObject@core@UModSys@@QAE_NAAU?$TRefObject@UIStreamWriter@libmedia@UModSys@@U?$TRefObjectFunc@UIStreamWriter@libmedia@UModSys@@@tl@3@@tl@2@@Z 10002a80 f i plugin_test1.obj
 0001:00001ac0       ??$t_ref_get_other_interface@UIMultiImage@lib2d@UModSys@@U?$TRefObjectFunc@UIMultiImage@lib2d@UModSys@@@tl@3@@IRefObject@core@UModSys@@QAE_NAAU?$TRefObject@UIMultiImage@lib2d@UModSys@@U?$TRefObjectFunc@UIMultiImage@lib2d@UModSys@@@tl@3@@tl@2@@Z 10002ac0 f i plugin_test1.obj
 0001:00001b00       ??$t_generate@UIImage@lib2d@UModSys@@@SModuleContext@base@UModSys@@QAE_NAAU?$TRefObject@UIImage@lib2d@UModSys@@U?$TRefObjectFunc@UIImage@lib2d@UModSys@@@tl@3@@tl@2@PBUSUniquePointerInfo@core@2@ABUSParameters@62@@Z 10002b00 f i plugin_test1.obj
 0001:00001bb0       ??$t_generate@UIBinArchive@libmedia@UModSys@@@SModuleContext@base@UModSys@@QAE_NAAU?$TRefObject@UIBinArchive@libmedia@UModSys@@U?$TRefObjectFunc@UIBinArchive@libmedia@UModSys@@@tl@3@@tl@2@PBUSUniquePointerInfo@core@2@ABUSParameters@62@@Z 10002bb0 f i plugin_test1.obj
 0001:00001c60       ??$t_generate@UIClient@IBinArchiveFrame@libmedia@UModSys@@@SModuleContext@base@UModSys@@QAE_NAAU?$TRefObject@UIClient@IBinArchiveFrame@libmedia@UModSys@@U?$TRefObjectFunc@UIClient@IBinArchiveFrame@libmedia@UModSys@@@tl@4@@tl@2@PBUSUniquePointerInfo@core@2@ABUSParameters@62@@Z 10002c60 f i plugin_test1.obj
 0001:00001d10       ??$t_generate@UIBinArchiveFrame@libmedia@UModSys@@@SModuleContext@base@UModSys@@QAE_NAAU?$TRefObject@UIBinArchiveFrame@libmedia@UModSys@@U?$TRefObjectFunc@UIBinArchiveFrame@libmedia@UModSys@@@tl@3@@tl@2@PBUSUniquePointerInfo@core@2@ABUSParameters@62@@Z 10002d10 f i plugin_test1.obj
 0001:00001dc0       ??$t_generate@UIBinObjFilter@libmedia@UModSys@@@SModuleContext@base@UModSys@@QAE_NAAU?$TRefObject@UIBinObjFilter@libmedia@UModSys@@U?$TRefObjectFunc@UIBinObjFilter@libmedia@UModSys@@@tl@3@@tl@2@PBUSUniquePointerInfo@core@2@ABUSParameters@62@@Z 10002dc0 f i plugin_test1.obj
 0001:00001e70       ??$t_generate@UIUtilities@libmedia@UModSys@@@SModuleContext@base@UModSys@@QAE_NAAU?$TRefObject@UIUtilities@libmedia@UModSys@@U?$TRefObjectFunc@UIUtilities@libmedia@UModSys@@@tl@3@@tl@2@PBUSUniquePointerInfo@core@2@ABUSParameters@62@@Z 10002e70 f i plugin_test1.obj
 0001:00001f20       ??$t_generate@UILibraryBinTree@libmedia@UModSys@@@SModuleContext@base@UModSys@@QAE_NAAU?$TRefObject@UILibraryBinTree@libmedia@UModSys@@U?$TRefObjectFunc@UILibraryBinTree@libmedia@UModSys@@@tl@3@@tl@2@PBUSUniquePointerInfo@core@2@ABUSParameters@62@@Z 10002f20 f i plugin_test1.obj
 0001:00001fd0       ??$t_generate@UILibraryObjFilter@libmedia@UModSys@@@SModuleContext@base@UModSys@@QAE_NAAU?$TRefObject@UILibraryObjFilter@libmedia@UModSys@@U?$TRefObjectFunc@UILibraryObjFilter@libmedia@UModSys@@@tl@3@@tl@2@PBUSUniquePointerInfo@core@2@ABUSParameters@62@@Z 10002fd0 f i plugin_test1.obj
 0001:00002080       ??$t_generate@UILibraryLayered@libmedia@UModSys@@@SModuleContext@base@UModSys@@QAE_NAAU?$TRefObject@UILibraryLayered@libmedia@UModSys@@U?$TRefObjectFunc@UILibraryLayered@libmedia@UModSys@@@tl@3@@tl@2@PBUSUniquePointerInfo@core@2@ABUSParameters@62@@Z 10003080 f i plugin_test1.obj
 0001:00002130       ??$t_generate@UILibraryObjCache@libmedia@UModSys@@@SModuleContext@base@UModSys@@QAE_NAAU?$TRefObject@UILibraryObjCache@libmedia@UModSys@@U?$TRefObjectFunc@UILibraryObjCache@libmedia@UModSys@@@tl@3@@tl@2@PBUSUniquePointerInfo@core@2@ABUSParameters@62@@Z 10003130 f i plugin_test1.obj
 0001:000021e0       ??$t_generate@UILibraryBinCache@libmedia@UModSys@@@SModuleContext@base@UModSys@@QAE_NAAU?$TRefObject@UILibraryBinCache@libmedia@UModSys@@U?$TRefObjectFunc@UILibraryBinCache@libmedia@UModSys@@@tl@3@@tl@2@PBUSUniquePointerInfo@core@2@ABUSParameters@62@@Z 100031e0 f i plugin_test1.obj
 0001:00002290       ??$t_ref_get_other_interface@UIImage@lib2d@UModSys@@U?$TRefObjectFunc@UIImage@lib2d@UModSys@@@tl@3@@IRefObject@core@UModSys@@QAE_NAAU?$TRefObject@UIImage@lib2d@UModSys@@U?$TRefObjectFunc@UIImage@lib2d@UModSys@@@tl@3@@tl@2@@Z 10003290 f i plugin_test1.obj
 0001:000022d0       ??$t_ref_get_other_interface@UIBinArchive@libmedia@UModSys@@U?$TRefObjectFunc@UIBinArchive@libmedia@UModSys@@@tl@3@@IRefObject@core@UModSys@@QAE_NAAU?$TRefObject@UIBinArchive@libmedia@UModSys@@U?$TRefObjectFunc@UIBinArchive@libmedia@UModSys@@@tl@3@@tl@2@@Z 100032d0 f i plugin_test1.obj
 0001:00002310       ??$t_ref_get_other_interface@UIClient@IBinArchiveFrame@libmedia@UModSys@@U?$TRefObjectFunc@UIClient@IBinArchiveFrame@libmedia@UModSys@@@tl@4@@IRefObject@core@UModSys@@QAE_NAAU?$TRefObject@UIClient@IBinArchiveFrame@libmedia@UModSys@@U?$TRefObjectFunc@UIClient@IBinArchiveFrame@libmedia@UModSys@@@tl@4@@tl@2@@Z 10003310 f i plugin_test1.obj
 0001:00002350       ??$t_ref_get_other_interface@UIBinArchiveFrame@libmedia@UModSys@@U?$TRefObjectFunc@UIBinArchiveFrame@libmedia@UModSys@@@tl@3@@IRefObject@core@UModSys@@QAE_NAAU?$TRefObject@UIBinArchiveFrame@libmedia@UModSys@@U?$TRefObjectFunc@UIBinArchiveFrame@libmedia@UModSys@@@tl@3@@tl@2@@Z 10003350 f i plugin_test1.obj
 0001:00002390       ??$t_ref_get_other_interface@UIBinObjFilter@libmedia@UModSys@@U?$TRefObjectFunc@UIBinObjFilter@libmedia@UModSys@@@tl@3@@IRefObject@core@UModSys@@QAE_NAAU?$TRefObject@UIBinObjFilter@libmedia@UModSys@@U?$TRefObjectFunc@UIBinObjFilter@libmedia@UModSys@@@tl@3@@tl@2@@Z 10003390 f i plugin_test1.obj
 0001:000023d0       ??$t_ref_get_other_interface@UIUtilities@libmedia@UModSys@@U?$TRefObjectFunc@UIUtilities@libmedia@UModSys@@@tl@3@@IRefObject@core@UModSys@@QAE_NAAU?$TRefObject@UIUtilities@libmedia@UModSys@@U?$TRefObjectFunc@UIUtilities@libmedia@UModSys@@@tl@3@@tl@2@@Z 100033d0 f i plugin_test1.obj
 0001:00002410       ??$t_ref_get_other_interface@UILibraryBinTree@libmedia@UModSys@@U?$TRefObjectFunc@UILibraryBinTree@libmedia@UModSys@@@tl@3@@IRefObject@core@UModSys@@QAE_NAAU?$TRefObject@UILibraryBinTree@libmedia@UModSys@@U?$TRefObjectFunc@UILibraryBinTree@libmedia@UModSys@@@tl@3@@tl@2@@Z 10003410 f i plugin_test1.obj
 0001:00002450       ??$t_ref_get_other_interface@UILibraryObjFilter@libmedia@UModSys@@U?$TRefObjectFunc@UILibraryObjFilter@libmedia@UModSys@@@tl@3@@IRefObject@core@UModSys@@QAE_NAAU?$TRefObject@UILibraryObjFilter@libmedia@UModSys@@U?$TRefObjectFunc@UILibraryObjFilter@libmedia@UModSys@@@tl@3@@tl@2@@Z 10003450 f i plugin_test1.obj
 0001:00002490       ??$t_ref_get_other_interface@UILibraryLayered@libmedia@UModSys@@U?$TRefObjectFunc@UILibraryLayered@libmedia@UModSys@@@tl@3@@IRefObject@core@UModSys@@QAE_NAAU?$TRefObject@UILibraryLayered@libmedia@UModSys@@U?$TRefObjectFunc@UILibraryLayered@libmedia@UModSys@@@tl@3@@tl@2@@Z 10003490 f i plugin_test1.obj
 0001:000024d0       ??$t_ref_get_other_interface@UILibraryObjCache@libmedia@UModSys@@U?$TRefObjectFunc@UILibraryObjCache@libmedia@UModSys@@@tl@3@@IRefObject@core@UModSys@@QAE_NAAU?$TRefObject@UILibraryObjCache@libmedia@UModSys@@U?$TRefObjectFunc@UILibraryObjCache@libmedia@UModSys@@@tl@3@@tl@2@@Z 100034d0 f i plugin_test1.obj
 0001:00002510       ??$t_ref_get_other_interface@UILibraryBinCache@libmedia@UModSys@@U?$TRefObjectFunc@UILibraryBinCache@libmedia@UModSys@@@tl@3@@IRefObject@core@UModSys@@QAE_NAAU?$TRefObject@UILibraryBinCache@libmedia@UModSys@@U?$TRefObjectFunc@UILibraryBinCache@libmedia@UModSys@@@tl@3@@tl@2@@Z 10003510 f i plugin_test1.obj
 0001:00002550       ?alloc@SMemShared@core@UModSys@@QAE_NIPAUSSourceContext@23@@Z 10003550 f i umodsys_lib_lib2d:umodsys.mod.2d.stdlib.obj
 0001:00002590       ?get@SMemShared@core@UModSys@@QBE?AUSMem@23@XZ 10003590 f i umodsys_lib_libmedia:umodsys.mod.media.images_std.obj
 0001:00002590       ??BSMemShared@core@UModSys@@QBE?AUSMem@12@XZ 10003590 f i umodsys_lib_lib2d:umodsys.mod.2d.stdlib.obj
 0001:000025e0       ?ConvertSameSize@stdlib@lib2d@modules@UModSys@@YA_NW4eImageType@24@ABU?$TVector2@H@math3d@4@11ABUSMem@core@4@11ABUSCMem@94@@Z 100035e0 f i umodsys_lib_lib2d:umodsys.mod.2d.stdlib.obj
 0001:00002670       ?ConvertSame@stdlib@lib2d@modules@UModSys@@YA_NW4eImageType@24@ABU?$TBoundBox2@H@math3d@4@ABU?$TVector2@H@74@ABUSMem@core@4@12ABUSCMem@core@4@@Z 10003670 f i umodsys_lib_lib2d:umodsys.mod.2d.stdlib.obj
 0001:000026f0       ?Convert@stdlib@lib2d@modules@UModSys@@YA_NABU?$TBoundBox2@H@math3d@4@ABUSImageInfo@24@ABUSMem@core@4@01ABUSCMem@94@@Z 100036f0 f i umodsys_lib_lib2d:umodsys.mod.2d.stdlib.obj
 0001:00002760       ?root_get_interface_info@RImage_Memory@stdlib@lib2d@modules@UModSys@@UBEABUSUniquePointerInfo@core@5@XZ 10003760 f i umodsys_lib_lib2d:umodsys.mod.2d.stdlib.obj
 0001:00002770       ?root_get_interface_type@RImage_Memory@stdlib@lib2d@modules@UModSys@@UBEPBUSUniquePointerInfo@core@5@XZ 10003770 f i umodsys_lib_lib2d:umodsys.mod.2d.stdlib.obj
 0001:00002780       ?root_get_other_interface@RImage_Memory@stdlib@lib2d@modules@UModSys@@UBEPBUIRoot@core@5@PBUSUniquePointerInfo@75@@Z 10003780 f i umodsys_lib_lib2d:umodsys.mod.2d.stdlib.obj
 0001:00002780       ?root_get_other_interface@RImage_Memory@stdlib@lib2d@modules@UModSys@@UAEPAUIRoot@core@5@PBUSUniquePointerInfo@75@@Z 10003780 f i umodsys_lib_lib2d:umodsys.mod.2d.stdlib.obj
 0001:000027b0       ?root_is_interface_supported@RImage_Memory@stdlib@lib2d@modules@UModSys@@UBE_NPBUSUniquePointerInfo@core@5@@Z 100037b0 f i umodsys_lib_lib2d:umodsys.mod.2d.stdlib.obj
 0001:000027f0       ?set_info@RImage_Memory@stdlib@lib2d@modules@UModSys@@UAE_NABUSImagePatchInfo@35@PBD@Z 100037f0 f i umodsys_lib_lib2d:umodsys.mod.2d.stdlib.obj
 0001:00002990       ?set_data@RImage_Memory@stdlib@lib2d@modules@UModSys@@UAE_NABUSImagePatchInfo@35@ABUSCMem@core@5@H@Z 10003990 f i umodsys_lib_lib2d:umodsys.mod.2d.stdlib.obj
 0001:00002a40       ?get_info@RImage_Memory@stdlib@lib2d@modules@UModSys@@UBEABUSImageInfo@35@XZ 10003a40 f i umodsys_lib_lib2d:umodsys.mod.2d.stdlib.obj
 0001:00002a50       ?get_data@RImage_Memory@stdlib@lib2d@modules@UModSys@@UBE_NABUSImagePatchInfo@35@ABUSMem@core@5@H@Z 10003a50 f i umodsys_lib_lib2d:umodsys.mod.2d.stdlib.obj
 0001:00002b00       ?get_controller@RRenderDriver2D@SDL_core@ui@modules@UModSys@@UBEPAUIRefObject@core@5@PBUSUniquePointerInfo@75@@Z 10003b00 f i umodsys_lib_libui:umodsys.mod.ui.SDL_core.obj
 0001:00002b00       ?get_hwcinfo@RImage_Memory@stdlib@lib2d@modules@UModSys@@UBEPBXPBUSUniquePointerInfo@core@5@@Z 10003b00 f i umodsys_lib_lib2d:umodsys.mod.2d.stdlib.obj
 0001:00002b00       ?get_hwinfo@RImage_Memory@stdlib@lib2d@modules@UModSys@@UAEPAXPBUSUniquePointerInfo@core@5@@Z 10003b00 f i umodsys_lib_lib2d:umodsys.mod.2d.stdlib.obj
 0001:00002b00       ?get_layer@RMultiImage2D_SDL_ttf@SDL_core@ui@modules@UModSys@@UAEPAUIImage@lib2d@5@H@Z 10003b00 f i umodsys_lib_libui:umodsys.mod.ui.SDL_core.obj
 0001:00002b10       ??0RImage_Memory@stdlib@lib2d@modules@UModSys@@QAE@PAUIModObject@base@4@ABUSParameters@core@4@@Z 10003b10 f i umodsys_lib_lib2d:umodsys.mod.2d.stdlib.obj
 0001:00002bc0       ??4State@RImage_Memory@stdlib@lib2d@modules@UModSys@@QAEAAU012345@ABU012345@@Z 10003bc0 f i umodsys_lib_lib2d:umodsys.mod.2d.stdlib.obj
 0001:00002c70       ??_GRImage_Memory@stdlib@lib2d@modules@UModSys@@UAEPAXI@Z 10003c70 f i umodsys_lib_lib2d:umodsys.mod.2d.stdlib.obj
 0001:00002c70       ??_ERImage_Memory@stdlib@lib2d@modules@UModSys@@UAEPAXI@Z 10003c70 f i  CIL library: CIL module
 0001:00002ce0       ??1IFrame@libui@UModSys@@UAE@XZ 10003ce0 f i umodsys_lib_libui:umodsys.mod.ui.frames.obj
 0001:00002ce0       ??1IMouseController@libui@UModSys@@UAE@XZ 10003ce0 f i umodsys_lib_libui:umodsys.mod.ui.SDL_core.obj
 0001:00002ce0       ??1IDialog@libui@UModSys@@UAE@XZ 10003ce0 f i umodsys_lib_libui:umodsys.mod.ui.frames.obj
 0001:00002ce0       ??1ISerializeWriter@libmedia@UModSys@@UAE@XZ 10003ce0 f i umodsys_lib_libmedia:umodsys.mod.media.serialize_json.obj
 0001:00002ce0       ??1ISerializeReader@libmedia@UModSys@@UAE@XZ 10003ce0 f i umodsys_lib_libmedia:umodsys.mod.media.serialize_json.obj
 0001:00002ce0       ??1IKeyboardController@libui@UModSys@@UAE@XZ 10003ce0 f i umodsys_lib_libui:umodsys.mod.ui.SDL_core.obj
 0001:00002ce0       ??1IRenderDriver@lib2d@UModSys@@UAE@XZ 10003ce0 f i umodsys_lib_libui:umodsys.mod.ui.SDL_core.obj
 0001:00002ce0       ??1IImage@lib2d@UModSys@@UAE@XZ 10003ce0 f i umodsys_lib_lib2d:umodsys.mod.2d.stdlib.obj
 0001:00002ce0       ??1IShell@base@UModSys@@UAE@XZ 10003ce0 f i plugin_test1.obj
 0001:00002ce0       ??1ITerminal@libui@UModSys@@UAE@XZ 10003ce0 f i umodsys_lib_libui:umodsys.mod.ui.SDL_core.obj
 0001:00002ce0       ??1ICollector@libui@UModSys@@UAE@XZ 10003ce0 f i umodsys_lib_libui:umodsys.mod.ui.frames.obj
 0001:00002ce0       ??1IMultiImage@lib2d@UModSys@@UAE@XZ 10003ce0 f i umodsys_lib_libui:umodsys.mod.ui.SDL_core.obj
 0001:00002ce0       ??1IClient@IBinArchiveFrame@libmedia@UModSys@@UAE@XZ 10003ce0 f i umodsys_lib_libmedia:umodsys.mod.media.zlib.obj
 0001:00002cf0       ?get_generated_names@RGenerator@stdlib@lib2d@modules@UModSys@@UBEHAAUSUniquePtrList@core@5@@Z 10003cf0 f i umodsys_lib_lib2d:umodsys.mod.2d.stdlib.obj
 0001:00002d10       ?get_generated_types@RGenerator@stdlib@lib2d@modules@UModSys@@UBEHAAUSUniquePtrList@core@5@PBUSUniquePointerInfo@75@@Z 10003d10 f i umodsys_lib_lib2d:umodsys.mod.2d.stdlib.obj
 0001:00002d60       ?generate@RGenerator@stdlib@lib2d@modules@UModSys@@UAE_NAAU?$TRefObject@UIRefObject@core@UModSys@@U?$TRefObjectFunc@UIRefObject@core@UModSys@@@tl@3@@tl@5@PBUSUniquePointerInfo@core@5@ABUSParameters@95@@Z 10003d60 f i umodsys_lib_lib2d:umodsys.mod.2d.stdlib.obj
 0001:00002d90       ?root_get_interface_info@RGenerator@stdlib@lib2d@modules@UModSys@@UBEABUSUniquePointerInfo@core@5@XZ 10003d90 f i umodsys_lib_lib2d:umodsys.mod.2d.stdlib.obj
 0001:00002da0       ?root_get_interface_type@RGenerator@stdlib@lib2d@modules@UModSys@@UBEPBUSUniquePointerInfo@core@5@XZ 10003da0 f i umodsys_lib_lib2d:umodsys.mod.2d.stdlib.obj
 0001:00002db0       ?root_get_other_interface@RGenerator@stdlib@lib2d@modules@UModSys@@UBEPBUIRoot@core@5@PBUSUniquePointerInfo@75@@Z 10003db0 f i umodsys_lib_lib2d:umodsys.mod.2d.stdlib.obj
 0001:00002db0       ?root_get_other_interface@RGenerator@stdlib@lib2d@modules@UModSys@@UAEPAUIRoot@core@5@PBUSUniquePointerInfo@75@@Z 10003db0 f i umodsys_lib_lib2d:umodsys.mod.2d.stdlib.obj
 0001:00002df0       ?root_is_interface_supported@RGenerator@stdlib@lib2d@modules@UModSys@@UBE_NPBUSUniquePointerInfo@core@5@@Z 10003df0 f i umodsys_lib_lib2d:umodsys.mod.2d.stdlib.obj
 0001:00002e30       ?suicide@RGenerator@SDL_core@ui@modules@UModSys@@UAEXXZ 10003e30 f i umodsys_lib_libui:umodsys.mod.ui.SDL_core.obj
 0001:00002e30       ?suicide@RGenerator@zlib@media@modules@UModSys@@UAEXXZ 10003e30 f i umodsys_lib_libmedia:umodsys.mod.media.zlib.obj
 0001:00002e30       ?suicide@RGenerator@images_std@media@modules@UModSys@@UAEXXZ 10003e30 f i umodsys_lib_libmedia:umodsys.mod.media.images_std.obj
 0001:00002e30       ?suicide@RGenerator@test1@test@modules@UModSys@@UAEXXZ 10003e30 f i plugin_test1.obj
 0001:00002e30       ?suicide@RGenerator@serialize_json@media@modules@UModSys@@UAEXXZ 10003e30 f i umodsys_lib_libmedia:umodsys.mod.media.serialize_json.obj
 0001:00002e30       ?suicide@RGenerator@frames@ui@modules@UModSys@@UAEXXZ 10003e30 f i umodsys_lib_libui:umodsys.mod.ui.frames.obj
 0001:00002e30       ?suicide@RGenerator@stdlib@lib2d@modules@UModSys@@UAEXXZ 10003e30 f i umodsys_lib_lib2d:umodsys.mod.2d.stdlib.obj
 0001:00002e30       ??3@YAXPAX0@Z              10003e30 f i plugin_test1.obj
 0001:00002e40       ?get_uid@RGenerator@stdlib@lib2d@modules@UModSys@@UBEPBUSUniquePointerInfo@core@5@XZ 10003e40 f i umodsys_lib_lib2d:umodsys.mod.2d.stdlib.obj
 0001:00002e50       ?do_open@RModuleReg@stdlib@lib2d@modules@UModSys@@UAE_NXZ 10003e50 f i umodsys_lib_lib2d:umodsys.mod.2d.stdlib.obj
 0001:00002e60       ?do_close@RModuleReg@stdlib@lib2d@modules@UModSys@@UAE_NXZ 10003e60 f i umodsys_lib_lib2d:umodsys.mod.2d.stdlib.obj
 0001:00002e70       ??_ERModuleReg@stdlib@lib2d@modules@UModSys@@UAEPAXI@Z 10003e70 f i  CIL library: CIL module
 0001:00002e70       ??_GRModuleReg@stdlib@lib2d@modules@UModSys@@UAEPAXI@Z 10003e70 f i umodsys_lib_lib2d:umodsys.mod.2d.stdlib.obj
 0001:00002ea0       ??_GIRefObject@core@UModSys@@UAEPAXI@Z 10003ea0 f i plugin_test1.obj
 0001:00002ea0       ??_ERGenerator@serialize_json@media@modules@UModSys@@UAEPAXI@Z 10003ea0 f i  CIL library: CIL module
 0001:00002ea0       ??_GRGenerator@zlib@media@modules@UModSys@@UAEPAXI@Z 10003ea0 f i umodsys_lib_libmedia:umodsys.mod.media.zlib.obj
 0001:00002ea0       ??_GRGenerator@frames@ui@modules@UModSys@@UAEPAXI@Z 10003ea0 f i umodsys_lib_libui:umodsys.mod.ui.frames.obj
 0001:00002ea0       ??_GRGenerator@stdlib@lib2d@modules@UModSys@@UAEPAXI@Z 10003ea0 f i umodsys_lib_lib2d:umodsys.mod.2d.stdlib.obj
 0001:00002ea0       ??_GRGenerator@test1@test@modules@UModSys@@UAEPAXI@Z 10003ea0 f i plugin_test1.obj
 0001:00002ea0       ??_ERGenerator@zlib@media@modules@UModSys@@UAEPAXI@Z 10003ea0 f i  CIL library: CIL module
 0001:00002ea0       ??_GRGenerator@serialize_json@media@modules@UModSys@@UAEPAXI@Z 10003ea0 f i umodsys_lib_libmedia:umodsys.mod.media.serialize_json.obj
 0001:00002ea0       ??_GRGenerator@SDL_core@ui@modules@UModSys@@UAEPAXI@Z 10003ea0 f i umodsys_lib_libui:umodsys.mod.ui.SDL_core.obj
 0001:00002ea0       ??_ERGenerator@images_std@media@modules@UModSys@@UAEPAXI@Z 10003ea0 f i  CIL library: CIL module
 0001:00002ea0       ??_EIRefObject@core@UModSys@@UAEPAXI@Z 10003ea0 f i  CIL library: CIL module
 0001:00002ea0       ??_GRGenerator@images_std@media@modules@UModSys@@UAEPAXI@Z 10003ea0 f i umodsys_lib_libmedia:umodsys.mod.media.images_std.obj
 0001:00002ea0       ??_ERGenerator@SDL_core@ui@modules@UModSys@@UAEPAXI@Z 10003ea0 f i  CIL library: CIL module
 0001:00002ea0       ??_ERGenerator@test1@test@modules@UModSys@@UAEPAXI@Z 10003ea0 f i  CIL library: CIL module
 0001:00002ea0       ??_ERGenerator@frames@ui@modules@UModSys@@UAEPAXI@Z 10003ea0 f i  CIL library: CIL module
 0001:00002ea0       ??_ERGenerator@stdlib@lib2d@modules@UModSys@@UAEPAXI@Z 10003ea0 f i  CIL library: CIL module
 0001:00002ec0       ??$t_gen_param@URImage_Memory@stdlib@lib2d@modules@UModSys@@URGenerator@2345@@IGenerator@base@UModSys@@IAE_NPAURGenerator@stdlib@lib2d@modules@2@AAU?$TRefObject@UIRefObject@core@UModSys@@U?$TRefObjectFunc@UIRefObject@core@UModSys@@@tl@3@@tl@2@PBUSUniquePointerInfo@core@2@ABUSParameters@core@2@@Z 10003ec0 f i umodsys_lib_lib2d:umodsys.mod.2d.stdlib.obj
 0001:00002f30       ??$ValidateConstruction@UIRefObject@core@UModSys@@URImage_Memory@stdlib@lib2d@modules@3@@core@UModSys@@YA_NAAU?$TRefObject@UIRefObject@core@UModSys@@U?$TRefObjectFunc@UIRefObject@core@UModSys@@@tl@3@@tl@1@PAURImage_Memory@stdlib@lib2d@modules@1@@Z 10003f30 f i umodsys_lib_lib2d:umodsys.mod.2d.stdlib.obj
 0001:00002f30       ??$ValidateConstruction@UIRefObject@core@UModSys@@URMediaFilter@images_std@media@modules@3@@core@UModSys@@YA_NAAU?$TRefObject@UIRefObject@core@UModSys@@U?$TRefObjectFunc@UIRefObject@core@UModSys@@@tl@3@@tl@1@PAURMediaFilter@images_std@media@modules@1@@Z 10003f30 f i umodsys_lib_libmedia:umodsys.mod.media.images_std.obj
 0001:00002f30       ??$ValidateConstruction@UIRefObject@core@UModSys@@URTerminal@SDL_core@ui@modules@3@@core@UModSys@@YA_NAAU?$TRefObject@UIRefObject@core@UModSys@@U?$TRefObjectFunc@UIRefObject@core@UModSys@@@tl@3@@tl@1@PAURTerminal@SDL_core@ui@modules@1@@Z 10003f30 f i umodsys_lib_libui:umodsys.mod.ui.SDL_core.obj
 0001:00002fb0       ?root_get_interface_info@RMultiImage2D_SDL_ttf@SDL_core@ui@modules@UModSys@@UBEABUSUniquePointerInfo@core@5@XZ 10003fb0 f i umodsys_lib_libui:umodsys.mod.ui.SDL_core.obj
 0001:00002fc0       ?root_get_interface_type@RMultiImage2D_SDL_ttf@SDL_core@ui@modules@UModSys@@UBEPBUSUniquePointerInfo@core@5@XZ 10003fc0 f i umodsys_lib_libui:umodsys.mod.ui.SDL_core.obj
 0001:00002fd0       ?root_get_other_interface@RMultiImage2D_SDL_ttf@SDL_core@ui@modules@UModSys@@UBEPBUIRoot@core@5@PBUSUniquePointerInfo@75@@Z 10003fd0 f i umodsys_lib_libui:umodsys.mod.ui.SDL_core.obj
 0001:00002fd0       ?root_get_other_interface@RMultiImage2D_SDL_ttf@SDL_core@ui@modules@UModSys@@UAEPAUIRoot@core@5@PBUSUniquePointerInfo@75@@Z 10003fd0 f i umodsys_lib_libui:umodsys.mod.ui.SDL_core.obj
 0001:00003000       ?root_is_interface_supported@RMultiImage2D_SDL_ttf@SDL_core@ui@modules@UModSys@@UBE_NPBUSUniquePointerInfo@core@5@@Z 10004000 f i umodsys_lib_libui:umodsys.mod.ui.SDL_core.obj
 0001:00003040       ??0RMultiImage2D_SDL_ttf@SDL_core@ui@modules@UModSys@@QAE@PAURRenderDriver2D@1234@ABUSParameters@core@4@@Z 10004040 f i umodsys_lib_libui:umodsys.mod.ui.SDL_core.obj
 0001:000030c0       ??1RMultiImage2D_SDL_ttf@SDL_core@ui@modules@UModSys@@UAE@XZ 100040c0 f i umodsys_lib_libui:umodsys.mod.ui.SDL_core.obj
 0001:00003140       ?open@RMultiImage2D_SDL_ttf@SDL_core@ui@modules@UModSys@@QAE_NABUSParameters@core@5@@Z 10004140 f i umodsys_lib_libui:umodsys.mod.ui.SDL_core.obj
 0001:00003210       ?generate_glyphs@RMultiImage2D_SDL_ttf@SDL_core@ui@modules@UModSys@@QAE_NXZ 10004210 f i umodsys_lib_libui:umodsys.mod.ui.SDL_core.obj
 0001:00003310       ?key_setrepeat@RKeyboardController@SDL_core@ui@modules@UModSys@@UAE_NMM@Z 10004310 f i umodsys_lib_libui:umodsys.mod.ui.SDL_core.obj
 0001:00003310       ?set_parameters@RRenderDriver2D@SDL_core@ui@modules@UModSys@@UAE_NPBDABUSParameters@core@5@@Z 10004310 f i umodsys_lib_libui:umodsys.mod.ui.SDL_core.obj
 0001:00003310       ?set_hint@RMultiImage2D_SDL_ttf@SDL_core@ui@modules@UModSys@@UAE_NPBD0@Z 10004310 f i umodsys_lib_libui:umodsys.mod.ui.SDL_core.obj
 0001:00003310       ?set_fixed_cell@RMultiImage2D_SDL_ttf@SDL_core@ui@modules@UModSys@@UAE_NHH@Z 10004310 f i umodsys_lib_libui:umodsys.mod.ui.SDL_core.obj
 0001:00003310       ?mouse_setposition@RMouseController@SDL_core@ui@modules@UModSys@@UAE_NHH@Z 10004310 f i umodsys_lib_libui:umodsys.mod.ui.SDL_core.obj
 0001:00003320       ??_ERMultiImage2D_SDL_ttf@SDL_core@ui@modules@UModSys@@UAEPAXI@Z 10004320 f i  CIL library: CIL module
 0001:00003320       ??_GRMultiImage2D_SDL_ttf@SDL_core@ui@modules@UModSys@@UAEPAXI@Z 10004320 f i umodsys_lib_libui:umodsys.mod.ui.SDL_core.obj
 0001:00003340       ?root_get_interface_info@RRenderDriver2D@SDL_core@ui@modules@UModSys@@UBEABUSUniquePointerInfo@core@5@XZ 10004340 f i umodsys_lib_libui:umodsys.mod.ui.SDL_core.obj
 0001:00003350       ?root_get_interface_type@RRenderDriver2D@SDL_core@ui@modules@UModSys@@UBEPBUSUniquePointerInfo@core@5@XZ 10004350 f i umodsys_lib_libui:umodsys.mod.ui.SDL_core.obj
 0001:00003360       ?root_get_other_interface@RRenderDriver2D@SDL_core@ui@modules@UModSys@@UBEPBUIRoot@core@5@PBUSUniquePointerInfo@75@@Z 10004360 f i umodsys_lib_libui:umodsys.mod.ui.SDL_core.obj
 0001:00003360       ?root_get_other_interface@RRenderDriver2D@SDL_core@ui@modules@UModSys@@UAEPAUIRoot@core@5@PBUSUniquePointerInfo@75@@Z 10004360 f i umodsys_lib_libui:umodsys.mod.ui.SDL_core.obj
 0001:00003390       ?root_is_interface_supported@RRenderDriver2D@SDL_core@ui@modules@UModSys@@UBE_NPBUSUniquePointerInfo@core@5@@Z 10004390 f i umodsys_lib_libui:umodsys.mod.ui.SDL_core.obj
 0001:000033d0       ??0RRenderDriver2D@SDL_core@ui@modules@UModSys@@QAE@PAURTerminal@1234@ABUSParameters@core@4@@Z 100043d0 f i umodsys_lib_libui:umodsys.mod.ui.SDL_core.obj
 0001:000034d0       ??1RRenderDriver2D@SDL_core@ui@modules@UModSys@@UAE@XZ 100044d0 f i umodsys_lib_libui:umodsys.mod.ui.SDL_core.obj
 0001:000035a0       ?open@RRenderDriver2D@SDL_core@ui@modules@UModSys@@QAE_NABUSParameters@core@5@@Z 100045a0 f i umodsys_lib_libui:umodsys.mod.ui.SDL_core.obj
 0001:00003750       ?set_color@RRenderDriver2D@SDL_core@ui@modules@UModSys@@QAEXXZ 10004750 f i umodsys_lib_libui:umodsys.mod.ui.SDL_core.obj
 0001:00003840       ?begin@RRenderDriver2D@SDL_core@ui@modules@UModSys@@UAEXXZ 10004840 f i umodsys_lib_libui:umodsys.mod.ui.SDL_core.obj
 0001:00003920       ?end@RRenderDriver2D@SDL_core@ui@modules@UModSys@@UAEXXZ 10004920 f i umodsys_lib_libui:umodsys.mod.ui.SDL_core.obj
 0001:00003930       ?get_max_values@RRenderDriver2D@SDL_core@ui@modules@UModSys@@UBEPBUSParameters@core@5@XZ 10004930 f i umodsys_lib_libui:umodsys.mod.ui.SDL_core.obj
 0001:00003940       ?get_frame_values@RRenderDriver2D@SDL_core@ui@modules@UModSys@@UBEPBUSParameters@core@5@XZ 10004940 f i umodsys_lib_libui:umodsys.mod.ui.SDL_core.obj
 0001:00003950       ?setup_font@RRenderDriver2D@SDL_core@ui@modules@UModSys@@UAE_NPAUIMultiImage@lib2d@5@PBU?$TVector2@M@math3d@5@@Z 10004950 f i umodsys_lib_libui:umodsys.mod.ui.SDL_core.obj
 0001:000039b0       ?setup_color@RRenderDriver2D@SDL_core@ui@modules@UModSys@@UAEXABU?$TVector3@M@math3d@5@@Z 100049b0 f i umodsys_lib_libui:umodsys.mod.ui.SDL_core.obj
 0001:000039e0       ?setup_color@RRenderDriver2D@SDL_core@ui@modules@UModSys@@UAEXABU?$TVector3@H@math3d@5@@Z 100049e0 f i umodsys_lib_libui:umodsys.mod.ui.SDL_core.obj
 0001:00003a30       ?setup_coloralpha@RRenderDriver2D@SDL_core@ui@modules@UModSys@@UAEXABU?$TVector4@M@math3d@5@H@Z 10004a30 f i umodsys_lib_libui:umodsys.mod.ui.SDL_core.obj
 0001:00003a70       ?setup_coloralpha@RRenderDriver2D@SDL_core@ui@modules@UModSys@@UAEXABU?$TVector4@H@math3d@5@H@Z 10004a70 f i umodsys_lib_libui:umodsys.mod.ui.SDL_core.obj
 0001:00003ad0       ?setup_blendcolor@RRenderDriver2D@SDL_core@ui@modules@UModSys@@UAEXABUSBlendColor@lib2d@5@@Z 10004ad0 f i umodsys_lib_libui:umodsys.mod.ui.SDL_core.obj
 0001:00003b30       ?setup_blendcolor@RRenderDriver2D@SDL_core@ui@modules@UModSys@@UAEXABUSBlendColorf@lib2d@5@@Z 10004b30 f i umodsys_lib_libui:umodsys.mod.ui.SDL_core.obj
 0001:00003b90       ?setup_alpha@RRenderDriver2D@SDL_core@ui@modules@UModSys@@UAEXHH@Z 10004b90 f i umodsys_lib_libui:umodsys.mod.ui.SDL_core.obj
 0001:00003bc0       ?setup_alpha@RRenderDriver2D@SDL_core@ui@modules@UModSys@@UAEXMH@Z 10004bc0 f i umodsys_lib_libui:umodsys.mod.ui.SDL_core.obj
 0001:00003be0       ?render_text_advanced@RRenderDriver2D@SDL_core@ui@modules@UModSys@@UAE_NAAUTextInfo@IRenderDriver@lib2d@5@PBHH@Z 10004be0 f i umodsys_lib_libui:umodsys.mod.ui.SDL_core.obj
 0001:00003de0       ?render_box@RRenderDriver2D@SDL_core@ui@modules@UModSys@@UAEXABU?$TVector2@H@math3d@5@0@Z 10004de0 f i umodsys_lib_libui:umodsys.mod.ui.SDL_core.obj
 0001:00003e30       ?render_tri@RRenderDriver2D@SDL_core@ui@modules@UModSys@@UAEXABU?$TVector2@H@math3d@5@00@Z 10004e30 f i umodsys_lib_libui:umodsys.mod.ui.SDL_core.obj
 0001:00003ea0       ?render_quad@RRenderDriver2D@SDL_core@ui@modules@UModSys@@UAEXABU?$TVector2@H@math3d@5@000@Z 10004ea0 f i umodsys_lib_libui:umodsys.mod.ui.SDL_core.obj
 0001:00003f20       ?render_box@RRenderDriver2D@SDL_core@ui@modules@UModSys@@UAEXPAUIImage@lib2d@5@ABU?$TVector2@H@math3d@5@1ABU?$TVector2@M@95@2@Z 10004f20 f i umodsys_lib_libui:umodsys.mod.ui.SDL_core.obj
 0001:00003f30       ?render_line@RRenderDriver2D@SDL_core@ui@modules@UModSys@@UAEXABU?$TVector2@H@math3d@5@0@Z 10004f30 f i umodsys_lib_libui:umodsys.mod.ui.SDL_core.obj
 0001:00003f60       ?render_rect@RRenderDriver2D@SDL_core@ui@modules@UModSys@@UAEXABU?$TVector2@H@math3d@5@0@Z 10004f60 f i umodsys_lib_libui:umodsys.mod.ui.SDL_core.obj
 0001:00003fb0       ??_ERRenderDriver2D@SDL_core@ui@modules@UModSys@@UAEPAXI@Z 10004fb0 f i  CIL library: CIL module
 0001:00003fb0       ??_GRRenderDriver2D@SDL_core@ui@modules@UModSys@@UAEPAXI@Z 10004fb0 f i umodsys_lib_libui:umodsys.mod.ui.SDL_core.obj
 0001:00003fd0       ?root_get_interface_info@RMouseController@SDL_core@ui@modules@UModSys@@UBEABUSUniquePointerInfo@core@5@XZ 10004fd0 f i umodsys_lib_libui:umodsys.mod.ui.SDL_core.obj
 0001:00003fe0       ?root_get_interface_type@RMouseController@SDL_core@ui@modules@UModSys@@UBEPBUSUniquePointerInfo@core@5@XZ 10004fe0 f i umodsys_lib_libui:umodsys.mod.ui.SDL_core.obj
 0001:00003ff0       ?root_get_other_interface@RMouseController@SDL_core@ui@modules@UModSys@@UAEPAUIRoot@core@5@PBUSUniquePointerInfo@75@@Z 10004ff0 f i umodsys_lib_libui:umodsys.mod.ui.SDL_core.obj
 0001:00003ff0       ?root_get_other_interface@RMouseController@SDL_core@ui@modules@UModSys@@UBEPBUIRoot@core@5@PBUSUniquePointerInfo@75@@Z 10004ff0 f i umodsys_lib_libui:umodsys.mod.ui.SDL_core.obj
 0001:00004020       ?root_is_interface_supported@RMouseController@SDL_core@ui@modules@UModSys@@UBE_NPBUSUniquePointerInfo@core@5@@Z 10005020 f i umodsys_lib_libui:umodsys.mod.ui.SDL_core.obj
 0001:00004060       ?ref_weak@RKeyboardController@SDL_core@ui@modules@UModSys@@UBE_NAAUWeakPointer@IRefObject@core@5@@Z 10005060 f i umodsys_lib_libui:umodsys.mod.ui.SDL_core.obj
 0001:00004060       ?ref_weak@RRenderDriver2D@SDL_core@ui@modules@UModSys@@UBE_NAAUWeakPointer@IRefObject@core@5@@Z 10005060 f i umodsys_lib_libui:umodsys.mod.ui.SDL_core.obj
 0001:00004060       ?ref_weak@RGenerator@stdlib@lib2d@modules@UModSys@@UBE_NAAUWeakPointer@IRefObject@core@5@@Z 10005060 f i umodsys_lib_lib2d:umodsys.mod.2d.stdlib.obj
 0001:00004060       ?ref_weak@RGenerator@images_std@media@modules@UModSys@@UBE_NAAUWeakPointer@IRefObject@core@5@@Z 10005060 f i umodsys_lib_libmedia:umodsys.mod.media.images_std.obj
 0001:00004060       ?ref_weak@RGenerator@SDL_core@ui@modules@UModSys@@UBE_NAAUWeakPointer@IRefObject@core@5@@Z 10005060 f i umodsys_lib_libui:umodsys.mod.ui.SDL_core.obj
 0001:00004060       ?ref_weak@RGenerator@zlib@media@modules@UModSys@@UBE_NAAUWeakPointer@IRefObject@core@5@@Z 10005060 f i umodsys_lib_libmedia:umodsys.mod.media.zlib.obj
 0001:00004060       ?ref_weak@RMouseController@SDL_core@ui@modules@UModSys@@UBE_NAAUWeakPointer@IRefObject@core@5@@Z 10005060 f i umodsys_lib_libui:umodsys.mod.ui.SDL_core.obj
 0001:00004060       ?ref_weak@RTerminal@SDL_core@ui@modules@UModSys@@UBE_NAAUWeakPointer@IRefObject@core@5@@Z 10005060 f i umodsys_lib_libui:umodsys.mod.ui.SDL_core.obj
 0001:00004060       ?ref_weak@RImage_Memory@stdlib@lib2d@modules@UModSys@@UBE_NAAUWeakPointer@IRefObject@core@5@@Z 10005060 f i umodsys_lib_lib2d:umodsys.mod.2d.stdlib.obj
 0001:00004060       ?ref_weak@RDialog@frames@ui@modules@UModSys@@UBE_NAAUWeakPointer@IRefObject@core@5@@Z 10005060 f i umodsys_lib_libui:umodsys.mod.ui.frames.obj
 0001:00004060       ?ref_weak@RMultiImage2D_SDL_ttf@SDL_core@ui@modules@UModSys@@UBE_NAAUWeakPointer@IRefObject@core@5@@Z 10005060 f i umodsys_lib_libui:umodsys.mod.ui.SDL_core.obj
 0001:00004060       ?ref_weak@RGenerator@frames@ui@modules@UModSys@@UBE_NAAUWeakPointer@IRefObject@core@5@@Z 10005060 f i umodsys_lib_libui:umodsys.mod.ui.frames.obj
 0001:00004060       ?ref_weak@RGenerator@test1@test@modules@UModSys@@UBE_NAAUWeakPointer@IRefObject@core@5@@Z 10005060 f i plugin_test1.obj
 0001:00004060       ?ref_weak@RBinArchiveFrameClient_ZIP@zlib@media@modules@UModSys@@UBE_NAAUWeakPointer@IRefObject@core@5@@Z 10005060 f i umodsys_lib_libmedia:umodsys.mod.media.zlib.obj
 0001:00004060       ?ref_weak@RGenerator@serialize_json@media@modules@UModSys@@UBE_NAAUWeakPointer@IRefObject@core@5@@Z 10005060 f i umodsys_lib_libmedia:umodsys.mod.media.serialize_json.obj
 0001:00004060       ?ref_weak@RSerializeReader@serialize_json@media@modules@UModSys@@UBE_NAAUWeakPointer@IRefObject@core@5@@Z 10005060 f i umodsys_lib_libmedia:umodsys.mod.media.serialize_json.obj
 0001:00004080       ??0RMouseController@SDL_core@ui@modules@UModSys@@QAE@PAURTerminal@1234@ABUSParameters@core@4@@Z 10005080 f i umodsys_lib_libui:umodsys.mod.ui.SDL_core.obj
 0001:000040e0       ??1RMouseController@SDL_core@ui@modules@UModSys@@UAE@XZ 100050e0 f i umodsys_lib_libui:umodsys.mod.ui.SDL_core.obj
 0001:00004140       ?process@RMouseController@SDL_core@ui@modules@UModSys@@QAE_NAAUSDL_MouseMotionEvent@@@Z 10005140 f i umodsys_lib_libui:umodsys.mod.ui.SDL_core.obj
 0001:00004290       ?process@RMouseController@SDL_core@ui@modules@UModSys@@QAE_NAAUSDL_MouseButtonEvent@@@Z 10005290 f i umodsys_lib_libui:umodsys.mod.ui.SDL_core.obj
 0001:000043c0       ?process@RMouseController@SDL_core@ui@modules@UModSys@@QAE_NAAUSDL_MouseWheelEvent@@@Z 100053c0 f i umodsys_lib_libui:umodsys.mod.ui.SDL_core.obj
 0001:000044d0       ?mouse_link@RMouseController@SDL_core@ui@modules@UModSys@@UAE_NHPAUIRefObject@core@5@PAUIMouseClient@libui@5@H@Z 100054d0 f i umodsys_lib_libui:umodsys.mod.ui.SDL_core.obj
 0001:00004530       ??_ERMouseController@SDL_core@ui@modules@UModSys@@UAEPAXI@Z 10005530 f i  CIL library: CIL module
 0001:00004530       ??_GRMouseController@SDL_core@ui@modules@UModSys@@UAEPAXI@Z 10005530 f i umodsys_lib_libui:umodsys.mod.ui.SDL_core.obj
 0001:00004550       ?root_get_interface_info@RKeyboardController@SDL_core@ui@modules@UModSys@@UBEABUSUniquePointerInfo@core@5@XZ 10005550 f i umodsys_lib_libui:umodsys.mod.ui.SDL_core.obj
 0001:00004560       ?root_get_interface_type@RKeyboardController@SDL_core@ui@modules@UModSys@@UBEPBUSUniquePointerInfo@core@5@XZ 10005560 f i umodsys_lib_libui:umodsys.mod.ui.SDL_core.obj
 0001:00004570       ?root_get_other_interface@RKeyboardController@SDL_core@ui@modules@UModSys@@UAEPAUIRoot@core@5@PBUSUniquePointerInfo@75@@Z 10005570 f i umodsys_lib_libui:umodsys.mod.ui.SDL_core.obj
 0001:00004570       ?root_get_other_interface@RKeyboardController@SDL_core@ui@modules@UModSys@@UBEPBUIRoot@core@5@PBUSUniquePointerInfo@75@@Z 10005570 f i umodsys_lib_libui:umodsys.mod.ui.SDL_core.obj
 0001:000045a0       ?root_is_interface_supported@RKeyboardController@SDL_core@ui@modules@UModSys@@UBE_NPBUSUniquePointerInfo@core@5@@Z 100055a0 f i umodsys_lib_libui:umodsys.mod.ui.SDL_core.obj
 0001:000045e0       ??0RKeyboardController@SDL_core@ui@modules@UModSys@@QAE@PAURTerminal@1234@ABUSParameters@core@4@@Z 100055e0 f i umodsys_lib_libui:umodsys.mod.ui.SDL_core.obj
 0001:00004640       ??1RKeyboardController@SDL_core@ui@modules@UModSys@@UAE@XZ 10005640 f i umodsys_lib_libui:umodsys.mod.ui.SDL_core.obj
 0001:000046a0       ?process@RKeyboardController@SDL_core@ui@modules@UModSys@@QAE_NAAUSDL_KeyboardEvent@@@Z 100056a0 f i umodsys_lib_libui:umodsys.mod.ui.SDL_core.obj
 0001:00004780       ?process@RKeyboardController@SDL_core@ui@modules@UModSys@@QAE_NAAUSDL_TextInputEvent@@@Z 10005780 f i umodsys_lib_libui:umodsys.mod.ui.SDL_core.obj
 0001:00004870       ?map_keycode@RKeyboardController@SDL_core@ui@modules@UModSys@@QAE?AW4eKeyCode@libui@5@H@Z 10005870 f i umodsys_lib_libui:umodsys.mod.ui.SDL_core.obj
 0001:00004db0       ?map_keyspecial@RKeyboardController@SDL_core@ui@modules@UModSys@@QAEFG@Z 10005db0 f i umodsys_lib_libui:umodsys.mod.ui.SDL_core.obj
 0001:00004e30       ?mouse_unlink@RMouseController@SDL_core@ui@modules@UModSys@@UAE_NH@Z 10005e30 f i umodsys_lib_libui:umodsys.mod.ui.SDL_core.obj
 0001:00004e30       ?key_unlink@RKeyboardController@SDL_core@ui@modules@UModSys@@UAE_NH@Z 10005e30 f i umodsys_lib_libui:umodsys.mod.ui.SDL_core.obj
 0001:00004e70       ?key_link@RKeyboardController@SDL_core@ui@modules@UModSys@@UAE_NHPAUIRefObject@core@5@PAUIKeyboardClient@libui@5@@Z 10005e70 f i umodsys_lib_libui:umodsys.mod.ui.SDL_core.obj
 0001:00004ec0       ?set_var_cell@RMultiImage2D_SDL_ttf@SDL_core@ui@modules@UModSys@@UAE_NPBUSImageCellInfo@lib2d@5@HH@Z 10005ec0 f i umodsys_lib_libui:umodsys.mod.ui.SDL_core.obj
 0001:00004ec0       ?key_setmodifier@RKeyboardController@SDL_core@ui@modules@UModSys@@UAE_NHHH@Z 10005ec0 f i umodsys_lib_libui:umodsys.mod.ui.SDL_core.obj
 0001:00004ec0       ?get_cell_size@RMultiImage2D_SDL_ttf@SDL_core@ui@modules@UModSys@@UAE_NHAAU?$TVector2@H@math3d@5@PAU675@@Z 10005ec0 f i umodsys_lib_libui:umodsys.mod.ui.SDL_core.obj
 0001:00004ed0       ?mouse_reset@RMouseController@SDL_core@ui@modules@UModSys@@UAE_NXZ 10005ed0 f i umodsys_lib_libui:umodsys.mod.ui.SDL_core.obj
 0001:00004ed0       ?key_reset@RKeyboardController@SDL_core@ui@modules@UModSys@@UAE_NXZ 10005ed0 f i umodsys_lib_libui:umodsys.mod.ui.SDL_core.obj
 0001:00004ee0       ?key_setvisible@RKeyboardController@SDL_core@ui@modules@UModSys@@UAE_N_N@Z 10005ee0 f i umodsys_lib_libui:umodsys.mod.ui.SDL_core.obj
 0001:00004f00       ??_ERKeyboardController@SDL_core@ui@modules@UModSys@@UAEPAXI@Z 10005f00 f i  CIL library: CIL module
 0001:00004f00       ??_GRKeyboardController@SDL_core@ui@modules@UModSys@@UAEPAXI@Z 10005f00 f i umodsys_lib_libui:umodsys.mod.ui.SDL_core.obj
 0001:00004f20       ?root_get_interface_info@RTerminal@SDL_core@ui@modules@UModSys@@UBEABUSUniquePointerInfo@core@5@XZ 10005f20 f i umodsys_lib_libui:umodsys.mod.ui.SDL_core.obj
 0001:00004f30       ?root_get_interface_type@RTerminal@SDL_core@ui@modules@UModSys@@UBEPBUSUniquePointerInfo@core@5@XZ 10005f30 f i umodsys_lib_libui:umodsys.mod.ui.SDL_core.obj
 0001:00004f40       ?root_get_other_interface@RTerminal@SDL_core@ui@modules@UModSys@@UAEPAUIRoot@core@5@PBUSUniquePointerInfo@75@@Z 10005f40 f i umodsys_lib_libui:umodsys.mod.ui.SDL_core.obj
 0001:00004f40       ?root_get_other_interface@RTerminal@SDL_core@ui@modules@UModSys@@UBEPBUIRoot@core@5@PBUSUniquePointerInfo@75@@Z 10005f40 f i umodsys_lib_libui:umodsys.mod.ui.SDL_core.obj
 0001:00004f70       ?root_is_interface_supported@RTerminal@SDL_core@ui@modules@UModSys@@UBE_NPBUSUniquePointerInfo@core@5@@Z 10005f70 f i umodsys_lib_libui:umodsys.mod.ui.SDL_core.obj
 0001:00004fb0       ?ref_add@RGenerator@test1@test@modules@UModSys@@UBEXXZ 10005fb0 f i plugin_test1.obj
 0001:00004fb0       ?ref_add@RKeyboardController@SDL_core@ui@modules@UModSys@@UBEXXZ 10005fb0 f i umodsys_lib_libui:umodsys.mod.ui.SDL_core.obj
 0001:00004fb0       ?ref_add@RRenderDriver2D@SDL_core@ui@modules@UModSys@@UBEXXZ 10005fb0 f i umodsys_lib_libui:umodsys.mod.ui.SDL_core.obj
 0001:00004fb0       ?ref_add@RGenerator@zlib@media@modules@UModSys@@UBEXXZ 10005fb0 f i umodsys_lib_libmedia:umodsys.mod.media.zlib.obj
 0001:00004fb0       ?ref_add@RDialog@frames@ui@modules@UModSys@@UBEXXZ 10005fb0 f i umodsys_lib_libui:umodsys.mod.ui.frames.obj
 0001:00004fb0       ?ref_add@RGenerator@serialize_json@media@modules@UModSys@@UBEXXZ 10005fb0 f i umodsys_lib_libmedia:umodsys.mod.media.serialize_json.obj
 0001:00004fb0       ?ref_add@RGenerator@images_std@media@modules@UModSys@@UBEXXZ 10005fb0 f i umodsys_lib_libmedia:umodsys.mod.media.images_std.obj
 0001:00004fb0       ?ref_add@RGenerator@stdlib@lib2d@modules@UModSys@@UBEXXZ 10005fb0 f i umodsys_lib_lib2d:umodsys.mod.2d.stdlib.obj
 0001:00004fb0       ?ref_add@RGenerator@frames@ui@modules@UModSys@@UBEXXZ 10005fb0 f i umodsys_lib_libui:umodsys.mod.ui.frames.obj
 0001:00004fb0       ?ref_add@RGenerator@SDL_core@ui@modules@UModSys@@UBEXXZ 10005fb0 f i umodsys_lib_libui:umodsys.mod.ui.SDL_core.obj
 0001:00004fb0       ?ref_add@RMultiImage2D_SDL_ttf@SDL_core@ui@modules@UModSys@@UBEXXZ 10005fb0 f i umodsys_lib_libui:umodsys.mod.ui.SDL_core.obj
 0001:00004fb0       ?ref_add@RImage_Memory@stdlib@lib2d@modules@UModSys@@UBEXXZ 10005fb0 f i umodsys_lib_lib2d:umodsys.mod.2d.stdlib.obj
 0001:00004fb0       ?ref_add@RTerminal@SDL_core@ui@modules@UModSys@@UBEXXZ 10005fb0 f i umodsys_lib_libui:umodsys.mod.ui.SDL_core.obj
 0001:00004fb0       ?ref_add@RBinArchiveFrameClient_ZIP@zlib@media@modules@UModSys@@UBEXXZ 10005fb0 f i umodsys_lib_libmedia:umodsys.mod.media.zlib.obj
 0001:00004fb0       ?ref_add@RSerializeReader@serialize_json@media@modules@UModSys@@UBEXXZ 10005fb0 f i umodsys_lib_libmedia:umodsys.mod.media.serialize_json.obj
 0001:00004fb0       ?ref_add@RMouseController@SDL_core@ui@modules@UModSys@@UBEXXZ 10005fb0 f i umodsys_lib_libui:umodsys.mod.ui.SDL_core.obj
 0001:00004fc0       ??0RTerminal@SDL_core@ui@modules@UModSys@@QAE@PAUIModObject@base@4@ABUSParameters@core@4@@Z 10005fc0 f i umodsys_lib_libui:umodsys.mod.ui.SDL_core.obj
 0001:00005060       ??1RTerminal@SDL_core@ui@modules@UModSys@@UAE@XZ 10006060 f i umodsys_lib_libui:umodsys.mod.ui.SDL_core.obj
 0001:00005110       ?poll_events@RTerminal@SDL_core@ui@modules@UModSys@@UAE_NH@Z 10006110 f i umodsys_lib_libui:umodsys.mod.ui.SDL_core.obj
 0001:00005250       ?get_terminal_state@RTerminal@SDL_core@ui@modules@UModSys@@UAE_NW4eTerminalState@libui@5@@Z 10006250 f i umodsys_lib_libui:umodsys.mod.ui.SDL_core.obj
 0001:00005270       ?set_terminal_state@RTerminal@SDL_core@ui@modules@UModSys@@UAE_NW4eTerminalState@libui@5@_N@Z 10006270 f i umodsys_lib_libui:umodsys.mod.ui.SDL_core.obj
 0001:000052e0       ?get_clock@RTerminal@SDL_core@ui@modules@UModSys@@UAENXZ 100062e0 f i umodsys_lib_libui:umodsys.mod.ui.SDL_core.obj
 0001:00005300       ?wait@RTerminal@SDL_core@ui@modules@UModSys@@UAE_NM@Z 10006300 f i umodsys_lib_libui:umodsys.mod.ui.SDL_core.obj
 0001:00005340       ?get_count@RTerminal@SDL_core@ui@modules@UModSys@@UBEIPBUSUniquePointerInfo@core@5@@Z 10006340 f i umodsys_lib_libui:umodsys.mod.ui.SDL_core.obj
 0001:00005380       ?get_handler@RTerminal@SDL_core@ui@modules@UModSys@@UBEPAUIRefObject@core@5@PBUSUniquePointerInfo@75@I@Z 10006380 f i umodsys_lib_libui:umodsys.mod.ui.SDL_core.obj
 0001:000053d0       ?get_handler@RTerminal@SDL_core@ui@modules@UModSys@@UBEPAUIRefObject@core@5@PBUSUniquePointerInfo@75@PBD@Z 100063d0 f i umodsys_lib_libui:umodsys.mod.ui.SDL_core.obj
 0001:000053e0       ?get_friend_handler@RTerminal@SDL_core@ui@modules@UModSys@@UBEPAUIRefObject@core@5@PBUSUniquePointerInfo@75@PAU675@@Z 100063e0 f i umodsys_lib_libui:umodsys.mod.ui.SDL_core.obj
 0001:000053f0       ?create_handler@RTerminal@SDL_core@ui@modules@UModSys@@UAE_NPBUSUniquePointerInfo@core@5@AAU?$TRefObject@UIRefObject@core@UModSys@@U?$TRefObjectFunc@UIRefObject@core@UModSys@@@tl@3@@tl@5@PBDPBUSParameters@75@@Z 100063f0 f i umodsys_lib_libui:umodsys.mod.ui.SDL_core.obj
 0001:000056a0       ??_GRTerminal@SDL_core@ui@modules@UModSys@@UAEPAXI@Z 100066a0 f i umodsys_lib_libui:umodsys.mod.ui.SDL_core.obj
 0001:000056a0       ??_ERTerminal@SDL_core@ui@modules@UModSys@@UAEPAXI@Z 100066a0 f i  CIL library: CIL module
 0001:000056c0       ?get_generated_names@RGenerator@SDL_core@ui@modules@UModSys@@UBEHAAUSUniquePtrList@core@5@@Z 100066c0 f i umodsys_lib_libui:umodsys.mod.ui.SDL_core.obj
 0001:000056e0       ?get_generated_types@RGenerator@SDL_core@ui@modules@UModSys@@UBEHAAUSUniquePtrList@core@5@PBUSUniquePointerInfo@75@@Z 100066e0 f i umodsys_lib_libui:umodsys.mod.ui.SDL_core.obj
 0001:00005730       ?generate@RGenerator@SDL_core@ui@modules@UModSys@@UAE_NAAU?$TRefObject@UIRefObject@core@UModSys@@U?$TRefObjectFunc@UIRefObject@core@UModSys@@@tl@3@@tl@5@PBUSUniquePointerInfo@core@5@ABUSParameters@95@@Z 10006730 f i umodsys_lib_libui:umodsys.mod.ui.SDL_core.obj
 0001:00005760       ?root_get_interface_info@RGenerator@SDL_core@ui@modules@UModSys@@UBEABUSUniquePointerInfo@core@5@XZ 10006760 f i umodsys_lib_libui:umodsys.mod.ui.SDL_core.obj
 0001:00005770       ?root_get_interface_type@RGenerator@SDL_core@ui@modules@UModSys@@UBEPBUSUniquePointerInfo@core@5@XZ 10006770 f i umodsys_lib_libui:umodsys.mod.ui.SDL_core.obj
 0001:00005780       ?root_get_other_interface@RGenerator@SDL_core@ui@modules@UModSys@@UBEPBUIRoot@core@5@PBUSUniquePointerInfo@75@@Z 10006780 f i umodsys_lib_libui:umodsys.mod.ui.SDL_core.obj
 0001:00005780       ?root_get_other_interface@RGenerator@SDL_core@ui@modules@UModSys@@UAEPAUIRoot@core@5@PBUSUniquePointerInfo@75@@Z 10006780 f i umodsys_lib_libui:umodsys.mod.ui.SDL_core.obj
 0001:000057c0       ?root_is_interface_supported@RGenerator@SDL_core@ui@modules@UModSys@@UBE_NPBUSUniquePointerInfo@core@5@@Z 100067c0 f i umodsys_lib_libui:umodsys.mod.ui.SDL_core.obj
 0001:00005800       ?get_uid@RGenerator@SDL_core@ui@modules@UModSys@@UBEPBUSUniquePointerInfo@core@5@XZ 10006800 f i umodsys_lib_libui:umodsys.mod.ui.SDL_core.obj
 0001:00005810       ?do_open@RModuleReg@SDL_core@ui@modules@UModSys@@UAE_NXZ 10006810 f i umodsys_lib_libui:umodsys.mod.ui.SDL_core.obj
 0001:00005820       ?do_close@RModuleReg@SDL_core@ui@modules@UModSys@@UAE_NXZ 10006820 f i umodsys_lib_libui:umodsys.mod.ui.SDL_core.obj
 0001:00005830       ??_GRModuleReg@SDL_core@ui@modules@UModSys@@UAEPAXI@Z 10006830 f i umodsys_lib_libui:umodsys.mod.ui.SDL_core.obj
 0001:00005830       ??_ERModuleReg@SDL_core@ui@modules@UModSys@@UAEPAXI@Z 10006830 f i  CIL library: CIL module
 0001:00005860       ??1?$TScatterArray@UGlyph@RMultiImage2D_SDL_ttf@SDL_core@ui@modules@UModSys@@HU?$TScalarCompare@H@core@6@U?$TNodeDeleter0@U?$TScatterArrayNode@UGlyph@RMultiImage2D_SDL_ttf@SDL_core@ui@modules@UModSys@@H@tl@UModSys@@@tl@6@@tl@UModSys@@QAE@XZ 10006860 f i umodsys_lib_libui:umodsys.mod.ui.SDL_core.obj
 0001:00005880       ??4?$TRefObject@URKeyboardController@SDL_core@ui@modules@UModSys@@U?$TRefObjectWeakFunc@URKeyboardController@SDL_core@ui@modules@UModSys@@@tl@5@@tl@UModSys@@QAEABU012@PAURKeyboardController@SDL_core@ui@modules@2@@Z 10006880 f i umodsys_lib_libui:umodsys.mod.ui.SDL_core.obj
 0001:00005880       ??4?$TRefObject@URMouseController@SDL_core@ui@modules@UModSys@@U?$TRefObjectWeakFunc@URMouseController@SDL_core@ui@modules@UModSys@@@tl@5@@tl@UModSys@@QAEABU012@PAURMouseController@SDL_core@ui@modules@2@@Z 10006880 f i umodsys_lib_libui:umodsys.mod.ui.SDL_core.obj
 0001:000058c0       ?remove_node@?$TTreeHoldRB@U?$TScatterArrayNode@U?$TRefObjectComposite@UIKeyboardClient@libui@UModSys@@UIRefObject@core@3@U?$TRefObjectFunc@UIRefObject@core@UModSys@@@tl@3@@tl@UModSys@@H@tl@UModSys@@@tl@UModSys@@QAEXPAU?$TScatterArrayNode@U?$TRefObjectComposite@UIKeyboardClient@libui@UModSys@@UIRefObject@core@3@U?$TRefObjectFunc@UIRefObject@core@UModSys@@@tl@3@@tl@UModSys@@H@23@@Z 100068c0 f i umodsys_lib_libui:umodsys.mod.ui.SDL_core.obj
 0001:000058c0       ?remove_node@?$TTreeHoldRB@U?$TScatterArrayNode@U?$TRefObjectCompositeExtra@UIMouseClient@libui@UModSys@@HUIRefObject@core@3@U?$TRefObjectFunc@UIRefObject@core@UModSys@@@tl@3@@tl@UModSys@@H@tl@UModSys@@@tl@UModSys@@QAEXPAU?$TScatterArrayNode@U?$TRefObjectCompositeExtra@UIMouseClient@libui@UModSys@@HUIRefObject@core@3@U?$TRefObjectFunc@UIRefObject@core@UModSys@@@tl@3@@tl@UModSys@@H@23@@Z 100068c0 f i umodsys_lib_libui:umodsys.mod.ui.SDL_core.obj
 0001:000059b0       ??1?$TPair@HU?$TRefObjectCompositeExtra@UIMouseClient@libui@UModSys@@HUIRefObject@core@3@U?$TRefObjectFunc@UIRefObject@core@UModSys@@@tl@3@@tl@UModSys@@@tl@UModSys@@QAE@XZ 100069b0 f i umodsys_lib_libui:umodsys.mod.ui.SDL_core.obj
 0001:000059b0       ??1?$TPair@HU?$TRefObjectComposite@UIKeyboardClient@libui@UModSys@@UIRefObject@core@3@U?$TRefObjectFunc@UIRefObject@core@UModSys@@@tl@3@@tl@UModSys@@@tl@UModSys@@QAE@XZ 100069b0 f i umodsys_lib_libui:umodsys.mod.ui.SDL_core.obj
 0001:000059c0       ??1?$TRefObjectCompositeExtra@UIMouseClient@libui@UModSys@@HUIRefObject@core@3@U?$TRefObjectFunc@UIRefObject@core@UModSys@@@tl@3@@tl@UModSys@@QAE@XZ 100069c0 f i umodsys_lib_libui:umodsys.mod.ui.SDL_core.obj
 0001:000059c0       ??1?$TRefObjectComposite@UIController@libui@UModSys@@UIRefObject@core@3@U?$TRefObjectFunc@UIRefObject@core@UModSys@@@tl@3@@tl@UModSys@@QAE@XZ 100069c0 f i umodsys_lib_libui:umodsys.mod.ui.frames.obj
 0001:000059c0       ??1?$TRefObjectComposite@UIKeyboardClient@libui@UModSys@@UIRefObject@core@3@U?$TRefObjectFunc@UIRefObject@core@UModSys@@@tl@3@@tl@UModSys@@QAE@XZ 100069c0 f i umodsys_lib_libui:umodsys.mod.ui.SDL_core.obj
 0001:00005a30       ??$t_ref_get_other_interface@URMultiImage2D_SDL_ttf@SDL_core@ui@modules@UModSys@@U?$TRefObjectWeakFunc@URMultiImage2D_SDL_ttf@SDL_core@ui@modules@UModSys@@@tl@5@@IRefObject@core@UModSys@@QAE_NAAU?$TRefObject@URMultiImage2D_SDL_ttf@SDL_core@ui@modules@UModSys@@U?$TRefObjectWeakFunc@URMultiImage2D_SDL_ttf@SDL_core@ui@modules@UModSys@@@tl@5@@tl@2@@Z 10006a30 f i umodsys_lib_libui:umodsys.mod.ui.SDL_core.obj
 0001:00005a90       ?remove_color@?$TTreeHoldRB@U?$TScatterArrayNode@U?$TRefObjectCompositeExtra@UIMouseClient@libui@UModSys@@HUIRefObject@core@3@U?$TRefObjectFunc@UIRefObject@core@UModSys@@@tl@3@@tl@UModSys@@H@tl@UModSys@@@tl@UModSys@@IAEXPAU?$TScatterArrayNode@U?$TRefObjectCompositeExtra@UIMouseClient@libui@UModSys@@HUIRefObject@core@3@U?$TRefObjectFunc@UIRefObject@core@UModSys@@@tl@3@@tl@UModSys@@H@23@0@Z 10006a90 f i umodsys_lib_libui:umodsys.mod.ui.SDL_core.obj
 0001:00005a90       ?remove_color@?$TTreeHoldRB@U?$TScatterArrayNode@U?$TRefObjectComposite@UIKeyboardClient@libui@UModSys@@UIRefObject@core@3@U?$TRefObjectFunc@UIRefObject@core@UModSys@@@tl@3@@tl@UModSys@@H@tl@UModSys@@@tl@UModSys@@IAEXPAU?$TScatterArrayNode@U?$TRefObjectComposite@UIKeyboardClient@libui@UModSys@@UIRefObject@core@3@U?$TRefObjectFunc@UIRefObject@core@UModSys@@@tl@3@@tl@UModSys@@H@23@0@Z 10006a90 f i umodsys_lib_libui:umodsys.mod.ui.SDL_core.obj
 0001:00005c10       ??$t_close@U?$TRefObject@URRenderDriver2D@SDL_core@ui@modules@UModSys@@U?$TRefObjectWeakFunc@URRenderDriver2D@SDL_core@ui@modules@UModSys@@@tl@5@@tl@UModSys@@@SDL_core@ui@modules@UModSys@@YA_NAAU?$TScatterArray@U?$TRefObject@URRenderDriver2D@SDL_core@ui@modules@UModSys@@U?$TRefObjectWeakFunc@URRenderDriver2D@SDL_core@ui@modules@UModSys@@@tl@5@@tl@UModSys@@HU?$TScalarCompare@H@core@3@U?$TNodeDeleter0@U?$TScatterArrayNode@U?$TRefObject@URRenderDriver2D@SDL_core@ui@modules@UModSys@@U?$TRefObjectWeakFunc@URRenderDriver2D@SDL_core@ui@modules@UModSys@@@tl@5@@tl@UModSys@@H@tl@UModSys@@@23@@tl@3@@Z 10006c10 f i umodsys_lib_libui:umodsys.mod.ui.SDL_core.obj
 0001:00005cc0       ??$t_count@U?$TRefObject@URRenderDriver2D@SDL_core@ui@modules@UModSys@@U?$TRefObjectWeakFunc@URRenderDriver2D@SDL_core@ui@modules@UModSys@@@tl@5@@tl@UModSys@@@SDL_core@ui@modules@UModSys@@YAIABU?$TScatterArray@U?$TRefObject@URRenderDriver2D@SDL_core@ui@modules@UModSys@@U?$TRefObjectWeakFunc@URRenderDriver2D@SDL_core@ui@modules@UModSys@@@tl@5@@tl@UModSys@@HU?$TScalarCompare@H@core@3@U?$TNodeDeleter0@U?$TScatterArrayNode@U?$TRefObject@URRenderDriver2D@SDL_core@ui@modules@UModSys@@U?$TRefObjectWeakFunc@URRenderDriver2D@SDL_core@ui@modules@UModSys@@@tl@5@@tl@UModSys@@H@tl@UModSys@@@23@@tl@3@@Z 10006cc0 f i umodsys_lib_libui:umodsys.mod.ui.SDL_core.obj
 0001:00005d30       ??$t_get@U?$TRefObject@URRenderDriver2D@SDL_core@ui@modules@UModSys@@U?$TRefObjectWeakFunc@URRenderDriver2D@SDL_core@ui@modules@UModSys@@@tl@5@@tl@UModSys@@@SDL_core@ui@modules@UModSys@@YAPAUIRefObject@core@3@ABU?$TScatterArray@U?$TRefObject@URRenderDriver2D@SDL_core@ui@modules@UModSys@@U?$TRefObjectWeakFunc@URRenderDriver2D@SDL_core@ui@modules@UModSys@@@tl@5@@tl@UModSys@@HU?$TScalarCompare@H@core@3@U?$TNodeDeleter0@U?$TScatterArrayNode@U?$TRefObject@URRenderDriver2D@SDL_core@ui@modules@UModSys@@U?$TRefObjectWeakFunc@URRenderDriver2D@SDL_core@ui@modules@UModSys@@@tl@5@@tl@UModSys@@H@tl@UModSys@@@23@@tl@3@I@Z 10006d30 f i umodsys_lib_libui:umodsys.mod.ui.SDL_core.obj
 0001:00005dc0       ??$ValidateConstruction@UIRefObject@core@UModSys@@URRenderDriver2D@SDL_core@ui@modules@3@@core@UModSys@@YA_NAAU?$TRefObject@UIRefObject@core@UModSys@@U?$TRefObjectFunc@UIRefObject@core@UModSys@@@tl@3@@tl@1@U?$TRefObject@URRenderDriver2D@SDL_core@ui@modules@UModSys@@U?$TRefObjectFunc@URRenderDriver2D@SDL_core@ui@modules@UModSys@@@tl@5@@31@@Z 10006dc0 f i umodsys_lib_libui:umodsys.mod.ui.SDL_core.obj
 0001:00005e60       ??$t_add@U?$TRefObject@URRenderDriver2D@SDL_core@ui@modules@UModSys@@U?$TRefObjectWeakFunc@URRenderDriver2D@SDL_core@ui@modules@UModSys@@@tl@5@@tl@UModSys@@URRenderDriver2D@SDL_core@ui@modules@3@@SDL_core@ui@modules@UModSys@@YA_NAAU?$TScatterArray@U?$TRefObject@URRenderDriver2D@SDL_core@ui@modules@UModSys@@U?$TRefObjectWeakFunc@URRenderDriver2D@SDL_core@ui@modules@UModSys@@@tl@5@@tl@UModSys@@HU?$TScalarCompare@H@core@3@U?$TNodeDeleter0@U?$TScatterArrayNode@U?$TRefObject@URRenderDriver2D@SDL_core@ui@modules@UModSys@@U?$TRefObjectWeakFunc@URRenderDriver2D@SDL_core@ui@modules@UModSys@@@tl@5@@tl@UModSys@@H@tl@UModSys@@@23@@tl@3@PAURRenderDriver2D@0123@@Z 10006e60 f i umodsys_lib_libui:umodsys.mod.ui.SDL_core.obj
 0001:00005eb0       ??$ValidateConstruction@UIRefObject@core@UModSys@@URMouseController@SDL_core@ui@modules@3@@core@UModSys@@YA_NAAU?$TRefObject@UIRefObject@core@UModSys@@U?$TRefObjectFunc@UIRefObject@core@UModSys@@@tl@3@@tl@1@U?$TRefObject@URMouseController@SDL_core@ui@modules@UModSys@@U?$TRefObjectFunc@URMouseController@SDL_core@ui@modules@UModSys@@@tl@5@@31@@Z 10006eb0 f i umodsys_lib_libui:umodsys.mod.ui.SDL_core.obj
 0001:00005eb0       ??$ValidateConstruction@UIRefObject@core@UModSys@@URKeyboardController@SDL_core@ui@modules@3@@core@UModSys@@YA_NAAU?$TRefObject@UIRefObject@core@UModSys@@U?$TRefObjectFunc@UIRefObject@core@UModSys@@@tl@3@@tl@1@U?$TRefObject@URKeyboardController@SDL_core@ui@modules@UModSys@@U?$TRefObjectFunc@URKeyboardController@SDL_core@ui@modules@UModSys@@@tl@5@@31@@Z 10006eb0 f i umodsys_lib_libui:umodsys.mod.ui.SDL_core.obj
 0001:00005f30       ??$ValidateConstruction@UIMultiImage@lib2d@UModSys@@URMultiImage2D_SDL_ttf@SDL_core@ui@modules@3@@core@UModSys@@YA_NAAU?$TRefObject@UIMultiImage@lib2d@UModSys@@U?$TRefObjectFunc@UIMultiImage@lib2d@UModSys@@@tl@3@@tl@1@PAURMultiImage2D_SDL_ttf@SDL_core@ui@modules@1@@Z 10006f30 f i umodsys_lib_libui:umodsys.mod.ui.SDL_core.obj
 0001:00005fc0       ??$t_gen_param@URTerminal@SDL_core@ui@modules@UModSys@@URGenerator@2345@@IGenerator@base@UModSys@@IAE_NPAURGenerator@SDL_core@ui@modules@2@AAU?$TRefObject@UIRefObject@core@UModSys@@U?$TRefObjectFunc@UIRefObject@core@UModSys@@@tl@3@@tl@2@PBUSUniquePointerInfo@core@2@ABUSParameters@core@2@@Z 10006fc0 f i umodsys_lib_libui:umodsys.mod.ui.SDL_core.obj
 0001:00006030       ??$genx_node@UCmp@?$TScatterArray@UGlyph@RMultiImage2D_SDL_ttf@SDL_core@ui@modules@UModSys@@HU?$TScalarCompare@H@core@6@U?$TNodeDeleter0@U?$TScatterArrayNode@UGlyph@RMultiImage2D_SDL_ttf@SDL_core@ui@modules@UModSys@@H@tl@UModSys@@@tl@6@@tl@UModSys@@UGen0@234@@?$TTreeHoldRBD@U?$TScatterArrayNode@UGlyph@RMultiImage2D_SDL_ttf@SDL_core@ui@modules@UModSys@@H@tl@UModSys@@U?$TNodeDeleter0@U?$TScatterArrayNode@UGlyph@RMultiImage2D_SDL_ttf@SDL_core@ui@modules@UModSys@@H@tl@UModSys@@@23@@tl@UModSys@@QAEPAU?$TScatterArrayNode@UGlyph@RMultiImage2D_SDL_ttf@SDL_core@ui@modules@UModSys@@H@12@UCmp@?$TScatterArray@UGlyph@RMultiImage2D_SDL_ttf@SDL_core@ui@modules@UModSys@@HU?$TScalarCompare@H@core@6@U?$TNodeDeleter0@U?$TScatterArrayNode@UGlyph@RMultiImage2D_SDL_ttf@SDL_core@ui@modules@UModSys@@H@tl@UModSys@@@tl@6@@12@ABUGen0@512@PAPAU312@2_N@Z 10007030 f i umodsys_lib_libui:umodsys.mod.ui.SDL_core.obj
 0001:000060a0       ??$genx_node@UCmp@?$TScatterArray@U?$TRefObjectCompositeExtra@UIMouseClient@libui@UModSys@@HUIRefObject@core@3@U?$TRefObjectFunc@UIRefObject@core@UModSys@@@tl@3@@tl@UModSys@@HU?$TScalarCompare@H@core@3@U?$TNodeDeleter0@U?$TScatterArrayNode@U?$TRefObjectCompositeExtra@UIMouseClient@libui@UModSys@@HUIRefObject@core@3@U?$TRefObjectFunc@UIRefObject@core@UModSys@@@tl@3@@tl@UModSys@@H@tl@UModSys@@@23@@tl@UModSys@@UGen0@234@@?$TTreeHoldRBD@U?$TScatterArrayNode@U?$TRefObjectCompositeExtra@UIMouseClient@libui@UModSys@@HUIRefObject@core@3@U?$TRefObjectFunc@UIRefObject@core@UModSys@@@tl@3@@tl@UModSys@@H@tl@UModSys@@U?$TNodeDeleter0@U?$TScatterArrayNode@U?$TRefObjectCompositeExtra@UIMouseClient@libui@UModSys@@HUIRefObject@core@3@U?$TRefObjectFunc@UIRefObject@core@UModSys@@@tl@3@@tl@UModSys@@H@tl@UModSys@@@23@@tl@UModSys@@QAEPAU?$TScatterArrayNode@U?$TRefObjectCompositeExtra@UIMouseClient@libui@UModSys@@HUIRefObject@core@3@U?$TRefObjectFunc@UIRefObject@core@UModSys@@@tl@3@@tl@UModSys@@H@12@UCmp@?$TScatterArray@U?$TRefObjectCompositeExtra@UIMouseClient@libui@UModSys@@HUIRefObject@core@3@U?$TRefObjectFunc@UIRefObject@core@UModSys@@@tl@3@@tl@UModSys@@HU?$TScalarCompare@H@core@3@U?$TNodeDeleter0@U?$TScatterArrayNode@U?$TRefObjectCompositeExtra@UIMouseClient@libui@UModSys@@HUIRefObject@core@3@U?$TRefObjectFunc@UIRefObject@core@UModSys@@@tl@3@@tl@UModSys@@H@tl@UModSys@@@23@@12@ABUGen0@512@PAPAU312@2_N@Z 100070a0 f i umodsys_lib_libui:umodsys.mod.ui.SDL_core.obj
 0001:00006110       ??$genx_node@UCmp@?$TScatterArray@U?$TRefObjectComposite@UIKeyboardClient@libui@UModSys@@UIRefObject@core@3@U?$TRefObjectFunc@UIRefObject@core@UModSys@@@tl@3@@tl@UModSys@@HU?$TScalarCompare@H@core@3@U?$TNodeDeleter0@U?$TScatterArrayNode@U?$TRefObjectComposite@UIKeyboardClient@libui@UModSys@@UIRefObject@core@3@U?$TRefObjectFunc@UIRefObject@core@UModSys@@@tl@3@@tl@UModSys@@H@tl@UModSys@@@23@@tl@UModSys@@UGen0@234@@?$TTreeHoldRBD@U?$TScatterArrayNode@U?$TRefObjectComposite@UIKeyboardClient@libui@UModSys@@UIRefObject@core@3@U?$TRefObjectFunc@UIRefObject@core@UModSys@@@tl@3@@tl@UModSys@@H@tl@UModSys@@U?$TNodeDeleter0@U?$TScatterArrayNode@U?$TRefObjectComposite@UIKeyboardClient@libui@UModSys@@UIRefObject@core@3@U?$TRefObjectFunc@UIRefObject@core@UModSys@@@tl@3@@tl@UModSys@@H@tl@UModSys@@@23@@tl@UModSys@@QAEPAU?$TScatterArrayNode@U?$TRefObjectComposite@UIKeyboardClient@libui@UModSys@@UIRefObject@core@3@U?$TRefObjectFunc@UIRefObject@core@UModSys@@@tl@3@@tl@UModSys@@H@12@UCmp@?$TScatterArray@U?$TRefObjectComposite@UIKeyboardClient@libui@UModSys@@UIRefObject@core@3@U?$TRefObjectFunc@UIRefObject@core@UModSys@@@tl@3@@tl@UModSys@@HU?$TScalarCompare@H@core@3@U?$TNodeDeleter0@U?$TScatterArrayNode@U?$TRefObjectComposite@UIKeyboardClient@libui@UModSys@@UIRefObject@core@3@U?$TRefObjectFunc@UIRefObject@core@UModSys@@@tl@3@@tl@UModSys@@H@tl@UModSys@@@23@@12@ABUGen0@512@PAPAU312@2_N@Z 10007110 f i umodsys_lib_libui:umodsys.mod.ui.SDL_core.obj
 0001:00006180       ?rotate_right@?$TTreeHoldRB@U?$TScatterArrayNode@U?$TRefObjectCompositeExtra@UIMouseClient@libui@UModSys@@HUIRefObject@core@3@U?$TRefObjectFunc@UIRefObject@core@UModSys@@@tl@3@@tl@UModSys@@H@tl@UModSys@@@tl@UModSys@@IAEXPAU?$TScatterArrayNode@U?$TRefObjectCompositeExtra@UIMouseClient@libui@UModSys@@HUIRefObject@core@3@U?$TRefObjectFunc@UIRefObject@core@UModSys@@@tl@3@@tl@UModSys@@H@23@@Z 10007180 f i umodsys_lib_libui:umodsys.mod.ui.SDL_core.obj
 0001:00006180       ?rotate_right@?$TTreeHoldRB@U?$TScatterArrayNode@U?$TRefObjectComposite@UIKeyboardClient@libui@UModSys@@UIRefObject@core@3@U?$TRefObjectFunc@UIRefObject@core@UModSys@@@tl@3@@tl@UModSys@@H@tl@UModSys@@@tl@UModSys@@IAEXPAU?$TScatterArrayNode@U?$TRefObjectComposite@UIKeyboardClient@libui@UModSys@@UIRefObject@core@3@U?$TRefObjectFunc@UIRefObject@core@UModSys@@@tl@3@@tl@UModSys@@H@23@@Z 10007180 f i umodsys_lib_libui:umodsys.mod.ui.SDL_core.obj
 0001:000061d0       ?rotate_left@?$TTreeHoldRB@U?$TScatterArrayNode@U?$TRefObjectComposite@UIKeyboardClient@libui@UModSys@@UIRefObject@core@3@U?$TRefObjectFunc@UIRefObject@core@UModSys@@@tl@3@@tl@UModSys@@H@tl@UModSys@@@tl@UModSys@@IAEXPAU?$TScatterArrayNode@U?$TRefObjectComposite@UIKeyboardClient@libui@UModSys@@UIRefObject@core@3@U?$TRefObjectFunc@UIRefObject@core@UModSys@@@tl@3@@tl@UModSys@@H@23@@Z 100071d0 f i umodsys_lib_libui:umodsys.mod.ui.SDL_core.obj
 0001:000061d0       ?rotate_left@?$TTreeHoldRB@U?$TScatterArrayNode@U?$TRefObjectCompositeExtra@UIMouseClient@libui@UModSys@@HUIRefObject@core@3@U?$TRefObjectFunc@UIRefObject@core@UModSys@@@tl@3@@tl@UModSys@@H@tl@UModSys@@@tl@UModSys@@IAEXPAU?$TScatterArrayNode@U?$TRefObjectCompositeExtra@UIMouseClient@libui@UModSys@@HUIRefObject@core@3@U?$TRefObjectFunc@UIRefObject@core@UModSys@@@tl@3@@tl@UModSys@@H@23@@Z 100071d0 f i umodsys_lib_libui:umodsys.mod.ui.SDL_core.obj
 0001:00006220       ??RGen0@?$TScatterArray@UGlyph@RMultiImage2D_SDL_ttf@SDL_core@ui@modules@UModSys@@HU?$TScalarCompare@H@core@6@U?$TNodeDeleter0@U?$TScatterArrayNode@UGlyph@RMultiImage2D_SDL_ttf@SDL_core@ui@modules@UModSys@@H@tl@UModSys@@@tl@6@@tl@UModSys@@QBEPAU?$TScatterArrayNode@UGlyph@RMultiImage2D_SDL_ttf@SDL_core@ui@modules@UModSys@@H@23@ABUCmp@123@ABU?$TTreeHoldRBD@U?$TScatterArrayNode@UGlyph@RMultiImage2D_SDL_ttf@SDL_core@ui@modules@UModSys@@H@tl@UModSys@@U?$TNodeDeleter0@U?$TScatterArrayNode@UGlyph@RMultiImage2D_SDL_ttf@SDL_core@ui@modules@UModSys@@H@tl@UModSys@@@23@@23@@Z 10007220 f i umodsys_lib_libui:umodsys.mod.ui.SDL_core.obj
 0001:00006280       ??RGen0@?$TScatterArray@U?$TRefObjectCompositeExtra@UIMouseClient@libui@UModSys@@HUIRefObject@core@3@U?$TRefObjectFunc@UIRefObject@core@UModSys@@@tl@3@@tl@UModSys@@HU?$TScalarCompare@H@core@3@U?$TNodeDeleter0@U?$TScatterArrayNode@U?$TRefObjectCompositeExtra@UIMouseClient@libui@UModSys@@HUIRefObject@core@3@U?$TRefObjectFunc@UIRefObject@core@UModSys@@@tl@3@@tl@UModSys@@H@tl@UModSys@@@23@@tl@UModSys@@QBEPAU?$TScatterArrayNode@U?$TRefObjectCompositeExtra@UIMouseClient@libui@UModSys@@HUIRefObject@core@3@U?$TRefObjectFunc@UIRefObject@core@UModSys@@@tl@3@@tl@UModSys@@H@23@ABUCmp@123@ABU?$TTreeHoldRBD@U?$TScatterArrayNode@U?$TRefObjectCompositeExtra@UIMouseClient@libui@UModSys@@HUIRefObject@core@3@U?$TRefObjectFunc@UIRefObject@core@UModSys@@@tl@3@@tl@UModSys@@H@tl@UModSys@@U?$TNodeDeleter0@U?$TScatterArrayNode@U?$TRefObjectCompositeExtra@UIMouseClient@libui@UModSys@@HUIRefObject@core@3@U?$TRefObjectFunc@UIRefObject@core@UModSys@@@tl@3@@tl@UModSys@@H@tl@UModSys@@@23@@23@@Z 10007280 f i umodsys_lib_libui:umodsys.mod.ui.SDL_core.obj
 0001:000062e0       ??RGen0@?$TScatterArray@U?$TRefObjectComposite@UIKeyboardClient@libui@UModSys@@UIRefObject@core@3@U?$TRefObjectFunc@UIRefObject@core@UModSys@@@tl@3@@tl@UModSys@@HU?$TScalarCompare@H@core@3@U?$TNodeDeleter0@U?$TScatterArrayNode@U?$TRefObjectComposite@UIKeyboardClient@libui@UModSys@@UIRefObject@core@3@U?$TRefObjectFunc@UIRefObject@core@UModSys@@@tl@3@@tl@UModSys@@H@tl@UModSys@@@23@@tl@UModSys@@QBEPAU?$TScatterArrayNode@U?$TRefObjectComposite@UIKeyboardClient@libui@UModSys@@UIRefObject@core@3@U?$TRefObjectFunc@UIRefObject@core@UModSys@@@tl@3@@tl@UModSys@@H@23@ABUCmp@123@ABU?$TTreeHoldRBD@U?$TScatterArrayNode@U?$TRefObjectComposite@UIKeyboardClient@libui@UModSys@@UIRefObject@core@3@U?$TRefObjectFunc@UIRefObject@core@UModSys@@@tl@3@@tl@UModSys@@H@tl@UModSys@@U?$TNodeDeleter0@U?$TScatterArrayNode@U?$TRefObjectComposite@UIKeyboardClient@libui@UModSys@@UIRefObject@core@3@U?$TRefObjectFunc@UIRefObject@core@UModSys@@@tl@3@@tl@UModSys@@H@tl@UModSys@@@23@@23@@Z 100072e0 f i umodsys_lib_libui:umodsys.mod.ui.SDL_core.obj
 0001:00006340       ??1?$TRefObject@UIImage@lib2d@UModSys@@U?$TRefObjectFunc@UIImage@lib2d@UModSys@@@tl@3@@tl@UModSys@@QAE@XZ 10007340 f i plugin_test1.obj
 0001:00006340       ??1?$TRefObject@UIRefObject@core@UModSys@@U?$TRefObjectFunc@UIRefObject@core@UModSys@@@tl@3@@tl@UModSys@@QAE@XZ 10007340 f i plugin_test1.obj
 0001:00006340       ??1?$TRefObject@UIRenderDriver@lib2d@UModSys@@U?$TRefObjectFunc@UIRenderDriver@lib2d@UModSys@@@tl@3@@tl@UModSys@@QAE@XZ 10007340 f i plugin_test1.obj
 0001:00006340       ??1?$TRefObject@URSerializeWriter@serialize_json@media@modules@UModSys@@U?$TRefObjectFunc@URSerializeWriter@serialize_json@media@modules@UModSys@@@tl@5@@tl@UModSys@@QAE@XZ 10007340 f i umodsys_lib_libmedia:umodsys.mod.media.serialize_json.obj
 0001:00006340       ??1?$TRefObject@UIBinObjFilter@libmedia@UModSys@@U?$TRefObjectFunc@UIBinObjFilter@libmedia@UModSys@@@tl@3@@tl@UModSys@@QAE@XZ 10007340 f i plugin_test1.obj
 0001:00006340       ??1?$TRefObject@UIMouseController@libui@UModSys@@U?$TRefObjectFunc@UIMouseController@libui@UModSys@@@tl@3@@tl@UModSys@@QAE@XZ 10007340 f i plugin_test1.obj
 0001:00006340       ??1?$TRefObject@UIStreamWriter@libmedia@UModSys@@U?$TRefObjectFunc@UIStreamWriter@libmedia@UModSys@@@tl@3@@tl@UModSys@@QAE@XZ 10007340 f i plugin_test1.obj
 0001:00006340       ??1?$TRefObject@URCollector@frames@ui@modules@UModSys@@U?$TRefObjectFunc@URCollector@frames@ui@modules@UModSys@@@tl@5@@tl@UModSys@@QAE@XZ 10007340 f i umodsys_lib_libui:umodsys.mod.ui.frames.obj
 0001:00006340       ??1?$TRefObject@URMultiImage2D_SDL_ttf@SDL_core@ui@modules@UModSys@@U?$TRefObjectFunc@URMultiImage2D_SDL_ttf@SDL_core@ui@modules@UModSys@@@tl@5@@tl@UModSys@@QAE@XZ 10007340 f i umodsys_lib_libui:umodsys.mod.ui.SDL_core.obj
 0001:00006340       ??1?$TRefObject@UIMultiImage@lib2d@UModSys@@U?$TRefObjectFunc@UIMultiImage@lib2d@UModSys@@@tl@3@@tl@UModSys@@QAE@XZ 10007340 f i plugin_test1.obj
 0001:00006340       ??1?$TRefObject@UIBinArchive@libmedia@UModSys@@U?$TRefObjectFunc@UIBinArchive@libmedia@UModSys@@@tl@3@@tl@UModSys@@QAE@XZ 10007340 f i plugin_test1.obj
[...]
 0001:0001a230       ??__E?s_modreg_chain@RModuleReg@serialize_json@media@modules@UModSys@@2USModuleRegChain@base@5@A@@YAXXZ 1001b230 f    CIL library: CIL module
 0001:0001a250       ??__E?s_uid@RGenerator@serialize_json@media@modules@UModSys@@2USUniquePointer@core@5@A@@YAXXZ 1001b250 f    CIL library: CIL module
 0001:0001a280       ??__E?s_id@?$TObjectUniqueID@URSerializeReader@serialize_json@media@modules@UModSys@@@tl@UModSys@@2USUniquePointer@core@3@A@@YAXXZ 1001b280 f    CIL library: CIL module
 0001:0001a2b0       ??__E?s_id@?$TObjectUniqueID@URSerializeWriter@serialize_json@media@modules@UModSys@@@tl@UModSys@@2USUniquePointer@core@3@A@@YAXXZ 1001b2b0 f    CIL library: CIL module
 0001:0001a2e0       ??__E?s_id@?$TObjectUniqueID@URGenerator@serialize_json@media@modules@UModSys@@@tl@UModSys@@2USUniquePointer@core@3@A@@YAXXZ 1001b2e0 f    CIL library: CIL module
 0001:0001a310       ??__E?s_modreg@RModuleReg@zlib@media@modules@UModSys@@2U12345@A@@YAXXZ 1001b310 f    CIL library: CIL module
 0001:0001a350       ??__E?s_modreg_chain@RModuleReg@zlib@media@modules@UModSys@@2USModuleRegChain@base@5@A@@YAXXZ 1001b350 f    CIL library: CIL module
 0001:0001a370       ??__E?s_uid@RGenerator@zlib@media@modules@UModSys@@2USUniquePointer@core@5@A@@YAXXZ 1001b370 f    CIL library: CIL module
 0001:0001a3a0       ??__E?s_id@?$TObjectUniqueID@URBinArchiveFrameClient_ZIP@zlib@media@modules@UModSys@@@tl@UModSys@@2USUniquePointer@core@3@A@@YAXXZ 1001b3a0 f    CIL library: CIL module
 0001:0001a3d0       ??__E?s_id@?$TObjectUniqueID@URGenerator@zlib@media@modules@UModSys@@@tl@UModSys@@2USUniquePointer@core@3@A@@YAXXZ 1001b3d0 f    CIL library: CIL module
 0001:0001a400       ??__EM@UModSys@@YAXXZ      1001b400 f    CIL library: CIL module
 0001:0001a420       ??__E?root@SModuleRegChain@base@UModSys@@2U123@A@@YAXXZ 1001b420 f    CIL library: CIL module
 0001:0001a440       ??__E?s_library@RModuleLibraryReg_Chain@base@UModSys@@2U123@A@@YAXXZ 1001b440 f    CIL library: CIL module
 0001:0001a460       ??__E?root@SUniquePointer@core@UModSys@@2U123@A@@YAXXZ 1001b460 f    CIL library: CIL module
 0001:0001a480       ??__F?s_modreg@RModuleReg@test1@test@modules@UModSys@@2U12345@A@@YAXXZ 1001b480 f    CIL library: CIL module
 0001:0001a4a0       ??__F?s_modreg_chain@RModuleReg@test1@test@modules@UModSys@@2USModuleRegChain@base@5@A@@YAXXZ 1001b4a0 f    CIL library: CIL module
 0001:0001a4b0       ??__F?s_uid@RGenerator@test1@test@modules@UModSys@@2USUniquePointer@core@5@A@@YAXXZ 1001b4b0 f    CIL library: CIL module
 0001:0001a4c0       ??__Fh@?1??s_holder@RGenerator@test1@test@modules@UModSys@@SAAAU?$TTypeStaticHolder@URGenerator@test1@test@modules@UModSys@@@tl@5@XZ@YAXXZ 1001b4c0 f    CIL library: CIL module
 0001:0001a4e0       ??__F?s_id@?$TObjectUniqueID@URGenerator@test1@test@modules@UModSys@@@tl@UModSys@@2USUniquePointer@core@3@A@@YAXXZ 1001b4e0 f    CIL library: CIL module
 0001:0001a4f0       ??__F?s_id@?$TObjectUniqueID@URTest1_Shell@test1@test@modules@UModSys@@@tl@UModSys@@2USUniquePointer@core@3@A@@YAXXZ 1001b4f0 f    CIL library: CIL module
 0001:0001a500       ??__F?s_id@?$TObjectUniqueID@URLines_Filter@test1@test@modules@UModSys@@@tl@UModSys@@2USUniquePointer@core@3@A@@YAXXZ 1001b500 f    CIL library: CIL module
 0001:0001a510       ??__F?s_id@?$TObjectUniqueID@URLines@test1@test@modules@UModSys@@@tl@UModSys@@2USUniquePointer@core@3@A@@YAXXZ 1001b510 f    CIL library: CIL module
 0001:0001a520       ??__F?s_id@?$TObjectUniqueID@UILines@test1@test@modules@UModSys@@@tl@UModSys@@2USUniquePointer@core@3@A@@YAXXZ 1001b520 f    CIL library: CIL module
 0001:0001a530       ??__F?s_id@?$TObjectUniqueID@UIRenderDriver@lib2d@UModSys@@@tl@UModSys@@2USUniquePointer@core@3@A@@YAXXZ 1001b530 f    CIL library: CIL module
 0001:0001a540       ??__F?s_id@?$TObjectUniqueID@UIMultiImage@lib2d@UModSys@@@tl@UModSys@@2USUniquePointer@core@3@A@@YAXXZ 1001b540 f    CIL library: CIL module
 0001:0001a550       ??__F?s_id@?$TObjectUniqueID@UIImage@lib2d@UModSys@@@tl@UModSys@@2USUniquePointer@core@3@A@@YAXXZ 1001b550 f    CIL library: CIL module
 0001:0001a560       ??__F?s_id@?$TObjectUniqueID@UIDialog@libui@UModSys@@@tl@UModSys@@2USUniquePointer@core@3@A@@YAXXZ 1001b560 f    CIL library: CIL module
 0001:0001a570       ??__F?s_id@?$TObjectUniqueID@UIFrame@libui@UModSys@@@tl@UModSys@@2USUniquePointer@core@3@A@@YAXXZ 1001b570 f    CIL library: CIL module
 0001:0001a580       ??__F?s_id@?$TObjectUniqueID@UIAsyncCollector@libui@UModSys@@@tl@UModSys@@2USUniquePointer@core@3@A@@YAXXZ 1001b580 f    CIL library: CIL module
 0001:0001a590       ??__F?s_id@?$TObjectUniqueID@UIAsyncController@libui@UModSys@@@tl@UModSys@@2USUniquePointer@core@3@A@@YAXXZ 1001b590 f    CIL library: CIL module
 0001:0001a5a0       ??__F?s_id@?$TObjectUniqueID@UICollector@libui@UModSys@@@tl@UModSys@@2USUniquePointer@core@3@A@@YAXXZ 1001b5a0 f    CIL library: CIL module
 0001:0001a5b0       ??__F?s_id@?$TObjectUniqueID@UIConsoleHelperInput_UIKey@libui@UModSys@@@tl@UModSys@@2USUniquePointer@core@3@A@@YAXXZ 1001b5b0 f    CIL library: CIL module
 0001:0001a5c0       ??__F?s_id@?$TObjectUniqueID@UITerminal@libui@UModSys@@@tl@UModSys@@2USUniquePointer@core@3@A@@YAXXZ 1001b5c0 f    CIL library: CIL module
 0001:0001a5d0       ??__F?s_id@?$TObjectUniqueID@UIJoystickController@libui@UModSys@@@tl@UModSys@@2USUniquePointer@core@3@A@@YAXXZ 1001b5d0 f    CIL library: CIL module
 0001:0001a5e0       ??__F?s_id@?$TObjectUniqueID@UIMouseController@libui@UModSys@@@tl@UModSys@@2USUniquePointer@core@3@A@@YAXXZ 1001b5e0 f    CIL library: CIL module
 0001:0001a5f0       ??__F?s_id@?$TObjectUniqueID@UIKeyboardController@libui@UModSys@@@tl@UModSys@@2USUniquePointer@core@3@A@@YAXXZ 1001b5f0 f    CIL library: CIL module
 0001:0001a600       ??__F?s_id@?$TObjectUniqueID@UIConsoleHelperOutputFCS@base@UModSys@@@tl@UModSys@@2USUniquePointer@core@3@A@@YAXXZ 1001b600 f    CIL library: CIL module
 0001:0001a610       ??__F?s_id@?$TObjectUniqueID@UIConsoleHelperOutput@base@UModSys@@@tl@UModSys@@2USUniquePointer@core@3@A@@YAXXZ 1001b610 f    CIL library: CIL module
 0001:0001a620       ??__F?s_id@?$TObjectUniqueID@UIConsoleHelperInput@base@UModSys@@@tl@UModSys@@2USUniquePointer@core@3@A@@YAXXZ 1001b620 f    CIL library: CIL module
 0001:0001a630       ??__F?s_id@?$TObjectUniqueID@UIConsoleHelperHistory@base@UModSys@@@tl@UModSys@@2USUniquePointer@core@3@A@@YAXXZ 1001b630 f    CIL library: CIL module
 0001:0001a640       ??__F?s_id@?$TObjectUniqueID@UIConsoleHelper@base@UModSys@@@tl@UModSys@@2USUniquePointer@core@3@A@@YAXXZ 1001b640 f    CIL library: CIL module
 0001:0001a650       ??__F?s_id@?$TObjectUniqueID@UIConsoleExt@base@UModSys@@@tl@UModSys@@2USUniquePointer@core@3@A@@YAXXZ 1001b650 f    CIL library: CIL module
 0001:0001a660       ??__F?s_id@?$TObjectUniqueID@UISerializeWriter@libmedia@UModSys@@@tl@UModSys@@2USUniquePointer@core@3@A@@YAXXZ 1001b660 f    CIL library: CIL module
 0001:0001a670       ??__F?s_id@?$TObjectUniqueID@UISerializeReader@libmedia@UModSys@@@tl@UModSys@@2USUniquePointer@core@3@A@@YAXXZ 1001b670 f    CIL library: CIL module
 0001:0001a680       ??__F?s_id@?$TObjectUniqueID@UIClient@IBinArchiveFrame@libmedia@UModSys@@@tl@UModSys@@2USUniquePointer@core@3@A@@YAXXZ 1001b680 f    CIL library: CIL module
 0001:0001a690       ??__F?s_id@?$TObjectUniqueID@UIBinArchiveFrame@libmedia@UModSys@@@tl@UModSys@@2USUniquePointer@core@3@A@@YAXXZ 1001b690 f    CIL library: CIL module
 0001:0001a6a0       ??__F?s_id@?$TObjectUniqueID@UILibraryLayered@libmedia@UModSys@@@tl@UModSys@@2USUniquePointer@core@3@A@@YAXXZ 1001b6a0 f    CIL library: CIL module
 0001:0001a6b0       ??__F?s_id@?$TObjectUniqueID@UILibraryObjCache@libmedia@UModSys@@@tl@UModSys@@2USUniquePointer@core@3@A@@YAXXZ 1001b6b0 f    CIL library: CIL module
 0001:0001a6c0       ??__F?s_id@?$TObjectUniqueID@UILibraryObjFilter@libmedia@UModSys@@@tl@UModSys@@2USUniquePointer@core@3@A@@YAXXZ 1001b6c0 f    CIL library: CIL module
 0001:0001a6d0       ??__F?s_id@?$TObjectUniqueID@UILibraryBinCache@libmedia@UModSys@@@tl@UModSys@@2USUniquePointer@core@3@A@@YAXXZ 1001b6d0 f    CIL library: CIL module
 0001:0001a6e0       ??__F?s_id@?$TObjectUniqueID@UILibraryBinTree@libmedia@UModSys@@@tl@UModSys@@2USUniquePointer@core@3@A@@YAXXZ 1001b6e0 f    CIL library: CIL module
 0001:0001a6f0       ??__F?s_id@?$TObjectUniqueID@UILibrary@libmedia@UModSys@@@tl@UModSys@@2USUniquePointer@core@3@A@@YAXXZ 1001b6f0 f    CIL library: CIL module
 0001:0001a700       ??__F?s_id@?$TObjectUniqueID@UIBinObjFilter@libmedia@UModSys@@@tl@UModSys@@2USUniquePointer@core@3@A@@YAXXZ 1001b700 f    CIL library: CIL module
 0001:0001a710       ??__F?s_id@?$TObjectUniqueID@UIBinArchive@libmedia@UModSys@@@tl@UModSys@@2USUniquePointer@core@3@A@@YAXXZ 1001b710 f    CIL library: CIL module
 0001:0001a720       ??__F?s_id@?$TObjectUniqueID@UILibObject@libmedia@UModSys@@@tl@UModSys@@2USUniquePointer@core@3@A@@YAXXZ 1001b720 f    CIL library: CIL module
 0001:0001a730       ??__F?s_id@?$TObjectUniqueID@UIUtilities@libmedia@UModSys@@@tl@UModSys@@2USUniquePointer@core@3@A@@YAXXZ 1001b730 f    CIL library: CIL module
 0001:0001a740       ??__F?s_id@?$TObjectUniqueID@UIStreamWriter@libmedia@UModSys@@@tl@UModSys@@2USUniquePointer@core@3@A@@YAXXZ 1001b740 f    CIL library: CIL module
 0001:0001a750       ??__F?s_id@?$TObjectUniqueID@UIStreamReader@libmedia@UModSys@@@tl@UModSys@@2USUniquePointer@core@3@A@@YAXXZ 1001b750 f    CIL library: CIL module
 0001:0001a760       ??__F?s_id@?$TObjectUniqueID@UISystem@base@UModSys@@@tl@UModSys@@2USUniquePointer@core@3@A@@YAXXZ 1001b760 f    CIL library: CIL module
 0001:0001a770       ??__F?s_id@?$TObjectUniqueID@UIConsole@base@UModSys@@@tl@UModSys@@2USUniquePointer@core@3@A@@YAXXZ 1001b770 f    CIL library: CIL module
 0001:0001a780       ??__F?s_id@?$TObjectUniqueID@UIShell@base@UModSys@@@tl@UModSys@@2USUniquePointer@core@3@A@@YAXXZ 1001b780 f    CIL library: CIL module
 0001:0001a790       ??__F?s_id@?$TObjectUniqueID@UIGenerator@base@UModSys@@@tl@UModSys@@2USUniquePointer@core@3@A@@YAXXZ 1001b790 f    CIL library: CIL module
 0001:0001a7a0       ??__F?s_id@?$TObjectUniqueID@UIModObject@base@UModSys@@@tl@UModSys@@2USUniquePointer@core@3@A@@YAXXZ 1001b7a0 f    CIL library: CIL module
 0001:0001a7b0       ??__F?s_id@?$TObjectUniqueID@UIModuleLibrary@base@UModSys@@@tl@UModSys@@2USUniquePointer@core@3@A@@YAXXZ 1001b7b0 f    CIL library: CIL module
 0001:0001a7c0       ??__F?s_id@?$TObjectUniqueID@UIModule@base@UModSys@@@tl@UModSys@@2USUniquePointer@core@3@A@@YAXXZ 1001b7c0 f    CIL library: CIL module
 0001:0001a7d0       ??__F?s_id@?$TObjectUniqueID@UIParameters@core@UModSys@@@tl@UModSys@@2USUniquePointer@core@3@A@@YAXXZ 1001b7d0 f    CIL library: CIL module
 0001:0001a7e0       ??__F?s_id@?$TObjectUniqueID@UIRefObject@core@UModSys@@@tl@UModSys@@2USUniquePointer@core@3@A@@YAXXZ 1001b7e0 f    CIL library: CIL module
 0001:0001a7f0       ??__F?s_id@?$TObjectUniqueID@UIRoot@core@UModSys@@@tl@UModSys@@2USUniquePointer@core@3@A@@YAXXZ 1001b7f0 f    CIL library: CIL module
 0001:0001a800       ??__F?s_modreg@RModuleReg@stdlib@lib2d@modules@UModSys@@2U12345@A@@YAXXZ 1001b800 f    CIL library: CIL module
 0001:0001a820       ??__F?s_modreg_chain@RModuleReg@stdlib@lib2d@modules@UModSys@@2USModuleRegChain@base@5@A@@YAXXZ 1001b820 f    CIL library: CIL module
 0001:0001a830       ??__F?s_uid@RGenerator@stdlib@lib2d@modules@UModSys@@2USUniquePointer@core@5@A@@YAXXZ 1001b830 f    CIL library: CIL module
 0001:0001a840       ??__Fh@?1??s_holder@RGenerator@stdlib@lib2d@modules@UModSys@@SAAAU?$TTypeStaticHolder@URGenerator@stdlib@lib2d@modules@UModSys@@@tl@5@XZ@YAXXZ 1001b840 f    CIL library: CIL module
 0001:0001a860       ??__F?s_id@?$TObjectUniqueID@URGenerator@stdlib@lib2d@modules@UModSys@@@tl@UModSys@@2USUniquePointer@core@3@A@@YAXXZ 1001b860 f    CIL library: CIL module
 0001:0001a870       ??__F?s_id@?$TObjectUniqueID@URImage_Memory@stdlib@lib2d@modules@UModSys@@@tl@UModSys@@2USUniquePointer@core@3@A@@YAXXZ 1001b870 f    CIL library: CIL module
 0001:0001a880       ??__F?s_modreg@RModuleReg@SDL_core@ui@modules@UModSys@@2U12345@A@@YAXXZ 1001b880 f    CIL library: CIL module
 0001:0001a8a0       ??__F?s_modreg_chain@RModuleReg@SDL_core@ui@modules@UModSys@@2USModuleRegChain@base@5@A@@YAXXZ 1001b8a0 f    CIL library: CIL module
 0001:0001a8b0       ??__F?s_uid@RGenerator@SDL_core@ui@modules@UModSys@@2USUniquePointer@core@5@A@@YAXXZ 1001b8b0 f    CIL library: CIL module
 0001:0001a8c0       ??__Fh@?1??s_holder@RGenerator@SDL_core@ui@modules@UModSys@@SAAAU?$TTypeStaticHolder@URGenerator@SDL_core@ui@modules@UModSys@@@tl@5@XZ@YAXXZ 1001b8c0 f    CIL library: CIL module
 0001:0001a8e0       ??__F?s_id@?$TObjectUniqueID@URGenerator@SDL_core@ui@modules@UModSys@@@tl@UModSys@@2USUniquePointer@core@3@A@@YAXXZ 1001b8e0 f    CIL library: CIL module
 0001:0001a8f0       ??__F?s_id@?$TObjectUniqueID@URTerminal@SDL_core@ui@modules@UModSys@@@tl@UModSys@@2USUniquePointer@core@3@A@@YAXXZ 1001b8f0 f    CIL library: CIL module
 0001:0001a900       ??__F?s_id@?$TObjectUniqueID@URKeyboardController@SDL_core@ui@modules@UModSys@@@tl@UModSys@@2USUniquePointer@core@3@A@@YAXXZ 1001b900 f    CIL library: CIL module
 0001:0001a910       ??__F?s_id@?$TObjectUniqueID@URMouseController@SDL_core@ui@modules@UModSys@@@tl@UModSys@@2USUniquePointer@core@3@A@@YAXXZ 1001b910 f    CIL library: CIL module
 0001:0001a920       ??__F?s_id@?$TObjectUniqueID@URRenderDriver2D@SDL_core@ui@modules@UModSys@@@tl@UModSys@@2USUniquePointer@core@3@A@@YAXXZ 1001b920 f    CIL library: CIL module
 0001:0001a930       ??__F?s_id@?$TObjectUniqueID@URMultiImage2D_SDL_ttf@SDL_core@ui@modules@UModSys@@@tl@UModSys@@2USUniquePointer@core@3@A@@YAXXZ 1001b930 f    CIL library: CIL module
 0001:0001a940       ??__F?s_modreg@RModuleReg@frames@ui@modules@UModSys@@2U12345@A@@YAXXZ 1001b940 f    CIL library: CIL module
 0001:0001a960       ??__F?s_modreg_chain@RModuleReg@frames@ui@modules@UModSys@@2USModuleRegChain@base@5@A@@YAXXZ 1001b960 f    CIL library: CIL module
 0001:0001a970       ??__F?s_uid@RGenerator@frames@ui@modules@UModSys@@2USUniquePointer@core@5@A@@YAXXZ 1001b970 f    CIL library: CIL module
 0001:0001a980       ??__Fh@?1??s_holder@RGenerator@frames@ui@modules@UModSys@@SAAAU?$TTypeStaticHolder@URGenerator@frames@ui@modules@UModSys@@@tl@5@XZ@YAXXZ 1001b980 f    CIL library: CIL module
 0001:0001a9a0       ??__F?s_id@?$TObjectUniqueID@URGenerator@frames@ui@modules@UModSys@@@tl@UModSys@@2USUniquePointer@core@3@A@@YAXXZ 1001b9a0 f    CIL library: CIL module
 0001:0001a9b0       ??__F?s_id@?$TObjectUniqueID@URCollector@frames@ui@modules@UModSys@@@tl@UModSys@@2USUniquePointer@core@3@A@@YAXXZ 1001b9b0 f    CIL library: CIL module
 0001:0001a9c0       ??__F?s_id@?$TObjectUniqueID@URFrame_List@frames@ui@modules@UModSys@@@tl@UModSys@@2USUniquePointer@core@3@A@@YAXXZ 1001b9c0 f    CIL library: CIL module
 0001:0001a9d0       ??__F?s_id@?$TObjectUniqueID@URFrame_Edit@frames@ui@modules@UModSys@@@tl@UModSys@@2USUniquePointer@core@3@A@@YAXXZ 1001b9d0 f    CIL library: CIL module
 0001:0001a9e0       ??__F?s_id@?$TObjectUniqueID@URFrame_Button@frames@ui@modules@UModSys@@@tl@UModSys@@2USUniquePointer@core@3@A@@YAXXZ 1001b9e0 f    CIL library: CIL module
 0001:0001a9f0       ??__F?s_id@?$TObjectUniqueID@URFrame_Text@frames@ui@modules@UModSys@@@tl@UModSys@@2USUniquePointer@core@3@A@@YAXXZ 1001b9f0 f    CIL library: CIL module
 0001:0001aa00       ??__F?s_id@?$TObjectUniqueID@URFrame_Image@frames@ui@modules@UModSys@@@tl@UModSys@@2USUniquePointer@core@3@A@@YAXXZ 1001ba00 f    CIL library: CIL module
 0001:0001aa10       ??__F?s_id@?$TObjectUniqueID@URFrame_Frame@frames@ui@modules@UModSys@@@tl@UModSys@@2USUniquePointer@core@3@A@@YAXXZ 1001ba10 f    CIL library: CIL module
 0001:0001aa20       ??__F?s_id@?$TObjectUniqueID@URDialog@frames@ui@modules@UModSys@@@tl@UModSys@@2USUniquePointer@core@3@A@@YAXXZ 1001ba20 f    CIL library: CIL module
 0001:0001aa30       ??__F?s_id@?$TObjectUniqueID@URFrame_Common@frames@ui@modules@UModSys@@@tl@UModSys@@2USUniquePointer@core@3@A@@YAXXZ 1001ba30 f    CIL library: CIL module
 0001:0001aa40       ??__F?s_modreg@RModuleReg@images_std@media@modules@UModSys@@2U12345@A@@YAXXZ 1001ba40 f    CIL library: CIL module
 0001:0001aa60       ??__F?s_modreg_chain@RModuleReg@images_std@media@modules@UModSys@@2USModuleRegChain@base@5@A@@YAXXZ 1001ba60 f    CIL library: CIL module
 0001:0001aa70       ??__F?s_uid@RGenerator@images_std@media@modules@UModSys@@2USUniquePointer@core@5@A@@YAXXZ 1001ba70 f    CIL library: CIL module
 0001:0001aa80       ??__Fh@?1??s_holder@RGenerator@images_std@media@modules@UModSys@@SAAAU?$TTypeStaticHolder@URGenerator@images_std@media@modules@UModSys@@@tl@5@XZ@YAXXZ 1001ba80 f    CIL library: CIL module
 0001:0001aaa0       ??__F?s_id@?$TObjectUniqueID@URGenerator@images_std@media@modules@UModSys@@@tl@UModSys@@2USUniquePointer@core@3@A@@YAXXZ 1001baa0 f    CIL library: CIL module
 0001:0001aab0       ??__F?s_id@?$TObjectUniqueID@URMediaFilter@images_std@media@modules@UModSys@@@tl@UModSys@@2USUniquePointer@core@3@A@@YAXXZ 1001bab0 f    CIL library: CIL module
 0001:0001aac0       ??__F?s_modreg@RModuleReg@serialize_json@media@modules@UModSys@@2U12345@A@@YAXXZ 1001bac0 f    CIL library: CIL module
 0001:0001aae0       ??__F?s_modreg_chain@RModuleReg@serialize_json@media@modules@UModSys@@2USModuleRegChain@base@5@A@@YAXXZ 1001bae0 f    CIL library: CIL module
 0001:0001aaf0       ??__F?s_uid@RGenerator@serialize_json@media@modules@UModSys@@2USUniquePointer@core@5@A@@YAXXZ 1001baf0 f    CIL library: CIL module
 0001:0001ab00       ??__Fh@?1??s_holder@RGenerator@serialize_json@media@modules@UModSys@@SAAAU?$TTypeStaticHolder@URGenerator@serialize_json@media@modules@UModSys@@@tl@5@XZ@YAXXZ 1001bb00 f    CIL library: CIL module
 0001:0001ab20       ??__F?s_id@?$TObjectUniqueID@URGenerator@serialize_json@media@modules@UModSys@@@tl@UModSys@@2USUniquePointer@core@3@A@@YAXXZ 1001bb20 f    CIL library: CIL module
 0001:0001ab30       ??__F?s_id@?$TObjectUniqueID@URSerializeWriter@serialize_json@media@modules@UModSys@@@tl@UModSys@@2USUniquePointer@core@3@A@@YAXXZ 1001bb30 f    CIL library: CIL module
 0001:0001ab40       ??__F?s_id@?$TObjectUniqueID@URSerializeReader@serialize_json@media@modules@UModSys@@@tl@UModSys@@2USUniquePointer@core@3@A@@YAXXZ 1001bb40 f    CIL library: CIL module
 0001:0001ab50       ??__F?s_modreg@RModuleReg@zlib@media@modules@UModSys@@2U12345@A@@YAXXZ 1001bb50 f    CIL library: CIL module
 0001:0001ab70       ??__F?s_modreg_chain@RModuleReg@zlib@media@modules@UModSys@@2USModuleRegChain@base@5@A@@YAXXZ 1001bb70 f    CIL library: CIL module
 0001:0001ab80       ??__F?s_uid@RGenerator@zlib@media@modules@UModSys@@2USUniquePointer@core@5@A@@YAXXZ 1001bb80 f    CIL library: CIL module
 0001:0001ab90       ??__Fh@?1??s_holder@RGenerator@zlib@media@modules@UModSys@@SAAAU?$TTypeStaticHolder@URGenerator@zlib@media@modules@UModSys@@@tl@5@XZ@YAXXZ 1001bb90 f    CIL library: CIL module
 0001:0001abb0       ??__F?s_id@?$TObjectUniqueID@URGenerator@zlib@media@modules@UModSys@@@tl@UModSys@@2USUniquePointer@core@3@A@@YAXXZ 1001bbb0 f    CIL library: CIL module
 0001:0001abc0       ??__F?s_id@?$TObjectUniqueID@URBinArchiveFrameClient_ZIP@zlib@media@modules@UModSys@@@tl@UModSys@@2USUniquePointer@core@3@A@@YAXXZ 1001bbc0 f    CIL library: CIL module
 0001:0001abd0       ??__FM@UModSys@@YAXXZ      1001bbd0 f    CIL library: CIL module
 0001:0001abe0       ??__F?root@SModuleRegChain@base@UModSys@@2U123@A@@YAXXZ 1001bbe0 f    CIL library: CIL module
 0001:0001abf0       ??__F?s_library@RModuleLibraryReg_Chain@base@UModSys@@2U123@A@@YAXXZ 1001bbf0 f    CIL library: CIL module
 0001:0001ac00       ??__F?root@SUniquePointer@core@UModSys@@2U123@A@@YAXXZ 1001bc00 f    CIL library: CIL module

 Exports

  ordinal    name

        1    _UModSys_Plugin_Entry2@0
