 plugin_test1

 Timestamp is 532c20bb (Fri Mar 21 14:21:31 2014)

 Preferred load address is 10000000

 Start         Length     Name                   Class
 0001:00000000 00035351H .text                   CODE
 0001:00035360 00000d38H .text$x                 CODE
 0001:000360a0 000019f1H .text$yc                CODE
 0001:00037aa0 00000a3aH .text$yd                CODE
 0002:00000000 00000224H .idata$5                DATA
 0002:00000224 00000004H .CRT$XCA                DATA
 0002:00000228 00001060H .CRT$XCU                DATA
 0002:00001288 00000004H .CRT$XCZ                DATA
 0002:0000128c 00000004H .CRT$XIA                DATA
 0002:00001290 00000004H .CRT$XIAA               DATA
 0002:00001294 00000004H .CRT$XIC                DATA
 0002:00001298 00000004H .CRT$XIZ                DATA
 0002:000012a0 0000ced8H .rdata                  DATA
 0002:0000e178 00001e6cH .rdata$r                DATA
 0002:0000fff0 0000018cH .rdata$sxdata           DATA
 0002:0001017c 00000004H .rtc$IAA                DATA
 0002:00010180 00000004H .rtc$IZZ                DATA
 0002:00010184 00000004H .rtc$TAA                DATA
 0002:00010188 00000004H .rtc$TZZ                DATA
 0002:00010190 000014fcH .xdata$x                DATA
 0002:0001168c 0000008cH .idata$2                DATA
 0002:00011718 00000014H .idata$3                DATA
 0002:0001172c 00000224H .idata$4                DATA
 0002:00011950 000009caH .idata$6                DATA
 0002:00012320 0000005cH .edata                  DATA
 0003:00000000 000015f0H .data                   DATA
 0003:000015f0 000019e8H .bss                    DATA

  Address         Publics by Value              Rva+Base       Lib:Object

 0000:00000000       __except_list              00000000     <absolute>
 0000:00000063       ___safe_se_handler_count   00000063     <absolute>
 0000:00009876       __ldused                   00009876     <absolute>
 0000:00009876       __fltused                  00009876     <absolute>
 0000:00000000       ___ImageBase               10000000     <linker-defined>
 0001:00000000       ??1State@RImage_Memory@stdlib@lib2d@modules@UModSys@@QAE@XZ 10001000 f i umodsys_lib_lib2d:umodsys.mod.2d.stdlib.obj
 0001:00000000       ??1SMemShared@core@UModSys@@QAE@XZ 10001000 f i plugin_test1.obj
 0001:00000000       ??1SCMemShared@core@UModSys@@QAE@XZ 10001000 f i plugin_test1.obj
 0001:00000020       ??4SCMemShared@core@UModSys@@QAEABU012@ABUSMemShared@12@@Z 10001020 f i plugin_test1.obj
 0001:00000050       ??3IRoot@core@UModSys@@SAXPAXABUSIMemAlloc@12@@Z 10001050 f i plugin_test1.obj
 0001:00000060       ??$seq@D@su@tl@UModSys@@YA_NPBD0@Z 10001060 f i plugin_test1.obj
 0001:000000a0       ?s@SFrameDataOut@libui@UModSys@@QBEXQBD@Z 100010a0 f i plugin_test1.obj
 0001:000000e0       ?set_info@IImage@lib2d@UModSys@@QAE_NW4eImageType@23@HHPBD@Z 100010e0 f i plugin_test1.obj
 0001:00000110       ??_EIRoot@core@UModSys@@UAEPAXI@Z 10001110 f i  CIL library: CIL module
 0001:00000110       ??_GIRoot@core@UModSys@@UAEPAXI@Z 10001110 f i plugin_test1.obj
 0001:00000130       ??1IBinObjFilter@libmedia@UModSys@@UAE@XZ 10001130 f i plugin_test1.obj
 0001:00000180       ?root_get_interface_info@RTest1_Shell@test1@test@modules@UModSys@@UBEABUSUniquePointerInfo@core@5@XZ 10001180 f i plugin_test1.obj
 0001:00000190       ?root_get_interface_type@RTest1_Shell@test1@test@modules@UModSys@@UBEPBUSUniquePointerInfo@core@5@XZ 10001190 f i plugin_test1.obj
 0001:000001a0       ?root_get_other_interface@RTest1_Shell@test1@test@modules@UModSys@@UAEPAUIRoot@core@5@PBUSUniquePointerInfo@75@@Z 100011a0 f i plugin_test1.obj
 0001:000001a0       ?root_get_other_interface@RTest1_Shell@test1@test@modules@UModSys@@UBEPBUIRoot@core@5@PBUSUniquePointerInfo@75@@Z 100011a0 f i plugin_test1.obj
 0001:000001d0       ?root_is_interface_supported@RTest1_Shell@test1@test@modules@UModSys@@UBE_NPBUSUniquePointerInfo@core@5@@Z 100011d0 f i plugin_test1.obj
 0001:00000210       ?ref_add@RTest1_Shell@test1@test@modules@UModSys@@UBEXXZ 10001210 f i plugin_test1.obj
 0001:00000220       ?ref_remove@RTest1_Shell@test1@test@modules@UModSys@@UBEXXZ 10001220 f i plugin_test1.obj
 0001:00000230       ?ref_links@RTest1_Shell@test1@test@modules@UModSys@@UBEHXZ 10001230 f i plugin_test1.obj
 0001:00000240       ?ref_weak@RTest1_Shell@test1@test@modules@UModSys@@UBE_NAAUWeakPointer@IRefObject@core@5@@Z 10001240 f i plugin_test1.obj
 0001:00000260       ?suicide@RTest1_Shell@test1@test@modules@UModSys@@UAEXXZ 10001260 f i plugin_test1.obj
 0001:00000270       ?set@VertexPC@UI_Info@RTest1_Shell@test1@test@modules@UModSys@@QAEXABU?$TVector3@N@math3d@7@ABU?$TVector3@M@97@@Z 10001270 f i plugin_test1.obj
 0001:00000340       ??0RTest1_Shell@test1@test@modules@UModSys@@QAE@PAUIModObject@base@4@@Z 10001340 f i plugin_test1.obj
 0001:00000490       ??1RTest1_Shell@test1@test@modules@UModSys@@UAE@XZ 10001490 f i plugin_test1.obj
 0001:00000540       ?connect@RTest1_Shell@test1@test@modules@UModSys@@UAE_NXZ 10001540 f i plugin_test1.obj
 0001:00000560       ?disconnect@RTest1_Shell@test1@test@modules@UModSys@@UAE_NXZ 10001560 f i plugin_test1.obj
 0001:00000580       ?process_tick@RTest1_Shell@test1@test@modules@UModSys@@UAE_NABUSTimeMsec@core@5@@Z 10001580 f i plugin_test1.obj
 0001:000005b0       ?process_command@RTest1_Shell@test1@test@modules@UModSys@@UAE_NHQBU?$TString@U?$TSCoreConst@D@su@tl@UModSys@@U?$TComparerBinaryHash@D@234@@tl@5@@Z 100015b0 f i plugin_test1.obj
 0001:000005d0       ??_GRTest1_Shell@test1@test@modules@UModSys@@UAEPAXI@Z 100015d0 f i plugin_test1.obj
 0001:000005d0       ??_ERTest1_Shell@test1@test@modules@UModSys@@UAEPAXI@Z 100015d0 f i  CIL library: CIL module
 0001:000005f0       ??1?$TParametersA@$0BAL@@core@UModSys@@QAE@XZ 100015f0 f i umodsys_lib_lib2d:umodsys.mod.2d.stdlib.obj
 0001:000005f0       ??1?$TParametersA@$0EAA@@core@UModSys@@QAE@XZ 100015f0 f i plugin_test1.obj
 0001:000005f0       ??1SParameters@core@UModSys@@QAE@XZ 100015f0 f i plugin_test1.obj
 0001:000005f0       ??1?$TParametersA@$0BAA@@core@UModSys@@QAE@XZ 100015f0 f i umodsys_lib_libui:umodsys.mod.ui.SDL_core.obj
 0001:00000600       ??1SFrameCreateParameters@libui@UModSys@@QAE@XZ 10001600 f i plugin_test1.obj
 0001:00000620       ??1UI_Info@RTest1_Shell@test1@test@modules@UModSys@@QAE@XZ 10001620 f i plugin_test1.obj
 0001:00000750       ?get_generated_names@RGenerator@test1@test@modules@UModSys@@UBEHAAUSUniquePtrList@core@5@@Z 10001750 f i plugin_test1.obj
 0001:00000770       ?get_generated_types@RGenerator@test1@test@modules@UModSys@@UBEHAAUSUniquePtrList@core@5@PBUSUniquePointerInfo@75@@Z 10001770 f i plugin_test1.obj
 0001:000007c0       ?generate@RGenerator@test1@test@modules@UModSys@@UAE_NAAU?$TRefObject@UIRefObject@core@UModSys@@U?$TRefObjectFunc@UIRefObject@core@UModSys@@@tl@3@@tl@5@PBUSUniquePointerInfo@core@5@ABUSParameters@95@@Z 100017c0 f i plugin_test1.obj
 0001:00000880       ?root_get_interface_info@RGenerator@test1@test@modules@UModSys@@UBEABUSUniquePointerInfo@core@5@XZ 10001880 f i plugin_test1.obj
 0001:00000890       ?root_get_interface_type@RGenerator@test1@test@modules@UModSys@@UBEPBUSUniquePointerInfo@core@5@XZ 10001890 f i plugin_test1.obj
 0001:000008a0       ?root_get_other_interface@RGenerator@test1@test@modules@UModSys@@UBEPBUIRoot@core@5@PBUSUniquePointerInfo@75@@Z 100018a0 f i plugin_test1.obj
 0001:000008a0       ?root_get_other_interface@RGenerator@test1@test@modules@UModSys@@UAEPAUIRoot@core@5@PBUSUniquePointerInfo@75@@Z 100018a0 f i plugin_test1.obj
 0001:000008e0       ?root_is_interface_supported@RGenerator@test1@test@modules@UModSys@@UBE_NPBUSUniquePointerInfo@core@5@@Z 100018e0 f i plugin_test1.obj
 0001:00000920       ?ref_add@RMultiImage2D_SDL_ttf@SDL_GL@ui@modules@UModSys@@UBEXXZ 10001920 f i umodsys_lib_libui:umodsys.mod.ui.SDL_GL.obj
 0001:00000920       ?ref_add@RGenerator@test1@test@modules@UModSys@@UBEXXZ 10001920 f i plugin_test1.obj
 0001:00000920       ?ref_add@RMultiImage@stdlib@lib2d@modules@UModSys@@UBEXXZ 10001920 f i umodsys_lib_lib2d:umodsys.mod.2d.stdlib.obj
 0001:00000920       ?ref_add@RBinArchiveFrameClient_ZIP@zlib@media@modules@UModSys@@UBEXXZ 10001920 f i umodsys_lib_libmedia:umodsys.mod.media.zlib.obj
 0001:00000920       ?ref_add@RVertexArray@SDL_GL@ui@modules@UModSys@@UBEXXZ 10001920 f i umodsys_lib_libui:umodsys.mod.ui.SDL_GL.obj
 0001:00000920       ?ref_add@RDialog@frames@ui@modules@UModSys@@UBEXXZ 10001920 f i umodsys_lib_libui:umodsys.mod.ui.frames.obj
 0001:00000920       ?ref_add@RGenerator@frames@ui@modules@UModSys@@UBEXXZ 10001920 f i umodsys_lib_libui:umodsys.mod.ui.frames.obj
 0001:00000920       ?ref_add@RGenerator@images_std@media@modules@UModSys@@UBEXXZ 10001920 f i umodsys_lib_libmedia:umodsys.mod.media.images_std.obj
 0001:00000920       ?ref_add@RTerminal@SDL_GL@ui@modules@UModSys@@UBEXXZ 10001920 f i umodsys_lib_libui:umodsys.mod.ui.SDL_GL.obj
 0001:00000920       ?ref_add@RImageFactory_Memory@stdlib@lib2d@modules@UModSys@@UBEXXZ 10001920 f i umodsys_lib_lib2d:umodsys.mod.2d.stdlib.obj
 0001:00000920       ?ref_add@RTerminal@SDL_core@ui@modules@UModSys@@UBEXXZ 10001920 f i umodsys_lib_libui:umodsys.mod.ui.SDL_core.obj
 0001:00000920       ?ref_add@RGenerator@serialize_json@media@modules@UModSys@@UBEXXZ 10001920 f i umodsys_lib_libmedia:umodsys.mod.media.serialize_json.obj
 0001:00000920       ?ref_add@RImage_Memory@stdlib@lib2d@modules@UModSys@@UBEXXZ 10001920 f i umodsys_lib_lib2d:umodsys.mod.2d.stdlib.obj
 0001:00000920       ?ref_add@RGenerator@SDL_core@ui@modules@UModSys@@UBEXXZ 10001920 f i umodsys_lib_libui:umodsys.mod.ui.SDL_core.obj
 0001:00000920       ?ref_add@RMultiImage2D_SDL_ttf@SDL_core@ui@modules@UModSys@@UBEXXZ 10001920 f i umodsys_lib_libui:umodsys.mod.ui.SDL_core.obj
 0001:00000920       ?ref_add@RGenerator@stdlib@lib2d@modules@UModSys@@UBEXXZ 10001920 f i umodsys_lib_lib2d:umodsys.mod.2d.stdlib.obj
 0001:00000920       ?ref_add@RSerializeReader@serialize_json@media@modules@UModSys@@UBEXXZ 10001920 f i umodsys_lib_libmedia:umodsys.mod.media.serialize_json.obj
 0001:00000920       ?ref_add@RGenerator@SDL_GL@ui@modules@UModSys@@UBEXXZ 10001920 f i umodsys_lib_libui:umodsys.mod.ui.SDL_GL.obj
 0001:00000920       ?ref_add@RGenerator@zlib@media@modules@UModSys@@UBEXXZ 10001920 f i umodsys_lib_libmedia:umodsys.mod.media.zlib.obj
 0001:00000930       ?ref_remove@RGenerator@test1@test@modules@UModSys@@UBEXXZ 10001930 f i plugin_test1.obj
 0001:00000930       ?ref_remove@RMultiImage2D_SDL_ttf@SDL_core@ui@modules@UModSys@@UBEXXZ 10001930 f i umodsys_lib_libui:umodsys.mod.ui.SDL_core.obj
 0001:00000930       ?ref_remove@RGenerator@zlib@media@modules@UModSys@@UBEXXZ 10001930 f i umodsys_lib_libmedia:umodsys.mod.media.zlib.obj
 0001:00000930       ?ref_remove@RTerminal@SDL_GL@ui@modules@UModSys@@UBEXXZ 10001930 f i umodsys_lib_libui:umodsys.mod.ui.SDL_GL.obj
 0001:00000930       ?ref_remove@RImage_Memory@stdlib@lib2d@modules@UModSys@@UBEXXZ 10001930 f i umodsys_lib_lib2d:umodsys.mod.2d.stdlib.obj
 0001:00000930       ?ref_remove@RTerminal@SDL_core@ui@modules@UModSys@@UBEXXZ 10001930 f i umodsys_lib_libui:umodsys.mod.ui.SDL_core.obj
 0001:00000930       ?ref_remove@RGenerator@stdlib@lib2d@modules@UModSys@@UBEXXZ 10001930 f i umodsys_lib_lib2d:umodsys.mod.2d.stdlib.obj
 0001:00000930       ?ref_remove@RBinArchiveFrameClient_ZIP@zlib@media@modules@UModSys@@UBEXXZ 10001930 f i umodsys_lib_libmedia:umodsys.mod.media.zlib.obj
 0001:00000930       ?ref_remove@RGenerator@images_std@media@modules@UModSys@@UBEXXZ 10001930 f i umodsys_lib_libmedia:umodsys.mod.media.images_std.obj
 0001:00000930       ?ref_remove@RSerializeReader@serialize_json@media@modules@UModSys@@UBEXXZ 10001930 f i umodsys_lib_libmedia:umodsys.mod.media.serialize_json.obj
 0001:00000930       ?ref_remove@RGenerator@SDL_GL@ui@modules@UModSys@@UBEXXZ 10001930 f i umodsys_lib_libui:umodsys.mod.ui.SDL_GL.obj
 0001:00000930       ?ref_remove@RMultiImage@stdlib@lib2d@modules@UModSys@@UBEXXZ 10001930 f i umodsys_lib_lib2d:umodsys.mod.2d.stdlib.obj
 0001:00000930       ?ref_remove@RMultiImage2D_SDL_ttf@SDL_GL@ui@modules@UModSys@@UBEXXZ 10001930 f i umodsys_lib_libui:umodsys.mod.ui.SDL_GL.obj
 0001:00000930       ?ref_remove@RGenerator@SDL_core@ui@modules@UModSys@@UBEXXZ 10001930 f i umodsys_lib_libui:umodsys.mod.ui.SDL_core.obj
 0001:00000930       ?ref_remove@RDialog@frames@ui@modules@UModSys@@UBEXXZ 10001930 f i umodsys_lib_libui:umodsys.mod.ui.frames.obj
 0001:00000930       ?ref_remove@RGenerator@serialize_json@media@modules@UModSys@@UBEXXZ 10001930 f i umodsys_lib_libmedia:umodsys.mod.media.serialize_json.obj
 0001:00000930       ?ref_remove@RImageFactory_Memory@stdlib@lib2d@modules@UModSys@@UBEXXZ 10001930 f i umodsys_lib_lib2d:umodsys.mod.2d.stdlib.obj
 0001:00000930       ?ref_remove@RGenerator@frames@ui@modules@UModSys@@UBEXXZ 10001930 f i umodsys_lib_libui:umodsys.mod.ui.frames.obj
 0001:00000930       ?ref_remove@RVertexArray@SDL_GL@ui@modules@UModSys@@UBEXXZ 10001930 f i umodsys_lib_libui:umodsys.mod.ui.SDL_GL.obj
 0001:00000940       ?get_uid@RGenerator@test1@test@modules@UModSys@@UBEPBUSUniquePointerInfo@core@5@XZ 10001940 f i plugin_test1.obj
 0001:00000950       ?do_open@RModuleReg@test1@test@modules@UModSys@@UAE_NXZ 10001950 f i plugin_test1.obj
 0001:00000980       ?do_close@RModuleReg@test1@test@modules@UModSys@@UAE_NXZ 10001980 f i plugin_test1.obj
 0001:000009b0       ??_GRModuleReg@test1@test@modules@UModSys@@UAEPAXI@Z 100019b0 f i plugin_test1.obj
 0001:000009b0       ??_ERModuleReg@test1@test@modules@UModSys@@UAEPAXI@Z 100019b0 f i  CIL library: CIL module
 0001:000009e0       ??0?$TString@U?$TSCoreConst@D@su@tl@UModSys@@U?$TComparerBinaryHash@D@234@@tl@UModSys@@QAE@PBD@Z 100019e0 f i plugin_test1.obj
 0001:00000a30       ??8?$TString@U?$TSCoreConst@D@su@tl@UModSys@@U?$TComparerBinaryHash@D@234@@tl@UModSys@@QBE_NPBD@Z 10001a30 f i plugin_test1.obj
 0001:00000a60       ??4?$TString@U?$TSCoreShared@USIMemAlloc@core@UModSys@@D@su@tl@UModSys@@U?$TComparerBinaryHash@D@234@@tl@UModSys@@QAEABU012@ABU012@@Z 10001a60 f i plugin_test1.obj
 0001:00000a90       ??1?$TDynarrayDynamic@UVertexPC@UI_Info@RTest1_Shell@test1@test@modules@UModSys@@U?$TAllocator@USIMemAlloc@core@UModSys@@USCountCalcPower2@23@@tl@7@@tl@UModSys@@QAE@XZ 10001a90 f i plugin_test1.obj
 0001:00000ac0       ?Free@?$TDynarray@U?$TDynarrayHolderDynamic@UVertexPC@UI_Info@RTest1_Shell@test1@test@modules@UModSys@@U?$TAllocator@USIMemAlloc@core@UModSys@@USCountCalcPower2@23@@tl@7@@tl@UModSys@@@tl@UModSys@@QAE_NXZ 10001ac0 f i plugin_test1.obj
 0001:00000b20       ?info_release@?$TSCoreShared@USIMemAlloc@core@UModSys@@D@su@tl@UModSys@@QAEXXZ 10001b20 f i plugin_test1.obj
 0001:00000ba0       ?info_new@?$TSCoreShared@USIMemAlloc@core@UModSys@@D@su@tl@UModSys@@QAE_NPBDI@Z 10001ba0 f i plugin_test1.obj
 0001:00000c50       ?get_null@?$TSCoreShared@USIMemAlloc@core@UModSys@@D@su@tl@UModSys@@SAPAU?$TSharedStringInfo@DUSIMemAlloc@core@UModSys@@@234@XZ 10001c50 f i plugin_test1.obj
 0001:00000c90       ?set_look_at@?$TMatrix44@N@math3d@UModSys@@QAE_NABU?$TVector3@N@23@00@Z 10001c90 f i plugin_test1.obj
 0001:00000e50       ?set_inversed@?$TMatrix44@N@math3d@UModSys@@QAE_NABU123@@Z 10001e50 f i plugin_test1.obj
 0001:00001230       ??$generate_type@UICollector@libui@UModSys@@@RTest1_Shell@test1@test@modules@UModSys@@SA?AU?$TRefObject@UICollector@libui@UModSys@@U?$TRefObjectFunc@UICollector@libui@UModSys@@@tl@3@@tl@4@ABU?$TString@U?$TSCoreConst@D@su@tl@UModSys@@U?$TComparerBinaryHash@D@234@@64@ABUSParameters@core@4@PBD@Z 10002230 f i plugin_test1.obj
 0001:00001390       ??$generate_type@UITerminal@libui@UModSys@@@RTest1_Shell@test1@test@modules@UModSys@@SA?AU?$TRefObject@UITerminal@libui@UModSys@@U?$TRefObjectFunc@UITerminal@libui@UModSys@@@tl@3@@tl@4@ABU?$TString@U?$TSCoreConst@D@su@tl@UModSys@@U?$TComparerBinaryHash@D@234@@64@ABUSParameters@core@4@PBD@Z 10002390 f i plugin_test1.obj
 0001:000014f0       ??$t_create_handler@UIKeyboardController@libui@UModSys@@@ITerminal@libui@UModSys@@QAE_NAAU?$TRefObject@UIKeyboardController@libui@UModSys@@U?$TRefObjectFunc@UIKeyboardController@libui@UModSys@@@tl@3@@tl@2@PBDPBUSParameters@core@2@@Z 100024f0 f i plugin_test1.obj
 0001:000015a0       ??$t_create_handler@UIMouseController@libui@UModSys@@@ITerminal@libui@UModSys@@QAE_NAAU?$TRefObject@UIMouseController@libui@UModSys@@U?$TRefObjectFunc@UIMouseController@libui@UModSys@@@tl@3@@tl@2@PBDPBUSParameters@core@2@@Z 100025a0 f i plugin_test1.obj
 0001:00001650       ??$t_create_handler@UIRenderDriver@lib3d@UModSys@@@ITerminal@libui@UModSys@@QAE_NAAU?$TRefObject@UIRenderDriver@lib3d@UModSys@@U?$TRefObjectFunc@UIRenderDriver@lib3d@UModSys@@@tl@3@@tl@2@PBDPBUSParameters@core@2@@Z 10002650 f i plugin_test1.obj
 0001:00001700       ??$shash@D@su@tl@UModSys@@YAIPBDI@Z 10002700 f i plugin_test1.obj
 0001:00001740       ?normalize@?$TVector3@N@math3d@UModSys@@QAENXZ 10002740 f i plugin_test1.obj
 0001:000017a0       ?ReLink@?$TDynarray@U?$TDynarrayHolderDynamic@UVertexPC@UI_Info@RTest1_Shell@test1@test@modules@UModSys@@U?$TAllocator@USIMemAlloc@core@UModSys@@USCountCalcPower2@23@@tl@7@@tl@UModSys@@@tl@UModSys@@IAE_NI@Z 100027a0 f i plugin_test1.obj
 0001:000017f0       ??1?$TRefObject@UIModObject@base@UModSys@@U?$TModObjectFunc@UIModObject@base@UModSys@@@tl@3@@tl@UModSys@@QAE@XZ 100027f0 f i plugin_test1.obj
 0001:00001810       ?mult@?$TMatrix44@N@math3d@UModSys@@QAEXABU123@0@Z 10002810 f i plugin_test1.obj
 0001:00001a20       ?get_determinant@?$TMatrix44@N@math3d@UModSys@@QBENXZ 10002a20 f i plugin_test1.obj
 0001:00001ae0       ??$t_ref_get_other_interface@UIStreamReader@libmedia@UModSys@@U?$TRefObjectFunc@UIStreamReader@libmedia@UModSys@@@tl@3@@IRefObject@core@UModSys@@QAE_NAAU?$TRefObject@UIStreamReader@libmedia@UModSys@@U?$TRefObjectFunc@UIStreamReader@libmedia@UModSys@@@tl@3@@tl@2@@Z 10002ae0 f i plugin_test1.obj
 0001:00001b20       ??$t_ref_get_other_interface@UIStreamWriter@libmedia@UModSys@@U?$TRefObjectFunc@UIStreamWriter@libmedia@UModSys@@@tl@3@@IRefObject@core@UModSys@@QAE_NAAU?$TRefObject@UIStreamWriter@libmedia@UModSys@@U?$TRefObjectFunc@UIStreamWriter@libmedia@UModSys@@@tl@3@@tl@2@@Z 10002b20 f i plugin_test1.obj
 0001:00001b60       ??$t_generate@UICollector@libui@UModSys@@@SModuleContext@base@UModSys@@QAE_NAAU?$TRefObject@UICollector@libui@UModSys@@U?$TRefObjectFunc@UICollector@libui@UModSys@@@tl@3@@tl@2@PBUSUniquePointerInfo@core@2@ABUSParameters@62@@Z 10002b60 f i plugin_test1.obj
 0001:00001c10       ??$t_generate@UITerminal@libui@UModSys@@@SModuleContext@base@UModSys@@QAE_NAAU?$TRefObject@UITerminal@libui@UModSys@@U?$TRefObjectFunc@UITerminal@libui@UModSys@@@tl@3@@tl@2@PBUSUniquePointerInfo@core@2@ABUSParameters@62@@Z 10002c10 f i plugin_test1.obj
 0001:00001cc0       ??$t_ref_get_other_interface@UIImage@lib2d@UModSys@@U?$TRefObjectFunc@UIImage@lib2d@UModSys@@@tl@3@@IRefObject@core@UModSys@@QAE_NAAU?$TRefObject@UIImage@lib2d@UModSys@@U?$TRefObjectFunc@UIImage@lib2d@UModSys@@@tl@3@@tl@2@@Z 10002cc0 f i plugin_test1.obj
 0001:00001d00       ??$t_ref_get_other_interface@UIImageFactory@lib2d@UModSys@@U?$TRefObjectFunc@UIImageFactory@lib2d@UModSys@@@tl@3@@IRefObject@core@UModSys@@QAE_NAAU?$TRefObject@UIImageFactory@lib2d@UModSys@@U?$TRefObjectFunc@UIImageFactory@lib2d@UModSys@@@tl@3@@tl@2@@Z 10002d00 f i plugin_test1.obj
 0001:00001d40       ??$t_ref_get_other_interface@UIMultiImage@lib2d@UModSys@@U?$TRefObjectFunc@UIMultiImage@lib2d@UModSys@@@tl@3@@IRefObject@core@UModSys@@QAE_NAAU?$TRefObject@UIMultiImage@lib2d@UModSys@@U?$TRefObjectFunc@UIMultiImage@lib2d@UModSys@@@tl@3@@tl@2@@Z 10002d40 f i plugin_test1.obj
 0001:00001d80       ??$t_ref_get_other_interface@UICollector@libui@UModSys@@U?$TRefObjectFunc@UICollector@libui@UModSys@@@tl@3@@IRefObject@core@UModSys@@QAE_NAAU?$TRefObject@UICollector@libui@UModSys@@U?$TRefObjectFunc@UICollector@libui@UModSys@@@tl@3@@tl@2@@Z 10002d80 f i plugin_test1.obj
 0001:00001dc0       ??$t_ref_get_other_interface@UITerminal@libui@UModSys@@U?$TRefObjectFunc@UITerminal@libui@UModSys@@@tl@3@@IRefObject@core@UModSys@@QAE_NAAU?$TRefObject@UITerminal@libui@UModSys@@U?$TRefObjectFunc@UITerminal@libui@UModSys@@@tl@3@@tl@2@@Z 10002dc0 f i plugin_test1.obj
 0001:00001e00       ?alloc@SMemShared@core@UModSys@@QAE_NIPAUSSourceContext@23@@Z 10002e00 f i umodsys_lib_lib2d:umodsys.mod.2d.stdlib.obj
 0001:00001e40       ?ConvertSameSize@stdlib@lib2d@modules@UModSys@@YA_NW4eImageType@24@ABU?$TVector2@H@math3d@4@11ABUSMem@core@4@11ABUSCMem@94@@Z 10002e40 f i umodsys_lib_lib2d:umodsys.mod.2d.stdlib.obj
 0001:00001ed0       ?ConvertSame@stdlib@lib2d@modules@UModSys@@YA_NW4eImageType@24@ABU?$TBoundBox2@H@math3d@4@ABU?$TVector2@H@74@ABUSMem@core@4@12ABUSCMem@core@4@@Z 10002ed0 f i umodsys_lib_lib2d:umodsys.mod.2d.stdlib.obj
 0001:00001f50       ?Convert@stdlib@lib2d@modules@UModSys@@YA_NABU?$TBoundBox2@H@math3d@4@ABUSImageInfo@24@ABUSMem@core@4@01ABUSCMem@94@@Z 10002f50 f i umodsys_lib_lib2d:umodsys.mod.2d.stdlib.obj
 0001:00001fc0       ?root_get_interface_info@RImage_Memory@stdlib@lib2d@modules@UModSys@@UBEABUSUniquePointerInfo@core@5@XZ 10002fc0 f i umodsys_lib_lib2d:umodsys.mod.2d.stdlib.obj
 0001:00001fd0       ?root_get_interface_type@RImage_Memory@stdlib@lib2d@modules@UModSys@@UBEPBUSUniquePointerInfo@core@5@XZ 10002fd0 f i umodsys_lib_lib2d:umodsys.mod.2d.stdlib.obj
 0001:00001fe0       ?root_get_other_interface@RImage_Memory@stdlib@lib2d@modules@UModSys@@UBEPBUIRoot@core@5@PBUSUniquePointerInfo@75@@Z 10002fe0 f i umodsys_lib_lib2d:umodsys.mod.2d.stdlib.obj
 0001:00001fe0       ?root_get_other_interface@RImage_Memory@stdlib@lib2d@modules@UModSys@@UAEPAUIRoot@core@5@PBUSUniquePointerInfo@75@@Z 10002fe0 f i umodsys_lib_lib2d:umodsys.mod.2d.stdlib.obj
 0001:00002010       ?root_is_interface_supported@RImage_Memory@stdlib@lib2d@modules@UModSys@@UBE_NPBUSUniquePointerInfo@core@5@@Z 10003010 f i umodsys_lib_lib2d:umodsys.mod.2d.stdlib.obj
 0001:00002050       ?root_get_interface_info@RImageFactory_Memory@stdlib@lib2d@modules@UModSys@@UBEABUSUniquePointerInfo@core@5@XZ 10003050 f i umodsys_lib_lib2d:umodsys.mod.2d.stdlib.obj
 0001:00002060       ?root_get_interface_type@RImageFactory_Memory@stdlib@lib2d@modules@UModSys@@UBEPBUSUniquePointerInfo@core@5@XZ 10003060 f i umodsys_lib_lib2d:umodsys.mod.2d.stdlib.obj
 0001:00002070       ?root_get_other_interface@RImageFactory_Memory@stdlib@lib2d@modules@UModSys@@UAEPAUIRoot@core@5@PBUSUniquePointerInfo@75@@Z 10003070 f i umodsys_lib_lib2d:umodsys.mod.2d.stdlib.obj
 0001:00002070       ?root_get_other_interface@RImageFactory_Memory@stdlib@lib2d@modules@UModSys@@UBEPBUIRoot@core@5@PBUSUniquePointerInfo@75@@Z 10003070 f i umodsys_lib_lib2d:umodsys.mod.2d.stdlib.obj
 0001:000020a0       ?root_is_interface_supported@RImageFactory_Memory@stdlib@lib2d@modules@UModSys@@UBE_NPBUSUniquePointerInfo@core@5@@Z 100030a0 f i umodsys_lib_lib2d:umodsys.mod.2d.stdlib.obj
 0001:000020e0       ?root_get_interface_info@RMultiImage@stdlib@lib2d@modules@UModSys@@UBEABUSUniquePointerInfo@core@5@XZ 100030e0 f i umodsys_lib_lib2d:umodsys.mod.2d.stdlib.obj
 0001:000020f0       ?root_get_interface_type@RMultiImage@stdlib@lib2d@modules@UModSys@@UBEPBUSUniquePointerInfo@core@5@XZ 100030f0 f i umodsys_lib_lib2d:umodsys.mod.2d.stdlib.obj
 0001:00002100       ?root_get_other_interface@RMultiImage@stdlib@lib2d@modules@UModSys@@UBEPBUIRoot@core@5@PBUSUniquePointerInfo@75@@Z 10003100 f i umodsys_lib_lib2d:umodsys.mod.2d.stdlib.obj
 0001:00002100       ?root_get_other_interface@RMultiImage@stdlib@lib2d@modules@UModSys@@UAEPAUIRoot@core@5@PBUSUniquePointerInfo@75@@Z 10003100 f i umodsys_lib_lib2d:umodsys.mod.2d.stdlib.obj
 0001:00002130       ?root_is_interface_supported@RMultiImage@stdlib@lib2d@modules@UModSys@@UBE_NPBUSUniquePointerInfo@core@5@@Z 10003130 f i umodsys_lib_lib2d:umodsys.mod.2d.stdlib.obj
 0001:00002170       ?get_generated_names@RGenerator@stdlib@lib2d@modules@UModSys@@UBEHAAUSUniquePtrList@core@5@@Z 10003170 f i umodsys_lib_lib2d:umodsys.mod.2d.stdlib.obj
 0001:000021b0       ?get_generated_types@RGenerator@stdlib@lib2d@modules@UModSys@@UBEHAAUSUniquePtrList@core@5@PBUSUniquePointerInfo@75@@Z 100031b0 f i umodsys_lib_lib2d:umodsys.mod.2d.stdlib.obj
 0001:00002230       ?generate@RGenerator@stdlib@lib2d@modules@UModSys@@UAE_NAAU?$TRefObject@UIRefObject@core@UModSys@@U?$TRefObjectFunc@UIRefObject@core@UModSys@@@tl@3@@tl@5@PBUSUniquePointerInfo@core@5@ABUSParameters@95@@Z 10003230 f i umodsys_lib_lib2d:umodsys.mod.2d.stdlib.obj
 0001:00002290       ?root_get_interface_info@RGenerator@stdlib@lib2d@modules@UModSys@@UBEABUSUniquePointerInfo@core@5@XZ 10003290 f i umodsys_lib_lib2d:umodsys.mod.2d.stdlib.obj
 0001:000022a0       ?root_get_interface_type@RGenerator@stdlib@lib2d@modules@UModSys@@UBEPBUSUniquePointerInfo@core@5@XZ 100032a0 f i umodsys_lib_lib2d:umodsys.mod.2d.stdlib.obj
 0001:000022b0       ?root_get_other_interface@RGenerator@stdlib@lib2d@modules@UModSys@@UBEPBUIRoot@core@5@PBUSUniquePointerInfo@75@@Z 100032b0 f i umodsys_lib_lib2d:umodsys.mod.2d.stdlib.obj
 0001:000022b0       ?root_get_other_interface@RGenerator@stdlib@lib2d@modules@UModSys@@UAEPAUIRoot@core@5@PBUSUniquePointerInfo@75@@Z 100032b0 f i umodsys_lib_lib2d:umodsys.mod.2d.stdlib.obj
 0001:000022f0       ?root_is_interface_supported@RGenerator@stdlib@lib2d@modules@UModSys@@UBE_NPBUSUniquePointerInfo@core@5@@Z 100032f0 f i umodsys_lib_lib2d:umodsys.mod.2d.stdlib.obj
 0001:00002330       ?get_uid@RGenerator@stdlib@lib2d@modules@UModSys@@UBEPBUSUniquePointerInfo@core@5@XZ 10003330 f i umodsys_lib_lib2d:umodsys.mod.2d.stdlib.obj
 0001:00002340       ??4State@RImage_Memory@stdlib@lib2d@modules@UModSys@@QAEAAU012345@ABU012345@@Z 10003340 f i umodsys_lib_lib2d:umodsys.mod.2d.stdlib.obj
 0001:000023f0       ??_GRImage_Memory@stdlib@lib2d@modules@UModSys@@UAEPAXI@Z 100033f0 f i umodsys_lib_lib2d:umodsys.mod.2d.stdlib.obj
 0001:000023f0       ??_ERImage_Memory@stdlib@lib2d@modules@UModSys@@UAEPAXI@Z 100033f0 f i  CIL library: CIL module
 0001:00002410       ??_ERImageFactory_Memory@stdlib@lib2d@modules@UModSys@@UAEPAXI@Z 10003410 f i  CIL library: CIL module
 0001:00002410       ??_GRImageFactory_Memory@stdlib@lib2d@modules@UModSys@@UAEPAXI@Z 10003410 f i umodsys_lib_lib2d:umodsys.mod.2d.stdlib.obj
 0001:00002430       ??_ERMultiImage@stdlib@lib2d@modules@UModSys@@UAEPAXI@Z 10003430 f i  CIL library: CIL module
 0001:00002430       ??_GRMultiImage@stdlib@lib2d@modules@UModSys@@UAEPAXI@Z 10003430 f i umodsys_lib_lib2d:umodsys.mod.2d.stdlib.obj
 0001:00002450       ?do_open@RModuleReg@stdlib@lib2d@modules@UModSys@@UAE_NXZ 10003450 f i umodsys_lib_lib2d:umodsys.mod.2d.stdlib.obj
 0001:00002460       ?do_close@RModuleReg@stdlib@lib2d@modules@UModSys@@UAE_NXZ 10003460 f i umodsys_lib_lib2d:umodsys.mod.2d.stdlib.obj
 0001:00002470       ??_ERModuleReg@stdlib@lib2d@modules@UModSys@@UAEPAXI@Z 10003470 f i  CIL library: CIL module
 0001:00002470       ??_GRModuleReg@stdlib@lib2d@modules@UModSys@@UAEPAXI@Z 10003470 f i umodsys_lib_lib2d:umodsys.mod.2d.stdlib.obj
 0001:000024a0       ??1?$TDynarrayDynamic@USImageCellInfo@lib2d@UModSys@@U?$TAllocator@USIMemAlloc@core@UModSys@@USCountCalcPower2@23@@tl@3@@tl@UModSys@@QAE@XZ 100034a0 f i umodsys_lib_lib2d:umodsys.mod.2d.stdlib.obj
 0001:000024d0       ??1?$TDynarrayDynamic@U?$TRefObject@UIImage@lib2d@UModSys@@U?$TRefObjectFunc@UIImage@lib2d@UModSys@@@tl@3@@tl@UModSys@@U?$TAllocator@USIMemAlloc@core@UModSys@@USCountCalcPower2@23@@23@@tl@UModSys@@QAE@XZ 100034d0 f i umodsys_lib_lib2d:umodsys.mod.2d.stdlib.obj
 0001:00002520       ?Free@?$TDynarray@U?$TDynarrayHolderDynamic@USImageCellInfo@lib2d@UModSys@@U?$TAllocator@USIMemAlloc@core@UModSys@@USCountCalcPower2@23@@tl@3@@tl@UModSys@@@tl@UModSys@@QAE_NXZ 10003520 f i umodsys_lib_lib2d:umodsys.mod.2d.stdlib.obj
 0001:00002580       ?ResizeRel@?$TDynarray@U?$TDynarrayHolderDynamic@U?$TRefObject@UIImage@lib2d@UModSys@@U?$TRefObjectFunc@UIImage@lib2d@UModSys@@@tl@3@@tl@UModSys@@U?$TAllocator@USIMemAlloc@core@UModSys@@USCountCalcPower2@23@@23@@tl@UModSys@@@tl@UModSys@@QAE_NH@Z 10003580 f i umodsys_lib_lib2d:umodsys.mod.2d.stdlib.obj
 0001:000025f0       ??$t_gen_param@URImage_Memory@stdlib@lib2d@modules@UModSys@@URGenerator@2345@@IGenerator@base@UModSys@@IAE_NPAURGenerator@stdlib@lib2d@modules@2@AAU?$TRefObject@UIRefObject@core@UModSys@@U?$TRefObjectFunc@UIRefObject@core@UModSys@@@tl@3@@tl@2@PBUSUniquePointerInfo@core@2@ABUSParameters@core@2@@Z 100035f0 f i umodsys_lib_lib2d:umodsys.mod.2d.stdlib.obj
 0001:00002660       ??$t_gen_param@URImageFactory_Memory@stdlib@lib2d@modules@UModSys@@URGenerator@2345@@IGenerator@base@UModSys@@IAE_NPAURGenerator@stdlib@lib2d@modules@2@AAU?$TRefObject@UIRefObject@core@UModSys@@U?$TRefObjectFunc@UIRefObject@core@UModSys@@@tl@3@@tl@2@PBUSUniquePointerInfo@core@2@ABUSParameters@core@2@@Z 10003660 f i umodsys_lib_lib2d:umodsys.mod.2d.stdlib.obj
 0001:000026e0       ??$t_gen_param@URMultiImage@stdlib@lib2d@modules@UModSys@@URGenerator@2345@@IGenerator@base@UModSys@@IAE_NPAURGenerator@stdlib@lib2d@modules@2@AAU?$TRefObject@UIRefObject@core@UModSys@@U?$TRefObjectFunc@UIRefObject@core@UModSys@@@tl@3@@tl@2@PBUSUniquePointerInfo@core@2@ABUSParameters@core@2@@Z 100036e0 f i umodsys_lib_lib2d:umodsys.mod.2d.stdlib.obj
 0001:00002760       ?ReLink@?$TDynarray@U?$TDynarrayHolderDynamic@UNode@RSerializeWriter@serialize_json@media@modules@UModSys@@U?$TAllocator@USIMemAlloc@core@UModSys@@USCountCalcPower2@23@@tl@6@@tl@UModSys@@@tl@UModSys@@IAE_NI@Z 10003760 f i umodsys_lib_libmedia:umodsys.mod.media.serialize_json.obj
 0001:00002760       ?ReLink@?$TDynarray@U?$TDynarrayHolderDynamic@USImageCellInfo@lib2d@UModSys@@U?$TAllocator@USIMemAlloc@core@UModSys@@USCountCalcPower2@23@@tl@3@@tl@UModSys@@@tl@UModSys@@IAE_NI@Z 10003760 f i umodsys_lib_lib2d:umodsys.mod.2d.stdlib.obj
 0001:000027b0       ??$ValidateConstruction@UIRefObject@core@UModSys@@URMultiImage@stdlib@lib2d@modules@3@@core@UModSys@@YA_NAAU?$TRefObject@UIRefObject@core@UModSys@@U?$TRefObjectFunc@UIRefObject@core@UModSys@@@tl@3@@tl@1@PAURMultiImage@stdlib@lib2d@modules@1@@Z 100037b0 f i umodsys_lib_lib2d:umodsys.mod.2d.stdlib.obj
 0001:00002840       ?set_stage@SGLFuncs@SDL_GL@ui@modules@UModSys@@QBEXH@Z 10003840 f i umodsys_lib_libui:umodsys.mod.ui.SDL_GL.obj
 0001:00002880       ?set_bound@SGLFuncs@SDL_GL@ui@modules@UModSys@@QBEXI@Z 10003880 f i umodsys_lib_libui:umodsys.mod.ui.SDL_GL.obj
 0001:000028b0       ?set_composite_all@SGLFuncsLegacy@SDL_GL@ui@modules@UModSys@@QBEXH@Z 100038b0 f i umodsys_lib_libui:umodsys.mod.ui.SDL_GL.obj
 0001:00002940       ?force@TextureInfo@SGLFuncs@SDL_GL@ui@modules@UModSys@@QBEXABU23456@@Z 10003940 f i umodsys_lib_libui:umodsys.mod.ui.SDL_GL.obj
 0001:000029a0       ?set_minmag@TextureInfo@SGLFuncs@SDL_GL@ui@modules@UModSys@@QBEXABU23456@HH@Z 100039a0 f i umodsys_lib_libui:umodsys.mod.ui.SDL_GL.obj
 0001:000029e0       ?set_wrap@TextureInfo@SGLFuncs@SDL_GL@ui@modules@UModSys@@QBEXABU23456@HH@Z 100039e0 f i umodsys_lib_libui:umodsys.mod.ui.SDL_GL.obj
 0001:00002a20       ?crebind@STextureGL@SDL_GL@ui@modules@UModSys@@QAEX_N@Z 10003a20 f i umodsys_lib_libui:umodsys.mod.ui.SDL_GL.obj
 0001:00002a50       ?root_get_interface_info@RKeyboardController@SDL_GL@ui@modules@UModSys@@UBEABUSUniquePointerInfo@core@5@XZ 10003a50 f i umodsys_lib_libui:umodsys.mod.ui.SDL_GL.obj
 0001:00002a60       ?root_get_interface_type@RKeyboardController@SDL_GL@ui@modules@UModSys@@UBEPBUSUniquePointerInfo@core@5@XZ 10003a60 f i umodsys_lib_libui:umodsys.mod.ui.SDL_GL.obj
 0001:00002a70       ?root_get_other_interface@RKeyboardController@SDL_GL@ui@modules@UModSys@@UAEPAUIRoot@core@5@PBUSUniquePointerInfo@75@@Z 10003a70 f i umodsys_lib_libui:umodsys.mod.ui.SDL_GL.obj
 0001:00002a70       ?root_get_other_interface@RKeyboardController@SDL_GL@ui@modules@UModSys@@UBEPBUIRoot@core@5@PBUSUniquePointerInfo@75@@Z 10003a70 f i umodsys_lib_libui:umodsys.mod.ui.SDL_GL.obj
 0001:00002aa0       ?root_is_interface_supported@RKeyboardController@SDL_GL@ui@modules@UModSys@@UBE_NPBUSUniquePointerInfo@core@5@@Z 10003aa0 f i umodsys_lib_libui:umodsys.mod.ui.SDL_GL.obj
 0001:00002ae0       ?ref_remove@RMouseController@SDL_GL@ui@modules@UModSys@@UBEXXZ 10003ae0 f i umodsys_lib_libui:umodsys.mod.ui.SDL_GL.obj
 0001:00002ae0       ?ref_remove@RKeyboardController@SDL_GL@ui@modules@UModSys@@UBEXXZ 10003ae0 f i umodsys_lib_libui:umodsys.mod.ui.SDL_GL.obj
 0001:00002ae0       ?ref_remove@RKeyboardController@SDL_core@ui@modules@UModSys@@UBEXXZ 10003ae0 f i umodsys_lib_libui:umodsys.mod.ui.SDL_core.obj
 0001:00002ae0       ?ref_remove@RRenderDriver3D@SDL_GL@ui@modules@UModSys@@UBEXXZ 10003ae0 f i umodsys_lib_libui:umodsys.mod.ui.SDL_GL.obj
 0001:00002ae0       ?ref_remove@RMouseController@SDL_core@ui@modules@UModSys@@UBEXXZ 10003ae0 f i umodsys_lib_libui:umodsys.mod.ui.SDL_core.obj
 0001:00002ae0       ?ref_remove@RRenderDriver2D@SDL_core@ui@modules@UModSys@@UBEXXZ 10003ae0 f i umodsys_lib_libui:umodsys.mod.ui.SDL_core.obj
 0001:00002af0       ?root_get_interface_info@RMouseController@SDL_GL@ui@modules@UModSys@@UBEABUSUniquePointerInfo@core@5@XZ 10003af0 f i umodsys_lib_libui:umodsys.mod.ui.SDL_GL.obj
 0001:00002b00       ?root_get_interface_type@RMouseController@SDL_GL@ui@modules@UModSys@@UBEPBUSUniquePointerInfo@core@5@XZ 10003b00 f i umodsys_lib_libui:umodsys.mod.ui.SDL_GL.obj
 0001:00002b10       ?root_get_other_interface@RMouseController@SDL_GL@ui@modules@UModSys@@UBEPBUIRoot@core@5@PBUSUniquePointerInfo@75@@Z 10003b10 f i umodsys_lib_libui:umodsys.mod.ui.SDL_GL.obj
 0001:00002b10       ?root_get_other_interface@RMouseController@SDL_GL@ui@modules@UModSys@@UAEPAUIRoot@core@5@PBUSUniquePointerInfo@75@@Z 10003b10 f i umodsys_lib_libui:umodsys.mod.ui.SDL_GL.obj
 0001:00002b40       ?root_is_interface_supported@RMouseController@SDL_GL@ui@modules@UModSys@@UBE_NPBUSUniquePointerInfo@core@5@@Z 10003b40 f i umodsys_lib_libui:umodsys.mod.ui.SDL_GL.obj
 0001:00002b80       ?ref_add@RMouseController@SDL_core@ui@modules@UModSys@@UBEXXZ 10003b80 f i umodsys_lib_libui:umodsys.mod.ui.SDL_core.obj
 0001:00002b80       ?ref_add@RRenderDriver3D@SDL_GL@ui@modules@UModSys@@UBEXXZ 10003b80 f i umodsys_lib_libui:umodsys.mod.ui.SDL_GL.obj
 0001:00002b80       ?ref_add@RKeyboardController@SDL_GL@ui@modules@UModSys@@UBEXXZ 10003b80 f i umodsys_lib_libui:umodsys.mod.ui.SDL_GL.obj
 0001:00002b80       ?ref_add@RMouseController@SDL_GL@ui@modules@UModSys@@UBEXXZ 10003b80 f i umodsys_lib_libui:umodsys.mod.ui.SDL_GL.obj
 0001:00002b80       ?ref_add@RKeyboardController@SDL_core@ui@modules@UModSys@@UBEXXZ 10003b80 f i umodsys_lib_libui:umodsys.mod.ui.SDL_core.obj
 0001:00002b80       ?ref_add@RRenderDriver2D@SDL_core@ui@modules@UModSys@@UBEXXZ 10003b80 f i umodsys_lib_libui:umodsys.mod.ui.SDL_core.obj
 0001:00002b90       ?root_get_interface_info@RTerminal@SDL_GL@ui@modules@UModSys@@UBEABUSUniquePointerInfo@core@5@XZ 10003b90 f i umodsys_lib_libui:umodsys.mod.ui.SDL_GL.obj
 0001:00002ba0       ?root_get_interface_type@RTerminal@SDL_GL@ui@modules@UModSys@@UBEPBUSUniquePointerInfo@core@5@XZ 10003ba0 f i umodsys_lib_libui:umodsys.mod.ui.SDL_GL.obj
 0001:00002bb0       ?root_get_other_interface@RTerminal@SDL_GL@ui@modules@UModSys@@UBEPBUIRoot@core@5@PBUSUniquePointerInfo@75@@Z 10003bb0 f i umodsys_lib_libui:umodsys.mod.ui.SDL_GL.obj
 0001:00002bb0       ?root_get_other_interface@RTerminal@SDL_GL@ui@modules@UModSys@@UAEPAUIRoot@core@5@PBUSUniquePointerInfo@75@@Z 10003bb0 f i umodsys_lib_libui:umodsys.mod.ui.SDL_GL.obj
 0001:00002be0       ?root_is_interface_supported@RTerminal@SDL_GL@ui@modules@UModSys@@UBE_NPBUSUniquePointerInfo@core@5@@Z 10003be0 f i umodsys_lib_libui:umodsys.mod.ui.SDL_GL.obj
 0001:00002c20       ?root_get_interface_info@RMultiImage2D_SDL_ttf@SDL_GL@ui@modules@UModSys@@UBEABUSUniquePointerInfo@core@5@XZ 10003c20 f i umodsys_lib_libui:umodsys.mod.ui.SDL_GL.obj
 0001:00002c30       ?root_get_interface_type@RMultiImage2D_SDL_ttf@SDL_GL@ui@modules@UModSys@@UBEPBUSUniquePointerInfo@core@5@XZ 10003c30 f i umodsys_lib_libui:umodsys.mod.ui.SDL_GL.obj
 0001:00002c40       ?root_get_other_interface@RMultiImage2D_SDL_ttf@SDL_GL@ui@modules@UModSys@@UBEPBUIRoot@core@5@PBUSUniquePointerInfo@75@@Z 10003c40 f i umodsys_lib_libui:umodsys.mod.ui.SDL_GL.obj
 0001:00002c40       ?root_get_other_interface@RMultiImage2D_SDL_ttf@SDL_GL@ui@modules@UModSys@@UAEPAUIRoot@core@5@PBUSUniquePointerInfo@75@@Z 10003c40 f i umodsys_lib_libui:umodsys.mod.ui.SDL_GL.obj
 0001:00002c70       ?root_is_interface_supported@RMultiImage2D_SDL_ttf@SDL_GL@ui@modules@UModSys@@UBE_NPBUSUniquePointerInfo@core@5@@Z 10003c70 f i umodsys_lib_libui:umodsys.mod.ui.SDL_GL.obj
 0001:00002cb0       ??1Glyph@RMultiImage2D_SDL_ttf@SDL_GL@ui@modules@UModSys@@QAE@XZ 10003cb0 f i umodsys_lib_libui:umodsys.mod.ui.SDL_GL.obj
 0001:00002d00       ?get_max_cell_size@RMultiImage2D_SDL_ttf@SDL_core@ui@modules@UModSys@@UBE?AU?$TVector2@H@math3d@5@XZ 10003d00 f i umodsys_lib_libui:umodsys.mod.ui.SDL_core.obj
 0001:00002d00       ?get_fixed_cell_size@RMultiImage2D_SDL_ttf@SDL_core@ui@modules@UModSys@@UBE?AU?$TVector2@H@math3d@5@XZ 10003d00 f i umodsys_lib_libui:umodsys.mod.ui.SDL_core.obj
 0001:00002d00       ?get_fixed_cell_size@RMultiImage2D_SDL_ttf@SDL_GL@ui@modules@UModSys@@UBE?AU?$TVector2@H@math3d@5@XZ 10003d00 f i umodsys_lib_libui:umodsys.mod.ui.SDL_GL.obj
 0001:00002d00       ?get_max_layer_size@RMultiImage2D_SDL_ttf@SDL_core@ui@modules@UModSys@@UBE?AU?$TVector2@H@math3d@5@XZ 10003d00 f i umodsys_lib_libui:umodsys.mod.ui.SDL_core.obj
 0001:00002d00       ?get_max_cell_size@RMultiImage2D_SDL_ttf@SDL_GL@ui@modules@UModSys@@UBE?AU?$TVector2@H@math3d@5@XZ 10003d00 f i umodsys_lib_libui:umodsys.mod.ui.SDL_GL.obj
 0001:00002d00       ?get_max_layer_size@RMultiImage2D_SDL_ttf@SDL_GL@ui@modules@UModSys@@UBE?AU?$TVector2@H@math3d@5@XZ 10003d00 f i umodsys_lib_libui:umodsys.mod.ui.SDL_GL.obj
 0001:00002d20       ?get_cell@RMultiImage2D_SDL_ttf@SDL_core@ui@modules@UModSys@@UBE_NIAAU?$TVector2@H@math3d@5@PAU675@PAG@Z 10003d20 f i umodsys_lib_libui:umodsys.mod.ui.SDL_core.obj
 0001:00002d20       ?get_cell@RMultiImage2D_SDL_ttf@SDL_GL@ui@modules@UModSys@@UBE_NIAAU?$TVector2@H@math3d@5@PAU675@PAG@Z 10003d20 f i umodsys_lib_libui:umodsys.mod.ui.SDL_GL.obj
 0001:00002d30       ?root_get_interface_info@RRenderDriver3D@SDL_GL@ui@modules@UModSys@@UBEABUSUniquePointerInfo@core@5@XZ 10003d30 f i umodsys_lib_libui:umodsys.mod.ui.SDL_GL.obj
 0001:00002d40       ?root_get_interface_type@RRenderDriver3D@SDL_GL@ui@modules@UModSys@@UBEPBUSUniquePointerInfo@core@5@XZ 10003d40 f i umodsys_lib_libui:umodsys.mod.ui.SDL_GL.obj
 0001:00002d50       ?root_get_other_interface@RRenderDriver3D@SDL_GL@ui@modules@UModSys@@UBEPBUIRoot@core@5@PBUSUniquePointerInfo@75@@Z 10003d50 f i umodsys_lib_libui:umodsys.mod.ui.SDL_GL.obj
 0001:00002d50       ?root_get_other_interface@RRenderDriver3D@SDL_GL@ui@modules@UModSys@@UAEPAUIRoot@core@5@PBUSUniquePointerInfo@75@@Z 10003d50 f i umodsys_lib_libui:umodsys.mod.ui.SDL_GL.obj
 0001:00002d90       ?root_is_interface_supported@RRenderDriver3D@SDL_GL@ui@modules@UModSys@@UBE_NPBUSUniquePointerInfo@core@5@@Z 10003d90 f i umodsys_lib_libui:umodsys.mod.ui.SDL_GL.obj
 0001:00002dd0       ?ref_weak@RKeyboardController@SDL_core@ui@modules@UModSys@@UBE_NAAUWeakPointer@IRefObject@core@5@@Z 10003dd0 f i umodsys_lib_libui:umodsys.mod.ui.SDL_core.obj
 0001:00002dd0       ?ref_weak@RRenderDriver2D@SDL_core@ui@modules@UModSys@@UBE_NAAUWeakPointer@IRefObject@core@5@@Z 10003dd0 f i umodsys_lib_libui:umodsys.mod.ui.SDL_core.obj
 0001:00002dd0       ?ref_weak@RMouseController@SDL_GL@ui@modules@UModSys@@UBE_NAAUWeakPointer@IRefObject@core@5@@Z 10003dd0 f i umodsys_lib_libui:umodsys.mod.ui.SDL_GL.obj
 0001:00002dd0       ?ref_weak@RKeyboardController@SDL_GL@ui@modules@UModSys@@UBE_NAAUWeakPointer@IRefObject@core@5@@Z 10003dd0 f i umodsys_lib_libui:umodsys.mod.ui.SDL_GL.obj
 0001:00002dd0       ?ref_weak@RMouseController@SDL_core@ui@modules@UModSys@@UBE_NAAUWeakPointer@IRefObject@core@5@@Z 10003dd0 f i umodsys_lib_libui:umodsys.mod.ui.SDL_core.obj
 0001:00002dd0       ?ref_weak@RRenderDriver3D@SDL_GL@ui@modules@UModSys@@UBE_NAAUWeakPointer@IRefObject@core@5@@Z 10003dd0 f i umodsys_lib_libui:umodsys.mod.ui.SDL_GL.obj
 0001:00002de0       ?suicide@RRenderDriver2D@SDL_core@ui@modules@UModSys@@UAEXXZ 10003de0 f i umodsys_lib_libui:umodsys.mod.ui.SDL_core.obj
 0001:00002de0       ?suicide@RKeyboardController@SDL_GL@ui@modules@UModSys@@UAEXXZ 10003de0 f i umodsys_lib_libui:umodsys.mod.ui.SDL_GL.obj
 0001:00002de0       ?suicide@RKeyboardController@SDL_core@ui@modules@UModSys@@UAEXXZ 10003de0 f i umodsys_lib_libui:umodsys.mod.ui.SDL_core.obj
 0001:00002de0       ?suicide@RRenderDriver3D@SDL_GL@ui@modules@UModSys@@UAEXXZ 10003de0 f i umodsys_lib_libui:umodsys.mod.ui.SDL_GL.obj
 0001:00002de0       ?suicide@RMouseController@SDL_GL@ui@modules@UModSys@@UAEXXZ 10003de0 f i umodsys_lib_libui:umodsys.mod.ui.SDL_GL.obj
 0001:00002de0       ?suicide@RMouseController@SDL_core@ui@modules@UModSys@@UAEXXZ 10003de0 f i umodsys_lib_libui:umodsys.mod.ui.SDL_core.obj
 0001:00002df0       ?root_get_interface_info@RTerminalX@SDL_GL@ui@modules@UModSys@@UBEABUSUniquePointerInfo@core@5@XZ 10003df0 f i umodsys_lib_libui:umodsys.mod.ui.SDL_GL.obj
 0001:00002e00       ?root_get_interface_type@RTerminalX@SDL_GL@ui@modules@UModSys@@UBEPBUSUniquePointerInfo@core@5@XZ 10003e00 f i umodsys_lib_libui:umodsys.mod.ui.SDL_GL.obj
 0001:00002e10       ?root_get_other_interface@RTerminalX@SDL_GL@ui@modules@UModSys@@UAEPAUIRoot@core@5@PBUSUniquePointerInfo@75@@Z 10003e10 f i umodsys_lib_libui:umodsys.mod.ui.SDL_GL.obj
 0001:00002e10       ?root_get_other_interface@RTerminalX@SDL_GL@ui@modules@UModSys@@UBEPBUIRoot@core@5@PBUSUniquePointerInfo@75@@Z 10003e10 f i umodsys_lib_libui:umodsys.mod.ui.SDL_GL.obj
 0001:00002e40       ?root_is_interface_supported@RTerminalX@SDL_GL@ui@modules@UModSys@@UBE_NPBUSUniquePointerInfo@core@5@@Z 10003e40 f i umodsys_lib_libui:umodsys.mod.ui.SDL_GL.obj
 0001:00002e80       ?root_get_interface_info@RVertexArray@SDL_GL@ui@modules@UModSys@@UBEABUSUniquePointerInfo@core@5@XZ 10003e80 f i umodsys_lib_libui:umodsys.mod.ui.SDL_GL.obj
 0001:00002e90       ?root_get_interface_type@RVertexArray@SDL_GL@ui@modules@UModSys@@UBEPBUSUniquePointerInfo@core@5@XZ 10003e90 f i umodsys_lib_libui:umodsys.mod.ui.SDL_GL.obj
 0001:00002ea0       ?root_get_other_interface@RVertexArray@SDL_GL@ui@modules@UModSys@@UAEPAUIRoot@core@5@PBUSUniquePointerInfo@75@@Z 10003ea0 f i umodsys_lib_libui:umodsys.mod.ui.SDL_GL.obj
 0001:00002ea0       ?root_get_other_interface@RVertexArray@SDL_GL@ui@modules@UModSys@@UBEPBUIRoot@core@5@PBUSUniquePointerInfo@75@@Z 10003ea0 f i umodsys_lib_libui:umodsys.mod.ui.SDL_GL.obj
 0001:00002ed0       ?root_is_interface_supported@RVertexArray@SDL_GL@ui@modules@UModSys@@UBE_NPBUSUniquePointerInfo@core@5@@Z 10003ed0 f i umodsys_lib_libui:umodsys.mod.ui.SDL_GL.obj
 0001:00002f10       ?suicide@RMultiImage2D_SDL_ttf@SDL_core@ui@modules@UModSys@@UAEXXZ 10003f10 f i umodsys_lib_libui:umodsys.mod.ui.SDL_core.obj
 0001:00002f10       ?suicide@RVertexArray@SDL_GL@ui@modules@UModSys@@UAEXXZ 10003f10 f i umodsys_lib_libui:umodsys.mod.ui.SDL_GL.obj
 0001:00002f10       ?suicide@RDialog@frames@ui@modules@UModSys@@UAEXXZ 10003f10 f i umodsys_lib_libui:umodsys.mod.ui.frames.obj
 0001:00002f10       ?suicide@RMultiImage2D_SDL_ttf@SDL_GL@ui@modules@UModSys@@UAEXXZ 10003f10 f i umodsys_lib_libui:umodsys.mod.ui.SDL_GL.obj
 0001:00002f20       ?get_generated_names@RGenerator@SDL_GL@ui@modules@UModSys@@UBEHAAUSUniquePtrList@core@5@@Z 10003f20 f i umodsys_lib_libui:umodsys.mod.ui.SDL_GL.obj
 0001:00002f40       ?get_generated_types@RGenerator@SDL_GL@ui@modules@UModSys@@UBEHAAUSUniquePtrList@core@5@PBUSUniquePointerInfo@75@@Z 10003f40 f i umodsys_lib_libui:umodsys.mod.ui.SDL_GL.obj
 0001:00002f90       ?generate@RGenerator@SDL_GL@ui@modules@UModSys@@UAE_NAAU?$TRefObject@UIRefObject@core@UModSys@@U?$TRefObjectFunc@UIRefObject@core@UModSys@@@tl@3@@tl@5@PBUSUniquePointerInfo@core@5@ABUSParameters@95@@Z 10003f90 f i umodsys_lib_libui:umodsys.mod.ui.SDL_GL.obj
 0001:00002fc0       ?root_get_interface_info@RGenerator@SDL_GL@ui@modules@UModSys@@UBEABUSUniquePointerInfo@core@5@XZ 10003fc0 f i umodsys_lib_libui:umodsys.mod.ui.SDL_GL.obj
 0001:00002fd0       ?root_get_interface_type@RGenerator@SDL_GL@ui@modules@UModSys@@UBEPBUSUniquePointerInfo@core@5@XZ 10003fd0 f i umodsys_lib_libui:umodsys.mod.ui.SDL_GL.obj
 0001:00002fe0       ?root_get_other_interface@RGenerator@SDL_GL@ui@modules@UModSys@@UBEPBUIRoot@core@5@PBUSUniquePointerInfo@75@@Z 10003fe0 f i umodsys_lib_libui:umodsys.mod.ui.SDL_GL.obj
 0001:00002fe0       ?root_get_other_interface@RGenerator@SDL_GL@ui@modules@UModSys@@UAEPAUIRoot@core@5@PBUSUniquePointerInfo@75@@Z 10003fe0 f i umodsys_lib_libui:umodsys.mod.ui.SDL_GL.obj
 0001:00003020       ?root_is_interface_supported@RGenerator@SDL_GL@ui@modules@UModSys@@UBE_NPBUSUniquePointerInfo@core@5@@Z 10004020 f i umodsys_lib_libui:umodsys.mod.ui.SDL_GL.obj
 0001:00003060       ?suicide@RGenerator@zlib@media@modules@UModSys@@UAEXXZ 10004060 f i umodsys_lib_libmedia:umodsys.mod.media.zlib.obj
 0001:00003060       ?suicide@RGenerator@serialize_json@media@modules@UModSys@@UAEXXZ 10004060 f i umodsys_lib_libmedia:umodsys.mod.media.serialize_json.obj
 0001:00003060       ?suicide@RGenerator@SDL_core@ui@modules@UModSys@@UAEXXZ 10004060 f i umodsys_lib_libui:umodsys.mod.ui.SDL_core.obj
 0001:00003060       ??3@YAXPAX0@Z              10004060 f i plugin_test1.obj
 0001:00003060       ?suicide@RGenerator@frames@ui@modules@UModSys@@UAEXXZ 10004060 f i umodsys_lib_libui:umodsys.mod.ui.frames.obj
 0001:00003060       ?suicide@RGenerator@stdlib@lib2d@modules@UModSys@@UAEXXZ 10004060 f i umodsys_lib_lib2d:umodsys.mod.2d.stdlib.obj
 0001:00003060       ?suicide@RGenerator@test1@test@modules@UModSys@@UAEXXZ 10004060 f i plugin_test1.obj
 0001:00003060       ?suicide@RGenerator@SDL_GL@ui@modules@UModSys@@UAEXXZ 10004060 f i umodsys_lib_libui:umodsys.mod.ui.SDL_GL.obj
 0001:00003060       ?suicide@RGenerator@images_std@media@modules@UModSys@@UAEXXZ 10004060 f i umodsys_lib_libmedia:umodsys.mod.media.images_std.obj
 0001:00003070       ?get_uid@RGenerator@SDL_GL@ui@modules@UModSys@@UBEPBUSUniquePointerInfo@core@5@XZ 10004070 f i umodsys_lib_libui:umodsys.mod.ui.SDL_GL.obj
 0001:00003080       ??_ERKeyboardController@SDL_GL@ui@modules@UModSys@@UAEPAXI@Z 10004080 f i  CIL library: CIL module
 0001:00003080       ??_GRKeyboardController@SDL_GL@ui@modules@UModSys@@UAEPAXI@Z 10004080 f i umodsys_lib_libui:umodsys.mod.ui.SDL_GL.obj
 0001:000030a0       ??_GRMouseController@SDL_GL@ui@modules@UModSys@@UAEPAXI@Z 100040a0 f i umodsys_lib_libui:umodsys.mod.ui.SDL_GL.obj
 0001:000030a0       ??_ERMouseController@SDL_GL@ui@modules@UModSys@@UAEPAXI@Z 100040a0 f i  CIL library: CIL module
 0001:000030c0       ??_GRTerminal@SDL_GL@ui@modules@UModSys@@UAEPAXI@Z 100040c0 f i umodsys_lib_libui:umodsys.mod.ui.SDL_GL.obj
 0001:000030c0       ??_ERTerminal@SDL_GL@ui@modules@UModSys@@UAEPAXI@Z 100040c0 f i  CIL library: CIL module
 0001:000030e0       ??_GRMultiImage2D_SDL_ttf@SDL_GL@ui@modules@UModSys@@UAEPAXI@Z 100040e0 f i umodsys_lib_libui:umodsys.mod.ui.SDL_GL.obj
 0001:000030e0       ??_ERMultiImage2D_SDL_ttf@SDL_GL@ui@modules@UModSys@@UAEPAXI@Z 100040e0 f i  CIL library: CIL module
 0001:00003100       ?set_flags@SGLFuncs@SDL_GL@ui@modules@UModSys@@QBEXPBUTextureInfo@12345@ABUSRenderMapFlags@lib3d@5@@Z 10004100 f i umodsys_lib_libui:umodsys.mod.ui.SDL_GL.obj
 0001:00003160       ??_ERRenderDriver3D@SDL_GL@ui@modules@UModSys@@UAEPAXI@Z 10004160 f i  CIL library: CIL module
 0001:00003160       ??_GRRenderDriver3D@SDL_GL@ui@modules@UModSys@@UAEPAXI@Z 10004160 f i umodsys_lib_libui:umodsys.mod.ui.SDL_GL.obj
 0001:00003180       ??_ERVertexArray@SDL_GL@ui@modules@UModSys@@UAEPAXI@Z 10004180 f i  CIL library: CIL module
 0001:00003180       ??_GRVertexArray@SDL_GL@ui@modules@UModSys@@UAEPAXI@Z 10004180 f i umodsys_lib_libui:umodsys.mod.ui.SDL_GL.obj
 0001:000031a0       ??1IShell@base@UModSys@@UAE@XZ 100041a0 f i plugin_test1.obj
 0001:000031a0       ??1ICollector@libui@UModSys@@UAE@XZ 100041a0 f i umodsys_lib_libui:umodsys.mod.ui.frames.obj
 0001:000031a0       ??1IImage@lib2d@UModSys@@UAE@XZ 100041a0 f i umodsys_lib_lib2d:umodsys.mod.2d.stdlib.obj
 0001:000031a0       ??1ISerializeReader@libmedia@UModSys@@UAE@XZ 100041a0 f i umodsys_lib_libmedia:umodsys.mod.media.serialize_json.obj
 0001:000031a0       ??1IDialog@libui@UModSys@@UAE@XZ 100041a0 f i umodsys_lib_libui:umodsys.mod.ui.frames.obj
 0001:000031a0       ??1IKeyboardController@libui@UModSys@@UAE@XZ 100041a0 f i umodsys_lib_libui:umodsys.mod.ui.SDL_GL.obj
 0001:000031a0       ??1IRenderDriver@lib2d@UModSys@@UAE@XZ 100041a0 f i umodsys_lib_libui:umodsys.mod.ui.SDL_GL.obj
 0001:000031a0       ??1IRenderDriver@lib3d@UModSys@@UAE@XZ 100041a0 f i umodsys_lib_libui:umodsys.mod.ui.SDL_GL.obj
 0001:000031a0       ??1IMouseController@libui@UModSys@@UAE@XZ 100041a0 f i umodsys_lib_libui:umodsys.mod.ui.SDL_GL.obj
 0001:000031a0       ??1IMultiImage@lib2d@UModSys@@UAE@XZ 100041a0 f i umodsys_lib_lib2d:umodsys.mod.2d.stdlib.obj
 0001:000031a0       ??1IImageFactory@lib2d@UModSys@@UAE@XZ 100041a0 f i umodsys_lib_lib2d:umodsys.mod.2d.stdlib.obj
 0001:000031a0       ??1ISerializeWriter@libmedia@UModSys@@UAE@XZ 100041a0 f i umodsys_lib_libmedia:umodsys.mod.media.serialize_json.obj
 0001:000031a0       ??1IClient@IBinArchiveFrame@libmedia@UModSys@@UAE@XZ 100041a0 f i umodsys_lib_libmedia:umodsys.mod.media.zlib.obj
 0001:000031a0       ??1ITerminal@libui@UModSys@@UAE@XZ 100041a0 f i umodsys_lib_libui:umodsys.mod.ui.SDL_GL.obj
 0001:000031a0       ??1IVertexArray@lib3d@UModSys@@UAE@XZ 100041a0 f i umodsys_lib_libui:umodsys.mod.ui.SDL_GL.obj
 0001:000031a0       ??1IFrame@libui@UModSys@@UAE@XZ 100041a0 f i umodsys_lib_libui:umodsys.mod.ui.frames.obj
 0001:000031b0       ??_ERTerminalX@SDL_GL@ui@modules@UModSys@@UAEPAXI@Z 100041b0 f i  CIL library: CIL module
 0001:000031b0       ??_GRTerminalX@SDL_GL@ui@modules@UModSys@@UAEPAXI@Z 100041b0 f i umodsys_lib_libui:umodsys.mod.ui.SDL_GL.obj
 0001:000031d0       ?do_open@RModuleReg@SDL_GL@ui@modules@UModSys@@UAE_NXZ 100041d0 f i umodsys_lib_libui:umodsys.mod.ui.SDL_GL.obj
 0001:000031e0       ?do_close@RModuleReg@SDL_GL@ui@modules@UModSys@@UAE_NXZ 100041e0 f i umodsys_lib_libui:umodsys.mod.ui.SDL_GL.obj
 0001:000031f0       ??_GRModuleReg@SDL_GL@ui@modules@UModSys@@UAEPAXI@Z 100041f0 f i umodsys_lib_libui:umodsys.mod.ui.SDL_GL.obj
 0001:000031f0       ??_ERModuleReg@SDL_GL@ui@modules@UModSys@@UAEPAXI@Z 100041f0 f i  CIL library: CIL module
 0001:00003220       ??1?$TScatterArray@UGlyph@RMultiImage2D_SDL_ttf@SDL_GL@ui@modules@UModSys@@HU?$TScalarCompare@H@core@6@U?$TNodeDeleter0@U?$TScatterArrayNode@UGlyph@RMultiImage2D_SDL_ttf@SDL_GL@ui@modules@UModSys@@H@tl@UModSys@@@tl@6@@tl@UModSys@@QAE@XZ 10004220 f i umodsys_lib_libui:umodsys.mod.ui.SDL_GL.obj
 0001:00003270       ??1?$TDynarrayDynamic@USLayInfo@RVertexArray@SDL_GL@ui@modules@UModSys@@U?$TAllocator@USIMemAlloc@core@UModSys@@USCountCalcExact@23@@tl@6@@tl@UModSys@@QAE@XZ 10004270 f i umodsys_lib_libui:umodsys.mod.ui.SDL_GL.obj
 0001:000032a0       ?Resize@?$TDynarray@U?$TDynarrayHolderDynamic@USLayInfo@RVertexArray@SDL_GL@ui@modules@UModSys@@U?$TAllocator@USIMemAlloc@core@UModSys@@USCountCalcExact@23@@tl@6@@tl@UModSys@@@tl@UModSys@@QAE_NI@Z 100042a0 f i umodsys_lib_libui:umodsys.mod.ui.SDL_GL.obj
 0001:000032f0       ?remove_node@?$TTreeHoldRB@U?$TScatterArrayNode@U?$TRefObjectCompositeExtra@UIMouseClient@libui@UModSys@@HUIRefObject@core@3@U?$TRefObjectFunc@UIRefObject@core@UModSys@@@tl@3@@tl@UModSys@@H@tl@UModSys@@@tl@UModSys@@QAEXPAU?$TScatterArrayNode@U?$TRefObjectCompositeExtra@UIMouseClient@libui@UModSys@@HUIRefObject@core@3@U?$TRefObjectFunc@UIRefObject@core@UModSys@@@tl@3@@tl@UModSys@@H@23@@Z 100042f0 f i umodsys_lib_libui:umodsys.mod.ui.SDL_GL.obj
 0001:000032f0       ?remove_node@?$TTreeHoldRB@U?$TScatterArrayNode@U?$TRefObjectComposite@UIKeyboardClient@libui@UModSys@@UIRefObject@core@3@U?$TRefObjectFunc@UIRefObject@core@UModSys@@@tl@3@@tl@UModSys@@H@tl@UModSys@@@tl@UModSys@@QAEXPAU?$TScatterArrayNode@U?$TRefObjectComposite@UIKeyboardClient@libui@UModSys@@UIRefObject@core@3@U?$TRefObjectFunc@UIRefObject@core@UModSys@@@tl@3@@tl@UModSys@@H@23@@Z 100042f0 f i umodsys_lib_libui:umodsys.mod.ui.SDL_GL.obj
 0001:000033e0       ?Free@?$TDynarray@U?$TDynarrayHolderDynamic@USLayInfo@RVertexArray@SDL_GL@ui@modules@UModSys@@U?$TAllocator@USIMemAlloc@core@UModSys@@USCountCalcExact@23@@tl@6@@tl@UModSys@@@tl@UModSys@@QAE_NXZ 100043e0 f i umodsys_lib_libui:umodsys.mod.ui.SDL_GL.obj
 0001:00003450       ??1?$TPair@HU?$TRefObjectComposite@UIKeyboardClient@libui@UModSys@@UIRefObject@core@3@U?$TRefObjectFunc@UIRefObject@core@UModSys@@@tl@3@@tl@UModSys@@@tl@UModSys@@QAE@XZ 10004450 f i umodsys_lib_libui:umodsys.mod.ui.SDL_GL.obj
 0001:00003450       ??1?$TPair@HU?$TRefObjectCompositeExtra@UIMouseClient@libui@UModSys@@HUIRefObject@core@3@U?$TRefObjectFunc@UIRefObject@core@UModSys@@@tl@3@@tl@UModSys@@@tl@UModSys@@QAE@XZ 10004450 f i umodsys_lib_libui:umodsys.mod.ui.SDL_GL.obj
 0001:00003460       ??$slen@H@su@tl@UModSys@@YAIPBH@Z 10004460 f i umodsys_lib_libui:umodsys.mod.ui.SDL_GL.obj
 0001:00003480       ?remove_color@?$TTreeHoldRB@U?$TScatterArrayNode@U?$TRefObjectCompositeExtra@UIMouseClient@libui@UModSys@@HUIRefObject@core@3@U?$TRefObjectFunc@UIRefObject@core@UModSys@@@tl@3@@tl@UModSys@@H@tl@UModSys@@@tl@UModSys@@IAEXPAU?$TScatterArrayNode@U?$TRefObjectCompositeExtra@UIMouseClient@libui@UModSys@@HUIRefObject@core@3@U?$TRefObjectFunc@UIRefObject@core@UModSys@@@tl@3@@tl@UModSys@@H@23@0@Z 10004480 f i umodsys_lib_libui:umodsys.mod.ui.SDL_GL.obj
 0001:00003480       ?remove_color@?$TTreeHoldRB@U?$TScatterArrayNode@U?$TRefObjectComposite@UIKeyboardClient@libui@UModSys@@UIRefObject@core@3@U?$TRefObjectFunc@UIRefObject@core@UModSys@@@tl@3@@tl@UModSys@@H@tl@UModSys@@@tl@UModSys@@IAEXPAU?$TScatterArrayNode@U?$TRefObjectComposite@UIKeyboardClient@libui@UModSys@@UIRefObject@core@3@U?$TRefObjectFunc@UIRefObject@core@UModSys@@@tl@3@@tl@UModSys@@H@23@0@Z 10004480 f i umodsys_lib_libui:umodsys.mod.ui.SDL_GL.obj
 0001:00003600       ??$t_gen_param@URTerminalX@SDL_GL@ui@modules@UModSys@@URGenerator@2345@@IGenerator@base@UModSys@@IAE_NPAURGenerator@SDL_GL@ui@modules@2@AAU?$TRefObject@UIRefObject@core@UModSys@@U?$TRefObjectFunc@UIRefObject@core@UModSys@@@tl@3@@tl@2@PBUSUniquePointerInfo@core@2@ABUSParameters@core@2@@Z 10004600 f i umodsys_lib_libui:umodsys.mod.ui.SDL_GL.obj
 0001:00003680       ??$t_ref_get_other_interface@URMultiImage2D_SDL_ttf@SDL_GL@ui@modules@UModSys@@U?$TRefObjectWeakFunc@URMultiImage2D_SDL_ttf@SDL_GL@ui@modules@UModSys@@@tl@5@@IRefObject@core@UModSys@@QAE_NAAU?$TRefObject@URMultiImage2D_SDL_ttf@SDL_GL@ui@modules@UModSys@@U?$TRefObjectWeakFunc@URMultiImage2D_SDL_ttf@SDL_GL@ui@modules@UModSys@@@tl@5@@tl@2@@Z 10004680 f i umodsys_lib_libui:umodsys.mod.ui.SDL_GL.obj
 0001:000036e0       ??$genx_node@UCmp@?$TScatterArray@U?$TRefObjectComposite@UIKeyboardClient@libui@UModSys@@UIRefObject@core@3@U?$TRefObjectFunc@UIRefObject@core@UModSys@@@tl@3@@tl@UModSys@@HU?$TScalarCompare@H@core@3@U?$TNodeDeleter0@U?$TScatterArrayNode@U?$TRefObjectComposite@UIKeyboardClient@libui@UModSys@@UIRefObject@core@3@U?$TRefObjectFunc@UIRefObject@core@UModSys@@@tl@3@@tl@UModSys@@H@tl@UModSys@@@23@@tl@UModSys@@UGen0@234@@?$TTreeHoldRBD@U?$TScatterArrayNode@U?$TRefObjectComposite@UIKeyboardClient@libui@UModSys@@UIRefObject@core@3@U?$TRefObjectFunc@UIRefObject@core@UModSys@@@tl@3@@tl@UModSys@@H@tl@UModSys@@U?$TNodeDeleter0@U?$TScatterArrayNode@U?$TRefObjectComposite@UIKeyboardClient@libui@UModSys@@UIRefObject@core@3@U?$TRefObjectFunc@UIRefObject@core@UModSys@@@tl@3@@tl@UModSys@@H@tl@UModSys@@@23@@tl@UModSys@@QAEPAU?$TScatterArrayNode@U?$TRefObjectComposite@UIKeyboardClient@libui@UModSys@@UIRefObject@core@3@U?$TRefObjectFunc@UIRefObject@core@UModSys@@@tl@3@@tl@UModSys@@H@12@UCmp@?$TScatterArray@U?$TRefObjectComposite@UIKeyboardClient@libui@UModSys@@UIRefObject@core@3@U?$TRefObjectFunc@UIRefObject@core@UModSys@@@tl@3@@tl@UModSys@@HU?$TScalarCompare@H@core@3@U?$TNodeDeleter0@U?$TScatterArrayNode@U?$TRefObjectComposite@UIKeyboardClient@libui@UModSys@@UIRefObject@core@3@U?$TRefObjectFunc@UIRefObject@core@UModSys@@@tl@3@@tl@UModSys@@H@tl@UModSys@@@23@@12@ABUGen0@512@PAPAU312@2_N@Z 100046e0 f i umodsys_lib_libui:umodsys.mod.ui.SDL_GL.obj
 0001:00003750       ??$genx_node@UCmp@?$TScatterArray@U?$TRefObjectCompositeExtra@UIMouseClient@libui@UModSys@@HUIRefObject@core@3@U?$TRefObjectFunc@UIRefObject@core@UModSys@@@tl@3@@tl@UModSys@@HU?$TScalarCompare@H@core@3@U?$TNodeDeleter0@U?$TScatterArrayNode@U?$TRefObjectCompositeExtra@UIMouseClient@libui@UModSys@@HUIRefObject@core@3@U?$TRefObjectFunc@UIRefObject@core@UModSys@@@tl@3@@tl@UModSys@@H@tl@UModSys@@@23@@tl@UModSys@@UGen0@234@@?$TTreeHoldRBD@U?$TScatterArrayNode@U?$TRefObjectCompositeExtra@UIMouseClient@libui@UModSys@@HUIRefObject@core@3@U?$TRefObjectFunc@UIRefObject@core@UModSys@@@tl@3@@tl@UModSys@@H@tl@UModSys@@U?$TNodeDeleter0@U?$TScatterArrayNode@U?$TRefObjectCompositeExtra@UIMouseClient@libui@UModSys@@HUIRefObject@core@3@U?$TRefObjectFunc@UIRefObject@core@UModSys@@@tl@3@@tl@UModSys@@H@tl@UModSys@@@23@@tl@UModSys@@QAEPAU?$TScatterArrayNode@U?$TRefObjectCompositeExtra@UIMouseClient@libui@UModSys@@HUIRefObject@core@3@U?$TRefObjectFunc@UIRefObject@core@UModSys@@@tl@3@@tl@UModSys@@H@12@UCmp@?$TScatterArray@U?$TRefObjectCompositeExtra@UIMouseClient@libui@UModSys@@HUIRefObject@core@3@U?$TRefObjectFunc@UIRefObject@core@UModSys@@@tl@3@@tl@UModSys@@HU?$TScalarCompare@H@core@3@U?$TNodeDeleter0@U?$TScatterArrayNode@U?$TRefObjectCompositeExtra@UIMouseClient@libui@UModSys@@HUIRefObject@core@3@U?$TRefObjectFunc@UIRefObject@core@UModSys@@@tl@3@@tl@UModSys@@H@tl@UModSys@@@23@@12@ABUGen0@512@PAPAU312@2_N@Z 10004750 f i umodsys_lib_libui:umodsys.mod.ui.SDL_GL.obj
 0001:000037c0       ??$genx_node@UCmp@?$TScatterArray@UGlyph@RMultiImage2D_SDL_ttf@SDL_GL@ui@modules@UModSys@@HU?$TScalarCompare@H@core@6@U?$TNodeDeleter0@U?$TScatterArrayNode@UGlyph@RMultiImage2D_SDL_ttf@SDL_GL@ui@modules@UModSys@@H@tl@UModSys@@@tl@6@@tl@UModSys@@UGen0@234@@?$TTreeHoldRBD@U?$TScatterArrayNode@UGlyph@RMultiImage2D_SDL_ttf@SDL_GL@ui@modules@UModSys@@H@tl@UModSys@@U?$TNodeDeleter0@U?$TScatterArrayNode@UGlyph@RMultiImage2D_SDL_ttf@SDL_GL@ui@modules@UModSys@@H@tl@UModSys@@@23@@tl@UModSys@@QAEPAU?$TScatterArrayNode@UGlyph@RMultiImage2D_SDL_ttf@SDL_GL@ui@modules@UModSys@@H@12@UCmp@?$TScatterArray@UGlyph@RMultiImage2D_SDL_ttf@SDL_GL@ui@modules@UModSys@@HU?$TScalarCompare@H@core@6@U?$TNodeDeleter0@U?$TScatterArrayNode@UGlyph@RMultiImage2D_SDL_ttf@SDL_GL@ui@modules@UModSys@@H@tl@UModSys@@@tl@6@@12@ABUGen0@512@PAPAU312@2_N@Z 100047c0 f i umodsys_lib_libui:umodsys.mod.ui.SDL_GL.obj
 0001:00003830       ?rotate_left@?$TTreeHoldRB@U?$TScatterArrayNode@U?$TRefObjectCompositeExtra@UIMouseClient@libui@UModSys@@HUIRefObject@core@3@U?$TRefObjectFunc@UIRefObject@core@UModSys@@@tl@3@@tl@UModSys@@H@tl@UModSys@@@tl@UModSys@@IAEXPAU?$TScatterArrayNode@U?$TRefObjectCompositeExtra@UIMouseClient@libui@UModSys@@HUIRefObject@core@3@U?$TRefObjectFunc@UIRefObject@core@UModSys@@@tl@3@@tl@UModSys@@H@23@@Z 10004830 f i umodsys_lib_libui:umodsys.mod.ui.SDL_GL.obj
 0001:00003830       ?rotate_left@?$TTreeHoldRB@U?$TScatterArrayNode@U?$TRefObjectComposite@UIKeyboardClient@libui@UModSys@@UIRefObject@core@3@U?$TRefObjectFunc@UIRefObject@core@UModSys@@@tl@3@@tl@UModSys@@H@tl@UModSys@@@tl@UModSys@@IAEXPAU?$TScatterArrayNode@U?$TRefObjectComposite@UIKeyboardClient@libui@UModSys@@UIRefObject@core@3@U?$TRefObjectFunc@UIRefObject@core@UModSys@@@tl@3@@tl@UModSys@@H@23@@Z 10004830 f i umodsys_lib_libui:umodsys.mod.ui.SDL_GL.obj
 0001:00003880       ?rotate_right@?$TTreeHoldRB@U?$TScatterArrayNode@U?$TRefObjectComposite@UIKeyboardClient@libui@UModSys@@UIRefObject@core@3@U?$TRefObjectFunc@UIRefObject@core@UModSys@@@tl@3@@tl@UModSys@@H@tl@UModSys@@@tl@UModSys@@IAEXPAU?$TScatterArrayNode@U?$TRefObjectComposite@UIKeyboardClient@libui@UModSys@@UIRefObject@core@3@U?$TRefObjectFunc@UIRefObject@core@UModSys@@@tl@3@@tl@UModSys@@H@23@@Z 10004880 f i umodsys_lib_libui:umodsys.mod.ui.SDL_GL.obj
 0001:00003880       ?rotate_right@?$TTreeHoldRB@U?$TScatterArrayNode@U?$TRefObjectCompositeExtra@UIMouseClient@libui@UModSys@@HUIRefObject@core@3@U?$TRefObjectFunc@UIRefObject@core@UModSys@@@tl@3@@tl@UModSys@@H@tl@UModSys@@@tl@UModSys@@IAEXPAU?$TScatterArrayNode@U?$TRefObjectCompositeExtra@UIMouseClient@libui@UModSys@@HUIRefObject@core@3@U?$TRefObjectFunc@UIRefObject@core@UModSys@@@tl@3@@tl@UModSys@@H@23@@Z 10004880 f i umodsys_lib_libui:umodsys.mod.ui.SDL_GL.obj
 0001:000038d0       ?ReLink@?$TDynarray@U?$TDynarrayHolderDynamic@USLayInfo@RVertexArray@SDL_GL@ui@modules@UModSys@@U?$TAllocator@USIMemAlloc@core@UModSys@@USCountCalcExact@23@@tl@6@@tl@UModSys@@@tl@UModSys@@IAE_NI@Z 100048d0 f i umodsys_lib_libui:umodsys.mod.ui.SDL_GL.obj
 0001:00003920       ?items_construct@?$TDynarray@U?$TDynarrayHolderDynamic@USLayInfo@RVertexArray@SDL_GL@ui@modules@UModSys@@U?$TAllocator@USIMemAlloc@core@UModSys@@USCountCalcExact@23@@tl@6@@tl@UModSys@@@tl@UModSys@@IAEXII@Z 10004920 f i umodsys_lib_libui:umodsys.mod.ui.SDL_GL.obj
 0001:00003960       ??RGen0@?$TScatterArray@U?$TRefObjectComposite@UIKeyboardClient@libui@UModSys@@UIRefObject@core@3@U?$TRefObjectFunc@UIRefObject@core@UModSys@@@tl@3@@tl@UModSys@@HU?$TScalarCompare@H@core@3@U?$TNodeDeleter0@U?$TScatterArrayNode@U?$TRefObjectComposite@UIKeyboardClient@libui@UModSys@@UIRefObject@core@3@U?$TRefObjectFunc@UIRefObject@core@UModSys@@@tl@3@@tl@UModSys@@H@tl@UModSys@@@23@@tl@UModSys@@QBEPAU?$TScatterArrayNode@U?$TRefObjectComposite@UIKeyboardClient@libui@UModSys@@UIRefObject@core@3@U?$TRefObjectFunc@UIRefObject@core@UModSys@@@tl@3@@tl@UModSys@@H@23@ABUCmp@123@ABU?$TTreeHoldRBD@U?$TScatterArrayNode@U?$TRefObjectComposite@UIKeyboardClient@libui@UModSys@@UIRefObject@core@3@U?$TRefObjectFunc@UIRefObject@core@UModSys@@@tl@3@@tl@UModSys@@H@tl@UModSys@@U?$TNodeDeleter0@U?$TScatterArrayNode@U?$TRefObjectComposite@UIKeyboardClient@libui@UModSys@@UIRefObject@core@3@U?$TRefObjectFunc@UIRefObject@core@UModSys@@@tl@3@@tl@UModSys@@H@tl@UModSys@@@23@@23@@Z 10004960 f i umodsys_lib_libui:umodsys.mod.ui.SDL_GL.obj
 0001:000039c0       ??RGen0@?$TScatterArray@U?$TRefObjectCompositeExtra@UIMouseClient@libui@UModSys@@HUIRefObject@core@3@U?$TRefObjectFunc@UIRefObject@core@UModSys@@@tl@3@@tl@UModSys@@HU?$TScalarCompare@H@core@3@U?$TNodeDeleter0@U?$TScatterArrayNode@U?$TRefObjectCompositeExtra@UIMouseClient@libui@UModSys@@HUIRefObject@core@3@U?$TRefObjectFunc@UIRefObject@core@UModSys@@@tl@3@@tl@UModSys@@H@tl@UModSys@@@23@@tl@UModSys@@QBEPAU?$TScatterArrayNode@U?$TRefObjectCompositeExtra@UIMouseClient@libui@UModSys@@HUIRefObject@core@3@U?$TRefObjectFunc@UIRefObject@core@UModSys@@@tl@3@@tl@UModSys@@H@23@ABUCmp@123@ABU?$TTreeHoldRBD@U?$TScatterArrayNode@U?$TRefObjectCompositeExtra@UIMouseClient@libui@UModSys@@HUIRefObject@core@3@U?$TRefObjectFunc@UIRefObject@core@UModSys@@@tl@3@@tl@UModSys@@H@tl@UModSys@@U?$TNodeDeleter0@U?$TScatterArrayNode@U?$TRefObjectCompositeExtra@UIMouseClient@libui@UModSys@@HUIRefObject@core@3@U?$TRefObjectFunc@UIRefObject@core@UModSys@@@tl@3@@tl@UModSys@@H@tl@UModSys@@@23@@23@@Z 100049c0 f i umodsys_lib_libui:umodsys.mod.ui.SDL_GL.obj
 0001:00003a20       ??RGen0@?$TScatterArray@UGlyph@RMultiImage2D_SDL_ttf@SDL_GL@ui@modules@UModSys@@HU?$TScalarCompare@H@core@6@U?$TNodeDeleter0@U?$TScatterArrayNode@UGlyph@RMultiImage2D_SDL_ttf@SDL_GL@ui@modules@UModSys@@H@tl@UModSys@@@tl@6@@tl@UModSys@@QBEPAU?$TScatterArrayNode@UGlyph@RMultiImage2D_SDL_ttf@SDL_GL@ui@modules@UModSys@@H@23@ABUCmp@123@ABU?$TTreeHoldRBD@U?$TScatterArrayNode@UGlyph@RMultiImage2D_SDL_ttf@SDL_GL@ui@modules@UModSys@@H@tl@UModSys@@U?$TNodeDeleter0@U?$TScatterArrayNode@UGlyph@RMultiImage2D_SDL_ttf@SDL_GL@ui@modules@UModSys@@H@tl@UModSys@@@23@@23@@Z 10004a20 f i umodsys_lib_libui:umodsys.mod.ui.SDL_GL.obj
 0001:00003a80       ??0?$TScatterArrayNode@U?$TRefObjectComposite@UIKeyboardClient@libui@UModSys@@UIRefObject@core@3@U?$TRefObjectFunc@UIRefObject@core@UModSys@@@tl@3@@tl@UModSys@@H@tl@UModSys@@QAE@ABH@Z 10004a80 f i umodsys_lib_libui:umodsys.mod.ui.SDL_GL.obj
 0001:00003af0       ??0?$TScatterArrayNode@U?$TRefObjectCompositeExtra@UIMouseClient@libui@UModSys@@HUIRefObject@core@3@U?$TRefObjectFunc@UIRefObject@core@UModSys@@@tl@3@@tl@UModSys@@H@tl@UModSys@@QAE@ABH@Z 10004af0 f i umodsys_lib_libui:umodsys.mod.ui.SDL_GL.obj
 0001:00003b60       ??0?$TScatterArrayNode@UGlyph@RMultiImage2D_SDL_ttf@SDL_GL@ui@modules@UModSys@@H@tl@UModSys@@QAE@ABH@Z 10004b60 f i umodsys_lib_libui:umodsys.mod.ui.SDL_GL.obj
 0001:00003c60       ??1?$TPair@HUGlyph@RMultiImage2D_SDL_ttf@SDL_GL@ui@modules@UModSys@@@tl@UModSys@@QAE@XZ 10004c60 f i umodsys_lib_libui:umodsys.mod.ui.SDL_GL.obj
 0001:00003cb0       ??0STextureGL@SDL_GL@ui@modules@UModSys@@QAE@ABU01234@@Z 10004cb0 f i umodsys_lib_libui:umodsys.mod.ui.SDL_GL.obj
 0001:00003dc0       ??$process_nodes_r@U?$TNodeDeleter0@U?$TScatterArrayNode@U?$TRefObjectComposite@UIKeyboardClient@libui@UModSys@@UIRefObject@core@3@U?$TRefObjectFunc@UIRefObject@core@UModSys@@@tl@3@@tl@UModSys@@H@tl@UModSys@@@tl@UModSys@@@?$TTreeHoldRB@U?$TScatterArrayNode@U?$TRefObjectComposite@UIKeyboardClient@libui@UModSys@@UIRefObject@core@3@U?$TRefObjectFunc@UIRefObject@core@UModSys@@@tl@3@@tl@UModSys@@H@tl@UModSys@@@tl@UModSys@@KAHPAU?$TScatterArrayNode@U?$TRefObjectComposite@UIKeyboardClient@libui@UModSys@@UIRefObject@core@3@U?$TRefObjectFunc@UIRefObject@core@UModSys@@@tl@3@@tl@UModSys@@H@12@ABU?$TNodeDeleter0@U?$TScatterArrayNode@U?$TRefObjectComposite@UIKeyboardClient@libui@UModSys@@UIRefObject@core@3@U?$TRefObjectFunc@UIRefObject@core@UModSys@@@tl@3@@tl@UModSys@@H@tl@UModSys@@@12@@Z 10004dc0 f i umodsys_lib_libui:umodsys.mod.ui.SDL_GL.obj
 0001:00003dc0       ??$process_nodes_r@U?$TNodeDeleter0@U?$TScatterArrayNode@U?$TRefObjectCompositeExtra@UIMouseClient@libui@UModSys@@HUIRefObject@core@3@U?$TRefObjectFunc@UIRefObject@core@UModSys@@@tl@3@@tl@UModSys@@H@tl@UModSys@@@tl@UModSys@@@?$TTreeHoldRB@U?$TScatterArrayNode@U?$TRefObjectCompositeExtra@UIMouseClient@libui@UModSys@@HUIRefObject@core@3@U?$TRefObjectFunc@UIRefObject@core@UModSys@@@tl@3@@tl@UModSys@@H@tl@UModSys@@@tl@UModSys@@KAHPAU?$TScatterArrayNode@U?$TRefObjectCompositeExtra@UIMouseClient@libui@UModSys@@HUIRefObject@core@3@U?$TRefObjectFunc@UIRefObject@core@UModSys@@@tl@3@@tl@UModSys@@H@12@ABU?$TNodeDeleter0@U?$TScatterArrayNode@U?$TRefObjectCompositeExtra@UIMouseClient@libui@UModSys@@HUIRefObject@core@3@U?$TRefObjectFunc@UIRefObject@core@UModSys@@@tl@3@@tl@UModSys@@H@tl@UModSys@@@12@@Z 10004dc0 f i umodsys_lib_libui:umodsys.mod.ui.SDL_GL.obj
 0001:00003e10       ??$process_nodes_r@U?$TNodeDeleter0@U?$TScatterArrayNode@UGlyph@RMultiImage2D_SDL_ttf@SDL_GL@ui@modules@UModSys@@H@tl@UModSys@@@tl@UModSys@@@?$TTreeHoldRB@U?$TScatterArrayNode@UGlyph@RMultiImage2D_SDL_ttf@SDL_GL@ui@modules@UModSys@@H@tl@UModSys@@@tl@UModSys@@KAHPAU?$TScatterArrayNode@UGlyph@RMultiImage2D_SDL_ttf@SDL_GL@ui@modules@UModSys@@H@12@ABU?$TNodeDeleter0@U?$TScatterArrayNode@UGlyph@RMultiImage2D_SDL_ttf@SDL_GL@ui@modules@UModSys@@H@tl@UModSys@@@12@@Z 10004e10 f i umodsys_lib_libui:umodsys.mod.ui.SDL_GL.obj
 0001:00003e60       ??_G?$TScatterArrayNode@UGlyph@RMultiImage2D_SDL_ttf@SDL_GL@ui@modules@UModSys@@H@tl@UModSys@@QAEPAXI@Z 10004e60 f i umodsys_lib_libui:umodsys.mod.ui.SDL_GL.obj
 0001:00003ec0       ?root_get_interface_info@RKeyboardController@SDL_core@ui@modules@UModSys@@UBEABUSUniquePointerInfo@core@5@XZ 10004ec0 f i umodsys_lib_libui:umodsys.mod.ui.SDL_core.obj
 0001:00003ed0       ?root_get_interface_type@RKeyboardController@SDL_core@ui@modules@UModSys@@UBEPBUSUniquePointerInfo@core@5@XZ 10004ed0 f i umodsys_lib_libui:umodsys.mod.ui.SDL_core.obj
 0001:00003ee0       ?root_get_other_interface@RKeyboardController@SDL_core@ui@modules@UModSys@@UAEPAUIRoot@core@5@PBUSUniquePointerInfo@75@@Z 10004ee0 f i umodsys_lib_libui:umodsys.mod.ui.SDL_core.obj
 0001:00003ee0       ?root_get_other_interface@RKeyboardController@SDL_core@ui@modules@UModSys@@UBEPBUIRoot@core@5@PBUSUniquePointerInfo@75@@Z 10004ee0 f i umodsys_lib_libui:umodsys.mod.ui.SDL_core.obj
 0001:00003f10       ?root_is_interface_supported@RKeyboardController@SDL_core@ui@modules@UModSys@@UBE_NPBUSUniquePointerInfo@core@5@@Z 10004f10 f i umodsys_lib_libui:umodsys.mod.ui.SDL_core.obj
 0001:00003f50       ?root_get_interface_info@RMouseController@SDL_core@ui@modules@UModSys@@UBEABUSUniquePointerInfo@core@5@XZ 10004f50 f i umodsys_lib_libui:umodsys.mod.ui.SDL_core.obj
 0001:00003f60       ?root_get_interface_type@RMouseController@SDL_core@ui@modules@UModSys@@UBEPBUSUniquePointerInfo@core@5@XZ 10004f60 f i umodsys_lib_libui:umodsys.mod.ui.SDL_core.obj
 0001:00003f70       ?root_get_other_interface@RMouseController@SDL_core@ui@modules@UModSys@@UAEPAUIRoot@core@5@PBUSUniquePointerInfo@75@@Z 10004f70 f i umodsys_lib_libui:umodsys.mod.ui.SDL_core.obj
 0001:00003f70       ?root_get_other_interface@RMouseController@SDL_core@ui@modules@UModSys@@UBEPBUIRoot@core@5@PBUSUniquePointerInfo@75@@Z 10004f70 f i umodsys_lib_libui:umodsys.mod.ui.SDL_core.obj
 0001:00003fa0       ?root_is_interface_supported@RMouseController@SDL_core@ui@modules@UModSys@@UBE_NPBUSUniquePointerInfo@core@5@@Z 10004fa0 f i umodsys_lib_libui:umodsys.mod.ui.SDL_core.obj
 0001:00003fe0       ?root_get_interface_info@RTerminal@SDL_core@ui@modules@UModSys@@UBEABUSUniquePointerInfo@core@5@XZ 10004fe0 f i umodsys_lib_libui:umodsys.mod.ui.SDL_core.obj
 0001:00003ff0       ?root_get_interface_type@RTerminal@SDL_core@ui@modules@UModSys@@UBEPBUSUniquePointerInfo@core@5@XZ 10004ff0 f i umodsys_lib_libui:umodsys.mod.ui.SDL_core.obj
 0001:00004000       ?root_get_interface_types@RSerializeReader@serialize_json@media@modules@UModSys@@UBEIAAUSUniquePtrList@core@5@@Z 10005000 f i umodsys_lib_libmedia:umodsys.mod.media.serialize_json.obj
 0001:00004000       ?root_get_interface_types@RTest1_Shell@test1@test@modules@UModSys@@UBEIAAUSUniquePtrList@core@5@@Z 10005000 f i plugin_test1.obj
 0001:00004000       ?root_get_interface_types@RGenerator@frames@ui@modules@UModSys@@UBEIAAUSUniquePtrList@core@5@@Z 10005000 f i umodsys_lib_libui:umodsys.mod.ui.frames.obj
 0001:00004000       ?root_get_interface_types@RFrame_List@frames@ui@modules@UModSys@@UBEIAAUSUniquePtrList@core@5@@Z 10005000 f i umodsys_lib_libui:umodsys.mod.ui.frames.obj
 0001:00004000       ?root_get_interface_types@RTerminalX@SDL_GL@ui@modules@UModSys@@UBEIAAUSUniquePtrList@core@5@@Z 10005000 f i umodsys_lib_libui:umodsys.mod.ui.SDL_GL.obj
 0001:00004000       ?root_get_interface_types@RTerminal@SDL_core@ui@modules@UModSys@@UBEIAAUSUniquePtrList@core@5@@Z 10005000 f i umodsys_lib_libui:umodsys.mod.ui.SDL_core.obj
 0001:00004000       ?root_get_interface_types@RMouseController@SDL_core@ui@modules@UModSys@@UBEIAAUSUniquePtrList@core@5@@Z 10005000 f i umodsys_lib_libui:umodsys.mod.ui.SDL_core.obj
 0001:00004000       ?root_get_interface_types@RMouseController@SDL_GL@ui@modules@UModSys@@UBEIAAUSUniquePtrList@core@5@@Z 10005000 f i umodsys_lib_libui:umodsys.mod.ui.SDL_GL.obj
 0001:00004000       ?root_get_interface_types@RVertexArray@SDL_GL@ui@modules@UModSys@@UBEIAAUSUniquePtrList@core@5@@Z 10005000 f i umodsys_lib_libui:umodsys.mod.ui.SDL_GL.obj
 0001:00004000       ?root_get_interface_types@RMultiImage2D_SDL_ttf@SDL_GL@ui@modules@UModSys@@UBEIAAUSUniquePtrList@core@5@@Z 10005000 f i umodsys_lib_libui:umodsys.mod.ui.SDL_GL.obj
 0001:00004000       ?root_get_interface_types@RKeyboardController@SDL_core@ui@modules@UModSys@@UBEIAAUSUniquePtrList@core@5@@Z 10005000 f i umodsys_lib_libui:umodsys.mod.ui.SDL_core.obj
 0001:00004000       ?root_get_interface_types@RCollector@frames@ui@modules@UModSys@@UBEIAAUSUniquePtrList@core@5@@Z 10005000 f i umodsys_lib_libui:umodsys.mod.ui.frames.obj
 0001:00004000       ?root_get_interface_types@RMultiImage@stdlib@lib2d@modules@UModSys@@UBEIAAUSUniquePtrList@core@5@@Z 10005000 f i umodsys_lib_lib2d:umodsys.mod.2d.stdlib.obj
 0001:00004000       ?root_get_interface_types@RMultiImage2D_SDL_ttf@SDL_core@ui@modules@UModSys@@UBEIAAUSUniquePtrList@core@5@@Z 10005000 f i umodsys_lib_libui:umodsys.mod.ui.SDL_core.obj
 0001:00004000       ?root_get_interface_types@RSerializeWriter@serialize_json@media@modules@UModSys@@UBEIAAUSUniquePtrList@core@5@@Z 10005000 f i umodsys_lib_libmedia:umodsys.mod.media.serialize_json.obj
 0001:00004000       ?root_get_interface_types@RBinArchiveFrameClient_ZIP@zlib@media@modules@UModSys@@UBEIAAUSUniquePtrList@core@5@@Z 10005000 f i umodsys_lib_libmedia:umodsys.mod.media.zlib.obj
 0001:00004000       ?root_get_interface_types@RGenerator@SDL_GL@ui@modules@UModSys@@UBEIAAUSUniquePtrList@core@5@@Z 10005000 f i umodsys_lib_libui:umodsys.mod.ui.SDL_GL.obj
 0001:00004000       ?root_get_interface_types@RFrame_Edit@frames@ui@modules@UModSys@@UBEIAAUSUniquePtrList@core@5@@Z 10005000 f i umodsys_lib_libui:umodsys.mod.ui.frames.obj
 0001:00004000       ?root_get_interface_types@RKeyboardController@SDL_GL@ui@modules@UModSys@@UBEIAAUSUniquePtrList@core@5@@Z 10005000 f i umodsys_lib_libui:umodsys.mod.ui.SDL_GL.obj
 0001:00004000       ?root_get_interface_types@RImageFactory_Memory@stdlib@lib2d@modules@UModSys@@UBEIAAUSUniquePtrList@core@5@@Z 10005000 f i umodsys_lib_lib2d:umodsys.mod.2d.stdlib.obj
 0001:00004000       ?root_get_interface_types@RGenerator@SDL_core@ui@modules@UModSys@@UBEIAAUSUniquePtrList@core@5@@Z 10005000 f i umodsys_lib_libui:umodsys.mod.ui.SDL_core.obj
 0001:00004000       ?root_get_interface_types@RImage_Memory@stdlib@lib2d@modules@UModSys@@UBEIAAUSUniquePtrList@core@5@@Z 10005000 f i umodsys_lib_lib2d:umodsys.mod.2d.stdlib.obj
 0001:00004000       ?root_get_interface_types@RGenerator@serialize_json@media@modules@UModSys@@UBEIAAUSUniquePtrList@core@5@@Z 10005000 f i umodsys_lib_libmedia:umodsys.mod.media.serialize_json.obj
 0001:00004000       ?root_get_interface_types@RTerminal@SDL_GL@ui@modules@UModSys@@UBEIAAUSUniquePtrList@core@5@@Z 10005000 f i umodsys_lib_libui:umodsys.mod.ui.SDL_GL.obj
 0001:00004000       ?root_get_interface_types@RGenerator@stdlib@lib2d@modules@UModSys@@UBEIAAUSUniquePtrList@core@5@@Z 10005000 f i umodsys_lib_lib2d:umodsys.mod.2d.stdlib.obj
 0001:00004000       ?root_get_interface_types@RFrame_Text@frames@ui@modules@UModSys@@UBEIAAUSUniquePtrList@core@5@@Z 10005000 f i umodsys_lib_libui:umodsys.mod.ui.frames.obj
 0001:00004000       ?root_get_interface_types@RTerminalX@SDL_core@ui@modules@UModSys@@UBEIAAUSUniquePtrList@core@5@@Z 10005000 f i umodsys_lib_libui:umodsys.mod.ui.SDL_core.obj
 0001:00004000       ?root_get_interface_types@RGenerator@images_std@media@modules@UModSys@@UBEIAAUSUniquePtrList@core@5@@Z 10005000 f i umodsys_lib_libmedia:umodsys.mod.media.images_std.obj
 0001:00004000       ?root_get_interface_types@RGenerator@zlib@media@modules@UModSys@@UBEIAAUSUniquePtrList@core@5@@Z 10005000 f i umodsys_lib_libmedia:umodsys.mod.media.zlib.obj
 0001:00004000       ?root_get_interface_types@RFrame_Frame@frames@ui@modules@UModSys@@UBEIAAUSUniquePtrList@core@5@@Z 10005000 f i umodsys_lib_libui:umodsys.mod.ui.frames.obj
 0001:00004000       ?root_get_interface_types@RDialog@frames@ui@modules@UModSys@@UBEIAAUSUniquePtrList@core@5@@Z 10005000 f i umodsys_lib_libui:umodsys.mod.ui.frames.obj
 0001:00004000       ?root_get_interface_types@RFrame_Button@frames@ui@modules@UModSys@@UBEIAAUSUniquePtrList@core@5@@Z 10005000 f i umodsys_lib_libui:umodsys.mod.ui.frames.obj
 0001:00004000       ?root_get_interface_types@RMediaFilter@images_std@media@modules@UModSys@@UBEIAAUSUniquePtrList@core@5@@Z 10005000 f i umodsys_lib_libmedia:umodsys.mod.media.images_std.obj
 0001:00004000       ?root_get_interface_types@RRenderDriver3D@SDL_GL@ui@modules@UModSys@@UBEIAAUSUniquePtrList@core@5@@Z 10005000 f i umodsys_lib_libui:umodsys.mod.ui.SDL_GL.obj
 0001:00004000       ?root_get_interface_types@RGenerator@test1@test@modules@UModSys@@UBEIAAUSUniquePtrList@core@5@@Z 10005000 f i plugin_test1.obj
 0001:00004000       ?root_get_interface_types@RRenderDriver2D@SDL_core@ui@modules@UModSys@@UBEIAAUSUniquePtrList@core@5@@Z 10005000 f i umodsys_lib_libui:umodsys.mod.ui.SDL_core.obj
 0001:00004000       ?root_get_interface_types@RFrame_Image@frames@ui@modules@UModSys@@UBEIAAUSUniquePtrList@core@5@@Z 10005000 f i umodsys_lib_libui:umodsys.mod.ui.frames.obj
 0001:00004010       ?root_get_other_interface@RTerminal@SDL_core@ui@modules@UModSys@@UAEPAUIRoot@core@5@PBUSUniquePointerInfo@75@@Z 10005010 f i umodsys_lib_libui:umodsys.mod.ui.SDL_core.obj
 0001:00004010       ?root_get_other_interface@RTerminal@SDL_core@ui@modules@UModSys@@UBEPBUIRoot@core@5@PBUSUniquePointerInfo@75@@Z 10005010 f i umodsys_lib_libui:umodsys.mod.ui.SDL_core.obj
 0001:00004040       ?root_is_interface_supported@RTerminal@SDL_core@ui@modules@UModSys@@UBE_NPBUSUniquePointerInfo@core@5@@Z 10005040 f i umodsys_lib_libui:umodsys.mod.ui.SDL_core.obj
 0001:00004080       ?ref_weak@RGenerator@frames@ui@modules@UModSys@@UBE_NAAUWeakPointer@IRefObject@core@5@@Z 10005080 f i umodsys_lib_libui:umodsys.mod.ui.frames.obj
 0001:00004080       ?ref_weak@RGenerator@test1@test@modules@UModSys@@UBE_NAAUWeakPointer@IRefObject@core@5@@Z 10005080 f i plugin_test1.obj
 0001:00004080       ?ref_weak@RGenerator@images_std@media@modules@UModSys@@UBE_NAAUWeakPointer@IRefObject@core@5@@Z 10005080 f i umodsys_lib_libmedia:umodsys.mod.media.images_std.obj
 0001:00004080       ?ref_weak@RDialog@frames@ui@modules@UModSys@@UBE_NAAUWeakPointer@IRefObject@core@5@@Z 10005080 f i umodsys_lib_libui:umodsys.mod.ui.frames.obj
 0001:00004080       ?ref_weak@RSerializeReader@serialize_json@media@modules@UModSys@@UBE_NAAUWeakPointer@IRefObject@core@5@@Z 10005080 f i umodsys_lib_libmedia:umodsys.mod.media.serialize_json.obj
 0001:00004080       ?ref_weak@RBinArchiveFrameClient_ZIP@zlib@media@modules@UModSys@@UBE_NAAUWeakPointer@IRefObject@core@5@@Z 10005080 f i umodsys_lib_libmedia:umodsys.mod.media.zlib.obj
 0001:00004080       ?ref_weak@RGenerator@serialize_json@media@modules@UModSys@@UBE_NAAUWeakPointer@IRefObject@core@5@@Z 10005080 f i umodsys_lib_libmedia:umodsys.mod.media.serialize_json.obj
 0001:00004080       ?ref_weak@RTerminal@SDL_GL@ui@modules@UModSys@@UBE_NAAUWeakPointer@IRefObject@core@5@@Z 10005080 f i umodsys_lib_libui:umodsys.mod.ui.SDL_GL.obj
 0001:00004080       ?ref_weak@RMultiImage2D_SDL_ttf@SDL_GL@ui@modules@UModSys@@UBE_NAAUWeakPointer@IRefObject@core@5@@Z 10005080 f i umodsys_lib_libui:umodsys.mod.ui.SDL_GL.obj
 0001:00004080       ?ref_weak@RGenerator@SDL_core@ui@modules@UModSys@@UBE_NAAUWeakPointer@IRefObject@core@5@@Z 10005080 f i umodsys_lib_libui:umodsys.mod.ui.SDL_core.obj
 0001:00004080       ?ref_weak@RImage_Memory@stdlib@lib2d@modules@UModSys@@UBE_NAAUWeakPointer@IRefObject@core@5@@Z 10005080 f i umodsys_lib_lib2d:umodsys.mod.2d.stdlib.obj
 0001:00004080       ?ref_weak@RGenerator@stdlib@lib2d@modules@UModSys@@UBE_NAAUWeakPointer@IRefObject@core@5@@Z 10005080 f i umodsys_lib_lib2d:umodsys.mod.2d.stdlib.obj
 0001:00004080       ?ref_weak@RImageFactory_Memory@stdlib@lib2d@modules@UModSys@@UBE_NAAUWeakPointer@IRefObject@core@5@@Z 10005080 f i umodsys_lib_lib2d:umodsys.mod.2d.stdlib.obj
 0001:00004080       ?ref_weak@RMultiImage@stdlib@lib2d@modules@UModSys@@UBE_NAAUWeakPointer@IRefObject@core@5@@Z 10005080 f i umodsys_lib_lib2d:umodsys.mod.2d.stdlib.obj
 0001:00004080       ?ref_weak@RTerminal@SDL_core@ui@modules@UModSys@@UBE_NAAUWeakPointer@IRefObject@core@5@@Z 10005080 f i umodsys_lib_libui:umodsys.mod.ui.SDL_core.obj
[...]
 0001:00037c70       ??__F?s_id@?$TObjectUniqueID@UICollector@libui@UModSys@@@tl@UModSys@@2USUniquePointer@core@3@A@@YAXXZ 10038c70 f    CIL library: CIL module
 0001:00037c80       ??__F?s_id@?$TObjectUniqueID@UIConsoleHelperInput_UIKey@libui@UModSys@@@tl@UModSys@@2USUniquePointer@core@3@A@@YAXXZ 10038c80 f    CIL library: CIL module
 0001:00037c90       ??__F?s_id@?$TObjectUniqueID@UITerminal@libui@UModSys@@@tl@UModSys@@2USUniquePointer@core@3@A@@YAXXZ 10038c90 f    CIL library: CIL module
 0001:00037ca0       ??__F?s_id@?$TObjectUniqueID@UIJoystickController@libui@UModSys@@@tl@UModSys@@2USUniquePointer@core@3@A@@YAXXZ 10038ca0 f    CIL library: CIL module
 0001:00037cb0       ??__F?s_id@?$TObjectUniqueID@UIMouseController@libui@UModSys@@@tl@UModSys@@2USUniquePointer@core@3@A@@YAXXZ 10038cb0 f    CIL library: CIL module
 0001:00037cc0       ??__F?s_id@?$TObjectUniqueID@UIKeyboardController@libui@UModSys@@@tl@UModSys@@2USUniquePointer@core@3@A@@YAXXZ 10038cc0 f    CIL library: CIL module
 0001:00037cd0       ??__F?s_id@?$TObjectUniqueID@UIConsoleHelperOutputFCS@base@UModSys@@@tl@UModSys@@2USUniquePointer@core@3@A@@YAXXZ 10038cd0 f    CIL library: CIL module
 0001:00037ce0       ??__F?s_id@?$TObjectUniqueID@UIConsoleHelperOutput@base@UModSys@@@tl@UModSys@@2USUniquePointer@core@3@A@@YAXXZ 10038ce0 f    CIL library: CIL module
 0001:00037cf0       ??__F?s_id@?$TObjectUniqueID@UIConsoleHelperInput@base@UModSys@@@tl@UModSys@@2USUniquePointer@core@3@A@@YAXXZ 10038cf0 f    CIL library: CIL module
 0001:00037d00       ??__F?s_id@?$TObjectUniqueID@UIConsoleHelperHistory@base@UModSys@@@tl@UModSys@@2USUniquePointer@core@3@A@@YAXXZ 10038d00 f    CIL library: CIL module
 0001:00037d10       ??__F?s_id@?$TObjectUniqueID@UIConsoleHelper@base@UModSys@@@tl@UModSys@@2USUniquePointer@core@3@A@@YAXXZ 10038d10 f    CIL library: CIL module
 0001:00037d20       ??__F?s_id@?$TObjectUniqueID@UIConsoleExt@base@UModSys@@@tl@UModSys@@2USUniquePointer@core@3@A@@YAXXZ 10038d20 f    CIL library: CIL module
 0001:00037d30       ??__F?s_id@?$TObjectUniqueID@UISerializeWriter@libmedia@UModSys@@@tl@UModSys@@2USUniquePointer@core@3@A@@YAXXZ 10038d30 f    CIL library: CIL module
 0001:00037d40       ??__F?s_id@?$TObjectUniqueID@UISerializeReader@libmedia@UModSys@@@tl@UModSys@@2USUniquePointer@core@3@A@@YAXXZ 10038d40 f    CIL library: CIL module
 0001:00037d50       ??__F?s_id@?$TObjectUniqueID@UIClient@IBinArchiveFrame@libmedia@UModSys@@@tl@UModSys@@2USUniquePointer@core@3@A@@YAXXZ 10038d50 f    CIL library: CIL module
 0001:00037d60       ??__F?s_id@?$TObjectUniqueID@UIBinArchiveFrame@libmedia@UModSys@@@tl@UModSys@@2USUniquePointer@core@3@A@@YAXXZ 10038d60 f    CIL library: CIL module
 0001:00037d70       ??__F?s_id@?$TObjectUniqueID@UILibraryLayered@libmedia@UModSys@@@tl@UModSys@@2USUniquePointer@core@3@A@@YAXXZ 10038d70 f    CIL library: CIL module
 0001:00037d80       ??__F?s_id@?$TObjectUniqueID@UILibraryObjCache@libmedia@UModSys@@@tl@UModSys@@2USUniquePointer@core@3@A@@YAXXZ 10038d80 f    CIL library: CIL module
 0001:00037d90       ??__F?s_id@?$TObjectUniqueID@UILibraryObjFilter@libmedia@UModSys@@@tl@UModSys@@2USUniquePointer@core@3@A@@YAXXZ 10038d90 f    CIL library: CIL module
 0001:00037da0       ??__F?s_id@?$TObjectUniqueID@UILibraryBinCache@libmedia@UModSys@@@tl@UModSys@@2USUniquePointer@core@3@A@@YAXXZ 10038da0 f    CIL library: CIL module
 0001:00037db0       ??__F?s_id@?$TObjectUniqueID@UILibraryBinTree@libmedia@UModSys@@@tl@UModSys@@2USUniquePointer@core@3@A@@YAXXZ 10038db0 f    CIL library: CIL module
 0001:00037dc0       ??__F?s_id@?$TObjectUniqueID@UILibrary@libmedia@UModSys@@@tl@UModSys@@2USUniquePointer@core@3@A@@YAXXZ 10038dc0 f    CIL library: CIL module
 0001:00037dd0       ??__F?s_id@?$TObjectUniqueID@UIBinObjFilter@libmedia@UModSys@@@tl@UModSys@@2USUniquePointer@core@3@A@@YAXXZ 10038dd0 f    CIL library: CIL module
 0001:00037de0       ??__F?s_id@?$TObjectUniqueID@UIBinArchive@libmedia@UModSys@@@tl@UModSys@@2USUniquePointer@core@3@A@@YAXXZ 10038de0 f    CIL library: CIL module
 0001:00037df0       ??__F?s_id@?$TObjectUniqueID@UILibObject@libmedia@UModSys@@@tl@UModSys@@2USUniquePointer@core@3@A@@YAXXZ 10038df0 f    CIL library: CIL module
 0001:00037e00       ??__F?s_id@?$TObjectUniqueID@UIUtilities@libmedia@UModSys@@@tl@UModSys@@2USUniquePointer@core@3@A@@YAXXZ 10038e00 f    CIL library: CIL module
 0001:00037e10       ??__F?s_id@?$TObjectUniqueID@UIStreamWriter@libmedia@UModSys@@@tl@UModSys@@2USUniquePointer@core@3@A@@YAXXZ 10038e10 f    CIL library: CIL module
 0001:00037e20       ??__F?s_id@?$TObjectUniqueID@UIStreamReader@libmedia@UModSys@@@tl@UModSys@@2USUniquePointer@core@3@A@@YAXXZ 10038e20 f    CIL library: CIL module
 0001:00037e30       ??__F?s_id@?$TObjectUniqueID@UISystem@base@UModSys@@@tl@UModSys@@2USUniquePointer@core@3@A@@YAXXZ 10038e30 f    CIL library: CIL module
 0001:00037e40       ??__F?s_id@?$TObjectUniqueID@UIShell@base@UModSys@@@tl@UModSys@@2USUniquePointer@core@3@A@@YAXXZ 10038e40 f    CIL library: CIL module
 0001:00037e50       ??__F?s_id@?$TObjectUniqueID@UIGenerator@base@UModSys@@@tl@UModSys@@2USUniquePointer@core@3@A@@YAXXZ 10038e50 f    CIL library: CIL module
 0001:00037e60       ??__F?s_id@?$TObjectUniqueID@UIModObject@base@UModSys@@@tl@UModSys@@2USUniquePointer@core@3@A@@YAXXZ 10038e60 f    CIL library: CIL module
 0001:00037e70       ??__F?s_id@?$TObjectUniqueID@UIModuleLibrary@base@UModSys@@@tl@UModSys@@2USUniquePointer@core@3@A@@YAXXZ 10038e70 f    CIL library: CIL module
 0001:00037e80       ??__F?s_id@?$TObjectUniqueID@UIModule@base@UModSys@@@tl@UModSys@@2USUniquePointer@core@3@A@@YAXXZ 10038e80 f    CIL library: CIL module
 0001:00037e90       ??__F?s_id@?$TObjectUniqueID@UIConsole@base@UModSys@@@tl@UModSys@@2USUniquePointer@core@3@A@@YAXXZ 10038e90 f    CIL library: CIL module
 0001:00037ea0       ??__F?s_id@?$TObjectUniqueID@UIParameters@core@UModSys@@@tl@UModSys@@2USUniquePointer@core@3@A@@YAXXZ 10038ea0 f    CIL library: CIL module
 0001:00037eb0       ??__F?s_id@?$TObjectUniqueID@UIRefObject@core@UModSys@@@tl@UModSys@@2USUniquePointer@core@3@A@@YAXXZ 10038eb0 f    CIL library: CIL module
 0001:00037ec0       ??__F?s_id@?$TObjectUniqueID@UIRoot@core@UModSys@@@tl@UModSys@@2USUniquePointer@core@3@A@@YAXXZ 10038ec0 f    CIL library: CIL module
 0001:00037ed0       ??__F?s_id@?$TObjectUniqueID@UIScene@lib3d@UModSys@@@tl@UModSys@@2USUniquePointer@core@3@A@@YAXXZ 10038ed0 f    CIL library: CIL module
 0001:00037ee0       ??__F?s_id@?$TObjectUniqueID@UISceneController@lib3d@UModSys@@@tl@UModSys@@2USUniquePointer@core@3@A@@YAXXZ 10038ee0 f    CIL library: CIL module
 0001:00037ef0       ??__F?s_id@?$TObjectUniqueID@UINodeObject_Light@lib3d@UModSys@@@tl@UModSys@@2USUniquePointer@core@3@A@@YAXXZ 10038ef0 f    CIL library: CIL module
 0001:00037f00       ??__F?s_id@?$TObjectUniqueID@UINodeObject_Camera@lib3d@UModSys@@@tl@UModSys@@2USUniquePointer@core@3@A@@YAXXZ 10038f00 f    CIL library: CIL module
 0001:00037f10       ??__F?s_id@?$TObjectUniqueID@UINodeObject_Particles@lib3d@UModSys@@@tl@UModSys@@2USUniquePointer@core@3@A@@YAXXZ 10038f10 f    CIL library: CIL module
 0001:00037f20       ??__F?s_id@?$TObjectUniqueID@UINodeObject_Picture@lib3d@UModSys@@@tl@UModSys@@2USUniquePointer@core@3@A@@YAXXZ 10038f20 f    CIL library: CIL module
 0001:00037f30       ??__F?s_id@?$TObjectUniqueID@UINodeObject_Mesh@lib3d@UModSys@@@tl@UModSys@@2USUniquePointer@core@3@A@@YAXXZ 10038f30 f    CIL library: CIL module
 0001:00037f40       ??__F?s_id@?$TObjectUniqueID@UINodeObject_Brush@lib3d@UModSys@@@tl@UModSys@@2USUniquePointer@core@3@A@@YAXXZ 10038f40 f    CIL library: CIL module
 0001:00037f50       ??__Fs_dbg@stdlib@lib2d@modules@UModSys@@YAXXZ 10038f50 f    CIL library: CIL module
 0001:00037f60       ??__F?s_modreg@RModuleReg@stdlib@lib2d@modules@UModSys@@2U12345@A@@YAXXZ 10038f60 f    CIL library: CIL module
 0001:00037f80       ??__F?s_modreg_chain@RModuleReg@stdlib@lib2d@modules@UModSys@@2USModuleRegChain@base@5@A@@YAXXZ 10038f80 f    CIL library: CIL module
 0001:00037f90       ??__F?s_uid@RGenerator@stdlib@lib2d@modules@UModSys@@2USUniquePointer@core@5@A@@YAXXZ 10038f90 f    CIL library: CIL module
 0001:00037fa0       ??__Fh@?1??s_holder@RGenerator@stdlib@lib2d@modules@UModSys@@SAAAU?$TTypeStaticHolder@URGenerator@stdlib@lib2d@modules@UModSys@@@tl@5@XZ@YAXXZ 10038fa0 f    CIL library: CIL module
 0001:00037fc0       ??__F?s_id@?$TObjectUniqueID@URGenerator@stdlib@lib2d@modules@UModSys@@@tl@UModSys@@2USUniquePointer@core@3@A@@YAXXZ 10038fc0 f    CIL library: CIL module
 0001:00037fd0       ??__F?s_id@?$TObjectUniqueID@URMultiImage@stdlib@lib2d@modules@UModSys@@@tl@UModSys@@2USUniquePointer@core@3@A@@YAXXZ 10038fd0 f    CIL library: CIL module
 0001:00037fe0       ??__F?s_id@?$TObjectUniqueID@URImageFactory_Memory@stdlib@lib2d@modules@UModSys@@@tl@UModSys@@2USUniquePointer@core@3@A@@YAXXZ 10038fe0 f    CIL library: CIL module
 0001:00037ff0       ??__F?s_id@?$TObjectUniqueID@URImage_Memory@stdlib@lib2d@modules@UModSys@@@tl@UModSys@@2USUniquePointer@core@3@A@@YAXXZ 10038ff0 f    CIL library: CIL module
 0001:00038000       ??__Fs_dbg@SDL_GL@ui@modules@UModSys@@YAXXZ 10039000 f    CIL library: CIL module
 0001:00038010       ??__F?s_modreg@RModuleReg@SDL_GL@ui@modules@UModSys@@2U12345@A@@YAXXZ 10039010 f    CIL library: CIL module
 0001:00038030       ??__F?s_modreg_chain@RModuleReg@SDL_GL@ui@modules@UModSys@@2USModuleRegChain@base@5@A@@YAXXZ 10039030 f    CIL library: CIL module
 0001:00038040       ??__F?s_uid@RGenerator@SDL_GL@ui@modules@UModSys@@2USUniquePointer@core@5@A@@YAXXZ 10039040 f    CIL library: CIL module
 0001:00038050       ??__Fh@?1??s_holder@RGenerator@SDL_GL@ui@modules@UModSys@@SAAAU?$TTypeStaticHolder@URGenerator@SDL_GL@ui@modules@UModSys@@@tl@5@XZ@YAXXZ 10039050 f    CIL library: CIL module
 0001:00038070       ??__F?s_id@?$TObjectUniqueID@URGenerator@SDL_GL@ui@modules@UModSys@@@tl@UModSys@@2USUniquePointer@core@3@A@@YAXXZ 10039070 f    CIL library: CIL module
 0001:00038080       ??__F?s_id@?$TObjectUniqueID@URVertexArray@SDL_GL@ui@modules@UModSys@@@tl@UModSys@@2USUniquePointer@core@3@A@@YAXXZ 10039080 f    CIL library: CIL module
 0001:00038090       ??__F?s_id@?$TObjectUniqueID@URTerminalX@SDL_GL@ui@modules@UModSys@@@tl@UModSys@@2USUniquePointer@core@3@A@@YAXXZ 10039090 f    CIL library: CIL module
 0001:000380a0       ??__F?s_id@?$TObjectUniqueID@URRenderDriver3D@SDL_GL@ui@modules@UModSys@@@tl@UModSys@@2USUniquePointer@core@3@A@@YAXXZ 100390a0 f    CIL library: CIL module
 0001:000380b0       ??__F?s_id@?$TObjectUniqueID@URMultiImage2D_SDL_ttf@SDL_GL@ui@modules@UModSys@@@tl@UModSys@@2USUniquePointer@core@3@A@@YAXXZ 100390b0 f    CIL library: CIL module
 0001:000380c0       ??__F?s_id@?$TObjectUniqueID@URTerminal@SDL_GL@ui@modules@UModSys@@@tl@UModSys@@2USUniquePointer@core@3@A@@YAXXZ 100390c0 f    CIL library: CIL module
 0001:000380d0       ??__F?s_id@?$TObjectUniqueID@URMouseController@SDL_GL@ui@modules@UModSys@@@tl@UModSys@@2USUniquePointer@core@3@A@@YAXXZ 100390d0 f    CIL library: CIL module
 0001:000380e0       ??__F?s_id@?$TObjectUniqueID@URKeyboardController@SDL_GL@ui@modules@UModSys@@@tl@UModSys@@2USUniquePointer@core@3@A@@YAXXZ 100390e0 f    CIL library: CIL module
 0001:000380f0       ??__Fs_dbg@SDL_core@ui@modules@UModSys@@YAXXZ 100390f0 f    CIL library: CIL module
 0001:00038100       ??__F?s_modreg@RModuleReg@SDL_core@ui@modules@UModSys@@2U12345@A@@YAXXZ 10039100 f    CIL library: CIL module
 0001:00038120       ??__F?s_modreg_chain@RModuleReg@SDL_core@ui@modules@UModSys@@2USModuleRegChain@base@5@A@@YAXXZ 10039120 f    CIL library: CIL module
 0001:00038130       ??__F?s_uid@RGenerator@SDL_core@ui@modules@UModSys@@2USUniquePointer@core@5@A@@YAXXZ 10039130 f    CIL library: CIL module
 0001:00038140       ??__Fh@?1??s_holder@RGenerator@SDL_core@ui@modules@UModSys@@SAAAU?$TTypeStaticHolder@URGenerator@SDL_core@ui@modules@UModSys@@@tl@5@XZ@YAXXZ 10039140 f    CIL library: CIL module
 0001:00038160       ??__F?s_id@?$TObjectUniqueID@URGenerator@SDL_core@ui@modules@UModSys@@@tl@UModSys@@2USUniquePointer@core@3@A@@YAXXZ 10039160 f    CIL library: CIL module
 0001:00038170       ??__F?s_id@?$TObjectUniqueID@URTerminalX@SDL_core@ui@modules@UModSys@@@tl@UModSys@@2USUniquePointer@core@3@A@@YAXXZ 10039170 f    CIL library: CIL module
 0001:00038180       ??__F?s_id@?$TObjectUniqueID@URRenderDriver2D@SDL_core@ui@modules@UModSys@@@tl@UModSys@@2USUniquePointer@core@3@A@@YAXXZ 10039180 f    CIL library: CIL module
 0001:00038190       ??__F?s_id@?$TObjectUniqueID@URMultiImage2D_SDL_ttf@SDL_core@ui@modules@UModSys@@@tl@UModSys@@2USUniquePointer@core@3@A@@YAXXZ 10039190 f    CIL library: CIL module
 0001:000381a0       ??__F?s_id@?$TObjectUniqueID@URTerminal@SDL_core@ui@modules@UModSys@@@tl@UModSys@@2USUniquePointer@core@3@A@@YAXXZ 100391a0 f    CIL library: CIL module
 0001:000381b0       ??__F?s_id@?$TObjectUniqueID@URMouseController@SDL_core@ui@modules@UModSys@@@tl@UModSys@@2USUniquePointer@core@3@A@@YAXXZ 100391b0 f    CIL library: CIL module
 0001:000381c0       ??__F?s_id@?$TObjectUniqueID@URKeyboardController@SDL_core@ui@modules@UModSys@@@tl@UModSys@@2USUniquePointer@core@3@A@@YAXXZ 100391c0 f    CIL library: CIL module
 0001:000381d0       ??__Fs_dbg@frames@ui@modules@UModSys@@YAXXZ 100391d0 f    CIL library: CIL module
 0001:000381e0       ??__F?s_modreg@RModuleReg@frames@ui@modules@UModSys@@2U12345@A@@YAXXZ 100391e0 f    CIL library: CIL module
 0001:00038200       ??__F?s_modreg_chain@RModuleReg@frames@ui@modules@UModSys@@2USModuleRegChain@base@5@A@@YAXXZ 10039200 f    CIL library: CIL module
 0001:00038210       ??__F?s_uid@RGenerator@frames@ui@modules@UModSys@@2USUniquePointer@core@5@A@@YAXXZ 10039210 f    CIL library: CIL module
 0001:00038220       ??__Fh@?1??s_holder@RGenerator@frames@ui@modules@UModSys@@SAAAU?$TTypeStaticHolder@URGenerator@frames@ui@modules@UModSys@@@tl@5@XZ@YAXXZ 10039220 f    CIL library: CIL module
 0001:00038240       ??__F?s_id@?$TObjectUniqueID@URGenerator@frames@ui@modules@UModSys@@@tl@UModSys@@2USUniquePointer@core@3@A@@YAXXZ 10039240 f    CIL library: CIL module
 0001:00038250       ??__F?s_id@?$TObjectUniqueID@URCollector@frames@ui@modules@UModSys@@@tl@UModSys@@2USUniquePointer@core@3@A@@YAXXZ 10039250 f    CIL library: CIL module
 0001:00038260       ??__F?s_id@?$TObjectUniqueID@URFrame_List@frames@ui@modules@UModSys@@@tl@UModSys@@2USUniquePointer@core@3@A@@YAXXZ 10039260 f    CIL library: CIL module
 0001:00038270       ??__F?s_id@?$TObjectUniqueID@URFrame_Edit@frames@ui@modules@UModSys@@@tl@UModSys@@2USUniquePointer@core@3@A@@YAXXZ 10039270 f    CIL library: CIL module
 0001:00038280       ??__F?s_id@?$TObjectUniqueID@URFrame_Button@frames@ui@modules@UModSys@@@tl@UModSys@@2USUniquePointer@core@3@A@@YAXXZ 10039280 f    CIL library: CIL module
 0001:00038290       ??__F?s_id@?$TObjectUniqueID@URFrame_Text@frames@ui@modules@UModSys@@@tl@UModSys@@2USUniquePointer@core@3@A@@YAXXZ 10039290 f    CIL library: CIL module
 0001:000382a0       ??__F?s_id@?$TObjectUniqueID@URFrame_Image@frames@ui@modules@UModSys@@@tl@UModSys@@2USUniquePointer@core@3@A@@YAXXZ 100392a0 f    CIL library: CIL module
 0001:000382b0       ??__F?s_id@?$TObjectUniqueID@URFrame_Frame@frames@ui@modules@UModSys@@@tl@UModSys@@2USUniquePointer@core@3@A@@YAXXZ 100392b0 f    CIL library: CIL module
 0001:000382c0       ??__F?s_id@?$TObjectUniqueID@URDialog@frames@ui@modules@UModSys@@@tl@UModSys@@2USUniquePointer@core@3@A@@YAXXZ 100392c0 f    CIL library: CIL module
 0001:000382d0       ??__F?s_id@?$TObjectUniqueID@URFrame_Common@frames@ui@modules@UModSys@@@tl@UModSys@@2USUniquePointer@core@3@A@@YAXXZ 100392d0 f    CIL library: CIL module
 0001:000382e0       ??__Fs_dbg@images_std@media@modules@UModSys@@YAXXZ 100392e0 f    CIL library: CIL module
 0001:000382f0       ??__F?s_modreg@RModuleReg@images_std@media@modules@UModSys@@2U12345@A@@YAXXZ 100392f0 f    CIL library: CIL module
 0001:00038310       ??__F?s_modreg_chain@RModuleReg@images_std@media@modules@UModSys@@2USModuleRegChain@base@5@A@@YAXXZ 10039310 f    CIL library: CIL module
 0001:00038320       ??__F?s_uid@RGenerator@images_std@media@modules@UModSys@@2USUniquePointer@core@5@A@@YAXXZ 10039320 f    CIL library: CIL module
 0001:00038330       ??__Fh@?1??s_holder@RGenerator@images_std@media@modules@UModSys@@SAAAU?$TTypeStaticHolder@URGenerator@images_std@media@modules@UModSys@@@tl@5@XZ@YAXXZ 10039330 f    CIL library: CIL module
 0001:00038350       ??__F?s_id@?$TObjectUniqueID@URGenerator@images_std@media@modules@UModSys@@@tl@UModSys@@2USUniquePointer@core@3@A@@YAXXZ 10039350 f    CIL library: CIL module
 0001:00038360       ??__F?s_id@?$TObjectUniqueID@URMediaFilter@images_std@media@modules@UModSys@@@tl@UModSys@@2USUniquePointer@core@3@A@@YAXXZ 10039360 f    CIL library: CIL module
 0001:00038370       ??__Fs_dbg@serialize_json@media@modules@UModSys@@YAXXZ 10039370 f    CIL library: CIL module
 0001:00038380       ??__F?s_modreg@RModuleReg@serialize_json@media@modules@UModSys@@2U12345@A@@YAXXZ 10039380 f    CIL library: CIL module
 0001:000383a0       ??__F?s_modreg_chain@RModuleReg@serialize_json@media@modules@UModSys@@2USModuleRegChain@base@5@A@@YAXXZ 100393a0 f    CIL library: CIL module
 0001:000383b0       ??__F?s_uid@RGenerator@serialize_json@media@modules@UModSys@@2USUniquePointer@core@5@A@@YAXXZ 100393b0 f    CIL library: CIL module
 0001:000383c0       ??__Fh@?1??s_holder@RGenerator@serialize_json@media@modules@UModSys@@SAAAU?$TTypeStaticHolder@URGenerator@serialize_json@media@modules@UModSys@@@tl@5@XZ@YAXXZ 100393c0 f    CIL library: CIL module
 0001:000383e0       ??__F?s_id@?$TObjectUniqueID@URGenerator@serialize_json@media@modules@UModSys@@@tl@UModSys@@2USUniquePointer@core@3@A@@YAXXZ 100393e0 f    CIL library: CIL module
 0001:000383f0       ??__F?s_id@?$TObjectUniqueID@URSerializeWriter@serialize_json@media@modules@UModSys@@@tl@UModSys@@2USUniquePointer@core@3@A@@YAXXZ 100393f0 f    CIL library: CIL module
 0001:00038400       ??__F?s_id@?$TObjectUniqueID@URSerializeReader@serialize_json@media@modules@UModSys@@@tl@UModSys@@2USUniquePointer@core@3@A@@YAXXZ 10039400 f    CIL library: CIL module
 0001:00038410       ??__Fs_dbg@zlib@media@modules@UModSys@@YAXXZ 10039410 f    CIL library: CIL module
 0001:00038420       ??__F?s_modreg@RModuleReg@zlib@media@modules@UModSys@@2U12345@A@@YAXXZ 10039420 f    CIL library: CIL module
 0001:00038440       ??__F?s_modreg_chain@RModuleReg@zlib@media@modules@UModSys@@2USModuleRegChain@base@5@A@@YAXXZ 10039440 f    CIL library: CIL module
 0001:00038450       ??__F?s_uid@RGenerator@zlib@media@modules@UModSys@@2USUniquePointer@core@5@A@@YAXXZ 10039450 f    CIL library: CIL module
 0001:00038460       ??__Fh@?1??s_holder@RGenerator@zlib@media@modules@UModSys@@SAAAU?$TTypeStaticHolder@URGenerator@zlib@media@modules@UModSys@@@tl@5@XZ@YAXXZ 10039460 f    CIL library: CIL module
 0001:00038480       ??__F?s_id@?$TObjectUniqueID@URGenerator@zlib@media@modules@UModSys@@@tl@UModSys@@2USUniquePointer@core@3@A@@YAXXZ 10039480 f    CIL library: CIL module
 0001:00038490       ??__F?s_id@?$TObjectUniqueID@URBinArchiveFrameClient_ZIP@zlib@media@modules@UModSys@@@tl@UModSys@@2USUniquePointer@core@3@A@@YAXXZ 10039490 f    CIL library: CIL module
 0001:000384a0       ??__FM@UModSys@@YAXXZ      100394a0 f    CIL library: CIL module
 0001:000384b0       ??__F?root@SModuleRegChain@base@UModSys@@2U123@A@@YAXXZ 100394b0 f    CIL library: CIL module
 0001:000384c0       ??__F?s_library@RModuleLibraryReg_Chain@base@UModSys@@2U123@A@@YAXXZ 100394c0 f    CIL library: CIL module
 0001:000384d0       ??__F?root@SUniquePointer@core@UModSys@@2U123@A@@YAXXZ 100394d0 f    CIL library: CIL module

 Exports

  ordinal    name

        1    _UModSys_Plugin_Entry2@0
