 plugin_test1

 Timestamp is 52a1f356 (Fri Dec 06 18:55:02 2013)

 Preferred load address is 10000000

 Start         Length     Name                   Class
 0001:00000000 000115caH .text                   CODE
 0001:000115d0 000008a8H .text$x                 CODE
 0001:00011e80 00000f41H .text$yc                CODE
 0001:00012dd0 0000061aH .text$yd                CODE
 0002:00000000 000001bcH .idata$5                DATA
 0002:000001bc 00000004H .CRT$XCA                DATA
 0002:000001c0 000006bcH .CRT$XCU                DATA
 0002:0000087c 00000004H .CRT$XCZ                DATA
 0002:00000880 00000004H .CRT$XIA                DATA
 0002:00000884 00000004H .CRT$XIAA               DATA
 0002:00000888 00000004H .CRT$XIC                DATA
 0002:0000088c 00000004H .CRT$XIZ                DATA
 0002:00000890 00001e68H .rdata                  DATA
 0002:000026f8 00001508H .rdata$r                DATA
 0002:00003c00 000000e8H .rdata$sxdata           DATA
 0002:00003ce8 00000004H .rtc$IAA                DATA
 0002:00003cec 00000004H .rtc$IZZ                DATA
 0002:00003cf0 00000004H .rtc$TAA                DATA
 0002:00003cf4 00000004H .rtc$TZZ                DATA
 0002:00003cf8 00000cdcH .xdata$x                DATA
 0002:000049d4 00000064H .idata$2                DATA
 0002:00004a38 00000014H .idata$3                DATA
 0002:00004a4c 000001bcH .idata$4                DATA
 0002:00004c08 00000848H .idata$6                DATA
 0002:00005450 0000005cH .edata                  DATA
 0003:00000000 00000c30H .data                   DATA
 0003:00000c30 00000bb0H .bss                    DATA

  Address         Publics by Value              Rva+Base       Lib:Object

 0000:00000000       __except_list              00000000     <absolute>
 0000:0000003a       ___safe_se_handler_count   0000003a     <absolute>
 0000:00009876       __ldused                   00009876     <absolute>
 0000:00009876       __fltused                  00009876     <absolute>
 0000:00000000       ___ImageBase               10000000     <linker-defined>
 0001:00000000       ??4SCMemShared@core@UModSys@@QAEABU012@ABUSMemShared@12@@Z 10001000 f i plugin_test1.obj
 0001:00000030       ??3IRoot@core@UModSys@@SAXPAXABUSIMemAlloc@12@@Z 10001030 f i plugin_test1.obj
 0001:00000040       ??$seq@D@su@tl@UModSys@@YA_NPBD0@Z 10001040 f i plugin_test1.obj
 0001:00000080       ?obj_load@ILibrary@libmedia@UModSys@@QAE_NABU?$TString@U?$TSCoreConst@D@su@tl@UModSys@@U?$TComparerBinaryHash@D@234@@tl@3@PAUIRefObject@core@3@0PBUSParameters@73@ABU?$TFlags4State@USMediaFlagUid@libmedia@UModSys@@I@53@@Z 10001080 f i plugin_test1.obj
 0001:000000e0       ?obj_save@ILibrary@libmedia@UModSys@@QAE_NABU?$TString@U?$TSCoreConst@D@su@tl@UModSys@@U?$TComparerBinaryHash@D@234@@tl@3@PBUIRefObject@core@3@0PBUSParameters@73@ABU?$TFlags4State@USMediaFlagUid@libmedia@UModSys@@I@53@@Z 100010e0 f i plugin_test1.obj
 0001:00000140       ?mount_add@ILibraryBinTree@libmedia@UModSys@@QAE_NABU?$TString@U?$TSCoreConst@D@su@tl@UModSys@@U?$TComparerBinaryHash@D@234@@tl@3@PAUIBinArchive@23@H@Z 10001140 f i plugin_test1.obj
 0001:000001e0       ?mount_add@ILibraryBinTree@libmedia@UModSys@@QAE_NABU?$TString@U?$TSCoreConst@D@su@tl@UModSys@@U?$TComparerBinaryHash@D@234@@tl@3@HPAUIBinArchive@23@H@Z 100011e0 f i plugin_test1.obj
 0001:00000280       ??1SLayer@ILibraryLayered@libmedia@UModSys@@QAE@XZ 10001280 f i plugin_test1.obj
 0001:00000280       ??1SPoint@ILibraryBinTree@libmedia@UModSys@@QAE@XZ 10001280 f i plugin_test1.obj
 0001:000002a0       ?layer_push@ILibraryLayered@libmedia@UModSys@@QAE_NPAUILibrary@23@HABU?$TString@U?$TSCoreConst@D@su@tl@UModSys@@U?$TComparerBinaryHash@D@234@@tl@3@@Z 100012a0 f i plugin_test1.obj
 0001:00000330       ?s@SFrameDataOut@libui@UModSys@@QBEXQBD@Z 10001330 f i plugin_test1.obj
 0001:00000370       ??_EIRoot@core@UModSys@@UAEPAXI@Z 10001370 f i  CIL library: CIL module
 0001:00000370       ??_GIRoot@core@UModSys@@UAEPAXI@Z 10001370 f i plugin_test1.obj
 0001:00000390       ?root_get_interface_info@RTest1_Shell@test1@test@modules@UModSys@@UBEABUSUniquePointerInfo@core@5@XZ 10001390 f i plugin_test1.obj
 0001:000003a0       ?root_get_interface_type@RTest1_Shell@test1@test@modules@UModSys@@UBEPBUSUniquePointerInfo@core@5@XZ 100013a0 f i plugin_test1.obj
 0001:000003b0       ?root_get_other_interface@RTest1_Shell@test1@test@modules@UModSys@@UBEPBUIRoot@core@5@PBUSUniquePointerInfo@75@@Z 100013b0 f i plugin_test1.obj
 0001:000003b0       ?root_get_other_interface@RTest1_Shell@test1@test@modules@UModSys@@UAEPAUIRoot@core@5@PBUSUniquePointerInfo@75@@Z 100013b0 f i plugin_test1.obj
 0001:000003e0       ?root_is_interface_supported@RTest1_Shell@test1@test@modules@UModSys@@UBE_NPBUSUniquePointerInfo@core@5@@Z 100013e0 f i plugin_test1.obj
 0001:00000420       ?ref_add@RTest1_Shell@test1@test@modules@UModSys@@UBEXXZ 10001420 f i plugin_test1.obj
 0001:00000430       ?ref_remove@RTest1_Shell@test1@test@modules@UModSys@@UBEXXZ 10001430 f i plugin_test1.obj
 0001:00000440       ?ref_links@RTest1_Shell@test1@test@modules@UModSys@@UBEHXZ 10001440 f i plugin_test1.obj
 0001:00000450       ?ref_weak@RTest1_Shell@test1@test@modules@UModSys@@UBE_NAAUWeakPointer@IRefObject@core@5@@Z 10001450 f i plugin_test1.obj
 0001:00000470       ?suicide@RTest1_Shell@test1@test@modules@UModSys@@UAEXXZ 10001470 f i plugin_test1.obj
 0001:00000480       ??0RTest1_Shell@test1@test@modules@UModSys@@QAE@PAUIModObject@base@4@@Z 10001480 f i plugin_test1.obj
 0001:000005c0       ??1RTest1_Shell@test1@test@modules@UModSys@@UAE@XZ 100015c0 f i plugin_test1.obj
 0001:00000670       ?connect@RTest1_Shell@test1@test@modules@UModSys@@UAE_NXZ 10001670 f i plugin_test1.obj
 0001:00000690       ?disconnect@RTest1_Shell@test1@test@modules@UModSys@@UAE_NXZ 10001690 f i plugin_test1.obj
 0001:000006b0       ?process_tick@RTest1_Shell@test1@test@modules@UModSys@@UAE_NABUSTimeMsec@core@5@@Z 100016b0 f i plugin_test1.obj
 0001:000006e0       ?process_command@RTest1_Shell@test1@test@modules@UModSys@@UAE_NHQBU?$TString@U?$TSCoreConst@D@su@tl@UModSys@@U?$TComparerBinaryHash@D@234@@tl@5@@Z 100016e0 f i plugin_test1.obj
 0001:00000710       ??_GRTest1_Shell@test1@test@modules@UModSys@@UAEPAXI@Z 10001710 f i plugin_test1.obj
 0001:00000710       ??_ERTest1_Shell@test1@test@modules@UModSys@@UAEPAXI@Z 10001710 f i  CIL library: CIL module
 0001:00000730       ??1?$TParametersA@$0EAA@@core@UModSys@@QAE@XZ 10001730 f i plugin_test1.obj
 0001:00000730       ??1?$TParametersA@$0BAA@@core@UModSys@@QAE@XZ 10001730 f i umodsys_lib_libui:umodsys.mod.ui.SDL_core.obj
 0001:00000730       ??1SParameters@core@UModSys@@QAE@XZ 10001730 f i plugin_test1.obj
 0001:00000740       ?get_generated_names@RGenerator@test1@test@modules@UModSys@@UBEHAAUSUniquePtrList@core@5@@Z 10001740 f i plugin_test1.obj
 0001:00000760       ?get_generated_types@RGenerator@test1@test@modules@UModSys@@UBEHAAUSUniquePtrList@core@5@PBUSUniquePointerInfo@75@@Z 10001760 f i plugin_test1.obj
 0001:000007b0       ?generate@RGenerator@test1@test@modules@UModSys@@UAE_NAAU?$TRefObject@UIRefObject@core@UModSys@@U?$TRefObjectFunc@UIRefObject@core@UModSys@@@tl@3@@tl@5@PBUSUniquePointerInfo@core@5@ABUSParameters@95@@Z 100017b0 f i plugin_test1.obj
 0001:00000870       ?root_get_interface_info@RGenerator@test1@test@modules@UModSys@@UBEABUSUniquePointerInfo@core@5@XZ 10001870 f i plugin_test1.obj
 0001:00000880       ?root_get_interface_type@RGenerator@test1@test@modules@UModSys@@UBEPBUSUniquePointerInfo@core@5@XZ 10001880 f i plugin_test1.obj
 0001:00000890       ?root_get_other_interface@RGenerator@test1@test@modules@UModSys@@UAEPAUIRoot@core@5@PBUSUniquePointerInfo@75@@Z 10001890 f i plugin_test1.obj
 0001:00000890       ?root_get_other_interface@RGenerator@test1@test@modules@UModSys@@UBEPBUIRoot@core@5@PBUSUniquePointerInfo@75@@Z 10001890 f i plugin_test1.obj
 0001:000008d0       ?root_is_interface_supported@RGenerator@test1@test@modules@UModSys@@UBE_NPBUSUniquePointerInfo@core@5@@Z 100018d0 f i plugin_test1.obj
 0001:00000910       ?get_uid@RGenerator@test1@test@modules@UModSys@@UBEPBUSUniquePointerInfo@core@5@XZ 10001910 f i plugin_test1.obj
 0001:00000920       ?do_open@RModuleReg@test1@test@modules@UModSys@@UAE_NXZ 10001920 f i plugin_test1.obj
 0001:00000950       ?do_close@RModuleReg@test1@test@modules@UModSys@@UAE_NXZ 10001950 f i plugin_test1.obj
 0001:00000980       ??_ERModuleReg@test1@test@modules@UModSys@@UAEPAXI@Z 10001980 f i  CIL library: CIL module
 0001:00000980       ??_GRModuleReg@test1@test@modules@UModSys@@UAEPAXI@Z 10001980 f i plugin_test1.obj
 0001:000009b0       ??0?$TString@U?$TSCoreConst@D@su@tl@UModSys@@U?$TComparerBinaryHash@D@234@@tl@UModSys@@QAE@PBD@Z 100019b0 f i plugin_test1.obj
 0001:00000a00       ??8?$TString@U?$TSCoreConst@D@su@tl@UModSys@@U?$TComparerBinaryHash@D@234@@tl@UModSys@@QBE_NPBD@Z 10001a00 f i plugin_test1.obj
 0001:00000a30       ??1?$TRefObject@UIKeyboardController@libui@UModSys@@U?$TRefObjectFunc@UIKeyboardController@libui@UModSys@@@tl@3@@tl@UModSys@@QAE@XZ 10001a30 f i plugin_test1.obj
 0001:00000a30       ??1?$TRefObject@UIImage@lib2d@UModSys@@U?$TRefObjectFunc@UIImage@lib2d@UModSys@@@tl@3@@tl@UModSys@@QAE@XZ 10001a30 f i plugin_test1.obj
 0001:00000a30       ??1?$TRefObject@UILibraryBinCache@libmedia@UModSys@@U?$TRefObjectFunc@UILibraryBinCache@libmedia@UModSys@@@tl@3@@tl@UModSys@@QAE@XZ 10001a30 f i plugin_test1.obj
 0001:00000a30       ??1?$TRefObject@UIRefObject@core@UModSys@@U?$TRefObjectFunc@UIRefObject@core@UModSys@@@tl@3@@tl@UModSys@@QAE@XZ 10001a30 f i plugin_test1.obj
 0001:00000a30       ??1?$TRefObject@UIBinObjFilter@libmedia@UModSys@@U?$TRefObjectFunc@UIBinObjFilter@libmedia@UModSys@@@tl@3@@tl@UModSys@@QAE@XZ 10001a30 f i plugin_test1.obj
 0001:00000a30       ??1?$TRefObject@URDialog@frames@ui@modules@UModSys@@U?$TRefObjectFunc@URDialog@frames@ui@modules@UModSys@@@tl@5@@tl@UModSys@@QAE@XZ 10001a30 f i umodsys_lib_libui:umodsys.mod.ui.frames.obj
 0001:00000a30       ??1?$TRefObject@UILibraryLayered@libmedia@UModSys@@U?$TRefObjectFunc@UILibraryLayered@libmedia@UModSys@@@tl@3@@tl@UModSys@@QAE@XZ 10001a30 f i plugin_test1.obj
 0001:00000a30       ??1?$TRefObject@URMultiImage2D_SDL_ttf@SDL_core@ui@modules@UModSys@@U?$TRefObjectFunc@URMultiImage2D_SDL_ttf@SDL_core@ui@modules@UModSys@@@tl@5@@tl@UModSys@@QAE@XZ 10001a30 f i umodsys_lib_libui:umodsys.mod.ui.SDL_core.obj
 0001:00000a30       ??1?$TRefObject@URKeyboardController@SDL_core@ui@modules@UModSys@@U?$TRefObjectFunc@URKeyboardController@SDL_core@ui@modules@UModSys@@@tl@5@@tl@UModSys@@QAE@XZ 10001a30 f i umodsys_lib_libui:umodsys.mod.ui.SDL_core.obj
 0001:00000a30       ??1?$TRefObject@UILibraryObjFilter@libmedia@UModSys@@U?$TRefObjectFunc@UILibraryObjFilter@libmedia@UModSys@@@tl@3@@tl@UModSys@@QAE@XZ 10001a30 f i plugin_test1.obj
 0001:00000a30       ??1?$TRefObject@UIMultiImage@lib2d@UModSys@@U?$TRefObjectFunc@UIMultiImage@lib2d@UModSys@@@tl@3@@tl@UModSys@@QAE@XZ 10001a30 f i plugin_test1.obj
 0001:00000a30       ??1?$TRefObject@UIRenderDriver@lib2d@UModSys@@U?$TRefObjectFunc@UIRenderDriver@lib2d@UModSys@@@tl@3@@tl@UModSys@@QAE@XZ 10001a30 f i plugin_test1.obj
 0001:00000a30       ??1?$TRefObject@URRenderDriver2D@SDL_core@ui@modules@UModSys@@U?$TRefObjectFunc@URRenderDriver2D@SDL_core@ui@modules@UModSys@@@tl@5@@tl@UModSys@@QAE@XZ 10001a30 f i umodsys_lib_libui:umodsys.mod.ui.SDL_core.obj
 0001:00000a30       ??1?$TRefObject@UIBinArchive@libmedia@UModSys@@U?$TRefObjectFunc@UIBinArchive@libmedia@UModSys@@@tl@3@@tl@UModSys@@QAE@XZ 10001a30 f i plugin_test1.obj
 0001:00000a30       ??1?$TRefObject@UILibraryBinTree@libmedia@UModSys@@U?$TRefObjectFunc@UILibraryBinTree@libmedia@UModSys@@@tl@3@@tl@UModSys@@QAE@XZ 10001a30 f i plugin_test1.obj
 0001:00000a30       ??1?$TRefObject@URMediaFilter@images_std@media@modules@UModSys@@U?$TRefObjectFunc@URMediaFilter@images_std@media@modules@UModSys@@@tl@5@@tl@UModSys@@QAE@XZ 10001a30 f i umodsys_lib_libmedia:umodsys.mod.media.images_std.obj
 0001:00000a30       ??1?$TRefObject@UILibrary@libmedia@UModSys@@U?$TRefObjectFunc@UILibrary@libmedia@UModSys@@@tl@3@@tl@UModSys@@QAE@XZ 10001a30 f i plugin_test1.obj
 0001:00000a30       ??1?$TRefObject@UILibraryObjCache@libmedia@UModSys@@U?$TRefObjectFunc@UILibraryObjCache@libmedia@UModSys@@@tl@3@@tl@UModSys@@QAE@XZ 10001a30 f i plugin_test1.obj
 0001:00000a30       ??1?$TRefObject@URCollector@frames@ui@modules@UModSys@@U?$TRefObjectFunc@URCollector@frames@ui@modules@UModSys@@@tl@5@@tl@UModSys@@QAE@XZ 10001a30 f i umodsys_lib_libui:umodsys.mod.ui.frames.obj
 0001:00000a30       ??1?$TRefObject@URMouseController@SDL_core@ui@modules@UModSys@@U?$TRefObjectFunc@URMouseController@SDL_core@ui@modules@UModSys@@@tl@5@@tl@UModSys@@QAE@XZ 10001a30 f i umodsys_lib_libui:umodsys.mod.ui.SDL_core.obj
 0001:00000a30       ??1?$TRefObject@URImage_Memory@stdlib@lib2d@modules@UModSys@@U?$TRefObjectFunc@URImage_Memory@stdlib@lib2d@modules@UModSys@@@tl@5@@tl@UModSys@@QAE@XZ 10001a30 f i umodsys_lib_lib2d:umodsys.mod.2d.stdlib.obj
 0001:00000a30       ??1?$TRefObject@UIMouseController@libui@UModSys@@U?$TRefObjectFunc@UIMouseController@libui@UModSys@@@tl@3@@tl@UModSys@@QAE@XZ 10001a30 f i plugin_test1.obj
 0001:00000a30       ??1?$TRefObject@UIFrame@libui@UModSys@@U?$TRefObjectFunc@UIFrame@libui@UModSys@@@tl@3@@tl@UModSys@@QAE@XZ 10001a30 f i umodsys_lib_libui:umodsys.mod.ui.frames.obj
 0001:00000a30       ??1?$TRefObject@URFrame_Common@frames@ui@modules@UModSys@@U?$TRefObjectFunc@URFrame_Common@frames@ui@modules@UModSys@@@tl@5@@tl@UModSys@@QAE@XZ 10001a30 f i umodsys_lib_libui:umodsys.mod.ui.frames.obj
 0001:00000a30       ??1?$TRefObject@UITerminal@libui@UModSys@@U?$TRefObjectFunc@UITerminal@libui@UModSys@@@tl@3@@tl@UModSys@@QAE@XZ 10001a30 f i plugin_test1.obj
 0001:00000a30       ??1?$TRefObject@URTerminal@SDL_core@ui@modules@UModSys@@U?$TRefObjectFunc@URTerminal@SDL_core@ui@modules@UModSys@@@tl@5@@tl@UModSys@@QAE@XZ 10001a30 f i umodsys_lib_libui:umodsys.mod.ui.SDL_core.obj
 0001:00000a50       ?info_new@?$TSCoreShared@USIMemAlloc@core@UModSys@@D@su@tl@UModSys@@QAE_NPBDI@Z 10001a50 f i plugin_test1.obj
 0001:00000ae0       ??$generate_type@UIImage@lib2d@UModSys@@@RTest1_Shell@test1@test@modules@UModSys@@QAE?AU?$TRefObject@UIImage@lib2d@UModSys@@U?$TRefObjectFunc@UIImage@lib2d@UModSys@@@tl@3@@tl@4@ABU?$TString@U?$TSCoreConst@D@su@tl@UModSys@@U?$TComparerBinaryHash@D@234@@64@ABUSParameters@core@4@PBD@Z 10001ae0 f i plugin_test1.obj
 0001:00000c30       ??$generate_type@UIBinArchive@libmedia@UModSys@@@RTest1_Shell@test1@test@modules@UModSys@@QAE?AU?$TRefObject@UIBinArchive@libmedia@UModSys@@U?$TRefObjectFunc@UIBinArchive@libmedia@UModSys@@@tl@3@@tl@4@ABU?$TString@U?$TSCoreConst@D@su@tl@UModSys@@U?$TComparerBinaryHash@D@234@@64@ABUSParameters@core@4@PBD@Z 10001c30 f i plugin_test1.obj
 0001:00000d80       ??$generate_type@UIBinObjFilter@libmedia@UModSys@@@RTest1_Shell@test1@test@modules@UModSys@@QAE?AU?$TRefObject@UIBinObjFilter@libmedia@UModSys@@U?$TRefObjectFunc@UIBinObjFilter@libmedia@UModSys@@@tl@3@@tl@4@ABU?$TString@U?$TSCoreConst@D@su@tl@UModSys@@U?$TComparerBinaryHash@D@234@@64@ABUSParameters@core@4@PBD@Z 10001d80 f i plugin_test1.obj
 0001:00000ed0       ??$generate_type@UILibraryBinTree@libmedia@UModSys@@@RTest1_Shell@test1@test@modules@UModSys@@QAE?AU?$TRefObject@UILibraryBinTree@libmedia@UModSys@@U?$TRefObjectFunc@UILibraryBinTree@libmedia@UModSys@@@tl@3@@tl@4@ABU?$TString@U?$TSCoreConst@D@su@tl@UModSys@@U?$TComparerBinaryHash@D@234@@64@ABUSParameters@core@4@PBD@Z 10001ed0 f i plugin_test1.obj
 0001:00001020       ??$generate_type@UILibraryObjFilter@libmedia@UModSys@@@RTest1_Shell@test1@test@modules@UModSys@@QAE?AU?$TRefObject@UILibraryObjFilter@libmedia@UModSys@@U?$TRefObjectFunc@UILibraryObjFilter@libmedia@UModSys@@@tl@3@@tl@4@ABU?$TString@U?$TSCoreConst@D@su@tl@UModSys@@U?$TComparerBinaryHash@D@234@@64@ABUSParameters@core@4@PBD@Z 10002020 f i plugin_test1.obj
 0001:00001170       ??$generate_type@UILibraryLayered@libmedia@UModSys@@@RTest1_Shell@test1@test@modules@UModSys@@QAE?AU?$TRefObject@UILibraryLayered@libmedia@UModSys@@U?$TRefObjectFunc@UILibraryLayered@libmedia@UModSys@@@tl@3@@tl@4@ABU?$TString@U?$TSCoreConst@D@su@tl@UModSys@@U?$TComparerBinaryHash@D@234@@64@ABUSParameters@core@4@PBD@Z 10002170 f i plugin_test1.obj
 0001:000012c0       ??$generate_type@UILibraryObjCache@libmedia@UModSys@@@RTest1_Shell@test1@test@modules@UModSys@@QAE?AU?$TRefObject@UILibraryObjCache@libmedia@UModSys@@U?$TRefObjectFunc@UILibraryObjCache@libmedia@UModSys@@@tl@3@@tl@4@ABU?$TString@U?$TSCoreConst@D@su@tl@UModSys@@U?$TComparerBinaryHash@D@234@@64@ABUSParameters@core@4@PBD@Z 100022c0 f i plugin_test1.obj
 0001:00001410       ??$generate_type@UILibraryBinCache@libmedia@UModSys@@@RTest1_Shell@test1@test@modules@UModSys@@QAE?AU?$TRefObject@UILibraryBinCache@libmedia@UModSys@@U?$TRefObjectFunc@UILibraryBinCache@libmedia@UModSys@@@tl@3@@tl@4@ABU?$TString@U?$TSCoreConst@D@su@tl@UModSys@@U?$TComparerBinaryHash@D@234@@64@ABUSParameters@core@4@PBD@Z 10002410 f i plugin_test1.obj
 0001:00001560       ??$shash@D@su@tl@UModSys@@YAHPBDI@Z 10002560 f i plugin_test1.obj
 0001:00001590       ??1?$TRefObject@UIModObject@base@UModSys@@U?$TModObjectFunc@UIModObject@base@UModSys@@@tl@3@@tl@UModSys@@QAE@XZ 10002590 f i plugin_test1.obj
 0001:000015b0       ??$t_ref_get_other_interface@UIMultiImage@lib2d@UModSys@@U?$TRefObjectFunc@UIMultiImage@lib2d@UModSys@@@tl@3@@IRefObject@core@UModSys@@QAE_NAAU?$TRefObject@UIMultiImage@lib2d@UModSys@@U?$TRefObjectFunc@UIMultiImage@lib2d@UModSys@@@tl@3@@tl@2@@Z 100025b0 f i plugin_test1.obj
 0001:000015f0       ??$t_generate@UIImage@lib2d@UModSys@@@SModuleContext@base@UModSys@@QAE_NAAU?$TRefObject@UIImage@lib2d@UModSys@@U?$TRefObjectFunc@UIImage@lib2d@UModSys@@@tl@3@@tl@2@PBUSUniquePointerInfo@core@2@ABUSParameters@62@@Z 100025f0 f i plugin_test1.obj
 0001:000016a0       ??$t_generate@UIBinArchive@libmedia@UModSys@@@SModuleContext@base@UModSys@@QAE_NAAU?$TRefObject@UIBinArchive@libmedia@UModSys@@U?$TRefObjectFunc@UIBinArchive@libmedia@UModSys@@@tl@3@@tl@2@PBUSUniquePointerInfo@core@2@ABUSParameters@62@@Z 100026a0 f i plugin_test1.obj
 0001:00001750       ??$t_generate@UIBinObjFilter@libmedia@UModSys@@@SModuleContext@base@UModSys@@QAE_NAAU?$TRefObject@UIBinObjFilter@libmedia@UModSys@@U?$TRefObjectFunc@UIBinObjFilter@libmedia@UModSys@@@tl@3@@tl@2@PBUSUniquePointerInfo@core@2@ABUSParameters@62@@Z 10002750 f i plugin_test1.obj
 0001:00001800       ??$t_generate@UILibraryBinTree@libmedia@UModSys@@@SModuleContext@base@UModSys@@QAE_NAAU?$TRefObject@UILibraryBinTree@libmedia@UModSys@@U?$TRefObjectFunc@UILibraryBinTree@libmedia@UModSys@@@tl@3@@tl@2@PBUSUniquePointerInfo@core@2@ABUSParameters@62@@Z 10002800 f i plugin_test1.obj
 0001:000018b0       ??$t_generate@UILibraryObjFilter@libmedia@UModSys@@@SModuleContext@base@UModSys@@QAE_NAAU?$TRefObject@UILibraryObjFilter@libmedia@UModSys@@U?$TRefObjectFunc@UILibraryObjFilter@libmedia@UModSys@@@tl@3@@tl@2@PBUSUniquePointerInfo@core@2@ABUSParameters@62@@Z 100028b0 f i plugin_test1.obj
 0001:00001960       ??$t_generate@UILibraryLayered@libmedia@UModSys@@@SModuleContext@base@UModSys@@QAE_NAAU?$TRefObject@UILibraryLayered@libmedia@UModSys@@U?$TRefObjectFunc@UILibraryLayered@libmedia@UModSys@@@tl@3@@tl@2@PBUSUniquePointerInfo@core@2@ABUSParameters@62@@Z 10002960 f i plugin_test1.obj
 0001:00001a10       ??$t_generate@UILibraryObjCache@libmedia@UModSys@@@SModuleContext@base@UModSys@@QAE_NAAU?$TRefObject@UILibraryObjCache@libmedia@UModSys@@U?$TRefObjectFunc@UILibraryObjCache@libmedia@UModSys@@@tl@3@@tl@2@PBUSUniquePointerInfo@core@2@ABUSParameters@62@@Z 10002a10 f i plugin_test1.obj
 0001:00001ac0       ??$t_generate@UILibraryBinCache@libmedia@UModSys@@@SModuleContext@base@UModSys@@QAE_NAAU?$TRefObject@UILibraryBinCache@libmedia@UModSys@@U?$TRefObjectFunc@UILibraryBinCache@libmedia@UModSys@@@tl@3@@tl@2@PBUSUniquePointerInfo@core@2@ABUSParameters@62@@Z 10002ac0 f i plugin_test1.obj
 0001:00001b70       ??$t_ref_get_other_interface@UIImage@lib2d@UModSys@@U?$TRefObjectFunc@UIImage@lib2d@UModSys@@@tl@3@@IRefObject@core@UModSys@@QAE_NAAU?$TRefObject@UIImage@lib2d@UModSys@@U?$TRefObjectFunc@UIImage@lib2d@UModSys@@@tl@3@@tl@2@@Z 10002b70 f i plugin_test1.obj
 0001:00001bb0       ??$t_ref_get_other_interface@UIBinArchive@libmedia@UModSys@@U?$TRefObjectFunc@UIBinArchive@libmedia@UModSys@@@tl@3@@IRefObject@core@UModSys@@QAE_NAAU?$TRefObject@UIBinArchive@libmedia@UModSys@@U?$TRefObjectFunc@UIBinArchive@libmedia@UModSys@@@tl@3@@tl@2@@Z 10002bb0 f i plugin_test1.obj
 0001:00001bf0       ??$t_ref_get_other_interface@UIBinObjFilter@libmedia@UModSys@@U?$TRefObjectFunc@UIBinObjFilter@libmedia@UModSys@@@tl@3@@IRefObject@core@UModSys@@QAE_NAAU?$TRefObject@UIBinObjFilter@libmedia@UModSys@@U?$TRefObjectFunc@UIBinObjFilter@libmedia@UModSys@@@tl@3@@tl@2@@Z 10002bf0 f i plugin_test1.obj
 0001:00001c30       ??$t_ref_get_other_interface@UILibraryBinTree@libmedia@UModSys@@U?$TRefObjectFunc@UILibraryBinTree@libmedia@UModSys@@@tl@3@@IRefObject@core@UModSys@@QAE_NAAU?$TRefObject@UILibraryBinTree@libmedia@UModSys@@U?$TRefObjectFunc@UILibraryBinTree@libmedia@UModSys@@@tl@3@@tl@2@@Z 10002c30 f i plugin_test1.obj
 0001:00001c70       ??$t_ref_get_other_interface@UILibraryObjFilter@libmedia@UModSys@@U?$TRefObjectFunc@UILibraryObjFilter@libmedia@UModSys@@@tl@3@@IRefObject@core@UModSys@@QAE_NAAU?$TRefObject@UILibraryObjFilter@libmedia@UModSys@@U?$TRefObjectFunc@UILibraryObjFilter@libmedia@UModSys@@@tl@3@@tl@2@@Z 10002c70 f i plugin_test1.obj
 0001:00001cb0       ??$t_ref_get_other_interface@UILibraryLayered@libmedia@UModSys@@U?$TRefObjectFunc@UILibraryLayered@libmedia@UModSys@@@tl@3@@IRefObject@core@UModSys@@QAE_NAAU?$TRefObject@UILibraryLayered@libmedia@UModSys@@U?$TRefObjectFunc@UILibraryLayered@libmedia@UModSys@@@tl@3@@tl@2@@Z 10002cb0 f i plugin_test1.obj
 0001:00001cf0       ??$t_ref_get_other_interface@UILibraryObjCache@libmedia@UModSys@@U?$TRefObjectFunc@UILibraryObjCache@libmedia@UModSys@@@tl@3@@IRefObject@core@UModSys@@QAE_NAAU?$TRefObject@UILibraryObjCache@libmedia@UModSys@@U?$TRefObjectFunc@UILibraryObjCache@libmedia@UModSys@@@tl@3@@tl@2@@Z 10002cf0 f i plugin_test1.obj
 0001:00001d30       ??$t_ref_get_other_interface@UILibraryBinCache@libmedia@UModSys@@U?$TRefObjectFunc@UILibraryBinCache@libmedia@UModSys@@@tl@3@@IRefObject@core@UModSys@@QAE_NAAU?$TRefObject@UILibraryBinCache@libmedia@UModSys@@U?$TRefObjectFunc@UILibraryBinCache@libmedia@UModSys@@@tl@3@@tl@2@@Z 10002d30 f i plugin_test1.obj
 0001:00001d70       ?alloc@SMemShared@core@UModSys@@QAE_NIPAUSSourceContext@23@@Z 10002d70 f i umodsys_lib_lib2d:umodsys.mod.2d.stdlib.obj
 0001:00001db0       ?get@SMemShared@core@UModSys@@QBE?AUSMem@23@XZ 10002db0 f i umodsys_lib_libmedia:umodsys.mod.media.images_std.obj
 0001:00001db0       ??BSMemShared@core@UModSys@@QBE?AUSMem@12@XZ 10002db0 f i umodsys_lib_lib2d:umodsys.mod.2d.stdlib.obj
 0001:00001e00       ?ConvertSameSize@stdlib@lib2d@modules@UModSys@@YA_NW4eImageType@24@ABU?$TVector2@H@math3d@4@11ABUSMem@core@4@11ABUSCMem@94@@Z 10002e00 f i umodsys_lib_lib2d:umodsys.mod.2d.stdlib.obj
 0001:00001e90       ?ConvertSame@stdlib@lib2d@modules@UModSys@@YA_NW4eImageType@24@ABU?$TBoundBox2@H@math3d@4@ABU?$TVector2@H@74@ABUSMem@core@4@12ABUSCMem@core@4@@Z 10002e90 f i umodsys_lib_lib2d:umodsys.mod.2d.stdlib.obj
 0001:00001f10       ?Convert@stdlib@lib2d@modules@UModSys@@YA_NABU?$TBoundBox2@H@math3d@4@ABUSImageInfo@24@ABUSMem@core@4@01ABUSCMem@94@@Z 10002f10 f i umodsys_lib_lib2d:umodsys.mod.2d.stdlib.obj
 0001:00001f80       ?root_get_interface_info@RImage_Memory@stdlib@lib2d@modules@UModSys@@UBEABUSUniquePointerInfo@core@5@XZ 10002f80 f i umodsys_lib_lib2d:umodsys.mod.2d.stdlib.obj
 0001:00001f90       ?root_get_interface_type@RImage_Memory@stdlib@lib2d@modules@UModSys@@UBEPBUSUniquePointerInfo@core@5@XZ 10002f90 f i umodsys_lib_lib2d:umodsys.mod.2d.stdlib.obj
 0001:00001fa0       ?root_get_other_interface@RImage_Memory@stdlib@lib2d@modules@UModSys@@UBEPBUIRoot@core@5@PBUSUniquePointerInfo@75@@Z 10002fa0 f i umodsys_lib_lib2d:umodsys.mod.2d.stdlib.obj
 0001:00001fa0       ?root_get_other_interface@RImage_Memory@stdlib@lib2d@modules@UModSys@@UAEPAUIRoot@core@5@PBUSUniquePointerInfo@75@@Z 10002fa0 f i umodsys_lib_lib2d:umodsys.mod.2d.stdlib.obj
 0001:00001fd0       ?root_is_interface_supported@RImage_Memory@stdlib@lib2d@modules@UModSys@@UBE_NPBUSUniquePointerInfo@core@5@@Z 10002fd0 f i umodsys_lib_lib2d:umodsys.mod.2d.stdlib.obj
 0001:00002010       ?suicide@RTerminal@SDL_core@ui@modules@UModSys@@UAEXXZ 10003010 f i umodsys_lib_libui:umodsys.mod.ui.SDL_core.obj
 0001:00002010       ?suicide@RImage_Memory@stdlib@lib2d@modules@UModSys@@UAEXXZ 10003010 f i umodsys_lib_lib2d:umodsys.mod.2d.stdlib.obj
 0001:00002020       ?set_info@RImage_Memory@stdlib@lib2d@modules@UModSys@@UAE_NABUSImagePatchInfo@35@PBD@Z 10003020 f i umodsys_lib_lib2d:umodsys.mod.2d.stdlib.obj
 0001:000021c0       ?set_data@RImage_Memory@stdlib@lib2d@modules@UModSys@@UAE_NABUSImagePatchInfo@35@ABUSCMem@core@5@H@Z 100031c0 f i umodsys_lib_lib2d:umodsys.mod.2d.stdlib.obj
 0001:00002270       ?get_info@RImage_Memory@stdlib@lib2d@modules@UModSys@@UBEABUSImageInfo@35@XZ 10003270 f i umodsys_lib_lib2d:umodsys.mod.2d.stdlib.obj
 0001:00002280       ?get_data@RImage_Memory@stdlib@lib2d@modules@UModSys@@UBE_NABUSImagePatchInfo@35@ABUSMem@core@5@H@Z 10003280 f i umodsys_lib_lib2d:umodsys.mod.2d.stdlib.obj
 0001:00002330       ??0RImage_Memory@stdlib@lib2d@modules@UModSys@@QAE@PAUIModObject@base@4@ABUSParameters@core@4@@Z 10003330 f i umodsys_lib_lib2d:umodsys.mod.2d.stdlib.obj
 0001:000023e0       ??1SMemShared@core@UModSys@@QAE@XZ 100033e0 f i plugin_test1.obj
 0001:000023e0       ??1State@RImage_Memory@stdlib@lib2d@modules@UModSys@@QAE@XZ 100033e0 f i umodsys_lib_lib2d:umodsys.mod.2d.stdlib.obj
 0001:00002400       ??4State@RImage_Memory@stdlib@lib2d@modules@UModSys@@QAEAAU012345@ABU012345@@Z 10003400 f i umodsys_lib_lib2d:umodsys.mod.2d.stdlib.obj
 0001:000024b0       ??_GRImage_Memory@stdlib@lib2d@modules@UModSys@@UAEPAXI@Z 100034b0 f i umodsys_lib_lib2d:umodsys.mod.2d.stdlib.obj
 0001:000024b0       ??_ERImage_Memory@stdlib@lib2d@modules@UModSys@@UAEPAXI@Z 100034b0 f i  CIL library: CIL module
 0001:00002520       ?get_generated_names@RGenerator@stdlib@lib2d@modules@UModSys@@UBEHAAUSUniquePtrList@core@5@@Z 10003520 f i umodsys_lib_lib2d:umodsys.mod.2d.stdlib.obj
 0001:00002540       ?get_generated_types@RGenerator@stdlib@lib2d@modules@UModSys@@UBEHAAUSUniquePtrList@core@5@PBUSUniquePointerInfo@75@@Z 10003540 f i umodsys_lib_lib2d:umodsys.mod.2d.stdlib.obj
 0001:00002590       ?generate@RGenerator@stdlib@lib2d@modules@UModSys@@UAE_NAAU?$TRefObject@UIRefObject@core@UModSys@@U?$TRefObjectFunc@UIRefObject@core@UModSys@@@tl@3@@tl@5@PBUSUniquePointerInfo@core@5@ABUSParameters@95@@Z 10003590 f i umodsys_lib_lib2d:umodsys.mod.2d.stdlib.obj
 0001:000025c0       ?root_get_interface_info@RGenerator@stdlib@lib2d@modules@UModSys@@UBEABUSUniquePointerInfo@core@5@XZ 100035c0 f i umodsys_lib_lib2d:umodsys.mod.2d.stdlib.obj
 0001:000025d0       ?root_get_interface_type@RGenerator@stdlib@lib2d@modules@UModSys@@UBEPBUSUniquePointerInfo@core@5@XZ 100035d0 f i umodsys_lib_lib2d:umodsys.mod.2d.stdlib.obj
 0001:000025e0       ?root_get_other_interface@RGenerator@stdlib@lib2d@modules@UModSys@@UBEPBUIRoot@core@5@PBUSUniquePointerInfo@75@@Z 100035e0 f i umodsys_lib_lib2d:umodsys.mod.2d.stdlib.obj
 0001:000025e0       ?root_get_other_interface@RGenerator@stdlib@lib2d@modules@UModSys@@UAEPAUIRoot@core@5@PBUSUniquePointerInfo@75@@Z 100035e0 f i umodsys_lib_lib2d:umodsys.mod.2d.stdlib.obj
 0001:00002620       ?root_is_interface_supported@RGenerator@stdlib@lib2d@modules@UModSys@@UBE_NPBUSUniquePointerInfo@core@5@@Z 10003620 f i umodsys_lib_lib2d:umodsys.mod.2d.stdlib.obj
 0001:00002660       ?ref_add@RGenerator@stdlib@lib2d@modules@UModSys@@UBEXXZ 10003660 f i umodsys_lib_lib2d:umodsys.mod.2d.stdlib.obj
 0001:00002660       ?ref_add@RMultiImage2D_SDL_ttf@SDL_core@ui@modules@UModSys@@UBEXXZ 10003660 f i umodsys_lib_libui:umodsys.mod.ui.SDL_core.obj
 0001:00002660       ?ref_add@RImage_Memory@stdlib@lib2d@modules@UModSys@@UBEXXZ 10003660 f i umodsys_lib_lib2d:umodsys.mod.2d.stdlib.obj
 0001:00002660       ?ref_add@RGenerator@SDL_core@ui@modules@UModSys@@UBEXXZ 10003660 f i umodsys_lib_libui:umodsys.mod.ui.SDL_core.obj
 0001:00002660       ?ref_add@RGenerator@images_std@media@modules@UModSys@@UBEXXZ 10003660 f i umodsys_lib_libmedia:umodsys.mod.media.images_std.obj
 0001:00002660       ?ref_add@RGenerator@frames@ui@modules@UModSys@@UBEXXZ 10003660 f i umodsys_lib_libui:umodsys.mod.ui.frames.obj
 0001:00002660       ?ref_add@RKeyboardController@SDL_core@ui@modules@UModSys@@UBEXXZ 10003660 f i umodsys_lib_libui:umodsys.mod.ui.SDL_core.obj
 0001:00002660       ?ref_add@RTerminal@SDL_core@ui@modules@UModSys@@UBEXXZ 10003660 f i umodsys_lib_libui:umodsys.mod.ui.SDL_core.obj
 0001:00002660       ?ref_add@RRenderDriver2D@SDL_core@ui@modules@UModSys@@UBEXXZ 10003660 f i umodsys_lib_libui:umodsys.mod.ui.SDL_core.obj
 0001:00002660       ?ref_add@RGenerator@test1@test@modules@UModSys@@UBEXXZ 10003660 f i plugin_test1.obj
 0001:00002660       ?ref_add@RDialog@frames@ui@modules@UModSys@@UBEXXZ 10003660 f i umodsys_lib_libui:umodsys.mod.ui.frames.obj
 0001:00002660       ?ref_add@RMouseController@SDL_core@ui@modules@UModSys@@UBEXXZ 10003660 f i umodsys_lib_libui:umodsys.mod.ui.SDL_core.obj
 0001:00002670       ?get_uid@RGenerator@stdlib@lib2d@modules@UModSys@@UBEPBUSUniquePointerInfo@core@5@XZ 10003670 f i umodsys_lib_lib2d:umodsys.mod.2d.stdlib.obj
 0001:00002680       ?do_open@RModuleReg@stdlib@lib2d@modules@UModSys@@UAE_NXZ 10003680 f i umodsys_lib_lib2d:umodsys.mod.2d.stdlib.obj
 0001:00002690       ?do_close@RModuleReg@stdlib@lib2d@modules@UModSys@@UAE_NXZ 10003690 f i umodsys_lib_lib2d:umodsys.mod.2d.stdlib.obj
 0001:000026a0       ??_GRModuleReg@stdlib@lib2d@modules@UModSys@@UAEPAXI@Z 100036a0 f i umodsys_lib_lib2d:umodsys.mod.2d.stdlib.obj
 0001:000026a0       ??_ERModuleReg@stdlib@lib2d@modules@UModSys@@UAEPAXI@Z 100036a0 f i  CIL library: CIL module
 0001:000026d0       ??_EIRefObject@core@UModSys@@UAEPAXI@Z 100036d0 f i  CIL library: CIL module
 0001:000026d0       ??_ERGenerator@SDL_core@ui@modules@UModSys@@UAEPAXI@Z 100036d0 f i  CIL library: CIL module
 0001:000026d0       ??_GIRefObject@core@UModSys@@UAEPAXI@Z 100036d0 f i plugin_test1.obj
 0001:000026d0       ??_GRGenerator@images_std@media@modules@UModSys@@UAEPAXI@Z 100036d0 f i umodsys_lib_libmedia:umodsys.mod.media.images_std.obj
 0001:000026d0       ??_GRGenerator@stdlib@lib2d@modules@UModSys@@UAEPAXI@Z 100036d0 f i umodsys_lib_lib2d:umodsys.mod.2d.stdlib.obj
 0001:000026d0       ??_GRGenerator@test1@test@modules@UModSys@@UAEPAXI@Z 100036d0 f i plugin_test1.obj
 0001:000026d0       ??_GRGenerator@SDL_core@ui@modules@UModSys@@UAEPAXI@Z 100036d0 f i umodsys_lib_libui:umodsys.mod.ui.SDL_core.obj
 0001:000026d0       ??_ERGenerator@images_std@media@modules@UModSys@@UAEPAXI@Z 100036d0 f i  CIL library: CIL module
 0001:000026d0       ??_ERGenerator@stdlib@lib2d@modules@UModSys@@UAEPAXI@Z 100036d0 f i  CIL library: CIL module
 0001:000026d0       ??_ERGenerator@frames@ui@modules@UModSys@@UAEPAXI@Z 100036d0 f i  CIL library: CIL module
 0001:000026d0       ??_ERGenerator@test1@test@modules@UModSys@@UAEPAXI@Z 100036d0 f i  CIL library: CIL module
 0001:000026d0       ??_GRGenerator@frames@ui@modules@UModSys@@UAEPAXI@Z 100036d0 f i umodsys_lib_libui:umodsys.mod.ui.frames.obj
 0001:000026f0       ??$t_gen_param@URImage_Memory@stdlib@lib2d@modules@UModSys@@URGenerator@2345@@IGenerator@base@UModSys@@IAE_NPAURGenerator@stdlib@lib2d@modules@2@AAU?$TRefObject@UIRefObject@core@UModSys@@U?$TRefObjectFunc@UIRefObject@core@UModSys@@@tl@3@@tl@2@PBUSUniquePointerInfo@core@2@ABUSParameters@core@2@@Z 100036f0 f i umodsys_lib_lib2d:umodsys.mod.2d.stdlib.obj
 0001:00002760       ??$ValidateConstruction@UIRefObject@core@UModSys@@URMediaFilter@images_std@media@modules@3@@core@UModSys@@YA_NAAU?$TRefObject@UIRefObject@core@UModSys@@U?$TRefObjectFunc@UIRefObject@core@UModSys@@@tl@3@@tl@1@PAURMediaFilter@images_std@media@modules@1@@Z 10003760 f i umodsys_lib_libmedia:umodsys.mod.media.images_std.obj
 0001:00002760       ??$ValidateConstruction@UIRefObject@core@UModSys@@URTerminal@SDL_core@ui@modules@3@@core@UModSys@@YA_NAAU?$TRefObject@UIRefObject@core@UModSys@@U?$TRefObjectFunc@UIRefObject@core@UModSys@@@tl@3@@tl@1@PAURTerminal@SDL_core@ui@modules@1@@Z 10003760 f i umodsys_lib_libui:umodsys.mod.ui.SDL_core.obj
 0001:00002760       ??$ValidateConstruction@UIRefObject@core@UModSys@@URImage_Memory@stdlib@lib2d@modules@3@@core@UModSys@@YA_NAAU?$TRefObject@UIRefObject@core@UModSys@@U?$TRefObjectFunc@UIRefObject@core@UModSys@@@tl@3@@tl@1@PAURImage_Memory@stdlib@lib2d@modules@1@@Z 10003760 f i umodsys_lib_lib2d:umodsys.mod.2d.stdlib.obj
 0001:000027e0       ?utf_8to32@su@tl@UModSys@@YA_NAAHAAPBDAAI@Z 100037e0 f i umodsys_lib_libui:umodsys.mod.ui.SDL_core.obj
 0001:000028b0       ?root_get_interface_info@RMultiImage2D_SDL_ttf@SDL_core@ui@modules@UModSys@@UBEABUSUniquePointerInfo@core@5@XZ 100038b0 f i umodsys_lib_libui:umodsys.mod.ui.SDL_core.obj
 0001:000028c0       ?root_get_interface_type@RMultiImage2D_SDL_ttf@SDL_core@ui@modules@UModSys@@UBEPBUSUniquePointerInfo@core@5@XZ 100038c0 f i umodsys_lib_libui:umodsys.mod.ui.SDL_core.obj
 0001:000028d0       ?root_get_other_interface@RMultiImage2D_SDL_ttf@SDL_core@ui@modules@UModSys@@UAEPAUIRoot@core@5@PBUSUniquePointerInfo@75@@Z 100038d0 f i umodsys_lib_libui:umodsys.mod.ui.SDL_core.obj
 0001:000028d0       ?root_get_other_interface@RMultiImage2D_SDL_ttf@SDL_core@ui@modules@UModSys@@UBEPBUIRoot@core@5@PBUSUniquePointerInfo@75@@Z 100038d0 f i umodsys_lib_libui:umodsys.mod.ui.SDL_core.obj
 0001:00002900       ?root_is_interface_supported@RMultiImage2D_SDL_ttf@SDL_core@ui@modules@UModSys@@UBE_NPBUSUniquePointerInfo@core@5@@Z 10003900 f i umodsys_lib_libui:umodsys.mod.ui.SDL_core.obj
 0001:00002940       ??0RMultiImage2D_SDL_ttf@SDL_core@ui@modules@UModSys@@QAE@PAURRenderDriver2D@1234@ABUSParameters@core@4@@Z 10003940 f i umodsys_lib_libui:umodsys.mod.ui.SDL_core.obj
 0001:000029c0       ??1RMultiImage2D_SDL_ttf@SDL_core@ui@modules@UModSys@@UAE@XZ 100039c0 f i umodsys_lib_libui:umodsys.mod.ui.SDL_core.obj
 0001:00002a40       ?open@RMultiImage2D_SDL_ttf@SDL_core@ui@modules@UModSys@@QAE_NABUSParameters@core@5@@Z 10003a40 f i umodsys_lib_libui:umodsys.mod.ui.SDL_core.obj
 0001:00002b10       ?generate_glyphs@RMultiImage2D_SDL_ttf@SDL_core@ui@modules@UModSys@@QAE_NXZ 10003b10 f i umodsys_lib_libui:umodsys.mod.ui.SDL_core.obj
 0001:00002c10       ?get_controller@RRenderDriver2D@SDL_core@ui@modules@UModSys@@UBEPAUIRefObject@core@5@PBUSUniquePointerInfo@75@@Z 10003c10 f i umodsys_lib_libui:umodsys.mod.ui.SDL_core.obj
 0001:00002c10       ?get_hwcinfo@RImage_Memory@stdlib@lib2d@modules@UModSys@@UBEPBXPBUSUniquePointerInfo@core@5@@Z 10003c10 f i umodsys_lib_lib2d:umodsys.mod.2d.stdlib.obj
 0001:00002c10       ?get_layer@RMultiImage2D_SDL_ttf@SDL_core@ui@modules@UModSys@@UAEPAUIImage@lib2d@5@H@Z 10003c10 f i umodsys_lib_libui:umodsys.mod.ui.SDL_core.obj
 0001:00002c10       ?get_hwinfo@RImage_Memory@stdlib@lib2d@modules@UModSys@@UAEPAXPBUSUniquePointerInfo@core@5@@Z 10003c10 f i umodsys_lib_lib2d:umodsys.mod.2d.stdlib.obj
 0001:00002c20       ?key_setrepeat@RKeyboardController@SDL_core@ui@modules@UModSys@@UAE_NMM@Z 10003c20 f i umodsys_lib_libui:umodsys.mod.ui.SDL_core.obj
 0001:00002c20       ?set_fixed_cell@RMultiImage2D_SDL_ttf@SDL_core@ui@modules@UModSys@@UAE_NHH@Z 10003c20 f i umodsys_lib_libui:umodsys.mod.ui.SDL_core.obj
 0001:00002c20       ?set_hint@RMultiImage2D_SDL_ttf@SDL_core@ui@modules@UModSys@@UAE_NPBD0@Z 10003c20 f i umodsys_lib_libui:umodsys.mod.ui.SDL_core.obj
 0001:00002c20       ?set_parameters@RRenderDriver2D@SDL_core@ui@modules@UModSys@@UAE_NPBDABUSParameters@core@5@@Z 10003c20 f i umodsys_lib_libui:umodsys.mod.ui.SDL_core.obj
 0001:00002c20       ?mouse_setposition@RMouseController@SDL_core@ui@modules@UModSys@@UAE_NHH@Z 10003c20 f i umodsys_lib_libui:umodsys.mod.ui.SDL_core.obj
 0001:00002c30       ?get_cell_size@RMultiImage2D_SDL_ttf@SDL_core@ui@modules@UModSys@@UAE_NHAAU?$TVector2@H@math3d@5@PAU675@@Z 10003c30 f i umodsys_lib_libui:umodsys.mod.ui.SDL_core.obj
 0001:00002c30       ?key_setmodifier@RKeyboardController@SDL_core@ui@modules@UModSys@@UAE_NHHH@Z 10003c30 f i umodsys_lib_libui:umodsys.mod.ui.SDL_core.obj
 0001:00002c30       ?set_var_cell@RMultiImage2D_SDL_ttf@SDL_core@ui@modules@UModSys@@UAE_NPBUSImageCellInfo@lib2d@5@HH@Z 10003c30 f i umodsys_lib_libui:umodsys.mod.ui.SDL_core.obj
 0001:00002c40       ??_ERMultiImage2D_SDL_ttf@SDL_core@ui@modules@UModSys@@UAEPAXI@Z 10003c40 f i  CIL library: CIL module
 0001:00002c40       ??_GRMultiImage2D_SDL_ttf@SDL_core@ui@modules@UModSys@@UAEPAXI@Z 10003c40 f i umodsys_lib_libui:umodsys.mod.ui.SDL_core.obj
 0001:00002c60       ??1IShell@base@UModSys@@UAE@XZ 10003c60 f i plugin_test1.obj
 0001:00002c60       ??1IRenderDriver@lib2d@UModSys@@UAE@XZ 10003c60 f i umodsys_lib_libui:umodsys.mod.ui.SDL_core.obj
 0001:00002c60       ??1ITerminal@libui@UModSys@@UAE@XZ 10003c60 f i umodsys_lib_libui:umodsys.mod.ui.SDL_core.obj
 0001:00002c60       ??1IKeyboardController@libui@UModSys@@UAE@XZ 10003c60 f i umodsys_lib_libui:umodsys.mod.ui.SDL_core.obj
 0001:00002c60       ??1IMultiImage@lib2d@UModSys@@UAE@XZ 10003c60 f i umodsys_lib_libui:umodsys.mod.ui.SDL_core.obj
 0001:00002c60       ??1IImage@lib2d@UModSys@@UAE@XZ 10003c60 f i umodsys_lib_lib2d:umodsys.mod.2d.stdlib.obj
 0001:00002c60       ??1IFrame@libui@UModSys@@UAE@XZ 10003c60 f i umodsys_lib_libui:umodsys.mod.ui.frames.obj
 0001:00002c60       ??1ICollector@libui@UModSys@@UAE@XZ 10003c60 f i umodsys_lib_libui:umodsys.mod.ui.frames.obj
 0001:00002c60       ??1IMouseController@libui@UModSys@@UAE@XZ 10003c60 f i umodsys_lib_libui:umodsys.mod.ui.SDL_core.obj
 0001:00002c60       ??1IBinObjFilter@libmedia@UModSys@@UAE@XZ 10003c60 f i plugin_test1.obj
 0001:00002c60       ??1IDialog@libui@UModSys@@UAE@XZ 10003c60 f i umodsys_lib_libui:umodsys.mod.ui.frames.obj
 0001:00002c70       ?root_get_interface_info@RRenderDriver2D@SDL_core@ui@modules@UModSys@@UBEABUSUniquePointerInfo@core@5@XZ 10003c70 f i umodsys_lib_libui:umodsys.mod.ui.SDL_core.obj
 0001:00002c80       ?root_get_interface_type@RRenderDriver2D@SDL_core@ui@modules@UModSys@@UBEPBUSUniquePointerInfo@core@5@XZ 10003c80 f i umodsys_lib_libui:umodsys.mod.ui.SDL_core.obj
 0001:00002c90       ?root_get_other_interface@RRenderDriver2D@SDL_core@ui@modules@UModSys@@UBEPBUIRoot@core@5@PBUSUniquePointerInfo@75@@Z 10003c90 f i umodsys_lib_libui:umodsys.mod.ui.SDL_core.obj
 0001:00002c90       ?root_get_other_interface@RRenderDriver2D@SDL_core@ui@modules@UModSys@@UAEPAUIRoot@core@5@PBUSUniquePointerInfo@75@@Z 10003c90 f i umodsys_lib_libui:umodsys.mod.ui.SDL_core.obj
 0001:00002cc0       ?root_is_interface_supported@RRenderDriver2D@SDL_core@ui@modules@UModSys@@UBE_NPBUSUniquePointerInfo@core@5@@Z 10003cc0 f i umodsys_lib_libui:umodsys.mod.ui.SDL_core.obj
 0001:00002d00       ??0RRenderDriver2D@SDL_core@ui@modules@UModSys@@QAE@PAURTerminal@1234@ABUSParameters@core@4@@Z 10003d00 f i umodsys_lib_libui:umodsys.mod.ui.SDL_core.obj
 0001:00002e00       ??1RRenderDriver2D@SDL_core@ui@modules@UModSys@@UAE@XZ 10003e00 f i umodsys_lib_libui:umodsys.mod.ui.SDL_core.obj
 0001:00002ee0       ?open@RRenderDriver2D@SDL_core@ui@modules@UModSys@@QAE_NABUSParameters@core@5@@Z 10003ee0 f i umodsys_lib_libui:umodsys.mod.ui.SDL_core.obj
 0001:00003090       ?set_color@RRenderDriver2D@SDL_core@ui@modules@UModSys@@QAEXXZ 10004090 f i umodsys_lib_libui:umodsys.mod.ui.SDL_core.obj
 0001:00003180       ?begin@RRenderDriver2D@SDL_core@ui@modules@UModSys@@UAEXXZ 10004180 f i umodsys_lib_libui:umodsys.mod.ui.SDL_core.obj
 0001:00003260       ?end@RRenderDriver2D@SDL_core@ui@modules@UModSys@@UAEXXZ 10004260 f i umodsys_lib_libui:umodsys.mod.ui.SDL_core.obj
 0001:00003270       ?get_max_values@RRenderDriver2D@SDL_core@ui@modules@UModSys@@UBEPBUSParameters@core@5@XZ 10004270 f i umodsys_lib_libui:umodsys.mod.ui.SDL_core.obj
 0001:00003280       ?get_frame_values@RRenderDriver2D@SDL_core@ui@modules@UModSys@@UBEPBUSParameters@core@5@XZ 10004280 f i umodsys_lib_libui:umodsys.mod.ui.SDL_core.obj
 0001:00003290       ?setup_font@RRenderDriver2D@SDL_core@ui@modules@UModSys@@UAE_NPAUIMultiImage@lib2d@5@PBU?$TVector2@M@math3d@5@@Z 10004290 f i umodsys_lib_libui:umodsys.mod.ui.SDL_core.obj
 0001:000032f0       ?setup_color@RRenderDriver2D@SDL_core@ui@modules@UModSys@@UAEXABU?$TVector3@M@math3d@5@@Z 100042f0 f i umodsys_lib_libui:umodsys.mod.ui.SDL_core.obj
 0001:00003320       ?setup_color@RRenderDriver2D@SDL_core@ui@modules@UModSys@@UAEXABU?$TVector3@H@math3d@5@@Z 10004320 f i umodsys_lib_libui:umodsys.mod.ui.SDL_core.obj
 0001:00003370       ?setup_coloralpha@RRenderDriver2D@SDL_core@ui@modules@UModSys@@UAEXABU?$TVector4@M@math3d@5@H@Z 10004370 f i umodsys_lib_libui:umodsys.mod.ui.SDL_core.obj
 0001:000033b0       ?setup_coloralpha@RRenderDriver2D@SDL_core@ui@modules@UModSys@@UAEXABU?$TVector4@H@math3d@5@H@Z 100043b0 f i umodsys_lib_libui:umodsys.mod.ui.SDL_core.obj
 0001:00003410       ?setup_blendcolor@RRenderDriver2D@SDL_core@ui@modules@UModSys@@UAEXABUSBlendColor@lib2d@5@@Z 10004410 f i umodsys_lib_libui:umodsys.mod.ui.SDL_core.obj
 0001:00003470       ?setup_blendcolor@RRenderDriver2D@SDL_core@ui@modules@UModSys@@UAEXABUSBlendColorf@lib2d@5@@Z 10004470 f i umodsys_lib_libui:umodsys.mod.ui.SDL_core.obj
 0001:000034d0       ?setup_alpha@RRenderDriver2D@SDL_core@ui@modules@UModSys@@UAEXHH@Z 100044d0 f i umodsys_lib_libui:umodsys.mod.ui.SDL_core.obj
 0001:00003500       ?setup_alpha@RRenderDriver2D@SDL_core@ui@modules@UModSys@@UAEXMH@Z 10004500 f i umodsys_lib_libui:umodsys.mod.ui.SDL_core.obj
 0001:00003520       ?render_text_advanced@RRenderDriver2D@SDL_core@ui@modules@UModSys@@UAE_NAAUTextInfo@IRenderDriver@lib2d@5@PBHH@Z 10004520 f i umodsys_lib_libui:umodsys.mod.ui.SDL_core.obj
 0001:00003720       ?render_box@RRenderDriver2D@SDL_core@ui@modules@UModSys@@UAEXABU?$TVector2@H@math3d@5@0@Z 10004720 f i umodsys_lib_libui:umodsys.mod.ui.SDL_core.obj
 0001:00003770       ?render_tri@RRenderDriver2D@SDL_core@ui@modules@UModSys@@UAEXABU?$TVector2@H@math3d@5@00@Z 10004770 f i umodsys_lib_libui:umodsys.mod.ui.SDL_core.obj
 0001:000037e0       ?render_quad@RRenderDriver2D@SDL_core@ui@modules@UModSys@@UAEXABU?$TVector2@H@math3d@5@000@Z 100047e0 f i umodsys_lib_libui:umodsys.mod.ui.SDL_core.obj
 0001:00003860       ?render_box@RRenderDriver2D@SDL_core@ui@modules@UModSys@@UAEXPAUIImage@lib2d@5@ABU?$TVector2@H@math3d@5@1ABU?$TVector2@M@95@2@Z 10004860 f i umodsys_lib_libui:umodsys.mod.ui.SDL_core.obj
 0001:00003870       ?render_line@RRenderDriver2D@SDL_core@ui@modules@UModSys@@UAEXABU?$TVector2@H@math3d@5@0@Z 10004870 f i umodsys_lib_libui:umodsys.mod.ui.SDL_core.obj
 0001:000038a0       ?render_rect@RRenderDriver2D@SDL_core@ui@modules@UModSys@@UAEXABU?$TVector2@H@math3d@5@0@Z 100048a0 f i umodsys_lib_libui:umodsys.mod.ui.SDL_core.obj
 0001:000038f0       ??_GRRenderDriver2D@SDL_core@ui@modules@UModSys@@UAEPAXI@Z 100048f0 f i umodsys_lib_libui:umodsys.mod.ui.SDL_core.obj
 0001:000038f0       ??_ERRenderDriver2D@SDL_core@ui@modules@UModSys@@UAEPAXI@Z 100048f0 f i  CIL library: CIL module
 0001:00003910       ?root_get_interface_info@RMouseController@SDL_core@ui@modules@UModSys@@UBEABUSUniquePointerInfo@core@5@XZ 10004910 f i umodsys_lib_libui:umodsys.mod.ui.SDL_core.obj
 0001:00003920       ?root_get_interface_type@RMouseController@SDL_core@ui@modules@UModSys@@UBEPBUSUniquePointerInfo@core@5@XZ 10004920 f i umodsys_lib_libui:umodsys.mod.ui.SDL_core.obj
 0001:00003930       ?root_get_other_interface@RMouseController@SDL_core@ui@modules@UModSys@@UBEPBUIRoot@core@5@PBUSUniquePointerInfo@75@@Z 10004930 f i umodsys_lib_libui:umodsys.mod.ui.SDL_core.obj
 0001:00003930       ?root_get_other_interface@RMouseController@SDL_core@ui@modules@UModSys@@UAEPAUIRoot@core@5@PBUSUniquePointerInfo@75@@Z 10004930 f i umodsys_lib_libui:umodsys.mod.ui.SDL_core.obj
 0001:00003960       ?root_is_interface_supported@RMouseController@SDL_core@ui@modules@UModSys@@UBE_NPBUSUniquePointerInfo@core@5@@Z 10004960 f i umodsys_lib_libui:umodsys.mod.ui.SDL_core.obj
 0001:000039a0       ??0RMouseController@SDL_core@ui@modules@UModSys@@QAE@PAURTerminal@1234@ABUSParameters@core@4@@Z 100049a0 f i umodsys_lib_libui:umodsys.mod.ui.SDL_core.obj
 0001:00003a00       ??1RMouseController@SDL_core@ui@modules@UModSys@@UAE@XZ 10004a00 f i umodsys_lib_libui:umodsys.mod.ui.SDL_core.obj
 0001:00003a60       ?process@RMouseController@SDL_core@ui@modules@UModSys@@QAE_NAAUSDL_MouseMotionEvent@@@Z 10004a60 f i umodsys_lib_libui:umodsys.mod.ui.SDL_core.obj
 0001:00003bb0       ?process@RMouseController@SDL_core@ui@modules@UModSys@@QAE_NAAUSDL_MouseButtonEvent@@@Z 10004bb0 f i umodsys_lib_libui:umodsys.mod.ui.SDL_core.obj
 0001:00003ce0       ?process@RMouseController@SDL_core@ui@modules@UModSys@@QAE_NAAUSDL_MouseWheelEvent@@@Z 10004ce0 f i umodsys_lib_libui:umodsys.mod.ui.SDL_core.obj
 0001:00003df0       ?mouse_unlink@RMouseController@SDL_core@ui@modules@UModSys@@UAE_NH@Z 10004df0 f i umodsys_lib_libui:umodsys.mod.ui.SDL_core.obj
 0001:00003df0       ?key_unlink@RKeyboardController@SDL_core@ui@modules@UModSys@@UAE_NH@Z 10004df0 f i umodsys_lib_libui:umodsys.mod.ui.SDL_core.obj
 0001:00003e30       ?mouse_link@RMouseController@SDL_core@ui@modules@UModSys@@UAE_NHPAUIRefObject@core@5@PAUIMouseClient@libui@5@H@Z 10004e30 f i umodsys_lib_libui:umodsys.mod.ui.SDL_core.obj
 0001:00003e90       ??_ERMouseController@SDL_core@ui@modules@UModSys@@UAEPAXI@Z 10004e90 f i  CIL library: CIL module
 0001:00003e90       ??_GRMouseController@SDL_core@ui@modules@UModSys@@UAEPAXI@Z 10004e90 f i umodsys_lib_libui:umodsys.mod.ui.SDL_core.obj
 0001:00003eb0       ?root_get_interface_info@RKeyboardController@SDL_core@ui@modules@UModSys@@UBEABUSUniquePointerInfo@core@5@XZ 10004eb0 f i umodsys_lib_libui:umodsys.mod.ui.SDL_core.obj
 0001:00003ec0       ?root_get_interface_type@RKeyboardController@SDL_core@ui@modules@UModSys@@UBEPBUSUniquePointerInfo@core@5@XZ 10004ec0 f i umodsys_lib_libui:umodsys.mod.ui.SDL_core.obj
 0001:00003ed0       ?root_get_other_interface@RKeyboardController@SDL_core@ui@modules@UModSys@@UAEPAUIRoot@core@5@PBUSUniquePointerInfo@75@@Z 10004ed0 f i umodsys_lib_libui:umodsys.mod.ui.SDL_core.obj
 0001:00003ed0       ?root_get_other_interface@RKeyboardController@SDL_core@ui@modules@UModSys@@UBEPBUIRoot@core@5@PBUSUniquePointerInfo@75@@Z 10004ed0 f i umodsys_lib_libui:umodsys.mod.ui.SDL_core.obj
 0001:00003f00       ?root_is_interface_supported@RKeyboardController@SDL_core@ui@modules@UModSys@@UBE_NPBUSUniquePointerInfo@core@5@@Z 10004f00 f i umodsys_lib_libui:umodsys.mod.ui.SDL_core.obj
 0001:00003f40       ?ref_weak@RGenerator@stdlib@lib2d@modules@UModSys@@UBE_NAAUWeakPointer@IRefObject@core@5@@Z 10004f40 f i umodsys_lib_lib2d:umodsys.mod.2d.stdlib.obj
 0001:00003f40       ?ref_weak@RImage_Memory@stdlib@lib2d@modules@UModSys@@UBE_NAAUWeakPointer@IRefObject@core@5@@Z 10004f40 f i umodsys_lib_lib2d:umodsys.mod.2d.stdlib.obj
 0001:00003f40       ?ref_weak@RGenerator@test1@test@modules@UModSys@@UBE_NAAUWeakPointer@IRefObject@core@5@@Z 10004f40 f i plugin_test1.obj
 0001:00003f40       ?ref_weak@RMultiImage2D_SDL_ttf@SDL_core@ui@modules@UModSys@@UBE_NAAUWeakPointer@IRefObject@core@5@@Z 10004f40 f i umodsys_lib_libui:umodsys.mod.ui.SDL_core.obj
 0001:00003f40       ?ref_weak@RGenerator@images_std@media@modules@UModSys@@UBE_NAAUWeakPointer@IRefObject@core@5@@Z 10004f40 f i umodsys_lib_libmedia:umodsys.mod.media.images_std.obj
 0001:00003f40       ?ref_weak@RGenerator@SDL_core@ui@modules@UModSys@@UBE_NAAUWeakPointer@IRefObject@core@5@@Z 10004f40 f i umodsys_lib_libui:umodsys.mod.ui.SDL_core.obj
 0001:00003f40       ?ref_weak@RRenderDriver2D@SDL_core@ui@modules@UModSys@@UBE_NAAUWeakPointer@IRefObject@core@5@@Z 10004f40 f i umodsys_lib_libui:umodsys.mod.ui.SDL_core.obj
 0001:00003f40       ?ref_weak@RTerminal@SDL_core@ui@modules@UModSys@@UBE_NAAUWeakPointer@IRefObject@core@5@@Z 10004f40 f i umodsys_lib_libui:umodsys.mod.ui.SDL_core.obj
 0001:00003f40       ?ref_weak@RGenerator@frames@ui@modules@UModSys@@UBE_NAAUWeakPointer@IRefObject@core@5@@Z 10004f40 f i umodsys_lib_libui:umodsys.mod.ui.frames.obj
 0001:00003f40       ?ref_weak@RDialog@frames@ui@modules@UModSys@@UBE_NAAUWeakPointer@IRefObject@core@5@@Z 10004f40 f i umodsys_lib_libui:umodsys.mod.ui.frames.obj
 0001:00003f40       ?ref_weak@RKeyboardController@SDL_core@ui@modules@UModSys@@UBE_NAAUWeakPointer@IRefObject@core@5@@Z 10004f40 f i umodsys_lib_libui:umodsys.mod.ui.SDL_core.obj
 0001:00003f40       ?ref_weak@RMouseController@SDL_core@ui@modules@UModSys@@UBE_NAAUWeakPointer@IRefObject@core@5@@Z 10004f40 f i umodsys_lib_libui:umodsys.mod.ui.SDL_core.obj
 0001:00003f60       ?suicide@RMouseController@SDL_core@ui@modules@UModSys@@UAEXXZ 10004f60 f i umodsys_lib_libui:umodsys.mod.ui.SDL_core.obj
 0001:00003f60       ?suicide@RDialog@frames@ui@modules@UModSys@@UAEXXZ 10004f60 f i umodsys_lib_libui:umodsys.mod.ui.frames.obj
 0001:00003f60       ?suicide@RKeyboardController@SDL_core@ui@modules@UModSys@@UAEXXZ 10004f60 f i umodsys_lib_libui:umodsys.mod.ui.SDL_core.obj
 0001:00003f60       ?suicide@RMultiImage2D_SDL_ttf@SDL_core@ui@modules@UModSys@@UAEXXZ 10004f60 f i umodsys_lib_libui:umodsys.mod.ui.SDL_core.obj
 0001:00003f60       ?suicide@RRenderDriver2D@SDL_core@ui@modules@UModSys@@UAEXXZ 10004f60 f i umodsys_lib_libui:umodsys.mod.ui.SDL_core.obj
 0001:00003f70       ??0RKeyboardController@SDL_core@ui@modules@UModSys@@QAE@PAURTerminal@1234@ABUSParameters@core@4@@Z 10004f70 f i umodsys_lib_libui:umodsys.mod.ui.SDL_core.obj
 0001:00003fd0       ??1RKeyboardController@SDL_core@ui@modules@UModSys@@UAE@XZ 10004fd0 f i umodsys_lib_libui:umodsys.mod.ui.SDL_core.obj
 0001:00004030       ?process@RKeyboardController@SDL_core@ui@modules@UModSys@@QAE_NAAUSDL_KeyboardEvent@@@Z 10005030 f i umodsys_lib_libui:umodsys.mod.ui.SDL_core.obj
 0001:00004110       ?process@RKeyboardController@SDL_core@ui@modules@UModSys@@QAE_NAAUSDL_TextInputEvent@@@Z 10005110 f i umodsys_lib_libui:umodsys.mod.ui.SDL_core.obj
 0001:00004200       ?map_keycode@RKeyboardController@SDL_core@ui@modules@UModSys@@QAE?AW4eKeyCode@libui@5@H@Z 10005200 f i umodsys_lib_libui:umodsys.mod.ui.SDL_core.obj
 0001:00004740       ?map_keyspecial@RKeyboardController@SDL_core@ui@modules@UModSys@@QAEFG@Z 10005740 f i umodsys_lib_libui:umodsys.mod.ui.SDL_core.obj
 0001:000047c0       ?key_link@RKeyboardController@SDL_core@ui@modules@UModSys@@UAE_NHPAUIRefObject@core@5@PAUIKeyboardClient@libui@5@@Z 100057c0 f i umodsys_lib_libui:umodsys.mod.ui.SDL_core.obj
 0001:00004810       ?key_reset@RKeyboardController@SDL_core@ui@modules@UModSys@@UAE_NXZ 10005810 f i umodsys_lib_libui:umodsys.mod.ui.SDL_core.obj
 0001:00004810       ?mouse_reset@RMouseController@SDL_core@ui@modules@UModSys@@UAE_NXZ 10005810 f i umodsys_lib_libui:umodsys.mod.ui.SDL_core.obj
 0001:00004820       ?key_setvisible@RKeyboardController@SDL_core@ui@modules@UModSys@@UAE_N_N@Z 10005820 f i umodsys_lib_libui:umodsys.mod.ui.SDL_core.obj
 0001:00004840       ??_ERKeyboardController@SDL_core@ui@modules@UModSys@@UAEPAXI@Z 10005840 f i  CIL library: CIL module
 0001:00004840       ??_GRKeyboardController@SDL_core@ui@modules@UModSys@@UAEPAXI@Z 10005840 f i umodsys_lib_libui:umodsys.mod.ui.SDL_core.obj
 0001:00004860       ?root_get_interface_info@RTerminal@SDL_core@ui@modules@UModSys@@UBEABUSUniquePointerInfo@core@5@XZ 10005860 f i umodsys_lib_libui:umodsys.mod.ui.SDL_core.obj
 0001:00004870       ?root_get_interface_type@RTerminal@SDL_core@ui@modules@UModSys@@UBEPBUSUniquePointerInfo@core@5@XZ 10005870 f i umodsys_lib_libui:umodsys.mod.ui.SDL_core.obj
 0001:00004880       ?root_get_other_interface@RTerminal@SDL_core@ui@modules@UModSys@@UBEPBUIRoot@core@5@PBUSUniquePointerInfo@75@@Z 10005880 f i umodsys_lib_libui:umodsys.mod.ui.SDL_core.obj
 0001:00004880       ?root_get_other_interface@RTerminal@SDL_core@ui@modules@UModSys@@UAEPAUIRoot@core@5@PBUSUniquePointerInfo@75@@Z 10005880 f i umodsys_lib_libui:umodsys.mod.ui.SDL_core.obj
 0001:000048b0       ?root_is_interface_supported@RTerminal@SDL_core@ui@modules@UModSys@@UBE_NPBUSUniquePointerInfo@core@5@@Z 100058b0 f i umodsys_lib_libui:umodsys.mod.ui.SDL_core.obj
 0001:000048f0       ??0RTerminal@SDL_core@ui@modules@UModSys@@QAE@PAUIModObject@base@4@ABUSParameters@core@4@@Z 100058f0 f i umodsys_lib_libui:umodsys.mod.ui.SDL_core.obj
 0001:00004990       ??1RTerminal@SDL_core@ui@modules@UModSys@@UAE@XZ 10005990 f i umodsys_lib_libui:umodsys.mod.ui.SDL_core.obj
 0001:00004a40       ?poll_events@RTerminal@SDL_core@ui@modules@UModSys@@UAE_NH@Z 10005a40 f i umodsys_lib_libui:umodsys.mod.ui.SDL_core.obj
 0001:00004b80       ?get_terminal_state@RTerminal@SDL_core@ui@modules@UModSys@@UAE_NW4eTerminalState@libui@5@@Z 10005b80 f i umodsys_lib_libui:umodsys.mod.ui.SDL_core.obj
 0001:00004ba0       ?set_terminal_state@RTerminal@SDL_core@ui@modules@UModSys@@UAE_NW4eTerminalState@libui@5@_N@Z 10005ba0 f i umodsys_lib_libui:umodsys.mod.ui.SDL_core.obj
 0001:00004c10       ?get_clock@RTerminal@SDL_core@ui@modules@UModSys@@UAENXZ 10005c10 f i umodsys_lib_libui:umodsys.mod.ui.SDL_core.obj
 0001:00004c30       ?wait@RTerminal@SDL_core@ui@modules@UModSys@@UAE_NM@Z 10005c30 f i umodsys_lib_libui:umodsys.mod.ui.SDL_core.obj
 0001:00004c70       ?get_count@RTerminal@SDL_core@ui@modules@UModSys@@UBEIPBUSUniquePointerInfo@core@5@@Z 10005c70 f i umodsys_lib_libui:umodsys.mod.ui.SDL_core.obj
 0001:00004cb0       ?get_handler@RTerminal@SDL_core@ui@modules@UModSys@@UBEPAUIRefObject@core@5@PBUSUniquePointerInfo@75@I@Z 10005cb0 f i umodsys_lib_libui:umodsys.mod.ui.SDL_core.obj
 0001:00004d00       ?get_handler@RTerminal@SDL_core@ui@modules@UModSys@@UBEPAUIRefObject@core@5@PBUSUniquePointerInfo@75@PBD@Z 10005d00 f i umodsys_lib_libui:umodsys.mod.ui.SDL_core.obj
 0001:00004d10       ?get_friend_handler@RTerminal@SDL_core@ui@modules@UModSys@@UBEPAUIRefObject@core@5@PBUSUniquePointerInfo@75@PAU675@@Z 10005d10 f i umodsys_lib_libui:umodsys.mod.ui.SDL_core.obj
 0001:00004d20       ?create_handler@RTerminal@SDL_core@ui@modules@UModSys@@UAE_NPBUSUniquePointerInfo@core@5@AAU?$TRefObject@UIRefObject@core@UModSys@@U?$TRefObjectFunc@UIRefObject@core@UModSys@@@tl@3@@tl@5@PBDPBUSParameters@75@@Z 10005d20 f i umodsys_lib_libui:umodsys.mod.ui.SDL_core.obj
 0001:00004fd0       ??_GRTerminal@SDL_core@ui@modules@UModSys@@UAEPAXI@Z 10005fd0 f i umodsys_lib_libui:umodsys.mod.ui.SDL_core.obj
 0001:00004fd0       ??_ERTerminal@SDL_core@ui@modules@UModSys@@UAEPAXI@Z 10005fd0 f i  CIL library: CIL module
 0001:00004ff0       ?get_generated_names@RGenerator@SDL_core@ui@modules@UModSys@@UBEHAAUSUniquePtrList@core@5@@Z 10005ff0 f i umodsys_lib_libui:umodsys.mod.ui.SDL_core.obj
 0001:00005010       ?get_generated_types@RGenerator@SDL_core@ui@modules@UModSys@@UBEHAAUSUniquePtrList@core@5@PBUSUniquePointerInfo@75@@Z 10006010 f i umodsys_lib_libui:umodsys.mod.ui.SDL_core.obj
 0001:00005060       ?generate@RGenerator@SDL_core@ui@modules@UModSys@@UAE_NAAU?$TRefObject@UIRefObject@core@UModSys@@U?$TRefObjectFunc@UIRefObject@core@UModSys@@@tl@3@@tl@5@PBUSUniquePointerInfo@core@5@ABUSParameters@95@@Z 10006060 f i umodsys_lib_libui:umodsys.mod.ui.SDL_core.obj
 0001:00005090       ?root_get_interface_info@RGenerator@SDL_core@ui@modules@UModSys@@UBEABUSUniquePointerInfo@core@5@XZ 10006090 f i umodsys_lib_libui:umodsys.mod.ui.SDL_core.obj
 0001:000050a0       ?root_get_interface_type@RGenerator@SDL_core@ui@modules@UModSys@@UBEPBUSUniquePointerInfo@core@5@XZ 100060a0 f i umodsys_lib_libui:umodsys.mod.ui.SDL_core.obj
 0001:000050b0       ?root_get_other_interface@RGenerator@SDL_core@ui@modules@UModSys@@UBEPBUIRoot@core@5@PBUSUniquePointerInfo@75@@Z 100060b0 f i umodsys_lib_libui:umodsys.mod.ui.SDL_core.obj
 0001:000050b0       ?root_get_other_interface@RGenerator@SDL_core@ui@modules@UModSys@@UAEPAUIRoot@core@5@PBUSUniquePointerInfo@75@@Z 100060b0 f i umodsys_lib_libui:umodsys.mod.ui.SDL_core.obj
 0001:000050f0       ?root_is_interface_supported@RGenerator@SDL_core@ui@modules@UModSys@@UBE_NPBUSUniquePointerInfo@core@5@@Z 100060f0 f i umodsys_lib_libui:umodsys.mod.ui.SDL_core.obj
 0001:00005130       ?suicide@RGenerator@stdlib@lib2d@modules@UModSys@@UAEXXZ 10006130 f i umodsys_lib_lib2d:umodsys.mod.2d.stdlib.obj
 0001:00005130       ?suicide@RGenerator@SDL_core@ui@modules@UModSys@@UAEXXZ 10006130 f i umodsys_lib_libui:umodsys.mod.ui.SDL_core.obj
 0001:00005130       ?suicide@RGenerator@test1@test@modules@UModSys@@UAEXXZ 10006130 f i plugin_test1.obj
 0001:00005130       ?suicide@RGenerator@frames@ui@modules@UModSys@@UAEXXZ 10006130 f i umodsys_lib_libui:umodsys.mod.ui.frames.obj
 0001:00005130       ??3@YAXPAX0@Z              10006130 f i plugin_test1.obj
 0001:00005130       ?suicide@RGenerator@images_std@media@modules@UModSys@@UAEXXZ 10006130 f i umodsys_lib_libmedia:umodsys.mod.media.images_std.obj
 0001:00005140       ?get_uid@RGenerator@SDL_core@ui@modules@UModSys@@UBEPBUSUniquePointerInfo@core@5@XZ 10006140 f i umodsys_lib_libui:umodsys.mod.ui.SDL_core.obj
 0001:00005150       ?do_open@RModuleReg@SDL_core@ui@modules@UModSys@@UAE_NXZ 10006150 f i umodsys_lib_libui:umodsys.mod.ui.SDL_core.obj
 0001:00005160       ?do_close@RModuleReg@SDL_core@ui@modules@UModSys@@UAE_NXZ 10006160 f i umodsys_lib_libui:umodsys.mod.ui.SDL_core.obj
 0001:00005170       ??_ERModuleReg@SDL_core@ui@modules@UModSys@@UAEPAXI@Z 10006170 f i  CIL library: CIL module
 0001:00005170       ??_GRModuleReg@SDL_core@ui@modules@UModSys@@UAEPAXI@Z 10006170 f i umodsys_lib_libui:umodsys.mod.ui.SDL_core.obj
 0001:000051a0       ??1?$TScatterArray@UGlyph@RMultiImage2D_SDL_ttf@SDL_core@ui@modules@UModSys@@HU?$TScalarCompare@H@core@6@U?$TNodeDeleter0@U?$TScatterArrayNode@UGlyph@RMultiImage2D_SDL_ttf@SDL_core@ui@modules@UModSys@@H@tl@UModSys@@@tl@6@@tl@UModSys@@QAE@XZ 100061a0 f i umodsys_lib_libui:umodsys.mod.ui.SDL_core.obj
 0001:000051c0       ??4?$TRefObject@URKeyboardController@SDL_core@ui@modules@UModSys@@U?$TRefObjectWeakFunc@URKeyboardController@SDL_core@ui@modules@UModSys@@@tl@5@@tl@UModSys@@QAEABU012@PAURKeyboardController@SDL_core@ui@modules@2@@Z 100061c0 f i umodsys_lib_libui:umodsys.mod.ui.SDL_core.obj
 0001:000051c0       ??4?$TRefObject@URMouseController@SDL_core@ui@modules@UModSys@@U?$TRefObjectWeakFunc@URMouseController@SDL_core@ui@modules@UModSys@@@tl@5@@tl@UModSys@@QAEABU012@PAURMouseController@SDL_core@ui@modules@2@@Z 100061c0 f i umodsys_lib_libui:umodsys.mod.ui.SDL_core.obj
 0001:00005200       ?remove_node@?$TTreeHoldRB@U?$TScatterArrayNode@U?$TRefObjectComposite@UIKeyboardClient@libui@UModSys@@UIRefObject@core@3@U?$TRefObjectFunc@UIRefObject@core@UModSys@@@tl@3@@tl@UModSys@@H@tl@UModSys@@@tl@UModSys@@QAEXPAU?$TScatterArrayNode@U?$TRefObjectComposite@UIKeyboardClient@libui@UModSys@@UIRefObject@core@3@U?$TRefObjectFunc@UIRefObject@core@UModSys@@@tl@3@@tl@UModSys@@H@23@@Z 10006200 f i umodsys_lib_libui:umodsys.mod.ui.SDL_core.obj
 0001:00005200       ?remove_node@?$TTreeHoldRB@U?$TScatterArrayNode@U?$TRefObjectCompositeExtra@UIMouseClient@libui@UModSys@@HUIRefObject@core@3@U?$TRefObjectFunc@UIRefObject@core@UModSys@@@tl@3@@tl@UModSys@@H@tl@UModSys@@@tl@UModSys@@QAEXPAU?$TScatterArrayNode@U?$TRefObjectCompositeExtra@UIMouseClient@libui@UModSys@@HUIRefObject@core@3@U?$TRefObjectFunc@UIRefObject@core@UModSys@@@tl@3@@tl@UModSys@@H@23@@Z 10006200 f i umodsys_lib_libui:umodsys.mod.ui.SDL_core.obj
 0001:000052f0       ??1?$TPair@HU?$TRefObjectComposite@UIKeyboardClient@libui@UModSys@@UIRefObject@core@3@U?$TRefObjectFunc@UIRefObject@core@UModSys@@@tl@3@@tl@UModSys@@@tl@UModSys@@QAE@XZ 100062f0 f i umodsys_lib_libui:umodsys.mod.ui.SDL_core.obj
 0001:000052f0       ??1?$TPair@HU?$TRefObjectCompositeExtra@UIMouseClient@libui@UModSys@@HUIRefObject@core@3@U?$TRefObjectFunc@UIRefObject@core@UModSys@@@tl@3@@tl@UModSys@@@tl@UModSys@@QAE@XZ 100062f0 f i umodsys_lib_libui:umodsys.mod.ui.SDL_core.obj
 0001:00005300       ??1?$TRefObjectComposite@UIKeyboardClient@libui@UModSys@@UIRefObject@core@3@U?$TRefObjectFunc@UIRefObject@core@UModSys@@@tl@3@@tl@UModSys@@QAE@XZ 10006300 f i umodsys_lib_libui:umodsys.mod.ui.SDL_core.obj
 0001:00005300       ??1?$TRefObjectCompositeExtra@UIMouseClient@libui@UModSys@@HUIRefObject@core@3@U?$TRefObjectFunc@UIRefObject@core@UModSys@@@tl@3@@tl@UModSys@@QAE@XZ 10006300 f i umodsys_lib_libui:umodsys.mod.ui.SDL_core.obj
 0001:00005300       ??1?$TRefObjectComposite@UIController@libui@UModSys@@UIRefObject@core@3@U?$TRefObjectFunc@UIRefObject@core@UModSys@@@tl@3@@tl@UModSys@@QAE@XZ 10006300 f i umodsys_lib_libui:umodsys.mod.ui.frames.obj
 0001:00005370       ??$t_ref_get_other_interface@URMultiImage2D_SDL_ttf@SDL_core@ui@modules@UModSys@@U?$TRefObjectWeakFunc@URMultiImage2D_SDL_ttf@SDL_core@ui@modules@UModSys@@@tl@5@@IRefObject@core@UModSys@@QAE_NAAU?$TRefObject@URMultiImage2D_SDL_ttf@SDL_core@ui@modules@UModSys@@U?$TRefObjectWeakFunc@URMultiImage2D_SDL_ttf@SDL_core@ui@modules@UModSys@@@tl@5@@tl@2@@Z 10006370 f i umodsys_lib_libui:umodsys.mod.ui.SDL_core.obj
 0001:000053d0       ?remove_color@?$TTreeHoldRB@U?$TScatterArrayNode@U?$TRefObjectComposite@UIKeyboardClient@libui@UModSys@@UIRefObject@core@3@U?$TRefObjectFunc@UIRefObject@core@UModSys@@@tl@3@@tl@UModSys@@H@tl@UModSys@@@tl@UModSys@@IAEXPAU?$TScatterArrayNode@U?$TRefObjectComposite@UIKeyboardClient@libui@UModSys@@UIRefObject@core@3@U?$TRefObjectFunc@UIRefObject@core@UModSys@@@tl@3@@tl@UModSys@@H@23@0@Z 100063d0 f i umodsys_lib_libui:umodsys.mod.ui.SDL_core.obj
 0001:000053d0       ?remove_color@?$TTreeHoldRB@U?$TScatterArrayNode@U?$TRefObjectCompositeExtra@UIMouseClient@libui@UModSys@@HUIRefObject@core@3@U?$TRefObjectFunc@UIRefObject@core@UModSys@@@tl@3@@tl@UModSys@@H@tl@UModSys@@@tl@UModSys@@IAEXPAU?$TScatterArrayNode@U?$TRefObjectCompositeExtra@UIMouseClient@libui@UModSys@@HUIRefObject@core@3@U?$TRefObjectFunc@UIRefObject@core@UModSys@@@tl@3@@tl@UModSys@@H@23@0@Z 100063d0 f i umodsys_lib_libui:umodsys.mod.ui.SDL_core.obj
 0001:00005550       ??$t_close@U?$TRefObject@URRenderDriver2D@SDL_core@ui@modules@UModSys@@U?$TRefObjectWeakFunc@URRenderDriver2D@SDL_core@ui@modules@UModSys@@@tl@5@@tl@UModSys@@@SDL_core@ui@modules@UModSys@@YA_NAAU?$TScatterArray@U?$TRefObject@URRenderDriver2D@SDL_core@ui@modules@UModSys@@U?$TRefObjectWeakFunc@URRenderDriver2D@SDL_core@ui@modules@UModSys@@@tl@5@@tl@UModSys@@HU?$TScalarCompare@H@core@3@U?$TNodeDeleter0@U?$TScatterArrayNode@U?$TRefObject@URRenderDriver2D@SDL_core@ui@modules@UModSys@@U?$TRefObjectWeakFunc@URRenderDriver2D@SDL_core@ui@modules@UModSys@@@tl@5@@tl@UModSys@@H@tl@UModSys@@@23@@tl@3@@Z 10006550 f i umodsys_lib_libui:umodsys.mod.ui.SDL_core.obj
 0001:00005600       ??$t_count@U?$TRefObject@URRenderDriver2D@SDL_core@ui@modules@UModSys@@U?$TRefObjectWeakFunc@URRenderDriver2D@SDL_core@ui@modules@UModSys@@@tl@5@@tl@UModSys@@@SDL_core@ui@modules@UModSys@@YAIABU?$TScatterArray@U?$TRefObject@URRenderDriver2D@SDL_core@ui@modules@UModSys@@U?$TRefObjectWeakFunc@URRenderDriver2D@SDL_core@ui@modules@UModSys@@@tl@5@@tl@UModSys@@HU?$TScalarCompare@H@core@3@U?$TNodeDeleter0@U?$TScatterArrayNode@U?$TRefObject@URRenderDriver2D@SDL_core@ui@modules@UModSys@@U?$TRefObjectWeakFunc@URRenderDriver2D@SDL_core@ui@modules@UModSys@@@tl@5@@tl@UModSys@@H@tl@UModSys@@@23@@tl@3@@Z 10006600 f i umodsys_lib_libui:umodsys.mod.ui.SDL_core.obj
 0001:00005670       ??$t_get@U?$TRefObject@URRenderDriver2D@SDL_core@ui@modules@UModSys@@U?$TRefObjectWeakFunc@URRenderDriver2D@SDL_core@ui@modules@UModSys@@@tl@5@@tl@UModSys@@@SDL_core@ui@modules@UModSys@@YAPAUIRefObject@core@3@ABU?$TScatterArray@U?$TRefObject@URRenderDriver2D@SDL_core@ui@modules@UModSys@@U?$TRefObjectWeakFunc@URRenderDriver2D@SDL_core@ui@modules@UModSys@@@tl@5@@tl@UModSys@@HU?$TScalarCompare@H@core@3@U?$TNodeDeleter0@U?$TScatterArrayNode@U?$TRefObject@URRenderDriver2D@SDL_core@ui@modules@UModSys@@U?$TRefObjectWeakFunc@URRenderDriver2D@SDL_core@ui@modules@UModSys@@@tl@5@@tl@UModSys@@H@tl@UModSys@@@23@@tl@3@I@Z 10006670 f i umodsys_lib_libui:umodsys.mod.ui.SDL_core.obj
 0001:00005700       ??$ValidateConstruction@UIRefObject@core@UModSys@@URRenderDriver2D@SDL_core@ui@modules@3@@core@UModSys@@YA_NAAU?$TRefObject@UIRefObject@core@UModSys@@U?$TRefObjectFunc@UIRefObject@core@UModSys@@@tl@3@@tl@1@U?$TRefObject@URRenderDriver2D@SDL_core@ui@modules@UModSys@@U?$TRefObjectFunc@URRenderDriver2D@SDL_core@ui@modules@UModSys@@@tl@5@@31@@Z 10006700 f i umodsys_lib_libui:umodsys.mod.ui.SDL_core.obj
 0001:000057a0       ??$t_add@U?$TRefObject@URRenderDriver2D@SDL_core@ui@modules@UModSys@@U?$TRefObjectWeakFunc@URRenderDriver2D@SDL_core@ui@modules@UModSys@@@tl@5@@tl@UModSys@@URRenderDriver2D@SDL_core@ui@modules@3@@SDL_core@ui@modules@UModSys@@YA_NAAU?$TScatterArray@U?$TRefObject@URRenderDriver2D@SDL_core@ui@modules@UModSys@@U?$TRefObjectWeakFunc@URRenderDriver2D@SDL_core@ui@modules@UModSys@@@tl@5@@tl@UModSys@@HU?$TScalarCompare@H@core@3@U?$TNodeDeleter0@U?$TScatterArrayNode@U?$TRefObject@URRenderDriver2D@SDL_core@ui@modules@UModSys@@U?$TRefObjectWeakFunc@URRenderDriver2D@SDL_core@ui@modules@UModSys@@@tl@5@@tl@UModSys@@H@tl@UModSys@@@23@@tl@3@PAURRenderDriver2D@0123@@Z 100067a0 f i umodsys_lib_libui:umodsys.mod.ui.SDL_core.obj
 0001:000057f0       ??$ValidateConstruction@UIRefObject@core@UModSys@@URMouseController@SDL_core@ui@modules@3@@core@UModSys@@YA_NAAU?$TRefObject@UIRefObject@core@UModSys@@U?$TRefObjectFunc@UIRefObject@core@UModSys@@@tl@3@@tl@1@U?$TRefObject@URMouseController@SDL_core@ui@modules@UModSys@@U?$TRefObjectFunc@URMouseController@SDL_core@ui@modules@UModSys@@@tl@5@@31@@Z 100067f0 f i umodsys_lib_libui:umodsys.mod.ui.SDL_core.obj
 0001:000057f0       ??$ValidateConstruction@UIRefObject@core@UModSys@@URKeyboardController@SDL_core@ui@modules@3@@core@UModSys@@YA_NAAU?$TRefObject@UIRefObject@core@UModSys@@U?$TRefObjectFunc@UIRefObject@core@UModSys@@@tl@3@@tl@1@U?$TRefObject@URKeyboardController@SDL_core@ui@modules@UModSys@@U?$TRefObjectFunc@URKeyboardController@SDL_core@ui@modules@UModSys@@@tl@5@@31@@Z 100067f0 f i umodsys_lib_libui:umodsys.mod.ui.SDL_core.obj
 0001:00005870       ??$ValidateConstruction@UIMultiImage@lib2d@UModSys@@URMultiImage2D_SDL_ttf@SDL_core@ui@modules@3@@core@UModSys@@YA_NAAU?$TRefObject@UIMultiImage@lib2d@UModSys@@U?$TRefObjectFunc@UIMultiImage@lib2d@UModSys@@@tl@3@@tl@1@PAURMultiImage2D_SDL_ttf@SDL_core@ui@modules@1@@Z 10006870 f i umodsys_lib_libui:umodsys.mod.ui.SDL_core.obj
 0001:00005900       ??$t_gen_param@URTerminal@SDL_core@ui@modules@UModSys@@URGenerator@2345@@IGenerator@base@UModSys@@IAE_NPAURGenerator@SDL_core@ui@modules@2@AAU?$TRefObject@UIRefObject@core@UModSys@@U?$TRefObjectFunc@UIRefObject@core@UModSys@@@tl@3@@tl@2@PBUSUniquePointerInfo@core@2@ABUSParameters@core@2@@Z 10006900 f i umodsys_lib_libui:umodsys.mod.ui.SDL_core.obj
 0001:00005970       ??$genx_node@UCmp@?$TScatterArray@UGlyph@RMultiImage2D_SDL_ttf@SDL_core@ui@modules@UModSys@@HU?$TScalarCompare@H@core@6@U?$TNodeDeleter0@U?$TScatterArrayNode@UGlyph@RMultiImage2D_SDL_ttf@SDL_core@ui@modules@UModSys@@H@tl@UModSys@@@tl@6@@tl@UModSys@@UGen0@234@@?$TTreeHoldRBD@U?$TScatterArrayNode@UGlyph@RMultiImage2D_SDL_ttf@SDL_core@ui@modules@UModSys@@H@tl@UModSys@@U?$TNodeDeleter0@U?$TScatterArrayNode@UGlyph@RMultiImage2D_SDL_ttf@SDL_core@ui@modules@UModSys@@H@tl@UModSys@@@23@@tl@UModSys@@QAEPAU?$TScatterArrayNode@UGlyph@RMultiImage2D_SDL_ttf@SDL_core@ui@modules@UModSys@@H@12@UCmp@?$TScatterArray@UGlyph@RMultiImage2D_SDL_ttf@SDL_core@ui@modules@UModSys@@HU?$TScalarCompare@H@core@6@U?$TNodeDeleter0@U?$TScatterArrayNode@UGlyph@RMultiImage2D_SDL_ttf@SDL_core@ui@modules@UModSys@@H@tl@UModSys@@@tl@6@@12@ABUGen0@512@PAPAU312@2_N@Z 10006970 f i umodsys_lib_libui:umodsys.mod.ui.SDL_core.obj
 0001:000059e0       ??$genx_node@UCmp@?$TScatterArray@U?$TRefObjectCompositeExtra@UIMouseClient@libui@UModSys@@HUIRefObject@core@3@U?$TRefObjectFunc@UIRefObject@core@UModSys@@@tl@3@@tl@UModSys@@HU?$TScalarCompare@H@core@3@U?$TNodeDeleter0@U?$TScatterArrayNode@U?$TRefObjectCompositeExtra@UIMouseClient@libui@UModSys@@HUIRefObject@core@3@U?$TRefObjectFunc@UIRefObject@core@UModSys@@@tl@3@@tl@UModSys@@H@tl@UModSys@@@23@@tl@UModSys@@UGen0@234@@?$TTreeHoldRBD@U?$TScatterArrayNode@U?$TRefObjectCompositeExtra@UIMouseClient@libui@UModSys@@HUIRefObject@core@3@U?$TRefObjectFunc@UIRefObject@core@UModSys@@@tl@3@@tl@UModSys@@H@tl@UModSys@@U?$TNodeDeleter0@U?$TScatterArrayNode@U?$TRefObjectCompositeExtra@UIMouseClient@libui@UModSys@@HUIRefObject@core@3@U?$TRefObjectFunc@UIRefObject@core@UModSys@@@tl@3@@tl@UModSys@@H@tl@UModSys@@@23@@tl@UModSys@@QAEPAU?$TScatterArrayNode@U?$TRefObjectCompositeExtra@UIMouseClient@libui@UModSys@@HUIRefObject@core@3@U?$TRefObjectFunc@UIRefObject@core@UModSys@@@tl@3@@tl@UModSys@@H@12@UCmp@?$TScatterArray@U?$TRefObjectCompositeExtra@UIMouseClient@libui@UModSys@@HUIRefObject@core@3@U?$TRefObjectFunc@UIRefObject@core@UModSys@@@tl@3@@tl@UModSys@@HU?$TScalarCompare@H@core@3@U?$TNodeDeleter0@U?$TScatterArrayNode@U?$TRefObjectCompositeExtra@UIMouseClient@libui@UModSys@@HUIRefObject@core@3@U?$TRefObjectFunc@UIRefObject@core@UModSys@@@tl@3@@tl@UModSys@@H@tl@UModSys@@@23@@12@ABUGen0@512@PAPAU312@2_N@Z 100069e0 f i umodsys_lib_libui:umodsys.mod.ui.SDL_core.obj
 0001:00005a50       ??$genx_node@UCmp@?$TScatterArray@U?$TRefObjectComposite@UIKeyboardClient@libui@UModSys@@UIRefObject@core@3@U?$TRefObjectFunc@UIRefObject@core@UModSys@@@tl@3@@tl@UModSys@@HU?$TScalarCompare@H@core@3@U?$TNodeDeleter0@U?$TScatterArrayNode@U?$TRefObjectComposite@UIKeyboardClient@libui@UModSys@@UIRefObject@core@3@U?$TRefObjectFunc@UIRefObject@core@UModSys@@@tl@3@@tl@UModSys@@H@tl@UModSys@@@23@@tl@UModSys@@UGen0@234@@?$TTreeHoldRBD@U?$TScatterArrayNode@U?$TRefObjectComposite@UIKeyboardClient@libui@UModSys@@UIRefObject@core@3@U?$TRefObjectFunc@UIRefObject@core@UModSys@@@tl@3@@tl@UModSys@@H@tl@UModSys@@U?$TNodeDeleter0@U?$TScatterArrayNode@U?$TRefObjectComposite@UIKeyboardClient@libui@UModSys@@UIRefObject@core@3@U?$TRefObjectFunc@UIRefObject@core@UModSys@@@tl@3@@tl@UModSys@@H@tl@UModSys@@@23@@tl@UModSys@@QAEPAU?$TScatterArrayNode@U?$TRefObjectComposite@UIKeyboardClient@libui@UModSys@@UIRefObject@core@3@U?$TRefObjectFunc@UIRefObject@core@UModSys@@@tl@3@@tl@UModSys@@H@12@UCmp@?$TScatterArray@U?$TRefObjectComposite@UIKeyboardClient@libui@UModSys@@UIRefObject@core@3@U?$TRefObjectFunc@UIRefObject@core@UModSys@@@tl@3@@tl@UModSys@@HU?$TScalarCompare@H@core@3@U?$TNodeDeleter0@U?$TScatterArrayNode@U?$TRefObjectComposite@UIKeyboardClient@libui@UModSys@@UIRefObject@core@3@U?$TRefObjectFunc@UIRefObject@core@UModSys@@@tl@3@@tl@UModSys@@H@tl@UModSys@@@23@@12@ABUGen0@512@PAPAU312@2_N@Z 10006a50 f i umodsys_lib_libui:umodsys.mod.ui.SDL_core.obj
 0001:00005ac0       ?rotate_left@?$TTreeHoldRB@U?$TScatterArrayNode@U?$TRefObjectComposite@UIKeyboardClient@libui@UModSys@@UIRefObject@core@3@U?$TRefObjectFunc@UIRefObject@core@UModSys@@@tl@3@@tl@UModSys@@H@tl@UModSys@@@tl@UModSys@@IAEXPAU?$TScatterArrayNode@U?$TRefObjectComposite@UIKeyboardClient@libui@UModSys@@UIRefObject@core@3@U?$TRefObjectFunc@UIRefObject@core@UModSys@@@tl@3@@tl@UModSys@@H@23@@Z 10006ac0 f i umodsys_lib_libui:umodsys.mod.ui.SDL_core.obj
 0001:00005ac0       ?rotate_left@?$TTreeHoldRB@U?$TScatterArrayNode@U?$TRefObjectCompositeExtra@UIMouseClient@libui@UModSys@@HUIRefObject@core@3@U?$TRefObjectFunc@UIRefObject@core@UModSys@@@tl@3@@tl@UModSys@@H@tl@UModSys@@@tl@UModSys@@IAEXPAU?$TScatterArrayNode@U?$TRefObjectCompositeExtra@UIMouseClient@libui@UModSys@@HUIRefObject@core@3@U?$TRefObjectFunc@UIRefObject@core@UModSys@@@tl@3@@tl@UModSys@@H@23@@Z 10006ac0 f i umodsys_lib_libui:umodsys.mod.ui.SDL_core.obj
 0001:00005b10       ?rotate_right@?$TTreeHoldRB@U?$TScatterArrayNode@U?$TRefObjectCompositeExtra@UIMouseClient@libui@UModSys@@HUIRefObject@core@3@U?$TRefObjectFunc@UIRefObject@core@UModSys@@@tl@3@@tl@UModSys@@H@tl@UModSys@@@tl@UModSys@@IAEXPAU?$TScatterArrayNode@U?$TRefObjectCompositeExtra@UIMouseClient@libui@UModSys@@HUIRefObject@core@3@U?$TRefObjectFunc@UIRefObject@core@UModSys@@@tl@3@@tl@UModSys@@H@23@@Z 10006b10 f i umodsys_lib_libui:umodsys.mod.ui.SDL_core.obj
 0001:00005b10       ?rotate_right@?$TTreeHoldRB@U?$TScatterArrayNode@U?$TRefObjectComposite@UIKeyboardClient@libui@UModSys@@UIRefObject@core@3@U?$TRefObjectFunc@UIRefObject@core@UModSys@@@tl@3@@tl@UModSys@@H@tl@UModSys@@@tl@UModSys@@IAEXPAU?$TScatterArrayNode@U?$TRefObjectComposite@UIKeyboardClient@libui@UModSys@@UIRefObject@core@3@U?$TRefObjectFunc@UIRefObject@core@UModSys@@@tl@3@@tl@UModSys@@H@23@@Z 10006b10 f i umodsys_lib_libui:umodsys.mod.ui.SDL_core.obj
 0001:00005b60       ??RGen0@?$TScatterArray@UGlyph@RMultiImage2D_SDL_ttf@SDL_core@ui@modules@UModSys@@HU?$TScalarCompare@H@core@6@U?$TNodeDeleter0@U?$TScatterArrayNode@UGlyph@RMultiImage2D_SDL_ttf@SDL_core@ui@modules@UModSys@@H@tl@UModSys@@@tl@6@@tl@UModSys@@QBEPAU?$TScatterArrayNode@UGlyph@RMultiImage2D_SDL_ttf@SDL_core@ui@modules@UModSys@@H@23@ABUCmp@123@ABU?$TTreeHoldRBD@U?$TScatterArrayNode@UGlyph@RMultiImage2D_SDL_ttf@SDL_core@ui@modules@UModSys@@H@tl@UModSys@@U?$TNodeDeleter0@U?$TScatterArrayNode@UGlyph@RMultiImage2D_SDL_ttf@SDL_core@ui@modules@UModSys@@H@tl@UModSys@@@23@@23@@Z 10006b60 f i umodsys_lib_libui:umodsys.mod.ui.SDL_core.obj
 0001:00005bc0       ??RGen0@?$TScatterArray@U?$TRefObjectCompositeExtra@UIMouseClient@libui@UModSys@@HUIRefObject@core@3@U?$TRefObjectFunc@UIRefObject@core@UModSys@@@tl@3@@tl@UModSys@@HU?$TScalarCompare@H@core@3@U?$TNodeDeleter0@U?$TScatterArrayNode@U?$TRefObjectCompositeExtra@UIMouseClient@libui@UModSys@@HUIRefObject@core@3@U?$TRefObjectFunc@UIRefObject@core@UModSys@@@tl@3@@tl@UModSys@@H@tl@UModSys@@@23@@tl@UModSys@@QBEPAU?$TScatterArrayNode@U?$TRefObjectCompositeExtra@UIMouseClient@libui@UModSys@@HUIRefObject@core@3@U?$TRefObjectFunc@UIRefObject@core@UModSys@@@tl@3@@tl@UModSys@@H@23@ABUCmp@123@ABU?$TTreeHoldRBD@U?$TScatterArrayNode@U?$TRefObjectCompositeExtra@UIMouseClient@libui@UModSys@@HUIRefObject@core@3@U?$TRefObjectFunc@UIRefObject@core@UModSys@@@tl@3@@tl@UModSys@@H@tl@UModSys@@U?$TNodeDeleter0@U?$TScatterArrayNode@U?$TRefObjectCompositeExtra@UIMouseClient@libui@UModSys@@HUIRefObject@core@3@U?$TRefObjectFunc@UIRefObject@core@UModSys@@@tl@3@@tl@UModSys@@H@tl@UModSys@@@23@@23@@Z 10006bc0 f i umodsys_lib_libui:umodsys.mod.ui.SDL_core.obj
 0001:00005c20       ??RGen0@?$TScatterArray@U?$TRefObjectComposite@UIKeyboardClient@libui@UModSys@@UIRefObject@core@3@U?$TRefObjectFunc@UIRefObject@core@UModSys@@@tl@3@@tl@UModSys@@HU?$TScalarCompare@H@core@3@U?$TNodeDeleter0@U?$TScatterArrayNode@U?$TRefObjectComposite@UIKeyboardClient@libui@UModSys@@UIRefObject@core@3@U?$TRefObjectFunc@UIRefObject@core@UModSys@@@tl@3@@tl@UModSys@@H@tl@UModSys@@@23@@tl@UModSys@@QBEPAU?$TScatterArrayNode@U?$TRefObjectComposite@UIKeyboardClient@libui@UModSys@@UIRefObject@core@3@U?$TRefObjectFunc@UIRefObject@core@UModSys@@@tl@3@@tl@UModSys@@H@23@ABUCmp@123@ABU?$TTreeHoldRBD@U?$TScatterArrayNode@U?$TRefObjectComposite@UIKeyboardClient@libui@UModSys@@UIRefObject@core@3@U?$TRefObjectFunc@UIRefObject@core@UModSys@@@tl@3@@tl@UModSys@@H@tl@UModSys@@U?$TNodeDeleter0@U?$TScatterArrayNode@U?$TRefObjectComposite@UIKeyboardClient@libui@UModSys@@UIRefObject@core@3@U?$TRefObjectFunc@UIRefObject@core@UModSys@@@tl@3@@tl@UModSys@@H@tl@UModSys@@@23@@23@@Z 10006c20 f i umodsys_lib_libui:umodsys.mod.ui.SDL_core.obj
 0001:00005c80       ?attach@?$TRefObject@URRenderDriver2D@SDL_core@ui@modules@UModSys@@U?$TRefObjectWeakFunc@URRenderDriver2D@SDL_core@ui@modules@UModSys@@@tl@5@@tl@UModSys@@QAEXPAURRenderDriver2D@SDL_core@ui@modules@3@@Z 10006c80 f i umodsys_lib_libui:umodsys.mod.ui.SDL_core.obj
 0001:00005ce0       ??0?$TScatterArrayNode@U?$TRefObjectCompositeExtra@UIMouseClient@libui@UModSys@@HUIRefObject@core@3@U?$TRefObjectFunc@UIRefObject@core@UModSys@@@tl@3@@tl@UModSys@@H@tl@UModSys@@QAE@ABH@Z 10006ce0 f i umodsys_lib_libui:umodsys.mod.ui.SDL_core.obj
 0001:00005d50       ??0?$TScatterArrayNode@U?$TRefObjectComposite@UIKeyboardClient@libui@UModSys@@UIRefObject@core@3@U?$TRefObjectFunc@UIRefObject@core@UModSys@@@tl@3@@tl@UModSys@@H@tl@UModSys@@QAE@ABH@Z 10006d50 f i umodsys_lib_libui:umodsys.mod.ui.SDL_core.obj
 0001:00005dc0       ?insert_color@?$TTreeHoldRB@U?$TScatterArrayNode@U?$TVector2@M@math3d@UModSys@@H@tl@UModSys@@@tl@UModSys@@IAEXPAU?$TScatterArrayNode@U?$TVector2@M@math3d@UModSys@@H@23@@Z 10006dc0 f i umodsys_lib_libui:umodsys.mod.ui.frames.obj
 0001:00005dc0       ?insert_color@?$TTreeHoldRB@U?$TScatterArrayNode@U?$TRefObject@URRenderDriver2D@SDL_core@ui@modules@UModSys@@U?$TRefObjectWeakFunc@URRenderDriver2D@SDL_core@ui@modules@UModSys@@@tl@5@@tl@UModSys@@H@tl@UModSys@@@tl@UModSys@@IAEXPAU?$TScatterArrayNode@U?$TRefObject@URRenderDriver2D@SDL_core@ui@modules@UModSys@@U?$TRefObjectWeakFunc@URRenderDriver2D@SDL_core@ui@modules@UModSys@@@tl@5@@tl@UModSys@@H@23@@Z 10006dc0 f i umodsys_lib_libui:umodsys.mod.ui.SDL_core.obj
 0001:00005dc0       ?insert_color@?$TTreeHoldRB@U?$TScatterArrayNode@HH@tl@UModSys@@@tl@UModSys@@IAEXPAU?$TScatterArrayNode@HH@23@@Z 10006dc0 f i umodsys_lib_libui:umodsys.mod.ui.frames.obj
 0001:00005dc0       ?insert_color@?$TTreeHoldRB@U?$TScatterArrayNode@U?$TRefObjectComposite@UIKeyboardClient@libui@UModSys@@UIRefObject@core@3@U?$TRefObjectFunc@UIRefObject@core@UModSys@@@tl@3@@tl@UModSys@@H@tl@UModSys@@@tl@UModSys@@IAEXPAU?$TScatterArrayNode@U?$TRefObjectComposite@UIKeyboardClient@libui@UModSys@@UIRefObject@core@3@U?$TRefObjectFunc@UIRefObject@core@UModSys@@@tl@3@@tl@UModSys@@H@23@@Z 10006dc0 f i umodsys_lib_libui:umodsys.mod.ui.SDL_core.obj
 0001:00005dc0       ?insert_color@?$TTreeHoldRB@U?$TScatterArrayNode@U?$TRefObjectCompositeExtra@UIMouseClient@libui@UModSys@@HUIRefObject@core@3@U?$TRefObjectFunc@UIRefObject@core@UModSys@@@tl@3@@tl@UModSys@@H@tl@UModSys@@@tl@UModSys@@IAEXPAU?$TScatterArrayNode@U?$TRefObjectCompositeExtra@UIMouseClient@libui@UModSys@@HUIRefObject@core@3@U?$TRefObjectFunc@UIRefObject@core@UModSys@@@tl@3@@tl@UModSys@@H@23@@Z 10006dc0 f i umodsys_lib_libui:umodsys.mod.ui.SDL_core.obj
 0001:00005dc0       ?insert_color@?$TTreeHoldRB@U?$TScatterArrayNode@U?$TVector4@M@math3d@UModSys@@H@tl@UModSys@@@tl@UModSys@@IAEXPAU?$TScatterArrayNode@U?$TVector4@M@math3d@UModSys@@H@23@@Z 10006dc0 f i umodsys_lib_libui:umodsys.mod.ui.frames.obj
 0001:00005dc0       ?insert_color@?$TTreeHoldRB@U?$TScatterArrayNode@UGlyph@RMultiImage2D_SDL_ttf@SDL_core@ui@modules@UModSys@@H@tl@UModSys@@@tl@UModSys@@IAEXPAU?$TScatterArrayNode@UGlyph@RMultiImage2D_SDL_ttf@SDL_core@ui@modules@UModSys@@H@23@@Z 10006dc0 f i umodsys_lib_libui:umodsys.mod.ui.SDL_core.obj
 0001:00005f60       ??$process_nodes_r@U?$TNodeDeleter0@U?$TScatterArrayNode@UGlyph@RMultiImage2D_SDL_ttf@SDL_core@ui@modules@UModSys@@H@tl@UModSys@@@tl@UModSys@@@?$TTreeHoldRB@U?$TScatterArrayNode@UGlyph@RMultiImage2D_SDL_ttf@SDL_core@ui@modules@UModSys@@H@tl@UModSys@@@tl@UModSys@@KAHPAU?$TScatterArrayNode@UGlyph@RMultiImage2D_SDL_ttf@SDL_core@ui@modules@UModSys@@H@12@ABU?$TNodeDeleter0@U?$TScatterArrayNode@UGlyph@RMultiImage2D_SDL_ttf@SDL_core@ui@modules@UModSys@@H@tl@UModSys@@@12@@Z 10006f60 f i umodsys_lib_libui:umodsys.mod.ui.SDL_core.obj
[...]
 0001:000127e0       ??__E?s_id@?$TObjectUniqueID@URImage_Memory@stdlib@lib2d@modules@UModSys@@@tl@UModSys@@2USUniquePointer@core@3@A@@YAXXZ 100137e0 f    CIL library: CIL module
 0001:00012810       ??__E?s_id@?$TObjectUniqueID@URGenerator@stdlib@lib2d@modules@UModSys@@@tl@UModSys@@2USUniquePointer@core@3@A@@YAXXZ 10013810 f    CIL library: CIL module
 0001:00012840       ??__E?s_modreg@RModuleReg@SDL_core@ui@modules@UModSys@@2U12345@A@@YAXXZ 10013840 f    CIL library: CIL module
 0001:00012880       ??__E?s_modreg_chain@RModuleReg@SDL_core@ui@modules@UModSys@@2USModuleRegChain@base@5@A@@YAXXZ 10013880 f    CIL library: CIL module
 0001:000128a0       ??__E?s_uid@RGenerator@SDL_core@ui@modules@UModSys@@2USUniquePointer@core@5@A@@YAXXZ 100138a0 f    CIL library: CIL module
 0001:000128d0       ??__E?s_id@?$TObjectUniqueID@URMultiImage2D_SDL_ttf@SDL_core@ui@modules@UModSys@@@tl@UModSys@@2USUniquePointer@core@3@A@@YAXXZ 100138d0 f    CIL library: CIL module
 0001:00012900       ??__E?s_id@?$TObjectUniqueID@URRenderDriver2D@SDL_core@ui@modules@UModSys@@@tl@UModSys@@2USUniquePointer@core@3@A@@YAXXZ 10013900 f    CIL library: CIL module
 0001:00012930       ??__E?s_id@?$TObjectUniqueID@URMouseController@SDL_core@ui@modules@UModSys@@@tl@UModSys@@2USUniquePointer@core@3@A@@YAXXZ 10013930 f    CIL library: CIL module
 0001:00012960       ??__E?s_id@?$TObjectUniqueID@URKeyboardController@SDL_core@ui@modules@UModSys@@@tl@UModSys@@2USUniquePointer@core@3@A@@YAXXZ 10013960 f    CIL library: CIL module
 0001:00012990       ??__E?s_id@?$TObjectUniqueID@URTerminal@SDL_core@ui@modules@UModSys@@@tl@UModSys@@2USUniquePointer@core@3@A@@YAXXZ 10013990 f    CIL library: CIL module
 0001:000129c0       ??__E?s_id@?$TObjectUniqueID@URGenerator@SDL_core@ui@modules@UModSys@@@tl@UModSys@@2USUniquePointer@core@3@A@@YAXXZ 100139c0 f    CIL library: CIL module
 0001:000129f0       ??__E?s_modreg@RModuleReg@frames@ui@modules@UModSys@@2U12345@A@@YAXXZ 100139f0 f    CIL library: CIL module
 0001:00012a30       ??__E?s_modreg_chain@RModuleReg@frames@ui@modules@UModSys@@2USModuleRegChain@base@5@A@@YAXXZ 10013a30 f    CIL library: CIL module
 0001:00012a50       ??__E?s_uid@RGenerator@frames@ui@modules@UModSys@@2USUniquePointer@core@5@A@@YAXXZ 10013a50 f    CIL library: CIL module
 0001:00012a80       ??__E?s_id@?$TObjectUniqueID@URFrame_Common@frames@ui@modules@UModSys@@@tl@UModSys@@2USUniquePointer@core@3@A@@YAXXZ 10013a80 f    CIL library: CIL module
 0001:00012ab0       ??__E?s_id@?$TObjectUniqueID@URDialog@frames@ui@modules@UModSys@@@tl@UModSys@@2USUniquePointer@core@3@A@@YAXXZ 10013ab0 f    CIL library: CIL module
 0001:00012ae0       ??__E?s_id@?$TObjectUniqueID@URFrame_Frame@frames@ui@modules@UModSys@@@tl@UModSys@@2USUniquePointer@core@3@A@@YAXXZ 10013ae0 f    CIL library: CIL module
 0001:00012b10       ??__E?s_id@?$TObjectUniqueID@URFrame_Image@frames@ui@modules@UModSys@@@tl@UModSys@@2USUniquePointer@core@3@A@@YAXXZ 10013b10 f    CIL library: CIL module
 0001:00012b40       ??__E?s_id@?$TObjectUniqueID@URFrame_Text@frames@ui@modules@UModSys@@@tl@UModSys@@2USUniquePointer@core@3@A@@YAXXZ 10013b40 f    CIL library: CIL module
 0001:00012b70       ??__E?s_id@?$TObjectUniqueID@URFrame_Button@frames@ui@modules@UModSys@@@tl@UModSys@@2USUniquePointer@core@3@A@@YAXXZ 10013b70 f    CIL library: CIL module
 0001:00012ba0       ??__E?s_id@?$TObjectUniqueID@URFrame_Edit@frames@ui@modules@UModSys@@@tl@UModSys@@2USUniquePointer@core@3@A@@YAXXZ 10013ba0 f    CIL library: CIL module
 0001:00012bd0       ??__E?s_id@?$TObjectUniqueID@URFrame_List@frames@ui@modules@UModSys@@@tl@UModSys@@2USUniquePointer@core@3@A@@YAXXZ 10013bd0 f    CIL library: CIL module
 0001:00012c00       ??__E?s_id@?$TObjectUniqueID@URCollector@frames@ui@modules@UModSys@@@tl@UModSys@@2USUniquePointer@core@3@A@@YAXXZ 10013c00 f    CIL library: CIL module
 0001:00012c30       ??__E?s_id@?$TObjectUniqueID@URGenerator@frames@ui@modules@UModSys@@@tl@UModSys@@2USUniquePointer@core@3@A@@YAXXZ 10013c30 f    CIL library: CIL module
 0001:00012c60       ??__E?s_modreg@RModuleReg@images_std@media@modules@UModSys@@2U12345@A@@YAXXZ 10013c60 f    CIL library: CIL module
 0001:00012ca0       ??__E?s_modreg_chain@RModuleReg@images_std@media@modules@UModSys@@2USModuleRegChain@base@5@A@@YAXXZ 10013ca0 f    CIL library: CIL module
 0001:00012cc0       ??__E?s_uid@RGenerator@images_std@media@modules@UModSys@@2USUniquePointer@core@5@A@@YAXXZ 10013cc0 f    CIL library: CIL module
 0001:00012cf0       ??__E?s_id@?$TObjectUniqueID@URMediaFilter@images_std@media@modules@UModSys@@@tl@UModSys@@2USUniquePointer@core@3@A@@YAXXZ 10013cf0 f    CIL library: CIL module
 0001:00012d20       ??__E?s_id@?$TObjectUniqueID@URGenerator@images_std@media@modules@UModSys@@@tl@UModSys@@2USUniquePointer@core@3@A@@YAXXZ 10013d20 f    CIL library: CIL module
 0001:00012d50       ??__EM@UModSys@@YAXXZ      10013d50 f    CIL library: CIL module
 0001:00012d70       ??__E?root@SModuleRegChain@base@UModSys@@2U123@A@@YAXXZ 10013d70 f    CIL library: CIL module
 0001:00012d90       ??__E?s_library@RModuleLibraryReg_Chain@base@UModSys@@2U123@A@@YAXXZ 10013d90 f    CIL library: CIL module
 0001:00012db0       ??__E?root@SUniquePointer@core@UModSys@@2U123@A@@YAXXZ 10013db0 f    CIL library: CIL module
 0001:00012dd0       ??__F?s_modreg@RModuleReg@test1@test@modules@UModSys@@2U12345@A@@YAXXZ 10013dd0 f    CIL library: CIL module
 0001:00012df0       ??__F?s_modreg_chain@RModuleReg@test1@test@modules@UModSys@@2USModuleRegChain@base@5@A@@YAXXZ 10013df0 f    CIL library: CIL module
 0001:00012e00       ??__F?s_uid@RGenerator@test1@test@modules@UModSys@@2USUniquePointer@core@5@A@@YAXXZ 10013e00 f    CIL library: CIL module
 0001:00012e10       ??__Fh@?1??s_holder@RGenerator@test1@test@modules@UModSys@@SAAAU?$TTypeStaticHolder@URGenerator@test1@test@modules@UModSys@@@tl@5@XZ@YAXXZ 10013e10 f    CIL library: CIL module
 0001:00012e30       ??__F?s_id@?$TObjectUniqueID@URGenerator@test1@test@modules@UModSys@@@tl@UModSys@@2USUniquePointer@core@3@A@@YAXXZ 10013e30 f    CIL library: CIL module
 0001:00012e40       ??__F?s_id@?$TObjectUniqueID@URTest1_Shell@test1@test@modules@UModSys@@@tl@UModSys@@2USUniquePointer@core@3@A@@YAXXZ 10013e40 f    CIL library: CIL module
 0001:00012e50       ??__F?s_id@?$TObjectUniqueID@URLines_Filter@test1@test@modules@UModSys@@@tl@UModSys@@2USUniquePointer@core@3@A@@YAXXZ 10013e50 f    CIL library: CIL module
 0001:00012e60       ??__F?s_id@?$TObjectUniqueID@URLines@test1@test@modules@UModSys@@@tl@UModSys@@2USUniquePointer@core@3@A@@YAXXZ 10013e60 f    CIL library: CIL module
 0001:00012e70       ??__F?s_id@?$TObjectUniqueID@UILines@test1@test@modules@UModSys@@@tl@UModSys@@2USUniquePointer@core@3@A@@YAXXZ 10013e70 f    CIL library: CIL module
 0001:00012e80       ??__F?s_id@?$TObjectUniqueID@UIRenderDriver@lib2d@UModSys@@@tl@UModSys@@2USUniquePointer@core@3@A@@YAXXZ 10013e80 f    CIL library: CIL module
 0001:00012e90       ??__F?s_id@?$TObjectUniqueID@UIMultiImage@lib2d@UModSys@@@tl@UModSys@@2USUniquePointer@core@3@A@@YAXXZ 10013e90 f    CIL library: CIL module
 0001:00012ea0       ??__F?s_id@?$TObjectUniqueID@UIImage@lib2d@UModSys@@@tl@UModSys@@2USUniquePointer@core@3@A@@YAXXZ 10013ea0 f    CIL library: CIL module
 0001:00012eb0       ??__F?s_id@?$TObjectUniqueID@UIDialog@libui@UModSys@@@tl@UModSys@@2USUniquePointer@core@3@A@@YAXXZ 10013eb0 f    CIL library: CIL module
 0001:00012ec0       ??__F?s_id@?$TObjectUniqueID@UIFrame@libui@UModSys@@@tl@UModSys@@2USUniquePointer@core@3@A@@YAXXZ 10013ec0 f    CIL library: CIL module
 0001:00012ed0       ??__F?s_id@?$TObjectUniqueID@UIAsyncCollector@libui@UModSys@@@tl@UModSys@@2USUniquePointer@core@3@A@@YAXXZ 10013ed0 f    CIL library: CIL module
 0001:00012ee0       ??__F?s_id@?$TObjectUniqueID@UIAsyncController@libui@UModSys@@@tl@UModSys@@2USUniquePointer@core@3@A@@YAXXZ 10013ee0 f    CIL library: CIL module
 0001:00012ef0       ??__F?s_id@?$TObjectUniqueID@UICollector@libui@UModSys@@@tl@UModSys@@2USUniquePointer@core@3@A@@YAXXZ 10013ef0 f    CIL library: CIL module
 0001:00012f00       ??__F?s_id@?$TObjectUniqueID@UIConsoleHelperInput_UIKey@libui@UModSys@@@tl@UModSys@@2USUniquePointer@core@3@A@@YAXXZ 10013f00 f    CIL library: CIL module
 0001:00012f10       ??__F?s_id@?$TObjectUniqueID@UITerminal@libui@UModSys@@@tl@UModSys@@2USUniquePointer@core@3@A@@YAXXZ 10013f10 f    CIL library: CIL module
 0001:00012f20       ??__F?s_id@?$TObjectUniqueID@UIJoystickController@libui@UModSys@@@tl@UModSys@@2USUniquePointer@core@3@A@@YAXXZ 10013f20 f    CIL library: CIL module
 0001:00012f30       ??__F?s_id@?$TObjectUniqueID@UIMouseController@libui@UModSys@@@tl@UModSys@@2USUniquePointer@core@3@A@@YAXXZ 10013f30 f    CIL library: CIL module
 0001:00012f40       ??__F?s_id@?$TObjectUniqueID@UIKeyboardController@libui@UModSys@@@tl@UModSys@@2USUniquePointer@core@3@A@@YAXXZ 10013f40 f    CIL library: CIL module
 0001:00012f50       ??__F?s_id@?$TObjectUniqueID@UIConsoleHelperOutputFCS@base@UModSys@@@tl@UModSys@@2USUniquePointer@core@3@A@@YAXXZ 10013f50 f    CIL library: CIL module
 0001:00012f60       ??__F?s_id@?$TObjectUniqueID@UIConsoleHelperOutput@base@UModSys@@@tl@UModSys@@2USUniquePointer@core@3@A@@YAXXZ 10013f60 f    CIL library: CIL module
 0001:00012f70       ??__F?s_id@?$TObjectUniqueID@UIConsoleHelperInput@base@UModSys@@@tl@UModSys@@2USUniquePointer@core@3@A@@YAXXZ 10013f70 f    CIL library: CIL module
 0001:00012f80       ??__F?s_id@?$TObjectUniqueID@UIConsoleHelperHistory@base@UModSys@@@tl@UModSys@@2USUniquePointer@core@3@A@@YAXXZ 10013f80 f    CIL library: CIL module
 0001:00012f90       ??__F?s_id@?$TObjectUniqueID@UIConsoleHelper@base@UModSys@@@tl@UModSys@@2USUniquePointer@core@3@A@@YAXXZ 10013f90 f    CIL library: CIL module
 0001:00012fa0       ??__F?s_id@?$TObjectUniqueID@UIConsoleExt@base@UModSys@@@tl@UModSys@@2USUniquePointer@core@3@A@@YAXXZ 10013fa0 f    CIL library: CIL module
 0001:00012fb0       ??__F?s_id@?$TObjectUniqueID@UILibraryLayered@libmedia@UModSys@@@tl@UModSys@@2USUniquePointer@core@3@A@@YAXXZ 10013fb0 f    CIL library: CIL module
 0001:00012fc0       ??__F?s_id@?$TObjectUniqueID@UILibraryObjCache@libmedia@UModSys@@@tl@UModSys@@2USUniquePointer@core@3@A@@YAXXZ 10013fc0 f    CIL library: CIL module
 0001:00012fd0       ??__F?s_id@?$TObjectUniqueID@UILibraryObjFilter@libmedia@UModSys@@@tl@UModSys@@2USUniquePointer@core@3@A@@YAXXZ 10013fd0 f    CIL library: CIL module
 0001:00012fe0       ??__F?s_id@?$TObjectUniqueID@UILibraryBinCache@libmedia@UModSys@@@tl@UModSys@@2USUniquePointer@core@3@A@@YAXXZ 10013fe0 f    CIL library: CIL module
 0001:00012ff0       ??__F?s_id@?$TObjectUniqueID@UILibraryBinTree@libmedia@UModSys@@@tl@UModSys@@2USUniquePointer@core@3@A@@YAXXZ 10013ff0 f    CIL library: CIL module
 0001:00013000       ??__F?s_id@?$TObjectUniqueID@UILibrary@libmedia@UModSys@@@tl@UModSys@@2USUniquePointer@core@3@A@@YAXXZ 10014000 f    CIL library: CIL module
 0001:00013010       ??__F?s_id@?$TObjectUniqueID@UIBinObjFilter@libmedia@UModSys@@@tl@UModSys@@2USUniquePointer@core@3@A@@YAXXZ 10014010 f    CIL library: CIL module
 0001:00013020       ??__F?s_id@?$TObjectUniqueID@UIBinArchive@libmedia@UModSys@@@tl@UModSys@@2USUniquePointer@core@3@A@@YAXXZ 10014020 f    CIL library: CIL module
 0001:00013030       ??__F?s_id@?$TObjectUniqueID@UIStreamWriter@libmedia@UModSys@@@tl@UModSys@@2USUniquePointer@core@3@A@@YAXXZ 10014030 f    CIL library: CIL module
 0001:00013040       ??__F?s_id@?$TObjectUniqueID@UIStreamReader@libmedia@UModSys@@@tl@UModSys@@2USUniquePointer@core@3@A@@YAXXZ 10014040 f    CIL library: CIL module
 0001:00013050       ??__F?s_id@?$TObjectUniqueID@UISystem@base@UModSys@@@tl@UModSys@@2USUniquePointer@core@3@A@@YAXXZ 10014050 f    CIL library: CIL module
 0001:00013060       ??__F?s_id@?$TObjectUniqueID@UIConsole@base@UModSys@@@tl@UModSys@@2USUniquePointer@core@3@A@@YAXXZ 10014060 f    CIL library: CIL module
 0001:00013070       ??__F?s_id@?$TObjectUniqueID@UIShell@base@UModSys@@@tl@UModSys@@2USUniquePointer@core@3@A@@YAXXZ 10014070 f    CIL library: CIL module
 0001:00013080       ??__F?s_id@?$TObjectUniqueID@UIGenerator@base@UModSys@@@tl@UModSys@@2USUniquePointer@core@3@A@@YAXXZ 10014080 f    CIL library: CIL module
 0001:00013090       ??__F?s_id@?$TObjectUniqueID@UIModObject@base@UModSys@@@tl@UModSys@@2USUniquePointer@core@3@A@@YAXXZ 10014090 f    CIL library: CIL module
 0001:000130a0       ??__F?s_id@?$TObjectUniqueID@UIModuleLibrary@base@UModSys@@@tl@UModSys@@2USUniquePointer@core@3@A@@YAXXZ 100140a0 f    CIL library: CIL module
 0001:000130b0       ??__F?s_id@?$TObjectUniqueID@UIModule@base@UModSys@@@tl@UModSys@@2USUniquePointer@core@3@A@@YAXXZ 100140b0 f    CIL library: CIL module
 0001:000130c0       ??__F?s_id@?$TObjectUniqueID@UIParameters@core@UModSys@@@tl@UModSys@@2USUniquePointer@core@3@A@@YAXXZ 100140c0 f    CIL library: CIL module
 0001:000130d0       ??__F?s_id@?$TObjectUniqueID@UIRefObject@core@UModSys@@@tl@UModSys@@2USUniquePointer@core@3@A@@YAXXZ 100140d0 f    CIL library: CIL module
 0001:000130e0       ??__F?s_id@?$TObjectUniqueID@UIRoot@core@UModSys@@@tl@UModSys@@2USUniquePointer@core@3@A@@YAXXZ 100140e0 f    CIL library: CIL module
 0001:000130f0       ??__F?s_modreg@RModuleReg@stdlib@lib2d@modules@UModSys@@2U12345@A@@YAXXZ 100140f0 f    CIL library: CIL module
 0001:00013110       ??__F?s_modreg_chain@RModuleReg@stdlib@lib2d@modules@UModSys@@2USModuleRegChain@base@5@A@@YAXXZ 10014110 f    CIL library: CIL module
 0001:00013120       ??__F?s_uid@RGenerator@stdlib@lib2d@modules@UModSys@@2USUniquePointer@core@5@A@@YAXXZ 10014120 f    CIL library: CIL module
 0001:00013130       ??__Fh@?1??s_holder@RGenerator@stdlib@lib2d@modules@UModSys@@SAAAU?$TTypeStaticHolder@URGenerator@stdlib@lib2d@modules@UModSys@@@tl@5@XZ@YAXXZ 10014130 f    CIL library: CIL module
 0001:00013150       ??__F?s_id@?$TObjectUniqueID@URGenerator@stdlib@lib2d@modules@UModSys@@@tl@UModSys@@2USUniquePointer@core@3@A@@YAXXZ 10014150 f    CIL library: CIL module
 0001:00013160       ??__F?s_id@?$TObjectUniqueID@URImage_Memory@stdlib@lib2d@modules@UModSys@@@tl@UModSys@@2USUniquePointer@core@3@A@@YAXXZ 10014160 f    CIL library: CIL module
 0001:00013170       ??__F?s_modreg@RModuleReg@SDL_core@ui@modules@UModSys@@2U12345@A@@YAXXZ 10014170 f    CIL library: CIL module
 0001:00013190       ??__F?s_modreg_chain@RModuleReg@SDL_core@ui@modules@UModSys@@2USModuleRegChain@base@5@A@@YAXXZ 10014190 f    CIL library: CIL module
 0001:000131a0       ??__F?s_uid@RGenerator@SDL_core@ui@modules@UModSys@@2USUniquePointer@core@5@A@@YAXXZ 100141a0 f    CIL library: CIL module
 0001:000131b0       ??__Fh@?1??s_holder@RGenerator@SDL_core@ui@modules@UModSys@@SAAAU?$TTypeStaticHolder@URGenerator@SDL_core@ui@modules@UModSys@@@tl@5@XZ@YAXXZ 100141b0 f    CIL library: CIL module
 0001:000131d0       ??__F?s_id@?$TObjectUniqueID@URGenerator@SDL_core@ui@modules@UModSys@@@tl@UModSys@@2USUniquePointer@core@3@A@@YAXXZ 100141d0 f    CIL library: CIL module
 0001:000131e0       ??__F?s_id@?$TObjectUniqueID@URTerminal@SDL_core@ui@modules@UModSys@@@tl@UModSys@@2USUniquePointer@core@3@A@@YAXXZ 100141e0 f    CIL library: CIL module
 0001:000131f0       ??__F?s_id@?$TObjectUniqueID@URKeyboardController@SDL_core@ui@modules@UModSys@@@tl@UModSys@@2USUniquePointer@core@3@A@@YAXXZ 100141f0 f    CIL library: CIL module
 0001:00013200       ??__F?s_id@?$TObjectUniqueID@URMouseController@SDL_core@ui@modules@UModSys@@@tl@UModSys@@2USUniquePointer@core@3@A@@YAXXZ 10014200 f    CIL library: CIL module
 0001:00013210       ??__F?s_id@?$TObjectUniqueID@URRenderDriver2D@SDL_core@ui@modules@UModSys@@@tl@UModSys@@2USUniquePointer@core@3@A@@YAXXZ 10014210 f    CIL library: CIL module
 0001:00013220       ??__F?s_id@?$TObjectUniqueID@URMultiImage2D_SDL_ttf@SDL_core@ui@modules@UModSys@@@tl@UModSys@@2USUniquePointer@core@3@A@@YAXXZ 10014220 f    CIL library: CIL module
 0001:00013230       ??__F?s_modreg@RModuleReg@frames@ui@modules@UModSys@@2U12345@A@@YAXXZ 10014230 f    CIL library: CIL module
 0001:00013250       ??__F?s_modreg_chain@RModuleReg@frames@ui@modules@UModSys@@2USModuleRegChain@base@5@A@@YAXXZ 10014250 f    CIL library: CIL module
 0001:00013260       ??__F?s_uid@RGenerator@frames@ui@modules@UModSys@@2USUniquePointer@core@5@A@@YAXXZ 10014260 f    CIL library: CIL module
 0001:00013270       ??__Fh@?1??s_holder@RGenerator@frames@ui@modules@UModSys@@SAAAU?$TTypeStaticHolder@URGenerator@frames@ui@modules@UModSys@@@tl@5@XZ@YAXXZ 10014270 f    CIL library: CIL module
 0001:00013290       ??__F?s_id@?$TObjectUniqueID@URGenerator@frames@ui@modules@UModSys@@@tl@UModSys@@2USUniquePointer@core@3@A@@YAXXZ 10014290 f    CIL library: CIL module
 0001:000132a0       ??__F?s_id@?$TObjectUniqueID@URCollector@frames@ui@modules@UModSys@@@tl@UModSys@@2USUniquePointer@core@3@A@@YAXXZ 100142a0 f    CIL library: CIL module
 0001:000132b0       ??__F?s_id@?$TObjectUniqueID@URFrame_List@frames@ui@modules@UModSys@@@tl@UModSys@@2USUniquePointer@core@3@A@@YAXXZ 100142b0 f    CIL library: CIL module
 0001:000132c0       ??__F?s_id@?$TObjectUniqueID@URFrame_Edit@frames@ui@modules@UModSys@@@tl@UModSys@@2USUniquePointer@core@3@A@@YAXXZ 100142c0 f    CIL library: CIL module
 0001:000132d0       ??__F?s_id@?$TObjectUniqueID@URFrame_Button@frames@ui@modules@UModSys@@@tl@UModSys@@2USUniquePointer@core@3@A@@YAXXZ 100142d0 f    CIL library: CIL module
 0001:000132e0       ??__F?s_id@?$TObjectUniqueID@URFrame_Text@frames@ui@modules@UModSys@@@tl@UModSys@@2USUniquePointer@core@3@A@@YAXXZ 100142e0 f    CIL library: CIL module
 0001:000132f0       ??__F?s_id@?$TObjectUniqueID@URFrame_Image@frames@ui@modules@UModSys@@@tl@UModSys@@2USUniquePointer@core@3@A@@YAXXZ 100142f0 f    CIL library: CIL module
 0001:00013300       ??__F?s_id@?$TObjectUniqueID@URFrame_Frame@frames@ui@modules@UModSys@@@tl@UModSys@@2USUniquePointer@core@3@A@@YAXXZ 10014300 f    CIL library: CIL module
 0001:00013310       ??__F?s_id@?$TObjectUniqueID@URDialog@frames@ui@modules@UModSys@@@tl@UModSys@@2USUniquePointer@core@3@A@@YAXXZ 10014310 f    CIL library: CIL module
 0001:00013320       ??__F?s_id@?$TObjectUniqueID@URFrame_Common@frames@ui@modules@UModSys@@@tl@UModSys@@2USUniquePointer@core@3@A@@YAXXZ 10014320 f    CIL library: CIL module
 0001:00013330       ??__F?s_modreg@RModuleReg@images_std@media@modules@UModSys@@2U12345@A@@YAXXZ 10014330 f    CIL library: CIL module
 0001:00013350       ??__F?s_modreg_chain@RModuleReg@images_std@media@modules@UModSys@@2USModuleRegChain@base@5@A@@YAXXZ 10014350 f    CIL library: CIL module
 0001:00013360       ??__F?s_uid@RGenerator@images_std@media@modules@UModSys@@2USUniquePointer@core@5@A@@YAXXZ 10014360 f    CIL library: CIL module
 0001:00013370       ??__Fh@?1??s_holder@RGenerator@images_std@media@modules@UModSys@@SAAAU?$TTypeStaticHolder@URGenerator@images_std@media@modules@UModSys@@@tl@5@XZ@YAXXZ 10014370 f    CIL library: CIL module
 0001:00013390       ??__F?s_id@?$TObjectUniqueID@URGenerator@images_std@media@modules@UModSys@@@tl@UModSys@@2USUniquePointer@core@3@A@@YAXXZ 10014390 f    CIL library: CIL module
 0001:000133a0       ??__F?s_id@?$TObjectUniqueID@URMediaFilter@images_std@media@modules@UModSys@@@tl@UModSys@@2USUniquePointer@core@3@A@@YAXXZ 100143a0 f    CIL library: CIL module
 0001:000133b0       ??__FM@UModSys@@YAXXZ      100143b0 f    CIL library: CIL module
 0001:000133c0       ??__F?root@SModuleRegChain@base@UModSys@@2U123@A@@YAXXZ 100143c0 f    CIL library: CIL module
 0001:000133d0       ??__F?s_library@RModuleLibraryReg_Chain@base@UModSys@@2U123@A@@YAXXZ 100143d0 f    CIL library: CIL module
 0001:000133e0       ??__F?root@SUniquePointer@core@UModSys@@2U123@A@@YAXXZ 100143e0 f    CIL library: CIL module

 Exports

  ordinal    name

        1    _UModSys_Plugin_Entry2@0
