 plugin_test1

 Timestamp is 527a092d (Wed Nov 06 12:17:33 2013)

 Preferred load address is 10000000

 Start         Length     Name                   Class
 0001:00000000 00004908H .text                   CODE
 0001:00004910 00000198H .text$x                 CODE
 0001:00004ab0 00000a71H .text$yc                CODE
 0001:00005530 0000041aH .text$yd                CODE
 0002:00000000 00000158H .idata$5                DATA
 0002:00000158 00000004H .CRT$XCA                DATA
 0002:0000015c 00000348H .CRT$XCU                DATA
 0002:000004a4 00000004H .CRT$XCZ                DATA
 0002:000004a8 00000004H .CRT$XIA                DATA
 0002:000004ac 00000004H .CRT$XIAA               DATA
 0002:000004b0 00000004H .CRT$XIZ                DATA
 0002:000004b8 00000f50H .rdata                  DATA
 0002:00001408 0000079cH .rdata$r                DATA
 0002:00001bb0 00000038H .rdata$sxdata           DATA
 0002:00001be8 00000004H .rtc$IAA                DATA
 0002:00001bec 00000004H .rtc$IZZ                DATA
 0002:00001bf0 00000004H .rtc$TAA                DATA
 0002:00001bf4 00000004H .rtc$TZZ                DATA
 0002:00001bf8 00000318H .xdata$x                DATA
 0002:00001f10 00000064H .idata$2                DATA
 0002:00001f74 00000014H .idata$3                DATA
 0002:00001f88 00000158H .idata$4                DATA
 0002:000020e0 0000066cH .idata$6                DATA
 0002:00002750 0000005cH .edata                  DATA
 0003:00000000 00000550H .data                   DATA
 0003:00000550 000008f4H .bss                    DATA

  Address         Publics by Value              Rva+Base       Lib:Object

 0000:00000000       __except_list              00000000     <absolute>
 0000:0000000e       ___safe_se_handler_count   0000000e     <absolute>
 0000:00009876       __ldused                   00009876     <absolute>
 0000:00009876       __fltused                  00009876     <absolute>
 0000:00000000       ___ImageBase               10000000     <linker-defined>
 0001:00000000       ?suicide@RGenerator@images_std@media@modules@UModSys@@UAEXXZ 10001000 f i umodsys_lib_libmedia:umodsys.mod.media.images_std.obj
 0001:00000000       ?suicide@RGenerator@SDL_core@ui@modules@UModSys@@UAEXXZ 10001000 f i umodsys_lib_libui:umodsys.mod.ui.SDL_core.obj
 0001:00000000       ??3@YAXPAX0@Z              10001000 f i plugin_test1.obj
 0001:00000000       ?suicide@RGenerator@test1@test@modules@UModSys@@UAEXXZ 10001000 f i plugin_test1.obj
 0001:00000010       ??1SMemShared@core@UModSys@@QAE@XZ 10001010 f i plugin_test1.obj
 0001:00000020       ??3IRoot@core@UModSys@@SAXPAXABUSIMemAlloc@12@@Z 10001020 f i plugin_test1.obj
 0001:00000030       ??_GIRoot@core@UModSys@@UAEPAXI@Z 10001030 f i plugin_test1.obj
 0001:00000030       ??_EIRoot@core@UModSys@@UAEPAXI@Z 10001030 f i  CIL library: CIL module
 0001:00000050       ??1IRenderDriver@lib2d@UModSys@@UAE@XZ 10001050 f i umodsys_lib_libui:umodsys.mod.ui.SDL_core.obj
 0001:00000050       ??1ITerminal@libui@UModSys@@UAE@XZ 10001050 f i umodsys_lib_libui:umodsys.mod.ui.SDL_core.obj
 0001:00000050       ??1IShell@base@UModSys@@UAE@XZ 10001050 f i plugin_test1.obj
 0001:00000050       ??1IBinObjFilter@libmedia@UModSys@@UAE@XZ 10001050 f i plugin_test1.obj
 0001:00000060       ?root_get_interface_info@RTest1_Shell@test1@test@modules@UModSys@@UBEABUSUniquePointerInfo@core@5@XZ 10001060 f i plugin_test1.obj
 0001:00000070       ?root_get_interface_type@RTest1_Shell@test1@test@modules@UModSys@@UBEPBUSUniquePointerInfo@core@5@XZ 10001070 f i plugin_test1.obj
 0001:00000080       ?root_get_interface_types@RTest1_Shell@test1@test@modules@UModSys@@UBEIAAUSUniquePtrList@core@5@@Z 10001080 f i plugin_test1.obj
 0001:00000080       ?root_get_interface_types@RGenerator@test1@test@modules@UModSys@@UBEIAAUSUniquePtrList@core@5@@Z 10001080 f i plugin_test1.obj
 0001:00000080       ?root_get_interface_types@RTerminal_SDL_core@SDL_core@ui@modules@UModSys@@UBEIAAUSUniquePtrList@core@5@@Z 10001080 f i umodsys_lib_libui:umodsys.mod.ui.SDL_core.obj
 0001:00000080       ?root_get_interface_types@RRenderDriver2D_SDL_core@SDL_core@ui@modules@UModSys@@UBEIAAUSUniquePtrList@core@5@@Z 10001080 f i umodsys_lib_libui:umodsys.mod.ui.SDL_core.obj
 0001:00000080       ?root_get_interface_types@RGenerator@images_std@media@modules@UModSys@@UBEIAAUSUniquePtrList@core@5@@Z 10001080 f i umodsys_lib_libmedia:umodsys.mod.media.images_std.obj
 0001:00000080       ?root_get_interface_types@RMediaFilter@images_std@media@modules@UModSys@@UBEIAAUSUniquePtrList@core@5@@Z 10001080 f i umodsys_lib_libmedia:umodsys.mod.media.images_std.obj
 0001:00000080       ?root_get_interface_types@RGenerator@SDL_core@ui@modules@UModSys@@UBEIAAUSUniquePtrList@core@5@@Z 10001080 f i umodsys_lib_libui:umodsys.mod.ui.SDL_core.obj
 0001:00000090       ?root_get_other_interface@RTest1_Shell@test1@test@modules@UModSys@@UAEPAUIRoot@core@5@PBUSUniquePointerInfo@75@@Z 10001090 f i plugin_test1.obj
 0001:00000090       ?root_get_other_interface@RTest1_Shell@test1@test@modules@UModSys@@UBEPBUIRoot@core@5@PBUSUniquePointerInfo@75@@Z 10001090 f i plugin_test1.obj
 0001:000000c0       ?root_is_interface_supported@RTest1_Shell@test1@test@modules@UModSys@@UBE_NPBUSUniquePointerInfo@core@5@@Z 100010c0 f i plugin_test1.obj
 0001:00000100       ?ref_remove@RGenerator@test1@test@modules@UModSys@@UBEXXZ 10001100 f i plugin_test1.obj
 0001:00000100       ?ref_remove@RRenderDriver2D_SDL_core@SDL_core@ui@modules@UModSys@@UBEXXZ 10001100 f i umodsys_lib_libui:umodsys.mod.ui.SDL_core.obj
 0001:00000100       ?ref_remove@RTerminal_SDL_core@SDL_core@ui@modules@UModSys@@UBEXXZ 10001100 f i umodsys_lib_libui:umodsys.mod.ui.SDL_core.obj
 0001:00000100       ?ref_remove@RGenerator@SDL_core@ui@modules@UModSys@@UBEXXZ 10001100 f i umodsys_lib_libui:umodsys.mod.ui.SDL_core.obj
 0001:00000100       ?ref_remove@RTest1_Shell@test1@test@modules@UModSys@@UBEXXZ 10001100 f i plugin_test1.obj
 0001:00000100       ?ref_remove@RGenerator@images_std@media@modules@UModSys@@UBEXXZ 10001100 f i umodsys_lib_libmedia:umodsys.mod.media.images_std.obj
 0001:00000110       ?suicide@RTest1_Shell@test1@test@modules@UModSys@@UAEXXZ 10001110 f i plugin_test1.obj
 0001:00000110       ?suicide@RTerminal_SDL_core@SDL_core@ui@modules@UModSys@@UAEXXZ 10001110 f i umodsys_lib_libui:umodsys.mod.ui.SDL_core.obj
 0001:00000120       ??0RTest1_Shell@test1@test@modules@UModSys@@QAE@PAUIModObject@base@4@@Z 10001120 f i plugin_test1.obj
 0001:00000220       ??1RTest1_Shell@test1@test@modules@UModSys@@UAE@XZ 10001220 f i plugin_test1.obj
 0001:000002b0       ?connect@RTest1_Shell@test1@test@modules@UModSys@@UAE_NXZ 100012b0 f i plugin_test1.obj
 0001:000002d0       ?disconnect@RTest1_Shell@test1@test@modules@UModSys@@UAE_NXZ 100012d0 f i plugin_test1.obj
 0001:000002f0       ?process_tick@RTest1_Shell@test1@test@modules@UModSys@@UAE_NABUSTimeMsec@core@5@@Z 100012f0 f i plugin_test1.obj
 0001:00000320       ?process_command@RTest1_Shell@test1@test@modules@UModSys@@UAE_NHQBU?$TString@U?$TSCoreConst@D@su@tl@UModSys@@U?$TComparerBinaryHash@D@234@@tl@5@@Z 10001320 f i plugin_test1.obj
 0001:00000350       ??_GRTest1_Shell@test1@test@modules@UModSys@@UAEPAXI@Z 10001350 f i plugin_test1.obj
 0001:00000350       ??_ERTest1_Shell@test1@test@modules@UModSys@@UAEPAXI@Z 10001350 f i  CIL library: CIL module
 0001:00000370       ??1?$TParametersA@$0EAA@@core@UModSys@@QAE@XZ 10001370 f i plugin_test1.obj
 0001:00000370       ??1SParameters@core@UModSys@@QAE@XZ 10001370 f i plugin_test1.obj
 0001:00000380       ?get_generated_names@RGenerator@test1@test@modules@UModSys@@UBEHAAUSUniquePtrList@core@5@@Z 10001380 f i plugin_test1.obj
 0001:000003a0       ?get_generated_types@RGenerator@test1@test@modules@UModSys@@UBEHAAUSUniquePtrList@core@5@PBUSUniquePointerInfo@75@@Z 100013a0 f i plugin_test1.obj
 0001:000003f0       ?generate@RGenerator@test1@test@modules@UModSys@@UAE_NAAU?$TRefObject@UIRefObject@core@UModSys@@U?$TRefObjectFunc@UIRefObject@core@UModSys@@@tl@3@@tl@5@PBUSUniquePointerInfo@core@5@ABUSParameters@95@@Z 100013f0 f i plugin_test1.obj
 0001:000004b0       ?root_get_interface_info@RGenerator@test1@test@modules@UModSys@@UBEABUSUniquePointerInfo@core@5@XZ 100014b0 f i plugin_test1.obj
 0001:000004c0       ?root_get_interface_type@RGenerator@test1@test@modules@UModSys@@UBEPBUSUniquePointerInfo@core@5@XZ 100014c0 f i plugin_test1.obj
 0001:000004d0       ?root_get_other_interface@RGenerator@test1@test@modules@UModSys@@UAEPAUIRoot@core@5@PBUSUniquePointerInfo@75@@Z 100014d0 f i plugin_test1.obj
 0001:000004d0       ?root_get_other_interface@RGenerator@test1@test@modules@UModSys@@UBEPBUIRoot@core@5@PBUSUniquePointerInfo@75@@Z 100014d0 f i plugin_test1.obj
 0001:00000510       ?root_is_interface_supported@RGenerator@test1@test@modules@UModSys@@UBE_NPBUSUniquePointerInfo@core@5@@Z 10001510 f i plugin_test1.obj
 0001:00000550       ?get_uid@RGenerator@test1@test@modules@UModSys@@UBEPBUSUniquePointerInfo@core@5@XZ 10001550 f i plugin_test1.obj
 0001:00000560       ?do_open@RModuleReg@test1@test@modules@UModSys@@UAE_NXZ 10001560 f i plugin_test1.obj
 0001:00000590       ?do_close@RModuleReg@test1@test@modules@UModSys@@UAE_NXZ 10001590 f i plugin_test1.obj
 0001:000005c0       ??_ERModuleReg@test1@test@modules@UModSys@@UAEPAXI@Z 100015c0 f i  CIL library: CIL module
 0001:000005c0       ??_GRModuleReg@test1@test@modules@UModSys@@UAEPAXI@Z 100015c0 f i plugin_test1.obj
 0001:000005f0       ??0?$TString@U?$TSCoreConst@D@su@tl@UModSys@@U?$TComparerBinaryHash@D@234@@tl@UModSys@@QAE@PBD@Z 100015f0 f i plugin_test1.obj
 0001:00000640       ??1?$TRefObject@URTerminal_SDL_core@SDL_core@ui@modules@UModSys@@U?$TRefObjectFunc@URTerminal_SDL_core@SDL_core@ui@modules@UModSys@@@tl@5@@tl@UModSys@@QAE@XZ 10001640 f i umodsys_lib_libui:umodsys.mod.ui.SDL_core.obj
 0001:00000640       ??1?$TRefObject@URRenderDriver2D_SDL_core@SDL_core@ui@modules@UModSys@@U?$TRefObjectFunc@URRenderDriver2D_SDL_core@SDL_core@ui@modules@UModSys@@@tl@5@@tl@UModSys@@QAE@XZ 10001640 f i umodsys_lib_libui:umodsys.mod.ui.SDL_core.obj
 0001:00000640       ??1?$TRefObject@UITerminal@libui@UModSys@@U?$TRefObjectFunc@UITerminal@libui@UModSys@@@tl@3@@tl@UModSys@@QAE@XZ 10001640 f i plugin_test1.obj
 0001:00000640       ??1?$TRefObject@UIRefObject@core@UModSys@@U?$TRefObjectFunc@UIRefObject@core@UModSys@@@tl@3@@tl@UModSys@@QAE@XZ 10001640 f i plugin_test1.obj
 0001:00000640       ??1?$TRefObject@UIRenderDriver@lib2d@UModSys@@U?$TRefObjectFunc@UIRenderDriver@lib2d@UModSys@@@tl@3@@tl@UModSys@@QAE@XZ 10001640 f i plugin_test1.obj
 0001:00000640       ??1?$TRefObject@URMediaFilter@images_std@media@modules@UModSys@@U?$TRefObjectFunc@URMediaFilter@images_std@media@modules@UModSys@@@tl@5@@tl@UModSys@@QAE@XZ 10001640 f i umodsys_lib_libmedia:umodsys.mod.media.images_std.obj
 0001:00000660       ?obj_delete@?$TRefObjectLinksModObject@URTerminal_SDL_core@SDL_core@ui@modules@UModSys@@UIModObject@base@5@@tl@UModSys@@QBEXPAURTerminal_SDL_core@SDL_core@ui@modules@3@@Z 10001660 f i umodsys_lib_libui:umodsys.mod.ui.SDL_core.obj
 0001:00000660       ?obj_delete@?$TRefObjectLinksModObject@URTest1_Shell@test1@test@modules@UModSys@@UIModObject@base@5@@tl@UModSys@@QBEXPAURTest1_Shell@test1@test@modules@3@@Z 10001660 f i plugin_test1.obj
 0001:00000660       ?obj_delete@?$TRefObjectLinksModObject@URMediaFilter@images_std@media@modules@UModSys@@UIModObject@base@5@@tl@UModSys@@QBEXPAURMediaFilter@images_std@media@modules@3@@Z 10001660 f i umodsys_lib_libmedia:umodsys.mod.media.images_std.obj
 0001:000006d0       ??$t_generate@UITerminal@libui@UModSys@@@SModuleContext@base@UModSys@@QAE_NAAU?$TRefObject@UITerminal@libui@UModSys@@U?$TRefObjectFunc@UITerminal@libui@UModSys@@@tl@3@@tl@2@PBUSUniquePointerInfo@core@2@ABUSParameters@62@@Z 100016d0 f i plugin_test1.obj
 0001:00000780       ??$t_create_handler@UIRenderDriver@lib2d@UModSys@@@ITerminal@libui@UModSys@@QAE_NAAU?$TRefObject@UIRenderDriver@lib2d@UModSys@@U?$TRefObjectFunc@UIRenderDriver@lib2d@UModSys@@@tl@3@@tl@2@PBDPBUSParameters@core@2@@Z 10001780 f i plugin_test1.obj
 0001:00000830       ??$shash@D@su@tl@UModSys@@YAHPBDI@Z 10001830 f i plugin_test1.obj
 0001:00000860       ??1?$TRefObject@UIModObject@base@UModSys@@U?$TModObjectFunc@UIModObject@base@UModSys@@@tl@3@@tl@UModSys@@QAE@XZ 10001860 f i plugin_test1.obj
 0001:00000880       ??$t_ref_get_other_interface@UITerminal@libui@UModSys@@U?$TRefObjectFunc@UITerminal@libui@UModSys@@@tl@3@@IRefObject@core@UModSys@@QAE_NAAU?$TRefObject@UITerminal@libui@UModSys@@U?$TRefObjectFunc@UITerminal@libui@UModSys@@@tl@3@@tl@2@@Z 10001880 f i plugin_test1.obj
 0001:000008c0       ?root_get_interface_info@RRenderDriver2D_SDL_core@SDL_core@ui@modules@UModSys@@UBEABUSUniquePointerInfo@core@5@XZ 100018c0 f i umodsys_lib_libui:umodsys.mod.ui.SDL_core.obj
 0001:000008d0       ?root_get_interface_type@RRenderDriver2D_SDL_core@SDL_core@ui@modules@UModSys@@UBEPBUSUniquePointerInfo@core@5@XZ 100018d0 f i umodsys_lib_libui:umodsys.mod.ui.SDL_core.obj
 0001:000008e0       ?root_get_other_interface@RRenderDriver2D_SDL_core@SDL_core@ui@modules@UModSys@@UBEPBUIRoot@core@5@PBUSUniquePointerInfo@75@@Z 100018e0 f i umodsys_lib_libui:umodsys.mod.ui.SDL_core.obj
 0001:000008e0       ?root_get_other_interface@RRenderDriver2D_SDL_core@SDL_core@ui@modules@UModSys@@UAEPAUIRoot@core@5@PBUSUniquePointerInfo@75@@Z 100018e0 f i umodsys_lib_libui:umodsys.mod.ui.SDL_core.obj
 0001:00000910       ?root_is_interface_supported@RRenderDriver2D_SDL_core@SDL_core@ui@modules@UModSys@@UBE_NPBUSUniquePointerInfo@core@5@@Z 10001910 f i umodsys_lib_libui:umodsys.mod.ui.SDL_core.obj
 0001:00000950       ?ref_links@RGenerator@SDL_core@ui@modules@UModSys@@UBEHXZ 10001950 f i umodsys_lib_libui:umodsys.mod.ui.SDL_core.obj
 0001:00000950       ?ref_links@RRenderDriver2D_SDL_core@SDL_core@ui@modules@UModSys@@UBEHXZ 10001950 f i umodsys_lib_libui:umodsys.mod.ui.SDL_core.obj
 0001:00000950       ?ref_links@RTerminal_SDL_core@SDL_core@ui@modules@UModSys@@UBEHXZ 10001950 f i umodsys_lib_libui:umodsys.mod.ui.SDL_core.obj
 0001:00000950       ?ref_links@RGenerator@images_std@media@modules@UModSys@@UBEHXZ 10001950 f i umodsys_lib_libmedia:umodsys.mod.media.images_std.obj
 0001:00000950       ?ref_links@RGenerator@test1@test@modules@UModSys@@UBEHXZ 10001950 f i plugin_test1.obj
 0001:00000950       ?ref_links@RTest1_Shell@test1@test@modules@UModSys@@UBEHXZ 10001950 f i plugin_test1.obj
 0001:00000960       ?suicide@RRenderDriver2D_SDL_core@SDL_core@ui@modules@UModSys@@UAEXXZ 10001960 f i umodsys_lib_libui:umodsys.mod.ui.SDL_core.obj
 0001:00000970       ??0RRenderDriver2D_SDL_core@SDL_core@ui@modules@UModSys@@QAE@PAURTerminal_SDL_core@1234@ABUSParameters@core@4@@Z 10001970 f i umodsys_lib_libui:umodsys.mod.ui.SDL_core.obj
 0001:00000a00       ?open@RRenderDriver2D_SDL_core@SDL_core@ui@modules@UModSys@@QAE_NABUSParameters@core@5@@Z 10001a00 f i umodsys_lib_libui:umodsys.mod.ui.SDL_core.obj
 0001:00000b50       ?set_color@RRenderDriver2D_SDL_core@SDL_core@ui@modules@UModSys@@QAEXXZ 10001b50 f i umodsys_lib_libui:umodsys.mod.ui.SDL_core.obj
 0001:00000c40       ?get_controller@RRenderDriver2D_SDL_core@SDL_core@ui@modules@UModSys@@UBEPAUIRefObject@core@5@PBUSUniquePointerInfo@75@@Z 10001c40 f i umodsys_lib_libui:umodsys.mod.ui.SDL_core.obj
 0001:00000c50       ?begin@RRenderDriver2D_SDL_core@SDL_core@ui@modules@UModSys@@UAEXXZ 10001c50 f i umodsys_lib_libui:umodsys.mod.ui.SDL_core.obj
 0001:00000d30       ?end@RRenderDriver2D_SDL_core@SDL_core@ui@modules@UModSys@@UAEXXZ 10001d30 f i umodsys_lib_libui:umodsys.mod.ui.SDL_core.obj
 0001:00000d40       ?get_max_values@RRenderDriver2D_SDL_core@SDL_core@ui@modules@UModSys@@UBEPBUSParameters@core@5@XZ 10001d40 f i umodsys_lib_libui:umodsys.mod.ui.SDL_core.obj
 0001:00000d40       ?get_frame_values@RRenderDriver2D_SDL_core@SDL_core@ui@modules@UModSys@@UBEPBUSParameters@core@5@XZ 10001d40 f i umodsys_lib_libui:umodsys.mod.ui.SDL_core.obj
 0001:00000d50       ?setup_font@RRenderDriver2D_SDL_core@SDL_core@ui@modules@UModSys@@UAE_NPAUIMultiImage@lib2d@5@PBU?$TVector2@M@math3d@5@@Z 10001d50 f i umodsys_lib_libui:umodsys.mod.ui.SDL_core.obj
 0001:00000d50       ?set_parameters@RRenderDriver2D_SDL_core@SDL_core@ui@modules@UModSys@@UAE_NPBDABUSParameters@core@5@@Z 10001d50 f i umodsys_lib_libui:umodsys.mod.ui.SDL_core.obj
 0001:00000d60       ?setup_color@RRenderDriver2D_SDL_core@SDL_core@ui@modules@UModSys@@UAEXABU?$TVector3@M@math3d@5@@Z 10001d60 f i umodsys_lib_libui:umodsys.mod.ui.SDL_core.obj
 0001:00000d90       ?setup_color@RRenderDriver2D_SDL_core@SDL_core@ui@modules@UModSys@@UAEXABU?$TVector3@H@math3d@5@@Z 10001d90 f i umodsys_lib_libui:umodsys.mod.ui.SDL_core.obj
 0001:00000de0       ?setup_coloralpha@RRenderDriver2D_SDL_core@SDL_core@ui@modules@UModSys@@UAEXABU?$TVector4@M@math3d@5@H@Z 10001de0 f i umodsys_lib_libui:umodsys.mod.ui.SDL_core.obj
 0001:00000e20       ?setup_coloralpha@RRenderDriver2D_SDL_core@SDL_core@ui@modules@UModSys@@UAEXABU?$TVector4@H@math3d@5@H@Z 10001e20 f i umodsys_lib_libui:umodsys.mod.ui.SDL_core.obj
 0001:00000e80       ?setup_blendcolor@RRenderDriver2D_SDL_core@SDL_core@ui@modules@UModSys@@UAEXABUSBlendColor@lib2d@5@@Z 10001e80 f i umodsys_lib_libui:umodsys.mod.ui.SDL_core.obj
 0001:00000ee0       ?setup_blendcolor@RRenderDriver2D_SDL_core@SDL_core@ui@modules@UModSys@@UAEXABUSBlendColorf@lib2d@5@@Z 10001ee0 f i umodsys_lib_libui:umodsys.mod.ui.SDL_core.obj
 0001:00000f40       ?setup_alpha@RRenderDriver2D_SDL_core@SDL_core@ui@modules@UModSys@@UAEXHH@Z 10001f40 f i umodsys_lib_libui:umodsys.mod.ui.SDL_core.obj
 0001:00000f70       ?setup_alpha@RRenderDriver2D_SDL_core@SDL_core@ui@modules@UModSys@@UAEXMH@Z 10001f70 f i umodsys_lib_libui:umodsys.mod.ui.SDL_core.obj
 0001:00000f90       ?render_text_advanced@RRenderDriver2D_SDL_core@SDL_core@ui@modules@UModSys@@UAE_NAAUTextInfo@IRenderDriver@lib2d@5@PBHH@Z 10001f90 f i umodsys_lib_libui:umodsys.mod.ui.SDL_core.obj
 0001:00000fa0       ?render_box@RRenderDriver2D_SDL_core@SDL_core@ui@modules@UModSys@@UAEXABU?$TVector2@H@math3d@5@0@Z 10001fa0 f i umodsys_lib_libui:umodsys.mod.ui.SDL_core.obj
 0001:00000ff0       ?render_tri@RRenderDriver2D_SDL_core@SDL_core@ui@modules@UModSys@@UAEXABU?$TVector2@H@math3d@5@00@Z 10001ff0 f i umodsys_lib_libui:umodsys.mod.ui.SDL_core.obj
 0001:00001000       ?render_quad@RRenderDriver2D_SDL_core@SDL_core@ui@modules@UModSys@@UAEXABU?$TVector2@H@math3d@5@000@Z 10002000 f i umodsys_lib_libui:umodsys.mod.ui.SDL_core.obj
 0001:00001010       ?render_box@RRenderDriver2D_SDL_core@SDL_core@ui@modules@UModSys@@UAEXPAUIImage@lib2d@5@ABU?$TVector2@H@math3d@5@1ABU?$TVector2@M@95@2@Z 10002010 f i umodsys_lib_libui:umodsys.mod.ui.SDL_core.obj
 0001:00001020       ?render_line@RRenderDriver2D_SDL_core@SDL_core@ui@modules@UModSys@@UAEXABU?$TVector2@H@math3d@5@0@Z 10002020 f i umodsys_lib_libui:umodsys.mod.ui.SDL_core.obj
 0001:00001050       ?render_rect@RRenderDriver2D_SDL_core@SDL_core@ui@modules@UModSys@@UAEXABU?$TVector2@H@math3d@5@0@Z 10002050 f i umodsys_lib_libui:umodsys.mod.ui.SDL_core.obj
 0001:000010a0       ??_GRRenderDriver2D_SDL_core@SDL_core@ui@modules@UModSys@@UAEPAXI@Z 100020a0 f i umodsys_lib_libui:umodsys.mod.ui.SDL_core.obj
 0001:000010a0       ??_ERRenderDriver2D_SDL_core@SDL_core@ui@modules@UModSys@@UAEPAXI@Z 100020a0 f i  CIL library: CIL module
 0001:00001100       ?root_get_interface_info@RTerminal_SDL_core@SDL_core@ui@modules@UModSys@@UBEABUSUniquePointerInfo@core@5@XZ 10002100 f i umodsys_lib_libui:umodsys.mod.ui.SDL_core.obj
 0001:00001110       ?root_get_interface_type@RTerminal_SDL_core@SDL_core@ui@modules@UModSys@@UBEPBUSUniquePointerInfo@core@5@XZ 10002110 f i umodsys_lib_libui:umodsys.mod.ui.SDL_core.obj
 0001:00001120       ?root_get_other_interface@RTerminal_SDL_core@SDL_core@ui@modules@UModSys@@UBEPBUIRoot@core@5@PBUSUniquePointerInfo@75@@Z 10002120 f i umodsys_lib_libui:umodsys.mod.ui.SDL_core.obj
 0001:00001120       ?root_get_other_interface@RTerminal_SDL_core@SDL_core@ui@modules@UModSys@@UAEPAUIRoot@core@5@PBUSUniquePointerInfo@75@@Z 10002120 f i umodsys_lib_libui:umodsys.mod.ui.SDL_core.obj
 0001:00001150       ?root_is_interface_supported@RTerminal_SDL_core@SDL_core@ui@modules@UModSys@@UBE_NPBUSUniquePointerInfo@core@5@@Z 10002150 f i umodsys_lib_libui:umodsys.mod.ui.SDL_core.obj
 0001:00001190       ??0RTerminal_SDL_core@SDL_core@ui@modules@UModSys@@QAE@PAUIModObject@base@4@ABUSParameters@core@4@@Z 10002190 f i umodsys_lib_libui:umodsys.mod.ui.SDL_core.obj
 0001:00001210       ??1RTerminal_SDL_core@SDL_core@ui@modules@UModSys@@UAE@XZ 10002210 f i umodsys_lib_libui:umodsys.mod.ui.SDL_core.obj
 0001:00001280       ?poll_events@RTerminal_SDL_core@SDL_core@ui@modules@UModSys@@UAE_NH@Z 10002280 f i umodsys_lib_libui:umodsys.mod.ui.SDL_core.obj
 0001:00001310       ?get_terminal_state@RTerminal_SDL_core@SDL_core@ui@modules@UModSys@@UAE_NW4eTerminalState@libui@5@@Z 10002310 f i umodsys_lib_libui:umodsys.mod.ui.SDL_core.obj
 0001:00001330       ?set_terminal_state@RTerminal_SDL_core@SDL_core@ui@modules@UModSys@@UAE_NW4eTerminalState@libui@5@_N@Z 10002330 f i umodsys_lib_libui:umodsys.mod.ui.SDL_core.obj
 0001:00001380       ?get_clock@RTerminal_SDL_core@SDL_core@ui@modules@UModSys@@UAENXZ 10002380 f i umodsys_lib_libui:umodsys.mod.ui.SDL_core.obj
 0001:000013a0       ?wait@RTerminal_SDL_core@SDL_core@ui@modules@UModSys@@UAE_NM@Z 100023a0 f i umodsys_lib_libui:umodsys.mod.ui.SDL_core.obj
 0001:000013e0       ?get_count@RTerminal_SDL_core@SDL_core@ui@modules@UModSys@@UBEIPBUSUniquePointerInfo@core@5@@Z 100023e0 f i umodsys_lib_libui:umodsys.mod.ui.SDL_core.obj
 0001:00001400       ?get_handler@RTerminal_SDL_core@SDL_core@ui@modules@UModSys@@UBEPAUIRefObject@core@5@PBUSUniquePointerInfo@75@I@Z 10002400 f i umodsys_lib_libui:umodsys.mod.ui.SDL_core.obj
 0001:00001420       ?get_handler@RTerminal_SDL_core@SDL_core@ui@modules@UModSys@@UBEPAUIRefObject@core@5@PBUSUniquePointerInfo@75@PBD@Z 10002420 f i umodsys_lib_libui:umodsys.mod.ui.SDL_core.obj
 0001:00001420       ?get_friend_handler@RTerminal_SDL_core@SDL_core@ui@modules@UModSys@@UBEPAUIRefObject@core@5@PBUSUniquePointerInfo@75@PAU675@@Z 10002420 f i umodsys_lib_libui:umodsys.mod.ui.SDL_core.obj
 0001:00001430       ?create_handler@RTerminal_SDL_core@SDL_core@ui@modules@UModSys@@UAE_NPBUSUniquePointerInfo@core@5@AAU?$TRefObject@UIRefObject@core@UModSys@@U?$TRefObjectFunc@UIRefObject@core@UModSys@@@tl@3@@tl@5@PBDPBUSParameters@75@@Z 10002430 f i umodsys_lib_libui:umodsys.mod.ui.SDL_core.obj
 0001:00001540       ??_GRTerminal_SDL_core@SDL_core@ui@modules@UModSys@@UAEPAXI@Z 10002540 f i umodsys_lib_libui:umodsys.mod.ui.SDL_core.obj
 0001:00001540       ??_ERTerminal_SDL_core@SDL_core@ui@modules@UModSys@@UAEPAXI@Z 10002540 f i  CIL library: CIL module
 0001:00001560       ?get_generated_names@RGenerator@SDL_core@ui@modules@UModSys@@UBEHAAUSUniquePtrList@core@5@@Z 10002560 f i umodsys_lib_libui:umodsys.mod.ui.SDL_core.obj
 0001:00001580       ?get_generated_types@RGenerator@SDL_core@ui@modules@UModSys@@UBEHAAUSUniquePtrList@core@5@PBUSUniquePointerInfo@75@@Z 10002580 f i umodsys_lib_libui:umodsys.mod.ui.SDL_core.obj
 0001:000015d0       ?generate@RGenerator@SDL_core@ui@modules@UModSys@@UAE_NAAU?$TRefObject@UIRefObject@core@UModSys@@U?$TRefObjectFunc@UIRefObject@core@UModSys@@@tl@3@@tl@5@PBUSUniquePointerInfo@core@5@ABUSParameters@95@@Z 100025d0 f i umodsys_lib_libui:umodsys.mod.ui.SDL_core.obj
 0001:00001600       ?root_get_interface_info@RGenerator@SDL_core@ui@modules@UModSys@@UBEABUSUniquePointerInfo@core@5@XZ 10002600 f i umodsys_lib_libui:umodsys.mod.ui.SDL_core.obj
 0001:00001610       ?root_get_interface_type@RGenerator@SDL_core@ui@modules@UModSys@@UBEPBUSUniquePointerInfo@core@5@XZ 10002610 f i umodsys_lib_libui:umodsys.mod.ui.SDL_core.obj
 0001:00001620       ?root_get_other_interface@RGenerator@SDL_core@ui@modules@UModSys@@UAEPAUIRoot@core@5@PBUSUniquePointerInfo@75@@Z 10002620 f i umodsys_lib_libui:umodsys.mod.ui.SDL_core.obj
 0001:00001620       ?root_get_other_interface@RGenerator@SDL_core@ui@modules@UModSys@@UBEPBUIRoot@core@5@PBUSUniquePointerInfo@75@@Z 10002620 f i umodsys_lib_libui:umodsys.mod.ui.SDL_core.obj
 0001:00001660       ?root_is_interface_supported@RGenerator@SDL_core@ui@modules@UModSys@@UBE_NPBUSUniquePointerInfo@core@5@@Z 10002660 f i umodsys_lib_libui:umodsys.mod.ui.SDL_core.obj
 0001:000016a0       ?ref_add@RRenderDriver2D_SDL_core@SDL_core@ui@modules@UModSys@@UBEXXZ 100026a0 f i umodsys_lib_libui:umodsys.mod.ui.SDL_core.obj
 0001:000016a0       ?ref_add@RTerminal_SDL_core@SDL_core@ui@modules@UModSys@@UBEXXZ 100026a0 f i umodsys_lib_libui:umodsys.mod.ui.SDL_core.obj
 0001:000016a0       ?ref_add@RTest1_Shell@test1@test@modules@UModSys@@UBEXXZ 100026a0 f i plugin_test1.obj
 0001:000016a0       ?ref_add@RGenerator@SDL_core@ui@modules@UModSys@@UBEXXZ 100026a0 f i umodsys_lib_libui:umodsys.mod.ui.SDL_core.obj
 0001:000016a0       ?ref_add@RGenerator@test1@test@modules@UModSys@@UBEXXZ 100026a0 f i plugin_test1.obj
 0001:000016a0       ?ref_add@RGenerator@images_std@media@modules@UModSys@@UBEXXZ 100026a0 f i umodsys_lib_libmedia:umodsys.mod.media.images_std.obj
 0001:000016b0       ?ref_weak@RTest1_Shell@test1@test@modules@UModSys@@UBE_NAAUWeakPointer@IRefObject@core@5@@Z 100026b0 f i plugin_test1.obj
 0001:000016b0       ?ref_weak@RRenderDriver2D_SDL_core@SDL_core@ui@modules@UModSys@@UBE_NAAUWeakPointer@IRefObject@core@5@@Z 100026b0 f i umodsys_lib_libui:umodsys.mod.ui.SDL_core.obj
 0001:000016b0       ?ref_weak@RGenerator@test1@test@modules@UModSys@@UBE_NAAUWeakPointer@IRefObject@core@5@@Z 100026b0 f i plugin_test1.obj
 0001:000016b0       ?ref_weak@RTerminal_SDL_core@SDL_core@ui@modules@UModSys@@UBE_NAAUWeakPointer@IRefObject@core@5@@Z 100026b0 f i umodsys_lib_libui:umodsys.mod.ui.SDL_core.obj
 0001:000016b0       ?ref_weak@RGenerator@images_std@media@modules@UModSys@@UBE_NAAUWeakPointer@IRefObject@core@5@@Z 100026b0 f i umodsys_lib_libmedia:umodsys.mod.media.images_std.obj
 0001:000016b0       ?ref_weak@RGenerator@SDL_core@ui@modules@UModSys@@UBE_NAAUWeakPointer@IRefObject@core@5@@Z 100026b0 f i umodsys_lib_libui:umodsys.mod.ui.SDL_core.obj
 0001:000016d0       ?get_uid@RGenerator@SDL_core@ui@modules@UModSys@@UBEPBUSUniquePointerInfo@core@5@XZ 100026d0 f i umodsys_lib_libui:umodsys.mod.ui.SDL_core.obj
 0001:000016e0       ?do_open@RModuleReg@SDL_core@ui@modules@UModSys@@UAE_NXZ 100026e0 f i umodsys_lib_libui:umodsys.mod.ui.SDL_core.obj
 0001:000016f0       ?do_close@RModuleReg@SDL_core@ui@modules@UModSys@@UAE_NXZ 100026f0 f i umodsys_lib_libui:umodsys.mod.ui.SDL_core.obj
 0001:00001700       ??_ERModuleReg@SDL_core@ui@modules@UModSys@@UAEPAXI@Z 10002700 f i  CIL library: CIL module
 0001:00001700       ??_GRModuleReg@SDL_core@ui@modules@UModSys@@UAEPAXI@Z 10002700 f i umodsys_lib_libui:umodsys.mod.ui.SDL_core.obj
 0001:00001730       ??_GRGenerator@test1@test@modules@UModSys@@UAEPAXI@Z 10002730 f i plugin_test1.obj
 0001:00001730       ??_ERGenerator@test1@test@modules@UModSys@@UAEPAXI@Z 10002730 f i  CIL library: CIL module
 0001:00001730       ??_GRGenerator@SDL_core@ui@modules@UModSys@@UAEPAXI@Z 10002730 f i umodsys_lib_libui:umodsys.mod.ui.SDL_core.obj
 0001:00001730       ??_ERGenerator@SDL_core@ui@modules@UModSys@@UAEPAXI@Z 10002730 f i  CIL library: CIL module
 0001:00001730       ??_ERGenerator@images_std@media@modules@UModSys@@UAEPAXI@Z 10002730 f i  CIL library: CIL module
 0001:00001730       ??_EIRefObject@core@UModSys@@UAEPAXI@Z 10002730 f i  CIL library: CIL module
 0001:00001730       ??_GRGenerator@images_std@media@modules@UModSys@@UAEPAXI@Z 10002730 f i umodsys_lib_libmedia:umodsys.mod.media.images_std.obj
 0001:00001730       ??_GIRefObject@core@UModSys@@UAEPAXI@Z 10002730 f i plugin_test1.obj
 0001:00001750       ?obj_delete@?$TRefObjectLinksParent@URRenderDriver2D_SDL_core@SDL_core@ui@modules@UModSys@@URTerminal_SDL_core@2345@@tl@UModSys@@QBEXPAURRenderDriver2D_SDL_core@SDL_core@ui@modules@3@@Z 10002750 f i umodsys_lib_libui:umodsys.mod.ui.SDL_core.obj
 0001:000017c0       ??$t_close@U?$TRefObject@URRenderDriver2D_SDL_core@SDL_core@ui@modules@UModSys@@U?$TRefObjectWeakFunc@URRenderDriver2D_SDL_core@SDL_core@ui@modules@UModSys@@@tl@5@@tl@UModSys@@@SDL_core@ui@modules@UModSys@@YA_NAAU?$TScatterArray@U?$TRefObject@URRenderDriver2D_SDL_core@SDL_core@ui@modules@UModSys@@U?$TRefObjectWeakFunc@URRenderDriver2D_SDL_core@SDL_core@ui@modules@UModSys@@@tl@5@@tl@UModSys@@HU?$TScalarCompare@H@core@3@U?$TNodeDeleter0@U?$TScatterArrayNode@U?$TRefObject@URRenderDriver2D_SDL_core@SDL_core@ui@modules@UModSys@@U?$TRefObjectWeakFunc@URRenderDriver2D_SDL_core@SDL_core@ui@modules@UModSys@@@tl@5@@tl@UModSys@@H@tl@UModSys@@@23@@tl@3@@Z 100027c0 f i umodsys_lib_libui:umodsys.mod.ui.SDL_core.obj
 0001:00001870       ??$t_count@U?$TRefObject@URRenderDriver2D_SDL_core@SDL_core@ui@modules@UModSys@@U?$TRefObjectWeakFunc@URRenderDriver2D_SDL_core@SDL_core@ui@modules@UModSys@@@tl@5@@tl@UModSys@@@SDL_core@ui@modules@UModSys@@YAIABU?$TScatterArray@U?$TRefObject@URRenderDriver2D_SDL_core@SDL_core@ui@modules@UModSys@@U?$TRefObjectWeakFunc@URRenderDriver2D_SDL_core@SDL_core@ui@modules@UModSys@@@tl@5@@tl@UModSys@@HU?$TScalarCompare@H@core@3@U?$TNodeDeleter0@U?$TScatterArrayNode@U?$TRefObject@URRenderDriver2D_SDL_core@SDL_core@ui@modules@UModSys@@U?$TRefObjectWeakFunc@URRenderDriver2D_SDL_core@SDL_core@ui@modules@UModSys@@@tl@5@@tl@UModSys@@H@tl@UModSys@@@23@@tl@3@@Z 10002870 f i umodsys_lib_libui:umodsys.mod.ui.SDL_core.obj
 0001:000018e0       ??$t_get@U?$TRefObject@URRenderDriver2D_SDL_core@SDL_core@ui@modules@UModSys@@U?$TRefObjectWeakFunc@URRenderDriver2D_SDL_core@SDL_core@ui@modules@UModSys@@@tl@5@@tl@UModSys@@@SDL_core@ui@modules@UModSys@@YAPAUIRefObject@core@3@ABU?$TScatterArray@U?$TRefObject@URRenderDriver2D_SDL_core@SDL_core@ui@modules@UModSys@@U?$TRefObjectWeakFunc@URRenderDriver2D_SDL_core@SDL_core@ui@modules@UModSys@@@tl@5@@tl@UModSys@@HU?$TScalarCompare@H@core@3@U?$TNodeDeleter0@U?$TScatterArrayNode@U?$TRefObject@URRenderDriver2D_SDL_core@SDL_core@ui@modules@UModSys@@U?$TRefObjectWeakFunc@URRenderDriver2D_SDL_core@SDL_core@ui@modules@UModSys@@@tl@5@@tl@UModSys@@H@tl@UModSys@@@23@@tl@3@I@Z 100028e0 f i umodsys_lib_libui:umodsys.mod.ui.SDL_core.obj
 0001:00001970       ??$ValidateConstruction@UIRefObject@core@UModSys@@URRenderDriver2D_SDL_core@SDL_core@ui@modules@3@@core@UModSys@@YA_NAAU?$TRefObject@UIRefObject@core@UModSys@@U?$TRefObjectFunc@UIRefObject@core@UModSys@@@tl@3@@tl@1@U?$TRefObject@URRenderDriver2D_SDL_core@SDL_core@ui@modules@UModSys@@U?$TRefObjectFunc@URRenderDriver2D_SDL_core@SDL_core@ui@modules@UModSys@@@tl@5@@31@@Z 10002970 f i umodsys_lib_libui:umodsys.mod.ui.SDL_core.obj
 0001:00001a10       ??$t_add@U?$TRefObject@URRenderDriver2D_SDL_core@SDL_core@ui@modules@UModSys@@U?$TRefObjectWeakFunc@URRenderDriver2D_SDL_core@SDL_core@ui@modules@UModSys@@@tl@5@@tl@UModSys@@URRenderDriver2D_SDL_core@SDL_core@ui@modules@3@@SDL_core@ui@modules@UModSys@@YA_NAAU?$TScatterArray@U?$TRefObject@URRenderDriver2D_SDL_core@SDL_core@ui@modules@UModSys@@U?$TRefObjectWeakFunc@URRenderDriver2D_SDL_core@SDL_core@ui@modules@UModSys@@@tl@5@@tl@UModSys@@HU?$TScalarCompare@H@core@3@U?$TNodeDeleter0@U?$TScatterArrayNode@U?$TRefObject@URRenderDriver2D_SDL_core@SDL_core@ui@modules@UModSys@@U?$TRefObjectWeakFunc@URRenderDriver2D_SDL_core@SDL_core@ui@modules@UModSys@@@tl@5@@tl@UModSys@@H@tl@UModSys@@@23@@tl@3@PAURRenderDriver2D_SDL_core@0123@@Z 10002a10 f i umodsys_lib_libui:umodsys.mod.ui.SDL_core.obj
 0001:00001a60       ??$t_gen_param@URTerminal_SDL_core@SDL_core@ui@modules@UModSys@@URGenerator@2345@@IGenerator@base@UModSys@@IAE_NPAURGenerator@SDL_core@ui@modules@2@AAU?$TRefObject@UIRefObject@core@UModSys@@U?$TRefObjectFunc@UIRefObject@core@UModSys@@@tl@3@@tl@2@PBUSUniquePointerInfo@core@2@ABUSParameters@core@2@@Z 10002a60 f i umodsys_lib_libui:umodsys.mod.ui.SDL_core.obj
 0001:00001ae0       ??_3?$TRefObject@URRenderDriver2D_SDL_core@SDL_core@ui@modules@UModSys@@U?$TRefObjectWeakFunc@URRenderDriver2D_SDL_core@SDL_core@ui@modules@UModSys@@@tl@5@@tl@UModSys@@QAEABU012@PAURRenderDriver2D_SDL_core@SDL_core@ui@modules@2@@Z 10002ae0 f i umodsys_lib_libui:umodsys.mod.ui.SDL_core.obj
 0001:00001b40       ??$ValidateConstruction@UIRefObject@core@UModSys@@URMediaFilter@images_std@media@modules@3@@core@UModSys@@YA_NAAU?$TRefObject@UIRefObject@core@UModSys@@U?$TRefObjectFunc@UIRefObject@core@UModSys@@@tl@3@@tl@1@PAURMediaFilter@images_std@media@modules@1@@Z 10002b40 f i umodsys_lib_libmedia:umodsys.mod.media.images_std.obj
 0001:00001b40       ??$ValidateConstruction@UIRefObject@core@UModSys@@URTerminal_SDL_core@SDL_core@ui@modules@3@@core@UModSys@@YA_NAAU?$TRefObject@UIRefObject@core@UModSys@@U?$TRefObjectFunc@UIRefObject@core@UModSys@@@tl@3@@tl@1@PAURTerminal_SDL_core@SDL_core@ui@modules@1@@Z 10002b40 f i umodsys_lib_libui:umodsys.mod.ui.SDL_core.obj
 0001:00001bc0       ??$process_nodes_r@U?$TNodeDeleter0@U?$TScatterArrayNode@U?$TRefObject@URRenderDriver2D_SDL_core@SDL_core@ui@modules@UModSys@@U?$TRefObjectWeakFunc@URRenderDriver2D_SDL_core@SDL_core@ui@modules@UModSys@@@tl@5@@tl@UModSys@@H@tl@UModSys@@@tl@UModSys@@@?$TTreeHoldRB@U?$TScatterArrayNode@U?$TRefObject@URRenderDriver2D_SDL_core@SDL_core@ui@modules@UModSys@@U?$TRefObjectWeakFunc@URRenderDriver2D_SDL_core@SDL_core@ui@modules@UModSys@@@tl@5@@tl@UModSys@@H@tl@UModSys@@@tl@UModSys@@KAHPAU?$TScatterArrayNode@U?$TRefObject@URRenderDriver2D_SDL_core@SDL_core@ui@modules@UModSys@@U?$TRefObjectWeakFunc@URRenderDriver2D_SDL_core@SDL_core@ui@modules@UModSys@@@tl@5@@tl@UModSys@@H@12@ABU?$TNodeDeleter0@U?$TScatterArrayNode@U?$TRefObject@URRenderDriver2D_SDL_core@SDL_core@ui@modules@UModSys@@U?$TRefObjectWeakFunc@URRenderDriver2D_SDL_core@SDL_core@ui@modules@UModSys@@@tl@5@@tl@UModSys@@H@tl@UModSys@@@12@@Z 10002bc0 f i umodsys_lib_libui:umodsys.mod.ui.SDL_core.obj
 0001:00001c40       ??$genx_node@UCmp@?$TScatterArray@U?$TRefObject@URRenderDriver2D_SDL_core@SDL_core@ui@modules@UModSys@@U?$TRefObjectWeakFunc@URRenderDriver2D_SDL_core@SDL_core@ui@modules@UModSys@@@tl@5@@tl@UModSys@@HU?$TScalarCompare@H@core@3@U?$TNodeDeleter0@U?$TScatterArrayNode@U?$TRefObject@URRenderDriver2D_SDL_core@SDL_core@ui@modules@UModSys@@U?$TRefObjectWeakFunc@URRenderDriver2D_SDL_core@SDL_core@ui@modules@UModSys@@@tl@5@@tl@UModSys@@H@tl@UModSys@@@23@@tl@UModSys@@UGen0@234@@?$TTreeHoldRBD@U?$TScatterArrayNode@U?$TRefObject@URRenderDriver2D_SDL_core@SDL_core@ui@modules@UModSys@@U?$TRefObjectWeakFunc@URRenderDriver2D_SDL_core@SDL_core@ui@modules@UModSys@@@tl@5@@tl@UModSys@@H@tl@UModSys@@U?$TNodeDeleter0@U?$TScatterArrayNode@U?$TRefObject@URRenderDriver2D_SDL_core@SDL_core@ui@modules@UModSys@@U?$TRefObjectWeakFunc@URRenderDriver2D_SDL_core@SDL_core@ui@modules@UModSys@@@tl@5@@tl@UModSys@@H@tl@UModSys@@@23@@tl@UModSys@@QAEPAU?$TScatterArrayNode@U?$TRefObject@URRenderDriver2D_SDL_core@SDL_core@ui@modules@UModSys@@U?$TRefObjectWeakFunc@URRenderDriver2D_SDL_core@SDL_core@ui@modules@UModSys@@@tl@5@@tl@UModSys@@H@12@UCmp@?$TScatterArray@U?$TRefObject@URRenderDriver2D_SDL_core@SDL_core@ui@modules@UModSys@@U?$TRefObjectWeakFunc@URRenderDriver2D_SDL_core@SDL_core@ui@modules@UModSys@@@tl@5@@tl@UModSys@@HU?$TScalarCompare@H@core@3@U?$TNodeDeleter0@U?$TScatterArrayNode@U?$TRefObject@URRenderDriver2D_SDL_core@SDL_core@ui@modules@UModSys@@U?$TRefObjectWeakFunc@URRenderDriver2D_SDL_core@SDL_core@ui@modules@UModSys@@@tl@5@@tl@UModSys@@H@tl@UModSys@@@23@@12@ABUGen0@512@PAPAU312@2_N@Z 10002c40 f i umodsys_lib_libui:umodsys.mod.ui.SDL_core.obj
 0001:00001cb0       ?sub_insert_node@?$TTreeHoldRB@U?$TScatterArrayNode@U?$TRefObject@URRenderDriver2D_SDL_core@SDL_core@ui@modules@UModSys@@U?$TRefObjectWeakFunc@URRenderDriver2D_SDL_core@SDL_core@ui@modules@UModSys@@@tl@5@@tl@UModSys@@H@tl@UModSys@@@tl@UModSys@@QAEXPAU?$TScatterArrayNode@U?$TRefObject@URRenderDriver2D_SDL_core@SDL_core@ui@modules@UModSys@@U?$TRefObjectWeakFunc@URRenderDriver2D_SDL_core@SDL_core@ui@modules@UModSys@@@tl@5@@tl@UModSys@@H@23@0H@Z 10002cb0 f i umodsys_lib_libui:umodsys.mod.ui.SDL_core.obj
 0001:00001d20       ??RGen0@?$TScatterArray@U?$TRefObject@URRenderDriver2D_SDL_core@SDL_core@ui@modules@UModSys@@U?$TRefObjectWeakFunc@URRenderDriver2D_SDL_core@SDL_core@ui@modules@UModSys@@@tl@5@@tl@UModSys@@HU?$TScalarCompare@H@core@3@U?$TNodeDeleter0@U?$TScatterArrayNode@U?$TRefObject@URRenderDriver2D_SDL_core@SDL_core@ui@modules@UModSys@@U?$TRefObjectWeakFunc@URRenderDriver2D_SDL_core@SDL_core@ui@modules@UModSys@@@tl@5@@tl@UModSys@@H@tl@UModSys@@@23@@tl@UModSys@@QBEPAU?$TScatterArrayNode@U?$TRefObject@URRenderDriver2D_SDL_core@SDL_core@ui@modules@UModSys@@U?$TRefObjectWeakFunc@URRenderDriver2D_SDL_core@SDL_core@ui@modules@UModSys@@@tl@5@@tl@UModSys@@H@23@ABUCmp@123@ABU?$TTreeHoldRBD@U?$TScatterArrayNode@U?$TRefObject@URRenderDriver2D_SDL_core@SDL_core@ui@modules@UModSys@@U?$TRefObjectWeakFunc@URRenderDriver2D_SDL_core@SDL_core@ui@modules@UModSys@@@tl@5@@tl@UModSys@@H@tl@UModSys@@U?$TNodeDeleter0@U?$TScatterArrayNode@U?$TRefObject@URRenderDriver2D_SDL_core@SDL_core@ui@modules@UModSys@@U?$TRefObjectWeakFunc@URRenderDriver2D_SDL_core@SDL_core@ui@modules@UModSys@@@tl@5@@tl@UModSys@@H@tl@UModSys@@@23@@23@@Z 10002d20 f i umodsys_lib_libui:umodsys.mod.ui.SDL_core.obj
 0001:00001d90       ??1?$TRefObject@URRenderDriver2D_SDL_core@SDL_core@ui@modules@UModSys@@U?$TRefObjectWeakFunc@URRenderDriver2D_SDL_core@SDL_core@ui@modules@UModSys@@@tl@5@@tl@UModSys@@QAE@XZ 10002d90 f i umodsys_lib_libui:umodsys.mod.ui.SDL_core.obj
 0001:00001dc0       ?insert_color@?$TTreeHoldRB@U?$TScatterArrayNode@U?$TRefObject@URRenderDriver2D_SDL_core@SDL_core@ui@modules@UModSys@@U?$TRefObjectWeakFunc@URRenderDriver2D_SDL_core@SDL_core@ui@modules@UModSys@@@tl@5@@tl@UModSys@@H@tl@UModSys@@@tl@UModSys@@IAEXPAU?$TScatterArrayNode@U?$TRefObject@URRenderDriver2D_SDL_core@SDL_core@ui@modules@UModSys@@U?$TRefObjectWeakFunc@URRenderDriver2D_SDL_core@SDL_core@ui@modules@UModSys@@@tl@5@@tl@UModSys@@H@23@@Z 10002dc0 f i umodsys_lib_libui:umodsys.mod.ui.SDL_core.obj
 0001:00001f60       ?alloc@SMemShared@core@UModSys@@QAE_NIPAUSSourceContext@23@@Z 10002f60 f i umodsys_lib_libmedia:umodsys.mod.media.images_std.obj
 0001:00001fa0       ?get@SMemShared@core@UModSys@@QBE?AUSMem@23@XZ 10002fa0 f i umodsys_lib_libmedia:umodsys.mod.media.images_std.obj
 0001:00001ff0       ?get@SParameters@core@UModSys@@QBE_NPBDAA_N@Z 10002ff0 f i umodsys_lib_libmedia:umodsys.mod.media.images_std.obj
 0001:00002030       ?is_extension_nocase@libmedia@UModSys@@YA_NABU?$TString@U?$TSCoreConst@D@su@tl@UModSys@@U?$TComparerBinaryHash@D@234@@tl@2@0@Z 10003030 f i umodsys_lib_libmedia:umodsys.mod.media.images_std.obj
 0001:00002060       ?root_get_interface_info@RMediaFilter@images_std@media@modules@UModSys@@UBEABUSUniquePointerInfo@core@5@XZ 10003060 f i umodsys_lib_libmedia:umodsys.mod.media.images_std.obj
 0001:00002070       ?root_get_interface_type@RMediaFilter@images_std@media@modules@UModSys@@UBEPBUSUniquePointerInfo@core@5@XZ 10003070 f i umodsys_lib_libmedia:umodsys.mod.media.images_std.obj
 0001:00002080       ?root_get_other_interface@RMediaFilter@images_std@media@modules@UModSys@@UBEPBUIRoot@core@5@PBUSUniquePointerInfo@75@@Z 10003080 f i umodsys_lib_libmedia:umodsys.mod.media.images_std.obj
 0001:00002080       ?root_get_other_interface@RMediaFilter@images_std@media@modules@UModSys@@UAEPAUIRoot@core@5@PBUSUniquePointerInfo@75@@Z 10003080 f i umodsys_lib_libmedia:umodsys.mod.media.images_std.obj
 0001:000020b0       ?root_is_interface_supported@RMediaFilter@images_std@media@modules@UModSys@@UBE_NPBUSUniquePointerInfo@core@5@@Z 100030b0 f i umodsys_lib_libmedia:umodsys.mod.media.images_std.obj
 0001:000020f0       ?ref_add@RMediaFilter@images_std@media@modules@UModSys@@UBEXXZ 100030f0 f i umodsys_lib_libmedia:umodsys.mod.media.images_std.obj
 0001:00002100       ?ref_remove@RMediaFilter@images_std@media@modules@UModSys@@UBEXXZ 10003100 f i umodsys_lib_libmedia:umodsys.mod.media.images_std.obj
 0001:00002110       ?ref_links@RMediaFilter@images_std@media@modules@UModSys@@UBEHXZ 10003110 f i umodsys_lib_libmedia:umodsys.mod.media.images_std.obj
 0001:00002120       ?ref_weak@RMediaFilter@images_std@media@modules@UModSys@@UBE_NAAUWeakPointer@IRefObject@core@5@@Z 10003120 f i umodsys_lib_libmedia:umodsys.mod.media.images_std.obj
 0001:00002140       ?suicide@RMediaFilter@images_std@media@modules@UModSys@@UAEXXZ 10003140 f i umodsys_lib_libmedia:umodsys.mod.media.images_std.obj
 0001:00002150       ?get_flag@RMediaFilter@images_std@media@modules@UModSys@@UBE?AW4eStates@?$TFlags4State@USMediaFlagUid@libmedia@UModSys@@I@tl@5@H@Z 10003150 f i umodsys_lib_libmedia:umodsys.mod.media.images_std.obj
 0001:00002170       ?get_flags_auto@RMediaFilter@images_std@media@modules@UModSys@@UBE?AU?$TFlags4State@USMediaFlagUid@libmedia@UModSys@@I@tl@5@XZ 10003170 f i umodsys_lib_libmedia:umodsys.mod.media.images_std.obj
 0001:00002180       ?set_flag@RMediaFilter@images_std@media@modules@UModSys@@UAE?AW4eStates@?$TFlags4State@USMediaFlagUid@libmedia@UModSys@@I@tl@5@HW46785@@Z 10003180 f i umodsys_lib_libmedia:umodsys.mod.media.images_std.obj
 0001:000021b0       ??0RMediaFilter@images_std@media@modules@UModSys@@QAE@PAUIModObject@base@4@ABUSParameters@core@4@@Z 100031b0 f i umodsys_lib_libmedia:umodsys.mod.media.images_std.obj
 0001:00002280       ??1RMediaFilter@images_std@media@modules@UModSys@@UAE@XZ 10003280 f i umodsys_lib_libmedia:umodsys.mod.media.images_std.obj
 0001:000022f0       ??_GRMediaFilter@images_std@media@modules@UModSys@@UAEPAXI@Z 100032f0 f i umodsys_lib_libmedia:umodsys.mod.media.images_std.obj
 0001:000022f0       ??_ERMediaFilter@images_std@media@modules@UModSys@@UAEPAXI@Z 100032f0 f i  CIL library: CIL module
 0001:00002310       ?get_generated_names@RGenerator@images_std@media@modules@UModSys@@UBEHAAUSUniquePtrList@core@5@@Z 10003310 f i umodsys_lib_libmedia:umodsys.mod.media.images_std.obj
 0001:00002330       ?get_generated_types@RGenerator@images_std@media@modules@UModSys@@UBEHAAUSUniquePtrList@core@5@PBUSUniquePointerInfo@75@@Z 10003330 f i umodsys_lib_libmedia:umodsys.mod.media.images_std.obj
 0001:00002380       ?generate@RGenerator@images_std@media@modules@UModSys@@UAE_NAAU?$TRefObject@UIRefObject@core@UModSys@@U?$TRefObjectFunc@UIRefObject@core@UModSys@@@tl@3@@tl@5@PBUSUniquePointerInfo@core@5@ABUSParameters@95@@Z 10003380 f i umodsys_lib_libmedia:umodsys.mod.media.images_std.obj
 0001:000023b0       ?root_get_interface_info@RGenerator@images_std@media@modules@UModSys@@UBEABUSUniquePointerInfo@core@5@XZ 100033b0 f i umodsys_lib_libmedia:umodsys.mod.media.images_std.obj
 0001:000023c0       ?root_get_interface_type@RGenerator@images_std@media@modules@UModSys@@UBEPBUSUniquePointerInfo@core@5@XZ 100033c0 f i umodsys_lib_libmedia:umodsys.mod.media.images_std.obj
 0001:000023d0       ?root_get_other_interface@RGenerator@images_std@media@modules@UModSys@@UAEPAUIRoot@core@5@PBUSUniquePointerInfo@75@@Z 100033d0 f i umodsys_lib_libmedia:umodsys.mod.media.images_std.obj
 0001:000023d0       ?root_get_other_interface@RGenerator@images_std@media@modules@UModSys@@UBEPBUIRoot@core@5@PBUSUniquePointerInfo@75@@Z 100033d0 f i umodsys_lib_libmedia:umodsys.mod.media.images_std.obj
 0001:00002410       ?root_is_interface_supported@RGenerator@images_std@media@modules@UModSys@@UBE_NPBUSUniquePointerInfo@core@5@@Z 10003410 f i umodsys_lib_libmedia:umodsys.mod.media.images_std.obj
 0001:00002450       ?get_uid@RGenerator@images_std@media@modules@UModSys@@UBEPBUSUniquePointerInfo@core@5@XZ 10003450 f i umodsys_lib_libmedia:umodsys.mod.media.images_std.obj
 0001:00002460       ?do_open@RModuleReg@images_std@media@modules@UModSys@@UAE_NXZ 10003460 f i umodsys_lib_libmedia:umodsys.mod.media.images_std.obj
 0001:00002470       ?do_close@RModuleReg@images_std@media@modules@UModSys@@UAE_NXZ 10003470 f i umodsys_lib_libmedia:umodsys.mod.media.images_std.obj
 0001:00002480       ??_GRModuleReg@images_std@media@modules@UModSys@@UAEPAXI@Z 10003480 f i umodsys_lib_libmedia:umodsys.mod.media.images_std.obj
 0001:00002480       ??_ERModuleReg@images_std@media@modules@UModSys@@UAEPAXI@Z 10003480 f i  CIL library: CIL module
 0001:000024b0       ??$t_gen_param@URMediaFilter@images_std@media@modules@UModSys@@URGenerator@2345@@IGenerator@base@UModSys@@IAE_NPAURGenerator@images_std@media@modules@2@AAU?$TRefObject@UIRefObject@core@UModSys@@U?$TRefObjectFunc@UIRefObject@core@UModSys@@@tl@3@@tl@2@PBUSUniquePointerInfo@core@2@ABUSParameters@core@2@@Z 100034b0 f i umodsys_lib_libmedia:umodsys.mod.media.images_std.obj
 0001:00002520       ??_GRModuleLibraryReg_Chain@base@UModSys@@UAEPAXI@Z 10003520 f i umodsys_lib_base:umodsys.base.moduleregchain.obj
 0001:00002520       ??_ERModuleLibraryReg_Chain@base@UModSys@@UAEPAXI@Z 10003520 f i  CIL library: CIL module
 0001:00002540       ??_EIModuleReg@base@UModSys@@UAEPAXI@Z 10003540 f i  CIL library: CIL module
 0001:00002540       ??_GIModuleReg@base@UModSys@@UAEPAXI@Z 10003540 f i umodsys_lib_base:umodsys.base.modulereg.obj
 0001:00002560       ??_GIModuleLibraryReg@base@UModSys@@UAEPAXI@Z 10003560 f i umodsys_lib_base:umodsys.base.modulereg.obj
 0001:00002560       ??_EIModuleLibraryReg@base@UModSys@@UAEPAXI@Z 10003560 f i  CIL library: CIL module
 0001:00002580       ?Find@?$TSet@U?$TArray@PBUSUniquePointerInfo@core@UModSys@@@tl@UModSys@@U?$TScalarCompare@PBUSUniquePointerInfo@core@UModSys@@@core@3@@tl@UModSys@@QBEPBQBUSUniquePointerInfo@core@3@ABQBU453@@Z 10003580 f i umodsys_lib_core:umodsys.core.uniqueptrlist.obj
 0001:0000260b       __onexit                   1000360b f   MSVCRT:atonexit.obj
 0001:000026b0       _atexit                    100036b0 f   MSVCRT:atonexit.obj
 0001:000026c8       __purecall                 100036c8 f   MSVCRT:MSVCR90.dll
 0001:000026ce       ??3@YAXPAX@Z               100036ce f   MSVCRT:MSVCR90.dll
 0001:000026d4       ??_Etype_info@@UAEPAXI@Z   100036d4 f i MSVCRT:ti_inst.obj
 0001:0000276f       __CRT_INIT@12              1000376f f   MSVCRT:crtdll.obj
 0001:00002aab       __DllMainCRTStartup@12     10003aab f   MSVCRT:crtdll.obj
 0001:00002ace       ??2@YAPAXI@Z               10003ace f   MSVCRT:MSVCR90.dll
 0001:00002ad4       __unlock                   10003ad4 f   MSVCRT:MSVCR90.dll
 0001:00002ada       ___dllonexit               10003ada f   MSVCRT:MSVCR90.dll
 0001:00002ae0       __lock                     10003ae0 f   MSVCRT:MSVCR90.dll
 0001:00002ae8       __SEH_prolog4              10003ae8 f   MSVCRT:sehprolg4.obj
 0001:00002b2d       __SEH_epilog4              10003b2d f   MSVCRT:sehprolg4.obj
 0001:00002b41       __except_handler4          10003b41 f   MSVCRT:chandler4gs.obj
 0001:00002b66       ?__ArrayUnwind@@YGXPAXIHP6EX0@Z@Z 10003b66 f   MSVCRT:ehvecdtr.obj
 0001:00002bc4       ??_M@YGXPAXIHP6EX0@Z@Z     10003bc4 f   MSVCRT:ehvecdtr.obj
 0001:00002c27       ___clean_type_info_names   10003c27 f   MSVCRT:tncleanup.obj
 0001:00002c33       __RTC_Initialize           10003c33 f   MSVCRT:_initsect_.obj
 0001:00002c59       __RTC_Terminate            10003c59 f   MSVCRT:_initsect_.obj
 0001:00002c80       __ValidateImageBase        10003c80 f   MSVCRT:pesect.obj
 0001:00002cc0       __FindPESection            10003cc0 f   MSVCRT:pesect.obj
 0001:00002d10       __IsNonwritableInCurrentImage 10003d10 f   MSVCRT:pesect.obj
 0001:00002dce       __initterm                 10003dce f   MSVCRT:MSVCR90.dll
 0001:00002dd4       __initterm_e               10003dd4 f   MSVCRT:MSVCR90.dll
 0001:00002dda       __amsg_exit                10003dda f   MSVCRT:MSVCR90.dll
 0001:00002de0       ___CppXcptFilter           10003de0 f   MSVCRT:MSVCR90.dll
 0001:00002de6       _DllMain@12                10003de6 f   MSVCRT:dllmain.obj
 0001:00002e0a       ___security_init_cookie    10003e0a f   MSVCRT:gs_support.obj
 0001:00002ea0       @__security_check_cookie@4 10003ea0 f   MSVCRT:secchk.obj
 0001:00002eb0       __except_handler4_common   10003eb0 f   MSVCRT:MSVCR90.dll
 0001:00002eb6       ?terminate@@YAXXZ          10003eb6 f   MSVCRT:MSVCR90.dll
 0001:00002ebc       ??1type_info@@UAE@XZ       10003ebc f   MSVCRT:MSVCR90.dll
 0001:00002ebc       ?_type_info_dtor_internal_method@type_info@@QAEXXZ 10003ebc f   MSVCRT:MSVCR90.dll
 0001:00002ec2       ___clean_type_info_names_internal 10003ec2 f   MSVCRT:MSVCR90.dll
 0001:00002ec8       ___report_gsfailure        10003ec8 f   MSVCRT:gs_report.obj
 0001:00002fce       __crt_debugger_hook        10003fce f   MSVCRT:MSVCR90.dll
 0001:00002fd4       _png_get_IHDR              10003fd4 f   lib_libpng:lib_libpng.dll
 0001:00002fda       _png_read_info             10003fda f   lib_libpng:lib_libpng.dll
 0001:00002fe0       _png_sig_cmp               10003fe0 f   lib_libpng:lib_libpng.dll
 0001:00002fe6       _png_create_read_struct    10003fe6 f   lib_libpng:lib_libpng.dll
 0001:00002fec       _png_get_io_ptr            10003fec f   lib_libpng:lib_libpng.dll
 0001:00002ff2       _png_create_info_struct    10003ff2 f   lib_libpng:lib_libpng.dll
 0001:00002ff8       _png_set_read_fn           10003ff8 f   lib_libpng:lib_libpng.dll
 0001:00002ffe       _png_read_update_info      10003ffe f   lib_libpng:lib_libpng.dll
 0001:00003004       _png_set_sig_bytes         10004004 f   lib_libpng:lib_libpng.dll
 0001:0000300a       _png_read_row              1000400a f   lib_libpng:lib_libpng.dll
 0001:00003010       _png_error                 10004010 f   lib_libpng:lib_libpng.dll
 0001:00003016       _png_destroy_read_struct   10004016 f   lib_libpng:lib_libpng.dll
 0001:0000301c       _SDL_RenderDrawLine        1000401c f   lib_SDL2:lib_SDL2.dll
 0001:00003022       _SDL_Init                  10004022 f   lib_SDL2:lib_SDL2.dll
 0001:00003028       _SDL_DestroyWindow         10004028 f   lib_SDL2:lib_SDL2.dll
 0001:0000302e       _SDL_CreateWindow          1000402e f   lib_SDL2:lib_SDL2.dll
 0001:00003034       _SDL_DestroyRenderer       10004034 f   lib_SDL2:lib_SDL2.dll
 0001:0000303a       _SDL_RenderPresent         1000403a f   lib_SDL2:lib_SDL2.dll
 0001:00003040       _SDL_SetRenderDrawBlendMode 10004040 f   lib_SDL2:lib_SDL2.dll
 0001:00003046       _SDL_SetRenderDrawColor    10004046 f   lib_SDL2:lib_SDL2.dll
 0001:0000304c       _SDL_PumpEvents            1000404c f   lib_SDL2:lib_SDL2.dll
 0001:00003052       _SDL_Delay                 10004052 f   lib_SDL2:lib_SDL2.dll
 0001:00003058       _SDL_RenderClear           10004058 f   lib_SDL2:lib_SDL2.dll
 0001:0000305e       _SDL_CreateRenderer        1000405e f   lib_SDL2:lib_SDL2.dll
 0001:00003064       _SDL_PeepEvents            10004064 f   lib_SDL2:lib_SDL2.dll
 0001:0000306a       _SDL_GetTicks              1000406a f   lib_SDL2:lib_SDL2.dll
 0001:00003070       _SDL_RenderFillRect        10004070 f   lib_SDL2:lib_SDL2.dll
 0001:00003076       _SDL_RenderDrawRect        10004076 f   lib_SDL2:lib_SDL2.dll
 0001:0000307c       _SDL_Quit                  1000407c f   lib_SDL2:lib_SDL2.dll
 0001:00003090       ?utf8_cmp_nocase@su@tl@UModSys@@YAHPBD0I@Z 10004090 f   umodsys_lib_core:umodsys.tl.utf.obj
 0001:000030a0       ??3IRoot@core@UModSys@@SAXPAX@Z 100040a0 f   umodsys_lib_core:umodsys.core.objects.obj
 0001:000030c0       ??3IRoot@core@UModSys@@SAXPAXPAUIMemAlloc@12@@Z 100040c0 f   umodsys_lib_core:umodsys.core.objects.obj
 0001:000030e0       ??2IRoot@core@UModSys@@SAPAXIPAUIMemAlloc@12@@Z 100040e0 f   umodsys_lib_core:umodsys.core.objects.obj
 0001:00003100       ?suicide@IRoot@core@UModSys@@UAEXXZ 10004100 f   umodsys_lib_core:umodsys.core.objects.obj
 0001:00003110       ??1IRoot@core@UModSys@@UAE@XZ 10004110 f   umodsys_lib_core:umodsys.core.objects.obj
 0001:00003120       ??1IRefObject@core@UModSys@@UAE@XZ 10004120 f   umodsys_lib_core:umodsys.core.objects.obj
 0001:00003130       ?lost@core@UModSys@@YAEPBX@Z 10004130 f   umodsys_lib_core:umodsys.core.stdtypedefs.obj
 0001:00003140       ?s_unresolve@SUniquePointer@core@UModSys@@SAXPAUIUniquePointerResolver@23@@Z 10004140 f   umodsys_lib_core:umodsys.core.uniqueptr.obj
 0001:00003180       ?s_resolve@SUniquePointer@core@UModSys@@SAXPAUIUniquePointerResolver@23@@Z 10004180 f   umodsys_lib_core:umodsys.core.uniqueptr.obj
 0001:000031d0       ??1SUniquePointer@core@UModSys@@QAE@XZ 100041d0 f   umodsys_lib_core:umodsys.core.uniqueptr.obj
 0001:00003200       ??0SUniquePointer@core@UModSys@@QAE@H@Z 10004200 f   umodsys_lib_core:umodsys.core.uniqueptr.obj
 0001:00003220       ??0SUniquePointer@core@UModSys@@QAE@PBD0H@Z 10004220 f   umodsys_lib_core:umodsys.core.uniqueptr.obj
 0001:00003270       ??1SModuleInfo@base@UModSys@@QAE@XZ 10004270 f   umodsys_lib_base:umodsys.base.moduleinfo.obj
 0001:00003280       ??0SModuleInfo@base@UModSys@@QAE@PBDHH0@Z 10004280 f   umodsys_lib_base:umodsys.base.moduleinfo.obj
 0001:00003310       ??1IModuleLibraryReg@base@UModSys@@UAE@XZ 10004310 f   umodsys_lib_base:umodsys.base.modulereg.obj
 0001:00003320       ??0IModuleLibraryReg@base@UModSys@@QAE@XZ 10004320 f   umodsys_lib_base:umodsys.base.modulereg.obj
 0001:00003330       ?mr_close@IModuleReg@base@UModSys@@UAE_NXZ 10004330 f   umodsys_lib_base:umodsys.base.modulereg.obj
 0001:00003340       ?mr_open@IModuleReg@base@UModSys@@UAE_NXZ 10004340 f   umodsys_lib_base:umodsys.base.modulereg.obj
 0001:00003360       ?mr_isopen@IModuleReg@base@UModSys@@UBE_NXZ 10004360 f   umodsys_lib_base:umodsys.base.modulereg.obj
 0001:00003370       ??1IModuleReg@base@UModSys@@UAE@XZ 10004370 f   umodsys_lib_base:umodsys.base.modulereg.obj
 0001:00003380       ??0IModuleReg@base@UModSys@@QAE@PBDHH0@Z 10004380 f   umodsys_lib_base:umodsys.base.modulereg.obj
 0001:000033b0       _UModSys_Plugin_Entry2@0   100043b0 f   umodsys_lib_base:umodsys.so_main.win32.obj
 0001:000033c0       ??1RModuleLibraryReg_Chain@base@UModSys@@UAE@XZ 100043c0 f   umodsys_lib_base:umodsys.base.moduleregchain.obj
 0001:000033d0       ??0RModuleLibraryReg_Chain@base@UModSys@@QAE@XZ 100043d0 f   umodsys_lib_base:umodsys.base.moduleregchain.obj
 0001:000033f0       ?s_get@SModuleRegChain@base@UModSys@@SAPAUIModuleReg@23@I@Z 100043f0 f   umodsys_lib_base:umodsys.base.moduleregchain.obj
 0001:00003420       ??1SModuleRegChain@base@UModSys@@QAE@XZ 10004420 f   umodsys_lib_base:umodsys.base.moduleregchain.obj
 0001:00003450       ??0SModuleRegChain@base@UModSys@@QAE@AAUIModuleReg@12@@Z 10004450 f   umodsys_lib_base:umodsys.base.moduleregchain.obj
 0001:00003490       ?mlr_isopen@RModuleLibraryReg_Chain@base@UModSys@@UBE_NXZ 10004490 f   umodsys_lib_base:umodsys.base.moduleregchain.obj
 0001:000034a0       ?mlr_close@RModuleLibraryReg_Chain@base@UModSys@@UAE_NXZ 100044a0 f   umodsys_lib_base:umodsys.base.moduleregchain.obj
 0001:000034d0       ?mlr_open@RModuleLibraryReg_Chain@base@UModSys@@UAE_NPAUISystem@23@PAUIMemAlloc@core@3@@Z 100044d0 f   umodsys_lib_base:umodsys.base.moduleregchain.obj
 0001:00003500       ?mlr_get@RModuleLibraryReg_Chain@base@UModSys@@UBEPAUIModuleReg@23@I@Z 10004500 f   umodsys_lib_base:umodsys.base.moduleregchain.obj
 0001:00003510       ?mlr_count@RModuleLibraryReg_Chain@base@UModSys@@UBEIXZ 10004510 f   umodsys_lib_base:umodsys.base.moduleregchain.obj
 0001:00003530       ??0SModuleRegChain@base@UModSys@@QAE@H@Z 10004530 f   umodsys_lib_base:umodsys.base.moduleregchain.obj
 0001:00003540       ?unlink@SMemorySharedData@core@UModSys@@QAEXPBUSSourceContext@23@@Z 10004540 f   umodsys_lib_base:umodsys.base.modulecontext.obj
 0001:00003560       ?link@SMemorySharedData@core@UModSys@@QAEXPBUSSourceContext@23@@Z 10004560 f   umodsys_lib_base:umodsys.base.modulecontext.obj
 0001:00003570       ?Link@SModuleContext@base@UModSys@@QAEXPAUISystem@23@PAUIMemAlloc@core@3@@Z 10004570 f   umodsys_lib_base:umodsys.base.modulecontext.obj
 0001:000035d0       ??1SModuleContext@base@UModSys@@QAE@XZ 100045d0 f   umodsys_lib_base:umodsys.base.modulecontext.obj
 0001:000035e0       ?new_data@SMemorySharedData@core@UModSys@@SAPAU123@PAUIMemAlloc@23@IPBUSSourceContext@23@@Z 100045e0 f   umodsys_lib_base:umodsys.base.modulecontext.obj
 0001:00003600       ?get_paramworker@SParameters@core@UModSys@@KAPAUIParameters@23@XZ 10004600 f   umodsys_lib_base:umodsys.base.modulecontext.obj
 0001:00003610       ?shared_memory@UModSys@@YAABUSIMemAlloc@core@1@XZ 10004610 f   umodsys_lib_base:umodsys.base.modulecontext.obj
 0001:00003620       ?local_memory@UModSys@@YAABUSIMemAlloc@core@1@XZ 10004620 f   umodsys_lib_base:umodsys.base.modulecontext.obj
 0001:00003630       ??0SModuleContext@base@UModSys@@QAE@XZ 10004630 f   umodsys_lib_base:umodsys.base.modulecontext.obj
 0001:00003650       ?mod_dec@RGenerator@images_std@media@modules@UModSys@@UBE_NXZ 10004650 f   umodsys_lib_libmedia:umodsys.mod.media.images_std.obj
 0001:00003660       ?mod_inc@RGenerator@images_std@media@modules@UModSys@@UBE_NXZ 10004660 f   umodsys_lib_libmedia:umodsys.mod.media.images_std.obj
 0001:00003670       ?get_module@RGenerator@images_std@media@modules@UModSys@@UBEPAUIModule@base@5@XZ 10004670 f   umodsys_lib_libmedia:umodsys.mod.media.images_std.obj
 0001:00003710       ?filter_save@RMediaFilter@images_std@media@modules@UModSys@@UAE_NAAUSInfo@IBinObjFilter@libmedia@5@PBUIRefObject@core@5@@Z 10004710 f   umodsys_lib_libmedia:umodsys.mod.media.images_std.obj
 0001:00003720       ?filter_load@RMediaFilter@images_std@media@modules@UModSys@@UAE_NABUSInfo@IBinObjFilter@libmedia@5@AAU?$TRefObject@UIRefObject@core@UModSys@@U?$TRefObjectFunc@UIRefObject@core@UModSys@@@tl@3@@tl@5@@Z 10004720 f   umodsys_lib_libmedia:umodsys.mod.media.images_std.obj
 0001:00003730       ?s_holder@RGenerator@images_std@media@modules@UModSys@@SAAAU?$TTypeStaticHolder@URGenerator@images_std@media@modules@UModSys@@@tl@5@XZ 10004730 f   umodsys_lib_libmedia:umodsys.mod.media.images_std.obj
 0001:00003770       ?png_read@RMediaFilter@images_std@media@modules@UModSys@@KAXPAUpng_struct_def@@PAEI@Z 10004770 f   umodsys_lib_libmedia:umodsys.mod.media.images_std.obj
 0001:000037b0       ?png_err@RMediaFilter@images_std@media@modules@UModSys@@KAXPAUpng_struct_def@@PBD@Z 100047b0 f   umodsys_lib_libmedia:umodsys.mod.media.images_std.obj
 0001:000037e0       ?s_unreg@RGenerator@images_std@media@modules@UModSys@@SA_NPAUIModuleReg@base@5@@Z 100047e0 f   umodsys_lib_libmedia:umodsys.mod.media.images_std.obj
 0001:00003830       ?s_reg@RGenerator@images_std@media@modules@UModSys@@SA_NPAUIModuleReg@base@5@@Z 10004830 f   umodsys_lib_libmedia:umodsys.mod.media.images_std.obj
 0001:000038b0       ?loader_png@RMediaFilter@images_std@media@modules@UModSys@@QAE_NPAUIImage@lib2d@5@ABUSInfo@IBinObjFilter@libmedia@5@ABUSParameters@core@5@HPBD_N@Z 100048b0 f   umodsys_lib_libmedia:umodsys.mod.media.images_std.obj
 0001:00003c20       ?loader_jpeg@RMediaFilter@images_std@media@modules@UModSys@@QAE_NPAUIImage@lib2d@5@ABUSInfo@IBinObjFilter@libmedia@5@ABUSParameters@core@5@HPBD_N@Z 10004c20 f   umodsys_lib_libmedia:umodsys.mod.media.images_std.obj
 0001:00003f00       ?filter_load@RMediaFilter@images_std@media@modules@UModSys@@UAE_NABUSInfo@IBinObjFilter@libmedia@5@PAUIRefObject@core@5@@Z 10004f00 f   umodsys_lib_libmedia:umodsys.mod.media.images_std.obj
 0001:00004150       ?mod_dec@RGenerator@SDL_core@ui@modules@UModSys@@UBE_NXZ 10005150 f   umodsys_lib_libui:umodsys.mod.ui.SDL_core.obj
 0001:00004160       ?mod_inc@RGenerator@SDL_core@ui@modules@UModSys@@UBE_NXZ 10005160 f   umodsys_lib_libui:umodsys.mod.ui.SDL_core.obj
 0001:00004170       ?get_module@RGenerator@SDL_core@ui@modules@UModSys@@UBEPAUIModule@base@5@XZ 10005170 f   umodsys_lib_libui:umodsys.mod.ui.SDL_core.obj
 0001:00004180       ?get_terminal@RRenderDriver2D_SDL_core@SDL_core@ui@modules@UModSys@@UBEPAUITerminal@libui@5@XZ 10005180 f   umodsys_lib_libui:umodsys.mod.ui.SDL_core.obj
 0001:00004190       ?s_holder@RGenerator@SDL_core@ui@modules@UModSys@@SAAAU?$TTypeStaticHolder@URGenerator@SDL_core@ui@modules@UModSys@@@tl@5@XZ 10005190 f   umodsys_lib_libui:umodsys.mod.ui.SDL_core.obj
 0001:000041d0       ?s_unreg@RGenerator@SDL_core@ui@modules@UModSys@@SA_NPAUIModuleReg@base@5@@Z 100051d0 f   umodsys_lib_libui:umodsys.mod.ui.SDL_core.obj
 0001:00004220       ?s_reg@RGenerator@SDL_core@ui@modules@UModSys@@SA_NPAUIModuleReg@base@5@@Z 10005220 f   umodsys_lib_libui:umodsys.mod.ui.SDL_core.obj
 0001:000042a0       ?mod_dec@RGenerator@test1@test@modules@UModSys@@UBE_NXZ 100052a0 f   plugin_test1.obj
 0001:000042b0       ?mod_inc@RGenerator@test1@test@modules@UModSys@@UBE_NXZ 100052b0 f   plugin_test1.obj
 0001:000042c0       ?get_module@RGenerator@test1@test@modules@UModSys@@UBEPAUIModule@base@5@XZ 100052c0 f   plugin_test1.obj
 0001:000042e0       ?s_holder@RGenerator@test1@test@modules@UModSys@@SAAAU?$TTypeStaticHolder@URGenerator@test1@test@modules@UModSys@@@tl@5@XZ 100052e0 f   plugin_test1.obj
 0001:00004320       ?s_unreg@RGenerator@test1@test@modules@UModSys@@SA_NPAUIModuleReg@base@5@@Z 10005320 f   plugin_test1.obj
 0001:00004370       ?s_reg@RGenerator@test1@test@modules@UModSys@@SA_NPAUIModuleReg@base@5@@Z 10005370 f   plugin_test1.obj
 0001:000043f0       ?ui_newterm@RTest1_Shell@test1@test@modules@UModSys@@QAE?AU?$TRefObject@UITerminal@libui@UModSys@@U?$TRefObjectFunc@UITerminal@libui@UModSys@@@tl@3@@tl@5@ABU?$TString@U?$TSCoreConst@D@su@tl@UModSys@@U?$TComparerBinaryHash@D@234@@75@ABUSParameters@core@5@@Z 100053f0 f   plugin_test1.obj
 0001:00004530       ?ui_test1@RTest1_Shell@test1@test@modules@UModSys@@QAEXXZ 10005530 f   plugin_test1.obj
 0001:00004870       ?add@SUniquePtrList@core@UModSys@@QAE_NPBUSUniquePointerInfo@23@@Z 10005870 f   umodsys_lib_core:umodsys.core.uniqueptrlist.obj
 0001:000048c0       _memcpy                    100058c0 f   MSVCRT:MSVCR90.dll
 0001:000048c6       ___CxxFrameHandler3        100058c6 f   MSVCRT:MSVCR90.dll
 0001:000048d0       __chkstk                   100058d0 f   MSVCRT:chkstk.obj
 0001:000048d0       __alloca_probe             100058d0     MSVCRT:chkstk.obj
 0001:000048fc       __setjmp3                  100058fc f   MSVCRT:MSVCR90.dll
 0001:00004902       ___CxxLongjmpUnwind@4      10005902 f   MSVCRT:MSVCR90.dll
 0002:00000000       __imp__InterlockedExchange@8 10007000     kernel32:KERNEL32.dll
 0002:00000004       __imp__InterlockedCompareExchange@12 10007004     kernel32:KERNEL32.dll
 0002:00000008       __imp__DisableThreadLibraryCalls@4 10007008     kernel32:KERNEL32.dll
 0002:0000000c       __imp__QueryPerformanceCounter@4 1000700c     kernel32:KERNEL32.dll
 0002:00000010       __imp__GetTickCount@0      10007010     kernel32:KERNEL32.dll
 0002:00000014       __imp__GetCurrentThreadId@0 10007014     kernel32:KERNEL32.dll
 0002:00000018       __imp__GetCurrentProcessId@0 10007018     kernel32:KERNEL32.dll
 0002:0000001c       __imp__GetSystemTimeAsFileTime@4 1000701c     kernel32:KERNEL32.dll
 0002:00000020       __imp__TerminateProcess@8  10007020     kernel32:KERNEL32.dll
 0002:00000024       __imp__GetCurrentProcess@0 10007024     kernel32:KERNEL32.dll
 0002:00000028       __imp__UnhandledExceptionFilter@4 10007028     kernel32:KERNEL32.dll
 0002:0000002c       __imp__SetUnhandledExceptionFilter@4 1000702c     kernel32:KERNEL32.dll
 0002:00000030       __imp__IsDebuggerPresent@0 10007030     kernel32:KERNEL32.dll
 0002:00000034       __imp__Sleep@4             10007034     kernel32:KERNEL32.dll
 0002:00000038       \177KERNEL32_NULL_THUNK_DATA 10007038     kernel32:KERNEL32.dll
 0002:0000003c       __imp___initterm           1000703c     MSVCRT:MSVCR90.dll
 0002:00000040       __imp___initterm_e         10007040     MSVCRT:MSVCR90.dll
 0002:00000044       __imp___amsg_exit          10007044     MSVCRT:MSVCR90.dll
 0002:00000048       __imp___adjust_fdiv        10007048     MSVCRT:MSVCR90.dll
 0002:0000004c       __imp____CppXcptFilter     1000704c     MSVCRT:MSVCR90.dll
 0002:00000050       __imp___encoded_null       10007050     MSVCRT:MSVCR90.dll
 0002:00000054       __imp_?terminate@@YAXXZ    10007054     MSVCRT:MSVCR90.dll
 0002:00000058       __imp_?_type_info_dtor_internal_method@type_info@@QAEXXZ 10007058     MSVCRT:MSVCR90.dll
 0002:0000005c       __imp____clean_type_info_names_internal 1000705c     MSVCRT:MSVCR90.dll
 0002:00000060       __imp___crt_debugger_hook  10007060     MSVCRT:MSVCR90.dll
 0002:00000064       __imp___setjmp3            10007064     MSVCRT:MSVCR90.dll
 0002:00000068       __imp____CxxFrameHandler3  10007068     MSVCRT:MSVCR90.dll
 0002:0000006c       __imp__memcpy              1000706c     MSVCRT:MSVCR90.dll
 0002:00000070       __imp__free                10007070     MSVCRT:MSVCR90.dll
 0002:00000074       __imp___malloc_crt         10007074     MSVCRT:MSVCR90.dll
 0002:00000078       __imp___decode_pointer     10007078     MSVCRT:MSVCR90.dll
 0002:0000007c       __imp___onexit             1000707c     MSVCRT:MSVCR90.dll
 0002:00000080       __imp___lock               10007080     MSVCRT:MSVCR90.dll
 0002:00000084       __imp___encode_pointer     10007084     MSVCRT:MSVCR90.dll
 0002:00000088       __imp____dllonexit         10007088     MSVCRT:MSVCR90.dll
 0002:0000008c       __imp___unlock             1000708c     MSVCRT:MSVCR90.dll
 0002:00000090       __imp__longjmp             10007090     MSVCRT:MSVCR90.dll
 0002:00000094       __imp__strstr              10007094     MSVCRT:MSVCR90.dll
 0002:00000098       __imp_??2@YAPAXI@Z         10007098     MSVCRT:MSVCR90.dll
 0002:0000009c       __imp_??3@YAXPAX@Z         1000709c     MSVCRT:MSVCR90.dll
 0002:000000a0       __imp___purecall           100070a0     MSVCRT:MSVCR90.dll
 0002:000000a4       __imp___except_handler4_common 100070a4     MSVCRT:MSVCR90.dll
 0002:000000a8       __imp____CxxLongjmpUnwind@4 100070a8     MSVCRT:MSVCR90.dll
 0002:000000ac       __imp__strncmp             100070ac     MSVCRT:MSVCR90.dll
 0002:000000b0       \177MSVCR90_NULL_THUNK_DATA 100070b0     MSVCRT:MSVCR90.dll
 0002:000000b4       __imp__SDL_Quit            100070b4     lib_SDL2:lib_SDL2.dll
 0002:000000b8       __imp__SDL_RenderDrawRect  100070b8     lib_SDL2:lib_SDL2.dll
 0002:000000bc       __imp__SDL_RenderFillRect  100070bc     lib_SDL2:lib_SDL2.dll
 0002:000000c0       __imp__SDL_GetTicks        100070c0     lib_SDL2:lib_SDL2.dll
 0002:000000c4       __imp__SDL_RenderDrawLine  100070c4     lib_SDL2:lib_SDL2.dll
 0002:000000c8       __imp__SDL_Init            100070c8     lib_SDL2:lib_SDL2.dll
 0002:000000cc       __imp__SDL_DestroyWindow   100070cc     lib_SDL2:lib_SDL2.dll
 0002:000000d0       __imp__SDL_CreateWindow    100070d0     lib_SDL2:lib_SDL2.dll
 0002:000000d4       __imp__SDL_DestroyRenderer 100070d4     lib_SDL2:lib_SDL2.dll
 0002:000000d8       __imp__SDL_RenderPresent   100070d8     lib_SDL2:lib_SDL2.dll
 0002:000000dc       __imp__SDL_SetRenderDrawBlendMode 100070dc     lib_SDL2:lib_SDL2.dll
 0002:000000e0       __imp__SDL_SetRenderDrawColor 100070e0     lib_SDL2:lib_SDL2.dll
 0002:000000e4       __imp__SDL_PumpEvents      100070e4     lib_SDL2:lib_SDL2.dll
 0002:000000e8       __imp__SDL_Delay           100070e8     lib_SDL2:lib_SDL2.dll
 0002:000000ec       __imp__SDL_RenderClear     100070ec     lib_SDL2:lib_SDL2.dll
 0002:000000f0       __imp__SDL_CreateRenderer  100070f0     lib_SDL2:lib_SDL2.dll
 0002:000000f4       __imp__SDL_PeepEvents      100070f4     lib_SDL2:lib_SDL2.dll
 0002:000000f8       \177lib_SDL2_NULL_THUNK_DATA 100070f8     lib_SDL2:lib_SDL2.dll
 0002:000000fc       __imp__jpeg_read_scanlines 100070fc     lib_jpeglib:lib_jpeglib.dll
 0002:00000100       __imp__jpeg_finish_decompress 10007100     lib_jpeglib:lib_jpeglib.dll
 0002:00000104       __imp__jpeg_std_error      10007104     lib_jpeglib:lib_jpeglib.dll
 0002:00000108       __imp__jpeg_read_header    10007108     lib_jpeglib:lib_jpeglib.dll
 0002:0000010c       __imp__jpeg_destroy_decompress 1000710c     lib_jpeglib:lib_jpeglib.dll
 0002:00000110       __imp__jpeg_CreateDecompress 10007110     lib_jpeglib:lib_jpeglib.dll
 0002:00000114       __imp__jpeg_start_decompress 10007114     lib_jpeglib:lib_jpeglib.dll
 0002:00000118       __imp__jpeg_destroy        10007118     lib_jpeglib:lib_jpeglib.dll
 0002:0000011c       __imp__jpeg_resync_to_restart 1000711c     lib_jpeglib:lib_jpeglib.dll
 0002:00000120       \177lib_jpeglib_NULL_THUNK_DATA 10007120     lib_jpeglib:lib_jpeglib.dll
 0002:00000124       __imp__png_destroy_read_struct 10007124     lib_libpng:lib_libpng.dll
 0002:00000128       __imp__png_error           10007128     lib_libpng:lib_libpng.dll
 0002:0000012c       __imp__png_read_row        1000712c     lib_libpng:lib_libpng.dll
 0002:00000130       __imp__png_set_sig_bytes   10007130     lib_libpng:lib_libpng.dll
 0002:00000134       __imp__png_read_update_info 10007134     lib_libpng:lib_libpng.dll
 0002:00000138       __imp__png_set_read_fn     10007138     lib_libpng:lib_libpng.dll
 0002:0000013c       __imp__png_create_info_struct 1000713c     lib_libpng:lib_libpng.dll
 0002:00000140       __imp__png_get_io_ptr      10007140     lib_libpng:lib_libpng.dll
 0002:00000144       __imp__png_create_read_struct 10007144     lib_libpng:lib_libpng.dll
 0002:00000148       __imp__png_sig_cmp         10007148     lib_libpng:lib_libpng.dll
 0002:0000014c       __imp__png_read_info       1000714c     lib_libpng:lib_libpng.dll
 0002:00000150       __imp__png_get_IHDR        10007150     lib_libpng:lib_libpng.dll
 0002:00000154       \177lib_libpng_NULL_THUNK_DATA 10007154     lib_libpng:lib_libpng.dll
 0002:00000158       ___xc_a                    10007158     MSVCRT:cinitexe.obj
 0002:000004a4       ___xc_z                    100074a4     MSVCRT:cinitexe.obj
 0002:000004a8       ___xi_a                    100074a8     MSVCRT:cinitexe.obj
 0002:000004b0       ___xi_z                    100074b0     MSVCRT:cinitexe.obj
 0002:000004bc       ??_7type_info@@6B@         100074bc     MSVCRT:ti_inst.obj
 0002:000004c0       __pDefaultRawDllMain       100074c0     MSVCRT:crtdll.obj
 0002:000004c0       __pRawDllMain              100074c0     MSVCRT:crtdll.obj
 0002:000004cc       ??_C@_0P@GHFPNOJB@bad?5allocation?$AA@ 100074cc     plugin_test1.obj
 0002:000004dc       ??_C@_0BF@OCNNAADO@UModSys?3?3core?3?3IRoot?$AA@ 100074dc     plugin_test1.obj
 0002:000004f4       ??_C@_0BK@EMIJFOPA@UModSys?3?3core?3?3IRefObject?$AA@ 100074f4     plugin_test1.obj
 0002:00000510       ??_C@_0BL@IOMMHELF@UModSys?3?3core?3?3IParameters?$AA@ 10007510     plugin_test1.obj
 0002:0000052c       ??_C@_0BH@LKDEEPPM@UModSys?3?3base?3?3IModule?$AA@ 1000752c     plugin_test1.obj
 0002:00000544       ??_C@_0BO@PHJOHFCB@UModSys?3?3base?3?3IModuleLibrary?$AA@ 10007544     plugin_test1.obj
 0002:00000564       ??_C@_0BK@FDPIOPHG@UModSys?3?3base?3?3IModObject?$AA@ 10007564     plugin_test1.obj
 0002:00000580       ??_C@_0BK@OIBKNCKJ@UModSys?3?3base?3?3IGenerator?$AA@ 10007580     plugin_test1.obj
 0002:0000059c       ??_C@_0BG@PJBGCMEC@UModSys?3?3base?3?3IShell?$AA@ 1000759c     plugin_test1.obj
 0002:000005b4       ??_C@_0BI@IKAOEFAP@UModSys?3?3base?3?3IConsole?$AA@ 100075b4     plugin_test1.obj
 0002:000005cc       ??_C@_0BH@PFCONEJJ@UModSys?3?3base?3?3ISystem?$AA@ 100075cc     plugin_test1.obj
 0002:000005e4       ??_C@_0CB@CLGNFEGF@UModSys?3?3libmedia?3?3IStreamReader@ 100075e4     plugin_test1.obj
 0002:00000608       ??_C@_0CB@HOPFFLP@UModSys?3?3libmedia?3?3IStreamWriter@ 10007608     plugin_test1.obj
 0002:0000062c       ??_C@_0BP@KCJMEDNO@UModSys?3?3libmedia?3?3IBinArchive?$AA@ 1000762c     plugin_test1.obj
 0002:0000064c       ??_C@_0CB@FDEKNMGJ@UModSys?3?3libmedia?3?3IBinObjFilter@ 1000764c     plugin_test1.obj
 0002:00000670       ??_C@_0BM@DPCMOAPM@UModSys?3?3libmedia?3?3ILibrary?$AA@ 10007670     plugin_test1.obj
 0002:0000068c       ??_C@_0CD@ELIFEGE@UModSys?3?3libmedia?3?3ILibraryBinTr@ 1000768c     plugin_test1.obj
 0002:000006b0       ??_C@_0CE@EGHBJBAJ@UModSys?3?3libmedia?3?3ILibraryBinCa@ 100076b0     plugin_test1.obj
 0002:000006d4       ??_C@_0CF@LBIGBLOK@UModSys?3?3libmedia?3?3ILibraryObjFi@ 100076d4     plugin_test1.obj
 0002:000006fc       ??_C@_0CE@BOBLEOBL@UModSys?3?3libmedia?3?3ILibraryObjCa@ 100076fc     plugin_test1.obj
 0002:00000720       ??_C@_0CD@LJFEJKGF@UModSys?3?3libmedia?3?3ILibraryLayer@ 10007720     plugin_test1.obj
 0002:00000748       ?utf_bytesFromUTF8@su@tl@UModSys@@3QBEB 10007748     umodsys_lib_core:umodsys.tl.utf.obj
 0002:00000848       ?utf_firstByteMark@su@tl@UModSys@@3QBEB 10007848     umodsys_lib_core:umodsys.tl.utf.obj
 0002:00000850       ?utf_offsetsFromUTF8@su@tl@UModSys@@3QBHB 10007850     umodsys_lib_core:umodsys.tl.utf.obj
 0002:00000880       ??_C@_0BL@NMJBPMOF@UModSys?3?3base?3?3IConsoleExt?$AA@ 10007880     plugin_test1.obj
 0002:0000089c       ??_C@_0BO@CGANABBB@UModSys?3?3base?3?3IConsoleHelper?$AA@ 1000789c     plugin_test1.obj
 0002:000008bc       ??_C@_0CF@NIEDAAFG@UModSys?3?3base?3?3IConsoleHelperHis@ 100078bc     plugin_test1.obj
 0002:000008e4       ??_C@_0CD@FCDJONHN@UModSys?3?3base?3?3IConsoleHelperInp@ 100078e4     plugin_test1.obj
 0002:00000908       ??_C@_0CE@KMOIHDDJ@UModSys?3?3base?3?3IConsoleHelperOut@ 10007908     plugin_test1.obj
 0002:0000092c       ??_C@_0CH@NMEMKECD@UModSys?3?3base?3?3IConsoleHelperOut@ 1000792c     plugin_test1.obj
 0002:00000954       ??_C@_0CE@DIFILHID@UModSys?3?3libui?3?3IKeyboardControl@ 10007954     plugin_test1.obj
 0002:00000978       ??_C@_0CB@MBIJAGJE@UModSys?3?3libui?3?3IMouseController@ 10007978     plugin_test1.obj
 0002:0000099c       ??_C@_0CE@HLKJKPC@UModSys?3?3libui?3?3IJoystickControl@ 1000799c     plugin_test1.obj
 0002:000009c0       ??_C@_0BK@GJJNKGGD@UModSys?3?3libui?3?3ITerminal?$AA@ 100079c0     plugin_test1.obj
 0002:000009dc       ??_C@_0CK@HENOKNKH@UModSys?3?3libui?3?3IConsoleHelperIn@ 100079dc     plugin_test1.obj
 0002:00000a08       ??_C@_0BH@JDBCAPMN@UModSys?3?3lib2d?3?3IImage?$AA@ 10007a08     plugin_test1.obj
 0002:00000a20       ??_C@_0BM@NDCOKBPH@UModSys?3?3lib2d?3?3IMultiImage?$AA@ 10007a20     plugin_test1.obj
 0002:00000a3c       ??_C@_0BO@FFPMHFPK@UModSys?3?3lib2d?3?3IRenderDriver?$AA@ 10007a3c     plugin_test1.obj
 0002:00000a5c       ??_C@_0CG@DNABKNDD@UModSys?3?3modules?3?3test?3?3test1?3?3I@ 10007a5c     plugin_test1.obj
 0002:00000a84       ??_C@_0CG@FINIGFAH@UModSys?3?3modules?3?3test?3?3test1?3?3R@ 10007a84     plugin_test1.obj
 0002:00000aac       ??_C@_0CN@EFAOPDDB@UModSys?3?3modules?3?3test?3?3test1?3?3R@ 10007aac     plugin_test1.obj
 0002:00000adc       ??_C@_0CM@LNHNHIJB@UModSys?3?3modules?3?3test?3?3test1?3?3R@ 10007adc     plugin_test1.obj
 0002:00000b08       ??_C@_0BC@NIGGCDMG@RTest1_Shell?$CI?$CJ?5?$HL?6?$AA@ 10007b08     plugin_test1.obj
 0002:00000b1c       ??_C@_0DK@JIEMIEKA@UModSys?3?3modules?3?3test?3?3test1?3?3R@ 10007b1c     plugin_test1.obj
 0002:00000b58       ??_C@_0CK@OICDGBDJ@?4?4?2?4?4?2?4?4?2src?2plugin?2test?2plugin_@ 10007b58     plugin_test1.obj
 0002:00000b84       ??_C@_0BF@BMCPNMPN@?$HN?5?1?1?5RTest1_Shell?$CI?$CJ?6?$AA@ 10007b84     plugin_test1.obj
 0002:00000b9c       ??_C@_0DL@OIAHAJF@UModSys?3?3modules?3?3test?3?3test1?3?3R@ 10007b9c     plugin_test1.obj
 0002:00000bd8       ??_C@_0BB@MLDFLEML@?$HORTest1_Shell?$CI?$CJ?6?$AA@ 10007bd8     plugin_test1.obj
 0002:00000bec       ??_C@_0BJ@CCPCJEPP@RTest1_Shell?3?3connect?$CI?$CJ?6?$AA@ 10007bec     plugin_test1.obj
 0002:00000c08       ??_C@_0BM@KBDBHLN@RTest1_Shell?3?3disconnect?$CI?$CJ?6?$AA@ 10007c08     plugin_test1.obj
 0002:00000c24       ??_C@_0BI@PGLACHLJ@RTest1_Shell?3?3tick?$CI?$CFg?$CJ?6?$AA@ 10007c24     plugin_test1.obj
 0002:00000c3c       ??_C@_0BM@JFIEEBE@RTest1_Shell?3?3command?$CI?$CD?$CFd?$CJ?6?$AA@ 10007c3c     plugin_test1.obj
 0002:00000c58       ??_C@_0BP@CAPONCLM@?5?5found?5terminal?5?$CFs?3?5?$CFs?5?$DN?$DO?5?$CFp?6?$AA@ 10007c58     plugin_test1.obj
 0002:00000c78       ??_C@_0BE@CKPLJHAG@?5?5fail?5terminal?5?$CFs?6?$AA@ 10007c78     plugin_test1.obj
 0002:00000c8c       ??_C@_0P@GKJLFKKG@?$CK?3?3SDL_core?3?3?$CK?$AA@ 10007c8c     plugin_test1.obj
 0002:00000c9c       ??_C@_07EPLPNHLN@Test?5?$CD1?$AA@ 10007c9c     plugin_test1.obj
 0002:00000ca4       ??_C@_07BANDPJOM@caption?$AA@ 10007ca4     plugin_test1.obj
 0002:00000cac       ??_C@_00CNPNBAHC@?$AA@     10007cac     plugin_test1.obj
 0002:00000cb0       ??_C@_0CE@HACAKFFL@?5?5not?5created?5lib2d?3?3IRenderDriv@ 10007cb0     plugin_test1.obj
 0002:00000cd4       ??_C@_0CK@INONFMOM@?5?5created?5lib2d?3?3IRenderDriver?3?5@ 10007cd4     plugin_test1.obj
 0002:00000d00       ??_C@_0CK@DEJPICLK@UModSys?3?3modules?3?3test?3?3test1?3?3R@ 10007d00     plugin_test1.obj
 0002:00000d2c       ??_C@_0DD@HMBJLEH@UMODSYS_MODULE_NAME?$CItest?0test1?$CJ?3@ 10007d2c     plugin_test1.obj
 0002:00000d60       ??_C@_0BA@NMEBLMNE@Test?51?5?9?5module?$AA@ 10007d60     plugin_test1.obj
 0002:00000d70       ??_C@_0N@FOCLJAHI@tests?3?3test1?$AA@ 10007d70     plugin_test1.obj
 0002:00000d80       ??_C@_0BE@HJEBHPIG@RModuleReg?3?3open?$CI?$CJ?6?$AA@ 10007d80     plugin_test1.obj
 0002:00000d94       ??_C@_0BF@KIBBFLP@RModuleReg?3?3close?$CI?$CJ?6?$AA@ 10007d94     plugin_test1.obj
 0002:00000dac       ??_C@_09JGNMLHG@modobject?$AA@ 10007dac     plugin_test1.obj
 0002:00000db8       ??_C@_08FCBDOIAH@typeinfo?$AA@ 10007db8     plugin_test1.obj
 0002:00000dc8       ??_7IRoot@core@UModSys@@6B@ 10007dc8     plugin_test1.obj
 0002:00000dec       ??_7IRefObject@core@UModSys@@6B@ 10007dec     plugin_test1.obj
 0002:00000e20       ??_7ISetter@SFlags@libmedia@UModSys@@6B@ 10007e20     plugin_test1.obj
 0002:00000e34       ??_7RTest1_Shell@test1@test@modules@UModSys@@6B@ 10007e34     plugin_test1.obj
 0002:00000e7c       ??_7RGenerator@test1@test@modules@UModSys@@6B@ 10007e7c     plugin_test1.obj
 0002:00000ecc       ??_7RModuleReg@test1@test@modules@UModSys@@6B@ 10007ecc     plugin_test1.obj
 0002:00000ee4       ??_C@_0DJ@HHGCBBEF@UModSys?3?3modules?3?3ui?3?3SDL_core?3?3@ 10007ee4     umodsys_lib_libui:umodsys.mod.ui.SDL_core.obj
 0002:00000f20       ??_C@_04MGOIFCEG@SDL2?$AA@ 10007f20     umodsys_lib_libui:umodsys.mod.ui.SDL_core.obj
 0002:00000f28       ??_C@_01FJMABOPO@x?$AA@    10007f28     umodsys_lib_libui:umodsys.mod.ui.SDL_core.obj
 0002:00000f2c       ??_C@_01EANLCPLP@y?$AA@    10007f2c     umodsys_lib_libui:umodsys.mod.ui.SDL_core.obj
 0002:00000f30       ??_C@_02KIIGLGOP@dx?$AA@   10007f30     umodsys_lib_libui:umodsys.mod.ui.SDL_core.obj
 0002:00000f34       ??_C@_02LBJNIHKO@dy?$AA@   10007f34     umodsys_lib_libui:umodsys.mod.ui.SDL_core.obj
 0002:00000f38       ??_C@_0DD@HBKHIPP@UModSys?3?3modules?3?3ui?3?3SDL_core?3?3@ 10007f38     umodsys_lib_libui:umodsys.mod.ui.SDL_core.obj
 0002:00000f6c       ??_C@_0CL@JNMIGLLO@UModSys?3?3modules?3?3ui?3?3SDL_core?3?3@ 10007f6c     umodsys_lib_libui:umodsys.mod.ui.SDL_core.obj
 0002:00000f98       ??_C@_0DE@GHIHDIMC@UMODSYS_MODULE_NAME?$CIui?0SDL_core?$CJ@ 10007f98     umodsys_lib_libui:umodsys.mod.ui.SDL_core.obj
 0002:00000fcc       ??_C@_0N@MLKEIMGM@ui?3?3SDC_core?$AA@ 10007fcc     umodsys_lib_libui:umodsys.mod.ui.SDL_core.obj
 0002:00000fe4       ??_7RGenerator@SDL_core@ui@modules@UModSys@@6B@ 10007fe4     umodsys_lib_libui:umodsys.mod.ui.SDL_core.obj
 0002:00001034       ??_7RTerminal_SDL_core@SDL_core@ui@modules@UModSys@@6B@ 10008034     umodsys_lib_libui:umodsys.mod.ui.SDL_core.obj
 0002:00001094       ??_7RRenderDriver2D_SDL_core@SDL_core@ui@modules@UModSys@@6B@ 10008094     umodsys_lib_libui:umodsys.mod.ui.SDL_core.obj
 0002:00001124       ??_7RModuleReg@SDL_core@ui@modules@UModSys@@6B@ 10008124     umodsys_lib_libui:umodsys.mod.ui.SDL_core.obj
 0002:0000113c       ??_C@_0DC@OJAOGACO@UModSys?3?3modules?3?3media?3?3images_@ 1000813c     umodsys_lib_libmedia:umodsys.mod.media.images_std.obj
[...]
 0001:00004a7e       __ehhandler$??$t_gen_param@URMediaFilter@images_std@media@modules@UModSys@@URGenerator@2345@@IGenerator@base@UModSys@@IAE_NPAURGenerator@images_std@media@modules@2@AAU?$TRefObject@UIRefObject@core@UModSys@@U?$TRefObjectFunc@UIRefObject@core@UModSys@@@tl@3@@tl@2@PBUSUniquePointerInfo@core@2@ABUSParameters@core@2@@Z 10005a7e f    CIL library: CIL module
 0001:00004a90       __unwindfunclet$?generate@RGenerator@test1@test@modules@UModSys@@UAE_NAAU?$TRefObject@UIRefObject@core@UModSys@@U?$TRefObjectFunc@UIRefObject@core@UModSys@@@tl@3@@tl@5@PBUSUniquePointerInfo@core@5@ABUSParameters@95@@Z$0 10005a90 f    CIL library: CIL module
 0001:00004a9e       __ehhandler$?generate@RGenerator@test1@test@modules@UModSys@@UAE_NAAU?$TRefObject@UIRefObject@core@UModSys@@U?$TRefObjectFunc@UIRefObject@core@UModSys@@@tl@3@@tl@5@PBUSUniquePointerInfo@core@5@ABUSParameters@95@@Z 10005a9e f    CIL library: CIL module
 0001:00004ab0       ??__E?s_modreg@RModuleReg@test1@test@modules@UModSys@@2U12345@A@@YAXXZ 10005ab0 f    CIL library: CIL module
 0001:00004af0       ??__E?s_modreg_chain@RModuleReg@test1@test@modules@UModSys@@2USModuleRegChain@base@5@A@@YAXXZ 10005af0 f    CIL library: CIL module
 0001:00004b10       ??__E?s_uid@RGenerator@test1@test@modules@UModSys@@2USUniquePointer@core@5@A@@YAXXZ 10005b10 f    CIL library: CIL module
 0001:00004b40       ??__E?s_id@?$TObjectUniqueID@UIRoot@core@UModSys@@@tl@UModSys@@2USUniquePointer@core@3@A@@YAXXZ 10005b40 f    CIL library: CIL module
 0001:00004b70       ??__E?s_id@?$TObjectUniqueID@UIRefObject@core@UModSys@@@tl@UModSys@@2USUniquePointer@core@3@A@@YAXXZ 10005b70 f    CIL library: CIL module
 0001:00004ba0       ??__E?s_id@?$TObjectUniqueID@UIParameters@core@UModSys@@@tl@UModSys@@2USUniquePointer@core@3@A@@YAXXZ 10005ba0 f    CIL library: CIL module
 0001:00004bd0       ??__E?s_id@?$TObjectUniqueID@UIModule@base@UModSys@@@tl@UModSys@@2USUniquePointer@core@3@A@@YAXXZ 10005bd0 f    CIL library: CIL module
 0001:00004c00       ??__E?s_id@?$TObjectUniqueID@UIModuleLibrary@base@UModSys@@@tl@UModSys@@2USUniquePointer@core@3@A@@YAXXZ 10005c00 f    CIL library: CIL module
 0001:00004c30       ??__E?s_id@?$TObjectUniqueID@UIModObject@base@UModSys@@@tl@UModSys@@2USUniquePointer@core@3@A@@YAXXZ 10005c30 f    CIL library: CIL module
 0001:00004c60       ??__E?s_id@?$TObjectUniqueID@UIGenerator@base@UModSys@@@tl@UModSys@@2USUniquePointer@core@3@A@@YAXXZ 10005c60 f    CIL library: CIL module
 0001:00004c90       ??__E?s_id@?$TObjectUniqueID@UIShell@base@UModSys@@@tl@UModSys@@2USUniquePointer@core@3@A@@YAXXZ 10005c90 f    CIL library: CIL module
 0001:00004cc0       ??__E?s_id@?$TObjectUniqueID@UIConsole@base@UModSys@@@tl@UModSys@@2USUniquePointer@core@3@A@@YAXXZ 10005cc0 f    CIL library: CIL module
 0001:00004cf0       ??__E?s_id@?$TObjectUniqueID@UISystem@base@UModSys@@@tl@UModSys@@2USUniquePointer@core@3@A@@YAXXZ 10005cf0 f    CIL library: CIL module
 0001:00004d20       ??__E?s_id@?$TObjectUniqueID@UIStreamReader@libmedia@UModSys@@@tl@UModSys@@2USUniquePointer@core@3@A@@YAXXZ 10005d20 f    CIL library: CIL module
 0001:00004d50       ??__E?s_id@?$TObjectUniqueID@UIStreamWriter@libmedia@UModSys@@@tl@UModSys@@2USUniquePointer@core@3@A@@YAXXZ 10005d50 f    CIL library: CIL module
 0001:00004d80       ??__E?s_id@?$TObjectUniqueID@UIBinArchive@libmedia@UModSys@@@tl@UModSys@@2USUniquePointer@core@3@A@@YAXXZ 10005d80 f    CIL library: CIL module
 0001:00004db0       ??__E?s_id@?$TObjectUniqueID@UIBinObjFilter@libmedia@UModSys@@@tl@UModSys@@2USUniquePointer@core@3@A@@YAXXZ 10005db0 f    CIL library: CIL module
 0001:00004de0       ??__E?s_id@?$TObjectUniqueID@UILibrary@libmedia@UModSys@@@tl@UModSys@@2USUniquePointer@core@3@A@@YAXXZ 10005de0 f    CIL library: CIL module
 0001:00004e10       ??__E?s_id@?$TObjectUniqueID@UILibraryBinTree@libmedia@UModSys@@@tl@UModSys@@2USUniquePointer@core@3@A@@YAXXZ 10005e10 f    CIL library: CIL module
 0001:00004e40       ??__E?s_id@?$TObjectUniqueID@UILibraryBinCache@libmedia@UModSys@@@tl@UModSys@@2USUniquePointer@core@3@A@@YAXXZ 10005e40 f    CIL library: CIL module
 0001:00004e70       ??__E?s_id@?$TObjectUniqueID@UILibraryObjFilter@libmedia@UModSys@@@tl@UModSys@@2USUniquePointer@core@3@A@@YAXXZ 10005e70 f    CIL library: CIL module
 0001:00004ea0       ??__E?s_id@?$TObjectUniqueID@UILibraryObjCache@libmedia@UModSys@@@tl@UModSys@@2USUniquePointer@core@3@A@@YAXXZ 10005ea0 f    CIL library: CIL module
 0001:00004ed0       ??__E?s_id@?$TObjectUniqueID@UILibraryLayered@libmedia@UModSys@@@tl@UModSys@@2USUniquePointer@core@3@A@@YAXXZ 10005ed0 f    CIL library: CIL module
 0001:00004f00       ??__E?s_id@?$TObjectUniqueID@UIConsoleExt@base@UModSys@@@tl@UModSys@@2USUniquePointer@core@3@A@@YAXXZ 10005f00 f    CIL library: CIL module
 0001:00004f30       ??__E?s_id@?$TObjectUniqueID@UIConsoleHelper@base@UModSys@@@tl@UModSys@@2USUniquePointer@core@3@A@@YAXXZ 10005f30 f    CIL library: CIL module
 0001:00004f60       ??__E?s_id@?$TObjectUniqueID@UIConsoleHelperHistory@base@UModSys@@@tl@UModSys@@2USUniquePointer@core@3@A@@YAXXZ 10005f60 f    CIL library: CIL module
 0001:00004f90       ??__E?s_id@?$TObjectUniqueID@UIConsoleHelperInput@base@UModSys@@@tl@UModSys@@2USUniquePointer@core@3@A@@YAXXZ 10005f90 f    CIL library: CIL module
 0001:00004fc0       ??__E?s_id@?$TObjectUniqueID@UIConsoleHelperOutput@base@UModSys@@@tl@UModSys@@2USUniquePointer@core@3@A@@YAXXZ 10005fc0 f    CIL library: CIL module
 0001:00005000       ??__E?s_id@?$TObjectUniqueID@UIConsoleHelperOutputFCS@base@UModSys@@@tl@UModSys@@2USUniquePointer@core@3@A@@YAXXZ 10006000 f    CIL library: CIL module
 0001:00005030       ??__E?s_id@?$TObjectUniqueID@UIKeyboardController@libui@UModSys@@@tl@UModSys@@2USUniquePointer@core@3@A@@YAXXZ 10006030 f    CIL library: CIL module
 0001:00005060       ??__E?s_id@?$TObjectUniqueID@UIMouseController@libui@UModSys@@@tl@UModSys@@2USUniquePointer@core@3@A@@YAXXZ 10006060 f    CIL library: CIL module
 0001:00005090       ??__E?s_id@?$TObjectUniqueID@UIJoystickController@libui@UModSys@@@tl@UModSys@@2USUniquePointer@core@3@A@@YAXXZ 10006090 f    CIL library: CIL module
 0001:000050c0       ??__E?s_id@?$TObjectUniqueID@UITerminal@libui@UModSys@@@tl@UModSys@@2USUniquePointer@core@3@A@@YAXXZ 100060c0 f    CIL library: CIL module
 0001:000050f0       ??__E?s_id@?$TObjectUniqueID@UIConsoleHelperInput_UIKey@libui@UModSys@@@tl@UModSys@@2USUniquePointer@core@3@A@@YAXXZ 100060f0 f    CIL library: CIL module
 0001:00005120       ??__E?s_id@?$TObjectUniqueID@UIImage@lib2d@UModSys@@@tl@UModSys@@2USUniquePointer@core@3@A@@YAXXZ 10006120 f    CIL library: CIL module
 0001:00005150       ??__E?s_id@?$TObjectUniqueID@UIMultiImage@lib2d@UModSys@@@tl@UModSys@@2USUniquePointer@core@3@A@@YAXXZ 10006150 f    CIL library: CIL module
 0001:00005180       ??__E?s_id@?$TObjectUniqueID@UIRenderDriver@lib2d@UModSys@@@tl@UModSys@@2USUniquePointer@core@3@A@@YAXXZ 10006180 f    CIL library: CIL module
 0001:000051b0       ??__E?s_id@?$TObjectUniqueID@UILines@test1@test@modules@UModSys@@@tl@UModSys@@2USUniquePointer@core@3@A@@YAXXZ 100061b0 f    CIL library: CIL module
 0001:000051e0       ??__E?s_id@?$TObjectUniqueID@URLines@test1@test@modules@UModSys@@@tl@UModSys@@2USUniquePointer@core@3@A@@YAXXZ 100061e0 f    CIL library: CIL module
 0001:00005210       ??__E?s_id@?$TObjectUniqueID@URLines_Filter@test1@test@modules@UModSys@@@tl@UModSys@@2USUniquePointer@core@3@A@@YAXXZ 10006210 f    CIL library: CIL module
 0001:00005240       ??__E?s_id@?$TObjectUniqueID@URTest1_Shell@test1@test@modules@UModSys@@@tl@UModSys@@2USUniquePointer@core@3@A@@YAXXZ 10006240 f    CIL library: CIL module
 0001:00005270       ??__E?s_id@?$TObjectUniqueID@URGenerator@test1@test@modules@UModSys@@@tl@UModSys@@2USUniquePointer@core@3@A@@YAXXZ 10006270 f    CIL library: CIL module
 0001:000052a0       ??__E?s_modreg@RModuleReg@SDL_core@ui@modules@UModSys@@2U12345@A@@YAXXZ 100062a0 f    CIL library: CIL module
 0001:000052e0       ??__E?s_modreg_chain@RModuleReg@SDL_core@ui@modules@UModSys@@2USModuleRegChain@base@5@A@@YAXXZ 100062e0 f    CIL library: CIL module
 0001:00005300       ??__E?s_uid@RGenerator@SDL_core@ui@modules@UModSys@@2USUniquePointer@core@5@A@@YAXXZ 10006300 f    CIL library: CIL module
 0001:00005330       ??__E?s_id@?$TObjectUniqueID@URRenderDriver2D_SDL_core@SDL_core@ui@modules@UModSys@@@tl@UModSys@@2USUniquePointer@core@3@A@@YAXXZ 10006330 f    CIL library: CIL module
 0001:00005360       ??__E?s_id@?$TObjectUniqueID@URTerminal_SDL_core@SDL_core@ui@modules@UModSys@@@tl@UModSys@@2USUniquePointer@core@3@A@@YAXXZ 10006360 f    CIL library: CIL module
 0001:00005390       ??__E?s_id@?$TObjectUniqueID@URGenerator@SDL_core@ui@modules@UModSys@@@tl@UModSys@@2USUniquePointer@core@3@A@@YAXXZ 10006390 f    CIL library: CIL module
 0001:000053c0       ??__E?s_modreg@RModuleReg@images_std@media@modules@UModSys@@2U12345@A@@YAXXZ 100063c0 f    CIL library: CIL module
 0001:00005400       ??__E?s_modreg_chain@RModuleReg@images_std@media@modules@UModSys@@2USModuleRegChain@base@5@A@@YAXXZ 10006400 f    CIL library: CIL module
 0001:00005420       ??__E?s_uid@RGenerator@images_std@media@modules@UModSys@@2USUniquePointer@core@5@A@@YAXXZ 10006420 f    CIL library: CIL module
 0001:00005450       ??__E?s_id@?$TObjectUniqueID@URMediaFilter@images_std@media@modules@UModSys@@@tl@UModSys@@2USUniquePointer@core@3@A@@YAXXZ 10006450 f    CIL library: CIL module
 0001:00005480       ??__E?s_id@?$TObjectUniqueID@URGenerator@images_std@media@modules@UModSys@@@tl@UModSys@@2USUniquePointer@core@3@A@@YAXXZ 10006480 f    CIL library: CIL module
 0001:000054b0       ??__EM@UModSys@@YAXXZ      100064b0 f    CIL library: CIL module
 0001:000054d0       ??__E?root@SModuleRegChain@base@UModSys@@2U123@A@@YAXXZ 100064d0 f    CIL library: CIL module
 0001:000054f0       ??__E?s_library@RModuleLibraryReg_Chain@base@UModSys@@2U123@A@@YAXXZ 100064f0 f    CIL library: CIL module
 0001:00005510       ??__E?root@SUniquePointer@core@UModSys@@2U123@A@@YAXXZ 10006510 f    CIL library: CIL module
 0001:00005530       ??__F?s_modreg@RModuleReg@test1@test@modules@UModSys@@2U12345@A@@YAXXZ 10006530 f    CIL library: CIL module
 0001:00005550       ??__F?s_modreg_chain@RModuleReg@test1@test@modules@UModSys@@2USModuleRegChain@base@5@A@@YAXXZ 10006550 f    CIL library: CIL module
 0001:00005560       ??__F?s_uid@RGenerator@test1@test@modules@UModSys@@2USUniquePointer@core@5@A@@YAXXZ 10006560 f    CIL library: CIL module
 0001:00005570       ??__Fh@?1??s_holder@RGenerator@test1@test@modules@UModSys@@SAAAU?$TTypeStaticHolder@URGenerator@test1@test@modules@UModSys@@@tl@5@XZ@YAXXZ 10006570 f    CIL library: CIL module
 0001:00005590       ??__F?s_id@?$TObjectUniqueID@URGenerator@test1@test@modules@UModSys@@@tl@UModSys@@2USUniquePointer@core@3@A@@YAXXZ 10006590 f    CIL library: CIL module
 0001:000055a0       ??__F?s_id@?$TObjectUniqueID@URTest1_Shell@test1@test@modules@UModSys@@@tl@UModSys@@2USUniquePointer@core@3@A@@YAXXZ 100065a0 f    CIL library: CIL module
 0001:000055b0       ??__F?s_id@?$TObjectUniqueID@URLines_Filter@test1@test@modules@UModSys@@@tl@UModSys@@2USUniquePointer@core@3@A@@YAXXZ 100065b0 f    CIL library: CIL module
 0001:000055c0       ??__F?s_id@?$TObjectUniqueID@URLines@test1@test@modules@UModSys@@@tl@UModSys@@2USUniquePointer@core@3@A@@YAXXZ 100065c0 f    CIL library: CIL module
 0001:000055d0       ??__F?s_id@?$TObjectUniqueID@UILines@test1@test@modules@UModSys@@@tl@UModSys@@2USUniquePointer@core@3@A@@YAXXZ 100065d0 f    CIL library: CIL module
 0001:000055e0       ??__F?s_id@?$TObjectUniqueID@UIRenderDriver@lib2d@UModSys@@@tl@UModSys@@2USUniquePointer@core@3@A@@YAXXZ 100065e0 f    CIL library: CIL module
 0001:000055f0       ??__F?s_id@?$TObjectUniqueID@UIMultiImage@lib2d@UModSys@@@tl@UModSys@@2USUniquePointer@core@3@A@@YAXXZ 100065f0 f    CIL library: CIL module
 0001:00005600       ??__F?s_id@?$TObjectUniqueID@UIImage@lib2d@UModSys@@@tl@UModSys@@2USUniquePointer@core@3@A@@YAXXZ 10006600 f    CIL library: CIL module
 0001:00005610       ??__F?s_id@?$TObjectUniqueID@UIConsoleHelperInput_UIKey@libui@UModSys@@@tl@UModSys@@2USUniquePointer@core@3@A@@YAXXZ 10006610 f    CIL library: CIL module
 0001:00005620       ??__F?s_id@?$TObjectUniqueID@UITerminal@libui@UModSys@@@tl@UModSys@@2USUniquePointer@core@3@A@@YAXXZ 10006620 f    CIL library: CIL module
 0001:00005630       ??__F?s_id@?$TObjectUniqueID@UIJoystickController@libui@UModSys@@@tl@UModSys@@2USUniquePointer@core@3@A@@YAXXZ 10006630 f    CIL library: CIL module
 0001:00005640       ??__F?s_id@?$TObjectUniqueID@UIMouseController@libui@UModSys@@@tl@UModSys@@2USUniquePointer@core@3@A@@YAXXZ 10006640 f    CIL library: CIL module
 0001:00005650       ??__F?s_id@?$TObjectUniqueID@UIKeyboardController@libui@UModSys@@@tl@UModSys@@2USUniquePointer@core@3@A@@YAXXZ 10006650 f    CIL library: CIL module
 0001:00005660       ??__F?s_id@?$TObjectUniqueID@UIConsoleHelperOutputFCS@base@UModSys@@@tl@UModSys@@2USUniquePointer@core@3@A@@YAXXZ 10006660 f    CIL library: CIL module
 0001:00005670       ??__F?s_id@?$TObjectUniqueID@UIConsoleHelperOutput@base@UModSys@@@tl@UModSys@@2USUniquePointer@core@3@A@@YAXXZ 10006670 f    CIL library: CIL module
 0001:00005680       ??__F?s_id@?$TObjectUniqueID@UIConsoleHelperInput@base@UModSys@@@tl@UModSys@@2USUniquePointer@core@3@A@@YAXXZ 10006680 f    CIL library: CIL module
 0001:00005690       ??__F?s_id@?$TObjectUniqueID@UIConsoleHelperHistory@base@UModSys@@@tl@UModSys@@2USUniquePointer@core@3@A@@YAXXZ 10006690 f    CIL library: CIL module
 0001:000056a0       ??__F?s_id@?$TObjectUniqueID@UIConsoleHelper@base@UModSys@@@tl@UModSys@@2USUniquePointer@core@3@A@@YAXXZ 100066a0 f    CIL library: CIL module
 0001:000056b0       ??__F?s_id@?$TObjectUniqueID@UIConsoleExt@base@UModSys@@@tl@UModSys@@2USUniquePointer@core@3@A@@YAXXZ 100066b0 f    CIL library: CIL module
 0001:000056c0       ??__F?s_id@?$TObjectUniqueID@UILibraryLayered@libmedia@UModSys@@@tl@UModSys@@2USUniquePointer@core@3@A@@YAXXZ 100066c0 f    CIL library: CIL module
 0001:000056d0       ??__F?s_id@?$TObjectUniqueID@UILibraryObjCache@libmedia@UModSys@@@tl@UModSys@@2USUniquePointer@core@3@A@@YAXXZ 100066d0 f    CIL library: CIL module
 0001:000056e0       ??__F?s_id@?$TObjectUniqueID@UILibraryObjFilter@libmedia@UModSys@@@tl@UModSys@@2USUniquePointer@core@3@A@@YAXXZ 100066e0 f    CIL library: CIL module
 0001:000056f0       ??__F?s_id@?$TObjectUniqueID@UILibraryBinCache@libmedia@UModSys@@@tl@UModSys@@2USUniquePointer@core@3@A@@YAXXZ 100066f0 f    CIL library: CIL module
 0001:00005700       ??__F?s_id@?$TObjectUniqueID@UILibraryBinTree@libmedia@UModSys@@@tl@UModSys@@2USUniquePointer@core@3@A@@YAXXZ 10006700 f    CIL library: CIL module
 0001:00005710       ??__F?s_id@?$TObjectUniqueID@UILibrary@libmedia@UModSys@@@tl@UModSys@@2USUniquePointer@core@3@A@@YAXXZ 10006710 f    CIL library: CIL module
 0001:00005720       ??__F?s_id@?$TObjectUniqueID@UIBinObjFilter@libmedia@UModSys@@@tl@UModSys@@2USUniquePointer@core@3@A@@YAXXZ 10006720 f    CIL library: CIL module
 0001:00005730       ??__F?s_id@?$TObjectUniqueID@UIBinArchive@libmedia@UModSys@@@tl@UModSys@@2USUniquePointer@core@3@A@@YAXXZ 10006730 f    CIL library: CIL module
 0001:00005740       ??__F?s_id@?$TObjectUniqueID@UIStreamWriter@libmedia@UModSys@@@tl@UModSys@@2USUniquePointer@core@3@A@@YAXXZ 10006740 f    CIL library: CIL module
 0001:00005750       ??__F?s_id@?$TObjectUniqueID@UIStreamReader@libmedia@UModSys@@@tl@UModSys@@2USUniquePointer@core@3@A@@YAXXZ 10006750 f    CIL library: CIL module
 0001:00005760       ??__F?s_id@?$TObjectUniqueID@UISystem@base@UModSys@@@tl@UModSys@@2USUniquePointer@core@3@A@@YAXXZ 10006760 f    CIL library: CIL module
 0001:00005770       ??__F?s_id@?$TObjectUniqueID@UIConsole@base@UModSys@@@tl@UModSys@@2USUniquePointer@core@3@A@@YAXXZ 10006770 f    CIL library: CIL module
 0001:00005780       ??__F?s_id@?$TObjectUniqueID@UIShell@base@UModSys@@@tl@UModSys@@2USUniquePointer@core@3@A@@YAXXZ 10006780 f    CIL library: CIL module
 0001:00005790       ??__F?s_id@?$TObjectUniqueID@UIGenerator@base@UModSys@@@tl@UModSys@@2USUniquePointer@core@3@A@@YAXXZ 10006790 f    CIL library: CIL module
 0001:000057a0       ??__F?s_id@?$TObjectUniqueID@UIModObject@base@UModSys@@@tl@UModSys@@2USUniquePointer@core@3@A@@YAXXZ 100067a0 f    CIL library: CIL module
 0001:000057b0       ??__F?s_id@?$TObjectUniqueID@UIModuleLibrary@base@UModSys@@@tl@UModSys@@2USUniquePointer@core@3@A@@YAXXZ 100067b0 f    CIL library: CIL module
 0001:000057c0       ??__F?s_id@?$TObjectUniqueID@UIModule@base@UModSys@@@tl@UModSys@@2USUniquePointer@core@3@A@@YAXXZ 100067c0 f    CIL library: CIL module
 0001:000057d0       ??__F?s_id@?$TObjectUniqueID@UIParameters@core@UModSys@@@tl@UModSys@@2USUniquePointer@core@3@A@@YAXXZ 100067d0 f    CIL library: CIL module
 0001:000057e0       ??__F?s_id@?$TObjectUniqueID@UIRefObject@core@UModSys@@@tl@UModSys@@2USUniquePointer@core@3@A@@YAXXZ 100067e0 f    CIL library: CIL module
 0001:000057f0       ??__F?s_id@?$TObjectUniqueID@UIRoot@core@UModSys@@@tl@UModSys@@2USUniquePointer@core@3@A@@YAXXZ 100067f0 f    CIL library: CIL module
 0001:00005800       ??__F?s_modreg@RModuleReg@SDL_core@ui@modules@UModSys@@2U12345@A@@YAXXZ 10006800 f    CIL library: CIL module
 0001:00005820       ??__F?s_modreg_chain@RModuleReg@SDL_core@ui@modules@UModSys@@2USModuleRegChain@base@5@A@@YAXXZ 10006820 f    CIL library: CIL module
 0001:00005830       ??__F?s_uid@RGenerator@SDL_core@ui@modules@UModSys@@2USUniquePointer@core@5@A@@YAXXZ 10006830 f    CIL library: CIL module
 0001:00005840       ??__Fh@?1??s_holder@RGenerator@SDL_core@ui@modules@UModSys@@SAAAU?$TTypeStaticHolder@URGenerator@SDL_core@ui@modules@UModSys@@@tl@5@XZ@YAXXZ 10006840 f    CIL library: CIL module
 0001:00005860       ??__F?s_id@?$TObjectUniqueID@URGenerator@SDL_core@ui@modules@UModSys@@@tl@UModSys@@2USUniquePointer@core@3@A@@YAXXZ 10006860 f    CIL library: CIL module
 0001:00005870       ??__F?s_id@?$TObjectUniqueID@URTerminal_SDL_core@SDL_core@ui@modules@UModSys@@@tl@UModSys@@2USUniquePointer@core@3@A@@YAXXZ 10006870 f    CIL library: CIL module
 0001:00005880       ??__F?s_id@?$TObjectUniqueID@URRenderDriver2D_SDL_core@SDL_core@ui@modules@UModSys@@@tl@UModSys@@2USUniquePointer@core@3@A@@YAXXZ 10006880 f    CIL library: CIL module
 0001:00005890       ??__F?s_modreg@RModuleReg@images_std@media@modules@UModSys@@2U12345@A@@YAXXZ 10006890 f    CIL library: CIL module
 0001:000058b0       ??__F?s_modreg_chain@RModuleReg@images_std@media@modules@UModSys@@2USModuleRegChain@base@5@A@@YAXXZ 100068b0 f    CIL library: CIL module
 0001:000058c0       ??__F?s_uid@RGenerator@images_std@media@modules@UModSys@@2USUniquePointer@core@5@A@@YAXXZ 100068c0 f    CIL library: CIL module
 0001:000058d0       ??__Fh@?1??s_holder@RGenerator@images_std@media@modules@UModSys@@SAAAU?$TTypeStaticHolder@URGenerator@images_std@media@modules@UModSys@@@tl@5@XZ@YAXXZ 100068d0 f    CIL library: CIL module
 0001:000058f0       ??__F?s_id@?$TObjectUniqueID@URGenerator@images_std@media@modules@UModSys@@@tl@UModSys@@2USUniquePointer@core@3@A@@YAXXZ 100068f0 f    CIL library: CIL module
 0001:00005900       ??__F?s_id@?$TObjectUniqueID@URMediaFilter@images_std@media@modules@UModSys@@@tl@UModSys@@2USUniquePointer@core@3@A@@YAXXZ 10006900 f    CIL library: CIL module
 0001:00005910       ??__FM@UModSys@@YAXXZ      10006910 f    CIL library: CIL module
 0001:00005920       ??__F?root@SModuleRegChain@base@UModSys@@2U123@A@@YAXXZ 10006920 f    CIL library: CIL module
 0001:00005930       ??__F?s_library@RModuleLibraryReg_Chain@base@UModSys@@2U123@A@@YAXXZ 10006930 f    CIL library: CIL module
 0001:00005940       ??__F?root@SUniquePointer@core@UModSys@@2U123@A@@YAXXZ 10006940 f    CIL library: CIL module

 Exports

  ordinal    name

        1    _UModSys_Plugin_Entry2@0
