 plugin_test1

 Timestamp is 527cf7f6 (Fri Nov 08 17:40:54 2013)

 Preferred load address is 10000000

 Start         Length     Name                   Class
 0001:00000000 000059c8H .text                   CODE
 0001:000059d0 00000248H .text$x                 CODE
 0001:00005c20 00000a91H .text$yc                CODE
 0001:000066c0 0000042aH .text$yd                CODE
 0002:00000000 00000188H .idata$5                DATA
 0002:00000188 00000004H .CRT$XCA                DATA
 0002:0000018c 00000364H .CRT$XCU                DATA
 0002:000004f0 00000004H .CRT$XCZ                DATA
 0002:000004f4 00000004H .CRT$XIA                DATA
 0002:000004f8 00000004H .CRT$XIAA               DATA
 0002:000004fc 00000004H .CRT$XIZ                DATA
 0002:00000500 00001068H .rdata                  DATA
 0002:00001568 0000082cH .rdata$r                DATA
 0002:00001da0 00000048H .rdata$sxdata           DATA
 0002:00001de8 00000004H .rtc$IAA                DATA
 0002:00001dec 00000004H .rtc$IZZ                DATA
 0002:00001df0 00000004H .rtc$TAA                DATA
 0002:00001df4 00000004H .rtc$TZZ                DATA
 0002:00001df8 00000410H .xdata$x                DATA
 0002:00002208 00000064H .idata$2                DATA
 0002:0000226c 00000014H .idata$3                DATA
 0002:00002280 00000188H .idata$4                DATA
 0002:00002408 0000075cH .idata$6                DATA
 0002:00002b70 0000005cH .edata                  DATA
 0003:00000000 000005b0H .data                   DATA
 0003:000005b0 0000090cH .bss                    DATA

  Address         Publics by Value              Rva+Base       Lib:Object

 0000:00000000       __except_list              00000000     <absolute>
 0000:00000012       ___safe_se_handler_count   00000012     <absolute>
 0000:00009876       __fltused                  00009876     <absolute>
 0000:00009876       __ldused                   00009876     <absolute>
 0000:00000000       ___ImageBase               10000000     <linker-defined>
 0001:00000000       ??1SMemShared@core@UModSys@@QAE@XZ 10001000 f i plugin_test1.obj
 0001:00000010       ??3IRoot@core@UModSys@@SAXPAXABUSIMemAlloc@12@@Z 10001010 f i plugin_test1.obj
 0001:00000020       ??_EIRoot@core@UModSys@@UAEPAXI@Z 10001020 f i  CIL library: CIL module
 0001:00000020       ??_GIRoot@core@UModSys@@UAEPAXI@Z 10001020 f i plugin_test1.obj
 0001:00000040       ?root_get_interface_info@RTest1_Shell@test1@test@modules@UModSys@@UBEABUSUniquePointerInfo@core@5@XZ 10001040 f i plugin_test1.obj
 0001:00000050       ?root_get_interface_type@RTest1_Shell@test1@test@modules@UModSys@@UBEPBUSUniquePointerInfo@core@5@XZ 10001050 f i plugin_test1.obj
 0001:00000060       ?root_get_interface_types@RGenerator@test1@test@modules@UModSys@@UBEIAAUSUniquePtrList@core@5@@Z 10001060 f i plugin_test1.obj
 0001:00000060       ?root_get_interface_types@RRenderDriver2D_SDL_core@SDL_core@ui@modules@UModSys@@UBEIAAUSUniquePtrList@core@5@@Z 10001060 f i umodsys_lib_libui:umodsys.mod.ui.SDL_core.obj
 0001:00000060       ?root_get_interface_types@RTerminal_SDL_core@SDL_core@ui@modules@UModSys@@UBEIAAUSUniquePtrList@core@5@@Z 10001060 f i umodsys_lib_libui:umodsys.mod.ui.SDL_core.obj
 0001:00000060       ?root_get_interface_types@RMediaFilter@images_std@media@modules@UModSys@@UBEIAAUSUniquePtrList@core@5@@Z 10001060 f i umodsys_lib_libmedia:umodsys.mod.media.images_std.obj
 0001:00000060       ?root_get_interface_types@RGenerator@SDL_core@ui@modules@UModSys@@UBEIAAUSUniquePtrList@core@5@@Z 10001060 f i umodsys_lib_libui:umodsys.mod.ui.SDL_core.obj
 0001:00000060       ?root_get_interface_types@RGenerator@images_std@media@modules@UModSys@@UBEIAAUSUniquePtrList@core@5@@Z 10001060 f i umodsys_lib_libmedia:umodsys.mod.media.images_std.obj
 0001:00000060       ?root_get_interface_types@RTest1_Shell@test1@test@modules@UModSys@@UBEIAAUSUniquePtrList@core@5@@Z 10001060 f i plugin_test1.obj
 0001:00000060       ?root_get_interface_types@RMultiImage2D_SDL_ttf@SDL_core@ui@modules@UModSys@@UBEIAAUSUniquePtrList@core@5@@Z 10001060 f i umodsys_lib_libui:umodsys.mod.ui.SDL_core.obj
 0001:00000070       ?root_get_other_interface@RTest1_Shell@test1@test@modules@UModSys@@UBEPBUIRoot@core@5@PBUSUniquePointerInfo@75@@Z 10001070 f i plugin_test1.obj
 0001:00000070       ?root_get_other_interface@RTest1_Shell@test1@test@modules@UModSys@@UAEPAUIRoot@core@5@PBUSUniquePointerInfo@75@@Z 10001070 f i plugin_test1.obj
 0001:000000a0       ?root_is_interface_supported@RTest1_Shell@test1@test@modules@UModSys@@UBE_NPBUSUniquePointerInfo@core@5@@Z 100010a0 f i plugin_test1.obj
 0001:000000e0       ??0RTest1_Shell@test1@test@modules@UModSys@@QAE@PAUIModObject@base@4@@Z 100010e0 f i plugin_test1.obj
 0001:000001e0       ??1RTest1_Shell@test1@test@modules@UModSys@@UAE@XZ 100011e0 f i plugin_test1.obj
 0001:00000270       ?connect@RTest1_Shell@test1@test@modules@UModSys@@UAE_NXZ 10001270 f i plugin_test1.obj
 0001:00000290       ?disconnect@RTest1_Shell@test1@test@modules@UModSys@@UAE_NXZ 10001290 f i plugin_test1.obj
 0001:000002b0       ?process_tick@RTest1_Shell@test1@test@modules@UModSys@@UAE_NABUSTimeMsec@core@5@@Z 100012b0 f i plugin_test1.obj
 0001:000002e0       ?process_command@RTest1_Shell@test1@test@modules@UModSys@@UAE_NHQBU?$TString@U?$TSCoreConst@D@su@tl@UModSys@@U?$TComparerBinaryHash@D@234@@tl@5@@Z 100012e0 f i plugin_test1.obj
 0001:00000310       ??_ERTest1_Shell@test1@test@modules@UModSys@@UAEPAXI@Z 10001310 f i  CIL library: CIL module
 0001:00000310       ??_GRTest1_Shell@test1@test@modules@UModSys@@UAEPAXI@Z 10001310 f i plugin_test1.obj
 0001:00000330       ??1ITerminal@libui@UModSys@@UAE@XZ 10001330 f i umodsys_lib_libui:umodsys.mod.ui.SDL_core.obj
 0001:00000330       ??1IRenderDriver@lib2d@UModSys@@UAE@XZ 10001330 f i umodsys_lib_libui:umodsys.mod.ui.SDL_core.obj
 0001:00000330       ??1IMultiImage@lib2d@UModSys@@UAE@XZ 10001330 f i umodsys_lib_libui:umodsys.mod.ui.SDL_core.obj
 0001:00000330       ??1IBinObjFilter@libmedia@UModSys@@UAE@XZ 10001330 f i plugin_test1.obj
 0001:00000330       ??1IShell@base@UModSys@@UAE@XZ 10001330 f i plugin_test1.obj
 0001:00000340       ??1SParameters@core@UModSys@@QAE@XZ 10001340 f i plugin_test1.obj
 0001:00000340       ??1?$TParametersA@$0EAA@@core@UModSys@@QAE@XZ 10001340 f i plugin_test1.obj
 0001:00000350       ?get_generated_names@RGenerator@test1@test@modules@UModSys@@UBEHAAUSUniquePtrList@core@5@@Z 10001350 f i plugin_test1.obj
 0001:00000370       ?get_generated_types@RGenerator@test1@test@modules@UModSys@@UBEHAAUSUniquePtrList@core@5@PBUSUniquePointerInfo@75@@Z 10001370 f i plugin_test1.obj
 0001:000003c0       ?generate@RGenerator@test1@test@modules@UModSys@@UAE_NAAU?$TRefObject@UIRefObject@core@UModSys@@U?$TRefObjectFunc@UIRefObject@core@UModSys@@@tl@3@@tl@5@PBUSUniquePointerInfo@core@5@ABUSParameters@95@@Z 100013c0 f i plugin_test1.obj
 0001:00000480       ?root_get_interface_info@RGenerator@test1@test@modules@UModSys@@UBEABUSUniquePointerInfo@core@5@XZ 10001480 f i plugin_test1.obj
 0001:00000490       ?root_get_interface_type@RGenerator@test1@test@modules@UModSys@@UBEPBUSUniquePointerInfo@core@5@XZ 10001490 f i plugin_test1.obj
 0001:000004a0       ?root_get_other_interface@RGenerator@test1@test@modules@UModSys@@UAEPAUIRoot@core@5@PBUSUniquePointerInfo@75@@Z 100014a0 f i plugin_test1.obj
 0001:000004a0       ?root_get_other_interface@RGenerator@test1@test@modules@UModSys@@UBEPBUIRoot@core@5@PBUSUniquePointerInfo@75@@Z 100014a0 f i plugin_test1.obj
 0001:000004e0       ?root_is_interface_supported@RGenerator@test1@test@modules@UModSys@@UBE_NPBUSUniquePointerInfo@core@5@@Z 100014e0 f i plugin_test1.obj
 0001:00000520       ?ref_links@RGenerator@SDL_core@ui@modules@UModSys@@UBEHXZ 10001520 f i umodsys_lib_libui:umodsys.mod.ui.SDL_core.obj
 0001:00000520       ?ref_links@RGenerator@test1@test@modules@UModSys@@UBEHXZ 10001520 f i plugin_test1.obj
 0001:00000520       ?ref_links@RMultiImage2D_SDL_ttf@SDL_core@ui@modules@UModSys@@UBEHXZ 10001520 f i umodsys_lib_libui:umodsys.mod.ui.SDL_core.obj
 0001:00000520       ?ref_links@RGenerator@images_std@media@modules@UModSys@@UBEHXZ 10001520 f i umodsys_lib_libmedia:umodsys.mod.media.images_std.obj
 0001:00000520       ?ref_links@RRenderDriver2D_SDL_core@SDL_core@ui@modules@UModSys@@UBEHXZ 10001520 f i umodsys_lib_libui:umodsys.mod.ui.SDL_core.obj
 0001:00000520       ?ref_links@RTerminal_SDL_core@SDL_core@ui@modules@UModSys@@UBEHXZ 10001520 f i umodsys_lib_libui:umodsys.mod.ui.SDL_core.obj
 0001:00000520       ?ref_links@RTest1_Shell@test1@test@modules@UModSys@@UBEHXZ 10001520 f i plugin_test1.obj
 0001:00000530       ?suicide@RGenerator@test1@test@modules@UModSys@@UAEXXZ 10001530 f i plugin_test1.obj
 0001:00000530       ?suicide@RGenerator@SDL_core@ui@modules@UModSys@@UAEXXZ 10001530 f i umodsys_lib_libui:umodsys.mod.ui.SDL_core.obj
 0001:00000530       ??3@YAXPAX0@Z              10001530 f i plugin_test1.obj
 0001:00000530       ?suicide@RGenerator@images_std@media@modules@UModSys@@UAEXXZ 10001530 f i umodsys_lib_libmedia:umodsys.mod.media.images_std.obj
 0001:00000540       ?get_uid@RGenerator@test1@test@modules@UModSys@@UBEPBUSUniquePointerInfo@core@5@XZ 10001540 f i plugin_test1.obj
 0001:00000550       ?do_open@RModuleReg@test1@test@modules@UModSys@@UAE_NXZ 10001550 f i plugin_test1.obj
 0001:00000580       ?do_close@RModuleReg@test1@test@modules@UModSys@@UAE_NXZ 10001580 f i plugin_test1.obj
 0001:000005b0       ??_ERModuleReg@test1@test@modules@UModSys@@UAEPAXI@Z 100015b0 f i  CIL library: CIL module
 0001:000005b0       ??_GRModuleReg@test1@test@modules@UModSys@@UAEPAXI@Z 100015b0 f i plugin_test1.obj
 0001:000005e0       ??0?$TString@U?$TSCoreConst@D@su@tl@UModSys@@U?$TComparerBinaryHash@D@234@@tl@UModSys@@QAE@PBD@Z 100015e0 f i plugin_test1.obj
 0001:00000630       ??_ERGenerator@test1@test@modules@UModSys@@UAEPAXI@Z 10001630 f i  CIL library: CIL module
 0001:00000630       ??_GIRefObject@core@UModSys@@UAEPAXI@Z 10001630 f i plugin_test1.obj
 0001:00000630       ??_ERGenerator@SDL_core@ui@modules@UModSys@@UAEPAXI@Z 10001630 f i  CIL library: CIL module
 0001:00000630       ??_GRGenerator@SDL_core@ui@modules@UModSys@@UAEPAXI@Z 10001630 f i umodsys_lib_libui:umodsys.mod.ui.SDL_core.obj
 0001:00000630       ??_GRGenerator@images_std@media@modules@UModSys@@UAEPAXI@Z 10001630 f i umodsys_lib_libmedia:umodsys.mod.media.images_std.obj
 0001:00000630       ??_ERGenerator@images_std@media@modules@UModSys@@UAEPAXI@Z 10001630 f i  CIL library: CIL module
 0001:00000630       ??_GRGenerator@test1@test@modules@UModSys@@UAEPAXI@Z 10001630 f i plugin_test1.obj
 0001:00000630       ??_EIRefObject@core@UModSys@@UAEPAXI@Z 10001630 f i  CIL library: CIL module
 0001:00000650       ??$t_generate@UITerminal@libui@UModSys@@@SModuleContext@base@UModSys@@QAE_NAAU?$TRefObject@UITerminal@libui@UModSys@@U?$TRefObjectFunc@UITerminal@libui@UModSys@@@tl@3@@tl@2@PBUSUniquePointerInfo@core@2@ABUSParameters@62@@Z 10001650 f i plugin_test1.obj
 0001:00000700       ??$t_generate@UIMultiImage@lib2d@UModSys@@@SModuleContext@base@UModSys@@QAE_NAAU?$TRefObject@UIMultiImage@lib2d@UModSys@@U?$TRefObjectFunc@UIMultiImage@lib2d@UModSys@@@tl@3@@tl@2@PBUSUniquePointerInfo@core@2@ABUSParameters@62@@Z 10001700 f i plugin_test1.obj
 0001:000007b0       ??$t_create_handler@UIRenderDriver@lib2d@UModSys@@@ITerminal@libui@UModSys@@QAE_NAAU?$TRefObject@UIRenderDriver@lib2d@UModSys@@U?$TRefObjectFunc@UIRenderDriver@lib2d@UModSys@@@tl@3@@tl@2@PBDPBUSParameters@core@2@@Z 100017b0 f i plugin_test1.obj
 0001:00000860       ??$shash@D@su@tl@UModSys@@YAHPBDI@Z 10001860 f i plugin_test1.obj
 0001:00000890       ??1?$TRefObject@UIModObject@base@UModSys@@U?$TModObjectFunc@UIModObject@base@UModSys@@@tl@3@@tl@UModSys@@QAE@XZ 10001890 f i plugin_test1.obj
 0001:000008b0       ??$t_ref_get_other_interface@UITerminal@libui@UModSys@@U?$TRefObjectFunc@UITerminal@libui@UModSys@@@tl@3@@IRefObject@core@UModSys@@QAE_NAAU?$TRefObject@UITerminal@libui@UModSys@@U?$TRefObjectFunc@UITerminal@libui@UModSys@@@tl@3@@tl@2@@Z 100018b0 f i plugin_test1.obj
 0001:000008f0       ??$t_ref_get_other_interface@UIMultiImage@lib2d@UModSys@@U?$TRefObjectFunc@UIMultiImage@lib2d@UModSys@@@tl@3@@IRefObject@core@UModSys@@QAE_NAAU?$TRefObject@UIMultiImage@lib2d@UModSys@@U?$TRefObjectFunc@UIMultiImage@lib2d@UModSys@@@tl@3@@tl@2@@Z 100018f0 f i plugin_test1.obj
 0001:00000930       ?root_get_interface_info@RMultiImage2D_SDL_ttf@SDL_core@ui@modules@UModSys@@UBEABUSUniquePointerInfo@core@5@XZ 10001930 f i umodsys_lib_libui:umodsys.mod.ui.SDL_core.obj
 0001:00000940       ?root_get_interface_type@RMultiImage2D_SDL_ttf@SDL_core@ui@modules@UModSys@@UBEPBUSUniquePointerInfo@core@5@XZ 10001940 f i umodsys_lib_libui:umodsys.mod.ui.SDL_core.obj
 0001:00000950       ?root_get_other_interface@RMultiImage2D_SDL_ttf@SDL_core@ui@modules@UModSys@@UBEPBUIRoot@core@5@PBUSUniquePointerInfo@75@@Z 10001950 f i umodsys_lib_libui:umodsys.mod.ui.SDL_core.obj
 0001:00000950       ?root_get_other_interface@RMultiImage2D_SDL_ttf@SDL_core@ui@modules@UModSys@@UAEPAUIRoot@core@5@PBUSUniquePointerInfo@75@@Z 10001950 f i umodsys_lib_libui:umodsys.mod.ui.SDL_core.obj
 0001:00000980       ?root_is_interface_supported@RMultiImage2D_SDL_ttf@SDL_core@ui@modules@UModSys@@UBE_NPBUSUniquePointerInfo@core@5@@Z 10001980 f i umodsys_lib_libui:umodsys.mod.ui.SDL_core.obj
 0001:000009c0       ??0RMultiImage2D_SDL_ttf@SDL_core@ui@modules@UModSys@@QAE@PAURRenderDriver2D_SDL_core@1234@ABUSParameters@core@4@@Z 100019c0 f i umodsys_lib_libui:umodsys.mod.ui.SDL_core.obj
 0001:00000a40       ??1RMultiImage2D_SDL_ttf@SDL_core@ui@modules@UModSys@@UAE@XZ 10001a40 f i umodsys_lib_libui:umodsys.mod.ui.SDL_core.obj
 0001:00000ac0       ?open@RMultiImage2D_SDL_ttf@SDL_core@ui@modules@UModSys@@QAE_NABUSParameters@core@5@@Z 10001ac0 f i umodsys_lib_libui:umodsys.mod.ui.SDL_core.obj
 0001:00000b90       ?generate_glyphs@RMultiImage2D_SDL_ttf@SDL_core@ui@modules@UModSys@@QAE_NXZ 10001b90 f i umodsys_lib_libui:umodsys.mod.ui.SDL_core.obj
 0001:00000c90       ?get_layer@RMultiImage2D_SDL_ttf@SDL_core@ui@modules@UModSys@@UAEPAUIImage@lib2d@5@H@Z 10001c90 f i umodsys_lib_libui:umodsys.mod.ui.SDL_core.obj
 0001:00000c90       ?get_controller@RRenderDriver2D_SDL_core@SDL_core@ui@modules@UModSys@@UBEPAUIRefObject@core@5@PBUSUniquePointerInfo@75@@Z 10001c90 f i umodsys_lib_libui:umodsys.mod.ui.SDL_core.obj
 0001:00000ca0       ?set_layer_count@RMultiImage2D_SDL_ttf@SDL_core@ui@modules@UModSys@@UAE_NH@Z 10001ca0 f i umodsys_lib_libui:umodsys.mod.ui.SDL_core.obj
 0001:00000ca0       ?get_max_cell_size@RMultiImage2D_SDL_ttf@SDL_core@ui@modules@UModSys@@UAE_NAAU?$TVector2@H@math3d@5@@Z 10001ca0 f i umodsys_lib_libui:umodsys.mod.ui.SDL_core.obj
 0001:00000cb0       ?set_var_cell@RMultiImage2D_SDL_ttf@SDL_core@ui@modules@UModSys@@UAE_NPBUSImageCellInfo@lib2d@5@HH@Z 10001cb0 f i umodsys_lib_libui:umodsys.mod.ui.SDL_core.obj
 0001:00000cb0       ?get_cell_size@RMultiImage2D_SDL_ttf@SDL_core@ui@modules@UModSys@@UAE_NHAAU?$TVector2@H@math3d@5@PAU675@@Z 10001cb0 f i umodsys_lib_libui:umodsys.mod.ui.SDL_core.obj
 0001:00000cc0       ??_ERMultiImage2D_SDL_ttf@SDL_core@ui@modules@UModSys@@UAEPAXI@Z 10001cc0 f i  CIL library: CIL module
 0001:00000cc0       ??_GRMultiImage2D_SDL_ttf@SDL_core@ui@modules@UModSys@@UAEPAXI@Z 10001cc0 f i umodsys_lib_libui:umodsys.mod.ui.SDL_core.obj
 0001:00000ce0       ?root_get_interface_info@RRenderDriver2D_SDL_core@SDL_core@ui@modules@UModSys@@UBEABUSUniquePointerInfo@core@5@XZ 10001ce0 f i umodsys_lib_libui:umodsys.mod.ui.SDL_core.obj
 0001:00000cf0       ?root_get_interface_type@RRenderDriver2D_SDL_core@SDL_core@ui@modules@UModSys@@UBEPBUSUniquePointerInfo@core@5@XZ 10001cf0 f i umodsys_lib_libui:umodsys.mod.ui.SDL_core.obj
 0001:00000d00       ?root_get_other_interface@RRenderDriver2D_SDL_core@SDL_core@ui@modules@UModSys@@UBEPBUIRoot@core@5@PBUSUniquePointerInfo@75@@Z 10001d00 f i umodsys_lib_libui:umodsys.mod.ui.SDL_core.obj
 0001:00000d00       ?root_get_other_interface@RRenderDriver2D_SDL_core@SDL_core@ui@modules@UModSys@@UAEPAUIRoot@core@5@PBUSUniquePointerInfo@75@@Z 10001d00 f i umodsys_lib_libui:umodsys.mod.ui.SDL_core.obj
 0001:00000d30       ?root_is_interface_supported@RRenderDriver2D_SDL_core@SDL_core@ui@modules@UModSys@@UBE_NPBUSUniquePointerInfo@core@5@@Z 10001d30 f i umodsys_lib_libui:umodsys.mod.ui.SDL_core.obj
 0001:00000d70       ?ref_add@RGenerator@SDL_core@ui@modules@UModSys@@UBEXXZ 10001d70 f i umodsys_lib_libui:umodsys.mod.ui.SDL_core.obj
 0001:00000d70       ?ref_add@RRenderDriver2D_SDL_core@SDL_core@ui@modules@UModSys@@UBEXXZ 10001d70 f i umodsys_lib_libui:umodsys.mod.ui.SDL_core.obj
 0001:00000d70       ?ref_add@RTerminal_SDL_core@SDL_core@ui@modules@UModSys@@UBEXXZ 10001d70 f i umodsys_lib_libui:umodsys.mod.ui.SDL_core.obj
 0001:00000d70       ?ref_add@RTest1_Shell@test1@test@modules@UModSys@@UBEXXZ 10001d70 f i plugin_test1.obj
 0001:00000d70       ?ref_add@RGenerator@test1@test@modules@UModSys@@UBEXXZ 10001d70 f i plugin_test1.obj
 0001:00000d70       ?ref_add@RMultiImage2D_SDL_ttf@SDL_core@ui@modules@UModSys@@UBEXXZ 10001d70 f i umodsys_lib_libui:umodsys.mod.ui.SDL_core.obj
 0001:00000d70       ?ref_add@RGenerator@images_std@media@modules@UModSys@@UBEXXZ 10001d70 f i umodsys_lib_libmedia:umodsys.mod.media.images_std.obj
 0001:00000d80       ?suicide@RRenderDriver2D_SDL_core@SDL_core@ui@modules@UModSys@@UAEXXZ 10001d80 f i umodsys_lib_libui:umodsys.mod.ui.SDL_core.obj
 0001:00000d80       ?suicide@RMultiImage2D_SDL_ttf@SDL_core@ui@modules@UModSys@@UAEXXZ 10001d80 f i umodsys_lib_libui:umodsys.mod.ui.SDL_core.obj
 0001:00000d90       ??0RRenderDriver2D_SDL_core@SDL_core@ui@modules@UModSys@@QAE@PAURTerminal_SDL_core@1234@ABUSParameters@core@4@@Z 10001d90 f i umodsys_lib_libui:umodsys.mod.ui.SDL_core.obj
 0001:00000e30       ??1RRenderDriver2D_SDL_core@SDL_core@ui@modules@UModSys@@UAE@XZ 10001e30 f i umodsys_lib_libui:umodsys.mod.ui.SDL_core.obj
 0001:00000eb0       ?open@RRenderDriver2D_SDL_core@SDL_core@ui@modules@UModSys@@QAE_NABUSParameters@core@5@@Z 10001eb0 f i umodsys_lib_libui:umodsys.mod.ui.SDL_core.obj
 0001:00001000       ?set_color@RRenderDriver2D_SDL_core@SDL_core@ui@modules@UModSys@@QAEXXZ 10002000 f i umodsys_lib_libui:umodsys.mod.ui.SDL_core.obj
 0001:000010f0       ?begin@RRenderDriver2D_SDL_core@SDL_core@ui@modules@UModSys@@UAEXXZ 100020f0 f i umodsys_lib_libui:umodsys.mod.ui.SDL_core.obj
 0001:000011d0       ?end@RRenderDriver2D_SDL_core@SDL_core@ui@modules@UModSys@@UAEXXZ 100021d0 f i umodsys_lib_libui:umodsys.mod.ui.SDL_core.obj
 0001:000011e0       ?get_frame_values@RRenderDriver2D_SDL_core@SDL_core@ui@modules@UModSys@@UBEPBUSParameters@core@5@XZ 100021e0 f i umodsys_lib_libui:umodsys.mod.ui.SDL_core.obj
 0001:000011e0       ?get_max_values@RRenderDriver2D_SDL_core@SDL_core@ui@modules@UModSys@@UBEPBUSParameters@core@5@XZ 100021e0 f i umodsys_lib_libui:umodsys.mod.ui.SDL_core.obj
 0001:000011f0       ?set_parameters@RRenderDriver2D_SDL_core@SDL_core@ui@modules@UModSys@@UAE_NPBDABUSParameters@core@5@@Z 100021f0 f i umodsys_lib_libui:umodsys.mod.ui.SDL_core.obj
 0001:000011f0       ?set_hint@RMultiImage2D_SDL_ttf@SDL_core@ui@modules@UModSys@@UAE_NPBD0@Z 100021f0 f i umodsys_lib_libui:umodsys.mod.ui.SDL_core.obj
 0001:000011f0       ?set_fixed_cell@RMultiImage2D_SDL_ttf@SDL_core@ui@modules@UModSys@@UAE_NHH@Z 100021f0 f i umodsys_lib_libui:umodsys.mod.ui.SDL_core.obj
 0001:00001200       ?setup_font@RRenderDriver2D_SDL_core@SDL_core@ui@modules@UModSys@@UAE_NPAUIMultiImage@lib2d@5@PBU?$TVector2@M@math3d@5@@Z 10002200 f i umodsys_lib_libui:umodsys.mod.ui.SDL_core.obj
 0001:00001270       ?setup_color@RRenderDriver2D_SDL_core@SDL_core@ui@modules@UModSys@@UAEXABU?$TVector3@M@math3d@5@@Z 10002270 f i umodsys_lib_libui:umodsys.mod.ui.SDL_core.obj
 0001:000012a0       ?setup_color@RRenderDriver2D_SDL_core@SDL_core@ui@modules@UModSys@@UAEXABU?$TVector3@H@math3d@5@@Z 100022a0 f i umodsys_lib_libui:umodsys.mod.ui.SDL_core.obj
 0001:000012f0       ?setup_coloralpha@RRenderDriver2D_SDL_core@SDL_core@ui@modules@UModSys@@UAEXABU?$TVector4@M@math3d@5@H@Z 100022f0 f i umodsys_lib_libui:umodsys.mod.ui.SDL_core.obj
 0001:00001330       ?setup_coloralpha@RRenderDriver2D_SDL_core@SDL_core@ui@modules@UModSys@@UAEXABU?$TVector4@H@math3d@5@H@Z 10002330 f i umodsys_lib_libui:umodsys.mod.ui.SDL_core.obj
 0001:00001390       ?setup_blendcolor@RRenderDriver2D_SDL_core@SDL_core@ui@modules@UModSys@@UAEXABUSBlendColor@lib2d@5@@Z 10002390 f i umodsys_lib_libui:umodsys.mod.ui.SDL_core.obj
 0001:000013f0       ?setup_blendcolor@RRenderDriver2D_SDL_core@SDL_core@ui@modules@UModSys@@UAEXABUSBlendColorf@lib2d@5@@Z 100023f0 f i umodsys_lib_libui:umodsys.mod.ui.SDL_core.obj
 0001:00001450       ?setup_alpha@RRenderDriver2D_SDL_core@SDL_core@ui@modules@UModSys@@UAEXHH@Z 10002450 f i umodsys_lib_libui:umodsys.mod.ui.SDL_core.obj
 0001:00001480       ?setup_alpha@RRenderDriver2D_SDL_core@SDL_core@ui@modules@UModSys@@UAEXMH@Z 10002480 f i umodsys_lib_libui:umodsys.mod.ui.SDL_core.obj
 0001:000014a0       ?render_text_advanced@RRenderDriver2D_SDL_core@SDL_core@ui@modules@UModSys@@UAE_NAAUTextInfo@IRenderDriver@lib2d@5@PBHH@Z 100024a0 f i umodsys_lib_libui:umodsys.mod.ui.SDL_core.obj
 0001:00001640       ?render_box@RRenderDriver2D_SDL_core@SDL_core@ui@modules@UModSys@@UAEXABU?$TVector2@H@math3d@5@0@Z 10002640 f i umodsys_lib_libui:umodsys.mod.ui.SDL_core.obj
 0001:00001690       ?render_tri@RRenderDriver2D_SDL_core@SDL_core@ui@modules@UModSys@@UAEXABU?$TVector2@H@math3d@5@00@Z 10002690 f i umodsys_lib_libui:umodsys.mod.ui.SDL_core.obj
 0001:00001700       ?render_quad@RRenderDriver2D_SDL_core@SDL_core@ui@modules@UModSys@@UAEXABU?$TVector2@H@math3d@5@000@Z 10002700 f i umodsys_lib_libui:umodsys.mod.ui.SDL_core.obj
 0001:00001780       ?render_box@RRenderDriver2D_SDL_core@SDL_core@ui@modules@UModSys@@UAEXPAUIImage@lib2d@5@ABU?$TVector2@H@math3d@5@1ABU?$TVector2@M@95@2@Z 10002780 f i umodsys_lib_libui:umodsys.mod.ui.SDL_core.obj
 0001:00001790       ?render_line@RRenderDriver2D_SDL_core@SDL_core@ui@modules@UModSys@@UAEXABU?$TVector2@H@math3d@5@0@Z 10002790 f i umodsys_lib_libui:umodsys.mod.ui.SDL_core.obj
 0001:000017c0       ?render_rect@RRenderDriver2D_SDL_core@SDL_core@ui@modules@UModSys@@UAEXABU?$TVector2@H@math3d@5@0@Z 100027c0 f i umodsys_lib_libui:umodsys.mod.ui.SDL_core.obj
 0001:00001810       ??_ERRenderDriver2D_SDL_core@SDL_core@ui@modules@UModSys@@UAEPAXI@Z 10002810 f i  CIL library: CIL module
 0001:00001810       ??_GRRenderDriver2D_SDL_core@SDL_core@ui@modules@UModSys@@UAEPAXI@Z 10002810 f i umodsys_lib_libui:umodsys.mod.ui.SDL_core.obj
 0001:00001830       ?root_get_interface_info@RTerminal_SDL_core@SDL_core@ui@modules@UModSys@@UBEABUSUniquePointerInfo@core@5@XZ 10002830 f i umodsys_lib_libui:umodsys.mod.ui.SDL_core.obj
 0001:00001840       ?root_get_interface_type@RTerminal_SDL_core@SDL_core@ui@modules@UModSys@@UBEPBUSUniquePointerInfo@core@5@XZ 10002840 f i umodsys_lib_libui:umodsys.mod.ui.SDL_core.obj
 0001:00001850       ?root_get_other_interface@RTerminal_SDL_core@SDL_core@ui@modules@UModSys@@UAEPAUIRoot@core@5@PBUSUniquePointerInfo@75@@Z 10002850 f i umodsys_lib_libui:umodsys.mod.ui.SDL_core.obj
 0001:00001850       ?root_get_other_interface@RTerminal_SDL_core@SDL_core@ui@modules@UModSys@@UBEPBUIRoot@core@5@PBUSUniquePointerInfo@75@@Z 10002850 f i umodsys_lib_libui:umodsys.mod.ui.SDL_core.obj
 0001:00001880       ?root_is_interface_supported@RTerminal_SDL_core@SDL_core@ui@modules@UModSys@@UBE_NPBUSUniquePointerInfo@core@5@@Z 10002880 f i umodsys_lib_libui:umodsys.mod.ui.SDL_core.obj
 0001:000018c0       ?ref_weak@RTest1_Shell@test1@test@modules@UModSys@@UBE_NAAUWeakPointer@IRefObject@core@5@@Z 100028c0 f i plugin_test1.obj
 0001:000018c0       ?ref_weak@RGenerator@images_std@media@modules@UModSys@@UBE_NAAUWeakPointer@IRefObject@core@5@@Z 100028c0 f i umodsys_lib_libmedia:umodsys.mod.media.images_std.obj
 0001:000018c0       ?ref_weak@RGenerator@SDL_core@ui@modules@UModSys@@UBE_NAAUWeakPointer@IRefObject@core@5@@Z 100028c0 f i umodsys_lib_libui:umodsys.mod.ui.SDL_core.obj
 0001:000018c0       ?ref_weak@RTerminal_SDL_core@SDL_core@ui@modules@UModSys@@UBE_NAAUWeakPointer@IRefObject@core@5@@Z 100028c0 f i umodsys_lib_libui:umodsys.mod.ui.SDL_core.obj
 0001:000018c0       ?ref_weak@RGenerator@test1@test@modules@UModSys@@UBE_NAAUWeakPointer@IRefObject@core@5@@Z 100028c0 f i plugin_test1.obj
 0001:000018c0       ?ref_weak@RRenderDriver2D_SDL_core@SDL_core@ui@modules@UModSys@@UBE_NAAUWeakPointer@IRefObject@core@5@@Z 100028c0 f i umodsys_lib_libui:umodsys.mod.ui.SDL_core.obj
 0001:000018c0       ?ref_weak@RMultiImage2D_SDL_ttf@SDL_core@ui@modules@UModSys@@UBE_NAAUWeakPointer@IRefObject@core@5@@Z 100028c0 f i umodsys_lib_libui:umodsys.mod.ui.SDL_core.obj
 0001:000018e0       ?suicide@RTest1_Shell@test1@test@modules@UModSys@@UAEXXZ 100028e0 f i plugin_test1.obj
 0001:000018e0       ?suicide@RTerminal_SDL_core@SDL_core@ui@modules@UModSys@@UAEXXZ 100028e0 f i umodsys_lib_libui:umodsys.mod.ui.SDL_core.obj
 0001:000018f0       ??0RTerminal_SDL_core@SDL_core@ui@modules@UModSys@@QAE@PAUIModObject@base@4@ABUSParameters@core@4@@Z 100028f0 f i umodsys_lib_libui:umodsys.mod.ui.SDL_core.obj
 0001:00001980       ??1RTerminal_SDL_core@SDL_core@ui@modules@UModSys@@UAE@XZ 10002980 f i umodsys_lib_libui:umodsys.mod.ui.SDL_core.obj
 0001:000019f0       ?poll_events@RTerminal_SDL_core@SDL_core@ui@modules@UModSys@@UAE_NH@Z 100029f0 f i umodsys_lib_libui:umodsys.mod.ui.SDL_core.obj
 0001:00001a80       ?get_terminal_state@RTerminal_SDL_core@SDL_core@ui@modules@UModSys@@UAE_NW4eTerminalState@libui@5@@Z 10002a80 f i umodsys_lib_libui:umodsys.mod.ui.SDL_core.obj
 0001:00001aa0       ?set_terminal_state@RTerminal_SDL_core@SDL_core@ui@modules@UModSys@@UAE_NW4eTerminalState@libui@5@_N@Z 10002aa0 f i umodsys_lib_libui:umodsys.mod.ui.SDL_core.obj
 0001:00001af0       ?get_clock@RTerminal_SDL_core@SDL_core@ui@modules@UModSys@@UAENXZ 10002af0 f i umodsys_lib_libui:umodsys.mod.ui.SDL_core.obj
 0001:00001b10       ?wait@RTerminal_SDL_core@SDL_core@ui@modules@UModSys@@UAE_NM@Z 10002b10 f i umodsys_lib_libui:umodsys.mod.ui.SDL_core.obj
 0001:00001b50       ?get_count@RTerminal_SDL_core@SDL_core@ui@modules@UModSys@@UBEIPBUSUniquePointerInfo@core@5@@Z 10002b50 f i umodsys_lib_libui:umodsys.mod.ui.SDL_core.obj
 0001:00001b70       ?get_handler@RTerminal_SDL_core@SDL_core@ui@modules@UModSys@@UBEPAUIRefObject@core@5@PBUSUniquePointerInfo@75@I@Z 10002b70 f i umodsys_lib_libui:umodsys.mod.ui.SDL_core.obj
 0001:00001b90       ?get_handler@RTerminal_SDL_core@SDL_core@ui@modules@UModSys@@UBEPAUIRefObject@core@5@PBUSUniquePointerInfo@75@PBD@Z 10002b90 f i umodsys_lib_libui:umodsys.mod.ui.SDL_core.obj
 0001:00001b90       ?get_friend_handler@RTerminal_SDL_core@SDL_core@ui@modules@UModSys@@UBEPAUIRefObject@core@5@PBUSUniquePointerInfo@75@PAU675@@Z 10002b90 f i umodsys_lib_libui:umodsys.mod.ui.SDL_core.obj
 0001:00001ba0       ?create_handler@RTerminal_SDL_core@SDL_core@ui@modules@UModSys@@UAE_NPBUSUniquePointerInfo@core@5@AAU?$TRefObject@UIRefObject@core@UModSys@@U?$TRefObjectFunc@UIRefObject@core@UModSys@@@tl@3@@tl@5@PBDPBUSParameters@75@@Z 10002ba0 f i umodsys_lib_libui:umodsys.mod.ui.SDL_core.obj
 0001:00001cb0       ??_GRTerminal_SDL_core@SDL_core@ui@modules@UModSys@@UAEPAXI@Z 10002cb0 f i umodsys_lib_libui:umodsys.mod.ui.SDL_core.obj
 0001:00001cb0       ??_ERTerminal_SDL_core@SDL_core@ui@modules@UModSys@@UAEPAXI@Z 10002cb0 f i  CIL library: CIL module
 0001:00001cd0       ?get_generated_names@RGenerator@SDL_core@ui@modules@UModSys@@UBEHAAUSUniquePtrList@core@5@@Z 10002cd0 f i umodsys_lib_libui:umodsys.mod.ui.SDL_core.obj
 0001:00001cf0       ?get_generated_types@RGenerator@SDL_core@ui@modules@UModSys@@UBEHAAUSUniquePtrList@core@5@PBUSUniquePointerInfo@75@@Z 10002cf0 f i umodsys_lib_libui:umodsys.mod.ui.SDL_core.obj
 0001:00001d40       ?generate@RGenerator@SDL_core@ui@modules@UModSys@@UAE_NAAU?$TRefObject@UIRefObject@core@UModSys@@U?$TRefObjectFunc@UIRefObject@core@UModSys@@@tl@3@@tl@5@PBUSUniquePointerInfo@core@5@ABUSParameters@95@@Z 10002d40 f i umodsys_lib_libui:umodsys.mod.ui.SDL_core.obj
 0001:00001d70       ?root_get_interface_info@RGenerator@SDL_core@ui@modules@UModSys@@UBEABUSUniquePointerInfo@core@5@XZ 10002d70 f i umodsys_lib_libui:umodsys.mod.ui.SDL_core.obj
 0001:00001d80       ?root_get_interface_type@RGenerator@SDL_core@ui@modules@UModSys@@UBEPBUSUniquePointerInfo@core@5@XZ 10002d80 f i umodsys_lib_libui:umodsys.mod.ui.SDL_core.obj
 0001:00001d90       ?root_get_other_interface@RGenerator@SDL_core@ui@modules@UModSys@@UAEPAUIRoot@core@5@PBUSUniquePointerInfo@75@@Z 10002d90 f i umodsys_lib_libui:umodsys.mod.ui.SDL_core.obj
 0001:00001d90       ?root_get_other_interface@RGenerator@SDL_core@ui@modules@UModSys@@UBEPBUIRoot@core@5@PBUSUniquePointerInfo@75@@Z 10002d90 f i umodsys_lib_libui:umodsys.mod.ui.SDL_core.obj
 0001:00001dd0       ?root_is_interface_supported@RGenerator@SDL_core@ui@modules@UModSys@@UBE_NPBUSUniquePointerInfo@core@5@@Z 10002dd0 f i umodsys_lib_libui:umodsys.mod.ui.SDL_core.obj
 0001:00001e10       ?ref_remove@RGenerator@images_std@media@modules@UModSys@@UBEXXZ 10002e10 f i umodsys_lib_libmedia:umodsys.mod.media.images_std.obj
 0001:00001e10       ?ref_remove@RTest1_Shell@test1@test@modules@UModSys@@UBEXXZ 10002e10 f i plugin_test1.obj
 0001:00001e10       ?ref_remove@RMultiImage2D_SDL_ttf@SDL_core@ui@modules@UModSys@@UBEXXZ 10002e10 f i umodsys_lib_libui:umodsys.mod.ui.SDL_core.obj
 0001:00001e10       ?ref_remove@RTerminal_SDL_core@SDL_core@ui@modules@UModSys@@UBEXXZ 10002e10 f i umodsys_lib_libui:umodsys.mod.ui.SDL_core.obj
 0001:00001e10       ?ref_remove@RGenerator@test1@test@modules@UModSys@@UBEXXZ 10002e10 f i plugin_test1.obj
 0001:00001e10       ?ref_remove@RRenderDriver2D_SDL_core@SDL_core@ui@modules@UModSys@@UBEXXZ 10002e10 f i umodsys_lib_libui:umodsys.mod.ui.SDL_core.obj
 0001:00001e10       ?ref_remove@RGenerator@SDL_core@ui@modules@UModSys@@UBEXXZ 10002e10 f i umodsys_lib_libui:umodsys.mod.ui.SDL_core.obj
 0001:00001e20       ?get_uid@RGenerator@SDL_core@ui@modules@UModSys@@UBEPBUSUniquePointerInfo@core@5@XZ 10002e20 f i umodsys_lib_libui:umodsys.mod.ui.SDL_core.obj
 0001:00001e30       ?do_open@RModuleReg@SDL_core@ui@modules@UModSys@@UAE_NXZ 10002e30 f i umodsys_lib_libui:umodsys.mod.ui.SDL_core.obj
 0001:00001e40       ?do_close@RModuleReg@SDL_core@ui@modules@UModSys@@UAE_NXZ 10002e40 f i umodsys_lib_libui:umodsys.mod.ui.SDL_core.obj
 0001:00001e50       ??_GRModuleReg@SDL_core@ui@modules@UModSys@@UAEPAXI@Z 10002e50 f i umodsys_lib_libui:umodsys.mod.ui.SDL_core.obj
 0001:00001e50       ??_ERModuleReg@SDL_core@ui@modules@UModSys@@UAEPAXI@Z 10002e50 f i  CIL library: CIL module
 0001:00001e80       ??1?$TScatterArray@UGlyph@RMultiImage2D_SDL_ttf@SDL_core@ui@modules@UModSys@@HU?$TScalarCompare@H@core@6@U?$TNodeDeleter0@U?$TScatterArrayNode@UGlyph@RMultiImage2D_SDL_ttf@SDL_core@ui@modules@UModSys@@H@tl@UModSys@@@tl@6@@tl@UModSys@@QAE@XZ 10002e80 f i umodsys_lib_libui:umodsys.mod.ui.SDL_core.obj
 0001:00001ea0       ?obj_delete@?$TRefObjectLinksParent@URRenderDriver2D_SDL_core@SDL_core@ui@modules@UModSys@@URTerminal_SDL_core@2345@@tl@UModSys@@QBEXPAURRenderDriver2D_SDL_core@SDL_core@ui@modules@3@@Z 10002ea0 f i umodsys_lib_libui:umodsys.mod.ui.SDL_core.obj
 0001:00001ea0       ?obj_delete@?$TRefObjectLinksParent@URMultiImage2D_SDL_ttf@SDL_core@ui@modules@UModSys@@URRenderDriver2D_SDL_core@2345@@tl@UModSys@@QBEXPAURMultiImage2D_SDL_ttf@SDL_core@ui@modules@3@@Z 10002ea0 f i umodsys_lib_libui:umodsys.mod.ui.SDL_core.obj
 0001:00001f10       ?obj_delete@?$TRefObjectLinksModObject@URTerminal_SDL_core@SDL_core@ui@modules@UModSys@@UIModObject@base@5@@tl@UModSys@@QBEXPAURTerminal_SDL_core@SDL_core@ui@modules@3@@Z 10002f10 f i umodsys_lib_libui:umodsys.mod.ui.SDL_core.obj
 0001:00001f10       ?obj_delete@?$TRefObjectLinksModObject@URMediaFilter@images_std@media@modules@UModSys@@UIModObject@base@5@@tl@UModSys@@QBEXPAURMediaFilter@images_std@media@modules@3@@Z 10002f10 f i umodsys_lib_libmedia:umodsys.mod.media.images_std.obj
 0001:00001f10       ?obj_delete@?$TRefObjectLinksModObject@URTest1_Shell@test1@test@modules@UModSys@@UIModObject@base@5@@tl@UModSys@@QBEXPAURTest1_Shell@test1@test@modules@3@@Z 10002f10 f i plugin_test1.obj
 0001:00001f80       ??$t_close@U?$TRefObject@URRenderDriver2D_SDL_core@SDL_core@ui@modules@UModSys@@U?$TRefObjectWeakFunc@URRenderDriver2D_SDL_core@SDL_core@ui@modules@UModSys@@@tl@5@@tl@UModSys@@@SDL_core@ui@modules@UModSys@@YA_NAAU?$TScatterArray@U?$TRefObject@URRenderDriver2D_SDL_core@SDL_core@ui@modules@UModSys@@U?$TRefObjectWeakFunc@URRenderDriver2D_SDL_core@SDL_core@ui@modules@UModSys@@@tl@5@@tl@UModSys@@HU?$TScalarCompare@H@core@3@U?$TNodeDeleter0@U?$TScatterArrayNode@U?$TRefObject@URRenderDriver2D_SDL_core@SDL_core@ui@modules@UModSys@@U?$TRefObjectWeakFunc@URRenderDriver2D_SDL_core@SDL_core@ui@modules@UModSys@@@tl@5@@tl@UModSys@@H@tl@UModSys@@@23@@tl@3@@Z 10002f80 f i umodsys_lib_libui:umodsys.mod.ui.SDL_core.obj
 0001:00002030       ??$t_count@U?$TRefObject@URRenderDriver2D_SDL_core@SDL_core@ui@modules@UModSys@@U?$TRefObjectWeakFunc@URRenderDriver2D_SDL_core@SDL_core@ui@modules@UModSys@@@tl@5@@tl@UModSys@@@SDL_core@ui@modules@UModSys@@YAIABU?$TScatterArray@U?$TRefObject@URRenderDriver2D_SDL_core@SDL_core@ui@modules@UModSys@@U?$TRefObjectWeakFunc@URRenderDriver2D_SDL_core@SDL_core@ui@modules@UModSys@@@tl@5@@tl@UModSys@@HU?$TScalarCompare@H@core@3@U?$TNodeDeleter0@U?$TScatterArrayNode@U?$TRefObject@URRenderDriver2D_SDL_core@SDL_core@ui@modules@UModSys@@U?$TRefObjectWeakFunc@URRenderDriver2D_SDL_core@SDL_core@ui@modules@UModSys@@@tl@5@@tl@UModSys@@H@tl@UModSys@@@23@@tl@3@@Z 10003030 f i umodsys_lib_libui:umodsys.mod.ui.SDL_core.obj
 0001:000020a0       ??$t_get@U?$TRefObject@URRenderDriver2D_SDL_core@SDL_core@ui@modules@UModSys@@U?$TRefObjectWeakFunc@URRenderDriver2D_SDL_core@SDL_core@ui@modules@UModSys@@@tl@5@@tl@UModSys@@@SDL_core@ui@modules@UModSys@@YAPAUIRefObject@core@3@ABU?$TScatterArray@U?$TRefObject@URRenderDriver2D_SDL_core@SDL_core@ui@modules@UModSys@@U?$TRefObjectWeakFunc@URRenderDriver2D_SDL_core@SDL_core@ui@modules@UModSys@@@tl@5@@tl@UModSys@@HU?$TScalarCompare@H@core@3@U?$TNodeDeleter0@U?$TScatterArrayNode@U?$TRefObject@URRenderDriver2D_SDL_core@SDL_core@ui@modules@UModSys@@U?$TRefObjectWeakFunc@URRenderDriver2D_SDL_core@SDL_core@ui@modules@UModSys@@@tl@5@@tl@UModSys@@H@tl@UModSys@@@23@@tl@3@I@Z 100030a0 f i umodsys_lib_libui:umodsys.mod.ui.SDL_core.obj
 0001:00002130       ??$ValidateConstruction@UIRefObject@core@UModSys@@URRenderDriver2D_SDL_core@SDL_core@ui@modules@3@@core@UModSys@@YA_NAAU?$TRefObject@UIRefObject@core@UModSys@@U?$TRefObjectFunc@UIRefObject@core@UModSys@@@tl@3@@tl@1@U?$TRefObject@URRenderDriver2D_SDL_core@SDL_core@ui@modules@UModSys@@U?$TRefObjectFunc@URRenderDriver2D_SDL_core@SDL_core@ui@modules@UModSys@@@tl@5@@31@@Z 10003130 f i umodsys_lib_libui:umodsys.mod.ui.SDL_core.obj
 0001:000021d0       ??$t_add@U?$TRefObject@URRenderDriver2D_SDL_core@SDL_core@ui@modules@UModSys@@U?$TRefObjectWeakFunc@URRenderDriver2D_SDL_core@SDL_core@ui@modules@UModSys@@@tl@5@@tl@UModSys@@URRenderDriver2D_SDL_core@SDL_core@ui@modules@3@@SDL_core@ui@modules@UModSys@@YA_NAAU?$TScatterArray@U?$TRefObject@URRenderDriver2D_SDL_core@SDL_core@ui@modules@UModSys@@U?$TRefObjectWeakFunc@URRenderDriver2D_SDL_core@SDL_core@ui@modules@UModSys@@@tl@5@@tl@UModSys@@HU?$TScalarCompare@H@core@3@U?$TNodeDeleter0@U?$TScatterArrayNode@U?$TRefObject@URRenderDriver2D_SDL_core@SDL_core@ui@modules@UModSys@@U?$TRefObjectWeakFunc@URRenderDriver2D_SDL_core@SDL_core@ui@modules@UModSys@@@tl@5@@tl@UModSys@@H@tl@UModSys@@@23@@tl@3@PAURRenderDriver2D_SDL_core@0123@@Z 100031d0 f i umodsys_lib_libui:umodsys.mod.ui.SDL_core.obj
 0001:00002220       ??$ValidateConstruction@UIMultiImage@lib2d@UModSys@@URMultiImage2D_SDL_ttf@SDL_core@ui@modules@3@@core@UModSys@@YA_NAAU?$TRefObject@UIMultiImage@lib2d@UModSys@@U?$TRefObjectFunc@UIMultiImage@lib2d@UModSys@@@tl@3@@tl@1@PAURMultiImage2D_SDL_ttf@SDL_core@ui@modules@1@@Z 10003220 f i umodsys_lib_libui:umodsys.mod.ui.SDL_core.obj
 0001:000022b0       ??$t_gen_param@URTerminal_SDL_core@SDL_core@ui@modules@UModSys@@URGenerator@2345@@IGenerator@base@UModSys@@IAE_NPAURGenerator@SDL_core@ui@modules@2@AAU?$TRefObject@UIRefObject@core@UModSys@@U?$TRefObjectFunc@UIRefObject@core@UModSys@@@tl@3@@tl@2@PBUSUniquePointerInfo@core@2@ABUSParameters@core@2@@Z 100032b0 f i umodsys_lib_libui:umodsys.mod.ui.SDL_core.obj
 0001:00002330       ??$genx_node@UCmp@?$TScatterArray@UGlyph@RMultiImage2D_SDL_ttf@SDL_core@ui@modules@UModSys@@HU?$TScalarCompare@H@core@6@U?$TNodeDeleter0@U?$TScatterArrayNode@UGlyph@RMultiImage2D_SDL_ttf@SDL_core@ui@modules@UModSys@@H@tl@UModSys@@@tl@6@@tl@UModSys@@UGen0@234@@?$TTreeHoldRBD@U?$TScatterArrayNode@UGlyph@RMultiImage2D_SDL_ttf@SDL_core@ui@modules@UModSys@@H@tl@UModSys@@U?$TNodeDeleter0@U?$TScatterArrayNode@UGlyph@RMultiImage2D_SDL_ttf@SDL_core@ui@modules@UModSys@@H@tl@UModSys@@@23@@tl@UModSys@@QAEPAU?$TScatterArrayNode@UGlyph@RMultiImage2D_SDL_ttf@SDL_core@ui@modules@UModSys@@H@12@UCmp@?$TScatterArray@UGlyph@RMultiImage2D_SDL_ttf@SDL_core@ui@modules@UModSys@@HU?$TScalarCompare@H@core@6@U?$TNodeDeleter0@U?$TScatterArrayNode@UGlyph@RMultiImage2D_SDL_ttf@SDL_core@ui@modules@UModSys@@H@tl@UModSys@@@tl@6@@12@ABUGen0@512@PAPAU312@2_N@Z 10003330 f i umodsys_lib_libui:umodsys.mod.ui.SDL_core.obj
 0001:000023f0       ??$find_node_u@UCmp@?$TScatterArray@UGlyph@RMultiImage2D_SDL_ttf@SDL_core@ui@modules@UModSys@@HU?$TScalarCompare@H@core@6@U?$TNodeDeleter0@U?$TScatterArrayNode@UGlyph@RMultiImage2D_SDL_ttf@SDL_core@ui@modules@UModSys@@H@tl@UModSys@@@tl@6@@tl@UModSys@@@?$TTreeHoldRB@U?$TScatterArrayNode@UGlyph@RMultiImage2D_SDL_ttf@SDL_core@ui@modules@UModSys@@H@tl@UModSys@@@tl@UModSys@@QBEPAU?$TScatterArrayNode@UGlyph@RMultiImage2D_SDL_ttf@SDL_core@ui@modules@UModSys@@H@12@UCmp@?$TScatterArray@UGlyph@RMultiImage2D_SDL_ttf@SDL_core@ui@modules@UModSys@@HU?$TScalarCompare@H@core@6@U?$TNodeDeleter0@U?$TScatterArrayNode@UGlyph@RMultiImage2D_SDL_ttf@SDL_core@ui@modules@UModSys@@H@tl@UModSys@@@tl@6@@12@@Z 100033f0 f i umodsys_lib_libui:umodsys.mod.ui.SDL_core.obj
 0001:00002430       ??_3?$TRefObject@URRenderDriver2D_SDL_core@SDL_core@ui@modules@UModSys@@U?$TRefObjectWeakFunc@URRenderDriver2D_SDL_core@SDL_core@ui@modules@UModSys@@@tl@5@@tl@UModSys@@QAEABU012@PAURRenderDriver2D_SDL_core@SDL_core@ui@modules@2@@Z 10003430 f i umodsys_lib_libui:umodsys.mod.ui.SDL_core.obj
 0001:00002490       ??1?$TRefObject@UIRenderDriver@lib2d@UModSys@@U?$TRefObjectFunc@UIRenderDriver@lib2d@UModSys@@@tl@3@@tl@UModSys@@QAE@XZ 10003490 f i plugin_test1.obj
 0001:00002490       ??1?$TRefObject@UIRefObject@core@UModSys@@U?$TRefObjectFunc@UIRefObject@core@UModSys@@@tl@3@@tl@UModSys@@QAE@XZ 10003490 f i plugin_test1.obj
 0001:00002490       ??1?$TRefObject@UIMultiImage@lib2d@UModSys@@U?$TRefObjectFunc@UIMultiImage@lib2d@UModSys@@@tl@3@@tl@UModSys@@QAE@XZ 10003490 f i plugin_test1.obj
 0001:00002490       ??1?$TRefObject@URTerminal_SDL_core@SDL_core@ui@modules@UModSys@@U?$TRefObjectFunc@URTerminal_SDL_core@SDL_core@ui@modules@UModSys@@@tl@5@@tl@UModSys@@QAE@XZ 10003490 f i umodsys_lib_libui:umodsys.mod.ui.SDL_core.obj
 0001:00002490       ??1?$TRefObject@URMediaFilter@images_std@media@modules@UModSys@@U?$TRefObjectFunc@URMediaFilter@images_std@media@modules@UModSys@@@tl@5@@tl@UModSys@@QAE@XZ 10003490 f i umodsys_lib_libmedia:umodsys.mod.media.images_std.obj
 0001:00002490       ??1?$TRefObject@URMultiImage2D_SDL_ttf@SDL_core@ui@modules@UModSys@@U?$TRefObjectFunc@URMultiImage2D_SDL_ttf@SDL_core@ui@modules@UModSys@@@tl@5@@tl@UModSys@@QAE@XZ 10003490 f i umodsys_lib_libui:umodsys.mod.ui.SDL_core.obj
 0001:00002490       ??1?$TRefObject@URRenderDriver2D_SDL_core@SDL_core@ui@modules@UModSys@@U?$TRefObjectFunc@URRenderDriver2D_SDL_core@SDL_core@ui@modules@UModSys@@@tl@5@@tl@UModSys@@QAE@XZ 10003490 f i umodsys_lib_libui:umodsys.mod.ui.SDL_core.obj
 0001:00002490       ??1?$TRefObject@UITerminal@libui@UModSys@@U?$TRefObjectFunc@UITerminal@libui@UModSys@@@tl@3@@tl@UModSys@@QAE@XZ 10003490 f i plugin_test1.obj
 0001:000024b0       ??$ValidateConstruction@UIRefObject@core@UModSys@@URMediaFilter@images_std@media@modules@3@@core@UModSys@@YA_NAAU?$TRefObject@UIRefObject@core@UModSys@@U?$TRefObjectFunc@UIRefObject@core@UModSys@@@tl@3@@tl@1@PAURMediaFilter@images_std@media@modules@1@@Z 100034b0 f i umodsys_lib_libmedia:umodsys.mod.media.images_std.obj
 0001:000024b0       ??$ValidateConstruction@UIRefObject@core@UModSys@@URTerminal_SDL_core@SDL_core@ui@modules@3@@core@UModSys@@YA_NAAU?$TRefObject@UIRefObject@core@UModSys@@U?$TRefObjectFunc@UIRefObject@core@UModSys@@@tl@3@@tl@1@PAURTerminal_SDL_core@SDL_core@ui@modules@1@@Z 100034b0 f i umodsys_lib_libui:umodsys.mod.ui.SDL_core.obj
 0001:00002530       ??$process_nodes_r@U?$TNodeDeleter0@U?$TScatterArrayNode@UGlyph@RMultiImage2D_SDL_ttf@SDL_core@ui@modules@UModSys@@H@tl@UModSys@@@tl@UModSys@@@?$TTreeHoldRB@U?$TScatterArrayNode@UGlyph@RMultiImage2D_SDL_ttf@SDL_core@ui@modules@UModSys@@H@tl@UModSys@@@tl@UModSys@@KAHPAU?$TScatterArrayNode@UGlyph@RMultiImage2D_SDL_ttf@SDL_core@ui@modules@UModSys@@H@12@ABU?$TNodeDeleter0@U?$TScatterArrayNode@UGlyph@RMultiImage2D_SDL_ttf@SDL_core@ui@modules@UModSys@@H@tl@UModSys@@@12@@Z 10003530 f i umodsys_lib_libui:umodsys.mod.ui.SDL_core.obj
 0001:00002590       ??$process_nodes_r@U?$TNodeDeleter0@U?$TScatterArrayNode@U?$TRefObject@URRenderDriver2D_SDL_core@SDL_core@ui@modules@UModSys@@U?$TRefObjectWeakFunc@URRenderDriver2D_SDL_core@SDL_core@ui@modules@UModSys@@@tl@5@@tl@UModSys@@H@tl@UModSys@@@tl@UModSys@@@?$TTreeHoldRB@U?$TScatterArrayNode@U?$TRefObject@URRenderDriver2D_SDL_core@SDL_core@ui@modules@UModSys@@U?$TRefObjectWeakFunc@URRenderDriver2D_SDL_core@SDL_core@ui@modules@UModSys@@@tl@5@@tl@UModSys@@H@tl@UModSys@@@tl@UModSys@@KAHPAU?$TScatterArrayNode@U?$TRefObject@URRenderDriver2D_SDL_core@SDL_core@ui@modules@UModSys@@U?$TRefObjectWeakFunc@URRenderDriver2D_SDL_core@SDL_core@ui@modules@UModSys@@@tl@5@@tl@UModSys@@H@12@ABU?$TNodeDeleter0@U?$TScatterArrayNode@U?$TRefObject@URRenderDriver2D_SDL_core@SDL_core@ui@modules@UModSys@@U?$TRefObjectWeakFunc@URRenderDriver2D_SDL_core@SDL_core@ui@modules@UModSys@@@tl@5@@tl@UModSys@@H@tl@UModSys@@@12@@Z 10003590 f i umodsys_lib_libui:umodsys.mod.ui.SDL_core.obj
 0001:00002610       ??$genx_node@UCmp@?$TScatterArray@U?$TRefObject@URRenderDriver2D_SDL_core@SDL_core@ui@modules@UModSys@@U?$TRefObjectWeakFunc@URRenderDriver2D_SDL_core@SDL_core@ui@modules@UModSys@@@tl@5@@tl@UModSys@@HU?$TScalarCompare@H@core@3@U?$TNodeDeleter0@U?$TScatterArrayNode@U?$TRefObject@URRenderDriver2D_SDL_core@SDL_core@ui@modules@UModSys@@U?$TRefObjectWeakFunc@URRenderDriver2D_SDL_core@SDL_core@ui@modules@UModSys@@@tl@5@@tl@UModSys@@H@tl@UModSys@@@23@@tl@UModSys@@UGen0@234@@?$TTreeHoldRBD@U?$TScatterArrayNode@U?$TRefObject@URRenderDriver2D_SDL_core@SDL_core@ui@modules@UModSys@@U?$TRefObjectWeakFunc@URRenderDriver2D_SDL_core@SDL_core@ui@modules@UModSys@@@tl@5@@tl@UModSys@@H@tl@UModSys@@U?$TNodeDeleter0@U?$TScatterArrayNode@U?$TRefObject@URRenderDriver2D_SDL_core@SDL_core@ui@modules@UModSys@@U?$TRefObjectWeakFunc@URRenderDriver2D_SDL_core@SDL_core@ui@modules@UModSys@@@tl@5@@tl@UModSys@@H@tl@UModSys@@@23@@tl@UModSys@@QAEPAU?$TScatterArrayNode@U?$TRefObject@URRenderDriver2D_SDL_core@SDL_core@ui@modules@UModSys@@U?$TRefObjectWeakFunc@URRenderDriver2D_SDL_core@SDL_core@ui@modules@UModSys@@@tl@5@@tl@UModSys@@H@12@UCmp@?$TScatterArray@U?$TRefObject@URRenderDriver2D_SDL_core@SDL_core@ui@modules@UModSys@@U?$TRefObjectWeakFunc@URRenderDriver2D_SDL_core@SDL_core@ui@modules@UModSys@@@tl@5@@tl@UModSys@@HU?$TScalarCompare@H@core@3@U?$TNodeDeleter0@U?$TScatterArrayNode@U?$TRefObject@URRenderDriver2D_SDL_core@SDL_core@ui@modules@UModSys@@U?$TRefObjectWeakFunc@URRenderDriver2D_SDL_core@SDL_core@ui@modules@UModSys@@@tl@5@@tl@UModSys@@H@tl@UModSys@@@23@@12@ABUGen0@512@PAPAU312@2_N@Z 10003610 f i umodsys_lib_libui:umodsys.mod.ui.SDL_core.obj
 0001:00002680       ?sub_insert_node@?$TTreeHoldRB@U?$TScatterArrayNode@U?$TRefObject@URRenderDriver2D_SDL_core@SDL_core@ui@modules@UModSys@@U?$TRefObjectWeakFunc@URRenderDriver2D_SDL_core@SDL_core@ui@modules@UModSys@@@tl@5@@tl@UModSys@@H@tl@UModSys@@@tl@UModSys@@QAEXPAU?$TScatterArrayNode@U?$TRefObject@URRenderDriver2D_SDL_core@SDL_core@ui@modules@UModSys@@U?$TRefObjectWeakFunc@URRenderDriver2D_SDL_core@SDL_core@ui@modules@UModSys@@@tl@5@@tl@UModSys@@H@23@0H@Z 10003680 f i umodsys_lib_libui:umodsys.mod.ui.SDL_core.obj
 0001:00002680       ?sub_insert_node@?$TTreeHoldRB@U?$TScatterArrayNode@UGlyph@RMultiImage2D_SDL_ttf@SDL_core@ui@modules@UModSys@@H@tl@UModSys@@@tl@UModSys@@QAEXPAU?$TScatterArrayNode@UGlyph@RMultiImage2D_SDL_ttf@SDL_core@ui@modules@UModSys@@H@23@0H@Z 10003680 f i umodsys_lib_libui:umodsys.mod.ui.SDL_core.obj
 0001:000026f0       ??RGen0@?$TScatterArray@U?$TRefObject@URRenderDriver2D_SDL_core@SDL_core@ui@modules@UModSys@@U?$TRefObjectWeakFunc@URRenderDriver2D_SDL_core@SDL_core@ui@modules@UModSys@@@tl@5@@tl@UModSys@@HU?$TScalarCompare@H@core@3@U?$TNodeDeleter0@U?$TScatterArrayNode@U?$TRefObject@URRenderDriver2D_SDL_core@SDL_core@ui@modules@UModSys@@U?$TRefObjectWeakFunc@URRenderDriver2D_SDL_core@SDL_core@ui@modules@UModSys@@@tl@5@@tl@UModSys@@H@tl@UModSys@@@23@@tl@UModSys@@QBEPAU?$TScatterArrayNode@U?$TRefObject@URRenderDriver2D_SDL_core@SDL_core@ui@modules@UModSys@@U?$TRefObjectWeakFunc@URRenderDriver2D_SDL_core@SDL_core@ui@modules@UModSys@@@tl@5@@tl@UModSys@@H@23@ABUCmp@123@ABU?$TTreeHoldRBD@U?$TScatterArrayNode@U?$TRefObject@URRenderDriver2D_SDL_core@SDL_core@ui@modules@UModSys@@U?$TRefObjectWeakFunc@URRenderDriver2D_SDL_core@SDL_core@ui@modules@UModSys@@@tl@5@@tl@UModSys@@H@tl@UModSys@@U?$TNodeDeleter0@U?$TScatterArrayNode@U?$TRefObject@URRenderDriver2D_SDL_core@SDL_core@ui@modules@UModSys@@U?$TRefObjectWeakFunc@URRenderDriver2D_SDL_core@SDL_core@ui@modules@UModSys@@@tl@5@@tl@UModSys@@H@tl@UModSys@@@23@@23@@Z 100036f0 f i umodsys_lib_libui:umodsys.mod.ui.SDL_core.obj
 0001:00002760       ??1?$TRefObject@URRenderDriver2D_SDL_core@SDL_core@ui@modules@UModSys@@U?$TRefObjectWeakFunc@URRenderDriver2D_SDL_core@SDL_core@ui@modules@UModSys@@@tl@5@@tl@UModSys@@QAE@XZ 10003760 f i umodsys_lib_libui:umodsys.mod.ui.SDL_core.obj
 0001:00002790       ?insert_color@?$TTreeHoldRB@U?$TScatterArrayNode@U?$TRefObject@URRenderDriver2D_SDL_core@SDL_core@ui@modules@UModSys@@U?$TRefObjectWeakFunc@URRenderDriver2D_SDL_core@SDL_core@ui@modules@UModSys@@@tl@5@@tl@UModSys@@H@tl@UModSys@@@tl@UModSys@@IAEXPAU?$TScatterArrayNode@U?$TRefObject@URRenderDriver2D_SDL_core@SDL_core@ui@modules@UModSys@@U?$TRefObjectWeakFunc@URRenderDriver2D_SDL_core@SDL_core@ui@modules@UModSys@@@tl@5@@tl@UModSys@@H@23@@Z 10003790 f i umodsys_lib_libui:umodsys.mod.ui.SDL_core.obj
 0001:00002790       ?insert_color@?$TTreeHoldRB@U?$TScatterArrayNode@UGlyph@RMultiImage2D_SDL_ttf@SDL_core@ui@modules@UModSys@@H@tl@UModSys@@@tl@UModSys@@IAEXPAU?$TScatterArrayNode@UGlyph@RMultiImage2D_SDL_ttf@SDL_core@ui@modules@UModSys@@H@23@@Z 10003790 f i umodsys_lib_libui:umodsys.mod.ui.SDL_core.obj
 0001:00002930       ?alloc@SMemShared@core@UModSys@@QAE_NIPAUSSourceContext@23@@Z 10003930 f i umodsys_lib_libmedia:umodsys.mod.media.images_std.obj
 0001:00002970       ?get@SMemShared@core@UModSys@@QBE?AUSMem@23@XZ 10003970 f i umodsys_lib_libmedia:umodsys.mod.media.images_std.obj
 0001:000029c0       ?get@SParameters@core@UModSys@@QBE_NPBDAA_N@Z 100039c0 f i umodsys_lib_libmedia:umodsys.mod.media.images_std.obj
 0001:00002a00       ?is_extension_nocase@libmedia@UModSys@@YA_NABU?$TString@U?$TSCoreConst@D@su@tl@UModSys@@U?$TComparerBinaryHash@D@234@@tl@2@0@Z 10003a00 f i umodsys_lib_libmedia:umodsys.mod.media.images_std.obj
 0001:00002a30       ?root_get_interface_info@RMediaFilter@images_std@media@modules@UModSys@@UBEABUSUniquePointerInfo@core@5@XZ 10003a30 f i umodsys_lib_libmedia:umodsys.mod.media.images_std.obj
 0001:00002a40       ?root_get_interface_type@RMediaFilter@images_std@media@modules@UModSys@@UBEPBUSUniquePointerInfo@core@5@XZ 10003a40 f i umodsys_lib_libmedia:umodsys.mod.media.images_std.obj
 0001:00002a50       ?root_get_other_interface@RMediaFilter@images_std@media@modules@UModSys@@UAEPAUIRoot@core@5@PBUSUniquePointerInfo@75@@Z 10003a50 f i umodsys_lib_libmedia:umodsys.mod.media.images_std.obj
 0001:00002a50       ?root_get_other_interface@RMediaFilter@images_std@media@modules@UModSys@@UBEPBUIRoot@core@5@PBUSUniquePointerInfo@75@@Z 10003a50 f i umodsys_lib_libmedia:umodsys.mod.media.images_std.obj
 0001:00002a80       ?root_is_interface_supported@RMediaFilter@images_std@media@modules@UModSys@@UBE_NPBUSUniquePointerInfo@core@5@@Z 10003a80 f i umodsys_lib_libmedia:umodsys.mod.media.images_std.obj
 0001:00002ac0       ?ref_add@RMediaFilter@images_std@media@modules@UModSys@@UBEXXZ 10003ac0 f i umodsys_lib_libmedia:umodsys.mod.media.images_std.obj
 0001:00002ad0       ?ref_remove@RMediaFilter@images_std@media@modules@UModSys@@UBEXXZ 10003ad0 f i umodsys_lib_libmedia:umodsys.mod.media.images_std.obj
 0001:00002ae0       ?ref_links@RMediaFilter@images_std@media@modules@UModSys@@UBEHXZ 10003ae0 f i umodsys_lib_libmedia:umodsys.mod.media.images_std.obj
 0001:00002af0       ?ref_weak@RMediaFilter@images_std@media@modules@UModSys@@UBE_NAAUWeakPointer@IRefObject@core@5@@Z 10003af0 f i umodsys_lib_libmedia:umodsys.mod.media.images_std.obj
 0001:00002b10       ?suicide@RMediaFilter@images_std@media@modules@UModSys@@UAEXXZ 10003b10 f i umodsys_lib_libmedia:umodsys.mod.media.images_std.obj
 0001:00002b20       ?get_flag@RMediaFilter@images_std@media@modules@UModSys@@UBE?AW4eStates@?$TFlags4State@USMediaFlagUid@libmedia@UModSys@@I@tl@5@H@Z 10003b20 f i umodsys_lib_libmedia:umodsys.mod.media.images_std.obj
 0001:00002b40       ?get_flags_auto@RMediaFilter@images_std@media@modules@UModSys@@UBE?AU?$TFlags4State@USMediaFlagUid@libmedia@UModSys@@I@tl@5@XZ 10003b40 f i umodsys_lib_libmedia:umodsys.mod.media.images_std.obj
 0001:00002b50       ?set_flag@RMediaFilter@images_std@media@modules@UModSys@@UAE?AW4eStates@?$TFlags4State@USMediaFlagUid@libmedia@UModSys@@I@tl@5@HW46785@@Z 10003b50 f i umodsys_lib_libmedia:umodsys.mod.media.images_std.obj
 0001:00002b80       ??0RMediaFilter@images_std@media@modules@UModSys@@QAE@PAUIModObject@base@4@ABUSParameters@core@4@@Z 10003b80 f i umodsys_lib_libmedia:umodsys.mod.media.images_std.obj
 0001:00002c50       ??1RMediaFilter@images_std@media@modules@UModSys@@UAE@XZ 10003c50 f i umodsys_lib_libmedia:umodsys.mod.media.images_std.obj
 0001:00002cc0       ??_GRMediaFilter@images_std@media@modules@UModSys@@UAEPAXI@Z 10003cc0 f i umodsys_lib_libmedia:umodsys.mod.media.images_std.obj
 0001:00002cc0       ??_ERMediaFilter@images_std@media@modules@UModSys@@UAEPAXI@Z 10003cc0 f i  CIL library: CIL module
 0001:00002ce0       ?get_generated_names@RGenerator@images_std@media@modules@UModSys@@UBEHAAUSUniquePtrList@core@5@@Z 10003ce0 f i umodsys_lib_libmedia:umodsys.mod.media.images_std.obj
 0001:00002d00       ?get_generated_types@RGenerator@images_std@media@modules@UModSys@@UBEHAAUSUniquePtrList@core@5@PBUSUniquePointerInfo@75@@Z 10003d00 f i umodsys_lib_libmedia:umodsys.mod.media.images_std.obj
 0001:00002d50       ?generate@RGenerator@images_std@media@modules@UModSys@@UAE_NAAU?$TRefObject@UIRefObject@core@UModSys@@U?$TRefObjectFunc@UIRefObject@core@UModSys@@@tl@3@@tl@5@PBUSUniquePointerInfo@core@5@ABUSParameters@95@@Z 10003d50 f i umodsys_lib_libmedia:umodsys.mod.media.images_std.obj
 0001:00002d80       ?root_get_interface_info@RGenerator@images_std@media@modules@UModSys@@UBEABUSUniquePointerInfo@core@5@XZ 10003d80 f i umodsys_lib_libmedia:umodsys.mod.media.images_std.obj
 0001:00002d90       ?root_get_interface_type@RGenerator@images_std@media@modules@UModSys@@UBEPBUSUniquePointerInfo@core@5@XZ 10003d90 f i umodsys_lib_libmedia:umodsys.mod.media.images_std.obj
 0001:00002da0       ?root_get_other_interface@RGenerator@images_std@media@modules@UModSys@@UBEPBUIRoot@core@5@PBUSUniquePointerInfo@75@@Z 10003da0 f i umodsys_lib_libmedia:umodsys.mod.media.images_std.obj
 0001:00002da0       ?root_get_other_interface@RGenerator@images_std@media@modules@UModSys@@UAEPAUIRoot@core@5@PBUSUniquePointerInfo@75@@Z 10003da0 f i umodsys_lib_libmedia:umodsys.mod.media.images_std.obj
 0001:00002de0       ?root_is_interface_supported@RGenerator@images_std@media@modules@UModSys@@UBE_NPBUSUniquePointerInfo@core@5@@Z 10003de0 f i umodsys_lib_libmedia:umodsys.mod.media.images_std.obj
 0001:00002e20       ?get_uid@RGenerator@images_std@media@modules@UModSys@@UBEPBUSUniquePointerInfo@core@5@XZ 10003e20 f i umodsys_lib_libmedia:umodsys.mod.media.images_std.obj
 0001:00002e30       ?do_open@RModuleReg@images_std@media@modules@UModSys@@UAE_NXZ 10003e30 f i umodsys_lib_libmedia:umodsys.mod.media.images_std.obj
 0001:00002e40       ?do_close@RModuleReg@images_std@media@modules@UModSys@@UAE_NXZ 10003e40 f i umodsys_lib_libmedia:umodsys.mod.media.images_std.obj
 0001:00002e50       ??_GRModuleReg@images_std@media@modules@UModSys@@UAEPAXI@Z 10003e50 f i umodsys_lib_libmedia:umodsys.mod.media.images_std.obj
 0001:00002e50       ??_ERModuleReg@images_std@media@modules@UModSys@@UAEPAXI@Z 10003e50 f i  CIL library: CIL module
 0001:00002e80       ??$t_gen_param@URMediaFilter@images_std@media@modules@UModSys@@URGenerator@2345@@IGenerator@base@UModSys@@IAE_NPAURGenerator@images_std@media@modules@2@AAU?$TRefObject@UIRefObject@core@UModSys@@U?$TRefObjectFunc@UIRefObject@core@UModSys@@@tl@3@@tl@2@PBUSUniquePointerInfo@core@2@ABUSParameters@core@2@@Z 10003e80 f i umodsys_lib_libmedia:umodsys.mod.media.images_std.obj
 0001:00002ef0       ??_GRModuleLibraryReg_Chain@base@UModSys@@UAEPAXI@Z 10003ef0 f i umodsys_lib_base:umodsys.base.moduleregchain.obj
 0001:00002ef0       ??_ERModuleLibraryReg_Chain@base@UModSys@@UAEPAXI@Z 10003ef0 f i  CIL library: CIL module
 0001:00002f10       ??_GIModuleReg@base@UModSys@@UAEPAXI@Z 10003f10 f i umodsys_lib_base:umodsys.base.modulereg.obj
 0001:00002f10       ??_EIModuleReg@base@UModSys@@UAEPAXI@Z 10003f10 f i  CIL library: CIL module
 0001:00002f30       ??_GIModuleLibraryReg@base@UModSys@@UAEPAXI@Z 10003f30 f i umodsys_lib_base:umodsys.base.modulereg.obj
 0001:00002f30       ??_EIModuleLibraryReg@base@UModSys@@UAEPAXI@Z 10003f30 f i  CIL library: CIL module
 0001:00002f50       ?utf_8to32@su@tl@UModSys@@YA_NAAHAAPBDAAI@Z 10003f50 f i umodsys_lib_core:umodsys.tl.utf.obj
 0001:00003020       ?Find@?$TSet@U?$TArray@PBUSUniquePointerInfo@core@UModSys@@@tl@UModSys@@U?$TScalarCompare@PBUSUniquePointerInfo@core@UModSys@@@core@3@@tl@UModSys@@QBEPBQBUSUniquePointerInfo@core@3@ABQBU453@@Z 10004020 f i umodsys_lib_core:umodsys.core.uniqueptrlist.obj
 0001:000030ab       __onexit                   100040ab f   MSVCRT:atonexit.obj
 0001:00003150       _atexit                    10004150 f   MSVCRT:atonexit.obj
 0001:00003168       __purecall                 10004168 f   MSVCRT:MSVCR90.dll
 0001:0000316e       ??3@YAXPAX@Z               1000416e f   MSVCRT:MSVCR90.dll
 0001:00003174       ??_Etype_info@@UAEPAXI@Z   10004174 f i MSVCRT:ti_inst.obj
 0001:0000320f       __CRT_INIT@12              1000420f f   MSVCRT:crtdll.obj
 0001:0000354b       __DllMainCRTStartup@12     1000454b f   MSVCRT:crtdll.obj
 0001:0000356e       ??2@YAPAXI@Z               1000456e f   MSVCRT:MSVCR90.dll
 0001:00003574       __unlock                   10004574 f   MSVCRT:MSVCR90.dll
 0001:0000357a       ___dllonexit               1000457a f   MSVCRT:MSVCR90.dll
 0001:00003580       __lock                     10004580 f   MSVCRT:MSVCR90.dll
 0001:00003588       __SEH_prolog4              10004588 f   MSVCRT:sehprolg4.obj
 0001:000035cd       __SEH_epilog4              100045cd f   MSVCRT:sehprolg4.obj
 0001:000035e1       __except_handler4          100045e1 f   MSVCRT:chandler4gs.obj
 0001:00003606       ?__ArrayUnwind@@YGXPAXIHP6EX0@Z@Z 10004606 f   MSVCRT:ehvecdtr.obj
 0001:00003664       ??_M@YGXPAXIHP6EX0@Z@Z     10004664 f   MSVCRT:ehvecdtr.obj
 0001:000036c7       ___clean_type_info_names   100046c7 f   MSVCRT:tncleanup.obj
 0001:000036d3       __RTC_Initialize           100046d3 f   MSVCRT:_initsect_.obj
 0001:000036f9       __RTC_Terminate            100046f9 f   MSVCRT:_initsect_.obj
 0001:00003720       __ValidateImageBase        10004720 f   MSVCRT:pesect.obj
 0001:00003760       __FindPESection            10004760 f   MSVCRT:pesect.obj
 0001:000037b0       __IsNonwritableInCurrentImage 100047b0 f   MSVCRT:pesect.obj
 0001:0000386e       __initterm                 1000486e f   MSVCRT:MSVCR90.dll
 0001:00003874       __initterm_e               10004874 f   MSVCRT:MSVCR90.dll
 0001:0000387a       __amsg_exit                1000487a f   MSVCRT:MSVCR90.dll
 0001:00003880       ___CppXcptFilter           10004880 f   MSVCRT:MSVCR90.dll
 0001:00003886       _DllMain@12                10004886 f   MSVCRT:dllmain.obj
 0001:000038aa       ___security_init_cookie    100048aa f   MSVCRT:gs_support.obj
 0001:00003940       @__security_check_cookie@4 10004940 f   MSVCRT:secchk.obj
 0001:00003950       __except_handler4_common   10004950 f   MSVCRT:MSVCR90.dll
 0001:00003956       ?terminate@@YAXXZ          10004956 f   MSVCRT:MSVCR90.dll
 0001:0000395c       ??1type_info@@UAE@XZ       1000495c f   MSVCRT:MSVCR90.dll
 0001:0000395c       ?_type_info_dtor_internal_method@type_info@@QAEXXZ 1000495c f   MSVCRT:MSVCR90.dll
 0001:00003962       ___clean_type_info_names_internal 10004962 f   MSVCRT:MSVCR90.dll
 0001:00003968       ___report_gsfailure        10004968 f   MSVCRT:gs_report.obj
 0001:00003a6e       __crt_debugger_hook        10004a6e f   MSVCRT:MSVCR90.dll
 0001:00003a74       _png_get_IHDR              10004a74 f   lib_libpng:lib_libpng.dll
 0001:00003a7a       _png_read_info             10004a7a f   lib_libpng:lib_libpng.dll
 0001:00003a80       _png_sig_cmp               10004a80 f   lib_libpng:lib_libpng.dll
 0001:00003a86       _png_create_read_struct    10004a86 f   lib_libpng:lib_libpng.dll
 0001:00003a8c       _png_get_io_ptr            10004a8c f   lib_libpng:lib_libpng.dll
 0001:00003a92       _png_create_info_struct    10004a92 f   lib_libpng:lib_libpng.dll
 0001:00003a98       _png_set_read_fn           10004a98 f   lib_libpng:lib_libpng.dll
 0001:00003a9e       _png_read_update_info      10004a9e f   lib_libpng:lib_libpng.dll
 0001:00003aa4       _png_set_sig_bytes         10004aa4 f   lib_libpng:lib_libpng.dll
 0001:00003aaa       _png_read_row              10004aaa f   lib_libpng:lib_libpng.dll
 0001:00003ab0       _png_error                 10004ab0 f   lib_libpng:lib_libpng.dll
 0001:00003ab6       _png_destroy_read_struct   10004ab6 f   lib_libpng:lib_libpng.dll
 0001:00003abc       _SDL_RenderDrawLine        10004abc f   lib_SDL2:lib_SDL2.dll
 0001:00003ac2       _SDL_RenderDrawLines       10004ac2 f   lib_SDL2:lib_SDL2.dll
 0001:00003ac8       _SDL_Init                  10004ac8 f   lib_SDL2:lib_SDL2.dll
 0001:00003ace       _SDL_DestroyWindow         10004ace f   lib_SDL2:lib_SDL2.dll
 0001:00003ad4       _TTF_GlyphMetrics          10004ad4 f   lib_SDL2:lib_SDL2.dll
 0001:00003ada       _SDL_CreateWindow          10004ada f   lib_SDL2:lib_SDL2.dll
 0001:00003ae0       _SDL_RenderCopy            10004ae0 f   lib_SDL2:lib_SDL2.dll
 0001:00003ae6       _SDL_DestroyRenderer       10004ae6 f   lib_SDL2:lib_SDL2.dll
 0001:00003aec       _SDL_DestroyTexture        10004aec f   lib_SDL2:lib_SDL2.dll
 0001:00003af2       _SDL_CreateTextureFromSurface 10004af2 f   lib_SDL2:lib_SDL2.dll
 0001:00003af8       _SDL_RenderPresent         10004af8 f   lib_SDL2:lib_SDL2.dll
 0001:00003afe       _SDL_SetRenderDrawBlendMode 10004afe f   lib_SDL2:lib_SDL2.dll
 0001:00003b04       _SDL_SetRenderDrawColor    10004b04 f   lib_SDL2:lib_SDL2.dll
 0001:00003b0a       _TTF_OpenFont              10004b0a f   lib_SDL2:lib_SDL2.dll
 0001:00003b10       _TTF_CloseFont             10004b10 f   lib_SDL2:lib_SDL2.dll
 0001:00003b16       _TTF_Init                  10004b16 f   lib_SDL2:lib_SDL2.dll
 0001:00003b1c       _SDL_PumpEvents            10004b1c f   lib_SDL2:lib_SDL2.dll
 0001:00003b22       _TTF_RenderGlyph_Shaded    10004b22 f   lib_SDL2:lib_SDL2.dll
 0001:00003b28       _SDL_Delay                 10004b28 f   lib_SDL2:lib_SDL2.dll
 0001:00003b2e       _SDL_RenderClear           10004b2e f   lib_SDL2:lib_SDL2.dll
 0001:00003b34       _SDL_CreateRenderer        10004b34 f   lib_SDL2:lib_SDL2.dll
 0001:00003b3a       _SDL_SetTextureColorMod    10004b3a f   lib_SDL2:lib_SDL2.dll
 0001:00003b40       _SDL_PeepEvents            10004b40 f   lib_SDL2:lib_SDL2.dll
 0001:00003b46       _SDL_GetTicks              10004b46 f   lib_SDL2:lib_SDL2.dll
 0001:00003b4c       _SDL_RenderFillRect        10004b4c f   lib_SDL2:lib_SDL2.dll
 0001:00003b52       _SDL_RenderDrawRect        10004b52 f   lib_SDL2:lib_SDL2.dll
 0001:00003b58       _TTF_Quit                  10004b58 f   lib_SDL2:lib_SDL2.dll
 0001:00003b5e       _SDL_Quit                  10004b5e f   lib_SDL2:lib_SDL2.dll
 0001:00003b64       _SDL_FreeSurface           10004b64 f   lib_SDL2:lib_SDL2.dll
 0001:00003b70       ??3IRoot@core@UModSys@@SAXPAX@Z 10004b70 f   umodsys_lib_core:umodsys.core.objects.obj
 0001:00003b90       ??3IRoot@core@UModSys@@SAXPAXPAUIMemAlloc@12@@Z 10004b90 f   umodsys_lib_core:umodsys.core.objects.obj
 0001:00003bb0       ??2IRoot@core@UModSys@@SAPAXIPAUIMemAlloc@12@@Z 10004bb0 f   umodsys_lib_core:umodsys.core.objects.obj
 0001:00003bd0       ?suicide@IRoot@core@UModSys@@UAEXXZ 10004bd0 f   umodsys_lib_core:umodsys.core.objects.obj
 0001:00003be0       ??1IRoot@core@UModSys@@UAE@XZ 10004be0 f   umodsys_lib_core:umodsys.core.objects.obj
 0001:00003bf0       ??1IRefObject@core@UModSys@@UAE@XZ 10004bf0 f   umodsys_lib_core:umodsys.core.objects.obj
 0001:00003c00       ?lost@core@UModSys@@YAEPBX@Z 10004c00 f   umodsys_lib_core:umodsys.core.stdtypedefs.obj
 0001:00003c10       ?s_unresolve@SUniquePointer@core@UModSys@@SAXPAUIUniquePointerResolver@23@@Z 10004c10 f   umodsys_lib_core:umodsys.core.uniqueptr.obj
 0001:00003c50       ?s_resolve@SUniquePointer@core@UModSys@@SAXPAUIUniquePointerResolver@23@@Z 10004c50 f   umodsys_lib_core:umodsys.core.uniqueptr.obj
 0001:00003ca0       ??1SUniquePointer@core@UModSys@@QAE@XZ 10004ca0 f   umodsys_lib_core:umodsys.core.uniqueptr.obj
 0001:00003cd0       ??0SUniquePointer@core@UModSys@@QAE@H@Z 10004cd0 f   umodsys_lib_core:umodsys.core.uniqueptr.obj
 0001:00003cf0       ??0SUniquePointer@core@UModSys@@QAE@PBD0H@Z 10004cf0 f   umodsys_lib_core:umodsys.core.uniqueptr.obj
 0001:00003d40       ?utf8_cmp_nocase@su@tl@UModSys@@YAHPBD0I@Z 10004d40 f   umodsys_lib_core:umodsys.tl.utf.obj
 0001:00003d50       ?utf_8to32@su@tl@UModSys@@YAIPAHIPBDI_N@Z 10004d50 f   umodsys_lib_core:umodsys.tl.utf.obj
 0001:00003dd0       ??1SModuleInfo@base@UModSys@@QAE@XZ 10004dd0 f   umodsys_lib_base:umodsys.base.moduleinfo.obj
 0001:00003de0       ??0SModuleInfo@base@UModSys@@QAE@PBDHH0@Z 10004de0 f   umodsys_lib_base:umodsys.base.moduleinfo.obj
 0001:00003e70       ??1IModuleLibraryReg@base@UModSys@@UAE@XZ 10004e70 f   umodsys_lib_base:umodsys.base.modulereg.obj
 0001:00003e80       ??0IModuleLibraryReg@base@UModSys@@QAE@XZ 10004e80 f   umodsys_lib_base:umodsys.base.modulereg.obj
 0001:00003e90       ?mr_close@IModuleReg@base@UModSys@@UAE_NXZ 10004e90 f   umodsys_lib_base:umodsys.base.modulereg.obj
 0001:00003ea0       ?mr_open@IModuleReg@base@UModSys@@UAE_NXZ 10004ea0 f   umodsys_lib_base:umodsys.base.modulereg.obj
 0001:00003ec0       ?mr_isopen@IModuleReg@base@UModSys@@UBE_NXZ 10004ec0 f   umodsys_lib_base:umodsys.base.modulereg.obj
 0001:00003ed0       ??1IModuleReg@base@UModSys@@UAE@XZ 10004ed0 f   umodsys_lib_base:umodsys.base.modulereg.obj
 0001:00003ee0       ??0IModuleReg@base@UModSys@@QAE@PBDHH0@Z 10004ee0 f   umodsys_lib_base:umodsys.base.modulereg.obj
 0001:00003f10       _UModSys_Plugin_Entry2@0   10004f10 f   umodsys_lib_base:umodsys.so_main.win32.obj
 0001:00003f20       ??1RModuleLibraryReg_Chain@base@UModSys@@UAE@XZ 10004f20 f   umodsys_lib_base:umodsys.base.moduleregchain.obj
 0001:00003f30       ??0RModuleLibraryReg_Chain@base@UModSys@@QAE@XZ 10004f30 f   umodsys_lib_base:umodsys.base.moduleregchain.obj
 0001:00003f50       ?s_get@SModuleRegChain@base@UModSys@@SAPAUIModuleReg@23@I@Z 10004f50 f   umodsys_lib_base:umodsys.base.moduleregchain.obj
 0001:00003f80       ??1SModuleRegChain@base@UModSys@@QAE@XZ 10004f80 f   umodsys_lib_base:umodsys.base.moduleregchain.obj
 0001:00003fb0       ??0SModuleRegChain@base@UModSys@@QAE@AAUIModuleReg@12@@Z 10004fb0 f   umodsys_lib_base:umodsys.base.moduleregchain.obj
 0001:00003ff0       ?mlr_isopen@RModuleLibraryReg_Chain@base@UModSys@@UBE_NXZ 10004ff0 f   umodsys_lib_base:umodsys.base.moduleregchain.obj
 0001:00004000       ?mlr_close@RModuleLibraryReg_Chain@base@UModSys@@UAE_NXZ 10005000 f   umodsys_lib_base:umodsys.base.moduleregchain.obj
 0001:00004030       ?mlr_open@RModuleLibraryReg_Chain@base@UModSys@@UAE_NPAUISystem@23@PAUIMemAlloc@core@3@@Z 10005030 f   umodsys_lib_base:umodsys.base.moduleregchain.obj
 0001:00004060       ?mlr_get@RModuleLibraryReg_Chain@base@UModSys@@UBEPAUIModuleReg@23@I@Z 10005060 f   umodsys_lib_base:umodsys.base.moduleregchain.obj
 0001:00004070       ?mlr_count@RModuleLibraryReg_Chain@base@UModSys@@UBEIXZ 10005070 f   umodsys_lib_base:umodsys.base.moduleregchain.obj
 0001:00004090       ??0SModuleRegChain@base@UModSys@@QAE@H@Z 10005090 f   umodsys_lib_base:umodsys.base.moduleregchain.obj
 0001:000040a0       ?unlink@SMemorySharedData@core@UModSys@@QAEXPBUSSourceContext@23@@Z 100050a0 f   umodsys_lib_base:umodsys.base.modulecontext.obj
 0001:000040c0       ?link@SMemorySharedData@core@UModSys@@QAEXPBUSSourceContext@23@@Z 100050c0 f   umodsys_lib_base:umodsys.base.modulecontext.obj
 0001:000040d0       ?Link@SModuleContext@base@UModSys@@QAEXPAUISystem@23@PAUIMemAlloc@core@3@@Z 100050d0 f   umodsys_lib_base:umodsys.base.modulecontext.obj
 0001:00004130       ??1SModuleContext@base@UModSys@@QAE@XZ 10005130 f   umodsys_lib_base:umodsys.base.modulecontext.obj
 0001:00004140       ?new_data@SMemorySharedData@core@UModSys@@SAPAU123@PAUIMemAlloc@23@IPBUSSourceContext@23@@Z 10005140 f   umodsys_lib_base:umodsys.base.modulecontext.obj
 0001:00004160       ?get_paramworker@SParameters@core@UModSys@@KAPAUIParameters@23@XZ 10005160 f   umodsys_lib_base:umodsys.base.modulecontext.obj
 0001:00004170       ?shared_memory@UModSys@@YAABUSIMemAlloc@core@1@XZ 10005170 f   umodsys_lib_base:umodsys.base.modulecontext.obj
 0001:00004180       ?local_memory@UModSys@@YAABUSIMemAlloc@core@1@XZ 10005180 f   umodsys_lib_base:umodsys.base.modulecontext.obj
 0001:00004190       ??0SModuleContext@base@UModSys@@QAE@XZ 10005190 f   umodsys_lib_base:umodsys.base.modulecontext.obj
 0001:000041b0       ?mod_dec@RGenerator@images_std@media@modules@UModSys@@UBE_NXZ 100051b0 f   umodsys_lib_libmedia:umodsys.mod.media.images_std.obj
 0001:000041c0       ?mod_inc@RGenerator@images_std@media@modules@UModSys@@UBE_NXZ 100051c0 f   umodsys_lib_libmedia:umodsys.mod.media.images_std.obj
 0001:000041d0       ?get_module@RGenerator@images_std@media@modules@UModSys@@UBEPAUIModule@base@5@XZ 100051d0 f   umodsys_lib_libmedia:umodsys.mod.media.images_std.obj
 0001:00004270       ?filter_save@RMediaFilter@images_std@media@modules@UModSys@@UAE_NAAUSInfo@IBinObjFilter@libmedia@5@PBUIRefObject@core@5@@Z 10005270 f   umodsys_lib_libmedia:umodsys.mod.media.images_std.obj
 0001:00004280       ?filter_load@RMediaFilter@images_std@media@modules@UModSys@@UAE_NABUSInfo@IBinObjFilter@libmedia@5@AAU?$TRefObject@UIRefObject@core@UModSys@@U?$TRefObjectFunc@UIRefObject@core@UModSys@@@tl@3@@tl@5@@Z 10005280 f   umodsys_lib_libmedia:umodsys.mod.media.images_std.obj
 0001:00004290       ?s_holder@RGenerator@images_std@media@modules@UModSys@@SAAAU?$TTypeStaticHolder@URGenerator@images_std@media@modules@UModSys@@@tl@5@XZ 10005290 f   umodsys_lib_libmedia:umodsys.mod.media.images_std.obj
 0001:000042d0       ?png_read@RMediaFilter@images_std@media@modules@UModSys@@KAXPAUpng_struct_def@@PAEI@Z 100052d0 f   umodsys_lib_libmedia:umodsys.mod.media.images_std.obj
 0001:00004310       ?png_err@RMediaFilter@images_std@media@modules@UModSys@@KAXPAUpng_struct_def@@PBD@Z 10005310 f   umodsys_lib_libmedia:umodsys.mod.media.images_std.obj
 0001:00004340       ?s_unreg@RGenerator@images_std@media@modules@UModSys@@SA_NPAUIModuleReg@base@5@@Z 10005340 f   umodsys_lib_libmedia:umodsys.mod.media.images_std.obj
 0001:00004390       ?s_reg@RGenerator@images_std@media@modules@UModSys@@SA_NPAUIModuleReg@base@5@@Z 10005390 f   umodsys_lib_libmedia:umodsys.mod.media.images_std.obj
 0001:00004410       ?loader_png@RMediaFilter@images_std@media@modules@UModSys@@QAE_NPAUIImage@lib2d@5@ABUSInfo@IBinObjFilter@libmedia@5@ABUSParameters@core@5@HPBD_N@Z 10005410 f   umodsys_lib_libmedia:umodsys.mod.media.images_std.obj
 0001:00004780       ?loader_jpeg@RMediaFilter@images_std@media@modules@UModSys@@QAE_NPAUIImage@lib2d@5@ABUSInfo@IBinObjFilter@libmedia@5@ABUSParameters@core@5@HPBD_N@Z 10005780 f   umodsys_lib_libmedia:umodsys.mod.media.images_std.obj
 0001:00004a60       ?filter_load@RMediaFilter@images_std@media@modules@UModSys@@UAE_NABUSInfo@IBinObjFilter@libmedia@5@PAUIRefObject@core@5@@Z 10005a60 f   umodsys_lib_libmedia:umodsys.mod.media.images_std.obj
 0001:00004cb0       ?mod_dec@RGenerator@SDL_core@ui@modules@UModSys@@UBE_NXZ 10005cb0 f   umodsys_lib_libui:umodsys.mod.ui.SDL_core.obj
 0001:00004cc0       ?mod_inc@RGenerator@SDL_core@ui@modules@UModSys@@UBE_NXZ 10005cc0 f   umodsys_lib_libui:umodsys.mod.ui.SDL_core.obj
 0001:00004cd0       ?get_module@RGenerator@SDL_core@ui@modules@UModSys@@UBEPAUIModule@base@5@XZ 10005cd0 f   umodsys_lib_libui:umodsys.mod.ui.SDL_core.obj
 0001:00004ce0       ?new_picture@RRenderDriver2D_SDL_core@SDL_core@ui@modules@UModSys@@UAE?AU?$TRefObject@UIImage@lib2d@UModSys@@U?$TRefObjectFunc@UIImage@lib2d@UModSys@@@tl@3@@tl@5@ABUSParameters@core@5@ABU?$TString@U?$TSCoreConst@D@su@tl@UModSys@@U?$TComparerBinaryHash@D@234@@75@@Z 10005ce0 f   umodsys_lib_libui:umodsys.mod.ui.SDL_core.obj
 0001:00004d00       ?get_terminal@RRenderDriver2D_SDL_core@SDL_core@ui@modules@UModSys@@UBEPAUITerminal@libui@5@XZ 10005d00 f   umodsys_lib_libui:umodsys.mod.ui.SDL_core.obj
 0001:00004d10       ?s_holder@RGenerator@SDL_core@ui@modules@UModSys@@SAAAU?$TTypeStaticHolder@URGenerator@SDL_core@ui@modules@UModSys@@@tl@5@XZ 10005d10 f   umodsys_lib_libui:umodsys.mod.ui.SDL_core.obj
 0001:00004d50       ?as_texture@RMultiImage2D_SDL_ttf@SDL_core@ui@modules@UModSys@@QBEPAUSDL_Texture@@PAUSDL_Surface@@@Z 10005d50 f   umodsys_lib_libui:umodsys.mod.ui.SDL_core.obj
 0001:00004d70       ?s_unreg@RGenerator@SDL_core@ui@modules@UModSys@@SA_NPAUIModuleReg@base@5@@Z 10005d70 f   umodsys_lib_libui:umodsys.mod.ui.SDL_core.obj
 0001:00004dc0       ?s_reg@RGenerator@SDL_core@ui@modules@UModSys@@SA_NPAUIModuleReg@base@5@@Z 10005dc0 f   umodsys_lib_libui:umodsys.mod.ui.SDL_core.obj
 0001:00004e40       ?new_font@RRenderDriver2D_SDL_core@SDL_core@ui@modules@UModSys@@UAE?AU?$TRefObject@UIMultiImage@lib2d@UModSys@@U?$TRefObjectFunc@UIMultiImage@lib2d@UModSys@@@tl@3@@tl@5@ABUSParameters@core@5@ABU?$TString@U?$TSCoreConst@D@su@tl@UModSys@@U?$TComparerBinaryHash@D@234@@75@@Z 10005e40 f   umodsys_lib_libui:umodsys.mod.ui.SDL_core.obj
 0001:00004f40       ?mod_dec@RGenerator@test1@test@modules@UModSys@@UBE_NXZ 10005f40 f   plugin_test1.obj
 0001:00004f50       ?mod_inc@RGenerator@test1@test@modules@UModSys@@UBE_NXZ 10005f50 f   plugin_test1.obj
 0001:00004f60       ?get_module@RGenerator@test1@test@modules@UModSys@@UBEPAUIModule@base@5@XZ 10005f60 f   plugin_test1.obj
 0001:00004f80       ?s_holder@RGenerator@test1@test@modules@UModSys@@SAAAU?$TTypeStaticHolder@URGenerator@test1@test@modules@UModSys@@@tl@5@XZ 10005f80 f   plugin_test1.obj
 0001:00004fc0       ?s_unreg@RGenerator@test1@test@modules@UModSys@@SA_NPAUIModuleReg@base@5@@Z 10005fc0 f   plugin_test1.obj
 0001:00005010       ?s_reg@RGenerator@test1@test@modules@UModSys@@SA_NPAUIModuleReg@base@5@@Z 10006010 f   plugin_test1.obj
 0001:00005090       ?ui_newfont@RTest1_Shell@test1@test@modules@UModSys@@QAE?AU?$TRefObject@UIMultiImage@lib2d@UModSys@@U?$TRefObjectFunc@UIMultiImage@lib2d@UModSys@@@tl@3@@tl@5@ABU?$TString@U?$TSCoreConst@D@su@tl@UModSys@@U?$TComparerBinaryHash@D@234@@75@ABUSParameters@core@5@@Z 10006090 f   plugin_test1.obj
 0001:000051d0       ?ui_newterm@RTest1_Shell@test1@test@modules@UModSys@@QAE?AU?$TRefObject@UITerminal@libui@UModSys@@U?$TRefObjectFunc@UITerminal@libui@UModSys@@@tl@3@@tl@5@ABU?$TString@U?$TSCoreConst@D@su@tl@UModSys@@U?$TComparerBinaryHash@D@234@@75@ABUSParameters@core@5@@Z 100061d0 f   plugin_test1.obj
 0001:00005310       ?ui_test1@RTest1_Shell@test1@test@modules@UModSys@@QAEXXZ 10006310 f   plugin_test1.obj
 0001:00005930       ?add@SUniquePtrList@core@UModSys@@QAE_NPBUSUniquePointerInfo@23@@Z 10006930 f   umodsys_lib_core:umodsys.core.uniqueptrlist.obj
 0001:00005980       _memcpy                    10006980 f   MSVCRT:MSVCR90.dll
 0001:00005986       ___CxxFrameHandler3        10006986 f   MSVCRT:MSVCR90.dll
 0001:00005990       __alloca_probe             10006990     MSVCRT:chkstk.obj
 0001:00005990       __chkstk                   10006990 f   MSVCRT:chkstk.obj
 0001:000059bc       __setjmp3                  100069bc f   MSVCRT:MSVCR90.dll
 0001:000059c2       ___CxxLongjmpUnwind@4      100069c2 f   MSVCRT:MSVCR90.dll
 0002:00000000       __imp__InterlockedExchange@8 10008000     kernel32:KERNEL32.dll
 0002:00000004       __imp__InterlockedCompareExchange@12 10008004     kernel32:KERNEL32.dll
 0002:00000008       __imp__DisableThreadLibraryCalls@4 10008008     kernel32:KERNEL32.dll
 0002:0000000c       __imp__QueryPerformanceCounter@4 1000800c     kernel32:KERNEL32.dll
 0002:00000010       __imp__GetTickCount@0      10008010     kernel32:KERNEL32.dll
 0002:00000014       __imp__GetCurrentThreadId@0 10008014     kernel32:KERNEL32.dll
 0002:00000018       __imp__GetCurrentProcessId@0 10008018     kernel32:KERNEL32.dll
 0002:0000001c       __imp__GetSystemTimeAsFileTime@4 1000801c     kernel32:KERNEL32.dll
 0002:00000020       __imp__TerminateProcess@8  10008020     kernel32:KERNEL32.dll
 0002:00000024       __imp__GetCurrentProcess@0 10008024     kernel32:KERNEL32.dll
 0002:00000028       __imp__UnhandledExceptionFilter@4 10008028     kernel32:KERNEL32.dll
 0002:0000002c       __imp__SetUnhandledExceptionFilter@4 1000802c     kernel32:KERNEL32.dll
 0002:00000030       __imp__IsDebuggerPresent@0 10008030     kernel32:KERNEL32.dll
 0002:00000034       __imp__Sleep@4             10008034     kernel32:KERNEL32.dll
 0002:00000038       \177KERNEL32_NULL_THUNK_DATA 10008038     kernel32:KERNEL32.dll
 0002:0000003c       __imp___initterm           1000803c     MSVCRT:MSVCR90.dll
 0002:00000040       __imp___initterm_e         10008040     MSVCRT:MSVCR90.dll
 0002:00000044       __imp___amsg_exit          10008044     MSVCRT:MSVCR90.dll
 0002:00000048       __imp___adjust_fdiv        10008048     MSVCRT:MSVCR90.dll
 0002:0000004c       __imp____CppXcptFilter     1000804c     MSVCRT:MSVCR90.dll
 0002:00000050       __imp___encoded_null       10008050     MSVCRT:MSVCR90.dll
 0002:00000054       __imp_?terminate@@YAXXZ    10008054     MSVCRT:MSVCR90.dll
 0002:00000058       __imp_?_type_info_dtor_internal_method@type_info@@QAEXXZ 10008058     MSVCRT:MSVCR90.dll
 0002:0000005c       __imp____clean_type_info_names_internal 1000805c     MSVCRT:MSVCR90.dll
 0002:00000060       __imp___crt_debugger_hook  10008060     MSVCRT:MSVCR90.dll
 0002:00000064       __imp___setjmp3            10008064     MSVCRT:MSVCR90.dll
 0002:00000068       __imp____CxxFrameHandler3  10008068     MSVCRT:MSVCR90.dll
 0002:0000006c       __imp__memcpy              1000806c     MSVCRT:MSVCR90.dll
 0002:00000070       __imp__free                10008070     MSVCRT:MSVCR90.dll
 0002:00000074       __imp___malloc_crt         10008074     MSVCRT:MSVCR90.dll
 0002:00000078       __imp___decode_pointer     10008078     MSVCRT:MSVCR90.dll
 0002:0000007c       __imp___onexit             1000807c     MSVCRT:MSVCR90.dll
 0002:00000080       __imp___lock               10008080     MSVCRT:MSVCR90.dll
 0002:00000084       __imp___encode_pointer     10008084     MSVCRT:MSVCR90.dll
 0002:00000088       __imp____dllonexit         10008088     MSVCRT:MSVCR90.dll
 0002:0000008c       __imp___unlock             1000808c     MSVCRT:MSVCR90.dll
 0002:00000090       __imp__longjmp             10008090     MSVCRT:MSVCR90.dll
 0002:00000094       __imp__strstr              10008094     MSVCRT:MSVCR90.dll
 0002:00000098       __imp_??2@YAPAXI@Z         10008098     MSVCRT:MSVCR90.dll
 0002:0000009c       __imp_??3@YAXPAX@Z         1000809c     MSVCRT:MSVCR90.dll
 0002:000000a0       __imp___purecall           100080a0     MSVCRT:MSVCR90.dll
 0002:000000a4       __imp___except_handler4_common 100080a4     MSVCRT:MSVCR90.dll
 0002:000000a8       __imp__strncmp             100080a8     MSVCRT:MSVCR90.dll
 0002:000000ac       __imp____CxxLongjmpUnwind@4 100080ac     MSVCRT:MSVCR90.dll
 0002:000000b0       \177MSVCR90_NULL_THUNK_DATA 100080b0     MSVCRT:MSVCR90.dll
 0002:000000b4       __imp__SDL_PeepEvents      100080b4     lib_SDL2:lib_SDL2.dll
 0002:000000b8       __imp__SDL_FreeSurface     100080b8     lib_SDL2:lib_SDL2.dll
 0002:000000bc       __imp__SDL_Quit            100080bc     lib_SDL2:lib_SDL2.dll
 0002:000000c0       __imp__TTF_Quit            100080c0     lib_SDL2:lib_SDL2.dll
 0002:000000c4       __imp__SDL_RenderDrawLines 100080c4     lib_SDL2:lib_SDL2.dll
 0002:000000c8       __imp__SDL_Init            100080c8     lib_SDL2:lib_SDL2.dll
 0002:000000cc       __imp__SDL_DestroyWindow   100080cc     lib_SDL2:lib_SDL2.dll
 0002:000000d0       __imp__TTF_GlyphMetrics    100080d0     lib_SDL2:lib_SDL2.dll
 0002:000000d4       __imp__SDL_CreateWindow    100080d4     lib_SDL2:lib_SDL2.dll
 0002:000000d8       __imp__SDL_RenderCopy      100080d8     lib_SDL2:lib_SDL2.dll
 0002:000000dc       __imp__SDL_DestroyRenderer 100080dc     lib_SDL2:lib_SDL2.dll
 0002:000000e0       __imp__SDL_DestroyTexture  100080e0     lib_SDL2:lib_SDL2.dll
 0002:000000e4       __imp__SDL_CreateTextureFromSurface 100080e4     lib_SDL2:lib_SDL2.dll
 0002:000000e8       __imp__SDL_RenderPresent   100080e8     lib_SDL2:lib_SDL2.dll
 0002:000000ec       __imp__SDL_SetRenderDrawBlendMode 100080ec     lib_SDL2:lib_SDL2.dll
 0002:000000f0       __imp__SDL_SetRenderDrawColor 100080f0     lib_SDL2:lib_SDL2.dll
 0002:000000f4       __imp__TTF_OpenFont        100080f4     lib_SDL2:lib_SDL2.dll
 0002:000000f8       __imp__TTF_CloseFont       100080f8     lib_SDL2:lib_SDL2.dll
 0002:000000fc       __imp__TTF_Init            100080fc     lib_SDL2:lib_SDL2.dll
 0002:00000100       __imp__SDL_PumpEvents      10008100     lib_SDL2:lib_SDL2.dll
 0002:00000104       __imp__TTF_RenderGlyph_Shaded 10008104     lib_SDL2:lib_SDL2.dll
 0002:00000108       __imp__SDL_Delay           10008108     lib_SDL2:lib_SDL2.dll
 0002:0000010c       __imp__SDL_RenderClear     1000810c     lib_SDL2:lib_SDL2.dll
 0002:00000110       __imp__SDL_CreateRenderer  10008110     lib_SDL2:lib_SDL2.dll
 0002:00000114       __imp__SDL_SetTextureColorMod 10008114     lib_SDL2:lib_SDL2.dll
 0002:00000118       __imp__SDL_RenderDrawLine  10008118     lib_SDL2:lib_SDL2.dll
 0002:0000011c       __imp__SDL_GetTicks        1000811c     lib_SDL2:lib_SDL2.dll
[...]
 0001:00005c00       __unwindfunclet$?generate@RGenerator@test1@test@modules@UModSys@@UAE_NAAU?$TRefObject@UIRefObject@core@UModSys@@U?$TRefObjectFunc@UIRefObject@core@UModSys@@@tl@3@@tl@5@PBUSUniquePointerInfo@core@5@ABUSParameters@95@@Z$0 10006c00 f    CIL library: CIL module
 0001:00005c0e       __ehhandler$?generate@RGenerator@test1@test@modules@UModSys@@UAE_NAAU?$TRefObject@UIRefObject@core@UModSys@@U?$TRefObjectFunc@UIRefObject@core@UModSys@@@tl@3@@tl@5@PBUSUniquePointerInfo@core@5@ABUSParameters@95@@Z 10006c0e f    CIL library: CIL module
 0001:00005c20       ??__E?s_modreg@RModuleReg@test1@test@modules@UModSys@@2U12345@A@@YAXXZ 10006c20 f    CIL library: CIL module
 0001:00005c60       ??__E?s_modreg_chain@RModuleReg@test1@test@modules@UModSys@@2USModuleRegChain@base@5@A@@YAXXZ 10006c60 f    CIL library: CIL module
 0001:00005c80       ??__E?s_uid@RGenerator@test1@test@modules@UModSys@@2USUniquePointer@core@5@A@@YAXXZ 10006c80 f    CIL library: CIL module
 0001:00005cb0       ??__E?s_id@?$TObjectUniqueID@UIRoot@core@UModSys@@@tl@UModSys@@2USUniquePointer@core@3@A@@YAXXZ 10006cb0 f    CIL library: CIL module
 0001:00005ce0       ??__E?s_id@?$TObjectUniqueID@UIRefObject@core@UModSys@@@tl@UModSys@@2USUniquePointer@core@3@A@@YAXXZ 10006ce0 f    CIL library: CIL module
 0001:00005d10       ??__E?s_id@?$TObjectUniqueID@UIParameters@core@UModSys@@@tl@UModSys@@2USUniquePointer@core@3@A@@YAXXZ 10006d10 f    CIL library: CIL module
 0001:00005d40       ??__E?s_id@?$TObjectUniqueID@UIModule@base@UModSys@@@tl@UModSys@@2USUniquePointer@core@3@A@@YAXXZ 10006d40 f    CIL library: CIL module
 0001:00005d70       ??__E?s_id@?$TObjectUniqueID@UIModuleLibrary@base@UModSys@@@tl@UModSys@@2USUniquePointer@core@3@A@@YAXXZ 10006d70 f    CIL library: CIL module
 0001:00005da0       ??__E?s_id@?$TObjectUniqueID@UIModObject@base@UModSys@@@tl@UModSys@@2USUniquePointer@core@3@A@@YAXXZ 10006da0 f    CIL library: CIL module
 0001:00005dd0       ??__E?s_id@?$TObjectUniqueID@UIGenerator@base@UModSys@@@tl@UModSys@@2USUniquePointer@core@3@A@@YAXXZ 10006dd0 f    CIL library: CIL module
 0001:00005e00       ??__E?s_id@?$TObjectUniqueID@UIShell@base@UModSys@@@tl@UModSys@@2USUniquePointer@core@3@A@@YAXXZ 10006e00 f    CIL library: CIL module
 0001:00005e30       ??__E?s_id@?$TObjectUniqueID@UIConsole@base@UModSys@@@tl@UModSys@@2USUniquePointer@core@3@A@@YAXXZ 10006e30 f    CIL library: CIL module
 0001:00005e60       ??__E?s_id@?$TObjectUniqueID@UISystem@base@UModSys@@@tl@UModSys@@2USUniquePointer@core@3@A@@YAXXZ 10006e60 f    CIL library: CIL module
 0001:00005e90       ??__E?s_id@?$TObjectUniqueID@UIStreamReader@libmedia@UModSys@@@tl@UModSys@@2USUniquePointer@core@3@A@@YAXXZ 10006e90 f    CIL library: CIL module
 0001:00005ec0       ??__E?s_id@?$TObjectUniqueID@UIStreamWriter@libmedia@UModSys@@@tl@UModSys@@2USUniquePointer@core@3@A@@YAXXZ 10006ec0 f    CIL library: CIL module
 0001:00005ef0       ??__E?s_id@?$TObjectUniqueID@UIBinArchive@libmedia@UModSys@@@tl@UModSys@@2USUniquePointer@core@3@A@@YAXXZ 10006ef0 f    CIL library: CIL module
 0001:00005f20       ??__E?s_id@?$TObjectUniqueID@UIBinObjFilter@libmedia@UModSys@@@tl@UModSys@@2USUniquePointer@core@3@A@@YAXXZ 10006f20 f    CIL library: CIL module
 0001:00005f50       ??__E?s_id@?$TObjectUniqueID@UILibrary@libmedia@UModSys@@@tl@UModSys@@2USUniquePointer@core@3@A@@YAXXZ 10006f50 f    CIL library: CIL module
 0001:00005f80       ??__E?s_id@?$TObjectUniqueID@UILibraryBinTree@libmedia@UModSys@@@tl@UModSys@@2USUniquePointer@core@3@A@@YAXXZ 10006f80 f    CIL library: CIL module
 0001:00005fb0       ??__E?s_id@?$TObjectUniqueID@UILibraryBinCache@libmedia@UModSys@@@tl@UModSys@@2USUniquePointer@core@3@A@@YAXXZ 10006fb0 f    CIL library: CIL module
 0001:00005fe0       ??__E?s_id@?$TObjectUniqueID@UILibraryObjFilter@libmedia@UModSys@@@tl@UModSys@@2USUniquePointer@core@3@A@@YAXXZ 10006fe0 f    CIL library: CIL module
 0001:00006010       ??__E?s_id@?$TObjectUniqueID@UILibraryObjCache@libmedia@UModSys@@@tl@UModSys@@2USUniquePointer@core@3@A@@YAXXZ 10007010 f    CIL library: CIL module
 0001:00006040       ??__E?s_id@?$TObjectUniqueID@UILibraryLayered@libmedia@UModSys@@@tl@UModSys@@2USUniquePointer@core@3@A@@YAXXZ 10007040 f    CIL library: CIL module
 0001:00006070       ??__E?s_id@?$TObjectUniqueID@UIConsoleExt@base@UModSys@@@tl@UModSys@@2USUniquePointer@core@3@A@@YAXXZ 10007070 f    CIL library: CIL module
 0001:000060a0       ??__E?s_id@?$TObjectUniqueID@UIConsoleHelper@base@UModSys@@@tl@UModSys@@2USUniquePointer@core@3@A@@YAXXZ 100070a0 f    CIL library: CIL module
 0001:000060d0       ??__E?s_id@?$TObjectUniqueID@UIConsoleHelperHistory@base@UModSys@@@tl@UModSys@@2USUniquePointer@core@3@A@@YAXXZ 100070d0 f    CIL library: CIL module
 0001:00006100       ??__E?s_id@?$TObjectUniqueID@UIConsoleHelperInput@base@UModSys@@@tl@UModSys@@2USUniquePointer@core@3@A@@YAXXZ 10007100 f    CIL library: CIL module
 0001:00006130       ??__E?s_id@?$TObjectUniqueID@UIConsoleHelperOutput@base@UModSys@@@tl@UModSys@@2USUniquePointer@core@3@A@@YAXXZ 10007130 f    CIL library: CIL module
 0001:00006160       ??__E?s_id@?$TObjectUniqueID@UIConsoleHelperOutputFCS@base@UModSys@@@tl@UModSys@@2USUniquePointer@core@3@A@@YAXXZ 10007160 f    CIL library: CIL module
 0001:00006190       ??__E?s_id@?$TObjectUniqueID@UIKeyboardController@libui@UModSys@@@tl@UModSys@@2USUniquePointer@core@3@A@@YAXXZ 10007190 f    CIL library: CIL module
 0001:000061c0       ??__E?s_id@?$TObjectUniqueID@UIMouseController@libui@UModSys@@@tl@UModSys@@2USUniquePointer@core@3@A@@YAXXZ 100071c0 f    CIL library: CIL module
 0001:000061f0       ??__E?s_id@?$TObjectUniqueID@UIJoystickController@libui@UModSys@@@tl@UModSys@@2USUniquePointer@core@3@A@@YAXXZ 100071f0 f    CIL library: CIL module
 0001:00006220       ??__E?s_id@?$TObjectUniqueID@UITerminal@libui@UModSys@@@tl@UModSys@@2USUniquePointer@core@3@A@@YAXXZ 10007220 f    CIL library: CIL module
 0001:00006250       ??__E?s_id@?$TObjectUniqueID@UIConsoleHelperInput_UIKey@libui@UModSys@@@tl@UModSys@@2USUniquePointer@core@3@A@@YAXXZ 10007250 f    CIL library: CIL module
 0001:00006280       ??__E?s_id@?$TObjectUniqueID@UIImage@lib2d@UModSys@@@tl@UModSys@@2USUniquePointer@core@3@A@@YAXXZ 10007280 f    CIL library: CIL module
 0001:000062b0       ??__E?s_id@?$TObjectUniqueID@UIMultiImage@lib2d@UModSys@@@tl@UModSys@@2USUniquePointer@core@3@A@@YAXXZ 100072b0 f    CIL library: CIL module
 0001:000062e0       ??__E?s_id@?$TObjectUniqueID@UIRenderDriver@lib2d@UModSys@@@tl@UModSys@@2USUniquePointer@core@3@A@@YAXXZ 100072e0 f    CIL library: CIL module
 0001:00006310       ??__E?s_id@?$TObjectUniqueID@UILines@test1@test@modules@UModSys@@@tl@UModSys@@2USUniquePointer@core@3@A@@YAXXZ 10007310 f    CIL library: CIL module
 0001:00006340       ??__E?s_id@?$TObjectUniqueID@URLines@test1@test@modules@UModSys@@@tl@UModSys@@2USUniquePointer@core@3@A@@YAXXZ 10007340 f    CIL library: CIL module
 0001:00006370       ??__E?s_id@?$TObjectUniqueID@URLines_Filter@test1@test@modules@UModSys@@@tl@UModSys@@2USUniquePointer@core@3@A@@YAXXZ 10007370 f    CIL library: CIL module
 0001:000063a0       ??__E?s_id@?$TObjectUniqueID@URTest1_Shell@test1@test@modules@UModSys@@@tl@UModSys@@2USUniquePointer@core@3@A@@YAXXZ 100073a0 f    CIL library: CIL module
 0001:000063d0       ??__E?s_id@?$TObjectUniqueID@URGenerator@test1@test@modules@UModSys@@@tl@UModSys@@2USUniquePointer@core@3@A@@YAXXZ 100073d0 f    CIL library: CIL module
 0001:00006400       ??__E?s_modreg@RModuleReg@SDL_core@ui@modules@UModSys@@2U12345@A@@YAXXZ 10007400 f    CIL library: CIL module
 0001:00006440       ??__E?s_modreg_chain@RModuleReg@SDL_core@ui@modules@UModSys@@2USModuleRegChain@base@5@A@@YAXXZ 10007440 f    CIL library: CIL module
 0001:00006460       ??__E?s_uid@RGenerator@SDL_core@ui@modules@UModSys@@2USUniquePointer@core@5@A@@YAXXZ 10007460 f    CIL library: CIL module
 0001:00006490       ??__E?s_id@?$TObjectUniqueID@URMultiImage2D_SDL_ttf@SDL_core@ui@modules@UModSys@@@tl@UModSys@@2USUniquePointer@core@3@A@@YAXXZ 10007490 f    CIL library: CIL module
 0001:000064c0       ??__E?s_id@?$TObjectUniqueID@URRenderDriver2D_SDL_core@SDL_core@ui@modules@UModSys@@@tl@UModSys@@2USUniquePointer@core@3@A@@YAXXZ 100074c0 f    CIL library: CIL module
 0001:000064f0       ??__E?s_id@?$TObjectUniqueID@URTerminal_SDL_core@SDL_core@ui@modules@UModSys@@@tl@UModSys@@2USUniquePointer@core@3@A@@YAXXZ 100074f0 f    CIL library: CIL module
 0001:00006520       ??__E?s_id@?$TObjectUniqueID@URGenerator@SDL_core@ui@modules@UModSys@@@tl@UModSys@@2USUniquePointer@core@3@A@@YAXXZ 10007520 f    CIL library: CIL module
 0001:00006550       ??__E?s_modreg@RModuleReg@images_std@media@modules@UModSys@@2U12345@A@@YAXXZ 10007550 f    CIL library: CIL module
 0001:00006590       ??__E?s_modreg_chain@RModuleReg@images_std@media@modules@UModSys@@2USModuleRegChain@base@5@A@@YAXXZ 10007590 f    CIL library: CIL module
 0001:000065b0       ??__E?s_uid@RGenerator@images_std@media@modules@UModSys@@2USUniquePointer@core@5@A@@YAXXZ 100075b0 f    CIL library: CIL module
 0001:000065e0       ??__E?s_id@?$TObjectUniqueID@URMediaFilter@images_std@media@modules@UModSys@@@tl@UModSys@@2USUniquePointer@core@3@A@@YAXXZ 100075e0 f    CIL library: CIL module
 0001:00006610       ??__E?s_id@?$TObjectUniqueID@URGenerator@images_std@media@modules@UModSys@@@tl@UModSys@@2USUniquePointer@core@3@A@@YAXXZ 10007610 f    CIL library: CIL module
 0001:00006640       ??__EM@UModSys@@YAXXZ      10007640 f    CIL library: CIL module
 0001:00006660       ??__E?root@SModuleRegChain@base@UModSys@@2U123@A@@YAXXZ 10007660 f    CIL library: CIL module
 0001:00006680       ??__E?s_library@RModuleLibraryReg_Chain@base@UModSys@@2U123@A@@YAXXZ 10007680 f    CIL library: CIL module
 0001:000066a0       ??__E?root@SUniquePointer@core@UModSys@@2U123@A@@YAXXZ 100076a0 f    CIL library: CIL module
 0001:000066c0       ??__F?s_modreg@RModuleReg@test1@test@modules@UModSys@@2U12345@A@@YAXXZ 100076c0 f    CIL library: CIL module
 0001:000066e0       ??__F?s_modreg_chain@RModuleReg@test1@test@modules@UModSys@@2USModuleRegChain@base@5@A@@YAXXZ 100076e0 f    CIL library: CIL module
 0001:000066f0       ??__F?s_uid@RGenerator@test1@test@modules@UModSys@@2USUniquePointer@core@5@A@@YAXXZ 100076f0 f    CIL library: CIL module
 0001:00006700       ??__Fh@?1??s_holder@RGenerator@test1@test@modules@UModSys@@SAAAU?$TTypeStaticHolder@URGenerator@test1@test@modules@UModSys@@@tl@5@XZ@YAXXZ 10007700 f    CIL library: CIL module
 0001:00006720       ??__F?s_id@?$TObjectUniqueID@URGenerator@test1@test@modules@UModSys@@@tl@UModSys@@2USUniquePointer@core@3@A@@YAXXZ 10007720 f    CIL library: CIL module
 0001:00006730       ??__F?s_id@?$TObjectUniqueID@URTest1_Shell@test1@test@modules@UModSys@@@tl@UModSys@@2USUniquePointer@core@3@A@@YAXXZ 10007730 f    CIL library: CIL module
 0001:00006740       ??__F?s_id@?$TObjectUniqueID@URLines_Filter@test1@test@modules@UModSys@@@tl@UModSys@@2USUniquePointer@core@3@A@@YAXXZ 10007740 f    CIL library: CIL module
 0001:00006750       ??__F?s_id@?$TObjectUniqueID@URLines@test1@test@modules@UModSys@@@tl@UModSys@@2USUniquePointer@core@3@A@@YAXXZ 10007750 f    CIL library: CIL module
 0001:00006760       ??__F?s_id@?$TObjectUniqueID@UILines@test1@test@modules@UModSys@@@tl@UModSys@@2USUniquePointer@core@3@A@@YAXXZ 10007760 f    CIL library: CIL module
 0001:00006770       ??__F?s_id@?$TObjectUniqueID@UIRenderDriver@lib2d@UModSys@@@tl@UModSys@@2USUniquePointer@core@3@A@@YAXXZ 10007770 f    CIL library: CIL module
 0001:00006780       ??__F?s_id@?$TObjectUniqueID@UIMultiImage@lib2d@UModSys@@@tl@UModSys@@2USUniquePointer@core@3@A@@YAXXZ 10007780 f    CIL library: CIL module
 0001:00006790       ??__F?s_id@?$TObjectUniqueID@UIImage@lib2d@UModSys@@@tl@UModSys@@2USUniquePointer@core@3@A@@YAXXZ 10007790 f    CIL library: CIL module
 0001:000067a0       ??__F?s_id@?$TObjectUniqueID@UIConsoleHelperInput_UIKey@libui@UModSys@@@tl@UModSys@@2USUniquePointer@core@3@A@@YAXXZ 100077a0 f    CIL library: CIL module
 0001:000067b0       ??__F?s_id@?$TObjectUniqueID@UITerminal@libui@UModSys@@@tl@UModSys@@2USUniquePointer@core@3@A@@YAXXZ 100077b0 f    CIL library: CIL module
 0001:000067c0       ??__F?s_id@?$TObjectUniqueID@UIJoystickController@libui@UModSys@@@tl@UModSys@@2USUniquePointer@core@3@A@@YAXXZ 100077c0 f    CIL library: CIL module
 0001:000067d0       ??__F?s_id@?$TObjectUniqueID@UIMouseController@libui@UModSys@@@tl@UModSys@@2USUniquePointer@core@3@A@@YAXXZ 100077d0 f    CIL library: CIL module
 0001:000067e0       ??__F?s_id@?$TObjectUniqueID@UIKeyboardController@libui@UModSys@@@tl@UModSys@@2USUniquePointer@core@3@A@@YAXXZ 100077e0 f    CIL library: CIL module
 0001:000067f0       ??__F?s_id@?$TObjectUniqueID@UIConsoleHelperOutputFCS@base@UModSys@@@tl@UModSys@@2USUniquePointer@core@3@A@@YAXXZ 100077f0 f    CIL library: CIL module
 0001:00006800       ??__F?s_id@?$TObjectUniqueID@UIConsoleHelperOutput@base@UModSys@@@tl@UModSys@@2USUniquePointer@core@3@A@@YAXXZ 10007800 f    CIL library: CIL module
 0001:00006810       ??__F?s_id@?$TObjectUniqueID@UIConsoleHelperInput@base@UModSys@@@tl@UModSys@@2USUniquePointer@core@3@A@@YAXXZ 10007810 f    CIL library: CIL module
 0001:00006820       ??__F?s_id@?$TObjectUniqueID@UIConsoleHelperHistory@base@UModSys@@@tl@UModSys@@2USUniquePointer@core@3@A@@YAXXZ 10007820 f    CIL library: CIL module
 0001:00006830       ??__F?s_id@?$TObjectUniqueID@UIConsoleHelper@base@UModSys@@@tl@UModSys@@2USUniquePointer@core@3@A@@YAXXZ 10007830 f    CIL library: CIL module
 0001:00006840       ??__F?s_id@?$TObjectUniqueID@UIConsoleExt@base@UModSys@@@tl@UModSys@@2USUniquePointer@core@3@A@@YAXXZ 10007840 f    CIL library: CIL module
 0001:00006850       ??__F?s_id@?$TObjectUniqueID@UILibraryLayered@libmedia@UModSys@@@tl@UModSys@@2USUniquePointer@core@3@A@@YAXXZ 10007850 f    CIL library: CIL module
 0001:00006860       ??__F?s_id@?$TObjectUniqueID@UILibraryObjCache@libmedia@UModSys@@@tl@UModSys@@2USUniquePointer@core@3@A@@YAXXZ 10007860 f    CIL library: CIL module
 0001:00006870       ??__F?s_id@?$TObjectUniqueID@UILibraryObjFilter@libmedia@UModSys@@@tl@UModSys@@2USUniquePointer@core@3@A@@YAXXZ 10007870 f    CIL library: CIL module
 0001:00006880       ??__F?s_id@?$TObjectUniqueID@UILibraryBinCache@libmedia@UModSys@@@tl@UModSys@@2USUniquePointer@core@3@A@@YAXXZ 10007880 f    CIL library: CIL module
 0001:00006890       ??__F?s_id@?$TObjectUniqueID@UILibraryBinTree@libmedia@UModSys@@@tl@UModSys@@2USUniquePointer@core@3@A@@YAXXZ 10007890 f    CIL library: CIL module
 0001:000068a0       ??__F?s_id@?$TObjectUniqueID@UILibrary@libmedia@UModSys@@@tl@UModSys@@2USUniquePointer@core@3@A@@YAXXZ 100078a0 f    CIL library: CIL module
 0001:000068b0       ??__F?s_id@?$TObjectUniqueID@UIBinObjFilter@libmedia@UModSys@@@tl@UModSys@@2USUniquePointer@core@3@A@@YAXXZ 100078b0 f    CIL library: CIL module
 0001:000068c0       ??__F?s_id@?$TObjectUniqueID@UIBinArchive@libmedia@UModSys@@@tl@UModSys@@2USUniquePointer@core@3@A@@YAXXZ 100078c0 f    CIL library: CIL module
 0001:000068d0       ??__F?s_id@?$TObjectUniqueID@UIStreamWriter@libmedia@UModSys@@@tl@UModSys@@2USUniquePointer@core@3@A@@YAXXZ 100078d0 f    CIL library: CIL module
 0001:000068e0       ??__F?s_id@?$TObjectUniqueID@UIStreamReader@libmedia@UModSys@@@tl@UModSys@@2USUniquePointer@core@3@A@@YAXXZ 100078e0 f    CIL library: CIL module
 0001:000068f0       ??__F?s_id@?$TObjectUniqueID@UISystem@base@UModSys@@@tl@UModSys@@2USUniquePointer@core@3@A@@YAXXZ 100078f0 f    CIL library: CIL module
 0001:00006900       ??__F?s_id@?$TObjectUniqueID@UIConsole@base@UModSys@@@tl@UModSys@@2USUniquePointer@core@3@A@@YAXXZ 10007900 f    CIL library: CIL module
 0001:00006910       ??__F?s_id@?$TObjectUniqueID@UIShell@base@UModSys@@@tl@UModSys@@2USUniquePointer@core@3@A@@YAXXZ 10007910 f    CIL library: CIL module
 0001:00006920       ??__F?s_id@?$TObjectUniqueID@UIGenerator@base@UModSys@@@tl@UModSys@@2USUniquePointer@core@3@A@@YAXXZ 10007920 f    CIL library: CIL module
 0001:00006930       ??__F?s_id@?$TObjectUniqueID@UIModObject@base@UModSys@@@tl@UModSys@@2USUniquePointer@core@3@A@@YAXXZ 10007930 f    CIL library: CIL module
 0001:00006940       ??__F?s_id@?$TObjectUniqueID@UIModuleLibrary@base@UModSys@@@tl@UModSys@@2USUniquePointer@core@3@A@@YAXXZ 10007940 f    CIL library: CIL module
 0001:00006950       ??__F?s_id@?$TObjectUniqueID@UIModule@base@UModSys@@@tl@UModSys@@2USUniquePointer@core@3@A@@YAXXZ 10007950 f    CIL library: CIL module
 0001:00006960       ??__F?s_id@?$TObjectUniqueID@UIParameters@core@UModSys@@@tl@UModSys@@2USUniquePointer@core@3@A@@YAXXZ 10007960 f    CIL library: CIL module
 0001:00006970       ??__F?s_id@?$TObjectUniqueID@UIRefObject@core@UModSys@@@tl@UModSys@@2USUniquePointer@core@3@A@@YAXXZ 10007970 f    CIL library: CIL module
 0001:00006980       ??__F?s_id@?$TObjectUniqueID@UIRoot@core@UModSys@@@tl@UModSys@@2USUniquePointer@core@3@A@@YAXXZ 10007980 f    CIL library: CIL module
 0001:00006990       ??__F?s_modreg@RModuleReg@SDL_core@ui@modules@UModSys@@2U12345@A@@YAXXZ 10007990 f    CIL library: CIL module
 0001:000069b0       ??__F?s_modreg_chain@RModuleReg@SDL_core@ui@modules@UModSys@@2USModuleRegChain@base@5@A@@YAXXZ 100079b0 f    CIL library: CIL module
 0001:000069c0       ??__F?s_uid@RGenerator@SDL_core@ui@modules@UModSys@@2USUniquePointer@core@5@A@@YAXXZ 100079c0 f    CIL library: CIL module
 0001:000069d0       ??__Fh@?1??s_holder@RGenerator@SDL_core@ui@modules@UModSys@@SAAAU?$TTypeStaticHolder@URGenerator@SDL_core@ui@modules@UModSys@@@tl@5@XZ@YAXXZ 100079d0 f    CIL library: CIL module
 0001:000069f0       ??__F?s_id@?$TObjectUniqueID@URGenerator@SDL_core@ui@modules@UModSys@@@tl@UModSys@@2USUniquePointer@core@3@A@@YAXXZ 100079f0 f    CIL library: CIL module
 0001:00006a00       ??__F?s_id@?$TObjectUniqueID@URTerminal_SDL_core@SDL_core@ui@modules@UModSys@@@tl@UModSys@@2USUniquePointer@core@3@A@@YAXXZ 10007a00 f    CIL library: CIL module
 0001:00006a10       ??__F?s_id@?$TObjectUniqueID@URRenderDriver2D_SDL_core@SDL_core@ui@modules@UModSys@@@tl@UModSys@@2USUniquePointer@core@3@A@@YAXXZ 10007a10 f    CIL library: CIL module
 0001:00006a20       ??__F?s_id@?$TObjectUniqueID@URMultiImage2D_SDL_ttf@SDL_core@ui@modules@UModSys@@@tl@UModSys@@2USUniquePointer@core@3@A@@YAXXZ 10007a20 f    CIL library: CIL module
 0001:00006a30       ??__F?s_modreg@RModuleReg@images_std@media@modules@UModSys@@2U12345@A@@YAXXZ 10007a30 f    CIL library: CIL module
 0001:00006a50       ??__F?s_modreg_chain@RModuleReg@images_std@media@modules@UModSys@@2USModuleRegChain@base@5@A@@YAXXZ 10007a50 f    CIL library: CIL module
 0001:00006a60       ??__F?s_uid@RGenerator@images_std@media@modules@UModSys@@2USUniquePointer@core@5@A@@YAXXZ 10007a60 f    CIL library: CIL module
 0001:00006a70       ??__Fh@?1??s_holder@RGenerator@images_std@media@modules@UModSys@@SAAAU?$TTypeStaticHolder@URGenerator@images_std@media@modules@UModSys@@@tl@5@XZ@YAXXZ 10007a70 f    CIL library: CIL module
 0001:00006a90       ??__F?s_id@?$TObjectUniqueID@URGenerator@images_std@media@modules@UModSys@@@tl@UModSys@@2USUniquePointer@core@3@A@@YAXXZ 10007a90 f    CIL library: CIL module
 0001:00006aa0       ??__F?s_id@?$TObjectUniqueID@URMediaFilter@images_std@media@modules@UModSys@@@tl@UModSys@@2USUniquePointer@core@3@A@@YAXXZ 10007aa0 f    CIL library: CIL module
 0001:00006ab0       ??__FM@UModSys@@YAXXZ      10007ab0 f    CIL library: CIL module
 0001:00006ac0       ??__F?root@SModuleRegChain@base@UModSys@@2U123@A@@YAXXZ 10007ac0 f    CIL library: CIL module
 0001:00006ad0       ??__F?s_library@RModuleLibraryReg_Chain@base@UModSys@@2U123@A@@YAXXZ 10007ad0 f    CIL library: CIL module
 0001:00006ae0       ??__F?root@SUniquePointer@core@UModSys@@2U123@A@@YAXXZ 10007ae0 f    CIL library: CIL module

 Exports

  ordinal    name

        1    _UModSys_Plugin_Entry2@0
