 plugin_test1

 Timestamp is 53327db8 (Wed Mar 26 10:11:52 2014)

 Preferred load address is 10000000

 Start         Length     Name                   Class
 0001:00000000 00038011H .text                   CODE
 0001:00038020 00000ed8H .text$x                 CODE
 0001:00038f00 00001e31H .text$yc                CODE
 0001:0003ad40 00000bcaH .text$yd                CODE
 0002:00000000 00000230H .idata$5                DATA
 0002:00000230 00000004H .CRT$XCA                DATA
 0002:00000234 00001488H .CRT$XCU                DATA
 0002:000016bc 00000004H .CRT$XCZ                DATA
 0002:000016c0 00000004H .CRT$XIA                DATA
 0002:000016c4 00000004H .CRT$XIAA               DATA
 0002:000016c8 00000004H .CRT$XIC                DATA
 0002:000016cc 00000004H .CRT$XIZ                DATA
 0002:000016d0 0000d620H .rdata                  DATA
 0002:0000ecf0 00002464H .rdata$r                DATA
 0002:00011160 000001c4H .rdata$sxdata           DATA
 0002:00011324 00000004H .rtc$IAA                DATA
 0002:00011328 00000004H .rtc$IZZ                DATA
 0002:0001132c 00000004H .rtc$TAA                DATA
 0002:00011330 00000004H .rtc$TZZ                DATA
 0002:00011338 000017d4H .xdata$x                DATA
 0002:00012b0c 00000078H .idata$2                DATA
 0002:00012b84 00000014H .idata$3                DATA
 0002:00012b98 00000230H .idata$4                DATA
 0002:00012dc8 000009feH .idata$6                DATA
 0002:000137d0 0000005cH .edata                  DATA
 0003:00000000 00001ad0H .data                   DATA
 0003:00001ad0 00001c28H .bss                    DATA

  Address         Publics by Value              Rva+Base       Lib:Object

 0000:00000000       __except_list              00000000     <absolute>
 0000:00000071       ___safe_se_handler_count   00000071     <absolute>
 0000:00009876       __fltused                  00009876     <absolute>
 0000:00009876       __ldused                   00009876     <absolute>
 0000:00000000       ___ImageBase               10000000     <linker-defined>
 0001:00000000       ??4SCMemShared@core@UModSys@@QAEABU012@ABUSMemShared@12@@Z 10001000 f i plugin_test1.obj
 0001:00000030       ??3IRoot@core@UModSys@@SAXPAXABUSIMemAlloc@12@@Z 10001030 f i plugin_test1.obj
 0001:00000040       ??$seq@D@su@tl@UModSys@@YA_NPBD0@Z 10001040 f i plugin_test1.obj
 0001:00000080       ?s@SFrameDataOut@libui@UModSys@@QBEXQBD@Z 10001080 f i plugin_test1.obj
 0001:000000c0       ?set_info@IImage@lib2d@UModSys@@QAE_NW4eImageType@23@HHPBD@Z 100010c0 f i plugin_test1.obj
 0001:000000f0       ??_EIRoot@core@UModSys@@UAEPAXI@Z 100010f0 f i  CIL library: CIL module
 0001:000000f0       ??_GIRoot@core@UModSys@@UAEPAXI@Z 100010f0 f i plugin_test1.obj
 0001:00000110       ??1IVisualObject_Camera@lib3d@UModSys@@UAE@XZ 10001110 f i umodsys_lib_lib3d:umodsys.mod.3d.stdlib.obj
 0001:00000110       ??1IBinObjFilter@libmedia@UModSys@@UAE@XZ 10001110 f i plugin_test1.obj
 0001:00000160       ?root_get_interface_info@RTest1_Shell@test1@test@modules@UModSys@@UBEABUSUniquePointerInfo@core@5@XZ 10001160 f i plugin_test1.obj
 0001:00000170       ?root_get_interface_type@RTest1_Shell@test1@test@modules@UModSys@@UBEPBUSUniquePointerInfo@core@5@XZ 10001170 f i plugin_test1.obj
 0001:00000180       ?root_get_other_interface@RTest1_Shell@test1@test@modules@UModSys@@UBEPBUIRoot@core@5@PBUSUniquePointerInfo@75@@Z 10001180 f i plugin_test1.obj
 0001:00000180       ?root_get_other_interface@RTest1_Shell@test1@test@modules@UModSys@@UAEPAUIRoot@core@5@PBUSUniquePointerInfo@75@@Z 10001180 f i plugin_test1.obj
 0001:000001b0       ?root_is_interface_supported@RTest1_Shell@test1@test@modules@UModSys@@UBE_NPBUSUniquePointerInfo@core@5@@Z 100011b0 f i plugin_test1.obj
 0001:000001f0       ?ref_add@RTest1_Shell@test1@test@modules@UModSys@@UBEXXZ 100011f0 f i plugin_test1.obj
 0001:00000200       ?ref_remove@RTest1_Shell@test1@test@modules@UModSys@@UBEXXZ 10001200 f i plugin_test1.obj
 0001:00000210       ?ref_links@RTest1_Shell@test1@test@modules@UModSys@@UBEHXZ 10001210 f i plugin_test1.obj
 0001:00000220       ?ref_weak@RTest1_Shell@test1@test@modules@UModSys@@UBE_NAAUWeakPointer@IRefObject@core@5@@Z 10001220 f i plugin_test1.obj
 0001:00000240       ?suicide@RTest1_Shell@test1@test@modules@UModSys@@UAEXXZ 10001240 f i plugin_test1.obj
 0001:00000250       ?set@VertexPC@UI_Info@RTest1_Shell@test1@test@modules@UModSys@@QAEXABU?$TVector3@N@math3d@7@ABU?$TVector3@M@97@@Z 10001250 f i plugin_test1.obj
 0001:00000320       ??0RTest1_Shell@test1@test@modules@UModSys@@QAE@PAUIModObject@base@4@@Z 10001320 f i plugin_test1.obj
 0001:00000470       ??1RTest1_Shell@test1@test@modules@UModSys@@UAE@XZ 10001470 f i plugin_test1.obj
 0001:00000520       ?connect@RTest1_Shell@test1@test@modules@UModSys@@UAE_NXZ 10001520 f i plugin_test1.obj
 0001:00000540       ?disconnect@RTest1_Shell@test1@test@modules@UModSys@@UAE_NXZ 10001540 f i plugin_test1.obj
 0001:00000560       ?process_tick@RTest1_Shell@test1@test@modules@UModSys@@UAE_NABUSTimeMsec@core@5@@Z 10001560 f i plugin_test1.obj
 0001:00000590       ?process_command@RTest1_Shell@test1@test@modules@UModSys@@UAE_NHQBU?$TString@U?$TSCoreConst@D@su@tl@UModSys@@U?$TComparerBinaryHash@D@234@@tl@5@@Z 10001590 f i plugin_test1.obj
 0001:000005b0       ??_GRTest1_Shell@test1@test@modules@UModSys@@UAEPAXI@Z 100015b0 f i plugin_test1.obj
 0001:000005b0       ??_ERTest1_Shell@test1@test@modules@UModSys@@UAEPAXI@Z 100015b0 f i  CIL library: CIL module
 0001:000005d0       ?set_value@Prop@Aux@RTest1_Shell@test1@test@modules@UModSys@@UAE_NABUSPropValueR@core@7@@Z 100015d0 f i plugin_test1.obj
 0001:00000680       ?set_value@PropX@Aux@RTest1_Shell@test1@test@modules@UModSys@@UAE_NPBUSUniquePointerInfo@core@7@ABUSPropValueR@97@@Z 10001680 f i plugin_test1.obj
 0001:000007f0       ??1SFrameCreateParameters@libui@UModSys@@QAE@XZ 100017f0 f i plugin_test1.obj
 0001:00000810       ??1UI_Info@RTest1_Shell@test1@test@modules@UModSys@@QAE@XZ 10001810 f i plugin_test1.obj
 0001:00000980       ?get_generated_names@RGenerator@test1@test@modules@UModSys@@UBEHAAUSUniquePtrList@core@5@@Z 10001980 f i plugin_test1.obj
 0001:000009a0       ?get_generated_types@RGenerator@test1@test@modules@UModSys@@UBEHAAUSUniquePtrList@core@5@PBUSUniquePointerInfo@75@@Z 100019a0 f i plugin_test1.obj
 0001:000009f0       ?generate@RGenerator@test1@test@modules@UModSys@@UAE_NAAU?$TRefObject@UIRefObject@core@UModSys@@U?$TRefObjectFunc@UIRefObject@core@UModSys@@@tl@3@@tl@5@PBUSUniquePointerInfo@core@5@ABUSParameters@95@@Z 100019f0 f i plugin_test1.obj
 0001:00000ab0       ?root_get_interface_info@RGenerator@test1@test@modules@UModSys@@UBEABUSUniquePointerInfo@core@5@XZ 10001ab0 f i plugin_test1.obj
 0001:00000ac0       ?root_get_interface_type@RGenerator@test1@test@modules@UModSys@@UBEPBUSUniquePointerInfo@core@5@XZ 10001ac0 f i plugin_test1.obj
 0001:00000ad0       ?root_get_other_interface@RGenerator@test1@test@modules@UModSys@@UBEPBUIRoot@core@5@PBUSUniquePointerInfo@75@@Z 10001ad0 f i plugin_test1.obj
 0001:00000ad0       ?root_get_other_interface@RGenerator@test1@test@modules@UModSys@@UAEPAUIRoot@core@5@PBUSUniquePointerInfo@75@@Z 10001ad0 f i plugin_test1.obj
 0001:00000b10       ?root_is_interface_supported@RGenerator@test1@test@modules@UModSys@@UBE_NPBUSUniquePointerInfo@core@5@@Z 10001b10 f i plugin_test1.obj
 0001:00000b50       ?get_uid@RGenerator@test1@test@modules@UModSys@@UBEPBUSUniquePointerInfo@core@5@XZ 10001b50 f i plugin_test1.obj
 0001:00000b60       ?do_open@RModuleReg@test1@test@modules@UModSys@@UAE_NXZ 10001b60 f i plugin_test1.obj
 0001:00000b90       ?do_close@RModuleReg@test1@test@modules@UModSys@@UAE_NXZ 10001b90 f i plugin_test1.obj
 0001:00000bc0       ??_GRModuleReg@test1@test@modules@UModSys@@UAEPAXI@Z 10001bc0 f i plugin_test1.obj
 0001:00000bc0       ??_ERModuleReg@test1@test@modules@UModSys@@UAEPAXI@Z 10001bc0 f i  CIL library: CIL module
 0001:00000bf0       ??0?$TString@U?$TSCoreConst@D@su@tl@UModSys@@U?$TComparerBinaryHash@D@234@@tl@UModSys@@QAE@PBD@Z 10001bf0 f i plugin_test1.obj
 0001:00000c40       ??8?$TString@U?$TSCoreConst@D@su@tl@UModSys@@U?$TComparerBinaryHash@D@234@@tl@UModSys@@QBE_NPBD@Z 10001c40 f i plugin_test1.obj
 0001:00000c70       ??4?$TString@U?$TSCoreShared@USIMemAlloc@core@UModSys@@D@su@tl@UModSys@@U?$TComparerBinaryHash@D@234@@tl@UModSys@@QAEABU012@ABU012@@Z 10001c70 f i plugin_test1.obj
 0001:00000ca0       ?normalize@?$TVector3@N@math3d@UModSys@@QAENXZ 10001ca0 f i plugin_test1.obj
 0001:00000d00       ??0?$TParametersA@$0EAA@@core@UModSys@@QAE@XZ 10001d00 f i plugin_test1.obj
 0001:00000d30       ?info_release@?$TSCoreShared@USIMemAlloc@core@UModSys@@D@su@tl@UModSys@@QAEXXZ 10001d30 f i plugin_test1.obj
 0001:00000db0       ?info_new@?$TSCoreShared@USIMemAlloc@core@UModSys@@D@su@tl@UModSys@@QAE_NPBDI@Z 10001db0 f i plugin_test1.obj
 0001:00000e60       ?get_null@?$TSCoreShared@USIMemAlloc@core@UModSys@@D@su@tl@UModSys@@SAPAU?$TSharedStringInfo@DUSIMemAlloc@core@UModSys@@@234@XZ 10001e60 f i plugin_test1.obj
 0001:00000ea0       ?mult3@?$TMatrix44@N@math3d@UModSys@@QAEXABU123@0@Z 10001ea0 f i plugin_test1.obj
 0001:00000f80       ?set_rotate_about@?$TMatrix44@N@math3d@UModSys@@QAEXABU?$TVector3@N@23@N@Z 10001f80 f i plugin_test1.obj
 0001:000010c0       ?set_inversed@?$TMatrix44@N@math3d@UModSys@@QAE_NABU123@@Z 100020c0 f i plugin_test1.obj
 0001:000014a0       ??$generate_type@UICollector@libui@UModSys@@@RTest1_Shell@test1@test@modules@UModSys@@SA?AU?$TRefObject@UICollector@libui@UModSys@@U?$TRefObjectFunc@UICollector@libui@UModSys@@@tl@3@@tl@4@ABU?$TString@U?$TSCoreConst@D@su@tl@UModSys@@U?$TComparerBinaryHash@D@234@@64@ABUSParameters@core@4@PBD@Z 100024a0 f i plugin_test1.obj
 0001:00001600       ??$generate_type@UITerminal@libui@UModSys@@@RTest1_Shell@test1@test@modules@UModSys@@SA?AU?$TRefObject@UITerminal@libui@UModSys@@U?$TRefObjectFunc@UITerminal@libui@UModSys@@@tl@3@@tl@4@ABU?$TString@U?$TSCoreConst@D@su@tl@UModSys@@U?$TComparerBinaryHash@D@234@@64@ABUSParameters@core@4@PBD@Z 10002600 f i plugin_test1.obj
 0001:00001760       ??$t_create_handler@UIKeyboardController@libui@UModSys@@@ITerminal@libui@UModSys@@QAE_NAAU?$TRefObject@UIKeyboardController@libui@UModSys@@U?$TRefObjectFunc@UIKeyboardController@libui@UModSys@@@tl@3@@tl@2@PBDPBUSParameters@core@2@@Z 10002760 f i plugin_test1.obj
 0001:00001810       ??$t_create_handler@UIMouseController@libui@UModSys@@@ITerminal@libui@UModSys@@QAE_NAAU?$TRefObject@UIMouseController@libui@UModSys@@U?$TRefObjectFunc@UIMouseController@libui@UModSys@@@tl@3@@tl@2@PBDPBUSParameters@core@2@@Z 10002810 f i plugin_test1.obj
 0001:000018c0       ??$generate_type@UIRenderer@lib3d@UModSys@@@RTest1_Shell@test1@test@modules@UModSys@@SA?AU?$TRefObject@UIRenderer@lib3d@UModSys@@U?$TRefObjectFunc@UIRenderer@lib3d@UModSys@@@tl@3@@tl@4@ABU?$TString@U?$TSCoreConst@D@su@tl@UModSys@@U?$TComparerBinaryHash@D@234@@64@ABUSParameters@core@4@PBD@Z 100028c0 f i plugin_test1.obj
 0001:00001a20       ??$generate_type@UIVisualizerScene@lib3d@UModSys@@@RTest1_Shell@test1@test@modules@UModSys@@SA?AU?$TRefObject@UIVisualizerScene@lib3d@UModSys@@U?$TRefObjectFunc@UIVisualizerScene@lib3d@UModSys@@@tl@3@@tl@4@ABU?$TString@U?$TSCoreConst@D@su@tl@UModSys@@U?$TComparerBinaryHash@D@234@@64@ABUSParameters@core@4@PBD@Z 10002a20 f i plugin_test1.obj
 0001:00001b80       ??$generate_type@UIGeneralObject@lib3d@UModSys@@@RTest1_Shell@test1@test@modules@UModSys@@SA?AU?$TRefObject@UIGeneralObject@lib3d@UModSys@@U?$TRefObjectFunc@UIGeneralObject@lib3d@UModSys@@@tl@3@@tl@4@ABU?$TString@U?$TSCoreConst@D@su@tl@UModSys@@U?$TComparerBinaryHash@D@234@@64@ABUSParameters@core@4@PBD@Z 10002b80 f i plugin_test1.obj
 0001:00001ce0       ??$t_ref_get_other_interface@UIVisualObject_Camera@lib3d@UModSys@@U?$TRefObjectFunc@UIVisualObject_Camera@lib3d@UModSys@@@tl@3@@IRefObject@core@UModSys@@QAE_NAAU?$TRefObject@UIVisualObject_Camera@lib3d@UModSys@@U?$TRefObjectFunc@UIVisualObject_Camera@lib3d@UModSys@@@tl@3@@tl@2@@Z 10002ce0 f i plugin_test1.obj
 0001:00001d20       ??$t_create_handler@UIRenderDriver@lib3d@UModSys@@@ITerminal@libui@UModSys@@QAE_NAAU?$TRefObject@UIRenderDriver@lib3d@UModSys@@U?$TRefObjectFunc@UIRenderDriver@lib3d@UModSys@@@tl@3@@tl@2@PBDPBUSParameters@core@2@@Z 10002d20 f i plugin_test1.obj
 0001:00001dd0       ??$shash@D@su@tl@UModSys@@YAIPBDI@Z 10002dd0 f i plugin_test1.obj
 0001:00001e10       ??1?$TRefObject@UIModObject@base@UModSys@@U?$TModObjectFunc@UIModObject@base@UModSys@@@tl@3@@tl@UModSys@@QAE@XZ 10002e10 f i plugin_test1.obj
 0001:00001e30       ?get_determinant@?$TMatrix44@N@math3d@UModSys@@QBENXZ 10002e30 f i plugin_test1.obj
 0001:00001ef0       ??$t_ref_get_other_interface@UIStreamReader@libmedia@UModSys@@U?$TRefObjectFunc@UIStreamReader@libmedia@UModSys@@@tl@3@@IRefObject@core@UModSys@@QAE_NAAU?$TRefObject@UIStreamReader@libmedia@UModSys@@U?$TRefObjectFunc@UIStreamReader@libmedia@UModSys@@@tl@3@@tl@2@@Z 10002ef0 f i plugin_test1.obj
 0001:00001f30       ??$t_ref_get_other_interface@UIStreamWriter@libmedia@UModSys@@U?$TRefObjectFunc@UIStreamWriter@libmedia@UModSys@@@tl@3@@IRefObject@core@UModSys@@QAE_NAAU?$TRefObject@UIStreamWriter@libmedia@UModSys@@U?$TRefObjectFunc@UIStreamWriter@libmedia@UModSys@@@tl@3@@tl@2@@Z 10002f30 f i plugin_test1.obj
 0001:00001f70       ??$t_generate@UICollector@libui@UModSys@@@SModuleContext@base@UModSys@@QAE_NAAU?$TRefObject@UICollector@libui@UModSys@@U?$TRefObjectFunc@UICollector@libui@UModSys@@@tl@3@@tl@2@PBUSUniquePointerInfo@core@2@ABUSParameters@62@@Z 10002f70 f i plugin_test1.obj
 0001:00002020       ??$t_generate@UITerminal@libui@UModSys@@@SModuleContext@base@UModSys@@QAE_NAAU?$TRefObject@UITerminal@libui@UModSys@@U?$TRefObjectFunc@UITerminal@libui@UModSys@@@tl@3@@tl@2@PBUSUniquePointerInfo@core@2@ABUSParameters@62@@Z 10003020 f i plugin_test1.obj
 0001:000020d0       ??$t_generate@UIRenderer@lib3d@UModSys@@@SModuleContext@base@UModSys@@QAE_NAAU?$TRefObject@UIRenderer@lib3d@UModSys@@U?$TRefObjectFunc@UIRenderer@lib3d@UModSys@@@tl@3@@tl@2@PBUSUniquePointerInfo@core@2@ABUSParameters@62@@Z 100030d0 f i plugin_test1.obj
 0001:00002180       ??$t_generate@UIVisualizerScene@lib3d@UModSys@@@SModuleContext@base@UModSys@@QAE_NAAU?$TRefObject@UIVisualizerScene@lib3d@UModSys@@U?$TRefObjectFunc@UIVisualizerScene@lib3d@UModSys@@@tl@3@@tl@2@PBUSUniquePointerInfo@core@2@ABUSParameters@62@@Z 10003180 f i plugin_test1.obj
 0001:00002230       ??$t_generate@UIGeneralObject@lib3d@UModSys@@@SModuleContext@base@UModSys@@QAE_NAAU?$TRefObject@UIGeneralObject@lib3d@UModSys@@U?$TRefObjectFunc@UIGeneralObject@lib3d@UModSys@@@tl@3@@tl@2@PBUSUniquePointerInfo@core@2@ABUSParameters@62@@Z 10003230 f i plugin_test1.obj
 0001:000022e0       ??$t_ref_get_other_interface@UIImage@lib2d@UModSys@@U?$TRefObjectFunc@UIImage@lib2d@UModSys@@@tl@3@@IRefObject@core@UModSys@@QAE_NAAU?$TRefObject@UIImage@lib2d@UModSys@@U?$TRefObjectFunc@UIImage@lib2d@UModSys@@@tl@3@@tl@2@@Z 100032e0 f i plugin_test1.obj
 0001:00002320       ??$t_ref_get_other_interface@UIImageFactory@lib2d@UModSys@@U?$TRefObjectFunc@UIImageFactory@lib2d@UModSys@@@tl@3@@IRefObject@core@UModSys@@QAE_NAAU?$TRefObject@UIImageFactory@lib2d@UModSys@@U?$TRefObjectFunc@UIImageFactory@lib2d@UModSys@@@tl@3@@tl@2@@Z 10003320 f i plugin_test1.obj
 0001:00002360       ??$t_ref_get_other_interface@UIMultiImage@lib2d@UModSys@@U?$TRefObjectFunc@UIMultiImage@lib2d@UModSys@@@tl@3@@IRefObject@core@UModSys@@QAE_NAAU?$TRefObject@UIMultiImage@lib2d@UModSys@@U?$TRefObjectFunc@UIMultiImage@lib2d@UModSys@@@tl@3@@tl@2@@Z 10003360 f i plugin_test1.obj
 0001:000023a0       ??$t_ref_get_other_interface@UICollector@libui@UModSys@@U?$TRefObjectFunc@UICollector@libui@UModSys@@@tl@3@@IRefObject@core@UModSys@@QAE_NAAU?$TRefObject@UICollector@libui@UModSys@@U?$TRefObjectFunc@UICollector@libui@UModSys@@@tl@3@@tl@2@@Z 100033a0 f i plugin_test1.obj
 0001:000023e0       ??$t_ref_get_other_interface@UITerminal@libui@UModSys@@U?$TRefObjectFunc@UITerminal@libui@UModSys@@@tl@3@@IRefObject@core@UModSys@@QAE_NAAU?$TRefObject@UITerminal@libui@UModSys@@U?$TRefObjectFunc@UITerminal@libui@UModSys@@@tl@3@@tl@2@@Z 100033e0 f i plugin_test1.obj
 0001:00002420       ??$t_ref_get_other_interface@UIRenderer@lib3d@UModSys@@U?$TRefObjectFunc@UIRenderer@lib3d@UModSys@@@tl@3@@IRefObject@core@UModSys@@QAE_NAAU?$TRefObject@UIRenderer@lib3d@UModSys@@U?$TRefObjectFunc@UIRenderer@lib3d@UModSys@@@tl@3@@tl@2@@Z 10003420 f i plugin_test1.obj
 0001:00002460       ??$t_ref_get_other_interface@UIVisualizerScene@lib3d@UModSys@@U?$TRefObjectFunc@UIVisualizerScene@lib3d@UModSys@@@tl@3@@IRefObject@core@UModSys@@QAE_NAAU?$TRefObject@UIVisualizerScene@lib3d@UModSys@@U?$TRefObjectFunc@UIVisualizerScene@lib3d@UModSys@@@tl@3@@tl@2@@Z 10003460 f i plugin_test1.obj
 0001:000024a0       ??$t_ref_get_other_interface@UIGeneralObject@lib3d@UModSys@@U?$TRefObjectFunc@UIGeneralObject@lib3d@UModSys@@@tl@3@@IRefObject@core@UModSys@@QAE_NAAU?$TRefObject@UIGeneralObject@lib3d@UModSys@@U?$TRefObjectFunc@UIGeneralObject@lib3d@UModSys@@@tl@3@@tl@2@@Z 100034a0 f i plugin_test1.obj
 0001:000024e0       ?root_get_interface_info@RRenderer@stdlib@lib3d@modules@UModSys@@UBEABUSUniquePointerInfo@core@5@XZ 100034e0 f i umodsys_lib_lib3d:umodsys.mod.3d.stdlib.obj
 0001:000024f0       ?root_get_interface_type@RRenderer@stdlib@lib3d@modules@UModSys@@UBEPBUSUniquePointerInfo@core@5@XZ 100034f0 f i umodsys_lib_lib3d:umodsys.mod.3d.stdlib.obj
 0001:00002500       ?root_get_other_interface@RRenderer@stdlib@lib3d@modules@UModSys@@UBEPBUIRoot@core@5@PBUSUniquePointerInfo@75@@Z 10003500 f i umodsys_lib_lib3d:umodsys.mod.3d.stdlib.obj
 0001:00002500       ?root_get_other_interface@RRenderer@stdlib@lib3d@modules@UModSys@@UAEPAUIRoot@core@5@PBUSUniquePointerInfo@75@@Z 10003500 f i umodsys_lib_lib3d:umodsys.mod.3d.stdlib.obj
 0001:00002530       ?root_is_interface_supported@RRenderer@stdlib@lib3d@modules@UModSys@@UBE_NPBUSUniquePointerInfo@core@5@@Z 10003530 f i umodsys_lib_lib3d:umodsys.mod.3d.stdlib.obj
 0001:00002570       ?ref_remove@RVisualSceneMapper_Direct@stdlib@lib3d@modules@UModSys@@UBEXXZ 10003570 f i umodsys_lib_lib3d:umodsys.mod.3d.stdlib.obj
 0001:00002570       ?ref_remove@RSerializeWriter@serialize_json@media@modules@UModSys@@UBEXXZ 10003570 f i umodsys_lib_libmedia:umodsys.mod.media.serialize_json.obj
 0001:00002570       ?ref_remove@RRenderer@stdlib@lib3d@modules@UModSys@@UBEXXZ 10003570 f i umodsys_lib_lib3d:umodsys.mod.3d.stdlib.obj
 0001:00002580       ?ref_links@RSerializeWriter@serialize_json@media@modules@UModSys@@UBEHXZ 10003580 f i umodsys_lib_libmedia:umodsys.mod.media.serialize_json.obj
 0001:00002580       ?ref_links@RRenderer@stdlib@lib3d@modules@UModSys@@UBEHXZ 10003580 f i umodsys_lib_lib3d:umodsys.mod.3d.stdlib.obj
 0001:00002580       ?ref_links@RVisualSceneMapper_Direct@stdlib@lib3d@modules@UModSys@@UBEHXZ 10003580 f i umodsys_lib_lib3d:umodsys.mod.3d.stdlib.obj
 0001:00002590       ?ref_weak@RVisualSceneMapper_Direct@stdlib@lib3d@modules@UModSys@@UBE_NAAUWeakPointer@IRefObject@core@5@@Z 10003590 f i umodsys_lib_lib3d:umodsys.mod.3d.stdlib.obj
 0001:00002590       ?ref_weak@RRenderer@stdlib@lib3d@modules@UModSys@@UBE_NAAUWeakPointer@IRefObject@core@5@@Z 10003590 f i umodsys_lib_lib3d:umodsys.mod.3d.stdlib.obj
 0001:00002590       ?ref_weak@RSerializeWriter@serialize_json@media@modules@UModSys@@UBE_NAAUWeakPointer@IRefObject@core@5@@Z 10003590 f i umodsys_lib_libmedia:umodsys.mod.media.serialize_json.obj
 0001:000025b0       ?root_get_interface_info@RVisualizerScene@stdlib@lib3d@modules@UModSys@@UBEABUSUniquePointerInfo@core@5@XZ 100035b0 f i umodsys_lib_lib3d:umodsys.mod.3d.stdlib.obj
 0001:000025c0       ?root_get_interface_type@RVisualizerScene@stdlib@lib3d@modules@UModSys@@UBEPBUSUniquePointerInfo@core@5@XZ 100035c0 f i umodsys_lib_lib3d:umodsys.mod.3d.stdlib.obj
 0001:000025d0       ?root_get_other_interface@RVisualizerScene@stdlib@lib3d@modules@UModSys@@UAEPAUIRoot@core@5@PBUSUniquePointerInfo@75@@Z 100035d0 f i umodsys_lib_lib3d:umodsys.mod.3d.stdlib.obj
 0001:000025d0       ?root_get_other_interface@RVisualizerScene@stdlib@lib3d@modules@UModSys@@UBEPBUIRoot@core@5@PBUSUniquePointerInfo@75@@Z 100035d0 f i umodsys_lib_lib3d:umodsys.mod.3d.stdlib.obj
 0001:00002610       ?root_is_interface_supported@RVisualizerScene@stdlib@lib3d@modules@UModSys@@UBE_NPBUSUniquePointerInfo@core@5@@Z 10003610 f i umodsys_lib_lib3d:umodsys.mod.3d.stdlib.obj
 0001:00002650       ?root_get_interface_info@RVisualSceneMapper_Direct@stdlib@lib3d@modules@UModSys@@UBEABUSUniquePointerInfo@core@5@XZ 10003650 f i umodsys_lib_lib3d:umodsys.mod.3d.stdlib.obj
 0001:00002660       ?root_get_interface_type@RVisualSceneMapper_Direct@stdlib@lib3d@modules@UModSys@@UBEPBUSUniquePointerInfo@core@5@XZ 10003660 f i umodsys_lib_lib3d:umodsys.mod.3d.stdlib.obj
 0001:00002670       ?root_get_other_interface@RVisualSceneMapper_Direct@stdlib@lib3d@modules@UModSys@@UBEPBUIRoot@core@5@PBUSUniquePointerInfo@75@@Z 10003670 f i umodsys_lib_lib3d:umodsys.mod.3d.stdlib.obj
 0001:00002670       ?root_get_other_interface@RVisualSceneMapper_Direct@stdlib@lib3d@modules@UModSys@@UAEPAUIRoot@core@5@PBUSUniquePointerInfo@75@@Z 10003670 f i umodsys_lib_lib3d:umodsys.mod.3d.stdlib.obj
 0001:000026a0       ?root_is_interface_supported@RVisualSceneMapper_Direct@stdlib@lib3d@modules@UModSys@@UBE_NPBUSUniquePointerInfo@core@5@@Z 100036a0 f i umodsys_lib_lib3d:umodsys.mod.3d.stdlib.obj
 0001:000026e0       ?root_get_interface_info@RGeneralObject_Camera@stdlib@lib3d@modules@UModSys@@UBEABUSUniquePointerInfo@core@5@XZ 100036e0 f i umodsys_lib_lib3d:umodsys.mod.3d.stdlib.obj
 0001:000026f0       ?root_get_interface_type@RGeneralObject_Camera@stdlib@lib3d@modules@UModSys@@UBEPBUSUniquePointerInfo@core@5@XZ 100036f0 f i umodsys_lib_lib3d:umodsys.mod.3d.stdlib.obj
 0001:00002700       ?root_get_other_interface@RGeneralObject_Camera@stdlib@lib3d@modules@UModSys@@UBEPBUIRoot@core@5@PBUSUniquePointerInfo@75@@Z 10003700 f i umodsys_lib_lib3d:umodsys.mod.3d.stdlib.obj
 0001:00002700       ?root_get_other_interface@RGeneralObject_Camera@stdlib@lib3d@modules@UModSys@@UAEPAUIRoot@core@5@PBUSUniquePointerInfo@75@@Z 10003700 f i umodsys_lib_lib3d:umodsys.mod.3d.stdlib.obj
 0001:00002730       ?root_is_interface_supported@RGeneralObject_Camera@stdlib@lib3d@modules@UModSys@@UBE_NPBUSUniquePointerInfo@core@5@@Z 10003730 f i umodsys_lib_lib3d:umodsys.mod.3d.stdlib.obj
 0001:00002770       ?root_get_interface_info@VisualState@RGeneralObject_Camera@stdlib@lib3d@modules@UModSys@@UBEABUSUniquePointerInfo@core@6@XZ 10003770 f i umodsys_lib_lib3d:umodsys.mod.3d.stdlib.obj
 0001:00002780       ?root_get_interface_type@VisualState@RGeneralObject_Camera@stdlib@lib3d@modules@UModSys@@UBEPBUSUniquePointerInfo@core@6@XZ 10003780 f i umodsys_lib_lib3d:umodsys.mod.3d.stdlib.obj
 0001:00002790       ?root_get_other_interface@VisualState@RGeneralObject_Camera@stdlib@lib3d@modules@UModSys@@UAEPAUIRoot@core@6@PBUSUniquePointerInfo@86@@Z 10003790 f i umodsys_lib_lib3d:umodsys.mod.3d.stdlib.obj
 0001:00002790       ?root_get_other_interface@VisualState@RGeneralObject_Camera@stdlib@lib3d@modules@UModSys@@UBEPBUIRoot@core@6@PBUSUniquePointerInfo@86@@Z 10003790 f i umodsys_lib_lib3d:umodsys.mod.3d.stdlib.obj
 0001:000027d0       ?root_is_interface_supported@VisualState@RGeneralObject_Camera@stdlib@lib3d@modules@UModSys@@UBE_NPBUSUniquePointerInfo@core@6@@Z 100037d0 f i umodsys_lib_lib3d:umodsys.mod.3d.stdlib.obj
 0001:00002810       ?ref_remove@VisualState@RGeneralObject_Camera@stdlib@lib3d@modules@UModSys@@UBEXXZ 10003810 f i umodsys_lib_lib3d:umodsys.mod.3d.stdlib.obj
 0001:00002810       ?ref_remove@RMediaFilter@images_std@media@modules@UModSys@@UBEXXZ 10003810 f i umodsys_lib_libmedia:umodsys.mod.media.images_std.obj
 0001:00002820       ?ref_weak@VisualState@RGeneralObject_Camera@stdlib@lib3d@modules@UModSys@@UBE_NAAUWeakPointer@IRefObject@core@6@@Z 10003820 f i umodsys_lib_lib3d:umodsys.mod.3d.stdlib.obj
 0001:00002820       ?ref_weak@RMediaFilter@images_std@media@modules@UModSys@@UBE_NAAUWeakPointer@IRefObject@core@5@@Z 10003820 f i umodsys_lib_libmedia:umodsys.mod.media.images_std.obj
 0001:00002840       ?suicide@VisualState@RGeneralObject_Camera@stdlib@lib3d@modules@UModSys@@UAEXXZ 10003840 f i umodsys_lib_lib3d:umodsys.mod.3d.stdlib.obj
 0001:00002850       ?get_generated_names@RGenerator@stdlib@lib3d@modules@UModSys@@UBEHAAUSUniquePtrList@core@5@@Z 10003850 f i umodsys_lib_lib3d:umodsys.mod.3d.stdlib.obj
 0001:00002890       ?get_generated_types@RGenerator@stdlib@lib3d@modules@UModSys@@UBEHAAUSUniquePtrList@core@5@PBUSUniquePointerInfo@75@@Z 10003890 f i umodsys_lib_lib3d:umodsys.mod.3d.stdlib.obj
 0001:00002990       ?generate@RGenerator@stdlib@lib3d@modules@UModSys@@UAE_NAAU?$TRefObject@UIRefObject@core@UModSys@@U?$TRefObjectFunc@UIRefObject@core@UModSys@@@tl@3@@tl@5@PBUSUniquePointerInfo@core@5@ABUSParameters@95@@Z 10003990 f i umodsys_lib_lib3d:umodsys.mod.3d.stdlib.obj
 0001:00002a10       ?root_get_interface_info@RGenerator@stdlib@lib3d@modules@UModSys@@UBEABUSUniquePointerInfo@core@5@XZ 10003a10 f i umodsys_lib_lib3d:umodsys.mod.3d.stdlib.obj
 0001:00002a20       ?root_get_interface_type@RGenerator@stdlib@lib3d@modules@UModSys@@UBEPBUSUniquePointerInfo@core@5@XZ 10003a20 f i umodsys_lib_lib3d:umodsys.mod.3d.stdlib.obj
 0001:00002a30       ?root_get_other_interface@RGenerator@stdlib@lib3d@modules@UModSys@@UBEPBUIRoot@core@5@PBUSUniquePointerInfo@75@@Z 10003a30 f i umodsys_lib_lib3d:umodsys.mod.3d.stdlib.obj
 0001:00002a30       ?root_get_other_interface@RGenerator@stdlib@lib3d@modules@UModSys@@UAEPAUIRoot@core@5@PBUSUniquePointerInfo@75@@Z 10003a30 f i umodsys_lib_lib3d:umodsys.mod.3d.stdlib.obj
 0001:00002a70       ?root_is_interface_supported@RGenerator@stdlib@lib3d@modules@UModSys@@UBE_NPBUSUniquePointerInfo@core@5@@Z 10003a70 f i umodsys_lib_lib3d:umodsys.mod.3d.stdlib.obj
 0001:00002ab0       ?get_uid@RGenerator@stdlib@lib3d@modules@UModSys@@UBEPBUSUniquePointerInfo@core@5@XZ 10003ab0 f i umodsys_lib_lib3d:umodsys.mod.3d.stdlib.obj
 0001:00002ac0       ??_GRRenderer@stdlib@lib3d@modules@UModSys@@UAEPAXI@Z 10003ac0 f i umodsys_lib_lib3d:umodsys.mod.3d.stdlib.obj
 0001:00002ac0       ??_ERRenderer@stdlib@lib3d@modules@UModSys@@UAEPAXI@Z 10003ac0 f i  CIL library: CIL module
 0001:00002ae0       ??0Scene@IVisualizerScene@lib3d@UModSys@@QAE@ABU0123@@Z 10003ae0 f i umodsys_lib_lib3d:umodsys.mod.3d.stdlib.obj
 0001:00002b40       ??_GRVisualizerScene@stdlib@lib3d@modules@UModSys@@UAEPAXI@Z 10003b40 f i umodsys_lib_lib3d:umodsys.mod.3d.stdlib.obj
 0001:00002b40       ??_ERVisualizerScene@stdlib@lib3d@modules@UModSys@@UAEPAXI@Z 10003b40 f i  CIL library: CIL module
 0001:00002b60       ??_ERVisualSceneMapper_Direct@stdlib@lib3d@modules@UModSys@@UAEPAXI@Z 10003b60 f i  CIL library: CIL module
 0001:00002b60       ??_GRVisualSceneMapper_Direct@stdlib@lib3d@modules@UModSys@@UAEPAXI@Z 10003b60 f i umodsys_lib_lib3d:umodsys.mod.3d.stdlib.obj
 0001:00002b80       ??_GRGeneralObject_Camera@stdlib@lib3d@modules@UModSys@@UAEPAXI@Z 10003b80 f i umodsys_lib_lib3d:umodsys.mod.3d.stdlib.obj
 0001:00002b80       ??_ERGeneralObject_Camera@stdlib@lib3d@modules@UModSys@@UAEPAXI@Z 10003b80 f i  CIL library: CIL module
 0001:00002ba0       ??_EVisualState@RGeneralObject_Camera@stdlib@lib3d@modules@UModSys@@UAEPAXI@Z 10003ba0 f i  CIL library: CIL module
 0001:00002ba0       ??_GVisualState@RGeneralObject_Camera@stdlib@lib3d@modules@UModSys@@UAEPAXI@Z 10003ba0 f i umodsys_lib_lib3d:umodsys.mod.3d.stdlib.obj
 0001:00002bc0       ?do_open@RModuleReg@stdlib@lib3d@modules@UModSys@@UAE_NXZ 10003bc0 f i umodsys_lib_lib3d:umodsys.mod.3d.stdlib.obj
 0001:00002bd0       ?do_close@RModuleReg@stdlib@lib3d@modules@UModSys@@UAE_NXZ 10003bd0 f i umodsys_lib_lib3d:umodsys.mod.3d.stdlib.obj
 0001:00002be0       ??_ERModuleReg@stdlib@lib3d@modules@UModSys@@UAEPAXI@Z 10003be0 f i  CIL library: CIL module
 0001:00002be0       ??_GRModuleReg@stdlib@lib3d@modules@UModSys@@UAEPAXI@Z 10003be0 f i umodsys_lib_lib3d:umodsys.mod.3d.stdlib.obj
 0001:00002c10       ?normalized@?$TVector3@N@math3d@UModSys@@QBE?AU123@XZ 10003c10 f i umodsys_lib_lib3d:umodsys.mod.3d.stdlib.obj
 0001:00002c70       ?from_3pr@?$TPlane3@N@math3d@UModSys@@QAEXABU?$TVector3@N@23@00@Z 10003c70 f i umodsys_lib_lib3d:umodsys.mod.3d.stdlib.obj
 0001:00002ce0       ??1?$TRStackSocket@PAUIVisualObject@lib3d@UModSys@@U?$TDynarrayDynamic@PAUIVisualObject@lib3d@UModSys@@U?$TAllocator@USIMemAlloc@core@UModSys@@USCountCalcPower2@23@@tl@3@@tl@3@@tl@UModSys@@QAE@XZ 10003ce0 f i umodsys_lib_lib3d:umodsys.mod.3d.stdlib.obj
 0001:00002cf0       ?isempty@?$TRStackSocket@PAUIVisualObject@lib3d@UModSys@@U?$TDynarrayDynamic@PAUIVisualObject@lib3d@UModSys@@U?$TAllocator@USIMemAlloc@core@UModSys@@USCountCalcPower2@23@@tl@3@@tl@3@@tl@UModSys@@UBE_NXZ 10003cf0 f i umodsys_lib_lib3d:umodsys.mod.3d.stdlib.obj
 0001:00002d00       ?isfull@?$TRStackSocket@PAUIVisualObject@lib3d@UModSys@@U?$TDynarrayDynamic@PAUIVisualObject@lib3d@UModSys@@U?$TAllocator@USIMemAlloc@core@UModSys@@USCountCalcPower2@23@@tl@3@@tl@3@@tl@UModSys@@UBE_NXZ 10003d00 f i umodsys_lib_lib3d:umodsys.mod.3d.stdlib.obj
 0001:00002d10       ?push@?$TRStackSocket@PAUIVisualObject@lib3d@UModSys@@U?$TDynarrayDynamic@PAUIVisualObject@lib3d@UModSys@@U?$TAllocator@USIMemAlloc@core@UModSys@@USCountCalcPower2@23@@tl@3@@tl@3@@tl@UModSys@@UAE_NABQAUIVisualObject@lib3d@3@@Z 10003d10 f i umodsys_lib_lib3d:umodsys.mod.3d.stdlib.obj
 0001:00002d50       ?pop@?$TRStackSocket@PAUIVisualObject@lib3d@UModSys@@U?$TDynarrayDynamic@PAUIVisualObject@lib3d@UModSys@@U?$TAllocator@USIMemAlloc@core@UModSys@@USCountCalcPower2@23@@tl@3@@tl@3@@tl@UModSys@@UAE_NAAPAUIVisualObject@lib3d@3@@Z 10003d50 f i umodsys_lib_lib3d:umodsys.mod.3d.stdlib.obj
 0001:00002d80       ?Free@?$TDynarray@U?$TDynarrayHolderDynamic@PAUIVisualObject@lib3d@UModSys@@U?$TAllocator@USIMemAlloc@core@UModSys@@USCountCalcPower2@23@@tl@3@@tl@UModSys@@@tl@UModSys@@QAE_NXZ 10003d80 f i umodsys_lib_lib3d:umodsys.mod.3d.stdlib.obj
 0001:00002de0       ?ResizeRel@?$TDynarray@U?$TDynarrayHolderDynamic@UScene@IVisualizerScene@lib3d@UModSys@@U?$TAllocator@USIMemAlloc@core@UModSys@@USCountCalcPower2@23@@tl@4@@tl@UModSys@@@tl@UModSys@@QAE_NH@Z 10003de0 f i umodsys_lib_lib3d:umodsys.mod.3d.stdlib.obj
 0001:00002e60       ?RemoveAt@?$TDynarray@U?$TDynarrayHolderDynamic@UScene@IVisualizerScene@lib3d@UModSys@@U?$TAllocator@USIMemAlloc@core@UModSys@@USCountCalcPower2@23@@tl@4@@tl@UModSys@@@tl@UModSys@@QAE_NII@Z 10003e60 f i umodsys_lib_lib3d:umodsys.mod.3d.stdlib.obj
 0001:00002eb0       ??$t_types@URGeneralObject_Camera@stdlib@lib3d@modules@UModSys@@@IGenerator@base@UModSys@@KA_NAAHAAUSUniquePtrList@core@2@PBUSUniquePointerInfo@42@@Z 10003eb0 f i umodsys_lib_lib3d:umodsys.mod.3d.stdlib.obj
 0001:00002ef0       ??$t_gen_param@URRenderer@stdlib@lib3d@modules@UModSys@@URGenerator@2345@@IGenerator@base@UModSys@@IAE_NPAURGenerator@stdlib@lib3d@modules@2@AAU?$TRefObject@UIRefObject@core@UModSys@@U?$TRefObjectFunc@UIRefObject@core@UModSys@@@tl@3@@tl@2@PBUSUniquePointerInfo@core@2@ABUSParameters@core@2@@Z 10003ef0 f i umodsys_lib_lib3d:umodsys.mod.3d.stdlib.obj
 0001:00002f60       ??$t_gen_param@URVisualizerScene@stdlib@lib3d@modules@UModSys@@URGenerator@2345@@IGenerator@base@UModSys@@IAE_NPAURGenerator@stdlib@lib3d@modules@2@AAU?$TRefObject@UIRefObject@core@UModSys@@U?$TRefObjectFunc@UIRefObject@core@UModSys@@@tl@3@@tl@2@PBUSUniquePointerInfo@core@2@ABUSParameters@core@2@@Z 10003f60 f i umodsys_lib_lib3d:umodsys.mod.3d.stdlib.obj
 0001:00002fd0       ??$t_gen_param@URVisualSceneMapper_Direct@stdlib@lib3d@modules@UModSys@@URGenerator@2345@@IGenerator@base@UModSys@@IAE_NPAURGenerator@stdlib@lib3d@modules@2@AAU?$TRefObject@UIRefObject@core@UModSys@@U?$TRefObjectFunc@UIRefObject@core@UModSys@@@tl@3@@tl@2@PBUSUniquePointerInfo@core@2@ABUSParameters@core@2@@Z 10003fd0 f i umodsys_lib_lib3d:umodsys.mod.3d.stdlib.obj
 0001:00003050       ??$t_gen_param@URGeneralObject_Camera@stdlib@lib3d@modules@UModSys@@URGenerator@2345@@IGenerator@base@UModSys@@IAE_NPAURGenerator@stdlib@lib3d@modules@2@AAU?$TRefObject@UIRefObject@core@UModSys@@U?$TRefObjectFunc@UIRefObject@core@UModSys@@@tl@3@@tl@2@PBUSUniquePointerInfo@core@2@ABUSParameters@core@2@@Z 10004050 f i umodsys_lib_lib3d:umodsys.mod.3d.stdlib.obj
 0001:000030d0       ?ReLink@?$TDynarray@U?$TDynarrayHolderDynamic@UNode@RSerializeReader@serialize_json@media@modules@UModSys@@U?$TAllocator@USIMemAlloc@core@UModSys@@USCountCalcPower2@23@@tl@6@@tl@UModSys@@@tl@UModSys@@IAE_NI@Z 100040d0 f i umodsys_lib_libmedia:umodsys.mod.media.serialize_json.obj
 0001:000030d0       ?ReLink@?$TDynarray@U?$TDynarrayHolderDynamic@UScene@IVisualizerScene@lib3d@UModSys@@U?$TAllocator@USIMemAlloc@core@UModSys@@USCountCalcPower2@23@@tl@4@@tl@UModSys@@@tl@UModSys@@IAE_NI@Z 100040d0 f i umodsys_lib_lib3d:umodsys.mod.3d.stdlib.obj
 0001:00003120       ?amoveleft@?$TTypeConstructor@UScene@IVisualizerScene@lib3d@UModSys@@@tl@UModSys@@SAXPAUScene@IVisualizerScene@lib3d@3@III@Z 10004120 f i umodsys_lib_lib3d:umodsys.mod.3d.stdlib.obj
 0001:000031e0       ?aconstructcopy@?$TTypeConstructor@UScene@IVisualizerScene@lib3d@UModSys@@@tl@UModSys@@SAXPAUScene@IVisualizerScene@lib3d@3@IABU4563@@Z 100041e0 f i umodsys_lib_lib3d:umodsys.mod.3d.stdlib.obj
 0001:00003240       ?adestruct@?$TTypeConstructor@UScene@IVisualizerScene@lib3d@UModSys@@@tl@UModSys@@SAXPAUScene@IVisualizerScene@lib3d@3@I@Z 10004240 f i umodsys_lib_lib3d:umodsys.mod.3d.stdlib.obj
 0001:000032c0       ??$process_nodes_r@U?$TNodeDeleter0@U?$TScatterArrayNode@U?$TRefObject@UIVisualObject@lib3d@UModSys@@U?$TRefObjectFunc@UIVisualObject@lib3d@UModSys@@@tl@3@@tl@UModSys@@PBUISceneNode@lib3d@3@@tl@UModSys@@@tl@UModSys@@@?$TTreeHoldRB@U?$TScatterArrayNode@U?$TRefObject@UIVisualObject@lib3d@UModSys@@U?$TRefObjectFunc@UIVisualObject@lib3d@UModSys@@@tl@3@@tl@UModSys@@PBUISceneNode@lib3d@3@@tl@UModSys@@@tl@UModSys@@KAHPAU?$TScatterArrayNode@U?$TRefObject@UIVisualObject@lib3d@UModSys@@U?$TRefObjectFunc@UIVisualObject@lib3d@UModSys@@@tl@3@@tl@UModSys@@PBUISceneNode@lib3d@3@@12@ABU?$TNodeDeleter0@U?$TScatterArrayNode@U?$TRefObject@UIVisualObject@lib3d@UModSys@@U?$TRefObjectFunc@UIVisualObject@lib3d@UModSys@@@tl@3@@tl@UModSys@@PBUISceneNode@lib3d@3@@tl@UModSys@@@12@@Z 100042c0 f i umodsys_lib_lib3d:umodsys.mod.3d.stdlib.obj
 0001:00003320       ?alloc@SMemShared@core@UModSys@@QAE_NIPAUSSourceContext@23@@Z 10004320 f i umodsys_lib_lib2d:umodsys.mod.2d.stdlib.obj
 0001:00003360       ?ConvertSameSize@stdlib@lib2d@modules@UModSys@@YA_NW4eImageType@24@ABU?$TVector2@H@math3d@4@11ABUSMem@core@4@11ABUSCMem@94@@Z 10004360 f i umodsys_lib_lib2d:umodsys.mod.2d.stdlib.obj
 0001:000033f0       ?ConvertSame@stdlib@lib2d@modules@UModSys@@YA_NW4eImageType@24@ABU?$TBoundBox2@H@math3d@4@ABU?$TVector2@H@74@ABUSMem@core@4@12ABUSCMem@core@4@@Z 100043f0 f i umodsys_lib_lib2d:umodsys.mod.2d.stdlib.obj
 0001:00003470       ?Convert@stdlib@lib2d@modules@UModSys@@YA_NABU?$TBoundBox2@H@math3d@4@ABUSImageInfo@24@ABUSMem@core@4@01ABUSCMem@94@@Z 10004470 f i umodsys_lib_lib2d:umodsys.mod.2d.stdlib.obj
 0001:000034e0       ?root_get_interface_info@RImage_Memory@stdlib@lib2d@modules@UModSys@@UBEABUSUniquePointerInfo@core@5@XZ 100044e0 f i umodsys_lib_lib2d:umodsys.mod.2d.stdlib.obj
 0001:000034f0       ?root_get_interface_type@RImage_Memory@stdlib@lib2d@modules@UModSys@@UBEPBUSUniquePointerInfo@core@5@XZ 100044f0 f i umodsys_lib_lib2d:umodsys.mod.2d.stdlib.obj
 0001:00003500       ?root_get_other_interface@RImage_Memory@stdlib@lib2d@modules@UModSys@@UAEPAUIRoot@core@5@PBUSUniquePointerInfo@75@@Z 10004500 f i umodsys_lib_lib2d:umodsys.mod.2d.stdlib.obj
 0001:00003500       ?root_get_other_interface@RImage_Memory@stdlib@lib2d@modules@UModSys@@UBEPBUIRoot@core@5@PBUSUniquePointerInfo@75@@Z 10004500 f i umodsys_lib_lib2d:umodsys.mod.2d.stdlib.obj
 0001:00003530       ?root_is_interface_supported@RImage_Memory@stdlib@lib2d@modules@UModSys@@UBE_NPBUSUniquePointerInfo@core@5@@Z 10004530 f i umodsys_lib_lib2d:umodsys.mod.2d.stdlib.obj
 0001:00003570       ?suicide@RImageFactory_Memory@stdlib@lib2d@modules@UModSys@@UAEXXZ 10004570 f i umodsys_lib_lib2d:umodsys.mod.2d.stdlib.obj
 0001:00003570       ?suicide@RMultiImage@stdlib@lib2d@modules@UModSys@@UAEXXZ 10004570 f i umodsys_lib_lib2d:umodsys.mod.2d.stdlib.obj
 0001:00003570       ?suicide@RTerminal@SDL_GL@ui@modules@UModSys@@UAEXXZ 10004570 f i umodsys_lib_libui:umodsys.mod.ui.SDL_GL.obj
 0001:00003570       ?suicide@RGeneralObject_Camera@stdlib@lib3d@modules@UModSys@@UAEXXZ 10004570 f i umodsys_lib_lib3d:umodsys.mod.3d.stdlib.obj
 0001:00003570       ?suicide@RImage_Memory@stdlib@lib2d@modules@UModSys@@UAEXXZ 10004570 f i umodsys_lib_lib2d:umodsys.mod.2d.stdlib.obj
 0001:00003570       ?suicide@RBinArchiveFrameClient_ZIP@zlib@media@modules@UModSys@@UAEXXZ 10004570 f i umodsys_lib_libmedia:umodsys.mod.media.zlib.obj
 0001:00003570       ?suicide@RVisualizerScene@stdlib@lib3d@modules@UModSys@@UAEXXZ 10004570 f i umodsys_lib_lib3d:umodsys.mod.3d.stdlib.obj
 0001:00003570       ?suicide@RSerializeReader@serialize_json@media@modules@UModSys@@UAEXXZ 10004570 f i umodsys_lib_libmedia:umodsys.mod.media.serialize_json.obj
 0001:00003570       ?suicide@RTerminal@SDL_core@ui@modules@UModSys@@UAEXXZ 10004570 f i umodsys_lib_libui:umodsys.mod.ui.SDL_core.obj
 0001:00003580       ?root_get_interface_info@RImageFactory_Memory@stdlib@lib2d@modules@UModSys@@UBEABUSUniquePointerInfo@core@5@XZ 10004580 f i umodsys_lib_lib2d:umodsys.mod.2d.stdlib.obj
 0001:00003590       ?root_get_interface_type@RImageFactory_Memory@stdlib@lib2d@modules@UModSys@@UBEPBUSUniquePointerInfo@core@5@XZ 10004590 f i umodsys_lib_lib2d:umodsys.mod.2d.stdlib.obj
 0001:000035a0       ?root_get_other_interface@RImageFactory_Memory@stdlib@lib2d@modules@UModSys@@UAEPAUIRoot@core@5@PBUSUniquePointerInfo@75@@Z 100045a0 f i umodsys_lib_lib2d:umodsys.mod.2d.stdlib.obj
 0001:000035a0       ?root_get_other_interface@RImageFactory_Memory@stdlib@lib2d@modules@UModSys@@UBEPBUIRoot@core@5@PBUSUniquePointerInfo@75@@Z 100045a0 f i umodsys_lib_lib2d:umodsys.mod.2d.stdlib.obj
 0001:000035d0       ?root_is_interface_supported@RImageFactory_Memory@stdlib@lib2d@modules@UModSys@@UBE_NPBUSUniquePointerInfo@core@5@@Z 100045d0 f i umodsys_lib_lib2d:umodsys.mod.2d.stdlib.obj
 0001:00003610       ?root_get_interface_info@RMultiImage@stdlib@lib2d@modules@UModSys@@UBEABUSUniquePointerInfo@core@5@XZ 10004610 f i umodsys_lib_lib2d:umodsys.mod.2d.stdlib.obj
 0001:00003620       ?root_get_interface_type@RMultiImage@stdlib@lib2d@modules@UModSys@@UBEPBUSUniquePointerInfo@core@5@XZ 10004620 f i umodsys_lib_lib2d:umodsys.mod.2d.stdlib.obj
 0001:00003630       ?root_get_other_interface@RMultiImage@stdlib@lib2d@modules@UModSys@@UBEPBUIRoot@core@5@PBUSUniquePointerInfo@75@@Z 10004630 f i umodsys_lib_lib2d:umodsys.mod.2d.stdlib.obj
 0001:00003630       ?root_get_other_interface@RMultiImage@stdlib@lib2d@modules@UModSys@@UAEPAUIRoot@core@5@PBUSUniquePointerInfo@75@@Z 10004630 f i umodsys_lib_lib2d:umodsys.mod.2d.stdlib.obj
 0001:00003660       ?root_is_interface_supported@RMultiImage@stdlib@lib2d@modules@UModSys@@UBE_NPBUSUniquePointerInfo@core@5@@Z 10004660 f i umodsys_lib_lib2d:umodsys.mod.2d.stdlib.obj
 0001:000036a0       ?get_generated_names@RGenerator@stdlib@lib2d@modules@UModSys@@UBEHAAUSUniquePtrList@core@5@@Z 100046a0 f i umodsys_lib_lib2d:umodsys.mod.2d.stdlib.obj
 0001:000036e0       ?get_generated_types@RGenerator@stdlib@lib2d@modules@UModSys@@UBEHAAUSUniquePtrList@core@5@PBUSUniquePointerInfo@75@@Z 100046e0 f i umodsys_lib_lib2d:umodsys.mod.2d.stdlib.obj
 0001:00003760       ?generate@RGenerator@stdlib@lib2d@modules@UModSys@@UAE_NAAU?$TRefObject@UIRefObject@core@UModSys@@U?$TRefObjectFunc@UIRefObject@core@UModSys@@@tl@3@@tl@5@PBUSUniquePointerInfo@core@5@ABUSParameters@95@@Z 10004760 f i umodsys_lib_lib2d:umodsys.mod.2d.stdlib.obj
 0001:000037c0       ?root_get_interface_info@RGenerator@stdlib@lib2d@modules@UModSys@@UBEABUSUniquePointerInfo@core@5@XZ 100047c0 f i umodsys_lib_lib2d:umodsys.mod.2d.stdlib.obj
 0001:000037d0       ?root_get_interface_type@RGenerator@stdlib@lib2d@modules@UModSys@@UBEPBUSUniquePointerInfo@core@5@XZ 100047d0 f i umodsys_lib_lib2d:umodsys.mod.2d.stdlib.obj
 0001:000037e0       ?root_get_other_interface@RGenerator@stdlib@lib2d@modules@UModSys@@UAEPAUIRoot@core@5@PBUSUniquePointerInfo@75@@Z 100047e0 f i umodsys_lib_lib2d:umodsys.mod.2d.stdlib.obj
 0001:000037e0       ?root_get_other_interface@RGenerator@stdlib@lib2d@modules@UModSys@@UBEPBUIRoot@core@5@PBUSUniquePointerInfo@75@@Z 100047e0 f i umodsys_lib_lib2d:umodsys.mod.2d.stdlib.obj
 0001:00003820       ?root_is_interface_supported@RGenerator@stdlib@lib2d@modules@UModSys@@UBE_NPBUSUniquePointerInfo@core@5@@Z 10004820 f i umodsys_lib_lib2d:umodsys.mod.2d.stdlib.obj
 0001:00003860       ?get_uid@RGenerator@stdlib@lib2d@modules@UModSys@@UBEPBUSUniquePointerInfo@core@5@XZ 10004860 f i umodsys_lib_lib2d:umodsys.mod.2d.stdlib.obj
 0001:00003870       ??1State@RImage_Memory@stdlib@lib2d@modules@UModSys@@QAE@XZ 10004870 f i umodsys_lib_lib2d:umodsys.mod.2d.stdlib.obj
 0001:00003870       ??1SMemShared@core@UModSys@@QAE@XZ 10004870 f i plugin_test1.obj
 0001:00003870       ??1SCMemShared@core@UModSys@@QAE@XZ 10004870 f i plugin_test1.obj
 0001:00003890       ??4State@RImage_Memory@stdlib@lib2d@modules@UModSys@@QAEAAU012345@ABU012345@@Z 10004890 f i umodsys_lib_lib2d:umodsys.mod.2d.stdlib.obj
 0001:00003940       ??_ERImage_Memory@stdlib@lib2d@modules@UModSys@@UAEPAXI@Z 10004940 f i  CIL library: CIL module
 0001:00003940       ??_GRImage_Memory@stdlib@lib2d@modules@UModSys@@UAEPAXI@Z 10004940 f i umodsys_lib_lib2d:umodsys.mod.2d.stdlib.obj
 0001:00003960       ??1?$TParametersA@$0EAA@@core@UModSys@@QAE@XZ 10004960 f i plugin_test1.obj
 0001:00003960       ??1SParameters@core@UModSys@@QAE@XZ 10004960 f i plugin_test1.obj
 0001:00003960       ??1?$TParametersA@$0BAA@@core@UModSys@@QAE@XZ 10004960 f i umodsys_lib_libui:umodsys.mod.ui.SDL_core.obj
 0001:00003960       ??1?$TParametersA@$0BAL@@core@UModSys@@QAE@XZ 10004960 f i umodsys_lib_lib2d:umodsys.mod.2d.stdlib.obj
 0001:00003970       ??_ERImageFactory_Memory@stdlib@lib2d@modules@UModSys@@UAEPAXI@Z 10004970 f i  CIL library: CIL module
 0001:00003970       ??_GRImageFactory_Memory@stdlib@lib2d@modules@UModSys@@UAEPAXI@Z 10004970 f i umodsys_lib_lib2d:umodsys.mod.2d.stdlib.obj
 0001:00003990       ??_ERMultiImage@stdlib@lib2d@modules@UModSys@@UAEPAXI@Z 10004990 f i  CIL library: CIL module
 0001:00003990       ??_GRMultiImage@stdlib@lib2d@modules@UModSys@@UAEPAXI@Z 10004990 f i umodsys_lib_lib2d:umodsys.mod.2d.stdlib.obj
 0001:000039b0       ?do_open@RModuleReg@stdlib@lib2d@modules@UModSys@@UAE_NXZ 100049b0 f i umodsys_lib_lib2d:umodsys.mod.2d.stdlib.obj
 0001:000039c0       ?do_close@RModuleReg@stdlib@lib2d@modules@UModSys@@UAE_NXZ 100049c0 f i umodsys_lib_lib2d:umodsys.mod.2d.stdlib.obj
 0001:000039d0       ??_GRModuleReg@stdlib@lib2d@modules@UModSys@@UAEPAXI@Z 100049d0 f i umodsys_lib_lib2d:umodsys.mod.2d.stdlib.obj
 0001:000039d0       ??_ERModuleReg@stdlib@lib2d@modules@UModSys@@UAEPAXI@Z 100049d0 f i  CIL library: CIL module
 0001:00003a00       ??1?$TDynarrayDynamic@USImageCellInfo@lib2d@UModSys@@U?$TAllocator@USIMemAlloc@core@UModSys@@USCountCalcPower2@23@@tl@3@@tl@UModSys@@QAE@XZ 10004a00 f i umodsys_lib_lib2d:umodsys.mod.2d.stdlib.obj
 0001:00003a30       ??1?$TDynarrayDynamic@U?$TRefObject@UIImage@lib2d@UModSys@@U?$TRefObjectFunc@UIImage@lib2d@UModSys@@@tl@3@@tl@UModSys@@U?$TAllocator@USIMemAlloc@core@UModSys@@USCountCalcPower2@23@@23@@tl@UModSys@@QAE@XZ 10004a30 f i umodsys_lib_lib2d:umodsys.mod.2d.stdlib.obj
 0001:00003a80       ?Free@?$TDynarray@U?$TDynarrayHolderDynamic@USImageCellInfo@lib2d@UModSys@@U?$TAllocator@USIMemAlloc@core@UModSys@@USCountCalcPower2@23@@tl@3@@tl@UModSys@@@tl@UModSys@@QAE_NXZ 10004a80 f i umodsys_lib_lib2d:umodsys.mod.2d.stdlib.obj
 0001:00003ae0       ?ResizeRel@?$TDynarray@U?$TDynarrayHolderDynamic@U?$TRefObject@UIImage@lib2d@UModSys@@U?$TRefObjectFunc@UIImage@lib2d@UModSys@@@tl@3@@tl@UModSys@@U?$TAllocator@USIMemAlloc@core@UModSys@@USCountCalcPower2@23@@23@@tl@UModSys@@@tl@UModSys@@QAE_NH@Z 10004ae0 f i umodsys_lib_lib2d:umodsys.mod.2d.stdlib.obj
 0001:00003b50       ??$t_gen_param@URImage_Memory@stdlib@lib2d@modules@UModSys@@URGenerator@2345@@IGenerator@base@UModSys@@IAE_NPAURGenerator@stdlib@lib2d@modules@2@AAU?$TRefObject@UIRefObject@core@UModSys@@U?$TRefObjectFunc@UIRefObject@core@UModSys@@@tl@3@@tl@2@PBUSUniquePointerInfo@core@2@ABUSParameters@core@2@@Z 10004b50 f i umodsys_lib_lib2d:umodsys.mod.2d.stdlib.obj
 0001:00003bc0       ??$t_gen_param@URImageFactory_Memory@stdlib@lib2d@modules@UModSys@@URGenerator@2345@@IGenerator@base@UModSys@@IAE_NPAURGenerator@stdlib@lib2d@modules@2@AAU?$TRefObject@UIRefObject@core@UModSys@@U?$TRefObjectFunc@UIRefObject@core@UModSys@@@tl@3@@tl@2@PBUSUniquePointerInfo@core@2@ABUSParameters@core@2@@Z 10004bc0 f i umodsys_lib_lib2d:umodsys.mod.2d.stdlib.obj
 0001:00003c40       ??$t_gen_param@URMultiImage@stdlib@lib2d@modules@UModSys@@URGenerator@2345@@IGenerator@base@UModSys@@IAE_NPAURGenerator@stdlib@lib2d@modules@2@AAU?$TRefObject@UIRefObject@core@UModSys@@U?$TRefObjectFunc@UIRefObject@core@UModSys@@@tl@3@@tl@2@PBUSUniquePointerInfo@core@2@ABUSParameters@core@2@@Z 10004c40 f i umodsys_lib_lib2d:umodsys.mod.2d.stdlib.obj
 0001:00003cc0       ??$ValidateConstruction@UIRefObject@core@UModSys@@URTerminalX@SDL_GL@ui@modules@3@@core@UModSys@@YA_NAAU?$TRefObject@UIRefObject@core@UModSys@@U?$TRefObjectFunc@UIRefObject@core@UModSys@@@tl@3@@tl@1@PAURTerminalX@SDL_GL@ui@modules@1@@Z 10004cc0 f i umodsys_lib_libui:umodsys.mod.ui.SDL_GL.obj
 0001:00003cc0       ??$ValidateConstruction@UIRefObject@core@UModSys@@URVisualSceneMapper_Direct@stdlib@lib3d@modules@3@@core@UModSys@@YA_NAAU?$TRefObject@UIRefObject@core@UModSys@@U?$TRefObjectFunc@UIRefObject@core@UModSys@@@tl@3@@tl@1@PAURVisualSceneMapper_Direct@stdlib@lib3d@modules@1@@Z 10004cc0 f i umodsys_lib_lib3d:umodsys.mod.3d.stdlib.obj
 0001:00003cc0       ??$ValidateConstruction@UIRefObject@core@UModSys@@URRenderer@stdlib@lib3d@modules@3@@core@UModSys@@YA_NAAU?$TRefObject@UIRefObject@core@UModSys@@U?$TRefObjectFunc@UIRefObject@core@UModSys@@@tl@3@@tl@1@PAURRenderer@stdlib@lib3d@modules@1@@Z 10004cc0 f i umodsys_lib_lib3d:umodsys.mod.3d.stdlib.obj
 0001:00003cc0       ??$ValidateConstruction@UIRefObject@core@UModSys@@URImage_Memory@stdlib@lib2d@modules@3@@core@UModSys@@YA_NAAU?$TRefObject@UIRefObject@core@UModSys@@U?$TRefObjectFunc@UIRefObject@core@UModSys@@@tl@3@@tl@1@PAURImage_Memory@stdlib@lib2d@modules@1@@Z 10004cc0 f i umodsys_lib_lib2d:umodsys.mod.2d.stdlib.obj
 0001:00003cc0       ??$ValidateConstruction@UIRefObject@core@UModSys@@URGeneralObject_Camera@stdlib@lib3d@modules@3@@core@UModSys@@YA_NAAU?$TRefObject@UIRefObject@core@UModSys@@U?$TRefObjectFunc@UIRefObject@core@UModSys@@@tl@3@@tl@1@PAURGeneralObject_Camera@stdlib@lib3d@modules@1@@Z 10004cc0 f i umodsys_lib_lib3d:umodsys.mod.3d.stdlib.obj
 0001:00003cc0       ??$ValidateConstruction@UIRefObject@core@UModSys@@URTerminalX@SDL_core@ui@modules@3@@core@UModSys@@YA_NAAU?$TRefObject@UIRefObject@core@UModSys@@U?$TRefObjectFunc@UIRefObject@core@UModSys@@@tl@3@@tl@1@PAURTerminalX@SDL_core@ui@modules@1@@Z 10004cc0 f i umodsys_lib_libui:umodsys.mod.ui.SDL_core.obj
 0001:00003cc0       ??$ValidateConstruction@UIImage@lib2d@UModSys@@URImage_Memory@stdlib@2modules@3@@core@UModSys@@YA_NAAU?$TRefObject@UIImage@lib2d@UModSys@@U?$TRefObjectFunc@UIImage@lib2d@UModSys@@@tl@3@@tl@1@PAURImage_Memory@stdlib@lib2d@modules@1@@Z 10004cc0 f i umodsys_lib_lib2d:umodsys.mod.2d.stdlib.obj
 0001:00003cc0       ??$ValidateConstruction@UIRefObject@core@UModSys@@URMediaFilter@images_std@media@modules@3@@core@UModSys@@YA_NAAU?$TRefObject@UIRefObject@core@UModSys@@U?$TRefObjectFunc@UIRefObject@core@UModSys@@@tl@3@@tl@1@PAURMediaFilter@images_std@media@modules@1@@Z 10004cc0 f i umodsys_lib_libmedia:umodsys.mod.media.images_std.obj
 0001:00003cc0       ??$ValidateConstruction@UIRefObject@core@UModSys@@URVisualizerScene@stdlib@lib3d@modules@3@@core@UModSys@@YA_NAAU?$TRefObject@UIRefObject@core@UModSys@@U?$TRefObjectFunc@UIRefObject@core@UModSys@@@tl@3@@tl@1@PAURVisualizerScene@stdlib@lib3d@modules@1@@Z 10004cc0 f i umodsys_lib_lib3d:umodsys.mod.3d.stdlib.obj
 0001:00003cc0       ??$ValidateConstruction@UIRefObject@core@UModSys@@URImageFactory_Memory@stdlib@lib2d@modules@3@@core@UModSys@@YA_NAAU?$TRefObject@UIRefObject@core@UModSys@@U?$TRefObjectFunc@UIRefObject@core@UModSys@@@tl@3@@tl@1@PAURImageFactory_Memory@stdlib@lib2d@modules@1@@Z 10004cc0 f i umodsys_lib_lib2d:umodsys.mod.2d.stdlib.obj
 0001:00003d40       ?ReLink@?$TDynarray@U?$TDynarrayHolderDynamic@PAUIVisualObject@lib3d@UModSys@@U?$TAllocator@USIMemAlloc@core@UModSys@@USCountCalcPower2@23@@tl@3@@tl@UModSys@@@tl@UModSys@@IAE_NI@Z 10004d40 f i umodsys_lib_lib3d:umodsys.mod.3d.stdlib.obj
 0001:00003d40       ?ReLink@?$TDynarray@U?$TDynarrayHolderDynamic@U?$TRefObject@UIImage@lib2d@UModSys@@U?$TRefObjectFunc@UIImage@lib2d@UModSys@@@tl@3@@tl@UModSys@@U?$TAllocator@USIMemAlloc@core@UModSys@@USCountCalcPower2@23@@23@@tl@UModSys@@@tl@UModSys@@IAE_NI@Z 10004d40 f i umodsys_lib_lib2d:umodsys.mod.2d.stdlib.obj
 0001:00003d40       ?ReLink@?$TDynarray@U?$TDynarrayHolderDynamic@U?$TRefObject@URDialog@frames@ui@modules@UModSys@@U?$TRefObjectFunc@URDialog@frames@ui@modules@UModSys@@@tl@5@@tl@UModSys@@U?$TAllocator@USIMemAlloc@core@UModSys@@USCountCalcPower2@23@@23@@tl@UModSys@@@tl@UModSys@@IAE_NI@Z 10004d40 f i umodsys_lib_libui:umodsys.mod.ui.frames.obj
 0001:00003d40       ?ReLink@?$TDynarray@U?$TDynarrayHolderDynamic@U?$TRefObject@URFrame_Common@frames@ui@modules@UModSys@@U?$TRefObjectFunc@URFrame_Common@frames@ui@modules@UModSys@@@tl@5@@tl@UModSys@@U?$TAllocator@USIMemAlloc@core@UModSys@@USCountCalcPower2@23@@23@@tl@UModSys@@@tl@UModSys@@IAE_NI@Z 10004d40 f i umodsys_lib_libui:umodsys.mod.ui.frames.obj
 0001:00003d90       ??$ValidateConstruction@UIRefObject@core@UModSys@@URMultiImage@stdlib@lib2d@modules@3@@core@UModSys@@YA_NAAU?$TRefObject@UIRefObject@core@UModSys@@U?$TRefObjectFunc@UIRefObject@core@UModSys@@@tl@3@@tl@1@PAURMultiImage@stdlib@lib2d@modules@1@@Z 10004d90 f i umodsys_lib_lib2d:umodsys.mod.2d.stdlib.obj
 0001:00003e20       ?set_stage@SGLFuncs@SDL_GL@ui@modules@UModSys@@QBEXH@Z 10004e20 f i umodsys_lib_libui:umodsys.mod.ui.SDL_GL.obj
 0001:00003e60       ?set_bound@SGLFuncs@SDL_GL@ui@modules@UModSys@@QBEXI@Z 10004e60 f i umodsys_lib_libui:umodsys.mod.ui.SDL_GL.obj
 0001:00003e90       ?set_composite_all@SGLFuncsLegacy@SDL_GL@ui@modules@UModSys@@QBEXH@Z 10004e90 f i umodsys_lib_libui:umodsys.mod.ui.SDL_GL.obj
 0001:00003f20       ?force@TextureInfo@SGLFuncs@SDL_GL@ui@modules@UModSys@@QBEXABU23456@@Z 10004f20 f i umodsys_lib_libui:umodsys.mod.ui.SDL_GL.obj
 0001:00003f80       ?set_minmag@TextureInfo@SGLFuncs@SDL_GL@ui@modules@UModSys@@QBEXABU23456@HH@Z 10004f80 f i umodsys_lib_libui:umodsys.mod.ui.SDL_GL.obj
 0001:00003fc0       ?set_wrap@TextureInfo@SGLFuncs@SDL_GL@ui@modules@UModSys@@QBEXABU23456@HH@Z 10004fc0 f i umodsys_lib_libui:umodsys.mod.ui.SDL_GL.obj
 0001:00004000       ?crebind@STextureGL@SDL_GL@ui@modules@UModSys@@QAEX_N@Z 10005000 f i umodsys_lib_libui:umodsys.mod.ui.SDL_GL.obj
 0001:00004030       ?root_get_interface_info@RKeyboardController@SDL_GL@ui@modules@UModSys@@UBEABUSUniquePointerInfo@core@5@XZ 10005030 f i umodsys_lib_libui:umodsys.mod.ui.SDL_GL.obj
 0001:00004040       ?root_get_interface_type@RKeyboardController@SDL_GL@ui@modules@UModSys@@UBEPBUSUniquePointerInfo@core@5@XZ 10005040 f i umodsys_lib_libui:umodsys.mod.ui.SDL_GL.obj
 0001:00004050       ?root_get_other_interface@RKeyboardController@SDL_GL@ui@modules@UModSys@@UAEPAUIRoot@core@5@PBUSUniquePointerInfo@75@@Z 10005050 f i umodsys_lib_libui:umodsys.mod.ui.SDL_GL.obj
 0001:00004050       ?root_get_other_interface@RKeyboardController@SDL_GL@ui@modules@UModSys@@UBEPBUIRoot@core@5@PBUSUniquePointerInfo@75@@Z 10005050 f i umodsys_lib_libui:umodsys.mod.ui.SDL_GL.obj
 0001:00004080       ?root_is_interface_supported@RKeyboardController@SDL_GL@ui@modules@UModSys@@UBE_NPBUSUniquePointerInfo@core@5@@Z 10005080 f i umodsys_lib_libui:umodsys.mod.ui.SDL_GL.obj
 0001:000040c0       ?root_get_interface_info@RMouseController@SDL_GL@ui@modules@UModSys@@UBEABUSUniquePointerInfo@core@5@XZ 100050c0 f i umodsys_lib_libui:umodsys.mod.ui.SDL_GL.obj
 0001:000040d0       ?root_get_interface_type@RMouseController@SDL_GL@ui@modules@UModSys@@UBEPBUSUniquePointerInfo@core@5@XZ 100050d0 f i umodsys_lib_libui:umodsys.mod.ui.SDL_GL.obj
 0001:000040e0       ?root_get_other_interface@RMouseController@SDL_GL@ui@modules@UModSys@@UAEPAUIRoot@core@5@PBUSUniquePointerInfo@75@@Z 100050e0 f i umodsys_lib_libui:umodsys.mod.ui.SDL_GL.obj
 0001:000040e0       ?root_get_other_interface@RMouseController@SDL_GL@ui@modules@UModSys@@UBEPBUIRoot@core@5@PBUSUniquePointerInfo@75@@Z 100050e0 f i umodsys_lib_libui:umodsys.mod.ui.SDL_GL.obj
 0001:00004110       ?root_is_interface_supported@RMouseController@SDL_GL@ui@modules@UModSys@@UBE_NPBUSUniquePointerInfo@core@5@@Z 10005110 f i umodsys_lib_libui:umodsys.mod.ui.SDL_GL.obj
 0001:00004150       ?suicide@RRenderDriver3D@SDL_GL@ui@modules@UModSys@@UAEXXZ 10005150 f i umodsys_lib_libui:umodsys.mod.ui.SDL_GL.obj
 0001:00004150       ?suicide@RMouseController@SDL_core@ui@modules@UModSys@@UAEXXZ 10005150 f i umodsys_lib_libui:umodsys.mod.ui.SDL_core.obj
 0001:00004150       ?suicide@RKeyboardController@SDL_core@ui@modules@UModSys@@UAEXXZ 10005150 f i umodsys_lib_libui:umodsys.mod.ui.SDL_core.obj
 0001:00004150       ?suicide@RMouseController@SDL_GL@ui@modules@UModSys@@UAEXXZ 10005150 f i umodsys_lib_libui:umodsys.mod.ui.SDL_GL.obj
 0001:00004150       ?suicide@RKeyboardController@SDL_GL@ui@modules@UModSys@@UAEXXZ 10005150 f i umodsys_lib_libui:umodsys.mod.ui.SDL_GL.obj
 0001:00004150       ?suicide@RRenderDriver2D@SDL_core@ui@modules@UModSys@@UAEXXZ 10005150 f i umodsys_lib_libui:umodsys.mod.ui.SDL_core.obj
 0001:00004160       ?root_get_interface_info@RTerminal@SDL_GL@ui@modules@UModSys@@UBEABUSUniquePointerInfo@core@5@XZ 10005160 f i umodsys_lib_libui:umodsys.mod.ui.SDL_GL.obj
 0001:00004170       ?root_get_interface_type@RTerminal@SDL_GL@ui@modules@UModSys@@UBEPBUSUniquePointerInfo@core@5@XZ 10005170 f i umodsys_lib_libui:umodsys.mod.ui.SDL_GL.obj
 0001:00004180       ?root_get_other_interface@RTerminal@SDL_GL@ui@modules@UModSys@@UBEPBUIRoot@core@5@PBUSUniquePointerInfo@75@@Z 10005180 f i umodsys_lib_libui:umodsys.mod.ui.SDL_GL.obj
 0001:00004180       ?root_get_other_interface@RTerminal@SDL_GL@ui@modules@UModSys@@UAEPAUIRoot@core@5@PBUSUniquePointerInfo@75@@Z 10005180 f i umodsys_lib_libui:umodsys.mod.ui.SDL_GL.obj
 0001:000041b0       ?root_is_interface_supported@RTerminal@SDL_GL@ui@modules@UModSys@@UBE_NPBUSUniquePointerInfo@core@5@@Z 100051b0 f i umodsys_lib_libui:umodsys.mod.ui.SDL_GL.obj
 0001:000041f0       ?ref_remove@RGenerator@serialize_json@media@modules@UModSys@@UBEXXZ 100051f0 f i umodsys_lib_libmedia:umodsys.mod.media.serialize_json.obj
 0001:000041f0       ?ref_remove@RVisualizerScene@stdlib@lib3d@modules@UModSys@@UBEXXZ 100051f0 f i umodsys_lib_lib3d:umodsys.mod.3d.stdlib.obj
 0001:000041f0       ?ref_remove@RGenerator@stdlib@lib2d@modules@UModSys@@UBEXXZ 100051f0 f i umodsys_lib_lib2d:umodsys.mod.2d.stdlib.obj
 0001:000041f0       ?ref_remove@RVertexArray@SDL_GL@ui@modules@UModSys@@UBEXXZ 100051f0 f i umodsys_lib_libui:umodsys.mod.ui.SDL_GL.obj
 0001:000041f0       ?ref_remove@RGenerator@SDL_core@ui@modules@UModSys@@UBEXXZ 100051f0 f i umodsys_lib_libui:umodsys.mod.ui.SDL_core.obj
 0001:000041f0       ?ref_remove@RMultiImage2D_SDL_ttf@SDL_core@ui@modules@UModSys@@UBEXXZ 100051f0 f i umodsys_lib_libui:umodsys.mod.ui.SDL_core.obj
 0001:000041f0       ?ref_remove@RGenerator@test1@test@modules@UModSys@@UBEXXZ 100051f0 f i plugin_test1.obj
 0001:000041f0       ?ref_remove@RGenerator@frames@ui@modules@UModSys@@UBEXXZ 100051f0 f i umodsys_lib_libui:umodsys.mod.ui.frames.obj
 0001:000041f0       ?ref_remove@RGenerator@zlib@media@modules@UModSys@@UBEXXZ 100051f0 f i umodsys_lib_libmedia:umodsys.mod.media.zlib.obj
 0001:000041f0       ?ref_remove@RMultiImage2D_SDL_ttf@SDL_GL@ui@modules@UModSys@@UBEXXZ 100051f0 f i umodsys_lib_libui:umodsys.mod.ui.SDL_GL.obj
 0001:000041f0       ?ref_remove@RGenerator@stdlib@lib3d@modules@UModSys@@UBEXXZ 100051f0 f i umodsys_lib_lib3d:umodsys.mod.3d.stdlib.obj
 0001:000041f0       ?ref_remove@RGenerator@SDL_GL@ui@modules@UModSys@@UBEXXZ 100051f0 f i umodsys_lib_libui:umodsys.mod.ui.SDL_GL.obj
 0001:000041f0       ?ref_remove@RSerializeReader@serialize_json@media@modules@UModSys@@UBEXXZ 100051f0 f i umodsys_lib_libmedia:umodsys.mod.media.serialize_json.obj
 0001:000041f0       ?ref_remove@RImage_Memory@stdlib@lib2d@modules@UModSys@@UBEXXZ 100051f0 f i umodsys_lib_lib2d:umodsys.mod.2d.stdlib.obj
 0001:000041f0       ?ref_remove@RGenerator@images_std@media@modules@UModSys@@UBEXXZ 100051f0 f i umodsys_lib_libmedia:umodsys.mod.media.images_std.obj
 0001:000041f0       ?ref_remove@RDialog@frames@ui@modules@UModSys@@UBEXXZ 100051f0 f i umodsys_lib_libui:umodsys.mod.ui.frames.obj
 0001:000041f0       ?ref_remove@RGeneralObject_Camera@stdlib@lib3d@modules@UModSys@@UBEXXZ 100051f0 f i umodsys_lib_lib3d:umodsys.mod.3d.stdlib.obj
 0001:000041f0       ?ref_remove@RBinArchiveFrameClient_ZIP@zlib@media@modules@UModSys@@UBEXXZ 100051f0 f i umodsys_lib_libmedia:umodsys.mod.media.zlib.obj
 0001:000041f0       ?ref_remove@RMultiImage@stdlib@lib2d@modules@UModSys@@UBEXXZ 100051f0 f i umodsys_lib_lib2d:umodsys.mod.2d.stdlib.obj
 0001:000041f0       ?ref_remove@RTerminal@SDL_core@ui@modules@UModSys@@UBEXXZ 100051f0 f i umodsys_lib_libui:umodsys.mod.ui.SDL_core.obj
 0001:000041f0       ?ref_remove@RImageFactory_Memory@stdlib@lib2d@modules@UModSys@@UBEXXZ 100051f0 f i umodsys_lib_lib2d:umodsys.mod.2d.stdlib.obj
 0001:000041f0       ?ref_remove@RTerminal@SDL_GL@ui@modules@UModSys@@UBEXXZ 100051f0 f i umodsys_lib_libui:umodsys.mod.ui.SDL_GL.obj
 0001:00004200       ?root_get_interface_info@RMultiImage2D_SDL_ttf@SDL_GL@ui@modules@UModSys@@UBEABUSUniquePointerInfo@core@5@XZ 10005200 f i umodsys_lib_libui:umodsys.mod.ui.SDL_GL.obj
 0001:00004210       ?root_get_interface_type@RMultiImage2D_SDL_ttf@SDL_GL@ui@modules@UModSys@@UBEPBUSUniquePointerInfo@core@5@XZ 10005210 f i umodsys_lib_libui:umodsys.mod.ui.SDL_GL.obj
 0001:00004220       ?root_get_other_interface@RMultiImage2D_SDL_ttf@SDL_GL@ui@modules@UModSys@@UAEPAUIRoot@core@5@PBUSUniquePointerInfo@75@@Z 10005220 f i umodsys_lib_libui:umodsys.mod.ui.SDL_GL.obj
 0001:00004220       ?root_get_other_interface@RMultiImage2D_SDL_ttf@SDL_GL@ui@modules@UModSys@@UBEPBUIRoot@core@5@PBUSUniquePointerInfo@75@@Z 10005220 f i umodsys_lib_libui:umodsys.mod.ui.SDL_GL.obj
 0001:00004250       ?root_is_interface_supported@RMultiImage2D_SDL_ttf@SDL_GL@ui@modules@UModSys@@UBE_NPBUSUniquePointerInfo@core@5@@Z 10005250 f i umodsys_lib_libui:umodsys.mod.ui.SDL_GL.obj
 0001:00004290       ??1Glyph@RMultiImage2D_SDL_ttf@SDL_GL@ui@modules@UModSys@@QAE@XZ 10005290 f i umodsys_lib_libui:umodsys.mod.ui.SDL_GL.obj
 0001:000042e0       ?get_max_cell_size@RMultiImage2D_SDL_ttf@SDL_GL@ui@modules@UModSys@@UBE?AU?$TVector2@H@math3d@5@XZ 100052e0 f i umodsys_lib_libui:umodsys.mod.ui.SDL_GL.obj
 0001:000042e0       ?get_fixed_cell_size@RMultiImage2D_SDL_ttf@SDL_core@ui@modules@UModSys@@UBE?AU?$TVector2@H@math3d@5@XZ 100052e0 f i umodsys_lib_libui:umodsys.mod.ui.SDL_core.obj
 0001:000042e0       ?get_max_cell_size@RMultiImage2D_SDL_ttf@SDL_core@ui@modules@UModSys@@UBE?AU?$TVector2@H@math3d@5@XZ 100052e0 f i umodsys_lib_libui:umodsys.mod.ui.SDL_core.obj
 0001:000042e0       ?get_max_layer_size@RMultiImage2D_SDL_ttf@SDL_core@ui@modules@UModSys@@UBE?AU?$TVector2@H@math3d@5@XZ 100052e0 f i umodsys_lib_libui:umodsys.mod.ui.SDL_core.obj
 0001:000042e0       ?get_max_layer_size@RMultiImage2D_SDL_ttf@SDL_GL@ui@modules@UModSys@@UBE?AU?$TVector2@H@math3d@5@XZ 100052e0 f i umodsys_lib_libui:umodsys.mod.ui.SDL_GL.obj
 0001:000042e0       ?get_fixed_cell_size@RMultiImage2D_SDL_ttf@SDL_GL@ui@modules@UModSys@@UBE?AU?$TVector2@H@math3d@5@XZ 100052e0 f i umodsys_lib_libui:umodsys.mod.ui.SDL_GL.obj
 0001:00004300       ?setup_variable_cell@RMultiImage2D_SDL_ttf@SDL_core@ui@modules@UModSys@@UAE_NPBUSImageCellInfo@lib2d@5@KK@Z 10005300 f i umodsys_lib_libui:umodsys.mod.ui.SDL_core.obj
 0001:00004300       ?setup_variable_cell@RMultiImage2D_SDL_ttf@SDL_GL@ui@modules@UModSys@@UAE_NPBUSImageCellInfo@lib2d@5@KK@Z 10005300 f i umodsys_lib_libui:umodsys.mod.ui.SDL_GL.obj
 0001:00004310       ?root_get_interface_info@RRenderDriver3D@SDL_GL@ui@modules@UModSys@@UBEABUSUniquePointerInfo@core@5@XZ 10005310 f i umodsys_lib_libui:umodsys.mod.ui.SDL_GL.obj
 0001:00004320       ?root_get_interface_type@RRenderDriver3D@SDL_GL@ui@modules@UModSys@@UBEPBUSUniquePointerInfo@core@5@XZ 10005320 f i umodsys_lib_libui:umodsys.mod.ui.SDL_GL.obj
 0001:00004330       ?root_get_other_interface@RRenderDriver3D@SDL_GL@ui@modules@UModSys@@UBEPBUIRoot@core@5@PBUSUniquePointerInfo@75@@Z 10005330 f i umodsys_lib_libui:umodsys.mod.ui.SDL_GL.obj
 0001:00004330       ?root_get_other_interface@RRenderDriver3D@SDL_GL@ui@modules@UModSys@@UAEPAUIRoot@core@5@PBUSUniquePointerInfo@75@@Z 10005330 f i umodsys_lib_libui:umodsys.mod.ui.SDL_GL.obj
 0001:00004370       ?root_is_interface_supported@RRenderDriver3D@SDL_GL@ui@modules@UModSys@@UBE_NPBUSUniquePointerInfo@core@5@@Z 10005370 f i umodsys_lib_libui:umodsys.mod.ui.SDL_GL.obj
 0001:000043b0       ?root_get_interface_info@RTerminalX@SDL_GL@ui@modules@UModSys@@UBEABUSUniquePointerInfo@core@5@XZ 100053b0 f i umodsys_lib_libui:umodsys.mod.ui.SDL_GL.obj
 0001:000043c0       ?root_get_interface_type@RTerminalX@SDL_GL@ui@modules@UModSys@@UBEPBUSUniquePointerInfo@core@5@XZ 100053c0 f i umodsys_lib_libui:umodsys.mod.ui.SDL_GL.obj
 0001:000043d0       ?root_get_other_interface@RTerminalX@SDL_GL@ui@modules@UModSys@@UBEPBUIRoot@core@5@PBUSUniquePointerInfo@75@@Z 100053d0 f i umodsys_lib_libui:umodsys.mod.ui.SDL_GL.obj
 0001:000043d0       ?root_get_other_interface@RTerminalX@SDL_GL@ui@modules@UModSys@@UAEPAUIRoot@core@5@PBUSUniquePointerInfo@75@@Z 100053d0 f i umodsys_lib_libui:umodsys.mod.ui.SDL_GL.obj
 0001:00004400       ?root_is_interface_supported@RTerminalX@SDL_GL@ui@modules@UModSys@@UBE_NPBUSUniquePointerInfo@core@5@@Z 10005400 f i umodsys_lib_libui:umodsys.mod.ui.SDL_GL.obj
 0001:00004440       ?root_get_interface_info@RVertexArray@SDL_GL@ui@modules@UModSys@@UBEABUSUniquePointerInfo@core@5@XZ 10005440 f i umodsys_lib_libui:umodsys.mod.ui.SDL_GL.obj
 0001:00004450       ?root_get_interface_type@RVertexArray@SDL_GL@ui@modules@UModSys@@UBEPBUSUniquePointerInfo@core@5@XZ 10005450 f i umodsys_lib_libui:umodsys.mod.ui.SDL_GL.obj
 0001:00004460       ?root_get_other_interface@RVertexArray@SDL_GL@ui@modules@UModSys@@UAEPAUIRoot@core@5@PBUSUniquePointerInfo@75@@Z 10005460 f i umodsys_lib_libui:umodsys.mod.ui.SDL_GL.obj
 0001:00004460       ?root_get_other_interface@RVertexArray@SDL_GL@ui@modules@UModSys@@UBEPBUIRoot@core@5@PBUSUniquePointerInfo@75@@Z 10005460 f i umodsys_lib_libui:umodsys.mod.ui.SDL_GL.obj
 0001:00004490       ?root_is_interface_supported@RVertexArray@SDL_GL@ui@modules@UModSys@@UBE_NPBUSUniquePointerInfo@core@5@@Z 10005490 f i umodsys_lib_libui:umodsys.mod.ui.SDL_GL.obj
 0001:000044d0       ?get_generated_names@RGenerator@SDL_GL@ui@modules@UModSys@@UBEHAAUSUniquePtrList@core@5@@Z 100054d0 f i umodsys_lib_libui:umodsys.mod.ui.SDL_GL.obj
 0001:000044f0       ?get_generated_types@RGenerator@SDL_GL@ui@modules@UModSys@@UBEHAAUSUniquePtrList@core@5@PBUSUniquePointerInfo@75@@Z 100054f0 f i umodsys_lib_libui:umodsys.mod.ui.SDL_GL.obj
 0001:00004540       ?generate@RGenerator@SDL_GL@ui@modules@UModSys@@UAE_NAAU?$TRefObject@UIRefObject@core@UModSys@@U?$TRefObjectFunc@UIRefObject@core@UModSys@@@tl@3@@tl@5@PBUSUniquePointerInfo@core@5@ABUSParameters@95@@Z 10005540 f i umodsys_lib_libui:umodsys.mod.ui.SDL_GL.obj
 0001:00004570       ?root_get_interface_info@RGenerator@SDL_GL@ui@modules@UModSys@@UBEABUSUniquePointerInfo@core@5@XZ 10005570 f i umodsys_lib_libui:umodsys.mod.ui.SDL_GL.obj
 0001:00004580       ?root_get_interface_type@RGenerator@SDL_GL@ui@modules@UModSys@@UBEPBUSUniquePointerInfo@core@5@XZ 10005580 f i umodsys_lib_libui:umodsys.mod.ui.SDL_GL.obj
 0001:00004590       ?root_get_interface_types@RVisualizerScene@stdlib@lib3d@modules@UModSys@@UBEIAAUSUniquePtrList@core@5@@Z 10005590 f i umodsys_lib_lib3d:umodsys.mod.3d.stdlib.obj
 0001:00004590       ?root_get_interface_types@RTerminal@SDL_core@ui@modules@UModSys@@UBEIAAUSUniquePtrList@core@5@@Z 10005590 f i umodsys_lib_libui:umodsys.mod.ui.SDL_core.obj
 0001:00004590       ?root_get_interface_types@RMouseController@SDL_GL@ui@modules@UModSys@@UBEIAAUSUniquePtrList@core@5@@Z 10005590 f i umodsys_lib_libui:umodsys.mod.ui.SDL_GL.obj
 0001:00004590       ?root_get_interface_types@RTerminalX@SDL_GL@ui@modules@UModSys@@UBEIAAUSUniquePtrList@core@5@@Z 10005590 f i umodsys_lib_libui:umodsys.mod.ui.SDL_GL.obj
 0001:00004590       ?root_get_interface_types@RRenderDriver2D@SDL_core@ui@modules@UModSys@@UBEIAAUSUniquePtrList@core@5@@Z 10005590 f i umodsys_lib_libui:umodsys.mod.ui.SDL_core.obj
 0001:00004590       ?root_get_interface_types@RFrame_Edit@frames@ui@modules@UModSys@@UBEIAAUSUniquePtrList@core@5@@Z 10005590 f i umodsys_lib_libui:umodsys.mod.ui.frames.obj
 0001:00004590       ?root_get_interface_types@RVertexArray@SDL_GL@ui@modules@UModSys@@UBEIAAUSUniquePtrList@core@5@@Z 10005590 f i umodsys_lib_libui:umodsys.mod.ui.SDL_GL.obj
 0001:00004590       ?root_get_interface_types@RGenerator@images_std@media@modules@UModSys@@UBEIAAUSUniquePtrList@core@5@@Z 10005590 f i umodsys_lib_libmedia:umodsys.mod.media.images_std.obj
 0001:00004590       ?root_get_interface_types@RMediaFilter@images_std@media@modules@UModSys@@UBEIAAUSUniquePtrList@core@5@@Z 10005590 f i umodsys_lib_libmedia:umodsys.mod.media.images_std.obj
 0001:00004590       ?root_get_interface_types@RFrame_Frame@frames@ui@modules@UModSys@@UBEIAAUSUniquePtrList@core@5@@Z 10005590 f i umodsys_lib_libui:umodsys.mod.ui.frames.obj
 0001:00004590       ?root_get_interface_types@RImage_Memory@stdlib@lib2d@modules@UModSys@@UBEIAAUSUniquePtrList@core@5@@Z 10005590 f i umodsys_lib_lib2d:umodsys.mod.2d.stdlib.obj
 0001:00004590       ?root_get_interface_types@RMultiImage2D_SDL_ttf@SDL_core@ui@modules@UModSys@@UBEIAAUSUniquePtrList@core@5@@Z 10005590 f i umodsys_lib_libui:umodsys.mod.ui.SDL_core.obj
 0001:00004590       ?root_get_interface_types@RGenerator@serialize_json@media@modules@UModSys@@UBEIAAUSUniquePtrList@core@5@@Z 10005590 f i umodsys_lib_libmedia:umodsys.mod.media.serialize_json.obj
 0001:00004590       ?root_get_interface_types@RSerializeWriter@serialize_json@media@modules@UModSys@@UBEIAAUSUniquePtrList@core@5@@Z 10005590 f i umodsys_lib_libmedia:umodsys.mod.media.serialize_json.obj
 0001:00004590       ?root_get_interface_types@RGenerator@stdlib@lib2d@modules@UModSys@@UBEIAAUSUniquePtrList@core@5@@Z 10005590 f i umodsys_lib_lib2d:umodsys.mod.2d.stdlib.obj
 0001:00004590       ?root_get_interface_types@RMultiImage2D_SDL_ttf@SDL_GL@ui@modules@UModSys@@UBEIAAUSUniquePtrList@core@5@@Z 10005590 f i umodsys_lib_libui:umodsys.mod.ui.SDL_GL.obj
 0001:00004590       ?root_get_interface_types@RKeyboardController@SDL_GL@ui@modules@UModSys@@UBEIAAUSUniquePtrList@core@5@@Z 10005590 f i umodsys_lib_libui:umodsys.mod.ui.SDL_GL.obj
 0001:00004590       ?root_get_interface_types@VisualState@RGeneralObject_Camera@stdlib@lib3d@modules@UModSys@@UBEIAAUSUniquePtrList@core@6@@Z 10005590 f i umodsys_lib_lib3d:umodsys.mod.3d.stdlib.obj
 0001:00004590       ?root_get_interface_types@RGenerator@zlib@media@modules@UModSys@@UBEIAAUSUniquePtrList@core@5@@Z 10005590 f i umodsys_lib_libmedia:umodsys.mod.media.zlib.obj
 0001:00004590       ?root_get_interface_types@RGenerator@stdlib@lib3d@modules@UModSys@@UBEIAAUSUniquePtrList@core@5@@Z 10005590 f i umodsys_lib_lib3d:umodsys.mod.3d.stdlib.obj
 0001:00004590       ?root_get_interface_types@RFrame_Text@frames@ui@modules@UModSys@@UBEIAAUSUniquePtrList@core@5@@Z 10005590 f i umodsys_lib_libui:umodsys.mod.ui.frames.obj
 0001:00004590       ?root_get_interface_types@RGenerator@frames@ui@modules@UModSys@@UBEIAAUSUniquePtrList@core@5@@Z 10005590 f i umodsys_lib_libui:umodsys.mod.ui.frames.obj
 0001:00004590       ?root_get_interface_types@RMultiImage@stdlib@lib2d@modules@UModSys@@UBEIAAUSUniquePtrList@core@5@@Z 10005590 f i umodsys_lib_lib2d:umodsys.mod.2d.stdlib.obj
 0001:00004590       ?root_get_interface_types@RVisualSceneMapper_Direct@stdlib@lib3d@modules@UModSys@@UBEIAAUSUniquePtrList@core@5@@Z 10005590 f i umodsys_lib_lib3d:umodsys.mod.3d.stdlib.obj
 0001:00004590       ?root_get_interface_types@RRenderDriver3D@SDL_GL@ui@modules@UModSys@@UBEIAAUSUniquePtrList@core@5@@Z 10005590 f i umodsys_lib_libui:umodsys.mod.ui.SDL_GL.obj
 0001:00004590       ?root_get_interface_types@RImageFactory_Memory@stdlib@lib2d@modules@UModSys@@UBEIAAUSUniquePtrList@core@5@@Z 10005590 f i umodsys_lib_lib2d:umodsys.mod.2d.stdlib.obj
 0001:00004590       ?root_get_interface_types@RBinArchiveFrameClient_ZIP@zlib@media@modules@UModSys@@UBEIAAUSUniquePtrList@core@5@@Z 10005590 f i umodsys_lib_libmedia:umodsys.mod.media.zlib.obj
 0001:00004590       ?root_get_interface_types@RFrame_Image@frames@ui@modules@UModSys@@UBEIAAUSUniquePtrList@core@5@@Z 10005590 f i umodsys_lib_libui:umodsys.mod.ui.frames.obj
 0001:00004590       ?root_get_interface_types@RRenderer@stdlib@lib3d@modules@UModSys@@UBEIAAUSUniquePtrList@core@5@@Z 10005590 f i umodsys_lib_lib3d:umodsys.mod.3d.stdlib.obj
 0001:00004590       ?root_get_interface_types@RMouseController@SDL_core@ui@modules@UModSys@@UBEIAAUSUniquePtrList@core@5@@Z 10005590 f i umodsys_lib_libui:umodsys.mod.ui.SDL_core.obj
 0001:00004590       ?root_get_interface_types@RDialog@frames@ui@modules@UModSys@@UBEIAAUSUniquePtrList@core@5@@Z 10005590 f i umodsys_lib_libui:umodsys.mod.ui.frames.obj
 0001:00004590       ?root_get_interface_types@RFrame_Button@frames@ui@modules@UModSys@@UBEIAAUSUniquePtrList@core@5@@Z 10005590 f i umodsys_lib_libui:umodsys.mod.ui.frames.obj
 0001:00004590       ?root_get_interface_types@RGenerator@SDL_GL@ui@modules@UModSys@@UBEIAAUSUniquePtrList@core@5@@Z 10005590 f i umodsys_lib_libui:umodsys.mod.ui.SDL_GL.obj
 0001:00004590       ?root_get_interface_types@RGenerator@SDL_core@ui@modules@UModSys@@UBEIAAUSUniquePtrList@core@5@@Z 10005590 f i umodsys_lib_libui:umodsys.mod.ui.SDL_core.obj
 0001:00004590       ?root_get_interface_types@RFrame_List@frames@ui@modules@UModSys@@UBEIAAUSUniquePtrList@core@5@@Z 10005590 f i umodsys_lib_libui:umodsys.mod.ui.frames.obj
 0001:00004590       ?root_get_interface_types@RGeneralObject_Camera@stdlib@lib3d@modules@UModSys@@UBEIAAUSUniquePtrList@core@5@@Z 10005590 f i umodsys_lib_lib3d:umodsys.mod.3d.stdlib.obj
 0001:00004590       ?root_get_interface_types@RSerializeReader@serialize_json@media@modules@UModSys@@UBEIAAUSUniquePtrList@core@5@@Z 10005590 f i umodsys_lib_libmedia:umodsys.mod.media.serialize_json.obj
 0001:00004590       ?root_get_interface_types@RTest1_Shell@test1@test@modules@UModSys@@UBEIAAUSUniquePtrList@core@5@@Z 10005590 f i plugin_test1.obj
 0001:00004590       ?root_get_interface_types@RTerminalX@SDL_core@ui@modules@UModSys@@UBEIAAUSUniquePtrList@core@5@@Z 10005590 f i umodsys_lib_libui:umodsys.mod.ui.SDL_core.obj
 0001:00004590       ?root_get_interface_types@RGenerator@test1@test@modules@UModSys@@UBEIAAUSUniquePtrList@core@5@@Z 10005590 f i plugin_test1.obj
 0001:00004590       ?root_get_interface_types@RCollector@frames@ui@modules@UModSys@@UBEIAAUSUniquePtrList@core@5@@Z 10005590 f i umodsys_lib_libui:umodsys.mod.ui.frames.obj
 0001:00004590       ?root_get_interface_types@RKeyboardController@SDL_core@ui@modules@UModSys@@UBEIAAUSUniquePtrList@core@5@@Z 10005590 f i umodsys_lib_libui:umodsys.mod.ui.SDL_core.obj
 0001:00004590       ?root_get_interface_types@RTerminal@SDL_GL@ui@modules@UModSys@@UBEIAAUSUniquePtrList@core@5@@Z 10005590 f i umodsys_lib_libui:umodsys.mod.ui.SDL_GL.obj
 0001:000045a0       ?root_get_other_interface@RGenerator@SDL_GL@ui@modules@UModSys@@UBEPBUIRoot@core@5@PBUSUniquePointerInfo@75@@Z 100055a0 f i umodsys_lib_libui:umodsys.mod.ui.SDL_GL.obj
 0001:000045a0       ?root_get_other_interface@RGenerator@SDL_GL@ui@modules@UModSys@@UAEPAUIRoot@core@5@PBUSUniquePointerInfo@75@@Z 100055a0 f i umodsys_lib_libui:umodsys.mod.ui.SDL_GL.obj
 0001:000045e0       ?root_is_interface_supported@RGenerator@SDL_GL@ui@modules@UModSys@@UBE_NPBUSUniquePointerInfo@core@5@@Z 100055e0 f i umodsys_lib_libui:umodsys.mod.ui.SDL_GL.obj
 0001:00004620       ?get_uid@RGenerator@SDL_GL@ui@modules@UModSys@@UBEPBUSUniquePointerInfo@core@5@XZ 10005620 f i umodsys_lib_libui:umodsys.mod.ui.SDL_GL.obj
 0001:00004630       ??_GRKeyboardController@SDL_GL@ui@modules@UModSys@@UAEPAXI@Z 10005630 f i umodsys_lib_libui:umodsys.mod.ui.SDL_GL.obj
 0001:00004630       ??_ERKeyboardController@SDL_GL@ui@modules@UModSys@@UAEPAXI@Z 10005630 f i  CIL library: CIL module
 0001:00004650       ??_ERMouseController@SDL_GL@ui@modules@UModSys@@UAEPAXI@Z 10005650 f i  CIL library: CIL module
 0001:00004650       ??_GRMouseController@SDL_GL@ui@modules@UModSys@@UAEPAXI@Z 10005650 f i umodsys_lib_libui:umodsys.mod.ui.SDL_GL.obj
 0001:00004670       ??_ERTerminal@SDL_GL@ui@modules@UModSys@@UAEPAXI@Z 10005670 f i  CIL library: CIL module
 0001:00004670       ??_GRTerminal@SDL_GL@ui@modules@UModSys@@UAEPAXI@Z 10005670 f i umodsys_lib_libui:umodsys.mod.ui.SDL_GL.obj
 0001:00004690       ??_GRMultiImage2D_SDL_ttf@SDL_GL@ui@modules@UModSys@@UAEPAXI@Z 10005690 f i umodsys_lib_libui:umodsys.mod.ui.SDL_GL.obj
 0001:00004690       ??_ERMultiImage2D_SDL_ttf@SDL_GL@ui@modules@UModSys@@UAEPAXI@Z 10005690 f i  CIL library: CIL module
 0001:000046b0       ?set_flags@SGLFuncs@SDL_GL@ui@modules@UModSys@@QBEXPBUTextureInfo@12345@ABUSRenderMapFlags@lib3d@5@@Z 100056b0 f i umodsys_lib_libui:umodsys.mod.ui.SDL_GL.obj
 0001:00004710       ??_GRRenderDriver3D@SDL_GL@ui@modules@UModSys@@UAEPAXI@Z 10005710 f i umodsys_lib_libui:umodsys.mod.ui.SDL_GL.obj
 0001:00004710       ??_ERRenderDriver3D@SDL_GL@ui@modules@UModSys@@UAEPAXI@Z 10005710 f i  CIL library: CIL module
 0001:00004730       ??_ERVertexArray@SDL_GL@ui@modules@UModSys@@UAEPAXI@Z 10005730 f i  CIL library: CIL module
 0001:00004730       ??_GRVertexArray@SDL_GL@ui@modules@UModSys@@UAEPAXI@Z 10005730 f i umodsys_lib_libui:umodsys.mod.ui.SDL_GL.obj
 0001:00004750       ??_ERTerminalX@SDL_GL@ui@modules@UModSys@@UAEPAXI@Z 10005750 f i  CIL library: CIL module
 0001:00004750       ??_GRTerminalX@SDL_GL@ui@modules@UModSys@@UAEPAXI@Z 10005750 f i umodsys_lib_libui:umodsys.mod.ui.SDL_GL.obj
 0001:00004770       ?do_open@RModuleReg@SDL_GL@ui@modules@UModSys@@UAE_NXZ 10005770 f i umodsys_lib_libui:umodsys.mod.ui.SDL_GL.obj
 0001:00004780       ?do_close@RModuleReg@SDL_GL@ui@modules@UModSys@@UAE_NXZ 10005780 f i umodsys_lib_libui:umodsys.mod.ui.SDL_GL.obj
 0001:00004790       ??_GRModuleReg@SDL_GL@ui@modules@UModSys@@UAEPAXI@Z 10005790 f i umodsys_lib_libui:umodsys.mod.ui.SDL_GL.obj
 0001:00004790       ??_ERModuleReg@SDL_GL@ui@modules@UModSys@@UAEPAXI@Z 10005790 f i  CIL library: CIL module
 0001:000047c0       ??1?$TScatterArray@UGlyph@RMultiImage2D_SDL_ttf@SDL_GL@ui@modules@UModSys@@HU?$TScalarCompare@H@core@6@U?$TNodeDeleter0@U?$TScatterArrayNode@UGlyph@RMultiImage2D_SDL_ttf@SDL_GL@ui@modules@UModSys@@H@tl@UModSys@@@tl@6@@tl@UModSys@@QAE@XZ 100057c0 f i umodsys_lib_libui:umodsys.mod.ui.SDL_GL.obj
 0001:00004810       ??1?$TDynarrayDynamic@USLayInfo@RVertexArray@SDL_GL@ui@modules@UModSys@@U?$TAllocator@USIMemAlloc@core@UModSys@@USCountCalcExact@23@@tl@6@@tl@UModSys@@QAE@XZ 10005810 f i umodsys_lib_libui:umodsys.mod.ui.SDL_GL.obj
 0001:00004840       ?Resize@?$TDynarray@U?$TDynarrayHolderDynamic@USLayInfo@RVertexArray@SDL_GL@ui@modules@UModSys@@U?$TAllocator@USIMemAlloc@core@UModSys@@USCountCalcExact@23@@tl@6@@tl@UModSys@@@tl@UModSys@@QAE_NI@Z 10005840 f i umodsys_lib_libui:umodsys.mod.ui.SDL_GL.obj
 0001:00004890       ??_ERGenerator@SDL_GL@ui@modules@UModSys@@UAEPAXI@Z 10005890 f i  CIL library: CIL module
 0001:00004890       ??_ERGenerator@stdlib@lib3d@modules@UModSys@@UAEPAXI@Z 10005890 f i  CIL library: CIL module
 0001:00004890       ??_GRGenerator@SDL_core@ui@modules@UModSys@@UAEPAXI@Z 10005890 f i umodsys_lib_libui:umodsys.mod.ui.SDL_core.obj
 0001:00004890       ??_ERGenerator@images_std@media@modules@UModSys@@UAEPAXI@Z 10005890 f i  CIL library: CIL module
 0001:00004890       ??_ERGenerator@zlib@media@modules@UModSys@@UAEPAXI@Z 10005890 f i  CIL library: CIL module
 0001:00004890       ??_GRGenerator@images_std@media@modules@UModSys@@UAEPAXI@Z 10005890 f i umodsys_lib_libmedia:umodsys.mod.media.images_std.obj
 0001:00004890       ??_GRGenerator@stdlib@lib2d@modules@UModSys@@UAEPAXI@Z 10005890 f i umodsys_lib_lib2d:umodsys.mod.2d.stdlib.obj
 0001:00004890       ??_GRGenerator@frames@ui@modules@UModSys@@UAEPAXI@Z 10005890 f i umodsys_lib_libui:umodsys.mod.ui.frames.obj
 0001:00004890       ??_GRGenerator@test1@test@modules@UModSys@@UAEPAXI@Z 10005890 f i plugin_test1.obj
 0001:00004890       ??_ERGenerator@SDL_core@ui@modules@UModSys@@UAEPAXI@Z 10005890 f i  CIL library: CIL module
 0001:00004890       ??_GRGenerator@serialize_json@media@modules@UModSys@@UAEPAXI@Z 10005890 f i umodsys_lib_libmedia:umodsys.mod.media.serialize_json.obj
 0001:00004890       ??_GRGenerator@stdlib@lib3d@modules@UModSys@@UAEPAXI@Z 10005890 f i umodsys_lib_lib3d:umodsys.mod.3d.stdlib.obj
 0001:00004890       ??_ERGenerator@stdlib@lib2d@modules@UModSys@@UAEPAXI@Z 10005890 f i  CIL library: CIL module
 0001:00004890       ??_GIRefObject@core@UModSys@@UAEPAXI@Z 10005890 f i plugin_test1.obj
 0001:00004890       ??_ERGenerator@frames@ui@modules@UModSys@@UAEPAXI@Z 10005890 f i  CIL library: CIL module
 0001:00004890       ??_GRGenerator@zlib@media@modules@UModSys@@UAEPAXI@Z 10005890 f i umodsys_lib_libmedia:umodsys.mod.media.zlib.obj
 0001:00004890       ??_ERGenerator@test1@test@modules@UModSys@@UAEPAXI@Z 10005890 f i  CIL library: CIL module
 0001:00004890       ??_GRGenerator@SDL_GL@ui@modules@UModSys@@UAEPAXI@Z 10005890 f i umodsys_lib_libui:umodsys.mod.ui.SDL_GL.obj
 0001:00004890       ??_EIRefObject@core@UModSys@@UAEPAXI@Z 10005890 f i  CIL library: CIL module
 0001:00004890       ??_ERGenerator@serialize_json@media@modules@UModSys@@UAEPAXI@Z 10005890 f i  CIL library: CIL module
 0001:000048b0       ?remove_node@?$TTreeHoldRB@U?$TScatterArrayNode@U?$TRefObjectCompositeExtra@UIMouseClient@libui@UModSys@@HUIRefObject@core@3@U?$TRefObjectFunc@UIRefObject@core@UModSys@@@tl@3@@tl@UModSys@@H@tl@UModSys@@@tl@UModSys@@QAEXPAU?$TScatterArrayNode@U?$TRefObjectCompositeExtra@UIMouseClient@libui@UModSys@@HUIRefObject@core@3@U?$TRefObjectFunc@UIRefObject@core@UModSys@@@tl@3@@tl@UModSys@@H@23@@Z 100058b0 f i umodsys_lib_libui:umodsys.mod.ui.SDL_GL.obj
 0001:000048b0       ?remove_node@?$TTreeHoldRB@U?$TScatterArrayNode@U?$TRefObjectComposite@UIKeyboardClient@libui@UModSys@@UIRefObject@core@3@U?$TRefObjectFunc@UIRefObject@core@UModSys@@@tl@3@@tl@UModSys@@H@tl@UModSys@@@tl@UModSys@@QAEXPAU?$TScatterArrayNode@U?$TRefObjectComposite@UIKeyboardClient@libui@UModSys@@UIRefObject@core@3@U?$TRefObjectFunc@UIRefObject@core@UModSys@@@tl@3@@tl@UModSys@@H@23@@Z 100058b0 f i umodsys_lib_libui:umodsys.mod.ui.SDL_GL.obj
[...]
 0001:0003b070       ??__F?s_id@?$TObjectUniqueID@UIConsoleHelperOutput@base@UModSys@@@tl@UModSys@@2USUniquePointer@core@3@A@@YAXXZ 1003c070 f    CIL library: CIL module
 0001:0003b080       ??__F?s_id@?$TObjectUniqueID@UIConsoleHelperInput@base@UModSys@@@tl@UModSys@@2USUniquePointer@core@3@A@@YAXXZ 1003c080 f    CIL library: CIL module
 0001:0003b090       ??__F?s_id@?$TObjectUniqueID@UIConsoleHelperHistory@base@UModSys@@@tl@UModSys@@2USUniquePointer@core@3@A@@YAXXZ 1003c090 f    CIL library: CIL module
 0001:0003b0a0       ??__F?s_id@?$TObjectUniqueID@UIConsoleHelper@base@UModSys@@@tl@UModSys@@2USUniquePointer@core@3@A@@YAXXZ 1003c0a0 f    CIL library: CIL module
 0001:0003b0b0       ??__F?s_id@?$TObjectUniqueID@UIConsoleExt@base@UModSys@@@tl@UModSys@@2USUniquePointer@core@3@A@@YAXXZ 1003c0b0 f    CIL library: CIL module
 0001:0003b0c0       ??__F?s_id@?$TObjectUniqueID@UISerializeWriter@libmedia@UModSys@@@tl@UModSys@@2USUniquePointer@core@3@A@@YAXXZ 1003c0c0 f    CIL library: CIL module
 0001:0003b0d0       ??__F?s_id@?$TObjectUniqueID@UISerializeReader@libmedia@UModSys@@@tl@UModSys@@2USUniquePointer@core@3@A@@YAXXZ 1003c0d0 f    CIL library: CIL module
 0001:0003b0e0       ??__F?s_id@?$TObjectUniqueID@UIClient@IBinArchiveFrame@libmedia@UModSys@@@tl@UModSys@@2USUniquePointer@core@3@A@@YAXXZ 1003c0e0 f    CIL library: CIL module
 0001:0003b0f0       ??__F?s_id@?$TObjectUniqueID@UIBinArchiveFrame@libmedia@UModSys@@@tl@UModSys@@2USUniquePointer@core@3@A@@YAXXZ 1003c0f0 f    CIL library: CIL module
 0001:0003b100       ??__F?s_id@?$TObjectUniqueID@UILibraryLayered@libmedia@UModSys@@@tl@UModSys@@2USUniquePointer@core@3@A@@YAXXZ 1003c100 f    CIL library: CIL module
 0001:0003b110       ??__F?s_id@?$TObjectUniqueID@UILibraryObjCache@libmedia@UModSys@@@tl@UModSys@@2USUniquePointer@core@3@A@@YAXXZ 1003c110 f    CIL library: CIL module
 0001:0003b120       ??__F?s_id@?$TObjectUniqueID@UILibraryObjFilter@libmedia@UModSys@@@tl@UModSys@@2USUniquePointer@core@3@A@@YAXXZ 1003c120 f    CIL library: CIL module
 0001:0003b130       ??__F?s_id@?$TObjectUniqueID@UILibraryBinCache@libmedia@UModSys@@@tl@UModSys@@2USUniquePointer@core@3@A@@YAXXZ 1003c130 f    CIL library: CIL module
 0001:0003b140       ??__F?s_id@?$TObjectUniqueID@UILibraryBinTree@libmedia@UModSys@@@tl@UModSys@@2USUniquePointer@core@3@A@@YAXXZ 1003c140 f    CIL library: CIL module
 0001:0003b150       ??__F?s_id@?$TObjectUniqueID@UILibrary@libmedia@UModSys@@@tl@UModSys@@2USUniquePointer@core@3@A@@YAXXZ 1003c150 f    CIL library: CIL module
 0001:0003b160       ??__F?s_id@?$TObjectUniqueID@UIBinObjFilter@libmedia@UModSys@@@tl@UModSys@@2USUniquePointer@core@3@A@@YAXXZ 1003c160 f    CIL library: CIL module
 0001:0003b170       ??__F?s_id@?$TObjectUniqueID@UIBinArchive@libmedia@UModSys@@@tl@UModSys@@2USUniquePointer@core@3@A@@YAXXZ 1003c170 f    CIL library: CIL module
 0001:0003b180       ??__F?s_id@?$TObjectUniqueID@UILibObject@libmedia@UModSys@@@tl@UModSys@@2USUniquePointer@core@3@A@@YAXXZ 1003c180 f    CIL library: CIL module
 0001:0003b190       ??__F?s_id@?$TObjectUniqueID@UIUtilities@libmedia@UModSys@@@tl@UModSys@@2USUniquePointer@core@3@A@@YAXXZ 1003c190 f    CIL library: CIL module
 0001:0003b1a0       ??__F?s_id@?$TObjectUniqueID@UIStreamWriter@libmedia@UModSys@@@tl@UModSys@@2USUniquePointer@core@3@A@@YAXXZ 1003c1a0 f    CIL library: CIL module
 0001:0003b1b0       ??__F?s_id@?$TObjectUniqueID@UIStreamReader@libmedia@UModSys@@@tl@UModSys@@2USUniquePointer@core@3@A@@YAXXZ 1003c1b0 f    CIL library: CIL module
 0001:0003b1c0       ??__F?s_id@?$TObjectUniqueID@UISystem@base@UModSys@@@tl@UModSys@@2USUniquePointer@core@3@A@@YAXXZ 1003c1c0 f    CIL library: CIL module
 0001:0003b1d0       ??__F?s_id@?$TObjectUniqueID@UIShell@base@UModSys@@@tl@UModSys@@2USUniquePointer@core@3@A@@YAXXZ 1003c1d0 f    CIL library: CIL module
 0001:0003b1e0       ??__F?s_id@?$TObjectUniqueID@UIGenerator@base@UModSys@@@tl@UModSys@@2USUniquePointer@core@3@A@@YAXXZ 1003c1e0 f    CIL library: CIL module
 0001:0003b1f0       ??__F?s_id@?$TObjectUniqueID@UIModObject@base@UModSys@@@tl@UModSys@@2USUniquePointer@core@3@A@@YAXXZ 1003c1f0 f    CIL library: CIL module
 0001:0003b200       ??__F?s_id@?$TObjectUniqueID@UIModuleLibrary@base@UModSys@@@tl@UModSys@@2USUniquePointer@core@3@A@@YAXXZ 1003c200 f    CIL library: CIL module
 0001:0003b210       ??__F?s_id@?$TObjectUniqueID@UIModule@base@UModSys@@@tl@UModSys@@2USUniquePointer@core@3@A@@YAXXZ 1003c210 f    CIL library: CIL module
 0001:0003b220       ??__F?s_id@?$TObjectUniqueID@UIConsole@base@UModSys@@@tl@UModSys@@2USUniquePointer@core@3@A@@YAXXZ 1003c220 f    CIL library: CIL module
 0001:0003b230       ??__F?s_id@?$TObjectUniqueID@UIParameters@core@UModSys@@@tl@UModSys@@2USUniquePointer@core@3@A@@YAXXZ 1003c230 f    CIL library: CIL module
 0001:0003b240       ??__F?s_id@?$TObjectUniqueID@UIRefObject@core@UModSys@@@tl@UModSys@@2USUniquePointer@core@3@A@@YAXXZ 1003c240 f    CIL library: CIL module
 0001:0003b250       ??__F?s_id@?$TObjectUniqueID@UIRoot@core@UModSys@@@tl@UModSys@@2USUniquePointer@core@3@A@@YAXXZ 1003c250 f    CIL library: CIL module
 0001:0003b260       ??__F?s_id@?$TDataUniqueID@F@tl@UModSys@@2USUniquePointer@core@3@A@@YAXXZ 1003c260 f    CIL library: CIL module
 0001:0003b270       ??__F?s_id@?$TDataUniqueID@M@tl@UModSys@@2USUniquePointer@core@3@A@@YAXXZ 1003c270 f    CIL library: CIL module
 0001:0003b280       ??__F?s_id@?$TDataUniqueID@H@tl@UModSys@@2USUniquePointer@core@3@A@@YAXXZ 1003c280 f    CIL library: CIL module
 0001:0003b290       ??__F?s_id@?$TConstUniqueID@W4eConsoleLevels@base@UModSys@@$00@tl@UModSys@@2USUniquePointer@core@3@A@@YAXXZ 1003c290 f    CIL library: CIL module
 0001:0003b2a0       ??__Fs_dbg@stdlib@lib3d@modules@UModSys@@YAXXZ 1003c2a0 f    CIL library: CIL module
 0001:0003b2b0       ??__F?s_modreg@RModuleReg@stdlib@lib3d@modules@UModSys@@2U12345@A@@YAXXZ 1003c2b0 f    CIL library: CIL module
 0001:0003b2d0       ??__F?s_modreg_chain@RModuleReg@stdlib@lib3d@modules@UModSys@@2USModuleRegChain@base@5@A@@YAXXZ 1003c2d0 f    CIL library: CIL module
 0001:0003b2e0       ??__F?s_uid@RGenerator@stdlib@lib3d@modules@UModSys@@2USUniquePointer@core@5@A@@YAXXZ 1003c2e0 f    CIL library: CIL module
 0001:0003b2f0       ??__Fh@?1??s_holder@RGenerator@stdlib@lib3d@modules@UModSys@@SAAAU?$TTypeStaticHolder@URGenerator@stdlib@lib3d@modules@UModSys@@@tl@5@XZ@YAXXZ 1003c2f0 f    CIL library: CIL module
 0001:0003b310       ??__F?s_id@?$TObjectUniqueID@URGenerator@stdlib@lib3d@modules@UModSys@@@tl@UModSys@@2USUniquePointer@core@3@A@@YAXXZ 1003c310 f    CIL library: CIL module
 0001:0003b320       ??__F?s_id@?$TObjectUniqueID@UVisualState@RGeneralObject_Camera@stdlib@lib3d@modules@UModSys@@@tl@UModSys@@2USUniquePointer@core@3@A@@YAXXZ 1003c320 f    CIL library: CIL module
 0001:0003b330       ??__F?s_id@?$TObjectUniqueID@URGeneralObject_Camera@stdlib@lib3d@modules@UModSys@@@tl@UModSys@@2USUniquePointer@core@3@A@@YAXXZ 1003c330 f    CIL library: CIL module
 0001:0003b340       ??__F?s_id@?$TObjectUniqueID@URGeneralObject_Primitive@stdlib@lib3d@modules@UModSys@@@tl@UModSys@@2USUniquePointer@core@3@A@@YAXXZ 1003c340 f    CIL library: CIL module
 0001:0003b350       ??__F?s_id@?$TObjectUniqueID@URVisualSceneMapper_Direct@stdlib@lib3d@modules@UModSys@@@tl@UModSys@@2USUniquePointer@core@3@A@@YAXXZ 1003c350 f    CIL library: CIL module
 0001:0003b360       ??__F?s_id@?$TObjectUniqueID@URVisualizerScene@stdlib@lib3d@modules@UModSys@@@tl@UModSys@@2USUniquePointer@core@3@A@@YAXXZ 1003c360 f    CIL library: CIL module
 0001:0003b370       ??__F?s_id@?$TObjectUniqueID@URRenderer@stdlib@lib3d@modules@UModSys@@@tl@UModSys@@2USUniquePointer@core@3@A@@YAXXZ 1003c370 f    CIL library: CIL module
 0001:0003b380       ??__Fs_dbg@stdlib@lib2d@modules@UModSys@@YAXXZ 1003c380 f    CIL library: CIL module
 0001:0003b390       ??__F?s_modreg@RModuleReg@stdlib@lib2d@modules@UModSys@@2U12345@A@@YAXXZ 1003c390 f    CIL library: CIL module
 0001:0003b3b0       ??__F?s_modreg_chain@RModuleReg@stdlib@lib2d@modules@UModSys@@2USModuleRegChain@base@5@A@@YAXXZ 1003c3b0 f    CIL library: CIL module
 0001:0003b3c0       ??__F?s_uid@RGenerator@stdlib@lib2d@modules@UModSys@@2USUniquePointer@core@5@A@@YAXXZ 1003c3c0 f    CIL library: CIL module
 0001:0003b3d0       ??__Fh@?1??s_holder@RGenerator@stdlib@lib2d@modules@UModSys@@SAAAU?$TTypeStaticHolder@URGenerator@stdlib@lib2d@modules@UModSys@@@tl@5@XZ@YAXXZ 1003c3d0 f    CIL library: CIL module
 0001:0003b3f0       ??__F?s_id@?$TObjectUniqueID@URGenerator@stdlib@lib2d@modules@UModSys@@@tl@UModSys@@2USUniquePointer@core@3@A@@YAXXZ 1003c3f0 f    CIL library: CIL module
 0001:0003b400       ??__F?s_id@?$TObjectUniqueID@URMultiImage@stdlib@lib2d@modules@UModSys@@@tl@UModSys@@2USUniquePointer@core@3@A@@YAXXZ 1003c400 f    CIL library: CIL module
 0001:0003b410       ??__F?s_id@?$TObjectUniqueID@URImageFactory_Memory@stdlib@lib2d@modules@UModSys@@@tl@UModSys@@2USUniquePointer@core@3@A@@YAXXZ 1003c410 f    CIL library: CIL module
 0001:0003b420       ??__F?s_id@?$TObjectUniqueID@URImage_Memory@stdlib@lib2d@modules@UModSys@@@tl@UModSys@@2USUniquePointer@core@3@A@@YAXXZ 1003c420 f    CIL library: CIL module
 0001:0003b430       ??__Fs_dbg@SDL_GL@ui@modules@UModSys@@YAXXZ 1003c430 f    CIL library: CIL module
 0001:0003b440       ??__F?s_modreg@RModuleReg@SDL_GL@ui@modules@UModSys@@2U12345@A@@YAXXZ 1003c440 f    CIL library: CIL module
 0001:0003b460       ??__F?s_modreg_chain@RModuleReg@SDL_GL@ui@modules@UModSys@@2USModuleRegChain@base@5@A@@YAXXZ 1003c460 f    CIL library: CIL module
 0001:0003b470       ??__F?s_uid@RGenerator@SDL_GL@ui@modules@UModSys@@2USUniquePointer@core@5@A@@YAXXZ 1003c470 f    CIL library: CIL module
 0001:0003b480       ??__Fh@?1??s_holder@RGenerator@SDL_GL@ui@modules@UModSys@@SAAAU?$TTypeStaticHolder@URGenerator@SDL_GL@ui@modules@UModSys@@@tl@5@XZ@YAXXZ 1003c480 f    CIL library: CIL module
 0001:0003b4a0       ??__F?s_id@?$TObjectUniqueID@URGenerator@SDL_GL@ui@modules@UModSys@@@tl@UModSys@@2USUniquePointer@core@3@A@@YAXXZ 1003c4a0 f    CIL library: CIL module
 0001:0003b4b0       ??__F?s_id@?$TObjectUniqueID@URVertexArray@SDL_GL@ui@modules@UModSys@@@tl@UModSys@@2USUniquePointer@core@3@A@@YAXXZ 1003c4b0 f    CIL library: CIL module
 0001:0003b4c0       ??__F?s_id@?$TObjectUniqueID@URTerminalX@SDL_GL@ui@modules@UModSys@@@tl@UModSys@@2USUniquePointer@core@3@A@@YAXXZ 1003c4c0 f    CIL library: CIL module
 0001:0003b4d0       ??__F?s_id@?$TObjectUniqueID@URRenderDriver3D@SDL_GL@ui@modules@UModSys@@@tl@UModSys@@2USUniquePointer@core@3@A@@YAXXZ 1003c4d0 f    CIL library: CIL module
 0001:0003b4e0       ??__F?s_id@?$TObjectUniqueID@URMultiImage2D_SDL_ttf@SDL_GL@ui@modules@UModSys@@@tl@UModSys@@2USUniquePointer@core@3@A@@YAXXZ 1003c4e0 f    CIL library: CIL module
 0001:0003b4f0       ??__F?s_id@?$TObjectUniqueID@URTerminal@SDL_GL@ui@modules@UModSys@@@tl@UModSys@@2USUniquePointer@core@3@A@@YAXXZ 1003c4f0 f    CIL library: CIL module
 0001:0003b500       ??__F?s_id@?$TObjectUniqueID@URMouseController@SDL_GL@ui@modules@UModSys@@@tl@UModSys@@2USUniquePointer@core@3@A@@YAXXZ 1003c500 f    CIL library: CIL module
 0001:0003b510       ??__F?s_id@?$TObjectUniqueID@URKeyboardController@SDL_GL@ui@modules@UModSys@@@tl@UModSys@@2USUniquePointer@core@3@A@@YAXXZ 1003c510 f    CIL library: CIL module
 0001:0003b520       ??__Fs_dbg@SDL_core@ui@modules@UModSys@@YAXXZ 1003c520 f    CIL library: CIL module
 0001:0003b530       ??__F?s_modreg@RModuleReg@SDL_core@ui@modules@UModSys@@2U12345@A@@YAXXZ 1003c530 f    CIL library: CIL module
 0001:0003b550       ??__F?s_modreg_chain@RModuleReg@SDL_core@ui@modules@UModSys@@2USModuleRegChain@base@5@A@@YAXXZ 1003c550 f    CIL library: CIL module
 0001:0003b560       ??__F?s_uid@RGenerator@SDL_core@ui@modules@UModSys@@2USUniquePointer@core@5@A@@YAXXZ 1003c560 f    CIL library: CIL module
 0001:0003b570       ??__Fh@?1??s_holder@RGenerator@SDL_core@ui@modules@UModSys@@SAAAU?$TTypeStaticHolder@URGenerator@SDL_core@ui@modules@UModSys@@@tl@5@XZ@YAXXZ 1003c570 f    CIL library: CIL module
 0001:0003b590       ??__F?s_id@?$TObjectUniqueID@URGenerator@SDL_core@ui@modules@UModSys@@@tl@UModSys@@2USUniquePointer@core@3@A@@YAXXZ 1003c590 f    CIL library: CIL module
 0001:0003b5a0       ??__F?s_id@?$TObjectUniqueID@URTerminalX@SDL_core@ui@modules@UModSys@@@tl@UModSys@@2USUniquePointer@core@3@A@@YAXXZ 1003c5a0 f    CIL library: CIL module
 0001:0003b5b0       ??__F?s_id@?$TObjectUniqueID@URRenderDriver2D@SDL_core@ui@modules@UModSys@@@tl@UModSys@@2USUniquePointer@core@3@A@@YAXXZ 1003c5b0 f    CIL library: CIL module
 0001:0003b5c0       ??__F?s_id@?$TObjectUniqueID@URMultiImage2D_SDL_ttf@SDL_core@ui@modules@UModSys@@@tl@UModSys@@2USUniquePointer@core@3@A@@YAXXZ 1003c5c0 f    CIL library: CIL module
 0001:0003b5d0       ??__F?s_id@?$TObjectUniqueID@URTerminal@SDL_core@ui@modules@UModSys@@@tl@UModSys@@2USUniquePointer@core@3@A@@YAXXZ 1003c5d0 f    CIL library: CIL module
 0001:0003b5e0       ??__F?s_id@?$TObjectUniqueID@URMouseController@SDL_core@ui@modules@UModSys@@@tl@UModSys@@2USUniquePointer@core@3@A@@YAXXZ 1003c5e0 f    CIL library: CIL module
 0001:0003b5f0       ??__F?s_id@?$TObjectUniqueID@URKeyboardController@SDL_core@ui@modules@UModSys@@@tl@UModSys@@2USUniquePointer@core@3@A@@YAXXZ 1003c5f0 f    CIL library: CIL module
 0001:0003b600       ??__Fs_dbg@frames@ui@modules@UModSys@@YAXXZ 1003c600 f    CIL library: CIL module
 0001:0003b610       ??__F?s_modreg@RModuleReg@frames@ui@modules@UModSys@@2U12345@A@@YAXXZ 1003c610 f    CIL library: CIL module
 0001:0003b630       ??__F?s_modreg_chain@RModuleReg@frames@ui@modules@UModSys@@2USModuleRegChain@base@5@A@@YAXXZ 1003c630 f    CIL library: CIL module
 0001:0003b640       ??__F?s_uid@RGenerator@frames@ui@modules@UModSys@@2USUniquePointer@core@5@A@@YAXXZ 1003c640 f    CIL library: CIL module
 0001:0003b650       ??__Fh@?1??s_holder@RGenerator@frames@ui@modules@UModSys@@SAAAU?$TTypeStaticHolder@URGenerator@frames@ui@modules@UModSys@@@tl@5@XZ@YAXXZ 1003c650 f    CIL library: CIL module
 0001:0003b670       ??__F?s_id@?$TObjectUniqueID@URGenerator@frames@ui@modules@UModSys@@@tl@UModSys@@2USUniquePointer@core@3@A@@YAXXZ 1003c670 f    CIL library: CIL module
 0001:0003b680       ??__F?s_id@?$TObjectUniqueID@URCollector@frames@ui@modules@UModSys@@@tl@UModSys@@2USUniquePointer@core@3@A@@YAXXZ 1003c680 f    CIL library: CIL module
 0001:0003b690       ??__F?s_id@?$TObjectUniqueID@URFrame_List@frames@ui@modules@UModSys@@@tl@UModSys@@2USUniquePointer@core@3@A@@YAXXZ 1003c690 f    CIL library: CIL module
 0001:0003b6a0       ??__F?s_id@?$TObjectUniqueID@URFrame_Edit@frames@ui@modules@UModSys@@@tl@UModSys@@2USUniquePointer@core@3@A@@YAXXZ 1003c6a0 f    CIL library: CIL module
 0001:0003b6b0       ??__F?s_id@?$TObjectUniqueID@URFrame_Button@frames@ui@modules@UModSys@@@tl@UModSys@@2USUniquePointer@core@3@A@@YAXXZ 1003c6b0 f    CIL library: CIL module
 0001:0003b6c0       ??__F?s_id@?$TObjectUniqueID@URFrame_Text@frames@ui@modules@UModSys@@@tl@UModSys@@2USUniquePointer@core@3@A@@YAXXZ 1003c6c0 f    CIL library: CIL module
 0001:0003b6d0       ??__F?s_id@?$TObjectUniqueID@URFrame_Image@frames@ui@modules@UModSys@@@tl@UModSys@@2USUniquePointer@core@3@A@@YAXXZ 1003c6d0 f    CIL library: CIL module
 0001:0003b6e0       ??__F?s_id@?$TObjectUniqueID@URFrame_Frame@frames@ui@modules@UModSys@@@tl@UModSys@@2USUniquePointer@core@3@A@@YAXXZ 1003c6e0 f    CIL library: CIL module
 0001:0003b6f0       ??__F?s_id@?$TObjectUniqueID@URDialog@frames@ui@modules@UModSys@@@tl@UModSys@@2USUniquePointer@core@3@A@@YAXXZ 1003c6f0 f    CIL library: CIL module
 0001:0003b700       ??__F?s_id@?$TObjectUniqueID@URFrame_Common@frames@ui@modules@UModSys@@@tl@UModSys@@2USUniquePointer@core@3@A@@YAXXZ 1003c700 f    CIL library: CIL module
 0001:0003b710       ??__Fs_dbg@images_std@media@modules@UModSys@@YAXXZ 1003c710 f    CIL library: CIL module
 0001:0003b720       ??__F?s_modreg@RModuleReg@images_std@media@modules@UModSys@@2U12345@A@@YAXXZ 1003c720 f    CIL library: CIL module
 0001:0003b740       ??__F?s_modreg_chain@RModuleReg@images_std@media@modules@UModSys@@2USModuleRegChain@base@5@A@@YAXXZ 1003c740 f    CIL library: CIL module
 0001:0003b750       ??__F?s_uid@RGenerator@images_std@media@modules@UModSys@@2USUniquePointer@core@5@A@@YAXXZ 1003c750 f    CIL library: CIL module
 0001:0003b760       ??__Fh@?1??s_holder@RGenerator@images_std@media@modules@UModSys@@SAAAU?$TTypeStaticHolder@URGenerator@images_std@media@modules@UModSys@@@tl@5@XZ@YAXXZ 1003c760 f    CIL library: CIL module
 0001:0003b780       ??__F?s_id@?$TObjectUniqueID@URGenerator@images_std@media@modules@UModSys@@@tl@UModSys@@2USUniquePointer@core@3@A@@YAXXZ 1003c780 f    CIL library: CIL module
 0001:0003b790       ??__F?s_id@?$TObjectUniqueID@URMediaFilter@images_std@media@modules@UModSys@@@tl@UModSys@@2USUniquePointer@core@3@A@@YAXXZ 1003c790 f    CIL library: CIL module
 0001:0003b7a0       ??__Fs_dbg@serialize_json@media@modules@UModSys@@YAXXZ 1003c7a0 f    CIL library: CIL module
 0001:0003b7b0       ??__F?s_modreg@RModuleReg@serialize_json@media@modules@UModSys@@2U12345@A@@YAXXZ 1003c7b0 f    CIL library: CIL module
 0001:0003b7d0       ??__F?s_modreg_chain@RModuleReg@serialize_json@media@modules@UModSys@@2USModuleRegChain@base@5@A@@YAXXZ 1003c7d0 f    CIL library: CIL module
 0001:0003b7e0       ??__F?s_uid@RGenerator@serialize_json@media@modules@UModSys@@2USUniquePointer@core@5@A@@YAXXZ 1003c7e0 f    CIL library: CIL module
 0001:0003b7f0       ??__Fh@?1??s_holder@RGenerator@serialize_json@media@modules@UModSys@@SAAAU?$TTypeStaticHolder@URGenerator@serialize_json@media@modules@UModSys@@@tl@5@XZ@YAXXZ 1003c7f0 f    CIL library: CIL module
 0001:0003b810       ??__F?s_id@?$TObjectUniqueID@URGenerator@serialize_json@media@modules@UModSys@@@tl@UModSys@@2USUniquePointer@core@3@A@@YAXXZ 1003c810 f    CIL library: CIL module
 0001:0003b820       ??__F?s_id@?$TObjectUniqueID@URSerializeWriter@serialize_json@media@modules@UModSys@@@tl@UModSys@@2USUniquePointer@core@3@A@@YAXXZ 1003c820 f    CIL library: CIL module
 0001:0003b830       ??__F?s_id@?$TObjectUniqueID@URSerializeReader@serialize_json@media@modules@UModSys@@@tl@UModSys@@2USUniquePointer@core@3@A@@YAXXZ 1003c830 f    CIL library: CIL module
 0001:0003b840       ??__Fs_dbg@zlib@media@modules@UModSys@@YAXXZ 1003c840 f    CIL library: CIL module
 0001:0003b850       ??__F?s_modreg@RModuleReg@zlib@media@modules@UModSys@@2U12345@A@@YAXXZ 1003c850 f    CIL library: CIL module
 0001:0003b870       ??__F?s_modreg_chain@RModuleReg@zlib@media@modules@UModSys@@2USModuleRegChain@base@5@A@@YAXXZ 1003c870 f    CIL library: CIL module
 0001:0003b880       ??__F?s_uid@RGenerator@zlib@media@modules@UModSys@@2USUniquePointer@core@5@A@@YAXXZ 1003c880 f    CIL library: CIL module
 0001:0003b890       ??__Fh@?1??s_holder@RGenerator@zlib@media@modules@UModSys@@SAAAU?$TTypeStaticHolder@URGenerator@zlib@media@modules@UModSys@@@tl@5@XZ@YAXXZ 1003c890 f    CIL library: CIL module
 0001:0003b8b0       ??__F?s_id@?$TObjectUniqueID@URGenerator@zlib@media@modules@UModSys@@@tl@UModSys@@2USUniquePointer@core@3@A@@YAXXZ 1003c8b0 f    CIL library: CIL module
 0001:0003b8c0       ??__F?s_id@?$TObjectUniqueID@URBinArchiveFrameClient_ZIP@zlib@media@modules@UModSys@@@tl@UModSys@@2USUniquePointer@core@3@A@@YAXXZ 1003c8c0 f    CIL library: CIL module
 0001:0003b8d0       ??__FM@UModSys@@YAXXZ      1003c8d0 f    CIL library: CIL module
 0001:0003b8e0       ??__F?root@SModuleRegChain@base@UModSys@@2U123@A@@YAXXZ 1003c8e0 f    CIL library: CIL module
 0001:0003b8f0       ??__F?s_library@RModuleLibraryReg_Chain@base@UModSys@@2U123@A@@YAXXZ 1003c8f0 f    CIL library: CIL module
 0001:0003b900       ??__F?root@SUniquePointer@core@UModSys@@2U123@A@@YAXXZ 1003c900 f    CIL library: CIL module

 Exports

  ordinal    name

        1    _UModSys_Plugin_Entry2@0
