 plugin_test1

 Timestamp is 53481e61 (Fri Apr 11 19:54:57 2014)

 Preferred load address is 10000000

 Start         Length     Name                   Class
 0001:00000000 0003c881H .text                   CODE
 0001:0003c890 00001328H .text$x                 CODE
 0001:0003dbc0 00001f31H .text$yc                CODE
 0001:0003fb00 00000c0aH .text$yd                CODE
 0002:00000000 0000022cH .idata$5                DATA
 0002:0000022c 00000004H .CRT$XCA                DATA
 0002:00000230 000015e4H .CRT$XCU                DATA
 0002:00001814 00000004H .CRT$XCZ                DATA
 0002:00001818 00000004H .CRT$XIA                DATA
 0002:0000181c 00000004H .CRT$XIAA               DATA
 0002:00001820 00000004H .CRT$XIC                DATA
 0002:00001824 00000004H .CRT$XIZ                DATA
 0002:00001828 0000d908H .rdata                  DATA
 0002:0000f130 000026bcH .rdata$r                DATA
 0002:000117f0 0000021cH .rdata$sxdata           DATA
 0002:00011a0c 00000004H .rtc$IAA                DATA
 0002:00011a10 00000004H .rtc$IZZ                DATA
 0002:00011a14 00000004H .rtc$TAA                DATA
 0002:00011a18 00000004H .rtc$TZZ                DATA
 0002:00011a20 00001d0cH .xdata$x                DATA
 0002:0001372c 00000078H .idata$2                DATA
 0002:000137a4 00000014H .idata$3                DATA
 0002:000137b8 0000022cH .idata$4                DATA
 0002:000139e4 000009f4H .idata$6                DATA
 0002:000143e0 0000005cH .edata                  DATA
 0003:00000000 00001c70H .data                   DATA
 0003:00001c70 00001ca0H .bss                    DATA

  Address         Publics by Value              Rva+Base       Lib:Object

 0000:00000000       __except_list              00000000     <absolute>
 0000:00000087       ___safe_se_handler_count   00000087     <absolute>
 0000:00009876       __ldused                   00009876     <absolute>
 0000:00009876       __fltused                  00009876     <absolute>
 0000:00000000       ___ImageBase               10000000     <linker-defined>
 0001:00000000       ??4SCMemShared@core@UModSys@@QAEABU012@ABUSMemShared@12@@Z 10001000 f i plugin_test1.obj
 0001:00000030       ??3IRoot@core@UModSys@@SAXPAXABUSIMemAlloc@12@@Z 10001030 f i plugin_test1.obj
 0001:00000040       ??$seq@D@su@tl@UModSys@@YA_NPBD0@Z 10001040 f i plugin_test1.obj
 0001:00000080       ?add@SParameters@core@UModSys@@QAE_NPBD0@Z 10001080 f i plugin_test1.obj
 0001:000000b0       ?add@SParameters@core@UModSys@@QAE_NPBDABN@Z 100010b0 f i plugin_test1.obj
 0001:000000e0       ?obj_load@ILibrary@libmedia@UModSys@@QAE_NABU?$TString@U?$TSCoreConst@D@su@tl@UModSys@@U?$TComparerBinaryHash@D@234@@tl@3@PAUIRefObject@core@3@0PBUSParameters@73@ABU?$TFlags4State@USMediaFlagUid@libmedia@UModSys@@I@53@@Z 100010e0 f i plugin_test1.obj
 0001:00000140       ?mount_add@ILibraryBinTree@libmedia@UModSys@@QAE_NABU?$TString@U?$TSCoreConst@D@su@tl@UModSys@@U?$TComparerBinaryHash@D@234@@tl@3@PAUIBinArchive@23@H@Z 10001140 f i plugin_test1.obj
 0001:000001e0       ?mount_add@ILibraryBinTree@libmedia@UModSys@@QAE_NABU?$TString@U?$TSCoreConst@D@su@tl@UModSys@@U?$TComparerBinaryHash@D@234@@tl@3@HPAUIBinArchive@23@H@Z 100011e0 f i plugin_test1.obj
 0001:00000280       ?layer_push@ILibraryLayered@libmedia@UModSys@@QAE_NPAUILibrary@23@HABU?$TString@U?$TSCoreConst@D@su@tl@UModSys@@U?$TComparerBinaryHash@D@234@@tl@3@@Z 10001280 f i plugin_test1.obj
 0001:00000310       ??1SLayer@ILibraryLayered@libmedia@UModSys@@QAE@XZ 10001310 f i plugin_test1.obj
 0001:00000310       ??1SPoint@ILibraryBinTree@libmedia@UModSys@@QAE@XZ 10001310 f i plugin_test1.obj
 0001:00000330       ?s@SFrameDataOut@libui@UModSys@@QBEXQBD@Z 10001330 f i plugin_test1.obj
 0001:00000370       ?set_info@IImage@lib2d@UModSys@@QAE_NW4eImageType@23@HHPBD@Z 10001370 f i plugin_test1.obj
 0001:000003a0       ??1SMaterialTexture@lib3d@UModSys@@QAE@XZ 100013a0 f i plugin_test1.obj
 0001:000003c0       ??0SMaterialTexture@lib3d@UModSys@@QAE@XZ 100013c0 f i plugin_test1.obj
 0001:00000400       ??_GIRoot@core@UModSys@@UAEPAXI@Z 10001400 f i plugin_test1.obj
 0001:00000400       ??_EIRoot@core@UModSys@@UAEPAXI@Z 10001400 f i  CIL library: CIL module
 0001:00000420       ?root_get_interface_info@RTest1_Shell@test1@test@modules@UModSys@@UBEABUSUniquePointerInfo@core@5@XZ 10001420 f i plugin_test1.obj
 0001:00000430       ?root_get_interface_type@RTest1_Shell@test1@test@modules@UModSys@@UBEPBUSUniquePointerInfo@core@5@XZ 10001430 f i plugin_test1.obj
 0001:00000440       ?root_get_other_interface@RTest1_Shell@test1@test@modules@UModSys@@UBEPBUIRoot@core@5@PBUSUniquePointerInfo@75@@Z 10001440 f i plugin_test1.obj
 0001:00000440       ?root_get_other_interface@RTest1_Shell@test1@test@modules@UModSys@@UAEPAUIRoot@core@5@PBUSUniquePointerInfo@75@@Z 10001440 f i plugin_test1.obj
 0001:00000470       ?root_is_interface_supported@RTest1_Shell@test1@test@modules@UModSys@@UBE_NPBUSUniquePointerInfo@core@5@@Z 10001470 f i plugin_test1.obj
 0001:000004b0       ?ref_add@RTest1_Shell@test1@test@modules@UModSys@@UBEXXZ 100014b0 f i plugin_test1.obj
 0001:000004c0       ?ref_remove@RTest1_Shell@test1@test@modules@UModSys@@UBEXXZ 100014c0 f i plugin_test1.obj
 0001:000004d0       ?ref_links@RTest1_Shell@test1@test@modules@UModSys@@UBEHXZ 100014d0 f i plugin_test1.obj
 0001:000004e0       ?ref_weak@RTest1_Shell@test1@test@modules@UModSys@@UBE_NAAUWeakPointer@IRefObject@core@5@@Z 100014e0 f i plugin_test1.obj
 0001:00000500       ?suicide@RTest1_Shell@test1@test@modules@UModSys@@UAEXXZ 10001500 f i plugin_test1.obj
 0001:00000510       ?set@VertexPC@UI_Info@RTest1_Shell@test1@test@modules@UModSys@@QAEXABU?$TVector3@N@math3d@7@ABU?$TVector3@M@97@@Z 10001510 f i plugin_test1.obj
 0001:000005e0       ??0UI_Info@RTest1_Shell@test1@test@modules@UModSys@@QAE@AAU12345@@Z 100015e0 f i plugin_test1.obj
 0001:00000680       ??0RTest1_Shell@test1@test@modules@UModSys@@QAE@PAUIModObject@base@4@@Z 10001680 f i plugin_test1.obj
 0001:000007d0       ??1RTest1_Shell@test1@test@modules@UModSys@@UAE@XZ 100017d0 f i plugin_test1.obj
 0001:00000880       ?connect@RTest1_Shell@test1@test@modules@UModSys@@UAE_NXZ 10001880 f i plugin_test1.obj
 0001:000008a0       ?disconnect@RTest1_Shell@test1@test@modules@UModSys@@UAE_NXZ 100018a0 f i plugin_test1.obj
 0001:000008c0       ?process_tick@RTest1_Shell@test1@test@modules@UModSys@@UAE_NABUSTimeMsec@core@5@@Z 100018c0 f i plugin_test1.obj
 0001:000008f0       ?process_command@RTest1_Shell@test1@test@modules@UModSys@@UAE_NHQBU?$TString@U?$TSCoreConst@D@su@tl@UModSys@@U?$TComparerBinaryHash@D@234@@tl@5@@Z 100018f0 f i plugin_test1.obj
 0001:00000910       ??_GRTest1_Shell@test1@test@modules@UModSys@@UAEPAXI@Z 10001910 f i plugin_test1.obj
 0001:00000910       ??_ERTest1_Shell@test1@test@modules@UModSys@@UAEPAXI@Z 10001910 f i  CIL library: CIL module
 0001:00000930       ?set_value@Prop@Aux@RTest1_Shell@test1@test@modules@UModSys@@UAE_NABUSPropValueR@core@7@@Z 10001930 f i plugin_test1.obj
 0001:000009e0       ?set_value@PropX@Aux@RTest1_Shell@test1@test@modules@UModSys@@UAE_NPBUSUniquePointerInfo@core@7@ABUSPropValueR@97@@Z 100019e0 f i plugin_test1.obj
 0001:00000b50       ??1SFrameCreateParameters@libui@UModSys@@QAE@XZ 10001b50 f i plugin_test1.obj
 0001:00000b70       ??1UI_Info@RTest1_Shell@test1@test@modules@UModSys@@QAE@XZ 10001b70 f i plugin_test1.obj
 0001:00000d20       ?get_generated_names@RGenerator@test1@test@modules@UModSys@@UBEHAAUSUniquePtrList@core@5@@Z 10001d20 f i plugin_test1.obj
 0001:00000d40       ?get_generated_types@RGenerator@test1@test@modules@UModSys@@UBEHAAUSUniquePtrList@core@5@PBUSUniquePointerInfo@75@@Z 10001d40 f i plugin_test1.obj
 0001:00000d90       ?generate@RGenerator@test1@test@modules@UModSys@@UAE_NAAU?$TRefObject@UIRefObject@core@UModSys@@U?$TRefObjectFunc@UIRefObject@core@UModSys@@@tl@3@@tl@5@PBUSUniquePointerInfo@core@5@ABUSParameters@95@@Z 10001d90 f i plugin_test1.obj
 0001:00000e50       ?root_get_interface_info@RGenerator@test1@test@modules@UModSys@@UBEABUSUniquePointerInfo@core@5@XZ 10001e50 f i plugin_test1.obj
 0001:00000e60       ?root_get_interface_type@RGenerator@test1@test@modules@UModSys@@UBEPBUSUniquePointerInfo@core@5@XZ 10001e60 f i plugin_test1.obj
 0001:00000e70       ?root_get_other_interface@RGenerator@test1@test@modules@UModSys@@UBEPBUIRoot@core@5@PBUSUniquePointerInfo@75@@Z 10001e70 f i plugin_test1.obj
 0001:00000e70       ?root_get_other_interface@RGenerator@test1@test@modules@UModSys@@UAEPAUIRoot@core@5@PBUSUniquePointerInfo@75@@Z 10001e70 f i plugin_test1.obj
 0001:00000eb0       ?root_is_interface_supported@RGenerator@test1@test@modules@UModSys@@UBE_NPBUSUniquePointerInfo@core@5@@Z 10001eb0 f i plugin_test1.obj
 0001:00000ef0       ?get_uid@RGenerator@test1@test@modules@UModSys@@UBEPBUSUniquePointerInfo@core@5@XZ 10001ef0 f i plugin_test1.obj
 0001:00000f00       ?do_open@RModuleReg@test1@test@modules@UModSys@@UAE_NXZ 10001f00 f i plugin_test1.obj
 0001:00000f30       ?do_close@RModuleReg@test1@test@modules@UModSys@@UAE_NXZ 10001f30 f i plugin_test1.obj
 0001:00000f60       ??_GRModuleReg@test1@test@modules@UModSys@@UAEPAXI@Z 10001f60 f i plugin_test1.obj
 0001:00000f60       ??_ERModuleReg@test1@test@modules@UModSys@@UAEPAXI@Z 10001f60 f i  CIL library: CIL module
 0001:00000f90       ??0?$TString@U?$TSCoreConst@D@su@tl@UModSys@@U?$TComparerBinaryHash@D@234@@tl@UModSys@@QAE@PBD@Z 10001f90 f i plugin_test1.obj
 0001:00000fe0       ??8?$TString@U?$TSCoreConst@D@su@tl@UModSys@@U?$TComparerBinaryHash@D@234@@tl@UModSys@@QBE_NPBD@Z 10001fe0 f i plugin_test1.obj
 0001:00001010       ??4?$TString@U?$TSCoreShared@USIMemAlloc@core@UModSys@@D@su@tl@UModSys@@U?$TComparerBinaryHash@D@234@@tl@UModSys@@QAEABU012@ABU012@@Z 10002010 f i plugin_test1.obj
 0001:00001040       ?normalize@?$TVector3@N@math3d@UModSys@@QAENXZ 10002040 f i plugin_test1.obj
 0001:000010a0       ??4?$TRefObject@UIRenderDriver@lib2d@UModSys@@U?$TRefObjectFunc@UIRenderDriver@lib2d@UModSys@@@tl@3@@tl@UModSys@@QAEABU012@PAUIRenderDriver@lib2d@2@@Z 100020a0 f i plugin_test1.obj
 0001:000010a0       ??4?$TRefObject@URFrame_Common@frames@ui@modules@UModSys@@U?$TRefObjectFunc@URFrame_Common@frames@ui@modules@UModSys@@@tl@5@@tl@UModSys@@QAEABU012@PAURFrame_Common@frames@ui@modules@2@@Z 100020a0 f i umodsys_lib_libui:umodsys.mod.ui.frames.obj
 0001:000010a0       ??4?$TRefObject@UIRefObject@core@UModSys@@U?$TRefObjectFunc@UIRefObject@core@UModSys@@@tl@3@@tl@UModSys@@QAEABU012@PAUIRefObject@core@2@@Z 100020a0 f i plugin_test1.obj
 0001:000010c0       ??0?$TMaterialST@$00@lib3d@UModSys@@QAE@XZ 100020c0 f i plugin_test1.obj
 0001:00001140       ??0?$TParametersA@$0EAA@@core@UModSys@@QAE@XZ 10002140 f i plugin_test1.obj
 0001:00001170       ?info_release@?$TSCoreShared@USIMemAlloc@core@UModSys@@D@su@tl@UModSys@@QAEXXZ 10002170 f i plugin_test1.obj
 0001:000011f0       ?info_new@?$TSCoreShared@USIMemAlloc@core@UModSys@@D@su@tl@UModSys@@QAE_NPBDI@Z 100021f0 f i plugin_test1.obj
 0001:000012a0       ?get_null@?$TSCoreShared@USIMemAlloc@core@UModSys@@D@su@tl@UModSys@@SAPAU?$TSharedStringInfo@DUSIMemAlloc@core@UModSys@@@234@XZ 100022a0 f i plugin_test1.obj
 0001:000012e0       ?mult3@?$TMatrix44@N@math3d@UModSys@@QAEXABU123@0@Z 100022e0 f i plugin_test1.obj
 0001:000013c0       ?set_rotate_about@?$TMatrix44@N@math3d@UModSys@@QAEXABU?$TVector3@N@23@N@Z 100023c0 f i plugin_test1.obj
 0001:00001500       ?set_ER@?$TMatrix44@N@math3d@UModSys@@QAEXN@Z 10002500 f i plugin_test1.obj
 0001:00001530       ?set_inversed@?$TMatrix44@N@math3d@UModSys@@QAE_NABU123@@Z 10002530 f i plugin_test1.obj
 0001:00001910       ?obj_delete@?$TRefObjectLinksModObject@URGeneral@object_camera@stdlib@lib3d@modules@UModSys@@UIModObject@base@6@@tl@UModSys@@QBEXPAURGeneral@object_camera@stdlib@lib3d@modules@3@@Z 10002910 f i umodsys_lib_lib3d:umodsys.mod.3d.stdlib.obj
 0001:00001910       ?obj_delete@?$TRefObjectLinksModObject@URTest1_Shell@test1@test@modules@UModSys@@UIModObject@base@5@@tl@UModSys@@QBEXPAURTest1_Shell@test1@test@modules@3@@Z 10002910 f i plugin_test1.obj
 0001:00001910       ?obj_delete@?$TRefObjectLinksModObject@URMultiImage@stdlib@lib2d@modules@UModSys@@UIModObject@base@5@@tl@UModSys@@QBEXPAURMultiImage@stdlib@lib2d@modules@3@@Z 10002910 f i umodsys_lib_lib2d:umodsys.mod.2d.stdlib.obj
 0001:00001910       ?obj_delete@?$TRefObjectLinksModObject@URImage_Memory@stdlib@lib2d@modules@UModSys@@UIModObject@base@5@@tl@UModSys@@QBEXPAURImage_Memory@stdlib@lib2d@modules@3@@Z 10002910 f i umodsys_lib_lib2d:umodsys.mod.2d.stdlib.obj
 0001:00001910       ?obj_delete@?$TRefObjectLinksModObject@URVisualizerScene@stdlib@lib3d@modules@UModSys@@UIModObject@base@5@@tl@UModSys@@QBEXPAURVisualizerScene@stdlib@lib3d@modules@3@@Z 10002910 f i umodsys_lib_lib3d:umodsys.mod.3d.stdlib.obj
 0001:00001910       ?obj_delete@?$TRefObjectLinksModObject@URBinArchiveFrameClient_ZIP@zlib@media@modules@UModSys@@UIModObject@base@5@@tl@UModSys@@QBEXPAURBinArchiveFrameClient_ZIP@zlib@media@modules@3@@Z 10002910 f i umodsys_lib_libmedia:umodsys.mod.media.zlib.obj
 0001:00001910       ?obj_delete@?$TRefObjectLinksModObject@URMediaFilter@images_std@media@modules@UModSys@@UIModObject@base@5@@tl@UModSys@@QBEXPAURMediaFilter@images_std@media@modules@3@@Z 10002910 f i umodsys_lib_libmedia:umodsys.mod.media.images_std.obj
 0001:00001910       ?obj_delete@?$TRefObjectLinksModObject@URImageFactory_Memory@stdlib@lib2d@modules@UModSys@@UIModObject@base@5@@tl@UModSys@@QBEXPAURImageFactory_Memory@stdlib@lib2d@modules@3@@Z 10002910 f i umodsys_lib_lib2d:umodsys.mod.2d.stdlib.obj
 0001:00001910       ?obj_delete@?$TRefObjectLinksModObject@URTerminal@SDL_GL@ui@modules@UModSys@@UIModObject@base@5@@tl@UModSys@@QBEXPAURTerminal@SDL_GL@ui@modules@3@@Z 10002910 f i umodsys_lib_libui:umodsys.mod.ui.SDL_GL.obj
 0001:00001910       ?obj_delete@?$TRefObjectLinksModObject@URSerializeWriter@serialize_json@media@modules@UModSys@@UIModObject@base@5@@tl@UModSys@@QBEXPAURSerializeWriter@serialize_json@media@modules@3@@Z 10002910 f i umodsys_lib_libmedia:umodsys.mod.media.serialize_json.obj
 0001:00001910       ?obj_delete@?$TRefObjectLinksModObject@URGeneral@object_primitive@stdlib@lib3d@modules@UModSys@@UIModObject@base@6@@tl@UModSys@@QBEXPAURGeneral@object_primitive@stdlib@lib3d@modules@3@@Z 10002910 f i umodsys_lib_lib3d:umodsys.mod.3d.stdlib.obj
 0001:00001910       ?obj_delete@?$TRefObjectLinksModObject@URVisualSceneMapper_Direct@stdlib@lib3d@modules@UModSys@@UIModObject@base@5@@tl@UModSys@@QBEXPAURVisualSceneMapper_Direct@stdlib@lib3d@modules@3@@Z 10002910 f i umodsys_lib_lib3d:umodsys.mod.3d.stdlib.obj
 0001:00001910       ?obj_delete@?$TRefObjectLinksModObject@URSerializeReader@serialize_json@media@modules@UModSys@@UIModObject@base@5@@tl@UModSys@@QBEXPAURSerializeReader@serialize_json@media@modules@3@@Z 10002910 f i umodsys_lib_libmedia:umodsys.mod.media.serialize_json.obj
 0001:00001910       ?obj_delete@?$TRefObjectLinksModObject@URTerminal@SDL_core@ui@modules@UModSys@@UIModObject@base@5@@tl@UModSys@@QBEXPAURTerminal@SDL_core@ui@modules@3@@Z 10002910 f i umodsys_lib_libui:umodsys.mod.ui.SDL_core.obj
 0001:00001910       ?obj_delete@?$TRefObjectLinksModObject@URRenderer@stdlib@lib3d@modules@UModSys@@UIModObject@base@5@@tl@UModSys@@QBEXPAURRenderer@stdlib@lib3d@modules@3@@Z 10002910 f i umodsys_lib_lib3d:umodsys.mod.3d.stdlib.obj
 0001:00001910       ?obj_delete@?$TRefObjectLinksModObject@URCollector@frames@ui@modules@UModSys@@UIModObject@base@5@@tl@UModSys@@QBEXPAURCollector@frames@ui@modules@3@@Z 10002910 f i umodsys_lib_libui:umodsys.mod.ui.frames.obj
 0001:00001980       ??$generate_type@UIBinArchive@libmedia@UModSys@@@RTest1_Shell@test1@test@modules@UModSys@@SA?AU?$TRefObject@UIBinArchive@libmedia@UModSys@@U?$TRefObjectFunc@UIBinArchive@libmedia@UModSys@@@tl@3@@tl@4@ABU?$TString@U?$TSCoreConst@D@su@tl@UModSys@@U?$TComparerBinaryHash@D@234@@64@ABUSParameters@core@4@PBD@Z 10002980 f i plugin_test1.obj
 0001:00001ae0       ??$generate_type@UIClient@IBinArchiveFrame@libmedia@UModSys@@@RTest1_Shell@test1@test@modules@UModSys@@SA?AU?$TRefObject@UIClient@IBinArchiveFrame@libmedia@UModSys@@U?$TRefObjectFunc@UIClient@IBinArchiveFrame@libmedia@UModSys@@@tl@4@@tl@4@ABU?$TString@U?$TSCoreConst@D@su@tl@UModSys@@U?$TComparerBinaryHash@D@234@@64@ABUSParameters@core@4@PBD@Z 10002ae0 f i plugin_test1.obj
 0001:00001c40       ??$add@U?$TSCoreConst@D@su@tl@UModSys@@U?$TComparerBinaryHash@D@234@@SParameters@core@UModSys@@QAE_NPBDABU?$TString@U?$TSCoreConst@D@su@tl@UModSys@@U?$TComparerBinaryHash@D@234@@tl@2@@Z 10002c40 f i plugin_test1.obj
 0001:00001ca0       ??$generate_type@UIBinArchiveFrame@libmedia@UModSys@@@RTest1_Shell@test1@test@modules@UModSys@@SA?AU?$TRefObject@UIBinArchiveFrame@libmedia@UModSys@@U?$TRefObjectFunc@UIBinArchiveFrame@libmedia@UModSys@@@tl@3@@tl@4@ABU?$TString@U?$TSCoreConst@D@su@tl@UModSys@@U?$TComparerBinaryHash@D@234@@64@ABUSParameters@core@4@PBD@Z 10002ca0 f i plugin_test1.obj
 0001:00001e00       ??$generate_type@UIBinObjFilter@libmedia@UModSys@@@RTest1_Shell@test1@test@modules@UModSys@@SA?AU?$TRefObject@UIBinObjFilter@libmedia@UModSys@@U?$TRefObjectFunc@UIBinObjFilter@libmedia@UModSys@@@tl@3@@tl@4@ABU?$TString@U?$TSCoreConst@D@su@tl@UModSys@@U?$TComparerBinaryHash@D@234@@64@ABUSParameters@core@4@PBD@Z 10002e00 f i plugin_test1.obj
 0001:00001f70       ??$generate_type@UIUtilities@libmedia@UModSys@@@RTest1_Shell@test1@test@modules@UModSys@@SA?AU?$TRefObject@UIUtilities@libmedia@UModSys@@U?$TRefObjectFunc@UIUtilities@libmedia@UModSys@@@tl@3@@tl@4@ABU?$TString@U?$TSCoreConst@D@su@tl@UModSys@@U?$TComparerBinaryHash@D@234@@64@ABUSParameters@core@4@PBD@Z 10002f70 f i plugin_test1.obj
 0001:000020d0       ??$generate_type@UILibraryBinTree@libmedia@UModSys@@@RTest1_Shell@test1@test@modules@UModSys@@SA?AU?$TRefObject@UILibraryBinTree@libmedia@UModSys@@U?$TRefObjectFunc@UILibraryBinTree@libmedia@UModSys@@@tl@3@@tl@4@ABU?$TString@U?$TSCoreConst@D@su@tl@UModSys@@U?$TComparerBinaryHash@D@234@@64@ABUSParameters@core@4@PBD@Z 100030d0 f i plugin_test1.obj
 0001:00002230       ??$generate_type@UILibraryObjFilter@libmedia@UModSys@@@RTest1_Shell@test1@test@modules@UModSys@@SA?AU?$TRefObject@UILibraryObjFilter@libmedia@UModSys@@U?$TRefObjectFunc@UILibraryObjFilter@libmedia@UModSys@@@tl@3@@tl@4@ABU?$TString@U?$TSCoreConst@D@su@tl@UModSys@@U?$TComparerBinaryHash@D@234@@64@ABUSParameters@core@4@PBD@Z 10003230 f i plugin_test1.obj
 0001:00002390       ??$generate_type@UILibraryLayered@libmedia@UModSys@@@RTest1_Shell@test1@test@modules@UModSys@@SA?AU?$TRefObject@UILibraryLayered@libmedia@UModSys@@U?$TRefObjectFunc@UILibraryLayered@libmedia@UModSys@@@tl@3@@tl@4@ABU?$TString@U?$TSCoreConst@D@su@tl@UModSys@@U?$TComparerBinaryHash@D@234@@64@ABUSParameters@core@4@PBD@Z 10003390 f i plugin_test1.obj
 0001:000024f0       ??$generate_type@UILibraryObjCache@libmedia@UModSys@@@RTest1_Shell@test1@test@modules@UModSys@@SA?AU?$TRefObject@UILibraryObjCache@libmedia@UModSys@@U?$TRefObjectFunc@UILibraryObjCache@libmedia@UModSys@@@tl@3@@tl@4@ABU?$TString@U?$TSCoreConst@D@su@tl@UModSys@@U?$TComparerBinaryHash@D@234@@64@ABUSParameters@core@4@PBD@Z 100034f0 f i plugin_test1.obj
 0001:00002650       ??$generate_type@UILibraryBinCache@libmedia@UModSys@@@RTest1_Shell@test1@test@modules@UModSys@@SA?AU?$TRefObject@UILibraryBinCache@libmedia@UModSys@@U?$TRefObjectFunc@UILibraryBinCache@libmedia@UModSys@@@tl@3@@tl@4@ABU?$TString@U?$TSCoreConst@D@su@tl@UModSys@@U?$TComparerBinaryHash@D@234@@64@ABUSParameters@core@4@PBD@Z 10003650 f i plugin_test1.obj
 0001:000027b0       ??$generate_type@UICollector@libui@UModSys@@@RTest1_Shell@test1@test@modules@UModSys@@SA?AU?$TRefObject@UICollector@libui@UModSys@@U?$TRefObjectFunc@UICollector@libui@UModSys@@@tl@3@@tl@4@ABU?$TString@U?$TSCoreConst@D@su@tl@UModSys@@U?$TComparerBinaryHash@D@234@@64@ABUSParameters@core@4@PBD@Z 100037b0 f i plugin_test1.obj
 0001:00002910       ??$generate_type@UITerminal@libui@UModSys@@@RTest1_Shell@test1@test@modules@UModSys@@SA?AU?$TRefObject@UITerminal@libui@UModSys@@U?$TRefObjectFunc@UITerminal@libui@UModSys@@@tl@3@@tl@4@ABU?$TString@U?$TSCoreConst@D@su@tl@UModSys@@U?$TComparerBinaryHash@D@234@@64@ABUSParameters@core@4@PBD@Z 10003910 f i plugin_test1.obj
 0001:00002a70       ??$t_create_handler@UIKeyboardController@libui@UModSys@@@ITerminal@libui@UModSys@@QAE_NAAU?$TRefObject@UIKeyboardController@libui@UModSys@@U?$TRefObjectFunc@UIKeyboardController@libui@UModSys@@@tl@3@@tl@2@PBDPBUSParameters@core@2@@Z 10003a70 f i plugin_test1.obj
 0001:00002b20       ??$t_create_handler@UIMouseController@libui@UModSys@@@ITerminal@libui@UModSys@@QAE_NAAU?$TRefObject@UIMouseController@libui@UModSys@@U?$TRefObjectFunc@UIMouseController@libui@UModSys@@@tl@3@@tl@2@PBDPBUSParameters@core@2@@Z 10003b20 f i plugin_test1.obj
 0001:00002bd0       ??$generate_type@UIRenderer@lib3d@UModSys@@@RTest1_Shell@test1@test@modules@UModSys@@SA?AU?$TRefObject@UIRenderer@lib3d@UModSys@@U?$TRefObjectFunc@UIRenderer@lib3d@UModSys@@@tl@3@@tl@4@ABU?$TString@U?$TSCoreConst@D@su@tl@UModSys@@U?$TComparerBinaryHash@D@234@@64@ABUSParameters@core@4@PBD@Z 10003bd0 f i plugin_test1.obj
 0001:00002d30       ??$t_create_handler@UIRenderDriver@lib3d@UModSys@@@ITerminal@libui@UModSys@@QAE_NAAU?$TRefObject@UIRenderDriver@lib3d@UModSys@@U?$TRefObjectFunc@UIRenderDriver@lib3d@UModSys@@@tl@3@@tl@2@PBDPBUSParameters@core@2@@Z 10003d30 f i plugin_test1.obj
 0001:00002de0       ??$generate_type@UIVisualizerScene@lib3d@UModSys@@@RTest1_Shell@test1@test@modules@UModSys@@SA?AU?$TRefObject@UIVisualizerScene@lib3d@UModSys@@U?$TRefObjectFunc@UIVisualizerScene@lib3d@UModSys@@@tl@3@@tl@4@ABU?$TString@U?$TSCoreConst@D@su@tl@UModSys@@U?$TComparerBinaryHash@D@234@@64@ABUSParameters@core@4@PBD@Z 10003de0 f i plugin_test1.obj
 0001:00002f40       ??$generate_type@UIGeneralObject@lib3d@UModSys@@@RTest1_Shell@test1@test@modules@UModSys@@SA?AU?$TRefObject@UIGeneralObject@lib3d@UModSys@@U?$TRefObjectFunc@UIGeneralObject@lib3d@UModSys@@@tl@3@@tl@4@ABU?$TString@U?$TSCoreConst@D@su@tl@UModSys@@U?$TComparerBinaryHash@D@234@@64@ABUSParameters@core@4@PBD@Z 10003f40 f i plugin_test1.obj
 0001:000030a0       ??$t_ref_get_other_interface@UIVisualObject_Camera@lib3d@UModSys@@U?$TRefObjectFunc@UIVisualObject_Camera@lib3d@UModSys@@@tl@3@@IRefObject@core@UModSys@@QAE_NAAU?$TRefObject@UIVisualObject_Camera@lib3d@UModSys@@U?$TRefObjectFunc@UIVisualObject_Camera@lib3d@UModSys@@@tl@3@@tl@2@@Z 100040a0 f i plugin_test1.obj
 0001:000030e0       ??$shash@D@su@tl@UModSys@@YAIPBDI@Z 100040e0 f i plugin_test1.obj
 0001:00003120       ??1?$TRefObject@UIModObject@base@UModSys@@U?$TModObjectFunc@UIModObject@base@UModSys@@@tl@3@@tl@UModSys@@QAE@XZ 10004120 f i plugin_test1.obj
 0001:00003140       ?mult@?$TMatrix44@N@math3d@UModSys@@QAEXABU123@0@Z 10004140 f i plugin_test1.obj
 0001:00003350       ?get_determinant@?$TMatrix44@N@math3d@UModSys@@QBENXZ 10004350 f i plugin_test1.obj
 0001:00003410       ??$t_ref_get_other_interface@UIStreamReader@libmedia@UModSys@@U?$TRefObjectFunc@UIStreamReader@libmedia@UModSys@@@tl@3@@IRefObject@core@UModSys@@QAE_NAAU?$TRefObject@UIStreamReader@libmedia@UModSys@@U?$TRefObjectFunc@UIStreamReader@libmedia@UModSys@@@tl@3@@tl@2@@Z 10004410 f i plugin_test1.obj
 0001:00003450       ??$t_ref_get_other_interface@UIStreamWriter@libmedia@UModSys@@U?$TRefObjectFunc@UIStreamWriter@libmedia@UModSys@@@tl@3@@IRefObject@core@UModSys@@QAE_NAAU?$TRefObject@UIStreamWriter@libmedia@UModSys@@U?$TRefObjectFunc@UIStreamWriter@libmedia@UModSys@@@tl@3@@tl@2@@Z 10004450 f i plugin_test1.obj
 0001:00003490       ??$t_generate@UIBinArchive@libmedia@UModSys@@@SModuleContext@base@UModSys@@QAE_NAAU?$TRefObject@UIBinArchive@libmedia@UModSys@@U?$TRefObjectFunc@UIBinArchive@libmedia@UModSys@@@tl@3@@tl@2@PBUSUniquePointerInfo@core@2@ABUSParameters@62@@Z 10004490 f i plugin_test1.obj
 0001:00003540       ??$t_generate@UIClient@IBinArchiveFrame@libmedia@UModSys@@@SModuleContext@base@UModSys@@QAE_NAAU?$TRefObject@UIClient@IBinArchiveFrame@libmedia@UModSys@@U?$TRefObjectFunc@UIClient@IBinArchiveFrame@libmedia@UModSys@@@tl@4@@tl@2@PBUSUniquePointerInfo@core@2@ABUSParameters@62@@Z 10004540 f i plugin_test1.obj
 0001:000035f0       ??$t_generate@UIBinArchiveFrame@libmedia@UModSys@@@SModuleContext@base@UModSys@@QAE_NAAU?$TRefObject@UIBinArchiveFrame@libmedia@UModSys@@U?$TRefObjectFunc@UIBinArchiveFrame@libmedia@UModSys@@@tl@3@@tl@2@PBUSUniquePointerInfo@core@2@ABUSParameters@62@@Z 100045f0 f i plugin_test1.obj
 0001:000036a0       ??$t_generate@UIBinObjFilter@libmedia@UModSys@@@SModuleContext@base@UModSys@@QAE_NAAU?$TRefObject@UIBinObjFilter@libmedia@UModSys@@U?$TRefObjectFunc@UIBinObjFilter@libmedia@UModSys@@@tl@3@@tl@2@PBUSUniquePointerInfo@core@2@ABUSParameters@62@@Z 100046a0 f i plugin_test1.obj
 0001:00003750       ??$t_generate@UIUtilities@libmedia@UModSys@@@SModuleContext@base@UModSys@@QAE_NAAU?$TRefObject@UIUtilities@libmedia@UModSys@@U?$TRefObjectFunc@UIUtilities@libmedia@UModSys@@@tl@3@@tl@2@PBUSUniquePointerInfo@core@2@ABUSParameters@62@@Z 10004750 f i plugin_test1.obj
 0001:00003800       ??$t_generate@UILibraryBinTree@libmedia@UModSys@@@SModuleContext@base@UModSys@@QAE_NAAU?$TRefObject@UILibraryBinTree@libmedia@UModSys@@U?$TRefObjectFunc@UILibraryBinTree@libmedia@UModSys@@@tl@3@@tl@2@PBUSUniquePointerInfo@core@2@ABUSParameters@62@@Z 10004800 f i plugin_test1.obj
 0001:000038b0       ??$t_generate@UILibraryObjFilter@libmedia@UModSys@@@SModuleContext@base@UModSys@@QAE_NAAU?$TRefObject@UILibraryObjFilter@libmedia@UModSys@@U?$TRefObjectFunc@UILibraryObjFilter@libmedia@UModSys@@@tl@3@@tl@2@PBUSUniquePointerInfo@core@2@ABUSParameters@62@@Z 100048b0 f i plugin_test1.obj
 0001:00003960       ??$t_generate@UILibraryLayered@libmedia@UModSys@@@SModuleContext@base@UModSys@@QAE_NAAU?$TRefObject@UILibraryLayered@libmedia@UModSys@@U?$TRefObjectFunc@UILibraryLayered@libmedia@UModSys@@@tl@3@@tl@2@PBUSUniquePointerInfo@core@2@ABUSParameters@62@@Z 10004960 f i plugin_test1.obj
 0001:00003a10       ??$t_generate@UILibraryObjCache@libmedia@UModSys@@@SModuleContext@base@UModSys@@QAE_NAAU?$TRefObject@UILibraryObjCache@libmedia@UModSys@@U?$TRefObjectFunc@UILibraryObjCache@libmedia@UModSys@@@tl@3@@tl@2@PBUSUniquePointerInfo@core@2@ABUSParameters@62@@Z 10004a10 f i plugin_test1.obj
 0001:00003ac0       ??$t_generate@UILibraryBinCache@libmedia@UModSys@@@SModuleContext@base@UModSys@@QAE_NAAU?$TRefObject@UILibraryBinCache@libmedia@UModSys@@U?$TRefObjectFunc@UILibraryBinCache@libmedia@UModSys@@@tl@3@@tl@2@PBUSUniquePointerInfo@core@2@ABUSParameters@62@@Z 10004ac0 f i plugin_test1.obj
 0001:00003b70       ??$t_generate@UICollector@libui@UModSys@@@SModuleContext@base@UModSys@@QAE_NAAU?$TRefObject@UICollector@libui@UModSys@@U?$TRefObjectFunc@UICollector@libui@UModSys@@@tl@3@@tl@2@PBUSUniquePointerInfo@core@2@ABUSParameters@62@@Z 10004b70 f i plugin_test1.obj
 0001:00003c20       ??$t_generate@UITerminal@libui@UModSys@@@SModuleContext@base@UModSys@@QAE_NAAU?$TRefObject@UITerminal@libui@UModSys@@U?$TRefObjectFunc@UITerminal@libui@UModSys@@@tl@3@@tl@2@PBUSUniquePointerInfo@core@2@ABUSParameters@62@@Z 10004c20 f i plugin_test1.obj
 0001:00003cd0       ??$t_generate@UIRenderer@lib3d@UModSys@@@SModuleContext@base@UModSys@@QAE_NAAU?$TRefObject@UIRenderer@lib3d@UModSys@@U?$TRefObjectFunc@UIRenderer@lib3d@UModSys@@@tl@3@@tl@2@PBUSUniquePointerInfo@core@2@ABUSParameters@62@@Z 10004cd0 f i plugin_test1.obj
 0001:00003d80       ??$t_generate@UIVisualizerScene@lib3d@UModSys@@@SModuleContext@base@UModSys@@QAE_NAAU?$TRefObject@UIVisualizerScene@lib3d@UModSys@@U?$TRefObjectFunc@UIVisualizerScene@lib3d@UModSys@@@tl@3@@tl@2@PBUSUniquePointerInfo@core@2@ABUSParameters@62@@Z 10004d80 f i plugin_test1.obj
 0001:00003e30       ??$t_generate@UIGeneralObject@lib3d@UModSys@@@SModuleContext@base@UModSys@@QAE_NAAU?$TRefObject@UIGeneralObject@lib3d@UModSys@@U?$TRefObjectFunc@UIGeneralObject@lib3d@UModSys@@@tl@3@@tl@2@PBUSUniquePointerInfo@core@2@ABUSParameters@62@@Z 10004e30 f i plugin_test1.obj
 0001:00003ee0       ??$t_ref_get_other_interface@UIImage@lib2d@UModSys@@U?$TRefObjectFunc@UIImage@lib2d@UModSys@@@tl@3@@IRefObject@core@UModSys@@QAE_NAAU?$TRefObject@UIImage@lib2d@UModSys@@U?$TRefObjectFunc@UIImage@lib2d@UModSys@@@tl@3@@tl@2@@Z 10004ee0 f i plugin_test1.obj
 0001:00003f20       ??$t_ref_get_other_interface@UIImageFactory@lib2d@UModSys@@U?$TRefObjectFunc@UIImageFactory@lib2d@UModSys@@@tl@3@@IRefObject@core@UModSys@@QAE_NAAU?$TRefObject@UIImageFactory@lib2d@UModSys@@U?$TRefObjectFunc@UIImageFactory@lib2d@UModSys@@@tl@3@@tl@2@@Z 10004f20 f i plugin_test1.obj
 0001:00003f60       ??$t_ref_get_other_interface@UIMultiImage@lib2d@UModSys@@U?$TRefObjectFunc@UIMultiImage@lib2d@UModSys@@@tl@3@@IRefObject@core@UModSys@@QAE_NAAU?$TRefObject@UIMultiImage@lib2d@UModSys@@U?$TRefObjectFunc@UIMultiImage@lib2d@UModSys@@@tl@3@@tl@2@@Z 10004f60 f i plugin_test1.obj
 0001:00003fa0       ??$t_ref_get_other_interface@UIBinArchive@libmedia@UModSys@@U?$TRefObjectFunc@UIBinArchive@libmedia@UModSys@@@tl@3@@IRefObject@core@UModSys@@QAE_NAAU?$TRefObject@UIBinArchive@libmedia@UModSys@@U?$TRefObjectFunc@UIBinArchive@libmedia@UModSys@@@tl@3@@tl@2@@Z 10004fa0 f i plugin_test1.obj
 0001:00003fe0       ??$t_ref_get_other_interface@UIClient@IBinArchiveFrame@libmedia@UModSys@@U?$TRefObjectFunc@UIClient@IBinArchiveFrame@libmedia@UModSys@@@tl@4@@IRefObject@core@UModSys@@QAE_NAAU?$TRefObject@UIClient@IBinArchiveFrame@libmedia@UModSys@@U?$TRefObjectFunc@UIClient@IBinArchiveFrame@libmedia@UModSys@@@tl@4@@tl@2@@Z 10004fe0 f i plugin_test1.obj
 0001:00004020       ??$t_ref_get_other_interface@UIBinArchiveFrame@libmedia@UModSys@@U?$TRefObjectFunc@UIBinArchiveFrame@libmedia@UModSys@@@tl@3@@IRefObject@core@UModSys@@QAE_NAAU?$TRefObject@UIBinArchiveFrame@libmedia@UModSys@@U?$TRefObjectFunc@UIBinArchiveFrame@libmedia@UModSys@@@tl@3@@tl@2@@Z 10005020 f i plugin_test1.obj
 0001:00004060       ??$t_ref_get_other_interface@UIBinObjFilter@libmedia@UModSys@@U?$TRefObjectFunc@UIBinObjFilter@libmedia@UModSys@@@tl@3@@IRefObject@core@UModSys@@QAE_NAAU?$TRefObject@UIBinObjFilter@libmedia@UModSys@@U?$TRefObjectFunc@UIBinObjFilter@libmedia@UModSys@@@tl@3@@tl@2@@Z 10005060 f i plugin_test1.obj
 0001:000040a0       ??$t_ref_get_other_interface@UIUtilities@libmedia@UModSys@@U?$TRefObjectFunc@UIUtilities@libmedia@UModSys@@@tl@3@@IRefObject@core@UModSys@@QAE_NAAU?$TRefObject@UIUtilities@libmedia@UModSys@@U?$TRefObjectFunc@UIUtilities@libmedia@UModSys@@@tl@3@@tl@2@@Z 100050a0 f i plugin_test1.obj
 0001:000040e0       ??$t_ref_get_other_interface@UILibraryBinTree@libmedia@UModSys@@U?$TRefObjectFunc@UILibraryBinTree@libmedia@UModSys@@@tl@3@@IRefObject@core@UModSys@@QAE_NAAU?$TRefObject@UILibraryBinTree@libmedia@UModSys@@U?$TRefObjectFunc@UILibraryBinTree@libmedia@UModSys@@@tl@3@@tl@2@@Z 100050e0 f i plugin_test1.obj
 0001:00004120       ??$t_ref_get_other_interface@UILibraryObjFilter@libmedia@UModSys@@U?$TRefObjectFunc@UILibraryObjFilter@libmedia@UModSys@@@tl@3@@IRefObject@core@UModSys@@QAE_NAAU?$TRefObject@UILibraryObjFilter@libmedia@UModSys@@U?$TRefObjectFunc@UILibraryObjFilter@libmedia@UModSys@@@tl@3@@tl@2@@Z 10005120 f i plugin_test1.obj
 0001:00004160       ??$t_ref_get_other_interface@UILibraryLayered@libmedia@UModSys@@U?$TRefObjectFunc@UILibraryLayered@libmedia@UModSys@@@tl@3@@IRefObject@core@UModSys@@QAE_NAAU?$TRefObject@UILibraryLayered@libmedia@UModSys@@U?$TRefObjectFunc@UILibraryLayered@libmedia@UModSys@@@tl@3@@tl@2@@Z 10005160 f i plugin_test1.obj
 0001:000041a0       ??$t_ref_get_other_interface@UILibraryObjCache@libmedia@UModSys@@U?$TRefObjectFunc@UILibraryObjCache@libmedia@UModSys@@@tl@3@@IRefObject@core@UModSys@@QAE_NAAU?$TRefObject@UILibraryObjCache@libmedia@UModSys@@U?$TRefObjectFunc@UILibraryObjCache@libmedia@UModSys@@@tl@3@@tl@2@@Z 100051a0 f i plugin_test1.obj
 0001:000041e0       ??$t_ref_get_other_interface@UILibraryBinCache@libmedia@UModSys@@U?$TRefObjectFunc@UILibraryBinCache@libmedia@UModSys@@@tl@3@@IRefObject@core@UModSys@@QAE_NAAU?$TRefObject@UILibraryBinCache@libmedia@UModSys@@U?$TRefObjectFunc@UILibraryBinCache@libmedia@UModSys@@@tl@3@@tl@2@@Z 100051e0 f i plugin_test1.obj
 0001:00004220       ??$t_ref_get_other_interface@UICollector@libui@UModSys@@U?$TRefObjectFunc@UICollector@libui@UModSys@@@tl@3@@IRefObject@core@UModSys@@QAE_NAAU?$TRefObject@UICollector@libui@UModSys@@U?$TRefObjectFunc@UICollector@libui@UModSys@@@tl@3@@tl@2@@Z 10005220 f i plugin_test1.obj
 0001:00004260       ??$t_ref_get_other_interface@UITerminal@libui@UModSys@@U?$TRefObjectFunc@UITerminal@libui@UModSys@@@tl@3@@IRefObject@core@UModSys@@QAE_NAAU?$TRefObject@UITerminal@libui@UModSys@@U?$TRefObjectFunc@UITerminal@libui@UModSys@@@tl@3@@tl@2@@Z 10005260 f i plugin_test1.obj
 0001:000042a0       ??$t_ref_get_other_interface@UIRenderer@lib3d@UModSys@@U?$TRefObjectFunc@UIRenderer@lib3d@UModSys@@@tl@3@@IRefObject@core@UModSys@@QAE_NAAU?$TRefObject@UIRenderer@lib3d@UModSys@@U?$TRefObjectFunc@UIRenderer@lib3d@UModSys@@@tl@3@@tl@2@@Z 100052a0 f i plugin_test1.obj
 0001:000042e0       ??$t_ref_get_other_interface@UIVisualizerScene@lib3d@UModSys@@U?$TRefObjectFunc@UIVisualizerScene@lib3d@UModSys@@@tl@3@@IRefObject@core@UModSys@@QAE_NAAU?$TRefObject@UIVisualizerScene@lib3d@UModSys@@U?$TRefObjectFunc@UIVisualizerScene@lib3d@UModSys@@@tl@3@@tl@2@@Z 100052e0 f i plugin_test1.obj
 0001:00004320       ??$t_ref_get_other_interface@UIGeneralObject@lib3d@UModSys@@U?$TRefObjectFunc@UIGeneralObject@lib3d@UModSys@@@tl@3@@IRefObject@core@UModSys@@QAE_NAAU?$TRefObject@UIGeneralObject@lib3d@UModSys@@U?$TRefObjectFunc@UIGeneralObject@lib3d@UModSys@@@tl@3@@tl@2@@Z 10005320 f i plugin_test1.obj
 0001:00004360       ?root_get_interface_info@RRenderer@stdlib@lib3d@modules@UModSys@@UBEABUSUniquePointerInfo@core@5@XZ 10005360 f i umodsys_lib_lib3d:umodsys.mod.3d.stdlib.obj
 0001:00004370       ?root_get_interface_type@RRenderer@stdlib@lib3d@modules@UModSys@@UBEPBUSUniquePointerInfo@core@5@XZ 10005370 f i umodsys_lib_lib3d:umodsys.mod.3d.stdlib.obj
 0001:00004380       ?root_get_other_interface@RRenderer@stdlib@lib3d@modules@UModSys@@UAEPAUIRoot@core@5@PBUSUniquePointerInfo@75@@Z 10005380 f i umodsys_lib_lib3d:umodsys.mod.3d.stdlib.obj
 0001:00004380       ?root_get_other_interface@RRenderer@stdlib@lib3d@modules@UModSys@@UBEPBUIRoot@core@5@PBUSUniquePointerInfo@75@@Z 10005380 f i umodsys_lib_lib3d:umodsys.mod.3d.stdlib.obj
 0001:000043b0       ?root_is_interface_supported@RRenderer@stdlib@lib3d@modules@UModSys@@UBE_NPBUSUniquePointerInfo@core@5@@Z 100053b0 f i umodsys_lib_lib3d:umodsys.mod.3d.stdlib.obj
 0001:000043f0       ?ref_links@RSerializeWriter@serialize_json@media@modules@UModSys@@UBEHXZ 100053f0 f i umodsys_lib_libmedia:umodsys.mod.media.serialize_json.obj
 0001:000043f0       ?ref_links@RRenderer@stdlib@lib3d@modules@UModSys@@UBEHXZ 100053f0 f i umodsys_lib_lib3d:umodsys.mod.3d.stdlib.obj
 0001:000043f0       ?ref_links@RVisualSceneMapper_Direct@stdlib@lib3d@modules@UModSys@@UBEHXZ 100053f0 f i umodsys_lib_lib3d:umodsys.mod.3d.stdlib.obj
 0001:00004400       ?root_get_interface_info@RVisualizerScene@stdlib@lib3d@modules@UModSys@@UBEABUSUniquePointerInfo@core@5@XZ 10005400 f i umodsys_lib_lib3d:umodsys.mod.3d.stdlib.obj
 0001:00004410       ?root_get_interface_type@RVisualizerScene@stdlib@lib3d@modules@UModSys@@UBEPBUSUniquePointerInfo@core@5@XZ 10005410 f i umodsys_lib_lib3d:umodsys.mod.3d.stdlib.obj
 0001:00004420       ?root_get_other_interface@RVisualizerScene@stdlib@lib3d@modules@UModSys@@UAEPAUIRoot@core@5@PBUSUniquePointerInfo@75@@Z 10005420 f i umodsys_lib_lib3d:umodsys.mod.3d.stdlib.obj
 0001:00004420       ?root_get_other_interface@RVisualizerScene@stdlib@lib3d@modules@UModSys@@UBEPBUIRoot@core@5@PBUSUniquePointerInfo@75@@Z 10005420 f i umodsys_lib_lib3d:umodsys.mod.3d.stdlib.obj
 0001:00004460       ?root_is_interface_supported@RVisualizerScene@stdlib@lib3d@modules@UModSys@@UBE_NPBUSUniquePointerInfo@core@5@@Z 10005460 f i umodsys_lib_lib3d:umodsys.mod.3d.stdlib.obj
 0001:000044a0       ?suicide@RGeneral@object_camera@stdlib@lib3d@modules@UModSys@@UAEXXZ 100054a0 f i umodsys_lib_lib3d:umodsys.mod.3d.stdlib.obj
 0001:000044a0       ?suicide@RBinArchiveFrameClient_ZIP@zlib@media@modules@UModSys@@UAEXXZ 100054a0 f i umodsys_lib_libmedia:umodsys.mod.media.zlib.obj
 0001:000044a0       ?suicide@RSerializeReader@serialize_json@media@modules@UModSys@@UAEXXZ 100054a0 f i umodsys_lib_libmedia:umodsys.mod.media.serialize_json.obj
 0001:000044a0       ?suicide@RVisualizerScene@stdlib@lib3d@modules@UModSys@@UAEXXZ 100054a0 f i umodsys_lib_lib3d:umodsys.mod.3d.stdlib.obj
 0001:000044a0       ?suicide@RImage_Memory@stdlib@lib2d@modules@UModSys@@UAEXXZ 100054a0 f i umodsys_lib_lib2d:umodsys.mod.2d.stdlib.obj
 0001:000044a0       ?suicide@RImageFactory_Memory@stdlib@lib2d@modules@UModSys@@UAEXXZ 100054a0 f i umodsys_lib_lib2d:umodsys.mod.2d.stdlib.obj
 0001:000044a0       ?suicide@RMultiImage@stdlib@lib2d@modules@UModSys@@UAEXXZ 100054a0 f i umodsys_lib_lib2d:umodsys.mod.2d.stdlib.obj
 0001:000044a0       ?suicide@RTerminal@SDL_core@ui@modules@UModSys@@UAEXXZ 100054a0 f i umodsys_lib_libui:umodsys.mod.ui.SDL_core.obj
 0001:000044a0       ?suicide@RGeneral@object_primitive@stdlib@lib3d@modules@UModSys@@UAEXXZ 100054a0 f i umodsys_lib_lib3d:umodsys.mod.3d.stdlib.obj
 0001:000044a0       ?suicide@RTerminal@SDL_GL@ui@modules@UModSys@@UAEXXZ 100054a0 f i umodsys_lib_libui:umodsys.mod.ui.SDL_GL.obj
 0001:000044b0       ?root_get_interface_info@RVisualSceneMapper_Direct@stdlib@lib3d@modules@UModSys@@UBEABUSUniquePointerInfo@core@5@XZ 100054b0 f i umodsys_lib_lib3d:umodsys.mod.3d.stdlib.obj
 0001:000044c0       ?root_get_interface_type@RVisualSceneMapper_Direct@stdlib@lib3d@modules@UModSys@@UBEPBUSUniquePointerInfo@core@5@XZ 100054c0 f i umodsys_lib_lib3d:umodsys.mod.3d.stdlib.obj
 0001:000044d0       ?root_get_other_interface@RVisualSceneMapper_Direct@stdlib@lib3d@modules@UModSys@@UAEPAUIRoot@core@5@PBUSUniquePointerInfo@75@@Z 100054d0 f i umodsys_lib_lib3d:umodsys.mod.3d.stdlib.obj
 0001:000044d0       ?root_get_other_interface@RVisualSceneMapper_Direct@stdlib@lib3d@modules@UModSys@@UBEPBUIRoot@core@5@PBUSUniquePointerInfo@75@@Z 100054d0 f i umodsys_lib_lib3d:umodsys.mod.3d.stdlib.obj
 0001:00004500       ?root_is_interface_supported@RVisualSceneMapper_Direct@stdlib@lib3d@modules@UModSys@@UBE_NPBUSUniquePointerInfo@core@5@@Z 10005500 f i umodsys_lib_lib3d:umodsys.mod.3d.stdlib.obj
 0001:00004540       ?ref_add@RRenderer@stdlib@lib3d@modules@UModSys@@UBEXXZ 10005540 f i umodsys_lib_lib3d:umodsys.mod.3d.stdlib.obj
 0001:00004540       ?ref_add@RSerializeWriter@serialize_json@media@modules@UModSys@@UBEXXZ 10005540 f i umodsys_lib_libmedia:umodsys.mod.media.serialize_json.obj
 0001:00004540       ?ref_add@RVisualSceneMapper_Direct@stdlib@lib3d@modules@UModSys@@UBEXXZ 10005540 f i umodsys_lib_lib3d:umodsys.mod.3d.stdlib.obj
 0001:00004550       ?ref_weak@RRenderer@stdlib@lib3d@modules@UModSys@@UBE_NAAUWeakPointer@IRefObject@core@5@@Z 10005550 f i umodsys_lib_lib3d:umodsys.mod.3d.stdlib.obj
 0001:00004550       ?ref_weak@RVisualSceneMapper_Direct@stdlib@lib3d@modules@UModSys@@UBE_NAAUWeakPointer@IRefObject@core@5@@Z 10005550 f i umodsys_lib_lib3d:umodsys.mod.3d.stdlib.obj
 0001:00004550       ?ref_weak@RSerializeWriter@serialize_json@media@modules@UModSys@@UBE_NAAUWeakPointer@IRefObject@core@5@@Z 10005550 f i umodsys_lib_libmedia:umodsys.mod.media.serialize_json.obj
 0001:00004570       ?suicide@RVisualSceneMapper_Direct@stdlib@lib3d@modules@UModSys@@UAEXXZ 10005570 f i umodsys_lib_lib3d:umodsys.mod.3d.stdlib.obj
 0001:00004570       ?suicide@RRenderer@stdlib@lib3d@modules@UModSys@@UAEXXZ 10005570 f i umodsys_lib_lib3d:umodsys.mod.3d.stdlib.obj
 0001:00004570       ?suicide@RSerializeWriter@serialize_json@media@modules@UModSys@@UAEXXZ 10005570 f i umodsys_lib_libmedia:umodsys.mod.media.serialize_json.obj
 0001:00004580       ?root_get_interface_info@RGeneral@object_primitive@stdlib@lib3d@modules@UModSys@@UBEABUSUniquePointerInfo@core@6@XZ 10005580 f i umodsys_lib_lib3d:umodsys.mod.3d.stdlib.obj
 0001:00004590       ?root_get_interface_type@RGeneral@object_primitive@stdlib@lib3d@modules@UModSys@@UBEPBUSUniquePointerInfo@core@6@XZ 10005590 f i umodsys_lib_lib3d:umodsys.mod.3d.stdlib.obj
 0001:000045a0       ?root_get_other_interface@RGeneral@object_primitive@stdlib@lib3d@modules@UModSys@@UAEPAUIRoot@core@6@PBUSUniquePointerInfo@86@@Z 100055a0 f i umodsys_lib_lib3d:umodsys.mod.3d.stdlib.obj
 0001:000045a0       ?root_get_other_interface@RGeneral@object_primitive@stdlib@lib3d@modules@UModSys@@UBEPBUIRoot@core@6@PBUSUniquePointerInfo@86@@Z 100055a0 f i umodsys_lib_lib3d:umodsys.mod.3d.stdlib.obj
 0001:000045d0       ?root_is_interface_supported@RGeneral@object_primitive@stdlib@lib3d@modules@UModSys@@UBE_NPBUSUniquePointerInfo@core@6@@Z 100055d0 f i umodsys_lib_lib3d:umodsys.mod.3d.stdlib.obj
 0001:00004610       ?root_get_interface_info@RRender@object_primitive@stdlib@lib3d@modules@UModSys@@UBEABUSUniquePointerInfo@core@6@XZ 10005610 f i umodsys_lib_lib3d:umodsys.mod.3d.stdlib.obj
 0001:00004620       ?root_get_interface_type@RRender@object_primitive@stdlib@lib3d@modules@UModSys@@UBEPBUSUniquePointerInfo@core@6@XZ 10005620 f i umodsys_lib_lib3d:umodsys.mod.3d.stdlib.obj
 0001:00004630       ?root_get_other_interface@RRender@object_primitive@stdlib@lib3d@modules@UModSys@@UBEPBUIRoot@core@6@PBUSUniquePointerInfo@86@@Z 10005630 f i umodsys_lib_lib3d:umodsys.mod.3d.stdlib.obj
 0001:00004630       ?root_get_other_interface@RRender@object_primitive@stdlib@lib3d@modules@UModSys@@UAEPAUIRoot@core@6@PBUSUniquePointerInfo@86@@Z 10005630 f i umodsys_lib_lib3d:umodsys.mod.3d.stdlib.obj
 0001:00004670       ?root_is_interface_supported@RRender@object_primitive@stdlib@lib3d@modules@UModSys@@UBE_NPBUSUniquePointerInfo@core@6@@Z 10005670 f i umodsys_lib_lib3d:umodsys.mod.3d.stdlib.obj
 0001:000046b0       ?ref_remove@RRender@object_primitive@stdlib@lib3d@modules@UModSys@@UBEXXZ 100056b0 f i umodsys_lib_lib3d:umodsys.mod.3d.stdlib.obj
 0001:000046b0       ?ref_remove@RCollector@frames@ui@modules@UModSys@@UBEXXZ 100056b0 f i umodsys_lib_libui:umodsys.mod.ui.frames.obj
 0001:000046c0       ?ref_weak@RCollector@frames@ui@modules@UModSys@@UBE_NAAUWeakPointer@IRefObject@core@5@@Z 100056c0 f i umodsys_lib_libui:umodsys.mod.ui.frames.obj
 0001:000046c0       ?ref_weak@RRender@object_primitive@stdlib@lib3d@modules@UModSys@@UBE_NAAUWeakPointer@IRefObject@core@6@@Z 100056c0 f i umodsys_lib_lib3d:umodsys.mod.3d.stdlib.obj
 0001:000046e0       ?suicide@RRender@object_primitive@stdlib@lib3d@modules@UModSys@@UAEXXZ 100056e0 f i umodsys_lib_lib3d:umodsys.mod.3d.stdlib.obj
 0001:000046f0       ?root_get_interface_info@RVisual@object_primitive@stdlib@lib3d@modules@UModSys@@UBEABUSUniquePointerInfo@core@6@XZ 100056f0 f i umodsys_lib_lib3d:umodsys.mod.3d.stdlib.obj
 0001:00004700       ?root_get_interface_type@RVisual@object_primitive@stdlib@lib3d@modules@UModSys@@UBEPBUSUniquePointerInfo@core@6@XZ 10005700 f i umodsys_lib_lib3d:umodsys.mod.3d.stdlib.obj
 0001:00004710       ?root_get_other_interface@RVisual@object_primitive@stdlib@lib3d@modules@UModSys@@UBEPBUIRoot@core@6@PBUSUniquePointerInfo@86@@Z 10005710 f i umodsys_lib_lib3d:umodsys.mod.3d.stdlib.obj
 0001:00004710       ?root_get_other_interface@RVisual@object_primitive@stdlib@lib3d@modules@UModSys@@UAEPAUIRoot@core@6@PBUSUniquePointerInfo@86@@Z 10005710 f i umodsys_lib_lib3d:umodsys.mod.3d.stdlib.obj
 0001:00004750       ?root_is_interface_supported@RVisual@object_primitive@stdlib@lib3d@modules@UModSys@@UBE_NPBUSUniquePointerInfo@core@6@@Z 10005750 f i umodsys_lib_lib3d:umodsys.mod.3d.stdlib.obj
 0001:00004790       ?ref_add@RVisual@object_primitive@stdlib@lib3d@modules@UModSys@@UBEXXZ 10005790 f i umodsys_lib_lib3d:umodsys.mod.3d.stdlib.obj
 0001:00004790       ?ref_add@RVisual@object_camera@stdlib@lib3d@modules@UModSys@@UBEXXZ 10005790 f i umodsys_lib_lib3d:umodsys.mod.3d.stdlib.obj
 0001:000047a0       ?ref_links@RVisual@object_primitive@stdlib@lib3d@modules@UModSys@@UBEHXZ 100057a0 f i umodsys_lib_lib3d:umodsys.mod.3d.stdlib.obj
 0001:000047a0       ?ref_links@RVisual@object_camera@stdlib@lib3d@modules@UModSys@@UBEHXZ 100057a0 f i umodsys_lib_lib3d:umodsys.mod.3d.stdlib.obj
 0001:000047b0       ?root_get_interface_info@RGeneral@object_camera@stdlib@lib3d@modules@UModSys@@UBEABUSUniquePointerInfo@core@6@XZ 100057b0 f i umodsys_lib_lib3d:umodsys.mod.3d.stdlib.obj
 0001:000047c0       ?root_get_interface_type@RGeneral@object_camera@stdlib@lib3d@modules@UModSys@@UBEPBUSUniquePointerInfo@core@6@XZ 100057c0 f i umodsys_lib_lib3d:umodsys.mod.3d.stdlib.obj
 0001:000047d0       ?root_get_other_interface@RGeneral@object_camera@stdlib@lib3d@modules@UModSys@@UAEPAUIRoot@core@6@PBUSUniquePointerInfo@86@@Z 100057d0 f i umodsys_lib_lib3d:umodsys.mod.3d.stdlib.obj
 0001:000047d0       ?root_get_other_interface@RGeneral@object_camera@stdlib@lib3d@modules@UModSys@@UBEPBUIRoot@core@6@PBUSUniquePointerInfo@86@@Z 100057d0 f i umodsys_lib_lib3d:umodsys.mod.3d.stdlib.obj
 0001:00004800       ?root_is_interface_supported@RGeneral@object_camera@stdlib@lib3d@modules@UModSys@@UBE_NPBUSUniquePointerInfo@core@6@@Z 10005800 f i umodsys_lib_lib3d:umodsys.mod.3d.stdlib.obj
 0001:00004840       ?root_get_interface_info@RVisual@object_camera@stdlib@lib3d@modules@UModSys@@UBEABUSUniquePointerInfo@core@6@XZ 10005840 f i umodsys_lib_lib3d:umodsys.mod.3d.stdlib.obj
 0001:00004850       ?root_get_interface_type@RVisual@object_camera@stdlib@lib3d@modules@UModSys@@UBEPBUSUniquePointerInfo@core@6@XZ 10005850 f i umodsys_lib_lib3d:umodsys.mod.3d.stdlib.obj
 0001:00004860       ?root_get_other_interface@RVisual@object_camera@stdlib@lib3d@modules@UModSys@@UAEPAUIRoot@core@6@PBUSUniquePointerInfo@86@@Z 10005860 f i umodsys_lib_lib3d:umodsys.mod.3d.stdlib.obj
 0001:00004860       ?root_get_other_interface@RVisual@object_camera@stdlib@lib3d@modules@UModSys@@UBEPBUIRoot@core@6@PBUSUniquePointerInfo@86@@Z 10005860 f i umodsys_lib_lib3d:umodsys.mod.3d.stdlib.obj
 0001:000048a0       ?root_is_interface_supported@RVisual@object_camera@stdlib@lib3d@modules@UModSys@@UBE_NPBUSUniquePointerInfo@core@6@@Z 100058a0 f i umodsys_lib_lib3d:umodsys.mod.3d.stdlib.obj
 0001:000048e0       ?ref_remove@RVisual@object_camera@stdlib@lib3d@modules@UModSys@@UBEXXZ 100058e0 f i umodsys_lib_lib3d:umodsys.mod.3d.stdlib.obj
 0001:000048e0       ?ref_remove@RVisual@object_primitive@stdlib@lib3d@modules@UModSys@@UBEXXZ 100058e0 f i umodsys_lib_lib3d:umodsys.mod.3d.stdlib.obj
 0001:00004900       ?ref_weak@RVisual@object_primitive@stdlib@lib3d@modules@UModSys@@UBE_NAAUWeakPointer@IRefObject@core@6@@Z 10005900 f i umodsys_lib_lib3d:umodsys.mod.3d.stdlib.obj
 0001:00004900       ?ref_weak@RVisual@object_camera@stdlib@lib3d@modules@UModSys@@UBE_NAAUWeakPointer@IRefObject@core@6@@Z 10005900 f i umodsys_lib_lib3d:umodsys.mod.3d.stdlib.obj
 0001:00004930       ?suicide@RVisual@object_primitive@stdlib@lib3d@modules@UModSys@@UAEXXZ 10005930 f i umodsys_lib_lib3d:umodsys.mod.3d.stdlib.obj
 0001:00004930       ?suicide@RVisual@object_camera@stdlib@lib3d@modules@UModSys@@UAEXXZ 10005930 f i umodsys_lib_lib3d:umodsys.mod.3d.stdlib.obj
 0001:00004940       ?get_generated_names@RGenerator@stdlib@lib3d@modules@UModSys@@UBEHAAUSUniquePtrList@core@5@@Z 10005940 f i umodsys_lib_lib3d:umodsys.mod.3d.stdlib.obj
 0001:00004990       ?get_generated_types@RGenerator@stdlib@lib3d@modules@UModSys@@UBEHAAUSUniquePtrList@core@5@PBUSUniquePointerInfo@75@@Z 10005990 f i umodsys_lib_lib3d:umodsys.mod.3d.stdlib.obj
 0001:00004ab0       ?generate@RGenerator@stdlib@lib3d@modules@UModSys@@UAE_NAAU?$TRefObject@UIRefObject@core@UModSys@@U?$TRefObjectFunc@UIRefObject@core@UModSys@@@tl@3@@tl@5@PBUSUniquePointerInfo@core@5@ABUSParameters@95@@Z 10005ab0 f i umodsys_lib_lib3d:umodsys.mod.3d.stdlib.obj
 0001:00004b40       ?root_get_interface_info@RGenerator@stdlib@lib3d@modules@UModSys@@UBEABUSUniquePointerInfo@core@5@XZ 10005b40 f i umodsys_lib_lib3d:umodsys.mod.3d.stdlib.obj
 0001:00004b50       ?root_get_interface_type@RGenerator@stdlib@lib3d@modules@UModSys@@UBEPBUSUniquePointerInfo@core@5@XZ 10005b50 f i umodsys_lib_lib3d:umodsys.mod.3d.stdlib.obj
 0001:00004b60       ?root_get_other_interface@RGenerator@stdlib@lib3d@modules@UModSys@@UAEPAUIRoot@core@5@PBUSUniquePointerInfo@75@@Z 10005b60 f i umodsys_lib_lib3d:umodsys.mod.3d.stdlib.obj
 0001:00004b60       ?root_get_other_interface@RGenerator@stdlib@lib3d@modules@UModSys@@UBEPBUIRoot@core@5@PBUSUniquePointerInfo@75@@Z 10005b60 f i umodsys_lib_lib3d:umodsys.mod.3d.stdlib.obj
 0001:00004ba0       ?root_is_interface_supported@RGenerator@stdlib@lib3d@modules@UModSys@@UBE_NPBUSUniquePointerInfo@core@5@@Z 10005ba0 f i umodsys_lib_lib3d:umodsys.mod.3d.stdlib.obj
 0001:00004be0       ?get_uid@RGenerator@stdlib@lib3d@modules@UModSys@@UBEPBUSUniquePointerInfo@core@5@XZ 10005be0 f i umodsys_lib_lib3d:umodsys.mod.3d.stdlib.obj
 0001:00004bf0       ??_GRRenderer@stdlib@lib3d@modules@UModSys@@UAEPAXI@Z 10005bf0 f i umodsys_lib_lib3d:umodsys.mod.3d.stdlib.obj
 0001:00004bf0       ??_ERRenderer@stdlib@lib3d@modules@UModSys@@UAEPAXI@Z 10005bf0 f i  CIL library: CIL module
 0001:00004c10       ??0Scene@IVisualizerScene@lib3d@UModSys@@QAE@ABU0123@@Z 10005c10 f i umodsys_lib_lib3d:umodsys.mod.3d.stdlib.obj
 0001:00004c70       ??_ERVisualizerScene@stdlib@lib3d@modules@UModSys@@UAEPAXI@Z 10005c70 f i  CIL library: CIL module
 0001:00004c70       ??_GRVisualizerScene@stdlib@lib3d@modules@UModSys@@UAEPAXI@Z 10005c70 f i umodsys_lib_lib3d:umodsys.mod.3d.stdlib.obj
 0001:00004c90       ??1IFrame@libui@UModSys@@UAE@XZ 10005c90 f i umodsys_lib_libui:umodsys.mod.ui.frames.obj
 0001:00004c90       ??1IMouseController@libui@UModSys@@UAE@XZ 10005c90 f i umodsys_lib_libui:umodsys.mod.ui.SDL_GL.obj
 0001:00004c90       ??1IClient@IBinArchiveFrame@libmedia@UModSys@@UAE@XZ 10005c90 f i umodsys_lib_libmedia:umodsys.mod.media.zlib.obj
 0001:00004c90       ??1IDialog@libui@UModSys@@UAE@XZ 10005c90 f i umodsys_lib_libui:umodsys.mod.ui.frames.obj
 0001:00004c90       ??1IRenderer@lib3d@UModSys@@UAE@XZ 10005c90 f i umodsys_lib_lib3d:umodsys.mod.3d.stdlib.obj
 0001:00004c90       ??1IShell@base@UModSys@@UAE@XZ 10005c90 f i plugin_test1.obj
 0001:00004c90       ??1ITexture@lib3d@UModSys@@UAE@XZ 10005c90 f i umodsys_lib_libui:umodsys.mod.ui.SDL_GL.obj
 0001:00004c90       ??1IImageFactory@lib2d@UModSys@@UAE@XZ 10005c90 f i umodsys_lib_lib2d:umodsys.mod.2d.stdlib.obj
 0001:00004c90       ??1IVisualizerScene@lib3d@UModSys@@UAE@XZ 10005c90 f i umodsys_lib_lib3d:umodsys.mod.3d.stdlib.obj
 0001:00004c90       ??1IGeneralObject@lib3d@UModSys@@UAE@XZ 10005c90 f i umodsys_lib_lib3d:umodsys.mod.3d.stdlib.obj
 0001:00004c90       ??1IVisualSceneMapper@lib3d@UModSys@@UAE@XZ 10005c90 f i umodsys_lib_lib3d:umodsys.mod.3d.stdlib.obj
 0001:00004c90       ??1ICollector@libui@UModSys@@UAE@XZ 10005c90 f i umodsys_lib_libui:umodsys.mod.ui.frames.obj
 0001:00004c90       ??1IMultiImage@lib2d@UModSys@@UAE@XZ 10005c90 f i umodsys_lib_lib2d:umodsys.mod.2d.stdlib.obj
 0001:00004c90       ??1IImage@lib2d@UModSys@@UAE@XZ 10005c90 f i umodsys_lib_lib2d:umodsys.mod.2d.stdlib.obj
 0001:00004c90       ??1IRenderDriver@lib2d@UModSys@@UAE@XZ 10005c90 f i umodsys_lib_libui:umodsys.mod.ui.SDL_GL.obj
 0001:00004c90       ??1ITerminal@libui@UModSys@@UAE@XZ 10005c90 f i umodsys_lib_libui:umodsys.mod.ui.SDL_GL.obj
 0001:00004c90       ??1IKeyboardController@libui@UModSys@@UAE@XZ 10005c90 f i umodsys_lib_libui:umodsys.mod.ui.SDL_GL.obj
 0001:00004c90       ??1ISerializeReader@libmedia@UModSys@@UAE@XZ 10005c90 f i umodsys_lib_libmedia:umodsys.mod.media.serialize_json.obj
 0001:00004c90       ??1ISerializeWriter@libmedia@UModSys@@UAE@XZ 10005c90 f i umodsys_lib_libmedia:umodsys.mod.media.serialize_json.obj
 0001:00004c90       ??1IRenderDriver@lib3d@UModSys@@UAE@XZ 10005c90 f i umodsys_lib_libui:umodsys.mod.ui.SDL_GL.obj
 0001:00004c90       ??1IVertexArray@lib3d@UModSys@@UAE@XZ 10005c90 f i umodsys_lib_libui:umodsys.mod.ui.SDL_GL.obj
 0001:00004ca0       ??_GRVisualSceneMapper_Direct@stdlib@lib3d@modules@UModSys@@UAEPAXI@Z 10005ca0 f i umodsys_lib_lib3d:umodsys.mod.3d.stdlib.obj
 0001:00004ca0       ??_ERVisualSceneMapper_Direct@stdlib@lib3d@modules@UModSys@@UAEPAXI@Z 10005ca0 f i  CIL library: CIL module
 0001:00004cc0       ??_ERGeneral@object_camera@stdlib@lib3d@modules@UModSys@@UAEPAXI@Z 10005cc0 f i  CIL library: CIL module
 0001:00004cc0       ??_GRGeneral@object_camera@stdlib@lib3d@modules@UModSys@@UAEPAXI@Z 10005cc0 f i umodsys_lib_lib3d:umodsys.mod.3d.stdlib.obj
 0001:00004ce0       ??_GRVisual@object_camera@stdlib@lib3d@modules@UModSys@@UAEPAXI@Z 10005ce0 f i umodsys_lib_lib3d:umodsys.mod.3d.stdlib.obj
 0001:00004ce0       ??_ERVisual@object_camera@stdlib@lib3d@modules@UModSys@@UAEPAXI@Z 10005ce0 f i  CIL library: CIL module
 0001:00004d00       ??1IBinObjFilter@libmedia@UModSys@@UAE@XZ 10005d00 f i plugin_test1.obj
 0001:00004d00       ??1IVisualObject_Brush@lib3d@UModSys@@UAE@XZ 10005d00 f i umodsys_lib_lib3d:umodsys.mod.3d.stdlib.obj
 0001:00004d00       ??1IVisualObject_Camera@lib3d@UModSys@@UAE@XZ 10005d00 f i umodsys_lib_lib3d:umodsys.mod.3d.stdlib.obj
 0001:00004d50       ??_ERGeneral@object_primitive@stdlib@lib3d@modules@UModSys@@UAEPAXI@Z 10005d50 f i  CIL library: CIL module
 0001:00004d50       ??_GRGeneral@object_primitive@stdlib@lib3d@modules@UModSys@@UAEPAXI@Z 10005d50 f i umodsys_lib_lib3d:umodsys.mod.3d.stdlib.obj
 0001:00004d70       ??_GRRender@object_primitive@stdlib@lib3d@modules@UModSys@@UAEPAXI@Z 10005d70 f i umodsys_lib_lib3d:umodsys.mod.3d.stdlib.obj
 0001:00004d70       ??_ERRender@object_primitive@stdlib@lib3d@modules@UModSys@@UAEPAXI@Z 10005d70 f i  CIL library: CIL module
 0001:00004d90       ??1IRenderObject_Brush@lib3d@UModSys@@UAE@XZ 10005d90 f i umodsys_lib_lib3d:umodsys.mod.3d.stdlib.obj
 0001:00004de0       ??_GRVisual@object_primitive@stdlib@lib3d@modules@UModSys@@UAEPAXI@Z 10005de0 f i umodsys_lib_lib3d:umodsys.mod.3d.stdlib.obj
 0001:00004de0       ??_ERVisual@object_primitive@stdlib@lib3d@modules@UModSys@@UAEPAXI@Z 10005de0 f i  CIL library: CIL module
 0001:00004e00       ?do_open@RModuleReg@stdlib@lib3d@modules@UModSys@@UAE_NXZ 10005e00 f i umodsys_lib_lib3d:umodsys.mod.3d.stdlib.obj
 0001:00004e10       ?do_close@RModuleReg@stdlib@lib3d@modules@UModSys@@UAE_NXZ 10005e10 f i umodsys_lib_lib3d:umodsys.mod.3d.stdlib.obj
 0001:00004e20       ??_ERModuleReg@stdlib@lib3d@modules@UModSys@@UAEPAXI@Z 10005e20 f i  CIL library: CIL module
 0001:00004e20       ??_GRModuleReg@stdlib@lib3d@modules@UModSys@@UAEPAXI@Z 10005e20 f i umodsys_lib_lib3d:umodsys.mod.3d.stdlib.obj
 0001:00004e50       ?normalized@?$TVector3@N@math3d@UModSys@@QBE?AU123@XZ 10005e50 f i umodsys_lib_lib3d:umodsys.mod.3d.stdlib.obj
 0001:00004eb0       ?from_3pr@?$TPlane3@N@math3d@UModSys@@QAEXABU?$TVector3@N@23@00@Z 10005eb0 f i umodsys_lib_lib3d:umodsys.mod.3d.stdlib.obj
 0001:00004f20       ??1?$TRStackSocket@PAUIVisualObject@lib3d@UModSys@@U?$TDynarrayDynamic@PAUIVisualObject@lib3d@UModSys@@U?$TAllocator@USIMemAlloc@core@UModSys@@USCountCalcPower2@23@@tl@3@@tl@3@@tl@UModSys@@QAE@XZ 10005f20 f i umodsys_lib_lib3d:umodsys.mod.3d.stdlib.obj
 0001:00004f30       ?isempty@?$TRStackSocket@PAUIVisualObject@lib3d@UModSys@@U?$TDynarrayDynamic@PAUIVisualObject@lib3d@UModSys@@U?$TAllocator@USIMemAlloc@core@UModSys@@USCountCalcPower2@23@@tl@3@@tl@3@@tl@UModSys@@UBE_NXZ 10005f30 f i umodsys_lib_lib3d:umodsys.mod.3d.stdlib.obj
 0001:00004f40       ?isfull@?$TRStackSocket@PAUIVisualObject@lib3d@UModSys@@U?$TDynarrayDynamic@PAUIVisualObject@lib3d@UModSys@@U?$TAllocator@USIMemAlloc@core@UModSys@@USCountCalcPower2@23@@tl@3@@tl@3@@tl@UModSys@@UBE_NXZ 10005f40 f i umodsys_lib_lib3d:umodsys.mod.3d.stdlib.obj
 0001:00004f50       ?push@?$TRStackSocket@PAUIVisualObject@lib3d@UModSys@@U?$TDynarrayDynamic@PAUIVisualObject@lib3d@UModSys@@U?$TAllocator@USIMemAlloc@core@UModSys@@USCountCalcPower2@23@@tl@3@@tl@3@@tl@UModSys@@UAE_NABQAUIVisualObject@lib3d@3@@Z 10005f50 f i umodsys_lib_lib3d:umodsys.mod.3d.stdlib.obj
 0001:00004f90       ?pop@?$TRStackSocket@PAUIVisualObject@lib3d@UModSys@@U?$TDynarrayDynamic@PAUIVisualObject@lib3d@UModSys@@U?$TAllocator@USIMemAlloc@core@UModSys@@USCountCalcPower2@23@@tl@3@@tl@3@@tl@UModSys@@UAE_NAAPAUIVisualObject@lib3d@3@@Z 10005f90 f i umodsys_lib_lib3d:umodsys.mod.3d.stdlib.obj
 0001:00004fc0       ?Free@?$TDynarray@U?$TDynarrayHolderDynamic@PAUIVisualObject@lib3d@UModSys@@U?$TAllocator@USIMemAlloc@core@UModSys@@USCountCalcPower2@23@@tl@3@@tl@UModSys@@@tl@UModSys@@QAE_NXZ 10005fc0 f i umodsys_lib_lib3d:umodsys.mod.3d.stdlib.obj
 0001:00005020       ?ResizeRel@?$TDynarray@U?$TDynarrayHolderDynamic@UScene@IVisualizerScene@lib3d@UModSys@@U?$TAllocator@USIMemAlloc@core@UModSys@@USCountCalcPower2@23@@tl@4@@tl@UModSys@@@tl@UModSys@@QAE_NH@Z 10006020 f i umodsys_lib_lib3d:umodsys.mod.3d.stdlib.obj
 0001:000050a0       ?RemoveAt@?$TDynarray@U?$TDynarrayHolderDynamic@UScene@IVisualizerScene@lib3d@UModSys@@U?$TAllocator@USIMemAlloc@core@UModSys@@USCountCalcPower2@23@@tl@4@@tl@UModSys@@@tl@UModSys@@QAE_NII@Z 100060a0 f i umodsys_lib_lib3d:umodsys.mod.3d.stdlib.obj
 0001:000050f0       ?obj_delete@?$TRefObjectLinksParent@URDialog@frames@ui@modules@UModSys@@URCollector@2345@@tl@UModSys@@QBEXPAURDialog@frames@ui@modules@3@@Z 100060f0 f i umodsys_lib_libui:umodsys.mod.ui.frames.obj
 0001:000050f0       ?obj_delete@?$TRefObjectLinksParent@URMultiImage2D_SDL_ttf@SDL_core@ui@modules@UModSys@@URRenderDriver2D@2345@@tl@UModSys@@QBEXPAURMultiImage2D_SDL_ttf@SDL_core@ui@modules@3@@Z 100060f0 f i umodsys_lib_libui:umodsys.mod.ui.SDL_core.obj
 0001:000050f0       ?obj_delete@?$TRefObjectLinksParent@URFrame_Button@frames@ui@modules@UModSys@@URCollector@2345@@tl@UModSys@@QBEXPAURFrame_Button@frames@ui@modules@3@@Z 100060f0 f i umodsys_lib_libui:umodsys.mod.ui.frames.obj
 0001:000050f0       ?obj_delete@?$TRefObjectLinksParent@URMultiImage2D_SDL_ttf@SDL_GL@ui@modules@UModSys@@URRenderDriver3D@2345@@tl@UModSys@@QBEXPAURMultiImage2D_SDL_ttf@SDL_GL@ui@modules@3@@Z 100060f0 f i umodsys_lib_libui:umodsys.mod.ui.SDL_GL.obj
 0001:000050f0       ?obj_delete@?$TRefObjectLinksParent@URRender@object_primitive@stdlib@lib3d@modules@UModSys@@URGeneral@23456@@tl@UModSys@@QBEXPAURRender@object_primitive@stdlib@lib3d@modules@3@@Z 100060f0 f i umodsys_lib_lib3d:umodsys.mod.3d.stdlib.obj
 0001:000050f0       ?obj_delete@?$TRefObjectLinksParent@URVisual@object_camera@stdlib@lib3d@modules@UModSys@@URGeneral@23456@@tl@UModSys@@QBEXPAURVisual@object_camera@stdlib@lib3d@modules@3@@Z 100060f0 f i umodsys_lib_lib3d:umodsys.mod.3d.stdlib.obj
 0001:000050f0       ?obj_delete@?$TRefObjectLinksParent@URFrame_Edit@frames@ui@modules@UModSys@@URCollector@2345@@tl@UModSys@@QBEXPAURFrame_Edit@frames@ui@modules@3@@Z 100060f0 f i umodsys_lib_libui:umodsys.mod.ui.frames.obj
 0001:000050f0       ?obj_delete@?$TRefObjectLinksParent@URFrame_Image@frames@ui@modules@UModSys@@URCollector@2345@@tl@UModSys@@QBEXPAURFrame_Image@frames@ui@modules@3@@Z 100060f0 f i umodsys_lib_libui:umodsys.mod.ui.frames.obj
 0001:000050f0       ?obj_delete@?$TRefObjectLinksParent@URFrame_Text@frames@ui@modules@UModSys@@URCollector@2345@@tl@UModSys@@QBEXPAURFrame_Text@frames@ui@modules@3@@Z 100060f0 f i umodsys_lib_libui:umodsys.mod.ui.frames.obj
 0001:000050f0       ?obj_delete@?$TRefObjectLinksParent@URFrame_List@frames@ui@modules@UModSys@@URCollector@2345@@tl@UModSys@@QBEXPAURFrame_List@frames@ui@modules@3@@Z 100060f0 f i umodsys_lib_libui:umodsys.mod.ui.frames.obj
 0001:000050f0       ?obj_delete@?$TRefObjectLinksParent@URVisual@object_primitive@stdlib@lib3d@modules@UModSys@@URRender@23456@@tl@UModSys@@QBEXPAURVisual@object_primitive@stdlib@lib3d@modules@3@@Z 100060f0 f i umodsys_lib_lib3d:umodsys.mod.3d.stdlib.obj
 0001:000050f0       ?obj_delete@?$TRefObjectLinksParent@URVertexArray@SDL_GL@ui@modules@UModSys@@URRenderDriver3D@2345@@tl@UModSys@@QBEXPAURVertexArray@SDL_GL@ui@modules@3@@Z 100060f0 f i umodsys_lib_libui:umodsys.mod.ui.SDL_GL.obj
 0001:000050f0       ?obj_delete@?$TRefObjectLinksParent@URFrame_Frame@frames@ui@modules@UModSys@@URCollector@2345@@tl@UModSys@@QBEXPAURFrame_Frame@frames@ui@modules@3@@Z 100060f0 f i umodsys_lib_libui:umodsys.mod.ui.frames.obj
 0001:000050f0       ?obj_delete@?$TRefObjectLinksParent@URTextureGL@SDL_GL@ui@modules@UModSys@@URRenderDriver3D@2345@@tl@UModSys@@QBEXPAURTextureGL@SDL_GL@ui@modules@3@@Z 100060f0 f i umodsys_lib_libui:umodsys.mod.ui.SDL_GL.obj
 0001:00005160       ??$t_types@URGeneral@object_camera@stdlib@lib3d@modules@UModSys@@@IGenerator@base@UModSys@@KA_NAAHAAUSUniquePtrList@core@2@PBUSUniquePointerInfo@42@@Z 10006160 f i umodsys_lib_lib3d:umodsys.mod.3d.stdlib.obj
 0001:000051a0       ??$t_types@URGeneral@object_primitive@stdlib@lib3d@modules@UModSys@@@IGenerator@base@UModSys@@KA_NAAHAAUSUniquePtrList@core@2@PBUSUniquePointerInfo@42@@Z 100061a0 f i umodsys_lib_lib3d:umodsys.mod.3d.stdlib.obj
 0001:000051e0       ??$t_gen_param@URRenderer@stdlib@lib3d@modules@UModSys@@URGenerator@2345@@IGenerator@base@UModSys@@IAE_NPAURGenerator@stdlib@lib3d@modules@2@AAU?$TRefObject@UIRefObject@core@UModSys@@U?$TRefObjectFunc@UIRefObject@core@UModSys@@@tl@3@@tl@2@PBUSUniquePointerInfo@core@2@ABUSParameters@core@2@@Z 100061e0 f i umodsys_lib_lib3d:umodsys.mod.3d.stdlib.obj
 0001:00005250       ??$t_gen_param@URVisualizerScene@stdlib@lib3d@modules@UModSys@@URGenerator@2345@@IGenerator@base@UModSys@@IAE_NPAURGenerator@stdlib@lib3d@modules@2@AAU?$TRefObject@UIRefObject@core@UModSys@@U?$TRefObjectFunc@UIRefObject@core@UModSys@@@tl@3@@tl@2@PBUSUniquePointerInfo@core@2@ABUSParameters@core@2@@Z 10006250 f i umodsys_lib_lib3d:umodsys.mod.3d.stdlib.obj
 0001:000052c0       ??$t_gen_param@URVisualSceneMapper_Direct@stdlib@lib3d@modules@UModSys@@URGenerator@2345@@IGenerator@base@UModSys@@IAE_NPAURGenerator@stdlib@lib3d@modules@2@AAU?$TRefObject@UIRefObject@core@UModSys@@U?$TRefObjectFunc@UIRefObject@core@UModSys@@@tl@3@@tl@2@PBUSUniquePointerInfo@core@2@ABUSParameters@core@2@@Z 100062c0 f i umodsys_lib_lib3d:umodsys.mod.3d.stdlib.obj
 0001:00005340       ??$t_gen_param@URGeneral@object_camera@stdlib@lib3d@modules@UModSys@@URGenerator@3456@@IGenerator@base@UModSys@@IAE_NPAURGenerator@stdlib@lib3d@modules@2@AAU?$TRefObject@UIRefObject@core@UModSys@@U?$TRefObjectFunc@UIRefObject@core@UModSys@@@tl@3@@tl@2@PBUSUniquePointerInfo@core@2@ABUSParameters@core@2@@Z 10006340 f i umodsys_lib_lib3d:umodsys.mod.3d.stdlib.obj
 0001:000053c0       ??$t_gen_param@URGeneral@object_primitive@stdlib@lib3d@modules@UModSys@@URGenerator@3456@@IGenerator@base@UModSys@@IAE_NPAURGenerator@stdlib@lib3d@modules@2@AAU?$TRefObject@UIRefObject@core@UModSys@@U?$TRefObjectFunc@UIRefObject@core@UModSys@@@tl@3@@tl@2@PBUSUniquePointerInfo@core@2@ABUSParameters@core@2@@Z 100063c0 f i umodsys_lib_lib3d:umodsys.mod.3d.stdlib.obj
 0001:00005440       ?ReLink@?$TDynarray@U?$TDynarrayHolderDynamic@UScene@IVisualizerScene@lib3d@UModSys@@U?$TAllocator@USIMemAlloc@core@UModSys@@USCountCalcPower2@23@@tl@4@@tl@UModSys@@@tl@UModSys@@IAE_NI@Z 10006440 f i umodsys_lib_lib3d:umodsys.mod.3d.stdlib.obj
 0001:00005440       ?ReLink@?$TDynarray@U?$TDynarrayHolderDynamic@UNode@RSerializeReader@serialize_json@media@modules@UModSys@@U?$TAllocator@USIMemAlloc@core@UModSys@@USCountCalcPower2@23@@tl@6@@tl@UModSys@@@tl@UModSys@@IAE_NI@Z 10006440 f i umodsys_lib_libmedia:umodsys.mod.media.serialize_json.obj
 0001:00005490       ?ReLink@?$TDynarray@U?$TDynarrayHolderDynamic@PAUIVisualObject@lib3d@UModSys@@U?$TAllocator@USIMemAlloc@core@UModSys@@USCountCalcPower2@23@@tl@3@@tl@UModSys@@@tl@UModSys@@IAE_NI@Z 10006490 f i umodsys_lib_lib3d:umodsys.mod.3d.stdlib.obj
 0001:00005490       ?ReLink@?$TDynarray@U?$TDynarrayHolderDynamic@U?$TRefObject@URFrame_Common@frames@ui@modules@UModSys@@U?$TRefObjectFunc@URFrame_Common@frames@ui@modules@UModSys@@@tl@5@@tl@UModSys@@U?$TAllocator@USIMemAlloc@core@UModSys@@USCountCalcPower2@23@@23@@tl@UModSys@@@tl@UModSys@@IAE_NI@Z 10006490 f i umodsys_lib_libui:umodsys.mod.ui.frames.obj
 0001:00005490       ?ReLink@?$TDynarray@U?$TDynarrayHolderDynamic@U?$TRefObject@UIImage@lib2d@UModSys@@U?$TRefObjectFunc@UIImage@lib2d@UModSys@@@tl@3@@tl@UModSys@@U?$TAllocator@USIMemAlloc@core@UModSys@@USCountCalcPower2@23@@23@@tl@UModSys@@@tl@UModSys@@IAE_NI@Z 10006490 f i umodsys_lib_lib2d:umodsys.mod.2d.stdlib.obj
 0001:00005490       ?ReLink@?$TDynarray@U?$TDynarrayHolderDynamic@U?$TRefObject@URDialog@frames@ui@modules@UModSys@@U?$TRefObjectFunc@URDialog@frames@ui@modules@UModSys@@@tl@5@@tl@UModSys@@U?$TAllocator@USIMemAlloc@core@UModSys@@USCountCalcPower2@23@@23@@tl@UModSys@@@tl@UModSys@@IAE_NI@Z 10006490 f i umodsys_lib_libui:umodsys.mod.ui.frames.obj
 0001:000054e0       ?amoveleft@?$TTypeConstructor@UScene@IVisualizerScene@lib3d@UModSys@@@tl@UModSys@@SAXPAUScene@IVisualizerScene@lib3d@3@III@Z 100064e0 f i umodsys_lib_lib3d:umodsys.mod.3d.stdlib.obj
 0001:000055a0       ?aconstructcopy@?$TTypeConstructor@UScene@IVisualizerScene@lib3d@UModSys@@@tl@UModSys@@SAXPAUScene@IVisualizerScene@lib3d@3@IABU4563@@Z 100065a0 f i umodsys_lib_lib3d:umodsys.mod.3d.stdlib.obj
 0001:00005600       ?adestruct@?$TTypeConstructor@UScene@IVisualizerScene@lib3d@UModSys@@@tl@UModSys@@SAXPAUScene@IVisualizerScene@lib3d@3@I@Z 10006600 f i umodsys_lib_lib3d:umodsys.mod.3d.stdlib.obj
 0001:00005680       ??$ValidateConstruction@UIImage@lib2d@UModSys@@URImage_Memory@stdlib@2modules@3@@core@UModSys@@YA_NAAU?$TRefObject@UIImage@lib2d@UModSys@@U?$TRefObjectFunc@UIImage@lib2d@UModSys@@@tl@3@@tl@1@PAURImage_Memory@stdlib@lib2d@modules@1@@Z 10006680 f i umodsys_lib_lib2d:umodsys.mod.2d.stdlib.obj
 0001:00005680       ??$ValidateConstruction@UIRefObject@core@UModSys@@URImageFactory_Memory@stdlib@lib2d@modules@3@@core@UModSys@@YA_NAAU?$TRefObject@UIRefObject@core@UModSys@@U?$TRefObjectFunc@UIRefObject@core@UModSys@@@tl@3@@tl@1@PAURImageFactory_Memory@stdlib@lib2d@modules@1@@Z 10006680 f i umodsys_lib_lib2d:umodsys.mod.2d.stdlib.obj
 0001:00005680       ??$ValidateConstruction@UIRefObject@core@UModSys@@URVisualSceneMapper_Direct@stdlib@lib3d@modules@3@@core@UModSys@@YA_NAAU?$TRefObject@UIRefObject@core@UModSys@@U?$TRefObjectFunc@UIRefObject@core@UModSys@@@tl@3@@tl@1@PAURVisualSceneMapper_Direct@stdlib@lib3d@modules@1@@Z 10006680 f i umodsys_lib_lib3d:umodsys.mod.3d.stdlib.obj
 0001:00005680       ??$ValidateConstruction@UIRefObject@core@UModSys@@URTerminalX@SDL_core@ui@modules@3@@core@UModSys@@YA_NAAU?$TRefObject@UIRefObject@core@UModSys@@U?$TRefObjectFunc@UIRefObject@core@UModSys@@@tl@3@@tl@1@PAURTerminalX@SDL_core@ui@modules@1@@Z 10006680 f i umodsys_lib_libui:umodsys.mod.ui.SDL_core.obj
 0001:00005680       ??$ValidateConstruction@UIRefObject@core@UModSys@@URGeneral@object_camera@stdlib@lib3d@modules@3@@core@UModSys@@YA_NAAU?$TRefObject@UIRefObject@core@UModSys@@U?$TRefObjectFunc@UIRefObject@core@UModSys@@@tl@3@@tl@1@PAURGeneral@object_camera@stdlib@lib3d@modules@1@@Z 10006680 f i umodsys_lib_lib3d:umodsys.mod.3d.stdlib.obj
 0001:00005680       ??$ValidateConstruction@UIRefObject@core@UModSys@@URVisualizerScene@stdlib@lib3d@modules@3@@core@UModSys@@YA_NAAU?$TRefObject@UIRefObject@core@UModSys@@U?$TRefObjectFunc@UIRefObject@core@UModSys@@@tl@3@@tl@1@PAURVisualizerScene@stdlib@lib3d@modules@1@@Z 10006680 f i umodsys_lib_lib3d:umodsys.mod.3d.stdlib.obj
 0001:00005680       ??$ValidateConstruction@UIRefObject@core@UModSys@@URTerminalX@SDL_GL@ui@modules@3@@core@UModSys@@YA_NAAU?$TRefObject@UIRefObject@core@UModSys@@U?$TRefObjectFunc@UIRefObject@core@UModSys@@@tl@3@@tl@1@PAURTerminalX@SDL_GL@ui@modules@1@@Z 10006680 f i umodsys_lib_libui:umodsys.mod.ui.SDL_GL.obj
 0001:00005680       ??$ValidateConstruction@UIRefObject@core@UModSys@@URRenderer@stdlib@lib3d@modules@3@@core@UModSys@@YA_NAAU?$TRefObject@UIRefObject@core@UModSys@@U?$TRefObjectFunc@UIRefObject@core@UModSys@@@tl@3@@tl@1@PAURRenderer@stdlib@lib3d@modules@1@@Z 10006680 f i umodsys_lib_lib3d:umodsys.mod.3d.stdlib.obj
 0001:00005680       ??$ValidateConstruction@UIRefObject@core@UModSys@@URImage_Memory@stdlib@lib2d@modules@3@@core@UModSys@@YA_NAAU?$TRefObject@UIRefObject@core@UModSys@@U?$TRefObjectFunc@UIRefObject@core@UModSys@@@tl@3@@tl@1@PAURImage_Memory@stdlib@lib2d@modules@1@@Z 10006680 f i umodsys_lib_lib2d:umodsys.mod.2d.stdlib.obj
 0001:00005680       ??$ValidateConstruction@UIRefObject@core@UModSys@@URMediaFilter@images_std@media@modules@3@@core@UModSys@@YA_NAAU?$TRefObject@UIRefObject@core@UModSys@@U?$TRefObjectFunc@UIRefObject@core@UModSys@@@tl@3@@tl@1@PAURMediaFilter@images_std@media@modules@1@@Z 10006680 f i umodsys_lib_libmedia:umodsys.mod.media.images_std.obj
 0001:00005680       ??$ValidateConstruction@UIRefObject@core@UModSys@@URGeneral@object_primitive@stdlib@lib3d@modules@3@@core@UModSys@@YA_NAAU?$TRefObject@UIRefObject@core@UModSys@@U?$TRefObjectFunc@UIRefObject@core@UModSys@@@tl@3@@tl@1@PAURGeneral@object_primitive@stdlib@lib3d@modules@1@@Z 10006680 f i umodsys_lib_lib3d:umodsys.mod.3d.stdlib.obj
 0001:00005700       ??$process_nodes_r@U?$TNodeDeleter0@U?$TScatterArrayNode@U?$TRefObject@UIVisualObject@lib3d@UModSys@@U?$TRefObjectFunc@UIVisualObject@lib3d@UModSys@@@tl@3@@tl@UModSys@@PBUISceneNode@lib3d@3@@tl@UModSys@@@tl@UModSys@@@?$TTreeHoldRB@U?$TScatterArrayNode@U?$TRefObject@UIVisualObject@lib3d@UModSys@@U?$TRefObjectFunc@UIVisualObject@lib3d@UModSys@@@tl@3@@tl@UModSys@@PBUISceneNode@lib3d@3@@tl@UModSys@@@tl@UModSys@@KAHPAU?$TScatterArrayNode@U?$TRefObject@UIVisualObject@lib3d@UModSys@@U?$TRefObjectFunc@UIVisualObject@lib3d@UModSys@@@tl@3@@tl@UModSys@@PBUISceneNode@lib3d@3@@12@ABU?$TNodeDeleter0@U?$TScatterArrayNode@U?$TRefObject@UIVisualObject@lib3d@UModSys@@U?$TRefObjectFunc@UIVisualObject@lib3d@UModSys@@@tl@3@@tl@UModSys@@PBUISceneNode@lib3d@3@@tl@UModSys@@@12@@Z 10006700 f i umodsys_lib_lib3d:umodsys.mod.3d.stdlib.obj
 0001:00005760       ?alloc@SMemShared@core@UModSys@@QAE_NIPAUSSourceContext@23@@Z 10006760 f i umodsys_lib_lib2d:umodsys.mod.2d.stdlib.obj
 0001:000057a0       ?ConvertSameSize@stdlib@lib2d@modules@UModSys@@YA_NW4eImageType@24@ABU?$TVector2@H@math3d@4@11ABUSMem@core@4@11ABUSCMem@94@@Z 100067a0 f i umodsys_lib_lib2d:umodsys.mod.2d.stdlib.obj
 0001:00005830       ?ConvertSame@stdlib@lib2d@modules@UModSys@@YA_NW4eImageType@24@ABU?$TBoundBox2@H@math3d@4@ABU?$TVector2@H@74@ABUSMem@core@4@12ABUSCMem@core@4@@Z 10006830 f i umodsys_lib_lib2d:umodsys.mod.2d.stdlib.obj
 0001:000058b0       ?Convert@stdlib@lib2d@modules@UModSys@@YA_NABU?$TBoundBox2@H@math3d@4@ABUSImageInfo@24@ABUSMem@core@4@01ABUSCMem@94@@Z 100068b0 f i umodsys_lib_lib2d:umodsys.mod.2d.stdlib.obj
 0001:00005920       ?root_get_interface_info@RImage_Memory@stdlib@lib2d@modules@UModSys@@UBEABUSUniquePointerInfo@core@5@XZ 10006920 f i umodsys_lib_lib2d:umodsys.mod.2d.stdlib.obj
 0001:00005930       ?root_get_interface_type@RImage_Memory@stdlib@lib2d@modules@UModSys@@UBEPBUSUniquePointerInfo@core@5@XZ 10006930 f i umodsys_lib_lib2d:umodsys.mod.2d.stdlib.obj
 0001:00005940       ?root_get_other_interface@RImage_Memory@stdlib@lib2d@modules@UModSys@@UBEPBUIRoot@core@5@PBUSUniquePointerInfo@75@@Z 10006940 f i umodsys_lib_lib2d:umodsys.mod.2d.stdlib.obj
 0001:00005940       ?root_get_other_interface@RImage_Memory@stdlib@lib2d@modules@UModSys@@UAEPAUIRoot@core@5@PBUSUniquePointerInfo@75@@Z 10006940 f i umodsys_lib_lib2d:umodsys.mod.2d.stdlib.obj
 0001:00005970       ?root_is_interface_supported@RImage_Memory@stdlib@lib2d@modules@UModSys@@UBE_NPBUSUniquePointerInfo@core@5@@Z 10006970 f i umodsys_lib_lib2d:umodsys.mod.2d.stdlib.obj
 0001:000059b0       ?root_get_interface_info@RImageFactory_Memory@stdlib@lib2d@modules@UModSys@@UBEABUSUniquePointerInfo@core@5@XZ 100069b0 f i umodsys_lib_lib2d:umodsys.mod.2d.stdlib.obj
 0001:000059c0       ?root_get_interface_type@RImageFactory_Memory@stdlib@lib2d@modules@UModSys@@UBEPBUSUniquePointerInfo@core@5@XZ 100069c0 f i umodsys_lib_lib2d:umodsys.mod.2d.stdlib.obj
 0001:000059d0       ?root_get_other_interface@RImageFactory_Memory@stdlib@lib2d@modules@UModSys@@UBEPBUIRoot@core@5@PBUSUniquePointerInfo@75@@Z 100069d0 f i umodsys_lib_lib2d:umodsys.mod.2d.stdlib.obj
 0001:000059d0       ?root_get_other_interface@RImageFactory_Memory@stdlib@lib2d@modules@UModSys@@UAEPAUIRoot@core@5@PBUSUniquePointerInfo@75@@Z 100069d0 f i umodsys_lib_lib2d:umodsys.mod.2d.stdlib.obj
 0001:00005a00       ?root_is_interface_supported@RImageFactory_Memory@stdlib@lib2d@modules@UModSys@@UBE_NPBUSUniquePointerInfo@core@5@@Z 10006a00 f i umodsys_lib_lib2d:umodsys.mod.2d.stdlib.obj
 0001:00005a40       ?ref_links@RMultiImage2D_SDL_ttf@SDL_GL@ui@modules@UModSys@@UBEHXZ 10006a40 f i umodsys_lib_libui:umodsys.mod.ui.SDL_GL.obj
 0001:00005a40       ?ref_links@RGenerator@stdlib@lib3d@modules@UModSys@@UBEHXZ 10006a40 f i umodsys_lib_lib3d:umodsys.mod.3d.stdlib.obj
 0001:00005a40       ?ref_links@RGenerator@serialize_json@media@modules@UModSys@@UBEHXZ 10006a40 f i umodsys_lib_libmedia:umodsys.mod.media.serialize_json.obj
 0001:00005a40       ?ref_links@RGenerator@SDL_GL@ui@modules@UModSys@@UBEHXZ 10006a40 f i umodsys_lib_libui:umodsys.mod.ui.SDL_GL.obj
 0001:00005a40       ?ref_links@RGenerator@stdlib@lib2d@modules@UModSys@@UBEHXZ 10006a40 f i umodsys_lib_lib2d:umodsys.mod.2d.stdlib.obj
 0001:00005a40       ?ref_links@RMultiImage2D_SDL_ttf@SDL_core@ui@modules@UModSys@@UBEHXZ 10006a40 f i umodsys_lib_libui:umodsys.mod.ui.SDL_core.obj
 0001:00005a40       ?ref_links@RDialog@frames@ui@modules@UModSys@@UBEHXZ 10006a40 f i umodsys_lib_libui:umodsys.mod.ui.frames.obj
 0001:00005a40       ?ref_links@RTerminal@SDL_core@ui@modules@UModSys@@UBEHXZ 10006a40 f i umodsys_lib_libui:umodsys.mod.ui.SDL_core.obj
 0001:00005a40       ?ref_links@RGenerator@images_std@media@modules@UModSys@@UBEHXZ 10006a40 f i umodsys_lib_libmedia:umodsys.mod.media.images_std.obj
 0001:00005a40       ?ref_links@RBinArchiveFrameClient_ZIP@zlib@media@modules@UModSys@@UBEHXZ 10006a40 f i umodsys_lib_libmedia:umodsys.mod.media.zlib.obj
 0001:00005a40       ?ref_links@RVertexArray@SDL_GL@ui@modules@UModSys@@UBEHXZ 10006a40 f i umodsys_lib_libui:umodsys.mod.ui.SDL_GL.obj
 0001:00005a40       ?ref_links@RGenerator@zlib@media@modules@UModSys@@UBEHXZ 10006a40 f i umodsys_lib_libmedia:umodsys.mod.media.zlib.obj
 0001:00005a40       ?ref_links@RGenerator@frames@ui@modules@UModSys@@UBEHXZ 10006a40 f i umodsys_lib_libui:umodsys.mod.ui.frames.obj
 0001:00005a40       ?ref_links@RGenerator@test1@test@modules@UModSys@@UBEHXZ 10006a40 f i plugin_test1.obj
 0001:00005a40       ?ref_links@RGeneral@object_primitive@stdlib@lib3d@modules@UModSys@@UBEHXZ 10006a40 f i umodsys_lib_lib3d:umodsys.mod.3d.stdlib.obj
 0001:00005a40       ?ref_links@RTerminal@SDL_GL@ui@modules@UModSys@@UBEHXZ 10006a40 f i umodsys_lib_libui:umodsys.mod.ui.SDL_GL.obj
 0001:00005a40       ?ref_links@RImageFactory_Memory@stdlib@lib2d@modules@UModSys@@UBEHXZ 10006a40 f i umodsys_lib_lib2d:umodsys.mod.2d.stdlib.obj
 0001:00005a40       ?ref_links@RGenerator@SDL_core@ui@modules@UModSys@@UBEHXZ 10006a40 f i umodsys_lib_libui:umodsys.mod.ui.SDL_core.obj
 0001:00005a40       ?ref_links@RSerializeReader@serialize_json@media@modules@UModSys@@UBEHXZ 10006a40 f i umodsys_lib_libmedia:umodsys.mod.media.serialize_json.obj
 0001:00005a40       ?ref_links@RVisualizerScene@stdlib@lib3d@modules@UModSys@@UBEHXZ 10006a40 f i umodsys_lib_lib3d:umodsys.mod.3d.stdlib.obj
 0001:00005a40       ?ref_links@RMultiImage@stdlib@lib2d@modules@UModSys@@UBEHXZ 10006a40 f i umodsys_lib_lib2d:umodsys.mod.2d.stdlib.obj
 0001:00005a40       ?ref_links@RImage_Memory@stdlib@lib2d@modules@UModSys@@UBEHXZ 10006a40 f i umodsys_lib_lib2d:umodsys.mod.2d.stdlib.obj
 0001:00005a40       ?ref_links@RTextureGL@SDL_GL@ui@modules@UModSys@@UBEHXZ 10006a40 f i umodsys_lib_libui:umodsys.mod.ui.SDL_GL.obj
 0001:00005a40       ?ref_links@RGeneral@object_camera@stdlib@lib3d@modules@UModSys@@UBEHXZ 10006a40 f i umodsys_lib_lib3d:umodsys.mod.3d.stdlib.obj
 0001:00005a50       ?root_get_interface_info@RMultiImage@stdlib@lib2d@modules@UModSys@@UBEABUSUniquePointerInfo@core@5@XZ 10006a50 f i umodsys_lib_lib2d:umodsys.mod.2d.stdlib.obj
 0001:00005a60       ?root_get_interface_type@RMultiImage@stdlib@lib2d@modules@UModSys@@UBEPBUSUniquePointerInfo@core@5@XZ 10006a60 f i umodsys_lib_lib2d:umodsys.mod.2d.stdlib.obj
 0001:00005a70       ?root_get_other_interface@RMultiImage@stdlib@lib2d@modules@UModSys@@UBEPBUIRoot@core@5@PBUSUniquePointerInfo@75@@Z 10006a70 f i umodsys_lib_lib2d:umodsys.mod.2d.stdlib.obj
 0001:00005a70       ?root_get_other_interface@RMultiImage@stdlib@lib2d@modules@UModSys@@UAEPAUIRoot@core@5@PBUSUniquePointerInfo@75@@Z 10006a70 f i umodsys_lib_lib2d:umodsys.mod.2d.stdlib.obj
 0001:00005aa0       ?root_is_interface_supported@RMultiImage@stdlib@lib2d@modules@UModSys@@UBE_NPBUSUniquePointerInfo@core@5@@Z 10006aa0 f i umodsys_lib_lib2d:umodsys.mod.2d.stdlib.obj
 0001:00005ae0       ?get_generated_names@RGenerator@stdlib@lib2d@modules@UModSys@@UBEHAAUSUniquePtrList@core@5@@Z 10006ae0 f i umodsys_lib_lib2d:umodsys.mod.2d.stdlib.obj
 0001:00005b20       ?get_generated_types@RGenerator@stdlib@lib2d@modules@UModSys@@UBEHAAUSUniquePtrList@core@5@PBUSUniquePointerInfo@75@@Z 10006b20 f i umodsys_lib_lib2d:umodsys.mod.2d.stdlib.obj
 0001:00005ba0       ?generate@RGenerator@stdlib@lib2d@modules@UModSys@@UAE_NAAU?$TRefObject@UIRefObject@core@UModSys@@U?$TRefObjectFunc@UIRefObject@core@UModSys@@@tl@3@@tl@5@PBUSUniquePointerInfo@core@5@ABUSParameters@95@@Z 10006ba0 f i umodsys_lib_lib2d:umodsys.mod.2d.stdlib.obj
 0001:00005c00       ?root_get_interface_info@RGenerator@stdlib@lib2d@modules@UModSys@@UBEABUSUniquePointerInfo@core@5@XZ 10006c00 f i umodsys_lib_lib2d:umodsys.mod.2d.stdlib.obj
 0001:00005c10       ?root_get_interface_type@RGenerator@stdlib@lib2d@modules@UModSys@@UBEPBUSUniquePointerInfo@core@5@XZ 10006c10 f i umodsys_lib_lib2d:umodsys.mod.2d.stdlib.obj
 0001:00005c20       ?root_get_other_interface@RGenerator@stdlib@lib2d@modules@UModSys@@UAEPAUIRoot@core@5@PBUSUniquePointerInfo@75@@Z 10006c20 f i umodsys_lib_lib2d:umodsys.mod.2d.stdlib.obj
 0001:00005c20       ?root_get_other_interface@RGenerator@stdlib@lib2d@modules@UModSys@@UBEPBUIRoot@core@5@PBUSUniquePointerInfo@75@@Z 10006c20 f i umodsys_lib_lib2d:umodsys.mod.2d.stdlib.obj
 0001:00005c60       ?root_is_interface_supported@RGenerator@stdlib@lib2d@modules@UModSys@@UBE_NPBUSUniquePointerInfo@core@5@@Z 10006c60 f i umodsys_lib_lib2d:umodsys.mod.2d.stdlib.obj
 0001:00005ca0       ?suicide@RGenerator@images_std@media@modules@UModSys@@UAEXXZ 10006ca0 f i umodsys_lib_libmedia:umodsys.mod.media.images_std.obj
 0001:00005ca0       ??3@YAXPAX0@Z              10006ca0 f i plugin_test1.obj
 0001:00005ca0       ?suicide@RGenerator@serialize_json@media@modules@UModSys@@UAEXXZ 10006ca0 f i umodsys_lib_libmedia:umodsys.mod.media.serialize_json.obj
 0001:00005ca0       ?suicide@RGenerator@zlib@media@modules@UModSys@@UAEXXZ 10006ca0 f i umodsys_lib_libmedia:umodsys.mod.media.zlib.obj
 0001:00005ca0       ?suicide@RGenerator@stdlib@lib2d@modules@UModSys@@UAEXXZ 10006ca0 f i umodsys_lib_lib2d:umodsys.mod.2d.stdlib.obj
 0001:00005ca0       ?suicide@RGenerator@SDL_core@ui@modules@UModSys@@UAEXXZ 10006ca0 f i umodsys_lib_libui:umodsys.mod.ui.SDL_core.obj
 0001:00005ca0       ?suicide@RGenerator@SDL_GL@ui@modules@UModSys@@UAEXXZ 10006ca0 f i umodsys_lib_libui:umodsys.mod.ui.SDL_GL.obj
 0001:00005ca0       ?suicide@RGenerator@test1@test@modules@UModSys@@UAEXXZ 10006ca0 f i plugin_test1.obj
 0001:00005ca0       ?suicide@RGenerator@stdlib@lib3d@modules@UModSys@@UAEXXZ 10006ca0 f i umodsys_lib_lib3d:umodsys.mod.3d.stdlib.obj
[...]
 0001:0003fe80       ??__F?s_id@?$TObjectUniqueID@UIConsoleExt@base@UModSys@@@tl@UModSys@@2USUniquePointer@core@3@A@@YAXXZ 10040e80 f    CIL library: CIL module
 0001:0003fe90       ??__F?s_id@?$TObjectUniqueID@UISerializeWriter@libmedia@UModSys@@@tl@UModSys@@2USUniquePointer@core@3@A@@YAXXZ 10040e90 f    CIL library: CIL module
 0001:0003fea0       ??__F?s_id@?$TObjectUniqueID@UISerializeReader@libmedia@UModSys@@@tl@UModSys@@2USUniquePointer@core@3@A@@YAXXZ 10040ea0 f    CIL library: CIL module
 0001:0003feb0       ??__F?s_id@?$TObjectUniqueID@UIClient@IBinArchiveFrame@libmedia@UModSys@@@tl@UModSys@@2USUniquePointer@core@3@A@@YAXXZ 10040eb0 f    CIL library: CIL module
 0001:0003fec0       ??__F?s_id@?$TObjectUniqueID@UIBinArchiveFrame@libmedia@UModSys@@@tl@UModSys@@2USUniquePointer@core@3@A@@YAXXZ 10040ec0 f    CIL library: CIL module
 0001:0003fed0       ??__F?s_id@?$TObjectUniqueID@UILibraryLayered@libmedia@UModSys@@@tl@UModSys@@2USUniquePointer@core@3@A@@YAXXZ 10040ed0 f    CIL library: CIL module
 0001:0003fee0       ??__F?s_id@?$TObjectUniqueID@UILibraryObjCache@libmedia@UModSys@@@tl@UModSys@@2USUniquePointer@core@3@A@@YAXXZ 10040ee0 f    CIL library: CIL module
 0001:0003fef0       ??__F?s_id@?$TObjectUniqueID@UILibraryObjFilter@libmedia@UModSys@@@tl@UModSys@@2USUniquePointer@core@3@A@@YAXXZ 10040ef0 f    CIL library: CIL module
 0001:0003ff00       ??__F?s_id@?$TObjectUniqueID@UILibraryBinCache@libmedia@UModSys@@@tl@UModSys@@2USUniquePointer@core@3@A@@YAXXZ 10040f00 f    CIL library: CIL module
 0001:0003ff10       ??__F?s_id@?$TObjectUniqueID@UILibraryBinTree@libmedia@UModSys@@@tl@UModSys@@2USUniquePointer@core@3@A@@YAXXZ 10040f10 f    CIL library: CIL module
 0001:0003ff20       ??__F?s_id@?$TObjectUniqueID@UILibrary@libmedia@UModSys@@@tl@UModSys@@2USUniquePointer@core@3@A@@YAXXZ 10040f20 f    CIL library: CIL module
 0001:0003ff30       ??__F?s_id@?$TObjectUniqueID@UIBinObjFilter@libmedia@UModSys@@@tl@UModSys@@2USUniquePointer@core@3@A@@YAXXZ 10040f30 f    CIL library: CIL module
 0001:0003ff40       ??__F?s_id@?$TObjectUniqueID@UIBinArchive@libmedia@UModSys@@@tl@UModSys@@2USUniquePointer@core@3@A@@YAXXZ 10040f40 f    CIL library: CIL module
 0001:0003ff50       ??__F?s_id@?$TObjectUniqueID@UILibObject@libmedia@UModSys@@@tl@UModSys@@2USUniquePointer@core@3@A@@YAXXZ 10040f50 f    CIL library: CIL module
 0001:0003ff60       ??__F?s_id@?$TObjectUniqueID@UIUtilities@libmedia@UModSys@@@tl@UModSys@@2USUniquePointer@core@3@A@@YAXXZ 10040f60 f    CIL library: CIL module
 0001:0003ff70       ??__F?s_id@?$TObjectUniqueID@UIStreamWriter@libmedia@UModSys@@@tl@UModSys@@2USUniquePointer@core@3@A@@YAXXZ 10040f70 f    CIL library: CIL module
 0001:0003ff80       ??__F?s_id@?$TObjectUniqueID@UIStreamReader@libmedia@UModSys@@@tl@UModSys@@2USUniquePointer@core@3@A@@YAXXZ 10040f80 f    CIL library: CIL module
 0001:0003ff90       ??__F?s_id@?$TObjectUniqueID@UISystem@base@UModSys@@@tl@UModSys@@2USUniquePointer@core@3@A@@YAXXZ 10040f90 f    CIL library: CIL module
 0001:0003ffa0       ??__F?s_id@?$TObjectUniqueID@UIShell@base@UModSys@@@tl@UModSys@@2USUniquePointer@core@3@A@@YAXXZ 10040fa0 f    CIL library: CIL module
 0001:0003ffb0       ??__F?s_id@?$TObjectUniqueID@UIGenerator@base@UModSys@@@tl@UModSys@@2USUniquePointer@core@3@A@@YAXXZ 10040fb0 f    CIL library: CIL module
 0001:0003ffc0       ??__F?s_id@?$TObjectUniqueID@UIModObject@base@UModSys@@@tl@UModSys@@2USUniquePointer@core@3@A@@YAXXZ 10040fc0 f    CIL library: CIL module
 0001:0003ffd0       ??__F?s_id@?$TObjectUniqueID@UIModuleLibrary@base@UModSys@@@tl@UModSys@@2USUniquePointer@core@3@A@@YAXXZ 10040fd0 f    CIL library: CIL module
 0001:0003ffe0       ??__F?s_id@?$TObjectUniqueID@UIModule@base@UModSys@@@tl@UModSys@@2USUniquePointer@core@3@A@@YAXXZ 10040fe0 f    CIL library: CIL module
 0001:0003fff0       ??__F?s_id@?$TObjectUniqueID@UIConsole@base@UModSys@@@tl@UModSys@@2USUniquePointer@core@3@A@@YAXXZ 10040ff0 f    CIL library: CIL module
 0001:00040000       ??__F?s_id@?$TObjectUniqueID@UIParameters@core@UModSys@@@tl@UModSys@@2USUniquePointer@core@3@A@@YAXXZ 10041000 f    CIL library: CIL module
 0001:00040010       ??__F?s_id@?$TObjectUniqueID@UIRefObject@core@UModSys@@@tl@UModSys@@2USUniquePointer@core@3@A@@YAXXZ 10041010 f    CIL library: CIL module
 0001:00040020       ??__F?s_id@?$TObjectUniqueID@UIRoot@core@UModSys@@@tl@UModSys@@2USUniquePointer@core@3@A@@YAXXZ 10041020 f    CIL library: CIL module
 0001:00040030       ??__F?s_id@?$TDataUniqueID@F@tl@UModSys@@2USUniquePointer@core@3@A@@YAXXZ 10041030 f    CIL library: CIL module
 0001:00040040       ??__F?s_id@?$TDataUniqueID@M@tl@UModSys@@2USUniquePointer@core@3@A@@YAXXZ 10041040 f    CIL library: CIL module
 0001:00040050       ??__F?s_id@?$TDataUniqueID@H@tl@UModSys@@2USUniquePointer@core@3@A@@YAXXZ 10041050 f    CIL library: CIL module
 0001:00040060       ??__F?s_id@?$TConstUniqueID@W4eConsoleLevels@base@UModSys@@$00@tl@UModSys@@2USUniquePointer@core@3@A@@YAXXZ 10041060 f    CIL library: CIL module
 0001:00040070       ??__Fs_dbg@stdlib@lib3d@modules@UModSys@@YAXXZ 10041070 f    CIL library: CIL module
 0001:00040080       ??__F?s_modreg@RModuleReg@stdlib@lib3d@modules@UModSys@@2U12345@A@@YAXXZ 10041080 f    CIL library: CIL module
 0001:000400a0       ??__F?s_modreg_chain@RModuleReg@stdlib@lib3d@modules@UModSys@@2USModuleRegChain@base@5@A@@YAXXZ 100410a0 f    CIL library: CIL module
 0001:000400b0       ??__F?s_uid@RGenerator@stdlib@lib3d@modules@UModSys@@2USUniquePointer@core@5@A@@YAXXZ 100410b0 f    CIL library: CIL module
 0001:000400c0       ??__Fh@?1??s_holder@RGenerator@stdlib@lib3d@modules@UModSys@@SAAAU?$TTypeStaticHolder@URGenerator@stdlib@lib3d@modules@UModSys@@@tl@5@XZ@YAXXZ 100410c0 f    CIL library: CIL module
 0001:000400e0       ??__F?s_id@?$TObjectUniqueID@URGenerator@stdlib@lib3d@modules@UModSys@@@tl@UModSys@@2USUniquePointer@core@3@A@@YAXXZ 100410e0 f    CIL library: CIL module
 0001:000400f0       ??__F?s_id@?$TObjectUniqueID@URVisual@object_camera@stdlib@lib3d@modules@UModSys@@@tl@UModSys@@2USUniquePointer@core@3@A@@YAXXZ 100410f0 f    CIL library: CIL module
 0001:00040100       ??__F?s_id@?$TObjectUniqueID@URGeneral@object_camera@stdlib@lib3d@modules@UModSys@@@tl@UModSys@@2USUniquePointer@core@3@A@@YAXXZ 10041100 f    CIL library: CIL module
 0001:00040110       ??__F?s_id@?$TObjectUniqueID@URVisual@object_primitive@stdlib@lib3d@modules@UModSys@@@tl@UModSys@@2USUniquePointer@core@3@A@@YAXXZ 10041110 f    CIL library: CIL module
 0001:00040120       ??__F?s_id@?$TObjectUniqueID@URRender@object_primitive@stdlib@lib3d@modules@UModSys@@@tl@UModSys@@2USUniquePointer@core@3@A@@YAXXZ 10041120 f    CIL library: CIL module
 0001:00040130       ??__F?s_id@?$TObjectUniqueID@URGeneral@object_primitive@stdlib@lib3d@modules@UModSys@@@tl@UModSys@@2USUniquePointer@core@3@A@@YAXXZ 10041130 f    CIL library: CIL module
 0001:00040140       ??__F?s_id@?$TObjectUniqueID@URVisualSceneMapper_Direct@stdlib@lib3d@modules@UModSys@@@tl@UModSys@@2USUniquePointer@core@3@A@@YAXXZ 10041140 f    CIL library: CIL module
 0001:00040150       ??__F?s_id@?$TObjectUniqueID@URVisualizerScene@stdlib@lib3d@modules@UModSys@@@tl@UModSys@@2USUniquePointer@core@3@A@@YAXXZ 10041150 f    CIL library: CIL module
 0001:00040160       ??__F?s_id@?$TObjectUniqueID@URRenderer@stdlib@lib3d@modules@UModSys@@@tl@UModSys@@2USUniquePointer@core@3@A@@YAXXZ 10041160 f    CIL library: CIL module
 0001:00040170       ??__Fs_dbg@stdlib@lib2d@modules@UModSys@@YAXXZ 10041170 f    CIL library: CIL module
 0001:00040180       ??__F?s_modreg@RModuleReg@stdlib@lib2d@modules@UModSys@@2U12345@A@@YAXXZ 10041180 f    CIL library: CIL module
 0001:000401a0       ??__F?s_modreg_chain@RModuleReg@stdlib@lib2d@modules@UModSys@@2USModuleRegChain@base@5@A@@YAXXZ 100411a0 f    CIL library: CIL module
 0001:000401b0       ??__F?s_uid@RGenerator@stdlib@lib2d@modules@UModSys@@2USUniquePointer@core@5@A@@YAXXZ 100411b0 f    CIL library: CIL module
 0001:000401c0       ??__Fh@?1??s_holder@RGenerator@stdlib@lib2d@modules@UModSys@@SAAAU?$TTypeStaticHolder@URGenerator@stdlib@lib2d@modules@UModSys@@@tl@5@XZ@YAXXZ 100411c0 f    CIL library: CIL module
 0001:000401e0       ??__F?s_id@?$TObjectUniqueID@URGenerator@stdlib@lib2d@modules@UModSys@@@tl@UModSys@@2USUniquePointer@core@3@A@@YAXXZ 100411e0 f    CIL library: CIL module
 0001:000401f0       ??__F?s_id@?$TObjectUniqueID@URMultiImage@stdlib@lib2d@modules@UModSys@@@tl@UModSys@@2USUniquePointer@core@3@A@@YAXXZ 100411f0 f    CIL library: CIL module
 0001:00040200       ??__F?s_id@?$TObjectUniqueID@URImageFactory_Memory@stdlib@lib2d@modules@UModSys@@@tl@UModSys@@2USUniquePointer@core@3@A@@YAXXZ 10041200 f    CIL library: CIL module
 0001:00040210       ??__F?s_id@?$TObjectUniqueID@URImage_Memory@stdlib@lib2d@modules@UModSys@@@tl@UModSys@@2USUniquePointer@core@3@A@@YAXXZ 10041210 f    CIL library: CIL module
 0001:00040220       ??__Fs_dbg@SDL_GL@ui@modules@UModSys@@YAXXZ 10041220 f    CIL library: CIL module
 0001:00040230       ??__F?s_modreg@RModuleReg@SDL_GL@ui@modules@UModSys@@2U12345@A@@YAXXZ 10041230 f    CIL library: CIL module
 0001:00040250       ??__F?s_modreg_chain@RModuleReg@SDL_GL@ui@modules@UModSys@@2USModuleRegChain@base@5@A@@YAXXZ 10041250 f    CIL library: CIL module
 0001:00040260       ??__F?s_uid@RGenerator@SDL_GL@ui@modules@UModSys@@2USUniquePointer@core@5@A@@YAXXZ 10041260 f    CIL library: CIL module
 0001:00040270       ??__Fh@?1??s_holder@RGenerator@SDL_GL@ui@modules@UModSys@@SAAAU?$TTypeStaticHolder@URGenerator@SDL_GL@ui@modules@UModSys@@@tl@5@XZ@YAXXZ 10041270 f    CIL library: CIL module
 0001:00040290       ??__F?s_id@?$TObjectUniqueID@URGenerator@SDL_GL@ui@modules@UModSys@@@tl@UModSys@@2USUniquePointer@core@3@A@@YAXXZ 10041290 f    CIL library: CIL module
 0001:000402a0       ??__F?s_id@?$TObjectUniqueID@URTextureGL@SDL_GL@ui@modules@UModSys@@@tl@UModSys@@2USUniquePointer@core@3@A@@YAXXZ 100412a0 f    CIL library: CIL module
 0001:000402b0       ??__F?s_id@?$TObjectUniqueID@URVertexArray@SDL_GL@ui@modules@UModSys@@@tl@UModSys@@2USUniquePointer@core@3@A@@YAXXZ 100412b0 f    CIL library: CIL module
 0001:000402c0       ??__F?s_id@?$TObjectUniqueID@URTerminalX@SDL_GL@ui@modules@UModSys@@@tl@UModSys@@2USUniquePointer@core@3@A@@YAXXZ 100412c0 f    CIL library: CIL module
 0001:000402d0       ??__F?s_id@?$TObjectUniqueID@URRenderDriver3D@SDL_GL@ui@modules@UModSys@@@tl@UModSys@@2USUniquePointer@core@3@A@@YAXXZ 100412d0 f    CIL library: CIL module
 0001:000402e0       ??__F?s_id@?$TObjectUniqueID@URMultiImage2D_SDL_ttf@SDL_GL@ui@modules@UModSys@@@tl@UModSys@@2USUniquePointer@core@3@A@@YAXXZ 100412e0 f    CIL library: CIL module
 0001:000402f0       ??__F?s_id@?$TObjectUniqueID@URTerminal@SDL_GL@ui@modules@UModSys@@@tl@UModSys@@2USUniquePointer@core@3@A@@YAXXZ 100412f0 f    CIL library: CIL module
 0001:00040300       ??__F?s_id@?$TObjectUniqueID@URMouseController@SDL_GL@ui@modules@UModSys@@@tl@UModSys@@2USUniquePointer@core@3@A@@YAXXZ 10041300 f    CIL library: CIL module
 0001:00040310       ??__F?s_id@?$TObjectUniqueID@URKeyboardController@SDL_GL@ui@modules@UModSys@@@tl@UModSys@@2USUniquePointer@core@3@A@@YAXXZ 10041310 f    CIL library: CIL module
 0001:00040320       ??__Fs_dbg@SDL_core@ui@modules@UModSys@@YAXXZ 10041320 f    CIL library: CIL module
 0001:00040330       ??__F?s_modreg@RModuleReg@SDL_core@ui@modules@UModSys@@2U12345@A@@YAXXZ 10041330 f    CIL library: CIL module
 0001:00040350       ??__F?s_modreg_chain@RModuleReg@SDL_core@ui@modules@UModSys@@2USModuleRegChain@base@5@A@@YAXXZ 10041350 f    CIL library: CIL module
 0001:00040360       ??__F?s_uid@RGenerator@SDL_core@ui@modules@UModSys@@2USUniquePointer@core@5@A@@YAXXZ 10041360 f    CIL library: CIL module
 0001:00040370       ??__Fh@?1??s_holder@RGenerator@SDL_core@ui@modules@UModSys@@SAAAU?$TTypeStaticHolder@URGenerator@SDL_core@ui@modules@UModSys@@@tl@5@XZ@YAXXZ 10041370 f    CIL library: CIL module
 0001:00040390       ??__F?s_id@?$TObjectUniqueID@URGenerator@SDL_core@ui@modules@UModSys@@@tl@UModSys@@2USUniquePointer@core@3@A@@YAXXZ 10041390 f    CIL library: CIL module
 0001:000403a0       ??__F?s_id@?$TObjectUniqueID@URTerminalX@SDL_core@ui@modules@UModSys@@@tl@UModSys@@2USUniquePointer@core@3@A@@YAXXZ 100413a0 f    CIL library: CIL module
 0001:000403b0       ??__F?s_id@?$TObjectUniqueID@URRenderDriver2D@SDL_core@ui@modules@UModSys@@@tl@UModSys@@2USUniquePointer@core@3@A@@YAXXZ 100413b0 f    CIL library: CIL module
 0001:000403c0       ??__F?s_id@?$TObjectUniqueID@URMultiImage2D_SDL_ttf@SDL_core@ui@modules@UModSys@@@tl@UModSys@@2USUniquePointer@core@3@A@@YAXXZ 100413c0 f    CIL library: CIL module
 0001:000403d0       ??__F?s_id@?$TObjectUniqueID@URTerminal@SDL_core@ui@modules@UModSys@@@tl@UModSys@@2USUniquePointer@core@3@A@@YAXXZ 100413d0 f    CIL library: CIL module
 0001:000403e0       ??__F?s_id@?$TObjectUniqueID@URMouseController@SDL_core@ui@modules@UModSys@@@tl@UModSys@@2USUniquePointer@core@3@A@@YAXXZ 100413e0 f    CIL library: CIL module
 0001:000403f0       ??__F?s_id@?$TObjectUniqueID@URKeyboardController@SDL_core@ui@modules@UModSys@@@tl@UModSys@@2USUniquePointer@core@3@A@@YAXXZ 100413f0 f    CIL library: CIL module
 0001:00040400       ??__Fs_dbg@frames@ui@modules@UModSys@@YAXXZ 10041400 f    CIL library: CIL module
 0001:00040410       ??__F?s_modreg@RModuleReg@frames@ui@modules@UModSys@@2U12345@A@@YAXXZ 10041410 f    CIL library: CIL module
 0001:00040430       ??__F?s_modreg_chain@RModuleReg@frames@ui@modules@UModSys@@2USModuleRegChain@base@5@A@@YAXXZ 10041430 f    CIL library: CIL module
 0001:00040440       ??__F?s_uid@RGenerator@frames@ui@modules@UModSys@@2USUniquePointer@core@5@A@@YAXXZ 10041440 f    CIL library: CIL module
 0001:00040450       ??__Fh@?1??s_holder@RGenerator@frames@ui@modules@UModSys@@SAAAU?$TTypeStaticHolder@URGenerator@frames@ui@modules@UModSys@@@tl@5@XZ@YAXXZ 10041450 f    CIL library: CIL module
 0001:00040470       ??__F?s_id@?$TObjectUniqueID@URGenerator@frames@ui@modules@UModSys@@@tl@UModSys@@2USUniquePointer@core@3@A@@YAXXZ 10041470 f    CIL library: CIL module
 0001:00040480       ??__F?s_id@?$TObjectUniqueID@URCollector@frames@ui@modules@UModSys@@@tl@UModSys@@2USUniquePointer@core@3@A@@YAXXZ 10041480 f    CIL library: CIL module
 0001:00040490       ??__F?s_id@?$TObjectUniqueID@URFrame_List@frames@ui@modules@UModSys@@@tl@UModSys@@2USUniquePointer@core@3@A@@YAXXZ 10041490 f    CIL library: CIL module
 0001:000404a0       ??__F?s_id@?$TObjectUniqueID@URFrame_Edit@frames@ui@modules@UModSys@@@tl@UModSys@@2USUniquePointer@core@3@A@@YAXXZ 100414a0 f    CIL library: CIL module
 0001:000404b0       ??__F?s_id@?$TObjectUniqueID@URFrame_Button@frames@ui@modules@UModSys@@@tl@UModSys@@2USUniquePointer@core@3@A@@YAXXZ 100414b0 f    CIL library: CIL module
 0001:000404c0       ??__F?s_id@?$TObjectUniqueID@URFrame_Text@frames@ui@modules@UModSys@@@tl@UModSys@@2USUniquePointer@core@3@A@@YAXXZ 100414c0 f    CIL library: CIL module
 0001:000404d0       ??__F?s_id@?$TObjectUniqueID@URFrame_Image@frames@ui@modules@UModSys@@@tl@UModSys@@2USUniquePointer@core@3@A@@YAXXZ 100414d0 f    CIL library: CIL module
 0001:000404e0       ??__F?s_id@?$TObjectUniqueID@URFrame_Frame@frames@ui@modules@UModSys@@@tl@UModSys@@2USUniquePointer@core@3@A@@YAXXZ 100414e0 f    CIL library: CIL module
 0001:000404f0       ??__F?s_id@?$TObjectUniqueID@URDialog@frames@ui@modules@UModSys@@@tl@UModSys@@2USUniquePointer@core@3@A@@YAXXZ 100414f0 f    CIL library: CIL module
 0001:00040500       ??__F?s_id@?$TObjectUniqueID@URFrame_Common@frames@ui@modules@UModSys@@@tl@UModSys@@2USUniquePointer@core@3@A@@YAXXZ 10041500 f    CIL library: CIL module
 0001:00040510       ??__Fs_dbg@images_std@media@modules@UModSys@@YAXXZ 10041510 f    CIL library: CIL module
 0001:00040520       ??__F?s_modreg@RModuleReg@images_std@media@modules@UModSys@@2U12345@A@@YAXXZ 10041520 f    CIL library: CIL module
 0001:00040540       ??__F?s_modreg_chain@RModuleReg@images_std@media@modules@UModSys@@2USModuleRegChain@base@5@A@@YAXXZ 10041540 f    CIL library: CIL module
 0001:00040550       ??__F?s_uid@RGenerator@images_std@media@modules@UModSys@@2USUniquePointer@core@5@A@@YAXXZ 10041550 f    CIL library: CIL module
 0001:00040560       ??__Fh@?1??s_holder@RGenerator@images_std@media@modules@UModSys@@SAAAU?$TTypeStaticHolder@URGenerator@images_std@media@modules@UModSys@@@tl@5@XZ@YAXXZ 10041560 f    CIL library: CIL module
 0001:00040580       ??__F?s_id@?$TObjectUniqueID@URGenerator@images_std@media@modules@UModSys@@@tl@UModSys@@2USUniquePointer@core@3@A@@YAXXZ 10041580 f    CIL library: CIL module
 0001:00040590       ??__F?s_id@?$TObjectUniqueID@URMediaFilter@images_std@media@modules@UModSys@@@tl@UModSys@@2USUniquePointer@core@3@A@@YAXXZ 10041590 f    CIL library: CIL module
 0001:000405a0       ??__Fs_dbg@serialize_json@media@modules@UModSys@@YAXXZ 100415a0 f    CIL library: CIL module
 0001:000405b0       ??__F?s_modreg@RModuleReg@serialize_json@media@modules@UModSys@@2U12345@A@@YAXXZ 100415b0 f    CIL library: CIL module
 0001:000405d0       ??__F?s_modreg_chain@RModuleReg@serialize_json@media@modules@UModSys@@2USModuleRegChain@base@5@A@@YAXXZ 100415d0 f    CIL library: CIL module
 0001:000405e0       ??__F?s_uid@RGenerator@serialize_json@media@modules@UModSys@@2USUniquePointer@core@5@A@@YAXXZ 100415e0 f    CIL library: CIL module
 0001:000405f0       ??__Fh@?1??s_holder@RGenerator@serialize_json@media@modules@UModSys@@SAAAU?$TTypeStaticHolder@URGenerator@serialize_json@media@modules@UModSys@@@tl@5@XZ@YAXXZ 100415f0 f    CIL library: CIL module
 0001:00040610       ??__F?s_id@?$TObjectUniqueID@URGenerator@serialize_json@media@modules@UModSys@@@tl@UModSys@@2USUniquePointer@core@3@A@@YAXXZ 10041610 f    CIL library: CIL module
 0001:00040620       ??__F?s_id@?$TObjectUniqueID@URSerializeWriter@serialize_json@media@modules@UModSys@@@tl@UModSys@@2USUniquePointer@core@3@A@@YAXXZ 10041620 f    CIL library: CIL module
 0001:00040630       ??__F?s_id@?$TObjectUniqueID@URSerializeReader@serialize_json@media@modules@UModSys@@@tl@UModSys@@2USUniquePointer@core@3@A@@YAXXZ 10041630 f    CIL library: CIL module
 0001:00040640       ??__Fs_dbg@zlib@media@modules@UModSys@@YAXXZ 10041640 f    CIL library: CIL module
 0001:00040650       ??__F?s_modreg@RModuleReg@zlib@media@modules@UModSys@@2U12345@A@@YAXXZ 10041650 f    CIL library: CIL module
 0001:00040670       ??__F?s_modreg_chain@RModuleReg@zlib@media@modules@UModSys@@2USModuleRegChain@base@5@A@@YAXXZ 10041670 f    CIL library: CIL module
 0001:00040680       ??__F?s_uid@RGenerator@zlib@media@modules@UModSys@@2USUniquePointer@core@5@A@@YAXXZ 10041680 f    CIL library: CIL module
 0001:00040690       ??__Fh@?1??s_holder@RGenerator@zlib@media@modules@UModSys@@SAAAU?$TTypeStaticHolder@URGenerator@zlib@media@modules@UModSys@@@tl@5@XZ@YAXXZ 10041690 f    CIL library: CIL module
 0001:000406b0       ??__F?s_id@?$TObjectUniqueID@URGenerator@zlib@media@modules@UModSys@@@tl@UModSys@@2USUniquePointer@core@3@A@@YAXXZ 100416b0 f    CIL library: CIL module
 0001:000406c0       ??__F?s_id@?$TObjectUniqueID@URBinArchiveFrameClient_ZIP@zlib@media@modules@UModSys@@@tl@UModSys@@2USUniquePointer@core@3@A@@YAXXZ 100416c0 f    CIL library: CIL module
 0001:000406d0       ??__FM@UModSys@@YAXXZ      100416d0 f    CIL library: CIL module
 0001:000406e0       ??__F?root@SModuleRegChain@base@UModSys@@2U123@A@@YAXXZ 100416e0 f    CIL library: CIL module
 0001:000406f0       ??__F?s_library@RModuleLibraryReg_Chain@base@UModSys@@2U123@A@@YAXXZ 100416f0 f    CIL library: CIL module
 0001:00040700       ??__F?root@SUniquePointer@core@UModSys@@2U123@A@@YAXXZ 10041700 f    CIL library: CIL module

 Exports

  ordinal    name

        1    _UModSys_Plugin_Entry2@0
