 plugin_test1

 Timestamp is 52a95da0 (Thu Dec 12 09:54:24 2013)

 Preferred load address is 10000000

 Start         Length     Name                   Class
 0001:00000000 00016faaH .text                   CODE
 0001:00016fb0 000009c8H .text$x                 CODE
 0001:00017980 000010c1H .text$yc                CODE
 0001:00018a50 000006caH .text$yd                CODE
 0002:00000000 000001d0H .idata$5                DATA
 0002:000001d0 00000004H .CRT$XCA                DATA
 0002:000001d4 000007ccH .CRT$XCU                DATA
 0002:000009a0 00000004H .CRT$XCZ                DATA
 0002:000009a4 00000004H .CRT$XIA                DATA
 0002:000009a8 00000004H .CRT$XIAA               DATA
 0002:000009ac 00000004H .CRT$XIC                DATA
 0002:000009b0 00000004H .CRT$XIZ                DATA
 0002:000009b8 000021b8H .rdata                  DATA
 0002:00002b70 0000174cH .rdata$r                DATA
 0002:000042c0 000000f8H .rdata$sxdata           DATA
 0002:000043b8 00000004H .rtc$IAA                DATA
 0002:000043bc 00000004H .rtc$IZZ                DATA
 0002:000043c0 00000004H .rtc$TAA                DATA
 0002:000043c4 00000004H .rtc$TZZ                DATA
 0002:000043c8 00000e0cH .xdata$x                DATA
 0002:000051d4 00000064H .idata$2                DATA
 0002:00005238 00000014H .idata$3                DATA
 0002:0000524c 000001d0H .idata$4                DATA
 0002:0000541c 00000880H .idata$6                DATA
 0002:00005ca0 0000005cH .edata                  DATA
 0003:00000000 00000dd0H .data                   DATA
 0003:00000dd0 0000149cH .bss                    DATA

  Address         Publics by Value              Rva+Base       Lib:Object

 0000:00000000       __except_list              00000000     <absolute>
 0000:0000003e       ___safe_se_handler_count   0000003e     <absolute>
 0000:00009876       __ldused                   00009876     <absolute>
 0000:00009876       __fltused                  00009876     <absolute>
 0000:00000000       ___ImageBase               10000000     <linker-defined>
 0001:00000000       ??4SCMemShared@core@UModSys@@QAEABU012@ABUSMemShared@12@@Z 10001000 f i plugin_test1.obj
 0001:00000030       ??3IRoot@core@UModSys@@SAXPAXABUSIMemAlloc@12@@Z 10001030 f i plugin_test1.obj
 0001:00000040       ??$seq@D@su@tl@UModSys@@YA_NPBD0@Z 10001040 f i plugin_test1.obj
 0001:00000080       ?bin_reader@ILibrary@libmedia@UModSys@@QAE?AU?$TRefObject@UIStreamReader@libmedia@UModSys@@U?$TRefObjectFunc@UIStreamReader@libmedia@UModSys@@@tl@3@@tl@3@ABU?$TString@U?$TSCoreConst@D@su@tl@UModSys@@U?$TComparerBinaryHash@D@234@@53@ABU?$TFlags4State@USMediaFlagUid@libmedia@UModSys@@I@53@@Z 10001080 f i plugin_test1.obj
 0001:000000c0       ?bin_writer@ILibrary@libmedia@UModSys@@QAE?AU?$TRefObject@UIStreamWriter@libmedia@UModSys@@U?$TRefObjectFunc@UIStreamWriter@libmedia@UModSys@@@tl@3@@tl@3@ABU?$TString@U?$TSCoreConst@D@su@tl@UModSys@@U?$TComparerBinaryHash@D@234@@53@ABU?$TFlags4State@USMediaFlagUid@libmedia@UModSys@@I@53@@Z 100010c0 f i plugin_test1.obj
 0001:00000100       ?obj_load@ILibrary@libmedia@UModSys@@QAE_NABU?$TString@U?$TSCoreConst@D@su@tl@UModSys@@U?$TComparerBinaryHash@D@234@@tl@3@PAUIRefObject@core@3@0PBUSParameters@73@ABU?$TFlags4State@USMediaFlagUid@libmedia@UModSys@@I@53@@Z 10001100 f i plugin_test1.obj
 0001:00000160       ?obj_save@ILibrary@libmedia@UModSys@@QAE_NABU?$TString@U?$TSCoreConst@D@su@tl@UModSys@@U?$TComparerBinaryHash@D@234@@tl@3@PBUIRefObject@core@3@0PBUSParameters@73@ABU?$TFlags4State@USMediaFlagUid@libmedia@UModSys@@I@53@@Z 10001160 f i plugin_test1.obj
 0001:000001c0       ?mount_add@ILibraryBinTree@libmedia@UModSys@@QAE_NABU?$TString@U?$TSCoreConst@D@su@tl@UModSys@@U?$TComparerBinaryHash@D@234@@tl@3@PAUIBinArchive@23@H@Z 100011c0 f i plugin_test1.obj
 0001:00000260       ?mount_add@ILibraryBinTree@libmedia@UModSys@@QAE_NABU?$TString@U?$TSCoreConst@D@su@tl@UModSys@@U?$TComparerBinaryHash@D@234@@tl@3@HPAUIBinArchive@23@H@Z 10001260 f i plugin_test1.obj
 0001:00000300       ?layer_push@ILibraryLayered@libmedia@UModSys@@QAE_NPAUILibrary@23@HABU?$TString@U?$TSCoreConst@D@su@tl@UModSys@@U?$TComparerBinaryHash@D@234@@tl@3@@Z 10001300 f i plugin_test1.obj
 0001:00000390       ??1SPoint@ILibraryBinTree@libmedia@UModSys@@QAE@XZ 10001390 f i plugin_test1.obj
 0001:00000390       ??1SLayer@ILibraryLayered@libmedia@UModSys@@QAE@XZ 10001390 f i plugin_test1.obj
 0001:000003b0       ??0SSerializeValue@libmedia@UModSys@@QAE@PBD@Z 100013b0 f i plugin_test1.obj
 0001:000003e0       ?s@SFrameDataOut@libui@UModSys@@QBEXQBD@Z 100013e0 f i plugin_test1.obj
 0001:00000420       ??_GIRoot@core@UModSys@@UAEPAXI@Z 10001420 f i plugin_test1.obj
 0001:00000420       ??_EIRoot@core@UModSys@@UAEPAXI@Z 10001420 f i  CIL library: CIL module
 0001:00000440       ?root_get_interface_info@RTest1_Shell@test1@test@modules@UModSys@@UBEABUSUniquePointerInfo@core@5@XZ 10001440 f i plugin_test1.obj
 0001:00000450       ?root_get_interface_type@RTest1_Shell@test1@test@modules@UModSys@@UBEPBUSUniquePointerInfo@core@5@XZ 10001450 f i plugin_test1.obj
 0001:00000460       ?root_get_other_interface@RTest1_Shell@test1@test@modules@UModSys@@UBEPBUIRoot@core@5@PBUSUniquePointerInfo@75@@Z 10001460 f i plugin_test1.obj
 0001:00000460       ?root_get_other_interface@RTest1_Shell@test1@test@modules@UModSys@@UAEPAUIRoot@core@5@PBUSUniquePointerInfo@75@@Z 10001460 f i plugin_test1.obj
 0001:00000490       ?root_is_interface_supported@RTest1_Shell@test1@test@modules@UModSys@@UBE_NPBUSUniquePointerInfo@core@5@@Z 10001490 f i plugin_test1.obj
 0001:000004d0       ?ref_add@RTest1_Shell@test1@test@modules@UModSys@@UBEXXZ 100014d0 f i plugin_test1.obj
 0001:000004e0       ?ref_remove@RTest1_Shell@test1@test@modules@UModSys@@UBEXXZ 100014e0 f i plugin_test1.obj
 0001:000004f0       ?ref_links@RTest1_Shell@test1@test@modules@UModSys@@UBEHXZ 100014f0 f i plugin_test1.obj
 0001:00000500       ?ref_weak@RTest1_Shell@test1@test@modules@UModSys@@UBE_NAAUWeakPointer@IRefObject@core@5@@Z 10001500 f i plugin_test1.obj
 0001:00000520       ?suicide@RTest1_Shell@test1@test@modules@UModSys@@UAEXXZ 10001520 f i plugin_test1.obj
 0001:00000530       ??0RTest1_Shell@test1@test@modules@UModSys@@QAE@PAUIModObject@base@4@@Z 10001530 f i plugin_test1.obj
 0001:00000670       ??1RTest1_Shell@test1@test@modules@UModSys@@UAE@XZ 10001670 f i plugin_test1.obj
 0001:00000720       ?connect@RTest1_Shell@test1@test@modules@UModSys@@UAE_NXZ 10001720 f i plugin_test1.obj
 0001:00000740       ?disconnect@RTest1_Shell@test1@test@modules@UModSys@@UAE_NXZ 10001740 f i plugin_test1.obj
 0001:00000760       ?process_tick@RTest1_Shell@test1@test@modules@UModSys@@UAE_NABUSTimeMsec@core@5@@Z 10001760 f i plugin_test1.obj
 0001:00000790       ?process_command@RTest1_Shell@test1@test@modules@UModSys@@UAE_NHQBU?$TString@U?$TSCoreConst@D@su@tl@UModSys@@U?$TComparerBinaryHash@D@234@@tl@5@@Z 10001790 f i plugin_test1.obj
 0001:000007c0       ??_GRTest1_Shell@test1@test@modules@UModSys@@UAEPAXI@Z 100017c0 f i plugin_test1.obj
 0001:000007c0       ??_ERTest1_Shell@test1@test@modules@UModSys@@UAEPAXI@Z 100017c0 f i  CIL library: CIL module
 0001:000007e0       ??1?$TParametersA@$0EAA@@core@UModSys@@QAE@XZ 100017e0 f i plugin_test1.obj
 0001:000007e0       ??1?$TParametersA@$0BAA@@core@UModSys@@QAE@XZ 100017e0 f i umodsys_lib_libui:umodsys.mod.ui.SDL_core.obj
 0001:000007e0       ??1SParameters@core@UModSys@@QAE@XZ 100017e0 f i plugin_test1.obj
 0001:000007f0       ?get_generated_names@RGenerator@test1@test@modules@UModSys@@UBEHAAUSUniquePtrList@core@5@@Z 100017f0 f i plugin_test1.obj
 0001:00000810       ?get_generated_types@RGenerator@test1@test@modules@UModSys@@UBEHAAUSUniquePtrList@core@5@PBUSUniquePointerInfo@75@@Z 10001810 f i plugin_test1.obj
 0001:00000860       ?generate@RGenerator@test1@test@modules@UModSys@@UAE_NAAU?$TRefObject@UIRefObject@core@UModSys@@U?$TRefObjectFunc@UIRefObject@core@UModSys@@@tl@3@@tl@5@PBUSUniquePointerInfo@core@5@ABUSParameters@95@@Z 10001860 f i plugin_test1.obj
 0001:00000920       ?root_get_interface_info@RGenerator@test1@test@modules@UModSys@@UBEABUSUniquePointerInfo@core@5@XZ 10001920 f i plugin_test1.obj
 0001:00000930       ?root_get_interface_type@RGenerator@test1@test@modules@UModSys@@UBEPBUSUniquePointerInfo@core@5@XZ 10001930 f i plugin_test1.obj
 0001:00000940       ?root_get_other_interface@RGenerator@test1@test@modules@UModSys@@UBEPBUIRoot@core@5@PBUSUniquePointerInfo@75@@Z 10001940 f i plugin_test1.obj
 0001:00000940       ?root_get_other_interface@RGenerator@test1@test@modules@UModSys@@UAEPAUIRoot@core@5@PBUSUniquePointerInfo@75@@Z 10001940 f i plugin_test1.obj
 0001:00000980       ?root_is_interface_supported@RGenerator@test1@test@modules@UModSys@@UBE_NPBUSUniquePointerInfo@core@5@@Z 10001980 f i plugin_test1.obj
 0001:000009c0       ?ref_links@RSerializeReader@serialize_json@media@modules@UModSys@@UBEHXZ 100019c0 f i umodsys_lib_libmedia:umodsys.mod.media.serialize_json.obj
 0001:000009c0       ?ref_links@RMultiImage2D_SDL_ttf@SDL_core@ui@modules@UModSys@@UBEHXZ 100019c0 f i umodsys_lib_libui:umodsys.mod.ui.SDL_core.obj
 0001:000009c0       ?ref_links@RGenerator@serialize_json@media@modules@UModSys@@UBEHXZ 100019c0 f i umodsys_lib_libmedia:umodsys.mod.media.serialize_json.obj
 0001:000009c0       ?ref_links@RImage_Memory@stdlib@lib2d@modules@UModSys@@UBEHXZ 100019c0 f i umodsys_lib_lib2d:umodsys.mod.2d.stdlib.obj
 0001:000009c0       ?ref_links@RMouseController@SDL_core@ui@modules@UModSys@@UBEHXZ 100019c0 f i umodsys_lib_libui:umodsys.mod.ui.SDL_core.obj
 0001:000009c0       ?ref_links@RKeyboardController@SDL_core@ui@modules@UModSys@@UBEHXZ 100019c0 f i umodsys_lib_libui:umodsys.mod.ui.SDL_core.obj
 0001:000009c0       ?ref_links@RGenerator@images_std@media@modules@UModSys@@UBEHXZ 100019c0 f i umodsys_lib_libmedia:umodsys.mod.media.images_std.obj
 0001:000009c0       ?ref_links@RGenerator@SDL_core@ui@modules@UModSys@@UBEHXZ 100019c0 f i umodsys_lib_libui:umodsys.mod.ui.SDL_core.obj
 0001:000009c0       ?ref_links@RGenerator@stdlib@lib2d@modules@UModSys@@UBEHXZ 100019c0 f i umodsys_lib_lib2d:umodsys.mod.2d.stdlib.obj
 0001:000009c0       ?ref_links@RGenerator@frames@ui@modules@UModSys@@UBEHXZ 100019c0 f i umodsys_lib_libui:umodsys.mod.ui.frames.obj
 0001:000009c0       ?ref_links@RDialog@frames@ui@modules@UModSys@@UBEHXZ 100019c0 f i umodsys_lib_libui:umodsys.mod.ui.frames.obj
 0001:000009c0       ?ref_links@RRenderDriver2D@SDL_core@ui@modules@UModSys@@UBEHXZ 100019c0 f i umodsys_lib_libui:umodsys.mod.ui.SDL_core.obj
 0001:000009c0       ?ref_links@RGenerator@test1@test@modules@UModSys@@UBEHXZ 100019c0 f i plugin_test1.obj
 0001:000009c0       ?ref_links@RTerminal@SDL_core@ui@modules@UModSys@@UBEHXZ 100019c0 f i umodsys_lib_libui:umodsys.mod.ui.SDL_core.obj
 0001:000009d0       ?get_uid@RGenerator@test1@test@modules@UModSys@@UBEPBUSUniquePointerInfo@core@5@XZ 100019d0 f i plugin_test1.obj
 0001:000009e0       ?do_open@RModuleReg@test1@test@modules@UModSys@@UAE_NXZ 100019e0 f i plugin_test1.obj
 0001:00000a10       ?do_close@RModuleReg@test1@test@modules@UModSys@@UAE_NXZ 10001a10 f i plugin_test1.obj
 0001:00000a40       ??_GRModuleReg@test1@test@modules@UModSys@@UAEPAXI@Z 10001a40 f i plugin_test1.obj
 0001:00000a40       ??_ERModuleReg@test1@test@modules@UModSys@@UAEPAXI@Z 10001a40 f i  CIL library: CIL module
 0001:00000a70       ??0?$TString@U?$TSCoreConst@D@su@tl@UModSys@@U?$TComparerBinaryHash@D@234@@tl@UModSys@@QAE@PBD@Z 10001a70 f i plugin_test1.obj
 0001:00000ac0       ??8?$TString@U?$TSCoreConst@D@su@tl@UModSys@@U?$TComparerBinaryHash@D@234@@tl@UModSys@@QBE_NPBD@Z 10001ac0 f i plugin_test1.obj
 0001:00000af0       ??0?$TParametersA@$0EAA@@core@UModSys@@QAE@XZ 10001af0 f i plugin_test1.obj
 0001:00000b20       ??1?$TRefObject@UIRefObject@core@UModSys@@U?$TRefObjectFunc@UIRefObject@core@UModSys@@@tl@3@@tl@UModSys@@QAE@XZ 10001b20 f i plugin_test1.obj
 0001:00000b20       ??1?$TRefObject@UILibraryBinTree@libmedia@UModSys@@U?$TRefObjectFunc@UILibraryBinTree@libmedia@UModSys@@@tl@3@@tl@UModSys@@QAE@XZ 10001b20 f i plugin_test1.obj
 0001:00000b20       ??1?$TRefObject@UITerminal@libui@UModSys@@U?$TRefObjectFunc@UITerminal@libui@UModSys@@@tl@3@@tl@UModSys@@QAE@XZ 10001b20 f i plugin_test1.obj
 0001:00000b20       ??1?$TRefObject@UIBinObjFilter@libmedia@UModSys@@U?$TRefObjectFunc@UIBinObjFilter@libmedia@UModSys@@@tl@3@@tl@UModSys@@QAE@XZ 10001b20 f i plugin_test1.obj
 0001:00000b20       ??1?$TRefObject@URMultiImage2D_SDL_ttf@SDL_core@ui@modules@UModSys@@U?$TRefObjectFunc@URMultiImage2D_SDL_ttf@SDL_core@ui@modules@UModSys@@@tl@5@@tl@UModSys@@QAE@XZ 10001b20 f i umodsys_lib_libui:umodsys.mod.ui.SDL_core.obj
 0001:00000b20       ??1?$TRefObject@UIRenderDriver@lib2d@UModSys@@U?$TRefObjectFunc@UIRenderDriver@lib2d@UModSys@@@tl@3@@tl@UModSys@@QAE@XZ 10001b20 f i plugin_test1.obj
 0001:00000b20       ??1?$TRefObject@URMouseController@SDL_core@ui@modules@UModSys@@U?$TRefObjectFunc@URMouseController@SDL_core@ui@modules@UModSys@@@tl@5@@tl@UModSys@@QAE@XZ 10001b20 f i umodsys_lib_libui:umodsys.mod.ui.SDL_core.obj
 0001:00000b20       ??1?$TRefObject@UILibraryObjCache@libmedia@UModSys@@U?$TRefObjectFunc@UILibraryObjCache@libmedia@UModSys@@@tl@3@@tl@UModSys@@QAE@XZ 10001b20 f i plugin_test1.obj
 0001:00000b20       ??1?$TRefObject@URKeyboardController@SDL_core@ui@modules@UModSys@@U?$TRefObjectFunc@URKeyboardController@SDL_core@ui@modules@UModSys@@@tl@5@@tl@UModSys@@QAE@XZ 10001b20 f i umodsys_lib_libui:umodsys.mod.ui.SDL_core.obj
 0001:00000b20       ??1?$TRefObject@UIImage@lib2d@UModSys@@U?$TRefObjectFunc@UIImage@lib2d@UModSys@@@tl@3@@tl@UModSys@@QAE@XZ 10001b20 f i plugin_test1.obj
 0001:00000b20       ??1?$TRefObject@UIKeyboardController@libui@UModSys@@U?$TRefObjectFunc@UIKeyboardController@libui@UModSys@@@tl@3@@tl@UModSys@@QAE@XZ 10001b20 f i plugin_test1.obj
 0001:00000b20       ??1?$TRefObject@URTerminal@SDL_core@ui@modules@UModSys@@U?$TRefObjectFunc@URTerminal@SDL_core@ui@modules@UModSys@@@tl@5@@tl@UModSys@@QAE@XZ 10001b20 f i umodsys_lib_libui:umodsys.mod.ui.SDL_core.obj
 0001:00000b20       ??1?$TRefObject@UIMouseController@libui@UModSys@@U?$TRefObjectFunc@UIMouseController@libui@UModSys@@@tl@3@@tl@UModSys@@QAE@XZ 10001b20 f i plugin_test1.obj
 0001:00000b20       ??1?$TRefObject@URImage_Memory@stdlib@lib2d@modules@UModSys@@U?$TRefObjectFunc@URImage_Memory@stdlib@lib2d@modules@UModSys@@@tl@5@@tl@UModSys@@QAE@XZ 10001b20 f i umodsys_lib_lib2d:umodsys.mod.2d.stdlib.obj
 0001:00000b20       ??1?$TRefObject@URSerializeWriter@serialize_json@media@modules@UModSys@@U?$TRefObjectFunc@URSerializeWriter@serialize_json@media@modules@UModSys@@@tl@5@@tl@UModSys@@QAE@XZ 10001b20 f i umodsys_lib_libmedia:umodsys.mod.media.serialize_json.obj
 0001:00000b20       ??1?$TRefObject@UISerializeReader@libmedia@UModSys@@U?$TRefObjectFunc@UISerializeReader@libmedia@UModSys@@@tl@3@@tl@UModSys@@QAE@XZ 10001b20 f i plugin_test1.obj
 0001:00000b20       ??1?$TRefObject@URMediaFilter@images_std@media@modules@UModSys@@U?$TRefObjectFunc@URMediaFilter@images_std@media@modules@UModSys@@@tl@5@@tl@UModSys@@QAE@XZ 10001b20 f i umodsys_lib_libmedia:umodsys.mod.media.images_std.obj
 0001:00000b20       ??1?$TRefObject@UIBinArchive@libmedia@UModSys@@U?$TRefObjectFunc@UIBinArchive@libmedia@UModSys@@@tl@3@@tl@UModSys@@QAE@XZ 10001b20 f i plugin_test1.obj
 0001:00000b20       ??1?$TRefObject@UIStreamReader@libmedia@UModSys@@U?$TRefObjectFunc@UIStreamReader@libmedia@UModSys@@@tl@3@@tl@UModSys@@QAE@XZ 10001b20 f i plugin_test1.obj
 0001:00000b20       ??1?$TRefObject@UILibraryLayered@libmedia@UModSys@@U?$TRefObjectFunc@UILibraryLayered@libmedia@UModSys@@@tl@3@@tl@UModSys@@QAE@XZ 10001b20 f i plugin_test1.obj
 0001:00000b20       ??1?$TRefObject@URRenderDriver2D@SDL_core@ui@modules@UModSys@@U?$TRefObjectFunc@URRenderDriver2D@SDL_core@ui@modules@UModSys@@@tl@5@@tl@UModSys@@QAE@XZ 10001b20 f i umodsys_lib_libui:umodsys.mod.ui.SDL_core.obj
 0001:00000b20       ??1?$TRefObject@URFrame_Common@frames@ui@modules@UModSys@@U?$TRefObjectFunc@URFrame_Common@frames@ui@modules@UModSys@@@tl@5@@tl@UModSys@@QAE@XZ 10001b20 f i umodsys_lib_libui:umodsys.mod.ui.frames.obj
 0001:00000b20       ??1?$TRefObject@UILibraryBinCache@libmedia@UModSys@@U?$TRefObjectFunc@UILibraryBinCache@libmedia@UModSys@@@tl@3@@tl@UModSys@@QAE@XZ 10001b20 f i plugin_test1.obj
 0001:00000b20       ??1?$TRefObject@UILibrary@libmedia@UModSys@@U?$TRefObjectFunc@UILibrary@libmedia@UModSys@@@tl@3@@tl@UModSys@@QAE@XZ 10001b20 f i plugin_test1.obj
 0001:00000b20       ??1?$TRefObject@UILibraryObjFilter@libmedia@UModSys@@U?$TRefObjectFunc@UILibraryObjFilter@libmedia@UModSys@@@tl@3@@tl@UModSys@@QAE@XZ 10001b20 f i plugin_test1.obj
 0001:00000b20       ??1?$TRefObject@UIStreamWriter@libmedia@UModSys@@U?$TRefObjectFunc@UIStreamWriter@libmedia@UModSys@@@tl@3@@tl@UModSys@@QAE@XZ 10001b20 f i plugin_test1.obj
 0001:00000b20       ??1?$TRefObject@URSerializeReader@serialize_json@media@modules@UModSys@@U?$TRefObjectFunc@URSerializeReader@serialize_json@media@modules@UModSys@@@tl@5@@tl@UModSys@@QAE@XZ 10001b20 f i umodsys_lib_libmedia:umodsys.mod.media.serialize_json.obj
 0001:00000b20       ??1?$TRefObject@UISerializeWriter@libmedia@UModSys@@U?$TRefObjectFunc@UISerializeWriter@libmedia@UModSys@@@tl@3@@tl@UModSys@@QAE@XZ 10001b20 f i plugin_test1.obj
 0001:00000b20       ??1?$TRefObject@UIFrame@libui@UModSys@@U?$TRefObjectFunc@UIFrame@libui@UModSys@@@tl@3@@tl@UModSys@@QAE@XZ 10001b20 f i umodsys_lib_libui:umodsys.mod.ui.frames.obj
 0001:00000b20       ??1?$TRefObject@URCollector@frames@ui@modules@UModSys@@U?$TRefObjectFunc@URCollector@frames@ui@modules@UModSys@@@tl@5@@tl@UModSys@@QAE@XZ 10001b20 f i umodsys_lib_libui:umodsys.mod.ui.frames.obj
 0001:00000b20       ??1?$TRefObject@UIMultiImage@lib2d@UModSys@@U?$TRefObjectFunc@UIMultiImage@lib2d@UModSys@@@tl@3@@tl@UModSys@@QAE@XZ 10001b20 f i plugin_test1.obj
 0001:00000b20       ??1?$TRefObject@URDialog@frames@ui@modules@UModSys@@U?$TRefObjectFunc@URDialog@frames@ui@modules@UModSys@@@tl@5@@tl@UModSys@@QAE@XZ 10001b20 f i umodsys_lib_libui:umodsys.mod.ui.frames.obj
 0001:00000b40       ??4?$TRefObject@UISerializeWriter@libmedia@UModSys@@U?$TRefObjectFunc@UISerializeWriter@libmedia@UModSys@@@tl@3@@tl@UModSys@@QAEABU012@ABU012@@Z 10001b40 f i plugin_test1.obj
 0001:00000b70       ?info_new@?$TSCoreShared@USIMemAlloc@core@UModSys@@D@su@tl@UModSys@@QAE_NPBDI@Z 10001b70 f i plugin_test1.obj
 0001:00000c00       ??$generate_type@UIImage@lib2d@UModSys@@@RTest1_Shell@test1@test@modules@UModSys@@QAE?AU?$TRefObject@UIImage@lib2d@UModSys@@U?$TRefObjectFunc@UIImage@lib2d@UModSys@@@tl@3@@tl@4@ABU?$TString@U?$TSCoreConst@D@su@tl@UModSys@@U?$TComparerBinaryHash@D@234@@64@ABUSParameters@core@4@PBD@Z 10001c00 f i plugin_test1.obj
 0001:00000d50       ??$generate_type@UIBinArchive@libmedia@UModSys@@@RTest1_Shell@test1@test@modules@UModSys@@QAE?AU?$TRefObject@UIBinArchive@libmedia@UModSys@@U?$TRefObjectFunc@UIBinArchive@libmedia@UModSys@@@tl@3@@tl@4@ABU?$TString@U?$TSCoreConst@D@su@tl@UModSys@@U?$TComparerBinaryHash@D@234@@64@ABUSParameters@core@4@PBD@Z 10001d50 f i plugin_test1.obj
 0001:00000ea0       ??$generate_type@UIBinObjFilter@libmedia@UModSys@@@RTest1_Shell@test1@test@modules@UModSys@@QAE?AU?$TRefObject@UIBinObjFilter@libmedia@UModSys@@U?$TRefObjectFunc@UIBinObjFilter@libmedia@UModSys@@@tl@3@@tl@4@ABU?$TString@U?$TSCoreConst@D@su@tl@UModSys@@U?$TComparerBinaryHash@D@234@@64@ABUSParameters@core@4@PBD@Z 10001ea0 f i plugin_test1.obj
 0001:00000ff0       ??$generate_type@UILibraryBinTree@libmedia@UModSys@@@RTest1_Shell@test1@test@modules@UModSys@@QAE?AU?$TRefObject@UILibraryBinTree@libmedia@UModSys@@U?$TRefObjectFunc@UILibraryBinTree@libmedia@UModSys@@@tl@3@@tl@4@ABU?$TString@U?$TSCoreConst@D@su@tl@UModSys@@U?$TComparerBinaryHash@D@234@@64@ABUSParameters@core@4@PBD@Z 10001ff0 f i plugin_test1.obj
 0001:00001140       ??$generate_type@UILibraryObjFilter@libmedia@UModSys@@@RTest1_Shell@test1@test@modules@UModSys@@QAE?AU?$TRefObject@UILibraryObjFilter@libmedia@UModSys@@U?$TRefObjectFunc@UILibraryObjFilter@libmedia@UModSys@@@tl@3@@tl@4@ABU?$TString@U?$TSCoreConst@D@su@tl@UModSys@@U?$TComparerBinaryHash@D@234@@64@ABUSParameters@core@4@PBD@Z 10002140 f i plugin_test1.obj
 0001:00001290       ??$generate_type@UILibraryLayered@libmedia@UModSys@@@RTest1_Shell@test1@test@modules@UModSys@@QAE?AU?$TRefObject@UILibraryLayered@libmedia@UModSys@@U?$TRefObjectFunc@UILibraryLayered@libmedia@UModSys@@@tl@3@@tl@4@ABU?$TString@U?$TSCoreConst@D@su@tl@UModSys@@U?$TComparerBinaryHash@D@234@@64@ABUSParameters@core@4@PBD@Z 10002290 f i plugin_test1.obj
 0001:000013e0       ??$generate_type@UILibraryObjCache@libmedia@UModSys@@@RTest1_Shell@test1@test@modules@UModSys@@QAE?AU?$TRefObject@UILibraryObjCache@libmedia@UModSys@@U?$TRefObjectFunc@UILibraryObjCache@libmedia@UModSys@@@tl@3@@tl@4@ABU?$TString@U?$TSCoreConst@D@su@tl@UModSys@@U?$TComparerBinaryHash@D@234@@64@ABUSParameters@core@4@PBD@Z 100023e0 f i plugin_test1.obj
 0001:00001530       ??$generate_type@UILibraryBinCache@libmedia@UModSys@@@RTest1_Shell@test1@test@modules@UModSys@@QAE?AU?$TRefObject@UILibraryBinCache@libmedia@UModSys@@U?$TRefObjectFunc@UILibraryBinCache@libmedia@UModSys@@@tl@3@@tl@4@ABU?$TString@U?$TSCoreConst@D@su@tl@UModSys@@U?$TComparerBinaryHash@D@234@@64@ABUSParameters@core@4@PBD@Z 10002530 f i plugin_test1.obj
 0001:00001680       ??$generate_type@UISerializeWriter@libmedia@UModSys@@@RTest1_Shell@test1@test@modules@UModSys@@QAE?AU?$TRefObject@UISerializeWriter@libmedia@UModSys@@U?$TRefObjectFunc@UISerializeWriter@libmedia@UModSys@@@tl@3@@tl@4@ABU?$TString@U?$TSCoreConst@D@su@tl@UModSys@@U?$TComparerBinaryHash@D@234@@64@ABUSParameters@core@4@PBD@Z 10002680 f i plugin_test1.obj
 0001:000017d0       ??$generate_type@UISerializeReader@libmedia@UModSys@@@RTest1_Shell@test1@test@modules@UModSys@@QAE?AU?$TRefObject@UISerializeReader@libmedia@UModSys@@U?$TRefObjectFunc@UISerializeReader@libmedia@UModSys@@@tl@3@@tl@4@ABU?$TString@U?$TSCoreConst@D@su@tl@UModSys@@U?$TComparerBinaryHash@D@234@@64@ABUSParameters@core@4@PBD@Z 100027d0 f i plugin_test1.obj
 0001:00001920       ??$shash@D@su@tl@UModSys@@YAHPBDI@Z 10002920 f i plugin_test1.obj
 0001:00001950       ??1?$TRefObject@UIModObject@base@UModSys@@U?$TModObjectFunc@UIModObject@base@UModSys@@@tl@3@@tl@UModSys@@QAE@XZ 10002950 f i plugin_test1.obj
 0001:00001970       ??$t_ref_get_other_interface@UIStreamReader@libmedia@UModSys@@U?$TRefObjectFunc@UIStreamReader@libmedia@UModSys@@@tl@3@@IRefObject@core@UModSys@@QAE_NAAU?$TRefObject@UIStreamReader@libmedia@UModSys@@U?$TRefObjectFunc@UIStreamReader@libmedia@UModSys@@@tl@3@@tl@2@@Z 10002970 f i plugin_test1.obj
 0001:000019b0       ??$t_ref_get_other_interface@UIStreamWriter@libmedia@UModSys@@U?$TRefObjectFunc@UIStreamWriter@libmedia@UModSys@@@tl@3@@IRefObject@core@UModSys@@QAE_NAAU?$TRefObject@UIStreamWriter@libmedia@UModSys@@U?$TRefObjectFunc@UIStreamWriter@libmedia@UModSys@@@tl@3@@tl@2@@Z 100029b0 f i plugin_test1.obj
 0001:000019f0       ??$t_ref_get_other_interface@UIMultiImage@lib2d@UModSys@@U?$TRefObjectFunc@UIMultiImage@lib2d@UModSys@@@tl@3@@IRefObject@core@UModSys@@QAE_NAAU?$TRefObject@UIMultiImage@lib2d@UModSys@@U?$TRefObjectFunc@UIMultiImage@lib2d@UModSys@@@tl@3@@tl@2@@Z 100029f0 f i plugin_test1.obj
 0001:00001a30       ??$t_generate@UIImage@lib2d@UModSys@@@SModuleContext@base@UModSys@@QAE_NAAU?$TRefObject@UIImage@lib2d@UModSys@@U?$TRefObjectFunc@UIImage@lib2d@UModSys@@@tl@3@@tl@2@PBUSUniquePointerInfo@core@2@ABUSParameters@62@@Z 10002a30 f i plugin_test1.obj
 0001:00001ae0       ??$t_generate@UIBinArchive@libmedia@UModSys@@@SModuleContext@base@UModSys@@QAE_NAAU?$TRefObject@UIBinArchive@libmedia@UModSys@@U?$TRefObjectFunc@UIBinArchive@libmedia@UModSys@@@tl@3@@tl@2@PBUSUniquePointerInfo@core@2@ABUSParameters@62@@Z 10002ae0 f i plugin_test1.obj
 0001:00001b90       ??$t_generate@UIBinObjFilter@libmedia@UModSys@@@SModuleContext@base@UModSys@@QAE_NAAU?$TRefObject@UIBinObjFilter@libmedia@UModSys@@U?$TRefObjectFunc@UIBinObjFilter@libmedia@UModSys@@@tl@3@@tl@2@PBUSUniquePointerInfo@core@2@ABUSParameters@62@@Z 10002b90 f i plugin_test1.obj
 0001:00001c40       ??$t_generate@UILibraryBinTree@libmedia@UModSys@@@SModuleContext@base@UModSys@@QAE_NAAU?$TRefObject@UILibraryBinTree@libmedia@UModSys@@U?$TRefObjectFunc@UILibraryBinTree@libmedia@UModSys@@@tl@3@@tl@2@PBUSUniquePointerInfo@core@2@ABUSParameters@62@@Z 10002c40 f i plugin_test1.obj
 0001:00001cf0       ??$t_generate@UILibraryObjFilter@libmedia@UModSys@@@SModuleContext@base@UModSys@@QAE_NAAU?$TRefObject@UILibraryObjFilter@libmedia@UModSys@@U?$TRefObjectFunc@UILibraryObjFilter@libmedia@UModSys@@@tl@3@@tl@2@PBUSUniquePointerInfo@core@2@ABUSParameters@62@@Z 10002cf0 f i plugin_test1.obj
 0001:00001da0       ??$t_generate@UILibraryLayered@libmedia@UModSys@@@SModuleContext@base@UModSys@@QAE_NAAU?$TRefObject@UILibraryLayered@libmedia@UModSys@@U?$TRefObjectFunc@UILibraryLayered@libmedia@UModSys@@@tl@3@@tl@2@PBUSUniquePointerInfo@core@2@ABUSParameters@62@@Z 10002da0 f i plugin_test1.obj
 0001:00001e50       ??$t_generate@UILibraryObjCache@libmedia@UModSys@@@SModuleContext@base@UModSys@@QAE_NAAU?$TRefObject@UILibraryObjCache@libmedia@UModSys@@U?$TRefObjectFunc@UILibraryObjCache@libmedia@UModSys@@@tl@3@@tl@2@PBUSUniquePointerInfo@core@2@ABUSParameters@62@@Z 10002e50 f i plugin_test1.obj
 0001:00001f00       ??$t_generate@UILibraryBinCache@libmedia@UModSys@@@SModuleContext@base@UModSys@@QAE_NAAU?$TRefObject@UILibraryBinCache@libmedia@UModSys@@U?$TRefObjectFunc@UILibraryBinCache@libmedia@UModSys@@@tl@3@@tl@2@PBUSUniquePointerInfo@core@2@ABUSParameters@62@@Z 10002f00 f i plugin_test1.obj
 0001:00001fb0       ??$t_generate@UISerializeWriter@libmedia@UModSys@@@SModuleContext@base@UModSys@@QAE_NAAU?$TRefObject@UISerializeWriter@libmedia@UModSys@@U?$TRefObjectFunc@UISerializeWriter@libmedia@UModSys@@@tl@3@@tl@2@PBUSUniquePointerInfo@core@2@ABUSParameters@62@@Z 10002fb0 f i plugin_test1.obj
 0001:00002060       ??$t_generate@UISerializeReader@libmedia@UModSys@@@SModuleContext@base@UModSys@@QAE_NAAU?$TRefObject@UISerializeReader@libmedia@UModSys@@U?$TRefObjectFunc@UISerializeReader@libmedia@UModSys@@@tl@3@@tl@2@PBUSUniquePointerInfo@core@2@ABUSParameters@62@@Z 10003060 f i plugin_test1.obj
 0001:00002110       ??$t_ref_get_other_interface@UIImage@lib2d@UModSys@@U?$TRefObjectFunc@UIImage@lib2d@UModSys@@@tl@3@@IRefObject@core@UModSys@@QAE_NAAU?$TRefObject@UIImage@lib2d@UModSys@@U?$TRefObjectFunc@UIImage@lib2d@UModSys@@@tl@3@@tl@2@@Z 10003110 f i plugin_test1.obj
 0001:00002150       ??$t_ref_get_other_interface@UIBinArchive@libmedia@UModSys@@U?$TRefObjectFunc@UIBinArchive@libmedia@UModSys@@@tl@3@@IRefObject@core@UModSys@@QAE_NAAU?$TRefObject@UIBinArchive@libmedia@UModSys@@U?$TRefObjectFunc@UIBinArchive@libmedia@UModSys@@@tl@3@@tl@2@@Z 10003150 f i plugin_test1.obj
 0001:00002190       ??$t_ref_get_other_interface@UIBinObjFilter@libmedia@UModSys@@U?$TRefObjectFunc@UIBinObjFilter@libmedia@UModSys@@@tl@3@@IRefObject@core@UModSys@@QAE_NAAU?$TRefObject@UIBinObjFilter@libmedia@UModSys@@U?$TRefObjectFunc@UIBinObjFilter@libmedia@UModSys@@@tl@3@@tl@2@@Z 10003190 f i plugin_test1.obj
 0001:000021d0       ??$t_ref_get_other_interface@UILibraryBinTree@libmedia@UModSys@@U?$TRefObjectFunc@UILibraryBinTree@libmedia@UModSys@@@tl@3@@IRefObject@core@UModSys@@QAE_NAAU?$TRefObject@UILibraryBinTree@libmedia@UModSys@@U?$TRefObjectFunc@UILibraryBinTree@libmedia@UModSys@@@tl@3@@tl@2@@Z 100031d0 f i plugin_test1.obj
 0001:00002210       ??$t_ref_get_other_interface@UILibraryObjFilter@libmedia@UModSys@@U?$TRefObjectFunc@UILibraryObjFilter@libmedia@UModSys@@@tl@3@@IRefObject@core@UModSys@@QAE_NAAU?$TRefObject@UILibraryObjFilter@libmedia@UModSys@@U?$TRefObjectFunc@UILibraryObjFilter@libmedia@UModSys@@@tl@3@@tl@2@@Z 10003210 f i plugin_test1.obj
 0001:00002250       ??$t_ref_get_other_interface@UILibraryLayered@libmedia@UModSys@@U?$TRefObjectFunc@UILibraryLayered@libmedia@UModSys@@@tl@3@@IRefObject@core@UModSys@@QAE_NAAU?$TRefObject@UILibraryLayered@libmedia@UModSys@@U?$TRefObjectFunc@UILibraryLayered@libmedia@UModSys@@@tl@3@@tl@2@@Z 10003250 f i plugin_test1.obj
 0001:00002290       ??$t_ref_get_other_interface@UILibraryObjCache@libmedia@UModSys@@U?$TRefObjectFunc@UILibraryObjCache@libmedia@UModSys@@@tl@3@@IRefObject@core@UModSys@@QAE_NAAU?$TRefObject@UILibraryObjCache@libmedia@UModSys@@U?$TRefObjectFunc@UILibraryObjCache@libmedia@UModSys@@@tl@3@@tl@2@@Z 10003290 f i plugin_test1.obj
 0001:000022d0       ??$t_ref_get_other_interface@UILibraryBinCache@libmedia@UModSys@@U?$TRefObjectFunc@UILibraryBinCache@libmedia@UModSys@@@tl@3@@IRefObject@core@UModSys@@QAE_NAAU?$TRefObject@UILibraryBinCache@libmedia@UModSys@@U?$TRefObjectFunc@UILibraryBinCache@libmedia@UModSys@@@tl@3@@tl@2@@Z 100032d0 f i plugin_test1.obj
 0001:00002310       ??$t_ref_get_other_interface@UISerializeWriter@libmedia@UModSys@@U?$TRefObjectFunc@UISerializeWriter@libmedia@UModSys@@@tl@3@@IRefObject@core@UModSys@@QAE_NAAU?$TRefObject@UISerializeWriter@libmedia@UModSys@@U?$TRefObjectFunc@UISerializeWriter@libmedia@UModSys@@@tl@3@@tl@2@@Z 10003310 f i plugin_test1.obj
 0001:00002350       ??$t_ref_get_other_interface@UISerializeReader@libmedia@UModSys@@U?$TRefObjectFunc@UISerializeReader@libmedia@UModSys@@@tl@3@@IRefObject@core@UModSys@@QAE_NAAU?$TRefObject@UISerializeReader@libmedia@UModSys@@U?$TRefObjectFunc@UISerializeReader@libmedia@UModSys@@@tl@3@@tl@2@@Z 10003350 f i plugin_test1.obj
 0001:00002390       ?alloc@SMemShared@core@UModSys@@QAE_NIPAUSSourceContext@23@@Z 10003390 f i umodsys_lib_lib2d:umodsys.mod.2d.stdlib.obj
 0001:000023d0       ?ConvertSameSize@stdlib@lib2d@modules@UModSys@@YA_NW4eImageType@24@ABU?$TVector2@H@math3d@4@11ABUSMem@core@4@11ABUSCMem@94@@Z 100033d0 f i umodsys_lib_lib2d:umodsys.mod.2d.stdlib.obj
 0001:00002460       ?ConvertSame@stdlib@lib2d@modules@UModSys@@YA_NW4eImageType@24@ABU?$TBoundBox2@H@math3d@4@ABU?$TVector2@H@74@ABUSMem@core@4@12ABUSCMem@core@4@@Z 10003460 f i umodsys_lib_lib2d:umodsys.mod.2d.stdlib.obj
 0001:000024e0       ?Convert@stdlib@lib2d@modules@UModSys@@YA_NABU?$TBoundBox2@H@math3d@4@ABUSImageInfo@24@ABUSMem@core@4@01ABUSCMem@94@@Z 100034e0 f i umodsys_lib_lib2d:umodsys.mod.2d.stdlib.obj
 0001:00002550       ?root_get_interface_info@RImage_Memory@stdlib@lib2d@modules@UModSys@@UBEABUSUniquePointerInfo@core@5@XZ 10003550 f i umodsys_lib_lib2d:umodsys.mod.2d.stdlib.obj
 0001:00002560       ?root_get_interface_type@RImage_Memory@stdlib@lib2d@modules@UModSys@@UBEPBUSUniquePointerInfo@core@5@XZ 10003560 f i umodsys_lib_lib2d:umodsys.mod.2d.stdlib.obj
 0001:00002570       ?root_get_other_interface@RImage_Memory@stdlib@lib2d@modules@UModSys@@UAEPAUIRoot@core@5@PBUSUniquePointerInfo@75@@Z 10003570 f i umodsys_lib_lib2d:umodsys.mod.2d.stdlib.obj
 0001:00002570       ?root_get_other_interface@RImage_Memory@stdlib@lib2d@modules@UModSys@@UBEPBUIRoot@core@5@PBUSUniquePointerInfo@75@@Z 10003570 f i umodsys_lib_lib2d:umodsys.mod.2d.stdlib.obj
 0001:000025a0       ?root_is_interface_supported@RImage_Memory@stdlib@lib2d@modules@UModSys@@UBE_NPBUSUniquePointerInfo@core@5@@Z 100035a0 f i umodsys_lib_lib2d:umodsys.mod.2d.stdlib.obj
 0001:000025e0       ?set_info@RImage_Memory@stdlib@lib2d@modules@UModSys@@UAE_NABUSImagePatchInfo@35@PBD@Z 100035e0 f i umodsys_lib_lib2d:umodsys.mod.2d.stdlib.obj
 0001:00002780       ?set_data@RImage_Memory@stdlib@lib2d@modules@UModSys@@UAE_NABUSImagePatchInfo@35@ABUSCMem@core@5@H@Z 10003780 f i umodsys_lib_lib2d:umodsys.mod.2d.stdlib.obj
 0001:00002830       ?get_info@RImage_Memory@stdlib@lib2d@modules@UModSys@@UBEABUSImageInfo@35@XZ 10003830 f i umodsys_lib_lib2d:umodsys.mod.2d.stdlib.obj
 0001:00002840       ?get_data@RImage_Memory@stdlib@lib2d@modules@UModSys@@UBE_NABUSImagePatchInfo@35@ABUSMem@core@5@H@Z 10003840 f i umodsys_lib_lib2d:umodsys.mod.2d.stdlib.obj
 0001:000028f0       ?get_hwinfo@RImage_Memory@stdlib@lib2d@modules@UModSys@@UAEPAXPBUSUniquePointerInfo@core@5@@Z 100038f0 f i umodsys_lib_lib2d:umodsys.mod.2d.stdlib.obj
 0001:000028f0       ?get_controller@RRenderDriver2D@SDL_core@ui@modules@UModSys@@UBEPAUIRefObject@core@5@PBUSUniquePointerInfo@75@@Z 100038f0 f i umodsys_lib_libui:umodsys.mod.ui.SDL_core.obj
 0001:000028f0       ?get_layer@RMultiImage2D_SDL_ttf@SDL_core@ui@modules@UModSys@@UAEPAUIImage@lib2d@5@H@Z 100038f0 f i umodsys_lib_libui:umodsys.mod.ui.SDL_core.obj
 0001:000028f0       ?get_hwcinfo@RImage_Memory@stdlib@lib2d@modules@UModSys@@UBEPBXPBUSUniquePointerInfo@core@5@@Z 100038f0 f i umodsys_lib_lib2d:umodsys.mod.2d.stdlib.obj
 0001:00002900       ??0RImage_Memory@stdlib@lib2d@modules@UModSys@@QAE@PAUIModObject@base@4@ABUSParameters@core@4@@Z 10003900 f i umodsys_lib_lib2d:umodsys.mod.2d.stdlib.obj
 0001:000029b0       ??1SMemShared@core@UModSys@@QAE@XZ 100039b0 f i plugin_test1.obj
 0001:000029b0       ??1State@RImage_Memory@stdlib@lib2d@modules@UModSys@@QAE@XZ 100039b0 f i umodsys_lib_lib2d:umodsys.mod.2d.stdlib.obj
 0001:000029d0       ??4State@RImage_Memory@stdlib@lib2d@modules@UModSys@@QAEAAU012345@ABU012345@@Z 100039d0 f i umodsys_lib_lib2d:umodsys.mod.2d.stdlib.obj
 0001:00002a80       ??_ERImage_Memory@stdlib@lib2d@modules@UModSys@@UAEPAXI@Z 10003a80 f i  CIL library: CIL module
 0001:00002a80       ??_GRImage_Memory@stdlib@lib2d@modules@UModSys@@UAEPAXI@Z 10003a80 f i umodsys_lib_lib2d:umodsys.mod.2d.stdlib.obj
 0001:00002af0       ??1ISerializeWriter@libmedia@UModSys@@UAE@XZ 10003af0 f i umodsys_lib_libmedia:umodsys.mod.media.serialize_json.obj
 0001:00002af0       ??1IImage@lib2d@UModSys@@UAE@XZ 10003af0 f i umodsys_lib_lib2d:umodsys.mod.2d.stdlib.obj
 0001:00002af0       ??1IMultiImage@lib2d@UModSys@@UAE@XZ 10003af0 f i umodsys_lib_libui:umodsys.mod.ui.SDL_core.obj
 0001:00002af0       ??1ISerializeReader@libmedia@UModSys@@UAE@XZ 10003af0 f i umodsys_lib_libmedia:umodsys.mod.media.serialize_json.obj
 0001:00002af0       ??1IRenderDriver@lib2d@UModSys@@UAE@XZ 10003af0 f i umodsys_lib_libui:umodsys.mod.ui.SDL_core.obj
 0001:00002af0       ??1IBinObjFilter@libmedia@UModSys@@UAE@XZ 10003af0 f i plugin_test1.obj
 0001:00002af0       ??1IMouseController@libui@UModSys@@UAE@XZ 10003af0 f i umodsys_lib_libui:umodsys.mod.ui.SDL_core.obj
 0001:00002af0       ??1ICollector@libui@UModSys@@UAE@XZ 10003af0 f i umodsys_lib_libui:umodsys.mod.ui.frames.obj
 0001:00002af0       ??1ITerminal@libui@UModSys@@UAE@XZ 10003af0 f i umodsys_lib_libui:umodsys.mod.ui.SDL_core.obj
 0001:00002af0       ??1IFrame@libui@UModSys@@UAE@XZ 10003af0 f i umodsys_lib_libui:umodsys.mod.ui.frames.obj
 0001:00002af0       ??1IKeyboardController@libui@UModSys@@UAE@XZ 10003af0 f i umodsys_lib_libui:umodsys.mod.ui.SDL_core.obj
 0001:00002af0       ??1IDialog@libui@UModSys@@UAE@XZ 10003af0 f i umodsys_lib_libui:umodsys.mod.ui.frames.obj
 0001:00002af0       ??1IShell@base@UModSys@@UAE@XZ 10003af0 f i plugin_test1.obj
 0001:00002b00       ?get_generated_names@RGenerator@stdlib@lib2d@modules@UModSys@@UBEHAAUSUniquePtrList@core@5@@Z 10003b00 f i umodsys_lib_lib2d:umodsys.mod.2d.stdlib.obj
 0001:00002b20       ?get_generated_types@RGenerator@stdlib@lib2d@modules@UModSys@@UBEHAAUSUniquePtrList@core@5@PBUSUniquePointerInfo@75@@Z 10003b20 f i umodsys_lib_lib2d:umodsys.mod.2d.stdlib.obj
 0001:00002b70       ?generate@RGenerator@stdlib@lib2d@modules@UModSys@@UAE_NAAU?$TRefObject@UIRefObject@core@UModSys@@U?$TRefObjectFunc@UIRefObject@core@UModSys@@@tl@3@@tl@5@PBUSUniquePointerInfo@core@5@ABUSParameters@95@@Z 10003b70 f i umodsys_lib_lib2d:umodsys.mod.2d.stdlib.obj
 0001:00002ba0       ?root_get_interface_info@RGenerator@stdlib@lib2d@modules@UModSys@@UBEABUSUniquePointerInfo@core@5@XZ 10003ba0 f i umodsys_lib_lib2d:umodsys.mod.2d.stdlib.obj
 0001:00002bb0       ?root_get_interface_type@RGenerator@stdlib@lib2d@modules@UModSys@@UBEPBUSUniquePointerInfo@core@5@XZ 10003bb0 f i umodsys_lib_lib2d:umodsys.mod.2d.stdlib.obj
 0001:00002bc0       ?root_get_other_interface@RGenerator@stdlib@lib2d@modules@UModSys@@UBEPBUIRoot@core@5@PBUSUniquePointerInfo@75@@Z 10003bc0 f i umodsys_lib_lib2d:umodsys.mod.2d.stdlib.obj
 0001:00002bc0       ?root_get_other_interface@RGenerator@stdlib@lib2d@modules@UModSys@@UAEPAUIRoot@core@5@PBUSUniquePointerInfo@75@@Z 10003bc0 f i umodsys_lib_lib2d:umodsys.mod.2d.stdlib.obj
 0001:00002c00       ?root_is_interface_supported@RGenerator@stdlib@lib2d@modules@UModSys@@UBE_NPBUSUniquePointerInfo@core@5@@Z 10003c00 f i umodsys_lib_lib2d:umodsys.mod.2d.stdlib.obj
 0001:00002c40       ??3@YAXPAX0@Z              10003c40 f i plugin_test1.obj
 0001:00002c40       ?suicide@RGenerator@frames@ui@modules@UModSys@@UAEXXZ 10003c40 f i umodsys_lib_libui:umodsys.mod.ui.frames.obj
 0001:00002c40       ?suicide@RGenerator@serialize_json@media@modules@UModSys@@UAEXXZ 10003c40 f i umodsys_lib_libmedia:umodsys.mod.media.serialize_json.obj
 0001:00002c40       ?suicide@RGenerator@stdlib@lib2d@modules@UModSys@@UAEXXZ 10003c40 f i umodsys_lib_lib2d:umodsys.mod.2d.stdlib.obj
 0001:00002c40       ?suicide@RGenerator@images_std@media@modules@UModSys@@UAEXXZ 10003c40 f i umodsys_lib_libmedia:umodsys.mod.media.images_std.obj
 0001:00002c40       ?suicide@RGenerator@SDL_core@ui@modules@UModSys@@UAEXXZ 10003c40 f i umodsys_lib_libui:umodsys.mod.ui.SDL_core.obj
 0001:00002c40       ?suicide@RGenerator@test1@test@modules@UModSys@@UAEXXZ 10003c40 f i plugin_test1.obj
 0001:00002c50       ?get_uid@RGenerator@stdlib@lib2d@modules@UModSys@@UBEPBUSUniquePointerInfo@core@5@XZ 10003c50 f i umodsys_lib_lib2d:umodsys.mod.2d.stdlib.obj
 0001:00002c60       ?do_open@RModuleReg@stdlib@lib2d@modules@UModSys@@UAE_NXZ 10003c60 f i umodsys_lib_lib2d:umodsys.mod.2d.stdlib.obj
 0001:00002c70       ?do_close@RModuleReg@stdlib@lib2d@modules@UModSys@@UAE_NXZ 10003c70 f i umodsys_lib_lib2d:umodsys.mod.2d.stdlib.obj
 0001:00002c80       ??_ERModuleReg@stdlib@lib2d@modules@UModSys@@UAEPAXI@Z 10003c80 f i  CIL library: CIL module
 0001:00002c80       ??_GRModuleReg@stdlib@lib2d@modules@UModSys@@UAEPAXI@Z 10003c80 f i umodsys_lib_lib2d:umodsys.mod.2d.stdlib.obj
 0001:00002cb0       ??_ERGenerator@serialize_json@media@modules@UModSys@@UAEPAXI@Z 10003cb0 f i  CIL library: CIL module
 0001:00002cb0       ??_ERGenerator@stdlib@lib2d@modules@UModSys@@UAEPAXI@Z 10003cb0 f i  CIL library: CIL module
 0001:00002cb0       ??_GRGenerator@frames@ui@modules@UModSys@@UAEPAXI@Z 10003cb0 f i umodsys_lib_libui:umodsys.mod.ui.frames.obj
 0001:00002cb0       ??_GRGenerator@images_std@media@modules@UModSys@@UAEPAXI@Z 10003cb0 f i umodsys_lib_libmedia:umodsys.mod.media.images_std.obj
 0001:00002cb0       ??_ERGenerator@images_std@media@modules@UModSys@@UAEPAXI@Z 10003cb0 f i  CIL library: CIL module
 0001:00002cb0       ??_GRGenerator@test1@test@modules@UModSys@@UAEPAXI@Z 10003cb0 f i plugin_test1.obj
 0001:00002cb0       ??_ERGenerator@test1@test@modules@UModSys@@UAEPAXI@Z 10003cb0 f i  CIL library: CIL module
 0001:00002cb0       ??_EIRefObject@core@UModSys@@UAEPAXI@Z 10003cb0 f i  CIL library: CIL module
 0001:00002cb0       ??_GRGenerator@stdlib@lib2d@modules@UModSys@@UAEPAXI@Z 10003cb0 f i umodsys_lib_lib2d:umodsys.mod.2d.stdlib.obj
 0001:00002cb0       ??_ERGenerator@frames@ui@modules@UModSys@@UAEPAXI@Z 10003cb0 f i  CIL library: CIL module
 0001:00002cb0       ??_GRGenerator@serialize_json@media@modules@UModSys@@UAEPAXI@Z 10003cb0 f i umodsys_lib_libmedia:umodsys.mod.media.serialize_json.obj
 0001:00002cb0       ??_ERGenerator@SDL_core@ui@modules@UModSys@@UAEPAXI@Z 10003cb0 f i  CIL library: CIL module
 0001:00002cb0       ??_GRGenerator@SDL_core@ui@modules@UModSys@@UAEPAXI@Z 10003cb0 f i umodsys_lib_libui:umodsys.mod.ui.SDL_core.obj
 0001:00002cb0       ??_GIRefObject@core@UModSys@@UAEPAXI@Z 10003cb0 f i plugin_test1.obj
 0001:00002cd0       ??$t_gen_param@URImage_Memory@stdlib@lib2d@modules@UModSys@@URGenerator@2345@@IGenerator@base@UModSys@@IAE_NPAURGenerator@stdlib@lib2d@modules@2@AAU?$TRefObject@UIRefObject@core@UModSys@@U?$TRefObjectFunc@UIRefObject@core@UModSys@@@tl@3@@tl@2@PBUSUniquePointerInfo@core@2@ABUSParameters@core@2@@Z 10003cd0 f i umodsys_lib_lib2d:umodsys.mod.2d.stdlib.obj
 0001:00002d40       ?root_get_interface_info@RMultiImage2D_SDL_ttf@SDL_core@ui@modules@UModSys@@UBEABUSUniquePointerInfo@core@5@XZ 10003d40 f i umodsys_lib_libui:umodsys.mod.ui.SDL_core.obj
 0001:00002d50       ?root_get_interface_type@RMultiImage2D_SDL_ttf@SDL_core@ui@modules@UModSys@@UBEPBUSUniquePointerInfo@core@5@XZ 10003d50 f i umodsys_lib_libui:umodsys.mod.ui.SDL_core.obj
 0001:00002d60       ?root_get_other_interface@RMultiImage2D_SDL_ttf@SDL_core@ui@modules@UModSys@@UBEPBUIRoot@core@5@PBUSUniquePointerInfo@75@@Z 10003d60 f i umodsys_lib_libui:umodsys.mod.ui.SDL_core.obj
 0001:00002d60       ?root_get_other_interface@RMultiImage2D_SDL_ttf@SDL_core@ui@modules@UModSys@@UAEPAUIRoot@core@5@PBUSUniquePointerInfo@75@@Z 10003d60 f i umodsys_lib_libui:umodsys.mod.ui.SDL_core.obj
 0001:00002d90       ?root_is_interface_supported@RMultiImage2D_SDL_ttf@SDL_core@ui@modules@UModSys@@UBE_NPBUSUniquePointerInfo@core@5@@Z 10003d90 f i umodsys_lib_libui:umodsys.mod.ui.SDL_core.obj
 0001:00002dd0       ??0RMultiImage2D_SDL_ttf@SDL_core@ui@modules@UModSys@@QAE@PAURRenderDriver2D@1234@ABUSParameters@core@4@@Z 10003dd0 f i umodsys_lib_libui:umodsys.mod.ui.SDL_core.obj
 0001:00002e50       ??1RMultiImage2D_SDL_ttf@SDL_core@ui@modules@UModSys@@UAE@XZ 10003e50 f i umodsys_lib_libui:umodsys.mod.ui.SDL_core.obj
 0001:00002ed0       ?open@RMultiImage2D_SDL_ttf@SDL_core@ui@modules@UModSys@@QAE_NABUSParameters@core@5@@Z 10003ed0 f i umodsys_lib_libui:umodsys.mod.ui.SDL_core.obj
 0001:00002fa0       ?generate_glyphs@RMultiImage2D_SDL_ttf@SDL_core@ui@modules@UModSys@@QAE_NXZ 10003fa0 f i umodsys_lib_libui:umodsys.mod.ui.SDL_core.obj
 0001:000030a0       ?key_setmodifier@RKeyboardController@SDL_core@ui@modules@UModSys@@UAE_NHHH@Z 100040a0 f i umodsys_lib_libui:umodsys.mod.ui.SDL_core.obj
 0001:000030a0       ?get_cell_size@RMultiImage2D_SDL_ttf@SDL_core@ui@modules@UModSys@@UAE_NHAAU?$TVector2@H@math3d@5@PAU675@@Z 100040a0 f i umodsys_lib_libui:umodsys.mod.ui.SDL_core.obj
 0001:000030a0       ?set_var_cell@RMultiImage2D_SDL_ttf@SDL_core@ui@modules@UModSys@@UAE_NPBUSImageCellInfo@lib2d@5@HH@Z 100040a0 f i umodsys_lib_libui:umodsys.mod.ui.SDL_core.obj
 0001:000030b0       ??_ERMultiImage2D_SDL_ttf@SDL_core@ui@modules@UModSys@@UAEPAXI@Z 100040b0 f i  CIL library: CIL module
 0001:000030b0       ??_GRMultiImage2D_SDL_ttf@SDL_core@ui@modules@UModSys@@UAEPAXI@Z 100040b0 f i umodsys_lib_libui:umodsys.mod.ui.SDL_core.obj
 0001:000030d0       ?root_get_interface_info@RRenderDriver2D@SDL_core@ui@modules@UModSys@@UBEABUSUniquePointerInfo@core@5@XZ 100040d0 f i umodsys_lib_libui:umodsys.mod.ui.SDL_core.obj
 0001:000030e0       ?root_get_interface_type@RRenderDriver2D@SDL_core@ui@modules@UModSys@@UBEPBUSUniquePointerInfo@core@5@XZ 100040e0 f i umodsys_lib_libui:umodsys.mod.ui.SDL_core.obj
 0001:000030f0       ?root_get_other_interface@RRenderDriver2D@SDL_core@ui@modules@UModSys@@UBEPBUIRoot@core@5@PBUSUniquePointerInfo@75@@Z 100040f0 f i umodsys_lib_libui:umodsys.mod.ui.SDL_core.obj
 0001:000030f0       ?root_get_other_interface@RRenderDriver2D@SDL_core@ui@modules@UModSys@@UAEPAUIRoot@core@5@PBUSUniquePointerInfo@75@@Z 100040f0 f i umodsys_lib_libui:umodsys.mod.ui.SDL_core.obj
 0001:00003120       ?root_is_interface_supported@RRenderDriver2D@SDL_core@ui@modules@UModSys@@UBE_NPBUSUniquePointerInfo@core@5@@Z 10004120 f i umodsys_lib_libui:umodsys.mod.ui.SDL_core.obj
 0001:00003160       ??0RRenderDriver2D@SDL_core@ui@modules@UModSys@@QAE@PAURTerminal@1234@ABUSParameters@core@4@@Z 10004160 f i umodsys_lib_libui:umodsys.mod.ui.SDL_core.obj
 0001:00003260       ??1RRenderDriver2D@SDL_core@ui@modules@UModSys@@UAE@XZ 10004260 f i umodsys_lib_libui:umodsys.mod.ui.SDL_core.obj
 0001:00003330       ?open@RRenderDriver2D@SDL_core@ui@modules@UModSys@@QAE_NABUSParameters@core@5@@Z 10004330 f i umodsys_lib_libui:umodsys.mod.ui.SDL_core.obj
 0001:000034e0       ?set_color@RRenderDriver2D@SDL_core@ui@modules@UModSys@@QAEXXZ 100044e0 f i umodsys_lib_libui:umodsys.mod.ui.SDL_core.obj
 0001:000035d0       ?begin@RRenderDriver2D@SDL_core@ui@modules@UModSys@@UAEXXZ 100045d0 f i umodsys_lib_libui:umodsys.mod.ui.SDL_core.obj
 0001:000036b0       ?end@RRenderDriver2D@SDL_core@ui@modules@UModSys@@UAEXXZ 100046b0 f i umodsys_lib_libui:umodsys.mod.ui.SDL_core.obj
 0001:000036c0       ?get_max_values@RRenderDriver2D@SDL_core@ui@modules@UModSys@@UBEPBUSParameters@core@5@XZ 100046c0 f i umodsys_lib_libui:umodsys.mod.ui.SDL_core.obj
 0001:000036d0       ?get_frame_values@RRenderDriver2D@SDL_core@ui@modules@UModSys@@UBEPBUSParameters@core@5@XZ 100046d0 f i umodsys_lib_libui:umodsys.mod.ui.SDL_core.obj
 0001:000036e0       ?set_hint@RMultiImage2D_SDL_ttf@SDL_core@ui@modules@UModSys@@UAE_NPBD0@Z 100046e0 f i umodsys_lib_libui:umodsys.mod.ui.SDL_core.obj
 0001:000036e0       ?key_setrepeat@RKeyboardController@SDL_core@ui@modules@UModSys@@UAE_NMM@Z 100046e0 f i umodsys_lib_libui:umodsys.mod.ui.SDL_core.obj
 0001:000036e0       ?mouse_setposition@RMouseController@SDL_core@ui@modules@UModSys@@UAE_NHH@Z 100046e0 f i umodsys_lib_libui:umodsys.mod.ui.SDL_core.obj
 0001:000036e0       ?set_fixed_cell@RMultiImage2D_SDL_ttf@SDL_core@ui@modules@UModSys@@UAE_NHH@Z 100046e0 f i umodsys_lib_libui:umodsys.mod.ui.SDL_core.obj
 0001:000036e0       ?set_parameters@RRenderDriver2D@SDL_core@ui@modules@UModSys@@UAE_NPBDABUSParameters@core@5@@Z 100046e0 f i umodsys_lib_libui:umodsys.mod.ui.SDL_core.obj
 0001:000036f0       ?setup_font@RRenderDriver2D@SDL_core@ui@modules@UModSys@@UAE_NPAUIMultiImage@lib2d@5@PBU?$TVector2@M@math3d@5@@Z 100046f0 f i umodsys_lib_libui:umodsys.mod.ui.SDL_core.obj
 0001:00003750       ?setup_color@RRenderDriver2D@SDL_core@ui@modules@UModSys@@UAEXABU?$TVector3@M@math3d@5@@Z 10004750 f i umodsys_lib_libui:umodsys.mod.ui.SDL_core.obj
 0001:00003780       ?setup_color@RRenderDriver2D@SDL_core@ui@modules@UModSys@@UAEXABU?$TVector3@H@math3d@5@@Z 10004780 f i umodsys_lib_libui:umodsys.mod.ui.SDL_core.obj
 0001:000037d0       ?setup_coloralpha@RRenderDriver2D@SDL_core@ui@modules@UModSys@@UAEXABU?$TVector4@M@math3d@5@H@Z 100047d0 f i umodsys_lib_libui:umodsys.mod.ui.SDL_core.obj
 0001:00003810       ?setup_coloralpha@RRenderDriver2D@SDL_core@ui@modules@UModSys@@UAEXABU?$TVector4@H@math3d@5@H@Z 10004810 f i umodsys_lib_libui:umodsys.mod.ui.SDL_core.obj
 0001:00003870       ?setup_blendcolor@RRenderDriver2D@SDL_core@ui@modules@UModSys@@UAEXABUSBlendColor@lib2d@5@@Z 10004870 f i umodsys_lib_libui:umodsys.mod.ui.SDL_core.obj
 0001:000038d0       ?setup_blendcolor@RRenderDriver2D@SDL_core@ui@modules@UModSys@@UAEXABUSBlendColorf@lib2d@5@@Z 100048d0 f i umodsys_lib_libui:umodsys.mod.ui.SDL_core.obj
 0001:00003930       ?setup_alpha@RRenderDriver2D@SDL_core@ui@modules@UModSys@@UAEXHH@Z 10004930 f i umodsys_lib_libui:umodsys.mod.ui.SDL_core.obj
 0001:00003960       ?setup_alpha@RRenderDriver2D@SDL_core@ui@modules@UModSys@@UAEXMH@Z 10004960 f i umodsys_lib_libui:umodsys.mod.ui.SDL_core.obj
 0001:00003980       ?render_text_advanced@RRenderDriver2D@SDL_core@ui@modules@UModSys@@UAE_NAAUTextInfo@IRenderDriver@lib2d@5@PBHH@Z 10004980 f i umodsys_lib_libui:umodsys.mod.ui.SDL_core.obj
 0001:00003b80       ?render_box@RRenderDriver2D@SDL_core@ui@modules@UModSys@@UAEXABU?$TVector2@H@math3d@5@0@Z 10004b80 f i umodsys_lib_libui:umodsys.mod.ui.SDL_core.obj
 0001:00003bd0       ?render_tri@RRenderDriver2D@SDL_core@ui@modules@UModSys@@UAEXABU?$TVector2@H@math3d@5@00@Z 10004bd0 f i umodsys_lib_libui:umodsys.mod.ui.SDL_core.obj
 0001:00003c40       ?render_quad@RRenderDriver2D@SDL_core@ui@modules@UModSys@@UAEXABU?$TVector2@H@math3d@5@000@Z 10004c40 f i umodsys_lib_libui:umodsys.mod.ui.SDL_core.obj
 0001:00003cc0       ?render_box@RRenderDriver2D@SDL_core@ui@modules@UModSys@@UAEXPAUIImage@lib2d@5@ABU?$TVector2@H@math3d@5@1ABU?$TVector2@M@95@2@Z 10004cc0 f i umodsys_lib_libui:umodsys.mod.ui.SDL_core.obj
 0001:00003cd0       ?render_line@RRenderDriver2D@SDL_core@ui@modules@UModSys@@UAEXABU?$TVector2@H@math3d@5@0@Z 10004cd0 f i umodsys_lib_libui:umodsys.mod.ui.SDL_core.obj
 0001:00003d00       ?render_rect@RRenderDriver2D@SDL_core@ui@modules@UModSys@@UAEXABU?$TVector2@H@math3d@5@0@Z 10004d00 f i umodsys_lib_libui:umodsys.mod.ui.SDL_core.obj
 0001:00003d50       ??_GRRenderDriver2D@SDL_core@ui@modules@UModSys@@UAEPAXI@Z 10004d50 f i umodsys_lib_libui:umodsys.mod.ui.SDL_core.obj
 0001:00003d50       ??_ERRenderDriver2D@SDL_core@ui@modules@UModSys@@UAEPAXI@Z 10004d50 f i  CIL library: CIL module
 0001:00003d70       ?root_get_interface_info@RMouseController@SDL_core@ui@modules@UModSys@@UBEABUSUniquePointerInfo@core@5@XZ 10004d70 f i umodsys_lib_libui:umodsys.mod.ui.SDL_core.obj
 0001:00003d80       ?root_get_interface_type@RMouseController@SDL_core@ui@modules@UModSys@@UBEPBUSUniquePointerInfo@core@5@XZ 10004d80 f i umodsys_lib_libui:umodsys.mod.ui.SDL_core.obj
 0001:00003d90       ?root_get_other_interface@RMouseController@SDL_core@ui@modules@UModSys@@UAEPAUIRoot@core@5@PBUSUniquePointerInfo@75@@Z 10004d90 f i umodsys_lib_libui:umodsys.mod.ui.SDL_core.obj
 0001:00003d90       ?root_get_other_interface@RMouseController@SDL_core@ui@modules@UModSys@@UBEPBUIRoot@core@5@PBUSUniquePointerInfo@75@@Z 10004d90 f i umodsys_lib_libui:umodsys.mod.ui.SDL_core.obj
 0001:00003dc0       ?root_is_interface_supported@RMouseController@SDL_core@ui@modules@UModSys@@UBE_NPBUSUniquePointerInfo@core@5@@Z 10004dc0 f i umodsys_lib_libui:umodsys.mod.ui.SDL_core.obj
 0001:00003e00       ?suicide@RKeyboardController@SDL_core@ui@modules@UModSys@@UAEXXZ 10004e00 f i umodsys_lib_libui:umodsys.mod.ui.SDL_core.obj
 0001:00003e00       ?suicide@RMouseController@SDL_core@ui@modules@UModSys@@UAEXXZ 10004e00 f i umodsys_lib_libui:umodsys.mod.ui.SDL_core.obj
 0001:00003e00       ?suicide@RMultiImage2D_SDL_ttf@SDL_core@ui@modules@UModSys@@UAEXXZ 10004e00 f i umodsys_lib_libui:umodsys.mod.ui.SDL_core.obj
 0001:00003e00       ?suicide@RRenderDriver2D@SDL_core@ui@modules@UModSys@@UAEXXZ 10004e00 f i umodsys_lib_libui:umodsys.mod.ui.SDL_core.obj
 0001:00003e00       ?suicide@RDialog@frames@ui@modules@UModSys@@UAEXXZ 10004e00 f i umodsys_lib_libui:umodsys.mod.ui.frames.obj
 0001:00003e10       ??0RMouseController@SDL_core@ui@modules@UModSys@@QAE@PAURTerminal@1234@ABUSParameters@core@4@@Z 10004e10 f i umodsys_lib_libui:umodsys.mod.ui.SDL_core.obj
 0001:00003e70       ??1RMouseController@SDL_core@ui@modules@UModSys@@UAE@XZ 10004e70 f i umodsys_lib_libui:umodsys.mod.ui.SDL_core.obj
 0001:00003ed0       ?process@RMouseController@SDL_core@ui@modules@UModSys@@QAE_NAAUSDL_MouseMotionEvent@@@Z 10004ed0 f i umodsys_lib_libui:umodsys.mod.ui.SDL_core.obj
 0001:00004020       ?process@RMouseController@SDL_core@ui@modules@UModSys@@QAE_NAAUSDL_MouseButtonEvent@@@Z 10005020 f i umodsys_lib_libui:umodsys.mod.ui.SDL_core.obj
 0001:00004150       ?process@RMouseController@SDL_core@ui@modules@UModSys@@QAE_NAAUSDL_MouseWheelEvent@@@Z 10005150 f i umodsys_lib_libui:umodsys.mod.ui.SDL_core.obj
 0001:00004260       ?key_unlink@RKeyboardController@SDL_core@ui@modules@UModSys@@UAE_NH@Z 10005260 f i umodsys_lib_libui:umodsys.mod.ui.SDL_core.obj
 0001:00004260       ?mouse_unlink@RMouseController@SDL_core@ui@modules@UModSys@@UAE_NH@Z 10005260 f i umodsys_lib_libui:umodsys.mod.ui.SDL_core.obj
 0001:000042a0       ?mouse_link@RMouseController@SDL_core@ui@modules@UModSys@@UAE_NHPAUIRefObject@core@5@PAUIMouseClient@libui@5@H@Z 100052a0 f i umodsys_lib_libui:umodsys.mod.ui.SDL_core.obj
 0001:00004300       ?mouse_reset@RMouseController@SDL_core@ui@modules@UModSys@@UAE_NXZ 10005300 f i umodsys_lib_libui:umodsys.mod.ui.SDL_core.obj
 0001:00004300       ?key_reset@RKeyboardController@SDL_core@ui@modules@UModSys@@UAE_NXZ 10005300 f i umodsys_lib_libui:umodsys.mod.ui.SDL_core.obj
 0001:00004310       ??_GRMouseController@SDL_core@ui@modules@UModSys@@UAEPAXI@Z 10005310 f i umodsys_lib_libui:umodsys.mod.ui.SDL_core.obj
 0001:00004310       ??_ERMouseController@SDL_core@ui@modules@UModSys@@UAEPAXI@Z 10005310 f i  CIL library: CIL module
 0001:00004330       ?root_get_interface_info@RKeyboardController@SDL_core@ui@modules@UModSys@@UBEABUSUniquePointerInfo@core@5@XZ 10005330 f i umodsys_lib_libui:umodsys.mod.ui.SDL_core.obj
 0001:00004340       ?root_get_interface_type@RKeyboardController@SDL_core@ui@modules@UModSys@@UBEPBUSUniquePointerInfo@core@5@XZ 10005340 f i umodsys_lib_libui:umodsys.mod.ui.SDL_core.obj
 0001:00004350       ?root_get_interface_types@RMediaFilter@images_std@media@modules@UModSys@@UBEIAAUSUniquePtrList@core@5@@Z 10005350 f i umodsys_lib_libmedia:umodsys.mod.media.images_std.obj
 0001:00004350       ?root_get_interface_types@RCollector@frames@ui@modules@UModSys@@UBEIAAUSUniquePtrList@core@5@@Z 10005350 f i umodsys_lib_libui:umodsys.mod.ui.frames.obj
 0001:00004350       ?root_get_interface_types@RTerminal@SDL_core@ui@modules@UModSys@@UBEIAAUSUniquePtrList@core@5@@Z 10005350 f i umodsys_lib_libui:umodsys.mod.ui.SDL_core.obj
 0001:00004350       ?root_get_interface_types@RSerializeReader@serialize_json@media@modules@UModSys@@UBEIAAUSUniquePtrList@core@5@@Z 10005350 f i umodsys_lib_libmedia:umodsys.mod.media.serialize_json.obj
 0001:00004350       ?root_get_interface_types@RFrame_Edit@frames@ui@modules@UModSys@@UBEIAAUSUniquePtrList@core@5@@Z 10005350 f i umodsys_lib_libui:umodsys.mod.ui.frames.obj
 0001:00004350       ?root_get_interface_types@RMouseController@SDL_core@ui@modules@UModSys@@UBEIAAUSUniquePtrList@core@5@@Z 10005350 f i umodsys_lib_libui:umodsys.mod.ui.SDL_core.obj
 0001:00004350       ?root_get_interface_types@RGenerator@SDL_core@ui@modules@UModSys@@UBEIAAUSUniquePtrList@core@5@@Z 10005350 f i umodsys_lib_libui:umodsys.mod.ui.SDL_core.obj
 0001:00004350       ?root_get_interface_types@RMultiImage2D_SDL_ttf@SDL_core@ui@modules@UModSys@@UBEIAAUSUniquePtrList@core@5@@Z 10005350 f i umodsys_lib_libui:umodsys.mod.ui.SDL_core.obj
 0001:00004350       ?root_get_interface_types@RGenerator@serialize_json@media@modules@UModSys@@UBEIAAUSUniquePtrList@core@5@@Z 10005350 f i umodsys_lib_libmedia:umodsys.mod.media.serialize_json.obj
 0001:00004350       ?root_get_interface_types@RGenerator@images_std@media@modules@UModSys@@UBEIAAUSUniquePtrList@core@5@@Z 10005350 f i umodsys_lib_libmedia:umodsys.mod.media.images_std.obj
 0001:00004350       ?root_get_interface_types@RGenerator@frames@ui@modules@UModSys@@UBEIAAUSUniquePtrList@core@5@@Z 10005350 f i umodsys_lib_libui:umodsys.mod.ui.frames.obj
 0001:00004350       ?root_get_interface_types@RFrame_Text@frames@ui@modules@UModSys@@UBEIAAUSUniquePtrList@core@5@@Z 10005350 f i umodsys_lib_libui:umodsys.mod.ui.frames.obj
 0001:00004350       ?root_get_interface_types@RDialog@frames@ui@modules@UModSys@@UBEIAAUSUniquePtrList@core@5@@Z 10005350 f i umodsys_lib_libui:umodsys.mod.ui.frames.obj
 0001:00004350       ?root_get_interface_types@RFrame_Image@frames@ui@modules@UModSys@@UBEIAAUSUniquePtrList@core@5@@Z 10005350 f i umodsys_lib_libui:umodsys.mod.ui.frames.obj
 0001:00004350       ?root_get_interface_types@RTest1_Shell@test1@test@modules@UModSys@@UBEIAAUSUniquePtrList@core@5@@Z 10005350 f i plugin_test1.obj
 0001:00004350       ?root_get_interface_types@RSerializeWriter@serialize_json@media@modules@UModSys@@UBEIAAUSUniquePtrList@core@5@@Z 10005350 f i umodsys_lib_libmedia:umodsys.mod.media.serialize_json.obj
 0001:00004350       ?root_get_interface_types@RGenerator@test1@test@modules@UModSys@@UBEIAAUSUniquePtrList@core@5@@Z 10005350 f i plugin_test1.obj
 0001:00004350       ?root_get_interface_types@RFrame_Button@frames@ui@modules@UModSys@@UBEIAAUSUniquePtrList@core@5@@Z 10005350 f i umodsys_lib_libui:umodsys.mod.ui.frames.obj
 0001:00004350       ?root_get_interface_types@RFrame_List@frames@ui@modules@UModSys@@UBEIAAUSUniquePtrList@core@5@@Z 10005350 f i umodsys_lib_libui:umodsys.mod.ui.frames.obj
 0001:00004350       ?root_get_interface_types@RImage_Memory@stdlib@lib2d@modules@UModSys@@UBEIAAUSUniquePtrList@core@5@@Z 10005350 f i umodsys_lib_lib2d:umodsys.mod.2d.stdlib.obj
 0001:00004350       ?root_get_interface_types@RFrame_Frame@frames@ui@modules@UModSys@@UBEIAAUSUniquePtrList@core@5@@Z 10005350 f i umodsys_lib_libui:umodsys.mod.ui.frames.obj
 0001:00004350       ?root_get_interface_types@RGenerator@stdlib@lib2d@modules@UModSys@@UBEIAAUSUniquePtrList@core@5@@Z 10005350 f i umodsys_lib_lib2d:umodsys.mod.2d.stdlib.obj
 0001:00004350       ?root_get_interface_types@RRenderDriver2D@SDL_core@ui@modules@UModSys@@UBEIAAUSUniquePtrList@core@5@@Z 10005350 f i umodsys_lib_libui:umodsys.mod.ui.SDL_core.obj
 0001:00004350       ?root_get_interface_types@RKeyboardController@SDL_core@ui@modules@UModSys@@UBEIAAUSUniquePtrList@core@5@@Z 10005350 f i umodsys_lib_libui:umodsys.mod.ui.SDL_core.obj
 0001:00004360       ?root_get_other_interface@RKeyboardController@SDL_core@ui@modules@UModSys@@UAEPAUIRoot@core@5@PBUSUniquePointerInfo@75@@Z 10005360 f i umodsys_lib_libui:umodsys.mod.ui.SDL_core.obj
 0001:00004360       ?root_get_other_interface@RKeyboardController@SDL_core@ui@modules@UModSys@@UBEPBUIRoot@core@5@PBUSUniquePointerInfo@75@@Z 10005360 f i umodsys_lib_libui:umodsys.mod.ui.SDL_core.obj
 0001:00004390       ?root_is_interface_supported@RKeyboardController@SDL_core@ui@modules@UModSys@@UBE_NPBUSUniquePointerInfo@core@5@@Z 10005390 f i umodsys_lib_libui:umodsys.mod.ui.SDL_core.obj
 0001:000043d0       ?ref_weak@RSerializeReader@serialize_json@media@modules@UModSys@@UBE_NAAUWeakPointer@IRefObject@core@5@@Z 100053d0 f i umodsys_lib_libmedia:umodsys.mod.media.serialize_json.obj
 0001:000043d0       ?ref_weak@RTerminal@SDL_core@ui@modules@UModSys@@UBE_NAAUWeakPointer@IRefObject@core@5@@Z 100053d0 f i umodsys_lib_libui:umodsys.mod.ui.SDL_core.obj
 0001:000043d0       ?ref_weak@RKeyboardController@SDL_core@ui@modules@UModSys@@UBE_NAAUWeakPointer@IRefObject@core@5@@Z 100053d0 f i umodsys_lib_libui:umodsys.mod.ui.SDL_core.obj
 0001:000043d0       ?ref_weak@RGenerator@images_std@media@modules@UModSys@@UBE_NAAUWeakPointer@IRefObject@core@5@@Z 100053d0 f i umodsys_lib_libmedia:umodsys.mod.media.images_std.obj
 0001:000043d0       ?ref_weak@RGenerator@frames@ui@modules@UModSys@@UBE_NAAUWeakPointer@IRefObject@core@5@@Z 100053d0 f i umodsys_lib_libui:umodsys.mod.ui.frames.obj
 0001:000043d0       ?ref_weak@RGenerator@stdlib@lib2d@modules@UModSys@@UBE_NAAUWeakPointer@IRefObject@core@5@@Z 100053d0 f i umodsys_lib_lib2d:umodsys.mod.2d.stdlib.obj
 0001:000043d0       ?ref_weak@RGenerator@SDL_core@ui@modules@UModSys@@UBE_NAAUWeakPointer@IRefObject@core@5@@Z 100053d0 f i umodsys_lib_libui:umodsys.mod.ui.SDL_core.obj
 0001:000043d0       ?ref_weak@RMouseController@SDL_core@ui@modules@UModSys@@UBE_NAAUWeakPointer@IRefObject@core@5@@Z 100053d0 f i umodsys_lib_libui:umodsys.mod.ui.SDL_core.obj
 0001:000043d0       ?ref_weak@RRenderDriver2D@SDL_core@ui@modules@UModSys@@UBE_NAAUWeakPointer@IRefObject@core@5@@Z 100053d0 f i umodsys_lib_libui:umodsys.mod.ui.SDL_core.obj
 0001:000043d0       ?ref_weak@RGenerator@test1@test@modules@UModSys@@UBE_NAAUWeakPointer@IRefObject@core@5@@Z 100053d0 f i plugin_test1.obj
 0001:000043d0       ?ref_weak@RImage_Memory@stdlib@lib2d@modules@UModSys@@UBE_NAAUWeakPointer@IRefObject@core@5@@Z 100053d0 f i umodsys_lib_lib2d:umodsys.mod.2d.stdlib.obj
 0001:000043d0       ?ref_weak@RGenerator@serialize_json@media@modules@UModSys@@UBE_NAAUWeakPointer@IRefObject@core@5@@Z 100053d0 f i umodsys_lib_libmedia:umodsys.mod.media.serialize_json.obj
 0001:000043d0       ?ref_weak@RDialog@frames@ui@modules@UModSys@@UBE_NAAUWeakPointer@IRefObject@core@5@@Z 100053d0 f i umodsys_lib_libui:umodsys.mod.ui.frames.obj
 0001:000043d0       ?ref_weak@RMultiImage2D_SDL_ttf@SDL_core@ui@modules@UModSys@@UBE_NAAUWeakPointer@IRefObject@core@5@@Z 100053d0 f i umodsys_lib_libui:umodsys.mod.ui.SDL_core.obj
 0001:000043f0       ??0RKeyboardController@SDL_core@ui@modules@UModSys@@QAE@PAURTerminal@1234@ABUSParameters@core@4@@Z 100053f0 f i umodsys_lib_libui:umodsys.mod.ui.SDL_core.obj
 0001:00004450       ??1RKeyboardController@SDL_core@ui@modules@UModSys@@UAE@XZ 10005450 f i umodsys_lib_libui:umodsys.mod.ui.SDL_core.obj
 0001:000044b0       ?process@RKeyboardController@SDL_core@ui@modules@UModSys@@QAE_NAAUSDL_KeyboardEvent@@@Z 100054b0 f i umodsys_lib_libui:umodsys.mod.ui.SDL_core.obj
 0001:00004590       ?process@RKeyboardController@SDL_core@ui@modules@UModSys@@QAE_NAAUSDL_TextInputEvent@@@Z 10005590 f i umodsys_lib_libui:umodsys.mod.ui.SDL_core.obj
 0001:00004680       ?map_keycode@RKeyboardController@SDL_core@ui@modules@UModSys@@QAE?AW4eKeyCode@libui@5@H@Z 10005680 f i umodsys_lib_libui:umodsys.mod.ui.SDL_core.obj
 0001:00004bc0       ?map_keyspecial@RKeyboardController@SDL_core@ui@modules@UModSys@@QAEFG@Z 10005bc0 f i umodsys_lib_libui:umodsys.mod.ui.SDL_core.obj
 0001:00004c40       ?key_link@RKeyboardController@SDL_core@ui@modules@UModSys@@UAE_NHPAUIRefObject@core@5@PAUIKeyboardClient@libui@5@@Z 10005c40 f i umodsys_lib_libui:umodsys.mod.ui.SDL_core.obj
 0001:00004c90       ?key_setvisible@RKeyboardController@SDL_core@ui@modules@UModSys@@UAE_N_N@Z 10005c90 f i umodsys_lib_libui:umodsys.mod.ui.SDL_core.obj
 0001:00004cb0       ??_ERKeyboardController@SDL_core@ui@modules@UModSys@@UAEPAXI@Z 10005cb0 f i  CIL library: CIL module
 0001:00004cb0       ??_GRKeyboardController@SDL_core@ui@modules@UModSys@@UAEPAXI@Z 10005cb0 f i umodsys_lib_libui:umodsys.mod.ui.SDL_core.obj
 0001:00004cd0       ?root_get_interface_info@RTerminal@SDL_core@ui@modules@UModSys@@UBEABUSUniquePointerInfo@core@5@XZ 10005cd0 f i umodsys_lib_libui:umodsys.mod.ui.SDL_core.obj
 0001:00004ce0       ?root_get_interface_type@RTerminal@SDL_core@ui@modules@UModSys@@UBEPBUSUniquePointerInfo@core@5@XZ 10005ce0 f i umodsys_lib_libui:umodsys.mod.ui.SDL_core.obj
 0001:00004cf0       ?root_get_other_interface@RTerminal@SDL_core@ui@modules@UModSys@@UBEPBUIRoot@core@5@PBUSUniquePointerInfo@75@@Z 10005cf0 f i umodsys_lib_libui:umodsys.mod.ui.SDL_core.obj
 0001:00004cf0       ?root_get_other_interface@RTerminal@SDL_core@ui@modules@UModSys@@UAEPAUIRoot@core@5@PBUSUniquePointerInfo@75@@Z 10005cf0 f i umodsys_lib_libui:umodsys.mod.ui.SDL_core.obj
 0001:00004d20       ?root_is_interface_supported@RTerminal@SDL_core@ui@modules@UModSys@@UBE_NPBUSUniquePointerInfo@core@5@@Z 10005d20 f i umodsys_lib_libui:umodsys.mod.ui.SDL_core.obj
 0001:00004d60       ??0RTerminal@SDL_core@ui@modules@UModSys@@QAE@PAUIModObject@base@4@ABUSParameters@core@4@@Z 10005d60 f i umodsys_lib_libui:umodsys.mod.ui.SDL_core.obj
 0001:00004e00       ??1RTerminal@SDL_core@ui@modules@UModSys@@UAE@XZ 10005e00 f i umodsys_lib_libui:umodsys.mod.ui.SDL_core.obj
 0001:00004eb0       ?poll_events@RTerminal@SDL_core@ui@modules@UModSys@@UAE_NH@Z 10005eb0 f i umodsys_lib_libui:umodsys.mod.ui.SDL_core.obj
 0001:00004ff0       ?get_terminal_state@RTerminal@SDL_core@ui@modules@UModSys@@UAE_NW4eTerminalState@libui@5@@Z 10005ff0 f i umodsys_lib_libui:umodsys.mod.ui.SDL_core.obj
 0001:00005010       ?set_terminal_state@RTerminal@SDL_core@ui@modules@UModSys@@UAE_NW4eTerminalState@libui@5@_N@Z 10006010 f i umodsys_lib_libui:umodsys.mod.ui.SDL_core.obj
 0001:00005080       ?get_clock@RTerminal@SDL_core@ui@modules@UModSys@@UAENXZ 10006080 f i umodsys_lib_libui:umodsys.mod.ui.SDL_core.obj
 0001:000050a0       ?wait@RTerminal@SDL_core@ui@modules@UModSys@@UAE_NM@Z 100060a0 f i umodsys_lib_libui:umodsys.mod.ui.SDL_core.obj
 0001:000050e0       ?get_count@RTerminal@SDL_core@ui@modules@UModSys@@UBEIPBUSUniquePointerInfo@core@5@@Z 100060e0 f i umodsys_lib_libui:umodsys.mod.ui.SDL_core.obj
 0001:00005120       ?get_handler@RTerminal@SDL_core@ui@modules@UModSys@@UBEPAUIRefObject@core@5@PBUSUniquePointerInfo@75@I@Z 10006120 f i umodsys_lib_libui:umodsys.mod.ui.SDL_core.obj
 0001:00005170       ?get_handler@RTerminal@SDL_core@ui@modules@UModSys@@UBEPAUIRefObject@core@5@PBUSUniquePointerInfo@75@PBD@Z 10006170 f i umodsys_lib_libui:umodsys.mod.ui.SDL_core.obj
 0001:00005180       ?get_friend_handler@RTerminal@SDL_core@ui@modules@UModSys@@UBEPAUIRefObject@core@5@PBUSUniquePointerInfo@75@PAU675@@Z 10006180 f i umodsys_lib_libui:umodsys.mod.ui.SDL_core.obj
 0001:00005190       ?create_handler@RTerminal@SDL_core@ui@modules@UModSys@@UAE_NPBUSUniquePointerInfo@core@5@AAU?$TRefObject@UIRefObject@core@UModSys@@U?$TRefObjectFunc@UIRefObject@core@UModSys@@@tl@3@@tl@5@PBDPBUSParameters@75@@Z 10006190 f i umodsys_lib_libui:umodsys.mod.ui.SDL_core.obj
 0001:00005440       ??_GRTerminal@SDL_core@ui@modules@UModSys@@UAEPAXI@Z 10006440 f i umodsys_lib_libui:umodsys.mod.ui.SDL_core.obj
 0001:00005440       ??_ERTerminal@SDL_core@ui@modules@UModSys@@UAEPAXI@Z 10006440 f i  CIL library: CIL module
 0001:00005460       ?get_generated_names@RGenerator@SDL_core@ui@modules@UModSys@@UBEHAAUSUniquePtrList@core@5@@Z 10006460 f i umodsys_lib_libui:umodsys.mod.ui.SDL_core.obj
 0001:00005480       ?get_generated_types@RGenerator@SDL_core@ui@modules@UModSys@@UBEHAAUSUniquePtrList@core@5@PBUSUniquePointerInfo@75@@Z 10006480 f i umodsys_lib_libui:umodsys.mod.ui.SDL_core.obj
 0001:000054d0       ?generate@RGenerator@SDL_core@ui@modules@UModSys@@UAE_NAAU?$TRefObject@UIRefObject@core@UModSys@@U?$TRefObjectFunc@UIRefObject@core@UModSys@@@tl@3@@tl@5@PBUSUniquePointerInfo@core@5@ABUSParameters@95@@Z 100064d0 f i umodsys_lib_libui:umodsys.mod.ui.SDL_core.obj
 0001:00005500       ?root_get_interface_info@RGenerator@SDL_core@ui@modules@UModSys@@UBEABUSUniquePointerInfo@core@5@XZ 10006500 f i umodsys_lib_libui:umodsys.mod.ui.SDL_core.obj
 0001:00005510       ?root_get_interface_type@RGenerator@SDL_core@ui@modules@UModSys@@UBEPBUSUniquePointerInfo@core@5@XZ 10006510 f i umodsys_lib_libui:umodsys.mod.ui.SDL_core.obj
 0001:00005520       ?root_get_other_interface@RGenerator@SDL_core@ui@modules@UModSys@@UAEPAUIRoot@core@5@PBUSUniquePointerInfo@75@@Z 10006520 f i umodsys_lib_libui:umodsys.mod.ui.SDL_core.obj
 0001:00005520       ?root_get_other_interface@RGenerator@SDL_core@ui@modules@UModSys@@UBEPBUIRoot@core@5@PBUSUniquePointerInfo@75@@Z 10006520 f i umodsys_lib_libui:umodsys.mod.ui.SDL_core.obj
 0001:00005560       ?root_is_interface_supported@RGenerator@SDL_core@ui@modules@UModSys@@UBE_NPBUSUniquePointerInfo@core@5@@Z 10006560 f i umodsys_lib_libui:umodsys.mod.ui.SDL_core.obj
 0001:000055a0       ?ref_remove@RGenerator@images_std@media@modules@UModSys@@UBEXXZ 100065a0 f i umodsys_lib_libmedia:umodsys.mod.media.images_std.obj
 0001:000055a0       ?ref_remove@RGenerator@SDL_core@ui@modules@UModSys@@UBEXXZ 100065a0 f i umodsys_lib_libui:umodsys.mod.ui.SDL_core.obj
 0001:000055a0       ?ref_remove@RMultiImage2D_SDL_ttf@SDL_core@ui@modules@UModSys@@UBEXXZ 100065a0 f i umodsys_lib_libui:umodsys.mod.ui.SDL_core.obj
 0001:000055a0       ?ref_remove@RGenerator@stdlib@lib2d@modules@UModSys@@UBEXXZ 100065a0 f i umodsys_lib_lib2d:umodsys.mod.2d.stdlib.obj
 0001:000055a0       ?ref_remove@RGenerator@serialize_json@media@modules@UModSys@@UBEXXZ 100065a0 f i umodsys_lib_libmedia:umodsys.mod.media.serialize_json.obj
 0001:000055a0       ?ref_remove@RMouseController@SDL_core@ui@modules@UModSys@@UBEXXZ 100065a0 f i umodsys_lib_libui:umodsys.mod.ui.SDL_core.obj
 0001:000055a0       ?ref_remove@RRenderDriver2D@SDL_core@ui@modules@UModSys@@UBEXXZ 100065a0 f i umodsys_lib_libui:umodsys.mod.ui.SDL_core.obj
 0001:000055a0       ?ref_remove@RImage_Memory@stdlib@lib2d@modules@UModSys@@UBEXXZ 100065a0 f i umodsys_lib_lib2d:umodsys.mod.2d.stdlib.obj
 0001:000055a0       ?ref_remove@RKeyboardController@SDL_core@ui@modules@UModSys@@UBEXXZ 100065a0 f i umodsys_lib_libui:umodsys.mod.ui.SDL_core.obj
 0001:000055a0       ?ref_remove@RSerializeReader@serialize_json@media@modules@UModSys@@UBEXXZ 100065a0 f i umodsys_lib_libmedia:umodsys.mod.media.serialize_json.obj
 0001:000055a0       ?ref_remove@RDialog@frames@ui@modules@UModSys@@UBEXXZ 100065a0 f i umodsys_lib_libui:umodsys.mod.ui.frames.obj
 0001:000055a0       ?ref_remove@RGenerator@frames@ui@modules@UModSys@@UBEXXZ 100065a0 f i umodsys_lib_libui:umodsys.mod.ui.frames.obj
 0001:000055a0       ?ref_remove@RTerminal@SDL_core@ui@modules@UModSys@@UBEXXZ 100065a0 f i umodsys_lib_libui:umodsys.mod.ui.SDL_core.obj
 0001:000055a0       ?ref_remove@RGenerator@test1@test@modules@UModSys@@UBEXXZ 100065a0 f i plugin_test1.obj
 0001:000055b0       ?get_uid@RGenerator@SDL_core@ui@modules@UModSys@@UBEPBUSUniquePointerInfo@core@5@XZ 100065b0 f i umodsys_lib_libui:umodsys.mod.ui.SDL_core.obj
 0001:000055c0       ?do_open@RModuleReg@SDL_core@ui@modules@UModSys@@UAE_NXZ 100065c0 f i umodsys_lib_libui:umodsys.mod.ui.SDL_core.obj
 0001:000055d0       ?do_close@RModuleReg@SDL_core@ui@modules@UModSys@@UAE_NXZ 100065d0 f i umodsys_lib_libui:umodsys.mod.ui.SDL_core.obj
 0001:000055e0       ??_GRModuleReg@SDL_core@ui@modules@UModSys@@UAEPAXI@Z 100065e0 f i umodsys_lib_libui:umodsys.mod.ui.SDL_core.obj
 0001:000055e0       ??_ERModuleReg@SDL_core@ui@modules@UModSys@@UAEPAXI@Z 100065e0 f i  CIL library: CIL module
 0001:00005610       ??1?$TScatterArray@UGlyph@RMultiImage2D_SDL_ttf@SDL_core@ui@modules@UModSys@@HU?$TScalarCompare@H@core@6@U?$TNodeDeleter0@U?$TScatterArrayNode@UGlyph@RMultiImage2D_SDL_ttf@SDL_core@ui@modules@UModSys@@H@tl@UModSys@@@tl@6@@tl@UModSys@@QAE@XZ 10006610 f i umodsys_lib_libui:umodsys.mod.ui.SDL_core.obj
 0001:00005630       ??1?$TRefObject@URRenderDriver2D@SDL_core@ui@modules@UModSys@@U?$TRefObjectWeakFunc@URRenderDriver2D@SDL_core@ui@modules@UModSys@@@tl@5@@tl@UModSys@@QAE@XZ 10006630 f i umodsys_lib_libui:umodsys.mod.ui.SDL_core.obj
 0001:00005630       ??1?$TRefObject@URMultiImage2D_SDL_ttf@SDL_core@ui@modules@UModSys@@U?$TRefObjectWeakFunc@URMultiImage2D_SDL_ttf@SDL_core@ui@modules@UModSys@@@tl@5@@tl@UModSys@@QAE@XZ 10006630 f i umodsys_lib_libui:umodsys.mod.ui.SDL_core.obj
 0001:00005660       ??4?$TRefObject@URMouseController@SDL_core@ui@modules@UModSys@@U?$TRefObjectWeakFunc@URMouseController@SDL_core@ui@modules@UModSys@@@tl@5@@tl@UModSys@@QAEABU012@PAURMouseController@SDL_core@ui@modules@2@@Z 10006660 f i umodsys_lib_libui:umodsys.mod.ui.SDL_core.obj
 0001:00005660       ??4?$TRefObject@URKeyboardController@SDL_core@ui@modules@UModSys@@U?$TRefObjectWeakFunc@URKeyboardController@SDL_core@ui@modules@UModSys@@@tl@5@@tl@UModSys@@QAEABU012@PAURKeyboardController@SDL_core@ui@modules@2@@Z 10006660 f i umodsys_lib_libui:umodsys.mod.ui.SDL_core.obj
 0001:000056a0       ?remove_node@?$TTreeHoldRB@U?$TScatterArrayNode@U?$TRefObjectComposite@UIKeyboardClient@libui@UModSys@@UIRefObject@core@3@U?$TRefObjectFunc@UIRefObject@core@UModSys@@@tl@3@@tl@UModSys@@H@tl@UModSys@@@tl@UModSys@@QAEXPAU?$TScatterArrayNode@U?$TRefObjectComposite@UIKeyboardClient@libui@UModSys@@UIRefObject@core@3@U?$TRefObjectFunc@UIRefObject@core@UModSys@@@tl@3@@tl@UModSys@@H@23@@Z 100066a0 f i umodsys_lib_libui:umodsys.mod.ui.SDL_core.obj
 0001:000056a0       ?remove_node@?$TTreeHoldRB@U?$TScatterArrayNode@U?$TRefObjectCompositeExtra@UIMouseClient@libui@UModSys@@HUIRefObject@core@3@U?$TRefObjectFunc@UIRefObject@core@UModSys@@@tl@3@@tl@UModSys@@H@tl@UModSys@@@tl@UModSys@@QAEXPAU?$TScatterArrayNode@U?$TRefObjectCompositeExtra@UIMouseClient@libui@UModSys@@HUIRefObject@core@3@U?$TRefObjectFunc@UIRefObject@core@UModSys@@@tl@3@@tl@UModSys@@H@23@@Z 100066a0 f i umodsys_lib_libui:umodsys.mod.ui.SDL_core.obj
 0001:00005790       ??1?$TPair@HU?$TRefObjectCompositeExtra@UIMouseClient@libui@UModSys@@HUIRefObject@core@3@U?$TRefObjectFunc@UIRefObject@core@UModSys@@@tl@3@@tl@UModSys@@@tl@UModSys@@QAE@XZ 10006790 f i umodsys_lib_libui:umodsys.mod.ui.SDL_core.obj
 0001:00005790       ??1?$TPair@HU?$TRefObjectComposite@UIKeyboardClient@libui@UModSys@@UIRefObject@core@3@U?$TRefObjectFunc@UIRefObject@core@UModSys@@@tl@3@@tl@UModSys@@@tl@UModSys@@QAE@XZ 10006790 f i umodsys_lib_libui:umodsys.mod.ui.SDL_core.obj
 0001:000057a0       ??1?$TRefObjectComposite@UIKeyboardClient@libui@UModSys@@UIRefObject@core@3@U?$TRefObjectFunc@UIRefObject@core@UModSys@@@tl@3@@tl@UModSys@@QAE@XZ 100067a0 f i umodsys_lib_libui:umodsys.mod.ui.SDL_core.obj
 0001:000057a0       ??1?$TRefObjectCompositeExtra@UIMouseClient@libui@UModSys@@HUIRefObject@core@3@U?$TRefObjectFunc@UIRefObject@core@UModSys@@@tl@3@@tl@UModSys@@QAE@XZ 100067a0 f i umodsys_lib_libui:umodsys.mod.ui.SDL_core.obj
 0001:000057a0       ??1?$TRefObjectComposite@UIController@libui@UModSys@@UIRefObject@core@3@U?$TRefObjectFunc@UIRefObject@core@UModSys@@@tl@3@@tl@UModSys@@QAE@XZ 100067a0 f i umodsys_lib_libui:umodsys.mod.ui.frames.obj
 0001:00005810       ??$t_ref_get_other_interface@URMultiImage2D_SDL_ttf@SDL_core@ui@modules@UModSys@@U?$TRefObjectWeakFunc@URMultiImage2D_SDL_ttf@SDL_core@ui@modules@UModSys@@@tl@5@@IRefObject@core@UModSys@@QAE_NAAU?$TRefObject@URMultiImage2D_SDL_ttf@SDL_core@ui@modules@UModSys@@U?$TRefObjectWeakFunc@URMultiImage2D_SDL_ttf@SDL_core@ui@modules@UModSys@@@tl@5@@tl@2@@Z 10006810 f i umodsys_lib_libui:umodsys.mod.ui.SDL_core.obj
 0001:00005870       ?obj_delete@?$TRefObjectLinksParent@URFrame_List@frames@ui@modules@UModSys@@URCollector@2345@@tl@UModSys@@QBEXPAURFrame_List@frames@ui@modules@3@@Z 10006870 f i umodsys_lib_libui:umodsys.mod.ui.frames.obj
 0001:00005870       ?obj_delete@?$TRefObjectLinksParent@URFrame_Frame@frames@ui@modules@UModSys@@URCollector@2345@@tl@UModSys@@QBEXPAURFrame_Frame@frames@ui@modules@3@@Z 10006870 f i umodsys_lib_libui:umodsys.mod.ui.frames.obj
 0001:00005870       ?obj_delete@?$TRefObjectLinksParent@URFrame_Button@frames@ui@modules@UModSys@@URCollector@2345@@tl@UModSys@@QBEXPAURFrame_Button@frames@ui@modules@3@@Z 10006870 f i umodsys_lib_libui:umodsys.mod.ui.frames.obj
 0001:00005870       ?obj_delete@?$TRefObjectLinksParent@URMouseController@SDL_core@ui@modules@UModSys@@URTerminal@2345@@tl@UModSys@@QBEXPAURMouseController@SDL_core@ui@modules@3@@Z 10006870 f i umodsys_lib_libui:umodsys.mod.ui.SDL_core.obj
 0001:00005870       ?obj_delete@?$TRefObjectLinksParent@URMultiImage2D_SDL_ttf@SDL_core@ui@modules@UModSys@@URRenderDriver2D@2345@@tl@UModSys@@QBEXPAURMultiImage2D_SDL_ttf@SDL_core@ui@modules@3@@Z 10006870 f i umodsys_lib_libui:umodsys.mod.ui.SDL_core.obj
 0001:00005870       ?obj_delete@?$TRefObjectLinksParent@URFrame_Text@frames@ui@modules@UModSys@@URCollector@2345@@tl@UModSys@@QBEXPAURFrame_Text@frames@ui@modules@3@@Z 10006870 f i umodsys_lib_libui:umodsys.mod.ui.frames.obj
 0001:00005870       ?obj_delete@?$TRefObjectLinksParent@URDialog@frames@ui@modules@UModSys@@URCollector@2345@@tl@UModSys@@QBEXPAURDialog@frames@ui@modules@3@@Z 10006870 f i umodsys_lib_libui:umodsys.mod.ui.frames.obj
 0001:00005870       ?obj_delete@?$TRefObjectLinksParent@URRenderDriver2D@SDL_core@ui@modules@UModSys@@URTerminal@2345@@tl@UModSys@@QBEXPAURRenderDriver2D@SDL_core@ui@modules@3@@Z 10006870 f i umodsys_lib_libui:umodsys.mod.ui.SDL_core.obj
 0001:00005870       ?obj_delete@?$TRefObjectLinksParent@URFrame_Image@frames@ui@modules@UModSys@@URCollector@2345@@tl@UModSys@@QBEXPAURFrame_Image@frames@ui@modules@3@@Z 10006870 f i umodsys_lib_libui:umodsys.mod.ui.frames.obj
 0001:00005870       ?obj_delete@?$TRefObjectLinksParent@URFrame_Edit@frames@ui@modules@UModSys@@URCollector@2345@@tl@UModSys@@QBEXPAURFrame_Edit@frames@ui@modules@3@@Z 10006870 f i umodsys_lib_libui:umodsys.mod.ui.frames.obj
 0001:00005870       ?obj_delete@?$TRefObjectLinksParent@URKeyboardController@SDL_core@ui@modules@UModSys@@URTerminal@2345@@tl@UModSys@@QBEXPAURKeyboardController@SDL_core@ui@modules@3@@Z 10006870 f i umodsys_lib_libui:umodsys.mod.ui.SDL_core.obj
 0001:000058e0       ?remove_color@?$TTreeHoldRB@U?$TScatterArrayNode@U?$TRefObjectComposite@UIKeyboardClient@libui@UModSys@@UIRefObject@core@3@U?$TRefObjectFunc@UIRefObject@core@UModSys@@@tl@3@@tl@UModSys@@H@tl@UModSys@@@tl@UModSys@@IAEXPAU?$TScatterArrayNode@U?$TRefObjectComposite@UIKeyboardClient@libui@UModSys@@UIRefObject@core@3@U?$TRefObjectFunc@UIRefObject@core@UModSys@@@tl@3@@tl@UModSys@@H@23@0@Z 100068e0 f i umodsys_lib_libui:umodsys.mod.ui.SDL_core.obj
 0001:000058e0       ?remove_color@?$TTreeHoldRB@U?$TScatterArrayNode@U?$TRefObjectCompositeExtra@UIMouseClient@libui@UModSys@@HUIRefObject@core@3@U?$TRefObjectFunc@UIRefObject@core@UModSys@@@tl@3@@tl@UModSys@@H@tl@UModSys@@@tl@UModSys@@IAEXPAU?$TScatterArrayNode@U?$TRefObjectCompositeExtra@UIMouseClient@libui@UModSys@@HUIRefObject@core@3@U?$TRefObjectFunc@UIRefObject@core@UModSys@@@tl@3@@tl@UModSys@@H@23@0@Z 100068e0 f i umodsys_lib_libui:umodsys.mod.ui.SDL_core.obj
 0001:00005a60       ??$t_close@U?$TRefObject@URRenderDriver2D@SDL_core@ui@modules@UModSys@@U?$TRefObjectWeakFunc@URRenderDriver2D@SDL_core@ui@modules@UModSys@@@tl@5@@tl@UModSys@@@SDL_core@ui@modules@UModSys@@YA_NAAU?$TScatterArray@U?$TRefObject@URRenderDriver2D@SDL_core@ui@modules@UModSys@@U?$TRefObjectWeakFunc@URRenderDriver2D@SDL_core@ui@modules@UModSys@@@tl@5@@tl@UModSys@@HU?$TScalarCompare@H@core@3@U?$TNodeDeleter0@U?$TScatterArrayNode@U?$TRefObject@URRenderDriver2D@SDL_core@ui@modules@UModSys@@U?$TRefObjectWeakFunc@URRenderDriver2D@SDL_core@ui@modules@UModSys@@@tl@5@@tl@UModSys@@H@tl@UModSys@@@23@@tl@3@@Z 10006a60 f i umodsys_lib_libui:umodsys.mod.ui.SDL_core.obj
 0001:00005b10       ??$t_count@U?$TRefObject@URRenderDriver2D@SDL_core@ui@modules@UModSys@@U?$TRefObjectWeakFunc@URRenderDriver2D@SDL_core@ui@modules@UModSys@@@tl@5@@tl@UModSys@@@SDL_core@ui@modules@UModSys@@YAIABU?$TScatterArray@U?$TRefObject@URRenderDriver2D@SDL_core@ui@modules@UModSys@@U?$TRefObjectWeakFunc@URRenderDriver2D@SDL_core@ui@modules@UModSys@@@tl@5@@tl@UModSys@@HU?$TScalarCompare@H@core@3@U?$TNodeDeleter0@U?$TScatterArrayNode@U?$TRefObject@URRenderDriver2D@SDL_core@ui@modules@UModSys@@U?$TRefObjectWeakFunc@URRenderDriver2D@SDL_core@ui@modules@UModSys@@@tl@5@@tl@UModSys@@H@tl@UModSys@@@23@@tl@3@@Z 10006b10 f i umodsys_lib_libui:umodsys.mod.ui.SDL_core.obj
 0001:00005b80       ??$t_get@U?$TRefObject@URRenderDriver2D@SDL_core@ui@modules@UModSys@@U?$TRefObjectWeakFunc@URRenderDriver2D@SDL_core@ui@modules@UModSys@@@tl@5@@tl@UModSys@@@SDL_core@ui@modules@UModSys@@YAPAUIRefObject@core@3@ABU?$TScatterArray@U?$TRefObject@URRenderDriver2D@SDL_core@ui@modules@UModSys@@U?$TRefObjectWeakFunc@URRenderDriver2D@SDL_core@ui@modules@UModSys@@@tl@5@@tl@UModSys@@HU?$TScalarCompare@H@core@3@U?$TNodeDeleter0@U?$TScatterArrayNode@U?$TRefObject@URRenderDriver2D@SDL_core@ui@modules@UModSys@@U?$TRefObjectWeakFunc@URRenderDriver2D@SDL_core@ui@modules@UModSys@@@tl@5@@tl@UModSys@@H@tl@UModSys@@@23@@tl@3@I@Z 10006b80 f i umodsys_lib_libui:umodsys.mod.ui.SDL_core.obj
 0001:00005c10       ??$ValidateConstruction@UIRefObject@core@UModSys@@URRenderDriver2D@SDL_core@ui@modules@3@@core@UModSys@@YA_NAAU?$TRefObject@UIRefObject@core@UModSys@@U?$TRefObjectFunc@UIRefObject@core@UModSys@@@tl@3@@tl@1@U?$TRefObject@URRenderDriver2D@SDL_core@ui@modules@UModSys@@U?$TRefObjectFunc@URRenderDriver2D@SDL_core@ui@modules@UModSys@@@tl@5@@31@@Z 10006c10 f i umodsys_lib_libui:umodsys.mod.ui.SDL_core.obj
 0001:00005cb0       ??$t_add@U?$TRefObject@URRenderDriver2D@SDL_core@ui@modules@UModSys@@U?$TRefObjectWeakFunc@URRenderDriver2D@SDL_core@ui@modules@UModSys@@@tl@5@@tl@UModSys@@URRenderDriver2D@SDL_core@ui@modules@3@@SDL_core@ui@modules@UModSys@@YA_NAAU?$TScatterArray@U?$TRefObject@URRenderDriver2D@SDL_core@ui@modules@UModSys@@U?$TRefObjectWeakFunc@URRenderDriver2D@SDL_core@ui@modules@UModSys@@@tl@5@@tl@UModSys@@HU?$TScalarCompare@H@core@3@U?$TNodeDeleter0@U?$TScatterArrayNode@U?$TRefObject@URRenderDriver2D@SDL_core@ui@modules@UModSys@@U?$TRefObjectWeakFunc@URRenderDriver2D@SDL_core@ui@modules@UModSys@@@tl@5@@tl@UModSys@@H@tl@UModSys@@@23@@tl@3@PAURRenderDriver2D@0123@@Z 10006cb0 f i umodsys_lib_libui:umodsys.mod.ui.SDL_core.obj
[...]
 0001:00018640       ??__E?s_id@?$TObjectUniqueID@URFrame_Frame@frames@ui@modules@UModSys@@@tl@UModSys@@2USUniquePointer@core@3@A@@YAXXZ 10019640 f    CIL library: CIL module
 0001:00018670       ??__E?s_id@?$TObjectUniqueID@URFrame_Image@frames@ui@modules@UModSys@@@tl@UModSys@@2USUniquePointer@core@3@A@@YAXXZ 10019670 f    CIL library: CIL module
 0001:000186a0       ??__E?s_id@?$TObjectUniqueID@URFrame_Text@frames@ui@modules@UModSys@@@tl@UModSys@@2USUniquePointer@core@3@A@@YAXXZ 100196a0 f    CIL library: CIL module
 0001:000186d0       ??__E?s_id@?$TObjectUniqueID@URFrame_Button@frames@ui@modules@UModSys@@@tl@UModSys@@2USUniquePointer@core@3@A@@YAXXZ 100196d0 f    CIL library: CIL module
 0001:00018700       ??__E?s_id@?$TObjectUniqueID@URFrame_Edit@frames@ui@modules@UModSys@@@tl@UModSys@@2USUniquePointer@core@3@A@@YAXXZ 10019700 f    CIL library: CIL module
 0001:00018730       ??__E?s_id@?$TObjectUniqueID@URFrame_List@frames@ui@modules@UModSys@@@tl@UModSys@@2USUniquePointer@core@3@A@@YAXXZ 10019730 f    CIL library: CIL module
 0001:00018760       ??__E?s_id@?$TObjectUniqueID@URCollector@frames@ui@modules@UModSys@@@tl@UModSys@@2USUniquePointer@core@3@A@@YAXXZ 10019760 f    CIL library: CIL module
 0001:00018790       ??__E?s_id@?$TObjectUniqueID@URGenerator@frames@ui@modules@UModSys@@@tl@UModSys@@2USUniquePointer@core@3@A@@YAXXZ 10019790 f    CIL library: CIL module
 0001:000187c0       ??__E?s_modreg@RModuleReg@images_std@media@modules@UModSys@@2U12345@A@@YAXXZ 100197c0 f    CIL library: CIL module
 0001:00018800       ??__E?s_modreg_chain@RModuleReg@images_std@media@modules@UModSys@@2USModuleRegChain@base@5@A@@YAXXZ 10019800 f    CIL library: CIL module
 0001:00018820       ??__E?s_uid@RGenerator@images_std@media@modules@UModSys@@2USUniquePointer@core@5@A@@YAXXZ 10019820 f    CIL library: CIL module
 0001:00018850       ??__E?s_id@?$TObjectUniqueID@URMediaFilter@images_std@media@modules@UModSys@@@tl@UModSys@@2USUniquePointer@core@3@A@@YAXXZ 10019850 f    CIL library: CIL module
 0001:00018880       ??__E?s_id@?$TObjectUniqueID@URGenerator@images_std@media@modules@UModSys@@@tl@UModSys@@2USUniquePointer@core@3@A@@YAXXZ 10019880 f    CIL library: CIL module
 0001:000188b0       ??__E?s_modreg@RModuleReg@serialize_json@media@modules@UModSys@@2U12345@A@@YAXXZ 100198b0 f    CIL library: CIL module
 0001:000188f0       ??__E?s_modreg_chain@RModuleReg@serialize_json@media@modules@UModSys@@2USModuleRegChain@base@5@A@@YAXXZ 100198f0 f    CIL library: CIL module
 0001:00018910       ??__E?s_uid@RGenerator@serialize_json@media@modules@UModSys@@2USUniquePointer@core@5@A@@YAXXZ 10019910 f    CIL library: CIL module
 0001:00018940       ??__E?s_id@?$TObjectUniqueID@URSerializeReader@serialize_json@media@modules@UModSys@@@tl@UModSys@@2USUniquePointer@core@3@A@@YAXXZ 10019940 f    CIL library: CIL module
 0001:00018970       ??__E?s_id@?$TObjectUniqueID@URSerializeWriter@serialize_json@media@modules@UModSys@@@tl@UModSys@@2USUniquePointer@core@3@A@@YAXXZ 10019970 f    CIL library: CIL module
 0001:000189a0       ??__E?s_id@?$TObjectUniqueID@URGenerator@serialize_json@media@modules@UModSys@@@tl@UModSys@@2USUniquePointer@core@3@A@@YAXXZ 100199a0 f    CIL library: CIL module
 0001:000189d0       ??__EM@UModSys@@YAXXZ      100199d0 f    CIL library: CIL module
 0001:000189f0       ??__E?root@SModuleRegChain@base@UModSys@@2U123@A@@YAXXZ 100199f0 f    CIL library: CIL module
 0001:00018a10       ??__E?s_library@RModuleLibraryReg_Chain@base@UModSys@@2U123@A@@YAXXZ 10019a10 f    CIL library: CIL module
 0001:00018a30       ??__E?root@SUniquePointer@core@UModSys@@2U123@A@@YAXXZ 10019a30 f    CIL library: CIL module
 0001:00018a50       ??__F?s_modreg@RModuleReg@test1@test@modules@UModSys@@2U12345@A@@YAXXZ 10019a50 f    CIL library: CIL module
 0001:00018a70       ??__F?s_modreg_chain@RModuleReg@test1@test@modules@UModSys@@2USModuleRegChain@base@5@A@@YAXXZ 10019a70 f    CIL library: CIL module
 0001:00018a80       ??__F?s_uid@RGenerator@test1@test@modules@UModSys@@2USUniquePointer@core@5@A@@YAXXZ 10019a80 f    CIL library: CIL module
 0001:00018a90       ??__Fh@?1??s_holder@RGenerator@test1@test@modules@UModSys@@SAAAU?$TTypeStaticHolder@URGenerator@test1@test@modules@UModSys@@@tl@5@XZ@YAXXZ 10019a90 f    CIL library: CIL module
 0001:00018ab0       ??__F?s_id@?$TObjectUniqueID@URGenerator@test1@test@modules@UModSys@@@tl@UModSys@@2USUniquePointer@core@3@A@@YAXXZ 10019ab0 f    CIL library: CIL module
 0001:00018ac0       ??__F?s_id@?$TObjectUniqueID@URTest1_Shell@test1@test@modules@UModSys@@@tl@UModSys@@2USUniquePointer@core@3@A@@YAXXZ 10019ac0 f    CIL library: CIL module
 0001:00018ad0       ??__F?s_id@?$TObjectUniqueID@URLines_Filter@test1@test@modules@UModSys@@@tl@UModSys@@2USUniquePointer@core@3@A@@YAXXZ 10019ad0 f    CIL library: CIL module
 0001:00018ae0       ??__F?s_id@?$TObjectUniqueID@URLines@test1@test@modules@UModSys@@@tl@UModSys@@2USUniquePointer@core@3@A@@YAXXZ 10019ae0 f    CIL library: CIL module
 0001:00018af0       ??__F?s_id@?$TObjectUniqueID@UILines@test1@test@modules@UModSys@@@tl@UModSys@@2USUniquePointer@core@3@A@@YAXXZ 10019af0 f    CIL library: CIL module
 0001:00018b00       ??__F?s_id@?$TObjectUniqueID@UIRenderDriver@lib2d@UModSys@@@tl@UModSys@@2USUniquePointer@core@3@A@@YAXXZ 10019b00 f    CIL library: CIL module
 0001:00018b10       ??__F?s_id@?$TObjectUniqueID@UIMultiImage@lib2d@UModSys@@@tl@UModSys@@2USUniquePointer@core@3@A@@YAXXZ 10019b10 f    CIL library: CIL module
 0001:00018b20       ??__F?s_id@?$TObjectUniqueID@UIImage@lib2d@UModSys@@@tl@UModSys@@2USUniquePointer@core@3@A@@YAXXZ 10019b20 f    CIL library: CIL module
 0001:00018b30       ??__F?s_id@?$TObjectUniqueID@UIDialog@libui@UModSys@@@tl@UModSys@@2USUniquePointer@core@3@A@@YAXXZ 10019b30 f    CIL library: CIL module
 0001:00018b40       ??__F?s_id@?$TObjectUniqueID@UIFrame@libui@UModSys@@@tl@UModSys@@2USUniquePointer@core@3@A@@YAXXZ 10019b40 f    CIL library: CIL module
 0001:00018b50       ??__F?s_id@?$TObjectUniqueID@UIAsyncCollector@libui@UModSys@@@tl@UModSys@@2USUniquePointer@core@3@A@@YAXXZ 10019b50 f    CIL library: CIL module
 0001:00018b60       ??__F?s_id@?$TObjectUniqueID@UIAsyncController@libui@UModSys@@@tl@UModSys@@2USUniquePointer@core@3@A@@YAXXZ 10019b60 f    CIL library: CIL module
 0001:00018b70       ??__F?s_id@?$TObjectUniqueID@UICollector@libui@UModSys@@@tl@UModSys@@2USUniquePointer@core@3@A@@YAXXZ 10019b70 f    CIL library: CIL module
 0001:00018b80       ??__F?s_id@?$TObjectUniqueID@UIConsoleHelperInput_UIKey@libui@UModSys@@@tl@UModSys@@2USUniquePointer@core@3@A@@YAXXZ 10019b80 f    CIL library: CIL module
 0001:00018b90       ??__F?s_id@?$TObjectUniqueID@UITerminal@libui@UModSys@@@tl@UModSys@@2USUniquePointer@core@3@A@@YAXXZ 10019b90 f    CIL library: CIL module
 0001:00018ba0       ??__F?s_id@?$TObjectUniqueID@UIJoystickController@libui@UModSys@@@tl@UModSys@@2USUniquePointer@core@3@A@@YAXXZ 10019ba0 f    CIL library: CIL module
 0001:00018bb0       ??__F?s_id@?$TObjectUniqueID@UIMouseController@libui@UModSys@@@tl@UModSys@@2USUniquePointer@core@3@A@@YAXXZ 10019bb0 f    CIL library: CIL module
 0001:00018bc0       ??__F?s_id@?$TObjectUniqueID@UIKeyboardController@libui@UModSys@@@tl@UModSys@@2USUniquePointer@core@3@A@@YAXXZ 10019bc0 f    CIL library: CIL module
 0001:00018bd0       ??__F?s_id@?$TObjectUniqueID@UIConsoleHelperOutputFCS@base@UModSys@@@tl@UModSys@@2USUniquePointer@core@3@A@@YAXXZ 10019bd0 f    CIL library: CIL module
 0001:00018be0       ??__F?s_id@?$TObjectUniqueID@UIConsoleHelperOutput@base@UModSys@@@tl@UModSys@@2USUniquePointer@core@3@A@@YAXXZ 10019be0 f    CIL library: CIL module
 0001:00018bf0       ??__F?s_id@?$TObjectUniqueID@UIConsoleHelperInput@base@UModSys@@@tl@UModSys@@2USUniquePointer@core@3@A@@YAXXZ 10019bf0 f    CIL library: CIL module
 0001:00018c00       ??__F?s_id@?$TObjectUniqueID@UIConsoleHelperHistory@base@UModSys@@@tl@UModSys@@2USUniquePointer@core@3@A@@YAXXZ 10019c00 f    CIL library: CIL module
 0001:00018c10       ??__F?s_id@?$TObjectUniqueID@UIConsoleHelper@base@UModSys@@@tl@UModSys@@2USUniquePointer@core@3@A@@YAXXZ 10019c10 f    CIL library: CIL module
 0001:00018c20       ??__F?s_id@?$TObjectUniqueID@UIConsoleExt@base@UModSys@@@tl@UModSys@@2USUniquePointer@core@3@A@@YAXXZ 10019c20 f    CIL library: CIL module
 0001:00018c30       ??__F?s_id@?$TObjectUniqueID@UISerializeWriter@libmedia@UModSys@@@tl@UModSys@@2USUniquePointer@core@3@A@@YAXXZ 10019c30 f    CIL library: CIL module
 0001:00018c40       ??__F?s_id@?$TObjectUniqueID@UISerializeReader@libmedia@UModSys@@@tl@UModSys@@2USUniquePointer@core@3@A@@YAXXZ 10019c40 f    CIL library: CIL module
 0001:00018c50       ??__F?s_id@?$TObjectUniqueID@UILibraryLayered@libmedia@UModSys@@@tl@UModSys@@2USUniquePointer@core@3@A@@YAXXZ 10019c50 f    CIL library: CIL module
 0001:00018c60       ??__F?s_id@?$TObjectUniqueID@UILibraryObjCache@libmedia@UModSys@@@tl@UModSys@@2USUniquePointer@core@3@A@@YAXXZ 10019c60 f    CIL library: CIL module
 0001:00018c70       ??__F?s_id@?$TObjectUniqueID@UILibraryObjFilter@libmedia@UModSys@@@tl@UModSys@@2USUniquePointer@core@3@A@@YAXXZ 10019c70 f    CIL library: CIL module
 0001:00018c80       ??__F?s_id@?$TObjectUniqueID@UILibraryBinCache@libmedia@UModSys@@@tl@UModSys@@2USUniquePointer@core@3@A@@YAXXZ 10019c80 f    CIL library: CIL module
 0001:00018c90       ??__F?s_id@?$TObjectUniqueID@UILibraryBinTree@libmedia@UModSys@@@tl@UModSys@@2USUniquePointer@core@3@A@@YAXXZ 10019c90 f    CIL library: CIL module
 0001:00018ca0       ??__F?s_id@?$TObjectUniqueID@UILibrary@libmedia@UModSys@@@tl@UModSys@@2USUniquePointer@core@3@A@@YAXXZ 10019ca0 f    CIL library: CIL module
 0001:00018cb0       ??__F?s_id@?$TObjectUniqueID@UIBinObjFilter@libmedia@UModSys@@@tl@UModSys@@2USUniquePointer@core@3@A@@YAXXZ 10019cb0 f    CIL library: CIL module
 0001:00018cc0       ??__F?s_id@?$TObjectUniqueID@UIBinArchive@libmedia@UModSys@@@tl@UModSys@@2USUniquePointer@core@3@A@@YAXXZ 10019cc0 f    CIL library: CIL module
 0001:00018cd0       ??__F?s_id@?$TObjectUniqueID@UIStreamWriter@libmedia@UModSys@@@tl@UModSys@@2USUniquePointer@core@3@A@@YAXXZ 10019cd0 f    CIL library: CIL module
 0001:00018ce0       ??__F?s_id@?$TObjectUniqueID@UIStreamReader@libmedia@UModSys@@@tl@UModSys@@2USUniquePointer@core@3@A@@YAXXZ 10019ce0 f    CIL library: CIL module
 0001:00018cf0       ??__F?s_id@?$TObjectUniqueID@UISystem@base@UModSys@@@tl@UModSys@@2USUniquePointer@core@3@A@@YAXXZ 10019cf0 f    CIL library: CIL module
 0001:00018d00       ??__F?s_id@?$TObjectUniqueID@UIConsole@base@UModSys@@@tl@UModSys@@2USUniquePointer@core@3@A@@YAXXZ 10019d00 f    CIL library: CIL module
 0001:00018d10       ??__F?s_id@?$TObjectUniqueID@UIShell@base@UModSys@@@tl@UModSys@@2USUniquePointer@core@3@A@@YAXXZ 10019d10 f    CIL library: CIL module
 0001:00018d20       ??__F?s_id@?$TObjectUniqueID@UIGenerator@base@UModSys@@@tl@UModSys@@2USUniquePointer@core@3@A@@YAXXZ 10019d20 f    CIL library: CIL module
 0001:00018d30       ??__F?s_id@?$TObjectUniqueID@UIModObject@base@UModSys@@@tl@UModSys@@2USUniquePointer@core@3@A@@YAXXZ 10019d30 f    CIL library: CIL module
 0001:00018d40       ??__F?s_id@?$TObjectUniqueID@UIModuleLibrary@base@UModSys@@@tl@UModSys@@2USUniquePointer@core@3@A@@YAXXZ 10019d40 f    CIL library: CIL module
 0001:00018d50       ??__F?s_id@?$TObjectUniqueID@UIModule@base@UModSys@@@tl@UModSys@@2USUniquePointer@core@3@A@@YAXXZ 10019d50 f    CIL library: CIL module
 0001:00018d60       ??__F?s_id@?$TObjectUniqueID@UIParameters@core@UModSys@@@tl@UModSys@@2USUniquePointer@core@3@A@@YAXXZ 10019d60 f    CIL library: CIL module
 0001:00018d70       ??__F?s_id@?$TObjectUniqueID@UIRefObject@core@UModSys@@@tl@UModSys@@2USUniquePointer@core@3@A@@YAXXZ 10019d70 f    CIL library: CIL module
 0001:00018d80       ??__F?s_id@?$TObjectUniqueID@UIRoot@core@UModSys@@@tl@UModSys@@2USUniquePointer@core@3@A@@YAXXZ 10019d80 f    CIL library: CIL module
 0001:00018d90       ??__F?s_modreg@RModuleReg@stdlib@lib2d@modules@UModSys@@2U12345@A@@YAXXZ 10019d90 f    CIL library: CIL module
 0001:00018db0       ??__F?s_modreg_chain@RModuleReg@stdlib@lib2d@modules@UModSys@@2USModuleRegChain@base@5@A@@YAXXZ 10019db0 f    CIL library: CIL module
 0001:00018dc0       ??__F?s_uid@RGenerator@stdlib@lib2d@modules@UModSys@@2USUniquePointer@core@5@A@@YAXXZ 10019dc0 f    CIL library: CIL module
 0001:00018dd0       ??__Fh@?1??s_holder@RGenerator@stdlib@lib2d@modules@UModSys@@SAAAU?$TTypeStaticHolder@URGenerator@stdlib@lib2d@modules@UModSys@@@tl@5@XZ@YAXXZ 10019dd0 f    CIL library: CIL module
 0001:00018df0       ??__F?s_id@?$TObjectUniqueID@URGenerator@stdlib@lib2d@modules@UModSys@@@tl@UModSys@@2USUniquePointer@core@3@A@@YAXXZ 10019df0 f    CIL library: CIL module
 0001:00018e00       ??__F?s_id@?$TObjectUniqueID@URImage_Memory@stdlib@lib2d@modules@UModSys@@@tl@UModSys@@2USUniquePointer@core@3@A@@YAXXZ 10019e00 f    CIL library: CIL module
 0001:00018e10       ??__F?s_modreg@RModuleReg@SDL_core@ui@modules@UModSys@@2U12345@A@@YAXXZ 10019e10 f    CIL library: CIL module
 0001:00018e30       ??__F?s_modreg_chain@RModuleReg@SDL_core@ui@modules@UModSys@@2USModuleRegChain@base@5@A@@YAXXZ 10019e30 f    CIL library: CIL module
 0001:00018e40       ??__F?s_uid@RGenerator@SDL_core@ui@modules@UModSys@@2USUniquePointer@core@5@A@@YAXXZ 10019e40 f    CIL library: CIL module
 0001:00018e50       ??__Fh@?1??s_holder@RGenerator@SDL_core@ui@modules@UModSys@@SAAAU?$TTypeStaticHolder@URGenerator@SDL_core@ui@modules@UModSys@@@tl@5@XZ@YAXXZ 10019e50 f    CIL library: CIL module
 0001:00018e70       ??__F?s_id@?$TObjectUniqueID@URGenerator@SDL_core@ui@modules@UModSys@@@tl@UModSys@@2USUniquePointer@core@3@A@@YAXXZ 10019e70 f    CIL library: CIL module
 0001:00018e80       ??__F?s_id@?$TObjectUniqueID@URTerminal@SDL_core@ui@modules@UModSys@@@tl@UModSys@@2USUniquePointer@core@3@A@@YAXXZ 10019e80 f    CIL library: CIL module
 0001:00018e90       ??__F?s_id@?$TObjectUniqueID@URKeyboardController@SDL_core@ui@modules@UModSys@@@tl@UModSys@@2USUniquePointer@core@3@A@@YAXXZ 10019e90 f    CIL library: CIL module
 0001:00018ea0       ??__F?s_id@?$TObjectUniqueID@URMouseController@SDL_core@ui@modules@UModSys@@@tl@UModSys@@2USUniquePointer@core@3@A@@YAXXZ 10019ea0 f    CIL library: CIL module
 0001:00018eb0       ??__F?s_id@?$TObjectUniqueID@URRenderDriver2D@SDL_core@ui@modules@UModSys@@@tl@UModSys@@2USUniquePointer@core@3@A@@YAXXZ 10019eb0 f    CIL library: CIL module
 0001:00018ec0       ??__F?s_id@?$TObjectUniqueID@URMultiImage2D_SDL_ttf@SDL_core@ui@modules@UModSys@@@tl@UModSys@@2USUniquePointer@core@3@A@@YAXXZ 10019ec0 f    CIL library: CIL module
 0001:00018ed0       ??__F?s_modreg@RModuleReg@frames@ui@modules@UModSys@@2U12345@A@@YAXXZ 10019ed0 f    CIL library: CIL module
 0001:00018ef0       ??__F?s_modreg_chain@RModuleReg@frames@ui@modules@UModSys@@2USModuleRegChain@base@5@A@@YAXXZ 10019ef0 f    CIL library: CIL module
 0001:00018f00       ??__F?s_uid@RGenerator@frames@ui@modules@UModSys@@2USUniquePointer@core@5@A@@YAXXZ 10019f00 f    CIL library: CIL module
 0001:00018f10       ??__Fh@?1??s_holder@RGenerator@frames@ui@modules@UModSys@@SAAAU?$TTypeStaticHolder@URGenerator@frames@ui@modules@UModSys@@@tl@5@XZ@YAXXZ 10019f10 f    CIL library: CIL module
 0001:00018f30       ??__F?s_id@?$TObjectUniqueID@URGenerator@frames@ui@modules@UModSys@@@tl@UModSys@@2USUniquePointer@core@3@A@@YAXXZ 10019f30 f    CIL library: CIL module
 0001:00018f40       ??__F?s_id@?$TObjectUniqueID@URCollector@frames@ui@modules@UModSys@@@tl@UModSys@@2USUniquePointer@core@3@A@@YAXXZ 10019f40 f    CIL library: CIL module
 0001:00018f50       ??__F?s_id@?$TObjectUniqueID@URFrame_List@frames@ui@modules@UModSys@@@tl@UModSys@@2USUniquePointer@core@3@A@@YAXXZ 10019f50 f    CIL library: CIL module
 0001:00018f60       ??__F?s_id@?$TObjectUniqueID@URFrame_Edit@frames@ui@modules@UModSys@@@tl@UModSys@@2USUniquePointer@core@3@A@@YAXXZ 10019f60 f    CIL library: CIL module
 0001:00018f70       ??__F?s_id@?$TObjectUniqueID@URFrame_Button@frames@ui@modules@UModSys@@@tl@UModSys@@2USUniquePointer@core@3@A@@YAXXZ 10019f70 f    CIL library: CIL module
 0001:00018f80       ??__F?s_id@?$TObjectUniqueID@URFrame_Text@frames@ui@modules@UModSys@@@tl@UModSys@@2USUniquePointer@core@3@A@@YAXXZ 10019f80 f    CIL library: CIL module
 0001:00018f90       ??__F?s_id@?$TObjectUniqueID@URFrame_Image@frames@ui@modules@UModSys@@@tl@UModSys@@2USUniquePointer@core@3@A@@YAXXZ 10019f90 f    CIL library: CIL module
 0001:00018fa0       ??__F?s_id@?$TObjectUniqueID@URFrame_Frame@frames@ui@modules@UModSys@@@tl@UModSys@@2USUniquePointer@core@3@A@@YAXXZ 10019fa0 f    CIL library: CIL module
 0001:00018fb0       ??__F?s_id@?$TObjectUniqueID@URDialog@frames@ui@modules@UModSys@@@tl@UModSys@@2USUniquePointer@core@3@A@@YAXXZ 10019fb0 f    CIL library: CIL module
 0001:00018fc0       ??__F?s_id@?$TObjectUniqueID@URFrame_Common@frames@ui@modules@UModSys@@@tl@UModSys@@2USUniquePointer@core@3@A@@YAXXZ 10019fc0 f    CIL library: CIL module
 0001:00018fd0       ??__F?s_modreg@RModuleReg@images_std@media@modules@UModSys@@2U12345@A@@YAXXZ 10019fd0 f    CIL library: CIL module
 0001:00018ff0       ??__F?s_modreg_chain@RModuleReg@images_std@media@modules@UModSys@@2USModuleRegChain@base@5@A@@YAXXZ 10019ff0 f    CIL library: CIL module
 0001:00019000       ??__F?s_uid@RGenerator@images_std@media@modules@UModSys@@2USUniquePointer@core@5@A@@YAXXZ 1001a000 f    CIL library: CIL module
 0001:00019010       ??__Fh@?1??s_holder@RGenerator@images_std@media@modules@UModSys@@SAAAU?$TTypeStaticHolder@URGenerator@images_std@media@modules@UModSys@@@tl@5@XZ@YAXXZ 1001a010 f    CIL library: CIL module
 0001:00019030       ??__F?s_id@?$TObjectUniqueID@URGenerator@images_std@media@modules@UModSys@@@tl@UModSys@@2USUniquePointer@core@3@A@@YAXXZ 1001a030 f    CIL library: CIL module
 0001:00019040       ??__F?s_id@?$TObjectUniqueID@URMediaFilter@images_std@media@modules@UModSys@@@tl@UModSys@@2USUniquePointer@core@3@A@@YAXXZ 1001a040 f    CIL library: CIL module
 0001:00019050       ??__F?s_modreg@RModuleReg@serialize_json@media@modules@UModSys@@2U12345@A@@YAXXZ 1001a050 f    CIL library: CIL module
 0001:00019070       ??__F?s_modreg_chain@RModuleReg@serialize_json@media@modules@UModSys@@2USModuleRegChain@base@5@A@@YAXXZ 1001a070 f    CIL library: CIL module
 0001:00019080       ??__F?s_uid@RGenerator@serialize_json@media@modules@UModSys@@2USUniquePointer@core@5@A@@YAXXZ 1001a080 f    CIL library: CIL module
 0001:00019090       ??__Fh@?1??s_holder@RGenerator@serialize_json@media@modules@UModSys@@SAAAU?$TTypeStaticHolder@URGenerator@serialize_json@media@modules@UModSys@@@tl@5@XZ@YAXXZ 1001a090 f    CIL library: CIL module
 0001:000190b0       ??__F?s_id@?$TObjectUniqueID@URGenerator@serialize_json@media@modules@UModSys@@@tl@UModSys@@2USUniquePointer@core@3@A@@YAXXZ 1001a0b0 f    CIL library: CIL module
 0001:000190c0       ??__F?s_id@?$TObjectUniqueID@URSerializeWriter@serialize_json@media@modules@UModSys@@@tl@UModSys@@2USUniquePointer@core@3@A@@YAXXZ 1001a0c0 f    CIL library: CIL module
 0001:000190d0       ??__F?s_id@?$TObjectUniqueID@URSerializeReader@serialize_json@media@modules@UModSys@@@tl@UModSys@@2USUniquePointer@core@3@A@@YAXXZ 1001a0d0 f    CIL library: CIL module
 0001:000190e0       ??__FM@UModSys@@YAXXZ      1001a0e0 f    CIL library: CIL module
 0001:000190f0       ??__F?root@SModuleRegChain@base@UModSys@@2U123@A@@YAXXZ 1001a0f0 f    CIL library: CIL module
 0001:00019100       ??__F?s_library@RModuleLibraryReg_Chain@base@UModSys@@2U123@A@@YAXXZ 1001a100 f    CIL library: CIL module
 0001:00019110       ??__F?root@SUniquePointer@core@UModSys@@2U123@A@@YAXXZ 1001a110 f    CIL library: CIL module

 Exports

  ordinal    name

        1    _UModSys_Plugin_Entry2@0
