 plugin_test1

 Timestamp is 52d7facf (Thu Jan 16 18:29:19 2014)

 Preferred load address is 10000000

 Start         Length     Name                   Class
 0001:00000000 0002bc3aH .text                   CODE
 0001:0002bc40 00000a98H .text$x                 CODE
 0001:0002c6e0 00001751H .text$yc                CODE
 0001:0002de40 0000095aH .text$yd                CODE
 0002:00000000 0000020cH .idata$5                DATA
 0002:0000020c 00000004H .CRT$XCA                DATA
 0002:00000210 00000fa8H .CRT$XCU                DATA
 0002:000011b8 00000004H .CRT$XCZ                DATA
 0002:000011bc 00000004H .CRT$XIA                DATA
 0002:000011c0 00000004H .CRT$XIAA               DATA
 0002:000011c4 00000004H .CRT$XIC                DATA
 0002:000011c8 00000004H .CRT$XIZ                DATA
 0002:000011d0 0000c948H .rdata                  DATA
 0002:0000db18 00001c9cH .rdata$r                DATA
 0002:0000f7c0 00000138H .rdata$sxdata           DATA
 0002:0000f8f8 00000004H .rtc$IAA                DATA
 0002:0000f8fc 00000004H .rtc$IZZ                DATA
 0002:0000f900 00000004H .rtc$TAA                DATA
 0002:0000f904 00000004H .rtc$TZZ                DATA
 0002:0000f908 000010ecH .xdata$x                DATA
 0002:000109f4 00000078H .idata$2                DATA
 0002:00010a6c 00000014H .idata$3                DATA
 0002:00010a80 0000020cH .idata$4                DATA
 0002:00010c8c 00000980H .idata$6                DATA
 0002:00011610 0000005cH .edata                  DATA
 0003:00000000 00001180H .data                   DATA
 0003:00001180 00001898H .bss                    DATA

  Address         Publics by Value              Rva+Base       Lib:Object

 0000:00000000       __except_list              00000000     <absolute>
 0000:0000004e       ___safe_se_handler_count   0000004e     <absolute>
 0000:00009876       __ldused                   00009876     <absolute>
 0000:00009876       __fltused                  00009876     <absolute>
 0000:00000000       ___ImageBase               10000000     <linker-defined>
 0001:00000000       ??1SMemShared@core@UModSys@@QAE@XZ 10001000 f i plugin_test1.obj
 0001:00000000       ??1State@RImage_Memory@stdlib@lib2d@modules@UModSys@@QAE@XZ 10001000 f i umodsys_lib_lib2d:umodsys.mod.2d.stdlib.obj
 0001:00000000       ??1SCMemShared@core@UModSys@@QAE@XZ 10001000 f i plugin_test1.obj
 0001:00000020       ??4SCMemShared@core@UModSys@@QAEABU012@ABUSMemShared@12@@Z 10001020 f i plugin_test1.obj
 0001:00000050       ??3IRoot@core@UModSys@@SAXPAXABUSIMemAlloc@12@@Z 10001050 f i plugin_test1.obj
 0001:00000060       ??$seq@D@su@tl@UModSys@@YA_NPBD0@Z 10001060 f i plugin_test1.obj
 0001:000000a0       ?add@SParameters@core@UModSys@@QAE_NPBDH@Z 100010a0 f i plugin_test1.obj
 0001:000000d0       ?add@SParameters@core@UModSys@@QAE_NPBD_N@Z 100010d0 f i plugin_test1.obj
 0001:000000f0       ?s@SFrameDataOut@libui@UModSys@@QBEXQBD@Z 100010f0 f i plugin_test1.obj
 0001:00000130       ?set_info@IImage@lib2d@UModSys@@QAE_NW4eImageType@23@HHPBD@Z 10001130 f i plugin_test1.obj
 0001:00000160       ??_EIRoot@core@UModSys@@UAEPAXI@Z 10001160 f i  CIL library: CIL module
 0001:00000160       ??_GIRoot@core@UModSys@@UAEPAXI@Z 10001160 f i plugin_test1.obj
 0001:00000180       ??1IBinObjFilter@libmedia@UModSys@@UAE@XZ 10001180 f i plugin_test1.obj
 0001:000001d0       ?root_get_interface_info@RTest1_Shell@test1@test@modules@UModSys@@UBEABUSUniquePointerInfo@core@5@XZ 100011d0 f i plugin_test1.obj
 0001:000001e0       ?root_get_interface_type@RTest1_Shell@test1@test@modules@UModSys@@UBEPBUSUniquePointerInfo@core@5@XZ 100011e0 f i plugin_test1.obj
 0001:000001f0       ?root_get_other_interface@RTest1_Shell@test1@test@modules@UModSys@@UBEPBUIRoot@core@5@PBUSUniquePointerInfo@75@@Z 100011f0 f i plugin_test1.obj
 0001:000001f0       ?root_get_other_interface@RTest1_Shell@test1@test@modules@UModSys@@UAEPAUIRoot@core@5@PBUSUniquePointerInfo@75@@Z 100011f0 f i plugin_test1.obj
 0001:00000220       ?root_is_interface_supported@RTest1_Shell@test1@test@modules@UModSys@@UBE_NPBUSUniquePointerInfo@core@5@@Z 10001220 f i plugin_test1.obj
 0001:00000260       ?ref_add@RTest1_Shell@test1@test@modules@UModSys@@UBEXXZ 10001260 f i plugin_test1.obj
 0001:00000270       ?ref_remove@RTest1_Shell@test1@test@modules@UModSys@@UBEXXZ 10001270 f i plugin_test1.obj
 0001:00000280       ?ref_links@RTest1_Shell@test1@test@modules@UModSys@@UBEHXZ 10001280 f i plugin_test1.obj
 0001:00000290       ?ref_weak@RTest1_Shell@test1@test@modules@UModSys@@UBE_NAAUWeakPointer@IRefObject@core@5@@Z 10001290 f i plugin_test1.obj
 0001:000002b0       ?suicide@RTest1_Shell@test1@test@modules@UModSys@@UAEXXZ 100012b0 f i plugin_test1.obj
 0001:000002c0       ??0RTest1_Shell@test1@test@modules@UModSys@@QAE@PAUIModObject@base@4@@Z 100012c0 f i plugin_test1.obj
 0001:00000410       ??1RTest1_Shell@test1@test@modules@UModSys@@UAE@XZ 10001410 f i plugin_test1.obj
 0001:000004c0       ?connect@RTest1_Shell@test1@test@modules@UModSys@@UAE_NXZ 100014c0 f i plugin_test1.obj
 0001:000004e0       ?disconnect@RTest1_Shell@test1@test@modules@UModSys@@UAE_NXZ 100014e0 f i plugin_test1.obj
 0001:00000500       ?process_tick@RTest1_Shell@test1@test@modules@UModSys@@UAE_NABUSTimeMsec@core@5@@Z 10001500 f i plugin_test1.obj
 0001:00000530       ?process_command@RTest1_Shell@test1@test@modules@UModSys@@UAE_NHQBU?$TString@U?$TSCoreConst@D@su@tl@UModSys@@U?$TComparerBinaryHash@D@234@@tl@5@@Z 10001530 f i plugin_test1.obj
 0001:00000550       ??_GRTest1_Shell@test1@test@modules@UModSys@@UAEPAXI@Z 10001550 f i plugin_test1.obj
 0001:00000550       ??_ERTest1_Shell@test1@test@modules@UModSys@@UAEPAXI@Z 10001550 f i  CIL library: CIL module
 0001:00000570       ??1SFrameCreateParameters@libui@UModSys@@QAE@XZ 10001570 f i plugin_test1.obj
 0001:00000590       ?get_generated_names@RGenerator@test1@test@modules@UModSys@@UBEHAAUSUniquePtrList@core@5@@Z 10001590 f i plugin_test1.obj
 0001:000005b0       ?get_generated_types@RGenerator@test1@test@modules@UModSys@@UBEHAAUSUniquePtrList@core@5@PBUSUniquePointerInfo@75@@Z 100015b0 f i plugin_test1.obj
 0001:00000600       ?generate@RGenerator@test1@test@modules@UModSys@@UAE_NAAU?$TRefObject@UIRefObject@core@UModSys@@U?$TRefObjectFunc@UIRefObject@core@UModSys@@@tl@3@@tl@5@PBUSUniquePointerInfo@core@5@ABUSParameters@95@@Z 10001600 f i plugin_test1.obj
 0001:000006c0       ?root_get_interface_info@RGenerator@test1@test@modules@UModSys@@UBEABUSUniquePointerInfo@core@5@XZ 100016c0 f i plugin_test1.obj
 0001:000006d0       ?root_get_interface_type@RGenerator@test1@test@modules@UModSys@@UBEPBUSUniquePointerInfo@core@5@XZ 100016d0 f i plugin_test1.obj
 0001:000006e0       ?root_get_other_interface@RGenerator@test1@test@modules@UModSys@@UAEPAUIRoot@core@5@PBUSUniquePointerInfo@75@@Z 100016e0 f i plugin_test1.obj
 0001:000006e0       ?root_get_other_interface@RGenerator@test1@test@modules@UModSys@@UBEPBUIRoot@core@5@PBUSUniquePointerInfo@75@@Z 100016e0 f i plugin_test1.obj
 0001:00000720       ?root_is_interface_supported@RGenerator@test1@test@modules@UModSys@@UBE_NPBUSUniquePointerInfo@core@5@@Z 10001720 f i plugin_test1.obj
 0001:00000760       ?get_uid@RGenerator@test1@test@modules@UModSys@@UBEPBUSUniquePointerInfo@core@5@XZ 10001760 f i plugin_test1.obj
 0001:00000770       ?do_open@RModuleReg@test1@test@modules@UModSys@@UAE_NXZ 10001770 f i plugin_test1.obj
 0001:000007a0       ?do_close@RModuleReg@test1@test@modules@UModSys@@UAE_NXZ 100017a0 f i plugin_test1.obj
 0001:000007d0       ??_ERModuleReg@test1@test@modules@UModSys@@UAEPAXI@Z 100017d0 f i  CIL library: CIL module
 0001:000007d0       ??_GRModuleReg@test1@test@modules@UModSys@@UAEPAXI@Z 100017d0 f i plugin_test1.obj
 0001:00000800       ??0?$TString@U?$TSCoreConst@D@su@tl@UModSys@@U?$TComparerBinaryHash@D@234@@tl@UModSys@@QAE@PBD@Z 10001800 f i plugin_test1.obj
 0001:00000850       ??8?$TString@U?$TSCoreConst@D@su@tl@UModSys@@U?$TComparerBinaryHash@D@234@@tl@UModSys@@QBE_NPBD@Z 10001850 f i plugin_test1.obj
 0001:00000880       ??4?$TString@U?$TSCoreConst@D@su@tl@UModSys@@U?$TComparerBinaryHash@D@234@@tl@UModSys@@QAEABU012@PBD@Z 10001880 f i plugin_test1.obj
 0001:000008c0       ??4?$TString@U?$TSCoreShared@USIMemAlloc@core@UModSys@@D@su@tl@UModSys@@U?$TComparerBinaryHash@D@234@@tl@UModSys@@QAEABU012@ABU012@@Z 100018c0 f i plugin_test1.obj
 0001:000008f0       ??4?$TRefObject@URFrame_Common@frames@ui@modules@UModSys@@U?$TRefObjectFunc@URFrame_Common@frames@ui@modules@UModSys@@@tl@5@@tl@UModSys@@QAEABU012@PAURFrame_Common@frames@ui@modules@2@@Z 100018f0 f i umodsys_lib_libui:umodsys.mod.ui.frames.obj
 0001:000008f0       ??4?$TRefObject@UIRefObject@core@UModSys@@U?$TRefObjectFunc@UIRefObject@core@UModSys@@@tl@3@@tl@UModSys@@QAEABU012@PAUIRefObject@core@2@@Z 100018f0 f i plugin_test1.obj
 0001:00000910       ??0?$TParametersA@$0EAA@@core@UModSys@@QAE@XZ 10001910 f i plugin_test1.obj
 0001:00000940       ?info_release@?$TSCoreShared@USIMemAlloc@core@UModSys@@D@su@tl@UModSys@@QAEXXZ 10001940 f i plugin_test1.obj
 0001:000009c0       ?info_new@?$TSCoreShared@USIMemAlloc@core@UModSys@@D@su@tl@UModSys@@QAE_NPBDI@Z 100019c0 f i plugin_test1.obj
 0001:00000a70       ?get_null@?$TSCoreShared@USIMemAlloc@core@UModSys@@D@su@tl@UModSys@@SAPAU?$TSharedStringInfo@DUSIMemAlloc@core@UModSys@@@234@XZ 10001a70 f i plugin_test1.obj
 0001:00000ab0       ?obj_delete@?$TRefObjectLinksModObject@URImageFactory_Memory@stdlib@lib2d@modules@UModSys@@UIModObject@base@5@@tl@UModSys@@QBEXPAURImageFactory_Memory@stdlib@lib2d@modules@3@@Z 10001ab0 f i umodsys_lib_lib2d:umodsys.mod.2d.stdlib.obj
 0001:00000ab0       ?obj_delete@?$TRefObjectLinksModObject@URSerializeWriter@serialize_json@media@modules@UModSys@@UIModObject@base@5@@tl@UModSys@@QBEXPAURSerializeWriter@serialize_json@media@modules@3@@Z 10001ab0 f i umodsys_lib_libmedia:umodsys.mod.media.serialize_json.obj
 0001:00000ab0       ?obj_delete@?$TRefObjectLinksModObject@URBinArchiveFrameClient_ZIP@zlib@media@modules@UModSys@@UIModObject@base@5@@tl@UModSys@@QBEXPAURBinArchiveFrameClient_ZIP@zlib@media@modules@3@@Z 10001ab0 f i umodsys_lib_libmedia:umodsys.mod.media.zlib.obj
 0001:00000ab0       ?obj_delete@?$TRefObjectLinksModObject@URMediaFilter@images_std@media@modules@UModSys@@UIModObject@base@5@@tl@UModSys@@QBEXPAURMediaFilter@images_std@media@modules@3@@Z 10001ab0 f i umodsys_lib_libmedia:umodsys.mod.media.images_std.obj
 0001:00000ab0       ?obj_delete@?$TRefObjectLinksModObject@URImage_Memory@stdlib@lib2d@modules@UModSys@@UIModObject@base@5@@tl@UModSys@@QBEXPAURImage_Memory@stdlib@lib2d@modules@3@@Z 10001ab0 f i umodsys_lib_lib2d:umodsys.mod.2d.stdlib.obj
 0001:00000ab0       ?obj_delete@?$TRefObjectLinksModObject@URTest1_Shell@test1@test@modules@UModSys@@UIModObject@base@5@@tl@UModSys@@QBEXPAURTest1_Shell@test1@test@modules@3@@Z 10001ab0 f i plugin_test1.obj
 0001:00000ab0       ?obj_delete@?$TRefObjectLinksModObject@URMultiImage@stdlib@lib2d@modules@UModSys@@UIModObject@base@5@@tl@UModSys@@QBEXPAURMultiImage@stdlib@lib2d@modules@3@@Z 10001ab0 f i umodsys_lib_lib2d:umodsys.mod.2d.stdlib.obj
 0001:00000ab0       ?obj_delete@?$TRefObjectLinksModObject@URTerminal@SDL_GL@ui@modules@UModSys@@UIModObject@base@5@@tl@UModSys@@QBEXPAURTerminal@SDL_GL@ui@modules@3@@Z 10001ab0 f i umodsys_lib_libui:umodsys.mod.ui.SDL_GL.obj
 0001:00000ab0       ?obj_delete@?$TRefObjectLinksModObject@URCollector@frames@ui@modules@UModSys@@UIModObject@base@5@@tl@UModSys@@QBEXPAURCollector@frames@ui@modules@3@@Z 10001ab0 f i umodsys_lib_libui:umodsys.mod.ui.frames.obj
 0001:00000ab0       ?obj_delete@?$TRefObjectLinksModObject@URSerializeReader@serialize_json@media@modules@UModSys@@UIModObject@base@5@@tl@UModSys@@QBEXPAURSerializeReader@serialize_json@media@modules@3@@Z 10001ab0 f i umodsys_lib_libmedia:umodsys.mod.media.serialize_json.obj
 0001:00000ab0       ?obj_delete@?$TRefObjectLinksModObject@URTerminal@SDL_core@ui@modules@UModSys@@UIModObject@base@5@@tl@UModSys@@QBEXPAURTerminal@SDL_core@ui@modules@3@@Z 10001ab0 f i umodsys_lib_libui:umodsys.mod.ui.SDL_core.obj
 0001:00000b20       ??$generate_type@UIMultiImage@lib2d@UModSys@@@RTest1_Shell@test1@test@modules@UModSys@@QAE?AU?$TRefObject@UIMultiImage@lib2d@UModSys@@U?$TRefObjectFunc@UIMultiImage@lib2d@UModSys@@@tl@3@@tl@4@ABU?$TString@U?$TSCoreConst@D@su@tl@UModSys@@U?$TComparerBinaryHash@D@234@@64@ABUSParameters@core@4@PBD@Z 10001b20 f i plugin_test1.obj
 0001:00000c70       ??$generate_type@UICollector@libui@UModSys@@@RTest1_Shell@test1@test@modules@UModSys@@QAE?AU?$TRefObject@UICollector@libui@UModSys@@U?$TRefObjectFunc@UICollector@libui@UModSys@@@tl@3@@tl@4@ABU?$TString@U?$TSCoreConst@D@su@tl@UModSys@@U?$TComparerBinaryHash@D@234@@64@ABUSParameters@core@4@PBD@Z 10001c70 f i plugin_test1.obj
 0001:00000dc0       ??$generate_type@UITerminal@libui@UModSys@@@RTest1_Shell@test1@test@modules@UModSys@@QAE?AU?$TRefObject@UITerminal@libui@UModSys@@U?$TRefObjectFunc@UITerminal@libui@UModSys@@@tl@3@@tl@4@ABU?$TString@U?$TSCoreConst@D@su@tl@UModSys@@U?$TComparerBinaryHash@D@234@@64@ABUSParameters@core@4@PBD@Z 10001dc0 f i plugin_test1.obj
 0001:00000f10       ??$t_create_handler@UIRenderDriver@lib2d@UModSys@@@ITerminal@libui@UModSys@@QAE_NAAU?$TRefObject@UIRenderDriver@lib2d@UModSys@@U?$TRefObjectFunc@UIRenderDriver@lib2d@UModSys@@@tl@3@@tl@2@PBDPBUSParameters@core@2@@Z 10001f10 f i plugin_test1.obj
 0001:00000fc0       ??$t_create_handler@UIKeyboardController@libui@UModSys@@@ITerminal@libui@UModSys@@QAE_NAAU?$TRefObject@UIKeyboardController@libui@UModSys@@U?$TRefObjectFunc@UIKeyboardController@libui@UModSys@@@tl@3@@tl@2@PBDPBUSParameters@core@2@@Z 10001fc0 f i plugin_test1.obj
 0001:00001070       ??$t_create_handler@UIMouseController@libui@UModSys@@@ITerminal@libui@UModSys@@QAE_NAAU?$TRefObject@UIMouseController@libui@UModSys@@U?$TRefObjectFunc@UIMouseController@libui@UModSys@@@tl@3@@tl@2@PBDPBUSParameters@core@2@@Z 10002070 f i plugin_test1.obj
 0001:00001120       ??$shash@D@su@tl@UModSys@@YAIPBDI@Z 10002120 f i plugin_test1.obj
 0001:00001160       ??1?$TRefObject@UIModObject@base@UModSys@@U?$TModObjectFunc@UIModObject@base@UModSys@@@tl@3@@tl@UModSys@@QAE@XZ 10002160 f i plugin_test1.obj
 0001:00001180       ??$t_ref_get_other_interface@UIStreamReader@libmedia@UModSys@@U?$TRefObjectFunc@UIStreamReader@libmedia@UModSys@@@tl@3@@IRefObject@core@UModSys@@QAE_NAAU?$TRefObject@UIStreamReader@libmedia@UModSys@@U?$TRefObjectFunc@UIStreamReader@libmedia@UModSys@@@tl@3@@tl@2@@Z 10002180 f i plugin_test1.obj
 0001:000011c0       ??$t_ref_get_other_interface@UIStreamWriter@libmedia@UModSys@@U?$TRefObjectFunc@UIStreamWriter@libmedia@UModSys@@@tl@3@@IRefObject@core@UModSys@@QAE_NAAU?$TRefObject@UIStreamWriter@libmedia@UModSys@@U?$TRefObjectFunc@UIStreamWriter@libmedia@UModSys@@@tl@3@@tl@2@@Z 100021c0 f i plugin_test1.obj
 0001:00001200       ??$t_generate@UIMultiImage@lib2d@UModSys@@@SModuleContext@base@UModSys@@QAE_NAAU?$TRefObject@UIMultiImage@lib2d@UModSys@@U?$TRefObjectFunc@UIMultiImage@lib2d@UModSys@@@tl@3@@tl@2@PBUSUniquePointerInfo@core@2@ABUSParameters@62@@Z 10002200 f i plugin_test1.obj
 0001:000012b0       ??$t_generate@UICollector@libui@UModSys@@@SModuleContext@base@UModSys@@QAE_NAAU?$TRefObject@UICollector@libui@UModSys@@U?$TRefObjectFunc@UICollector@libui@UModSys@@@tl@3@@tl@2@PBUSUniquePointerInfo@core@2@ABUSParameters@62@@Z 100022b0 f i plugin_test1.obj
 0001:00001360       ??$t_generate@UITerminal@libui@UModSys@@@SModuleContext@base@UModSys@@QAE_NAAU?$TRefObject@UITerminal@libui@UModSys@@U?$TRefObjectFunc@UITerminal@libui@UModSys@@@tl@3@@tl@2@PBUSUniquePointerInfo@core@2@ABUSParameters@62@@Z 10002360 f i plugin_test1.obj
 0001:00001410       ??$t_ref_get_other_interface@UIImage@lib2d@UModSys@@U?$TRefObjectFunc@UIImage@lib2d@UModSys@@@tl@3@@IRefObject@core@UModSys@@QAE_NAAU?$TRefObject@UIImage@lib2d@UModSys@@U?$TRefObjectFunc@UIImage@lib2d@UModSys@@@tl@3@@tl@2@@Z 10002410 f i plugin_test1.obj
 0001:00001450       ??$t_ref_get_other_interface@UIImageFactory@lib2d@UModSys@@U?$TRefObjectFunc@UIImageFactory@lib2d@UModSys@@@tl@3@@IRefObject@core@UModSys@@QAE_NAAU?$TRefObject@UIImageFactory@lib2d@UModSys@@U?$TRefObjectFunc@UIImageFactory@lib2d@UModSys@@@tl@3@@tl@2@@Z 10002450 f i plugin_test1.obj
 0001:00001490       ??$t_ref_get_other_interface@UIMultiImage@lib2d@UModSys@@U?$TRefObjectFunc@UIMultiImage@lib2d@UModSys@@@tl@3@@IRefObject@core@UModSys@@QAE_NAAU?$TRefObject@UIMultiImage@lib2d@UModSys@@U?$TRefObjectFunc@UIMultiImage@lib2d@UModSys@@@tl@3@@tl@2@@Z 10002490 f i plugin_test1.obj
 0001:000014d0       ??$t_ref_get_other_interface@UICollector@libui@UModSys@@U?$TRefObjectFunc@UICollector@libui@UModSys@@@tl@3@@IRefObject@core@UModSys@@QAE_NAAU?$TRefObject@UICollector@libui@UModSys@@U?$TRefObjectFunc@UICollector@libui@UModSys@@@tl@3@@tl@2@@Z 100024d0 f i plugin_test1.obj
 0001:00001510       ??$t_ref_get_other_interface@UITerminal@libui@UModSys@@U?$TRefObjectFunc@UITerminal@libui@UModSys@@@tl@3@@IRefObject@core@UModSys@@QAE_NAAU?$TRefObject@UITerminal@libui@UModSys@@U?$TRefObjectFunc@UITerminal@libui@UModSys@@@tl@3@@tl@2@@Z 10002510 f i plugin_test1.obj
 0001:00001550       ?alloc@SMemShared@core@UModSys@@QAE_NIPAUSSourceContext@23@@Z 10002550 f i umodsys_lib_lib2d:umodsys.mod.2d.stdlib.obj
 0001:00001590       ?ConvertSameSize@stdlib@lib2d@modules@UModSys@@YA_NW4eImageType@24@ABU?$TVector2@H@math3d@4@11ABUSMem@core@4@11ABUSCMem@94@@Z 10002590 f i umodsys_lib_lib2d:umodsys.mod.2d.stdlib.obj
 0001:00001620       ?ConvertSame@stdlib@lib2d@modules@UModSys@@YA_NW4eImageType@24@ABU?$TBoundBox2@H@math3d@4@ABU?$TVector2@H@74@ABUSMem@core@4@12ABUSCMem@core@4@@Z 10002620 f i umodsys_lib_lib2d:umodsys.mod.2d.stdlib.obj
 0001:000016a0       ?Convert@stdlib@lib2d@modules@UModSys@@YA_NABU?$TBoundBox2@H@math3d@4@ABUSImageInfo@24@ABUSMem@core@4@01ABUSCMem@94@@Z 100026a0 f i umodsys_lib_lib2d:umodsys.mod.2d.stdlib.obj
 0001:00001710       ?root_get_interface_info@RImage_Memory@stdlib@lib2d@modules@UModSys@@UBEABUSUniquePointerInfo@core@5@XZ 10002710 f i umodsys_lib_lib2d:umodsys.mod.2d.stdlib.obj
 0001:00001720       ?root_get_interface_type@RImage_Memory@stdlib@lib2d@modules@UModSys@@UBEPBUSUniquePointerInfo@core@5@XZ 10002720 f i umodsys_lib_lib2d:umodsys.mod.2d.stdlib.obj
 0001:00001730       ?root_get_other_interface@RImage_Memory@stdlib@lib2d@modules@UModSys@@UBEPBUIRoot@core@5@PBUSUniquePointerInfo@75@@Z 10002730 f i umodsys_lib_lib2d:umodsys.mod.2d.stdlib.obj
 0001:00001730       ?root_get_other_interface@RImage_Memory@stdlib@lib2d@modules@UModSys@@UAEPAUIRoot@core@5@PBUSUniquePointerInfo@75@@Z 10002730 f i umodsys_lib_lib2d:umodsys.mod.2d.stdlib.obj
 0001:00001760       ?root_is_interface_supported@RImage_Memory@stdlib@lib2d@modules@UModSys@@UBE_NPBUSUniquePointerInfo@core@5@@Z 10002760 f i umodsys_lib_lib2d:umodsys.mod.2d.stdlib.obj
 0001:000017a0       ?root_get_interface_info@RImageFactory_Memory@stdlib@lib2d@modules@UModSys@@UBEABUSUniquePointerInfo@core@5@XZ 100027a0 f i umodsys_lib_lib2d:umodsys.mod.2d.stdlib.obj
 0001:000017b0       ?root_get_interface_type@RImageFactory_Memory@stdlib@lib2d@modules@UModSys@@UBEPBUSUniquePointerInfo@core@5@XZ 100027b0 f i umodsys_lib_lib2d:umodsys.mod.2d.stdlib.obj
 0001:000017c0       ?root_get_other_interface@RImageFactory_Memory@stdlib@lib2d@modules@UModSys@@UAEPAUIRoot@core@5@PBUSUniquePointerInfo@75@@Z 100027c0 f i umodsys_lib_lib2d:umodsys.mod.2d.stdlib.obj
 0001:000017c0       ?root_get_other_interface@RImageFactory_Memory@stdlib@lib2d@modules@UModSys@@UBEPBUIRoot@core@5@PBUSUniquePointerInfo@75@@Z 100027c0 f i umodsys_lib_lib2d:umodsys.mod.2d.stdlib.obj
 0001:000017f0       ?root_is_interface_supported@RImageFactory_Memory@stdlib@lib2d@modules@UModSys@@UBE_NPBUSUniquePointerInfo@core@5@@Z 100027f0 f i umodsys_lib_lib2d:umodsys.mod.2d.stdlib.obj
 0001:00001830       ?root_get_interface_info@RMultiImage@stdlib@lib2d@modules@UModSys@@UBEABUSUniquePointerInfo@core@5@XZ 10002830 f i umodsys_lib_lib2d:umodsys.mod.2d.stdlib.obj
 0001:00001840       ?root_get_interface_type@RMultiImage@stdlib@lib2d@modules@UModSys@@UBEPBUSUniquePointerInfo@core@5@XZ 10002840 f i umodsys_lib_lib2d:umodsys.mod.2d.stdlib.obj
 0001:00001850       ?root_get_other_interface@RMultiImage@stdlib@lib2d@modules@UModSys@@UBEPBUIRoot@core@5@PBUSUniquePointerInfo@75@@Z 10002850 f i umodsys_lib_lib2d:umodsys.mod.2d.stdlib.obj
 0001:00001850       ?root_get_other_interface@RMultiImage@stdlib@lib2d@modules@UModSys@@UAEPAUIRoot@core@5@PBUSUniquePointerInfo@75@@Z 10002850 f i umodsys_lib_lib2d:umodsys.mod.2d.stdlib.obj
 0001:00001880       ?root_is_interface_supported@RMultiImage@stdlib@lib2d@modules@UModSys@@UBE_NPBUSUniquePointerInfo@core@5@@Z 10002880 f i umodsys_lib_lib2d:umodsys.mod.2d.stdlib.obj
 0001:000018c0       ?get_generated_names@RGenerator@stdlib@lib2d@modules@UModSys@@UBEHAAUSUniquePtrList@core@5@@Z 100028c0 f i umodsys_lib_lib2d:umodsys.mod.2d.stdlib.obj
 0001:00001900       ?get_generated_types@RGenerator@stdlib@lib2d@modules@UModSys@@UBEHAAUSUniquePtrList@core@5@PBUSUniquePointerInfo@75@@Z 10002900 f i umodsys_lib_lib2d:umodsys.mod.2d.stdlib.obj
 0001:00001980       ?generate@RGenerator@stdlib@lib2d@modules@UModSys@@UAE_NAAU?$TRefObject@UIRefObject@core@UModSys@@U?$TRefObjectFunc@UIRefObject@core@UModSys@@@tl@3@@tl@5@PBUSUniquePointerInfo@core@5@ABUSParameters@95@@Z 10002980 f i umodsys_lib_lib2d:umodsys.mod.2d.stdlib.obj
 0001:000019e0       ?root_get_interface_info@RGenerator@stdlib@lib2d@modules@UModSys@@UBEABUSUniquePointerInfo@core@5@XZ 100029e0 f i umodsys_lib_lib2d:umodsys.mod.2d.stdlib.obj
 0001:000019f0       ?root_get_interface_type@RGenerator@stdlib@lib2d@modules@UModSys@@UBEPBUSUniquePointerInfo@core@5@XZ 100029f0 f i umodsys_lib_lib2d:umodsys.mod.2d.stdlib.obj
 0001:00001a00       ?root_get_other_interface@RGenerator@stdlib@lib2d@modules@UModSys@@UAEPAUIRoot@core@5@PBUSUniquePointerInfo@75@@Z 10002a00 f i umodsys_lib_lib2d:umodsys.mod.2d.stdlib.obj
 0001:00001a00       ?root_get_other_interface@RGenerator@stdlib@lib2d@modules@UModSys@@UBEPBUIRoot@core@5@PBUSUniquePointerInfo@75@@Z 10002a00 f i umodsys_lib_lib2d:umodsys.mod.2d.stdlib.obj
 0001:00001a40       ?root_is_interface_supported@RGenerator@stdlib@lib2d@modules@UModSys@@UBE_NPBUSUniquePointerInfo@core@5@@Z 10002a40 f i umodsys_lib_lib2d:umodsys.mod.2d.stdlib.obj
 0001:00001a80       ?get_uid@RGenerator@stdlib@lib2d@modules@UModSys@@UBEPBUSUniquePointerInfo@core@5@XZ 10002a80 f i umodsys_lib_lib2d:umodsys.mod.2d.stdlib.obj
 0001:00001a90       ??4State@RImage_Memory@stdlib@lib2d@modules@UModSys@@QAEAAU012345@ABU012345@@Z 10002a90 f i umodsys_lib_lib2d:umodsys.mod.2d.stdlib.obj
 0001:00001b40       ??_GRImage_Memory@stdlib@lib2d@modules@UModSys@@UAEPAXI@Z 10002b40 f i umodsys_lib_lib2d:umodsys.mod.2d.stdlib.obj
 0001:00001b40       ??_ERImage_Memory@stdlib@lib2d@modules@UModSys@@UAEPAXI@Z 10002b40 f i  CIL library: CIL module
 0001:00001b60       ??1?$TParametersA@$0EAA@@core@UModSys@@QAE@XZ 10002b60 f i plugin_test1.obj
 0001:00001b60       ??1?$TParametersA@$0BAA@@core@UModSys@@QAE@XZ 10002b60 f i umodsys_lib_libui:umodsys.mod.ui.SDL_core.obj
 0001:00001b60       ??1SParameters@core@UModSys@@QAE@XZ 10002b60 f i plugin_test1.obj
 0001:00001b60       ??1?$TParametersA@$0BAL@@core@UModSys@@QAE@XZ 10002b60 f i umodsys_lib_lib2d:umodsys.mod.2d.stdlib.obj
 0001:00001b70       ??_ERImageFactory_Memory@stdlib@lib2d@modules@UModSys@@UAEPAXI@Z 10002b70 f i  CIL library: CIL module
 0001:00001b70       ??_GRImageFactory_Memory@stdlib@lib2d@modules@UModSys@@UAEPAXI@Z 10002b70 f i umodsys_lib_lib2d:umodsys.mod.2d.stdlib.obj
 0001:00001b90       ??_ERMultiImage@stdlib@lib2d@modules@UModSys@@UAEPAXI@Z 10002b90 f i  CIL library: CIL module
 0001:00001b90       ??_GRMultiImage@stdlib@lib2d@modules@UModSys@@UAEPAXI@Z 10002b90 f i umodsys_lib_lib2d:umodsys.mod.2d.stdlib.obj
 0001:00001bb0       ?do_open@RModuleReg@stdlib@lib2d@modules@UModSys@@UAE_NXZ 10002bb0 f i umodsys_lib_lib2d:umodsys.mod.2d.stdlib.obj
 0001:00001bc0       ?do_close@RModuleReg@stdlib@lib2d@modules@UModSys@@UAE_NXZ 10002bc0 f i umodsys_lib_lib2d:umodsys.mod.2d.stdlib.obj
 0001:00001bd0       ??_GRModuleReg@stdlib@lib2d@modules@UModSys@@UAEPAXI@Z 10002bd0 f i umodsys_lib_lib2d:umodsys.mod.2d.stdlib.obj
 0001:00001bd0       ??_ERModuleReg@stdlib@lib2d@modules@UModSys@@UAEPAXI@Z 10002bd0 f i  CIL library: CIL module
 0001:00001c00       ??1?$TDynarrayDynamic@USImageCellInfo@lib2d@UModSys@@U?$TAllocator@USIMemAlloc@core@UModSys@@USCountCalcPower2@23@@tl@3@@tl@UModSys@@QAE@XZ 10002c00 f i umodsys_lib_lib2d:umodsys.mod.2d.stdlib.obj
 0001:00001c30       ??1?$TDynarrayDynamic@U?$TRefObject@UIImage@lib2d@UModSys@@U?$TRefObjectFunc@UIImage@lib2d@UModSys@@@tl@3@@tl@UModSys@@U?$TAllocator@USIMemAlloc@core@UModSys@@USCountCalcPower2@23@@23@@tl@UModSys@@QAE@XZ 10002c30 f i umodsys_lib_lib2d:umodsys.mod.2d.stdlib.obj
 0001:00001c80       ?Free@?$TDynarray@U?$TDynarrayHolderDynamic@USImageCellInfo@lib2d@UModSys@@U?$TAllocator@USIMemAlloc@core@UModSys@@USCountCalcPower2@23@@tl@3@@tl@UModSys@@@tl@UModSys@@QAE_NXZ 10002c80 f i umodsys_lib_lib2d:umodsys.mod.2d.stdlib.obj
 0001:00001ce0       ?ResizeRel@?$TDynarray@U?$TDynarrayHolderDynamic@U?$TRefObject@UIImage@lib2d@UModSys@@U?$TRefObjectFunc@UIImage@lib2d@UModSys@@@tl@3@@tl@UModSys@@U?$TAllocator@USIMemAlloc@core@UModSys@@USCountCalcPower2@23@@23@@tl@UModSys@@@tl@UModSys@@QAE_NH@Z 10002ce0 f i umodsys_lib_lib2d:umodsys.mod.2d.stdlib.obj
 0001:00001d50       ??$t_gen_param@URImage_Memory@stdlib@lib2d@modules@UModSys@@URGenerator@2345@@IGenerator@base@UModSys@@IAE_NPAURGenerator@stdlib@lib2d@modules@2@AAU?$TRefObject@UIRefObject@core@UModSys@@U?$TRefObjectFunc@UIRefObject@core@UModSys@@@tl@3@@tl@2@PBUSUniquePointerInfo@core@2@ABUSParameters@core@2@@Z 10002d50 f i umodsys_lib_lib2d:umodsys.mod.2d.stdlib.obj
 0001:00001dc0       ??$t_gen_param@URImageFactory_Memory@stdlib@lib2d@modules@UModSys@@URGenerator@2345@@IGenerator@base@UModSys@@IAE_NPAURGenerator@stdlib@lib2d@modules@2@AAU?$TRefObject@UIRefObject@core@UModSys@@U?$TRefObjectFunc@UIRefObject@core@UModSys@@@tl@3@@tl@2@PBUSUniquePointerInfo@core@2@ABUSParameters@core@2@@Z 10002dc0 f i umodsys_lib_lib2d:umodsys.mod.2d.stdlib.obj
 0001:00001e40       ??$t_gen_param@URMultiImage@stdlib@lib2d@modules@UModSys@@URGenerator@2345@@IGenerator@base@UModSys@@IAE_NPAURGenerator@stdlib@lib2d@modules@2@AAU?$TRefObject@UIRefObject@core@UModSys@@U?$TRefObjectFunc@UIRefObject@core@UModSys@@@tl@3@@tl@2@PBUSUniquePointerInfo@core@2@ABUSParameters@core@2@@Z 10002e40 f i umodsys_lib_lib2d:umodsys.mod.2d.stdlib.obj
 0001:00001ec0       ?ReLink@?$TDynarray@U?$TDynarrayHolderDynamic@UNode@RSerializeWriter@serialize_json@media@modules@UModSys@@U?$TAllocator@USIMemAlloc@core@UModSys@@USCountCalcPower2@23@@tl@6@@tl@UModSys@@@tl@UModSys@@IAE_NI@Z 10002ec0 f i umodsys_lib_libmedia:umodsys.mod.media.serialize_json.obj
 0001:00001ec0       ?ReLink@?$TDynarray@U?$TDynarrayHolderDynamic@USImageCellInfo@lib2d@UModSys@@U?$TAllocator@USIMemAlloc@core@UModSys@@USCountCalcPower2@23@@tl@3@@tl@UModSys@@@tl@UModSys@@IAE_NI@Z 10002ec0 f i umodsys_lib_lib2d:umodsys.mod.2d.stdlib.obj
 0001:00001f10       ?ReLink@?$TDynarray@U?$TDynarrayHolderDynamic@U?$TRefObject@URFrame_Common@frames@ui@modules@UModSys@@U?$TRefObjectFunc@URFrame_Common@frames@ui@modules@UModSys@@@tl@5@@tl@UModSys@@U?$TAllocator@USIMemAlloc@core@UModSys@@USCountCalcPower2@23@@23@@tl@UModSys@@@tl@UModSys@@IAE_NI@Z 10002f10 f i umodsys_lib_libui:umodsys.mod.ui.frames.obj
 0001:00001f10       ?ReLink@?$TDynarray@U?$TDynarrayHolderDynamic@U?$TRefObject@UIImage@lib2d@UModSys@@U?$TRefObjectFunc@UIImage@lib2d@UModSys@@@tl@3@@tl@UModSys@@U?$TAllocator@USIMemAlloc@core@UModSys@@USCountCalcPower2@23@@23@@tl@UModSys@@@tl@UModSys@@IAE_NI@Z 10002f10 f i umodsys_lib_lib2d:umodsys.mod.2d.stdlib.obj
 0001:00001f10       ?ReLink@?$TDynarray@U?$TDynarrayHolderDynamic@U?$TRefObject@URDialog@frames@ui@modules@UModSys@@U?$TRefObjectFunc@URDialog@frames@ui@modules@UModSys@@@tl@5@@tl@UModSys@@U?$TAllocator@USIMemAlloc@core@UModSys@@USCountCalcPower2@23@@23@@tl@UModSys@@@tl@UModSys@@IAE_NI@Z 10002f10 f i umodsys_lib_libui:umodsys.mod.ui.frames.obj
 0001:00001f60       ??$ValidateConstruction@UIRefObject@core@UModSys@@URMultiImage@stdlib@lib2d@modules@3@@core@UModSys@@YA_NAAU?$TRefObject@UIRefObject@core@UModSys@@U?$TRefObjectFunc@UIRefObject@core@UModSys@@@tl@3@@tl@1@PAURMultiImage@stdlib@lib2d@modules@1@@Z 10002f60 f i umodsys_lib_lib2d:umodsys.mod.2d.stdlib.obj
 0001:00001ff0       ??1?$TRefObject@UIStreamReader@libmedia@UModSys@@U?$TRefObjectFunc@UIStreamReader@libmedia@UModSys@@@tl@3@@tl@UModSys@@QAE@XZ 10002ff0 f i plugin_test1.obj
 0001:00001ff0       ??1?$TRefObject@UIKeyboardController@libui@UModSys@@U?$TRefObjectFunc@UIKeyboardController@libui@UModSys@@@tl@3@@tl@UModSys@@QAE@XZ 10002ff0 f i plugin_test1.obj
 0001:00001ff0       ??1?$TRefObject@UIMouseController@libui@UModSys@@U?$TRefObjectFunc@UIMouseController@libui@UModSys@@@tl@3@@tl@UModSys@@QAE@XZ 10002ff0 f i plugin_test1.obj
 0001:00001ff0       ??1?$TRefObject@UIRefObject@core@UModSys@@U?$TRefObjectFunc@UIRefObject@core@UModSys@@@tl@3@@tl@UModSys@@QAE@XZ 10002ff0 f i plugin_test1.obj
 0001:00001ff0       ??1?$TRefObject@URTerminalX@SDL_core@ui@modules@UModSys@@U?$TRefObjectFunc@URTerminalX@SDL_core@ui@modules@UModSys@@@tl@5@@tl@UModSys@@QAE@XZ 10002ff0 f i umodsys_lib_libui:umodsys.mod.ui.SDL_core.obj
 0001:00001ff0       ??1?$TRefObject@URImageFactory_Memory@stdlib@lib2d@modules@UModSys@@U?$TRefObjectFunc@URImageFactory_Memory@stdlib@lib2d@modules@UModSys@@@tl@5@@tl@UModSys@@QAE@XZ 10002ff0 f i umodsys_lib_lib2d:umodsys.mod.2d.stdlib.obj
 0001:00001ff0       ??1?$TRefObject@UIMultiImage@lib2d@UModSys@@U?$TRefObjectFunc@UIMultiImage@lib2d@UModSys@@@tl@3@@tl@UModSys@@QAE@XZ 10002ff0 f i plugin_test1.obj
 0001:00001ff0       ??1?$TRefObject@URDialog@frames@ui@modules@UModSys@@U?$TRefObjectFunc@URDialog@frames@ui@modules@UModSys@@@tl@5@@tl@UModSys@@QAE@XZ 10002ff0 f i umodsys_lib_libui:umodsys.mod.ui.frames.obj
 0001:00001ff0       ??1?$TRefObject@URSerializeReader@serialize_json@media@modules@UModSys@@U?$TRefObjectFunc@URSerializeReader@serialize_json@media@modules@UModSys@@@tl@5@@tl@UModSys@@QAE@XZ 10002ff0 f i umodsys_lib_libmedia:umodsys.mod.media.serialize_json.obj
 0001:00001ff0       ??1?$TRefObject@URTerminalX@SDL_GL@ui@modules@UModSys@@U?$TRefObjectFunc@URTerminalX@SDL_GL@ui@modules@UModSys@@@tl@5@@tl@UModSys@@QAE@XZ 10002ff0 f i umodsys_lib_libui:umodsys.mod.ui.SDL_GL.obj
 0001:00001ff0       ??1?$TRefObject@URSerializeWriter@serialize_json@media@modules@UModSys@@U?$TRefObjectFunc@URSerializeWriter@serialize_json@media@modules@UModSys@@@tl@5@@tl@UModSys@@QAE@XZ 10002ff0 f i umodsys_lib_libmedia:umodsys.mod.media.serialize_json.obj
 0001:00001ff0       ??1?$TRefObject@URBinArchiveFrameClient_ZIP@zlib@media@modules@UModSys@@U?$TRefObjectFunc@URBinArchiveFrameClient_ZIP@zlib@media@modules@UModSys@@@tl@5@@tl@UModSys@@QAE@XZ 10002ff0 f i umodsys_lib_libmedia:umodsys.mod.media.zlib.obj
 0001:00001ff0       ??1?$TRefObject@URMediaFilter@images_std@media@modules@UModSys@@U?$TRefObjectFunc@URMediaFilter@images_std@media@modules@UModSys@@@tl@5@@tl@UModSys@@QAE@XZ 10002ff0 f i umodsys_lib_libmedia:umodsys.mod.media.images_std.obj
 0001:00001ff0       ??1?$TRefObject@URMultiImage2D_SDL_ttf@SDL_core@ui@modules@UModSys@@U?$TRefObjectFunc@URMultiImage2D_SDL_ttf@SDL_core@ui@modules@UModSys@@@tl@5@@tl@UModSys@@QAE@XZ 10002ff0 f i umodsys_lib_libui:umodsys.mod.ui.SDL_core.obj
 0001:00001ff0       ??1?$TRefObject@UITerminal@libui@UModSys@@U?$TRefObjectFunc@UITerminal@libui@UModSys@@@tl@3@@tl@UModSys@@QAE@XZ 10002ff0 f i plugin_test1.obj
 0001:00001ff0       ??1?$TRefObject@URRenderDriver2D@SDL_core@ui@modules@UModSys@@U?$TRefObjectFunc@URRenderDriver2D@SDL_core@ui@modules@UModSys@@@tl@5@@tl@UModSys@@QAE@XZ 10002ff0 f i umodsys_lib_libui:umodsys.mod.ui.SDL_core.obj
 0001:00001ff0       ??1?$TRefObject@UICollector@libui@UModSys@@U?$TRefObjectFunc@UICollector@libui@UModSys@@@tl@3@@tl@UModSys@@QAE@XZ 10002ff0 f i plugin_test1.obj
 0001:00001ff0       ??1?$TRefObject@URCollector@frames@ui@modules@UModSys@@U?$TRefObjectFunc@URCollector@frames@ui@modules@UModSys@@@tl@5@@tl@UModSys@@QAE@XZ 10002ff0 f i umodsys_lib_libui:umodsys.mod.ui.frames.obj
 0001:00001ff0       ??1?$TRefObject@UIUtilities@libmedia@UModSys@@U?$TRefObjectFunc@UIUtilities@libmedia@UModSys@@@tl@3@@tl@UModSys@@QAE@XZ 10002ff0 f i plugin_test1.obj
 0001:00001ff0       ??1?$TRefObject@UIImage@lib2d@UModSys@@U?$TRefObjectFunc@UIImage@lib2d@UModSys@@@tl@3@@tl@UModSys@@QAE@XZ 10002ff0 f i plugin_test1.obj
 0001:00001ff0       ??1?$TRefObject@UIRenderDriver@lib2d@UModSys@@U?$TRefObjectFunc@UIRenderDriver@lib2d@UModSys@@@tl@3@@tl@UModSys@@QAE@XZ 10002ff0 f i plugin_test1.obj
 0001:00001ff0       ??1?$TRefObject@UIStreamWriter@libmedia@UModSys@@U?$TRefObjectFunc@UIStreamWriter@libmedia@UModSys@@@tl@3@@tl@UModSys@@QAE@XZ 10002ff0 f i plugin_test1.obj
 0001:00001ff0       ??1?$TRefObject@URMultiImage@stdlib@lib2d@modules@UModSys@@U?$TRefObjectFunc@URMultiImage@stdlib@lib2d@modules@UModSys@@@tl@5@@tl@UModSys@@QAE@XZ 10002ff0 f i umodsys_lib_lib2d:umodsys.mod.2d.stdlib.obj
 0001:00001ff0       ??1?$TRefObject@URImage_Memory@stdlib@lib2d@modules@UModSys@@U?$TRefObjectFunc@URImage_Memory@stdlib@lib2d@modules@UModSys@@@tl@5@@tl@UModSys@@QAE@XZ 10002ff0 f i umodsys_lib_lib2d:umodsys.mod.2d.stdlib.obj
 0001:00001ff0       ??1?$TRefObject@UIImageFactory@lib2d@UModSys@@U?$TRefObjectFunc@UIImageFactory@lib2d@UModSys@@@tl@3@@tl@UModSys@@QAE@XZ 10002ff0 f i plugin_test1.obj
 0001:00001ff0       ??1?$TRefObject@URFrame_Common@frames@ui@modules@UModSys@@U?$TRefObjectFunc@URFrame_Common@frames@ui@modules@UModSys@@@tl@5@@tl@UModSys@@QAE@XZ 10002ff0 f i umodsys_lib_libui:umodsys.mod.ui.frames.obj
 0001:00001ff0       ??1?$TRefObject@UIFrame@libui@UModSys@@U?$TRefObjectFunc@UIFrame@libui@UModSys@@@tl@3@@tl@UModSys@@QAE@XZ 10002ff0 f i umodsys_lib_libui:umodsys.mod.ui.frames.obj
 0001:00002010       ?root_get_interface_info@RKeyboardController@SDL_GL@ui@modules@UModSys@@UBEABUSUniquePointerInfo@core@5@XZ 10003010 f i umodsys_lib_libui:umodsys.mod.ui.SDL_GL.obj
 0001:00002020       ?root_get_interface_type@RKeyboardController@SDL_GL@ui@modules@UModSys@@UBEPBUSUniquePointerInfo@core@5@XZ 10003020 f i umodsys_lib_libui:umodsys.mod.ui.SDL_GL.obj
 0001:00002030       ?root_get_other_interface@RKeyboardController@SDL_GL@ui@modules@UModSys@@UAEPAUIRoot@core@5@PBUSUniquePointerInfo@75@@Z 10003030 f i umodsys_lib_libui:umodsys.mod.ui.SDL_GL.obj
 0001:00002030       ?root_get_other_interface@RKeyboardController@SDL_GL@ui@modules@UModSys@@UBEPBUIRoot@core@5@PBUSUniquePointerInfo@75@@Z 10003030 f i umodsys_lib_libui:umodsys.mod.ui.SDL_GL.obj
 0001:00002060       ?root_is_interface_supported@RKeyboardController@SDL_GL@ui@modules@UModSys@@UBE_NPBUSUniquePointerInfo@core@5@@Z 10003060 f i umodsys_lib_libui:umodsys.mod.ui.SDL_GL.obj
 0001:000020a0       ?ref_remove@RRenderDriver2D@SDL_core@ui@modules@UModSys@@UBEXXZ 100030a0 f i umodsys_lib_libui:umodsys.mod.ui.SDL_core.obj
 0001:000020a0       ?ref_remove@RKeyboardController@SDL_core@ui@modules@UModSys@@UBEXXZ 100030a0 f i umodsys_lib_libui:umodsys.mod.ui.SDL_core.obj
 0001:000020a0       ?ref_remove@RRenderDriver3D@SDL_GL@ui@modules@UModSys@@UBEXXZ 100030a0 f i umodsys_lib_libui:umodsys.mod.ui.SDL_GL.obj
 0001:000020a0       ?ref_remove@RKeyboardController@SDL_GL@ui@modules@UModSys@@UBEXXZ 100030a0 f i umodsys_lib_libui:umodsys.mod.ui.SDL_GL.obj
 0001:000020a0       ?ref_remove@RMouseController@SDL_GL@ui@modules@UModSys@@UBEXXZ 100030a0 f i umodsys_lib_libui:umodsys.mod.ui.SDL_GL.obj
 0001:000020a0       ?ref_remove@RMouseController@SDL_core@ui@modules@UModSys@@UBEXXZ 100030a0 f i umodsys_lib_libui:umodsys.mod.ui.SDL_core.obj
 0001:000020b0       ?root_get_interface_info@RMouseController@SDL_GL@ui@modules@UModSys@@UBEABUSUniquePointerInfo@core@5@XZ 100030b0 f i umodsys_lib_libui:umodsys.mod.ui.SDL_GL.obj
 0001:000020c0       ?root_get_interface_type@RMouseController@SDL_GL@ui@modules@UModSys@@UBEPBUSUniquePointerInfo@core@5@XZ 100030c0 f i umodsys_lib_libui:umodsys.mod.ui.SDL_GL.obj
 0001:000020d0       ?root_get_other_interface@RMouseController@SDL_GL@ui@modules@UModSys@@UBEPBUIRoot@core@5@PBUSUniquePointerInfo@75@@Z 100030d0 f i umodsys_lib_libui:umodsys.mod.ui.SDL_GL.obj
 0001:000020d0       ?root_get_other_interface@RMouseController@SDL_GL@ui@modules@UModSys@@UAEPAUIRoot@core@5@PBUSUniquePointerInfo@75@@Z 100030d0 f i umodsys_lib_libui:umodsys.mod.ui.SDL_GL.obj
 0001:00002100       ?root_is_interface_supported@RMouseController@SDL_GL@ui@modules@UModSys@@UBE_NPBUSUniquePointerInfo@core@5@@Z 10003100 f i umodsys_lib_libui:umodsys.mod.ui.SDL_GL.obj
 0001:00002140       ?ref_add@RMouseController@SDL_core@ui@modules@UModSys@@UBEXXZ 10003140 f i umodsys_lib_libui:umodsys.mod.ui.SDL_core.obj
 0001:00002140       ?ref_add@RRenderDriver2D@SDL_core@ui@modules@UModSys@@UBEXXZ 10003140 f i umodsys_lib_libui:umodsys.mod.ui.SDL_core.obj
 0001:00002140       ?ref_add@RKeyboardController@SDL_core@ui@modules@UModSys@@UBEXXZ 10003140 f i umodsys_lib_libui:umodsys.mod.ui.SDL_core.obj
 0001:00002140       ?ref_add@RRenderDriver3D@SDL_GL@ui@modules@UModSys@@UBEXXZ 10003140 f i umodsys_lib_libui:umodsys.mod.ui.SDL_GL.obj
 0001:00002140       ?ref_add@RKeyboardController@SDL_GL@ui@modules@UModSys@@UBEXXZ 10003140 f i umodsys_lib_libui:umodsys.mod.ui.SDL_GL.obj
 0001:00002140       ?ref_add@RMouseController@SDL_GL@ui@modules@UModSys@@UBEXXZ 10003140 f i umodsys_lib_libui:umodsys.mod.ui.SDL_GL.obj
 0001:00002150       ?ref_weak@RMouseController@SDL_core@ui@modules@UModSys@@UBE_NAAUWeakPointer@IRefObject@core@5@@Z 10003150 f i umodsys_lib_libui:umodsys.mod.ui.SDL_core.obj
 0001:00002150       ?ref_weak@RRenderDriver2D@SDL_core@ui@modules@UModSys@@UBE_NAAUWeakPointer@IRefObject@core@5@@Z 10003150 f i umodsys_lib_libui:umodsys.mod.ui.SDL_core.obj
 0001:00002150       ?ref_weak@RRenderDriver3D@SDL_GL@ui@modules@UModSys@@UBE_NAAUWeakPointer@IRefObject@core@5@@Z 10003150 f i umodsys_lib_libui:umodsys.mod.ui.SDL_GL.obj
 0001:00002150       ?ref_weak@RMouseController@SDL_GL@ui@modules@UModSys@@UBE_NAAUWeakPointer@IRefObject@core@5@@Z 10003150 f i umodsys_lib_libui:umodsys.mod.ui.SDL_GL.obj
 0001:00002150       ?ref_weak@RKeyboardController@SDL_GL@ui@modules@UModSys@@UBE_NAAUWeakPointer@IRefObject@core@5@@Z 10003150 f i umodsys_lib_libui:umodsys.mod.ui.SDL_GL.obj
 0001:00002150       ?ref_weak@RKeyboardController@SDL_core@ui@modules@UModSys@@UBE_NAAUWeakPointer@IRefObject@core@5@@Z 10003150 f i umodsys_lib_libui:umodsys.mod.ui.SDL_core.obj
 0001:00002160       ?root_get_interface_info@RTerminal@SDL_GL@ui@modules@UModSys@@UBEABUSUniquePointerInfo@core@5@XZ 10003160 f i umodsys_lib_libui:umodsys.mod.ui.SDL_GL.obj
 0001:00002170       ?root_get_interface_type@RTerminal@SDL_GL@ui@modules@UModSys@@UBEPBUSUniquePointerInfo@core@5@XZ 10003170 f i umodsys_lib_libui:umodsys.mod.ui.SDL_GL.obj
 0001:00002180       ?root_get_other_interface@RTerminal@SDL_GL@ui@modules@UModSys@@UBEPBUIRoot@core@5@PBUSUniquePointerInfo@75@@Z 10003180 f i umodsys_lib_libui:umodsys.mod.ui.SDL_GL.obj
 0001:00002180       ?root_get_other_interface@RTerminal@SDL_GL@ui@modules@UModSys@@UAEPAUIRoot@core@5@PBUSUniquePointerInfo@75@@Z 10003180 f i umodsys_lib_libui:umodsys.mod.ui.SDL_GL.obj
 0001:000021b0       ?root_is_interface_supported@RTerminal@SDL_GL@ui@modules@UModSys@@UBE_NPBUSUniquePointerInfo@core@5@@Z 100031b0 f i umodsys_lib_libui:umodsys.mod.ui.SDL_GL.obj
 0001:000021f0       ?root_get_interface_info@RRenderDriver3D@SDL_GL@ui@modules@UModSys@@UBEABUSUniquePointerInfo@core@5@XZ 100031f0 f i umodsys_lib_libui:umodsys.mod.ui.SDL_GL.obj
 0001:00002200       ?root_get_interface_type@RRenderDriver3D@SDL_GL@ui@modules@UModSys@@UBEPBUSUniquePointerInfo@core@5@XZ 10003200 f i umodsys_lib_libui:umodsys.mod.ui.SDL_GL.obj
 0001:00002210       ?root_get_other_interface@RRenderDriver3D@SDL_GL@ui@modules@UModSys@@UAEPAUIRoot@core@5@PBUSUniquePointerInfo@75@@Z 10003210 f i umodsys_lib_libui:umodsys.mod.ui.SDL_GL.obj
 0001:00002210       ?root_get_other_interface@RRenderDriver3D@SDL_GL@ui@modules@UModSys@@UBEPBUIRoot@core@5@PBUSUniquePointerInfo@75@@Z 10003210 f i umodsys_lib_libui:umodsys.mod.ui.SDL_GL.obj
 0001:00002250       ?root_is_interface_supported@RRenderDriver3D@SDL_GL@ui@modules@UModSys@@UBE_NPBUSUniquePointerInfo@core@5@@Z 10003250 f i umodsys_lib_libui:umodsys.mod.ui.SDL_GL.obj
 0001:00002290       ?ref_links@RKeyboardController@SDL_GL@ui@modules@UModSys@@UBEHXZ 10003290 f i umodsys_lib_libui:umodsys.mod.ui.SDL_GL.obj
 0001:00002290       ?ref_links@RRenderDriver3D@SDL_GL@ui@modules@UModSys@@UBEHXZ 10003290 f i umodsys_lib_libui:umodsys.mod.ui.SDL_GL.obj
 0001:00002290       ?ref_links@RKeyboardController@SDL_core@ui@modules@UModSys@@UBEHXZ 10003290 f i umodsys_lib_libui:umodsys.mod.ui.SDL_core.obj
 0001:00002290       ?ref_links@RMouseController@SDL_GL@ui@modules@UModSys@@UBEHXZ 10003290 f i umodsys_lib_libui:umodsys.mod.ui.SDL_GL.obj
 0001:00002290       ?ref_links@RMouseController@SDL_core@ui@modules@UModSys@@UBEHXZ 10003290 f i umodsys_lib_libui:umodsys.mod.ui.SDL_core.obj
 0001:00002290       ?ref_links@RRenderDriver2D@SDL_core@ui@modules@UModSys@@UBEHXZ 10003290 f i umodsys_lib_libui:umodsys.mod.ui.SDL_core.obj
 0001:000022a0       ?suicide@RKeyboardController@SDL_core@ui@modules@UModSys@@UAEXXZ 100032a0 f i umodsys_lib_libui:umodsys.mod.ui.SDL_core.obj
 0001:000022a0       ?suicide@RMouseController@SDL_GL@ui@modules@UModSys@@UAEXXZ 100032a0 f i umodsys_lib_libui:umodsys.mod.ui.SDL_GL.obj
 0001:000022a0       ?suicide@RKeyboardController@SDL_GL@ui@modules@UModSys@@UAEXXZ 100032a0 f i umodsys_lib_libui:umodsys.mod.ui.SDL_GL.obj
 0001:000022a0       ?suicide@RRenderDriver2D@SDL_core@ui@modules@UModSys@@UAEXXZ 100032a0 f i umodsys_lib_libui:umodsys.mod.ui.SDL_core.obj
 0001:000022a0       ?suicide@RRenderDriver3D@SDL_GL@ui@modules@UModSys@@UAEXXZ 100032a0 f i umodsys_lib_libui:umodsys.mod.ui.SDL_GL.obj
 0001:000022a0       ?suicide@RMouseController@SDL_core@ui@modules@UModSys@@UAEXXZ 100032a0 f i umodsys_lib_libui:umodsys.mod.ui.SDL_core.obj
 0001:000022b0       ?root_get_interface_info@RTerminalX@SDL_GL@ui@modules@UModSys@@UBEABUSUniquePointerInfo@core@5@XZ 100032b0 f i umodsys_lib_libui:umodsys.mod.ui.SDL_GL.obj
 0001:000022c0       ?root_get_interface_type@RTerminalX@SDL_GL@ui@modules@UModSys@@UBEPBUSUniquePointerInfo@core@5@XZ 100032c0 f i umodsys_lib_libui:umodsys.mod.ui.SDL_GL.obj
 0001:000022d0       ?root_get_other_interface@RTerminalX@SDL_GL@ui@modules@UModSys@@UAEPAUIRoot@core@5@PBUSUniquePointerInfo@75@@Z 100032d0 f i umodsys_lib_libui:umodsys.mod.ui.SDL_GL.obj
 0001:000022d0       ?root_get_other_interface@RTerminalX@SDL_GL@ui@modules@UModSys@@UBEPBUIRoot@core@5@PBUSUniquePointerInfo@75@@Z 100032d0 f i umodsys_lib_libui:umodsys.mod.ui.SDL_GL.obj
 0001:00002300       ?root_is_interface_supported@RTerminalX@SDL_GL@ui@modules@UModSys@@UBE_NPBUSUniquePointerInfo@core@5@@Z 10003300 f i umodsys_lib_libui:umodsys.mod.ui.SDL_GL.obj
 0001:00002340       ?get_generated_names@RGenerator@SDL_GL@ui@modules@UModSys@@UBEHAAUSUniquePtrList@core@5@@Z 10003340 f i umodsys_lib_libui:umodsys.mod.ui.SDL_GL.obj
 0001:00002360       ?get_generated_types@RGenerator@SDL_GL@ui@modules@UModSys@@UBEHAAUSUniquePtrList@core@5@PBUSUniquePointerInfo@75@@Z 10003360 f i umodsys_lib_libui:umodsys.mod.ui.SDL_GL.obj
 0001:000023b0       ?generate@RGenerator@SDL_GL@ui@modules@UModSys@@UAE_NAAU?$TRefObject@UIRefObject@core@UModSys@@U?$TRefObjectFunc@UIRefObject@core@UModSys@@@tl@3@@tl@5@PBUSUniquePointerInfo@core@5@ABUSParameters@95@@Z 100033b0 f i umodsys_lib_libui:umodsys.mod.ui.SDL_GL.obj
 0001:000023e0       ?root_get_interface_info@RGenerator@SDL_GL@ui@modules@UModSys@@UBEABUSUniquePointerInfo@core@5@XZ 100033e0 f i umodsys_lib_libui:umodsys.mod.ui.SDL_GL.obj
 0001:000023f0       ?root_get_interface_type@RGenerator@SDL_GL@ui@modules@UModSys@@UBEPBUSUniquePointerInfo@core@5@XZ 100033f0 f i umodsys_lib_libui:umodsys.mod.ui.SDL_GL.obj
 0001:00002400       ?root_get_other_interface@RGenerator@SDL_GL@ui@modules@UModSys@@UAEPAUIRoot@core@5@PBUSUniquePointerInfo@75@@Z 10003400 f i umodsys_lib_libui:umodsys.mod.ui.SDL_GL.obj
 0001:00002400       ?root_get_other_interface@RGenerator@SDL_GL@ui@modules@UModSys@@UBEPBUIRoot@core@5@PBUSUniquePointerInfo@75@@Z 10003400 f i umodsys_lib_libui:umodsys.mod.ui.SDL_GL.obj
 0001:00002440       ?root_is_interface_supported@RGenerator@SDL_GL@ui@modules@UModSys@@UBE_NPBUSUniquePointerInfo@core@5@@Z 10003440 f i umodsys_lib_libui:umodsys.mod.ui.SDL_GL.obj
 0001:00002480       ?ref_remove@RImage_Memory@stdlib@lib2d@modules@UModSys@@UBEXXZ 10003480 f i umodsys_lib_lib2d:umodsys.mod.2d.stdlib.obj
 0001:00002480       ?ref_remove@RMultiImage@stdlib@lib2d@modules@UModSys@@UBEXXZ 10003480 f i umodsys_lib_lib2d:umodsys.mod.2d.stdlib.obj
 0001:00002480       ?ref_remove@RGenerator@SDL_core@ui@modules@UModSys@@UBEXXZ 10003480 f i umodsys_lib_libui:umodsys.mod.ui.SDL_core.obj
 0001:00002480       ?ref_remove@RGenerator@images_std@media@modules@UModSys@@UBEXXZ 10003480 f i umodsys_lib_libmedia:umodsys.mod.media.images_std.obj
 0001:00002480       ?ref_remove@RDialog@frames@ui@modules@UModSys@@UBEXXZ 10003480 f i umodsys_lib_libui:umodsys.mod.ui.frames.obj
 0001:00002480       ?ref_remove@RImageFactory_Memory@stdlib@lib2d@modules@UModSys@@UBEXXZ 10003480 f i umodsys_lib_lib2d:umodsys.mod.2d.stdlib.obj
 0001:00002480       ?ref_remove@RGenerator@test1@test@modules@UModSys@@UBEXXZ 10003480 f i plugin_test1.obj
 0001:00002480       ?ref_remove@RTerminal@SDL_core@ui@modules@UModSys@@UBEXXZ 10003480 f i umodsys_lib_libui:umodsys.mod.ui.SDL_core.obj
 0001:00002480       ?ref_remove@RBinArchiveFrameClient_ZIP@zlib@media@modules@UModSys@@UBEXXZ 10003480 f i umodsys_lib_libmedia:umodsys.mod.media.zlib.obj
 0001:00002480       ?ref_remove@RGenerator@zlib@media@modules@UModSys@@UBEXXZ 10003480 f i umodsys_lib_libmedia:umodsys.mod.media.zlib.obj
 0001:00002480       ?ref_remove@RGenerator@serialize_json@media@modules@UModSys@@UBEXXZ 10003480 f i umodsys_lib_libmedia:umodsys.mod.media.serialize_json.obj
 0001:00002480       ?ref_remove@RSerializeReader@serialize_json@media@modules@UModSys@@UBEXXZ 10003480 f i umodsys_lib_libmedia:umodsys.mod.media.serialize_json.obj
 0001:00002480       ?ref_remove@RTerminal@SDL_GL@ui@modules@UModSys@@UBEXXZ 10003480 f i umodsys_lib_libui:umodsys.mod.ui.SDL_GL.obj
 0001:00002480       ?ref_remove@RGenerator@SDL_GL@ui@modules@UModSys@@UBEXXZ 10003480 f i umodsys_lib_libui:umodsys.mod.ui.SDL_GL.obj
 0001:00002480       ?ref_remove@RMultiImage2D_SDL_ttf@SDL_core@ui@modules@UModSys@@UBEXXZ 10003480 f i umodsys_lib_libui:umodsys.mod.ui.SDL_core.obj
 0001:00002480       ?ref_remove@RGenerator@frames@ui@modules@UModSys@@UBEXXZ 10003480 f i umodsys_lib_libui:umodsys.mod.ui.frames.obj
 0001:00002480       ?ref_remove@RGenerator@stdlib@lib2d@modules@UModSys@@UBEXXZ 10003480 f i umodsys_lib_lib2d:umodsys.mod.2d.stdlib.obj
 0001:00002490       ?suicide@RGenerator@SDL_GL@ui@modules@UModSys@@UAEXXZ 10003490 f i umodsys_lib_libui:umodsys.mod.ui.SDL_GL.obj
 0001:00002490       ?suicide@RGenerator@images_std@media@modules@UModSys@@UAEXXZ 10003490 f i umodsys_lib_libmedia:umodsys.mod.media.images_std.obj
 0001:00002490       ?suicide@RGenerator@SDL_core@ui@modules@UModSys@@UAEXXZ 10003490 f i umodsys_lib_libui:umodsys.mod.ui.SDL_core.obj
 0001:00002490       ??3@YAXPAX0@Z              10003490 f i plugin_test1.obj
 0001:00002490       ?suicide@RGenerator@frames@ui@modules@UModSys@@UAEXXZ 10003490 f i umodsys_lib_libui:umodsys.mod.ui.frames.obj
 0001:00002490       ?suicide@RGenerator@serialize_json@media@modules@UModSys@@UAEXXZ 10003490 f i umodsys_lib_libmedia:umodsys.mod.media.serialize_json.obj
 0001:00002490       ?suicide@RGenerator@zlib@media@modules@UModSys@@UAEXXZ 10003490 f i umodsys_lib_libmedia:umodsys.mod.media.zlib.obj
 0001:00002490       ?suicide@RGenerator@test1@test@modules@UModSys@@UAEXXZ 10003490 f i plugin_test1.obj
 0001:00002490       ?suicide@RGenerator@stdlib@lib2d@modules@UModSys@@UAEXXZ 10003490 f i umodsys_lib_lib2d:umodsys.mod.2d.stdlib.obj
 0001:000024a0       ?get_uid@RGenerator@SDL_GL@ui@modules@UModSys@@UBEPBUSUniquePointerInfo@core@5@XZ 100034a0 f i umodsys_lib_libui:umodsys.mod.ui.SDL_GL.obj
 0001:000024b0       ??_ERKeyboardController@SDL_GL@ui@modules@UModSys@@UAEPAXI@Z 100034b0 f i  CIL library: CIL module
 0001:000024b0       ??_GRKeyboardController@SDL_GL@ui@modules@UModSys@@UAEPAXI@Z 100034b0 f i umodsys_lib_libui:umodsys.mod.ui.SDL_GL.obj
 0001:000024d0       ??_GRMouseController@SDL_GL@ui@modules@UModSys@@UAEPAXI@Z 100034d0 f i umodsys_lib_libui:umodsys.mod.ui.SDL_GL.obj
 0001:000024d0       ??_ERMouseController@SDL_GL@ui@modules@UModSys@@UAEPAXI@Z 100034d0 f i  CIL library: CIL module
 0001:000024f0       ??_ERTerminal@SDL_GL@ui@modules@UModSys@@UAEPAXI@Z 100034f0 f i  CIL library: CIL module
 0001:000024f0       ??_GRTerminal@SDL_GL@ui@modules@UModSys@@UAEPAXI@Z 100034f0 f i umodsys_lib_libui:umodsys.mod.ui.SDL_GL.obj
 0001:00002510       ??_ERRenderDriver3D@SDL_GL@ui@modules@UModSys@@UAEPAXI@Z 10003510 f i  CIL library: CIL module
 0001:00002510       ??_GRRenderDriver3D@SDL_GL@ui@modules@UModSys@@UAEPAXI@Z 10003510 f i umodsys_lib_libui:umodsys.mod.ui.SDL_GL.obj
 0001:00002530       ??1IMouseController@libui@UModSys@@UAE@XZ 10003530 f i umodsys_lib_libui:umodsys.mod.ui.SDL_GL.obj
 0001:00002530       ??1IDialog@libui@UModSys@@UAE@XZ 10003530 f i umodsys_lib_libui:umodsys.mod.ui.frames.obj
 0001:00002530       ??1IKeyboardController@libui@UModSys@@UAE@XZ 10003530 f i umodsys_lib_libui:umodsys.mod.ui.SDL_GL.obj
 0001:00002530       ??1IShell@base@UModSys@@UAE@XZ 10003530 f i plugin_test1.obj
 0001:00002530       ??1ISerializeReader@libmedia@UModSys@@UAE@XZ 10003530 f i umodsys_lib_libmedia:umodsys.mod.media.serialize_json.obj
 0001:00002530       ??1IMultiImage@lib2d@UModSys@@UAE@XZ 10003530 f i umodsys_lib_lib2d:umodsys.mod.2d.stdlib.obj
 0001:00002530       ??1IFrame@libui@UModSys@@UAE@XZ 10003530 f i umodsys_lib_libui:umodsys.mod.ui.frames.obj
 0001:00002530       ??1IImageFactory@lib2d@UModSys@@UAE@XZ 10003530 f i umodsys_lib_lib2d:umodsys.mod.2d.stdlib.obj
 0001:00002530       ??1IImage@lib2d@UModSys@@UAE@XZ 10003530 f i umodsys_lib_lib2d:umodsys.mod.2d.stdlib.obj
 0001:00002530       ??1IClient@IBinArchiveFrame@libmedia@UModSys@@UAE@XZ 10003530 f i umodsys_lib_libmedia:umodsys.mod.media.zlib.obj
 0001:00002530       ??1IRenderDriver@lib2d@UModSys@@UAE@XZ 10003530 f i umodsys_lib_libui:umodsys.mod.ui.SDL_GL.obj
 0001:00002530       ??1IRenderDriver@lib3d@UModSys@@UAE@XZ 10003530 f i umodsys_lib_libui:umodsys.mod.ui.SDL_GL.obj
 0001:00002530       ??1ICollector@libui@UModSys@@UAE@XZ 10003530 f i umodsys_lib_libui:umodsys.mod.ui.frames.obj
 0001:00002530       ??1ISerializeWriter@libmedia@UModSys@@UAE@XZ 10003530 f i umodsys_lib_libmedia:umodsys.mod.media.serialize_json.obj
 0001:00002530       ??1ITerminal@libui@UModSys@@UAE@XZ 10003530 f i umodsys_lib_libui:umodsys.mod.ui.SDL_GL.obj
 0001:00002540       ??_ERTerminalX@SDL_GL@ui@modules@UModSys@@UAEPAXI@Z 10003540 f i  CIL library: CIL module
 0001:00002540       ??_GRTerminalX@SDL_GL@ui@modules@UModSys@@UAEPAXI@Z 10003540 f i umodsys_lib_libui:umodsys.mod.ui.SDL_GL.obj
 0001:00002560       ?do_open@RModuleReg@SDL_GL@ui@modules@UModSys@@UAE_NXZ 10003560 f i umodsys_lib_libui:umodsys.mod.ui.SDL_GL.obj
 0001:00002570       ?do_close@RModuleReg@SDL_GL@ui@modules@UModSys@@UAE_NXZ 10003570 f i umodsys_lib_libui:umodsys.mod.ui.SDL_GL.obj
 0001:00002580       ??_ERModuleReg@SDL_GL@ui@modules@UModSys@@UAEPAXI@Z 10003580 f i  CIL library: CIL module
 0001:00002580       ??_GRModuleReg@SDL_GL@ui@modules@UModSys@@UAEPAXI@Z 10003580 f i umodsys_lib_libui:umodsys.mod.ui.SDL_GL.obj
 0001:000025b0       ?remove_node@?$TTreeHoldRB@U?$TScatterArrayNode@U?$TRefObjectComposite@UIKeyboardClient@libui@UModSys@@UIRefObject@core@3@U?$TRefObjectFunc@UIRefObject@core@UModSys@@@tl@3@@tl@UModSys@@H@tl@UModSys@@@tl@UModSys@@QAEXPAU?$TScatterArrayNode@U?$TRefObjectComposite@UIKeyboardClient@libui@UModSys@@UIRefObject@core@3@U?$TRefObjectFunc@UIRefObject@core@UModSys@@@tl@3@@tl@UModSys@@H@23@@Z 100035b0 f i umodsys_lib_libui:umodsys.mod.ui.SDL_GL.obj
 0001:000025b0       ?remove_node@?$TTreeHoldRB@U?$TScatterArrayNode@U?$TRefObjectCompositeExtra@UIMouseClient@libui@UModSys@@HUIRefObject@core@3@U?$TRefObjectFunc@UIRefObject@core@UModSys@@@tl@3@@tl@UModSys@@H@tl@UModSys@@@tl@UModSys@@QAEXPAU?$TScatterArrayNode@U?$TRefObjectCompositeExtra@UIMouseClient@libui@UModSys@@HUIRefObject@core@3@U?$TRefObjectFunc@UIRefObject@core@UModSys@@@tl@3@@tl@UModSys@@H@23@@Z 100035b0 f i umodsys_lib_libui:umodsys.mod.ui.SDL_GL.obj
 0001:000026a0       ??1?$TPair@HU?$TRefObjectComposite@UIKeyboardClient@libui@UModSys@@UIRefObject@core@3@U?$TRefObjectFunc@UIRefObject@core@UModSys@@@tl@3@@tl@UModSys@@@tl@UModSys@@QAE@XZ 100036a0 f i umodsys_lib_libui:umodsys.mod.ui.SDL_GL.obj
 0001:000026a0       ??1?$TPair@HU?$TRefObjectCompositeExtra@UIMouseClient@libui@UModSys@@HUIRefObject@core@3@U?$TRefObjectFunc@UIRefObject@core@UModSys@@@tl@3@@tl@UModSys@@@tl@UModSys@@QAE@XZ 100036a0 f i umodsys_lib_libui:umodsys.mod.ui.SDL_GL.obj
 0001:000026b0       ??1?$TRefObjectComposite@UIKeyboardClient@libui@UModSys@@UIRefObject@core@3@U?$TRefObjectFunc@UIRefObject@core@UModSys@@@tl@3@@tl@UModSys@@QAE@XZ 100036b0 f i umodsys_lib_libui:umodsys.mod.ui.SDL_GL.obj
 0001:000026b0       ??1?$TRefObjectComposite@UIController@libui@UModSys@@UIRefObject@core@3@U?$TRefObjectFunc@UIRefObject@core@UModSys@@@tl@3@@tl@UModSys@@QAE@XZ 100036b0 f i umodsys_lib_libui:umodsys.mod.ui.frames.obj
 0001:000026b0       ??1?$TRefObjectCompositeExtra@UIMouseClient@libui@UModSys@@HUIRefObject@core@3@U?$TRefObjectFunc@UIRefObject@core@UModSys@@@tl@3@@tl@UModSys@@QAE@XZ 100036b0 f i umodsys_lib_libui:umodsys.mod.ui.SDL_GL.obj
 0001:00002720       ?remove_color@?$TTreeHoldRB@U?$TScatterArrayNode@U?$TRefObjectComposite@UIKeyboardClient@libui@UModSys@@UIRefObject@core@3@U?$TRefObjectFunc@UIRefObject@core@UModSys@@@tl@3@@tl@UModSys@@H@tl@UModSys@@@tl@UModSys@@IAEXPAU?$TScatterArrayNode@U?$TRefObjectComposite@UIKeyboardClient@libui@UModSys@@UIRefObject@core@3@U?$TRefObjectFunc@UIRefObject@core@UModSys@@@tl@3@@tl@UModSys@@H@23@0@Z 10003720 f i umodsys_lib_libui:umodsys.mod.ui.SDL_GL.obj
 0001:00002720       ?remove_color@?$TTreeHoldRB@U?$TScatterArrayNode@U?$TRefObjectCompositeExtra@UIMouseClient@libui@UModSys@@HUIRefObject@core@3@U?$TRefObjectFunc@UIRefObject@core@UModSys@@@tl@3@@tl@UModSys@@H@tl@UModSys@@@tl@UModSys@@IAEXPAU?$TScatterArrayNode@U?$TRefObjectCompositeExtra@UIMouseClient@libui@UModSys@@HUIRefObject@core@3@U?$TRefObjectFunc@UIRefObject@core@UModSys@@@tl@3@@tl@UModSys@@H@23@0@Z 10003720 f i umodsys_lib_libui:umodsys.mod.ui.SDL_GL.obj
 0001:000028a0       ??$t_gen_param@URTerminalX@SDL_GL@ui@modules@UModSys@@URGenerator@2345@@IGenerator@base@UModSys@@IAE_NPAURGenerator@SDL_GL@ui@modules@2@AAU?$TRefObject@UIRefObject@core@UModSys@@U?$TRefObjectFunc@UIRefObject@core@UModSys@@@tl@3@@tl@2@PBUSUniquePointerInfo@core@2@ABUSParameters@core@2@@Z 100038a0 f i umodsys_lib_libui:umodsys.mod.ui.SDL_GL.obj
 0001:00002920       ??$genx_node@UCmp@?$TScatterArray@U?$TRefObjectComposite@UIKeyboardClient@libui@UModSys@@UIRefObject@core@3@U?$TRefObjectFunc@UIRefObject@core@UModSys@@@tl@3@@tl@UModSys@@HU?$TScalarCompare@H@core@3@U?$TNodeDeleter0@U?$TScatterArrayNode@U?$TRefObjectComposite@UIKeyboardClient@libui@UModSys@@UIRefObject@core@3@U?$TRefObjectFunc@UIRefObject@core@UModSys@@@tl@3@@tl@UModSys@@H@tl@UModSys@@@23@@tl@UModSys@@UGen0@234@@?$TTreeHoldRBD@U?$TScatterArrayNode@U?$TRefObjectComposite@UIKeyboardClient@libui@UModSys@@UIRefObject@core@3@U?$TRefObjectFunc@UIRefObject@core@UModSys@@@tl@3@@tl@UModSys@@H@tl@UModSys@@U?$TNodeDeleter0@U?$TScatterArrayNode@U?$TRefObjectComposite@UIKeyboardClient@libui@UModSys@@UIRefObject@core@3@U?$TRefObjectFunc@UIRefObject@core@UModSys@@@tl@3@@tl@UModSys@@H@tl@UModSys@@@23@@tl@UModSys@@QAEPAU?$TScatterArrayNode@U?$TRefObjectComposite@UIKeyboardClient@libui@UModSys@@UIRefObject@core@3@U?$TRefObjectFunc@UIRefObject@core@UModSys@@@tl@3@@tl@UModSys@@H@12@UCmp@?$TScatterArray@U?$TRefObjectComposite@UIKeyboardClient@libui@UModSys@@UIRefObject@core@3@U?$TRefObjectFunc@UIRefObject@core@UModSys@@@tl@3@@tl@UModSys@@HU?$TScalarCompare@H@core@3@U?$TNodeDeleter0@U?$TScatterArrayNode@U?$TRefObjectComposite@UIKeyboardClient@libui@UModSys@@UIRefObject@core@3@U?$TRefObjectFunc@UIRefObject@core@UModSys@@@tl@3@@tl@UModSys@@H@tl@UModSys@@@23@@12@ABUGen0@512@PAPAU312@2_N@Z 10003920 f i umodsys_lib_libui:umodsys.mod.ui.SDL_GL.obj
 0001:00002990       ??$genx_node@UCmp@?$TScatterArray@U?$TRefObjectCompositeExtra@UIMouseClient@libui@UModSys@@HUIRefObject@core@3@U?$TRefObjectFunc@UIRefObject@core@UModSys@@@tl@3@@tl@UModSys@@HU?$TScalarCompare@H@core@3@U?$TNodeDeleter0@U?$TScatterArrayNode@U?$TRefObjectCompositeExtra@UIMouseClient@libui@UModSys@@HUIRefObject@core@3@U?$TRefObjectFunc@UIRefObject@core@UModSys@@@tl@3@@tl@UModSys@@H@tl@UModSys@@@23@@tl@UModSys@@UGen0@234@@?$TTreeHoldRBD@U?$TScatterArrayNode@U?$TRefObjectCompositeExtra@UIMouseClient@libui@UModSys@@HUIRefObject@core@3@U?$TRefObjectFunc@UIRefObject@core@UModSys@@@tl@3@@tl@UModSys@@H@tl@UModSys@@U?$TNodeDeleter0@U?$TScatterArrayNode@U?$TRefObjectCompositeExtra@UIMouseClient@libui@UModSys@@HUIRefObject@core@3@U?$TRefObjectFunc@UIRefObject@core@UModSys@@@tl@3@@tl@UModSys@@H@tl@UModSys@@@23@@tl@UModSys@@QAEPAU?$TScatterArrayNode@U?$TRefObjectCompositeExtra@UIMouseClient@libui@UModSys@@HUIRefObject@core@3@U?$TRefObjectFunc@UIRefObject@core@UModSys@@@tl@3@@tl@UModSys@@H@12@UCmp@?$TScatterArray@U?$TRefObjectCompositeExtra@UIMouseClient@libui@UModSys@@HUIRefObject@core@3@U?$TRefObjectFunc@UIRefObject@core@UModSys@@@tl@3@@tl@UModSys@@HU?$TScalarCompare@H@core@3@U?$TNodeDeleter0@U?$TScatterArrayNode@U?$TRefObjectCompositeExtra@UIMouseClient@libui@UModSys@@HUIRefObject@core@3@U?$TRefObjectFunc@UIRefObject@core@UModSys@@@tl@3@@tl@UModSys@@H@tl@UModSys@@@23@@12@ABUGen0@512@PAPAU312@2_N@Z 10003990 f i umodsys_lib_libui:umodsys.mod.ui.SDL_GL.obj
 0001:00002a00       ?rotate_left@?$TTreeHoldRB@U?$TScatterArrayNode@U?$TRefObjectCompositeExtra@UIMouseClient@libui@UModSys@@HUIRefObject@core@3@U?$TRefObjectFunc@UIRefObject@core@UModSys@@@tl@3@@tl@UModSys@@H@tl@UModSys@@@tl@UModSys@@IAEXPAU?$TScatterArrayNode@U?$TRefObjectCompositeExtra@UIMouseClient@libui@UModSys@@HUIRefObject@core@3@U?$TRefObjectFunc@UIRefObject@core@UModSys@@@tl@3@@tl@UModSys@@H@23@@Z 10003a00 f i umodsys_lib_libui:umodsys.mod.ui.SDL_GL.obj
 0001:00002a00       ?rotate_left@?$TTreeHoldRB@U?$TScatterArrayNode@U?$TRefObjectComposite@UIKeyboardClient@libui@UModSys@@UIRefObject@core@3@U?$TRefObjectFunc@UIRefObject@core@UModSys@@@tl@3@@tl@UModSys@@H@tl@UModSys@@@tl@UModSys@@IAEXPAU?$TScatterArrayNode@U?$TRefObjectComposite@UIKeyboardClient@libui@UModSys@@UIRefObject@core@3@U?$TRefObjectFunc@UIRefObject@core@UModSys@@@tl@3@@tl@UModSys@@H@23@@Z 10003a00 f i umodsys_lib_libui:umodsys.mod.ui.SDL_GL.obj
 0001:00002a50       ?rotate_right@?$TTreeHoldRB@U?$TScatterArrayNode@U?$TRefObjectCompositeExtra@UIMouseClient@libui@UModSys@@HUIRefObject@core@3@U?$TRefObjectFunc@UIRefObject@core@UModSys@@@tl@3@@tl@UModSys@@H@tl@UModSys@@@tl@UModSys@@IAEXPAU?$TScatterArrayNode@U?$TRefObjectCompositeExtra@UIMouseClient@libui@UModSys@@HUIRefObject@core@3@U?$TRefObjectFunc@UIRefObject@core@UModSys@@@tl@3@@tl@UModSys@@H@23@@Z 10003a50 f i umodsys_lib_libui:umodsys.mod.ui.SDL_GL.obj
 0001:00002a50       ?rotate_right@?$TTreeHoldRB@U?$TScatterArrayNode@U?$TRefObjectComposite@UIKeyboardClient@libui@UModSys@@UIRefObject@core@3@U?$TRefObjectFunc@UIRefObject@core@UModSys@@@tl@3@@tl@UModSys@@H@tl@UModSys@@@tl@UModSys@@IAEXPAU?$TScatterArrayNode@U?$TRefObjectComposite@UIKeyboardClient@libui@UModSys@@UIRefObject@core@3@U?$TRefObjectFunc@UIRefObject@core@UModSys@@@tl@3@@tl@UModSys@@H@23@@Z 10003a50 f i umodsys_lib_libui:umodsys.mod.ui.SDL_GL.obj
 0001:00002aa0       ?sub_insert_node@?$TTreeHoldRB@U?$TScatterArrayNode@U?$TRefObjectComposite@UIKeyboardClient@libui@UModSys@@UIRefObject@core@3@U?$TRefObjectFunc@UIRefObject@core@UModSys@@@tl@3@@tl@UModSys@@H@tl@UModSys@@@tl@UModSys@@QAEXPAU?$TScatterArrayNode@U?$TRefObjectComposite@UIKeyboardClient@libui@UModSys@@UIRefObject@core@3@U?$TRefObjectFunc@UIRefObject@core@UModSys@@@tl@3@@tl@UModSys@@H@23@0H@Z 10003aa0 f i umodsys_lib_libui:umodsys.mod.ui.SDL_GL.obj
 0001:00002aa0       ?sub_insert_node@?$TTreeHoldRB@U?$TScatterArrayNode@U?$TVector4@M@math3d@UModSys@@H@tl@UModSys@@@tl@UModSys@@QAEXPAU?$TScatterArrayNode@U?$TVector4@M@math3d@UModSys@@H@23@0H@Z 10003aa0 f i umodsys_lib_libui:umodsys.mod.ui.frames.obj
 0001:00002aa0       ?sub_insert_node@?$TTreeHoldRB@U?$TScatterArrayNode@HH@tl@UModSys@@@tl@UModSys@@QAEXPAU?$TScatterArrayNode@HH@23@0H@Z 10003aa0 f i umodsys_lib_libui:umodsys.mod.ui.frames.obj
 0001:00002aa0       ?sub_insert_node@?$TTreeHoldRB@U?$TScatterArrayNode@UGlyph@RMultiImage2D_SDL_ttf@SDL_core@ui@modules@UModSys@@H@tl@UModSys@@@tl@UModSys@@QAEXPAU?$TScatterArrayNode@UGlyph@RMultiImage2D_SDL_ttf@SDL_core@ui@modules@UModSys@@H@23@0H@Z 10003aa0 f i umodsys_lib_libui:umodsys.mod.ui.SDL_core.obj
 0001:00002aa0       ?sub_insert_node@?$TTreeHoldRB@U?$TScatterArrayNode@U?$TVector2@M@math3d@UModSys@@H@tl@UModSys@@@tl@UModSys@@QAEXPAU?$TScatterArrayNode@U?$TVector2@M@math3d@UModSys@@H@23@0H@Z 10003aa0 f i umodsys_lib_libui:umodsys.mod.ui.frames.obj
 0001:00002aa0       ?sub_insert_node@?$TTreeHoldRB@U?$TScatterArrayNode@U?$TRefObjectCompositeExtra@UIMouseClient@libui@UModSys@@HUIRefObject@core@3@U?$TRefObjectFunc@UIRefObject@core@UModSys@@@tl@3@@tl@UModSys@@H@tl@UModSys@@@tl@UModSys@@QAEXPAU?$TScatterArrayNode@U?$TRefObjectCompositeExtra@UIMouseClient@libui@UModSys@@HUIRefObject@core@3@U?$TRefObjectFunc@UIRefObject@core@UModSys@@@tl@3@@tl@UModSys@@H@23@0H@Z 10003aa0 f i umodsys_lib_libui:umodsys.mod.ui.SDL_GL.obj
 0001:00002b10       ??RGen0@?$TScatterArray@U?$TRefObjectComposite@UIKeyboardClient@libui@UModSys@@UIRefObject@core@3@U?$TRefObjectFunc@UIRefObject@core@UModSys@@@tl@3@@tl@UModSys@@HU?$TScalarCompare@H@core@3@U?$TNodeDeleter0@U?$TScatterArrayNode@U?$TRefObjectComposite@UIKeyboardClient@libui@UModSys@@UIRefObject@core@3@U?$TRefObjectFunc@UIRefObject@core@UModSys@@@tl@3@@tl@UModSys@@H@tl@UModSys@@@23@@tl@UModSys@@QBEPAU?$TScatterArrayNode@U?$TRefObjectComposite@UIKeyboardClient@libui@UModSys@@UIRefObject@core@3@U?$TRefObjectFunc@UIRefObject@core@UModSys@@@tl@3@@tl@UModSys@@H@23@ABUCmp@123@ABU?$TTreeHoldRBD@U?$TScatterArrayNode@U?$TRefObjectComposite@UIKeyboardClient@libui@UModSys@@UIRefObject@core@3@U?$TRefObjectFunc@UIRefObject@core@UModSys@@@tl@3@@tl@UModSys@@H@tl@UModSys@@U?$TNodeDeleter0@U?$TScatterArrayNode@U?$TRefObjectComposite@UIKeyboardClient@libui@UModSys@@UIRefObject@core@3@U?$TRefObjectFunc@UIRefObject@core@UModSys@@@tl@3@@tl@UModSys@@H@tl@UModSys@@@23@@23@@Z 10003b10 f i umodsys_lib_libui:umodsys.mod.ui.SDL_GL.obj
 0001:00002b70       ??RGen0@?$TScatterArray@U?$TRefObjectCompositeExtra@UIMouseClient@libui@UModSys@@HUIRefObject@core@3@U?$TRefObjectFunc@UIRefObject@core@UModSys@@@tl@3@@tl@UModSys@@HU?$TScalarCompare@H@core@3@U?$TNodeDeleter0@U?$TScatterArrayNode@U?$TRefObjectCompositeExtra@UIMouseClient@libui@UModSys@@HUIRefObject@core@3@U?$TRefObjectFunc@UIRefObject@core@UModSys@@@tl@3@@tl@UModSys@@H@tl@UModSys@@@23@@tl@UModSys@@QBEPAU?$TScatterArrayNode@U?$TRefObjectCompositeExtra@UIMouseClient@libui@UModSys@@HUIRefObject@core@3@U?$TRefObjectFunc@UIRefObject@core@UModSys@@@tl@3@@tl@UModSys@@H@23@ABUCmp@123@ABU?$TTreeHoldRBD@U?$TScatterArrayNode@U?$TRefObjectCompositeExtra@UIMouseClient@libui@UModSys@@HUIRefObject@core@3@U?$TRefObjectFunc@UIRefObject@core@UModSys@@@tl@3@@tl@UModSys@@H@tl@UModSys@@U?$TNodeDeleter0@U?$TScatterArrayNode@U?$TRefObjectCompositeExtra@UIMouseClient@libui@UModSys@@HUIRefObject@core@3@U?$TRefObjectFunc@UIRefObject@core@UModSys@@@tl@3@@tl@UModSys@@H@tl@UModSys@@@23@@23@@Z 10003b70 f i umodsys_lib_libui:umodsys.mod.ui.SDL_GL.obj
 0001:00002bd0       ??0?$TScatterArrayNode@U?$TRefObjectComposite@UIKeyboardClient@libui@UModSys@@UIRefObject@core@3@U?$TRefObjectFunc@UIRefObject@core@UModSys@@@tl@3@@tl@UModSys@@H@tl@UModSys@@QAE@ABH@Z 10003bd0 f i umodsys_lib_libui:umodsys.mod.ui.SDL_GL.obj
 0001:00002c40       ??0?$TScatterArrayNode@U?$TRefObjectCompositeExtra@UIMouseClient@libui@UModSys@@HUIRefObject@core@3@U?$TRefObjectFunc@UIRefObject@core@UModSys@@@tl@3@@tl@UModSys@@H@tl@UModSys@@QAE@ABH@Z 10003c40 f i umodsys_lib_libui:umodsys.mod.ui.SDL_GL.obj
 0001:00002cb0       ??$process_nodes_r@U?$TNodeDeleter0@U?$TScatterArrayNode@U?$TRefObjectCompositeExtra@UIMouseClient@libui@UModSys@@HUIRefObject@core@3@U?$TRefObjectFunc@UIRefObject@core@UModSys@@@tl@3@@tl@UModSys@@H@tl@UModSys@@@tl@UModSys@@@?$TTreeHoldRB@U?$TScatterArrayNode@U?$TRefObjectCompositeExtra@UIMouseClient@libui@UModSys@@HUIRefObject@core@3@U?$TRefObjectFunc@UIRefObject@core@UModSys@@@tl@3@@tl@UModSys@@H@tl@UModSys@@@tl@UModSys@@KAHPAU?$TScatterArrayNode@U?$TRefObjectCompositeExtra@UIMouseClient@libui@UModSys@@HUIRefObject@core@3@U?$TRefObjectFunc@UIRefObject@core@UModSys@@@tl@3@@tl@UModSys@@H@12@ABU?$TNodeDeleter0@U?$TScatterArrayNode@U?$TRefObjectCompositeExtra@UIMouseClient@libui@UModSys@@HUIRefObject@core@3@U?$TRefObjectFunc@UIRefObject@core@UModSys@@@tl@3@@tl@UModSys@@H@tl@UModSys@@@12@@Z 10003cb0 f i umodsys_lib_libui:umodsys.mod.ui.SDL_GL.obj
 0001:00002cb0       ??$process_nodes_r@U?$TNodeDeleter0@U?$TScatterArrayNode@U?$TRefObjectComposite@UIKeyboardClient@libui@UModSys@@UIRefObject@core@3@U?$TRefObjectFunc@UIRefObject@core@UModSys@@@tl@3@@tl@UModSys@@H@tl@UModSys@@@tl@UModSys@@@?$TTreeHoldRB@U?$TScatterArrayNode@U?$TRefObjectComposite@UIKeyboardClient@libui@UModSys@@UIRefObject@core@3@U?$TRefObjectFunc@UIRefObject@core@UModSys@@@tl@3@@tl@UModSys@@H@tl@UModSys@@@tl@UModSys@@KAHPAU?$TScatterArrayNode@U?$TRefObjectComposite@UIKeyboardClient@libui@UModSys@@UIRefObject@core@3@U?$TRefObjectFunc@UIRefObject@core@UModSys@@@tl@3@@tl@UModSys@@H@12@ABU?$TNodeDeleter0@U?$TScatterArrayNode@U?$TRefObjectComposite@UIKeyboardClient@libui@UModSys@@UIRefObject@core@3@U?$TRefObjectFunc@UIRefObject@core@UModSys@@@tl@3@@tl@UModSys@@H@tl@UModSys@@@12@@Z 10003cb0 f i umodsys_lib_libui:umodsys.mod.ui.SDL_GL.obj
 0001:00002d00       ?root_get_interface_info@RKeyboardController@SDL_core@ui@modules@UModSys@@UBEABUSUniquePointerInfo@core@5@XZ 10003d00 f i umodsys_lib_libui:umodsys.mod.ui.SDL_core.obj
 0001:00002d10       ?root_get_interface_type@RKeyboardController@SDL_core@ui@modules@UModSys@@UBEPBUSUniquePointerInfo@core@5@XZ 10003d10 f i umodsys_lib_libui:umodsys.mod.ui.SDL_core.obj
 0001:00002d20       ?root_get_other_interface@RKeyboardController@SDL_core@ui@modules@UModSys@@UAEPAUIRoot@core@5@PBUSUniquePointerInfo@75@@Z 10003d20 f i umodsys_lib_libui:umodsys.mod.ui.SDL_core.obj
 0001:00002d20       ?root_get_other_interface@RKeyboardController@SDL_core@ui@modules@UModSys@@UBEPBUIRoot@core@5@PBUSUniquePointerInfo@75@@Z 10003d20 f i umodsys_lib_libui:umodsys.mod.ui.SDL_core.obj
 0001:00002d50       ?root_is_interface_supported@RKeyboardController@SDL_core@ui@modules@UModSys@@UBE_NPBUSUniquePointerInfo@core@5@@Z 10003d50 f i umodsys_lib_libui:umodsys.mod.ui.SDL_core.obj
 0001:00002d90       ?root_get_interface_info@RMouseController@SDL_core@ui@modules@UModSys@@UBEABUSUniquePointerInfo@core@5@XZ 10003d90 f i umodsys_lib_libui:umodsys.mod.ui.SDL_core.obj
 0001:00002da0       ?root_get_interface_type@RMouseController@SDL_core@ui@modules@UModSys@@UBEPBUSUniquePointerInfo@core@5@XZ 10003da0 f i umodsys_lib_libui:umodsys.mod.ui.SDL_core.obj
 0001:00002db0       ?root_get_other_interface@RMouseController@SDL_core@ui@modules@UModSys@@UAEPAUIRoot@core@5@PBUSUniquePointerInfo@75@@Z 10003db0 f i umodsys_lib_libui:umodsys.mod.ui.SDL_core.obj
 0001:00002db0       ?root_get_other_interface@RMouseController@SDL_core@ui@modules@UModSys@@UBEPBUIRoot@core@5@PBUSUniquePointerInfo@75@@Z 10003db0 f i umodsys_lib_libui:umodsys.mod.ui.SDL_core.obj
 0001:00002de0       ?root_is_interface_supported@RMouseController@SDL_core@ui@modules@UModSys@@UBE_NPBUSUniquePointerInfo@core@5@@Z 10003de0 f i umodsys_lib_libui:umodsys.mod.ui.SDL_core.obj
 0001:00002e20       ?root_get_interface_info@RTerminal@SDL_core@ui@modules@UModSys@@UBEABUSUniquePointerInfo@core@5@XZ 10003e20 f i umodsys_lib_libui:umodsys.mod.ui.SDL_core.obj
 0001:00002e30       ?root_get_interface_type@RTerminal@SDL_core@ui@modules@UModSys@@UBEPBUSUniquePointerInfo@core@5@XZ 10003e30 f i umodsys_lib_libui:umodsys.mod.ui.SDL_core.obj
 0001:00002e40       ?root_get_other_interface@RTerminal@SDL_core@ui@modules@UModSys@@UAEPAUIRoot@core@5@PBUSUniquePointerInfo@75@@Z 10003e40 f i umodsys_lib_libui:umodsys.mod.ui.SDL_core.obj
 0001:00002e40       ?root_get_other_interface@RTerminal@SDL_core@ui@modules@UModSys@@UBEPBUIRoot@core@5@PBUSUniquePointerInfo@75@@Z 10003e40 f i umodsys_lib_libui:umodsys.mod.ui.SDL_core.obj
 0001:00002e70       ?root_is_interface_supported@RTerminal@SDL_core@ui@modules@UModSys@@UBE_NPBUSUniquePointerInfo@core@5@@Z 10003e70 f i umodsys_lib_libui:umodsys.mod.ui.SDL_core.obj
 0001:00002eb0       ?root_get_interface_info@RMultiImage2D_SDL_ttf@SDL_core@ui@modules@UModSys@@UBEABUSUniquePointerInfo@core@5@XZ 10003eb0 f i umodsys_lib_libui:umodsys.mod.ui.SDL_core.obj
 0001:00002ec0       ?root_get_interface_type@RMultiImage2D_SDL_ttf@SDL_core@ui@modules@UModSys@@UBEPBUSUniquePointerInfo@core@5@XZ 10003ec0 f i umodsys_lib_libui:umodsys.mod.ui.SDL_core.obj
 0001:00002ed0       ?root_get_other_interface@RMultiImage2D_SDL_ttf@SDL_core@ui@modules@UModSys@@UAEPAUIRoot@core@5@PBUSUniquePointerInfo@75@@Z 10003ed0 f i umodsys_lib_libui:umodsys.mod.ui.SDL_core.obj
 0001:00002ed0       ?root_get_other_interface@RMultiImage2D_SDL_ttf@SDL_core@ui@modules@UModSys@@UBEPBUIRoot@core@5@PBUSUniquePointerInfo@75@@Z 10003ed0 f i umodsys_lib_libui:umodsys.mod.ui.SDL_core.obj
 0001:00002f00       ?root_is_interface_supported@RMultiImage2D_SDL_ttf@SDL_core@ui@modules@UModSys@@UBE_NPBUSUniquePointerInfo@core@5@@Z 10003f00 f i umodsys_lib_libui:umodsys.mod.ui.SDL_core.obj
 0001:00002f40       ?get_max_cell_size@RMultiImage2D_SDL_ttf@SDL_core@ui@modules@UModSys@@UBE?AU?$TVector2@H@math3d@5@XZ 10003f40 f i umodsys_lib_libui:umodsys.mod.ui.SDL_core.obj
 0001:00002f40       ?get_fixed_cell_size@RMultiImage2D_SDL_ttf@SDL_core@ui@modules@UModSys@@UBE?AU?$TVector2@H@math3d@5@XZ 10003f40 f i umodsys_lib_libui:umodsys.mod.ui.SDL_core.obj
 0001:00002f40       ?get_max_layer_size@RMultiImage2D_SDL_ttf@SDL_core@ui@modules@UModSys@@UBE?AU?$TVector2@H@math3d@5@XZ 10003f40 f i umodsys_lib_libui:umodsys.mod.ui.SDL_core.obj
 0001:00002f60       ?get_layer@RMultiImage2D_SDL_ttf@SDL_core@ui@modules@UModSys@@UBEPAUIImage@lib2d@5@G@Z 10003f60 f i umodsys_lib_libui:umodsys.mod.ui.SDL_core.obj
 0001:00002f70       ?get_cell@RMultiImage2D_SDL_ttf@SDL_core@ui@modules@UModSys@@UBE_NIAAU?$TVector2@H@math3d@5@PAU675@PAG@Z 10003f70 f i umodsys_lib_libui:umodsys.mod.ui.SDL_core.obj
 0001:00002f80       ?set_hint@RMultiImage2D_SDL_ttf@SDL_core@ui@modules@UModSys@@UAE_NPBD0@Z 10003f80 f i umodsys_lib_libui:umodsys.mod.ui.SDL_core.obj
 0001:00002f80       ?setup_fixed_cell@RMultiImage2D_SDL_ttf@SDL_core@ui@modules@UModSys@@UAE_NHH@Z 10003f80 f i umodsys_lib_libui:umodsys.mod.ui.SDL_core.obj
 0001:00002f80       ?get_cell@RMultiImage2D_SDL_ttf@SDL_core@ui@modules@UModSys@@UBE_NIAAUSImageCellInfo@lib2d@5@@Z 10003f80 f i umodsys_lib_libui:umodsys.mod.ui.SDL_core.obj
 0001:00002f90       ?setup_variable_cell@RMultiImage2D_SDL_ttf@SDL_core@ui@modules@UModSys@@UAE_NPBUSImageCellInfo@lib2d@5@KK@Z 10003f90 f i umodsys_lib_libui:umodsys.mod.ui.SDL_core.obj
 0001:00002fa0       ?root_get_interface_info@RRenderDriver2D@SDL_core@ui@modules@UModSys@@UBEABUSUniquePointerInfo@core@5@XZ 10003fa0 f i umodsys_lib_libui:umodsys.mod.ui.SDL_core.obj
 0001:00002fb0       ?root_get_interface_type@RRenderDriver2D@SDL_core@ui@modules@UModSys@@UBEPBUSUniquePointerInfo@core@5@XZ 10003fb0 f i umodsys_lib_libui:umodsys.mod.ui.SDL_core.obj
 0001:00002fc0       ?root_get_other_interface@RRenderDriver2D@SDL_core@ui@modules@UModSys@@UAEPAUIRoot@core@5@PBUSUniquePointerInfo@75@@Z 10003fc0 f i umodsys_lib_libui:umodsys.mod.ui.SDL_core.obj
 0001:00002fc0       ?root_get_other_interface@RRenderDriver2D@SDL_core@ui@modules@UModSys@@UBEPBUIRoot@core@5@PBUSUniquePointerInfo@75@@Z 10003fc0 f i umodsys_lib_libui:umodsys.mod.ui.SDL_core.obj
 0001:00003000       ?root_is_interface_supported@RRenderDriver2D@SDL_core@ui@modules@UModSys@@UBE_NPBUSUniquePointerInfo@core@5@@Z 10004000 f i umodsys_lib_libui:umodsys.mod.ui.SDL_core.obj
 0001:00003040       ?root_get_interface_info@RTerminalX@SDL_core@ui@modules@UModSys@@UBEABUSUniquePointerInfo@core@5@XZ 10004040 f i umodsys_lib_libui:umodsys.mod.ui.SDL_core.obj
 0001:00003050       ?root_get_interface_type@RTerminalX@SDL_core@ui@modules@UModSys@@UBEPBUSUniquePointerInfo@core@5@XZ 10004050 f i umodsys_lib_libui:umodsys.mod.ui.SDL_core.obj
 0001:00003060       ?root_get_other_interface@RTerminalX@SDL_core@ui@modules@UModSys@@UAEPAUIRoot@core@5@PBUSUniquePointerInfo@75@@Z 10004060 f i umodsys_lib_libui:umodsys.mod.ui.SDL_core.obj
 0001:00003060       ?root_get_other_interface@RTerminalX@SDL_core@ui@modules@UModSys@@UBEPBUIRoot@core@5@PBUSUniquePointerInfo@75@@Z 10004060 f i umodsys_lib_libui:umodsys.mod.ui.SDL_core.obj
 0001:00003090       ?root_is_interface_supported@RTerminalX@SDL_core@ui@modules@UModSys@@UBE_NPBUSUniquePointerInfo@core@5@@Z 10004090 f i umodsys_lib_libui:umodsys.mod.ui.SDL_core.obj
 0001:000030d0       ?get_generated_names@RGenerator@SDL_core@ui@modules@UModSys@@UBEHAAUSUniquePtrList@core@5@@Z 100040d0 f i umodsys_lib_libui:umodsys.mod.ui.SDL_core.obj
 0001:000030f0       ?get_generated_types@RGenerator@SDL_core@ui@modules@UModSys@@UBEHAAUSUniquePtrList@core@5@PBUSUniquePointerInfo@75@@Z 100040f0 f i umodsys_lib_libui:umodsys.mod.ui.SDL_core.obj
 0001:00003140       ?generate@RGenerator@SDL_core@ui@modules@UModSys@@UAE_NAAU?$TRefObject@UIRefObject@core@UModSys@@U?$TRefObjectFunc@UIRefObject@core@UModSys@@@tl@3@@tl@5@PBUSUniquePointerInfo@core@5@ABUSParameters@95@@Z 10004140 f i umodsys_lib_libui:umodsys.mod.ui.SDL_core.obj
 0001:00003170       ?root_get_interface_info@RGenerator@SDL_core@ui@modules@UModSys@@UBEABUSUniquePointerInfo@core@5@XZ 10004170 f i umodsys_lib_libui:umodsys.mod.ui.SDL_core.obj
 0001:00003180       ?root_get_interface_type@RGenerator@SDL_core@ui@modules@UModSys@@UBEPBUSUniquePointerInfo@core@5@XZ 10004180 f i umodsys_lib_libui:umodsys.mod.ui.SDL_core.obj
 0001:00003190       ?root_get_other_interface@RGenerator@SDL_core@ui@modules@UModSys@@UAEPAUIRoot@core@5@PBUSUniquePointerInfo@75@@Z 10004190 f i umodsys_lib_libui:umodsys.mod.ui.SDL_core.obj
 0001:00003190       ?root_get_other_interface@RGenerator@SDL_core@ui@modules@UModSys@@UBEPBUIRoot@core@5@PBUSUniquePointerInfo@75@@Z 10004190 f i umodsys_lib_libui:umodsys.mod.ui.SDL_core.obj
 0001:000031d0       ?root_is_interface_supported@RGenerator@SDL_core@ui@modules@UModSys@@UBE_NPBUSUniquePointerInfo@core@5@@Z 100041d0 f i umodsys_lib_libui:umodsys.mod.ui.SDL_core.obj
 0001:00003210       ?ref_weak@RGenerator@zlib@media@modules@UModSys@@UBE_NAAUWeakPointer@IRefObject@core@5@@Z 10004210 f i umodsys_lib_libmedia:umodsys.mod.media.zlib.obj
 0001:00003210       ?ref_weak@RTerminal@SDL_GL@ui@modules@UModSys@@UBE_NAAUWeakPointer@IRefObject@core@5@@Z 10004210 f i umodsys_lib_libui:umodsys.mod.ui.SDL_GL.obj
 0001:00003210       ?ref_weak@RGenerator@images_std@media@modules@UModSys@@UBE_NAAUWeakPointer@IRefObject@core@5@@Z 10004210 f i umodsys_lib_libmedia:umodsys.mod.media.images_std.obj
 0001:00003210       ?ref_weak@RMultiImage2D_SDL_ttf@SDL_core@ui@modules@UModSys@@UBE_NAAUWeakPointer@IRefObject@core@5@@Z 10004210 f i umodsys_lib_libui:umodsys.mod.ui.SDL_core.obj
 0001:00003210       ?ref_weak@RImageFactory_Memory@stdlib@lib2d@modules@UModSys@@UBE_NAAUWeakPointer@IRefObject@core@5@@Z 10004210 f i umodsys_lib_lib2d:umodsys.mod.2d.stdlib.obj
 0001:00003210       ?ref_weak@RGenerator@serialize_json@media@modules@UModSys@@UBE_NAAUWeakPointer@IRefObject@core@5@@Z 10004210 f i umodsys_lib_libmedia:umodsys.mod.media.serialize_json.obj
 0001:00003210       ?ref_weak@RMultiImage@stdlib@lib2d@modules@UModSys@@UBE_NAAUWeakPointer@IRefObject@core@5@@Z 10004210 f i umodsys_lib_lib2d:umodsys.mod.2d.stdlib.obj
 0001:00003210       ?ref_weak@RSerializeReader@serialize_json@media@modules@UModSys@@UBE_NAAUWeakPointer@IRefObject@core@5@@Z 10004210 f i umodsys_lib_libmedia:umodsys.mod.media.serialize_json.obj
 0001:00003210       ?ref_weak@RImage_Memory@stdlib@lib2d@modules@UModSys@@UBE_NAAUWeakPointer@IRefObject@core@5@@Z 10004210 f i umodsys_lib_lib2d:umodsys.mod.2d.stdlib.obj
 0001:00003210       ?ref_weak@RGenerator@SDL_GL@ui@modules@UModSys@@UBE_NAAUWeakPointer@IRefObject@core@5@@Z 10004210 f i umodsys_lib_libui:umodsys.mod.ui.SDL_GL.obj
 0001:00003210       ?ref_weak@RGenerator@test1@test@modules@UModSys@@UBE_NAAUWeakPointer@IRefObject@core@5@@Z 10004210 f i plugin_test1.obj
 0001:00003210       ?ref_weak@RDialog@frames@ui@modules@UModSys@@UBE_NAAUWeakPointer@IRefObject@core@5@@Z 10004210 f i umodsys_lib_libui:umodsys.mod.ui.frames.obj
 0001:00003210       ?ref_weak@RBinArchiveFrameClient_ZIP@zlib@media@modules@UModSys@@UBE_NAAUWeakPointer@IRefObject@core@5@@Z 10004210 f i umodsys_lib_libmedia:umodsys.mod.media.zlib.obj
 0001:00003210       ?ref_weak@RTerminal@SDL_core@ui@modules@UModSys@@UBE_NAAUWeakPointer@IRefObject@core@5@@Z 10004210 f i umodsys_lib_libui:umodsys.mod.ui.SDL_core.obj
 0001:00003210       ?ref_weak@RGenerator@SDL_core@ui@modules@UModSys@@UBE_NAAUWeakPointer@IRefObject@core@5@@Z 10004210 f i umodsys_lib_libui:umodsys.mod.ui.SDL_core.obj
 0001:00003210       ?ref_weak@RGenerator@frames@ui@modules@UModSys@@UBE_NAAUWeakPointer@IRefObject@core@5@@Z 10004210 f i umodsys_lib_libui:umodsys.mod.ui.frames.obj
 0001:00003210       ?ref_weak@RGenerator@stdlib@lib2d@modules@UModSys@@UBE_NAAUWeakPointer@IRefObject@core@5@@Z 10004210 f i umodsys_lib_lib2d:umodsys.mod.2d.stdlib.obj
 0001:00003230       ?get_uid@RGenerator@SDL_core@ui@modules@UModSys@@UBEPBUSUniquePointerInfo@core@5@XZ 10004230 f i umodsys_lib_libui:umodsys.mod.ui.SDL_core.obj
 0001:00003240       ??_GRMultiImage2D_SDL_ttf@SDL_core@ui@modules@UModSys@@UAEPAXI@Z 10004240 f i umodsys_lib_libui:umodsys.mod.ui.SDL_core.obj
 0001:00003240       ??_ERMultiImage2D_SDL_ttf@SDL_core@ui@modules@UModSys@@UAEPAXI@Z 10004240 f i  CIL library: CIL module
 0001:00003260       ??_ERRenderDriver2D@SDL_core@ui@modules@UModSys@@UAEPAXI@Z 10004260 f i  CIL library: CIL module
 0001:00003260       ??_GRRenderDriver2D@SDL_core@ui@modules@UModSys@@UAEPAXI@Z 10004260 f i umodsys_lib_libui:umodsys.mod.ui.SDL_core.obj
 0001:00003280       ??_ERMouseController@SDL_core@ui@modules@UModSys@@UAEPAXI@Z 10004280 f i  CIL library: CIL module
 0001:00003280       ??_GRMouseController@SDL_core@ui@modules@UModSys@@UAEPAXI@Z 10004280 f i umodsys_lib_libui:umodsys.mod.ui.SDL_core.obj
 0001:000032a0       ??_ERKeyboardController@SDL_core@ui@modules@UModSys@@UAEPAXI@Z 100042a0 f i  CIL library: CIL module
 0001:000032a0       ??_GRKeyboardController@SDL_core@ui@modules@UModSys@@UAEPAXI@Z 100042a0 f i umodsys_lib_libui:umodsys.mod.ui.SDL_core.obj
[...]
 0001:0002df20       ??__F?s_id@?$TObjectUniqueID@UIImageFactory@lib2d@UModSys@@@tl@UModSys@@2USUniquePointer@core@3@A@@YAXXZ 1002ef20 f    CIL library: CIL module
 0001:0002df30       ??__F?s_id@?$TObjectUniqueID@UIImage@lib2d@UModSys@@@tl@UModSys@@2USUniquePointer@core@3@A@@YAXXZ 1002ef30 f    CIL library: CIL module
 0001:0002df40       ??__F?s_id@?$TObjectUniqueID@UIDialog@libui@UModSys@@@tl@UModSys@@2USUniquePointer@core@3@A@@YAXXZ 1002ef40 f    CIL library: CIL module
 0001:0002df50       ??__F?s_id@?$TObjectUniqueID@UIFrame@libui@UModSys@@@tl@UModSys@@2USUniquePointer@core@3@A@@YAXXZ 1002ef50 f    CIL library: CIL module
 0001:0002df60       ??__F?s_id@?$TObjectUniqueID@UIAsyncCollector@libui@UModSys@@@tl@UModSys@@2USUniquePointer@core@3@A@@YAXXZ 1002ef60 f    CIL library: CIL module
 0001:0002df70       ??__F?s_id@?$TObjectUniqueID@UIAsyncController@libui@UModSys@@@tl@UModSys@@2USUniquePointer@core@3@A@@YAXXZ 1002ef70 f    CIL library: CIL module
 0001:0002df80       ??__F?s_id@?$TObjectUniqueID@UICollector@libui@UModSys@@@tl@UModSys@@2USUniquePointer@core@3@A@@YAXXZ 1002ef80 f    CIL library: CIL module
 0001:0002df90       ??__F?s_id@?$TObjectUniqueID@UIConsoleHelperInput_UIKey@libui@UModSys@@@tl@UModSys@@2USUniquePointer@core@3@A@@YAXXZ 1002ef90 f    CIL library: CIL module
 0001:0002dfa0       ??__F?s_id@?$TObjectUniqueID@UITerminal@libui@UModSys@@@tl@UModSys@@2USUniquePointer@core@3@A@@YAXXZ 1002efa0 f    CIL library: CIL module
 0001:0002dfb0       ??__F?s_id@?$TObjectUniqueID@UIJoystickController@libui@UModSys@@@tl@UModSys@@2USUniquePointer@core@3@A@@YAXXZ 1002efb0 f    CIL library: CIL module
 0001:0002dfc0       ??__F?s_id@?$TObjectUniqueID@UIMouseController@libui@UModSys@@@tl@UModSys@@2USUniquePointer@core@3@A@@YAXXZ 1002efc0 f    CIL library: CIL module
 0001:0002dfd0       ??__F?s_id@?$TObjectUniqueID@UIKeyboardController@libui@UModSys@@@tl@UModSys@@2USUniquePointer@core@3@A@@YAXXZ 1002efd0 f    CIL library: CIL module
 0001:0002dfe0       ??__F?s_id@?$TObjectUniqueID@UIConsoleHelperOutputFCS@base@UModSys@@@tl@UModSys@@2USUniquePointer@core@3@A@@YAXXZ 1002efe0 f    CIL library: CIL module
 0001:0002dff0       ??__F?s_id@?$TObjectUniqueID@UIConsoleHelperOutput@base@UModSys@@@tl@UModSys@@2USUniquePointer@core@3@A@@YAXXZ 1002eff0 f    CIL library: CIL module
 0001:0002e000       ??__F?s_id@?$TObjectUniqueID@UIConsoleHelperInput@base@UModSys@@@tl@UModSys@@2USUniquePointer@core@3@A@@YAXXZ 1002f000 f    CIL library: CIL module
 0001:0002e010       ??__F?s_id@?$TObjectUniqueID@UIConsoleHelperHistory@base@UModSys@@@tl@UModSys@@2USUniquePointer@core@3@A@@YAXXZ 1002f010 f    CIL library: CIL module
 0001:0002e020       ??__F?s_id@?$TObjectUniqueID@UIConsoleHelper@base@UModSys@@@tl@UModSys@@2USUniquePointer@core@3@A@@YAXXZ 1002f020 f    CIL library: CIL module
 0001:0002e030       ??__F?s_id@?$TObjectUniqueID@UIConsoleExt@base@UModSys@@@tl@UModSys@@2USUniquePointer@core@3@A@@YAXXZ 1002f030 f    CIL library: CIL module
 0001:0002e040       ??__F?s_id@?$TObjectUniqueID@UISerializeWriter@libmedia@UModSys@@@tl@UModSys@@2USUniquePointer@core@3@A@@YAXXZ 1002f040 f    CIL library: CIL module
 0001:0002e050       ??__F?s_id@?$TObjectUniqueID@UISerializeReader@libmedia@UModSys@@@tl@UModSys@@2USUniquePointer@core@3@A@@YAXXZ 1002f050 f    CIL library: CIL module
 0001:0002e060       ??__F?s_id@?$TObjectUniqueID@UIClient@IBinArchiveFrame@libmedia@UModSys@@@tl@UModSys@@2USUniquePointer@core@3@A@@YAXXZ 1002f060 f    CIL library: CIL module
 0001:0002e070       ??__F?s_id@?$TObjectUniqueID@UIBinArchiveFrame@libmedia@UModSys@@@tl@UModSys@@2USUniquePointer@core@3@A@@YAXXZ 1002f070 f    CIL library: CIL module
 0001:0002e080       ??__F?s_id@?$TObjectUniqueID@UILibraryLayered@libmedia@UModSys@@@tl@UModSys@@2USUniquePointer@core@3@A@@YAXXZ 1002f080 f    CIL library: CIL module
 0001:0002e090       ??__F?s_id@?$TObjectUniqueID@UILibraryObjCache@libmedia@UModSys@@@tl@UModSys@@2USUniquePointer@core@3@A@@YAXXZ 1002f090 f    CIL library: CIL module
 0001:0002e0a0       ??__F?s_id@?$TObjectUniqueID@UILibraryObjFilter@libmedia@UModSys@@@tl@UModSys@@2USUniquePointer@core@3@A@@YAXXZ 1002f0a0 f    CIL library: CIL module
 0001:0002e0b0       ??__F?s_id@?$TObjectUniqueID@UILibraryBinCache@libmedia@UModSys@@@tl@UModSys@@2USUniquePointer@core@3@A@@YAXXZ 1002f0b0 f    CIL library: CIL module
 0001:0002e0c0       ??__F?s_id@?$TObjectUniqueID@UILibraryBinTree@libmedia@UModSys@@@tl@UModSys@@2USUniquePointer@core@3@A@@YAXXZ 1002f0c0 f    CIL library: CIL module
 0001:0002e0d0       ??__F?s_id@?$TObjectUniqueID@UILibrary@libmedia@UModSys@@@tl@UModSys@@2USUniquePointer@core@3@A@@YAXXZ 1002f0d0 f    CIL library: CIL module
 0001:0002e0e0       ??__F?s_id@?$TObjectUniqueID@UIBinObjFilter@libmedia@UModSys@@@tl@UModSys@@2USUniquePointer@core@3@A@@YAXXZ 1002f0e0 f    CIL library: CIL module
 0001:0002e0f0       ??__F?s_id@?$TObjectUniqueID@UIBinArchive@libmedia@UModSys@@@tl@UModSys@@2USUniquePointer@core@3@A@@YAXXZ 1002f0f0 f    CIL library: CIL module
 0001:0002e100       ??__F?s_id@?$TObjectUniqueID@UILibObject@libmedia@UModSys@@@tl@UModSys@@2USUniquePointer@core@3@A@@YAXXZ 1002f100 f    CIL library: CIL module
 0001:0002e110       ??__F?s_id@?$TObjectUniqueID@UIUtilities@libmedia@UModSys@@@tl@UModSys@@2USUniquePointer@core@3@A@@YAXXZ 1002f110 f    CIL library: CIL module
 0001:0002e120       ??__F?s_id@?$TObjectUniqueID@UIStreamWriter@libmedia@UModSys@@@tl@UModSys@@2USUniquePointer@core@3@A@@YAXXZ 1002f120 f    CIL library: CIL module
 0001:0002e130       ??__F?s_id@?$TObjectUniqueID@UIStreamReader@libmedia@UModSys@@@tl@UModSys@@2USUniquePointer@core@3@A@@YAXXZ 1002f130 f    CIL library: CIL module
 0001:0002e140       ??__F?s_id@?$TObjectUniqueID@UISystem@base@UModSys@@@tl@UModSys@@2USUniquePointer@core@3@A@@YAXXZ 1002f140 f    CIL library: CIL module
 0001:0002e150       ??__F?s_id@?$TObjectUniqueID@UIShell@base@UModSys@@@tl@UModSys@@2USUniquePointer@core@3@A@@YAXXZ 1002f150 f    CIL library: CIL module
 0001:0002e160       ??__F?s_id@?$TObjectUniqueID@UIGenerator@base@UModSys@@@tl@UModSys@@2USUniquePointer@core@3@A@@YAXXZ 1002f160 f    CIL library: CIL module
 0001:0002e170       ??__F?s_id@?$TObjectUniqueID@UIModObject@base@UModSys@@@tl@UModSys@@2USUniquePointer@core@3@A@@YAXXZ 1002f170 f    CIL library: CIL module
 0001:0002e180       ??__F?s_id@?$TObjectUniqueID@UIModuleLibrary@base@UModSys@@@tl@UModSys@@2USUniquePointer@core@3@A@@YAXXZ 1002f180 f    CIL library: CIL module
 0001:0002e190       ??__F?s_id@?$TObjectUniqueID@UIModule@base@UModSys@@@tl@UModSys@@2USUniquePointer@core@3@A@@YAXXZ 1002f190 f    CIL library: CIL module
 0001:0002e1a0       ??__F?s_id@?$TObjectUniqueID@UIConsole@base@UModSys@@@tl@UModSys@@2USUniquePointer@core@3@A@@YAXXZ 1002f1a0 f    CIL library: CIL module
 0001:0002e1b0       ??__F?s_id@?$TObjectUniqueID@UIParameters@core@UModSys@@@tl@UModSys@@2USUniquePointer@core@3@A@@YAXXZ 1002f1b0 f    CIL library: CIL module
 0001:0002e1c0       ??__F?s_id@?$TObjectUniqueID@UIRefObject@core@UModSys@@@tl@UModSys@@2USUniquePointer@core@3@A@@YAXXZ 1002f1c0 f    CIL library: CIL module
 0001:0002e1d0       ??__F?s_id@?$TObjectUniqueID@UIRoot@core@UModSys@@@tl@UModSys@@2USUniquePointer@core@3@A@@YAXXZ 1002f1d0 f    CIL library: CIL module
 0001:0002e1e0       ??__Fs_dbg@stdlib@lib2d@modules@UModSys@@YAXXZ 1002f1e0 f    CIL library: CIL module
 0001:0002e1f0       ??__F?s_modreg@RModuleReg@stdlib@lib2d@modules@UModSys@@2U12345@A@@YAXXZ 1002f1f0 f    CIL library: CIL module
 0001:0002e210       ??__F?s_modreg_chain@RModuleReg@stdlib@lib2d@modules@UModSys@@2USModuleRegChain@base@5@A@@YAXXZ 1002f210 f    CIL library: CIL module
 0001:0002e220       ??__F?s_uid@RGenerator@stdlib@lib2d@modules@UModSys@@2USUniquePointer@core@5@A@@YAXXZ 1002f220 f    CIL library: CIL module
 0001:0002e230       ??__Fh@?1??s_holder@RGenerator@stdlib@lib2d@modules@UModSys@@SAAAU?$TTypeStaticHolder@URGenerator@stdlib@lib2d@modules@UModSys@@@tl@5@XZ@YAXXZ 1002f230 f    CIL library: CIL module
 0001:0002e250       ??__F?s_id@?$TObjectUniqueID@URGenerator@stdlib@lib2d@modules@UModSys@@@tl@UModSys@@2USUniquePointer@core@3@A@@YAXXZ 1002f250 f    CIL library: CIL module
 0001:0002e260       ??__F?s_id@?$TObjectUniqueID@URMultiImage@stdlib@lib2d@modules@UModSys@@@tl@UModSys@@2USUniquePointer@core@3@A@@YAXXZ 1002f260 f    CIL library: CIL module
 0001:0002e270       ??__F?s_id@?$TObjectUniqueID@URImageFactory_Memory@stdlib@lib2d@modules@UModSys@@@tl@UModSys@@2USUniquePointer@core@3@A@@YAXXZ 1002f270 f    CIL library: CIL module
 0001:0002e280       ??__F?s_id@?$TObjectUniqueID@URImage_Memory@stdlib@lib2d@modules@UModSys@@@tl@UModSys@@2USUniquePointer@core@3@A@@YAXXZ 1002f280 f    CIL library: CIL module
 0001:0002e290       ??__Fs_dbg@SDL_GL@ui@modules@UModSys@@YAXXZ 1002f290 f    CIL library: CIL module
 0001:0002e2a0       ??__F?s_modreg@RModuleReg@SDL_GL@ui@modules@UModSys@@2U12345@A@@YAXXZ 1002f2a0 f    CIL library: CIL module
 0001:0002e2c0       ??__F?s_modreg_chain@RModuleReg@SDL_GL@ui@modules@UModSys@@2USModuleRegChain@base@5@A@@YAXXZ 1002f2c0 f    CIL library: CIL module
 0001:0002e2d0       ??__F?s_uid@RGenerator@SDL_GL@ui@modules@UModSys@@2USUniquePointer@core@5@A@@YAXXZ 1002f2d0 f    CIL library: CIL module
 0001:0002e2e0       ??__Fh@?1??s_holder@RGenerator@SDL_GL@ui@modules@UModSys@@SAAAU?$TTypeStaticHolder@URGenerator@SDL_GL@ui@modules@UModSys@@@tl@5@XZ@YAXXZ 1002f2e0 f    CIL library: CIL module
 0001:0002e300       ??__F?s_id@?$TObjectUniqueID@URGenerator@SDL_GL@ui@modules@UModSys@@@tl@UModSys@@2USUniquePointer@core@3@A@@YAXXZ 1002f300 f    CIL library: CIL module
 0001:0002e310       ??__F?s_id@?$TObjectUniqueID@URTerminalX@SDL_GL@ui@modules@UModSys@@@tl@UModSys@@2USUniquePointer@core@3@A@@YAXXZ 1002f310 f    CIL library: CIL module
 0001:0002e320       ??__F?s_id@?$TObjectUniqueID@URRenderDriver3D@SDL_GL@ui@modules@UModSys@@@tl@UModSys@@2USUniquePointer@core@3@A@@YAXXZ 1002f320 f    CIL library: CIL module
 0001:0002e330       ??__F?s_id@?$TObjectUniqueID@URTerminal@SDL_GL@ui@modules@UModSys@@@tl@UModSys@@2USUniquePointer@core@3@A@@YAXXZ 1002f330 f    CIL library: CIL module
 0001:0002e340       ??__F?s_id@?$TObjectUniqueID@URMouseController@SDL_GL@ui@modules@UModSys@@@tl@UModSys@@2USUniquePointer@core@3@A@@YAXXZ 1002f340 f    CIL library: CIL module
 0001:0002e350       ??__F?s_id@?$TObjectUniqueID@URKeyboardController@SDL_GL@ui@modules@UModSys@@@tl@UModSys@@2USUniquePointer@core@3@A@@YAXXZ 1002f350 f    CIL library: CIL module
 0001:0002e360       ??__F?s_id@?$TObjectUniqueID@UIRenderDriver@lib3d@UModSys@@@tl@UModSys@@2USUniquePointer@core@3@A@@YAXXZ 1002f360 f    CIL library: CIL module
 0001:0002e370       ??__F?s_id@?$TObjectUniqueID@UITextureCells@lib3d@UModSys@@@tl@UModSys@@2USUniquePointer@core@3@A@@YAXXZ 1002f370 f    CIL library: CIL module
 0001:0002e380       ??__F?s_id@?$TObjectUniqueID@UITexture@lib3d@UModSys@@@tl@UModSys@@2USUniquePointer@core@3@A@@YAXXZ 1002f380 f    CIL library: CIL module
 0001:0002e390       ??__F?s_id@?$TObjectUniqueID@UIRenderer@lib3d@UModSys@@@tl@UModSys@@2USUniquePointer@core@3@A@@YAXXZ 1002f390 f    CIL library: CIL module
 0001:0002e3a0       ??__F?s_id@?$TObjectUniqueID@UISharedLibrary@lib3d@UModSys@@@tl@UModSys@@2USUniquePointer@core@3@A@@YAXXZ 1002f3a0 f    CIL library: CIL module
 0001:0002e3b0       ??__Fs_dbg@SDL_core@ui@modules@UModSys@@YAXXZ 1002f3b0 f    CIL library: CIL module
 0001:0002e3c0       ??__F?s_modreg@RModuleReg@SDL_core@ui@modules@UModSys@@2U12345@A@@YAXXZ 1002f3c0 f    CIL library: CIL module
 0001:0002e3e0       ??__F?s_modreg_chain@RModuleReg@SDL_core@ui@modules@UModSys@@2USModuleRegChain@base@5@A@@YAXXZ 1002f3e0 f    CIL library: CIL module
 0001:0002e3f0       ??__F?s_uid@RGenerator@SDL_core@ui@modules@UModSys@@2USUniquePointer@core@5@A@@YAXXZ 1002f3f0 f    CIL library: CIL module
 0001:0002e400       ??__Fh@?1??s_holder@RGenerator@SDL_core@ui@modules@UModSys@@SAAAU?$TTypeStaticHolder@URGenerator@SDL_core@ui@modules@UModSys@@@tl@5@XZ@YAXXZ 1002f400 f    CIL library: CIL module
 0001:0002e420       ??__F?s_id@?$TObjectUniqueID@URGenerator@SDL_core@ui@modules@UModSys@@@tl@UModSys@@2USUniquePointer@core@3@A@@YAXXZ 1002f420 f    CIL library: CIL module
 0001:0002e430       ??__F?s_id@?$TObjectUniqueID@URTerminalX@SDL_core@ui@modules@UModSys@@@tl@UModSys@@2USUniquePointer@core@3@A@@YAXXZ 1002f430 f    CIL library: CIL module
 0001:0002e440       ??__F?s_id@?$TObjectUniqueID@URRenderDriver2D@SDL_core@ui@modules@UModSys@@@tl@UModSys@@2USUniquePointer@core@3@A@@YAXXZ 1002f440 f    CIL library: CIL module
 0001:0002e450       ??__F?s_id@?$TObjectUniqueID@URMultiImage2D_SDL_ttf@SDL_core@ui@modules@UModSys@@@tl@UModSys@@2USUniquePointer@core@3@A@@YAXXZ 1002f450 f    CIL library: CIL module
 0001:0002e460       ??__F?s_id@?$TObjectUniqueID@URTerminal@SDL_core@ui@modules@UModSys@@@tl@UModSys@@2USUniquePointer@core@3@A@@YAXXZ 1002f460 f    CIL library: CIL module
 0001:0002e470       ??__F?s_id@?$TObjectUniqueID@URMouseController@SDL_core@ui@modules@UModSys@@@tl@UModSys@@2USUniquePointer@core@3@A@@YAXXZ 1002f470 f    CIL library: CIL module
 0001:0002e480       ??__F?s_id@?$TObjectUniqueID@URKeyboardController@SDL_core@ui@modules@UModSys@@@tl@UModSys@@2USUniquePointer@core@3@A@@YAXXZ 1002f480 f    CIL library: CIL module
 0001:0002e490       ??__Fs_dbg@frames@ui@modules@UModSys@@YAXXZ 1002f490 f    CIL library: CIL module
 0001:0002e4a0       ??__F?s_modreg@RModuleReg@frames@ui@modules@UModSys@@2U12345@A@@YAXXZ 1002f4a0 f    CIL library: CIL module
 0001:0002e4c0       ??__F?s_modreg_chain@RModuleReg@frames@ui@modules@UModSys@@2USModuleRegChain@base@5@A@@YAXXZ 1002f4c0 f    CIL library: CIL module
 0001:0002e4d0       ??__F?s_uid@RGenerator@frames@ui@modules@UModSys@@2USUniquePointer@core@5@A@@YAXXZ 1002f4d0 f    CIL library: CIL module
 0001:0002e4e0       ??__Fh@?1??s_holder@RGenerator@frames@ui@modules@UModSys@@SAAAU?$TTypeStaticHolder@URGenerator@frames@ui@modules@UModSys@@@tl@5@XZ@YAXXZ 1002f4e0 f    CIL library: CIL module
 0001:0002e500       ??__F?s_id@?$TObjectUniqueID@URGenerator@frames@ui@modules@UModSys@@@tl@UModSys@@2USUniquePointer@core@3@A@@YAXXZ 1002f500 f    CIL library: CIL module
 0001:0002e510       ??__F?s_id@?$TObjectUniqueID@URCollector@frames@ui@modules@UModSys@@@tl@UModSys@@2USUniquePointer@core@3@A@@YAXXZ 1002f510 f    CIL library: CIL module
 0001:0002e520       ??__F?s_id@?$TObjectUniqueID@URFrame_List@frames@ui@modules@UModSys@@@tl@UModSys@@2USUniquePointer@core@3@A@@YAXXZ 1002f520 f    CIL library: CIL module
 0001:0002e530       ??__F?s_id@?$TObjectUniqueID@URFrame_Edit@frames@ui@modules@UModSys@@@tl@UModSys@@2USUniquePointer@core@3@A@@YAXXZ 1002f530 f    CIL library: CIL module
 0001:0002e540       ??__F?s_id@?$TObjectUniqueID@URFrame_Button@frames@ui@modules@UModSys@@@tl@UModSys@@2USUniquePointer@core@3@A@@YAXXZ 1002f540 f    CIL library: CIL module
 0001:0002e550       ??__F?s_id@?$TObjectUniqueID@URFrame_Text@frames@ui@modules@UModSys@@@tl@UModSys@@2USUniquePointer@core@3@A@@YAXXZ 1002f550 f    CIL library: CIL module
 0001:0002e560       ??__F?s_id@?$TObjectUniqueID@URFrame_Image@frames@ui@modules@UModSys@@@tl@UModSys@@2USUniquePointer@core@3@A@@YAXXZ 1002f560 f    CIL library: CIL module
 0001:0002e570       ??__F?s_id@?$TObjectUniqueID@URFrame_Frame@frames@ui@modules@UModSys@@@tl@UModSys@@2USUniquePointer@core@3@A@@YAXXZ 1002f570 f    CIL library: CIL module
 0001:0002e580       ??__F?s_id@?$TObjectUniqueID@URDialog@frames@ui@modules@UModSys@@@tl@UModSys@@2USUniquePointer@core@3@A@@YAXXZ 1002f580 f    CIL library: CIL module
 0001:0002e590       ??__F?s_id@?$TObjectUniqueID@URFrame_Common@frames@ui@modules@UModSys@@@tl@UModSys@@2USUniquePointer@core@3@A@@YAXXZ 1002f590 f    CIL library: CIL module
 0001:0002e5a0       ??__Fs_dbg@images_std@media@modules@UModSys@@YAXXZ 1002f5a0 f    CIL library: CIL module
 0001:0002e5b0       ??__F?s_modreg@RModuleReg@images_std@media@modules@UModSys@@2U12345@A@@YAXXZ 1002f5b0 f    CIL library: CIL module
 0001:0002e5d0       ??__F?s_modreg_chain@RModuleReg@images_std@media@modules@UModSys@@2USModuleRegChain@base@5@A@@YAXXZ 1002f5d0 f    CIL library: CIL module
 0001:0002e5e0       ??__F?s_uid@RGenerator@images_std@media@modules@UModSys@@2USUniquePointer@core@5@A@@YAXXZ 1002f5e0 f    CIL library: CIL module
 0001:0002e5f0       ??__Fh@?1??s_holder@RGenerator@images_std@media@modules@UModSys@@SAAAU?$TTypeStaticHolder@URGenerator@images_std@media@modules@UModSys@@@tl@5@XZ@YAXXZ 1002f5f0 f    CIL library: CIL module
 0001:0002e610       ??__F?s_id@?$TObjectUniqueID@URGenerator@images_std@media@modules@UModSys@@@tl@UModSys@@2USUniquePointer@core@3@A@@YAXXZ 1002f610 f    CIL library: CIL module
 0001:0002e620       ??__F?s_id@?$TObjectUniqueID@URMediaFilter@images_std@media@modules@UModSys@@@tl@UModSys@@2USUniquePointer@core@3@A@@YAXXZ 1002f620 f    CIL library: CIL module
 0001:0002e630       ??__Fs_dbg@serialize_json@media@modules@UModSys@@YAXXZ 1002f630 f    CIL library: CIL module
 0001:0002e640       ??__F?s_modreg@RModuleReg@serialize_json@media@modules@UModSys@@2U12345@A@@YAXXZ 1002f640 f    CIL library: CIL module
 0001:0002e660       ??__F?s_modreg_chain@RModuleReg@serialize_json@media@modules@UModSys@@2USModuleRegChain@base@5@A@@YAXXZ 1002f660 f    CIL library: CIL module
 0001:0002e670       ??__F?s_uid@RGenerator@serialize_json@media@modules@UModSys@@2USUniquePointer@core@5@A@@YAXXZ 1002f670 f    CIL library: CIL module
 0001:0002e680       ??__Fh@?1??s_holder@RGenerator@serialize_json@media@modules@UModSys@@SAAAU?$TTypeStaticHolder@URGenerator@serialize_json@media@modules@UModSys@@@tl@5@XZ@YAXXZ 1002f680 f    CIL library: CIL module
 0001:0002e6a0       ??__F?s_id@?$TObjectUniqueID@URGenerator@serialize_json@media@modules@UModSys@@@tl@UModSys@@2USUniquePointer@core@3@A@@YAXXZ 1002f6a0 f    CIL library: CIL module
 0001:0002e6b0       ??__F?s_id@?$TObjectUniqueID@URSerializeWriter@serialize_json@media@modules@UModSys@@@tl@UModSys@@2USUniquePointer@core@3@A@@YAXXZ 1002f6b0 f    CIL library: CIL module
 0001:0002e6c0       ??__F?s_id@?$TObjectUniqueID@URSerializeReader@serialize_json@media@modules@UModSys@@@tl@UModSys@@2USUniquePointer@core@3@A@@YAXXZ 1002f6c0 f    CIL library: CIL module
 0001:0002e6d0       ??__Fs_dbg@zlib@media@modules@UModSys@@YAXXZ 1002f6d0 f    CIL library: CIL module
 0001:0002e6e0       ??__F?s_modreg@RModuleReg@zlib@media@modules@UModSys@@2U12345@A@@YAXXZ 1002f6e0 f    CIL library: CIL module
 0001:0002e700       ??__F?s_modreg_chain@RModuleReg@zlib@media@modules@UModSys@@2USModuleRegChain@base@5@A@@YAXXZ 1002f700 f    CIL library: CIL module
 0001:0002e710       ??__F?s_uid@RGenerator@zlib@media@modules@UModSys@@2USUniquePointer@core@5@A@@YAXXZ 1002f710 f    CIL library: CIL module
 0001:0002e720       ??__Fh@?1??s_holder@RGenerator@zlib@media@modules@UModSys@@SAAAU?$TTypeStaticHolder@URGenerator@zlib@media@modules@UModSys@@@tl@5@XZ@YAXXZ 1002f720 f    CIL library: CIL module
 0001:0002e740       ??__F?s_id@?$TObjectUniqueID@URGenerator@zlib@media@modules@UModSys@@@tl@UModSys@@2USUniquePointer@core@3@A@@YAXXZ 1002f740 f    CIL library: CIL module
 0001:0002e750       ??__F?s_id@?$TObjectUniqueID@URBinArchiveFrameClient_ZIP@zlib@media@modules@UModSys@@@tl@UModSys@@2USUniquePointer@core@3@A@@YAXXZ 1002f750 f    CIL library: CIL module
 0001:0002e760       ??__FM@UModSys@@YAXXZ      1002f760 f    CIL library: CIL module
 0001:0002e770       ??__F?root@SModuleRegChain@base@UModSys@@2U123@A@@YAXXZ 1002f770 f    CIL library: CIL module
 0001:0002e780       ??__F?s_library@RModuleLibraryReg_Chain@base@UModSys@@2U123@A@@YAXXZ 1002f780 f    CIL library: CIL module
 0001:0002e790       ??__F?root@SUniquePointer@core@UModSys@@2U123@A@@YAXXZ 1002f790 f    CIL library: CIL module

 Exports

  ordinal    name

        1    _UModSys_Plugin_Entry2@0
