 plugin_test1

 Timestamp is 5273ce38 (Fri Nov 01 18:52:24 2013)

 Preferred load address is 10000000

 Start         Length     Name                   Class
 0001:00000000 00003678H .text                   CODE
 0001:00003680 00000118H .text$x                 CODE
 0001:000037a0 00000a21H .text$yc                CODE
 0001:000041d0 000003faH .text$yd                CODE
 0002:00000000 00000130H .idata$5                DATA
 0002:00000130 00000004H .CRT$XCA                DATA
 0002:00000134 0000034cH .CRT$XCU                DATA
 0002:00000480 00000004H .CRT$XCZ                DATA
 0002:00000484 00000004H .CRT$XIA                DATA
 0002:00000488 00000004H .CRT$XIAA               DATA
 0002:0000048c 00000004H .CRT$XIZ                DATA
 0002:00000490 00000f58H .rdata                  DATA
 0002:000013e8 00000e0cH .rdata$r                DATA
 0002:00002200 0000002cH .rdata$sxdata           DATA
 0002:0000222c 00000004H .rtc$IAA                DATA
 0002:00002230 00000004H .rtc$IZZ                DATA
 0002:00002234 00000004H .rtc$TAA                DATA
 0002:00002238 00000004H .rtc$TZZ                DATA
 0002:00002240 0000026cH .xdata$x                DATA
 0002:000024ac 00000064H .idata$2                DATA
 0002:00002510 00000014H .idata$3                DATA
 0002:00002524 00000130H .idata$4                DATA
 0002:00002654 00000590H .idata$6                DATA
 0002:00002bf0 0000005cH .edata                  DATA
 0003:00000000 00000ed0H .data                   DATA
 0003:00000ed0 000008c4H .bss                    DATA

  Address         Publics by Value              Rva+Base       Lib:Object

 0000:00000000       __except_list              00000000     <absolute>
 0000:0000000b       ___safe_se_handler_count   0000000b     <absolute>
 0000:00009876       __ldused                   00009876     <absolute>
 0000:00009876       __fltused                  00009876     <absolute>
 0000:00000000       ___ImageBase               10000000     <linker-defined>
 0001:00000000       ??1SMemShared@core@UModSys@@QAE@XZ 10001000 f i plugin_test1.obj
 0001:00000010       ??3IRoot@core@UModSys@@SAXPAXABUSIMemAlloc@12@@Z 10001010 f i plugin_test1.obj
 0001:00000020       ??_ERGenerator@SDL_core@ui@modules@UModSys@@UAEPAXI@Z 10001020 f i  CIL library: CIL module
 0001:00000020       ??_ERGenerator@images_std@media@modules@UModSys@@UAEPAXI@Z 10001020 f i  CIL library: CIL module
 0001:00000020       ??_ERGenerator@test1@test@modules@UModSys@@UAEPAXI@Z 10001020 f i  CIL library: CIL module
 0001:00000020       ??_GRGenerator@test1@test@modules@UModSys@@UAEPAXI@Z 10001020 f i plugin_test1.obj
 0001:00000020       ??_GRGenerator@images_std@media@modules@UModSys@@UAEPAXI@Z 10001020 f i umodsys_lib_libmedia:umodsys.mod.media.images_std.obj
 0001:00000020       ??_EIRefObject@core@UModSys@@UAEPAXI@Z 10001020 f i  CIL library: CIL module
 0001:00000020       ??_GRGenerator@SDL_core@ui@modules@UModSys@@UAEPAXI@Z 10001020 f i umodsys_lib_libui:umodsys.mod.ui.SDL_core.obj
 0001:00000020       ??_GIRefObject@core@UModSys@@UAEPAXI@Z 10001020 f i plugin_test1.obj
 0001:00000040       ??_EIRoot@core@UModSys@@UAEPAXI@Z 10001040 f i  CIL library: CIL module
 0001:00000040       ??_GIRoot@core@UModSys@@UAEPAXI@Z 10001040 f i plugin_test1.obj
 0001:00000060       ?root_get_interface_info@RTest1_Shell@test1@test@modules@UModSys@@UBEABUSUniquePointerInfo@core@5@XZ 10001060 f i plugin_test1.obj
 0001:00000070       ?root_get_interface_type@RTest1_Shell@test1@test@modules@UModSys@@UBEPBUSUniquePointerInfo@core@5@XZ 10001070 f i plugin_test1.obj
 0001:00000080       ?root_get_other_interface@RTest1_Shell@test1@test@modules@UModSys@@UBEPBUIRoot@core@5@PBUSUniquePointerInfo@75@@Z 10001080 f i plugin_test1.obj
 0001:00000080       ?root_get_other_interface@RTest1_Shell@test1@test@modules@UModSys@@UAEPAUIRoot@core@5@PBUSUniquePointerInfo@75@@Z 10001080 f i plugin_test1.obj
 0001:000000b0       ?root_is_interface_supported@RTest1_Shell@test1@test@modules@UModSys@@UBE_NPBUSUniquePointerInfo@core@5@@Z 100010b0 f i plugin_test1.obj
 0001:000000f0       ?ref_links@RGenerator@images_std@media@modules@UModSys@@UBEHXZ 100010f0 f i umodsys_lib_libmedia:umodsys.mod.media.images_std.obj
 0001:000000f0       ?ref_links@RTest1_Shell@test1@test@modules@UModSys@@UBEHXZ 100010f0 f i plugin_test1.obj
 0001:000000f0       ?ref_links@RGenerator@SDL_core@ui@modules@UModSys@@UBEHXZ 100010f0 f i umodsys_lib_libui:umodsys.mod.ui.SDL_core.obj
 0001:000000f0       ?ref_links@RGenerator@test1@test@modules@UModSys@@UBEHXZ 100010f0 f i plugin_test1.obj
 0001:000000f0       ?ref_links@RTerminal_SDL_core@SDL_core@ui@modules@UModSys@@UBEHXZ 100010f0 f i umodsys_lib_libui:umodsys.mod.ui.SDL_core.obj
 0001:00000100       ??0RTest1_Shell@test1@test@modules@UModSys@@QAE@PAUIModObject@base@4@@Z 10001100 f i plugin_test1.obj
 0001:00000200       ??1RTest1_Shell@test1@test@modules@UModSys@@UAE@XZ 10001200 f i plugin_test1.obj
 0001:00000290       ?connect@RTest1_Shell@test1@test@modules@UModSys@@UAE_NXZ 10001290 f i plugin_test1.obj
 0001:000002b0       ?disconnect@RTest1_Shell@test1@test@modules@UModSys@@UAE_NXZ 100012b0 f i plugin_test1.obj
 0001:000002d0       ?process_tick@RTest1_Shell@test1@test@modules@UModSys@@UAE_NABUSTimeMsec@core@5@@Z 100012d0 f i plugin_test1.obj
 0001:00000300       ?process_command@RTest1_Shell@test1@test@modules@UModSys@@UAE_NHQBU?$TString@U?$TSCoreConst@D@su@tl@UModSys@@U?$TComparerBinaryHash@D@234@@tl@5@@Z 10001300 f i plugin_test1.obj
 0001:00000330       ??_GRTest1_Shell@test1@test@modules@UModSys@@UAEPAXI@Z 10001330 f i plugin_test1.obj
 0001:00000330       ??_ERTest1_Shell@test1@test@modules@UModSys@@UAEPAXI@Z 10001330 f i  CIL library: CIL module
 0001:00000350       ??1IShell@base@UModSys@@UAE@XZ 10001350 f i plugin_test1.obj
 0001:00000350       ??1ITerminal@libui@UModSys@@UAE@XZ 10001350 f i umodsys_lib_libui:umodsys.mod.ui.SDL_core.obj
 0001:00000350       ??1IBinObjFilter@libmedia@UModSys@@UAE@XZ 10001350 f i plugin_test1.obj
 0001:00000360       ??1SParameters@core@UModSys@@QAE@XZ 10001360 f i plugin_test1.obj
 0001:00000360       ??1?$TParametersA@$0EAA@@core@UModSys@@QAE@XZ 10001360 f i plugin_test1.obj
 0001:00000370       ?get_generated_names@RGenerator@test1@test@modules@UModSys@@UBEHAAUSUniquePtrList@core@5@@Z 10001370 f i plugin_test1.obj
 0001:00000390       ?get_generated_types@RGenerator@test1@test@modules@UModSys@@UBEHAAUSUniquePtrList@core@5@PBUSUniquePointerInfo@75@@Z 10001390 f i plugin_test1.obj
 0001:000003e0       ?generate@RGenerator@test1@test@modules@UModSys@@UAE_NAAU?$TRefObject@UIRefObject@core@UModSys@@U?$TRefObjectFunc@UIRefObject@core@UModSys@@@tl@3@@tl@5@PBUSUniquePointerInfo@core@5@ABUSParameters@95@@Z 100013e0 f i plugin_test1.obj
 0001:000004a0       ?root_get_interface_info@RGenerator@test1@test@modules@UModSys@@UBEABUSUniquePointerInfo@core@5@XZ 100014a0 f i plugin_test1.obj
 0001:000004b0       ?root_get_interface_type@RGenerator@test1@test@modules@UModSys@@UBEPBUSUniquePointerInfo@core@5@XZ 100014b0 f i plugin_test1.obj
 0001:000004c0       ?root_get_interface_types@RTest1_Shell@test1@test@modules@UModSys@@UBEIAAUSUniquePtrList@core@5@@Z 100014c0 f i plugin_test1.obj
 0001:000004c0       ?root_get_interface_types@RTerminal_SDL_core@SDL_core@ui@modules@UModSys@@UBEIAAUSUniquePtrList@core@5@@Z 100014c0 f i umodsys_lib_libui:umodsys.mod.ui.SDL_core.obj
 0001:000004c0       ?root_get_interface_types@RGenerator@test1@test@modules@UModSys@@UBEIAAUSUniquePtrList@core@5@@Z 100014c0 f i plugin_test1.obj
 0001:000004c0       ?root_get_interface_types@RGenerator@images_std@media@modules@UModSys@@UBEIAAUSUniquePtrList@core@5@@Z 100014c0 f i umodsys_lib_libmedia:umodsys.mod.media.images_std.obj
 0001:000004c0       ?root_get_interface_types@RGenerator@SDL_core@ui@modules@UModSys@@UBEIAAUSUniquePtrList@core@5@@Z 100014c0 f i umodsys_lib_libui:umodsys.mod.ui.SDL_core.obj
 0001:000004c0       ?root_get_interface_types@RMediaFilter@images_std@media@modules@UModSys@@UBEIAAUSUniquePtrList@core@5@@Z 100014c0 f i umodsys_lib_libmedia:umodsys.mod.media.images_std.obj
 0001:000004d0       ?root_get_other_interface@RGenerator@test1@test@modules@UModSys@@UBEPBUIRoot@core@5@PBUSUniquePointerInfo@75@@Z 100014d0 f i plugin_test1.obj
 0001:000004d0       ?root_get_other_interface@RGenerator@test1@test@modules@UModSys@@UAEPAUIRoot@core@5@PBUSUniquePointerInfo@75@@Z 100014d0 f i plugin_test1.obj
 0001:00000510       ?root_is_interface_supported@RGenerator@test1@test@modules@UModSys@@UBE_NPBUSUniquePointerInfo@core@5@@Z 10001510 f i plugin_test1.obj
 0001:00000550       ?ref_weak@RGenerator@images_std@media@modules@UModSys@@UBE_NAAUWeakPointer@IRefObject@core@5@@Z 10001550 f i umodsys_lib_libmedia:umodsys.mod.media.images_std.obj
 0001:00000550       ?ref_weak@RTest1_Shell@test1@test@modules@UModSys@@UBE_NAAUWeakPointer@IRefObject@core@5@@Z 10001550 f i plugin_test1.obj
 0001:00000550       ?ref_weak@RGenerator@test1@test@modules@UModSys@@UBE_NAAUWeakPointer@IRefObject@core@5@@Z 10001550 f i plugin_test1.obj
 0001:00000550       ?ref_weak@RGenerator@SDL_core@ui@modules@UModSys@@UBE_NAAUWeakPointer@IRefObject@core@5@@Z 10001550 f i umodsys_lib_libui:umodsys.mod.ui.SDL_core.obj
 0001:00000550       ?ref_weak@RTerminal_SDL_core@SDL_core@ui@modules@UModSys@@UBE_NAAUWeakPointer@IRefObject@core@5@@Z 10001550 f i umodsys_lib_libui:umodsys.mod.ui.SDL_core.obj
 0001:00000570       ?get_uid@RGenerator@test1@test@modules@UModSys@@UBEPBUSUniquePointerInfo@core@5@XZ 10001570 f i plugin_test1.obj
 0001:00000580       ?do_open@RModuleReg@test1@test@modules@UModSys@@UAE_NXZ 10001580 f i plugin_test1.obj
 0001:000005b0       ?do_close@RModuleReg@test1@test@modules@UModSys@@UAE_NXZ 100015b0 f i plugin_test1.obj
 0001:000005e0       ??_GRModuleReg@test1@test@modules@UModSys@@UAEPAXI@Z 100015e0 f i plugin_test1.obj
 0001:000005e0       ??_ERModuleReg@test1@test@modules@UModSys@@UAEPAXI@Z 100015e0 f i  CIL library: CIL module
 0001:00000610       ??0?$TString@U?$TSCoreConst@D@su@tl@UModSys@@U?$TComparerBinaryHash@D@234@@tl@UModSys@@QAE@PBD@Z 10001610 f i plugin_test1.obj
 0001:00000660       ??1?$TRefObject@UITerminal@libui@UModSys@@U?$TRefObjectFunc@UITerminal@libui@UModSys@@@tl@3@@tl@UModSys@@QAE@XZ 10001660 f i plugin_test1.obj
 0001:00000660       ??1?$TRefObject@URTerminal_SDL_core@SDL_core@ui@modules@UModSys@@U?$TRefObjectFunc@URTerminal_SDL_core@SDL_core@ui@modules@UModSys@@@tl@5@@tl@UModSys@@QAE@XZ 10001660 f i umodsys_lib_libui:umodsys.mod.ui.SDL_core.obj
 0001:00000660       ??1?$TRefObject@URMediaFilter@images_std@media@modules@UModSys@@U?$TRefObjectFunc@URMediaFilter@images_std@media@modules@UModSys@@@tl@5@@tl@UModSys@@QAE@XZ 10001660 f i umodsys_lib_libmedia:umodsys.mod.media.images_std.obj
 0001:00000660       ??1?$TRefObject@UIRefObject@core@UModSys@@U?$TRefObjectFunc@UIRefObject@core@UModSys@@@tl@3@@tl@UModSys@@QAE@XZ 10001660 f i plugin_test1.obj
 0001:00000680       ??$t_generate@UITerminal@libui@UModSys@@@SModuleContext@base@UModSys@@QAE_NAAU?$TRefObject@UITerminal@libui@UModSys@@U?$TRefObjectFunc@UITerminal@libui@UModSys@@@tl@3@@tl@2@PBUSUniquePointerInfo@core@2@ABUSParameters@62@@Z 10001680 f i plugin_test1.obj
 0001:00000730       ??$shash@D@su@tl@UModSys@@YAHPBDI@Z 10001730 f i plugin_test1.obj
 0001:00000760       ??1?$TRefObject@UIModObject@base@UModSys@@U?$TModObjectFunc@UIModObject@base@UModSys@@@tl@3@@tl@UModSys@@QAE@XZ 10001760 f i plugin_test1.obj
 0001:00000780       ??$t_root_get_other_interface_ref@UITerminal@libui@UModSys@@@IRefObject@core@UModSys@@QAE_NAAU?$TRefObject@UITerminal@libui@UModSys@@U?$TRefObjectFunc@UITerminal@libui@UModSys@@@tl@3@@tl@2@@Z 10001780 f i plugin_test1.obj
 0001:000007c0       ?root_get_interface_info@RTerminal_SDL_core@SDL_core@ui@modules@UModSys@@UBEABUSUniquePointerInfo@core@5@XZ 100017c0 f i umodsys_lib_libui:umodsys.mod.ui.SDL_core.obj
 0001:000007d0       ?root_get_interface_type@RTerminal_SDL_core@SDL_core@ui@modules@UModSys@@UBEPBUSUniquePointerInfo@core@5@XZ 100017d0 f i umodsys_lib_libui:umodsys.mod.ui.SDL_core.obj
 0001:000007e0       ?root_get_other_interface@RTerminal_SDL_core@SDL_core@ui@modules@UModSys@@UAEPAUIRoot@core@5@PBUSUniquePointerInfo@75@@Z 100017e0 f i umodsys_lib_libui:umodsys.mod.ui.SDL_core.obj
 0001:000007e0       ?root_get_other_interface@RTerminal_SDL_core@SDL_core@ui@modules@UModSys@@UBEPBUIRoot@core@5@PBUSUniquePointerInfo@75@@Z 100017e0 f i umodsys_lib_libui:umodsys.mod.ui.SDL_core.obj
 0001:00000810       ?root_is_interface_supported@RTerminal_SDL_core@SDL_core@ui@modules@UModSys@@UBE_NPBUSUniquePointerInfo@core@5@@Z 10001810 f i umodsys_lib_libui:umodsys.mod.ui.SDL_core.obj
 0001:00000850       ?ref_add@RGenerator@test1@test@modules@UModSys@@UBEXXZ 10001850 f i plugin_test1.obj
 0001:00000850       ?ref_add@RTest1_Shell@test1@test@modules@UModSys@@UBEXXZ 10001850 f i plugin_test1.obj
 0001:00000850       ?ref_add@RTerminal_SDL_core@SDL_core@ui@modules@UModSys@@UBEXXZ 10001850 f i umodsys_lib_libui:umodsys.mod.ui.SDL_core.obj
 0001:00000850       ?ref_add@RGenerator@SDL_core@ui@modules@UModSys@@UBEXXZ 10001850 f i umodsys_lib_libui:umodsys.mod.ui.SDL_core.obj
 0001:00000850       ?ref_add@RGenerator@images_std@media@modules@UModSys@@UBEXXZ 10001850 f i umodsys_lib_libmedia:umodsys.mod.media.images_std.obj
 0001:00000860       ?ref_remove@RTest1_Shell@test1@test@modules@UModSys@@UBEXXZ 10001860 f i plugin_test1.obj
 0001:00000860       ?ref_remove@RGenerator@test1@test@modules@UModSys@@UBEXXZ 10001860 f i plugin_test1.obj
 0001:00000860       ?ref_remove@RGenerator@images_std@media@modules@UModSys@@UBEXXZ 10001860 f i umodsys_lib_libmedia:umodsys.mod.media.images_std.obj
 0001:00000860       ?ref_remove@RTerminal_SDL_core@SDL_core@ui@modules@UModSys@@UBEXXZ 10001860 f i umodsys_lib_libui:umodsys.mod.ui.SDL_core.obj
 0001:00000860       ?ref_remove@RGenerator@SDL_core@ui@modules@UModSys@@UBEXXZ 10001860 f i umodsys_lib_libui:umodsys.mod.ui.SDL_core.obj
 0001:00000870       ?suicide@RTest1_Shell@test1@test@modules@UModSys@@UAEXXZ 10001870 f i plugin_test1.obj
 0001:00000870       ?suicide@RTerminal_SDL_core@SDL_core@ui@modules@UModSys@@UAEXXZ 10001870 f i umodsys_lib_libui:umodsys.mod.ui.SDL_core.obj
 0001:00000880       ??0RTerminal_SDL_core@SDL_core@ui@modules@UModSys@@QAE@PAUIModObject@base@4@ABUSParameters@core@4@@Z 10001880 f i umodsys_lib_libui:umodsys.mod.ui.SDL_core.obj
 0001:00000980       ?poll_events@RTerminal_SDL_core@SDL_core@ui@modules@UModSys@@UAE_NH@Z 10001980 f i umodsys_lib_libui:umodsys.mod.ui.SDL_core.obj
 0001:00000a00       ?get_terminal_state@RTerminal_SDL_core@SDL_core@ui@modules@UModSys@@UAE?AW4eTerminalState@libui@5@XZ 10001a00 f i umodsys_lib_libui:umodsys.mod.ui.SDL_core.obj
 0001:00000a10       ?set_terminal_state@RTerminal_SDL_core@SDL_core@ui@modules@UModSys@@UAE_NW4eTerminalState@libui@5@@Z 10001a10 f i umodsys_lib_libui:umodsys.mod.ui.SDL_core.obj
 0001:00000a60       ?set_terminal_caption@RTerminal_SDL_core@SDL_core@ui@modules@UModSys@@UAE_NPBD@Z 10001a60 f i umodsys_lib_libui:umodsys.mod.ui.SDL_core.obj
 0001:00000a70       ?get_clock@RTerminal_SDL_core@SDL_core@ui@modules@UModSys@@UAENXZ 10001a70 f i umodsys_lib_libui:umodsys.mod.ui.SDL_core.obj
 0001:00000a90       ?wait@RTerminal_SDL_core@SDL_core@ui@modules@UModSys@@UAE_NM@Z 10001a90 f i umodsys_lib_libui:umodsys.mod.ui.SDL_core.obj
 0001:00000ad0       ?terminal_reset@RTerminal_SDL_core@SDL_core@ui@modules@UModSys@@UAE_NXZ 10001ad0 f i umodsys_lib_libui:umodsys.mod.ui.SDL_core.obj
 0001:00000ae0       ?get_input_keyboard@RTerminal_SDL_core@SDL_core@ui@modules@UModSys@@UAEAAU?$TITerminalConnection@UIKeyboardController@libui@UModSys@@@libui@5@XZ 10001ae0 f i umodsys_lib_libui:umodsys.mod.ui.SDL_core.obj
 0001:00000af0       ?get_input_mouse@RTerminal_SDL_core@SDL_core@ui@modules@UModSys@@UAEAAU?$TITerminalConnection@UIMouseController@libui@UModSys@@@libui@5@XZ 10001af0 f i umodsys_lib_libui:umodsys.mod.ui.SDL_core.obj
 0001:00000b00       ?get_input_touch@RTerminal_SDL_core@SDL_core@ui@modules@UModSys@@UAEAAU?$TITerminalConnection@UITouchController@libui@UModSys@@@libui@5@XZ 10001b00 f i umodsys_lib_libui:umodsys.mod.ui.SDL_core.obj
 0001:00000b10       ?get_input_joystick@RTerminal_SDL_core@SDL_core@ui@modules@UModSys@@UAEAAU?$TITerminalConnection@UIJoystickController@libui@UModSys@@@libui@5@XZ 10001b10 f i umodsys_lib_libui:umodsys.mod.ui.SDL_core.obj
 0001:00000b20       ?get_input_2d@RTerminal_SDL_core@SDL_core@ui@modules@UModSys@@UAEAAU?$TITerminalConnection@UICaptureDriver@lib2d@UModSys@@@libui@5@XZ 10001b20 f i umodsys_lib_libui:umodsys.mod.ui.SDL_core.obj
 0001:00000b30       ?get_input_3d@RTerminal_SDL_core@SDL_core@ui@modules@UModSys@@UAEAAU?$TITerminalConnection@UICaptureDriver@lib3d@UModSys@@@libui@5@XZ 10001b30 f i umodsys_lib_libui:umodsys.mod.ui.SDL_core.obj
 0001:00000b40       ?get_input_movie@RTerminal_SDL_core@SDL_core@ui@modules@UModSys@@UAEAAU?$TITerminalConnection@UICaptureDriver@libmovie@UModSys@@@libui@5@XZ 10001b40 f i umodsys_lib_libui:umodsys.mod.ui.SDL_core.obj
 0001:00000b50       ?get_input_sound@RTerminal_SDL_core@SDL_core@ui@modules@UModSys@@UAEAAU?$TITerminalConnection@UICaptureDriver@libsound@UModSys@@@libui@5@XZ 10001b50 f i umodsys_lib_libui:umodsys.mod.ui.SDL_core.obj
 0001:00000b60       ?get_input_music@RTerminal_SDL_core@SDL_core@ui@modules@UModSys@@UAEAAU?$TITerminalConnection@UICaptureDriver@libmusic@UModSys@@@libui@5@XZ 10001b60 f i umodsys_lib_libui:umodsys.mod.ui.SDL_core.obj
 0001:00000b70       ?get_output_3d@RTerminal_SDL_core@SDL_core@ui@modules@UModSys@@UAEAAU?$TITerminalConnection@UIRenderDriver@lib3d@UModSys@@@libui@5@XZ 10001b70 f i umodsys_lib_libui:umodsys.mod.ui.SDL_core.obj
 0001:00000b80       ?get_output_2d@RTerminal_SDL_core@SDL_core@ui@modules@UModSys@@UAEAAU?$TITerminalConnection@UIRenderDriver@lib2d@UModSys@@@libui@5@XZ 10001b80 f i umodsys_lib_libui:umodsys.mod.ui.SDL_core.obj
 0001:00000b90       ?get_output_movie@RTerminal_SDL_core@SDL_core@ui@modules@UModSys@@UAEAAU?$TITerminalConnection@UIRenderDriver@libmovie@UModSys@@@libui@5@XZ 10001b90 f i umodsys_lib_libui:umodsys.mod.ui.SDL_core.obj
 0001:00000ba0       ?get_output_sound@RTerminal_SDL_core@SDL_core@ui@modules@UModSys@@UAEAAU?$TITerminalConnection@UIRenderDriver@libsound@UModSys@@@libui@5@XZ 10001ba0 f i umodsys_lib_libui:umodsys.mod.ui.SDL_core.obj
 0001:00000bb0       ?get_output_music@RTerminal_SDL_core@SDL_core@ui@modules@UModSys@@UAEAAU?$TITerminalConnection@UIRenderDriver@libmusic@UModSys@@@libui@5@XZ 10001bb0 f i umodsys_lib_libui:umodsys.mod.ui.SDL_core.obj
 0001:00000bc0       ??_ERTerminal_SDL_core@SDL_core@ui@modules@UModSys@@UAEPAXI@Z 10001bc0 f i  CIL library: CIL module
 0001:00000bc0       ??_GRTerminal_SDL_core@SDL_core@ui@modules@UModSys@@UAEPAXI@Z 10001bc0 f i umodsys_lib_libui:umodsys.mod.ui.SDL_core.obj
 0001:00000c00       ?get_generated_names@RGenerator@SDL_core@ui@modules@UModSys@@UBEHAAUSUniquePtrList@core@5@@Z 10001c00 f i umodsys_lib_libui:umodsys.mod.ui.SDL_core.obj
 0001:00000c20       ?get_generated_types@RGenerator@SDL_core@ui@modules@UModSys@@UBEHAAUSUniquePtrList@core@5@PBUSUniquePointerInfo@75@@Z 10001c20 f i umodsys_lib_libui:umodsys.mod.ui.SDL_core.obj
 0001:00000c70       ?generate@RGenerator@SDL_core@ui@modules@UModSys@@UAE_NAAU?$TRefObject@UIRefObject@core@UModSys@@U?$TRefObjectFunc@UIRefObject@core@UModSys@@@tl@3@@tl@5@PBUSUniquePointerInfo@core@5@ABUSParameters@95@@Z 10001c70 f i umodsys_lib_libui:umodsys.mod.ui.SDL_core.obj
 0001:00000ca0       ?root_get_interface_info@RGenerator@SDL_core@ui@modules@UModSys@@UBEABUSUniquePointerInfo@core@5@XZ 10001ca0 f i umodsys_lib_libui:umodsys.mod.ui.SDL_core.obj
 0001:00000cb0       ?root_get_interface_type@RGenerator@SDL_core@ui@modules@UModSys@@UBEPBUSUniquePointerInfo@core@5@XZ 10001cb0 f i umodsys_lib_libui:umodsys.mod.ui.SDL_core.obj
 0001:00000cc0       ?root_get_other_interface@RGenerator@SDL_core@ui@modules@UModSys@@UBEPBUIRoot@core@5@PBUSUniquePointerInfo@75@@Z 10001cc0 f i umodsys_lib_libui:umodsys.mod.ui.SDL_core.obj
 0001:00000cc0       ?root_get_other_interface@RGenerator@SDL_core@ui@modules@UModSys@@UAEPAUIRoot@core@5@PBUSUniquePointerInfo@75@@Z 10001cc0 f i umodsys_lib_libui:umodsys.mod.ui.SDL_core.obj
 0001:00000d00       ?root_is_interface_supported@RGenerator@SDL_core@ui@modules@UModSys@@UBE_NPBUSUniquePointerInfo@core@5@@Z 10001d00 f i umodsys_lib_libui:umodsys.mod.ui.SDL_core.obj
 0001:00000d40       ?get_uid@RGenerator@SDL_core@ui@modules@UModSys@@UBEPBUSUniquePointerInfo@core@5@XZ 10001d40 f i umodsys_lib_libui:umodsys.mod.ui.SDL_core.obj
 0001:00000d50       ?do_open@RModuleReg@SDL_core@ui@modules@UModSys@@UAE_NXZ 10001d50 f i umodsys_lib_libui:umodsys.mod.ui.SDL_core.obj
 0001:00000d60       ?do_close@RModuleReg@SDL_core@ui@modules@UModSys@@UAE_NXZ 10001d60 f i umodsys_lib_libui:umodsys.mod.ui.SDL_core.obj
 0001:00000d70       ??_ERModuleReg@SDL_core@ui@modules@UModSys@@UAEPAXI@Z 10001d70 f i  CIL library: CIL module
 0001:00000d70       ??_GRModuleReg@SDL_core@ui@modules@UModSys@@UAEPAXI@Z 10001d70 f i umodsys_lib_libui:umodsys.mod.ui.SDL_core.obj
 0001:00000da0       ?get_handler@?$TRTerminalConnectionNull@UIMouseController@libui@UModSys@@@libui@UModSys@@UBEPAUIMouseController@23@I@Z 10001da0 f i umodsys_lib_libui:umodsys.mod.ui.SDL_core.obj
 0001:00000da0       ?get_handler@?$TRTerminalConnectionNull@UICaptureDriver@lib3d@UModSys@@@libui@UModSys@@UBEPAUICaptureDriver@lib3d@3@I@Z 10001da0 f i umodsys_lib_libui:umodsys.mod.ui.SDL_core.obj
 0001:00000da0       ?get_friend_handler@?$TRTerminalConnectionNull@UIRenderDriver@lib2d@UModSys@@@libui@UModSys@@UBEPAUIRenderDriver@lib2d@3@PAUIRefObject@core@3@@Z 10001da0 f i umodsys_lib_libui:umodsys.mod.ui.SDL_core.obj
 0001:00000da0       ?get_handler@?$TRTerminalConnectionNull@UIKeyboardController@libui@UModSys@@@libui@UModSys@@UBEPAUIKeyboardController@23@PBD@Z 10001da0 f i umodsys_lib_libui:umodsys.mod.ui.SDL_core.obj
 0001:00000da0       ?get_handler@?$TRTerminalConnectionNull@UIRenderDriver@lib2d@UModSys@@@libui@UModSys@@UBEPAUIRenderDriver@lib2d@3@PBD@Z 10001da0 f i umodsys_lib_libui:umodsys.mod.ui.SDL_core.obj
 0001:00000da0       ?get_handler@?$TRTerminalConnectionNull@UIRenderDriver@lib3d@UModSys@@@libui@UModSys@@UBEPAUIRenderDriver@lib3d@3@PBD@Z 10001da0 f i umodsys_lib_libui:umodsys.mod.ui.SDL_core.obj
 0001:00000da0       ?get_friend_handler@?$TRTerminalConnectionNull@UICaptureDriver@libmusic@UModSys@@@libui@UModSys@@UBEPAUICaptureDriver@libmusic@3@PAUIRefObject@core@3@@Z 10001da0 f i umodsys_lib_libui:umodsys.mod.ui.SDL_core.obj
 0001:00000da0       ?get_friend_handler@?$TRTerminalConnectionNull@UITouchController@libui@UModSys@@@libui@UModSys@@UBEPAUITouchController@23@PAUIRefObject@core@3@@Z 10001da0 f i umodsys_lib_libui:umodsys.mod.ui.SDL_core.obj
 0001:00000da0       ?get_friend_handler@?$TRTerminalConnectionNull@UICaptureDriver@libmovie@UModSys@@@libui@UModSys@@UBEPAUICaptureDriver@libmovie@3@PAUIRefObject@core@3@@Z 10001da0 f i umodsys_lib_libui:umodsys.mod.ui.SDL_core.obj
 0001:00000da0       ?get_handler@?$TRTerminalConnectionNull@UICaptureDriver@lib2d@UModSys@@@libui@UModSys@@UBEPAUICaptureDriver@lib2d@3@PBD@Z 10001da0 f i umodsys_lib_libui:umodsys.mod.ui.SDL_core.obj
 0001:00000da0       ?get_handler@?$TRTerminalConnectionNull@UIRenderDriver@lib2d@UModSys@@@libui@UModSys@@UBEPAUIRenderDriver@lib2d@3@I@Z 10001da0 f i umodsys_lib_libui:umodsys.mod.ui.SDL_core.obj
 0001:00000da0       ?get_handler@?$TRTerminalConnectionNull@UIRenderDriver@libsound@UModSys@@@libui@UModSys@@UBEPAUIRenderDriver@libsound@3@I@Z 10001da0 f i umodsys_lib_libui:umodsys.mod.ui.SDL_core.obj
 0001:00000da0       ?get_friend_handler@?$TRTerminalConnectionNull@UICaptureDriver@libsound@UModSys@@@libui@UModSys@@UBEPAUICaptureDriver@libsound@3@PAUIRefObject@core@3@@Z 10001da0 f i umodsys_lib_libui:umodsys.mod.ui.SDL_core.obj
 0001:00000da0       ?get_handler@?$TRTerminalConnectionNull@UIRenderDriver@libmovie@UModSys@@@libui@UModSys@@UBEPAUIRenderDriver@libmovie@3@PBD@Z 10001da0 f i umodsys_lib_libui:umodsys.mod.ui.SDL_core.obj
 0001:00000da0       ?get_friend_handler@?$TRTerminalConnectionNull@UIMouseController@libui@UModSys@@@libui@UModSys@@UBEPAUIMouseController@23@PAUIRefObject@core@3@@Z 10001da0 f i umodsys_lib_libui:umodsys.mod.ui.SDL_core.obj
 0001:00000da0       ?get_handler@?$TRTerminalConnectionNull@UICaptureDriver@libmusic@UModSys@@@libui@UModSys@@UBEPAUICaptureDriver@libmusic@3@PBD@Z 10001da0 f i umodsys_lib_libui:umodsys.mod.ui.SDL_core.obj
 0001:00000da0       ?get_handler@?$TRTerminalConnectionNull@UICaptureDriver@libmovie@UModSys@@@libui@UModSys@@UBEPAUICaptureDriver@libmovie@3@I@Z 10001da0 f i umodsys_lib_libui:umodsys.mod.ui.SDL_core.obj
 0001:00000da0       ?get_handler@?$TRTerminalConnectionNull@UICaptureDriver@libsound@UModSys@@@libui@UModSys@@UBEPAUICaptureDriver@libsound@3@I@Z 10001da0 f i umodsys_lib_libui:umodsys.mod.ui.SDL_core.obj
 0001:00000da0       ?get_handler@?$TRTerminalConnectionNull@UICaptureDriver@libsound@UModSys@@@libui@UModSys@@UBEPAUICaptureDriver@libsound@3@PBD@Z 10001da0 f i umodsys_lib_libui:umodsys.mod.ui.SDL_core.obj
 0001:00000da0       ?get_handler@?$TRTerminalConnectionNull@UIJoystickController@libui@UModSys@@@libui@UModSys@@UBEPAUIJoystickController@23@I@Z 10001da0 f i umodsys_lib_libui:umodsys.mod.ui.SDL_core.obj
 0001:00000da0       ?get_friend_handler@?$TRTerminalConnectionNull@UIKeyboardController@libui@UModSys@@@libui@UModSys@@UBEPAUIKeyboardController@23@PAUIRefObject@core@3@@Z 10001da0 f i umodsys_lib_libui:umodsys.mod.ui.SDL_core.obj
 0001:00000da0       ?get_handler@?$TRTerminalConnectionNull@UICaptureDriver@lib3d@UModSys@@@libui@UModSys@@UBEPAUICaptureDriver@lib3d@3@PBD@Z 10001da0 f i umodsys_lib_libui:umodsys.mod.ui.SDL_core.obj
 0001:00000da0       ?get_handler@?$TRTerminalConnectionNull@UIRenderDriver@lib3d@UModSys@@@libui@UModSys@@UBEPAUIRenderDriver@lib3d@3@I@Z 10001da0 f i umodsys_lib_libui:umodsys.mod.ui.SDL_core.obj
 0001:00000da0       ?get_handler@?$TRTerminalConnectionNull@UITouchController@libui@UModSys@@@libui@UModSys@@UBEPAUITouchController@23@PBD@Z 10001da0 f i umodsys_lib_libui:umodsys.mod.ui.SDL_core.obj
 0001:00000da0       ?get_friend_handler@?$TRTerminalConnectionNull@UIRenderDriver@libsound@UModSys@@@libui@UModSys@@UBEPAUIRenderDriver@libsound@3@PAUIRefObject@core@3@@Z 10001da0 f i umodsys_lib_libui:umodsys.mod.ui.SDL_core.obj
 0001:00000da0       ?get_handler@?$TRTerminalConnectionNull@UIRenderDriver@libsound@UModSys@@@libui@UModSys@@UBEPAUIRenderDriver@libsound@3@PBD@Z 10001da0 f i umodsys_lib_libui:umodsys.mod.ui.SDL_core.obj
 0001:00000da0       ?get_handler@?$TRTerminalConnectionNull@UICaptureDriver@libmovie@UModSys@@@libui@UModSys@@UBEPAUICaptureDriver@libmovie@3@PBD@Z 10001da0 f i umodsys_lib_libui:umodsys.mod.ui.SDL_core.obj
 0001:00000da0       ?get_friend_handler@?$TRTerminalConnectionNull@UICaptureDriver@lib3d@UModSys@@@libui@UModSys@@UBEPAUICaptureDriver@lib3d@3@PAUIRefObject@core@3@@Z 10001da0 f i umodsys_lib_libui:umodsys.mod.ui.SDL_core.obj
 0001:00000da0       ?get_handler@?$TRTerminalConnectionNull@UITouchController@libui@UModSys@@@libui@UModSys@@UBEPAUITouchController@23@I@Z 10001da0 f i umodsys_lib_libui:umodsys.mod.ui.SDL_core.obj
 0001:00000da0       ?get_handler@?$TRTerminalConnectionNull@UICaptureDriver@lib2d@UModSys@@@libui@UModSys@@UBEPAUICaptureDriver@lib2d@3@I@Z 10001da0 f i umodsys_lib_libui:umodsys.mod.ui.SDL_core.obj
 0001:00000da0       ?get_friend_handler@?$TRTerminalConnectionNull@UIRenderDriver@lib3d@UModSys@@@libui@UModSys@@UBEPAUIRenderDriver@lib3d@3@PAUIRefObject@core@3@@Z 10001da0 f i umodsys_lib_libui:umodsys.mod.ui.SDL_core.obj
 0001:00000da0       ?get_friend_handler@?$TRTerminalConnectionNull@UICaptureDriver@lib2d@UModSys@@@libui@UModSys@@UBEPAUICaptureDriver@lib2d@3@PAUIRefObject@core@3@@Z 10001da0 f i umodsys_lib_libui:umodsys.mod.ui.SDL_core.obj
 0001:00000da0       ?get_friend_handler@?$TRTerminalConnectionNull@UIJoystickController@libui@UModSys@@@libui@UModSys@@UBEPAUIJoystickController@23@PAUIRefObject@core@3@@Z 10001da0 f i umodsys_lib_libui:umodsys.mod.ui.SDL_core.obj
 0001:00000da0       ?get_friend_handler@?$TRTerminalConnectionNull@UIRenderDriver@libmovie@UModSys@@@libui@UModSys@@UBEPAUIRenderDriver@libmovie@3@PAUIRefObject@core@3@@Z 10001da0 f i umodsys_lib_libui:umodsys.mod.ui.SDL_core.obj
 0001:00000da0       ?get_handler@?$TRTerminalConnectionNull@UIJoystickController@libui@UModSys@@@libui@UModSys@@UBEPAUIJoystickController@23@PBD@Z 10001da0 f i umodsys_lib_libui:umodsys.mod.ui.SDL_core.obj
 0001:00000da0       ?get_handler@?$TRTerminalConnectionNull@UIMouseController@libui@UModSys@@@libui@UModSys@@UBEPAUIMouseController@23@PBD@Z 10001da0 f i umodsys_lib_libui:umodsys.mod.ui.SDL_core.obj
 0001:00000da0       ?get_friend_handler@?$TRTerminalConnectionNull@UIRenderDriver@libmusic@UModSys@@@libui@UModSys@@UBEPAUIRenderDriver@libmusic@3@PAUIRefObject@core@3@@Z 10001da0 f i umodsys_lib_libui:umodsys.mod.ui.SDL_core.obj
 0001:00000da0       ?get_handler@?$TRTerminalConnectionNull@UICaptureDriver@libmusic@UModSys@@@libui@UModSys@@UBEPAUICaptureDriver@libmusic@3@I@Z 10001da0 f i umodsys_lib_libui:umodsys.mod.ui.SDL_core.obj
 0001:00000da0       ?get_handler@?$TRTerminalConnectionNull@UIRenderDriver@libmusic@UModSys@@@libui@UModSys@@UBEPAUIRenderDriver@libmusic@3@PBD@Z 10001da0 f i umodsys_lib_libui:umodsys.mod.ui.SDL_core.obj
 0001:00000da0       ?get_handler@?$TRTerminalConnectionNull@UIRenderDriver@libmovie@UModSys@@@libui@UModSys@@UBEPAUIRenderDriver@libmovie@3@I@Z 10001da0 f i umodsys_lib_libui:umodsys.mod.ui.SDL_core.obj
 0001:00000da0       ?get_handler@?$TRTerminalConnectionNull@UIKeyboardController@libui@UModSys@@@libui@UModSys@@UBEPAUIKeyboardController@23@I@Z 10001da0 f i umodsys_lib_libui:umodsys.mod.ui.SDL_core.obj
 0001:00000da0       ?get_handler@?$TRTerminalConnectionNull@UIRenderDriver@libmusic@UModSys@@@libui@UModSys@@UBEPAUIRenderDriver@libmusic@3@I@Z 10001da0 f i umodsys_lib_libui:umodsys.mod.ui.SDL_core.obj
 0001:00000db0       ?get_count@?$TRTerminalConnectionNull@UIJoystickController@libui@UModSys@@@libui@UModSys@@UBEIXZ 10001db0 f i umodsys_lib_libui:umodsys.mod.ui.SDL_core.obj
 0001:00000db0       ?get_count@?$TRTerminalConnectionNull@UIRenderDriver@lib2d@UModSys@@@libui@UModSys@@UBEIXZ 10001db0 f i umodsys_lib_libui:umodsys.mod.ui.SDL_core.obj
 0001:00000db0       ?get_count@?$TRTerminalConnectionNull@UICaptureDriver@libsound@UModSys@@@libui@UModSys@@UBEIXZ 10001db0 f i umodsys_lib_libui:umodsys.mod.ui.SDL_core.obj
 0001:00000db0       ?get_count@?$TRTerminalConnectionNull@UIKeyboardController@libui@UModSys@@@libui@UModSys@@UBEIXZ 10001db0 f i umodsys_lib_libui:umodsys.mod.ui.SDL_core.obj
 0001:00000db0       ?get_count@?$TRTerminalConnectionNull@UIRenderDriver@lib3d@UModSys@@@libui@UModSys@@UBEIXZ 10001db0 f i umodsys_lib_libui:umodsys.mod.ui.SDL_core.obj
 0001:00000db0       ?get_count@?$TRTerminalConnectionNull@UICaptureDriver@libmovie@UModSys@@@libui@UModSys@@UBEIXZ 10001db0 f i umodsys_lib_libui:umodsys.mod.ui.SDL_core.obj
 0001:00000db0       ?get_count@?$TRTerminalConnectionNull@UITouchController@libui@UModSys@@@libui@UModSys@@UBEIXZ 10001db0 f i umodsys_lib_libui:umodsys.mod.ui.SDL_core.obj
 0001:00000db0       ?get_count@?$TRTerminalConnectionNull@UICaptureDriver@lib2d@UModSys@@@libui@UModSys@@UBEIXZ 10001db0 f i umodsys_lib_libui:umodsys.mod.ui.SDL_core.obj
 0001:00000db0       ?get_count@?$TRTerminalConnectionNull@UICaptureDriver@lib3d@UModSys@@@libui@UModSys@@UBEIXZ 10001db0 f i umodsys_lib_libui:umodsys.mod.ui.SDL_core.obj
 0001:00000db0       ?get_count@?$TRTerminalConnectionNull@UIRenderDriver@libsound@UModSys@@@libui@UModSys@@UBEIXZ 10001db0 f i umodsys_lib_libui:umodsys.mod.ui.SDL_core.obj
 0001:00000db0       ?get_count@?$TRTerminalConnectionNull@UIRenderDriver@libmusic@UModSys@@@libui@UModSys@@UBEIXZ 10001db0 f i umodsys_lib_libui:umodsys.mod.ui.SDL_core.obj
 0001:00000db0       ?get_count@?$TRTerminalConnectionNull@UICaptureDriver@libmusic@UModSys@@@libui@UModSys@@UBEIXZ 10001db0 f i umodsys_lib_libui:umodsys.mod.ui.SDL_core.obj
 0001:00000db0       ?get_count@?$TRTerminalConnectionNull@UIRenderDriver@libmovie@UModSys@@@libui@UModSys@@UBEIXZ 10001db0 f i umodsys_lib_libui:umodsys.mod.ui.SDL_core.obj
 0001:00000db0       ?get_count@?$TRTerminalConnectionNull@UIMouseController@libui@UModSys@@@libui@UModSys@@UBEIXZ 10001db0 f i umodsys_lib_libui:umodsys.mod.ui.SDL_core.obj
 0001:00000dc0       ?create_handler@?$TRTerminalConnectionNull@UICaptureDriver@lib2d@UModSys@@@libui@UModSys@@UAE_NAAU?$TRefObject@UICaptureDriver@lib2d@UModSys@@U?$TRefObjectFunc@UICaptureDriver@lib2d@UModSys@@@tl@3@@tl@3@PBDPBUSParameters@core@3@@Z 10001dc0 f i umodsys_lib_libui:umodsys.mod.ui.SDL_core.obj
 0001:00000dc0       ?create_handler@?$TRTerminalConnectionNull@UIRenderDriver@libmusic@UModSys@@@libui@UModSys@@UAE_NAAU?$TRefObject@UIRenderDriver@libmusic@UModSys@@U?$TRefObjectFunc@UIRenderDriver@libmusic@UModSys@@@tl@3@@tl@3@PBDPBUSParameters@core@3@@Z 10001dc0 f i umodsys_lib_libui:umodsys.mod.ui.SDL_core.obj
 0001:00000dc0       ?create_handler@?$TRTerminalConnectionNull@UICaptureDriver@libmovie@UModSys@@@libui@UModSys@@UAE_NAAU?$TRefObject@UICaptureDriver@libmovie@UModSys@@U?$TRefObjectFunc@UICaptureDriver@libmovie@UModSys@@@tl@3@@tl@3@PBDPBUSParameters@core@3@@Z 10001dc0 f i umodsys_lib_libui:umodsys.mod.ui.SDL_core.obj
 0001:00000dc0       ?create_handler@?$TRTerminalConnectionNull@UIMouseController@libui@UModSys@@@libui@UModSys@@UAE_NAAU?$TRefObject@UIMouseController@libui@UModSys@@U?$TRefObjectFunc@UIMouseController@libui@UModSys@@@tl@3@@tl@3@PBDPBUSParameters@core@3@@Z 10001dc0 f i umodsys_lib_libui:umodsys.mod.ui.SDL_core.obj
 0001:00000dc0       ?create_handler@?$TRTerminalConnectionNull@UICaptureDriver@lib3d@UModSys@@@libui@UModSys@@UAE_NAAU?$TRefObject@UICaptureDriver@lib3d@UModSys@@U?$TRefObjectFunc@UICaptureDriver@lib3d@UModSys@@@tl@3@@tl@3@PBDPBUSParameters@core@3@@Z 10001dc0 f i umodsys_lib_libui:umodsys.mod.ui.SDL_core.obj
 0001:00000dc0       ?create_handler@?$TRTerminalConnectionNull@UICaptureDriver@libmusic@UModSys@@@libui@UModSys@@UAE_NAAU?$TRefObject@UICaptureDriver@libmusic@UModSys@@U?$TRefObjectFunc@UICaptureDriver@libmusic@UModSys@@@tl@3@@tl@3@PBDPBUSParameters@core@3@@Z 10001dc0 f i umodsys_lib_libui:umodsys.mod.ui.SDL_core.obj
 0001:00000dc0       ?create_handler@?$TRTerminalConnectionNull@UIJoystickController@libui@UModSys@@@libui@UModSys@@UAE_NAAU?$TRefObject@UIJoystickController@libui@UModSys@@U?$TRefObjectFunc@UIJoystickController@libui@UModSys@@@tl@3@@tl@3@PBDPBUSParameters@core@3@@Z 10001dc0 f i umodsys_lib_libui:umodsys.mod.ui.SDL_core.obj
 0001:00000dc0       ?create_handler@?$TRTerminalConnectionNull@UIRenderDriver@lib3d@UModSys@@@libui@UModSys@@UAE_NAAU?$TRefObject@UIRenderDriver@lib3d@UModSys@@U?$TRefObjectFunc@UIRenderDriver@lib3d@UModSys@@@tl@3@@tl@3@PBDPBUSParameters@core@3@@Z 10001dc0 f i umodsys_lib_libui:umodsys.mod.ui.SDL_core.obj
 0001:00000dc0       ?create_handler@?$TRTerminalConnectionNull@UIRenderDriver@libmovie@UModSys@@@libui@UModSys@@UAE_NAAU?$TRefObject@UIRenderDriver@libmovie@UModSys@@U?$TRefObjectFunc@UIRenderDriver@libmovie@UModSys@@@tl@3@@tl@3@PBDPBUSParameters@core@3@@Z 10001dc0 f i umodsys_lib_libui:umodsys.mod.ui.SDL_core.obj
 0001:00000dc0       ?create_handler@?$TRTerminalConnectionNull@UICaptureDriver@libsound@UModSys@@@libui@UModSys@@UAE_NAAU?$TRefObject@UICaptureDriver@libsound@UModSys@@U?$TRefObjectFunc@UICaptureDriver@libsound@UModSys@@@tl@3@@tl@3@PBDPBUSParameters@core@3@@Z 10001dc0 f i umodsys_lib_libui:umodsys.mod.ui.SDL_core.obj
 0001:00000dc0       ?create_handler@?$TRTerminalConnectionNull@UIRenderDriver@lib2d@UModSys@@@libui@UModSys@@UAE_NAAU?$TRefObject@UIRenderDriver@lib2d@UModSys@@U?$TRefObjectFunc@UIRenderDriver@lib2d@UModSys@@@tl@3@@tl@3@PBDPBUSParameters@core@3@@Z 10001dc0 f i umodsys_lib_libui:umodsys.mod.ui.SDL_core.obj
 0001:00000dc0       ?create_handler@?$TRTerminalConnectionNull@UITouchController@libui@UModSys@@@libui@UModSys@@UAE_NAAU?$TRefObject@UITouchController@libui@UModSys@@U?$TRefObjectFunc@UITouchController@libui@UModSys@@@tl@3@@tl@3@PBDPBUSParameters@core@3@@Z 10001dc0 f i umodsys_lib_libui:umodsys.mod.ui.SDL_core.obj
 0001:00000dc0       ?create_handler@?$TRTerminalConnectionNull@UIKeyboardController@libui@UModSys@@@libui@UModSys@@UAE_NAAU?$TRefObject@UIKeyboardController@libui@UModSys@@U?$TRefObjectFunc@UIKeyboardController@libui@UModSys@@@tl@3@@tl@3@PBDPBUSParameters@core@3@@Z 10001dc0 f i umodsys_lib_libui:umodsys.mod.ui.SDL_core.obj
 0001:00000dc0       ?create_handler@?$TRTerminalConnectionNull@UIRenderDriver@libsound@UModSys@@@libui@UModSys@@UAE_NAAU?$TRefObject@UIRenderDriver@libsound@UModSys@@U?$TRefObjectFunc@UIRenderDriver@libsound@UModSys@@@tl@3@@tl@3@PBDPBUSParameters@core@3@@Z 10001dc0 f i umodsys_lib_libui:umodsys.mod.ui.SDL_core.obj
 0001:00000dd0       ?obj_delete@?$TRefObjectLinksModObject@URTerminal_SDL_core@SDL_core@ui@modules@UModSys@@UIModObject@base@5@@tl@UModSys@@QBEXPAURTerminal_SDL_core@SDL_core@ui@modules@3@@Z 10001dd0 f i umodsys_lib_libui:umodsys.mod.ui.SDL_core.obj
 0001:00000dd0       ?obj_delete@?$TRefObjectLinksModObject@URTest1_Shell@test1@test@modules@UModSys@@UIModObject@base@5@@tl@UModSys@@QBEXPAURTest1_Shell@test1@test@modules@3@@Z 10001dd0 f i plugin_test1.obj
 0001:00000dd0       ?obj_delete@?$TRefObjectLinksModObject@URMediaFilter@images_std@media@modules@UModSys@@UIModObject@base@5@@tl@UModSys@@QBEXPAURMediaFilter@images_std@media@modules@3@@Z 10001dd0 f i umodsys_lib_libmedia:umodsys.mod.media.images_std.obj
 0001:00000e40       ??$t_gen_param@URTerminal_SDL_core@SDL_core@ui@modules@UModSys@@URGenerator@2345@@IGenerator@base@UModSys@@IAE_NPAURGenerator@SDL_core@ui@modules@2@AAU?$TRefObject@UIRefObject@core@UModSys@@U?$TRefObjectFunc@UIRefObject@core@UModSys@@@tl@3@@tl@2@PBUSUniquePointerInfo@core@2@ABUSParameters@core@2@@Z 10001e40 f i umodsys_lib_libui:umodsys.mod.ui.SDL_core.obj
 0001:00000eb0       ?alloc@SMemShared@core@UModSys@@QAE_NIPAUSSourceContext@23@@Z 10001eb0 f i umodsys_lib_libmedia:umodsys.mod.media.images_std.obj
 0001:00000ef0       ?get@SMemShared@core@UModSys@@QBE?AUSMem@23@XZ 10001ef0 f i umodsys_lib_libmedia:umodsys.mod.media.images_std.obj
 0001:00000f40       ?get@SParameters@core@UModSys@@QBE_NPBDAA_N@Z 10001f40 f i umodsys_lib_libmedia:umodsys.mod.media.images_std.obj
 0001:00000f80       ?is_extension_nocase@libmedia@UModSys@@YA_NABU?$TString@U?$TSCoreConst@D@su@tl@UModSys@@U?$TComparerBinaryHash@D@234@@tl@2@0@Z 10001f80 f i umodsys_lib_libmedia:umodsys.mod.media.images_std.obj
 0001:00000fb0       ?root_get_interface_info@RMediaFilter@images_std@media@modules@UModSys@@UBEABUSUniquePointerInfo@core@5@XZ 10001fb0 f i umodsys_lib_libmedia:umodsys.mod.media.images_std.obj
 0001:00000fc0       ?root_get_interface_type@RMediaFilter@images_std@media@modules@UModSys@@UBEPBUSUniquePointerInfo@core@5@XZ 10001fc0 f i umodsys_lib_libmedia:umodsys.mod.media.images_std.obj
 0001:00000fd0       ?root_get_other_interface@RMediaFilter@images_std@media@modules@UModSys@@UAEPAUIRoot@core@5@PBUSUniquePointerInfo@75@@Z 10001fd0 f i umodsys_lib_libmedia:umodsys.mod.media.images_std.obj
 0001:00000fd0       ?root_get_other_interface@RMediaFilter@images_std@media@modules@UModSys@@UBEPBUIRoot@core@5@PBUSUniquePointerInfo@75@@Z 10001fd0 f i umodsys_lib_libmedia:umodsys.mod.media.images_std.obj
 0001:00001000       ?root_is_interface_supported@RMediaFilter@images_std@media@modules@UModSys@@UBE_NPBUSUniquePointerInfo@core@5@@Z 10002000 f i umodsys_lib_libmedia:umodsys.mod.media.images_std.obj
 0001:00001040       ?ref_add@RMediaFilter@images_std@media@modules@UModSys@@UBEXXZ 10002040 f i umodsys_lib_libmedia:umodsys.mod.media.images_std.obj
 0001:00001050       ?ref_remove@RMediaFilter@images_std@media@modules@UModSys@@UBEXXZ 10002050 f i umodsys_lib_libmedia:umodsys.mod.media.images_std.obj
 0001:00001060       ?ref_links@RMediaFilter@images_std@media@modules@UModSys@@UBEHXZ 10002060 f i umodsys_lib_libmedia:umodsys.mod.media.images_std.obj
 0001:00001070       ?ref_weak@RMediaFilter@images_std@media@modules@UModSys@@UBE_NAAUWeakPointer@IRefObject@core@5@@Z 10002070 f i umodsys_lib_libmedia:umodsys.mod.media.images_std.obj
 0001:00001090       ?suicide@RMediaFilter@images_std@media@modules@UModSys@@UAEXXZ 10002090 f i umodsys_lib_libmedia:umodsys.mod.media.images_std.obj
 0001:000010a0       ?get_flag@RMediaFilter@images_std@media@modules@UModSys@@UBE?AW4eStates@?$TFlags4State@USMediaFlagUid@libmedia@UModSys@@I@tl@5@H@Z 100020a0 f i umodsys_lib_libmedia:umodsys.mod.media.images_std.obj
 0001:000010c0       ?get_flags_auto@RMediaFilter@images_std@media@modules@UModSys@@UBE?AU?$TFlags4State@USMediaFlagUid@libmedia@UModSys@@I@tl@5@XZ 100020c0 f i umodsys_lib_libmedia:umodsys.mod.media.images_std.obj
 0001:000010d0       ?set_flag@RMediaFilter@images_std@media@modules@UModSys@@UAE?AW4eStates@?$TFlags4State@USMediaFlagUid@libmedia@UModSys@@I@tl@5@HW46785@@Z 100020d0 f i umodsys_lib_libmedia:umodsys.mod.media.images_std.obj
 0001:00001100       ??0RMediaFilter@images_std@media@modules@UModSys@@QAE@PAUIModObject@base@4@ABUSParameters@core@4@@Z 10002100 f i umodsys_lib_libmedia:umodsys.mod.media.images_std.obj
 0001:000011d0       ??1RMediaFilter@images_std@media@modules@UModSys@@UAE@XZ 100021d0 f i umodsys_lib_libmedia:umodsys.mod.media.images_std.obj
 0001:00001240       ??_GRMediaFilter@images_std@media@modules@UModSys@@UAEPAXI@Z 10002240 f i umodsys_lib_libmedia:umodsys.mod.media.images_std.obj
 0001:00001240       ??_ERMediaFilter@images_std@media@modules@UModSys@@UAEPAXI@Z 10002240 f i  CIL library: CIL module
 0001:00001260       ?get_generated_names@RGenerator@images_std@media@modules@UModSys@@UBEHAAUSUniquePtrList@core@5@@Z 10002260 f i umodsys_lib_libmedia:umodsys.mod.media.images_std.obj
 0001:00001280       ?get_generated_types@RGenerator@images_std@media@modules@UModSys@@UBEHAAUSUniquePtrList@core@5@PBUSUniquePointerInfo@75@@Z 10002280 f i umodsys_lib_libmedia:umodsys.mod.media.images_std.obj
 0001:000012d0       ?generate@RGenerator@images_std@media@modules@UModSys@@UAE_NAAU?$TRefObject@UIRefObject@core@UModSys@@U?$TRefObjectFunc@UIRefObject@core@UModSys@@@tl@3@@tl@5@PBUSUniquePointerInfo@core@5@ABUSParameters@95@@Z 100022d0 f i umodsys_lib_libmedia:umodsys.mod.media.images_std.obj
 0001:00001300       ?root_get_interface_info@RGenerator@images_std@media@modules@UModSys@@UBEABUSUniquePointerInfo@core@5@XZ 10002300 f i umodsys_lib_libmedia:umodsys.mod.media.images_std.obj
 0001:00001310       ?root_get_interface_type@RGenerator@images_std@media@modules@UModSys@@UBEPBUSUniquePointerInfo@core@5@XZ 10002310 f i umodsys_lib_libmedia:umodsys.mod.media.images_std.obj
 0001:00001320       ?root_get_other_interface@RGenerator@images_std@media@modules@UModSys@@UBEPBUIRoot@core@5@PBUSUniquePointerInfo@75@@Z 10002320 f i umodsys_lib_libmedia:umodsys.mod.media.images_std.obj
 0001:00001320       ?root_get_other_interface@RGenerator@images_std@media@modules@UModSys@@UAEPAUIRoot@core@5@PBUSUniquePointerInfo@75@@Z 10002320 f i umodsys_lib_libmedia:umodsys.mod.media.images_std.obj
 0001:00001360       ?root_is_interface_supported@RGenerator@images_std@media@modules@UModSys@@UBE_NPBUSUniquePointerInfo@core@5@@Z 10002360 f i umodsys_lib_libmedia:umodsys.mod.media.images_std.obj
 0001:000013a0       ?suicide@RGenerator@SDL_core@ui@modules@UModSys@@UAEXXZ 100023a0 f i umodsys_lib_libui:umodsys.mod.ui.SDL_core.obj
 0001:000013a0       ?suicide@RGenerator@test1@test@modules@UModSys@@UAEXXZ 100023a0 f i plugin_test1.obj
 0001:000013a0       ?suicide@RGenerator@images_std@media@modules@UModSys@@UAEXXZ 100023a0 f i umodsys_lib_libmedia:umodsys.mod.media.images_std.obj
 0001:000013b0       ?get_uid@RGenerator@images_std@media@modules@UModSys@@UBEPBUSUniquePointerInfo@core@5@XZ 100023b0 f i umodsys_lib_libmedia:umodsys.mod.media.images_std.obj
 0001:000013c0       ?do_open@RModuleReg@images_std@media@modules@UModSys@@UAE_NXZ 100023c0 f i umodsys_lib_libmedia:umodsys.mod.media.images_std.obj
 0001:000013d0       ?do_close@RModuleReg@images_std@media@modules@UModSys@@UAE_NXZ 100023d0 f i umodsys_lib_libmedia:umodsys.mod.media.images_std.obj
 0001:000013e0       ??_ERModuleReg@images_std@media@modules@UModSys@@UAEPAXI@Z 100023e0 f i  CIL library: CIL module
 0001:000013e0       ??_GRModuleReg@images_std@media@modules@UModSys@@UAEPAXI@Z 100023e0 f i umodsys_lib_libmedia:umodsys.mod.media.images_std.obj
 0001:00001410       ??$t_gen_param@URMediaFilter@images_std@media@modules@UModSys@@URGenerator@2345@@IGenerator@base@UModSys@@IAE_NPAURGenerator@images_std@media@modules@2@AAU?$TRefObject@UIRefObject@core@UModSys@@U?$TRefObjectFunc@UIRefObject@core@UModSys@@@tl@3@@tl@2@PBUSUniquePointerInfo@core@2@ABUSParameters@core@2@@Z 10002410 f i umodsys_lib_libmedia:umodsys.mod.media.images_std.obj
 0001:00001480       ??$ValidateConstruction@UIRefObject@core@UModSys@@URMediaFilter@images_std@media@modules@3@@core@UModSys@@YA_NAAU?$TRefObject@UIRefObject@core@UModSys@@U?$TRefObjectFunc@UIRefObject@core@UModSys@@@tl@3@@tl@1@PAURMediaFilter@images_std@media@modules@1@@Z 10002480 f i umodsys_lib_libmedia:umodsys.mod.media.images_std.obj
 0001:00001480       ??$ValidateConstruction@UIRefObject@core@UModSys@@URTerminal_SDL_core@SDL_core@ui@modules@3@@core@UModSys@@YA_NAAU?$TRefObject@UIRefObject@core@UModSys@@U?$TRefObjectFunc@UIRefObject@core@UModSys@@@tl@3@@tl@1@PAURTerminal_SDL_core@SDL_core@ui@modules@1@@Z 10002480 f i umodsys_lib_libui:umodsys.mod.ui.SDL_core.obj
 0001:00001500       ??_ERModuleLibraryReg_Chain@base@UModSys@@UAEPAXI@Z 10002500 f i  CIL library: CIL module
 0001:00001500       ??_GRModuleLibraryReg_Chain@base@UModSys@@UAEPAXI@Z 10002500 f i umodsys_lib_base:umodsys.base.moduleregchain.obj
 0001:00001520       ??_EIModuleReg@base@UModSys@@UAEPAXI@Z 10002520 f i  CIL library: CIL module
 0001:00001520       ??_GIModuleReg@base@UModSys@@UAEPAXI@Z 10002520 f i umodsys_lib_base:umodsys.base.modulereg.obj
 0001:00001540       ??_GIModuleLibraryReg@base@UModSys@@UAEPAXI@Z 10002540 f i umodsys_lib_base:umodsys.base.modulereg.obj
 0001:00001540       ??_EIModuleLibraryReg@base@UModSys@@UAEPAXI@Z 10002540 f i  CIL library: CIL module
 0001:00001560       ?Find@?$TSet@U?$TArray@PBUSUniquePointerInfo@core@UModSys@@@tl@UModSys@@U?$TScalarCompare@PBUSUniquePointerInfo@core@UModSys@@@core@3@@tl@UModSys@@QBEPBQBUSUniquePointerInfo@core@3@ABQBU453@@Z 10002560 f i umodsys_lib_core:umodsys.core.uniqueptrlist.obj
 0001:000015eb       __onexit                   100025eb f   MSVCRT:atonexit.obj
 0001:00001690       _atexit                    10002690 f   MSVCRT:atonexit.obj
 0001:000016a8       __purecall                 100026a8 f   MSVCRT:MSVCR90.dll
 0001:000016ae       ??3@YAXPAX@Z               100026ae f   MSVCRT:MSVCR90.dll
 0001:000016b4       ??_Etype_info@@UAEPAXI@Z   100026b4 f i MSVCRT:ti_inst.obj
 0001:0000174f       __CRT_INIT@12              1000274f f   MSVCRT:crtdll.obj
 0001:00001a8b       __DllMainCRTStartup@12     10002a8b f   MSVCRT:crtdll.obj
 0001:00001aae       __unlock                   10002aae f   MSVCRT:MSVCR90.dll
 0001:00001ab4       ___dllonexit               10002ab4 f   MSVCRT:MSVCR90.dll
 0001:00001aba       __lock                     10002aba f   MSVCRT:MSVCR90.dll
 0001:00001ac0       __SEH_prolog4              10002ac0 f   MSVCRT:sehprolg4.obj
 0001:00001b05       __SEH_epilog4              10002b05 f   MSVCRT:sehprolg4.obj
 0001:00001b19       __except_handler4          10002b19 f   MSVCRT:chandler4gs.obj
 0001:00001b3e       ?__ArrayUnwind@@YGXPAXIHP6EX0@Z@Z 10002b3e f   MSVCRT:ehvecdtr.obj
 0001:00001b9c       ??_M@YGXPAXIHP6EX0@Z@Z     10002b9c f   MSVCRT:ehvecdtr.obj
 0001:00001bff       ___clean_type_info_names   10002bff f   MSVCRT:tncleanup.obj
 0001:00001c0b       __RTC_Initialize           10002c0b f   MSVCRT:_initsect_.obj
 0001:00001c31       __RTC_Terminate            10002c31 f   MSVCRT:_initsect_.obj
 0001:00001c60       __ValidateImageBase        10002c60 f   MSVCRT:pesect.obj
 0001:00001ca0       __FindPESection            10002ca0 f   MSVCRT:pesect.obj
 0001:00001cf0       __IsNonwritableInCurrentImage 10002cf0 f   MSVCRT:pesect.obj
 0001:00001dae       __initterm                 10002dae f   MSVCRT:MSVCR90.dll
 0001:00001db4       __initterm_e               10002db4 f   MSVCRT:MSVCR90.dll
 0001:00001dba       __amsg_exit                10002dba f   MSVCRT:MSVCR90.dll
 0001:00001dc0       ___CppXcptFilter           10002dc0 f   MSVCRT:MSVCR90.dll
 0001:00001dc6       _DllMain@12                10002dc6 f   MSVCRT:dllmain.obj
 0001:00001dea       ___security_init_cookie    10002dea f   MSVCRT:gs_support.obj
 0001:00001e80       @__security_check_cookie@4 10002e80 f   MSVCRT:secchk.obj
 0001:00001e90       __except_handler4_common   10002e90 f   MSVCRT:MSVCR90.dll
 0001:00001e96       ?terminate@@YAXXZ          10002e96 f   MSVCRT:MSVCR90.dll
 0001:00001e9c       ?_type_info_dtor_internal_method@type_info@@QAEXXZ 10002e9c f   MSVCRT:MSVCR90.dll
 0001:00001e9c       ??1type_info@@UAE@XZ       10002e9c f   MSVCRT:MSVCR90.dll
 0001:00001ea2       ___clean_type_info_names_internal 10002ea2 f   MSVCRT:MSVCR90.dll
 0001:00001ea8       ___report_gsfailure        10002ea8 f   MSVCRT:gs_report.obj
 0001:00001fae       __crt_debugger_hook        10002fae f   MSVCRT:MSVCR90.dll
 0001:00001fb4       _png_get_IHDR              10002fb4 f   lib_libpng:lib_libpng.dll
 0001:00001fba       _png_read_info             10002fba f   lib_libpng:lib_libpng.dll
 0001:00001fc0       _png_sig_cmp               10002fc0 f   lib_libpng:lib_libpng.dll
 0001:00001fc6       _png_create_read_struct    10002fc6 f   lib_libpng:lib_libpng.dll
 0001:00001fcc       _png_get_io_ptr            10002fcc f   lib_libpng:lib_libpng.dll
 0001:00001fd2       _png_create_info_struct    10002fd2 f   lib_libpng:lib_libpng.dll
 0001:00001fd8       _png_set_read_fn           10002fd8 f   lib_libpng:lib_libpng.dll
 0001:00001fde       _png_read_update_info      10002fde f   lib_libpng:lib_libpng.dll
 0001:00001fe4       _png_set_sig_bytes         10002fe4 f   lib_libpng:lib_libpng.dll
 0001:00001fea       _png_read_row              10002fea f   lib_libpng:lib_libpng.dll
 0001:00001ff0       _png_error                 10002ff0 f   lib_libpng:lib_libpng.dll
 0001:00001ff6       _png_destroy_read_struct   10002ff6 f   lib_libpng:lib_libpng.dll
 0001:00001ffe       _SDL_Init                  10002ffe f   lib_SDL2:lib_SDL2.dll
 0001:00002004       _SDL_DestroyWindow         10003004 f   lib_SDL2:lib_SDL2.dll
 0001:0000200a       _SDL_CreateWindow          1000300a f   lib_SDL2:lib_SDL2.dll
 0001:00002010       _SDL_PumpEvents            10003010 f   lib_SDL2:lib_SDL2.dll
 0001:00002016       _SDL_Delay                 10003016 f   lib_SDL2:lib_SDL2.dll
 0001:0000201c       _SDL_PeepEvents            1000301c f   lib_SDL2:lib_SDL2.dll
 0001:00002022       _SDL_GetTicks              10003022 f   lib_SDL2:lib_SDL2.dll
 0001:00002028       _SDL_Quit                  10003028 f   lib_SDL2:lib_SDL2.dll
 0001:00002030       ?utf8_cmp_nocase@su@tl@UModSys@@YAHPBD0I@Z 10003030 f   umodsys_lib_core:umodsys.tl.utf.obj
 0001:00002040       ??3IRoot@core@UModSys@@SAXPAX@Z 10003040 f   umodsys_lib_core:umodsys.core.objects.obj
 0001:00002060       ??3IRoot@core@UModSys@@SAXPAXPAUIMemAlloc@12@@Z 10003060 f   umodsys_lib_core:umodsys.core.objects.obj
 0001:00002080       ??2IRoot@core@UModSys@@SAPAXIPAUIMemAlloc@12@@Z 10003080 f   umodsys_lib_core:umodsys.core.objects.obj
 0001:000020a0       ?suicide@IRoot@core@UModSys@@UAEXXZ 100030a0 f   umodsys_lib_core:umodsys.core.objects.obj
 0001:000020b0       ??1IRoot@core@UModSys@@UAE@XZ 100030b0 f   umodsys_lib_core:umodsys.core.objects.obj
 0001:000020c0       ??1IRefObject@core@UModSys@@UAE@XZ 100030c0 f   umodsys_lib_core:umodsys.core.objects.obj
 0001:000020d0       ?lost@core@UModSys@@YAEPBX@Z 100030d0 f   umodsys_lib_core:umodsys.core.stdtypedefs.obj
 0001:000020e0       ?s_unresolve@SUniquePointer@core@UModSys@@SAXPAUIUniquePointerResolver@23@@Z 100030e0 f   umodsys_lib_core:umodsys.core.uniqueptr.obj
 0001:00002120       ?s_resolve@SUniquePointer@core@UModSys@@SAXPAUIUniquePointerResolver@23@@Z 10003120 f   umodsys_lib_core:umodsys.core.uniqueptr.obj
 0001:00002170       ??1SUniquePointer@core@UModSys@@QAE@XZ 10003170 f   umodsys_lib_core:umodsys.core.uniqueptr.obj
 0001:000021a0       ??0SUniquePointer@core@UModSys@@QAE@H@Z 100031a0 f   umodsys_lib_core:umodsys.core.uniqueptr.obj
 0001:000021c0       ??0SUniquePointer@core@UModSys@@QAE@PBD0H@Z 100031c0 f   umodsys_lib_core:umodsys.core.uniqueptr.obj
 0001:00002210       ??1SModuleInfo@base@UModSys@@QAE@XZ 10003210 f   umodsys_lib_base:umodsys.base.moduleinfo.obj
 0001:00002220       ??0SModuleInfo@base@UModSys@@QAE@PBDHH0@Z 10003220 f   umodsys_lib_base:umodsys.base.moduleinfo.obj
 0001:000022b0       ??1IModuleLibraryReg@base@UModSys@@UAE@XZ 100032b0 f   umodsys_lib_base:umodsys.base.modulereg.obj
 0001:000022c0       ??0IModuleLibraryReg@base@UModSys@@QAE@XZ 100032c0 f   umodsys_lib_base:umodsys.base.modulereg.obj
 0001:000022d0       ?mr_close@IModuleReg@base@UModSys@@UAE_NXZ 100032d0 f   umodsys_lib_base:umodsys.base.modulereg.obj
 0001:000022e0       ?mr_open@IModuleReg@base@UModSys@@UAE_NXZ 100032e0 f   umodsys_lib_base:umodsys.base.modulereg.obj
 0001:00002300       ?mr_isopen@IModuleReg@base@UModSys@@UBE_NXZ 10003300 f   umodsys_lib_base:umodsys.base.modulereg.obj
 0001:00002310       ??1IModuleReg@base@UModSys@@UAE@XZ 10003310 f   umodsys_lib_base:umodsys.base.modulereg.obj
 0001:00002320       ??0IModuleReg@base@UModSys@@QAE@PBDHH0@Z 10003320 f   umodsys_lib_base:umodsys.base.modulereg.obj
 0001:00002350       _UModSys_Plugin_Entry2@0   10003350 f   umodsys_lib_base:umodsys.so_main.win32.obj
 0001:00002360       ??1RModuleLibraryReg_Chain@base@UModSys@@UAE@XZ 10003360 f   umodsys_lib_base:umodsys.base.moduleregchain.obj
 0001:00002370       ??0RModuleLibraryReg_Chain@base@UModSys@@QAE@XZ 10003370 f   umodsys_lib_base:umodsys.base.moduleregchain.obj
 0001:00002390       ?s_get@SModuleRegChain@base@UModSys@@SAPAUIModuleReg@23@I@Z 10003390 f   umodsys_lib_base:umodsys.base.moduleregchain.obj
 0001:000023c0       ??1SModuleRegChain@base@UModSys@@QAE@XZ 100033c0 f   umodsys_lib_base:umodsys.base.moduleregchain.obj
 0001:000023f0       ??0SModuleRegChain@base@UModSys@@QAE@AAUIModuleReg@12@@Z 100033f0 f   umodsys_lib_base:umodsys.base.moduleregchain.obj
 0001:00002430       ?mlr_isopen@RModuleLibraryReg_Chain@base@UModSys@@UBE_NXZ 10003430 f   umodsys_lib_base:umodsys.base.moduleregchain.obj
 0001:00002440       ?mlr_close@RModuleLibraryReg_Chain@base@UModSys@@UAE_NXZ 10003440 f   umodsys_lib_base:umodsys.base.moduleregchain.obj
 0001:00002470       ?mlr_open@RModuleLibraryReg_Chain@base@UModSys@@UAE_NPAUISystem@23@PAUIMemAlloc@core@3@@Z 10003470 f   umodsys_lib_base:umodsys.base.moduleregchain.obj
 0001:000024a0       ?mlr_get@RModuleLibraryReg_Chain@base@UModSys@@UBEPAUIModuleReg@23@I@Z 100034a0 f   umodsys_lib_base:umodsys.base.moduleregchain.obj
 0001:000024b0       ?mlr_count@RModuleLibraryReg_Chain@base@UModSys@@UBEIXZ 100034b0 f   umodsys_lib_base:umodsys.base.moduleregchain.obj
 0001:000024d0       ??0SModuleRegChain@base@UModSys@@QAE@H@Z 100034d0 f   umodsys_lib_base:umodsys.base.moduleregchain.obj
 0001:000024e0       ?unlink@SMemorySharedData@core@UModSys@@QAEXPBUSSourceContext@23@@Z 100034e0 f   umodsys_lib_base:umodsys.base.modulecontext.obj
 0001:00002500       ?link@SMemorySharedData@core@UModSys@@QAEXPBUSSourceContext@23@@Z 10003500 f   umodsys_lib_base:umodsys.base.modulecontext.obj
 0001:00002510       ?Link@SModuleContext@base@UModSys@@QAEXPAUISystem@23@PAUIMemAlloc@core@3@@Z 10003510 f   umodsys_lib_base:umodsys.base.modulecontext.obj
 0001:00002570       ??1SModuleContext@base@UModSys@@QAE@XZ 10003570 f   umodsys_lib_base:umodsys.base.modulecontext.obj
 0001:00002580       ?new_data@SMemorySharedData@core@UModSys@@SAPAU123@PAUIMemAlloc@23@IPBUSSourceContext@23@@Z 10003580 f   umodsys_lib_base:umodsys.base.modulecontext.obj
 0001:000025a0       ?get_paramworker@SParameters@core@UModSys@@KAPAUIParameters@23@XZ 100035a0 f   umodsys_lib_base:umodsys.base.modulecontext.obj
 0001:000025b0       ?shared_memory@UModSys@@YAABUSIMemAlloc@core@1@XZ 100035b0 f   umodsys_lib_base:umodsys.base.modulecontext.obj
 0001:000025c0       ?local_memory@UModSys@@YAABUSIMemAlloc@core@1@XZ 100035c0 f   umodsys_lib_base:umodsys.base.modulecontext.obj
 0001:000025d0       ??0SModuleContext@base@UModSys@@QAE@XZ 100035d0 f   umodsys_lib_base:umodsys.base.modulecontext.obj
 0001:000025f0       ?mod_dec@RGenerator@images_std@media@modules@UModSys@@UBE_NXZ 100035f0 f   umodsys_lib_libmedia:umodsys.mod.media.images_std.obj
 0001:00002600       ?mod_inc@RGenerator@images_std@media@modules@UModSys@@UBE_NXZ 10003600 f   umodsys_lib_libmedia:umodsys.mod.media.images_std.obj
 0001:00002610       ?get_module@RGenerator@images_std@media@modules@UModSys@@UBEPAUIModule@base@5@XZ 10003610 f   umodsys_lib_libmedia:umodsys.mod.media.images_std.obj
 0001:000026b0       ?filter_save@RMediaFilter@images_std@media@modules@UModSys@@UAE_NAAUSInfo@IBinObjFilter@libmedia@5@PBUIRefObject@core@5@@Z 100036b0 f   umodsys_lib_libmedia:umodsys.mod.media.images_std.obj
 0001:000026c0       ?filter_load@RMediaFilter@images_std@media@modules@UModSys@@UAE_NABUSInfo@IBinObjFilter@libmedia@5@AAU?$TRefObject@UIRefObject@core@UModSys@@U?$TRefObjectFunc@UIRefObject@core@UModSys@@@tl@3@@tl@5@@Z 100036c0 f   umodsys_lib_libmedia:umodsys.mod.media.images_std.obj
 0001:000026d0       ?s_holder@RGenerator@images_std@media@modules@UModSys@@SAAAU?$TTypeStaticHolder@URGenerator@images_std@media@modules@UModSys@@@tl@5@XZ 100036d0 f   umodsys_lib_libmedia:umodsys.mod.media.images_std.obj
 0001:00002710       ?png_read@RMediaFilter@images_std@media@modules@UModSys@@KAXPAUpng_struct_def@@PAEI@Z 10003710 f   umodsys_lib_libmedia:umodsys.mod.media.images_std.obj
 0001:00002750       ?png_err@RMediaFilter@images_std@media@modules@UModSys@@KAXPAUpng_struct_def@@PBD@Z 10003750 f   umodsys_lib_libmedia:umodsys.mod.media.images_std.obj
 0001:00002780       ?s_unreg@RGenerator@images_std@media@modules@UModSys@@SA_NPAUIModuleReg@base@5@@Z 10003780 f   umodsys_lib_libmedia:umodsys.mod.media.images_std.obj
 0001:000027d0       ?s_reg@RGenerator@images_std@media@modules@UModSys@@SA_NPAUIModuleReg@base@5@@Z 100037d0 f   umodsys_lib_libmedia:umodsys.mod.media.images_std.obj
 0001:00002830       ?loader_png@RMediaFilter@images_std@media@modules@UModSys@@QAE_NPAUIImage@lib2d@5@ABUSInfo@IBinObjFilter@libmedia@5@ABUSParameters@core@5@HPBD_N@Z 10003830 f   umodsys_lib_libmedia:umodsys.mod.media.images_std.obj
 0001:00002ba0       ?loader_jpeg@RMediaFilter@images_std@media@modules@UModSys@@QAE_NPAUIImage@lib2d@5@ABUSInfo@IBinObjFilter@libmedia@5@ABUSParameters@core@5@HPBD_N@Z 10003ba0 f   umodsys_lib_libmedia:umodsys.mod.media.images_std.obj
 0001:00002e80       ?filter_load@RMediaFilter@images_std@media@modules@UModSys@@UAE_NABUSInfo@IBinObjFilter@libmedia@5@PAUIRefObject@core@5@@Z 10003e80 f   umodsys_lib_libmedia:umodsys.mod.media.images_std.obj
 0001:000030d0       ?mod_dec@RGenerator@SDL_core@ui@modules@UModSys@@UBE_NXZ 100040d0 f   umodsys_lib_libui:umodsys.mod.ui.SDL_core.obj
 0001:000030e0       ?mod_inc@RGenerator@SDL_core@ui@modules@UModSys@@UBE_NXZ 100040e0 f   umodsys_lib_libui:umodsys.mod.ui.SDL_core.obj
 0001:000030f0       ?get_module@RGenerator@SDL_core@ui@modules@UModSys@@UBEPAUIModule@base@5@XZ 100040f0 f   umodsys_lib_libui:umodsys.mod.ui.SDL_core.obj
 0001:00003100       ?s_holder@RGenerator@SDL_core@ui@modules@UModSys@@SAAAU?$TTypeStaticHolder@URGenerator@SDL_core@ui@modules@UModSys@@@tl@5@XZ 10004100 f   umodsys_lib_libui:umodsys.mod.ui.SDL_core.obj
 0001:00003140       ?s_unreg@RGenerator@SDL_core@ui@modules@UModSys@@SA_NPAUIModuleReg@base@5@@Z 10004140 f   umodsys_lib_libui:umodsys.mod.ui.SDL_core.obj
 0001:00003190       ?s_reg@RGenerator@SDL_core@ui@modules@UModSys@@SA_NPAUIModuleReg@base@5@@Z 10004190 f   umodsys_lib_libui:umodsys.mod.ui.SDL_core.obj
 0001:000031f0       ?mod_dec@RGenerator@test1@test@modules@UModSys@@UBE_NXZ 100041f0 f   plugin_test1.obj
 0001:00003200       ?mod_inc@RGenerator@test1@test@modules@UModSys@@UBE_NXZ 10004200 f   plugin_test1.obj
 0001:00003210       ?get_module@RGenerator@test1@test@modules@UModSys@@UBEPAUIModule@base@5@XZ 10004210 f   plugin_test1.obj
 0001:00003230       ?s_holder@RGenerator@test1@test@modules@UModSys@@SAAAU?$TTypeStaticHolder@URGenerator@test1@test@modules@UModSys@@@tl@5@XZ 10004230 f   plugin_test1.obj
 0001:00003270       ?s_unreg@RGenerator@test1@test@modules@UModSys@@SA_NPAUIModuleReg@base@5@@Z 10004270 f   plugin_test1.obj
 0001:000032c0       ?s_reg@RGenerator@test1@test@modules@UModSys@@SA_NPAUIModuleReg@base@5@@Z 100042c0 f   plugin_test1.obj
 0001:00003320       ?ui_newterm@RTest1_Shell@test1@test@modules@UModSys@@QAE?AU?$TRefObject@UITerminal@libui@UModSys@@U?$TRefObjectFunc@UITerminal@libui@UModSys@@@tl@3@@tl@5@ABU?$TString@U?$TSCoreConst@D@su@tl@UModSys@@U?$TComparerBinaryHash@D@234@@75@ABUSParameters@core@5@@Z 10004320 f   plugin_test1.obj
 0001:00003460       ?ui_test1@RTest1_Shell@test1@test@modules@UModSys@@QAEXXZ 10004460 f   plugin_test1.obj
 0001:000035e0       ?add@SUniquePtrList@core@UModSys@@QAE_NPBUSUniquePointerInfo@23@@Z 100045e0 f   umodsys_lib_core:umodsys.core.uniqueptrlist.obj
 0001:00003630       _memcpy                    10004630 f   MSVCRT:MSVCR90.dll
 0001:00003636       ___CxxFrameHandler3        10004636 f   MSVCRT:MSVCR90.dll
 0001:00003640       __chkstk                   10004640 f   MSVCRT:chkstk.obj
 0001:00003640       __alloca_probe             10004640     MSVCRT:chkstk.obj
 0001:0000366c       __setjmp3                  1000466c f   MSVCRT:MSVCR90.dll
 0001:00003672       ___CxxLongjmpUnwind@4      10004672 f   MSVCRT:MSVCR90.dll
 0002:00000000       __imp__InterlockedExchange@8 10006000     kernel32:KERNEL32.dll
 0002:00000004       __imp__InterlockedCompareExchange@12 10006004     kernel32:KERNEL32.dll
 0002:00000008       __imp__DisableThreadLibraryCalls@4 10006008     kernel32:KERNEL32.dll
 0002:0000000c       __imp__QueryPerformanceCounter@4 1000600c     kernel32:KERNEL32.dll
 0002:00000010       __imp__GetTickCount@0      10006010     kernel32:KERNEL32.dll
 0002:00000014       __imp__GetCurrentThreadId@0 10006014     kernel32:KERNEL32.dll
 0002:00000018       __imp__GetCurrentProcessId@0 10006018     kernel32:KERNEL32.dll
 0002:0000001c       __imp__GetSystemTimeAsFileTime@4 1000601c     kernel32:KERNEL32.dll
 0002:00000020       __imp__TerminateProcess@8  10006020     kernel32:KERNEL32.dll
 0002:00000024       __imp__GetCurrentProcess@0 10006024     kernel32:KERNEL32.dll
 0002:00000028       __imp__UnhandledExceptionFilter@4 10006028     kernel32:KERNEL32.dll
 0002:0000002c       __imp__SetUnhandledExceptionFilter@4 1000602c     kernel32:KERNEL32.dll
 0002:00000030       __imp__IsDebuggerPresent@0 10006030     kernel32:KERNEL32.dll
 0002:00000034       __imp__Sleep@4             10006034     kernel32:KERNEL32.dll
 0002:00000038       \177KERNEL32_NULL_THUNK_DATA 10006038     kernel32:KERNEL32.dll
 0002:0000003c       __imp___initterm_e         1000603c     MSVCRT:MSVCR90.dll
 0002:00000040       __imp___amsg_exit          10006040     MSVCRT:MSVCR90.dll
 0002:00000044       __imp___adjust_fdiv        10006044     MSVCRT:MSVCR90.dll
 0002:00000048       __imp____CppXcptFilter     10006048     MSVCRT:MSVCR90.dll
 0002:0000004c       __imp___except_handler4_common 1000604c     MSVCRT:MSVCR90.dll
 0002:00000050       __imp___initterm           10006050     MSVCRT:MSVCR90.dll
 0002:00000054       __imp_?_type_info_dtor_internal_method@type_info@@QAEXXZ 10006054     MSVCRT:MSVCR90.dll
 0002:00000058       __imp____clean_type_info_names_internal 10006058     MSVCRT:MSVCR90.dll
 0002:0000005c       __imp___crt_debugger_hook  1000605c     MSVCRT:MSVCR90.dll
 0002:00000060       __imp___setjmp3            10006060     MSVCRT:MSVCR90.dll
 0002:00000064       __imp____CxxFrameHandler3  10006064     MSVCRT:MSVCR90.dll
 0002:00000068       __imp__memcpy              10006068     MSVCRT:MSVCR90.dll
 0002:0000006c       __imp___encoded_null       1000606c     MSVCRT:MSVCR90.dll
 0002:00000070       __imp__free                10006070     MSVCRT:MSVCR90.dll
 0002:00000074       __imp___malloc_crt         10006074     MSVCRT:MSVCR90.dll
 0002:00000078       __imp___decode_pointer     10006078     MSVCRT:MSVCR90.dll
 0002:0000007c       __imp___onexit             1000607c     MSVCRT:MSVCR90.dll
 0002:00000080       __imp___lock               10006080     MSVCRT:MSVCR90.dll
 0002:00000084       __imp___encode_pointer     10006084     MSVCRT:MSVCR90.dll
 0002:00000088       __imp____dllonexit         10006088     MSVCRT:MSVCR90.dll
 0002:0000008c       __imp___unlock             1000608c     MSVCRT:MSVCR90.dll
 0002:00000090       __imp__longjmp             10006090     MSVCRT:MSVCR90.dll
 0002:00000094       __imp____CxxLongjmpUnwind@4 10006094     MSVCRT:MSVCR90.dll
 0002:00000098       __imp__strstr              10006098     MSVCRT:MSVCR90.dll
 0002:0000009c       __imp_??3@YAXPAX@Z         1000609c     MSVCRT:MSVCR90.dll
 0002:000000a0       __imp___purecall           100060a0     MSVCRT:MSVCR90.dll
 0002:000000a4       __imp_?terminate@@YAXXZ    100060a4     MSVCRT:MSVCR90.dll
 0002:000000a8       __imp__strncmp             100060a8     MSVCRT:MSVCR90.dll
 0002:000000ac       \177MSVCR90_NULL_THUNK_DATA 100060ac     MSVCRT:MSVCR90.dll
 0002:000000b0       __imp__SDL_CreateWindow    100060b0     lib_SDL2:lib_SDL2.dll
 0002:000000b4       __imp__SDL_Quit            100060b4     lib_SDL2:lib_SDL2.dll
 0002:000000b8       __imp__SDL_GetTicks        100060b8     lib_SDL2:lib_SDL2.dll
 0002:000000bc       __imp__SDL_PeepEvents      100060bc     lib_SDL2:lib_SDL2.dll
 0002:000000c0       __imp__SDL_Init            100060c0     lib_SDL2:lib_SDL2.dll
 0002:000000c4       __imp__SDL_DestroyWindow   100060c4     lib_SDL2:lib_SDL2.dll
 0002:000000c8       __imp__SDL_PumpEvents      100060c8     lib_SDL2:lib_SDL2.dll
 0002:000000cc       __imp__SDL_Delay           100060cc     lib_SDL2:lib_SDL2.dll
 0002:000000d0       \177lib_SDL2_NULL_THUNK_DATA 100060d0     lib_SDL2:lib_SDL2.dll
 0002:000000d4       __imp__jpeg_std_error      100060d4     lib_jpeglib:lib_jpeglib.dll
 0002:000000d8       __imp__jpeg_read_scanlines 100060d8     lib_jpeglib:lib_jpeglib.dll
 0002:000000dc       __imp__jpeg_finish_decompress 100060dc     lib_jpeglib:lib_jpeglib.dll
 0002:000000e0       __imp__jpeg_read_header    100060e0     lib_jpeglib:lib_jpeglib.dll
 0002:000000e4       __imp__jpeg_resync_to_restart 100060e4     lib_jpeglib:lib_jpeglib.dll
 0002:000000e8       __imp__jpeg_destroy_decompress 100060e8     lib_jpeglib:lib_jpeglib.dll
 0002:000000ec       __imp__jpeg_CreateDecompress 100060ec     lib_jpeglib:lib_jpeglib.dll
 0002:000000f0       __imp__jpeg_start_decompress 100060f0     lib_jpeglib:lib_jpeglib.dll
 0002:000000f4       __imp__jpeg_destroy        100060f4     lib_jpeglib:lib_jpeglib.dll
 0002:000000f8       \177lib_jpeglib_NULL_THUNK_DATA 100060f8     lib_jpeglib:lib_jpeglib.dll
 0002:000000fc       __imp__png_destroy_read_struct 100060fc     lib_libpng:lib_libpng.dll
 0002:00000100       __imp__png_error           10006100     lib_libpng:lib_libpng.dll
 0002:00000104       __imp__png_read_row        10006104     lib_libpng:lib_libpng.dll
 0002:00000108       __imp__png_set_sig_bytes   10006108     lib_libpng:lib_libpng.dll
 0002:0000010c       __imp__png_read_update_info 1000610c     lib_libpng:lib_libpng.dll
 0002:00000110       __imp__png_set_read_fn     10006110     lib_libpng:lib_libpng.dll
 0002:00000114       __imp__png_create_info_struct 10006114     lib_libpng:lib_libpng.dll
 0002:00000118       __imp__png_get_io_ptr      10006118     lib_libpng:lib_libpng.dll
 0002:0000011c       __imp__png_create_read_struct 1000611c     lib_libpng:lib_libpng.dll
 0002:00000120       __imp__png_sig_cmp         10006120     lib_libpng:lib_libpng.dll
 0002:00000124       __imp__png_read_info       10006124     lib_libpng:lib_libpng.dll
 0002:00000128       __imp__png_get_IHDR        10006128     lib_libpng:lib_libpng.dll
 0002:0000012c       \177lib_libpng_NULL_THUNK_DATA 1000612c     lib_libpng:lib_libpng.dll
 0002:00000130       ___xc_a                    10006130     MSVCRT:cinitexe.obj
 0002:00000480       ___xc_z                    10006480     MSVCRT:cinitexe.obj
 0002:00000484       ___xi_a                    10006484     MSVCRT:cinitexe.obj
 0002:0000048c       ___xi_z                    1000648c     MSVCRT:cinitexe.obj
 0002:00000494       ??_7type_info@@6B@         10006494     MSVCRT:ti_inst.obj
 0002:00000498       __pDefaultRawDllMain       10006498     MSVCRT:crtdll.obj
 0002:00000498       __pRawDllMain              10006498     MSVCRT:crtdll.obj
 0002:000004a4       ??_C@_0P@GHFPNOJB@bad?5allocation?$AA@ 100064a4     plugin_test1.obj
 0002:000004b4       ??_C@_0BF@OCNNAADO@UModSys?3?3core?3?3IRoot?$AA@ 100064b4     plugin_test1.obj
 0002:000004cc       ??_C@_0BK@EMIJFOPA@UModSys?3?3core?3?3IRefObject?$AA@ 100064cc     plugin_test1.obj
 0002:000004e8       ??_C@_0BL@IOMMHELF@UModSys?3?3core?3?3IParameters?$AA@ 100064e8     plugin_test1.obj
 0002:00000504       ??_C@_0BH@LKDEEPPM@UModSys?3?3base?3?3IModule?$AA@ 10006504     plugin_test1.obj
 0002:0000051c       ??_C@_0BO@PHJOHFCB@UModSys?3?3base?3?3IModuleLibrary?$AA@ 1000651c     plugin_test1.obj
 0002:0000053c       ??_C@_0BK@FDPIOPHG@UModSys?3?3base?3?3IModObject?$AA@ 1000653c     plugin_test1.obj
 0002:00000558       ??_C@_0BK@OIBKNCKJ@UModSys?3?3base?3?3IGenerator?$AA@ 10006558     plugin_test1.obj
 0002:00000574       ??_C@_0BG@PJBGCMEC@UModSys?3?3base?3?3IShell?$AA@ 10006574     plugin_test1.obj
 0002:0000058c       ??_C@_0BI@IKAOEFAP@UModSys?3?3base?3?3IConsole?$AA@ 1000658c     plugin_test1.obj
 0002:000005a4       ??_C@_0BH@PFCONEJJ@UModSys?3?3base?3?3ISystem?$AA@ 100065a4     plugin_test1.obj
 0002:000005bc       ??_C@_0CB@CLGNFEGF@UModSys?3?3libmedia?3?3IStreamReader@ 100065bc     plugin_test1.obj
 0002:000005e0       ??_C@_0CB@HOPFFLP@UModSys?3?3libmedia?3?3IStreamWriter@ 100065e0     plugin_test1.obj
 0002:00000604       ??_C@_0BP@KCJMEDNO@UModSys?3?3libmedia?3?3IBinArchive?$AA@ 10006604     plugin_test1.obj
 0002:00000624       ??_C@_0CB@FDEKNMGJ@UModSys?3?3libmedia?3?3IBinObjFilter@ 10006624     plugin_test1.obj
 0002:00000648       ??_C@_0BM@DPCMOAPM@UModSys?3?3libmedia?3?3ILibrary?$AA@ 10006648     plugin_test1.obj
 0002:00000664       ??_C@_0CD@ELIFEGE@UModSys?3?3libmedia?3?3ILibraryBinTr@ 10006664     plugin_test1.obj
 0002:00000688       ??_C@_0CE@EGHBJBAJ@UModSys?3?3libmedia?3?3ILibraryBinCa@ 10006688     plugin_test1.obj
 0002:000006ac       ??_C@_0CF@LBIGBLOK@UModSys?3?3libmedia?3?3ILibraryObjFi@ 100066ac     plugin_test1.obj
 0002:000006d4       ??_C@_0CE@BOBLEOBL@UModSys?3?3libmedia?3?3ILibraryObjCa@ 100066d4     plugin_test1.obj
 0002:000006f8       ??_C@_0CD@LJFEJKGF@UModSys?3?3libmedia?3?3ILibraryLayer@ 100066f8     plugin_test1.obj
 0002:00000720       ?utf_bytesFromUTF8@su@tl@UModSys@@3QBEB 10006720     umodsys_lib_core:umodsys.tl.utf.obj
 0002:00000820       ?utf_firstByteMark@su@tl@UModSys@@3QBEB 10006820     umodsys_lib_core:umodsys.tl.utf.obj
 0002:00000828       ?utf_offsetsFromUTF8@su@tl@UModSys@@3QBHB 10006828     umodsys_lib_core:umodsys.tl.utf.obj
 0002:00000858       ??_C@_0BL@NMJBPMOF@UModSys?3?3base?3?3IConsoleExt?$AA@ 10006858     plugin_test1.obj
 0002:00000874       ??_C@_0BO@CGANABBB@UModSys?3?3base?3?3IConsoleHelper?$AA@ 10006874     plugin_test1.obj
 0002:00000894       ??_C@_0CF@NIEDAAFG@UModSys?3?3base?3?3IConsoleHelperHis@ 10006894     plugin_test1.obj
 0002:000008bc       ??_C@_0CD@FCDJONHN@UModSys?3?3base?3?3IConsoleHelperInp@ 100068bc     plugin_test1.obj
 0002:000008e0       ??_C@_0CE@KMOIHDDJ@UModSys?3?3base?3?3IConsoleHelperOut@ 100068e0     plugin_test1.obj
 0002:00000904       ??_C@_0CH@NMEMKECD@UModSys?3?3base?3?3IConsoleHelperOut@ 10006904     plugin_test1.obj
 0002:0000092c       ??_C@_0CE@DIFILHID@UModSys?3?3libui?3?3IKeyboardControl@ 1000692c     plugin_test1.obj
 0002:00000950       ??_C@_0CB@MBIJAGJE@UModSys?3?3libui?3?3IMouseController@ 10006950     plugin_test1.obj
 0002:00000974       ??_C@_0CE@HLKJKPC@UModSys?3?3libui?3?3IJoystickControl@ 10006974     plugin_test1.obj
 0002:00000998       ??_C@_0BK@GJJNKGGD@UModSys?3?3libui?3?3ITerminal?$AA@ 10006998     plugin_test1.obj
 0002:000009b4       ??_C@_0CK@HENOKNKH@UModSys?3?3libui?3?3IConsoleHelperIn@ 100069b4     plugin_test1.obj
 0002:000009e0       ??_C@_0CG@DNABKNDD@UModSys?3?3modules?3?3test?3?3test1?3?3I@ 100069e0     plugin_test1.obj
 0002:00000a08       ??_C@_0CG@FINIGFAH@UModSys?3?3modules?3?3test?3?3test1?3?3R@ 10006a08     plugin_test1.obj
 0002:00000a30       ??_C@_0CN@EFAOPDDB@UModSys?3?3modules?3?3test?3?3test1?3?3R@ 10006a30     plugin_test1.obj
 0002:00000a60       ??_C@_0CM@LNHNHIJB@UModSys?3?3modules?3?3test?3?3test1?3?3R@ 10006a60     plugin_test1.obj
 0002:00000a8c       ??_C@_0BC@NIGGCDMG@RTest1_Shell?$CI?$CJ?5?$HL?6?$AA@ 10006a8c     plugin_test1.obj
 0002:00000aa0       ??_C@_0DK@JIEMIEKA@UModSys?3?3modules?3?3test?3?3test1?3?3R@ 10006aa0     plugin_test1.obj
 0002:00000adc       ??_C@_0CK@OICDGBDJ@?4?4?2?4?4?2?4?4?2src?2plugin?2test?2plugin_@ 10006adc     plugin_test1.obj
 0002:00000b08       ??_C@_0BF@BMCPNMPN@?$HN?5?1?1?5RTest1_Shell?$CI?$CJ?6?$AA@ 10006b08     plugin_test1.obj
 0002:00000b20       ??_C@_0DL@OIAHAJF@UModSys?3?3modules?3?3test?3?3test1?3?3R@ 10006b20     plugin_test1.obj
 0002:00000b5c       ??_C@_0BB@MLDFLEML@?$HORTest1_Shell?$CI?$CJ?6?$AA@ 10006b5c     plugin_test1.obj
 0002:00000b70       ??_C@_0BJ@CCPCJEPP@RTest1_Shell?3?3connect?$CI?$CJ?6?$AA@ 10006b70     plugin_test1.obj
 0002:00000b8c       ??_C@_0BM@KBDBHLN@RTest1_Shell?3?3disconnect?$CI?$CJ?6?$AA@ 10006b8c     plugin_test1.obj
 0002:00000ba8       ??_C@_0BI@PGLACHLJ@RTest1_Shell?3?3tick?$CI?$CFg?$CJ?6?$AA@ 10006ba8     plugin_test1.obj
 0002:00000bc0       ??_C@_0BM@JFIEEBE@RTest1_Shell?3?3command?$CI?$CD?$CFd?$CJ?6?$AA@ 10006bc0     plugin_test1.obj
 0002:00000bdc       ??_C@_0BP@CAPONCLM@?5?5found?5terminal?5?$CFs?3?5?$CFs?5?$DN?$DO?5?$CFp?6?$AA@ 10006bdc     plugin_test1.obj
 0002:00000bfc       ??_C@_0BE@CKPLJHAG@?5?5fail?5terminal?5?$CFs?6?$AA@ 10006bfc     plugin_test1.obj
 0002:00000c10       ??_C@_0P@GKJLFKKG@?$CK?3?3SDL_core?3?3?$CK?$AA@ 10006c10     plugin_test1.obj
 0002:00000c20       ??_C@_0CK@DEJPICLK@UModSys?3?3modules?3?3test?3?3test1?3?3R@ 10006c20     plugin_test1.obj
 0002:00000c4c       ??_C@_0DD@HMBJLEH@UMODSYS_MODULE_NAME?$CItest?0test1?$CJ?3@ 10006c4c     plugin_test1.obj
 0002:00000c80       ??_C@_0BA@NMEBLMNE@Test?51?5?9?5module?$AA@ 10006c80     plugin_test1.obj
 0002:00000c90       ??_C@_0N@FOCLJAHI@tests?3?3test1?$AA@ 10006c90     plugin_test1.obj
 0002:00000ca0       ??_C@_0BE@HJEBHPIG@RModuleReg?3?3open?$CI?$CJ?6?$AA@ 10006ca0     plugin_test1.obj
 0002:00000cb4       ??_C@_0BF@KIBBFLP@RModuleReg?3?3close?$CI?$CJ?6?$AA@ 10006cb4     plugin_test1.obj
 0002:00000ccc       ??_C@_09JGNMLHG@modobject?$AA@ 10006ccc     plugin_test1.obj
 0002:00000cd8       ??_C@_08FCBDOIAH@typeinfo?$AA@ 10006cd8     plugin_test1.obj
 0002:00000ce8       ??_7IRoot@core@UModSys@@6B@ 10006ce8     plugin_test1.obj
 0002:00000d0c       ??_7IRefObject@core@UModSys@@6B@ 10006d0c     plugin_test1.obj
 0002:00000d40       ??_7ISetter@SFlags@libmedia@UModSys@@6B@ 10006d40     plugin_test1.obj
 0002:00000d54       ??_7RTest1_Shell@test1@test@modules@UModSys@@6B@ 10006d54     plugin_test1.obj
 0002:00000d9c       ??_7RGenerator@test1@test@modules@UModSys@@6B@ 10006d9c     plugin_test1.obj
 0002:00000dec       ??_7RModuleReg@test1@test@modules@UModSys@@6B@ 10006dec     plugin_test1.obj
 0002:00000e04       ??_C@_0DD@HBKHIPP@UModSys?3?3modules?3?3ui?3?3SDL_core?3?3@ 10006e04     umodsys_lib_libui:umodsys.mod.ui.SDL_core.obj
 0002:00000e38       ??_C@_03CMFMKFLK@SDL?$AA@  10006e38     umodsys_lib_libui:umodsys.mod.ui.SDL_core.obj
 0002:00000e3c       ??_C@_0CL@JNMIGLLO@UModSys?3?3modules?3?3ui?3?3SDL_core?3?3@ 10006e3c     umodsys_lib_libui:umodsys.mod.ui.SDL_core.obj
 0002:00000e68       ??_C@_0DE@GHIHDIMC@UMODSYS_MODULE_NAME?$CIui?0SDL_core?$CJ@ 10006e68     umodsys_lib_libui:umodsys.mod.ui.SDL_core.obj
 0002:00000e9c       ??_C@_00CNPNBAHC@?$AA@     10006e9c     umodsys_lib_libui:umodsys.mod.ui.SDL_core.obj
 0002:00000ea0       ??_C@_0N@MLKEIMGM@ui?3?3SDC_core?$AA@ 10006ea0     umodsys_lib_libui:umodsys.mod.ui.SDL_core.obj
 0002:00000eb4       ??_7RGenerator@SDL_core@ui@modules@UModSys@@6B@ 10006eb4     umodsys_lib_libui:umodsys.mod.ui.SDL_core.obj
 0002:00000f04       ??_7RTerminal_SDL_core@SDL_core@ui@modules@UModSys@@6B@ 10006f04     umodsys_lib_libui:umodsys.mod.ui.SDL_core.obj
 0002:00000f8c       ??_7?$TRTerminalConnectionNull@UIKeyboardController@libui@UModSys@@@libui@UModSys@@6B@ 10006f8c     umodsys_lib_libui:umodsys.mod.ui.SDL_core.obj
 0002:00000fa4       ??_7?$TRTerminalConnectionNull@UIMouseController@libui@UModSys@@@libui@UModSys@@6B@ 10006fa4     umodsys_lib_libui:umodsys.mod.ui.SDL_core.obj
 0002:00000fbc       ??_7?$TRTerminalConnectionNull@UITouchController@libui@UModSys@@@libui@UModSys@@6B@ 10006fbc     umodsys_lib_libui:umodsys.mod.ui.SDL_core.obj
 0002:00000fd4       ??_7?$TRTerminalConnectionNull@UIJoystickController@libui@UModSys@@@libui@UModSys@@6B@ 10006fd4     umodsys_lib_libui:umodsys.mod.ui.SDL_core.obj
 0002:00000fec       ??_7?$TRTerminalConnectionNull@UICaptureDriver@lib2d@UModSys@@@libui@UModSys@@6B@ 10006fec     umodsys_lib_libui:umodsys.mod.ui.SDL_core.obj
 0002:00001004       ??_7?$TRTerminalConnectionNull@UICaptureDriver@lib3d@UModSys@@@libui@UModSys@@6B@ 10007004     umodsys_lib_libui:umodsys.mod.ui.SDL_core.obj
 0002:0000101c       ??_7?$TRTerminalConnectionNull@UICaptureDriver@libmovie@UModSys@@@libui@UModSys@@6B@ 1000701c     umodsys_lib_libui:umodsys.mod.ui.SDL_core.obj
 0002:00001034       ??_7?$TRTerminalConnectionNull@UICaptureDriver@libsound@UModSys@@@libui@UModSys@@6B@ 10007034     umodsys_lib_libui:umodsys.mod.ui.SDL_core.obj
 0002:0000104c       ??_7?$TRTerminalConnectionNull@UICaptureDriver@libmusic@UModSys@@@libui@UModSys@@6B@ 1000704c     umodsys_lib_libui:umodsys.mod.ui.SDL_core.obj
 0002:00001064       ??_7?$TRTerminalConnectionNull@UIRenderDriver@lib3d@UModSys@@@libui@UModSys@@6B@ 10007064     umodsys_lib_libui:umodsys.mod.ui.SDL_core.obj
 0002:0000107c       ??_7?$TRTerminalConnectionNull@UIRenderDriver@lib2d@UModSys@@@libui@UModSys@@6B@ 1000707c     umodsys_lib_libui:umodsys.mod.ui.SDL_core.obj
 0002:00001094       ??_7?$TRTerminalConnectionNull@UIRenderDriver@libmovie@UModSys@@@libui@UModSys@@6B@ 10007094     umodsys_lib_libui:umodsys.mod.ui.SDL_core.obj
 0002:000010ac       ??_7?$TRTerminalConnectionNull@UIRenderDriver@libsound@UModSys@@@libui@UModSys@@6B@ 100070ac     umodsys_lib_libui:umodsys.mod.ui.SDL_core.obj
 0002:000010c4       ??_7?$TRTerminalConnectionNull@UIRenderDriver@libmusic@UModSys@@@libui@UModSys@@6B@ 100070c4     umodsys_lib_libui:umodsys.mod.ui.SDL_core.obj
 0002:000010dc       ??_7RModuleReg@SDL_core@ui@modules@UModSys@@6B@ 100070dc     umodsys_lib_libui:umodsys.mod.ui.SDL_core.obj
[...]
 0001:0000374c       __ehhandler$?ui_test1@RTest1_Shell@test1@test@modules@UModSys@@QAEXXZ 1000474c f    CIL library: CIL module
 0001:00003760       __unwindfunclet$??1RMediaFilter@images_std@media@modules@UModSys@@UAE@XZ$0 10004760 f    CIL library: CIL module
 0001:00003760       __unwindfunclet$??0RMediaFilter@images_std@media@modules@UModSys@@QAE@PAUIModObject@base@4@ABUSParameters@core@4@@Z$0 10004760 f    CIL library: CIL module
 0001:00003768       __unwindfunclet$??1RMediaFilter@images_std@media@modules@UModSys@@UAE@XZ$1 10004768 f    CIL library: CIL module
 0001:00003768       __unwindfunclet$??0RMediaFilter@images_std@media@modules@UModSys@@QAE@PAUIModObject@base@4@ABUSParameters@core@4@@Z$1 10004768 f    CIL library: CIL module
 0001:00003773       __ehhandler$??1RMediaFilter@images_std@media@modules@UModSys@@UAE@XZ 10004773 f    CIL library: CIL module
 0001:00003773       __ehhandler$??0RMediaFilter@images_std@media@modules@UModSys@@QAE@PAUIModObject@base@4@ABUSParameters@core@4@@Z 10004773 f    CIL library: CIL module
 0001:00003780       __unwindfunclet$?generate@RGenerator@test1@test@modules@UModSys@@UAE_NAAU?$TRefObject@UIRefObject@core@UModSys@@U?$TRefObjectFunc@UIRefObject@core@UModSys@@@tl@3@@tl@5@PBUSUniquePointerInfo@core@5@ABUSParameters@95@@Z$0 10004780 f    CIL library: CIL module
 0001:0000378e       __ehhandler$?generate@RGenerator@test1@test@modules@UModSys@@UAE_NAAU?$TRefObject@UIRefObject@core@UModSys@@U?$TRefObjectFunc@UIRefObject@core@UModSys@@@tl@3@@tl@5@PBUSUniquePointerInfo@core@5@ABUSParameters@95@@Z 1000478e f    CIL library: CIL module
 0001:000037a0       ??__E?s_modreg@RModuleReg@test1@test@modules@UModSys@@2U12345@A@@YAXXZ 100047a0 f    CIL library: CIL module
 0001:000037e0       ??__E?s_modreg_chain@RModuleReg@test1@test@modules@UModSys@@2USModuleRegChain@base@5@A@@YAXXZ 100047e0 f    CIL library: CIL module
 0001:00003800       ??__E?s_uid@RGenerator@test1@test@modules@UModSys@@2USUniquePointer@core@5@A@@YAXXZ 10004800 f    CIL library: CIL module
 0001:00003830       ??__E?s_id@?$TObjectUniqueID@UIRoot@core@UModSys@@@tl@UModSys@@2USUniquePointer@core@3@A@@YAXXZ 10004830 f    CIL library: CIL module
 0001:00003860       ??__E?s_id@?$TObjectUniqueID@UIRefObject@core@UModSys@@@tl@UModSys@@2USUniquePointer@core@3@A@@YAXXZ 10004860 f    CIL library: CIL module
 0001:00003890       ??__E?s_id@?$TObjectUniqueID@UIParameters@core@UModSys@@@tl@UModSys@@2USUniquePointer@core@3@A@@YAXXZ 10004890 f    CIL library: CIL module
 0001:000038c0       ??__E?s_id@?$TObjectUniqueID@UIModule@base@UModSys@@@tl@UModSys@@2USUniquePointer@core@3@A@@YAXXZ 100048c0 f    CIL library: CIL module
 0001:000038f0       ??__E?s_id@?$TObjectUniqueID@UIModuleLibrary@base@UModSys@@@tl@UModSys@@2USUniquePointer@core@3@A@@YAXXZ 100048f0 f    CIL library: CIL module
 0001:00003920       ??__E?s_id@?$TObjectUniqueID@UIModObject@base@UModSys@@@tl@UModSys@@2USUniquePointer@core@3@A@@YAXXZ 10004920 f    CIL library: CIL module
 0001:00003950       ??__E?s_id@?$TObjectUniqueID@UIGenerator@base@UModSys@@@tl@UModSys@@2USUniquePointer@core@3@A@@YAXXZ 10004950 f    CIL library: CIL module
 0001:00003980       ??__E?s_id@?$TObjectUniqueID@UIShell@base@UModSys@@@tl@UModSys@@2USUniquePointer@core@3@A@@YAXXZ 10004980 f    CIL library: CIL module
 0001:000039b0       ??__E?s_id@?$TObjectUniqueID@UIConsole@base@UModSys@@@tl@UModSys@@2USUniquePointer@core@3@A@@YAXXZ 100049b0 f    CIL library: CIL module
 0001:000039e0       ??__E?s_id@?$TObjectUniqueID@UISystem@base@UModSys@@@tl@UModSys@@2USUniquePointer@core@3@A@@YAXXZ 100049e0 f    CIL library: CIL module
 0001:00003a10       ??__E?s_id@?$TObjectUniqueID@UIStreamReader@libmedia@UModSys@@@tl@UModSys@@2USUniquePointer@core@3@A@@YAXXZ 10004a10 f    CIL library: CIL module
 0001:00003a40       ??__E?s_id@?$TObjectUniqueID@UIStreamWriter@libmedia@UModSys@@@tl@UModSys@@2USUniquePointer@core@3@A@@YAXXZ 10004a40 f    CIL library: CIL module
 0001:00003a70       ??__E?s_id@?$TObjectUniqueID@UIBinArchive@libmedia@UModSys@@@tl@UModSys@@2USUniquePointer@core@3@A@@YAXXZ 10004a70 f    CIL library: CIL module
 0001:00003aa0       ??__E?s_id@?$TObjectUniqueID@UIBinObjFilter@libmedia@UModSys@@@tl@UModSys@@2USUniquePointer@core@3@A@@YAXXZ 10004aa0 f    CIL library: CIL module
 0001:00003ad0       ??__E?s_id@?$TObjectUniqueID@UILibrary@libmedia@UModSys@@@tl@UModSys@@2USUniquePointer@core@3@A@@YAXXZ 10004ad0 f    CIL library: CIL module
 0001:00003b00       ??__E?s_id@?$TObjectUniqueID@UILibraryBinTree@libmedia@UModSys@@@tl@UModSys@@2USUniquePointer@core@3@A@@YAXXZ 10004b00 f    CIL library: CIL module
 0001:00003b30       ??__E?s_id@?$TObjectUniqueID@UILibraryBinCache@libmedia@UModSys@@@tl@UModSys@@2USUniquePointer@core@3@A@@YAXXZ 10004b30 f    CIL library: CIL module
 0001:00003b60       ??__E?s_id@?$TObjectUniqueID@UILibraryObjFilter@libmedia@UModSys@@@tl@UModSys@@2USUniquePointer@core@3@A@@YAXXZ 10004b60 f    CIL library: CIL module
 0001:00003b90       ??__E?s_id@?$TObjectUniqueID@UILibraryObjCache@libmedia@UModSys@@@tl@UModSys@@2USUniquePointer@core@3@A@@YAXXZ 10004b90 f    CIL library: CIL module
 0001:00003bc0       ??__E?s_id@?$TObjectUniqueID@UILibraryLayered@libmedia@UModSys@@@tl@UModSys@@2USUniquePointer@core@3@A@@YAXXZ 10004bc0 f    CIL library: CIL module
 0001:00003bf0       ??__E?s_id@?$TObjectUniqueID@UIConsoleExt@base@UModSys@@@tl@UModSys@@2USUniquePointer@core@3@A@@YAXXZ 10004bf0 f    CIL library: CIL module
 0001:00003c20       ??__E?s_id@?$TObjectUniqueID@UIConsoleHelper@base@UModSys@@@tl@UModSys@@2USUniquePointer@core@3@A@@YAXXZ 10004c20 f    CIL library: CIL module
 0001:00003c50       ??__E?s_id@?$TObjectUniqueID@UIConsoleHelperHistory@base@UModSys@@@tl@UModSys@@2USUniquePointer@core@3@A@@YAXXZ 10004c50 f    CIL library: CIL module
 0001:00003c80       ??__E?s_id@?$TObjectUniqueID@UIConsoleHelperInput@base@UModSys@@@tl@UModSys@@2USUniquePointer@core@3@A@@YAXXZ 10004c80 f    CIL library: CIL module
 0001:00003cb0       ??__E?s_id@?$TObjectUniqueID@UIConsoleHelperOutput@base@UModSys@@@tl@UModSys@@2USUniquePointer@core@3@A@@YAXXZ 10004cb0 f    CIL library: CIL module
 0001:00003ce0       ??__E?s_id@?$TObjectUniqueID@UIConsoleHelperOutputFCS@base@UModSys@@@tl@UModSys@@2USUniquePointer@core@3@A@@YAXXZ 10004ce0 f    CIL library: CIL module
 0001:00003d10       ??__E?s_id@?$TObjectUniqueID@UIKeyboardController@libui@UModSys@@@tl@UModSys@@2USUniquePointer@core@3@A@@YAXXZ 10004d10 f    CIL library: CIL module
 0001:00003d40       ??__E?s_id@?$TObjectUniqueID@UIMouseController@libui@UModSys@@@tl@UModSys@@2USUniquePointer@core@3@A@@YAXXZ 10004d40 f    CIL library: CIL module
 0001:00003d70       ??__E?s_id@?$TObjectUniqueID@UIJoystickController@libui@UModSys@@@tl@UModSys@@2USUniquePointer@core@3@A@@YAXXZ 10004d70 f    CIL library: CIL module
 0001:00003da0       ??__E?s_id@?$TObjectUniqueID@UITerminal@libui@UModSys@@@tl@UModSys@@2USUniquePointer@core@3@A@@YAXXZ 10004da0 f    CIL library: CIL module
 0001:00003dd0       ??__E?s_id@?$TObjectUniqueID@UIConsoleHelperInput_UIKey@libui@UModSys@@@tl@UModSys@@2USUniquePointer@core@3@A@@YAXXZ 10004dd0 f    CIL library: CIL module
 0001:00003e00       ??__E?s_id@?$TObjectUniqueID@UILines@test1@test@modules@UModSys@@@tl@UModSys@@2USUniquePointer@core@3@A@@YAXXZ 10004e00 f    CIL library: CIL module
 0001:00003e30       ??__E?s_id@?$TObjectUniqueID@URLines@test1@test@modules@UModSys@@@tl@UModSys@@2USUniquePointer@core@3@A@@YAXXZ 10004e30 f    CIL library: CIL module
 0001:00003e60       ??__E?s_id@?$TObjectUniqueID@URLines_Filter@test1@test@modules@UModSys@@@tl@UModSys@@2USUniquePointer@core@3@A@@YAXXZ 10004e60 f    CIL library: CIL module
 0001:00003e90       ??__E?s_id@?$TObjectUniqueID@URTest1_Shell@test1@test@modules@UModSys@@@tl@UModSys@@2USUniquePointer@core@3@A@@YAXXZ 10004e90 f    CIL library: CIL module
 0001:00003ec0       ??__E?s_id@?$TObjectUniqueID@URGenerator@test1@test@modules@UModSys@@@tl@UModSys@@2USUniquePointer@core@3@A@@YAXXZ 10004ec0 f    CIL library: CIL module
 0001:00003ef0       ??__E?s_modreg@RModuleReg@SDL_core@ui@modules@UModSys@@2U12345@A@@YAXXZ 10004ef0 f    CIL library: CIL module
 0001:00003f30       ??__E?s_modreg_chain@RModuleReg@SDL_core@ui@modules@UModSys@@2USModuleRegChain@base@5@A@@YAXXZ 10004f30 f    CIL library: CIL module
 0001:00003f50       ??__E?s_uid@RGenerator@SDL_core@ui@modules@UModSys@@2USUniquePointer@core@5@A@@YAXXZ 10004f50 f    CIL library: CIL module
 0001:00003f80       ??__E?s_id@?$TObjectUniqueID@URTerminal_SDL_core@SDL_core@ui@modules@UModSys@@@tl@UModSys@@2USUniquePointer@core@3@A@@YAXXZ 10004f80 f    CIL library: CIL module
 0001:00003fb0       ??__E?s_id@?$TObjectUniqueID@URGenerator@SDL_core@ui@modules@UModSys@@@tl@UModSys@@2USUniquePointer@core@3@A@@YAXXZ 10004fb0 f    CIL library: CIL module
 0001:00004000       ??__E?s_modreg@RModuleReg@images_std@media@modules@UModSys@@2U12345@A@@YAXXZ 10005000 f    CIL library: CIL module
 0001:00004040       ??__E?s_modreg_chain@RModuleReg@images_std@media@modules@UModSys@@2USModuleRegChain@base@5@A@@YAXXZ 10005040 f    CIL library: CIL module
 0001:00004060       ??__E?s_uid@RGenerator@images_std@media@modules@UModSys@@2USUniquePointer@core@5@A@@YAXXZ 10005060 f    CIL library: CIL module
 0001:00004090       ??__E?s_id@?$TObjectUniqueID@UIImage@lib2d@UModSys@@@tl@UModSys@@2USUniquePointer@core@3@A@@YAXXZ 10005090 f    CIL library: CIL module
 0001:000040c0       ??__E?s_id@?$TObjectUniqueID@UIMultiImage@lib2d@UModSys@@@tl@UModSys@@2USUniquePointer@core@3@A@@YAXXZ 100050c0 f    CIL library: CIL module
 0001:000040f0       ??__E?s_id@?$TObjectUniqueID@URMediaFilter@images_std@media@modules@UModSys@@@tl@UModSys@@2USUniquePointer@core@3@A@@YAXXZ 100050f0 f    CIL library: CIL module
 0001:00004120       ??__E?s_id@?$TObjectUniqueID@URGenerator@images_std@media@modules@UModSys@@@tl@UModSys@@2USUniquePointer@core@3@A@@YAXXZ 10005120 f    CIL library: CIL module
 0001:00004150       ??__EM@UModSys@@YAXXZ      10005150 f    CIL library: CIL module
 0001:00004170       ??__E?root@SModuleRegChain@base@UModSys@@2U123@A@@YAXXZ 10005170 f    CIL library: CIL module
 0001:00004190       ??__E?s_library@RModuleLibraryReg_Chain@base@UModSys@@2U123@A@@YAXXZ 10005190 f    CIL library: CIL module
 0001:000041b0       ??__E?root@SUniquePointer@core@UModSys@@2U123@A@@YAXXZ 100051b0 f    CIL library: CIL module
 0001:000041d0       ??__F?s_modreg@RModuleReg@test1@test@modules@UModSys@@2U12345@A@@YAXXZ 100051d0 f    CIL library: CIL module
 0001:000041f0       ??__F?s_modreg_chain@RModuleReg@test1@test@modules@UModSys@@2USModuleRegChain@base@5@A@@YAXXZ 100051f0 f    CIL library: CIL module
 0001:00004200       ??__F?s_uid@RGenerator@test1@test@modules@UModSys@@2USUniquePointer@core@5@A@@YAXXZ 10005200 f    CIL library: CIL module
 0001:00004210       ??__Fh@?1??s_holder@RGenerator@test1@test@modules@UModSys@@SAAAU?$TTypeStaticHolder@URGenerator@test1@test@modules@UModSys@@@tl@5@XZ@YAXXZ 10005210 f    CIL library: CIL module
 0001:00004230       ??__F?s_id@?$TObjectUniqueID@URGenerator@test1@test@modules@UModSys@@@tl@UModSys@@2USUniquePointer@core@3@A@@YAXXZ 10005230 f    CIL library: CIL module
 0001:00004240       ??__F?s_id@?$TObjectUniqueID@URTest1_Shell@test1@test@modules@UModSys@@@tl@UModSys@@2USUniquePointer@core@3@A@@YAXXZ 10005240 f    CIL library: CIL module
 0001:00004250       ??__F?s_id@?$TObjectUniqueID@URLines_Filter@test1@test@modules@UModSys@@@tl@UModSys@@2USUniquePointer@core@3@A@@YAXXZ 10005250 f    CIL library: CIL module
 0001:00004260       ??__F?s_id@?$TObjectUniqueID@URLines@test1@test@modules@UModSys@@@tl@UModSys@@2USUniquePointer@core@3@A@@YAXXZ 10005260 f    CIL library: CIL module
 0001:00004270       ??__F?s_id@?$TObjectUniqueID@UILines@test1@test@modules@UModSys@@@tl@UModSys@@2USUniquePointer@core@3@A@@YAXXZ 10005270 f    CIL library: CIL module
 0001:00004280       ??__F?s_id@?$TObjectUniqueID@UIConsoleHelperInput_UIKey@libui@UModSys@@@tl@UModSys@@2USUniquePointer@core@3@A@@YAXXZ 10005280 f    CIL library: CIL module
 0001:00004290       ??__F?s_id@?$TObjectUniqueID@UITerminal@libui@UModSys@@@tl@UModSys@@2USUniquePointer@core@3@A@@YAXXZ 10005290 f    CIL library: CIL module
 0001:000042a0       ??__F?s_id@?$TObjectUniqueID@UIJoystickController@libui@UModSys@@@tl@UModSys@@2USUniquePointer@core@3@A@@YAXXZ 100052a0 f    CIL library: CIL module
 0001:000042b0       ??__F?s_id@?$TObjectUniqueID@UIMouseController@libui@UModSys@@@tl@UModSys@@2USUniquePointer@core@3@A@@YAXXZ 100052b0 f    CIL library: CIL module
 0001:000042c0       ??__F?s_id@?$TObjectUniqueID@UIKeyboardController@libui@UModSys@@@tl@UModSys@@2USUniquePointer@core@3@A@@YAXXZ 100052c0 f    CIL library: CIL module
 0001:000042d0       ??__F?s_id@?$TObjectUniqueID@UIConsoleHelperOutputFCS@base@UModSys@@@tl@UModSys@@2USUniquePointer@core@3@A@@YAXXZ 100052d0 f    CIL library: CIL module
 0001:000042e0       ??__F?s_id@?$TObjectUniqueID@UIConsoleHelperOutput@base@UModSys@@@tl@UModSys@@2USUniquePointer@core@3@A@@YAXXZ 100052e0 f    CIL library: CIL module
 0001:000042f0       ??__F?s_id@?$TObjectUniqueID@UIConsoleHelperInput@base@UModSys@@@tl@UModSys@@2USUniquePointer@core@3@A@@YAXXZ 100052f0 f    CIL library: CIL module
 0001:00004300       ??__F?s_id@?$TObjectUniqueID@UIConsoleHelperHistory@base@UModSys@@@tl@UModSys@@2USUniquePointer@core@3@A@@YAXXZ 10005300 f    CIL library: CIL module
 0001:00004310       ??__F?s_id@?$TObjectUniqueID@UIConsoleHelper@base@UModSys@@@tl@UModSys@@2USUniquePointer@core@3@A@@YAXXZ 10005310 f    CIL library: CIL module
 0001:00004320       ??__F?s_id@?$TObjectUniqueID@UIConsoleExt@base@UModSys@@@tl@UModSys@@2USUniquePointer@core@3@A@@YAXXZ 10005320 f    CIL library: CIL module
 0001:00004330       ??__F?s_id@?$TObjectUniqueID@UILibraryLayered@libmedia@UModSys@@@tl@UModSys@@2USUniquePointer@core@3@A@@YAXXZ 10005330 f    CIL library: CIL module
 0001:00004340       ??__F?s_id@?$TObjectUniqueID@UILibraryObjCache@libmedia@UModSys@@@tl@UModSys@@2USUniquePointer@core@3@A@@YAXXZ 10005340 f    CIL library: CIL module
 0001:00004350       ??__F?s_id@?$TObjectUniqueID@UILibraryObjFilter@libmedia@UModSys@@@tl@UModSys@@2USUniquePointer@core@3@A@@YAXXZ 10005350 f    CIL library: CIL module
 0001:00004360       ??__F?s_id@?$TObjectUniqueID@UILibraryBinCache@libmedia@UModSys@@@tl@UModSys@@2USUniquePointer@core@3@A@@YAXXZ 10005360 f    CIL library: CIL module
 0001:00004370       ??__F?s_id@?$TObjectUniqueID@UILibraryBinTree@libmedia@UModSys@@@tl@UModSys@@2USUniquePointer@core@3@A@@YAXXZ 10005370 f    CIL library: CIL module
 0001:00004380       ??__F?s_id@?$TObjectUniqueID@UILibrary@libmedia@UModSys@@@tl@UModSys@@2USUniquePointer@core@3@A@@YAXXZ 10005380 f    CIL library: CIL module
 0001:00004390       ??__F?s_id@?$TObjectUniqueID@UIBinObjFilter@libmedia@UModSys@@@tl@UModSys@@2USUniquePointer@core@3@A@@YAXXZ 10005390 f    CIL library: CIL module
 0001:000043a0       ??__F?s_id@?$TObjectUniqueID@UIBinArchive@libmedia@UModSys@@@tl@UModSys@@2USUniquePointer@core@3@A@@YAXXZ 100053a0 f    CIL library: CIL module
 0001:000043b0       ??__F?s_id@?$TObjectUniqueID@UIStreamWriter@libmedia@UModSys@@@tl@UModSys@@2USUniquePointer@core@3@A@@YAXXZ 100053b0 f    CIL library: CIL module
 0001:000043c0       ??__F?s_id@?$TObjectUniqueID@UIStreamReader@libmedia@UModSys@@@tl@UModSys@@2USUniquePointer@core@3@A@@YAXXZ 100053c0 f    CIL library: CIL module
 0001:000043d0       ??__F?s_id@?$TObjectUniqueID@UISystem@base@UModSys@@@tl@UModSys@@2USUniquePointer@core@3@A@@YAXXZ 100053d0 f    CIL library: CIL module
 0001:000043e0       ??__F?s_id@?$TObjectUniqueID@UIConsole@base@UModSys@@@tl@UModSys@@2USUniquePointer@core@3@A@@YAXXZ 100053e0 f    CIL library: CIL module
 0001:000043f0       ??__F?s_id@?$TObjectUniqueID@UIShell@base@UModSys@@@tl@UModSys@@2USUniquePointer@core@3@A@@YAXXZ 100053f0 f    CIL library: CIL module
 0001:00004400       ??__F?s_id@?$TObjectUniqueID@UIGenerator@base@UModSys@@@tl@UModSys@@2USUniquePointer@core@3@A@@YAXXZ 10005400 f    CIL library: CIL module
 0001:00004410       ??__F?s_id@?$TObjectUniqueID@UIModObject@base@UModSys@@@tl@UModSys@@2USUniquePointer@core@3@A@@YAXXZ 10005410 f    CIL library: CIL module
 0001:00004420       ??__F?s_id@?$TObjectUniqueID@UIModuleLibrary@base@UModSys@@@tl@UModSys@@2USUniquePointer@core@3@A@@YAXXZ 10005420 f    CIL library: CIL module
 0001:00004430       ??__F?s_id@?$TObjectUniqueID@UIModule@base@UModSys@@@tl@UModSys@@2USUniquePointer@core@3@A@@YAXXZ 10005430 f    CIL library: CIL module
 0001:00004440       ??__F?s_id@?$TObjectUniqueID@UIParameters@core@UModSys@@@tl@UModSys@@2USUniquePointer@core@3@A@@YAXXZ 10005440 f    CIL library: CIL module
 0001:00004450       ??__F?s_id@?$TObjectUniqueID@UIRefObject@core@UModSys@@@tl@UModSys@@2USUniquePointer@core@3@A@@YAXXZ 10005450 f    CIL library: CIL module
 0001:00004460       ??__F?s_id@?$TObjectUniqueID@UIRoot@core@UModSys@@@tl@UModSys@@2USUniquePointer@core@3@A@@YAXXZ 10005460 f    CIL library: CIL module
 0001:00004470       ??__F?s_modreg@RModuleReg@SDL_core@ui@modules@UModSys@@2U12345@A@@YAXXZ 10005470 f    CIL library: CIL module
 0001:00004490       ??__F?s_modreg_chain@RModuleReg@SDL_core@ui@modules@UModSys@@2USModuleRegChain@base@5@A@@YAXXZ 10005490 f    CIL library: CIL module
 0001:000044a0       ??__F?s_uid@RGenerator@SDL_core@ui@modules@UModSys@@2USUniquePointer@core@5@A@@YAXXZ 100054a0 f    CIL library: CIL module
 0001:000044b0       ??__Fh@?1??s_holder@RGenerator@SDL_core@ui@modules@UModSys@@SAAAU?$TTypeStaticHolder@URGenerator@SDL_core@ui@modules@UModSys@@@tl@5@XZ@YAXXZ 100054b0 f    CIL library: CIL module
 0001:000044d0       ??__F?s_id@?$TObjectUniqueID@URGenerator@SDL_core@ui@modules@UModSys@@@tl@UModSys@@2USUniquePointer@core@3@A@@YAXXZ 100054d0 f    CIL library: CIL module
 0001:000044e0       ??__F?s_id@?$TObjectUniqueID@URTerminal_SDL_core@SDL_core@ui@modules@UModSys@@@tl@UModSys@@2USUniquePointer@core@3@A@@YAXXZ 100054e0 f    CIL library: CIL module
 0001:000044f0       ??__F?s_modreg@RModuleReg@images_std@media@modules@UModSys@@2U12345@A@@YAXXZ 100054f0 f    CIL library: CIL module
 0001:00004510       ??__F?s_modreg_chain@RModuleReg@images_std@media@modules@UModSys@@2USModuleRegChain@base@5@A@@YAXXZ 10005510 f    CIL library: CIL module
 0001:00004520       ??__F?s_uid@RGenerator@images_std@media@modules@UModSys@@2USUniquePointer@core@5@A@@YAXXZ 10005520 f    CIL library: CIL module
 0001:00004530       ??__Fh@?1??s_holder@RGenerator@images_std@media@modules@UModSys@@SAAAU?$TTypeStaticHolder@URGenerator@images_std@media@modules@UModSys@@@tl@5@XZ@YAXXZ 10005530 f    CIL library: CIL module
 0001:00004550       ??__F?s_id@?$TObjectUniqueID@URGenerator@images_std@media@modules@UModSys@@@tl@UModSys@@2USUniquePointer@core@3@A@@YAXXZ 10005550 f    CIL library: CIL module
 0001:00004560       ??__F?s_id@?$TObjectUniqueID@URMediaFilter@images_std@media@modules@UModSys@@@tl@UModSys@@2USUniquePointer@core@3@A@@YAXXZ 10005560 f    CIL library: CIL module
 0001:00004570       ??__F?s_id@?$TObjectUniqueID@UIMultiImage@lib2d@UModSys@@@tl@UModSys@@2USUniquePointer@core@3@A@@YAXXZ 10005570 f    CIL library: CIL module
 0001:00004580       ??__F?s_id@?$TObjectUniqueID@UIImage@lib2d@UModSys@@@tl@UModSys@@2USUniquePointer@core@3@A@@YAXXZ 10005580 f    CIL library: CIL module
 0001:00004590       ??__FM@UModSys@@YAXXZ      10005590 f    CIL library: CIL module
 0001:000045a0       ??__F?root@SModuleRegChain@base@UModSys@@2U123@A@@YAXXZ 100055a0 f    CIL library: CIL module
 0001:000045b0       ??__F?s_library@RModuleLibraryReg_Chain@base@UModSys@@2U123@A@@YAXXZ 100055b0 f    CIL library: CIL module
 0001:000045c0       ??__F?root@SUniquePointer@core@UModSys@@2U123@A@@YAXXZ 100055c0 f    CIL library: CIL module

 Exports

  ordinal    name

        1    _UModSys_Plugin_Entry2@0
