 plugin_test1

 Timestamp is 52a1ba1d (Fri Dec 06 14:50:53 2013)

 Preferred load address is 10000000

 Start         Length     Name                   Class
 0001:00000000 0001140aH .text                   CODE
 0001:00011410 00000898H .text$x                 CODE
 0001:00011cb0 00000f41H .text$yc                CODE
 0001:00012c00 0000061aH .text$yd                CODE
 0002:00000000 000001bcH .idata$5                DATA
 0002:000001bc 00000004H .CRT$XCA                DATA
 0002:000001c0 000006bcH .CRT$XCU                DATA
 0002:0000087c 00000004H .CRT$XCZ                DATA
 0002:00000880 00000004H .CRT$XIA                DATA
 0002:00000884 00000004H .CRT$XIAA               DATA
 0002:00000888 00000004H .CRT$XIC                DATA
 0002:0000088c 00000004H .CRT$XIZ                DATA
 0002:00000890 00001e20H .rdata                  DATA
 0002:000026b0 00001508H .rdata$r                DATA
 0002:00003bc0 000000e8H .rdata$sxdata           DATA
 0002:00003ca8 00000004H .rtc$IAA                DATA
 0002:00003cac 00000004H .rtc$IZZ                DATA
 0002:00003cb0 00000004H .rtc$TAA                DATA
 0002:00003cb4 00000004H .rtc$TZZ                DATA
 0002:00003cb8 00000cd4H .xdata$x                DATA
 0002:0000498c 00000064H .idata$2                DATA
 0002:000049f0 00000014H .idata$3                DATA
 0002:00004a04 000001bcH .idata$4                DATA
 0002:00004bc0 00000848H .idata$6                DATA
 0002:00005410 0000005cH .edata                  DATA
 0003:00000000 00000c30H .data                   DATA
 0003:00000c30 00000bb0H .bss                    DATA

  Address         Publics by Value              Rva+Base       Lib:Object

 0000:00000000       __except_list              00000000     <absolute>
 0000:0000003a       ___safe_se_handler_count   0000003a     <absolute>
 0000:00009876       __ldused                   00009876     <absolute>
 0000:00009876       __fltused                  00009876     <absolute>
 0000:00000000       ___ImageBase               10000000     <linker-defined>
 0001:00000000       ??1SMemShared@core@UModSys@@QAE@XZ 10001000 f i plugin_test1.obj
 0001:00000000       ??1State@RImage_Memory@stdlib@lib2d@modules@UModSys@@QAE@XZ 10001000 f i umodsys_lib_lib2d:umodsys.mod.2d.stdlib.obj
 0001:00000020       ??4SCMemShared@core@UModSys@@QAEABU012@ABUSMemShared@12@@Z 10001020 f i plugin_test1.obj
 0001:00000050       ??3IRoot@core@UModSys@@SAXPAXABUSIMemAlloc@12@@Z 10001050 f i plugin_test1.obj
 0001:00000060       ??$seq@D@su@tl@UModSys@@YA_NPBD0@Z 10001060 f i plugin_test1.obj
 0001:000000a0       ??1?$TParametersA@$0EAA@@core@UModSys@@QAE@XZ 100010a0 f i plugin_test1.obj
 0001:000000a0       ??1SParameters@core@UModSys@@QAE@XZ 100010a0 f i plugin_test1.obj
 0001:000000a0       ??1?$TParametersA@$0BAA@@core@UModSys@@QAE@XZ 100010a0 f i umodsys_lib_libui:umodsys.mod.ui.SDL_core.obj
 0001:000000b0       ?mount_add@ILibraryBinTree@libmedia@UModSys@@QAE_NABU?$TString@U?$TSCoreConst@D@su@tl@UModSys@@U?$TComparerBinaryHash@D@234@@tl@3@PAUIBinArchive@23@H@Z 100010b0 f i plugin_test1.obj
 0001:00000150       ?mount_add@ILibraryBinTree@libmedia@UModSys@@QAE_NABU?$TString@U?$TSCoreConst@D@su@tl@UModSys@@U?$TComparerBinaryHash@D@234@@tl@3@HPAUIBinArchive@23@H@Z 10001150 f i plugin_test1.obj
 0001:000001f0       ?layer_push@ILibraryLayered@libmedia@UModSys@@QAE_NPAUILibrary@23@HABU?$TString@U?$TSCoreConst@D@su@tl@UModSys@@U?$TComparerBinaryHash@D@234@@tl@3@@Z 100011f0 f i plugin_test1.obj
 0001:00000280       ??1SPoint@ILibraryBinTree@libmedia@UModSys@@QAE@XZ 10001280 f i plugin_test1.obj
 0001:00000280       ??1SLayer@ILibraryLayered@libmedia@UModSys@@QAE@XZ 10001280 f i plugin_test1.obj
 0001:000002a0       ?s@SFrameDataOut@libui@UModSys@@QBEXQBD@Z 100012a0 f i plugin_test1.obj
 0001:000002e0       ??_EIRoot@core@UModSys@@UAEPAXI@Z 100012e0 f i  CIL library: CIL module
 0001:000002e0       ??_GIRoot@core@UModSys@@UAEPAXI@Z 100012e0 f i plugin_test1.obj
 0001:00000300       ?root_get_interface_info@RTest1_Shell@test1@test@modules@UModSys@@UBEABUSUniquePointerInfo@core@5@XZ 10001300 f i plugin_test1.obj
 0001:00000310       ?root_get_interface_type@RTest1_Shell@test1@test@modules@UModSys@@UBEPBUSUniquePointerInfo@core@5@XZ 10001310 f i plugin_test1.obj
 0001:00000320       ?root_get_other_interface@RTest1_Shell@test1@test@modules@UModSys@@UAEPAUIRoot@core@5@PBUSUniquePointerInfo@75@@Z 10001320 f i plugin_test1.obj
 0001:00000320       ?root_get_other_interface@RTest1_Shell@test1@test@modules@UModSys@@UBEPBUIRoot@core@5@PBUSUniquePointerInfo@75@@Z 10001320 f i plugin_test1.obj
 0001:00000350       ?root_is_interface_supported@RTest1_Shell@test1@test@modules@UModSys@@UBE_NPBUSUniquePointerInfo@core@5@@Z 10001350 f i plugin_test1.obj
 0001:00000390       ?ref_add@RTest1_Shell@test1@test@modules@UModSys@@UBEXXZ 10001390 f i plugin_test1.obj
 0001:000003a0       ?ref_remove@RTest1_Shell@test1@test@modules@UModSys@@UBEXXZ 100013a0 f i plugin_test1.obj
 0001:000003b0       ?ref_links@RTest1_Shell@test1@test@modules@UModSys@@UBEHXZ 100013b0 f i plugin_test1.obj
 0001:000003c0       ?ref_weak@RTest1_Shell@test1@test@modules@UModSys@@UBE_NAAUWeakPointer@IRefObject@core@5@@Z 100013c0 f i plugin_test1.obj
 0001:000003e0       ?suicide@RTest1_Shell@test1@test@modules@UModSys@@UAEXXZ 100013e0 f i plugin_test1.obj
 0001:000003f0       ??0RTest1_Shell@test1@test@modules@UModSys@@QAE@PAUIModObject@base@4@@Z 100013f0 f i plugin_test1.obj
 0001:00000530       ??1RTest1_Shell@test1@test@modules@UModSys@@UAE@XZ 10001530 f i plugin_test1.obj
 0001:000005e0       ?connect@RTest1_Shell@test1@test@modules@UModSys@@UAE_NXZ 100015e0 f i plugin_test1.obj
 0001:00000600       ?disconnect@RTest1_Shell@test1@test@modules@UModSys@@UAE_NXZ 10001600 f i plugin_test1.obj
 0001:00000620       ?process_tick@RTest1_Shell@test1@test@modules@UModSys@@UAE_NABUSTimeMsec@core@5@@Z 10001620 f i plugin_test1.obj
 0001:00000650       ?process_command@RTest1_Shell@test1@test@modules@UModSys@@UAE_NHQBU?$TString@U?$TSCoreConst@D@su@tl@UModSys@@U?$TComparerBinaryHash@D@234@@tl@5@@Z 10001650 f i plugin_test1.obj
 0001:00000680       ??_ERTest1_Shell@test1@test@modules@UModSys@@UAEPAXI@Z 10001680 f i  CIL library: CIL module
 0001:00000680       ??_GRTest1_Shell@test1@test@modules@UModSys@@UAEPAXI@Z 10001680 f i plugin_test1.obj
 0001:000006a0       ?get_generated_names@RGenerator@test1@test@modules@UModSys@@UBEHAAUSUniquePtrList@core@5@@Z 100016a0 f i plugin_test1.obj
 0001:000006c0       ?get_generated_types@RGenerator@test1@test@modules@UModSys@@UBEHAAUSUniquePtrList@core@5@PBUSUniquePointerInfo@75@@Z 100016c0 f i plugin_test1.obj
 0001:00000710       ?generate@RGenerator@test1@test@modules@UModSys@@UAE_NAAU?$TRefObject@UIRefObject@core@UModSys@@U?$TRefObjectFunc@UIRefObject@core@UModSys@@@tl@3@@tl@5@PBUSUniquePointerInfo@core@5@ABUSParameters@95@@Z 10001710 f i plugin_test1.obj
 0001:000007d0       ?root_get_interface_info@RGenerator@test1@test@modules@UModSys@@UBEABUSUniquePointerInfo@core@5@XZ 100017d0 f i plugin_test1.obj
 0001:000007e0       ?root_get_interface_type@RGenerator@test1@test@modules@UModSys@@UBEPBUSUniquePointerInfo@core@5@XZ 100017e0 f i plugin_test1.obj
 0001:000007f0       ?root_get_other_interface@RGenerator@test1@test@modules@UModSys@@UAEPAUIRoot@core@5@PBUSUniquePointerInfo@75@@Z 100017f0 f i plugin_test1.obj
 0001:000007f0       ?root_get_other_interface@RGenerator@test1@test@modules@UModSys@@UBEPBUIRoot@core@5@PBUSUniquePointerInfo@75@@Z 100017f0 f i plugin_test1.obj
 0001:00000830       ?root_is_interface_supported@RGenerator@test1@test@modules@UModSys@@UBE_NPBUSUniquePointerInfo@core@5@@Z 10001830 f i plugin_test1.obj
 0001:00000870       ??3@YAXPAX0@Z              10001870 f i plugin_test1.obj
 0001:00000870       ?suicide@RGenerator@stdlib@lib2d@modules@UModSys@@UAEXXZ 10001870 f i umodsys_lib_lib2d:umodsys.mod.2d.stdlib.obj
 0001:00000870       ?suicide@RGenerator@images_std@media@modules@UModSys@@UAEXXZ 10001870 f i umodsys_lib_libmedia:umodsys.mod.media.images_std.obj
 0001:00000870       ?suicide@RGenerator@SDL_core@ui@modules@UModSys@@UAEXXZ 10001870 f i umodsys_lib_libui:umodsys.mod.ui.SDL_core.obj
 0001:00000870       ?suicide@RGenerator@frames@ui@modules@UModSys@@UAEXXZ 10001870 f i umodsys_lib_libui:umodsys.mod.ui.frames.obj
 0001:00000870       ?suicide@RGenerator@test1@test@modules@UModSys@@UAEXXZ 10001870 f i plugin_test1.obj
 0001:00000880       ?get_uid@RGenerator@test1@test@modules@UModSys@@UBEPBUSUniquePointerInfo@core@5@XZ 10001880 f i plugin_test1.obj
 0001:00000890       ?do_open@RModuleReg@test1@test@modules@UModSys@@UAE_NXZ 10001890 f i plugin_test1.obj
 0001:000008c0       ?do_close@RModuleReg@test1@test@modules@UModSys@@UAE_NXZ 100018c0 f i plugin_test1.obj
 0001:000008f0       ??_ERModuleReg@test1@test@modules@UModSys@@UAEPAXI@Z 100018f0 f i  CIL library: CIL module
 0001:000008f0       ??_GRModuleReg@test1@test@modules@UModSys@@UAEPAXI@Z 100018f0 f i plugin_test1.obj
 0001:00000920       ??0?$TString@U?$TSCoreConst@D@su@tl@UModSys@@U?$TComparerBinaryHash@D@234@@tl@UModSys@@QAE@PBD@Z 10001920 f i plugin_test1.obj
 0001:00000970       ??8?$TString@U?$TSCoreConst@D@su@tl@UModSys@@U?$TComparerBinaryHash@D@234@@tl@UModSys@@QBE_NPBD@Z 10001970 f i plugin_test1.obj
 0001:000009a0       ??1?$TRefObject@UIMouseController@libui@UModSys@@U?$TRefObjectFunc@UIMouseController@libui@UModSys@@@tl@3@@tl@UModSys@@QAE@XZ 100019a0 f i plugin_test1.obj
 0001:000009a0       ??1?$TRefObject@URMouseController@SDL_core@ui@modules@UModSys@@U?$TRefObjectFunc@URMouseController@SDL_core@ui@modules@UModSys@@@tl@5@@tl@UModSys@@QAE@XZ 100019a0 f i umodsys_lib_libui:umodsys.mod.ui.SDL_core.obj
 0001:000009a0       ??1?$TRefObject@UIFrame@libui@UModSys@@U?$TRefObjectFunc@UIFrame@libui@UModSys@@@tl@3@@tl@UModSys@@QAE@XZ 100019a0 f i umodsys_lib_libui:umodsys.mod.ui.frames.obj
 0001:000009a0       ??1?$TRefObject@UIRenderDriver@lib2d@UModSys@@U?$TRefObjectFunc@UIRenderDriver@lib2d@UModSys@@@tl@3@@tl@UModSys@@QAE@XZ 100019a0 f i plugin_test1.obj
 0001:000009a0       ??1?$TRefObject@URFrame_Common@frames@ui@modules@UModSys@@U?$TRefObjectFunc@URFrame_Common@frames@ui@modules@UModSys@@@tl@5@@tl@UModSys@@QAE@XZ 100019a0 f i umodsys_lib_libui:umodsys.mod.ui.frames.obj
 0001:000009a0       ??1?$TRefObject@UILibraryBinTree@libmedia@UModSys@@U?$TRefObjectFunc@UILibraryBinTree@libmedia@UModSys@@@tl@3@@tl@UModSys@@QAE@XZ 100019a0 f i plugin_test1.obj
 0001:000009a0       ??1?$TRefObject@UIMultiImage@lib2d@UModSys@@U?$TRefObjectFunc@UIMultiImage@lib2d@UModSys@@@tl@3@@tl@UModSys@@QAE@XZ 100019a0 f i plugin_test1.obj
 0001:000009a0       ??1?$TRefObject@URTerminal@SDL_core@ui@modules@UModSys@@U?$TRefObjectFunc@URTerminal@SDL_core@ui@modules@UModSys@@@tl@5@@tl@UModSys@@QAE@XZ 100019a0 f i umodsys_lib_libui:umodsys.mod.ui.SDL_core.obj
 0001:000009a0       ??1?$TRefObject@URRenderDriver2D@SDL_core@ui@modules@UModSys@@U?$TRefObjectFunc@URRenderDriver2D@SDL_core@ui@modules@UModSys@@@tl@5@@tl@UModSys@@QAE@XZ 100019a0 f i umodsys_lib_libui:umodsys.mod.ui.SDL_core.obj
 0001:000009a0       ??1?$TRefObject@UILibraryLayered@libmedia@UModSys@@U?$TRefObjectFunc@UILibraryLayered@libmedia@UModSys@@@tl@3@@tl@UModSys@@QAE@XZ 100019a0 f i plugin_test1.obj
 0001:000009a0       ??1?$TRefObject@UILibrary@libmedia@UModSys@@U?$TRefObjectFunc@UILibrary@libmedia@UModSys@@@tl@3@@tl@UModSys@@QAE@XZ 100019a0 f i plugin_test1.obj
 0001:000009a0       ??1?$TRefObject@URImage_Memory@stdlib@lib2d@modules@UModSys@@U?$TRefObjectFunc@URImage_Memory@stdlib@lib2d@modules@UModSys@@@tl@5@@tl@UModSys@@QAE@XZ 100019a0 f i umodsys_lib_lib2d:umodsys.mod.2d.stdlib.obj
 0001:000009a0       ??1?$TRefObject@UILibraryObjCache@libmedia@UModSys@@U?$TRefObjectFunc@UILibraryObjCache@libmedia@UModSys@@@tl@3@@tl@UModSys@@QAE@XZ 100019a0 f i plugin_test1.obj
 0001:000009a0       ??1?$TRefObject@URDialog@frames@ui@modules@UModSys@@U?$TRefObjectFunc@URDialog@frames@ui@modules@UModSys@@@tl@5@@tl@UModSys@@QAE@XZ 100019a0 f i umodsys_lib_libui:umodsys.mod.ui.frames.obj
 0001:000009a0       ??1?$TRefObject@UILibraryObjFilter@libmedia@UModSys@@U?$TRefObjectFunc@UILibraryObjFilter@libmedia@UModSys@@@tl@3@@tl@UModSys@@QAE@XZ 100019a0 f i plugin_test1.obj
 0001:000009a0       ??1?$TRefObject@URMultiImage2D_SDL_ttf@SDL_core@ui@modules@UModSys@@U?$TRefObjectFunc@URMultiImage2D_SDL_ttf@SDL_core@ui@modules@UModSys@@@tl@5@@tl@UModSys@@QAE@XZ 100019a0 f i umodsys_lib_libui:umodsys.mod.ui.SDL_core.obj
 0001:000009a0       ??1?$TRefObject@UILibraryBinCache@libmedia@UModSys@@U?$TRefObjectFunc@UILibraryBinCache@libmedia@UModSys@@@tl@3@@tl@UModSys@@QAE@XZ 100019a0 f i plugin_test1.obj
 0001:000009a0       ??1?$TRefObject@UIBinObjFilter@libmedia@UModSys@@U?$TRefObjectFunc@UIBinObjFilter@libmedia@UModSys@@@tl@3@@tl@UModSys@@QAE@XZ 100019a0 f i plugin_test1.obj
 0001:000009a0       ??1?$TRefObject@UITerminal@libui@UModSys@@U?$TRefObjectFunc@UITerminal@libui@UModSys@@@tl@3@@tl@UModSys@@QAE@XZ 100019a0 f i plugin_test1.obj
 0001:000009a0       ??1?$TRefObject@URMediaFilter@images_std@media@modules@UModSys@@U?$TRefObjectFunc@URMediaFilter@images_std@media@modules@UModSys@@@tl@5@@tl@UModSys@@QAE@XZ 100019a0 f i umodsys_lib_libmedia:umodsys.mod.media.images_std.obj
 0001:000009a0       ??1?$TRefObject@URKeyboardController@SDL_core@ui@modules@UModSys@@U?$TRefObjectFunc@URKeyboardController@SDL_core@ui@modules@UModSys@@@tl@5@@tl@UModSys@@QAE@XZ 100019a0 f i umodsys_lib_libui:umodsys.mod.ui.SDL_core.obj
 0001:000009a0       ??1?$TRefObject@UIKeyboardController@libui@UModSys@@U?$TRefObjectFunc@UIKeyboardController@libui@UModSys@@@tl@3@@tl@UModSys@@QAE@XZ 100019a0 f i plugin_test1.obj
 0001:000009a0       ??1?$TRefObject@UIBinArchive@libmedia@UModSys@@U?$TRefObjectFunc@UIBinArchive@libmedia@UModSys@@@tl@3@@tl@UModSys@@QAE@XZ 100019a0 f i plugin_test1.obj
 0001:000009a0       ??1?$TRefObject@URCollector@frames@ui@modules@UModSys@@U?$TRefObjectFunc@URCollector@frames@ui@modules@UModSys@@@tl@5@@tl@UModSys@@QAE@XZ 100019a0 f i umodsys_lib_libui:umodsys.mod.ui.frames.obj
 0001:000009a0       ??1?$TRefObject@UIImage@lib2d@UModSys@@U?$TRefObjectFunc@UIImage@lib2d@UModSys@@@tl@3@@tl@UModSys@@QAE@XZ 100019a0 f i plugin_test1.obj
 0001:000009a0       ??1?$TRefObject@UIRefObject@core@UModSys@@U?$TRefObjectFunc@UIRefObject@core@UModSys@@@tl@3@@tl@UModSys@@QAE@XZ 100019a0 f i plugin_test1.obj
 0001:000009c0       ?info_new@?$TSCoreShared@USIMemAlloc@core@UModSys@@D@su@tl@UModSys@@QAE_NPBDI@Z 100019c0 f i plugin_test1.obj
 0001:00000a50       ??$generate_type@UIImage@lib2d@UModSys@@@RTest1_Shell@test1@test@modules@UModSys@@QAE?AU?$TRefObject@UIImage@lib2d@UModSys@@U?$TRefObjectFunc@UIImage@lib2d@UModSys@@@tl@3@@tl@4@ABU?$TString@U?$TSCoreConst@D@su@tl@UModSys@@U?$TComparerBinaryHash@D@234@@64@ABUSParameters@core@4@PBD@Z 10001a50 f i plugin_test1.obj
 0001:00000ba0       ??$generate_type@UIBinArchive@libmedia@UModSys@@@RTest1_Shell@test1@test@modules@UModSys@@QAE?AU?$TRefObject@UIBinArchive@libmedia@UModSys@@U?$TRefObjectFunc@UIBinArchive@libmedia@UModSys@@@tl@3@@tl@4@ABU?$TString@U?$TSCoreConst@D@su@tl@UModSys@@U?$TComparerBinaryHash@D@234@@64@ABUSParameters@core@4@PBD@Z 10001ba0 f i plugin_test1.obj
 0001:00000cf0       ??$generate_type@UIBinObjFilter@libmedia@UModSys@@@RTest1_Shell@test1@test@modules@UModSys@@QAE?AU?$TRefObject@UIBinObjFilter@libmedia@UModSys@@U?$TRefObjectFunc@UIBinObjFilter@libmedia@UModSys@@@tl@3@@tl@4@ABU?$TString@U?$TSCoreConst@D@su@tl@UModSys@@U?$TComparerBinaryHash@D@234@@64@ABUSParameters@core@4@PBD@Z 10001cf0 f i plugin_test1.obj
 0001:00000e40       ??$generate_type@UILibraryBinTree@libmedia@UModSys@@@RTest1_Shell@test1@test@modules@UModSys@@QAE?AU?$TRefObject@UILibraryBinTree@libmedia@UModSys@@U?$TRefObjectFunc@UILibraryBinTree@libmedia@UModSys@@@tl@3@@tl@4@ABU?$TString@U?$TSCoreConst@D@su@tl@UModSys@@U?$TComparerBinaryHash@D@234@@64@ABUSParameters@core@4@PBD@Z 10001e40 f i plugin_test1.obj
 0001:00000f90       ??$generate_type@UILibraryObjFilter@libmedia@UModSys@@@RTest1_Shell@test1@test@modules@UModSys@@QAE?AU?$TRefObject@UILibraryObjFilter@libmedia@UModSys@@U?$TRefObjectFunc@UILibraryObjFilter@libmedia@UModSys@@@tl@3@@tl@4@ABU?$TString@U?$TSCoreConst@D@su@tl@UModSys@@U?$TComparerBinaryHash@D@234@@64@ABUSParameters@core@4@PBD@Z 10001f90 f i plugin_test1.obj
 0001:000010e0       ??$generate_type@UILibraryLayered@libmedia@UModSys@@@RTest1_Shell@test1@test@modules@UModSys@@QAE?AU?$TRefObject@UILibraryLayered@libmedia@UModSys@@U?$TRefObjectFunc@UILibraryLayered@libmedia@UModSys@@@tl@3@@tl@4@ABU?$TString@U?$TSCoreConst@D@su@tl@UModSys@@U?$TComparerBinaryHash@D@234@@64@ABUSParameters@core@4@PBD@Z 100020e0 f i plugin_test1.obj
 0001:00001230       ??$generate_type@UILibraryObjCache@libmedia@UModSys@@@RTest1_Shell@test1@test@modules@UModSys@@QAE?AU?$TRefObject@UILibraryObjCache@libmedia@UModSys@@U?$TRefObjectFunc@UILibraryObjCache@libmedia@UModSys@@@tl@3@@tl@4@ABU?$TString@U?$TSCoreConst@D@su@tl@UModSys@@U?$TComparerBinaryHash@D@234@@64@ABUSParameters@core@4@PBD@Z 10002230 f i plugin_test1.obj
 0001:00001380       ??$generate_type@UILibraryBinCache@libmedia@UModSys@@@RTest1_Shell@test1@test@modules@UModSys@@QAE?AU?$TRefObject@UILibraryBinCache@libmedia@UModSys@@U?$TRefObjectFunc@UILibraryBinCache@libmedia@UModSys@@@tl@3@@tl@4@ABU?$TString@U?$TSCoreConst@D@su@tl@UModSys@@U?$TComparerBinaryHash@D@234@@64@ABUSParameters@core@4@PBD@Z 10002380 f i plugin_test1.obj
 0001:000014d0       ??$shash@D@su@tl@UModSys@@YAHPBDI@Z 100024d0 f i plugin_test1.obj
 0001:00001500       ??1?$TRefObject@UIModObject@base@UModSys@@U?$TModObjectFunc@UIModObject@base@UModSys@@@tl@3@@tl@UModSys@@QAE@XZ 10002500 f i plugin_test1.obj
 0001:00001520       ??$t_ref_get_other_interface@UIMultiImage@lib2d@UModSys@@U?$TRefObjectFunc@UIMultiImage@lib2d@UModSys@@@tl@3@@IRefObject@core@UModSys@@QAE_NAAU?$TRefObject@UIMultiImage@lib2d@UModSys@@U?$TRefObjectFunc@UIMultiImage@lib2d@UModSys@@@tl@3@@tl@2@@Z 10002520 f i plugin_test1.obj
 0001:00001560       ??$t_generate@UIImage@lib2d@UModSys@@@SModuleContext@base@UModSys@@QAE_NAAU?$TRefObject@UIImage@lib2d@UModSys@@U?$TRefObjectFunc@UIImage@lib2d@UModSys@@@tl@3@@tl@2@PBUSUniquePointerInfo@core@2@ABUSParameters@62@@Z 10002560 f i plugin_test1.obj
 0001:00001610       ??$t_generate@UIBinArchive@libmedia@UModSys@@@SModuleContext@base@UModSys@@QAE_NAAU?$TRefObject@UIBinArchive@libmedia@UModSys@@U?$TRefObjectFunc@UIBinArchive@libmedia@UModSys@@@tl@3@@tl@2@PBUSUniquePointerInfo@core@2@ABUSParameters@62@@Z 10002610 f i plugin_test1.obj
 0001:000016c0       ??$t_generate@UIBinObjFilter@libmedia@UModSys@@@SModuleContext@base@UModSys@@QAE_NAAU?$TRefObject@UIBinObjFilter@libmedia@UModSys@@U?$TRefObjectFunc@UIBinObjFilter@libmedia@UModSys@@@tl@3@@tl@2@PBUSUniquePointerInfo@core@2@ABUSParameters@62@@Z 100026c0 f i plugin_test1.obj
 0001:00001770       ??$t_generate@UILibraryBinTree@libmedia@UModSys@@@SModuleContext@base@UModSys@@QAE_NAAU?$TRefObject@UILibraryBinTree@libmedia@UModSys@@U?$TRefObjectFunc@UILibraryBinTree@libmedia@UModSys@@@tl@3@@tl@2@PBUSUniquePointerInfo@core@2@ABUSParameters@62@@Z 10002770 f i plugin_test1.obj
 0001:00001820       ??$t_generate@UILibraryObjFilter@libmedia@UModSys@@@SModuleContext@base@UModSys@@QAE_NAAU?$TRefObject@UILibraryObjFilter@libmedia@UModSys@@U?$TRefObjectFunc@UILibraryObjFilter@libmedia@UModSys@@@tl@3@@tl@2@PBUSUniquePointerInfo@core@2@ABUSParameters@62@@Z 10002820 f i plugin_test1.obj
 0001:000018d0       ??$t_generate@UILibraryLayered@libmedia@UModSys@@@SModuleContext@base@UModSys@@QAE_NAAU?$TRefObject@UILibraryLayered@libmedia@UModSys@@U?$TRefObjectFunc@UILibraryLayered@libmedia@UModSys@@@tl@3@@tl@2@PBUSUniquePointerInfo@core@2@ABUSParameters@62@@Z 100028d0 f i plugin_test1.obj
 0001:00001980       ??$t_generate@UILibraryObjCache@libmedia@UModSys@@@SModuleContext@base@UModSys@@QAE_NAAU?$TRefObject@UILibraryObjCache@libmedia@UModSys@@U?$TRefObjectFunc@UILibraryObjCache@libmedia@UModSys@@@tl@3@@tl@2@PBUSUniquePointerInfo@core@2@ABUSParameters@62@@Z 10002980 f i plugin_test1.obj
 0001:00001a30       ??$t_generate@UILibraryBinCache@libmedia@UModSys@@@SModuleContext@base@UModSys@@QAE_NAAU?$TRefObject@UILibraryBinCache@libmedia@UModSys@@U?$TRefObjectFunc@UILibraryBinCache@libmedia@UModSys@@@tl@3@@tl@2@PBUSUniquePointerInfo@core@2@ABUSParameters@62@@Z 10002a30 f i plugin_test1.obj
 0001:00001ae0       ??$t_ref_get_other_interface@UIImage@lib2d@UModSys@@U?$TRefObjectFunc@UIImage@lib2d@UModSys@@@tl@3@@IRefObject@core@UModSys@@QAE_NAAU?$TRefObject@UIImage@lib2d@UModSys@@U?$TRefObjectFunc@UIImage@lib2d@UModSys@@@tl@3@@tl@2@@Z 10002ae0 f i plugin_test1.obj
 0001:00001b20       ??$t_ref_get_other_interface@UIBinArchive@libmedia@UModSys@@U?$TRefObjectFunc@UIBinArchive@libmedia@UModSys@@@tl@3@@IRefObject@core@UModSys@@QAE_NAAU?$TRefObject@UIBinArchive@libmedia@UModSys@@U?$TRefObjectFunc@UIBinArchive@libmedia@UModSys@@@tl@3@@tl@2@@Z 10002b20 f i plugin_test1.obj
 0001:00001b60       ??$t_ref_get_other_interface@UIBinObjFilter@libmedia@UModSys@@U?$TRefObjectFunc@UIBinObjFilter@libmedia@UModSys@@@tl@3@@IRefObject@core@UModSys@@QAE_NAAU?$TRefObject@UIBinObjFilter@libmedia@UModSys@@U?$TRefObjectFunc@UIBinObjFilter@libmedia@UModSys@@@tl@3@@tl@2@@Z 10002b60 f i plugin_test1.obj
 0001:00001ba0       ??$t_ref_get_other_interface@UILibraryBinTree@libmedia@UModSys@@U?$TRefObjectFunc@UILibraryBinTree@libmedia@UModSys@@@tl@3@@IRefObject@core@UModSys@@QAE_NAAU?$TRefObject@UILibraryBinTree@libmedia@UModSys@@U?$TRefObjectFunc@UILibraryBinTree@libmedia@UModSys@@@tl@3@@tl@2@@Z 10002ba0 f i plugin_test1.obj
 0001:00001be0       ??$t_ref_get_other_interface@UILibraryObjFilter@libmedia@UModSys@@U?$TRefObjectFunc@UILibraryObjFilter@libmedia@UModSys@@@tl@3@@IRefObject@core@UModSys@@QAE_NAAU?$TRefObject@UILibraryObjFilter@libmedia@UModSys@@U?$TRefObjectFunc@UILibraryObjFilter@libmedia@UModSys@@@tl@3@@tl@2@@Z 10002be0 f i plugin_test1.obj
 0001:00001c20       ??$t_ref_get_other_interface@UILibraryLayered@libmedia@UModSys@@U?$TRefObjectFunc@UILibraryLayered@libmedia@UModSys@@@tl@3@@IRefObject@core@UModSys@@QAE_NAAU?$TRefObject@UILibraryLayered@libmedia@UModSys@@U?$TRefObjectFunc@UILibraryLayered@libmedia@UModSys@@@tl@3@@tl@2@@Z 10002c20 f i plugin_test1.obj
 0001:00001c60       ??$t_ref_get_other_interface@UILibraryObjCache@libmedia@UModSys@@U?$TRefObjectFunc@UILibraryObjCache@libmedia@UModSys@@@tl@3@@IRefObject@core@UModSys@@QAE_NAAU?$TRefObject@UILibraryObjCache@libmedia@UModSys@@U?$TRefObjectFunc@UILibraryObjCache@libmedia@UModSys@@@tl@3@@tl@2@@Z 10002c60 f i plugin_test1.obj
 0001:00001ca0       ??$t_ref_get_other_interface@UILibraryBinCache@libmedia@UModSys@@U?$TRefObjectFunc@UILibraryBinCache@libmedia@UModSys@@@tl@3@@IRefObject@core@UModSys@@QAE_NAAU?$TRefObject@UILibraryBinCache@libmedia@UModSys@@U?$TRefObjectFunc@UILibraryBinCache@libmedia@UModSys@@@tl@3@@tl@2@@Z 10002ca0 f i plugin_test1.obj
 0001:00001ce0       ?alloc@SMemShared@core@UModSys@@QAE_NIPAUSSourceContext@23@@Z 10002ce0 f i umodsys_lib_lib2d:umodsys.mod.2d.stdlib.obj
 0001:00001d20       ?get@SMemShared@core@UModSys@@QBE?AUSMem@23@XZ 10002d20 f i umodsys_lib_libmedia:umodsys.mod.media.images_std.obj
 0001:00001d20       ??BSMemShared@core@UModSys@@QBE?AUSMem@12@XZ 10002d20 f i umodsys_lib_lib2d:umodsys.mod.2d.stdlib.obj
 0001:00001d70       ?ConvertSameSize@stdlib@lib2d@modules@UModSys@@YA_NW4eImageType@24@ABU?$TVector2@H@math3d@4@11ABUSMem@core@4@11ABUSCMem@94@@Z 10002d70 f i umodsys_lib_lib2d:umodsys.mod.2d.stdlib.obj
 0001:00001e00       ?ConvertSame@stdlib@lib2d@modules@UModSys@@YA_NW4eImageType@24@ABU?$TBoundBox2@H@math3d@4@ABU?$TVector2@H@74@ABUSMem@core@4@12ABUSCMem@core@4@@Z 10002e00 f i umodsys_lib_lib2d:umodsys.mod.2d.stdlib.obj
 0001:00001e80       ?Convert@stdlib@lib2d@modules@UModSys@@YA_NABU?$TBoundBox2@H@math3d@4@ABUSImageInfo@24@ABUSMem@core@4@01ABUSCMem@94@@Z 10002e80 f i umodsys_lib_lib2d:umodsys.mod.2d.stdlib.obj
 0001:00001ef0       ?root_get_interface_info@RImage_Memory@stdlib@lib2d@modules@UModSys@@UBEABUSUniquePointerInfo@core@5@XZ 10002ef0 f i umodsys_lib_lib2d:umodsys.mod.2d.stdlib.obj
 0001:00001f00       ?root_get_interface_type@RImage_Memory@stdlib@lib2d@modules@UModSys@@UBEPBUSUniquePointerInfo@core@5@XZ 10002f00 f i umodsys_lib_lib2d:umodsys.mod.2d.stdlib.obj
 0001:00001f10       ?root_get_other_interface@RImage_Memory@stdlib@lib2d@modules@UModSys@@UBEPBUIRoot@core@5@PBUSUniquePointerInfo@75@@Z 10002f10 f i umodsys_lib_lib2d:umodsys.mod.2d.stdlib.obj
 0001:00001f10       ?root_get_other_interface@RImage_Memory@stdlib@lib2d@modules@UModSys@@UAEPAUIRoot@core@5@PBUSUniquePointerInfo@75@@Z 10002f10 f i umodsys_lib_lib2d:umodsys.mod.2d.stdlib.obj
 0001:00001f40       ?root_is_interface_supported@RImage_Memory@stdlib@lib2d@modules@UModSys@@UBE_NPBUSUniquePointerInfo@core@5@@Z 10002f40 f i umodsys_lib_lib2d:umodsys.mod.2d.stdlib.obj
 0001:00001f80       ?ref_remove@RDialog@frames@ui@modules@UModSys@@UBEXXZ 10002f80 f i umodsys_lib_libui:umodsys.mod.ui.frames.obj
 0001:00001f80       ?ref_remove@RMultiImage2D_SDL_ttf@SDL_core@ui@modules@UModSys@@UBEXXZ 10002f80 f i umodsys_lib_libui:umodsys.mod.ui.SDL_core.obj
 0001:00001f80       ?ref_remove@RGenerator@test1@test@modules@UModSys@@UBEXXZ 10002f80 f i plugin_test1.obj
 0001:00001f80       ?ref_remove@RMouseController@SDL_core@ui@modules@UModSys@@UBEXXZ 10002f80 f i umodsys_lib_libui:umodsys.mod.ui.SDL_core.obj
 0001:00001f80       ?ref_remove@RGenerator@stdlib@lib2d@modules@UModSys@@UBEXXZ 10002f80 f i umodsys_lib_lib2d:umodsys.mod.2d.stdlib.obj
 0001:00001f80       ?ref_remove@RGenerator@SDL_core@ui@modules@UModSys@@UBEXXZ 10002f80 f i umodsys_lib_libui:umodsys.mod.ui.SDL_core.obj
 0001:00001f80       ?ref_remove@RTerminal@SDL_core@ui@modules@UModSys@@UBEXXZ 10002f80 f i umodsys_lib_libui:umodsys.mod.ui.SDL_core.obj
 0001:00001f80       ?ref_remove@RKeyboardController@SDL_core@ui@modules@UModSys@@UBEXXZ 10002f80 f i umodsys_lib_libui:umodsys.mod.ui.SDL_core.obj
 0001:00001f80       ?ref_remove@RImage_Memory@stdlib@lib2d@modules@UModSys@@UBEXXZ 10002f80 f i umodsys_lib_lib2d:umodsys.mod.2d.stdlib.obj
 0001:00001f80       ?ref_remove@RGenerator@images_std@media@modules@UModSys@@UBEXXZ 10002f80 f i umodsys_lib_libmedia:umodsys.mod.media.images_std.obj
 0001:00001f80       ?ref_remove@RGenerator@frames@ui@modules@UModSys@@UBEXXZ 10002f80 f i umodsys_lib_libui:umodsys.mod.ui.frames.obj
 0001:00001f80       ?ref_remove@RRenderDriver2D@SDL_core@ui@modules@UModSys@@UBEXXZ 10002f80 f i umodsys_lib_libui:umodsys.mod.ui.SDL_core.obj
 0001:00001f90       ?suicide@RImage_Memory@stdlib@lib2d@modules@UModSys@@UAEXXZ 10002f90 f i umodsys_lib_lib2d:umodsys.mod.2d.stdlib.obj
 0001:00001f90       ?suicide@RTerminal@SDL_core@ui@modules@UModSys@@UAEXXZ 10002f90 f i umodsys_lib_libui:umodsys.mod.ui.SDL_core.obj
 0001:00001fa0       ?set_info@RImage_Memory@stdlib@lib2d@modules@UModSys@@UAE_NABUSImagePatchInfo@35@PBD@Z 10002fa0 f i umodsys_lib_lib2d:umodsys.mod.2d.stdlib.obj
 0001:00002140       ?set_data@RImage_Memory@stdlib@lib2d@modules@UModSys@@UAE_NABUSImagePatchInfo@35@ABUSCMem@core@5@H@Z 10003140 f i umodsys_lib_lib2d:umodsys.mod.2d.stdlib.obj
 0001:000021f0       ?get_info@RImage_Memory@stdlib@lib2d@modules@UModSys@@UBEABUSImageInfo@35@XZ 100031f0 f i umodsys_lib_lib2d:umodsys.mod.2d.stdlib.obj
 0001:00002200       ?get_data@RImage_Memory@stdlib@lib2d@modules@UModSys@@UBE_NABUSImagePatchInfo@35@ABUSMem@core@5@H@Z 10003200 f i umodsys_lib_lib2d:umodsys.mod.2d.stdlib.obj
 0001:000022b0       ??0RImage_Memory@stdlib@lib2d@modules@UModSys@@QAE@PAUIModObject@base@4@ABUSParameters@core@4@@Z 100032b0 f i umodsys_lib_lib2d:umodsys.mod.2d.stdlib.obj
 0001:00002360       ??4State@RImage_Memory@stdlib@lib2d@modules@UModSys@@QAEAAU012345@ABU012345@@Z 10003360 f i umodsys_lib_lib2d:umodsys.mod.2d.stdlib.obj
 0001:00002410       ??_GRImage_Memory@stdlib@lib2d@modules@UModSys@@UAEPAXI@Z 10003410 f i umodsys_lib_lib2d:umodsys.mod.2d.stdlib.obj
 0001:00002410       ??_ERImage_Memory@stdlib@lib2d@modules@UModSys@@UAEPAXI@Z 10003410 f i  CIL library: CIL module
 0001:00002480       ?get_generated_names@RGenerator@stdlib@lib2d@modules@UModSys@@UBEHAAUSUniquePtrList@core@5@@Z 10003480 f i umodsys_lib_lib2d:umodsys.mod.2d.stdlib.obj
 0001:000024a0       ?get_generated_types@RGenerator@stdlib@lib2d@modules@UModSys@@UBEHAAUSUniquePtrList@core@5@PBUSUniquePointerInfo@75@@Z 100034a0 f i umodsys_lib_lib2d:umodsys.mod.2d.stdlib.obj
 0001:000024f0       ?generate@RGenerator@stdlib@lib2d@modules@UModSys@@UAE_NAAU?$TRefObject@UIRefObject@core@UModSys@@U?$TRefObjectFunc@UIRefObject@core@UModSys@@@tl@3@@tl@5@PBUSUniquePointerInfo@core@5@ABUSParameters@95@@Z 100034f0 f i umodsys_lib_lib2d:umodsys.mod.2d.stdlib.obj
 0001:00002520       ?root_get_interface_info@RGenerator@stdlib@lib2d@modules@UModSys@@UBEABUSUniquePointerInfo@core@5@XZ 10003520 f i umodsys_lib_lib2d:umodsys.mod.2d.stdlib.obj
 0001:00002530       ?root_get_interface_type@RGenerator@stdlib@lib2d@modules@UModSys@@UBEPBUSUniquePointerInfo@core@5@XZ 10003530 f i umodsys_lib_lib2d:umodsys.mod.2d.stdlib.obj
 0001:00002540       ?root_get_other_interface@RGenerator@stdlib@lib2d@modules@UModSys@@UBEPBUIRoot@core@5@PBUSUniquePointerInfo@75@@Z 10003540 f i umodsys_lib_lib2d:umodsys.mod.2d.stdlib.obj
 0001:00002540       ?root_get_other_interface@RGenerator@stdlib@lib2d@modules@UModSys@@UAEPAUIRoot@core@5@PBUSUniquePointerInfo@75@@Z 10003540 f i umodsys_lib_lib2d:umodsys.mod.2d.stdlib.obj
 0001:00002580       ?root_is_interface_supported@RGenerator@stdlib@lib2d@modules@UModSys@@UBE_NPBUSUniquePointerInfo@core@5@@Z 10003580 f i umodsys_lib_lib2d:umodsys.mod.2d.stdlib.obj
 0001:000025c0       ?get_uid@RGenerator@stdlib@lib2d@modules@UModSys@@UBEPBUSUniquePointerInfo@core@5@XZ 100035c0 f i umodsys_lib_lib2d:umodsys.mod.2d.stdlib.obj
 0001:000025d0       ?do_open@RModuleReg@stdlib@lib2d@modules@UModSys@@UAE_NXZ 100035d0 f i umodsys_lib_lib2d:umodsys.mod.2d.stdlib.obj
 0001:000025e0       ?do_close@RModuleReg@stdlib@lib2d@modules@UModSys@@UAE_NXZ 100035e0 f i umodsys_lib_lib2d:umodsys.mod.2d.stdlib.obj
 0001:000025f0       ??_GRModuleReg@stdlib@lib2d@modules@UModSys@@UAEPAXI@Z 100035f0 f i umodsys_lib_lib2d:umodsys.mod.2d.stdlib.obj
 0001:000025f0       ??_ERModuleReg@stdlib@lib2d@modules@UModSys@@UAEPAXI@Z 100035f0 f i  CIL library: CIL module
 0001:00002620       ??_GRGenerator@stdlib@lib2d@modules@UModSys@@UAEPAXI@Z 10003620 f i umodsys_lib_lib2d:umodsys.mod.2d.stdlib.obj
 0001:00002620       ??_ERGenerator@stdlib@lib2d@modules@UModSys@@UAEPAXI@Z 10003620 f i  CIL library: CIL module
 0001:00002620       ??_ERGenerator@test1@test@modules@UModSys@@UAEPAXI@Z 10003620 f i  CIL library: CIL module
 0001:00002620       ??_GRGenerator@SDL_core@ui@modules@UModSys@@UAEPAXI@Z 10003620 f i umodsys_lib_libui:umodsys.mod.ui.SDL_core.obj
 0001:00002620       ??_ERGenerator@images_std@media@modules@UModSys@@UAEPAXI@Z 10003620 f i  CIL library: CIL module
 0001:00002620       ??_GRGenerator@test1@test@modules@UModSys@@UAEPAXI@Z 10003620 f i plugin_test1.obj
 0001:00002620       ??_GIRefObject@core@UModSys@@UAEPAXI@Z 10003620 f i plugin_test1.obj
 0001:00002620       ??_GRGenerator@frames@ui@modules@UModSys@@UAEPAXI@Z 10003620 f i umodsys_lib_libui:umodsys.mod.ui.frames.obj
 0001:00002620       ??_EIRefObject@core@UModSys@@UAEPAXI@Z 10003620 f i  CIL library: CIL module
 0001:00002620       ??_GRGenerator@images_std@media@modules@UModSys@@UAEPAXI@Z 10003620 f i umodsys_lib_libmedia:umodsys.mod.media.images_std.obj
 0001:00002620       ??_ERGenerator@SDL_core@ui@modules@UModSys@@UAEPAXI@Z 10003620 f i  CIL library: CIL module
 0001:00002620       ??_ERGenerator@frames@ui@modules@UModSys@@UAEPAXI@Z 10003620 f i  CIL library: CIL module
 0001:00002640       ??$t_gen_param@URImage_Memory@stdlib@lib2d@modules@UModSys@@URGenerator@2345@@IGenerator@base@UModSys@@IAE_NPAURGenerator@stdlib@lib2d@modules@2@AAU?$TRefObject@UIRefObject@core@UModSys@@U?$TRefObjectFunc@UIRefObject@core@UModSys@@@tl@3@@tl@2@PBUSUniquePointerInfo@core@2@ABUSParameters@core@2@@Z 10003640 f i umodsys_lib_lib2d:umodsys.mod.2d.stdlib.obj
 0001:000026b0       ?utf_8to32@su@tl@UModSys@@YA_NAAHAAPBDAAI@Z 100036b0 f i umodsys_lib_libui:umodsys.mod.ui.SDL_core.obj
 0001:00002780       ?root_get_interface_info@RMultiImage2D_SDL_ttf@SDL_core@ui@modules@UModSys@@UBEABUSUniquePointerInfo@core@5@XZ 10003780 f i umodsys_lib_libui:umodsys.mod.ui.SDL_core.obj
 0001:00002790       ?root_get_interface_type@RMultiImage2D_SDL_ttf@SDL_core@ui@modules@UModSys@@UBEPBUSUniquePointerInfo@core@5@XZ 10003790 f i umodsys_lib_libui:umodsys.mod.ui.SDL_core.obj
 0001:000027a0       ?root_get_other_interface@RMultiImage2D_SDL_ttf@SDL_core@ui@modules@UModSys@@UBEPBUIRoot@core@5@PBUSUniquePointerInfo@75@@Z 100037a0 f i umodsys_lib_libui:umodsys.mod.ui.SDL_core.obj
 0001:000027a0       ?root_get_other_interface@RMultiImage2D_SDL_ttf@SDL_core@ui@modules@UModSys@@UAEPAUIRoot@core@5@PBUSUniquePointerInfo@75@@Z 100037a0 f i umodsys_lib_libui:umodsys.mod.ui.SDL_core.obj
 0001:000027d0       ?root_is_interface_supported@RMultiImage2D_SDL_ttf@SDL_core@ui@modules@UModSys@@UBE_NPBUSUniquePointerInfo@core@5@@Z 100037d0 f i umodsys_lib_libui:umodsys.mod.ui.SDL_core.obj
 0001:00002810       ??0RMultiImage2D_SDL_ttf@SDL_core@ui@modules@UModSys@@QAE@PAURRenderDriver2D@1234@ABUSParameters@core@4@@Z 10003810 f i umodsys_lib_libui:umodsys.mod.ui.SDL_core.obj
 0001:00002890       ??1RMultiImage2D_SDL_ttf@SDL_core@ui@modules@UModSys@@UAE@XZ 10003890 f i umodsys_lib_libui:umodsys.mod.ui.SDL_core.obj
 0001:00002910       ?open@RMultiImage2D_SDL_ttf@SDL_core@ui@modules@UModSys@@QAE_NABUSParameters@core@5@@Z 10003910 f i umodsys_lib_libui:umodsys.mod.ui.SDL_core.obj
 0001:000029e0       ?generate_glyphs@RMultiImage2D_SDL_ttf@SDL_core@ui@modules@UModSys@@QAE_NXZ 100039e0 f i umodsys_lib_libui:umodsys.mod.ui.SDL_core.obj
 0001:00002ae0       ?set_hint@RMultiImage2D_SDL_ttf@SDL_core@ui@modules@UModSys@@UAE_NPBD0@Z 10003ae0 f i umodsys_lib_libui:umodsys.mod.ui.SDL_core.obj
 0001:00002ae0       ?key_setrepeat@RKeyboardController@SDL_core@ui@modules@UModSys@@UAE_NMM@Z 10003ae0 f i umodsys_lib_libui:umodsys.mod.ui.SDL_core.obj
 0001:00002ae0       ?mouse_setposition@RMouseController@SDL_core@ui@modules@UModSys@@UAE_NHH@Z 10003ae0 f i umodsys_lib_libui:umodsys.mod.ui.SDL_core.obj
 0001:00002ae0       ?set_fixed_cell@RMultiImage2D_SDL_ttf@SDL_core@ui@modules@UModSys@@UAE_NHH@Z 10003ae0 f i umodsys_lib_libui:umodsys.mod.ui.SDL_core.obj
 0001:00002ae0       ?set_parameters@RRenderDriver2D@SDL_core@ui@modules@UModSys@@UAE_NPBDABUSParameters@core@5@@Z 10003ae0 f i umodsys_lib_libui:umodsys.mod.ui.SDL_core.obj
 0001:00002af0       ??_GRMultiImage2D_SDL_ttf@SDL_core@ui@modules@UModSys@@UAEPAXI@Z 10003af0 f i umodsys_lib_libui:umodsys.mod.ui.SDL_core.obj
 0001:00002af0       ??_ERMultiImage2D_SDL_ttf@SDL_core@ui@modules@UModSys@@UAEPAXI@Z 10003af0 f i  CIL library: CIL module
 0001:00002b10       ?root_get_interface_info@RRenderDriver2D@SDL_core@ui@modules@UModSys@@UBEABUSUniquePointerInfo@core@5@XZ 10003b10 f i umodsys_lib_libui:umodsys.mod.ui.SDL_core.obj
 0001:00002b20       ?root_get_interface_type@RRenderDriver2D@SDL_core@ui@modules@UModSys@@UBEPBUSUniquePointerInfo@core@5@XZ 10003b20 f i umodsys_lib_libui:umodsys.mod.ui.SDL_core.obj
 0001:00002b30       ?root_get_other_interface@RRenderDriver2D@SDL_core@ui@modules@UModSys@@UBEPBUIRoot@core@5@PBUSUniquePointerInfo@75@@Z 10003b30 f i umodsys_lib_libui:umodsys.mod.ui.SDL_core.obj
 0001:00002b30       ?root_get_other_interface@RRenderDriver2D@SDL_core@ui@modules@UModSys@@UAEPAUIRoot@core@5@PBUSUniquePointerInfo@75@@Z 10003b30 f i umodsys_lib_libui:umodsys.mod.ui.SDL_core.obj
 0001:00002b60       ?root_is_interface_supported@RRenderDriver2D@SDL_core@ui@modules@UModSys@@UBE_NPBUSUniquePointerInfo@core@5@@Z 10003b60 f i umodsys_lib_libui:umodsys.mod.ui.SDL_core.obj
 0001:00002ba0       ?ref_links@RKeyboardController@SDL_core@ui@modules@UModSys@@UBEHXZ 10003ba0 f i umodsys_lib_libui:umodsys.mod.ui.SDL_core.obj
 0001:00002ba0       ?ref_links@RDialog@frames@ui@modules@UModSys@@UBEHXZ 10003ba0 f i umodsys_lib_libui:umodsys.mod.ui.frames.obj
 0001:00002ba0       ?ref_links@RMultiImage2D_SDL_ttf@SDL_core@ui@modules@UModSys@@UBEHXZ 10003ba0 f i umodsys_lib_libui:umodsys.mod.ui.SDL_core.obj
 0001:00002ba0       ?ref_links@RGenerator@images_std@media@modules@UModSys@@UBEHXZ 10003ba0 f i umodsys_lib_libmedia:umodsys.mod.media.images_std.obj
 0001:00002ba0       ?ref_links@RTerminal@SDL_core@ui@modules@UModSys@@UBEHXZ 10003ba0 f i umodsys_lib_libui:umodsys.mod.ui.SDL_core.obj
 0001:00002ba0       ?ref_links@RGenerator@SDL_core@ui@modules@UModSys@@UBEHXZ 10003ba0 f i umodsys_lib_libui:umodsys.mod.ui.SDL_core.obj
 0001:00002ba0       ?ref_links@RMouseController@SDL_core@ui@modules@UModSys@@UBEHXZ 10003ba0 f i umodsys_lib_libui:umodsys.mod.ui.SDL_core.obj
 0001:00002ba0       ?ref_links@RImage_Memory@stdlib@lib2d@modules@UModSys@@UBEHXZ 10003ba0 f i umodsys_lib_lib2d:umodsys.mod.2d.stdlib.obj
 0001:00002ba0       ?ref_links@RGenerator@test1@test@modules@UModSys@@UBEHXZ 10003ba0 f i plugin_test1.obj
 0001:00002ba0       ?ref_links@RRenderDriver2D@SDL_core@ui@modules@UModSys@@UBEHXZ 10003ba0 f i umodsys_lib_libui:umodsys.mod.ui.SDL_core.obj
 0001:00002ba0       ?ref_links@RGenerator@frames@ui@modules@UModSys@@UBEHXZ 10003ba0 f i umodsys_lib_libui:umodsys.mod.ui.frames.obj
 0001:00002ba0       ?ref_links@RGenerator@stdlib@lib2d@modules@UModSys@@UBEHXZ 10003ba0 f i umodsys_lib_lib2d:umodsys.mod.2d.stdlib.obj
 0001:00002bb0       ??0RRenderDriver2D@SDL_core@ui@modules@UModSys@@QAE@PAURTerminal@1234@ABUSParameters@core@4@@Z 10003bb0 f i umodsys_lib_libui:umodsys.mod.ui.SDL_core.obj
 0001:00002cb0       ??1RRenderDriver2D@SDL_core@ui@modules@UModSys@@UAE@XZ 10003cb0 f i umodsys_lib_libui:umodsys.mod.ui.SDL_core.obj
 0001:00002d80       ?open@RRenderDriver2D@SDL_core@ui@modules@UModSys@@QAE_NABUSParameters@core@5@@Z 10003d80 f i umodsys_lib_libui:umodsys.mod.ui.SDL_core.obj
 0001:00002f30       ?set_color@RRenderDriver2D@SDL_core@ui@modules@UModSys@@QAEXXZ 10003f30 f i umodsys_lib_libui:umodsys.mod.ui.SDL_core.obj
 0001:00003020       ?get_hwinfo@RImage_Memory@stdlib@lib2d@modules@UModSys@@UAEPAXPBUSUniquePointerInfo@core@5@@Z 10004020 f i umodsys_lib_lib2d:umodsys.mod.2d.stdlib.obj
 0001:00003020       ?get_layer@RMultiImage2D_SDL_ttf@SDL_core@ui@modules@UModSys@@UAEPAUIImage@lib2d@5@H@Z 10004020 f i umodsys_lib_libui:umodsys.mod.ui.SDL_core.obj
 0001:00003020       ?get_hwcinfo@RImage_Memory@stdlib@lib2d@modules@UModSys@@UBEPBXPBUSUniquePointerInfo@core@5@@Z 10004020 f i umodsys_lib_lib2d:umodsys.mod.2d.stdlib.obj
 0001:00003020       ?get_controller@RRenderDriver2D@SDL_core@ui@modules@UModSys@@UBEPAUIRefObject@core@5@PBUSUniquePointerInfo@75@@Z 10004020 f i umodsys_lib_libui:umodsys.mod.ui.SDL_core.obj
 0001:00003030       ?begin@RRenderDriver2D@SDL_core@ui@modules@UModSys@@UAEXXZ 10004030 f i umodsys_lib_libui:umodsys.mod.ui.SDL_core.obj
 0001:00003110       ?end@RRenderDriver2D@SDL_core@ui@modules@UModSys@@UAEXXZ 10004110 f i umodsys_lib_libui:umodsys.mod.ui.SDL_core.obj
 0001:00003120       ?get_max_values@RRenderDriver2D@SDL_core@ui@modules@UModSys@@UBEPBUSParameters@core@5@XZ 10004120 f i umodsys_lib_libui:umodsys.mod.ui.SDL_core.obj
 0001:00003130       ?get_frame_values@RRenderDriver2D@SDL_core@ui@modules@UModSys@@UBEPBUSParameters@core@5@XZ 10004130 f i umodsys_lib_libui:umodsys.mod.ui.SDL_core.obj
 0001:00003140       ?setup_font@RRenderDriver2D@SDL_core@ui@modules@UModSys@@UAE_NPAUIMultiImage@lib2d@5@PBU?$TVector2@M@math3d@5@@Z 10004140 f i umodsys_lib_libui:umodsys.mod.ui.SDL_core.obj
 0001:000031a0       ?setup_color@RRenderDriver2D@SDL_core@ui@modules@UModSys@@UAEXABU?$TVector3@M@math3d@5@@Z 100041a0 f i umodsys_lib_libui:umodsys.mod.ui.SDL_core.obj
 0001:000031d0       ?setup_color@RRenderDriver2D@SDL_core@ui@modules@UModSys@@UAEXABU?$TVector3@H@math3d@5@@Z 100041d0 f i umodsys_lib_libui:umodsys.mod.ui.SDL_core.obj
 0001:00003220       ?setup_coloralpha@RRenderDriver2D@SDL_core@ui@modules@UModSys@@UAEXABU?$TVector4@M@math3d@5@H@Z 10004220 f i umodsys_lib_libui:umodsys.mod.ui.SDL_core.obj
 0001:00003260       ?setup_coloralpha@RRenderDriver2D@SDL_core@ui@modules@UModSys@@UAEXABU?$TVector4@H@math3d@5@H@Z 10004260 f i umodsys_lib_libui:umodsys.mod.ui.SDL_core.obj
 0001:000032c0       ?setup_blendcolor@RRenderDriver2D@SDL_core@ui@modules@UModSys@@UAEXABUSBlendColor@lib2d@5@@Z 100042c0 f i umodsys_lib_libui:umodsys.mod.ui.SDL_core.obj
 0001:00003320       ?setup_blendcolor@RRenderDriver2D@SDL_core@ui@modules@UModSys@@UAEXABUSBlendColorf@lib2d@5@@Z 10004320 f i umodsys_lib_libui:umodsys.mod.ui.SDL_core.obj
 0001:00003380       ?setup_alpha@RRenderDriver2D@SDL_core@ui@modules@UModSys@@UAEXHH@Z 10004380 f i umodsys_lib_libui:umodsys.mod.ui.SDL_core.obj
 0001:000033b0       ?setup_alpha@RRenderDriver2D@SDL_core@ui@modules@UModSys@@UAEXMH@Z 100043b0 f i umodsys_lib_libui:umodsys.mod.ui.SDL_core.obj
 0001:000033d0       ?render_text_advanced@RRenderDriver2D@SDL_core@ui@modules@UModSys@@UAE_NAAUTextInfo@IRenderDriver@lib2d@5@PBHH@Z 100043d0 f i umodsys_lib_libui:umodsys.mod.ui.SDL_core.obj
 0001:000035d0       ?render_box@RRenderDriver2D@SDL_core@ui@modules@UModSys@@UAEXABU?$TVector2@H@math3d@5@0@Z 100045d0 f i umodsys_lib_libui:umodsys.mod.ui.SDL_core.obj
 0001:00003620       ?render_tri@RRenderDriver2D@SDL_core@ui@modules@UModSys@@UAEXABU?$TVector2@H@math3d@5@00@Z 10004620 f i umodsys_lib_libui:umodsys.mod.ui.SDL_core.obj
 0001:00003690       ?render_quad@RRenderDriver2D@SDL_core@ui@modules@UModSys@@UAEXABU?$TVector2@H@math3d@5@000@Z 10004690 f i umodsys_lib_libui:umodsys.mod.ui.SDL_core.obj
 0001:00003710       ?render_box@RRenderDriver2D@SDL_core@ui@modules@UModSys@@UAEXPAUIImage@lib2d@5@ABU?$TVector2@H@math3d@5@1ABU?$TVector2@M@95@2@Z 10004710 f i umodsys_lib_libui:umodsys.mod.ui.SDL_core.obj
 0001:00003720       ?render_line@RRenderDriver2D@SDL_core@ui@modules@UModSys@@UAEXABU?$TVector2@H@math3d@5@0@Z 10004720 f i umodsys_lib_libui:umodsys.mod.ui.SDL_core.obj
 0001:00003750       ?render_rect@RRenderDriver2D@SDL_core@ui@modules@UModSys@@UAEXABU?$TVector2@H@math3d@5@0@Z 10004750 f i umodsys_lib_libui:umodsys.mod.ui.SDL_core.obj
 0001:000037a0       ??_GRRenderDriver2D@SDL_core@ui@modules@UModSys@@UAEPAXI@Z 100047a0 f i umodsys_lib_libui:umodsys.mod.ui.SDL_core.obj
 0001:000037a0       ??_ERRenderDriver2D@SDL_core@ui@modules@UModSys@@UAEPAXI@Z 100047a0 f i  CIL library: CIL module
 0001:000037c0       ?root_get_interface_info@RMouseController@SDL_core@ui@modules@UModSys@@UBEABUSUniquePointerInfo@core@5@XZ 100047c0 f i umodsys_lib_libui:umodsys.mod.ui.SDL_core.obj
 0001:000037d0       ?root_get_interface_type@RMouseController@SDL_core@ui@modules@UModSys@@UBEPBUSUniquePointerInfo@core@5@XZ 100047d0 f i umodsys_lib_libui:umodsys.mod.ui.SDL_core.obj
 0001:000037e0       ?root_get_other_interface@RMouseController@SDL_core@ui@modules@UModSys@@UAEPAUIRoot@core@5@PBUSUniquePointerInfo@75@@Z 100047e0 f i umodsys_lib_libui:umodsys.mod.ui.SDL_core.obj
 0001:000037e0       ?root_get_other_interface@RMouseController@SDL_core@ui@modules@UModSys@@UBEPBUIRoot@core@5@PBUSUniquePointerInfo@75@@Z 100047e0 f i umodsys_lib_libui:umodsys.mod.ui.SDL_core.obj
 0001:00003810       ?root_is_interface_supported@RMouseController@SDL_core@ui@modules@UModSys@@UBE_NPBUSUniquePointerInfo@core@5@@Z 10004810 f i umodsys_lib_libui:umodsys.mod.ui.SDL_core.obj
 0001:00003850       ?suicide@RMouseController@SDL_core@ui@modules@UModSys@@UAEXXZ 10004850 f i umodsys_lib_libui:umodsys.mod.ui.SDL_core.obj
 0001:00003850       ?suicide@RKeyboardController@SDL_core@ui@modules@UModSys@@UAEXXZ 10004850 f i umodsys_lib_libui:umodsys.mod.ui.SDL_core.obj
 0001:00003850       ?suicide@RRenderDriver2D@SDL_core@ui@modules@UModSys@@UAEXXZ 10004850 f i umodsys_lib_libui:umodsys.mod.ui.SDL_core.obj
 0001:00003850       ?suicide@RDialog@frames@ui@modules@UModSys@@UAEXXZ 10004850 f i umodsys_lib_libui:umodsys.mod.ui.frames.obj
 0001:00003850       ?suicide@RMultiImage2D_SDL_ttf@SDL_core@ui@modules@UModSys@@UAEXXZ 10004850 f i umodsys_lib_libui:umodsys.mod.ui.SDL_core.obj
 0001:00003860       ??0RMouseController@SDL_core@ui@modules@UModSys@@QAE@PAURTerminal@1234@ABUSParameters@core@4@@Z 10004860 f i umodsys_lib_libui:umodsys.mod.ui.SDL_core.obj
 0001:000038c0       ??1RMouseController@SDL_core@ui@modules@UModSys@@UAE@XZ 100048c0 f i umodsys_lib_libui:umodsys.mod.ui.SDL_core.obj
 0001:00003920       ?process@RMouseController@SDL_core@ui@modules@UModSys@@QAE_NAAUSDL_MouseMotionEvent@@@Z 10004920 f i umodsys_lib_libui:umodsys.mod.ui.SDL_core.obj
 0001:00003a70       ?process@RMouseController@SDL_core@ui@modules@UModSys@@QAE_NAAUSDL_MouseButtonEvent@@@Z 10004a70 f i umodsys_lib_libui:umodsys.mod.ui.SDL_core.obj
 0001:00003ba0       ?process@RMouseController@SDL_core@ui@modules@UModSys@@QAE_NAAUSDL_MouseWheelEvent@@@Z 10004ba0 f i umodsys_lib_libui:umodsys.mod.ui.SDL_core.obj
 0001:00003cb0       ?mouse_link@RMouseController@SDL_core@ui@modules@UModSys@@UAE_NHPAUIRefObject@core@5@PAUIMouseClient@libui@5@H@Z 10004cb0 f i umodsys_lib_libui:umodsys.mod.ui.SDL_core.obj
 0001:00003d10       ??_ERMouseController@SDL_core@ui@modules@UModSys@@UAEPAXI@Z 10004d10 f i  CIL library: CIL module
 0001:00003d10       ??_GRMouseController@SDL_core@ui@modules@UModSys@@UAEPAXI@Z 10004d10 f i umodsys_lib_libui:umodsys.mod.ui.SDL_core.obj
 0001:00003d30       ?root_get_interface_info@RKeyboardController@SDL_core@ui@modules@UModSys@@UBEABUSUniquePointerInfo@core@5@XZ 10004d30 f i umodsys_lib_libui:umodsys.mod.ui.SDL_core.obj
 0001:00003d40       ?root_get_interface_type@RKeyboardController@SDL_core@ui@modules@UModSys@@UBEPBUSUniquePointerInfo@core@5@XZ 10004d40 f i umodsys_lib_libui:umodsys.mod.ui.SDL_core.obj
 0001:00003d50       ?root_get_other_interface@RKeyboardController@SDL_core@ui@modules@UModSys@@UAEPAUIRoot@core@5@PBUSUniquePointerInfo@75@@Z 10004d50 f i umodsys_lib_libui:umodsys.mod.ui.SDL_core.obj
 0001:00003d50       ?root_get_other_interface@RKeyboardController@SDL_core@ui@modules@UModSys@@UBEPBUIRoot@core@5@PBUSUniquePointerInfo@75@@Z 10004d50 f i umodsys_lib_libui:umodsys.mod.ui.SDL_core.obj
 0001:00003d80       ?root_is_interface_supported@RKeyboardController@SDL_core@ui@modules@UModSys@@UBE_NPBUSUniquePointerInfo@core@5@@Z 10004d80 f i umodsys_lib_libui:umodsys.mod.ui.SDL_core.obj
 0001:00003dc0       ?ref_weak@RKeyboardController@SDL_core@ui@modules@UModSys@@UBE_NAAUWeakPointer@IRefObject@core@5@@Z 10004dc0 f i umodsys_lib_libui:umodsys.mod.ui.SDL_core.obj
 0001:00003dc0       ?ref_weak@RGenerator@test1@test@modules@UModSys@@UBE_NAAUWeakPointer@IRefObject@core@5@@Z 10004dc0 f i plugin_test1.obj
 0001:00003dc0       ?ref_weak@RDialog@frames@ui@modules@UModSys@@UBE_NAAUWeakPointer@IRefObject@core@5@@Z 10004dc0 f i umodsys_lib_libui:umodsys.mod.ui.frames.obj
 0001:00003dc0       ?ref_weak@RImage_Memory@stdlib@lib2d@modules@UModSys@@UBE_NAAUWeakPointer@IRefObject@core@5@@Z 10004dc0 f i umodsys_lib_lib2d:umodsys.mod.2d.stdlib.obj
 0001:00003dc0       ?ref_weak@RMouseController@SDL_core@ui@modules@UModSys@@UBE_NAAUWeakPointer@IRefObject@core@5@@Z 10004dc0 f i umodsys_lib_libui:umodsys.mod.ui.SDL_core.obj
 0001:00003dc0       ?ref_weak@RGenerator@stdlib@lib2d@modules@UModSys@@UBE_NAAUWeakPointer@IRefObject@core@5@@Z 10004dc0 f i umodsys_lib_lib2d:umodsys.mod.2d.stdlib.obj
 0001:00003dc0       ?ref_weak@RGenerator@images_std@media@modules@UModSys@@UBE_NAAUWeakPointer@IRefObject@core@5@@Z 10004dc0 f i umodsys_lib_libmedia:umodsys.mod.media.images_std.obj
 0001:00003dc0       ?ref_weak@RMultiImage2D_SDL_ttf@SDL_core@ui@modules@UModSys@@UBE_NAAUWeakPointer@IRefObject@core@5@@Z 10004dc0 f i umodsys_lib_libui:umodsys.mod.ui.SDL_core.obj
 0001:00003dc0       ?ref_weak@RGenerator@SDL_core@ui@modules@UModSys@@UBE_NAAUWeakPointer@IRefObject@core@5@@Z 10004dc0 f i umodsys_lib_libui:umodsys.mod.ui.SDL_core.obj
 0001:00003dc0       ?ref_weak@RGenerator@frames@ui@modules@UModSys@@UBE_NAAUWeakPointer@IRefObject@core@5@@Z 10004dc0 f i umodsys_lib_libui:umodsys.mod.ui.frames.obj
 0001:00003dc0       ?ref_weak@RTerminal@SDL_core@ui@modules@UModSys@@UBE_NAAUWeakPointer@IRefObject@core@5@@Z 10004dc0 f i umodsys_lib_libui:umodsys.mod.ui.SDL_core.obj
 0001:00003dc0       ?ref_weak@RRenderDriver2D@SDL_core@ui@modules@UModSys@@UBE_NAAUWeakPointer@IRefObject@core@5@@Z 10004dc0 f i umodsys_lib_libui:umodsys.mod.ui.SDL_core.obj
 0001:00003de0       ??0RKeyboardController@SDL_core@ui@modules@UModSys@@QAE@PAURTerminal@1234@ABUSParameters@core@4@@Z 10004de0 f i umodsys_lib_libui:umodsys.mod.ui.SDL_core.obj
 0001:00003e40       ??1RKeyboardController@SDL_core@ui@modules@UModSys@@UAE@XZ 10004e40 f i umodsys_lib_libui:umodsys.mod.ui.SDL_core.obj
 0001:00003ea0       ?process@RKeyboardController@SDL_core@ui@modules@UModSys@@QAE_NAAUSDL_KeyboardEvent@@@Z 10004ea0 f i umodsys_lib_libui:umodsys.mod.ui.SDL_core.obj
 0001:00003f80       ?process@RKeyboardController@SDL_core@ui@modules@UModSys@@QAE_NAAUSDL_TextInputEvent@@@Z 10004f80 f i umodsys_lib_libui:umodsys.mod.ui.SDL_core.obj
 0001:00004070       ?map_keycode@RKeyboardController@SDL_core@ui@modules@UModSys@@QAE?AW4eKeyCode@libui@5@H@Z 10005070 f i umodsys_lib_libui:umodsys.mod.ui.SDL_core.obj
 0001:000045b0       ?map_keyspecial@RKeyboardController@SDL_core@ui@modules@UModSys@@QAEFG@Z 100055b0 f i umodsys_lib_libui:umodsys.mod.ui.SDL_core.obj
 0001:00004630       ?mouse_unlink@RMouseController@SDL_core@ui@modules@UModSys@@UAE_NH@Z 10005630 f i umodsys_lib_libui:umodsys.mod.ui.SDL_core.obj
 0001:00004630       ?key_unlink@RKeyboardController@SDL_core@ui@modules@UModSys@@UAE_NH@Z 10005630 f i umodsys_lib_libui:umodsys.mod.ui.SDL_core.obj
 0001:00004670       ?key_link@RKeyboardController@SDL_core@ui@modules@UModSys@@UAE_NHPAUIRefObject@core@5@PAUIKeyboardClient@libui@5@@Z 10005670 f i umodsys_lib_libui:umodsys.mod.ui.SDL_core.obj
 0001:000046c0       ?key_setmodifier@RKeyboardController@SDL_core@ui@modules@UModSys@@UAE_NHHH@Z 100056c0 f i umodsys_lib_libui:umodsys.mod.ui.SDL_core.obj
 0001:000046c0       ?set_var_cell@RMultiImage2D_SDL_ttf@SDL_core@ui@modules@UModSys@@UAE_NPBUSImageCellInfo@lib2d@5@HH@Z 100056c0 f i umodsys_lib_libui:umodsys.mod.ui.SDL_core.obj
 0001:000046c0       ?get_cell_size@RMultiImage2D_SDL_ttf@SDL_core@ui@modules@UModSys@@UAE_NHAAU?$TVector2@H@math3d@5@PAU675@@Z 100056c0 f i umodsys_lib_libui:umodsys.mod.ui.SDL_core.obj
 0001:000046d0       ?mouse_reset@RMouseController@SDL_core@ui@modules@UModSys@@UAE_NXZ 100056d0 f i umodsys_lib_libui:umodsys.mod.ui.SDL_core.obj
 0001:000046d0       ?key_reset@RKeyboardController@SDL_core@ui@modules@UModSys@@UAE_NXZ 100056d0 f i umodsys_lib_libui:umodsys.mod.ui.SDL_core.obj
 0001:000046e0       ?key_setvisible@RKeyboardController@SDL_core@ui@modules@UModSys@@UAE_N_N@Z 100056e0 f i umodsys_lib_libui:umodsys.mod.ui.SDL_core.obj
 0001:00004700       ??_ERKeyboardController@SDL_core@ui@modules@UModSys@@UAEPAXI@Z 10005700 f i  CIL library: CIL module
 0001:00004700       ??_GRKeyboardController@SDL_core@ui@modules@UModSys@@UAEPAXI@Z 10005700 f i umodsys_lib_libui:umodsys.mod.ui.SDL_core.obj
 0001:00004720       ??1IImage@lib2d@UModSys@@UAE@XZ 10005720 f i umodsys_lib_lib2d:umodsys.mod.2d.stdlib.obj
 0001:00004720       ??1IRenderDriver@lib2d@UModSys@@UAE@XZ 10005720 f i umodsys_lib_libui:umodsys.mod.ui.SDL_core.obj
 0001:00004720       ??1IKeyboardController@libui@UModSys@@UAE@XZ 10005720 f i umodsys_lib_libui:umodsys.mod.ui.SDL_core.obj
 0001:00004720       ??1ICollector@libui@UModSys@@UAE@XZ 10005720 f i umodsys_lib_libui:umodsys.mod.ui.frames.obj
 0001:00004720       ??1IMouseController@libui@UModSys@@UAE@XZ 10005720 f i umodsys_lib_libui:umodsys.mod.ui.SDL_core.obj
 0001:00004720       ??1IBinObjFilter@libmedia@UModSys@@UAE@XZ 10005720 f i plugin_test1.obj
 0001:00004720       ??1IDialog@libui@UModSys@@UAE@XZ 10005720 f i umodsys_lib_libui:umodsys.mod.ui.frames.obj
 0001:00004720       ??1IMultiImage@lib2d@UModSys@@UAE@XZ 10005720 f i umodsys_lib_libui:umodsys.mod.ui.SDL_core.obj
 0001:00004720       ??1IShell@base@UModSys@@UAE@XZ 10005720 f i plugin_test1.obj
 0001:00004720       ??1ITerminal@libui@UModSys@@UAE@XZ 10005720 f i umodsys_lib_libui:umodsys.mod.ui.SDL_core.obj
 0001:00004720       ??1IFrame@libui@UModSys@@UAE@XZ 10005720 f i umodsys_lib_libui:umodsys.mod.ui.frames.obj
 0001:00004730       ?root_get_interface_info@RTerminal@SDL_core@ui@modules@UModSys@@UBEABUSUniquePointerInfo@core@5@XZ 10005730 f i umodsys_lib_libui:umodsys.mod.ui.SDL_core.obj
 0001:00004740       ?root_get_interface_type@RTerminal@SDL_core@ui@modules@UModSys@@UBEPBUSUniquePointerInfo@core@5@XZ 10005740 f i umodsys_lib_libui:umodsys.mod.ui.SDL_core.obj
 0001:00004750       ?root_get_other_interface@RTerminal@SDL_core@ui@modules@UModSys@@UBEPBUIRoot@core@5@PBUSUniquePointerInfo@75@@Z 10005750 f i umodsys_lib_libui:umodsys.mod.ui.SDL_core.obj
 0001:00004750       ?root_get_other_interface@RTerminal@SDL_core@ui@modules@UModSys@@UAEPAUIRoot@core@5@PBUSUniquePointerInfo@75@@Z 10005750 f i umodsys_lib_libui:umodsys.mod.ui.SDL_core.obj
 0001:00004780       ?root_is_interface_supported@RTerminal@SDL_core@ui@modules@UModSys@@UBE_NPBUSUniquePointerInfo@core@5@@Z 10005780 f i umodsys_lib_libui:umodsys.mod.ui.SDL_core.obj
 0001:000047c0       ?ref_add@RGenerator@images_std@media@modules@UModSys@@UBEXXZ 100057c0 f i umodsys_lib_libmedia:umodsys.mod.media.images_std.obj
 0001:000047c0       ?ref_add@RRenderDriver2D@SDL_core@ui@modules@UModSys@@UBEXXZ 100057c0 f i umodsys_lib_libui:umodsys.mod.ui.SDL_core.obj
 0001:000047c0       ?ref_add@RGenerator@stdlib@lib2d@modules@UModSys@@UBEXXZ 100057c0 f i umodsys_lib_lib2d:umodsys.mod.2d.stdlib.obj
 0001:000047c0       ?ref_add@RGenerator@SDL_core@ui@modules@UModSys@@UBEXXZ 100057c0 f i umodsys_lib_libui:umodsys.mod.ui.SDL_core.obj
 0001:000047c0       ?ref_add@RMultiImage2D_SDL_ttf@SDL_core@ui@modules@UModSys@@UBEXXZ 100057c0 f i umodsys_lib_libui:umodsys.mod.ui.SDL_core.obj
 0001:000047c0       ?ref_add@RDialog@frames@ui@modules@UModSys@@UBEXXZ 100057c0 f i umodsys_lib_libui:umodsys.mod.ui.frames.obj
 0001:000047c0       ?ref_add@RMouseController@SDL_core@ui@modules@UModSys@@UBEXXZ 100057c0 f i umodsys_lib_libui:umodsys.mod.ui.SDL_core.obj
 0001:000047c0       ?ref_add@RTerminal@SDL_core@ui@modules@UModSys@@UBEXXZ 100057c0 f i umodsys_lib_libui:umodsys.mod.ui.SDL_core.obj
 0001:000047c0       ?ref_add@RGenerator@frames@ui@modules@UModSys@@UBEXXZ 100057c0 f i umodsys_lib_libui:umodsys.mod.ui.frames.obj
 0001:000047c0       ?ref_add@RKeyboardController@SDL_core@ui@modules@UModSys@@UBEXXZ 100057c0 f i umodsys_lib_libui:umodsys.mod.ui.SDL_core.obj
 0001:000047c0       ?ref_add@RImage_Memory@stdlib@lib2d@modules@UModSys@@UBEXXZ 100057c0 f i umodsys_lib_lib2d:umodsys.mod.2d.stdlib.obj
 0001:000047c0       ?ref_add@RGenerator@test1@test@modules@UModSys@@UBEXXZ 100057c0 f i plugin_test1.obj
 0001:000047d0       ??0RTerminal@SDL_core@ui@modules@UModSys@@QAE@PAUIModObject@base@4@ABUSParameters@core@4@@Z 100057d0 f i umodsys_lib_libui:umodsys.mod.ui.SDL_core.obj
 0001:00004870       ??1RTerminal@SDL_core@ui@modules@UModSys@@UAE@XZ 10005870 f i umodsys_lib_libui:umodsys.mod.ui.SDL_core.obj
 0001:00004920       ?poll_events@RTerminal@SDL_core@ui@modules@UModSys@@UAE_NH@Z 10005920 f i umodsys_lib_libui:umodsys.mod.ui.SDL_core.obj
 0001:00004a60       ?get_terminal_state@RTerminal@SDL_core@ui@modules@UModSys@@UAE_NW4eTerminalState@libui@5@@Z 10005a60 f i umodsys_lib_libui:umodsys.mod.ui.SDL_core.obj
 0001:00004a80       ?set_terminal_state@RTerminal@SDL_core@ui@modules@UModSys@@UAE_NW4eTerminalState@libui@5@_N@Z 10005a80 f i umodsys_lib_libui:umodsys.mod.ui.SDL_core.obj
 0001:00004af0       ?get_clock@RTerminal@SDL_core@ui@modules@UModSys@@UAENXZ 10005af0 f i umodsys_lib_libui:umodsys.mod.ui.SDL_core.obj
 0001:00004b10       ?wait@RTerminal@SDL_core@ui@modules@UModSys@@UAE_NM@Z 10005b10 f i umodsys_lib_libui:umodsys.mod.ui.SDL_core.obj
 0001:00004b50       ?get_count@RTerminal@SDL_core@ui@modules@UModSys@@UBEIPBUSUniquePointerInfo@core@5@@Z 10005b50 f i umodsys_lib_libui:umodsys.mod.ui.SDL_core.obj
 0001:00004b90       ?get_handler@RTerminal@SDL_core@ui@modules@UModSys@@UBEPAUIRefObject@core@5@PBUSUniquePointerInfo@75@I@Z 10005b90 f i umodsys_lib_libui:umodsys.mod.ui.SDL_core.obj
 0001:00004be0       ?get_handler@RTerminal@SDL_core@ui@modules@UModSys@@UBEPAUIRefObject@core@5@PBUSUniquePointerInfo@75@PBD@Z 10005be0 f i umodsys_lib_libui:umodsys.mod.ui.SDL_core.obj
 0001:00004bf0       ?get_friend_handler@RTerminal@SDL_core@ui@modules@UModSys@@UBEPAUIRefObject@core@5@PBUSUniquePointerInfo@75@PAU675@@Z 10005bf0 f i umodsys_lib_libui:umodsys.mod.ui.SDL_core.obj
 0001:00004c00       ?create_handler@RTerminal@SDL_core@ui@modules@UModSys@@UAE_NPBUSUniquePointerInfo@core@5@AAU?$TRefObject@UIRefObject@core@UModSys@@U?$TRefObjectFunc@UIRefObject@core@UModSys@@@tl@3@@tl@5@PBDPBUSParameters@75@@Z 10005c00 f i umodsys_lib_libui:umodsys.mod.ui.SDL_core.obj
 0001:00004eb0       ??_GRTerminal@SDL_core@ui@modules@UModSys@@UAEPAXI@Z 10005eb0 f i umodsys_lib_libui:umodsys.mod.ui.SDL_core.obj
 0001:00004eb0       ??_ERTerminal@SDL_core@ui@modules@UModSys@@UAEPAXI@Z 10005eb0 f i  CIL library: CIL module
 0001:00004ed0       ?get_generated_names@RGenerator@SDL_core@ui@modules@UModSys@@UBEHAAUSUniquePtrList@core@5@@Z 10005ed0 f i umodsys_lib_libui:umodsys.mod.ui.SDL_core.obj
 0001:00004ef0       ?get_generated_types@RGenerator@SDL_core@ui@modules@UModSys@@UBEHAAUSUniquePtrList@core@5@PBUSUniquePointerInfo@75@@Z 10005ef0 f i umodsys_lib_libui:umodsys.mod.ui.SDL_core.obj
 0001:00004f40       ?generate@RGenerator@SDL_core@ui@modules@UModSys@@UAE_NAAU?$TRefObject@UIRefObject@core@UModSys@@U?$TRefObjectFunc@UIRefObject@core@UModSys@@@tl@3@@tl@5@PBUSUniquePointerInfo@core@5@ABUSParameters@95@@Z 10005f40 f i umodsys_lib_libui:umodsys.mod.ui.SDL_core.obj
 0001:00004f70       ?root_get_interface_info@RGenerator@SDL_core@ui@modules@UModSys@@UBEABUSUniquePointerInfo@core@5@XZ 10005f70 f i umodsys_lib_libui:umodsys.mod.ui.SDL_core.obj
 0001:00004f80       ?root_get_interface_type@RGenerator@SDL_core@ui@modules@UModSys@@UBEPBUSUniquePointerInfo@core@5@XZ 10005f80 f i umodsys_lib_libui:umodsys.mod.ui.SDL_core.obj
 0001:00004f90       ?root_get_other_interface@RGenerator@SDL_core@ui@modules@UModSys@@UBEPBUIRoot@core@5@PBUSUniquePointerInfo@75@@Z 10005f90 f i umodsys_lib_libui:umodsys.mod.ui.SDL_core.obj
 0001:00004f90       ?root_get_other_interface@RGenerator@SDL_core@ui@modules@UModSys@@UAEPAUIRoot@core@5@PBUSUniquePointerInfo@75@@Z 10005f90 f i umodsys_lib_libui:umodsys.mod.ui.SDL_core.obj
 0001:00004fd0       ?root_is_interface_supported@RGenerator@SDL_core@ui@modules@UModSys@@UBE_NPBUSUniquePointerInfo@core@5@@Z 10005fd0 f i umodsys_lib_libui:umodsys.mod.ui.SDL_core.obj
 0001:00005010       ?get_uid@RGenerator@SDL_core@ui@modules@UModSys@@UBEPBUSUniquePointerInfo@core@5@XZ 10006010 f i umodsys_lib_libui:umodsys.mod.ui.SDL_core.obj
 0001:00005020       ?do_open@RModuleReg@SDL_core@ui@modules@UModSys@@UAE_NXZ 10006020 f i umodsys_lib_libui:umodsys.mod.ui.SDL_core.obj
 0001:00005030       ?do_close@RModuleReg@SDL_core@ui@modules@UModSys@@UAE_NXZ 10006030 f i umodsys_lib_libui:umodsys.mod.ui.SDL_core.obj
 0001:00005040       ??_ERModuleReg@SDL_core@ui@modules@UModSys@@UAEPAXI@Z 10006040 f i  CIL library: CIL module
 0001:00005040       ??_GRModuleReg@SDL_core@ui@modules@UModSys@@UAEPAXI@Z 10006040 f i umodsys_lib_libui:umodsys.mod.ui.SDL_core.obj
 0001:00005070       ??1?$TScatterArray@UGlyph@RMultiImage2D_SDL_ttf@SDL_core@ui@modules@UModSys@@HU?$TScalarCompare@H@core@6@U?$TNodeDeleter0@U?$TScatterArrayNode@UGlyph@RMultiImage2D_SDL_ttf@SDL_core@ui@modules@UModSys@@H@tl@UModSys@@@tl@6@@tl@UModSys@@QAE@XZ 10006070 f i umodsys_lib_libui:umodsys.mod.ui.SDL_core.obj
 0001:00005090       ??4?$TRefObject@URKeyboardController@SDL_core@ui@modules@UModSys@@U?$TRefObjectWeakFunc@URKeyboardController@SDL_core@ui@modules@UModSys@@@tl@5@@tl@UModSys@@QAEABU012@PAURKeyboardController@SDL_core@ui@modules@2@@Z 10006090 f i umodsys_lib_libui:umodsys.mod.ui.SDL_core.obj
 0001:00005090       ??4?$TRefObject@URMouseController@SDL_core@ui@modules@UModSys@@U?$TRefObjectWeakFunc@URMouseController@SDL_core@ui@modules@UModSys@@@tl@5@@tl@UModSys@@QAEABU012@PAURMouseController@SDL_core@ui@modules@2@@Z 10006090 f i umodsys_lib_libui:umodsys.mod.ui.SDL_core.obj
 0001:000050d0       ?remove_node@?$TTreeHoldRB@U?$TScatterArrayNode@U?$TRefObjectCompositeExtra@UIMouseClient@libui@UModSys@@HUIRefObject@core@3@U?$TRefObjectFunc@UIRefObject@core@UModSys@@@tl@3@@tl@UModSys@@H@tl@UModSys@@@tl@UModSys@@QAEXPAU?$TScatterArrayNode@U?$TRefObjectCompositeExtra@UIMouseClient@libui@UModSys@@HUIRefObject@core@3@U?$TRefObjectFunc@UIRefObject@core@UModSys@@@tl@3@@tl@UModSys@@H@23@@Z 100060d0 f i umodsys_lib_libui:umodsys.mod.ui.SDL_core.obj
 0001:000050d0       ?remove_node@?$TTreeHoldRB@U?$TScatterArrayNode@U?$TRefObjectComposite@UIKeyboardClient@libui@UModSys@@UIRefObject@core@3@U?$TRefObjectFunc@UIRefObject@core@UModSys@@@tl@3@@tl@UModSys@@H@tl@UModSys@@@tl@UModSys@@QAEXPAU?$TScatterArrayNode@U?$TRefObjectComposite@UIKeyboardClient@libui@UModSys@@UIRefObject@core@3@U?$TRefObjectFunc@UIRefObject@core@UModSys@@@tl@3@@tl@UModSys@@H@23@@Z 100060d0 f i umodsys_lib_libui:umodsys.mod.ui.SDL_core.obj
 0001:000051c0       ??1?$TPair@HU?$TRefObjectCompositeExtra@UIMouseClient@libui@UModSys@@HUIRefObject@core@3@U?$TRefObjectFunc@UIRefObject@core@UModSys@@@tl@3@@tl@UModSys@@@tl@UModSys@@QAE@XZ 100061c0 f i umodsys_lib_libui:umodsys.mod.ui.SDL_core.obj
 0001:000051c0       ??1?$TPair@HU?$TRefObjectComposite@UIKeyboardClient@libui@UModSys@@UIRefObject@core@3@U?$TRefObjectFunc@UIRefObject@core@UModSys@@@tl@3@@tl@UModSys@@@tl@UModSys@@QAE@XZ 100061c0 f i umodsys_lib_libui:umodsys.mod.ui.SDL_core.obj
 0001:000051d0       ??1?$TRefObjectComposite@UIController@libui@UModSys@@UIRefObject@core@3@U?$TRefObjectFunc@UIRefObject@core@UModSys@@@tl@3@@tl@UModSys@@QAE@XZ 100061d0 f i umodsys_lib_libui:umodsys.mod.ui.frames.obj
 0001:000051d0       ??1?$TRefObjectComposite@UIKeyboardClient@libui@UModSys@@UIRefObject@core@3@U?$TRefObjectFunc@UIRefObject@core@UModSys@@@tl@3@@tl@UModSys@@QAE@XZ 100061d0 f i umodsys_lib_libui:umodsys.mod.ui.SDL_core.obj
 0001:000051d0       ??1?$TRefObjectCompositeExtra@UIMouseClient@libui@UModSys@@HUIRefObject@core@3@U?$TRefObjectFunc@UIRefObject@core@UModSys@@@tl@3@@tl@UModSys@@QAE@XZ 100061d0 f i umodsys_lib_libui:umodsys.mod.ui.SDL_core.obj
 0001:00005240       ??$t_ref_get_other_interface@URMultiImage2D_SDL_ttf@SDL_core@ui@modules@UModSys@@U?$TRefObjectWeakFunc@URMultiImage2D_SDL_ttf@SDL_core@ui@modules@UModSys@@@tl@5@@IRefObject@core@UModSys@@QAE_NAAU?$TRefObject@URMultiImage2D_SDL_ttf@SDL_core@ui@modules@UModSys@@U?$TRefObjectWeakFunc@URMultiImage2D_SDL_ttf@SDL_core@ui@modules@UModSys@@@tl@5@@tl@2@@Z 10006240 f i umodsys_lib_libui:umodsys.mod.ui.SDL_core.obj
 0001:000052a0       ?remove_color@?$TTreeHoldRB@U?$TScatterArrayNode@U?$TRefObjectCompositeExtra@UIMouseClient@libui@UModSys@@HUIRefObject@core@3@U?$TRefObjectFunc@UIRefObject@core@UModSys@@@tl@3@@tl@UModSys@@H@tl@UModSys@@@tl@UModSys@@IAEXPAU?$TScatterArrayNode@U?$TRefObjectCompositeExtra@UIMouseClient@libui@UModSys@@HUIRefObject@core@3@U?$TRefObjectFunc@UIRefObject@core@UModSys@@@tl@3@@tl@UModSys@@H@23@0@Z 100062a0 f i umodsys_lib_libui:umodsys.mod.ui.SDL_core.obj
 0001:000052a0       ?remove_color@?$TTreeHoldRB@U?$TScatterArrayNode@U?$TRefObjectComposite@UIKeyboardClient@libui@UModSys@@UIRefObject@core@3@U?$TRefObjectFunc@UIRefObject@core@UModSys@@@tl@3@@tl@UModSys@@H@tl@UModSys@@@tl@UModSys@@IAEXPAU?$TScatterArrayNode@U?$TRefObjectComposite@UIKeyboardClient@libui@UModSys@@UIRefObject@core@3@U?$TRefObjectFunc@UIRefObject@core@UModSys@@@tl@3@@tl@UModSys@@H@23@0@Z 100062a0 f i umodsys_lib_libui:umodsys.mod.ui.SDL_core.obj
 0001:00005420       ??$t_close@U?$TRefObject@URRenderDriver2D@SDL_core@ui@modules@UModSys@@U?$TRefObjectWeakFunc@URRenderDriver2D@SDL_core@ui@modules@UModSys@@@tl@5@@tl@UModSys@@@SDL_core@ui@modules@UModSys@@YA_NAAU?$TScatterArray@U?$TRefObject@URRenderDriver2D@SDL_core@ui@modules@UModSys@@U?$TRefObjectWeakFunc@URRenderDriver2D@SDL_core@ui@modules@UModSys@@@tl@5@@tl@UModSys@@HU?$TScalarCompare@H@core@3@U?$TNodeDeleter0@U?$TScatterArrayNode@U?$TRefObject@URRenderDriver2D@SDL_core@ui@modules@UModSys@@U?$TRefObjectWeakFunc@URRenderDriver2D@SDL_core@ui@modules@UModSys@@@tl@5@@tl@UModSys@@H@tl@UModSys@@@23@@tl@3@@Z 10006420 f i umodsys_lib_libui:umodsys.mod.ui.SDL_core.obj
 0001:000054d0       ??$t_count@U?$TRefObject@URRenderDriver2D@SDL_core@ui@modules@UModSys@@U?$TRefObjectWeakFunc@URRenderDriver2D@SDL_core@ui@modules@UModSys@@@tl@5@@tl@UModSys@@@SDL_core@ui@modules@UModSys@@YAIABU?$TScatterArray@U?$TRefObject@URRenderDriver2D@SDL_core@ui@modules@UModSys@@U?$TRefObjectWeakFunc@URRenderDriver2D@SDL_core@ui@modules@UModSys@@@tl@5@@tl@UModSys@@HU?$TScalarCompare@H@core@3@U?$TNodeDeleter0@U?$TScatterArrayNode@U?$TRefObject@URRenderDriver2D@SDL_core@ui@modules@UModSys@@U?$TRefObjectWeakFunc@URRenderDriver2D@SDL_core@ui@modules@UModSys@@@tl@5@@tl@UModSys@@H@tl@UModSys@@@23@@tl@3@@Z 100064d0 f i umodsys_lib_libui:umodsys.mod.ui.SDL_core.obj
 0001:00005540       ??$t_get@U?$TRefObject@URRenderDriver2D@SDL_core@ui@modules@UModSys@@U?$TRefObjectWeakFunc@URRenderDriver2D@SDL_core@ui@modules@UModSys@@@tl@5@@tl@UModSys@@@SDL_core@ui@modules@UModSys@@YAPAUIRefObject@core@3@ABU?$TScatterArray@U?$TRefObject@URRenderDriver2D@SDL_core@ui@modules@UModSys@@U?$TRefObjectWeakFunc@URRenderDriver2D@SDL_core@ui@modules@UModSys@@@tl@5@@tl@UModSys@@HU?$TScalarCompare@H@core@3@U?$TNodeDeleter0@U?$TScatterArrayNode@U?$TRefObject@URRenderDriver2D@SDL_core@ui@modules@UModSys@@U?$TRefObjectWeakFunc@URRenderDriver2D@SDL_core@ui@modules@UModSys@@@tl@5@@tl@UModSys@@H@tl@UModSys@@@23@@tl@3@I@Z 10006540 f i umodsys_lib_libui:umodsys.mod.ui.SDL_core.obj
 0001:000055d0       ??$ValidateConstruction@UIRefObject@core@UModSys@@URRenderDriver2D@SDL_core@ui@modules@3@@core@UModSys@@YA_NAAU?$TRefObject@UIRefObject@core@UModSys@@U?$TRefObjectFunc@UIRefObject@core@UModSys@@@tl@3@@tl@1@U?$TRefObject@URRenderDriver2D@SDL_core@ui@modules@UModSys@@U?$TRefObjectFunc@URRenderDriver2D@SDL_core@ui@modules@UModSys@@@tl@5@@31@@Z 100065d0 f i umodsys_lib_libui:umodsys.mod.ui.SDL_core.obj
 0001:00005670       ??$t_add@U?$TRefObject@URRenderDriver2D@SDL_core@ui@modules@UModSys@@U?$TRefObjectWeakFunc@URRenderDriver2D@SDL_core@ui@modules@UModSys@@@tl@5@@tl@UModSys@@URRenderDriver2D@SDL_core@ui@modules@3@@SDL_core@ui@modules@UModSys@@YA_NAAU?$TScatterArray@U?$TRefObject@URRenderDriver2D@SDL_core@ui@modules@UModSys@@U?$TRefObjectWeakFunc@URRenderDriver2D@SDL_core@ui@modules@UModSys@@@tl@5@@tl@UModSys@@HU?$TScalarCompare@H@core@3@U?$TNodeDeleter0@U?$TScatterArrayNode@U?$TRefObject@URRenderDriver2D@SDL_core@ui@modules@UModSys@@U?$TRefObjectWeakFunc@URRenderDriver2D@SDL_core@ui@modules@UModSys@@@tl@5@@tl@UModSys@@H@tl@UModSys@@@23@@tl@3@PAURRenderDriver2D@0123@@Z 10006670 f i umodsys_lib_libui:umodsys.mod.ui.SDL_core.obj
 0001:000056c0       ??$ValidateConstruction@UIRefObject@core@UModSys@@URKeyboardController@SDL_core@ui@modules@3@@core@UModSys@@YA_NAAU?$TRefObject@UIRefObject@core@UModSys@@U?$TRefObjectFunc@UIRefObject@core@UModSys@@@tl@3@@tl@1@U?$TRefObject@URKeyboardController@SDL_core@ui@modules@UModSys@@U?$TRefObjectFunc@URKeyboardController@SDL_core@ui@modules@UModSys@@@tl@5@@31@@Z 100066c0 f i umodsys_lib_libui:umodsys.mod.ui.SDL_core.obj
 0001:000056c0       ??$ValidateConstruction@UIRefObject@core@UModSys@@URMouseController@SDL_core@ui@modules@3@@core@UModSys@@YA_NAAU?$TRefObject@UIRefObject@core@UModSys@@U?$TRefObjectFunc@UIRefObject@core@UModSys@@@tl@3@@tl@1@U?$TRefObject@URMouseController@SDL_core@ui@modules@UModSys@@U?$TRefObjectFunc@URMouseController@SDL_core@ui@modules@UModSys@@@tl@5@@31@@Z 100066c0 f i umodsys_lib_libui:umodsys.mod.ui.SDL_core.obj
 0001:00005740       ??$ValidateConstruction@UIMultiImage@lib2d@UModSys@@URMultiImage2D_SDL_ttf@SDL_core@ui@modules@3@@core@UModSys@@YA_NAAU?$TRefObject@UIMultiImage@lib2d@UModSys@@U?$TRefObjectFunc@UIMultiImage@lib2d@UModSys@@@tl@3@@tl@1@PAURMultiImage2D_SDL_ttf@SDL_core@ui@modules@1@@Z 10006740 f i umodsys_lib_libui:umodsys.mod.ui.SDL_core.obj
 0001:000057d0       ??$t_gen_param@URTerminal@SDL_core@ui@modules@UModSys@@URGenerator@2345@@IGenerator@base@UModSys@@IAE_NPAURGenerator@SDL_core@ui@modules@2@AAU?$TRefObject@UIRefObject@core@UModSys@@U?$TRefObjectFunc@UIRefObject@core@UModSys@@@tl@3@@tl@2@PBUSUniquePointerInfo@core@2@ABUSParameters@core@2@@Z 100067d0 f i umodsys_lib_libui:umodsys.mod.ui.SDL_core.obj
 0001:00005840       ??$genx_node@UCmp@?$TScatterArray@UGlyph@RMultiImage2D_SDL_ttf@SDL_core@ui@modules@UModSys@@HU?$TScalarCompare@H@core@6@U?$TNodeDeleter0@U?$TScatterArrayNode@UGlyph@RMultiImage2D_SDL_ttf@SDL_core@ui@modules@UModSys@@H@tl@UModSys@@@tl@6@@tl@UModSys@@UGen0@234@@?$TTreeHoldRBD@U?$TScatterArrayNode@UGlyph@RMultiImage2D_SDL_ttf@SDL_core@ui@modules@UModSys@@H@tl@UModSys@@U?$TNodeDeleter0@U?$TScatterArrayNode@UGlyph@RMultiImage2D_SDL_ttf@SDL_core@ui@modules@UModSys@@H@tl@UModSys@@@23@@tl@UModSys@@QAEPAU?$TScatterArrayNode@UGlyph@RMultiImage2D_SDL_ttf@SDL_core@ui@modules@UModSys@@H@12@UCmp@?$TScatterArray@UGlyph@RMultiImage2D_SDL_ttf@SDL_core@ui@modules@UModSys@@HU?$TScalarCompare@H@core@6@U?$TNodeDeleter0@U?$TScatterArrayNode@UGlyph@RMultiImage2D_SDL_ttf@SDL_core@ui@modules@UModSys@@H@tl@UModSys@@@tl@6@@12@ABUGen0@512@PAPAU312@2_N@Z 10006840 f i umodsys_lib_libui:umodsys.mod.ui.SDL_core.obj
 0001:000058b0       ??$genx_node@UCmp@?$TScatterArray@U?$TRefObjectCompositeExtra@UIMouseClient@libui@UModSys@@HUIRefObject@core@3@U?$TRefObjectFunc@UIRefObject@core@UModSys@@@tl@3@@tl@UModSys@@HU?$TScalarCompare@H@core@3@U?$TNodeDeleter0@U?$TScatterArrayNode@U?$TRefObjectCompositeExtra@UIMouseClient@libui@UModSys@@HUIRefObject@core@3@U?$TRefObjectFunc@UIRefObject@core@UModSys@@@tl@3@@tl@UModSys@@H@tl@UModSys@@@23@@tl@UModSys@@UGen0@234@@?$TTreeHoldRBD@U?$TScatterArrayNode@U?$TRefObjectCompositeExtra@UIMouseClient@libui@UModSys@@HUIRefObject@core@3@U?$TRefObjectFunc@UIRefObject@core@UModSys@@@tl@3@@tl@UModSys@@H@tl@UModSys@@U?$TNodeDeleter0@U?$TScatterArrayNode@U?$TRefObjectCompositeExtra@UIMouseClient@libui@UModSys@@HUIRefObject@core@3@U?$TRefObjectFunc@UIRefObject@core@UModSys@@@tl@3@@tl@UModSys@@H@tl@UModSys@@@23@@tl@UModSys@@QAEPAU?$TScatterArrayNode@U?$TRefObjectCompositeExtra@UIMouseClient@libui@UModSys@@HUIRefObject@core@3@U?$TRefObjectFunc@UIRefObject@core@UModSys@@@tl@3@@tl@UModSys@@H@12@UCmp@?$TScatterArray@U?$TRefObjectCompositeExtra@UIMouseClient@libui@UModSys@@HUIRefObject@core@3@U?$TRefObjectFunc@UIRefObject@core@UModSys@@@tl@3@@tl@UModSys@@HU?$TScalarCompare@H@core@3@U?$TNodeDeleter0@U?$TScatterArrayNode@U?$TRefObjectCompositeExtra@UIMouseClient@libui@UModSys@@HUIRefObject@core@3@U?$TRefObjectFunc@UIRefObject@core@UModSys@@@tl@3@@tl@UModSys@@H@tl@UModSys@@@23@@12@ABUGen0@512@PAPAU312@2_N@Z 100068b0 f i umodsys_lib_libui:umodsys.mod.ui.SDL_core.obj
 0001:00005920       ??$find_node_u@UCmp@?$TScatterArray@U?$TVector4@M@math3d@UModSys@@HU?$TScalarCompare@H@core@3@U?$TNodeDeleter0@U?$TScatterArrayNode@U?$TVector4@M@math3d@UModSys@@H@tl@UModSys@@@tl@3@@tl@UModSys@@@?$TTreeHoldRB@U?$TScatterArrayNode@U?$TVector4@M@math3d@UModSys@@H@tl@UModSys@@@tl@UModSys@@QBEPAU?$TScatterArrayNode@U?$TVector4@M@math3d@UModSys@@H@12@UCmp@?$TScatterArray@U?$TVector4@M@math3d@UModSys@@HU?$TScalarCompare@H@core@3@U?$TNodeDeleter0@U?$TScatterArrayNode@U?$TVector4@M@math3d@UModSys@@H@tl@UModSys@@@tl@3@@12@@Z 10006920 f i umodsys_lib_libui:umodsys.mod.ui.frames.obj
 0001:00005920       ??$find_node_u@UCmp@?$TScatterArray@U?$TVector2@M@math3d@UModSys@@HU?$TScalarCompare@H@core@3@U?$TNodeDeleter0@U?$TScatterArrayNode@U?$TVector2@M@math3d@UModSys@@H@tl@UModSys@@@tl@3@@tl@UModSys@@@?$TTreeHoldRB@U?$TScatterArrayNode@U?$TVector2@M@math3d@UModSys@@H@tl@UModSys@@@tl@UModSys@@QBEPAU?$TScatterArrayNode@U?$TVector2@M@math3d@UModSys@@H@12@UCmp@?$TScatterArray@U?$TVector2@M@math3d@UModSys@@HU?$TScalarCompare@H@core@3@U?$TNodeDeleter0@U?$TScatterArrayNode@U?$TVector2@M@math3d@UModSys@@H@tl@UModSys@@@tl@3@@12@@Z 10006920 f i umodsys_lib_libui:umodsys.mod.ui.frames.obj
 0001:00005920       ??$find_node_u@UCmp@?$TScatterArray@U?$TRefObjectCompositeExtra@UIMouseClient@libui@UModSys@@HUIRefObject@core@3@U?$TRefObjectFunc@UIRefObject@core@UModSys@@@tl@3@@tl@UModSys@@HU?$TScalarCompare@H@core@3@U?$TNodeDeleter0@U?$TScatterArrayNode@U?$TRefObjectCompositeExtra@UIMouseClient@libui@UModSys@@HUIRefObject@core@3@U?$TRefObjectFunc@UIRefObject@core@UModSys@@@tl@3@@tl@UModSys@@H@tl@UModSys@@@23@@tl@UModSys@@@?$TTreeHoldRB@U?$TScatterArrayNode@U?$TRefObjectCompositeExtra@UIMouseClient@libui@UModSys@@HUIRefObject@core@3@U?$TRefObjectFunc@UIRefObject@core@UModSys@@@tl@3@@tl@UModSys@@H@tl@UModSys@@@tl@UModSys@@QBEPAU?$TScatterArrayNode@U?$TRefObjectCompositeExtra@UIMouseClient@libui@UModSys@@HUIRefObject@core@3@U?$TRefObjectFunc@UIRefObject@core@UModSys@@@tl@3@@tl@UModSys@@H@12@UCmp@?$TScatterArray@U?$TRefObjectCompositeExtra@UIMouseClient@libui@UModSys@@HUIRefObject@core@3@U?$TRefObjectFunc@UIRefObject@core@UModSys@@@tl@3@@tl@UModSys@@HU?$TScalarCompare@H@core@3@U?$TNodeDeleter0@U?$TScatterArrayNode@U?$TRefObjectCompositeExtra@UIMouseClient@libui@UModSys@@HUIRefObject@core@3@U?$TRefObjectFunc@UIRefObject@core@UModSys@@@tl@3@@tl@UModSys@@H@tl@UModSys@@@23@@12@@Z 10006920 f i umodsys_lib_libui:umodsys.mod.ui.SDL_core.obj
 0001:00005920       ??$find_node_u@UCmp@?$TScatterArray@UGlyph@RMultiImage2D_SDL_ttf@SDL_core@ui@modules@UModSys@@HU?$TScalarCompare@H@core@6@U?$TNodeDeleter0@U?$TScatterArrayNode@UGlyph@RMultiImage2D_SDL_ttf@SDL_core@ui@modules@UModSys@@H@tl@UModSys@@@tl@6@@tl@UModSys@@@?$TTreeHoldRB@U?$TScatterArrayNode@UGlyph@RMultiImage2D_SDL_ttf@SDL_core@ui@modules@UModSys@@H@tl@UModSys@@@tl@UModSys@@QBEPAU?$TScatterArrayNode@UGlyph@RMultiImage2D_SDL_ttf@SDL_core@ui@modules@UModSys@@H@12@UCmp@?$TScatterArray@UGlyph@RMultiImage2D_SDL_ttf@SDL_core@ui@modules@UModSys@@HU?$TScalarCompare@H@core@6@U?$TNodeDeleter0@U?$TScatterArrayNode@UGlyph@RMultiImage2D_SDL_ttf@SDL_core@ui@modules@UModSys@@H@tl@UModSys@@@tl@6@@12@@Z 10006920 f i umodsys_lib_libui:umodsys.mod.ui.SDL_core.obj
 0001:00005920       ??$find_node_u@UCmp@?$TScatterArray@HHU?$TScalarCompare@H@core@UModSys@@U?$TNodeDeleter0@U?$TScatterArrayNode@HH@tl@UModSys@@@tl@3@@tl@UModSys@@@?$TTreeHoldRB@U?$TScatterArrayNode@HH@tl@UModSys@@@tl@UModSys@@QBEPAU?$TScatterArrayNode@HH@12@UCmp@?$TScatterArray@HHU?$TScalarCompare@H@core@UModSys@@U?$TNodeDeleter0@U?$TScatterArrayNode@HH@tl@UModSys@@@tl@3@@12@@Z 10006920 f i umodsys_lib_libui:umodsys.mod.ui.frames.obj
 0001:00005920       ??$find_node_u@UCmp@?$TScatterArray@U?$TRefObjectComposite@UIKeyboardClient@libui@UModSys@@UIRefObject@core@3@U?$TRefObjectFunc@UIRefObject@core@UModSys@@@tl@3@@tl@UModSys@@HU?$TScalarCompare@H@core@3@U?$TNodeDeleter0@U?$TScatterArrayNode@U?$TRefObjectComposite@UIKeyboardClient@libui@UModSys@@UIRefObject@core@3@U?$TRefObjectFunc@UIRefObject@core@UModSys@@@tl@3@@tl@UModSys@@H@tl@UModSys@@@23@@tl@UModSys@@@?$TTreeHoldRB@U?$TScatterArrayNode@U?$TRefObjectComposite@UIKeyboardClient@libui@UModSys@@UIRefObject@core@3@U?$TRefObjectFunc@UIRefObject@core@UModSys@@@tl@3@@tl@UModSys@@H@tl@UModSys@@@tl@UModSys@@QBEPAU?$TScatterArrayNode@U?$TRefObjectComposite@UIKeyboardClient@libui@UModSys@@UIRefObject@core@3@U?$TRefObjectFunc@UIRefObject@core@UModSys@@@tl@3@@tl@UModSys@@H@12@UCmp@?$TScatterArray@U?$TRefObjectComposite@UIKeyboardClient@libui@UModSys@@UIRefObject@core@3@U?$TRefObjectFunc@UIRefObject@core@UModSys@@@tl@3@@tl@UModSys@@HU?$TScalarCompare@H@core@3@U?$TNodeDeleter0@U?$TScatterArrayNode@U?$TRefObjectComposite@UIKeyboardClient@libui@UModSys@@UIRefObject@core@3@U?$TRefObjectFunc@UIRefObject@core@UModSys@@@tl@3@@tl@UModSys@@H@tl@UModSys@@@23@@12@@Z 10006920 f i umodsys_lib_libui:umodsys.mod.ui.SDL_core.obj
 0001:00005960       ??$genx_node@UCmp@?$TScatterArray@U?$TRefObjectComposite@UIKeyboardClient@libui@UModSys@@UIRefObject@core@3@U?$TRefObjectFunc@UIRefObject@core@UModSys@@@tl@3@@tl@UModSys@@HU?$TScalarCompare@H@core@3@U?$TNodeDeleter0@U?$TScatterArrayNode@U?$TRefObjectComposite@UIKeyboardClient@libui@UModSys@@UIRefObject@core@3@U?$TRefObjectFunc@UIRefObject@core@UModSys@@@tl@3@@tl@UModSys@@H@tl@UModSys@@@23@@tl@UModSys@@UGen0@234@@?$TTreeHoldRBD@U?$TScatterArrayNode@U?$TRefObjectComposite@UIKeyboardClient@libui@UModSys@@UIRefObject@core@3@U?$TRefObjectFunc@UIRefObject@core@UModSys@@@tl@3@@tl@UModSys@@H@tl@UModSys@@U?$TNodeDeleter0@U?$TScatterArrayNode@U?$TRefObjectComposite@UIKeyboardClient@libui@UModSys@@UIRefObject@core@3@U?$TRefObjectFunc@UIRefObject@core@UModSys@@@tl@3@@tl@UModSys@@H@tl@UModSys@@@23@@tl@UModSys@@QAEPAU?$TScatterArrayNode@U?$TRefObjectComposite@UIKeyboardClient@libui@UModSys@@UIRefObject@core@3@U?$TRefObjectFunc@UIRefObject@core@UModSys@@@tl@3@@tl@UModSys@@H@12@UCmp@?$TScatterArray@U?$TRefObjectComposite@UIKeyboardClient@libui@UModSys@@UIRefObject@core@3@U?$TRefObjectFunc@UIRefObject@core@UModSys@@@tl@3@@tl@UModSys@@HU?$TScalarCompare@H@core@3@U?$TNodeDeleter0@U?$TScatterArrayNode@U?$TRefObjectComposite@UIKeyboardClient@libui@UModSys@@UIRefObject@core@3@U?$TRefObjectFunc@UIRefObject@core@UModSys@@@tl@3@@tl@UModSys@@H@tl@UModSys@@@23@@12@ABUGen0@512@PAPAU312@2_N@Z 10006960 f i umodsys_lib_libui:umodsys.mod.ui.SDL_core.obj
 0001:000059d0       ?sub_insert_node@?$TTreeHoldRB@U?$TScatterArrayNode@U?$TVector4@M@math3d@UModSys@@H@tl@UModSys@@@tl@UModSys@@QAEXPAU?$TScatterArrayNode@U?$TVector4@M@math3d@UModSys@@H@23@0H@Z 100069d0 f i umodsys_lib_libui:umodsys.mod.ui.frames.obj
 0001:000059d0       ?sub_insert_node@?$TTreeHoldRB@U?$TScatterArrayNode@U?$TRefObjectComposite@UIKeyboardClient@libui@UModSys@@UIRefObject@core@3@U?$TRefObjectFunc@UIRefObject@core@UModSys@@@tl@3@@tl@UModSys@@H@tl@UModSys@@@tl@UModSys@@QAEXPAU?$TScatterArrayNode@U?$TRefObjectComposite@UIKeyboardClient@libui@UModSys@@UIRefObject@core@3@U?$TRefObjectFunc@UIRefObject@core@UModSys@@@tl@3@@tl@UModSys@@H@23@0H@Z 100069d0 f i umodsys_lib_libui:umodsys.mod.ui.SDL_core.obj
 0001:000059d0       ?sub_insert_node@?$TTreeHoldRB@U?$TScatterArrayNode@UGlyph@RMultiImage2D_SDL_ttf@SDL_core@ui@modules@UModSys@@H@tl@UModSys@@@tl@UModSys@@QAEXPAU?$TScatterArrayNode@UGlyph@RMultiImage2D_SDL_ttf@SDL_core@ui@modules@UModSys@@H@23@0H@Z 100069d0 f i umodsys_lib_libui:umodsys.mod.ui.SDL_core.obj
 0001:000059d0       ?sub_insert_node@?$TTreeHoldRB@U?$TScatterArrayNode@U?$TRefObject@URRenderDriver2D@SDL_core@ui@modules@UModSys@@U?$TRefObjectWeakFunc@URRenderDriver2D@SDL_core@ui@modules@UModSys@@@tl@5@@tl@UModSys@@H@tl@UModSys@@@tl@UModSys@@QAEXPAU?$TScatterArrayNode@U?$TRefObject@URRenderDriver2D@SDL_core@ui@modules@UModSys@@U?$TRefObjectWeakFunc@URRenderDriver2D@SDL_core@ui@modules@UModSys@@@tl@5@@tl@UModSys@@H@23@0H@Z 100069d0 f i umodsys_lib_libui:umodsys.mod.ui.SDL_core.obj
 0001:000059d0       ?sub_insert_node@?$TTreeHoldRB@U?$TScatterArrayNode@HH@tl@UModSys@@@tl@UModSys@@QAEXPAU?$TScatterArrayNode@HH@23@0H@Z 100069d0 f i umodsys_lib_libui:umodsys.mod.ui.frames.obj
 0001:000059d0       ?sub_insert_node@?$TTreeHoldRB@U?$TScatterArrayNode@U?$TVector2@M@math3d@UModSys@@H@tl@UModSys@@@tl@UModSys@@QAEXPAU?$TScatterArrayNode@U?$TVector2@M@math3d@UModSys@@H@23@0H@Z 100069d0 f i umodsys_lib_libui:umodsys.mod.ui.frames.obj
[...]
 0001:00012610       ??__E?s_id@?$TObjectUniqueID@URImage_Memory@stdlib@lib2d@modules@UModSys@@@tl@UModSys@@2USUniquePointer@core@3@A@@YAXXZ 10013610 f    CIL library: CIL module
 0001:00012640       ??__E?s_id@?$TObjectUniqueID@URGenerator@stdlib@lib2d@modules@UModSys@@@tl@UModSys@@2USUniquePointer@core@3@A@@YAXXZ 10013640 f    CIL library: CIL module
 0001:00012670       ??__E?s_modreg@RModuleReg@SDL_core@ui@modules@UModSys@@2U12345@A@@YAXXZ 10013670 f    CIL library: CIL module
 0001:000126b0       ??__E?s_modreg_chain@RModuleReg@SDL_core@ui@modules@UModSys@@2USModuleRegChain@base@5@A@@YAXXZ 100136b0 f    CIL library: CIL module
 0001:000126d0       ??__E?s_uid@RGenerator@SDL_core@ui@modules@UModSys@@2USUniquePointer@core@5@A@@YAXXZ 100136d0 f    CIL library: CIL module
 0001:00012700       ??__E?s_id@?$TObjectUniqueID@URMultiImage2D_SDL_ttf@SDL_core@ui@modules@UModSys@@@tl@UModSys@@2USUniquePointer@core@3@A@@YAXXZ 10013700 f    CIL library: CIL module
 0001:00012730       ??__E?s_id@?$TObjectUniqueID@URRenderDriver2D@SDL_core@ui@modules@UModSys@@@tl@UModSys@@2USUniquePointer@core@3@A@@YAXXZ 10013730 f    CIL library: CIL module
 0001:00012760       ??__E?s_id@?$TObjectUniqueID@URMouseController@SDL_core@ui@modules@UModSys@@@tl@UModSys@@2USUniquePointer@core@3@A@@YAXXZ 10013760 f    CIL library: CIL module
 0001:00012790       ??__E?s_id@?$TObjectUniqueID@URKeyboardController@SDL_core@ui@modules@UModSys@@@tl@UModSys@@2USUniquePointer@core@3@A@@YAXXZ 10013790 f    CIL library: CIL module
 0001:000127c0       ??__E?s_id@?$TObjectUniqueID@URTerminal@SDL_core@ui@modules@UModSys@@@tl@UModSys@@2USUniquePointer@core@3@A@@YAXXZ 100137c0 f    CIL library: CIL module
 0001:000127f0       ??__E?s_id@?$TObjectUniqueID@URGenerator@SDL_core@ui@modules@UModSys@@@tl@UModSys@@2USUniquePointer@core@3@A@@YAXXZ 100137f0 f    CIL library: CIL module
 0001:00012820       ??__E?s_modreg@RModuleReg@frames@ui@modules@UModSys@@2U12345@A@@YAXXZ 10013820 f    CIL library: CIL module
 0001:00012860       ??__E?s_modreg_chain@RModuleReg@frames@ui@modules@UModSys@@2USModuleRegChain@base@5@A@@YAXXZ 10013860 f    CIL library: CIL module
 0001:00012880       ??__E?s_uid@RGenerator@frames@ui@modules@UModSys@@2USUniquePointer@core@5@A@@YAXXZ 10013880 f    CIL library: CIL module
 0001:000128b0       ??__E?s_id@?$TObjectUniqueID@URFrame_Common@frames@ui@modules@UModSys@@@tl@UModSys@@2USUniquePointer@core@3@A@@YAXXZ 100138b0 f    CIL library: CIL module
 0001:000128e0       ??__E?s_id@?$TObjectUniqueID@URDialog@frames@ui@modules@UModSys@@@tl@UModSys@@2USUniquePointer@core@3@A@@YAXXZ 100138e0 f    CIL library: CIL module
 0001:00012910       ??__E?s_id@?$TObjectUniqueID@URFrame_Frame@frames@ui@modules@UModSys@@@tl@UModSys@@2USUniquePointer@core@3@A@@YAXXZ 10013910 f    CIL library: CIL module
 0001:00012940       ??__E?s_id@?$TObjectUniqueID@URFrame_Image@frames@ui@modules@UModSys@@@tl@UModSys@@2USUniquePointer@core@3@A@@YAXXZ 10013940 f    CIL library: CIL module
 0001:00012970       ??__E?s_id@?$TObjectUniqueID@URFrame_Text@frames@ui@modules@UModSys@@@tl@UModSys@@2USUniquePointer@core@3@A@@YAXXZ 10013970 f    CIL library: CIL module
 0001:000129a0       ??__E?s_id@?$TObjectUniqueID@URFrame_Button@frames@ui@modules@UModSys@@@tl@UModSys@@2USUniquePointer@core@3@A@@YAXXZ 100139a0 f    CIL library: CIL module
 0001:000129d0       ??__E?s_id@?$TObjectUniqueID@URFrame_Edit@frames@ui@modules@UModSys@@@tl@UModSys@@2USUniquePointer@core@3@A@@YAXXZ 100139d0 f    CIL library: CIL module
 0001:00012a00       ??__E?s_id@?$TObjectUniqueID@URFrame_List@frames@ui@modules@UModSys@@@tl@UModSys@@2USUniquePointer@core@3@A@@YAXXZ 10013a00 f    CIL library: CIL module
 0001:00012a30       ??__E?s_id@?$TObjectUniqueID@URCollector@frames@ui@modules@UModSys@@@tl@UModSys@@2USUniquePointer@core@3@A@@YAXXZ 10013a30 f    CIL library: CIL module
 0001:00012a60       ??__E?s_id@?$TObjectUniqueID@URGenerator@frames@ui@modules@UModSys@@@tl@UModSys@@2USUniquePointer@core@3@A@@YAXXZ 10013a60 f    CIL library: CIL module
 0001:00012a90       ??__E?s_modreg@RModuleReg@images_std@media@modules@UModSys@@2U12345@A@@YAXXZ 10013a90 f    CIL library: CIL module
 0001:00012ad0       ??__E?s_modreg_chain@RModuleReg@images_std@media@modules@UModSys@@2USModuleRegChain@base@5@A@@YAXXZ 10013ad0 f    CIL library: CIL module
 0001:00012af0       ??__E?s_uid@RGenerator@images_std@media@modules@UModSys@@2USUniquePointer@core@5@A@@YAXXZ 10013af0 f    CIL library: CIL module
 0001:00012b20       ??__E?s_id@?$TObjectUniqueID@URMediaFilter@images_std@media@modules@UModSys@@@tl@UModSys@@2USUniquePointer@core@3@A@@YAXXZ 10013b20 f    CIL library: CIL module
 0001:00012b50       ??__E?s_id@?$TObjectUniqueID@URGenerator@images_std@media@modules@UModSys@@@tl@UModSys@@2USUniquePointer@core@3@A@@YAXXZ 10013b50 f    CIL library: CIL module
 0001:00012b80       ??__EM@UModSys@@YAXXZ      10013b80 f    CIL library: CIL module
 0001:00012ba0       ??__E?root@SModuleRegChain@base@UModSys@@2U123@A@@YAXXZ 10013ba0 f    CIL library: CIL module
 0001:00012bc0       ??__E?s_library@RModuleLibraryReg_Chain@base@UModSys@@2U123@A@@YAXXZ 10013bc0 f    CIL library: CIL module
 0001:00012be0       ??__E?root@SUniquePointer@core@UModSys@@2U123@A@@YAXXZ 10013be0 f    CIL library: CIL module
 0001:00012c00       ??__F?s_modreg@RModuleReg@test1@test@modules@UModSys@@2U12345@A@@YAXXZ 10013c00 f    CIL library: CIL module
 0001:00012c20       ??__F?s_modreg_chain@RModuleReg@test1@test@modules@UModSys@@2USModuleRegChain@base@5@A@@YAXXZ 10013c20 f    CIL library: CIL module
 0001:00012c30       ??__F?s_uid@RGenerator@test1@test@modules@UModSys@@2USUniquePointer@core@5@A@@YAXXZ 10013c30 f    CIL library: CIL module
 0001:00012c40       ??__Fh@?1??s_holder@RGenerator@test1@test@modules@UModSys@@SAAAU?$TTypeStaticHolder@URGenerator@test1@test@modules@UModSys@@@tl@5@XZ@YAXXZ 10013c40 f    CIL library: CIL module
 0001:00012c60       ??__F?s_id@?$TObjectUniqueID@URGenerator@test1@test@modules@UModSys@@@tl@UModSys@@2USUniquePointer@core@3@A@@YAXXZ 10013c60 f    CIL library: CIL module
 0001:00012c70       ??__F?s_id@?$TObjectUniqueID@URTest1_Shell@test1@test@modules@UModSys@@@tl@UModSys@@2USUniquePointer@core@3@A@@YAXXZ 10013c70 f    CIL library: CIL module
 0001:00012c80       ??__F?s_id@?$TObjectUniqueID@URLines_Filter@test1@test@modules@UModSys@@@tl@UModSys@@2USUniquePointer@core@3@A@@YAXXZ 10013c80 f    CIL library: CIL module
 0001:00012c90       ??__F?s_id@?$TObjectUniqueID@URLines@test1@test@modules@UModSys@@@tl@UModSys@@2USUniquePointer@core@3@A@@YAXXZ 10013c90 f    CIL library: CIL module
 0001:00012ca0       ??__F?s_id@?$TObjectUniqueID@UILines@test1@test@modules@UModSys@@@tl@UModSys@@2USUniquePointer@core@3@A@@YAXXZ 10013ca0 f    CIL library: CIL module
 0001:00012cb0       ??__F?s_id@?$TObjectUniqueID@UIRenderDriver@lib2d@UModSys@@@tl@UModSys@@2USUniquePointer@core@3@A@@YAXXZ 10013cb0 f    CIL library: CIL module
 0001:00012cc0       ??__F?s_id@?$TObjectUniqueID@UIMultiImage@lib2d@UModSys@@@tl@UModSys@@2USUniquePointer@core@3@A@@YAXXZ 10013cc0 f    CIL library: CIL module
 0001:00012cd0       ??__F?s_id@?$TObjectUniqueID@UIImage@lib2d@UModSys@@@tl@UModSys@@2USUniquePointer@core@3@A@@YAXXZ 10013cd0 f    CIL library: CIL module
 0001:00012ce0       ??__F?s_id@?$TObjectUniqueID@UIDialog@libui@UModSys@@@tl@UModSys@@2USUniquePointer@core@3@A@@YAXXZ 10013ce0 f    CIL library: CIL module
 0001:00012cf0       ??__F?s_id@?$TObjectUniqueID@UIFrame@libui@UModSys@@@tl@UModSys@@2USUniquePointer@core@3@A@@YAXXZ 10013cf0 f    CIL library: CIL module
 0001:00012d00       ??__F?s_id@?$TObjectUniqueID@UIAsyncCollector@libui@UModSys@@@tl@UModSys@@2USUniquePointer@core@3@A@@YAXXZ 10013d00 f    CIL library: CIL module
 0001:00012d10       ??__F?s_id@?$TObjectUniqueID@UIAsyncController@libui@UModSys@@@tl@UModSys@@2USUniquePointer@core@3@A@@YAXXZ 10013d10 f    CIL library: CIL module
 0001:00012d20       ??__F?s_id@?$TObjectUniqueID@UICollector@libui@UModSys@@@tl@UModSys@@2USUniquePointer@core@3@A@@YAXXZ 10013d20 f    CIL library: CIL module
 0001:00012d30       ??__F?s_id@?$TObjectUniqueID@UIConsoleHelperInput_UIKey@libui@UModSys@@@tl@UModSys@@2USUniquePointer@core@3@A@@YAXXZ 10013d30 f    CIL library: CIL module
 0001:00012d40       ??__F?s_id@?$TObjectUniqueID@UITerminal@libui@UModSys@@@tl@UModSys@@2USUniquePointer@core@3@A@@YAXXZ 10013d40 f    CIL library: CIL module
 0001:00012d50       ??__F?s_id@?$TObjectUniqueID@UIJoystickController@libui@UModSys@@@tl@UModSys@@2USUniquePointer@core@3@A@@YAXXZ 10013d50 f    CIL library: CIL module
 0001:00012d60       ??__F?s_id@?$TObjectUniqueID@UIMouseController@libui@UModSys@@@tl@UModSys@@2USUniquePointer@core@3@A@@YAXXZ 10013d60 f    CIL library: CIL module
 0001:00012d70       ??__F?s_id@?$TObjectUniqueID@UIKeyboardController@libui@UModSys@@@tl@UModSys@@2USUniquePointer@core@3@A@@YAXXZ 10013d70 f    CIL library: CIL module
 0001:00012d80       ??__F?s_id@?$TObjectUniqueID@UIConsoleHelperOutputFCS@base@UModSys@@@tl@UModSys@@2USUniquePointer@core@3@A@@YAXXZ 10013d80 f    CIL library: CIL module
 0001:00012d90       ??__F?s_id@?$TObjectUniqueID@UIConsoleHelperOutput@base@UModSys@@@tl@UModSys@@2USUniquePointer@core@3@A@@YAXXZ 10013d90 f    CIL library: CIL module
 0001:00012da0       ??__F?s_id@?$TObjectUniqueID@UIConsoleHelperInput@base@UModSys@@@tl@UModSys@@2USUniquePointer@core@3@A@@YAXXZ 10013da0 f    CIL library: CIL module
 0001:00012db0       ??__F?s_id@?$TObjectUniqueID@UIConsoleHelperHistory@base@UModSys@@@tl@UModSys@@2USUniquePointer@core@3@A@@YAXXZ 10013db0 f    CIL library: CIL module
 0001:00012dc0       ??__F?s_id@?$TObjectUniqueID@UIConsoleHelper@base@UModSys@@@tl@UModSys@@2USUniquePointer@core@3@A@@YAXXZ 10013dc0 f    CIL library: CIL module
 0001:00012dd0       ??__F?s_id@?$TObjectUniqueID@UIConsoleExt@base@UModSys@@@tl@UModSys@@2USUniquePointer@core@3@A@@YAXXZ 10013dd0 f    CIL library: CIL module
 0001:00012de0       ??__F?s_id@?$TObjectUniqueID@UILibraryLayered@libmedia@UModSys@@@tl@UModSys@@2USUniquePointer@core@3@A@@YAXXZ 10013de0 f    CIL library: CIL module
 0001:00012df0       ??__F?s_id@?$TObjectUniqueID@UILibraryObjCache@libmedia@UModSys@@@tl@UModSys@@2USUniquePointer@core@3@A@@YAXXZ 10013df0 f    CIL library: CIL module
 0001:00012e00       ??__F?s_id@?$TObjectUniqueID@UILibraryObjFilter@libmedia@UModSys@@@tl@UModSys@@2USUniquePointer@core@3@A@@YAXXZ 10013e00 f    CIL library: CIL module
 0001:00012e10       ??__F?s_id@?$TObjectUniqueID@UILibraryBinCache@libmedia@UModSys@@@tl@UModSys@@2USUniquePointer@core@3@A@@YAXXZ 10013e10 f    CIL library: CIL module
 0001:00012e20       ??__F?s_id@?$TObjectUniqueID@UILibraryBinTree@libmedia@UModSys@@@tl@UModSys@@2USUniquePointer@core@3@A@@YAXXZ 10013e20 f    CIL library: CIL module
 0001:00012e30       ??__F?s_id@?$TObjectUniqueID@UILibrary@libmedia@UModSys@@@tl@UModSys@@2USUniquePointer@core@3@A@@YAXXZ 10013e30 f    CIL library: CIL module
 0001:00012e40       ??__F?s_id@?$TObjectUniqueID@UIBinObjFilter@libmedia@UModSys@@@tl@UModSys@@2USUniquePointer@core@3@A@@YAXXZ 10013e40 f    CIL library: CIL module
 0001:00012e50       ??__F?s_id@?$TObjectUniqueID@UIBinArchive@libmedia@UModSys@@@tl@UModSys@@2USUniquePointer@core@3@A@@YAXXZ 10013e50 f    CIL library: CIL module
 0001:00012e60       ??__F?s_id@?$TObjectUniqueID@UIStreamWriter@libmedia@UModSys@@@tl@UModSys@@2USUniquePointer@core@3@A@@YAXXZ 10013e60 f    CIL library: CIL module
 0001:00012e70       ??__F?s_id@?$TObjectUniqueID@UIStreamReader@libmedia@UModSys@@@tl@UModSys@@2USUniquePointer@core@3@A@@YAXXZ 10013e70 f    CIL library: CIL module
 0001:00012e80       ??__F?s_id@?$TObjectUniqueID@UISystem@base@UModSys@@@tl@UModSys@@2USUniquePointer@core@3@A@@YAXXZ 10013e80 f    CIL library: CIL module
 0001:00012e90       ??__F?s_id@?$TObjectUniqueID@UIConsole@base@UModSys@@@tl@UModSys@@2USUniquePointer@core@3@A@@YAXXZ 10013e90 f    CIL library: CIL module
 0001:00012ea0       ??__F?s_id@?$TObjectUniqueID@UIShell@base@UModSys@@@tl@UModSys@@2USUniquePointer@core@3@A@@YAXXZ 10013ea0 f    CIL library: CIL module
 0001:00012eb0       ??__F?s_id@?$TObjectUniqueID@UIGenerator@base@UModSys@@@tl@UModSys@@2USUniquePointer@core@3@A@@YAXXZ 10013eb0 f    CIL library: CIL module
 0001:00012ec0       ??__F?s_id@?$TObjectUniqueID@UIModObject@base@UModSys@@@tl@UModSys@@2USUniquePointer@core@3@A@@YAXXZ 10013ec0 f    CIL library: CIL module
 0001:00012ed0       ??__F?s_id@?$TObjectUniqueID@UIModuleLibrary@base@UModSys@@@tl@UModSys@@2USUniquePointer@core@3@A@@YAXXZ 10013ed0 f    CIL library: CIL module
 0001:00012ee0       ??__F?s_id@?$TObjectUniqueID@UIModule@base@UModSys@@@tl@UModSys@@2USUniquePointer@core@3@A@@YAXXZ 10013ee0 f    CIL library: CIL module
 0001:00012ef0       ??__F?s_id@?$TObjectUniqueID@UIParameters@core@UModSys@@@tl@UModSys@@2USUniquePointer@core@3@A@@YAXXZ 10013ef0 f    CIL library: CIL module
 0001:00012f00       ??__F?s_id@?$TObjectUniqueID@UIRefObject@core@UModSys@@@tl@UModSys@@2USUniquePointer@core@3@A@@YAXXZ 10013f00 f    CIL library: CIL module
 0001:00012f10       ??__F?s_id@?$TObjectUniqueID@UIRoot@core@UModSys@@@tl@UModSys@@2USUniquePointer@core@3@A@@YAXXZ 10013f10 f    CIL library: CIL module
 0001:00012f20       ??__F?s_modreg@RModuleReg@stdlib@lib2d@modules@UModSys@@2U12345@A@@YAXXZ 10013f20 f    CIL library: CIL module
 0001:00012f40       ??__F?s_modreg_chain@RModuleReg@stdlib@lib2d@modules@UModSys@@2USModuleRegChain@base@5@A@@YAXXZ 10013f40 f    CIL library: CIL module
 0001:00012f50       ??__F?s_uid@RGenerator@stdlib@lib2d@modules@UModSys@@2USUniquePointer@core@5@A@@YAXXZ 10013f50 f    CIL library: CIL module
 0001:00012f60       ??__Fh@?1??s_holder@RGenerator@stdlib@lib2d@modules@UModSys@@SAAAU?$TTypeStaticHolder@URGenerator@stdlib@lib2d@modules@UModSys@@@tl@5@XZ@YAXXZ 10013f60 f    CIL library: CIL module
 0001:00012f80       ??__F?s_id@?$TObjectUniqueID@URGenerator@stdlib@lib2d@modules@UModSys@@@tl@UModSys@@2USUniquePointer@core@3@A@@YAXXZ 10013f80 f    CIL library: CIL module
 0001:00012f90       ??__F?s_id@?$TObjectUniqueID@URImage_Memory@stdlib@lib2d@modules@UModSys@@@tl@UModSys@@2USUniquePointer@core@3@A@@YAXXZ 10013f90 f    CIL library: CIL module
 0001:00012fa0       ??__F?s_modreg@RModuleReg@SDL_core@ui@modules@UModSys@@2U12345@A@@YAXXZ 10013fa0 f    CIL library: CIL module
 0001:00012fc0       ??__F?s_modreg_chain@RModuleReg@SDL_core@ui@modules@UModSys@@2USModuleRegChain@base@5@A@@YAXXZ 10013fc0 f    CIL library: CIL module
 0001:00012fd0       ??__F?s_uid@RGenerator@SDL_core@ui@modules@UModSys@@2USUniquePointer@core@5@A@@YAXXZ 10013fd0 f    CIL library: CIL module
 0001:00012fe0       ??__Fh@?1??s_holder@RGenerator@SDL_core@ui@modules@UModSys@@SAAAU?$TTypeStaticHolder@URGenerator@SDL_core@ui@modules@UModSys@@@tl@5@XZ@YAXXZ 10013fe0 f    CIL library: CIL module
 0001:00013000       ??__F?s_id@?$TObjectUniqueID@URGenerator@SDL_core@ui@modules@UModSys@@@tl@UModSys@@2USUniquePointer@core@3@A@@YAXXZ 10014000 f    CIL library: CIL module
 0001:00013010       ??__F?s_id@?$TObjectUniqueID@URTerminal@SDL_core@ui@modules@UModSys@@@tl@UModSys@@2USUniquePointer@core@3@A@@YAXXZ 10014010 f    CIL library: CIL module
 0001:00013020       ??__F?s_id@?$TObjectUniqueID@URKeyboardController@SDL_core@ui@modules@UModSys@@@tl@UModSys@@2USUniquePointer@core@3@A@@YAXXZ 10014020 f    CIL library: CIL module
 0001:00013030       ??__F?s_id@?$TObjectUniqueID@URMouseController@SDL_core@ui@modules@UModSys@@@tl@UModSys@@2USUniquePointer@core@3@A@@YAXXZ 10014030 f    CIL library: CIL module
 0001:00013040       ??__F?s_id@?$TObjectUniqueID@URRenderDriver2D@SDL_core@ui@modules@UModSys@@@tl@UModSys@@2USUniquePointer@core@3@A@@YAXXZ 10014040 f    CIL library: CIL module
 0001:00013050       ??__F?s_id@?$TObjectUniqueID@URMultiImage2D_SDL_ttf@SDL_core@ui@modules@UModSys@@@tl@UModSys@@2USUniquePointer@core@3@A@@YAXXZ 10014050 f    CIL library: CIL module
 0001:00013060       ??__F?s_modreg@RModuleReg@frames@ui@modules@UModSys@@2U12345@A@@YAXXZ 10014060 f    CIL library: CIL module
 0001:00013080       ??__F?s_modreg_chain@RModuleReg@frames@ui@modules@UModSys@@2USModuleRegChain@base@5@A@@YAXXZ 10014080 f    CIL library: CIL module
 0001:00013090       ??__F?s_uid@RGenerator@frames@ui@modules@UModSys@@2USUniquePointer@core@5@A@@YAXXZ 10014090 f    CIL library: CIL module
 0001:000130a0       ??__Fh@?1??s_holder@RGenerator@frames@ui@modules@UModSys@@SAAAU?$TTypeStaticHolder@URGenerator@frames@ui@modules@UModSys@@@tl@5@XZ@YAXXZ 100140a0 f    CIL library: CIL module
 0001:000130c0       ??__F?s_id@?$TObjectUniqueID@URGenerator@frames@ui@modules@UModSys@@@tl@UModSys@@2USUniquePointer@core@3@A@@YAXXZ 100140c0 f    CIL library: CIL module
 0001:000130d0       ??__F?s_id@?$TObjectUniqueID@URCollector@frames@ui@modules@UModSys@@@tl@UModSys@@2USUniquePointer@core@3@A@@YAXXZ 100140d0 f    CIL library: CIL module
 0001:000130e0       ??__F?s_id@?$TObjectUniqueID@URFrame_List@frames@ui@modules@UModSys@@@tl@UModSys@@2USUniquePointer@core@3@A@@YAXXZ 100140e0 f    CIL library: CIL module
 0001:000130f0       ??__F?s_id@?$TObjectUniqueID@URFrame_Edit@frames@ui@modules@UModSys@@@tl@UModSys@@2USUniquePointer@core@3@A@@YAXXZ 100140f0 f    CIL library: CIL module
 0001:00013100       ??__F?s_id@?$TObjectUniqueID@URFrame_Button@frames@ui@modules@UModSys@@@tl@UModSys@@2USUniquePointer@core@3@A@@YAXXZ 10014100 f    CIL library: CIL module
 0001:00013110       ??__F?s_id@?$TObjectUniqueID@URFrame_Text@frames@ui@modules@UModSys@@@tl@UModSys@@2USUniquePointer@core@3@A@@YAXXZ 10014110 f    CIL library: CIL module
 0001:00013120       ??__F?s_id@?$TObjectUniqueID@URFrame_Image@frames@ui@modules@UModSys@@@tl@UModSys@@2USUniquePointer@core@3@A@@YAXXZ 10014120 f    CIL library: CIL module
 0001:00013130       ??__F?s_id@?$TObjectUniqueID@URFrame_Frame@frames@ui@modules@UModSys@@@tl@UModSys@@2USUniquePointer@core@3@A@@YAXXZ 10014130 f    CIL library: CIL module
 0001:00013140       ??__F?s_id@?$TObjectUniqueID@URDialog@frames@ui@modules@UModSys@@@tl@UModSys@@2USUniquePointer@core@3@A@@YAXXZ 10014140 f    CIL library: CIL module
 0001:00013150       ??__F?s_id@?$TObjectUniqueID@URFrame_Common@frames@ui@modules@UModSys@@@tl@UModSys@@2USUniquePointer@core@3@A@@YAXXZ 10014150 f    CIL library: CIL module
 0001:00013160       ??__F?s_modreg@RModuleReg@images_std@media@modules@UModSys@@2U12345@A@@YAXXZ 10014160 f    CIL library: CIL module
 0001:00013180       ??__F?s_modreg_chain@RModuleReg@images_std@media@modules@UModSys@@2USModuleRegChain@base@5@A@@YAXXZ 10014180 f    CIL library: CIL module
 0001:00013190       ??__F?s_uid@RGenerator@images_std@media@modules@UModSys@@2USUniquePointer@core@5@A@@YAXXZ 10014190 f    CIL library: CIL module
 0001:000131a0       ??__Fh@?1??s_holder@RGenerator@images_std@media@modules@UModSys@@SAAAU?$TTypeStaticHolder@URGenerator@images_std@media@modules@UModSys@@@tl@5@XZ@YAXXZ 100141a0 f    CIL library: CIL module
 0001:000131c0       ??__F?s_id@?$TObjectUniqueID@URGenerator@images_std@media@modules@UModSys@@@tl@UModSys@@2USUniquePointer@core@3@A@@YAXXZ 100141c0 f    CIL library: CIL module
 0001:000131d0       ??__F?s_id@?$TObjectUniqueID@URMediaFilter@images_std@media@modules@UModSys@@@tl@UModSys@@2USUniquePointer@core@3@A@@YAXXZ 100141d0 f    CIL library: CIL module
 0001:000131e0       ??__FM@UModSys@@YAXXZ      100141e0 f    CIL library: CIL module
 0001:000131f0       ??__F?root@SModuleRegChain@base@UModSys@@2U123@A@@YAXXZ 100141f0 f    CIL library: CIL module
 0001:00013200       ??__F?s_library@RModuleLibraryReg_Chain@base@UModSys@@2U123@A@@YAXXZ 10014200 f    CIL library: CIL module
 0001:00013210       ??__F?root@SUniquePointer@core@UModSys@@2U123@A@@YAXXZ 10014210 f    CIL library: CIL module

 Exports

  ordinal    name

        1    _UModSys_Plugin_Entry2@0
