 plugin_test1

 Timestamp is 5280aaab (Mon Nov 11 13:00:11 2013)

 Preferred load address is 10000000

 Start         Length     Name                   Class
 0001:00000000 00007a88H .text                   CODE
 0001:00007a90 000002f8H .text$x                 CODE
 0001:00007d90 00000af1H .text$yc                CODE
 0001:00008890 0000044aH .text$yd                CODE
 0002:00000000 00000190H .idata$5                DATA
 0002:00000190 00000004H .CRT$XCA                DATA
 0002:00000194 0000039cH .CRT$XCU                DATA
 0002:00000530 00000004H .CRT$XCZ                DATA
 0002:00000534 00000004H .CRT$XIA                DATA
 0002:00000538 00000004H .CRT$XIAA               DATA
 0002:0000053c 00000004H .CRT$XIZ                DATA
 0002:00000540 00001278H .rdata                  DATA
 0002:000017b8 00000a44H .rdata$r                DATA
 0002:00002200 00000058H .rdata$sxdata           DATA
 0002:00002258 00000004H .rtc$IAA                DATA
 0002:0000225c 00000004H .rtc$IZZ                DATA
 0002:00002260 00000004H .rtc$TAA                DATA
 0002:00002264 00000004H .rtc$TZZ                DATA
 0002:00002268 00000520H .xdata$x                DATA
 0002:00002788 00000064H .idata$2                DATA
 0002:000027ec 00000014H .idata$3                DATA
 0002:00002800 00000190H .idata$4                DATA
 0002:00002990 00000786H .idata$6                DATA
 0002:00003120 0000005cH .edata                  DATA
 0003:00000000 000006e0H .data                   DATA
 0003:000006e0 0000093cH .bss                    DATA

  Address         Publics by Value              Rva+Base       Lib:Object

 0000:00000000       __except_list              00000000     <absolute>
 0000:00000016       ___safe_se_handler_count   00000016     <absolute>
 0000:00009876       __ldused                   00009876     <absolute>
 0000:00009876       __fltused                  00009876     <absolute>
 0000:00000000       ___ImageBase               10000000     <linker-defined>
 0001:00000000       ??3@YAXPAX0@Z              10001000 f i plugin_test1.obj
 0001:00000000       ?suicide@RGenerator@test1@test@modules@UModSys@@UAEXXZ 10001000 f i plugin_test1.obj
 0001:00000000       ?suicide@RGenerator@SDL_core@ui@modules@UModSys@@UAEXXZ 10001000 f i umodsys_lib_libui:umodsys.mod.ui.SDL_core.obj
 0001:00000000       ?suicide@RGenerator@images_std@media@modules@UModSys@@UAEXXZ 10001000 f i umodsys_lib_libmedia:umodsys.mod.media.images_std.obj
 0001:00000010       ??1SMemShared@core@UModSys@@QAE@XZ 10001010 f i plugin_test1.obj
 0001:00000020       ??3IRoot@core@UModSys@@SAXPAXABUSIMemAlloc@12@@Z 10001020 f i plugin_test1.obj
 0001:00000030       ??1SParameters@core@UModSys@@QAE@XZ 10001030 f i plugin_test1.obj
 0001:00000030       ??1?$TParametersA@$0EAA@@core@UModSys@@QAE@XZ 10001030 f i plugin_test1.obj
 0001:00000040       ??_EIRoot@core@UModSys@@UAEPAXI@Z 10001040 f i  CIL library: CIL module
 0001:00000040       ??_GIRoot@core@UModSys@@UAEPAXI@Z 10001040 f i plugin_test1.obj
 0001:00000060       ?root_get_interface_info@RTest1_Shell@test1@test@modules@UModSys@@UBEABUSUniquePointerInfo@core@5@XZ 10001060 f i plugin_test1.obj
 0001:00000070       ?root_get_interface_type@RTest1_Shell@test1@test@modules@UModSys@@UBEPBUSUniquePointerInfo@core@5@XZ 10001070 f i plugin_test1.obj
 0001:00000080       ?root_get_other_interface@RTest1_Shell@test1@test@modules@UModSys@@UAEPAUIRoot@core@5@PBUSUniquePointerInfo@75@@Z 10001080 f i plugin_test1.obj
 0001:00000080       ?root_get_other_interface@RTest1_Shell@test1@test@modules@UModSys@@UBEPBUIRoot@core@5@PBUSUniquePointerInfo@75@@Z 10001080 f i plugin_test1.obj
 0001:000000b0       ?root_is_interface_supported@RTest1_Shell@test1@test@modules@UModSys@@UBE_NPBUSUniquePointerInfo@core@5@@Z 100010b0 f i plugin_test1.obj
 0001:000000f0       ?ref_add@RTest1_Shell@test1@test@modules@UModSys@@UBEXXZ 100010f0 f i plugin_test1.obj
 0001:00000100       ?ref_remove@RTest1_Shell@test1@test@modules@UModSys@@UBEXXZ 10001100 f i plugin_test1.obj
 0001:00000110       ?ref_links@RTest1_Shell@test1@test@modules@UModSys@@UBEHXZ 10001110 f i plugin_test1.obj
 0001:00000120       ?ref_weak@RTest1_Shell@test1@test@modules@UModSys@@UBE_NAAUWeakPointer@IRefObject@core@5@@Z 10001120 f i plugin_test1.obj
 0001:00000140       ?suicide@RTest1_Shell@test1@test@modules@UModSys@@UAEXXZ 10001140 f i plugin_test1.obj
 0001:00000150       ??0RTest1_Shell@test1@test@modules@UModSys@@QAE@PAUIModObject@base@4@@Z 10001150 f i plugin_test1.obj
 0001:00000270       ??1RTest1_Shell@test1@test@modules@UModSys@@UAE@XZ 10001270 f i plugin_test1.obj
 0001:00000310       ?connect@RTest1_Shell@test1@test@modules@UModSys@@UAE_NXZ 10001310 f i plugin_test1.obj
 0001:00000330       ?disconnect@RTest1_Shell@test1@test@modules@UModSys@@UAE_NXZ 10001330 f i plugin_test1.obj
 0001:00000350       ?process_tick@RTest1_Shell@test1@test@modules@UModSys@@UAE_NABUSTimeMsec@core@5@@Z 10001350 f i plugin_test1.obj
 0001:00000380       ?process_command@RTest1_Shell@test1@test@modules@UModSys@@UAE_NHQBU?$TString@U?$TSCoreConst@D@su@tl@UModSys@@U?$TComparerBinaryHash@D@234@@tl@5@@Z 10001380 f i plugin_test1.obj
 0001:000003b0       ??_GRTest1_Shell@test1@test@modules@UModSys@@UAEPAXI@Z 100013b0 f i plugin_test1.obj
 0001:000003b0       ??_ERTest1_Shell@test1@test@modules@UModSys@@UAEPAXI@Z 100013b0 f i  CIL library: CIL module
 0001:000003d0       ?get_generated_names@RGenerator@test1@test@modules@UModSys@@UBEHAAUSUniquePtrList@core@5@@Z 100013d0 f i plugin_test1.obj
 0001:000003f0       ?get_generated_types@RGenerator@test1@test@modules@UModSys@@UBEHAAUSUniquePtrList@core@5@PBUSUniquePointerInfo@75@@Z 100013f0 f i plugin_test1.obj
 0001:00000440       ?generate@RGenerator@test1@test@modules@UModSys@@UAE_NAAU?$TRefObject@UIRefObject@core@UModSys@@U?$TRefObjectFunc@UIRefObject@core@UModSys@@@tl@3@@tl@5@PBUSUniquePointerInfo@core@5@ABUSParameters@95@@Z 10001440 f i plugin_test1.obj
 0001:00000500       ?root_get_interface_info@RGenerator@test1@test@modules@UModSys@@UBEABUSUniquePointerInfo@core@5@XZ 10001500 f i plugin_test1.obj
 0001:00000510       ?root_get_interface_type@RGenerator@test1@test@modules@UModSys@@UBEPBUSUniquePointerInfo@core@5@XZ 10001510 f i plugin_test1.obj
 0001:00000520       ?root_get_other_interface@RGenerator@test1@test@modules@UModSys@@UBEPBUIRoot@core@5@PBUSUniquePointerInfo@75@@Z 10001520 f i plugin_test1.obj
 0001:00000520       ?root_get_other_interface@RGenerator@test1@test@modules@UModSys@@UAEPAUIRoot@core@5@PBUSUniquePointerInfo@75@@Z 10001520 f i plugin_test1.obj
 0001:00000560       ?root_is_interface_supported@RGenerator@test1@test@modules@UModSys@@UBE_NPBUSUniquePointerInfo@core@5@@Z 10001560 f i plugin_test1.obj
 0001:000005a0       ?ref_add@RGenerator@test1@test@modules@UModSys@@UBEXXZ 100015a0 f i plugin_test1.obj
 0001:000005a0       ?ref_add@RMultiImage2D_SDL_ttf@SDL_core@ui@modules@UModSys@@UBEXXZ 100015a0 f i umodsys_lib_libui:umodsys.mod.ui.SDL_core.obj
 0001:000005a0       ?ref_add@RKeyboardController@SDL_core@ui@modules@UModSys@@UBEXXZ 100015a0 f i umodsys_lib_libui:umodsys.mod.ui.SDL_core.obj
 0001:000005a0       ?ref_add@RMouseController@SDL_core@ui@modules@UModSys@@UBEXXZ 100015a0 f i umodsys_lib_libui:umodsys.mod.ui.SDL_core.obj
 0001:000005a0       ?ref_add@RTerminal@SDL_core@ui@modules@UModSys@@UBEXXZ 100015a0 f i umodsys_lib_libui:umodsys.mod.ui.SDL_core.obj
 0001:000005a0       ?ref_add@RRenderDriver2D@SDL_core@ui@modules@UModSys@@UBEXXZ 100015a0 f i umodsys_lib_libui:umodsys.mod.ui.SDL_core.obj
 0001:000005a0       ?ref_add@RGenerator@SDL_core@ui@modules@UModSys@@UBEXXZ 100015a0 f i umodsys_lib_libui:umodsys.mod.ui.SDL_core.obj
 0001:000005a0       ?ref_add@RGenerator@images_std@media@modules@UModSys@@UBEXXZ 100015a0 f i umodsys_lib_libmedia:umodsys.mod.media.images_std.obj
 0001:000005b0       ?ref_links@RMultiImage2D_SDL_ttf@SDL_core@ui@modules@UModSys@@UBEHXZ 100015b0 f i umodsys_lib_libui:umodsys.mod.ui.SDL_core.obj
 0001:000005b0       ?ref_links@RGenerator@test1@test@modules@UModSys@@UBEHXZ 100015b0 f i plugin_test1.obj
 0001:000005b0       ?ref_links@RMouseController@SDL_core@ui@modules@UModSys@@UBEHXZ 100015b0 f i umodsys_lib_libui:umodsys.mod.ui.SDL_core.obj
 0001:000005b0       ?ref_links@RGenerator@images_std@media@modules@UModSys@@UBEHXZ 100015b0 f i umodsys_lib_libmedia:umodsys.mod.media.images_std.obj
 0001:000005b0       ?ref_links@RKeyboardController@SDL_core@ui@modules@UModSys@@UBEHXZ 100015b0 f i umodsys_lib_libui:umodsys.mod.ui.SDL_core.obj
 0001:000005b0       ?ref_links@RTerminal@SDL_core@ui@modules@UModSys@@UBEHXZ 100015b0 f i umodsys_lib_libui:umodsys.mod.ui.SDL_core.obj
 0001:000005b0       ?ref_links@RRenderDriver2D@SDL_core@ui@modules@UModSys@@UBEHXZ 100015b0 f i umodsys_lib_libui:umodsys.mod.ui.SDL_core.obj
 0001:000005b0       ?ref_links@RGenerator@SDL_core@ui@modules@UModSys@@UBEHXZ 100015b0 f i umodsys_lib_libui:umodsys.mod.ui.SDL_core.obj
 0001:000005c0       ?get_uid@RGenerator@test1@test@modules@UModSys@@UBEPBUSUniquePointerInfo@core@5@XZ 100015c0 f i plugin_test1.obj
 0001:000005d0       ?do_open@RModuleReg@test1@test@modules@UModSys@@UAE_NXZ 100015d0 f i plugin_test1.obj
 0001:00000600       ?do_close@RModuleReg@test1@test@modules@UModSys@@UAE_NXZ 10001600 f i plugin_test1.obj
 0001:00000630       ??_GRModuleReg@test1@test@modules@UModSys@@UAEPAXI@Z 10001630 f i plugin_test1.obj
 0001:00000630       ??_ERModuleReg@test1@test@modules@UModSys@@UAEPAXI@Z 10001630 f i  CIL library: CIL module
 0001:00000660       ??0?$TString@U?$TSCoreConst@D@su@tl@UModSys@@U?$TComparerBinaryHash@D@234@@tl@UModSys@@QAE@PBD@Z 10001660 f i plugin_test1.obj
 0001:000006b0       ??0?$TParametersA@$0EAA@@core@UModSys@@QAE@XZ 100016b0 f i plugin_test1.obj
 0001:000006e0       ??$t_generate@UITerminal@libui@UModSys@@@SModuleContext@base@UModSys@@QAE_NAAU?$TRefObject@UITerminal@libui@UModSys@@U?$TRefObjectFunc@UITerminal@libui@UModSys@@@tl@3@@tl@2@PBUSUniquePointerInfo@core@2@ABUSParameters@62@@Z 100016e0 f i plugin_test1.obj
 0001:00000790       ??$t_generate@UIMultiImage@lib2d@UModSys@@@SModuleContext@base@UModSys@@QAE_NAAU?$TRefObject@UIMultiImage@lib2d@UModSys@@U?$TRefObjectFunc@UIMultiImage@lib2d@UModSys@@@tl@3@@tl@2@PBUSUniquePointerInfo@core@2@ABUSParameters@62@@Z 10001790 f i plugin_test1.obj
 0001:00000840       ??$t_create_handler@UIRenderDriver@lib2d@UModSys@@@ITerminal@libui@UModSys@@QAE_NAAU?$TRefObject@UIRenderDriver@lib2d@UModSys@@U?$TRefObjectFunc@UIRenderDriver@lib2d@UModSys@@@tl@3@@tl@2@PBDPBUSParameters@core@2@@Z 10001840 f i plugin_test1.obj
 0001:000008f0       ??$t_create_handler@UIKeyboardController@libui@UModSys@@@ITerminal@libui@UModSys@@QAE_NAAU?$TRefObject@UIKeyboardController@libui@UModSys@@U?$TRefObjectFunc@UIKeyboardController@libui@UModSys@@@tl@3@@tl@2@PBDPBUSParameters@core@2@@Z 100018f0 f i plugin_test1.obj
 0001:000009a0       ??$t_create_handler@UIMouseController@libui@UModSys@@@ITerminal@libui@UModSys@@QAE_NAAU?$TRefObject@UIMouseController@libui@UModSys@@U?$TRefObjectFunc@UIMouseController@libui@UModSys@@@tl@3@@tl@2@PBDPBUSParameters@core@2@@Z 100019a0 f i plugin_test1.obj
 0001:00000a50       ??$shash@D@su@tl@UModSys@@YAHPBDI@Z 10001a50 f i plugin_test1.obj
 0001:00000a80       ??1?$TRefObject@UIModObject@base@UModSys@@U?$TModObjectFunc@UIModObject@base@UModSys@@@tl@3@@tl@UModSys@@QAE@XZ 10001a80 f i plugin_test1.obj
 0001:00000aa0       ??$t_ref_get_other_interface@UITerminal@libui@UModSys@@U?$TRefObjectFunc@UITerminal@libui@UModSys@@@tl@3@@IRefObject@core@UModSys@@QAE_NAAU?$TRefObject@UITerminal@libui@UModSys@@U?$TRefObjectFunc@UITerminal@libui@UModSys@@@tl@3@@tl@2@@Z 10001aa0 f i plugin_test1.obj
 0001:00000ae0       ??$t_ref_get_other_interface@UIMultiImage@lib2d@UModSys@@U?$TRefObjectFunc@UIMultiImage@lib2d@UModSys@@@tl@3@@IRefObject@core@UModSys@@QAE_NAAU?$TRefObject@UIMultiImage@lib2d@UModSys@@U?$TRefObjectFunc@UIMultiImage@lib2d@UModSys@@@tl@3@@tl@2@@Z 10001ae0 f i plugin_test1.obj
 0001:00000b20       ?utf_8to32@su@tl@UModSys@@YA_NAAHAAPBDAAI@Z 10001b20 f i umodsys_lib_libui:umodsys.mod.ui.SDL_core.obj
 0001:00000bf0       ?root_get_interface_info@RMultiImage2D_SDL_ttf@SDL_core@ui@modules@UModSys@@UBEABUSUniquePointerInfo@core@5@XZ 10001bf0 f i umodsys_lib_libui:umodsys.mod.ui.SDL_core.obj
 0001:00000c00       ?root_get_interface_type@RMultiImage2D_SDL_ttf@SDL_core@ui@modules@UModSys@@UBEPBUSUniquePointerInfo@core@5@XZ 10001c00 f i umodsys_lib_libui:umodsys.mod.ui.SDL_core.obj
 0001:00000c10       ?root_get_other_interface@RMultiImage2D_SDL_ttf@SDL_core@ui@modules@UModSys@@UBEPBUIRoot@core@5@PBUSUniquePointerInfo@75@@Z 10001c10 f i umodsys_lib_libui:umodsys.mod.ui.SDL_core.obj
 0001:00000c10       ?root_get_other_interface@RMultiImage2D_SDL_ttf@SDL_core@ui@modules@UModSys@@UAEPAUIRoot@core@5@PBUSUniquePointerInfo@75@@Z 10001c10 f i umodsys_lib_libui:umodsys.mod.ui.SDL_core.obj
 0001:00000c40       ?root_is_interface_supported@RMultiImage2D_SDL_ttf@SDL_core@ui@modules@UModSys@@UBE_NPBUSUniquePointerInfo@core@5@@Z 10001c40 f i umodsys_lib_libui:umodsys.mod.ui.SDL_core.obj
 0001:00000c80       ??0RMultiImage2D_SDL_ttf@SDL_core@ui@modules@UModSys@@QAE@PAURRenderDriver2D@1234@ABUSParameters@core@4@@Z 10001c80 f i umodsys_lib_libui:umodsys.mod.ui.SDL_core.obj
 0001:00000d00       ??1RMultiImage2D_SDL_ttf@SDL_core@ui@modules@UModSys@@UAE@XZ 10001d00 f i umodsys_lib_libui:umodsys.mod.ui.SDL_core.obj
 0001:00000d80       ?open@RMultiImage2D_SDL_ttf@SDL_core@ui@modules@UModSys@@QAE_NABUSParameters@core@5@@Z 10001d80 f i umodsys_lib_libui:umodsys.mod.ui.SDL_core.obj
 0001:00000e50       ?generate_glyphs@RMultiImage2D_SDL_ttf@SDL_core@ui@modules@UModSys@@QAE_NXZ 10001e50 f i umodsys_lib_libui:umodsys.mod.ui.SDL_core.obj
 0001:00000f50       ?get_layer@RMultiImage2D_SDL_ttf@SDL_core@ui@modules@UModSys@@UAEPAUIImage@lib2d@5@H@Z 10001f50 f i umodsys_lib_libui:umodsys.mod.ui.SDL_core.obj
 0001:00000f50       ?get_controller@RRenderDriver2D@SDL_core@ui@modules@UModSys@@UBEPAUIRefObject@core@5@PBUSUniquePointerInfo@75@@Z 10001f50 f i umodsys_lib_libui:umodsys.mod.ui.SDL_core.obj
 0001:00000f60       ?set_fixed_cell@RMultiImage2D_SDL_ttf@SDL_core@ui@modules@UModSys@@UAE_NHH@Z 10001f60 f i umodsys_lib_libui:umodsys.mod.ui.SDL_core.obj
 0001:00000f60       ?set_hint@RMultiImage2D_SDL_ttf@SDL_core@ui@modules@UModSys@@UAE_NPBD0@Z 10001f60 f i umodsys_lib_libui:umodsys.mod.ui.SDL_core.obj
 0001:00000f60       ?mouse_setposition@RMouseController@SDL_core@ui@modules@UModSys@@UAE_NHH@Z 10001f60 f i umodsys_lib_libui:umodsys.mod.ui.SDL_core.obj
 0001:00000f60       ?set_parameters@RRenderDriver2D@SDL_core@ui@modules@UModSys@@UAE_NPBDABUSParameters@core@5@@Z 10001f60 f i umodsys_lib_libui:umodsys.mod.ui.SDL_core.obj
 0001:00000f60       ?key_setrepeat@RKeyboardController@SDL_core@ui@modules@UModSys@@UAE_NMM@Z 10001f60 f i umodsys_lib_libui:umodsys.mod.ui.SDL_core.obj
 0001:00000f70       ?get_cell_size@RMultiImage2D_SDL_ttf@SDL_core@ui@modules@UModSys@@UAE_NHAAU?$TVector2@H@math3d@5@PAU675@@Z 10001f70 f i umodsys_lib_libui:umodsys.mod.ui.SDL_core.obj
 0001:00000f70       ?set_var_cell@RMultiImage2D_SDL_ttf@SDL_core@ui@modules@UModSys@@UAE_NPBUSImageCellInfo@lib2d@5@HH@Z 10001f70 f i umodsys_lib_libui:umodsys.mod.ui.SDL_core.obj
 0001:00000f70       ?key_setmodifier@RKeyboardController@SDL_core@ui@modules@UModSys@@UAE_NHHH@Z 10001f70 f i umodsys_lib_libui:umodsys.mod.ui.SDL_core.obj
 0001:00000f80       ?get_max_cell_size@RMultiImage2D_SDL_ttf@SDL_core@ui@modules@UModSys@@UAE_NAAU?$TVector2@H@math3d@5@@Z 10001f80 f i umodsys_lib_libui:umodsys.mod.ui.SDL_core.obj
 0001:00000f80       ?mouse_setvisible@RMouseController@SDL_core@ui@modules@UModSys@@UAE_N_N@Z 10001f80 f i umodsys_lib_libui:umodsys.mod.ui.SDL_core.obj
 0001:00000f80       ?set_layer_count@RMultiImage2D_SDL_ttf@SDL_core@ui@modules@UModSys@@UAE_NH@Z 10001f80 f i umodsys_lib_libui:umodsys.mod.ui.SDL_core.obj
 0001:00000f90       ??_ERMultiImage2D_SDL_ttf@SDL_core@ui@modules@UModSys@@UAEPAXI@Z 10001f90 f i  CIL library: CIL module
 0001:00000f90       ??_GRMultiImage2D_SDL_ttf@SDL_core@ui@modules@UModSys@@UAEPAXI@Z 10001f90 f i umodsys_lib_libui:umodsys.mod.ui.SDL_core.obj
 0001:00000fb0       ?root_get_interface_info@RRenderDriver2D@SDL_core@ui@modules@UModSys@@UBEABUSUniquePointerInfo@core@5@XZ 10001fb0 f i umodsys_lib_libui:umodsys.mod.ui.SDL_core.obj
 0001:00000fc0       ?root_get_interface_type@RRenderDriver2D@SDL_core@ui@modules@UModSys@@UBEPBUSUniquePointerInfo@core@5@XZ 10001fc0 f i umodsys_lib_libui:umodsys.mod.ui.SDL_core.obj
 0001:00000fd0       ?root_get_other_interface@RRenderDriver2D@SDL_core@ui@modules@UModSys@@UBEPBUIRoot@core@5@PBUSUniquePointerInfo@75@@Z 10001fd0 f i umodsys_lib_libui:umodsys.mod.ui.SDL_core.obj
 0001:00000fd0       ?root_get_other_interface@RRenderDriver2D@SDL_core@ui@modules@UModSys@@UAEPAUIRoot@core@5@PBUSUniquePointerInfo@75@@Z 10001fd0 f i umodsys_lib_libui:umodsys.mod.ui.SDL_core.obj
 0001:00001000       ?root_is_interface_supported@RRenderDriver2D@SDL_core@ui@modules@UModSys@@UBE_NPBUSUniquePointerInfo@core@5@@Z 10002000 f i umodsys_lib_libui:umodsys.mod.ui.SDL_core.obj
 0001:00001040       ??0RRenderDriver2D@SDL_core@ui@modules@UModSys@@QAE@PAURTerminal@1234@ABUSParameters@core@4@@Z 10002040 f i umodsys_lib_libui:umodsys.mod.ui.SDL_core.obj
 0001:000010e0       ??1RRenderDriver2D@SDL_core@ui@modules@UModSys@@UAE@XZ 100020e0 f i umodsys_lib_libui:umodsys.mod.ui.SDL_core.obj
 0001:00001140       ?open@RRenderDriver2D@SDL_core@ui@modules@UModSys@@QAE_NABUSParameters@core@5@@Z 10002140 f i umodsys_lib_libui:umodsys.mod.ui.SDL_core.obj
 0001:00001290       ?set_color@RRenderDriver2D@SDL_core@ui@modules@UModSys@@QAEXXZ 10002290 f i umodsys_lib_libui:umodsys.mod.ui.SDL_core.obj
 0001:00001380       ?begin@RRenderDriver2D@SDL_core@ui@modules@UModSys@@UAEXXZ 10002380 f i umodsys_lib_libui:umodsys.mod.ui.SDL_core.obj
 0001:00001460       ?end@RRenderDriver2D@SDL_core@ui@modules@UModSys@@UAEXXZ 10002460 f i umodsys_lib_libui:umodsys.mod.ui.SDL_core.obj
 0001:00001470       ?get_max_values@RRenderDriver2D@SDL_core@ui@modules@UModSys@@UBEPBUSParameters@core@5@XZ 10002470 f i umodsys_lib_libui:umodsys.mod.ui.SDL_core.obj
 0001:00001470       ?get_frame_values@RRenderDriver2D@SDL_core@ui@modules@UModSys@@UBEPBUSParameters@core@5@XZ 10002470 f i umodsys_lib_libui:umodsys.mod.ui.SDL_core.obj
 0001:00001480       ?setup_font@RRenderDriver2D@SDL_core@ui@modules@UModSys@@UAE_NPAUIMultiImage@lib2d@5@PBU?$TVector2@M@math3d@5@@Z 10002480 f i umodsys_lib_libui:umodsys.mod.ui.SDL_core.obj
 0001:000014d0       ?setup_color@RRenderDriver2D@SDL_core@ui@modules@UModSys@@UAEXABU?$TVector3@M@math3d@5@@Z 100024d0 f i umodsys_lib_libui:umodsys.mod.ui.SDL_core.obj
 0001:00001500       ?setup_color@RRenderDriver2D@SDL_core@ui@modules@UModSys@@UAEXABU?$TVector3@H@math3d@5@@Z 10002500 f i umodsys_lib_libui:umodsys.mod.ui.SDL_core.obj
 0001:00001550       ?setup_coloralpha@RRenderDriver2D@SDL_core@ui@modules@UModSys@@UAEXABU?$TVector4@M@math3d@5@H@Z 10002550 f i umodsys_lib_libui:umodsys.mod.ui.SDL_core.obj
 0001:00001590       ?setup_coloralpha@RRenderDriver2D@SDL_core@ui@modules@UModSys@@UAEXABU?$TVector4@H@math3d@5@H@Z 10002590 f i umodsys_lib_libui:umodsys.mod.ui.SDL_core.obj
 0001:000015f0       ?setup_blendcolor@RRenderDriver2D@SDL_core@ui@modules@UModSys@@UAEXABUSBlendColor@lib2d@5@@Z 100025f0 f i umodsys_lib_libui:umodsys.mod.ui.SDL_core.obj
 0001:00001650       ?setup_blendcolor@RRenderDriver2D@SDL_core@ui@modules@UModSys@@UAEXABUSBlendColorf@lib2d@5@@Z 10002650 f i umodsys_lib_libui:umodsys.mod.ui.SDL_core.obj
 0001:000016b0       ?setup_alpha@RRenderDriver2D@SDL_core@ui@modules@UModSys@@UAEXHH@Z 100026b0 f i umodsys_lib_libui:umodsys.mod.ui.SDL_core.obj
 0001:000016e0       ?setup_alpha@RRenderDriver2D@SDL_core@ui@modules@UModSys@@UAEXMH@Z 100026e0 f i umodsys_lib_libui:umodsys.mod.ui.SDL_core.obj
 0001:00001700       ?render_text_advanced@RRenderDriver2D@SDL_core@ui@modules@UModSys@@UAE_NAAUTextInfo@IRenderDriver@lib2d@5@PBHH@Z 10002700 f i umodsys_lib_libui:umodsys.mod.ui.SDL_core.obj
 0001:000018a0       ?render_box@RRenderDriver2D@SDL_core@ui@modules@UModSys@@UAEXABU?$TVector2@H@math3d@5@0@Z 100028a0 f i umodsys_lib_libui:umodsys.mod.ui.SDL_core.obj
 0001:000018f0       ?render_tri@RRenderDriver2D@SDL_core@ui@modules@UModSys@@UAEXABU?$TVector2@H@math3d@5@00@Z 100028f0 f i umodsys_lib_libui:umodsys.mod.ui.SDL_core.obj
 0001:00001960       ?render_quad@RRenderDriver2D@SDL_core@ui@modules@UModSys@@UAEXABU?$TVector2@H@math3d@5@000@Z 10002960 f i umodsys_lib_libui:umodsys.mod.ui.SDL_core.obj
 0001:000019e0       ?render_box@RRenderDriver2D@SDL_core@ui@modules@UModSys@@UAEXPAUIImage@lib2d@5@ABU?$TVector2@H@math3d@5@1ABU?$TVector2@M@95@2@Z 100029e0 f i umodsys_lib_libui:umodsys.mod.ui.SDL_core.obj
 0001:000019f0       ?render_line@RRenderDriver2D@SDL_core@ui@modules@UModSys@@UAEXABU?$TVector2@H@math3d@5@0@Z 100029f0 f i umodsys_lib_libui:umodsys.mod.ui.SDL_core.obj
 0001:00001a20       ?render_rect@RRenderDriver2D@SDL_core@ui@modules@UModSys@@UAEXABU?$TVector2@H@math3d@5@0@Z 10002a20 f i umodsys_lib_libui:umodsys.mod.ui.SDL_core.obj
 0001:00001a70       ??_GRRenderDriver2D@SDL_core@ui@modules@UModSys@@UAEPAXI@Z 10002a70 f i umodsys_lib_libui:umodsys.mod.ui.SDL_core.obj
 0001:00001a70       ??_ERRenderDriver2D@SDL_core@ui@modules@UModSys@@UAEPAXI@Z 10002a70 f i  CIL library: CIL module
 0001:00001a90       ??1ITerminal@libui@UModSys@@UAE@XZ 10002a90 f i umodsys_lib_libui:umodsys.mod.ui.SDL_core.obj
 0001:00001a90       ??1IKeyboardController@libui@UModSys@@UAE@XZ 10002a90 f i umodsys_lib_libui:umodsys.mod.ui.SDL_core.obj
 0001:00001a90       ??1IShell@base@UModSys@@UAE@XZ 10002a90 f i plugin_test1.obj
 0001:00001a90       ??1IRenderDriver@lib2d@UModSys@@UAE@XZ 10002a90 f i umodsys_lib_libui:umodsys.mod.ui.SDL_core.obj
 0001:00001a90       ??1IMultiImage@lib2d@UModSys@@UAE@XZ 10002a90 f i umodsys_lib_libui:umodsys.mod.ui.SDL_core.obj
 0001:00001a90       ??1IBinObjFilter@libmedia@UModSys@@UAE@XZ 10002a90 f i plugin_test1.obj
 0001:00001a90       ??1IMouseController@libui@UModSys@@UAE@XZ 10002a90 f i umodsys_lib_libui:umodsys.mod.ui.SDL_core.obj
 0001:00001aa0       ?root_get_interface_info@RMouseController@SDL_core@ui@modules@UModSys@@UBEABUSUniquePointerInfo@core@5@XZ 10002aa0 f i umodsys_lib_libui:umodsys.mod.ui.SDL_core.obj
 0001:00001ab0       ?root_get_interface_type@RMouseController@SDL_core@ui@modules@UModSys@@UBEPBUSUniquePointerInfo@core@5@XZ 10002ab0 f i umodsys_lib_libui:umodsys.mod.ui.SDL_core.obj
 0001:00001ac0       ?root_get_other_interface@RMouseController@SDL_core@ui@modules@UModSys@@UAEPAUIRoot@core@5@PBUSUniquePointerInfo@75@@Z 10002ac0 f i umodsys_lib_libui:umodsys.mod.ui.SDL_core.obj
 0001:00001ac0       ?root_get_other_interface@RMouseController@SDL_core@ui@modules@UModSys@@UBEPBUIRoot@core@5@PBUSUniquePointerInfo@75@@Z 10002ac0 f i umodsys_lib_libui:umodsys.mod.ui.SDL_core.obj
 0001:00001af0       ?root_is_interface_supported@RMouseController@SDL_core@ui@modules@UModSys@@UBE_NPBUSUniquePointerInfo@core@5@@Z 10002af0 f i umodsys_lib_libui:umodsys.mod.ui.SDL_core.obj
 0001:00001b30       ?ref_remove@RGenerator@images_std@media@modules@UModSys@@UBEXXZ 10002b30 f i umodsys_lib_libmedia:umodsys.mod.media.images_std.obj
 0001:00001b30       ?ref_remove@RTerminal@SDL_core@ui@modules@UModSys@@UBEXXZ 10002b30 f i umodsys_lib_libui:umodsys.mod.ui.SDL_core.obj
 0001:00001b30       ?ref_remove@RKeyboardController@SDL_core@ui@modules@UModSys@@UBEXXZ 10002b30 f i umodsys_lib_libui:umodsys.mod.ui.SDL_core.obj
 0001:00001b30       ?ref_remove@RGenerator@SDL_core@ui@modules@UModSys@@UBEXXZ 10002b30 f i umodsys_lib_libui:umodsys.mod.ui.SDL_core.obj
 0001:00001b30       ?ref_remove@RGenerator@test1@test@modules@UModSys@@UBEXXZ 10002b30 f i plugin_test1.obj
 0001:00001b30       ?ref_remove@RMouseController@SDL_core@ui@modules@UModSys@@UBEXXZ 10002b30 f i umodsys_lib_libui:umodsys.mod.ui.SDL_core.obj
 0001:00001b30       ?ref_remove@RMultiImage2D_SDL_ttf@SDL_core@ui@modules@UModSys@@UBEXXZ 10002b30 f i umodsys_lib_libui:umodsys.mod.ui.SDL_core.obj
 0001:00001b30       ?ref_remove@RRenderDriver2D@SDL_core@ui@modules@UModSys@@UBEXXZ 10002b30 f i umodsys_lib_libui:umodsys.mod.ui.SDL_core.obj
 0001:00001b40       ??0RMouseController@SDL_core@ui@modules@UModSys@@QAE@PAURTerminal@1234@ABUSParameters@core@4@@Z 10002b40 f i umodsys_lib_libui:umodsys.mod.ui.SDL_core.obj
 0001:00001ba0       ??1RMouseController@SDL_core@ui@modules@UModSys@@UAE@XZ 10002ba0 f i umodsys_lib_libui:umodsys.mod.ui.SDL_core.obj
 0001:00001c00       ?process@RMouseController@SDL_core@ui@modules@UModSys@@QAE_NAAUSDL_MouseMotionEvent@@@Z 10002c00 f i umodsys_lib_libui:umodsys.mod.ui.SDL_core.obj
 0001:00001d50       ?process@RMouseController@SDL_core@ui@modules@UModSys@@QAE_NAAUSDL_MouseButtonEvent@@@Z 10002d50 f i umodsys_lib_libui:umodsys.mod.ui.SDL_core.obj
 0001:00001e80       ?process@RMouseController@SDL_core@ui@modules@UModSys@@QAE_NAAUSDL_MouseWheelEvent@@@Z 10002e80 f i umodsys_lib_libui:umodsys.mod.ui.SDL_core.obj
 0001:00001f90       ?mouse_link@RMouseController@SDL_core@ui@modules@UModSys@@UAE_NHPAUIRefObject@core@5@PAUIMouseClient@libui@5@H@Z 10002f90 f i umodsys_lib_libui:umodsys.mod.ui.SDL_core.obj
 0001:00001ff0       ?key_reset@RKeyboardController@SDL_core@ui@modules@UModSys@@UAE_NXZ 10002ff0 f i umodsys_lib_libui:umodsys.mod.ui.SDL_core.obj
 0001:00001ff0       ?mouse_reset@RMouseController@SDL_core@ui@modules@UModSys@@UAE_NXZ 10002ff0 f i umodsys_lib_libui:umodsys.mod.ui.SDL_core.obj
 0001:00002000       ??_ERMouseController@SDL_core@ui@modules@UModSys@@UAEPAXI@Z 10003000 f i  CIL library: CIL module
 0001:00002000       ??_GRMouseController@SDL_core@ui@modules@UModSys@@UAEPAXI@Z 10003000 f i umodsys_lib_libui:umodsys.mod.ui.SDL_core.obj
 0001:00002020       ?root_get_interface_info@RKeyboardController@SDL_core@ui@modules@UModSys@@UBEABUSUniquePointerInfo@core@5@XZ 10003020 f i umodsys_lib_libui:umodsys.mod.ui.SDL_core.obj
 0001:00002030       ?root_get_interface_type@RKeyboardController@SDL_core@ui@modules@UModSys@@UBEPBUSUniquePointerInfo@core@5@XZ 10003030 f i umodsys_lib_libui:umodsys.mod.ui.SDL_core.obj
 0001:00002040       ?root_get_other_interface@RKeyboardController@SDL_core@ui@modules@UModSys@@UBEPBUIRoot@core@5@PBUSUniquePointerInfo@75@@Z 10003040 f i umodsys_lib_libui:umodsys.mod.ui.SDL_core.obj
 0001:00002040       ?root_get_other_interface@RKeyboardController@SDL_core@ui@modules@UModSys@@UAEPAUIRoot@core@5@PBUSUniquePointerInfo@75@@Z 10003040 f i umodsys_lib_libui:umodsys.mod.ui.SDL_core.obj
 0001:00002070       ?root_is_interface_supported@RKeyboardController@SDL_core@ui@modules@UModSys@@UBE_NPBUSUniquePointerInfo@core@5@@Z 10003070 f i umodsys_lib_libui:umodsys.mod.ui.SDL_core.obj
 0001:000020b0       ?suicide@RRenderDriver2D@SDL_core@ui@modules@UModSys@@UAEXXZ 100030b0 f i umodsys_lib_libui:umodsys.mod.ui.SDL_core.obj
 0001:000020b0       ?suicide@RMultiImage2D_SDL_ttf@SDL_core@ui@modules@UModSys@@UAEXXZ 100030b0 f i umodsys_lib_libui:umodsys.mod.ui.SDL_core.obj
 0001:000020b0       ?suicide@RKeyboardController@SDL_core@ui@modules@UModSys@@UAEXXZ 100030b0 f i umodsys_lib_libui:umodsys.mod.ui.SDL_core.obj
 0001:000020b0       ?suicide@RMouseController@SDL_core@ui@modules@UModSys@@UAEXXZ 100030b0 f i umodsys_lib_libui:umodsys.mod.ui.SDL_core.obj
 0001:000020c0       ??0RKeyboardController@SDL_core@ui@modules@UModSys@@QAE@PAURTerminal@1234@ABUSParameters@core@4@@Z 100030c0 f i umodsys_lib_libui:umodsys.mod.ui.SDL_core.obj
 0001:00002120       ??1RKeyboardController@SDL_core@ui@modules@UModSys@@UAE@XZ 10003120 f i umodsys_lib_libui:umodsys.mod.ui.SDL_core.obj
 0001:00002180       ?process@RKeyboardController@SDL_core@ui@modules@UModSys@@QAE_NAAUSDL_KeyboardEvent@@@Z 10003180 f i umodsys_lib_libui:umodsys.mod.ui.SDL_core.obj
 0001:00002250       ?process@RKeyboardController@SDL_core@ui@modules@UModSys@@QAE_NAAUSDL_TextInputEvent@@@Z 10003250 f i umodsys_lib_libui:umodsys.mod.ui.SDL_core.obj
 0001:00002340       ?map_keycode@RKeyboardController@SDL_core@ui@modules@UModSys@@QAE?AW4eKeyCode@libui@5@H@Z 10003340 f i umodsys_lib_libui:umodsys.mod.ui.SDL_core.obj
 0001:00002880       ?map_keystatus@RKeyboardController@SDL_core@ui@modules@UModSys@@QAEFG@Z 10003880 f i umodsys_lib_libui:umodsys.mod.ui.SDL_core.obj
 0001:00002900       ?key_unlink@RKeyboardController@SDL_core@ui@modules@UModSys@@UAE_NH@Z 10003900 f i umodsys_lib_libui:umodsys.mod.ui.SDL_core.obj
 0001:00002900       ?mouse_unlink@RMouseController@SDL_core@ui@modules@UModSys@@UAE_NH@Z 10003900 f i umodsys_lib_libui:umodsys.mod.ui.SDL_core.obj
 0001:00002940       ?key_link@RKeyboardController@SDL_core@ui@modules@UModSys@@UAE_NHPAUIRefObject@core@5@PAUIKeyboardClient@libui@5@@Z 10003940 f i umodsys_lib_libui:umodsys.mod.ui.SDL_core.obj
 0001:00002990       ??_ERKeyboardController@SDL_core@ui@modules@UModSys@@UAEPAXI@Z 10003990 f i  CIL library: CIL module
 0001:00002990       ??_GRKeyboardController@SDL_core@ui@modules@UModSys@@UAEPAXI@Z 10003990 f i umodsys_lib_libui:umodsys.mod.ui.SDL_core.obj
 0001:000029b0       ?root_get_interface_info@RTerminal@SDL_core@ui@modules@UModSys@@UBEABUSUniquePointerInfo@core@5@XZ 100039b0 f i umodsys_lib_libui:umodsys.mod.ui.SDL_core.obj
 0001:000029c0       ?root_get_interface_type@RTerminal@SDL_core@ui@modules@UModSys@@UBEPBUSUniquePointerInfo@core@5@XZ 100039c0 f i umodsys_lib_libui:umodsys.mod.ui.SDL_core.obj
 0001:000029d0       ?root_get_interface_types@RGenerator@test1@test@modules@UModSys@@UBEIAAUSUniquePtrList@core@5@@Z 100039d0 f i plugin_test1.obj
 0001:000029d0       ?root_get_interface_types@RGenerator@SDL_core@ui@modules@UModSys@@UBEIAAUSUniquePtrList@core@5@@Z 100039d0 f i umodsys_lib_libui:umodsys.mod.ui.SDL_core.obj
 0001:000029d0       ?root_get_interface_types@RKeyboardController@SDL_core@ui@modules@UModSys@@UBEIAAUSUniquePtrList@core@5@@Z 100039d0 f i umodsys_lib_libui:umodsys.mod.ui.SDL_core.obj
 0001:000029d0       ?root_get_interface_types@RTest1_Shell@test1@test@modules@UModSys@@UBEIAAUSUniquePtrList@core@5@@Z 100039d0 f i plugin_test1.obj
 0001:000029d0       ?root_get_interface_types@RMediaFilter@images_std@media@modules@UModSys@@UBEIAAUSUniquePtrList@core@5@@Z 100039d0 f i umodsys_lib_libmedia:umodsys.mod.media.images_std.obj
 0001:000029d0       ?root_get_interface_types@RGenerator@images_std@media@modules@UModSys@@UBEIAAUSUniquePtrList@core@5@@Z 100039d0 f i umodsys_lib_libmedia:umodsys.mod.media.images_std.obj
 0001:000029d0       ?root_get_interface_types@RMultiImage2D_SDL_ttf@SDL_core@ui@modules@UModSys@@UBEIAAUSUniquePtrList@core@5@@Z 100039d0 f i umodsys_lib_libui:umodsys.mod.ui.SDL_core.obj
 0001:000029d0       ?root_get_interface_types@RTerminal@SDL_core@ui@modules@UModSys@@UBEIAAUSUniquePtrList@core@5@@Z 100039d0 f i umodsys_lib_libui:umodsys.mod.ui.SDL_core.obj
 0001:000029d0       ?root_get_interface_types@RRenderDriver2D@SDL_core@ui@modules@UModSys@@UBEIAAUSUniquePtrList@core@5@@Z 100039d0 f i umodsys_lib_libui:umodsys.mod.ui.SDL_core.obj
 0001:000029d0       ?root_get_interface_types@RMouseController@SDL_core@ui@modules@UModSys@@UBEIAAUSUniquePtrList@core@5@@Z 100039d0 f i umodsys_lib_libui:umodsys.mod.ui.SDL_core.obj
 0001:000029e0       ?root_get_other_interface@RTerminal@SDL_core@ui@modules@UModSys@@UAEPAUIRoot@core@5@PBUSUniquePointerInfo@75@@Z 100039e0 f i umodsys_lib_libui:umodsys.mod.ui.SDL_core.obj
 0001:000029e0       ?root_get_other_interface@RTerminal@SDL_core@ui@modules@UModSys@@UBEPBUIRoot@core@5@PBUSUniquePointerInfo@75@@Z 100039e0 f i umodsys_lib_libui:umodsys.mod.ui.SDL_core.obj
 0001:00002a10       ?root_is_interface_supported@RTerminal@SDL_core@ui@modules@UModSys@@UBE_NPBUSUniquePointerInfo@core@5@@Z 10003a10 f i umodsys_lib_libui:umodsys.mod.ui.SDL_core.obj
 0001:00002a50       ?suicide@RTerminal@SDL_core@ui@modules@UModSys@@UAEXXZ 10003a50 f i umodsys_lib_libui:umodsys.mod.ui.SDL_core.obj
 0001:00002a60       ??0RTerminal@SDL_core@ui@modules@UModSys@@QAE@PAUIModObject@base@4@ABUSParameters@core@4@@Z 10003a60 f i umodsys_lib_libui:umodsys.mod.ui.SDL_core.obj
 0001:00002b00       ??1RTerminal@SDL_core@ui@modules@UModSys@@UAE@XZ 10003b00 f i umodsys_lib_libui:umodsys.mod.ui.SDL_core.obj
 0001:00002bb0       ?poll_events@RTerminal@SDL_core@ui@modules@UModSys@@UAE_NH@Z 10003bb0 f i umodsys_lib_libui:umodsys.mod.ui.SDL_core.obj
 0001:00002cf0       ?get_terminal_state@RTerminal@SDL_core@ui@modules@UModSys@@UAE_NW4eTerminalState@libui@5@@Z 10003cf0 f i umodsys_lib_libui:umodsys.mod.ui.SDL_core.obj
 0001:00002d10       ?set_terminal_state@RTerminal@SDL_core@ui@modules@UModSys@@UAE_NW4eTerminalState@libui@5@_N@Z 10003d10 f i umodsys_lib_libui:umodsys.mod.ui.SDL_core.obj
 0001:00002d80       ?get_clock@RTerminal@SDL_core@ui@modules@UModSys@@UAENXZ 10003d80 f i umodsys_lib_libui:umodsys.mod.ui.SDL_core.obj
 0001:00002da0       ?wait@RTerminal@SDL_core@ui@modules@UModSys@@UAE_NM@Z 10003da0 f i umodsys_lib_libui:umodsys.mod.ui.SDL_core.obj
 0001:00002de0       ?get_count@RTerminal@SDL_core@ui@modules@UModSys@@UBEIPBUSUniquePointerInfo@core@5@@Z 10003de0 f i umodsys_lib_libui:umodsys.mod.ui.SDL_core.obj
 0001:00002e20       ?get_handler@RTerminal@SDL_core@ui@modules@UModSys@@UBEPAUIRefObject@core@5@PBUSUniquePointerInfo@75@I@Z 10003e20 f i umodsys_lib_libui:umodsys.mod.ui.SDL_core.obj
 0001:00002e70       ?get_handler@RTerminal@SDL_core@ui@modules@UModSys@@UBEPAUIRefObject@core@5@PBUSUniquePointerInfo@75@PBD@Z 10003e70 f i umodsys_lib_libui:umodsys.mod.ui.SDL_core.obj
 0001:00002e80       ?get_friend_handler@RTerminal@SDL_core@ui@modules@UModSys@@UBEPAUIRefObject@core@5@PBUSUniquePointerInfo@75@PAU675@@Z 10003e80 f i umodsys_lib_libui:umodsys.mod.ui.SDL_core.obj
 0001:00002e90       ?create_handler@RTerminal@SDL_core@ui@modules@UModSys@@UAE_NPBUSUniquePointerInfo@core@5@AAU?$TRefObject@UIRefObject@core@UModSys@@U?$TRefObjectFunc@UIRefObject@core@UModSys@@@tl@3@@tl@5@PBDPBUSParameters@75@@Z 10003e90 f i umodsys_lib_libui:umodsys.mod.ui.SDL_core.obj
 0001:00003130       ??_GRTerminal@SDL_core@ui@modules@UModSys@@UAEPAXI@Z 10004130 f i umodsys_lib_libui:umodsys.mod.ui.SDL_core.obj
 0001:00003130       ??_ERTerminal@SDL_core@ui@modules@UModSys@@UAEPAXI@Z 10004130 f i  CIL library: CIL module
 0001:00003150       ?get_generated_names@RGenerator@SDL_core@ui@modules@UModSys@@UBEHAAUSUniquePtrList@core@5@@Z 10004150 f i umodsys_lib_libui:umodsys.mod.ui.SDL_core.obj
 0001:00003170       ?get_generated_types@RGenerator@SDL_core@ui@modules@UModSys@@UBEHAAUSUniquePtrList@core@5@PBUSUniquePointerInfo@75@@Z 10004170 f i umodsys_lib_libui:umodsys.mod.ui.SDL_core.obj
 0001:000031c0       ?generate@RGenerator@SDL_core@ui@modules@UModSys@@UAE_NAAU?$TRefObject@UIRefObject@core@UModSys@@U?$TRefObjectFunc@UIRefObject@core@UModSys@@@tl@3@@tl@5@PBUSUniquePointerInfo@core@5@ABUSParameters@95@@Z 100041c0 f i umodsys_lib_libui:umodsys.mod.ui.SDL_core.obj
 0001:000031f0       ?root_get_interface_info@RGenerator@SDL_core@ui@modules@UModSys@@UBEABUSUniquePointerInfo@core@5@XZ 100041f0 f i umodsys_lib_libui:umodsys.mod.ui.SDL_core.obj
 0001:00003200       ?root_get_interface_type@RGenerator@SDL_core@ui@modules@UModSys@@UBEPBUSUniquePointerInfo@core@5@XZ 10004200 f i umodsys_lib_libui:umodsys.mod.ui.SDL_core.obj
 0001:00003210       ?root_get_other_interface@RGenerator@SDL_core@ui@modules@UModSys@@UBEPBUIRoot@core@5@PBUSUniquePointerInfo@75@@Z 10004210 f i umodsys_lib_libui:umodsys.mod.ui.SDL_core.obj
 0001:00003210       ?root_get_other_interface@RGenerator@SDL_core@ui@modules@UModSys@@UAEPAUIRoot@core@5@PBUSUniquePointerInfo@75@@Z 10004210 f i umodsys_lib_libui:umodsys.mod.ui.SDL_core.obj
 0001:00003250       ?root_is_interface_supported@RGenerator@SDL_core@ui@modules@UModSys@@UBE_NPBUSUniquePointerInfo@core@5@@Z 10004250 f i umodsys_lib_libui:umodsys.mod.ui.SDL_core.obj
 0001:00003290       ?get_uid@RGenerator@SDL_core@ui@modules@UModSys@@UBEPBUSUniquePointerInfo@core@5@XZ 10004290 f i umodsys_lib_libui:umodsys.mod.ui.SDL_core.obj
 0001:000032a0       ?do_open@RModuleReg@SDL_core@ui@modules@UModSys@@UAE_NXZ 100042a0 f i umodsys_lib_libui:umodsys.mod.ui.SDL_core.obj
 0001:000032b0       ?do_close@RModuleReg@SDL_core@ui@modules@UModSys@@UAE_NXZ 100042b0 f i umodsys_lib_libui:umodsys.mod.ui.SDL_core.obj
 0001:000032c0       ??_ERModuleReg@SDL_core@ui@modules@UModSys@@UAEPAXI@Z 100042c0 f i  CIL library: CIL module
 0001:000032c0       ??_GRModuleReg@SDL_core@ui@modules@UModSys@@UAEPAXI@Z 100042c0 f i umodsys_lib_libui:umodsys.mod.ui.SDL_core.obj
 0001:000032f0       ??1?$TScatterArray@UGlyph@RMultiImage2D_SDL_ttf@SDL_core@ui@modules@UModSys@@HU?$TScalarCompare@H@core@6@U?$TNodeDeleter0@U?$TScatterArrayNode@UGlyph@RMultiImage2D_SDL_ttf@SDL_core@ui@modules@UModSys@@H@tl@UModSys@@@tl@6@@tl@UModSys@@QAE@XZ 100042f0 f i umodsys_lib_libui:umodsys.mod.ui.SDL_core.obj
 0001:00003310       ??1?$TRefObject@URMultiImage2D_SDL_ttf@SDL_core@ui@modules@UModSys@@U?$TRefObjectWeakFunc@URMultiImage2D_SDL_ttf@SDL_core@ui@modules@UModSys@@@tl@5@@tl@UModSys@@QAE@XZ 10004310 f i umodsys_lib_libui:umodsys.mod.ui.SDL_core.obj
 0001:00003310       ??1?$TRefObject@URRenderDriver2D@SDL_core@ui@modules@UModSys@@U?$TRefObjectWeakFunc@URRenderDriver2D@SDL_core@ui@modules@UModSys@@@tl@5@@tl@UModSys@@QAE@XZ 10004310 f i umodsys_lib_libui:umodsys.mod.ui.SDL_core.obj
 0001:00003340       ??4?$TRefObject@URKeyboardController@SDL_core@ui@modules@UModSys@@U?$TRefObjectWeakFunc@URKeyboardController@SDL_core@ui@modules@UModSys@@@tl@5@@tl@UModSys@@QAEABU012@PAURKeyboardController@SDL_core@ui@modules@2@@Z 10004340 f i umodsys_lib_libui:umodsys.mod.ui.SDL_core.obj
 0001:00003340       ??4?$TRefObject@URMouseController@SDL_core@ui@modules@UModSys@@U?$TRefObjectWeakFunc@URMouseController@SDL_core@ui@modules@UModSys@@@tl@5@@tl@UModSys@@QAEABU012@PAURMouseController@SDL_core@ui@modules@2@@Z 10004340 f i umodsys_lib_libui:umodsys.mod.ui.SDL_core.obj
 0001:00003380       ?remove_node@?$TTreeHoldRB@U?$TScatterArrayNode@U?$TRefObjectComposite@UIKeyboardClient@libui@UModSys@@UIRefObject@core@3@U?$TRefObjectFunc@UIRefObject@core@UModSys@@@tl@3@@tl@UModSys@@H@tl@UModSys@@@tl@UModSys@@QAEXPAU?$TScatterArrayNode@U?$TRefObjectComposite@UIKeyboardClient@libui@UModSys@@UIRefObject@core@3@U?$TRefObjectFunc@UIRefObject@core@UModSys@@@tl@3@@tl@UModSys@@H@23@@Z 10004380 f i umodsys_lib_libui:umodsys.mod.ui.SDL_core.obj
 0001:00003380       ?remove_node@?$TTreeHoldRB@U?$TScatterArrayNode@U?$TRefObjectCompositeExtra@UIMouseClient@libui@UModSys@@HUIRefObject@core@3@U?$TRefObjectFunc@UIRefObject@core@UModSys@@@tl@3@@tl@UModSys@@H@tl@UModSys@@@tl@UModSys@@QAEXPAU?$TScatterArrayNode@U?$TRefObjectCompositeExtra@UIMouseClient@libui@UModSys@@HUIRefObject@core@3@U?$TRefObjectFunc@UIRefObject@core@UModSys@@@tl@3@@tl@UModSys@@H@23@@Z 10004380 f i umodsys_lib_libui:umodsys.mod.ui.SDL_core.obj
 0001:00003470       ??1?$TPair@HU?$TRefObjectComposite@UIKeyboardClient@libui@UModSys@@UIRefObject@core@3@U?$TRefObjectFunc@UIRefObject@core@UModSys@@@tl@3@@tl@UModSys@@@tl@UModSys@@QAE@XZ 10004470 f i umodsys_lib_libui:umodsys.mod.ui.SDL_core.obj
 0001:00003470       ??1?$TPair@HU?$TRefObjectCompositeExtra@UIMouseClient@libui@UModSys@@HUIRefObject@core@3@U?$TRefObjectFunc@UIRefObject@core@UModSys@@@tl@3@@tl@UModSys@@@tl@UModSys@@QAE@XZ 10004470 f i umodsys_lib_libui:umodsys.mod.ui.SDL_core.obj
 0001:00003480       ??1?$TRefObjectComposite@UIKeyboardClient@libui@UModSys@@UIRefObject@core@3@U?$TRefObjectFunc@UIRefObject@core@UModSys@@@tl@3@@tl@UModSys@@QAE@XZ 10004480 f i umodsys_lib_libui:umodsys.mod.ui.SDL_core.obj
 0001:00003480       ??1?$TRefObjectCompositeExtra@UIMouseClient@libui@UModSys@@HUIRefObject@core@3@U?$TRefObjectFunc@UIRefObject@core@UModSys@@@tl@3@@tl@UModSys@@QAE@XZ 10004480 f i umodsys_lib_libui:umodsys.mod.ui.SDL_core.obj
 0001:000034f0       ??$t_ref_get_other_interface@URMultiImage2D_SDL_ttf@SDL_core@ui@modules@UModSys@@U?$TRefObjectWeakFunc@URMultiImage2D_SDL_ttf@SDL_core@ui@modules@UModSys@@@tl@5@@IRefObject@core@UModSys@@QAE_NAAU?$TRefObject@URMultiImage2D_SDL_ttf@SDL_core@ui@modules@UModSys@@U?$TRefObjectWeakFunc@URMultiImage2D_SDL_ttf@SDL_core@ui@modules@UModSys@@@tl@5@@tl@2@@Z 100044f0 f i umodsys_lib_libui:umodsys.mod.ui.SDL_core.obj
 0001:00003550       ?remove_color@?$TTreeHoldRB@U?$TScatterArrayNode@U?$TRefObjectComposite@UIKeyboardClient@libui@UModSys@@UIRefObject@core@3@U?$TRefObjectFunc@UIRefObject@core@UModSys@@@tl@3@@tl@UModSys@@H@tl@UModSys@@@tl@UModSys@@IAEXPAU?$TScatterArrayNode@U?$TRefObjectComposite@UIKeyboardClient@libui@UModSys@@UIRefObject@core@3@U?$TRefObjectFunc@UIRefObject@core@UModSys@@@tl@3@@tl@UModSys@@H@23@0@Z 10004550 f i umodsys_lib_libui:umodsys.mod.ui.SDL_core.obj
 0001:00003550       ?remove_color@?$TTreeHoldRB@U?$TScatterArrayNode@U?$TRefObjectCompositeExtra@UIMouseClient@libui@UModSys@@HUIRefObject@core@3@U?$TRefObjectFunc@UIRefObject@core@UModSys@@@tl@3@@tl@UModSys@@H@tl@UModSys@@@tl@UModSys@@IAEXPAU?$TScatterArrayNode@U?$TRefObjectCompositeExtra@UIMouseClient@libui@UModSys@@HUIRefObject@core@3@U?$TRefObjectFunc@UIRefObject@core@UModSys@@@tl@3@@tl@UModSys@@H@23@0@Z 10004550 f i umodsys_lib_libui:umodsys.mod.ui.SDL_core.obj
 0001:00003730       ?obj_delete@?$TRefObjectLinksParent@URMultiImage2D_SDL_ttf@SDL_core@ui@modules@UModSys@@URRenderDriver2D@2345@@tl@UModSys@@QBEXPAURMultiImage2D_SDL_ttf@SDL_core@ui@modules@3@@Z 10004730 f i umodsys_lib_libui:umodsys.mod.ui.SDL_core.obj
 0001:00003730       ?obj_delete@?$TRefObjectLinksParent@URMouseController@SDL_core@ui@modules@UModSys@@URTerminal@2345@@tl@UModSys@@QBEXPAURMouseController@SDL_core@ui@modules@3@@Z 10004730 f i umodsys_lib_libui:umodsys.mod.ui.SDL_core.obj
 0001:00003730       ?obj_delete@?$TRefObjectLinksParent@URRenderDriver2D@SDL_core@ui@modules@UModSys@@URTerminal@2345@@tl@UModSys@@QBEXPAURRenderDriver2D@SDL_core@ui@modules@3@@Z 10004730 f i umodsys_lib_libui:umodsys.mod.ui.SDL_core.obj
 0001:00003730       ?obj_delete@?$TRefObjectLinksParent@URKeyboardController@SDL_core@ui@modules@UModSys@@URTerminal@2345@@tl@UModSys@@QBEXPAURKeyboardController@SDL_core@ui@modules@3@@Z 10004730 f i umodsys_lib_libui:umodsys.mod.ui.SDL_core.obj
 0001:000037a0       ?obj_delete@?$TRefObjectLinksModObject@URMediaFilter@images_std@media@modules@UModSys@@UIModObject@base@5@@tl@UModSys@@QBEXPAURMediaFilter@images_std@media@modules@3@@Z 100047a0 f i umodsys_lib_libmedia:umodsys.mod.media.images_std.obj
 0001:000037a0       ?obj_delete@?$TRefObjectLinksModObject@URTest1_Shell@test1@test@modules@UModSys@@UIModObject@base@5@@tl@UModSys@@QBEXPAURTest1_Shell@test1@test@modules@3@@Z 100047a0 f i plugin_test1.obj
 0001:000037a0       ?obj_delete@?$TRefObjectLinksModObject@URTerminal@SDL_core@ui@modules@UModSys@@UIModObject@base@5@@tl@UModSys@@QBEXPAURTerminal@SDL_core@ui@modules@3@@Z 100047a0 f i umodsys_lib_libui:umodsys.mod.ui.SDL_core.obj
 0001:00003810       ??$t_close@U?$TRefObject@URRenderDriver2D@SDL_core@ui@modules@UModSys@@U?$TRefObjectWeakFunc@URRenderDriver2D@SDL_core@ui@modules@UModSys@@@tl@5@@tl@UModSys@@@SDL_core@ui@modules@UModSys@@YA_NAAU?$TScatterArray@U?$TRefObject@URRenderDriver2D@SDL_core@ui@modules@UModSys@@U?$TRefObjectWeakFunc@URRenderDriver2D@SDL_core@ui@modules@UModSys@@@tl@5@@tl@UModSys@@HU?$TScalarCompare@H@core@3@U?$TNodeDeleter0@U?$TScatterArrayNode@U?$TRefObject@URRenderDriver2D@SDL_core@ui@modules@UModSys@@U?$TRefObjectWeakFunc@URRenderDriver2D@SDL_core@ui@modules@UModSys@@@tl@5@@tl@UModSys@@H@tl@UModSys@@@23@@tl@3@@Z 10004810 f i umodsys_lib_libui:umodsys.mod.ui.SDL_core.obj
 0001:000038c0       ??$t_count@U?$TRefObject@URRenderDriver2D@SDL_core@ui@modules@UModSys@@U?$TRefObjectWeakFunc@URRenderDriver2D@SDL_core@ui@modules@UModSys@@@tl@5@@tl@UModSys@@@SDL_core@ui@modules@UModSys@@YAIABU?$TScatterArray@U?$TRefObject@URRenderDriver2D@SDL_core@ui@modules@UModSys@@U?$TRefObjectWeakFunc@URRenderDriver2D@SDL_core@ui@modules@UModSys@@@tl@5@@tl@UModSys@@HU?$TScalarCompare@H@core@3@U?$TNodeDeleter0@U?$TScatterArrayNode@U?$TRefObject@URRenderDriver2D@SDL_core@ui@modules@UModSys@@U?$TRefObjectWeakFunc@URRenderDriver2D@SDL_core@ui@modules@UModSys@@@tl@5@@tl@UModSys@@H@tl@UModSys@@@23@@tl@3@@Z 100048c0 f i umodsys_lib_libui:umodsys.mod.ui.SDL_core.obj
 0001:00003930       ??$t_get@U?$TRefObject@URRenderDriver2D@SDL_core@ui@modules@UModSys@@U?$TRefObjectWeakFunc@URRenderDriver2D@SDL_core@ui@modules@UModSys@@@tl@5@@tl@UModSys@@@SDL_core@ui@modules@UModSys@@YAPAUIRefObject@core@3@ABU?$TScatterArray@U?$TRefObject@URRenderDriver2D@SDL_core@ui@modules@UModSys@@U?$TRefObjectWeakFunc@URRenderDriver2D@SDL_core@ui@modules@UModSys@@@tl@5@@tl@UModSys@@HU?$TScalarCompare@H@core@3@U?$TNodeDeleter0@U?$TScatterArrayNode@U?$TRefObject@URRenderDriver2D@SDL_core@ui@modules@UModSys@@U?$TRefObjectWeakFunc@URRenderDriver2D@SDL_core@ui@modules@UModSys@@@tl@5@@tl@UModSys@@H@tl@UModSys@@@23@@tl@3@I@Z 10004930 f i umodsys_lib_libui:umodsys.mod.ui.SDL_core.obj
 0001:000039c0       ??$ValidateConstruction@UIRefObject@core@UModSys@@URRenderDriver2D@SDL_core@ui@modules@3@@core@UModSys@@YA_NAAU?$TRefObject@UIRefObject@core@UModSys@@U?$TRefObjectFunc@UIRefObject@core@UModSys@@@tl@3@@tl@1@U?$TRefObject@URRenderDriver2D@SDL_core@ui@modules@UModSys@@U?$TRefObjectFunc@URRenderDriver2D@SDL_core@ui@modules@UModSys@@@tl@5@@31@@Z 100049c0 f i umodsys_lib_libui:umodsys.mod.ui.SDL_core.obj
 0001:00003a60       ??$t_add@U?$TRefObject@URRenderDriver2D@SDL_core@ui@modules@UModSys@@U?$TRefObjectWeakFunc@URRenderDriver2D@SDL_core@ui@modules@UModSys@@@tl@5@@tl@UModSys@@URRenderDriver2D@SDL_core@ui@modules@3@@SDL_core@ui@modules@UModSys@@YA_NAAU?$TScatterArray@U?$TRefObject@URRenderDriver2D@SDL_core@ui@modules@UModSys@@U?$TRefObjectWeakFunc@URRenderDriver2D@SDL_core@ui@modules@UModSys@@@tl@5@@tl@UModSys@@HU?$TScalarCompare@H@core@3@U?$TNodeDeleter0@U?$TScatterArrayNode@U?$TRefObject@URRenderDriver2D@SDL_core@ui@modules@UModSys@@U?$TRefObjectWeakFunc@URRenderDriver2D@SDL_core@ui@modules@UModSys@@@tl@5@@tl@UModSys@@H@tl@UModSys@@@23@@tl@3@PAURRenderDriver2D@0123@@Z 10004a60 f i umodsys_lib_libui:umodsys.mod.ui.SDL_core.obj
 0001:00003ab0       ??$ValidateConstruction@UIRefObject@core@UModSys@@URMouseController@SDL_core@ui@modules@3@@core@UModSys@@YA_NAAU?$TRefObject@UIRefObject@core@UModSys@@U?$TRefObjectFunc@UIRefObject@core@UModSys@@@tl@3@@tl@1@U?$TRefObject@URMouseController@SDL_core@ui@modules@UModSys@@U?$TRefObjectFunc@URMouseController@SDL_core@ui@modules@UModSys@@@tl@5@@31@@Z 10004ab0 f i umodsys_lib_libui:umodsys.mod.ui.SDL_core.obj
 0001:00003ab0       ??$ValidateConstruction@UIRefObject@core@UModSys@@URKeyboardController@SDL_core@ui@modules@3@@core@UModSys@@YA_NAAU?$TRefObject@UIRefObject@core@UModSys@@U?$TRefObjectFunc@UIRefObject@core@UModSys@@@tl@3@@tl@1@U?$TRefObject@URKeyboardController@SDL_core@ui@modules@UModSys@@U?$TRefObjectFunc@URKeyboardController@SDL_core@ui@modules@UModSys@@@tl@5@@31@@Z 10004ab0 f i umodsys_lib_libui:umodsys.mod.ui.SDL_core.obj
 0001:00003b30       ??$ValidateConstruction@UIMultiImage@lib2d@UModSys@@URMultiImage2D_SDL_ttf@SDL_core@ui@modules@3@@core@UModSys@@YA_NAAU?$TRefObject@UIMultiImage@lib2d@UModSys@@U?$TRefObjectFunc@UIMultiImage@lib2d@UModSys@@@tl@3@@tl@1@PAURMultiImage2D_SDL_ttf@SDL_core@ui@modules@1@@Z 10004b30 f i umodsys_lib_libui:umodsys.mod.ui.SDL_core.obj
 0001:00003bc0       ??$t_gen_param@URTerminal@SDL_core@ui@modules@UModSys@@URGenerator@2345@@IGenerator@base@UModSys@@IAE_NPAURGenerator@SDL_core@ui@modules@2@AAU?$TRefObject@UIRefObject@core@UModSys@@U?$TRefObjectFunc@UIRefObject@core@UModSys@@@tl@3@@tl@2@PBUSUniquePointerInfo@core@2@ABUSParameters@core@2@@Z 10004bc0 f i umodsys_lib_libui:umodsys.mod.ui.SDL_core.obj
 0001:00003c30       ??$genx_node@UCmp@?$TScatterArray@UGlyph@RMultiImage2D_SDL_ttf@SDL_core@ui@modules@UModSys@@HU?$TScalarCompare@H@core@6@U?$TNodeDeleter0@U?$TScatterArrayNode@UGlyph@RMultiImage2D_SDL_ttf@SDL_core@ui@modules@UModSys@@H@tl@UModSys@@@tl@6@@tl@UModSys@@UGen0@234@@?$TTreeHoldRBD@U?$TScatterArrayNode@UGlyph@RMultiImage2D_SDL_ttf@SDL_core@ui@modules@UModSys@@H@tl@UModSys@@U?$TNodeDeleter0@U?$TScatterArrayNode@UGlyph@RMultiImage2D_SDL_ttf@SDL_core@ui@modules@UModSys@@H@tl@UModSys@@@23@@tl@UModSys@@QAEPAU?$TScatterArrayNode@UGlyph@RMultiImage2D_SDL_ttf@SDL_core@ui@modules@UModSys@@H@12@UCmp@?$TScatterArray@UGlyph@RMultiImage2D_SDL_ttf@SDL_core@ui@modules@UModSys@@HU?$TScalarCompare@H@core@6@U?$TNodeDeleter0@U?$TScatterArrayNode@UGlyph@RMultiImage2D_SDL_ttf@SDL_core@ui@modules@UModSys@@H@tl@UModSys@@@tl@6@@12@ABUGen0@512@PAPAU312@2_N@Z 10004c30 f i umodsys_lib_libui:umodsys.mod.ui.SDL_core.obj
 0001:00003ca0       ??$find_node_u@UCmp@?$TScatterArray@U?$TRefObjectComposite@UIKeyboardClient@libui@UModSys@@UIRefObject@core@3@U?$TRefObjectFunc@UIRefObject@core@UModSys@@@tl@3@@tl@UModSys@@HU?$TScalarCompare@H@core@3@U?$TNodeDeleter0@U?$TScatterArrayNode@U?$TRefObjectComposite@UIKeyboardClient@libui@UModSys@@UIRefObject@core@3@U?$TRefObjectFunc@UIRefObject@core@UModSys@@@tl@3@@tl@UModSys@@H@tl@UModSys@@@23@@tl@UModSys@@@?$TTreeHoldRB@U?$TScatterArrayNode@U?$TRefObjectComposite@UIKeyboardClient@libui@UModSys@@UIRefObject@core@3@U?$TRefObjectFunc@UIRefObject@core@UModSys@@@tl@3@@tl@UModSys@@H@tl@UModSys@@@tl@UModSys@@QBEPAU?$TScatterArrayNode@U?$TRefObjectComposite@UIKeyboardClient@libui@UModSys@@UIRefObject@core@3@U?$TRefObjectFunc@UIRefObject@core@UModSys@@@tl@3@@tl@UModSys@@H@12@UCmp@?$TScatterArray@U?$TRefObjectComposite@UIKeyboardClient@libui@UModSys@@UIRefObject@core@3@U?$TRefObjectFunc@UIRefObject@core@UModSys@@@tl@3@@tl@UModSys@@HU?$TScalarCompare@H@core@3@U?$TNodeDeleter0@U?$TScatterArrayNode@U?$TRefObjectComposite@UIKeyboardClient@libui@UModSys@@UIRefObject@core@3@U?$TRefObjectFunc@UIRefObject@core@UModSys@@@tl@3@@tl@UModSys@@H@tl@UModSys@@@23@@12@@Z 10004ca0 f i umodsys_lib_libui:umodsys.mod.ui.SDL_core.obj
 0001:00003ca0       ??$find_node_u@UCmp@?$TScatterArray@U?$TRefObjectCompositeExtra@UIMouseClient@libui@UModSys@@HUIRefObject@core@3@U?$TRefObjectFunc@UIRefObject@core@UModSys@@@tl@3@@tl@UModSys@@HU?$TScalarCompare@H@core@3@U?$TNodeDeleter0@U?$TScatterArrayNode@U?$TRefObjectCompositeExtra@UIMouseClient@libui@UModSys@@HUIRefObject@core@3@U?$TRefObjectFunc@UIRefObject@core@UModSys@@@tl@3@@tl@UModSys@@H@tl@UModSys@@@23@@tl@UModSys@@@?$TTreeHoldRB@U?$TScatterArrayNode@U?$TRefObjectCompositeExtra@UIMouseClient@libui@UModSys@@HUIRefObject@core@3@U?$TRefObjectFunc@UIRefObject@core@UModSys@@@tl@3@@tl@UModSys@@H@tl@UModSys@@@tl@UModSys@@QBEPAU?$TScatterArrayNode@U?$TRefObjectCompositeExtra@UIMouseClient@libui@UModSys@@HUIRefObject@core@3@U?$TRefObjectFunc@UIRefObject@core@UModSys@@@tl@3@@tl@UModSys@@H@12@UCmp@?$TScatterArray@U?$TRefObjectCompositeExtra@UIMouseClient@libui@UModSys@@HUIRefObject@core@3@U?$TRefObjectFunc@UIRefObject@core@UModSys@@@tl@3@@tl@UModSys@@HU?$TScalarCompare@H@core@3@U?$TNodeDeleter0@U?$TScatterArrayNode@U?$TRefObjectCompositeExtra@UIMouseClient@libui@UModSys@@HUIRefObject@core@3@U?$TRefObjectFunc@UIRefObject@core@UModSys@@@tl@3@@tl@UModSys@@H@tl@UModSys@@@23@@12@@Z 10004ca0 f i umodsys_lib_libui:umodsys.mod.ui.SDL_core.obj
 0001:00003ca0       ??$find_node_u@UCmp@?$TScatterArray@UGlyph@RMultiImage2D_SDL_ttf@SDL_core@ui@modules@UModSys@@HU?$TScalarCompare@H@core@6@U?$TNodeDeleter0@U?$TScatterArrayNode@UGlyph@RMultiImage2D_SDL_ttf@SDL_core@ui@modules@UModSys@@H@tl@UModSys@@@tl@6@@tl@UModSys@@@?$TTreeHoldRB@U?$TScatterArrayNode@UGlyph@RMultiImage2D_SDL_ttf@SDL_core@ui@modules@UModSys@@H@tl@UModSys@@@tl@UModSys@@QBEPAU?$TScatterArrayNode@UGlyph@RMultiImage2D_SDL_ttf@SDL_core@ui@modules@UModSys@@H@12@UCmp@?$TScatterArray@UGlyph@RMultiImage2D_SDL_ttf@SDL_core@ui@modules@UModSys@@HU?$TScalarCompare@H@core@6@U?$TNodeDeleter0@U?$TScatterArrayNode@UGlyph@RMultiImage2D_SDL_ttf@SDL_core@ui@modules@UModSys@@H@tl@UModSys@@@tl@6@@12@@Z 10004ca0 f i umodsys_lib_libui:umodsys.mod.ui.SDL_core.obj
 0001:00003ce0       ??$genx_node@UCmp@?$TScatterArray@U?$TRefObjectCompositeExtra@UIMouseClient@libui@UModSys@@HUIRefObject@core@3@U?$TRefObjectFunc@UIRefObject@core@UModSys@@@tl@3@@tl@UModSys@@HU?$TScalarCompare@H@core@3@U?$TNodeDeleter0@U?$TScatterArrayNode@U?$TRefObjectCompositeExtra@UIMouseClient@libui@UModSys@@HUIRefObject@core@3@U?$TRefObjectFunc@UIRefObject@core@UModSys@@@tl@3@@tl@UModSys@@H@tl@UModSys@@@23@@tl@UModSys@@UGen0@234@@?$TTreeHoldRBD@U?$TScatterArrayNode@U?$TRefObjectCompositeExtra@UIMouseClient@libui@UModSys@@HUIRefObject@core@3@U?$TRefObjectFunc@UIRefObject@core@UModSys@@@tl@3@@tl@UModSys@@H@tl@UModSys@@U?$TNodeDeleter0@U?$TScatterArrayNode@U?$TRefObjectCompositeExtra@UIMouseClient@libui@UModSys@@HUIRefObject@core@3@U?$TRefObjectFunc@UIRefObject@core@UModSys@@@tl@3@@tl@UModSys@@H@tl@UModSys@@@23@@tl@UModSys@@QAEPAU?$TScatterArrayNode@U?$TRefObjectCompositeExtra@UIMouseClient@libui@UModSys@@HUIRefObject@core@3@U?$TRefObjectFunc@UIRefObject@core@UModSys@@@tl@3@@tl@UModSys@@H@12@UCmp@?$TScatterArray@U?$TRefObjectCompositeExtra@UIMouseClient@libui@UModSys@@HUIRefObject@core@3@U?$TRefObjectFunc@UIRefObject@core@UModSys@@@tl@3@@tl@UModSys@@HU?$TScalarCompare@H@core@3@U?$TNodeDeleter0@U?$TScatterArrayNode@U?$TRefObjectCompositeExtra@UIMouseClient@libui@UModSys@@HUIRefObject@core@3@U?$TRefObjectFunc@UIRefObject@core@UModSys@@@tl@3@@tl@UModSys@@H@tl@UModSys@@@23@@12@ABUGen0@512@PAPAU312@2_N@Z 10004ce0 f i umodsys_lib_libui:umodsys.mod.ui.SDL_core.obj
 0001:00003d50       ??$genx_node@UCmp@?$TScatterArray@U?$TRefObjectComposite@UIKeyboardClient@libui@UModSys@@UIRefObject@core@3@U?$TRefObjectFunc@UIRefObject@core@UModSys@@@tl@3@@tl@UModSys@@HU?$TScalarCompare@H@core@3@U?$TNodeDeleter0@U?$TScatterArrayNode@U?$TRefObjectComposite@UIKeyboardClient@libui@UModSys@@UIRefObject@core@3@U?$TRefObjectFunc@UIRefObject@core@UModSys@@@tl@3@@tl@UModSys@@H@tl@UModSys@@@23@@tl@UModSys@@UGen0@234@@?$TTreeHoldRBD@U?$TScatterArrayNode@U?$TRefObjectComposite@UIKeyboardClient@libui@UModSys@@UIRefObject@core@3@U?$TRefObjectFunc@UIRefObject@core@UModSys@@@tl@3@@tl@UModSys@@H@tl@UModSys@@U?$TNodeDeleter0@U?$TScatterArrayNode@U?$TRefObjectComposite@UIKeyboardClient@libui@UModSys@@UIRefObject@core@3@U?$TRefObjectFunc@UIRefObject@core@UModSys@@@tl@3@@tl@UModSys@@H@tl@UModSys@@@23@@tl@UModSys@@QAEPAU?$TScatterArrayNode@U?$TRefObjectComposite@UIKeyboardClient@libui@UModSys@@UIRefObject@core@3@U?$TRefObjectFunc@UIRefObject@core@UModSys@@@tl@3@@tl@UModSys@@H@12@UCmp@?$TScatterArray@U?$TRefObjectComposite@UIKeyboardClient@libui@UModSys@@UIRefObject@core@3@U?$TRefObjectFunc@UIRefObject@core@UModSys@@@tl@3@@tl@UModSys@@HU?$TScalarCompare@H@core@3@U?$TNodeDeleter0@U?$TScatterArrayNode@U?$TRefObjectComposite@UIKeyboardClient@libui@UModSys@@UIRefObject@core@3@U?$TRefObjectFunc@UIRefObject@core@UModSys@@@tl@3@@tl@UModSys@@H@tl@UModSys@@@23@@12@ABUGen0@512@PAPAU312@2_N@Z 10004d50 f i umodsys_lib_libui:umodsys.mod.ui.SDL_core.obj
 0001:00003dc0       ??$process_nodes@U?$TNodeDeleter0@U?$TScatterArrayNode@U?$TRefObjectComposite@UIKeyboardClient@libui@UModSys@@UIRefObject@core@3@U?$TRefObjectFunc@UIRefObject@core@UModSys@@@tl@3@@tl@UModSys@@H@tl@UModSys@@@tl@UModSys@@@?$TTreeHoldRB@U?$TScatterArrayNode@U?$TRefObjectComposite@UIKeyboardClient@libui@UModSys@@UIRefObject@core@3@U?$TRefObjectFunc@UIRefObject@core@UModSys@@@tl@3@@tl@UModSys@@H@tl@UModSys@@@tl@UModSys@@QAEHABU?$TNodeDeleter0@U?$TScatterArrayNode@U?$TRefObjectComposite@UIKeyboardClient@libui@UModSys@@UIRefObject@core@3@U?$TRefObjectFunc@UIRefObject@core@UModSys@@@tl@3@@tl@UModSys@@H@tl@UModSys@@@12@@Z 10004dc0 f i umodsys_lib_libui:umodsys.mod.ui.SDL_core.obj
 0001:00003dc0       ??$process_nodes@U?$TNodeDeleter0@U?$TScatterArrayNode@U?$TRefObjectCompositeExtra@UIMouseClient@libui@UModSys@@HUIRefObject@core@3@U?$TRefObjectFunc@UIRefObject@core@UModSys@@@tl@3@@tl@UModSys@@H@tl@UModSys@@@tl@UModSys@@@?$TTreeHoldRB@U?$TScatterArrayNode@U?$TRefObjectCompositeExtra@UIMouseClient@libui@UModSys@@HUIRefObject@core@3@U?$TRefObjectFunc@UIRefObject@core@UModSys@@@tl@3@@tl@UModSys@@H@tl@UModSys@@@tl@UModSys@@QAEHABU?$TNodeDeleter0@U?$TScatterArrayNode@U?$TRefObjectCompositeExtra@UIMouseClient@libui@UModSys@@HUIRefObject@core@3@U?$TRefObjectFunc@UIRefObject@core@UModSys@@@tl@3@@tl@UModSys@@H@tl@UModSys@@@12@@Z 10004dc0 f i umodsys_lib_libui:umodsys.mod.ui.SDL_core.obj
 0001:00003e20       ?sub_insert_node@?$TTreeHoldRB@U?$TScatterArrayNode@U?$TRefObject@URRenderDriver2D@SDL_core@ui@modules@UModSys@@U?$TRefObjectWeakFunc@URRenderDriver2D@SDL_core@ui@modules@UModSys@@@tl@5@@tl@UModSys@@H@tl@UModSys@@@tl@UModSys@@QAEXPAU?$TScatterArrayNode@U?$TRefObject@URRenderDriver2D@SDL_core@ui@modules@UModSys@@U?$TRefObjectWeakFunc@URRenderDriver2D@SDL_core@ui@modules@UModSys@@@tl@5@@tl@UModSys@@H@23@0H@Z 10004e20 f i umodsys_lib_libui:umodsys.mod.ui.SDL_core.obj
 0001:00003e20       ?sub_insert_node@?$TTreeHoldRB@U?$TScatterArrayNode@UGlyph@RMultiImage2D_SDL_ttf@SDL_core@ui@modules@UModSys@@H@tl@UModSys@@@tl@UModSys@@QAEXPAU?$TScatterArrayNode@UGlyph@RMultiImage2D_SDL_ttf@SDL_core@ui@modules@UModSys@@H@23@0H@Z 10004e20 f i umodsys_lib_libui:umodsys.mod.ui.SDL_core.obj
 0001:00003e20       ?sub_insert_node@?$TTreeHoldRB@U?$TScatterArrayNode@U?$TRefObjectCompositeExtra@UIMouseClient@libui@UModSys@@HUIRefObject@core@3@U?$TRefObjectFunc@UIRefObject@core@UModSys@@@tl@3@@tl@UModSys@@H@tl@UModSys@@@tl@UModSys@@QAEXPAU?$TScatterArrayNode@U?$TRefObjectCompositeExtra@UIMouseClient@libui@UModSys@@HUIRefObject@core@3@U?$TRefObjectFunc@UIRefObject@core@UModSys@@@tl@3@@tl@UModSys@@H@23@0H@Z 10004e20 f i umodsys_lib_libui:umodsys.mod.ui.SDL_core.obj
 0001:00003e20       ?sub_insert_node@?$TTreeHoldRB@U?$TScatterArrayNode@U?$TRefObjectComposite@UIKeyboardClient@libui@UModSys@@UIRefObject@core@3@U?$TRefObjectFunc@UIRefObject@core@UModSys@@@tl@3@@tl@UModSys@@H@tl@UModSys@@@tl@UModSys@@QAEXPAU?$TScatterArrayNode@U?$TRefObjectComposite@UIKeyboardClient@libui@UModSys@@UIRefObject@core@3@U?$TRefObjectFunc@UIRefObject@core@UModSys@@@tl@3@@tl@UModSys@@H@23@0H@Z 10004e20 f i umodsys_lib_libui:umodsys.mod.ui.SDL_core.obj
 0001:00003e90       ?rotate_left@?$TTreeHoldRB@U?$TScatterArrayNode@U?$TRefObjectComposite@UIKeyboardClient@libui@UModSys@@UIRefObject@core@3@U?$TRefObjectFunc@UIRefObject@core@UModSys@@@tl@3@@tl@UModSys@@H@tl@UModSys@@@tl@UModSys@@IAEXPAU?$TScatterArrayNode@U?$TRefObjectComposite@UIKeyboardClient@libui@UModSys@@UIRefObject@core@3@U?$TRefObjectFunc@UIRefObject@core@UModSys@@@tl@3@@tl@UModSys@@H@23@@Z 10004e90 f i umodsys_lib_libui:umodsys.mod.ui.SDL_core.obj
 0001:00003e90       ?rotate_left@?$TTreeHoldRB@U?$TScatterArrayNode@U?$TRefObjectCompositeExtra@UIMouseClient@libui@UModSys@@HUIRefObject@core@3@U?$TRefObjectFunc@UIRefObject@core@UModSys@@@tl@3@@tl@UModSys@@H@tl@UModSys@@@tl@UModSys@@IAEXPAU?$TScatterArrayNode@U?$TRefObjectCompositeExtra@UIMouseClient@libui@UModSys@@HUIRefObject@core@3@U?$TRefObjectFunc@UIRefObject@core@UModSys@@@tl@3@@tl@UModSys@@H@23@@Z 10004e90 f i umodsys_lib_libui:umodsys.mod.ui.SDL_core.obj
 0001:00003ee0       ?rotate_right@?$TTreeHoldRB@U?$TScatterArrayNode@U?$TRefObjectComposite@UIKeyboardClient@libui@UModSys@@UIRefObject@core@3@U?$TRefObjectFunc@UIRefObject@core@UModSys@@@tl@3@@tl@UModSys@@H@tl@UModSys@@@tl@UModSys@@IAEXPAU?$TScatterArrayNode@U?$TRefObjectComposite@UIKeyboardClient@libui@UModSys@@UIRefObject@core@3@U?$TRefObjectFunc@UIRefObject@core@UModSys@@@tl@3@@tl@UModSys@@H@23@@Z 10004ee0 f i umodsys_lib_libui:umodsys.mod.ui.SDL_core.obj
 0001:00003ee0       ?rotate_right@?$TTreeHoldRB@U?$TScatterArrayNode@U?$TRefObjectCompositeExtra@UIMouseClient@libui@UModSys@@HUIRefObject@core@3@U?$TRefObjectFunc@UIRefObject@core@UModSys@@@tl@3@@tl@UModSys@@H@tl@UModSys@@@tl@UModSys@@IAEXPAU?$TScatterArrayNode@U?$TRefObjectCompositeExtra@UIMouseClient@libui@UModSys@@HUIRefObject@core@3@U?$TRefObjectFunc@UIRefObject@core@UModSys@@@tl@3@@tl@UModSys@@H@23@@Z 10004ee0 f i umodsys_lib_libui:umodsys.mod.ui.SDL_core.obj
 0001:00003f30       ??_3?$TRefObject@URRenderDriver2D@SDL_core@ui@modules@UModSys@@U?$TRefObjectWeakFunc@URRenderDriver2D@SDL_core@ui@modules@UModSys@@@tl@5@@tl@UModSys@@QAEABU012@PAURRenderDriver2D@SDL_core@ui@modules@2@@Z 10004f30 f i umodsys_lib_libui:umodsys.mod.ui.SDL_core.obj
 0001:00003f90       ??RGen0@?$TScatterArray@UGlyph@RMultiImage2D_SDL_ttf@SDL_core@ui@modules@UModSys@@HU?$TScalarCompare@H@core@6@U?$TNodeDeleter0@U?$TScatterArrayNode@UGlyph@RMultiImage2D_SDL_ttf@SDL_core@ui@modules@UModSys@@H@tl@UModSys@@@tl@6@@tl@UModSys@@QBEPAU?$TScatterArrayNode@UGlyph@RMultiImage2D_SDL_ttf@SDL_core@ui@modules@UModSys@@H@23@ABUCmp@123@ABU?$TTreeHoldRBD@U?$TScatterArrayNode@UGlyph@RMultiImage2D_SDL_ttf@SDL_core@ui@modules@UModSys@@H@tl@UModSys@@U?$TNodeDeleter0@U?$TScatterArrayNode@UGlyph@RMultiImage2D_SDL_ttf@SDL_core@ui@modules@UModSys@@H@tl@UModSys@@@23@@23@@Z 10004f90 f i umodsys_lib_libui:umodsys.mod.ui.SDL_core.obj
 0001:00003ff0       ??RGen0@?$TScatterArray@U?$TRefObjectCompositeExtra@UIMouseClient@libui@UModSys@@HUIRefObject@core@3@U?$TRefObjectFunc@UIRefObject@core@UModSys@@@tl@3@@tl@UModSys@@HU?$TScalarCompare@H@core@3@U?$TNodeDeleter0@U?$TScatterArrayNode@U?$TRefObjectCompositeExtra@UIMouseClient@libui@UModSys@@HUIRefObject@core@3@U?$TRefObjectFunc@UIRefObject@core@UModSys@@@tl@3@@tl@UModSys@@H@tl@UModSys@@@23@@tl@UModSys@@QBEPAU?$TScatterArrayNode@U?$TRefObjectCompositeExtra@UIMouseClient@libui@UModSys@@HUIRefObject@core@3@U?$TRefObjectFunc@UIRefObject@core@UModSys@@@tl@3@@tl@UModSys@@H@23@ABUCmp@123@ABU?$TTreeHoldRBD@U?$TScatterArrayNode@U?$TRefObjectCompositeExtra@UIMouseClient@libui@UModSys@@HUIRefObject@core@3@U?$TRefObjectFunc@UIRefObject@core@UModSys@@@tl@3@@tl@UModSys@@H@tl@UModSys@@U?$TNodeDeleter0@U?$TScatterArrayNode@U?$TRefObjectCompositeExtra@UIMouseClient@libui@UModSys@@HUIRefObject@core@3@U?$TRefObjectFunc@UIRefObject@core@UModSys@@@tl@3@@tl@UModSys@@H@tl@UModSys@@@23@@23@@Z 10004ff0 f i umodsys_lib_libui:umodsys.mod.ui.SDL_core.obj
 0001:00004050       ??RGen0@?$TScatterArray@U?$TRefObjectComposite@UIKeyboardClient@libui@UModSys@@UIRefObject@core@3@U?$TRefObjectFunc@UIRefObject@core@UModSys@@@tl@3@@tl@UModSys@@HU?$TScalarCompare@H@core@3@U?$TNodeDeleter0@U?$TScatterArrayNode@U?$TRefObjectComposite@UIKeyboardClient@libui@UModSys@@UIRefObject@core@3@U?$TRefObjectFunc@UIRefObject@core@UModSys@@@tl@3@@tl@UModSys@@H@tl@UModSys@@@23@@tl@UModSys@@QBEPAU?$TScatterArrayNode@U?$TRefObjectComposite@UIKeyboardClient@libui@UModSys@@UIRefObject@core@3@U?$TRefObjectFunc@UIRefObject@core@UModSys@@@tl@3@@tl@UModSys@@H@23@ABUCmp@123@ABU?$TTreeHoldRBD@U?$TScatterArrayNode@U?$TRefObjectComposite@UIKeyboardClient@libui@UModSys@@UIRefObject@core@3@U?$TRefObjectFunc@UIRefObject@core@UModSys@@@tl@3@@tl@UModSys@@H@tl@UModSys@@U?$TNodeDeleter0@U?$TScatterArrayNode@U?$TRefObjectComposite@UIKeyboardClient@libui@UModSys@@UIRefObject@core@3@U?$TRefObjectFunc@UIRefObject@core@UModSys@@@tl@3@@tl@UModSys@@H@tl@UModSys@@@23@@23@@Z 10005050 f i umodsys_lib_libui:umodsys.mod.ui.SDL_core.obj
 0001:000040b0       ??1?$TRefObject@UIRenderDriver@lib2d@UModSys@@U?$TRefObjectFunc@UIRenderDriver@lib2d@UModSys@@@tl@3@@tl@UModSys@@QAE@XZ 100050b0 f i plugin_test1.obj
 0001:000040b0       ??1?$TRefObject@URMouseController@SDL_core@ui@modules@UModSys@@U?$TRefObjectFunc@URMouseController@SDL_core@ui@modules@UModSys@@@tl@5@@tl@UModSys@@QAE@XZ 100050b0 f i umodsys_lib_libui:umodsys.mod.ui.SDL_core.obj
 0001:000040b0       ??1?$TRefObject@UIMouseController@libui@UModSys@@U?$TRefObjectFunc@UIMouseController@libui@UModSys@@@tl@3@@tl@UModSys@@QAE@XZ 100050b0 f i plugin_test1.obj
 0001:000040b0       ??1?$TRefObject@URRenderDriver2D@SDL_core@ui@modules@UModSys@@U?$TRefObjectFunc@URRenderDriver2D@SDL_core@ui@modules@UModSys@@@tl@5@@tl@UModSys@@QAE@XZ 100050b0 f i umodsys_lib_libui:umodsys.mod.ui.SDL_core.obj
 0001:000040b0       ??1?$TRefObject@URKeyboardController@SDL_core@ui@modules@UModSys@@U?$TRefObjectFunc@URKeyboardController@SDL_core@ui@modules@UModSys@@@tl@5@@tl@UModSys@@QAE@XZ 100050b0 f i umodsys_lib_libui:umodsys.mod.ui.SDL_core.obj
 0001:000040b0       ??1?$TRefObject@UIKeyboardController@libui@UModSys@@U?$TRefObjectFunc@UIKeyboardController@libui@UModSys@@@tl@3@@tl@UModSys@@QAE@XZ 100050b0 f i plugin_test1.obj
 0001:000040b0       ??1?$TRefObject@UITerminal@libui@UModSys@@U?$TRefObjectFunc@UITerminal@libui@UModSys@@@tl@3@@tl@UModSys@@QAE@XZ 100050b0 f i plugin_test1.obj
 0001:000040b0       ??1?$TRefObject@UIMultiImage@lib2d@UModSys@@U?$TRefObjectFunc@UIMultiImage@lib2d@UModSys@@@tl@3@@tl@UModSys@@QAE@XZ 100050b0 f i plugin_test1.obj
 0001:000040b0       ??1?$TRefObject@URTerminal@SDL_core@ui@modules@UModSys@@U?$TRefObjectFunc@URTerminal@SDL_core@ui@modules@UModSys@@@tl@5@@tl@UModSys@@QAE@XZ 100050b0 f i umodsys_lib_libui:umodsys.mod.ui.SDL_core.obj
 0001:000040b0       ??1?$TRefObject@URMultiImage2D_SDL_ttf@SDL_core@ui@modules@UModSys@@U?$TRefObjectFunc@URMultiImage2D_SDL_ttf@SDL_core@ui@modules@UModSys@@@tl@5@@tl@UModSys@@QAE@XZ 100050b0 f i umodsys_lib_libui:umodsys.mod.ui.SDL_core.obj
 0001:000040b0       ??1?$TRefObject@URMediaFilter@images_std@media@modules@UModSys@@U?$TRefObjectFunc@URMediaFilter@images_std@media@modules@UModSys@@@tl@5@@tl@UModSys@@QAE@XZ 100050b0 f i umodsys_lib_libmedia:umodsys.mod.media.images_std.obj
 0001:000040b0       ??1?$TRefObject@UIRefObject@core@UModSys@@U?$TRefObjectFunc@UIRefObject@core@UModSys@@@tl@3@@tl@UModSys@@QAE@XZ 100050b0 f i plugin_test1.obj
 0001:000040d0       ??0?$TScatterArrayNode@U?$TRefObjectCompositeExtra@UIMouseClient@libui@UModSys@@HUIRefObject@core@3@U?$TRefObjectFunc@UIRefObject@core@UModSys@@@tl@3@@tl@UModSys@@H@tl@UModSys@@QAE@ABH@Z 100050d0 f i umodsys_lib_libui:umodsys.mod.ui.SDL_core.obj
 0001:00004140       ??0?$TScatterArrayNode@U?$TRefObjectComposite@UIKeyboardClient@libui@UModSys@@UIRefObject@core@3@U?$TRefObjectFunc@UIRefObject@core@UModSys@@@tl@3@@tl@UModSys@@H@tl@UModSys@@QAE@ABH@Z 10005140 f i umodsys_lib_libui:umodsys.mod.ui.SDL_core.obj
 0001:000041b0       ?insert_color@?$TTreeHoldRB@U?$TScatterArrayNode@U?$TRefObjectComposite@UIKeyboardClient@libui@UModSys@@UIRefObject@core@3@U?$TRefObjectFunc@UIRefObject@core@UModSys@@@tl@3@@tl@UModSys@@H@tl@UModSys@@@tl@UModSys@@IAEXPAU?$TScatterArrayNode@U?$TRefObjectComposite@UIKeyboardClient@libui@UModSys@@UIRefObject@core@3@U?$TRefObjectFunc@UIRefObject@core@UModSys@@@tl@3@@tl@UModSys@@H@23@@Z 100051b0 f i umodsys_lib_libui:umodsys.mod.ui.SDL_core.obj
 0001:000041b0       ?insert_color@?$TTreeHoldRB@U?$TScatterArrayNode@U?$TRefObject@URRenderDriver2D@SDL_core@ui@modules@UModSys@@U?$TRefObjectWeakFunc@URRenderDriver2D@SDL_core@ui@modules@UModSys@@@tl@5@@tl@UModSys@@H@tl@UModSys@@@tl@UModSys@@IAEXPAU?$TScatterArrayNode@U?$TRefObject@URRenderDriver2D@SDL_core@ui@modules@UModSys@@U?$TRefObjectWeakFunc@URRenderDriver2D@SDL_core@ui@modules@UModSys@@@tl@5@@tl@UModSys@@H@23@@Z 100051b0 f i umodsys_lib_libui:umodsys.mod.ui.SDL_core.obj
 0001:000041b0       ?insert_color@?$TTreeHoldRB@U?$TScatterArrayNode@UGlyph@RMultiImage2D_SDL_ttf@SDL_core@ui@modules@UModSys@@H@tl@UModSys@@@tl@UModSys@@IAEXPAU?$TScatterArrayNode@UGlyph@RMultiImage2D_SDL_ttf@SDL_core@ui@modules@UModSys@@H@23@@Z 100051b0 f i umodsys_lib_libui:umodsys.mod.ui.SDL_core.obj
 0001:000041b0       ?insert_color@?$TTreeHoldRB@U?$TScatterArrayNode@U?$TRefObjectCompositeExtra@UIMouseClient@libui@UModSys@@HUIRefObject@core@3@U?$TRefObjectFunc@UIRefObject@core@UModSys@@@tl@3@@tl@UModSys@@H@tl@UModSys@@@tl@UModSys@@IAEXPAU?$TScatterArrayNode@U?$TRefObjectCompositeExtra@UIMouseClient@libui@UModSys@@HUIRefObject@core@3@U?$TRefObjectFunc@UIRefObject@core@UModSys@@@tl@3@@tl@UModSys@@H@23@@Z 100051b0 f i umodsys_lib_libui:umodsys.mod.ui.SDL_core.obj
 0001:00004350       ??$ValidateConstruction@UIRefObject@core@UModSys@@URMediaFilter@images_std@media@modules@3@@core@UModSys@@YA_NAAU?$TRefObject@UIRefObject@core@UModSys@@U?$TRefObjectFunc@UIRefObject@core@UModSys@@@tl@3@@tl@1@PAURMediaFilter@images_std@media@modules@1@@Z 10005350 f i umodsys_lib_libmedia:umodsys.mod.media.images_std.obj
 0001:00004350       ??$ValidateConstruction@UIRefObject@core@UModSys@@URTerminal@SDL_core@ui@modules@3@@core@UModSys@@YA_NAAU?$TRefObject@UIRefObject@core@UModSys@@U?$TRefObjectFunc@UIRefObject@core@UModSys@@@tl@3@@tl@1@PAURTerminal@SDL_core@ui@modules@1@@Z 10005350 f i umodsys_lib_libui:umodsys.mod.ui.SDL_core.obj
 0001:000043d0       ??$process_nodes_r@U?$TNodeDeleter0@U?$TScatterArrayNode@UGlyph@RMultiImage2D_SDL_ttf@SDL_core@ui@modules@UModSys@@H@tl@UModSys@@@tl@UModSys@@@?$TTreeHoldRB@U?$TScatterArrayNode@UGlyph@RMultiImage2D_SDL_ttf@SDL_core@ui@modules@UModSys@@H@tl@UModSys@@@tl@UModSys@@KAHPAU?$TScatterArrayNode@UGlyph@RMultiImage2D_SDL_ttf@SDL_core@ui@modules@UModSys@@H@12@ABU?$TNodeDeleter0@U?$TScatterArrayNode@UGlyph@RMultiImage2D_SDL_ttf@SDL_core@ui@modules@UModSys@@H@tl@UModSys@@@12@@Z 100053d0 f i umodsys_lib_libui:umodsys.mod.ui.SDL_core.obj
 0001:00004430       ??$process_nodes_r@U?$TNodeDeleter0@U?$TScatterArrayNode@U?$TRefObjectComposite@UIKeyboardClient@libui@UModSys@@UIRefObject@core@3@U?$TRefObjectFunc@UIRefObject@core@UModSys@@@tl@3@@tl@UModSys@@H@tl@UModSys@@@tl@UModSys@@@?$TTreeHoldRB@U?$TScatterArrayNode@U?$TRefObjectComposite@UIKeyboardClient@libui@UModSys@@UIRefObject@core@3@U?$TRefObjectFunc@UIRefObject@core@UModSys@@@tl@3@@tl@UModSys@@H@tl@UModSys@@@tl@UModSys@@KAHPAU?$TScatterArrayNode@U?$TRefObjectComposite@UIKeyboardClient@libui@UModSys@@UIRefObject@core@3@U?$TRefObjectFunc@UIRefObject@core@UModSys@@@tl@3@@tl@UModSys@@H@12@ABU?$TNodeDeleter0@U?$TScatterArrayNode@U?$TRefObjectComposite@UIKeyboardClient@libui@UModSys@@UIRefObject@core@3@U?$TRefObjectFunc@UIRefObject@core@UModSys@@@tl@3@@tl@UModSys@@H@tl@UModSys@@@12@@Z 10005430 f i umodsys_lib_libui:umodsys.mod.ui.SDL_core.obj
 0001:00004430       ??$process_nodes_r@U?$TNodeDeleter0@U?$TScatterArrayNode@U?$TRefObjectCompositeExtra@UIMouseClient@libui@UModSys@@HUIRefObject@core@3@U?$TRefObjectFunc@UIRefObject@core@UModSys@@@tl@3@@tl@UModSys@@H@tl@UModSys@@@tl@UModSys@@@?$TTreeHoldRB@U?$TScatterArrayNode@U?$TRefObjectCompositeExtra@UIMouseClient@libui@UModSys@@HUIRefObject@core@3@U?$TRefObjectFunc@UIRefObject@core@UModSys@@@tl@3@@tl@UModSys@@H@tl@UModSys@@@tl@UModSys@@KAHPAU?$TScatterArrayNode@U?$TRefObjectCompositeExtra@UIMouseClient@libui@UModSys@@HUIRefObject@core@3@U?$TRefObjectFunc@UIRefObject@core@UModSys@@@tl@3@@tl@UModSys@@H@12@ABU?$TNodeDeleter0@U?$TScatterArrayNode@U?$TRefObjectCompositeExtra@UIMouseClient@libui@UModSys@@HUIRefObject@core@3@U?$TRefObjectFunc@UIRefObject@core@UModSys@@@tl@3@@tl@UModSys@@H@tl@UModSys@@@12@@Z 10005430 f i umodsys_lib_libui:umodsys.mod.ui.SDL_core.obj
 0001:00004480       ??$process_nodes_r@U?$TNodeDeleter0@U?$TScatterArrayNode@U?$TRefObject@URRenderDriver2D@SDL_core@ui@modules@UModSys@@U?$TRefObjectWeakFunc@URRenderDriver2D@SDL_core@ui@modules@UModSys@@@tl@5@@tl@UModSys@@H@tl@UModSys@@@tl@UModSys@@@?$TTreeHoldRB@U?$TScatterArrayNode@U?$TRefObject@URRenderDriver2D@SDL_core@ui@modules@UModSys@@U?$TRefObjectWeakFunc@URRenderDriver2D@SDL_core@ui@modules@UModSys@@@tl@5@@tl@UModSys@@H@tl@UModSys@@@tl@UModSys@@KAHPAU?$TScatterArrayNode@U?$TRefObject@URRenderDriver2D@SDL_core@ui@modules@UModSys@@U?$TRefObjectWeakFunc@URRenderDriver2D@SDL_core@ui@modules@UModSys@@@tl@5@@tl@UModSys@@H@12@ABU?$TNodeDeleter0@U?$TScatterArrayNode@U?$TRefObject@URRenderDriver2D@SDL_core@ui@modules@UModSys@@U?$TRefObjectWeakFunc@URRenderDriver2D@SDL_core@ui@modules@UModSys@@@tl@5@@tl@UModSys@@H@tl@UModSys@@@12@@Z 10005480 f i umodsys_lib_libui:umodsys.mod.ui.SDL_core.obj
 0001:00004500       ??$genx_node@UCmp@?$TScatterArray@U?$TRefObject@URRenderDriver2D@SDL_core@ui@modules@UModSys@@U?$TRefObjectWeakFunc@URRenderDriver2D@SDL_core@ui@modules@UModSys@@@tl@5@@tl@UModSys@@HU?$TScalarCompare@H@core@3@U?$TNodeDeleter0@U?$TScatterArrayNode@U?$TRefObject@URRenderDriver2D@SDL_core@ui@modules@UModSys@@U?$TRefObjectWeakFunc@URRenderDriver2D@SDL_core@ui@modules@UModSys@@@tl@5@@tl@UModSys@@H@tl@UModSys@@@23@@tl@UModSys@@UGen0@234@@?$TTreeHoldRBD@U?$TScatterArrayNode@U?$TRefObject@URRenderDriver2D@SDL_core@ui@modules@UModSys@@U?$TRefObjectWeakFunc@URRenderDriver2D@SDL_core@ui@modules@UModSys@@@tl@5@@tl@UModSys@@H@tl@UModSys@@U?$TNodeDeleter0@U?$TScatterArrayNode@U?$TRefObject@URRenderDriver2D@SDL_core@ui@modules@UModSys@@U?$TRefObjectWeakFunc@URRenderDriver2D@SDL_core@ui@modules@UModSys@@@tl@5@@tl@UModSys@@H@tl@UModSys@@@23@@tl@UModSys@@QAEPAU?$TScatterArrayNode@U?$TRefObject@URRenderDriver2D@SDL_core@ui@modules@UModSys@@U?$TRefObjectWeakFunc@URRenderDriver2D@SDL_core@ui@modules@UModSys@@@tl@5@@tl@UModSys@@H@12@UCmp@?$TScatterArray@U?$TRefObject@URRenderDriver2D@SDL_core@ui@modules@UModSys@@U?$TRefObjectWeakFunc@URRenderDriver2D@SDL_core@ui@modules@UModSys@@@tl@5@@tl@UModSys@@HU?$TScalarCompare@H@core@3@U?$TNodeDeleter0@U?$TScatterArrayNode@U?$TRefObject@URRenderDriver2D@SDL_core@ui@modules@UModSys@@U?$TRefObjectWeakFunc@URRenderDriver2D@SDL_core@ui@modules@UModSys@@@tl@5@@tl@UModSys@@H@tl@UModSys@@@23@@12@ABUGen0@512@PAPAU312@2_N@Z 10005500 f i umodsys_lib_libui:umodsys.mod.ui.SDL_core.obj
 0001:00004570       ??RGen0@?$TScatterArray@U?$TRefObject@URRenderDriver2D@SDL_core@ui@modules@UModSys@@U?$TRefObjectWeakFunc@URRenderDriver2D@SDL_core@ui@modules@UModSys@@@tl@5@@tl@UModSys@@HU?$TScalarCompare@H@core@3@U?$TNodeDeleter0@U?$TScatterArrayNode@U?$TRefObject@URRenderDriver2D@SDL_core@ui@modules@UModSys@@U?$TRefObjectWeakFunc@URRenderDriver2D@SDL_core@ui@modules@UModSys@@@tl@5@@tl@UModSys@@H@tl@UModSys@@@23@@tl@UModSys@@QBEPAU?$TScatterArrayNode@U?$TRefObject@URRenderDriver2D@SDL_core@ui@modules@UModSys@@U?$TRefObjectWeakFunc@URRenderDriver2D@SDL_core@ui@modules@UModSys@@@tl@5@@tl@UModSys@@H@23@ABUCmp@123@ABU?$TTreeHoldRBD@U?$TScatterArrayNode@U?$TRefObject@URRenderDriver2D@SDL_core@ui@modules@UModSys@@U?$TRefObjectWeakFunc@URRenderDriver2D@SDL_core@ui@modules@UModSys@@@tl@5@@tl@UModSys@@H@tl@UModSys@@U?$TNodeDeleter0@U?$TScatterArrayNode@U?$TRefObject@URRenderDriver2D@SDL_core@ui@modules@UModSys@@U?$TRefObjectWeakFunc@URRenderDriver2D@SDL_core@ui@modules@UModSys@@@tl@5@@tl@UModSys@@H@tl@UModSys@@@23@@23@@Z 10005570 f i umodsys_lib_libui:umodsys.mod.ui.SDL_core.obj
 0001:000045e0       ?alloc@SMemShared@core@UModSys@@QAE_NIPAUSSourceContext@23@@Z 100055e0 f i umodsys_lib_libmedia:umodsys.mod.media.images_std.obj
 0001:00004620       ?get@SMemShared@core@UModSys@@QBE?AUSMem@23@XZ 10005620 f i umodsys_lib_libmedia:umodsys.mod.media.images_std.obj
 0001:00004670       ?get@SParameters@core@UModSys@@QBE_NPBDAA_N@Z 10005670 f i umodsys_lib_libmedia:umodsys.mod.media.images_std.obj
 0001:000046b0       ?is_extension_nocase@libmedia@UModSys@@YA_NABU?$TString@U?$TSCoreConst@D@su@tl@UModSys@@U?$TComparerBinaryHash@D@234@@tl@2@0@Z 100056b0 f i umodsys_lib_libmedia:umodsys.mod.media.images_std.obj
 0001:000046e0       ?root_get_interface_info@RMediaFilter@images_std@media@modules@UModSys@@UBEABUSUniquePointerInfo@core@5@XZ 100056e0 f i umodsys_lib_libmedia:umodsys.mod.media.images_std.obj
 0001:000046f0       ?root_get_interface_type@RMediaFilter@images_std@media@modules@UModSys@@UBEPBUSUniquePointerInfo@core@5@XZ 100056f0 f i umodsys_lib_libmedia:umodsys.mod.media.images_std.obj
 0001:00004700       ?root_get_other_interface@RMediaFilter@images_std@media@modules@UModSys@@UBEPBUIRoot@core@5@PBUSUniquePointerInfo@75@@Z 10005700 f i umodsys_lib_libmedia:umodsys.mod.media.images_std.obj
 0001:00004700       ?root_get_other_interface@RMediaFilter@images_std@media@modules@UModSys@@UAEPAUIRoot@core@5@PBUSUniquePointerInfo@75@@Z 10005700 f i umodsys_lib_libmedia:umodsys.mod.media.images_std.obj
 0001:00004730       ?root_is_interface_supported@RMediaFilter@images_std@media@modules@UModSys@@UBE_NPBUSUniquePointerInfo@core@5@@Z 10005730 f i umodsys_lib_libmedia:umodsys.mod.media.images_std.obj
 0001:00004770       ?ref_add@RMediaFilter@images_std@media@modules@UModSys@@UBEXXZ 10005770 f i umodsys_lib_libmedia:umodsys.mod.media.images_std.obj
 0001:00004780       ?ref_remove@RMediaFilter@images_std@media@modules@UModSys@@UBEXXZ 10005780 f i umodsys_lib_libmedia:umodsys.mod.media.images_std.obj
 0001:00004790       ?ref_links@RMediaFilter@images_std@media@modules@UModSys@@UBEHXZ 10005790 f i umodsys_lib_libmedia:umodsys.mod.media.images_std.obj
 0001:000047a0       ?ref_weak@RMediaFilter@images_std@media@modules@UModSys@@UBE_NAAUWeakPointer@IRefObject@core@5@@Z 100057a0 f i umodsys_lib_libmedia:umodsys.mod.media.images_std.obj
 0001:000047c0       ?suicide@RMediaFilter@images_std@media@modules@UModSys@@UAEXXZ 100057c0 f i umodsys_lib_libmedia:umodsys.mod.media.images_std.obj
 0001:000047d0       ?get_flag@RMediaFilter@images_std@media@modules@UModSys@@UBE?AW4eStates@?$TFlags4State@USMediaFlagUid@libmedia@UModSys@@I@tl@5@H@Z 100057d0 f i umodsys_lib_libmedia:umodsys.mod.media.images_std.obj
 0001:000047f0       ?get_flags_auto@RMediaFilter@images_std@media@modules@UModSys@@UBE?AU?$TFlags4State@USMediaFlagUid@libmedia@UModSys@@I@tl@5@XZ 100057f0 f i umodsys_lib_libmedia:umodsys.mod.media.images_std.obj
 0001:00004800       ?set_flag@RMediaFilter@images_std@media@modules@UModSys@@UAE?AW4eStates@?$TFlags4State@USMediaFlagUid@libmedia@UModSys@@I@tl@5@HW46785@@Z 10005800 f i umodsys_lib_libmedia:umodsys.mod.media.images_std.obj
 0001:00004830       ??0RMediaFilter@images_std@media@modules@UModSys@@QAE@PAUIModObject@base@4@ABUSParameters@core@4@@Z 10005830 f i umodsys_lib_libmedia:umodsys.mod.media.images_std.obj
 0001:00004900       ??1RMediaFilter@images_std@media@modules@UModSys@@UAE@XZ 10005900 f i umodsys_lib_libmedia:umodsys.mod.media.images_std.obj
 0001:00004970       ??_ERMediaFilter@images_std@media@modules@UModSys@@UAEPAXI@Z 10005970 f i  CIL library: CIL module
 0001:00004970       ??_GRMediaFilter@images_std@media@modules@UModSys@@UAEPAXI@Z 10005970 f i umodsys_lib_libmedia:umodsys.mod.media.images_std.obj
 0001:00004990       ?get_generated_names@RGenerator@images_std@media@modules@UModSys@@UBEHAAUSUniquePtrList@core@5@@Z 10005990 f i umodsys_lib_libmedia:umodsys.mod.media.images_std.obj
 0001:000049b0       ?get_generated_types@RGenerator@images_std@media@modules@UModSys@@UBEHAAUSUniquePtrList@core@5@PBUSUniquePointerInfo@75@@Z 100059b0 f i umodsys_lib_libmedia:umodsys.mod.media.images_std.obj
 0001:00004a00       ?generate@RGenerator@images_std@media@modules@UModSys@@UAE_NAAU?$TRefObject@UIRefObject@core@UModSys@@U?$TRefObjectFunc@UIRefObject@core@UModSys@@@tl@3@@tl@5@PBUSUniquePointerInfo@core@5@ABUSParameters@95@@Z 10005a00 f i umodsys_lib_libmedia:umodsys.mod.media.images_std.obj
 0001:00004a30       ?root_get_interface_info@RGenerator@images_std@media@modules@UModSys@@UBEABUSUniquePointerInfo@core@5@XZ 10005a30 f i umodsys_lib_libmedia:umodsys.mod.media.images_std.obj
 0001:00004a40       ?root_get_interface_type@RGenerator@images_std@media@modules@UModSys@@UBEPBUSUniquePointerInfo@core@5@XZ 10005a40 f i umodsys_lib_libmedia:umodsys.mod.media.images_std.obj
 0001:00004a50       ?root_get_other_interface@RGenerator@images_std@media@modules@UModSys@@UBEPBUIRoot@core@5@PBUSUniquePointerInfo@75@@Z 10005a50 f i umodsys_lib_libmedia:umodsys.mod.media.images_std.obj
 0001:00004a50       ?root_get_other_interface@RGenerator@images_std@media@modules@UModSys@@UAEPAUIRoot@core@5@PBUSUniquePointerInfo@75@@Z 10005a50 f i umodsys_lib_libmedia:umodsys.mod.media.images_std.obj
 0001:00004a90       ?root_is_interface_supported@RGenerator@images_std@media@modules@UModSys@@UBE_NPBUSUniquePointerInfo@core@5@@Z 10005a90 f i umodsys_lib_libmedia:umodsys.mod.media.images_std.obj
[...]
 0001:00007dd0       ??__E?s_modreg_chain@RModuleReg@test1@test@modules@UModSys@@2USModuleRegChain@base@5@A@@YAXXZ 10008dd0 f    CIL library: CIL module
 0001:00007df0       ??__E?s_uid@RGenerator@test1@test@modules@UModSys@@2USUniquePointer@core@5@A@@YAXXZ 10008df0 f    CIL library: CIL module
 0001:00007e20       ??__E?s_id@?$TObjectUniqueID@UIRoot@core@UModSys@@@tl@UModSys@@2USUniquePointer@core@3@A@@YAXXZ 10008e20 f    CIL library: CIL module
 0001:00007e50       ??__E?s_id@?$TObjectUniqueID@UIRefObject@core@UModSys@@@tl@UModSys@@2USUniquePointer@core@3@A@@YAXXZ 10008e50 f    CIL library: CIL module
 0001:00007e80       ??__E?s_id@?$TObjectUniqueID@UIParameters@core@UModSys@@@tl@UModSys@@2USUniquePointer@core@3@A@@YAXXZ 10008e80 f    CIL library: CIL module
 0001:00007eb0       ??__E?s_id@?$TObjectUniqueID@UIModule@base@UModSys@@@tl@UModSys@@2USUniquePointer@core@3@A@@YAXXZ 10008eb0 f    CIL library: CIL module
 0001:00007ee0       ??__E?s_id@?$TObjectUniqueID@UIModuleLibrary@base@UModSys@@@tl@UModSys@@2USUniquePointer@core@3@A@@YAXXZ 10008ee0 f    CIL library: CIL module
 0001:00007f10       ??__E?s_id@?$TObjectUniqueID@UIModObject@base@UModSys@@@tl@UModSys@@2USUniquePointer@core@3@A@@YAXXZ 10008f10 f    CIL library: CIL module
 0001:00007f40       ??__E?s_id@?$TObjectUniqueID@UIGenerator@base@UModSys@@@tl@UModSys@@2USUniquePointer@core@3@A@@YAXXZ 10008f40 f    CIL library: CIL module
 0001:00007f70       ??__E?s_id@?$TObjectUniqueID@UIShell@base@UModSys@@@tl@UModSys@@2USUniquePointer@core@3@A@@YAXXZ 10008f70 f    CIL library: CIL module
 0001:00007fa0       ??__E?s_id@?$TObjectUniqueID@UIConsole@base@UModSys@@@tl@UModSys@@2USUniquePointer@core@3@A@@YAXXZ 10008fa0 f    CIL library: CIL module
 0001:00007fd0       ??__E?s_id@?$TObjectUniqueID@UISystem@base@UModSys@@@tl@UModSys@@2USUniquePointer@core@3@A@@YAXXZ 10008fd0 f    CIL library: CIL module
 0001:00008000       ??__E?s_id@?$TObjectUniqueID@UIStreamReader@libmedia@UModSys@@@tl@UModSys@@2USUniquePointer@core@3@A@@YAXXZ 10009000 f    CIL library: CIL module
 0001:00008030       ??__E?s_id@?$TObjectUniqueID@UIStreamWriter@libmedia@UModSys@@@tl@UModSys@@2USUniquePointer@core@3@A@@YAXXZ 10009030 f    CIL library: CIL module
 0001:00008060       ??__E?s_id@?$TObjectUniqueID@UIBinArchive@libmedia@UModSys@@@tl@UModSys@@2USUniquePointer@core@3@A@@YAXXZ 10009060 f    CIL library: CIL module
 0001:00008090       ??__E?s_id@?$TObjectUniqueID@UIBinObjFilter@libmedia@UModSys@@@tl@UModSys@@2USUniquePointer@core@3@A@@YAXXZ 10009090 f    CIL library: CIL module
 0001:000080c0       ??__E?s_id@?$TObjectUniqueID@UILibrary@libmedia@UModSys@@@tl@UModSys@@2USUniquePointer@core@3@A@@YAXXZ 100090c0 f    CIL library: CIL module
 0001:000080f0       ??__E?s_id@?$TObjectUniqueID@UILibraryBinTree@libmedia@UModSys@@@tl@UModSys@@2USUniquePointer@core@3@A@@YAXXZ 100090f0 f    CIL library: CIL module
 0001:00008120       ??__E?s_id@?$TObjectUniqueID@UILibraryBinCache@libmedia@UModSys@@@tl@UModSys@@2USUniquePointer@core@3@A@@YAXXZ 10009120 f    CIL library: CIL module
 0001:00008150       ??__E?s_id@?$TObjectUniqueID@UILibraryObjFilter@libmedia@UModSys@@@tl@UModSys@@2USUniquePointer@core@3@A@@YAXXZ 10009150 f    CIL library: CIL module
 0001:00008180       ??__E?s_id@?$TObjectUniqueID@UILibraryObjCache@libmedia@UModSys@@@tl@UModSys@@2USUniquePointer@core@3@A@@YAXXZ 10009180 f    CIL library: CIL module
 0001:000081b0       ??__E?s_id@?$TObjectUniqueID@UILibraryLayered@libmedia@UModSys@@@tl@UModSys@@2USUniquePointer@core@3@A@@YAXXZ 100091b0 f    CIL library: CIL module
 0001:000081e0       ??__E?s_id@?$TObjectUniqueID@UIConsoleExt@base@UModSys@@@tl@UModSys@@2USUniquePointer@core@3@A@@YAXXZ 100091e0 f    CIL library: CIL module
 0001:00008210       ??__E?s_id@?$TObjectUniqueID@UIConsoleHelper@base@UModSys@@@tl@UModSys@@2USUniquePointer@core@3@A@@YAXXZ 10009210 f    CIL library: CIL module
 0001:00008240       ??__E?s_id@?$TObjectUniqueID@UIConsoleHelperHistory@base@UModSys@@@tl@UModSys@@2USUniquePointer@core@3@A@@YAXXZ 10009240 f    CIL library: CIL module
 0001:00008270       ??__E?s_id@?$TObjectUniqueID@UIConsoleHelperInput@base@UModSys@@@tl@UModSys@@2USUniquePointer@core@3@A@@YAXXZ 10009270 f    CIL library: CIL module
 0001:000082a0       ??__E?s_id@?$TObjectUniqueID@UIConsoleHelperOutput@base@UModSys@@@tl@UModSys@@2USUniquePointer@core@3@A@@YAXXZ 100092a0 f    CIL library: CIL module
 0001:000082d0       ??__E?s_id@?$TObjectUniqueID@UIConsoleHelperOutputFCS@base@UModSys@@@tl@UModSys@@2USUniquePointer@core@3@A@@YAXXZ 100092d0 f    CIL library: CIL module
 0001:00008300       ??__E?s_id@?$TObjectUniqueID@UIKeyboardController@libui@UModSys@@@tl@UModSys@@2USUniquePointer@core@3@A@@YAXXZ 10009300 f    CIL library: CIL module
 0001:00008330       ??__E?s_id@?$TObjectUniqueID@UIMouseController@libui@UModSys@@@tl@UModSys@@2USUniquePointer@core@3@A@@YAXXZ 10009330 f    CIL library: CIL module
 0001:00008360       ??__E?s_id@?$TObjectUniqueID@UIJoystickController@libui@UModSys@@@tl@UModSys@@2USUniquePointer@core@3@A@@YAXXZ 10009360 f    CIL library: CIL module
 0001:00008390       ??__E?s_id@?$TObjectUniqueID@UITerminal@libui@UModSys@@@tl@UModSys@@2USUniquePointer@core@3@A@@YAXXZ 10009390 f    CIL library: CIL module
 0001:000083c0       ??__E?s_id@?$TObjectUniqueID@UIConsoleHelperInput_UIKey@libui@UModSys@@@tl@UModSys@@2USUniquePointer@core@3@A@@YAXXZ 100093c0 f    CIL library: CIL module
 0001:000083f0       ??__E?s_id@?$TObjectUniqueID@UIImage@lib2d@UModSys@@@tl@UModSys@@2USUniquePointer@core@3@A@@YAXXZ 100093f0 f    CIL library: CIL module
 0001:00008420       ??__E?s_id@?$TObjectUniqueID@UIMultiImage@lib2d@UModSys@@@tl@UModSys@@2USUniquePointer@core@3@A@@YAXXZ 10009420 f    CIL library: CIL module
 0001:00008450       ??__E?s_id@?$TObjectUniqueID@UIRenderDriver@lib2d@UModSys@@@tl@UModSys@@2USUniquePointer@core@3@A@@YAXXZ 10009450 f    CIL library: CIL module
 0001:00008480       ??__E?s_id@?$TObjectUniqueID@UILines@test1@test@modules@UModSys@@@tl@UModSys@@2USUniquePointer@core@3@A@@YAXXZ 10009480 f    CIL library: CIL module
 0001:000084b0       ??__E?s_id@?$TObjectUniqueID@URLines@test1@test@modules@UModSys@@@tl@UModSys@@2USUniquePointer@core@3@A@@YAXXZ 100094b0 f    CIL library: CIL module
 0001:000084e0       ??__E?s_id@?$TObjectUniqueID@URLines_Filter@test1@test@modules@UModSys@@@tl@UModSys@@2USUniquePointer@core@3@A@@YAXXZ 100094e0 f    CIL library: CIL module
 0001:00008510       ??__E?s_id@?$TObjectUniqueID@URTest1_Shell@test1@test@modules@UModSys@@@tl@UModSys@@2USUniquePointer@core@3@A@@YAXXZ 10009510 f    CIL library: CIL module
 0001:00008540       ??__E?s_id@?$TObjectUniqueID@URGenerator@test1@test@modules@UModSys@@@tl@UModSys@@2USUniquePointer@core@3@A@@YAXXZ 10009540 f    CIL library: CIL module
 0001:00008570       ??__E?s_modreg@RModuleReg@SDL_core@ui@modules@UModSys@@2U12345@A@@YAXXZ 10009570 f    CIL library: CIL module
 0001:000085b0       ??__E?s_modreg_chain@RModuleReg@SDL_core@ui@modules@UModSys@@2USModuleRegChain@base@5@A@@YAXXZ 100095b0 f    CIL library: CIL module
 0001:000085d0       ??__E?s_uid@RGenerator@SDL_core@ui@modules@UModSys@@2USUniquePointer@core@5@A@@YAXXZ 100095d0 f    CIL library: CIL module
 0001:00008600       ??__E?s_id@?$TObjectUniqueID@URMultiImage2D_SDL_ttf@SDL_core@ui@modules@UModSys@@@tl@UModSys@@2USUniquePointer@core@3@A@@YAXXZ 10009600 f    CIL library: CIL module
 0001:00008630       ??__E?s_id@?$TObjectUniqueID@URRenderDriver2D@SDL_core@ui@modules@UModSys@@@tl@UModSys@@2USUniquePointer@core@3@A@@YAXXZ 10009630 f    CIL library: CIL module
 0001:00008660       ??__E?s_id@?$TObjectUniqueID@URMouseController@SDL_core@ui@modules@UModSys@@@tl@UModSys@@2USUniquePointer@core@3@A@@YAXXZ 10009660 f    CIL library: CIL module
 0001:00008690       ??__E?s_id@?$TObjectUniqueID@URKeyboardController@SDL_core@ui@modules@UModSys@@@tl@UModSys@@2USUniquePointer@core@3@A@@YAXXZ 10009690 f    CIL library: CIL module
 0001:000086c0       ??__E?s_id@?$TObjectUniqueID@URTerminal@SDL_core@ui@modules@UModSys@@@tl@UModSys@@2USUniquePointer@core@3@A@@YAXXZ 100096c0 f    CIL library: CIL module
 0001:000086f0       ??__E?s_id@?$TObjectUniqueID@URGenerator@SDL_core@ui@modules@UModSys@@@tl@UModSys@@2USUniquePointer@core@3@A@@YAXXZ 100096f0 f    CIL library: CIL module
 0001:00008720       ??__E?s_modreg@RModuleReg@images_std@media@modules@UModSys@@2U12345@A@@YAXXZ 10009720 f    CIL library: CIL module
 0001:00008760       ??__E?s_modreg_chain@RModuleReg@images_std@media@modules@UModSys@@2USModuleRegChain@base@5@A@@YAXXZ 10009760 f    CIL library: CIL module
 0001:00008780       ??__E?s_uid@RGenerator@images_std@media@modules@UModSys@@2USUniquePointer@core@5@A@@YAXXZ 10009780 f    CIL library: CIL module
 0001:000087b0       ??__E?s_id@?$TObjectUniqueID@URMediaFilter@images_std@media@modules@UModSys@@@tl@UModSys@@2USUniquePointer@core@3@A@@YAXXZ 100097b0 f    CIL library: CIL module
 0001:000087e0       ??__E?s_id@?$TObjectUniqueID@URGenerator@images_std@media@modules@UModSys@@@tl@UModSys@@2USUniquePointer@core@3@A@@YAXXZ 100097e0 f    CIL library: CIL module
 0001:00008810       ??__EM@UModSys@@YAXXZ      10009810 f    CIL library: CIL module
 0001:00008830       ??__E?root@SModuleRegChain@base@UModSys@@2U123@A@@YAXXZ 10009830 f    CIL library: CIL module
 0001:00008850       ??__E?s_library@RModuleLibraryReg_Chain@base@UModSys@@2U123@A@@YAXXZ 10009850 f    CIL library: CIL module
 0001:00008870       ??__E?root@SUniquePointer@core@UModSys@@2U123@A@@YAXXZ 10009870 f    CIL library: CIL module
 0001:00008890       ??__F?s_modreg@RModuleReg@test1@test@modules@UModSys@@2U12345@A@@YAXXZ 10009890 f    CIL library: CIL module
 0001:000088b0       ??__F?s_modreg_chain@RModuleReg@test1@test@modules@UModSys@@2USModuleRegChain@base@5@A@@YAXXZ 100098b0 f    CIL library: CIL module
 0001:000088c0       ??__F?s_uid@RGenerator@test1@test@modules@UModSys@@2USUniquePointer@core@5@A@@YAXXZ 100098c0 f    CIL library: CIL module
 0001:000088d0       ??__Fh@?1??s_holder@RGenerator@test1@test@modules@UModSys@@SAAAU?$TTypeStaticHolder@URGenerator@test1@test@modules@UModSys@@@tl@5@XZ@YAXXZ 100098d0 f    CIL library: CIL module
 0001:000088f0       ??__F?s_id@?$TObjectUniqueID@URGenerator@test1@test@modules@UModSys@@@tl@UModSys@@2USUniquePointer@core@3@A@@YAXXZ 100098f0 f    CIL library: CIL module
 0001:00008900       ??__F?s_id@?$TObjectUniqueID@URTest1_Shell@test1@test@modules@UModSys@@@tl@UModSys@@2USUniquePointer@core@3@A@@YAXXZ 10009900 f    CIL library: CIL module
 0001:00008910       ??__F?s_id@?$TObjectUniqueID@URLines_Filter@test1@test@modules@UModSys@@@tl@UModSys@@2USUniquePointer@core@3@A@@YAXXZ 10009910 f    CIL library: CIL module
 0001:00008920       ??__F?s_id@?$TObjectUniqueID@URLines@test1@test@modules@UModSys@@@tl@UModSys@@2USUniquePointer@core@3@A@@YAXXZ 10009920 f    CIL library: CIL module
 0001:00008930       ??__F?s_id@?$TObjectUniqueID@UILines@test1@test@modules@UModSys@@@tl@UModSys@@2USUniquePointer@core@3@A@@YAXXZ 10009930 f    CIL library: CIL module
 0001:00008940       ??__F?s_id@?$TObjectUniqueID@UIRenderDriver@lib2d@UModSys@@@tl@UModSys@@2USUniquePointer@core@3@A@@YAXXZ 10009940 f    CIL library: CIL module
 0001:00008950       ??__F?s_id@?$TObjectUniqueID@UIMultiImage@lib2d@UModSys@@@tl@UModSys@@2USUniquePointer@core@3@A@@YAXXZ 10009950 f    CIL library: CIL module
 0001:00008960       ??__F?s_id@?$TObjectUniqueID@UIImage@lib2d@UModSys@@@tl@UModSys@@2USUniquePointer@core@3@A@@YAXXZ 10009960 f    CIL library: CIL module
 0001:00008970       ??__F?s_id@?$TObjectUniqueID@UIConsoleHelperInput_UIKey@libui@UModSys@@@tl@UModSys@@2USUniquePointer@core@3@A@@YAXXZ 10009970 f    CIL library: CIL module
 0001:00008980       ??__F?s_id@?$TObjectUniqueID@UITerminal@libui@UModSys@@@tl@UModSys@@2USUniquePointer@core@3@A@@YAXXZ 10009980 f    CIL library: CIL module
 0001:00008990       ??__F?s_id@?$TObjectUniqueID@UIJoystickController@libui@UModSys@@@tl@UModSys@@2USUniquePointer@core@3@A@@YAXXZ 10009990 f    CIL library: CIL module
 0001:000089a0       ??__F?s_id@?$TObjectUniqueID@UIMouseController@libui@UModSys@@@tl@UModSys@@2USUniquePointer@core@3@A@@YAXXZ 100099a0 f    CIL library: CIL module
 0001:000089b0       ??__F?s_id@?$TObjectUniqueID@UIKeyboardController@libui@UModSys@@@tl@UModSys@@2USUniquePointer@core@3@A@@YAXXZ 100099b0 f    CIL library: CIL module
 0001:000089c0       ??__F?s_id@?$TObjectUniqueID@UIConsoleHelperOutputFCS@base@UModSys@@@tl@UModSys@@2USUniquePointer@core@3@A@@YAXXZ 100099c0 f    CIL library: CIL module
 0001:000089d0       ??__F?s_id@?$TObjectUniqueID@UIConsoleHelperOutput@base@UModSys@@@tl@UModSys@@2USUniquePointer@core@3@A@@YAXXZ 100099d0 f    CIL library: CIL module
 0001:000089e0       ??__F?s_id@?$TObjectUniqueID@UIConsoleHelperInput@base@UModSys@@@tl@UModSys@@2USUniquePointer@core@3@A@@YAXXZ 100099e0 f    CIL library: CIL module
 0001:000089f0       ??__F?s_id@?$TObjectUniqueID@UIConsoleHelperHistory@base@UModSys@@@tl@UModSys@@2USUniquePointer@core@3@A@@YAXXZ 100099f0 f    CIL library: CIL module
 0001:00008a00       ??__F?s_id@?$TObjectUniqueID@UIConsoleHelper@base@UModSys@@@tl@UModSys@@2USUniquePointer@core@3@A@@YAXXZ 10009a00 f    CIL library: CIL module
 0001:00008a10       ??__F?s_id@?$TObjectUniqueID@UIConsoleExt@base@UModSys@@@tl@UModSys@@2USUniquePointer@core@3@A@@YAXXZ 10009a10 f    CIL library: CIL module
 0001:00008a20       ??__F?s_id@?$TObjectUniqueID@UILibraryLayered@libmedia@UModSys@@@tl@UModSys@@2USUniquePointer@core@3@A@@YAXXZ 10009a20 f    CIL library: CIL module
 0001:00008a30       ??__F?s_id@?$TObjectUniqueID@UILibraryObjCache@libmedia@UModSys@@@tl@UModSys@@2USUniquePointer@core@3@A@@YAXXZ 10009a30 f    CIL library: CIL module
 0001:00008a40       ??__F?s_id@?$TObjectUniqueID@UILibraryObjFilter@libmedia@UModSys@@@tl@UModSys@@2USUniquePointer@core@3@A@@YAXXZ 10009a40 f    CIL library: CIL module
 0001:00008a50       ??__F?s_id@?$TObjectUniqueID@UILibraryBinCache@libmedia@UModSys@@@tl@UModSys@@2USUniquePointer@core@3@A@@YAXXZ 10009a50 f    CIL library: CIL module
 0001:00008a60       ??__F?s_id@?$TObjectUniqueID@UILibraryBinTree@libmedia@UModSys@@@tl@UModSys@@2USUniquePointer@core@3@A@@YAXXZ 10009a60 f    CIL library: CIL module
 0001:00008a70       ??__F?s_id@?$TObjectUniqueID@UILibrary@libmedia@UModSys@@@tl@UModSys@@2USUniquePointer@core@3@A@@YAXXZ 10009a70 f    CIL library: CIL module
 0001:00008a80       ??__F?s_id@?$TObjectUniqueID@UIBinObjFilter@libmedia@UModSys@@@tl@UModSys@@2USUniquePointer@core@3@A@@YAXXZ 10009a80 f    CIL library: CIL module
 0001:00008a90       ??__F?s_id@?$TObjectUniqueID@UIBinArchive@libmedia@UModSys@@@tl@UModSys@@2USUniquePointer@core@3@A@@YAXXZ 10009a90 f    CIL library: CIL module
 0001:00008aa0       ??__F?s_id@?$TObjectUniqueID@UIStreamWriter@libmedia@UModSys@@@tl@UModSys@@2USUniquePointer@core@3@A@@YAXXZ 10009aa0 f    CIL library: CIL module
 0001:00008ab0       ??__F?s_id@?$TObjectUniqueID@UIStreamReader@libmedia@UModSys@@@tl@UModSys@@2USUniquePointer@core@3@A@@YAXXZ 10009ab0 f    CIL library: CIL module
 0001:00008ac0       ??__F?s_id@?$TObjectUniqueID@UISystem@base@UModSys@@@tl@UModSys@@2USUniquePointer@core@3@A@@YAXXZ 10009ac0 f    CIL library: CIL module
 0001:00008ad0       ??__F?s_id@?$TObjectUniqueID@UIConsole@base@UModSys@@@tl@UModSys@@2USUniquePointer@core@3@A@@YAXXZ 10009ad0 f    CIL library: CIL module
 0001:00008ae0       ??__F?s_id@?$TObjectUniqueID@UIShell@base@UModSys@@@tl@UModSys@@2USUniquePointer@core@3@A@@YAXXZ 10009ae0 f    CIL library: CIL module
 0001:00008af0       ??__F?s_id@?$TObjectUniqueID@UIGenerator@base@UModSys@@@tl@UModSys@@2USUniquePointer@core@3@A@@YAXXZ 10009af0 f    CIL library: CIL module
 0001:00008b00       ??__F?s_id@?$TObjectUniqueID@UIModObject@base@UModSys@@@tl@UModSys@@2USUniquePointer@core@3@A@@YAXXZ 10009b00 f    CIL library: CIL module
 0001:00008b10       ??__F?s_id@?$TObjectUniqueID@UIModuleLibrary@base@UModSys@@@tl@UModSys@@2USUniquePointer@core@3@A@@YAXXZ 10009b10 f    CIL library: CIL module
 0001:00008b20       ??__F?s_id@?$TObjectUniqueID@UIModule@base@UModSys@@@tl@UModSys@@2USUniquePointer@core@3@A@@YAXXZ 10009b20 f    CIL library: CIL module
 0001:00008b30       ??__F?s_id@?$TObjectUniqueID@UIParameters@core@UModSys@@@tl@UModSys@@2USUniquePointer@core@3@A@@YAXXZ 10009b30 f    CIL library: CIL module
 0001:00008b40       ??__F?s_id@?$TObjectUniqueID@UIRefObject@core@UModSys@@@tl@UModSys@@2USUniquePointer@core@3@A@@YAXXZ 10009b40 f    CIL library: CIL module
 0001:00008b50       ??__F?s_id@?$TObjectUniqueID@UIRoot@core@UModSys@@@tl@UModSys@@2USUniquePointer@core@3@A@@YAXXZ 10009b50 f    CIL library: CIL module
 0001:00008b60       ??__F?s_modreg@RModuleReg@SDL_core@ui@modules@UModSys@@2U12345@A@@YAXXZ 10009b60 f    CIL library: CIL module
 0001:00008b80       ??__F?s_modreg_chain@RModuleReg@SDL_core@ui@modules@UModSys@@2USModuleRegChain@base@5@A@@YAXXZ 10009b80 f    CIL library: CIL module
 0001:00008b90       ??__F?s_uid@RGenerator@SDL_core@ui@modules@UModSys@@2USUniquePointer@core@5@A@@YAXXZ 10009b90 f    CIL library: CIL module
 0001:00008ba0       ??__Fh@?1??s_holder@RGenerator@SDL_core@ui@modules@UModSys@@SAAAU?$TTypeStaticHolder@URGenerator@SDL_core@ui@modules@UModSys@@@tl@5@XZ@YAXXZ 10009ba0 f    CIL library: CIL module
 0001:00008bc0       ??__F?s_id@?$TObjectUniqueID@URGenerator@SDL_core@ui@modules@UModSys@@@tl@UModSys@@2USUniquePointer@core@3@A@@YAXXZ 10009bc0 f    CIL library: CIL module
 0001:00008bd0       ??__F?s_id@?$TObjectUniqueID@URTerminal@SDL_core@ui@modules@UModSys@@@tl@UModSys@@2USUniquePointer@core@3@A@@YAXXZ 10009bd0 f    CIL library: CIL module
 0001:00008be0       ??__F?s_id@?$TObjectUniqueID@URKeyboardController@SDL_core@ui@modules@UModSys@@@tl@UModSys@@2USUniquePointer@core@3@A@@YAXXZ 10009be0 f    CIL library: CIL module
 0001:00008bf0       ??__F?s_id@?$TObjectUniqueID@URMouseController@SDL_core@ui@modules@UModSys@@@tl@UModSys@@2USUniquePointer@core@3@A@@YAXXZ 10009bf0 f    CIL library: CIL module
 0001:00008c00       ??__F?s_id@?$TObjectUniqueID@URRenderDriver2D@SDL_core@ui@modules@UModSys@@@tl@UModSys@@2USUniquePointer@core@3@A@@YAXXZ 10009c00 f    CIL library: CIL module
 0001:00008c10       ??__F?s_id@?$TObjectUniqueID@URMultiImage2D_SDL_ttf@SDL_core@ui@modules@UModSys@@@tl@UModSys@@2USUniquePointer@core@3@A@@YAXXZ 10009c10 f    CIL library: CIL module
 0001:00008c20       ??__F?s_modreg@RModuleReg@images_std@media@modules@UModSys@@2U12345@A@@YAXXZ 10009c20 f    CIL library: CIL module
 0001:00008c40       ??__F?s_modreg_chain@RModuleReg@images_std@media@modules@UModSys@@2USModuleRegChain@base@5@A@@YAXXZ 10009c40 f    CIL library: CIL module
 0001:00008c50       ??__F?s_uid@RGenerator@images_std@media@modules@UModSys@@2USUniquePointer@core@5@A@@YAXXZ 10009c50 f    CIL library: CIL module
 0001:00008c60       ??__Fh@?1??s_holder@RGenerator@images_std@media@modules@UModSys@@SAAAU?$TTypeStaticHolder@URGenerator@images_std@media@modules@UModSys@@@tl@5@XZ@YAXXZ 10009c60 f    CIL library: CIL module
 0001:00008c80       ??__F?s_id@?$TObjectUniqueID@URGenerator@images_std@media@modules@UModSys@@@tl@UModSys@@2USUniquePointer@core@3@A@@YAXXZ 10009c80 f    CIL library: CIL module
 0001:00008c90       ??__F?s_id@?$TObjectUniqueID@URMediaFilter@images_std@media@modules@UModSys@@@tl@UModSys@@2USUniquePointer@core@3@A@@YAXXZ 10009c90 f    CIL library: CIL module
 0001:00008ca0       ??__FM@UModSys@@YAXXZ      10009ca0 f    CIL library: CIL module
 0001:00008cb0       ??__F?root@SModuleRegChain@base@UModSys@@2U123@A@@YAXXZ 10009cb0 f    CIL library: CIL module
 0001:00008cc0       ??__F?s_library@RModuleLibraryReg_Chain@base@UModSys@@2U123@A@@YAXXZ 10009cc0 f    CIL library: CIL module
 0001:00008cd0       ??__F?root@SUniquePointer@core@UModSys@@2U123@A@@YAXXZ 10009cd0 f    CIL library: CIL module

 Exports

  ordinal    name

        1    _UModSys_Plugin_Entry2@0
