 plugin_test2

 Timestamp is 52d556a9 (Tue Jan 14 18:24:25 2014)

 Preferred load address is 10000000

 Start         Length     Name                   Class
 0001:00000000 00000f6cH .text                   CODE
 0001:00000f70 000001f1H .text$yc                CODE
 0001:00001170 0000010aH .text$yd                CODE
 0002:00000000 00000094H .idata$5                DATA
 0002:00000094 00000004H .CRT$XCA                DATA
 0002:00000098 00000090H .CRT$XCU                DATA
 0002:00000128 00000004H .CRT$XCZ                DATA
 0002:0000012c 00000004H .CRT$XIA                DATA
 0002:00000130 00000004H .CRT$XIAA               DATA
 0002:00000134 00000004H .CRT$XIZ                DATA
 0002:00000138 00000248H .rdata                  DATA
 0002:00000380 00000170H .rdata$r                DATA
 0002:000004f0 00000004H .rdata$sxdata           DATA
 0002:000004f4 00000004H .rtc$IAA                DATA
 0002:000004f8 00000004H .rtc$IZZ                DATA
 0002:000004fc 00000004H .rtc$TAA                DATA
 0002:00000500 00000004H .rtc$TZZ                DATA
 0002:00000508 000000a4H .xdata$x                DATA
 0002:000005ac 00000028H .idata$2                DATA
 0002:000005d4 00000014H .idata$3                DATA
 0002:000005e8 00000094H .idata$4                DATA
 0002:0000067c 000002d0H .idata$6                DATA
 0002:00000950 0000005cH .edata                  DATA
 0003:00000000 00000107H .data                   DATA
 0003:00000108 000004c0H .bss                    DATA

  Address         Publics by Value              Rva+Base       Lib:Object

 0000:00000001       ___safe_se_handler_count   00000001     <absolute>
 0000:00000000       ___ImageBase               10000000     <linker-defined>
 0001:00000000       ?do_open@RTest2_ModuleReg@test2@UModSys@@UAE_NXZ 10001000 f i plugin_test2.obj
 0001:00000020       ?do_close@RTest2_ModuleReg@test2@UModSys@@UAE_NXZ 10001020 f i plugin_test2.obj
 0001:00000040       ??_GRTest2_ModuleReg@test2@UModSys@@UAEPAXI@Z 10001040 f i plugin_test2.obj
 0001:00000040       ??_ERTest2_ModuleReg@test2@UModSys@@UAEPAXI@Z 10001040 f i  CIL library: CIL module
 0001:00000070       ??_ERModuleLibraryReg_Chain@base@UModSys@@UAEPAXI@Z 10001070 f i  CIL library: CIL module
 0001:00000070       ??_GRModuleLibraryReg_Chain@base@UModSys@@UAEPAXI@Z 10001070 f i umodsys_lib_base:umodsys.base.moduleregchain.obj
 0001:00000090       ??_EIModuleReg@base@UModSys@@UAEPAXI@Z 10001090 f i  CIL library: CIL module
 0001:00000090       ??_GIModuleReg@base@UModSys@@UAEPAXI@Z 10001090 f i umodsys_lib_base:umodsys.base.modulereg.obj
 0001:000000b0       ??_GIModuleLibraryReg@base@UModSys@@UAEPAXI@Z 100010b0 f i umodsys_lib_base:umodsys.base.modulereg.obj
 0001:000000b0       ??_EIModuleLibraryReg@base@UModSys@@UAEPAXI@Z 100010b0 f i  CIL library: CIL module
 0001:000000d0       ??$shash@D@su@tl@UModSys@@YAIPBDI@Z 100010d0 f i umodsys_lib_base:umodsys.base.moduleinfo.obj
 0001:00000105       __onexit                   10001105 f   MSVCRT:atonexit.obj
 0001:000001aa       _atexit                    100011aa f   MSVCRT:atonexit.obj
 0001:000001c2       ??3@YAXPAX@Z               100011c2 f   MSVCRT:MSVCR90.dll
 0001:000001c8       ??_Etype_info@@UAEPAXI@Z   100011c8 f i MSVCRT:ti_inst.obj
 0001:00000263       __CRT_INIT@12              10001263 f   MSVCRT:crtdll.obj
 0001:0000059f       __DllMainCRTStartup@12     1000159f f   MSVCRT:crtdll.obj
 0001:000005c2       __purecall                 100015c2 f   MSVCRT:MSVCR90.dll
 0001:000005c8       __unlock                   100015c8 f   MSVCRT:MSVCR90.dll
 0001:000005ce       ___dllonexit               100015ce f   MSVCRT:MSVCR90.dll
 0001:000005d4       __lock                     100015d4 f   MSVCRT:MSVCR90.dll
 0001:000005dc       __SEH_prolog4              100015dc f   MSVCRT:sehprolg4.obj
 0001:00000621       __SEH_epilog4              10001621 f   MSVCRT:sehprolg4.obj
 0001:00000635       __except_handler4          10001635 f   MSVCRT:chandler4gs.obj
 0001:0000065a       ?__ArrayUnwind@@YGXPAXIHP6EX0@Z@Z 1000165a f   MSVCRT:ehvecdtr.obj
 0001:000006b8       ??_M@YGXPAXIHP6EX0@Z@Z     100016b8 f   MSVCRT:ehvecdtr.obj
 0001:0000071b       ___clean_type_info_names   1000171b f   MSVCRT:tncleanup.obj
 0001:00000727       __RTC_Initialize           10001727 f   MSVCRT:_initsect_.obj
 0001:0000074d       __RTC_Terminate            1000174d f   MSVCRT:_initsect_.obj
 0001:00000780       __ValidateImageBase        10001780 f   MSVCRT:pesect.obj
 0001:000007c0       __FindPESection            100017c0 f   MSVCRT:pesect.obj
 0001:00000810       __IsNonwritableInCurrentImage 10001810 f   MSVCRT:pesect.obj
 0001:000008ce       __initterm                 100018ce f   MSVCRT:MSVCR90.dll
 0001:000008d4       __initterm_e               100018d4 f   MSVCRT:MSVCR90.dll
 0001:000008da       __amsg_exit                100018da f   MSVCRT:MSVCR90.dll
 0001:000008e0       ___CppXcptFilter           100018e0 f   MSVCRT:MSVCR90.dll
 0001:000008e6       _DllMain@12                100018e6 f   MSVCRT:dllmain.obj
 0001:0000090a       ___security_init_cookie    1000190a f   MSVCRT:gs_support.obj
 0001:000009a0       @__security_check_cookie@4 100019a0 f   MSVCRT:secchk.obj
 0001:000009b0       __except_handler4_common   100019b0 f   MSVCRT:MSVCR90.dll
 0001:000009b6       ?terminate@@YAXXZ          100019b6 f   MSVCRT:MSVCR90.dll
 0001:000009bc       ?_type_info_dtor_internal_method@type_info@@QAEXXZ 100019bc f   MSVCRT:MSVCR90.dll
 0001:000009bc       ??1type_info@@UAE@XZ       100019bc f   MSVCRT:MSVCR90.dll
 0001:000009c2       ___clean_type_info_names_internal 100019c2 f   MSVCRT:MSVCR90.dll
 0001:000009c8       ___report_gsfailure        100019c8 f   MSVCRT:gs_report.obj
 0001:00000ace       __crt_debugger_hook        10001ace f   MSVCRT:MSVCR90.dll
 0001:00000ae0       ?s_unresolve@SUniquePointer@core@UModSys@@SAXPAUIUniquePointerResolver@23@@Z 10001ae0 f   umodsys_lib_core:umodsys.core.uniqueptr.obj
 0001:00000b20       ?s_resolve@SUniquePointer@core@UModSys@@SAXPAUIUniquePointerResolver@23@@Z 10001b20 f   umodsys_lib_core:umodsys.core.uniqueptr.obj
 0001:00000b70       ??1SUniquePointer@core@UModSys@@QAE@XZ 10001b70 f   umodsys_lib_core:umodsys.core.uniqueptr.obj
 0001:00000ba0       ??0SUniquePointer@core@UModSys@@QAE@H@Z 10001ba0 f   umodsys_lib_core:umodsys.core.uniqueptr.obj
 0001:00000bc0       ??0SUniquePointer@core@UModSys@@QAE@PBD0H@Z 10001bc0 f   umodsys_lib_core:umodsys.core.uniqueptr.obj
 0001:00000c10       ??1SModuleInfo@base@UModSys@@QAE@XZ 10001c10 f   umodsys_lib_base:umodsys.base.moduleinfo.obj
 0001:00000c20       ??0SModuleInfo@base@UModSys@@QAE@PBDGG0K_J@Z 10001c20 f   umodsys_lib_base:umodsys.base.moduleinfo.obj
 0001:00000cb0       ??1IModuleLibraryReg@base@UModSys@@UAE@XZ 10001cb0 f   umodsys_lib_base:umodsys.base.modulereg.obj
 0001:00000cc0       ??0IModuleLibraryReg@base@UModSys@@QAE@XZ 10001cc0 f   umodsys_lib_base:umodsys.base.modulereg.obj
 0001:00000cd0       ?mr_close@IModuleReg@base@UModSys@@UAE_NXZ 10001cd0 f   umodsys_lib_base:umodsys.base.modulereg.obj
 0001:00000ce0       ?mr_open@IModuleReg@base@UModSys@@UAE_NXZ 10001ce0 f   umodsys_lib_base:umodsys.base.modulereg.obj
 0001:00000d00       ?mr_isopen@IModuleReg@base@UModSys@@UBE_NXZ 10001d00 f   umodsys_lib_base:umodsys.base.modulereg.obj
 0001:00000d10       ??1IModuleReg@base@UModSys@@UAE@XZ 10001d10 f   umodsys_lib_base:umodsys.base.modulereg.obj
 0001:00000d20       ??0IModuleReg@base@UModSys@@QAE@PBDGG0K_J@Z 10001d20 f   umodsys_lib_base:umodsys.base.modulereg.obj
 0001:00000d50       _UModSys_Plugin_Entry2@0   10001d50 f   umodsys_lib_base:umodsys.so_main.win32.obj
 0001:00000d60       ??1RModuleLibraryReg_Chain@base@UModSys@@UAE@XZ 10001d60 f   umodsys_lib_base:umodsys.base.moduleregchain.obj
 0001:00000d70       ??0RModuleLibraryReg_Chain@base@UModSys@@QAE@XZ 10001d70 f   umodsys_lib_base:umodsys.base.moduleregchain.obj
 0001:00000d90       ?s_get@SModuleRegChain@base@UModSys@@SAPAUIModuleReg@23@I@Z 10001d90 f   umodsys_lib_base:umodsys.base.moduleregchain.obj
 0001:00000dc0       ??1SModuleRegChain@base@UModSys@@QAE@XZ 10001dc0 f   umodsys_lib_base:umodsys.base.moduleregchain.obj
 0001:00000df0       ??0SModuleRegChain@base@UModSys@@QAE@AAUIModuleReg@12@@Z 10001df0 f   umodsys_lib_base:umodsys.base.moduleregchain.obj
 0001:00000e30       ?mlr_isopen@RModuleLibraryReg_Chain@base@UModSys@@UBE_NXZ 10001e30 f   umodsys_lib_base:umodsys.base.moduleregchain.obj
 0001:00000e40       ?mlr_close@RModuleLibraryReg_Chain@base@UModSys@@UAE_NXZ 10001e40 f   umodsys_lib_base:umodsys.base.moduleregchain.obj
 0001:00000e70       ?mlr_open@RModuleLibraryReg_Chain@base@UModSys@@UAE_NPAUISystem@23@PAUIMemAlloc@core@3@@Z 10001e70 f   umodsys_lib_base:umodsys.base.moduleregchain.obj
 0001:00000ea0       ?mlr_get@RModuleLibraryReg_Chain@base@UModSys@@UBEPAUIModuleReg@23@I@Z 10001ea0 f   umodsys_lib_base:umodsys.base.moduleregchain.obj
 0001:00000eb0       ?mlr_count@RModuleLibraryReg_Chain@base@UModSys@@UBEIXZ 10001eb0 f   umodsys_lib_base:umodsys.base.moduleregchain.obj
 0001:00000ed0       ??0SModuleRegChain@base@UModSys@@QAE@H@Z 10001ed0 f   umodsys_lib_base:umodsys.base.moduleregchain.obj
 0001:00000ee0       ?Link@SModuleContext@base@UModSys@@QAEXPAUISystem@23@PAUIMemAlloc@core@3@@Z 10001ee0 f   umodsys_lib_base:umodsys.base.modulecontext.obj
 0001:00000f40       ??1SModuleContext@base@UModSys@@QAE@XZ 10001f40 f   umodsys_lib_base:umodsys.base.modulecontext.obj
 0001:00000f50       ??0SModuleContext@base@UModSys@@QAE@XZ 10001f50 f   umodsys_lib_base:umodsys.base.modulecontext.obj
 0002:00000000       __imp__SetUnhandledExceptionFilter@4 10003000     kernel32:KERNEL32.dll
 0002:00000004       __imp__UnhandledExceptionFilter@4 10003004     kernel32:KERNEL32.dll
 0002:00000008       __imp__GetCurrentProcess@0 10003008     kernel32:KERNEL32.dll
 0002:0000000c       __imp__TerminateProcess@8  1000300c     kernel32:KERNEL32.dll
 0002:00000010       __imp__GetSystemTimeAsFileTime@4 10003010     kernel32:KERNEL32.dll
 0002:00000014       __imp__GetCurrentProcessId@0 10003014     kernel32:KERNEL32.dll
 0002:00000018       __imp__GetCurrentThreadId@0 10003018     kernel32:KERNEL32.dll
 0002:0000001c       __imp__GetTickCount@0      1000301c     kernel32:KERNEL32.dll
 0002:00000020       __imp__QueryPerformanceCounter@4 10003020     kernel32:KERNEL32.dll
 0002:00000024       __imp__DisableThreadLibraryCalls@4 10003024     kernel32:KERNEL32.dll
 0002:00000028       __imp__InterlockedCompareExchange@12 10003028     kernel32:KERNEL32.dll
 0002:0000002c       __imp__Sleep@4             1000302c     kernel32:KERNEL32.dll
 0002:00000030       __imp__InterlockedExchange@8 10003030     kernel32:KERNEL32.dll
 0002:00000034       __imp__IsDebuggerPresent@0 10003034     kernel32:KERNEL32.dll
 0002:00000038       \177KERNEL32_NULL_THUNK_DATA 10003038     kernel32:KERNEL32.dll
 0002:0000003c       __imp____CppXcptFilter     1000303c     MSVCRT:MSVCR90.dll
 0002:00000040       __imp___except_handler4_common 10003040     MSVCRT:MSVCR90.dll
 0002:00000044       __imp___adjust_fdiv        10003044     MSVCRT:MSVCR90.dll
 0002:00000048       __imp_?_type_info_dtor_internal_method@type_info@@QAEXXZ 10003048     MSVCRT:MSVCR90.dll
 0002:0000004c       __imp____clean_type_info_names_internal 1000304c     MSVCRT:MSVCR90.dll
 0002:00000050       __imp___crt_debugger_hook  10003050     MSVCRT:MSVCR90.dll
 0002:00000054       __imp___amsg_exit          10003054     MSVCRT:MSVCR90.dll
 0002:00000058       __imp___initterm_e         10003058     MSVCRT:MSVCR90.dll
 0002:0000005c       __imp___initterm           1000305c     MSVCRT:MSVCR90.dll
 0002:00000060       __imp___encoded_null       10003060     MSVCRT:MSVCR90.dll
 0002:00000064       __imp__free                10003064     MSVCRT:MSVCR90.dll
 0002:00000068       __imp___malloc_crt         10003068     MSVCRT:MSVCR90.dll
 0002:0000006c       __imp___decode_pointer     1000306c     MSVCRT:MSVCR90.dll
 0002:00000070       __imp___onexit             10003070     MSVCRT:MSVCR90.dll
 0002:00000074       __imp___lock               10003074     MSVCRT:MSVCR90.dll
 0002:00000078       __imp___encode_pointer     10003078     MSVCRT:MSVCR90.dll
 0002:0000007c       __imp____dllonexit         1000307c     MSVCRT:MSVCR90.dll
 0002:00000080       __imp___unlock             10003080     MSVCRT:MSVCR90.dll
 0002:00000084       __imp___purecall           10003084     MSVCRT:MSVCR90.dll
 0002:00000088       __imp_?terminate@@YAXXZ    10003088     MSVCRT:MSVCR90.dll
 0002:0000008c       __imp_??3@YAXPAX@Z         1000308c     MSVCRT:MSVCR90.dll
 0002:00000090       \177MSVCR90_NULL_THUNK_DATA 10003090     MSVCRT:MSVCR90.dll
 0002:00000094       ___xc_a                    10003094     MSVCRT:cinitexe.obj
 0002:00000128       ___xc_z                    10003128     MSVCRT:cinitexe.obj
 0002:0000012c       ___xi_a                    1000312c     MSVCRT:cinitexe.obj
 0002:00000134       ___xi_z                    10003134     MSVCRT:cinitexe.obj
 0002:0000013c       ??_7type_info@@6B@         1000313c     MSVCRT:ti_inst.obj
 0002:00000140       __pDefaultRawDllMain       10003140     MSVCRT:crtdll.obj
 0002:00000140       __pRawDllMain              10003140     MSVCRT:crtdll.obj
 0002:0000014c       ??_C@_0P@GHFPNOJB@bad?5allocation?$AA@ 1000314c     plugin_test2.obj
 0002:0000015c       ??_C@_0BF@OCNNAADO@UModSys?3?3core?3?3IRoot?$AA@ 1000315c     plugin_test2.obj
 0002:00000174       ??_C@_0BK@EMIJFOPA@UModSys?3?3core?3?3IRefObject?$AA@ 10003174     plugin_test2.obj
 0002:00000190       ??_C@_0BL@IOMMHELF@UModSys?3?3core?3?3IParameters?$AA@ 10003190     plugin_test2.obj
 0002:000001ac       ??_C@_0BI@IKAOEFAP@UModSys?3?3base?3?3IConsole?$AA@ 100031ac     plugin_test2.obj
 0002:000001c4       ??_C@_0BH@LKDEEPPM@UModSys?3?3base?3?3IModule?$AA@ 100031c4     plugin_test2.obj
 0002:000001dc       ??_C@_0BO@PHJOHFCB@UModSys?3?3base?3?3IModuleLibrary?$AA@ 100031dc     plugin_test2.obj
 0002:000001fc       ??_C@_0BH@PFCONEJJ@UModSys?3?3base?3?3ISystem?$AA@ 100031fc     plugin_test2.obj
 0002:00000214       ??_C@_0BK@FDPIOPHG@UModSys?3?3base?3?3IModObject?$AA@ 10003214     plugin_test2.obj
 0002:00000230       ??_C@_0BK@OIBKNCKJ@UModSys?3?3base?3?3IGenerator?$AA@ 10003230     plugin_test2.obj
 0002:0000024c       ??_C@_0BG@PJBGCMEC@UModSys?3?3base?3?3IShell?$AA@ 1000324c     plugin_test2.obj
 0002:00000264       ??_C@_0BA@EFKDNKNF@Test?52?5?9?5module?$AA@ 10003264     plugin_test2.obj
 0002:00000274       ??_C@_0N@HFAGMDLL@tests?3?3test2?$AA@ 10003274     plugin_test2.obj
 0002:00000284       ??_C@_0BK@MDJCNGKO@RTest2_ModuleReg?3?3open?$CI?$CJ?6?$AA@ 10003284     plugin_test2.obj
 0002:000002a0       ??_C@_0BL@DPIOGOOM@RTest2_ModuleReg?3?3close?$CI?$CJ?6?$AA@ 100032a0     plugin_test2.obj
 0002:000002bc       ??_C@_08FCBDOIAH@typeinfo?$AA@ 100032bc     plugin_test2.obj
 0002:000002cc       ??_7RTest2_ModuleReg@test2@UModSys@@6B@ 100032cc     plugin_test2.obj
 0002:000002e8       ??_7RModuleLibraryReg_Chain@base@UModSys@@6B@ 100032e8     umodsys_lib_base:umodsys.base.moduleregchain.obj
 0002:00000304       ??_7IModuleReg@base@UModSys@@6B@ 10003304     umodsys_lib_base:umodsys.base.modulereg.obj
 0002:00000320       ??_7IModuleLibraryReg@base@UModSys@@6B@ 10003320     umodsys_lib_base:umodsys.base.modulereg.obj
 0002:00000338       __load_config_used         10003338     MSVCRT:loadcfg.obj
 0002:00000380       ??_R4type_info@@6B@        10003380     MSVCRT:ti_inst.obj
 0002:00000394       ??_R3type_info@@8          10003394     MSVCRT:ti_inst.obj
 0002:000003a4       ??_R2type_info@@8          100033a4     MSVCRT:ti_inst.obj
 0002:000003ac       ??_R1A@?0A@EA@type_info@@8 100033ac     MSVCRT:ti_inst.obj
 0002:000003c8       ??_R4RTest2_ModuleReg@test2@UModSys@@6B@ 100033c8     plugin_test2.obj
 0002:000003dc       ??_R3RTest2_ModuleReg@test2@UModSys@@8 100033dc     plugin_test2.obj
 0002:000003ec       ??_R2RTest2_ModuleReg@test2@UModSys@@8 100033ec     plugin_test2.obj
 0002:000003f8       ??_R1A@?0A@EA@IModuleReg@base@UModSys@@8 100033f8     plugin_test2.obj
 0002:00000414       ??_R3IModuleReg@base@UModSys@@8 10003414     plugin_test2.obj
 0002:00000424       ??_R2IModuleReg@base@UModSys@@8 10003424     plugin_test2.obj
 0002:0000042c       ??_R1A@?0A@EA@RTest2_ModuleReg@test2@UModSys@@8 1000342c     plugin_test2.obj
 0002:00000448       ??_R4RModuleLibraryReg_Chain@base@UModSys@@6B@ 10003448     umodsys_lib_base:umodsys.base.moduleregchain.obj
 0002:0000045c       ??_R3RModuleLibraryReg_Chain@base@UModSys@@8 1000345c     umodsys_lib_base:umodsys.base.moduleregchain.obj
 0002:0000046c       ??_R2RModuleLibraryReg_Chain@base@UModSys@@8 1000346c     umodsys_lib_base:umodsys.base.moduleregchain.obj
 0002:00000478       ??_R1A@?0A@EA@IModuleLibraryReg@base@UModSys@@8 10003478     umodsys_lib_base:umodsys.base.moduleregchain.obj
 0002:00000494       ??_R3IModuleLibraryReg@base@UModSys@@8 10003494     umodsys_lib_base:umodsys.base.moduleregchain.obj
 0002:000004a4       ??_R2IModuleLibraryReg@base@UModSys@@8 100034a4     umodsys_lib_base:umodsys.base.moduleregchain.obj
 0002:000004ac       ??_R1A@?0A@EA@RModuleLibraryReg_Chain@base@UModSys@@8 100034ac     umodsys_lib_base:umodsys.base.moduleregchain.obj
 0002:000004c8       ??_R4IModuleLibraryReg@base@UModSys@@6B@ 100034c8     umodsys_lib_base:umodsys.base.modulereg.obj
 0002:000004dc       ??_R4IModuleReg@base@UModSys@@6B@ 100034dc     umodsys_lib_base:umodsys.base.modulereg.obj
 0002:000004f0       ___safe_se_handler_table   100034f0     <linker-defined>
 0002:000004f4       ___rtc_iaa                 100034f4     MSVCRT:_initsect_.obj
 0002:000004f8       ___rtc_izz                 100034f8     MSVCRT:_initsect_.obj
 0002:000004fc       ___rtc_taa                 100034fc     MSVCRT:_initsect_.obj
 0002:00000500       ___rtc_tzz                 10003500     MSVCRT:_initsect_.obj
 0002:000005ac       __IMPORT_DESCRIPTOR_MSVCR90 100035ac     MSVCRT:MSVCR90.dll
 0002:000005c0       __IMPORT_DESCRIPTOR_KERNEL32 100035c0     kernel32:KERNEL32.dll
 0002:000005d4       __NULL_IMPORT_DESCRIPTOR   100035d4     MSVCRT:MSVCR90.dll
 0003:00000000       ??_R0?AVtype_info@@@8      10004000     MSVCRT:ti_inst.obj
 0003:00000018       ___native_dllmain_reason   10004018     MSVCRT:natstart.obj
 0003:0000001c       ___native_vcclrit_reason   1000401c     MSVCRT:natstart.obj
 0003:00000020       ___security_cookie         10004020     MSVCRT:gs_cookie.obj
 0003:00000024       ___security_cookie_complement 10004024     MSVCRT:gs_cookie.obj
 0003:00000028       ??_R0?AUIModuleReg@base@UModSys@@@8 10004028     plugin_test2.obj
 0003:00000050       ??_R0?AURTest2_ModuleReg@test2@UModSys@@@8 10004050     plugin_test2.obj
 0003:00000094       ?so_entry_enabled_flag@base@UModSys@@3HA 10004094     umodsys_lib_base:umodsys.so_main.win32.obj
 0003:000000a4       ??_R0?AUIModuleLibraryReg@base@UModSys@@@8 100040a4     umodsys_lib_base:umodsys.base.moduleregchain.obj
 0003:000000d4       ??_R0?AURModuleLibraryReg_Chain@base@UModSys@@@8 100040d4     umodsys_lib_base:umodsys.base.moduleregchain.obj
 0003:0000010c       __forceCRTManifestRTM      1000410c     MSVCRT:crtmanifestrtm.obj
 0003:00000110       ?__type_info_root_node@@3U__type_info_node@@A 10004110     MSVCRT:tncleanup.obj
 0003:0000043c       ?s_id@?$TObjectUniqueID@UIRefObject@core@UModSys@@@tl@UModSys@@2USUniquePointer@core@3@A 1000443c     plugin_test2.obj
 0003:00000454       ?s_id@?$TObjectUniqueID@UIRoot@core@UModSys@@@tl@UModSys@@2USUniquePointer@core@3@A 10004454     plugin_test2.obj
 0003:0000046c       ?s_id@?$TObjectUniqueID@UIModule@base@UModSys@@@tl@UModSys@@2USUniquePointer@core@3@A 1000446c     plugin_test2.obj
 0003:00000484       ?s_id@?$TObjectUniqueID@UIGenerator@base@UModSys@@@tl@UModSys@@2USUniquePointer@core@3@A 10004484     plugin_test2.obj
 0003:000004a0       ?s_modreg@RTest2_ModuleReg@test2@UModSys@@2U123@A 100044a0     plugin_test2.obj
 0003:000004d8       ?s_modreg_chain@RTest2_ModuleReg@test2@UModSys@@2USModuleRegChain@base@3@A 100044d8     plugin_test2.obj
 0003:000004e4       ?M@UModSys@@3USModuleContext@base@1@A 100044e4     umodsys_lib_base:umodsys.base.modulecontext.obj
 0003:000004f8       ?s_library@RModuleLibraryReg_Chain@base@UModSys@@2U123@A 100044f8     umodsys_lib_base:umodsys.base.moduleregchain.obj
 0003:000004fc       ?root@SModuleRegChain@base@UModSys@@2U123@A 100044fc     umodsys_lib_base:umodsys.base.moduleregchain.obj
 0003:00000508       ?root@SUniquePointer@core@UModSys@@2U123@A 10004508     umodsys_lib_core:umodsys.core.uniqueptr.obj
 0003:00000520       ?s_id@?$TObjectUniqueID@UIModuleLibrary@base@UModSys@@@tl@UModSys@@2USUniquePointer@core@3@A 10004520     plugin_test2.obj
 0003:00000538       ?s_id@?$TObjectUniqueID@UIParameters@core@UModSys@@@tl@UModSys@@2USUniquePointer@core@3@A 10004538     plugin_test2.obj
 0003:00000550       ?s_id@?$TObjectUniqueID@UISystem@base@UModSys@@@tl@UModSys@@2USUniquePointer@core@3@A 10004550     plugin_test2.obj
 0003:00000568       ?s_id@?$TObjectUniqueID@UIModObject@base@UModSys@@@tl@UModSys@@2USUniquePointer@core@3@A 10004568     plugin_test2.obj
 0003:00000580       ?s_id@?$TObjectUniqueID@UIShell@base@UModSys@@@tl@UModSys@@2USUniquePointer@core@3@A 10004580     plugin_test2.obj
 0003:00000598       ?s_id@?$TObjectUniqueID@UIConsole@base@UModSys@@@tl@UModSys@@2USUniquePointer@core@3@A 10004598     plugin_test2.obj
 0003:000005b0       __adjust_fdiv              100045b0     <common>
 0003:000005b4       ___native_startup_state    100045b4     <common>
 0003:000005b8       ___native_startup_lock     100045b8     <common>
 0003:000005bc       ___dyn_tls_init_callback   100045bc     <common>
 0003:000005c0       ___onexitend               100045c0     <common>
 0003:000005c4       ___onexitbegin             100045c4     <common>

 entry point at        0001:0000059f

 Static symbols

 0001:00000214       _pre_c_init                10001214 f   MSVCRT:crtdll.obj
 0001:00000489       ___DllMainCRTStartup       10001489 f   MSVCRT:crtdll.obj
 0001:00000f70       ??__E?s_modreg@RTest2_ModuleReg@test2@UModSys@@2U123@A@@YAXXZ 10001f70 f    CIL library: CIL module
 0001:00000f90       ??__E?s_modreg_chain@RTest2_ModuleReg@test2@UModSys@@2USModuleRegChain@base@3@A@@YAXXZ 10001f90 f    CIL library: CIL module
 0001:00000fb0       ??__E?s_id@?$TObjectUniqueID@UIRoot@core@UModSys@@@tl@UModSys@@2USUniquePointer@core@3@A@@YAXXZ 10001fb0 f    CIL library: CIL module
 0001:00000fd0       ??__E?s_id@?$TObjectUniqueID@UIRefObject@core@UModSys@@@tl@UModSys@@2USUniquePointer@core@3@A@@YAXXZ 10001fd0 f    CIL library: CIL module
 0001:00000ff0       ??__E?s_id@?$TObjectUniqueID@UIParameters@core@UModSys@@@tl@UModSys@@2USUniquePointer@core@3@A@@YAXXZ 10001ff0 f    CIL library: CIL module
 0001:00001010       ??__E?s_id@?$TObjectUniqueID@UIConsole@base@UModSys@@@tl@UModSys@@2USUniquePointer@core@3@A@@YAXXZ 10002010 f    CIL library: CIL module
 0001:00001030       ??__E?s_id@?$TObjectUniqueID@UIModule@base@UModSys@@@tl@UModSys@@2USUniquePointer@core@3@A@@YAXXZ 10002030 f    CIL library: CIL module
 0001:00001050       ??__E?s_id@?$TObjectUniqueID@UIModuleLibrary@base@UModSys@@@tl@UModSys@@2USUniquePointer@core@3@A@@YAXXZ 10002050 f    CIL library: CIL module
 0001:00001070       ??__E?s_id@?$TObjectUniqueID@UISystem@base@UModSys@@@tl@UModSys@@2USUniquePointer@core@3@A@@YAXXZ 10002070 f    CIL library: CIL module
 0001:00001090       ??__E?s_id@?$TObjectUniqueID@UIModObject@base@UModSys@@@tl@UModSys@@2USUniquePointer@core@3@A@@YAXXZ 10002090 f    CIL library: CIL module
 0001:000010b0       ??__E?s_id@?$TObjectUniqueID@UIGenerator@base@UModSys@@@tl@UModSys@@2USUniquePointer@core@3@A@@YAXXZ 100020b0 f    CIL library: CIL module
 0001:000010d0       ??__E?s_id@?$TObjectUniqueID@UIShell@base@UModSys@@@tl@UModSys@@2USUniquePointer@core@3@A@@YAXXZ 100020d0 f    CIL library: CIL module
 0001:000010f0       ??__EM@UModSys@@YAXXZ      100020f0 f    CIL library: CIL module
 0001:00001110       ??__E?root@SModuleRegChain@base@UModSys@@2U123@A@@YAXXZ 10002110 f    CIL library: CIL module
 0001:00001130       ??__E?s_library@RModuleLibraryReg_Chain@base@UModSys@@2U123@A@@YAXXZ 10002130 f    CIL library: CIL module
 0001:00001150       ??__E?root@SUniquePointer@core@UModSys@@2U123@A@@YAXXZ 10002150 f    CIL library: CIL module
 0001:00001170       ??__F?s_modreg@RTest2_ModuleReg@test2@UModSys@@2U123@A@@YAXXZ 10002170 f    CIL library: CIL module
 0001:00001190       ??__F?s_modreg_chain@RTest2_ModuleReg@test2@UModSys@@2USModuleRegChain@base@3@A@@YAXXZ 10002190 f    CIL library: CIL module
 0001:000011a0       ??__F?s_id@?$TObjectUniqueID@UIShell@base@UModSys@@@tl@UModSys@@2USUniquePointer@core@3@A@@YAXXZ 100021a0 f    CIL library: CIL module
 0001:000011b0       ??__F?s_id@?$TObjectUniqueID@UIGenerator@base@UModSys@@@tl@UModSys@@2USUniquePointer@core@3@A@@YAXXZ 100021b0 f    CIL library: CIL module
 0001:000011c0       ??__F?s_id@?$TObjectUniqueID@UIModObject@base@UModSys@@@tl@UModSys@@2USUniquePointer@core@3@A@@YAXXZ 100021c0 f    CIL library: CIL module
 0001:000011d0       ??__F?s_id@?$TObjectUniqueID@UISystem@base@UModSys@@@tl@UModSys@@2USUniquePointer@core@3@A@@YAXXZ 100021d0 f    CIL library: CIL module
 0001:000011e0       ??__F?s_id@?$TObjectUniqueID@UIModuleLibrary@base@UModSys@@@tl@UModSys@@2USUniquePointer@core@3@A@@YAXXZ 100021e0 f    CIL library: CIL module
 0001:000011f0       ??__F?s_id@?$TObjectUniqueID@UIModule@base@UModSys@@@tl@UModSys@@2USUniquePointer@core@3@A@@YAXXZ 100021f0 f    CIL library: CIL module
 0001:00001200       ??__F?s_id@?$TObjectUniqueID@UIConsole@base@UModSys@@@tl@UModSys@@2USUniquePointer@core@3@A@@YAXXZ 10002200 f    CIL library: CIL module
 0001:00001210       ??__F?s_id@?$TObjectUniqueID@UIParameters@core@UModSys@@@tl@UModSys@@2USUniquePointer@core@3@A@@YAXXZ 10002210 f    CIL library: CIL module
 0001:00001220       ??__F?s_id@?$TObjectUniqueID@UIRefObject@core@UModSys@@@tl@UModSys@@2USUniquePointer@core@3@A@@YAXXZ 10002220 f    CIL library: CIL module
 0001:00001230       ??__F?s_id@?$TObjectUniqueID@UIRoot@core@UModSys@@@tl@UModSys@@2USUniquePointer@core@3@A@@YAXXZ 10002230 f    CIL library: CIL module
 0001:00001240       ??__FM@UModSys@@YAXXZ      10002240 f    CIL library: CIL module
 0001:00001250       ??__F?root@SModuleRegChain@base@UModSys@@2U123@A@@YAXXZ 10002250 f    CIL library: CIL module
 0001:00001260       ??__F?s_library@RModuleLibraryReg_Chain@base@UModSys@@2U123@A@@YAXXZ 10002260 f    CIL library: CIL module
 0001:00001270       ??__F?root@SUniquePointer@core@UModSys@@2U123@A@@YAXXZ 10002270 f    CIL library: CIL module

 Exports

  ordinal    name

        1    _UModSys_Plugin_Entry2@0
