 plugin_test1

 Timestamp is 52a71f1e (Tue Dec 10 17:03:10 2013)

 Preferred load address is 10000000

 Start         Length     Name                   Class
 0001:00000000 000149aaH .text                   CODE
 0001:000149b0 000009c8H .text$x                 CODE
 0001:00015380 000010c1H .text$yc                CODE
 0001:00016450 000006caH .text$yd                CODE
 0002:00000000 000001d0H .idata$5                DATA
 0002:000001d0 00000004H .CRT$XCA                DATA
 0002:000001d4 000007ccH .CRT$XCU                DATA
 0002:000009a0 00000004H .CRT$XCZ                DATA
 0002:000009a4 00000004H .CRT$XIA                DATA
 0002:000009a8 00000004H .CRT$XIAA               DATA
 0002:000009ac 00000004H .CRT$XIC                DATA
 0002:000009b0 00000004H .CRT$XIZ                DATA
 0002:000009b8 000021b0H .rdata                  DATA
 0002:00002b68 0000174cH .rdata$r                DATA
 0002:000042c0 000000f8H .rdata$sxdata           DATA
 0002:000043b8 00000004H .rtc$IAA                DATA
 0002:000043bc 00000004H .rtc$IZZ                DATA
 0002:000043c0 00000004H .rtc$TAA                DATA
 0002:000043c4 00000004H .rtc$TZZ                DATA
 0002:000043c8 00000e0cH .xdata$x                DATA
 0002:000051d4 00000064H .idata$2                DATA
 0002:00005238 00000014H .idata$3                DATA
 0002:0000524c 000001d0H .idata$4                DATA
 0002:0000541c 00000880H .idata$6                DATA
 0002:00005ca0 0000005cH .edata                  DATA
 0003:00000000 00000dd0H .data                   DATA
 0003:00000dd0 0000149cH .bss                    DATA

  Address         Publics by Value              Rva+Base       Lib:Object

 0000:00000000       __except_list              00000000     <absolute>
 0000:0000003e       ___safe_se_handler_count   0000003e     <absolute>
 0000:00009876       __ldused                   00009876     <absolute>
 0000:00009876       __fltused                  00009876     <absolute>
 0000:00000000       ___ImageBase               10000000     <linker-defined>
 0001:00000000       ??4SCMemShared@core@UModSys@@QAEABU012@ABUSMemShared@12@@Z 10001000 f i plugin_test1.obj
 0001:00000030       ??3IRoot@core@UModSys@@SAXPAXABUSIMemAlloc@12@@Z 10001030 f i plugin_test1.obj
 0001:00000040       ??$seq@D@su@tl@UModSys@@YA_NPBD0@Z 10001040 f i plugin_test1.obj
 0001:00000080       ??1SParameters@core@UModSys@@QAE@XZ 10001080 f i plugin_test1.obj
 0001:00000080       ??1?$TParametersA@$0BAA@@core@UModSys@@QAE@XZ 10001080 f i umodsys_lib_libui:umodsys.mod.ui.SDL_core.obj
 0001:00000080       ??1?$TParametersA@$0EAA@@core@UModSys@@QAE@XZ 10001080 f i plugin_test1.obj
 0001:00000090       ?bin_reader@ILibrary@libmedia@UModSys@@QAE?AU?$TRefObject@UIStreamReader@libmedia@UModSys@@U?$TRefObjectFunc@UIStreamReader@libmedia@UModSys@@@tl@3@@tl@3@ABU?$TString@U?$TSCoreConst@D@su@tl@UModSys@@U?$TComparerBinaryHash@D@234@@53@ABU?$TFlags4State@USMediaFlagUid@libmedia@UModSys@@I@53@@Z 10001090 f i plugin_test1.obj
 0001:000000d0       ?bin_writer@ILibrary@libmedia@UModSys@@QAE?AU?$TRefObject@UIStreamWriter@libmedia@UModSys@@U?$TRefObjectFunc@UIStreamWriter@libmedia@UModSys@@@tl@3@@tl@3@ABU?$TString@U?$TSCoreConst@D@su@tl@UModSys@@U?$TComparerBinaryHash@D@234@@53@ABU?$TFlags4State@USMediaFlagUid@libmedia@UModSys@@I@53@@Z 100010d0 f i plugin_test1.obj
 0001:00000110       ?obj_load@ILibrary@libmedia@UModSys@@QAE_NABU?$TString@U?$TSCoreConst@D@su@tl@UModSys@@U?$TComparerBinaryHash@D@234@@tl@3@PAUIRefObject@core@3@0PBUSParameters@73@ABU?$TFlags4State@USMediaFlagUid@libmedia@UModSys@@I@53@@Z 10001110 f i plugin_test1.obj
 0001:00000170       ?obj_save@ILibrary@libmedia@UModSys@@QAE_NABU?$TString@U?$TSCoreConst@D@su@tl@UModSys@@U?$TComparerBinaryHash@D@234@@tl@3@PBUIRefObject@core@3@0PBUSParameters@73@ABU?$TFlags4State@USMediaFlagUid@libmedia@UModSys@@I@53@@Z 10001170 f i plugin_test1.obj
 0001:000001d0       ?mount_add@ILibraryBinTree@libmedia@UModSys@@QAE_NABU?$TString@U?$TSCoreConst@D@su@tl@UModSys@@U?$TComparerBinaryHash@D@234@@tl@3@PAUIBinArchive@23@H@Z 100011d0 f i plugin_test1.obj
 0001:00000270       ?mount_add@ILibraryBinTree@libmedia@UModSys@@QAE_NABU?$TString@U?$TSCoreConst@D@su@tl@UModSys@@U?$TComparerBinaryHash@D@234@@tl@3@HPAUIBinArchive@23@H@Z 10001270 f i plugin_test1.obj
 0001:00000310       ??1SPoint@ILibraryBinTree@libmedia@UModSys@@QAE@XZ 10001310 f i plugin_test1.obj
 0001:00000310       ??1SLayer@ILibraryLayered@libmedia@UModSys@@QAE@XZ 10001310 f i plugin_test1.obj
 0001:00000330       ?layer_push@ILibraryLayered@libmedia@UModSys@@QAE_NPAUILibrary@23@HABU?$TString@U?$TSCoreConst@D@su@tl@UModSys@@U?$TComparerBinaryHash@D@234@@tl@3@@Z 10001330 f i plugin_test1.obj
 0001:000003c0       ?s@SFrameDataOut@libui@UModSys@@QBEXQBD@Z 100013c0 f i plugin_test1.obj
 0001:00000400       ??_GIRoot@core@UModSys@@UAEPAXI@Z 10001400 f i plugin_test1.obj
 0001:00000400       ??_EIRoot@core@UModSys@@UAEPAXI@Z 10001400 f i  CIL library: CIL module
 0001:00000420       ?root_get_interface_info@RTest1_Shell@test1@test@modules@UModSys@@UBEABUSUniquePointerInfo@core@5@XZ 10001420 f i plugin_test1.obj
 0001:00000430       ?root_get_interface_type@RTest1_Shell@test1@test@modules@UModSys@@UBEPBUSUniquePointerInfo@core@5@XZ 10001430 f i plugin_test1.obj
 0001:00000440       ?root_get_other_interface@RTest1_Shell@test1@test@modules@UModSys@@UBEPBUIRoot@core@5@PBUSUniquePointerInfo@75@@Z 10001440 f i plugin_test1.obj
 0001:00000440       ?root_get_other_interface@RTest1_Shell@test1@test@modules@UModSys@@UAEPAUIRoot@core@5@PBUSUniquePointerInfo@75@@Z 10001440 f i plugin_test1.obj
 0001:00000470       ?root_is_interface_supported@RTest1_Shell@test1@test@modules@UModSys@@UBE_NPBUSUniquePointerInfo@core@5@@Z 10001470 f i plugin_test1.obj
 0001:000004b0       ?ref_add@RTest1_Shell@test1@test@modules@UModSys@@UBEXXZ 100014b0 f i plugin_test1.obj
 0001:000004c0       ?ref_remove@RTest1_Shell@test1@test@modules@UModSys@@UBEXXZ 100014c0 f i plugin_test1.obj
 0001:000004d0       ?ref_links@RTest1_Shell@test1@test@modules@UModSys@@UBEHXZ 100014d0 f i plugin_test1.obj
 0001:000004e0       ?ref_weak@RTest1_Shell@test1@test@modules@UModSys@@UBE_NAAUWeakPointer@IRefObject@core@5@@Z 100014e0 f i plugin_test1.obj
 0001:00000500       ?suicide@RTest1_Shell@test1@test@modules@UModSys@@UAEXXZ 10001500 f i plugin_test1.obj
 0001:00000510       ??0RTest1_Shell@test1@test@modules@UModSys@@QAE@PAUIModObject@base@4@@Z 10001510 f i plugin_test1.obj
 0001:00000650       ??1RTest1_Shell@test1@test@modules@UModSys@@UAE@XZ 10001650 f i plugin_test1.obj
 0001:00000700       ?connect@RTest1_Shell@test1@test@modules@UModSys@@UAE_NXZ 10001700 f i plugin_test1.obj
 0001:00000720       ?disconnect@RTest1_Shell@test1@test@modules@UModSys@@UAE_NXZ 10001720 f i plugin_test1.obj
 0001:00000740       ?process_tick@RTest1_Shell@test1@test@modules@UModSys@@UAE_NABUSTimeMsec@core@5@@Z 10001740 f i plugin_test1.obj
 0001:00000770       ?process_command@RTest1_Shell@test1@test@modules@UModSys@@UAE_NHQBU?$TString@U?$TSCoreConst@D@su@tl@UModSys@@U?$TComparerBinaryHash@D@234@@tl@5@@Z 10001770 f i plugin_test1.obj
 0001:000007a0       ??_ERTest1_Shell@test1@test@modules@UModSys@@UAEPAXI@Z 100017a0 f i  CIL library: CIL module
 0001:000007a0       ??_GRTest1_Shell@test1@test@modules@UModSys@@UAEPAXI@Z 100017a0 f i plugin_test1.obj
 0001:000007c0       ?get_generated_names@RGenerator@test1@test@modules@UModSys@@UBEHAAUSUniquePtrList@core@5@@Z 100017c0 f i plugin_test1.obj
 0001:000007e0       ?get_generated_types@RGenerator@test1@test@modules@UModSys@@UBEHAAUSUniquePtrList@core@5@PBUSUniquePointerInfo@75@@Z 100017e0 f i plugin_test1.obj
 0001:00000830       ?generate@RGenerator@test1@test@modules@UModSys@@UAE_NAAU?$TRefObject@UIRefObject@core@UModSys@@U?$TRefObjectFunc@UIRefObject@core@UModSys@@@tl@3@@tl@5@PBUSUniquePointerInfo@core@5@ABUSParameters@95@@Z 10001830 f i plugin_test1.obj
 0001:000008f0       ?root_get_interface_info@RGenerator@test1@test@modules@UModSys@@UBEABUSUniquePointerInfo@core@5@XZ 100018f0 f i plugin_test1.obj
 0001:00000900       ?root_get_interface_type@RGenerator@test1@test@modules@UModSys@@UBEPBUSUniquePointerInfo@core@5@XZ 10001900 f i plugin_test1.obj
 0001:00000910       ?root_get_other_interface@RGenerator@test1@test@modules@UModSys@@UAEPAUIRoot@core@5@PBUSUniquePointerInfo@75@@Z 10001910 f i plugin_test1.obj
 0001:00000910       ?root_get_other_interface@RGenerator@test1@test@modules@UModSys@@UBEPBUIRoot@core@5@PBUSUniquePointerInfo@75@@Z 10001910 f i plugin_test1.obj
 0001:00000950       ?root_is_interface_supported@RGenerator@test1@test@modules@UModSys@@UBE_NPBUSUniquePointerInfo@core@5@@Z 10001950 f i plugin_test1.obj
 0001:00000990       ?get_uid@RGenerator@test1@test@modules@UModSys@@UBEPBUSUniquePointerInfo@core@5@XZ 10001990 f i plugin_test1.obj
 0001:000009a0       ?do_open@RModuleReg@test1@test@modules@UModSys@@UAE_NXZ 100019a0 f i plugin_test1.obj
 0001:000009d0       ?do_close@RModuleReg@test1@test@modules@UModSys@@UAE_NXZ 100019d0 f i plugin_test1.obj
 0001:00000a00       ??_ERModuleReg@test1@test@modules@UModSys@@UAEPAXI@Z 10001a00 f i  CIL library: CIL module
 0001:00000a00       ??_GRModuleReg@test1@test@modules@UModSys@@UAEPAXI@Z 10001a00 f i plugin_test1.obj
 0001:00000a30       ??0?$TString@U?$TSCoreConst@D@su@tl@UModSys@@U?$TComparerBinaryHash@D@234@@tl@UModSys@@QAE@PBD@Z 10001a30 f i plugin_test1.obj
 0001:00000a80       ??8?$TString@U?$TSCoreConst@D@su@tl@UModSys@@U?$TComparerBinaryHash@D@234@@tl@UModSys@@QBE_NPBD@Z 10001a80 f i plugin_test1.obj
 0001:00000ab0       ??1?$TRefObject@URRenderDriver2D@SDL_core@ui@modules@UModSys@@U?$TRefObjectFunc@URRenderDriver2D@SDL_core@ui@modules@UModSys@@@tl@5@@tl@UModSys@@QAE@XZ 10001ab0 f i umodsys_lib_libui:umodsys.mod.ui.SDL_core.obj
 0001:00000ab0       ??1?$TRefObject@URFrame_Common@frames@ui@modules@UModSys@@U?$TRefObjectFunc@URFrame_Common@frames@ui@modules@UModSys@@@tl@5@@tl@UModSys@@QAE@XZ 10001ab0 f i umodsys_lib_libui:umodsys.mod.ui.frames.obj
 0001:00000ab0       ??1?$TRefObject@UISerializeWriter@libmedia@UModSys@@U?$TRefObjectFunc@UISerializeWriter@libmedia@UModSys@@@tl@3@@tl@UModSys@@QAE@XZ 10001ab0 f i plugin_test1.obj
 0001:00000ab0       ??1?$TRefObject@URMediaFilter@images_std@media@modules@UModSys@@U?$TRefObjectFunc@URMediaFilter@images_std@media@modules@UModSys@@@tl@5@@tl@UModSys@@QAE@XZ 10001ab0 f i umodsys_lib_libmedia:umodsys.mod.media.images_std.obj
 0001:00000ab0       ??1?$TRefObject@UILibraryLayered@libmedia@UModSys@@U?$TRefObjectFunc@UILibraryLayered@libmedia@UModSys@@@tl@3@@tl@UModSys@@QAE@XZ 10001ab0 f i plugin_test1.obj
 0001:00000ab0       ??1?$TRefObject@UIRenderDriver@lib2d@UModSys@@U?$TRefObjectFunc@UIRenderDriver@lib2d@UModSys@@@tl@3@@tl@UModSys@@QAE@XZ 10001ab0 f i plugin_test1.obj
 0001:00000ab0       ??1?$TRefObject@URTerminal@SDL_core@ui@modules@UModSys@@U?$TRefObjectFunc@URTerminal@SDL_core@ui@modules@UModSys@@@tl@5@@tl@UModSys@@QAE@XZ 10001ab0 f i umodsys_lib_libui:umodsys.mod.ui.SDL_core.obj
 0001:00000ab0       ??1?$TRefObject@URMultiImage2D_SDL_ttf@SDL_core@ui@modules@UModSys@@U?$TRefObjectFunc@URMultiImage2D_SDL_ttf@SDL_core@ui@modules@UModSys@@@tl@5@@tl@UModSys@@QAE@XZ 10001ab0 f i umodsys_lib_libui:umodsys.mod.ui.SDL_core.obj
 0001:00000ab0       ??1?$TRefObject@UILibraryBinTree@libmedia@UModSys@@U?$TRefObjectFunc@UILibraryBinTree@libmedia@UModSys@@@tl@3@@tl@UModSys@@QAE@XZ 10001ab0 f i plugin_test1.obj
 0001:00000ab0       ??1?$TRefObject@URDialog@frames@ui@modules@UModSys@@U?$TRefObjectFunc@URDialog@frames@ui@modules@UModSys@@@tl@5@@tl@UModSys@@QAE@XZ 10001ab0 f i umodsys_lib_libui:umodsys.mod.ui.frames.obj
 0001:00000ab0       ??1?$TRefObject@UIFrame@libui@UModSys@@U?$TRefObjectFunc@UIFrame@libui@UModSys@@@tl@3@@tl@UModSys@@QAE@XZ 10001ab0 f i umodsys_lib_libui:umodsys.mod.ui.frames.obj
 0001:00000ab0       ??1?$TRefObject@URMouseController@SDL_core@ui@modules@UModSys@@U?$TRefObjectFunc@URMouseController@SDL_core@ui@modules@UModSys@@@tl@5@@tl@UModSys@@QAE@XZ 10001ab0 f i umodsys_lib_libui:umodsys.mod.ui.SDL_core.obj
 0001:00000ab0       ??1?$TRefObject@UIBinObjFilter@libmedia@UModSys@@U?$TRefObjectFunc@UIBinObjFilter@libmedia@UModSys@@@tl@3@@tl@UModSys@@QAE@XZ 10001ab0 f i plugin_test1.obj
 0001:00000ab0       ??1?$TRefObject@UITerminal@libui@UModSys@@U?$TRefObjectFunc@UITerminal@libui@UModSys@@@tl@3@@tl@UModSys@@QAE@XZ 10001ab0 f i plugin_test1.obj
 0001:00000ab0       ??1?$TRefObject@UISerializeReader@libmedia@UModSys@@U?$TRefObjectFunc@UISerializeReader@libmedia@UModSys@@@tl@3@@tl@UModSys@@QAE@XZ 10001ab0 f i plugin_test1.obj
 0001:00000ab0       ??1?$TRefObject@UIMultiImage@lib2d@UModSys@@U?$TRefObjectFunc@UIMultiImage@lib2d@UModSys@@@tl@3@@tl@UModSys@@QAE@XZ 10001ab0 f i plugin_test1.obj
 0001:00000ab0       ??1?$TRefObject@UIRefObject@core@UModSys@@U?$TRefObjectFunc@UIRefObject@core@UModSys@@@tl@3@@tl@UModSys@@QAE@XZ 10001ab0 f i plugin_test1.obj
 0001:00000ab0       ??1?$TRefObject@UIStreamWriter@libmedia@UModSys@@U?$TRefObjectFunc@UIStreamWriter@libmedia@UModSys@@@tl@3@@tl@UModSys@@QAE@XZ 10001ab0 f i plugin_test1.obj
 0001:00000ab0       ??1?$TRefObject@UILibraryObjFilter@libmedia@UModSys@@U?$TRefObjectFunc@UILibraryObjFilter@libmedia@UModSys@@@tl@3@@tl@UModSys@@QAE@XZ 10001ab0 f i plugin_test1.obj
 0001:00000ab0       ??1?$TRefObject@URImage_Memory@stdlib@lib2d@modules@UModSys@@U?$TRefObjectFunc@URImage_Memory@stdlib@lib2d@modules@UModSys@@@tl@5@@tl@UModSys@@QAE@XZ 10001ab0 f i umodsys_lib_lib2d:umodsys.mod.2d.stdlib.obj
 0001:00000ab0       ??1?$TRefObject@UILibrary@libmedia@UModSys@@U?$TRefObjectFunc@UILibrary@libmedia@UModSys@@@tl@3@@tl@UModSys@@QAE@XZ 10001ab0 f i plugin_test1.obj
 0001:00000ab0       ??1?$TRefObject@URSerializeReader@serialize_json@media@modules@UModSys@@U?$TRefObjectFunc@URSerializeReader@serialize_json@media@modules@UModSys@@@tl@5@@tl@UModSys@@QAE@XZ 10001ab0 f i umodsys_lib_libmedia:umodsys.mod.media.serialize_json.obj
 0001:00000ab0       ??1?$TRefObject@UIKeyboardController@libui@UModSys@@U?$TRefObjectFunc@UIKeyboardController@libui@UModSys@@@tl@3@@tl@UModSys@@QAE@XZ 10001ab0 f i plugin_test1.obj
 0001:00000ab0       ??1?$TRefObject@URKeyboardController@SDL_core@ui@modules@UModSys@@U?$TRefObjectFunc@URKeyboardController@SDL_core@ui@modules@UModSys@@@tl@5@@tl@UModSys@@QAE@XZ 10001ab0 f i umodsys_lib_libui:umodsys.mod.ui.SDL_core.obj
 0001:00000ab0       ??1?$TRefObject@UILibraryObjCache@libmedia@UModSys@@U?$TRefObjectFunc@UILibraryObjCache@libmedia@UModSys@@@tl@3@@tl@UModSys@@QAE@XZ 10001ab0 f i plugin_test1.obj
 0001:00000ab0       ??1?$TRefObject@UIImage@lib2d@UModSys@@U?$TRefObjectFunc@UIImage@lib2d@UModSys@@@tl@3@@tl@UModSys@@QAE@XZ 10001ab0 f i plugin_test1.obj
 0001:00000ab0       ??1?$TRefObject@URCollector@frames@ui@modules@UModSys@@U?$TRefObjectFunc@URCollector@frames@ui@modules@UModSys@@@tl@5@@tl@UModSys@@QAE@XZ 10001ab0 f i umodsys_lib_libui:umodsys.mod.ui.frames.obj
 0001:00000ab0       ??1?$TRefObject@URSerializeWriter@serialize_json@media@modules@UModSys@@U?$TRefObjectFunc@URSerializeWriter@serialize_json@media@modules@UModSys@@@tl@5@@tl@UModSys@@QAE@XZ 10001ab0 f i umodsys_lib_libmedia:umodsys.mod.media.serialize_json.obj
 0001:00000ab0       ??1?$TRefObject@UILibraryBinCache@libmedia@UModSys@@U?$TRefObjectFunc@UILibraryBinCache@libmedia@UModSys@@@tl@3@@tl@UModSys@@QAE@XZ 10001ab0 f i plugin_test1.obj
 0001:00000ab0       ??1?$TRefObject@UIMouseController@libui@UModSys@@U?$TRefObjectFunc@UIMouseController@libui@UModSys@@@tl@3@@tl@UModSys@@QAE@XZ 10001ab0 f i plugin_test1.obj
 0001:00000ab0       ??1?$TRefObject@UIStreamReader@libmedia@UModSys@@U?$TRefObjectFunc@UIStreamReader@libmedia@UModSys@@@tl@3@@tl@UModSys@@QAE@XZ 10001ab0 f i plugin_test1.obj
 0001:00000ab0       ??1?$TRefObject@UIBinArchive@libmedia@UModSys@@U?$TRefObjectFunc@UIBinArchive@libmedia@UModSys@@@tl@3@@tl@UModSys@@QAE@XZ 10001ab0 f i plugin_test1.obj
 0001:00000ad0       ??0?$TParametersA@$0EAA@@core@UModSys@@QAE@XZ 10001ad0 f i plugin_test1.obj
 0001:00000b00       ??4?$TRefObject@UISerializeWriter@libmedia@UModSys@@U?$TRefObjectFunc@UISerializeWriter@libmedia@UModSys@@@tl@3@@tl@UModSys@@QAEABU012@ABU012@@Z 10001b00 f i plugin_test1.obj
 0001:00000b30       ??_GRGenerator@images_std@media@modules@UModSys@@UAEPAXI@Z 10001b30 f i umodsys_lib_libmedia:umodsys.mod.media.images_std.obj
 0001:00000b30       ??_GRGenerator@stdlib@lib2d@modules@UModSys@@UAEPAXI@Z 10001b30 f i umodsys_lib_lib2d:umodsys.mod.2d.stdlib.obj
 0001:00000b30       ??_ERGenerator@SDL_core@ui@modules@UModSys@@UAEPAXI@Z 10001b30 f i  CIL library: CIL module
 0001:00000b30       ??_GIRefObject@core@UModSys@@UAEPAXI@Z 10001b30 f i plugin_test1.obj
 0001:00000b30       ??_GRGenerator@SDL_core@ui@modules@UModSys@@UAEPAXI@Z 10001b30 f i umodsys_lib_libui:umodsys.mod.ui.SDL_core.obj
 0001:00000b30       ??_GRGenerator@frames@ui@modules@UModSys@@UAEPAXI@Z 10001b30 f i umodsys_lib_libui:umodsys.mod.ui.frames.obj
 0001:00000b30       ??_ERGenerator@test1@test@modules@UModSys@@UAEPAXI@Z 10001b30 f i  CIL library: CIL module
 0001:00000b30       ??_ERGenerator@serialize_json@media@modules@UModSys@@UAEPAXI@Z 10001b30 f i  CIL library: CIL module
 0001:00000b30       ??_ERGenerator@stdlib@lib2d@modules@UModSys@@UAEPAXI@Z 10001b30 f i  CIL library: CIL module
 0001:00000b30       ??_EIRefObject@core@UModSys@@UAEPAXI@Z 10001b30 f i  CIL library: CIL module
 0001:00000b30       ??_GRGenerator@test1@test@modules@UModSys@@UAEPAXI@Z 10001b30 f i plugin_test1.obj
 0001:00000b30       ??_ERGenerator@images_std@media@modules@UModSys@@UAEPAXI@Z 10001b30 f i  CIL library: CIL module
 0001:00000b30       ??_GRGenerator@serialize_json@media@modules@UModSys@@UAEPAXI@Z 10001b30 f i umodsys_lib_libmedia:umodsys.mod.media.serialize_json.obj
 0001:00000b30       ??_ERGenerator@frames@ui@modules@UModSys@@UAEPAXI@Z 10001b30 f i  CIL library: CIL module
 0001:00000b50       ?info_new@?$TSCoreShared@USIMemAlloc@core@UModSys@@D@su@tl@UModSys@@QAE_NPBDI@Z 10001b50 f i plugin_test1.obj
 0001:00000be0       ??$generate_type@UIImage@lib2d@UModSys@@@RTest1_Shell@test1@test@modules@UModSys@@QAE?AU?$TRefObject@UIImage@lib2d@UModSys@@U?$TRefObjectFunc@UIImage@lib2d@UModSys@@@tl@3@@tl@4@ABU?$TString@U?$TSCoreConst@D@su@tl@UModSys@@U?$TComparerBinaryHash@D@234@@64@ABUSParameters@core@4@PBD@Z 10001be0 f i plugin_test1.obj
 0001:00000d30       ??$generate_type@UIBinArchive@libmedia@UModSys@@@RTest1_Shell@test1@test@modules@UModSys@@QAE?AU?$TRefObject@UIBinArchive@libmedia@UModSys@@U?$TRefObjectFunc@UIBinArchive@libmedia@UModSys@@@tl@3@@tl@4@ABU?$TString@U?$TSCoreConst@D@su@tl@UModSys@@U?$TComparerBinaryHash@D@234@@64@ABUSParameters@core@4@PBD@Z 10001d30 f i plugin_test1.obj
 0001:00000e80       ??$generate_type@UIBinObjFilter@libmedia@UModSys@@@RTest1_Shell@test1@test@modules@UModSys@@QAE?AU?$TRefObject@UIBinObjFilter@libmedia@UModSys@@U?$TRefObjectFunc@UIBinObjFilter@libmedia@UModSys@@@tl@3@@tl@4@ABU?$TString@U?$TSCoreConst@D@su@tl@UModSys@@U?$TComparerBinaryHash@D@234@@64@ABUSParameters@core@4@PBD@Z 10001e80 f i plugin_test1.obj
 0001:00000fd0       ??$generate_type@UILibraryBinTree@libmedia@UModSys@@@RTest1_Shell@test1@test@modules@UModSys@@QAE?AU?$TRefObject@UILibraryBinTree@libmedia@UModSys@@U?$TRefObjectFunc@UILibraryBinTree@libmedia@UModSys@@@tl@3@@tl@4@ABU?$TString@U?$TSCoreConst@D@su@tl@UModSys@@U?$TComparerBinaryHash@D@234@@64@ABUSParameters@core@4@PBD@Z 10001fd0 f i plugin_test1.obj
 0001:00001120       ??$generate_type@UILibraryObjFilter@libmedia@UModSys@@@RTest1_Shell@test1@test@modules@UModSys@@QAE?AU?$TRefObject@UILibraryObjFilter@libmedia@UModSys@@U?$TRefObjectFunc@UILibraryObjFilter@libmedia@UModSys@@@tl@3@@tl@4@ABU?$TString@U?$TSCoreConst@D@su@tl@UModSys@@U?$TComparerBinaryHash@D@234@@64@ABUSParameters@core@4@PBD@Z 10002120 f i plugin_test1.obj
 0001:00001270       ??$generate_type@UILibraryLayered@libmedia@UModSys@@@RTest1_Shell@test1@test@modules@UModSys@@QAE?AU?$TRefObject@UILibraryLayered@libmedia@UModSys@@U?$TRefObjectFunc@UILibraryLayered@libmedia@UModSys@@@tl@3@@tl@4@ABU?$TString@U?$TSCoreConst@D@su@tl@UModSys@@U?$TComparerBinaryHash@D@234@@64@ABUSParameters@core@4@PBD@Z 10002270 f i plugin_test1.obj
 0001:000013c0       ??$generate_type@UILibraryObjCache@libmedia@UModSys@@@RTest1_Shell@test1@test@modules@UModSys@@QAE?AU?$TRefObject@UILibraryObjCache@libmedia@UModSys@@U?$TRefObjectFunc@UILibraryObjCache@libmedia@UModSys@@@tl@3@@tl@4@ABU?$TString@U?$TSCoreConst@D@su@tl@UModSys@@U?$TComparerBinaryHash@D@234@@64@ABUSParameters@core@4@PBD@Z 100023c0 f i plugin_test1.obj
 0001:00001510       ??$generate_type@UILibraryBinCache@libmedia@UModSys@@@RTest1_Shell@test1@test@modules@UModSys@@QAE?AU?$TRefObject@UILibraryBinCache@libmedia@UModSys@@U?$TRefObjectFunc@UILibraryBinCache@libmedia@UModSys@@@tl@3@@tl@4@ABU?$TString@U?$TSCoreConst@D@su@tl@UModSys@@U?$TComparerBinaryHash@D@234@@64@ABUSParameters@core@4@PBD@Z 10002510 f i plugin_test1.obj
 0001:00001660       ??$generate_type@UISerializeWriter@libmedia@UModSys@@@RTest1_Shell@test1@test@modules@UModSys@@QAE?AU?$TRefObject@UISerializeWriter@libmedia@UModSys@@U?$TRefObjectFunc@UISerializeWriter@libmedia@UModSys@@@tl@3@@tl@4@ABU?$TString@U?$TSCoreConst@D@su@tl@UModSys@@U?$TComparerBinaryHash@D@234@@64@ABUSParameters@core@4@PBD@Z 10002660 f i plugin_test1.obj
 0001:000017b0       ??$generate_type@UISerializeReader@libmedia@UModSys@@@RTest1_Shell@test1@test@modules@UModSys@@QAE?AU?$TRefObject@UISerializeReader@libmedia@UModSys@@U?$TRefObjectFunc@UISerializeReader@libmedia@UModSys@@@tl@3@@tl@4@ABU?$TString@U?$TSCoreConst@D@su@tl@UModSys@@U?$TComparerBinaryHash@D@234@@64@ABUSParameters@core@4@PBD@Z 100027b0 f i plugin_test1.obj
 0001:00001900       ??$shash@D@su@tl@UModSys@@YAHPBDI@Z 10002900 f i plugin_test1.obj
 0001:00001930       ??1?$TRefObject@UIModObject@base@UModSys@@U?$TModObjectFunc@UIModObject@base@UModSys@@@tl@3@@tl@UModSys@@QAE@XZ 10002930 f i plugin_test1.obj
 0001:00001950       ??$t_ref_get_other_interface@UIStreamReader@libmedia@UModSys@@U?$TRefObjectFunc@UIStreamReader@libmedia@UModSys@@@tl@3@@IRefObject@core@UModSys@@QAE_NAAU?$TRefObject@UIStreamReader@libmedia@UModSys@@U?$TRefObjectFunc@UIStreamReader@libmedia@UModSys@@@tl@3@@tl@2@@Z 10002950 f i plugin_test1.obj
 0001:00001990       ??$t_ref_get_other_interface@UIStreamWriter@libmedia@UModSys@@U?$TRefObjectFunc@UIStreamWriter@libmedia@UModSys@@@tl@3@@IRefObject@core@UModSys@@QAE_NAAU?$TRefObject@UIStreamWriter@libmedia@UModSys@@U?$TRefObjectFunc@UIStreamWriter@libmedia@UModSys@@@tl@3@@tl@2@@Z 10002990 f i plugin_test1.obj
 0001:000019d0       ??$t_ref_get_other_interface@UIMultiImage@lib2d@UModSys@@U?$TRefObjectFunc@UIMultiImage@lib2d@UModSys@@@tl@3@@IRefObject@core@UModSys@@QAE_NAAU?$TRefObject@UIMultiImage@lib2d@UModSys@@U?$TRefObjectFunc@UIMultiImage@lib2d@UModSys@@@tl@3@@tl@2@@Z 100029d0 f i plugin_test1.obj
 0001:00001a10       ??$t_generate@UIImage@lib2d@UModSys@@@SModuleContext@base@UModSys@@QAE_NAAU?$TRefObject@UIImage@lib2d@UModSys@@U?$TRefObjectFunc@UIImage@lib2d@UModSys@@@tl@3@@tl@2@PBUSUniquePointerInfo@core@2@ABUSParameters@62@@Z 10002a10 f i plugin_test1.obj
 0001:00001ac0       ??$t_generate@UIBinArchive@libmedia@UModSys@@@SModuleContext@base@UModSys@@QAE_NAAU?$TRefObject@UIBinArchive@libmedia@UModSys@@U?$TRefObjectFunc@UIBinArchive@libmedia@UModSys@@@tl@3@@tl@2@PBUSUniquePointerInfo@core@2@ABUSParameters@62@@Z 10002ac0 f i plugin_test1.obj
 0001:00001b70       ??$t_generate@UIBinObjFilter@libmedia@UModSys@@@SModuleContext@base@UModSys@@QAE_NAAU?$TRefObject@UIBinObjFilter@libmedia@UModSys@@U?$TRefObjectFunc@UIBinObjFilter@libmedia@UModSys@@@tl@3@@tl@2@PBUSUniquePointerInfo@core@2@ABUSParameters@62@@Z 10002b70 f i plugin_test1.obj
 0001:00001c20       ??$t_generate@UILibraryBinTree@libmedia@UModSys@@@SModuleContext@base@UModSys@@QAE_NAAU?$TRefObject@UILibraryBinTree@libmedia@UModSys@@U?$TRefObjectFunc@UILibraryBinTree@libmedia@UModSys@@@tl@3@@tl@2@PBUSUniquePointerInfo@core@2@ABUSParameters@62@@Z 10002c20 f i plugin_test1.obj
 0001:00001cd0       ??$t_generate@UILibraryObjFilter@libmedia@UModSys@@@SModuleContext@base@UModSys@@QAE_NAAU?$TRefObject@UILibraryObjFilter@libmedia@UModSys@@U?$TRefObjectFunc@UILibraryObjFilter@libmedia@UModSys@@@tl@3@@tl@2@PBUSUniquePointerInfo@core@2@ABUSParameters@62@@Z 10002cd0 f i plugin_test1.obj
 0001:00001d80       ??$t_generate@UILibraryLayered@libmedia@UModSys@@@SModuleContext@base@UModSys@@QAE_NAAU?$TRefObject@UILibraryLayered@libmedia@UModSys@@U?$TRefObjectFunc@UILibraryLayered@libmedia@UModSys@@@tl@3@@tl@2@PBUSUniquePointerInfo@core@2@ABUSParameters@62@@Z 10002d80 f i plugin_test1.obj
 0001:00001e30       ??$t_generate@UILibraryObjCache@libmedia@UModSys@@@SModuleContext@base@UModSys@@QAE_NAAU?$TRefObject@UILibraryObjCache@libmedia@UModSys@@U?$TRefObjectFunc@UILibraryObjCache@libmedia@UModSys@@@tl@3@@tl@2@PBUSUniquePointerInfo@core@2@ABUSParameters@62@@Z 10002e30 f i plugin_test1.obj
 0001:00001ee0       ??$t_generate@UILibraryBinCache@libmedia@UModSys@@@SModuleContext@base@UModSys@@QAE_NAAU?$TRefObject@UILibraryBinCache@libmedia@UModSys@@U?$TRefObjectFunc@UILibraryBinCache@libmedia@UModSys@@@tl@3@@tl@2@PBUSUniquePointerInfo@core@2@ABUSParameters@62@@Z 10002ee0 f i plugin_test1.obj
 0001:00001f90       ??$t_generate@UISerializeWriter@libmedia@UModSys@@@SModuleContext@base@UModSys@@QAE_NAAU?$TRefObject@UISerializeWriter@libmedia@UModSys@@U?$TRefObjectFunc@UISerializeWriter@libmedia@UModSys@@@tl@3@@tl@2@PBUSUniquePointerInfo@core@2@ABUSParameters@62@@Z 10002f90 f i plugin_test1.obj
 0001:00002040       ??$t_generate@UISerializeReader@libmedia@UModSys@@@SModuleContext@base@UModSys@@QAE_NAAU?$TRefObject@UISerializeReader@libmedia@UModSys@@U?$TRefObjectFunc@UISerializeReader@libmedia@UModSys@@@tl@3@@tl@2@PBUSUniquePointerInfo@core@2@ABUSParameters@62@@Z 10003040 f i plugin_test1.obj
 0001:000020f0       ??$t_ref_get_other_interface@UIImage@lib2d@UModSys@@U?$TRefObjectFunc@UIImage@lib2d@UModSys@@@tl@3@@IRefObject@core@UModSys@@QAE_NAAU?$TRefObject@UIImage@lib2d@UModSys@@U?$TRefObjectFunc@UIImage@lib2d@UModSys@@@tl@3@@tl@2@@Z 100030f0 f i plugin_test1.obj
 0001:00002130       ??$t_ref_get_other_interface@UIBinArchive@libmedia@UModSys@@U?$TRefObjectFunc@UIBinArchive@libmedia@UModSys@@@tl@3@@IRefObject@core@UModSys@@QAE_NAAU?$TRefObject@UIBinArchive@libmedia@UModSys@@U?$TRefObjectFunc@UIBinArchive@libmedia@UModSys@@@tl@3@@tl@2@@Z 10003130 f i plugin_test1.obj
 0001:00002170       ??$t_ref_get_other_interface@UIBinObjFilter@libmedia@UModSys@@U?$TRefObjectFunc@UIBinObjFilter@libmedia@UModSys@@@tl@3@@IRefObject@core@UModSys@@QAE_NAAU?$TRefObject@UIBinObjFilter@libmedia@UModSys@@U?$TRefObjectFunc@UIBinObjFilter@libmedia@UModSys@@@tl@3@@tl@2@@Z 10003170 f i plugin_test1.obj
 0001:000021b0       ??$t_ref_get_other_interface@UILibraryBinTree@libmedia@UModSys@@U?$TRefObjectFunc@UILibraryBinTree@libmedia@UModSys@@@tl@3@@IRefObject@core@UModSys@@QAE_NAAU?$TRefObject@UILibraryBinTree@libmedia@UModSys@@U?$TRefObjectFunc@UILibraryBinTree@libmedia@UModSys@@@tl@3@@tl@2@@Z 100031b0 f i plugin_test1.obj
 0001:000021f0       ??$t_ref_get_other_interface@UILibraryObjFilter@libmedia@UModSys@@U?$TRefObjectFunc@UILibraryObjFilter@libmedia@UModSys@@@tl@3@@IRefObject@core@UModSys@@QAE_NAAU?$TRefObject@UILibraryObjFilter@libmedia@UModSys@@U?$TRefObjectFunc@UILibraryObjFilter@libmedia@UModSys@@@tl@3@@tl@2@@Z 100031f0 f i plugin_test1.obj
 0001:00002230       ??$t_ref_get_other_interface@UILibraryLayered@libmedia@UModSys@@U?$TRefObjectFunc@UILibraryLayered@libmedia@UModSys@@@tl@3@@IRefObject@core@UModSys@@QAE_NAAU?$TRefObject@UILibraryLayered@libmedia@UModSys@@U?$TRefObjectFunc@UILibraryLayered@libmedia@UModSys@@@tl@3@@tl@2@@Z 10003230 f i plugin_test1.obj
 0001:00002270       ??$t_ref_get_other_interface@UILibraryObjCache@libmedia@UModSys@@U?$TRefObjectFunc@UILibraryObjCache@libmedia@UModSys@@@tl@3@@IRefObject@core@UModSys@@QAE_NAAU?$TRefObject@UILibraryObjCache@libmedia@UModSys@@U?$TRefObjectFunc@UILibraryObjCache@libmedia@UModSys@@@tl@3@@tl@2@@Z 10003270 f i plugin_test1.obj
 0001:000022b0       ??$t_ref_get_other_interface@UILibraryBinCache@libmedia@UModSys@@U?$TRefObjectFunc@UILibraryBinCache@libmedia@UModSys@@@tl@3@@IRefObject@core@UModSys@@QAE_NAAU?$TRefObject@UILibraryBinCache@libmedia@UModSys@@U?$TRefObjectFunc@UILibraryBinCache@libmedia@UModSys@@@tl@3@@tl@2@@Z 100032b0 f i plugin_test1.obj
 0001:000022f0       ??$t_ref_get_other_interface@UISerializeWriter@libmedia@UModSys@@U?$TRefObjectFunc@UISerializeWriter@libmedia@UModSys@@@tl@3@@IRefObject@core@UModSys@@QAE_NAAU?$TRefObject@UISerializeWriter@libmedia@UModSys@@U?$TRefObjectFunc@UISerializeWriter@libmedia@UModSys@@@tl@3@@tl@2@@Z 100032f0 f i plugin_test1.obj
 0001:00002330       ??$t_ref_get_other_interface@UISerializeReader@libmedia@UModSys@@U?$TRefObjectFunc@UISerializeReader@libmedia@UModSys@@@tl@3@@IRefObject@core@UModSys@@QAE_NAAU?$TRefObject@UISerializeReader@libmedia@UModSys@@U?$TRefObjectFunc@UISerializeReader@libmedia@UModSys@@@tl@3@@tl@2@@Z 10003330 f i plugin_test1.obj
 0001:00002370       ?alloc@SMemShared@core@UModSys@@QAE_NIPAUSSourceContext@23@@Z 10003370 f i umodsys_lib_lib2d:umodsys.mod.2d.stdlib.obj
 0001:000023b0       ?ConvertSameSize@stdlib@lib2d@modules@UModSys@@YA_NW4eImageType@24@ABU?$TVector2@H@math3d@4@11ABUSMem@core@4@11ABUSCMem@94@@Z 100033b0 f i umodsys_lib_lib2d:umodsys.mod.2d.stdlib.obj
 0001:00002440       ?ConvertSame@stdlib@lib2d@modules@UModSys@@YA_NW4eImageType@24@ABU?$TBoundBox2@H@math3d@4@ABU?$TVector2@H@74@ABUSMem@core@4@12ABUSCMem@core@4@@Z 10003440 f i umodsys_lib_lib2d:umodsys.mod.2d.stdlib.obj
 0001:000024c0       ?Convert@stdlib@lib2d@modules@UModSys@@YA_NABU?$TBoundBox2@H@math3d@4@ABUSImageInfo@24@ABUSMem@core@4@01ABUSCMem@94@@Z 100034c0 f i umodsys_lib_lib2d:umodsys.mod.2d.stdlib.obj
 0001:00002530       ?root_get_interface_info@RImage_Memory@stdlib@lib2d@modules@UModSys@@UBEABUSUniquePointerInfo@core@5@XZ 10003530 f i umodsys_lib_lib2d:umodsys.mod.2d.stdlib.obj
 0001:00002540       ?root_get_interface_type@RImage_Memory@stdlib@lib2d@modules@UModSys@@UBEPBUSUniquePointerInfo@core@5@XZ 10003540 f i umodsys_lib_lib2d:umodsys.mod.2d.stdlib.obj
 0001:00002550       ?root_get_other_interface@RImage_Memory@stdlib@lib2d@modules@UModSys@@UAEPAUIRoot@core@5@PBUSUniquePointerInfo@75@@Z 10003550 f i umodsys_lib_lib2d:umodsys.mod.2d.stdlib.obj
 0001:00002550       ?root_get_other_interface@RImage_Memory@stdlib@lib2d@modules@UModSys@@UBEPBUIRoot@core@5@PBUSUniquePointerInfo@75@@Z 10003550 f i umodsys_lib_lib2d:umodsys.mod.2d.stdlib.obj
 0001:00002580       ?root_is_interface_supported@RImage_Memory@stdlib@lib2d@modules@UModSys@@UBE_NPBUSUniquePointerInfo@core@5@@Z 10003580 f i umodsys_lib_lib2d:umodsys.mod.2d.stdlib.obj
 0001:000025c0       ?set_info@RImage_Memory@stdlib@lib2d@modules@UModSys@@UAE_NABUSImagePatchInfo@35@PBD@Z 100035c0 f i umodsys_lib_lib2d:umodsys.mod.2d.stdlib.obj
 0001:00002760       ?set_data@RImage_Memory@stdlib@lib2d@modules@UModSys@@UAE_NABUSImagePatchInfo@35@ABUSCMem@core@5@H@Z 10003760 f i umodsys_lib_lib2d:umodsys.mod.2d.stdlib.obj
 0001:00002810       ?get_info@RImage_Memory@stdlib@lib2d@modules@UModSys@@UBEABUSImageInfo@35@XZ 10003810 f i umodsys_lib_lib2d:umodsys.mod.2d.stdlib.obj
 0001:00002820       ?get_data@RImage_Memory@stdlib@lib2d@modules@UModSys@@UBE_NABUSImagePatchInfo@35@ABUSMem@core@5@H@Z 10003820 f i umodsys_lib_lib2d:umodsys.mod.2d.stdlib.obj
 0001:000028d0       ?get_controller@RRenderDriver2D@SDL_core@ui@modules@UModSys@@UBEPAUIRefObject@core@5@PBUSUniquePointerInfo@75@@Z 100038d0 f i umodsys_lib_libui:umodsys.mod.ui.SDL_core.obj
 0001:000028d0       ?get_layer@RMultiImage2D_SDL_ttf@SDL_core@ui@modules@UModSys@@UAEPAUIImage@lib2d@5@H@Z 100038d0 f i umodsys_lib_libui:umodsys.mod.ui.SDL_core.obj
 0001:000028d0       ?get_hwinfo@RImage_Memory@stdlib@lib2d@modules@UModSys@@UAEPAXPBUSUniquePointerInfo@core@5@@Z 100038d0 f i umodsys_lib_lib2d:umodsys.mod.2d.stdlib.obj
 0001:000028d0       ?get_hwcinfo@RImage_Memory@stdlib@lib2d@modules@UModSys@@UBEPBXPBUSUniquePointerInfo@core@5@@Z 100038d0 f i umodsys_lib_lib2d:umodsys.mod.2d.stdlib.obj
 0001:000028e0       ??0RImage_Memory@stdlib@lib2d@modules@UModSys@@QAE@PAUIModObject@base@4@ABUSParameters@core@4@@Z 100038e0 f i umodsys_lib_lib2d:umodsys.mod.2d.stdlib.obj
 0001:00002990       ??1SMemShared@core@UModSys@@QAE@XZ 10003990 f i plugin_test1.obj
 0001:00002990       ??1State@RImage_Memory@stdlib@lib2d@modules@UModSys@@QAE@XZ 10003990 f i umodsys_lib_lib2d:umodsys.mod.2d.stdlib.obj
 0001:000029b0       ??4State@RImage_Memory@stdlib@lib2d@modules@UModSys@@QAEAAU012345@ABU012345@@Z 100039b0 f i umodsys_lib_lib2d:umodsys.mod.2d.stdlib.obj
 0001:00002a60       ??_ERImage_Memory@stdlib@lib2d@modules@UModSys@@UAEPAXI@Z 10003a60 f i  CIL library: CIL module
 0001:00002a60       ??_GRImage_Memory@stdlib@lib2d@modules@UModSys@@UAEPAXI@Z 10003a60 f i umodsys_lib_lib2d:umodsys.mod.2d.stdlib.obj
 0001:00002ad0       ?get_generated_names@RGenerator@stdlib@lib2d@modules@UModSys@@UBEHAAUSUniquePtrList@core@5@@Z 10003ad0 f i umodsys_lib_lib2d:umodsys.mod.2d.stdlib.obj
 0001:00002af0       ?get_generated_types@RGenerator@stdlib@lib2d@modules@UModSys@@UBEHAAUSUniquePtrList@core@5@PBUSUniquePointerInfo@75@@Z 10003af0 f i umodsys_lib_lib2d:umodsys.mod.2d.stdlib.obj
 0001:00002b40       ?generate@RGenerator@stdlib@lib2d@modules@UModSys@@UAE_NAAU?$TRefObject@UIRefObject@core@UModSys@@U?$TRefObjectFunc@UIRefObject@core@UModSys@@@tl@3@@tl@5@PBUSUniquePointerInfo@core@5@ABUSParameters@95@@Z 10003b40 f i umodsys_lib_lib2d:umodsys.mod.2d.stdlib.obj
 0001:00002b70       ?root_get_interface_info@RGenerator@stdlib@lib2d@modules@UModSys@@UBEABUSUniquePointerInfo@core@5@XZ 10003b70 f i umodsys_lib_lib2d:umodsys.mod.2d.stdlib.obj
 0001:00002b80       ?root_get_interface_type@RGenerator@stdlib@lib2d@modules@UModSys@@UBEPBUSUniquePointerInfo@core@5@XZ 10003b80 f i umodsys_lib_lib2d:umodsys.mod.2d.stdlib.obj
 0001:00002b90       ?root_get_other_interface@RGenerator@stdlib@lib2d@modules@UModSys@@UAEPAUIRoot@core@5@PBUSUniquePointerInfo@75@@Z 10003b90 f i umodsys_lib_lib2d:umodsys.mod.2d.stdlib.obj
 0001:00002b90       ?root_get_other_interface@RGenerator@stdlib@lib2d@modules@UModSys@@UBEPBUIRoot@core@5@PBUSUniquePointerInfo@75@@Z 10003b90 f i umodsys_lib_lib2d:umodsys.mod.2d.stdlib.obj
 0001:00002bd0       ?root_is_interface_supported@RGenerator@stdlib@lib2d@modules@UModSys@@UBE_NPBUSUniquePointerInfo@core@5@@Z 10003bd0 f i umodsys_lib_lib2d:umodsys.mod.2d.stdlib.obj
 0001:00002c10       ?get_uid@RGenerator@stdlib@lib2d@modules@UModSys@@UBEPBUSUniquePointerInfo@core@5@XZ 10003c10 f i umodsys_lib_lib2d:umodsys.mod.2d.stdlib.obj
 0001:00002c20       ?do_open@RModuleReg@stdlib@lib2d@modules@UModSys@@UAE_NXZ 10003c20 f i umodsys_lib_lib2d:umodsys.mod.2d.stdlib.obj
 0001:00002c30       ?do_close@RModuleReg@stdlib@lib2d@modules@UModSys@@UAE_NXZ 10003c30 f i umodsys_lib_lib2d:umodsys.mod.2d.stdlib.obj
 0001:00002c40       ??_ERModuleReg@stdlib@lib2d@modules@UModSys@@UAEPAXI@Z 10003c40 f i  CIL library: CIL module
 0001:00002c40       ??_GRModuleReg@stdlib@lib2d@modules@UModSys@@UAEPAXI@Z 10003c40 f i umodsys_lib_lib2d:umodsys.mod.2d.stdlib.obj
 0001:00002c70       ??$t_gen_param@URImage_Memory@stdlib@lib2d@modules@UModSys@@URGenerator@2345@@IGenerator@base@UModSys@@IAE_NPAURGenerator@stdlib@lib2d@modules@2@AAU?$TRefObject@UIRefObject@core@UModSys@@U?$TRefObjectFunc@UIRefObject@core@UModSys@@@tl@3@@tl@2@PBUSUniquePointerInfo@core@2@ABUSParameters@core@2@@Z 10003c70 f i umodsys_lib_lib2d:umodsys.mod.2d.stdlib.obj
 0001:00002ce0       ?utf_8to32@su@tl@UModSys@@YA_NAAHAAPBDAAI@Z 10003ce0 f i umodsys_lib_libui:umodsys.mod.ui.SDL_core.obj
 0001:00002db0       ?root_get_interface_info@RMultiImage2D_SDL_ttf@SDL_core@ui@modules@UModSys@@UBEABUSUniquePointerInfo@core@5@XZ 10003db0 f i umodsys_lib_libui:umodsys.mod.ui.SDL_core.obj
 0001:00002dc0       ?root_get_interface_type@RMultiImage2D_SDL_ttf@SDL_core@ui@modules@UModSys@@UBEPBUSUniquePointerInfo@core@5@XZ 10003dc0 f i umodsys_lib_libui:umodsys.mod.ui.SDL_core.obj
 0001:00002dd0       ?root_get_other_interface@RMultiImage2D_SDL_ttf@SDL_core@ui@modules@UModSys@@UBEPBUIRoot@core@5@PBUSUniquePointerInfo@75@@Z 10003dd0 f i umodsys_lib_libui:umodsys.mod.ui.SDL_core.obj
 0001:00002dd0       ?root_get_other_interface@RMultiImage2D_SDL_ttf@SDL_core@ui@modules@UModSys@@UAEPAUIRoot@core@5@PBUSUniquePointerInfo@75@@Z 10003dd0 f i umodsys_lib_libui:umodsys.mod.ui.SDL_core.obj
 0001:00002e00       ?root_is_interface_supported@RMultiImage2D_SDL_ttf@SDL_core@ui@modules@UModSys@@UBE_NPBUSUniquePointerInfo@core@5@@Z 10003e00 f i umodsys_lib_libui:umodsys.mod.ui.SDL_core.obj
 0001:00002e40       ??0RMultiImage2D_SDL_ttf@SDL_core@ui@modules@UModSys@@QAE@PAURRenderDriver2D@1234@ABUSParameters@core@4@@Z 10003e40 f i umodsys_lib_libui:umodsys.mod.ui.SDL_core.obj
 0001:00002ec0       ??1RMultiImage2D_SDL_ttf@SDL_core@ui@modules@UModSys@@UAE@XZ 10003ec0 f i umodsys_lib_libui:umodsys.mod.ui.SDL_core.obj
 0001:00002f40       ?open@RMultiImage2D_SDL_ttf@SDL_core@ui@modules@UModSys@@QAE_NABUSParameters@core@5@@Z 10003f40 f i umodsys_lib_libui:umodsys.mod.ui.SDL_core.obj
 0001:00003010       ?generate_glyphs@RMultiImage2D_SDL_ttf@SDL_core@ui@modules@UModSys@@QAE_NXZ 10004010 f i umodsys_lib_libui:umodsys.mod.ui.SDL_core.obj
 0001:00003110       ?key_setmodifier@RKeyboardController@SDL_core@ui@modules@UModSys@@UAE_NHHH@Z 10004110 f i umodsys_lib_libui:umodsys.mod.ui.SDL_core.obj
 0001:00003110       ?set_var_cell@RMultiImage2D_SDL_ttf@SDL_core@ui@modules@UModSys@@UAE_NPBUSImageCellInfo@lib2d@5@HH@Z 10004110 f i umodsys_lib_libui:umodsys.mod.ui.SDL_core.obj
 0001:00003110       ?get_cell_size@RMultiImage2D_SDL_ttf@SDL_core@ui@modules@UModSys@@UAE_NHAAU?$TVector2@H@math3d@5@PAU675@@Z 10004110 f i umodsys_lib_libui:umodsys.mod.ui.SDL_core.obj
 0001:00003120       ??_ERMultiImage2D_SDL_ttf@SDL_core@ui@modules@UModSys@@UAEPAXI@Z 10004120 f i  CIL library: CIL module
 0001:00003120       ??_GRMultiImage2D_SDL_ttf@SDL_core@ui@modules@UModSys@@UAEPAXI@Z 10004120 f i umodsys_lib_libui:umodsys.mod.ui.SDL_core.obj
 0001:00003140       ?root_get_interface_info@RRenderDriver2D@SDL_core@ui@modules@UModSys@@UBEABUSUniquePointerInfo@core@5@XZ 10004140 f i umodsys_lib_libui:umodsys.mod.ui.SDL_core.obj
 0001:00003150       ?root_get_interface_type@RRenderDriver2D@SDL_core@ui@modules@UModSys@@UBEPBUSUniquePointerInfo@core@5@XZ 10004150 f i umodsys_lib_libui:umodsys.mod.ui.SDL_core.obj
 0001:00003160       ?root_get_other_interface@RRenderDriver2D@SDL_core@ui@modules@UModSys@@UBEPBUIRoot@core@5@PBUSUniquePointerInfo@75@@Z 10004160 f i umodsys_lib_libui:umodsys.mod.ui.SDL_core.obj
 0001:00003160       ?root_get_other_interface@RRenderDriver2D@SDL_core@ui@modules@UModSys@@UAEPAUIRoot@core@5@PBUSUniquePointerInfo@75@@Z 10004160 f i umodsys_lib_libui:umodsys.mod.ui.SDL_core.obj
 0001:00003190       ?root_is_interface_supported@RRenderDriver2D@SDL_core@ui@modules@UModSys@@UBE_NPBUSUniquePointerInfo@core@5@@Z 10004190 f i umodsys_lib_libui:umodsys.mod.ui.SDL_core.obj
 0001:000031d0       ?ref_add@RGenerator@serialize_json@media@modules@UModSys@@UBEXXZ 100041d0 f i umodsys_lib_libmedia:umodsys.mod.media.serialize_json.obj
 0001:000031d0       ?ref_add@RImage_Memory@stdlib@lib2d@modules@UModSys@@UBEXXZ 100041d0 f i umodsys_lib_lib2d:umodsys.mod.2d.stdlib.obj
 0001:000031d0       ?ref_add@RMultiImage2D_SDL_ttf@SDL_core@ui@modules@UModSys@@UBEXXZ 100041d0 f i umodsys_lib_libui:umodsys.mod.ui.SDL_core.obj
 0001:000031d0       ?ref_add@RGenerator@frames@ui@modules@UModSys@@UBEXXZ 100041d0 f i umodsys_lib_libui:umodsys.mod.ui.frames.obj
 0001:000031d0       ?ref_add@RGenerator@test1@test@modules@UModSys@@UBEXXZ 100041d0 f i plugin_test1.obj
 0001:000031d0       ?ref_add@RKeyboardController@SDL_core@ui@modules@UModSys@@UBEXXZ 100041d0 f i umodsys_lib_libui:umodsys.mod.ui.SDL_core.obj
 0001:000031d0       ?ref_add@RGenerator@SDL_core@ui@modules@UModSys@@UBEXXZ 100041d0 f i umodsys_lib_libui:umodsys.mod.ui.SDL_core.obj
 0001:000031d0       ?ref_add@RDialog@frames@ui@modules@UModSys@@UBEXXZ 100041d0 f i umodsys_lib_libui:umodsys.mod.ui.frames.obj
 0001:000031d0       ?ref_add@RRenderDriver2D@SDL_core@ui@modules@UModSys@@UBEXXZ 100041d0 f i umodsys_lib_libui:umodsys.mod.ui.SDL_core.obj
 0001:000031d0       ?ref_add@RSerializeReader@serialize_json@media@modules@UModSys@@UBEXXZ 100041d0 f i umodsys_lib_libmedia:umodsys.mod.media.serialize_json.obj
 0001:000031d0       ?ref_add@RMouseController@SDL_core@ui@modules@UModSys@@UBEXXZ 100041d0 f i umodsys_lib_libui:umodsys.mod.ui.SDL_core.obj
 0001:000031d0       ?ref_add@RGenerator@stdlib@lib2d@modules@UModSys@@UBEXXZ 100041d0 f i umodsys_lib_lib2d:umodsys.mod.2d.stdlib.obj
 0001:000031d0       ?ref_add@RGenerator@images_std@media@modules@UModSys@@UBEXXZ 100041d0 f i umodsys_lib_libmedia:umodsys.mod.media.images_std.obj
 0001:000031d0       ?ref_add@RTerminal@SDL_core@ui@modules@UModSys@@UBEXXZ 100041d0 f i umodsys_lib_libui:umodsys.mod.ui.SDL_core.obj
 0001:000031e0       ??0RRenderDriver2D@SDL_core@ui@modules@UModSys@@QAE@PAURTerminal@1234@ABUSParameters@core@4@@Z 100041e0 f i umodsys_lib_libui:umodsys.mod.ui.SDL_core.obj
 0001:000032e0       ??1RRenderDriver2D@SDL_core@ui@modules@UModSys@@UAE@XZ 100042e0 f i umodsys_lib_libui:umodsys.mod.ui.SDL_core.obj
 0001:000033b0       ?open@RRenderDriver2D@SDL_core@ui@modules@UModSys@@QAE_NABUSParameters@core@5@@Z 100043b0 f i umodsys_lib_libui:umodsys.mod.ui.SDL_core.obj
 0001:00003560       ?set_color@RRenderDriver2D@SDL_core@ui@modules@UModSys@@QAEXXZ 10004560 f i umodsys_lib_libui:umodsys.mod.ui.SDL_core.obj
 0001:00003650       ?begin@RRenderDriver2D@SDL_core@ui@modules@UModSys@@UAEXXZ 10004650 f i umodsys_lib_libui:umodsys.mod.ui.SDL_core.obj
 0001:00003730       ?end@RRenderDriver2D@SDL_core@ui@modules@UModSys@@UAEXXZ 10004730 f i umodsys_lib_libui:umodsys.mod.ui.SDL_core.obj
 0001:00003740       ?get_max_values@RRenderDriver2D@SDL_core@ui@modules@UModSys@@UBEPBUSParameters@core@5@XZ 10004740 f i umodsys_lib_libui:umodsys.mod.ui.SDL_core.obj
 0001:00003750       ?get_frame_values@RRenderDriver2D@SDL_core@ui@modules@UModSys@@UBEPBUSParameters@core@5@XZ 10004750 f i umodsys_lib_libui:umodsys.mod.ui.SDL_core.obj
 0001:00003760       ?setup_font@RRenderDriver2D@SDL_core@ui@modules@UModSys@@UAE_NPAUIMultiImage@lib2d@5@PBU?$TVector2@M@math3d@5@@Z 10004760 f i umodsys_lib_libui:umodsys.mod.ui.SDL_core.obj
 0001:000037c0       ?setup_color@RRenderDriver2D@SDL_core@ui@modules@UModSys@@UAEXABU?$TVector3@M@math3d@5@@Z 100047c0 f i umodsys_lib_libui:umodsys.mod.ui.SDL_core.obj
 0001:000037f0       ?setup_color@RRenderDriver2D@SDL_core@ui@modules@UModSys@@UAEXABU?$TVector3@H@math3d@5@@Z 100047f0 f i umodsys_lib_libui:umodsys.mod.ui.SDL_core.obj
 0001:00003840       ?setup_coloralpha@RRenderDriver2D@SDL_core@ui@modules@UModSys@@UAEXABU?$TVector4@M@math3d@5@H@Z 10004840 f i umodsys_lib_libui:umodsys.mod.ui.SDL_core.obj
 0001:00003880       ?setup_coloralpha@RRenderDriver2D@SDL_core@ui@modules@UModSys@@UAEXABU?$TVector4@H@math3d@5@H@Z 10004880 f i umodsys_lib_libui:umodsys.mod.ui.SDL_core.obj
 0001:000038e0       ?setup_blendcolor@RRenderDriver2D@SDL_core@ui@modules@UModSys@@UAEXABUSBlendColor@lib2d@5@@Z 100048e0 f i umodsys_lib_libui:umodsys.mod.ui.SDL_core.obj
 0001:00003940       ?setup_blendcolor@RRenderDriver2D@SDL_core@ui@modules@UModSys@@UAEXABUSBlendColorf@lib2d@5@@Z 10004940 f i umodsys_lib_libui:umodsys.mod.ui.SDL_core.obj
 0001:000039a0       ?setup_alpha@RRenderDriver2D@SDL_core@ui@modules@UModSys@@UAEXHH@Z 100049a0 f i umodsys_lib_libui:umodsys.mod.ui.SDL_core.obj
 0001:000039d0       ?setup_alpha@RRenderDriver2D@SDL_core@ui@modules@UModSys@@UAEXMH@Z 100049d0 f i umodsys_lib_libui:umodsys.mod.ui.SDL_core.obj
 0001:000039f0       ?render_text_advanced@RRenderDriver2D@SDL_core@ui@modules@UModSys@@UAE_NAAUTextInfo@IRenderDriver@lib2d@5@PBHH@Z 100049f0 f i umodsys_lib_libui:umodsys.mod.ui.SDL_core.obj
 0001:00003bf0       ?render_box@RRenderDriver2D@SDL_core@ui@modules@UModSys@@UAEXABU?$TVector2@H@math3d@5@0@Z 10004bf0 f i umodsys_lib_libui:umodsys.mod.ui.SDL_core.obj
 0001:00003c40       ?render_tri@RRenderDriver2D@SDL_core@ui@modules@UModSys@@UAEXABU?$TVector2@H@math3d@5@00@Z 10004c40 f i umodsys_lib_libui:umodsys.mod.ui.SDL_core.obj
 0001:00003cb0       ?render_quad@RRenderDriver2D@SDL_core@ui@modules@UModSys@@UAEXABU?$TVector2@H@math3d@5@000@Z 10004cb0 f i umodsys_lib_libui:umodsys.mod.ui.SDL_core.obj
 0001:00003d30       ?render_box@RRenderDriver2D@SDL_core@ui@modules@UModSys@@UAEXPAUIImage@lib2d@5@ABU?$TVector2@H@math3d@5@1ABU?$TVector2@M@95@2@Z 10004d30 f i umodsys_lib_libui:umodsys.mod.ui.SDL_core.obj
 0001:00003d40       ?render_line@RRenderDriver2D@SDL_core@ui@modules@UModSys@@UAEXABU?$TVector2@H@math3d@5@0@Z 10004d40 f i umodsys_lib_libui:umodsys.mod.ui.SDL_core.obj
 0001:00003d70       ?render_rect@RRenderDriver2D@SDL_core@ui@modules@UModSys@@UAEXABU?$TVector2@H@math3d@5@0@Z 10004d70 f i umodsys_lib_libui:umodsys.mod.ui.SDL_core.obj
 0001:00003dc0       ??_GRRenderDriver2D@SDL_core@ui@modules@UModSys@@UAEPAXI@Z 10004dc0 f i umodsys_lib_libui:umodsys.mod.ui.SDL_core.obj
 0001:00003dc0       ??_ERRenderDriver2D@SDL_core@ui@modules@UModSys@@UAEPAXI@Z 10004dc0 f i  CIL library: CIL module
 0001:00003de0       ?root_get_interface_info@RMouseController@SDL_core@ui@modules@UModSys@@UBEABUSUniquePointerInfo@core@5@XZ 10004de0 f i umodsys_lib_libui:umodsys.mod.ui.SDL_core.obj
 0001:00003df0       ?root_get_interface_type@RMouseController@SDL_core@ui@modules@UModSys@@UBEPBUSUniquePointerInfo@core@5@XZ 10004df0 f i umodsys_lib_libui:umodsys.mod.ui.SDL_core.obj
 0001:00003e00       ?root_get_other_interface@RMouseController@SDL_core@ui@modules@UModSys@@UAEPAUIRoot@core@5@PBUSUniquePointerInfo@75@@Z 10004e00 f i umodsys_lib_libui:umodsys.mod.ui.SDL_core.obj
 0001:00003e00       ?root_get_other_interface@RMouseController@SDL_core@ui@modules@UModSys@@UBEPBUIRoot@core@5@PBUSUniquePointerInfo@75@@Z 10004e00 f i umodsys_lib_libui:umodsys.mod.ui.SDL_core.obj
 0001:00003e30       ?root_is_interface_supported@RMouseController@SDL_core@ui@modules@UModSys@@UBE_NPBUSUniquePointerInfo@core@5@@Z 10004e30 f i umodsys_lib_libui:umodsys.mod.ui.SDL_core.obj
 0001:00003e70       ?ref_links@RKeyboardController@SDL_core@ui@modules@UModSys@@UBEHXZ 10004e70 f i umodsys_lib_libui:umodsys.mod.ui.SDL_core.obj
 0001:00003e70       ?ref_links@RGenerator@frames@ui@modules@UModSys@@UBEHXZ 10004e70 f i umodsys_lib_libui:umodsys.mod.ui.frames.obj
 0001:00003e70       ?ref_links@RGenerator@stdlib@lib2d@modules@UModSys@@UBEHXZ 10004e70 f i umodsys_lib_lib2d:umodsys.mod.2d.stdlib.obj
 0001:00003e70       ?ref_links@RGenerator@SDL_core@ui@modules@UModSys@@UBEHXZ 10004e70 f i umodsys_lib_libui:umodsys.mod.ui.SDL_core.obj
 0001:00003e70       ?ref_links@RImage_Memory@stdlib@lib2d@modules@UModSys@@UBEHXZ 10004e70 f i umodsys_lib_lib2d:umodsys.mod.2d.stdlib.obj
 0001:00003e70       ?ref_links@RTerminal@SDL_core@ui@modules@UModSys@@UBEHXZ 10004e70 f i umodsys_lib_libui:umodsys.mod.ui.SDL_core.obj
 0001:00003e70       ?ref_links@RDialog@frames@ui@modules@UModSys@@UBEHXZ 10004e70 f i umodsys_lib_libui:umodsys.mod.ui.frames.obj
 0001:00003e70       ?ref_links@RMultiImage2D_SDL_ttf@SDL_core@ui@modules@UModSys@@UBEHXZ 10004e70 f i umodsys_lib_libui:umodsys.mod.ui.SDL_core.obj
 0001:00003e70       ?ref_links@RSerializeReader@serialize_json@media@modules@UModSys@@UBEHXZ 10004e70 f i umodsys_lib_libmedia:umodsys.mod.media.serialize_json.obj
 0001:00003e70       ?ref_links@RGenerator@test1@test@modules@UModSys@@UBEHXZ 10004e70 f i plugin_test1.obj
 0001:00003e70       ?ref_links@RGenerator@images_std@media@modules@UModSys@@UBEHXZ 10004e70 f i umodsys_lib_libmedia:umodsys.mod.media.images_std.obj
 0001:00003e70       ?ref_links@RRenderDriver2D@SDL_core@ui@modules@UModSys@@UBEHXZ 10004e70 f i umodsys_lib_libui:umodsys.mod.ui.SDL_core.obj
 0001:00003e70       ?ref_links@RGenerator@serialize_json@media@modules@UModSys@@UBEHXZ 10004e70 f i umodsys_lib_libmedia:umodsys.mod.media.serialize_json.obj
 0001:00003e70       ?ref_links@RMouseController@SDL_core@ui@modules@UModSys@@UBEHXZ 10004e70 f i umodsys_lib_libui:umodsys.mod.ui.SDL_core.obj
 0001:00003e80       ?suicide@RDialog@frames@ui@modules@UModSys@@UAEXXZ 10004e80 f i umodsys_lib_libui:umodsys.mod.ui.frames.obj
 0001:00003e80       ?suicide@RKeyboardController@SDL_core@ui@modules@UModSys@@UAEXXZ 10004e80 f i umodsys_lib_libui:umodsys.mod.ui.SDL_core.obj
 0001:00003e80       ?suicide@RRenderDriver2D@SDL_core@ui@modules@UModSys@@UAEXXZ 10004e80 f i umodsys_lib_libui:umodsys.mod.ui.SDL_core.obj
 0001:00003e80       ?suicide@RMultiImage2D_SDL_ttf@SDL_core@ui@modules@UModSys@@UAEXXZ 10004e80 f i umodsys_lib_libui:umodsys.mod.ui.SDL_core.obj
 0001:00003e80       ?suicide@RMouseController@SDL_core@ui@modules@UModSys@@UAEXXZ 10004e80 f i umodsys_lib_libui:umodsys.mod.ui.SDL_core.obj
 0001:00003e90       ??0RMouseController@SDL_core@ui@modules@UModSys@@QAE@PAURTerminal@1234@ABUSParameters@core@4@@Z 10004e90 f i umodsys_lib_libui:umodsys.mod.ui.SDL_core.obj
 0001:00003ef0       ??1RMouseController@SDL_core@ui@modules@UModSys@@UAE@XZ 10004ef0 f i umodsys_lib_libui:umodsys.mod.ui.SDL_core.obj
 0001:00003f50       ?process@RMouseController@SDL_core@ui@modules@UModSys@@QAE_NAAUSDL_MouseMotionEvent@@@Z 10004f50 f i umodsys_lib_libui:umodsys.mod.ui.SDL_core.obj
 0001:000040a0       ?process@RMouseController@SDL_core@ui@modules@UModSys@@QAE_NAAUSDL_MouseButtonEvent@@@Z 100050a0 f i umodsys_lib_libui:umodsys.mod.ui.SDL_core.obj
 0001:000041d0       ?process@RMouseController@SDL_core@ui@modules@UModSys@@QAE_NAAUSDL_MouseWheelEvent@@@Z 100051d0 f i umodsys_lib_libui:umodsys.mod.ui.SDL_core.obj
 0001:000042e0       ?mouse_link@RMouseController@SDL_core@ui@modules@UModSys@@UAE_NHPAUIRefObject@core@5@PAUIMouseClient@libui@5@H@Z 100052e0 f i umodsys_lib_libui:umodsys.mod.ui.SDL_core.obj
 0001:00004340       ?mouse_reset@RMouseController@SDL_core@ui@modules@UModSys@@UAE_NXZ 10005340 f i umodsys_lib_libui:umodsys.mod.ui.SDL_core.obj
 0001:00004340       ?key_reset@RKeyboardController@SDL_core@ui@modules@UModSys@@UAE_NXZ 10005340 f i umodsys_lib_libui:umodsys.mod.ui.SDL_core.obj
 0001:00004350       ?set_hint@RMultiImage2D_SDL_ttf@SDL_core@ui@modules@UModSys@@UAE_NPBD0@Z 10005350 f i umodsys_lib_libui:umodsys.mod.ui.SDL_core.obj
 0001:00004350       ?set_parameters@RRenderDriver2D@SDL_core@ui@modules@UModSys@@UAE_NPBDABUSParameters@core@5@@Z 10005350 f i umodsys_lib_libui:umodsys.mod.ui.SDL_core.obj
 0001:00004350       ?key_setrepeat@RKeyboardController@SDL_core@ui@modules@UModSys@@UAE_NMM@Z 10005350 f i umodsys_lib_libui:umodsys.mod.ui.SDL_core.obj
 0001:00004350       ?mouse_setposition@RMouseController@SDL_core@ui@modules@UModSys@@UAE_NHH@Z 10005350 f i umodsys_lib_libui:umodsys.mod.ui.SDL_core.obj
 0001:00004350       ?set_fixed_cell@RMultiImage2D_SDL_ttf@SDL_core@ui@modules@UModSys@@UAE_NHH@Z 10005350 f i umodsys_lib_libui:umodsys.mod.ui.SDL_core.obj
 0001:00004360       ??_ERMouseController@SDL_core@ui@modules@UModSys@@UAEPAXI@Z 10005360 f i  CIL library: CIL module
 0001:00004360       ??_GRMouseController@SDL_core@ui@modules@UModSys@@UAEPAXI@Z 10005360 f i umodsys_lib_libui:umodsys.mod.ui.SDL_core.obj
 0001:00004380       ?root_get_interface_info@RKeyboardController@SDL_core@ui@modules@UModSys@@UBEABUSUniquePointerInfo@core@5@XZ 10005380 f i umodsys_lib_libui:umodsys.mod.ui.SDL_core.obj
 0001:00004390       ?root_get_interface_type@RKeyboardController@SDL_core@ui@modules@UModSys@@UBEPBUSUniquePointerInfo@core@5@XZ 10005390 f i umodsys_lib_libui:umodsys.mod.ui.SDL_core.obj
 0001:000043a0       ?root_get_other_interface@RKeyboardController@SDL_core@ui@modules@UModSys@@UBEPBUIRoot@core@5@PBUSUniquePointerInfo@75@@Z 100053a0 f i umodsys_lib_libui:umodsys.mod.ui.SDL_core.obj
 0001:000043a0       ?root_get_other_interface@RKeyboardController@SDL_core@ui@modules@UModSys@@UAEPAUIRoot@core@5@PBUSUniquePointerInfo@75@@Z 100053a0 f i umodsys_lib_libui:umodsys.mod.ui.SDL_core.obj
 0001:000043d0       ?root_is_interface_supported@RKeyboardController@SDL_core@ui@modules@UModSys@@UBE_NPBUSUniquePointerInfo@core@5@@Z 100053d0 f i umodsys_lib_libui:umodsys.mod.ui.SDL_core.obj
 0001:00004410       ?ref_remove@RKeyboardController@SDL_core@ui@modules@UModSys@@UBEXXZ 10005410 f i umodsys_lib_libui:umodsys.mod.ui.SDL_core.obj
 0001:00004410       ?ref_remove@RMouseController@SDL_core@ui@modules@UModSys@@UBEXXZ 10005410 f i umodsys_lib_libui:umodsys.mod.ui.SDL_core.obj
 0001:00004410       ?ref_remove@RGenerator@serialize_json@media@modules@UModSys@@UBEXXZ 10005410 f i umodsys_lib_libmedia:umodsys.mod.media.serialize_json.obj
 0001:00004410       ?ref_remove@RGenerator@frames@ui@modules@UModSys@@UBEXXZ 10005410 f i umodsys_lib_libui:umodsys.mod.ui.frames.obj
 0001:00004410       ?ref_remove@RMultiImage2D_SDL_ttf@SDL_core@ui@modules@UModSys@@UBEXXZ 10005410 f i umodsys_lib_libui:umodsys.mod.ui.SDL_core.obj
 0001:00004410       ?ref_remove@RSerializeReader@serialize_json@media@modules@UModSys@@UBEXXZ 10005410 f i umodsys_lib_libmedia:umodsys.mod.media.serialize_json.obj
 0001:00004410       ?ref_remove@RTerminal@SDL_core@ui@modules@UModSys@@UBEXXZ 10005410 f i umodsys_lib_libui:umodsys.mod.ui.SDL_core.obj
 0001:00004410       ?ref_remove@RGenerator@SDL_core@ui@modules@UModSys@@UBEXXZ 10005410 f i umodsys_lib_libui:umodsys.mod.ui.SDL_core.obj
 0001:00004410       ?ref_remove@RDialog@frames@ui@modules@UModSys@@UBEXXZ 10005410 f i umodsys_lib_libui:umodsys.mod.ui.frames.obj
 0001:00004410       ?ref_remove@RGenerator@images_std@media@modules@UModSys@@UBEXXZ 10005410 f i umodsys_lib_libmedia:umodsys.mod.media.images_std.obj
 0001:00004410       ?ref_remove@RGenerator@stdlib@lib2d@modules@UModSys@@UBEXXZ 10005410 f i umodsys_lib_lib2d:umodsys.mod.2d.stdlib.obj
 0001:00004410       ?ref_remove@RImage_Memory@stdlib@lib2d@modules@UModSys@@UBEXXZ 10005410 f i umodsys_lib_lib2d:umodsys.mod.2d.stdlib.obj
 0001:00004410       ?ref_remove@RRenderDriver2D@SDL_core@ui@modules@UModSys@@UBEXXZ 10005410 f i umodsys_lib_libui:umodsys.mod.ui.SDL_core.obj
 0001:00004410       ?ref_remove@RGenerator@test1@test@modules@UModSys@@UBEXXZ 10005410 f i plugin_test1.obj
 0001:00004420       ??0RKeyboardController@SDL_core@ui@modules@UModSys@@QAE@PAURTerminal@1234@ABUSParameters@core@4@@Z 10005420 f i umodsys_lib_libui:umodsys.mod.ui.SDL_core.obj
 0001:00004480       ??1RKeyboardController@SDL_core@ui@modules@UModSys@@UAE@XZ 10005480 f i umodsys_lib_libui:umodsys.mod.ui.SDL_core.obj
 0001:000044e0       ?process@RKeyboardController@SDL_core@ui@modules@UModSys@@QAE_NAAUSDL_KeyboardEvent@@@Z 100054e0 f i umodsys_lib_libui:umodsys.mod.ui.SDL_core.obj
 0001:000045c0       ?process@RKeyboardController@SDL_core@ui@modules@UModSys@@QAE_NAAUSDL_TextInputEvent@@@Z 100055c0 f i umodsys_lib_libui:umodsys.mod.ui.SDL_core.obj
 0001:000046b0       ?map_keycode@RKeyboardController@SDL_core@ui@modules@UModSys@@QAE?AW4eKeyCode@libui@5@H@Z 100056b0 f i umodsys_lib_libui:umodsys.mod.ui.SDL_core.obj
 0001:00004bf0       ?map_keyspecial@RKeyboardController@SDL_core@ui@modules@UModSys@@QAEFG@Z 10005bf0 f i umodsys_lib_libui:umodsys.mod.ui.SDL_core.obj
 0001:00004c70       ?key_unlink@RKeyboardController@SDL_core@ui@modules@UModSys@@UAE_NH@Z 10005c70 f i umodsys_lib_libui:umodsys.mod.ui.SDL_core.obj
 0001:00004c70       ?mouse_unlink@RMouseController@SDL_core@ui@modules@UModSys@@UAE_NH@Z 10005c70 f i umodsys_lib_libui:umodsys.mod.ui.SDL_core.obj
 0001:00004cb0       ?key_link@RKeyboardController@SDL_core@ui@modules@UModSys@@UAE_NHPAUIRefObject@core@5@PAUIKeyboardClient@libui@5@@Z 10005cb0 f i umodsys_lib_libui:umodsys.mod.ui.SDL_core.obj
 0001:00004d00       ?key_setvisible@RKeyboardController@SDL_core@ui@modules@UModSys@@UAE_N_N@Z 10005d00 f i umodsys_lib_libui:umodsys.mod.ui.SDL_core.obj
 0001:00004d20       ??_ERKeyboardController@SDL_core@ui@modules@UModSys@@UAEPAXI@Z 10005d20 f i  CIL library: CIL module
 0001:00004d20       ??_GRKeyboardController@SDL_core@ui@modules@UModSys@@UAEPAXI@Z 10005d20 f i umodsys_lib_libui:umodsys.mod.ui.SDL_core.obj
 0001:00004d40       ?root_get_interface_info@RTerminal@SDL_core@ui@modules@UModSys@@UBEABUSUniquePointerInfo@core@5@XZ 10005d40 f i umodsys_lib_libui:umodsys.mod.ui.SDL_core.obj
 0001:00004d50       ?root_get_interface_type@RTerminal@SDL_core@ui@modules@UModSys@@UBEPBUSUniquePointerInfo@core@5@XZ 10005d50 f i umodsys_lib_libui:umodsys.mod.ui.SDL_core.obj
 0001:00004d60       ?root_get_other_interface@RTerminal@SDL_core@ui@modules@UModSys@@UBEPBUIRoot@core@5@PBUSUniquePointerInfo@75@@Z 10005d60 f i umodsys_lib_libui:umodsys.mod.ui.SDL_core.obj
 0001:00004d60       ?root_get_other_interface@RTerminal@SDL_core@ui@modules@UModSys@@UAEPAUIRoot@core@5@PBUSUniquePointerInfo@75@@Z 10005d60 f i umodsys_lib_libui:umodsys.mod.ui.SDL_core.obj
 0001:00004d90       ?root_is_interface_supported@RTerminal@SDL_core@ui@modules@UModSys@@UBE_NPBUSUniquePointerInfo@core@5@@Z 10005d90 f i umodsys_lib_libui:umodsys.mod.ui.SDL_core.obj
 0001:00004dd0       ?suicide@RImage_Memory@stdlib@lib2d@modules@UModSys@@UAEXXZ 10005dd0 f i umodsys_lib_lib2d:umodsys.mod.2d.stdlib.obj
 0001:00004dd0       ?suicide@RTerminal@SDL_core@ui@modules@UModSys@@UAEXXZ 10005dd0 f i umodsys_lib_libui:umodsys.mod.ui.SDL_core.obj
 0001:00004dd0       ?suicide@RSerializeReader@serialize_json@media@modules@UModSys@@UAEXXZ 10005dd0 f i umodsys_lib_libmedia:umodsys.mod.media.serialize_json.obj
 0001:00004de0       ??0RTerminal@SDL_core@ui@modules@UModSys@@QAE@PAUIModObject@base@4@ABUSParameters@core@4@@Z 10005de0 f i umodsys_lib_libui:umodsys.mod.ui.SDL_core.obj
 0001:00004e80       ??1RTerminal@SDL_core@ui@modules@UModSys@@UAE@XZ 10005e80 f i umodsys_lib_libui:umodsys.mod.ui.SDL_core.obj
 0001:00004f30       ?poll_events@RTerminal@SDL_core@ui@modules@UModSys@@UAE_NH@Z 10005f30 f i umodsys_lib_libui:umodsys.mod.ui.SDL_core.obj
 0001:00005070       ?get_terminal_state@RTerminal@SDL_core@ui@modules@UModSys@@UAE_NW4eTerminalState@libui@5@@Z 10006070 f i umodsys_lib_libui:umodsys.mod.ui.SDL_core.obj
 0001:00005090       ?set_terminal_state@RTerminal@SDL_core@ui@modules@UModSys@@UAE_NW4eTerminalState@libui@5@_N@Z 10006090 f i umodsys_lib_libui:umodsys.mod.ui.SDL_core.obj
 0001:00005100       ?get_clock@RTerminal@SDL_core@ui@modules@UModSys@@UAENXZ 10006100 f i umodsys_lib_libui:umodsys.mod.ui.SDL_core.obj
 0001:00005120       ?wait@RTerminal@SDL_core@ui@modules@UModSys@@UAE_NM@Z 10006120 f i umodsys_lib_libui:umodsys.mod.ui.SDL_core.obj
 0001:00005160       ?get_count@RTerminal@SDL_core@ui@modules@UModSys@@UBEIPBUSUniquePointerInfo@core@5@@Z 10006160 f i umodsys_lib_libui:umodsys.mod.ui.SDL_core.obj
 0001:000051a0       ?get_handler@RTerminal@SDL_core@ui@modules@UModSys@@UBEPAUIRefObject@core@5@PBUSUniquePointerInfo@75@I@Z 100061a0 f i umodsys_lib_libui:umodsys.mod.ui.SDL_core.obj
 0001:000051f0       ?get_handler@RTerminal@SDL_core@ui@modules@UModSys@@UBEPAUIRefObject@core@5@PBUSUniquePointerInfo@75@PBD@Z 100061f0 f i umodsys_lib_libui:umodsys.mod.ui.SDL_core.obj
 0001:00005200       ?get_friend_handler@RTerminal@SDL_core@ui@modules@UModSys@@UBEPAUIRefObject@core@5@PBUSUniquePointerInfo@75@PAU675@@Z 10006200 f i umodsys_lib_libui:umodsys.mod.ui.SDL_core.obj
 0001:00005210       ?create_handler@RTerminal@SDL_core@ui@modules@UModSys@@UAE_NPBUSUniquePointerInfo@core@5@AAU?$TRefObject@UIRefObject@core@UModSys@@U?$TRefObjectFunc@UIRefObject@core@UModSys@@@tl@3@@tl@5@PBDPBUSParameters@75@@Z 10006210 f i umodsys_lib_libui:umodsys.mod.ui.SDL_core.obj
 0001:000054c0       ??_ERTerminal@SDL_core@ui@modules@UModSys@@UAEPAXI@Z 100064c0 f i  CIL library: CIL module
 0001:000054c0       ??_GRTerminal@SDL_core@ui@modules@UModSys@@UAEPAXI@Z 100064c0 f i umodsys_lib_libui:umodsys.mod.ui.SDL_core.obj
 0001:000054e0       ??1IMouseController@libui@UModSys@@UAE@XZ 100064e0 f i umodsys_lib_libui:umodsys.mod.ui.SDL_core.obj
 0001:000054e0       ??1IFrame@libui@UModSys@@UAE@XZ 100064e0 f i umodsys_lib_libui:umodsys.mod.ui.frames.obj
 0001:000054e0       ??1ISerializeWriter@libmedia@UModSys@@UAE@XZ 100064e0 f i umodsys_lib_libmedia:umodsys.mod.media.serialize_json.obj
 0001:000054e0       ??1IDialog@libui@UModSys@@UAE@XZ 100064e0 f i umodsys_lib_libui:umodsys.mod.ui.frames.obj
 0001:000054e0       ??1IKeyboardController@libui@UModSys@@UAE@XZ 100064e0 f i umodsys_lib_libui:umodsys.mod.ui.SDL_core.obj
 0001:000054e0       ??1IRenderDriver@lib2d@UModSys@@UAE@XZ 100064e0 f i umodsys_lib_libui:umodsys.mod.ui.SDL_core.obj
 0001:000054e0       ??1IBinObjFilter@libmedia@UModSys@@UAE@XZ 100064e0 f i plugin_test1.obj
 0001:000054e0       ??1IShell@base@UModSys@@UAE@XZ 100064e0 f i plugin_test1.obj
 0001:000054e0       ??1IMultiImage@lib2d@UModSys@@UAE@XZ 100064e0 f i umodsys_lib_libui:umodsys.mod.ui.SDL_core.obj
 0001:000054e0       ??1IImage@lib2d@UModSys@@UAE@XZ 100064e0 f i umodsys_lib_lib2d:umodsys.mod.2d.stdlib.obj
 0001:000054e0       ??1ICollector@libui@UModSys@@UAE@XZ 100064e0 f i umodsys_lib_libui:umodsys.mod.ui.frames.obj
 0001:000054e0       ??1ITerminal@libui@UModSys@@UAE@XZ 100064e0 f i umodsys_lib_libui:umodsys.mod.ui.SDL_core.obj
 0001:000054e0       ??1ISerializeReader@libmedia@UModSys@@UAE@XZ 100064e0 f i umodsys_lib_libmedia:umodsys.mod.media.serialize_json.obj
 0001:000054f0       ?get_generated_names@RGenerator@SDL_core@ui@modules@UModSys@@UBEHAAUSUniquePtrList@core@5@@Z 100064f0 f i umodsys_lib_libui:umodsys.mod.ui.SDL_core.obj
 0001:00005510       ?get_generated_types@RGenerator@SDL_core@ui@modules@UModSys@@UBEHAAUSUniquePtrList@core@5@PBUSUniquePointerInfo@75@@Z 10006510 f i umodsys_lib_libui:umodsys.mod.ui.SDL_core.obj
 0001:00005560       ?generate@RGenerator@SDL_core@ui@modules@UModSys@@UAE_NAAU?$TRefObject@UIRefObject@core@UModSys@@U?$TRefObjectFunc@UIRefObject@core@UModSys@@@tl@3@@tl@5@PBUSUniquePointerInfo@core@5@ABUSParameters@95@@Z 10006560 f i umodsys_lib_libui:umodsys.mod.ui.SDL_core.obj
 0001:00005590       ?root_get_interface_info@RGenerator@SDL_core@ui@modules@UModSys@@UBEABUSUniquePointerInfo@core@5@XZ 10006590 f i umodsys_lib_libui:umodsys.mod.ui.SDL_core.obj
 0001:000055a0       ?root_get_interface_type@RGenerator@SDL_core@ui@modules@UModSys@@UBEPBUSUniquePointerInfo@core@5@XZ 100065a0 f i umodsys_lib_libui:umodsys.mod.ui.SDL_core.obj
 0001:000055b0       ?root_get_other_interface@RGenerator@SDL_core@ui@modules@UModSys@@UBEPBUIRoot@core@5@PBUSUniquePointerInfo@75@@Z 100065b0 f i umodsys_lib_libui:umodsys.mod.ui.SDL_core.obj
 0001:000055b0       ?root_get_other_interface@RGenerator@SDL_core@ui@modules@UModSys@@UAEPAUIRoot@core@5@PBUSUniquePointerInfo@75@@Z 100065b0 f i umodsys_lib_libui:umodsys.mod.ui.SDL_core.obj
 0001:000055f0       ?root_is_interface_supported@RGenerator@SDL_core@ui@modules@UModSys@@UBE_NPBUSUniquePointerInfo@core@5@@Z 100065f0 f i umodsys_lib_libui:umodsys.mod.ui.SDL_core.obj
 0001:00005630       ?get_uid@RGenerator@SDL_core@ui@modules@UModSys@@UBEPBUSUniquePointerInfo@core@5@XZ 10006630 f i umodsys_lib_libui:umodsys.mod.ui.SDL_core.obj
 0001:00005640       ?do_open@RModuleReg@SDL_core@ui@modules@UModSys@@UAE_NXZ 10006640 f i umodsys_lib_libui:umodsys.mod.ui.SDL_core.obj
 0001:00005650       ?do_close@RModuleReg@SDL_core@ui@modules@UModSys@@UAE_NXZ 10006650 f i umodsys_lib_libui:umodsys.mod.ui.SDL_core.obj
 0001:00005660       ??_GRModuleReg@SDL_core@ui@modules@UModSys@@UAEPAXI@Z 10006660 f i umodsys_lib_libui:umodsys.mod.ui.SDL_core.obj
 0001:00005660       ??_ERModuleReg@SDL_core@ui@modules@UModSys@@UAEPAXI@Z 10006660 f i  CIL library: CIL module
 0001:00005690       ??1?$TScatterArray@UGlyph@RMultiImage2D_SDL_ttf@SDL_core@ui@modules@UModSys@@HU?$TScalarCompare@H@core@6@U?$TNodeDeleter0@U?$TScatterArrayNode@UGlyph@RMultiImage2D_SDL_ttf@SDL_core@ui@modules@UModSys@@H@tl@UModSys@@@tl@6@@tl@UModSys@@QAE@XZ 10006690 f i umodsys_lib_libui:umodsys.mod.ui.SDL_core.obj
 0001:000056b0       ??4?$TRefObject@URMouseController@SDL_core@ui@modules@UModSys@@U?$TRefObjectWeakFunc@URMouseController@SDL_core@ui@modules@UModSys@@@tl@5@@tl@UModSys@@QAEABU012@PAURMouseController@SDL_core@ui@modules@2@@Z 100066b0 f i umodsys_lib_libui:umodsys.mod.ui.SDL_core.obj
 0001:000056b0       ??4?$TRefObject@URKeyboardController@SDL_core@ui@modules@UModSys@@U?$TRefObjectWeakFunc@URKeyboardController@SDL_core@ui@modules@UModSys@@@tl@5@@tl@UModSys@@QAEABU012@PAURKeyboardController@SDL_core@ui@modules@2@@Z 100066b0 f i umodsys_lib_libui:umodsys.mod.ui.SDL_core.obj
 0001:000056f0       ?remove_node@?$TTreeHoldRB@U?$TScatterArrayNode@U?$TRefObjectComposite@UIKeyboardClient@libui@UModSys@@UIRefObject@core@3@U?$TRefObjectFunc@UIRefObject@core@UModSys@@@tl@3@@tl@UModSys@@H@tl@UModSys@@@tl@UModSys@@QAEXPAU?$TScatterArrayNode@U?$TRefObjectComposite@UIKeyboardClient@libui@UModSys@@UIRefObject@core@3@U?$TRefObjectFunc@UIRefObject@core@UModSys@@@tl@3@@tl@UModSys@@H@23@@Z 100066f0 f i umodsys_lib_libui:umodsys.mod.ui.SDL_core.obj
 0001:000056f0       ?remove_node@?$TTreeHoldRB@U?$TScatterArrayNode@U?$TRefObjectCompositeExtra@UIMouseClient@libui@UModSys@@HUIRefObject@core@3@U?$TRefObjectFunc@UIRefObject@core@UModSys@@@tl@3@@tl@UModSys@@H@tl@UModSys@@@tl@UModSys@@QAEXPAU?$TScatterArrayNode@U?$TRefObjectCompositeExtra@UIMouseClient@libui@UModSys@@HUIRefObject@core@3@U?$TRefObjectFunc@UIRefObject@core@UModSys@@@tl@3@@tl@UModSys@@H@23@@Z 100066f0 f i umodsys_lib_libui:umodsys.mod.ui.SDL_core.obj
 0001:000057e0       ??1?$TPair@HU?$TRefObjectComposite@UIKeyboardClient@libui@UModSys@@UIRefObject@core@3@U?$TRefObjectFunc@UIRefObject@core@UModSys@@@tl@3@@tl@UModSys@@@tl@UModSys@@QAE@XZ 100067e0 f i umodsys_lib_libui:umodsys.mod.ui.SDL_core.obj
 0001:000057e0       ??1?$TPair@HU?$TRefObjectCompositeExtra@UIMouseClient@libui@UModSys@@HUIRefObject@core@3@U?$TRefObjectFunc@UIRefObject@core@UModSys@@@tl@3@@tl@UModSys@@@tl@UModSys@@QAE@XZ 100067e0 f i umodsys_lib_libui:umodsys.mod.ui.SDL_core.obj
 0001:000057f0       ??1?$TRefObjectComposite@UIController@libui@UModSys@@UIRefObject@core@3@U?$TRefObjectFunc@UIRefObject@core@UModSys@@@tl@3@@tl@UModSys@@QAE@XZ 100067f0 f i umodsys_lib_libui:umodsys.mod.ui.frames.obj
 0001:000057f0       ??1?$TRefObjectComposite@UIKeyboardClient@libui@UModSys@@UIRefObject@core@3@U?$TRefObjectFunc@UIRefObject@core@UModSys@@@tl@3@@tl@UModSys@@QAE@XZ 100067f0 f i umodsys_lib_libui:umodsys.mod.ui.SDL_core.obj
 0001:000057f0       ??1?$TRefObjectCompositeExtra@UIMouseClient@libui@UModSys@@HUIRefObject@core@3@U?$TRefObjectFunc@UIRefObject@core@UModSys@@@tl@3@@tl@UModSys@@QAE@XZ 100067f0 f i umodsys_lib_libui:umodsys.mod.ui.SDL_core.obj
 0001:00005860       ??$t_ref_get_other_interface@URMultiImage2D_SDL_ttf@SDL_core@ui@modules@UModSys@@U?$TRefObjectWeakFunc@URMultiImage2D_SDL_ttf@SDL_core@ui@modules@UModSys@@@tl@5@@IRefObject@core@UModSys@@QAE_NAAU?$TRefObject@URMultiImage2D_SDL_ttf@SDL_core@ui@modules@UModSys@@U?$TRefObjectWeakFunc@URMultiImage2D_SDL_ttf@SDL_core@ui@modules@UModSys@@@tl@5@@tl@2@@Z 10006860 f i umodsys_lib_libui:umodsys.mod.ui.SDL_core.obj
 0001:000058c0       ?remove_color@?$TTreeHoldRB@U?$TScatterArrayNode@U?$TRefObjectComposite@UIKeyboardClient@libui@UModSys@@UIRefObject@core@3@U?$TRefObjectFunc@UIRefObject@core@UModSys@@@tl@3@@tl@UModSys@@H@tl@UModSys@@@tl@UModSys@@IAEXPAU?$TScatterArrayNode@U?$TRefObjectComposite@UIKeyboardClient@libui@UModSys@@UIRefObject@core@3@U?$TRefObjectFunc@UIRefObject@core@UModSys@@@tl@3@@tl@UModSys@@H@23@0@Z 100068c0 f i umodsys_lib_libui:umodsys.mod.ui.SDL_core.obj
 0001:000058c0       ?remove_color@?$TTreeHoldRB@U?$TScatterArrayNode@U?$TRefObjectCompositeExtra@UIMouseClient@libui@UModSys@@HUIRefObject@core@3@U?$TRefObjectFunc@UIRefObject@core@UModSys@@@tl@3@@tl@UModSys@@H@tl@UModSys@@@tl@UModSys@@IAEXPAU?$TScatterArrayNode@U?$TRefObjectCompositeExtra@UIMouseClient@libui@UModSys@@HUIRefObject@core@3@U?$TRefObjectFunc@UIRefObject@core@UModSys@@@tl@3@@tl@UModSys@@H@23@0@Z 100068c0 f i umodsys_lib_libui:umodsys.mod.ui.SDL_core.obj
 0001:00005a40       ?obj_delete@?$TRefObjectLinksModObject@URSerializeWriter@serialize_json@media@modules@UModSys@@UIModObject@base@5@@tl@UModSys@@QBEXPAURSerializeWriter@serialize_json@media@modules@3@@Z 10006a40 f i umodsys_lib_libmedia:umodsys.mod.media.serialize_json.obj
 0001:00005a40       ?obj_delete@?$TRefObjectLinksModObject@URTest1_Shell@test1@test@modules@UModSys@@UIModObject@base@5@@tl@UModSys@@QBEXPAURTest1_Shell@test1@test@modules@3@@Z 10006a40 f i plugin_test1.obj
 0001:00005a40       ?obj_delete@?$TRefObjectLinksModObject@URSerializeReader@serialize_json@media@modules@UModSys@@UIModObject@base@5@@tl@UModSys@@QBEXPAURSerializeReader@serialize_json@media@modules@3@@Z 10006a40 f i umodsys_lib_libmedia:umodsys.mod.media.serialize_json.obj
 0001:00005a40       ?obj_delete@?$TRefObjectLinksModObject@URMediaFilter@images_std@media@modules@UModSys@@UIModObject@base@5@@tl@UModSys@@QBEXPAURMediaFilter@images_std@media@modules@3@@Z 10006a40 f i umodsys_lib_libmedia:umodsys.mod.media.images_std.obj
 0001:00005a40       ?obj_delete@?$TRefObjectLinksModObject@URTerminal@SDL_core@ui@modules@UModSys@@UIModObject@base@5@@tl@UModSys@@QBEXPAURTerminal@SDL_core@ui@modules@3@@Z 10006a40 f i umodsys_lib_libui:umodsys.mod.ui.SDL_core.obj
 0001:00005a40       ?obj_delete@?$TRefObjectLinksModObject@URCollector@frames@ui@modules@UModSys@@UIModObject@base@5@@tl@UModSys@@QBEXPAURCollector@frames@ui@modules@3@@Z 10006a40 f i umodsys_lib_libui:umodsys.mod.ui.frames.obj
 0001:00005a40       ?obj_delete@?$TRefObjectLinksModObject@URImage_Memory@stdlib@lib2d@modules@UModSys@@UIModObject@base@5@@tl@UModSys@@QBEXPAURImage_Memory@stdlib@lib2d@modules@3@@Z 10006a40 f i umodsys_lib_lib2d:umodsys.mod.2d.stdlib.obj
 0001:00005ab0       ??$t_close@U?$TRefObject@URRenderDriver2D@SDL_core@ui@modules@UModSys@@U?$TRefObjectWeakFunc@URRenderDriver2D@SDL_core@ui@modules@UModSys@@@tl@5@@tl@UModSys@@@SDL_core@ui@modules@UModSys@@YA_NAAU?$TScatterArray@U?$TRefObject@URRenderDriver2D@SDL_core@ui@modules@UModSys@@U?$TRefObjectWeakFunc@URRenderDriver2D@SDL_core@ui@modules@UModSys@@@tl@5@@tl@UModSys@@HU?$TScalarCompare@H@core@3@U?$TNodeDeleter0@U?$TScatterArrayNode@U?$TRefObject@URRenderDriver2D@SDL_core@ui@modules@UModSys@@U?$TRefObjectWeakFunc@URRenderDriver2D@SDL_core@ui@modules@UModSys@@@tl@5@@tl@UModSys@@H@tl@UModSys@@@23@@tl@3@@Z 10006ab0 f i umodsys_lib_libui:umodsys.mod.ui.SDL_core.obj
 0001:00005b60       ??$t_count@U?$TRefObject@URRenderDriver2D@SDL_core@ui@modules@UModSys@@U?$TRefObjectWeakFunc@URRenderDriver2D@SDL_core@ui@modules@UModSys@@@tl@5@@tl@UModSys@@@SDL_core@ui@modules@UModSys@@YAIABU?$TScatterArray@U?$TRefObject@URRenderDriver2D@SDL_core@ui@modules@UModSys@@U?$TRefObjectWeakFunc@URRenderDriver2D@SDL_core@ui@modules@UModSys@@@tl@5@@tl@UModSys@@HU?$TScalarCompare@H@core@3@U?$TNodeDeleter0@U?$TScatterArrayNode@U?$TRefObject@URRenderDriver2D@SDL_core@ui@modules@UModSys@@U?$TRefObjectWeakFunc@URRenderDriver2D@SDL_core@ui@modules@UModSys@@@tl@5@@tl@UModSys@@H@tl@UModSys@@@23@@tl@3@@Z 10006b60 f i umodsys_lib_libui:umodsys.mod.ui.SDL_core.obj
 0001:00005bd0       ??$t_get@U?$TRefObject@URRenderDriver2D@SDL_core@ui@modules@UModSys@@U?$TRefObjectWeakFunc@URRenderDriver2D@SDL_core@ui@modules@UModSys@@@tl@5@@tl@UModSys@@@SDL_core@ui@modules@UModSys@@YAPAUIRefObject@core@3@ABU?$TScatterArray@U?$TRefObject@URRenderDriver2D@SDL_core@ui@modules@UModSys@@U?$TRefObjectWeakFunc@URRenderDriver2D@SDL_core@ui@modules@UModSys@@@tl@5@@tl@UModSys@@HU?$TScalarCompare@H@core@3@U?$TNodeDeleter0@U?$TScatterArrayNode@U?$TRefObject@URRenderDriver2D@SDL_core@ui@modules@UModSys@@U?$TRefObjectWeakFunc@URRenderDriver2D@SDL_core@ui@modules@UModSys@@@tl@5@@tl@UModSys@@H@tl@UModSys@@@23@@tl@3@I@Z 10006bd0 f i umodsys_lib_libui:umodsys.mod.ui.SDL_core.obj
 0001:00005c60       ??$ValidateConstruction@UIRefObject@core@UModSys@@URRenderDriver2D@SDL_core@ui@modules@3@@core@UModSys@@YA_NAAU?$TRefObject@UIRefObject@core@UModSys@@U?$TRefObjectFunc@UIRefObject@core@UModSys@@@tl@3@@tl@1@U?$TRefObject@URRenderDriver2D@SDL_core@ui@modules@UModSys@@U?$TRefObjectFunc@URRenderDriver2D@SDL_core@ui@modules@UModSys@@@tl@5@@31@@Z 10006c60 f i umodsys_lib_libui:umodsys.mod.ui.SDL_core.obj
 0001:00005d00       ??$t_add@U?$TRefObject@URRenderDriver2D@SDL_core@ui@modules@UModSys@@U?$TRefObjectWeakFunc@URRenderDriver2D@SDL_core@ui@modules@UModSys@@@tl@5@@tl@UModSys@@URRenderDriver2D@SDL_core@ui@modules@3@@SDL_core@ui@modules@UModSys@@YA_NAAU?$TScatterArray@U?$TRefObject@URRenderDriver2D@SDL_core@ui@modules@UModSys@@U?$TRefObjectWeakFunc@URRenderDriver2D@SDL_core@ui@modules@UModSys@@@tl@5@@tl@UModSys@@HU?$TScalarCompare@H@core@3@U?$TNodeDeleter0@U?$TScatterArrayNode@U?$TRefObject@URRenderDriver2D@SDL_core@ui@modules@UModSys@@U?$TRefObjectWeakFunc@URRenderDriver2D@SDL_core@ui@modules@UModSys@@@tl@5@@tl@UModSys@@H@tl@UModSys@@@23@@tl@3@PAURRenderDriver2D@0123@@Z 10006d00 f i umodsys_lib_libui:umodsys.mod.ui.SDL_core.obj
 0001:00005d50       ??$ValidateConstruction@UIRefObject@core@UModSys@@URMouseController@SDL_core@ui@modules@3@@core@UModSys@@YA_NAAU?$TRefObject@UIRefObject@core@UModSys@@U?$TRefObjectFunc@UIRefObject@core@UModSys@@@tl@3@@tl@1@U?$TRefObject@URMouseController@SDL_core@ui@modules@UModSys@@U?$TRefObjectFunc@URMouseController@SDL_core@ui@modules@UModSys@@@tl@5@@31@@Z 10006d50 f i umodsys_lib_libui:umodsys.mod.ui.SDL_core.obj
 0001:00005d50       ??$ValidateConstruction@UIRefObject@core@UModSys@@URKeyboardController@SDL_core@ui@modules@3@@core@UModSys@@YA_NAAU?$TRefObject@UIRefObject@core@UModSys@@U?$TRefObjectFunc@UIRefObject@core@UModSys@@@tl@3@@tl@1@U?$TRefObject@URKeyboardController@SDL_core@ui@modules@UModSys@@U?$TRefObjectFunc@URKeyboardController@SDL_core@ui@modules@UModSys@@@tl@5@@31@@Z 10006d50 f i umodsys_lib_libui:umodsys.mod.ui.SDL_core.obj
 0001:00005dd0       ??$ValidateConstruction@UIMultiImage@lib2d@UModSys@@URMultiImage2D_SDL_ttf@SDL_core@ui@modules@3@@core@UModSys@@YA_NAAU?$TRefObject@UIMultiImage@lib2d@UModSys@@U?$TRefObjectFunc@UIMultiImage@lib2d@UModSys@@@tl@3@@tl@1@PAURMultiImage2D_SDL_ttf@SDL_core@ui@modules@1@@Z 10006dd0 f i umodsys_lib_libui:umodsys.mod.ui.SDL_core.obj
 0001:00005e60       ??$t_gen_param@URTerminal@SDL_core@ui@modules@UModSys@@URGenerator@2345@@IGenerator@base@UModSys@@IAE_NPAURGenerator@SDL_core@ui@modules@2@AAU?$TRefObject@UIRefObject@core@UModSys@@U?$TRefObjectFunc@UIRefObject@core@UModSys@@@tl@3@@tl@2@PBUSUniquePointerInfo@core@2@ABUSParameters@core@2@@Z 10006e60 f i umodsys_lib_libui:umodsys.mod.ui.SDL_core.obj
 0001:00005ed0       ??$genx_node@UCmp@?$TScatterArray@UGlyph@RMultiImage2D_SDL_ttf@SDL_core@ui@modules@UModSys@@HU?$TScalarCompare@H@core@6@U?$TNodeDeleter0@U?$TScatterArrayNode@UGlyph@RMultiImage2D_SDL_ttf@SDL_core@ui@modules@UModSys@@H@tl@UModSys@@@tl@6@@tl@UModSys@@UGen0@234@@?$TTreeHoldRBD@U?$TScatterArrayNode@UGlyph@RMultiImage2D_SDL_ttf@SDL_core@ui@modules@UModSys@@H@tl@UModSys@@U?$TNodeDeleter0@U?$TScatterArrayNode@UGlyph@RMultiImage2D_SDL_ttf@SDL_core@ui@modules@UModSys@@H@tl@UModSys@@@23@@tl@UModSys@@QAEPAU?$TScatterArrayNode@UGlyph@RMultiImage2D_SDL_ttf@SDL_core@ui@modules@UModSys@@H@12@UCmp@?$TScatterArray@UGlyph@RMultiImage2D_SDL_ttf@SDL_core@ui@modules@UModSys@@HU?$TScalarCompare@H@core@6@U?$TNodeDeleter0@U?$TScatterArrayNode@UGlyph@RMultiImage2D_SDL_ttf@SDL_core@ui@modules@UModSys@@H@tl@UModSys@@@tl@6@@12@ABUGen0@512@PAPAU312@2_N@Z 10006ed0 f i umodsys_lib_libui:umodsys.mod.ui.SDL_core.obj
 0001:00005f40       ??$genx_node@UCmp@?$TScatterArray@U?$TRefObjectCompositeExtra@UIMouseClient@libui@UModSys@@HUIRefObject@core@3@U?$TRefObjectFunc@UIRefObject@core@UModSys@@@tl@3@@tl@UModSys@@HU?$TScalarCompare@H@core@3@U?$TNodeDeleter0@U?$TScatterArrayNode@U?$TRefObjectCompositeExtra@UIMouseClient@libui@UModSys@@HUIRefObject@core@3@U?$TRefObjectFunc@UIRefObject@core@UModSys@@@tl@3@@tl@UModSys@@H@tl@UModSys@@@23@@tl@UModSys@@UGen0@234@@?$TTreeHoldRBD@U?$TScatterArrayNode@U?$TRefObjectCompositeExtra@UIMouseClient@libui@UModSys@@HUIRefObject@core@3@U?$TRefObjectFunc@UIRefObject@core@UModSys@@@tl@3@@tl@UModSys@@H@tl@UModSys@@U?$TNodeDeleter0@U?$TScatterArrayNode@U?$TRefObjectCompositeExtra@UIMouseClient@libui@UModSys@@HUIRefObject@core@3@U?$TRefObjectFunc@UIRefObject@core@UModSys@@@tl@3@@tl@UModSys@@H@tl@UModSys@@@23@@tl@UModSys@@QAEPAU?$TScatterArrayNode@U?$TRefObjectCompositeExtra@UIMouseClient@libui@UModSys@@HUIRefObject@core@3@U?$TRefObjectFunc@UIRefObject@core@UModSys@@@tl@3@@tl@UModSys@@H@12@UCmp@?$TScatterArray@U?$TRefObjectCompositeExtra@UIMouseClient@libui@UModSys@@HUIRefObject@core@3@U?$TRefObjectFunc@UIRefObject@core@UModSys@@@tl@3@@tl@UModSys@@HU?$TScalarCompare@H@core@3@U?$TNodeDeleter0@U?$TScatterArrayNode@U?$TRefObjectCompositeExtra@UIMouseClient@libui@UModSys@@HUIRefObject@core@3@U?$TRefObjectFunc@UIRefObject@core@UModSys@@@tl@3@@tl@UModSys@@H@tl@UModSys@@@23@@12@ABUGen0@512@PAPAU312@2_N@Z 10006f40 f i umodsys_lib_libui:umodsys.mod.ui.SDL_core.obj
 0001:00005fb0       ??$genx_node@UCmp@?$TScatterArray@U?$TRefObjectComposite@UIKeyboardClient@libui@UModSys@@UIRefObject@core@3@U?$TRefObjectFunc@UIRefObject@core@UModSys@@@tl@3@@tl@UModSys@@HU?$TScalarCompare@H@core@3@U?$TNodeDeleter0@U?$TScatterArrayNode@U?$TRefObjectComposite@UIKeyboardClient@libui@UModSys@@UIRefObject@core@3@U?$TRefObjectFunc@UIRefObject@core@UModSys@@@tl@3@@tl@UModSys@@H@tl@UModSys@@@23@@tl@UModSys@@UGen0@234@@?$TTreeHoldRBD@U?$TScatterArrayNode@U?$TRefObjectComposite@UIKeyboardClient@libui@UModSys@@UIRefObject@core@3@U?$TRefObjectFunc@UIRefObject@core@UModSys@@@tl@3@@tl@UModSys@@H@tl@UModSys@@U?$TNodeDeleter0@U?$TScatterArrayNode@U?$TRefObjectComposite@UIKeyboardClient@libui@UModSys@@UIRefObject@core@3@U?$TRefObjectFunc@UIRefObject@core@UModSys@@@tl@3@@tl@UModSys@@H@tl@UModSys@@@23@@tl@UModSys@@QAEPAU?$TScatterArrayNode@U?$TRefObjectComposite@UIKeyboardClient@libui@UModSys@@UIRefObject@core@3@U?$TRefObjectFunc@UIRefObject@core@UModSys@@@tl@3@@tl@UModSys@@H@12@UCmp@?$TScatterArray@U?$TRefObjectComposite@UIKeyboardClient@libui@UModSys@@UIRefObject@core@3@U?$TRefObjectFunc@UIRefObject@core@UModSys@@@tl@3@@tl@UModSys@@HU?$TScalarCompare@H@core@3@U?$TNodeDeleter0@U?$TScatterArrayNode@U?$TRefObjectComposite@UIKeyboardClient@libui@UModSys@@UIRefObject@core@3@U?$TRefObjectFunc@UIRefObject@core@UModSys@@@tl@3@@tl@UModSys@@H@tl@UModSys@@@23@@12@ABUGen0@512@PAPAU312@2_N@Z 10006fb0 f i umodsys_lib_libui:umodsys.mod.ui.SDL_core.obj
 0001:00006020       ?rotate_left@?$TTreeHoldRB@U?$TScatterArrayNode@U?$TRefObjectComposite@UIKeyboardClient@libui@UModSys@@UIRefObject@core@3@U?$TRefObjectFunc@UIRefObject@core@UModSys@@@tl@3@@tl@UModSys@@H@tl@UModSys@@@tl@UModSys@@IAEXPAU?$TScatterArrayNode@U?$TRefObjectComposite@UIKeyboardClient@libui@UModSys@@UIRefObject@core@3@U?$TRefObjectFunc@UIRefObject@core@UModSys@@@tl@3@@tl@UModSys@@H@23@@Z 10007020 f i umodsys_lib_libui:umodsys.mod.ui.SDL_core.obj
 0001:00006020       ?rotate_left@?$TTreeHoldRB@U?$TScatterArrayNode@U?$TRefObjectCompositeExtra@UIMouseClient@libui@UModSys@@HUIRefObject@core@3@U?$TRefObjectFunc@UIRefObject@core@UModSys@@@tl@3@@tl@UModSys@@H@tl@UModSys@@@tl@UModSys@@IAEXPAU?$TScatterArrayNode@U?$TRefObjectCompositeExtra@UIMouseClient@libui@UModSys@@HUIRefObject@core@3@U?$TRefObjectFunc@UIRefObject@core@UModSys@@@tl@3@@tl@UModSys@@H@23@@Z 10007020 f i umodsys_lib_libui:umodsys.mod.ui.SDL_core.obj
[...]
 0001:00016040       ??__E?s_id@?$TObjectUniqueID@URFrame_Frame@frames@ui@modules@UModSys@@@tl@UModSys@@2USUniquePointer@core@3@A@@YAXXZ 10017040 f    CIL library: CIL module
 0001:00016070       ??__E?s_id@?$TObjectUniqueID@URFrame_Image@frames@ui@modules@UModSys@@@tl@UModSys@@2USUniquePointer@core@3@A@@YAXXZ 10017070 f    CIL library: CIL module
 0001:000160a0       ??__E?s_id@?$TObjectUniqueID@URFrame_Text@frames@ui@modules@UModSys@@@tl@UModSys@@2USUniquePointer@core@3@A@@YAXXZ 100170a0 f    CIL library: CIL module
 0001:000160d0       ??__E?s_id@?$TObjectUniqueID@URFrame_Button@frames@ui@modules@UModSys@@@tl@UModSys@@2USUniquePointer@core@3@A@@YAXXZ 100170d0 f    CIL library: CIL module
 0001:00016100       ??__E?s_id@?$TObjectUniqueID@URFrame_Edit@frames@ui@modules@UModSys@@@tl@UModSys@@2USUniquePointer@core@3@A@@YAXXZ 10017100 f    CIL library: CIL module
 0001:00016130       ??__E?s_id@?$TObjectUniqueID@URFrame_List@frames@ui@modules@UModSys@@@tl@UModSys@@2USUniquePointer@core@3@A@@YAXXZ 10017130 f    CIL library: CIL module
 0001:00016160       ??__E?s_id@?$TObjectUniqueID@URCollector@frames@ui@modules@UModSys@@@tl@UModSys@@2USUniquePointer@core@3@A@@YAXXZ 10017160 f    CIL library: CIL module
 0001:00016190       ??__E?s_id@?$TObjectUniqueID@URGenerator@frames@ui@modules@UModSys@@@tl@UModSys@@2USUniquePointer@core@3@A@@YAXXZ 10017190 f    CIL library: CIL module
 0001:000161c0       ??__E?s_modreg@RModuleReg@images_std@media@modules@UModSys@@2U12345@A@@YAXXZ 100171c0 f    CIL library: CIL module
 0001:00016200       ??__E?s_modreg_chain@RModuleReg@images_std@media@modules@UModSys@@2USModuleRegChain@base@5@A@@YAXXZ 10017200 f    CIL library: CIL module
 0001:00016220       ??__E?s_uid@RGenerator@images_std@media@modules@UModSys@@2USUniquePointer@core@5@A@@YAXXZ 10017220 f    CIL library: CIL module
 0001:00016250       ??__E?s_id@?$TObjectUniqueID@URMediaFilter@images_std@media@modules@UModSys@@@tl@UModSys@@2USUniquePointer@core@3@A@@YAXXZ 10017250 f    CIL library: CIL module
 0001:00016280       ??__E?s_id@?$TObjectUniqueID@URGenerator@images_std@media@modules@UModSys@@@tl@UModSys@@2USUniquePointer@core@3@A@@YAXXZ 10017280 f    CIL library: CIL module
 0001:000162b0       ??__E?s_modreg@RModuleReg@serialize_json@media@modules@UModSys@@2U12345@A@@YAXXZ 100172b0 f    CIL library: CIL module
 0001:000162f0       ??__E?s_modreg_chain@RModuleReg@serialize_json@media@modules@UModSys@@2USModuleRegChain@base@5@A@@YAXXZ 100172f0 f    CIL library: CIL module
 0001:00016310       ??__E?s_uid@RGenerator@serialize_json@media@modules@UModSys@@2USUniquePointer@core@5@A@@YAXXZ 10017310 f    CIL library: CIL module
 0001:00016340       ??__E?s_id@?$TObjectUniqueID@URSerializeReader@serialize_json@media@modules@UModSys@@@tl@UModSys@@2USUniquePointer@core@3@A@@YAXXZ 10017340 f    CIL library: CIL module
 0001:00016370       ??__E?s_id@?$TObjectUniqueID@URSerializeWriter@serialize_json@media@modules@UModSys@@@tl@UModSys@@2USUniquePointer@core@3@A@@YAXXZ 10017370 f    CIL library: CIL module
 0001:000163a0       ??__E?s_id@?$TObjectUniqueID@URGenerator@serialize_json@media@modules@UModSys@@@tl@UModSys@@2USUniquePointer@core@3@A@@YAXXZ 100173a0 f    CIL library: CIL module
 0001:000163d0       ??__EM@UModSys@@YAXXZ      100173d0 f    CIL library: CIL module
 0001:000163f0       ??__E?root@SModuleRegChain@base@UModSys@@2U123@A@@YAXXZ 100173f0 f    CIL library: CIL module
 0001:00016410       ??__E?s_library@RModuleLibraryReg_Chain@base@UModSys@@2U123@A@@YAXXZ 10017410 f    CIL library: CIL module
 0001:00016430       ??__E?root@SUniquePointer@core@UModSys@@2U123@A@@YAXXZ 10017430 f    CIL library: CIL module
 0001:00016450       ??__F?s_modreg@RModuleReg@test1@test@modules@UModSys@@2U12345@A@@YAXXZ 10017450 f    CIL library: CIL module
 0001:00016470       ??__F?s_modreg_chain@RModuleReg@test1@test@modules@UModSys@@2USModuleRegChain@base@5@A@@YAXXZ 10017470 f    CIL library: CIL module
 0001:00016480       ??__F?s_uid@RGenerator@test1@test@modules@UModSys@@2USUniquePointer@core@5@A@@YAXXZ 10017480 f    CIL library: CIL module
 0001:00016490       ??__Fh@?1??s_holder@RGenerator@test1@test@modules@UModSys@@SAAAU?$TTypeStaticHolder@URGenerator@test1@test@modules@UModSys@@@tl@5@XZ@YAXXZ 10017490 f    CIL library: CIL module
 0001:000164b0       ??__F?s_id@?$TObjectUniqueID@URGenerator@test1@test@modules@UModSys@@@tl@UModSys@@2USUniquePointer@core@3@A@@YAXXZ 100174b0 f    CIL library: CIL module
 0001:000164c0       ??__F?s_id@?$TObjectUniqueID@URTest1_Shell@test1@test@modules@UModSys@@@tl@UModSys@@2USUniquePointer@core@3@A@@YAXXZ 100174c0 f    CIL library: CIL module
 0001:000164d0       ??__F?s_id@?$TObjectUniqueID@URLines_Filter@test1@test@modules@UModSys@@@tl@UModSys@@2USUniquePointer@core@3@A@@YAXXZ 100174d0 f    CIL library: CIL module
 0001:000164e0       ??__F?s_id@?$TObjectUniqueID@URLines@test1@test@modules@UModSys@@@tl@UModSys@@2USUniquePointer@core@3@A@@YAXXZ 100174e0 f    CIL library: CIL module
 0001:000164f0       ??__F?s_id@?$TObjectUniqueID@UILines@test1@test@modules@UModSys@@@tl@UModSys@@2USUniquePointer@core@3@A@@YAXXZ 100174f0 f    CIL library: CIL module
 0001:00016500       ??__F?s_id@?$TObjectUniqueID@UIRenderDriver@lib2d@UModSys@@@tl@UModSys@@2USUniquePointer@core@3@A@@YAXXZ 10017500 f    CIL library: CIL module
 0001:00016510       ??__F?s_id@?$TObjectUniqueID@UIMultiImage@lib2d@UModSys@@@tl@UModSys@@2USUniquePointer@core@3@A@@YAXXZ 10017510 f    CIL library: CIL module
 0001:00016520       ??__F?s_id@?$TObjectUniqueID@UIImage@lib2d@UModSys@@@tl@UModSys@@2USUniquePointer@core@3@A@@YAXXZ 10017520 f    CIL library: CIL module
 0001:00016530       ??__F?s_id@?$TObjectUniqueID@UIDialog@libui@UModSys@@@tl@UModSys@@2USUniquePointer@core@3@A@@YAXXZ 10017530 f    CIL library: CIL module
 0001:00016540       ??__F?s_id@?$TObjectUniqueID@UIFrame@libui@UModSys@@@tl@UModSys@@2USUniquePointer@core@3@A@@YAXXZ 10017540 f    CIL library: CIL module
 0001:00016550       ??__F?s_id@?$TObjectUniqueID@UIAsyncCollector@libui@UModSys@@@tl@UModSys@@2USUniquePointer@core@3@A@@YAXXZ 10017550 f    CIL library: CIL module
 0001:00016560       ??__F?s_id@?$TObjectUniqueID@UIAsyncController@libui@UModSys@@@tl@UModSys@@2USUniquePointer@core@3@A@@YAXXZ 10017560 f    CIL library: CIL module
 0001:00016570       ??__F?s_id@?$TObjectUniqueID@UICollector@libui@UModSys@@@tl@UModSys@@2USUniquePointer@core@3@A@@YAXXZ 10017570 f    CIL library: CIL module
 0001:00016580       ??__F?s_id@?$TObjectUniqueID@UIConsoleHelperInput_UIKey@libui@UModSys@@@tl@UModSys@@2USUniquePointer@core@3@A@@YAXXZ 10017580 f    CIL library: CIL module
 0001:00016590       ??__F?s_id@?$TObjectUniqueID@UITerminal@libui@UModSys@@@tl@UModSys@@2USUniquePointer@core@3@A@@YAXXZ 10017590 f    CIL library: CIL module
 0001:000165a0       ??__F?s_id@?$TObjectUniqueID@UIJoystickController@libui@UModSys@@@tl@UModSys@@2USUniquePointer@core@3@A@@YAXXZ 100175a0 f    CIL library: CIL module
 0001:000165b0       ??__F?s_id@?$TObjectUniqueID@UIMouseController@libui@UModSys@@@tl@UModSys@@2USUniquePointer@core@3@A@@YAXXZ 100175b0 f    CIL library: CIL module
 0001:000165c0       ??__F?s_id@?$TObjectUniqueID@UIKeyboardController@libui@UModSys@@@tl@UModSys@@2USUniquePointer@core@3@A@@YAXXZ 100175c0 f    CIL library: CIL module
 0001:000165d0       ??__F?s_id@?$TObjectUniqueID@UIConsoleHelperOutputFCS@base@UModSys@@@tl@UModSys@@2USUniquePointer@core@3@A@@YAXXZ 100175d0 f    CIL library: CIL module
 0001:000165e0       ??__F?s_id@?$TObjectUniqueID@UIConsoleHelperOutput@base@UModSys@@@tl@UModSys@@2USUniquePointer@core@3@A@@YAXXZ 100175e0 f    CIL library: CIL module
 0001:000165f0       ??__F?s_id@?$TObjectUniqueID@UIConsoleHelperInput@base@UModSys@@@tl@UModSys@@2USUniquePointer@core@3@A@@YAXXZ 100175f0 f    CIL library: CIL module
 0001:00016600       ??__F?s_id@?$TObjectUniqueID@UIConsoleHelperHistory@base@UModSys@@@tl@UModSys@@2USUniquePointer@core@3@A@@YAXXZ 10017600 f    CIL library: CIL module
 0001:00016610       ??__F?s_id@?$TObjectUniqueID@UIConsoleHelper@base@UModSys@@@tl@UModSys@@2USUniquePointer@core@3@A@@YAXXZ 10017610 f    CIL library: CIL module
 0001:00016620       ??__F?s_id@?$TObjectUniqueID@UIConsoleExt@base@UModSys@@@tl@UModSys@@2USUniquePointer@core@3@A@@YAXXZ 10017620 f    CIL library: CIL module
 0001:00016630       ??__F?s_id@?$TObjectUniqueID@UISerializeWriter@libmedia@UModSys@@@tl@UModSys@@2USUniquePointer@core@3@A@@YAXXZ 10017630 f    CIL library: CIL module
 0001:00016640       ??__F?s_id@?$TObjectUniqueID@UISerializeReader@libmedia@UModSys@@@tl@UModSys@@2USUniquePointer@core@3@A@@YAXXZ 10017640 f    CIL library: CIL module
 0001:00016650       ??__F?s_id@?$TObjectUniqueID@UILibraryLayered@libmedia@UModSys@@@tl@UModSys@@2USUniquePointer@core@3@A@@YAXXZ 10017650 f    CIL library: CIL module
 0001:00016660       ??__F?s_id@?$TObjectUniqueID@UILibraryObjCache@libmedia@UModSys@@@tl@UModSys@@2USUniquePointer@core@3@A@@YAXXZ 10017660 f    CIL library: CIL module
 0001:00016670       ??__F?s_id@?$TObjectUniqueID@UILibraryObjFilter@libmedia@UModSys@@@tl@UModSys@@2USUniquePointer@core@3@A@@YAXXZ 10017670 f    CIL library: CIL module
 0001:00016680       ??__F?s_id@?$TObjectUniqueID@UILibraryBinCache@libmedia@UModSys@@@tl@UModSys@@2USUniquePointer@core@3@A@@YAXXZ 10017680 f    CIL library: CIL module
 0001:00016690       ??__F?s_id@?$TObjectUniqueID@UILibraryBinTree@libmedia@UModSys@@@tl@UModSys@@2USUniquePointer@core@3@A@@YAXXZ 10017690 f    CIL library: CIL module
 0001:000166a0       ??__F?s_id@?$TObjectUniqueID@UILibrary@libmedia@UModSys@@@tl@UModSys@@2USUniquePointer@core@3@A@@YAXXZ 100176a0 f    CIL library: CIL module
 0001:000166b0       ??__F?s_id@?$TObjectUniqueID@UIBinObjFilter@libmedia@UModSys@@@tl@UModSys@@2USUniquePointer@core@3@A@@YAXXZ 100176b0 f    CIL library: CIL module
 0001:000166c0       ??__F?s_id@?$TObjectUniqueID@UIBinArchive@libmedia@UModSys@@@tl@UModSys@@2USUniquePointer@core@3@A@@YAXXZ 100176c0 f    CIL library: CIL module
 0001:000166d0       ??__F?s_id@?$TObjectUniqueID@UIStreamWriter@libmedia@UModSys@@@tl@UModSys@@2USUniquePointer@core@3@A@@YAXXZ 100176d0 f    CIL library: CIL module
 0001:000166e0       ??__F?s_id@?$TObjectUniqueID@UIStreamReader@libmedia@UModSys@@@tl@UModSys@@2USUniquePointer@core@3@A@@YAXXZ 100176e0 f    CIL library: CIL module
 0001:000166f0       ??__F?s_id@?$TObjectUniqueID@UISystem@base@UModSys@@@tl@UModSys@@2USUniquePointer@core@3@A@@YAXXZ 100176f0 f    CIL library: CIL module
 0001:00016700       ??__F?s_id@?$TObjectUniqueID@UIConsole@base@UModSys@@@tl@UModSys@@2USUniquePointer@core@3@A@@YAXXZ 10017700 f    CIL library: CIL module
 0001:00016710       ??__F?s_id@?$TObjectUniqueID@UIShell@base@UModSys@@@tl@UModSys@@2USUniquePointer@core@3@A@@YAXXZ 10017710 f    CIL library: CIL module
 0001:00016720       ??__F?s_id@?$TObjectUniqueID@UIGenerator@base@UModSys@@@tl@UModSys@@2USUniquePointer@core@3@A@@YAXXZ 10017720 f    CIL library: CIL module
 0001:00016730       ??__F?s_id@?$TObjectUniqueID@UIModObject@base@UModSys@@@tl@UModSys@@2USUniquePointer@core@3@A@@YAXXZ 10017730 f    CIL library: CIL module
 0001:00016740       ??__F?s_id@?$TObjectUniqueID@UIModuleLibrary@base@UModSys@@@tl@UModSys@@2USUniquePointer@core@3@A@@YAXXZ 10017740 f    CIL library: CIL module
 0001:00016750       ??__F?s_id@?$TObjectUniqueID@UIModule@base@UModSys@@@tl@UModSys@@2USUniquePointer@core@3@A@@YAXXZ 10017750 f    CIL library: CIL module
 0001:00016760       ??__F?s_id@?$TObjectUniqueID@UIParameters@core@UModSys@@@tl@UModSys@@2USUniquePointer@core@3@A@@YAXXZ 10017760 f    CIL library: CIL module
 0001:00016770       ??__F?s_id@?$TObjectUniqueID@UIRefObject@core@UModSys@@@tl@UModSys@@2USUniquePointer@core@3@A@@YAXXZ 10017770 f    CIL library: CIL module
 0001:00016780       ??__F?s_id@?$TObjectUniqueID@UIRoot@core@UModSys@@@tl@UModSys@@2USUniquePointer@core@3@A@@YAXXZ 10017780 f    CIL library: CIL module
 0001:00016790       ??__F?s_modreg@RModuleReg@stdlib@lib2d@modules@UModSys@@2U12345@A@@YAXXZ 10017790 f    CIL library: CIL module
 0001:000167b0       ??__F?s_modreg_chain@RModuleReg@stdlib@lib2d@modules@UModSys@@2USModuleRegChain@base@5@A@@YAXXZ 100177b0 f    CIL library: CIL module
 0001:000167c0       ??__F?s_uid@RGenerator@stdlib@lib2d@modules@UModSys@@2USUniquePointer@core@5@A@@YAXXZ 100177c0 f    CIL library: CIL module
 0001:000167d0       ??__Fh@?1??s_holder@RGenerator@stdlib@lib2d@modules@UModSys@@SAAAU?$TTypeStaticHolder@URGenerator@stdlib@lib2d@modules@UModSys@@@tl@5@XZ@YAXXZ 100177d0 f    CIL library: CIL module
 0001:000167f0       ??__F?s_id@?$TObjectUniqueID@URGenerator@stdlib@lib2d@modules@UModSys@@@tl@UModSys@@2USUniquePointer@core@3@A@@YAXXZ 100177f0 f    CIL library: CIL module
 0001:00016800       ??__F?s_id@?$TObjectUniqueID@URImage_Memory@stdlib@lib2d@modules@UModSys@@@tl@UModSys@@2USUniquePointer@core@3@A@@YAXXZ 10017800 f    CIL library: CIL module
 0001:00016810       ??__F?s_modreg@RModuleReg@SDL_core@ui@modules@UModSys@@2U12345@A@@YAXXZ 10017810 f    CIL library: CIL module
 0001:00016830       ??__F?s_modreg_chain@RModuleReg@SDL_core@ui@modules@UModSys@@2USModuleRegChain@base@5@A@@YAXXZ 10017830 f    CIL library: CIL module
 0001:00016840       ??__F?s_uid@RGenerator@SDL_core@ui@modules@UModSys@@2USUniquePointer@core@5@A@@YAXXZ 10017840 f    CIL library: CIL module
 0001:00016850       ??__Fh@?1??s_holder@RGenerator@SDL_core@ui@modules@UModSys@@SAAAU?$TTypeStaticHolder@URGenerator@SDL_core@ui@modules@UModSys@@@tl@5@XZ@YAXXZ 10017850 f    CIL library: CIL module
 0001:00016870       ??__F?s_id@?$TObjectUniqueID@URGenerator@SDL_core@ui@modules@UModSys@@@tl@UModSys@@2USUniquePointer@core@3@A@@YAXXZ 10017870 f    CIL library: CIL module
 0001:00016880       ??__F?s_id@?$TObjectUniqueID@URTerminal@SDL_core@ui@modules@UModSys@@@tl@UModSys@@2USUniquePointer@core@3@A@@YAXXZ 10017880 f    CIL library: CIL module
 0001:00016890       ??__F?s_id@?$TObjectUniqueID@URKeyboardController@SDL_core@ui@modules@UModSys@@@tl@UModSys@@2USUniquePointer@core@3@A@@YAXXZ 10017890 f    CIL library: CIL module
 0001:000168a0       ??__F?s_id@?$TObjectUniqueID@URMouseController@SDL_core@ui@modules@UModSys@@@tl@UModSys@@2USUniquePointer@core@3@A@@YAXXZ 100178a0 f    CIL library: CIL module
 0001:000168b0       ??__F?s_id@?$TObjectUniqueID@URRenderDriver2D@SDL_core@ui@modules@UModSys@@@tl@UModSys@@2USUniquePointer@core@3@A@@YAXXZ 100178b0 f    CIL library: CIL module
 0001:000168c0       ??__F?s_id@?$TObjectUniqueID@URMultiImage2D_SDL_ttf@SDL_core@ui@modules@UModSys@@@tl@UModSys@@2USUniquePointer@core@3@A@@YAXXZ 100178c0 f    CIL library: CIL module
 0001:000168d0       ??__F?s_modreg@RModuleReg@frames@ui@modules@UModSys@@2U12345@A@@YAXXZ 100178d0 f    CIL library: CIL module
 0001:000168f0       ??__F?s_modreg_chain@RModuleReg@frames@ui@modules@UModSys@@2USModuleRegChain@base@5@A@@YAXXZ 100178f0 f    CIL library: CIL module
 0001:00016900       ??__F?s_uid@RGenerator@frames@ui@modules@UModSys@@2USUniquePointer@core@5@A@@YAXXZ 10017900 f    CIL library: CIL module
 0001:00016910       ??__Fh@?1??s_holder@RGenerator@frames@ui@modules@UModSys@@SAAAU?$TTypeStaticHolder@URGenerator@frames@ui@modules@UModSys@@@tl@5@XZ@YAXXZ 10017910 f    CIL library: CIL module
 0001:00016930       ??__F?s_id@?$TObjectUniqueID@URGenerator@frames@ui@modules@UModSys@@@tl@UModSys@@2USUniquePointer@core@3@A@@YAXXZ 10017930 f    CIL library: CIL module
 0001:00016940       ??__F?s_id@?$TObjectUniqueID@URCollector@frames@ui@modules@UModSys@@@tl@UModSys@@2USUniquePointer@core@3@A@@YAXXZ 10017940 f    CIL library: CIL module
 0001:00016950       ??__F?s_id@?$TObjectUniqueID@URFrame_List@frames@ui@modules@UModSys@@@tl@UModSys@@2USUniquePointer@core@3@A@@YAXXZ 10017950 f    CIL library: CIL module
 0001:00016960       ??__F?s_id@?$TObjectUniqueID@URFrame_Edit@frames@ui@modules@UModSys@@@tl@UModSys@@2USUniquePointer@core@3@A@@YAXXZ 10017960 f    CIL library: CIL module
 0001:00016970       ??__F?s_id@?$TObjectUniqueID@URFrame_Button@frames@ui@modules@UModSys@@@tl@UModSys@@2USUniquePointer@core@3@A@@YAXXZ 10017970 f    CIL library: CIL module
 0001:00016980       ??__F?s_id@?$TObjectUniqueID@URFrame_Text@frames@ui@modules@UModSys@@@tl@UModSys@@2USUniquePointer@core@3@A@@YAXXZ 10017980 f    CIL library: CIL module
 0001:00016990       ??__F?s_id@?$TObjectUniqueID@URFrame_Image@frames@ui@modules@UModSys@@@tl@UModSys@@2USUniquePointer@core@3@A@@YAXXZ 10017990 f    CIL library: CIL module
 0001:000169a0       ??__F?s_id@?$TObjectUniqueID@URFrame_Frame@frames@ui@modules@UModSys@@@tl@UModSys@@2USUniquePointer@core@3@A@@YAXXZ 100179a0 f    CIL library: CIL module
 0001:000169b0       ??__F?s_id@?$TObjectUniqueID@URDialog@frames@ui@modules@UModSys@@@tl@UModSys@@2USUniquePointer@core@3@A@@YAXXZ 100179b0 f    CIL library: CIL module
 0001:000169c0       ??__F?s_id@?$TObjectUniqueID@URFrame_Common@frames@ui@modules@UModSys@@@tl@UModSys@@2USUniquePointer@core@3@A@@YAXXZ 100179c0 f    CIL library: CIL module
 0001:000169d0       ??__F?s_modreg@RModuleReg@images_std@media@modules@UModSys@@2U12345@A@@YAXXZ 100179d0 f    CIL library: CIL module
 0001:000169f0       ??__F?s_modreg_chain@RModuleReg@images_std@media@modules@UModSys@@2USModuleRegChain@base@5@A@@YAXXZ 100179f0 f    CIL library: CIL module
 0001:00016a00       ??__F?s_uid@RGenerator@images_std@media@modules@UModSys@@2USUniquePointer@core@5@A@@YAXXZ 10017a00 f    CIL library: CIL module
 0001:00016a10       ??__Fh@?1??s_holder@RGenerator@images_std@media@modules@UModSys@@SAAAU?$TTypeStaticHolder@URGenerator@images_std@media@modules@UModSys@@@tl@5@XZ@YAXXZ 10017a10 f    CIL library: CIL module
 0001:00016a30       ??__F?s_id@?$TObjectUniqueID@URGenerator@images_std@media@modules@UModSys@@@tl@UModSys@@2USUniquePointer@core@3@A@@YAXXZ 10017a30 f    CIL library: CIL module
 0001:00016a40       ??__F?s_id@?$TObjectUniqueID@URMediaFilter@images_std@media@modules@UModSys@@@tl@UModSys@@2USUniquePointer@core@3@A@@YAXXZ 10017a40 f    CIL library: CIL module
 0001:00016a50       ??__F?s_modreg@RModuleReg@serialize_json@media@modules@UModSys@@2U12345@A@@YAXXZ 10017a50 f    CIL library: CIL module
 0001:00016a70       ??__F?s_modreg_chain@RModuleReg@serialize_json@media@modules@UModSys@@2USModuleRegChain@base@5@A@@YAXXZ 10017a70 f    CIL library: CIL module
 0001:00016a80       ??__F?s_uid@RGenerator@serialize_json@media@modules@UModSys@@2USUniquePointer@core@5@A@@YAXXZ 10017a80 f    CIL library: CIL module
 0001:00016a90       ??__Fh@?1??s_holder@RGenerator@serialize_json@media@modules@UModSys@@SAAAU?$TTypeStaticHolder@URGenerator@serialize_json@media@modules@UModSys@@@tl@5@XZ@YAXXZ 10017a90 f    CIL library: CIL module
 0001:00016ab0       ??__F?s_id@?$TObjectUniqueID@URGenerator@serialize_json@media@modules@UModSys@@@tl@UModSys@@2USUniquePointer@core@3@A@@YAXXZ 10017ab0 f    CIL library: CIL module
 0001:00016ac0       ??__F?s_id@?$TObjectUniqueID@URSerializeWriter@serialize_json@media@modules@UModSys@@@tl@UModSys@@2USUniquePointer@core@3@A@@YAXXZ 10017ac0 f    CIL library: CIL module
 0001:00016ad0       ??__F?s_id@?$TObjectUniqueID@URSerializeReader@serialize_json@media@modules@UModSys@@@tl@UModSys@@2USUniquePointer@core@3@A@@YAXXZ 10017ad0 f    CIL library: CIL module
 0001:00016ae0       ??__FM@UModSys@@YAXXZ      10017ae0 f    CIL library: CIL module
 0001:00016af0       ??__F?root@SModuleRegChain@base@UModSys@@2U123@A@@YAXXZ 10017af0 f    CIL library: CIL module
 0001:00016b00       ??__F?s_library@RModuleLibraryReg_Chain@base@UModSys@@2U123@A@@YAXXZ 10017b00 f    CIL library: CIL module
 0001:00016b10       ??__F?root@SUniquePointer@core@UModSys@@2U123@A@@YAXXZ 10017b10 f    CIL library: CIL module

 Exports

  ordinal    name

        1    _UModSys_Plugin_Entry2@0
