 plugin_test1

 Timestamp is 52bc3979 (Thu Dec 26 17:13:13 2013)

 Preferred load address is 10000000

 Start         Length     Name                   Class
 0001:00000000 0001a45aH .text                   CODE
 0001:0001a460 00000c98H .text$x                 CODE
 0001:0001b100 00001301H .text$yc                CODE
 0001:0001c410 000007baH .text$yd                CODE
 0002:00000000 000001f0H .idata$5                DATA
 0002:000001f0 00000004H .CRT$XCA                DATA
 0002:000001f4 00000910H .CRT$XCU                DATA
 0002:00000b04 00000004H .CRT$XCZ                DATA
 0002:00000b08 00000004H .CRT$XIA                DATA
 0002:00000b0c 00000004H .CRT$XIAA               DATA
 0002:00000b10 00000004H .CRT$XIC                DATA
 0002:00000b14 00000004H .CRT$XIZ                DATA
 0002:00000b18 00002580H .rdata                  DATA
 0002:00003098 00001a34H .rdata$r                DATA
 0002:00004ad0 00000140H .rdata$sxdata           DATA
 0002:00004c10 00000004H .rtc$IAA                DATA
 0002:00004c14 00000004H .rtc$IZZ                DATA
 0002:00004c18 00000004H .rtc$TAA                DATA
 0002:00004c1c 00000004H .rtc$TZZ                DATA
 0002:00004c20 000011d4H .xdata$x                DATA
 0002:00005df4 00000078H .idata$2                DATA
 0002:00005e6c 00000014H .idata$3                DATA
 0002:00005e80 000001f0H .idata$4                DATA
 0002:00006070 000008e6H .idata$6                DATA
 0002:00006960 0000005cH .edata                  DATA
 0003:00000000 000010a0H .data                   DATA
 0003:000010a0 00001678H .bss                    DATA

  Address         Publics by Value              Rva+Base       Lib:Object

 0000:00000000       __except_list              00000000     <absolute>
 0000:00000050       ___safe_se_handler_count   00000050     <absolute>
 0000:00009876       __ldused                   00009876     <absolute>
 0000:00009876       __fltused                  00009876     <absolute>
 0000:00000000       ___ImageBase               10000000     <linker-defined>
 0001:00000000       ??1State@RImage_Memory@stdlib@lib2d@modules@UModSys@@QAE@XZ 10001000 f i umodsys_lib_lib2d:umodsys.mod.2d.stdlib.obj
 0001:00000000       ??1SCMemShared@core@UModSys@@QAE@XZ 10001000 f i plugin_test1.obj
 0001:00000000       ??1SMemShared@core@UModSys@@QAE@XZ 10001000 f i plugin_test1.obj
 0001:00000020       ??4SCMemShared@core@UModSys@@QAEABU012@ABUSMemShared@12@@Z 10001020 f i plugin_test1.obj
 0001:00000050       ??3IRoot@core@UModSys@@SAXPAXABUSIMemAlloc@12@@Z 10001050 f i plugin_test1.obj
 0001:00000060       ??$seq@D@su@tl@UModSys@@YA_NPBD0@Z 10001060 f i plugin_test1.obj
 0001:000000a0       ??0SFileInfo@libmedia@UModSys@@QAE@XZ 100010a0 f i plugin_test1.obj
 0001:00000160       ??0SFileInfo@libmedia@UModSys@@QAE@ABU012@@Z 10001160 f i plugin_test1.obj
 0001:00000260       ??4SFileInfo@libmedia@UModSys@@QAEABU012@ABU012@@Z 10001260 f i plugin_test1.obj
 0001:000002f0       ?bin_list@ILibrary@libmedia@UModSys@@QAE_NABU?$TString@U?$TSCoreConst@D@su@tl@UModSys@@U?$TComparerBinaryHash@D@234@@tl@3@AAU?$TIStackSocket@USFileInfo@libmedia@UModSys@@@53@ABU?$TFlags4State@USMediaFlagUid@libmedia@UModSys@@I@53@@Z 100012f0 f i plugin_test1.obj
 0001:00000330       ?obj_load@ILibrary@libmedia@UModSys@@QAE_NABU?$TString@U?$TSCoreConst@D@su@tl@UModSys@@U?$TComparerBinaryHash@D@234@@tl@3@PAUIRefObject@core@3@0PBUSParameters@73@ABU?$TFlags4State@USMediaFlagUid@libmedia@UModSys@@I@53@@Z 10001330 f i plugin_test1.obj
 0001:00000390       ?obj_save@ILibrary@libmedia@UModSys@@QAE_NABU?$TString@U?$TSCoreConst@D@su@tl@UModSys@@U?$TComparerBinaryHash@D@234@@tl@3@PBUIRefObject@core@3@0PBUSParameters@73@ABU?$TFlags4State@USMediaFlagUid@libmedia@UModSys@@I@53@@Z 10001390 f i plugin_test1.obj
 0001:000003f0       ?mount_add@ILibraryBinTree@libmedia@UModSys@@QAE_NABU?$TString@U?$TSCoreConst@D@su@tl@UModSys@@U?$TComparerBinaryHash@D@234@@tl@3@PAUIBinArchive@23@H@Z 100013f0 f i plugin_test1.obj
 0001:00000490       ?mount_add@ILibraryBinTree@libmedia@UModSys@@QAE_NABU?$TString@U?$TSCoreConst@D@su@tl@UModSys@@U?$TComparerBinaryHash@D@234@@tl@3@HPAUIBinArchive@23@H@Z 10001490 f i plugin_test1.obj
 0001:00000530       ??1SPoint@ILibraryBinTree@libmedia@UModSys@@QAE@XZ 10001530 f i plugin_test1.obj
 0001:00000530       ??1SLayer@ILibraryLayered@libmedia@UModSys@@QAE@XZ 10001530 f i plugin_test1.obj
 0001:00000550       ?layer_push@ILibraryLayered@libmedia@UModSys@@QAE_NPAUILibrary@23@HABU?$TString@U?$TSCoreConst@D@su@tl@UModSys@@U?$TComparerBinaryHash@D@234@@tl@3@@Z 10001550 f i plugin_test1.obj
 0001:000005e0       ?s@SFrameDataOut@libui@UModSys@@QBEXQBD@Z 100015e0 f i plugin_test1.obj
 0001:00000620       ?set_info@IImage@lib2d@UModSys@@QAE_NW4eImageType@23@HHPBD@Z 10001620 f i plugin_test1.obj
 0001:00000650       ??_EIRoot@core@UModSys@@UAEPAXI@Z 10001650 f i  CIL library: CIL module
 0001:00000650       ??_GIRoot@core@UModSys@@UAEPAXI@Z 10001650 f i plugin_test1.obj
 0001:00000670       ??1IBinObjFilter@libmedia@UModSys@@UAE@XZ 10001670 f i plugin_test1.obj
 0001:000006c0       ?root_get_interface_info@RTest1_Shell@test1@test@modules@UModSys@@UBEABUSUniquePointerInfo@core@5@XZ 100016c0 f i plugin_test1.obj
 0001:000006d0       ?root_get_interface_type@RTest1_Shell@test1@test@modules@UModSys@@UBEPBUSUniquePointerInfo@core@5@XZ 100016d0 f i plugin_test1.obj
 0001:000006e0       ?root_get_other_interface@RTest1_Shell@test1@test@modules@UModSys@@UAEPAUIRoot@core@5@PBUSUniquePointerInfo@75@@Z 100016e0 f i plugin_test1.obj
 0001:000006e0       ?root_get_other_interface@RTest1_Shell@test1@test@modules@UModSys@@UBEPBUIRoot@core@5@PBUSUniquePointerInfo@75@@Z 100016e0 f i plugin_test1.obj
 0001:00000710       ?root_is_interface_supported@RTest1_Shell@test1@test@modules@UModSys@@UBE_NPBUSUniquePointerInfo@core@5@@Z 10001710 f i plugin_test1.obj
 0001:00000750       ?ref_add@RTest1_Shell@test1@test@modules@UModSys@@UBEXXZ 10001750 f i plugin_test1.obj
 0001:00000760       ?ref_remove@RTest1_Shell@test1@test@modules@UModSys@@UBEXXZ 10001760 f i plugin_test1.obj
 0001:00000770       ?ref_links@RTest1_Shell@test1@test@modules@UModSys@@UBEHXZ 10001770 f i plugin_test1.obj
 0001:00000780       ?ref_weak@RTest1_Shell@test1@test@modules@UModSys@@UBE_NAAUWeakPointer@IRefObject@core@5@@Z 10001780 f i plugin_test1.obj
 0001:000007a0       ?suicide@RTest1_Shell@test1@test@modules@UModSys@@UAEXXZ 100017a0 f i plugin_test1.obj
 0001:000007b0       ??0RTest1_Shell@test1@test@modules@UModSys@@QAE@PAUIModObject@base@4@@Z 100017b0 f i plugin_test1.obj
 0001:000008f0       ??1RTest1_Shell@test1@test@modules@UModSys@@UAE@XZ 100018f0 f i plugin_test1.obj
 0001:000009a0       ?connect@RTest1_Shell@test1@test@modules@UModSys@@UAE_NXZ 100019a0 f i plugin_test1.obj
 0001:000009c0       ?disconnect@RTest1_Shell@test1@test@modules@UModSys@@UAE_NXZ 100019c0 f i plugin_test1.obj
 0001:000009e0       ?process_tick@RTest1_Shell@test1@test@modules@UModSys@@UAE_NABUSTimeMsec@core@5@@Z 100019e0 f i plugin_test1.obj
 0001:00000a10       ?process_command@RTest1_Shell@test1@test@modules@UModSys@@UAE_NHQBU?$TString@U?$TSCoreConst@D@su@tl@UModSys@@U?$TComparerBinaryHash@D@234@@tl@5@@Z 10001a10 f i plugin_test1.obj
 0001:00000a40       ??_ERTest1_Shell@test1@test@modules@UModSys@@UAEPAXI@Z 10001a40 f i  CIL library: CIL module
 0001:00000a40       ??_GRTest1_Shell@test1@test@modules@UModSys@@UAEPAXI@Z 10001a40 f i plugin_test1.obj
 0001:00000a60       ?get_generated_names@RGenerator@test1@test@modules@UModSys@@UBEHAAUSUniquePtrList@core@5@@Z 10001a60 f i plugin_test1.obj
 0001:00000a80       ?get_generated_types@RGenerator@test1@test@modules@UModSys@@UBEHAAUSUniquePtrList@core@5@PBUSUniquePointerInfo@75@@Z 10001a80 f i plugin_test1.obj
 0001:00000ad0       ?generate@RGenerator@test1@test@modules@UModSys@@UAE_NAAU?$TRefObject@UIRefObject@core@UModSys@@U?$TRefObjectFunc@UIRefObject@core@UModSys@@@tl@3@@tl@5@PBUSUniquePointerInfo@core@5@ABUSParameters@95@@Z 10001ad0 f i plugin_test1.obj
 0001:00000b90       ?root_get_interface_info@RGenerator@test1@test@modules@UModSys@@UBEABUSUniquePointerInfo@core@5@XZ 10001b90 f i plugin_test1.obj
 0001:00000ba0       ?root_get_interface_type@RGenerator@test1@test@modules@UModSys@@UBEPBUSUniquePointerInfo@core@5@XZ 10001ba0 f i plugin_test1.obj
 0001:00000bb0       ?root_get_other_interface@RGenerator@test1@test@modules@UModSys@@UAEPAUIRoot@core@5@PBUSUniquePointerInfo@75@@Z 10001bb0 f i plugin_test1.obj
 0001:00000bb0       ?root_get_other_interface@RGenerator@test1@test@modules@UModSys@@UBEPBUIRoot@core@5@PBUSUniquePointerInfo@75@@Z 10001bb0 f i plugin_test1.obj
 0001:00000bf0       ?root_is_interface_supported@RGenerator@test1@test@modules@UModSys@@UBE_NPBUSUniquePointerInfo@core@5@@Z 10001bf0 f i plugin_test1.obj
 0001:00000c30       ?suicide@RGenerator@test1@test@modules@UModSys@@UAEXXZ 10001c30 f i plugin_test1.obj
 0001:00000c30       ?suicide@RGenerator@images_std@media@modules@UModSys@@UAEXXZ 10001c30 f i umodsys_lib_libmedia:umodsys.mod.media.images_std.obj
 0001:00000c30       ??3@YAXPAX0@Z              10001c30 f i plugin_test1.obj
 0001:00000c30       ?suicide@RGenerator@frames@ui@modules@UModSys@@UAEXXZ 10001c30 f i umodsys_lib_libui:umodsys.mod.ui.frames.obj
 0001:00000c30       ?suicide@RGenerator@SDL_core@ui@modules@UModSys@@UAEXXZ 10001c30 f i umodsys_lib_libui:umodsys.mod.ui.SDL_core.obj
 0001:00000c30       ?suicide@RGenerator@stdlib@lib2d@modules@UModSys@@UAEXXZ 10001c30 f i umodsys_lib_lib2d:umodsys.mod.2d.stdlib.obj
 0001:00000c30       ?suicide@RGenerator@serialize_json@media@modules@UModSys@@UAEXXZ 10001c30 f i umodsys_lib_libmedia:umodsys.mod.media.serialize_json.obj
 0001:00000c30       ?suicide@RGenerator@zlib@media@modules@UModSys@@UAEXXZ 10001c30 f i umodsys_lib_libmedia:umodsys.mod.media.zlib.obj
 0001:00000c40       ?get_uid@RGenerator@test1@test@modules@UModSys@@UBEPBUSUniquePointerInfo@core@5@XZ 10001c40 f i plugin_test1.obj
 0001:00000c50       ?do_open@RModuleReg@test1@test@modules@UModSys@@UAE_NXZ 10001c50 f i plugin_test1.obj
 0001:00000c80       ?do_close@RModuleReg@test1@test@modules@UModSys@@UAE_NXZ 10001c80 f i plugin_test1.obj
 0001:00000cb0       ??_ERModuleReg@test1@test@modules@UModSys@@UAEPAXI@Z 10001cb0 f i  CIL library: CIL module
 0001:00000cb0       ??_GRModuleReg@test1@test@modules@UModSys@@UAEPAXI@Z 10001cb0 f i plugin_test1.obj
 0001:00000ce0       ??0?$TString@U?$TSCoreConst@D@su@tl@UModSys@@U?$TComparerBinaryHash@D@234@@tl@UModSys@@QAE@PBD@Z 10001ce0 f i plugin_test1.obj
 0001:00000d30       ??8?$TString@U?$TSCoreConst@D@su@tl@UModSys@@U?$TComparerBinaryHash@D@234@@tl@UModSys@@QBE_NPBD@Z 10001d30 f i plugin_test1.obj
 0001:00000d60       ??1?$TRefObject@URImageFactory_Memory@stdlib@lib2d@modules@UModSys@@U?$TRefObjectFunc@URImageFactory_Memory@stdlib@lib2d@modules@UModSys@@@tl@5@@tl@UModSys@@QAE@XZ 10001d60 f i umodsys_lib_lib2d:umodsys.mod.2d.stdlib.obj
 0001:00000d60       ??1?$TRefObject@UIClient@IBinArchiveFrame@libmedia@UModSys@@U?$TRefObjectFunc@UIClient@IBinArchiveFrame@libmedia@UModSys@@@tl@4@@tl@UModSys@@QAE@XZ 10001d60 f i plugin_test1.obj
 0001:00000d60       ??1?$TRefObject@UILibraryObjFilter@libmedia@UModSys@@U?$TRefObjectFunc@UILibraryObjFilter@libmedia@UModSys@@@tl@3@@tl@UModSys@@QAE@XZ 10001d60 f i plugin_test1.obj
 0001:00000d60       ??1?$TRefObject@URCollector@frames@ui@modules@UModSys@@U?$TRefObjectFunc@URCollector@frames@ui@modules@UModSys@@@tl@5@@tl@UModSys@@QAE@XZ 10001d60 f i umodsys_lib_libui:umodsys.mod.ui.frames.obj
 0001:00000d60       ??1?$TRefObject@URSerializeReader@serialize_json@media@modules@UModSys@@U?$TRefObjectFunc@URSerializeReader@serialize_json@media@modules@UModSys@@@tl@5@@tl@UModSys@@QAE@XZ 10001d60 f i umodsys_lib_libmedia:umodsys.mod.media.serialize_json.obj
 0001:00000d60       ??1?$TRefObject@URImage_Memory@stdlib@lib2d@modules@UModSys@@U?$TRefObjectFunc@URImage_Memory@stdlib@lib2d@modules@UModSys@@@tl@5@@tl@UModSys@@QAE@XZ 10001d60 f i umodsys_lib_lib2d:umodsys.mod.2d.stdlib.obj
 0001:00000d60       ??1?$TRefObject@UIMouseController@libui@UModSys@@U?$TRefObjectFunc@UIMouseController@libui@UModSys@@@tl@3@@tl@UModSys@@QAE@XZ 10001d60 f i plugin_test1.obj
 0001:00000d60       ??1?$TRefObject@UIBinArchive@libmedia@UModSys@@U?$TRefObjectFunc@UIBinArchive@libmedia@UModSys@@@tl@3@@tl@UModSys@@QAE@XZ 10001d60 f i plugin_test1.obj
 0001:00000d60       ??1?$TRefObject@URDialog@frames@ui@modules@UModSys@@U?$TRefObjectFunc@URDialog@frames@ui@modules@UModSys@@@tl@5@@tl@UModSys@@QAE@XZ 10001d60 f i umodsys_lib_libui:umodsys.mod.ui.frames.obj
 0001:00000d60       ??1?$TRefObject@URMultiImage2D_SDL_ttf@SDL_core@ui@modules@UModSys@@U?$TRefObjectFunc@URMultiImage2D_SDL_ttf@SDL_core@ui@modules@UModSys@@@tl@5@@tl@UModSys@@QAE@XZ 10001d60 f i umodsys_lib_libui:umodsys.mod.ui.SDL_core.obj
 0001:00000d60       ??1?$TRefObject@UIImage@lib2d@UModSys@@U?$TRefObjectFunc@UIImage@lib2d@UModSys@@@tl@3@@tl@UModSys@@QAE@XZ 10001d60 f i plugin_test1.obj
 0001:00000d60       ??1?$TRefObject@URMouseController@SDL_core@ui@modules@UModSys@@U?$TRefObjectFunc@URMouseController@SDL_core@ui@modules@UModSys@@@tl@5@@tl@UModSys@@QAE@XZ 10001d60 f i umodsys_lib_libui:umodsys.mod.ui.SDL_core.obj
 0001:00000d60       ??1?$TRefObject@UIRenderDriver@lib2d@UModSys@@U?$TRefObjectFunc@UIRenderDriver@lib2d@UModSys@@@tl@3@@tl@UModSys@@QAE@XZ 10001d60 f i plugin_test1.obj
 0001:00000d60       ??1?$TRefObject@URRenderDriver2D@SDL_core@ui@modules@UModSys@@U?$TRefObjectFunc@URRenderDriver2D@SDL_core@ui@modules@UModSys@@@tl@5@@tl@UModSys@@QAE@XZ 10001d60 f i umodsys_lib_libui:umodsys.mod.ui.SDL_core.obj
 0001:00000d60       ??1?$TRefObject@UIFrame@libui@UModSys@@U?$TRefObjectFunc@UIFrame@libui@UModSys@@@tl@3@@tl@UModSys@@QAE@XZ 10001d60 f i umodsys_lib_libui:umodsys.mod.ui.frames.obj
 0001:00000d60       ??1?$TRefObject@UILibraryLayered@libmedia@UModSys@@U?$TRefObjectFunc@UILibraryLayered@libmedia@UModSys@@@tl@3@@tl@UModSys@@QAE@XZ 10001d60 f i plugin_test1.obj
 0001:00000d60       ??1?$TRefObject@UIBinArchiveFrame@libmedia@UModSys@@U?$TRefObjectFunc@UIBinArchiveFrame@libmedia@UModSys@@@tl@3@@tl@UModSys@@QAE@XZ 10001d60 f i plugin_test1.obj
 0001:00000d60       ??1?$TRefObject@UIBinObjFilter@libmedia@UModSys@@U?$TRefObjectFunc@UIBinObjFilter@libmedia@UModSys@@@tl@3@@tl@UModSys@@QAE@XZ 10001d60 f i plugin_test1.obj
 0001:00000d60       ??1?$TRefObject@UIKeyboardController@libui@UModSys@@U?$TRefObjectFunc@UIKeyboardController@libui@UModSys@@@tl@3@@tl@UModSys@@QAE@XZ 10001d60 f i plugin_test1.obj
 0001:00000d60       ??1?$TRefObject@URSerializeWriter@serialize_json@media@modules@UModSys@@U?$TRefObjectFunc@URSerializeWriter@serialize_json@media@modules@UModSys@@@tl@5@@tl@UModSys@@QAE@XZ 10001d60 f i umodsys_lib_libmedia:umodsys.mod.media.serialize_json.obj
 0001:00000d60       ??1?$TRefObject@URMediaFilter@images_std@media@modules@UModSys@@U?$TRefObjectFunc@URMediaFilter@images_std@media@modules@UModSys@@@tl@5@@tl@UModSys@@QAE@XZ 10001d60 f i umodsys_lib_libmedia:umodsys.mod.media.images_std.obj
 0001:00000d60       ??1?$TRefObject@UIImageFactory@lib2d@UModSys@@U?$TRefObjectFunc@UIImageFactory@lib2d@UModSys@@@tl@3@@tl@UModSys@@QAE@XZ 10001d60 f i plugin_test1.obj
 0001:00000d60       ??1?$TRefObject@UIStreamWriter@libmedia@UModSys@@U?$TRefObjectFunc@UIStreamWriter@libmedia@UModSys@@@tl@3@@tl@UModSys@@QAE@XZ 10001d60 f i plugin_test1.obj
 0001:00000d60       ??1?$TRefObject@UIStreamReader@libmedia@UModSys@@U?$TRefObjectFunc@UIStreamReader@libmedia@UModSys@@@tl@3@@tl@UModSys@@QAE@XZ 10001d60 f i plugin_test1.obj
 0001:00000d60       ??1?$TRefObject@URTerminal@SDL_core@ui@modules@UModSys@@U?$TRefObjectFunc@URTerminal@SDL_core@ui@modules@UModSys@@@tl@5@@tl@UModSys@@QAE@XZ 10001d60 f i umodsys_lib_libui:umodsys.mod.ui.SDL_core.obj
 0001:00000d60       ??1?$TRefObject@URMultiImage@stdlib@lib2d@modules@UModSys@@U?$TRefObjectFunc@URMultiImage@stdlib@lib2d@modules@UModSys@@@tl@5@@tl@UModSys@@QAE@XZ 10001d60 f i umodsys_lib_lib2d:umodsys.mod.2d.stdlib.obj
 0001:00000d60       ??1?$TRefObject@UIRefObject@core@UModSys@@U?$TRefObjectFunc@UIRefObject@core@UModSys@@@tl@3@@tl@UModSys@@QAE@XZ 10001d60 f i plugin_test1.obj
 0001:00000d60       ??1?$TRefObject@URBinArchiveFrameClient_ZIP@zlib@media@modules@UModSys@@U?$TRefObjectFunc@URBinArchiveFrameClient_ZIP@zlib@media@modules@UModSys@@@tl@5@@tl@UModSys@@QAE@XZ 10001d60 f i umodsys_lib_libmedia:umodsys.mod.media.zlib.obj
 0001:00000d60       ??1?$TRefObject@UILibraryBinCache@libmedia@UModSys@@U?$TRefObjectFunc@UILibraryBinCache@libmedia@UModSys@@@tl@3@@tl@UModSys@@QAE@XZ 10001d60 f i plugin_test1.obj
 0001:00000d60       ??1?$TRefObject@URFrame_Common@frames@ui@modules@UModSys@@U?$TRefObjectFunc@URFrame_Common@frames@ui@modules@UModSys@@@tl@5@@tl@UModSys@@QAE@XZ 10001d60 f i umodsys_lib_libui:umodsys.mod.ui.frames.obj
 0001:00000d60       ??1?$TRefObject@UILibrary@libmedia@UModSys@@U?$TRefObjectFunc@UILibrary@libmedia@UModSys@@@tl@3@@tl@UModSys@@QAE@XZ 10001d60 f i plugin_test1.obj
 0001:00000d60       ??1?$TRefObject@UILibraryBinTree@libmedia@UModSys@@U?$TRefObjectFunc@UILibraryBinTree@libmedia@UModSys@@@tl@3@@tl@UModSys@@QAE@XZ 10001d60 f i plugin_test1.obj
 0001:00000d60       ??1?$TRefObject@UIMultiImage@lib2d@UModSys@@U?$TRefObjectFunc@UIMultiImage@lib2d@UModSys@@@tl@3@@tl@UModSys@@QAE@XZ 10001d60 f i plugin_test1.obj
 0001:00000d60       ??1?$TRefObject@UIUtilities@libmedia@UModSys@@U?$TRefObjectFunc@UIUtilities@libmedia@UModSys@@@tl@3@@tl@UModSys@@QAE@XZ 10001d60 f i plugin_test1.obj
 0001:00000d60       ??1?$TRefObject@UITerminal@libui@UModSys@@U?$TRefObjectFunc@UITerminal@libui@UModSys@@@tl@3@@tl@UModSys@@QAE@XZ 10001d60 f i plugin_test1.obj
 0001:00000d60       ??1?$TRefObject@UILibraryObjCache@libmedia@UModSys@@U?$TRefObjectFunc@UILibraryObjCache@libmedia@UModSys@@@tl@3@@tl@UModSys@@QAE@XZ 10001d60 f i plugin_test1.obj
 0001:00000d60       ??1?$TRefObject@URKeyboardController@SDL_core@ui@modules@UModSys@@U?$TRefObjectFunc@URKeyboardController@SDL_core@ui@modules@UModSys@@@tl@5@@tl@UModSys@@QAE@XZ 10001d60 f i umodsys_lib_libui:umodsys.mod.ui.SDL_core.obj
 0001:00000d80       ??4?$TString@U?$TSCoreShared@USIMemAlloc@core@UModSys@@D@su@tl@UModSys@@U?$TComparerBinaryHash@D@234@@tl@UModSys@@QAEABU012@ABU012@@Z 10001d80 f i plugin_test1.obj
 0001:00000db0       ??0?$TParametersA@$0EAA@@core@UModSys@@QAE@XZ 10001db0 f i plugin_test1.obj
 0001:00000de0       ??1?$TDynarrayDynamic@USFileInfo@libmedia@UModSys@@U?$TAllocator@USIMemAlloc@core@UModSys@@USCountCalcPower2@23@@tl@3@@tl@UModSys@@QAE@XZ 10001de0 f i plugin_test1.obj
 0001:00000e30       ??1?$TRStackSocket@USFileInfo@libmedia@UModSys@@U?$TDynarrayDynamic@USFileInfo@libmedia@UModSys@@U?$TAllocator@USIMemAlloc@core@UModSys@@USCountCalcPower2@23@@tl@3@@tl@3@@tl@UModSys@@QAE@XZ 10001e30 f i plugin_test1.obj
 0001:00000e40       ?isempty@?$TRStackSocket@USFileInfo@libmedia@UModSys@@U?$TDynarrayDynamic@USFileInfo@libmedia@UModSys@@U?$TAllocator@USIMemAlloc@core@UModSys@@USCountCalcPower2@23@@tl@3@@tl@3@@tl@UModSys@@UBE_NXZ 10001e40 f i plugin_test1.obj
 0001:00000e50       ?push@?$TRStackSocket@USFileInfo@libmedia@UModSys@@U?$TDynarrayDynamic@USFileInfo@libmedia@UModSys@@U?$TAllocator@USIMemAlloc@core@UModSys@@USCountCalcPower2@23@@tl@3@@tl@3@@tl@UModSys@@UAE_NABUSFileInfo@libmedia@3@@Z 10001e50 f i plugin_test1.obj
 0001:00000e90       ?pop@?$TRStackSocket@USFileInfo@libmedia@UModSys@@U?$TDynarrayDynamic@USFileInfo@libmedia@UModSys@@U?$TAllocator@USIMemAlloc@core@UModSys@@USCountCalcPower2@23@@tl@3@@tl@3@@tl@UModSys@@UAE_NAAUSFileInfo@libmedia@3@@Z 10001e90 f i plugin_test1.obj
 0001:00000ee0       ?info_release@?$TSCoreShared@USIMemAlloc@core@UModSys@@D@su@tl@UModSys@@QAEXXZ 10001ee0 f i plugin_test1.obj
 0001:00000f60       ?info_new@?$TSCoreShared@USIMemAlloc@core@UModSys@@D@su@tl@UModSys@@QAE_NPBDI@Z 10001f60 f i plugin_test1.obj
 0001:00001010       ?get_null@?$TSCoreShared@USIMemAlloc@core@UModSys@@D@su@tl@UModSys@@SAPAU?$TSharedStringInfo@DUSIMemAlloc@core@UModSys@@@234@XZ 10002010 f i plugin_test1.obj
 0001:00001050       ??$generate_type@UIImageFactory@lib2d@UModSys@@@RTest1_Shell@test1@test@modules@UModSys@@QAE?AU?$TRefObject@UIImageFactory@lib2d@UModSys@@U?$TRefObjectFunc@UIImageFactory@lib2d@UModSys@@@tl@3@@tl@4@ABU?$TString@U?$TSCoreConst@D@su@tl@UModSys@@U?$TComparerBinaryHash@D@234@@64@ABUSParameters@core@4@PBD@Z 10002050 f i plugin_test1.obj
 0001:000011a0       ??$generate_type@UIMultiImage@lib2d@UModSys@@@RTest1_Shell@test1@test@modules@UModSys@@QAE?AU?$TRefObject@UIMultiImage@lib2d@UModSys@@U?$TRefObjectFunc@UIMultiImage@lib2d@UModSys@@@tl@3@@tl@4@ABU?$TString@U?$TSCoreConst@D@su@tl@UModSys@@U?$TComparerBinaryHash@D@234@@64@ABUSParameters@core@4@PBD@Z 100021a0 f i plugin_test1.obj
 0001:000012f0       ??$generate_type@UIBinArchive@libmedia@UModSys@@@RTest1_Shell@test1@test@modules@UModSys@@QAE?AU?$TRefObject@UIBinArchive@libmedia@UModSys@@U?$TRefObjectFunc@UIBinArchive@libmedia@UModSys@@@tl@3@@tl@4@ABU?$TString@U?$TSCoreConst@D@su@tl@UModSys@@U?$TComparerBinaryHash@D@234@@64@ABUSParameters@core@4@PBD@Z 100022f0 f i plugin_test1.obj
 0001:00001440       ??$generate_type@UIClient@IBinArchiveFrame@libmedia@UModSys@@@RTest1_Shell@test1@test@modules@UModSys@@QAE?AU?$TRefObject@UIClient@IBinArchiveFrame@libmedia@UModSys@@U?$TRefObjectFunc@UIClient@IBinArchiveFrame@libmedia@UModSys@@@tl@4@@tl@4@ABU?$TString@U?$TSCoreConst@D@su@tl@UModSys@@U?$TComparerBinaryHash@D@234@@64@ABUSParameters@core@4@PBD@Z 10002440 f i plugin_test1.obj
 0001:00001590       ??$generate_type@UIBinArchiveFrame@libmedia@UModSys@@@RTest1_Shell@test1@test@modules@UModSys@@QAE?AU?$TRefObject@UIBinArchiveFrame@libmedia@UModSys@@U?$TRefObjectFunc@UIBinArchiveFrame@libmedia@UModSys@@@tl@3@@tl@4@ABU?$TString@U?$TSCoreConst@D@su@tl@UModSys@@U?$TComparerBinaryHash@D@234@@64@ABUSParameters@core@4@PBD@Z 10002590 f i plugin_test1.obj
 0001:000016e0       ??$generate_type@UIBinObjFilter@libmedia@UModSys@@@RTest1_Shell@test1@test@modules@UModSys@@QAE?AU?$TRefObject@UIBinObjFilter@libmedia@UModSys@@U?$TRefObjectFunc@UIBinObjFilter@libmedia@UModSys@@@tl@3@@tl@4@ABU?$TString@U?$TSCoreConst@D@su@tl@UModSys@@U?$TComparerBinaryHash@D@234@@64@ABUSParameters@core@4@PBD@Z 100026e0 f i plugin_test1.obj
 0001:00001830       ??$generate_type@UIUtilities@libmedia@UModSys@@@RTest1_Shell@test1@test@modules@UModSys@@QAE?AU?$TRefObject@UIUtilities@libmedia@UModSys@@U?$TRefObjectFunc@UIUtilities@libmedia@UModSys@@@tl@3@@tl@4@ABU?$TString@U?$TSCoreConst@D@su@tl@UModSys@@U?$TComparerBinaryHash@D@234@@64@ABUSParameters@core@4@PBD@Z 10002830 f i plugin_test1.obj
 0001:00001980       ??$generate_type@UILibraryBinTree@libmedia@UModSys@@@RTest1_Shell@test1@test@modules@UModSys@@QAE?AU?$TRefObject@UILibraryBinTree@libmedia@UModSys@@U?$TRefObjectFunc@UILibraryBinTree@libmedia@UModSys@@@tl@3@@tl@4@ABU?$TString@U?$TSCoreConst@D@su@tl@UModSys@@U?$TComparerBinaryHash@D@234@@64@ABUSParameters@core@4@PBD@Z 10002980 f i plugin_test1.obj
 0001:00001ad0       ??$generate_type@UILibraryObjFilter@libmedia@UModSys@@@RTest1_Shell@test1@test@modules@UModSys@@QAE?AU?$TRefObject@UILibraryObjFilter@libmedia@UModSys@@U?$TRefObjectFunc@UILibraryObjFilter@libmedia@UModSys@@@tl@3@@tl@4@ABU?$TString@U?$TSCoreConst@D@su@tl@UModSys@@U?$TComparerBinaryHash@D@234@@64@ABUSParameters@core@4@PBD@Z 10002ad0 f i plugin_test1.obj
 0001:00001c20       ??$generate_type@UILibraryLayered@libmedia@UModSys@@@RTest1_Shell@test1@test@modules@UModSys@@QAE?AU?$TRefObject@UILibraryLayered@libmedia@UModSys@@U?$TRefObjectFunc@UILibraryLayered@libmedia@UModSys@@@tl@3@@tl@4@ABU?$TString@U?$TSCoreConst@D@su@tl@UModSys@@U?$TComparerBinaryHash@D@234@@64@ABUSParameters@core@4@PBD@Z 10002c20 f i plugin_test1.obj
 0001:00001d70       ??$generate_type@UILibraryObjCache@libmedia@UModSys@@@RTest1_Shell@test1@test@modules@UModSys@@QAE?AU?$TRefObject@UILibraryObjCache@libmedia@UModSys@@U?$TRefObjectFunc@UILibraryObjCache@libmedia@UModSys@@@tl@3@@tl@4@ABU?$TString@U?$TSCoreConst@D@su@tl@UModSys@@U?$TComparerBinaryHash@D@234@@64@ABUSParameters@core@4@PBD@Z 10002d70 f i plugin_test1.obj
 0001:00001ec0       ??$generate_type@UILibraryBinCache@libmedia@UModSys@@@RTest1_Shell@test1@test@modules@UModSys@@QAE?AU?$TRefObject@UILibraryBinCache@libmedia@UModSys@@U?$TRefObjectFunc@UILibraryBinCache@libmedia@UModSys@@@tl@3@@tl@4@ABU?$TString@U?$TSCoreConst@D@su@tl@UModSys@@U?$TComparerBinaryHash@D@234@@64@ABUSParameters@core@4@PBD@Z 10002ec0 f i plugin_test1.obj
 0001:00002010       ?ResizeRel@?$TDynarray@U?$TDynarrayHolderDynamic@USFileInfo@libmedia@UModSys@@U?$TAllocator@USIMemAlloc@core@UModSys@@USCountCalcPower2@23@@tl@3@@tl@UModSys@@@tl@UModSys@@QAE_NH@Z 10003010 f i plugin_test1.obj
 0001:00002080       ??$t_generate@UIMultiImage@lib2d@UModSys@@@SModuleContext@base@UModSys@@QAE_NAAU?$TRefObject@UIMultiImage@lib2d@UModSys@@U?$TRefObjectFunc@UIMultiImage@lib2d@UModSys@@@tl@3@@tl@2@PBUSUniquePointerInfo@core@2@ABUSParameters@62@@Z 10003080 f i plugin_test1.obj
 0001:00002130       ??$shash@D@su@tl@UModSys@@YAIPBDI@Z 10003130 f i plugin_test1.obj
 0001:00002170       ?ReLink@?$TDynarray@U?$TDynarrayHolderDynamic@USFileInfo@libmedia@UModSys@@U?$TAllocator@USIMemAlloc@core@UModSys@@USCountCalcPower2@23@@tl@3@@tl@UModSys@@@tl@UModSys@@IAE_NI@Z 10003170 f i plugin_test1.obj
 0001:000021c0       ??1?$TRefObject@UIModObject@base@UModSys@@U?$TModObjectFunc@UIModObject@base@UModSys@@@tl@3@@tl@UModSys@@QAE@XZ 100031c0 f i plugin_test1.obj
 0001:000021e0       ?adestruct@?$TTypeConstructor@USFileInfo@libmedia@UModSys@@@tl@UModSys@@SAXPAUSFileInfo@libmedia@3@I@Z 100031e0 f i plugin_test1.obj
 0001:00002260       ??$t_ref_get_other_interface@UIStreamReader@libmedia@UModSys@@U?$TRefObjectFunc@UIStreamReader@libmedia@UModSys@@@tl@3@@IRefObject@core@UModSys@@QAE_NAAU?$TRefObject@UIStreamReader@libmedia@UModSys@@U?$TRefObjectFunc@UIStreamReader@libmedia@UModSys@@@tl@3@@tl@2@@Z 10003260 f i plugin_test1.obj
 0001:000022a0       ??$t_ref_get_other_interface@UIStreamWriter@libmedia@UModSys@@U?$TRefObjectFunc@UIStreamWriter@libmedia@UModSys@@@tl@3@@IRefObject@core@UModSys@@QAE_NAAU?$TRefObject@UIStreamWriter@libmedia@UModSys@@U?$TRefObjectFunc@UIStreamWriter@libmedia@UModSys@@@tl@3@@tl@2@@Z 100032a0 f i plugin_test1.obj
 0001:000022e0       ??$t_ref_get_other_interface@UIMultiImage@lib2d@UModSys@@U?$TRefObjectFunc@UIMultiImage@lib2d@UModSys@@@tl@3@@IRefObject@core@UModSys@@QAE_NAAU?$TRefObject@UIMultiImage@lib2d@UModSys@@U?$TRefObjectFunc@UIMultiImage@lib2d@UModSys@@@tl@3@@tl@2@@Z 100032e0 f i plugin_test1.obj
 0001:00002320       ??$t_generate@UIImageFactory@lib2d@UModSys@@@SModuleContext@base@UModSys@@QAE_NAAU?$TRefObject@UIImageFactory@lib2d@UModSys@@U?$TRefObjectFunc@UIImageFactory@lib2d@UModSys@@@tl@3@@tl@2@PBUSUniquePointerInfo@core@2@ABUSParameters@62@@Z 10003320 f i plugin_test1.obj
 0001:000023d0       ??$t_generate@UIBinArchive@libmedia@UModSys@@@SModuleContext@base@UModSys@@QAE_NAAU?$TRefObject@UIBinArchive@libmedia@UModSys@@U?$TRefObjectFunc@UIBinArchive@libmedia@UModSys@@@tl@3@@tl@2@PBUSUniquePointerInfo@core@2@ABUSParameters@62@@Z 100033d0 f i plugin_test1.obj
 0001:00002480       ??$t_generate@UIClient@IBinArchiveFrame@libmedia@UModSys@@@SModuleContext@base@UModSys@@QAE_NAAU?$TRefObject@UIClient@IBinArchiveFrame@libmedia@UModSys@@U?$TRefObjectFunc@UIClient@IBinArchiveFrame@libmedia@UModSys@@@tl@4@@tl@2@PBUSUniquePointerInfo@core@2@ABUSParameters@62@@Z 10003480 f i plugin_test1.obj
 0001:00002530       ??$t_generate@UIBinArchiveFrame@libmedia@UModSys@@@SModuleContext@base@UModSys@@QAE_NAAU?$TRefObject@UIBinArchiveFrame@libmedia@UModSys@@U?$TRefObjectFunc@UIBinArchiveFrame@libmedia@UModSys@@@tl@3@@tl@2@PBUSUniquePointerInfo@core@2@ABUSParameters@62@@Z 10003530 f i plugin_test1.obj
 0001:000025e0       ??$t_generate@UIBinObjFilter@libmedia@UModSys@@@SModuleContext@base@UModSys@@QAE_NAAU?$TRefObject@UIBinObjFilter@libmedia@UModSys@@U?$TRefObjectFunc@UIBinObjFilter@libmedia@UModSys@@@tl@3@@tl@2@PBUSUniquePointerInfo@core@2@ABUSParameters@62@@Z 100035e0 f i plugin_test1.obj
 0001:00002690       ??$t_generate@UIUtilities@libmedia@UModSys@@@SModuleContext@base@UModSys@@QAE_NAAU?$TRefObject@UIUtilities@libmedia@UModSys@@U?$TRefObjectFunc@UIUtilities@libmedia@UModSys@@@tl@3@@tl@2@PBUSUniquePointerInfo@core@2@ABUSParameters@62@@Z 10003690 f i plugin_test1.obj
 0001:00002740       ??$t_generate@UILibraryBinTree@libmedia@UModSys@@@SModuleContext@base@UModSys@@QAE_NAAU?$TRefObject@UILibraryBinTree@libmedia@UModSys@@U?$TRefObjectFunc@UILibraryBinTree@libmedia@UModSys@@@tl@3@@tl@2@PBUSUniquePointerInfo@core@2@ABUSParameters@62@@Z 10003740 f i plugin_test1.obj
 0001:000027f0       ??$t_generate@UILibraryObjFilter@libmedia@UModSys@@@SModuleContext@base@UModSys@@QAE_NAAU?$TRefObject@UILibraryObjFilter@libmedia@UModSys@@U?$TRefObjectFunc@UILibraryObjFilter@libmedia@UModSys@@@tl@3@@tl@2@PBUSUniquePointerInfo@core@2@ABUSParameters@62@@Z 100037f0 f i plugin_test1.obj
 0001:000028a0       ??$t_generate@UILibraryLayered@libmedia@UModSys@@@SModuleContext@base@UModSys@@QAE_NAAU?$TRefObject@UILibraryLayered@libmedia@UModSys@@U?$TRefObjectFunc@UILibraryLayered@libmedia@UModSys@@@tl@3@@tl@2@PBUSUniquePointerInfo@core@2@ABUSParameters@62@@Z 100038a0 f i plugin_test1.obj
 0001:00002950       ??$t_generate@UILibraryObjCache@libmedia@UModSys@@@SModuleContext@base@UModSys@@QAE_NAAU?$TRefObject@UILibraryObjCache@libmedia@UModSys@@U?$TRefObjectFunc@UILibraryObjCache@libmedia@UModSys@@@tl@3@@tl@2@PBUSUniquePointerInfo@core@2@ABUSParameters@62@@Z 10003950 f i plugin_test1.obj
 0001:00002a00       ??$t_generate@UILibraryBinCache@libmedia@UModSys@@@SModuleContext@base@UModSys@@QAE_NAAU?$TRefObject@UILibraryBinCache@libmedia@UModSys@@U?$TRefObjectFunc@UILibraryBinCache@libmedia@UModSys@@@tl@3@@tl@2@PBUSUniquePointerInfo@core@2@ABUSParameters@62@@Z 10003a00 f i plugin_test1.obj
 0001:00002ab0       ??$t_ref_get_other_interface@UIImage@lib2d@UModSys@@U?$TRefObjectFunc@UIImage@lib2d@UModSys@@@tl@3@@IRefObject@core@UModSys@@QAE_NAAU?$TRefObject@UIImage@lib2d@UModSys@@U?$TRefObjectFunc@UIImage@lib2d@UModSys@@@tl@3@@tl@2@@Z 10003ab0 f i plugin_test1.obj
 0001:00002af0       ??$t_ref_get_other_interface@UIImageFactory@lib2d@UModSys@@U?$TRefObjectFunc@UIImageFactory@lib2d@UModSys@@@tl@3@@IRefObject@core@UModSys@@QAE_NAAU?$TRefObject@UIImageFactory@lib2d@UModSys@@U?$TRefObjectFunc@UIImageFactory@lib2d@UModSys@@@tl@3@@tl@2@@Z 10003af0 f i plugin_test1.obj
 0001:00002b30       ??$t_ref_get_other_interface@UIBinArchive@libmedia@UModSys@@U?$TRefObjectFunc@UIBinArchive@libmedia@UModSys@@@tl@3@@IRefObject@core@UModSys@@QAE_NAAU?$TRefObject@UIBinArchive@libmedia@UModSys@@U?$TRefObjectFunc@UIBinArchive@libmedia@UModSys@@@tl@3@@tl@2@@Z 10003b30 f i plugin_test1.obj
 0001:00002b70       ??$t_ref_get_other_interface@UIClient@IBinArchiveFrame@libmedia@UModSys@@U?$TRefObjectFunc@UIClient@IBinArchiveFrame@libmedia@UModSys@@@tl@4@@IRefObject@core@UModSys@@QAE_NAAU?$TRefObject@UIClient@IBinArchiveFrame@libmedia@UModSys@@U?$TRefObjectFunc@UIClient@IBinArchiveFrame@libmedia@UModSys@@@tl@4@@tl@2@@Z 10003b70 f i plugin_test1.obj
 0001:00002bb0       ??$t_ref_get_other_interface@UIBinArchiveFrame@libmedia@UModSys@@U?$TRefObjectFunc@UIBinArchiveFrame@libmedia@UModSys@@@tl@3@@IRefObject@core@UModSys@@QAE_NAAU?$TRefObject@UIBinArchiveFrame@libmedia@UModSys@@U?$TRefObjectFunc@UIBinArchiveFrame@libmedia@UModSys@@@tl@3@@tl@2@@Z 10003bb0 f i plugin_test1.obj
 0001:00002bf0       ??$t_ref_get_other_interface@UIBinObjFilter@libmedia@UModSys@@U?$TRefObjectFunc@UIBinObjFilter@libmedia@UModSys@@@tl@3@@IRefObject@core@UModSys@@QAE_NAAU?$TRefObject@UIBinObjFilter@libmedia@UModSys@@U?$TRefObjectFunc@UIBinObjFilter@libmedia@UModSys@@@tl@3@@tl@2@@Z 10003bf0 f i plugin_test1.obj
 0001:00002c30       ??$t_ref_get_other_interface@UIUtilities@libmedia@UModSys@@U?$TRefObjectFunc@UIUtilities@libmedia@UModSys@@@tl@3@@IRefObject@core@UModSys@@QAE_NAAU?$TRefObject@UIUtilities@libmedia@UModSys@@U?$TRefObjectFunc@UIUtilities@libmedia@UModSys@@@tl@3@@tl@2@@Z 10003c30 f i plugin_test1.obj
 0001:00002c70       ??$t_ref_get_other_interface@UILibraryBinTree@libmedia@UModSys@@U?$TRefObjectFunc@UILibraryBinTree@libmedia@UModSys@@@tl@3@@IRefObject@core@UModSys@@QAE_NAAU?$TRefObject@UILibraryBinTree@libmedia@UModSys@@U?$TRefObjectFunc@UILibraryBinTree@libmedia@UModSys@@@tl@3@@tl@2@@Z 10003c70 f i plugin_test1.obj
 0001:00002cb0       ??$t_ref_get_other_interface@UILibraryObjFilter@libmedia@UModSys@@U?$TRefObjectFunc@UILibraryObjFilter@libmedia@UModSys@@@tl@3@@IRefObject@core@UModSys@@QAE_NAAU?$TRefObject@UILibraryObjFilter@libmedia@UModSys@@U?$TRefObjectFunc@UILibraryObjFilter@libmedia@UModSys@@@tl@3@@tl@2@@Z 10003cb0 f i plugin_test1.obj
 0001:00002cf0       ??$t_ref_get_other_interface@UILibraryLayered@libmedia@UModSys@@U?$TRefObjectFunc@UILibraryLayered@libmedia@UModSys@@@tl@3@@IRefObject@core@UModSys@@QAE_NAAU?$TRefObject@UILibraryLayered@libmedia@UModSys@@U?$TRefObjectFunc@UILibraryLayered@libmedia@UModSys@@@tl@3@@tl@2@@Z 10003cf0 f i plugin_test1.obj
 0001:00002d30       ??$t_ref_get_other_interface@UILibraryObjCache@libmedia@UModSys@@U?$TRefObjectFunc@UILibraryObjCache@libmedia@UModSys@@@tl@3@@IRefObject@core@UModSys@@QAE_NAAU?$TRefObject@UILibraryObjCache@libmedia@UModSys@@U?$TRefObjectFunc@UILibraryObjCache@libmedia@UModSys@@@tl@3@@tl@2@@Z 10003d30 f i plugin_test1.obj
 0001:00002d70       ??$t_ref_get_other_interface@UILibraryBinCache@libmedia@UModSys@@U?$TRefObjectFunc@UILibraryBinCache@libmedia@UModSys@@@tl@3@@IRefObject@core@UModSys@@QAE_NAAU?$TRefObject@UILibraryBinCache@libmedia@UModSys@@U?$TRefObjectFunc@UILibraryBinCache@libmedia@UModSys@@@tl@3@@tl@2@@Z 10003d70 f i plugin_test1.obj
 0001:00002db0       ?alloc@SMemShared@core@UModSys@@QAE_NIPAUSSourceContext@23@@Z 10003db0 f i umodsys_lib_lib2d:umodsys.mod.2d.stdlib.obj
 0001:00002df0       ?ConvertSameSize@stdlib@lib2d@modules@UModSys@@YA_NW4eImageType@24@ABU?$TVector2@H@math3d@4@11ABUSMem@core@4@11ABUSCMem@94@@Z 10003df0 f i umodsys_lib_lib2d:umodsys.mod.2d.stdlib.obj
 0001:00002e80       ?ConvertSame@stdlib@lib2d@modules@UModSys@@YA_NW4eImageType@24@ABU?$TBoundBox2@H@math3d@4@ABU?$TVector2@H@74@ABUSMem@core@4@12ABUSCMem@core@4@@Z 10003e80 f i umodsys_lib_lib2d:umodsys.mod.2d.stdlib.obj
 0001:00002f00       ?Convert@stdlib@lib2d@modules@UModSys@@YA_NABU?$TBoundBox2@H@math3d@4@ABUSImageInfo@24@ABUSMem@core@4@01ABUSCMem@94@@Z 10003f00 f i umodsys_lib_lib2d:umodsys.mod.2d.stdlib.obj
 0001:00002f70       ?root_get_interface_info@RImage_Memory@stdlib@lib2d@modules@UModSys@@UBEABUSUniquePointerInfo@core@5@XZ 10003f70 f i umodsys_lib_lib2d:umodsys.mod.2d.stdlib.obj
 0001:00002f80       ?root_get_interface_type@RImage_Memory@stdlib@lib2d@modules@UModSys@@UBEPBUSUniquePointerInfo@core@5@XZ 10003f80 f i umodsys_lib_lib2d:umodsys.mod.2d.stdlib.obj
 0001:00002f90       ?root_get_other_interface@RImage_Memory@stdlib@lib2d@modules@UModSys@@UBEPBUIRoot@core@5@PBUSUniquePointerInfo@75@@Z 10003f90 f i umodsys_lib_lib2d:umodsys.mod.2d.stdlib.obj
 0001:00002f90       ?root_get_other_interface@RImage_Memory@stdlib@lib2d@modules@UModSys@@UAEPAUIRoot@core@5@PBUSUniquePointerInfo@75@@Z 10003f90 f i umodsys_lib_lib2d:umodsys.mod.2d.stdlib.obj
 0001:00002fc0       ?root_is_interface_supported@RImage_Memory@stdlib@lib2d@modules@UModSys@@UBE_NPBUSUniquePointerInfo@core@5@@Z 10003fc0 f i umodsys_lib_lib2d:umodsys.mod.2d.stdlib.obj
 0001:00003000       ?suicide@RTerminal@SDL_core@ui@modules@UModSys@@UAEXXZ 10004000 f i umodsys_lib_libui:umodsys.mod.ui.SDL_core.obj
 0001:00003000       ?suicide@RImageFactory_Memory@stdlib@lib2d@modules@UModSys@@UAEXXZ 10004000 f i umodsys_lib_lib2d:umodsys.mod.2d.stdlib.obj
 0001:00003000       ?suicide@RBinArchiveFrameClient_ZIP@zlib@media@modules@UModSys@@UAEXXZ 10004000 f i umodsys_lib_libmedia:umodsys.mod.media.zlib.obj
 0001:00003000       ?suicide@RMultiImage@stdlib@lib2d@modules@UModSys@@UAEXXZ 10004000 f i umodsys_lib_lib2d:umodsys.mod.2d.stdlib.obj
 0001:00003000       ?suicide@RImage_Memory@stdlib@lib2d@modules@UModSys@@UAEXXZ 10004000 f i umodsys_lib_lib2d:umodsys.mod.2d.stdlib.obj
 0001:00003000       ?suicide@RSerializeReader@serialize_json@media@modules@UModSys@@UAEXXZ 10004000 f i umodsys_lib_libmedia:umodsys.mod.media.serialize_json.obj
 0001:00003010       ?root_get_interface_info@RImageFactory_Memory@stdlib@lib2d@modules@UModSys@@UBEABUSUniquePointerInfo@core@5@XZ 10004010 f i umodsys_lib_lib2d:umodsys.mod.2d.stdlib.obj
 0001:00003020       ?root_get_interface_type@RImageFactory_Memory@stdlib@lib2d@modules@UModSys@@UBEPBUSUniquePointerInfo@core@5@XZ 10004020 f i umodsys_lib_lib2d:umodsys.mod.2d.stdlib.obj
 0001:00003030       ?root_get_other_interface@RImageFactory_Memory@stdlib@lib2d@modules@UModSys@@UAEPAUIRoot@core@5@PBUSUniquePointerInfo@75@@Z 10004030 f i umodsys_lib_lib2d:umodsys.mod.2d.stdlib.obj
 0001:00003030       ?root_get_other_interface@RImageFactory_Memory@stdlib@lib2d@modules@UModSys@@UBEPBUIRoot@core@5@PBUSUniquePointerInfo@75@@Z 10004030 f i umodsys_lib_lib2d:umodsys.mod.2d.stdlib.obj
 0001:00003060       ?root_is_interface_supported@RImageFactory_Memory@stdlib@lib2d@modules@UModSys@@UBE_NPBUSUniquePointerInfo@core@5@@Z 10004060 f i umodsys_lib_lib2d:umodsys.mod.2d.stdlib.obj
 0001:000030a0       ?ref_add@RDialog@frames@ui@modules@UModSys@@UBEXXZ 100040a0 f i umodsys_lib_libui:umodsys.mod.ui.frames.obj
 0001:000030a0       ?ref_add@RKeyboardController@SDL_core@ui@modules@UModSys@@UBEXXZ 100040a0 f i umodsys_lib_libui:umodsys.mod.ui.SDL_core.obj
 0001:000030a0       ?ref_add@RMultiImage2D_SDL_ttf@SDL_core@ui@modules@UModSys@@UBEXXZ 100040a0 f i umodsys_lib_libui:umodsys.mod.ui.SDL_core.obj
 0001:000030a0       ?ref_add@RGenerator@zlib@media@modules@UModSys@@UBEXXZ 100040a0 f i umodsys_lib_libmedia:umodsys.mod.media.zlib.obj
 0001:000030a0       ?ref_add@RGenerator@images_std@media@modules@UModSys@@UBEXXZ 100040a0 f i umodsys_lib_libmedia:umodsys.mod.media.images_std.obj
 0001:000030a0       ?ref_add@RImage_Memory@stdlib@lib2d@modules@UModSys@@UBEXXZ 100040a0 f i umodsys_lib_lib2d:umodsys.mod.2d.stdlib.obj
 0001:000030a0       ?ref_add@RTerminal@SDL_core@ui@modules@UModSys@@UBEXXZ 100040a0 f i umodsys_lib_libui:umodsys.mod.ui.SDL_core.obj
 0001:000030a0       ?ref_add@RMouseController@SDL_core@ui@modules@UModSys@@UBEXXZ 100040a0 f i umodsys_lib_libui:umodsys.mod.ui.SDL_core.obj
 0001:000030a0       ?ref_add@RGenerator@stdlib@lib2d@modules@UModSys@@UBEXXZ 100040a0 f i umodsys_lib_lib2d:umodsys.mod.2d.stdlib.obj
 0001:000030a0       ?ref_add@RSerializeReader@serialize_json@media@modules@UModSys@@UBEXXZ 100040a0 f i umodsys_lib_libmedia:umodsys.mod.media.serialize_json.obj
 0001:000030a0       ?ref_add@RGenerator@SDL_core@ui@modules@UModSys@@UBEXXZ 100040a0 f i umodsys_lib_libui:umodsys.mod.ui.SDL_core.obj
 0001:000030a0       ?ref_add@RRenderDriver2D@SDL_core@ui@modules@UModSys@@UBEXXZ 100040a0 f i umodsys_lib_libui:umodsys.mod.ui.SDL_core.obj
 0001:000030a0       ?ref_add@RGenerator@serialize_json@media@modules@UModSys@@UBEXXZ 100040a0 f i umodsys_lib_libmedia:umodsys.mod.media.serialize_json.obj
 0001:000030a0       ?ref_add@RMultiImage@stdlib@lib2d@modules@UModSys@@UBEXXZ 100040a0 f i umodsys_lib_lib2d:umodsys.mod.2d.stdlib.obj
 0001:000030a0       ?ref_add@RBinArchiveFrameClient_ZIP@zlib@media@modules@UModSys@@UBEXXZ 100040a0 f i umodsys_lib_libmedia:umodsys.mod.media.zlib.obj
 0001:000030a0       ?ref_add@RGenerator@frames@ui@modules@UModSys@@UBEXXZ 100040a0 f i umodsys_lib_libui:umodsys.mod.ui.frames.obj
 0001:000030a0       ?ref_add@RGenerator@test1@test@modules@UModSys@@UBEXXZ 100040a0 f i plugin_test1.obj
 0001:000030a0       ?ref_add@RImageFactory_Memory@stdlib@lib2d@modules@UModSys@@UBEXXZ 100040a0 f i umodsys_lib_lib2d:umodsys.mod.2d.stdlib.obj
 0001:000030b0       ?root_get_interface_info@RMultiImage@stdlib@lib2d@modules@UModSys@@UBEABUSUniquePointerInfo@core@5@XZ 100040b0 f i umodsys_lib_lib2d:umodsys.mod.2d.stdlib.obj
 0001:000030c0       ?root_get_interface_type@RMultiImage@stdlib@lib2d@modules@UModSys@@UBEPBUSUniquePointerInfo@core@5@XZ 100040c0 f i umodsys_lib_lib2d:umodsys.mod.2d.stdlib.obj
 0001:000030d0       ?root_get_other_interface@RMultiImage@stdlib@lib2d@modules@UModSys@@UBEPBUIRoot@core@5@PBUSUniquePointerInfo@75@@Z 100040d0 f i umodsys_lib_lib2d:umodsys.mod.2d.stdlib.obj
 0001:000030d0       ?root_get_other_interface@RMultiImage@stdlib@lib2d@modules@UModSys@@UAEPAUIRoot@core@5@PBUSUniquePointerInfo@75@@Z 100040d0 f i umodsys_lib_lib2d:umodsys.mod.2d.stdlib.obj
 0001:00003100       ?root_is_interface_supported@RMultiImage@stdlib@lib2d@modules@UModSys@@UBE_NPBUSUniquePointerInfo@core@5@@Z 10004100 f i umodsys_lib_lib2d:umodsys.mod.2d.stdlib.obj
 0001:00003140       ?get_generated_names@RGenerator@stdlib@lib2d@modules@UModSys@@UBEHAAUSUniquePtrList@core@5@@Z 10004140 f i umodsys_lib_lib2d:umodsys.mod.2d.stdlib.obj
 0001:00003180       ?get_generated_types@RGenerator@stdlib@lib2d@modules@UModSys@@UBEHAAUSUniquePtrList@core@5@PBUSUniquePointerInfo@75@@Z 10004180 f i umodsys_lib_lib2d:umodsys.mod.2d.stdlib.obj
 0001:00003200       ?generate@RGenerator@stdlib@lib2d@modules@UModSys@@UAE_NAAU?$TRefObject@UIRefObject@core@UModSys@@U?$TRefObjectFunc@UIRefObject@core@UModSys@@@tl@3@@tl@5@PBUSUniquePointerInfo@core@5@ABUSParameters@95@@Z 10004200 f i umodsys_lib_lib2d:umodsys.mod.2d.stdlib.obj
 0001:00003260       ?root_get_interface_info@RGenerator@stdlib@lib2d@modules@UModSys@@UBEABUSUniquePointerInfo@core@5@XZ 10004260 f i umodsys_lib_lib2d:umodsys.mod.2d.stdlib.obj
 0001:00003270       ?root_get_interface_type@RGenerator@stdlib@lib2d@modules@UModSys@@UBEPBUSUniquePointerInfo@core@5@XZ 10004270 f i umodsys_lib_lib2d:umodsys.mod.2d.stdlib.obj
 0001:00003280       ?root_get_interface_types@RBinArchiveFrameClient_ZIP@zlib@media@modules@UModSys@@UBEIAAUSUniquePtrList@core@5@@Z 10004280 f i umodsys_lib_libmedia:umodsys.mod.media.zlib.obj
 0001:00003280       ?root_get_interface_types@RFrame_Frame@frames@ui@modules@UModSys@@UBEIAAUSUniquePtrList@core@5@@Z 10004280 f i umodsys_lib_libui:umodsys.mod.ui.frames.obj
 0001:00003280       ?root_get_interface_types@RCollector@frames@ui@modules@UModSys@@UBEIAAUSUniquePtrList@core@5@@Z 10004280 f i umodsys_lib_libui:umodsys.mod.ui.frames.obj
 0001:00003280       ?root_get_interface_types@RFrame_List@frames@ui@modules@UModSys@@UBEIAAUSUniquePtrList@core@5@@Z 10004280 f i umodsys_lib_libui:umodsys.mod.ui.frames.obj
 0001:00003280       ?root_get_interface_types@RGenerator@SDL_core@ui@modules@UModSys@@UBEIAAUSUniquePtrList@core@5@@Z 10004280 f i umodsys_lib_libui:umodsys.mod.ui.SDL_core.obj
 0001:00003280       ?root_get_interface_types@RFrame_Image@frames@ui@modules@UModSys@@UBEIAAUSUniquePtrList@core@5@@Z 10004280 f i umodsys_lib_libui:umodsys.mod.ui.frames.obj
 0001:00003280       ?root_get_interface_types@RMouseController@SDL_core@ui@modules@UModSys@@UBEIAAUSUniquePtrList@core@5@@Z 10004280 f i umodsys_lib_libui:umodsys.mod.ui.SDL_core.obj
 0001:00003280       ?root_get_interface_types@RSerializeReader@serialize_json@media@modules@UModSys@@UBEIAAUSUniquePtrList@core@5@@Z 10004280 f i umodsys_lib_libmedia:umodsys.mod.media.serialize_json.obj
 0001:00003280       ?root_get_interface_types@RGenerator@images_std@media@modules@UModSys@@UBEIAAUSUniquePtrList@core@5@@Z 10004280 f i umodsys_lib_libmedia:umodsys.mod.media.images_std.obj
 0001:00003280       ?root_get_interface_types@RSerializeWriter@serialize_json@media@modules@UModSys@@UBEIAAUSUniquePtrList@core@5@@Z 10004280 f i umodsys_lib_libmedia:umodsys.mod.media.serialize_json.obj
 0001:00003280       ?root_get_interface_types@RGenerator@test1@test@modules@UModSys@@UBEIAAUSUniquePtrList@core@5@@Z 10004280 f i plugin_test1.obj
 0001:00003280       ?root_get_interface_types@RFrame_Button@frames@ui@modules@UModSys@@UBEIAAUSUniquePtrList@core@5@@Z 10004280 f i umodsys_lib_libui:umodsys.mod.ui.frames.obj
 0001:00003280       ?root_get_interface_types@RFrame_Edit@frames@ui@modules@UModSys@@UBEIAAUSUniquePtrList@core@5@@Z 10004280 f i umodsys_lib_libui:umodsys.mod.ui.frames.obj
 0001:00003280       ?root_get_interface_types@RImage_Memory@stdlib@lib2d@modules@UModSys@@UBEIAAUSUniquePtrList@core@5@@Z 10004280 f i umodsys_lib_lib2d:umodsys.mod.2d.stdlib.obj
 0001:00003280       ?root_get_interface_types@RFrame_Text@frames@ui@modules@UModSys@@UBEIAAUSUniquePtrList@core@5@@Z 10004280 f i umodsys_lib_libui:umodsys.mod.ui.frames.obj
 0001:00003280       ?root_get_interface_types@RGenerator@stdlib@lib2d@modules@UModSys@@UBEIAAUSUniquePtrList@core@5@@Z 10004280 f i umodsys_lib_lib2d:umodsys.mod.2d.stdlib.obj
 0001:00003280       ?root_get_interface_types@RGenerator@serialize_json@media@modules@UModSys@@UBEIAAUSUniquePtrList@core@5@@Z 10004280 f i umodsys_lib_libmedia:umodsys.mod.media.serialize_json.obj
 0001:00003280       ?root_get_interface_types@RRenderDriver2D@SDL_core@ui@modules@UModSys@@UBEIAAUSUniquePtrList@core@5@@Z 10004280 f i umodsys_lib_libui:umodsys.mod.ui.SDL_core.obj
 0001:00003280       ?root_get_interface_types@RMediaFilter@images_std@media@modules@UModSys@@UBEIAAUSUniquePtrList@core@5@@Z 10004280 f i umodsys_lib_libmedia:umodsys.mod.media.images_std.obj
 0001:00003280       ?root_get_interface_types@RGenerator@frames@ui@modules@UModSys@@UBEIAAUSUniquePtrList@core@5@@Z 10004280 f i umodsys_lib_libui:umodsys.mod.ui.frames.obj
 0001:00003280       ?root_get_interface_types@RTest1_Shell@test1@test@modules@UModSys@@UBEIAAUSUniquePtrList@core@5@@Z 10004280 f i plugin_test1.obj
 0001:00003280       ?root_get_interface_types@RMultiImage2D_SDL_ttf@SDL_core@ui@modules@UModSys@@UBEIAAUSUniquePtrList@core@5@@Z 10004280 f i umodsys_lib_libui:umodsys.mod.ui.SDL_core.obj
 0001:00003280       ?root_get_interface_types@RMultiImage@stdlib@lib2d@modules@UModSys@@UBEIAAUSUniquePtrList@core@5@@Z 10004280 f i umodsys_lib_lib2d:umodsys.mod.2d.stdlib.obj
 0001:00003280       ?root_get_interface_types@RKeyboardController@SDL_core@ui@modules@UModSys@@UBEIAAUSUniquePtrList@core@5@@Z 10004280 f i umodsys_lib_libui:umodsys.mod.ui.SDL_core.obj
 0001:00003280       ?root_get_interface_types@RTerminal@SDL_core@ui@modules@UModSys@@UBEIAAUSUniquePtrList@core@5@@Z 10004280 f i umodsys_lib_libui:umodsys.mod.ui.SDL_core.obj
 0001:00003280       ?root_get_interface_types@RGenerator@zlib@media@modules@UModSys@@UBEIAAUSUniquePtrList@core@5@@Z 10004280 f i umodsys_lib_libmedia:umodsys.mod.media.zlib.obj
 0001:00003280       ?root_get_interface_types@RDialog@frames@ui@modules@UModSys@@UBEIAAUSUniquePtrList@core@5@@Z 10004280 f i umodsys_lib_libui:umodsys.mod.ui.frames.obj
 0001:00003280       ?root_get_interface_types@RImageFactory_Memory@stdlib@lib2d@modules@UModSys@@UBEIAAUSUniquePtrList@core@5@@Z 10004280 f i umodsys_lib_lib2d:umodsys.mod.2d.stdlib.obj
 0001:00003290       ?root_get_other_interface@RGenerator@stdlib@lib2d@modules@UModSys@@UBEPBUIRoot@core@5@PBUSUniquePointerInfo@75@@Z 10004290 f i umodsys_lib_lib2d:umodsys.mod.2d.stdlib.obj
 0001:00003290       ?root_get_other_interface@RGenerator@stdlib@lib2d@modules@UModSys@@UAEPAUIRoot@core@5@PBUSUniquePointerInfo@75@@Z 10004290 f i umodsys_lib_lib2d:umodsys.mod.2d.stdlib.obj
 0001:000032d0       ?root_is_interface_supported@RGenerator@stdlib@lib2d@modules@UModSys@@UBE_NPBUSUniquePointerInfo@core@5@@Z 100042d0 f i umodsys_lib_lib2d:umodsys.mod.2d.stdlib.obj
 0001:00003310       ?get_uid@RGenerator@stdlib@lib2d@modules@UModSys@@UBEPBUSUniquePointerInfo@core@5@XZ 10004310 f i umodsys_lib_lib2d:umodsys.mod.2d.stdlib.obj
 0001:00003320       ??4State@RImage_Memory@stdlib@lib2d@modules@UModSys@@QAEAAU012345@ABU012345@@Z 10004320 f i umodsys_lib_lib2d:umodsys.mod.2d.stdlib.obj
 0001:000033d0       ??_GRImage_Memory@stdlib@lib2d@modules@UModSys@@UAEPAXI@Z 100043d0 f i umodsys_lib_lib2d:umodsys.mod.2d.stdlib.obj
 0001:000033d0       ??_ERImage_Memory@stdlib@lib2d@modules@UModSys@@UAEPAXI@Z 100043d0 f i  CIL library: CIL module
 0001:000033f0       ??_ERImageFactory_Memory@stdlib@lib2d@modules@UModSys@@UAEPAXI@Z 100043f0 f i  CIL library: CIL module
 0001:000033f0       ??_GRImageFactory_Memory@stdlib@lib2d@modules@UModSys@@UAEPAXI@Z 100043f0 f i umodsys_lib_lib2d:umodsys.mod.2d.stdlib.obj
 0001:00003410       ??_GRMultiImage@stdlib@lib2d@modules@UModSys@@UAEPAXI@Z 10004410 f i umodsys_lib_lib2d:umodsys.mod.2d.stdlib.obj
 0001:00003410       ??_ERMultiImage@stdlib@lib2d@modules@UModSys@@UAEPAXI@Z 10004410 f i  CIL library: CIL module
 0001:00003430       ?do_open@RModuleReg@stdlib@lib2d@modules@UModSys@@UAE_NXZ 10004430 f i umodsys_lib_lib2d:umodsys.mod.2d.stdlib.obj
 0001:00003440       ?do_close@RModuleReg@stdlib@lib2d@modules@UModSys@@UAE_NXZ 10004440 f i umodsys_lib_lib2d:umodsys.mod.2d.stdlib.obj
 0001:00003450       ??_GRModuleReg@stdlib@lib2d@modules@UModSys@@UAEPAXI@Z 10004450 f i umodsys_lib_lib2d:umodsys.mod.2d.stdlib.obj
 0001:00003450       ??_ERModuleReg@stdlib@lib2d@modules@UModSys@@UAEPAXI@Z 10004450 f i  CIL library: CIL module
 0001:00003480       ??1?$TDynarrayDynamic@USImageCellInfo@lib2d@UModSys@@U?$TAllocator@USIMemAlloc@core@UModSys@@USCountCalcPower2@23@@tl@3@@tl@UModSys@@QAE@XZ 10004480 f i umodsys_lib_lib2d:umodsys.mod.2d.stdlib.obj
 0001:000034b0       ??1?$TDynarrayDynamic@U?$TRefObject@UIImage@lib2d@UModSys@@U?$TRefObjectFunc@UIImage@lib2d@UModSys@@@tl@3@@tl@UModSys@@U?$TAllocator@USIMemAlloc@core@UModSys@@USCountCalcPower2@23@@23@@tl@UModSys@@QAE@XZ 100044b0 f i umodsys_lib_lib2d:umodsys.mod.2d.stdlib.obj
 0001:00003500       ?Free@?$TDynarray@U?$TDynarrayHolderDynamic@USImageCellInfo@lib2d@UModSys@@U?$TAllocator@USIMemAlloc@core@UModSys@@USCountCalcPower2@23@@tl@3@@tl@UModSys@@@tl@UModSys@@QAE_NXZ 10004500 f i umodsys_lib_lib2d:umodsys.mod.2d.stdlib.obj
 0001:00003560       ?obj_delete@?$TRefObjectLinksModObject@URImage_Memory@stdlib@lib2d@modules@UModSys@@UIModObject@base@5@@tl@UModSys@@QBEXPAURImage_Memory@stdlib@lib2d@modules@3@@Z 10004560 f i umodsys_lib_lib2d:umodsys.mod.2d.stdlib.obj
 0001:00003560       ?obj_delete@?$TRefObjectLinksModObject@URCollector@frames@ui@modules@UModSys@@UIModObject@base@5@@tl@UModSys@@QBEXPAURCollector@frames@ui@modules@3@@Z 10004560 f i umodsys_lib_libui:umodsys.mod.ui.frames.obj
 0001:00003560       ?obj_delete@?$TRefObjectLinksModObject@URTerminal@SDL_core@ui@modules@UModSys@@UIModObject@base@5@@tl@UModSys@@QBEXPAURTerminal@SDL_core@ui@modules@3@@Z 10004560 f i umodsys_lib_libui:umodsys.mod.ui.SDL_core.obj
 0001:00003560       ?obj_delete@?$TRefObjectLinksModObject@URTest1_Shell@test1@test@modules@UModSys@@UIModObject@base@5@@tl@UModSys@@QBEXPAURTest1_Shell@test1@test@modules@3@@Z 10004560 f i plugin_test1.obj
 0001:00003560       ?obj_delete@?$TRefObjectLinksModObject@URBinArchiveFrameClient_ZIP@zlib@media@modules@UModSys@@UIModObject@base@5@@tl@UModSys@@QBEXPAURBinArchiveFrameClient_ZIP@zlib@media@modules@3@@Z 10004560 f i umodsys_lib_libmedia:umodsys.mod.media.zlib.obj
 0001:00003560       ?obj_delete@?$TRefObjectLinksModObject@URSerializeWriter@serialize_json@media@modules@UModSys@@UIModObject@base@5@@tl@UModSys@@QBEXPAURSerializeWriter@serialize_json@media@modules@3@@Z 10004560 f i umodsys_lib_libmedia:umodsys.mod.media.serialize_json.obj
 0001:00003560       ?obj_delete@?$TRefObjectLinksModObject@URImageFactory_Memory@stdlib@lib2d@modules@UModSys@@UIModObject@base@5@@tl@UModSys@@QBEXPAURImageFactory_Memory@stdlib@lib2d@modules@3@@Z 10004560 f i umodsys_lib_lib2d:umodsys.mod.2d.stdlib.obj
 0001:00003560       ?obj_delete@?$TRefObjectLinksModObject@URMediaFilter@images_std@media@modules@UModSys@@UIModObject@base@5@@tl@UModSys@@QBEXPAURMediaFilter@images_std@media@modules@3@@Z 10004560 f i umodsys_lib_libmedia:umodsys.mod.media.images_std.obj
 0001:00003560       ?obj_delete@?$TRefObjectLinksModObject@URSerializeReader@serialize_json@media@modules@UModSys@@UIModObject@base@5@@tl@UModSys@@QBEXPAURSerializeReader@serialize_json@media@modules@3@@Z 10004560 f i umodsys_lib_libmedia:umodsys.mod.media.serialize_json.obj
 0001:00003560       ?obj_delete@?$TRefObjectLinksModObject@URMultiImage@stdlib@lib2d@modules@UModSys@@UIModObject@base@5@@tl@UModSys@@QBEXPAURMultiImage@stdlib@lib2d@modules@3@@Z 10004560 f i umodsys_lib_lib2d:umodsys.mod.2d.stdlib.obj
 0001:000035d0       ?ResizeRel@?$TDynarray@U?$TDynarrayHolderDynamic@U?$TRefObject@UIImage@lib2d@UModSys@@U?$TRefObjectFunc@UIImage@lib2d@UModSys@@@tl@3@@tl@UModSys@@U?$TAllocator@USIMemAlloc@core@UModSys@@USCountCalcPower2@23@@23@@tl@UModSys@@@tl@UModSys@@QAE_NH@Z 100045d0 f i umodsys_lib_lib2d:umodsys.mod.2d.stdlib.obj
 0001:00003640       ??$t_gen_param@URImage_Memory@stdlib@lib2d@modules@UModSys@@URGenerator@2345@@IGenerator@base@UModSys@@IAE_NPAURGenerator@stdlib@lib2d@modules@2@AAU?$TRefObject@UIRefObject@core@UModSys@@U?$TRefObjectFunc@UIRefObject@core@UModSys@@@tl@3@@tl@2@PBUSUniquePointerInfo@core@2@ABUSParameters@core@2@@Z 10004640 f i umodsys_lib_lib2d:umodsys.mod.2d.stdlib.obj
 0001:000036b0       ??$t_gen_param@URImageFactory_Memory@stdlib@lib2d@modules@UModSys@@URGenerator@2345@@IGenerator@base@UModSys@@IAE_NPAURGenerator@stdlib@lib2d@modules@2@AAU?$TRefObject@UIRefObject@core@UModSys@@U?$TRefObjectFunc@UIRefObject@core@UModSys@@@tl@3@@tl@2@PBUSUniquePointerInfo@core@2@ABUSParameters@core@2@@Z 100046b0 f i umodsys_lib_lib2d:umodsys.mod.2d.stdlib.obj
 0001:00003730       ??$t_gen_param@URMultiImage@stdlib@lib2d@modules@UModSys@@URGenerator@2345@@IGenerator@base@UModSys@@IAE_NPAURGenerator@stdlib@lib2d@modules@2@AAU?$TRefObject@UIRefObject@core@UModSys@@U?$TRefObjectFunc@UIRefObject@core@UModSys@@@tl@3@@tl@2@PBUSUniquePointerInfo@core@2@ABUSParameters@core@2@@Z 10004730 f i umodsys_lib_lib2d:umodsys.mod.2d.stdlib.obj
 0001:000037b0       ?ReLink@?$TDynarray@U?$TDynarrayHolderDynamic@U?$TRefObject@URFrame_Common@frames@ui@modules@UModSys@@U?$TRefObjectFunc@URFrame_Common@frames@ui@modules@UModSys@@@tl@5@@tl@UModSys@@U?$TAllocator@USIMemAlloc@core@UModSys@@USCountCalcPower2@23@@23@@tl@UModSys@@@tl@UModSys@@IAE_NI@Z 100047b0 f i umodsys_lib_libui:umodsys.mod.ui.frames.obj
 0001:000037b0       ?ReLink@?$TDynarray@U?$TDynarrayHolderDynamic@U?$TRefObject@URDialog@frames@ui@modules@UModSys@@U?$TRefObjectFunc@URDialog@frames@ui@modules@UModSys@@@tl@5@@tl@UModSys@@U?$TAllocator@USIMemAlloc@core@UModSys@@USCountCalcPower2@23@@23@@tl@UModSys@@@tl@UModSys@@IAE_NI@Z 100047b0 f i umodsys_lib_libui:umodsys.mod.ui.frames.obj
 0001:000037b0       ?ReLink@?$TDynarray@U?$TDynarrayHolderDynamic@U?$TRefObject@UIImage@lib2d@UModSys@@U?$TRefObjectFunc@UIImage@lib2d@UModSys@@@tl@3@@tl@UModSys@@U?$TAllocator@USIMemAlloc@core@UModSys@@USCountCalcPower2@23@@23@@tl@UModSys@@@tl@UModSys@@IAE_NI@Z 100047b0 f i umodsys_lib_lib2d:umodsys.mod.2d.stdlib.obj
 0001:00003800       ??$ValidateConstruction@UIRefObject@core@UModSys@@URImage_Memory@stdlib@lib2d@modules@3@@core@UModSys@@YA_NAAU?$TRefObject@UIRefObject@core@UModSys@@U?$TRefObjectFunc@UIRefObject@core@UModSys@@@tl@3@@tl@1@PAURImage_Memory@stdlib@lib2d@modules@1@@Z 10004800 f i umodsys_lib_lib2d:umodsys.mod.2d.stdlib.obj
 0001:00003800       ??$ValidateConstruction@UIRefObject@core@UModSys@@URMediaFilter@images_std@media@modules@3@@core@UModSys@@YA_NAAU?$TRefObject@UIRefObject@core@UModSys@@U?$TRefObjectFunc@UIRefObject@core@UModSys@@@tl@3@@tl@1@PAURMediaFilter@images_std@media@modules@1@@Z 10004800 f i umodsys_lib_libmedia:umodsys.mod.media.images_std.obj
 0001:00003800       ??$ValidateConstruction@UIRefObject@core@UModSys@@URTerminal@SDL_core@ui@modules@3@@core@UModSys@@YA_NAAU?$TRefObject@UIRefObject@core@UModSys@@U?$TRefObjectFunc@UIRefObject@core@UModSys@@@tl@3@@tl@1@PAURTerminal@SDL_core@ui@modules@1@@Z 10004800 f i umodsys_lib_libui:umodsys.mod.ui.SDL_core.obj
 0001:00003800       ??$ValidateConstruction@UIImage@lib2d@UModSys@@URImage_Memory@stdlib@2modules@3@@core@UModSys@@YA_NAAU?$TRefObject@UIImage@lib2d@UModSys@@U?$TRefObjectFunc@UIImage@lib2d@UModSys@@@tl@3@@tl@1@PAURImage_Memory@stdlib@lib2d@modules@1@@Z 10004800 f i umodsys_lib_lib2d:umodsys.mod.2d.stdlib.obj
 0001:00003800       ??$ValidateConstruction@UIRefObject@core@UModSys@@URImageFactory_Memory@stdlib@lib2d@modules@3@@core@UModSys@@YA_NAAU?$TRefObject@UIRefObject@core@UModSys@@U?$TRefObjectFunc@UIRefObject@core@UModSys@@@tl@3@@tl@1@PAURImageFactory_Memory@stdlib@lib2d@modules@1@@Z 10004800 f i umodsys_lib_lib2d:umodsys.mod.2d.stdlib.obj
 0001:00003880       ??$ValidateConstruction@UIRefObject@core@UModSys@@URMultiImage@stdlib@lib2d@modules@3@@core@UModSys@@YA_NAAU?$TRefObject@UIRefObject@core@UModSys@@U?$TRefObjectFunc@UIRefObject@core@UModSys@@@tl@3@@tl@1@PAURMultiImage@stdlib@lib2d@modules@1@@Z 10004880 f i umodsys_lib_lib2d:umodsys.mod.2d.stdlib.obj
 0001:00003910       ?root_get_interface_info@RMultiImage2D_SDL_ttf@SDL_core@ui@modules@UModSys@@UBEABUSUniquePointerInfo@core@5@XZ 10004910 f i umodsys_lib_libui:umodsys.mod.ui.SDL_core.obj
 0001:00003920       ?root_get_interface_type@RMultiImage2D_SDL_ttf@SDL_core@ui@modules@UModSys@@UBEPBUSUniquePointerInfo@core@5@XZ 10004920 f i umodsys_lib_libui:umodsys.mod.ui.SDL_core.obj
 0001:00003930       ?root_get_other_interface@RMultiImage2D_SDL_ttf@SDL_core@ui@modules@UModSys@@UBEPBUIRoot@core@5@PBUSUniquePointerInfo@75@@Z 10004930 f i umodsys_lib_libui:umodsys.mod.ui.SDL_core.obj
 0001:00003930       ?root_get_other_interface@RMultiImage2D_SDL_ttf@SDL_core@ui@modules@UModSys@@UAEPAUIRoot@core@5@PBUSUniquePointerInfo@75@@Z 10004930 f i umodsys_lib_libui:umodsys.mod.ui.SDL_core.obj
 0001:00003960       ?root_is_interface_supported@RMultiImage2D_SDL_ttf@SDL_core@ui@modules@UModSys@@UBE_NPBUSUniquePointerInfo@core@5@@Z 10004960 f i umodsys_lib_libui:umodsys.mod.ui.SDL_core.obj
 0001:000039a0       ??0RMultiImage2D_SDL_ttf@SDL_core@ui@modules@UModSys@@QAE@PAURRenderDriver2D@1234@ABUSParameters@core@4@@Z 100049a0 f i umodsys_lib_libui:umodsys.mod.ui.SDL_core.obj
 0001:00003a20       ??1RMultiImage2D_SDL_ttf@SDL_core@ui@modules@UModSys@@UAE@XZ 10004a20 f i umodsys_lib_libui:umodsys.mod.ui.SDL_core.obj
 0001:00003aa0       ?open@RMultiImage2D_SDL_ttf@SDL_core@ui@modules@UModSys@@QAE_NABUSParameters@core@5@@Z 10004aa0 f i umodsys_lib_libui:umodsys.mod.ui.SDL_core.obj
 0001:00003b70       ?generate_glyphs@RMultiImage2D_SDL_ttf@SDL_core@ui@modules@UModSys@@QAE_NXZ 10004b70 f i umodsys_lib_libui:umodsys.mod.ui.SDL_core.obj
 0001:00003c70       ?get_fixed_cell_size@RMultiImage2D_SDL_ttf@SDL_core@ui@modules@UModSys@@UBE?AU?$TVector2@H@math3d@5@XZ 10004c70 f i umodsys_lib_libui:umodsys.mod.ui.SDL_core.obj
 0001:00003c70       ?get_max_layer_size@RMultiImage2D_SDL_ttf@SDL_core@ui@modules@UModSys@@UBE?AU?$TVector2@H@math3d@5@XZ 10004c70 f i umodsys_lib_libui:umodsys.mod.ui.SDL_core.obj
 0001:00003c70       ?get_max_cell_size@RMultiImage2D_SDL_ttf@SDL_core@ui@modules@UModSys@@UBE?AU?$TVector2@H@math3d@5@XZ 10004c70 f i umodsys_lib_libui:umodsys.mod.ui.SDL_core.obj
 0001:00003c90       ?get_layer@RMultiImage2D_SDL_ttf@SDL_core@ui@modules@UModSys@@UBEPAUIImage@lib2d@5@G@Z 10004c90 f i umodsys_lib_libui:umodsys.mod.ui.SDL_core.obj
 0001:00003c90       ?get_controller@RRenderDriver2D@SDL_core@ui@modules@UModSys@@UBEPAUIRefObject@core@5@PBUSUniquePointerInfo@75@@Z 10004c90 f i umodsys_lib_libui:umodsys.mod.ui.SDL_core.obj
 0001:00003ca0       ?get_cell@RMultiImage2D_SDL_ttf@SDL_core@ui@modules@UModSys@@UBE_NIAAU?$TVector2@H@math3d@5@PAU675@PAG@Z 10004ca0 f i umodsys_lib_libui:umodsys.mod.ui.SDL_core.obj
 0001:00003cb0       ?set_layer_count@RMultiImage2D_SDL_ttf@SDL_core@ui@modules@UModSys@@UAE_NG@Z 10004cb0 f i umodsys_lib_libui:umodsys.mod.ui.SDL_core.obj
 0001:00003cb0       ?set_insize@RFrame_Common@frames@ui@modules@UModSys@@UAE_NABU?$TVector2@H@math3d@5@@Z 10004cb0 f i umodsys_lib_libui:umodsys.mod.ui.frames.obj
 0001:00003cb0       ?key_event@RFrame_Common@frames@ui@modules@UModSys@@MAE_NABUSKeyboardInputRaw@libui@5@@Z 10004cb0 f i umodsys_lib_libui:umodsys.mod.ui.frames.obj
 0001:00003cb0       ?key_event@RFrame_Common@frames@ui@modules@UModSys@@MAE_NABUSKeyboardInputText@libui@5@@Z 10004cb0 f i umodsys_lib_libui:umodsys.mod.ui.frames.obj
 0001:00003cb0       ?mouse_event@RFrame_Common@frames@ui@modules@UModSys@@MAE_NPBUSMouseInput@libui@5@@Z 10004cb0 f i umodsys_lib_libui:umodsys.mod.ui.frames.obj
 0001:00003cb0       ?mouse_setvisible@RMouseController@SDL_core@ui@modules@UModSys@@UAE_N_N@Z 10004cb0 f i umodsys_lib_libui:umodsys.mod.ui.SDL_core.obj
 0001:00003cc0       ??_GRMultiImage2D_SDL_ttf@SDL_core@ui@modules@UModSys@@UAEPAXI@Z 10004cc0 f i umodsys_lib_libui:umodsys.mod.ui.SDL_core.obj
 0001:00003cc0       ??_ERMultiImage2D_SDL_ttf@SDL_core@ui@modules@UModSys@@UAEPAXI@Z 10004cc0 f i  CIL library: CIL module
 0001:00003ce0       ?root_get_interface_info@RRenderDriver2D@SDL_core@ui@modules@UModSys@@UBEABUSUniquePointerInfo@core@5@XZ 10004ce0 f i umodsys_lib_libui:umodsys.mod.ui.SDL_core.obj
 0001:00003cf0       ?root_get_interface_type@RRenderDriver2D@SDL_core@ui@modules@UModSys@@UBEPBUSUniquePointerInfo@core@5@XZ 10004cf0 f i umodsys_lib_libui:umodsys.mod.ui.SDL_core.obj
 0001:00003d00       ?root_get_other_interface@RRenderDriver2D@SDL_core@ui@modules@UModSys@@UAEPAUIRoot@core@5@PBUSUniquePointerInfo@75@@Z 10004d00 f i umodsys_lib_libui:umodsys.mod.ui.SDL_core.obj
 0001:00003d00       ?root_get_other_interface@RRenderDriver2D@SDL_core@ui@modules@UModSys@@UBEPBUIRoot@core@5@PBUSUniquePointerInfo@75@@Z 10004d00 f i umodsys_lib_libui:umodsys.mod.ui.SDL_core.obj
 0001:00003d30       ?root_is_interface_supported@RRenderDriver2D@SDL_core@ui@modules@UModSys@@UBE_NPBUSUniquePointerInfo@core@5@@Z 10004d30 f i umodsys_lib_libui:umodsys.mod.ui.SDL_core.obj
 0001:00003d70       ??0RRenderDriver2D@SDL_core@ui@modules@UModSys@@QAE@PAURTerminal@1234@ABUSParameters@core@4@@Z 10004d70 f i umodsys_lib_libui:umodsys.mod.ui.SDL_core.obj
 0001:00003e70       ??1RRenderDriver2D@SDL_core@ui@modules@UModSys@@UAE@XZ 10004e70 f i umodsys_lib_libui:umodsys.mod.ui.SDL_core.obj
 0001:00003f40       ?open@RRenderDriver2D@SDL_core@ui@modules@UModSys@@QAE_NABUSParameters@core@5@@Z 10004f40 f i umodsys_lib_libui:umodsys.mod.ui.SDL_core.obj
 0001:000040f0       ?set_color@RRenderDriver2D@SDL_core@ui@modules@UModSys@@QAEXXZ 100050f0 f i umodsys_lib_libui:umodsys.mod.ui.SDL_core.obj
 0001:000041e0       ?begin@RRenderDriver2D@SDL_core@ui@modules@UModSys@@UAEXXZ 100051e0 f i umodsys_lib_libui:umodsys.mod.ui.SDL_core.obj
 0001:000042c0       ?end@RRenderDriver2D@SDL_core@ui@modules@UModSys@@UAEXXZ 100052c0 f i umodsys_lib_libui:umodsys.mod.ui.SDL_core.obj
 0001:000042d0       ?get_max_values@RRenderDriver2D@SDL_core@ui@modules@UModSys@@UBEPBUSParameters@core@5@XZ 100052d0 f i umodsys_lib_libui:umodsys.mod.ui.SDL_core.obj
 0001:000042e0       ?get_frame_values@RRenderDriver2D@SDL_core@ui@modules@UModSys@@UBEPBUSParameters@core@5@XZ 100052e0 f i umodsys_lib_libui:umodsys.mod.ui.SDL_core.obj
 0001:000042f0       ?setup_font@RRenderDriver2D@SDL_core@ui@modules@UModSys@@UAE_NPAUIMultiImage@lib2d@5@PBU?$TVector2@M@math3d@5@@Z 100052f0 f i umodsys_lib_libui:umodsys.mod.ui.SDL_core.obj
 0001:00004350       ?setup_color@RRenderDriver2D@SDL_core@ui@modules@UModSys@@UAEXABU?$TVector3@M@math3d@5@@Z 10005350 f i umodsys_lib_libui:umodsys.mod.ui.SDL_core.obj
 0001:00004380       ?setup_color@RRenderDriver2D@SDL_core@ui@modules@UModSys@@UAEXABU?$TVector3@H@math3d@5@@Z 10005380 f i umodsys_lib_libui:umodsys.mod.ui.SDL_core.obj
 0001:000043d0       ?setup_coloralpha@RRenderDriver2D@SDL_core@ui@modules@UModSys@@UAEXABU?$TVector4@M@math3d@5@H@Z 100053d0 f i umodsys_lib_libui:umodsys.mod.ui.SDL_core.obj
 0001:00004410       ?setup_coloralpha@RRenderDriver2D@SDL_core@ui@modules@UModSys@@UAEXABU?$TVector4@H@math3d@5@H@Z 10005410 f i umodsys_lib_libui:umodsys.mod.ui.SDL_core.obj
 0001:00004470       ?setup_blendcolor@RRenderDriver2D@SDL_core@ui@modules@UModSys@@UAEXABUSBlendColor@lib2d@5@@Z 10005470 f i umodsys_lib_libui:umodsys.mod.ui.SDL_core.obj
 0001:000044d0       ?setup_blendcolor@RRenderDriver2D@SDL_core@ui@modules@UModSys@@UAEXABUSBlendColorf@lib2d@5@@Z 100054d0 f i umodsys_lib_libui:umodsys.mod.ui.SDL_core.obj
 0001:00004530       ?setup_alpha@RRenderDriver2D@SDL_core@ui@modules@UModSys@@UAEXHH@Z 10005530 f i umodsys_lib_libui:umodsys.mod.ui.SDL_core.obj
 0001:00004560       ?setup_alpha@RRenderDriver2D@SDL_core@ui@modules@UModSys@@UAEXMH@Z 10005560 f i umodsys_lib_libui:umodsys.mod.ui.SDL_core.obj
 0001:00004580       ?render_text_advanced@RRenderDriver2D@SDL_core@ui@modules@UModSys@@UAE_NAAUTextInfo@IRenderDriver@lib2d@5@PBHH@Z 10005580 f i umodsys_lib_libui:umodsys.mod.ui.SDL_core.obj
 0001:00004780       ?render_box@RRenderDriver2D@SDL_core@ui@modules@UModSys@@UAEXABU?$TVector2@H@math3d@5@0@Z 10005780 f i umodsys_lib_libui:umodsys.mod.ui.SDL_core.obj
 0001:000047d0       ?render_tri@RRenderDriver2D@SDL_core@ui@modules@UModSys@@UAEXABU?$TVector2@H@math3d@5@00@Z 100057d0 f i umodsys_lib_libui:umodsys.mod.ui.SDL_core.obj
 0001:00004840       ?render_quad@RRenderDriver2D@SDL_core@ui@modules@UModSys@@UAEXABU?$TVector2@H@math3d@5@000@Z 10005840 f i umodsys_lib_libui:umodsys.mod.ui.SDL_core.obj
 0001:000048c0       ?render_box@RRenderDriver2D@SDL_core@ui@modules@UModSys@@UAEXPAUIImage@lib2d@5@ABU?$TVector2@H@math3d@5@1ABU?$TVector2@M@95@2@Z 100058c0 f i umodsys_lib_libui:umodsys.mod.ui.SDL_core.obj
 0001:000048d0       ?render_line@RRenderDriver2D@SDL_core@ui@modules@UModSys@@UAEXABU?$TVector2@H@math3d@5@0@Z 100058d0 f i umodsys_lib_libui:umodsys.mod.ui.SDL_core.obj
 0001:00004900       ?render_rect@RRenderDriver2D@SDL_core@ui@modules@UModSys@@UAEXABU?$TVector2@H@math3d@5@0@Z 10005900 f i umodsys_lib_libui:umodsys.mod.ui.SDL_core.obj
 0001:00004950       ??_ERRenderDriver2D@SDL_core@ui@modules@UModSys@@UAEPAXI@Z 10005950 f i  CIL library: CIL module
 0001:00004950       ??_GRRenderDriver2D@SDL_core@ui@modules@UModSys@@UAEPAXI@Z 10005950 f i umodsys_lib_libui:umodsys.mod.ui.SDL_core.obj
 0001:00004970       ??1SParameters@core@UModSys@@QAE@XZ 10005970 f i plugin_test1.obj
 0001:00004970       ??1?$TParametersA@$0BAL@@core@UModSys@@QAE@XZ 10005970 f i umodsys_lib_lib2d:umodsys.mod.2d.stdlib.obj
 0001:00004970       ??1?$TParametersA@$0EAA@@core@UModSys@@QAE@XZ 10005970 f i plugin_test1.obj
 0001:00004970       ??1?$TParametersA@$0BAA@@core@UModSys@@QAE@XZ 10005970 f i umodsys_lib_libui:umodsys.mod.ui.SDL_core.obj
 0001:00004980       ?root_get_interface_info@RMouseController@SDL_core@ui@modules@UModSys@@UBEABUSUniquePointerInfo@core@5@XZ 10005980 f i umodsys_lib_libui:umodsys.mod.ui.SDL_core.obj
 0001:00004990       ?root_get_interface_type@RMouseController@SDL_core@ui@modules@UModSys@@UBEPBUSUniquePointerInfo@core@5@XZ 10005990 f i umodsys_lib_libui:umodsys.mod.ui.SDL_core.obj
 0001:000049a0       ?root_get_other_interface@RMouseController@SDL_core@ui@modules@UModSys@@UAEPAUIRoot@core@5@PBUSUniquePointerInfo@75@@Z 100059a0 f i umodsys_lib_libui:umodsys.mod.ui.SDL_core.obj
 0001:000049a0       ?root_get_other_interface@RMouseController@SDL_core@ui@modules@UModSys@@UBEPBUIRoot@core@5@PBUSUniquePointerInfo@75@@Z 100059a0 f i umodsys_lib_libui:umodsys.mod.ui.SDL_core.obj
 0001:000049d0       ?root_is_interface_supported@RMouseController@SDL_core@ui@modules@UModSys@@UBE_NPBUSUniquePointerInfo@core@5@@Z 100059d0 f i umodsys_lib_libui:umodsys.mod.ui.SDL_core.obj
 0001:00004a10       ?suicide@RRenderDriver2D@SDL_core@ui@modules@UModSys@@UAEXXZ 10005a10 f i umodsys_lib_libui:umodsys.mod.ui.SDL_core.obj
 0001:00004a10       ?suicide@RDialog@frames@ui@modules@UModSys@@UAEXXZ 10005a10 f i umodsys_lib_libui:umodsys.mod.ui.frames.obj
 0001:00004a10       ?suicide@RMouseController@SDL_core@ui@modules@UModSys@@UAEXXZ 10005a10 f i umodsys_lib_libui:umodsys.mod.ui.SDL_core.obj
 0001:00004a10       ?suicide@RMultiImage2D_SDL_ttf@SDL_core@ui@modules@UModSys@@UAEXXZ 10005a10 f i umodsys_lib_libui:umodsys.mod.ui.SDL_core.obj
 0001:00004a10       ?suicide@RKeyboardController@SDL_core@ui@modules@UModSys@@UAEXXZ 10005a10 f i umodsys_lib_libui:umodsys.mod.ui.SDL_core.obj
 0001:00004a20       ??0RMouseController@SDL_core@ui@modules@UModSys@@QAE@PAURTerminal@1234@ABUSParameters@core@4@@Z 10005a20 f i umodsys_lib_libui:umodsys.mod.ui.SDL_core.obj
 0001:00004a80       ??1RMouseController@SDL_core@ui@modules@UModSys@@UAE@XZ 10005a80 f i umodsys_lib_libui:umodsys.mod.ui.SDL_core.obj
 0001:00004ae0       ?process@RMouseController@SDL_core@ui@modules@UModSys@@QAE_NAAUSDL_MouseMotionEvent@@@Z 10005ae0 f i umodsys_lib_libui:umodsys.mod.ui.SDL_core.obj
 0001:00004c30       ?process@RMouseController@SDL_core@ui@modules@UModSys@@QAE_NAAUSDL_MouseButtonEvent@@@Z 10005c30 f i umodsys_lib_libui:umodsys.mod.ui.SDL_core.obj
 0001:00004d60       ?process@RMouseController@SDL_core@ui@modules@UModSys@@QAE_NAAUSDL_MouseWheelEvent@@@Z 10005d60 f i umodsys_lib_libui:umodsys.mod.ui.SDL_core.obj
 0001:00004e70       ?mouse_link@RMouseController@SDL_core@ui@modules@UModSys@@UAE_NHPAUIRefObject@core@5@PAUIMouseClient@libui@5@H@Z 10005e70 f i umodsys_lib_libui:umodsys.mod.ui.SDL_core.obj
 0001:00004ed0       ?isfull@?$TRStackSocket@USFileInfo@libmedia@UModSys@@U?$TDynarrayDynamic@USFileInfo@libmedia@UModSys@@U?$TAllocator@USIMemAlloc@core@UModSys@@USCountCalcPower2@23@@tl@3@@tl@3@@tl@UModSys@@UBE_NXZ 10005ed0 f i plugin_test1.obj
 0001:00004ed0       ?mouse_reset@RMouseController@SDL_core@ui@modules@UModSys@@UAE_NXZ 10005ed0 f i umodsys_lib_libui:umodsys.mod.ui.SDL_core.obj
 0001:00004ed0       ?key_reset@RKeyboardController@SDL_core@ui@modules@UModSys@@UAE_NXZ 10005ed0 f i umodsys_lib_libui:umodsys.mod.ui.SDL_core.obj
 0001:00004ee0       ?key_setrepeat@RKeyboardController@SDL_core@ui@modules@UModSys@@UAE_NMM@Z 10005ee0 f i umodsys_lib_libui:umodsys.mod.ui.SDL_core.obj
 0001:00004ee0       ?mouse_setposition@RMouseController@SDL_core@ui@modules@UModSys@@UAE_NHH@Z 10005ee0 f i umodsys_lib_libui:umodsys.mod.ui.SDL_core.obj
 0001:00004ee0       ?get_cell@RMultiImage2D_SDL_ttf@SDL_core@ui@modules@UModSys@@UBE_NIAAUSImageCellInfo@lib2d@5@@Z 10005ee0 f i umodsys_lib_libui:umodsys.mod.ui.SDL_core.obj
 0001:00004ee0       ?setup_fixed_cell@RMultiImage2D_SDL_ttf@SDL_core@ui@modules@UModSys@@UAE_NHH@Z 10005ee0 f i umodsys_lib_libui:umodsys.mod.ui.SDL_core.obj
 0001:00004ee0       ?set_parameters@RRenderDriver2D@SDL_core@ui@modules@UModSys@@UAE_NPBDABUSParameters@core@5@@Z 10005ee0 f i umodsys_lib_libui:umodsys.mod.ui.SDL_core.obj
 0001:00004ee0       ?set_hint@RMultiImage2D_SDL_ttf@SDL_core@ui@modules@UModSys@@UAE_NPBD0@Z 10005ee0 f i umodsys_lib_libui:umodsys.mod.ui.SDL_core.obj
 0001:00004ef0       ??_GRMouseController@SDL_core@ui@modules@UModSys@@UAEPAXI@Z 10005ef0 f i umodsys_lib_libui:umodsys.mod.ui.SDL_core.obj
 0001:00004ef0       ??_ERMouseController@SDL_core@ui@modules@UModSys@@UAEPAXI@Z 10005ef0 f i  CIL library: CIL module
 0001:00004f10       ?root_get_interface_info@RKeyboardController@SDL_core@ui@modules@UModSys@@UBEABUSUniquePointerInfo@core@5@XZ 10005f10 f i umodsys_lib_libui:umodsys.mod.ui.SDL_core.obj
 0001:00004f20       ?root_get_interface_type@RKeyboardController@SDL_core@ui@modules@UModSys@@UBEPBUSUniquePointerInfo@core@5@XZ 10005f20 f i umodsys_lib_libui:umodsys.mod.ui.SDL_core.obj
 0001:00004f30       ?root_get_other_interface@RKeyboardController@SDL_core@ui@modules@UModSys@@UBEPBUIRoot@core@5@PBUSUniquePointerInfo@75@@Z 10005f30 f i umodsys_lib_libui:umodsys.mod.ui.SDL_core.obj
 0001:00004f30       ?root_get_other_interface@RKeyboardController@SDL_core@ui@modules@UModSys@@UAEPAUIRoot@core@5@PBUSUniquePointerInfo@75@@Z 10005f30 f i umodsys_lib_libui:umodsys.mod.ui.SDL_core.obj
 0001:00004f60       ?root_is_interface_supported@RKeyboardController@SDL_core@ui@modules@UModSys@@UBE_NPBUSUniquePointerInfo@core@5@@Z 10005f60 f i umodsys_lib_libui:umodsys.mod.ui.SDL_core.obj
 0001:00004fa0       ?ref_remove@RGenerator@serialize_json@media@modules@UModSys@@UBEXXZ 10005fa0 f i umodsys_lib_libmedia:umodsys.mod.media.serialize_json.obj
 0001:00004fa0       ?ref_remove@RKeyboardController@SDL_core@ui@modules@UModSys@@UBEXXZ 10005fa0 f i umodsys_lib_libui:umodsys.mod.ui.SDL_core.obj
 0001:00004fa0       ?ref_remove@RMouseController@SDL_core@ui@modules@UModSys@@UBEXXZ 10005fa0 f i umodsys_lib_libui:umodsys.mod.ui.SDL_core.obj
 0001:00004fa0       ?ref_remove@RGenerator@images_std@media@modules@UModSys@@UBEXXZ 10005fa0 f i umodsys_lib_libmedia:umodsys.mod.media.images_std.obj
 0001:00004fa0       ?ref_remove@RGenerator@frames@ui@modules@UModSys@@UBEXXZ 10005fa0 f i umodsys_lib_libui:umodsys.mod.ui.frames.obj
 0001:00004fa0       ?ref_remove@RDialog@frames@ui@modules@UModSys@@UBEXXZ 10005fa0 f i umodsys_lib_libui:umodsys.mod.ui.frames.obj
 0001:00004fa0       ?ref_remove@RBinArchiveFrameClient_ZIP@zlib@media@modules@UModSys@@UBEXXZ 10005fa0 f i umodsys_lib_libmedia:umodsys.mod.media.zlib.obj
 0001:00004fa0       ?ref_remove@RGenerator@SDL_core@ui@modules@UModSys@@UBEXXZ 10005fa0 f i umodsys_lib_libui:umodsys.mod.ui.SDL_core.obj
 0001:00004fa0       ?ref_remove@RGenerator@test1@test@modules@UModSys@@UBEXXZ 10005fa0 f i plugin_test1.obj
 0001:00004fa0       ?ref_remove@RMultiImage2D_SDL_ttf@SDL_core@ui@modules@UModSys@@UBEXXZ 10005fa0 f i umodsys_lib_libui:umodsys.mod.ui.SDL_core.obj
 0001:00004fa0       ?ref_remove@RGenerator@stdlib@lib2d@modules@UModSys@@UBEXXZ 10005fa0 f i umodsys_lib_lib2d:umodsys.mod.2d.stdlib.obj
 0001:00004fa0       ?ref_remove@RMultiImage@stdlib@lib2d@modules@UModSys@@UBEXXZ 10005fa0 f i umodsys_lib_lib2d:umodsys.mod.2d.stdlib.obj
 0001:00004fa0       ?ref_remove@RTerminal@SDL_core@ui@modules@UModSys@@UBEXXZ 10005fa0 f i umodsys_lib_libui:umodsys.mod.ui.SDL_core.obj
 0001:00004fa0       ?ref_remove@RGenerator@zlib@media@modules@UModSys@@UBEXXZ 10005fa0 f i umodsys_lib_libmedia:umodsys.mod.media.zlib.obj
 0001:00004fa0       ?ref_remove@RImageFactory_Memory@stdlib@lib2d@modules@UModSys@@UBEXXZ 10005fa0 f i umodsys_lib_lib2d:umodsys.mod.2d.stdlib.obj
 0001:00004fa0       ?ref_remove@RRenderDriver2D@SDL_core@ui@modules@UModSys@@UBEXXZ 10005fa0 f i umodsys_lib_libui:umodsys.mod.ui.SDL_core.obj
 0001:00004fa0       ?ref_remove@RImage_Memory@stdlib@lib2d@modules@UModSys@@UBEXXZ 10005fa0 f i umodsys_lib_lib2d:umodsys.mod.2d.stdlib.obj
 0001:00004fa0       ?ref_remove@RSerializeReader@serialize_json@media@modules@UModSys@@UBEXXZ 10005fa0 f i umodsys_lib_libmedia:umodsys.mod.media.serialize_json.obj
 0001:00004fb0       ??0RKeyboardController@SDL_core@ui@modules@UModSys@@QAE@PAURTerminal@1234@ABUSParameters@core@4@@Z 10005fb0 f i umodsys_lib_libui:umodsys.mod.ui.SDL_core.obj
 0001:00005010       ??1RKeyboardController@SDL_core@ui@modules@UModSys@@UAE@XZ 10006010 f i umodsys_lib_libui:umodsys.mod.ui.SDL_core.obj
 0001:00005070       ?process@RKeyboardController@SDL_core@ui@modules@UModSys@@QAE_NAAUSDL_KeyboardEvent@@@Z 10006070 f i umodsys_lib_libui:umodsys.mod.ui.SDL_core.obj
 0001:00005150       ?process@RKeyboardController@SDL_core@ui@modules@UModSys@@QAE_NAAUSDL_TextInputEvent@@@Z 10006150 f i umodsys_lib_libui:umodsys.mod.ui.SDL_core.obj
 0001:00005240       ?map_keycode@RKeyboardController@SDL_core@ui@modules@UModSys@@QAE?AW4eKeyCode@libui@5@H@Z 10006240 f i umodsys_lib_libui:umodsys.mod.ui.SDL_core.obj
 0001:00005780       ?map_keyspecial@RKeyboardController@SDL_core@ui@modules@UModSys@@QAEFG@Z 10006780 f i umodsys_lib_libui:umodsys.mod.ui.SDL_core.obj
 0001:00005800       ?key_unlink@RKeyboardController@SDL_core@ui@modules@UModSys@@UAE_NH@Z 10006800 f i umodsys_lib_libui:umodsys.mod.ui.SDL_core.obj
 0001:00005800       ?mouse_unlink@RMouseController@SDL_core@ui@modules@UModSys@@UAE_NH@Z 10006800 f i umodsys_lib_libui:umodsys.mod.ui.SDL_core.obj
 0001:00005840       ?key_link@RKeyboardController@SDL_core@ui@modules@UModSys@@UAE_NHPAUIRefObject@core@5@PAUIKeyboardClient@libui@5@@Z 10006840 f i umodsys_lib_libui:umodsys.mod.ui.SDL_core.obj
 0001:00005890       ?key_setmodifier@RKeyboardController@SDL_core@ui@modules@UModSys@@UAE_NHHH@Z 10006890 f i umodsys_lib_libui:umodsys.mod.ui.SDL_core.obj
 0001:00005890       ?setup_variable_cell@RMultiImage2D_SDL_ttf@SDL_core@ui@modules@UModSys@@UAE_NPBUSImageCellInfo@lib2d@5@KK@Z 10006890 f i umodsys_lib_libui:umodsys.mod.ui.SDL_core.obj
 0001:000058a0       ?key_setvisible@RKeyboardController@SDL_core@ui@modules@UModSys@@UAE_N_N@Z 100068a0 f i umodsys_lib_libui:umodsys.mod.ui.SDL_core.obj
 0001:000058c0       ??_ERKeyboardController@SDL_core@ui@modules@UModSys@@UAEPAXI@Z 100068c0 f i  CIL library: CIL module
 0001:000058c0       ??_GRKeyboardController@SDL_core@ui@modules@UModSys@@UAEPAXI@Z 100068c0 f i umodsys_lib_libui:umodsys.mod.ui.SDL_core.obj
 0001:000058e0       ?root_get_interface_info@RTerminal@SDL_core@ui@modules@UModSys@@UBEABUSUniquePointerInfo@core@5@XZ 100068e0 f i umodsys_lib_libui:umodsys.mod.ui.SDL_core.obj
 0001:000058f0       ?root_get_interface_type@RTerminal@SDL_core@ui@modules@UModSys@@UBEPBUSUniquePointerInfo@core@5@XZ 100068f0 f i umodsys_lib_libui:umodsys.mod.ui.SDL_core.obj
 0001:00005900       ?root_get_other_interface@RTerminal@SDL_core@ui@modules@UModSys@@UBEPBUIRoot@core@5@PBUSUniquePointerInfo@75@@Z 10006900 f i umodsys_lib_libui:umodsys.mod.ui.SDL_core.obj
 0001:00005900       ?root_get_other_interface@RTerminal@SDL_core@ui@modules@UModSys@@UAEPAUIRoot@core@5@PBUSUniquePointerInfo@75@@Z 10006900 f i umodsys_lib_libui:umodsys.mod.ui.SDL_core.obj
 0001:00005930       ?root_is_interface_supported@RTerminal@SDL_core@ui@modules@UModSys@@UBE_NPBUSUniquePointerInfo@core@5@@Z 10006930 f i umodsys_lib_libui:umodsys.mod.ui.SDL_core.obj
 0001:00005970       ??0RTerminal@SDL_core@ui@modules@UModSys@@QAE@PAUIModObject@base@4@ABUSParameters@core@4@@Z 10006970 f i umodsys_lib_libui:umodsys.mod.ui.SDL_core.obj
 0001:00005a10       ??1RTerminal@SDL_core@ui@modules@UModSys@@UAE@XZ 10006a10 f i umodsys_lib_libui:umodsys.mod.ui.SDL_core.obj
 0001:00005ac0       ?poll_events@RTerminal@SDL_core@ui@modules@UModSys@@UAE_NH@Z 10006ac0 f i umodsys_lib_libui:umodsys.mod.ui.SDL_core.obj
 0001:00005c00       ?get_terminal_state@RTerminal@SDL_core@ui@modules@UModSys@@UAE_NW4eTerminalState@libui@5@@Z 10006c00 f i umodsys_lib_libui:umodsys.mod.ui.SDL_core.obj
 0001:00005c20       ?set_terminal_state@RTerminal@SDL_core@ui@modules@UModSys@@UAE_NW4eTerminalState@libui@5@_N@Z 10006c20 f i umodsys_lib_libui:umodsys.mod.ui.SDL_core.obj
 0001:00005c90       ?get_clock@RTerminal@SDL_core@ui@modules@UModSys@@UAENXZ 10006c90 f i umodsys_lib_libui:umodsys.mod.ui.SDL_core.obj
 0001:00005cb0       ?wait@RTerminal@SDL_core@ui@modules@UModSys@@UAE_NM@Z 10006cb0 f i umodsys_lib_libui:umodsys.mod.ui.SDL_core.obj
 0001:00005cf0       ?get_count@RTerminal@SDL_core@ui@modules@UModSys@@UBEIPBUSUniquePointerInfo@core@5@@Z 10006cf0 f i umodsys_lib_libui:umodsys.mod.ui.SDL_core.obj
 0001:00005d30       ?get_handler@RTerminal@SDL_core@ui@modules@UModSys@@UBEPAUIRefObject@core@5@PBUSUniquePointerInfo@75@I@Z 10006d30 f i umodsys_lib_libui:umodsys.mod.ui.SDL_core.obj
 0001:00005d80       ?get_handler@RTerminal@SDL_core@ui@modules@UModSys@@UBEPAUIRefObject@core@5@PBUSUniquePointerInfo@75@PBD@Z 10006d80 f i umodsys_lib_libui:umodsys.mod.ui.SDL_core.obj
 0001:00005d90       ?get_friend_handler@RTerminal@SDL_core@ui@modules@UModSys@@UBEPAUIRefObject@core@5@PBUSUniquePointerInfo@75@PAU675@@Z 10006d90 f i umodsys_lib_libui:umodsys.mod.ui.SDL_core.obj
 0001:00005da0       ?create_handler@RTerminal@SDL_core@ui@modules@UModSys@@UAE_NPBUSUniquePointerInfo@core@5@AAU?$TRefObject@UIRefObject@core@UModSys@@U?$TRefObjectFunc@UIRefObject@core@UModSys@@@tl@3@@tl@5@PBDPBUSParameters@75@@Z 10006da0 f i umodsys_lib_libui:umodsys.mod.ui.SDL_core.obj
[...]
 0001:0001c240       ??__E?s_id@?$TObjectUniqueID@URSerializeWriter@serialize_json@media@modules@UModSys@@@tl@UModSys@@2USUniquePointer@core@3@A@@YAXXZ 1001d240 f    CIL library: CIL module
 0001:0001c270       ??__E?s_id@?$TObjectUniqueID@URGenerator@serialize_json@media@modules@UModSys@@@tl@UModSys@@2USUniquePointer@core@3@A@@YAXXZ 1001d270 f    CIL library: CIL module
 0001:0001c2a0       ??__E?s_modreg@RModuleReg@zlib@media@modules@UModSys@@2U12345@A@@YAXXZ 1001d2a0 f    CIL library: CIL module
 0001:0001c2e0       ??__E?s_modreg_chain@RModuleReg@zlib@media@modules@UModSys@@2USModuleRegChain@base@5@A@@YAXXZ 1001d2e0 f    CIL library: CIL module
 0001:0001c300       ??__E?s_uid@RGenerator@zlib@media@modules@UModSys@@2USUniquePointer@core@5@A@@YAXXZ 1001d300 f    CIL library: CIL module
 0001:0001c330       ??__E?s_id@?$TObjectUniqueID@URBinArchiveFrameClient_ZIP@zlib@media@modules@UModSys@@@tl@UModSys@@2USUniquePointer@core@3@A@@YAXXZ 1001d330 f    CIL library: CIL module
 0001:0001c360       ??__E?s_id@?$TObjectUniqueID@URGenerator@zlib@media@modules@UModSys@@@tl@UModSys@@2USUniquePointer@core@3@A@@YAXXZ 1001d360 f    CIL library: CIL module
 0001:0001c390       ??__EM@UModSys@@YAXXZ      1001d390 f    CIL library: CIL module
 0001:0001c3b0       ??__E?root@SModuleRegChain@base@UModSys@@2U123@A@@YAXXZ 1001d3b0 f    CIL library: CIL module
 0001:0001c3d0       ??__E?s_library@RModuleLibraryReg_Chain@base@UModSys@@2U123@A@@YAXXZ 1001d3d0 f    CIL library: CIL module
 0001:0001c3f0       ??__E?root@SUniquePointer@core@UModSys@@2U123@A@@YAXXZ 1001d3f0 f    CIL library: CIL module
 0001:0001c410       ??__F?s_modreg@RModuleReg@test1@test@modules@UModSys@@2U12345@A@@YAXXZ 1001d410 f    CIL library: CIL module
 0001:0001c430       ??__F?s_modreg_chain@RModuleReg@test1@test@modules@UModSys@@2USModuleRegChain@base@5@A@@YAXXZ 1001d430 f    CIL library: CIL module
 0001:0001c440       ??__F?s_uid@RGenerator@test1@test@modules@UModSys@@2USUniquePointer@core@5@A@@YAXXZ 1001d440 f    CIL library: CIL module
 0001:0001c450       ??__Fh@?1??s_holder@RGenerator@test1@test@modules@UModSys@@SAAAU?$TTypeStaticHolder@URGenerator@test1@test@modules@UModSys@@@tl@5@XZ@YAXXZ 1001d450 f    CIL library: CIL module
 0001:0001c470       ??__F?s_id@?$TObjectUniqueID@URGenerator@test1@test@modules@UModSys@@@tl@UModSys@@2USUniquePointer@core@3@A@@YAXXZ 1001d470 f    CIL library: CIL module
 0001:0001c480       ??__F?s_id@?$TObjectUniqueID@URTest1_Shell@test1@test@modules@UModSys@@@tl@UModSys@@2USUniquePointer@core@3@A@@YAXXZ 1001d480 f    CIL library: CIL module
 0001:0001c490       ??__F?s_id@?$TObjectUniqueID@URLines_Filter@test1@test@modules@UModSys@@@tl@UModSys@@2USUniquePointer@core@3@A@@YAXXZ 1001d490 f    CIL library: CIL module
 0001:0001c4a0       ??__F?s_id@?$TObjectUniqueID@URLines@test1@test@modules@UModSys@@@tl@UModSys@@2USUniquePointer@core@3@A@@YAXXZ 1001d4a0 f    CIL library: CIL module
 0001:0001c4b0       ??__F?s_id@?$TObjectUniqueID@UILines@test1@test@modules@UModSys@@@tl@UModSys@@2USUniquePointer@core@3@A@@YAXXZ 1001d4b0 f    CIL library: CIL module
 0001:0001c4c0       ??__F?s_id@?$TObjectUniqueID@UIRenderDriver@lib2d@UModSys@@@tl@UModSys@@2USUniquePointer@core@3@A@@YAXXZ 1001d4c0 f    CIL library: CIL module
 0001:0001c4d0       ??__F?s_id@?$TObjectUniqueID@UIMultiImage@lib2d@UModSys@@@tl@UModSys@@2USUniquePointer@core@3@A@@YAXXZ 1001d4d0 f    CIL library: CIL module
 0001:0001c4e0       ??__F?s_id@?$TObjectUniqueID@UIImageFactory@lib2d@UModSys@@@tl@UModSys@@2USUniquePointer@core@3@A@@YAXXZ 1001d4e0 f    CIL library: CIL module
 0001:0001c4f0       ??__F?s_id@?$TObjectUniqueID@UIImage@lib2d@UModSys@@@tl@UModSys@@2USUniquePointer@core@3@A@@YAXXZ 1001d4f0 f    CIL library: CIL module
 0001:0001c500       ??__F?s_id@?$TObjectUniqueID@UIDialog@libui@UModSys@@@tl@UModSys@@2USUniquePointer@core@3@A@@YAXXZ 1001d500 f    CIL library: CIL module
 0001:0001c510       ??__F?s_id@?$TObjectUniqueID@UIFrame@libui@UModSys@@@tl@UModSys@@2USUniquePointer@core@3@A@@YAXXZ 1001d510 f    CIL library: CIL module
 0001:0001c520       ??__F?s_id@?$TObjectUniqueID@UIAsyncCollector@libui@UModSys@@@tl@UModSys@@2USUniquePointer@core@3@A@@YAXXZ 1001d520 f    CIL library: CIL module
 0001:0001c530       ??__F?s_id@?$TObjectUniqueID@UIAsyncController@libui@UModSys@@@tl@UModSys@@2USUniquePointer@core@3@A@@YAXXZ 1001d530 f    CIL library: CIL module
 0001:0001c540       ??__F?s_id@?$TObjectUniqueID@UICollector@libui@UModSys@@@tl@UModSys@@2USUniquePointer@core@3@A@@YAXXZ 1001d540 f    CIL library: CIL module
 0001:0001c550       ??__F?s_id@?$TObjectUniqueID@UIConsoleHelperInput_UIKey@libui@UModSys@@@tl@UModSys@@2USUniquePointer@core@3@A@@YAXXZ 1001d550 f    CIL library: CIL module
 0001:0001c560       ??__F?s_id@?$TObjectUniqueID@UITerminal@libui@UModSys@@@tl@UModSys@@2USUniquePointer@core@3@A@@YAXXZ 1001d560 f    CIL library: CIL module
 0001:0001c570       ??__F?s_id@?$TObjectUniqueID@UIJoystickController@libui@UModSys@@@tl@UModSys@@2USUniquePointer@core@3@A@@YAXXZ 1001d570 f    CIL library: CIL module
 0001:0001c580       ??__F?s_id@?$TObjectUniqueID@UIMouseController@libui@UModSys@@@tl@UModSys@@2USUniquePointer@core@3@A@@YAXXZ 1001d580 f    CIL library: CIL module
 0001:0001c590       ??__F?s_id@?$TObjectUniqueID@UIKeyboardController@libui@UModSys@@@tl@UModSys@@2USUniquePointer@core@3@A@@YAXXZ 1001d590 f    CIL library: CIL module
 0001:0001c5a0       ??__F?s_id@?$TObjectUniqueID@UIConsoleHelperOutputFCS@base@UModSys@@@tl@UModSys@@2USUniquePointer@core@3@A@@YAXXZ 1001d5a0 f    CIL library: CIL module
 0001:0001c5b0       ??__F?s_id@?$TObjectUniqueID@UIConsoleHelperOutput@base@UModSys@@@tl@UModSys@@2USUniquePointer@core@3@A@@YAXXZ 1001d5b0 f    CIL library: CIL module
 0001:0001c5c0       ??__F?s_id@?$TObjectUniqueID@UIConsoleHelperInput@base@UModSys@@@tl@UModSys@@2USUniquePointer@core@3@A@@YAXXZ 1001d5c0 f    CIL library: CIL module
 0001:0001c5d0       ??__F?s_id@?$TObjectUniqueID@UIConsoleHelperHistory@base@UModSys@@@tl@UModSys@@2USUniquePointer@core@3@A@@YAXXZ 1001d5d0 f    CIL library: CIL module
 0001:0001c5e0       ??__F?s_id@?$TObjectUniqueID@UIConsoleHelper@base@UModSys@@@tl@UModSys@@2USUniquePointer@core@3@A@@YAXXZ 1001d5e0 f    CIL library: CIL module
 0001:0001c5f0       ??__F?s_id@?$TObjectUniqueID@UIConsoleExt@base@UModSys@@@tl@UModSys@@2USUniquePointer@core@3@A@@YAXXZ 1001d5f0 f    CIL library: CIL module
 0001:0001c600       ??__F?s_id@?$TObjectUniqueID@UISerializeWriter@libmedia@UModSys@@@tl@UModSys@@2USUniquePointer@core@3@A@@YAXXZ 1001d600 f    CIL library: CIL module
 0001:0001c610       ??__F?s_id@?$TObjectUniqueID@UISerializeReader@libmedia@UModSys@@@tl@UModSys@@2USUniquePointer@core@3@A@@YAXXZ 1001d610 f    CIL library: CIL module
 0001:0001c620       ??__F?s_id@?$TObjectUniqueID@UIClient@IBinArchiveFrame@libmedia@UModSys@@@tl@UModSys@@2USUniquePointer@core@3@A@@YAXXZ 1001d620 f    CIL library: CIL module
 0001:0001c630       ??__F?s_id@?$TObjectUniqueID@UIBinArchiveFrame@libmedia@UModSys@@@tl@UModSys@@2USUniquePointer@core@3@A@@YAXXZ 1001d630 f    CIL library: CIL module
 0001:0001c640       ??__F?s_id@?$TObjectUniqueID@UILibraryLayered@libmedia@UModSys@@@tl@UModSys@@2USUniquePointer@core@3@A@@YAXXZ 1001d640 f    CIL library: CIL module
 0001:0001c650       ??__F?s_id@?$TObjectUniqueID@UILibraryObjCache@libmedia@UModSys@@@tl@UModSys@@2USUniquePointer@core@3@A@@YAXXZ 1001d650 f    CIL library: CIL module
 0001:0001c660       ??__F?s_id@?$TObjectUniqueID@UILibraryObjFilter@libmedia@UModSys@@@tl@UModSys@@2USUniquePointer@core@3@A@@YAXXZ 1001d660 f    CIL library: CIL module
 0001:0001c670       ??__F?s_id@?$TObjectUniqueID@UILibraryBinCache@libmedia@UModSys@@@tl@UModSys@@2USUniquePointer@core@3@A@@YAXXZ 1001d670 f    CIL library: CIL module
 0001:0001c680       ??__F?s_id@?$TObjectUniqueID@UILibraryBinTree@libmedia@UModSys@@@tl@UModSys@@2USUniquePointer@core@3@A@@YAXXZ 1001d680 f    CIL library: CIL module
 0001:0001c690       ??__F?s_id@?$TObjectUniqueID@UILibrary@libmedia@UModSys@@@tl@UModSys@@2USUniquePointer@core@3@A@@YAXXZ 1001d690 f    CIL library: CIL module
 0001:0001c6a0       ??__F?s_id@?$TObjectUniqueID@UIBinObjFilter@libmedia@UModSys@@@tl@UModSys@@2USUniquePointer@core@3@A@@YAXXZ 1001d6a0 f    CIL library: CIL module
 0001:0001c6b0       ??__F?s_id@?$TObjectUniqueID@UIBinArchive@libmedia@UModSys@@@tl@UModSys@@2USUniquePointer@core@3@A@@YAXXZ 1001d6b0 f    CIL library: CIL module
 0001:0001c6c0       ??__F?s_id@?$TObjectUniqueID@UILibObject@libmedia@UModSys@@@tl@UModSys@@2USUniquePointer@core@3@A@@YAXXZ 1001d6c0 f    CIL library: CIL module
 0001:0001c6d0       ??__F?s_id@?$TObjectUniqueID@UIUtilities@libmedia@UModSys@@@tl@UModSys@@2USUniquePointer@core@3@A@@YAXXZ 1001d6d0 f    CIL library: CIL module
 0001:0001c6e0       ??__F?s_id@?$TObjectUniqueID@UIStreamWriter@libmedia@UModSys@@@tl@UModSys@@2USUniquePointer@core@3@A@@YAXXZ 1001d6e0 f    CIL library: CIL module
 0001:0001c6f0       ??__F?s_id@?$TObjectUniqueID@UIStreamReader@libmedia@UModSys@@@tl@UModSys@@2USUniquePointer@core@3@A@@YAXXZ 1001d6f0 f    CIL library: CIL module
 0001:0001c700       ??__F?s_id@?$TObjectUniqueID@UISystem@base@UModSys@@@tl@UModSys@@2USUniquePointer@core@3@A@@YAXXZ 1001d700 f    CIL library: CIL module
 0001:0001c710       ??__F?s_id@?$TObjectUniqueID@UIConsole@base@UModSys@@@tl@UModSys@@2USUniquePointer@core@3@A@@YAXXZ 1001d710 f    CIL library: CIL module
 0001:0001c720       ??__F?s_id@?$TObjectUniqueID@UIShell@base@UModSys@@@tl@UModSys@@2USUniquePointer@core@3@A@@YAXXZ 1001d720 f    CIL library: CIL module
 0001:0001c730       ??__F?s_id@?$TObjectUniqueID@UIGenerator@base@UModSys@@@tl@UModSys@@2USUniquePointer@core@3@A@@YAXXZ 1001d730 f    CIL library: CIL module
 0001:0001c740       ??__F?s_id@?$TObjectUniqueID@UIModObject@base@UModSys@@@tl@UModSys@@2USUniquePointer@core@3@A@@YAXXZ 1001d740 f    CIL library: CIL module
 0001:0001c750       ??__F?s_id@?$TObjectUniqueID@UIModuleLibrary@base@UModSys@@@tl@UModSys@@2USUniquePointer@core@3@A@@YAXXZ 1001d750 f    CIL library: CIL module
 0001:0001c760       ??__F?s_id@?$TObjectUniqueID@UIModule@base@UModSys@@@tl@UModSys@@2USUniquePointer@core@3@A@@YAXXZ 1001d760 f    CIL library: CIL module
 0001:0001c770       ??__F?s_id@?$TObjectUniqueID@UIParameters@core@UModSys@@@tl@UModSys@@2USUniquePointer@core@3@A@@YAXXZ 1001d770 f    CIL library: CIL module
 0001:0001c780       ??__F?s_id@?$TObjectUniqueID@UIRefObject@core@UModSys@@@tl@UModSys@@2USUniquePointer@core@3@A@@YAXXZ 1001d780 f    CIL library: CIL module
 0001:0001c790       ??__F?s_id@?$TObjectUniqueID@UIRoot@core@UModSys@@@tl@UModSys@@2USUniquePointer@core@3@A@@YAXXZ 1001d790 f    CIL library: CIL module
 0001:0001c7a0       ??__F?s_modreg@RModuleReg@stdlib@lib2d@modules@UModSys@@2U12345@A@@YAXXZ 1001d7a0 f    CIL library: CIL module
 0001:0001c7c0       ??__F?s_modreg_chain@RModuleReg@stdlib@lib2d@modules@UModSys@@2USModuleRegChain@base@5@A@@YAXXZ 1001d7c0 f    CIL library: CIL module
 0001:0001c7d0       ??__F?s_uid@RGenerator@stdlib@lib2d@modules@UModSys@@2USUniquePointer@core@5@A@@YAXXZ 1001d7d0 f    CIL library: CIL module
 0001:0001c7e0       ??__Fh@?1??s_holder@RGenerator@stdlib@lib2d@modules@UModSys@@SAAAU?$TTypeStaticHolder@URGenerator@stdlib@lib2d@modules@UModSys@@@tl@5@XZ@YAXXZ 1001d7e0 f    CIL library: CIL module
 0001:0001c800       ??__F?s_id@?$TObjectUniqueID@URGenerator@stdlib@lib2d@modules@UModSys@@@tl@UModSys@@2USUniquePointer@core@3@A@@YAXXZ 1001d800 f    CIL library: CIL module
 0001:0001c810       ??__F?s_id@?$TObjectUniqueID@URMultiImage@stdlib@lib2d@modules@UModSys@@@tl@UModSys@@2USUniquePointer@core@3@A@@YAXXZ 1001d810 f    CIL library: CIL module
 0001:0001c820       ??__F?s_id@?$TObjectUniqueID@URImageFactory_Memory@stdlib@lib2d@modules@UModSys@@@tl@UModSys@@2USUniquePointer@core@3@A@@YAXXZ 1001d820 f    CIL library: CIL module
 0001:0001c830       ??__F?s_id@?$TObjectUniqueID@URImage_Memory@stdlib@lib2d@modules@UModSys@@@tl@UModSys@@2USUniquePointer@core@3@A@@YAXXZ 1001d830 f    CIL library: CIL module
 0001:0001c840       ??__F?s_modreg@RModuleReg@SDL_core@ui@modules@UModSys@@2U12345@A@@YAXXZ 1001d840 f    CIL library: CIL module
 0001:0001c860       ??__F?s_modreg_chain@RModuleReg@SDL_core@ui@modules@UModSys@@2USModuleRegChain@base@5@A@@YAXXZ 1001d860 f    CIL library: CIL module
 0001:0001c870       ??__F?s_uid@RGenerator@SDL_core@ui@modules@UModSys@@2USUniquePointer@core@5@A@@YAXXZ 1001d870 f    CIL library: CIL module
 0001:0001c880       ??__Fh@?1??s_holder@RGenerator@SDL_core@ui@modules@UModSys@@SAAAU?$TTypeStaticHolder@URGenerator@SDL_core@ui@modules@UModSys@@@tl@5@XZ@YAXXZ 1001d880 f    CIL library: CIL module
 0001:0001c8a0       ??__F?s_id@?$TObjectUniqueID@URGenerator@SDL_core@ui@modules@UModSys@@@tl@UModSys@@2USUniquePointer@core@3@A@@YAXXZ 1001d8a0 f    CIL library: CIL module
 0001:0001c8b0       ??__F?s_id@?$TObjectUniqueID@URTerminal@SDL_core@ui@modules@UModSys@@@tl@UModSys@@2USUniquePointer@core@3@A@@YAXXZ 1001d8b0 f    CIL library: CIL module
 0001:0001c8c0       ??__F?s_id@?$TObjectUniqueID@URKeyboardController@SDL_core@ui@modules@UModSys@@@tl@UModSys@@2USUniquePointer@core@3@A@@YAXXZ 1001d8c0 f    CIL library: CIL module
 0001:0001c8d0       ??__F?s_id@?$TObjectUniqueID@URMouseController@SDL_core@ui@modules@UModSys@@@tl@UModSys@@2USUniquePointer@core@3@A@@YAXXZ 1001d8d0 f    CIL library: CIL module
 0001:0001c8e0       ??__F?s_id@?$TObjectUniqueID@URRenderDriver2D@SDL_core@ui@modules@UModSys@@@tl@UModSys@@2USUniquePointer@core@3@A@@YAXXZ 1001d8e0 f    CIL library: CIL module
 0001:0001c8f0       ??__F?s_id@?$TObjectUniqueID@URMultiImage2D_SDL_ttf@SDL_core@ui@modules@UModSys@@@tl@UModSys@@2USUniquePointer@core@3@A@@YAXXZ 1001d8f0 f    CIL library: CIL module
 0001:0001c900       ??__F?s_modreg@RModuleReg@frames@ui@modules@UModSys@@2U12345@A@@YAXXZ 1001d900 f    CIL library: CIL module
 0001:0001c920       ??__F?s_modreg_chain@RModuleReg@frames@ui@modules@UModSys@@2USModuleRegChain@base@5@A@@YAXXZ 1001d920 f    CIL library: CIL module
 0001:0001c930       ??__F?s_uid@RGenerator@frames@ui@modules@UModSys@@2USUniquePointer@core@5@A@@YAXXZ 1001d930 f    CIL library: CIL module
 0001:0001c940       ??__Fh@?1??s_holder@RGenerator@frames@ui@modules@UModSys@@SAAAU?$TTypeStaticHolder@URGenerator@frames@ui@modules@UModSys@@@tl@5@XZ@YAXXZ 1001d940 f    CIL library: CIL module
 0001:0001c960       ??__F?s_id@?$TObjectUniqueID@URGenerator@frames@ui@modules@UModSys@@@tl@UModSys@@2USUniquePointer@core@3@A@@YAXXZ 1001d960 f    CIL library: CIL module
 0001:0001c970       ??__F?s_id@?$TObjectUniqueID@URCollector@frames@ui@modules@UModSys@@@tl@UModSys@@2USUniquePointer@core@3@A@@YAXXZ 1001d970 f    CIL library: CIL module
 0001:0001c980       ??__F?s_id@?$TObjectUniqueID@URFrame_List@frames@ui@modules@UModSys@@@tl@UModSys@@2USUniquePointer@core@3@A@@YAXXZ 1001d980 f    CIL library: CIL module
 0001:0001c990       ??__F?s_id@?$TObjectUniqueID@URFrame_Edit@frames@ui@modules@UModSys@@@tl@UModSys@@2USUniquePointer@core@3@A@@YAXXZ 1001d990 f    CIL library: CIL module
 0001:0001c9a0       ??__F?s_id@?$TObjectUniqueID@URFrame_Button@frames@ui@modules@UModSys@@@tl@UModSys@@2USUniquePointer@core@3@A@@YAXXZ 1001d9a0 f    CIL library: CIL module
 0001:0001c9b0       ??__F?s_id@?$TObjectUniqueID@URFrame_Text@frames@ui@modules@UModSys@@@tl@UModSys@@2USUniquePointer@core@3@A@@YAXXZ 1001d9b0 f    CIL library: CIL module
 0001:0001c9c0       ??__F?s_id@?$TObjectUniqueID@URFrame_Image@frames@ui@modules@UModSys@@@tl@UModSys@@2USUniquePointer@core@3@A@@YAXXZ 1001d9c0 f    CIL library: CIL module
 0001:0001c9d0       ??__F?s_id@?$TObjectUniqueID@URFrame_Frame@frames@ui@modules@UModSys@@@tl@UModSys@@2USUniquePointer@core@3@A@@YAXXZ 1001d9d0 f    CIL library: CIL module
 0001:0001c9e0       ??__F?s_id@?$TObjectUniqueID@URDialog@frames@ui@modules@UModSys@@@tl@UModSys@@2USUniquePointer@core@3@A@@YAXXZ 1001d9e0 f    CIL library: CIL module
 0001:0001c9f0       ??__F?s_id@?$TObjectUniqueID@URFrame_Common@frames@ui@modules@UModSys@@@tl@UModSys@@2USUniquePointer@core@3@A@@YAXXZ 1001d9f0 f    CIL library: CIL module
 0001:0001ca00       ??__F?s_modreg@RModuleReg@images_std@media@modules@UModSys@@2U12345@A@@YAXXZ 1001da00 f    CIL library: CIL module
 0001:0001ca20       ??__F?s_modreg_chain@RModuleReg@images_std@media@modules@UModSys@@2USModuleRegChain@base@5@A@@YAXXZ 1001da20 f    CIL library: CIL module
 0001:0001ca30       ??__F?s_uid@RGenerator@images_std@media@modules@UModSys@@2USUniquePointer@core@5@A@@YAXXZ 1001da30 f    CIL library: CIL module
 0001:0001ca40       ??__Fh@?1??s_holder@RGenerator@images_std@media@modules@UModSys@@SAAAU?$TTypeStaticHolder@URGenerator@images_std@media@modules@UModSys@@@tl@5@XZ@YAXXZ 1001da40 f    CIL library: CIL module
 0001:0001ca60       ??__F?s_id@?$TObjectUniqueID@URGenerator@images_std@media@modules@UModSys@@@tl@UModSys@@2USUniquePointer@core@3@A@@YAXXZ 1001da60 f    CIL library: CIL module
 0001:0001ca70       ??__F?s_id@?$TObjectUniqueID@URMediaFilter@images_std@media@modules@UModSys@@@tl@UModSys@@2USUniquePointer@core@3@A@@YAXXZ 1001da70 f    CIL library: CIL module
 0001:0001ca80       ??__F?s_modreg@RModuleReg@serialize_json@media@modules@UModSys@@2U12345@A@@YAXXZ 1001da80 f    CIL library: CIL module
 0001:0001caa0       ??__F?s_modreg_chain@RModuleReg@serialize_json@media@modules@UModSys@@2USModuleRegChain@base@5@A@@YAXXZ 1001daa0 f    CIL library: CIL module
 0001:0001cab0       ??__F?s_uid@RGenerator@serialize_json@media@modules@UModSys@@2USUniquePointer@core@5@A@@YAXXZ 1001dab0 f    CIL library: CIL module
 0001:0001cac0       ??__Fh@?1??s_holder@RGenerator@serialize_json@media@modules@UModSys@@SAAAU?$TTypeStaticHolder@URGenerator@serialize_json@media@modules@UModSys@@@tl@5@XZ@YAXXZ 1001dac0 f    CIL library: CIL module
 0001:0001cae0       ??__F?s_id@?$TObjectUniqueID@URGenerator@serialize_json@media@modules@UModSys@@@tl@UModSys@@2USUniquePointer@core@3@A@@YAXXZ 1001dae0 f    CIL library: CIL module
 0001:0001caf0       ??__F?s_id@?$TObjectUniqueID@URSerializeWriter@serialize_json@media@modules@UModSys@@@tl@UModSys@@2USUniquePointer@core@3@A@@YAXXZ 1001daf0 f    CIL library: CIL module
 0001:0001cb00       ??__F?s_id@?$TObjectUniqueID@URSerializeReader@serialize_json@media@modules@UModSys@@@tl@UModSys@@2USUniquePointer@core@3@A@@YAXXZ 1001db00 f    CIL library: CIL module
 0001:0001cb10       ??__F?s_modreg@RModuleReg@zlib@media@modules@UModSys@@2U12345@A@@YAXXZ 1001db10 f    CIL library: CIL module
 0001:0001cb30       ??__F?s_modreg_chain@RModuleReg@zlib@media@modules@UModSys@@2USModuleRegChain@base@5@A@@YAXXZ 1001db30 f    CIL library: CIL module
 0001:0001cb40       ??__F?s_uid@RGenerator@zlib@media@modules@UModSys@@2USUniquePointer@core@5@A@@YAXXZ 1001db40 f    CIL library: CIL module
 0001:0001cb50       ??__Fh@?1??s_holder@RGenerator@zlib@media@modules@UModSys@@SAAAU?$TTypeStaticHolder@URGenerator@zlib@media@modules@UModSys@@@tl@5@XZ@YAXXZ 1001db50 f    CIL library: CIL module
 0001:0001cb70       ??__F?s_id@?$TObjectUniqueID@URGenerator@zlib@media@modules@UModSys@@@tl@UModSys@@2USUniquePointer@core@3@A@@YAXXZ 1001db70 f    CIL library: CIL module
 0001:0001cb80       ??__F?s_id@?$TObjectUniqueID@URBinArchiveFrameClient_ZIP@zlib@media@modules@UModSys@@@tl@UModSys@@2USUniquePointer@core@3@A@@YAXXZ 1001db80 f    CIL library: CIL module
 0001:0001cb90       ??__FM@UModSys@@YAXXZ      1001db90 f    CIL library: CIL module
 0001:0001cba0       ??__F?root@SModuleRegChain@base@UModSys@@2U123@A@@YAXXZ 1001dba0 f    CIL library: CIL module
 0001:0001cbb0       ??__F?s_library@RModuleLibraryReg_Chain@base@UModSys@@2U123@A@@YAXXZ 1001dbb0 f    CIL library: CIL module
 0001:0001cbc0       ??__F?root@SUniquePointer@core@UModSys@@2U123@A@@YAXXZ 1001dbc0 f    CIL library: CIL module

 Exports

  ordinal    name

        1    _UModSys_Plugin_Entry2@0
