 plugin_test1

 Timestamp is 5329b498 (Wed Mar 19 18:15:36 2014)

 Preferred load address is 10000000

 Start         Length     Name                   Class
 0001:00000000 00033a21H .text                   CODE
 0001:00033a30 00000ca8H .text$x                 CODE
 0001:000346e0 00001871H .text$yc                CODE
 0001:00035f60 000009baH .text$yd                CODE
 0002:00000000 00000218H .idata$5                DATA
 0002:00000218 00000004H .CRT$XCA                DATA
 0002:0000021c 00000fc0H .CRT$XCU                DATA
 0002:000011dc 00000004H .CRT$XCZ                DATA
 0002:000011e0 00000004H .CRT$XIA                DATA
 0002:000011e4 00000004H .CRT$XIAA               DATA
 0002:000011e8 00000004H .CRT$XIC                DATA
 0002:000011ec 00000004H .CRT$XIZ                DATA
 0002:000011f0 0000ccd8H .rdata                  DATA
 0002:0000dec8 00001e6cH .rdata$r                DATA
 0002:0000fd40 00000184H .rdata$sxdata           DATA
 0002:0000fec4 00000004H .rtc$IAA                DATA
 0002:0000fec8 00000004H .rtc$IZZ                DATA
 0002:0000fecc 00000004H .rtc$TAA                DATA
 0002:0000fed0 00000004H .rtc$TZZ                DATA
 0002:0000fed8 00001464H .xdata$x                DATA
 0002:0001133c 00000078H .idata$2                DATA
 0002:000113b4 00000014H .idata$3                DATA
 0002:000113c8 00000218H .idata$4                DATA
 0002:000115e0 000009a8H .idata$6                DATA
 0002:00011f90 0000005cH .edata                  DATA
 0003:00000000 00001420H .data                   DATA
 0003:00001420 00001944H .bss                    DATA

  Address         Publics by Value              Rva+Base       Lib:Object

 0000:00000000       __except_list              00000000     <absolute>
 0000:00000061       ___safe_se_handler_count   00000061     <absolute>
 0000:00009876       __ldused                   00009876     <absolute>
 0000:00009876       __fltused                  00009876     <absolute>
 0000:00000000       ___ImageBase               10000000     <linker-defined>
 0001:00000000       ??1State@RImage_Memory@stdlib@lib2d@modules@UModSys@@QAE@XZ 10001000 f i umodsys_lib_lib2d:umodsys.mod.2d.stdlib.obj
 0001:00000000       ??1SMemShared@core@UModSys@@QAE@XZ 10001000 f i plugin_test1.obj
 0001:00000000       ??1SCMemShared@core@UModSys@@QAE@XZ 10001000 f i plugin_test1.obj
 0001:00000020       ??4SCMemShared@core@UModSys@@QAEABU012@ABUSMemShared@12@@Z 10001020 f i plugin_test1.obj
 0001:00000050       ??3IRoot@core@UModSys@@SAXPAXABUSIMemAlloc@12@@Z 10001050 f i plugin_test1.obj
 0001:00000060       ??$seq@D@su@tl@UModSys@@YA_NPBD0@Z 10001060 f i plugin_test1.obj
 0001:000000a0       ?s@SFrameDataOut@libui@UModSys@@QBEXQBD@Z 100010a0 f i plugin_test1.obj
 0001:000000e0       ?set_info@IImage@lib2d@UModSys@@QAE_NW4eImageType@23@HHPBD@Z 100010e0 f i plugin_test1.obj
 0001:00000110       ??_EIRoot@core@UModSys@@UAEPAXI@Z 10001110 f i  CIL library: CIL module
 0001:00000110       ??_GIRoot@core@UModSys@@UAEPAXI@Z 10001110 f i plugin_test1.obj
 0001:00000130       ??1IBinObjFilter@libmedia@UModSys@@UAE@XZ 10001130 f i plugin_test1.obj
 0001:00000180       ?root_get_interface_info@RTest1_Shell@test1@test@modules@UModSys@@UBEABUSUniquePointerInfo@core@5@XZ 10001180 f i plugin_test1.obj
 0001:00000190       ?root_get_interface_type@RTest1_Shell@test1@test@modules@UModSys@@UBEPBUSUniquePointerInfo@core@5@XZ 10001190 f i plugin_test1.obj
 0001:000001a0       ?root_get_other_interface@RTest1_Shell@test1@test@modules@UModSys@@UBEPBUIRoot@core@5@PBUSUniquePointerInfo@75@@Z 100011a0 f i plugin_test1.obj
 0001:000001a0       ?root_get_other_interface@RTest1_Shell@test1@test@modules@UModSys@@UAEPAUIRoot@core@5@PBUSUniquePointerInfo@75@@Z 100011a0 f i plugin_test1.obj
 0001:000001d0       ?root_is_interface_supported@RTest1_Shell@test1@test@modules@UModSys@@UBE_NPBUSUniquePointerInfo@core@5@@Z 100011d0 f i plugin_test1.obj
 0001:00000210       ?ref_add@RTest1_Shell@test1@test@modules@UModSys@@UBEXXZ 10001210 f i plugin_test1.obj
 0001:00000220       ?ref_remove@RTest1_Shell@test1@test@modules@UModSys@@UBEXXZ 10001220 f i plugin_test1.obj
 0001:00000230       ?ref_links@RTest1_Shell@test1@test@modules@UModSys@@UBEHXZ 10001230 f i plugin_test1.obj
 0001:00000240       ?ref_weak@RTest1_Shell@test1@test@modules@UModSys@@UBE_NAAUWeakPointer@IRefObject@core@5@@Z 10001240 f i plugin_test1.obj
 0001:00000260       ?suicide@RTest1_Shell@test1@test@modules@UModSys@@UAEXXZ 10001260 f i plugin_test1.obj
 0001:00000270       ??0RTest1_Shell@test1@test@modules@UModSys@@QAE@PAUIModObject@base@4@@Z 10001270 f i plugin_test1.obj
 0001:000003c0       ??1RTest1_Shell@test1@test@modules@UModSys@@UAE@XZ 100013c0 f i plugin_test1.obj
 0001:00000470       ?connect@RTest1_Shell@test1@test@modules@UModSys@@UAE_NXZ 10001470 f i plugin_test1.obj
 0001:00000490       ?disconnect@RTest1_Shell@test1@test@modules@UModSys@@UAE_NXZ 10001490 f i plugin_test1.obj
 0001:000004b0       ?process_tick@RTest1_Shell@test1@test@modules@UModSys@@UAE_NABUSTimeMsec@core@5@@Z 100014b0 f i plugin_test1.obj
 0001:000004e0       ?process_command@RTest1_Shell@test1@test@modules@UModSys@@UAE_NHQBU?$TString@U?$TSCoreConst@D@su@tl@UModSys@@U?$TComparerBinaryHash@D@234@@tl@5@@Z 100014e0 f i plugin_test1.obj
 0001:00000500       ??_GRTest1_Shell@test1@test@modules@UModSys@@UAEPAXI@Z 10001500 f i plugin_test1.obj
 0001:00000500       ??_ERTest1_Shell@test1@test@modules@UModSys@@UAEPAXI@Z 10001500 f i  CIL library: CIL module
 0001:00000520       ??1?$TParametersA@$0EAA@@core@UModSys@@QAE@XZ 10001520 f i plugin_test1.obj
 0001:00000520       ??1?$TParametersA@$0BAL@@core@UModSys@@QAE@XZ 10001520 f i umodsys_lib_lib2d:umodsys.mod.2d.stdlib.obj
 0001:00000520       ??1SParameters@core@UModSys@@QAE@XZ 10001520 f i plugin_test1.obj
 0001:00000520       ??1?$TParametersA@$0BAA@@core@UModSys@@QAE@XZ 10001520 f i umodsys_lib_libui:umodsys.mod.ui.SDL_core.obj
 0001:00000530       ??1SFrameCreateParameters@libui@UModSys@@QAE@XZ 10001530 f i plugin_test1.obj
 0001:00000550       ??1UI_Info@RTest1_Shell@test1@test@modules@UModSys@@QAE@XZ 10001550 f i plugin_test1.obj
 0001:00000640       ?get_generated_names@RGenerator@test1@test@modules@UModSys@@UBEHAAUSUniquePtrList@core@5@@Z 10001640 f i plugin_test1.obj
 0001:00000660       ?get_generated_types@RGenerator@test1@test@modules@UModSys@@UBEHAAUSUniquePtrList@core@5@PBUSUniquePointerInfo@75@@Z 10001660 f i plugin_test1.obj
 0001:000006b0       ?generate@RGenerator@test1@test@modules@UModSys@@UAE_NAAU?$TRefObject@UIRefObject@core@UModSys@@U?$TRefObjectFunc@UIRefObject@core@UModSys@@@tl@3@@tl@5@PBUSUniquePointerInfo@core@5@ABUSParameters@95@@Z 100016b0 f i plugin_test1.obj
 0001:00000770       ?root_get_interface_info@RGenerator@test1@test@modules@UModSys@@UBEABUSUniquePointerInfo@core@5@XZ 10001770 f i plugin_test1.obj
 0001:00000780       ?root_get_interface_type@RGenerator@test1@test@modules@UModSys@@UBEPBUSUniquePointerInfo@core@5@XZ 10001780 f i plugin_test1.obj
 0001:00000790       ?root_get_other_interface@RGenerator@test1@test@modules@UModSys@@UAEPAUIRoot@core@5@PBUSUniquePointerInfo@75@@Z 10001790 f i plugin_test1.obj
 0001:00000790       ?root_get_other_interface@RGenerator@test1@test@modules@UModSys@@UBEPBUIRoot@core@5@PBUSUniquePointerInfo@75@@Z 10001790 f i plugin_test1.obj
 0001:000007d0       ?root_is_interface_supported@RGenerator@test1@test@modules@UModSys@@UBE_NPBUSUniquePointerInfo@core@5@@Z 100017d0 f i plugin_test1.obj
 0001:00000810       ?get_uid@RGenerator@test1@test@modules@UModSys@@UBEPBUSUniquePointerInfo@core@5@XZ 10001810 f i plugin_test1.obj
 0001:00000820       ?do_open@RModuleReg@test1@test@modules@UModSys@@UAE_NXZ 10001820 f i plugin_test1.obj
 0001:00000850       ?do_close@RModuleReg@test1@test@modules@UModSys@@UAE_NXZ 10001850 f i plugin_test1.obj
 0001:00000880       ??_ERModuleReg@test1@test@modules@UModSys@@UAEPAXI@Z 10001880 f i  CIL library: CIL module
 0001:00000880       ??_GRModuleReg@test1@test@modules@UModSys@@UAEPAXI@Z 10001880 f i plugin_test1.obj
 0001:000008b0       ??0?$TString@U?$TSCoreConst@D@su@tl@UModSys@@U?$TComparerBinaryHash@D@234@@tl@UModSys@@QAE@PBD@Z 100018b0 f i plugin_test1.obj
 0001:00000900       ??8?$TString@U?$TSCoreConst@D@su@tl@UModSys@@U?$TComparerBinaryHash@D@234@@tl@UModSys@@QBE_NPBD@Z 10001900 f i plugin_test1.obj
 0001:00000930       ??4?$TString@U?$TSCoreShared@USIMemAlloc@core@UModSys@@D@su@tl@UModSys@@U?$TComparerBinaryHash@D@234@@tl@UModSys@@QAEABU012@ABU012@@Z 10001930 f i plugin_test1.obj
 0001:00000960       ??1?$TRefObject@URMultiImage2D_SDL_ttf@SDL_core@ui@modules@UModSys@@U?$TRefObjectFunc@URMultiImage2D_SDL_ttf@SDL_core@ui@modules@UModSys@@@tl@5@@tl@UModSys@@QAE@XZ 10001960 f i umodsys_lib_libui:umodsys.mod.ui.SDL_core.obj
 0001:00000960       ??1?$TRefObject@URDialog@frames@ui@modules@UModSys@@U?$TRefObjectFunc@URDialog@frames@ui@modules@UModSys@@@tl@5@@tl@UModSys@@QAE@XZ 10001960 f i umodsys_lib_libui:umodsys.mod.ui.frames.obj
 0001:00000960       ??1?$TRefObject@UIUtilities@libmedia@UModSys@@U?$TRefObjectFunc@UIUtilities@libmedia@UModSys@@@tl@3@@tl@UModSys@@QAE@XZ 10001960 f i plugin_test1.obj
 0001:00000960       ??1?$TRefObject@URMultiImage@stdlib@lib2d@modules@UModSys@@U?$TRefObjectFunc@URMultiImage@stdlib@lib2d@modules@UModSys@@@tl@5@@tl@UModSys@@QAE@XZ 10001960 f i umodsys_lib_lib2d:umodsys.mod.2d.stdlib.obj
 0001:00000960       ??1?$TRefObject@URSerializeWriter@serialize_json@media@modules@UModSys@@U?$TRefObjectFunc@URSerializeWriter@serialize_json@media@modules@UModSys@@@tl@5@@tl@UModSys@@QAE@XZ 10001960 f i umodsys_lib_libmedia:umodsys.mod.media.serialize_json.obj
 0001:00000960       ??1?$TRefObject@UIKeyboardController@libui@UModSys@@U?$TRefObjectFunc@UIKeyboardController@libui@UModSys@@@tl@3@@tl@UModSys@@QAE@XZ 10001960 f i plugin_test1.obj
 0001:00000960       ??1?$TRefObject@URImage_Memory@stdlib@lib2d@modules@UModSys@@U?$TRefObjectFunc@URImage_Memory@stdlib@lib2d@modules@UModSys@@@tl@5@@tl@UModSys@@QAE@XZ 10001960 f i umodsys_lib_lib2d:umodsys.mod.2d.stdlib.obj
 0001:00000960       ??1?$TRefObject@UIRefObject@core@UModSys@@U?$TRefObjectFunc@UIRefObject@core@UModSys@@@tl@3@@tl@UModSys@@QAE@XZ 10001960 f i plugin_test1.obj
 0001:00000960       ??1?$TRefObject@UIMouseController@libui@UModSys@@U?$TRefObjectFunc@UIMouseController@libui@UModSys@@@tl@3@@tl@UModSys@@QAE@XZ 10001960 f i plugin_test1.obj
 0001:00000960       ??1?$TRefObject@URImageFactory_Memory@stdlib@lib2d@modules@UModSys@@U?$TRefObjectFunc@URImageFactory_Memory@stdlib@lib2d@modules@UModSys@@@tl@5@@tl@UModSys@@QAE@XZ 10001960 f i umodsys_lib_lib2d:umodsys.mod.2d.stdlib.obj
 0001:00000960       ??1?$TRefObject@URTerminalX@SDL_core@ui@modules@UModSys@@U?$TRefObjectFunc@URTerminalX@SDL_core@ui@modules@UModSys@@@tl@5@@tl@UModSys@@QAE@XZ 10001960 f i umodsys_lib_libui:umodsys.mod.ui.SDL_core.obj
 0001:00000960       ??1?$TRefObject@UITerminal@libui@UModSys@@U?$TRefObjectFunc@UITerminal@libui@UModSys@@@tl@3@@tl@UModSys@@QAE@XZ 10001960 f i plugin_test1.obj
 0001:00000960       ??1?$TRefObject@UIFrame@libui@UModSys@@U?$TRefObjectFunc@UIFrame@libui@UModSys@@@tl@3@@tl@UModSys@@QAE@XZ 10001960 f i umodsys_lib_libui:umodsys.mod.ui.frames.obj
 0001:00000960       ??1?$TRefObject@URFrame_Common@frames@ui@modules@UModSys@@U?$TRefObjectFunc@URFrame_Common@frames@ui@modules@UModSys@@@tl@5@@tl@UModSys@@QAE@XZ 10001960 f i umodsys_lib_libui:umodsys.mod.ui.frames.obj
 0001:00000960       ??1?$TRefObject@UIImageFactory@lib2d@UModSys@@U?$TRefObjectFunc@UIImageFactory@lib2d@UModSys@@@tl@3@@tl@UModSys@@QAE@XZ 10001960 f i plugin_test1.obj
 0001:00000960       ??1?$TRefObject@UIStreamWriter@libmedia@UModSys@@U?$TRefObjectFunc@UIStreamWriter@libmedia@UModSys@@@tl@3@@tl@UModSys@@QAE@XZ 10001960 f i plugin_test1.obj
 0001:00000960       ??1?$TRefObject@URRenderDriver2D@SDL_core@ui@modules@UModSys@@U?$TRefObjectFunc@URRenderDriver2D@SDL_core@ui@modules@UModSys@@@tl@5@@tl@UModSys@@QAE@XZ 10001960 f i umodsys_lib_libui:umodsys.mod.ui.SDL_core.obj
 0001:00000960       ??1?$TRefObject@UIMultiImage@lib2d@UModSys@@U?$TRefObjectFunc@UIMultiImage@lib2d@UModSys@@@tl@3@@tl@UModSys@@QAE@XZ 10001960 f i plugin_test1.obj
 0001:00000960       ??1?$TRefObject@URSerializeReader@serialize_json@media@modules@UModSys@@U?$TRefObjectFunc@URSerializeReader@serialize_json@media@modules@UModSys@@@tl@5@@tl@UModSys@@QAE@XZ 10001960 f i umodsys_lib_libmedia:umodsys.mod.media.serialize_json.obj
 0001:00000960       ??1?$TRefObject@URMediaFilter@images_std@media@modules@UModSys@@U?$TRefObjectFunc@URMediaFilter@images_std@media@modules@UModSys@@@tl@5@@tl@UModSys@@QAE@XZ 10001960 f i umodsys_lib_libmedia:umodsys.mod.media.images_std.obj
 0001:00000960       ??1?$TRefObject@URCollector@frames@ui@modules@UModSys@@U?$TRefObjectFunc@URCollector@frames@ui@modules@UModSys@@@tl@5@@tl@UModSys@@QAE@XZ 10001960 f i umodsys_lib_libui:umodsys.mod.ui.frames.obj
 0001:00000960       ??1?$TRefObject@UIRenderDriver@lib2d@UModSys@@U?$TRefObjectFunc@UIRenderDriver@lib2d@UModSys@@@tl@3@@tl@UModSys@@QAE@XZ 10001960 f i plugin_test1.obj
 0001:00000960       ??1?$TRefObject@URMultiImage2D_SDL_ttf@SDL_GL@ui@modules@UModSys@@U?$TRefObjectFunc@URMultiImage2D_SDL_ttf@SDL_GL@ui@modules@UModSys@@@tl@5@@tl@UModSys@@QAE@XZ 10001960 f i umodsys_lib_libui:umodsys.mod.ui.SDL_GL.obj
 0001:00000960       ??1?$TRefObject@URRenderDriver3D@SDL_GL@ui@modules@UModSys@@U?$TRefObjectFunc@URRenderDriver3D@SDL_GL@ui@modules@UModSys@@@tl@5@@tl@UModSys@@QAE@XZ 10001960 f i umodsys_lib_libui:umodsys.mod.ui.SDL_GL.obj
 0001:00000960       ??1?$TRefObject@URVertexArray@SDL_GL@ui@modules@UModSys@@U?$TRefObjectFunc@URVertexArray@SDL_GL@ui@modules@UModSys@@@tl@5@@tl@UModSys@@QAE@XZ 10001960 f i umodsys_lib_libui:umodsys.mod.ui.SDL_GL.obj
 0001:00000960       ??1?$TRefObject@URTerminalX@SDL_GL@ui@modules@UModSys@@U?$TRefObjectFunc@URTerminalX@SDL_GL@ui@modules@UModSys@@@tl@5@@tl@UModSys@@QAE@XZ 10001960 f i umodsys_lib_libui:umodsys.mod.ui.SDL_GL.obj
 0001:00000960       ??1?$TRefObject@UIRenderDriver@lib3d@UModSys@@U?$TRefObjectFunc@UIRenderDriver@lib3d@UModSys@@@tl@3@@tl@UModSys@@QAE@XZ 10001960 f i plugin_test1.obj
 0001:00000960       ??1?$TRefObject@URBinArchiveFrameClient_ZIP@zlib@media@modules@UModSys@@U?$TRefObjectFunc@URBinArchiveFrameClient_ZIP@zlib@media@modules@UModSys@@@tl@5@@tl@UModSys@@QAE@XZ 10001960 f i umodsys_lib_libmedia:umodsys.mod.media.zlib.obj
 0001:00000960       ??1?$TRefObject@UIStreamReader@libmedia@UModSys@@U?$TRefObjectFunc@UIStreamReader@libmedia@UModSys@@@tl@3@@tl@UModSys@@QAE@XZ 10001960 f i plugin_test1.obj
 0001:00000960       ??1?$TRefObject@UIVertexArray@lib3d@UModSys@@U?$TRefObjectFunc@UIVertexArray@lib3d@UModSys@@@tl@3@@tl@UModSys@@QAE@XZ 10001960 f i plugin_test1.obj
 0001:00000960       ??1?$TRefObject@UICollector@libui@UModSys@@U?$TRefObjectFunc@UICollector@libui@UModSys@@@tl@3@@tl@UModSys@@QAE@XZ 10001960 f i plugin_test1.obj
 0001:00000960       ??1?$TRefObject@UIImage@lib2d@UModSys@@U?$TRefObjectFunc@UIImage@lib2d@UModSys@@@tl@3@@tl@UModSys@@QAE@XZ 10001960 f i plugin_test1.obj
 0001:00000980       ?info_release@?$TSCoreShared@USIMemAlloc@core@UModSys@@D@su@tl@UModSys@@QAEXXZ 10001980 f i plugin_test1.obj
 0001:00000a00       ?info_new@?$TSCoreShared@USIMemAlloc@core@UModSys@@D@su@tl@UModSys@@QAE_NPBDI@Z 10001a00 f i plugin_test1.obj
 0001:00000ab0       ?get_null@?$TSCoreShared@USIMemAlloc@core@UModSys@@D@su@tl@UModSys@@SAPAU?$TSharedStringInfo@DUSIMemAlloc@core@UModSys@@@234@XZ 10001ab0 f i plugin_test1.obj
 0001:00000af0       ??$generate_type@UICollector@libui@UModSys@@@RTest1_Shell@test1@test@modules@UModSys@@SA?AU?$TRefObject@UICollector@libui@UModSys@@U?$TRefObjectFunc@UICollector@libui@UModSys@@@tl@3@@tl@4@ABU?$TString@U?$TSCoreConst@D@su@tl@UModSys@@U?$TComparerBinaryHash@D@234@@64@ABUSParameters@core@4@PBD@Z 10001af0 f i plugin_test1.obj
 0001:00000c50       ??$generate_type@UITerminal@libui@UModSys@@@RTest1_Shell@test1@test@modules@UModSys@@SA?AU?$TRefObject@UITerminal@libui@UModSys@@U?$TRefObjectFunc@UITerminal@libui@UModSys@@@tl@3@@tl@4@ABU?$TString@U?$TSCoreConst@D@su@tl@UModSys@@U?$TComparerBinaryHash@D@234@@64@ABUSParameters@core@4@PBD@Z 10001c50 f i plugin_test1.obj
 0001:00000db0       ??$t_create_handler@UIKeyboardController@libui@UModSys@@@ITerminal@libui@UModSys@@QAE_NAAU?$TRefObject@UIKeyboardController@libui@UModSys@@U?$TRefObjectFunc@UIKeyboardController@libui@UModSys@@@tl@3@@tl@2@PBDPBUSParameters@core@2@@Z 10001db0 f i plugin_test1.obj
 0001:00000e60       ??$t_create_handler@UIMouseController@libui@UModSys@@@ITerminal@libui@UModSys@@QAE_NAAU?$TRefObject@UIMouseController@libui@UModSys@@U?$TRefObjectFunc@UIMouseController@libui@UModSys@@@tl@3@@tl@2@PBDPBUSParameters@core@2@@Z 10001e60 f i plugin_test1.obj
 0001:00000f10       ??$t_create_handler@UIRenderDriver@lib3d@UModSys@@@ITerminal@libui@UModSys@@QAE_NAAU?$TRefObject@UIRenderDriver@lib3d@UModSys@@U?$TRefObjectFunc@UIRenderDriver@lib3d@UModSys@@@tl@3@@tl@2@PBDPBUSParameters@core@2@@Z 10001f10 f i plugin_test1.obj
 0001:00000fc0       ??$shash@D@su@tl@UModSys@@YAIPBDI@Z 10001fc0 f i plugin_test1.obj
 0001:00001000       ??1?$TRefObject@UIModObject@base@UModSys@@U?$TModObjectFunc@UIModObject@base@UModSys@@@tl@3@@tl@UModSys@@QAE@XZ 10002000 f i plugin_test1.obj
 0001:00001020       ??$t_ref_get_other_interface@UIStreamReader@libmedia@UModSys@@U?$TRefObjectFunc@UIStreamReader@libmedia@UModSys@@@tl@3@@IRefObject@core@UModSys@@QAE_NAAU?$TRefObject@UIStreamReader@libmedia@UModSys@@U?$TRefObjectFunc@UIStreamReader@libmedia@UModSys@@@tl@3@@tl@2@@Z 10002020 f i plugin_test1.obj
 0001:00001060       ??$t_ref_get_other_interface@UIStreamWriter@libmedia@UModSys@@U?$TRefObjectFunc@UIStreamWriter@libmedia@UModSys@@@tl@3@@IRefObject@core@UModSys@@QAE_NAAU?$TRefObject@UIStreamWriter@libmedia@UModSys@@U?$TRefObjectFunc@UIStreamWriter@libmedia@UModSys@@@tl@3@@tl@2@@Z 10002060 f i plugin_test1.obj
 0001:000010a0       ??$t_generate@UICollector@libui@UModSys@@@SModuleContext@base@UModSys@@QAE_NAAU?$TRefObject@UICollector@libui@UModSys@@U?$TRefObjectFunc@UICollector@libui@UModSys@@@tl@3@@tl@2@PBUSUniquePointerInfo@core@2@ABUSParameters@62@@Z 100020a0 f i plugin_test1.obj
 0001:00001150       ??$t_generate@UITerminal@libui@UModSys@@@SModuleContext@base@UModSys@@QAE_NAAU?$TRefObject@UITerminal@libui@UModSys@@U?$TRefObjectFunc@UITerminal@libui@UModSys@@@tl@3@@tl@2@PBUSUniquePointerInfo@core@2@ABUSParameters@62@@Z 10002150 f i plugin_test1.obj
 0001:00001200       ??$t_ref_get_other_interface@UIImage@lib2d@UModSys@@U?$TRefObjectFunc@UIImage@lib2d@UModSys@@@tl@3@@IRefObject@core@UModSys@@QAE_NAAU?$TRefObject@UIImage@lib2d@UModSys@@U?$TRefObjectFunc@UIImage@lib2d@UModSys@@@tl@3@@tl@2@@Z 10002200 f i plugin_test1.obj
 0001:00001240       ??$t_ref_get_other_interface@UIImageFactory@lib2d@UModSys@@U?$TRefObjectFunc@UIImageFactory@lib2d@UModSys@@@tl@3@@IRefObject@core@UModSys@@QAE_NAAU?$TRefObject@UIImageFactory@lib2d@UModSys@@U?$TRefObjectFunc@UIImageFactory@lib2d@UModSys@@@tl@3@@tl@2@@Z 10002240 f i plugin_test1.obj
 0001:00001280       ??$t_ref_get_other_interface@UIMultiImage@lib2d@UModSys@@U?$TRefObjectFunc@UIMultiImage@lib2d@UModSys@@@tl@3@@IRefObject@core@UModSys@@QAE_NAAU?$TRefObject@UIMultiImage@lib2d@UModSys@@U?$TRefObjectFunc@UIMultiImage@lib2d@UModSys@@@tl@3@@tl@2@@Z 10002280 f i plugin_test1.obj
 0001:000012c0       ??$t_ref_get_other_interface@UICollector@libui@UModSys@@U?$TRefObjectFunc@UICollector@libui@UModSys@@@tl@3@@IRefObject@core@UModSys@@QAE_NAAU?$TRefObject@UICollector@libui@UModSys@@U?$TRefObjectFunc@UICollector@libui@UModSys@@@tl@3@@tl@2@@Z 100022c0 f i plugin_test1.obj
 0001:00001300       ??$t_ref_get_other_interface@UITerminal@libui@UModSys@@U?$TRefObjectFunc@UITerminal@libui@UModSys@@@tl@3@@IRefObject@core@UModSys@@QAE_NAAU?$TRefObject@UITerminal@libui@UModSys@@U?$TRefObjectFunc@UITerminal@libui@UModSys@@@tl@3@@tl@2@@Z 10002300 f i plugin_test1.obj
 0001:00001340       ?alloc@SMemShared@core@UModSys@@QAE_NIPAUSSourceContext@23@@Z 10002340 f i umodsys_lib_lib2d:umodsys.mod.2d.stdlib.obj
 0001:00001380       ?ConvertSameSize@stdlib@lib2d@modules@UModSys@@YA_NW4eImageType@24@ABU?$TVector2@H@math3d@4@11ABUSMem@core@4@11ABUSCMem@94@@Z 10002380 f i umodsys_lib_lib2d:umodsys.mod.2d.stdlib.obj
 0001:00001410       ?ConvertSame@stdlib@lib2d@modules@UModSys@@YA_NW4eImageType@24@ABU?$TBoundBox2@H@math3d@4@ABU?$TVector2@H@74@ABUSMem@core@4@12ABUSCMem@core@4@@Z 10002410 f i umodsys_lib_lib2d:umodsys.mod.2d.stdlib.obj
 0001:00001490       ?Convert@stdlib@lib2d@modules@UModSys@@YA_NABU?$TBoundBox2@H@math3d@4@ABUSImageInfo@24@ABUSMem@core@4@01ABUSCMem@94@@Z 10002490 f i umodsys_lib_lib2d:umodsys.mod.2d.stdlib.obj
 0001:00001500       ?root_get_interface_info@RImage_Memory@stdlib@lib2d@modules@UModSys@@UBEABUSUniquePointerInfo@core@5@XZ 10002500 f i umodsys_lib_lib2d:umodsys.mod.2d.stdlib.obj
 0001:00001510       ?root_get_interface_type@RImage_Memory@stdlib@lib2d@modules@UModSys@@UBEPBUSUniquePointerInfo@core@5@XZ 10002510 f i umodsys_lib_lib2d:umodsys.mod.2d.stdlib.obj
 0001:00001520       ?root_get_other_interface@RImage_Memory@stdlib@lib2d@modules@UModSys@@UAEPAUIRoot@core@5@PBUSUniquePointerInfo@75@@Z 10002520 f i umodsys_lib_lib2d:umodsys.mod.2d.stdlib.obj
 0001:00001520       ?root_get_other_interface@RImage_Memory@stdlib@lib2d@modules@UModSys@@UBEPBUIRoot@core@5@PBUSUniquePointerInfo@75@@Z 10002520 f i umodsys_lib_lib2d:umodsys.mod.2d.stdlib.obj
 0001:00001550       ?root_is_interface_supported@RImage_Memory@stdlib@lib2d@modules@UModSys@@UBE_NPBUSUniquePointerInfo@core@5@@Z 10002550 f i umodsys_lib_lib2d:umodsys.mod.2d.stdlib.obj
 0001:00001590       ?root_get_interface_info@RImageFactory_Memory@stdlib@lib2d@modules@UModSys@@UBEABUSUniquePointerInfo@core@5@XZ 10002590 f i umodsys_lib_lib2d:umodsys.mod.2d.stdlib.obj
 0001:000015a0       ?root_get_interface_type@RImageFactory_Memory@stdlib@lib2d@modules@UModSys@@UBEPBUSUniquePointerInfo@core@5@XZ 100025a0 f i umodsys_lib_lib2d:umodsys.mod.2d.stdlib.obj
 0001:000015b0       ?root_get_other_interface@RImageFactory_Memory@stdlib@lib2d@modules@UModSys@@UBEPBUIRoot@core@5@PBUSUniquePointerInfo@75@@Z 100025b0 f i umodsys_lib_lib2d:umodsys.mod.2d.stdlib.obj
 0001:000015b0       ?root_get_other_interface@RImageFactory_Memory@stdlib@lib2d@modules@UModSys@@UAEPAUIRoot@core@5@PBUSUniquePointerInfo@75@@Z 100025b0 f i umodsys_lib_lib2d:umodsys.mod.2d.stdlib.obj
 0001:000015e0       ?root_is_interface_supported@RImageFactory_Memory@stdlib@lib2d@modules@UModSys@@UBE_NPBUSUniquePointerInfo@core@5@@Z 100025e0 f i umodsys_lib_lib2d:umodsys.mod.2d.stdlib.obj
 0001:00001620       ?root_get_interface_info@RMultiImage@stdlib@lib2d@modules@UModSys@@UBEABUSUniquePointerInfo@core@5@XZ 10002620 f i umodsys_lib_lib2d:umodsys.mod.2d.stdlib.obj
 0001:00001630       ?root_get_interface_type@RMultiImage@stdlib@lib2d@modules@UModSys@@UBEPBUSUniquePointerInfo@core@5@XZ 10002630 f i umodsys_lib_lib2d:umodsys.mod.2d.stdlib.obj
 0001:00001640       ?root_get_other_interface@RMultiImage@stdlib@lib2d@modules@UModSys@@UBEPBUIRoot@core@5@PBUSUniquePointerInfo@75@@Z 10002640 f i umodsys_lib_lib2d:umodsys.mod.2d.stdlib.obj
 0001:00001640       ?root_get_other_interface@RMultiImage@stdlib@lib2d@modules@UModSys@@UAEPAUIRoot@core@5@PBUSUniquePointerInfo@75@@Z 10002640 f i umodsys_lib_lib2d:umodsys.mod.2d.stdlib.obj
 0001:00001670       ?root_is_interface_supported@RMultiImage@stdlib@lib2d@modules@UModSys@@UBE_NPBUSUniquePointerInfo@core@5@@Z 10002670 f i umodsys_lib_lib2d:umodsys.mod.2d.stdlib.obj
 0001:000016b0       ?ref_weak@RTerminal@SDL_core@ui@modules@UModSys@@UBE_NAAUWeakPointer@IRefObject@core@5@@Z 100026b0 f i umodsys_lib_libui:umodsys.mod.ui.SDL_core.obj
 0001:000016b0       ?ref_weak@RVertexArray@SDL_GL@ui@modules@UModSys@@UBE_NAAUWeakPointer@IRefObject@core@5@@Z 100026b0 f i umodsys_lib_libui:umodsys.mod.ui.SDL_GL.obj
 0001:000016b0       ?ref_weak@RGenerator@SDL_GL@ui@modules@UModSys@@UBE_NAAUWeakPointer@IRefObject@core@5@@Z 100026b0 f i umodsys_lib_libui:umodsys.mod.ui.SDL_GL.obj
 0001:000016b0       ?ref_weak@RBinArchiveFrameClient_ZIP@zlib@media@modules@UModSys@@UBE_NAAUWeakPointer@IRefObject@core@5@@Z 100026b0 f i umodsys_lib_libmedia:umodsys.mod.media.zlib.obj
 0001:000016b0       ?ref_weak@RGenerator@zlib@media@modules@UModSys@@UBE_NAAUWeakPointer@IRefObject@core@5@@Z 100026b0 f i umodsys_lib_libmedia:umodsys.mod.media.zlib.obj
 0001:000016b0       ?ref_weak@RGenerator@serialize_json@media@modules@UModSys@@UBE_NAAUWeakPointer@IRefObject@core@5@@Z 100026b0 f i umodsys_lib_libmedia:umodsys.mod.media.serialize_json.obj
 0001:000016b0       ?ref_weak@RTerminal@SDL_GL@ui@modules@UModSys@@UBE_NAAUWeakPointer@IRefObject@core@5@@Z 100026b0 f i umodsys_lib_libui:umodsys.mod.ui.SDL_GL.obj
 0001:000016b0       ?ref_weak@RGenerator@frames@ui@modules@UModSys@@UBE_NAAUWeakPointer@IRefObject@core@5@@Z 100026b0 f i umodsys_lib_libui:umodsys.mod.ui.frames.obj
 0001:000016b0       ?ref_weak@RSerializeReader@serialize_json@media@modules@UModSys@@UBE_NAAUWeakPointer@IRefObject@core@5@@Z 100026b0 f i umodsys_lib_libmedia:umodsys.mod.media.serialize_json.obj
 0001:000016b0       ?ref_weak@RMultiImage@stdlib@lib2d@modules@UModSys@@UBE_NAAUWeakPointer@IRefObject@core@5@@Z 100026b0 f i umodsys_lib_lib2d:umodsys.mod.2d.stdlib.obj
 0001:000016b0       ?ref_weak@RDialog@frames@ui@modules@UModSys@@UBE_NAAUWeakPointer@IRefObject@core@5@@Z 100026b0 f i umodsys_lib_libui:umodsys.mod.ui.frames.obj
 0001:000016b0       ?ref_weak@RImage_Memory@stdlib@lib2d@modules@UModSys@@UBE_NAAUWeakPointer@IRefObject@core@5@@Z 100026b0 f i umodsys_lib_lib2d:umodsys.mod.2d.stdlib.obj
 0001:000016b0       ?ref_weak@RGenerator@images_std@media@modules@UModSys@@UBE_NAAUWeakPointer@IRefObject@core@5@@Z 100026b0 f i umodsys_lib_libmedia:umodsys.mod.media.images_std.obj
 0001:000016b0       ?ref_weak@RGenerator@test1@test@modules@UModSys@@UBE_NAAUWeakPointer@IRefObject@core@5@@Z 100026b0 f i plugin_test1.obj
 0001:000016b0       ?ref_weak@RMultiImage2D_SDL_ttf@SDL_GL@ui@modules@UModSys@@UBE_NAAUWeakPointer@IRefObject@core@5@@Z 100026b0 f i umodsys_lib_libui:umodsys.mod.ui.SDL_GL.obj
 0001:000016b0       ?ref_weak@RImageFactory_Memory@stdlib@lib2d@modules@UModSys@@UBE_NAAUWeakPointer@IRefObject@core@5@@Z 100026b0 f i umodsys_lib_lib2d:umodsys.mod.2d.stdlib.obj
 0001:000016b0       ?ref_weak@RGenerator@stdlib@lib2d@modules@UModSys@@UBE_NAAUWeakPointer@IRefObject@core@5@@Z 100026b0 f i umodsys_lib_lib2d:umodsys.mod.2d.stdlib.obj
 0001:000016b0       ?ref_weak@RGenerator@SDL_core@ui@modules@UModSys@@UBE_NAAUWeakPointer@IRefObject@core@5@@Z 100026b0 f i umodsys_lib_libui:umodsys.mod.ui.SDL_core.obj
 0001:000016b0       ?ref_weak@RMultiImage2D_SDL_ttf@SDL_core@ui@modules@UModSys@@UBE_NAAUWeakPointer@IRefObject@core@5@@Z 100026b0 f i umodsys_lib_libui:umodsys.mod.ui.SDL_core.obj
 0001:000016d0       ?get_generated_names@RGenerator@stdlib@lib2d@modules@UModSys@@UBEHAAUSUniquePtrList@core@5@@Z 100026d0 f i umodsys_lib_lib2d:umodsys.mod.2d.stdlib.obj
 0001:00001710       ?get_generated_types@RGenerator@stdlib@lib2d@modules@UModSys@@UBEHAAUSUniquePtrList@core@5@PBUSUniquePointerInfo@75@@Z 10002710 f i umodsys_lib_lib2d:umodsys.mod.2d.stdlib.obj
 0001:00001790       ?generate@RGenerator@stdlib@lib2d@modules@UModSys@@UAE_NAAU?$TRefObject@UIRefObject@core@UModSys@@U?$TRefObjectFunc@UIRefObject@core@UModSys@@@tl@3@@tl@5@PBUSUniquePointerInfo@core@5@ABUSParameters@95@@Z 10002790 f i umodsys_lib_lib2d:umodsys.mod.2d.stdlib.obj
 0001:000017f0       ?root_get_interface_info@RGenerator@stdlib@lib2d@modules@UModSys@@UBEABUSUniquePointerInfo@core@5@XZ 100027f0 f i umodsys_lib_lib2d:umodsys.mod.2d.stdlib.obj
 0001:00001800       ?root_get_interface_type@RGenerator@stdlib@lib2d@modules@UModSys@@UBEPBUSUniquePointerInfo@core@5@XZ 10002800 f i umodsys_lib_lib2d:umodsys.mod.2d.stdlib.obj
 0001:00001810       ?root_get_other_interface@RGenerator@stdlib@lib2d@modules@UModSys@@UBEPBUIRoot@core@5@PBUSUniquePointerInfo@75@@Z 10002810 f i umodsys_lib_lib2d:umodsys.mod.2d.stdlib.obj
 0001:00001810       ?root_get_other_interface@RGenerator@stdlib@lib2d@modules@UModSys@@UAEPAUIRoot@core@5@PBUSUniquePointerInfo@75@@Z 10002810 f i umodsys_lib_lib2d:umodsys.mod.2d.stdlib.obj
 0001:00001850       ?root_is_interface_supported@RGenerator@stdlib@lib2d@modules@UModSys@@UBE_NPBUSUniquePointerInfo@core@5@@Z 10002850 f i umodsys_lib_lib2d:umodsys.mod.2d.stdlib.obj
 0001:00001890       ?get_uid@RGenerator@stdlib@lib2d@modules@UModSys@@UBEPBUSUniquePointerInfo@core@5@XZ 10002890 f i umodsys_lib_lib2d:umodsys.mod.2d.stdlib.obj
 0001:000018a0       ??4State@RImage_Memory@stdlib@lib2d@modules@UModSys@@QAEAAU012345@ABU012345@@Z 100028a0 f i umodsys_lib_lib2d:umodsys.mod.2d.stdlib.obj
 0001:00001950       ??_ERImage_Memory@stdlib@lib2d@modules@UModSys@@UAEPAXI@Z 10002950 f i  CIL library: CIL module
 0001:00001950       ??_GRImage_Memory@stdlib@lib2d@modules@UModSys@@UAEPAXI@Z 10002950 f i umodsys_lib_lib2d:umodsys.mod.2d.stdlib.obj
 0001:00001970       ??_ERImageFactory_Memory@stdlib@lib2d@modules@UModSys@@UAEPAXI@Z 10002970 f i  CIL library: CIL module
 0001:00001970       ??_GRImageFactory_Memory@stdlib@lib2d@modules@UModSys@@UAEPAXI@Z 10002970 f i umodsys_lib_lib2d:umodsys.mod.2d.stdlib.obj
 0001:00001990       ??_GRMultiImage@stdlib@lib2d@modules@UModSys@@UAEPAXI@Z 10002990 f i umodsys_lib_lib2d:umodsys.mod.2d.stdlib.obj
 0001:00001990       ??_ERMultiImage@stdlib@lib2d@modules@UModSys@@UAEPAXI@Z 10002990 f i  CIL library: CIL module
 0001:000019b0       ?do_open@RModuleReg@stdlib@lib2d@modules@UModSys@@UAE_NXZ 100029b0 f i umodsys_lib_lib2d:umodsys.mod.2d.stdlib.obj
 0001:000019c0       ?do_close@RModuleReg@stdlib@lib2d@modules@UModSys@@UAE_NXZ 100029c0 f i umodsys_lib_lib2d:umodsys.mod.2d.stdlib.obj
 0001:000019d0       ??_GRModuleReg@stdlib@lib2d@modules@UModSys@@UAEPAXI@Z 100029d0 f i umodsys_lib_lib2d:umodsys.mod.2d.stdlib.obj
 0001:000019d0       ??_ERModuleReg@stdlib@lib2d@modules@UModSys@@UAEPAXI@Z 100029d0 f i  CIL library: CIL module
 0001:00001a00       ??1?$TDynarrayDynamic@USImageCellInfo@lib2d@UModSys@@U?$TAllocator@USIMemAlloc@core@UModSys@@USCountCalcPower2@23@@tl@3@@tl@UModSys@@QAE@XZ 10002a00 f i umodsys_lib_lib2d:umodsys.mod.2d.stdlib.obj
 0001:00001a30       ??1?$TDynarrayDynamic@U?$TRefObject@UIImage@lib2d@UModSys@@U?$TRefObjectFunc@UIImage@lib2d@UModSys@@@tl@3@@tl@UModSys@@U?$TAllocator@USIMemAlloc@core@UModSys@@USCountCalcPower2@23@@23@@tl@UModSys@@QAE@XZ 10002a30 f i umodsys_lib_lib2d:umodsys.mod.2d.stdlib.obj
 0001:00001a80       ?Free@?$TDynarray@U?$TDynarrayHolderDynamic@USImageCellInfo@lib2d@UModSys@@U?$TAllocator@USIMemAlloc@core@UModSys@@USCountCalcPower2@23@@tl@3@@tl@UModSys@@@tl@UModSys@@QAE_NXZ 10002a80 f i umodsys_lib_lib2d:umodsys.mod.2d.stdlib.obj
 0001:00001ae0       ?ResizeRel@?$TDynarray@U?$TDynarrayHolderDynamic@U?$TRefObject@UIImage@lib2d@UModSys@@U?$TRefObjectFunc@UIImage@lib2d@UModSys@@@tl@3@@tl@UModSys@@U?$TAllocator@USIMemAlloc@core@UModSys@@USCountCalcPower2@23@@23@@tl@UModSys@@@tl@UModSys@@QAE_NH@Z 10002ae0 f i umodsys_lib_lib2d:umodsys.mod.2d.stdlib.obj
 0001:00001b50       ??$t_gen_param@URImage_Memory@stdlib@lib2d@modules@UModSys@@URGenerator@2345@@IGenerator@base@UModSys@@IAE_NPAURGenerator@stdlib@lib2d@modules@2@AAU?$TRefObject@UIRefObject@core@UModSys@@U?$TRefObjectFunc@UIRefObject@core@UModSys@@@tl@3@@tl@2@PBUSUniquePointerInfo@core@2@ABUSParameters@core@2@@Z 10002b50 f i umodsys_lib_lib2d:umodsys.mod.2d.stdlib.obj
 0001:00001bc0       ??$t_gen_param@URImageFactory_Memory@stdlib@lib2d@modules@UModSys@@URGenerator@2345@@IGenerator@base@UModSys@@IAE_NPAURGenerator@stdlib@lib2d@modules@2@AAU?$TRefObject@UIRefObject@core@UModSys@@U?$TRefObjectFunc@UIRefObject@core@UModSys@@@tl@3@@tl@2@PBUSUniquePointerInfo@core@2@ABUSParameters@core@2@@Z 10002bc0 f i umodsys_lib_lib2d:umodsys.mod.2d.stdlib.obj
 0001:00001c40       ??$t_gen_param@URMultiImage@stdlib@lib2d@modules@UModSys@@URGenerator@2345@@IGenerator@base@UModSys@@IAE_NPAURGenerator@stdlib@lib2d@modules@2@AAU?$TRefObject@UIRefObject@core@UModSys@@U?$TRefObjectFunc@UIRefObject@core@UModSys@@@tl@3@@tl@2@PBUSUniquePointerInfo@core@2@ABUSParameters@core@2@@Z 10002c40 f i umodsys_lib_lib2d:umodsys.mod.2d.stdlib.obj
 0001:00001cc0       ??$ValidateConstruction@UIRefObject@core@UModSys@@URMultiImage@stdlib@lib2d@modules@3@@core@UModSys@@YA_NAAU?$TRefObject@UIRefObject@core@UModSys@@U?$TRefObjectFunc@UIRefObject@core@UModSys@@@tl@3@@tl@1@PAURMultiImage@stdlib@lib2d@modules@1@@Z 10002cc0 f i umodsys_lib_lib2d:umodsys.mod.2d.stdlib.obj
 0001:00001d50       ?set_stage@SGLFuncs@SDL_GL@ui@modules@UModSys@@QBEXH@Z 10002d50 f i umodsys_lib_libui:umodsys.mod.ui.SDL_GL.obj
 0001:00001d90       ?set_bound@SGLFuncs@SDL_GL@ui@modules@UModSys@@QBEXI@Z 10002d90 f i umodsys_lib_libui:umodsys.mod.ui.SDL_GL.obj
 0001:00001dc0       ?set_composite_all@SGLFuncsLegacy@SDL_GL@ui@modules@UModSys@@QBEXH@Z 10002dc0 f i umodsys_lib_libui:umodsys.mod.ui.SDL_GL.obj
 0001:00001e50       ?force@TextureInfo@SGLFuncs@SDL_GL@ui@modules@UModSys@@QBEXABU23456@@Z 10002e50 f i umodsys_lib_libui:umodsys.mod.ui.SDL_GL.obj
 0001:00001eb0       ?set_minmag@TextureInfo@SGLFuncs@SDL_GL@ui@modules@UModSys@@QBEXABU23456@HH@Z 10002eb0 f i umodsys_lib_libui:umodsys.mod.ui.SDL_GL.obj
 0001:00001ef0       ?set_wrap@TextureInfo@SGLFuncs@SDL_GL@ui@modules@UModSys@@QBEXABU23456@HH@Z 10002ef0 f i umodsys_lib_libui:umodsys.mod.ui.SDL_GL.obj
 0001:00001f30       ?crebind@STextureGL@SDL_GL@ui@modules@UModSys@@QAEX_N@Z 10002f30 f i umodsys_lib_libui:umodsys.mod.ui.SDL_GL.obj
 0001:00001f60       ?root_get_interface_info@RKeyboardController@SDL_GL@ui@modules@UModSys@@UBEABUSUniquePointerInfo@core@5@XZ 10002f60 f i umodsys_lib_libui:umodsys.mod.ui.SDL_GL.obj
 0001:00001f70       ?root_get_interface_type@RKeyboardController@SDL_GL@ui@modules@UModSys@@UBEPBUSUniquePointerInfo@core@5@XZ 10002f70 f i umodsys_lib_libui:umodsys.mod.ui.SDL_GL.obj
 0001:00001f80       ?root_get_other_interface@RKeyboardController@SDL_GL@ui@modules@UModSys@@UBEPBUIRoot@core@5@PBUSUniquePointerInfo@75@@Z 10002f80 f i umodsys_lib_libui:umodsys.mod.ui.SDL_GL.obj
 0001:00001f80       ?root_get_other_interface@RKeyboardController@SDL_GL@ui@modules@UModSys@@UAEPAUIRoot@core@5@PBUSUniquePointerInfo@75@@Z 10002f80 f i umodsys_lib_libui:umodsys.mod.ui.SDL_GL.obj
 0001:00001fb0       ?root_is_interface_supported@RKeyboardController@SDL_GL@ui@modules@UModSys@@UBE_NPBUSUniquePointerInfo@core@5@@Z 10002fb0 f i umodsys_lib_libui:umodsys.mod.ui.SDL_GL.obj
 0001:00001ff0       ?ref_weak@RKeyboardController@SDL_GL@ui@modules@UModSys@@UBE_NAAUWeakPointer@IRefObject@core@5@@Z 10002ff0 f i umodsys_lib_libui:umodsys.mod.ui.SDL_GL.obj
 0001:00001ff0       ?ref_weak@RMouseController@SDL_core@ui@modules@UModSys@@UBE_NAAUWeakPointer@IRefObject@core@5@@Z 10002ff0 f i umodsys_lib_libui:umodsys.mod.ui.SDL_core.obj
 0001:00001ff0       ?ref_weak@RRenderDriver2D@SDL_core@ui@modules@UModSys@@UBE_NAAUWeakPointer@IRefObject@core@5@@Z 10002ff0 f i umodsys_lib_libui:umodsys.mod.ui.SDL_core.obj
 0001:00001ff0       ?ref_weak@RKeyboardController@SDL_core@ui@modules@UModSys@@UBE_NAAUWeakPointer@IRefObject@core@5@@Z 10002ff0 f i umodsys_lib_libui:umodsys.mod.ui.SDL_core.obj
 0001:00001ff0       ?ref_weak@RMouseController@SDL_GL@ui@modules@UModSys@@UBE_NAAUWeakPointer@IRefObject@core@5@@Z 10002ff0 f i umodsys_lib_libui:umodsys.mod.ui.SDL_GL.obj
 0001:00001ff0       ?ref_weak@RRenderDriver3D@SDL_GL@ui@modules@UModSys@@UBE_NAAUWeakPointer@IRefObject@core@5@@Z 10002ff0 f i umodsys_lib_libui:umodsys.mod.ui.SDL_GL.obj
 0001:00002000       ?root_get_interface_info@RMouseController@SDL_GL@ui@modules@UModSys@@UBEABUSUniquePointerInfo@core@5@XZ 10003000 f i umodsys_lib_libui:umodsys.mod.ui.SDL_GL.obj
 0001:00002010       ?root_get_interface_type@RMouseController@SDL_GL@ui@modules@UModSys@@UBEPBUSUniquePointerInfo@core@5@XZ 10003010 f i umodsys_lib_libui:umodsys.mod.ui.SDL_GL.obj
 0001:00002020       ?root_get_other_interface@RMouseController@SDL_GL@ui@modules@UModSys@@UBEPBUIRoot@core@5@PBUSUniquePointerInfo@75@@Z 10003020 f i umodsys_lib_libui:umodsys.mod.ui.SDL_GL.obj
 0001:00002020       ?root_get_other_interface@RMouseController@SDL_GL@ui@modules@UModSys@@UAEPAUIRoot@core@5@PBUSUniquePointerInfo@75@@Z 10003020 f i umodsys_lib_libui:umodsys.mod.ui.SDL_GL.obj
 0001:00002050       ?root_is_interface_supported@RMouseController@SDL_GL@ui@modules@UModSys@@UBE_NPBUSUniquePointerInfo@core@5@@Z 10003050 f i umodsys_lib_libui:umodsys.mod.ui.SDL_GL.obj
 0001:00002090       ?root_get_interface_info@RTerminal@SDL_GL@ui@modules@UModSys@@UBEABUSUniquePointerInfo@core@5@XZ 10003090 f i umodsys_lib_libui:umodsys.mod.ui.SDL_GL.obj
 0001:000020a0       ?root_get_interface_type@RTerminal@SDL_GL@ui@modules@UModSys@@UBEPBUSUniquePointerInfo@core@5@XZ 100030a0 f i umodsys_lib_libui:umodsys.mod.ui.SDL_GL.obj
 0001:000020b0       ?root_get_other_interface@RTerminal@SDL_GL@ui@modules@UModSys@@UAEPAUIRoot@core@5@PBUSUniquePointerInfo@75@@Z 100030b0 f i umodsys_lib_libui:umodsys.mod.ui.SDL_GL.obj
 0001:000020b0       ?root_get_other_interface@RTerminal@SDL_GL@ui@modules@UModSys@@UBEPBUIRoot@core@5@PBUSUniquePointerInfo@75@@Z 100030b0 f i umodsys_lib_libui:umodsys.mod.ui.SDL_GL.obj
 0001:000020e0       ?root_is_interface_supported@RTerminal@SDL_GL@ui@modules@UModSys@@UBE_NPBUSUniquePointerInfo@core@5@@Z 100030e0 f i umodsys_lib_libui:umodsys.mod.ui.SDL_GL.obj
 0001:00002120       ?root_get_interface_info@RMultiImage2D_SDL_ttf@SDL_GL@ui@modules@UModSys@@UBEABUSUniquePointerInfo@core@5@XZ 10003120 f i umodsys_lib_libui:umodsys.mod.ui.SDL_GL.obj
 0001:00002130       ?root_get_interface_type@RMultiImage2D_SDL_ttf@SDL_GL@ui@modules@UModSys@@UBEPBUSUniquePointerInfo@core@5@XZ 10003130 f i umodsys_lib_libui:umodsys.mod.ui.SDL_GL.obj
 0001:00002140       ?root_get_other_interface@RMultiImage2D_SDL_ttf@SDL_GL@ui@modules@UModSys@@UBEPBUIRoot@core@5@PBUSUniquePointerInfo@75@@Z 10003140 f i umodsys_lib_libui:umodsys.mod.ui.SDL_GL.obj
 0001:00002140       ?root_get_other_interface@RMultiImage2D_SDL_ttf@SDL_GL@ui@modules@UModSys@@UAEPAUIRoot@core@5@PBUSUniquePointerInfo@75@@Z 10003140 f i umodsys_lib_libui:umodsys.mod.ui.SDL_GL.obj
 0001:00002170       ?root_is_interface_supported@RMultiImage2D_SDL_ttf@SDL_GL@ui@modules@UModSys@@UBE_NPBUSUniquePointerInfo@core@5@@Z 10003170 f i umodsys_lib_libui:umodsys.mod.ui.SDL_GL.obj
 0001:000021b0       ??1Glyph@RMultiImage2D_SDL_ttf@SDL_GL@ui@modules@UModSys@@QAE@XZ 100031b0 f i umodsys_lib_libui:umodsys.mod.ui.SDL_GL.obj
 0001:00002200       ?get_max_layer_size@RMultiImage2D_SDL_ttf@SDL_GL@ui@modules@UModSys@@UBE?AU?$TVector2@H@math3d@5@XZ 10003200 f i umodsys_lib_libui:umodsys.mod.ui.SDL_GL.obj
 0001:00002200       ?get_fixed_cell_size@RMultiImage2D_SDL_ttf@SDL_core@ui@modules@UModSys@@UBE?AU?$TVector2@H@math3d@5@XZ 10003200 f i umodsys_lib_libui:umodsys.mod.ui.SDL_core.obj
 0001:00002200       ?get_max_layer_size@RMultiImage2D_SDL_ttf@SDL_core@ui@modules@UModSys@@UBE?AU?$TVector2@H@math3d@5@XZ 10003200 f i umodsys_lib_libui:umodsys.mod.ui.SDL_core.obj
 0001:00002200       ?get_max_cell_size@RMultiImage2D_SDL_ttf@SDL_core@ui@modules@UModSys@@UBE?AU?$TVector2@H@math3d@5@XZ 10003200 f i umodsys_lib_libui:umodsys.mod.ui.SDL_core.obj
 0001:00002200       ?get_max_cell_size@RMultiImage2D_SDL_ttf@SDL_GL@ui@modules@UModSys@@UBE?AU?$TVector2@H@math3d@5@XZ 10003200 f i umodsys_lib_libui:umodsys.mod.ui.SDL_GL.obj
 0001:00002200       ?get_fixed_cell_size@RMultiImage2D_SDL_ttf@SDL_GL@ui@modules@UModSys@@UBE?AU?$TVector2@H@math3d@5@XZ 10003200 f i umodsys_lib_libui:umodsys.mod.ui.SDL_GL.obj
 0001:00002220       ?get_layer@RMultiImage2D_SDL_ttf@SDL_core@ui@modules@UModSys@@UBEPAUIImage@lib2d@5@G@Z 10003220 f i umodsys_lib_libui:umodsys.mod.ui.SDL_core.obj
 0001:00002220       ?get_layer@RMultiImage2D_SDL_ttf@SDL_GL@ui@modules@UModSys@@UBEPAUIImage@lib2d@5@G@Z 10003220 f i umodsys_lib_libui:umodsys.mod.ui.SDL_GL.obj
 0001:00002230       ?get_cell@RMultiImage2D_SDL_ttf@SDL_GL@ui@modules@UModSys@@UBE_NIAAU?$TVector2@H@math3d@5@PAU675@PAG@Z 10003230 f i umodsys_lib_libui:umodsys.mod.ui.SDL_GL.obj
 0001:00002230       ?get_cell@RMultiImage2D_SDL_ttf@SDL_core@ui@modules@UModSys@@UBE_NIAAU?$TVector2@H@math3d@5@PAU675@PAG@Z 10003230 f i umodsys_lib_libui:umodsys.mod.ui.SDL_core.obj
 0001:00002240       ?setup_fixed_cell@RMultiImage2D_SDL_ttf@SDL_core@ui@modules@UModSys@@UAE_NHH@Z 10003240 f i umodsys_lib_libui:umodsys.mod.ui.SDL_core.obj
 0001:00002240       ?get_cell@RMultiImage2D_SDL_ttf@SDL_GL@ui@modules@UModSys@@UBE_NIAAUSImageCellInfo@lib2d@5@@Z 10003240 f i umodsys_lib_libui:umodsys.mod.ui.SDL_GL.obj
 0001:00002240       ?setup_fixed_cell@RMultiImage2D_SDL_ttf@SDL_GL@ui@modules@UModSys@@UAE_NHH@Z 10003240 f i umodsys_lib_libui:umodsys.mod.ui.SDL_GL.obj
 0001:00002240       ?get_cell@RMultiImage2D_SDL_ttf@SDL_core@ui@modules@UModSys@@UBE_NIAAUSImageCellInfo@lib2d@5@@Z 10003240 f i umodsys_lib_libui:umodsys.mod.ui.SDL_core.obj
 0001:00002240       ?set_hint@RMultiImage2D_SDL_ttf@SDL_GL@ui@modules@UModSys@@UAE_NPBD0@Z 10003240 f i umodsys_lib_libui:umodsys.mod.ui.SDL_GL.obj
 0001:00002240       ?set_hint@RMultiImage2D_SDL_ttf@SDL_core@ui@modules@UModSys@@UAE_NPBD0@Z 10003240 f i umodsys_lib_libui:umodsys.mod.ui.SDL_core.obj
 0001:00002250       ?root_get_interface_info@RRenderDriver3D@SDL_GL@ui@modules@UModSys@@UBEABUSUniquePointerInfo@core@5@XZ 10003250 f i umodsys_lib_libui:umodsys.mod.ui.SDL_GL.obj
 0001:00002260       ?root_get_interface_type@RRenderDriver3D@SDL_GL@ui@modules@UModSys@@UBEPBUSUniquePointerInfo@core@5@XZ 10003260 f i umodsys_lib_libui:umodsys.mod.ui.SDL_GL.obj
 0001:00002270       ?root_get_other_interface@RRenderDriver3D@SDL_GL@ui@modules@UModSys@@UAEPAUIRoot@core@5@PBUSUniquePointerInfo@75@@Z 10003270 f i umodsys_lib_libui:umodsys.mod.ui.SDL_GL.obj
 0001:00002270       ?root_get_other_interface@RRenderDriver3D@SDL_GL@ui@modules@UModSys@@UBEPBUIRoot@core@5@PBUSUniquePointerInfo@75@@Z 10003270 f i umodsys_lib_libui:umodsys.mod.ui.SDL_GL.obj
 0001:000022b0       ?root_is_interface_supported@RRenderDriver3D@SDL_GL@ui@modules@UModSys@@UBE_NPBUSUniquePointerInfo@core@5@@Z 100032b0 f i umodsys_lib_libui:umodsys.mod.ui.SDL_GL.obj
 0001:000022f0       ?root_get_interface_info@RTerminalX@SDL_GL@ui@modules@UModSys@@UBEABUSUniquePointerInfo@core@5@XZ 100032f0 f i umodsys_lib_libui:umodsys.mod.ui.SDL_GL.obj
 0001:00002300       ?root_get_interface_type@RTerminalX@SDL_GL@ui@modules@UModSys@@UBEPBUSUniquePointerInfo@core@5@XZ 10003300 f i umodsys_lib_libui:umodsys.mod.ui.SDL_GL.obj
 0001:00002310       ?root_get_other_interface@RTerminalX@SDL_GL@ui@modules@UModSys@@UAEPAUIRoot@core@5@PBUSUniquePointerInfo@75@@Z 10003310 f i umodsys_lib_libui:umodsys.mod.ui.SDL_GL.obj
 0001:00002310       ?root_get_other_interface@RTerminalX@SDL_GL@ui@modules@UModSys@@UBEPBUIRoot@core@5@PBUSUniquePointerInfo@75@@Z 10003310 f i umodsys_lib_libui:umodsys.mod.ui.SDL_GL.obj
 0001:00002340       ?root_is_interface_supported@RTerminalX@SDL_GL@ui@modules@UModSys@@UBE_NPBUSUniquePointerInfo@core@5@@Z 10003340 f i umodsys_lib_libui:umodsys.mod.ui.SDL_GL.obj
 0001:00002380       ?root_get_interface_info@RVertexArray@SDL_GL@ui@modules@UModSys@@UBEABUSUniquePointerInfo@core@5@XZ 10003380 f i umodsys_lib_libui:umodsys.mod.ui.SDL_GL.obj
 0001:00002390       ?root_get_interface_type@RVertexArray@SDL_GL@ui@modules@UModSys@@UBEPBUSUniquePointerInfo@core@5@XZ 10003390 f i umodsys_lib_libui:umodsys.mod.ui.SDL_GL.obj
 0001:000023a0       ?root_get_other_interface@RVertexArray@SDL_GL@ui@modules@UModSys@@UBEPBUIRoot@core@5@PBUSUniquePointerInfo@75@@Z 100033a0 f i umodsys_lib_libui:umodsys.mod.ui.SDL_GL.obj
 0001:000023a0       ?root_get_other_interface@RVertexArray@SDL_GL@ui@modules@UModSys@@UAEPAUIRoot@core@5@PBUSUniquePointerInfo@75@@Z 100033a0 f i umodsys_lib_libui:umodsys.mod.ui.SDL_GL.obj
 0001:000023d0       ?root_is_interface_supported@RVertexArray@SDL_GL@ui@modules@UModSys@@UBE_NPBUSUniquePointerInfo@core@5@@Z 100033d0 f i umodsys_lib_libui:umodsys.mod.ui.SDL_GL.obj
 0001:00002410       ?suicide@RVertexArray@SDL_GL@ui@modules@UModSys@@UAEXXZ 10003410 f i umodsys_lib_libui:umodsys.mod.ui.SDL_GL.obj
 0001:00002410       ?suicide@RDialog@frames@ui@modules@UModSys@@UAEXXZ 10003410 f i umodsys_lib_libui:umodsys.mod.ui.frames.obj
 0001:00002410       ?suicide@RMultiImage2D_SDL_ttf@SDL_core@ui@modules@UModSys@@UAEXXZ 10003410 f i umodsys_lib_libui:umodsys.mod.ui.SDL_core.obj
 0001:00002410       ?suicide@RMultiImage2D_SDL_ttf@SDL_GL@ui@modules@UModSys@@UAEXXZ 10003410 f i umodsys_lib_libui:umodsys.mod.ui.SDL_GL.obj
 0001:00002420       ?get_generated_names@RGenerator@SDL_GL@ui@modules@UModSys@@UBEHAAUSUniquePtrList@core@5@@Z 10003420 f i umodsys_lib_libui:umodsys.mod.ui.SDL_GL.obj
 0001:00002440       ?get_generated_types@RGenerator@SDL_GL@ui@modules@UModSys@@UBEHAAUSUniquePtrList@core@5@PBUSUniquePointerInfo@75@@Z 10003440 f i umodsys_lib_libui:umodsys.mod.ui.SDL_GL.obj
 0001:00002490       ?generate@RGenerator@SDL_GL@ui@modules@UModSys@@UAE_NAAU?$TRefObject@UIRefObject@core@UModSys@@U?$TRefObjectFunc@UIRefObject@core@UModSys@@@tl@3@@tl@5@PBUSUniquePointerInfo@core@5@ABUSParameters@95@@Z 10003490 f i umodsys_lib_libui:umodsys.mod.ui.SDL_GL.obj
 0001:000024c0       ?root_get_interface_info@RGenerator@SDL_GL@ui@modules@UModSys@@UBEABUSUniquePointerInfo@core@5@XZ 100034c0 f i umodsys_lib_libui:umodsys.mod.ui.SDL_GL.obj
 0001:000024d0       ?root_get_interface_type@RGenerator@SDL_GL@ui@modules@UModSys@@UBEPBUSUniquePointerInfo@core@5@XZ 100034d0 f i umodsys_lib_libui:umodsys.mod.ui.SDL_GL.obj
 0001:000024e0       ?root_get_interface_types@RMultiImage2D_SDL_ttf@SDL_core@ui@modules@UModSys@@UBEIAAUSUniquePtrList@core@5@@Z 100034e0 f i umodsys_lib_libui:umodsys.mod.ui.SDL_core.obj
 0001:000024e0       ?root_get_interface_types@RGenerator@SDL_core@ui@modules@UModSys@@UBEIAAUSUniquePtrList@core@5@@Z 100034e0 f i umodsys_lib_libui:umodsys.mod.ui.SDL_core.obj
 0001:000024e0       ?root_get_interface_types@RGenerator@serialize_json@media@modules@UModSys@@UBEIAAUSUniquePtrList@core@5@@Z 100034e0 f i umodsys_lib_libmedia:umodsys.mod.media.serialize_json.obj
 0001:000024e0       ?root_get_interface_types@RImage_Memory@stdlib@lib2d@modules@UModSys@@UBEIAAUSUniquePtrList@core@5@@Z 100034e0 f i umodsys_lib_lib2d:umodsys.mod.2d.stdlib.obj
 0001:000024e0       ?root_get_interface_types@RFrame_List@frames@ui@modules@UModSys@@UBEIAAUSUniquePtrList@core@5@@Z 100034e0 f i umodsys_lib_libui:umodsys.mod.ui.frames.obj
 0001:000024e0       ?root_get_interface_types@RGenerator@zlib@media@modules@UModSys@@UBEIAAUSUniquePtrList@core@5@@Z 100034e0 f i umodsys_lib_libmedia:umodsys.mod.media.zlib.obj
 0001:000024e0       ?root_get_interface_types@RFrame_Edit@frames@ui@modules@UModSys@@UBEIAAUSUniquePtrList@core@5@@Z 100034e0 f i umodsys_lib_libui:umodsys.mod.ui.frames.obj
 0001:000024e0       ?root_get_interface_types@RSerializeWriter@serialize_json@media@modules@UModSys@@UBEIAAUSUniquePtrList@core@5@@Z 100034e0 f i umodsys_lib_libmedia:umodsys.mod.media.serialize_json.obj
 0001:000024e0       ?root_get_interface_types@RSerializeReader@serialize_json@media@modules@UModSys@@UBEIAAUSUniquePtrList@core@5@@Z 100034e0 f i umodsys_lib_libmedia:umodsys.mod.media.serialize_json.obj
 0001:000024e0       ?root_get_interface_types@RFrame_Text@frames@ui@modules@UModSys@@UBEIAAUSUniquePtrList@core@5@@Z 100034e0 f i umodsys_lib_libui:umodsys.mod.ui.frames.obj
 0001:000024e0       ?root_get_interface_types@RGenerator@frames@ui@modules@UModSys@@UBEIAAUSUniquePtrList@core@5@@Z 100034e0 f i umodsys_lib_libui:umodsys.mod.ui.frames.obj
 0001:000024e0       ?root_get_interface_types@RGenerator@images_std@media@modules@UModSys@@UBEIAAUSUniquePtrList@core@5@@Z 100034e0 f i umodsys_lib_libmedia:umodsys.mod.media.images_std.obj
 0001:000024e0       ?root_get_interface_types@RRenderDriver2D@SDL_core@ui@modules@UModSys@@UBEIAAUSUniquePtrList@core@5@@Z 100034e0 f i umodsys_lib_libui:umodsys.mod.ui.SDL_core.obj
 0001:000024e0       ?root_get_interface_types@RBinArchiveFrameClient_ZIP@zlib@media@modules@UModSys@@UBEIAAUSUniquePtrList@core@5@@Z 100034e0 f i umodsys_lib_libmedia:umodsys.mod.media.zlib.obj
 0001:000024e0       ?root_get_interface_types@RTerminal@SDL_core@ui@modules@UModSys@@UBEIAAUSUniquePtrList@core@5@@Z 100034e0 f i umodsys_lib_libui:umodsys.mod.ui.SDL_core.obj
 0001:000024e0       ?root_get_interface_types@RMultiImage2D_SDL_ttf@SDL_GL@ui@modules@UModSys@@UBEIAAUSUniquePtrList@core@5@@Z 100034e0 f i umodsys_lib_libui:umodsys.mod.ui.SDL_GL.obj
 0001:000024e0       ?root_get_interface_types@RFrame_Image@frames@ui@modules@UModSys@@UBEIAAUSUniquePtrList@core@5@@Z 100034e0 f i umodsys_lib_libui:umodsys.mod.ui.frames.obj
 0001:000024e0       ?root_get_interface_types@RMultiImage@stdlib@lib2d@modules@UModSys@@UBEIAAUSUniquePtrList@core@5@@Z 100034e0 f i umodsys_lib_lib2d:umodsys.mod.2d.stdlib.obj
 0001:000024e0       ?root_get_interface_types@RVertexArray@SDL_GL@ui@modules@UModSys@@UBEIAAUSUniquePtrList@core@5@@Z 100034e0 f i umodsys_lib_libui:umodsys.mod.ui.SDL_GL.obj
 0001:000024e0       ?root_get_interface_types@RMediaFilter@images_std@media@modules@UModSys@@UBEIAAUSUniquePtrList@core@5@@Z 100034e0 f i umodsys_lib_libmedia:umodsys.mod.media.images_std.obj
 0001:000024e0       ?root_get_interface_types@RTest1_Shell@test1@test@modules@UModSys@@UBEIAAUSUniquePtrList@core@5@@Z 100034e0 f i plugin_test1.obj
 0001:000024e0       ?root_get_interface_types@RMouseController@SDL_core@ui@modules@UModSys@@UBEIAAUSUniquePtrList@core@5@@Z 100034e0 f i umodsys_lib_libui:umodsys.mod.ui.SDL_core.obj
 0001:000024e0       ?root_get_interface_types@RMouseController@SDL_GL@ui@modules@UModSys@@UBEIAAUSUniquePtrList@core@5@@Z 100034e0 f i umodsys_lib_libui:umodsys.mod.ui.SDL_GL.obj
 0001:000024e0       ?root_get_interface_types@RFrame_Button@frames@ui@modules@UModSys@@UBEIAAUSUniquePtrList@core@5@@Z 100034e0 f i umodsys_lib_libui:umodsys.mod.ui.frames.obj
 0001:000024e0       ?root_get_interface_types@RCollector@frames@ui@modules@UModSys@@UBEIAAUSUniquePtrList@core@5@@Z 100034e0 f i umodsys_lib_libui:umodsys.mod.ui.frames.obj
 0001:000024e0       ?root_get_interface_types@RGenerator@stdlib@lib2d@modules@UModSys@@UBEIAAUSUniquePtrList@core@5@@Z 100034e0 f i umodsys_lib_lib2d:umodsys.mod.2d.stdlib.obj
 0001:000024e0       ?root_get_interface_types@RTerminal@SDL_GL@ui@modules@UModSys@@UBEIAAUSUniquePtrList@core@5@@Z 100034e0 f i umodsys_lib_libui:umodsys.mod.ui.SDL_GL.obj
 0001:000024e0       ?root_get_interface_types@RKeyboardController@SDL_GL@ui@modules@UModSys@@UBEIAAUSUniquePtrList@core@5@@Z 100034e0 f i umodsys_lib_libui:umodsys.mod.ui.SDL_GL.obj
 0001:000024e0       ?root_get_interface_types@RKeyboardController@SDL_core@ui@modules@UModSys@@UBEIAAUSUniquePtrList@core@5@@Z 100034e0 f i umodsys_lib_libui:umodsys.mod.ui.SDL_core.obj
 0001:000024e0       ?root_get_interface_types@RGenerator@SDL_GL@ui@modules@UModSys@@UBEIAAUSUniquePtrList@core@5@@Z 100034e0 f i umodsys_lib_libui:umodsys.mod.ui.SDL_GL.obj
 0001:000024e0       ?root_get_interface_types@RTerminalX@SDL_core@ui@modules@UModSys@@UBEIAAUSUniquePtrList@core@5@@Z 100034e0 f i umodsys_lib_libui:umodsys.mod.ui.SDL_core.obj
 0001:000024e0       ?root_get_interface_types@RTerminalX@SDL_GL@ui@modules@UModSys@@UBEIAAUSUniquePtrList@core@5@@Z 100034e0 f i umodsys_lib_libui:umodsys.mod.ui.SDL_GL.obj
 0001:000024e0       ?root_get_interface_types@RFrame_Frame@frames@ui@modules@UModSys@@UBEIAAUSUniquePtrList@core@5@@Z 100034e0 f i umodsys_lib_libui:umodsys.mod.ui.frames.obj
 0001:000024e0       ?root_get_interface_types@RImageFactory_Memory@stdlib@lib2d@modules@UModSys@@UBEIAAUSUniquePtrList@core@5@@Z 100034e0 f i umodsys_lib_lib2d:umodsys.mod.2d.stdlib.obj
 0001:000024e0       ?root_get_interface_types@RGenerator@test1@test@modules@UModSys@@UBEIAAUSUniquePtrList@core@5@@Z 100034e0 f i plugin_test1.obj
 0001:000024e0       ?root_get_interface_types@RDialog@frames@ui@modules@UModSys@@UBEIAAUSUniquePtrList@core@5@@Z 100034e0 f i umodsys_lib_libui:umodsys.mod.ui.frames.obj
 0001:000024e0       ?root_get_interface_types@RRenderDriver3D@SDL_GL@ui@modules@UModSys@@UBEIAAUSUniquePtrList@core@5@@Z 100034e0 f i umodsys_lib_libui:umodsys.mod.ui.SDL_GL.obj
 0001:000024f0       ?root_get_other_interface@RGenerator@SDL_GL@ui@modules@UModSys@@UAEPAUIRoot@core@5@PBUSUniquePointerInfo@75@@Z 100034f0 f i umodsys_lib_libui:umodsys.mod.ui.SDL_GL.obj
 0001:000024f0       ?root_get_other_interface@RGenerator@SDL_GL@ui@modules@UModSys@@UBEPBUIRoot@core@5@PBUSUniquePointerInfo@75@@Z 100034f0 f i umodsys_lib_libui:umodsys.mod.ui.SDL_GL.obj
 0001:00002530       ?root_is_interface_supported@RGenerator@SDL_GL@ui@modules@UModSys@@UBE_NPBUSUniquePointerInfo@core@5@@Z 10003530 f i umodsys_lib_libui:umodsys.mod.ui.SDL_GL.obj
 0001:00002570       ?suicide@RGenerator@stdlib@lib2d@modules@UModSys@@UAEXXZ 10003570 f i umodsys_lib_lib2d:umodsys.mod.2d.stdlib.obj
 0001:00002570       ?suicide@RGenerator@serialize_json@media@modules@UModSys@@UAEXXZ 10003570 f i umodsys_lib_libmedia:umodsys.mod.media.serialize_json.obj
 0001:00002570       ?suicide@RGenerator@SDL_core@ui@modules@UModSys@@UAEXXZ 10003570 f i umodsys_lib_libui:umodsys.mod.ui.SDL_core.obj
 0001:00002570       ?suicide@RGenerator@images_std@media@modules@UModSys@@UAEXXZ 10003570 f i umodsys_lib_libmedia:umodsys.mod.media.images_std.obj
 0001:00002570       ?suicide@RGenerator@zlib@media@modules@UModSys@@UAEXXZ 10003570 f i umodsys_lib_libmedia:umodsys.mod.media.zlib.obj
 0001:00002570       ?suicide@RGenerator@SDL_GL@ui@modules@UModSys@@UAEXXZ 10003570 f i umodsys_lib_libui:umodsys.mod.ui.SDL_GL.obj
 0001:00002570       ?suicide@RGenerator@test1@test@modules@UModSys@@UAEXXZ 10003570 f i plugin_test1.obj
 0001:00002570       ?suicide@RGenerator@frames@ui@modules@UModSys@@UAEXXZ 10003570 f i umodsys_lib_libui:umodsys.mod.ui.frames.obj
 0001:00002570       ??3@YAXPAX0@Z              10003570 f i plugin_test1.obj
 0001:00002580       ?get_uid@RGenerator@SDL_GL@ui@modules@UModSys@@UBEPBUSUniquePointerInfo@core@5@XZ 10003580 f i umodsys_lib_libui:umodsys.mod.ui.SDL_GL.obj
 0001:00002590       ??_GRKeyboardController@SDL_GL@ui@modules@UModSys@@UAEPAXI@Z 10003590 f i umodsys_lib_libui:umodsys.mod.ui.SDL_GL.obj
 0001:00002590       ??_ERKeyboardController@SDL_GL@ui@modules@UModSys@@UAEPAXI@Z 10003590 f i  CIL library: CIL module
 0001:000025b0       ??_GRMouseController@SDL_GL@ui@modules@UModSys@@UAEPAXI@Z 100035b0 f i umodsys_lib_libui:umodsys.mod.ui.SDL_GL.obj
 0001:000025b0       ??_ERMouseController@SDL_GL@ui@modules@UModSys@@UAEPAXI@Z 100035b0 f i  CIL library: CIL module
 0001:000025d0       ??_ERTerminal@SDL_GL@ui@modules@UModSys@@UAEPAXI@Z 100035d0 f i  CIL library: CIL module
 0001:000025d0       ??_GRTerminal@SDL_GL@ui@modules@UModSys@@UAEPAXI@Z 100035d0 f i umodsys_lib_libui:umodsys.mod.ui.SDL_GL.obj
 0001:000025f0       ??_GRMultiImage2D_SDL_ttf@SDL_GL@ui@modules@UModSys@@UAEPAXI@Z 100035f0 f i umodsys_lib_libui:umodsys.mod.ui.SDL_GL.obj
 0001:000025f0       ??_ERMultiImage2D_SDL_ttf@SDL_GL@ui@modules@UModSys@@UAEPAXI@Z 100035f0 f i  CIL library: CIL module
 0001:00002610       ?set_flags@SGLFuncs@SDL_GL@ui@modules@UModSys@@QBEXPBUTextureInfo@12345@ABUSRenderMapFlags@lib3d@5@@Z 10003610 f i umodsys_lib_libui:umodsys.mod.ui.SDL_GL.obj
 0001:00002670       ??_GRRenderDriver3D@SDL_GL@ui@modules@UModSys@@UAEPAXI@Z 10003670 f i umodsys_lib_libui:umodsys.mod.ui.SDL_GL.obj
 0001:00002670       ??_ERRenderDriver3D@SDL_GL@ui@modules@UModSys@@UAEPAXI@Z 10003670 f i  CIL library: CIL module
 0001:00002690       ??1IImageFactory@lib2d@UModSys@@UAE@XZ 10003690 f i umodsys_lib_lib2d:umodsys.mod.2d.stdlib.obj
 0001:00002690       ??1IMultiImage@lib2d@UModSys@@UAE@XZ 10003690 f i umodsys_lib_lib2d:umodsys.mod.2d.stdlib.obj
 0001:00002690       ??1IVertexArray@lib3d@UModSys@@UAE@XZ 10003690 f i umodsys_lib_libui:umodsys.mod.ui.SDL_GL.obj
 0001:00002690       ??1IKeyboardController@libui@UModSys@@UAE@XZ 10003690 f i umodsys_lib_libui:umodsys.mod.ui.SDL_GL.obj
 0001:00002690       ??1ISerializeWriter@libmedia@UModSys@@UAE@XZ 10003690 f i umodsys_lib_libmedia:umodsys.mod.media.serialize_json.obj
 0001:00002690       ??1IMouseController@libui@UModSys@@UAE@XZ 10003690 f i umodsys_lib_libui:umodsys.mod.ui.SDL_GL.obj
 0001:00002690       ??1ITerminal@libui@UModSys@@UAE@XZ 10003690 f i umodsys_lib_libui:umodsys.mod.ui.SDL_GL.obj
 0001:00002690       ??1IRenderDriver@lib2d@UModSys@@UAE@XZ 10003690 f i umodsys_lib_libui:umodsys.mod.ui.SDL_GL.obj
 0001:00002690       ??1ICollector@libui@UModSys@@UAE@XZ 10003690 f i umodsys_lib_libui:umodsys.mod.ui.frames.obj
 0001:00002690       ??1IShell@base@UModSys@@UAE@XZ 10003690 f i plugin_test1.obj
 0001:00002690       ??1ISerializeReader@libmedia@UModSys@@UAE@XZ 10003690 f i umodsys_lib_libmedia:umodsys.mod.media.serialize_json.obj
 0001:00002690       ??1IRenderDriver@lib3d@UModSys@@UAE@XZ 10003690 f i umodsys_lib_libui:umodsys.mod.ui.SDL_GL.obj
 0001:00002690       ??1IImage@lib2d@UModSys@@UAE@XZ 10003690 f i umodsys_lib_lib2d:umodsys.mod.2d.stdlib.obj
 0001:00002690       ??1IDialog@libui@UModSys@@UAE@XZ 10003690 f i umodsys_lib_libui:umodsys.mod.ui.frames.obj
 0001:00002690       ??1IClient@IBinArchiveFrame@libmedia@UModSys@@UAE@XZ 10003690 f i umodsys_lib_libmedia:umodsys.mod.media.zlib.obj
 0001:00002690       ??1IFrame@libui@UModSys@@UAE@XZ 10003690 f i umodsys_lib_libui:umodsys.mod.ui.frames.obj
 0001:000026a0       ??_ERVertexArray@SDL_GL@ui@modules@UModSys@@UAEPAXI@Z 100036a0 f i  CIL library: CIL module
 0001:000026a0       ??_GRVertexArray@SDL_GL@ui@modules@UModSys@@UAEPAXI@Z 100036a0 f i umodsys_lib_libui:umodsys.mod.ui.SDL_GL.obj
 0001:000026c0       ??_GRTerminalX@SDL_GL@ui@modules@UModSys@@UAEPAXI@Z 100036c0 f i umodsys_lib_libui:umodsys.mod.ui.SDL_GL.obj
 0001:000026c0       ??_ERTerminalX@SDL_GL@ui@modules@UModSys@@UAEPAXI@Z 100036c0 f i  CIL library: CIL module
 0001:000026e0       ?do_open@RModuleReg@SDL_GL@ui@modules@UModSys@@UAE_NXZ 100036e0 f i umodsys_lib_libui:umodsys.mod.ui.SDL_GL.obj
 0001:000026f0       ?do_close@RModuleReg@SDL_GL@ui@modules@UModSys@@UAE_NXZ 100036f0 f i umodsys_lib_libui:umodsys.mod.ui.SDL_GL.obj
 0001:00002700       ??_GRModuleReg@SDL_GL@ui@modules@UModSys@@UAEPAXI@Z 10003700 f i umodsys_lib_libui:umodsys.mod.ui.SDL_GL.obj
 0001:00002700       ??_ERModuleReg@SDL_GL@ui@modules@UModSys@@UAEPAXI@Z 10003700 f i  CIL library: CIL module
 0001:00002730       ??1?$TScatterArray@UGlyph@RMultiImage2D_SDL_ttf@SDL_GL@ui@modules@UModSys@@HU?$TScalarCompare@H@core@6@U?$TNodeDeleter0@U?$TScatterArrayNode@UGlyph@RMultiImage2D_SDL_ttf@SDL_GL@ui@modules@UModSys@@H@tl@UModSys@@@tl@6@@tl@UModSys@@QAE@XZ 10003730 f i umodsys_lib_libui:umodsys.mod.ui.SDL_GL.obj
 0001:00002780       ??1?$TDynarrayDynamic@USLayInfo@RVertexArray@SDL_GL@ui@modules@UModSys@@U?$TAllocator@USIMemAlloc@core@UModSys@@USCountCalcExact@23@@tl@6@@tl@UModSys@@QAE@XZ 10003780 f i umodsys_lib_libui:umodsys.mod.ui.SDL_GL.obj
 0001:000027b0       ?Resize@?$TDynarray@U?$TDynarrayHolderDynamic@USLayInfo@RVertexArray@SDL_GL@ui@modules@UModSys@@U?$TAllocator@USIMemAlloc@core@UModSys@@USCountCalcExact@23@@tl@6@@tl@UModSys@@@tl@UModSys@@QAE_NI@Z 100037b0 f i umodsys_lib_libui:umodsys.mod.ui.SDL_GL.obj
 0001:00002800       ?remove_node@?$TTreeHoldRB@U?$TScatterArrayNode@U?$TRefObjectComposite@UIKeyboardClient@libui@UModSys@@UIRefObject@core@3@U?$TRefObjectFunc@UIRefObject@core@UModSys@@@tl@3@@tl@UModSys@@H@tl@UModSys@@@tl@UModSys@@QAEXPAU?$TScatterArrayNode@U?$TRefObjectComposite@UIKeyboardClient@libui@UModSys@@UIRefObject@core@3@U?$TRefObjectFunc@UIRefObject@core@UModSys@@@tl@3@@tl@UModSys@@H@23@@Z 10003800 f i umodsys_lib_libui:umodsys.mod.ui.SDL_GL.obj
 0001:00002800       ?remove_node@?$TTreeHoldRB@U?$TScatterArrayNode@U?$TRefObjectCompositeExtra@UIMouseClient@libui@UModSys@@HUIRefObject@core@3@U?$TRefObjectFunc@UIRefObject@core@UModSys@@@tl@3@@tl@UModSys@@H@tl@UModSys@@@tl@UModSys@@QAEXPAU?$TScatterArrayNode@U?$TRefObjectCompositeExtra@UIMouseClient@libui@UModSys@@HUIRefObject@core@3@U?$TRefObjectFunc@UIRefObject@core@UModSys@@@tl@3@@tl@UModSys@@H@23@@Z 10003800 f i umodsys_lib_libui:umodsys.mod.ui.SDL_GL.obj
 0001:000028f0       ?Free@?$TDynarray@U?$TDynarrayHolderDynamic@USLayInfo@RVertexArray@SDL_GL@ui@modules@UModSys@@U?$TAllocator@USIMemAlloc@core@UModSys@@USCountCalcExact@23@@tl@6@@tl@UModSys@@@tl@UModSys@@QAE_NXZ 100038f0 f i umodsys_lib_libui:umodsys.mod.ui.SDL_GL.obj
 0001:00002960       ??1?$TPair@HU?$TRefObjectCompositeExtra@UIMouseClient@libui@UModSys@@HUIRefObject@core@3@U?$TRefObjectFunc@UIRefObject@core@UModSys@@@tl@3@@tl@UModSys@@@tl@UModSys@@QAE@XZ 10003960 f i umodsys_lib_libui:umodsys.mod.ui.SDL_GL.obj
 0001:00002960       ??1?$TPair@HU?$TRefObjectComposite@UIKeyboardClient@libui@UModSys@@UIRefObject@core@3@U?$TRefObjectFunc@UIRefObject@core@UModSys@@@tl@3@@tl@UModSys@@@tl@UModSys@@QAE@XZ 10003960 f i umodsys_lib_libui:umodsys.mod.ui.SDL_GL.obj
 0001:00002970       ??$slen@H@su@tl@UModSys@@YAIPBH@Z 10003970 f i umodsys_lib_libui:umodsys.mod.ui.SDL_GL.obj
 0001:00002990       ?ref_weak@?$TRefObjectLinksComposite@URMouseController@SDL_core@ui@modules@UModSys@@URTerminal@2345@@tl@UModSys@@QBE_NPAURMouseController@SDL_core@ui@modules@3@AAUWeakPointer@IRefObject@core@3@@Z 10003990 f i umodsys_lib_libui:umodsys.mod.ui.SDL_core.obj
 0001:00002990       ?ref_weak@?$TRefObjectLinksComposite@URKeyboardController@SDL_GL@ui@modules@UModSys@@URTerminal@2345@@tl@UModSys@@QBE_NPAURKeyboardController@SDL_GL@ui@modules@3@AAUWeakPointer@IRefObject@core@3@@Z 10003990 f i umodsys_lib_libui:umodsys.mod.ui.SDL_GL.obj
 0001:00002990       ?ref_weak@?$TRefObjectLinksComposite@URRenderDriver3D@SDL_GL@ui@modules@UModSys@@URTerminalX@2345@@tl@UModSys@@QBE_NPAURRenderDriver3D@SDL_GL@ui@modules@3@AAUWeakPointer@IRefObject@core@3@@Z 10003990 f i umodsys_lib_libui:umodsys.mod.ui.SDL_GL.obj
 0001:00002990       ?ref_weak@?$TRefObjectLinksComposite@URRenderDriver2D@SDL_core@ui@modules@UModSys@@URTerminalX@2345@@tl@UModSys@@QBE_NPAURRenderDriver2D@SDL_core@ui@modules@3@AAUWeakPointer@IRefObject@core@3@@Z 10003990 f i umodsys_lib_libui:umodsys.mod.ui.SDL_core.obj
 0001:00002990       ?ref_weak@?$TRefObjectLinksComposite@URKeyboardController@SDL_core@ui@modules@UModSys@@URTerminal@2345@@tl@UModSys@@QBE_NPAURKeyboardController@SDL_core@ui@modules@3@AAUWeakPointer@IRefObject@core@3@@Z 10003990 f i umodsys_lib_libui:umodsys.mod.ui.SDL_core.obj
 0001:00002990       ?ref_weak@?$TRefObjectLinksComposite@URMouseController@SDL_GL@ui@modules@UModSys@@URTerminal@2345@@tl@UModSys@@QBE_NPAURMouseController@SDL_GL@ui@modules@3@AAUWeakPointer@IRefObject@core@3@@Z 10003990 f i umodsys_lib_libui:umodsys.mod.ui.SDL_GL.obj
 0001:000029b0       ?remove_color@?$TTreeHoldRB@U?$TScatterArrayNode@U?$TRefObjectComposite@UIKeyboardClient@libui@UModSys@@UIRefObject@core@3@U?$TRefObjectFunc@UIRefObject@core@UModSys@@@tl@3@@tl@UModSys@@H@tl@UModSys@@@tl@UModSys@@IAEXPAU?$TScatterArrayNode@U?$TRefObjectComposite@UIKeyboardClient@libui@UModSys@@UIRefObject@core@3@U?$TRefObjectFunc@UIRefObject@core@UModSys@@@tl@3@@tl@UModSys@@H@23@0@Z 100039b0 f i umodsys_lib_libui:umodsys.mod.ui.SDL_GL.obj
 0001:000029b0       ?remove_color@?$TTreeHoldRB@U?$TScatterArrayNode@U?$TRefObjectCompositeExtra@UIMouseClient@libui@UModSys@@HUIRefObject@core@3@U?$TRefObjectFunc@UIRefObject@core@UModSys@@@tl@3@@tl@UModSys@@H@tl@UModSys@@@tl@UModSys@@IAEXPAU?$TScatterArrayNode@U?$TRefObjectCompositeExtra@UIMouseClient@libui@UModSys@@HUIRefObject@core@3@U?$TRefObjectFunc@UIRefObject@core@UModSys@@@tl@3@@tl@UModSys@@H@23@0@Z 100039b0 f i umodsys_lib_libui:umodsys.mod.ui.SDL_GL.obj
 0001:00002b30       ??$t_gen_param@URTerminalX@SDL_GL@ui@modules@UModSys@@URGenerator@2345@@IGenerator@base@UModSys@@IAE_NPAURGenerator@SDL_GL@ui@modules@2@AAU?$TRefObject@UIRefObject@core@UModSys@@U?$TRefObjectFunc@UIRefObject@core@UModSys@@@tl@3@@tl@2@PBUSUniquePointerInfo@core@2@ABUSParameters@core@2@@Z 10003b30 f i umodsys_lib_libui:umodsys.mod.ui.SDL_GL.obj
 0001:00002bb0       ??$ValidateConstruction@UIMultiImage@lib2d@UModSys@@URMultiImage2D_SDL_ttf@SDL_GL@ui@modules@3@@core@UModSys@@YA_NAAU?$TRefObject@UIMultiImage@lib2d@UModSys@@U?$TRefObjectFunc@UIMultiImage@lib2d@UModSys@@@tl@3@@tl@1@PAURMultiImage2D_SDL_ttf@SDL_GL@ui@modules@1@@Z 10003bb0 f i umodsys_lib_libui:umodsys.mod.ui.SDL_GL.obj
 0001:00002bb0       ??$ValidateConstruction@UIMultiImage@lib2d@UModSys@@URMultiImage2D_SDL_ttf@SDL_core@ui@modules@3@@core@UModSys@@YA_NAAU?$TRefObject@UIMultiImage@lib2d@UModSys@@U?$TRefObjectFunc@UIMultiImage@lib2d@UModSys@@@tl@3@@tl@1@PAURMultiImage2D_SDL_ttf@SDL_core@ui@modules@1@@Z 10003bb0 f i umodsys_lib_libui:umodsys.mod.ui.SDL_core.obj
 0001:00002c40       ??$t_ref_get_other_interface@URMultiImage2D_SDL_ttf@SDL_GL@ui@modules@UModSys@@U?$TRefObjectWeakFunc@URMultiImage2D_SDL_ttf@SDL_GL@ui@modules@UModSys@@@tl@5@@IRefObject@core@UModSys@@QAE_NAAU?$TRefObject@URMultiImage2D_SDL_ttf@SDL_GL@ui@modules@UModSys@@U?$TRefObjectWeakFunc@URMultiImage2D_SDL_ttf@SDL_GL@ui@modules@UModSys@@@tl@5@@tl@2@@Z 10003c40 f i umodsys_lib_libui:umodsys.mod.ui.SDL_GL.obj
 0001:00002ca0       ??$genx_node@UCmp@?$TScatterArray@U?$TRefObjectComposite@UIKeyboardClient@libui@UModSys@@UIRefObject@core@3@U?$TRefObjectFunc@UIRefObject@core@UModSys@@@tl@3@@tl@UModSys@@HU?$TScalarCompare@H@core@3@U?$TNodeDeleter0@U?$TScatterArrayNode@U?$TRefObjectComposite@UIKeyboardClient@libui@UModSys@@UIRefObject@core@3@U?$TRefObjectFunc@UIRefObject@core@UModSys@@@tl@3@@tl@UModSys@@H@tl@UModSys@@@23@@tl@UModSys@@UGen0@234@@?$TTreeHoldRBD@U?$TScatterArrayNode@U?$TRefObjectComposite@UIKeyboardClient@libui@UModSys@@UIRefObject@core@3@U?$TRefObjectFunc@UIRefObject@core@UModSys@@@tl@3@@tl@UModSys@@H@tl@UModSys@@U?$TNodeDeleter0@U?$TScatterArrayNode@U?$TRefObjectComposite@UIKeyboardClient@libui@UModSys@@UIRefObject@core@3@U?$TRefObjectFunc@UIRefObject@core@UModSys@@@tl@3@@tl@UModSys@@H@tl@UModSys@@@23@@tl@UModSys@@QAEPAU?$TScatterArrayNode@U?$TRefObjectComposite@UIKeyboardClient@libui@UModSys@@UIRefObject@core@3@U?$TRefObjectFunc@UIRefObject@core@UModSys@@@tl@3@@tl@UModSys@@H@12@UCmp@?$TScatterArray@U?$TRefObjectComposite@UIKeyboardClient@libui@UModSys@@UIRefObject@core@3@U?$TRefObjectFunc@UIRefObject@core@UModSys@@@tl@3@@tl@UModSys@@HU?$TScalarCompare@H@core@3@U?$TNodeDeleter0@U?$TScatterArrayNode@U?$TRefObjectComposite@UIKeyboardClient@libui@UModSys@@UIRefObject@core@3@U?$TRefObjectFunc@UIRefObject@core@UModSys@@@tl@3@@tl@UModSys@@H@tl@UModSys@@@23@@12@ABUGen0@512@PAPAU312@2_N@Z 10003ca0 f i umodsys_lib_libui:umodsys.mod.ui.SDL_GL.obj
 0001:00002d10       ??$genx_node@UCmp@?$TScatterArray@U?$TRefObjectCompositeExtra@UIMouseClient@libui@UModSys@@HUIRefObject@core@3@U?$TRefObjectFunc@UIRefObject@core@UModSys@@@tl@3@@tl@UModSys@@HU?$TScalarCompare@H@core@3@U?$TNodeDeleter0@U?$TScatterArrayNode@U?$TRefObjectCompositeExtra@UIMouseClient@libui@UModSys@@HUIRefObject@core@3@U?$TRefObjectFunc@UIRefObject@core@UModSys@@@tl@3@@tl@UModSys@@H@tl@UModSys@@@23@@tl@UModSys@@UGen0@234@@?$TTreeHoldRBD@U?$TScatterArrayNode@U?$TRefObjectCompositeExtra@UIMouseClient@libui@UModSys@@HUIRefObject@core@3@U?$TRefObjectFunc@UIRefObject@core@UModSys@@@tl@3@@tl@UModSys@@H@tl@UModSys@@U?$TNodeDeleter0@U?$TScatterArrayNode@U?$TRefObjectCompositeExtra@UIMouseClient@libui@UModSys@@HUIRefObject@core@3@U?$TRefObjectFunc@UIRefObject@core@UModSys@@@tl@3@@tl@UModSys@@H@tl@UModSys@@@23@@tl@UModSys@@QAEPAU?$TScatterArrayNode@U?$TRefObjectCompositeExtra@UIMouseClient@libui@UModSys@@HUIRefObject@core@3@U?$TRefObjectFunc@UIRefObject@core@UModSys@@@tl@3@@tl@UModSys@@H@12@UCmp@?$TScatterArray@U?$TRefObjectCompositeExtra@UIMouseClient@libui@UModSys@@HUIRefObject@core@3@U?$TRefObjectFunc@UIRefObject@core@UModSys@@@tl@3@@tl@UModSys@@HU?$TScalarCompare@H@core@3@U?$TNodeDeleter0@U?$TScatterArrayNode@U?$TRefObjectCompositeExtra@UIMouseClient@libui@UModSys@@HUIRefObject@core@3@U?$TRefObjectFunc@UIRefObject@core@UModSys@@@tl@3@@tl@UModSys@@H@tl@UModSys@@@23@@12@ABUGen0@512@PAPAU312@2_N@Z 10003d10 f i umodsys_lib_libui:umodsys.mod.ui.SDL_GL.obj
 0001:00002d80       ??$genx_node@UCmp@?$TScatterArray@UGlyph@RMultiImage2D_SDL_ttf@SDL_GL@ui@modules@UModSys@@HU?$TScalarCompare@H@core@6@U?$TNodeDeleter0@U?$TScatterArrayNode@UGlyph@RMultiImage2D_SDL_ttf@SDL_GL@ui@modules@UModSys@@H@tl@UModSys@@@tl@6@@tl@UModSys@@UGen0@234@@?$TTreeHoldRBD@U?$TScatterArrayNode@UGlyph@RMultiImage2D_SDL_ttf@SDL_GL@ui@modules@UModSys@@H@tl@UModSys@@U?$TNodeDeleter0@U?$TScatterArrayNode@UGlyph@RMultiImage2D_SDL_ttf@SDL_GL@ui@modules@UModSys@@H@tl@UModSys@@@23@@tl@UModSys@@QAEPAU?$TScatterArrayNode@UGlyph@RMultiImage2D_SDL_ttf@SDL_GL@ui@modules@UModSys@@H@12@UCmp@?$TScatterArray@UGlyph@RMultiImage2D_SDL_ttf@SDL_GL@ui@modules@UModSys@@HU?$TScalarCompare@H@core@6@U?$TNodeDeleter0@U?$TScatterArrayNode@UGlyph@RMultiImage2D_SDL_ttf@SDL_GL@ui@modules@UModSys@@H@tl@UModSys@@@tl@6@@12@ABUGen0@512@PAPAU312@2_N@Z 10003d80 f i umodsys_lib_libui:umodsys.mod.ui.SDL_GL.obj
 0001:00002df0       ?sub_insert_node@?$TTreeHoldRB@U?$TScatterArrayNode@U?$TRefObjectComposite@UIKeyboardClient@libui@UModSys@@UIRefObject@core@3@U?$TRefObjectFunc@UIRefObject@core@UModSys@@@tl@3@@tl@UModSys@@H@tl@UModSys@@@tl@UModSys@@QAEXPAU?$TScatterArrayNode@U?$TRefObjectComposite@UIKeyboardClient@libui@UModSys@@UIRefObject@core@3@U?$TRefObjectFunc@UIRefObject@core@UModSys@@@tl@3@@tl@UModSys@@H@23@0H@Z 10003df0 f i umodsys_lib_libui:umodsys.mod.ui.SDL_GL.obj
 0001:00002df0       ?sub_insert_node@?$TTreeHoldRB@U?$TScatterArrayNode@U?$TVector2@M@math3d@UModSys@@H@tl@UModSys@@@tl@UModSys@@QAEXPAU?$TScatterArrayNode@U?$TVector2@M@math3d@UModSys@@H@23@0H@Z 10003df0 f i umodsys_lib_libui:umodsys.mod.ui.frames.obj
 0001:00002df0       ?sub_insert_node@?$TTreeHoldRB@U?$TScatterArrayNode@UGlyph@RMultiImage2D_SDL_ttf@SDL_GL@ui@modules@UModSys@@H@tl@UModSys@@@tl@UModSys@@QAEXPAU?$TScatterArrayNode@UGlyph@RMultiImage2D_SDL_ttf@SDL_GL@ui@modules@UModSys@@H@23@0H@Z 10003df0 f i umodsys_lib_libui:umodsys.mod.ui.SDL_GL.obj
 0001:00002df0       ?sub_insert_node@?$TTreeHoldRB@U?$TScatterArrayNode@U?$TRefObjectCompositeExtra@UIMouseClient@libui@UModSys@@HUIRefObject@core@3@U?$TRefObjectFunc@UIRefObject@core@UModSys@@@tl@3@@tl@UModSys@@H@tl@UModSys@@@tl@UModSys@@QAEXPAU?$TScatterArrayNode@U?$TRefObjectCompositeExtra@UIMouseClient@libui@UModSys@@HUIRefObject@core@3@U?$TRefObjectFunc@UIRefObject@core@UModSys@@@tl@3@@tl@UModSys@@H@23@0H@Z 10003df0 f i umodsys_lib_libui:umodsys.mod.ui.SDL_GL.obj
 0001:00002df0       ?sub_insert_node@?$TTreeHoldRB@U?$TScatterArrayNode@UGlyph@RMultiImage2D_SDL_ttf@SDL_core@ui@modules@UModSys@@H@tl@UModSys@@@tl@UModSys@@QAEXPAU?$TScatterArrayNode@UGlyph@RMultiImage2D_SDL_ttf@SDL_core@ui@modules@UModSys@@H@23@0H@Z 10003df0 f i umodsys_lib_libui:umodsys.mod.ui.SDL_core.obj
 0001:00002df0       ?sub_insert_node@?$TTreeHoldRB@U?$TScatterArrayNode@U?$TVector4@M@math3d@UModSys@@H@tl@UModSys@@@tl@UModSys@@QAEXPAU?$TScatterArrayNode@U?$TVector4@M@math3d@UModSys@@H@23@0H@Z 10003df0 f i umodsys_lib_libui:umodsys.mod.ui.frames.obj
 0001:00002df0       ?sub_insert_node@?$TTreeHoldRB@U?$TScatterArrayNode@HH@tl@UModSys@@@tl@UModSys@@QAEXPAU?$TScatterArrayNode@HH@23@0H@Z 10003df0 f i umodsys_lib_libui:umodsys.mod.ui.frames.obj
 0001:00002e60       ?rotate_left@?$TTreeHoldRB@U?$TScatterArrayNode@U?$TRefObjectComposite@UIKeyboardClient@libui@UModSys@@UIRefObject@core@3@U?$TRefObjectFunc@UIRefObject@core@UModSys@@@tl@3@@tl@UModSys@@H@tl@UModSys@@@tl@UModSys@@IAEXPAU?$TScatterArrayNode@U?$TRefObjectComposite@UIKeyboardClient@libui@UModSys@@UIRefObject@core@3@U?$TRefObjectFunc@UIRefObject@core@UModSys@@@tl@3@@tl@UModSys@@H@23@@Z 10003e60 f i umodsys_lib_libui:umodsys.mod.ui.SDL_GL.obj
 0001:00002e60       ?rotate_left@?$TTreeHoldRB@U?$TScatterArrayNode@U?$TRefObjectCompositeExtra@UIMouseClient@libui@UModSys@@HUIRefObject@core@3@U?$TRefObjectFunc@UIRefObject@core@UModSys@@@tl@3@@tl@UModSys@@H@tl@UModSys@@@tl@UModSys@@IAEXPAU?$TScatterArrayNode@U?$TRefObjectCompositeExtra@UIMouseClient@libui@UModSys@@HUIRefObject@core@3@U?$TRefObjectFunc@UIRefObject@core@UModSys@@@tl@3@@tl@UModSys@@H@23@@Z 10003e60 f i umodsys_lib_libui:umodsys.mod.ui.SDL_GL.obj
 0001:00002eb0       ?rotate_right@?$TTreeHoldRB@U?$TScatterArrayNode@U?$TRefObjectCompositeExtra@UIMouseClient@libui@UModSys@@HUIRefObject@core@3@U?$TRefObjectFunc@UIRefObject@core@UModSys@@@tl@3@@tl@UModSys@@H@tl@UModSys@@@tl@UModSys@@IAEXPAU?$TScatterArrayNode@U?$TRefObjectCompositeExtra@UIMouseClient@libui@UModSys@@HUIRefObject@core@3@U?$TRefObjectFunc@UIRefObject@core@UModSys@@@tl@3@@tl@UModSys@@H@23@@Z 10003eb0 f i umodsys_lib_libui:umodsys.mod.ui.SDL_GL.obj
 0001:00002eb0       ?rotate_right@?$TTreeHoldRB@U?$TScatterArrayNode@U?$TRefObjectComposite@UIKeyboardClient@libui@UModSys@@UIRefObject@core@3@U?$TRefObjectFunc@UIRefObject@core@UModSys@@@tl@3@@tl@UModSys@@H@tl@UModSys@@@tl@UModSys@@IAEXPAU?$TScatterArrayNode@U?$TRefObjectComposite@UIKeyboardClient@libui@UModSys@@UIRefObject@core@3@U?$TRefObjectFunc@UIRefObject@core@UModSys@@@tl@3@@tl@UModSys@@H@23@@Z 10003eb0 f i umodsys_lib_libui:umodsys.mod.ui.SDL_GL.obj
 0001:00002f00       ?ReLink@?$TDynarray@U?$TDynarrayHolderDynamic@USLayInfo@RVertexArray@SDL_GL@ui@modules@UModSys@@U?$TAllocator@USIMemAlloc@core@UModSys@@USCountCalcExact@23@@tl@6@@tl@UModSys@@@tl@UModSys@@IAE_NI@Z 10003f00 f i umodsys_lib_libui:umodsys.mod.ui.SDL_GL.obj
 0001:00002f50       ?items_construct@?$TDynarray@U?$TDynarrayHolderDynamic@USLayInfo@RVertexArray@SDL_GL@ui@modules@UModSys@@U?$TAllocator@USIMemAlloc@core@UModSys@@USCountCalcExact@23@@tl@6@@tl@UModSys@@@tl@UModSys@@IAEXII@Z 10003f50 f i umodsys_lib_libui:umodsys.mod.ui.SDL_GL.obj
 0001:00002f90       ??RGen0@?$TScatterArray@U?$TRefObjectComposite@UIKeyboardClient@libui@UModSys@@UIRefObject@core@3@U?$TRefObjectFunc@UIRefObject@core@UModSys@@@tl@3@@tl@UModSys@@HU?$TScalarCompare@H@core@3@U?$TNodeDeleter0@U?$TScatterArrayNode@U?$TRefObjectComposite@UIKeyboardClient@libui@UModSys@@UIRefObject@core@3@U?$TRefObjectFunc@UIRefObject@core@UModSys@@@tl@3@@tl@UModSys@@H@tl@UModSys@@@23@@tl@UModSys@@QBEPAU?$TScatterArrayNode@U?$TRefObjectComposite@UIKeyboardClient@libui@UModSys@@UIRefObject@core@3@U?$TRefObjectFunc@UIRefObject@core@UModSys@@@tl@3@@tl@UModSys@@H@23@ABUCmp@123@ABU?$TTreeHoldRBD@U?$TScatterArrayNode@U?$TRefObjectComposite@UIKeyboardClient@libui@UModSys@@UIRefObject@core@3@U?$TRefObjectFunc@UIRefObject@core@UModSys@@@tl@3@@tl@UModSys@@H@tl@UModSys@@U?$TNodeDeleter0@U?$TScatterArrayNode@U?$TRefObjectComposite@UIKeyboardClient@libui@UModSys@@UIRefObject@core@3@U?$TRefObjectFunc@UIRefObject@core@UModSys@@@tl@3@@tl@UModSys@@H@tl@UModSys@@@23@@23@@Z 10003f90 f i umodsys_lib_libui:umodsys.mod.ui.SDL_GL.obj
 0001:00002ff0       ??RGen0@?$TScatterArray@U?$TRefObjectCompositeExtra@UIMouseClient@libui@UModSys@@HUIRefObject@core@3@U?$TRefObjectFunc@UIRefObject@core@UModSys@@@tl@3@@tl@UModSys@@HU?$TScalarCompare@H@core@3@U?$TNodeDeleter0@U?$TScatterArrayNode@U?$TRefObjectCompositeExtra@UIMouseClient@libui@UModSys@@HUIRefObject@core@3@U?$TRefObjectFunc@UIRefObject@core@UModSys@@@tl@3@@tl@UModSys@@H@tl@UModSys@@@23@@tl@UModSys@@QBEPAU?$TScatterArrayNode@U?$TRefObjectCompositeExtra@UIMouseClient@libui@UModSys@@HUIRefObject@core@3@U?$TRefObjectFunc@UIRefObject@core@UModSys@@@tl@3@@tl@UModSys@@H@23@ABUCmp@123@ABU?$TTreeHoldRBD@U?$TScatterArrayNode@U?$TRefObjectCompositeExtra@UIMouseClient@libui@UModSys@@HUIRefObject@core@3@U?$TRefObjectFunc@UIRefObject@core@UModSys@@@tl@3@@tl@UModSys@@H@tl@UModSys@@U?$TNodeDeleter0@U?$TScatterArrayNode@U?$TRefObjectCompositeExtra@UIMouseClient@libui@UModSys@@HUIRefObject@core@3@U?$TRefObjectFunc@UIRefObject@core@UModSys@@@tl@3@@tl@UModSys@@H@tl@UModSys@@@23@@23@@Z 10003ff0 f i umodsys_lib_libui:umodsys.mod.ui.SDL_GL.obj
 0001:00003050       ??RGen0@?$TScatterArray@UGlyph@RMultiImage2D_SDL_ttf@SDL_GL@ui@modules@UModSys@@HU?$TScalarCompare@H@core@6@U?$TNodeDeleter0@U?$TScatterArrayNode@UGlyph@RMultiImage2D_SDL_ttf@SDL_GL@ui@modules@UModSys@@H@tl@UModSys@@@tl@6@@tl@UModSys@@QBEPAU?$TScatterArrayNode@UGlyph@RMultiImage2D_SDL_ttf@SDL_GL@ui@modules@UModSys@@H@23@ABUCmp@123@ABU?$TTreeHoldRBD@U?$TScatterArrayNode@UGlyph@RMultiImage2D_SDL_ttf@SDL_GL@ui@modules@UModSys@@H@tl@UModSys@@U?$TNodeDeleter0@U?$TScatterArrayNode@UGlyph@RMultiImage2D_SDL_ttf@SDL_GL@ui@modules@UModSys@@H@tl@UModSys@@@23@@23@@Z 10004050 f i umodsys_lib_libui:umodsys.mod.ui.SDL_GL.obj
 0001:000030b0       ??0?$TScatterArrayNode@U?$TRefObjectComposite@UIKeyboardClient@libui@UModSys@@UIRefObject@core@3@U?$TRefObjectFunc@UIRefObject@core@UModSys@@@tl@3@@tl@UModSys@@H@tl@UModSys@@QAE@ABH@Z 100040b0 f i umodsys_lib_libui:umodsys.mod.ui.SDL_GL.obj
 0001:00003120       ??0?$TScatterArrayNode@U?$TRefObjectCompositeExtra@UIMouseClient@libui@UModSys@@HUIRefObject@core@3@U?$TRefObjectFunc@UIRefObject@core@UModSys@@@tl@3@@tl@UModSys@@H@tl@UModSys@@QAE@ABH@Z 10004120 f i umodsys_lib_libui:umodsys.mod.ui.SDL_GL.obj
 0001:00003190       ??0?$TScatterArrayNode@UGlyph@RMultiImage2D_SDL_ttf@SDL_GL@ui@modules@UModSys@@H@tl@UModSys@@QAE@ABH@Z 10004190 f i umodsys_lib_libui:umodsys.mod.ui.SDL_GL.obj
 0001:00003290       ??1?$TPair@HUGlyph@RMultiImage2D_SDL_ttf@SDL_GL@ui@modules@UModSys@@@tl@UModSys@@QAE@XZ 10004290 f i umodsys_lib_libui:umodsys.mod.ui.SDL_GL.obj
 0001:000032e0       ??0STextureGL@SDL_GL@ui@modules@UModSys@@QAE@ABU01234@@Z 100042e0 f i umodsys_lib_libui:umodsys.mod.ui.SDL_GL.obj
 0001:000033f0       ??$process_nodes_r@U?$TNodeDeleter0@U?$TScatterArrayNode@U?$TRefObjectCompositeExtra@UIMouseClient@libui@UModSys@@HUIRefObject@core@3@U?$TRefObjectFunc@UIRefObject@core@UModSys@@@tl@3@@tl@UModSys@@H@tl@UModSys@@@tl@UModSys@@@?$TTreeHoldRB@U?$TScatterArrayNode@U?$TRefObjectCompositeExtra@UIMouseClient@libui@UModSys@@HUIRefObject@core@3@U?$TRefObjectFunc@UIRefObject@core@UModSys@@@tl@3@@tl@UModSys@@H@tl@UModSys@@@tl@UModSys@@KAHPAU?$TScatterArrayNode@U?$TRefObjectCompositeExtra@UIMouseClient@libui@UModSys@@HUIRefObject@core@3@U?$TRefObjectFunc@UIRefObject@core@UModSys@@@tl@3@@tl@UModSys@@H@12@ABU?$TNodeDeleter0@U?$TScatterArrayNode@U?$TRefObjectCompositeExtra@UIMouseClient@libui@UModSys@@HUIRefObject@core@3@U?$TRefObjectFunc@UIRefObject@core@UModSys@@@tl@3@@tl@UModSys@@H@tl@UModSys@@@12@@Z 100043f0 f i umodsys_lib_libui:umodsys.mod.ui.SDL_GL.obj
 0001:000033f0       ??$process_nodes_r@U?$TNodeDeleter0@U?$TScatterArrayNode@U?$TRefObjectComposite@UIKeyboardClient@libui@UModSys@@UIRefObject@core@3@U?$TRefObjectFunc@UIRefObject@core@UModSys@@@tl@3@@tl@UModSys@@H@tl@UModSys@@@tl@UModSys@@@?$TTreeHoldRB@U?$TScatterArrayNode@U?$TRefObjectComposite@UIKeyboardClient@libui@UModSys@@UIRefObject@core@3@U?$TRefObjectFunc@UIRefObject@core@UModSys@@@tl@3@@tl@UModSys@@H@tl@UModSys@@@tl@UModSys@@KAHPAU?$TScatterArrayNode@U?$TRefObjectComposite@UIKeyboardClient@libui@UModSys@@UIRefObject@core@3@U?$TRefObjectFunc@UIRefObject@core@UModSys@@@tl@3@@tl@UModSys@@H@12@ABU?$TNodeDeleter0@U?$TScatterArrayNode@U?$TRefObjectComposite@UIKeyboardClient@libui@UModSys@@UIRefObject@core@3@U?$TRefObjectFunc@UIRefObject@core@UModSys@@@tl@3@@tl@UModSys@@H@tl@UModSys@@@12@@Z 100043f0 f i umodsys_lib_libui:umodsys.mod.ui.SDL_GL.obj
[...]
 0001:000360b0       ??__F?s_id@?$TObjectUniqueID@UIRenderDriver@lib2d@UModSys@@@tl@UModSys@@2USUniquePointer@core@3@A@@YAXXZ 100370b0 f    CIL library: CIL module
 0001:000360c0       ??__F?s_id@?$TObjectUniqueID@UIMultiImage@lib2d@UModSys@@@tl@UModSys@@2USUniquePointer@core@3@A@@YAXXZ 100370c0 f    CIL library: CIL module
 0001:000360d0       ??__F?s_id@?$TObjectUniqueID@UIImageFactory@lib2d@UModSys@@@tl@UModSys@@2USUniquePointer@core@3@A@@YAXXZ 100370d0 f    CIL library: CIL module
 0001:000360e0       ??__F?s_id@?$TObjectUniqueID@UIImage@lib2d@UModSys@@@tl@UModSys@@2USUniquePointer@core@3@A@@YAXXZ 100370e0 f    CIL library: CIL module
 0001:000360f0       ??__F?s_id@?$TObjectUniqueID@UIDialog@libui@UModSys@@@tl@UModSys@@2USUniquePointer@core@3@A@@YAXXZ 100370f0 f    CIL library: CIL module
 0001:00036100       ??__F?s_id@?$TObjectUniqueID@UIFrame@libui@UModSys@@@tl@UModSys@@2USUniquePointer@core@3@A@@YAXXZ 10037100 f    CIL library: CIL module
 0001:00036110       ??__F?s_id@?$TObjectUniqueID@UIAsyncCollector@libui@UModSys@@@tl@UModSys@@2USUniquePointer@core@3@A@@YAXXZ 10037110 f    CIL library: CIL module
 0001:00036120       ??__F?s_id@?$TObjectUniqueID@UIAsyncController@libui@UModSys@@@tl@UModSys@@2USUniquePointer@core@3@A@@YAXXZ 10037120 f    CIL library: CIL module
 0001:00036130       ??__F?s_id@?$TObjectUniqueID@UICollector@libui@UModSys@@@tl@UModSys@@2USUniquePointer@core@3@A@@YAXXZ 10037130 f    CIL library: CIL module
 0001:00036140       ??__F?s_id@?$TObjectUniqueID@UIConsoleHelperInput_UIKey@libui@UModSys@@@tl@UModSys@@2USUniquePointer@core@3@A@@YAXXZ 10037140 f    CIL library: CIL module
 0001:00036150       ??__F?s_id@?$TObjectUniqueID@UITerminal@libui@UModSys@@@tl@UModSys@@2USUniquePointer@core@3@A@@YAXXZ 10037150 f    CIL library: CIL module
 0001:00036160       ??__F?s_id@?$TObjectUniqueID@UIJoystickController@libui@UModSys@@@tl@UModSys@@2USUniquePointer@core@3@A@@YAXXZ 10037160 f    CIL library: CIL module
 0001:00036170       ??__F?s_id@?$TObjectUniqueID@UIMouseController@libui@UModSys@@@tl@UModSys@@2USUniquePointer@core@3@A@@YAXXZ 10037170 f    CIL library: CIL module
 0001:00036180       ??__F?s_id@?$TObjectUniqueID@UIKeyboardController@libui@UModSys@@@tl@UModSys@@2USUniquePointer@core@3@A@@YAXXZ 10037180 f    CIL library: CIL module
 0001:00036190       ??__F?s_id@?$TObjectUniqueID@UIConsoleHelperOutputFCS@base@UModSys@@@tl@UModSys@@2USUniquePointer@core@3@A@@YAXXZ 10037190 f    CIL library: CIL module
 0001:000361a0       ??__F?s_id@?$TObjectUniqueID@UIConsoleHelperOutput@base@UModSys@@@tl@UModSys@@2USUniquePointer@core@3@A@@YAXXZ 100371a0 f    CIL library: CIL module
 0001:000361b0       ??__F?s_id@?$TObjectUniqueID@UIConsoleHelperInput@base@UModSys@@@tl@UModSys@@2USUniquePointer@core@3@A@@YAXXZ 100371b0 f    CIL library: CIL module
 0001:000361c0       ??__F?s_id@?$TObjectUniqueID@UIConsoleHelperHistory@base@UModSys@@@tl@UModSys@@2USUniquePointer@core@3@A@@YAXXZ 100371c0 f    CIL library: CIL module
 0001:000361d0       ??__F?s_id@?$TObjectUniqueID@UIConsoleHelper@base@UModSys@@@tl@UModSys@@2USUniquePointer@core@3@A@@YAXXZ 100371d0 f    CIL library: CIL module
 0001:000361e0       ??__F?s_id@?$TObjectUniqueID@UIConsoleExt@base@UModSys@@@tl@UModSys@@2USUniquePointer@core@3@A@@YAXXZ 100371e0 f    CIL library: CIL module
 0001:000361f0       ??__F?s_id@?$TObjectUniqueID@UISerializeWriter@libmedia@UModSys@@@tl@UModSys@@2USUniquePointer@core@3@A@@YAXXZ 100371f0 f    CIL library: CIL module
 0001:00036200       ??__F?s_id@?$TObjectUniqueID@UISerializeReader@libmedia@UModSys@@@tl@UModSys@@2USUniquePointer@core@3@A@@YAXXZ 10037200 f    CIL library: CIL module
 0001:00036210       ??__F?s_id@?$TObjectUniqueID@UIClient@IBinArchiveFrame@libmedia@UModSys@@@tl@UModSys@@2USUniquePointer@core@3@A@@YAXXZ 10037210 f    CIL library: CIL module
 0001:00036220       ??__F?s_id@?$TObjectUniqueID@UIBinArchiveFrame@libmedia@UModSys@@@tl@UModSys@@2USUniquePointer@core@3@A@@YAXXZ 10037220 f    CIL library: CIL module
 0001:00036230       ??__F?s_id@?$TObjectUniqueID@UILibraryLayered@libmedia@UModSys@@@tl@UModSys@@2USUniquePointer@core@3@A@@YAXXZ 10037230 f    CIL library: CIL module
 0001:00036240       ??__F?s_id@?$TObjectUniqueID@UILibraryObjCache@libmedia@UModSys@@@tl@UModSys@@2USUniquePointer@core@3@A@@YAXXZ 10037240 f    CIL library: CIL module
 0001:00036250       ??__F?s_id@?$TObjectUniqueID@UILibraryObjFilter@libmedia@UModSys@@@tl@UModSys@@2USUniquePointer@core@3@A@@YAXXZ 10037250 f    CIL library: CIL module
 0001:00036260       ??__F?s_id@?$TObjectUniqueID@UILibraryBinCache@libmedia@UModSys@@@tl@UModSys@@2USUniquePointer@core@3@A@@YAXXZ 10037260 f    CIL library: CIL module
 0001:00036270       ??__F?s_id@?$TObjectUniqueID@UILibraryBinTree@libmedia@UModSys@@@tl@UModSys@@2USUniquePointer@core@3@A@@YAXXZ 10037270 f    CIL library: CIL module
 0001:00036280       ??__F?s_id@?$TObjectUniqueID@UILibrary@libmedia@UModSys@@@tl@UModSys@@2USUniquePointer@core@3@A@@YAXXZ 10037280 f    CIL library: CIL module
 0001:00036290       ??__F?s_id@?$TObjectUniqueID@UIBinObjFilter@libmedia@UModSys@@@tl@UModSys@@2USUniquePointer@core@3@A@@YAXXZ 10037290 f    CIL library: CIL module
 0001:000362a0       ??__F?s_id@?$TObjectUniqueID@UIBinArchive@libmedia@UModSys@@@tl@UModSys@@2USUniquePointer@core@3@A@@YAXXZ 100372a0 f    CIL library: CIL module
 0001:000362b0       ??__F?s_id@?$TObjectUniqueID@UILibObject@libmedia@UModSys@@@tl@UModSys@@2USUniquePointer@core@3@A@@YAXXZ 100372b0 f    CIL library: CIL module
 0001:000362c0       ??__F?s_id@?$TObjectUniqueID@UIUtilities@libmedia@UModSys@@@tl@UModSys@@2USUniquePointer@core@3@A@@YAXXZ 100372c0 f    CIL library: CIL module
 0001:000362d0       ??__F?s_id@?$TObjectUniqueID@UIStreamWriter@libmedia@UModSys@@@tl@UModSys@@2USUniquePointer@core@3@A@@YAXXZ 100372d0 f    CIL library: CIL module
 0001:000362e0       ??__F?s_id@?$TObjectUniqueID@UIStreamReader@libmedia@UModSys@@@tl@UModSys@@2USUniquePointer@core@3@A@@YAXXZ 100372e0 f    CIL library: CIL module
 0001:000362f0       ??__F?s_id@?$TObjectUniqueID@UISystem@base@UModSys@@@tl@UModSys@@2USUniquePointer@core@3@A@@YAXXZ 100372f0 f    CIL library: CIL module
 0001:00036300       ??__F?s_id@?$TObjectUniqueID@UIShell@base@UModSys@@@tl@UModSys@@2USUniquePointer@core@3@A@@YAXXZ 10037300 f    CIL library: CIL module
 0001:00036310       ??__F?s_id@?$TObjectUniqueID@UIGenerator@base@UModSys@@@tl@UModSys@@2USUniquePointer@core@3@A@@YAXXZ 10037310 f    CIL library: CIL module
 0001:00036320       ??__F?s_id@?$TObjectUniqueID@UIModObject@base@UModSys@@@tl@UModSys@@2USUniquePointer@core@3@A@@YAXXZ 10037320 f    CIL library: CIL module
 0001:00036330       ??__F?s_id@?$TObjectUniqueID@UIModuleLibrary@base@UModSys@@@tl@UModSys@@2USUniquePointer@core@3@A@@YAXXZ 10037330 f    CIL library: CIL module
 0001:00036340       ??__F?s_id@?$TObjectUniqueID@UIModule@base@UModSys@@@tl@UModSys@@2USUniquePointer@core@3@A@@YAXXZ 10037340 f    CIL library: CIL module
 0001:00036350       ??__F?s_id@?$TObjectUniqueID@UIConsole@base@UModSys@@@tl@UModSys@@2USUniquePointer@core@3@A@@YAXXZ 10037350 f    CIL library: CIL module
 0001:00036360       ??__F?s_id@?$TObjectUniqueID@UIParameters@core@UModSys@@@tl@UModSys@@2USUniquePointer@core@3@A@@YAXXZ 10037360 f    CIL library: CIL module
 0001:00036370       ??__F?s_id@?$TObjectUniqueID@UIRefObject@core@UModSys@@@tl@UModSys@@2USUniquePointer@core@3@A@@YAXXZ 10037370 f    CIL library: CIL module
 0001:00036380       ??__F?s_id@?$TObjectUniqueID@UIRoot@core@UModSys@@@tl@UModSys@@2USUniquePointer@core@3@A@@YAXXZ 10037380 f    CIL library: CIL module
 0001:00036390       ??__Fs_dbg@stdlib@lib2d@modules@UModSys@@YAXXZ 10037390 f    CIL library: CIL module
 0001:000363a0       ??__F?s_modreg@RModuleReg@stdlib@lib2d@modules@UModSys@@2U12345@A@@YAXXZ 100373a0 f    CIL library: CIL module
 0001:000363c0       ??__F?s_modreg_chain@RModuleReg@stdlib@lib2d@modules@UModSys@@2USModuleRegChain@base@5@A@@YAXXZ 100373c0 f    CIL library: CIL module
 0001:000363d0       ??__F?s_uid@RGenerator@stdlib@lib2d@modules@UModSys@@2USUniquePointer@core@5@A@@YAXXZ 100373d0 f    CIL library: CIL module
 0001:000363e0       ??__Fh@?1??s_holder@RGenerator@stdlib@lib2d@modules@UModSys@@SAAAU?$TTypeStaticHolder@URGenerator@stdlib@lib2d@modules@UModSys@@@tl@5@XZ@YAXXZ 100373e0 f    CIL library: CIL module
 0001:00036400       ??__F?s_id@?$TObjectUniqueID@URGenerator@stdlib@lib2d@modules@UModSys@@@tl@UModSys@@2USUniquePointer@core@3@A@@YAXXZ 10037400 f    CIL library: CIL module
 0001:00036410       ??__F?s_id@?$TObjectUniqueID@URMultiImage@stdlib@lib2d@modules@UModSys@@@tl@UModSys@@2USUniquePointer@core@3@A@@YAXXZ 10037410 f    CIL library: CIL module
 0001:00036420       ??__F?s_id@?$TObjectUniqueID@URImageFactory_Memory@stdlib@lib2d@modules@UModSys@@@tl@UModSys@@2USUniquePointer@core@3@A@@YAXXZ 10037420 f    CIL library: CIL module
 0001:00036430       ??__F?s_id@?$TObjectUniqueID@URImage_Memory@stdlib@lib2d@modules@UModSys@@@tl@UModSys@@2USUniquePointer@core@3@A@@YAXXZ 10037430 f    CIL library: CIL module
 0001:00036440       ??__Fs_dbg@SDL_GL@ui@modules@UModSys@@YAXXZ 10037440 f    CIL library: CIL module
 0001:00036450       ??__F?s_modreg@RModuleReg@SDL_GL@ui@modules@UModSys@@2U12345@A@@YAXXZ 10037450 f    CIL library: CIL module
 0001:00036470       ??__F?s_modreg_chain@RModuleReg@SDL_GL@ui@modules@UModSys@@2USModuleRegChain@base@5@A@@YAXXZ 10037470 f    CIL library: CIL module
 0001:00036480       ??__F?s_uid@RGenerator@SDL_GL@ui@modules@UModSys@@2USUniquePointer@core@5@A@@YAXXZ 10037480 f    CIL library: CIL module
 0001:00036490       ??__Fh@?1??s_holder@RGenerator@SDL_GL@ui@modules@UModSys@@SAAAU?$TTypeStaticHolder@URGenerator@SDL_GL@ui@modules@UModSys@@@tl@5@XZ@YAXXZ 10037490 f    CIL library: CIL module
 0001:000364b0       ??__F?s_id@?$TObjectUniqueID@URGenerator@SDL_GL@ui@modules@UModSys@@@tl@UModSys@@2USUniquePointer@core@3@A@@YAXXZ 100374b0 f    CIL library: CIL module
 0001:000364c0       ??__F?s_id@?$TObjectUniqueID@URVertexArray@SDL_GL@ui@modules@UModSys@@@tl@UModSys@@2USUniquePointer@core@3@A@@YAXXZ 100374c0 f    CIL library: CIL module
 0001:000364d0       ??__F?s_id@?$TObjectUniqueID@URTerminalX@SDL_GL@ui@modules@UModSys@@@tl@UModSys@@2USUniquePointer@core@3@A@@YAXXZ 100374d0 f    CIL library: CIL module
 0001:000364e0       ??__F?s_id@?$TObjectUniqueID@URRenderDriver3D@SDL_GL@ui@modules@UModSys@@@tl@UModSys@@2USUniquePointer@core@3@A@@YAXXZ 100374e0 f    CIL library: CIL module
 0001:000364f0       ??__F?s_id@?$TObjectUniqueID@URMultiImage2D_SDL_ttf@SDL_GL@ui@modules@UModSys@@@tl@UModSys@@2USUniquePointer@core@3@A@@YAXXZ 100374f0 f    CIL library: CIL module
 0001:00036500       ??__F?s_id@?$TObjectUniqueID@URTerminal@SDL_GL@ui@modules@UModSys@@@tl@UModSys@@2USUniquePointer@core@3@A@@YAXXZ 10037500 f    CIL library: CIL module
 0001:00036510       ??__F?s_id@?$TObjectUniqueID@URMouseController@SDL_GL@ui@modules@UModSys@@@tl@UModSys@@2USUniquePointer@core@3@A@@YAXXZ 10037510 f    CIL library: CIL module
 0001:00036520       ??__F?s_id@?$TObjectUniqueID@URKeyboardController@SDL_GL@ui@modules@UModSys@@@tl@UModSys@@2USUniquePointer@core@3@A@@YAXXZ 10037520 f    CIL library: CIL module
 0001:00036530       ??__Fs_dbg@SDL_core@ui@modules@UModSys@@YAXXZ 10037530 f    CIL library: CIL module
 0001:00036540       ??__F?s_modreg@RModuleReg@SDL_core@ui@modules@UModSys@@2U12345@A@@YAXXZ 10037540 f    CIL library: CIL module
 0001:00036560       ??__F?s_modreg_chain@RModuleReg@SDL_core@ui@modules@UModSys@@2USModuleRegChain@base@5@A@@YAXXZ 10037560 f    CIL library: CIL module
 0001:00036570       ??__F?s_uid@RGenerator@SDL_core@ui@modules@UModSys@@2USUniquePointer@core@5@A@@YAXXZ 10037570 f    CIL library: CIL module
 0001:00036580       ??__Fh@?1??s_holder@RGenerator@SDL_core@ui@modules@UModSys@@SAAAU?$TTypeStaticHolder@URGenerator@SDL_core@ui@modules@UModSys@@@tl@5@XZ@YAXXZ 10037580 f    CIL library: CIL module
 0001:000365a0       ??__F?s_id@?$TObjectUniqueID@URGenerator@SDL_core@ui@modules@UModSys@@@tl@UModSys@@2USUniquePointer@core@3@A@@YAXXZ 100375a0 f    CIL library: CIL module
 0001:000365b0       ??__F?s_id@?$TObjectUniqueID@URTerminalX@SDL_core@ui@modules@UModSys@@@tl@UModSys@@2USUniquePointer@core@3@A@@YAXXZ 100375b0 f    CIL library: CIL module
 0001:000365c0       ??__F?s_id@?$TObjectUniqueID@URRenderDriver2D@SDL_core@ui@modules@UModSys@@@tl@UModSys@@2USUniquePointer@core@3@A@@YAXXZ 100375c0 f    CIL library: CIL module
 0001:000365d0       ??__F?s_id@?$TObjectUniqueID@URMultiImage2D_SDL_ttf@SDL_core@ui@modules@UModSys@@@tl@UModSys@@2USUniquePointer@core@3@A@@YAXXZ 100375d0 f    CIL library: CIL module
 0001:000365e0       ??__F?s_id@?$TObjectUniqueID@URTerminal@SDL_core@ui@modules@UModSys@@@tl@UModSys@@2USUniquePointer@core@3@A@@YAXXZ 100375e0 f    CIL library: CIL module
 0001:000365f0       ??__F?s_id@?$TObjectUniqueID@URMouseController@SDL_core@ui@modules@UModSys@@@tl@UModSys@@2USUniquePointer@core@3@A@@YAXXZ 100375f0 f    CIL library: CIL module
 0001:00036600       ??__F?s_id@?$TObjectUniqueID@URKeyboardController@SDL_core@ui@modules@UModSys@@@tl@UModSys@@2USUniquePointer@core@3@A@@YAXXZ 10037600 f    CIL library: CIL module
 0001:00036610       ??__Fs_dbg@frames@ui@modules@UModSys@@YAXXZ 10037610 f    CIL library: CIL module
 0001:00036620       ??__F?s_modreg@RModuleReg@frames@ui@modules@UModSys@@2U12345@A@@YAXXZ 10037620 f    CIL library: CIL module
 0001:00036640       ??__F?s_modreg_chain@RModuleReg@frames@ui@modules@UModSys@@2USModuleRegChain@base@5@A@@YAXXZ 10037640 f    CIL library: CIL module
 0001:00036650       ??__F?s_uid@RGenerator@frames@ui@modules@UModSys@@2USUniquePointer@core@5@A@@YAXXZ 10037650 f    CIL library: CIL module
 0001:00036660       ??__Fh@?1??s_holder@RGenerator@frames@ui@modules@UModSys@@SAAAU?$TTypeStaticHolder@URGenerator@frames@ui@modules@UModSys@@@tl@5@XZ@YAXXZ 10037660 f    CIL library: CIL module
 0001:00036680       ??__F?s_id@?$TObjectUniqueID@URGenerator@frames@ui@modules@UModSys@@@tl@UModSys@@2USUniquePointer@core@3@A@@YAXXZ 10037680 f    CIL library: CIL module
 0001:00036690       ??__F?s_id@?$TObjectUniqueID@URCollector@frames@ui@modules@UModSys@@@tl@UModSys@@2USUniquePointer@core@3@A@@YAXXZ 10037690 f    CIL library: CIL module
 0001:000366a0       ??__F?s_id@?$TObjectUniqueID@URFrame_List@frames@ui@modules@UModSys@@@tl@UModSys@@2USUniquePointer@core@3@A@@YAXXZ 100376a0 f    CIL library: CIL module
 0001:000366b0       ??__F?s_id@?$TObjectUniqueID@URFrame_Edit@frames@ui@modules@UModSys@@@tl@UModSys@@2USUniquePointer@core@3@A@@YAXXZ 100376b0 f    CIL library: CIL module
 0001:000366c0       ??__F?s_id@?$TObjectUniqueID@URFrame_Button@frames@ui@modules@UModSys@@@tl@UModSys@@2USUniquePointer@core@3@A@@YAXXZ 100376c0 f    CIL library: CIL module
 0001:000366d0       ??__F?s_id@?$TObjectUniqueID@URFrame_Text@frames@ui@modules@UModSys@@@tl@UModSys@@2USUniquePointer@core@3@A@@YAXXZ 100376d0 f    CIL library: CIL module
 0001:000366e0       ??__F?s_id@?$TObjectUniqueID@URFrame_Image@frames@ui@modules@UModSys@@@tl@UModSys@@2USUniquePointer@core@3@A@@YAXXZ 100376e0 f    CIL library: CIL module
 0001:000366f0       ??__F?s_id@?$TObjectUniqueID@URFrame_Frame@frames@ui@modules@UModSys@@@tl@UModSys@@2USUniquePointer@core@3@A@@YAXXZ 100376f0 f    CIL library: CIL module
 0001:00036700       ??__F?s_id@?$TObjectUniqueID@URDialog@frames@ui@modules@UModSys@@@tl@UModSys@@2USUniquePointer@core@3@A@@YAXXZ 10037700 f    CIL library: CIL module
 0001:00036710       ??__F?s_id@?$TObjectUniqueID@URFrame_Common@frames@ui@modules@UModSys@@@tl@UModSys@@2USUniquePointer@core@3@A@@YAXXZ 10037710 f    CIL library: CIL module
 0001:00036720       ??__Fs_dbg@images_std@media@modules@UModSys@@YAXXZ 10037720 f    CIL library: CIL module
 0001:00036730       ??__F?s_modreg@RModuleReg@images_std@media@modules@UModSys@@2U12345@A@@YAXXZ 10037730 f    CIL library: CIL module
 0001:00036750       ??__F?s_modreg_chain@RModuleReg@images_std@media@modules@UModSys@@2USModuleRegChain@base@5@A@@YAXXZ 10037750 f    CIL library: CIL module
 0001:00036760       ??__F?s_uid@RGenerator@images_std@media@modules@UModSys@@2USUniquePointer@core@5@A@@YAXXZ 10037760 f    CIL library: CIL module
 0001:00036770       ??__Fh@?1??s_holder@RGenerator@images_std@media@modules@UModSys@@SAAAU?$TTypeStaticHolder@URGenerator@images_std@media@modules@UModSys@@@tl@5@XZ@YAXXZ 10037770 f    CIL library: CIL module
 0001:00036790       ??__F?s_id@?$TObjectUniqueID@URGenerator@images_std@media@modules@UModSys@@@tl@UModSys@@2USUniquePointer@core@3@A@@YAXXZ 10037790 f    CIL library: CIL module
 0001:000367a0       ??__F?s_id@?$TObjectUniqueID@URMediaFilter@images_std@media@modules@UModSys@@@tl@UModSys@@2USUniquePointer@core@3@A@@YAXXZ 100377a0 f    CIL library: CIL module
 0001:000367b0       ??__Fs_dbg@serialize_json@media@modules@UModSys@@YAXXZ 100377b0 f    CIL library: CIL module
 0001:000367c0       ??__F?s_modreg@RModuleReg@serialize_json@media@modules@UModSys@@2U12345@A@@YAXXZ 100377c0 f    CIL library: CIL module
 0001:000367e0       ??__F?s_modreg_chain@RModuleReg@serialize_json@media@modules@UModSys@@2USModuleRegChain@base@5@A@@YAXXZ 100377e0 f    CIL library: CIL module
 0001:000367f0       ??__F?s_uid@RGenerator@serialize_json@media@modules@UModSys@@2USUniquePointer@core@5@A@@YAXXZ 100377f0 f    CIL library: CIL module
 0001:00036800       ??__Fh@?1??s_holder@RGenerator@serialize_json@media@modules@UModSys@@SAAAU?$TTypeStaticHolder@URGenerator@serialize_json@media@modules@UModSys@@@tl@5@XZ@YAXXZ 10037800 f    CIL library: CIL module
 0001:00036820       ??__F?s_id@?$TObjectUniqueID@URGenerator@serialize_json@media@modules@UModSys@@@tl@UModSys@@2USUniquePointer@core@3@A@@YAXXZ 10037820 f    CIL library: CIL module
 0001:00036830       ??__F?s_id@?$TObjectUniqueID@URSerializeWriter@serialize_json@media@modules@UModSys@@@tl@UModSys@@2USUniquePointer@core@3@A@@YAXXZ 10037830 f    CIL library: CIL module
 0001:00036840       ??__F?s_id@?$TObjectUniqueID@URSerializeReader@serialize_json@media@modules@UModSys@@@tl@UModSys@@2USUniquePointer@core@3@A@@YAXXZ 10037840 f    CIL library: CIL module
 0001:00036850       ??__Fs_dbg@zlib@media@modules@UModSys@@YAXXZ 10037850 f    CIL library: CIL module
 0001:00036860       ??__F?s_modreg@RModuleReg@zlib@media@modules@UModSys@@2U12345@A@@YAXXZ 10037860 f    CIL library: CIL module
 0001:00036880       ??__F?s_modreg_chain@RModuleReg@zlib@media@modules@UModSys@@2USModuleRegChain@base@5@A@@YAXXZ 10037880 f    CIL library: CIL module
 0001:00036890       ??__F?s_uid@RGenerator@zlib@media@modules@UModSys@@2USUniquePointer@core@5@A@@YAXXZ 10037890 f    CIL library: CIL module
 0001:000368a0       ??__Fh@?1??s_holder@RGenerator@zlib@media@modules@UModSys@@SAAAU?$TTypeStaticHolder@URGenerator@zlib@media@modules@UModSys@@@tl@5@XZ@YAXXZ 100378a0 f    CIL library: CIL module
 0001:000368c0       ??__F?s_id@?$TObjectUniqueID@URGenerator@zlib@media@modules@UModSys@@@tl@UModSys@@2USUniquePointer@core@3@A@@YAXXZ 100378c0 f    CIL library: CIL module
 0001:000368d0       ??__F?s_id@?$TObjectUniqueID@URBinArchiveFrameClient_ZIP@zlib@media@modules@UModSys@@@tl@UModSys@@2USUniquePointer@core@3@A@@YAXXZ 100378d0 f    CIL library: CIL module
 0001:000368e0       ??__FM@UModSys@@YAXXZ      100378e0 f    CIL library: CIL module
 0001:000368f0       ??__F?root@SModuleRegChain@base@UModSys@@2U123@A@@YAXXZ 100378f0 f    CIL library: CIL module
 0001:00036900       ??__F?s_library@RModuleLibraryReg_Chain@base@UModSys@@2U123@A@@YAXXZ 10037900 f    CIL library: CIL module
 0001:00036910       ??__F?root@SUniquePointer@core@UModSys@@2U123@A@@YAXXZ 10037910 f    CIL library: CIL module

 Exports

  ordinal    name

        1    _UModSys_Plugin_Entry2@0
