 plugin_test1

 Timestamp is 5256d6fe (Thu Oct 10 19:34:06 2013)

 Preferred load address is 10000000

 Start         Length     Name                   Class
 0001:00000000 00001a3bH .text                   CODE
 0001:00001a40 00000088H .text$x                 CODE
 0001:00001ad0 000003c1H .text$yc                CODE
 0001:00001ea0 0000018aH .text$yd                CODE
 0002:00000000 0000009cH .idata$5                DATA
 0002:0000009c 00000004H .CRT$XCA                DATA
 0002:000000a0 0000010cH .CRT$XCU                DATA
 0002:000001ac 00000004H .CRT$XCZ                DATA
 0002:000001b0 00000004H .CRT$XIA                DATA
 0002:000001b4 00000004H .CRT$XIAA               DATA
 0002:000001b8 00000004H .CRT$XIZ                DATA
 0002:000001c0 00000570H .rdata                  DATA
 0002:00000730 00000368H .rdata$r                DATA
 0002:00000aa0 00000014H .rdata$sxdata           DATA
 0002:00000ab4 00000004H .rtc$IAA                DATA
 0002:00000ab8 00000004H .rtc$IZZ                DATA
 0002:00000abc 00000004H .rtc$TAA                DATA
 0002:00000ac0 00000004H .rtc$TZZ                DATA
 0002:00000ac8 0000016cH .xdata$x                DATA
 0002:00000c34 00000028H .idata$2                DATA
 0002:00000c5c 00000014H .idata$3                DATA
 0002:00000c70 0000009cH .idata$4                DATA
 0002:00000d0c 000002f0H .idata$6                DATA
 0002:00001000 0000005cH .edata                  DATA
 0003:00000000 00000230H .data                   DATA
 0003:00000230 00000550H .bss                    DATA

  Address         Publics by Value              Rva+Base       Lib:Object

 0000:00000000       __except_list              00000000     <absolute>
 0000:00000005       ___safe_se_handler_count   00000005     <absolute>
 0000:00009876       __fltused                  00009876     <absolute>
 0000:00009876       __ldused                   00009876     <absolute>
 0000:00000000       ___ImageBase               10000000     <linker-defined>
 0001:00000000       ?get_interface_info@RTest1_Shell@test1@UModSys@@UBEABUSUniquePointerInfo@core@3@XZ 10001000 f i plugin_test1.obj
 0001:00000010       ?get_interface_type@RTest1_Shell@test1@UModSys@@UBEPBUSUniquePointerInfo@core@3@XZ 10001010 f i plugin_test1.obj
 0001:00000020       ?get_interface_types@RTest1_Shell@test1@UModSys@@UBEIAAUSUniquePtrList@core@3@@Z 10001020 f i plugin_test1.obj
 0001:00000020       ?get_interface_types@RTest1_Generator@test1@UModSys@@UBEIAAUSUniquePtrList@core@3@@Z 10001020 f i plugin_test1.obj
 0001:00000030       ?get_other_interface@RTest1_Shell@test1@UModSys@@UBEPBUIRoot@core@3@PBUSUniquePointerInfo@53@@Z 10001030 f i plugin_test1.obj
 0001:00000030       ?get_other_interface@RTest1_Shell@test1@UModSys@@UAEPAUIRoot@core@3@PBUSUniquePointerInfo@53@@Z 10001030 f i plugin_test1.obj
 0001:00000060       ?ref_add@RTest1_Generator@test1@UModSys@@UBEXXZ 10001060 f i plugin_test1.obj
 0001:00000060       ?ref_add@RTest1_Shell@test1@UModSys@@UBEXXZ 10001060 f i plugin_test1.obj
 0001:00000070       ?ref_links@RTest1_Generator@test1@UModSys@@UBEHXZ 10001070 f i plugin_test1.obj
 0001:00000070       ?ref_links@RTest1_Shell@test1@UModSys@@UBEHXZ 10001070 f i plugin_test1.obj
 0001:00000080       ?suicide@RTest1_Shell@test1@UModSys@@UAEXXZ 10001080 f i plugin_test1.obj
 0001:000000f0       ??0RTest1_Shell@test1@UModSys@@QAE@PAUIModObject@base@2@@Z 100010f0 f i plugin_test1.obj
 0001:00000340       ??1RTest1_Shell@test1@UModSys@@UAE@XZ 10001340 f i plugin_test1.obj
 0001:000003f0       ?connect@RTest1_Shell@test1@UModSys@@UAE_NXZ 100013f0 f i plugin_test1.obj
 0001:00000410       ?disconnect@RTest1_Shell@test1@UModSys@@UAE_NXZ 10001410 f i plugin_test1.obj
 0001:00000430       ?process_tick@RTest1_Shell@test1@UModSys@@UAE_NABUSTimeMsec@core@3@@Z 10001430 f i plugin_test1.obj
 0001:00000460       ?process_command@RTest1_Shell@test1@UModSys@@UAE_NHQBU?$TString@U?$TSCoreConst@D@su@tl@UModSys@@U?$TComparerBinaryHash@D@234@@tl@3@@Z 10001460 f i plugin_test1.obj
 0001:00000490       ??_GRTest1_Shell@test1@UModSys@@UAEPAXI@Z 10001490 f i plugin_test1.obj
 0001:00000490       ??_ERTest1_Shell@test1@UModSys@@UAEPAXI@Z 10001490 f i  CIL library: CIL module
 0001:000004a0       ??1IShell@base@UModSys@@UAE@XZ 100014a0 f i plugin_test1.obj
 0001:000004b0       ??1?$TParametersA@$0EAA@@core@UModSys@@QAE@XZ 100014b0 f i plugin_test1.obj
 0001:000004c0       ??_GIRoot@core@UModSys@@UAEPAXI@Z 100014c0 f i plugin_test1.obj
 0001:000004c0       ??_EIRoot@core@UModSys@@UAEPAXI@Z 100014c0 f i  CIL library: CIL module
 0001:000004d0       ?get_generated_names@RTest1_Generator@test1@UModSys@@UBEHAAUSUniquePtrList@core@3@@Z 100014d0 f i plugin_test1.obj
 0001:000004f0       ?get_generated_types@RTest1_Generator@test1@UModSys@@UBEHAAUSUniquePtrList@core@3@PBUSUniquePointerInfo@53@@Z 100014f0 f i plugin_test1.obj
 0001:00000540       ?generate@RTest1_Generator@test1@UModSys@@UAE_NAAU?$TRefObject@UIRefObject@core@UModSys@@@tl@3@PBUSUniquePointerInfo@core@3@ABUSParameters@73@@Z 10001540 f i plugin_test1.obj
 0001:000005f0       ?get_interface_info@RTest1_Generator@test1@UModSys@@UBEABUSUniquePointerInfo@core@3@XZ 100015f0 f i plugin_test1.obj
 0001:00000600       ?get_interface_type@RTest1_Generator@test1@UModSys@@UBEPBUSUniquePointerInfo@core@3@XZ 10001600 f i plugin_test1.obj
 0001:00000610       ?get_other_interface@RTest1_Generator@test1@UModSys@@UAEPAUIRoot@core@3@PBUSUniquePointerInfo@53@@Z 10001610 f i plugin_test1.obj
 0001:00000610       ?get_other_interface@RTest1_Generator@test1@UModSys@@UBEPBUIRoot@core@3@PBUSUniquePointerInfo@53@@Z 10001610 f i plugin_test1.obj
 0001:00000650       ?ref_remove@RTest1_Generator@test1@UModSys@@UBEXXZ 10001650 f i plugin_test1.obj
 0001:00000650       ?ref_remove@RTest1_Shell@test1@UModSys@@UBEXXZ 10001650 f i plugin_test1.obj
 0001:00000660       ?suicide@RTest1_Generator@test1@UModSys@@UAEXXZ 10001660 f i plugin_test1.obj
 0001:00000670       ?get_uid@RTest1_Generator@test1@UModSys@@UBEPBUSUniquePointerInfo@core@3@XZ 10001670 f i plugin_test1.obj
 0001:00000680       ?do_open@RTest1_ModuleReg@test1@UModSys@@UAE_NXZ 10001680 f i plugin_test1.obj
 0001:000006b0       ?do_close@RTest1_ModuleReg@test1@UModSys@@UAE_NXZ 100016b0 f i plugin_test1.obj
 0001:000006e0       ??_ERTest1_ModuleReg@test1@UModSys@@UAEPAXI@Z 100016e0 f i  CIL library: CIL module
 0001:000006e0       ??_GRTest1_ModuleReg@test1@UModSys@@UAEPAXI@Z 100016e0 f i plugin_test1.obj
 0001:00000710       ??1?$TRefObject@UIStreamReader@media@UModSys@@@tl@UModSys@@QAE@XZ 10001710 f i plugin_test1.obj
 0001:00000710       ??1?$TRefObject@UIRefObject@core@UModSys@@@tl@UModSys@@QAE@XZ 10001710 f i plugin_test1.obj
 0001:00000710       ??1?$TRefObject@UIModObject@base@UModSys@@@tl@UModSys@@QAE@XZ 10001710 f i plugin_test1.obj
 0001:00000730       ??_ERTest1_Generator@test1@UModSys@@UAEPAXI@Z 10001730 f i  CIL library: CIL module
 0001:00000730       ??_GIRefObject@core@UModSys@@UAEPAXI@Z 10001730 f i plugin_test1.obj
 0001:00000730       ??_GRTest1_Generator@test1@UModSys@@UAEPAXI@Z 10001730 f i plugin_test1.obj
 0001:00000730       ??_EIRefObject@core@UModSys@@UAEPAXI@Z 10001730 f i  CIL library: CIL module
 0001:00000740       ??$t_findobjname@UIStreamReader@media@UModSys@@U?$TArrayFixed@PBUSUniquePointerInfo@core@UModSys@@$0DOI@@tl@3@@SModuleContext@base@UModSys@@QAE_NAAU?$TArrayFixed@PBUSUniquePointerInfo@core@UModSys@@$0DOI@@tl@2@@Z 10001740 f i plugin_test1.obj
 0001:000007b0       ??$t_generate@UIStreamReader@media@UModSys@@@SModuleContext@base@UModSys@@QAE_NAAU?$TRefObject@UIStreamReader@media@UModSys@@@tl@2@PBUSUniquePointerInfo@core@2@ABUSParameters@62@@Z 100017b0 f i plugin_test1.obj
 0001:00000860       ??$t_get_other_interface_ref@UIStreamReader@media@UModSys@@@IRefObject@core@UModSys@@QAE_NAAU?$TRefObject@UIStreamReader@media@UModSys@@@tl@2@@Z 10001860 f i plugin_test1.obj
 0001:000008a0       ??$shash@D@su@tl@UModSys@@YAHPBDI@Z 100018a0 f i umodsys_lib_base:umodsys.base.moduleinfo.obj
 0001:000008d0       ??_GRModuleLibraryReg_Chain@base@UModSys@@UAEPAXI@Z 100018d0 f i umodsys_lib_base:umodsys.base.moduleregchain.obj
 0001:000008d0       ??_ERModuleLibraryReg_Chain@base@UModSys@@UAEPAXI@Z 100018d0 f i  CIL library: CIL module
 0001:000008f0       ??_GIModuleReg@base@UModSys@@UAEPAXI@Z 100018f0 f i umodsys_lib_base:umodsys.base.modulereg.obj
 0001:000008f0       ??_EIModuleReg@base@UModSys@@UAEPAXI@Z 100018f0 f i  CIL library: CIL module
 0001:00000910       ??_EIModuleLibraryReg@base@UModSys@@UAEPAXI@Z 10001910 f i  CIL library: CIL module
 0001:00000910       ??_GIModuleLibraryReg@base@UModSys@@UAEPAXI@Z 10001910 f i umodsys_lib_base:umodsys.base.modulereg.obj
 0001:00000930       ?Find@?$TSet@U?$TArray@PBUSUniquePointerInfo@core@UModSys@@@tl@UModSys@@U?$TScalarCompare@PBUSUniquePointerInfo@core@UModSys@@@core@3@@tl@UModSys@@QBEPBQBUSUniquePointerInfo@core@3@ABQBU453@@Z 10001930 f i umodsys_lib_core:umodsys.core.uniqueptrlist.obj
 0001:000009bb       __onexit                   100019bb f   MSVCRT:atonexit.obj
 0001:00000a60       _atexit                    10001a60 f   MSVCRT:atonexit.obj
 0001:00000a78       __purecall                 10001a78 f   MSVCRT:MSVCR90.dll
 0001:00000a7e       ??3@YAXPAX@Z               10001a7e f   MSVCRT:MSVCR90.dll
 0001:00000a84       ??_Etype_info@@UAEPAXI@Z   10001a84 f i MSVCRT:ti_inst.obj
 0001:00000b1f       __CRT_INIT@12              10001b1f f   MSVCRT:crtdll.obj
 0001:00000e5b       __DllMainCRTStartup@12     10001e5b f   MSVCRT:crtdll.obj
 0001:00000e7e       __unlock                   10001e7e f   MSVCRT:MSVCR90.dll
 0001:00000e84       ___dllonexit               10001e84 f   MSVCRT:MSVCR90.dll
 0001:00000e8a       __lock                     10001e8a f   MSVCRT:MSVCR90.dll
 0001:00000e90       __SEH_prolog4              10001e90 f   MSVCRT:sehprolg4.obj
 0001:00000ed5       __SEH_epilog4              10001ed5 f   MSVCRT:sehprolg4.obj
 0001:00000ee9       __except_handler4          10001ee9 f   MSVCRT:chandler4gs.obj
 0001:00000f0e       ?__ArrayUnwind@@YGXPAXIHP6EX0@Z@Z 10001f0e f   MSVCRT:ehvecdtr.obj
 0001:00000f6c       ??_M@YGXPAXIHP6EX0@Z@Z     10001f6c f   MSVCRT:ehvecdtr.obj
 0001:00000fcf       ___clean_type_info_names   10001fcf f   MSVCRT:tncleanup.obj
 0001:00000fdb       __RTC_Initialize           10001fdb f   MSVCRT:_initsect_.obj
 0001:00001001       __RTC_Terminate            10002001 f   MSVCRT:_initsect_.obj
 0001:00001030       __ValidateImageBase        10002030 f   MSVCRT:pesect.obj
 0001:00001070       __FindPESection            10002070 f   MSVCRT:pesect.obj
 0001:000010c0       __IsNonwritableInCurrentImage 100020c0 f   MSVCRT:pesect.obj
 0001:0000117e       __initterm                 1000217e f   MSVCRT:MSVCR90.dll
 0001:00001184       __initterm_e               10002184 f   MSVCRT:MSVCR90.dll
 0001:0000118a       __amsg_exit                1000218a f   MSVCRT:MSVCR90.dll
 0001:00001190       ___CppXcptFilter           10002190 f   MSVCRT:MSVCR90.dll
 0001:00001196       _DllMain@12                10002196 f   MSVCRT:dllmain.obj
 0001:000011ba       ___security_init_cookie    100021ba f   MSVCRT:gs_support.obj
 0001:00001250       @__security_check_cookie@4 10002250 f   MSVCRT:secchk.obj
 0001:00001260       __except_handler4_common   10002260 f   MSVCRT:MSVCR90.dll
 0001:00001266       ?terminate@@YAXXZ          10002266 f   MSVCRT:MSVCR90.dll
 0001:0000126c       ??1type_info@@UAE@XZ       1000226c f   MSVCRT:MSVCR90.dll
 0001:0000126c       ?_type_info_dtor_internal_method@type_info@@QAEXXZ 1000226c f   MSVCRT:MSVCR90.dll
 0001:00001272       ___clean_type_info_names_internal 10002272 f   MSVCRT:MSVCR90.dll
 0001:00001278       ___report_gsfailure        10002278 f   MSVCRT:gs_report.obj
 0001:0000137e       __crt_debugger_hook        1000237e f   MSVCRT:MSVCR90.dll
 0001:00001390       ?suicide@IRoot@core@UModSys@@UAEXXZ 10002390 f   umodsys_lib_core:umodsys.core.objects.obj
 0001:000013a0       ??1IRoot@core@UModSys@@UAE@XZ 100023a0 f   umodsys_lib_core:umodsys.core.objects.obj
 0001:000013b0       ??1IRefObject@core@UModSys@@UAE@XZ 100023b0 f   umodsys_lib_core:umodsys.core.objects.obj
 0001:000013c0       ??3IRoot@core@UModSys@@SAXPAXABUSIMemAlloc@12@@Z 100023c0 f   umodsys_lib_core:umodsys.core.objects.obj
 0001:000013e0       ??2IRoot@core@UModSys@@SAPAXIABUSIMemAlloc@12@@Z 100023e0 f   umodsys_lib_core:umodsys.core.objects.obj
 0001:000013f0       ?s_unresolve@SUniquePointer@core@UModSys@@SAXPAUIUniquePointerResolver@23@@Z 100023f0 f   umodsys_lib_core:umodsys.core.uniqueptr.obj
 0001:00001430       ?s_resolve@SUniquePointer@core@UModSys@@SAXPAUIUniquePointerResolver@23@@Z 10002430 f   umodsys_lib_core:umodsys.core.uniqueptr.obj
 0001:00001480       ??1SUniquePointer@core@UModSys@@QAE@XZ 10002480 f   umodsys_lib_core:umodsys.core.uniqueptr.obj
 0001:000014b0       ??0SUniquePointer@core@UModSys@@QAE@H@Z 100024b0 f   umodsys_lib_core:umodsys.core.uniqueptr.obj
 0001:000014d0       ??0SUniquePointer@core@UModSys@@QAE@PBD0H@Z 100024d0 f   umodsys_lib_core:umodsys.core.uniqueptr.obj
 0001:00001520       ??1IModuleLibraryReg@base@UModSys@@UAE@XZ 10002520 f   umodsys_lib_base:umodsys.base.modulereg.obj
 0001:00001530       ??0IModuleLibraryReg@base@UModSys@@QAE@XZ 10002530 f   umodsys_lib_base:umodsys.base.modulereg.obj
 0001:00001540       ?mr_close@IModuleReg@base@UModSys@@UAE_NXZ 10002540 f   umodsys_lib_base:umodsys.base.modulereg.obj
 0001:00001550       ?mr_open@IModuleReg@base@UModSys@@UAE_NXZ 10002550 f   umodsys_lib_base:umodsys.base.modulereg.obj
 0001:00001570       ?mr_isopen@IModuleReg@base@UModSys@@UBE_NXZ 10002570 f   umodsys_lib_base:umodsys.base.modulereg.obj
 0001:00001580       ??1IModuleReg@base@UModSys@@UAE@XZ 10002580 f   umodsys_lib_base:umodsys.base.modulereg.obj
 0001:00001590       ??0IModuleReg@base@UModSys@@QAE@XZ 10002590 f   umodsys_lib_base:umodsys.base.modulereg.obj
 0001:000015c0       _UModSys_Plugin_Entry2@0   100025c0 f   umodsys_lib_base:umodsys.so_main.win32.obj
 0001:000015d0       ??1RModuleLibraryReg_Chain@base@UModSys@@UAE@XZ 100025d0 f   umodsys_lib_base:umodsys.base.moduleregchain.obj
 0001:000015e0       ??0RModuleLibraryReg_Chain@base@UModSys@@QAE@XZ 100025e0 f   umodsys_lib_base:umodsys.base.moduleregchain.obj
 0001:00001600       ?s_get@SModuleRegChain@base@UModSys@@SAPAUIModuleReg@23@I@Z 10002600 f   umodsys_lib_base:umodsys.base.moduleregchain.obj
 0001:00001630       ??1SModuleRegChain@base@UModSys@@QAE@XZ 10002630 f   umodsys_lib_base:umodsys.base.moduleregchain.obj
 0001:00001660       ??0SModuleRegChain@base@UModSys@@QAE@AAUIModuleReg@12@@Z 10002660 f   umodsys_lib_base:umodsys.base.moduleregchain.obj
 0001:000016a0       ?mlr_isopen@RModuleLibraryReg_Chain@base@UModSys@@UBE_NXZ 100026a0 f   umodsys_lib_base:umodsys.base.moduleregchain.obj
 0001:000016b0       ?mlr_close@RModuleLibraryReg_Chain@base@UModSys@@UAE_NXZ 100026b0 f   umodsys_lib_base:umodsys.base.moduleregchain.obj
 0001:000016e0       ?mlr_open@RModuleLibraryReg_Chain@base@UModSys@@UAE_NPAUISystem@23@PAUIMemAlloc@core@3@@Z 100026e0 f   umodsys_lib_base:umodsys.base.moduleregchain.obj
 0001:00001710       ?mlr_get@RModuleLibraryReg_Chain@base@UModSys@@UBEPAUIModuleReg@23@I@Z 10002710 f   umodsys_lib_base:umodsys.base.moduleregchain.obj
 0001:00001720       ?mlr_count@RModuleLibraryReg_Chain@base@UModSys@@UBEIXZ 10002720 f   umodsys_lib_base:umodsys.base.moduleregchain.obj
 0001:00001740       ??0SModuleRegChain@base@UModSys@@QAE@H@Z 10002740 f   umodsys_lib_base:umodsys.base.moduleregchain.obj
 0001:00001750       ??1SModuleInfo@base@UModSys@@QAE@XZ 10002750 f   umodsys_lib_base:umodsys.base.moduleinfo.obj
 0001:00001760       ?set@SModuleInfo@base@UModSys@@QAEXPBDHH0@Z 10002760 f   umodsys_lib_base:umodsys.base.moduleinfo.obj
 0001:000017d0       ??0SModuleInfo@base@UModSys@@QAE@XZ 100027d0 f   umodsys_lib_base:umodsys.base.moduleinfo.obj
 0001:000017f0       ?Link@SModuleContext@base@UModSys@@QAEXPAUISystem@23@PAUIMemAlloc@core@3@@Z 100027f0 f   umodsys_lib_base:umodsys.base.modulecontext.obj
 0001:00001840       ??1SModuleContext@base@UModSys@@QAE@XZ 10002840 f   umodsys_lib_base:umodsys.base.modulecontext.obj
 0001:00001850       ?get_paramworker@SParameters@core@UModSys@@KAPAUIParameters@23@XZ 10002850 f   umodsys_lib_base:umodsys.base.modulecontext.obj
 0001:00001860       ??0SModuleContext@base@UModSys@@QAE@XZ 10002860 f   umodsys_lib_base:umodsys.base.modulecontext.obj
 0001:00001880       ?s_holder@RTest1_Generator@test1@UModSys@@SAAAU?$TTypeStaticHolder@URTest1_Generator@test1@UModSys@@@tl@3@XZ 10002880 f   plugin_test1.obj
 0001:000018c0       ?mod_dec@RTest1_Generator@test1@UModSys@@UBE_NXZ 100028c0 f   plugin_test1.obj
 0001:000018d0       ?mod_inc@RTest1_Generator@test1@UModSys@@UBE_NXZ 100028d0 f   plugin_test1.obj
 0001:000018e0       ?get_module@RTest1_Generator@test1@UModSys@@UBEPAUIModule@base@3@XZ 100028e0 f   plugin_test1.obj
 0001:000018f0       ?s_unreg@RTest1_Generator@test1@UModSys@@SA_NPAUIModuleReg@base@3@@Z 100028f0 f   plugin_test1.obj
 0001:00001950       ?s_reg@RTest1_Generator@test1@UModSys@@SA_NPAUIModuleReg@base@3@@Z 10002950 f   plugin_test1.obj
 0001:000019b0       ?add@SUniquePtrList@core@UModSys@@QAE_NPBUSUniquePointerInfo@23@@Z 100029b0 f   umodsys_lib_core:umodsys.core.uniqueptrlist.obj
 0001:00001a00       ___CxxFrameHandler3        10002a00 f   MSVCRT:MSVCR90.dll
 0001:00001a10       __chkstk                   10002a10 f   MSVCRT:chkstk.obj
 0001:00001a10       __alloca_probe             10002a10     MSVCRT:chkstk.obj
 0002:00000000       __imp__SetUnhandledExceptionFilter@4 10004000     kernel32:KERNEL32.dll
 0002:00000004       __imp__UnhandledExceptionFilter@4 10004004     kernel32:KERNEL32.dll
 0002:00000008       __imp__GetCurrentProcess@0 10004008     kernel32:KERNEL32.dll
 0002:0000000c       __imp__TerminateProcess@8  1000400c     kernel32:KERNEL32.dll
 0002:00000010       __imp__GetSystemTimeAsFileTime@4 10004010     kernel32:KERNEL32.dll
 0002:00000014       __imp__GetCurrentProcessId@0 10004014     kernel32:KERNEL32.dll
 0002:00000018       __imp__GetCurrentThreadId@0 10004018     kernel32:KERNEL32.dll
 0002:0000001c       __imp__GetTickCount@0      1000401c     kernel32:KERNEL32.dll
 0002:00000020       __imp__QueryPerformanceCounter@4 10004020     kernel32:KERNEL32.dll
 0002:00000024       __imp__DisableThreadLibraryCalls@4 10004024     kernel32:KERNEL32.dll
 0002:00000028       __imp__InterlockedCompareExchange@12 10004028     kernel32:KERNEL32.dll
 0002:0000002c       __imp__Sleep@4             1000402c     kernel32:KERNEL32.dll
 0002:00000030       __imp__InterlockedExchange@8 10004030     kernel32:KERNEL32.dll
 0002:00000034       __imp__IsDebuggerPresent@0 10004034     kernel32:KERNEL32.dll
 0002:00000038       \177KERNEL32_NULL_THUNK_DATA 10004038     kernel32:KERNEL32.dll
 0002:0000003c       __imp___amsg_exit          1000403c     MSVCRT:MSVCR90.dll
 0002:00000040       __imp___adjust_fdiv        10004040     MSVCRT:MSVCR90.dll
 0002:00000044       __imp____CppXcptFilter     10004044     MSVCRT:MSVCR90.dll
 0002:00000048       __imp___initterm_e         10004048     MSVCRT:MSVCR90.dll
 0002:0000004c       __imp_?terminate@@YAXXZ    1000404c     MSVCRT:MSVCR90.dll
 0002:00000050       __imp_?_type_info_dtor_internal_method@type_info@@QAEXXZ 10004050     MSVCRT:MSVCR90.dll
 0002:00000054       __imp____clean_type_info_names_internal 10004054     MSVCRT:MSVCR90.dll
 0002:00000058       __imp___crt_debugger_hook  10004058     MSVCRT:MSVCR90.dll
 0002:0000005c       __imp___initterm           1000405c     MSVCRT:MSVCR90.dll
 0002:00000060       __imp___encoded_null       10004060     MSVCRT:MSVCR90.dll
 0002:00000064       __imp___malloc_crt         10004064     MSVCRT:MSVCR90.dll
 0002:00000068       __imp___decode_pointer     10004068     MSVCRT:MSVCR90.dll
 0002:0000006c       __imp___onexit             1000406c     MSVCRT:MSVCR90.dll
 0002:00000070       __imp___lock               10004070     MSVCRT:MSVCR90.dll
 0002:00000074       __imp___encode_pointer     10004074     MSVCRT:MSVCR90.dll
 0002:00000078       __imp____dllonexit         10004078     MSVCRT:MSVCR90.dll
 0002:0000007c       __imp___unlock             1000407c     MSVCRT:MSVCR90.dll
 0002:00000080       __imp__free                10004080     MSVCRT:MSVCR90.dll
 0002:00000084       __imp_??3@YAXPAX@Z         10004084     MSVCRT:MSVCR90.dll
 0002:00000088       __imp___purecall           10004088     MSVCRT:MSVCR90.dll
 0002:0000008c       __imp___except_handler4_common 1000408c     MSVCRT:MSVCR90.dll
 0002:00000090       __imp__strstr              10004090     MSVCRT:MSVCR90.dll
 0002:00000094       __imp____CxxFrameHandler3  10004094     MSVCRT:MSVCR90.dll
 0002:00000098       \177MSVCR90_NULL_THUNK_DATA 10004098     MSVCRT:MSVCR90.dll
 0002:0000009c       ___xc_a                    1000409c     MSVCRT:cinitexe.obj
 0002:000001ac       ___xc_z                    100041ac     MSVCRT:cinitexe.obj
 0002:000001b0       ___xi_a                    100041b0     MSVCRT:cinitexe.obj
 0002:000001b8       ___xi_z                    100041b8     MSVCRT:cinitexe.obj
 0002:000001c4       ??_7type_info@@6B@         100041c4     MSVCRT:ti_inst.obj
 0002:000001c8       __pDefaultRawDllMain       100041c8     MSVCRT:crtdll.obj
 0002:000001c8       __pRawDllMain              100041c8     MSVCRT:crtdll.obj
 0002:000001d4       ??_C@_0P@GHFPNOJB@bad?5allocation?$AA@ 100041d4     plugin_test1.obj
 0002:000001e4       ??_C@_0BF@OCNNAADO@UModSys?3?3core?3?3IRoot?$AA@ 100041e4     plugin_test1.obj
 0002:000001fc       ??_C@_0BK@EMIJFOPA@UModSys?3?3core?3?3IRefObject?$AA@ 100041fc     plugin_test1.obj
 0002:00000218       ??_C@_0BL@IOMMHELF@UModSys?3?3core?3?3IParameters?$AA@ 10004218     plugin_test1.obj
 0002:00000234       ??_C@_0BH@LKDEEPPM@UModSys?3?3base?3?3IModule?$AA@ 10004234     plugin_test1.obj
 0002:0000024c       ??_C@_0BO@PHJOHFCB@UModSys?3?3base?3?3IModuleLibrary?$AA@ 1000424c     plugin_test1.obj
 0002:0000026c       ??_C@_0BK@FDPIOPHG@UModSys?3?3base?3?3IModObject?$AA@ 1000426c     plugin_test1.obj
 0002:00000288       ??_C@_0BK@OIBKNCKJ@UModSys?3?3base?3?3IGenerator?$AA@ 10004288     plugin_test1.obj
 0002:000002a4       ??_C@_0BG@PJBGCMEC@UModSys?3?3base?3?3IShell?$AA@ 100042a4     plugin_test1.obj
 0002:000002bc       ??_C@_0BI@IKAOEFAP@UModSys?3?3base?3?3IConsole?$AA@ 100042bc     plugin_test1.obj
 0002:000002d4       ??_C@_0BH@PFCONEJJ@UModSys?3?3base?3?3ISystem?$AA@ 100042d4     plugin_test1.obj
 0002:000002ec       ??_C@_0BO@DAFEALKL@UModSys?3?3media?3?3IStreamReader?$AA@ 100042ec     plugin_test1.obj
 0002:0000030c       ??_C@_0BO@BMNGAKHB@UModSys?3?3media?3?3IStreamWriter?$AA@ 1000430c     plugin_test1.obj
 0002:0000032c       ??_C@_0BN@CNGMNOHH@UModSys?3?3media?3?3IDataArchive?$AA@ 1000432c     plugin_test1.obj
 0002:0000034c       ??_C@_0BN@FAEMELKH@UModSys?3?3test1?3?3RTest1_Shell?$AA@ 1000434c     plugin_test1.obj
 0002:0000036c       ??_C@_0BC@NIGGCDMG@RTest1_Shell?$CI?$CJ?5?$HL?6?$AA@ 1000436c     plugin_test1.obj
 0002:00000380       ??_C@_0CL@BCMGJOII@UModSys?3?3test1?3?3RTest1_Shell?3?3RT@ 10004380     plugin_test1.obj
 0002:000003ac       ??_C@_0CK@OICDGBDJ@?4?4?2?4?4?2?4?4?2src?2plugin?2test?2plugin_@ 100043ac     plugin_test1.obj
 0002:000003d8       ??_C@_05HGMEJBME@_FILE?$AA@ 100043d8     plugin_test1.obj
 0002:000003e0       ??_C@_0BE@NGMPLFFH@?5?5found?5reader?3?5?$CFs?6?$AA@ 100043e0     plugin_test1.obj
 0002:000003f4       ??_C@_0O@CMKKEPPD@read?9test?4txt?$AA@ 100043f4     plugin_test1.obj
 0002:00000404       ??_C@_08BABJIOEM@filename?$AA@ 10004404     plugin_test1.obj
 0002:00000410       ??_C@_0O@OKDOBIEG@?5?5read?3?5?$HL?$CFs?$HN?6?$AA@ 10004410     plugin_test1.obj
 0002:00000420       ??_C@_0BF@BMCPNMPN@?$HN?5?1?1?5RTest1_Shell?$CI?$CJ?6?$AA@ 10004420     plugin_test1.obj
 0002:00000438       ??_C@_0CM@DLLPFCHF@UModSys?3?3test1?3?3RTest1_Shell?3?3?$HOR@ 10004438     plugin_test1.obj
 0002:00000464       ??_C@_0BB@MLDFLEML@?$HORTest1_Shell?$CI?$CJ?6?$AA@ 10004464     plugin_test1.obj
 0002:00000478       ??_C@_0BJ@CCPCJEPP@RTest1_Shell?3?3connect?$CI?$CJ?6?$AA@ 10004478     plugin_test1.obj
 0002:00000494       ??_C@_0BM@KBDBHLN@RTest1_Shell?3?3disconnect?$CI?$CJ?6?$AA@ 10004494     plugin_test1.obj
 0002:000004b0       ??_C@_0BI@PGLACHLJ@RTest1_Shell?3?3tick?$CI?$CFg?$CJ?6?$AA@ 100044b0     plugin_test1.obj
 0002:000004c8       ??_C@_0BM@JFIEEBE@RTest1_Shell?3?3command?$CI?$CD?$CFd?$CJ?6?$AA@ 100044c8     plugin_test1.obj
 0002:000004e4       ??_C@_0CB@KLHNBAJE@UModSys?3?3test1?3?3RTest1_Generator@ 100044e4     plugin_test1.obj
 0002:00000508       ??_C@_0CI@BGMLNDEB@UModSys?3?3test1?3?3RTest1_Generator@ 10004508     plugin_test1.obj
 0002:00000530       ??_C@_0BA@NMEBLMNE@Test?51?5?9?5module?$AA@ 10004530     plugin_test1.obj
 0002:00000540       ??_C@_05GENPCEMM@Test1?$AA@ 10004540     plugin_test1.obj
 0002:00000548       ??_C@_0BK@LIIMFEEN@RTest1_ModuleReg?3?3open?$CI?$CJ?6?$AA@ 10004548     plugin_test1.obj
 0002:00000564       ??_C@_0BL@GPGMDKM@RTest1_ModuleReg?3?3close?$CI?$CJ?6?$AA@ 10004564     plugin_test1.obj
 0002:00000580       ??_C@_09JGNMLHG@modobject?$AA@ 10004580     plugin_test1.obj
 0002:0000058c       ??_C@_08FCBDOIAH@typeinfo?$AA@ 1000458c     plugin_test1.obj
 0002:0000059c       ??_7IRoot@core@UModSys@@6B@ 1000459c     plugin_test1.obj
 0002:000005bc       ??_7IRefObject@core@UModSys@@6B@ 100045bc     plugin_test1.obj
 0002:000005ec       ??_7RTest1_Generator@test1@UModSys@@6B@ 100045ec     plugin_test1.obj
 0002:00000634       ??_7RTest1_Shell@test1@UModSys@@6B@ 10004634     plugin_test1.obj
 0002:00000670       ??_7RTest1_ModuleReg@test1@UModSys@@6B@ 10004670     plugin_test1.obj
 0002:0000068c       ??_7RModuleLibraryReg_Chain@base@UModSys@@6B@ 1000468c     umodsys_lib_base:umodsys.base.moduleregchain.obj
 0002:000006a8       ??_7IModuleReg@base@UModSys@@6B@ 100046a8     umodsys_lib_base:umodsys.base.modulereg.obj
 0002:000006c4       ??_7IModuleLibraryReg@base@UModSys@@6B@ 100046c4     umodsys_lib_base:umodsys.base.modulereg.obj
 0002:000006e0       __real@3f50624dd2f1a9fc    100046e0      CIL library: CIL module
 0002:000006e8       __load_config_used         100046e8     MSVCRT:loadcfg.obj
 0002:00000730       ??_R4type_info@@6B@        10004730     MSVCRT:ti_inst.obj
 0002:00000744       ??_R3type_info@@8          10004744     MSVCRT:ti_inst.obj
 0002:00000754       ??_R2type_info@@8          10004754     MSVCRT:ti_inst.obj
 0002:0000075c       ??_R1A@?0A@EA@type_info@@8 1000475c     MSVCRT:ti_inst.obj
 0002:00000778       ??_R4RTest1_ModuleReg@test1@UModSys@@6B@ 10004778     plugin_test1.obj
 0002:0000078c       ??_R3RTest1_ModuleReg@test1@UModSys@@8 1000478c     plugin_test1.obj
 0002:0000079c       ??_R2RTest1_ModuleReg@test1@UModSys@@8 1000479c     plugin_test1.obj
 0002:000007a8       ??_R1A@?0A@EA@IModuleReg@base@UModSys@@8 100047a8     plugin_test1.obj
 0002:000007c4       ??_R3IModuleReg@base@UModSys@@8 100047c4     plugin_test1.obj
 0002:000007d4       ??_R2IModuleReg@base@UModSys@@8 100047d4     plugin_test1.obj
 0002:000007dc       ??_R1A@?0A@EA@RTest1_ModuleReg@test1@UModSys@@8 100047dc     plugin_test1.obj
 0002:000007f8       ??_R4RTest1_Shell@test1@UModSys@@6B@ 100047f8     plugin_test1.obj
 0002:0000080c       ??_R3RTest1_Shell@test1@UModSys@@8 1000480c     plugin_test1.obj
 0002:0000081c       ??_R2RTest1_Shell@test1@UModSys@@8 1000481c     plugin_test1.obj
 0002:00000830       ??_R1A@?0A@EA@RTest1_Shell@test1@UModSys@@8 10004830     plugin_test1.obj
 0002:0000084c       ??_R4RTest1_Generator@test1@UModSys@@6B@ 1000484c     plugin_test1.obj
 0002:00000860       ??_R3RTest1_Generator@test1@UModSys@@8 10004860     plugin_test1.obj
 0002:00000870       ??_R2RTest1_Generator@test1@UModSys@@8 10004870     plugin_test1.obj
 0002:00000888       ??_R1A@?0A@EA@RTest1_Generator@test1@UModSys@@8 10004888     plugin_test1.obj
 0002:000008a4       ??_R3IShell@base@UModSys@@8 100048a4     plugin_test1.obj
 0002:000008b4       ??_R2IShell@base@UModSys@@8 100048b4     plugin_test1.obj
 0002:000008c4       ??_R1A@?0A@EA@IShell@base@UModSys@@8 100048c4     plugin_test1.obj
 0002:000008e0       ??_R3IGenerator@base@UModSys@@8 100048e0     plugin_test1.obj
 0002:000008f0       ??_R2IGenerator@base@UModSys@@8 100048f0     plugin_test1.obj
 0002:00000904       ??_R1A@?0A@EA@IGenerator@base@UModSys@@8 10004904     plugin_test1.obj
 0002:00000920       ??_R3IModObject@base@UModSys@@8 10004920     plugin_test1.obj
 0002:00000930       ??_R2IModObject@base@UModSys@@8 10004930     plugin_test1.obj
 0002:00000940       ??_R1A@?0A@EA@IModObject@base@UModSys@@8 10004940     plugin_test1.obj
 0002:0000095c       ??_R4IRefObject@core@UModSys@@6B@ 1000495c     plugin_test1.obj
 0002:00000970       ??_R3IRefObject@core@UModSys@@8 10004970     plugin_test1.obj
 0002:00000980       ??_R2IRefObject@core@UModSys@@8 10004980     plugin_test1.obj
 0002:0000098c       ??_R1A@?0A@EA@IRefObject@core@UModSys@@8 1000498c     plugin_test1.obj
 0002:000009a8       ??_R4IRoot@core@UModSys@@6B@ 100049a8     plugin_test1.obj
 0002:000009bc       ??_R3IRoot@core@UModSys@@8 100049bc     plugin_test1.obj
 0002:000009cc       ??_R2IRoot@core@UModSys@@8 100049cc     plugin_test1.obj
 0002:000009d4       ??_R1A@?0A@EA@IRoot@core@UModSys@@8 100049d4     plugin_test1.obj
 0002:000009f0       ??_R4RModuleLibraryReg_Chain@base@UModSys@@6B@ 100049f0     umodsys_lib_base:umodsys.base.moduleregchain.obj
 0002:00000a04       ??_R3RModuleLibraryReg_Chain@base@UModSys@@8 10004a04     umodsys_lib_base:umodsys.base.moduleregchain.obj
 0002:00000a14       ??_R2RModuleLibraryReg_Chain@base@UModSys@@8 10004a14     umodsys_lib_base:umodsys.base.moduleregchain.obj
 0002:00000a20       ??_R1A@?0A@EA@IModuleLibraryReg@base@UModSys@@8 10004a20     umodsys_lib_base:umodsys.base.moduleregchain.obj
 0002:00000a3c       ??_R3IModuleLibraryReg@base@UModSys@@8 10004a3c     umodsys_lib_base:umodsys.base.moduleregchain.obj
 0002:00000a4c       ??_R2IModuleLibraryReg@base@UModSys@@8 10004a4c     umodsys_lib_base:umodsys.base.moduleregchain.obj
 0002:00000a54       ??_R1A@?0A@EA@RModuleLibraryReg_Chain@base@UModSys@@8 10004a54     umodsys_lib_base:umodsys.base.moduleregchain.obj
 0002:00000a70       ??_R4IModuleLibraryReg@base@UModSys@@6B@ 10004a70     umodsys_lib_base:umodsys.base.modulereg.obj
 0002:00000a84       ??_R4IModuleReg@base@UModSys@@6B@ 10004a84     umodsys_lib_base:umodsys.base.modulereg.obj
 0002:00000aa0       ___safe_se_handler_table   10004aa0     <linker-defined>
 0002:00000ab4       ___rtc_iaa                 10004ab4     MSVCRT:_initsect_.obj
 0002:00000ab8       ___rtc_izz                 10004ab8     MSVCRT:_initsect_.obj
 0002:00000abc       ___rtc_taa                 10004abc     MSVCRT:_initsect_.obj
 0002:00000ac0       ___rtc_tzz                 10004ac0     MSVCRT:_initsect_.obj
 0002:00000c34       __IMPORT_DESCRIPTOR_MSVCR90 10004c34     MSVCRT:MSVCR90.dll
 0002:00000c48       __IMPORT_DESCRIPTOR_KERNEL32 10004c48     kernel32:KERNEL32.dll
 0002:00000c5c       __NULL_IMPORT_DESCRIPTOR   10004c5c     MSVCRT:MSVCR90.dll
 0003:00000000       ??_R0?AVtype_info@@@8      10006000     MSVCRT:ti_inst.obj
 0003:00000018       ___native_dllmain_reason   10006018     MSVCRT:natstart.obj
 0003:0000001c       ___native_vcclrit_reason   1000601c     MSVCRT:natstart.obj
 0003:00000020       ___security_cookie         10006020     MSVCRT:gs_cookie.obj
 0003:00000024       ___security_cookie_complement 10006024     MSVCRT:gs_cookie.obj
 0003:00000028       ??_R0?AUIModuleReg@base@UModSys@@@8 10006028     plugin_test1.obj
 0003:00000050       ??_R0?AURTest1_ModuleReg@test1@UModSys@@@8 10006050     plugin_test1.obj
 0003:00000080       ??_R0?AURTest1_Shell@test1@UModSys@@@8 10006080     plugin_test1.obj
 0003:000000ac       ??_R0?AURTest1_Generator@test1@UModSys@@@8 100060ac     plugin_test1.obj
 0003:000000dc       ??_R0?AUIShell@base@UModSys@@@8 100060dc     plugin_test1.obj
 0003:00000100       ??_R0?AUIGenerator@base@UModSys@@@8 10006100     plugin_test1.obj
 0003:00000128       ??_R0?AUIModObject@base@UModSys@@@8 10006128     plugin_test1.obj
 0003:00000150       ??_R0?AUIRefObject@core@UModSys@@@8 10006150     plugin_test1.obj
 0003:00000178       ??_R0?AUIRoot@core@UModSys@@@8 10006178     plugin_test1.obj
 0003:000001b4       ?so_entry_enabled_flag@base@UModSys@@3HA 100061b4     umodsys_lib_base:umodsys.so_main.win32.obj
 0003:000001c8       ??_R0?AUIModuleLibraryReg@base@UModSys@@@8 100061c8     umodsys_lib_base:umodsys.base.moduleregchain.obj
 0003:000001f8       ??_R0?AURModuleLibraryReg_Chain@base@UModSys@@@8 100061f8     umodsys_lib_base:umodsys.base.moduleregchain.obj
 0003:00000234       __forceCRTManifestRTM      10006234     MSVCRT:crtmanifestrtm.obj
 0003:00000238       ?__type_info_root_node@@3U__type_info_node@@A 10006238     MSVCRT:tncleanup.obj
 0003:0000057c       ?s_modreg@RTest1_ModuleReg@test1@UModSys@@2U123@A 1000657c     plugin_test1.obj
 0003:000005a4       ?s_modreg_chain@RTest1_ModuleReg@test1@UModSys@@2USModuleRegChain@base@3@A 100065a4     plugin_test1.obj
 0003:000005b0       ?s_uid@RTest1_Generator@test1@UModSys@@2USUniquePointer@core@3@A 100065b0     plugin_test1.obj
 0003:000005c8       ?M@UModSys@@3USModuleContext@base@1@A 100065c8     umodsys_lib_base:umodsys.base.modulecontext.obj
 0003:000005d8       ?s_library@RModuleLibraryReg_Chain@base@UModSys@@2U123@A 100065d8     umodsys_lib_base:umodsys.base.moduleregchain.obj
 0003:000005dc       ?root@SModuleRegChain@base@UModSys@@2U123@A 100065dc     umodsys_lib_base:umodsys.base.moduleregchain.obj
 0003:000005e8       ?root@SUniquePointer@core@UModSys@@2U123@A 100065e8     umodsys_lib_core:umodsys.core.uniqueptr.obj
 0003:00000600       ?s_id@?$TObjectUniqueID@UIStreamWriter@media@UModSys@@@tl@UModSys@@2USUniquePointer@core@3@A 10006600     plugin_test1.obj
 0003:00000618       ?s_id@?$TObjectUniqueID@UIRefObject@core@UModSys@@@tl@UModSys@@2USUniquePointer@core@3@A 10006618     plugin_test1.obj
 0003:00000630       ?s_id@?$TObjectUniqueID@UIRoot@core@UModSys@@@tl@UModSys@@2USUniquePointer@core@3@A 10006630     plugin_test1.obj
 0003:00000648       ?s_id@?$TObjectUniqueID@UIModule@base@UModSys@@@tl@UModSys@@2USUniquePointer@core@3@A 10006648     plugin_test1.obj
 0003:00000660       ?s_id@?$TObjectUniqueID@UIDataArchive@media@UModSys@@@tl@UModSys@@2USUniquePointer@core@3@A 10006660     plugin_test1.obj
 0003:00000678       ?s_id@?$TObjectUniqueID@UIGenerator@base@UModSys@@@tl@UModSys@@2USUniquePointer@core@3@A 10006678     plugin_test1.obj
 0003:00000690       ?s_id@?$TObjectUniqueID@UIModuleLibrary@base@UModSys@@@tl@UModSys@@2USUniquePointer@core@3@A 10006690     plugin_test1.obj
 0003:000006a8       ?s_id@?$TObjectUniqueID@URTest1_Shell@test1@UModSys@@@tl@UModSys@@2USUniquePointer@core@3@A 100066a8     plugin_test1.obj
 0003:000006c0       ?s_id@?$TObjectUniqueID@UIParameters@core@UModSys@@@tl@UModSys@@2USUniquePointer@core@3@A 100066c0     plugin_test1.obj
 0003:000006d8       ?s_id@?$TObjectUniqueID@UISystem@base@UModSys@@@tl@UModSys@@2USUniquePointer@core@3@A 100066d8     plugin_test1.obj
 0003:000006f0       ?s_id@?$TObjectUniqueID@UIModObject@base@UModSys@@@tl@UModSys@@2USUniquePointer@core@3@A 100066f0     plugin_test1.obj
 0003:00000708       ?s_id@?$TObjectUniqueID@URTest1_Generator@test1@UModSys@@@tl@UModSys@@2USUniquePointer@core@3@A 10006708     plugin_test1.obj
 0003:00000720       ?s_id@?$TObjectUniqueID@UIStreamReader@media@UModSys@@@tl@UModSys@@2USUniquePointer@core@3@A 10006720     plugin_test1.obj
 0003:00000738       ?s_id@?$TObjectUniqueID@UIShell@base@UModSys@@@tl@UModSys@@2USUniquePointer@core@3@A 10006738     plugin_test1.obj
 0003:00000750       ?s_id@?$TObjectUniqueID@UIConsole@base@UModSys@@@tl@UModSys@@2USUniquePointer@core@3@A 10006750     plugin_test1.obj
 0003:00000768       __adjust_fdiv              10006768     <common>
 0003:0000076c       ___native_startup_state    1000676c     <common>
 0003:00000770       ___native_startup_lock     10006770     <common>
 0003:00000774       ___dyn_tls_init_callback   10006774     <common>
 0003:00000778       ___onexitend               10006778     <common>
 0003:0000077c       ___onexitbegin             1000677c     <common>

 entry point at        0001:00000e5b

 Static symbols

 0001:00000ad0       _pre_c_init                10001ad0 f   MSVCRT:crtdll.obj
 0001:00000d45       ___DllMainCRTStartup       10001d45 f   MSVCRT:crtdll.obj
 0001:00001a40       __unwindfunclet$??1RTest1_Shell@test1@UModSys@@UAE@XZ$0 10002a40 f    CIL library: CIL module
 0001:00001a48       __unwindfunclet$??1RTest1_Shell@test1@UModSys@@UAE@XZ$1 10002a48 f    CIL library: CIL module
 0001:00001a53       __ehhandler$??1RTest1_Shell@test1@UModSys@@UAE@XZ 10002a53 f    CIL library: CIL module
 0001:00001a60       __unwindfunclet$??$t_generate@UIStreamReader@media@UModSys@@@SModuleContext@base@UModSys@@QAE_NAAU?$TRefObject@UIStreamReader@media@UModSys@@@tl@2@PBUSUniquePointerInfo@core@2@ABUSParameters@62@@Z$0 10002a60 f    CIL library: CIL module
 0001:00001a60       __unwindfunclet$?suicide@RTest1_Shell@test1@UModSys@@UAEXXZ$0 10002a60 f    CIL library: CIL module
 0001:00001a68       __ehhandler$?suicide@RTest1_Shell@test1@UModSys@@UAEXXZ 10002a68 f    CIL library: CIL module
 0001:00001a68       __ehhandler$??$t_generate@UIStreamReader@media@UModSys@@@SModuleContext@base@UModSys@@QAE_NAAU?$TRefObject@UIStreamReader@media@UModSys@@@tl@2@PBUSUniquePointerInfo@core@2@ABUSParameters@62@@Z 10002a68 f    CIL library: CIL module
 0001:00001a80       __unwindfunclet$??0RTest1_Shell@test1@UModSys@@QAE@PAUIModObject@base@2@@Z$0 10002a80 f    CIL library: CIL module
 0001:00001a88       __unwindfunclet$??0RTest1_Shell@test1@UModSys@@QAE@PAUIModObject@base@2@@Z$1 10002a88 f    CIL library: CIL module
 0001:00001a93       __unwindfunclet$??0RTest1_Shell@test1@UModSys@@QAE@PAUIModObject@base@2@@Z$2 10002a93 f    CIL library: CIL module
 0001:00001a9e       __ehhandler$??0RTest1_Shell@test1@UModSys@@QAE@PAUIModObject@base@2@@Z 10002a9e f    CIL library: CIL module
 0001:00001ab0       __unwindfunclet$?generate@RTest1_Generator@test1@UModSys@@UAE_NAAU?$TRefObject@UIRefObject@core@UModSys@@@tl@3@PBUSUniquePointerInfo@core@3@ABUSParameters@73@@Z$0 10002ab0 f    CIL library: CIL module
 0001:00001abe       __ehhandler$?generate@RTest1_Generator@test1@UModSys@@UAE_NAAU?$TRefObject@UIRefObject@core@UModSys@@@tl@3@PBUSUniquePointerInfo@core@3@ABUSParameters@73@@Z 10002abe f    CIL library: CIL module
 0001:00001ad0       ??__E?s_modreg@RTest1_ModuleReg@test1@UModSys@@2U123@A@@YAXXZ 10002ad0 f    CIL library: CIL module
 0001:00001b00       ??__E?s_modreg_chain@RTest1_ModuleReg@test1@UModSys@@2USModuleRegChain@base@3@A@@YAXXZ 10002b00 f    CIL library: CIL module
 0001:00001b20       ??__E?s_uid@RTest1_Generator@test1@UModSys@@2USUniquePointer@core@3@A@@YAXXZ 10002b20 f    CIL library: CIL module
 0001:00001b50       ??__E?s_id@?$TObjectUniqueID@UIRoot@core@UModSys@@@tl@UModSys@@2USUniquePointer@core@3@A@@YAXXZ 10002b50 f    CIL library: CIL module
 0001:00001b80       ??__E?s_id@?$TObjectUniqueID@UIRefObject@core@UModSys@@@tl@UModSys@@2USUniquePointer@core@3@A@@YAXXZ 10002b80 f    CIL library: CIL module
 0001:00001bb0       ??__E?s_id@?$TObjectUniqueID@UIParameters@core@UModSys@@@tl@UModSys@@2USUniquePointer@core@3@A@@YAXXZ 10002bb0 f    CIL library: CIL module
 0001:00001be0       ??__E?s_id@?$TObjectUniqueID@UIModule@base@UModSys@@@tl@UModSys@@2USUniquePointer@core@3@A@@YAXXZ 10002be0 f    CIL library: CIL module
 0001:00001c10       ??__E?s_id@?$TObjectUniqueID@UIModuleLibrary@base@UModSys@@@tl@UModSys@@2USUniquePointer@core@3@A@@YAXXZ 10002c10 f    CIL library: CIL module
 0001:00001c40       ??__E?s_id@?$TObjectUniqueID@UIModObject@base@UModSys@@@tl@UModSys@@2USUniquePointer@core@3@A@@YAXXZ 10002c40 f    CIL library: CIL module
 0001:00001c70       ??__E?s_id@?$TObjectUniqueID@UIGenerator@base@UModSys@@@tl@UModSys@@2USUniquePointer@core@3@A@@YAXXZ 10002c70 f    CIL library: CIL module
 0001:00001ca0       ??__E?s_id@?$TObjectUniqueID@UIShell@base@UModSys@@@tl@UModSys@@2USUniquePointer@core@3@A@@YAXXZ 10002ca0 f    CIL library: CIL module
 0001:00001cd0       ??__E?s_id@?$TObjectUniqueID@UIConsole@base@UModSys@@@tl@UModSys@@2USUniquePointer@core@3@A@@YAXXZ 10002cd0 f    CIL library: CIL module
 0001:00001d00       ??__E?s_id@?$TObjectUniqueID@UISystem@base@UModSys@@@tl@UModSys@@2USUniquePointer@core@3@A@@YAXXZ 10002d00 f    CIL library: CIL module
 0001:00001d30       ??__E?s_id@?$TObjectUniqueID@UIStreamReader@media@UModSys@@@tl@UModSys@@2USUniquePointer@core@3@A@@YAXXZ 10002d30 f    CIL library: CIL module
 0001:00001d60       ??__E?s_id@?$TObjectUniqueID@UIStreamWriter@media@UModSys@@@tl@UModSys@@2USUniquePointer@core@3@A@@YAXXZ 10002d60 f    CIL library: CIL module
 0001:00001d90       ??__E?s_id@?$TObjectUniqueID@UIDataArchive@media@UModSys@@@tl@UModSys@@2USUniquePointer@core@3@A@@YAXXZ 10002d90 f    CIL library: CIL module
 0001:00001dc0       ??__E?s_id@?$TObjectUniqueID@URTest1_Shell@test1@UModSys@@@tl@UModSys@@2USUniquePointer@core@3@A@@YAXXZ 10002dc0 f    CIL library: CIL module
 0001:00001df0       ??__E?s_id@?$TObjectUniqueID@URTest1_Generator@test1@UModSys@@@tl@UModSys@@2USUniquePointer@core@3@A@@YAXXZ 10002df0 f    CIL library: CIL module
 0001:00001e20       ??__EM@UModSys@@YAXXZ      10002e20 f    CIL library: CIL module
 0001:00001e40       ??__E?root@SModuleRegChain@base@UModSys@@2U123@A@@YAXXZ 10002e40 f    CIL library: CIL module
 0001:00001e60       ??__E?s_library@RModuleLibraryReg_Chain@base@UModSys@@2U123@A@@YAXXZ 10002e60 f    CIL library: CIL module
 0001:00001e80       ??__E?root@SUniquePointer@core@UModSys@@2U123@A@@YAXXZ 10002e80 f    CIL library: CIL module
 0001:00001ea0       ??__F?s_modreg@RTest1_ModuleReg@test1@UModSys@@2U123@A@@YAXXZ 10002ea0 f    CIL library: CIL module
 0001:00001ec0       ??__F?s_modreg_chain@RTest1_ModuleReg@test1@UModSys@@2USModuleRegChain@base@3@A@@YAXXZ 10002ec0 f    CIL library: CIL module
 0001:00001ed0       ??__F?s_uid@RTest1_Generator@test1@UModSys@@2USUniquePointer@core@3@A@@YAXXZ 10002ed0 f    CIL library: CIL module
 0001:00001ee0       ??__Fh@?1??s_holder@RTest1_Generator@test1@UModSys@@SAAAU?$TTypeStaticHolder@URTest1_Generator@test1@UModSys@@@tl@3@XZ@YAXXZ 10002ee0 f    CIL library: CIL module
 0001:00001f00       ??__F?s_id@?$TObjectUniqueID@URTest1_Generator@test1@UModSys@@@tl@UModSys@@2USUniquePointer@core@3@A@@YAXXZ 10002f00 f    CIL library: CIL module
 0001:00001f10       ??__F?s_id@?$TObjectUniqueID@URTest1_Shell@test1@UModSys@@@tl@UModSys@@2USUniquePointer@core@3@A@@YAXXZ 10002f10 f    CIL library: CIL module
 0001:00001f20       ??__F?s_id@?$TObjectUniqueID@UIDataArchive@media@UModSys@@@tl@UModSys@@2USUniquePointer@core@3@A@@YAXXZ 10002f20 f    CIL library: CIL module
 0001:00001f30       ??__F?s_id@?$TObjectUniqueID@UIStreamWriter@media@UModSys@@@tl@UModSys@@2USUniquePointer@core@3@A@@YAXXZ 10002f30 f    CIL library: CIL module
 0001:00001f40       ??__F?s_id@?$TObjectUniqueID@UIStreamReader@media@UModSys@@@tl@UModSys@@2USUniquePointer@core@3@A@@YAXXZ 10002f40 f    CIL library: CIL module
 0001:00001f50       ??__F?s_id@?$TObjectUniqueID@UISystem@base@UModSys@@@tl@UModSys@@2USUniquePointer@core@3@A@@YAXXZ 10002f50 f    CIL library: CIL module
 0001:00001f60       ??__F?s_id@?$TObjectUniqueID@UIConsole@base@UModSys@@@tl@UModSys@@2USUniquePointer@core@3@A@@YAXXZ 10002f60 f    CIL library: CIL module
 0001:00001f70       ??__F?s_id@?$TObjectUniqueID@UIShell@base@UModSys@@@tl@UModSys@@2USUniquePointer@core@3@A@@YAXXZ 10002f70 f    CIL library: CIL module
 0001:00001f80       ??__F?s_id@?$TObjectUniqueID@UIGenerator@base@UModSys@@@tl@UModSys@@2USUniquePointer@core@3@A@@YAXXZ 10002f80 f    CIL library: CIL module
 0001:00001f90       ??__F?s_id@?$TObjectUniqueID@UIModObject@base@UModSys@@@tl@UModSys@@2USUniquePointer@core@3@A@@YAXXZ 10002f90 f    CIL library: CIL module
 0001:00001fa0       ??__F?s_id@?$TObjectUniqueID@UIModuleLibrary@base@UModSys@@@tl@UModSys@@2USUniquePointer@core@3@A@@YAXXZ 10002fa0 f    CIL library: CIL module
 0001:00001fb0       ??__F?s_id@?$TObjectUniqueID@UIModule@base@UModSys@@@tl@UModSys@@2USUniquePointer@core@3@A@@YAXXZ 10002fb0 f    CIL library: CIL module
 0001:00001fc0       ??__F?s_id@?$TObjectUniqueID@UIParameters@core@UModSys@@@tl@UModSys@@2USUniquePointer@core@3@A@@YAXXZ 10002fc0 f    CIL library: CIL module
 0001:00001fd0       ??__F?s_id@?$TObjectUniqueID@UIRefObject@core@UModSys@@@tl@UModSys@@2USUniquePointer@core@3@A@@YAXXZ 10002fd0 f    CIL library: CIL module
 0001:00001fe0       ??__F?s_id@?$TObjectUniqueID@UIRoot@core@UModSys@@@tl@UModSys@@2USUniquePointer@core@3@A@@YAXXZ 10002fe0 f    CIL library: CIL module
 0001:00001ff0       ??__FM@UModSys@@YAXXZ      10002ff0 f    CIL library: CIL module
 0001:00002000       ??__F?root@SModuleRegChain@base@UModSys@@2U123@A@@YAXXZ 10003000 f    CIL library: CIL module
 0001:00002010       ??__F?s_library@RModuleLibraryReg_Chain@base@UModSys@@2U123@A@@YAXXZ 10003010 f    CIL library: CIL module
 0001:00002020       ??__F?root@SUniquePointer@core@UModSys@@2U123@A@@YAXXZ 10003020 f    CIL library: CIL module

 Exports

  ordinal    name

        1    _UModSys_Plugin_Entry2@0
