 plugin_test1

 Timestamp is 52d633a1 (Wed Jan 15 10:07:13 2014)

 Preferred load address is 10000000

 Start         Length     Name                   Class
 0001:00000000 000184faH .text                   CODE
 0001:00018500 000009a8H .text$x                 CODE
 0001:00018eb0 00001461H .text$yc                CODE
 0001:0001a320 0000082aH .text$yd                CODE
 0002:00000000 000001f0H .idata$5                DATA
 0002:000001f0 00000004H .CRT$XCA                DATA
 0002:000001f4 00000ba8H .CRT$XCU                DATA
 0002:00000d9c 00000004H .CRT$XCZ                DATA
 0002:00000da0 00000004H .CRT$XIA                DATA
 0002:00000da4 00000004H .CRT$XIAA               DATA
 0002:00000da8 00000004H .CRT$XIC                DATA
 0002:00000dac 00000004H .CRT$XIZ                DATA
 0002:00000db0 000025a8H .rdata                  DATA
 0002:00003358 000019b4H .rdata$r                DATA
 0002:00004d10 00000104H .rdata$sxdata           DATA
 0002:00004e14 00000004H .rtc$IAA                DATA
 0002:00004e18 00000004H .rtc$IZZ                DATA
 0002:00004e1c 00000004H .rtc$TAA                DATA
 0002:00004e20 00000004H .rtc$TZZ                DATA
 0002:00004e28 00000eb4H .xdata$x                DATA
 0002:00005cdc 00000078H .idata$2                DATA
 0002:00005d54 00000014H .idata$3                DATA
 0002:00005d68 000001f0H .idata$4                DATA
 0002:00005f58 000008e6H .idata$6                DATA
 0002:00006840 0000005cH .edata                  DATA
 0003:00000000 00000f80H .data                   DATA
 0003:00000f80 000016e8H .bss                    DATA

  Address         Publics by Value              Rva+Base       Lib:Object

 0000:00000000       __except_list              00000000     <absolute>
 0000:00000041       ___safe_se_handler_count   00000041     <absolute>
 0000:00009876       __ldused                   00009876     <absolute>
 0000:00009876       __fltused                  00009876     <absolute>
 0000:00000000       ___ImageBase               10000000     <linker-defined>
 0001:00000000       ??1State@RImage_Memory@stdlib@lib2d@modules@UModSys@@QAE@XZ 10001000 f i umodsys_lib_lib2d:umodsys.mod.2d.stdlib.obj
 0001:00000000       ??1SMemShared@core@UModSys@@QAE@XZ 10001000 f i plugin_test1.obj
 0001:00000000       ??1SCMemShared@core@UModSys@@QAE@XZ 10001000 f i plugin_test1.obj
 0001:00000020       ??4SCMemShared@core@UModSys@@QAEABU012@ABUSMemShared@12@@Z 10001020 f i plugin_test1.obj
 0001:00000050       ??3IRoot@core@UModSys@@SAXPAXABUSIMemAlloc@12@@Z 10001050 f i plugin_test1.obj
 0001:00000060       ??$seq@D@su@tl@UModSys@@YA_NPBD0@Z 10001060 f i plugin_test1.obj
 0001:000000a0       ?add@SParameters@core@UModSys@@QAE_NPBDH@Z 100010a0 f i plugin_test1.obj
 0001:000000d0       ?add@SParameters@core@UModSys@@QAE_NPBD_N@Z 100010d0 f i plugin_test1.obj
 0001:000000f0       ?s@SFrameDataOut@libui@UModSys@@QBEXQBD@Z 100010f0 f i plugin_test1.obj
 0001:00000130       ?set_info@IImage@lib2d@UModSys@@QAE_NW4eImageType@23@HHPBD@Z 10001130 f i plugin_test1.obj
 0001:00000160       ??_EIRoot@core@UModSys@@UAEPAXI@Z 10001160 f i  CIL library: CIL module
 0001:00000160       ??_GIRoot@core@UModSys@@UAEPAXI@Z 10001160 f i plugin_test1.obj
 0001:00000180       ??1IBinObjFilter@libmedia@UModSys@@UAE@XZ 10001180 f i plugin_test1.obj
 0001:000001d0       ?root_get_interface_info@RTest1_Shell@test1@test@modules@UModSys@@UBEABUSUniquePointerInfo@core@5@XZ 100011d0 f i plugin_test1.obj
 0001:000001e0       ?root_get_interface_type@RTest1_Shell@test1@test@modules@UModSys@@UBEPBUSUniquePointerInfo@core@5@XZ 100011e0 f i plugin_test1.obj
 0001:000001f0       ?root_get_other_interface@RTest1_Shell@test1@test@modules@UModSys@@UAEPAUIRoot@core@5@PBUSUniquePointerInfo@75@@Z 100011f0 f i plugin_test1.obj
 0001:000001f0       ?root_get_other_interface@RTest1_Shell@test1@test@modules@UModSys@@UBEPBUIRoot@core@5@PBUSUniquePointerInfo@75@@Z 100011f0 f i plugin_test1.obj
 0001:00000220       ?root_is_interface_supported@RTest1_Shell@test1@test@modules@UModSys@@UBE_NPBUSUniquePointerInfo@core@5@@Z 10001220 f i plugin_test1.obj
 0001:00000260       ?ref_add@RTest1_Shell@test1@test@modules@UModSys@@UBEXXZ 10001260 f i plugin_test1.obj
 0001:00000270       ?ref_remove@RTest1_Shell@test1@test@modules@UModSys@@UBEXXZ 10001270 f i plugin_test1.obj
 0001:00000280       ?ref_links@RTest1_Shell@test1@test@modules@UModSys@@UBEHXZ 10001280 f i plugin_test1.obj
 0001:00000290       ?ref_weak@RTest1_Shell@test1@test@modules@UModSys@@UBE_NAAUWeakPointer@IRefObject@core@5@@Z 10001290 f i plugin_test1.obj
 0001:000002b0       ?suicide@RTest1_Shell@test1@test@modules@UModSys@@UAEXXZ 100012b0 f i plugin_test1.obj
 0001:000002c0       ??0RTest1_Shell@test1@test@modules@UModSys@@QAE@PAUIModObject@base@4@@Z 100012c0 f i plugin_test1.obj
 0001:00000410       ??1RTest1_Shell@test1@test@modules@UModSys@@UAE@XZ 10001410 f i plugin_test1.obj
 0001:000004c0       ?connect@RTest1_Shell@test1@test@modules@UModSys@@UAE_NXZ 100014c0 f i plugin_test1.obj
 0001:000004e0       ?disconnect@RTest1_Shell@test1@test@modules@UModSys@@UAE_NXZ 100014e0 f i plugin_test1.obj
 0001:00000500       ?process_tick@RTest1_Shell@test1@test@modules@UModSys@@UAE_NABUSTimeMsec@core@5@@Z 10001500 f i plugin_test1.obj
 0001:00000530       ?process_command@RTest1_Shell@test1@test@modules@UModSys@@UAE_NHQBU?$TString@U?$TSCoreConst@D@su@tl@UModSys@@U?$TComparerBinaryHash@D@234@@tl@5@@Z 10001530 f i plugin_test1.obj
 0001:00000550       ??_ERTest1_Shell@test1@test@modules@UModSys@@UAEPAXI@Z 10001550 f i  CIL library: CIL module
 0001:00000550       ??_GRTest1_Shell@test1@test@modules@UModSys@@UAEPAXI@Z 10001550 f i plugin_test1.obj
 0001:00000570       ??1?$TParametersA@$0EAA@@core@UModSys@@QAE@XZ 10001570 f i plugin_test1.obj
 0001:00000570       ??1?$TParametersA@$0BAL@@core@UModSys@@QAE@XZ 10001570 f i umodsys_lib_lib2d:umodsys.mod.2d.stdlib.obj
 0001:00000570       ??1?$TParametersA@$0BAA@@core@UModSys@@QAE@XZ 10001570 f i umodsys_lib_libui:umodsys.mod.ui.SDL_core.obj
 0001:00000570       ??1SParameters@core@UModSys@@QAE@XZ 10001570 f i plugin_test1.obj
 0001:00000580       ??1SFrameCreateParameters@libui@UModSys@@QAE@XZ 10001580 f i plugin_test1.obj
 0001:000005a0       ?get_generated_names@RGenerator@test1@test@modules@UModSys@@UBEHAAUSUniquePtrList@core@5@@Z 100015a0 f i plugin_test1.obj
 0001:000005c0       ?get_generated_types@RGenerator@test1@test@modules@UModSys@@UBEHAAUSUniquePtrList@core@5@PBUSUniquePointerInfo@75@@Z 100015c0 f i plugin_test1.obj
 0001:00000610       ?generate@RGenerator@test1@test@modules@UModSys@@UAE_NAAU?$TRefObject@UIRefObject@core@UModSys@@U?$TRefObjectFunc@UIRefObject@core@UModSys@@@tl@3@@tl@5@PBUSUniquePointerInfo@core@5@ABUSParameters@95@@Z 10001610 f i plugin_test1.obj
 0001:000006d0       ?root_get_interface_info@RGenerator@test1@test@modules@UModSys@@UBEABUSUniquePointerInfo@core@5@XZ 100016d0 f i plugin_test1.obj
 0001:000006e0       ?root_get_interface_type@RGenerator@test1@test@modules@UModSys@@UBEPBUSUniquePointerInfo@core@5@XZ 100016e0 f i plugin_test1.obj
 0001:000006f0       ?root_get_other_interface@RGenerator@test1@test@modules@UModSys@@UBEPBUIRoot@core@5@PBUSUniquePointerInfo@75@@Z 100016f0 f i plugin_test1.obj
 0001:000006f0       ?root_get_other_interface@RGenerator@test1@test@modules@UModSys@@UAEPAUIRoot@core@5@PBUSUniquePointerInfo@75@@Z 100016f0 f i plugin_test1.obj
 0001:00000730       ?root_is_interface_supported@RGenerator@test1@test@modules@UModSys@@UBE_NPBUSUniquePointerInfo@core@5@@Z 10001730 f i plugin_test1.obj
 0001:00000770       ?get_uid@RGenerator@test1@test@modules@UModSys@@UBEPBUSUniquePointerInfo@core@5@XZ 10001770 f i plugin_test1.obj
 0001:00000780       ?do_open@RModuleReg@test1@test@modules@UModSys@@UAE_NXZ 10001780 f i plugin_test1.obj
 0001:000007b0       ?do_close@RModuleReg@test1@test@modules@UModSys@@UAE_NXZ 100017b0 f i plugin_test1.obj
 0001:000007e0       ??_GRModuleReg@test1@test@modules@UModSys@@UAEPAXI@Z 100017e0 f i plugin_test1.obj
 0001:000007e0       ??_ERModuleReg@test1@test@modules@UModSys@@UAEPAXI@Z 100017e0 f i  CIL library: CIL module
 0001:00000810       ??0?$TString@U?$TSCoreConst@D@su@tl@UModSys@@U?$TComparerBinaryHash@D@234@@tl@UModSys@@QAE@PBD@Z 10001810 f i plugin_test1.obj
 0001:00000860       ??8?$TString@U?$TSCoreConst@D@su@tl@UModSys@@U?$TComparerBinaryHash@D@234@@tl@UModSys@@QBE_NPBD@Z 10001860 f i plugin_test1.obj
 0001:00000890       ??4?$TString@U?$TSCoreConst@D@su@tl@UModSys@@U?$TComparerBinaryHash@D@234@@tl@UModSys@@QAEABU012@PBD@Z 10001890 f i plugin_test1.obj
 0001:000008d0       ??4?$TString@U?$TSCoreShared@USIMemAlloc@core@UModSys@@D@su@tl@UModSys@@U?$TComparerBinaryHash@D@234@@tl@UModSys@@QAEABU012@ABU012@@Z 100018d0 f i plugin_test1.obj
 0001:00000900       ??0?$TParametersA@$0EAA@@core@UModSys@@QAE@XZ 10001900 f i plugin_test1.obj
 0001:00000930       ?info_release@?$TSCoreShared@USIMemAlloc@core@UModSys@@D@su@tl@UModSys@@QAEXXZ 10001930 f i plugin_test1.obj
 0001:000009b0       ?info_new@?$TSCoreShared@USIMemAlloc@core@UModSys@@D@su@tl@UModSys@@QAE_NPBDI@Z 100019b0 f i plugin_test1.obj
 0001:00000a60       ?get_null@?$TSCoreShared@USIMemAlloc@core@UModSys@@D@su@tl@UModSys@@SAPAU?$TSharedStringInfo@DUSIMemAlloc@core@UModSys@@@234@XZ 10001a60 f i plugin_test1.obj
 0001:00000aa0       ?obj_delete@?$TRefObjectLinksModObject@URSerializeReader@serialize_json@media@modules@UModSys@@UIModObject@base@5@@tl@UModSys@@QBEXPAURSerializeReader@serialize_json@media@modules@3@@Z 10001aa0 f i umodsys_lib_libmedia:umodsys.mod.media.serialize_json.obj
 0001:00000aa0       ?obj_delete@?$TRefObjectLinksModObject@URTerminal@SDL_core@ui@modules@UModSys@@UIModObject@base@5@@tl@UModSys@@QBEXPAURTerminal@SDL_core@ui@modules@3@@Z 10001aa0 f i umodsys_lib_libui:umodsys.mod.ui.SDL_core.obj
 0001:00000aa0       ?obj_delete@?$TRefObjectLinksModObject@URCollector@frames@ui@modules@UModSys@@UIModObject@base@5@@tl@UModSys@@QBEXPAURCollector@frames@ui@modules@3@@Z 10001aa0 f i umodsys_lib_libui:umodsys.mod.ui.frames.obj
 0001:00000aa0       ?obj_delete@?$TRefObjectLinksModObject@URImageFactory_Memory@stdlib@lib2d@modules@UModSys@@UIModObject@base@5@@tl@UModSys@@QBEXPAURImageFactory_Memory@stdlib@lib2d@modules@3@@Z 10001aa0 f i umodsys_lib_lib2d:umodsys.mod.2d.stdlib.obj
 0001:00000aa0       ?obj_delete@?$TRefObjectLinksModObject@URMediaFilter@images_std@media@modules@UModSys@@UIModObject@base@5@@tl@UModSys@@QBEXPAURMediaFilter@images_std@media@modules@3@@Z 10001aa0 f i umodsys_lib_libmedia:umodsys.mod.media.images_std.obj
 0001:00000aa0       ?obj_delete@?$TRefObjectLinksModObject@URMultiImage@stdlib@lib2d@modules@UModSys@@UIModObject@base@5@@tl@UModSys@@QBEXPAURMultiImage@stdlib@lib2d@modules@3@@Z 10001aa0 f i umodsys_lib_lib2d:umodsys.mod.2d.stdlib.obj
 0001:00000aa0       ?obj_delete@?$TRefObjectLinksModObject@URTest1_Shell@test1@test@modules@UModSys@@UIModObject@base@5@@tl@UModSys@@QBEXPAURTest1_Shell@test1@test@modules@3@@Z 10001aa0 f i plugin_test1.obj
 0001:00000aa0       ?obj_delete@?$TRefObjectLinksModObject@URBinArchiveFrameClient_ZIP@zlib@media@modules@UModSys@@UIModObject@base@5@@tl@UModSys@@QBEXPAURBinArchiveFrameClient_ZIP@zlib@media@modules@3@@Z 10001aa0 f i umodsys_lib_libmedia:umodsys.mod.media.zlib.obj
 0001:00000aa0       ?obj_delete@?$TRefObjectLinksModObject@URImage_Memory@stdlib@lib2d@modules@UModSys@@UIModObject@base@5@@tl@UModSys@@QBEXPAURImage_Memory@stdlib@lib2d@modules@3@@Z 10001aa0 f i umodsys_lib_lib2d:umodsys.mod.2d.stdlib.obj
 0001:00000aa0       ?obj_delete@?$TRefObjectLinksModObject@URSerializeWriter@serialize_json@media@modules@UModSys@@UIModObject@base@5@@tl@UModSys@@QBEXPAURSerializeWriter@serialize_json@media@modules@3@@Z 10001aa0 f i umodsys_lib_libmedia:umodsys.mod.media.serialize_json.obj
 0001:00000b10       ??$generate_type@UIMultiImage@lib2d@UModSys@@@RTest1_Shell@test1@test@modules@UModSys@@QAE?AU?$TRefObject@UIMultiImage@lib2d@UModSys@@U?$TRefObjectFunc@UIMultiImage@lib2d@UModSys@@@tl@3@@tl@4@ABU?$TString@U?$TSCoreConst@D@su@tl@UModSys@@U?$TComparerBinaryHash@D@234@@64@ABUSParameters@core@4@PBD@Z 10001b10 f i plugin_test1.obj
 0001:00000c60       ??$generate_type@UICollector@libui@UModSys@@@RTest1_Shell@test1@test@modules@UModSys@@QAE?AU?$TRefObject@UICollector@libui@UModSys@@U?$TRefObjectFunc@UICollector@libui@UModSys@@@tl@3@@tl@4@ABU?$TString@U?$TSCoreConst@D@su@tl@UModSys@@U?$TComparerBinaryHash@D@234@@64@ABUSParameters@core@4@PBD@Z 10001c60 f i plugin_test1.obj
 0001:00000db0       ??$generate_type@UITerminal@libui@UModSys@@@RTest1_Shell@test1@test@modules@UModSys@@QAE?AU?$TRefObject@UITerminal@libui@UModSys@@U?$TRefObjectFunc@UITerminal@libui@UModSys@@@tl@3@@tl@4@ABU?$TString@U?$TSCoreConst@D@su@tl@UModSys@@U?$TComparerBinaryHash@D@234@@64@ABUSParameters@core@4@PBD@Z 10001db0 f i plugin_test1.obj
 0001:00000f00       ??$t_create_handler@UIRenderDriver@lib2d@UModSys@@@ITerminal@libui@UModSys@@QAE_NAAU?$TRefObject@UIRenderDriver@lib2d@UModSys@@U?$TRefObjectFunc@UIRenderDriver@lib2d@UModSys@@@tl@3@@tl@2@PBDPBUSParameters@core@2@@Z 10001f00 f i plugin_test1.obj
 0001:00000fb0       ??$t_create_handler@UIKeyboardController@libui@UModSys@@@ITerminal@libui@UModSys@@QAE_NAAU?$TRefObject@UIKeyboardController@libui@UModSys@@U?$TRefObjectFunc@UIKeyboardController@libui@UModSys@@@tl@3@@tl@2@PBDPBUSParameters@core@2@@Z 10001fb0 f i plugin_test1.obj
 0001:00001060       ??$t_create_handler@UIMouseController@libui@UModSys@@@ITerminal@libui@UModSys@@QAE_NAAU?$TRefObject@UIMouseController@libui@UModSys@@U?$TRefObjectFunc@UIMouseController@libui@UModSys@@@tl@3@@tl@2@PBDPBUSParameters@core@2@@Z 10002060 f i plugin_test1.obj
 0001:00001110       ??$shash@D@su@tl@UModSys@@YAIPBDI@Z 10002110 f i plugin_test1.obj
 0001:00001150       ??1?$TRefObject@UIModObject@base@UModSys@@U?$TModObjectFunc@UIModObject@base@UModSys@@@tl@3@@tl@UModSys@@QAE@XZ 10002150 f i plugin_test1.obj
 0001:00001170       ??$t_ref_get_other_interface@UIStreamReader@libmedia@UModSys@@U?$TRefObjectFunc@UIStreamReader@libmedia@UModSys@@@tl@3@@IRefObject@core@UModSys@@QAE_NAAU?$TRefObject@UIStreamReader@libmedia@UModSys@@U?$TRefObjectFunc@UIStreamReader@libmedia@UModSys@@@tl@3@@tl@2@@Z 10002170 f i plugin_test1.obj
 0001:000011b0       ??$t_ref_get_other_interface@UIStreamWriter@libmedia@UModSys@@U?$TRefObjectFunc@UIStreamWriter@libmedia@UModSys@@@tl@3@@IRefObject@core@UModSys@@QAE_NAAU?$TRefObject@UIStreamWriter@libmedia@UModSys@@U?$TRefObjectFunc@UIStreamWriter@libmedia@UModSys@@@tl@3@@tl@2@@Z 100021b0 f i plugin_test1.obj
 0001:000011f0       ??$t_generate@UIMultiImage@lib2d@UModSys@@@SModuleContext@base@UModSys@@QAE_NAAU?$TRefObject@UIMultiImage@lib2d@UModSys@@U?$TRefObjectFunc@UIMultiImage@lib2d@UModSys@@@tl@3@@tl@2@PBUSUniquePointerInfo@core@2@ABUSParameters@62@@Z 100021f0 f i plugin_test1.obj
 0001:000012a0       ??$t_generate@UICollector@libui@UModSys@@@SModuleContext@base@UModSys@@QAE_NAAU?$TRefObject@UICollector@libui@UModSys@@U?$TRefObjectFunc@UICollector@libui@UModSys@@@tl@3@@tl@2@PBUSUniquePointerInfo@core@2@ABUSParameters@62@@Z 100022a0 f i plugin_test1.obj
 0001:00001350       ??$t_generate@UITerminal@libui@UModSys@@@SModuleContext@base@UModSys@@QAE_NAAU?$TRefObject@UITerminal@libui@UModSys@@U?$TRefObjectFunc@UITerminal@libui@UModSys@@@tl@3@@tl@2@PBUSUniquePointerInfo@core@2@ABUSParameters@62@@Z 10002350 f i plugin_test1.obj
 0001:00001400       ??$t_ref_get_other_interface@UIImage@lib2d@UModSys@@U?$TRefObjectFunc@UIImage@lib2d@UModSys@@@tl@3@@IRefObject@core@UModSys@@QAE_NAAU?$TRefObject@UIImage@lib2d@UModSys@@U?$TRefObjectFunc@UIImage@lib2d@UModSys@@@tl@3@@tl@2@@Z 10002400 f i plugin_test1.obj
 0001:00001440       ??$t_ref_get_other_interface@UIImageFactory@lib2d@UModSys@@U?$TRefObjectFunc@UIImageFactory@lib2d@UModSys@@@tl@3@@IRefObject@core@UModSys@@QAE_NAAU?$TRefObject@UIImageFactory@lib2d@UModSys@@U?$TRefObjectFunc@UIImageFactory@lib2d@UModSys@@@tl@3@@tl@2@@Z 10002440 f i plugin_test1.obj
 0001:00001480       ??$t_ref_get_other_interface@UIMultiImage@lib2d@UModSys@@U?$TRefObjectFunc@UIMultiImage@lib2d@UModSys@@@tl@3@@IRefObject@core@UModSys@@QAE_NAAU?$TRefObject@UIMultiImage@lib2d@UModSys@@U?$TRefObjectFunc@UIMultiImage@lib2d@UModSys@@@tl@3@@tl@2@@Z 10002480 f i plugin_test1.obj
 0001:000014c0       ??$t_ref_get_other_interface@UICollector@libui@UModSys@@U?$TRefObjectFunc@UICollector@libui@UModSys@@@tl@3@@IRefObject@core@UModSys@@QAE_NAAU?$TRefObject@UICollector@libui@UModSys@@U?$TRefObjectFunc@UICollector@libui@UModSys@@@tl@3@@tl@2@@Z 100024c0 f i plugin_test1.obj
 0001:00001500       ??$t_ref_get_other_interface@UITerminal@libui@UModSys@@U?$TRefObjectFunc@UITerminal@libui@UModSys@@@tl@3@@IRefObject@core@UModSys@@QAE_NAAU?$TRefObject@UITerminal@libui@UModSys@@U?$TRefObjectFunc@UITerminal@libui@UModSys@@@tl@3@@tl@2@@Z 10002500 f i plugin_test1.obj
 0001:00001540       ?alloc@SMemShared@core@UModSys@@QAE_NIPAUSSourceContext@23@@Z 10002540 f i umodsys_lib_lib2d:umodsys.mod.2d.stdlib.obj
 0001:00001580       ?ConvertSameSize@stdlib@lib2d@modules@UModSys@@YA_NW4eImageType@24@ABU?$TVector2@H@math3d@4@11ABUSMem@core@4@11ABUSCMem@94@@Z 10002580 f i umodsys_lib_lib2d:umodsys.mod.2d.stdlib.obj
 0001:00001610       ?ConvertSame@stdlib@lib2d@modules@UModSys@@YA_NW4eImageType@24@ABU?$TBoundBox2@H@math3d@4@ABU?$TVector2@H@74@ABUSMem@core@4@12ABUSCMem@core@4@@Z 10002610 f i umodsys_lib_lib2d:umodsys.mod.2d.stdlib.obj
 0001:00001690       ?Convert@stdlib@lib2d@modules@UModSys@@YA_NABU?$TBoundBox2@H@math3d@4@ABUSImageInfo@24@ABUSMem@core@4@01ABUSCMem@94@@Z 10002690 f i umodsys_lib_lib2d:umodsys.mod.2d.stdlib.obj
 0001:00001700       ?root_get_interface_info@RImage_Memory@stdlib@lib2d@modules@UModSys@@UBEABUSUniquePointerInfo@core@5@XZ 10002700 f i umodsys_lib_lib2d:umodsys.mod.2d.stdlib.obj
 0001:00001710       ?root_get_interface_type@RImage_Memory@stdlib@lib2d@modules@UModSys@@UBEPBUSUniquePointerInfo@core@5@XZ 10002710 f i umodsys_lib_lib2d:umodsys.mod.2d.stdlib.obj
 0001:00001720       ?root_get_other_interface@RImage_Memory@stdlib@lib2d@modules@UModSys@@UBEPBUIRoot@core@5@PBUSUniquePointerInfo@75@@Z 10002720 f i umodsys_lib_lib2d:umodsys.mod.2d.stdlib.obj
 0001:00001720       ?root_get_other_interface@RImage_Memory@stdlib@lib2d@modules@UModSys@@UAEPAUIRoot@core@5@PBUSUniquePointerInfo@75@@Z 10002720 f i umodsys_lib_lib2d:umodsys.mod.2d.stdlib.obj
 0001:00001750       ?root_is_interface_supported@RImage_Memory@stdlib@lib2d@modules@UModSys@@UBE_NPBUSUniquePointerInfo@core@5@@Z 10002750 f i umodsys_lib_lib2d:umodsys.mod.2d.stdlib.obj
 0001:00001790       ?root_get_interface_info@RImageFactory_Memory@stdlib@lib2d@modules@UModSys@@UBEABUSUniquePointerInfo@core@5@XZ 10002790 f i umodsys_lib_lib2d:umodsys.mod.2d.stdlib.obj
 0001:000017a0       ?root_get_interface_type@RImageFactory_Memory@stdlib@lib2d@modules@UModSys@@UBEPBUSUniquePointerInfo@core@5@XZ 100027a0 f i umodsys_lib_lib2d:umodsys.mod.2d.stdlib.obj
 0001:000017b0       ?root_get_other_interface@RImageFactory_Memory@stdlib@lib2d@modules@UModSys@@UBEPBUIRoot@core@5@PBUSUniquePointerInfo@75@@Z 100027b0 f i umodsys_lib_lib2d:umodsys.mod.2d.stdlib.obj
 0001:000017b0       ?root_get_other_interface@RImageFactory_Memory@stdlib@lib2d@modules@UModSys@@UAEPAUIRoot@core@5@PBUSUniquePointerInfo@75@@Z 100027b0 f i umodsys_lib_lib2d:umodsys.mod.2d.stdlib.obj
 0001:000017e0       ?root_is_interface_supported@RImageFactory_Memory@stdlib@lib2d@modules@UModSys@@UBE_NPBUSUniquePointerInfo@core@5@@Z 100027e0 f i umodsys_lib_lib2d:umodsys.mod.2d.stdlib.obj
 0001:00001820       ?root_get_interface_info@RMultiImage@stdlib@lib2d@modules@UModSys@@UBEABUSUniquePointerInfo@core@5@XZ 10002820 f i umodsys_lib_lib2d:umodsys.mod.2d.stdlib.obj
 0001:00001830       ?root_get_interface_type@RMultiImage@stdlib@lib2d@modules@UModSys@@UBEPBUSUniquePointerInfo@core@5@XZ 10002830 f i umodsys_lib_lib2d:umodsys.mod.2d.stdlib.obj
 0001:00001840       ?root_get_other_interface@RMultiImage@stdlib@lib2d@modules@UModSys@@UAEPAUIRoot@core@5@PBUSUniquePointerInfo@75@@Z 10002840 f i umodsys_lib_lib2d:umodsys.mod.2d.stdlib.obj
 0001:00001840       ?root_get_other_interface@RMultiImage@stdlib@lib2d@modules@UModSys@@UBEPBUIRoot@core@5@PBUSUniquePointerInfo@75@@Z 10002840 f i umodsys_lib_lib2d:umodsys.mod.2d.stdlib.obj
 0001:00001870       ?root_is_interface_supported@RMultiImage@stdlib@lib2d@modules@UModSys@@UBE_NPBUSUniquePointerInfo@core@5@@Z 10002870 f i umodsys_lib_lib2d:umodsys.mod.2d.stdlib.obj
 0001:000018b0       ?get_generated_names@RGenerator@stdlib@lib2d@modules@UModSys@@UBEHAAUSUniquePtrList@core@5@@Z 100028b0 f i umodsys_lib_lib2d:umodsys.mod.2d.stdlib.obj
 0001:000018f0       ?get_generated_types@RGenerator@stdlib@lib2d@modules@UModSys@@UBEHAAUSUniquePtrList@core@5@PBUSUniquePointerInfo@75@@Z 100028f0 f i umodsys_lib_lib2d:umodsys.mod.2d.stdlib.obj
 0001:00001970       ?generate@RGenerator@stdlib@lib2d@modules@UModSys@@UAE_NAAU?$TRefObject@UIRefObject@core@UModSys@@U?$TRefObjectFunc@UIRefObject@core@UModSys@@@tl@3@@tl@5@PBUSUniquePointerInfo@core@5@ABUSParameters@95@@Z 10002970 f i umodsys_lib_lib2d:umodsys.mod.2d.stdlib.obj
 0001:000019d0       ?root_get_interface_info@RGenerator@stdlib@lib2d@modules@UModSys@@UBEABUSUniquePointerInfo@core@5@XZ 100029d0 f i umodsys_lib_lib2d:umodsys.mod.2d.stdlib.obj
 0001:000019e0       ?root_get_interface_type@RGenerator@stdlib@lib2d@modules@UModSys@@UBEPBUSUniquePointerInfo@core@5@XZ 100029e0 f i umodsys_lib_lib2d:umodsys.mod.2d.stdlib.obj
 0001:000019f0       ?root_get_other_interface@RGenerator@stdlib@lib2d@modules@UModSys@@UAEPAUIRoot@core@5@PBUSUniquePointerInfo@75@@Z 100029f0 f i umodsys_lib_lib2d:umodsys.mod.2d.stdlib.obj
 0001:000019f0       ?root_get_other_interface@RGenerator@stdlib@lib2d@modules@UModSys@@UBEPBUIRoot@core@5@PBUSUniquePointerInfo@75@@Z 100029f0 f i umodsys_lib_lib2d:umodsys.mod.2d.stdlib.obj
 0001:00001a30       ?root_is_interface_supported@RGenerator@stdlib@lib2d@modules@UModSys@@UBE_NPBUSUniquePointerInfo@core@5@@Z 10002a30 f i umodsys_lib_lib2d:umodsys.mod.2d.stdlib.obj
 0001:00001a70       ?get_uid@RGenerator@stdlib@lib2d@modules@UModSys@@UBEPBUSUniquePointerInfo@core@5@XZ 10002a70 f i umodsys_lib_lib2d:umodsys.mod.2d.stdlib.obj
 0001:00001a80       ??4State@RImage_Memory@stdlib@lib2d@modules@UModSys@@QAEAAU012345@ABU012345@@Z 10002a80 f i umodsys_lib_lib2d:umodsys.mod.2d.stdlib.obj
 0001:00001b30       ??_GRImage_Memory@stdlib@lib2d@modules@UModSys@@UAEPAXI@Z 10002b30 f i umodsys_lib_lib2d:umodsys.mod.2d.stdlib.obj
 0001:00001b30       ??_ERImage_Memory@stdlib@lib2d@modules@UModSys@@UAEPAXI@Z 10002b30 f i  CIL library: CIL module
 0001:00001b50       ??_GRImageFactory_Memory@stdlib@lib2d@modules@UModSys@@UAEPAXI@Z 10002b50 f i umodsys_lib_lib2d:umodsys.mod.2d.stdlib.obj
 0001:00001b50       ??_ERImageFactory_Memory@stdlib@lib2d@modules@UModSys@@UAEPAXI@Z 10002b50 f i  CIL library: CIL module
 0001:00001b70       ??1IKeyboardController@libui@UModSys@@UAE@XZ 10002b70 f i umodsys_lib_libui:umodsys.mod.ui.SDL_core.obj
 0001:00001b70       ??1ITerminal@libui@UModSys@@UAE@XZ 10002b70 f i umodsys_lib_libui:umodsys.mod.ui.SDL_core.obj
 0001:00001b70       ??1IRenderDriver@lib2d@UModSys@@UAE@XZ 10002b70 f i umodsys_lib_libui:umodsys.mod.ui.SDL_core.obj
 0001:00001b70       ??1IImageFactory@lib2d@UModSys@@UAE@XZ 10002b70 f i umodsys_lib_lib2d:umodsys.mod.2d.stdlib.obj
 0001:00001b70       ??1IMouseController@libui@UModSys@@UAE@XZ 10002b70 f i umodsys_lib_libui:umodsys.mod.ui.SDL_core.obj
 0001:00001b70       ??1IShell@base@UModSys@@UAE@XZ 10002b70 f i plugin_test1.obj
 0001:00001b70       ??1ISerializeWriter@libmedia@UModSys@@UAE@XZ 10002b70 f i umodsys_lib_libmedia:umodsys.mod.media.serialize_json.obj
 0001:00001b70       ??1ICollector@libui@UModSys@@UAE@XZ 10002b70 f i umodsys_lib_libui:umodsys.mod.ui.frames.obj
 0001:00001b70       ??1IClient@IBinArchiveFrame@libmedia@UModSys@@UAE@XZ 10002b70 f i umodsys_lib_libmedia:umodsys.mod.media.zlib.obj
 0001:00001b70       ??1IFrame@libui@UModSys@@UAE@XZ 10002b70 f i umodsys_lib_libui:umodsys.mod.ui.frames.obj
 0001:00001b70       ??1IMultiImage@lib2d@UModSys@@UAE@XZ 10002b70 f i umodsys_lib_lib2d:umodsys.mod.2d.stdlib.obj
 0001:00001b70       ??1IImage@lib2d@UModSys@@UAE@XZ 10002b70 f i umodsys_lib_lib2d:umodsys.mod.2d.stdlib.obj
 0001:00001b70       ??1IDialog@libui@UModSys@@UAE@XZ 10002b70 f i umodsys_lib_libui:umodsys.mod.ui.frames.obj
 0001:00001b70       ??1ISerializeReader@libmedia@UModSys@@UAE@XZ 10002b70 f i umodsys_lib_libmedia:umodsys.mod.media.serialize_json.obj
 0001:00001b80       ??_GRMultiImage@stdlib@lib2d@modules@UModSys@@UAEPAXI@Z 10002b80 f i umodsys_lib_lib2d:umodsys.mod.2d.stdlib.obj
 0001:00001b80       ??_ERMultiImage@stdlib@lib2d@modules@UModSys@@UAEPAXI@Z 10002b80 f i  CIL library: CIL module
 0001:00001ba0       ?do_open@RModuleReg@stdlib@lib2d@modules@UModSys@@UAE_NXZ 10002ba0 f i umodsys_lib_lib2d:umodsys.mod.2d.stdlib.obj
 0001:00001bb0       ?do_close@RModuleReg@stdlib@lib2d@modules@UModSys@@UAE_NXZ 10002bb0 f i umodsys_lib_lib2d:umodsys.mod.2d.stdlib.obj
 0001:00001bc0       ??_GRModuleReg@stdlib@lib2d@modules@UModSys@@UAEPAXI@Z 10002bc0 f i umodsys_lib_lib2d:umodsys.mod.2d.stdlib.obj
 0001:00001bc0       ??_ERModuleReg@stdlib@lib2d@modules@UModSys@@UAEPAXI@Z 10002bc0 f i  CIL library: CIL module
 0001:00001bf0       ??1?$TDynarrayDynamic@USImageCellInfo@lib2d@UModSys@@U?$TAllocator@USIMemAlloc@core@UModSys@@USCountCalcPower2@23@@tl@3@@tl@UModSys@@QAE@XZ 10002bf0 f i umodsys_lib_lib2d:umodsys.mod.2d.stdlib.obj
 0001:00001c20       ??1?$TDynarrayDynamic@U?$TRefObject@UIImage@lib2d@UModSys@@U?$TRefObjectFunc@UIImage@lib2d@UModSys@@@tl@3@@tl@UModSys@@U?$TAllocator@USIMemAlloc@core@UModSys@@USCountCalcPower2@23@@23@@tl@UModSys@@QAE@XZ 10002c20 f i umodsys_lib_lib2d:umodsys.mod.2d.stdlib.obj
 0001:00001c70       ?Free@?$TDynarray@U?$TDynarrayHolderDynamic@USImageCellInfo@lib2d@UModSys@@U?$TAllocator@USIMemAlloc@core@UModSys@@USCountCalcPower2@23@@tl@3@@tl@UModSys@@@tl@UModSys@@QAE_NXZ 10002c70 f i umodsys_lib_lib2d:umodsys.mod.2d.stdlib.obj
 0001:00001cd0       ?ResizeRel@?$TDynarray@U?$TDynarrayHolderDynamic@U?$TRefObject@UIImage@lib2d@UModSys@@U?$TRefObjectFunc@UIImage@lib2d@UModSys@@@tl@3@@tl@UModSys@@U?$TAllocator@USIMemAlloc@core@UModSys@@USCountCalcPower2@23@@23@@tl@UModSys@@@tl@UModSys@@QAE_NH@Z 10002cd0 f i umodsys_lib_lib2d:umodsys.mod.2d.stdlib.obj
 0001:00001d40       ??$t_gen_param@URImage_Memory@stdlib@lib2d@modules@UModSys@@URGenerator@2345@@IGenerator@base@UModSys@@IAE_NPAURGenerator@stdlib@lib2d@modules@2@AAU?$TRefObject@UIRefObject@core@UModSys@@U?$TRefObjectFunc@UIRefObject@core@UModSys@@@tl@3@@tl@2@PBUSUniquePointerInfo@core@2@ABUSParameters@core@2@@Z 10002d40 f i umodsys_lib_lib2d:umodsys.mod.2d.stdlib.obj
 0001:00001db0       ??$t_gen_param@URImageFactory_Memory@stdlib@lib2d@modules@UModSys@@URGenerator@2345@@IGenerator@base@UModSys@@IAE_NPAURGenerator@stdlib@lib2d@modules@2@AAU?$TRefObject@UIRefObject@core@UModSys@@U?$TRefObjectFunc@UIRefObject@core@UModSys@@@tl@3@@tl@2@PBUSUniquePointerInfo@core@2@ABUSParameters@core@2@@Z 10002db0 f i umodsys_lib_lib2d:umodsys.mod.2d.stdlib.obj
 0001:00001e30       ??$t_gen_param@URMultiImage@stdlib@lib2d@modules@UModSys@@URGenerator@2345@@IGenerator@base@UModSys@@IAE_NPAURGenerator@stdlib@lib2d@modules@2@AAU?$TRefObject@UIRefObject@core@UModSys@@U?$TRefObjectFunc@UIRefObject@core@UModSys@@@tl@3@@tl@2@PBUSUniquePointerInfo@core@2@ABUSParameters@core@2@@Z 10002e30 f i umodsys_lib_lib2d:umodsys.mod.2d.stdlib.obj
 0001:00001eb0       ?ReLink@?$TDynarray@U?$TDynarrayHolderDynamic@U?$TRefObject@UIImage@lib2d@UModSys@@U?$TRefObjectFunc@UIImage@lib2d@UModSys@@@tl@3@@tl@UModSys@@U?$TAllocator@USIMemAlloc@core@UModSys@@USCountCalcPower2@23@@23@@tl@UModSys@@@tl@UModSys@@IAE_NI@Z 10002eb0 f i umodsys_lib_lib2d:umodsys.mod.2d.stdlib.obj
 0001:00001eb0       ?ReLink@?$TDynarray@U?$TDynarrayHolderDynamic@U?$TRefObject@URDialog@frames@ui@modules@UModSys@@U?$TRefObjectFunc@URDialog@frames@ui@modules@UModSys@@@tl@5@@tl@UModSys@@U?$TAllocator@USIMemAlloc@core@UModSys@@USCountCalcPower2@23@@23@@tl@UModSys@@@tl@UModSys@@IAE_NI@Z 10002eb0 f i umodsys_lib_libui:umodsys.mod.ui.frames.obj
 0001:00001eb0       ?ReLink@?$TDynarray@U?$TDynarrayHolderDynamic@U?$TRefObject@URFrame_Common@frames@ui@modules@UModSys@@U?$TRefObjectFunc@URFrame_Common@frames@ui@modules@UModSys@@@tl@5@@tl@UModSys@@U?$TAllocator@USIMemAlloc@core@UModSys@@USCountCalcPower2@23@@23@@tl@UModSys@@@tl@UModSys@@IAE_NI@Z 10002eb0 f i umodsys_lib_libui:umodsys.mod.ui.frames.obj
 0001:00001f00       ??$ValidateConstruction@UIImage@lib2d@UModSys@@URImage_Memory@stdlib@2modules@3@@core@UModSys@@YA_NAAU?$TRefObject@UIImage@lib2d@UModSys@@U?$TRefObjectFunc@UIImage@lib2d@UModSys@@@tl@3@@tl@1@PAURImage_Memory@stdlib@lib2d@modules@1@@Z 10002f00 f i umodsys_lib_lib2d:umodsys.mod.2d.stdlib.obj
 0001:00001f00       ??$ValidateConstruction@UIRefObject@core@UModSys@@URImageFactory_Memory@stdlib@lib2d@modules@3@@core@UModSys@@YA_NAAU?$TRefObject@UIRefObject@core@UModSys@@U?$TRefObjectFunc@UIRefObject@core@UModSys@@@tl@3@@tl@1@PAURImageFactory_Memory@stdlib@lib2d@modules@1@@Z 10002f00 f i umodsys_lib_lib2d:umodsys.mod.2d.stdlib.obj
 0001:00001f00       ??$ValidateConstruction@UIRefObject@core@UModSys@@URTerminal@SDL_core@ui@modules@3@@core@UModSys@@YA_NAAU?$TRefObject@UIRefObject@core@UModSys@@U?$TRefObjectFunc@UIRefObject@core@UModSys@@@tl@3@@tl@1@PAURTerminal@SDL_core@ui@modules@1@@Z 10002f00 f i umodsys_lib_libui:umodsys.mod.ui.SDL_core.obj
 0001:00001f00       ??$ValidateConstruction@UIRefObject@core@UModSys@@URImage_Memory@stdlib@lib2d@modules@3@@core@UModSys@@YA_NAAU?$TRefObject@UIRefObject@core@UModSys@@U?$TRefObjectFunc@UIRefObject@core@UModSys@@@tl@3@@tl@1@PAURImage_Memory@stdlib@lib2d@modules@1@@Z 10002f00 f i umodsys_lib_lib2d:umodsys.mod.2d.stdlib.obj
 0001:00001f00       ??$ValidateConstruction@UIRefObject@core@UModSys@@URMediaFilter@images_std@media@modules@3@@core@UModSys@@YA_NAAU?$TRefObject@UIRefObject@core@UModSys@@U?$TRefObjectFunc@UIRefObject@core@UModSys@@@tl@3@@tl@1@PAURMediaFilter@images_std@media@modules@1@@Z 10002f00 f i umodsys_lib_libmedia:umodsys.mod.media.images_std.obj
 0001:00001f80       ??$ValidateConstruction@UIRefObject@core@UModSys@@URMultiImage@stdlib@lib2d@modules@3@@core@UModSys@@YA_NAAU?$TRefObject@UIRefObject@core@UModSys@@U?$TRefObjectFunc@UIRefObject@core@UModSys@@@tl@3@@tl@1@PAURMultiImage@stdlib@lib2d@modules@1@@Z 10002f80 f i umodsys_lib_lib2d:umodsys.mod.2d.stdlib.obj
 0001:00002010       ?root_get_interface_info@RMultiImage2D_SDL_ttf@SDL_core@ui@modules@UModSys@@UBEABUSUniquePointerInfo@core@5@XZ 10003010 f i umodsys_lib_libui:umodsys.mod.ui.SDL_core.obj
 0001:00002020       ?root_get_interface_type@RMultiImage2D_SDL_ttf@SDL_core@ui@modules@UModSys@@UBEPBUSUniquePointerInfo@core@5@XZ 10003020 f i umodsys_lib_libui:umodsys.mod.ui.SDL_core.obj
 0001:00002030       ?root_get_other_interface@RMultiImage2D_SDL_ttf@SDL_core@ui@modules@UModSys@@UBEPBUIRoot@core@5@PBUSUniquePointerInfo@75@@Z 10003030 f i umodsys_lib_libui:umodsys.mod.ui.SDL_core.obj
 0001:00002030       ?root_get_other_interface@RMultiImage2D_SDL_ttf@SDL_core@ui@modules@UModSys@@UAEPAUIRoot@core@5@PBUSUniquePointerInfo@75@@Z 10003030 f i umodsys_lib_libui:umodsys.mod.ui.SDL_core.obj
 0001:00002060       ?root_is_interface_supported@RMultiImage2D_SDL_ttf@SDL_core@ui@modules@UModSys@@UBE_NPBUSUniquePointerInfo@core@5@@Z 10003060 f i umodsys_lib_libui:umodsys.mod.ui.SDL_core.obj
 0001:000020a0       ?ref_weak@RMultiImage2D_SDL_ttf@SDL_core@ui@modules@UModSys@@UBE_NAAUWeakPointer@IRefObject@core@5@@Z 100030a0 f i umodsys_lib_libui:umodsys.mod.ui.SDL_core.obj
 0001:000020a0       ?ref_weak@RBinArchiveFrameClient_ZIP@zlib@media@modules@UModSys@@UBE_NAAUWeakPointer@IRefObject@core@5@@Z 100030a0 f i umodsys_lib_libmedia:umodsys.mod.media.zlib.obj
 0001:000020a0       ?ref_weak@RRenderDriver2D@SDL_core@ui@modules@UModSys@@UBE_NAAUWeakPointer@IRefObject@core@5@@Z 100030a0 f i umodsys_lib_libui:umodsys.mod.ui.SDL_core.obj
 0001:000020a0       ?ref_weak@RGenerator@test1@test@modules@UModSys@@UBE_NAAUWeakPointer@IRefObject@core@5@@Z 100030a0 f i plugin_test1.obj
 0001:000020a0       ?ref_weak@RTerminal@SDL_core@ui@modules@UModSys@@UBE_NAAUWeakPointer@IRefObject@core@5@@Z 100030a0 f i umodsys_lib_libui:umodsys.mod.ui.SDL_core.obj
 0001:000020a0       ?ref_weak@RSerializeReader@serialize_json@media@modules@UModSys@@UBE_NAAUWeakPointer@IRefObject@core@5@@Z 100030a0 f i umodsys_lib_libmedia:umodsys.mod.media.serialize_json.obj
 0001:000020a0       ?ref_weak@RGenerator@zlib@media@modules@UModSys@@UBE_NAAUWeakPointer@IRefObject@core@5@@Z 100030a0 f i umodsys_lib_libmedia:umodsys.mod.media.zlib.obj
 0001:000020a0       ?ref_weak@RImage_Memory@stdlib@lib2d@modules@UModSys@@UBE_NAAUWeakPointer@IRefObject@core@5@@Z 100030a0 f i umodsys_lib_lib2d:umodsys.mod.2d.stdlib.obj
 0001:000020a0       ?ref_weak@RImageFactory_Memory@stdlib@lib2d@modules@UModSys@@UBE_NAAUWeakPointer@IRefObject@core@5@@Z 100030a0 f i umodsys_lib_lib2d:umodsys.mod.2d.stdlib.obj
 0001:000020a0       ?ref_weak@RGenerator@serialize_json@media@modules@UModSys@@UBE_NAAUWeakPointer@IRefObject@core@5@@Z 100030a0 f i umodsys_lib_libmedia:umodsys.mod.media.serialize_json.obj
 0001:000020a0       ?ref_weak@RGenerator@SDL_core@ui@modules@UModSys@@UBE_NAAUWeakPointer@IRefObject@core@5@@Z 100030a0 f i umodsys_lib_libui:umodsys.mod.ui.SDL_core.obj
 0001:000020a0       ?ref_weak@RGenerator@images_std@media@modules@UModSys@@UBE_NAAUWeakPointer@IRefObject@core@5@@Z 100030a0 f i umodsys_lib_libmedia:umodsys.mod.media.images_std.obj
 0001:000020a0       ?ref_weak@RMultiImage@stdlib@lib2d@modules@UModSys@@UBE_NAAUWeakPointer@IRefObject@core@5@@Z 100030a0 f i umodsys_lib_lib2d:umodsys.mod.2d.stdlib.obj
 0001:000020a0       ?ref_weak@RMouseController@SDL_core@ui@modules@UModSys@@UBE_NAAUWeakPointer@IRefObject@core@5@@Z 100030a0 f i umodsys_lib_libui:umodsys.mod.ui.SDL_core.obj
 0001:000020a0       ?ref_weak@RGenerator@frames@ui@modules@UModSys@@UBE_NAAUWeakPointer@IRefObject@core@5@@Z 100030a0 f i umodsys_lib_libui:umodsys.mod.ui.frames.obj
 0001:000020a0       ?ref_weak@RKeyboardController@SDL_core@ui@modules@UModSys@@UBE_NAAUWeakPointer@IRefObject@core@5@@Z 100030a0 f i umodsys_lib_libui:umodsys.mod.ui.SDL_core.obj
 0001:000020a0       ?ref_weak@RDialog@frames@ui@modules@UModSys@@UBE_NAAUWeakPointer@IRefObject@core@5@@Z 100030a0 f i umodsys_lib_libui:umodsys.mod.ui.frames.obj
 0001:000020a0       ?ref_weak@RGenerator@stdlib@lib2d@modules@UModSys@@UBE_NAAUWeakPointer@IRefObject@core@5@@Z 100030a0 f i umodsys_lib_lib2d:umodsys.mod.2d.stdlib.obj
 0001:000020c0       ??0RMultiImage2D_SDL_ttf@SDL_core@ui@modules@UModSys@@QAE@PAURRenderDriver2D@1234@ABUSParameters@core@4@@Z 100030c0 f i umodsys_lib_libui:umodsys.mod.ui.SDL_core.obj
 0001:00002140       ??1RMultiImage2D_SDL_ttf@SDL_core@ui@modules@UModSys@@UAE@XZ 10003140 f i umodsys_lib_libui:umodsys.mod.ui.SDL_core.obj
 0001:000021c0       ?open@RMultiImage2D_SDL_ttf@SDL_core@ui@modules@UModSys@@QAE_NABUSParameters@core@5@@Z 100031c0 f i umodsys_lib_libui:umodsys.mod.ui.SDL_core.obj
 0001:00002290       ?generate_glyphs@RMultiImage2D_SDL_ttf@SDL_core@ui@modules@UModSys@@QAE_NXZ 10003290 f i umodsys_lib_libui:umodsys.mod.ui.SDL_core.obj
 0001:00002390       ?get_max_cell_size@RMultiImage2D_SDL_ttf@SDL_core@ui@modules@UModSys@@UBE?AU?$TVector2@H@math3d@5@XZ 10003390 f i umodsys_lib_libui:umodsys.mod.ui.SDL_core.obj
 0001:00002390       ?get_fixed_cell_size@RMultiImage2D_SDL_ttf@SDL_core@ui@modules@UModSys@@UBE?AU?$TVector2@H@math3d@5@XZ 10003390 f i umodsys_lib_libui:umodsys.mod.ui.SDL_core.obj
 0001:00002390       ?get_max_layer_size@RMultiImage2D_SDL_ttf@SDL_core@ui@modules@UModSys@@UBE?AU?$TVector2@H@math3d@5@XZ 10003390 f i umodsys_lib_libui:umodsys.mod.ui.SDL_core.obj
 0001:000023b0       ?get_ctrldata@RFrame_Text@frames@ui@modules@UModSys@@UAEPAUIControllerData@libui@5@XZ 100033b0 f i umodsys_lib_libui:umodsys.mod.ui.frames.obj
 0001:000023b0       ?get_ctrldata@RFrame_List@frames@ui@modules@UModSys@@UAEPAUIControllerData@libui@5@XZ 100033b0 f i umodsys_lib_libui:umodsys.mod.ui.frames.obj
 0001:000023b0       ?get_ctrlcmd@RFrame_Text@frames@ui@modules@UModSys@@UAEPAUIControllerCommand@libui@5@XZ 100033b0 f i umodsys_lib_libui:umodsys.mod.ui.frames.obj
 0001:000023b0       ?get_data@RFrame_Image@frames@ui@modules@UModSys@@UAEPAUIFrameData@libui@5@XZ 100033b0 f i umodsys_lib_libui:umodsys.mod.ui.frames.obj
 0001:000023b0       ?get_list@RFrame_Button@frames@ui@modules@UModSys@@UAEPAUIFrameList@libui@5@XZ 100033b0 f i umodsys_lib_libui:umodsys.mod.ui.frames.obj
 0001:000023b0       ?get_ctrlcmd@RFrame_Edit@frames@ui@modules@UModSys@@UAEPAUIControllerCommand@libui@5@XZ 100033b0 f i umodsys_lib_libui:umodsys.mod.ui.frames.obj
 0001:000023b0       ?get_ctrlcmd@RFrame_Button@frames@ui@modules@UModSys@@UAEPAUIControllerCommand@libui@5@XZ 100033b0 f i umodsys_lib_libui:umodsys.mod.ui.frames.obj
 0001:000023b0       ?get_ctrlcmd@RFrame_Frame@frames@ui@modules@UModSys@@UAEPAUIControllerCommand@libui@5@XZ 100033b0 f i umodsys_lib_libui:umodsys.mod.ui.frames.obj
 0001:000023b0       ?get_ctrldata@RFrame_Image@frames@ui@modules@UModSys@@UAEPAUIControllerData@libui@5@XZ 100033b0 f i umodsys_lib_libui:umodsys.mod.ui.frames.obj
 0001:000023b0       ?get_data@RFrame_Frame@frames@ui@modules@UModSys@@UAEPAUIFrameData@libui@5@XZ 100033b0 f i umodsys_lib_libui:umodsys.mod.ui.frames.obj
 0001:000023b0       ?get_ctrldata@RFrame_Button@frames@ui@modules@UModSys@@UAEPAUIControllerData@libui@5@XZ 100033b0 f i umodsys_lib_libui:umodsys.mod.ui.frames.obj
 0001:000023b0       ?get_list@RFrame_Frame@frames@ui@modules@UModSys@@UAEPAUIFrameList@libui@5@XZ 100033b0 f i umodsys_lib_libui:umodsys.mod.ui.frames.obj
 0001:000023b0       ?get_data@RFrame_Button@frames@ui@modules@UModSys@@UAEPAUIFrameData@libui@5@XZ 100033b0 f i umodsys_lib_libui:umodsys.mod.ui.frames.obj
 0001:000023b0       ?get_ctrldata@RFrame_Edit@frames@ui@modules@UModSys@@UAEPAUIControllerData@libui@5@XZ 100033b0 f i umodsys_lib_libui:umodsys.mod.ui.frames.obj
 0001:000023b0       ?get_ctrlcmd@RFrame_List@frames@ui@modules@UModSys@@UAEPAUIControllerCommand@libui@5@XZ 100033b0 f i umodsys_lib_libui:umodsys.mod.ui.frames.obj
 0001:000023b0       ?get_cell_count@RMultiImage2D_SDL_ttf@SDL_core@ui@modules@UModSys@@UBEIXZ 100033b0 f i umodsys_lib_libui:umodsys.mod.ui.SDL_core.obj
 0001:000023b0       ?get_list@RFrame_Edit@frames@ui@modules@UModSys@@UAEPAUIFrameList@libui@5@XZ 100033b0 f i umodsys_lib_libui:umodsys.mod.ui.frames.obj
 0001:000023b0       ?get_list@RFrame_Text@frames@ui@modules@UModSys@@UAEPAUIFrameList@libui@5@XZ 100033b0 f i umodsys_lib_libui:umodsys.mod.ui.frames.obj
 0001:000023b0       ?get_list@RFrame_Image@frames@ui@modules@UModSys@@UAEPAUIFrameList@libui@5@XZ 100033b0 f i umodsys_lib_libui:umodsys.mod.ui.frames.obj
 0001:000023b0       ?get_layer_count@RMultiImage2D_SDL_ttf@SDL_core@ui@modules@UModSys@@UBEGXZ 100033b0 f i umodsys_lib_libui:umodsys.mod.ui.SDL_core.obj
 0001:000023b0       ?get_ctrldata@RFrame_Frame@frames@ui@modules@UModSys@@UAEPAUIControllerData@libui@5@XZ 100033b0 f i umodsys_lib_libui:umodsys.mod.ui.frames.obj
 0001:000023b0       ?get_ctrlcmd@RFrame_Image@frames@ui@modules@UModSys@@UAEPAUIControllerCommand@libui@5@XZ 100033b0 f i umodsys_lib_libui:umodsys.mod.ui.frames.obj
 0001:000023b0       ?get_up_theme@RCollector@frames@ui@modules@UModSys@@UAEPAUICollectorTheme@libui@5@XZ 100033b0 f i umodsys_lib_libui:umodsys.mod.ui.frames.obj
 0001:000023c0       ?get_layer@RMultiImage2D_SDL_ttf@SDL_core@ui@modules@UModSys@@UBEPAUIImage@lib2d@5@G@Z 100033c0 f i umodsys_lib_libui:umodsys.mod.ui.SDL_core.obj
 0001:000023c0       ?get_controller@RRenderDriver2D@SDL_core@ui@modules@UModSys@@UBEPAUIRefObject@core@5@PBUSUniquePointerInfo@75@@Z 100033c0 f i umodsys_lib_libui:umodsys.mod.ui.SDL_core.obj
 0001:000023d0       ?get_cell@RMultiImage2D_SDL_ttf@SDL_core@ui@modules@UModSys@@UBE_NIAAU?$TVector2@H@math3d@5@PAU675@PAG@Z 100033d0 f i umodsys_lib_libui:umodsys.mod.ui.SDL_core.obj
 0001:000023e0       ?key_event@RFrame_Common@frames@ui@modules@UModSys@@MAE_NABUSKeyboardInputText@libui@5@@Z 100033e0 f i umodsys_lib_libui:umodsys.mod.ui.frames.obj
 0001:000023e0       ?set_layer_count@RMultiImage2D_SDL_ttf@SDL_core@ui@modules@UModSys@@UAE_NG@Z 100033e0 f i umodsys_lib_libui:umodsys.mod.ui.SDL_core.obj
 0001:000023e0       ?mouse_setvisible@RMouseController@SDL_core@ui@modules@UModSys@@UAE_N_N@Z 100033e0 f i umodsys_lib_libui:umodsys.mod.ui.SDL_core.obj
 0001:000023e0       ?key_event@RFrame_Common@frames@ui@modules@UModSys@@MAE_NABUSKeyboardInputRaw@libui@5@@Z 100033e0 f i umodsys_lib_libui:umodsys.mod.ui.frames.obj
 0001:000023e0       ?set_insize@RFrame_Common@frames@ui@modules@UModSys@@UAE_NABU?$TVector2@H@math3d@5@@Z 100033e0 f i umodsys_lib_libui:umodsys.mod.ui.frames.obj
 0001:000023e0       ?mouse_event@RFrame_Common@frames@ui@modules@UModSys@@MAE_NPBUSMouseInput@libui@5@@Z 100033e0 f i umodsys_lib_libui:umodsys.mod.ui.frames.obj
 0001:000023f0       ??_GRMultiImage2D_SDL_ttf@SDL_core@ui@modules@UModSys@@UAEPAXI@Z 100033f0 f i umodsys_lib_libui:umodsys.mod.ui.SDL_core.obj
 0001:000023f0       ??_ERMultiImage2D_SDL_ttf@SDL_core@ui@modules@UModSys@@UAEPAXI@Z 100033f0 f i  CIL library: CIL module
 0001:00002410       ?root_get_interface_info@RRenderDriver2D@SDL_core@ui@modules@UModSys@@UBEABUSUniquePointerInfo@core@5@XZ 10003410 f i umodsys_lib_libui:umodsys.mod.ui.SDL_core.obj
 0001:00002420       ?root_get_interface_type@RRenderDriver2D@SDL_core@ui@modules@UModSys@@UBEPBUSUniquePointerInfo@core@5@XZ 10003420 f i umodsys_lib_libui:umodsys.mod.ui.SDL_core.obj
 0001:00002430       ?root_get_other_interface@RRenderDriver2D@SDL_core@ui@modules@UModSys@@UBEPBUIRoot@core@5@PBUSUniquePointerInfo@75@@Z 10003430 f i umodsys_lib_libui:umodsys.mod.ui.SDL_core.obj
 0001:00002430       ?root_get_other_interface@RRenderDriver2D@SDL_core@ui@modules@UModSys@@UAEPAUIRoot@core@5@PBUSUniquePointerInfo@75@@Z 10003430 f i umodsys_lib_libui:umodsys.mod.ui.SDL_core.obj
 0001:00002460       ?root_is_interface_supported@RRenderDriver2D@SDL_core@ui@modules@UModSys@@UBE_NPBUSUniquePointerInfo@core@5@@Z 10003460 f i umodsys_lib_libui:umodsys.mod.ui.SDL_core.obj
 0001:000024a0       ??0RRenderDriver2D@SDL_core@ui@modules@UModSys@@QAE@PAURTerminal@1234@ABUSParameters@core@4@@Z 100034a0 f i umodsys_lib_libui:umodsys.mod.ui.SDL_core.obj
 0001:000025a0       ??1RRenderDriver2D@SDL_core@ui@modules@UModSys@@UAE@XZ 100035a0 f i umodsys_lib_libui:umodsys.mod.ui.SDL_core.obj
 0001:00002670       ?open@RRenderDriver2D@SDL_core@ui@modules@UModSys@@QAE_NABUSParameters@core@5@@Z 10003670 f i umodsys_lib_libui:umodsys.mod.ui.SDL_core.obj
 0001:00002820       ?set_color@RRenderDriver2D@SDL_core@ui@modules@UModSys@@QAEXXZ 10003820 f i umodsys_lib_libui:umodsys.mod.ui.SDL_core.obj
 0001:00002910       ?begin@RRenderDriver2D@SDL_core@ui@modules@UModSys@@UAEXXZ 10003910 f i umodsys_lib_libui:umodsys.mod.ui.SDL_core.obj
 0001:000029f0       ?end@RRenderDriver2D@SDL_core@ui@modules@UModSys@@UAEXXZ 100039f0 f i umodsys_lib_libui:umodsys.mod.ui.SDL_core.obj
 0001:00002a00       ?get_max_values@RRenderDriver2D@SDL_core@ui@modules@UModSys@@UBEPBUSParameters@core@5@XZ 10003a00 f i umodsys_lib_libui:umodsys.mod.ui.SDL_core.obj
 0001:00002a10       ?get_frame_values@RRenderDriver2D@SDL_core@ui@modules@UModSys@@UBEPBUSParameters@core@5@XZ 10003a10 f i umodsys_lib_libui:umodsys.mod.ui.SDL_core.obj
 0001:00002a20       ?setup_font@RRenderDriver2D@SDL_core@ui@modules@UModSys@@UAE_NPAUIMultiImage@lib2d@5@PBU?$TVector2@M@math3d@5@@Z 10003a20 f i umodsys_lib_libui:umodsys.mod.ui.SDL_core.obj
 0001:00002a80       ?setup_color@RRenderDriver2D@SDL_core@ui@modules@UModSys@@UAEXABU?$TVector3@M@math3d@5@@Z 10003a80 f i umodsys_lib_libui:umodsys.mod.ui.SDL_core.obj
 0001:00002ab0       ?setup_color@RRenderDriver2D@SDL_core@ui@modules@UModSys@@UAEXABU?$TVector3@H@math3d@5@@Z 10003ab0 f i umodsys_lib_libui:umodsys.mod.ui.SDL_core.obj
 0001:00002b00       ?setup_coloralpha@RRenderDriver2D@SDL_core@ui@modules@UModSys@@UAEXABU?$TVector4@M@math3d@5@H@Z 10003b00 f i umodsys_lib_libui:umodsys.mod.ui.SDL_core.obj
 0001:00002b40       ?setup_coloralpha@RRenderDriver2D@SDL_core@ui@modules@UModSys@@UAEXABU?$TVector4@H@math3d@5@H@Z 10003b40 f i umodsys_lib_libui:umodsys.mod.ui.SDL_core.obj
 0001:00002ba0       ?setup_blendcolor@RRenderDriver2D@SDL_core@ui@modules@UModSys@@UAEXABUSBlendColor@lib2d@5@@Z 10003ba0 f i umodsys_lib_libui:umodsys.mod.ui.SDL_core.obj
 0001:00002c00       ?setup_blendcolor@RRenderDriver2D@SDL_core@ui@modules@UModSys@@UAEXABUSBlendColorf@lib2d@5@@Z 10003c00 f i umodsys_lib_libui:umodsys.mod.ui.SDL_core.obj
 0001:00002c60       ?setup_alpha@RRenderDriver2D@SDL_core@ui@modules@UModSys@@UAEXHH@Z 10003c60 f i umodsys_lib_libui:umodsys.mod.ui.SDL_core.obj
 0001:00002c90       ?setup_alpha@RRenderDriver2D@SDL_core@ui@modules@UModSys@@UAEXMH@Z 10003c90 f i umodsys_lib_libui:umodsys.mod.ui.SDL_core.obj
 0001:00002cb0       ?render_text_advanced@RRenderDriver2D@SDL_core@ui@modules@UModSys@@UAE_NAAUTextInfo@IRenderDriver@lib2d@5@PBHH@Z 10003cb0 f i umodsys_lib_libui:umodsys.mod.ui.SDL_core.obj
 0001:00002eb0       ?render_box@RRenderDriver2D@SDL_core@ui@modules@UModSys@@UAEXABU?$TVector2@H@math3d@5@0@Z 10003eb0 f i umodsys_lib_libui:umodsys.mod.ui.SDL_core.obj
 0001:00002f00       ?render_tri@RRenderDriver2D@SDL_core@ui@modules@UModSys@@UAEXABU?$TVector2@H@math3d@5@00@Z 10003f00 f i umodsys_lib_libui:umodsys.mod.ui.SDL_core.obj
 0001:00002f70       ?render_quad@RRenderDriver2D@SDL_core@ui@modules@UModSys@@UAEXABU?$TVector2@H@math3d@5@000@Z 10003f70 f i umodsys_lib_libui:umodsys.mod.ui.SDL_core.obj
 0001:00002ff0       ?render_box@RRenderDriver2D@SDL_core@ui@modules@UModSys@@UAEXPAUIImage@lib2d@5@ABU?$TVector2@H@math3d@5@1ABU?$TVector2@M@95@2@Z 10003ff0 f i umodsys_lib_libui:umodsys.mod.ui.SDL_core.obj
 0001:00003000       ?render_line@RRenderDriver2D@SDL_core@ui@modules@UModSys@@UAEXABU?$TVector2@H@math3d@5@0@Z 10004000 f i umodsys_lib_libui:umodsys.mod.ui.SDL_core.obj
 0001:00003030       ?render_rect@RRenderDriver2D@SDL_core@ui@modules@UModSys@@UAEXABU?$TVector2@H@math3d@5@0@Z 10004030 f i umodsys_lib_libui:umodsys.mod.ui.SDL_core.obj
 0001:00003080       ??_ERRenderDriver2D@SDL_core@ui@modules@UModSys@@UAEPAXI@Z 10004080 f i  CIL library: CIL module
 0001:00003080       ??_GRRenderDriver2D@SDL_core@ui@modules@UModSys@@UAEPAXI@Z 10004080 f i umodsys_lib_libui:umodsys.mod.ui.SDL_core.obj
 0001:000030a0       ?root_get_interface_info@RMouseController@SDL_core@ui@modules@UModSys@@UBEABUSUniquePointerInfo@core@5@XZ 100040a0 f i umodsys_lib_libui:umodsys.mod.ui.SDL_core.obj
 0001:000030b0       ?root_get_interface_type@RMouseController@SDL_core@ui@modules@UModSys@@UBEPBUSUniquePointerInfo@core@5@XZ 100040b0 f i umodsys_lib_libui:umodsys.mod.ui.SDL_core.obj
 0001:000030c0       ?root_get_other_interface@RMouseController@SDL_core@ui@modules@UModSys@@UAEPAUIRoot@core@5@PBUSUniquePointerInfo@75@@Z 100040c0 f i umodsys_lib_libui:umodsys.mod.ui.SDL_core.obj
 0001:000030c0       ?root_get_other_interface@RMouseController@SDL_core@ui@modules@UModSys@@UBEPBUIRoot@core@5@PBUSUniquePointerInfo@75@@Z 100040c0 f i umodsys_lib_libui:umodsys.mod.ui.SDL_core.obj
 0001:000030f0       ?root_is_interface_supported@RMouseController@SDL_core@ui@modules@UModSys@@UBE_NPBUSUniquePointerInfo@core@5@@Z 100040f0 f i umodsys_lib_libui:umodsys.mod.ui.SDL_core.obj
 0001:00003130       ?ref_remove@RDialog@frames@ui@modules@UModSys@@UBEXXZ 10004130 f i umodsys_lib_libui:umodsys.mod.ui.frames.obj
 0001:00003130       ?ref_remove@RRenderDriver2D@SDL_core@ui@modules@UModSys@@UBEXXZ 10004130 f i umodsys_lib_libui:umodsys.mod.ui.SDL_core.obj
 0001:00003130       ?ref_remove@RGenerator@test1@test@modules@UModSys@@UBEXXZ 10004130 f i plugin_test1.obj
 0001:00003130       ?ref_remove@RMouseController@SDL_core@ui@modules@UModSys@@UBEXXZ 10004130 f i umodsys_lib_libui:umodsys.mod.ui.SDL_core.obj
 0001:00003130       ?ref_remove@RGenerator@SDL_core@ui@modules@UModSys@@UBEXXZ 10004130 f i umodsys_lib_libui:umodsys.mod.ui.SDL_core.obj
 0001:00003130       ?ref_remove@RMultiImage2D_SDL_ttf@SDL_core@ui@modules@UModSys@@UBEXXZ 10004130 f i umodsys_lib_libui:umodsys.mod.ui.SDL_core.obj
 0001:00003130       ?ref_remove@RImageFactory_Memory@stdlib@lib2d@modules@UModSys@@UBEXXZ 10004130 f i umodsys_lib_lib2d:umodsys.mod.2d.stdlib.obj
 0001:00003130       ?ref_remove@RImage_Memory@stdlib@lib2d@modules@UModSys@@UBEXXZ 10004130 f i umodsys_lib_lib2d:umodsys.mod.2d.stdlib.obj
 0001:00003130       ?ref_remove@RGenerator@stdlib@lib2d@modules@UModSys@@UBEXXZ 10004130 f i umodsys_lib_lib2d:umodsys.mod.2d.stdlib.obj
 0001:00003130       ?ref_remove@RMultiImage@stdlib@lib2d@modules@UModSys@@UBEXXZ 10004130 f i umodsys_lib_lib2d:umodsys.mod.2d.stdlib.obj
 0001:00003130       ?ref_remove@RKeyboardController@SDL_core@ui@modules@UModSys@@UBEXXZ 10004130 f i umodsys_lib_libui:umodsys.mod.ui.SDL_core.obj
 0001:00003130       ?ref_remove@RGenerator@frames@ui@modules@UModSys@@UBEXXZ 10004130 f i umodsys_lib_libui:umodsys.mod.ui.frames.obj
 0001:00003130       ?ref_remove@RBinArchiveFrameClient_ZIP@zlib@media@modules@UModSys@@UBEXXZ 10004130 f i umodsys_lib_libmedia:umodsys.mod.media.zlib.obj
 0001:00003130       ?ref_remove@RTerminal@SDL_core@ui@modules@UModSys@@UBEXXZ 10004130 f i umodsys_lib_libui:umodsys.mod.ui.SDL_core.obj
 0001:00003130       ?ref_remove@RSerializeReader@serialize_json@media@modules@UModSys@@UBEXXZ 10004130 f i umodsys_lib_libmedia:umodsys.mod.media.serialize_json.obj
 0001:00003130       ?ref_remove@RGenerator@zlib@media@modules@UModSys@@UBEXXZ 10004130 f i umodsys_lib_libmedia:umodsys.mod.media.zlib.obj
 0001:00003130       ?ref_remove@RGenerator@images_std@media@modules@UModSys@@UBEXXZ 10004130 f i umodsys_lib_libmedia:umodsys.mod.media.images_std.obj
 0001:00003130       ?ref_remove@RGenerator@serialize_json@media@modules@UModSys@@UBEXXZ 10004130 f i umodsys_lib_libmedia:umodsys.mod.media.serialize_json.obj
 0001:00003140       ??0RMouseController@SDL_core@ui@modules@UModSys@@QAE@PAURTerminal@1234@ABUSParameters@core@4@@Z 10004140 f i umodsys_lib_libui:umodsys.mod.ui.SDL_core.obj
 0001:000031a0       ??1RMouseController@SDL_core@ui@modules@UModSys@@UAE@XZ 100041a0 f i umodsys_lib_libui:umodsys.mod.ui.SDL_core.obj
 0001:00003200       ?process@RMouseController@SDL_core@ui@modules@UModSys@@QAE_NAAUSDL_MouseMotionEvent@@@Z 10004200 f i umodsys_lib_libui:umodsys.mod.ui.SDL_core.obj
 0001:00003350       ?process@RMouseController@SDL_core@ui@modules@UModSys@@QAE_NAAUSDL_MouseButtonEvent@@@Z 10004350 f i umodsys_lib_libui:umodsys.mod.ui.SDL_core.obj
 0001:00003480       ?process@RMouseController@SDL_core@ui@modules@UModSys@@QAE_NAAUSDL_MouseWheelEvent@@@Z 10004480 f i umodsys_lib_libui:umodsys.mod.ui.SDL_core.obj
 0001:00003590       ?key_unlink@RKeyboardController@SDL_core@ui@modules@UModSys@@UAE_NH@Z 10004590 f i umodsys_lib_libui:umodsys.mod.ui.SDL_core.obj
 0001:00003590       ?mouse_unlink@RMouseController@SDL_core@ui@modules@UModSys@@UAE_NH@Z 10004590 f i umodsys_lib_libui:umodsys.mod.ui.SDL_core.obj
 0001:000035d0       ?mouse_link@RMouseController@SDL_core@ui@modules@UModSys@@UAE_NHPAUIRefObject@core@5@PAUIMouseClient@libui@5@H@Z 100045d0 f i umodsys_lib_libui:umodsys.mod.ui.SDL_core.obj
 0001:00003630       ?key_reset@RKeyboardController@SDL_core@ui@modules@UModSys@@UAE_NXZ 10004630 f i umodsys_lib_libui:umodsys.mod.ui.SDL_core.obj
 0001:00003630       ?mouse_reset@RMouseController@SDL_core@ui@modules@UModSys@@UAE_NXZ 10004630 f i umodsys_lib_libui:umodsys.mod.ui.SDL_core.obj
 0001:00003640       ?set_parameters@RRenderDriver2D@SDL_core@ui@modules@UModSys@@UAE_NPBDABUSParameters@core@5@@Z 10004640 f i umodsys_lib_libui:umodsys.mod.ui.SDL_core.obj
 0001:00003640       ?get_cell@RMultiImage2D_SDL_ttf@SDL_core@ui@modules@UModSys@@UBE_NIAAUSImageCellInfo@lib2d@5@@Z 10004640 f i umodsys_lib_libui:umodsys.mod.ui.SDL_core.obj
 0001:00003640       ?key_setrepeat@RKeyboardController@SDL_core@ui@modules@UModSys@@UAE_NMM@Z 10004640 f i umodsys_lib_libui:umodsys.mod.ui.SDL_core.obj
 0001:00003640       ?setup_fixed_cell@RMultiImage2D_SDL_ttf@SDL_core@ui@modules@UModSys@@UAE_NHH@Z 10004640 f i umodsys_lib_libui:umodsys.mod.ui.SDL_core.obj
 0001:00003640       ?set_hint@RMultiImage2D_SDL_ttf@SDL_core@ui@modules@UModSys@@UAE_NPBD0@Z 10004640 f i umodsys_lib_libui:umodsys.mod.ui.SDL_core.obj
 0001:00003640       ?mouse_setposition@RMouseController@SDL_core@ui@modules@UModSys@@UAE_NHH@Z 10004640 f i umodsys_lib_libui:umodsys.mod.ui.SDL_core.obj
 0001:00003650       ??_ERMouseController@SDL_core@ui@modules@UModSys@@UAEPAXI@Z 10004650 f i  CIL library: CIL module
 0001:00003650       ??_GRMouseController@SDL_core@ui@modules@UModSys@@UAEPAXI@Z 10004650 f i umodsys_lib_libui:umodsys.mod.ui.SDL_core.obj
 0001:00003670       ?root_get_interface_info@RKeyboardController@SDL_core@ui@modules@UModSys@@UBEABUSUniquePointerInfo@core@5@XZ 10004670 f i umodsys_lib_libui:umodsys.mod.ui.SDL_core.obj
 0001:00003680       ?root_get_interface_type@RKeyboardController@SDL_core@ui@modules@UModSys@@UBEPBUSUniquePointerInfo@core@5@XZ 10004680 f i umodsys_lib_libui:umodsys.mod.ui.SDL_core.obj
 0001:00003690       ?root_get_other_interface@RKeyboardController@SDL_core@ui@modules@UModSys@@UBEPBUIRoot@core@5@PBUSUniquePointerInfo@75@@Z 10004690 f i umodsys_lib_libui:umodsys.mod.ui.SDL_core.obj
 0001:00003690       ?root_get_other_interface@RKeyboardController@SDL_core@ui@modules@UModSys@@UAEPAUIRoot@core@5@PBUSUniquePointerInfo@75@@Z 10004690 f i umodsys_lib_libui:umodsys.mod.ui.SDL_core.obj
 0001:000036c0       ?root_is_interface_supported@RKeyboardController@SDL_core@ui@modules@UModSys@@UBE_NPBUSUniquePointerInfo@core@5@@Z 100046c0 f i umodsys_lib_libui:umodsys.mod.ui.SDL_core.obj
 0001:00003700       ??0RKeyboardController@SDL_core@ui@modules@UModSys@@QAE@PAURTerminal@1234@ABUSParameters@core@4@@Z 10004700 f i umodsys_lib_libui:umodsys.mod.ui.SDL_core.obj
 0001:00003760       ??1RKeyboardController@SDL_core@ui@modules@UModSys@@UAE@XZ 10004760 f i umodsys_lib_libui:umodsys.mod.ui.SDL_core.obj
 0001:000037c0       ?process@RKeyboardController@SDL_core@ui@modules@UModSys@@QAE_NAAUSDL_KeyboardEvent@@@Z 100047c0 f i umodsys_lib_libui:umodsys.mod.ui.SDL_core.obj
 0001:000038a0       ?process@RKeyboardController@SDL_core@ui@modules@UModSys@@QAE_NAAUSDL_TextInputEvent@@@Z 100048a0 f i umodsys_lib_libui:umodsys.mod.ui.SDL_core.obj
 0001:00003990       ?map_keycode@RKeyboardController@SDL_core@ui@modules@UModSys@@QAE?AW4eKeyCode@libui@5@H@Z 10004990 f i umodsys_lib_libui:umodsys.mod.ui.SDL_core.obj
 0001:00003ed0       ?map_keyspecial@RKeyboardController@SDL_core@ui@modules@UModSys@@QAEFG@Z 10004ed0 f i umodsys_lib_libui:umodsys.mod.ui.SDL_core.obj
 0001:00003f50       ?key_link@RKeyboardController@SDL_core@ui@modules@UModSys@@UAE_NHPAUIRefObject@core@5@PAUIKeyboardClient@libui@5@@Z 10004f50 f i umodsys_lib_libui:umodsys.mod.ui.SDL_core.obj
 0001:00003fa0       ?key_setmodifier@RKeyboardController@SDL_core@ui@modules@UModSys@@UAE_NHHH@Z 10004fa0 f i umodsys_lib_libui:umodsys.mod.ui.SDL_core.obj
 0001:00003fa0       ?setup_variable_cell@RMultiImage2D_SDL_ttf@SDL_core@ui@modules@UModSys@@UAE_NPBUSImageCellInfo@lib2d@5@KK@Z 10004fa0 f i umodsys_lib_libui:umodsys.mod.ui.SDL_core.obj
 0001:00003fb0       ?key_setvisible@RKeyboardController@SDL_core@ui@modules@UModSys@@UAE_N_N@Z 10004fb0 f i umodsys_lib_libui:umodsys.mod.ui.SDL_core.obj
 0001:00003fd0       ??_GRKeyboardController@SDL_core@ui@modules@UModSys@@UAEPAXI@Z 10004fd0 f i umodsys_lib_libui:umodsys.mod.ui.SDL_core.obj
 0001:00003fd0       ??_ERKeyboardController@SDL_core@ui@modules@UModSys@@UAEPAXI@Z 10004fd0 f i  CIL library: CIL module
 0001:00003ff0       ?root_get_interface_info@RTerminal@SDL_core@ui@modules@UModSys@@UBEABUSUniquePointerInfo@core@5@XZ 10004ff0 f i umodsys_lib_libui:umodsys.mod.ui.SDL_core.obj
 0001:00004000       ?root_get_interface_type@RTerminal@SDL_core@ui@modules@UModSys@@UBEPBUSUniquePointerInfo@core@5@XZ 10005000 f i umodsys_lib_libui:umodsys.mod.ui.SDL_core.obj
 0001:00004010       ?root_get_other_interface@RTerminal@SDL_core@ui@modules@UModSys@@UAEPAUIRoot@core@5@PBUSUniquePointerInfo@75@@Z 10005010 f i umodsys_lib_libui:umodsys.mod.ui.SDL_core.obj
 0001:00004010       ?root_get_other_interface@RTerminal@SDL_core@ui@modules@UModSys@@UBEPBUIRoot@core@5@PBUSUniquePointerInfo@75@@Z 10005010 f i umodsys_lib_libui:umodsys.mod.ui.SDL_core.obj
 0001:00004040       ?root_is_interface_supported@RTerminal@SDL_core@ui@modules@UModSys@@UBE_NPBUSUniquePointerInfo@core@5@@Z 10005040 f i umodsys_lib_libui:umodsys.mod.ui.SDL_core.obj
 0001:00004080       ??0RTerminal@SDL_core@ui@modules@UModSys@@QAE@PAUIModObject@base@4@ABUSParameters@core@4@@Z 10005080 f i umodsys_lib_libui:umodsys.mod.ui.SDL_core.obj
 0001:00004120       ??1RTerminal@SDL_core@ui@modules@UModSys@@UAE@XZ 10005120 f i umodsys_lib_libui:umodsys.mod.ui.SDL_core.obj
 0001:000041d0       ?poll_events@RTerminal@SDL_core@ui@modules@UModSys@@UAE_NH@Z 100051d0 f i umodsys_lib_libui:umodsys.mod.ui.SDL_core.obj
 0001:00004310       ?get_terminal_state@RTerminal@SDL_core@ui@modules@UModSys@@UAE_NW4eTerminalState@libui@5@@Z 10005310 f i umodsys_lib_libui:umodsys.mod.ui.SDL_core.obj
 0001:00004330       ?set_terminal_state@RTerminal@SDL_core@ui@modules@UModSys@@UAE_NW4eTerminalState@libui@5@_N@Z 10005330 f i umodsys_lib_libui:umodsys.mod.ui.SDL_core.obj
 0001:000043a0       ?get_clock@RTerminal@SDL_core@ui@modules@UModSys@@UAENXZ 100053a0 f i umodsys_lib_libui:umodsys.mod.ui.SDL_core.obj
 0001:000043c0       ?wait@RTerminal@SDL_core@ui@modules@UModSys@@UAE_NM@Z 100053c0 f i umodsys_lib_libui:umodsys.mod.ui.SDL_core.obj
 0001:00004400       ?get_count@RTerminal@SDL_core@ui@modules@UModSys@@UBEIPBUSUniquePointerInfo@core@5@@Z 10005400 f i umodsys_lib_libui:umodsys.mod.ui.SDL_core.obj
 0001:00004440       ?get_handler@RTerminal@SDL_core@ui@modules@UModSys@@UBEPAUIRefObject@core@5@PBUSUniquePointerInfo@75@I@Z 10005440 f i umodsys_lib_libui:umodsys.mod.ui.SDL_core.obj
 0001:00004490       ?get_handler@RTerminal@SDL_core@ui@modules@UModSys@@UBEPAUIRefObject@core@5@PBUSUniquePointerInfo@75@PBD@Z 10005490 f i umodsys_lib_libui:umodsys.mod.ui.SDL_core.obj
 0001:000044a0       ?get_friend_handler@RTerminal@SDL_core@ui@modules@UModSys@@UBEPAUIRefObject@core@5@PBUSUniquePointerInfo@75@PAU675@@Z 100054a0 f i umodsys_lib_libui:umodsys.mod.ui.SDL_core.obj
 0001:000044b0       ?create_handler@RTerminal@SDL_core@ui@modules@UModSys@@UAE_NPBUSUniquePointerInfo@core@5@AAU?$TRefObject@UIRefObject@core@UModSys@@U?$TRefObjectFunc@UIRefObject@core@UModSys@@@tl@3@@tl@5@PBDPBUSParameters@75@@Z 100054b0 f i umodsys_lib_libui:umodsys.mod.ui.SDL_core.obj
 0001:00004760       ??_ERTerminal@SDL_core@ui@modules@UModSys@@UAEPAXI@Z 10005760 f i  CIL library: CIL module
 0001:00004760       ??_GRTerminal@SDL_core@ui@modules@UModSys@@UAEPAXI@Z 10005760 f i umodsys_lib_libui:umodsys.mod.ui.SDL_core.obj
 0001:00004780       ?get_generated_names@RGenerator@SDL_core@ui@modules@UModSys@@UBEHAAUSUniquePtrList@core@5@@Z 10005780 f i umodsys_lib_libui:umodsys.mod.ui.SDL_core.obj
 0001:000047a0       ?get_generated_types@RGenerator@SDL_core@ui@modules@UModSys@@UBEHAAUSUniquePtrList@core@5@PBUSUniquePointerInfo@75@@Z 100057a0 f i umodsys_lib_libui:umodsys.mod.ui.SDL_core.obj
 0001:000047f0       ?generate@RGenerator@SDL_core@ui@modules@UModSys@@UAE_NAAU?$TRefObject@UIRefObject@core@UModSys@@U?$TRefObjectFunc@UIRefObject@core@UModSys@@@tl@3@@tl@5@PBUSUniquePointerInfo@core@5@ABUSParameters@95@@Z 100057f0 f i umodsys_lib_libui:umodsys.mod.ui.SDL_core.obj
 0001:00004820       ?root_get_interface_info@RGenerator@SDL_core@ui@modules@UModSys@@UBEABUSUniquePointerInfo@core@5@XZ 10005820 f i umodsys_lib_libui:umodsys.mod.ui.SDL_core.obj
 0001:00004830       ?root_get_interface_type@RGenerator@SDL_core@ui@modules@UModSys@@UBEPBUSUniquePointerInfo@core@5@XZ 10005830 f i umodsys_lib_libui:umodsys.mod.ui.SDL_core.obj
 0001:00004840       ?root_get_other_interface@RGenerator@SDL_core@ui@modules@UModSys@@UAEPAUIRoot@core@5@PBUSUniquePointerInfo@75@@Z 10005840 f i umodsys_lib_libui:umodsys.mod.ui.SDL_core.obj
 0001:00004840       ?root_get_other_interface@RGenerator@SDL_core@ui@modules@UModSys@@UBEPBUIRoot@core@5@PBUSUniquePointerInfo@75@@Z 10005840 f i umodsys_lib_libui:umodsys.mod.ui.SDL_core.obj
 0001:00004880       ?root_is_interface_supported@RGenerator@SDL_core@ui@modules@UModSys@@UBE_NPBUSUniquePointerInfo@core@5@@Z 10005880 f i umodsys_lib_libui:umodsys.mod.ui.SDL_core.obj
 0001:000048c0       ?get_uid@RGenerator@SDL_core@ui@modules@UModSys@@UBEPBUSUniquePointerInfo@core@5@XZ 100058c0 f i umodsys_lib_libui:umodsys.mod.ui.SDL_core.obj
 0001:000048d0       ?do_open@RModuleReg@SDL_core@ui@modules@UModSys@@UAE_NXZ 100058d0 f i umodsys_lib_libui:umodsys.mod.ui.SDL_core.obj
 0001:000048e0       ?do_close@RModuleReg@SDL_core@ui@modules@UModSys@@UAE_NXZ 100058e0 f i umodsys_lib_libui:umodsys.mod.ui.SDL_core.obj
 0001:000048f0       ??_ERModuleReg@SDL_core@ui@modules@UModSys@@UAEPAXI@Z 100058f0 f i  CIL library: CIL module
 0001:000048f0       ??_GRModuleReg@SDL_core@ui@modules@UModSys@@UAEPAXI@Z 100058f0 f i umodsys_lib_libui:umodsys.mod.ui.SDL_core.obj
 0001:00004920       ??1?$TScatterArray@UGlyph@RMultiImage2D_SDL_ttf@SDL_core@ui@modules@UModSys@@HU?$TScalarCompare@H@core@6@U?$TNodeDeleter0@U?$TScatterArrayNode@UGlyph@RMultiImage2D_SDL_ttf@SDL_core@ui@modules@UModSys@@H@tl@UModSys@@@tl@6@@tl@UModSys@@QAE@XZ 10005920 f i umodsys_lib_libui:umodsys.mod.ui.SDL_core.obj
 0001:00004940       ??4?$TRefObject@URMouseController@SDL_core@ui@modules@UModSys@@U?$TRefObjectWeakFunc@URMouseController@SDL_core@ui@modules@UModSys@@@tl@5@@tl@UModSys@@QAEABU012@PAURMouseController@SDL_core@ui@modules@2@@Z 10005940 f i umodsys_lib_libui:umodsys.mod.ui.SDL_core.obj
 0001:00004940       ??4?$TRefObject@URKeyboardController@SDL_core@ui@modules@UModSys@@U?$TRefObjectWeakFunc@URKeyboardController@SDL_core@ui@modules@UModSys@@@tl@5@@tl@UModSys@@QAEABU012@PAURKeyboardController@SDL_core@ui@modules@2@@Z 10005940 f i umodsys_lib_libui:umodsys.mod.ui.SDL_core.obj
 0001:00004980       ?remove_node@?$TTreeHoldRB@U?$TScatterArrayNode@U?$TRefObjectCompositeExtra@UIMouseClient@libui@UModSys@@HUIRefObject@core@3@U?$TRefObjectFunc@UIRefObject@core@UModSys@@@tl@3@@tl@UModSys@@H@tl@UModSys@@@tl@UModSys@@QAEXPAU?$TScatterArrayNode@U?$TRefObjectCompositeExtra@UIMouseClient@libui@UModSys@@HUIRefObject@core@3@U?$TRefObjectFunc@UIRefObject@core@UModSys@@@tl@3@@tl@UModSys@@H@23@@Z 10005980 f i umodsys_lib_libui:umodsys.mod.ui.SDL_core.obj
 0001:00004980       ?remove_node@?$TTreeHoldRB@U?$TScatterArrayNode@U?$TRefObjectComposite@UIKeyboardClient@libui@UModSys@@UIRefObject@core@3@U?$TRefObjectFunc@UIRefObject@core@UModSys@@@tl@3@@tl@UModSys@@H@tl@UModSys@@@tl@UModSys@@QAEXPAU?$TScatterArrayNode@U?$TRefObjectComposite@UIKeyboardClient@libui@UModSys@@UIRefObject@core@3@U?$TRefObjectFunc@UIRefObject@core@UModSys@@@tl@3@@tl@UModSys@@H@23@@Z 10005980 f i umodsys_lib_libui:umodsys.mod.ui.SDL_core.obj
 0001:00004a70       ??1?$TPair@HU?$TRefObjectCompositeExtra@UIMouseClient@libui@UModSys@@HUIRefObject@core@3@U?$TRefObjectFunc@UIRefObject@core@UModSys@@@tl@3@@tl@UModSys@@@tl@UModSys@@QAE@XZ 10005a70 f i umodsys_lib_libui:umodsys.mod.ui.SDL_core.obj
 0001:00004a70       ??1?$TPair@HU?$TRefObjectComposite@UIKeyboardClient@libui@UModSys@@UIRefObject@core@3@U?$TRefObjectFunc@UIRefObject@core@UModSys@@@tl@3@@tl@UModSys@@@tl@UModSys@@QAE@XZ 10005a70 f i umodsys_lib_libui:umodsys.mod.ui.SDL_core.obj
 0001:00004a80       ??1?$TRefObjectCompositeExtra@UIMouseClient@libui@UModSys@@HUIRefObject@core@3@U?$TRefObjectFunc@UIRefObject@core@UModSys@@@tl@3@@tl@UModSys@@QAE@XZ 10005a80 f i umodsys_lib_libui:umodsys.mod.ui.SDL_core.obj
 0001:00004a80       ??1?$TRefObjectComposite@UIController@libui@UModSys@@UIRefObject@core@3@U?$TRefObjectFunc@UIRefObject@core@UModSys@@@tl@3@@tl@UModSys@@QAE@XZ 10005a80 f i umodsys_lib_libui:umodsys.mod.ui.frames.obj
 0001:00004a80       ??1?$TRefObjectComposite@UIKeyboardClient@libui@UModSys@@UIRefObject@core@3@U?$TRefObjectFunc@UIRefObject@core@UModSys@@@tl@3@@tl@UModSys@@QAE@XZ 10005a80 f i umodsys_lib_libui:umodsys.mod.ui.SDL_core.obj
 0001:00004af0       ??$t_ref_get_other_interface@URMultiImage2D_SDL_ttf@SDL_core@ui@modules@UModSys@@U?$TRefObjectWeakFunc@URMultiImage2D_SDL_ttf@SDL_core@ui@modules@UModSys@@@tl@5@@IRefObject@core@UModSys@@QAE_NAAU?$TRefObject@URMultiImage2D_SDL_ttf@SDL_core@ui@modules@UModSys@@U?$TRefObjectWeakFunc@URMultiImage2D_SDL_ttf@SDL_core@ui@modules@UModSys@@@tl@5@@tl@2@@Z 10005af0 f i umodsys_lib_libui:umodsys.mod.ui.SDL_core.obj
 0001:00004b50       ?remove_color@?$TTreeHoldRB@U?$TScatterArrayNode@U?$TRefObjectComposite@UIKeyboardClient@libui@UModSys@@UIRefObject@core@3@U?$TRefObjectFunc@UIRefObject@core@UModSys@@@tl@3@@tl@UModSys@@H@tl@UModSys@@@tl@UModSys@@IAEXPAU?$TScatterArrayNode@U?$TRefObjectComposite@UIKeyboardClient@libui@UModSys@@UIRefObject@core@3@U?$TRefObjectFunc@UIRefObject@core@UModSys@@@tl@3@@tl@UModSys@@H@23@0@Z 10005b50 f i umodsys_lib_libui:umodsys.mod.ui.SDL_core.obj
 0001:00004b50       ?remove_color@?$TTreeHoldRB@U?$TScatterArrayNode@U?$TRefObjectCompositeExtra@UIMouseClient@libui@UModSys@@HUIRefObject@core@3@U?$TRefObjectFunc@UIRefObject@core@UModSys@@@tl@3@@tl@UModSys@@H@tl@UModSys@@@tl@UModSys@@IAEXPAU?$TScatterArrayNode@U?$TRefObjectCompositeExtra@UIMouseClient@libui@UModSys@@HUIRefObject@core@3@U?$TRefObjectFunc@UIRefObject@core@UModSys@@@tl@3@@tl@UModSys@@H@23@0@Z 10005b50 f i umodsys_lib_libui:umodsys.mod.ui.SDL_core.obj
 0001:00004cd0       ??$t_close@U?$TRefObject@URRenderDriver2D@SDL_core@ui@modules@UModSys@@U?$TRefObjectWeakFunc@URRenderDriver2D@SDL_core@ui@modules@UModSys@@@tl@5@@tl@UModSys@@@SDL_core@ui@modules@UModSys@@YA_NAAU?$TScatterArray@U?$TRefObject@URRenderDriver2D@SDL_core@ui@modules@UModSys@@U?$TRefObjectWeakFunc@URRenderDriver2D@SDL_core@ui@modules@UModSys@@@tl@5@@tl@UModSys@@HU?$TScalarCompare@H@core@3@U?$TNodeDeleter0@U?$TScatterArrayNode@U?$TRefObject@URRenderDriver2D@SDL_core@ui@modules@UModSys@@U?$TRefObjectWeakFunc@URRenderDriver2D@SDL_core@ui@modules@UModSys@@@tl@5@@tl@UModSys@@H@tl@UModSys@@@23@@tl@3@@Z 10005cd0 f i umodsys_lib_libui:umodsys.mod.ui.SDL_core.obj
 0001:00004d80       ??$t_count@U?$TRefObject@URRenderDriver2D@SDL_core@ui@modules@UModSys@@U?$TRefObjectWeakFunc@URRenderDriver2D@SDL_core@ui@modules@UModSys@@@tl@5@@tl@UModSys@@@SDL_core@ui@modules@UModSys@@YAIABU?$TScatterArray@U?$TRefObject@URRenderDriver2D@SDL_core@ui@modules@UModSys@@U?$TRefObjectWeakFunc@URRenderDriver2D@SDL_core@ui@modules@UModSys@@@tl@5@@tl@UModSys@@HU?$TScalarCompare@H@core@3@U?$TNodeDeleter0@U?$TScatterArrayNode@U?$TRefObject@URRenderDriver2D@SDL_core@ui@modules@UModSys@@U?$TRefObjectWeakFunc@URRenderDriver2D@SDL_core@ui@modules@UModSys@@@tl@5@@tl@UModSys@@H@tl@UModSys@@@23@@tl@3@@Z 10005d80 f i umodsys_lib_libui:umodsys.mod.ui.SDL_core.obj
 0001:00004df0       ??$t_get@U?$TRefObject@URRenderDriver2D@SDL_core@ui@modules@UModSys@@U?$TRefObjectWeakFunc@URRenderDriver2D@SDL_core@ui@modules@UModSys@@@tl@5@@tl@UModSys@@@SDL_core@ui@modules@UModSys@@YAPAUIRefObject@core@3@ABU?$TScatterArray@U?$TRefObject@URRenderDriver2D@SDL_core@ui@modules@UModSys@@U?$TRefObjectWeakFunc@URRenderDriver2D@SDL_core@ui@modules@UModSys@@@tl@5@@tl@UModSys@@HU?$TScalarCompare@H@core@3@U?$TNodeDeleter0@U?$TScatterArrayNode@U?$TRefObject@URRenderDriver2D@SDL_core@ui@modules@UModSys@@U?$TRefObjectWeakFunc@URRenderDriver2D@SDL_core@ui@modules@UModSys@@@tl@5@@tl@UModSys@@H@tl@UModSys@@@23@@tl@3@I@Z 10005df0 f i umodsys_lib_libui:umodsys.mod.ui.SDL_core.obj
 0001:00004e80       ??$ValidateConstruction@UIRefObject@core@UModSys@@URRenderDriver2D@SDL_core@ui@modules@3@@core@UModSys@@YA_NAAU?$TRefObject@UIRefObject@core@UModSys@@U?$TRefObjectFunc@UIRefObject@core@UModSys@@@tl@3@@tl@1@U?$TRefObject@URRenderDriver2D@SDL_core@ui@modules@UModSys@@U?$TRefObjectFunc@URRenderDriver2D@SDL_core@ui@modules@UModSys@@@tl@5@@31@@Z 10005e80 f i umodsys_lib_libui:umodsys.mod.ui.SDL_core.obj
 0001:00004f20       ??$t_add@U?$TRefObject@URRenderDriver2D@SDL_core@ui@modules@UModSys@@U?$TRefObjectWeakFunc@URRenderDriver2D@SDL_core@ui@modules@UModSys@@@tl@5@@tl@UModSys@@URRenderDriver2D@SDL_core@ui@modules@3@@SDL_core@ui@modules@UModSys@@YA_NAAU?$TScatterArray@U?$TRefObject@URRenderDriver2D@SDL_core@ui@modules@UModSys@@U?$TRefObjectWeakFunc@URRenderDriver2D@SDL_core@ui@modules@UModSys@@@tl@5@@tl@UModSys@@HU?$TScalarCompare@H@core@3@U?$TNodeDeleter0@U?$TScatterArrayNode@U?$TRefObject@URRenderDriver2D@SDL_core@ui@modules@UModSys@@U?$TRefObjectWeakFunc@URRenderDriver2D@SDL_core@ui@modules@UModSys@@@tl@5@@tl@UModSys@@H@tl@UModSys@@@23@@tl@3@PAURRenderDriver2D@0123@@Z 10005f20 f i umodsys_lib_libui:umodsys.mod.ui.SDL_core.obj
 0001:00004f70       ??$ValidateConstruction@UIRefObject@core@UModSys@@URKeyboardController@SDL_core@ui@modules@3@@core@UModSys@@YA_NAAU?$TRefObject@UIRefObject@core@UModSys@@U?$TRefObjectFunc@UIRefObject@core@UModSys@@@tl@3@@tl@1@U?$TRefObject@URKeyboardController@SDL_core@ui@modules@UModSys@@U?$TRefObjectFunc@URKeyboardController@SDL_core@ui@modules@UModSys@@@tl@5@@31@@Z 10005f70 f i umodsys_lib_libui:umodsys.mod.ui.SDL_core.obj
 0001:00004f70       ??$ValidateConstruction@UIRefObject@core@UModSys@@URMouseController@SDL_core@ui@modules@3@@core@UModSys@@YA_NAAU?$TRefObject@UIRefObject@core@UModSys@@U?$TRefObjectFunc@UIRefObject@core@UModSys@@@tl@3@@tl@1@U?$TRefObject@URMouseController@SDL_core@ui@modules@UModSys@@U?$TRefObjectFunc@URMouseController@SDL_core@ui@modules@UModSys@@@tl@5@@31@@Z 10005f70 f i umodsys_lib_libui:umodsys.mod.ui.SDL_core.obj
 0001:00004ff0       ??$ValidateConstruction@UIMultiImage@lib2d@UModSys@@URMultiImage2D_SDL_ttf@SDL_core@ui@modules@3@@core@UModSys@@YA_NAAU?$TRefObject@UIMultiImage@lib2d@UModSys@@U?$TRefObjectFunc@UIMultiImage@lib2d@UModSys@@@tl@3@@tl@1@PAURMultiImage2D_SDL_ttf@SDL_core@ui@modules@1@@Z 10005ff0 f i umodsys_lib_libui:umodsys.mod.ui.SDL_core.obj
 0001:00005080       ??$t_gen_param@URTerminal@SDL_core@ui@modules@UModSys@@URGenerator@2345@@IGenerator@base@UModSys@@IAE_NPAURGenerator@SDL_core@ui@modules@2@AAU?$TRefObject@UIRefObject@core@UModSys@@U?$TRefObjectFunc@UIRefObject@core@UModSys@@@tl@3@@tl@2@PBUSUniquePointerInfo@core@2@ABUSParameters@core@2@@Z 10006080 f i umodsys_lib_libui:umodsys.mod.ui.SDL_core.obj
 0001:000050f0       ??$genx_node@UCmp@?$TScatterArray@UGlyph@RMultiImage2D_SDL_ttf@SDL_core@ui@modules@UModSys@@HU?$TScalarCompare@H@core@6@U?$TNodeDeleter0@U?$TScatterArrayNode@UGlyph@RMultiImage2D_SDL_ttf@SDL_core@ui@modules@UModSys@@H@tl@UModSys@@@tl@6@@tl@UModSys@@UGen0@234@@?$TTreeHoldRBD@U?$TScatterArrayNode@UGlyph@RMultiImage2D_SDL_ttf@SDL_core@ui@modules@UModSys@@H@tl@UModSys@@U?$TNodeDeleter0@U?$TScatterArrayNode@UGlyph@RMultiImage2D_SDL_ttf@SDL_core@ui@modules@UModSys@@H@tl@UModSys@@@23@@tl@UModSys@@QAEPAU?$TScatterArrayNode@UGlyph@RMultiImage2D_SDL_ttf@SDL_core@ui@modules@UModSys@@H@12@UCmp@?$TScatterArray@UGlyph@RMultiImage2D_SDL_ttf@SDL_core@ui@modules@UModSys@@HU?$TScalarCompare@H@core@6@U?$TNodeDeleter0@U?$TScatterArrayNode@UGlyph@RMultiImage2D_SDL_ttf@SDL_core@ui@modules@UModSys@@H@tl@UModSys@@@tl@6@@12@ABUGen0@512@PAPAU312@2_N@Z 100060f0 f i umodsys_lib_libui:umodsys.mod.ui.SDL_core.obj
 0001:00005160       ??$genx_node@UCmp@?$TScatterArray@U?$TRefObjectCompositeExtra@UIMouseClient@libui@UModSys@@HUIRefObject@core@3@U?$TRefObjectFunc@UIRefObject@core@UModSys@@@tl@3@@tl@UModSys@@HU?$TScalarCompare@H@core@3@U?$TNodeDeleter0@U?$TScatterArrayNode@U?$TRefObjectCompositeExtra@UIMouseClient@libui@UModSys@@HUIRefObject@core@3@U?$TRefObjectFunc@UIRefObject@core@UModSys@@@tl@3@@tl@UModSys@@H@tl@UModSys@@@23@@tl@UModSys@@UGen0@234@@?$TTreeHoldRBD@U?$TScatterArrayNode@U?$TRefObjectCompositeExtra@UIMouseClient@libui@UModSys@@HUIRefObject@core@3@U?$TRefObjectFunc@UIRefObject@core@UModSys@@@tl@3@@tl@UModSys@@H@tl@UModSys@@U?$TNodeDeleter0@U?$TScatterArrayNode@U?$TRefObjectCompositeExtra@UIMouseClient@libui@UModSys@@HUIRefObject@core@3@U?$TRefObjectFunc@UIRefObject@core@UModSys@@@tl@3@@tl@UModSys@@H@tl@UModSys@@@23@@tl@UModSys@@QAEPAU?$TScatterArrayNode@U?$TRefObjectCompositeExtra@UIMouseClient@libui@UModSys@@HUIRefObject@core@3@U?$TRefObjectFunc@UIRefObject@core@UModSys@@@tl@3@@tl@UModSys@@H@12@UCmp@?$TScatterArray@U?$TRefObjectCompositeExtra@UIMouseClient@libui@UModSys@@HUIRefObject@core@3@U?$TRefObjectFunc@UIRefObject@core@UModSys@@@tl@3@@tl@UModSys@@HU?$TScalarCompare@H@core@3@U?$TNodeDeleter0@U?$TScatterArrayNode@U?$TRefObjectCompositeExtra@UIMouseClient@libui@UModSys@@HUIRefObject@core@3@U?$TRefObjectFunc@UIRefObject@core@UModSys@@@tl@3@@tl@UModSys@@H@tl@UModSys@@@23@@12@ABUGen0@512@PAPAU312@2_N@Z 10006160 f i umodsys_lib_libui:umodsys.mod.ui.SDL_core.obj
 0001:000051d0       ??$genx_node@UCmp@?$TScatterArray@U?$TRefObjectComposite@UIKeyboardClient@libui@UModSys@@UIRefObject@core@3@U?$TRefObjectFunc@UIRefObject@core@UModSys@@@tl@3@@tl@UModSys@@HU?$TScalarCompare@H@core@3@U?$TNodeDeleter0@U?$TScatterArrayNode@U?$TRefObjectComposite@UIKeyboardClient@libui@UModSys@@UIRefObject@core@3@U?$TRefObjectFunc@UIRefObject@core@UModSys@@@tl@3@@tl@UModSys@@H@tl@UModSys@@@23@@tl@UModSys@@UGen0@234@@?$TTreeHoldRBD@U?$TScatterArrayNode@U?$TRefObjectComposite@UIKeyboardClient@libui@UModSys@@UIRefObject@core@3@U?$TRefObjectFunc@UIRefObject@core@UModSys@@@tl@3@@tl@UModSys@@H@tl@UModSys@@U?$TNodeDeleter0@U?$TScatterArrayNode@U?$TRefObjectComposite@UIKeyboardClient@libui@UModSys@@UIRefObject@core@3@U?$TRefObjectFunc@UIRefObject@core@UModSys@@@tl@3@@tl@UModSys@@H@tl@UModSys@@@23@@tl@UModSys@@QAEPAU?$TScatterArrayNode@U?$TRefObjectComposite@UIKeyboardClient@libui@UModSys@@UIRefObject@core@3@U?$TRefObjectFunc@UIRefObject@core@UModSys@@@tl@3@@tl@UModSys@@H@12@UCmp@?$TScatterArray@U?$TRefObjectComposite@UIKeyboardClient@libui@UModSys@@UIRefObject@core@3@U?$TRefObjectFunc@UIRefObject@core@UModSys@@@tl@3@@tl@UModSys@@HU?$TScalarCompare@H@core@3@U?$TNodeDeleter0@U?$TScatterArrayNode@U?$TRefObjectComposite@UIKeyboardClient@libui@UModSys@@UIRefObject@core@3@U?$TRefObjectFunc@UIRefObject@core@UModSys@@@tl@3@@tl@UModSys@@H@tl@UModSys@@@23@@12@ABUGen0@512@PAPAU312@2_N@Z 100061d0 f i umodsys_lib_libui:umodsys.mod.ui.SDL_core.obj
 0001:00005240       ?rotate_left@?$TTreeHoldRB@U?$TScatterArrayNode@U?$TRefObjectCompositeExtra@UIMouseClient@libui@UModSys@@HUIRefObject@core@3@U?$TRefObjectFunc@UIRefObject@core@UModSys@@@tl@3@@tl@UModSys@@H@tl@UModSys@@@tl@UModSys@@IAEXPAU?$TScatterArrayNode@U?$TRefObjectCompositeExtra@UIMouseClient@libui@UModSys@@HUIRefObject@core@3@U?$TRefObjectFunc@UIRefObject@core@UModSys@@@tl@3@@tl@UModSys@@H@23@@Z 10006240 f i umodsys_lib_libui:umodsys.mod.ui.SDL_core.obj
 0001:00005240       ?rotate_left@?$TTreeHoldRB@U?$TScatterArrayNode@U?$TRefObjectComposite@UIKeyboardClient@libui@UModSys@@UIRefObject@core@3@U?$TRefObjectFunc@UIRefObject@core@UModSys@@@tl@3@@tl@UModSys@@H@tl@UModSys@@@tl@UModSys@@IAEXPAU?$TScatterArrayNode@U?$TRefObjectComposite@UIKeyboardClient@libui@UModSys@@UIRefObject@core@3@U?$TRefObjectFunc@UIRefObject@core@UModSys@@@tl@3@@tl@UModSys@@H@23@@Z 10006240 f i umodsys_lib_libui:umodsys.mod.ui.SDL_core.obj
 0001:00005290       ?rotate_right@?$TTreeHoldRB@U?$TScatterArrayNode@U?$TRefObjectCompositeExtra@UIMouseClient@libui@UModSys@@HUIRefObject@core@3@U?$TRefObjectFunc@UIRefObject@core@UModSys@@@tl@3@@tl@UModSys@@H@tl@UModSys@@@tl@UModSys@@IAEXPAU?$TScatterArrayNode@U?$TRefObjectCompositeExtra@UIMouseClient@libui@UModSys@@HUIRefObject@core@3@U?$TRefObjectFunc@UIRefObject@core@UModSys@@@tl@3@@tl@UModSys@@H@23@@Z 10006290 f i umodsys_lib_libui:umodsys.mod.ui.SDL_core.obj
 0001:00005290       ?rotate_right@?$TTreeHoldRB@U?$TScatterArrayNode@U?$TRefObjectComposite@UIKeyboardClient@libui@UModSys@@UIRefObject@core@3@U?$TRefObjectFunc@UIRefObject@core@UModSys@@@tl@3@@tl@UModSys@@H@tl@UModSys@@@tl@UModSys@@IAEXPAU?$TScatterArrayNode@U?$TRefObjectComposite@UIKeyboardClient@libui@UModSys@@UIRefObject@core@3@U?$TRefObjectFunc@UIRefObject@core@UModSys@@@tl@3@@tl@UModSys@@H@23@@Z 10006290 f i umodsys_lib_libui:umodsys.mod.ui.SDL_core.obj
 0001:000052e0       ?sub_insert_node@?$TTreeHoldRB@U?$TScatterArrayNode@U?$TRefObjectCompositeExtra@UIMouseClient@libui@UModSys@@HUIRefObject@core@3@U?$TRefObjectFunc@UIRefObject@core@UModSys@@@tl@3@@tl@UModSys@@H@tl@UModSys@@@tl@UModSys@@QAEXPAU?$TScatterArrayNode@U?$TRefObjectCompositeExtra@UIMouseClient@libui@UModSys@@HUIRefObject@core@3@U?$TRefObjectFunc@UIRefObject@core@UModSys@@@tl@3@@tl@UModSys@@H@23@0H@Z 100062e0 f i umodsys_lib_libui:umodsys.mod.ui.SDL_core.obj
 0001:000052e0       ?sub_insert_node@?$TTreeHoldRB@U?$TScatterArrayNode@UGlyph@RMultiImage2D_SDL_ttf@SDL_core@ui@modules@UModSys@@H@tl@UModSys@@@tl@UModSys@@QAEXPAU?$TScatterArrayNode@UGlyph@RMultiImage2D_SDL_ttf@SDL_core@ui@modules@UModSys@@H@23@0H@Z 100062e0 f i umodsys_lib_libui:umodsys.mod.ui.SDL_core.obj
 0001:000052e0       ?sub_insert_node@?$TTreeHoldRB@U?$TScatterArrayNode@U?$TRefObject@URRenderDriver2D@SDL_core@ui@modules@UModSys@@U?$TRefObjectWeakFunc@URRenderDriver2D@SDL_core@ui@modules@UModSys@@@tl@5@@tl@UModSys@@H@tl@UModSys@@@tl@UModSys@@QAEXPAU?$TScatterArrayNode@U?$TRefObject@URRenderDriver2D@SDL_core@ui@modules@UModSys@@U?$TRefObjectWeakFunc@URRenderDriver2D@SDL_core@ui@modules@UModSys@@@tl@5@@tl@UModSys@@H@23@0H@Z 100062e0 f i umodsys_lib_libui:umodsys.mod.ui.SDL_core.obj
 0001:000052e0       ?sub_insert_node@?$TTreeHoldRB@U?$TScatterArrayNode@HH@tl@UModSys@@@tl@UModSys@@QAEXPAU?$TScatterArrayNode@HH@23@0H@Z 100062e0 f i umodsys_lib_libui:umodsys.mod.ui.frames.obj
 0001:000052e0       ?sub_insert_node@?$TTreeHoldRB@U?$TScatterArrayNode@U?$TVector2@M@math3d@UModSys@@H@tl@UModSys@@@tl@UModSys@@QAEXPAU?$TScatterArrayNode@U?$TVector2@M@math3d@UModSys@@H@23@0H@Z 100062e0 f i umodsys_lib_libui:umodsys.mod.ui.frames.obj
 0001:000052e0       ?sub_insert_node@?$TTreeHoldRB@U?$TScatterArrayNode@U?$TRefObjectComposite@UIKeyboardClient@libui@UModSys@@UIRefObject@core@3@U?$TRefObjectFunc@UIRefObject@core@UModSys@@@tl@3@@tl@UModSys@@H@tl@UModSys@@@tl@UModSys@@QAEXPAU?$TScatterArrayNode@U?$TRefObjectComposite@UIKeyboardClient@libui@UModSys@@UIRefObject@core@3@U?$TRefObjectFunc@UIRefObject@core@UModSys@@@tl@3@@tl@UModSys@@H@23@0H@Z 100062e0 f i umodsys_lib_libui:umodsys.mod.ui.SDL_core.obj
 0001:000052e0       ?sub_insert_node@?$TTreeHoldRB@U?$TScatterArrayNode@U?$TVector4@M@math3d@UModSys@@H@tl@UModSys@@@tl@UModSys@@QAEXPAU?$TScatterArrayNode@U?$TVector4@M@math3d@UModSys@@H@23@0H@Z 100062e0 f i umodsys_lib_libui:umodsys.mod.ui.frames.obj
 0001:00005350       ??RGen0@?$TScatterArray@UGlyph@RMultiImage2D_SDL_ttf@SDL_core@ui@modules@UModSys@@HU?$TScalarCompare@H@core@6@U?$TNodeDeleter0@U?$TScatterArrayNode@UGlyph@RMultiImage2D_SDL_ttf@SDL_core@ui@modules@UModSys@@H@tl@UModSys@@@tl@6@@tl@UModSys@@QBEPAU?$TScatterArrayNode@UGlyph@RMultiImage2D_SDL_ttf@SDL_core@ui@modules@UModSys@@H@23@ABUCmp@123@ABU?$TTreeHoldRBD@U?$TScatterArrayNode@UGlyph@RMultiImage2D_SDL_ttf@SDL_core@ui@modules@UModSys@@H@tl@UModSys@@U?$TNodeDeleter0@U?$TScatterArrayNode@UGlyph@RMultiImage2D_SDL_ttf@SDL_core@ui@modules@UModSys@@H@tl@UModSys@@@23@@23@@Z 10006350 f i umodsys_lib_libui:umodsys.mod.ui.SDL_core.obj
[...]
 0001:0001a240       ??__E?s_id@?$TObjectUniqueID@URBinArchiveFrameClient_ZIP@zlib@media@modules@UModSys@@@tl@UModSys@@2USUniquePointer@core@3@A@@YAXXZ 1001b240 f    CIL library: CIL module
 0001:0001a270       ??__E?s_id@?$TObjectUniqueID@URGenerator@zlib@media@modules@UModSys@@@tl@UModSys@@2USUniquePointer@core@3@A@@YAXXZ 1001b270 f    CIL library: CIL module
 0001:0001a2a0       ??__EM@UModSys@@YAXXZ      1001b2a0 f    CIL library: CIL module
 0001:0001a2c0       ??__E?root@SModuleRegChain@base@UModSys@@2U123@A@@YAXXZ 1001b2c0 f    CIL library: CIL module
 0001:0001a2e0       ??__E?s_library@RModuleLibraryReg_Chain@base@UModSys@@2U123@A@@YAXXZ 1001b2e0 f    CIL library: CIL module
 0001:0001a300       ??__E?root@SUniquePointer@core@UModSys@@2U123@A@@YAXXZ 1001b300 f    CIL library: CIL module
 0001:0001a320       ??__Fs_dbg@test1@test@modules@UModSys@@YAXXZ 1001b320 f    CIL library: CIL module
 0001:0001a330       ??__F?s_modreg@RModuleReg@test1@test@modules@UModSys@@2U12345@A@@YAXXZ 1001b330 f    CIL library: CIL module
 0001:0001a350       ??__F?s_modreg_chain@RModuleReg@test1@test@modules@UModSys@@2USModuleRegChain@base@5@A@@YAXXZ 1001b350 f    CIL library: CIL module
 0001:0001a360       ??__F?s_uid@RGenerator@test1@test@modules@UModSys@@2USUniquePointer@core@5@A@@YAXXZ 1001b360 f    CIL library: CIL module
 0001:0001a370       ??__Fh@?1??s_holder@RGenerator@test1@test@modules@UModSys@@SAAAU?$TTypeStaticHolder@URGenerator@test1@test@modules@UModSys@@@tl@5@XZ@YAXXZ 1001b370 f    CIL library: CIL module
 0001:0001a390       ??__F?s_id@?$TObjectUniqueID@URGenerator@test1@test@modules@UModSys@@@tl@UModSys@@2USUniquePointer@core@3@A@@YAXXZ 1001b390 f    CIL library: CIL module
 0001:0001a3a0       ??__F?s_id@?$TObjectUniqueID@URTest1_Shell@test1@test@modules@UModSys@@@tl@UModSys@@2USUniquePointer@core@3@A@@YAXXZ 1001b3a0 f    CIL library: CIL module
 0001:0001a3b0       ??__F?s_id@?$TObjectUniqueID@URLines_Filter@test1@test@modules@UModSys@@@tl@UModSys@@2USUniquePointer@core@3@A@@YAXXZ 1001b3b0 f    CIL library: CIL module
 0001:0001a3c0       ??__F?s_id@?$TObjectUniqueID@URLines@test1@test@modules@UModSys@@@tl@UModSys@@2USUniquePointer@core@3@A@@YAXXZ 1001b3c0 f    CIL library: CIL module
 0001:0001a3d0       ??__F?s_id@?$TObjectUniqueID@UILines@test1@test@modules@UModSys@@@tl@UModSys@@2USUniquePointer@core@3@A@@YAXXZ 1001b3d0 f    CIL library: CIL module
 0001:0001a3e0       ??__F?s_id@?$TObjectUniqueID@UIRenderDriver@lib2d@UModSys@@@tl@UModSys@@2USUniquePointer@core@3@A@@YAXXZ 1001b3e0 f    CIL library: CIL module
 0001:0001a3f0       ??__F?s_id@?$TObjectUniqueID@UIMultiImage@lib2d@UModSys@@@tl@UModSys@@2USUniquePointer@core@3@A@@YAXXZ 1001b3f0 f    CIL library: CIL module
 0001:0001a400       ??__F?s_id@?$TObjectUniqueID@UIImageFactory@lib2d@UModSys@@@tl@UModSys@@2USUniquePointer@core@3@A@@YAXXZ 1001b400 f    CIL library: CIL module
 0001:0001a410       ??__F?s_id@?$TObjectUniqueID@UIImage@lib2d@UModSys@@@tl@UModSys@@2USUniquePointer@core@3@A@@YAXXZ 1001b410 f    CIL library: CIL module
 0001:0001a420       ??__F?s_id@?$TObjectUniqueID@UIDialog@libui@UModSys@@@tl@UModSys@@2USUniquePointer@core@3@A@@YAXXZ 1001b420 f    CIL library: CIL module
 0001:0001a430       ??__F?s_id@?$TObjectUniqueID@UIFrame@libui@UModSys@@@tl@UModSys@@2USUniquePointer@core@3@A@@YAXXZ 1001b430 f    CIL library: CIL module
 0001:0001a440       ??__F?s_id@?$TObjectUniqueID@UIAsyncCollector@libui@UModSys@@@tl@UModSys@@2USUniquePointer@core@3@A@@YAXXZ 1001b440 f    CIL library: CIL module
 0001:0001a450       ??__F?s_id@?$TObjectUniqueID@UIAsyncController@libui@UModSys@@@tl@UModSys@@2USUniquePointer@core@3@A@@YAXXZ 1001b450 f    CIL library: CIL module
 0001:0001a460       ??__F?s_id@?$TObjectUniqueID@UICollector@libui@UModSys@@@tl@UModSys@@2USUniquePointer@core@3@A@@YAXXZ 1001b460 f    CIL library: CIL module
 0001:0001a470       ??__F?s_id@?$TObjectUniqueID@UIConsoleHelperInput_UIKey@libui@UModSys@@@tl@UModSys@@2USUniquePointer@core@3@A@@YAXXZ 1001b470 f    CIL library: CIL module
 0001:0001a480       ??__F?s_id@?$TObjectUniqueID@UITerminal@libui@UModSys@@@tl@UModSys@@2USUniquePointer@core@3@A@@YAXXZ 1001b480 f    CIL library: CIL module
 0001:0001a490       ??__F?s_id@?$TObjectUniqueID@UIJoystickController@libui@UModSys@@@tl@UModSys@@2USUniquePointer@core@3@A@@YAXXZ 1001b490 f    CIL library: CIL module
 0001:0001a4a0       ??__F?s_id@?$TObjectUniqueID@UIMouseController@libui@UModSys@@@tl@UModSys@@2USUniquePointer@core@3@A@@YAXXZ 1001b4a0 f    CIL library: CIL module
 0001:0001a4b0       ??__F?s_id@?$TObjectUniqueID@UIKeyboardController@libui@UModSys@@@tl@UModSys@@2USUniquePointer@core@3@A@@YAXXZ 1001b4b0 f    CIL library: CIL module
 0001:0001a4c0       ??__F?s_id@?$TObjectUniqueID@UIConsoleHelperOutputFCS@base@UModSys@@@tl@UModSys@@2USUniquePointer@core@3@A@@YAXXZ 1001b4c0 f    CIL library: CIL module
 0001:0001a4d0       ??__F?s_id@?$TObjectUniqueID@UIConsoleHelperOutput@base@UModSys@@@tl@UModSys@@2USUniquePointer@core@3@A@@YAXXZ 1001b4d0 f    CIL library: CIL module
 0001:0001a4e0       ??__F?s_id@?$TObjectUniqueID@UIConsoleHelperInput@base@UModSys@@@tl@UModSys@@2USUniquePointer@core@3@A@@YAXXZ 1001b4e0 f    CIL library: CIL module
 0001:0001a4f0       ??__F?s_id@?$TObjectUniqueID@UIConsoleHelperHistory@base@UModSys@@@tl@UModSys@@2USUniquePointer@core@3@A@@YAXXZ 1001b4f0 f    CIL library: CIL module
 0001:0001a500       ??__F?s_id@?$TObjectUniqueID@UIConsoleHelper@base@UModSys@@@tl@UModSys@@2USUniquePointer@core@3@A@@YAXXZ 1001b500 f    CIL library: CIL module
 0001:0001a510       ??__F?s_id@?$TObjectUniqueID@UIConsoleExt@base@UModSys@@@tl@UModSys@@2USUniquePointer@core@3@A@@YAXXZ 1001b510 f    CIL library: CIL module
 0001:0001a520       ??__F?s_id@?$TObjectUniqueID@UISerializeWriter@libmedia@UModSys@@@tl@UModSys@@2USUniquePointer@core@3@A@@YAXXZ 1001b520 f    CIL library: CIL module
 0001:0001a530       ??__F?s_id@?$TObjectUniqueID@UISerializeReader@libmedia@UModSys@@@tl@UModSys@@2USUniquePointer@core@3@A@@YAXXZ 1001b530 f    CIL library: CIL module
 0001:0001a540       ??__F?s_id@?$TObjectUniqueID@UIClient@IBinArchiveFrame@libmedia@UModSys@@@tl@UModSys@@2USUniquePointer@core@3@A@@YAXXZ 1001b540 f    CIL library: CIL module
 0001:0001a550       ??__F?s_id@?$TObjectUniqueID@UIBinArchiveFrame@libmedia@UModSys@@@tl@UModSys@@2USUniquePointer@core@3@A@@YAXXZ 1001b550 f    CIL library: CIL module
 0001:0001a560       ??__F?s_id@?$TObjectUniqueID@UILibraryLayered@libmedia@UModSys@@@tl@UModSys@@2USUniquePointer@core@3@A@@YAXXZ 1001b560 f    CIL library: CIL module
 0001:0001a570       ??__F?s_id@?$TObjectUniqueID@UILibraryObjCache@libmedia@UModSys@@@tl@UModSys@@2USUniquePointer@core@3@A@@YAXXZ 1001b570 f    CIL library: CIL module
 0001:0001a580       ??__F?s_id@?$TObjectUniqueID@UILibraryObjFilter@libmedia@UModSys@@@tl@UModSys@@2USUniquePointer@core@3@A@@YAXXZ 1001b580 f    CIL library: CIL module
 0001:0001a590       ??__F?s_id@?$TObjectUniqueID@UILibraryBinCache@libmedia@UModSys@@@tl@UModSys@@2USUniquePointer@core@3@A@@YAXXZ 1001b590 f    CIL library: CIL module
 0001:0001a5a0       ??__F?s_id@?$TObjectUniqueID@UILibraryBinTree@libmedia@UModSys@@@tl@UModSys@@2USUniquePointer@core@3@A@@YAXXZ 1001b5a0 f    CIL library: CIL module
 0001:0001a5b0       ??__F?s_id@?$TObjectUniqueID@UILibrary@libmedia@UModSys@@@tl@UModSys@@2USUniquePointer@core@3@A@@YAXXZ 1001b5b0 f    CIL library: CIL module
 0001:0001a5c0       ??__F?s_id@?$TObjectUniqueID@UIBinObjFilter@libmedia@UModSys@@@tl@UModSys@@2USUniquePointer@core@3@A@@YAXXZ 1001b5c0 f    CIL library: CIL module
 0001:0001a5d0       ??__F?s_id@?$TObjectUniqueID@UIBinArchive@libmedia@UModSys@@@tl@UModSys@@2USUniquePointer@core@3@A@@YAXXZ 1001b5d0 f    CIL library: CIL module
 0001:0001a5e0       ??__F?s_id@?$TObjectUniqueID@UILibObject@libmedia@UModSys@@@tl@UModSys@@2USUniquePointer@core@3@A@@YAXXZ 1001b5e0 f    CIL library: CIL module
 0001:0001a5f0       ??__F?s_id@?$TObjectUniqueID@UIUtilities@libmedia@UModSys@@@tl@UModSys@@2USUniquePointer@core@3@A@@YAXXZ 1001b5f0 f    CIL library: CIL module
 0001:0001a600       ??__F?s_id@?$TObjectUniqueID@UIStreamWriter@libmedia@UModSys@@@tl@UModSys@@2USUniquePointer@core@3@A@@YAXXZ 1001b600 f    CIL library: CIL module
 0001:0001a610       ??__F?s_id@?$TObjectUniqueID@UIStreamReader@libmedia@UModSys@@@tl@UModSys@@2USUniquePointer@core@3@A@@YAXXZ 1001b610 f    CIL library: CIL module
 0001:0001a620       ??__F?s_id@?$TObjectUniqueID@UISystem@base@UModSys@@@tl@UModSys@@2USUniquePointer@core@3@A@@YAXXZ 1001b620 f    CIL library: CIL module
 0001:0001a630       ??__F?s_id@?$TObjectUniqueID@UIShell@base@UModSys@@@tl@UModSys@@2USUniquePointer@core@3@A@@YAXXZ 1001b630 f    CIL library: CIL module
 0001:0001a640       ??__F?s_id@?$TObjectUniqueID@UIGenerator@base@UModSys@@@tl@UModSys@@2USUniquePointer@core@3@A@@YAXXZ 1001b640 f    CIL library: CIL module
 0001:0001a650       ??__F?s_id@?$TObjectUniqueID@UIModObject@base@UModSys@@@tl@UModSys@@2USUniquePointer@core@3@A@@YAXXZ 1001b650 f    CIL library: CIL module
 0001:0001a660       ??__F?s_id@?$TObjectUniqueID@UIModuleLibrary@base@UModSys@@@tl@UModSys@@2USUniquePointer@core@3@A@@YAXXZ 1001b660 f    CIL library: CIL module
 0001:0001a670       ??__F?s_id@?$TObjectUniqueID@UIModule@base@UModSys@@@tl@UModSys@@2USUniquePointer@core@3@A@@YAXXZ 1001b670 f    CIL library: CIL module
 0001:0001a680       ??__F?s_id@?$TObjectUniqueID@UIConsole@base@UModSys@@@tl@UModSys@@2USUniquePointer@core@3@A@@YAXXZ 1001b680 f    CIL library: CIL module
 0001:0001a690       ??__F?s_id@?$TObjectUniqueID@UIParameters@core@UModSys@@@tl@UModSys@@2USUniquePointer@core@3@A@@YAXXZ 1001b690 f    CIL library: CIL module
 0001:0001a6a0       ??__F?s_id@?$TObjectUniqueID@UIRefObject@core@UModSys@@@tl@UModSys@@2USUniquePointer@core@3@A@@YAXXZ 1001b6a0 f    CIL library: CIL module
 0001:0001a6b0       ??__F?s_id@?$TObjectUniqueID@UIRoot@core@UModSys@@@tl@UModSys@@2USUniquePointer@core@3@A@@YAXXZ 1001b6b0 f    CIL library: CIL module
 0001:0001a6c0       ??__Fs_dbg@stdlib@lib2d@modules@UModSys@@YAXXZ 1001b6c0 f    CIL library: CIL module
 0001:0001a6d0       ??__F?s_modreg@RModuleReg@stdlib@lib2d@modules@UModSys@@2U12345@A@@YAXXZ 1001b6d0 f    CIL library: CIL module
 0001:0001a6f0       ??__F?s_modreg_chain@RModuleReg@stdlib@lib2d@modules@UModSys@@2USModuleRegChain@base@5@A@@YAXXZ 1001b6f0 f    CIL library: CIL module
 0001:0001a700       ??__F?s_uid@RGenerator@stdlib@lib2d@modules@UModSys@@2USUniquePointer@core@5@A@@YAXXZ 1001b700 f    CIL library: CIL module
 0001:0001a710       ??__Fh@?1??s_holder@RGenerator@stdlib@lib2d@modules@UModSys@@SAAAU?$TTypeStaticHolder@URGenerator@stdlib@lib2d@modules@UModSys@@@tl@5@XZ@YAXXZ 1001b710 f    CIL library: CIL module
 0001:0001a730       ??__F?s_id@?$TObjectUniqueID@URGenerator@stdlib@lib2d@modules@UModSys@@@tl@UModSys@@2USUniquePointer@core@3@A@@YAXXZ 1001b730 f    CIL library: CIL module
 0001:0001a740       ??__F?s_id@?$TObjectUniqueID@URMultiImage@stdlib@lib2d@modules@UModSys@@@tl@UModSys@@2USUniquePointer@core@3@A@@YAXXZ 1001b740 f    CIL library: CIL module
 0001:0001a750       ??__F?s_id@?$TObjectUniqueID@URImageFactory_Memory@stdlib@lib2d@modules@UModSys@@@tl@UModSys@@2USUniquePointer@core@3@A@@YAXXZ 1001b750 f    CIL library: CIL module
 0001:0001a760       ??__F?s_id@?$TObjectUniqueID@URImage_Memory@stdlib@lib2d@modules@UModSys@@@tl@UModSys@@2USUniquePointer@core@3@A@@YAXXZ 1001b760 f    CIL library: CIL module
 0001:0001a770       ??__Fs_dbg@SDL_core@ui@modules@UModSys@@YAXXZ 1001b770 f    CIL library: CIL module
 0001:0001a780       ??__F?s_modreg@RModuleReg@SDL_core@ui@modules@UModSys@@2U12345@A@@YAXXZ 1001b780 f    CIL library: CIL module
 0001:0001a7a0       ??__F?s_modreg_chain@RModuleReg@SDL_core@ui@modules@UModSys@@2USModuleRegChain@base@5@A@@YAXXZ 1001b7a0 f    CIL library: CIL module
 0001:0001a7b0       ??__F?s_uid@RGenerator@SDL_core@ui@modules@UModSys@@2USUniquePointer@core@5@A@@YAXXZ 1001b7b0 f    CIL library: CIL module
 0001:0001a7c0       ??__Fh@?1??s_holder@RGenerator@SDL_core@ui@modules@UModSys@@SAAAU?$TTypeStaticHolder@URGenerator@SDL_core@ui@modules@UModSys@@@tl@5@XZ@YAXXZ 1001b7c0 f    CIL library: CIL module
 0001:0001a7e0       ??__F?s_id@?$TObjectUniqueID@URGenerator@SDL_core@ui@modules@UModSys@@@tl@UModSys@@2USUniquePointer@core@3@A@@YAXXZ 1001b7e0 f    CIL library: CIL module
 0001:0001a7f0       ??__F?s_id@?$TObjectUniqueID@URTerminal@SDL_core@ui@modules@UModSys@@@tl@UModSys@@2USUniquePointer@core@3@A@@YAXXZ 1001b7f0 f    CIL library: CIL module
 0001:0001a800       ??__F?s_id@?$TObjectUniqueID@URKeyboardController@SDL_core@ui@modules@UModSys@@@tl@UModSys@@2USUniquePointer@core@3@A@@YAXXZ 1001b800 f    CIL library: CIL module
 0001:0001a810       ??__F?s_id@?$TObjectUniqueID@URMouseController@SDL_core@ui@modules@UModSys@@@tl@UModSys@@2USUniquePointer@core@3@A@@YAXXZ 1001b810 f    CIL library: CIL module
 0001:0001a820       ??__F?s_id@?$TObjectUniqueID@URRenderDriver2D@SDL_core@ui@modules@UModSys@@@tl@UModSys@@2USUniquePointer@core@3@A@@YAXXZ 1001b820 f    CIL library: CIL module
 0001:0001a830       ??__F?s_id@?$TObjectUniqueID@URMultiImage2D_SDL_ttf@SDL_core@ui@modules@UModSys@@@tl@UModSys@@2USUniquePointer@core@3@A@@YAXXZ 1001b830 f    CIL library: CIL module
 0001:0001a840       ??__Fs_dbg@frames@ui@modules@UModSys@@YAXXZ 1001b840 f    CIL library: CIL module
 0001:0001a850       ??__F?s_modreg@RModuleReg@frames@ui@modules@UModSys@@2U12345@A@@YAXXZ 1001b850 f    CIL library: CIL module
 0001:0001a870       ??__F?s_modreg_chain@RModuleReg@frames@ui@modules@UModSys@@2USModuleRegChain@base@5@A@@YAXXZ 1001b870 f    CIL library: CIL module
 0001:0001a880       ??__F?s_uid@RGenerator@frames@ui@modules@UModSys@@2USUniquePointer@core@5@A@@YAXXZ 1001b880 f    CIL library: CIL module
 0001:0001a890       ??__Fh@?1??s_holder@RGenerator@frames@ui@modules@UModSys@@SAAAU?$TTypeStaticHolder@URGenerator@frames@ui@modules@UModSys@@@tl@5@XZ@YAXXZ 1001b890 f    CIL library: CIL module
 0001:0001a8b0       ??__F?s_id@?$TObjectUniqueID@URGenerator@frames@ui@modules@UModSys@@@tl@UModSys@@2USUniquePointer@core@3@A@@YAXXZ 1001b8b0 f    CIL library: CIL module
 0001:0001a8c0       ??__F?s_id@?$TObjectUniqueID@URCollector@frames@ui@modules@UModSys@@@tl@UModSys@@2USUniquePointer@core@3@A@@YAXXZ 1001b8c0 f    CIL library: CIL module
 0001:0001a8d0       ??__F?s_id@?$TObjectUniqueID@URFrame_List@frames@ui@modules@UModSys@@@tl@UModSys@@2USUniquePointer@core@3@A@@YAXXZ 1001b8d0 f    CIL library: CIL module
 0001:0001a8e0       ??__F?s_id@?$TObjectUniqueID@URFrame_Edit@frames@ui@modules@UModSys@@@tl@UModSys@@2USUniquePointer@core@3@A@@YAXXZ 1001b8e0 f    CIL library: CIL module
 0001:0001a8f0       ??__F?s_id@?$TObjectUniqueID@URFrame_Button@frames@ui@modules@UModSys@@@tl@UModSys@@2USUniquePointer@core@3@A@@YAXXZ 1001b8f0 f    CIL library: CIL module
 0001:0001a900       ??__F?s_id@?$TObjectUniqueID@URFrame_Text@frames@ui@modules@UModSys@@@tl@UModSys@@2USUniquePointer@core@3@A@@YAXXZ 1001b900 f    CIL library: CIL module
 0001:0001a910       ??__F?s_id@?$TObjectUniqueID@URFrame_Image@frames@ui@modules@UModSys@@@tl@UModSys@@2USUniquePointer@core@3@A@@YAXXZ 1001b910 f    CIL library: CIL module
 0001:0001a920       ??__F?s_id@?$TObjectUniqueID@URFrame_Frame@frames@ui@modules@UModSys@@@tl@UModSys@@2USUniquePointer@core@3@A@@YAXXZ 1001b920 f    CIL library: CIL module
 0001:0001a930       ??__F?s_id@?$TObjectUniqueID@URDialog@frames@ui@modules@UModSys@@@tl@UModSys@@2USUniquePointer@core@3@A@@YAXXZ 1001b930 f    CIL library: CIL module
 0001:0001a940       ??__F?s_id@?$TObjectUniqueID@URFrame_Common@frames@ui@modules@UModSys@@@tl@UModSys@@2USUniquePointer@core@3@A@@YAXXZ 1001b940 f    CIL library: CIL module
 0001:0001a950       ??__Fs_dbg@images_std@media@modules@UModSys@@YAXXZ 1001b950 f    CIL library: CIL module
 0001:0001a960       ??__F?s_modreg@RModuleReg@images_std@media@modules@UModSys@@2U12345@A@@YAXXZ 1001b960 f    CIL library: CIL module
 0001:0001a980       ??__F?s_modreg_chain@RModuleReg@images_std@media@modules@UModSys@@2USModuleRegChain@base@5@A@@YAXXZ 1001b980 f    CIL library: CIL module
 0001:0001a990       ??__F?s_uid@RGenerator@images_std@media@modules@UModSys@@2USUniquePointer@core@5@A@@YAXXZ 1001b990 f    CIL library: CIL module
 0001:0001a9a0       ??__Fh@?1??s_holder@RGenerator@images_std@media@modules@UModSys@@SAAAU?$TTypeStaticHolder@URGenerator@images_std@media@modules@UModSys@@@tl@5@XZ@YAXXZ 1001b9a0 f    CIL library: CIL module
 0001:0001a9c0       ??__F?s_id@?$TObjectUniqueID@URGenerator@images_std@media@modules@UModSys@@@tl@UModSys@@2USUniquePointer@core@3@A@@YAXXZ 1001b9c0 f    CIL library: CIL module
 0001:0001a9d0       ??__F?s_id@?$TObjectUniqueID@URMediaFilter@images_std@media@modules@UModSys@@@tl@UModSys@@2USUniquePointer@core@3@A@@YAXXZ 1001b9d0 f    CIL library: CIL module
 0001:0001a9e0       ??__Fs_dbg@serialize_json@media@modules@UModSys@@YAXXZ 1001b9e0 f    CIL library: CIL module
 0001:0001a9f0       ??__F?s_modreg@RModuleReg@serialize_json@media@modules@UModSys@@2U12345@A@@YAXXZ 1001b9f0 f    CIL library: CIL module
 0001:0001aa10       ??__F?s_modreg_chain@RModuleReg@serialize_json@media@modules@UModSys@@2USModuleRegChain@base@5@A@@YAXXZ 1001ba10 f    CIL library: CIL module
 0001:0001aa20       ??__F?s_uid@RGenerator@serialize_json@media@modules@UModSys@@2USUniquePointer@core@5@A@@YAXXZ 1001ba20 f    CIL library: CIL module
 0001:0001aa30       ??__Fh@?1??s_holder@RGenerator@serialize_json@media@modules@UModSys@@SAAAU?$TTypeStaticHolder@URGenerator@serialize_json@media@modules@UModSys@@@tl@5@XZ@YAXXZ 1001ba30 f    CIL library: CIL module
 0001:0001aa50       ??__F?s_id@?$TObjectUniqueID@URGenerator@serialize_json@media@modules@UModSys@@@tl@UModSys@@2USUniquePointer@core@3@A@@YAXXZ 1001ba50 f    CIL library: CIL module
 0001:0001aa60       ??__F?s_id@?$TObjectUniqueID@URSerializeWriter@serialize_json@media@modules@UModSys@@@tl@UModSys@@2USUniquePointer@core@3@A@@YAXXZ 1001ba60 f    CIL library: CIL module
 0001:0001aa70       ??__F?s_id@?$TObjectUniqueID@URSerializeReader@serialize_json@media@modules@UModSys@@@tl@UModSys@@2USUniquePointer@core@3@A@@YAXXZ 1001ba70 f    CIL library: CIL module
 0001:0001aa80       ??__Fs_dbg@zlib@media@modules@UModSys@@YAXXZ 1001ba80 f    CIL library: CIL module
 0001:0001aa90       ??__F?s_modreg@RModuleReg@zlib@media@modules@UModSys@@2U12345@A@@YAXXZ 1001ba90 f    CIL library: CIL module
 0001:0001aab0       ??__F?s_modreg_chain@RModuleReg@zlib@media@modules@UModSys@@2USModuleRegChain@base@5@A@@YAXXZ 1001bab0 f    CIL library: CIL module
 0001:0001aac0       ??__F?s_uid@RGenerator@zlib@media@modules@UModSys@@2USUniquePointer@core@5@A@@YAXXZ 1001bac0 f    CIL library: CIL module
 0001:0001aad0       ??__Fh@?1??s_holder@RGenerator@zlib@media@modules@UModSys@@SAAAU?$TTypeStaticHolder@URGenerator@zlib@media@modules@UModSys@@@tl@5@XZ@YAXXZ 1001bad0 f    CIL library: CIL module
 0001:0001aaf0       ??__F?s_id@?$TObjectUniqueID@URGenerator@zlib@media@modules@UModSys@@@tl@UModSys@@2USUniquePointer@core@3@A@@YAXXZ 1001baf0 f    CIL library: CIL module
 0001:0001ab00       ??__F?s_id@?$TObjectUniqueID@URBinArchiveFrameClient_ZIP@zlib@media@modules@UModSys@@@tl@UModSys@@2USUniquePointer@core@3@A@@YAXXZ 1001bb00 f    CIL library: CIL module
 0001:0001ab10       ??__FM@UModSys@@YAXXZ      1001bb10 f    CIL library: CIL module
 0001:0001ab20       ??__F?root@SModuleRegChain@base@UModSys@@2U123@A@@YAXXZ 1001bb20 f    CIL library: CIL module
 0001:0001ab30       ??__F?s_library@RModuleLibraryReg_Chain@base@UModSys@@2U123@A@@YAXXZ 1001bb30 f    CIL library: CIL module
 0001:0001ab40       ??__F?root@SUniquePointer@core@UModSys@@2U123@A@@YAXXZ 1001bb40 f    CIL library: CIL module

 Exports

  ordinal    name

        1    _UModSys_Plugin_Entry2@0
