 plugin_test1

 Timestamp is 532ff0f5 (Mon Mar 24 11:46:45 2014)

 Preferred load address is 10000000

 Start         Length     Name                   Class
 0001:00000000 00035611H .text                   CODE
 0001:00035620 00000d18H .text$x                 CODE
 0001:00036340 000019f1H .text$yc                CODE
 0001:00037d40 00000a3aH .text$yd                CODE
 0002:00000000 00000230H .idata$5                DATA
 0002:00000230 00000004H .CRT$XCA                DATA
 0002:00000234 00001060H .CRT$XCU                DATA
 0002:00001294 00000004H .CRT$XCZ                DATA
 0002:00001298 00000004H .CRT$XIA                DATA
 0002:0000129c 00000004H .CRT$XIAA               DATA
 0002:000012a0 00000004H .CRT$XIC                DATA
 0002:000012a4 00000004H .CRT$XIZ                DATA
 0002:000012a8 0000ced8H .rdata                  DATA
 0002:0000e180 00001eecH .rdata$r                DATA
 0002:00010070 00000188H .rdata$sxdata           DATA
 0002:000101f8 00000004H .rtc$IAA                DATA
 0002:000101fc 00000004H .rtc$IZZ                DATA
 0002:00010200 00000004H .rtc$TAA                DATA
 0002:00010204 00000004H .rtc$TZZ                DATA
 0002:00010208 000014c4H .xdata$x                DATA
 0002:000116cc 00000078H .idata$2                DATA
 0002:00011744 00000014H .idata$3                DATA
 0002:00011758 00000230H .idata$4                DATA
 0002:00011988 000009feH .idata$6                DATA
 0002:00012390 0000005cH .edata                  DATA
 0003:00000000 00001630H .data                   DATA
 0003:00001630 00001a20H .bss                    DATA

  Address         Publics by Value              Rva+Base       Lib:Object

 0000:00000000       __except_list              00000000     <absolute>
 0000:00000062       ___safe_se_handler_count   00000062     <absolute>
 0000:00009876       __ldused                   00009876     <absolute>
 0000:00009876       __fltused                  00009876     <absolute>
 0000:00000000       ___ImageBase               10000000     <linker-defined>
 0001:00000000       ??1SCMemShared@core@UModSys@@QAE@XZ 10001000 f i plugin_test1.obj
 0001:00000000       ??1State@RImage_Memory@stdlib@lib2d@modules@UModSys@@QAE@XZ 10001000 f i umodsys_lib_lib2d:umodsys.mod.2d.stdlib.obj
 0001:00000000       ??1SMemShared@core@UModSys@@QAE@XZ 10001000 f i plugin_test1.obj
 0001:00000020       ??4SCMemShared@core@UModSys@@QAEABU012@ABUSMemShared@12@@Z 10001020 f i plugin_test1.obj
 0001:00000050       ??3IRoot@core@UModSys@@SAXPAXABUSIMemAlloc@12@@Z 10001050 f i plugin_test1.obj
 0001:00000060       ??$seq@D@su@tl@UModSys@@YA_NPBD0@Z 10001060 f i plugin_test1.obj
 0001:000000a0       ?s@SFrameDataOut@libui@UModSys@@QBEXQBD@Z 100010a0 f i plugin_test1.obj
 0001:000000e0       ?set_info@IImage@lib2d@UModSys@@QAE_NW4eImageType@23@HHPBD@Z 100010e0 f i plugin_test1.obj
 0001:00000110       ??_EIRoot@core@UModSys@@UAEPAXI@Z 10001110 f i  CIL library: CIL module
 0001:00000110       ??_GIRoot@core@UModSys@@UAEPAXI@Z 10001110 f i plugin_test1.obj
 0001:00000130       ??1IBinObjFilter@libmedia@UModSys@@UAE@XZ 10001130 f i plugin_test1.obj
 0001:00000180       ?root_get_interface_info@RTest1_Shell@test1@test@modules@UModSys@@UBEABUSUniquePointerInfo@core@5@XZ 10001180 f i plugin_test1.obj
 0001:00000190       ?root_get_interface_type@RTest1_Shell@test1@test@modules@UModSys@@UBEPBUSUniquePointerInfo@core@5@XZ 10001190 f i plugin_test1.obj
 0001:000001a0       ?root_get_other_interface@RTest1_Shell@test1@test@modules@UModSys@@UBEPBUIRoot@core@5@PBUSUniquePointerInfo@75@@Z 100011a0 f i plugin_test1.obj
 0001:000001a0       ?root_get_other_interface@RTest1_Shell@test1@test@modules@UModSys@@UAEPAUIRoot@core@5@PBUSUniquePointerInfo@75@@Z 100011a0 f i plugin_test1.obj
 0001:000001d0       ?root_is_interface_supported@RTest1_Shell@test1@test@modules@UModSys@@UBE_NPBUSUniquePointerInfo@core@5@@Z 100011d0 f i plugin_test1.obj
 0001:00000210       ?ref_add@RTest1_Shell@test1@test@modules@UModSys@@UBEXXZ 10001210 f i plugin_test1.obj
 0001:00000220       ?ref_remove@RTest1_Shell@test1@test@modules@UModSys@@UBEXXZ 10001220 f i plugin_test1.obj
 0001:00000230       ?ref_links@RTest1_Shell@test1@test@modules@UModSys@@UBEHXZ 10001230 f i plugin_test1.obj
 0001:00000240       ?ref_weak@RTest1_Shell@test1@test@modules@UModSys@@UBE_NAAUWeakPointer@IRefObject@core@5@@Z 10001240 f i plugin_test1.obj
 0001:00000260       ?suicide@RTest1_Shell@test1@test@modules@UModSys@@UAEXXZ 10001260 f i plugin_test1.obj
 0001:00000270       ?set@VertexPC@UI_Info@RTest1_Shell@test1@test@modules@UModSys@@QAEXABU?$TVector3@N@math3d@7@ABU?$TVector3@M@97@@Z 10001270 f i plugin_test1.obj
 0001:00000340       ??0RTest1_Shell@test1@test@modules@UModSys@@QAE@PAUIModObject@base@4@@Z 10001340 f i plugin_test1.obj
 0001:00000490       ??1RTest1_Shell@test1@test@modules@UModSys@@UAE@XZ 10001490 f i plugin_test1.obj
 0001:00000540       ?connect@RTest1_Shell@test1@test@modules@UModSys@@UAE_NXZ 10001540 f i plugin_test1.obj
 0001:00000560       ?disconnect@RTest1_Shell@test1@test@modules@UModSys@@UAE_NXZ 10001560 f i plugin_test1.obj
 0001:00000580       ?process_tick@RTest1_Shell@test1@test@modules@UModSys@@UAE_NABUSTimeMsec@core@5@@Z 10001580 f i plugin_test1.obj
 0001:000005b0       ?process_command@RTest1_Shell@test1@test@modules@UModSys@@UAE_NHQBU?$TString@U?$TSCoreConst@D@su@tl@UModSys@@U?$TComparerBinaryHash@D@234@@tl@5@@Z 100015b0 f i plugin_test1.obj
 0001:000005d0       ??_ERTest1_Shell@test1@test@modules@UModSys@@UAEPAXI@Z 100015d0 f i  CIL library: CIL module
 0001:000005d0       ??_GRTest1_Shell@test1@test@modules@UModSys@@UAEPAXI@Z 100015d0 f i plugin_test1.obj
 0001:000005f0       ??1?$TParametersA@$0BAA@@core@UModSys@@QAE@XZ 100015f0 f i umodsys_lib_libui:umodsys.mod.ui.SDL_core.obj
 0001:000005f0       ??1SParameters@core@UModSys@@QAE@XZ 100015f0 f i plugin_test1.obj
 0001:000005f0       ??1?$TParametersA@$0BAL@@core@UModSys@@QAE@XZ 100015f0 f i umodsys_lib_lib2d:umodsys.mod.2d.stdlib.obj
 0001:000005f0       ??1?$TParametersA@$0EAA@@core@UModSys@@QAE@XZ 100015f0 f i plugin_test1.obj
 0001:00000600       ??1SFrameCreateParameters@libui@UModSys@@QAE@XZ 10001600 f i plugin_test1.obj
 0001:00000620       ??1UI_Info@RTest1_Shell@test1@test@modules@UModSys@@QAE@XZ 10001620 f i plugin_test1.obj
 0001:00000750       ?get_generated_names@RGenerator@test1@test@modules@UModSys@@UBEHAAUSUniquePtrList@core@5@@Z 10001750 f i plugin_test1.obj
 0001:00000770       ?get_generated_types@RGenerator@test1@test@modules@UModSys@@UBEHAAUSUniquePtrList@core@5@PBUSUniquePointerInfo@75@@Z 10001770 f i plugin_test1.obj
 0001:000007c0       ?generate@RGenerator@test1@test@modules@UModSys@@UAE_NAAU?$TRefObject@UIRefObject@core@UModSys@@U?$TRefObjectFunc@UIRefObject@core@UModSys@@@tl@3@@tl@5@PBUSUniquePointerInfo@core@5@ABUSParameters@95@@Z 100017c0 f i plugin_test1.obj
 0001:00000880       ?root_get_interface_info@RGenerator@test1@test@modules@UModSys@@UBEABUSUniquePointerInfo@core@5@XZ 10001880 f i plugin_test1.obj
 0001:00000890       ?root_get_interface_type@RGenerator@test1@test@modules@UModSys@@UBEPBUSUniquePointerInfo@core@5@XZ 10001890 f i plugin_test1.obj
 0001:000008a0       ?root_get_other_interface@RGenerator@test1@test@modules@UModSys@@UBEPBUIRoot@core@5@PBUSUniquePointerInfo@75@@Z 100018a0 f i plugin_test1.obj
 0001:000008a0       ?root_get_other_interface@RGenerator@test1@test@modules@UModSys@@UAEPAUIRoot@core@5@PBUSUniquePointerInfo@75@@Z 100018a0 f i plugin_test1.obj
 0001:000008e0       ?root_is_interface_supported@RGenerator@test1@test@modules@UModSys@@UBE_NPBUSUniquePointerInfo@core@5@@Z 100018e0 f i plugin_test1.obj
 0001:00000920       ?get_uid@RGenerator@test1@test@modules@UModSys@@UBEPBUSUniquePointerInfo@core@5@XZ 10001920 f i plugin_test1.obj
 0001:00000930       ?do_open@RModuleReg@test1@test@modules@UModSys@@UAE_NXZ 10001930 f i plugin_test1.obj
 0001:00000960       ?do_close@RModuleReg@test1@test@modules@UModSys@@UAE_NXZ 10001960 f i plugin_test1.obj
 0001:00000990       ??_ERModuleReg@test1@test@modules@UModSys@@UAEPAXI@Z 10001990 f i  CIL library: CIL module
 0001:00000990       ??_GRModuleReg@test1@test@modules@UModSys@@UAEPAXI@Z 10001990 f i plugin_test1.obj
 0001:000009c0       ??0?$TString@U?$TSCoreConst@D@su@tl@UModSys@@U?$TComparerBinaryHash@D@234@@tl@UModSys@@QAE@PBD@Z 100019c0 f i plugin_test1.obj
 0001:00000a10       ??8?$TString@U?$TSCoreConst@D@su@tl@UModSys@@U?$TComparerBinaryHash@D@234@@tl@UModSys@@QBE_NPBD@Z 10001a10 f i plugin_test1.obj
 0001:00000a40       ??4?$TString@U?$TSCoreShared@USIMemAlloc@core@UModSys@@D@su@tl@UModSys@@U?$TComparerBinaryHash@D@234@@tl@UModSys@@QAEABU012@ABU012@@Z 10001a40 f i plugin_test1.obj
 0001:00000a70       ?normalize@?$TVector3@N@math3d@UModSys@@QAENXZ 10001a70 f i plugin_test1.obj
 0001:00000ad0       ??1?$TRefObject@UIVertexArray@lib3d@UModSys@@U?$TRefObjectFunc@UIVertexArray@lib3d@UModSys@@@tl@3@@tl@UModSys@@QAE@XZ 10001ad0 f i plugin_test1.obj
 0001:00000ad0       ??1?$TRefObject@UIKeyboardController@libui@UModSys@@U?$TRefObjectFunc@UIKeyboardController@libui@UModSys@@@tl@3@@tl@UModSys@@QAE@XZ 10001ad0 f i plugin_test1.obj
 0001:00000ad0       ??1?$TRefObject@UIStreamWriter@libmedia@UModSys@@U?$TRefObjectFunc@UIStreamWriter@libmedia@UModSys@@@tl@3@@tl@UModSys@@QAE@XZ 10001ad0 f i plugin_test1.obj
 0001:00000ad0       ??1?$TRefObject@UIStreamReader@libmedia@UModSys@@U?$TRefObjectFunc@UIStreamReader@libmedia@UModSys@@@tl@3@@tl@UModSys@@QAE@XZ 10001ad0 f i plugin_test1.obj
 0001:00000ad0       ??1?$TRefObject@URTerminalX@SDL_GL@ui@modules@UModSys@@U?$TRefObjectFunc@URTerminalX@SDL_GL@ui@modules@UModSys@@@tl@5@@tl@UModSys@@QAE@XZ 10001ad0 f i umodsys_lib_libui:umodsys.mod.ui.SDL_GL.obj
 0001:00000ad0       ??1?$TRefObject@URBinArchiveFrameClient_ZIP@zlib@media@modules@UModSys@@U?$TRefObjectFunc@URBinArchiveFrameClient_ZIP@zlib@media@modules@UModSys@@@tl@5@@tl@UModSys@@QAE@XZ 10001ad0 f i umodsys_lib_libmedia:umodsys.mod.media.zlib.obj
 0001:00000ad0       ??1?$TRefObject@UIRenderDriver@lib3d@UModSys@@U?$TRefObjectFunc@UIRenderDriver@lib3d@UModSys@@@tl@3@@tl@UModSys@@QAE@XZ 10001ad0 f i plugin_test1.obj
 0001:00000ad0       ??1?$TRefObject@URCollector@frames@ui@modules@UModSys@@U?$TRefObjectFunc@URCollector@frames@ui@modules@UModSys@@@tl@5@@tl@UModSys@@QAE@XZ 10001ad0 f i umodsys_lib_libui:umodsys.mod.ui.frames.obj
 0001:00000ad0       ??1?$TRefObject@URTerminalX@SDL_core@ui@modules@UModSys@@U?$TRefObjectFunc@URTerminalX@SDL_core@ui@modules@UModSys@@@tl@5@@tl@UModSys@@QAE@XZ 10001ad0 f i umodsys_lib_libui:umodsys.mod.ui.SDL_core.obj
 0001:00000ad0       ??1?$TRefObject@UIFrame@libui@UModSys@@U?$TRefObjectFunc@UIFrame@libui@UModSys@@@tl@3@@tl@UModSys@@QAE@XZ 10001ad0 f i umodsys_lib_libui:umodsys.mod.ui.frames.obj
 0001:00000ad0       ??1?$TRefObject@URImage_Memory@stdlib@lib2d@modules@UModSys@@U?$TRefObjectFunc@URImage_Memory@stdlib@lib2d@modules@UModSys@@@tl@5@@tl@UModSys@@QAE@XZ 10001ad0 f i umodsys_lib_lib2d:umodsys.mod.2d.stdlib.obj
 0001:00000ad0       ??1?$TRefObject@UIUtilities@libmedia@UModSys@@U?$TRefObjectFunc@UIUtilities@libmedia@UModSys@@@tl@3@@tl@UModSys@@QAE@XZ 10001ad0 f i plugin_test1.obj
 0001:00000ad0       ??1?$TRefObject@UITerminal@libui@UModSys@@U?$TRefObjectFunc@UITerminal@libui@UModSys@@@tl@3@@tl@UModSys@@QAE@XZ 10001ad0 f i plugin_test1.obj
 0001:00000ad0       ??1?$TRefObject@URRenderDriver2D@SDL_core@ui@modules@UModSys@@U?$TRefObjectFunc@URRenderDriver2D@SDL_core@ui@modules@UModSys@@@tl@5@@tl@UModSys@@QAE@XZ 10001ad0 f i umodsys_lib_libui:umodsys.mod.ui.SDL_core.obj
 0001:00000ad0       ??1?$TRefObject@URMultiImage2D_SDL_ttf@SDL_core@ui@modules@UModSys@@U?$TRefObjectFunc@URMultiImage2D_SDL_ttf@SDL_core@ui@modules@UModSys@@@tl@5@@tl@UModSys@@QAE@XZ 10001ad0 f i umodsys_lib_libui:umodsys.mod.ui.SDL_core.obj
 0001:00000ad0       ??1?$TRefObject@URSerializeWriter@serialize_json@media@modules@UModSys@@U?$TRefObjectFunc@URSerializeWriter@serialize_json@media@modules@UModSys@@@tl@5@@tl@UModSys@@QAE@XZ 10001ad0 f i umodsys_lib_libmedia:umodsys.mod.media.serialize_json.obj
 0001:00000ad0       ??1?$TRefObject@URImageFactory_Memory@stdlib@lib2d@modules@UModSys@@U?$TRefObjectFunc@URImageFactory_Memory@stdlib@lib2d@modules@UModSys@@@tl@5@@tl@UModSys@@QAE@XZ 10001ad0 f i umodsys_lib_lib2d:umodsys.mod.2d.stdlib.obj
 0001:00000ad0       ??1?$TRefObject@URRenderDriver3D@SDL_GL@ui@modules@UModSys@@U?$TRefObjectFunc@URRenderDriver3D@SDL_GL@ui@modules@UModSys@@@tl@5@@tl@UModSys@@QAE@XZ 10001ad0 f i umodsys_lib_libui:umodsys.mod.ui.SDL_GL.obj
 0001:00000ad0       ??1?$TRefObject@URVertexArray@SDL_GL@ui@modules@UModSys@@U?$TRefObjectFunc@URVertexArray@SDL_GL@ui@modules@UModSys@@@tl@5@@tl@UModSys@@QAE@XZ 10001ad0 f i umodsys_lib_libui:umodsys.mod.ui.SDL_GL.obj
 0001:00000ad0       ??1?$TRefObject@UIMultiImage@lib2d@UModSys@@U?$TRefObjectFunc@UIMultiImage@lib2d@UModSys@@@tl@3@@tl@UModSys@@QAE@XZ 10001ad0 f i plugin_test1.obj
 0001:00000ad0       ??1?$TRefObject@UIImage@lib2d@UModSys@@U?$TRefObjectFunc@UIImage@lib2d@UModSys@@@tl@3@@tl@UModSys@@QAE@XZ 10001ad0 f i plugin_test1.obj
 0001:00000ad0       ??1?$TRefObject@UIImageFactory@lib2d@UModSys@@U?$TRefObjectFunc@UIImageFactory@lib2d@UModSys@@@tl@3@@tl@UModSys@@QAE@XZ 10001ad0 f i plugin_test1.obj
 0001:00000ad0       ??1?$TRefObject@URSerializeReader@serialize_json@media@modules@UModSys@@U?$TRefObjectFunc@URSerializeReader@serialize_json@media@modules@UModSys@@@tl@5@@tl@UModSys@@QAE@XZ 10001ad0 f i umodsys_lib_libmedia:umodsys.mod.media.serialize_json.obj
 0001:00000ad0       ??1?$TRefObject@UIMouseController@libui@UModSys@@U?$TRefObjectFunc@UIMouseController@libui@UModSys@@@tl@3@@tl@UModSys@@QAE@XZ 10001ad0 f i plugin_test1.obj
 0001:00000ad0       ??1?$TRefObject@URDialog@frames@ui@modules@UModSys@@U?$TRefObjectFunc@URDialog@frames@ui@modules@UModSys@@@tl@5@@tl@UModSys@@QAE@XZ 10001ad0 f i umodsys_lib_libui:umodsys.mod.ui.frames.obj
 0001:00000ad0       ??1?$TRefObject@URMultiImage@stdlib@lib2d@modules@UModSys@@U?$TRefObjectFunc@URMultiImage@stdlib@lib2d@modules@UModSys@@@tl@5@@tl@UModSys@@QAE@XZ 10001ad0 f i umodsys_lib_lib2d:umodsys.mod.2d.stdlib.obj
 0001:00000ad0       ??1?$TRefObject@UICollector@libui@UModSys@@U?$TRefObjectFunc@UICollector@libui@UModSys@@@tl@3@@tl@UModSys@@QAE@XZ 10001ad0 f i plugin_test1.obj
 0001:00000ad0       ??1?$TRefObject@UIRefObject@core@UModSys@@U?$TRefObjectFunc@UIRefObject@core@UModSys@@@tl@3@@tl@UModSys@@QAE@XZ 10001ad0 f i plugin_test1.obj
 0001:00000ad0       ??1?$TRefObject@URFrame_Common@frames@ui@modules@UModSys@@U?$TRefObjectFunc@URFrame_Common@frames@ui@modules@UModSys@@@tl@5@@tl@UModSys@@QAE@XZ 10001ad0 f i umodsys_lib_libui:umodsys.mod.ui.frames.obj
 0001:00000ad0       ??1?$TRefObject@UIRenderDriver@lib2d@UModSys@@U?$TRefObjectFunc@UIRenderDriver@lib2d@UModSys@@@tl@3@@tl@UModSys@@QAE@XZ 10001ad0 f i plugin_test1.obj
 0001:00000ad0       ??1?$TRefObject@URMediaFilter@images_std@media@modules@UModSys@@U?$TRefObjectFunc@URMediaFilter@images_std@media@modules@UModSys@@@tl@5@@tl@UModSys@@QAE@XZ 10001ad0 f i umodsys_lib_libmedia:umodsys.mod.media.images_std.obj
 0001:00000ad0       ??1?$TRefObject@URMultiImage2D_SDL_ttf@SDL_GL@ui@modules@UModSys@@U?$TRefObjectFunc@URMultiImage2D_SDL_ttf@SDL_GL@ui@modules@UModSys@@@tl@5@@tl@UModSys@@QAE@XZ 10001ad0 f i umodsys_lib_libui:umodsys.mod.ui.SDL_GL.obj
 0001:00000af0       ?info_release@?$TSCoreShared@USIMemAlloc@core@UModSys@@D@su@tl@UModSys@@QAEXXZ 10001af0 f i plugin_test1.obj
 0001:00000b70       ?info_new@?$TSCoreShared@USIMemAlloc@core@UModSys@@D@su@tl@UModSys@@QAE_NPBDI@Z 10001b70 f i plugin_test1.obj
 0001:00000c20       ?get_null@?$TSCoreShared@USIMemAlloc@core@UModSys@@D@su@tl@UModSys@@SAPAU?$TSharedStringInfo@DUSIMemAlloc@core@UModSys@@@234@XZ 10001c20 f i plugin_test1.obj
 0001:00000c60       ?mult3@?$TMatrix44@N@math3d@UModSys@@QAEXABU123@0@Z 10001c60 f i plugin_test1.obj
 0001:00000d40       ?set_rotate_about@?$TMatrix44@N@math3d@UModSys@@QAEXABU?$TVector3@N@23@N@Z 10001d40 f i plugin_test1.obj
 0001:00000e80       ?set_look_at@?$TMatrix44@N@math3d@UModSys@@QAE_NABU?$TVector3@N@23@00@Z 10001e80 f i plugin_test1.obj
 0001:00001040       ?set_inversed@?$TMatrix44@N@math3d@UModSys@@QAE_NABU123@@Z 10002040 f i plugin_test1.obj
 0001:00001420       ??$generate_type@UICollector@libui@UModSys@@@RTest1_Shell@test1@test@modules@UModSys@@SA?AU?$TRefObject@UICollector@libui@UModSys@@U?$TRefObjectFunc@UICollector@libui@UModSys@@@tl@3@@tl@4@ABU?$TString@U?$TSCoreConst@D@su@tl@UModSys@@U?$TComparerBinaryHash@D@234@@64@ABUSParameters@core@4@PBD@Z 10002420 f i plugin_test1.obj
 0001:00001580       ??$generate_type@UITerminal@libui@UModSys@@@RTest1_Shell@test1@test@modules@UModSys@@SA?AU?$TRefObject@UITerminal@libui@UModSys@@U?$TRefObjectFunc@UITerminal@libui@UModSys@@@tl@3@@tl@4@ABU?$TString@U?$TSCoreConst@D@su@tl@UModSys@@U?$TComparerBinaryHash@D@234@@64@ABUSParameters@core@4@PBD@Z 10002580 f i plugin_test1.obj
 0001:000016e0       ??$t_create_handler@UIKeyboardController@libui@UModSys@@@ITerminal@libui@UModSys@@QAE_NAAU?$TRefObject@UIKeyboardController@libui@UModSys@@U?$TRefObjectFunc@UIKeyboardController@libui@UModSys@@@tl@3@@tl@2@PBDPBUSParameters@core@2@@Z 100026e0 f i plugin_test1.obj
 0001:00001790       ??$t_create_handler@UIMouseController@libui@UModSys@@@ITerminal@libui@UModSys@@QAE_NAAU?$TRefObject@UIMouseController@libui@UModSys@@U?$TRefObjectFunc@UIMouseController@libui@UModSys@@@tl@3@@tl@2@PBDPBUSParameters@core@2@@Z 10002790 f i plugin_test1.obj
 0001:00001840       ??$t_create_handler@UIRenderDriver@lib3d@UModSys@@@ITerminal@libui@UModSys@@QAE_NAAU?$TRefObject@UIRenderDriver@lib3d@UModSys@@U?$TRefObjectFunc@UIRenderDriver@lib3d@UModSys@@@tl@3@@tl@2@PBDPBUSParameters@core@2@@Z 10002840 f i plugin_test1.obj
 0001:000018f0       ??$shash@D@su@tl@UModSys@@YAIPBDI@Z 100028f0 f i plugin_test1.obj
 0001:00001930       ??1?$TRefObject@UIModObject@base@UModSys@@U?$TModObjectFunc@UIModObject@base@UModSys@@@tl@3@@tl@UModSys@@QAE@XZ 10002930 f i plugin_test1.obj
 0001:00001950       ?mult@?$TMatrix44@N@math3d@UModSys@@QAEXABU123@0@Z 10002950 f i plugin_test1.obj
 0001:00001b60       ?get_determinant@?$TMatrix44@N@math3d@UModSys@@QBENXZ 10002b60 f i plugin_test1.obj
 0001:00001c20       ??$t_ref_get_other_interface@UIStreamReader@libmedia@UModSys@@U?$TRefObjectFunc@UIStreamReader@libmedia@UModSys@@@tl@3@@IRefObject@core@UModSys@@QAE_NAAU?$TRefObject@UIStreamReader@libmedia@UModSys@@U?$TRefObjectFunc@UIStreamReader@libmedia@UModSys@@@tl@3@@tl@2@@Z 10002c20 f i plugin_test1.obj
 0001:00001c60       ??$t_ref_get_other_interface@UIStreamWriter@libmedia@UModSys@@U?$TRefObjectFunc@UIStreamWriter@libmedia@UModSys@@@tl@3@@IRefObject@core@UModSys@@QAE_NAAU?$TRefObject@UIStreamWriter@libmedia@UModSys@@U?$TRefObjectFunc@UIStreamWriter@libmedia@UModSys@@@tl@3@@tl@2@@Z 10002c60 f i plugin_test1.obj
 0001:00001ca0       ??$t_generate@UICollector@libui@UModSys@@@SModuleContext@base@UModSys@@QAE_NAAU?$TRefObject@UICollector@libui@UModSys@@U?$TRefObjectFunc@UICollector@libui@UModSys@@@tl@3@@tl@2@PBUSUniquePointerInfo@core@2@ABUSParameters@62@@Z 10002ca0 f i plugin_test1.obj
 0001:00001d50       ??$t_generate@UITerminal@libui@UModSys@@@SModuleContext@base@UModSys@@QAE_NAAU?$TRefObject@UITerminal@libui@UModSys@@U?$TRefObjectFunc@UITerminal@libui@UModSys@@@tl@3@@tl@2@PBUSUniquePointerInfo@core@2@ABUSParameters@62@@Z 10002d50 f i plugin_test1.obj
 0001:00001e00       ??$t_ref_get_other_interface@UIImage@lib2d@UModSys@@U?$TRefObjectFunc@UIImage@lib2d@UModSys@@@tl@3@@IRefObject@core@UModSys@@QAE_NAAU?$TRefObject@UIImage@lib2d@UModSys@@U?$TRefObjectFunc@UIImage@lib2d@UModSys@@@tl@3@@tl@2@@Z 10002e00 f i plugin_test1.obj
 0001:00001e40       ??$t_ref_get_other_interface@UIImageFactory@lib2d@UModSys@@U?$TRefObjectFunc@UIImageFactory@lib2d@UModSys@@@tl@3@@IRefObject@core@UModSys@@QAE_NAAU?$TRefObject@UIImageFactory@lib2d@UModSys@@U?$TRefObjectFunc@UIImageFactory@lib2d@UModSys@@@tl@3@@tl@2@@Z 10002e40 f i plugin_test1.obj
 0001:00001e80       ??$t_ref_get_other_interface@UIMultiImage@lib2d@UModSys@@U?$TRefObjectFunc@UIMultiImage@lib2d@UModSys@@@tl@3@@IRefObject@core@UModSys@@QAE_NAAU?$TRefObject@UIMultiImage@lib2d@UModSys@@U?$TRefObjectFunc@UIMultiImage@lib2d@UModSys@@@tl@3@@tl@2@@Z 10002e80 f i plugin_test1.obj
 0001:00001ec0       ??$t_ref_get_other_interface@UICollector@libui@UModSys@@U?$TRefObjectFunc@UICollector@libui@UModSys@@@tl@3@@IRefObject@core@UModSys@@QAE_NAAU?$TRefObject@UICollector@libui@UModSys@@U?$TRefObjectFunc@UICollector@libui@UModSys@@@tl@3@@tl@2@@Z 10002ec0 f i plugin_test1.obj
 0001:00001f00       ??$t_ref_get_other_interface@UITerminal@libui@UModSys@@U?$TRefObjectFunc@UITerminal@libui@UModSys@@@tl@3@@IRefObject@core@UModSys@@QAE_NAAU?$TRefObject@UITerminal@libui@UModSys@@U?$TRefObjectFunc@UITerminal@libui@UModSys@@@tl@3@@tl@2@@Z 10002f00 f i plugin_test1.obj
 0001:00001f40       ?alloc@SMemShared@core@UModSys@@QAE_NIPAUSSourceContext@23@@Z 10002f40 f i umodsys_lib_lib2d:umodsys.mod.2d.stdlib.obj
 0001:00001f80       ?get@SMemShared@core@UModSys@@QBE?AUSMem@23@XZ 10002f80 f i umodsys_lib_libmedia:umodsys.mod.media.images_std.obj
 0001:00001f80       ??BSMemShared@core@UModSys@@QBE?AUSMem@12@XZ 10002f80 f i umodsys_lib_lib2d:umodsys.mod.2d.stdlib.obj
 0001:00001fd0       ?ConvertSameSize@stdlib@lib2d@modules@UModSys@@YA_NW4eImageType@24@ABU?$TVector2@H@math3d@4@11ABUSMem@core@4@11ABUSCMem@94@@Z 10002fd0 f i umodsys_lib_lib2d:umodsys.mod.2d.stdlib.obj
 0001:00002060       ?ConvertSame@stdlib@lib2d@modules@UModSys@@YA_NW4eImageType@24@ABU?$TBoundBox2@H@math3d@4@ABU?$TVector2@H@74@ABUSMem@core@4@12ABUSCMem@core@4@@Z 10003060 f i umodsys_lib_lib2d:umodsys.mod.2d.stdlib.obj
 0001:000020e0       ?Convert@stdlib@lib2d@modules@UModSys@@YA_NABU?$TBoundBox2@H@math3d@4@ABUSImageInfo@24@ABUSMem@core@4@01ABUSCMem@94@@Z 100030e0 f i umodsys_lib_lib2d:umodsys.mod.2d.stdlib.obj
 0001:00002150       ?root_get_interface_info@RImage_Memory@stdlib@lib2d@modules@UModSys@@UBEABUSUniquePointerInfo@core@5@XZ 10003150 f i umodsys_lib_lib2d:umodsys.mod.2d.stdlib.obj
 0001:00002160       ?root_get_interface_type@RImage_Memory@stdlib@lib2d@modules@UModSys@@UBEPBUSUniquePointerInfo@core@5@XZ 10003160 f i umodsys_lib_lib2d:umodsys.mod.2d.stdlib.obj
 0001:00002170       ?root_get_other_interface@RImage_Memory@stdlib@lib2d@modules@UModSys@@UAEPAUIRoot@core@5@PBUSUniquePointerInfo@75@@Z 10003170 f i umodsys_lib_lib2d:umodsys.mod.2d.stdlib.obj
 0001:00002170       ?root_get_other_interface@RImage_Memory@stdlib@lib2d@modules@UModSys@@UBEPBUIRoot@core@5@PBUSUniquePointerInfo@75@@Z 10003170 f i umodsys_lib_lib2d:umodsys.mod.2d.stdlib.obj
 0001:000021a0       ?root_is_interface_supported@RImage_Memory@stdlib@lib2d@modules@UModSys@@UBE_NPBUSUniquePointerInfo@core@5@@Z 100031a0 f i umodsys_lib_lib2d:umodsys.mod.2d.stdlib.obj
 0001:000021e0       ?root_get_interface_info@RImageFactory_Memory@stdlib@lib2d@modules@UModSys@@UBEABUSUniquePointerInfo@core@5@XZ 100031e0 f i umodsys_lib_lib2d:umodsys.mod.2d.stdlib.obj
 0001:000021f0       ?root_get_interface_type@RImageFactory_Memory@stdlib@lib2d@modules@UModSys@@UBEPBUSUniquePointerInfo@core@5@XZ 100031f0 f i umodsys_lib_lib2d:umodsys.mod.2d.stdlib.obj
 0001:00002200       ?root_get_other_interface@RImageFactory_Memory@stdlib@lib2d@modules@UModSys@@UAEPAUIRoot@core@5@PBUSUniquePointerInfo@75@@Z 10003200 f i umodsys_lib_lib2d:umodsys.mod.2d.stdlib.obj
 0001:00002200       ?root_get_other_interface@RImageFactory_Memory@stdlib@lib2d@modules@UModSys@@UBEPBUIRoot@core@5@PBUSUniquePointerInfo@75@@Z 10003200 f i umodsys_lib_lib2d:umodsys.mod.2d.stdlib.obj
 0001:00002230       ?root_is_interface_supported@RImageFactory_Memory@stdlib@lib2d@modules@UModSys@@UBE_NPBUSUniquePointerInfo@core@5@@Z 10003230 f i umodsys_lib_lib2d:umodsys.mod.2d.stdlib.obj
 0001:00002270       ?ref_add@RGenerator@zlib@media@modules@UModSys@@UBEXXZ 10003270 f i umodsys_lib_libmedia:umodsys.mod.media.zlib.obj
 0001:00002270       ?ref_add@RTerminal@SDL_GL@ui@modules@UModSys@@UBEXXZ 10003270 f i umodsys_lib_libui:umodsys.mod.ui.SDL_GL.obj
 0001:00002270       ?ref_add@RMultiImage2D_SDL_ttf@SDL_core@ui@modules@UModSys@@UBEXXZ 10003270 f i umodsys_lib_libui:umodsys.mod.ui.SDL_core.obj
 0001:00002270       ?ref_add@RDialog@frames@ui@modules@UModSys@@UBEXXZ 10003270 f i umodsys_lib_libui:umodsys.mod.ui.frames.obj
 0001:00002270       ?ref_add@RVertexArray@SDL_GL@ui@modules@UModSys@@UBEXXZ 10003270 f i umodsys_lib_libui:umodsys.mod.ui.SDL_GL.obj
 0001:00002270       ?ref_add@RSerializeReader@serialize_json@media@modules@UModSys@@UBEXXZ 10003270 f i umodsys_lib_libmedia:umodsys.mod.media.serialize_json.obj
 0001:00002270       ?ref_add@RGenerator@images_std@media@modules@UModSys@@UBEXXZ 10003270 f i umodsys_lib_libmedia:umodsys.mod.media.images_std.obj
 0001:00002270       ?ref_add@RGenerator@serialize_json@media@modules@UModSys@@UBEXXZ 10003270 f i umodsys_lib_libmedia:umodsys.mod.media.serialize_json.obj
 0001:00002270       ?ref_add@RImageFactory_Memory@stdlib@lib2d@modules@UModSys@@UBEXXZ 10003270 f i umodsys_lib_lib2d:umodsys.mod.2d.stdlib.obj
 0001:00002270       ?ref_add@RGenerator@stdlib@lib2d@modules@UModSys@@UBEXXZ 10003270 f i umodsys_lib_lib2d:umodsys.mod.2d.stdlib.obj
 0001:00002270       ?ref_add@RGenerator@frames@ui@modules@UModSys@@UBEXXZ 10003270 f i umodsys_lib_libui:umodsys.mod.ui.frames.obj
 0001:00002270       ?ref_add@RGenerator@SDL_GL@ui@modules@UModSys@@UBEXXZ 10003270 f i umodsys_lib_libui:umodsys.mod.ui.SDL_GL.obj
 0001:00002270       ?ref_add@RTerminal@SDL_core@ui@modules@UModSys@@UBEXXZ 10003270 f i umodsys_lib_libui:umodsys.mod.ui.SDL_core.obj
 0001:00002270       ?ref_add@RMultiImage@stdlib@lib2d@modules@UModSys@@UBEXXZ 10003270 f i umodsys_lib_lib2d:umodsys.mod.2d.stdlib.obj
 0001:00002270       ?ref_add@RImage_Memory@stdlib@lib2d@modules@UModSys@@UBEXXZ 10003270 f i umodsys_lib_lib2d:umodsys.mod.2d.stdlib.obj
 0001:00002270       ?ref_add@RMultiImage2D_SDL_ttf@SDL_GL@ui@modules@UModSys@@UBEXXZ 10003270 f i umodsys_lib_libui:umodsys.mod.ui.SDL_GL.obj
 0001:00002270       ?ref_add@RGenerator@test1@test@modules@UModSys@@UBEXXZ 10003270 f i plugin_test1.obj
 0001:00002270       ?ref_add@RBinArchiveFrameClient_ZIP@zlib@media@modules@UModSys@@UBEXXZ 10003270 f i umodsys_lib_libmedia:umodsys.mod.media.zlib.obj
 0001:00002270       ?ref_add@RGenerator@SDL_core@ui@modules@UModSys@@UBEXXZ 10003270 f i umodsys_lib_libui:umodsys.mod.ui.SDL_core.obj
 0001:00002280       ?root_get_interface_info@RMultiImage@stdlib@lib2d@modules@UModSys@@UBEABUSUniquePointerInfo@core@5@XZ 10003280 f i umodsys_lib_lib2d:umodsys.mod.2d.stdlib.obj
 0001:00002290       ?root_get_interface_type@RMultiImage@stdlib@lib2d@modules@UModSys@@UBEPBUSUniquePointerInfo@core@5@XZ 10003290 f i umodsys_lib_lib2d:umodsys.mod.2d.stdlib.obj
 0001:000022a0       ?root_get_other_interface@RMultiImage@stdlib@lib2d@modules@UModSys@@UAEPAUIRoot@core@5@PBUSUniquePointerInfo@75@@Z 100032a0 f i umodsys_lib_lib2d:umodsys.mod.2d.stdlib.obj
 0001:000022a0       ?root_get_other_interface@RMultiImage@stdlib@lib2d@modules@UModSys@@UBEPBUIRoot@core@5@PBUSUniquePointerInfo@75@@Z 100032a0 f i umodsys_lib_lib2d:umodsys.mod.2d.stdlib.obj
 0001:000022d0       ?root_is_interface_supported@RMultiImage@stdlib@lib2d@modules@UModSys@@UBE_NPBUSUniquePointerInfo@core@5@@Z 100032d0 f i umodsys_lib_lib2d:umodsys.mod.2d.stdlib.obj
 0001:00002310       ?get_generated_names@RGenerator@stdlib@lib2d@modules@UModSys@@UBEHAAUSUniquePtrList@core@5@@Z 10003310 f i umodsys_lib_lib2d:umodsys.mod.2d.stdlib.obj
 0001:00002350       ?get_generated_types@RGenerator@stdlib@lib2d@modules@UModSys@@UBEHAAUSUniquePtrList@core@5@PBUSUniquePointerInfo@75@@Z 10003350 f i umodsys_lib_lib2d:umodsys.mod.2d.stdlib.obj
 0001:000023d0       ?generate@RGenerator@stdlib@lib2d@modules@UModSys@@UAE_NAAU?$TRefObject@UIRefObject@core@UModSys@@U?$TRefObjectFunc@UIRefObject@core@UModSys@@@tl@3@@tl@5@PBUSUniquePointerInfo@core@5@ABUSParameters@95@@Z 100033d0 f i umodsys_lib_lib2d:umodsys.mod.2d.stdlib.obj
 0001:00002430       ?root_get_interface_info@RGenerator@stdlib@lib2d@modules@UModSys@@UBEABUSUniquePointerInfo@core@5@XZ 10003430 f i umodsys_lib_lib2d:umodsys.mod.2d.stdlib.obj
 0001:00002440       ?root_get_interface_type@RGenerator@stdlib@lib2d@modules@UModSys@@UBEPBUSUniquePointerInfo@core@5@XZ 10003440 f i umodsys_lib_lib2d:umodsys.mod.2d.stdlib.obj
 0001:00002450       ?root_get_other_interface@RGenerator@stdlib@lib2d@modules@UModSys@@UBEPBUIRoot@core@5@PBUSUniquePointerInfo@75@@Z 10003450 f i umodsys_lib_lib2d:umodsys.mod.2d.stdlib.obj
 0001:00002450       ?root_get_other_interface@RGenerator@stdlib@lib2d@modules@UModSys@@UAEPAUIRoot@core@5@PBUSUniquePointerInfo@75@@Z 10003450 f i umodsys_lib_lib2d:umodsys.mod.2d.stdlib.obj
 0001:00002490       ?root_is_interface_supported@RGenerator@stdlib@lib2d@modules@UModSys@@UBE_NPBUSUniquePointerInfo@core@5@@Z 10003490 f i umodsys_lib_lib2d:umodsys.mod.2d.stdlib.obj
 0001:000024d0       ?ref_remove@RGenerator@images_std@media@modules@UModSys@@UBEXXZ 100034d0 f i umodsys_lib_libmedia:umodsys.mod.media.images_std.obj
 0001:000024d0       ?ref_remove@RGenerator@zlib@media@modules@UModSys@@UBEXXZ 100034d0 f i umodsys_lib_libmedia:umodsys.mod.media.zlib.obj
 0001:000024d0       ?ref_remove@RVertexArray@SDL_GL@ui@modules@UModSys@@UBEXXZ 100034d0 f i umodsys_lib_libui:umodsys.mod.ui.SDL_GL.obj
 0001:000024d0       ?ref_remove@RGenerator@serialize_json@media@modules@UModSys@@UBEXXZ 100034d0 f i umodsys_lib_libmedia:umodsys.mod.media.serialize_json.obj
 0001:000024d0       ?ref_remove@RMultiImage2D_SDL_ttf@SDL_GL@ui@modules@UModSys@@UBEXXZ 100034d0 f i umodsys_lib_libui:umodsys.mod.ui.SDL_GL.obj
 0001:000024d0       ?ref_remove@RImageFactory_Memory@stdlib@lib2d@modules@UModSys@@UBEXXZ 100034d0 f i umodsys_lib_lib2d:umodsys.mod.2d.stdlib.obj
 0001:000024d0       ?ref_remove@RGenerator@SDL_core@ui@modules@UModSys@@UBEXXZ 100034d0 f i umodsys_lib_libui:umodsys.mod.ui.SDL_core.obj
 0001:000024d0       ?ref_remove@RMultiImage@stdlib@lib2d@modules@UModSys@@UBEXXZ 100034d0 f i umodsys_lib_lib2d:umodsys.mod.2d.stdlib.obj
 0001:000024d0       ?ref_remove@RGenerator@frames@ui@modules@UModSys@@UBEXXZ 100034d0 f i umodsys_lib_libui:umodsys.mod.ui.frames.obj
 0001:000024d0       ?ref_remove@RBinArchiveFrameClient_ZIP@zlib@media@modules@UModSys@@UBEXXZ 100034d0 f i umodsys_lib_libmedia:umodsys.mod.media.zlib.obj
 0001:000024d0       ?ref_remove@RGenerator@test1@test@modules@UModSys@@UBEXXZ 100034d0 f i plugin_test1.obj
 0001:000024d0       ?ref_remove@RDialog@frames@ui@modules@UModSys@@UBEXXZ 100034d0 f i umodsys_lib_libui:umodsys.mod.ui.frames.obj
 0001:000024d0       ?ref_remove@RGenerator@SDL_GL@ui@modules@UModSys@@UBEXXZ 100034d0 f i umodsys_lib_libui:umodsys.mod.ui.SDL_GL.obj
 0001:000024d0       ?ref_remove@RMultiImage2D_SDL_ttf@SDL_core@ui@modules@UModSys@@UBEXXZ 100034d0 f i umodsys_lib_libui:umodsys.mod.ui.SDL_core.obj
 0001:000024d0       ?ref_remove@RTerminal@SDL_GL@ui@modules@UModSys@@UBEXXZ 100034d0 f i umodsys_lib_libui:umodsys.mod.ui.SDL_GL.obj
 0001:000024d0       ?ref_remove@RSerializeReader@serialize_json@media@modules@UModSys@@UBEXXZ 100034d0 f i umodsys_lib_libmedia:umodsys.mod.media.serialize_json.obj
 0001:000024d0       ?ref_remove@RGenerator@stdlib@lib2d@modules@UModSys@@UBEXXZ 100034d0 f i umodsys_lib_lib2d:umodsys.mod.2d.stdlib.obj
 0001:000024d0       ?ref_remove@RImage_Memory@stdlib@lib2d@modules@UModSys@@UBEXXZ 100034d0 f i umodsys_lib_lib2d:umodsys.mod.2d.stdlib.obj
 0001:000024d0       ?ref_remove@RTerminal@SDL_core@ui@modules@UModSys@@UBEXXZ 100034d0 f i umodsys_lib_libui:umodsys.mod.ui.SDL_core.obj
 0001:000024e0       ?get_uid@RGenerator@stdlib@lib2d@modules@UModSys@@UBEPBUSUniquePointerInfo@core@5@XZ 100034e0 f i umodsys_lib_lib2d:umodsys.mod.2d.stdlib.obj
 0001:000024f0       ??4State@RImage_Memory@stdlib@lib2d@modules@UModSys@@QAEAAU012345@ABU012345@@Z 100034f0 f i umodsys_lib_lib2d:umodsys.mod.2d.stdlib.obj
 0001:000025a0       ??_ERImage_Memory@stdlib@lib2d@modules@UModSys@@UAEPAXI@Z 100035a0 f i  CIL library: CIL module
 0001:000025a0       ??_GRImage_Memory@stdlib@lib2d@modules@UModSys@@UAEPAXI@Z 100035a0 f i umodsys_lib_lib2d:umodsys.mod.2d.stdlib.obj
 0001:000025c0       ??_GRImageFactory_Memory@stdlib@lib2d@modules@UModSys@@UAEPAXI@Z 100035c0 f i umodsys_lib_lib2d:umodsys.mod.2d.stdlib.obj
 0001:000025c0       ??_ERImageFactory_Memory@stdlib@lib2d@modules@UModSys@@UAEPAXI@Z 100035c0 f i  CIL library: CIL module
 0001:000025e0       ??_GRMultiImage@stdlib@lib2d@modules@UModSys@@UAEPAXI@Z 100035e0 f i umodsys_lib_lib2d:umodsys.mod.2d.stdlib.obj
 0001:000025e0       ??_ERMultiImage@stdlib@lib2d@modules@UModSys@@UAEPAXI@Z 100035e0 f i  CIL library: CIL module
 0001:00002600       ??1IFrame@libui@UModSys@@UAE@XZ 10003600 f i umodsys_lib_libui:umodsys.mod.ui.frames.obj
 0001:00002600       ??1IVertexArray@lib3d@UModSys@@UAE@XZ 10003600 f i umodsys_lib_libui:umodsys.mod.ui.SDL_GL.obj
 0001:00002600       ??1IMouseController@libui@UModSys@@UAE@XZ 10003600 f i umodsys_lib_libui:umodsys.mod.ui.SDL_GL.obj
 0001:00002600       ??1ISerializeWriter@libmedia@UModSys@@UAE@XZ 10003600 f i umodsys_lib_libmedia:umodsys.mod.media.serialize_json.obj
 0001:00002600       ??1IShell@base@UModSys@@UAE@XZ 10003600 f i plugin_test1.obj
 0001:00002600       ??1IRenderDriver@lib2d@UModSys@@UAE@XZ 10003600 f i umodsys_lib_libui:umodsys.mod.ui.SDL_GL.obj
 0001:00002600       ??1IKeyboardController@libui@UModSys@@UAE@XZ 10003600 f i umodsys_lib_libui:umodsys.mod.ui.SDL_GL.obj
 0001:00002600       ??1IImage@lib2d@UModSys@@UAE@XZ 10003600 f i umodsys_lib_lib2d:umodsys.mod.2d.stdlib.obj
 0001:00002600       ??1ITerminal@libui@UModSys@@UAE@XZ 10003600 f i umodsys_lib_libui:umodsys.mod.ui.SDL_GL.obj
 0001:00002600       ??1IImageFactory@lib2d@UModSys@@UAE@XZ 10003600 f i umodsys_lib_lib2d:umodsys.mod.2d.stdlib.obj
 0001:00002600       ??1IRenderDriver@lib3d@UModSys@@UAE@XZ 10003600 f i umodsys_lib_libui:umodsys.mod.ui.SDL_GL.obj
 0001:00002600       ??1ISerializeReader@libmedia@UModSys@@UAE@XZ 10003600 f i umodsys_lib_libmedia:umodsys.mod.media.serialize_json.obj
 0001:00002600       ??1IClient@IBinArchiveFrame@libmedia@UModSys@@UAE@XZ 10003600 f i umodsys_lib_libmedia:umodsys.mod.media.zlib.obj
 0001:00002600       ??1IDialog@libui@UModSys@@UAE@XZ 10003600 f i umodsys_lib_libui:umodsys.mod.ui.frames.obj
 0001:00002600       ??1IMultiImage@lib2d@UModSys@@UAE@XZ 10003600 f i umodsys_lib_lib2d:umodsys.mod.2d.stdlib.obj
 0001:00002600       ??1ICollector@libui@UModSys@@UAE@XZ 10003600 f i umodsys_lib_libui:umodsys.mod.ui.frames.obj
 0001:00002610       ?do_open@RModuleReg@stdlib@lib2d@modules@UModSys@@UAE_NXZ 10003610 f i umodsys_lib_lib2d:umodsys.mod.2d.stdlib.obj
 0001:00002620       ?do_close@RModuleReg@stdlib@lib2d@modules@UModSys@@UAE_NXZ 10003620 f i umodsys_lib_lib2d:umodsys.mod.2d.stdlib.obj
 0001:00002630       ??_ERModuleReg@stdlib@lib2d@modules@UModSys@@UAEPAXI@Z 10003630 f i  CIL library: CIL module
 0001:00002630       ??_GRModuleReg@stdlib@lib2d@modules@UModSys@@UAEPAXI@Z 10003630 f i umodsys_lib_lib2d:umodsys.mod.2d.stdlib.obj
 0001:00002660       ??1?$TDynarrayDynamic@USImageCellInfo@lib2d@UModSys@@U?$TAllocator@USIMemAlloc@core@UModSys@@USCountCalcPower2@23@@tl@3@@tl@UModSys@@QAE@XZ 10003660 f i umodsys_lib_lib2d:umodsys.mod.2d.stdlib.obj
 0001:00002690       ??1?$TDynarrayDynamic@U?$TRefObject@UIImage@lib2d@UModSys@@U?$TRefObjectFunc@UIImage@lib2d@UModSys@@@tl@3@@tl@UModSys@@U?$TAllocator@USIMemAlloc@core@UModSys@@USCountCalcPower2@23@@23@@tl@UModSys@@QAE@XZ 10003690 f i umodsys_lib_lib2d:umodsys.mod.2d.stdlib.obj
 0001:000026e0       ?Free@?$TDynarray@U?$TDynarrayHolderDynamic@USImageCellInfo@lib2d@UModSys@@U?$TAllocator@USIMemAlloc@core@UModSys@@USCountCalcPower2@23@@tl@3@@tl@UModSys@@@tl@UModSys@@QAE_NXZ 100036e0 f i umodsys_lib_lib2d:umodsys.mod.2d.stdlib.obj
 0001:00002740       ?ResizeRel@?$TDynarray@U?$TDynarrayHolderDynamic@U?$TRefObject@UIImage@lib2d@UModSys@@U?$TRefObjectFunc@UIImage@lib2d@UModSys@@@tl@3@@tl@UModSys@@U?$TAllocator@USIMemAlloc@core@UModSys@@USCountCalcPower2@23@@23@@tl@UModSys@@@tl@UModSys@@QAE_NH@Z 10003740 f i umodsys_lib_lib2d:umodsys.mod.2d.stdlib.obj
 0001:000027b0       ??$t_gen_param@URImage_Memory@stdlib@lib2d@modules@UModSys@@URGenerator@2345@@IGenerator@base@UModSys@@IAE_NPAURGenerator@stdlib@lib2d@modules@2@AAU?$TRefObject@UIRefObject@core@UModSys@@U?$TRefObjectFunc@UIRefObject@core@UModSys@@@tl@3@@tl@2@PBUSUniquePointerInfo@core@2@ABUSParameters@core@2@@Z 100037b0 f i umodsys_lib_lib2d:umodsys.mod.2d.stdlib.obj
 0001:00002820       ??$t_gen_param@URImageFactory_Memory@stdlib@lib2d@modules@UModSys@@URGenerator@2345@@IGenerator@base@UModSys@@IAE_NPAURGenerator@stdlib@lib2d@modules@2@AAU?$TRefObject@UIRefObject@core@UModSys@@U?$TRefObjectFunc@UIRefObject@core@UModSys@@@tl@3@@tl@2@PBUSUniquePointerInfo@core@2@ABUSParameters@core@2@@Z 10003820 f i umodsys_lib_lib2d:umodsys.mod.2d.stdlib.obj
 0001:000028a0       ??$t_gen_param@URMultiImage@stdlib@lib2d@modules@UModSys@@URGenerator@2345@@IGenerator@base@UModSys@@IAE_NPAURGenerator@stdlib@lib2d@modules@2@AAU?$TRefObject@UIRefObject@core@UModSys@@U?$TRefObjectFunc@UIRefObject@core@UModSys@@@tl@3@@tl@2@PBUSUniquePointerInfo@core@2@ABUSParameters@core@2@@Z 100038a0 f i umodsys_lib_lib2d:umodsys.mod.2d.stdlib.obj
 0001:00002920       ?ReLink@?$TDynarray@U?$TDynarrayHolderDynamic@U?$TRefObject@URFrame_Common@frames@ui@modules@UModSys@@U?$TRefObjectFunc@URFrame_Common@frames@ui@modules@UModSys@@@tl@5@@tl@UModSys@@U?$TAllocator@USIMemAlloc@core@UModSys@@USCountCalcPower2@23@@23@@tl@UModSys@@@tl@UModSys@@IAE_NI@Z 10003920 f i umodsys_lib_libui:umodsys.mod.ui.frames.obj
 0001:00002920       ?ReLink@?$TDynarray@U?$TDynarrayHolderDynamic@U?$TRefObject@UIImage@lib2d@UModSys@@U?$TRefObjectFunc@UIImage@lib2d@UModSys@@@tl@3@@tl@UModSys@@U?$TAllocator@USIMemAlloc@core@UModSys@@USCountCalcPower2@23@@23@@tl@UModSys@@@tl@UModSys@@IAE_NI@Z 10003920 f i umodsys_lib_lib2d:umodsys.mod.2d.stdlib.obj
 0001:00002920       ?ReLink@?$TDynarray@U?$TDynarrayHolderDynamic@U?$TRefObject@URDialog@frames@ui@modules@UModSys@@U?$TRefObjectFunc@URDialog@frames@ui@modules@UModSys@@@tl@5@@tl@UModSys@@U?$TAllocator@USIMemAlloc@core@UModSys@@USCountCalcPower2@23@@23@@tl@UModSys@@@tl@UModSys@@IAE_NI@Z 10003920 f i umodsys_lib_libui:umodsys.mod.ui.frames.obj
 0001:00002970       ??$ValidateConstruction@UIRefObject@core@UModSys@@URMultiImage@stdlib@lib2d@modules@3@@core@UModSys@@YA_NAAU?$TRefObject@UIRefObject@core@UModSys@@U?$TRefObjectFunc@UIRefObject@core@UModSys@@@tl@3@@tl@1@PAURMultiImage@stdlib@lib2d@modules@1@@Z 10003970 f i umodsys_lib_lib2d:umodsys.mod.2d.stdlib.obj
 0001:00002a00       ?set_stage@SGLFuncs@SDL_GL@ui@modules@UModSys@@QBEXH@Z 10003a00 f i umodsys_lib_libui:umodsys.mod.ui.SDL_GL.obj
 0001:00002a40       ?set_bound@SGLFuncs@SDL_GL@ui@modules@UModSys@@QBEXI@Z 10003a40 f i umodsys_lib_libui:umodsys.mod.ui.SDL_GL.obj
 0001:00002a70       ?set_composite_all@SGLFuncsLegacy@SDL_GL@ui@modules@UModSys@@QBEXH@Z 10003a70 f i umodsys_lib_libui:umodsys.mod.ui.SDL_GL.obj
 0001:00002b00       ?force@TextureInfo@SGLFuncs@SDL_GL@ui@modules@UModSys@@QBEXABU23456@@Z 10003b00 f i umodsys_lib_libui:umodsys.mod.ui.SDL_GL.obj
 0001:00002b60       ?set_minmag@TextureInfo@SGLFuncs@SDL_GL@ui@modules@UModSys@@QBEXABU23456@HH@Z 10003b60 f i umodsys_lib_libui:umodsys.mod.ui.SDL_GL.obj
 0001:00002ba0       ?set_wrap@TextureInfo@SGLFuncs@SDL_GL@ui@modules@UModSys@@QBEXABU23456@HH@Z 10003ba0 f i umodsys_lib_libui:umodsys.mod.ui.SDL_GL.obj
 0001:00002be0       ?crebind@STextureGL@SDL_GL@ui@modules@UModSys@@QAEX_N@Z 10003be0 f i umodsys_lib_libui:umodsys.mod.ui.SDL_GL.obj
 0001:00002c10       ?root_get_interface_info@RKeyboardController@SDL_GL@ui@modules@UModSys@@UBEABUSUniquePointerInfo@core@5@XZ 10003c10 f i umodsys_lib_libui:umodsys.mod.ui.SDL_GL.obj
 0001:00002c20       ?root_get_interface_type@RKeyboardController@SDL_GL@ui@modules@UModSys@@UBEPBUSUniquePointerInfo@core@5@XZ 10003c20 f i umodsys_lib_libui:umodsys.mod.ui.SDL_GL.obj
 0001:00002c30       ?root_get_other_interface@RKeyboardController@SDL_GL@ui@modules@UModSys@@UBEPBUIRoot@core@5@PBUSUniquePointerInfo@75@@Z 10003c30 f i umodsys_lib_libui:umodsys.mod.ui.SDL_GL.obj
 0001:00002c30       ?root_get_other_interface@RKeyboardController@SDL_GL@ui@modules@UModSys@@UAEPAUIRoot@core@5@PBUSUniquePointerInfo@75@@Z 10003c30 f i umodsys_lib_libui:umodsys.mod.ui.SDL_GL.obj
 0001:00002c60       ?root_is_interface_supported@RKeyboardController@SDL_GL@ui@modules@UModSys@@UBE_NPBUSUniquePointerInfo@core@5@@Z 10003c60 f i umodsys_lib_libui:umodsys.mod.ui.SDL_GL.obj
 0001:00002ca0       ?ref_add@RMouseController@SDL_GL@ui@modules@UModSys@@UBEXXZ 10003ca0 f i umodsys_lib_libui:umodsys.mod.ui.SDL_GL.obj
 0001:00002ca0       ?ref_add@RRenderDriver3D@SDL_GL@ui@modules@UModSys@@UBEXXZ 10003ca0 f i umodsys_lib_libui:umodsys.mod.ui.SDL_GL.obj
 0001:00002ca0       ?ref_add@RKeyboardController@SDL_GL@ui@modules@UModSys@@UBEXXZ 10003ca0 f i umodsys_lib_libui:umodsys.mod.ui.SDL_GL.obj
 0001:00002ca0       ?ref_add@RRenderDriver2D@SDL_core@ui@modules@UModSys@@UBEXXZ 10003ca0 f i umodsys_lib_libui:umodsys.mod.ui.SDL_core.obj
 0001:00002ca0       ?ref_add@RMouseController@SDL_core@ui@modules@UModSys@@UBEXXZ 10003ca0 f i umodsys_lib_libui:umodsys.mod.ui.SDL_core.obj
 0001:00002ca0       ?ref_add@RKeyboardController@SDL_core@ui@modules@UModSys@@UBEXXZ 10003ca0 f i umodsys_lib_libui:umodsys.mod.ui.SDL_core.obj
 0001:00002cb0       ?ref_remove@RRenderDriver2D@SDL_core@ui@modules@UModSys@@UBEXXZ 10003cb0 f i umodsys_lib_libui:umodsys.mod.ui.SDL_core.obj
 0001:00002cb0       ?ref_remove@RKeyboardController@SDL_GL@ui@modules@UModSys@@UBEXXZ 10003cb0 f i umodsys_lib_libui:umodsys.mod.ui.SDL_GL.obj
 0001:00002cb0       ?ref_remove@RMouseController@SDL_GL@ui@modules@UModSys@@UBEXXZ 10003cb0 f i umodsys_lib_libui:umodsys.mod.ui.SDL_GL.obj
 0001:00002cb0       ?ref_remove@RRenderDriver3D@SDL_GL@ui@modules@UModSys@@UBEXXZ 10003cb0 f i umodsys_lib_libui:umodsys.mod.ui.SDL_GL.obj
 0001:00002cb0       ?ref_remove@RKeyboardController@SDL_core@ui@modules@UModSys@@UBEXXZ 10003cb0 f i umodsys_lib_libui:umodsys.mod.ui.SDL_core.obj
 0001:00002cb0       ?ref_remove@RMouseController@SDL_core@ui@modules@UModSys@@UBEXXZ 10003cb0 f i umodsys_lib_libui:umodsys.mod.ui.SDL_core.obj
 0001:00002cc0       ?ref_links@RKeyboardController@SDL_core@ui@modules@UModSys@@UBEHXZ 10003cc0 f i umodsys_lib_libui:umodsys.mod.ui.SDL_core.obj
 0001:00002cc0       ?ref_links@RKeyboardController@SDL_GL@ui@modules@UModSys@@UBEHXZ 10003cc0 f i umodsys_lib_libui:umodsys.mod.ui.SDL_GL.obj
 0001:00002cc0       ?ref_links@RMouseController@SDL_core@ui@modules@UModSys@@UBEHXZ 10003cc0 f i umodsys_lib_libui:umodsys.mod.ui.SDL_core.obj
 0001:00002cc0       ?ref_links@RMouseController@SDL_GL@ui@modules@UModSys@@UBEHXZ 10003cc0 f i umodsys_lib_libui:umodsys.mod.ui.SDL_GL.obj
 0001:00002cc0       ?ref_links@RRenderDriver3D@SDL_GL@ui@modules@UModSys@@UBEHXZ 10003cc0 f i umodsys_lib_libui:umodsys.mod.ui.SDL_GL.obj
 0001:00002cc0       ?ref_links@RRenderDriver2D@SDL_core@ui@modules@UModSys@@UBEHXZ 10003cc0 f i umodsys_lib_libui:umodsys.mod.ui.SDL_core.obj
 0001:00002cd0       ?root_get_interface_info@RMouseController@SDL_GL@ui@modules@UModSys@@UBEABUSUniquePointerInfo@core@5@XZ 10003cd0 f i umodsys_lib_libui:umodsys.mod.ui.SDL_GL.obj
 0001:00002ce0       ?root_get_interface_type@RMouseController@SDL_GL@ui@modules@UModSys@@UBEPBUSUniquePointerInfo@core@5@XZ 10003ce0 f i umodsys_lib_libui:umodsys.mod.ui.SDL_GL.obj
 0001:00002cf0       ?root_get_other_interface@RMouseController@SDL_GL@ui@modules@UModSys@@UBEPBUIRoot@core@5@PBUSUniquePointerInfo@75@@Z 10003cf0 f i umodsys_lib_libui:umodsys.mod.ui.SDL_GL.obj
 0001:00002cf0       ?root_get_other_interface@RMouseController@SDL_GL@ui@modules@UModSys@@UAEPAUIRoot@core@5@PBUSUniquePointerInfo@75@@Z 10003cf0 f i umodsys_lib_libui:umodsys.mod.ui.SDL_GL.obj
 0001:00002d20       ?root_is_interface_supported@RMouseController@SDL_GL@ui@modules@UModSys@@UBE_NPBUSUniquePointerInfo@core@5@@Z 10003d20 f i umodsys_lib_libui:umodsys.mod.ui.SDL_GL.obj
 0001:00002d60       ?ref_weak@RMouseController@SDL_GL@ui@modules@UModSys@@UBE_NAAUWeakPointer@IRefObject@core@5@@Z 10003d60 f i umodsys_lib_libui:umodsys.mod.ui.SDL_GL.obj
 0001:00002d60       ?ref_weak@RRenderDriver3D@SDL_GL@ui@modules@UModSys@@UBE_NAAUWeakPointer@IRefObject@core@5@@Z 10003d60 f i umodsys_lib_libui:umodsys.mod.ui.SDL_GL.obj
 0001:00002d60       ?ref_weak@RKeyboardController@SDL_GL@ui@modules@UModSys@@UBE_NAAUWeakPointer@IRefObject@core@5@@Z 10003d60 f i umodsys_lib_libui:umodsys.mod.ui.SDL_GL.obj
 0001:00002d60       ?ref_weak@RKeyboardController@SDL_core@ui@modules@UModSys@@UBE_NAAUWeakPointer@IRefObject@core@5@@Z 10003d60 f i umodsys_lib_libui:umodsys.mod.ui.SDL_core.obj
 0001:00002d60       ?ref_weak@RRenderDriver2D@SDL_core@ui@modules@UModSys@@UBE_NAAUWeakPointer@IRefObject@core@5@@Z 10003d60 f i umodsys_lib_libui:umodsys.mod.ui.SDL_core.obj
 0001:00002d60       ?ref_weak@RMouseController@SDL_core@ui@modules@UModSys@@UBE_NAAUWeakPointer@IRefObject@core@5@@Z 10003d60 f i umodsys_lib_libui:umodsys.mod.ui.SDL_core.obj
 0001:00002d70       ?root_get_interface_info@RTerminal@SDL_GL@ui@modules@UModSys@@UBEABUSUniquePointerInfo@core@5@XZ 10003d70 f i umodsys_lib_libui:umodsys.mod.ui.SDL_GL.obj
 0001:00002d80       ?root_get_interface_type@RTerminal@SDL_GL@ui@modules@UModSys@@UBEPBUSUniquePointerInfo@core@5@XZ 10003d80 f i umodsys_lib_libui:umodsys.mod.ui.SDL_GL.obj
 0001:00002d90       ?root_get_other_interface@RTerminal@SDL_GL@ui@modules@UModSys@@UBEPBUIRoot@core@5@PBUSUniquePointerInfo@75@@Z 10003d90 f i umodsys_lib_libui:umodsys.mod.ui.SDL_GL.obj
 0001:00002d90       ?root_get_other_interface@RTerminal@SDL_GL@ui@modules@UModSys@@UAEPAUIRoot@core@5@PBUSUniquePointerInfo@75@@Z 10003d90 f i umodsys_lib_libui:umodsys.mod.ui.SDL_GL.obj
 0001:00002dc0       ?root_is_interface_supported@RTerminal@SDL_GL@ui@modules@UModSys@@UBE_NPBUSUniquePointerInfo@core@5@@Z 10003dc0 f i umodsys_lib_libui:umodsys.mod.ui.SDL_GL.obj
 0001:00002e00       ?suicide@RTerminal@SDL_GL@ui@modules@UModSys@@UAEXXZ 10003e00 f i umodsys_lib_libui:umodsys.mod.ui.SDL_GL.obj
 0001:00002e00       ?suicide@RTerminal@SDL_core@ui@modules@UModSys@@UAEXXZ 10003e00 f i umodsys_lib_libui:umodsys.mod.ui.SDL_core.obj
 0001:00002e00       ?suicide@RImage_Memory@stdlib@lib2d@modules@UModSys@@UAEXXZ 10003e00 f i umodsys_lib_lib2d:umodsys.mod.2d.stdlib.obj
 0001:00002e00       ?suicide@RMultiImage@stdlib@lib2d@modules@UModSys@@UAEXXZ 10003e00 f i umodsys_lib_lib2d:umodsys.mod.2d.stdlib.obj
 0001:00002e00       ?suicide@RSerializeReader@serialize_json@media@modules@UModSys@@UAEXXZ 10003e00 f i umodsys_lib_libmedia:umodsys.mod.media.serialize_json.obj
 0001:00002e00       ?suicide@RBinArchiveFrameClient_ZIP@zlib@media@modules@UModSys@@UAEXXZ 10003e00 f i umodsys_lib_libmedia:umodsys.mod.media.zlib.obj
 0001:00002e00       ?suicide@RImageFactory_Memory@stdlib@lib2d@modules@UModSys@@UAEXXZ 10003e00 f i umodsys_lib_lib2d:umodsys.mod.2d.stdlib.obj
 0001:00002e10       ?root_get_interface_info@RMultiImage2D_SDL_ttf@SDL_GL@ui@modules@UModSys@@UBEABUSUniquePointerInfo@core@5@XZ 10003e10 f i umodsys_lib_libui:umodsys.mod.ui.SDL_GL.obj
 0001:00002e20       ?root_get_interface_type@RMultiImage2D_SDL_ttf@SDL_GL@ui@modules@UModSys@@UBEPBUSUniquePointerInfo@core@5@XZ 10003e20 f i umodsys_lib_libui:umodsys.mod.ui.SDL_GL.obj
 0001:00002e30       ?root_get_other_interface@RMultiImage2D_SDL_ttf@SDL_GL@ui@modules@UModSys@@UBEPBUIRoot@core@5@PBUSUniquePointerInfo@75@@Z 10003e30 f i umodsys_lib_libui:umodsys.mod.ui.SDL_GL.obj
 0001:00002e30       ?root_get_other_interface@RMultiImage2D_SDL_ttf@SDL_GL@ui@modules@UModSys@@UAEPAUIRoot@core@5@PBUSUniquePointerInfo@75@@Z 10003e30 f i umodsys_lib_libui:umodsys.mod.ui.SDL_GL.obj
 0001:00002e60       ?root_is_interface_supported@RMultiImage2D_SDL_ttf@SDL_GL@ui@modules@UModSys@@UBE_NPBUSUniquePointerInfo@core@5@@Z 10003e60 f i umodsys_lib_libui:umodsys.mod.ui.SDL_GL.obj
 0001:00002ea0       ??1Glyph@RMultiImage2D_SDL_ttf@SDL_GL@ui@modules@UModSys@@QAE@XZ 10003ea0 f i umodsys_lib_libui:umodsys.mod.ui.SDL_GL.obj
 0001:00002ef0       ?get_layer@RMultiImage2D_SDL_ttf@SDL_GL@ui@modules@UModSys@@UBEPAUIImage@lib2d@5@G@Z 10003ef0 f i umodsys_lib_libui:umodsys.mod.ui.SDL_GL.obj
 0001:00002ef0       ?get_layer@RMultiImage2D_SDL_ttf@SDL_core@ui@modules@UModSys@@UBEPAUIImage@lib2d@5@G@Z 10003ef0 f i umodsys_lib_libui:umodsys.mod.ui.SDL_core.obj
 0001:00002f00       ?set_hint@RMultiImage2D_SDL_ttf@SDL_core@ui@modules@UModSys@@UAE_NPBD0@Z 10003f00 f i umodsys_lib_libui:umodsys.mod.ui.SDL_core.obj
 0001:00002f00       ?get_cell@RMultiImage2D_SDL_ttf@SDL_GL@ui@modules@UModSys@@UBE_NIAAUSImageCellInfo@lib2d@5@@Z 10003f00 f i umodsys_lib_libui:umodsys.mod.ui.SDL_GL.obj
 0001:00002f00       ?setup_fixed_cell@RMultiImage2D_SDL_ttf@SDL_core@ui@modules@UModSys@@UAE_NHH@Z 10003f00 f i umodsys_lib_libui:umodsys.mod.ui.SDL_core.obj
 0001:00002f00       ?set_hint@RMultiImage2D_SDL_ttf@SDL_GL@ui@modules@UModSys@@UAE_NPBD0@Z 10003f00 f i umodsys_lib_libui:umodsys.mod.ui.SDL_GL.obj
 0001:00002f00       ?get_cell@RMultiImage2D_SDL_ttf@SDL_core@ui@modules@UModSys@@UBE_NIAAUSImageCellInfo@lib2d@5@@Z 10003f00 f i umodsys_lib_libui:umodsys.mod.ui.SDL_core.obj
 0001:00002f00       ?setup_fixed_cell@RMultiImage2D_SDL_ttf@SDL_GL@ui@modules@UModSys@@UAE_NHH@Z 10003f00 f i umodsys_lib_libui:umodsys.mod.ui.SDL_GL.obj
 0001:00002f10       ?root_get_interface_info@RRenderDriver3D@SDL_GL@ui@modules@UModSys@@UBEABUSUniquePointerInfo@core@5@XZ 10003f10 f i umodsys_lib_libui:umodsys.mod.ui.SDL_GL.obj
 0001:00002f20       ?root_get_interface_type@RRenderDriver3D@SDL_GL@ui@modules@UModSys@@UBEPBUSUniquePointerInfo@core@5@XZ 10003f20 f i umodsys_lib_libui:umodsys.mod.ui.SDL_GL.obj
 0001:00002f30       ?root_get_other_interface@RRenderDriver3D@SDL_GL@ui@modules@UModSys@@UAEPAUIRoot@core@5@PBUSUniquePointerInfo@75@@Z 10003f30 f i umodsys_lib_libui:umodsys.mod.ui.SDL_GL.obj
 0001:00002f30       ?root_get_other_interface@RRenderDriver3D@SDL_GL@ui@modules@UModSys@@UBEPBUIRoot@core@5@PBUSUniquePointerInfo@75@@Z 10003f30 f i umodsys_lib_libui:umodsys.mod.ui.SDL_GL.obj
 0001:00002f70       ?root_is_interface_supported@RRenderDriver3D@SDL_GL@ui@modules@UModSys@@UBE_NPBUSUniquePointerInfo@core@5@@Z 10003f70 f i umodsys_lib_libui:umodsys.mod.ui.SDL_GL.obj
 0001:00002fb0       ?root_get_interface_info@RTerminalX@SDL_GL@ui@modules@UModSys@@UBEABUSUniquePointerInfo@core@5@XZ 10003fb0 f i umodsys_lib_libui:umodsys.mod.ui.SDL_GL.obj
 0001:00002fc0       ?root_get_interface_type@RTerminalX@SDL_GL@ui@modules@UModSys@@UBEPBUSUniquePointerInfo@core@5@XZ 10003fc0 f i umodsys_lib_libui:umodsys.mod.ui.SDL_GL.obj
 0001:00002fd0       ?root_get_other_interface@RTerminalX@SDL_GL@ui@modules@UModSys@@UBEPBUIRoot@core@5@PBUSUniquePointerInfo@75@@Z 10003fd0 f i umodsys_lib_libui:umodsys.mod.ui.SDL_GL.obj
 0001:00002fd0       ?root_get_other_interface@RTerminalX@SDL_GL@ui@modules@UModSys@@UAEPAUIRoot@core@5@PBUSUniquePointerInfo@75@@Z 10003fd0 f i umodsys_lib_libui:umodsys.mod.ui.SDL_GL.obj
 0001:00003000       ?root_is_interface_supported@RTerminalX@SDL_GL@ui@modules@UModSys@@UBE_NPBUSUniquePointerInfo@core@5@@Z 10004000 f i umodsys_lib_libui:umodsys.mod.ui.SDL_GL.obj
 0001:00003040       ?root_get_interface_info@RVertexArray@SDL_GL@ui@modules@UModSys@@UBEABUSUniquePointerInfo@core@5@XZ 10004040 f i umodsys_lib_libui:umodsys.mod.ui.SDL_GL.obj
 0001:00003050       ?root_get_interface_type@RVertexArray@SDL_GL@ui@modules@UModSys@@UBEPBUSUniquePointerInfo@core@5@XZ 10004050 f i umodsys_lib_libui:umodsys.mod.ui.SDL_GL.obj
 0001:00003060       ?root_get_other_interface@RVertexArray@SDL_GL@ui@modules@UModSys@@UAEPAUIRoot@core@5@PBUSUniquePointerInfo@75@@Z 10004060 f i umodsys_lib_libui:umodsys.mod.ui.SDL_GL.obj
 0001:00003060       ?root_get_other_interface@RVertexArray@SDL_GL@ui@modules@UModSys@@UBEPBUIRoot@core@5@PBUSUniquePointerInfo@75@@Z 10004060 f i umodsys_lib_libui:umodsys.mod.ui.SDL_GL.obj
 0001:00003090       ?root_is_interface_supported@RVertexArray@SDL_GL@ui@modules@UModSys@@UBE_NPBUSUniquePointerInfo@core@5@@Z 10004090 f i umodsys_lib_libui:umodsys.mod.ui.SDL_GL.obj
 0001:000030d0       ?get_generated_names@RGenerator@SDL_GL@ui@modules@UModSys@@UBEHAAUSUniquePtrList@core@5@@Z 100040d0 f i umodsys_lib_libui:umodsys.mod.ui.SDL_GL.obj
 0001:000030f0       ?get_generated_types@RGenerator@SDL_GL@ui@modules@UModSys@@UBEHAAUSUniquePtrList@core@5@PBUSUniquePointerInfo@75@@Z 100040f0 f i umodsys_lib_libui:umodsys.mod.ui.SDL_GL.obj
 0001:00003140       ?generate@RGenerator@SDL_GL@ui@modules@UModSys@@UAE_NAAU?$TRefObject@UIRefObject@core@UModSys@@U?$TRefObjectFunc@UIRefObject@core@UModSys@@@tl@3@@tl@5@PBUSUniquePointerInfo@core@5@ABUSParameters@95@@Z 10004140 f i umodsys_lib_libui:umodsys.mod.ui.SDL_GL.obj
 0001:00003170       ?root_get_interface_info@RGenerator@SDL_GL@ui@modules@UModSys@@UBEABUSUniquePointerInfo@core@5@XZ 10004170 f i umodsys_lib_libui:umodsys.mod.ui.SDL_GL.obj
 0001:00003180       ?root_get_interface_type@RGenerator@SDL_GL@ui@modules@UModSys@@UBEPBUSUniquePointerInfo@core@5@XZ 10004180 f i umodsys_lib_libui:umodsys.mod.ui.SDL_GL.obj
 0001:00003190       ?root_get_other_interface@RGenerator@SDL_GL@ui@modules@UModSys@@UAEPAUIRoot@core@5@PBUSUniquePointerInfo@75@@Z 10004190 f i umodsys_lib_libui:umodsys.mod.ui.SDL_GL.obj
 0001:00003190       ?root_get_other_interface@RGenerator@SDL_GL@ui@modules@UModSys@@UBEPBUIRoot@core@5@PBUSUniquePointerInfo@75@@Z 10004190 f i umodsys_lib_libui:umodsys.mod.ui.SDL_GL.obj
 0001:000031d0       ?root_is_interface_supported@RGenerator@SDL_GL@ui@modules@UModSys@@UBE_NPBUSUniquePointerInfo@core@5@@Z 100041d0 f i umodsys_lib_libui:umodsys.mod.ui.SDL_GL.obj
 0001:00003210       ?suicide@RGenerator@stdlib@lib2d@modules@UModSys@@UAEXXZ 10004210 f i umodsys_lib_lib2d:umodsys.mod.2d.stdlib.obj
 0001:00003210       ?suicide@RGenerator@images_std@media@modules@UModSys@@UAEXXZ 10004210 f i umodsys_lib_libmedia:umodsys.mod.media.images_std.obj
 0001:00003210       ??3@YAXPAX0@Z              10004210 f i plugin_test1.obj
 0001:00003210       ?suicide@RGenerator@SDL_GL@ui@modules@UModSys@@UAEXXZ 10004210 f i umodsys_lib_libui:umodsys.mod.ui.SDL_GL.obj
 0001:00003210       ?suicide@RGenerator@test1@test@modules@UModSys@@UAEXXZ 10004210 f i plugin_test1.obj
 0001:00003210       ?suicide@RGenerator@frames@ui@modules@UModSys@@UAEXXZ 10004210 f i umodsys_lib_libui:umodsys.mod.ui.frames.obj
 0001:00003210       ?suicide@RGenerator@SDL_core@ui@modules@UModSys@@UAEXXZ 10004210 f i umodsys_lib_libui:umodsys.mod.ui.SDL_core.obj
 0001:00003210       ?suicide@RGenerator@serialize_json@media@modules@UModSys@@UAEXXZ 10004210 f i umodsys_lib_libmedia:umodsys.mod.media.serialize_json.obj
 0001:00003210       ?suicide@RGenerator@zlib@media@modules@UModSys@@UAEXXZ 10004210 f i umodsys_lib_libmedia:umodsys.mod.media.zlib.obj
 0001:00003220       ?get_uid@RGenerator@SDL_GL@ui@modules@UModSys@@UBEPBUSUniquePointerInfo@core@5@XZ 10004220 f i umodsys_lib_libui:umodsys.mod.ui.SDL_GL.obj
 0001:00003230       ??_ERKeyboardController@SDL_GL@ui@modules@UModSys@@UAEPAXI@Z 10004230 f i  CIL library: CIL module
 0001:00003230       ??_GRKeyboardController@SDL_GL@ui@modules@UModSys@@UAEPAXI@Z 10004230 f i umodsys_lib_libui:umodsys.mod.ui.SDL_GL.obj
 0001:00003250       ??_ERMouseController@SDL_GL@ui@modules@UModSys@@UAEPAXI@Z 10004250 f i  CIL library: CIL module
 0001:00003250       ??_GRMouseController@SDL_GL@ui@modules@UModSys@@UAEPAXI@Z 10004250 f i umodsys_lib_libui:umodsys.mod.ui.SDL_GL.obj
 0001:00003270       ??_GRTerminal@SDL_GL@ui@modules@UModSys@@UAEPAXI@Z 10004270 f i umodsys_lib_libui:umodsys.mod.ui.SDL_GL.obj
 0001:00003270       ??_ERTerminal@SDL_GL@ui@modules@UModSys@@UAEPAXI@Z 10004270 f i  CIL library: CIL module
 0001:00003290       ??_GRMultiImage2D_SDL_ttf@SDL_GL@ui@modules@UModSys@@UAEPAXI@Z 10004290 f i umodsys_lib_libui:umodsys.mod.ui.SDL_GL.obj
 0001:00003290       ??_ERMultiImage2D_SDL_ttf@SDL_GL@ui@modules@UModSys@@UAEPAXI@Z 10004290 f i  CIL library: CIL module
 0001:000032b0       ?set_flags@SGLFuncs@SDL_GL@ui@modules@UModSys@@QBEXPBUTextureInfo@12345@ABUSRenderMapFlags@lib3d@5@@Z 100042b0 f i umodsys_lib_libui:umodsys.mod.ui.SDL_GL.obj
 0001:00003310       ??_GRRenderDriver3D@SDL_GL@ui@modules@UModSys@@UAEPAXI@Z 10004310 f i umodsys_lib_libui:umodsys.mod.ui.SDL_GL.obj
 0001:00003310       ??_ERRenderDriver3D@SDL_GL@ui@modules@UModSys@@UAEPAXI@Z 10004310 f i  CIL library: CIL module
 0001:00003330       ??_ERVertexArray@SDL_GL@ui@modules@UModSys@@UAEPAXI@Z 10004330 f i  CIL library: CIL module
 0001:00003330       ??_GRVertexArray@SDL_GL@ui@modules@UModSys@@UAEPAXI@Z 10004330 f i umodsys_lib_libui:umodsys.mod.ui.SDL_GL.obj
 0001:00003350       ??_GRTerminalX@SDL_GL@ui@modules@UModSys@@UAEPAXI@Z 10004350 f i umodsys_lib_libui:umodsys.mod.ui.SDL_GL.obj
 0001:00003350       ??_ERTerminalX@SDL_GL@ui@modules@UModSys@@UAEPAXI@Z 10004350 f i  CIL library: CIL module
 0001:00003370       ?do_open@RModuleReg@SDL_GL@ui@modules@UModSys@@UAE_NXZ 10004370 f i umodsys_lib_libui:umodsys.mod.ui.SDL_GL.obj
 0001:00003380       ?do_close@RModuleReg@SDL_GL@ui@modules@UModSys@@UAE_NXZ 10004380 f i umodsys_lib_libui:umodsys.mod.ui.SDL_GL.obj
 0001:00003390       ??_ERModuleReg@SDL_GL@ui@modules@UModSys@@UAEPAXI@Z 10004390 f i  CIL library: CIL module
 0001:00003390       ??_GRModuleReg@SDL_GL@ui@modules@UModSys@@UAEPAXI@Z 10004390 f i umodsys_lib_libui:umodsys.mod.ui.SDL_GL.obj
 0001:000033c0       ??1?$TScatterArray@UGlyph@RMultiImage2D_SDL_ttf@SDL_GL@ui@modules@UModSys@@HU?$TScalarCompare@H@core@6@U?$TNodeDeleter0@U?$TScatterArrayNode@UGlyph@RMultiImage2D_SDL_ttf@SDL_GL@ui@modules@UModSys@@H@tl@UModSys@@@tl@6@@tl@UModSys@@QAE@XZ 100043c0 f i umodsys_lib_libui:umodsys.mod.ui.SDL_GL.obj
 0001:00003410       ??1?$TDynarrayDynamic@USLayInfo@RVertexArray@SDL_GL@ui@modules@UModSys@@U?$TAllocator@USIMemAlloc@core@UModSys@@USCountCalcExact@23@@tl@6@@tl@UModSys@@QAE@XZ 10004410 f i umodsys_lib_libui:umodsys.mod.ui.SDL_GL.obj
 0001:00003440       ?Resize@?$TDynarray@U?$TDynarrayHolderDynamic@USLayInfo@RVertexArray@SDL_GL@ui@modules@UModSys@@U?$TAllocator@USIMemAlloc@core@UModSys@@USCountCalcExact@23@@tl@6@@tl@UModSys@@@tl@UModSys@@QAE_NI@Z 10004440 f i umodsys_lib_libui:umodsys.mod.ui.SDL_GL.obj
 0001:00003490       ??_GRGenerator@serialize_json@media@modules@UModSys@@UAEPAXI@Z 10004490 f i umodsys_lib_libmedia:umodsys.mod.media.serialize_json.obj
 0001:00003490       ??_GRGenerator@frames@ui@modules@UModSys@@UAEPAXI@Z 10004490 f i umodsys_lib_libui:umodsys.mod.ui.frames.obj
 0001:00003490       ??_ERGenerator@stdlib@lib2d@modules@UModSys@@UAEPAXI@Z 10004490 f i  CIL library: CIL module
 0001:00003490       ??_ERGenerator@SDL_GL@ui@modules@UModSys@@UAEPAXI@Z 10004490 f i  CIL library: CIL module
 0001:00003490       ??_ERGenerator@zlib@media@modules@UModSys@@UAEPAXI@Z 10004490 f i  CIL library: CIL module
 0001:00003490       ??_ERGenerator@frames@ui@modules@UModSys@@UAEPAXI@Z 10004490 f i  CIL library: CIL module
 0001:00003490       ??_EIRefObject@core@UModSys@@UAEPAXI@Z 10004490 f i  CIL library: CIL module
 0001:00003490       ??_GRGenerator@zlib@media@modules@UModSys@@UAEPAXI@Z 10004490 f i umodsys_lib_libmedia:umodsys.mod.media.zlib.obj
 0001:00003490       ??_GRGenerator@SDL_core@ui@modules@UModSys@@UAEPAXI@Z 10004490 f i umodsys_lib_libui:umodsys.mod.ui.SDL_core.obj
 0001:00003490       ??_GRGenerator@test1@test@modules@UModSys@@UAEPAXI@Z 10004490 f i plugin_test1.obj
 0001:00003490       ??_GRGenerator@stdlib@lib2d@modules@UModSys@@UAEPAXI@Z 10004490 f i umodsys_lib_lib2d:umodsys.mod.2d.stdlib.obj
 0001:00003490       ??_ERGenerator@images_std@media@modules@UModSys@@UAEPAXI@Z 10004490 f i  CIL library: CIL module
 0001:00003490       ??_GRGenerator@images_std@media@modules@UModSys@@UAEPAXI@Z 10004490 f i umodsys_lib_libmedia:umodsys.mod.media.images_std.obj
 0001:00003490       ??_ERGenerator@SDL_core@ui@modules@UModSys@@UAEPAXI@Z 10004490 f i  CIL library: CIL module
 0001:00003490       ??_ERGenerator@test1@test@modules@UModSys@@UAEPAXI@Z 10004490 f i  CIL library: CIL module
 0001:00003490       ??_ERGenerator@serialize_json@media@modules@UModSys@@UAEPAXI@Z 10004490 f i  CIL library: CIL module
 0001:00003490       ??_GRGenerator@SDL_GL@ui@modules@UModSys@@UAEPAXI@Z 10004490 f i umodsys_lib_libui:umodsys.mod.ui.SDL_GL.obj
 0001:00003490       ??_GIRefObject@core@UModSys@@UAEPAXI@Z 10004490 f i plugin_test1.obj
 0001:000034b0       ?remove_node@?$TTreeHoldRB@U?$TScatterArrayNode@U?$TRefObjectComposite@UIKeyboardClient@libui@UModSys@@UIRefObject@core@3@U?$TRefObjectFunc@UIRefObject@core@UModSys@@@tl@3@@tl@UModSys@@H@tl@UModSys@@@tl@UModSys@@QAEXPAU?$TScatterArrayNode@U?$TRefObjectComposite@UIKeyboardClient@libui@UModSys@@UIRefObject@core@3@U?$TRefObjectFunc@UIRefObject@core@UModSys@@@tl@3@@tl@UModSys@@H@23@@Z 100044b0 f i umodsys_lib_libui:umodsys.mod.ui.SDL_GL.obj
 0001:000034b0       ?remove_node@?$TTreeHoldRB@U?$TScatterArrayNode@U?$TRefObjectCompositeExtra@UIMouseClient@libui@UModSys@@HUIRefObject@core@3@U?$TRefObjectFunc@UIRefObject@core@UModSys@@@tl@3@@tl@UModSys@@H@tl@UModSys@@@tl@UModSys@@QAEXPAU?$TScatterArrayNode@U?$TRefObjectCompositeExtra@UIMouseClient@libui@UModSys@@HUIRefObject@core@3@U?$TRefObjectFunc@UIRefObject@core@UModSys@@@tl@3@@tl@UModSys@@H@23@@Z 100044b0 f i umodsys_lib_libui:umodsys.mod.ui.SDL_GL.obj
 0001:000035a0       ?Free@?$TDynarray@U?$TDynarrayHolderDynamic@USLayInfo@RVertexArray@SDL_GL@ui@modules@UModSys@@U?$TAllocator@USIMemAlloc@core@UModSys@@USCountCalcExact@23@@tl@6@@tl@UModSys@@@tl@UModSys@@QAE_NXZ 100045a0 f i umodsys_lib_libui:umodsys.mod.ui.SDL_GL.obj
 0001:00003610       ??1?$TPair@HU?$TRefObjectCompositeExtra@UIMouseClient@libui@UModSys@@HUIRefObject@core@3@U?$TRefObjectFunc@UIRefObject@core@UModSys@@@tl@3@@tl@UModSys@@@tl@UModSys@@QAE@XZ 10004610 f i umodsys_lib_libui:umodsys.mod.ui.SDL_GL.obj
 0001:00003610       ??1?$TPair@HU?$TRefObjectComposite@UIKeyboardClient@libui@UModSys@@UIRefObject@core@3@U?$TRefObjectFunc@UIRefObject@core@UModSys@@@tl@3@@tl@UModSys@@@tl@UModSys@@QAE@XZ 10004610 f i umodsys_lib_libui:umodsys.mod.ui.SDL_GL.obj
 0001:00003620       ??1?$TRefObjectComposite@UIController@libui@UModSys@@UIRefObject@core@3@U?$TRefObjectFunc@UIRefObject@core@UModSys@@@tl@3@@tl@UModSys@@QAE@XZ 10004620 f i umodsys_lib_libui:umodsys.mod.ui.frames.obj
 0001:00003620       ??1?$TRefObjectCompositeExtra@UIMouseClient@libui@UModSys@@HUIRefObject@core@3@U?$TRefObjectFunc@UIRefObject@core@UModSys@@@tl@3@@tl@UModSys@@QAE@XZ 10004620 f i umodsys_lib_libui:umodsys.mod.ui.SDL_GL.obj
 0001:00003620       ??1?$TRefObjectComposite@UIKeyboardClient@libui@UModSys@@UIRefObject@core@3@U?$TRefObjectFunc@UIRefObject@core@UModSys@@@tl@3@@tl@UModSys@@QAE@XZ 10004620 f i umodsys_lib_libui:umodsys.mod.ui.SDL_GL.obj
 0001:00003690       ??$slen@H@su@tl@UModSys@@YAIPBH@Z 10004690 f i umodsys_lib_libui:umodsys.mod.ui.SDL_GL.obj
 0001:000036b0       ?ref_weak@?$TRefObjectLinksComposite@URRenderDriver3D@SDL_GL@ui@modules@UModSys@@URTerminalX@2345@@tl@UModSys@@QBE_NPAURRenderDriver3D@SDL_GL@ui@modules@3@AAUWeakPointer@IRefObject@core@3@@Z 100046b0 f i umodsys_lib_libui:umodsys.mod.ui.SDL_GL.obj
 0001:000036b0       ?ref_weak@?$TRefObjectLinksComposite@URKeyboardController@SDL_GL@ui@modules@UModSys@@URTerminal@2345@@tl@UModSys@@QBE_NPAURKeyboardController@SDL_GL@ui@modules@3@AAUWeakPointer@IRefObject@core@3@@Z 100046b0 f i umodsys_lib_libui:umodsys.mod.ui.SDL_GL.obj
 0001:000036b0       ?ref_weak@?$TRefObjectLinksComposite@URMouseController@SDL_GL@ui@modules@UModSys@@URTerminal@2345@@tl@UModSys@@QBE_NPAURMouseController@SDL_GL@ui@modules@3@AAUWeakPointer@IRefObject@core@3@@Z 100046b0 f i umodsys_lib_libui:umodsys.mod.ui.SDL_GL.obj
 0001:000036b0       ?ref_weak@?$TRefObjectLinksComposite@URRenderDriver2D@SDL_core@ui@modules@UModSys@@URTerminalX@2345@@tl@UModSys@@QBE_NPAURRenderDriver2D@SDL_core@ui@modules@3@AAUWeakPointer@IRefObject@core@3@@Z 100046b0 f i umodsys_lib_libui:umodsys.mod.ui.SDL_core.obj
 0001:000036b0       ?ref_weak@?$TRefObjectLinksComposite@URMouseController@SDL_core@ui@modules@UModSys@@URTerminal@2345@@tl@UModSys@@QBE_NPAURMouseController@SDL_core@ui@modules@3@AAUWeakPointer@IRefObject@core@3@@Z 100046b0 f i umodsys_lib_libui:umodsys.mod.ui.SDL_core.obj
 0001:000036b0       ?ref_weak@?$TRefObjectLinksComposite@URKeyboardController@SDL_core@ui@modules@UModSys@@URTerminal@2345@@tl@UModSys@@QBE_NPAURKeyboardController@SDL_core@ui@modules@3@AAUWeakPointer@IRefObject@core@3@@Z 100046b0 f i umodsys_lib_libui:umodsys.mod.ui.SDL_core.obj
 0001:000036d0       ?remove_color@?$TTreeHoldRB@U?$TScatterArrayNode@U?$TRefObjectCompositeExtra@UIMouseClient@libui@UModSys@@HUIRefObject@core@3@U?$TRefObjectFunc@UIRefObject@core@UModSys@@@tl@3@@tl@UModSys@@H@tl@UModSys@@@tl@UModSys@@IAEXPAU?$TScatterArrayNode@U?$TRefObjectCompositeExtra@UIMouseClient@libui@UModSys@@HUIRefObject@core@3@U?$TRefObjectFunc@UIRefObject@core@UModSys@@@tl@3@@tl@UModSys@@H@23@0@Z 100046d0 f i umodsys_lib_libui:umodsys.mod.ui.SDL_GL.obj
 0001:000036d0       ?remove_color@?$TTreeHoldRB@U?$TScatterArrayNode@U?$TRefObjectComposite@UIKeyboardClient@libui@UModSys@@UIRefObject@core@3@U?$TRefObjectFunc@UIRefObject@core@UModSys@@@tl@3@@tl@UModSys@@H@tl@UModSys@@@tl@UModSys@@IAEXPAU?$TScatterArrayNode@U?$TRefObjectComposite@UIKeyboardClient@libui@UModSys@@UIRefObject@core@3@U?$TRefObjectFunc@UIRefObject@core@UModSys@@@tl@3@@tl@UModSys@@H@23@0@Z 100046d0 f i umodsys_lib_libui:umodsys.mod.ui.SDL_GL.obj
 0001:00003850       ??$t_gen_param@URTerminalX@SDL_GL@ui@modules@UModSys@@URGenerator@2345@@IGenerator@base@UModSys@@IAE_NPAURGenerator@SDL_GL@ui@modules@2@AAU?$TRefObject@UIRefObject@core@UModSys@@U?$TRefObjectFunc@UIRefObject@core@UModSys@@@tl@3@@tl@2@PBUSUniquePointerInfo@core@2@ABUSParameters@core@2@@Z 10004850 f i umodsys_lib_libui:umodsys.mod.ui.SDL_GL.obj
 0001:000038d0       ??$ValidateConstruction@UIMultiImage@lib2d@UModSys@@URMultiImage2D_SDL_ttf@SDL_core@ui@modules@3@@core@UModSys@@YA_NAAU?$TRefObject@UIMultiImage@lib2d@UModSys@@U?$TRefObjectFunc@UIMultiImage@lib2d@UModSys@@@tl@3@@tl@1@PAURMultiImage2D_SDL_ttf@SDL_core@ui@modules@1@@Z 100048d0 f i umodsys_lib_libui:umodsys.mod.ui.SDL_core.obj
 0001:000038d0       ??$ValidateConstruction@UIMultiImage@lib2d@UModSys@@URMultiImage2D_SDL_ttf@SDL_GL@ui@modules@3@@core@UModSys@@YA_NAAU?$TRefObject@UIMultiImage@lib2d@UModSys@@U?$TRefObjectFunc@UIMultiImage@lib2d@UModSys@@@tl@3@@tl@1@PAURMultiImage2D_SDL_ttf@SDL_GL@ui@modules@1@@Z 100048d0 f i umodsys_lib_libui:umodsys.mod.ui.SDL_GL.obj
 0001:00003960       ??$t_ref_get_other_interface@URMultiImage2D_SDL_ttf@SDL_GL@ui@modules@UModSys@@U?$TRefObjectWeakFunc@URMultiImage2D_SDL_ttf@SDL_GL@ui@modules@UModSys@@@tl@5@@IRefObject@core@UModSys@@QAE_NAAU?$TRefObject@URMultiImage2D_SDL_ttf@SDL_GL@ui@modules@UModSys@@U?$TRefObjectWeakFunc@URMultiImage2D_SDL_ttf@SDL_GL@ui@modules@UModSys@@@tl@5@@tl@2@@Z 10004960 f i umodsys_lib_libui:umodsys.mod.ui.SDL_GL.obj
 0001:000039c0       ??$genx_node@UCmp@?$TScatterArray@U?$TRefObjectComposite@UIKeyboardClient@libui@UModSys@@UIRefObject@core@3@U?$TRefObjectFunc@UIRefObject@core@UModSys@@@tl@3@@tl@UModSys@@HU?$TScalarCompare@H@core@3@U?$TNodeDeleter0@U?$TScatterArrayNode@U?$TRefObjectComposite@UIKeyboardClient@libui@UModSys@@UIRefObject@core@3@U?$TRefObjectFunc@UIRefObject@core@UModSys@@@tl@3@@tl@UModSys@@H@tl@UModSys@@@23@@tl@UModSys@@UGen0@234@@?$TTreeHoldRBD@U?$TScatterArrayNode@U?$TRefObjectComposite@UIKeyboardClient@libui@UModSys@@UIRefObject@core@3@U?$TRefObjectFunc@UIRefObject@core@UModSys@@@tl@3@@tl@UModSys@@H@tl@UModSys@@U?$TNodeDeleter0@U?$TScatterArrayNode@U?$TRefObjectComposite@UIKeyboardClient@libui@UModSys@@UIRefObject@core@3@U?$TRefObjectFunc@UIRefObject@core@UModSys@@@tl@3@@tl@UModSys@@H@tl@UModSys@@@23@@tl@UModSys@@QAEPAU?$TScatterArrayNode@U?$TRefObjectComposite@UIKeyboardClient@libui@UModSys@@UIRefObject@core@3@U?$TRefObjectFunc@UIRefObject@core@UModSys@@@tl@3@@tl@UModSys@@H@12@UCmp@?$TScatterArray@U?$TRefObjectComposite@UIKeyboardClient@libui@UModSys@@UIRefObject@core@3@U?$TRefObjectFunc@UIRefObject@core@UModSys@@@tl@3@@tl@UModSys@@HU?$TScalarCompare@H@core@3@U?$TNodeDeleter0@U?$TScatterArrayNode@U?$TRefObjectComposite@UIKeyboardClient@libui@UModSys@@UIRefObject@core@3@U?$TRefObjectFunc@UIRefObject@core@UModSys@@@tl@3@@tl@UModSys@@H@tl@UModSys@@@23@@12@ABUGen0@512@PAPAU312@2_N@Z 100049c0 f i umodsys_lib_libui:umodsys.mod.ui.SDL_GL.obj
 0001:00003a30       ??$genx_node@UCmp@?$TScatterArray@U?$TRefObjectCompositeExtra@UIMouseClient@libui@UModSys@@HUIRefObject@core@3@U?$TRefObjectFunc@UIRefObject@core@UModSys@@@tl@3@@tl@UModSys@@HU?$TScalarCompare@H@core@3@U?$TNodeDeleter0@U?$TScatterArrayNode@U?$TRefObjectCompositeExtra@UIMouseClient@libui@UModSys@@HUIRefObject@core@3@U?$TRefObjectFunc@UIRefObject@core@UModSys@@@tl@3@@tl@UModSys@@H@tl@UModSys@@@23@@tl@UModSys@@UGen0@234@@?$TTreeHoldRBD@U?$TScatterArrayNode@U?$TRefObjectCompositeExtra@UIMouseClient@libui@UModSys@@HUIRefObject@core@3@U?$TRefObjectFunc@UIRefObject@core@UModSys@@@tl@3@@tl@UModSys@@H@tl@UModSys@@U?$TNodeDeleter0@U?$TScatterArrayNode@U?$TRefObjectCompositeExtra@UIMouseClient@libui@UModSys@@HUIRefObject@core@3@U?$TRefObjectFunc@UIRefObject@core@UModSys@@@tl@3@@tl@UModSys@@H@tl@UModSys@@@23@@tl@UModSys@@QAEPAU?$TScatterArrayNode@U?$TRefObjectCompositeExtra@UIMouseClient@libui@UModSys@@HUIRefObject@core@3@U?$TRefObjectFunc@UIRefObject@core@UModSys@@@tl@3@@tl@UModSys@@H@12@UCmp@?$TScatterArray@U?$TRefObjectCompositeExtra@UIMouseClient@libui@UModSys@@HUIRefObject@core@3@U?$TRefObjectFunc@UIRefObject@core@UModSys@@@tl@3@@tl@UModSys@@HU?$TScalarCompare@H@core@3@U?$TNodeDeleter0@U?$TScatterArrayNode@U?$TRefObjectCompositeExtra@UIMouseClient@libui@UModSys@@HUIRefObject@core@3@U?$TRefObjectFunc@UIRefObject@core@UModSys@@@tl@3@@tl@UModSys@@H@tl@UModSys@@@23@@12@ABUGen0@512@PAPAU312@2_N@Z 10004a30 f i umodsys_lib_libui:umodsys.mod.ui.SDL_GL.obj
 0001:00003aa0       ??$find_node_u@UCmp@?$TScatterArray@U?$TVector4@M@math3d@UModSys@@HU?$TScalarCompare@H@core@3@U?$TNodeDeleter0@U?$TScatterArrayNode@U?$TVector4@M@math3d@UModSys@@H@tl@UModSys@@@tl@3@@tl@UModSys@@@?$TTreeHoldRB@U?$TScatterArrayNode@U?$TVector4@M@math3d@UModSys@@H@tl@UModSys@@@tl@UModSys@@QBEPAU?$TScatterArrayNode@U?$TVector4@M@math3d@UModSys@@H@12@UCmp@?$TScatterArray@U?$TVector4@M@math3d@UModSys@@HU?$TScalarCompare@H@core@3@U?$TNodeDeleter0@U?$TScatterArrayNode@U?$TVector4@M@math3d@UModSys@@H@tl@UModSys@@@tl@3@@12@@Z 10004aa0 f i umodsys_lib_libui:umodsys.mod.ui.frames.obj
 0001:00003aa0       ??$find_node_u@UCmp@?$TScatterArray@UGlyph@RMultiImage2D_SDL_ttf@SDL_core@ui@modules@UModSys@@HU?$TScalarCompare@H@core@6@U?$TNodeDeleter0@U?$TScatterArrayNode@UGlyph@RMultiImage2D_SDL_ttf@SDL_core@ui@modules@UModSys@@H@tl@UModSys@@@tl@6@@tl@UModSys@@@?$TTreeHoldRB@U?$TScatterArrayNode@UGlyph@RMultiImage2D_SDL_ttf@SDL_core@ui@modules@UModSys@@H@tl@UModSys@@@tl@UModSys@@QBEPAU?$TScatterArrayNode@UGlyph@RMultiImage2D_SDL_ttf@SDL_core@ui@modules@UModSys@@H@12@UCmp@?$TScatterArray@UGlyph@RMultiImage2D_SDL_ttf@SDL_core@ui@modules@UModSys@@HU?$TScalarCompare@H@core@6@U?$TNodeDeleter0@U?$TScatterArrayNode@UGlyph@RMultiImage2D_SDL_ttf@SDL_core@ui@modules@UModSys@@H@tl@UModSys@@@tl@6@@12@@Z 10004aa0 f i umodsys_lib_libui:umodsys.mod.ui.SDL_core.obj
 0001:00003aa0       ??$find_node_u@UCmp@?$TScatterArray@UGlyph@RMultiImage2D_SDL_ttf@SDL_GL@ui@modules@UModSys@@HU?$TScalarCompare@H@core@6@U?$TNodeDeleter0@U?$TScatterArrayNode@UGlyph@RMultiImage2D_SDL_ttf@SDL_GL@ui@modules@UModSys@@H@tl@UModSys@@@tl@6@@tl@UModSys@@@?$TTreeHoldRB@U?$TScatterArrayNode@UGlyph@RMultiImage2D_SDL_ttf@SDL_GL@ui@modules@UModSys@@H@tl@UModSys@@@tl@UModSys@@QBEPAU?$TScatterArrayNode@UGlyph@RMultiImage2D_SDL_ttf@SDL_GL@ui@modules@UModSys@@H@12@UCmp@?$TScatterArray@UGlyph@RMultiImage2D_SDL_ttf@SDL_GL@ui@modules@UModSys@@HU?$TScalarCompare@H@core@6@U?$TNodeDeleter0@U?$TScatterArrayNode@UGlyph@RMultiImage2D_SDL_ttf@SDL_GL@ui@modules@UModSys@@H@tl@UModSys@@@tl@6@@12@@Z 10004aa0 f i umodsys_lib_libui:umodsys.mod.ui.SDL_GL.obj
 0001:00003aa0       ??$find_node_u@UCmp@?$TScatterArray@U?$TRefObjectCompositeExtra@UIMouseClient@libui@UModSys@@HUIRefObject@core@3@U?$TRefObjectFunc@UIRefObject@core@UModSys@@@tl@3@@tl@UModSys@@HU?$TScalarCompare@H@core@3@U?$TNodeDeleter0@U?$TScatterArrayNode@U?$TRefObjectCompositeExtra@UIMouseClient@libui@UModSys@@HUIRefObject@core@3@U?$TRefObjectFunc@UIRefObject@core@UModSys@@@tl@3@@tl@UModSys@@H@tl@UModSys@@@23@@tl@UModSys@@@?$TTreeHoldRB@U?$TScatterArrayNode@U?$TRefObjectCompositeExtra@UIMouseClient@libui@UModSys@@HUIRefObject@core@3@U?$TRefObjectFunc@UIRefObject@core@UModSys@@@tl@3@@tl@UModSys@@H@tl@UModSys@@@tl@UModSys@@QBEPAU?$TScatterArrayNode@U?$TRefObjectCompositeExtra@UIMouseClient@libui@UModSys@@HUIRefObject@core@3@U?$TRefObjectFunc@UIRefObject@core@UModSys@@@tl@3@@tl@UModSys@@H@12@UCmp@?$TScatterArray@U?$TRefObjectCompositeExtra@UIMouseClient@libui@UModSys@@HUIRefObject@core@3@U?$TRefObjectFunc@UIRefObject@core@UModSys@@@tl@3@@tl@UModSys@@HU?$TScalarCompare@H@core@3@U?$TNodeDeleter0@U?$TScatterArrayNode@U?$TRefObjectCompositeExtra@UIMouseClient@libui@UModSys@@HUIRefObject@core@3@U?$TRefObjectFunc@UIRefObject@core@UModSys@@@tl@3@@tl@UModSys@@H@tl@UModSys@@@23@@12@@Z 10004aa0 f i umodsys_lib_libui:umodsys.mod.ui.SDL_GL.obj
 0001:00003aa0       ??$find_node_u@UCmp@?$TScatterArray@U?$TRefObjectComposite@UIKeyboardClient@libui@UModSys@@UIRefObject@core@3@U?$TRefObjectFunc@UIRefObject@core@UModSys@@@tl@3@@tl@UModSys@@HU?$TScalarCompare@H@core@3@U?$TNodeDeleter0@U?$TScatterArrayNode@U?$TRefObjectComposite@UIKeyboardClient@libui@UModSys@@UIRefObject@core@3@U?$TRefObjectFunc@UIRefObject@core@UModSys@@@tl@3@@tl@UModSys@@H@tl@UModSys@@@23@@tl@UModSys@@@?$TTreeHoldRB@U?$TScatterArrayNode@U?$TRefObjectComposite@UIKeyboardClient@libui@UModSys@@UIRefObject@core@3@U?$TRefObjectFunc@UIRefObject@core@UModSys@@@tl@3@@tl@UModSys@@H@tl@UModSys@@@tl@UModSys@@QBEPAU?$TScatterArrayNode@U?$TRefObjectComposite@UIKeyboardClient@libui@UModSys@@UIRefObject@core@3@U?$TRefObjectFunc@UIRefObject@core@UModSys@@@tl@3@@tl@UModSys@@H@12@UCmp@?$TScatterArray@U?$TRefObjectComposite@UIKeyboardClient@libui@UModSys@@UIRefObject@core@3@U?$TRefObjectFunc@UIRefObject@core@UModSys@@@tl@3@@tl@UModSys@@HU?$TScalarCompare@H@core@3@U?$TNodeDeleter0@U?$TScatterArrayNode@U?$TRefObjectComposite@UIKeyboardClient@libui@UModSys@@UIRefObject@core@3@U?$TRefObjectFunc@UIRefObject@core@UModSys@@@tl@3@@tl@UModSys@@H@tl@UModSys@@@23@@12@@Z 10004aa0 f i umodsys_lib_libui:umodsys.mod.ui.SDL_GL.obj
 0001:00003aa0       ??$find_node_u@UCmp@?$TScatterArray@HHU?$TScalarCompare@H@core@UModSys@@U?$TNodeDeleter0@U?$TScatterArrayNode@HH@tl@UModSys@@@tl@3@@tl@UModSys@@@?$TTreeHoldRB@U?$TScatterArrayNode@HH@tl@UModSys@@@tl@UModSys@@QBEPAU?$TScatterArrayNode@HH@12@UCmp@?$TScatterArray@HHU?$TScalarCompare@H@core@UModSys@@U?$TNodeDeleter0@U?$TScatterArrayNode@HH@tl@UModSys@@@tl@3@@12@@Z 10004aa0 f i umodsys_lib_libui:umodsys.mod.ui.frames.obj
 0001:00003aa0       ??$find_node_u@UCmp@?$TScatterArray@U?$TVector2@M@math3d@UModSys@@HU?$TScalarCompare@H@core@3@U?$TNodeDeleter0@U?$TScatterArrayNode@U?$TVector2@M@math3d@UModSys@@H@tl@UModSys@@@tl@3@@tl@UModSys@@@?$TTreeHoldRB@U?$TScatterArrayNode@U?$TVector2@M@math3d@UModSys@@H@tl@UModSys@@@tl@UModSys@@QBEPAU?$TScatterArrayNode@U?$TVector2@M@math3d@UModSys@@H@12@UCmp@?$TScatterArray@U?$TVector2@M@math3d@UModSys@@HU?$TScalarCompare@H@core@3@U?$TNodeDeleter0@U?$TScatterArrayNode@U?$TVector2@M@math3d@UModSys@@H@tl@UModSys@@@tl@3@@12@@Z 10004aa0 f i umodsys_lib_libui:umodsys.mod.ui.frames.obj
 0001:00003ae0       ??$genx_node@UCmp@?$TScatterArray@UGlyph@RMultiImage2D_SDL_ttf@SDL_GL@ui@modules@UModSys@@HU?$TScalarCompare@H@core@6@U?$TNodeDeleter0@U?$TScatterArrayNode@UGlyph@RMultiImage2D_SDL_ttf@SDL_GL@ui@modules@UModSys@@H@tl@UModSys@@@tl@6@@tl@UModSys@@UGen0@234@@?$TTreeHoldRBD@U?$TScatterArrayNode@UGlyph@RMultiImage2D_SDL_ttf@SDL_GL@ui@modules@UModSys@@H@tl@UModSys@@U?$TNodeDeleter0@U?$TScatterArrayNode@UGlyph@RMultiImage2D_SDL_ttf@SDL_GL@ui@modules@UModSys@@H@tl@UModSys@@@23@@tl@UModSys@@QAEPAU?$TScatterArrayNode@UGlyph@RMultiImage2D_SDL_ttf@SDL_GL@ui@modules@UModSys@@H@12@UCmp@?$TScatterArray@UGlyph@RMultiImage2D_SDL_ttf@SDL_GL@ui@modules@UModSys@@HU?$TScalarCompare@H@core@6@U?$TNodeDeleter0@U?$TScatterArrayNode@UGlyph@RMultiImage2D_SDL_ttf@SDL_GL@ui@modules@UModSys@@H@tl@UModSys@@@tl@6@@12@ABUGen0@512@PAPAU312@2_N@Z 10004ae0 f i umodsys_lib_libui:umodsys.mod.ui.SDL_GL.obj
 0001:00003b50       ?rotate_left@?$TTreeHoldRB@U?$TScatterArrayNode@U?$TRefObjectComposite@UIKeyboardClient@libui@UModSys@@UIRefObject@core@3@U?$TRefObjectFunc@UIRefObject@core@UModSys@@@tl@3@@tl@UModSys@@H@tl@UModSys@@@tl@UModSys@@IAEXPAU?$TScatterArrayNode@U?$TRefObjectComposite@UIKeyboardClient@libui@UModSys@@UIRefObject@core@3@U?$TRefObjectFunc@UIRefObject@core@UModSys@@@tl@3@@tl@UModSys@@H@23@@Z 10004b50 f i umodsys_lib_libui:umodsys.mod.ui.SDL_GL.obj
 0001:00003b50       ?rotate_left@?$TTreeHoldRB@U?$TScatterArrayNode@U?$TRefObjectCompositeExtra@UIMouseClient@libui@UModSys@@HUIRefObject@core@3@U?$TRefObjectFunc@UIRefObject@core@UModSys@@@tl@3@@tl@UModSys@@H@tl@UModSys@@@tl@UModSys@@IAEXPAU?$TScatterArrayNode@U?$TRefObjectCompositeExtra@UIMouseClient@libui@UModSys@@HUIRefObject@core@3@U?$TRefObjectFunc@UIRefObject@core@UModSys@@@tl@3@@tl@UModSys@@H@23@@Z 10004b50 f i umodsys_lib_libui:umodsys.mod.ui.SDL_GL.obj
 0001:00003ba0       ?rotate_right@?$TTreeHoldRB@U?$TScatterArrayNode@U?$TRefObjectComposite@UIKeyboardClient@libui@UModSys@@UIRefObject@core@3@U?$TRefObjectFunc@UIRefObject@core@UModSys@@@tl@3@@tl@UModSys@@H@tl@UModSys@@@tl@UModSys@@IAEXPAU?$TScatterArrayNode@U?$TRefObjectComposite@UIKeyboardClient@libui@UModSys@@UIRefObject@core@3@U?$TRefObjectFunc@UIRefObject@core@UModSys@@@tl@3@@tl@UModSys@@H@23@@Z 10004ba0 f i umodsys_lib_libui:umodsys.mod.ui.SDL_GL.obj
 0001:00003ba0       ?rotate_right@?$TTreeHoldRB@U?$TScatterArrayNode@U?$TRefObjectCompositeExtra@UIMouseClient@libui@UModSys@@HUIRefObject@core@3@U?$TRefObjectFunc@UIRefObject@core@UModSys@@@tl@3@@tl@UModSys@@H@tl@UModSys@@@tl@UModSys@@IAEXPAU?$TScatterArrayNode@U?$TRefObjectCompositeExtra@UIMouseClient@libui@UModSys@@HUIRefObject@core@3@U?$TRefObjectFunc@UIRefObject@core@UModSys@@@tl@3@@tl@UModSys@@H@23@@Z 10004ba0 f i umodsys_lib_libui:umodsys.mod.ui.SDL_GL.obj
 0001:00003bf0       ?sub_insert_node@?$TTreeHoldRB@U?$TScatterArrayNode@UGlyph@RMultiImage2D_SDL_ttf@SDL_GL@ui@modules@UModSys@@H@tl@UModSys@@@tl@UModSys@@QAEXPAU?$TScatterArrayNode@UGlyph@RMultiImage2D_SDL_ttf@SDL_GL@ui@modules@UModSys@@H@23@0H@Z 10004bf0 f i umodsys_lib_libui:umodsys.mod.ui.SDL_GL.obj
 0001:00003bf0       ?sub_insert_node@?$TTreeHoldRB@U?$TScatterArrayNode@U?$TVector4@M@math3d@UModSys@@H@tl@UModSys@@@tl@UModSys@@QAEXPAU?$TScatterArrayNode@U?$TVector4@M@math3d@UModSys@@H@23@0H@Z 10004bf0 f i umodsys_lib_libui:umodsys.mod.ui.frames.obj
 0001:00003bf0       ?sub_insert_node@?$TTreeHoldRB@U?$TScatterArrayNode@U?$TRefObjectComposite@UIKeyboardClient@libui@UModSys@@UIRefObject@core@3@U?$TRefObjectFunc@UIRefObject@core@UModSys@@@tl@3@@tl@UModSys@@H@tl@UModSys@@@tl@UModSys@@QAEXPAU?$TScatterArrayNode@U?$TRefObjectComposite@UIKeyboardClient@libui@UModSys@@UIRefObject@core@3@U?$TRefObjectFunc@UIRefObject@core@UModSys@@@tl@3@@tl@UModSys@@H@23@0H@Z 10004bf0 f i umodsys_lib_libui:umodsys.mod.ui.SDL_GL.obj
[...]
 0001:00037f10       ??__F?s_id@?$TObjectUniqueID@UICollector@libui@UModSys@@@tl@UModSys@@2USUniquePointer@core@3@A@@YAXXZ 10038f10 f    CIL library: CIL module
 0001:00037f20       ??__F?s_id@?$TObjectUniqueID@UIConsoleHelperInput_UIKey@libui@UModSys@@@tl@UModSys@@2USUniquePointer@core@3@A@@YAXXZ 10038f20 f    CIL library: CIL module
 0001:00037f30       ??__F?s_id@?$TObjectUniqueID@UITerminal@libui@UModSys@@@tl@UModSys@@2USUniquePointer@core@3@A@@YAXXZ 10038f30 f    CIL library: CIL module
 0001:00037f40       ??__F?s_id@?$TObjectUniqueID@UIJoystickController@libui@UModSys@@@tl@UModSys@@2USUniquePointer@core@3@A@@YAXXZ 10038f40 f    CIL library: CIL module
 0001:00037f50       ??__F?s_id@?$TObjectUniqueID@UIMouseController@libui@UModSys@@@tl@UModSys@@2USUniquePointer@core@3@A@@YAXXZ 10038f50 f    CIL library: CIL module
 0001:00037f60       ??__F?s_id@?$TObjectUniqueID@UIKeyboardController@libui@UModSys@@@tl@UModSys@@2USUniquePointer@core@3@A@@YAXXZ 10038f60 f    CIL library: CIL module
 0001:00037f70       ??__F?s_id@?$TObjectUniqueID@UIConsoleHelperOutputFCS@base@UModSys@@@tl@UModSys@@2USUniquePointer@core@3@A@@YAXXZ 10038f70 f    CIL library: CIL module
 0001:00037f80       ??__F?s_id@?$TObjectUniqueID@UIConsoleHelperOutput@base@UModSys@@@tl@UModSys@@2USUniquePointer@core@3@A@@YAXXZ 10038f80 f    CIL library: CIL module
 0001:00037f90       ??__F?s_id@?$TObjectUniqueID@UIConsoleHelperInput@base@UModSys@@@tl@UModSys@@2USUniquePointer@core@3@A@@YAXXZ 10038f90 f    CIL library: CIL module
 0001:00037fa0       ??__F?s_id@?$TObjectUniqueID@UIConsoleHelperHistory@base@UModSys@@@tl@UModSys@@2USUniquePointer@core@3@A@@YAXXZ 10038fa0 f    CIL library: CIL module
 0001:00037fb0       ??__F?s_id@?$TObjectUniqueID@UIConsoleHelper@base@UModSys@@@tl@UModSys@@2USUniquePointer@core@3@A@@YAXXZ 10038fb0 f    CIL library: CIL module
 0001:00037fc0       ??__F?s_id@?$TObjectUniqueID@UIConsoleExt@base@UModSys@@@tl@UModSys@@2USUniquePointer@core@3@A@@YAXXZ 10038fc0 f    CIL library: CIL module
 0001:00037fd0       ??__F?s_id@?$TObjectUniqueID@UISerializeWriter@libmedia@UModSys@@@tl@UModSys@@2USUniquePointer@core@3@A@@YAXXZ 10038fd0 f    CIL library: CIL module
 0001:00037fe0       ??__F?s_id@?$TObjectUniqueID@UISerializeReader@libmedia@UModSys@@@tl@UModSys@@2USUniquePointer@core@3@A@@YAXXZ 10038fe0 f    CIL library: CIL module
 0001:00037ff0       ??__F?s_id@?$TObjectUniqueID@UIClient@IBinArchiveFrame@libmedia@UModSys@@@tl@UModSys@@2USUniquePointer@core@3@A@@YAXXZ 10038ff0 f    CIL library: CIL module
 0001:00038000       ??__F?s_id@?$TObjectUniqueID@UIBinArchiveFrame@libmedia@UModSys@@@tl@UModSys@@2USUniquePointer@core@3@A@@YAXXZ 10039000 f    CIL library: CIL module
 0001:00038010       ??__F?s_id@?$TObjectUniqueID@UILibraryLayered@libmedia@UModSys@@@tl@UModSys@@2USUniquePointer@core@3@A@@YAXXZ 10039010 f    CIL library: CIL module
 0001:00038020       ??__F?s_id@?$TObjectUniqueID@UILibraryObjCache@libmedia@UModSys@@@tl@UModSys@@2USUniquePointer@core@3@A@@YAXXZ 10039020 f    CIL library: CIL module
 0001:00038030       ??__F?s_id@?$TObjectUniqueID@UILibraryObjFilter@libmedia@UModSys@@@tl@UModSys@@2USUniquePointer@core@3@A@@YAXXZ 10039030 f    CIL library: CIL module
 0001:00038040       ??__F?s_id@?$TObjectUniqueID@UILibraryBinCache@libmedia@UModSys@@@tl@UModSys@@2USUniquePointer@core@3@A@@YAXXZ 10039040 f    CIL library: CIL module
 0001:00038050       ??__F?s_id@?$TObjectUniqueID@UILibraryBinTree@libmedia@UModSys@@@tl@UModSys@@2USUniquePointer@core@3@A@@YAXXZ 10039050 f    CIL library: CIL module
 0001:00038060       ??__F?s_id@?$TObjectUniqueID@UILibrary@libmedia@UModSys@@@tl@UModSys@@2USUniquePointer@core@3@A@@YAXXZ 10039060 f    CIL library: CIL module
 0001:00038070       ??__F?s_id@?$TObjectUniqueID@UIBinObjFilter@libmedia@UModSys@@@tl@UModSys@@2USUniquePointer@core@3@A@@YAXXZ 10039070 f    CIL library: CIL module
 0001:00038080       ??__F?s_id@?$TObjectUniqueID@UIBinArchive@libmedia@UModSys@@@tl@UModSys@@2USUniquePointer@core@3@A@@YAXXZ 10039080 f    CIL library: CIL module
 0001:00038090       ??__F?s_id@?$TObjectUniqueID@UILibObject@libmedia@UModSys@@@tl@UModSys@@2USUniquePointer@core@3@A@@YAXXZ 10039090 f    CIL library: CIL module
 0001:000380a0       ??__F?s_id@?$TObjectUniqueID@UIUtilities@libmedia@UModSys@@@tl@UModSys@@2USUniquePointer@core@3@A@@YAXXZ 100390a0 f    CIL library: CIL module
 0001:000380b0       ??__F?s_id@?$TObjectUniqueID@UIStreamWriter@libmedia@UModSys@@@tl@UModSys@@2USUniquePointer@core@3@A@@YAXXZ 100390b0 f    CIL library: CIL module
 0001:000380c0       ??__F?s_id@?$TObjectUniqueID@UIStreamReader@libmedia@UModSys@@@tl@UModSys@@2USUniquePointer@core@3@A@@YAXXZ 100390c0 f    CIL library: CIL module
 0001:000380d0       ??__F?s_id@?$TObjectUniqueID@UISystem@base@UModSys@@@tl@UModSys@@2USUniquePointer@core@3@A@@YAXXZ 100390d0 f    CIL library: CIL module
 0001:000380e0       ??__F?s_id@?$TObjectUniqueID@UIShell@base@UModSys@@@tl@UModSys@@2USUniquePointer@core@3@A@@YAXXZ 100390e0 f    CIL library: CIL module
 0001:000380f0       ??__F?s_id@?$TObjectUniqueID@UIGenerator@base@UModSys@@@tl@UModSys@@2USUniquePointer@core@3@A@@YAXXZ 100390f0 f    CIL library: CIL module
 0001:00038100       ??__F?s_id@?$TObjectUniqueID@UIModObject@base@UModSys@@@tl@UModSys@@2USUniquePointer@core@3@A@@YAXXZ 10039100 f    CIL library: CIL module
 0001:00038110       ??__F?s_id@?$TObjectUniqueID@UIModuleLibrary@base@UModSys@@@tl@UModSys@@2USUniquePointer@core@3@A@@YAXXZ 10039110 f    CIL library: CIL module
 0001:00038120       ??__F?s_id@?$TObjectUniqueID@UIModule@base@UModSys@@@tl@UModSys@@2USUniquePointer@core@3@A@@YAXXZ 10039120 f    CIL library: CIL module
 0001:00038130       ??__F?s_id@?$TObjectUniqueID@UIConsole@base@UModSys@@@tl@UModSys@@2USUniquePointer@core@3@A@@YAXXZ 10039130 f    CIL library: CIL module
 0001:00038140       ??__F?s_id@?$TObjectUniqueID@UIParameters@core@UModSys@@@tl@UModSys@@2USUniquePointer@core@3@A@@YAXXZ 10039140 f    CIL library: CIL module
 0001:00038150       ??__F?s_id@?$TObjectUniqueID@UIRefObject@core@UModSys@@@tl@UModSys@@2USUniquePointer@core@3@A@@YAXXZ 10039150 f    CIL library: CIL module
 0001:00038160       ??__F?s_id@?$TObjectUniqueID@UIRoot@core@UModSys@@@tl@UModSys@@2USUniquePointer@core@3@A@@YAXXZ 10039160 f    CIL library: CIL module
 0001:00038170       ??__F?s_id@?$TObjectUniqueID@UIScene@lib3d@UModSys@@@tl@UModSys@@2USUniquePointer@core@3@A@@YAXXZ 10039170 f    CIL library: CIL module
 0001:00038180       ??__F?s_id@?$TObjectUniqueID@UISceneController@lib3d@UModSys@@@tl@UModSys@@2USUniquePointer@core@3@A@@YAXXZ 10039180 f    CIL library: CIL module
 0001:00038190       ??__F?s_id@?$TObjectUniqueID@UINodeObject_Light@lib3d@UModSys@@@tl@UModSys@@2USUniquePointer@core@3@A@@YAXXZ 10039190 f    CIL library: CIL module
 0001:000381a0       ??__F?s_id@?$TObjectUniqueID@UINodeObject_Camera@lib3d@UModSys@@@tl@UModSys@@2USUniquePointer@core@3@A@@YAXXZ 100391a0 f    CIL library: CIL module
 0001:000381b0       ??__F?s_id@?$TObjectUniqueID@UINodeObject_Particles@lib3d@UModSys@@@tl@UModSys@@2USUniquePointer@core@3@A@@YAXXZ 100391b0 f    CIL library: CIL module
 0001:000381c0       ??__F?s_id@?$TObjectUniqueID@UINodeObject_Picture@lib3d@UModSys@@@tl@UModSys@@2USUniquePointer@core@3@A@@YAXXZ 100391c0 f    CIL library: CIL module
 0001:000381d0       ??__F?s_id@?$TObjectUniqueID@UINodeObject_Mesh@lib3d@UModSys@@@tl@UModSys@@2USUniquePointer@core@3@A@@YAXXZ 100391d0 f    CIL library: CIL module
 0001:000381e0       ??__F?s_id@?$TObjectUniqueID@UINodeObject_Brush@lib3d@UModSys@@@tl@UModSys@@2USUniquePointer@core@3@A@@YAXXZ 100391e0 f    CIL library: CIL module
 0001:000381f0       ??__Fs_dbg@stdlib@lib2d@modules@UModSys@@YAXXZ 100391f0 f    CIL library: CIL module
 0001:00038200       ??__F?s_modreg@RModuleReg@stdlib@lib2d@modules@UModSys@@2U12345@A@@YAXXZ 10039200 f    CIL library: CIL module
 0001:00038220       ??__F?s_modreg_chain@RModuleReg@stdlib@lib2d@modules@UModSys@@2USModuleRegChain@base@5@A@@YAXXZ 10039220 f    CIL library: CIL module
 0001:00038230       ??__F?s_uid@RGenerator@stdlib@lib2d@modules@UModSys@@2USUniquePointer@core@5@A@@YAXXZ 10039230 f    CIL library: CIL module
 0001:00038240       ??__Fh@?1??s_holder@RGenerator@stdlib@lib2d@modules@UModSys@@SAAAU?$TTypeStaticHolder@URGenerator@stdlib@lib2d@modules@UModSys@@@tl@5@XZ@YAXXZ 10039240 f    CIL library: CIL module
 0001:00038260       ??__F?s_id@?$TObjectUniqueID@URGenerator@stdlib@lib2d@modules@UModSys@@@tl@UModSys@@2USUniquePointer@core@3@A@@YAXXZ 10039260 f    CIL library: CIL module
 0001:00038270       ??__F?s_id@?$TObjectUniqueID@URMultiImage@stdlib@lib2d@modules@UModSys@@@tl@UModSys@@2USUniquePointer@core@3@A@@YAXXZ 10039270 f    CIL library: CIL module
 0001:00038280       ??__F?s_id@?$TObjectUniqueID@URImageFactory_Memory@stdlib@lib2d@modules@UModSys@@@tl@UModSys@@2USUniquePointer@core@3@A@@YAXXZ 10039280 f    CIL library: CIL module
 0001:00038290       ??__F?s_id@?$TObjectUniqueID@URImage_Memory@stdlib@lib2d@modules@UModSys@@@tl@UModSys@@2USUniquePointer@core@3@A@@YAXXZ 10039290 f    CIL library: CIL module
 0001:000382a0       ??__Fs_dbg@SDL_GL@ui@modules@UModSys@@YAXXZ 100392a0 f    CIL library: CIL module
 0001:000382b0       ??__F?s_modreg@RModuleReg@SDL_GL@ui@modules@UModSys@@2U12345@A@@YAXXZ 100392b0 f    CIL library: CIL module
 0001:000382d0       ??__F?s_modreg_chain@RModuleReg@SDL_GL@ui@modules@UModSys@@2USModuleRegChain@base@5@A@@YAXXZ 100392d0 f    CIL library: CIL module
 0001:000382e0       ??__F?s_uid@RGenerator@SDL_GL@ui@modules@UModSys@@2USUniquePointer@core@5@A@@YAXXZ 100392e0 f    CIL library: CIL module
 0001:000382f0       ??__Fh@?1??s_holder@RGenerator@SDL_GL@ui@modules@UModSys@@SAAAU?$TTypeStaticHolder@URGenerator@SDL_GL@ui@modules@UModSys@@@tl@5@XZ@YAXXZ 100392f0 f    CIL library: CIL module
 0001:00038310       ??__F?s_id@?$TObjectUniqueID@URGenerator@SDL_GL@ui@modules@UModSys@@@tl@UModSys@@2USUniquePointer@core@3@A@@YAXXZ 10039310 f    CIL library: CIL module
 0001:00038320       ??__F?s_id@?$TObjectUniqueID@URVertexArray@SDL_GL@ui@modules@UModSys@@@tl@UModSys@@2USUniquePointer@core@3@A@@YAXXZ 10039320 f    CIL library: CIL module
 0001:00038330       ??__F?s_id@?$TObjectUniqueID@URTerminalX@SDL_GL@ui@modules@UModSys@@@tl@UModSys@@2USUniquePointer@core@3@A@@YAXXZ 10039330 f    CIL library: CIL module
 0001:00038340       ??__F?s_id@?$TObjectUniqueID@URRenderDriver3D@SDL_GL@ui@modules@UModSys@@@tl@UModSys@@2USUniquePointer@core@3@A@@YAXXZ 10039340 f    CIL library: CIL module
 0001:00038350       ??__F?s_id@?$TObjectUniqueID@URMultiImage2D_SDL_ttf@SDL_GL@ui@modules@UModSys@@@tl@UModSys@@2USUniquePointer@core@3@A@@YAXXZ 10039350 f    CIL library: CIL module
 0001:00038360       ??__F?s_id@?$TObjectUniqueID@URTerminal@SDL_GL@ui@modules@UModSys@@@tl@UModSys@@2USUniquePointer@core@3@A@@YAXXZ 10039360 f    CIL library: CIL module
 0001:00038370       ??__F?s_id@?$TObjectUniqueID@URMouseController@SDL_GL@ui@modules@UModSys@@@tl@UModSys@@2USUniquePointer@core@3@A@@YAXXZ 10039370 f    CIL library: CIL module
 0001:00038380       ??__F?s_id@?$TObjectUniqueID@URKeyboardController@SDL_GL@ui@modules@UModSys@@@tl@UModSys@@2USUniquePointer@core@3@A@@YAXXZ 10039380 f    CIL library: CIL module
 0001:00038390       ??__Fs_dbg@SDL_core@ui@modules@UModSys@@YAXXZ 10039390 f    CIL library: CIL module
 0001:000383a0       ??__F?s_modreg@RModuleReg@SDL_core@ui@modules@UModSys@@2U12345@A@@YAXXZ 100393a0 f    CIL library: CIL module
 0001:000383c0       ??__F?s_modreg_chain@RModuleReg@SDL_core@ui@modules@UModSys@@2USModuleRegChain@base@5@A@@YAXXZ 100393c0 f    CIL library: CIL module
 0001:000383d0       ??__F?s_uid@RGenerator@SDL_core@ui@modules@UModSys@@2USUniquePointer@core@5@A@@YAXXZ 100393d0 f    CIL library: CIL module
 0001:000383e0       ??__Fh@?1??s_holder@RGenerator@SDL_core@ui@modules@UModSys@@SAAAU?$TTypeStaticHolder@URGenerator@SDL_core@ui@modules@UModSys@@@tl@5@XZ@YAXXZ 100393e0 f    CIL library: CIL module
 0001:00038400       ??__F?s_id@?$TObjectUniqueID@URGenerator@SDL_core@ui@modules@UModSys@@@tl@UModSys@@2USUniquePointer@core@3@A@@YAXXZ 10039400 f    CIL library: CIL module
 0001:00038410       ??__F?s_id@?$TObjectUniqueID@URTerminalX@SDL_core@ui@modules@UModSys@@@tl@UModSys@@2USUniquePointer@core@3@A@@YAXXZ 10039410 f    CIL library: CIL module
 0001:00038420       ??__F?s_id@?$TObjectUniqueID@URRenderDriver2D@SDL_core@ui@modules@UModSys@@@tl@UModSys@@2USUniquePointer@core@3@A@@YAXXZ 10039420 f    CIL library: CIL module
 0001:00038430       ??__F?s_id@?$TObjectUniqueID@URMultiImage2D_SDL_ttf@SDL_core@ui@modules@UModSys@@@tl@UModSys@@2USUniquePointer@core@3@A@@YAXXZ 10039430 f    CIL library: CIL module
 0001:00038440       ??__F?s_id@?$TObjectUniqueID@URTerminal@SDL_core@ui@modules@UModSys@@@tl@UModSys@@2USUniquePointer@core@3@A@@YAXXZ 10039440 f    CIL library: CIL module
 0001:00038450       ??__F?s_id@?$TObjectUniqueID@URMouseController@SDL_core@ui@modules@UModSys@@@tl@UModSys@@2USUniquePointer@core@3@A@@YAXXZ 10039450 f    CIL library: CIL module
 0001:00038460       ??__F?s_id@?$TObjectUniqueID@URKeyboardController@SDL_core@ui@modules@UModSys@@@tl@UModSys@@2USUniquePointer@core@3@A@@YAXXZ 10039460 f    CIL library: CIL module
 0001:00038470       ??__Fs_dbg@frames@ui@modules@UModSys@@YAXXZ 10039470 f    CIL library: CIL module
 0001:00038480       ??__F?s_modreg@RModuleReg@frames@ui@modules@UModSys@@2U12345@A@@YAXXZ 10039480 f    CIL library: CIL module
 0001:000384a0       ??__F?s_modreg_chain@RModuleReg@frames@ui@modules@UModSys@@2USModuleRegChain@base@5@A@@YAXXZ 100394a0 f    CIL library: CIL module
 0001:000384b0       ??__F?s_uid@RGenerator@frames@ui@modules@UModSys@@2USUniquePointer@core@5@A@@YAXXZ 100394b0 f    CIL library: CIL module
 0001:000384c0       ??__Fh@?1??s_holder@RGenerator@frames@ui@modules@UModSys@@SAAAU?$TTypeStaticHolder@URGenerator@frames@ui@modules@UModSys@@@tl@5@XZ@YAXXZ 100394c0 f    CIL library: CIL module
 0001:000384e0       ??__F?s_id@?$TObjectUniqueID@URGenerator@frames@ui@modules@UModSys@@@tl@UModSys@@2USUniquePointer@core@3@A@@YAXXZ 100394e0 f    CIL library: CIL module
 0001:000384f0       ??__F?s_id@?$TObjectUniqueID@URCollector@frames@ui@modules@UModSys@@@tl@UModSys@@2USUniquePointer@core@3@A@@YAXXZ 100394f0 f    CIL library: CIL module
 0001:00038500       ??__F?s_id@?$TObjectUniqueID@URFrame_List@frames@ui@modules@UModSys@@@tl@UModSys@@2USUniquePointer@core@3@A@@YAXXZ 10039500 f    CIL library: CIL module
 0001:00038510       ??__F?s_id@?$TObjectUniqueID@URFrame_Edit@frames@ui@modules@UModSys@@@tl@UModSys@@2USUniquePointer@core@3@A@@YAXXZ 10039510 f    CIL library: CIL module
 0001:00038520       ??__F?s_id@?$TObjectUniqueID@URFrame_Button@frames@ui@modules@UModSys@@@tl@UModSys@@2USUniquePointer@core@3@A@@YAXXZ 10039520 f    CIL library: CIL module
 0001:00038530       ??__F?s_id@?$TObjectUniqueID@URFrame_Text@frames@ui@modules@UModSys@@@tl@UModSys@@2USUniquePointer@core@3@A@@YAXXZ 10039530 f    CIL library: CIL module
 0001:00038540       ??__F?s_id@?$TObjectUniqueID@URFrame_Image@frames@ui@modules@UModSys@@@tl@UModSys@@2USUniquePointer@core@3@A@@YAXXZ 10039540 f    CIL library: CIL module
 0001:00038550       ??__F?s_id@?$TObjectUniqueID@URFrame_Frame@frames@ui@modules@UModSys@@@tl@UModSys@@2USUniquePointer@core@3@A@@YAXXZ 10039550 f    CIL library: CIL module
 0001:00038560       ??__F?s_id@?$TObjectUniqueID@URDialog@frames@ui@modules@UModSys@@@tl@UModSys@@2USUniquePointer@core@3@A@@YAXXZ 10039560 f    CIL library: CIL module
 0001:00038570       ??__F?s_id@?$TObjectUniqueID@URFrame_Common@frames@ui@modules@UModSys@@@tl@UModSys@@2USUniquePointer@core@3@A@@YAXXZ 10039570 f    CIL library: CIL module
 0001:00038580       ??__Fs_dbg@images_std@media@modules@UModSys@@YAXXZ 10039580 f    CIL library: CIL module
 0001:00038590       ??__F?s_modreg@RModuleReg@images_std@media@modules@UModSys@@2U12345@A@@YAXXZ 10039590 f    CIL library: CIL module
 0001:000385b0       ??__F?s_modreg_chain@RModuleReg@images_std@media@modules@UModSys@@2USModuleRegChain@base@5@A@@YAXXZ 100395b0 f    CIL library: CIL module
 0001:000385c0       ??__F?s_uid@RGenerator@images_std@media@modules@UModSys@@2USUniquePointer@core@5@A@@YAXXZ 100395c0 f    CIL library: CIL module
 0001:000385d0       ??__Fh@?1??s_holder@RGenerator@images_std@media@modules@UModSys@@SAAAU?$TTypeStaticHolder@URGenerator@images_std@media@modules@UModSys@@@tl@5@XZ@YAXXZ 100395d0 f    CIL library: CIL module
 0001:000385f0       ??__F?s_id@?$TObjectUniqueID@URGenerator@images_std@media@modules@UModSys@@@tl@UModSys@@2USUniquePointer@core@3@A@@YAXXZ 100395f0 f    CIL library: CIL module
 0001:00038600       ??__F?s_id@?$TObjectUniqueID@URMediaFilter@images_std@media@modules@UModSys@@@tl@UModSys@@2USUniquePointer@core@3@A@@YAXXZ 10039600 f    CIL library: CIL module
 0001:00038610       ??__Fs_dbg@serialize_json@media@modules@UModSys@@YAXXZ 10039610 f    CIL library: CIL module
 0001:00038620       ??__F?s_modreg@RModuleReg@serialize_json@media@modules@UModSys@@2U12345@A@@YAXXZ 10039620 f    CIL library: CIL module
 0001:00038640       ??__F?s_modreg_chain@RModuleReg@serialize_json@media@modules@UModSys@@2USModuleRegChain@base@5@A@@YAXXZ 10039640 f    CIL library: CIL module
 0001:00038650       ??__F?s_uid@RGenerator@serialize_json@media@modules@UModSys@@2USUniquePointer@core@5@A@@YAXXZ 10039650 f    CIL library: CIL module
 0001:00038660       ??__Fh@?1??s_holder@RGenerator@serialize_json@media@modules@UModSys@@SAAAU?$TTypeStaticHolder@URGenerator@serialize_json@media@modules@UModSys@@@tl@5@XZ@YAXXZ 10039660 f    CIL library: CIL module
 0001:00038680       ??__F?s_id@?$TObjectUniqueID@URGenerator@serialize_json@media@modules@UModSys@@@tl@UModSys@@2USUniquePointer@core@3@A@@YAXXZ 10039680 f    CIL library: CIL module
 0001:00038690       ??__F?s_id@?$TObjectUniqueID@URSerializeWriter@serialize_json@media@modules@UModSys@@@tl@UModSys@@2USUniquePointer@core@3@A@@YAXXZ 10039690 f    CIL library: CIL module
 0001:000386a0       ??__F?s_id@?$TObjectUniqueID@URSerializeReader@serialize_json@media@modules@UModSys@@@tl@UModSys@@2USUniquePointer@core@3@A@@YAXXZ 100396a0 f    CIL library: CIL module
 0001:000386b0       ??__Fs_dbg@zlib@media@modules@UModSys@@YAXXZ 100396b0 f    CIL library: CIL module
 0001:000386c0       ??__F?s_modreg@RModuleReg@zlib@media@modules@UModSys@@2U12345@A@@YAXXZ 100396c0 f    CIL library: CIL module
 0001:000386e0       ??__F?s_modreg_chain@RModuleReg@zlib@media@modules@UModSys@@2USModuleRegChain@base@5@A@@YAXXZ 100396e0 f    CIL library: CIL module
 0001:000386f0       ??__F?s_uid@RGenerator@zlib@media@modules@UModSys@@2USUniquePointer@core@5@A@@YAXXZ 100396f0 f    CIL library: CIL module
 0001:00038700       ??__Fh@?1??s_holder@RGenerator@zlib@media@modules@UModSys@@SAAAU?$TTypeStaticHolder@URGenerator@zlib@media@modules@UModSys@@@tl@5@XZ@YAXXZ 10039700 f    CIL library: CIL module
 0001:00038720       ??__F?s_id@?$TObjectUniqueID@URGenerator@zlib@media@modules@UModSys@@@tl@UModSys@@2USUniquePointer@core@3@A@@YAXXZ 10039720 f    CIL library: CIL module
 0001:00038730       ??__F?s_id@?$TObjectUniqueID@URBinArchiveFrameClient_ZIP@zlib@media@modules@UModSys@@@tl@UModSys@@2USUniquePointer@core@3@A@@YAXXZ 10039730 f    CIL library: CIL module
 0001:00038740       ??__FM@UModSys@@YAXXZ      10039740 f    CIL library: CIL module
 0001:00038750       ??__F?root@SModuleRegChain@base@UModSys@@2U123@A@@YAXXZ 10039750 f    CIL library: CIL module
 0001:00038760       ??__F?s_library@RModuleLibraryReg_Chain@base@UModSys@@2U123@A@@YAXXZ 10039760 f    CIL library: CIL module
 0001:00038770       ??__F?root@SUniquePointer@core@UModSys@@2U123@A@@YAXXZ 10039770 f    CIL library: CIL module

 Exports

  ordinal    name

        1    _UModSys_Plugin_Entry2@0
