 plugin_test1

 Timestamp is 525d63e1 (Tue Oct 15 18:48:49 2013)

 Preferred load address is 10000000

 Start         Length     Name                   Class
 0001:00000000 00001ef6H .text                   CODE
 0001:00001f00 000000a8H .text$x                 CODE
 0001:00001fb0 000003c1H .text$yc                CODE
 0001:00002380 0000018aH .text$yd                CODE
 0002:00000000 00000098H .idata$5                DATA
 0002:00000098 00000004H .CRT$XCA                DATA
 0002:0000009c 0000010cH .CRT$XCU                DATA
 0002:000001a8 00000004H .CRT$XCZ                DATA
 0002:000001ac 00000004H .CRT$XIA                DATA
 0002:000001b0 00000004H .CRT$XIAA               DATA
 0002:000001b4 00000004H .CRT$XIZ                DATA
 0002:000001b8 00000638H .rdata                  DATA
 0002:000007f0 00000368H .rdata$r                DATA
 0002:00000b60 00000018H .rdata$sxdata           DATA
 0002:00000b78 00000004H .rtc$IAA                DATA
 0002:00000b7c 00000004H .rtc$IZZ                DATA
 0002:00000b80 00000004H .rtc$TAA                DATA
 0002:00000b84 00000004H .rtc$TZZ                DATA
 0002:00000b88 00000190H .xdata$x                DATA
 0002:00000d18 00000028H .idata$2                DATA
 0002:00000d40 00000014H .idata$3                DATA
 0002:00000d54 00000098H .idata$4                DATA
 0002:00000dec 000002e6H .idata$6                DATA
 0002:000010e0 0000005cH .edata                  DATA
 0003:00000000 00000240H .data                   DATA
 0003:00000240 00000558H .bss                    DATA

  Address         Publics by Value              Rva+Base       Lib:Object

 0000:00000000       __except_list              00000000     <absolute>
 0000:00000006       ___safe_se_handler_count   00000006     <absolute>
 0000:00009876       __ldused                   00009876     <absolute>
 0000:00009876       __fltused                  00009876     <absolute>
 0000:00000000       ___ImageBase               10000000     <linker-defined>
 0001:00000000       ??1SCMemShared@core@UModSys@@QAE@XZ 10001000 f i plugin_test1.obj
 0001:00000010       ??3IRoot@core@UModSys@@SAXPAXABUSIMemAlloc@12@@Z 10001010 f i plugin_test1.obj
 0001:00000020       ?get_interface_info@RTest1_Shell@test1@test@modules@UModSys@@UBEABUSUniquePointerInfo@core@5@XZ 10001020 f i plugin_test1.obj
 0001:00000030       ?get_interface_type@RTest1_Shell@test1@test@modules@UModSys@@UBEPBUSUniquePointerInfo@core@5@XZ 10001030 f i plugin_test1.obj
 0001:00000040       ?get_other_interface@RTest1_Shell@test1@test@modules@UModSys@@UBEPBUIRoot@core@5@PBUSUniquePointerInfo@75@@Z 10001040 f i plugin_test1.obj
 0001:00000040       ?get_other_interface@RTest1_Shell@test1@test@modules@UModSys@@UAEPAUIRoot@core@5@PBUSUniquePointerInfo@75@@Z 10001040 f i plugin_test1.obj
 0001:00000070       ?suicide@RTest1_Shell@test1@test@modules@UModSys@@UAEXXZ 10001070 f i plugin_test1.obj
 0001:00000080       ?dump_str@RTest1_Shell@test1@test@modules@UModSys@@QAEXPBDI@Z 10001080 f i plugin_test1.obj
 0001:000003b0       ?file_test3@RTest1_Shell@test1@test@modules@UModSys@@QAEXXZ 100013b0 f i plugin_test1.obj
 0001:00000670       ??0RTest1_Shell@test1@test@modules@UModSys@@QAE@PAUIModObject@base@4@@Z 10001670 f i plugin_test1.obj
 0001:00000770       ??1RTest1_Shell@test1@test@modules@UModSys@@UAE@XZ 10001770 f i plugin_test1.obj
 0001:00000800       ?connect@RTest1_Shell@test1@test@modules@UModSys@@UAE_NXZ 10001800 f i plugin_test1.obj
 0001:00000820       ?disconnect@RTest1_Shell@test1@test@modules@UModSys@@UAE_NXZ 10001820 f i plugin_test1.obj
 0001:00000840       ?process_tick@RTest1_Shell@test1@test@modules@UModSys@@UAE_NABUSTimeMsec@core@5@@Z 10001840 f i plugin_test1.obj
 0001:00000870       ?process_command@RTest1_Shell@test1@test@modules@UModSys@@UAE_NHQBU?$TString@U?$TSCoreConst@D@su@tl@UModSys@@U?$TComparerBinaryHash@D@234@@tl@5@@Z 10001870 f i plugin_test1.obj
 0001:000008a0       ??1?$TParametersA@$0EAA@@core@UModSys@@QAE@XZ 100018a0 f i plugin_test1.obj
 0001:000008b0       ??_ERTest1_Shell@test1@test@modules@UModSys@@UAEPAXI@Z 100018b0 f i  CIL library: CIL module
 0001:000008b0       ??_GRTest1_Shell@test1@test@modules@UModSys@@UAEPAXI@Z 100018b0 f i plugin_test1.obj
 0001:000008d0       ??1IShell@base@UModSys@@UAE@XZ 100018d0 f i plugin_test1.obj
 0001:000008e0       ??_EIRoot@core@UModSys@@UAEPAXI@Z 100018e0 f i  CIL library: CIL module
 0001:000008e0       ??_GIRoot@core@UModSys@@UAEPAXI@Z 100018e0 f i plugin_test1.obj
 0001:00000900       ?get_generated_names@RGenerator@test1@test@modules@UModSys@@UBEHAAUSUniquePtrList@core@5@@Z 10001900 f i plugin_test1.obj
 0001:00000920       ?get_generated_types@RGenerator@test1@test@modules@UModSys@@UBEHAAUSUniquePtrList@core@5@PBUSUniquePointerInfo@75@@Z 10001920 f i plugin_test1.obj
 0001:00000970       ?generate@RGenerator@test1@test@modules@UModSys@@UAE_NAAU?$TRefObject@UIRefObject@core@UModSys@@U?$TRefObjectFunc@UIRefObject@core@UModSys@@@tl@3@@tl@5@PBUSUniquePointerInfo@core@5@ABUSParameters@95@@Z 10001970 f i plugin_test1.obj
 0001:00000a20       ?get_interface_info@RGenerator@test1@test@modules@UModSys@@UBEABUSUniquePointerInfo@core@5@XZ 10001a20 f i plugin_test1.obj
 0001:00000a30       ?get_interface_type@RGenerator@test1@test@modules@UModSys@@UBEPBUSUniquePointerInfo@core@5@XZ 10001a30 f i plugin_test1.obj
 0001:00000a40       ?get_interface_types@RGenerator@test1@test@modules@UModSys@@UBEIAAUSUniquePtrList@core@5@@Z 10001a40 f i plugin_test1.obj
 0001:00000a40       ?get_interface_types@RTest1_Shell@test1@test@modules@UModSys@@UBEIAAUSUniquePtrList@core@5@@Z 10001a40 f i plugin_test1.obj
 0001:00000a50       ?get_other_interface@RGenerator@test1@test@modules@UModSys@@UAEPAUIRoot@core@5@PBUSUniquePointerInfo@75@@Z 10001a50 f i plugin_test1.obj
 0001:00000a50       ?get_other_interface@RGenerator@test1@test@modules@UModSys@@UBEPBUIRoot@core@5@PBUSUniquePointerInfo@75@@Z 10001a50 f i plugin_test1.obj
 0001:00000a90       ?ref_add@RTest1_Shell@test1@test@modules@UModSys@@UBEXXZ 10001a90 f i plugin_test1.obj
 0001:00000a90       ?ref_add@RGenerator@test1@test@modules@UModSys@@UBEXXZ 10001a90 f i plugin_test1.obj
 0001:00000aa0       ?ref_remove@RGenerator@test1@test@modules@UModSys@@UBEXXZ 10001aa0 f i plugin_test1.obj
 0001:00000aa0       ?ref_remove@RTest1_Shell@test1@test@modules@UModSys@@UBEXXZ 10001aa0 f i plugin_test1.obj
 0001:00000ab0       ?ref_links@RTest1_Shell@test1@test@modules@UModSys@@UBEHXZ 10001ab0 f i plugin_test1.obj
 0001:00000ab0       ?ref_links@RGenerator@test1@test@modules@UModSys@@UBEHXZ 10001ab0 f i plugin_test1.obj
 0001:00000ac0       ?ref_weak@RGenerator@test1@test@modules@UModSys@@UBE_NAAUWeakPointer@IRefObject@core@5@@Z 10001ac0 f i plugin_test1.obj
 0001:00000ac0       ?ref_weak@RTest1_Shell@test1@test@modules@UModSys@@UBE_NAAUWeakPointer@IRefObject@core@5@@Z 10001ac0 f i plugin_test1.obj
 0001:00000ae0       ?suicide@RGenerator@test1@test@modules@UModSys@@UAEXXZ 10001ae0 f i plugin_test1.obj
 0001:00000af0       ?get_uid@RGenerator@test1@test@modules@UModSys@@UBEPBUSUniquePointerInfo@core@5@XZ 10001af0 f i plugin_test1.obj
 0001:00000b00       ?do_open@RModuleReg@test1@test@modules@UModSys@@UAE_NXZ 10001b00 f i plugin_test1.obj
 0001:00000b30       ?do_close@RModuleReg@test1@test@modules@UModSys@@UAE_NXZ 10001b30 f i plugin_test1.obj
 0001:00000b60       ??_ERModuleReg@test1@test@modules@UModSys@@UAEPAXI@Z 10001b60 f i  CIL library: CIL module
 0001:00000b60       ??_GRModuleReg@test1@test@modules@UModSys@@UAEPAXI@Z 10001b60 f i plugin_test1.obj
 0001:00000b90       ??_ERGenerator@test1@test@modules@UModSys@@UAEPAXI@Z 10001b90 f i  CIL library: CIL module
 0001:00000b90       ??_EIRefObject@core@UModSys@@UAEPAXI@Z 10001b90 f i  CIL library: CIL module
 0001:00000b90       ??_GIRefObject@core@UModSys@@UAEPAXI@Z 10001b90 f i plugin_test1.obj
 0001:00000b90       ??_GRGenerator@test1@test@modules@UModSys@@UAEPAXI@Z 10001b90 f i plugin_test1.obj
 0001:00000bb0       ?obj_delete@?$TRefObjectLinksModObject@URTest1_Shell@test1@test@modules@UModSys@@UIModObject@base@5@@tl@UModSys@@QBEXPAURTest1_Shell@test1@test@modules@3@@Z 10001bb0 f i plugin_test1.obj
 0001:00000c20       ??$t_generate@UIDataArchive@libmedia@UModSys@@@SModuleContext@base@UModSys@@QAE_NAAU?$TRefObject@UIDataArchive@libmedia@UModSys@@U?$TRefObjectFunc@UIDataArchive@libmedia@UModSys@@@tl@3@@tl@2@PBUSUniquePointerInfo@core@2@ABUSParameters@62@@Z 10001c20 f i plugin_test1.obj
 0001:00000cd0       ??$shash@D@su@tl@UModSys@@YAHPBDI@Z 10001cd0 f i plugin_test1.obj
 0001:00000d00       ??1?$TRefObject@UIRefObject@core@UModSys@@U?$TRefObjectFunc@UIRefObject@core@UModSys@@@tl@3@@tl@UModSys@@QAE@XZ 10001d00 f i plugin_test1.obj
 0001:00000d00       ??1?$TRefObject@UIDataArchive@libmedia@UModSys@@U?$TRefObjectFunc@UIDataArchive@libmedia@UModSys@@@tl@3@@tl@UModSys@@QAE@XZ 10001d00 f i plugin_test1.obj
 0001:00000d20       ??1?$TRefObject@UIModObject@base@UModSys@@U?$TModObjectFunc@UIModObject@base@UModSys@@@tl@3@@tl@UModSys@@QAE@XZ 10001d20 f i plugin_test1.obj
 0001:00000d40       ??$t_get_other_interface_ref@UIDataArchive@libmedia@UModSys@@@IRefObject@core@UModSys@@QAE_NAAU?$TRefObject@UIDataArchive@libmedia@UModSys@@U?$TRefObjectFunc@UIDataArchive@libmedia@UModSys@@@tl@3@@tl@2@@Z 10001d40 f i plugin_test1.obj
 0001:00000d80       ??_GRModuleLibraryReg_Chain@base@UModSys@@UAEPAXI@Z 10001d80 f i umodsys_lib_base:umodsys.base.moduleregchain.obj
 0001:00000d80       ??_ERModuleLibraryReg_Chain@base@UModSys@@UAEPAXI@Z 10001d80 f i  CIL library: CIL module
 0001:00000da0       ??_EIModuleReg@base@UModSys@@UAEPAXI@Z 10001da0 f i  CIL library: CIL module
 0001:00000da0       ??_GIModuleReg@base@UModSys@@UAEPAXI@Z 10001da0 f i umodsys_lib_base:umodsys.base.modulereg.obj
 0001:00000dc0       ??_GIModuleLibraryReg@base@UModSys@@UAEPAXI@Z 10001dc0 f i umodsys_lib_base:umodsys.base.modulereg.obj
 0001:00000dc0       ??_EIModuleLibraryReg@base@UModSys@@UAEPAXI@Z 10001dc0 f i  CIL library: CIL module
 0001:00000de0       ?Find@?$TSet@U?$TArray@PBUSUniquePointerInfo@core@UModSys@@@tl@UModSys@@U?$TScalarCompare@PBUSUniquePointerInfo@core@UModSys@@@core@3@@tl@UModSys@@QBEPBQBUSUniquePointerInfo@core@3@ABQBU453@@Z 10001de0 f i umodsys_lib_core:umodsys.core.uniqueptrlist.obj
 0001:00000e6b       __onexit                   10001e6b f   MSVCRT:atonexit.obj
 0001:00000f10       _atexit                    10001f10 f   MSVCRT:atonexit.obj
 0001:00000f28       __purecall                 10001f28 f   MSVCRT:MSVCR90.dll
 0001:00000f2e       ??3@YAXPAX@Z               10001f2e f   MSVCRT:MSVCR90.dll
 0001:00000f34       ??_Etype_info@@UAEPAXI@Z   10001f34 f i MSVCRT:ti_inst.obj
 0001:00000fcf       __CRT_INIT@12              10001fcf f   MSVCRT:crtdll.obj
 0001:0000130b       __DllMainCRTStartup@12     1000230b f   MSVCRT:crtdll.obj
 0001:0000132e       __unlock                   1000232e f   MSVCRT:MSVCR90.dll
 0001:00001334       ___dllonexit               10002334 f   MSVCRT:MSVCR90.dll
 0001:0000133a       __lock                     1000233a f   MSVCRT:MSVCR90.dll
 0001:00001340       __SEH_prolog4              10002340 f   MSVCRT:sehprolg4.obj
 0001:00001385       __SEH_epilog4              10002385 f   MSVCRT:sehprolg4.obj
 0001:00001399       __except_handler4          10002399 f   MSVCRT:chandler4gs.obj
 0001:000013be       ?__ArrayUnwind@@YGXPAXIHP6EX0@Z@Z 100023be f   MSVCRT:ehvecdtr.obj
 0001:0000141c       ??_M@YGXPAXIHP6EX0@Z@Z     1000241c f   MSVCRT:ehvecdtr.obj
 0001:0000147f       ___clean_type_info_names   1000247f f   MSVCRT:tncleanup.obj
 0001:0000148b       __RTC_Initialize           1000248b f   MSVCRT:_initsect_.obj
 0001:000014b1       __RTC_Terminate            100024b1 f   MSVCRT:_initsect_.obj
 0001:000014e0       __ValidateImageBase        100024e0 f   MSVCRT:pesect.obj
 0001:00001520       __FindPESection            10002520 f   MSVCRT:pesect.obj
 0001:00001570       __IsNonwritableInCurrentImage 10002570 f   MSVCRT:pesect.obj
 0001:0000162e       __initterm                 1000262e f   MSVCRT:MSVCR90.dll
 0001:00001634       __initterm_e               10002634 f   MSVCRT:MSVCR90.dll
 0001:0000163a       __amsg_exit                1000263a f   MSVCRT:MSVCR90.dll
 0001:00001640       ___CppXcptFilter           10002640 f   MSVCRT:MSVCR90.dll
 0001:00001646       _DllMain@12                10002646 f   MSVCRT:dllmain.obj
 0001:0000166a       ___security_init_cookie    1000266a f   MSVCRT:gs_support.obj
 0001:00001700       @__security_check_cookie@4 10002700 f   MSVCRT:secchk.obj
 0001:00001710       __except_handler4_common   10002710 f   MSVCRT:MSVCR90.dll
 0001:00001716       ?terminate@@YAXXZ          10002716 f   MSVCRT:MSVCR90.dll
 0001:0000171c       ?_type_info_dtor_internal_method@type_info@@QAEXXZ 1000271c f   MSVCRT:MSVCR90.dll
 0001:0000171c       ??1type_info@@UAE@XZ       1000271c f   MSVCRT:MSVCR90.dll
 0001:00001722       ___clean_type_info_names_internal 10002722 f   MSVCRT:MSVCR90.dll
 0001:00001728       ___report_gsfailure        10002728 f   MSVCRT:gs_report.obj
 0001:0000182e       __crt_debugger_hook        1000282e f   MSVCRT:MSVCR90.dll
 0001:00001840       ??3IRoot@core@UModSys@@SAXPAX@Z 10002840 f   umodsys_lib_core:umodsys.core.objects.obj
 0001:00001860       ??3IRoot@core@UModSys@@SAXPAXPAUIMemAlloc@12@@Z 10002860 f   umodsys_lib_core:umodsys.core.objects.obj
 0001:00001880       ??2IRoot@core@UModSys@@SAPAXIPAUIMemAlloc@12@@Z 10002880 f   umodsys_lib_core:umodsys.core.objects.obj
 0001:000018a0       ?suicide@IRoot@core@UModSys@@UAEXXZ 100028a0 f   umodsys_lib_core:umodsys.core.objects.obj
 0001:000018b0       ??1IRoot@core@UModSys@@UAE@XZ 100028b0 f   umodsys_lib_core:umodsys.core.objects.obj
 0001:000018c0       ??1IRefObject@core@UModSys@@UAE@XZ 100028c0 f   umodsys_lib_core:umodsys.core.objects.obj
 0001:000018d0       ?s_unresolve@SUniquePointer@core@UModSys@@SAXPAUIUniquePointerResolver@23@@Z 100028d0 f   umodsys_lib_core:umodsys.core.uniqueptr.obj
 0001:00001910       ?s_resolve@SUniquePointer@core@UModSys@@SAXPAUIUniquePointerResolver@23@@Z 10002910 f   umodsys_lib_core:umodsys.core.uniqueptr.obj
 0001:00001960       ??1SUniquePointer@core@UModSys@@QAE@XZ 10002960 f   umodsys_lib_core:umodsys.core.uniqueptr.obj
 0001:00001990       ??0SUniquePointer@core@UModSys@@QAE@H@Z 10002990 f   umodsys_lib_core:umodsys.core.uniqueptr.obj
 0001:000019b0       ??0SUniquePointer@core@UModSys@@QAE@PBD0H@Z 100029b0 f   umodsys_lib_core:umodsys.core.uniqueptr.obj
 0001:00001a00       ??1IModuleLibraryReg@base@UModSys@@UAE@XZ 10002a00 f   umodsys_lib_base:umodsys.base.modulereg.obj
 0001:00001a10       ??0IModuleLibraryReg@base@UModSys@@QAE@XZ 10002a10 f   umodsys_lib_base:umodsys.base.modulereg.obj
 0001:00001a20       ?mr_close@IModuleReg@base@UModSys@@UAE_NXZ 10002a20 f   umodsys_lib_base:umodsys.base.modulereg.obj
 0001:00001a30       ?mr_open@IModuleReg@base@UModSys@@UAE_NXZ 10002a30 f   umodsys_lib_base:umodsys.base.modulereg.obj
 0001:00001a50       ?mr_isopen@IModuleReg@base@UModSys@@UBE_NXZ 10002a50 f   umodsys_lib_base:umodsys.base.modulereg.obj
 0001:00001a60       ??1IModuleReg@base@UModSys@@UAE@XZ 10002a60 f   umodsys_lib_base:umodsys.base.modulereg.obj
 0001:00001a70       ??0IModuleReg@base@UModSys@@QAE@XZ 10002a70 f   umodsys_lib_base:umodsys.base.modulereg.obj
 0001:00001aa0       _UModSys_Plugin_Entry2@0   10002aa0 f   umodsys_lib_base:umodsys.so_main.win32.obj
 0001:00001ab0       ??1RModuleLibraryReg_Chain@base@UModSys@@UAE@XZ 10002ab0 f   umodsys_lib_base:umodsys.base.moduleregchain.obj
 0001:00001ac0       ??0RModuleLibraryReg_Chain@base@UModSys@@QAE@XZ 10002ac0 f   umodsys_lib_base:umodsys.base.moduleregchain.obj
 0001:00001ae0       ?s_get@SModuleRegChain@base@UModSys@@SAPAUIModuleReg@23@I@Z 10002ae0 f   umodsys_lib_base:umodsys.base.moduleregchain.obj
 0001:00001b10       ??1SModuleRegChain@base@UModSys@@QAE@XZ 10002b10 f   umodsys_lib_base:umodsys.base.moduleregchain.obj
 0001:00001b40       ??0SModuleRegChain@base@UModSys@@QAE@AAUIModuleReg@12@@Z 10002b40 f   umodsys_lib_base:umodsys.base.moduleregchain.obj
 0001:00001b80       ?mlr_isopen@RModuleLibraryReg_Chain@base@UModSys@@UBE_NXZ 10002b80 f   umodsys_lib_base:umodsys.base.moduleregchain.obj
 0001:00001b90       ?mlr_close@RModuleLibraryReg_Chain@base@UModSys@@UAE_NXZ 10002b90 f   umodsys_lib_base:umodsys.base.moduleregchain.obj
 0001:00001bc0       ?mlr_open@RModuleLibraryReg_Chain@base@UModSys@@UAE_NPAUISystem@23@PAUIMemAlloc@core@3@@Z 10002bc0 f   umodsys_lib_base:umodsys.base.moduleregchain.obj
 0001:00001bf0       ?mlr_get@RModuleLibraryReg_Chain@base@UModSys@@UBEPAUIModuleReg@23@I@Z 10002bf0 f   umodsys_lib_base:umodsys.base.moduleregchain.obj
 0001:00001c00       ?mlr_count@RModuleLibraryReg_Chain@base@UModSys@@UBEIXZ 10002c00 f   umodsys_lib_base:umodsys.base.moduleregchain.obj
 0001:00001c20       ??0SModuleRegChain@base@UModSys@@QAE@H@Z 10002c20 f   umodsys_lib_base:umodsys.base.moduleregchain.obj
 0001:00001c30       ??1SModuleInfo@base@UModSys@@QAE@XZ 10002c30 f   umodsys_lib_base:umodsys.base.moduleinfo.obj
 0001:00001c40       ?set@SModuleInfo@base@UModSys@@QAEXPBDHH0@Z 10002c40 f   umodsys_lib_base:umodsys.base.moduleinfo.obj
 0001:00001cb0       ??0SModuleInfo@base@UModSys@@QAE@XZ 10002cb0 f   umodsys_lib_base:umodsys.base.moduleinfo.obj
 0001:00001cd0       ?unlink@SMemorySharedData@core@UModSys@@QAEXPBUSSourceContext@23@@Z 10002cd0 f   umodsys_lib_base:umodsys.base.modulecontext.obj
 0001:00001cf0       ?Link@SModuleContext@base@UModSys@@QAEXPAUISystem@23@PAUIMemAlloc@core@3@@Z 10002cf0 f   umodsys_lib_base:umodsys.base.modulecontext.obj
 0001:00001d40       ??1SModuleContext@base@UModSys@@QAE@XZ 10002d40 f   umodsys_lib_base:umodsys.base.modulecontext.obj
 0001:00001d50       ?get_paramworker@SParameters@core@UModSys@@KAPAUIParameters@23@XZ 10002d50 f   umodsys_lib_base:umodsys.base.modulecontext.obj
 0001:00001d60       ??0SModuleContext@base@UModSys@@QAE@XZ 10002d60 f   umodsys_lib_base:umodsys.base.modulecontext.obj
 0001:00001d80       ?mod_dec@RGenerator@test1@test@modules@UModSys@@UBE_NXZ 10002d80 f   plugin_test1.obj
 0001:00001d90       ?mod_inc@RGenerator@test1@test@modules@UModSys@@UBE_NXZ 10002d90 f   plugin_test1.obj
 0001:00001da0       ?get_module@RGenerator@test1@test@modules@UModSys@@UBEPAUIModule@base@5@XZ 10002da0 f   plugin_test1.obj
 0001:00001db0       ?s_holder@RGenerator@test1@test@modules@UModSys@@SAAAU?$TTypeStaticHolder@URGenerator@test1@test@modules@UModSys@@@tl@5@XZ 10002db0 f   plugin_test1.obj
 0001:00001df0       ?s_unreg@RGenerator@test1@test@modules@UModSys@@SA_NPAUIModuleReg@base@5@@Z 10002df0 f   plugin_test1.obj
 0001:00001e40       ?s_reg@RGenerator@test1@test@modules@UModSys@@SA_NPAUIModuleReg@base@5@@Z 10002e40 f   plugin_test1.obj
 0001:00001ea0       ?add@SUniquePtrList@core@UModSys@@QAE_NPBUSUniquePointerInfo@23@@Z 10002ea0 f   umodsys_lib_core:umodsys.core.uniqueptrlist.obj
 0001:00001ef0       ___CxxFrameHandler3        10002ef0 f   MSVCRT:MSVCR90.dll
 0002:00000000       __imp__SetUnhandledExceptionFilter@4 10004000     kernel32:KERNEL32.dll
 0002:00000004       __imp__UnhandledExceptionFilter@4 10004004     kernel32:KERNEL32.dll
 0002:00000008       __imp__GetCurrentProcess@0 10004008     kernel32:KERNEL32.dll
 0002:0000000c       __imp__TerminateProcess@8  1000400c     kernel32:KERNEL32.dll
 0002:00000010       __imp__GetSystemTimeAsFileTime@4 10004010     kernel32:KERNEL32.dll
 0002:00000014       __imp__GetCurrentProcessId@0 10004014     kernel32:KERNEL32.dll
 0002:00000018       __imp__GetCurrentThreadId@0 10004018     kernel32:KERNEL32.dll
 0002:0000001c       __imp__GetTickCount@0      1000401c     kernel32:KERNEL32.dll
 0002:00000020       __imp__QueryPerformanceCounter@4 10004020     kernel32:KERNEL32.dll
 0002:00000024       __imp__DisableThreadLibraryCalls@4 10004024     kernel32:KERNEL32.dll
 0002:00000028       __imp__InterlockedCompareExchange@12 10004028     kernel32:KERNEL32.dll
 0002:0000002c       __imp__Sleep@4             1000402c     kernel32:KERNEL32.dll
 0002:00000030       __imp__InterlockedExchange@8 10004030     kernel32:KERNEL32.dll
 0002:00000034       __imp__IsDebuggerPresent@0 10004034     kernel32:KERNEL32.dll
 0002:00000038       \177KERNEL32_NULL_THUNK_DATA 10004038     kernel32:KERNEL32.dll
 0002:0000003c       __imp____CppXcptFilter     1000403c     MSVCRT:MSVCR90.dll
 0002:00000040       __imp___except_handler4_common 10004040     MSVCRT:MSVCR90.dll
 0002:00000044       __imp___adjust_fdiv        10004044     MSVCRT:MSVCR90.dll
 0002:00000048       __imp_?_type_info_dtor_internal_method@type_info@@QAEXXZ 10004048     MSVCRT:MSVCR90.dll
 0002:0000004c       __imp____clean_type_info_names_internal 1000404c     MSVCRT:MSVCR90.dll
 0002:00000050       __imp___crt_debugger_hook  10004050     MSVCRT:MSVCR90.dll
 0002:00000054       __imp___amsg_exit          10004054     MSVCRT:MSVCR90.dll
 0002:00000058       __imp___initterm_e         10004058     MSVCRT:MSVCR90.dll
 0002:0000005c       __imp___initterm           1000405c     MSVCRT:MSVCR90.dll
 0002:00000060       __imp___encoded_null       10004060     MSVCRT:MSVCR90.dll
 0002:00000064       __imp__free                10004064     MSVCRT:MSVCR90.dll
 0002:00000068       __imp___malloc_crt         10004068     MSVCRT:MSVCR90.dll
 0002:0000006c       __imp___decode_pointer     1000406c     MSVCRT:MSVCR90.dll
 0002:00000070       __imp___onexit             10004070     MSVCRT:MSVCR90.dll
 0002:00000074       __imp___lock               10004074     MSVCRT:MSVCR90.dll
 0002:00000078       __imp___encode_pointer     10004078     MSVCRT:MSVCR90.dll
 0002:0000007c       __imp____dllonexit         1000407c     MSVCRT:MSVCR90.dll
 0002:00000080       __imp___unlock             10004080     MSVCRT:MSVCR90.dll
 0002:00000084       __imp_??3@YAXPAX@Z         10004084     MSVCRT:MSVCR90.dll
 0002:00000088       __imp_?terminate@@YAXXZ    10004088     MSVCRT:MSVCR90.dll
 0002:0000008c       __imp___purecall           1000408c     MSVCRT:MSVCR90.dll
 0002:00000090       __imp____CxxFrameHandler3  10004090     MSVCRT:MSVCR90.dll
 0002:00000094       \177MSVCR90_NULL_THUNK_DATA 10004094     MSVCRT:MSVCR90.dll
 0002:00000098       ___xc_a                    10004098     MSVCRT:cinitexe.obj
 0002:000001a8       ___xc_z                    100041a8     MSVCRT:cinitexe.obj
 0002:000001ac       ___xi_a                    100041ac     MSVCRT:cinitexe.obj
 0002:000001b4       ___xi_z                    100041b4     MSVCRT:cinitexe.obj
 0002:000001bc       ??_7type_info@@6B@         100041bc     MSVCRT:ti_inst.obj
 0002:000001c0       __pRawDllMain              100041c0     MSVCRT:crtdll.obj
 0002:000001c0       __pDefaultRawDllMain       100041c0     MSVCRT:crtdll.obj
 0002:000001cc       ??_C@_0P@GHFPNOJB@bad?5allocation?$AA@ 100041cc     plugin_test1.obj
 0002:000001dc       ??_C@_0BF@OCNNAADO@UModSys?3?3core?3?3IRoot?$AA@ 100041dc     plugin_test1.obj
 0002:000001f4       ??_C@_0BK@EMIJFOPA@UModSys?3?3core?3?3IRefObject?$AA@ 100041f4     plugin_test1.obj
 0002:00000210       ??_C@_0BL@IOMMHELF@UModSys?3?3core?3?3IParameters?$AA@ 10004210     plugin_test1.obj
 0002:0000022c       ??_C@_0BH@LKDEEPPM@UModSys?3?3base?3?3IModule?$AA@ 1000422c     plugin_test1.obj
 0002:00000244       ??_C@_0BO@PHJOHFCB@UModSys?3?3base?3?3IModuleLibrary?$AA@ 10004244     plugin_test1.obj
 0002:00000264       ??_C@_0BK@FDPIOPHG@UModSys?3?3base?3?3IModObject?$AA@ 10004264     plugin_test1.obj
 0002:00000280       ??_C@_0BK@OIBKNCKJ@UModSys?3?3base?3?3IGenerator?$AA@ 10004280     plugin_test1.obj
 0002:0000029c       ??_C@_0BG@PJBGCMEC@UModSys?3?3base?3?3IShell?$AA@ 1000429c     plugin_test1.obj
 0002:000002b4       ??_C@_0BI@IKAOEFAP@UModSys?3?3base?3?3IConsole?$AA@ 100042b4     plugin_test1.obj
 0002:000002cc       ??_C@_0BH@PFCONEJJ@UModSys?3?3base?3?3ISystem?$AA@ 100042cc     plugin_test1.obj
 0002:000002e4       ??_C@_0CB@CLGNFEGF@UModSys?3?3libmedia?3?3IStreamReader@ 100042e4     plugin_test1.obj
 0002:00000308       ??_C@_0CB@HOPFFLP@UModSys?3?3libmedia?3?3IStreamWriter@ 10004308     plugin_test1.obj
 0002:0000032c       ??_C@_0CA@BFJGGLCC@UModSys?3?3libmedia?3?3IDataArchive?$AA@ 1000432c     plugin_test1.obj
 0002:0000034c       ??_C@_0CM@LNHNHIJB@UModSys?3?3modules?3?3test?3?3test1?3?3R@ 1000434c     plugin_test1.obj
 0002:00000378       ??_C@_06FIJELGDL@?2x?$CF02x?$AA@ 10004378     plugin_test1.obj
 0002:00000380       ??_C@_01KICIPPFI@?2?$AA@   10004380     plugin_test1.obj
 0002:00000384       ??_C@_02HAOIJKIC@?$CFc?$AA@ 10004384     plugin_test1.obj
 0002:00000388       ??_C@_02DKCKIIND@?$CFs?$AA@ 10004388     plugin_test1.obj
 0002:0000038c       ??_C@_0M@LAGNAJEJ@?$CK?3?3stdio?3?3?$CK?$AA@ 1000438c     plugin_test1.obj
 0002:00000398       ??_C@_0O@CMKKEPPD@read?9test?4txt?$AA@ 10004398     plugin_test1.obj
 0002:000003a8       ??_C@_0P@HIBABMLC@write?9test?4txt?$AA@ 100043a8     plugin_test1.obj
 0002:000003b8       ??_C@_02KGHIDFGE@?$HN?6?$AA@ 100043b8     plugin_test1.obj
 0002:000003bc       ??_C@_01LFCBOECM@?4?$AA@   100043bc     plugin_test1.obj
 0002:000003c0       ??_C@_08PEIJGPHF@pathname?$AA@ 100043c0     plugin_test1.obj
 0002:000003cc       ??_C@_0BL@DDNILKEO@?5?5found?5archive?3?5?$CFs?5?$DN?$DO?5?$CFp?6?$AA@ 100043cc     plugin_test1.obj
 0002:000003e8       ??_C@_0BG@GOIHIOKN@?5?5load?5file?5size?3?$CFu?5?$HL?$AA@ 100043e8     plugin_test1.obj
 0002:00000400       ??_C@_0BB@DNFOOFNP@?5?5not?5load?5file?6?$AA@ 10004400     plugin_test1.obj
 0002:00000414       ??_C@_0BG@DLNALKIP@?5?5size?5file?5size?3?$CFu?5?$HL?$AA@ 10004414     plugin_test1.obj
 0002:0000042c       ??_C@_0BB@BKJCMKEH@?5?5not?5save?5file?6?$AA@ 1000442c     plugin_test1.obj
 0002:00000440       ??_C@_0BC@NIGGCDMG@RTest1_Shell?$CI?$CJ?5?$HL?6?$AA@ 10004440     plugin_test1.obj
 0002:00000454       ??_C@_0DK@JIEMIEKA@UModSys?3?3modules?3?3test?3?3test1?3?3R@ 10004454     plugin_test1.obj
 0002:00000490       ??_C@_0CK@OICDGBDJ@?4?4?2?4?4?2?4?4?2src?2plugin?2test?2plugin_@ 10004490     plugin_test1.obj
 0002:000004bc       ??_C@_0BF@BMCPNMPN@?$HN?5?1?1?5RTest1_Shell?$CI?$CJ?6?$AA@ 100044bc     plugin_test1.obj
 0002:000004d4       ??_C@_0DL@OIAHAJF@UModSys?3?3modules?3?3test?3?3test1?3?3R@ 100044d4     plugin_test1.obj
 0002:00000510       ??_C@_0BB@MLDFLEML@?$HORTest1_Shell?$CI?$CJ?6?$AA@ 10004510     plugin_test1.obj
 0002:00000524       ??_C@_0BJ@CCPCJEPP@RTest1_Shell?3?3connect?$CI?$CJ?6?$AA@ 10004524     plugin_test1.obj
 0002:00000540       ??_C@_0BM@KBDBHLN@RTest1_Shell?3?3disconnect?$CI?$CJ?6?$AA@ 10004540     plugin_test1.obj
 0002:0000055c       ??_C@_0BI@PGLACHLJ@RTest1_Shell?3?3tick?$CI?$CFg?$CJ?6?$AA@ 1000455c     plugin_test1.obj
 0002:00000574       ??_C@_0BM@JFIEEBE@RTest1_Shell?3?3command?$CI?$CD?$CFd?$CJ?6?$AA@ 10004574     plugin_test1.obj
 0002:00000590       ??_C@_0CK@DEJPICLK@UModSys?3?3modules?3?3test?3?3test1?3?3R@ 10004590     plugin_test1.obj
 0002:000005bc       ??_C@_0DD@HMBJLEH@UMODSYS_MODULE_NAME?$CItest?0test1?$CJ?3@ 100045bc     plugin_test1.obj
 0002:000005f0       ??_C@_0BA@NMEBLMNE@Test?51?5?9?5module?$AA@ 100045f0     plugin_test1.obj
 0002:00000600       ??_C@_05GENPCEMM@Test1?$AA@ 10004600     plugin_test1.obj
 0002:00000608       ??_C@_0BE@HJEBHPIG@RModuleReg?3?3open?$CI?$CJ?6?$AA@ 10004608     plugin_test1.obj
 0002:0000061c       ??_C@_0BF@KIBBFLP@RModuleReg?3?3close?$CI?$CJ?6?$AA@ 1000461c     plugin_test1.obj
 0002:00000634       ??_C@_09JGNMLHG@modobject?$AA@ 10004634     plugin_test1.obj
 0002:00000640       ??_C@_08FCBDOIAH@typeinfo?$AA@ 10004640     plugin_test1.obj
 0002:00000650       ??_7IRoot@core@UModSys@@6B@ 10004650     plugin_test1.obj
 0002:00000670       ??_7IRefObject@core@UModSys@@6B@ 10004670     plugin_test1.obj
 0002:000006a4       ??_7RTest1_Shell@test1@test@modules@UModSys@@6B@ 100046a4     plugin_test1.obj
 0002:000006e4       ??_7RGenerator@test1@test@modules@UModSys@@6B@ 100046e4     plugin_test1.obj
 0002:00000730       ??_7RModuleReg@test1@test@modules@UModSys@@6B@ 10004730     plugin_test1.obj
 0002:0000074c       ??_7RModuleLibraryReg_Chain@base@UModSys@@6B@ 1000474c     umodsys_lib_base:umodsys.base.moduleregchain.obj
 0002:00000768       ??_7IModuleReg@base@UModSys@@6B@ 10004768     umodsys_lib_base:umodsys.base.modulereg.obj
 0002:00000784       ??_7IModuleLibraryReg@base@UModSys@@6B@ 10004784     umodsys_lib_base:umodsys.base.modulereg.obj
 0002:000007a0       __real@3f50624dd2f1a9fc    100047a0      CIL library: CIL module
 0002:000007a8       __load_config_used         100047a8     MSVCRT:loadcfg.obj
 0002:000007f0       ??_R4type_info@@6B@        100047f0     MSVCRT:ti_inst.obj
 0002:00000804       ??_R3type_info@@8          10004804     MSVCRT:ti_inst.obj
 0002:00000814       ??_R2type_info@@8          10004814     MSVCRT:ti_inst.obj
 0002:0000081c       ??_R1A@?0A@EA@type_info@@8 1000481c     MSVCRT:ti_inst.obj
 0002:00000838       ??_R4RModuleReg@test1@test@modules@UModSys@@6B@ 10004838     plugin_test1.obj
 0002:0000084c       ??_R3RModuleReg@test1@test@modules@UModSys@@8 1000484c     plugin_test1.obj
 0002:0000085c       ??_R2RModuleReg@test1@test@modules@UModSys@@8 1000485c     plugin_test1.obj
 0002:00000868       ??_R1A@?0A@EA@IModuleReg@base@UModSys@@8 10004868     plugin_test1.obj
 0002:00000884       ??_R3IModuleReg@base@UModSys@@8 10004884     plugin_test1.obj
 0002:00000894       ??_R2IModuleReg@base@UModSys@@8 10004894     plugin_test1.obj
 0002:0000089c       ??_R1A@?0A@EA@RModuleReg@test1@test@modules@UModSys@@8 1000489c     plugin_test1.obj
 0002:000008b8       ??_R4RGenerator@test1@test@modules@UModSys@@6B@ 100048b8     plugin_test1.obj
 0002:000008cc       ??_R3RGenerator@test1@test@modules@UModSys@@8 100048cc     plugin_test1.obj
 0002:000008dc       ??_R2RGenerator@test1@test@modules@UModSys@@8 100048dc     plugin_test1.obj
 0002:000008f4       ??_R1A@?0A@EA@RGenerator@test1@test@modules@UModSys@@8 100048f4     plugin_test1.obj
 0002:00000910       ??_R4RTest1_Shell@test1@test@modules@UModSys@@6B@ 10004910     plugin_test1.obj
 0002:00000924       ??_R3RTest1_Shell@test1@test@modules@UModSys@@8 10004924     plugin_test1.obj
 0002:00000934       ??_R2RTest1_Shell@test1@test@modules@UModSys@@8 10004934     plugin_test1.obj
 0002:00000948       ??_R1A@?0A@EA@RTest1_Shell@test1@test@modules@UModSys@@8 10004948     plugin_test1.obj
 0002:00000964       ??_R3IShell@base@UModSys@@8 10004964     plugin_test1.obj
 0002:00000974       ??_R2IShell@base@UModSys@@8 10004974     plugin_test1.obj
 0002:00000984       ??_R1A@?0A@EA@IShell@base@UModSys@@8 10004984     plugin_test1.obj
 0002:000009a0       ??_R3IGenerator@base@UModSys@@8 100049a0     plugin_test1.obj
 0002:000009b0       ??_R2IGenerator@base@UModSys@@8 100049b0     plugin_test1.obj
 0002:000009c4       ??_R1A@?0A@EA@IGenerator@base@UModSys@@8 100049c4     plugin_test1.obj
 0002:000009e0       ??_R3IModObject@base@UModSys@@8 100049e0     plugin_test1.obj
 0002:000009f0       ??_R2IModObject@base@UModSys@@8 100049f0     plugin_test1.obj
 0002:00000a00       ??_R1A@?0A@EA@IModObject@base@UModSys@@8 10004a00     plugin_test1.obj
 0002:00000a1c       ??_R4IRefObject@core@UModSys@@6B@ 10004a1c     plugin_test1.obj
 0002:00000a30       ??_R3IRefObject@core@UModSys@@8 10004a30     plugin_test1.obj
 0002:00000a40       ??_R2IRefObject@core@UModSys@@8 10004a40     plugin_test1.obj
 0002:00000a4c       ??_R1A@?0A@EA@IRefObject@core@UModSys@@8 10004a4c     plugin_test1.obj
 0002:00000a68       ??_R4IRoot@core@UModSys@@6B@ 10004a68     plugin_test1.obj
 0002:00000a7c       ??_R3IRoot@core@UModSys@@8 10004a7c     plugin_test1.obj
 0002:00000a8c       ??_R2IRoot@core@UModSys@@8 10004a8c     plugin_test1.obj
 0002:00000a94       ??_R1A@?0A@EA@IRoot@core@UModSys@@8 10004a94     plugin_test1.obj
 0002:00000ab0       ??_R4RModuleLibraryReg_Chain@base@UModSys@@6B@ 10004ab0     umodsys_lib_base:umodsys.base.moduleregchain.obj
 0002:00000ac4       ??_R3RModuleLibraryReg_Chain@base@UModSys@@8 10004ac4     umodsys_lib_base:umodsys.base.moduleregchain.obj
 0002:00000ad4       ??_R2RModuleLibraryReg_Chain@base@UModSys@@8 10004ad4     umodsys_lib_base:umodsys.base.moduleregchain.obj
 0002:00000ae0       ??_R1A@?0A@EA@IModuleLibraryReg@base@UModSys@@8 10004ae0     umodsys_lib_base:umodsys.base.moduleregchain.obj
 0002:00000afc       ??_R3IModuleLibraryReg@base@UModSys@@8 10004afc     umodsys_lib_base:umodsys.base.moduleregchain.obj
 0002:00000b0c       ??_R2IModuleLibraryReg@base@UModSys@@8 10004b0c     umodsys_lib_base:umodsys.base.moduleregchain.obj
 0002:00000b14       ??_R1A@?0A@EA@RModuleLibraryReg_Chain@base@UModSys@@8 10004b14     umodsys_lib_base:umodsys.base.moduleregchain.obj
 0002:00000b30       ??_R4IModuleLibraryReg@base@UModSys@@6B@ 10004b30     umodsys_lib_base:umodsys.base.modulereg.obj
 0002:00000b44       ??_R4IModuleReg@base@UModSys@@6B@ 10004b44     umodsys_lib_base:umodsys.base.modulereg.obj
 0002:00000b60       ___safe_se_handler_table   10004b60     <linker-defined>
 0002:00000b78       ___rtc_iaa                 10004b78     MSVCRT:_initsect_.obj
 0002:00000b7c       ___rtc_izz                 10004b7c     MSVCRT:_initsect_.obj
 0002:00000b80       ___rtc_taa                 10004b80     MSVCRT:_initsect_.obj
 0002:00000b84       ___rtc_tzz                 10004b84     MSVCRT:_initsect_.obj
 0002:00000d18       __IMPORT_DESCRIPTOR_MSVCR90 10004d18     MSVCRT:MSVCR90.dll
 0002:00000d2c       __IMPORT_DESCRIPTOR_KERNEL32 10004d2c     kernel32:KERNEL32.dll
 0002:00000d40       __NULL_IMPORT_DESCRIPTOR   10004d40     MSVCRT:MSVCR90.dll
 0003:00000000       ??_R0?AVtype_info@@@8      10006000     MSVCRT:ti_inst.obj
 0003:00000018       ___native_dllmain_reason   10006018     MSVCRT:natstart.obj
 0003:0000001c       ___native_vcclrit_reason   1000601c     MSVCRT:natstart.obj
 0003:00000020       ___security_cookie         10006020     MSVCRT:gs_cookie.obj
 0003:00000024       ___security_cookie_complement 10006024     MSVCRT:gs_cookie.obj
 0003:00000028       ??_R0?AUIModuleReg@base@UModSys@@@8 10006028     plugin_test1.obj
 0003:00000050       ??_R0?AURModuleReg@test1@test@modules@UModSys@@@8 10006050     plugin_test1.obj
 0003:00000084       ??_R0?AURGenerator@test1@test@modules@UModSys@@@8 10006084     plugin_test1.obj
 0003:000000b8       ??_R0?AURTest1_Shell@test1@test@modules@UModSys@@@8 100060b8     plugin_test1.obj
 0003:000000f0       ??_R0?AUIShell@base@UModSys@@@8 100060f0     plugin_test1.obj
 0003:00000114       ??_R0?AUIGenerator@base@UModSys@@@8 10006114     plugin_test1.obj
 0003:0000013c       ??_R0?AUIModObject@base@UModSys@@@8 1000613c     plugin_test1.obj
 0003:00000164       ??_R0?AUIRefObject@core@UModSys@@@8 10006164     plugin_test1.obj
 0003:0000018c       ??_R0?AUIRoot@core@UModSys@@@8 1000618c     plugin_test1.obj
 0003:000001c8       ?so_entry_enabled_flag@base@UModSys@@3HA 100061c8     umodsys_lib_base:umodsys.so_main.win32.obj
 0003:000001dc       ??_R0?AUIModuleLibraryReg@base@UModSys@@@8 100061dc     umodsys_lib_base:umodsys.base.moduleregchain.obj
 0003:0000020c       ??_R0?AURModuleLibraryReg_Chain@base@UModSys@@@8 1000620c     umodsys_lib_base:umodsys.base.moduleregchain.obj
 0003:00000244       __forceCRTManifestRTM      10006244     MSVCRT:crtmanifestrtm.obj
 0003:00000248       ?__type_info_root_node@@3U__type_info_node@@A 10006248     MSVCRT:tncleanup.obj
 0003:00000594       ?s_modreg@RModuleReg@test1@test@modules@UModSys@@2U12345@A 10006594     plugin_test1.obj
 0003:000005bc       ?s_modreg_chain@RModuleReg@test1@test@modules@UModSys@@2USModuleRegChain@base@5@A 100065bc     plugin_test1.obj
 0003:000005c8       ?s_uid@RGenerator@test1@test@modules@UModSys@@2USUniquePointer@core@5@A 100065c8     plugin_test1.obj
 0003:000005e0       ?M@UModSys@@3USModuleContext@base@1@A 100065e0     umodsys_lib_base:umodsys.base.modulecontext.obj
 0003:000005f0       ?s_library@RModuleLibraryReg_Chain@base@UModSys@@2U123@A 100065f0     umodsys_lib_base:umodsys.base.moduleregchain.obj
 0003:000005f4       ?root@SModuleRegChain@base@UModSys@@2U123@A 100065f4     umodsys_lib_base:umodsys.base.moduleregchain.obj
 0003:00000600       ?root@SUniquePointer@core@UModSys@@2U123@A 10006600     umodsys_lib_core:umodsys.core.uniqueptr.obj
 0003:00000618       ?s_id@?$TObjectUniqueID@UIRefObject@core@UModSys@@@tl@UModSys@@2USUniquePointer@core@3@A 10006618     plugin_test1.obj
 0003:00000630       ?s_id@?$TObjectUniqueID@UIRoot@core@UModSys@@@tl@UModSys@@2USUniquePointer@core@3@A 10006630     plugin_test1.obj
 0003:00000648       ?s_id@?$TObjectUniqueID@UIModule@base@UModSys@@@tl@UModSys@@2USUniquePointer@core@3@A 10006648     plugin_test1.obj
 0003:00000660       ?s_id@?$TObjectUniqueID@UIStreamWriter@libmedia@UModSys@@@tl@UModSys@@2USUniquePointer@core@3@A 10006660     plugin_test1.obj
 0003:00000678       ?s_id@?$TObjectUniqueID@UIGenerator@base@UModSys@@@tl@UModSys@@2USUniquePointer@core@3@A 10006678     plugin_test1.obj
 0003:00000690       ?s_id@?$TObjectUniqueID@UIModuleLibrary@base@UModSys@@@tl@UModSys@@2USUniquePointer@core@3@A 10006690     plugin_test1.obj
 0003:000006a8       ?s_id@?$TObjectUniqueID@UIParameters@core@UModSys@@@tl@UModSys@@2USUniquePointer@core@3@A 100066a8     plugin_test1.obj
 0003:000006c0       ?s_id@?$TObjectUniqueID@UISystem@base@UModSys@@@tl@UModSys@@2USUniquePointer@core@3@A 100066c0     plugin_test1.obj
 0003:000006d8       ?s_id@?$TObjectUniqueID@UIDataArchive@libmedia@UModSys@@@tl@UModSys@@2USUniquePointer@core@3@A 100066d8     plugin_test1.obj
 0003:000006f0       ?s_id@?$TObjectUniqueID@URTest1_Shell@test1@test@modules@UModSys@@@tl@UModSys@@2USUniquePointer@core@3@A 100066f0     plugin_test1.obj
 0003:00000708       ?s_id@?$TObjectUniqueID@UIModObject@base@UModSys@@@tl@UModSys@@2USUniquePointer@core@3@A 10006708     plugin_test1.obj
 0003:00000720       ?s_id@?$TObjectUniqueID@UIStreamReader@libmedia@UModSys@@@tl@UModSys@@2USUniquePointer@core@3@A 10006720     plugin_test1.obj
 0003:00000738       ?s_id@?$TObjectUniqueID@URGenerator@test1@test@modules@UModSys@@@tl@UModSys@@2USUniquePointer@core@3@A 10006738     plugin_test1.obj
 0003:00000750       ?s_id@?$TObjectUniqueID@UIShell@base@UModSys@@@tl@UModSys@@2USUniquePointer@core@3@A 10006750     plugin_test1.obj
 0003:00000768       ?s_id@?$TObjectUniqueID@UIConsole@base@UModSys@@@tl@UModSys@@2USUniquePointer@core@3@A 10006768     plugin_test1.obj
 0003:00000780       __adjust_fdiv              10006780     <common>
 0003:00000784       ___native_startup_state    10006784     <common>
 0003:00000788       ___native_startup_lock     10006788     <common>
 0003:0000078c       ___dyn_tls_init_callback   1000678c     <common>
 0003:00000790       ___onexitend               10006790     <common>
 0003:00000794       ___onexitbegin             10006794     <common>

 entry point at        0001:0000130b

 Static symbols

 0001:00000f80       _pre_c_init                10001f80 f   MSVCRT:crtdll.obj
 0001:000011f5       ___DllMainCRTStartup       100021f5 f   MSVCRT:crtdll.obj
 0001:00001f00       __unwindfunclet$?obj_delete@?$TRefObjectLinksModObject@URTest1_Shell@test1@test@modules@UModSys@@UIModObject@base@5@@tl@UModSys@@QBEXPAURTest1_Shell@test1@test@modules@3@@Z$0 10002f00 f    CIL library: CIL module
 0001:00001f08       __ehhandler$?obj_delete@?$TRefObjectLinksModObject@URTest1_Shell@test1@test@modules@UModSys@@UIModObject@base@5@@tl@UModSys@@QBEXPAURTest1_Shell@test1@test@modules@3@@Z 10002f08 f    CIL library: CIL module
 0001:00001f20       __unwindfunclet$??0RTest1_Shell@test1@test@modules@UModSys@@QAE@PAUIModObject@base@4@@Z$0 10002f20 f    CIL library: CIL module
 0001:00001f20       __unwindfunclet$??1RTest1_Shell@test1@test@modules@UModSys@@UAE@XZ$0 10002f20 f    CIL library: CIL module
 0001:00001f28       __ehhandler$??0RTest1_Shell@test1@test@modules@UModSys@@QAE@PAUIModObject@base@4@@Z 10002f28 f    CIL library: CIL module
 0001:00001f28       __ehhandler$??1RTest1_Shell@test1@test@modules@UModSys@@UAE@XZ 10002f28 f    CIL library: CIL module
 0001:00001f40       __unwindfunclet$??$t_generate@UIDataArchive@libmedia@UModSys@@@SModuleContext@base@UModSys@@QAE_NAAU?$TRefObject@UIDataArchive@libmedia@UModSys@@U?$TRefObjectFunc@UIDataArchive@libmedia@UModSys@@@tl@3@@tl@2@PBUSUniquePointerInfo@core@2@ABUSParameters@62@@Z$0 10002f40 f    CIL library: CIL module
 0001:00001f48       __ehhandler$??$t_generate@UIDataArchive@libmedia@UModSys@@@SModuleContext@base@UModSys@@QAE_NAAU?$TRefObject@UIDataArchive@libmedia@UModSys@@U?$TRefObjectFunc@UIDataArchive@libmedia@UModSys@@@tl@3@@tl@2@PBUSUniquePointerInfo@core@2@ABUSParameters@62@@Z 10002f48 f    CIL library: CIL module
 0001:00001f60       __unwindfunclet$?file_test3@RTest1_Shell@test1@test@modules@UModSys@@QAEXXZ$0 10002f60 f    CIL library: CIL module
 0001:00001f6b       __unwindfunclet$?file_test3@RTest1_Shell@test1@test@modules@UModSys@@QAEXXZ$1 10002f6b f    CIL library: CIL module
 0001:00001f76       __unwindfunclet$?file_test3@RTest1_Shell@test1@test@modules@UModSys@@QAEXXZ$2 10002f76 f    CIL library: CIL module
 0001:00001f81       __ehhandler$?file_test3@RTest1_Shell@test1@test@modules@UModSys@@QAEXXZ 10002f81 f    CIL library: CIL module
 0001:00001f90       __unwindfunclet$?generate@RGenerator@test1@test@modules@UModSys@@UAE_NAAU?$TRefObject@UIRefObject@core@UModSys@@U?$TRefObjectFunc@UIRefObject@core@UModSys@@@tl@3@@tl@5@PBUSUniquePointerInfo@core@5@ABUSParameters@95@@Z$0 10002f90 f    CIL library: CIL module
 0001:00001f9e       __ehhandler$?generate@RGenerator@test1@test@modules@UModSys@@UAE_NAAU?$TRefObject@UIRefObject@core@UModSys@@U?$TRefObjectFunc@UIRefObject@core@UModSys@@@tl@3@@tl@5@PBUSUniquePointerInfo@core@5@ABUSParameters@95@@Z 10002f9e f    CIL library: CIL module
 0001:00001fb0       ??__E?s_modreg@RModuleReg@test1@test@modules@UModSys@@2U12345@A@@YAXXZ 10002fb0 f    CIL library: CIL module
 0001:00001fe0       ??__E?s_modreg_chain@RModuleReg@test1@test@modules@UModSys@@2USModuleRegChain@base@5@A@@YAXXZ 10002fe0 f    CIL library: CIL module
 0001:00002000       ??__E?s_uid@RGenerator@test1@test@modules@UModSys@@2USUniquePointer@core@5@A@@YAXXZ 10003000 f    CIL library: CIL module
 0001:00002030       ??__E?s_id@?$TObjectUniqueID@UIRoot@core@UModSys@@@tl@UModSys@@2USUniquePointer@core@3@A@@YAXXZ 10003030 f    CIL library: CIL module
 0001:00002060       ??__E?s_id@?$TObjectUniqueID@UIRefObject@core@UModSys@@@tl@UModSys@@2USUniquePointer@core@3@A@@YAXXZ 10003060 f    CIL library: CIL module
 0001:00002090       ??__E?s_id@?$TObjectUniqueID@UIParameters@core@UModSys@@@tl@UModSys@@2USUniquePointer@core@3@A@@YAXXZ 10003090 f    CIL library: CIL module
 0001:000020c0       ??__E?s_id@?$TObjectUniqueID@UIModule@base@UModSys@@@tl@UModSys@@2USUniquePointer@core@3@A@@YAXXZ 100030c0 f    CIL library: CIL module
 0001:000020f0       ??__E?s_id@?$TObjectUniqueID@UIModuleLibrary@base@UModSys@@@tl@UModSys@@2USUniquePointer@core@3@A@@YAXXZ 100030f0 f    CIL library: CIL module
 0001:00002120       ??__E?s_id@?$TObjectUniqueID@UIModObject@base@UModSys@@@tl@UModSys@@2USUniquePointer@core@3@A@@YAXXZ 10003120 f    CIL library: CIL module
 0001:00002150       ??__E?s_id@?$TObjectUniqueID@UIGenerator@base@UModSys@@@tl@UModSys@@2USUniquePointer@core@3@A@@YAXXZ 10003150 f    CIL library: CIL module
 0001:00002180       ??__E?s_id@?$TObjectUniqueID@UIShell@base@UModSys@@@tl@UModSys@@2USUniquePointer@core@3@A@@YAXXZ 10003180 f    CIL library: CIL module
 0001:000021b0       ??__E?s_id@?$TObjectUniqueID@UIConsole@base@UModSys@@@tl@UModSys@@2USUniquePointer@core@3@A@@YAXXZ 100031b0 f    CIL library: CIL module
 0001:000021e0       ??__E?s_id@?$TObjectUniqueID@UISystem@base@UModSys@@@tl@UModSys@@2USUniquePointer@core@3@A@@YAXXZ 100031e0 f    CIL library: CIL module
 0001:00002210       ??__E?s_id@?$TObjectUniqueID@UIStreamReader@libmedia@UModSys@@@tl@UModSys@@2USUniquePointer@core@3@A@@YAXXZ 10003210 f    CIL library: CIL module
 0001:00002240       ??__E?s_id@?$TObjectUniqueID@UIStreamWriter@libmedia@UModSys@@@tl@UModSys@@2USUniquePointer@core@3@A@@YAXXZ 10003240 f    CIL library: CIL module
 0001:00002270       ??__E?s_id@?$TObjectUniqueID@UIDataArchive@libmedia@UModSys@@@tl@UModSys@@2USUniquePointer@core@3@A@@YAXXZ 10003270 f    CIL library: CIL module
 0001:000022a0       ??__E?s_id@?$TObjectUniqueID@URTest1_Shell@test1@test@modules@UModSys@@@tl@UModSys@@2USUniquePointer@core@3@A@@YAXXZ 100032a0 f    CIL library: CIL module
 0001:000022d0       ??__E?s_id@?$TObjectUniqueID@URGenerator@test1@test@modules@UModSys@@@tl@UModSys@@2USUniquePointer@core@3@A@@YAXXZ 100032d0 f    CIL library: CIL module
 0001:00002300       ??__EM@UModSys@@YAXXZ      10003300 f    CIL library: CIL module
 0001:00002320       ??__E?root@SModuleRegChain@base@UModSys@@2U123@A@@YAXXZ 10003320 f    CIL library: CIL module
 0001:00002340       ??__E?s_library@RModuleLibraryReg_Chain@base@UModSys@@2U123@A@@YAXXZ 10003340 f    CIL library: CIL module
 0001:00002360       ??__E?root@SUniquePointer@core@UModSys@@2U123@A@@YAXXZ 10003360 f    CIL library: CIL module
 0001:00002380       ??__F?s_modreg@RModuleReg@test1@test@modules@UModSys@@2U12345@A@@YAXXZ 10003380 f    CIL library: CIL module
 0001:000023a0       ??__F?s_modreg_chain@RModuleReg@test1@test@modules@UModSys@@2USModuleRegChain@base@5@A@@YAXXZ 100033a0 f    CIL library: CIL module
 0001:000023b0       ??__F?s_uid@RGenerator@test1@test@modules@UModSys@@2USUniquePointer@core@5@A@@YAXXZ 100033b0 f    CIL library: CIL module
 0001:000023c0       ??__Fh@?1??s_holder@RGenerator@test1@test@modules@UModSys@@SAAAU?$TTypeStaticHolder@URGenerator@test1@test@modules@UModSys@@@tl@5@XZ@YAXXZ 100033c0 f    CIL library: CIL module
 0001:000023e0       ??__F?s_id@?$TObjectUniqueID@URGenerator@test1@test@modules@UModSys@@@tl@UModSys@@2USUniquePointer@core@3@A@@YAXXZ 100033e0 f    CIL library: CIL module
 0001:000023f0       ??__F?s_id@?$TObjectUniqueID@URTest1_Shell@test1@test@modules@UModSys@@@tl@UModSys@@2USUniquePointer@core@3@A@@YAXXZ 100033f0 f    CIL library: CIL module
 0001:00002400       ??__F?s_id@?$TObjectUniqueID@UIDataArchive@libmedia@UModSys@@@tl@UModSys@@2USUniquePointer@core@3@A@@YAXXZ 10003400 f    CIL library: CIL module
 0001:00002410       ??__F?s_id@?$TObjectUniqueID@UIStreamWriter@libmedia@UModSys@@@tl@UModSys@@2USUniquePointer@core@3@A@@YAXXZ 10003410 f    CIL library: CIL module
 0001:00002420       ??__F?s_id@?$TObjectUniqueID@UIStreamReader@libmedia@UModSys@@@tl@UModSys@@2USUniquePointer@core@3@A@@YAXXZ 10003420 f    CIL library: CIL module
 0001:00002430       ??__F?s_id@?$TObjectUniqueID@UISystem@base@UModSys@@@tl@UModSys@@2USUniquePointer@core@3@A@@YAXXZ 10003430 f    CIL library: CIL module
 0001:00002440       ??__F?s_id@?$TObjectUniqueID@UIConsole@base@UModSys@@@tl@UModSys@@2USUniquePointer@core@3@A@@YAXXZ 10003440 f    CIL library: CIL module
 0001:00002450       ??__F?s_id@?$TObjectUniqueID@UIShell@base@UModSys@@@tl@UModSys@@2USUniquePointer@core@3@A@@YAXXZ 10003450 f    CIL library: CIL module
 0001:00002460       ??__F?s_id@?$TObjectUniqueID@UIGenerator@base@UModSys@@@tl@UModSys@@2USUniquePointer@core@3@A@@YAXXZ 10003460 f    CIL library: CIL module
 0001:00002470       ??__F?s_id@?$TObjectUniqueID@UIModObject@base@UModSys@@@tl@UModSys@@2USUniquePointer@core@3@A@@YAXXZ 10003470 f    CIL library: CIL module
 0001:00002480       ??__F?s_id@?$TObjectUniqueID@UIModuleLibrary@base@UModSys@@@tl@UModSys@@2USUniquePointer@core@3@A@@YAXXZ 10003480 f    CIL library: CIL module
 0001:00002490       ??__F?s_id@?$TObjectUniqueID@UIModule@base@UModSys@@@tl@UModSys@@2USUniquePointer@core@3@A@@YAXXZ 10003490 f    CIL library: CIL module
 0001:000024a0       ??__F?s_id@?$TObjectUniqueID@UIParameters@core@UModSys@@@tl@UModSys@@2USUniquePointer@core@3@A@@YAXXZ 100034a0 f    CIL library: CIL module
 0001:000024b0       ??__F?s_id@?$TObjectUniqueID@UIRefObject@core@UModSys@@@tl@UModSys@@2USUniquePointer@core@3@A@@YAXXZ 100034b0 f    CIL library: CIL module
 0001:000024c0       ??__F?s_id@?$TObjectUniqueID@UIRoot@core@UModSys@@@tl@UModSys@@2USUniquePointer@core@3@A@@YAXXZ 100034c0 f    CIL library: CIL module
 0001:000024d0       ??__FM@UModSys@@YAXXZ      100034d0 f    CIL library: CIL module
 0001:000024e0       ??__F?root@SModuleRegChain@base@UModSys@@2U123@A@@YAXXZ 100034e0 f    CIL library: CIL module
 0001:000024f0       ??__F?s_library@RModuleLibraryReg_Chain@base@UModSys@@2U123@A@@YAXXZ 100034f0 f    CIL library: CIL module
 0001:00002500       ??__F?root@SUniquePointer@core@UModSys@@2U123@A@@YAXXZ 10003500 f    CIL library: CIL module

 Exports

  ordinal    name

        1    _UModSys_Plugin_Entry2@0
