 plugin_test1

 Timestamp is 525821c7 (Fri Oct 11 19:05:27 2013)

 Preferred load address is 10000000

 Start         Length     Name                   Class
 0001:00000000 00001b16H .text                   CODE
 0001:00001b20 000000a8H .text$x                 CODE
 0001:00001bd0 000003c1H .text$yc                CODE
 0001:00001fa0 0000018aH .text$yd                CODE
 0002:00000000 00000098H .idata$5                DATA
 0002:00000098 00000004H .CRT$XCA                DATA
 0002:0000009c 0000010cH .CRT$XCU                DATA
 0002:000001a8 00000004H .CRT$XCZ                DATA
 0002:000001ac 00000004H .CRT$XIA                DATA
 0002:000001b0 00000004H .CRT$XIAA               DATA
 0002:000001b4 00000004H .CRT$XIZ                DATA
 0002:000001b8 000005f8H .rdata                  DATA
 0002:000007b0 00000368H .rdata$r                DATA
 0002:00000b20 00000014H .rdata$sxdata           DATA
 0002:00000b34 00000004H .rtc$IAA                DATA
 0002:00000b38 00000004H .rtc$IZZ                DATA
 0002:00000b3c 00000004H .rtc$TAA                DATA
 0002:00000b40 00000004H .rtc$TZZ                DATA
 0002:00000b48 0000017cH .xdata$x                DATA
 0002:00000cc4 00000028H .idata$2                DATA
 0002:00000cec 00000014H .idata$3                DATA
 0002:00000d00 00000098H .idata$4                DATA
 0002:00000d98 000002e6H .idata$6                DATA
 0002:00001080 0000005cH .edata                  DATA
 0003:00000000 00000240H .data                   DATA
 0003:00000240 00000550H .bss                    DATA

  Address         Publics by Value              Rva+Base       Lib:Object

 0000:00000000       __except_list              00000000     <absolute>
 0000:00000005       ___safe_se_handler_count   00000005     <absolute>
 0000:00009876       __fltused                  00009876     <absolute>
 0000:00009876       __ldused                   00009876     <absolute>
 0000:00000000       ___ImageBase               10000000     <linker-defined>
 0001:00000000       ?get_interface_info@RTest1_Shell@test1@test@modules@UModSys@@UBEABUSUniquePointerInfo@core@5@XZ 10001000 f i plugin_test1.obj
 0001:00000010       ?get_interface_type@RTest1_Shell@test1@test@modules@UModSys@@UBEPBUSUniquePointerInfo@core@5@XZ 10001010 f i plugin_test1.obj
 0001:00000020       ?get_other_interface@RTest1_Shell@test1@test@modules@UModSys@@UAEPAUIRoot@core@5@PBUSUniquePointerInfo@75@@Z 10001020 f i plugin_test1.obj
 0001:00000020       ?get_other_interface@RTest1_Shell@test1@test@modules@UModSys@@UBEPBUIRoot@core@5@PBUSUniquePointerInfo@75@@Z 10001020 f i plugin_test1.obj
 0001:00000050       ?ref_add@RTest1_Shell@test1@test@modules@UModSys@@UBEXXZ 10001050 f i plugin_test1.obj
 0001:00000050       ?ref_add@RGenerator@test1@test@modules@UModSys@@UBEXXZ 10001050 f i plugin_test1.obj
 0001:00000060       ?ref_remove@RTest1_Shell@test1@test@modules@UModSys@@UBEXXZ 10001060 f i plugin_test1.obj
 0001:00000060       ?ref_remove@RGenerator@test1@test@modules@UModSys@@UBEXXZ 10001060 f i plugin_test1.obj
 0001:00000070       ?ref_links@RTest1_Shell@test1@test@modules@UModSys@@UBEHXZ 10001070 f i plugin_test1.obj
 0001:00000070       ?ref_links@RGenerator@test1@test@modules@UModSys@@UBEHXZ 10001070 f i plugin_test1.obj
 0001:00000080       ?suicide@RTest1_Shell@test1@test@modules@UModSys@@UAEXXZ 10001080 f i plugin_test1.obj
 0001:000000f0       ?file_test2@RTest1_Shell@test1@test@modules@UModSys@@QAEXXZ 100010f0 f i plugin_test1.obj
 0001:00000410       ??0RTest1_Shell@test1@test@modules@UModSys@@QAE@PAUIModObject@base@4@@Z 10001410 f i plugin_test1.obj
 0001:000004e0       ??1RTest1_Shell@test1@test@modules@UModSys@@UAE@XZ 100014e0 f i plugin_test1.obj
 0001:00000570       ?connect@RTest1_Shell@test1@test@modules@UModSys@@UAE_NXZ 10001570 f i plugin_test1.obj
 0001:00000590       ?disconnect@RTest1_Shell@test1@test@modules@UModSys@@UAE_NXZ 10001590 f i plugin_test1.obj
 0001:000005b0       ?process_tick@RTest1_Shell@test1@test@modules@UModSys@@UAE_NABUSTimeMsec@core@5@@Z 100015b0 f i plugin_test1.obj
 0001:000005e0       ?process_command@RTest1_Shell@test1@test@modules@UModSys@@UAE_NHQBU?$TString@U?$TSCoreConst@D@su@tl@UModSys@@U?$TComparerBinaryHash@D@234@@tl@5@@Z 100015e0 f i plugin_test1.obj
 0001:00000610       ??1?$TParametersA@$0EAA@@core@UModSys@@QAE@XZ 10001610 f i plugin_test1.obj
 0001:00000620       ??_ERTest1_Shell@test1@test@modules@UModSys@@UAEPAXI@Z 10001620 f i  CIL library: CIL module
 0001:00000620       ??_GRTest1_Shell@test1@test@modules@UModSys@@UAEPAXI@Z 10001620 f i plugin_test1.obj
 0001:00000630       ??1IShell@base@UModSys@@UAE@XZ 10001630 f i plugin_test1.obj
 0001:00000640       ??_EIRefObject@core@UModSys@@UAEPAXI@Z 10001640 f i  CIL library: CIL module
 0001:00000640       ??_ERGenerator@test1@test@modules@UModSys@@UAEPAXI@Z 10001640 f i  CIL library: CIL module
 0001:00000640       ??_GIRefObject@core@UModSys@@UAEPAXI@Z 10001640 f i plugin_test1.obj
 0001:00000640       ??_GRGenerator@test1@test@modules@UModSys@@UAEPAXI@Z 10001640 f i plugin_test1.obj
 0001:00000650       ??_EIRoot@core@UModSys@@UAEPAXI@Z 10001650 f i  CIL library: CIL module
 0001:00000650       ??_GIRoot@core@UModSys@@UAEPAXI@Z 10001650 f i plugin_test1.obj
 0001:00000660       ?get_generated_names@RGenerator@test1@test@modules@UModSys@@UBEHAAUSUniquePtrList@core@5@@Z 10001660 f i plugin_test1.obj
 0001:00000680       ?get_generated_types@RGenerator@test1@test@modules@UModSys@@UBEHAAUSUniquePtrList@core@5@PBUSUniquePointerInfo@75@@Z 10001680 f i plugin_test1.obj
 0001:000006d0       ?generate@RGenerator@test1@test@modules@UModSys@@UAE_NAAU?$TRefObject@UIRefObject@core@UModSys@@@tl@5@PBUSUniquePointerInfo@core@5@ABUSParameters@95@@Z 100016d0 f i plugin_test1.obj
 0001:00000780       ?get_interface_info@RGenerator@test1@test@modules@UModSys@@UBEABUSUniquePointerInfo@core@5@XZ 10001780 f i plugin_test1.obj
 0001:00000790       ?get_interface_type@RGenerator@test1@test@modules@UModSys@@UBEPBUSUniquePointerInfo@core@5@XZ 10001790 f i plugin_test1.obj
 0001:000007a0       ?get_interface_types@RTest1_Shell@test1@test@modules@UModSys@@UBEIAAUSUniquePtrList@core@5@@Z 100017a0 f i plugin_test1.obj
 0001:000007a0       ?get_interface_types@RGenerator@test1@test@modules@UModSys@@UBEIAAUSUniquePtrList@core@5@@Z 100017a0 f i plugin_test1.obj
 0001:000007b0       ?get_other_interface@RGenerator@test1@test@modules@UModSys@@UBEPBUIRoot@core@5@PBUSUniquePointerInfo@75@@Z 100017b0 f i plugin_test1.obj
 0001:000007b0       ?get_other_interface@RGenerator@test1@test@modules@UModSys@@UAEPAUIRoot@core@5@PBUSUniquePointerInfo@75@@Z 100017b0 f i plugin_test1.obj
 0001:000007f0       ?suicide@RGenerator@test1@test@modules@UModSys@@UAEXXZ 100017f0 f i plugin_test1.obj
 0001:00000800       ?get_uid@RGenerator@test1@test@modules@UModSys@@UBEPBUSUniquePointerInfo@core@5@XZ 10001800 f i plugin_test1.obj
 0001:00000810       ?do_open@RModuleReg@test1@test@modules@UModSys@@UAE_NXZ 10001810 f i plugin_test1.obj
 0001:00000840       ?do_close@RModuleReg@test1@test@modules@UModSys@@UAE_NXZ 10001840 f i plugin_test1.obj
 0001:00000870       ??_ERModuleReg@test1@test@modules@UModSys@@UAEPAXI@Z 10001870 f i  CIL library: CIL module
 0001:00000870       ??_GRModuleReg@test1@test@modules@UModSys@@UAEPAXI@Z 10001870 f i plugin_test1.obj
 0001:000008a0       ??1?$TRefObject@UIRefObject@core@UModSys@@@tl@UModSys@@QAE@XZ 100018a0 f i plugin_test1.obj
 0001:000008a0       ??1?$TRefObject@UIStreamWriter@libmedia@UModSys@@@tl@UModSys@@QAE@XZ 100018a0 f i plugin_test1.obj
 0001:000008a0       ??1?$TRefObject@UIStreamReader@libmedia@UModSys@@@tl@UModSys@@QAE@XZ 100018a0 f i plugin_test1.obj
 0001:000008a0       ??1?$TRefObject@UIDataArchive@libmedia@UModSys@@@tl@UModSys@@QAE@XZ 100018a0 f i plugin_test1.obj
 0001:000008a0       ??1?$TRefObject@UIModObject@base@UModSys@@@tl@UModSys@@QAE@XZ 100018a0 f i plugin_test1.obj
 0001:000008c0       ??$t_generate@UIDataArchive@libmedia@UModSys@@@SModuleContext@base@UModSys@@QAE_NAAU?$TRefObject@UIDataArchive@libmedia@UModSys@@@tl@2@PBUSUniquePointerInfo@core@2@ABUSParameters@62@@Z 100018c0 f i plugin_test1.obj
 0001:00000970       ??$shash@D@su@tl@UModSys@@YAHPBDI@Z 10001970 f i plugin_test1.obj
 0001:000009a0       ??$t_get_other_interface_ref@UIDataArchive@libmedia@UModSys@@@IRefObject@core@UModSys@@QAE_NAAU?$TRefObject@UIDataArchive@libmedia@UModSys@@@tl@2@@Z 100019a0 f i plugin_test1.obj
 0001:000009e0       ??_ERModuleLibraryReg_Chain@base@UModSys@@UAEPAXI@Z 100019e0 f i  CIL library: CIL module
 0001:000009e0       ??_GRModuleLibraryReg_Chain@base@UModSys@@UAEPAXI@Z 100019e0 f i umodsys_lib_base:umodsys.base.moduleregchain.obj
 0001:00000a00       ??_EIModuleReg@base@UModSys@@UAEPAXI@Z 10001a00 f i  CIL library: CIL module
 0001:00000a00       ??_GIModuleReg@base@UModSys@@UAEPAXI@Z 10001a00 f i umodsys_lib_base:umodsys.base.modulereg.obj
 0001:00000a20       ??_GIModuleLibraryReg@base@UModSys@@UAEPAXI@Z 10001a20 f i umodsys_lib_base:umodsys.base.modulereg.obj
 0001:00000a20       ??_EIModuleLibraryReg@base@UModSys@@UAEPAXI@Z 10001a20 f i  CIL library: CIL module
 0001:00000a40       ?Find@?$TSet@U?$TArray@PBUSUniquePointerInfo@core@UModSys@@@tl@UModSys@@U?$TScalarCompare@PBUSUniquePointerInfo@core@UModSys@@@core@3@@tl@UModSys@@QBEPBQBUSUniquePointerInfo@core@3@ABQBU453@@Z 10001a40 f i umodsys_lib_core:umodsys.core.uniqueptrlist.obj
 0001:00000acb       __onexit                   10001acb f   MSVCRT:atonexit.obj
 0001:00000b70       _atexit                    10001b70 f   MSVCRT:atonexit.obj
 0001:00000b88       __purecall                 10001b88 f   MSVCRT:MSVCR90.dll
 0001:00000b8e       ??3@YAXPAX@Z               10001b8e f   MSVCRT:MSVCR90.dll
 0001:00000b94       ??_Etype_info@@UAEPAXI@Z   10001b94 f i MSVCRT:ti_inst.obj
 0001:00000c2f       __CRT_INIT@12              10001c2f f   MSVCRT:crtdll.obj
 0001:00000f6b       __DllMainCRTStartup@12     10001f6b f   MSVCRT:crtdll.obj
 0001:00000f8e       __unlock                   10001f8e f   MSVCRT:MSVCR90.dll
 0001:00000f94       ___dllonexit               10001f94 f   MSVCRT:MSVCR90.dll
 0001:00000f9a       __lock                     10001f9a f   MSVCRT:MSVCR90.dll
 0001:00000fa0       __SEH_prolog4              10001fa0 f   MSVCRT:sehprolg4.obj
 0001:00000fe5       __SEH_epilog4              10001fe5 f   MSVCRT:sehprolg4.obj
 0001:00000ff9       __except_handler4          10001ff9 f   MSVCRT:chandler4gs.obj
 0001:0000101e       ?__ArrayUnwind@@YGXPAXIHP6EX0@Z@Z 1000201e f   MSVCRT:ehvecdtr.obj
 0001:0000107c       ??_M@YGXPAXIHP6EX0@Z@Z     1000207c f   MSVCRT:ehvecdtr.obj
 0001:000010df       ___clean_type_info_names   100020df f   MSVCRT:tncleanup.obj
 0001:000010eb       __RTC_Initialize           100020eb f   MSVCRT:_initsect_.obj
 0001:00001111       __RTC_Terminate            10002111 f   MSVCRT:_initsect_.obj
 0001:00001140       __ValidateImageBase        10002140 f   MSVCRT:pesect.obj
 0001:00001180       __FindPESection            10002180 f   MSVCRT:pesect.obj
 0001:000011d0       __IsNonwritableInCurrentImage 100021d0 f   MSVCRT:pesect.obj
 0001:0000128e       __initterm                 1000228e f   MSVCRT:MSVCR90.dll
 0001:00001294       __initterm_e               10002294 f   MSVCRT:MSVCR90.dll
 0001:0000129a       __amsg_exit                1000229a f   MSVCRT:MSVCR90.dll
 0001:000012a0       ___CppXcptFilter           100022a0 f   MSVCRT:MSVCR90.dll
 0001:000012a6       _DllMain@12                100022a6 f   MSVCRT:dllmain.obj
 0001:000012ca       ___security_init_cookie    100022ca f   MSVCRT:gs_support.obj
 0001:00001360       @__security_check_cookie@4 10002360 f   MSVCRT:secchk.obj
 0001:00001370       __except_handler4_common   10002370 f   MSVCRT:MSVCR90.dll
 0001:00001376       ?terminate@@YAXXZ          10002376 f   MSVCRT:MSVCR90.dll
 0001:0000137c       ??1type_info@@UAE@XZ       1000237c f   MSVCRT:MSVCR90.dll
 0001:0000137c       ?_type_info_dtor_internal_method@type_info@@QAEXXZ 1000237c f   MSVCRT:MSVCR90.dll
 0001:00001382       ___clean_type_info_names_internal 10002382 f   MSVCRT:MSVCR90.dll
 0001:00001388       ___report_gsfailure        10002388 f   MSVCRT:gs_report.obj
 0001:0000148e       __crt_debugger_hook        1000248e f   MSVCRT:MSVCR90.dll
 0001:000014a0       ?suicide@IRoot@core@UModSys@@UAEXXZ 100024a0 f   umodsys_lib_core:umodsys.core.objects.obj
 0001:000014b0       ??1IRoot@core@UModSys@@UAE@XZ 100024b0 f   umodsys_lib_core:umodsys.core.objects.obj
 0001:000014c0       ??1IRefObject@core@UModSys@@UAE@XZ 100024c0 f   umodsys_lib_core:umodsys.core.objects.obj
 0001:000014d0       ??3IRoot@core@UModSys@@SAXPAXABUSIMemAlloc@12@@Z 100024d0 f   umodsys_lib_core:umodsys.core.objects.obj
 0001:000014f0       ??2IRoot@core@UModSys@@SAPAXIABUSIMemAlloc@12@@Z 100024f0 f   umodsys_lib_core:umodsys.core.objects.obj
 0001:00001500       ?s_unresolve@SUniquePointer@core@UModSys@@SAXPAUIUniquePointerResolver@23@@Z 10002500 f   umodsys_lib_core:umodsys.core.uniqueptr.obj
 0001:00001540       ?s_resolve@SUniquePointer@core@UModSys@@SAXPAUIUniquePointerResolver@23@@Z 10002540 f   umodsys_lib_core:umodsys.core.uniqueptr.obj
 0001:00001590       ??1SUniquePointer@core@UModSys@@QAE@XZ 10002590 f   umodsys_lib_core:umodsys.core.uniqueptr.obj
 0001:000015c0       ??0SUniquePointer@core@UModSys@@QAE@H@Z 100025c0 f   umodsys_lib_core:umodsys.core.uniqueptr.obj
 0001:000015e0       ??0SUniquePointer@core@UModSys@@QAE@PBD0H@Z 100025e0 f   umodsys_lib_core:umodsys.core.uniqueptr.obj
 0001:00001630       ??1IModuleLibraryReg@base@UModSys@@UAE@XZ 10002630 f   umodsys_lib_base:umodsys.base.modulereg.obj
 0001:00001640       ??0IModuleLibraryReg@base@UModSys@@QAE@XZ 10002640 f   umodsys_lib_base:umodsys.base.modulereg.obj
 0001:00001650       ?mr_close@IModuleReg@base@UModSys@@UAE_NXZ 10002650 f   umodsys_lib_base:umodsys.base.modulereg.obj
 0001:00001660       ?mr_open@IModuleReg@base@UModSys@@UAE_NXZ 10002660 f   umodsys_lib_base:umodsys.base.modulereg.obj
 0001:00001680       ?mr_isopen@IModuleReg@base@UModSys@@UBE_NXZ 10002680 f   umodsys_lib_base:umodsys.base.modulereg.obj
 0001:00001690       ??1IModuleReg@base@UModSys@@UAE@XZ 10002690 f   umodsys_lib_base:umodsys.base.modulereg.obj
 0001:000016a0       ??0IModuleReg@base@UModSys@@QAE@XZ 100026a0 f   umodsys_lib_base:umodsys.base.modulereg.obj
 0001:000016d0       _UModSys_Plugin_Entry2@0   100026d0 f   umodsys_lib_base:umodsys.so_main.win32.obj
 0001:000016e0       ??1RModuleLibraryReg_Chain@base@UModSys@@UAE@XZ 100026e0 f   umodsys_lib_base:umodsys.base.moduleregchain.obj
 0001:000016f0       ??0RModuleLibraryReg_Chain@base@UModSys@@QAE@XZ 100026f0 f   umodsys_lib_base:umodsys.base.moduleregchain.obj
 0001:00001710       ?s_get@SModuleRegChain@base@UModSys@@SAPAUIModuleReg@23@I@Z 10002710 f   umodsys_lib_base:umodsys.base.moduleregchain.obj
 0001:00001740       ??1SModuleRegChain@base@UModSys@@QAE@XZ 10002740 f   umodsys_lib_base:umodsys.base.moduleregchain.obj
 0001:00001770       ??0SModuleRegChain@base@UModSys@@QAE@AAUIModuleReg@12@@Z 10002770 f   umodsys_lib_base:umodsys.base.moduleregchain.obj
 0001:000017b0       ?mlr_isopen@RModuleLibraryReg_Chain@base@UModSys@@UBE_NXZ 100027b0 f   umodsys_lib_base:umodsys.base.moduleregchain.obj
 0001:000017c0       ?mlr_close@RModuleLibraryReg_Chain@base@UModSys@@UAE_NXZ 100027c0 f   umodsys_lib_base:umodsys.base.moduleregchain.obj
 0001:000017f0       ?mlr_open@RModuleLibraryReg_Chain@base@UModSys@@UAE_NPAUISystem@23@PAUIMemAlloc@core@3@@Z 100027f0 f   umodsys_lib_base:umodsys.base.moduleregchain.obj
 0001:00001820       ?mlr_get@RModuleLibraryReg_Chain@base@UModSys@@UBEPAUIModuleReg@23@I@Z 10002820 f   umodsys_lib_base:umodsys.base.moduleregchain.obj
 0001:00001830       ?mlr_count@RModuleLibraryReg_Chain@base@UModSys@@UBEIXZ 10002830 f   umodsys_lib_base:umodsys.base.moduleregchain.obj
 0001:00001850       ??0SModuleRegChain@base@UModSys@@QAE@H@Z 10002850 f   umodsys_lib_base:umodsys.base.moduleregchain.obj
 0001:00001860       ??1SModuleInfo@base@UModSys@@QAE@XZ 10002860 f   umodsys_lib_base:umodsys.base.moduleinfo.obj
 0001:00001870       ?set@SModuleInfo@base@UModSys@@QAEXPBDHH0@Z 10002870 f   umodsys_lib_base:umodsys.base.moduleinfo.obj
 0001:000018e0       ??0SModuleInfo@base@UModSys@@QAE@XZ 100028e0 f   umodsys_lib_base:umodsys.base.moduleinfo.obj
 0001:00001900       ?Link@SModuleContext@base@UModSys@@QAEXPAUISystem@23@PAUIMemAlloc@core@3@@Z 10002900 f   umodsys_lib_base:umodsys.base.modulecontext.obj
 0001:00001950       ??1SModuleContext@base@UModSys@@QAE@XZ 10002950 f   umodsys_lib_base:umodsys.base.modulecontext.obj
 0001:00001960       ?get_paramworker@SParameters@core@UModSys@@KAPAUIParameters@23@XZ 10002960 f   umodsys_lib_base:umodsys.base.modulecontext.obj
 0001:00001970       ??0SModuleContext@base@UModSys@@QAE@XZ 10002970 f   umodsys_lib_base:umodsys.base.modulecontext.obj
 0001:00001990       ?s_holder@RGenerator@test1@test@modules@UModSys@@SAAAU?$TTypeStaticHolder@URGenerator@test1@test@modules@UModSys@@@tl@5@XZ 10002990 f   plugin_test1.obj
 0001:000019d0       ?mod_dec@RGenerator@test1@test@modules@UModSys@@UBE_NXZ 100029d0 f   plugin_test1.obj
 0001:000019e0       ?mod_inc@RGenerator@test1@test@modules@UModSys@@UBE_NXZ 100029e0 f   plugin_test1.obj
 0001:000019f0       ?get_module@RGenerator@test1@test@modules@UModSys@@UBEPAUIModule@base@5@XZ 100029f0 f   plugin_test1.obj
 0001:00001a00       ?s_unreg@RGenerator@test1@test@modules@UModSys@@SA_NPAUIModuleReg@base@5@@Z 10002a00 f   plugin_test1.obj
 0001:00001a60       ?s_reg@RGenerator@test1@test@modules@UModSys@@SA_NPAUIModuleReg@base@5@@Z 10002a60 f   plugin_test1.obj
 0001:00001ac0       ?add@SUniquePtrList@core@UModSys@@QAE_NPBUSUniquePointerInfo@23@@Z 10002ac0 f   umodsys_lib_core:umodsys.core.uniqueptrlist.obj
 0001:00001b10       ___CxxFrameHandler3        10002b10 f   MSVCRT:MSVCR90.dll
 0002:00000000       __imp__SetUnhandledExceptionFilter@4 10004000     kernel32:KERNEL32.dll
 0002:00000004       __imp__UnhandledExceptionFilter@4 10004004     kernel32:KERNEL32.dll
 0002:00000008       __imp__GetCurrentProcess@0 10004008     kernel32:KERNEL32.dll
 0002:0000000c       __imp__TerminateProcess@8  1000400c     kernel32:KERNEL32.dll
 0002:00000010       __imp__GetSystemTimeAsFileTime@4 10004010     kernel32:KERNEL32.dll
 0002:00000014       __imp__GetCurrentProcessId@0 10004014     kernel32:KERNEL32.dll
 0002:00000018       __imp__GetCurrentThreadId@0 10004018     kernel32:KERNEL32.dll
 0002:0000001c       __imp__GetTickCount@0      1000401c     kernel32:KERNEL32.dll
 0002:00000020       __imp__QueryPerformanceCounter@4 10004020     kernel32:KERNEL32.dll
 0002:00000024       __imp__DisableThreadLibraryCalls@4 10004024     kernel32:KERNEL32.dll
 0002:00000028       __imp__InterlockedCompareExchange@12 10004028     kernel32:KERNEL32.dll
 0002:0000002c       __imp__Sleep@4             1000402c     kernel32:KERNEL32.dll
 0002:00000030       __imp__InterlockedExchange@8 10004030     kernel32:KERNEL32.dll
 0002:00000034       __imp__IsDebuggerPresent@0 10004034     kernel32:KERNEL32.dll
 0002:00000038       \177KERNEL32_NULL_THUNK_DATA 10004038     kernel32:KERNEL32.dll
 0002:0000003c       __imp___adjust_fdiv        1000403c     MSVCRT:MSVCR90.dll
 0002:00000040       __imp____CppXcptFilter     10004040     MSVCRT:MSVCR90.dll
 0002:00000044       __imp___except_handler4_common 10004044     MSVCRT:MSVCR90.dll
 0002:00000048       __imp___amsg_exit          10004048     MSVCRT:MSVCR90.dll
 0002:0000004c       __imp_?terminate@@YAXXZ    1000404c     MSVCRT:MSVCR90.dll
 0002:00000050       __imp_?_type_info_dtor_internal_method@type_info@@QAEXXZ 10004050     MSVCRT:MSVCR90.dll
 0002:00000054       __imp____clean_type_info_names_internal 10004054     MSVCRT:MSVCR90.dll
 0002:00000058       __imp___crt_debugger_hook  10004058     MSVCRT:MSVCR90.dll
 0002:0000005c       __imp___initterm_e         1000405c     MSVCRT:MSVCR90.dll
 0002:00000060       __imp___initterm           10004060     MSVCRT:MSVCR90.dll
 0002:00000064       __imp___encoded_null       10004064     MSVCRT:MSVCR90.dll
 0002:00000068       __imp___malloc_crt         10004068     MSVCRT:MSVCR90.dll
 0002:0000006c       __imp___decode_pointer     1000406c     MSVCRT:MSVCR90.dll
 0002:00000070       __imp___onexit             10004070     MSVCRT:MSVCR90.dll
 0002:00000074       __imp___lock               10004074     MSVCRT:MSVCR90.dll
 0002:00000078       __imp___encode_pointer     10004078     MSVCRT:MSVCR90.dll
 0002:0000007c       __imp____dllonexit         1000407c     MSVCRT:MSVCR90.dll
 0002:00000080       __imp___unlock             10004080     MSVCRT:MSVCR90.dll
 0002:00000084       __imp__free                10004084     MSVCRT:MSVCR90.dll
 0002:00000088       __imp_??3@YAXPAX@Z         10004088     MSVCRT:MSVCR90.dll
 0002:0000008c       __imp___purecall           1000408c     MSVCRT:MSVCR90.dll
 0002:00000090       __imp____CxxFrameHandler3  10004090     MSVCRT:MSVCR90.dll
 0002:00000094       \177MSVCR90_NULL_THUNK_DATA 10004094     MSVCRT:MSVCR90.dll
 0002:00000098       ___xc_a                    10004098     MSVCRT:cinitexe.obj
 0002:000001a8       ___xc_z                    100041a8     MSVCRT:cinitexe.obj
 0002:000001ac       ___xi_a                    100041ac     MSVCRT:cinitexe.obj
 0002:000001b4       ___xi_z                    100041b4     MSVCRT:cinitexe.obj
 0002:000001bc       ??_7type_info@@6B@         100041bc     MSVCRT:ti_inst.obj
 0002:000001c0       __pDefaultRawDllMain       100041c0     MSVCRT:crtdll.obj
 0002:000001c0       __pRawDllMain              100041c0     MSVCRT:crtdll.obj
 0002:000001cc       ??_C@_0P@GHFPNOJB@bad?5allocation?$AA@ 100041cc     plugin_test1.obj
 0002:000001dc       ??_C@_0BF@OCNNAADO@UModSys?3?3core?3?3IRoot?$AA@ 100041dc     plugin_test1.obj
 0002:000001f4       ??_C@_0BK@EMIJFOPA@UModSys?3?3core?3?3IRefObject?$AA@ 100041f4     plugin_test1.obj
 0002:00000210       ??_C@_0BL@IOMMHELF@UModSys?3?3core?3?3IParameters?$AA@ 10004210     plugin_test1.obj
 0002:0000022c       ??_C@_0BH@LKDEEPPM@UModSys?3?3base?3?3IModule?$AA@ 1000422c     plugin_test1.obj
 0002:00000244       ??_C@_0BO@PHJOHFCB@UModSys?3?3base?3?3IModuleLibrary?$AA@ 10004244     plugin_test1.obj
 0002:00000264       ??_C@_0BK@FDPIOPHG@UModSys?3?3base?3?3IModObject?$AA@ 10004264     plugin_test1.obj
 0002:00000280       ??_C@_0BK@OIBKNCKJ@UModSys?3?3base?3?3IGenerator?$AA@ 10004280     plugin_test1.obj
 0002:0000029c       ??_C@_0BG@PJBGCMEC@UModSys?3?3base?3?3IShell?$AA@ 1000429c     plugin_test1.obj
 0002:000002b4       ??_C@_0BI@IKAOEFAP@UModSys?3?3base?3?3IConsole?$AA@ 100042b4     plugin_test1.obj
 0002:000002cc       ??_C@_0BH@PFCONEJJ@UModSys?3?3base?3?3ISystem?$AA@ 100042cc     plugin_test1.obj
 0002:000002e4       ??_C@_0CB@CLGNFEGF@UModSys?3?3libmedia?3?3IStreamReader@ 100042e4     plugin_test1.obj
 0002:00000308       ??_C@_0CB@HOPFFLP@UModSys?3?3libmedia?3?3IStreamWriter@ 10004308     plugin_test1.obj
 0002:0000032c       ??_C@_0CA@BFJGGLCC@UModSys?3?3libmedia?3?3IDataArchive?$AA@ 1000432c     plugin_test1.obj
 0002:0000034c       ??_C@_0CM@LNHNHIJB@UModSys?3?3modules?3?3test?3?3test1?3?3R@ 1000434c     plugin_test1.obj
 0002:00000378       ??_C@_0M@LAGNAJEJ@?$CK?3?3stdio?3?3?$CK?$AA@ 10004378     plugin_test1.obj
 0002:00000384       ??_C@_0O@CMKKEPPD@read?9test?4txt?$AA@ 10004384     plugin_test1.obj
 0002:00000394       ??_C@_0P@HIBABMLC@write?9test?4txt?$AA@ 10004394     plugin_test1.obj
 0002:000003a4       ??_C@_0O@OKDOBIEG@?5?5read?3?5?$HL?$CFs?$HN?6?$AA@ 100043a4     plugin_test1.obj
 0002:000003b4       ??_C@_0L@BBJPPDJK@?5?5written?6?$AA@ 100043b4     plugin_test1.obj
 0002:000003c0       ??_C@_01LFCBOECM@?4?$AA@   100043c0     plugin_test1.obj
 0002:000003c4       ??_C@_08PEIJGPHF@pathname?$AA@ 100043c4     plugin_test1.obj
 0002:000003d0       ??_C@_0BL@DDNILKEO@?5?5found?5archive?3?5?$CFs?5?$DN?$DO?5?$CFp?6?$AA@ 100043d0     plugin_test1.obj
 0002:000003ec       ??_C@_0BC@MCEOIEIN@?5?5gen?5reader?3?5?$CFp?6?$AA@ 100043ec     plugin_test1.obj
 0002:00000400       ??_C@_0BC@GCDHCAFA@?5?5gen?5writer?3?5?$CFp?6?$AA@ 10004400     plugin_test1.obj
 0002:00000414       ??_C@_0BC@NIGGCDMG@RTest1_Shell?$CI?$CJ?5?$HL?6?$AA@ 10004414     plugin_test1.obj
 0002:00000428       ??_C@_0DK@JIEMIEKA@UModSys?3?3modules?3?3test?3?3test1?3?3R@ 10004428     plugin_test1.obj
 0002:00000464       ??_C@_0CK@OICDGBDJ@?4?4?2?4?4?2?4?4?2src?2plugin?2test?2plugin_@ 10004464     plugin_test1.obj
 0002:00000490       ??_C@_0BF@BMCPNMPN@?$HN?5?1?1?5RTest1_Shell?$CI?$CJ?6?$AA@ 10004490     plugin_test1.obj
 0002:000004a8       ??_C@_0DL@OIAHAJF@UModSys?3?3modules?3?3test?3?3test1?3?3R@ 100044a8     plugin_test1.obj
 0002:000004e4       ??_C@_0BB@MLDFLEML@?$HORTest1_Shell?$CI?$CJ?6?$AA@ 100044e4     plugin_test1.obj
 0002:000004f8       ??_C@_0BJ@CCPCJEPP@RTest1_Shell?3?3connect?$CI?$CJ?6?$AA@ 100044f8     plugin_test1.obj
 0002:00000514       ??_C@_0BM@KBDBHLN@RTest1_Shell?3?3disconnect?$CI?$CJ?6?$AA@ 10004514     plugin_test1.obj
 0002:00000530       ??_C@_0BI@PGLACHLJ@RTest1_Shell?3?3tick?$CI?$CFg?$CJ?6?$AA@ 10004530     plugin_test1.obj
 0002:00000548       ??_C@_0BM@JFIEEBE@RTest1_Shell?3?3command?$CI?$CD?$CFd?$CJ?6?$AA@ 10004548     plugin_test1.obj
 0002:00000564       ??_C@_0CK@DEJPICLK@UModSys?3?3modules?3?3test?3?3test1?3?3R@ 10004564     plugin_test1.obj
 0002:00000590       ??_C@_0DD@HMBJLEH@UMODSYS_MODULE_NAME?$CItest?0test1?$CJ?3@ 10004590     plugin_test1.obj
 0002:000005c4       ??_C@_0BA@NMEBLMNE@Test?51?5?9?5module?$AA@ 100045c4     plugin_test1.obj
 0002:000005d4       ??_C@_05GENPCEMM@Test1?$AA@ 100045d4     plugin_test1.obj
 0002:000005dc       ??_C@_0BE@HJEBHPIG@RModuleReg?3?3open?$CI?$CJ?6?$AA@ 100045dc     plugin_test1.obj
 0002:000005f0       ??_C@_0BF@KIBBFLP@RModuleReg?3?3close?$CI?$CJ?6?$AA@ 100045f0     plugin_test1.obj
 0002:00000608       ??_C@_09JGNMLHG@modobject?$AA@ 10004608     plugin_test1.obj
 0002:00000614       ??_C@_08FCBDOIAH@typeinfo?$AA@ 10004614     plugin_test1.obj
 0002:00000624       ??_7IRoot@core@UModSys@@6B@ 10004624     plugin_test1.obj
 0002:00000644       ??_7IRefObject@core@UModSys@@6B@ 10004644     plugin_test1.obj
 0002:00000670       ??_7RTest1_Shell@test1@test@modules@UModSys@@6B@ 10004670     plugin_test1.obj
 0002:000006ac       ??_7RGenerator@test1@test@modules@UModSys@@6B@ 100046ac     plugin_test1.obj
 0002:000006f4       ??_7RModuleReg@test1@test@modules@UModSys@@6B@ 100046f4     plugin_test1.obj
 0002:00000710       ??_7RModuleLibraryReg_Chain@base@UModSys@@6B@ 10004710     umodsys_lib_base:umodsys.base.moduleregchain.obj
 0002:0000072c       ??_7IModuleReg@base@UModSys@@6B@ 1000472c     umodsys_lib_base:umodsys.base.modulereg.obj
 0002:00000748       ??_7IModuleLibraryReg@base@UModSys@@6B@ 10004748     umodsys_lib_base:umodsys.base.modulereg.obj
 0002:00000760       __real@3f50624dd2f1a9fc    10004760      CIL library: CIL module
 0002:00000768       __load_config_used         10004768     MSVCRT:loadcfg.obj
 0002:000007b0       ??_R4type_info@@6B@        100047b0     MSVCRT:ti_inst.obj
 0002:000007c4       ??_R3type_info@@8          100047c4     MSVCRT:ti_inst.obj
 0002:000007d4       ??_R2type_info@@8          100047d4     MSVCRT:ti_inst.obj
 0002:000007dc       ??_R1A@?0A@EA@type_info@@8 100047dc     MSVCRT:ti_inst.obj
 0002:000007f8       ??_R4RModuleReg@test1@test@modules@UModSys@@6B@ 100047f8     plugin_test1.obj
 0002:0000080c       ??_R3RModuleReg@test1@test@modules@UModSys@@8 1000480c     plugin_test1.obj
 0002:0000081c       ??_R2RModuleReg@test1@test@modules@UModSys@@8 1000481c     plugin_test1.obj
 0002:00000828       ??_R1A@?0A@EA@IModuleReg@base@UModSys@@8 10004828     plugin_test1.obj
 0002:00000844       ??_R3IModuleReg@base@UModSys@@8 10004844     plugin_test1.obj
 0002:00000854       ??_R2IModuleReg@base@UModSys@@8 10004854     plugin_test1.obj
 0002:0000085c       ??_R1A@?0A@EA@RModuleReg@test1@test@modules@UModSys@@8 1000485c     plugin_test1.obj
 0002:00000878       ??_R4RGenerator@test1@test@modules@UModSys@@6B@ 10004878     plugin_test1.obj
 0002:0000088c       ??_R3RGenerator@test1@test@modules@UModSys@@8 1000488c     plugin_test1.obj
 0002:0000089c       ??_R2RGenerator@test1@test@modules@UModSys@@8 1000489c     plugin_test1.obj
 0002:000008b4       ??_R1A@?0A@EA@RGenerator@test1@test@modules@UModSys@@8 100048b4     plugin_test1.obj
 0002:000008d0       ??_R4RTest1_Shell@test1@test@modules@UModSys@@6B@ 100048d0     plugin_test1.obj
 0002:000008e4       ??_R3RTest1_Shell@test1@test@modules@UModSys@@8 100048e4     plugin_test1.obj
 0002:000008f4       ??_R2RTest1_Shell@test1@test@modules@UModSys@@8 100048f4     plugin_test1.obj
 0002:00000908       ??_R1A@?0A@EA@RTest1_Shell@test1@test@modules@UModSys@@8 10004908     plugin_test1.obj
 0002:00000924       ??_R3IShell@base@UModSys@@8 10004924     plugin_test1.obj
 0002:00000934       ??_R2IShell@base@UModSys@@8 10004934     plugin_test1.obj
 0002:00000944       ??_R1A@?0A@EA@IShell@base@UModSys@@8 10004944     plugin_test1.obj
 0002:00000960       ??_R3IGenerator@base@UModSys@@8 10004960     plugin_test1.obj
 0002:00000970       ??_R2IGenerator@base@UModSys@@8 10004970     plugin_test1.obj
 0002:00000984       ??_R1A@?0A@EA@IGenerator@base@UModSys@@8 10004984     plugin_test1.obj
 0002:000009a0       ??_R3IModObject@base@UModSys@@8 100049a0     plugin_test1.obj
 0002:000009b0       ??_R2IModObject@base@UModSys@@8 100049b0     plugin_test1.obj
 0002:000009c0       ??_R1A@?0A@EA@IModObject@base@UModSys@@8 100049c0     plugin_test1.obj
 0002:000009dc       ??_R4IRefObject@core@UModSys@@6B@ 100049dc     plugin_test1.obj
 0002:000009f0       ??_R3IRefObject@core@UModSys@@8 100049f0     plugin_test1.obj
 0002:00000a00       ??_R2IRefObject@core@UModSys@@8 10004a00     plugin_test1.obj
 0002:00000a0c       ??_R1A@?0A@EA@IRefObject@core@UModSys@@8 10004a0c     plugin_test1.obj
 0002:00000a28       ??_R4IRoot@core@UModSys@@6B@ 10004a28     plugin_test1.obj
 0002:00000a3c       ??_R3IRoot@core@UModSys@@8 10004a3c     plugin_test1.obj
 0002:00000a4c       ??_R2IRoot@core@UModSys@@8 10004a4c     plugin_test1.obj
 0002:00000a54       ??_R1A@?0A@EA@IRoot@core@UModSys@@8 10004a54     plugin_test1.obj
 0002:00000a70       ??_R4RModuleLibraryReg_Chain@base@UModSys@@6B@ 10004a70     umodsys_lib_base:umodsys.base.moduleregchain.obj
 0002:00000a84       ??_R3RModuleLibraryReg_Chain@base@UModSys@@8 10004a84     umodsys_lib_base:umodsys.base.moduleregchain.obj
 0002:00000a94       ??_R2RModuleLibraryReg_Chain@base@UModSys@@8 10004a94     umodsys_lib_base:umodsys.base.moduleregchain.obj
 0002:00000aa0       ??_R1A@?0A@EA@IModuleLibraryReg@base@UModSys@@8 10004aa0     umodsys_lib_base:umodsys.base.moduleregchain.obj
 0002:00000abc       ??_R3IModuleLibraryReg@base@UModSys@@8 10004abc     umodsys_lib_base:umodsys.base.moduleregchain.obj
 0002:00000acc       ??_R2IModuleLibraryReg@base@UModSys@@8 10004acc     umodsys_lib_base:umodsys.base.moduleregchain.obj
 0002:00000ad4       ??_R1A@?0A@EA@RModuleLibraryReg_Chain@base@UModSys@@8 10004ad4     umodsys_lib_base:umodsys.base.moduleregchain.obj
 0002:00000af0       ??_R4IModuleLibraryReg@base@UModSys@@6B@ 10004af0     umodsys_lib_base:umodsys.base.modulereg.obj
 0002:00000b04       ??_R4IModuleReg@base@UModSys@@6B@ 10004b04     umodsys_lib_base:umodsys.base.modulereg.obj
 0002:00000b20       ___safe_se_handler_table   10004b20     <linker-defined>
 0002:00000b34       ___rtc_iaa                 10004b34     MSVCRT:_initsect_.obj
 0002:00000b38       ___rtc_izz                 10004b38     MSVCRT:_initsect_.obj
 0002:00000b3c       ___rtc_taa                 10004b3c     MSVCRT:_initsect_.obj
 0002:00000b40       ___rtc_tzz                 10004b40     MSVCRT:_initsect_.obj
 0002:00000cc4       __IMPORT_DESCRIPTOR_MSVCR90 10004cc4     MSVCRT:MSVCR90.dll
 0002:00000cd8       __IMPORT_DESCRIPTOR_KERNEL32 10004cd8     kernel32:KERNEL32.dll
 0002:00000cec       __NULL_IMPORT_DESCRIPTOR   10004cec     MSVCRT:MSVCR90.dll
 0003:00000000       ??_R0?AVtype_info@@@8      10006000     MSVCRT:ti_inst.obj
 0003:00000018       ___native_dllmain_reason   10006018     MSVCRT:natstart.obj
 0003:0000001c       ___native_vcclrit_reason   1000601c     MSVCRT:natstart.obj
 0003:00000020       ___security_cookie         10006020     MSVCRT:gs_cookie.obj
 0003:00000024       ___security_cookie_complement 10006024     MSVCRT:gs_cookie.obj
 0003:00000028       ??_R0?AUIModuleReg@base@UModSys@@@8 10006028     plugin_test1.obj
 0003:00000050       ??_R0?AURModuleReg@test1@test@modules@UModSys@@@8 10006050     plugin_test1.obj
 0003:00000084       ??_R0?AURGenerator@test1@test@modules@UModSys@@@8 10006084     plugin_test1.obj
 0003:000000b8       ??_R0?AURTest1_Shell@test1@test@modules@UModSys@@@8 100060b8     plugin_test1.obj
 0003:000000f0       ??_R0?AUIShell@base@UModSys@@@8 100060f0     plugin_test1.obj
 0003:00000114       ??_R0?AUIGenerator@base@UModSys@@@8 10006114     plugin_test1.obj
 0003:0000013c       ??_R0?AUIModObject@base@UModSys@@@8 1000613c     plugin_test1.obj
 0003:00000164       ??_R0?AUIRefObject@core@UModSys@@@8 10006164     plugin_test1.obj
 0003:0000018c       ??_R0?AUIRoot@core@UModSys@@@8 1000618c     plugin_test1.obj
 0003:000001c8       ?so_entry_enabled_flag@base@UModSys@@3HA 100061c8     umodsys_lib_base:umodsys.so_main.win32.obj
 0003:000001dc       ??_R0?AUIModuleLibraryReg@base@UModSys@@@8 100061dc     umodsys_lib_base:umodsys.base.moduleregchain.obj
 0003:0000020c       ??_R0?AURModuleLibraryReg_Chain@base@UModSys@@@8 1000620c     umodsys_lib_base:umodsys.base.moduleregchain.obj
 0003:00000244       __forceCRTManifestRTM      10006244     MSVCRT:crtmanifestrtm.obj
 0003:00000248       ?__type_info_root_node@@3U__type_info_node@@A 10006248     MSVCRT:tncleanup.obj
 0003:0000058c       ?s_modreg@RModuleReg@test1@test@modules@UModSys@@2U12345@A 1000658c     plugin_test1.obj
 0003:000005b4       ?s_modreg_chain@RModuleReg@test1@test@modules@UModSys@@2USModuleRegChain@base@5@A 100065b4     plugin_test1.obj
 0003:000005c0       ?s_uid@RGenerator@test1@test@modules@UModSys@@2USUniquePointer@core@5@A 100065c0     plugin_test1.obj
 0003:000005d8       ?M@UModSys@@3USModuleContext@base@1@A 100065d8     umodsys_lib_base:umodsys.base.modulecontext.obj
 0003:000005e8       ?s_library@RModuleLibraryReg_Chain@base@UModSys@@2U123@A 100065e8     umodsys_lib_base:umodsys.base.moduleregchain.obj
 0003:000005ec       ?root@SModuleRegChain@base@UModSys@@2U123@A 100065ec     umodsys_lib_base:umodsys.base.moduleregchain.obj
 0003:000005f8       ?root@SUniquePointer@core@UModSys@@2U123@A 100065f8     umodsys_lib_core:umodsys.core.uniqueptr.obj
 0003:00000610       ?s_id@?$TObjectUniqueID@UIRefObject@core@UModSys@@@tl@UModSys@@2USUniquePointer@core@3@A 10006610     plugin_test1.obj
 0003:00000628       ?s_id@?$TObjectUniqueID@UIRoot@core@UModSys@@@tl@UModSys@@2USUniquePointer@core@3@A 10006628     plugin_test1.obj
 0003:00000640       ?s_id@?$TObjectUniqueID@UIModule@base@UModSys@@@tl@UModSys@@2USUniquePointer@core@3@A 10006640     plugin_test1.obj
 0003:00000658       ?s_id@?$TObjectUniqueID@UIStreamWriter@libmedia@UModSys@@@tl@UModSys@@2USUniquePointer@core@3@A 10006658     plugin_test1.obj
 0003:00000670       ?s_id@?$TObjectUniqueID@UIGenerator@base@UModSys@@@tl@UModSys@@2USUniquePointer@core@3@A 10006670     plugin_test1.obj
 0003:00000688       ?s_id@?$TObjectUniqueID@UIModuleLibrary@base@UModSys@@@tl@UModSys@@2USUniquePointer@core@3@A 10006688     plugin_test1.obj
 0003:000006a0       ?s_id@?$TObjectUniqueID@UIParameters@core@UModSys@@@tl@UModSys@@2USUniquePointer@core@3@A 100066a0     plugin_test1.obj
 0003:000006b8       ?s_id@?$TObjectUniqueID@UISystem@base@UModSys@@@tl@UModSys@@2USUniquePointer@core@3@A 100066b8     plugin_test1.obj
 0003:000006d0       ?s_id@?$TObjectUniqueID@UIDataArchive@libmedia@UModSys@@@tl@UModSys@@2USUniquePointer@core@3@A 100066d0     plugin_test1.obj
 0003:000006e8       ?s_id@?$TObjectUniqueID@URTest1_Shell@test1@test@modules@UModSys@@@tl@UModSys@@2USUniquePointer@core@3@A 100066e8     plugin_test1.obj
 0003:00000700       ?s_id@?$TObjectUniqueID@UIModObject@base@UModSys@@@tl@UModSys@@2USUniquePointer@core@3@A 10006700     plugin_test1.obj
 0003:00000718       ?s_id@?$TObjectUniqueID@UIStreamReader@libmedia@UModSys@@@tl@UModSys@@2USUniquePointer@core@3@A 10006718     plugin_test1.obj
 0003:00000730       ?s_id@?$TObjectUniqueID@URGenerator@test1@test@modules@UModSys@@@tl@UModSys@@2USUniquePointer@core@3@A 10006730     plugin_test1.obj
 0003:00000748       ?s_id@?$TObjectUniqueID@UIShell@base@UModSys@@@tl@UModSys@@2USUniquePointer@core@3@A 10006748     plugin_test1.obj
 0003:00000760       ?s_id@?$TObjectUniqueID@UIConsole@base@UModSys@@@tl@UModSys@@2USUniquePointer@core@3@A 10006760     plugin_test1.obj
 0003:00000778       __adjust_fdiv              10006778     <common>
 0003:0000077c       ___native_startup_state    1000677c     <common>
 0003:00000780       ___native_startup_lock     10006780     <common>
 0003:00000784       ___dyn_tls_init_callback   10006784     <common>
 0003:00000788       ___onexitend               10006788     <common>
 0003:0000078c       ___onexitbegin             1000678c     <common>

 entry point at        0001:00000f6b

 Static symbols

 0001:00000be0       _pre_c_init                10001be0 f   MSVCRT:crtdll.obj
 0001:00000e55       ___DllMainCRTStartup       10001e55 f   MSVCRT:crtdll.obj
 0001:00001b20       __unwindfunclet$?suicide@RTest1_Shell@test1@test@modules@UModSys@@UAEXXZ$0 10002b20 f    CIL library: CIL module
 0001:00001b20       __unwindfunclet$??$t_generate@UIDataArchive@libmedia@UModSys@@@SModuleContext@base@UModSys@@QAE_NAAU?$TRefObject@UIDataArchive@libmedia@UModSys@@@tl@2@PBUSUniquePointerInfo@core@2@ABUSParameters@62@@Z$0 10002b20 f    CIL library: CIL module
 0001:00001b28       __ehhandler$?suicide@RTest1_Shell@test1@test@modules@UModSys@@UAEXXZ 10002b28 f    CIL library: CIL module
 0001:00001b28       __ehhandler$??$t_generate@UIDataArchive@libmedia@UModSys@@@SModuleContext@base@UModSys@@QAE_NAAU?$TRefObject@UIDataArchive@libmedia@UModSys@@@tl@2@PBUSUniquePointerInfo@core@2@ABUSParameters@62@@Z 10002b28 f    CIL library: CIL module
 0001:00001b40       __unwindfunclet$?file_test2@RTest1_Shell@test1@test@modules@UModSys@@QAEXXZ$0 10002b40 f    CIL library: CIL module
 0001:00001b4b       __unwindfunclet$?file_test2@RTest1_Shell@test1@test@modules@UModSys@@QAEXXZ$1 10002b4b f    CIL library: CIL module
 0001:00001b56       __unwindfunclet$?file_test2@RTest1_Shell@test1@test@modules@UModSys@@QAEXXZ$2 10002b56 f    CIL library: CIL module
 0001:00001b61       __unwindfunclet$?file_test2@RTest1_Shell@test1@test@modules@UModSys@@QAEXXZ$3 10002b61 f    CIL library: CIL module
 0001:00001b6c       __unwindfunclet$?file_test2@RTest1_Shell@test1@test@modules@UModSys@@QAEXXZ$4 10002b6c f    CIL library: CIL module
 0001:00001b77       __unwindfunclet$?file_test2@RTest1_Shell@test1@test@modules@UModSys@@QAEXXZ$5 10002b77 f    CIL library: CIL module
 0001:00001b82       __ehhandler$?file_test2@RTest1_Shell@test1@test@modules@UModSys@@QAEXXZ 10002b82 f    CIL library: CIL module
 0001:00001b90       __unwindfunclet$??0RTest1_Shell@test1@test@modules@UModSys@@QAE@PAUIModObject@base@4@@Z$0 10002b90 f    CIL library: CIL module
 0001:00001b90       __unwindfunclet$??1RTest1_Shell@test1@test@modules@UModSys@@UAE@XZ$0 10002b90 f    CIL library: CIL module
 0001:00001b98       __ehhandler$??0RTest1_Shell@test1@test@modules@UModSys@@QAE@PAUIModObject@base@4@@Z 10002b98 f    CIL library: CIL module
 0001:00001b98       __ehhandler$??1RTest1_Shell@test1@test@modules@UModSys@@UAE@XZ 10002b98 f    CIL library: CIL module
 0001:00001bb0       __unwindfunclet$?generate@RGenerator@test1@test@modules@UModSys@@UAE_NAAU?$TRefObject@UIRefObject@core@UModSys@@@tl@5@PBUSUniquePointerInfo@core@5@ABUSParameters@95@@Z$0 10002bb0 f    CIL library: CIL module
 0001:00001bbe       __ehhandler$?generate@RGenerator@test1@test@modules@UModSys@@UAE_NAAU?$TRefObject@UIRefObject@core@UModSys@@@tl@5@PBUSUniquePointerInfo@core@5@ABUSParameters@95@@Z 10002bbe f    CIL library: CIL module
 0001:00001bd0       ??__E?s_modreg@RModuleReg@test1@test@modules@UModSys@@2U12345@A@@YAXXZ 10002bd0 f    CIL library: CIL module
 0001:00001c00       ??__E?s_modreg_chain@RModuleReg@test1@test@modules@UModSys@@2USModuleRegChain@base@5@A@@YAXXZ 10002c00 f    CIL library: CIL module
 0001:00001c20       ??__E?s_uid@RGenerator@test1@test@modules@UModSys@@2USUniquePointer@core@5@A@@YAXXZ 10002c20 f    CIL library: CIL module
 0001:00001c50       ??__E?s_id@?$TObjectUniqueID@UIRoot@core@UModSys@@@tl@UModSys@@2USUniquePointer@core@3@A@@YAXXZ 10002c50 f    CIL library: CIL module
 0001:00001c80       ??__E?s_id@?$TObjectUniqueID@UIRefObject@core@UModSys@@@tl@UModSys@@2USUniquePointer@core@3@A@@YAXXZ 10002c80 f    CIL library: CIL module
 0001:00001cb0       ??__E?s_id@?$TObjectUniqueID@UIParameters@core@UModSys@@@tl@UModSys@@2USUniquePointer@core@3@A@@YAXXZ 10002cb0 f    CIL library: CIL module
 0001:00001ce0       ??__E?s_id@?$TObjectUniqueID@UIModule@base@UModSys@@@tl@UModSys@@2USUniquePointer@core@3@A@@YAXXZ 10002ce0 f    CIL library: CIL module
 0001:00001d10       ??__E?s_id@?$TObjectUniqueID@UIModuleLibrary@base@UModSys@@@tl@UModSys@@2USUniquePointer@core@3@A@@YAXXZ 10002d10 f    CIL library: CIL module
 0001:00001d40       ??__E?s_id@?$TObjectUniqueID@UIModObject@base@UModSys@@@tl@UModSys@@2USUniquePointer@core@3@A@@YAXXZ 10002d40 f    CIL library: CIL module
 0001:00001d70       ??__E?s_id@?$TObjectUniqueID@UIGenerator@base@UModSys@@@tl@UModSys@@2USUniquePointer@core@3@A@@YAXXZ 10002d70 f    CIL library: CIL module
 0001:00001da0       ??__E?s_id@?$TObjectUniqueID@UIShell@base@UModSys@@@tl@UModSys@@2USUniquePointer@core@3@A@@YAXXZ 10002da0 f    CIL library: CIL module
 0001:00001dd0       ??__E?s_id@?$TObjectUniqueID@UIConsole@base@UModSys@@@tl@UModSys@@2USUniquePointer@core@3@A@@YAXXZ 10002dd0 f    CIL library: CIL module
 0001:00001e00       ??__E?s_id@?$TObjectUniqueID@UISystem@base@UModSys@@@tl@UModSys@@2USUniquePointer@core@3@A@@YAXXZ 10002e00 f    CIL library: CIL module
 0001:00001e30       ??__E?s_id@?$TObjectUniqueID@UIStreamReader@libmedia@UModSys@@@tl@UModSys@@2USUniquePointer@core@3@A@@YAXXZ 10002e30 f    CIL library: CIL module
 0001:00001e60       ??__E?s_id@?$TObjectUniqueID@UIStreamWriter@libmedia@UModSys@@@tl@UModSys@@2USUniquePointer@core@3@A@@YAXXZ 10002e60 f    CIL library: CIL module
 0001:00001e90       ??__E?s_id@?$TObjectUniqueID@UIDataArchive@libmedia@UModSys@@@tl@UModSys@@2USUniquePointer@core@3@A@@YAXXZ 10002e90 f    CIL library: CIL module
 0001:00001ec0       ??__E?s_id@?$TObjectUniqueID@URTest1_Shell@test1@test@modules@UModSys@@@tl@UModSys@@2USUniquePointer@core@3@A@@YAXXZ 10002ec0 f    CIL library: CIL module
 0001:00001ef0       ??__E?s_id@?$TObjectUniqueID@URGenerator@test1@test@modules@UModSys@@@tl@UModSys@@2USUniquePointer@core@3@A@@YAXXZ 10002ef0 f    CIL library: CIL module
 0001:00001f20       ??__EM@UModSys@@YAXXZ      10002f20 f    CIL library: CIL module
 0001:00001f40       ??__E?root@SModuleRegChain@base@UModSys@@2U123@A@@YAXXZ 10002f40 f    CIL library: CIL module
 0001:00001f60       ??__E?s_library@RModuleLibraryReg_Chain@base@UModSys@@2U123@A@@YAXXZ 10002f60 f    CIL library: CIL module
 0001:00001f80       ??__E?root@SUniquePointer@core@UModSys@@2U123@A@@YAXXZ 10002f80 f    CIL library: CIL module
 0001:00001fa0       ??__F?s_modreg@RModuleReg@test1@test@modules@UModSys@@2U12345@A@@YAXXZ 10002fa0 f    CIL library: CIL module
 0001:00001fc0       ??__F?s_modreg_chain@RModuleReg@test1@test@modules@UModSys@@2USModuleRegChain@base@5@A@@YAXXZ 10002fc0 f    CIL library: CIL module
 0001:00001fd0       ??__F?s_uid@RGenerator@test1@test@modules@UModSys@@2USUniquePointer@core@5@A@@YAXXZ 10002fd0 f    CIL library: CIL module
 0001:00001fe0       ??__Fh@?1??s_holder@RGenerator@test1@test@modules@UModSys@@SAAAU?$TTypeStaticHolder@URGenerator@test1@test@modules@UModSys@@@tl@5@XZ@YAXXZ 10002fe0 f    CIL library: CIL module
 0001:00002000       ??__F?s_id@?$TObjectUniqueID@URGenerator@test1@test@modules@UModSys@@@tl@UModSys@@2USUniquePointer@core@3@A@@YAXXZ 10003000 f    CIL library: CIL module
 0001:00002010       ??__F?s_id@?$TObjectUniqueID@URTest1_Shell@test1@test@modules@UModSys@@@tl@UModSys@@2USUniquePointer@core@3@A@@YAXXZ 10003010 f    CIL library: CIL module
 0001:00002020       ??__F?s_id@?$TObjectUniqueID@UIDataArchive@libmedia@UModSys@@@tl@UModSys@@2USUniquePointer@core@3@A@@YAXXZ 10003020 f    CIL library: CIL module
 0001:00002030       ??__F?s_id@?$TObjectUniqueID@UIStreamWriter@libmedia@UModSys@@@tl@UModSys@@2USUniquePointer@core@3@A@@YAXXZ 10003030 f    CIL library: CIL module
 0001:00002040       ??__F?s_id@?$TObjectUniqueID@UIStreamReader@libmedia@UModSys@@@tl@UModSys@@2USUniquePointer@core@3@A@@YAXXZ 10003040 f    CIL library: CIL module
 0001:00002050       ??__F?s_id@?$TObjectUniqueID@UISystem@base@UModSys@@@tl@UModSys@@2USUniquePointer@core@3@A@@YAXXZ 10003050 f    CIL library: CIL module
 0001:00002060       ??__F?s_id@?$TObjectUniqueID@UIConsole@base@UModSys@@@tl@UModSys@@2USUniquePointer@core@3@A@@YAXXZ 10003060 f    CIL library: CIL module
 0001:00002070       ??__F?s_id@?$TObjectUniqueID@UIShell@base@UModSys@@@tl@UModSys@@2USUniquePointer@core@3@A@@YAXXZ 10003070 f    CIL library: CIL module
 0001:00002080       ??__F?s_id@?$TObjectUniqueID@UIGenerator@base@UModSys@@@tl@UModSys@@2USUniquePointer@core@3@A@@YAXXZ 10003080 f    CIL library: CIL module
 0001:00002090       ??__F?s_id@?$TObjectUniqueID@UIModObject@base@UModSys@@@tl@UModSys@@2USUniquePointer@core@3@A@@YAXXZ 10003090 f    CIL library: CIL module
 0001:000020a0       ??__F?s_id@?$TObjectUniqueID@UIModuleLibrary@base@UModSys@@@tl@UModSys@@2USUniquePointer@core@3@A@@YAXXZ 100030a0 f    CIL library: CIL module
 0001:000020b0       ??__F?s_id@?$TObjectUniqueID@UIModule@base@UModSys@@@tl@UModSys@@2USUniquePointer@core@3@A@@YAXXZ 100030b0 f    CIL library: CIL module
 0001:000020c0       ??__F?s_id@?$TObjectUniqueID@UIParameters@core@UModSys@@@tl@UModSys@@2USUniquePointer@core@3@A@@YAXXZ 100030c0 f    CIL library: CIL module
 0001:000020d0       ??__F?s_id@?$TObjectUniqueID@UIRefObject@core@UModSys@@@tl@UModSys@@2USUniquePointer@core@3@A@@YAXXZ 100030d0 f    CIL library: CIL module
 0001:000020e0       ??__F?s_id@?$TObjectUniqueID@UIRoot@core@UModSys@@@tl@UModSys@@2USUniquePointer@core@3@A@@YAXXZ 100030e0 f    CIL library: CIL module
 0001:000020f0       ??__FM@UModSys@@YAXXZ      100030f0 f    CIL library: CIL module
 0001:00002100       ??__F?root@SModuleRegChain@base@UModSys@@2U123@A@@YAXXZ 10003100 f    CIL library: CIL module
 0001:00002110       ??__F?s_library@RModuleLibraryReg_Chain@base@UModSys@@2U123@A@@YAXXZ 10003110 f    CIL library: CIL module
 0001:00002120       ??__F?root@SUniquePointer@core@UModSys@@2U123@A@@YAXXZ 10003120 f    CIL library: CIL module

 Exports

  ordinal    name

        1    _UModSys_Plugin_Entry2@0
