 plugin_test1

 Timestamp is 5267edf1 (Wed Oct 23 18:40:33 2013)

 Preferred load address is 10000000

 Start         Length     Name                   Class
 0001:00000000 00005296H .text                   CODE
 0001:000052a0 000003f8H .text$x                 CODE
 0001:000056a0 000005a1H .text$yc                CODE
 0001:00005c50 0000022aH .text$yd                CODE
 0002:00000000 000000a0H .idata$5                DATA
 0002:000000a0 00000004H .CRT$XCA                DATA
 0002:000000a4 000001acH .CRT$XCU                DATA
 0002:00000250 00000004H .CRT$XCZ                DATA
 0002:00000254 00000004H .CRT$XIA                DATA
 0002:00000258 00000004H .CRT$XIAA               DATA
 0002:0000025c 00000004H .CRT$XIZ                DATA
 0002:00000260 00000bf0H .rdata                  DATA
 0002:00000e50 000005d8H .rdata$r                DATA
 0002:00001430 00000060H .rdata$sxdata           DATA
 0002:00001490 00000004H .rtc$IAA                DATA
 0002:00001494 00000004H .rtc$IZZ                DATA
 0002:00001498 00000004H .rtc$TAA                DATA
 0002:0000149c 00000004H .rtc$TZZ                DATA
 0002:000014a0 000005b0H .xdata$x                DATA
 0002:00001a50 00000028H .idata$2                DATA
 0002:00001a78 00000014H .idata$3                DATA
 0002:00001a8c 000000a0H .idata$4                DATA
 0002:00001b2c 000002faH .idata$6                DATA
 0002:00001e30 0000005cH .edata                  DATA
 0003:00000000 000003b0H .data                   DATA
 0003:000003b0 0000064cH .bss                    DATA

  Address         Publics by Value              Rva+Base       Lib:Object

 0000:00000000       __except_list              00000000     <absolute>
 0000:00000018       ___safe_se_handler_count   00000018     <absolute>
 0000:00009876       __ldused                   00009876     <absolute>
 0000:00009876       __fltused                  00009876     <absolute>
 0000:00000000       ___ImageBase               10000000     <linker-defined>
 0001:00000000       ??3@YAXPAX0@Z              10001000 f i plugin_test1.obj
 0001:00000000       ?suicide@RGenerator@test1@test@modules@UModSys@@UAEXXZ 10001000 f i plugin_test1.obj
 0001:00000010       ??1SCMemShared@core@UModSys@@QAE@XZ 10001010 f i plugin_test1.obj
 0001:00000010       ??1SMemShared@core@UModSys@@QAE@XZ 10001010 f i plugin_test1.obj
 0001:00000020       ??3IRoot@core@UModSys@@SAXPAXABUSIMemAlloc@12@@Z 10001020 f i plugin_test1.obj
 0001:00000030       ?bin_save@ILibrary@libmedia@UModSys@@QAE_NABU?$TString@U?$TSCoreConst@D@su@tl@UModSys@@U?$TComparerBinaryHash@D@234@@tl@3@ABUSCMemShared@core@3@ABU?$TFlags4State@USMediaFlagUid@libmedia@UModSys@@I@53@@Z 10001030 f i plugin_test1.obj
 0001:000000a0       ?mount_add@ILibraryBinTree@libmedia@UModSys@@QAE_NABU?$TString@U?$TSCoreConst@D@su@tl@UModSys@@U?$TComparerBinaryHash@D@234@@tl@3@PAUIBinArchive@23@H@Z 100010a0 f i plugin_test1.obj
 0001:00000140       ?mount_add@ILibraryBinTree@libmedia@UModSys@@QAE_NABU?$TString@U?$TSCoreConst@D@su@tl@UModSys@@U?$TComparerBinaryHash@D@234@@tl@3@HPAUIBinArchive@23@H@Z 10001140 f i plugin_test1.obj
 0001:000001e0       ??1SLayer@ILibraryLayered@libmedia@UModSys@@QAE@XZ 100011e0 f i plugin_test1.obj
 0001:000001e0       ??1SPoint@ILibraryBinTree@libmedia@UModSys@@QAE@XZ 100011e0 f i plugin_test1.obj
 0001:00000200       ?layer_push@ILibraryLayered@libmedia@UModSys@@QAE_NPAUILibrary@23@HABU?$TString@U?$TSCoreConst@D@su@tl@UModSys@@U?$TComparerBinaryHash@D@234@@tl@3@@Z 10001200 f i plugin_test1.obj
 0001:00000290       ?get_interface_info@RLines@test1@test@modules@UModSys@@UBEABUSUniquePointerInfo@core@5@XZ 10001290 f i plugin_test1.obj
 0001:000002a0       ?get_interface_type@RLines@test1@test@modules@UModSys@@UBEPBUSUniquePointerInfo@core@5@XZ 100012a0 f i plugin_test1.obj
 0001:000002b0       ?get_other_interface@RLines@test1@test@modules@UModSys@@UAEPAUIRoot@core@5@PBUSUniquePointerInfo@75@@Z 100012b0 f i plugin_test1.obj
 0001:000002b0       ?get_other_interface@RLines@test1@test@modules@UModSys@@UBEPBUIRoot@core@5@PBUSUniquePointerInfo@75@@Z 100012b0 f i plugin_test1.obj
 0001:000002e0       ?is_interface_supported@RLines@test1@test@modules@UModSys@@UBE_NPBUSUniquePointerInfo@core@5@@Z 100012e0 f i plugin_test1.obj
 0001:00000320       ?ref_add@RLines@test1@test@modules@UModSys@@UBEXXZ 10001320 f i plugin_test1.obj
 0001:00000330       ?ref_remove@RLines@test1@test@modules@UModSys@@UBEXXZ 10001330 f i plugin_test1.obj
 0001:00000340       ?ref_links@RLines@test1@test@modules@UModSys@@UBEHXZ 10001340 f i plugin_test1.obj
 0001:00000350       ?ref_weak@RLines@test1@test@modules@UModSys@@UBE_NAAUWeakPointer@IRefObject@core@5@@Z 10001350 f i plugin_test1.obj
 0001:00000370       ?suicide@RLines@test1@test@modules@UModSys@@UAEXXZ 10001370 f i plugin_test1.obj
 0001:00000380       ??0RLines@test1@test@modules@UModSys@@QAE@PAUIModObject@base@4@ABUSParameters@core@4@@Z 10001380 f i plugin_test1.obj
 0001:00000400       ??_ERLines@test1@test@modules@UModSys@@UAEPAXI@Z 10001400 f i  CIL library: CIL module
 0001:00000400       ??_GRLines@test1@test@modules@UModSys@@UAEPAXI@Z 10001400 f i plugin_test1.obj
 0001:00000470       ??1ILines@test1@test@modules@UModSys@@UAE@XZ 10001470 f i plugin_test1.obj
 0001:000004c0       ??_EILines@test1@test@modules@UModSys@@UAEPAXI@Z 100014c0 f i  CIL library: CIL module
 0001:000004c0       ??_GILines@test1@test@modules@UModSys@@UAEPAXI@Z 100014c0 f i plugin_test1.obj
 0001:00000530       ??_ERGenerator@test1@test@modules@UModSys@@UAEPAXI@Z 10001530 f i  CIL library: CIL module
 0001:00000530       ??_GIRefObject@core@UModSys@@UAEPAXI@Z 10001530 f i plugin_test1.obj
 0001:00000530       ??_GRGenerator@test1@test@modules@UModSys@@UAEPAXI@Z 10001530 f i plugin_test1.obj
 0001:00000530       ??_EIRefObject@core@UModSys@@UAEPAXI@Z 10001530 f i  CIL library: CIL module
 0001:00000550       ??_GIRoot@core@UModSys@@UAEPAXI@Z 10001550 f i plugin_test1.obj
 0001:00000550       ??_EIRoot@core@UModSys@@UAEPAXI@Z 10001550 f i  CIL library: CIL module
 0001:00000570       ?get_interface_info@RLines_Filter@test1@test@modules@UModSys@@UBEABUSUniquePointerInfo@core@5@XZ 10001570 f i plugin_test1.obj
 0001:00000580       ?get_interface_type@RLines_Filter@test1@test@modules@UModSys@@UBEPBUSUniquePointerInfo@core@5@XZ 10001580 f i plugin_test1.obj
 0001:00000590       ?get_interface_types@RTest1_Shell@test1@test@modules@UModSys@@UBEIAAUSUniquePtrList@core@5@@Z 10001590 f i plugin_test1.obj
 0001:00000590       ?get_interface_types@RLines_Filter@test1@test@modules@UModSys@@UBEIAAUSUniquePtrList@core@5@@Z 10001590 f i plugin_test1.obj
 0001:00000590       ?get_interface_types@RGenerator@test1@test@modules@UModSys@@UBEIAAUSUniquePtrList@core@5@@Z 10001590 f i plugin_test1.obj
 0001:00000590       ?get_interface_types@RLines@test1@test@modules@UModSys@@UBEIAAUSUniquePtrList@core@5@@Z 10001590 f i plugin_test1.obj
 0001:000005a0       ?get_other_interface@RLines_Filter@test1@test@modules@UModSys@@UBEPBUIRoot@core@5@PBUSUniquePointerInfo@75@@Z 100015a0 f i plugin_test1.obj
 0001:000005a0       ?get_other_interface@RLines_Filter@test1@test@modules@UModSys@@UAEPAUIRoot@core@5@PBUSUniquePointerInfo@75@@Z 100015a0 f i plugin_test1.obj
 0001:000005d0       ?is_interface_supported@RLines_Filter@test1@test@modules@UModSys@@UBE_NPBUSUniquePointerInfo@core@5@@Z 100015d0 f i plugin_test1.obj
 0001:00000610       ?ref_add@RLines_Filter@test1@test@modules@UModSys@@UBEXXZ 10001610 f i plugin_test1.obj
 0001:00000620       ?ref_remove@RLines_Filter@test1@test@modules@UModSys@@UBEXXZ 10001620 f i plugin_test1.obj
 0001:00000630       ?ref_links@RLines_Filter@test1@test@modules@UModSys@@UBEHXZ 10001630 f i plugin_test1.obj
 0001:00000640       ?ref_weak@RLines_Filter@test1@test@modules@UModSys@@UBE_NAAUWeakPointer@IRefObject@core@5@@Z 10001640 f i plugin_test1.obj
 0001:00000660       ?suicide@RLines_Filter@test1@test@modules@UModSys@@UAEXXZ 10001660 f i plugin_test1.obj
 0001:00000670       ??0RLines_Filter@test1@test@modules@UModSys@@QAE@PAUIModObject@base@4@ABUSParameters@core@4@U?$TFlags4State@USMediaFlagUid@libmedia@UModSys@@I@tl@4@@Z 10001670 f i plugin_test1.obj
 0001:000006f0       ?get_flag@RLines_Filter@test1@test@modules@UModSys@@UBE?AW4eStates@?$TFlags4State@USMediaFlagUid@libmedia@UModSys@@I@tl@5@H@Z 100016f0 f i plugin_test1.obj
 0001:00000710       ?get_flags_auto@RLines_Filter@test1@test@modules@UModSys@@UBE?AU?$TFlags4State@USMediaFlagUid@libmedia@UModSys@@I@tl@5@XZ 10001710 f i plugin_test1.obj
 0001:00000720       ?set_flag@RLines_Filter@test1@test@modules@UModSys@@UAE?AW4eStates@?$TFlags4State@USMediaFlagUid@libmedia@UModSys@@I@tl@5@HW46785@@Z 10001720 f i plugin_test1.obj
 0001:00000750       ?filter_load@RLines_Filter@test1@test@modules@UModSys@@UAE_NABUSInfo@IBinObjFilter@libmedia@5@AAU?$TRefObject@UIRefObject@core@UModSys@@U?$TRefObjectFunc@UIRefObject@core@UModSys@@@tl@3@@tl@5@@Z 10001750 f i plugin_test1.obj
 0001:00000890       ?filter_load@RLines_Filter@test1@test@modules@UModSys@@UAE_NABUSInfo@IBinObjFilter@libmedia@5@PAUIRefObject@core@5@@Z 10001890 f i plugin_test1.obj
 0001:00000a40       ?filter_save@RLines_Filter@test1@test@modules@UModSys@@UAE_NAAUSInfo@IBinObjFilter@libmedia@5@PBUIRefObject@core@5@@Z 10001a40 f i plugin_test1.obj
 0001:00000bb0       ??_GRLines_Filter@test1@test@modules@UModSys@@UAEPAXI@Z 10001bb0 f i plugin_test1.obj
 0001:00000bb0       ??_ERLines_Filter@test1@test@modules@UModSys@@UAEPAXI@Z 10001bb0 f i  CIL library: CIL module
 0001:00000be0       ??1IBinObjFilter@libmedia@UModSys@@UAE@XZ 10001be0 f i plugin_test1.obj
 0001:00000be0       ??1IShell@base@UModSys@@UAE@XZ 10001be0 f i plugin_test1.obj
 0001:00000bf0       ?get_interface_info@RTest1_Shell@test1@test@modules@UModSys@@UBEABUSUniquePointerInfo@core@5@XZ 10001bf0 f i plugin_test1.obj
 0001:00000c00       ?get_interface_type@RTest1_Shell@test1@test@modules@UModSys@@UBEPBUSUniquePointerInfo@core@5@XZ 10001c00 f i plugin_test1.obj
 0001:00000c10       ?get_other_interface@RTest1_Shell@test1@test@modules@UModSys@@UAEPAUIRoot@core@5@PBUSUniquePointerInfo@75@@Z 10001c10 f i plugin_test1.obj
 0001:00000c10       ?get_other_interface@RTest1_Shell@test1@test@modules@UModSys@@UBEPBUIRoot@core@5@PBUSUniquePointerInfo@75@@Z 10001c10 f i plugin_test1.obj
 0001:00000c40       ?is_interface_supported@RTest1_Shell@test1@test@modules@UModSys@@UBE_NPBUSUniquePointerInfo@core@5@@Z 10001c40 f i plugin_test1.obj
 0001:00000c80       ?ref_add@RTest1_Shell@test1@test@modules@UModSys@@UBEXXZ 10001c80 f i plugin_test1.obj
 0001:00000c80       ?ref_add@RGenerator@test1@test@modules@UModSys@@UBEXXZ 10001c80 f i plugin_test1.obj
 0001:00000c90       ?suicide@RTest1_Shell@test1@test@modules@UModSys@@UAEXXZ 10001c90 f i plugin_test1.obj
 0001:00000ca0       ??0RTest1_Shell@test1@test@modules@UModSys@@QAE@PAUIModObject@base@4@@Z 10001ca0 f i plugin_test1.obj
 0001:00000db0       ??1RTest1_Shell@test1@test@modules@UModSys@@UAE@XZ 10001db0 f i plugin_test1.obj
 0001:00000e40       ?connect@RTest1_Shell@test1@test@modules@UModSys@@UAE_NXZ 10001e40 f i plugin_test1.obj
 0001:00000e60       ?disconnect@RTest1_Shell@test1@test@modules@UModSys@@UAE_NXZ 10001e60 f i plugin_test1.obj
 0001:00000e80       ?process_tick@RTest1_Shell@test1@test@modules@UModSys@@UAE_NABUSTimeMsec@core@5@@Z 10001e80 f i plugin_test1.obj
 0001:00000eb0       ?process_command@RTest1_Shell@test1@test@modules@UModSys@@UAE_NHQBU?$TString@U?$TSCoreConst@D@su@tl@UModSys@@U?$TComparerBinaryHash@D@234@@tl@5@@Z 10001eb0 f i plugin_test1.obj
 0001:00000ee0       ??_ERTest1_Shell@test1@test@modules@UModSys@@UAEPAXI@Z 10001ee0 f i  CIL library: CIL module
 0001:00000ee0       ??_GRTest1_Shell@test1@test@modules@UModSys@@UAEPAXI@Z 10001ee0 f i plugin_test1.obj
 0001:00000f00       ??1?$TParametersA@$0EAA@@core@UModSys@@QAE@XZ 10001f00 f i plugin_test1.obj
 0001:00000f10       ?get_generated_names@RGenerator@test1@test@modules@UModSys@@UBEHAAUSUniquePtrList@core@5@@Z 10001f10 f i plugin_test1.obj
 0001:00000f30       ?get_generated_types@RGenerator@test1@test@modules@UModSys@@UBEHAAUSUniquePtrList@core@5@PBUSUniquePointerInfo@75@@Z 10001f30 f i plugin_test1.obj
 0001:00000f80       ?generate@RGenerator@test1@test@modules@UModSys@@UAE_NAAU?$TRefObject@UIRefObject@core@UModSys@@U?$TRefObjectFunc@UIRefObject@core@UModSys@@@tl@3@@tl@5@PBUSUniquePointerInfo@core@5@ABUSParameters@95@@Z 10001f80 f i plugin_test1.obj
 0001:00001040       ?get_interface_info@RGenerator@test1@test@modules@UModSys@@UBEABUSUniquePointerInfo@core@5@XZ 10002040 f i plugin_test1.obj
 0001:00001050       ?get_interface_type@RGenerator@test1@test@modules@UModSys@@UBEPBUSUniquePointerInfo@core@5@XZ 10002050 f i plugin_test1.obj
 0001:00001060       ?get_other_interface@RGenerator@test1@test@modules@UModSys@@UAEPAUIRoot@core@5@PBUSUniquePointerInfo@75@@Z 10002060 f i plugin_test1.obj
 0001:00001060       ?get_other_interface@RGenerator@test1@test@modules@UModSys@@UBEPBUIRoot@core@5@PBUSUniquePointerInfo@75@@Z 10002060 f i plugin_test1.obj
 0001:000010a0       ?is_interface_supported@RGenerator@test1@test@modules@UModSys@@UBE_NPBUSUniquePointerInfo@core@5@@Z 100020a0 f i plugin_test1.obj
 0001:000010e0       ?ref_remove@RGenerator@test1@test@modules@UModSys@@UBEXXZ 100020e0 f i plugin_test1.obj
 0001:000010e0       ?ref_remove@RTest1_Shell@test1@test@modules@UModSys@@UBEXXZ 100020e0 f i plugin_test1.obj
 0001:000010f0       ?ref_links@RTest1_Shell@test1@test@modules@UModSys@@UBEHXZ 100020f0 f i plugin_test1.obj
 0001:000010f0       ?ref_links@RGenerator@test1@test@modules@UModSys@@UBEHXZ 100020f0 f i plugin_test1.obj
 0001:00001100       ?ref_weak@RTest1_Shell@test1@test@modules@UModSys@@UBE_NAAUWeakPointer@IRefObject@core@5@@Z 10002100 f i plugin_test1.obj
 0001:00001100       ?ref_weak@RGenerator@test1@test@modules@UModSys@@UBE_NAAUWeakPointer@IRefObject@core@5@@Z 10002100 f i plugin_test1.obj
 0001:00001120       ?get_uid@RGenerator@test1@test@modules@UModSys@@UBEPBUSUniquePointerInfo@core@5@XZ 10002120 f i plugin_test1.obj
 0001:00001130       ?do_open@RModuleReg@test1@test@modules@UModSys@@UAE_NXZ 10002130 f i plugin_test1.obj
 0001:00001160       ?do_close@RModuleReg@test1@test@modules@UModSys@@UAE_NXZ 10002160 f i plugin_test1.obj
 0001:00001190       ??_GRModuleReg@test1@test@modules@UModSys@@UAEPAXI@Z 10002190 f i plugin_test1.obj
 0001:00001190       ??_ERModuleReg@test1@test@modules@UModSys@@UAEPAXI@Z 10002190 f i  CIL library: CIL module
 0001:000011c0       ??0?$TString@U?$TSCoreConst@D@su@tl@UModSys@@U?$TComparerBinaryHash@D@234@@tl@UModSys@@QAE@PBD@Z 100021c0 f i plugin_test1.obj
 0001:00001210       ??0?$TString@U?$TSCoreShared@USIMemAlloc@core@UModSys@@D@su@tl@UModSys@@U?$TComparerBinaryHash@D@234@@tl@UModSys@@QAE@PBDI@Z 10002210 f i plugin_test1.obj
 0001:00001270       ??1?$TSCoreShared@USIMemAlloc@core@UModSys@@D@su@tl@UModSys@@QAE@XZ 10002270 f i plugin_test1.obj
 0001:000012b0       ??1?$TRefObject@UILibraryObjFilter@libmedia@UModSys@@U?$TRefObjectFunc@UILibraryObjFilter@libmedia@UModSys@@@tl@3@@tl@UModSys@@QAE@XZ 100022b0 f i plugin_test1.obj
 0001:000012b0       ??1?$TRefObject@UILibraryBinTree@libmedia@UModSys@@U?$TRefObjectFunc@UILibraryBinTree@libmedia@UModSys@@@tl@3@@tl@UModSys@@QAE@XZ 100022b0 f i plugin_test1.obj
 0001:000012b0       ??1?$TRefObject@UIRefObject@core@UModSys@@U?$TRefObjectFunc@UIRefObject@core@UModSys@@@tl@3@@tl@UModSys@@QAE@XZ 100022b0 f i plugin_test1.obj
 0001:000012b0       ??1?$TRefObject@UILines@test1@test@modules@UModSys@@U?$TRefObjectFunc@UILines@test1@test@modules@UModSys@@@tl@5@@tl@UModSys@@QAE@XZ 100022b0 f i plugin_test1.obj
 0001:000012b0       ??1?$TRefObject@UILibraryBinCache@libmedia@UModSys@@U?$TRefObjectFunc@UILibraryBinCache@libmedia@UModSys@@@tl@3@@tl@UModSys@@QAE@XZ 100022b0 f i plugin_test1.obj
 0001:000012b0       ??1?$TRefObject@UILibraryObjCache@libmedia@UModSys@@U?$TRefObjectFunc@UILibraryObjCache@libmedia@UModSys@@@tl@3@@tl@UModSys@@QAE@XZ 100022b0 f i plugin_test1.obj
 0001:000012b0       ??1?$TRefObject@UIStreamReader@libmedia@UModSys@@U?$TRefObjectFunc@UIStreamReader@libmedia@UModSys@@@tl@3@@tl@UModSys@@QAE@XZ 100022b0 f i plugin_test1.obj
 0001:000012b0       ??1?$TRefObject@UILibrary@libmedia@UModSys@@U?$TRefObjectFunc@UILibrary@libmedia@UModSys@@@tl@3@@tl@UModSys@@QAE@XZ 100022b0 f i plugin_test1.obj
 0001:000012b0       ??1?$TRefObject@UIStreamWriter@libmedia@UModSys@@U?$TRefObjectFunc@UIStreamWriter@libmedia@UModSys@@@tl@3@@tl@UModSys@@QAE@XZ 100022b0 f i plugin_test1.obj
 0001:000012b0       ??1?$TRefObject@UIBinObjFilter@libmedia@UModSys@@U?$TRefObjectFunc@UIBinObjFilter@libmedia@UModSys@@@tl@3@@tl@UModSys@@QAE@XZ 100022b0 f i plugin_test1.obj
 0001:000012b0       ??1?$TRefObject@UILibraryLayered@libmedia@UModSys@@U?$TRefObjectFunc@UILibraryLayered@libmedia@UModSys@@@tl@3@@tl@UModSys@@QAE@XZ 100022b0 f i plugin_test1.obj
 0001:000012b0       ??1?$TRefObject@UIBinArchive@libmedia@UModSys@@U?$TRefObjectFunc@UIBinArchive@libmedia@UModSys@@@tl@3@@tl@UModSys@@QAE@XZ 100022b0 f i plugin_test1.obj
 0001:000012d0       ?Resize@?$TDynarray@U?$TDynarrayHolderDynamic@U?$TString@U?$TSCoreShared@USIMemAlloc@core@UModSys@@D@su@tl@UModSys@@U?$TComparerBinaryHash@D@234@@tl@UModSys@@U?$TAllocator@USIMemAlloc@core@UModSys@@USCountCalcPower2@23@@23@@tl@UModSys@@@tl@UModSys@@QAE_NI@Z 100022d0 f i plugin_test1.obj
 0001:00001330       ?info_new@?$TSCoreShared@USIMemAlloc@core@UModSys@@D@su@tl@UModSys@@QAE_NPBDI@Z 10002330 f i plugin_test1.obj
 0001:000013c0       ?Push@?$TDynarray@U?$TDynarrayHolderDynamic@U?$TString@U?$TSCoreShared@USIMemAlloc@core@UModSys@@D@su@tl@UModSys@@U?$TComparerBinaryHash@D@234@@tl@UModSys@@U?$TAllocator@USIMemAlloc@core@UModSys@@USCountCalcPower2@23@@23@@tl@UModSys@@@tl@UModSys@@QAE_NABU?$TString@U?$TSCoreShared@USIMemAlloc@core@UModSys@@D@su@tl@UModSys@@U?$TComparerBinaryHash@D@234@@23@@Z 100023c0 f i plugin_test1.obj
 0001:00001440       ?obj_delete@?$TRefObjectLinksModObject@URLines@test1@test@modules@UModSys@@UIModObject@base@5@@tl@UModSys@@QBEXPAURLines@test1@test@modules@3@@Z 10002440 f i plugin_test1.obj
 0001:00001440       ?obj_delete@?$TRefObjectLinksModObject@URTest1_Shell@test1@test@modules@UModSys@@UIModObject@base@5@@tl@UModSys@@QBEXPAURTest1_Shell@test1@test@modules@3@@Z 10002440 f i plugin_test1.obj
 0001:00001440       ?obj_delete@?$TRefObjectLinksModObject@URLines_Filter@test1@test@modules@UModSys@@UIModObject@base@5@@tl@UModSys@@QBEXPAURLines_Filter@test1@test@modules@3@@Z 10002440 f i plugin_test1.obj
 0001:000014b0       ??$t_generate@UIBinArchive@libmedia@UModSys@@@SModuleContext@base@UModSys@@QAE_NAAU?$TRefObject@UIBinArchive@libmedia@UModSys@@U?$TRefObjectFunc@UIBinArchive@libmedia@UModSys@@@tl@3@@tl@2@PBUSUniquePointerInfo@core@2@ABUSParameters@62@@Z 100024b0 f i plugin_test1.obj
 0001:00001560       ??$t_generate@UILibraryBinTree@libmedia@UModSys@@@SModuleContext@base@UModSys@@QAE_NAAU?$TRefObject@UILibraryBinTree@libmedia@UModSys@@U?$TRefObjectFunc@UILibraryBinTree@libmedia@UModSys@@@tl@3@@tl@2@PBUSUniquePointerInfo@core@2@ABUSParameters@62@@Z 10002560 f i plugin_test1.obj
 0001:00001610       ??$t_generate@UILibraryObjFilter@libmedia@UModSys@@@SModuleContext@base@UModSys@@QAE_NAAU?$TRefObject@UILibraryObjFilter@libmedia@UModSys@@U?$TRefObjectFunc@UILibraryObjFilter@libmedia@UModSys@@@tl@3@@tl@2@PBUSUniquePointerInfo@core@2@ABUSParameters@62@@Z 10002610 f i plugin_test1.obj
 0001:000016c0       ??$t_generate@UILibraryLayered@libmedia@UModSys@@@SModuleContext@base@UModSys@@QAE_NAAU?$TRefObject@UILibraryLayered@libmedia@UModSys@@U?$TRefObjectFunc@UILibraryLayered@libmedia@UModSys@@@tl@3@@tl@2@PBUSUniquePointerInfo@core@2@ABUSParameters@62@@Z 100026c0 f i plugin_test1.obj
 0001:00001770       ??$t_generate@UILibraryObjCache@libmedia@UModSys@@@SModuleContext@base@UModSys@@QAE_NAAU?$TRefObject@UILibraryObjCache@libmedia@UModSys@@U?$TRefObjectFunc@UILibraryObjCache@libmedia@UModSys@@@tl@3@@tl@2@PBUSUniquePointerInfo@core@2@ABUSParameters@62@@Z 10002770 f i plugin_test1.obj
 0001:00001820       ??$t_generate@UILibraryBinCache@libmedia@UModSys@@@SModuleContext@base@UModSys@@QAE_NAAU?$TRefObject@UILibraryBinCache@libmedia@UModSys@@U?$TRefObjectFunc@UILibraryBinCache@libmedia@UModSys@@@tl@3@@tl@2@PBUSUniquePointerInfo@core@2@ABUSParameters@62@@Z 10002820 f i plugin_test1.obj
 0001:000018d0       ??$t_generate@UIStreamReader@libmedia@UModSys@@@SModuleContext@base@UModSys@@QAE_NAAU?$TRefObject@UIStreamReader@libmedia@UModSys@@U?$TRefObjectFunc@UIStreamReader@libmedia@UModSys@@@tl@3@@tl@2@PBUSUniquePointerInfo@core@2@ABUSParameters@62@@Z 100028d0 f i plugin_test1.obj
 0001:00001980       ??$t_generate@UIStreamWriter@libmedia@UModSys@@@SModuleContext@base@UModSys@@QAE_NAAU?$TRefObject@UIStreamWriter@libmedia@UModSys@@U?$TRefObjectFunc@UIStreamWriter@libmedia@UModSys@@@tl@3@@tl@2@PBUSUniquePointerInfo@core@2@ABUSParameters@62@@Z 10002980 f i plugin_test1.obj
 0001:00001a30       ??$t_obj_get@UILines@test1@test@modules@UModSys@@@ILibrary@libmedia@UModSys@@QAE_NABU?$TString@U?$TSCoreConst@D@su@tl@UModSys@@U?$TComparerBinaryHash@D@234@@tl@2@AAU?$TRefObject@UILines@test1@test@modules@UModSys@@U?$TRefObjectFunc@UILines@test1@test@modules@UModSys@@@tl@5@@42@U?$TFlags4State@USMediaFlagUid@libmedia@UModSys@@I@42@PBUSParameters@core@2@0@Z 10002a30 f i plugin_test1.obj
 0001:00001b60       ??$shash@D@su@tl@UModSys@@YAHPBDI@Z 10002b60 f i plugin_test1.obj
 0001:00001b90       ?ReLink@?$TDynarray@U?$TDynarrayHolderDynamic@U?$TString@U?$TSCoreShared@USIMemAlloc@core@UModSys@@D@su@tl@UModSys@@U?$TComparerBinaryHash@D@234@@tl@UModSys@@U?$TAllocator@USIMemAlloc@core@UModSys@@USCountCalcPower2@23@@23@@tl@UModSys@@@tl@UModSys@@IAE_NI@Z 10002b90 f i plugin_test1.obj
 0001:00001be0       ?items_construct@?$TDynarray@U?$TDynarrayHolderDynamic@U?$TString@U?$TSCoreShared@USIMemAlloc@core@UModSys@@D@su@tl@UModSys@@U?$TComparerBinaryHash@D@234@@tl@UModSys@@U?$TAllocator@USIMemAlloc@core@UModSys@@USCountCalcPower2@23@@23@@tl@UModSys@@@tl@UModSys@@IAEXII@Z 10002be0 f i plugin_test1.obj
 0001:00001c20       ??1?$TRefObject@UIModObject@base@UModSys@@U?$TModObjectFunc@UIModObject@base@UModSys@@@tl@3@@tl@UModSys@@QAE@XZ 10002c20 f i plugin_test1.obj
 0001:00001c40       ?aconstructcopy@?$TTypeConstructor@U?$TString@U?$TSCoreShared@USIMemAlloc@core@UModSys@@D@su@tl@UModSys@@U?$TComparerBinaryHash@D@234@@tl@UModSys@@@tl@UModSys@@SAXPAU?$TString@U?$TSCoreShared@USIMemAlloc@core@UModSys@@D@su@tl@UModSys@@U?$TComparerBinaryHash@D@234@@23@IABU423@@Z 10002c40 f i plugin_test1.obj
 0001:00001cc0       ?adestruct@?$TTypeConstructor@U?$TString@U?$TSCoreShared@USIMemAlloc@core@UModSys@@D@su@tl@UModSys@@U?$TComparerBinaryHash@D@234@@tl@UModSys@@@tl@UModSys@@SAXPAU?$TString@U?$TSCoreShared@USIMemAlloc@core@UModSys@@D@su@tl@UModSys@@U?$TComparerBinaryHash@D@234@@23@I@Z 10002cc0 f i plugin_test1.obj
 0001:00001d10       ??$t_get_other_interface_ref@UIBinArchive@libmedia@UModSys@@@IRefObject@core@UModSys@@QAE_NAAU?$TRefObject@UIBinArchive@libmedia@UModSys@@U?$TRefObjectFunc@UIBinArchive@libmedia@UModSys@@@tl@3@@tl@2@@Z 10002d10 f i plugin_test1.obj
 0001:00001d50       ??$t_get_other_interface_ref@UILibraryBinTree@libmedia@UModSys@@@IRefObject@core@UModSys@@QAE_NAAU?$TRefObject@UILibraryBinTree@libmedia@UModSys@@U?$TRefObjectFunc@UILibraryBinTree@libmedia@UModSys@@@tl@3@@tl@2@@Z 10002d50 f i plugin_test1.obj
 0001:00001d90       ??$t_get_other_interface_ref@UILibraryObjFilter@libmedia@UModSys@@@IRefObject@core@UModSys@@QAE_NAAU?$TRefObject@UILibraryObjFilter@libmedia@UModSys@@U?$TRefObjectFunc@UILibraryObjFilter@libmedia@UModSys@@@tl@3@@tl@2@@Z 10002d90 f i plugin_test1.obj
 0001:00001dd0       ??$t_get_other_interface_ref@UILibraryLayered@libmedia@UModSys@@@IRefObject@core@UModSys@@QAE_NAAU?$TRefObject@UILibraryLayered@libmedia@UModSys@@U?$TRefObjectFunc@UILibraryLayered@libmedia@UModSys@@@tl@3@@tl@2@@Z 10002dd0 f i plugin_test1.obj
 0001:00001e10       ??$t_get_other_interface_ref@UILibraryObjCache@libmedia@UModSys@@@IRefObject@core@UModSys@@QAE_NAAU?$TRefObject@UILibraryObjCache@libmedia@UModSys@@U?$TRefObjectFunc@UILibraryObjCache@libmedia@UModSys@@@tl@3@@tl@2@@Z 10002e10 f i plugin_test1.obj
 0001:00001e50       ??$t_get_other_interface_ref@UILibraryBinCache@libmedia@UModSys@@@IRefObject@core@UModSys@@QAE_NAAU?$TRefObject@UILibraryBinCache@libmedia@UModSys@@U?$TRefObjectFunc@UILibraryBinCache@libmedia@UModSys@@@tl@3@@tl@2@@Z 10002e50 f i plugin_test1.obj
 0001:00001e90       ??$t_get_other_interface_ref@UIStreamReader@libmedia@UModSys@@@IRefObject@core@UModSys@@QAE_NAAU?$TRefObject@UIStreamReader@libmedia@UModSys@@U?$TRefObjectFunc@UIStreamReader@libmedia@UModSys@@@tl@3@@tl@2@@Z 10002e90 f i plugin_test1.obj
 0001:00001ed0       ??$t_get_other_interface_ref@UIStreamWriter@libmedia@UModSys@@@IRefObject@core@UModSys@@QAE_NAAU?$TRefObject@UIStreamWriter@libmedia@UModSys@@U?$TRefObjectFunc@UIStreamWriter@libmedia@UModSys@@@tl@3@@tl@2@@Z 10002ed0 f i plugin_test1.obj
 0001:00001f10       ??_ERModuleLibraryReg_Chain@base@UModSys@@UAEPAXI@Z 10002f10 f i  CIL library: CIL module
 0001:00001f10       ??_GRModuleLibraryReg_Chain@base@UModSys@@UAEPAXI@Z 10002f10 f i umodsys_lib_base:umodsys.base.moduleregchain.obj
 0001:00001f30       ??_GIModuleReg@base@UModSys@@UAEPAXI@Z 10002f30 f i umodsys_lib_base:umodsys.base.modulereg.obj
 0001:00001f30       ??_EIModuleReg@base@UModSys@@UAEPAXI@Z 10002f30 f i  CIL library: CIL module
 0001:00001f50       ??_GIModuleLibraryReg@base@UModSys@@UAEPAXI@Z 10002f50 f i umodsys_lib_base:umodsys.base.modulereg.obj
 0001:00001f50       ??_EIModuleLibraryReg@base@UModSys@@UAEPAXI@Z 10002f50 f i  CIL library: CIL module
 0001:00001f70       ?Find@?$TSet@U?$TArray@PBUSUniquePointerInfo@core@UModSys@@@tl@UModSys@@U?$TScalarCompare@PBUSUniquePointerInfo@core@UModSys@@@core@3@@tl@UModSys@@QBEPBQBUSUniquePointerInfo@core@3@ABQBU453@@Z 10002f70 f i umodsys_lib_core:umodsys.core.uniqueptrlist.obj
 0001:00001ffd       __onexit                   10002ffd f   MSVCRT:atonexit.obj
 0001:000020a2       _atexit                    100030a2 f   MSVCRT:atonexit.obj
 0001:000020ba       __purecall                 100030ba f   MSVCRT:MSVCR90.dll
 0001:000020c0       ??3@YAXPAX@Z               100030c0 f   MSVCRT:MSVCR90.dll
 0001:000020c6       ??_Etype_info@@UAEPAXI@Z   100030c6 f i MSVCRT:ti_inst.obj
 0001:00002161       __CRT_INIT@12              10003161 f   MSVCRT:crtdll.obj
 0001:0000249d       __DllMainCRTStartup@12     1000349d f   MSVCRT:crtdll.obj
 0001:000024c0       __unlock                   100034c0 f   MSVCRT:MSVCR90.dll
 0001:000024c6       ___dllonexit               100034c6 f   MSVCRT:MSVCR90.dll
 0001:000024cc       __lock                     100034cc f   MSVCRT:MSVCR90.dll
 0001:000024d4       __SEH_prolog4              100034d4 f   MSVCRT:sehprolg4.obj
 0001:00002519       __SEH_epilog4              10003519 f   MSVCRT:sehprolg4.obj
 0001:0000252d       __except_handler4          1000352d f   MSVCRT:chandler4gs.obj
 0001:00002552       ?__ArrayUnwind@@YGXPAXIHP6EX0@Z@Z 10003552 f   MSVCRT:ehvecdtr.obj
 0001:000025b0       ??_M@YGXPAXIHP6EX0@Z@Z     100035b0 f   MSVCRT:ehvecdtr.obj
 0001:00002613       ___clean_type_info_names   10003613 f   MSVCRT:tncleanup.obj
 0001:0000261f       __RTC_Initialize           1000361f f   MSVCRT:_initsect_.obj
 0001:00002645       __RTC_Terminate            10003645 f   MSVCRT:_initsect_.obj
 0001:00002670       __ValidateImageBase        10003670 f   MSVCRT:pesect.obj
 0001:000026b0       __FindPESection            100036b0 f   MSVCRT:pesect.obj
 0001:00002700       __IsNonwritableInCurrentImage 10003700 f   MSVCRT:pesect.obj
 0001:000027be       __initterm                 100037be f   MSVCRT:MSVCR90.dll
 0001:000027c4       __initterm_e               100037c4 f   MSVCRT:MSVCR90.dll
 0001:000027ca       __amsg_exit                100037ca f   MSVCRT:MSVCR90.dll
 0001:000027d0       ___CppXcptFilter           100037d0 f   MSVCRT:MSVCR90.dll
 0001:000027d6       _DllMain@12                100037d6 f   MSVCRT:dllmain.obj
 0001:000027fa       ___security_init_cookie    100037fa f   MSVCRT:gs_support.obj
 0001:00002890       @__security_check_cookie@4 10003890 f   MSVCRT:secchk.obj
 0001:000028a0       __except_handler4_common   100038a0 f   MSVCRT:MSVCR90.dll
 0001:000028a6       ?terminate@@YAXXZ          100038a6 f   MSVCRT:MSVCR90.dll
 0001:000028ac       ??1type_info@@UAE@XZ       100038ac f   MSVCRT:MSVCR90.dll
 0001:000028ac       ?_type_info_dtor_internal_method@type_info@@QAEXXZ 100038ac f   MSVCRT:MSVCR90.dll
 0001:000028b2       ___clean_type_info_names_internal 100038b2 f   MSVCRT:MSVCR90.dll
 0001:000028b8       ___report_gsfailure        100038b8 f   MSVCRT:gs_report.obj
 0001:000029be       __crt_debugger_hook        100039be f   MSVCRT:MSVCR90.dll
 0001:000029d0       ??3IRoot@core@UModSys@@SAXPAX@Z 100039d0 f   umodsys_lib_core:umodsys.core.objects.obj
 0001:000029f0       ??3IRoot@core@UModSys@@SAXPAXPAUIMemAlloc@12@@Z 100039f0 f   umodsys_lib_core:umodsys.core.objects.obj
 0001:00002a10       ??2IRoot@core@UModSys@@SAPAXIPAUIMemAlloc@12@@Z 10003a10 f   umodsys_lib_core:umodsys.core.objects.obj
 0001:00002a30       ?suicide@IRoot@core@UModSys@@UAEXXZ 10003a30 f   umodsys_lib_core:umodsys.core.objects.obj
 0001:00002a40       ??1IRoot@core@UModSys@@UAE@XZ 10003a40 f   umodsys_lib_core:umodsys.core.objects.obj
 0001:00002a50       ??1IRefObject@core@UModSys@@UAE@XZ 10003a50 f   umodsys_lib_core:umodsys.core.objects.obj
 0001:00002a60       ?s_unresolve@SUniquePointer@core@UModSys@@SAXPAUIUniquePointerResolver@23@@Z 10003a60 f   umodsys_lib_core:umodsys.core.uniqueptr.obj
 0001:00002aa0       ?s_resolve@SUniquePointer@core@UModSys@@SAXPAUIUniquePointerResolver@23@@Z 10003aa0 f   umodsys_lib_core:umodsys.core.uniqueptr.obj
 0001:00002af0       ??1SUniquePointer@core@UModSys@@QAE@XZ 10003af0 f   umodsys_lib_core:umodsys.core.uniqueptr.obj
 0001:00002b20       ??0SUniquePointer@core@UModSys@@QAE@H@Z 10003b20 f   umodsys_lib_core:umodsys.core.uniqueptr.obj
 0001:00002b40       ??0SUniquePointer@core@UModSys@@QAE@PBD0H@Z 10003b40 f   umodsys_lib_core:umodsys.core.uniqueptr.obj
 0001:00002b90       ??1IModuleLibraryReg@base@UModSys@@UAE@XZ 10003b90 f   umodsys_lib_base:umodsys.base.modulereg.obj
 0001:00002ba0       ??0IModuleLibraryReg@base@UModSys@@QAE@XZ 10003ba0 f   umodsys_lib_base:umodsys.base.modulereg.obj
 0001:00002bb0       ?mr_close@IModuleReg@base@UModSys@@UAE_NXZ 10003bb0 f   umodsys_lib_base:umodsys.base.modulereg.obj
 0001:00002bc0       ?mr_open@IModuleReg@base@UModSys@@UAE_NXZ 10003bc0 f   umodsys_lib_base:umodsys.base.modulereg.obj
 0001:00002be0       ?mr_isopen@IModuleReg@base@UModSys@@UBE_NXZ 10003be0 f   umodsys_lib_base:umodsys.base.modulereg.obj
 0001:00002bf0       ??1IModuleReg@base@UModSys@@UAE@XZ 10003bf0 f   umodsys_lib_base:umodsys.base.modulereg.obj
 0001:00002c00       ??0IModuleReg@base@UModSys@@QAE@PBDHH0@Z 10003c00 f   umodsys_lib_base:umodsys.base.modulereg.obj
 0001:00002c30       _UModSys_Plugin_Entry2@0   10003c30 f   umodsys_lib_base:umodsys.so_main.win32.obj
 0001:00002c40       ??1RModuleLibraryReg_Chain@base@UModSys@@UAE@XZ 10003c40 f   umodsys_lib_base:umodsys.base.moduleregchain.obj
 0001:00002c50       ??0RModuleLibraryReg_Chain@base@UModSys@@QAE@XZ 10003c50 f   umodsys_lib_base:umodsys.base.moduleregchain.obj
 0001:00002c70       ?s_get@SModuleRegChain@base@UModSys@@SAPAUIModuleReg@23@I@Z 10003c70 f   umodsys_lib_base:umodsys.base.moduleregchain.obj
 0001:00002ca0       ??1SModuleRegChain@base@UModSys@@QAE@XZ 10003ca0 f   umodsys_lib_base:umodsys.base.moduleregchain.obj
 0001:00002cd0       ??0SModuleRegChain@base@UModSys@@QAE@AAUIModuleReg@12@@Z 10003cd0 f   umodsys_lib_base:umodsys.base.moduleregchain.obj
 0001:00002d10       ?mlr_isopen@RModuleLibraryReg_Chain@base@UModSys@@UBE_NXZ 10003d10 f   umodsys_lib_base:umodsys.base.moduleregchain.obj
 0001:00002d20       ?mlr_close@RModuleLibraryReg_Chain@base@UModSys@@UAE_NXZ 10003d20 f   umodsys_lib_base:umodsys.base.moduleregchain.obj
 0001:00002d50       ?mlr_open@RModuleLibraryReg_Chain@base@UModSys@@UAE_NPAUISystem@23@PAUIMemAlloc@core@3@@Z 10003d50 f   umodsys_lib_base:umodsys.base.moduleregchain.obj
 0001:00002d80       ?mlr_get@RModuleLibraryReg_Chain@base@UModSys@@UBEPAUIModuleReg@23@I@Z 10003d80 f   umodsys_lib_base:umodsys.base.moduleregchain.obj
 0001:00002d90       ?mlr_count@RModuleLibraryReg_Chain@base@UModSys@@UBEIXZ 10003d90 f   umodsys_lib_base:umodsys.base.moduleregchain.obj
 0001:00002db0       ??0SModuleRegChain@base@UModSys@@QAE@H@Z 10003db0 f   umodsys_lib_base:umodsys.base.moduleregchain.obj
 0001:00002dc0       ??1SModuleInfo@base@UModSys@@QAE@XZ 10003dc0 f   umodsys_lib_base:umodsys.base.moduleinfo.obj
 0001:00002dd0       ?set@SModuleInfo@base@UModSys@@QAEXPBDHH0@Z 10003dd0 f   umodsys_lib_base:umodsys.base.moduleinfo.obj
 0001:00002e40       ??0SModuleInfo@base@UModSys@@QAE@PBDHH0@Z 10003e40 f   umodsys_lib_base:umodsys.base.moduleinfo.obj
 0001:00002ec0       ?unlink@SMemorySharedData@core@UModSys@@QAEXPBUSSourceContext@23@@Z 10003ec0 f   umodsys_lib_base:umodsys.base.modulecontext.obj
 0001:00002ee0       ?link@SMemorySharedData@core@UModSys@@QAEXPBUSSourceContext@23@@Z 10003ee0 f   umodsys_lib_base:umodsys.base.modulecontext.obj
 0001:00002ef0       ?Link@SModuleContext@base@UModSys@@QAEXPAUISystem@23@PAUIMemAlloc@core@3@@Z 10003ef0 f   umodsys_lib_base:umodsys.base.modulecontext.obj
 0001:00002f50       ??1SModuleContext@base@UModSys@@QAE@XZ 10003f50 f   umodsys_lib_base:umodsys.base.modulecontext.obj
 0001:00002f60       ?new_data@SMemorySharedData@core@UModSys@@SAPAU123@PAUIMemAlloc@23@IPBUSSourceContext@23@@Z 10003f60 f   umodsys_lib_base:umodsys.base.modulecontext.obj
 0001:00002f80       ?get_paramworker@SParameters@core@UModSys@@KAPAUIParameters@23@XZ 10003f80 f   umodsys_lib_base:umodsys.base.modulecontext.obj
 0001:00002f90       ?shared_memory@UModSys@@YAABUSIMemAlloc@core@1@XZ 10003f90 f   umodsys_lib_base:umodsys.base.modulecontext.obj
 0001:00002fa0       ?local_memory@UModSys@@YAABUSIMemAlloc@core@1@XZ 10003fa0 f   umodsys_lib_base:umodsys.base.modulecontext.obj
 0001:00002fb0       ??0SModuleContext@base@UModSys@@QAE@XZ 10003fb0 f   umodsys_lib_base:umodsys.base.modulecontext.obj
 0001:00002fd0       ?mod_dec@RGenerator@test1@test@modules@UModSys@@UBE_NXZ 10003fd0 f   plugin_test1.obj
 0001:00002fe0       ?mod_inc@RGenerator@test1@test@modules@UModSys@@UBE_NXZ 10003fe0 f   plugin_test1.obj
 0001:00002ff0       ?get_module@RGenerator@test1@test@modules@UModSys@@UBEPAUIModule@base@5@XZ 10003ff0 f   plugin_test1.obj
 0001:00003000       ?s_holder@RGenerator@test1@test@modules@UModSys@@SAAAU?$TTypeStaticHolder@URGenerator@test1@test@modules@UModSys@@@tl@5@XZ 10004000 f   plugin_test1.obj
 0001:00003040       ?test_op_file@RTest1_Shell@test1@test@modules@UModSys@@QAEX_NABU?$TString@U?$TSCoreConst@D@su@tl@UModSys@@U?$TComparerBinaryHash@D@234@@tl@5@1@Z 10004040 f   plugin_test1.obj
 0001:00003080       ?dump_str@RTest1_Shell@test1@test@modules@UModSys@@QAEXPBDI@Z 10004080 f   plugin_test1.obj
 0001:000033b0       ?s_unreg@RGenerator@test1@test@modules@UModSys@@SA_NPAUIModuleReg@base@5@@Z 100043b0 f   plugin_test1.obj
 0001:00003400       ?s_reg@RGenerator@test1@test@modules@UModSys@@SA_NPAUIModuleReg@base@5@@Z 10004400 f   plugin_test1.obj
 0001:00003460       ?test_op_file@RTest1_Shell@test1@test@modules@UModSys@@QAEX_NABU?$TString@U?$TSCoreConst@D@su@tl@UModSys@@U?$TComparerBinaryHash@D@234@@tl@5@AAUSCMemShared@core@5@0@Z 10004460 f   plugin_test1.obj
 0001:00003540       ?file_test1@RTest1_Shell@test1@test@modules@UModSys@@QAEXXZ 10004540 f   plugin_test1.obj
 0001:00003870       ?media_cache@RTest1_Shell@test1@test@modules@UModSys@@QAE?AU?$TRefObject@UILibrary@libmedia@UModSys@@U?$TRefObjectFunc@UILibrary@libmedia@UModSys@@@tl@3@@tl@5@_N@Z 10004870 f   plugin_test1.obj
 0001:00003b50       ?media_lay@RTest1_Shell@test1@test@modules@UModSys@@QAE?AU?$TRefObject@UILibraryLayered@libmedia@UModSys@@U?$TRefObjectFunc@UILibraryLayered@libmedia@UModSys@@@tl@3@@tl@5@XZ 10004b50 f   plugin_test1.obj
 0001:00003cf0       ?media_flt@RTest1_Shell@test1@test@modules@UModSys@@QAE?AU?$TRefObject@UILibraryObjFilter@libmedia@UModSys@@U?$TRefObjectFunc@UILibraryObjFilter@libmedia@UModSys@@@tl@3@@tl@5@XZ 10004cf0 f   plugin_test1.obj
 0001:00003e90       ?media_vfs@RTest1_Shell@test1@test@modules@UModSys@@QAE?AU?$TRefObject@UILibraryBinTree@libmedia@UModSys@@U?$TRefObjectFunc@UILibraryBinTree@libmedia@UModSys@@@tl@3@@tl@5@XZ 10004e90 f   plugin_test1.obj
 0001:00004030       ?media_arch_stdio@RTest1_Shell@test1@test@modules@UModSys@@QAE?AU?$TRefObject@UIBinArchive@libmedia@UModSys@@U?$TRefObjectFunc@UIBinArchive@libmedia@UModSys@@@tl@3@@tl@5@ABU?$TString@U?$TSCoreConst@D@su@tl@UModSys@@U?$TComparerBinaryHash@D@234@@75@@Z 10005030 f   plugin_test1.obj
 0001:000041f0       ?file_test5@RTest1_Shell@test1@test@modules@UModSys@@QAEXXZ 100051f0 f   plugin_test1.obj
 0001:000049e0       ?file_test4@RTest1_Shell@test1@test@modules@UModSys@@QAEXXZ 100059e0 f   plugin_test1.obj
 0001:00004dc0       ?file_test3@RTest1_Shell@test1@test@modules@UModSys@@QAEXXZ 10005dc0 f   plugin_test1.obj
 0001:00004f80       ?file_test2@RTest1_Shell@test1@test@modules@UModSys@@QAEXXZ 10005f80 f   plugin_test1.obj
 0001:00005240       ?add@SUniquePtrList@core@UModSys@@QAE_NPBUSUniquePointerInfo@23@@Z 10006240 f   umodsys_lib_core:umodsys.core.uniqueptrlist.obj
 0001:00005282       _memcpy                    10006282 f   MSVCRT:MSVCR90.dll
 0001:00005290       ___CxxFrameHandler3        10006290 f   MSVCRT:MSVCR90.dll
 0002:00000000       __imp__SetUnhandledExceptionFilter@4 10007000     kernel32:KERNEL32.dll
 0002:00000004       __imp__UnhandledExceptionFilter@4 10007004     kernel32:KERNEL32.dll
 0002:00000008       __imp__GetCurrentProcess@0 10007008     kernel32:KERNEL32.dll
 0002:0000000c       __imp__TerminateProcess@8  1000700c     kernel32:KERNEL32.dll
 0002:00000010       __imp__GetSystemTimeAsFileTime@4 10007010     kernel32:KERNEL32.dll
 0002:00000014       __imp__GetCurrentProcessId@0 10007014     kernel32:KERNEL32.dll
 0002:00000018       __imp__GetCurrentThreadId@0 10007018     kernel32:KERNEL32.dll
 0002:0000001c       __imp__GetTickCount@0      1000701c     kernel32:KERNEL32.dll
 0002:00000020       __imp__QueryPerformanceCounter@4 10007020     kernel32:KERNEL32.dll
 0002:00000024       __imp__DisableThreadLibraryCalls@4 10007024     kernel32:KERNEL32.dll
 0002:00000028       __imp__InterlockedCompareExchange@12 10007028     kernel32:KERNEL32.dll
 0002:0000002c       __imp__Sleep@4             1000702c     kernel32:KERNEL32.dll
 0002:00000030       __imp__InterlockedExchange@8 10007030     kernel32:KERNEL32.dll
 0002:00000034       __imp__IsDebuggerPresent@0 10007034     kernel32:KERNEL32.dll
 0002:00000038       \177KERNEL32_NULL_THUNK_DATA 10007038     kernel32:KERNEL32.dll
 0002:0000003c       __imp___adjust_fdiv        1000703c     MSVCRT:MSVCR90.dll
 0002:00000040       __imp____CppXcptFilter     10007040     MSVCRT:MSVCR90.dll
 0002:00000044       __imp___amsg_exit          10007044     MSVCRT:MSVCR90.dll
 0002:00000048       __imp_?terminate@@YAXXZ    10007048     MSVCRT:MSVCR90.dll
 0002:0000004c       __imp_?_type_info_dtor_internal_method@type_info@@QAEXXZ 1000704c     MSVCRT:MSVCR90.dll
 0002:00000050       __imp____clean_type_info_names_internal 10007050     MSVCRT:MSVCR90.dll
 0002:00000054       __imp___crt_debugger_hook  10007054     MSVCRT:MSVCR90.dll
 0002:00000058       __imp___initterm_e         10007058     MSVCRT:MSVCR90.dll
 0002:0000005c       __imp___initterm           1000705c     MSVCRT:MSVCR90.dll
 0002:00000060       __imp___encoded_null       10007060     MSVCRT:MSVCR90.dll
 0002:00000064       __imp__free                10007064     MSVCRT:MSVCR90.dll
 0002:00000068       __imp___malloc_crt         10007068     MSVCRT:MSVCR90.dll
 0002:0000006c       __imp___decode_pointer     1000706c     MSVCRT:MSVCR90.dll
 0002:00000070       __imp___onexit             10007070     MSVCRT:MSVCR90.dll
 0002:00000074       __imp___lock               10007074     MSVCRT:MSVCR90.dll
 0002:00000078       __imp___encode_pointer     10007078     MSVCRT:MSVCR90.dll
 0002:0000007c       __imp____dllonexit         1000707c     MSVCRT:MSVCR90.dll
 0002:00000080       __imp___unlock             10007080     MSVCRT:MSVCR90.dll
 0002:00000084       __imp_??3@YAXPAX@Z         10007084     MSVCRT:MSVCR90.dll
 0002:00000088       __imp___purecall           10007088     MSVCRT:MSVCR90.dll
 0002:0000008c       __imp___except_handler4_common 1000708c     MSVCRT:MSVCR90.dll
 0002:00000090       __imp__strncmp             10007090     MSVCRT:MSVCR90.dll
 0002:00000094       __imp__memcpy              10007094     MSVCRT:MSVCR90.dll
 0002:00000098       __imp____CxxFrameHandler3  10007098     MSVCRT:MSVCR90.dll
 0002:0000009c       \177MSVCR90_NULL_THUNK_DATA 1000709c     MSVCRT:MSVCR90.dll
 0002:000000a0       ___xc_a                    100070a0     MSVCRT:cinitexe.obj
 0002:00000250       ___xc_z                    10007250     MSVCRT:cinitexe.obj
 0002:00000254       ___xi_a                    10007254     MSVCRT:cinitexe.obj
 0002:0000025c       ___xi_z                    1000725c     MSVCRT:cinitexe.obj
 0002:00000264       ??_7type_info@@6B@         10007264     MSVCRT:ti_inst.obj
 0002:00000268       __pRawDllMain              10007268     MSVCRT:crtdll.obj
 0002:00000268       __pDefaultRawDllMain       10007268     MSVCRT:crtdll.obj
 0002:00000274       ??_C@_0P@GHFPNOJB@bad?5allocation?$AA@ 10007274     plugin_test1.obj
 0002:00000284       ??_C@_0BF@OCNNAADO@UModSys?3?3core?3?3IRoot?$AA@ 10007284     plugin_test1.obj
 0002:0000029c       ??_C@_0BK@EMIJFOPA@UModSys?3?3core?3?3IRefObject?$AA@ 1000729c     plugin_test1.obj
 0002:000002b8       ??_C@_0BL@IOMMHELF@UModSys?3?3core?3?3IParameters?$AA@ 100072b8     plugin_test1.obj
 0002:000002d4       ??_C@_0BH@LKDEEPPM@UModSys?3?3base?3?3IModule?$AA@ 100072d4     plugin_test1.obj
 0002:000002ec       ??_C@_0BO@PHJOHFCB@UModSys?3?3base?3?3IModuleLibrary?$AA@ 100072ec     plugin_test1.obj
 0002:0000030c       ??_C@_0BK@FDPIOPHG@UModSys?3?3base?3?3IModObject?$AA@ 1000730c     plugin_test1.obj
 0002:00000328       ??_C@_0BK@OIBKNCKJ@UModSys?3?3base?3?3IGenerator?$AA@ 10007328     plugin_test1.obj
 0002:00000344       ??_C@_0BG@PJBGCMEC@UModSys?3?3base?3?3IShell?$AA@ 10007344     plugin_test1.obj
 0002:0000035c       ??_C@_0BI@IKAOEFAP@UModSys?3?3base?3?3IConsole?$AA@ 1000735c     plugin_test1.obj
 0002:00000374       ??_C@_0BH@PFCONEJJ@UModSys?3?3base?3?3ISystem?$AA@ 10007374     plugin_test1.obj
 0002:0000038c       ??_C@_0CB@CLGNFEGF@UModSys?3?3libmedia?3?3IStreamReader@ 1000738c     plugin_test1.obj
 0002:000003b0       ??_C@_0CB@HOPFFLP@UModSys?3?3libmedia?3?3IStreamWriter@ 100073b0     plugin_test1.obj
 0002:000003d4       ??_C@_0BP@KCJMEDNO@UModSys?3?3libmedia?3?3IBinArchive?$AA@ 100073d4     plugin_test1.obj
 0002:000003f4       ??_C@_0CB@FDEKNMGJ@UModSys?3?3libmedia?3?3IBinObjFilter@ 100073f4     plugin_test1.obj
 0002:00000418       ??_C@_0BM@DPCMOAPM@UModSys?3?3libmedia?3?3ILibrary?$AA@ 10007418     plugin_test1.obj
 0002:00000434       ??_C@_0CD@ELIFEGE@UModSys?3?3libmedia?3?3ILibraryBinTr@ 10007434     plugin_test1.obj
 0002:00000458       ??_C@_0CE@EGHBJBAJ@UModSys?3?3libmedia?3?3ILibraryBinCa@ 10007458     plugin_test1.obj
 0002:0000047c       ??_C@_0CF@LBIGBLOK@UModSys?3?3libmedia?3?3ILibraryObjFi@ 1000747c     plugin_test1.obj
 0002:000004a4       ??_C@_0CE@BOBLEOBL@UModSys?3?3libmedia?3?3ILibraryObjCa@ 100074a4     plugin_test1.obj
 0002:000004c8       ??_C@_0CD@LJFEJKGF@UModSys?3?3libmedia?3?3ILibraryLayer@ 100074c8     plugin_test1.obj
 0002:000004ec       ??_C@_0CG@DNABKNDD@UModSys?3?3modules?3?3test?3?3test1?3?3I@ 100074ec     plugin_test1.obj
 0002:00000514       ??_C@_0CG@FINIGFAH@UModSys?3?3modules?3?3test?3?3test1?3?3R@ 10007514     plugin_test1.obj
 0002:0000053c       ??_C@_0CN@EFAOPDDB@UModSys?3?3modules?3?3test?3?3test1?3?3R@ 1000753c     plugin_test1.obj
 0002:0000056c       ??_C@_0O@FHILABOO@test1?3?3ILines?$AA@ 1000756c     plugin_test1.obj
 0002:0000057c       ??_C@_0CM@LNHNHIJB@UModSys?3?3modules?3?3test?3?3test1?3?3R@ 1000757c     plugin_test1.obj
 0002:000005a8       ??_C@_0BC@NIGGCDMG@RTest1_Shell?$CI?$CJ?5?$HL?6?$AA@ 100075a8     plugin_test1.obj
 0002:000005bc       ??_C@_0DK@JIEMIEKA@UModSys?3?3modules?3?3test?3?3test1?3?3R@ 100075bc     plugin_test1.obj
 0002:000005f8       ??_C@_0CK@OICDGBDJ@?4?4?2?4?4?2?4?4?2src?2plugin?2test?2plugin_@ 100075f8     plugin_test1.obj
 0002:00000624       ??_C@_0BF@BMCPNMPN@?$HN?5?1?1?5RTest1_Shell?$CI?$CJ?6?$AA@ 10007624     plugin_test1.obj
 0002:0000063c       ??_C@_0DL@OIAHAJF@UModSys?3?3modules?3?3test?3?3test1?3?3R@ 1000763c     plugin_test1.obj
 0002:00000678       ??_C@_0BB@MLDFLEML@?$HORTest1_Shell?$CI?$CJ?6?$AA@ 10007678     plugin_test1.obj
 0002:0000068c       ??_C@_0BJ@CCPCJEPP@RTest1_Shell?3?3connect?$CI?$CJ?6?$AA@ 1000768c     plugin_test1.obj
 0002:000006a8       ??_C@_0BM@KBDBHLN@RTest1_Shell?3?3disconnect?$CI?$CJ?6?$AA@ 100076a8     plugin_test1.obj
 0002:000006c4       ??_C@_0BI@PGLACHLJ@RTest1_Shell?3?3tick?$CI?$CFg?$CJ?6?$AA@ 100076c4     plugin_test1.obj
 0002:000006dc       ??_C@_0BM@JFIEEBE@RTest1_Shell?3?3command?$CI?$CD?$CFd?$CJ?6?$AA@ 100076dc     plugin_test1.obj
 0002:000006f8       ??_C@_06FIJELGDL@?2x?$CF02x?$AA@ 100076f8     plugin_test1.obj
 0002:00000700       ??_C@_01KICIPPFI@?2?$AA@   10007700     plugin_test1.obj
 0002:00000704       ??_C@_02HAOIJKIC@?$CFc?$AA@ 10007704     plugin_test1.obj
 0002:00000708       ??_C@_02DKCKIIND@?$CFs?$AA@ 10007708     plugin_test1.obj
 0002:0000070c       ??_C@_0M@LAGNAJEJ@?$CK?3?3stdio?3?3?$CK?$AA@ 1000770c     plugin_test1.obj
 0002:00000718       ??_C@_08PEIJGPHF@pathname?$AA@ 10007718     plugin_test1.obj
 0002:00000724       ??_C@_0CE@DDDCOPAP@?5?5found?5sys?5archive?5?$HL?$CFs?$HN?3?5?$CFs?5?$DN?$DO?5@ 10007724     plugin_test1.obj
 0002:00000748       ??_C@_0BJ@IMDALNCM@?5?5fail?5sys?5archive?5?$HL?$CFs?$HN?6?$AA@ 10007748     plugin_test1.obj
 0002:00000764       ??_C@_09BDJIOBCO@?$CK?3?3std?3?3?$CK?$AA@ 10007764     plugin_test1.obj
 0002:00000770       ??_C@_0CB@FNBGJIKO@?5?5found?5lib?$CIbin?9tree?$CJ?3?5?$CFs?5?$DN?$DO?5?$CFp?6@ 10007770     plugin_test1.obj
 0002:00000794       ??_C@_0BG@PJBMFLKD@?5?5fail?5lib?$CIbin?9tree?$CJ?6?$AA@ 10007794     plugin_test1.obj
 0002:000007ac       ??_C@_0CD@CHNIFODL@?5?5found?5lib?$CIobj?9filter?$CJ?3?5?$CFs?5?$DN?$DO?5?$CF@ 100077ac     plugin_test1.obj
 0002:000007d0       ??_C@_0BI@PPPKFCAB@?5?5fail?5lib?$CIobj?9filter?$CJ?6?$AA@ 100077d0     plugin_test1.obj
 0002:000007e8       ??_C@_0CA@BADNNAAP@?5?5found?5lib?$CIlayered?$CJ?3?5?$CFs?5?$DN?$DO?5?$CFp?6?$AA@ 100077e8     plugin_test1.obj
 0002:00000808       ??_C@_0BF@JKNGHICK@?5?5fail?5lib?$CIlayered?$CJ?6?$AA@ 10007808     plugin_test1.obj
 0002:00000820       ??_C@_0CC@IFDNAANN@?5?5found?5lib?$CIobj?9cache?$CJ?3?5?$CFs?5?$DN?$DO?5?$CFp@ 10007820     plugin_test1.obj
 0002:00000844       ??_C@_0BH@OEOEKGKC@?5?5fail?5lib?$CIobj?9cache?$CJ?6?$AA@ 10007844     plugin_test1.obj
 0002:0000085c       ??_C@_0CC@GHPGLBNB@?5?5found?5lib?$CIbin?9cache?$CJ?3?5?$CFs?5?$DN?$DO?5?$CFp@ 1000785c     plugin_test1.obj
 0002:00000880       ??_C@_0BH@FAIBIAHC@?5?5fail?5lib?$CIbin?9cache?$CJ?6?$AA@ 10007880     plugin_test1.obj
 0002:00000898       ??_C@_0BD@PBBJPCDE@?5?5?$CFs?5file?5?$HL?$CFs?$HN?5ok?6?$AA@ 10007898     plugin_test1.obj
 0002:000008ac       ??_C@_0BG@CIDNJACF@?5?5ERROR?5?$CFs?5file?5?$HL?$CFs?$HN?6?$AA@ 100078ac     plugin_test1.obj
 0002:000008c4       ??_C@_0BP@NKNCNOOM@?5?5load?5file?5?$HL?$CFs?$HN?5ok?0?5size?3?$CFu?5?$HL?$AA@ 100078c4     plugin_test1.obj
 0002:000008e4       ??_C@_02KGHIDFGE@?$HN?6?$AA@ 100078e4     plugin_test1.obj
 0002:000008e8       ??_C@_0BI@FELDDFOD@?5?5ERROR?5load?5file?5?$HL?$CFs?$HN?6?$AA@ 100078e8     plugin_test1.obj
 0002:00000900       ??_C@_0BO@KBOCKJIB@?5?5save?5file?5?$HL?$CFs?$HN?5ok?0?5size?3?$CFu?6?$AA@ 10007900     plugin_test1.obj
 0002:00000920       ??_C@_0BI@POEDLBL@?5?5ERROR?5save?5file?5?$HL?$CFs?$HN?6?$AA@ 10007920     plugin_test1.obj
 0002:00000938       ??_C@_0BG@GBKKPOOO@?$CK?$CK?$CK?$CK?$CK?$CK?$CK?$CK?5file?5test?51?6?$AA@ 10007938     plugin_test1.obj
 0002:00000950       ??_C@_0O@CMKKEPPD@read?9test?4txt?$AA@ 10007950     plugin_test1.obj
 0002:00000960       ??_C@_08BABJIOEM@filename?$AA@ 10007960     plugin_test1.obj
 0002:0000096c       ??_C@_0BK@JMHCEPK@?5?5found?5reader?3?5?$CFs?5?$DN?$DO?5?$CFp?6?$AA@ 1000796c     plugin_test1.obj
 0002:00000988       ??_C@_0P@HIBABMLC@write?9test?4txt?$AA@ 10007988     plugin_test1.obj
 0002:00000998       ??_C@_04FAOFCKOL@safe?$AA@ 10007998     plugin_test1.obj
 0002:000009a0       ??_C@_0BK@ONIPKACL@?5?5found?5writer?3?5?$CFs?5?$DN?$DO?5?$CFp?6?$AA@ 100079a0     plugin_test1.obj
 0002:000009bc       ??_C@_09CCCIBADP@?5?5read?3?5?$HL?$AA@ 100079bc     plugin_test1.obj
 0002:000009c8       ??_C@_0L@BBJPPDJK@?5?5written?6?$AA@ 100079c8     plugin_test1.obj
 0002:000009d4       ??_C@_0BG@GDOMEALH@?$CK?$CK?$CK?$CK?$CK?$CK?$CK?$CK?5file?5test?52?6?$AA@ 100079d4     plugin_test1.obj
 0002:000009ec       ??_C@_01LFCBOECM@?4?$AA@   100079ec     plugin_test1.obj
 0002:000009f0       ??_C@_0BC@MCEOIEIN@?5?5gen?5reader?3?5?$CFp?6?$AA@ 100079f0     plugin_test1.obj
 0002:00000a04       ??_C@_0BC@GCDHCAFA@?5?5gen?5writer?3?5?$CFp?6?$AA@ 10007a04     plugin_test1.obj
 0002:00000a18       ??_C@_0BG@GCCOCKIA@?$CK?$CK?$CK?$CK?$CK?$CK?$CK?$CK?5file?5test?53?6?$AA@ 10007a18     plugin_test1.obj
 0002:00000a30       ??_C@_0BG@GHGBDMAF@?$CK?$CK?$CK?$CK?$CK?$CK?$CK?$CK?5file?5test?54?6?$AA@ 10007a30     plugin_test1.obj
 0002:00000a48       ??_C@_01KMDKNFGN@?1?$AA@   10007a48     plugin_test1.obj
 0002:00000a4c       ??_C@_0M@PCCOIOKO@?4?1write?9dir?$AA@ 10007a4c     plugin_test1.obj
 0002:00000a58       ??_C@_0P@PGIPMINA@?1read?9test?4txt?$AA@ 10007a58     plugin_test1.obj
 0002:00000a68       ??_C@_0BA@NKKNEIEH@?1write?9test?4txt?$AA@ 10007a68     plugin_test1.obj
 0002:00000a78       ??_C@_0BG@GGKDFGDC@?$CK?$CK?$CK?$CK?$CK?$CK?$CK?$CK?5file?5test?55?6?$AA@ 10007a78     plugin_test1.obj
 0002:00000a90       ??_C@_0BE@MCKHKGMO@new?5object?5?$FLILines?$FN?$AA@ 10007a90     plugin_test1.obj
 0002:00000aa4       ??_C@_0BA@HKKFMIEN@?5?5ILines?3?5?$CFp?5?$HL?6?$AA@ 10007aa4     plugin_test1.obj
 0002:00000ab4       ??_C@_0BB@IMFADNOI@?5?5?5?5line?5?$CFu?3?5?$CFs?6?$AA@ 10007ab4     plugin_test1.obj
 0002:00000ac8       ??_C@_0BB@EMFEGJMB@?5?5?$HN?5ILines?3?5?$CFp?5?6?$AA@ 10007ac8     plugin_test1.obj
 0002:00000adc       ??_C@_0BF@DIFJPKPH@save?5object?5?$FLILines?$FN?$AA@ 10007adc     plugin_test1.obj
 0002:00000af4       ??_C@_0BC@IJDEIGFA@?1write?9test?92?4txt?$AA@ 10007af4     plugin_test1.obj
 0002:00000b08       ??_C@_0CK@DEJPICLK@UModSys?3?3modules?3?3test?3?3test1?3?3R@ 10007b08     plugin_test1.obj
 0002:00000b34       ??_C@_0DD@HMBJLEH@UMODSYS_MODULE_NAME?$CItest?0test1?$CJ?3@ 10007b34     plugin_test1.obj
 0002:00000b67       ??_C@_00CNPNBAHC@?$AA@     10007b67     plugin_test1.obj
 0002:00000b68       ??_C@_0N@FOCLJAHI@tests?3?3test1?$AA@ 10007b68     plugin_test1.obj
 0002:00000b78       ??_C@_0BA@NMEBLMNE@Test?51?5?9?5module?$AA@ 10007b78     plugin_test1.obj
 0002:00000b88       ??_C@_05GENPCEMM@Test1?$AA@ 10007b88     plugin_test1.obj
 0002:00000b90       ??_C@_0BE@HJEBHPIG@RModuleReg?3?3open?$CI?$CJ?6?$AA@ 10007b90     plugin_test1.obj
 0002:00000ba4       ??_C@_0BF@KIBBFLP@RModuleReg?3?3close?$CI?$CJ?6?$AA@ 10007ba4     plugin_test1.obj
 0002:00000bbc       ??_C@_09JGNMLHG@modobject?$AA@ 10007bbc     plugin_test1.obj
 0002:00000bc8       ??_C@_08FCBDOIAH@typeinfo?$AA@ 10007bc8     plugin_test1.obj
 0002:00000bd8       ??_7IRoot@core@UModSys@@6B@ 10007bd8     plugin_test1.obj
 0002:00000bfc       ??_7IRefObject@core@UModSys@@6B@ 10007bfc     plugin_test1.obj
 0002:00000c30       ??_7ISetter@SFlags@libmedia@UModSys@@6B@ 10007c30     plugin_test1.obj
 0002:00000c40       ??_7ILines@test1@test@modules@UModSys@@6B@ 10007c40     plugin_test1.obj
 0002:00000c74       ??_7RLines@test1@test@modules@UModSys@@6B@ 10007c74     plugin_test1.obj
 0002:00000cac       ??_7RLines_Filter@test1@test@modules@UModSys@@6BIRefObject@core@4@@ 10007cac     plugin_test1.obj
 0002:00000cec       ??_7RLines_Filter@test1@test@modules@UModSys@@6BISetter@SFlags@libmedia@4@@ 10007cec     plugin_test1.obj
 0002:00000cfc       ??_7RTest1_Shell@test1@test@modules@UModSys@@6B@ 10007cfc     plugin_test1.obj
 0002:00000d44       ??_7RGenerator@test1@test@modules@UModSys@@6B@ 10007d44     plugin_test1.obj
 0002:00000d94       ??_7RModuleReg@test1@test@modules@UModSys@@6B@ 10007d94     plugin_test1.obj
 0002:00000db0       ??_7RModuleLibraryReg_Chain@base@UModSys@@6B@ 10007db0     umodsys_lib_base:umodsys.base.moduleregchain.obj
 0002:00000dcc       ??_7IModuleReg@base@UModSys@@6B@ 10007dcc     umodsys_lib_base:umodsys.base.modulereg.obj
 0002:00000de8       ??_7IModuleLibraryReg@base@UModSys@@6B@ 10007de8     umodsys_lib_base:umodsys.base.modulereg.obj
 0002:00000e00       __real@3f50624dd2f1a9fc    10007e00      CIL library: CIL module
 0002:00000e08       __load_config_used         10007e08     MSVCRT:loadcfg.obj
 0002:00000e50       ??_R4type_info@@6B@        10007e50     MSVCRT:ti_inst.obj
 0002:00000e64       ??_R3type_info@@8          10007e64     MSVCRT:ti_inst.obj
 0002:00000e74       ??_R2type_info@@8          10007e74     MSVCRT:ti_inst.obj
 0002:00000e7c       ??_R1A@?0A@EA@type_info@@8 10007e7c     MSVCRT:ti_inst.obj
 0002:00000e98       ??_R4RModuleReg@test1@test@modules@UModSys@@6B@ 10007e98     plugin_test1.obj
 0002:00000eac       ??_R3RModuleReg@test1@test@modules@UModSys@@8 10007eac     plugin_test1.obj
 0002:00000ebc       ??_R2RModuleReg@test1@test@modules@UModSys@@8 10007ebc     plugin_test1.obj
 0002:00000ec8       ??_R1A@?0A@EA@IModuleReg@base@UModSys@@8 10007ec8     plugin_test1.obj
 0002:00000ee4       ??_R3IModuleReg@base@UModSys@@8 10007ee4     plugin_test1.obj
 0002:00000ef4       ??_R2IModuleReg@base@UModSys@@8 10007ef4     plugin_test1.obj
 0002:00000efc       ??_R1A@?0A@EA@RModuleReg@test1@test@modules@UModSys@@8 10007efc     plugin_test1.obj
 0002:00000f18       ??_R4RGenerator@test1@test@modules@UModSys@@6B@ 10007f18     plugin_test1.obj
 0002:00000f2c       ??_R3RGenerator@test1@test@modules@UModSys@@8 10007f2c     plugin_test1.obj
 0002:00000f3c       ??_R2RGenerator@test1@test@modules@UModSys@@8 10007f3c     plugin_test1.obj
 0002:00000f54       ??_R1A@?0A@EA@RGenerator@test1@test@modules@UModSys@@8 10007f54     plugin_test1.obj
 0002:00000f70       ??_R4RTest1_Shell@test1@test@modules@UModSys@@6B@ 10007f70     plugin_test1.obj
 0002:00000f84       ??_R3RTest1_Shell@test1@test@modules@UModSys@@8 10007f84     plugin_test1.obj
 0002:00000f94       ??_R2RTest1_Shell@test1@test@modules@UModSys@@8 10007f94     plugin_test1.obj
 0002:00000fa8       ??_R1A@?0A@EA@RTest1_Shell@test1@test@modules@UModSys@@8 10007fa8     plugin_test1.obj
 0002:00000fc4       ??_R4RLines_Filter@test1@test@modules@UModSys@@6BISetter@SFlags@libmedia@4@@ 10007fc4     plugin_test1.obj
 0002:00000fd8       ??_R4RLines_Filter@test1@test@modules@UModSys@@6BIRefObject@core@4@@ 10007fd8     plugin_test1.obj
 0002:00000fec       ??_R3RLines_Filter@test1@test@modules@UModSys@@8 10007fec     plugin_test1.obj
 0002:00000ffc       ??_R2RLines_Filter@test1@test@modules@UModSys@@8 10007ffc     plugin_test1.obj
 0002:0000101c       ??_R1A@?0A@EA@RLines_Filter@test1@test@modules@UModSys@@8 1000801c     plugin_test1.obj
 0002:00001038       ??_R4RLines@test1@test@modules@UModSys@@6B@ 10008038     plugin_test1.obj
 0002:0000104c       ??_R3RLines@test1@test@modules@UModSys@@8 1000804c     plugin_test1.obj
 0002:0000105c       ??_R2RLines@test1@test@modules@UModSys@@8 1000805c     plugin_test1.obj
 0002:00001070       ??_R1A@?0A@EA@RLines@test1@test@modules@UModSys@@8 10008070     plugin_test1.obj
 0002:0000108c       ??_R4ILines@test1@test@modules@UModSys@@6B@ 1000808c     plugin_test1.obj
 0002:000010a0       ??_R3ILines@test1@test@modules@UModSys@@8 100080a0     plugin_test1.obj
 0002:000010b0       ??_R2ILines@test1@test@modules@UModSys@@8 100080b0     plugin_test1.obj
 0002:000010c0       ??_R1A@?0A@EA@ILines@test1@test@modules@UModSys@@8 100080c0     plugin_test1.obj
 0002:000010dc       ??_R4ISetter@SFlags@libmedia@UModSys@@6B@ 100080dc     plugin_test1.obj
 0002:000010f0       ??_R3IBinObjFilter@libmedia@UModSys@@8 100080f0     plugin_test1.obj
 0002:00001100       ??_R2IBinObjFilter@libmedia@UModSys@@8 10008100     plugin_test1.obj
 0002:0000111c       ??_R13?0A@EA@IResolver@SFlags@libmedia@UModSys@@8 1000811c     plugin_test1.obj
 0002:00001138       ??_R13?0A@EA@IResolverAuto@SFlags@libmedia@UModSys@@8 10008138     plugin_test1.obj
 0002:00001154       ??_R13?0A@EA@ISetter@SFlags@libmedia@UModSys@@8 10008154     plugin_test1.obj
 0002:00001170       ??_R3ISetter@SFlags@libmedia@UModSys@@8 10008170     plugin_test1.obj
 0002:00001180       ??_R2ISetter@SFlags@libmedia@UModSys@@8 10008180     plugin_test1.obj
 0002:00001190       ??_R1A@?0A@EA@IResolverAuto@SFlags@libmedia@UModSys@@8 10008190     plugin_test1.obj
 0002:000011ac       ??_R3IResolverAuto@SFlags@libmedia@UModSys@@8 100081ac     plugin_test1.obj
 0002:000011bc       ??_R2IResolverAuto@SFlags@libmedia@UModSys@@8 100081bc     plugin_test1.obj
 0002:000011c8       ??_R1A@?0A@EA@IResolver@SFlags@libmedia@UModSys@@8 100081c8     plugin_test1.obj
 0002:000011e4       ??_R3IResolver@SFlags@libmedia@UModSys@@8 100081e4     plugin_test1.obj
 0002:000011f4       ??_R2IResolver@SFlags@libmedia@UModSys@@8 100081f4     plugin_test1.obj
 0002:000011fc       ??_R1A@?0A@EA@ISetter@SFlags@libmedia@UModSys@@8 100081fc     plugin_test1.obj
 0002:00001218       ??_R1A@?0A@EA@IBinObjFilter@libmedia@UModSys@@8 10008218     plugin_test1.obj
 0002:00001234       ??_R3IShell@base@UModSys@@8 10008234     plugin_test1.obj
 0002:00001244       ??_R2IShell@base@UModSys@@8 10008244     plugin_test1.obj
 0002:00001254       ??_R1A@?0A@EA@IShell@base@UModSys@@8 10008254     plugin_test1.obj
 0002:00001270       ??_R3IGenerator@base@UModSys@@8 10008270     plugin_test1.obj
 0002:00001280       ??_R2IGenerator@base@UModSys@@8 10008280     plugin_test1.obj
 0002:00001294       ??_R1A@?0A@EA@IGenerator@base@UModSys@@8 10008294     plugin_test1.obj
 0002:000012b0       ??_R3IModObject@base@UModSys@@8 100082b0     plugin_test1.obj
 0002:000012c0       ??_R2IModObject@base@UModSys@@8 100082c0     plugin_test1.obj
 0002:000012d0       ??_R1A@?0A@EA@IModObject@base@UModSys@@8 100082d0     plugin_test1.obj
 0002:000012ec       ??_R4IRefObject@core@UModSys@@6B@ 100082ec     plugin_test1.obj
 0002:00001300       ??_R3IRefObject@core@UModSys@@8 10008300     plugin_test1.obj
 0002:00001310       ??_R2IRefObject@core@UModSys@@8 10008310     plugin_test1.obj
 0002:0000131c       ??_R1A@?0A@EA@IRefObject@core@UModSys@@8 1000831c     plugin_test1.obj
 0002:00001338       ??_R4IRoot@core@UModSys@@6B@ 10008338     plugin_test1.obj
 0002:0000134c       ??_R3IRoot@core@UModSys@@8 1000834c     plugin_test1.obj
 0002:0000135c       ??_R2IRoot@core@UModSys@@8 1000835c     plugin_test1.obj
 0002:00001364       ??_R1A@?0A@EA@IRoot@core@UModSys@@8 10008364     plugin_test1.obj
 0002:00001380       ??_R4RModuleLibraryReg_Chain@base@UModSys@@6B@ 10008380     umodsys_lib_base:umodsys.base.moduleregchain.obj
 0002:00001394       ??_R3RModuleLibraryReg_Chain@base@UModSys@@8 10008394     umodsys_lib_base:umodsys.base.moduleregchain.obj
 0002:000013a4       ??_R2RModuleLibraryReg_Chain@base@UModSys@@8 100083a4     umodsys_lib_base:umodsys.base.moduleregchain.obj
 0002:000013b0       ??_R1A@?0A@EA@IModuleLibraryReg@base@UModSys@@8 100083b0     umodsys_lib_base:umodsys.base.moduleregchain.obj
 0002:000013cc       ??_R3IModuleLibraryReg@base@UModSys@@8 100083cc     umodsys_lib_base:umodsys.base.moduleregchain.obj
 0002:000013dc       ??_R2IModuleLibraryReg@base@UModSys@@8 100083dc     umodsys_lib_base:umodsys.base.moduleregchain.obj
 0002:000013e4       ??_R1A@?0A@EA@RModuleLibraryReg_Chain@base@UModSys@@8 100083e4     umodsys_lib_base:umodsys.base.moduleregchain.obj
 0002:00001400       ??_R4IModuleLibraryReg@base@UModSys@@6B@ 10008400     umodsys_lib_base:umodsys.base.modulereg.obj
 0002:00001414       ??_R4IModuleReg@base@UModSys@@6B@ 10008414     umodsys_lib_base:umodsys.base.modulereg.obj
 0002:00001430       ___safe_se_handler_table   10008430     <linker-defined>
 0002:00001490       ___rtc_iaa                 10008490     MSVCRT:_initsect_.obj
 0002:00001494       ___rtc_izz                 10008494     MSVCRT:_initsect_.obj
 0002:00001498       ___rtc_taa                 10008498     MSVCRT:_initsect_.obj
 0002:0000149c       ___rtc_tzz                 1000849c     MSVCRT:_initsect_.obj
 0002:00001a50       __IMPORT_DESCRIPTOR_MSVCR90 10008a50     MSVCRT:MSVCR90.dll
 0002:00001a64       __IMPORT_DESCRIPTOR_KERNEL32 10008a64     kernel32:KERNEL32.dll
 0002:00001a78       __NULL_IMPORT_DESCRIPTOR   10008a78     MSVCRT:MSVCR90.dll
 0003:00000000       ??_R0?AVtype_info@@@8      10009000     MSVCRT:ti_inst.obj
 0003:00000018       ___native_dllmain_reason   10009018     MSVCRT:natstart.obj
 0003:0000001c       ___native_vcclrit_reason   1000901c     MSVCRT:natstart.obj
 0003:00000020       ___security_cookie         10009020     MSVCRT:gs_cookie.obj
 0003:00000024       ___security_cookie_complement 10009024     MSVCRT:gs_cookie.obj
 0003:00000028       ??_R0?AUIModuleReg@base@UModSys@@@8 10009028     plugin_test1.obj
 0003:00000050       ??_R0?AURModuleReg@test1@test@modules@UModSys@@@8 10009050     plugin_test1.obj
 0003:00000084       ??_R0?AURGenerator@test1@test@modules@UModSys@@@8 10009084     plugin_test1.obj
 0003:000000b8       ??_R0?AURTest1_Shell@test1@test@modules@UModSys@@@8 100090b8     plugin_test1.obj
 0003:000000f0       ??_R0?AURLines_Filter@test1@test@modules@UModSys@@@8 100090f0     plugin_test1.obj
 0003:00000128       ??_R0?AURLines@test1@test@modules@UModSys@@@8 10009128     plugin_test1.obj
 0003:00000158       ??_R0?AUILines@test1@test@modules@UModSys@@@8 10009158     plugin_test1.obj
 0003:00000188       ??_R0?AUIResolver@SFlags@libmedia@UModSys@@@8 10009188     plugin_test1.obj
 0003:000001b8       ??_R0?AUIResolverAuto@SFlags@libmedia@UModSys@@@8 100091b8     plugin_test1.obj
 0003:000001ec       ??_R0?AUISetter@SFlags@libmedia@UModSys@@@8 100091ec     plugin_test1.obj
 0003:0000021c       ??_R0?AUIBinObjFilter@libmedia@UModSys@@@8 1000921c     plugin_test1.obj
 0003:0000024c       ??_R0?AUIShell@base@UModSys@@@8 1000924c     plugin_test1.obj
 0003:00000270       ??_R0?AUIGenerator@base@UModSys@@@8 10009270     plugin_test1.obj
 0003:00000298       ??_R0?AUIModObject@base@UModSys@@@8 10009298     plugin_test1.obj
 0003:000002c0       ??_R0?AUIRefObject@core@UModSys@@@8 100092c0     plugin_test1.obj
 0003:000002e8       ??_R0?AUIRoot@core@UModSys@@@8 100092e8     plugin_test1.obj
 0003:00000324       ?so_entry_enabled_flag@base@UModSys@@3HA 10009324     umodsys_lib_base:umodsys.so_main.win32.obj
 0003:00000338       ?auto_flags@RLines_Filter@test1@test@modules@UModSys@@2U?$TFlags4State@USMediaFlagUid@libmedia@UModSys@@I@tl@5@A 10009338     plugin_test1.obj
 0003:0000033c       ?s_null@?1??get_null@?$TSCoreShared@USIMemAlloc@core@UModSys@@D@su@tl@UModSys@@SAPAU?$TSharedStringInfo@D@345@XZ@4U6345@A 1000933c     plugin_test1.obj
 0003:0000034c       ??_R0?AUIModuleLibraryReg@base@UModSys@@@8 1000934c     umodsys_lib_base:umodsys.base.moduleregchain.obj
 0003:0000037c       ??_R0?AURModuleLibraryReg_Chain@base@UModSys@@@8 1000937c     umodsys_lib_base:umodsys.base.moduleregchain.obj
 0003:000003b4       __forceCRTManifestRTM      100093b4     MSVCRT:crtmanifestrtm.obj
 0003:000003b8       ?__type_info_root_node@@3U__type_info_node@@A 100093b8     MSVCRT:tncleanup.obj
 0003:00000704       ?s_modreg@RModuleReg@test1@test@modules@UModSys@@2U12345@A 10009704     plugin_test1.obj
 0003:0000072c       ?s_modreg_chain@RModuleReg@test1@test@modules@UModSys@@2USModuleRegChain@base@5@A 1000972c     plugin_test1.obj
 0003:00000738       ?s_uid@RGenerator@test1@test@modules@UModSys@@2USUniquePointer@core@5@A 10009738     plugin_test1.obj
 0003:00000750       ?M@UModSys@@3USModuleContext@base@1@A 10009750     umodsys_lib_base:umodsys.base.modulecontext.obj
 0003:00000764       ?s_library@RModuleLibraryReg_Chain@base@UModSys@@2U123@A 10009764     umodsys_lib_base:umodsys.base.moduleregchain.obj
 0003:00000768       ?root@SModuleRegChain@base@UModSys@@2U123@A 10009768     umodsys_lib_base:umodsys.base.moduleregchain.obj
 0003:00000774       ?root@SUniquePointer@core@UModSys@@2U123@A 10009774     umodsys_lib_core:umodsys.core.uniqueptr.obj
 0003:0000078c       ?s_id@?$TObjectUniqueID@UILibraryLayered@libmedia@UModSys@@@tl@UModSys@@2USUniquePointer@core@3@A 1000978c     plugin_test1.obj
 0003:000007a4       ?s_id@?$TObjectUniqueID@UIRefObject@core@UModSys@@@tl@UModSys@@2USUniquePointer@core@3@A 100097a4     plugin_test1.obj
 0003:000007bc       ?s_id@?$TObjectUniqueID@UILibrary@libmedia@UModSys@@@tl@UModSys@@2USUniquePointer@core@3@A 100097bc     plugin_test1.obj
 0003:000007d4       ?s_id@?$TObjectUniqueID@UIRoot@core@UModSys@@@tl@UModSys@@2USUniquePointer@core@3@A 100097d4     plugin_test1.obj
 0003:000007ec       ?s_id@?$TObjectUniqueID@UIBinArchive@libmedia@UModSys@@@tl@UModSys@@2USUniquePointer@core@3@A 100097ec     plugin_test1.obj
 0003:00000804       ?s_id@?$TObjectUniqueID@UILibraryObjCache@libmedia@UModSys@@@tl@UModSys@@2USUniquePointer@core@3@A 10009804     plugin_test1.obj
 0003:0000081c       ?s_id@?$TObjectUniqueID@UIModule@base@UModSys@@@tl@UModSys@@2USUniquePointer@core@3@A 1000981c     plugin_test1.obj
 0003:00000834       ?s_id@?$TObjectUniqueID@UIStreamWriter@libmedia@UModSys@@@tl@UModSys@@2USUniquePointer@core@3@A 10009834     plugin_test1.obj
 0003:0000084c       ?s_id@?$TObjectUniqueID@UIGenerator@base@UModSys@@@tl@UModSys@@2USUniquePointer@core@3@A 1000984c     plugin_test1.obj
 0003:00000864       ?s_id@?$TObjectUniqueID@UIBinObjFilter@libmedia@UModSys@@@tl@UModSys@@2USUniquePointer@core@3@A 10009864     plugin_test1.obj
 0003:0000087c       ?s_id@?$TObjectUniqueID@UIModuleLibrary@base@UModSys@@@tl@UModSys@@2USUniquePointer@core@3@A 1000987c     plugin_test1.obj
 0003:00000894       ?s_id@?$TObjectUniqueID@URLines@test1@test@modules@UModSys@@@tl@UModSys@@2USUniquePointer@core@3@A 10009894     plugin_test1.obj
 0003:000008ac       ?s_id@?$TObjectUniqueID@UIParameters@core@UModSys@@@tl@UModSys@@2USUniquePointer@core@3@A 100098ac     plugin_test1.obj
 0003:000008c4       ?s_id@?$TObjectUniqueID@UISystem@base@UModSys@@@tl@UModSys@@2USUniquePointer@core@3@A 100098c4     plugin_test1.obj
 0003:000008dc       ?s_id@?$TObjectUniqueID@UILibraryBinCache@libmedia@UModSys@@@tl@UModSys@@2USUniquePointer@core@3@A 100098dc     plugin_test1.obj
 0003:000008f4       ?s_id@?$TObjectUniqueID@UILines@test1@test@modules@UModSys@@@tl@UModSys@@2USUniquePointer@core@3@A 100098f4     plugin_test1.obj
 0003:0000090c       ?s_id@?$TObjectUniqueID@URTest1_Shell@test1@test@modules@UModSys@@@tl@UModSys@@2USUniquePointer@core@3@A 1000990c     plugin_test1.obj
 0003:00000924       ?s_id@?$TObjectUniqueID@UILibraryBinTree@libmedia@UModSys@@@tl@UModSys@@2USUniquePointer@core@3@A 10009924     plugin_test1.obj
 0003:0000093c       ?s_id@?$TObjectUniqueID@UIModObject@base@UModSys@@@tl@UModSys@@2USUniquePointer@core@3@A 1000993c     plugin_test1.obj
 0003:00000954       ?s_id@?$TObjectUniqueID@UILibraryObjFilter@libmedia@UModSys@@@tl@UModSys@@2USUniquePointer@core@3@A 10009954     plugin_test1.obj
 0003:0000096c       ?s_id@?$TObjectUniqueID@UIStreamReader@libmedia@UModSys@@@tl@UModSys@@2USUniquePointer@core@3@A 1000996c     plugin_test1.obj
 0003:00000984       ?s_id@?$TObjectUniqueID@URGenerator@test1@test@modules@UModSys@@@tl@UModSys@@2USUniquePointer@core@3@A 10009984     plugin_test1.obj
 0003:0000099c       ?s_id@?$TObjectUniqueID@UIShell@base@UModSys@@@tl@UModSys@@2USUniquePointer@core@3@A 1000999c     plugin_test1.obj
 0003:000009b4       ?s_id@?$TObjectUniqueID@URLines_Filter@test1@test@modules@UModSys@@@tl@UModSys@@2USUniquePointer@core@3@A 100099b4     plugin_test1.obj
 0003:000009cc       ?s_id@?$TObjectUniqueID@UIConsole@base@UModSys@@@tl@UModSys@@2USUniquePointer@core@3@A 100099cc     plugin_test1.obj
 0003:000009e4       __adjust_fdiv              100099e4     <common>
 0003:000009e8       ___native_startup_state    100099e8     <common>
 0003:000009ec       ___native_startup_lock     100099ec     <common>
 0003:000009f0       ___dyn_tls_init_callback   100099f0     <common>
 0003:000009f4       ___onexitend               100099f4     <common>
 0003:000009f8       ___onexitbegin             100099f8     <common>

 entry point at        0001:0000249d

 Static symbols

 0001:00002112       _pre_c_init                10003112 f   MSVCRT:crtdll.obj
 0001:00002387       ___DllMainCRTStartup       10003387 f   MSVCRT:crtdll.obj
 0001:000052a0       __unwindfunclet$?obj_delete@?$TRefObjectLinksModObject@URLines_Filter@test1@test@modules@UModSys@@UIModObject@base@5@@tl@UModSys@@QBEXPAURLines_Filter@test1@test@modules@3@@Z$0 100062a0 f    CIL library: CIL module
 0001:000052a0       __unwindfunclet$?obj_delete@?$TRefObjectLinksModObject@URTest1_Shell@test1@test@modules@UModSys@@UIModObject@base@5@@tl@UModSys@@QBEXPAURTest1_Shell@test1@test@modules@3@@Z$0 100062a0 f    CIL library: CIL module
 0001:000052a0       __unwindfunclet$?obj_delete@?$TRefObjectLinksModObject@URLines@test1@test@modules@UModSys@@UIModObject@base@5@@tl@UModSys@@QBEXPAURLines@test1@test@modules@3@@Z$0 100062a0 f    CIL library: CIL module
 0001:000052a8       __ehhandler$?obj_delete@?$TRefObjectLinksModObject@URLines@test1@test@modules@UModSys@@UIModObject@base@5@@tl@UModSys@@QBEXPAURLines@test1@test@modules@3@@Z 100062a8 f    CIL library: CIL module
 0001:000052a8       __ehhandler$?obj_delete@?$TRefObjectLinksModObject@URLines_Filter@test1@test@modules@UModSys@@UIModObject@base@5@@tl@UModSys@@QBEXPAURLines_Filter@test1@test@modules@3@@Z 100062a8 f    CIL library: CIL module
 0001:000052a8       __ehhandler$?obj_delete@?$TRefObjectLinksModObject@URTest1_Shell@test1@test@modules@UModSys@@UIModObject@base@5@@tl@UModSys@@QBEXPAURTest1_Shell@test1@test@modules@3@@Z 100062a8 f    CIL library: CIL module
 0001:000052c0       __unwindfunclet$??0RTest1_Shell@test1@test@modules@UModSys@@QAE@PAUIModObject@base@4@@Z$0 100062c0 f    CIL library: CIL module
 0001:000052c0       __unwindfunclet$??1RTest1_Shell@test1@test@modules@UModSys@@UAE@XZ$0 100062c0 f    CIL library: CIL module
 0001:000052c0       __unwindfunclet$??0RLines_Filter@test1@test@modules@UModSys@@QAE@PAUIModObject@base@4@ABUSParameters@core@4@U?$TFlags4State@USMediaFlagUid@libmedia@UModSys@@I@tl@4@@Z$0 100062c0 f    CIL library: CIL module
 0001:000052c8       __ehhandler$??0RLines_Filter@test1@test@modules@UModSys@@QAE@PAUIModObject@base@4@ABUSParameters@core@4@U?$TFlags4State@USMediaFlagUid@libmedia@UModSys@@I@tl@4@@Z 100062c8 f    CIL library: CIL module
 0001:000052c8       __ehhandler$??0RTest1_Shell@test1@test@modules@UModSys@@QAE@PAUIModObject@base@4@@Z 100062c8 f    CIL library: CIL module
 0001:000052c8       __ehhandler$??1RTest1_Shell@test1@test@modules@UModSys@@UAE@XZ 100062c8 f    CIL library: CIL module
 0001:000052e0       __unwindfunclet$?layer_push@ILibraryLayered@libmedia@UModSys@@QAE_NPAUILibrary@23@HABU?$TString@U?$TSCoreConst@D@su@tl@UModSys@@U?$TComparerBinaryHash@D@234@@tl@3@@Z$0 100062e0 f    CIL library: CIL module
 0001:000052e8       __ehhandler$?layer_push@ILibraryLayered@libmedia@UModSys@@QAE_NPAUILibrary@23@HABU?$TString@U?$TSCoreConst@D@su@tl@UModSys@@U?$TComparerBinaryHash@D@234@@tl@3@@Z 100062e8 f    CIL library: CIL module
 0001:00005300       __unwindfunclet$?mount_add@ILibraryBinTree@libmedia@UModSys@@QAE_NABU?$TString@U?$TSCoreConst@D@su@tl@UModSys@@U?$TComparerBinaryHash@D@234@@tl@3@HPAUIBinArchive@23@H@Z$0 10006300 f    CIL library: CIL module
 0001:00005300       __unwindfunclet$?mount_add@ILibraryBinTree@libmedia@UModSys@@QAE_NABU?$TString@U?$TSCoreConst@D@su@tl@UModSys@@U?$TComparerBinaryHash@D@234@@tl@3@PAUIBinArchive@23@H@Z$0 10006300 f    CIL library: CIL module
 0001:00005308       __ehhandler$?mount_add@ILibraryBinTree@libmedia@UModSys@@QAE_NABU?$TString@U?$TSCoreConst@D@su@tl@UModSys@@U?$TComparerBinaryHash@D@234@@tl@3@PAUIBinArchive@23@H@Z 10006308 f    CIL library: CIL module
 0001:00005308       __ehhandler$?mount_add@ILibraryBinTree@libmedia@UModSys@@QAE_NABU?$TString@U?$TSCoreConst@D@su@tl@UModSys@@U?$TComparerBinaryHash@D@234@@tl@3@HPAUIBinArchive@23@H@Z 10006308 f    CIL library: CIL module
 0001:00005320       __unwindfunclet$??$t_obj_get@UILines@test1@test@modules@UModSys@@@ILibrary@libmedia@UModSys@@QAE_NABU?$TString@U?$TSCoreConst@D@su@tl@UModSys@@U?$TComparerBinaryHash@D@234@@tl@2@AAU?$TRefObject@UILines@test1@test@modules@UModSys@@U?$TRefObjectFunc@UILines@test1@test@modules@UModSys@@@tl@5@@42@U?$TFlags4State@USMediaFlagUid@libmedia@UModSys@@I@42@PBUSParameters@core@2@0@Z$0 10006320 f    CIL library: CIL module
 0001:00005328       __ehhandler$??$t_obj_get@UILines@test1@test@modules@UModSys@@@ILibrary@libmedia@UModSys@@QAE_NABU?$TString@U?$TSCoreConst@D@su@tl@UModSys@@U?$TComparerBinaryHash@D@234@@tl@2@AAU?$TRefObject@UILines@test1@test@modules@UModSys@@U?$TRefObjectFunc@UILines@test1@test@modules@UModSys@@@tl@5@@42@U?$TFlags4State@USMediaFlagUid@libmedia@UModSys@@I@42@PBUSParameters@core@2@0@Z 10006328 f    CIL library: CIL module
 0001:00005340       __unwindfunclet$??$t_generate@UILibraryBinCache@libmedia@UModSys@@@SModuleContext@base@UModSys@@QAE_NAAU?$TRefObject@UILibraryBinCache@libmedia@UModSys@@U?$TRefObjectFunc@UILibraryBinCache@libmedia@UModSys@@@tl@3@@tl@2@PBUSUniquePointerInfo@core@2@ABUSParameters@62@@Z$0 10006340 f    CIL library: CIL module
 0001:00005340       __unwindfunclet$??$t_generate@UIStreamWriter@libmedia@UModSys@@@SModuleContext@base@UModSys@@QAE_NAAU?$TRefObject@UIStreamWriter@libmedia@UModSys@@U?$TRefObjectFunc@UIStreamWriter@libmedia@UModSys@@@tl@3@@tl@2@PBUSUniquePointerInfo@core@2@ABUSParameters@62@@Z$0 10006340 f    CIL library: CIL module
 0001:00005340       __unwindfunclet$??$t_generate@UILibraryObjCache@libmedia@UModSys@@@SModuleContext@base@UModSys@@QAE_NAAU?$TRefObject@UILibraryObjCache@libmedia@UModSys@@U?$TRefObjectFunc@UILibraryObjCache@libmedia@UModSys@@@tl@3@@tl@2@PBUSUniquePointerInfo@core@2@ABUSParameters@62@@Z$0 10006340 f    CIL library: CIL module
 0001:00005340       __unwindfunclet$??$t_generate@UIBinArchive@libmedia@UModSys@@@SModuleContext@base@UModSys@@QAE_NAAU?$TRefObject@UIBinArchive@libmedia@UModSys@@U?$TRefObjectFunc@UIBinArchive@libmedia@UModSys@@@tl@3@@tl@2@PBUSUniquePointerInfo@core@2@ABUSParameters@62@@Z$0 10006340 f    CIL library: CIL module
 0001:00005340       __unwindfunclet$??$t_generate@UILibraryLayered@libmedia@UModSys@@@SModuleContext@base@UModSys@@QAE_NAAU?$TRefObject@UILibraryLayered@libmedia@UModSys@@U?$TRefObjectFunc@UILibraryLayered@libmedia@UModSys@@@tl@3@@tl@2@PBUSUniquePointerInfo@core@2@ABUSParameters@62@@Z$0 10006340 f    CIL library: CIL module
 0001:00005340       __unwindfunclet$??$t_generate@UILibraryBinTree@libmedia@UModSys@@@SModuleContext@base@UModSys@@QAE_NAAU?$TRefObject@UILibraryBinTree@libmedia@UModSys@@U?$TRefObjectFunc@UILibraryBinTree@libmedia@UModSys@@@tl@3@@tl@2@PBUSUniquePointerInfo@core@2@ABUSParameters@62@@Z$0 10006340 f    CIL library: CIL module
 0001:00005340       __unwindfunclet$??$t_generate@UILibraryObjFilter@libmedia@UModSys@@@SModuleContext@base@UModSys@@QAE_NAAU?$TRefObject@UILibraryObjFilter@libmedia@UModSys@@U?$TRefObjectFunc@UILibraryObjFilter@libmedia@UModSys@@@tl@3@@tl@2@PBUSUniquePointerInfo@core@2@ABUSParameters@62@@Z$0 10006340 f    CIL library: CIL module
 0001:00005340       __unwindfunclet$??$t_generate@UIStreamReader@libmedia@UModSys@@@SModuleContext@base@UModSys@@QAE_NAAU?$TRefObject@UIStreamReader@libmedia@UModSys@@U?$TRefObjectFunc@UIStreamReader@libmedia@UModSys@@@tl@3@@tl@2@PBUSUniquePointerInfo@core@2@ABUSParameters@62@@Z$0 10006340 f    CIL library: CIL module
 0001:00005348       __ehhandler$??$t_generate@UILibraryLayered@libmedia@UModSys@@@SModuleContext@base@UModSys@@QAE_NAAU?$TRefObject@UILibraryLayered@libmedia@UModSys@@U?$TRefObjectFunc@UILibraryLayered@libmedia@UModSys@@@tl@3@@tl@2@PBUSUniquePointerInfo@core@2@ABUSParameters@62@@Z 10006348 f    CIL library: CIL module
 0001:00005348       __ehhandler$??$t_generate@UILibraryBinTree@libmedia@UModSys@@@SModuleContext@base@UModSys@@QAE_NAAU?$TRefObject@UILibraryBinTree@libmedia@UModSys@@U?$TRefObjectFunc@UILibraryBinTree@libmedia@UModSys@@@tl@3@@tl@2@PBUSUniquePointerInfo@core@2@ABUSParameters@62@@Z 10006348 f    CIL library: CIL module
 0001:00005348       __ehhandler$??$t_generate@UILibraryObjCache@libmedia@UModSys@@@SModuleContext@base@UModSys@@QAE_NAAU?$TRefObject@UILibraryObjCache@libmedia@UModSys@@U?$TRefObjectFunc@UILibraryObjCache@libmedia@UModSys@@@tl@3@@tl@2@PBUSUniquePointerInfo@core@2@ABUSParameters@62@@Z 10006348 f    CIL library: CIL module
 0001:00005348       __ehhandler$??$t_generate@UIBinArchive@libmedia@UModSys@@@SModuleContext@base@UModSys@@QAE_NAAU?$TRefObject@UIBinArchive@libmedia@UModSys@@U?$TRefObjectFunc@UIBinArchive@libmedia@UModSys@@@tl@3@@tl@2@PBUSUniquePointerInfo@core@2@ABUSParameters@62@@Z 10006348 f    CIL library: CIL module
 0001:00005348       __ehhandler$??$t_generate@UIStreamWriter@libmedia@UModSys@@@SModuleContext@base@UModSys@@QAE_NAAU?$TRefObject@UIStreamWriter@libmedia@UModSys@@U?$TRefObjectFunc@UIStreamWriter@libmedia@UModSys@@@tl@3@@tl@2@PBUSUniquePointerInfo@core@2@ABUSParameters@62@@Z 10006348 f    CIL library: CIL module
 0001:00005348       __ehhandler$??$t_generate@UIStreamReader@libmedia@UModSys@@@SModuleContext@base@UModSys@@QAE_NAAU?$TRefObject@UIStreamReader@libmedia@UModSys@@U?$TRefObjectFunc@UIStreamReader@libmedia@UModSys@@@tl@3@@tl@2@PBUSUniquePointerInfo@core@2@ABUSParameters@62@@Z 10006348 f    CIL library: CIL module
 0001:00005348       __ehhandler$??$t_generate@UILibraryBinCache@libmedia@UModSys@@@SModuleContext@base@UModSys@@QAE_NAAU?$TRefObject@UILibraryBinCache@libmedia@UModSys@@U?$TRefObjectFunc@UILibraryBinCache@libmedia@UModSys@@@tl@3@@tl@2@PBUSUniquePointerInfo@core@2@ABUSParameters@62@@Z 10006348 f    CIL library: CIL module
 0001:00005348       __ehhandler$??$t_generate@UILibraryObjFilter@libmedia@UModSys@@@SModuleContext@base@UModSys@@QAE_NAAU?$TRefObject@UILibraryObjFilter@libmedia@UModSys@@U?$TRefObjectFunc@UILibraryObjFilter@libmedia@UModSys@@@tl@3@@tl@2@PBUSUniquePointerInfo@core@2@ABUSParameters@62@@Z 10006348 f    CIL library: CIL module
 0001:00005360       __unwindfunclet$??0?$TString@U?$TSCoreShared@USIMemAlloc@core@UModSys@@D@su@tl@UModSys@@U?$TComparerBinaryHash@D@234@@tl@UModSys@@QAE@PBDI@Z$0 10006360 f    CIL library: CIL module
 0001:00005368       __ehhandler$??0?$TString@U?$TSCoreShared@USIMemAlloc@core@UModSys@@D@su@tl@UModSys@@U?$TComparerBinaryHash@D@234@@tl@UModSys@@QAE@PBDI@Z 10006368 f    CIL library: CIL module
[...]
 0001:00005452       __ehhandler$?media_cache@RTest1_Shell@test1@test@modules@UModSys@@QAE?AU?$TRefObject@UILibrary@libmedia@UModSys@@U?$TRefObjectFunc@UILibrary@libmedia@UModSys@@@tl@3@@tl@5@_N@Z 10006452 f    CIL library: CIL module
 0001:0000545c       __unwindfunclet$?media_lay@RTest1_Shell@test1@test@modules@UModSys@@QAE?AU?$TRefObject@UILibraryLayered@libmedia@UModSys@@U?$TRefObjectFunc@UILibraryLayered@libmedia@UModSys@@@tl@3@@tl@5@XZ$0 1000645c f    CIL library: CIL module
 0001:00005467       __unwindfunclet$?media_lay@RTest1_Shell@test1@test@modules@UModSys@@QAE?AU?$TRefObject@UILibraryLayered@libmedia@UModSys@@U?$TRefObjectFunc@UILibraryLayered@libmedia@UModSys@@@tl@3@@tl@5@XZ$1 10006467 f    CIL library: CIL module
 0001:00005472       __unwindfunclet$?media_lay@RTest1_Shell@test1@test@modules@UModSys@@QAE?AU?$TRefObject@UILibraryLayered@libmedia@UModSys@@U?$TRefObjectFunc@UILibraryLayered@libmedia@UModSys@@@tl@3@@tl@5@XZ$2 10006472 f    CIL library: CIL module
 0001:00005491       __ehhandler$?media_lay@RTest1_Shell@test1@test@modules@UModSys@@QAE?AU?$TRefObject@UILibraryLayered@libmedia@UModSys@@U?$TRefObjectFunc@UILibraryLayered@libmedia@UModSys@@@tl@3@@tl@5@XZ 10006491 f    CIL library: CIL module
 0001:0000549b       __unwindfunclet$?media_flt@RTest1_Shell@test1@test@modules@UModSys@@QAE?AU?$TRefObject@UILibraryObjFilter@libmedia@UModSys@@U?$TRefObjectFunc@UILibraryObjFilter@libmedia@UModSys@@@tl@3@@tl@5@XZ$0 1000649b f    CIL library: CIL module
 0001:000054a6       __unwindfunclet$?media_flt@RTest1_Shell@test1@test@modules@UModSys@@QAE?AU?$TRefObject@UILibraryObjFilter@libmedia@UModSys@@U?$TRefObjectFunc@UILibraryObjFilter@libmedia@UModSys@@@tl@3@@tl@5@XZ$1 100064a6 f    CIL library: CIL module
 0001:000054b1       __unwindfunclet$?media_flt@RTest1_Shell@test1@test@modules@UModSys@@QAE?AU?$TRefObject@UILibraryObjFilter@libmedia@UModSys@@U?$TRefObjectFunc@UILibraryObjFilter@libmedia@UModSys@@@tl@3@@tl@5@XZ$2 100064b1 f    CIL library: CIL module
 0001:000054d0       __ehhandler$?media_flt@RTest1_Shell@test1@test@modules@UModSys@@QAE?AU?$TRefObject@UILibraryObjFilter@libmedia@UModSys@@U?$TRefObjectFunc@UILibraryObjFilter@libmedia@UModSys@@@tl@3@@tl@5@XZ 100064d0 f    CIL library: CIL module
 0001:000054da       __unwindfunclet$?media_vfs@RTest1_Shell@test1@test@modules@UModSys@@QAE?AU?$TRefObject@UILibraryBinTree@libmedia@UModSys@@U?$TRefObjectFunc@UILibraryBinTree@libmedia@UModSys@@@tl@3@@tl@5@XZ$0 100064da f    CIL library: CIL module
 0001:000054e5       __unwindfunclet$?media_vfs@RTest1_Shell@test1@test@modules@UModSys@@QAE?AU?$TRefObject@UILibraryBinTree@libmedia@UModSys@@U?$TRefObjectFunc@UILibraryBinTree@libmedia@UModSys@@@tl@3@@tl@5@XZ$1 100064e5 f    CIL library: CIL module
 0001:000054f0       __unwindfunclet$?media_vfs@RTest1_Shell@test1@test@modules@UModSys@@QAE?AU?$TRefObject@UILibraryBinTree@libmedia@UModSys@@U?$TRefObjectFunc@UILibraryBinTree@libmedia@UModSys@@@tl@3@@tl@5@XZ$2 100064f0 f    CIL library: CIL module
 0001:0000550f       __ehhandler$?media_vfs@RTest1_Shell@test1@test@modules@UModSys@@QAE?AU?$TRefObject@UILibraryBinTree@libmedia@UModSys@@U?$TRefObjectFunc@UILibraryBinTree@libmedia@UModSys@@@tl@3@@tl@5@XZ 1000650f f    CIL library: CIL module
 0001:00005519       __unwindfunclet$?media_arch_stdio@RTest1_Shell@test1@test@modules@UModSys@@QAE?AU?$TRefObject@UIBinArchive@libmedia@UModSys@@U?$TRefObjectFunc@UIBinArchive@libmedia@UModSys@@@tl@3@@tl@5@ABU?$TString@U?$TSCoreConst@D@su@tl@UModSys@@U?$TComparerBinaryHash@D@234@@75@@Z$0 10006519 f    CIL library: CIL module
 0001:00005524       __unwindfunclet$?media_arch_stdio@RTest1_Shell@test1@test@modules@UModSys@@QAE?AU?$TRefObject@UIBinArchive@libmedia@UModSys@@U?$TRefObjectFunc@UIBinArchive@libmedia@UModSys@@@tl@3@@tl@5@ABU?$TString@U?$TSCoreConst@D@su@tl@UModSys@@U?$TComparerBinaryHash@D@234@@75@@Z$1 10006524 f    CIL library: CIL module
 0001:0000552f       __ehhandler$?media_arch_stdio@RTest1_Shell@test1@test@modules@UModSys@@QAE?AU?$TRefObject@UIBinArchive@libmedia@UModSys@@U?$TRefObjectFunc@UIBinArchive@libmedia@UModSys@@@tl@3@@tl@5@ABU?$TString@U?$TSCoreConst@D@su@tl@UModSys@@U?$TComparerBinaryHash@D@234@@75@@Z 1000652f f    CIL library: CIL module
 0001:00005539       __unwindfunclet$?file_test5@RTest1_Shell@test1@test@modules@UModSys@@QAEXXZ$0 10006539 f    CIL library: CIL module
 0001:00005544       __unwindfunclet$?file_test5@RTest1_Shell@test1@test@modules@UModSys@@QAEXXZ$1 10006544 f    CIL library: CIL module
 0001:0000554f       __unwindfunclet$?file_test5@RTest1_Shell@test1@test@modules@UModSys@@QAEXXZ$2 1000654f f    CIL library: CIL module
 0001:0000555a       __unwindfunclet$?file_test5@RTest1_Shell@test1@test@modules@UModSys@@QAEXXZ$3 1000655a f    CIL library: CIL module
 0001:00005565       __unwindfunclet$?file_test5@RTest1_Shell@test1@test@modules@UModSys@@QAEXXZ$4 10006565 f    CIL library: CIL module
 0001:00005570       __unwindfunclet$?file_test5@RTest1_Shell@test1@test@modules@UModSys@@QAEXXZ$5 10006570 f    CIL library: CIL module
 0001:0000557b       __unwindfunclet$?file_test5@RTest1_Shell@test1@test@modules@UModSys@@QAEXXZ$6 1000657b f    CIL library: CIL module
 0001:00005586       __unwindfunclet$?file_test5@RTest1_Shell@test1@test@modules@UModSys@@QAEXXZ$7 10006586 f    CIL library: CIL module
 0001:00005591       __unwindfunclet$?file_test5@RTest1_Shell@test1@test@modules@UModSys@@QAEXXZ$9 10006591 f    CIL library: CIL module
 0001:0000559c       __unwindfunclet$?file_test5@RTest1_Shell@test1@test@modules@UModSys@@QAEXXZ$10 1000659c f    CIL library: CIL module
 0001:000055a7       __unwindfunclet$?file_test5@RTest1_Shell@test1@test@modules@UModSys@@QAEXXZ$11 100065a7 f    CIL library: CIL module
 0001:000055b2       __unwindfunclet$?file_test5@RTest1_Shell@test1@test@modules@UModSys@@QAEXXZ$13 100065b2 f    CIL library: CIL module
 0001:000055bd       __unwindfunclet$?file_test5@RTest1_Shell@test1@test@modules@UModSys@@QAEXXZ$14 100065bd f    CIL library: CIL module
 0001:000055c8       __ehhandler$?file_test5@RTest1_Shell@test1@test@modules@UModSys@@QAEXXZ 100065c8 f    CIL library: CIL module
 0001:000055d2       __unwindfunclet$?file_test4@RTest1_Shell@test1@test@modules@UModSys@@QAEXXZ$0 100065d2 f    CIL library: CIL module
 0001:000055da       __unwindfunclet$?file_test4@RTest1_Shell@test1@test@modules@UModSys@@QAEXXZ$1 100065da f    CIL library: CIL module
 0001:000055e2       __unwindfunclet$?file_test4@RTest1_Shell@test1@test@modules@UModSys@@QAEXXZ$2 100065e2 f    CIL library: CIL module
 0001:000055ea       __unwindfunclet$?file_test4@RTest1_Shell@test1@test@modules@UModSys@@QAEXXZ$3 100065ea f    CIL library: CIL module
 0001:000055f2       __unwindfunclet$?file_test4@RTest1_Shell@test1@test@modules@UModSys@@QAEXXZ$4 100065f2 f    CIL library: CIL module
 0001:000055fa       __unwindfunclet$?file_test4@RTest1_Shell@test1@test@modules@UModSys@@QAEXXZ$5 100065fa f    CIL library: CIL module
 0001:00005602       __unwindfunclet$?file_test4@RTest1_Shell@test1@test@modules@UModSys@@QAEXXZ$7 10006602 f    CIL library: CIL module
 0001:0000560a       __ehhandler$?file_test4@RTest1_Shell@test1@test@modules@UModSys@@QAEXXZ 1000660a f    CIL library: CIL module
 0001:00005614       __unwindfunclet$?file_test3@RTest1_Shell@test1@test@modules@UModSys@@QAEXXZ$0 10006614 f    CIL library: CIL module
 0001:0000561c       __unwindfunclet$?file_test3@RTest1_Shell@test1@test@modules@UModSys@@QAEXXZ$1 1000661c f    CIL library: CIL module
 0001:00005624       __ehhandler$?file_test3@RTest1_Shell@test1@test@modules@UModSys@@QAEXXZ 10006624 f    CIL library: CIL module
 0001:0000562e       __unwindfunclet$?file_test2@RTest1_Shell@test1@test@modules@UModSys@@QAEXXZ$0 1000662e f    CIL library: CIL module
 0001:00005639       __unwindfunclet$?file_test2@RTest1_Shell@test1@test@modules@UModSys@@QAEXXZ$1 10006639 f    CIL library: CIL module
 0001:00005644       __unwindfunclet$?file_test2@RTest1_Shell@test1@test@modules@UModSys@@QAEXXZ$2 10006644 f    CIL library: CIL module
 0001:0000564f       __ehhandler$?file_test2@RTest1_Shell@test1@test@modules@UModSys@@QAEXXZ 1000664f f    CIL library: CIL module
 0001:00005660       __unwindfunclet$?filter_load@RLines_Filter@test1@test@modules@UModSys@@UAE_NABUSInfo@IBinObjFilter@libmedia@5@AAU?$TRefObject@UIRefObject@core@UModSys@@U?$TRefObjectFunc@UIRefObject@core@UModSys@@@tl@3@@tl@5@@Z$0 10006660 f    CIL library: CIL module
 0001:0000566e       __unwindfunclet$?filter_load@RLines_Filter@test1@test@modules@UModSys@@UAE_NABUSInfo@IBinObjFilter@libmedia@5@AAU?$TRefObject@UIRefObject@core@UModSys@@U?$TRefObjectFunc@UIRefObject@core@UModSys@@@tl@3@@tl@5@@Z$1 1000666e f    CIL library: CIL module
 0001:00005676       __ehhandler$?filter_load@RLines_Filter@test1@test@modules@UModSys@@UAE_NABUSInfo@IBinObjFilter@libmedia@5@AAU?$TRefObject@UIRefObject@core@UModSys@@U?$TRefObjectFunc@UIRefObject@core@UModSys@@@tl@3@@tl@5@@Z 10006676 f    CIL library: CIL module
 0001:00005680       __unwindfunclet$?generate@RGenerator@test1@test@modules@UModSys@@UAE_NAAU?$TRefObject@UIRefObject@core@UModSys@@U?$TRefObjectFunc@UIRefObject@core@UModSys@@@tl@3@@tl@5@PBUSUniquePointerInfo@core@5@ABUSParameters@95@@Z$0 10006680 f    CIL library: CIL module
 0001:0000568e       __ehhandler$?generate@RGenerator@test1@test@modules@UModSys@@UAE_NAAU?$TRefObject@UIRefObject@core@UModSys@@U?$TRefObjectFunc@UIRefObject@core@UModSys@@@tl@3@@tl@5@PBUSUniquePointerInfo@core@5@ABUSParameters@95@@Z 1000668e f    CIL library: CIL module
 0001:000056a0       ??__E?s_modreg@RModuleReg@test1@test@modules@UModSys@@2U12345@A@@YAXXZ 100066a0 f    CIL library: CIL module
 0001:000056d0       ??__E?s_modreg_chain@RModuleReg@test1@test@modules@UModSys@@2USModuleRegChain@base@5@A@@YAXXZ 100066d0 f    CIL library: CIL module
 0001:000056f0       ??__E?s_uid@RGenerator@test1@test@modules@UModSys@@2USUniquePointer@core@5@A@@YAXXZ 100066f0 f    CIL library: CIL module
 0001:00005720       ??__E?s_id@?$TObjectUniqueID@UIRoot@core@UModSys@@@tl@UModSys@@2USUniquePointer@core@3@A@@YAXXZ 10006720 f    CIL library: CIL module
 0001:00005750       ??__E?s_id@?$TObjectUniqueID@UIRefObject@core@UModSys@@@tl@UModSys@@2USUniquePointer@core@3@A@@YAXXZ 10006750 f    CIL library: CIL module
 0001:00005780       ??__E?s_id@?$TObjectUniqueID@UIParameters@core@UModSys@@@tl@UModSys@@2USUniquePointer@core@3@A@@YAXXZ 10006780 f    CIL library: CIL module
 0001:000057b0       ??__E?s_id@?$TObjectUniqueID@UIModule@base@UModSys@@@tl@UModSys@@2USUniquePointer@core@3@A@@YAXXZ 100067b0 f    CIL library: CIL module
 0001:000057e0       ??__E?s_id@?$TObjectUniqueID@UIModuleLibrary@base@UModSys@@@tl@UModSys@@2USUniquePointer@core@3@A@@YAXXZ 100067e0 f    CIL library: CIL module
 0001:00005810       ??__E?s_id@?$TObjectUniqueID@UIModObject@base@UModSys@@@tl@UModSys@@2USUniquePointer@core@3@A@@YAXXZ 10006810 f    CIL library: CIL module
 0001:00005840       ??__E?s_id@?$TObjectUniqueID@UIGenerator@base@UModSys@@@tl@UModSys@@2USUniquePointer@core@3@A@@YAXXZ 10006840 f    CIL library: CIL module
 0001:00005870       ??__E?s_id@?$TObjectUniqueID@UIShell@base@UModSys@@@tl@UModSys@@2USUniquePointer@core@3@A@@YAXXZ 10006870 f    CIL library: CIL module
 0001:000058a0       ??__E?s_id@?$TObjectUniqueID@UIConsole@base@UModSys@@@tl@UModSys@@2USUniquePointer@core@3@A@@YAXXZ 100068a0 f    CIL library: CIL module
 0001:000058d0       ??__E?s_id@?$TObjectUniqueID@UISystem@base@UModSys@@@tl@UModSys@@2USUniquePointer@core@3@A@@YAXXZ 100068d0 f    CIL library: CIL module
 0001:00005900       ??__E?s_id@?$TObjectUniqueID@UIStreamReader@libmedia@UModSys@@@tl@UModSys@@2USUniquePointer@core@3@A@@YAXXZ 10006900 f    CIL library: CIL module
 0001:00005930       ??__E?s_id@?$TObjectUniqueID@UIStreamWriter@libmedia@UModSys@@@tl@UModSys@@2USUniquePointer@core@3@A@@YAXXZ 10006930 f    CIL library: CIL module
 0001:00005960       ??__E?s_id@?$TObjectUniqueID@UIBinArchive@libmedia@UModSys@@@tl@UModSys@@2USUniquePointer@core@3@A@@YAXXZ 10006960 f    CIL library: CIL module
 0001:00005990       ??__E?s_id@?$TObjectUniqueID@UIBinObjFilter@libmedia@UModSys@@@tl@UModSys@@2USUniquePointer@core@3@A@@YAXXZ 10006990 f    CIL library: CIL module
 0001:000059c0       ??__E?s_id@?$TObjectUniqueID@UILibrary@libmedia@UModSys@@@tl@UModSys@@2USUniquePointer@core@3@A@@YAXXZ 100069c0 f    CIL library: CIL module
 0001:000059f0       ??__E?s_id@?$TObjectUniqueID@UILibraryBinTree@libmedia@UModSys@@@tl@UModSys@@2USUniquePointer@core@3@A@@YAXXZ 100069f0 f    CIL library: CIL module
 0001:00005a20       ??__E?s_id@?$TObjectUniqueID@UILibraryBinCache@libmedia@UModSys@@@tl@UModSys@@2USUniquePointer@core@3@A@@YAXXZ 10006a20 f    CIL library: CIL module
 0001:00005a50       ??__E?s_id@?$TObjectUniqueID@UILibraryObjFilter@libmedia@UModSys@@@tl@UModSys@@2USUniquePointer@core@3@A@@YAXXZ 10006a50 f    CIL library: CIL module
 0001:00005a80       ??__E?s_id@?$TObjectUniqueID@UILibraryObjCache@libmedia@UModSys@@@tl@UModSys@@2USUniquePointer@core@3@A@@YAXXZ 10006a80 f    CIL library: CIL module
 0001:00005ab0       ??__E?s_id@?$TObjectUniqueID@UILibraryLayered@libmedia@UModSys@@@tl@UModSys@@2USUniquePointer@core@3@A@@YAXXZ 10006ab0 f    CIL library: CIL module
 0001:00005ae0       ??__E?s_id@?$TObjectUniqueID@UILines@test1@test@modules@UModSys@@@tl@UModSys@@2USUniquePointer@core@3@A@@YAXXZ 10006ae0 f    CIL library: CIL module
 0001:00005b10       ??__E?s_id@?$TObjectUniqueID@URLines@test1@test@modules@UModSys@@@tl@UModSys@@2USUniquePointer@core@3@A@@YAXXZ 10006b10 f    CIL library: CIL module
 0001:00005b40       ??__E?s_id@?$TObjectUniqueID@URLines_Filter@test1@test@modules@UModSys@@@tl@UModSys@@2USUniquePointer@core@3@A@@YAXXZ 10006b40 f    CIL library: CIL module
 0001:00005b70       ??__E?s_id@?$TObjectUniqueID@URTest1_Shell@test1@test@modules@UModSys@@@tl@UModSys@@2USUniquePointer@core@3@A@@YAXXZ 10006b70 f    CIL library: CIL module
 0001:00005ba0       ??__E?s_id@?$TObjectUniqueID@URGenerator@test1@test@modules@UModSys@@@tl@UModSys@@2USUniquePointer@core@3@A@@YAXXZ 10006ba0 f    CIL library: CIL module
 0001:00005bd0       ??__EM@UModSys@@YAXXZ      10006bd0 f    CIL library: CIL module
 0001:00005bf0       ??__E?root@SModuleRegChain@base@UModSys@@2U123@A@@YAXXZ 10006bf0 f    CIL library: CIL module
 0001:00005c10       ??__E?s_library@RModuleLibraryReg_Chain@base@UModSys@@2U123@A@@YAXXZ 10006c10 f    CIL library: CIL module
 0001:00005c30       ??__E?root@SUniquePointer@core@UModSys@@2U123@A@@YAXXZ 10006c30 f    CIL library: CIL module
 0001:00005c50       ??__F?s_modreg@RModuleReg@test1@test@modules@UModSys@@2U12345@A@@YAXXZ 10006c50 f    CIL library: CIL module
 0001:00005c70       ??__F?s_modreg_chain@RModuleReg@test1@test@modules@UModSys@@2USModuleRegChain@base@5@A@@YAXXZ 10006c70 f    CIL library: CIL module
 0001:00005c80       ??__F?s_uid@RGenerator@test1@test@modules@UModSys@@2USUniquePointer@core@5@A@@YAXXZ 10006c80 f    CIL library: CIL module
 0001:00005c90       ??__Fh@?1??s_holder@RGenerator@test1@test@modules@UModSys@@SAAAU?$TTypeStaticHolder@URGenerator@test1@test@modules@UModSys@@@tl@5@XZ@YAXXZ 10006c90 f    CIL library: CIL module
 0001:00005cb0       ??__F?s_id@?$TObjectUniqueID@URGenerator@test1@test@modules@UModSys@@@tl@UModSys@@2USUniquePointer@core@3@A@@YAXXZ 10006cb0 f    CIL library: CIL module
 0001:00005cc0       ??__F?s_id@?$TObjectUniqueID@URTest1_Shell@test1@test@modules@UModSys@@@tl@UModSys@@2USUniquePointer@core@3@A@@YAXXZ 10006cc0 f    CIL library: CIL module
 0001:00005cd0       ??__F?s_id@?$TObjectUniqueID@URLines_Filter@test1@test@modules@UModSys@@@tl@UModSys@@2USUniquePointer@core@3@A@@YAXXZ 10006cd0 f    CIL library: CIL module
 0001:00005ce0       ??__F?s_id@?$TObjectUniqueID@URLines@test1@test@modules@UModSys@@@tl@UModSys@@2USUniquePointer@core@3@A@@YAXXZ 10006ce0 f    CIL library: CIL module
 0001:00005cf0       ??__F?s_id@?$TObjectUniqueID@UILines@test1@test@modules@UModSys@@@tl@UModSys@@2USUniquePointer@core@3@A@@YAXXZ 10006cf0 f    CIL library: CIL module
 0001:00005d00       ??__F?s_id@?$TObjectUniqueID@UILibraryLayered@libmedia@UModSys@@@tl@UModSys@@2USUniquePointer@core@3@A@@YAXXZ 10006d00 f    CIL library: CIL module
 0001:00005d10       ??__F?s_id@?$TObjectUniqueID@UILibraryObjCache@libmedia@UModSys@@@tl@UModSys@@2USUniquePointer@core@3@A@@YAXXZ 10006d10 f    CIL library: CIL module
 0001:00005d20       ??__F?s_id@?$TObjectUniqueID@UILibraryObjFilter@libmedia@UModSys@@@tl@UModSys@@2USUniquePointer@core@3@A@@YAXXZ 10006d20 f    CIL library: CIL module
 0001:00005d30       ??__F?s_id@?$TObjectUniqueID@UILibraryBinCache@libmedia@UModSys@@@tl@UModSys@@2USUniquePointer@core@3@A@@YAXXZ 10006d30 f    CIL library: CIL module
 0001:00005d40       ??__F?s_id@?$TObjectUniqueID@UILibraryBinTree@libmedia@UModSys@@@tl@UModSys@@2USUniquePointer@core@3@A@@YAXXZ 10006d40 f    CIL library: CIL module
 0001:00005d50       ??__F?s_id@?$TObjectUniqueID@UILibrary@libmedia@UModSys@@@tl@UModSys@@2USUniquePointer@core@3@A@@YAXXZ 10006d50 f    CIL library: CIL module
 0001:00005d60       ??__F?s_id@?$TObjectUniqueID@UIBinObjFilter@libmedia@UModSys@@@tl@UModSys@@2USUniquePointer@core@3@A@@YAXXZ 10006d60 f    CIL library: CIL module
 0001:00005d70       ??__F?s_id@?$TObjectUniqueID@UIBinArchive@libmedia@UModSys@@@tl@UModSys@@2USUniquePointer@core@3@A@@YAXXZ 10006d70 f    CIL library: CIL module
 0001:00005d80       ??__F?s_id@?$TObjectUniqueID@UIStreamWriter@libmedia@UModSys@@@tl@UModSys@@2USUniquePointer@core@3@A@@YAXXZ 10006d80 f    CIL library: CIL module
 0001:00005d90       ??__F?s_id@?$TObjectUniqueID@UIStreamReader@libmedia@UModSys@@@tl@UModSys@@2USUniquePointer@core@3@A@@YAXXZ 10006d90 f    CIL library: CIL module
 0001:00005da0       ??__F?s_id@?$TObjectUniqueID@UISystem@base@UModSys@@@tl@UModSys@@2USUniquePointer@core@3@A@@YAXXZ 10006da0 f    CIL library: CIL module
 0001:00005db0       ??__F?s_id@?$TObjectUniqueID@UIConsole@base@UModSys@@@tl@UModSys@@2USUniquePointer@core@3@A@@YAXXZ 10006db0 f    CIL library: CIL module
 0001:00005dc0       ??__F?s_id@?$TObjectUniqueID@UIShell@base@UModSys@@@tl@UModSys@@2USUniquePointer@core@3@A@@YAXXZ 10006dc0 f    CIL library: CIL module
 0001:00005dd0       ??__F?s_id@?$TObjectUniqueID@UIGenerator@base@UModSys@@@tl@UModSys@@2USUniquePointer@core@3@A@@YAXXZ 10006dd0 f    CIL library: CIL module
 0001:00005de0       ??__F?s_id@?$TObjectUniqueID@UIModObject@base@UModSys@@@tl@UModSys@@2USUniquePointer@core@3@A@@YAXXZ 10006de0 f    CIL library: CIL module
 0001:00005df0       ??__F?s_id@?$TObjectUniqueID@UIModuleLibrary@base@UModSys@@@tl@UModSys@@2USUniquePointer@core@3@A@@YAXXZ 10006df0 f    CIL library: CIL module
 0001:00005e00       ??__F?s_id@?$TObjectUniqueID@UIModule@base@UModSys@@@tl@UModSys@@2USUniquePointer@core@3@A@@YAXXZ 10006e00 f    CIL library: CIL module
 0001:00005e10       ??__F?s_id@?$TObjectUniqueID@UIParameters@core@UModSys@@@tl@UModSys@@2USUniquePointer@core@3@A@@YAXXZ 10006e10 f    CIL library: CIL module
 0001:00005e20       ??__F?s_id@?$TObjectUniqueID@UIRefObject@core@UModSys@@@tl@UModSys@@2USUniquePointer@core@3@A@@YAXXZ 10006e20 f    CIL library: CIL module
 0001:00005e30       ??__F?s_id@?$TObjectUniqueID@UIRoot@core@UModSys@@@tl@UModSys@@2USUniquePointer@core@3@A@@YAXXZ 10006e30 f    CIL library: CIL module
 0001:00005e40       ??__FM@UModSys@@YAXXZ      10006e40 f    CIL library: CIL module
 0001:00005e50       ??__F?root@SModuleRegChain@base@UModSys@@2U123@A@@YAXXZ 10006e50 f    CIL library: CIL module
 0001:00005e60       ??__F?s_library@RModuleLibraryReg_Chain@base@UModSys@@2U123@A@@YAXXZ 10006e60 f    CIL library: CIL module
 0001:00005e70       ??__F?root@SUniquePointer@core@UModSys@@2U123@A@@YAXXZ 10006e70 f    CIL library: CIL module

 Exports

  ordinal    name

        1    _UModSys_Plugin_Entry2@0
