 plugin_test1

 Timestamp is 53359198 (Fri Mar 28 18:13:28 2014)

 Preferred load address is 10000000

 Start         Length     Name                   Class
 0001:00000000 00039b41H .text                   CODE
 0001:00039b50 00001008H .text$x                 CODE
 0001:0003ab60 00001f01H .text$yc                CODE
 0001:0003ca70 00000bfaH .text$yd                CODE
 0002:00000000 00000234H .idata$5                DATA
 0002:00000234 00000004H .CRT$XCA                DATA
 0002:00000238 0000159cH .CRT$XCU                DATA
 0002:000017d4 00000004H .CRT$XCZ                DATA
 0002:000017d8 00000004H .CRT$XIA                DATA
 0002:000017dc 00000004H .CRT$XIAA               DATA
 0002:000017e0 00000004H .CRT$XIC                DATA
 0002:000017e4 00000004H .CRT$XIZ                DATA
 0002:000017e8 0000d818H .rdata                  DATA
 0002:0000f000 00002624H .rdata$r                DATA
 0002:00011630 000001ecH .rdata$sxdata           DATA
 0002:0001181c 00000004H .rtc$IAA                DATA
 0002:00011820 00000004H .rtc$IZZ                DATA
 0002:00011824 00000004H .rtc$TAA                DATA
 0002:00011828 00000004H .rtc$TZZ                DATA
 0002:00011830 000019dcH .xdata$x                DATA
 0002:0001320c 0000008cH .idata$2                DATA
 0002:00013298 00000014H .idata$3                DATA
 0002:000132ac 00000234H .idata$4                DATA
 0002:000134e0 00000a0cH .idata$6                DATA
 0002:00013ef0 0000005cH .edata                  DATA
 0003:00000000 00001c20H .data                   DATA
 0003:00001c20 00001c88H .bss                    DATA

  Address         Publics by Value              Rva+Base       Lib:Object

 0000:00000000       __except_list              00000000     <absolute>
 0000:0000007b       ___safe_se_handler_count   0000007b     <absolute>
 0000:00009876       __fltused                  00009876     <absolute>
 0000:00009876       __ldused                   00009876     <absolute>
 0000:00000000       ___ImageBase               10000000     <linker-defined>
 0001:00000000       ??1State@RImage_Memory@stdlib@lib2d@modules@UModSys@@QAE@XZ 10001000 f i umodsys_lib_lib2d:umodsys.mod.2d.stdlib.obj
 0001:00000000       ??1SMemShared@core@UModSys@@QAE@XZ 10001000 f i plugin_test1.obj
 0001:00000000       ??1SCMemShared@core@UModSys@@QAE@XZ 10001000 f i plugin_test1.obj
 0001:00000020       ??4SCMemShared@core@UModSys@@QAEABU012@ABUSMemShared@12@@Z 10001020 f i plugin_test1.obj
 0001:00000050       ??3IRoot@core@UModSys@@SAXPAXABUSIMemAlloc@12@@Z 10001050 f i plugin_test1.obj
 0001:00000060       ??$seq@D@su@tl@UModSys@@YA_NPBD0@Z 10001060 f i plugin_test1.obj
 0001:000000a0       ?add@SParameters@core@UModSys@@QAE_NPBD0@Z 100010a0 f i plugin_test1.obj
 0001:000000d0       ?s@SFrameDataOut@libui@UModSys@@QBEXQBD@Z 100010d0 f i plugin_test1.obj
 0001:00000110       ?set_info@IImage@lib2d@UModSys@@QAE_NW4eImageType@23@HHPBD@Z 10001110 f i plugin_test1.obj
 0001:00000140       ??_EIRoot@core@UModSys@@UAEPAXI@Z 10001140 f i  CIL library: CIL module
 0001:00000140       ??_GIRoot@core@UModSys@@UAEPAXI@Z 10001140 f i plugin_test1.obj
 0001:00000160       ?root_get_interface_info@RTest1_Shell@test1@test@modules@UModSys@@UBEABUSUniquePointerInfo@core@5@XZ 10001160 f i plugin_test1.obj
 0001:00000170       ?root_get_interface_type@RTest1_Shell@test1@test@modules@UModSys@@UBEPBUSUniquePointerInfo@core@5@XZ 10001170 f i plugin_test1.obj
 0001:00000180       ?root_get_other_interface@RTest1_Shell@test1@test@modules@UModSys@@UBEPBUIRoot@core@5@PBUSUniquePointerInfo@75@@Z 10001180 f i plugin_test1.obj
 0001:00000180       ?root_get_other_interface@RTest1_Shell@test1@test@modules@UModSys@@UAEPAUIRoot@core@5@PBUSUniquePointerInfo@75@@Z 10001180 f i plugin_test1.obj
 0001:000001b0       ?root_is_interface_supported@RTest1_Shell@test1@test@modules@UModSys@@UBE_NPBUSUniquePointerInfo@core@5@@Z 100011b0 f i plugin_test1.obj
 0001:000001f0       ?ref_add@RTest1_Shell@test1@test@modules@UModSys@@UBEXXZ 100011f0 f i plugin_test1.obj
 0001:00000200       ?ref_remove@RTest1_Shell@test1@test@modules@UModSys@@UBEXXZ 10001200 f i plugin_test1.obj
 0001:00000210       ?ref_links@RTest1_Shell@test1@test@modules@UModSys@@UBEHXZ 10001210 f i plugin_test1.obj
 0001:00000220       ?ref_weak@RTest1_Shell@test1@test@modules@UModSys@@UBE_NAAUWeakPointer@IRefObject@core@5@@Z 10001220 f i plugin_test1.obj
 0001:00000240       ?suicide@RTest1_Shell@test1@test@modules@UModSys@@UAEXXZ 10001240 f i plugin_test1.obj
 0001:00000250       ?set@VertexPC@UI_Info@RTest1_Shell@test1@test@modules@UModSys@@QAEXABU?$TVector3@N@math3d@7@ABU?$TVector3@M@97@@Z 10001250 f i plugin_test1.obj
 0001:00000320       ??0RTest1_Shell@test1@test@modules@UModSys@@QAE@PAUIModObject@base@4@@Z 10001320 f i plugin_test1.obj
 0001:00000470       ??1RTest1_Shell@test1@test@modules@UModSys@@UAE@XZ 10001470 f i plugin_test1.obj
 0001:00000520       ?connect@RTest1_Shell@test1@test@modules@UModSys@@UAE_NXZ 10001520 f i plugin_test1.obj
 0001:00000540       ?disconnect@RTest1_Shell@test1@test@modules@UModSys@@UAE_NXZ 10001540 f i plugin_test1.obj
 0001:00000560       ?process_tick@RTest1_Shell@test1@test@modules@UModSys@@UAE_NABUSTimeMsec@core@5@@Z 10001560 f i plugin_test1.obj
 0001:00000590       ?process_command@RTest1_Shell@test1@test@modules@UModSys@@UAE_NHQBU?$TString@U?$TSCoreConst@D@su@tl@UModSys@@U?$TComparerBinaryHash@D@234@@tl@5@@Z 10001590 f i plugin_test1.obj
 0001:000005b0       ??_ERTest1_Shell@test1@test@modules@UModSys@@UAEPAXI@Z 100015b0 f i  CIL library: CIL module
 0001:000005b0       ??_GRTest1_Shell@test1@test@modules@UModSys@@UAEPAXI@Z 100015b0 f i plugin_test1.obj
 0001:000005d0       ?set_value@Prop@Aux@RTest1_Shell@test1@test@modules@UModSys@@UAE_NABUSPropValueR@core@7@@Z 100015d0 f i plugin_test1.obj
 0001:00000680       ?set_value@PropX@Aux@RTest1_Shell@test1@test@modules@UModSys@@UAE_NPBUSUniquePointerInfo@core@7@ABUSPropValueR@97@@Z 10001680 f i plugin_test1.obj
 0001:000007f0       ??1SFrameCreateParameters@libui@UModSys@@QAE@XZ 100017f0 f i plugin_test1.obj
 0001:00000810       ??1UI_Info@RTest1_Shell@test1@test@modules@UModSys@@QAE@XZ 10001810 f i plugin_test1.obj
 0001:00000990       ?get_generated_names@RGenerator@test1@test@modules@UModSys@@UBEHAAUSUniquePtrList@core@5@@Z 10001990 f i plugin_test1.obj
 0001:000009b0       ?get_generated_types@RGenerator@test1@test@modules@UModSys@@UBEHAAUSUniquePtrList@core@5@PBUSUniquePointerInfo@75@@Z 100019b0 f i plugin_test1.obj
 0001:00000a00       ?generate@RGenerator@test1@test@modules@UModSys@@UAE_NAAU?$TRefObject@UIRefObject@core@UModSys@@U?$TRefObjectFunc@UIRefObject@core@UModSys@@@tl@3@@tl@5@PBUSUniquePointerInfo@core@5@ABUSParameters@95@@Z 10001a00 f i plugin_test1.obj
 0001:00000ac0       ?root_get_interface_info@RGenerator@test1@test@modules@UModSys@@UBEABUSUniquePointerInfo@core@5@XZ 10001ac0 f i plugin_test1.obj
 0001:00000ad0       ?root_get_interface_type@RGenerator@test1@test@modules@UModSys@@UBEPBUSUniquePointerInfo@core@5@XZ 10001ad0 f i plugin_test1.obj
 0001:00000ae0       ?root_get_other_interface@RGenerator@test1@test@modules@UModSys@@UAEPAUIRoot@core@5@PBUSUniquePointerInfo@75@@Z 10001ae0 f i plugin_test1.obj
 0001:00000ae0       ?root_get_other_interface@RGenerator@test1@test@modules@UModSys@@UBEPBUIRoot@core@5@PBUSUniquePointerInfo@75@@Z 10001ae0 f i plugin_test1.obj
 0001:00000b20       ?root_is_interface_supported@RGenerator@test1@test@modules@UModSys@@UBE_NPBUSUniquePointerInfo@core@5@@Z 10001b20 f i plugin_test1.obj
 0001:00000b60       ?get_uid@RGenerator@test1@test@modules@UModSys@@UBEPBUSUniquePointerInfo@core@5@XZ 10001b60 f i plugin_test1.obj
 0001:00000b70       ?do_open@RModuleReg@test1@test@modules@UModSys@@UAE_NXZ 10001b70 f i plugin_test1.obj
 0001:00000ba0       ?do_close@RModuleReg@test1@test@modules@UModSys@@UAE_NXZ 10001ba0 f i plugin_test1.obj
 0001:00000bd0       ??_ERModuleReg@test1@test@modules@UModSys@@UAEPAXI@Z 10001bd0 f i  CIL library: CIL module
 0001:00000bd0       ??_GRModuleReg@test1@test@modules@UModSys@@UAEPAXI@Z 10001bd0 f i plugin_test1.obj
 0001:00000c00       ??0?$TString@U?$TSCoreConst@D@su@tl@UModSys@@U?$TComparerBinaryHash@D@234@@tl@UModSys@@QAE@PBD@Z 10001c00 f i plugin_test1.obj
 0001:00000c50       ??8?$TString@U?$TSCoreConst@D@su@tl@UModSys@@U?$TComparerBinaryHash@D@234@@tl@UModSys@@QBE_NPBD@Z 10001c50 f i plugin_test1.obj
 0001:00000c80       ??4?$TString@U?$TSCoreShared@USIMemAlloc@core@UModSys@@D@su@tl@UModSys@@U?$TComparerBinaryHash@D@234@@tl@UModSys@@QAEABU012@ABU012@@Z 10001c80 f i plugin_test1.obj
 0001:00000cb0       ?normalize@?$TVector3@N@math3d@UModSys@@QAENXZ 10001cb0 f i plugin_test1.obj
 0001:00000d10       ??0?$TParametersA@$0EAA@@core@UModSys@@QAE@XZ 10001d10 f i plugin_test1.obj
 0001:00000d40       ??1?$TDynarrayDynamic@UVertexPC@UI_Info@RTest1_Shell@test1@test@modules@UModSys@@U?$TAllocator@USIMemAlloc@core@UModSys@@USCountCalcPower2@23@@tl@7@@tl@UModSys@@QAE@XZ 10001d40 f i plugin_test1.obj
 0001:00000d70       ?Free@?$TDynarray@U?$TDynarrayHolderDynamic@UVertexPC@UI_Info@RTest1_Shell@test1@test@modules@UModSys@@U?$TAllocator@USIMemAlloc@core@UModSys@@USCountCalcPower2@23@@tl@7@@tl@UModSys@@@tl@UModSys@@QAE_NXZ 10001d70 f i plugin_test1.obj
 0001:00000dd0       ?info_release@?$TSCoreShared@USIMemAlloc@core@UModSys@@D@su@tl@UModSys@@QAEXXZ 10001dd0 f i plugin_test1.obj
 0001:00000e50       ?info_new@?$TSCoreShared@USIMemAlloc@core@UModSys@@D@su@tl@UModSys@@QAE_NPBDI@Z 10001e50 f i plugin_test1.obj
 0001:00000f00       ?get_null@?$TSCoreShared@USIMemAlloc@core@UModSys@@D@su@tl@UModSys@@SAPAU?$TSharedStringInfo@DUSIMemAlloc@core@UModSys@@@234@XZ 10001f00 f i plugin_test1.obj
 0001:00000f40       ?mult3@?$TMatrix44@N@math3d@UModSys@@QAEXABU123@0@Z 10001f40 f i plugin_test1.obj
 0001:00001020       ?set_rotate_about@?$TMatrix44@N@math3d@UModSys@@QAEXABU?$TVector3@N@23@N@Z 10002020 f i plugin_test1.obj
 0001:00001160       ?set_ER@?$TMatrix44@N@math3d@UModSys@@QAEXN@Z 10002160 f i plugin_test1.obj
 0001:00001190       ?set_inversed@?$TMatrix44@N@math3d@UModSys@@QAE_NABU123@@Z 10002190 f i plugin_test1.obj
 0001:00001570       ??$generate_type@UICollector@libui@UModSys@@@RTest1_Shell@test1@test@modules@UModSys@@SA?AU?$TRefObject@UICollector@libui@UModSys@@U?$TRefObjectFunc@UICollector@libui@UModSys@@@tl@3@@tl@4@ABU?$TString@U?$TSCoreConst@D@su@tl@UModSys@@U?$TComparerBinaryHash@D@234@@64@ABUSParameters@core@4@PBD@Z 10002570 f i plugin_test1.obj
 0001:000016d0       ??$generate_type@UITerminal@libui@UModSys@@@RTest1_Shell@test1@test@modules@UModSys@@SA?AU?$TRefObject@UITerminal@libui@UModSys@@U?$TRefObjectFunc@UITerminal@libui@UModSys@@@tl@3@@tl@4@ABU?$TString@U?$TSCoreConst@D@su@tl@UModSys@@U?$TComparerBinaryHash@D@234@@64@ABUSParameters@core@4@PBD@Z 100026d0 f i plugin_test1.obj
 0001:00001830       ??$t_create_handler@UIKeyboardController@libui@UModSys@@@ITerminal@libui@UModSys@@QAE_NAAU?$TRefObject@UIKeyboardController@libui@UModSys@@U?$TRefObjectFunc@UIKeyboardController@libui@UModSys@@@tl@3@@tl@2@PBDPBUSParameters@core@2@@Z 10002830 f i plugin_test1.obj
 0001:000018e0       ??$t_create_handler@UIMouseController@libui@UModSys@@@ITerminal@libui@UModSys@@QAE_NAAU?$TRefObject@UIMouseController@libui@UModSys@@U?$TRefObjectFunc@UIMouseController@libui@UModSys@@@tl@3@@tl@2@PBDPBUSParameters@core@2@@Z 100028e0 f i plugin_test1.obj
 0001:00001990       ??$generate_type@UIRenderer@lib3d@UModSys@@@RTest1_Shell@test1@test@modules@UModSys@@SA?AU?$TRefObject@UIRenderer@lib3d@UModSys@@U?$TRefObjectFunc@UIRenderer@lib3d@UModSys@@@tl@3@@tl@4@ABU?$TString@U?$TSCoreConst@D@su@tl@UModSys@@U?$TComparerBinaryHash@D@234@@64@ABUSParameters@core@4@PBD@Z 10002990 f i plugin_test1.obj
 0001:00001af0       ??$t_create_handler@UIRenderDriver@lib3d@UModSys@@@ITerminal@libui@UModSys@@QAE_NAAU?$TRefObject@UIRenderDriver@lib3d@UModSys@@U?$TRefObjectFunc@UIRenderDriver@lib3d@UModSys@@@tl@3@@tl@2@PBDPBUSParameters@core@2@@Z 10002af0 f i plugin_test1.obj
 0001:00001ba0       ??$generate_type@UIVisualizerScene@lib3d@UModSys@@@RTest1_Shell@test1@test@modules@UModSys@@SA?AU?$TRefObject@UIVisualizerScene@lib3d@UModSys@@U?$TRefObjectFunc@UIVisualizerScene@lib3d@UModSys@@@tl@3@@tl@4@ABU?$TString@U?$TSCoreConst@D@su@tl@UModSys@@U?$TComparerBinaryHash@D@234@@64@ABUSParameters@core@4@PBD@Z 10002ba0 f i plugin_test1.obj
 0001:00001d00       ??$generate_type@UIGeneralObject@lib3d@UModSys@@@RTest1_Shell@test1@test@modules@UModSys@@SA?AU?$TRefObject@UIGeneralObject@lib3d@UModSys@@U?$TRefObjectFunc@UIGeneralObject@lib3d@UModSys@@@tl@3@@tl@4@ABU?$TString@U?$TSCoreConst@D@su@tl@UModSys@@U?$TComparerBinaryHash@D@234@@64@ABUSParameters@core@4@PBD@Z 10002d00 f i plugin_test1.obj
 0001:00001e60       ??$t_ref_get_other_interface@UIVisualObject_Camera@lib3d@UModSys@@U?$TRefObjectFunc@UIVisualObject_Camera@lib3d@UModSys@@@tl@3@@IRefObject@core@UModSys@@QAE_NAAU?$TRefObject@UIVisualObject_Camera@lib3d@UModSys@@U?$TRefObjectFunc@UIVisualObject_Camera@lib3d@UModSys@@@tl@3@@tl@2@@Z 10002e60 f i plugin_test1.obj
 0001:00001ea0       ??$shash@D@su@tl@UModSys@@YAIPBDI@Z 10002ea0 f i plugin_test1.obj
 0001:00001ee0       ?ReLink@?$TDynarray@U?$TDynarrayHolderDynamic@UVertexPC@UI_Info@RTest1_Shell@test1@test@modules@UModSys@@U?$TAllocator@USIMemAlloc@core@UModSys@@USCountCalcPower2@23@@tl@7@@tl@UModSys@@@tl@UModSys@@IAE_NI@Z 10002ee0 f i plugin_test1.obj
 0001:00001f30       ??1?$TRefObject@UIModObject@base@UModSys@@U?$TModObjectFunc@UIModObject@base@UModSys@@@tl@3@@tl@UModSys@@QAE@XZ 10002f30 f i plugin_test1.obj
 0001:00001f50       ?mult@?$TMatrix44@N@math3d@UModSys@@QAEXABU123@0@Z 10002f50 f i plugin_test1.obj
 0001:00002160       ?get_determinant@?$TMatrix44@N@math3d@UModSys@@QBENXZ 10003160 f i plugin_test1.obj
 0001:00002220       ??$t_ref_get_other_interface@UIStreamReader@libmedia@UModSys@@U?$TRefObjectFunc@UIStreamReader@libmedia@UModSys@@@tl@3@@IRefObject@core@UModSys@@QAE_NAAU?$TRefObject@UIStreamReader@libmedia@UModSys@@U?$TRefObjectFunc@UIStreamReader@libmedia@UModSys@@@tl@3@@tl@2@@Z 10003220 f i plugin_test1.obj
 0001:00002260       ??$t_ref_get_other_interface@UIStreamWriter@libmedia@UModSys@@U?$TRefObjectFunc@UIStreamWriter@libmedia@UModSys@@@tl@3@@IRefObject@core@UModSys@@QAE_NAAU?$TRefObject@UIStreamWriter@libmedia@UModSys@@U?$TRefObjectFunc@UIStreamWriter@libmedia@UModSys@@@tl@3@@tl@2@@Z 10003260 f i plugin_test1.obj
 0001:000022a0       ??$t_generate@UICollector@libui@UModSys@@@SModuleContext@base@UModSys@@QAE_NAAU?$TRefObject@UICollector@libui@UModSys@@U?$TRefObjectFunc@UICollector@libui@UModSys@@@tl@3@@tl@2@PBUSUniquePointerInfo@core@2@ABUSParameters@62@@Z 100032a0 f i plugin_test1.obj
 0001:00002350       ??$t_generate@UITerminal@libui@UModSys@@@SModuleContext@base@UModSys@@QAE_NAAU?$TRefObject@UITerminal@libui@UModSys@@U?$TRefObjectFunc@UITerminal@libui@UModSys@@@tl@3@@tl@2@PBUSUniquePointerInfo@core@2@ABUSParameters@62@@Z 10003350 f i plugin_test1.obj
 0001:00002400       ??$t_generate@UIRenderer@lib3d@UModSys@@@SModuleContext@base@UModSys@@QAE_NAAU?$TRefObject@UIRenderer@lib3d@UModSys@@U?$TRefObjectFunc@UIRenderer@lib3d@UModSys@@@tl@3@@tl@2@PBUSUniquePointerInfo@core@2@ABUSParameters@62@@Z 10003400 f i plugin_test1.obj
 0001:000024b0       ??$t_generate@UIVisualizerScene@lib3d@UModSys@@@SModuleContext@base@UModSys@@QAE_NAAU?$TRefObject@UIVisualizerScene@lib3d@UModSys@@U?$TRefObjectFunc@UIVisualizerScene@lib3d@UModSys@@@tl@3@@tl@2@PBUSUniquePointerInfo@core@2@ABUSParameters@62@@Z 100034b0 f i plugin_test1.obj
 0001:00002560       ??$t_generate@UIGeneralObject@lib3d@UModSys@@@SModuleContext@base@UModSys@@QAE_NAAU?$TRefObject@UIGeneralObject@lib3d@UModSys@@U?$TRefObjectFunc@UIGeneralObject@lib3d@UModSys@@@tl@3@@tl@2@PBUSUniquePointerInfo@core@2@ABUSParameters@62@@Z 10003560 f i plugin_test1.obj
 0001:00002610       ??$t_ref_get_other_interface@UIImage@lib2d@UModSys@@U?$TRefObjectFunc@UIImage@lib2d@UModSys@@@tl@3@@IRefObject@core@UModSys@@QAE_NAAU?$TRefObject@UIImage@lib2d@UModSys@@U?$TRefObjectFunc@UIImage@lib2d@UModSys@@@tl@3@@tl@2@@Z 10003610 f i plugin_test1.obj
 0001:00002650       ??$t_ref_get_other_interface@UIImageFactory@lib2d@UModSys@@U?$TRefObjectFunc@UIImageFactory@lib2d@UModSys@@@tl@3@@IRefObject@core@UModSys@@QAE_NAAU?$TRefObject@UIImageFactory@lib2d@UModSys@@U?$TRefObjectFunc@UIImageFactory@lib2d@UModSys@@@tl@3@@tl@2@@Z 10003650 f i plugin_test1.obj
 0001:00002690       ??$t_ref_get_other_interface@UIMultiImage@lib2d@UModSys@@U?$TRefObjectFunc@UIMultiImage@lib2d@UModSys@@@tl@3@@IRefObject@core@UModSys@@QAE_NAAU?$TRefObject@UIMultiImage@lib2d@UModSys@@U?$TRefObjectFunc@UIMultiImage@lib2d@UModSys@@@tl@3@@tl@2@@Z 10003690 f i plugin_test1.obj
 0001:000026d0       ??$t_ref_get_other_interface@UICollector@libui@UModSys@@U?$TRefObjectFunc@UICollector@libui@UModSys@@@tl@3@@IRefObject@core@UModSys@@QAE_NAAU?$TRefObject@UICollector@libui@UModSys@@U?$TRefObjectFunc@UICollector@libui@UModSys@@@tl@3@@tl@2@@Z 100036d0 f i plugin_test1.obj
 0001:00002710       ??$t_ref_get_other_interface@UITerminal@libui@UModSys@@U?$TRefObjectFunc@UITerminal@libui@UModSys@@@tl@3@@IRefObject@core@UModSys@@QAE_NAAU?$TRefObject@UITerminal@libui@UModSys@@U?$TRefObjectFunc@UITerminal@libui@UModSys@@@tl@3@@tl@2@@Z 10003710 f i plugin_test1.obj
 0001:00002750       ??$t_ref_get_other_interface@UIRenderer@lib3d@UModSys@@U?$TRefObjectFunc@UIRenderer@lib3d@UModSys@@@tl@3@@IRefObject@core@UModSys@@QAE_NAAU?$TRefObject@UIRenderer@lib3d@UModSys@@U?$TRefObjectFunc@UIRenderer@lib3d@UModSys@@@tl@3@@tl@2@@Z 10003750 f i plugin_test1.obj
 0001:00002790       ??$t_ref_get_other_interface@UIVisualizerScene@lib3d@UModSys@@U?$TRefObjectFunc@UIVisualizerScene@lib3d@UModSys@@@tl@3@@IRefObject@core@UModSys@@QAE_NAAU?$TRefObject@UIVisualizerScene@lib3d@UModSys@@U?$TRefObjectFunc@UIVisualizerScene@lib3d@UModSys@@@tl@3@@tl@2@@Z 10003790 f i plugin_test1.obj
 0001:000027d0       ??$t_ref_get_other_interface@UIGeneralObject@lib3d@UModSys@@U?$TRefObjectFunc@UIGeneralObject@lib3d@UModSys@@@tl@3@@IRefObject@core@UModSys@@QAE_NAAU?$TRefObject@UIGeneralObject@lib3d@UModSys@@U?$TRefObjectFunc@UIGeneralObject@lib3d@UModSys@@@tl@3@@tl@2@@Z 100037d0 f i plugin_test1.obj
 0001:00002810       ?root_get_interface_info@RRenderer@stdlib@lib3d@modules@UModSys@@UBEABUSUniquePointerInfo@core@5@XZ 10003810 f i umodsys_lib_lib3d:umodsys.mod.3d.stdlib.obj
 0001:00002820       ?root_get_interface_type@RRenderer@stdlib@lib3d@modules@UModSys@@UBEPBUSUniquePointerInfo@core@5@XZ 10003820 f i umodsys_lib_lib3d:umodsys.mod.3d.stdlib.obj
 0001:00002830       ?root_get_other_interface@RRenderer@stdlib@lib3d@modules@UModSys@@UBEPBUIRoot@core@5@PBUSUniquePointerInfo@75@@Z 10003830 f i umodsys_lib_lib3d:umodsys.mod.3d.stdlib.obj
 0001:00002830       ?root_get_other_interface@RRenderer@stdlib@lib3d@modules@UModSys@@UAEPAUIRoot@core@5@PBUSUniquePointerInfo@75@@Z 10003830 f i umodsys_lib_lib3d:umodsys.mod.3d.stdlib.obj
 0001:00002860       ?root_is_interface_supported@RRenderer@stdlib@lib3d@modules@UModSys@@UBE_NPBUSUniquePointerInfo@core@5@@Z 10003860 f i umodsys_lib_lib3d:umodsys.mod.3d.stdlib.obj
 0001:000028a0       ?ref_weak@RRenderer@stdlib@lib3d@modules@UModSys@@UBE_NAAUWeakPointer@IRefObject@core@5@@Z 100038a0 f i umodsys_lib_lib3d:umodsys.mod.3d.stdlib.obj
 0001:000028a0       ?ref_weak@RSerializeWriter@serialize_json@media@modules@UModSys@@UBE_NAAUWeakPointer@IRefObject@core@5@@Z 100038a0 f i umodsys_lib_libmedia:umodsys.mod.media.serialize_json.obj
 0001:000028a0       ?ref_weak@RVisualSceneMapper_Direct@stdlib@lib3d@modules@UModSys@@UBE_NAAUWeakPointer@IRefObject@core@5@@Z 100038a0 f i umodsys_lib_lib3d:umodsys.mod.3d.stdlib.obj
 0001:000028c0       ?suicide@RRenderer@stdlib@lib3d@modules@UModSys@@UAEXXZ 100038c0 f i umodsys_lib_lib3d:umodsys.mod.3d.stdlib.obj
 0001:000028c0       ?suicide@RVisualSceneMapper_Direct@stdlib@lib3d@modules@UModSys@@UAEXXZ 100038c0 f i umodsys_lib_lib3d:umodsys.mod.3d.stdlib.obj
 0001:000028c0       ?suicide@RSerializeWriter@serialize_json@media@modules@UModSys@@UAEXXZ 100038c0 f i umodsys_lib_libmedia:umodsys.mod.media.serialize_json.obj
 0001:000028d0       ?root_get_interface_info@RVisualizerScene@stdlib@lib3d@modules@UModSys@@UBEABUSUniquePointerInfo@core@5@XZ 100038d0 f i umodsys_lib_lib3d:umodsys.mod.3d.stdlib.obj
 0001:000028e0       ?root_get_interface_type@RVisualizerScene@stdlib@lib3d@modules@UModSys@@UBEPBUSUniquePointerInfo@core@5@XZ 100038e0 f i umodsys_lib_lib3d:umodsys.mod.3d.stdlib.obj
 0001:000028f0       ?root_get_other_interface@RVisualizerScene@stdlib@lib3d@modules@UModSys@@UAEPAUIRoot@core@5@PBUSUniquePointerInfo@75@@Z 100038f0 f i umodsys_lib_lib3d:umodsys.mod.3d.stdlib.obj
 0001:000028f0       ?root_get_other_interface@RVisualizerScene@stdlib@lib3d@modules@UModSys@@UBEPBUIRoot@core@5@PBUSUniquePointerInfo@75@@Z 100038f0 f i umodsys_lib_lib3d:umodsys.mod.3d.stdlib.obj
 0001:00002930       ?root_is_interface_supported@RVisualizerScene@stdlib@lib3d@modules@UModSys@@UBE_NPBUSUniquePointerInfo@core@5@@Z 10003930 f i umodsys_lib_lib3d:umodsys.mod.3d.stdlib.obj
 0001:00002970       ?suicide@RGeneral@object_primitive@stdlib@lib3d@modules@UModSys@@UAEXXZ 10003970 f i umodsys_lib_lib3d:umodsys.mod.3d.stdlib.obj
 0001:00002970       ?suicide@RGeneral@object_camera@stdlib@lib3d@modules@UModSys@@UAEXXZ 10003970 f i umodsys_lib_lib3d:umodsys.mod.3d.stdlib.obj
 0001:00002970       ?suicide@RImage_Memory@stdlib@lib2d@modules@UModSys@@UAEXXZ 10003970 f i umodsys_lib_lib2d:umodsys.mod.2d.stdlib.obj
 0001:00002970       ?suicide@RSerializeReader@serialize_json@media@modules@UModSys@@UAEXXZ 10003970 f i umodsys_lib_libmedia:umodsys.mod.media.serialize_json.obj
 0001:00002970       ?suicide@RTerminal@SDL_GL@ui@modules@UModSys@@UAEXXZ 10003970 f i umodsys_lib_libui:umodsys.mod.ui.SDL_GL.obj
 0001:00002970       ?suicide@RMultiImage@stdlib@lib2d@modules@UModSys@@UAEXXZ 10003970 f i umodsys_lib_lib2d:umodsys.mod.2d.stdlib.obj
 0001:00002970       ?suicide@RImageFactory_Memory@stdlib@lib2d@modules@UModSys@@UAEXXZ 10003970 f i umodsys_lib_lib2d:umodsys.mod.2d.stdlib.obj
 0001:00002970       ?suicide@RVisualizerScene@stdlib@lib3d@modules@UModSys@@UAEXXZ 10003970 f i umodsys_lib_lib3d:umodsys.mod.3d.stdlib.obj
 0001:00002970       ?suicide@RBinArchiveFrameClient_ZIP@zlib@media@modules@UModSys@@UAEXXZ 10003970 f i umodsys_lib_libmedia:umodsys.mod.media.zlib.obj
 0001:00002970       ?suicide@RTerminal@SDL_core@ui@modules@UModSys@@UAEXXZ 10003970 f i umodsys_lib_libui:umodsys.mod.ui.SDL_core.obj
 0001:00002980       ?root_get_interface_info@RVisualSceneMapper_Direct@stdlib@lib3d@modules@UModSys@@UBEABUSUniquePointerInfo@core@5@XZ 10003980 f i umodsys_lib_lib3d:umodsys.mod.3d.stdlib.obj
 0001:00002990       ?root_get_interface_type@RVisualSceneMapper_Direct@stdlib@lib3d@modules@UModSys@@UBEPBUSUniquePointerInfo@core@5@XZ 10003990 f i umodsys_lib_lib3d:umodsys.mod.3d.stdlib.obj
 0001:000029a0       ?root_get_other_interface@RVisualSceneMapper_Direct@stdlib@lib3d@modules@UModSys@@UAEPAUIRoot@core@5@PBUSUniquePointerInfo@75@@Z 100039a0 f i umodsys_lib_lib3d:umodsys.mod.3d.stdlib.obj
 0001:000029a0       ?root_get_other_interface@RVisualSceneMapper_Direct@stdlib@lib3d@modules@UModSys@@UBEPBUIRoot@core@5@PBUSUniquePointerInfo@75@@Z 100039a0 f i umodsys_lib_lib3d:umodsys.mod.3d.stdlib.obj
 0001:000029d0       ?root_is_interface_supported@RVisualSceneMapper_Direct@stdlib@lib3d@modules@UModSys@@UBE_NPBUSUniquePointerInfo@core@5@@Z 100039d0 f i umodsys_lib_lib3d:umodsys.mod.3d.stdlib.obj
 0001:00002a10       ?ref_add@RRenderer@stdlib@lib3d@modules@UModSys@@UBEXXZ 10003a10 f i umodsys_lib_lib3d:umodsys.mod.3d.stdlib.obj
 0001:00002a10       ?ref_add@RSerializeWriter@serialize_json@media@modules@UModSys@@UBEXXZ 10003a10 f i umodsys_lib_libmedia:umodsys.mod.media.serialize_json.obj
 0001:00002a10       ?ref_add@RVisualSceneMapper_Direct@stdlib@lib3d@modules@UModSys@@UBEXXZ 10003a10 f i umodsys_lib_lib3d:umodsys.mod.3d.stdlib.obj
 0001:00002a20       ?ref_remove@RVisualSceneMapper_Direct@stdlib@lib3d@modules@UModSys@@UBEXXZ 10003a20 f i umodsys_lib_lib3d:umodsys.mod.3d.stdlib.obj
 0001:00002a20       ?ref_remove@RRenderer@stdlib@lib3d@modules@UModSys@@UBEXXZ 10003a20 f i umodsys_lib_lib3d:umodsys.mod.3d.stdlib.obj
 0001:00002a20       ?ref_remove@RSerializeWriter@serialize_json@media@modules@UModSys@@UBEXXZ 10003a20 f i umodsys_lib_libmedia:umodsys.mod.media.serialize_json.obj
 0001:00002a30       ?ref_links@RRenderer@stdlib@lib3d@modules@UModSys@@UBEHXZ 10003a30 f i umodsys_lib_lib3d:umodsys.mod.3d.stdlib.obj
 0001:00002a30       ?ref_links@RVisualSceneMapper_Direct@stdlib@lib3d@modules@UModSys@@UBEHXZ 10003a30 f i umodsys_lib_lib3d:umodsys.mod.3d.stdlib.obj
 0001:00002a30       ?ref_links@RSerializeWriter@serialize_json@media@modules@UModSys@@UBEHXZ 10003a30 f i umodsys_lib_libmedia:umodsys.mod.media.serialize_json.obj
 0001:00002a40       ?root_get_interface_info@RGeneral@object_primitive@stdlib@lib3d@modules@UModSys@@UBEABUSUniquePointerInfo@core@6@XZ 10003a40 f i umodsys_lib_lib3d:umodsys.mod.3d.stdlib.obj
 0001:00002a50       ?root_get_interface_type@RGeneral@object_primitive@stdlib@lib3d@modules@UModSys@@UBEPBUSUniquePointerInfo@core@6@XZ 10003a50 f i umodsys_lib_lib3d:umodsys.mod.3d.stdlib.obj
 0001:00002a60       ?root_get_other_interface@RGeneral@object_primitive@stdlib@lib3d@modules@UModSys@@UBEPBUIRoot@core@6@PBUSUniquePointerInfo@86@@Z 10003a60 f i umodsys_lib_lib3d:umodsys.mod.3d.stdlib.obj
 0001:00002a60       ?root_get_other_interface@RGeneral@object_primitive@stdlib@lib3d@modules@UModSys@@UAEPAUIRoot@core@6@PBUSUniquePointerInfo@86@@Z 10003a60 f i umodsys_lib_lib3d:umodsys.mod.3d.stdlib.obj
 0001:00002a90       ?root_is_interface_supported@RGeneral@object_primitive@stdlib@lib3d@modules@UModSys@@UBE_NPBUSUniquePointerInfo@core@6@@Z 10003a90 f i umodsys_lib_lib3d:umodsys.mod.3d.stdlib.obj
 0001:00002ad0       ?root_get_interface_info@RRender@object_primitive@stdlib@lib3d@modules@UModSys@@UBEABUSUniquePointerInfo@core@6@XZ 10003ad0 f i umodsys_lib_lib3d:umodsys.mod.3d.stdlib.obj
 0001:00002ae0       ?root_get_interface_type@RRender@object_primitive@stdlib@lib3d@modules@UModSys@@UBEPBUSUniquePointerInfo@core@6@XZ 10003ae0 f i umodsys_lib_lib3d:umodsys.mod.3d.stdlib.obj
 0001:00002af0       ?root_get_other_interface@RRender@object_primitive@stdlib@lib3d@modules@UModSys@@UBEPBUIRoot@core@6@PBUSUniquePointerInfo@86@@Z 10003af0 f i umodsys_lib_lib3d:umodsys.mod.3d.stdlib.obj
 0001:00002af0       ?root_get_other_interface@RRender@object_primitive@stdlib@lib3d@modules@UModSys@@UAEPAUIRoot@core@6@PBUSUniquePointerInfo@86@@Z 10003af0 f i umodsys_lib_lib3d:umodsys.mod.3d.stdlib.obj
 0001:00002b30       ?root_is_interface_supported@RRender@object_primitive@stdlib@lib3d@modules@UModSys@@UBE_NPBUSUniquePointerInfo@core@6@@Z 10003b30 f i umodsys_lib_lib3d:umodsys.mod.3d.stdlib.obj
 0001:00002b70       ?ref_remove@RCollector@frames@ui@modules@UModSys@@UBEXXZ 10003b70 f i umodsys_lib_libui:umodsys.mod.ui.frames.obj
 0001:00002b70       ?ref_remove@RRender@object_primitive@stdlib@lib3d@modules@UModSys@@UBEXXZ 10003b70 f i umodsys_lib_lib3d:umodsys.mod.3d.stdlib.obj
 0001:00002b80       ?ref_weak@RCollector@frames@ui@modules@UModSys@@UBE_NAAUWeakPointer@IRefObject@core@5@@Z 10003b80 f i umodsys_lib_libui:umodsys.mod.ui.frames.obj
 0001:00002b80       ?ref_weak@RRender@object_primitive@stdlib@lib3d@modules@UModSys@@UBE_NAAUWeakPointer@IRefObject@core@6@@Z 10003b80 f i umodsys_lib_lib3d:umodsys.mod.3d.stdlib.obj
 0001:00002ba0       ?suicide@RRender@object_primitive@stdlib@lib3d@modules@UModSys@@UAEXXZ 10003ba0 f i umodsys_lib_lib3d:umodsys.mod.3d.stdlib.obj
 0001:00002bb0       ?root_get_interface_info@RVisual@object_primitive@stdlib@lib3d@modules@UModSys@@UBEABUSUniquePointerInfo@core@6@XZ 10003bb0 f i umodsys_lib_lib3d:umodsys.mod.3d.stdlib.obj
 0001:00002bc0       ?root_get_interface_type@RVisual@object_primitive@stdlib@lib3d@modules@UModSys@@UBEPBUSUniquePointerInfo@core@6@XZ 10003bc0 f i umodsys_lib_lib3d:umodsys.mod.3d.stdlib.obj
 0001:00002bd0       ?root_get_other_interface@RVisual@object_primitive@stdlib@lib3d@modules@UModSys@@UBEPBUIRoot@core@6@PBUSUniquePointerInfo@86@@Z 10003bd0 f i umodsys_lib_lib3d:umodsys.mod.3d.stdlib.obj
 0001:00002bd0       ?root_get_other_interface@RVisual@object_primitive@stdlib@lib3d@modules@UModSys@@UAEPAUIRoot@core@6@PBUSUniquePointerInfo@86@@Z 10003bd0 f i umodsys_lib_lib3d:umodsys.mod.3d.stdlib.obj
 0001:00002c10       ?root_is_interface_supported@RVisual@object_primitive@stdlib@lib3d@modules@UModSys@@UBE_NPBUSUniquePointerInfo@core@6@@Z 10003c10 f i umodsys_lib_lib3d:umodsys.mod.3d.stdlib.obj
 0001:00002c50       ?ref_links@RVisual@object_camera@stdlib@lib3d@modules@UModSys@@UBEHXZ 10003c50 f i umodsys_lib_lib3d:umodsys.mod.3d.stdlib.obj
 0001:00002c50       ?ref_links@RVisual@object_primitive@stdlib@lib3d@modules@UModSys@@UBEHXZ 10003c50 f i umodsys_lib_lib3d:umodsys.mod.3d.stdlib.obj
 0001:00002c60       ?root_get_interface_info@RGeneral@object_camera@stdlib@lib3d@modules@UModSys@@UBEABUSUniquePointerInfo@core@6@XZ 10003c60 f i umodsys_lib_lib3d:umodsys.mod.3d.stdlib.obj
 0001:00002c70       ?root_get_interface_type@RGeneral@object_camera@stdlib@lib3d@modules@UModSys@@UBEPBUSUniquePointerInfo@core@6@XZ 10003c70 f i umodsys_lib_lib3d:umodsys.mod.3d.stdlib.obj
 0001:00002c80       ?root_get_other_interface@RGeneral@object_camera@stdlib@lib3d@modules@UModSys@@UAEPAUIRoot@core@6@PBUSUniquePointerInfo@86@@Z 10003c80 f i umodsys_lib_lib3d:umodsys.mod.3d.stdlib.obj
 0001:00002c80       ?root_get_other_interface@RGeneral@object_camera@stdlib@lib3d@modules@UModSys@@UBEPBUIRoot@core@6@PBUSUniquePointerInfo@86@@Z 10003c80 f i umodsys_lib_lib3d:umodsys.mod.3d.stdlib.obj
 0001:00002cb0       ?root_is_interface_supported@RGeneral@object_camera@stdlib@lib3d@modules@UModSys@@UBE_NPBUSUniquePointerInfo@core@6@@Z 10003cb0 f i umodsys_lib_lib3d:umodsys.mod.3d.stdlib.obj
 0001:00002cf0       ?ref_links@RSerializeReader@serialize_json@media@modules@UModSys@@UBEHXZ 10003cf0 f i umodsys_lib_libmedia:umodsys.mod.media.serialize_json.obj
 0001:00002cf0       ?ref_links@RGeneral@object_camera@stdlib@lib3d@modules@UModSys@@UBEHXZ 10003cf0 f i umodsys_lib_lib3d:umodsys.mod.3d.stdlib.obj
 0001:00002cf0       ?ref_links@RVisualizerScene@stdlib@lib3d@modules@UModSys@@UBEHXZ 10003cf0 f i umodsys_lib_lib3d:umodsys.mod.3d.stdlib.obj
 0001:00002cf0       ?ref_links@RGenerator@stdlib@lib2d@modules@UModSys@@UBEHXZ 10003cf0 f i umodsys_lib_lib2d:umodsys.mod.2d.stdlib.obj
 0001:00002cf0       ?ref_links@RGeneral@object_primitive@stdlib@lib3d@modules@UModSys@@UBEHXZ 10003cf0 f i umodsys_lib_lib3d:umodsys.mod.3d.stdlib.obj
 0001:00002cf0       ?ref_links@RGenerator@SDL_GL@ui@modules@UModSys@@UBEHXZ 10003cf0 f i umodsys_lib_libui:umodsys.mod.ui.SDL_GL.obj
 0001:00002cf0       ?ref_links@RMultiImage2D_SDL_ttf@SDL_core@ui@modules@UModSys@@UBEHXZ 10003cf0 f i umodsys_lib_libui:umodsys.mod.ui.SDL_core.obj
 0001:00002cf0       ?ref_links@RGenerator@frames@ui@modules@UModSys@@UBEHXZ 10003cf0 f i umodsys_lib_libui:umodsys.mod.ui.frames.obj
 0001:00002cf0       ?ref_links@RMultiImage2D_SDL_ttf@SDL_GL@ui@modules@UModSys@@UBEHXZ 10003cf0 f i umodsys_lib_libui:umodsys.mod.ui.SDL_GL.obj
 0001:00002cf0       ?ref_links@RImageFactory_Memory@stdlib@lib2d@modules@UModSys@@UBEHXZ 10003cf0 f i umodsys_lib_lib2d:umodsys.mod.2d.stdlib.obj
 0001:00002cf0       ?ref_links@RGenerator@stdlib@lib3d@modules@UModSys@@UBEHXZ 10003cf0 f i umodsys_lib_lib3d:umodsys.mod.3d.stdlib.obj
 0001:00002cf0       ?ref_links@RImage_Memory@stdlib@lib2d@modules@UModSys@@UBEHXZ 10003cf0 f i umodsys_lib_lib2d:umodsys.mod.2d.stdlib.obj
 0001:00002cf0       ?ref_links@RVertexArray@SDL_GL@ui@modules@UModSys@@UBEHXZ 10003cf0 f i umodsys_lib_libui:umodsys.mod.ui.SDL_GL.obj
 0001:00002cf0       ?ref_links@RTerminal@SDL_GL@ui@modules@UModSys@@UBEHXZ 10003cf0 f i umodsys_lib_libui:umodsys.mod.ui.SDL_GL.obj
 0001:00002cf0       ?ref_links@RDialog@frames@ui@modules@UModSys@@UBEHXZ 10003cf0 f i umodsys_lib_libui:umodsys.mod.ui.frames.obj
 0001:00002cf0       ?ref_links@RGenerator@images_std@media@modules@UModSys@@UBEHXZ 10003cf0 f i umodsys_lib_libmedia:umodsys.mod.media.images_std.obj
 0001:00002cf0       ?ref_links@RMultiImage@stdlib@lib2d@modules@UModSys@@UBEHXZ 10003cf0 f i umodsys_lib_lib2d:umodsys.mod.2d.stdlib.obj
 0001:00002cf0       ?ref_links@RBinArchiveFrameClient_ZIP@zlib@media@modules@UModSys@@UBEHXZ 10003cf0 f i umodsys_lib_libmedia:umodsys.mod.media.zlib.obj
 0001:00002cf0       ?ref_links@RGenerator@serialize_json@media@modules@UModSys@@UBEHXZ 10003cf0 f i umodsys_lib_libmedia:umodsys.mod.media.serialize_json.obj
 0001:00002cf0       ?ref_links@RTerminal@SDL_core@ui@modules@UModSys@@UBEHXZ 10003cf0 f i umodsys_lib_libui:umodsys.mod.ui.SDL_core.obj
 0001:00002cf0       ?ref_links@RGenerator@test1@test@modules@UModSys@@UBEHXZ 10003cf0 f i plugin_test1.obj
 0001:00002cf0       ?ref_links@RGenerator@SDL_core@ui@modules@UModSys@@UBEHXZ 10003cf0 f i umodsys_lib_libui:umodsys.mod.ui.SDL_core.obj
 0001:00002cf0       ?ref_links@RGenerator@zlib@media@modules@UModSys@@UBEHXZ 10003cf0 f i umodsys_lib_libmedia:umodsys.mod.media.zlib.obj
 0001:00002d00       ?root_get_interface_info@RVisual@object_camera@stdlib@lib3d@modules@UModSys@@UBEABUSUniquePointerInfo@core@6@XZ 10003d00 f i umodsys_lib_lib3d:umodsys.mod.3d.stdlib.obj
 0001:00002d10       ?root_get_interface_type@RVisual@object_camera@stdlib@lib3d@modules@UModSys@@UBEPBUSUniquePointerInfo@core@6@XZ 10003d10 f i umodsys_lib_lib3d:umodsys.mod.3d.stdlib.obj
 0001:00002d20       ?root_get_other_interface@RVisual@object_camera@stdlib@lib3d@modules@UModSys@@UBEPBUIRoot@core@6@PBUSUniquePointerInfo@86@@Z 10003d20 f i umodsys_lib_lib3d:umodsys.mod.3d.stdlib.obj
 0001:00002d20       ?root_get_other_interface@RVisual@object_camera@stdlib@lib3d@modules@UModSys@@UAEPAUIRoot@core@6@PBUSUniquePointerInfo@86@@Z 10003d20 f i umodsys_lib_lib3d:umodsys.mod.3d.stdlib.obj
 0001:00002d60       ?root_is_interface_supported@RVisual@object_camera@stdlib@lib3d@modules@UModSys@@UBE_NPBUSUniquePointerInfo@core@6@@Z 10003d60 f i umodsys_lib_lib3d:umodsys.mod.3d.stdlib.obj
 0001:00002da0       ?ref_add@RVisual@object_primitive@stdlib@lib3d@modules@UModSys@@UBEXXZ 10003da0 f i umodsys_lib_lib3d:umodsys.mod.3d.stdlib.obj
 0001:00002da0       ?ref_add@RVisual@object_camera@stdlib@lib3d@modules@UModSys@@UBEXXZ 10003da0 f i umodsys_lib_lib3d:umodsys.mod.3d.stdlib.obj
 0001:00002db0       ?ref_remove@RVisual@object_primitive@stdlib@lib3d@modules@UModSys@@UBEXXZ 10003db0 f i umodsys_lib_lib3d:umodsys.mod.3d.stdlib.obj
 0001:00002db0       ?ref_remove@RVisual@object_camera@stdlib@lib3d@modules@UModSys@@UBEXXZ 10003db0 f i umodsys_lib_lib3d:umodsys.mod.3d.stdlib.obj
 0001:00002dd0       ?ref_weak@RVisual@object_primitive@stdlib@lib3d@modules@UModSys@@UBE_NAAUWeakPointer@IRefObject@core@6@@Z 10003dd0 f i umodsys_lib_lib3d:umodsys.mod.3d.stdlib.obj
 0001:00002dd0       ?ref_weak@RVisual@object_camera@stdlib@lib3d@modules@UModSys@@UBE_NAAUWeakPointer@IRefObject@core@6@@Z 10003dd0 f i umodsys_lib_lib3d:umodsys.mod.3d.stdlib.obj
 0001:00002e00       ?suicide@RVisual@object_camera@stdlib@lib3d@modules@UModSys@@UAEXXZ 10003e00 f i umodsys_lib_lib3d:umodsys.mod.3d.stdlib.obj
 0001:00002e00       ?suicide@RVisual@object_primitive@stdlib@lib3d@modules@UModSys@@UAEXXZ 10003e00 f i umodsys_lib_lib3d:umodsys.mod.3d.stdlib.obj
 0001:00002e10       ?get_generated_names@RGenerator@stdlib@lib3d@modules@UModSys@@UBEHAAUSUniquePtrList@core@5@@Z 10003e10 f i umodsys_lib_lib3d:umodsys.mod.3d.stdlib.obj
 0001:00002e60       ?get_generated_types@RGenerator@stdlib@lib3d@modules@UModSys@@UBEHAAUSUniquePtrList@core@5@PBUSUniquePointerInfo@75@@Z 10003e60 f i umodsys_lib_lib3d:umodsys.mod.3d.stdlib.obj
 0001:00002f80       ?generate@RGenerator@stdlib@lib3d@modules@UModSys@@UAE_NAAU?$TRefObject@UIRefObject@core@UModSys@@U?$TRefObjectFunc@UIRefObject@core@UModSys@@@tl@3@@tl@5@PBUSUniquePointerInfo@core@5@ABUSParameters@95@@Z 10003f80 f i umodsys_lib_lib3d:umodsys.mod.3d.stdlib.obj
 0001:00003010       ?root_get_interface_info@RGenerator@stdlib@lib3d@modules@UModSys@@UBEABUSUniquePointerInfo@core@5@XZ 10004010 f i umodsys_lib_lib3d:umodsys.mod.3d.stdlib.obj
 0001:00003020       ?root_get_interface_type@RGenerator@stdlib@lib3d@modules@UModSys@@UBEPBUSUniquePointerInfo@core@5@XZ 10004020 f i umodsys_lib_lib3d:umodsys.mod.3d.stdlib.obj
 0001:00003030       ?root_get_other_interface@RGenerator@stdlib@lib3d@modules@UModSys@@UBEPBUIRoot@core@5@PBUSUniquePointerInfo@75@@Z 10004030 f i umodsys_lib_lib3d:umodsys.mod.3d.stdlib.obj
 0001:00003030       ?root_get_other_interface@RGenerator@stdlib@lib3d@modules@UModSys@@UAEPAUIRoot@core@5@PBUSUniquePointerInfo@75@@Z 10004030 f i umodsys_lib_lib3d:umodsys.mod.3d.stdlib.obj
 0001:00003070       ?root_is_interface_supported@RGenerator@stdlib@lib3d@modules@UModSys@@UBE_NPBUSUniquePointerInfo@core@5@@Z 10004070 f i umodsys_lib_lib3d:umodsys.mod.3d.stdlib.obj
 0001:000030b0       ?get_uid@RGenerator@stdlib@lib3d@modules@UModSys@@UBEPBUSUniquePointerInfo@core@5@XZ 100040b0 f i umodsys_lib_lib3d:umodsys.mod.3d.stdlib.obj
 0001:000030c0       ??_ERRenderer@stdlib@lib3d@modules@UModSys@@UAEPAXI@Z 100040c0 f i  CIL library: CIL module
 0001:000030c0       ??_GRRenderer@stdlib@lib3d@modules@UModSys@@UAEPAXI@Z 100040c0 f i umodsys_lib_lib3d:umodsys.mod.3d.stdlib.obj
 0001:000030e0       ??0Scene@IVisualizerScene@lib3d@UModSys@@QAE@ABU0123@@Z 100040e0 f i umodsys_lib_lib3d:umodsys.mod.3d.stdlib.obj
 0001:00003140       ??_ERVisualizerScene@stdlib@lib3d@modules@UModSys@@UAEPAXI@Z 10004140 f i  CIL library: CIL module
 0001:00003140       ??_GRVisualizerScene@stdlib@lib3d@modules@UModSys@@UAEPAXI@Z 10004140 f i umodsys_lib_lib3d:umodsys.mod.3d.stdlib.obj
 0001:00003160       ??_ERVisualSceneMapper_Direct@stdlib@lib3d@modules@UModSys@@UAEPAXI@Z 10004160 f i  CIL library: CIL module
 0001:00003160       ??_GRVisualSceneMapper_Direct@stdlib@lib3d@modules@UModSys@@UAEPAXI@Z 10004160 f i umodsys_lib_lib3d:umodsys.mod.3d.stdlib.obj
 0001:00003180       ??_GRGeneral@object_camera@stdlib@lib3d@modules@UModSys@@UAEPAXI@Z 10004180 f i umodsys_lib_lib3d:umodsys.mod.3d.stdlib.obj
 0001:00003180       ??_ERGeneral@object_camera@stdlib@lib3d@modules@UModSys@@UAEPAXI@Z 10004180 f i  CIL library: CIL module
 0001:000031a0       ??_GRVisual@object_camera@stdlib@lib3d@modules@UModSys@@UAEPAXI@Z 100041a0 f i umodsys_lib_lib3d:umodsys.mod.3d.stdlib.obj
 0001:000031a0       ??_ERVisual@object_camera@stdlib@lib3d@modules@UModSys@@UAEPAXI@Z 100041a0 f i  CIL library: CIL module
 0001:000031c0       ??_ERGeneral@object_primitive@stdlib@lib3d@modules@UModSys@@UAEPAXI@Z 100041c0 f i  CIL library: CIL module
 0001:000031c0       ??_GRGeneral@object_primitive@stdlib@lib3d@modules@UModSys@@UAEPAXI@Z 100041c0 f i umodsys_lib_lib3d:umodsys.mod.3d.stdlib.obj
 0001:000031e0       ??_ERRender@object_primitive@stdlib@lib3d@modules@UModSys@@UAEPAXI@Z 100041e0 f i  CIL library: CIL module
 0001:000031e0       ??_GRRender@object_primitive@stdlib@lib3d@modules@UModSys@@UAEPAXI@Z 100041e0 f i umodsys_lib_lib3d:umodsys.mod.3d.stdlib.obj
 0001:00003200       ??1IRenderObject_Brush@lib3d@UModSys@@UAE@XZ 10004200 f i umodsys_lib_lib3d:umodsys.mod.3d.stdlib.obj
 0001:00003250       ??_ERVisual@object_primitive@stdlib@lib3d@modules@UModSys@@UAEPAXI@Z 10004250 f i  CIL library: CIL module
 0001:00003250       ??_GRVisual@object_primitive@stdlib@lib3d@modules@UModSys@@UAEPAXI@Z 10004250 f i umodsys_lib_lib3d:umodsys.mod.3d.stdlib.obj
 0001:00003270       ??1IVisualObject_Brush@lib3d@UModSys@@UAE@XZ 10004270 f i umodsys_lib_lib3d:umodsys.mod.3d.stdlib.obj
 0001:00003270       ??1IBinObjFilter@libmedia@UModSys@@UAE@XZ 10004270 f i plugin_test1.obj
 0001:00003270       ??1IVisualObject_Camera@lib3d@UModSys@@UAE@XZ 10004270 f i umodsys_lib_lib3d:umodsys.mod.3d.stdlib.obj
 0001:000032c0       ?do_open@RModuleReg@stdlib@lib3d@modules@UModSys@@UAE_NXZ 100042c0 f i umodsys_lib_lib3d:umodsys.mod.3d.stdlib.obj
 0001:000032d0       ?do_close@RModuleReg@stdlib@lib3d@modules@UModSys@@UAE_NXZ 100042d0 f i umodsys_lib_lib3d:umodsys.mod.3d.stdlib.obj
 0001:000032e0       ??_ERModuleReg@stdlib@lib3d@modules@UModSys@@UAEPAXI@Z 100042e0 f i  CIL library: CIL module
 0001:000032e0       ??_GRModuleReg@stdlib@lib3d@modules@UModSys@@UAEPAXI@Z 100042e0 f i umodsys_lib_lib3d:umodsys.mod.3d.stdlib.obj
 0001:00003310       ?normalized@?$TVector3@N@math3d@UModSys@@QBE?AU123@XZ 10004310 f i umodsys_lib_lib3d:umodsys.mod.3d.stdlib.obj
 0001:00003370       ?from_3pr@?$TPlane3@N@math3d@UModSys@@QAEXABU?$TVector3@N@23@00@Z 10004370 f i umodsys_lib_lib3d:umodsys.mod.3d.stdlib.obj
 0001:000033e0       ??1?$TRStackSocket@PAUIVisualObject@lib3d@UModSys@@U?$TDynarrayDynamic@PAUIVisualObject@lib3d@UModSys@@U?$TAllocator@USIMemAlloc@core@UModSys@@USCountCalcPower2@23@@tl@3@@tl@3@@tl@UModSys@@QAE@XZ 100043e0 f i umodsys_lib_lib3d:umodsys.mod.3d.stdlib.obj
 0001:000033f0       ?isempty@?$TRStackSocket@PAUIVisualObject@lib3d@UModSys@@U?$TDynarrayDynamic@PAUIVisualObject@lib3d@UModSys@@U?$TAllocator@USIMemAlloc@core@UModSys@@USCountCalcPower2@23@@tl@3@@tl@3@@tl@UModSys@@UBE_NXZ 100043f0 f i umodsys_lib_lib3d:umodsys.mod.3d.stdlib.obj
 0001:00003400       ?isfull@?$TRStackSocket@PAUIVisualObject@lib3d@UModSys@@U?$TDynarrayDynamic@PAUIVisualObject@lib3d@UModSys@@U?$TAllocator@USIMemAlloc@core@UModSys@@USCountCalcPower2@23@@tl@3@@tl@3@@tl@UModSys@@UBE_NXZ 10004400 f i umodsys_lib_lib3d:umodsys.mod.3d.stdlib.obj
 0001:00003410       ?push@?$TRStackSocket@PAUIVisualObject@lib3d@UModSys@@U?$TDynarrayDynamic@PAUIVisualObject@lib3d@UModSys@@U?$TAllocator@USIMemAlloc@core@UModSys@@USCountCalcPower2@23@@tl@3@@tl@3@@tl@UModSys@@UAE_NABQAUIVisualObject@lib3d@3@@Z 10004410 f i umodsys_lib_lib3d:umodsys.mod.3d.stdlib.obj
 0001:00003450       ?pop@?$TRStackSocket@PAUIVisualObject@lib3d@UModSys@@U?$TDynarrayDynamic@PAUIVisualObject@lib3d@UModSys@@U?$TAllocator@USIMemAlloc@core@UModSys@@USCountCalcPower2@23@@tl@3@@tl@3@@tl@UModSys@@UAE_NAAPAUIVisualObject@lib3d@3@@Z 10004450 f i umodsys_lib_lib3d:umodsys.mod.3d.stdlib.obj
 0001:00003480       ?Free@?$TDynarray@U?$TDynarrayHolderDynamic@PAUIVisualObject@lib3d@UModSys@@U?$TAllocator@USIMemAlloc@core@UModSys@@USCountCalcPower2@23@@tl@3@@tl@UModSys@@@tl@UModSys@@QAE_NXZ 10004480 f i umodsys_lib_lib3d:umodsys.mod.3d.stdlib.obj
 0001:000034e0       ?ResizeRel@?$TDynarray@U?$TDynarrayHolderDynamic@UScene@IVisualizerScene@lib3d@UModSys@@U?$TAllocator@USIMemAlloc@core@UModSys@@USCountCalcPower2@23@@tl@4@@tl@UModSys@@@tl@UModSys@@QAE_NH@Z 100044e0 f i umodsys_lib_lib3d:umodsys.mod.3d.stdlib.obj
 0001:00003560       ?RemoveAt@?$TDynarray@U?$TDynarrayHolderDynamic@UScene@IVisualizerScene@lib3d@UModSys@@U?$TAllocator@USIMemAlloc@core@UModSys@@USCountCalcPower2@23@@tl@4@@tl@UModSys@@@tl@UModSys@@QAE_NII@Z 10004560 f i umodsys_lib_lib3d:umodsys.mod.3d.stdlib.obj
 0001:000035b0       ?obj_delete@?$TRefObjectLinksParent@URFrame_List@frames@ui@modules@UModSys@@URCollector@2345@@tl@UModSys@@QBEXPAURFrame_List@frames@ui@modules@3@@Z 100045b0 f i umodsys_lib_libui:umodsys.mod.ui.frames.obj
 0001:000035b0       ?obj_delete@?$TRefObjectLinksParent@URFrame_Text@frames@ui@modules@UModSys@@URCollector@2345@@tl@UModSys@@QBEXPAURFrame_Text@frames@ui@modules@3@@Z 100045b0 f i umodsys_lib_libui:umodsys.mod.ui.frames.obj
 0001:000035b0       ?obj_delete@?$TRefObjectLinksParent@URDialog@frames@ui@modules@UModSys@@URCollector@2345@@tl@UModSys@@QBEXPAURDialog@frames@ui@modules@3@@Z 100045b0 f i umodsys_lib_libui:umodsys.mod.ui.frames.obj
 0001:000035b0       ?obj_delete@?$TRefObjectLinksParent@URRender@object_primitive@stdlib@lib3d@modules@UModSys@@URGeneral@23456@@tl@UModSys@@QBEXPAURRender@object_primitive@stdlib@lib3d@modules@3@@Z 100045b0 f i umodsys_lib_lib3d:umodsys.mod.3d.stdlib.obj
 0001:000035b0       ?obj_delete@?$TRefObjectLinksParent@URMultiImage2D_SDL_ttf@SDL_core@ui@modules@UModSys@@URRenderDriver2D@2345@@tl@UModSys@@QBEXPAURMultiImage2D_SDL_ttf@SDL_core@ui@modules@3@@Z 100045b0 f i umodsys_lib_libui:umodsys.mod.ui.SDL_core.obj
 0001:000035b0       ?obj_delete@?$TRefObjectLinksParent@URFrame_Image@frames@ui@modules@UModSys@@URCollector@2345@@tl@UModSys@@QBEXPAURFrame_Image@frames@ui@modules@3@@Z 100045b0 f i umodsys_lib_libui:umodsys.mod.ui.frames.obj
 0001:000035b0       ?obj_delete@?$TRefObjectLinksParent@URVertexArray@SDL_GL@ui@modules@UModSys@@URRenderDriver3D@2345@@tl@UModSys@@QBEXPAURVertexArray@SDL_GL@ui@modules@3@@Z 100045b0 f i umodsys_lib_libui:umodsys.mod.ui.SDL_GL.obj
 0001:000035b0       ?obj_delete@?$TRefObjectLinksParent@URVisual@object_camera@stdlib@lib3d@modules@UModSys@@URGeneral@23456@@tl@UModSys@@QBEXPAURVisual@object_camera@stdlib@lib3d@modules@3@@Z 100045b0 f i umodsys_lib_lib3d:umodsys.mod.3d.stdlib.obj
 0001:000035b0       ?obj_delete@?$TRefObjectLinksParent@URFrame_Button@frames@ui@modules@UModSys@@URCollector@2345@@tl@UModSys@@QBEXPAURFrame_Button@frames@ui@modules@3@@Z 100045b0 f i umodsys_lib_libui:umodsys.mod.ui.frames.obj
 0001:000035b0       ?obj_delete@?$TRefObjectLinksParent@URMultiImage2D_SDL_ttf@SDL_GL@ui@modules@UModSys@@URRenderDriver3D@2345@@tl@UModSys@@QBEXPAURMultiImage2D_SDL_ttf@SDL_GL@ui@modules@3@@Z 100045b0 f i umodsys_lib_libui:umodsys.mod.ui.SDL_GL.obj
 0001:000035b0       ?obj_delete@?$TRefObjectLinksParent@URFrame_Edit@frames@ui@modules@UModSys@@URCollector@2345@@tl@UModSys@@QBEXPAURFrame_Edit@frames@ui@modules@3@@Z 100045b0 f i umodsys_lib_libui:umodsys.mod.ui.frames.obj
 0001:000035b0       ?obj_delete@?$TRefObjectLinksParent@URVisual@object_primitive@stdlib@lib3d@modules@UModSys@@URRender@23456@@tl@UModSys@@QBEXPAURVisual@object_primitive@stdlib@lib3d@modules@3@@Z 100045b0 f i umodsys_lib_lib3d:umodsys.mod.3d.stdlib.obj
 0001:000035b0       ?obj_delete@?$TRefObjectLinksParent@URFrame_Frame@frames@ui@modules@UModSys@@URCollector@2345@@tl@UModSys@@QBEXPAURFrame_Frame@frames@ui@modules@3@@Z 100045b0 f i umodsys_lib_libui:umodsys.mod.ui.frames.obj
 0001:00003620       ??$t_types@URGeneral@object_camera@stdlib@lib3d@modules@UModSys@@@IGenerator@base@UModSys@@KA_NAAHAAUSUniquePtrList@core@2@PBUSUniquePointerInfo@42@@Z 10004620 f i umodsys_lib_lib3d:umodsys.mod.3d.stdlib.obj
 0001:00003660       ??$t_types@URGeneral@object_primitive@stdlib@lib3d@modules@UModSys@@@IGenerator@base@UModSys@@KA_NAAHAAUSUniquePtrList@core@2@PBUSUniquePointerInfo@42@@Z 10004660 f i umodsys_lib_lib3d:umodsys.mod.3d.stdlib.obj
 0001:000036a0       ??$t_gen_param@URRenderer@stdlib@lib3d@modules@UModSys@@URGenerator@2345@@IGenerator@base@UModSys@@IAE_NPAURGenerator@stdlib@lib3d@modules@2@AAU?$TRefObject@UIRefObject@core@UModSys@@U?$TRefObjectFunc@UIRefObject@core@UModSys@@@tl@3@@tl@2@PBUSUniquePointerInfo@core@2@ABUSParameters@core@2@@Z 100046a0 f i umodsys_lib_lib3d:umodsys.mod.3d.stdlib.obj
 0001:00003710       ??$t_gen_param@URVisualizerScene@stdlib@lib3d@modules@UModSys@@URGenerator@2345@@IGenerator@base@UModSys@@IAE_NPAURGenerator@stdlib@lib3d@modules@2@AAU?$TRefObject@UIRefObject@core@UModSys@@U?$TRefObjectFunc@UIRefObject@core@UModSys@@@tl@3@@tl@2@PBUSUniquePointerInfo@core@2@ABUSParameters@core@2@@Z 10004710 f i umodsys_lib_lib3d:umodsys.mod.3d.stdlib.obj
 0001:00003780       ??$t_gen_param@URVisualSceneMapper_Direct@stdlib@lib3d@modules@UModSys@@URGenerator@2345@@IGenerator@base@UModSys@@IAE_NPAURGenerator@stdlib@lib3d@modules@2@AAU?$TRefObject@UIRefObject@core@UModSys@@U?$TRefObjectFunc@UIRefObject@core@UModSys@@@tl@3@@tl@2@PBUSUniquePointerInfo@core@2@ABUSParameters@core@2@@Z 10004780 f i umodsys_lib_lib3d:umodsys.mod.3d.stdlib.obj
 0001:00003800       ??$t_gen_param@URGeneral@object_camera@stdlib@lib3d@modules@UModSys@@URGenerator@3456@@IGenerator@base@UModSys@@IAE_NPAURGenerator@stdlib@lib3d@modules@2@AAU?$TRefObject@UIRefObject@core@UModSys@@U?$TRefObjectFunc@UIRefObject@core@UModSys@@@tl@3@@tl@2@PBUSUniquePointerInfo@core@2@ABUSParameters@core@2@@Z 10004800 f i umodsys_lib_lib3d:umodsys.mod.3d.stdlib.obj
 0001:00003880       ??$t_gen_param@URGeneral@object_primitive@stdlib@lib3d@modules@UModSys@@URGenerator@3456@@IGenerator@base@UModSys@@IAE_NPAURGenerator@stdlib@lib3d@modules@2@AAU?$TRefObject@UIRefObject@core@UModSys@@U?$TRefObjectFunc@UIRefObject@core@UModSys@@@tl@3@@tl@2@PBUSUniquePointerInfo@core@2@ABUSParameters@core@2@@Z 10004880 f i umodsys_lib_lib3d:umodsys.mod.3d.stdlib.obj
 0001:00003900       ?amoveleft@?$TTypeConstructor@UScene@IVisualizerScene@lib3d@UModSys@@@tl@UModSys@@SAXPAUScene@IVisualizerScene@lib3d@3@III@Z 10004900 f i umodsys_lib_lib3d:umodsys.mod.3d.stdlib.obj
 0001:000039c0       ?aconstructcopy@?$TTypeConstructor@UScene@IVisualizerScene@lib3d@UModSys@@@tl@UModSys@@SAXPAUScene@IVisualizerScene@lib3d@3@IABU4563@@Z 100049c0 f i umodsys_lib_lib3d:umodsys.mod.3d.stdlib.obj
 0001:00003a20       ?adestruct@?$TTypeConstructor@UScene@IVisualizerScene@lib3d@UModSys@@@tl@UModSys@@SAXPAUScene@IVisualizerScene@lib3d@3@I@Z 10004a20 f i umodsys_lib_lib3d:umodsys.mod.3d.stdlib.obj
 0001:00003aa0       ??$process_nodes_r@U?$TNodeDeleter0@U?$TScatterArrayNode@U?$TRefObject@UIVisualObject@lib3d@UModSys@@U?$TRefObjectFunc@UIVisualObject@lib3d@UModSys@@@tl@3@@tl@UModSys@@PBUISceneNode@lib3d@3@@tl@UModSys@@@tl@UModSys@@@?$TTreeHoldRB@U?$TScatterArrayNode@U?$TRefObject@UIVisualObject@lib3d@UModSys@@U?$TRefObjectFunc@UIVisualObject@lib3d@UModSys@@@tl@3@@tl@UModSys@@PBUISceneNode@lib3d@3@@tl@UModSys@@@tl@UModSys@@KAHPAU?$TScatterArrayNode@U?$TRefObject@UIVisualObject@lib3d@UModSys@@U?$TRefObjectFunc@UIVisualObject@lib3d@UModSys@@@tl@3@@tl@UModSys@@PBUISceneNode@lib3d@3@@12@ABU?$TNodeDeleter0@U?$TScatterArrayNode@U?$TRefObject@UIVisualObject@lib3d@UModSys@@U?$TRefObjectFunc@UIVisualObject@lib3d@UModSys@@@tl@3@@tl@UModSys@@PBUISceneNode@lib3d@3@@tl@UModSys@@@12@@Z 10004aa0 f i umodsys_lib_lib3d:umodsys.mod.3d.stdlib.obj
 0001:00003b00       ?alloc@SMemShared@core@UModSys@@QAE_NIPAUSSourceContext@23@@Z 10004b00 f i umodsys_lib_lib2d:umodsys.mod.2d.stdlib.obj
 0001:00003b40       ?ConvertSameSize@stdlib@lib2d@modules@UModSys@@YA_NW4eImageType@24@ABU?$TVector2@H@math3d@4@11ABUSMem@core@4@11ABUSCMem@94@@Z 10004b40 f i umodsys_lib_lib2d:umodsys.mod.2d.stdlib.obj
 0001:00003bd0       ?ConvertSame@stdlib@lib2d@modules@UModSys@@YA_NW4eImageType@24@ABU?$TBoundBox2@H@math3d@4@ABU?$TVector2@H@74@ABUSMem@core@4@12ABUSCMem@core@4@@Z 10004bd0 f i umodsys_lib_lib2d:umodsys.mod.2d.stdlib.obj
 0001:00003c50       ?Convert@stdlib@lib2d@modules@UModSys@@YA_NABU?$TBoundBox2@H@math3d@4@ABUSImageInfo@24@ABUSMem@core@4@01ABUSCMem@94@@Z 10004c50 f i umodsys_lib_lib2d:umodsys.mod.2d.stdlib.obj
 0001:00003cc0       ?root_get_interface_info@RImage_Memory@stdlib@lib2d@modules@UModSys@@UBEABUSUniquePointerInfo@core@5@XZ 10004cc0 f i umodsys_lib_lib2d:umodsys.mod.2d.stdlib.obj
 0001:00003cd0       ?root_get_interface_type@RImage_Memory@stdlib@lib2d@modules@UModSys@@UBEPBUSUniquePointerInfo@core@5@XZ 10004cd0 f i umodsys_lib_lib2d:umodsys.mod.2d.stdlib.obj
 0001:00003ce0       ?root_get_other_interface@RImage_Memory@stdlib@lib2d@modules@UModSys@@UAEPAUIRoot@core@5@PBUSUniquePointerInfo@75@@Z 10004ce0 f i umodsys_lib_lib2d:umodsys.mod.2d.stdlib.obj
 0001:00003ce0       ?root_get_other_interface@RImage_Memory@stdlib@lib2d@modules@UModSys@@UBEPBUIRoot@core@5@PBUSUniquePointerInfo@75@@Z 10004ce0 f i umodsys_lib_lib2d:umodsys.mod.2d.stdlib.obj
 0001:00003d10       ?root_is_interface_supported@RImage_Memory@stdlib@lib2d@modules@UModSys@@UBE_NPBUSUniquePointerInfo@core@5@@Z 10004d10 f i umodsys_lib_lib2d:umodsys.mod.2d.stdlib.obj
 0001:00003d50       ?root_get_interface_info@RImageFactory_Memory@stdlib@lib2d@modules@UModSys@@UBEABUSUniquePointerInfo@core@5@XZ 10004d50 f i umodsys_lib_lib2d:umodsys.mod.2d.stdlib.obj
 0001:00003d60       ?root_get_interface_type@RImageFactory_Memory@stdlib@lib2d@modules@UModSys@@UBEPBUSUniquePointerInfo@core@5@XZ 10004d60 f i umodsys_lib_lib2d:umodsys.mod.2d.stdlib.obj
 0001:00003d70       ?root_get_other_interface@RImageFactory_Memory@stdlib@lib2d@modules@UModSys@@UAEPAUIRoot@core@5@PBUSUniquePointerInfo@75@@Z 10004d70 f i umodsys_lib_lib2d:umodsys.mod.2d.stdlib.obj
 0001:00003d70       ?root_get_other_interface@RImageFactory_Memory@stdlib@lib2d@modules@UModSys@@UBEPBUIRoot@core@5@PBUSUniquePointerInfo@75@@Z 10004d70 f i umodsys_lib_lib2d:umodsys.mod.2d.stdlib.obj
 0001:00003da0       ?root_is_interface_supported@RImageFactory_Memory@stdlib@lib2d@modules@UModSys@@UBE_NPBUSUniquePointerInfo@core@5@@Z 10004da0 f i umodsys_lib_lib2d:umodsys.mod.2d.stdlib.obj
 0001:00003de0       ?root_get_interface_info@RMultiImage@stdlib@lib2d@modules@UModSys@@UBEABUSUniquePointerInfo@core@5@XZ 10004de0 f i umodsys_lib_lib2d:umodsys.mod.2d.stdlib.obj
 0001:00003df0       ?root_get_interface_type@RMultiImage@stdlib@lib2d@modules@UModSys@@UBEPBUSUniquePointerInfo@core@5@XZ 10004df0 f i umodsys_lib_lib2d:umodsys.mod.2d.stdlib.obj
 0001:00003e00       ?root_get_other_interface@RMultiImage@stdlib@lib2d@modules@UModSys@@UAEPAUIRoot@core@5@PBUSUniquePointerInfo@75@@Z 10004e00 f i umodsys_lib_lib2d:umodsys.mod.2d.stdlib.obj
 0001:00003e00       ?root_get_other_interface@RMultiImage@stdlib@lib2d@modules@UModSys@@UBEPBUIRoot@core@5@PBUSUniquePointerInfo@75@@Z 10004e00 f i umodsys_lib_lib2d:umodsys.mod.2d.stdlib.obj
 0001:00003e30       ?root_is_interface_supported@RMultiImage@stdlib@lib2d@modules@UModSys@@UBE_NPBUSUniquePointerInfo@core@5@@Z 10004e30 f i umodsys_lib_lib2d:umodsys.mod.2d.stdlib.obj
 0001:00003e70       ?get_generated_names@RGenerator@stdlib@lib2d@modules@UModSys@@UBEHAAUSUniquePtrList@core@5@@Z 10004e70 f i umodsys_lib_lib2d:umodsys.mod.2d.stdlib.obj
 0001:00003eb0       ?get_generated_types@RGenerator@stdlib@lib2d@modules@UModSys@@UBEHAAUSUniquePtrList@core@5@PBUSUniquePointerInfo@75@@Z 10004eb0 f i umodsys_lib_lib2d:umodsys.mod.2d.stdlib.obj
 0001:00003f30       ?generate@RGenerator@stdlib@lib2d@modules@UModSys@@UAE_NAAU?$TRefObject@UIRefObject@core@UModSys@@U?$TRefObjectFunc@UIRefObject@core@UModSys@@@tl@3@@tl@5@PBUSUniquePointerInfo@core@5@ABUSParameters@95@@Z 10004f30 f i umodsys_lib_lib2d:umodsys.mod.2d.stdlib.obj
 0001:00003f90       ?root_get_interface_info@RGenerator@stdlib@lib2d@modules@UModSys@@UBEABUSUniquePointerInfo@core@5@XZ 10004f90 f i umodsys_lib_lib2d:umodsys.mod.2d.stdlib.obj
 0001:00003fa0       ?root_get_interface_type@RGenerator@stdlib@lib2d@modules@UModSys@@UBEPBUSUniquePointerInfo@core@5@XZ 10004fa0 f i umodsys_lib_lib2d:umodsys.mod.2d.stdlib.obj
 0001:00003fb0       ?root_get_other_interface@RGenerator@stdlib@lib2d@modules@UModSys@@UAEPAUIRoot@core@5@PBUSUniquePointerInfo@75@@Z 10004fb0 f i umodsys_lib_lib2d:umodsys.mod.2d.stdlib.obj
 0001:00003fb0       ?root_get_other_interface@RGenerator@stdlib@lib2d@modules@UModSys@@UBEPBUIRoot@core@5@PBUSUniquePointerInfo@75@@Z 10004fb0 f i umodsys_lib_lib2d:umodsys.mod.2d.stdlib.obj
 0001:00004000       ?root_is_interface_supported@RGenerator@stdlib@lib2d@modules@UModSys@@UBE_NPBUSUniquePointerInfo@core@5@@Z 10005000 f i umodsys_lib_lib2d:umodsys.mod.2d.stdlib.obj
 0001:00004040       ?get_uid@RGenerator@stdlib@lib2d@modules@UModSys@@UBEPBUSUniquePointerInfo@core@5@XZ 10005040 f i umodsys_lib_lib2d:umodsys.mod.2d.stdlib.obj
 0001:00004050       ??4State@RImage_Memory@stdlib@lib2d@modules@UModSys@@QAEAAU012345@ABU012345@@Z 10005050 f i umodsys_lib_lib2d:umodsys.mod.2d.stdlib.obj
 0001:00004100       ??_GRImage_Memory@stdlib@lib2d@modules@UModSys@@UAEPAXI@Z 10005100 f i umodsys_lib_lib2d:umodsys.mod.2d.stdlib.obj
 0001:00004100       ??_ERImage_Memory@stdlib@lib2d@modules@UModSys@@UAEPAXI@Z 10005100 f i  CIL library: CIL module
 0001:00004120       ??1?$TParametersA@$0BAL@@core@UModSys@@QAE@XZ 10005120 f i umodsys_lib_lib2d:umodsys.mod.2d.stdlib.obj
 0001:00004120       ??1SParameters@core@UModSys@@QAE@XZ 10005120 f i plugin_test1.obj
 0001:00004120       ??1?$TParametersA@$0EAA@@core@UModSys@@QAE@XZ 10005120 f i plugin_test1.obj
 0001:00004120       ??1?$TParametersA@$0BAA@@core@UModSys@@QAE@XZ 10005120 f i umodsys_lib_libui:umodsys.mod.ui.SDL_core.obj
 0001:00004130       ??_ERImageFactory_Memory@stdlib@lib2d@modules@UModSys@@UAEPAXI@Z 10005130 f i  CIL library: CIL module
 0001:00004130       ??_GRImageFactory_Memory@stdlib@lib2d@modules@UModSys@@UAEPAXI@Z 10005130 f i umodsys_lib_lib2d:umodsys.mod.2d.stdlib.obj
 0001:00004150       ??_ERMultiImage@stdlib@lib2d@modules@UModSys@@UAEPAXI@Z 10005150 f i  CIL library: CIL module
 0001:00004150       ??_GRMultiImage@stdlib@lib2d@modules@UModSys@@UAEPAXI@Z 10005150 f i umodsys_lib_lib2d:umodsys.mod.2d.stdlib.obj
 0001:00004170       ?do_open@RModuleReg@stdlib@lib2d@modules@UModSys@@UAE_NXZ 10005170 f i umodsys_lib_lib2d:umodsys.mod.2d.stdlib.obj
 0001:00004180       ?do_close@RModuleReg@stdlib@lib2d@modules@UModSys@@UAE_NXZ 10005180 f i umodsys_lib_lib2d:umodsys.mod.2d.stdlib.obj
 0001:00004190       ??_GRModuleReg@stdlib@lib2d@modules@UModSys@@UAEPAXI@Z 10005190 f i umodsys_lib_lib2d:umodsys.mod.2d.stdlib.obj
 0001:00004190       ??_ERModuleReg@stdlib@lib2d@modules@UModSys@@UAEPAXI@Z 10005190 f i  CIL library: CIL module
 0001:000041c0       ??1?$TDynarrayDynamic@USImageCellInfo@lib2d@UModSys@@U?$TAllocator@USIMemAlloc@core@UModSys@@USCountCalcPower2@23@@tl@3@@tl@UModSys@@QAE@XZ 100051c0 f i umodsys_lib_lib2d:umodsys.mod.2d.stdlib.obj
 0001:000041f0       ??1?$TDynarrayDynamic@U?$TRefObject@UIImage@lib2d@UModSys@@U?$TRefObjectFunc@UIImage@lib2d@UModSys@@@tl@3@@tl@UModSys@@U?$TAllocator@USIMemAlloc@core@UModSys@@USCountCalcPower2@23@@23@@tl@UModSys@@QAE@XZ 100051f0 f i umodsys_lib_lib2d:umodsys.mod.2d.stdlib.obj
 0001:00004240       ?Free@?$TDynarray@U?$TDynarrayHolderDynamic@USImageCellInfo@lib2d@UModSys@@U?$TAllocator@USIMemAlloc@core@UModSys@@USCountCalcPower2@23@@tl@3@@tl@UModSys@@@tl@UModSys@@QAE_NXZ 10005240 f i umodsys_lib_lib2d:umodsys.mod.2d.stdlib.obj
 0001:000042a0       ?ResizeRel@?$TDynarray@U?$TDynarrayHolderDynamic@U?$TRefObject@UIImage@lib2d@UModSys@@U?$TRefObjectFunc@UIImage@lib2d@UModSys@@@tl@3@@tl@UModSys@@U?$TAllocator@USIMemAlloc@core@UModSys@@USCountCalcPower2@23@@23@@tl@UModSys@@@tl@UModSys@@QAE_NH@Z 100052a0 f i umodsys_lib_lib2d:umodsys.mod.2d.stdlib.obj
 0001:00004310       ??$t_gen_param@URImage_Memory@stdlib@lib2d@modules@UModSys@@URGenerator@2345@@IGenerator@base@UModSys@@IAE_NPAURGenerator@stdlib@lib2d@modules@2@AAU?$TRefObject@UIRefObject@core@UModSys@@U?$TRefObjectFunc@UIRefObject@core@UModSys@@@tl@3@@tl@2@PBUSUniquePointerInfo@core@2@ABUSParameters@core@2@@Z 10005310 f i umodsys_lib_lib2d:umodsys.mod.2d.stdlib.obj
 0001:00004380       ??$t_gen_param@URImageFactory_Memory@stdlib@lib2d@modules@UModSys@@URGenerator@2345@@IGenerator@base@UModSys@@IAE_NPAURGenerator@stdlib@lib2d@modules@2@AAU?$TRefObject@UIRefObject@core@UModSys@@U?$TRefObjectFunc@UIRefObject@core@UModSys@@@tl@3@@tl@2@PBUSUniquePointerInfo@core@2@ABUSParameters@core@2@@Z 10005380 f i umodsys_lib_lib2d:umodsys.mod.2d.stdlib.obj
 0001:00004400       ??$t_gen_param@URMultiImage@stdlib@lib2d@modules@UModSys@@URGenerator@2345@@IGenerator@base@UModSys@@IAE_NPAURGenerator@stdlib@lib2d@modules@2@AAU?$TRefObject@UIRefObject@core@UModSys@@U?$TRefObjectFunc@UIRefObject@core@UModSys@@@tl@3@@tl@2@PBUSUniquePointerInfo@core@2@ABUSParameters@core@2@@Z 10005400 f i umodsys_lib_lib2d:umodsys.mod.2d.stdlib.obj
 0001:00004480       ??$ValidateConstruction@UIImage@lib2d@UModSys@@URImage_Memory@stdlib@2modules@3@@core@UModSys@@YA_NAAU?$TRefObject@UIImage@lib2d@UModSys@@U?$TRefObjectFunc@UIImage@lib2d@UModSys@@@tl@3@@tl@1@PAURImage_Memory@stdlib@lib2d@modules@1@@Z 10005480 f i umodsys_lib_lib2d:umodsys.mod.2d.stdlib.obj
 0001:00004480       ??$ValidateConstruction@UIRefObject@core@UModSys@@URVisualizerScene@stdlib@lib3d@modules@3@@core@UModSys@@YA_NAAU?$TRefObject@UIRefObject@core@UModSys@@U?$TRefObjectFunc@UIRefObject@core@UModSys@@@tl@3@@tl@1@PAURVisualizerScene@stdlib@lib3d@modules@1@@Z 10005480 f i umodsys_lib_lib3d:umodsys.mod.3d.stdlib.obj
 0001:00004480       ??$ValidateConstruction@UIRefObject@core@UModSys@@URTerminalX@SDL_core@ui@modules@3@@core@UModSys@@YA_NAAU?$TRefObject@UIRefObject@core@UModSys@@U?$TRefObjectFunc@UIRefObject@core@UModSys@@@tl@3@@tl@1@PAURTerminalX@SDL_core@ui@modules@1@@Z 10005480 f i umodsys_lib_libui:umodsys.mod.ui.SDL_core.obj
 0001:00004480       ??$ValidateConstruction@UIRefObject@core@UModSys@@URMediaFilter@images_std@media@modules@3@@core@UModSys@@YA_NAAU?$TRefObject@UIRefObject@core@UModSys@@U?$TRefObjectFunc@UIRefObject@core@UModSys@@@tl@3@@tl@1@PAURMediaFilter@images_std@media@modules@1@@Z 10005480 f i umodsys_lib_libmedia:umodsys.mod.media.images_std.obj
 0001:00004480       ??$ValidateConstruction@UIRefObject@core@UModSys@@URGeneral@object_primitive@stdlib@lib3d@modules@3@@core@UModSys@@YA_NAAU?$TRefObject@UIRefObject@core@UModSys@@U?$TRefObjectFunc@UIRefObject@core@UModSys@@@tl@3@@tl@1@PAURGeneral@object_primitive@stdlib@lib3d@modules@1@@Z 10005480 f i umodsys_lib_lib3d:umodsys.mod.3d.stdlib.obj
 0001:00004480       ??$ValidateConstruction@UIRefObject@core@UModSys@@URVisualSceneMapper_Direct@stdlib@lib3d@modules@3@@core@UModSys@@YA_NAAU?$TRefObject@UIRefObject@core@UModSys@@U?$TRefObjectFunc@UIRefObject@core@UModSys@@@tl@3@@tl@1@PAURVisualSceneMapper_Direct@stdlib@lib3d@modules@1@@Z 10005480 f i umodsys_lib_lib3d:umodsys.mod.3d.stdlib.obj
 0001:00004480       ??$ValidateConstruction@UIRefObject@core@UModSys@@URRenderer@stdlib@lib3d@modules@3@@core@UModSys@@YA_NAAU?$TRefObject@UIRefObject@core@UModSys@@U?$TRefObjectFunc@UIRefObject@core@UModSys@@@tl@3@@tl@1@PAURRenderer@stdlib@lib3d@modules@1@@Z 10005480 f i umodsys_lib_lib3d:umodsys.mod.3d.stdlib.obj
 0001:00004480       ??$ValidateConstruction@UIRefObject@core@UModSys@@URTerminalX@SDL_GL@ui@modules@3@@core@UModSys@@YA_NAAU?$TRefObject@UIRefObject@core@UModSys@@U?$TRefObjectFunc@UIRefObject@core@UModSys@@@tl@3@@tl@1@PAURTerminalX@SDL_GL@ui@modules@1@@Z 10005480 f i umodsys_lib_libui:umodsys.mod.ui.SDL_GL.obj
 0001:00004480       ??$ValidateConstruction@UIRefObject@core@UModSys@@URImage_Memory@stdlib@lib2d@modules@3@@core@UModSys@@YA_NAAU?$TRefObject@UIRefObject@core@UModSys@@U?$TRefObjectFunc@UIRefObject@core@UModSys@@@tl@3@@tl@1@PAURImage_Memory@stdlib@lib2d@modules@1@@Z 10005480 f i umodsys_lib_lib2d:umodsys.mod.2d.stdlib.obj
 0001:00004480       ??$ValidateConstruction@UIRefObject@core@UModSys@@URImageFactory_Memory@stdlib@lib2d@modules@3@@core@UModSys@@YA_NAAU?$TRefObject@UIRefObject@core@UModSys@@U?$TRefObjectFunc@UIRefObject@core@UModSys@@@tl@3@@tl@1@PAURImageFactory_Memory@stdlib@lib2d@modules@1@@Z 10005480 f i umodsys_lib_lib2d:umodsys.mod.2d.stdlib.obj
 0001:00004480       ??$ValidateConstruction@UIRefObject@core@UModSys@@URGeneral@object_camera@stdlib@lib3d@modules@3@@core@UModSys@@YA_NAAU?$TRefObject@UIRefObject@core@UModSys@@U?$TRefObjectFunc@UIRefObject@core@UModSys@@@tl@3@@tl@1@PAURGeneral@object_camera@stdlib@lib3d@modules@1@@Z 10005480 f i umodsys_lib_lib3d:umodsys.mod.3d.stdlib.obj
 0001:00004500       ??$ValidateConstruction@UIRefObject@core@UModSys@@URMultiImage@stdlib@lib2d@modules@3@@core@UModSys@@YA_NAAU?$TRefObject@UIRefObject@core@UModSys@@U?$TRefObjectFunc@UIRefObject@core@UModSys@@@tl@3@@tl@1@PAURMultiImage@stdlib@lib2d@modules@1@@Z 10005500 f i umodsys_lib_lib2d:umodsys.mod.2d.stdlib.obj
 0001:00004590       ?set_stage@SGLFuncs@SDL_GL@ui@modules@UModSys@@QBEXH@Z 10005590 f i umodsys_lib_libui:umodsys.mod.ui.SDL_GL.obj
 0001:000045d0       ?set_bound@SGLFuncs@SDL_GL@ui@modules@UModSys@@QBEXI@Z 100055d0 f i umodsys_lib_libui:umodsys.mod.ui.SDL_GL.obj
 0001:00004600       ?set_composite_all@SGLFuncsLegacy@SDL_GL@ui@modules@UModSys@@QBEXH@Z 10005600 f i umodsys_lib_libui:umodsys.mod.ui.SDL_GL.obj
 0001:00004690       ?force@TextureInfo@SGLFuncs@SDL_GL@ui@modules@UModSys@@QBEXABU23456@@Z 10005690 f i umodsys_lib_libui:umodsys.mod.ui.SDL_GL.obj
 0001:000046f0       ?set_minmag@TextureInfo@SGLFuncs@SDL_GL@ui@modules@UModSys@@QBEXABU23456@HH@Z 100056f0 f i umodsys_lib_libui:umodsys.mod.ui.SDL_GL.obj
 0001:00004730       ?set_wrap@TextureInfo@SGLFuncs@SDL_GL@ui@modules@UModSys@@QBEXABU23456@HH@Z 10005730 f i umodsys_lib_libui:umodsys.mod.ui.SDL_GL.obj
 0001:00004770       ?crebind@STextureGL@SDL_GL@ui@modules@UModSys@@QAEX_N@Z 10005770 f i umodsys_lib_libui:umodsys.mod.ui.SDL_GL.obj
 0001:000047a0       ?root_get_interface_info@RKeyboardController@SDL_GL@ui@modules@UModSys@@UBEABUSUniquePointerInfo@core@5@XZ 100057a0 f i umodsys_lib_libui:umodsys.mod.ui.SDL_GL.obj
 0001:000047b0       ?root_get_interface_type@RKeyboardController@SDL_GL@ui@modules@UModSys@@UBEPBUSUniquePointerInfo@core@5@XZ 100057b0 f i umodsys_lib_libui:umodsys.mod.ui.SDL_GL.obj
 0001:000047c0       ?root_get_other_interface@RKeyboardController@SDL_GL@ui@modules@UModSys@@UAEPAUIRoot@core@5@PBUSUniquePointerInfo@75@@Z 100057c0 f i umodsys_lib_libui:umodsys.mod.ui.SDL_GL.obj
 0001:000047c0       ?root_get_other_interface@RKeyboardController@SDL_GL@ui@modules@UModSys@@UBEPBUIRoot@core@5@PBUSUniquePointerInfo@75@@Z 100057c0 f i umodsys_lib_libui:umodsys.mod.ui.SDL_GL.obj
 0001:000047f0       ?root_is_interface_supported@RKeyboardController@SDL_GL@ui@modules@UModSys@@UBE_NPBUSUniquePointerInfo@core@5@@Z 100057f0 f i umodsys_lib_libui:umodsys.mod.ui.SDL_GL.obj
 0001:00004830       ?ref_add@RMouseController@SDL_core@ui@modules@UModSys@@UBEXXZ 10005830 f i umodsys_lib_libui:umodsys.mod.ui.SDL_core.obj
 0001:00004830       ?ref_add@RMouseController@SDL_GL@ui@modules@UModSys@@UBEXXZ 10005830 f i umodsys_lib_libui:umodsys.mod.ui.SDL_GL.obj
 0001:00004830       ?ref_add@RRenderDriver3D@SDL_GL@ui@modules@UModSys@@UBEXXZ 10005830 f i umodsys_lib_libui:umodsys.mod.ui.SDL_GL.obj
 0001:00004830       ?ref_add@RKeyboardController@SDL_core@ui@modules@UModSys@@UBEXXZ 10005830 f i umodsys_lib_libui:umodsys.mod.ui.SDL_core.obj
 0001:00004830       ?ref_add@RKeyboardController@SDL_GL@ui@modules@UModSys@@UBEXXZ 10005830 f i umodsys_lib_libui:umodsys.mod.ui.SDL_GL.obj
 0001:00004830       ?ref_add@RRenderDriver2D@SDL_core@ui@modules@UModSys@@UBEXXZ 10005830 f i umodsys_lib_libui:umodsys.mod.ui.SDL_core.obj
 0001:00004840       ?ref_remove@RRenderDriver2D@SDL_core@ui@modules@UModSys@@UBEXXZ 10005840 f i umodsys_lib_libui:umodsys.mod.ui.SDL_core.obj
 0001:00004840       ?ref_remove@RMouseController@SDL_core@ui@modules@UModSys@@UBEXXZ 10005840 f i umodsys_lib_libui:umodsys.mod.ui.SDL_core.obj
 0001:00004840       ?ref_remove@RKeyboardController@SDL_GL@ui@modules@UModSys@@UBEXXZ 10005840 f i umodsys_lib_libui:umodsys.mod.ui.SDL_GL.obj
 0001:00004840       ?ref_remove@RRenderDriver3D@SDL_GL@ui@modules@UModSys@@UBEXXZ 10005840 f i umodsys_lib_libui:umodsys.mod.ui.SDL_GL.obj
 0001:00004840       ?ref_remove@RKeyboardController@SDL_core@ui@modules@UModSys@@UBEXXZ 10005840 f i umodsys_lib_libui:umodsys.mod.ui.SDL_core.obj
 0001:00004840       ?ref_remove@RMouseController@SDL_GL@ui@modules@UModSys@@UBEXXZ 10005840 f i umodsys_lib_libui:umodsys.mod.ui.SDL_GL.obj
 0001:00004850       ?root_get_interface_info@RMouseController@SDL_GL@ui@modules@UModSys@@UBEABUSUniquePointerInfo@core@5@XZ 10005850 f i umodsys_lib_libui:umodsys.mod.ui.SDL_GL.obj
 0001:00004860       ?root_get_interface_type@RMouseController@SDL_GL@ui@modules@UModSys@@UBEPBUSUniquePointerInfo@core@5@XZ 10005860 f i umodsys_lib_libui:umodsys.mod.ui.SDL_GL.obj
 0001:00004870       ?root_get_other_interface@RMouseController@SDL_GL@ui@modules@UModSys@@UBEPBUIRoot@core@5@PBUSUniquePointerInfo@75@@Z 10005870 f i umodsys_lib_libui:umodsys.mod.ui.SDL_GL.obj
 0001:00004870       ?root_get_other_interface@RMouseController@SDL_GL@ui@modules@UModSys@@UAEPAUIRoot@core@5@PBUSUniquePointerInfo@75@@Z 10005870 f i umodsys_lib_libui:umodsys.mod.ui.SDL_GL.obj
 0001:000048a0       ?root_is_interface_supported@RMouseController@SDL_GL@ui@modules@UModSys@@UBE_NPBUSUniquePointerInfo@core@5@@Z 100058a0 f i umodsys_lib_libui:umodsys.mod.ui.SDL_GL.obj
 0001:000048e0       ?root_get_interface_info@RTerminal@SDL_GL@ui@modules@UModSys@@UBEABUSUniquePointerInfo@core@5@XZ 100058e0 f i umodsys_lib_libui:umodsys.mod.ui.SDL_GL.obj
 0001:000048f0       ?root_get_interface_type@RTerminal@SDL_GL@ui@modules@UModSys@@UBEPBUSUniquePointerInfo@core@5@XZ 100058f0 f i umodsys_lib_libui:umodsys.mod.ui.SDL_GL.obj
 0001:00004900       ?root_get_interface_types@RMultiImage2D_SDL_ttf@SDL_core@ui@modules@UModSys@@UBEIAAUSUniquePtrList@core@5@@Z 10005900 f i umodsys_lib_libui:umodsys.mod.ui.SDL_core.obj
 0001:00004900       ?root_get_interface_types@RFrame_Button@frames@ui@modules@UModSys@@UBEIAAUSUniquePtrList@core@5@@Z 10005900 f i umodsys_lib_libui:umodsys.mod.ui.frames.obj
 0001:00004900       ?root_get_interface_types@RGenerator@stdlib@lib3d@modules@UModSys@@UBEIAAUSUniquePtrList@core@5@@Z 10005900 f i umodsys_lib_lib3d:umodsys.mod.3d.stdlib.obj
 0001:00004900       ?root_get_interface_types@RVertexArray@SDL_GL@ui@modules@UModSys@@UBEIAAUSUniquePtrList@core@5@@Z 10005900 f i umodsys_lib_libui:umodsys.mod.ui.SDL_GL.obj
 0001:00004900       ?root_get_interface_types@RMediaFilter@images_std@media@modules@UModSys@@UBEIAAUSUniquePtrList@core@5@@Z 10005900 f i umodsys_lib_libmedia:umodsys.mod.media.images_std.obj
 0001:00004900       ?root_get_interface_types@RGenerator@images_std@media@modules@UModSys@@UBEIAAUSUniquePtrList@core@5@@Z 10005900 f i umodsys_lib_libmedia:umodsys.mod.media.images_std.obj
 0001:00004900       ?root_get_interface_types@RTerminalX@SDL_core@ui@modules@UModSys@@UBEIAAUSUniquePtrList@core@5@@Z 10005900 f i umodsys_lib_libui:umodsys.mod.ui.SDL_core.obj
 0001:00004900       ?root_get_interface_types@RMouseController@SDL_GL@ui@modules@UModSys@@UBEIAAUSUniquePtrList@core@5@@Z 10005900 f i umodsys_lib_libui:umodsys.mod.ui.SDL_GL.obj
 0001:00004900       ?root_get_interface_types@RGenerator@frames@ui@modules@UModSys@@UBEIAAUSUniquePtrList@core@5@@Z 10005900 f i umodsys_lib_libui:umodsys.mod.ui.frames.obj
 0001:00004900       ?root_get_interface_types@RKeyboardController@SDL_core@ui@modules@UModSys@@UBEIAAUSUniquePtrList@core@5@@Z 10005900 f i umodsys_lib_libui:umodsys.mod.ui.SDL_core.obj
 0001:00004900       ?root_get_interface_types@RTerminal@SDL_GL@ui@modules@UModSys@@UBEIAAUSUniquePtrList@core@5@@Z 10005900 f i umodsys_lib_libui:umodsys.mod.ui.SDL_GL.obj
 0001:00004900       ?root_get_interface_types@RGenerator@test1@test@modules@UModSys@@UBEIAAUSUniquePtrList@core@5@@Z 10005900 f i plugin_test1.obj
 0001:00004900       ?root_get_interface_types@RKeyboardController@SDL_GL@ui@modules@UModSys@@UBEIAAUSUniquePtrList@core@5@@Z 10005900 f i umodsys_lib_libui:umodsys.mod.ui.SDL_GL.obj
 0001:00004900       ?root_get_interface_types@RFrame_Image@frames@ui@modules@UModSys@@UBEIAAUSUniquePtrList@core@5@@Z 10005900 f i umodsys_lib_libui:umodsys.mod.ui.frames.obj
 0001:00004900       ?root_get_interface_types@RDialog@frames@ui@modules@UModSys@@UBEIAAUSUniquePtrList@core@5@@Z 10005900 f i umodsys_lib_libui:umodsys.mod.ui.frames.obj
 0001:00004900       ?root_get_interface_types@RMultiImage2D_SDL_ttf@SDL_GL@ui@modules@UModSys@@UBEIAAUSUniquePtrList@core@5@@Z 10005900 f i umodsys_lib_libui:umodsys.mod.ui.SDL_GL.obj
 0001:00004900       ?root_get_interface_types@RMouseController@SDL_core@ui@modules@UModSys@@UBEIAAUSUniquePtrList@core@5@@Z 10005900 f i umodsys_lib_libui:umodsys.mod.ui.SDL_core.obj
 0001:00004900       ?root_get_interface_types@RSerializeWriter@serialize_json@media@modules@UModSys@@UBEIAAUSUniquePtrList@core@5@@Z 10005900 f i umodsys_lib_libmedia:umodsys.mod.media.serialize_json.obj
 0001:00004900       ?root_get_interface_types@RCollector@frames@ui@modules@UModSys@@UBEIAAUSUniquePtrList@core@5@@Z 10005900 f i umodsys_lib_libui:umodsys.mod.ui.frames.obj
 0001:00004900       ?root_get_interface_types@RGenerator@zlib@media@modules@UModSys@@UBEIAAUSUniquePtrList@core@5@@Z 10005900 f i umodsys_lib_libmedia:umodsys.mod.media.zlib.obj
 0001:00004900       ?root_get_interface_types@RRenderDriver3D@SDL_GL@ui@modules@UModSys@@UBEIAAUSUniquePtrList@core@5@@Z 10005900 f i umodsys_lib_libui:umodsys.mod.ui.SDL_GL.obj
 0001:00004900       ?root_get_interface_types@RSerializeReader@serialize_json@media@modules@UModSys@@UBEIAAUSUniquePtrList@core@5@@Z 10005900 f i umodsys_lib_libmedia:umodsys.mod.media.serialize_json.obj
 0001:00004900       ?root_get_interface_types@RImageFactory_Memory@stdlib@lib2d@modules@UModSys@@UBEIAAUSUniquePtrList@core@5@@Z 10005900 f i umodsys_lib_lib2d:umodsys.mod.2d.stdlib.obj
 0001:00004900       ?root_get_interface_types@RFrame_Edit@frames@ui@modules@UModSys@@UBEIAAUSUniquePtrList@core@5@@Z 10005900 f i umodsys_lib_libui:umodsys.mod.ui.frames.obj
 0001:00004900       ?root_get_interface_types@RGenerator@serialize_json@media@modules@UModSys@@UBEIAAUSUniquePtrList@core@5@@Z 10005900 f i umodsys_lib_libmedia:umodsys.mod.media.serialize_json.obj
 0001:00004900       ?root_get_interface_types@RRender@object_primitive@stdlib@lib3d@modules@UModSys@@UBEIAAUSUniquePtrList@core@6@@Z 10005900 f i umodsys_lib_lib3d:umodsys.mod.3d.stdlib.obj
 0001:00004900       ?root_get_interface_types@RTerminal@SDL_core@ui@modules@UModSys@@UBEIAAUSUniquePtrList@core@5@@Z 10005900 f i umodsys_lib_libui:umodsys.mod.ui.SDL_core.obj
 0001:00004900       ?root_get_interface_types@RBinArchiveFrameClient_ZIP@zlib@media@modules@UModSys@@UBEIAAUSUniquePtrList@core@5@@Z 10005900 f i umodsys_lib_libmedia:umodsys.mod.media.zlib.obj
 0001:00004900       ?root_get_interface_types@RTest1_Shell@test1@test@modules@UModSys@@UBEIAAUSUniquePtrList@core@5@@Z 10005900 f i plugin_test1.obj
 0001:00004900       ?root_get_interface_types@RGenerator@stdlib@lib2d@modules@UModSys@@UBEIAAUSUniquePtrList@core@5@@Z 10005900 f i umodsys_lib_lib2d:umodsys.mod.2d.stdlib.obj
 0001:00004900       ?root_get_interface_types@RMultiImage@stdlib@lib2d@modules@UModSys@@UBEIAAUSUniquePtrList@core@5@@Z 10005900 f i umodsys_lib_lib2d:umodsys.mod.2d.stdlib.obj
 0001:00004900       ?root_get_interface_types@RGenerator@SDL_core@ui@modules@UModSys@@UBEIAAUSUniquePtrList@core@5@@Z 10005900 f i umodsys_lib_libui:umodsys.mod.ui.SDL_core.obj
 0001:00004900       ?root_get_interface_types@RFrame_List@frames@ui@modules@UModSys@@UBEIAAUSUniquePtrList@core@5@@Z 10005900 f i umodsys_lib_libui:umodsys.mod.ui.frames.obj
 0001:00004900       ?root_get_interface_types@RFrame_Text@frames@ui@modules@UModSys@@UBEIAAUSUniquePtrList@core@5@@Z 10005900 f i umodsys_lib_libui:umodsys.mod.ui.frames.obj
 0001:00004900       ?root_get_interface_types@RTerminalX@SDL_GL@ui@modules@UModSys@@UBEIAAUSUniquePtrList@core@5@@Z 10005900 f i umodsys_lib_libui:umodsys.mod.ui.SDL_GL.obj
 0001:00004900       ?root_get_interface_types@RGeneral@object_primitive@stdlib@lib3d@modules@UModSys@@UBEIAAUSUniquePtrList@core@6@@Z 10005900 f i umodsys_lib_lib3d:umodsys.mod.3d.stdlib.obj
 0001:00004900       ?root_get_interface_types@RRenderer@stdlib@lib3d@modules@UModSys@@UBEIAAUSUniquePtrList@core@5@@Z 10005900 f i umodsys_lib_lib3d:umodsys.mod.3d.stdlib.obj
 0001:00004900       ?root_get_interface_types@RVisualSceneMapper_Direct@stdlib@lib3d@modules@UModSys@@UBEIAAUSUniquePtrList@core@5@@Z 10005900 f i umodsys_lib_lib3d:umodsys.mod.3d.stdlib.obj
 0001:00004900       ?root_get_interface_types@RFrame_Frame@frames@ui@modules@UModSys@@UBEIAAUSUniquePtrList@core@5@@Z 10005900 f i umodsys_lib_libui:umodsys.mod.ui.frames.obj
 0001:00004900       ?root_get_interface_types@RVisual@object_primitive@stdlib@lib3d@modules@UModSys@@UBEIAAUSUniquePtrList@core@6@@Z 10005900 f i umodsys_lib_lib3d:umodsys.mod.3d.stdlib.obj
 0001:00004900       ?root_get_interface_types@RVisual@object_camera@stdlib@lib3d@modules@UModSys@@UBEIAAUSUniquePtrList@core@6@@Z 10005900 f i umodsys_lib_lib3d:umodsys.mod.3d.stdlib.obj
 0001:00004900       ?root_get_interface_types@RImage_Memory@stdlib@lib2d@modules@UModSys@@UBEIAAUSUniquePtrList@core@5@@Z 10005900 f i umodsys_lib_lib2d:umodsys.mod.2d.stdlib.obj
 0001:00004900       ?root_get_interface_types@RVisualizerScene@stdlib@lib3d@modules@UModSys@@UBEIAAUSUniquePtrList@core@5@@Z 10005900 f i umodsys_lib_lib3d:umodsys.mod.3d.stdlib.obj
 0001:00004900       ?root_get_interface_types@RGeneral@object_camera@stdlib@lib3d@modules@UModSys@@UBEIAAUSUniquePtrList@core@6@@Z 10005900 f i umodsys_lib_lib3d:umodsys.mod.3d.stdlib.obj
 0001:00004900       ?root_get_interface_types@RGenerator@SDL_GL@ui@modules@UModSys@@UBEIAAUSUniquePtrList@core@5@@Z 10005900 f i umodsys_lib_libui:umodsys.mod.ui.SDL_GL.obj
 0001:00004900       ?root_get_interface_types@RRenderDriver2D@SDL_core@ui@modules@UModSys@@UBEIAAUSUniquePtrList@core@5@@Z 10005900 f i umodsys_lib_libui:umodsys.mod.ui.SDL_core.obj
 0001:00004910       ?root_get_other_interface@RTerminal@SDL_GL@ui@modules@UModSys@@UAEPAUIRoot@core@5@PBUSUniquePointerInfo@75@@Z 10005910 f i umodsys_lib_libui:umodsys.mod.ui.SDL_GL.obj
 0001:00004910       ?root_get_other_interface@RTerminal@SDL_GL@ui@modules@UModSys@@UBEPBUIRoot@core@5@PBUSUniquePointerInfo@75@@Z 10005910 f i umodsys_lib_libui:umodsys.mod.ui.SDL_GL.obj
 0001:00004940       ?root_is_interface_supported@RTerminal@SDL_GL@ui@modules@UModSys@@UBE_NPBUSUniquePointerInfo@core@5@@Z 10005940 f i umodsys_lib_libui:umodsys.mod.ui.SDL_GL.obj
 0001:00004980       ?root_get_interface_info@RMultiImage2D_SDL_ttf@SDL_GL@ui@modules@UModSys@@UBEABUSUniquePointerInfo@core@5@XZ 10005980 f i umodsys_lib_libui:umodsys.mod.ui.SDL_GL.obj
 0001:00004990       ?root_get_interface_type@RMultiImage2D_SDL_ttf@SDL_GL@ui@modules@UModSys@@UBEPBUSUniquePointerInfo@core@5@XZ 10005990 f i umodsys_lib_libui:umodsys.mod.ui.SDL_GL.obj
 0001:000049a0       ?root_get_other_interface@RMultiImage2D_SDL_ttf@SDL_GL@ui@modules@UModSys@@UAEPAUIRoot@core@5@PBUSUniquePointerInfo@75@@Z 100059a0 f i umodsys_lib_libui:umodsys.mod.ui.SDL_GL.obj
 0001:000049a0       ?root_get_other_interface@RMultiImage2D_SDL_ttf@SDL_GL@ui@modules@UModSys@@UBEPBUIRoot@core@5@PBUSUniquePointerInfo@75@@Z 100059a0 f i umodsys_lib_libui:umodsys.mod.ui.SDL_GL.obj
 0001:000049d0       ?root_is_interface_supported@RMultiImage2D_SDL_ttf@SDL_GL@ui@modules@UModSys@@UBE_NPBUSUniquePointerInfo@core@5@@Z 100059d0 f i umodsys_lib_libui:umodsys.mod.ui.SDL_GL.obj
 0001:00004a10       ?ref_add@RMultiImage2D_SDL_ttf@SDL_GL@ui@modules@UModSys@@UBEXXZ 10005a10 f i umodsys_lib_libui:umodsys.mod.ui.SDL_GL.obj
 0001:00004a10       ?ref_add@RGenerator@test1@test@modules@UModSys@@UBEXXZ 10005a10 f i plugin_test1.obj
 0001:00004a10       ?ref_add@RGenerator@images_std@media@modules@UModSys@@UBEXXZ 10005a10 f i umodsys_lib_libmedia:umodsys.mod.media.images_std.obj
 0001:00004a10       ?ref_add@RDialog@frames@ui@modules@UModSys@@UBEXXZ 10005a10 f i umodsys_lib_libui:umodsys.mod.ui.frames.obj
 0001:00004a10       ?ref_add@RGenerator@frames@ui@modules@UModSys@@UBEXXZ 10005a10 f i umodsys_lib_libui:umodsys.mod.ui.frames.obj
 0001:00004a10       ?ref_add@RTerminal@SDL_GL@ui@modules@UModSys@@UBEXXZ 10005a10 f i umodsys_lib_libui:umodsys.mod.ui.SDL_GL.obj
 0001:00004a10       ?ref_add@RGenerator@stdlib@lib3d@modules@UModSys@@UBEXXZ 10005a10 f i umodsys_lib_lib3d:umodsys.mod.3d.stdlib.obj
 0001:00004a10       ?ref_add@RImageFactory_Memory@stdlib@lib2d@modules@UModSys@@UBEXXZ 10005a10 f i umodsys_lib_lib2d:umodsys.mod.2d.stdlib.obj
 0001:00004a10       ?ref_add@RGenerator@SDL_GL@ui@modules@UModSys@@UBEXXZ 10005a10 f i umodsys_lib_libui:umodsys.mod.ui.SDL_GL.obj
 0001:00004a10       ?ref_add@RImage_Memory@stdlib@lib2d@modules@UModSys@@UBEXXZ 10005a10 f i umodsys_lib_lib2d:umodsys.mod.2d.stdlib.obj
[...]
 0001:0003cde0       ??__F?s_id@?$TObjectUniqueID@UIConsoleHelper@base@UModSys@@@tl@UModSys@@2USUniquePointer@core@3@A@@YAXXZ 1003dde0 f    CIL library: CIL module
 0001:0003cdf0       ??__F?s_id@?$TObjectUniqueID@UIConsoleExt@base@UModSys@@@tl@UModSys@@2USUniquePointer@core@3@A@@YAXXZ 1003ddf0 f    CIL library: CIL module
 0001:0003ce00       ??__F?s_id@?$TObjectUniqueID@UISerializeWriter@libmedia@UModSys@@@tl@UModSys@@2USUniquePointer@core@3@A@@YAXXZ 1003de00 f    CIL library: CIL module
 0001:0003ce10       ??__F?s_id@?$TObjectUniqueID@UISerializeReader@libmedia@UModSys@@@tl@UModSys@@2USUniquePointer@core@3@A@@YAXXZ 1003de10 f    CIL library: CIL module
 0001:0003ce20       ??__F?s_id@?$TObjectUniqueID@UIClient@IBinArchiveFrame@libmedia@UModSys@@@tl@UModSys@@2USUniquePointer@core@3@A@@YAXXZ 1003de20 f    CIL library: CIL module
 0001:0003ce30       ??__F?s_id@?$TObjectUniqueID@UIBinArchiveFrame@libmedia@UModSys@@@tl@UModSys@@2USUniquePointer@core@3@A@@YAXXZ 1003de30 f    CIL library: CIL module
 0001:0003ce40       ??__F?s_id@?$TObjectUniqueID@UILibraryLayered@libmedia@UModSys@@@tl@UModSys@@2USUniquePointer@core@3@A@@YAXXZ 1003de40 f    CIL library: CIL module
 0001:0003ce50       ??__F?s_id@?$TObjectUniqueID@UILibraryObjCache@libmedia@UModSys@@@tl@UModSys@@2USUniquePointer@core@3@A@@YAXXZ 1003de50 f    CIL library: CIL module
 0001:0003ce60       ??__F?s_id@?$TObjectUniqueID@UILibraryObjFilter@libmedia@UModSys@@@tl@UModSys@@2USUniquePointer@core@3@A@@YAXXZ 1003de60 f    CIL library: CIL module
 0001:0003ce70       ??__F?s_id@?$TObjectUniqueID@UILibraryBinCache@libmedia@UModSys@@@tl@UModSys@@2USUniquePointer@core@3@A@@YAXXZ 1003de70 f    CIL library: CIL module
 0001:0003ce80       ??__F?s_id@?$TObjectUniqueID@UILibraryBinTree@libmedia@UModSys@@@tl@UModSys@@2USUniquePointer@core@3@A@@YAXXZ 1003de80 f    CIL library: CIL module
 0001:0003ce90       ??__F?s_id@?$TObjectUniqueID@UILibrary@libmedia@UModSys@@@tl@UModSys@@2USUniquePointer@core@3@A@@YAXXZ 1003de90 f    CIL library: CIL module
 0001:0003cea0       ??__F?s_id@?$TObjectUniqueID@UIBinObjFilter@libmedia@UModSys@@@tl@UModSys@@2USUniquePointer@core@3@A@@YAXXZ 1003dea0 f    CIL library: CIL module
 0001:0003ceb0       ??__F?s_id@?$TObjectUniqueID@UIBinArchive@libmedia@UModSys@@@tl@UModSys@@2USUniquePointer@core@3@A@@YAXXZ 1003deb0 f    CIL library: CIL module
 0001:0003cec0       ??__F?s_id@?$TObjectUniqueID@UILibObject@libmedia@UModSys@@@tl@UModSys@@2USUniquePointer@core@3@A@@YAXXZ 1003dec0 f    CIL library: CIL module
 0001:0003ced0       ??__F?s_id@?$TObjectUniqueID@UIUtilities@libmedia@UModSys@@@tl@UModSys@@2USUniquePointer@core@3@A@@YAXXZ 1003ded0 f    CIL library: CIL module
 0001:0003cee0       ??__F?s_id@?$TObjectUniqueID@UIStreamWriter@libmedia@UModSys@@@tl@UModSys@@2USUniquePointer@core@3@A@@YAXXZ 1003dee0 f    CIL library: CIL module
 0001:0003cef0       ??__F?s_id@?$TObjectUniqueID@UIStreamReader@libmedia@UModSys@@@tl@UModSys@@2USUniquePointer@core@3@A@@YAXXZ 1003def0 f    CIL library: CIL module
 0001:0003cf00       ??__F?s_id@?$TObjectUniqueID@UISystem@base@UModSys@@@tl@UModSys@@2USUniquePointer@core@3@A@@YAXXZ 1003df00 f    CIL library: CIL module
 0001:0003cf10       ??__F?s_id@?$TObjectUniqueID@UIShell@base@UModSys@@@tl@UModSys@@2USUniquePointer@core@3@A@@YAXXZ 1003df10 f    CIL library: CIL module
 0001:0003cf20       ??__F?s_id@?$TObjectUniqueID@UIGenerator@base@UModSys@@@tl@UModSys@@2USUniquePointer@core@3@A@@YAXXZ 1003df20 f    CIL library: CIL module
 0001:0003cf30       ??__F?s_id@?$TObjectUniqueID@UIModObject@base@UModSys@@@tl@UModSys@@2USUniquePointer@core@3@A@@YAXXZ 1003df30 f    CIL library: CIL module
 0001:0003cf40       ??__F?s_id@?$TObjectUniqueID@UIModuleLibrary@base@UModSys@@@tl@UModSys@@2USUniquePointer@core@3@A@@YAXXZ 1003df40 f    CIL library: CIL module
 0001:0003cf50       ??__F?s_id@?$TObjectUniqueID@UIModule@base@UModSys@@@tl@UModSys@@2USUniquePointer@core@3@A@@YAXXZ 1003df50 f    CIL library: CIL module
 0001:0003cf60       ??__F?s_id@?$TObjectUniqueID@UIConsole@base@UModSys@@@tl@UModSys@@2USUniquePointer@core@3@A@@YAXXZ 1003df60 f    CIL library: CIL module
 0001:0003cf70       ??__F?s_id@?$TObjectUniqueID@UIParameters@core@UModSys@@@tl@UModSys@@2USUniquePointer@core@3@A@@YAXXZ 1003df70 f    CIL library: CIL module
 0001:0003cf80       ??__F?s_id@?$TObjectUniqueID@UIRefObject@core@UModSys@@@tl@UModSys@@2USUniquePointer@core@3@A@@YAXXZ 1003df80 f    CIL library: CIL module
 0001:0003cf90       ??__F?s_id@?$TObjectUniqueID@UIRoot@core@UModSys@@@tl@UModSys@@2USUniquePointer@core@3@A@@YAXXZ 1003df90 f    CIL library: CIL module
 0001:0003cfa0       ??__F?s_id@?$TDataUniqueID@F@tl@UModSys@@2USUniquePointer@core@3@A@@YAXXZ 1003dfa0 f    CIL library: CIL module
 0001:0003cfb0       ??__F?s_id@?$TDataUniqueID@M@tl@UModSys@@2USUniquePointer@core@3@A@@YAXXZ 1003dfb0 f    CIL library: CIL module
 0001:0003cfc0       ??__F?s_id@?$TDataUniqueID@H@tl@UModSys@@2USUniquePointer@core@3@A@@YAXXZ 1003dfc0 f    CIL library: CIL module
 0001:0003cfd0       ??__F?s_id@?$TConstUniqueID@W4eConsoleLevels@base@UModSys@@$00@tl@UModSys@@2USUniquePointer@core@3@A@@YAXXZ 1003dfd0 f    CIL library: CIL module
 0001:0003cfe0       ??__Fs_dbg@stdlib@lib3d@modules@UModSys@@YAXXZ 1003dfe0 f    CIL library: CIL module
 0001:0003cff0       ??__F?s_modreg@RModuleReg@stdlib@lib3d@modules@UModSys@@2U12345@A@@YAXXZ 1003dff0 f    CIL library: CIL module
 0001:0003d010       ??__F?s_modreg_chain@RModuleReg@stdlib@lib3d@modules@UModSys@@2USModuleRegChain@base@5@A@@YAXXZ 1003e010 f    CIL library: CIL module
 0001:0003d020       ??__F?s_uid@RGenerator@stdlib@lib3d@modules@UModSys@@2USUniquePointer@core@5@A@@YAXXZ 1003e020 f    CIL library: CIL module
 0001:0003d030       ??__Fh@?1??s_holder@RGenerator@stdlib@lib3d@modules@UModSys@@SAAAU?$TTypeStaticHolder@URGenerator@stdlib@lib3d@modules@UModSys@@@tl@5@XZ@YAXXZ 1003e030 f    CIL library: CIL module
 0001:0003d050       ??__F?s_id@?$TObjectUniqueID@URGenerator@stdlib@lib3d@modules@UModSys@@@tl@UModSys@@2USUniquePointer@core@3@A@@YAXXZ 1003e050 f    CIL library: CIL module
 0001:0003d060       ??__F?s_id@?$TObjectUniqueID@URVisual@object_camera@stdlib@lib3d@modules@UModSys@@@tl@UModSys@@2USUniquePointer@core@3@A@@YAXXZ 1003e060 f    CIL library: CIL module
 0001:0003d070       ??__F?s_id@?$TObjectUniqueID@URGeneral@object_camera@stdlib@lib3d@modules@UModSys@@@tl@UModSys@@2USUniquePointer@core@3@A@@YAXXZ 1003e070 f    CIL library: CIL module
 0001:0003d080       ??__F?s_id@?$TObjectUniqueID@URVisual@object_primitive@stdlib@lib3d@modules@UModSys@@@tl@UModSys@@2USUniquePointer@core@3@A@@YAXXZ 1003e080 f    CIL library: CIL module
 0001:0003d090       ??__F?s_id@?$TObjectUniqueID@URRender@object_primitive@stdlib@lib3d@modules@UModSys@@@tl@UModSys@@2USUniquePointer@core@3@A@@YAXXZ 1003e090 f    CIL library: CIL module
 0001:0003d0a0       ??__F?s_id@?$TObjectUniqueID@URGeneral@object_primitive@stdlib@lib3d@modules@UModSys@@@tl@UModSys@@2USUniquePointer@core@3@A@@YAXXZ 1003e0a0 f    CIL library: CIL module
 0001:0003d0b0       ??__F?s_id@?$TObjectUniqueID@URVisualSceneMapper_Direct@stdlib@lib3d@modules@UModSys@@@tl@UModSys@@2USUniquePointer@core@3@A@@YAXXZ 1003e0b0 f    CIL library: CIL module
 0001:0003d0c0       ??__F?s_id@?$TObjectUniqueID@URVisualizerScene@stdlib@lib3d@modules@UModSys@@@tl@UModSys@@2USUniquePointer@core@3@A@@YAXXZ 1003e0c0 f    CIL library: CIL module
 0001:0003d0d0       ??__F?s_id@?$TObjectUniqueID@URRenderer@stdlib@lib3d@modules@UModSys@@@tl@UModSys@@2USUniquePointer@core@3@A@@YAXXZ 1003e0d0 f    CIL library: CIL module
 0001:0003d0e0       ??__Fs_dbg@stdlib@lib2d@modules@UModSys@@YAXXZ 1003e0e0 f    CIL library: CIL module
 0001:0003d0f0       ??__F?s_modreg@RModuleReg@stdlib@lib2d@modules@UModSys@@2U12345@A@@YAXXZ 1003e0f0 f    CIL library: CIL module
 0001:0003d110       ??__F?s_modreg_chain@RModuleReg@stdlib@lib2d@modules@UModSys@@2USModuleRegChain@base@5@A@@YAXXZ 1003e110 f    CIL library: CIL module
 0001:0003d120       ??__F?s_uid@RGenerator@stdlib@lib2d@modules@UModSys@@2USUniquePointer@core@5@A@@YAXXZ 1003e120 f    CIL library: CIL module
 0001:0003d130       ??__Fh@?1??s_holder@RGenerator@stdlib@lib2d@modules@UModSys@@SAAAU?$TTypeStaticHolder@URGenerator@stdlib@lib2d@modules@UModSys@@@tl@5@XZ@YAXXZ 1003e130 f    CIL library: CIL module
 0001:0003d150       ??__F?s_id@?$TObjectUniqueID@URGenerator@stdlib@lib2d@modules@UModSys@@@tl@UModSys@@2USUniquePointer@core@3@A@@YAXXZ 1003e150 f    CIL library: CIL module
 0001:0003d160       ??__F?s_id@?$TObjectUniqueID@URMultiImage@stdlib@lib2d@modules@UModSys@@@tl@UModSys@@2USUniquePointer@core@3@A@@YAXXZ 1003e160 f    CIL library: CIL module
 0001:0003d170       ??__F?s_id@?$TObjectUniqueID@URImageFactory_Memory@stdlib@lib2d@modules@UModSys@@@tl@UModSys@@2USUniquePointer@core@3@A@@YAXXZ 1003e170 f    CIL library: CIL module
 0001:0003d180       ??__F?s_id@?$TObjectUniqueID@URImage_Memory@stdlib@lib2d@modules@UModSys@@@tl@UModSys@@2USUniquePointer@core@3@A@@YAXXZ 1003e180 f    CIL library: CIL module
 0001:0003d190       ??__Fs_dbg@SDL_GL@ui@modules@UModSys@@YAXXZ 1003e190 f    CIL library: CIL module
 0001:0003d1a0       ??__F?s_modreg@RModuleReg@SDL_GL@ui@modules@UModSys@@2U12345@A@@YAXXZ 1003e1a0 f    CIL library: CIL module
 0001:0003d1c0       ??__F?s_modreg_chain@RModuleReg@SDL_GL@ui@modules@UModSys@@2USModuleRegChain@base@5@A@@YAXXZ 1003e1c0 f    CIL library: CIL module
 0001:0003d1d0       ??__F?s_uid@RGenerator@SDL_GL@ui@modules@UModSys@@2USUniquePointer@core@5@A@@YAXXZ 1003e1d0 f    CIL library: CIL module
 0001:0003d1e0       ??__Fh@?1??s_holder@RGenerator@SDL_GL@ui@modules@UModSys@@SAAAU?$TTypeStaticHolder@URGenerator@SDL_GL@ui@modules@UModSys@@@tl@5@XZ@YAXXZ 1003e1e0 f    CIL library: CIL module
 0001:0003d200       ??__F?s_id@?$TObjectUniqueID@URGenerator@SDL_GL@ui@modules@UModSys@@@tl@UModSys@@2USUniquePointer@core@3@A@@YAXXZ 1003e200 f    CIL library: CIL module
 0001:0003d210       ??__F?s_id@?$TObjectUniqueID@URVertexArray@SDL_GL@ui@modules@UModSys@@@tl@UModSys@@2USUniquePointer@core@3@A@@YAXXZ 1003e210 f    CIL library: CIL module
 0001:0003d220       ??__F?s_id@?$TObjectUniqueID@URTerminalX@SDL_GL@ui@modules@UModSys@@@tl@UModSys@@2USUniquePointer@core@3@A@@YAXXZ 1003e220 f    CIL library: CIL module
 0001:0003d230       ??__F?s_id@?$TObjectUniqueID@URRenderDriver3D@SDL_GL@ui@modules@UModSys@@@tl@UModSys@@2USUniquePointer@core@3@A@@YAXXZ 1003e230 f    CIL library: CIL module
 0001:0003d240       ??__F?s_id@?$TObjectUniqueID@URMultiImage2D_SDL_ttf@SDL_GL@ui@modules@UModSys@@@tl@UModSys@@2USUniquePointer@core@3@A@@YAXXZ 1003e240 f    CIL library: CIL module
 0001:0003d250       ??__F?s_id@?$TObjectUniqueID@URTerminal@SDL_GL@ui@modules@UModSys@@@tl@UModSys@@2USUniquePointer@core@3@A@@YAXXZ 1003e250 f    CIL library: CIL module
 0001:0003d260       ??__F?s_id@?$TObjectUniqueID@URMouseController@SDL_GL@ui@modules@UModSys@@@tl@UModSys@@2USUniquePointer@core@3@A@@YAXXZ 1003e260 f    CIL library: CIL module
 0001:0003d270       ??__F?s_id@?$TObjectUniqueID@URKeyboardController@SDL_GL@ui@modules@UModSys@@@tl@UModSys@@2USUniquePointer@core@3@A@@YAXXZ 1003e270 f    CIL library: CIL module
 0001:0003d280       ??__Fs_dbg@SDL_core@ui@modules@UModSys@@YAXXZ 1003e280 f    CIL library: CIL module
 0001:0003d290       ??__F?s_modreg@RModuleReg@SDL_core@ui@modules@UModSys@@2U12345@A@@YAXXZ 1003e290 f    CIL library: CIL module
 0001:0003d2b0       ??__F?s_modreg_chain@RModuleReg@SDL_core@ui@modules@UModSys@@2USModuleRegChain@base@5@A@@YAXXZ 1003e2b0 f    CIL library: CIL module
 0001:0003d2c0       ??__F?s_uid@RGenerator@SDL_core@ui@modules@UModSys@@2USUniquePointer@core@5@A@@YAXXZ 1003e2c0 f    CIL library: CIL module
 0001:0003d2d0       ??__Fh@?1??s_holder@RGenerator@SDL_core@ui@modules@UModSys@@SAAAU?$TTypeStaticHolder@URGenerator@SDL_core@ui@modules@UModSys@@@tl@5@XZ@YAXXZ 1003e2d0 f    CIL library: CIL module
 0001:0003d2f0       ??__F?s_id@?$TObjectUniqueID@URGenerator@SDL_core@ui@modules@UModSys@@@tl@UModSys@@2USUniquePointer@core@3@A@@YAXXZ 1003e2f0 f    CIL library: CIL module
 0001:0003d300       ??__F?s_id@?$TObjectUniqueID@URTerminalX@SDL_core@ui@modules@UModSys@@@tl@UModSys@@2USUniquePointer@core@3@A@@YAXXZ 1003e300 f    CIL library: CIL module
 0001:0003d310       ??__F?s_id@?$TObjectUniqueID@URRenderDriver2D@SDL_core@ui@modules@UModSys@@@tl@UModSys@@2USUniquePointer@core@3@A@@YAXXZ 1003e310 f    CIL library: CIL module
 0001:0003d320       ??__F?s_id@?$TObjectUniqueID@URMultiImage2D_SDL_ttf@SDL_core@ui@modules@UModSys@@@tl@UModSys@@2USUniquePointer@core@3@A@@YAXXZ 1003e320 f    CIL library: CIL module
 0001:0003d330       ??__F?s_id@?$TObjectUniqueID@URTerminal@SDL_core@ui@modules@UModSys@@@tl@UModSys@@2USUniquePointer@core@3@A@@YAXXZ 1003e330 f    CIL library: CIL module
 0001:0003d340       ??__F?s_id@?$TObjectUniqueID@URMouseController@SDL_core@ui@modules@UModSys@@@tl@UModSys@@2USUniquePointer@core@3@A@@YAXXZ 1003e340 f    CIL library: CIL module
 0001:0003d350       ??__F?s_id@?$TObjectUniqueID@URKeyboardController@SDL_core@ui@modules@UModSys@@@tl@UModSys@@2USUniquePointer@core@3@A@@YAXXZ 1003e350 f    CIL library: CIL module
 0001:0003d360       ??__Fs_dbg@frames@ui@modules@UModSys@@YAXXZ 1003e360 f    CIL library: CIL module
 0001:0003d370       ??__F?s_modreg@RModuleReg@frames@ui@modules@UModSys@@2U12345@A@@YAXXZ 1003e370 f    CIL library: CIL module
 0001:0003d390       ??__F?s_modreg_chain@RModuleReg@frames@ui@modules@UModSys@@2USModuleRegChain@base@5@A@@YAXXZ 1003e390 f    CIL library: CIL module
 0001:0003d3a0       ??__F?s_uid@RGenerator@frames@ui@modules@UModSys@@2USUniquePointer@core@5@A@@YAXXZ 1003e3a0 f    CIL library: CIL module
 0001:0003d3b0       ??__Fh@?1??s_holder@RGenerator@frames@ui@modules@UModSys@@SAAAU?$TTypeStaticHolder@URGenerator@frames@ui@modules@UModSys@@@tl@5@XZ@YAXXZ 1003e3b0 f    CIL library: CIL module
 0001:0003d3d0       ??__F?s_id@?$TObjectUniqueID@URGenerator@frames@ui@modules@UModSys@@@tl@UModSys@@2USUniquePointer@core@3@A@@YAXXZ 1003e3d0 f    CIL library: CIL module
 0001:0003d3e0       ??__F?s_id@?$TObjectUniqueID@URCollector@frames@ui@modules@UModSys@@@tl@UModSys@@2USUniquePointer@core@3@A@@YAXXZ 1003e3e0 f    CIL library: CIL module
 0001:0003d3f0       ??__F?s_id@?$TObjectUniqueID@URFrame_List@frames@ui@modules@UModSys@@@tl@UModSys@@2USUniquePointer@core@3@A@@YAXXZ 1003e3f0 f    CIL library: CIL module
 0001:0003d400       ??__F?s_id@?$TObjectUniqueID@URFrame_Edit@frames@ui@modules@UModSys@@@tl@UModSys@@2USUniquePointer@core@3@A@@YAXXZ 1003e400 f    CIL library: CIL module
 0001:0003d410       ??__F?s_id@?$TObjectUniqueID@URFrame_Button@frames@ui@modules@UModSys@@@tl@UModSys@@2USUniquePointer@core@3@A@@YAXXZ 1003e410 f    CIL library: CIL module
 0001:0003d420       ??__F?s_id@?$TObjectUniqueID@URFrame_Text@frames@ui@modules@UModSys@@@tl@UModSys@@2USUniquePointer@core@3@A@@YAXXZ 1003e420 f    CIL library: CIL module
 0001:0003d430       ??__F?s_id@?$TObjectUniqueID@URFrame_Image@frames@ui@modules@UModSys@@@tl@UModSys@@2USUniquePointer@core@3@A@@YAXXZ 1003e430 f    CIL library: CIL module
 0001:0003d440       ??__F?s_id@?$TObjectUniqueID@URFrame_Frame@frames@ui@modules@UModSys@@@tl@UModSys@@2USUniquePointer@core@3@A@@YAXXZ 1003e440 f    CIL library: CIL module
 0001:0003d450       ??__F?s_id@?$TObjectUniqueID@URDialog@frames@ui@modules@UModSys@@@tl@UModSys@@2USUniquePointer@core@3@A@@YAXXZ 1003e450 f    CIL library: CIL module
 0001:0003d460       ??__F?s_id@?$TObjectUniqueID@URFrame_Common@frames@ui@modules@UModSys@@@tl@UModSys@@2USUniquePointer@core@3@A@@YAXXZ 1003e460 f    CIL library: CIL module
 0001:0003d470       ??__Fs_dbg@images_std@media@modules@UModSys@@YAXXZ 1003e470 f    CIL library: CIL module
 0001:0003d480       ??__F?s_modreg@RModuleReg@images_std@media@modules@UModSys@@2U12345@A@@YAXXZ 1003e480 f    CIL library: CIL module
 0001:0003d4a0       ??__F?s_modreg_chain@RModuleReg@images_std@media@modules@UModSys@@2USModuleRegChain@base@5@A@@YAXXZ 1003e4a0 f    CIL library: CIL module
 0001:0003d4b0       ??__F?s_uid@RGenerator@images_std@media@modules@UModSys@@2USUniquePointer@core@5@A@@YAXXZ 1003e4b0 f    CIL library: CIL module
 0001:0003d4c0       ??__Fh@?1??s_holder@RGenerator@images_std@media@modules@UModSys@@SAAAU?$TTypeStaticHolder@URGenerator@images_std@media@modules@UModSys@@@tl@5@XZ@YAXXZ 1003e4c0 f    CIL library: CIL module
 0001:0003d4e0       ??__F?s_id@?$TObjectUniqueID@URGenerator@images_std@media@modules@UModSys@@@tl@UModSys@@2USUniquePointer@core@3@A@@YAXXZ 1003e4e0 f    CIL library: CIL module
 0001:0003d4f0       ??__F?s_id@?$TObjectUniqueID@URMediaFilter@images_std@media@modules@UModSys@@@tl@UModSys@@2USUniquePointer@core@3@A@@YAXXZ 1003e4f0 f    CIL library: CIL module
 0001:0003d500       ??__Fs_dbg@serialize_json@media@modules@UModSys@@YAXXZ 1003e500 f    CIL library: CIL module
 0001:0003d510       ??__F?s_modreg@RModuleReg@serialize_json@media@modules@UModSys@@2U12345@A@@YAXXZ 1003e510 f    CIL library: CIL module
 0001:0003d530       ??__F?s_modreg_chain@RModuleReg@serialize_json@media@modules@UModSys@@2USModuleRegChain@base@5@A@@YAXXZ 1003e530 f    CIL library: CIL module
 0001:0003d540       ??__F?s_uid@RGenerator@serialize_json@media@modules@UModSys@@2USUniquePointer@core@5@A@@YAXXZ 1003e540 f    CIL library: CIL module
 0001:0003d550       ??__Fh@?1??s_holder@RGenerator@serialize_json@media@modules@UModSys@@SAAAU?$TTypeStaticHolder@URGenerator@serialize_json@media@modules@UModSys@@@tl@5@XZ@YAXXZ 1003e550 f    CIL library: CIL module
 0001:0003d570       ??__F?s_id@?$TObjectUniqueID@URGenerator@serialize_json@media@modules@UModSys@@@tl@UModSys@@2USUniquePointer@core@3@A@@YAXXZ 1003e570 f    CIL library: CIL module
 0001:0003d580       ??__F?s_id@?$TObjectUniqueID@URSerializeWriter@serialize_json@media@modules@UModSys@@@tl@UModSys@@2USUniquePointer@core@3@A@@YAXXZ 1003e580 f    CIL library: CIL module
 0001:0003d590       ??__F?s_id@?$TObjectUniqueID@URSerializeReader@serialize_json@media@modules@UModSys@@@tl@UModSys@@2USUniquePointer@core@3@A@@YAXXZ 1003e590 f    CIL library: CIL module
 0001:0003d5a0       ??__Fs_dbg@zlib@media@modules@UModSys@@YAXXZ 1003e5a0 f    CIL library: CIL module
 0001:0003d5b0       ??__F?s_modreg@RModuleReg@zlib@media@modules@UModSys@@2U12345@A@@YAXXZ 1003e5b0 f    CIL library: CIL module
 0001:0003d5d0       ??__F?s_modreg_chain@RModuleReg@zlib@media@modules@UModSys@@2USModuleRegChain@base@5@A@@YAXXZ 1003e5d0 f    CIL library: CIL module
 0001:0003d5e0       ??__F?s_uid@RGenerator@zlib@media@modules@UModSys@@2USUniquePointer@core@5@A@@YAXXZ 1003e5e0 f    CIL library: CIL module
 0001:0003d5f0       ??__Fh@?1??s_holder@RGenerator@zlib@media@modules@UModSys@@SAAAU?$TTypeStaticHolder@URGenerator@zlib@media@modules@UModSys@@@tl@5@XZ@YAXXZ 1003e5f0 f    CIL library: CIL module
 0001:0003d610       ??__F?s_id@?$TObjectUniqueID@URGenerator@zlib@media@modules@UModSys@@@tl@UModSys@@2USUniquePointer@core@3@A@@YAXXZ 1003e610 f    CIL library: CIL module
 0001:0003d620       ??__F?s_id@?$TObjectUniqueID@URBinArchiveFrameClient_ZIP@zlib@media@modules@UModSys@@@tl@UModSys@@2USUniquePointer@core@3@A@@YAXXZ 1003e620 f    CIL library: CIL module
 0001:0003d630       ??__FM@UModSys@@YAXXZ      1003e630 f    CIL library: CIL module
 0001:0003d640       ??__F?root@SModuleRegChain@base@UModSys@@2U123@A@@YAXXZ 1003e640 f    CIL library: CIL module
 0001:0003d650       ??__F?s_library@RModuleLibraryReg_Chain@base@UModSys@@2U123@A@@YAXXZ 1003e650 f    CIL library: CIL module
 0001:0003d660       ??__F?root@SUniquePointer@core@UModSys@@2U123@A@@YAXXZ 1003e660 f    CIL library: CIL module

 Exports

  ordinal    name

        1    _UModSys_Plugin_Entry2@0
