 plugin_test1

 Timestamp is 53343f88 (Thu Mar 27 18:11:04 2014)

 Preferred load address is 10000000

 Start         Length     Name                   Class
 0001:00000000 00039451H .text                   CODE
 0001:00039460 00000ff8H .text$x                 CODE
 0001:0003a460 00001ef1H .text$yc                CODE
 0001:0003c360 00000bfaH .text$yd                CODE
 0002:00000000 0000022cH .idata$5                DATA
 0002:0000022c 00000004H .CRT$XCA                DATA
 0002:00000230 0000159cH .CRT$XCU                DATA
 0002:000017cc 00000004H .CRT$XCZ                DATA
 0002:000017d0 00000004H .CRT$XIA                DATA
 0002:000017d4 00000004H .CRT$XIAA               DATA
 0002:000017d8 00000004H .CRT$XIC                DATA
 0002:000017dc 00000004H .CRT$XIZ                DATA
 0002:000017e0 0000d790H .rdata                  DATA
 0002:0000ef70 00002624H .rdata$r                DATA
 0002:000115a0 000001e8H .rdata$sxdata           DATA
 0002:00011788 00000004H .rtc$IAA                DATA
 0002:0001178c 00000004H .rtc$IZZ                DATA
 0002:00011790 00000004H .rtc$TAA                DATA
 0002:00011794 00000004H .rtc$TZZ                DATA
 0002:00011798 000019a4H .xdata$x                DATA
 0002:0001313c 00000078H .idata$2                DATA
 0002:000131b4 00000014H .idata$3                DATA
 0002:000131c8 0000022cH .idata$4                DATA
 0002:000133f4 000009f4H .idata$6                DATA
 0002:00013df0 0000005cH .edata                  DATA
 0003:00000000 00001c20H .data                   DATA
 0003:00001c20 00001c88H .bss                    DATA

  Address         Publics by Value              Rva+Base       Lib:Object

 0000:00000000       __except_list              00000000     <absolute>
 0000:0000007a       ___safe_se_handler_count   0000007a     <absolute>
 0000:00009876       __fltused                  00009876     <absolute>
 0000:00009876       __ldused                   00009876     <absolute>
 0000:00000000       ___ImageBase               10000000     <linker-defined>
 0001:00000000       ??4SCMemShared@core@UModSys@@QAEABU012@ABUSMemShared@12@@Z 10001000 f i plugin_test1.obj
 0001:00000030       ??3IRoot@core@UModSys@@SAXPAXABUSIMemAlloc@12@@Z 10001030 f i plugin_test1.obj
 0001:00000040       ??$seq@D@su@tl@UModSys@@YA_NPBD0@Z 10001040 f i plugin_test1.obj
 0001:00000080       ?add@SParameters@core@UModSys@@QAE_NPBD0@Z 10001080 f i plugin_test1.obj
 0001:000000b0       ?s@SFrameDataOut@libui@UModSys@@QBEXQBD@Z 100010b0 f i plugin_test1.obj
 0001:000000f0       ?set_info@IImage@lib2d@UModSys@@QAE_NW4eImageType@23@HHPBD@Z 100010f0 f i plugin_test1.obj
 0001:00000120       ??_EIRoot@core@UModSys@@UAEPAXI@Z 10001120 f i  CIL library: CIL module
 0001:00000120       ??_GIRoot@core@UModSys@@UAEPAXI@Z 10001120 f i plugin_test1.obj
 0001:00000140       ?root_get_interface_info@RTest1_Shell@test1@test@modules@UModSys@@UBEABUSUniquePointerInfo@core@5@XZ 10001140 f i plugin_test1.obj
 0001:00000150       ?root_get_interface_type@RTest1_Shell@test1@test@modules@UModSys@@UBEPBUSUniquePointerInfo@core@5@XZ 10001150 f i plugin_test1.obj
 0001:00000160       ?root_get_other_interface@RTest1_Shell@test1@test@modules@UModSys@@UAEPAUIRoot@core@5@PBUSUniquePointerInfo@75@@Z 10001160 f i plugin_test1.obj
 0001:00000160       ?root_get_other_interface@RTest1_Shell@test1@test@modules@UModSys@@UBEPBUIRoot@core@5@PBUSUniquePointerInfo@75@@Z 10001160 f i plugin_test1.obj
 0001:00000190       ?root_is_interface_supported@RTest1_Shell@test1@test@modules@UModSys@@UBE_NPBUSUniquePointerInfo@core@5@@Z 10001190 f i plugin_test1.obj
 0001:000001d0       ?ref_add@RTest1_Shell@test1@test@modules@UModSys@@UBEXXZ 100011d0 f i plugin_test1.obj
 0001:000001e0       ?ref_remove@RTest1_Shell@test1@test@modules@UModSys@@UBEXXZ 100011e0 f i plugin_test1.obj
 0001:000001f0       ?ref_links@RTest1_Shell@test1@test@modules@UModSys@@UBEHXZ 100011f0 f i plugin_test1.obj
 0001:00000200       ?ref_weak@RTest1_Shell@test1@test@modules@UModSys@@UBE_NAAUWeakPointer@IRefObject@core@5@@Z 10001200 f i plugin_test1.obj
 0001:00000220       ?suicide@RTest1_Shell@test1@test@modules@UModSys@@UAEXXZ 10001220 f i plugin_test1.obj
 0001:00000230       ?set@VertexPC@UI_Info@RTest1_Shell@test1@test@modules@UModSys@@QAEXABU?$TVector3@N@math3d@7@ABU?$TVector3@M@97@@Z 10001230 f i plugin_test1.obj
 0001:00000300       ??0RTest1_Shell@test1@test@modules@UModSys@@QAE@PAUIModObject@base@4@@Z 10001300 f i plugin_test1.obj
 0001:00000450       ??1RTest1_Shell@test1@test@modules@UModSys@@UAE@XZ 10001450 f i plugin_test1.obj
 0001:00000500       ?connect@RTest1_Shell@test1@test@modules@UModSys@@UAE_NXZ 10001500 f i plugin_test1.obj
 0001:00000520       ?disconnect@RTest1_Shell@test1@test@modules@UModSys@@UAE_NXZ 10001520 f i plugin_test1.obj
 0001:00000540       ?process_tick@RTest1_Shell@test1@test@modules@UModSys@@UAE_NABUSTimeMsec@core@5@@Z 10001540 f i plugin_test1.obj
 0001:00000570       ?process_command@RTest1_Shell@test1@test@modules@UModSys@@UAE_NHQBU?$TString@U?$TSCoreConst@D@su@tl@UModSys@@U?$TComparerBinaryHash@D@234@@tl@5@@Z 10001570 f i plugin_test1.obj
 0001:00000590       ??_GRTest1_Shell@test1@test@modules@UModSys@@UAEPAXI@Z 10001590 f i plugin_test1.obj
 0001:00000590       ??_ERTest1_Shell@test1@test@modules@UModSys@@UAEPAXI@Z 10001590 f i  CIL library: CIL module
 0001:000005b0       ?set_value@Prop@Aux@RTest1_Shell@test1@test@modules@UModSys@@UAE_NABUSPropValueR@core@7@@Z 100015b0 f i plugin_test1.obj
 0001:00000660       ?set_value@PropX@Aux@RTest1_Shell@test1@test@modules@UModSys@@UAE_NPBUSUniquePointerInfo@core@7@ABUSPropValueR@97@@Z 10001660 f i plugin_test1.obj
 0001:000007d0       ??1SFrameCreateParameters@libui@UModSys@@QAE@XZ 100017d0 f i plugin_test1.obj
 0001:000007f0       ??1UI_Info@RTest1_Shell@test1@test@modules@UModSys@@QAE@XZ 100017f0 f i plugin_test1.obj
 0001:00000970       ?get_generated_names@RGenerator@test1@test@modules@UModSys@@UBEHAAUSUniquePtrList@core@5@@Z 10001970 f i plugin_test1.obj
 0001:00000990       ?get_generated_types@RGenerator@test1@test@modules@UModSys@@UBEHAAUSUniquePtrList@core@5@PBUSUniquePointerInfo@75@@Z 10001990 f i plugin_test1.obj
 0001:000009e0       ?generate@RGenerator@test1@test@modules@UModSys@@UAE_NAAU?$TRefObject@UIRefObject@core@UModSys@@U?$TRefObjectFunc@UIRefObject@core@UModSys@@@tl@3@@tl@5@PBUSUniquePointerInfo@core@5@ABUSParameters@95@@Z 100019e0 f i plugin_test1.obj
 0001:00000aa0       ?root_get_interface_info@RGenerator@test1@test@modules@UModSys@@UBEABUSUniquePointerInfo@core@5@XZ 10001aa0 f i plugin_test1.obj
 0001:00000ab0       ?root_get_interface_type@RGenerator@test1@test@modules@UModSys@@UBEPBUSUniquePointerInfo@core@5@XZ 10001ab0 f i plugin_test1.obj
 0001:00000ac0       ?root_get_other_interface@RGenerator@test1@test@modules@UModSys@@UAEPAUIRoot@core@5@PBUSUniquePointerInfo@75@@Z 10001ac0 f i plugin_test1.obj
 0001:00000ac0       ?root_get_other_interface@RGenerator@test1@test@modules@UModSys@@UBEPBUIRoot@core@5@PBUSUniquePointerInfo@75@@Z 10001ac0 f i plugin_test1.obj
 0001:00000b00       ?root_is_interface_supported@RGenerator@test1@test@modules@UModSys@@UBE_NPBUSUniquePointerInfo@core@5@@Z 10001b00 f i plugin_test1.obj
 0001:00000b40       ?get_uid@RGenerator@test1@test@modules@UModSys@@UBEPBUSUniquePointerInfo@core@5@XZ 10001b40 f i plugin_test1.obj
 0001:00000b50       ?do_open@RModuleReg@test1@test@modules@UModSys@@UAE_NXZ 10001b50 f i plugin_test1.obj
 0001:00000b80       ?do_close@RModuleReg@test1@test@modules@UModSys@@UAE_NXZ 10001b80 f i plugin_test1.obj
 0001:00000bb0       ??_ERModuleReg@test1@test@modules@UModSys@@UAEPAXI@Z 10001bb0 f i  CIL library: CIL module
 0001:00000bb0       ??_GRModuleReg@test1@test@modules@UModSys@@UAEPAXI@Z 10001bb0 f i plugin_test1.obj
 0001:00000be0       ??0?$TString@U?$TSCoreConst@D@su@tl@UModSys@@U?$TComparerBinaryHash@D@234@@tl@UModSys@@QAE@PBD@Z 10001be0 f i plugin_test1.obj
 0001:00000c30       ??8?$TString@U?$TSCoreConst@D@su@tl@UModSys@@U?$TComparerBinaryHash@D@234@@tl@UModSys@@QBE_NPBD@Z 10001c30 f i plugin_test1.obj
 0001:00000c60       ??4?$TString@U?$TSCoreShared@USIMemAlloc@core@UModSys@@D@su@tl@UModSys@@U?$TComparerBinaryHash@D@234@@tl@UModSys@@QAEABU012@ABU012@@Z 10001c60 f i plugin_test1.obj
 0001:00000c90       ?normalize@?$TVector3@N@math3d@UModSys@@QAENXZ 10001c90 f i plugin_test1.obj
 0001:00000cf0       ??4?$TRefObject@UIRefObject@core@UModSys@@U?$TRefObjectFunc@UIRefObject@core@UModSys@@@tl@3@@tl@UModSys@@QAEABU012@PAUIRefObject@core@2@@Z 10001cf0 f i plugin_test1.obj
 0001:00000cf0       ??4?$TRefObject@URFrame_Common@frames@ui@modules@UModSys@@U?$TRefObjectFunc@URFrame_Common@frames@ui@modules@UModSys@@@tl@5@@tl@UModSys@@QAEABU012@PAURFrame_Common@frames@ui@modules@2@@Z 10001cf0 f i umodsys_lib_libui:umodsys.mod.ui.frames.obj
 0001:00000d10       ??0?$TParametersA@$0EAA@@core@UModSys@@QAE@XZ 10001d10 f i plugin_test1.obj
 0001:00000d40       ?info_release@?$TSCoreShared@USIMemAlloc@core@UModSys@@D@su@tl@UModSys@@QAEXXZ 10001d40 f i plugin_test1.obj
 0001:00000dc0       ?info_new@?$TSCoreShared@USIMemAlloc@core@UModSys@@D@su@tl@UModSys@@QAE_NPBDI@Z 10001dc0 f i plugin_test1.obj
 0001:00000e70       ?get_null@?$TSCoreShared@USIMemAlloc@core@UModSys@@D@su@tl@UModSys@@SAPAU?$TSharedStringInfo@DUSIMemAlloc@core@UModSys@@@234@XZ 10001e70 f i plugin_test1.obj
 0001:00000eb0       ?mult3@?$TMatrix44@N@math3d@UModSys@@QAEXABU123@0@Z 10001eb0 f i plugin_test1.obj
 0001:00000f90       ?set_rotate_about@?$TMatrix44@N@math3d@UModSys@@QAEXABU?$TVector3@N@23@N@Z 10001f90 f i plugin_test1.obj
 0001:000010d0       ?set_ER@?$TMatrix44@N@math3d@UModSys@@QAEXN@Z 100020d0 f i plugin_test1.obj
 0001:00001100       ?set_inversed@?$TMatrix44@N@math3d@UModSys@@QAE_NABU123@@Z 10002100 f i plugin_test1.obj
 0001:000014e0       ??$generate_type@UICollector@libui@UModSys@@@RTest1_Shell@test1@test@modules@UModSys@@SA?AU?$TRefObject@UICollector@libui@UModSys@@U?$TRefObjectFunc@UICollector@libui@UModSys@@@tl@3@@tl@4@ABU?$TString@U?$TSCoreConst@D@su@tl@UModSys@@U?$TComparerBinaryHash@D@234@@64@ABUSParameters@core@4@PBD@Z 100024e0 f i plugin_test1.obj
 0001:00001640       ??$generate_type@UITerminal@libui@UModSys@@@RTest1_Shell@test1@test@modules@UModSys@@SA?AU?$TRefObject@UITerminal@libui@UModSys@@U?$TRefObjectFunc@UITerminal@libui@UModSys@@@tl@3@@tl@4@ABU?$TString@U?$TSCoreConst@D@su@tl@UModSys@@U?$TComparerBinaryHash@D@234@@64@ABUSParameters@core@4@PBD@Z 10002640 f i plugin_test1.obj
 0001:000017a0       ??$t_create_handler@UIKeyboardController@libui@UModSys@@@ITerminal@libui@UModSys@@QAE_NAAU?$TRefObject@UIKeyboardController@libui@UModSys@@U?$TRefObjectFunc@UIKeyboardController@libui@UModSys@@@tl@3@@tl@2@PBDPBUSParameters@core@2@@Z 100027a0 f i plugin_test1.obj
 0001:00001850       ??$t_create_handler@UIMouseController@libui@UModSys@@@ITerminal@libui@UModSys@@QAE_NAAU?$TRefObject@UIMouseController@libui@UModSys@@U?$TRefObjectFunc@UIMouseController@libui@UModSys@@@tl@3@@tl@2@PBDPBUSParameters@core@2@@Z 10002850 f i plugin_test1.obj
 0001:00001900       ??$generate_type@UIRenderer@lib3d@UModSys@@@RTest1_Shell@test1@test@modules@UModSys@@SA?AU?$TRefObject@UIRenderer@lib3d@UModSys@@U?$TRefObjectFunc@UIRenderer@lib3d@UModSys@@@tl@3@@tl@4@ABU?$TString@U?$TSCoreConst@D@su@tl@UModSys@@U?$TComparerBinaryHash@D@234@@64@ABUSParameters@core@4@PBD@Z 10002900 f i plugin_test1.obj
 0001:00001a60       ??$t_create_handler@UIRenderDriver@lib3d@UModSys@@@ITerminal@libui@UModSys@@QAE_NAAU?$TRefObject@UIRenderDriver@lib3d@UModSys@@U?$TRefObjectFunc@UIRenderDriver@lib3d@UModSys@@@tl@3@@tl@2@PBDPBUSParameters@core@2@@Z 10002a60 f i plugin_test1.obj
 0001:00001b10       ??$generate_type@UIVisualizerScene@lib3d@UModSys@@@RTest1_Shell@test1@test@modules@UModSys@@SA?AU?$TRefObject@UIVisualizerScene@lib3d@UModSys@@U?$TRefObjectFunc@UIVisualizerScene@lib3d@UModSys@@@tl@3@@tl@4@ABU?$TString@U?$TSCoreConst@D@su@tl@UModSys@@U?$TComparerBinaryHash@D@234@@64@ABUSParameters@core@4@PBD@Z 10002b10 f i plugin_test1.obj
 0001:00001c70       ??$generate_type@UIGeneralObject@lib3d@UModSys@@@RTest1_Shell@test1@test@modules@UModSys@@SA?AU?$TRefObject@UIGeneralObject@lib3d@UModSys@@U?$TRefObjectFunc@UIGeneralObject@lib3d@UModSys@@@tl@3@@tl@4@ABU?$TString@U?$TSCoreConst@D@su@tl@UModSys@@U?$TComparerBinaryHash@D@234@@64@ABUSParameters@core@4@PBD@Z 10002c70 f i plugin_test1.obj
 0001:00001dd0       ??$t_ref_get_other_interface@UIVisualObject_Camera@lib3d@UModSys@@U?$TRefObjectFunc@UIVisualObject_Camera@lib3d@UModSys@@@tl@3@@IRefObject@core@UModSys@@QAE_NAAU?$TRefObject@UIVisualObject_Camera@lib3d@UModSys@@U?$TRefObjectFunc@UIVisualObject_Camera@lib3d@UModSys@@@tl@3@@tl@2@@Z 10002dd0 f i plugin_test1.obj
 0001:00001e10       ??$shash@D@su@tl@UModSys@@YAIPBDI@Z 10002e10 f i plugin_test1.obj
 0001:00001e50       ??1?$TRefObject@UIModObject@base@UModSys@@U?$TModObjectFunc@UIModObject@base@UModSys@@@tl@3@@tl@UModSys@@QAE@XZ 10002e50 f i plugin_test1.obj
 0001:00001e70       ?mult@?$TMatrix44@N@math3d@UModSys@@QAEXABU123@0@Z 10002e70 f i plugin_test1.obj
 0001:00002080       ?get_determinant@?$TMatrix44@N@math3d@UModSys@@QBENXZ 10003080 f i plugin_test1.obj
 0001:00002140       ??$t_ref_get_other_interface@UIStreamReader@libmedia@UModSys@@U?$TRefObjectFunc@UIStreamReader@libmedia@UModSys@@@tl@3@@IRefObject@core@UModSys@@QAE_NAAU?$TRefObject@UIStreamReader@libmedia@UModSys@@U?$TRefObjectFunc@UIStreamReader@libmedia@UModSys@@@tl@3@@tl@2@@Z 10003140 f i plugin_test1.obj
 0001:00002180       ??$t_ref_get_other_interface@UIStreamWriter@libmedia@UModSys@@U?$TRefObjectFunc@UIStreamWriter@libmedia@UModSys@@@tl@3@@IRefObject@core@UModSys@@QAE_NAAU?$TRefObject@UIStreamWriter@libmedia@UModSys@@U?$TRefObjectFunc@UIStreamWriter@libmedia@UModSys@@@tl@3@@tl@2@@Z 10003180 f i plugin_test1.obj
 0001:000021c0       ??$t_generate@UICollector@libui@UModSys@@@SModuleContext@base@UModSys@@QAE_NAAU?$TRefObject@UICollector@libui@UModSys@@U?$TRefObjectFunc@UICollector@libui@UModSys@@@tl@3@@tl@2@PBUSUniquePointerInfo@core@2@ABUSParameters@62@@Z 100031c0 f i plugin_test1.obj
 0001:00002270       ??$t_generate@UITerminal@libui@UModSys@@@SModuleContext@base@UModSys@@QAE_NAAU?$TRefObject@UITerminal@libui@UModSys@@U?$TRefObjectFunc@UITerminal@libui@UModSys@@@tl@3@@tl@2@PBUSUniquePointerInfo@core@2@ABUSParameters@62@@Z 10003270 f i plugin_test1.obj
 0001:00002320       ??$t_generate@UIRenderer@lib3d@UModSys@@@SModuleContext@base@UModSys@@QAE_NAAU?$TRefObject@UIRenderer@lib3d@UModSys@@U?$TRefObjectFunc@UIRenderer@lib3d@UModSys@@@tl@3@@tl@2@PBUSUniquePointerInfo@core@2@ABUSParameters@62@@Z 10003320 f i plugin_test1.obj
 0001:000023d0       ??$t_generate@UIVisualizerScene@lib3d@UModSys@@@SModuleContext@base@UModSys@@QAE_NAAU?$TRefObject@UIVisualizerScene@lib3d@UModSys@@U?$TRefObjectFunc@UIVisualizerScene@lib3d@UModSys@@@tl@3@@tl@2@PBUSUniquePointerInfo@core@2@ABUSParameters@62@@Z 100033d0 f i plugin_test1.obj
 0001:00002480       ??$t_generate@UIGeneralObject@lib3d@UModSys@@@SModuleContext@base@UModSys@@QAE_NAAU?$TRefObject@UIGeneralObject@lib3d@UModSys@@U?$TRefObjectFunc@UIGeneralObject@lib3d@UModSys@@@tl@3@@tl@2@PBUSUniquePointerInfo@core@2@ABUSParameters@62@@Z 10003480 f i plugin_test1.obj
 0001:00002530       ??$t_ref_get_other_interface@UIImage@lib2d@UModSys@@U?$TRefObjectFunc@UIImage@lib2d@UModSys@@@tl@3@@IRefObject@core@UModSys@@QAE_NAAU?$TRefObject@UIImage@lib2d@UModSys@@U?$TRefObjectFunc@UIImage@lib2d@UModSys@@@tl@3@@tl@2@@Z 10003530 f i plugin_test1.obj
 0001:00002570       ??$t_ref_get_other_interface@UIImageFactory@lib2d@UModSys@@U?$TRefObjectFunc@UIImageFactory@lib2d@UModSys@@@tl@3@@IRefObject@core@UModSys@@QAE_NAAU?$TRefObject@UIImageFactory@lib2d@UModSys@@U?$TRefObjectFunc@UIImageFactory@lib2d@UModSys@@@tl@3@@tl@2@@Z 10003570 f i plugin_test1.obj
 0001:000025b0       ??$t_ref_get_other_interface@UIMultiImage@lib2d@UModSys@@U?$TRefObjectFunc@UIMultiImage@lib2d@UModSys@@@tl@3@@IRefObject@core@UModSys@@QAE_NAAU?$TRefObject@UIMultiImage@lib2d@UModSys@@U?$TRefObjectFunc@UIMultiImage@lib2d@UModSys@@@tl@3@@tl@2@@Z 100035b0 f i plugin_test1.obj
 0001:000025f0       ??$t_ref_get_other_interface@UICollector@libui@UModSys@@U?$TRefObjectFunc@UICollector@libui@UModSys@@@tl@3@@IRefObject@core@UModSys@@QAE_NAAU?$TRefObject@UICollector@libui@UModSys@@U?$TRefObjectFunc@UICollector@libui@UModSys@@@tl@3@@tl@2@@Z 100035f0 f i plugin_test1.obj
 0001:00002630       ??$t_ref_get_other_interface@UITerminal@libui@UModSys@@U?$TRefObjectFunc@UITerminal@libui@UModSys@@@tl@3@@IRefObject@core@UModSys@@QAE_NAAU?$TRefObject@UITerminal@libui@UModSys@@U?$TRefObjectFunc@UITerminal@libui@UModSys@@@tl@3@@tl@2@@Z 10003630 f i plugin_test1.obj
 0001:00002670       ??$t_ref_get_other_interface@UIRenderer@lib3d@UModSys@@U?$TRefObjectFunc@UIRenderer@lib3d@UModSys@@@tl@3@@IRefObject@core@UModSys@@QAE_NAAU?$TRefObject@UIRenderer@lib3d@UModSys@@U?$TRefObjectFunc@UIRenderer@lib3d@UModSys@@@tl@3@@tl@2@@Z 10003670 f i plugin_test1.obj
 0001:000026b0       ??$t_ref_get_other_interface@UIVisualizerScene@lib3d@UModSys@@U?$TRefObjectFunc@UIVisualizerScene@lib3d@UModSys@@@tl@3@@IRefObject@core@UModSys@@QAE_NAAU?$TRefObject@UIVisualizerScene@lib3d@UModSys@@U?$TRefObjectFunc@UIVisualizerScene@lib3d@UModSys@@@tl@3@@tl@2@@Z 100036b0 f i plugin_test1.obj
 0001:000026f0       ??$t_ref_get_other_interface@UIGeneralObject@lib3d@UModSys@@U?$TRefObjectFunc@UIGeneralObject@lib3d@UModSys@@@tl@3@@IRefObject@core@UModSys@@QAE_NAAU?$TRefObject@UIGeneralObject@lib3d@UModSys@@U?$TRefObjectFunc@UIGeneralObject@lib3d@UModSys@@@tl@3@@tl@2@@Z 100036f0 f i plugin_test1.obj
 0001:00002730       ?root_get_interface_info@RRenderer@stdlib@lib3d@modules@UModSys@@UBEABUSUniquePointerInfo@core@5@XZ 10003730 f i umodsys_lib_lib3d:umodsys.mod.3d.stdlib.obj
 0001:00002740       ?root_get_interface_type@RRenderer@stdlib@lib3d@modules@UModSys@@UBEPBUSUniquePointerInfo@core@5@XZ 10003740 f i umodsys_lib_lib3d:umodsys.mod.3d.stdlib.obj
 0001:00002750       ?root_get_other_interface@RRenderer@stdlib@lib3d@modules@UModSys@@UBEPBUIRoot@core@5@PBUSUniquePointerInfo@75@@Z 10003750 f i umodsys_lib_lib3d:umodsys.mod.3d.stdlib.obj
 0001:00002750       ?root_get_other_interface@RRenderer@stdlib@lib3d@modules@UModSys@@UAEPAUIRoot@core@5@PBUSUniquePointerInfo@75@@Z 10003750 f i umodsys_lib_lib3d:umodsys.mod.3d.stdlib.obj
 0001:00002780       ?root_is_interface_supported@RRenderer@stdlib@lib3d@modules@UModSys@@UBE_NPBUSUniquePointerInfo@core@5@@Z 10003780 f i umodsys_lib_lib3d:umodsys.mod.3d.stdlib.obj
 0001:000027c0       ?ref_weak@RVisualSceneMapper_Direct@stdlib@lib3d@modules@UModSys@@UBE_NAAUWeakPointer@IRefObject@core@5@@Z 100037c0 f i umodsys_lib_lib3d:umodsys.mod.3d.stdlib.obj
 0001:000027c0       ?ref_weak@RRenderer@stdlib@lib3d@modules@UModSys@@UBE_NAAUWeakPointer@IRefObject@core@5@@Z 100037c0 f i umodsys_lib_lib3d:umodsys.mod.3d.stdlib.obj
 0001:000027c0       ?ref_weak@RSerializeWriter@serialize_json@media@modules@UModSys@@UBE_NAAUWeakPointer@IRefObject@core@5@@Z 100037c0 f i umodsys_lib_libmedia:umodsys.mod.media.serialize_json.obj
 0001:000027e0       ?root_get_interface_info@RVisualizerScene@stdlib@lib3d@modules@UModSys@@UBEABUSUniquePointerInfo@core@5@XZ 100037e0 f i umodsys_lib_lib3d:umodsys.mod.3d.stdlib.obj
 0001:000027f0       ?root_get_interface_type@RVisualizerScene@stdlib@lib3d@modules@UModSys@@UBEPBUSUniquePointerInfo@core@5@XZ 100037f0 f i umodsys_lib_lib3d:umodsys.mod.3d.stdlib.obj
 0001:00002800       ?root_get_other_interface@RVisualizerScene@stdlib@lib3d@modules@UModSys@@UAEPAUIRoot@core@5@PBUSUniquePointerInfo@75@@Z 10003800 f i umodsys_lib_lib3d:umodsys.mod.3d.stdlib.obj
 0001:00002800       ?root_get_other_interface@RVisualizerScene@stdlib@lib3d@modules@UModSys@@UBEPBUIRoot@core@5@PBUSUniquePointerInfo@75@@Z 10003800 f i umodsys_lib_lib3d:umodsys.mod.3d.stdlib.obj
 0001:00002840       ?root_is_interface_supported@RVisualizerScene@stdlib@lib3d@modules@UModSys@@UBE_NPBUSUniquePointerInfo@core@5@@Z 10003840 f i umodsys_lib_lib3d:umodsys.mod.3d.stdlib.obj
 0001:00002880       ?root_get_interface_info@RVisualSceneMapper_Direct@stdlib@lib3d@modules@UModSys@@UBEABUSUniquePointerInfo@core@5@XZ 10003880 f i umodsys_lib_lib3d:umodsys.mod.3d.stdlib.obj
 0001:00002890       ?root_get_interface_type@RVisualSceneMapper_Direct@stdlib@lib3d@modules@UModSys@@UBEPBUSUniquePointerInfo@core@5@XZ 10003890 f i umodsys_lib_lib3d:umodsys.mod.3d.stdlib.obj
 0001:000028a0       ?root_get_other_interface@RVisualSceneMapper_Direct@stdlib@lib3d@modules@UModSys@@UBEPBUIRoot@core@5@PBUSUniquePointerInfo@75@@Z 100038a0 f i umodsys_lib_lib3d:umodsys.mod.3d.stdlib.obj
 0001:000028a0       ?root_get_other_interface@RVisualSceneMapper_Direct@stdlib@lib3d@modules@UModSys@@UAEPAUIRoot@core@5@PBUSUniquePointerInfo@75@@Z 100038a0 f i umodsys_lib_lib3d:umodsys.mod.3d.stdlib.obj
 0001:000028d0       ?root_is_interface_supported@RVisualSceneMapper_Direct@stdlib@lib3d@modules@UModSys@@UBE_NPBUSUniquePointerInfo@core@5@@Z 100038d0 f i umodsys_lib_lib3d:umodsys.mod.3d.stdlib.obj
 0001:00002910       ?ref_add@RRenderer@stdlib@lib3d@modules@UModSys@@UBEXXZ 10003910 f i umodsys_lib_lib3d:umodsys.mod.3d.stdlib.obj
 0001:00002910       ?ref_add@RVisualSceneMapper_Direct@stdlib@lib3d@modules@UModSys@@UBEXXZ 10003910 f i umodsys_lib_lib3d:umodsys.mod.3d.stdlib.obj
 0001:00002910       ?ref_add@RSerializeWriter@serialize_json@media@modules@UModSys@@UBEXXZ 10003910 f i umodsys_lib_libmedia:umodsys.mod.media.serialize_json.obj
 0001:00002920       ?ref_remove@RRenderer@stdlib@lib3d@modules@UModSys@@UBEXXZ 10003920 f i umodsys_lib_lib3d:umodsys.mod.3d.stdlib.obj
 0001:00002920       ?ref_remove@RSerializeWriter@serialize_json@media@modules@UModSys@@UBEXXZ 10003920 f i umodsys_lib_libmedia:umodsys.mod.media.serialize_json.obj
 0001:00002920       ?ref_remove@RVisualSceneMapper_Direct@stdlib@lib3d@modules@UModSys@@UBEXXZ 10003920 f i umodsys_lib_lib3d:umodsys.mod.3d.stdlib.obj
 0001:00002930       ?ref_links@RSerializeWriter@serialize_json@media@modules@UModSys@@UBEHXZ 10003930 f i umodsys_lib_libmedia:umodsys.mod.media.serialize_json.obj
 0001:00002930       ?ref_links@RRenderer@stdlib@lib3d@modules@UModSys@@UBEHXZ 10003930 f i umodsys_lib_lib3d:umodsys.mod.3d.stdlib.obj
 0001:00002930       ?ref_links@RVisualSceneMapper_Direct@stdlib@lib3d@modules@UModSys@@UBEHXZ 10003930 f i umodsys_lib_lib3d:umodsys.mod.3d.stdlib.obj
 0001:00002940       ?root_get_interface_info@RGeneral@object_primitive@stdlib@lib3d@modules@UModSys@@UBEABUSUniquePointerInfo@core@6@XZ 10003940 f i umodsys_lib_lib3d:umodsys.mod.3d.stdlib.obj
 0001:00002950       ?root_get_interface_type@RGeneral@object_primitive@stdlib@lib3d@modules@UModSys@@UBEPBUSUniquePointerInfo@core@6@XZ 10003950 f i umodsys_lib_lib3d:umodsys.mod.3d.stdlib.obj
 0001:00002960       ?root_get_other_interface@RGeneral@object_primitive@stdlib@lib3d@modules@UModSys@@UAEPAUIRoot@core@6@PBUSUniquePointerInfo@86@@Z 10003960 f i umodsys_lib_lib3d:umodsys.mod.3d.stdlib.obj
 0001:00002960       ?root_get_other_interface@RGeneral@object_primitive@stdlib@lib3d@modules@UModSys@@UBEPBUIRoot@core@6@PBUSUniquePointerInfo@86@@Z 10003960 f i umodsys_lib_lib3d:umodsys.mod.3d.stdlib.obj
 0001:00002990       ?root_is_interface_supported@RGeneral@object_primitive@stdlib@lib3d@modules@UModSys@@UBE_NPBUSUniquePointerInfo@core@6@@Z 10003990 f i umodsys_lib_lib3d:umodsys.mod.3d.stdlib.obj
 0001:000029d0       ?suicide@RTerminal@SDL_GL@ui@modules@UModSys@@UAEXXZ 100039d0 f i umodsys_lib_libui:umodsys.mod.ui.SDL_GL.obj
 0001:000029d0       ?suicide@RImage_Memory@stdlib@lib2d@modules@UModSys@@UAEXXZ 100039d0 f i umodsys_lib_lib2d:umodsys.mod.2d.stdlib.obj
 0001:000029d0       ?suicide@RImageFactory_Memory@stdlib@lib2d@modules@UModSys@@UAEXXZ 100039d0 f i umodsys_lib_lib2d:umodsys.mod.2d.stdlib.obj
 0001:000029d0       ?suicide@RSerializeReader@serialize_json@media@modules@UModSys@@UAEXXZ 100039d0 f i umodsys_lib_libmedia:umodsys.mod.media.serialize_json.obj
 0001:000029d0       ?suicide@RBinArchiveFrameClient_ZIP@zlib@media@modules@UModSys@@UAEXXZ 100039d0 f i umodsys_lib_libmedia:umodsys.mod.media.zlib.obj
 0001:000029d0       ?suicide@RGeneral@object_primitive@stdlib@lib3d@modules@UModSys@@UAEXXZ 100039d0 f i umodsys_lib_lib3d:umodsys.mod.3d.stdlib.obj
 0001:000029d0       ?suicide@RTerminal@SDL_core@ui@modules@UModSys@@UAEXXZ 100039d0 f i umodsys_lib_libui:umodsys.mod.ui.SDL_core.obj
 0001:000029d0       ?suicide@RMultiImage@stdlib@lib2d@modules@UModSys@@UAEXXZ 100039d0 f i umodsys_lib_lib2d:umodsys.mod.2d.stdlib.obj
 0001:000029d0       ?suicide@RGeneral@object_camera@stdlib@lib3d@modules@UModSys@@UAEXXZ 100039d0 f i umodsys_lib_lib3d:umodsys.mod.3d.stdlib.obj
 0001:000029d0       ?suicide@RVisualizerScene@stdlib@lib3d@modules@UModSys@@UAEXXZ 100039d0 f i umodsys_lib_lib3d:umodsys.mod.3d.stdlib.obj
 0001:000029e0       ?root_get_interface_info@RRender@object_primitive@stdlib@lib3d@modules@UModSys@@UBEABUSUniquePointerInfo@core@6@XZ 100039e0 f i umodsys_lib_lib3d:umodsys.mod.3d.stdlib.obj
 0001:000029f0       ?root_get_interface_type@RRender@object_primitive@stdlib@lib3d@modules@UModSys@@UBEPBUSUniquePointerInfo@core@6@XZ 100039f0 f i umodsys_lib_lib3d:umodsys.mod.3d.stdlib.obj
 0001:00002a00       ?root_get_other_interface@RRender@object_primitive@stdlib@lib3d@modules@UModSys@@UAEPAUIRoot@core@6@PBUSUniquePointerInfo@86@@Z 10003a00 f i umodsys_lib_lib3d:umodsys.mod.3d.stdlib.obj
 0001:00002a00       ?root_get_other_interface@RRender@object_primitive@stdlib@lib3d@modules@UModSys@@UBEPBUIRoot@core@6@PBUSUniquePointerInfo@86@@Z 10003a00 f i umodsys_lib_lib3d:umodsys.mod.3d.stdlib.obj
 0001:00002a40       ?root_is_interface_supported@RRender@object_primitive@stdlib@lib3d@modules@UModSys@@UBE_NPBUSUniquePointerInfo@core@6@@Z 10003a40 f i umodsys_lib_lib3d:umodsys.mod.3d.stdlib.obj
 0001:00002a80       ?ref_weak@RCollector@frames@ui@modules@UModSys@@UBE_NAAUWeakPointer@IRefObject@core@5@@Z 10003a80 f i umodsys_lib_libui:umodsys.mod.ui.frames.obj
 0001:00002a80       ?ref_weak@RRender@object_primitive@stdlib@lib3d@modules@UModSys@@UBE_NAAUWeakPointer@IRefObject@core@6@@Z 10003a80 f i umodsys_lib_lib3d:umodsys.mod.3d.stdlib.obj
 0001:00002aa0       ?suicide@RRender@object_primitive@stdlib@lib3d@modules@UModSys@@UAEXXZ 10003aa0 f i umodsys_lib_lib3d:umodsys.mod.3d.stdlib.obj
 0001:00002ab0       ?root_get_interface_info@RVisual@object_primitive@stdlib@lib3d@modules@UModSys@@UBEABUSUniquePointerInfo@core@6@XZ 10003ab0 f i umodsys_lib_lib3d:umodsys.mod.3d.stdlib.obj
 0001:00002ac0       ?root_get_interface_type@RVisual@object_primitive@stdlib@lib3d@modules@UModSys@@UBEPBUSUniquePointerInfo@core@6@XZ 10003ac0 f i umodsys_lib_lib3d:umodsys.mod.3d.stdlib.obj
 0001:00002ad0       ?root_get_other_interface@RVisual@object_primitive@stdlib@lib3d@modules@UModSys@@UAEPAUIRoot@core@6@PBUSUniquePointerInfo@86@@Z 10003ad0 f i umodsys_lib_lib3d:umodsys.mod.3d.stdlib.obj
 0001:00002ad0       ?root_get_other_interface@RVisual@object_primitive@stdlib@lib3d@modules@UModSys@@UBEPBUIRoot@core@6@PBUSUniquePointerInfo@86@@Z 10003ad0 f i umodsys_lib_lib3d:umodsys.mod.3d.stdlib.obj
 0001:00002b10       ?root_is_interface_supported@RVisual@object_primitive@stdlib@lib3d@modules@UModSys@@UBE_NPBUSUniquePointerInfo@core@6@@Z 10003b10 f i umodsys_lib_lib3d:umodsys.mod.3d.stdlib.obj
 0001:00002b50       ?ref_weak@RVisual@object_camera@stdlib@lib3d@modules@UModSys@@UBE_NAAUWeakPointer@IRefObject@core@6@@Z 10003b50 f i umodsys_lib_lib3d:umodsys.mod.3d.stdlib.obj
 0001:00002b50       ?ref_weak@RVisual@object_primitive@stdlib@lib3d@modules@UModSys@@UBE_NAAUWeakPointer@IRefObject@core@6@@Z 10003b50 f i umodsys_lib_lib3d:umodsys.mod.3d.stdlib.obj
 0001:00002b80       ?root_get_interface_info@RGeneral@object_camera@stdlib@lib3d@modules@UModSys@@UBEABUSUniquePointerInfo@core@6@XZ 10003b80 f i umodsys_lib_lib3d:umodsys.mod.3d.stdlib.obj
 0001:00002b90       ?root_get_interface_type@RGeneral@object_camera@stdlib@lib3d@modules@UModSys@@UBEPBUSUniquePointerInfo@core@6@XZ 10003b90 f i umodsys_lib_lib3d:umodsys.mod.3d.stdlib.obj
 0001:00002ba0       ?root_get_other_interface@RGeneral@object_camera@stdlib@lib3d@modules@UModSys@@UBEPBUIRoot@core@6@PBUSUniquePointerInfo@86@@Z 10003ba0 f i umodsys_lib_lib3d:umodsys.mod.3d.stdlib.obj
 0001:00002ba0       ?root_get_other_interface@RGeneral@object_camera@stdlib@lib3d@modules@UModSys@@UAEPAUIRoot@core@6@PBUSUniquePointerInfo@86@@Z 10003ba0 f i umodsys_lib_lib3d:umodsys.mod.3d.stdlib.obj
 0001:00002bd0       ?root_is_interface_supported@RGeneral@object_camera@stdlib@lib3d@modules@UModSys@@UBE_NPBUSUniquePointerInfo@core@6@@Z 10003bd0 f i umodsys_lib_lib3d:umodsys.mod.3d.stdlib.obj
 0001:00002c10       ?root_get_interface_info@RVisual@object_camera@stdlib@lib3d@modules@UModSys@@UBEABUSUniquePointerInfo@core@6@XZ 10003c10 f i umodsys_lib_lib3d:umodsys.mod.3d.stdlib.obj
 0001:00002c20       ?root_get_interface_type@RVisual@object_camera@stdlib@lib3d@modules@UModSys@@UBEPBUSUniquePointerInfo@core@6@XZ 10003c20 f i umodsys_lib_lib3d:umodsys.mod.3d.stdlib.obj
 0001:00002c30       ?root_get_other_interface@RVisual@object_camera@stdlib@lib3d@modules@UModSys@@UBEPBUIRoot@core@6@PBUSUniquePointerInfo@86@@Z 10003c30 f i umodsys_lib_lib3d:umodsys.mod.3d.stdlib.obj
 0001:00002c30       ?root_get_other_interface@RVisual@object_camera@stdlib@lib3d@modules@UModSys@@UAEPAUIRoot@core@6@PBUSUniquePointerInfo@86@@Z 10003c30 f i umodsys_lib_lib3d:umodsys.mod.3d.stdlib.obj
 0001:00002c70       ?root_is_interface_supported@RVisual@object_camera@stdlib@lib3d@modules@UModSys@@UBE_NPBUSUniquePointerInfo@core@6@@Z 10003c70 f i umodsys_lib_lib3d:umodsys.mod.3d.stdlib.obj
 0001:00002cb0       ?ref_add@RVisual@object_camera@stdlib@lib3d@modules@UModSys@@UBEXXZ 10003cb0 f i umodsys_lib_lib3d:umodsys.mod.3d.stdlib.obj
 0001:00002cb0       ?ref_add@RVisual@object_primitive@stdlib@lib3d@modules@UModSys@@UBEXXZ 10003cb0 f i umodsys_lib_lib3d:umodsys.mod.3d.stdlib.obj
 0001:00002cc0       ?ref_remove@RVisual@object_camera@stdlib@lib3d@modules@UModSys@@UBEXXZ 10003cc0 f i umodsys_lib_lib3d:umodsys.mod.3d.stdlib.obj
 0001:00002cc0       ?ref_remove@RVisual@object_primitive@stdlib@lib3d@modules@UModSys@@UBEXXZ 10003cc0 f i umodsys_lib_lib3d:umodsys.mod.3d.stdlib.obj
 0001:00002ce0       ?ref_links@RVisual@object_camera@stdlib@lib3d@modules@UModSys@@UBEHXZ 10003ce0 f i umodsys_lib_lib3d:umodsys.mod.3d.stdlib.obj
 0001:00002ce0       ?ref_links@RVisual@object_primitive@stdlib@lib3d@modules@UModSys@@UBEHXZ 10003ce0 f i umodsys_lib_lib3d:umodsys.mod.3d.stdlib.obj
 0001:00002cf0       ?suicide@RVisual@object_primitive@stdlib@lib3d@modules@UModSys@@UAEXXZ 10003cf0 f i umodsys_lib_lib3d:umodsys.mod.3d.stdlib.obj
 0001:00002cf0       ?suicide@RVisual@object_camera@stdlib@lib3d@modules@UModSys@@UAEXXZ 10003cf0 f i umodsys_lib_lib3d:umodsys.mod.3d.stdlib.obj
 0001:00002d00       ?get_generated_names@RGenerator@stdlib@lib3d@modules@UModSys@@UBEHAAUSUniquePtrList@core@5@@Z 10003d00 f i umodsys_lib_lib3d:umodsys.mod.3d.stdlib.obj
 0001:00002d50       ?get_generated_types@RGenerator@stdlib@lib3d@modules@UModSys@@UBEHAAUSUniquePtrList@core@5@PBUSUniquePointerInfo@75@@Z 10003d50 f i umodsys_lib_lib3d:umodsys.mod.3d.stdlib.obj
 0001:00002e70       ?generate@RGenerator@stdlib@lib3d@modules@UModSys@@UAE_NAAU?$TRefObject@UIRefObject@core@UModSys@@U?$TRefObjectFunc@UIRefObject@core@UModSys@@@tl@3@@tl@5@PBUSUniquePointerInfo@core@5@ABUSParameters@95@@Z 10003e70 f i umodsys_lib_lib3d:umodsys.mod.3d.stdlib.obj
 0001:00002f00       ?root_get_interface_info@RGenerator@stdlib@lib3d@modules@UModSys@@UBEABUSUniquePointerInfo@core@5@XZ 10003f00 f i umodsys_lib_lib3d:umodsys.mod.3d.stdlib.obj
 0001:00002f10       ?root_get_interface_type@RGenerator@stdlib@lib3d@modules@UModSys@@UBEPBUSUniquePointerInfo@core@5@XZ 10003f10 f i umodsys_lib_lib3d:umodsys.mod.3d.stdlib.obj
 0001:00002f20       ?root_get_other_interface@RGenerator@stdlib@lib3d@modules@UModSys@@UAEPAUIRoot@core@5@PBUSUniquePointerInfo@75@@Z 10003f20 f i umodsys_lib_lib3d:umodsys.mod.3d.stdlib.obj
 0001:00002f20       ?root_get_other_interface@RGenerator@stdlib@lib3d@modules@UModSys@@UBEPBUIRoot@core@5@PBUSUniquePointerInfo@75@@Z 10003f20 f i umodsys_lib_lib3d:umodsys.mod.3d.stdlib.obj
 0001:00002f60       ?root_is_interface_supported@RGenerator@stdlib@lib3d@modules@UModSys@@UBE_NPBUSUniquePointerInfo@core@5@@Z 10003f60 f i umodsys_lib_lib3d:umodsys.mod.3d.stdlib.obj
 0001:00002fa0       ?get_uid@RGenerator@stdlib@lib3d@modules@UModSys@@UBEPBUSUniquePointerInfo@core@5@XZ 10003fa0 f i umodsys_lib_lib3d:umodsys.mod.3d.stdlib.obj
 0001:00002fb0       ??_GRRenderer@stdlib@lib3d@modules@UModSys@@UAEPAXI@Z 10003fb0 f i umodsys_lib_lib3d:umodsys.mod.3d.stdlib.obj
 0001:00002fb0       ??_ERRenderer@stdlib@lib3d@modules@UModSys@@UAEPAXI@Z 10003fb0 f i  CIL library: CIL module
 0001:00002fd0       ??0Scene@IVisualizerScene@lib3d@UModSys@@QAE@ABU0123@@Z 10003fd0 f i umodsys_lib_lib3d:umodsys.mod.3d.stdlib.obj
 0001:00003030       ??_GRVisualizerScene@stdlib@lib3d@modules@UModSys@@UAEPAXI@Z 10004030 f i umodsys_lib_lib3d:umodsys.mod.3d.stdlib.obj
 0001:00003030       ??_ERVisualizerScene@stdlib@lib3d@modules@UModSys@@UAEPAXI@Z 10004030 f i  CIL library: CIL module
 0001:00003050       ??_ERVisualSceneMapper_Direct@stdlib@lib3d@modules@UModSys@@UAEPAXI@Z 10004050 f i  CIL library: CIL module
 0001:00003050       ??_GRVisualSceneMapper_Direct@stdlib@lib3d@modules@UModSys@@UAEPAXI@Z 10004050 f i umodsys_lib_lib3d:umodsys.mod.3d.stdlib.obj
 0001:00003070       ??1IVisualSceneMapper@lib3d@UModSys@@UAE@XZ 10004070 f i umodsys_lib_lib3d:umodsys.mod.3d.stdlib.obj
 0001:00003070       ??1IFrame@libui@UModSys@@UAE@XZ 10004070 f i umodsys_lib_libui:umodsys.mod.ui.frames.obj
 0001:00003070       ??1IImageFactory@lib2d@UModSys@@UAE@XZ 10004070 f i umodsys_lib_lib2d:umodsys.mod.2d.stdlib.obj
 0001:00003070       ??1IMouseController@libui@UModSys@@UAE@XZ 10004070 f i umodsys_lib_libui:umodsys.mod.ui.SDL_GL.obj
 0001:00003070       ??1IKeyboardController@libui@UModSys@@UAE@XZ 10004070 f i umodsys_lib_libui:umodsys.mod.ui.SDL_GL.obj
 0001:00003070       ??1IMultiImage@lib2d@UModSys@@UAE@XZ 10004070 f i umodsys_lib_lib2d:umodsys.mod.2d.stdlib.obj
 0001:00003070       ??1ICollector@libui@UModSys@@UAE@XZ 10004070 f i umodsys_lib_libui:umodsys.mod.ui.frames.obj
 0001:00003070       ??1ISerializeReader@libmedia@UModSys@@UAE@XZ 10004070 f i umodsys_lib_libmedia:umodsys.mod.media.serialize_json.obj
 0001:00003070       ??1IRenderer@lib3d@UModSys@@UAE@XZ 10004070 f i umodsys_lib_lib3d:umodsys.mod.3d.stdlib.obj
 0001:00003070       ??1IVertexArray@lib3d@UModSys@@UAE@XZ 10004070 f i umodsys_lib_libui:umodsys.mod.ui.SDL_GL.obj
 0001:00003070       ??1ITerminal@libui@UModSys@@UAE@XZ 10004070 f i umodsys_lib_libui:umodsys.mod.ui.SDL_GL.obj
 0001:00003070       ??1IRenderDriver@lib2d@UModSys@@UAE@XZ 10004070 f i umodsys_lib_libui:umodsys.mod.ui.SDL_GL.obj
 0001:00003070       ??1IDialog@libui@UModSys@@UAE@XZ 10004070 f i umodsys_lib_libui:umodsys.mod.ui.frames.obj
 0001:00003070       ??1IVisualizerScene@lib3d@UModSys@@UAE@XZ 10004070 f i umodsys_lib_lib3d:umodsys.mod.3d.stdlib.obj
 0001:00003070       ??1ISerializeWriter@libmedia@UModSys@@UAE@XZ 10004070 f i umodsys_lib_libmedia:umodsys.mod.media.serialize_json.obj
 0001:00003070       ??1IGeneralObject@lib3d@UModSys@@UAE@XZ 10004070 f i umodsys_lib_lib3d:umodsys.mod.3d.stdlib.obj
 0001:00003070       ??1IClient@IBinArchiveFrame@libmedia@UModSys@@UAE@XZ 10004070 f i umodsys_lib_libmedia:umodsys.mod.media.zlib.obj
 0001:00003070       ??1IShell@base@UModSys@@UAE@XZ 10004070 f i plugin_test1.obj
 0001:00003070       ??1IImage@lib2d@UModSys@@UAE@XZ 10004070 f i umodsys_lib_lib2d:umodsys.mod.2d.stdlib.obj
 0001:00003070       ??1IRenderDriver@lib3d@UModSys@@UAE@XZ 10004070 f i umodsys_lib_libui:umodsys.mod.ui.SDL_GL.obj
 0001:00003080       ??_ERGeneral@object_camera@stdlib@lib3d@modules@UModSys@@UAEPAXI@Z 10004080 f i  CIL library: CIL module
 0001:00003080       ??_GRGeneral@object_camera@stdlib@lib3d@modules@UModSys@@UAEPAXI@Z 10004080 f i umodsys_lib_lib3d:umodsys.mod.3d.stdlib.obj
 0001:000030a0       ??_GRVisual@object_camera@stdlib@lib3d@modules@UModSys@@UAEPAXI@Z 100040a0 f i umodsys_lib_lib3d:umodsys.mod.3d.stdlib.obj
 0001:000030a0       ??_ERVisual@object_camera@stdlib@lib3d@modules@UModSys@@UAEPAXI@Z 100040a0 f i  CIL library: CIL module
 0001:000030c0       ??_ERGeneral@object_primitive@stdlib@lib3d@modules@UModSys@@UAEPAXI@Z 100040c0 f i  CIL library: CIL module
 0001:000030c0       ??_GRGeneral@object_primitive@stdlib@lib3d@modules@UModSys@@UAEPAXI@Z 100040c0 f i umodsys_lib_lib3d:umodsys.mod.3d.stdlib.obj
 0001:000030e0       ??_GRRender@object_primitive@stdlib@lib3d@modules@UModSys@@UAEPAXI@Z 100040e0 f i umodsys_lib_lib3d:umodsys.mod.3d.stdlib.obj
 0001:000030e0       ??_ERRender@object_primitive@stdlib@lib3d@modules@UModSys@@UAEPAXI@Z 100040e0 f i  CIL library: CIL module
 0001:00003100       ??1IRenderObject_Brush@lib3d@UModSys@@UAE@XZ 10004100 f i umodsys_lib_lib3d:umodsys.mod.3d.stdlib.obj
 0001:00003150       ??_GRVisual@object_primitive@stdlib@lib3d@modules@UModSys@@UAEPAXI@Z 10004150 f i umodsys_lib_lib3d:umodsys.mod.3d.stdlib.obj
 0001:00003150       ??_ERVisual@object_primitive@stdlib@lib3d@modules@UModSys@@UAEPAXI@Z 10004150 f i  CIL library: CIL module
 0001:00003170       ??1IVisualObject_Camera@lib3d@UModSys@@UAE@XZ 10004170 f i umodsys_lib_lib3d:umodsys.mod.3d.stdlib.obj
 0001:00003170       ??1IBinObjFilter@libmedia@UModSys@@UAE@XZ 10004170 f i plugin_test1.obj
 0001:00003170       ??1IVisualObject_Brush@lib3d@UModSys@@UAE@XZ 10004170 f i umodsys_lib_lib3d:umodsys.mod.3d.stdlib.obj
 0001:000031c0       ?do_open@RModuleReg@stdlib@lib3d@modules@UModSys@@UAE_NXZ 100041c0 f i umodsys_lib_lib3d:umodsys.mod.3d.stdlib.obj
 0001:000031d0       ?do_close@RModuleReg@stdlib@lib3d@modules@UModSys@@UAE_NXZ 100041d0 f i umodsys_lib_lib3d:umodsys.mod.3d.stdlib.obj
 0001:000031e0       ??_ERModuleReg@stdlib@lib3d@modules@UModSys@@UAEPAXI@Z 100041e0 f i  CIL library: CIL module
 0001:000031e0       ??_GRModuleReg@stdlib@lib3d@modules@UModSys@@UAEPAXI@Z 100041e0 f i umodsys_lib_lib3d:umodsys.mod.3d.stdlib.obj
 0001:00003210       ?normalized@?$TVector3@N@math3d@UModSys@@QBE?AU123@XZ 10004210 f i umodsys_lib_lib3d:umodsys.mod.3d.stdlib.obj
 0001:00003270       ?from_3pr@?$TPlane3@N@math3d@UModSys@@QAEXABU?$TVector3@N@23@00@Z 10004270 f i umodsys_lib_lib3d:umodsys.mod.3d.stdlib.obj
 0001:000032e0       ??1?$TRStackSocket@PAUIVisualObject@lib3d@UModSys@@U?$TDynarrayDynamic@PAUIVisualObject@lib3d@UModSys@@U?$TAllocator@USIMemAlloc@core@UModSys@@USCountCalcPower2@23@@tl@3@@tl@3@@tl@UModSys@@QAE@XZ 100042e0 f i umodsys_lib_lib3d:umodsys.mod.3d.stdlib.obj
 0001:000032f0       ?isempty@?$TRStackSocket@PAUIVisualObject@lib3d@UModSys@@U?$TDynarrayDynamic@PAUIVisualObject@lib3d@UModSys@@U?$TAllocator@USIMemAlloc@core@UModSys@@USCountCalcPower2@23@@tl@3@@tl@3@@tl@UModSys@@UBE_NXZ 100042f0 f i umodsys_lib_lib3d:umodsys.mod.3d.stdlib.obj
 0001:00003300       ?isfull@?$TRStackSocket@PAUIVisualObject@lib3d@UModSys@@U?$TDynarrayDynamic@PAUIVisualObject@lib3d@UModSys@@U?$TAllocator@USIMemAlloc@core@UModSys@@USCountCalcPower2@23@@tl@3@@tl@3@@tl@UModSys@@UBE_NXZ 10004300 f i umodsys_lib_lib3d:umodsys.mod.3d.stdlib.obj
 0001:00003310       ?push@?$TRStackSocket@PAUIVisualObject@lib3d@UModSys@@U?$TDynarrayDynamic@PAUIVisualObject@lib3d@UModSys@@U?$TAllocator@USIMemAlloc@core@UModSys@@USCountCalcPower2@23@@tl@3@@tl@3@@tl@UModSys@@UAE_NABQAUIVisualObject@lib3d@3@@Z 10004310 f i umodsys_lib_lib3d:umodsys.mod.3d.stdlib.obj
 0001:00003350       ?pop@?$TRStackSocket@PAUIVisualObject@lib3d@UModSys@@U?$TDynarrayDynamic@PAUIVisualObject@lib3d@UModSys@@U?$TAllocator@USIMemAlloc@core@UModSys@@USCountCalcPower2@23@@tl@3@@tl@3@@tl@UModSys@@UAE_NAAPAUIVisualObject@lib3d@3@@Z 10004350 f i umodsys_lib_lib3d:umodsys.mod.3d.stdlib.obj
 0001:00003380       ?Free@?$TDynarray@U?$TDynarrayHolderDynamic@PAUIVisualObject@lib3d@UModSys@@U?$TAllocator@USIMemAlloc@core@UModSys@@USCountCalcPower2@23@@tl@3@@tl@UModSys@@@tl@UModSys@@QAE_NXZ 10004380 f i umodsys_lib_lib3d:umodsys.mod.3d.stdlib.obj
 0001:000033e0       ?ResizeRel@?$TDynarray@U?$TDynarrayHolderDynamic@UScene@IVisualizerScene@lib3d@UModSys@@U?$TAllocator@USIMemAlloc@core@UModSys@@USCountCalcPower2@23@@tl@4@@tl@UModSys@@@tl@UModSys@@QAE_NH@Z 100043e0 f i umodsys_lib_lib3d:umodsys.mod.3d.stdlib.obj
 0001:00003460       ?RemoveAt@?$TDynarray@U?$TDynarrayHolderDynamic@UScene@IVisualizerScene@lib3d@UModSys@@U?$TAllocator@USIMemAlloc@core@UModSys@@USCountCalcPower2@23@@tl@4@@tl@UModSys@@@tl@UModSys@@QAE_NII@Z 10004460 f i umodsys_lib_lib3d:umodsys.mod.3d.stdlib.obj
 0001:000034b0       ?obj_delete@?$TRefObjectLinksParent@URDialog@frames@ui@modules@UModSys@@URCollector@2345@@tl@UModSys@@QBEXPAURDialog@frames@ui@modules@3@@Z 100044b0 f i umodsys_lib_libui:umodsys.mod.ui.frames.obj
 0001:000034b0       ?obj_delete@?$TRefObjectLinksParent@URFrame_Button@frames@ui@modules@UModSys@@URCollector@2345@@tl@UModSys@@QBEXPAURFrame_Button@frames@ui@modules@3@@Z 100044b0 f i umodsys_lib_libui:umodsys.mod.ui.frames.obj
 0001:000034b0       ?obj_delete@?$TRefObjectLinksParent@URMultiImage2D_SDL_ttf@SDL_GL@ui@modules@UModSys@@URRenderDriver3D@2345@@tl@UModSys@@QBEXPAURMultiImage2D_SDL_ttf@SDL_GL@ui@modules@3@@Z 100044b0 f i umodsys_lib_libui:umodsys.mod.ui.SDL_GL.obj
 0001:000034b0       ?obj_delete@?$TRefObjectLinksParent@URVertexArray@SDL_GL@ui@modules@UModSys@@URRenderDriver3D@2345@@tl@UModSys@@QBEXPAURVertexArray@SDL_GL@ui@modules@3@@Z 100044b0 f i umodsys_lib_libui:umodsys.mod.ui.SDL_GL.obj
 0001:000034b0       ?obj_delete@?$TRefObjectLinksParent@URRender@object_primitive@stdlib@lib3d@modules@UModSys@@URGeneral@23456@@tl@UModSys@@QBEXPAURRender@object_primitive@stdlib@lib3d@modules@3@@Z 100044b0 f i umodsys_lib_lib3d:umodsys.mod.3d.stdlib.obj
 0001:000034b0       ?obj_delete@?$TRefObjectLinksParent@URFrame_Text@frames@ui@modules@UModSys@@URCollector@2345@@tl@UModSys@@QBEXPAURFrame_Text@frames@ui@modules@3@@Z 100044b0 f i umodsys_lib_libui:umodsys.mod.ui.frames.obj
 0001:000034b0       ?obj_delete@?$TRefObjectLinksParent@URFrame_Image@frames@ui@modules@UModSys@@URCollector@2345@@tl@UModSys@@QBEXPAURFrame_Image@frames@ui@modules@3@@Z 100044b0 f i umodsys_lib_libui:umodsys.mod.ui.frames.obj
 0001:000034b0       ?obj_delete@?$TRefObjectLinksParent@URVisual@object_primitive@stdlib@lib3d@modules@UModSys@@URRender@23456@@tl@UModSys@@QBEXPAURVisual@object_primitive@stdlib@lib3d@modules@3@@Z 100044b0 f i umodsys_lib_lib3d:umodsys.mod.3d.stdlib.obj
 0001:000034b0       ?obj_delete@?$TRefObjectLinksParent@URFrame_List@frames@ui@modules@UModSys@@URCollector@2345@@tl@UModSys@@QBEXPAURFrame_List@frames@ui@modules@3@@Z 100044b0 f i umodsys_lib_libui:umodsys.mod.ui.frames.obj
 0001:000034b0       ?obj_delete@?$TRefObjectLinksParent@URFrame_Frame@frames@ui@modules@UModSys@@URCollector@2345@@tl@UModSys@@QBEXPAURFrame_Frame@frames@ui@modules@3@@Z 100044b0 f i umodsys_lib_libui:umodsys.mod.ui.frames.obj
 0001:000034b0       ?obj_delete@?$TRefObjectLinksParent@URVisual@object_camera@stdlib@lib3d@modules@UModSys@@URGeneral@23456@@tl@UModSys@@QBEXPAURVisual@object_camera@stdlib@lib3d@modules@3@@Z 100044b0 f i umodsys_lib_lib3d:umodsys.mod.3d.stdlib.obj
 0001:000034b0       ?obj_delete@?$TRefObjectLinksParent@URFrame_Edit@frames@ui@modules@UModSys@@URCollector@2345@@tl@UModSys@@QBEXPAURFrame_Edit@frames@ui@modules@3@@Z 100044b0 f i umodsys_lib_libui:umodsys.mod.ui.frames.obj
 0001:000034b0       ?obj_delete@?$TRefObjectLinksParent@URMultiImage2D_SDL_ttf@SDL_core@ui@modules@UModSys@@URRenderDriver2D@2345@@tl@UModSys@@QBEXPAURMultiImage2D_SDL_ttf@SDL_core@ui@modules@3@@Z 100044b0 f i umodsys_lib_libui:umodsys.mod.ui.SDL_core.obj
 0001:00003520       ??$t_types@URGeneral@object_camera@stdlib@lib3d@modules@UModSys@@@IGenerator@base@UModSys@@KA_NAAHAAUSUniquePtrList@core@2@PBUSUniquePointerInfo@42@@Z 10004520 f i umodsys_lib_lib3d:umodsys.mod.3d.stdlib.obj
 0001:00003560       ??$t_types@URGeneral@object_primitive@stdlib@lib3d@modules@UModSys@@@IGenerator@base@UModSys@@KA_NAAHAAUSUniquePtrList@core@2@PBUSUniquePointerInfo@42@@Z 10004560 f i umodsys_lib_lib3d:umodsys.mod.3d.stdlib.obj
 0001:000035a0       ??$t_gen_param@URRenderer@stdlib@lib3d@modules@UModSys@@URGenerator@2345@@IGenerator@base@UModSys@@IAE_NPAURGenerator@stdlib@lib3d@modules@2@AAU?$TRefObject@UIRefObject@core@UModSys@@U?$TRefObjectFunc@UIRefObject@core@UModSys@@@tl@3@@tl@2@PBUSUniquePointerInfo@core@2@ABUSParameters@core@2@@Z 100045a0 f i umodsys_lib_lib3d:umodsys.mod.3d.stdlib.obj
 0001:00003610       ??$t_gen_param@URVisualizerScene@stdlib@lib3d@modules@UModSys@@URGenerator@2345@@IGenerator@base@UModSys@@IAE_NPAURGenerator@stdlib@lib3d@modules@2@AAU?$TRefObject@UIRefObject@core@UModSys@@U?$TRefObjectFunc@UIRefObject@core@UModSys@@@tl@3@@tl@2@PBUSUniquePointerInfo@core@2@ABUSParameters@core@2@@Z 10004610 f i umodsys_lib_lib3d:umodsys.mod.3d.stdlib.obj
 0001:00003680       ??$t_gen_param@URVisualSceneMapper_Direct@stdlib@lib3d@modules@UModSys@@URGenerator@2345@@IGenerator@base@UModSys@@IAE_NPAURGenerator@stdlib@lib3d@modules@2@AAU?$TRefObject@UIRefObject@core@UModSys@@U?$TRefObjectFunc@UIRefObject@core@UModSys@@@tl@3@@tl@2@PBUSUniquePointerInfo@core@2@ABUSParameters@core@2@@Z 10004680 f i umodsys_lib_lib3d:umodsys.mod.3d.stdlib.obj
 0001:00003700       ??$t_gen_param@URGeneral@object_camera@stdlib@lib3d@modules@UModSys@@URGenerator@3456@@IGenerator@base@UModSys@@IAE_NPAURGenerator@stdlib@lib3d@modules@2@AAU?$TRefObject@UIRefObject@core@UModSys@@U?$TRefObjectFunc@UIRefObject@core@UModSys@@@tl@3@@tl@2@PBUSUniquePointerInfo@core@2@ABUSParameters@core@2@@Z 10004700 f i umodsys_lib_lib3d:umodsys.mod.3d.stdlib.obj
 0001:00003780       ??$t_gen_param@URGeneral@object_primitive@stdlib@lib3d@modules@UModSys@@URGenerator@3456@@IGenerator@base@UModSys@@IAE_NPAURGenerator@stdlib@lib3d@modules@2@AAU?$TRefObject@UIRefObject@core@UModSys@@U?$TRefObjectFunc@UIRefObject@core@UModSys@@@tl@3@@tl@2@PBUSUniquePointerInfo@core@2@ABUSParameters@core@2@@Z 10004780 f i umodsys_lib_lib3d:umodsys.mod.3d.stdlib.obj
 0001:00003800       ?amoveleft@?$TTypeConstructor@UScene@IVisualizerScene@lib3d@UModSys@@@tl@UModSys@@SAXPAUScene@IVisualizerScene@lib3d@3@III@Z 10004800 f i umodsys_lib_lib3d:umodsys.mod.3d.stdlib.obj
 0001:000038c0       ??1?$TRefObject@URVisualizerScene@stdlib@lib3d@modules@UModSys@@U?$TRefObjectFunc@URVisualizerScene@stdlib@lib3d@modules@UModSys@@@tl@5@@tl@UModSys@@QAE@XZ 100048c0 f i umodsys_lib_lib3d:umodsys.mod.3d.stdlib.obj
 0001:000038c0       ??1?$TRefObject@UIVisualizerScene@lib3d@UModSys@@U?$TRefObjectFunc@UIVisualizerScene@lib3d@UModSys@@@tl@3@@tl@UModSys@@QAE@XZ 100048c0 f i plugin_test1.obj
 0001:000038c0       ??1?$TRefObject@URMultiImage2D_SDL_ttf@SDL_core@ui@modules@UModSys@@U?$TRefObjectFunc@URMultiImage2D_SDL_ttf@SDL_core@ui@modules@UModSys@@@tl@5@@tl@UModSys@@QAE@XZ 100048c0 f i umodsys_lib_libui:umodsys.mod.ui.SDL_core.obj
 0001:000038c0       ??1?$TRefObject@URRenderer@stdlib@lib3d@modules@UModSys@@U?$TRefObjectFunc@URRenderer@stdlib@lib3d@modules@UModSys@@@tl@5@@tl@UModSys@@QAE@XZ 100048c0 f i umodsys_lib_lib3d:umodsys.mod.3d.stdlib.obj
 0001:000038c0       ??1?$TRefObject@UIVisualObject@lib3d@UModSys@@U?$TRefObjectFunc@UIVisualObject@lib3d@UModSys@@@tl@3@@tl@UModSys@@QAE@XZ 100048c0 f i plugin_test1.obj
 0001:000038c0       ??1?$TRefObject@URSerializeReader@serialize_json@media@modules@UModSys@@U?$TRefObjectFunc@URSerializeReader@serialize_json@media@modules@UModSys@@@tl@5@@tl@UModSys@@QAE@XZ 100048c0 f i umodsys_lib_libmedia:umodsys.mod.media.serialize_json.obj
 0001:000038c0       ??1?$TRefObject@UITerminal@libui@UModSys@@U?$TRefObjectFunc@UITerminal@libui@UModSys@@@tl@3@@tl@UModSys@@QAE@XZ 100048c0 f i plugin_test1.obj
 0001:000038c0       ??1?$TRefObject@UIRenderDriver@lib2d@UModSys@@U?$TRefObjectFunc@UIRenderDriver@lib2d@UModSys@@@tl@3@@tl@UModSys@@QAE@XZ 100048c0 f i plugin_test1.obj
 0001:000038c0       ??1?$TRefObject@URRenderDriver3D@SDL_GL@ui@modules@UModSys@@U?$TRefObjectFunc@URRenderDriver3D@SDL_GL@ui@modules@UModSys@@@tl@5@@tl@UModSys@@QAE@XZ 100048c0 f i umodsys_lib_libui:umodsys.mod.ui.SDL_GL.obj
 0001:000038c0       ??1?$TRefObject@URRenderDriver2D@SDL_core@ui@modules@UModSys@@U?$TRefObjectFunc@URRenderDriver2D@SDL_core@ui@modules@UModSys@@@tl@5@@tl@UModSys@@QAE@XZ 100048c0 f i umodsys_lib_libui:umodsys.mod.ui.SDL_core.obj
 0001:000038c0       ??1?$TRefObject@URDialog@frames@ui@modules@UModSys@@U?$TRefObjectFunc@URDialog@frames@ui@modules@UModSys@@@tl@5@@tl@UModSys@@QAE@XZ 100048c0 f i umodsys_lib_libui:umodsys.mod.ui.frames.obj
 0001:000038c0       ??1?$TRefObject@URImage_Memory@stdlib@lib2d@modules@UModSys@@U?$TRefObjectFunc@URImage_Memory@stdlib@lib2d@modules@UModSys@@@tl@5@@tl@UModSys@@QAE@XZ 100048c0 f i umodsys_lib_lib2d:umodsys.mod.2d.stdlib.obj
 0001:000038c0       ??1?$TRefObject@UIMultiImage@lib2d@UModSys@@U?$TRefObjectFunc@UIMultiImage@lib2d@UModSys@@@tl@3@@tl@UModSys@@QAE@XZ 100048c0 f i plugin_test1.obj
 0001:000038c0       ??1?$TRefObject@UIGeneralObject@lib3d@UModSys@@U?$TRefObjectFunc@UIGeneralObject@lib3d@UModSys@@@tl@3@@tl@UModSys@@QAE@XZ 100048c0 f i plugin_test1.obj
 0001:000038c0       ??1?$TRefObject@UIKeyboardController@libui@UModSys@@U?$TRefObjectFunc@UIKeyboardController@libui@UModSys@@@tl@3@@tl@UModSys@@QAE@XZ 100048c0 f i plugin_test1.obj
 0001:000038c0       ??1?$TRefObject@UIStreamReader@libmedia@UModSys@@U?$TRefObjectFunc@UIStreamReader@libmedia@UModSys@@@tl@3@@tl@UModSys@@QAE@XZ 100048c0 f i plugin_test1.obj
 0001:000038c0       ??1?$TRefObject@UIRenderDriver@lib3d@UModSys@@U?$TRefObjectFunc@UIRenderDriver@lib3d@UModSys@@@tl@3@@tl@UModSys@@QAE@XZ 100048c0 f i plugin_test1.obj
 0001:000038c0       ??1?$TRefObject@URRender@object_primitive@stdlib@lib3d@modules@UModSys@@U?$TRefObjectFunc@URRender@object_primitive@stdlib@lib3d@modules@UModSys@@@tl@6@@tl@UModSys@@QAE@XZ 100048c0 f i umodsys_lib_lib3d:umodsys.mod.3d.stdlib.obj
 0001:000038c0       ??1?$TRefObject@UIImageFactory@lib2d@UModSys@@U?$TRefObjectFunc@UIImageFactory@lib2d@UModSys@@@tl@3@@tl@UModSys@@QAE@XZ 100048c0 f i plugin_test1.obj
 0001:000038c0       ??1?$TRefObject@URImageFactory_Memory@stdlib@lib2d@modules@UModSys@@U?$TRefObjectFunc@URImageFactory_Memory@stdlib@lib2d@modules@UModSys@@@tl@5@@tl@UModSys@@QAE@XZ 100048c0 f i umodsys_lib_lib2d:umodsys.mod.2d.stdlib.obj
 0001:000038c0       ??1?$TRefObject@URGeneral@object_camera@stdlib@lib3d@modules@UModSys@@U?$TRefObjectFunc@URGeneral@object_camera@stdlib@lib3d@modules@UModSys@@@tl@6@@tl@UModSys@@QAE@XZ 100048c0 f i umodsys_lib_lib3d:umodsys.mod.3d.stdlib.obj
 0001:000038c0       ??1?$TRefObject@URTerminalX@SDL_core@ui@modules@UModSys@@U?$TRefObjectFunc@URTerminalX@SDL_core@ui@modules@UModSys@@@tl@5@@tl@UModSys@@QAE@XZ 100048c0 f i umodsys_lib_libui:umodsys.mod.ui.SDL_core.obj
 0001:000038c0       ??1?$TRefObject@URMultiImage@stdlib@lib2d@modules@UModSys@@U?$TRefObjectFunc@URMultiImage@stdlib@lib2d@modules@UModSys@@@tl@5@@tl@UModSys@@QAE@XZ 100048c0 f i umodsys_lib_lib2d:umodsys.mod.2d.stdlib.obj
 0001:000038c0       ??1?$TRefObject@URVertexArray@SDL_GL@ui@modules@UModSys@@U?$TRefObjectFunc@URVertexArray@SDL_GL@ui@modules@UModSys@@@tl@5@@tl@UModSys@@QAE@XZ 100048c0 f i umodsys_lib_libui:umodsys.mod.ui.SDL_GL.obj
 0001:000038c0       ??1?$TRefObject@UIMouseController@libui@UModSys@@U?$TRefObjectFunc@UIMouseController@libui@UModSys@@@tl@3@@tl@UModSys@@QAE@XZ 100048c0 f i plugin_test1.obj
 0001:000038c0       ??1?$TRefObject@UIUtilities@libmedia@UModSys@@U?$TRefObjectFunc@UIUtilities@libmedia@UModSys@@@tl@3@@tl@UModSys@@QAE@XZ 100048c0 f i plugin_test1.obj
 0001:000038c0       ??1?$TRefObject@UIRenderObject@lib3d@UModSys@@U?$TRefObjectFunc@UIRenderObject@lib3d@UModSys@@@tl@3@@tl@UModSys@@QAE@XZ 100048c0 f i plugin_test1.obj
 0001:000038c0       ??1?$TRefObject@URMediaFilter@images_std@media@modules@UModSys@@U?$TRefObjectFunc@URMediaFilter@images_std@media@modules@UModSys@@@tl@5@@tl@UModSys@@QAE@XZ 100048c0 f i umodsys_lib_libmedia:umodsys.mod.media.images_std.obj
 0001:000038c0       ??1?$TRefObject@UIScene@lib3d@UModSys@@U?$TRefObjectFunc@UIScene@lib3d@UModSys@@@tl@3@@tl@UModSys@@QAE@XZ 100048c0 f i umodsys_lib_lib3d:umodsys.mod.3d.stdlib.obj
 0001:000038c0       ??1?$TRefObject@UICollector@libui@UModSys@@U?$TRefObjectFunc@UICollector@libui@UModSys@@@tl@3@@tl@UModSys@@QAE@XZ 100048c0 f i plugin_test1.obj
 0001:000038c0       ??1?$TRefObject@UIVisualObject_Camera@lib3d@UModSys@@U?$TRefObjectFunc@UIVisualObject_Camera@lib3d@UModSys@@@tl@3@@tl@UModSys@@QAE@XZ 100048c0 f i plugin_test1.obj
 0001:000038c0       ??1?$TRefObject@UIRenderer@lib3d@UModSys@@U?$TRefObjectFunc@UIRenderer@lib3d@UModSys@@@tl@3@@tl@UModSys@@QAE@XZ 100048c0 f i plugin_test1.obj
 0001:000038c0       ??1?$TRefObject@URFrame_Common@frames@ui@modules@UModSys@@U?$TRefObjectFunc@URFrame_Common@frames@ui@modules@UModSys@@@tl@5@@tl@UModSys@@QAE@XZ 100048c0 f i umodsys_lib_libui:umodsys.mod.ui.frames.obj
 0001:000038c0       ??1?$TRefObject@URGeneral@object_primitive@stdlib@lib3d@modules@UModSys@@U?$TRefObjectFunc@URGeneral@object_primitive@stdlib@lib3d@modules@UModSys@@@tl@6@@tl@UModSys@@QAE@XZ 100048c0 f i umodsys_lib_lib3d:umodsys.mod.3d.stdlib.obj
 0001:000038c0       ??1?$TRefObject@UIVertexArray@lib3d@UModSys@@U?$TRefObjectFunc@UIVertexArray@lib3d@UModSys@@@tl@3@@tl@UModSys@@QAE@XZ 100048c0 f i plugin_test1.obj
 0001:000038c0       ??1?$TRefObject@URSerializeWriter@serialize_json@media@modules@UModSys@@U?$TRefObjectFunc@URSerializeWriter@serialize_json@media@modules@UModSys@@@tl@5@@tl@UModSys@@QAE@XZ 100048c0 f i umodsys_lib_libmedia:umodsys.mod.media.serialize_json.obj
 0001:000038c0       ??1?$TRefObject@URMultiImage2D_SDL_ttf@SDL_GL@ui@modules@UModSys@@U?$TRefObjectFunc@URMultiImage2D_SDL_ttf@SDL_GL@ui@modules@UModSys@@@tl@5@@tl@UModSys@@QAE@XZ 100048c0 f i umodsys_lib_libui:umodsys.mod.ui.SDL_GL.obj
 0001:000038c0       ??1?$TRefObject@UIRefObject@core@UModSys@@U?$TRefObjectFunc@UIRefObject@core@UModSys@@@tl@3@@tl@UModSys@@QAE@XZ 100048c0 f i plugin_test1.obj
 0001:000038c0       ??1?$TRefObject@URBinArchiveFrameClient_ZIP@zlib@media@modules@UModSys@@U?$TRefObjectFunc@URBinArchiveFrameClient_ZIP@zlib@media@modules@UModSys@@@tl@5@@tl@UModSys@@QAE@XZ 100048c0 f i umodsys_lib_libmedia:umodsys.mod.media.zlib.obj
 0001:000038c0       ??1?$TRefObject@UIStreamWriter@libmedia@UModSys@@U?$TRefObjectFunc@UIStreamWriter@libmedia@UModSys@@@tl@3@@tl@UModSys@@QAE@XZ 100048c0 f i plugin_test1.obj
 0001:000038c0       ??1?$TRefObject@UIFrame@libui@UModSys@@U?$TRefObjectFunc@UIFrame@libui@UModSys@@@tl@3@@tl@UModSys@@QAE@XZ 100048c0 f i umodsys_lib_libui:umodsys.mod.ui.frames.obj
 0001:000038c0       ??1?$TRefObject@UIImage@lib2d@UModSys@@U?$TRefObjectFunc@UIImage@lib2d@UModSys@@@tl@3@@tl@UModSys@@QAE@XZ 100048c0 f i plugin_test1.obj
 0001:000038c0       ??1?$TRefObject@URVisualSceneMapper_Direct@stdlib@lib3d@modules@UModSys@@U?$TRefObjectFunc@URVisualSceneMapper_Direct@stdlib@lib3d@modules@UModSys@@@tl@5@@tl@UModSys@@QAE@XZ 100048c0 f i umodsys_lib_lib3d:umodsys.mod.3d.stdlib.obj
 0001:000038c0       ??1?$TRefObject@URCollector@frames@ui@modules@UModSys@@U?$TRefObjectFunc@URCollector@frames@ui@modules@UModSys@@@tl@5@@tl@UModSys@@QAE@XZ 100048c0 f i umodsys_lib_libui:umodsys.mod.ui.frames.obj
 0001:000038c0       ??1?$TRefObject@URTerminalX@SDL_GL@ui@modules@UModSys@@U?$TRefObjectFunc@URTerminalX@SDL_GL@ui@modules@UModSys@@@tl@5@@tl@UModSys@@QAE@XZ 100048c0 f i umodsys_lib_libui:umodsys.mod.ui.SDL_GL.obj
 0001:000038e0       ?aconstructcopy@?$TTypeConstructor@UScene@IVisualizerScene@lib3d@UModSys@@@tl@UModSys@@SAXPAUScene@IVisualizerScene@lib3d@3@IABU4563@@Z 100048e0 f i umodsys_lib_lib3d:umodsys.mod.3d.stdlib.obj
 0001:00003940       ?adestruct@?$TTypeConstructor@UScene@IVisualizerScene@lib3d@UModSys@@@tl@UModSys@@SAXPAUScene@IVisualizerScene@lib3d@3@I@Z 10004940 f i umodsys_lib_lib3d:umodsys.mod.3d.stdlib.obj
 0001:000039c0       ??$process_nodes_r@U?$TNodeDeleter0@U?$TScatterArrayNode@U?$TRefObject@UIVisualObject@lib3d@UModSys@@U?$TRefObjectFunc@UIVisualObject@lib3d@UModSys@@@tl@3@@tl@UModSys@@PBUISceneNode@lib3d@3@@tl@UModSys@@@tl@UModSys@@@?$TTreeHoldRB@U?$TScatterArrayNode@U?$TRefObject@UIVisualObject@lib3d@UModSys@@U?$TRefObjectFunc@UIVisualObject@lib3d@UModSys@@@tl@3@@tl@UModSys@@PBUISceneNode@lib3d@3@@tl@UModSys@@@tl@UModSys@@KAHPAU?$TScatterArrayNode@U?$TRefObject@UIVisualObject@lib3d@UModSys@@U?$TRefObjectFunc@UIVisualObject@lib3d@UModSys@@@tl@3@@tl@UModSys@@PBUISceneNode@lib3d@3@@12@ABU?$TNodeDeleter0@U?$TScatterArrayNode@U?$TRefObject@UIVisualObject@lib3d@UModSys@@U?$TRefObjectFunc@UIVisualObject@lib3d@UModSys@@@tl@3@@tl@UModSys@@PBUISceneNode@lib3d@3@@tl@UModSys@@@12@@Z 100049c0 f i umodsys_lib_lib3d:umodsys.mod.3d.stdlib.obj
 0001:00003a20       ?alloc@SMemShared@core@UModSys@@QAE_NIPAUSSourceContext@23@@Z 10004a20 f i umodsys_lib_lib2d:umodsys.mod.2d.stdlib.obj
 0001:00003a60       ?ConvertSameSize@stdlib@lib2d@modules@UModSys@@YA_NW4eImageType@24@ABU?$TVector2@H@math3d@4@11ABUSMem@core@4@11ABUSCMem@94@@Z 10004a60 f i umodsys_lib_lib2d:umodsys.mod.2d.stdlib.obj
 0001:00003af0       ?ConvertSame@stdlib@lib2d@modules@UModSys@@YA_NW4eImageType@24@ABU?$TBoundBox2@H@math3d@4@ABU?$TVector2@H@74@ABUSMem@core@4@12ABUSCMem@core@4@@Z 10004af0 f i umodsys_lib_lib2d:umodsys.mod.2d.stdlib.obj
 0001:00003b70       ?Convert@stdlib@lib2d@modules@UModSys@@YA_NABU?$TBoundBox2@H@math3d@4@ABUSImageInfo@24@ABUSMem@core@4@01ABUSCMem@94@@Z 10004b70 f i umodsys_lib_lib2d:umodsys.mod.2d.stdlib.obj
 0001:00003be0       ?root_get_interface_info@RImage_Memory@stdlib@lib2d@modules@UModSys@@UBEABUSUniquePointerInfo@core@5@XZ 10004be0 f i umodsys_lib_lib2d:umodsys.mod.2d.stdlib.obj
 0001:00003bf0       ?root_get_interface_type@RImage_Memory@stdlib@lib2d@modules@UModSys@@UBEPBUSUniquePointerInfo@core@5@XZ 10004bf0 f i umodsys_lib_lib2d:umodsys.mod.2d.stdlib.obj
 0001:00003c00       ?root_get_other_interface@RImage_Memory@stdlib@lib2d@modules@UModSys@@UBEPBUIRoot@core@5@PBUSUniquePointerInfo@75@@Z 10004c00 f i umodsys_lib_lib2d:umodsys.mod.2d.stdlib.obj
 0001:00003c00       ?root_get_other_interface@RImage_Memory@stdlib@lib2d@modules@UModSys@@UAEPAUIRoot@core@5@PBUSUniquePointerInfo@75@@Z 10004c00 f i umodsys_lib_lib2d:umodsys.mod.2d.stdlib.obj
 0001:00003c30       ?root_is_interface_supported@RImage_Memory@stdlib@lib2d@modules@UModSys@@UBE_NPBUSUniquePointerInfo@core@5@@Z 10004c30 f i umodsys_lib_lib2d:umodsys.mod.2d.stdlib.obj
 0001:00003c70       ?root_get_interface_info@RImageFactory_Memory@stdlib@lib2d@modules@UModSys@@UBEABUSUniquePointerInfo@core@5@XZ 10004c70 f i umodsys_lib_lib2d:umodsys.mod.2d.stdlib.obj
 0001:00003c80       ?root_get_interface_type@RImageFactory_Memory@stdlib@lib2d@modules@UModSys@@UBEPBUSUniquePointerInfo@core@5@XZ 10004c80 f i umodsys_lib_lib2d:umodsys.mod.2d.stdlib.obj
 0001:00003c90       ?root_get_other_interface@RImageFactory_Memory@stdlib@lib2d@modules@UModSys@@UAEPAUIRoot@core@5@PBUSUniquePointerInfo@75@@Z 10004c90 f i umodsys_lib_lib2d:umodsys.mod.2d.stdlib.obj
 0001:00003c90       ?root_get_other_interface@RImageFactory_Memory@stdlib@lib2d@modules@UModSys@@UBEPBUIRoot@core@5@PBUSUniquePointerInfo@75@@Z 10004c90 f i umodsys_lib_lib2d:umodsys.mod.2d.stdlib.obj
 0001:00003cc0       ?root_is_interface_supported@RImageFactory_Memory@stdlib@lib2d@modules@UModSys@@UBE_NPBUSUniquePointerInfo@core@5@@Z 10004cc0 f i umodsys_lib_lib2d:umodsys.mod.2d.stdlib.obj
 0001:00003d00       ?root_get_interface_info@RMultiImage@stdlib@lib2d@modules@UModSys@@UBEABUSUniquePointerInfo@core@5@XZ 10004d00 f i umodsys_lib_lib2d:umodsys.mod.2d.stdlib.obj
 0001:00003d10       ?root_get_interface_type@RMultiImage@stdlib@lib2d@modules@UModSys@@UBEPBUSUniquePointerInfo@core@5@XZ 10004d10 f i umodsys_lib_lib2d:umodsys.mod.2d.stdlib.obj
 0001:00003d20       ?root_get_other_interface@RMultiImage@stdlib@lib2d@modules@UModSys@@UAEPAUIRoot@core@5@PBUSUniquePointerInfo@75@@Z 10004d20 f i umodsys_lib_lib2d:umodsys.mod.2d.stdlib.obj
 0001:00003d20       ?root_get_other_interface@RMultiImage@stdlib@lib2d@modules@UModSys@@UBEPBUIRoot@core@5@PBUSUniquePointerInfo@75@@Z 10004d20 f i umodsys_lib_lib2d:umodsys.mod.2d.stdlib.obj
 0001:00003d50       ?root_is_interface_supported@RMultiImage@stdlib@lib2d@modules@UModSys@@UBE_NPBUSUniquePointerInfo@core@5@@Z 10004d50 f i umodsys_lib_lib2d:umodsys.mod.2d.stdlib.obj
 0001:00003d90       ?get_generated_names@RGenerator@stdlib@lib2d@modules@UModSys@@UBEHAAUSUniquePtrList@core@5@@Z 10004d90 f i umodsys_lib_lib2d:umodsys.mod.2d.stdlib.obj
 0001:00003dd0       ?get_generated_types@RGenerator@stdlib@lib2d@modules@UModSys@@UBEHAAUSUniquePtrList@core@5@PBUSUniquePointerInfo@75@@Z 10004dd0 f i umodsys_lib_lib2d:umodsys.mod.2d.stdlib.obj
 0001:00003e50       ?generate@RGenerator@stdlib@lib2d@modules@UModSys@@UAE_NAAU?$TRefObject@UIRefObject@core@UModSys@@U?$TRefObjectFunc@UIRefObject@core@UModSys@@@tl@3@@tl@5@PBUSUniquePointerInfo@core@5@ABUSParameters@95@@Z 10004e50 f i umodsys_lib_lib2d:umodsys.mod.2d.stdlib.obj
 0001:00003eb0       ?root_get_interface_info@RGenerator@stdlib@lib2d@modules@UModSys@@UBEABUSUniquePointerInfo@core@5@XZ 10004eb0 f i umodsys_lib_lib2d:umodsys.mod.2d.stdlib.obj
 0001:00003ec0       ?root_get_interface_type@RGenerator@stdlib@lib2d@modules@UModSys@@UBEPBUSUniquePointerInfo@core@5@XZ 10004ec0 f i umodsys_lib_lib2d:umodsys.mod.2d.stdlib.obj
 0001:00003ed0       ?root_get_other_interface@RGenerator@stdlib@lib2d@modules@UModSys@@UAEPAUIRoot@core@5@PBUSUniquePointerInfo@75@@Z 10004ed0 f i umodsys_lib_lib2d:umodsys.mod.2d.stdlib.obj
 0001:00003ed0       ?root_get_other_interface@RGenerator@stdlib@lib2d@modules@UModSys@@UBEPBUIRoot@core@5@PBUSUniquePointerInfo@75@@Z 10004ed0 f i umodsys_lib_lib2d:umodsys.mod.2d.stdlib.obj
 0001:00003f10       ?root_is_interface_supported@RGenerator@stdlib@lib2d@modules@UModSys@@UBE_NPBUSUniquePointerInfo@core@5@@Z 10004f10 f i umodsys_lib_lib2d:umodsys.mod.2d.stdlib.obj
 0001:00003f50       ?ref_weak@RMultiImage2D_SDL_ttf@SDL_GL@ui@modules@UModSys@@UBE_NAAUWeakPointer@IRefObject@core@5@@Z 10004f50 f i umodsys_lib_libui:umodsys.mod.ui.SDL_GL.obj
 0001:00003f50       ?ref_weak@RMultiImage@stdlib@lib2d@modules@UModSys@@UBE_NAAUWeakPointer@IRefObject@core@5@@Z 10004f50 f i umodsys_lib_lib2d:umodsys.mod.2d.stdlib.obj
 0001:00003f50       ?ref_weak@RTerminal@SDL_core@ui@modules@UModSys@@UBE_NAAUWeakPointer@IRefObject@core@5@@Z 10004f50 f i umodsys_lib_libui:umodsys.mod.ui.SDL_core.obj
 0001:00003f50       ?ref_weak@RGeneral@object_primitive@stdlib@lib3d@modules@UModSys@@UBE_NAAUWeakPointer@IRefObject@core@6@@Z 10004f50 f i umodsys_lib_lib3d:umodsys.mod.3d.stdlib.obj
 0001:00003f50       ?ref_weak@RVisualizerScene@stdlib@lib3d@modules@UModSys@@UBE_NAAUWeakPointer@IRefObject@core@5@@Z 10004f50 f i umodsys_lib_lib3d:umodsys.mod.3d.stdlib.obj
 0001:00003f50       ?ref_weak@RMultiImage2D_SDL_ttf@SDL_core@ui@modules@UModSys@@UBE_NAAUWeakPointer@IRefObject@core@5@@Z 10004f50 f i umodsys_lib_libui:umodsys.mod.ui.SDL_core.obj
 0001:00003f50       ?ref_weak@RGenerator@stdlib@lib3d@modules@UModSys@@UBE_NAAUWeakPointer@IRefObject@core@5@@Z 10004f50 f i umodsys_lib_lib3d:umodsys.mod.3d.stdlib.obj
 0001:00003f50       ?ref_weak@RGenerator@images_std@media@modules@UModSys@@UBE_NAAUWeakPointer@IRefObject@core@5@@Z 10004f50 f i umodsys_lib_libmedia:umodsys.mod.media.images_std.obj
 0001:00003f50       ?ref_weak@RGeneral@object_camera@stdlib@lib3d@modules@UModSys@@UBE_NAAUWeakPointer@IRefObject@core@6@@Z 10004f50 f i umodsys_lib_lib3d:umodsys.mod.3d.stdlib.obj
 0001:00003f50       ?ref_weak@RImageFactory_Memory@stdlib@lib2d@modules@UModSys@@UBE_NAAUWeakPointer@IRefObject@core@5@@Z 10004f50 f i umodsys_lib_lib2d:umodsys.mod.2d.stdlib.obj
 0001:00003f50       ?ref_weak@RGenerator@zlib@media@modules@UModSys@@UBE_NAAUWeakPointer@IRefObject@core@5@@Z 10004f50 f i umodsys_lib_libmedia:umodsys.mod.media.zlib.obj
 0001:00003f50       ?ref_weak@RDialog@frames@ui@modules@UModSys@@UBE_NAAUWeakPointer@IRefObject@core@5@@Z 10004f50 f i umodsys_lib_libui:umodsys.mod.ui.frames.obj
 0001:00003f50       ?ref_weak@RImage_Memory@stdlib@lib2d@modules@UModSys@@UBE_NAAUWeakPointer@IRefObject@core@5@@Z 10004f50 f i umodsys_lib_lib2d:umodsys.mod.2d.stdlib.obj
 0001:00003f50       ?ref_weak@RVertexArray@SDL_GL@ui@modules@UModSys@@UBE_NAAUWeakPointer@IRefObject@core@5@@Z 10004f50 f i umodsys_lib_libui:umodsys.mod.ui.SDL_GL.obj
 0001:00003f50       ?ref_weak@RGenerator@test1@test@modules@UModSys@@UBE_NAAUWeakPointer@IRefObject@core@5@@Z 10004f50 f i plugin_test1.obj
 0001:00003f50       ?ref_weak@RGenerator@frames@ui@modules@UModSys@@UBE_NAAUWeakPointer@IRefObject@core@5@@Z 10004f50 f i umodsys_lib_libui:umodsys.mod.ui.frames.obj
 0001:00003f50       ?ref_weak@RGenerator@serialize_json@media@modules@UModSys@@UBE_NAAUWeakPointer@IRefObject@core@5@@Z 10004f50 f i umodsys_lib_libmedia:umodsys.mod.media.serialize_json.obj
 0001:00003f50       ?ref_weak@RTerminal@SDL_GL@ui@modules@UModSys@@UBE_NAAUWeakPointer@IRefObject@core@5@@Z 10004f50 f i umodsys_lib_libui:umodsys.mod.ui.SDL_GL.obj
 0001:00003f50       ?ref_weak@RGenerator@SDL_GL@ui@modules@UModSys@@UBE_NAAUWeakPointer@IRefObject@core@5@@Z 10004f50 f i umodsys_lib_libui:umodsys.mod.ui.SDL_GL.obj
 0001:00003f50       ?ref_weak@RSerializeReader@serialize_json@media@modules@UModSys@@UBE_NAAUWeakPointer@IRefObject@core@5@@Z 10004f50 f i umodsys_lib_libmedia:umodsys.mod.media.serialize_json.obj
 0001:00003f50       ?ref_weak@RGenerator@SDL_core@ui@modules@UModSys@@UBE_NAAUWeakPointer@IRefObject@core@5@@Z 10004f50 f i umodsys_lib_libui:umodsys.mod.ui.SDL_core.obj
 0001:00003f50       ?ref_weak@RBinArchiveFrameClient_ZIP@zlib@media@modules@UModSys@@UBE_NAAUWeakPointer@IRefObject@core@5@@Z 10004f50 f i umodsys_lib_libmedia:umodsys.mod.media.zlib.obj
 0001:00003f50       ?ref_weak@RGenerator@stdlib@lib2d@modules@UModSys@@UBE_NAAUWeakPointer@IRefObject@core@5@@Z 10004f50 f i umodsys_lib_lib2d:umodsys.mod.2d.stdlib.obj
 0001:00003f70       ?get_uid@RGenerator@stdlib@lib2d@modules@UModSys@@UBEPBUSUniquePointerInfo@core@5@XZ 10004f70 f i umodsys_lib_lib2d:umodsys.mod.2d.stdlib.obj
 0001:00003f80       ??1State@RImage_Memory@stdlib@lib2d@modules@UModSys@@QAE@XZ 10004f80 f i umodsys_lib_lib2d:umodsys.mod.2d.stdlib.obj
 0001:00003f80       ??1SMemShared@core@UModSys@@QAE@XZ 10004f80 f i plugin_test1.obj
 0001:00003f80       ??1SCMemShared@core@UModSys@@QAE@XZ 10004f80 f i plugin_test1.obj
 0001:00003fa0       ??4State@RImage_Memory@stdlib@lib2d@modules@UModSys@@QAEAAU012345@ABU012345@@Z 10004fa0 f i umodsys_lib_lib2d:umodsys.mod.2d.stdlib.obj
 0001:00004050       ??_ERImage_Memory@stdlib@lib2d@modules@UModSys@@UAEPAXI@Z 10005050 f i  CIL library: CIL module
 0001:00004050       ??_GRImage_Memory@stdlib@lib2d@modules@UModSys@@UAEPAXI@Z 10005050 f i umodsys_lib_lib2d:umodsys.mod.2d.stdlib.obj
 0001:00004070       ??1?$TParametersA@$0BAL@@core@UModSys@@QAE@XZ 10005070 f i umodsys_lib_lib2d:umodsys.mod.2d.stdlib.obj
 0001:00004070       ??1?$TParametersA@$0BAA@@core@UModSys@@QAE@XZ 10005070 f i umodsys_lib_libui:umodsys.mod.ui.SDL_core.obj
 0001:00004070       ??1?$TParametersA@$0EAA@@core@UModSys@@QAE@XZ 10005070 f i plugin_test1.obj
 0001:00004070       ??1SParameters@core@UModSys@@QAE@XZ 10005070 f i plugin_test1.obj
 0001:00004080       ??_ERImageFactory_Memory@stdlib@lib2d@modules@UModSys@@UAEPAXI@Z 10005080 f i  CIL library: CIL module
 0001:00004080       ??_GRImageFactory_Memory@stdlib@lib2d@modules@UModSys@@UAEPAXI@Z 10005080 f i umodsys_lib_lib2d:umodsys.mod.2d.stdlib.obj
 0001:000040a0       ??_GRMultiImage@stdlib@lib2d@modules@UModSys@@UAEPAXI@Z 100050a0 f i umodsys_lib_lib2d:umodsys.mod.2d.stdlib.obj
 0001:000040a0       ??_ERMultiImage@stdlib@lib2d@modules@UModSys@@UAEPAXI@Z 100050a0 f i  CIL library: CIL module
 0001:000040c0       ?do_open@RModuleReg@stdlib@lib2d@modules@UModSys@@UAE_NXZ 100050c0 f i umodsys_lib_lib2d:umodsys.mod.2d.stdlib.obj
 0001:000040d0       ?do_close@RModuleReg@stdlib@lib2d@modules@UModSys@@UAE_NXZ 100050d0 f i umodsys_lib_lib2d:umodsys.mod.2d.stdlib.obj
 0001:000040e0       ??_ERModuleReg@stdlib@lib2d@modules@UModSys@@UAEPAXI@Z 100050e0 f i  CIL library: CIL module
 0001:000040e0       ??_GRModuleReg@stdlib@lib2d@modules@UModSys@@UAEPAXI@Z 100050e0 f i umodsys_lib_lib2d:umodsys.mod.2d.stdlib.obj
 0001:00004110       ??1?$TDynarrayDynamic@USImageCellInfo@lib2d@UModSys@@U?$TAllocator@USIMemAlloc@core@UModSys@@USCountCalcPower2@23@@tl@3@@tl@UModSys@@QAE@XZ 10005110 f i umodsys_lib_lib2d:umodsys.mod.2d.stdlib.obj
 0001:00004140       ??1?$TDynarrayDynamic@U?$TRefObject@UIImage@lib2d@UModSys@@U?$TRefObjectFunc@UIImage@lib2d@UModSys@@@tl@3@@tl@UModSys@@U?$TAllocator@USIMemAlloc@core@UModSys@@USCountCalcPower2@23@@23@@tl@UModSys@@QAE@XZ 10005140 f i umodsys_lib_lib2d:umodsys.mod.2d.stdlib.obj
 0001:00004190       ?Free@?$TDynarray@U?$TDynarrayHolderDynamic@USImageCellInfo@lib2d@UModSys@@U?$TAllocator@USIMemAlloc@core@UModSys@@USCountCalcPower2@23@@tl@3@@tl@UModSys@@@tl@UModSys@@QAE_NXZ 10005190 f i umodsys_lib_lib2d:umodsys.mod.2d.stdlib.obj
 0001:000041f0       ?ResizeRel@?$TDynarray@U?$TDynarrayHolderDynamic@U?$TRefObject@UIImage@lib2d@UModSys@@U?$TRefObjectFunc@UIImage@lib2d@UModSys@@@tl@3@@tl@UModSys@@U?$TAllocator@USIMemAlloc@core@UModSys@@USCountCalcPower2@23@@23@@tl@UModSys@@@tl@UModSys@@QAE_NH@Z 100051f0 f i umodsys_lib_lib2d:umodsys.mod.2d.stdlib.obj
 0001:00004260       ??$t_gen_param@URImage_Memory@stdlib@lib2d@modules@UModSys@@URGenerator@2345@@IGenerator@base@UModSys@@IAE_NPAURGenerator@stdlib@lib2d@modules@2@AAU?$TRefObject@UIRefObject@core@UModSys@@U?$TRefObjectFunc@UIRefObject@core@UModSys@@@tl@3@@tl@2@PBUSUniquePointerInfo@core@2@ABUSParameters@core@2@@Z 10005260 f i umodsys_lib_lib2d:umodsys.mod.2d.stdlib.obj
 0001:000042d0       ??$t_gen_param@URImageFactory_Memory@stdlib@lib2d@modules@UModSys@@URGenerator@2345@@IGenerator@base@UModSys@@IAE_NPAURGenerator@stdlib@lib2d@modules@2@AAU?$TRefObject@UIRefObject@core@UModSys@@U?$TRefObjectFunc@UIRefObject@core@UModSys@@@tl@3@@tl@2@PBUSUniquePointerInfo@core@2@ABUSParameters@core@2@@Z 100052d0 f i umodsys_lib_lib2d:umodsys.mod.2d.stdlib.obj
 0001:00004350       ??$t_gen_param@URMultiImage@stdlib@lib2d@modules@UModSys@@URGenerator@2345@@IGenerator@base@UModSys@@IAE_NPAURGenerator@stdlib@lib2d@modules@2@AAU?$TRefObject@UIRefObject@core@UModSys@@U?$TRefObjectFunc@UIRefObject@core@UModSys@@@tl@3@@tl@2@PBUSUniquePointerInfo@core@2@ABUSParameters@core@2@@Z 10005350 f i umodsys_lib_lib2d:umodsys.mod.2d.stdlib.obj
 0001:000043d0       ?ReLink@?$TDynarray@U?$TDynarrayHolderDynamic@U?$TRefObject@UIImage@lib2d@UModSys@@U?$TRefObjectFunc@UIImage@lib2d@UModSys@@@tl@3@@tl@UModSys@@U?$TAllocator@USIMemAlloc@core@UModSys@@USCountCalcPower2@23@@23@@tl@UModSys@@@tl@UModSys@@IAE_NI@Z 100053d0 f i umodsys_lib_lib2d:umodsys.mod.2d.stdlib.obj
 0001:000043d0       ?ReLink@?$TDynarray@U?$TDynarrayHolderDynamic@U?$TRefObject@URFrame_Common@frames@ui@modules@UModSys@@U?$TRefObjectFunc@URFrame_Common@frames@ui@modules@UModSys@@@tl@5@@tl@UModSys@@U?$TAllocator@USIMemAlloc@core@UModSys@@USCountCalcPower2@23@@23@@tl@UModSys@@@tl@UModSys@@IAE_NI@Z 100053d0 f i umodsys_lib_libui:umodsys.mod.ui.frames.obj
 0001:000043d0       ?ReLink@?$TDynarray@U?$TDynarrayHolderDynamic@PAUIVisualObject@lib3d@UModSys@@U?$TAllocator@USIMemAlloc@core@UModSys@@USCountCalcPower2@23@@tl@3@@tl@UModSys@@@tl@UModSys@@IAE_NI@Z 100053d0 f i umodsys_lib_lib3d:umodsys.mod.3d.stdlib.obj
 0001:000043d0       ?ReLink@?$TDynarray@U?$TDynarrayHolderDynamic@U?$TRefObject@URDialog@frames@ui@modules@UModSys@@U?$TRefObjectFunc@URDialog@frames@ui@modules@UModSys@@@tl@5@@tl@UModSys@@U?$TAllocator@USIMemAlloc@core@UModSys@@USCountCalcPower2@23@@23@@tl@UModSys@@@tl@UModSys@@IAE_NI@Z 100053d0 f i umodsys_lib_libui:umodsys.mod.ui.frames.obj
 0001:00004420       ??$ValidateConstruction@UIRefObject@core@UModSys@@URGeneral@object_camera@stdlib@lib3d@modules@3@@core@UModSys@@YA_NAAU?$TRefObject@UIRefObject@core@UModSys@@U?$TRefObjectFunc@UIRefObject@core@UModSys@@@tl@3@@tl@1@PAURGeneral@object_camera@stdlib@lib3d@modules@1@@Z 10005420 f i umodsys_lib_lib3d:umodsys.mod.3d.stdlib.obj
 0001:00004420       ??$ValidateConstruction@UIRefObject@core@UModSys@@URRenderer@stdlib@lib3d@modules@3@@core@UModSys@@YA_NAAU?$TRefObject@UIRefObject@core@UModSys@@U?$TRefObjectFunc@UIRefObject@core@UModSys@@@tl@3@@tl@1@PAURRenderer@stdlib@lib3d@modules@1@@Z 10005420 f i umodsys_lib_lib3d:umodsys.mod.3d.stdlib.obj
 0001:00004420       ??$ValidateConstruction@UIRefObject@core@UModSys@@URImageFactory_Memory@stdlib@lib2d@modules@3@@core@UModSys@@YA_NAAU?$TRefObject@UIRefObject@core@UModSys@@U?$TRefObjectFunc@UIRefObject@core@UModSys@@@tl@3@@tl@1@PAURImageFactory_Memory@stdlib@lib2d@modules@1@@Z 10005420 f i umodsys_lib_lib2d:umodsys.mod.2d.stdlib.obj
 0001:00004420       ??$ValidateConstruction@UIImage@lib2d@UModSys@@URImage_Memory@stdlib@2modules@3@@core@UModSys@@YA_NAAU?$TRefObject@UIImage@lib2d@UModSys@@U?$TRefObjectFunc@UIImage@lib2d@UModSys@@@tl@3@@tl@1@PAURImage_Memory@stdlib@lib2d@modules@1@@Z 10005420 f i umodsys_lib_lib2d:umodsys.mod.2d.stdlib.obj
 0001:00004420       ??$ValidateConstruction@UIRefObject@core@UModSys@@URGeneral@object_primitive@stdlib@lib3d@modules@3@@core@UModSys@@YA_NAAU?$TRefObject@UIRefObject@core@UModSys@@U?$TRefObjectFunc@UIRefObject@core@UModSys@@@tl@3@@tl@1@PAURGeneral@object_primitive@stdlib@lib3d@modules@1@@Z 10005420 f i umodsys_lib_lib3d:umodsys.mod.3d.stdlib.obj
 0001:00004420       ??$ValidateConstruction@UIRefObject@core@UModSys@@URImage_Memory@stdlib@lib2d@modules@3@@core@UModSys@@YA_NAAU?$TRefObject@UIRefObject@core@UModSys@@U?$TRefObjectFunc@UIRefObject@core@UModSys@@@tl@3@@tl@1@PAURImage_Memory@stdlib@lib2d@modules@1@@Z 10005420 f i umodsys_lib_lib2d:umodsys.mod.2d.stdlib.obj
 0001:00004420       ??$ValidateConstruction@UIRefObject@core@UModSys@@URVisualizerScene@stdlib@lib3d@modules@3@@core@UModSys@@YA_NAAU?$TRefObject@UIRefObject@core@UModSys@@U?$TRefObjectFunc@UIRefObject@core@UModSys@@@tl@3@@tl@1@PAURVisualizerScene@stdlib@lib3d@modules@1@@Z 10005420 f i umodsys_lib_lib3d:umodsys.mod.3d.stdlib.obj
 0001:00004420       ??$ValidateConstruction@UIRefObject@core@UModSys@@URMediaFilter@images_std@media@modules@3@@core@UModSys@@YA_NAAU?$TRefObject@UIRefObject@core@UModSys@@U?$TRefObjectFunc@UIRefObject@core@UModSys@@@tl@3@@tl@1@PAURMediaFilter@images_std@media@modules@1@@Z 10005420 f i umodsys_lib_libmedia:umodsys.mod.media.images_std.obj
 0001:00004420       ??$ValidateConstruction@UIRefObject@core@UModSys@@URTerminalX@SDL_core@ui@modules@3@@core@UModSys@@YA_NAAU?$TRefObject@UIRefObject@core@UModSys@@U?$TRefObjectFunc@UIRefObject@core@UModSys@@@tl@3@@tl@1@PAURTerminalX@SDL_core@ui@modules@1@@Z 10005420 f i umodsys_lib_libui:umodsys.mod.ui.SDL_core.obj
 0001:00004420       ??$ValidateConstruction@UIRefObject@core@UModSys@@URVisualSceneMapper_Direct@stdlib@lib3d@modules@3@@core@UModSys@@YA_NAAU?$TRefObject@UIRefObject@core@UModSys@@U?$TRefObjectFunc@UIRefObject@core@UModSys@@@tl@3@@tl@1@PAURVisualSceneMapper_Direct@stdlib@lib3d@modules@1@@Z 10005420 f i umodsys_lib_lib3d:umodsys.mod.3d.stdlib.obj
 0001:00004420       ??$ValidateConstruction@UIRefObject@core@UModSys@@URTerminalX@SDL_GL@ui@modules@3@@core@UModSys@@YA_NAAU?$TRefObject@UIRefObject@core@UModSys@@U?$TRefObjectFunc@UIRefObject@core@UModSys@@@tl@3@@tl@1@PAURTerminalX@SDL_GL@ui@modules@1@@Z 10005420 f i umodsys_lib_libui:umodsys.mod.ui.SDL_GL.obj
 0001:000044a0       ??$ValidateConstruction@UIRefObject@core@UModSys@@URMultiImage@stdlib@lib2d@modules@3@@core@UModSys@@YA_NAAU?$TRefObject@UIRefObject@core@UModSys@@U?$TRefObjectFunc@UIRefObject@core@UModSys@@@tl@3@@tl@1@PAURMultiImage@stdlib@lib2d@modules@1@@Z 100054a0 f i umodsys_lib_lib2d:umodsys.mod.2d.stdlib.obj
 0001:00004530       ?set_stage@SGLFuncs@SDL_GL@ui@modules@UModSys@@QBEXH@Z 10005530 f i umodsys_lib_libui:umodsys.mod.ui.SDL_GL.obj
 0001:00004570       ?set_bound@SGLFuncs@SDL_GL@ui@modules@UModSys@@QBEXI@Z 10005570 f i umodsys_lib_libui:umodsys.mod.ui.SDL_GL.obj
 0001:000045a0       ?set_composite_all@SGLFuncsLegacy@SDL_GL@ui@modules@UModSys@@QBEXH@Z 100055a0 f i umodsys_lib_libui:umodsys.mod.ui.SDL_GL.obj
 0001:00004630       ?force@TextureInfo@SGLFuncs@SDL_GL@ui@modules@UModSys@@QBEXABU23456@@Z 10005630 f i umodsys_lib_libui:umodsys.mod.ui.SDL_GL.obj
 0001:00004690       ?set_minmag@TextureInfo@SGLFuncs@SDL_GL@ui@modules@UModSys@@QBEXABU23456@HH@Z 10005690 f i umodsys_lib_libui:umodsys.mod.ui.SDL_GL.obj
 0001:000046d0       ?set_wrap@TextureInfo@SGLFuncs@SDL_GL@ui@modules@UModSys@@QBEXABU23456@HH@Z 100056d0 f i umodsys_lib_libui:umodsys.mod.ui.SDL_GL.obj
 0001:00004710       ?crebind@STextureGL@SDL_GL@ui@modules@UModSys@@QAEX_N@Z 10005710 f i umodsys_lib_libui:umodsys.mod.ui.SDL_GL.obj
 0001:00004740       ?root_get_interface_info@RKeyboardController@SDL_GL@ui@modules@UModSys@@UBEABUSUniquePointerInfo@core@5@XZ 10005740 f i umodsys_lib_libui:umodsys.mod.ui.SDL_GL.obj
 0001:00004750       ?root_get_interface_type@RKeyboardController@SDL_GL@ui@modules@UModSys@@UBEPBUSUniquePointerInfo@core@5@XZ 10005750 f i umodsys_lib_libui:umodsys.mod.ui.SDL_GL.obj
 0001:00004760       ?root_get_other_interface@RKeyboardController@SDL_GL@ui@modules@UModSys@@UAEPAUIRoot@core@5@PBUSUniquePointerInfo@75@@Z 10005760 f i umodsys_lib_libui:umodsys.mod.ui.SDL_GL.obj
 0001:00004760       ?root_get_other_interface@RKeyboardController@SDL_GL@ui@modules@UModSys@@UBEPBUIRoot@core@5@PBUSUniquePointerInfo@75@@Z 10005760 f i umodsys_lib_libui:umodsys.mod.ui.SDL_GL.obj
 0001:00004790       ?root_is_interface_supported@RKeyboardController@SDL_GL@ui@modules@UModSys@@UBE_NPBUSUniquePointerInfo@core@5@@Z 10005790 f i umodsys_lib_libui:umodsys.mod.ui.SDL_GL.obj
 0001:000047d0       ?ref_links@RRenderDriver3D@SDL_GL@ui@modules@UModSys@@UBEHXZ 100057d0 f i umodsys_lib_libui:umodsys.mod.ui.SDL_GL.obj
 0001:000047d0       ?ref_links@RMouseController@SDL_GL@ui@modules@UModSys@@UBEHXZ 100057d0 f i umodsys_lib_libui:umodsys.mod.ui.SDL_GL.obj
 0001:000047d0       ?ref_links@RKeyboardController@SDL_GL@ui@modules@UModSys@@UBEHXZ 100057d0 f i umodsys_lib_libui:umodsys.mod.ui.SDL_GL.obj
 0001:000047d0       ?ref_links@RKeyboardController@SDL_core@ui@modules@UModSys@@UBEHXZ 100057d0 f i umodsys_lib_libui:umodsys.mod.ui.SDL_core.obj
 0001:000047d0       ?ref_links@RMouseController@SDL_core@ui@modules@UModSys@@UBEHXZ 100057d0 f i umodsys_lib_libui:umodsys.mod.ui.SDL_core.obj
 0001:000047d0       ?ref_links@RRenderDriver2D@SDL_core@ui@modules@UModSys@@UBEHXZ 100057d0 f i umodsys_lib_libui:umodsys.mod.ui.SDL_core.obj
 0001:000047e0       ?suicide@RRenderDriver3D@SDL_GL@ui@modules@UModSys@@UAEXXZ 100057e0 f i umodsys_lib_libui:umodsys.mod.ui.SDL_GL.obj
 0001:000047e0       ?suicide@RKeyboardController@SDL_GL@ui@modules@UModSys@@UAEXXZ 100057e0 f i umodsys_lib_libui:umodsys.mod.ui.SDL_GL.obj
 0001:000047e0       ?suicide@RMouseController@SDL_GL@ui@modules@UModSys@@UAEXXZ 100057e0 f i umodsys_lib_libui:umodsys.mod.ui.SDL_GL.obj
 0001:000047e0       ?suicide@RKeyboardController@SDL_core@ui@modules@UModSys@@UAEXXZ 100057e0 f i umodsys_lib_libui:umodsys.mod.ui.SDL_core.obj
 0001:000047e0       ?suicide@RMouseController@SDL_core@ui@modules@UModSys@@UAEXXZ 100057e0 f i umodsys_lib_libui:umodsys.mod.ui.SDL_core.obj
 0001:000047e0       ?suicide@RRenderDriver2D@SDL_core@ui@modules@UModSys@@UAEXXZ 100057e0 f i umodsys_lib_libui:umodsys.mod.ui.SDL_core.obj
[...]
 0001:0003c6d0       ??__F?s_id@?$TObjectUniqueID@UIConsoleHelper@base@UModSys@@@tl@UModSys@@2USUniquePointer@core@3@A@@YAXXZ 1003d6d0 f    CIL library: CIL module
 0001:0003c6e0       ??__F?s_id@?$TObjectUniqueID@UIConsoleExt@base@UModSys@@@tl@UModSys@@2USUniquePointer@core@3@A@@YAXXZ 1003d6e0 f    CIL library: CIL module
 0001:0003c6f0       ??__F?s_id@?$TObjectUniqueID@UISerializeWriter@libmedia@UModSys@@@tl@UModSys@@2USUniquePointer@core@3@A@@YAXXZ 1003d6f0 f    CIL library: CIL module
 0001:0003c700       ??__F?s_id@?$TObjectUniqueID@UISerializeReader@libmedia@UModSys@@@tl@UModSys@@2USUniquePointer@core@3@A@@YAXXZ 1003d700 f    CIL library: CIL module
 0001:0003c710       ??__F?s_id@?$TObjectUniqueID@UIClient@IBinArchiveFrame@libmedia@UModSys@@@tl@UModSys@@2USUniquePointer@core@3@A@@YAXXZ 1003d710 f    CIL library: CIL module
 0001:0003c720       ??__F?s_id@?$TObjectUniqueID@UIBinArchiveFrame@libmedia@UModSys@@@tl@UModSys@@2USUniquePointer@core@3@A@@YAXXZ 1003d720 f    CIL library: CIL module
 0001:0003c730       ??__F?s_id@?$TObjectUniqueID@UILibraryLayered@libmedia@UModSys@@@tl@UModSys@@2USUniquePointer@core@3@A@@YAXXZ 1003d730 f    CIL library: CIL module
 0001:0003c740       ??__F?s_id@?$TObjectUniqueID@UILibraryObjCache@libmedia@UModSys@@@tl@UModSys@@2USUniquePointer@core@3@A@@YAXXZ 1003d740 f    CIL library: CIL module
 0001:0003c750       ??__F?s_id@?$TObjectUniqueID@UILibraryObjFilter@libmedia@UModSys@@@tl@UModSys@@2USUniquePointer@core@3@A@@YAXXZ 1003d750 f    CIL library: CIL module
 0001:0003c760       ??__F?s_id@?$TObjectUniqueID@UILibraryBinCache@libmedia@UModSys@@@tl@UModSys@@2USUniquePointer@core@3@A@@YAXXZ 1003d760 f    CIL library: CIL module
 0001:0003c770       ??__F?s_id@?$TObjectUniqueID@UILibraryBinTree@libmedia@UModSys@@@tl@UModSys@@2USUniquePointer@core@3@A@@YAXXZ 1003d770 f    CIL library: CIL module
 0001:0003c780       ??__F?s_id@?$TObjectUniqueID@UILibrary@libmedia@UModSys@@@tl@UModSys@@2USUniquePointer@core@3@A@@YAXXZ 1003d780 f    CIL library: CIL module
 0001:0003c790       ??__F?s_id@?$TObjectUniqueID@UIBinObjFilter@libmedia@UModSys@@@tl@UModSys@@2USUniquePointer@core@3@A@@YAXXZ 1003d790 f    CIL library: CIL module
 0001:0003c7a0       ??__F?s_id@?$TObjectUniqueID@UIBinArchive@libmedia@UModSys@@@tl@UModSys@@2USUniquePointer@core@3@A@@YAXXZ 1003d7a0 f    CIL library: CIL module
 0001:0003c7b0       ??__F?s_id@?$TObjectUniqueID@UILibObject@libmedia@UModSys@@@tl@UModSys@@2USUniquePointer@core@3@A@@YAXXZ 1003d7b0 f    CIL library: CIL module
 0001:0003c7c0       ??__F?s_id@?$TObjectUniqueID@UIUtilities@libmedia@UModSys@@@tl@UModSys@@2USUniquePointer@core@3@A@@YAXXZ 1003d7c0 f    CIL library: CIL module
 0001:0003c7d0       ??__F?s_id@?$TObjectUniqueID@UIStreamWriter@libmedia@UModSys@@@tl@UModSys@@2USUniquePointer@core@3@A@@YAXXZ 1003d7d0 f    CIL library: CIL module
 0001:0003c7e0       ??__F?s_id@?$TObjectUniqueID@UIStreamReader@libmedia@UModSys@@@tl@UModSys@@2USUniquePointer@core@3@A@@YAXXZ 1003d7e0 f    CIL library: CIL module
 0001:0003c7f0       ??__F?s_id@?$TObjectUniqueID@UISystem@base@UModSys@@@tl@UModSys@@2USUniquePointer@core@3@A@@YAXXZ 1003d7f0 f    CIL library: CIL module
 0001:0003c800       ??__F?s_id@?$TObjectUniqueID@UIShell@base@UModSys@@@tl@UModSys@@2USUniquePointer@core@3@A@@YAXXZ 1003d800 f    CIL library: CIL module
 0001:0003c810       ??__F?s_id@?$TObjectUniqueID@UIGenerator@base@UModSys@@@tl@UModSys@@2USUniquePointer@core@3@A@@YAXXZ 1003d810 f    CIL library: CIL module
 0001:0003c820       ??__F?s_id@?$TObjectUniqueID@UIModObject@base@UModSys@@@tl@UModSys@@2USUniquePointer@core@3@A@@YAXXZ 1003d820 f    CIL library: CIL module
 0001:0003c830       ??__F?s_id@?$TObjectUniqueID@UIModuleLibrary@base@UModSys@@@tl@UModSys@@2USUniquePointer@core@3@A@@YAXXZ 1003d830 f    CIL library: CIL module
 0001:0003c840       ??__F?s_id@?$TObjectUniqueID@UIModule@base@UModSys@@@tl@UModSys@@2USUniquePointer@core@3@A@@YAXXZ 1003d840 f    CIL library: CIL module
 0001:0003c850       ??__F?s_id@?$TObjectUniqueID@UIConsole@base@UModSys@@@tl@UModSys@@2USUniquePointer@core@3@A@@YAXXZ 1003d850 f    CIL library: CIL module
 0001:0003c860       ??__F?s_id@?$TObjectUniqueID@UIParameters@core@UModSys@@@tl@UModSys@@2USUniquePointer@core@3@A@@YAXXZ 1003d860 f    CIL library: CIL module
 0001:0003c870       ??__F?s_id@?$TObjectUniqueID@UIRefObject@core@UModSys@@@tl@UModSys@@2USUniquePointer@core@3@A@@YAXXZ 1003d870 f    CIL library: CIL module
 0001:0003c880       ??__F?s_id@?$TObjectUniqueID@UIRoot@core@UModSys@@@tl@UModSys@@2USUniquePointer@core@3@A@@YAXXZ 1003d880 f    CIL library: CIL module
 0001:0003c890       ??__F?s_id@?$TDataUniqueID@F@tl@UModSys@@2USUniquePointer@core@3@A@@YAXXZ 1003d890 f    CIL library: CIL module
 0001:0003c8a0       ??__F?s_id@?$TDataUniqueID@M@tl@UModSys@@2USUniquePointer@core@3@A@@YAXXZ 1003d8a0 f    CIL library: CIL module
 0001:0003c8b0       ??__F?s_id@?$TDataUniqueID@H@tl@UModSys@@2USUniquePointer@core@3@A@@YAXXZ 1003d8b0 f    CIL library: CIL module
 0001:0003c8c0       ??__F?s_id@?$TConstUniqueID@W4eConsoleLevels@base@UModSys@@$00@tl@UModSys@@2USUniquePointer@core@3@A@@YAXXZ 1003d8c0 f    CIL library: CIL module
 0001:0003c8d0       ??__Fs_dbg@stdlib@lib3d@modules@UModSys@@YAXXZ 1003d8d0 f    CIL library: CIL module
 0001:0003c8e0       ??__F?s_modreg@RModuleReg@stdlib@lib3d@modules@UModSys@@2U12345@A@@YAXXZ 1003d8e0 f    CIL library: CIL module
 0001:0003c900       ??__F?s_modreg_chain@RModuleReg@stdlib@lib3d@modules@UModSys@@2USModuleRegChain@base@5@A@@YAXXZ 1003d900 f    CIL library: CIL module
 0001:0003c910       ??__F?s_uid@RGenerator@stdlib@lib3d@modules@UModSys@@2USUniquePointer@core@5@A@@YAXXZ 1003d910 f    CIL library: CIL module
 0001:0003c920       ??__Fh@?1??s_holder@RGenerator@stdlib@lib3d@modules@UModSys@@SAAAU?$TTypeStaticHolder@URGenerator@stdlib@lib3d@modules@UModSys@@@tl@5@XZ@YAXXZ 1003d920 f    CIL library: CIL module
 0001:0003c940       ??__F?s_id@?$TObjectUniqueID@URGenerator@stdlib@lib3d@modules@UModSys@@@tl@UModSys@@2USUniquePointer@core@3@A@@YAXXZ 1003d940 f    CIL library: CIL module
 0001:0003c950       ??__F?s_id@?$TObjectUniqueID@URVisual@object_camera@stdlib@lib3d@modules@UModSys@@@tl@UModSys@@2USUniquePointer@core@3@A@@YAXXZ 1003d950 f    CIL library: CIL module
 0001:0003c960       ??__F?s_id@?$TObjectUniqueID@URGeneral@object_camera@stdlib@lib3d@modules@UModSys@@@tl@UModSys@@2USUniquePointer@core@3@A@@YAXXZ 1003d960 f    CIL library: CIL module
 0001:0003c970       ??__F?s_id@?$TObjectUniqueID@URVisual@object_primitive@stdlib@lib3d@modules@UModSys@@@tl@UModSys@@2USUniquePointer@core@3@A@@YAXXZ 1003d970 f    CIL library: CIL module
 0001:0003c980       ??__F?s_id@?$TObjectUniqueID@URRender@object_primitive@stdlib@lib3d@modules@UModSys@@@tl@UModSys@@2USUniquePointer@core@3@A@@YAXXZ 1003d980 f    CIL library: CIL module
 0001:0003c990       ??__F?s_id@?$TObjectUniqueID@URGeneral@object_primitive@stdlib@lib3d@modules@UModSys@@@tl@UModSys@@2USUniquePointer@core@3@A@@YAXXZ 1003d990 f    CIL library: CIL module
 0001:0003c9a0       ??__F?s_id@?$TObjectUniqueID@URVisualSceneMapper_Direct@stdlib@lib3d@modules@UModSys@@@tl@UModSys@@2USUniquePointer@core@3@A@@YAXXZ 1003d9a0 f    CIL library: CIL module
 0001:0003c9b0       ??__F?s_id@?$TObjectUniqueID@URVisualizerScene@stdlib@lib3d@modules@UModSys@@@tl@UModSys@@2USUniquePointer@core@3@A@@YAXXZ 1003d9b0 f    CIL library: CIL module
 0001:0003c9c0       ??__F?s_id@?$TObjectUniqueID@URRenderer@stdlib@lib3d@modules@UModSys@@@tl@UModSys@@2USUniquePointer@core@3@A@@YAXXZ 1003d9c0 f    CIL library: CIL module
 0001:0003c9d0       ??__Fs_dbg@stdlib@lib2d@modules@UModSys@@YAXXZ 1003d9d0 f    CIL library: CIL module
 0001:0003c9e0       ??__F?s_modreg@RModuleReg@stdlib@lib2d@modules@UModSys@@2U12345@A@@YAXXZ 1003d9e0 f    CIL library: CIL module
 0001:0003ca00       ??__F?s_modreg_chain@RModuleReg@stdlib@lib2d@modules@UModSys@@2USModuleRegChain@base@5@A@@YAXXZ 1003da00 f    CIL library: CIL module
 0001:0003ca10       ??__F?s_uid@RGenerator@stdlib@lib2d@modules@UModSys@@2USUniquePointer@core@5@A@@YAXXZ 1003da10 f    CIL library: CIL module
 0001:0003ca20       ??__Fh@?1??s_holder@RGenerator@stdlib@lib2d@modules@UModSys@@SAAAU?$TTypeStaticHolder@URGenerator@stdlib@lib2d@modules@UModSys@@@tl@5@XZ@YAXXZ 1003da20 f    CIL library: CIL module
 0001:0003ca40       ??__F?s_id@?$TObjectUniqueID@URGenerator@stdlib@lib2d@modules@UModSys@@@tl@UModSys@@2USUniquePointer@core@3@A@@YAXXZ 1003da40 f    CIL library: CIL module
 0001:0003ca50       ??__F?s_id@?$TObjectUniqueID@URMultiImage@stdlib@lib2d@modules@UModSys@@@tl@UModSys@@2USUniquePointer@core@3@A@@YAXXZ 1003da50 f    CIL library: CIL module
 0001:0003ca60       ??__F?s_id@?$TObjectUniqueID@URImageFactory_Memory@stdlib@lib2d@modules@UModSys@@@tl@UModSys@@2USUniquePointer@core@3@A@@YAXXZ 1003da60 f    CIL library: CIL module
 0001:0003ca70       ??__F?s_id@?$TObjectUniqueID@URImage_Memory@stdlib@lib2d@modules@UModSys@@@tl@UModSys@@2USUniquePointer@core@3@A@@YAXXZ 1003da70 f    CIL library: CIL module
 0001:0003ca80       ??__Fs_dbg@SDL_GL@ui@modules@UModSys@@YAXXZ 1003da80 f    CIL library: CIL module
 0001:0003ca90       ??__F?s_modreg@RModuleReg@SDL_GL@ui@modules@UModSys@@2U12345@A@@YAXXZ 1003da90 f    CIL library: CIL module
 0001:0003cab0       ??__F?s_modreg_chain@RModuleReg@SDL_GL@ui@modules@UModSys@@2USModuleRegChain@base@5@A@@YAXXZ 1003dab0 f    CIL library: CIL module
 0001:0003cac0       ??__F?s_uid@RGenerator@SDL_GL@ui@modules@UModSys@@2USUniquePointer@core@5@A@@YAXXZ 1003dac0 f    CIL library: CIL module
 0001:0003cad0       ??__Fh@?1??s_holder@RGenerator@SDL_GL@ui@modules@UModSys@@SAAAU?$TTypeStaticHolder@URGenerator@SDL_GL@ui@modules@UModSys@@@tl@5@XZ@YAXXZ 1003dad0 f    CIL library: CIL module
 0001:0003caf0       ??__F?s_id@?$TObjectUniqueID@URGenerator@SDL_GL@ui@modules@UModSys@@@tl@UModSys@@2USUniquePointer@core@3@A@@YAXXZ 1003daf0 f    CIL library: CIL module
 0001:0003cb00       ??__F?s_id@?$TObjectUniqueID@URVertexArray@SDL_GL@ui@modules@UModSys@@@tl@UModSys@@2USUniquePointer@core@3@A@@YAXXZ 1003db00 f    CIL library: CIL module
 0001:0003cb10       ??__F?s_id@?$TObjectUniqueID@URTerminalX@SDL_GL@ui@modules@UModSys@@@tl@UModSys@@2USUniquePointer@core@3@A@@YAXXZ 1003db10 f    CIL library: CIL module
 0001:0003cb20       ??__F?s_id@?$TObjectUniqueID@URRenderDriver3D@SDL_GL@ui@modules@UModSys@@@tl@UModSys@@2USUniquePointer@core@3@A@@YAXXZ 1003db20 f    CIL library: CIL module
 0001:0003cb30       ??__F?s_id@?$TObjectUniqueID@URMultiImage2D_SDL_ttf@SDL_GL@ui@modules@UModSys@@@tl@UModSys@@2USUniquePointer@core@3@A@@YAXXZ 1003db30 f    CIL library: CIL module
 0001:0003cb40       ??__F?s_id@?$TObjectUniqueID@URTerminal@SDL_GL@ui@modules@UModSys@@@tl@UModSys@@2USUniquePointer@core@3@A@@YAXXZ 1003db40 f    CIL library: CIL module
 0001:0003cb50       ??__F?s_id@?$TObjectUniqueID@URMouseController@SDL_GL@ui@modules@UModSys@@@tl@UModSys@@2USUniquePointer@core@3@A@@YAXXZ 1003db50 f    CIL library: CIL module
 0001:0003cb60       ??__F?s_id@?$TObjectUniqueID@URKeyboardController@SDL_GL@ui@modules@UModSys@@@tl@UModSys@@2USUniquePointer@core@3@A@@YAXXZ 1003db60 f    CIL library: CIL module
 0001:0003cb70       ??__Fs_dbg@SDL_core@ui@modules@UModSys@@YAXXZ 1003db70 f    CIL library: CIL module
 0001:0003cb80       ??__F?s_modreg@RModuleReg@SDL_core@ui@modules@UModSys@@2U12345@A@@YAXXZ 1003db80 f    CIL library: CIL module
 0001:0003cba0       ??__F?s_modreg_chain@RModuleReg@SDL_core@ui@modules@UModSys@@2USModuleRegChain@base@5@A@@YAXXZ 1003dba0 f    CIL library: CIL module
 0001:0003cbb0       ??__F?s_uid@RGenerator@SDL_core@ui@modules@UModSys@@2USUniquePointer@core@5@A@@YAXXZ 1003dbb0 f    CIL library: CIL module
 0001:0003cbc0       ??__Fh@?1??s_holder@RGenerator@SDL_core@ui@modules@UModSys@@SAAAU?$TTypeStaticHolder@URGenerator@SDL_core@ui@modules@UModSys@@@tl@5@XZ@YAXXZ 1003dbc0 f    CIL library: CIL module
 0001:0003cbe0       ??__F?s_id@?$TObjectUniqueID@URGenerator@SDL_core@ui@modules@UModSys@@@tl@UModSys@@2USUniquePointer@core@3@A@@YAXXZ 1003dbe0 f    CIL library: CIL module
 0001:0003cbf0       ??__F?s_id@?$TObjectUniqueID@URTerminalX@SDL_core@ui@modules@UModSys@@@tl@UModSys@@2USUniquePointer@core@3@A@@YAXXZ 1003dbf0 f    CIL library: CIL module
 0001:0003cc00       ??__F?s_id@?$TObjectUniqueID@URRenderDriver2D@SDL_core@ui@modules@UModSys@@@tl@UModSys@@2USUniquePointer@core@3@A@@YAXXZ 1003dc00 f    CIL library: CIL module
 0001:0003cc10       ??__F?s_id@?$TObjectUniqueID@URMultiImage2D_SDL_ttf@SDL_core@ui@modules@UModSys@@@tl@UModSys@@2USUniquePointer@core@3@A@@YAXXZ 1003dc10 f    CIL library: CIL module
 0001:0003cc20       ??__F?s_id@?$TObjectUniqueID@URTerminal@SDL_core@ui@modules@UModSys@@@tl@UModSys@@2USUniquePointer@core@3@A@@YAXXZ 1003dc20 f    CIL library: CIL module
 0001:0003cc30       ??__F?s_id@?$TObjectUniqueID@URMouseController@SDL_core@ui@modules@UModSys@@@tl@UModSys@@2USUniquePointer@core@3@A@@YAXXZ 1003dc30 f    CIL library: CIL module
 0001:0003cc40       ??__F?s_id@?$TObjectUniqueID@URKeyboardController@SDL_core@ui@modules@UModSys@@@tl@UModSys@@2USUniquePointer@core@3@A@@YAXXZ 1003dc40 f    CIL library: CIL module
 0001:0003cc50       ??__Fs_dbg@frames@ui@modules@UModSys@@YAXXZ 1003dc50 f    CIL library: CIL module
 0001:0003cc60       ??__F?s_modreg@RModuleReg@frames@ui@modules@UModSys@@2U12345@A@@YAXXZ 1003dc60 f    CIL library: CIL module
 0001:0003cc80       ??__F?s_modreg_chain@RModuleReg@frames@ui@modules@UModSys@@2USModuleRegChain@base@5@A@@YAXXZ 1003dc80 f    CIL library: CIL module
 0001:0003cc90       ??__F?s_uid@RGenerator@frames@ui@modules@UModSys@@2USUniquePointer@core@5@A@@YAXXZ 1003dc90 f    CIL library: CIL module
 0001:0003cca0       ??__Fh@?1??s_holder@RGenerator@frames@ui@modules@UModSys@@SAAAU?$TTypeStaticHolder@URGenerator@frames@ui@modules@UModSys@@@tl@5@XZ@YAXXZ 1003dca0 f    CIL library: CIL module
 0001:0003ccc0       ??__F?s_id@?$TObjectUniqueID@URGenerator@frames@ui@modules@UModSys@@@tl@UModSys@@2USUniquePointer@core@3@A@@YAXXZ 1003dcc0 f    CIL library: CIL module
 0001:0003ccd0       ??__F?s_id@?$TObjectUniqueID@URCollector@frames@ui@modules@UModSys@@@tl@UModSys@@2USUniquePointer@core@3@A@@YAXXZ 1003dcd0 f    CIL library: CIL module
 0001:0003cce0       ??__F?s_id@?$TObjectUniqueID@URFrame_List@frames@ui@modules@UModSys@@@tl@UModSys@@2USUniquePointer@core@3@A@@YAXXZ 1003dce0 f    CIL library: CIL module
 0001:0003ccf0       ??__F?s_id@?$TObjectUniqueID@URFrame_Edit@frames@ui@modules@UModSys@@@tl@UModSys@@2USUniquePointer@core@3@A@@YAXXZ 1003dcf0 f    CIL library: CIL module
 0001:0003cd00       ??__F?s_id@?$TObjectUniqueID@URFrame_Button@frames@ui@modules@UModSys@@@tl@UModSys@@2USUniquePointer@core@3@A@@YAXXZ 1003dd00 f    CIL library: CIL module
 0001:0003cd10       ??__F?s_id@?$TObjectUniqueID@URFrame_Text@frames@ui@modules@UModSys@@@tl@UModSys@@2USUniquePointer@core@3@A@@YAXXZ 1003dd10 f    CIL library: CIL module
 0001:0003cd20       ??__F?s_id@?$TObjectUniqueID@URFrame_Image@frames@ui@modules@UModSys@@@tl@UModSys@@2USUniquePointer@core@3@A@@YAXXZ 1003dd20 f    CIL library: CIL module
 0001:0003cd30       ??__F?s_id@?$TObjectUniqueID@URFrame_Frame@frames@ui@modules@UModSys@@@tl@UModSys@@2USUniquePointer@core@3@A@@YAXXZ 1003dd30 f    CIL library: CIL module
 0001:0003cd40       ??__F?s_id@?$TObjectUniqueID@URDialog@frames@ui@modules@UModSys@@@tl@UModSys@@2USUniquePointer@core@3@A@@YAXXZ 1003dd40 f    CIL library: CIL module
 0001:0003cd50       ??__F?s_id@?$TObjectUniqueID@URFrame_Common@frames@ui@modules@UModSys@@@tl@UModSys@@2USUniquePointer@core@3@A@@YAXXZ 1003dd50 f    CIL library: CIL module
 0001:0003cd60       ??__Fs_dbg@images_std@media@modules@UModSys@@YAXXZ 1003dd60 f    CIL library: CIL module
 0001:0003cd70       ??__F?s_modreg@RModuleReg@images_std@media@modules@UModSys@@2U12345@A@@YAXXZ 1003dd70 f    CIL library: CIL module
 0001:0003cd90       ??__F?s_modreg_chain@RModuleReg@images_std@media@modules@UModSys@@2USModuleRegChain@base@5@A@@YAXXZ 1003dd90 f    CIL library: CIL module
 0001:0003cda0       ??__F?s_uid@RGenerator@images_std@media@modules@UModSys@@2USUniquePointer@core@5@A@@YAXXZ 1003dda0 f    CIL library: CIL module
 0001:0003cdb0       ??__Fh@?1??s_holder@RGenerator@images_std@media@modules@UModSys@@SAAAU?$TTypeStaticHolder@URGenerator@images_std@media@modules@UModSys@@@tl@5@XZ@YAXXZ 1003ddb0 f    CIL library: CIL module
 0001:0003cdd0       ??__F?s_id@?$TObjectUniqueID@URGenerator@images_std@media@modules@UModSys@@@tl@UModSys@@2USUniquePointer@core@3@A@@YAXXZ 1003ddd0 f    CIL library: CIL module
 0001:0003cde0       ??__F?s_id@?$TObjectUniqueID@URMediaFilter@images_std@media@modules@UModSys@@@tl@UModSys@@2USUniquePointer@core@3@A@@YAXXZ 1003dde0 f    CIL library: CIL module
 0001:0003cdf0       ??__Fs_dbg@serialize_json@media@modules@UModSys@@YAXXZ 1003ddf0 f    CIL library: CIL module
 0001:0003ce00       ??__F?s_modreg@RModuleReg@serialize_json@media@modules@UModSys@@2U12345@A@@YAXXZ 1003de00 f    CIL library: CIL module
 0001:0003ce20       ??__F?s_modreg_chain@RModuleReg@serialize_json@media@modules@UModSys@@2USModuleRegChain@base@5@A@@YAXXZ 1003de20 f    CIL library: CIL module
 0001:0003ce30       ??__F?s_uid@RGenerator@serialize_json@media@modules@UModSys@@2USUniquePointer@core@5@A@@YAXXZ 1003de30 f    CIL library: CIL module
 0001:0003ce40       ??__Fh@?1??s_holder@RGenerator@serialize_json@media@modules@UModSys@@SAAAU?$TTypeStaticHolder@URGenerator@serialize_json@media@modules@UModSys@@@tl@5@XZ@YAXXZ 1003de40 f    CIL library: CIL module
 0001:0003ce60       ??__F?s_id@?$TObjectUniqueID@URGenerator@serialize_json@media@modules@UModSys@@@tl@UModSys@@2USUniquePointer@core@3@A@@YAXXZ 1003de60 f    CIL library: CIL module
 0001:0003ce70       ??__F?s_id@?$TObjectUniqueID@URSerializeWriter@serialize_json@media@modules@UModSys@@@tl@UModSys@@2USUniquePointer@core@3@A@@YAXXZ 1003de70 f    CIL library: CIL module
 0001:0003ce80       ??__F?s_id@?$TObjectUniqueID@URSerializeReader@serialize_json@media@modules@UModSys@@@tl@UModSys@@2USUniquePointer@core@3@A@@YAXXZ 1003de80 f    CIL library: CIL module
 0001:0003ce90       ??__Fs_dbg@zlib@media@modules@UModSys@@YAXXZ 1003de90 f    CIL library: CIL module
 0001:0003cea0       ??__F?s_modreg@RModuleReg@zlib@media@modules@UModSys@@2U12345@A@@YAXXZ 1003dea0 f    CIL library: CIL module
 0001:0003cec0       ??__F?s_modreg_chain@RModuleReg@zlib@media@modules@UModSys@@2USModuleRegChain@base@5@A@@YAXXZ 1003dec0 f    CIL library: CIL module
 0001:0003ced0       ??__F?s_uid@RGenerator@zlib@media@modules@UModSys@@2USUniquePointer@core@5@A@@YAXXZ 1003ded0 f    CIL library: CIL module
 0001:0003cee0       ??__Fh@?1??s_holder@RGenerator@zlib@media@modules@UModSys@@SAAAU?$TTypeStaticHolder@URGenerator@zlib@media@modules@UModSys@@@tl@5@XZ@YAXXZ 1003dee0 f    CIL library: CIL module
 0001:0003cf00       ??__F?s_id@?$TObjectUniqueID@URGenerator@zlib@media@modules@UModSys@@@tl@UModSys@@2USUniquePointer@core@3@A@@YAXXZ 1003df00 f    CIL library: CIL module
 0001:0003cf10       ??__F?s_id@?$TObjectUniqueID@URBinArchiveFrameClient_ZIP@zlib@media@modules@UModSys@@@tl@UModSys@@2USUniquePointer@core@3@A@@YAXXZ 1003df10 f    CIL library: CIL module
 0001:0003cf20       ??__FM@UModSys@@YAXXZ      1003df20 f    CIL library: CIL module
 0001:0003cf30       ??__F?root@SModuleRegChain@base@UModSys@@2U123@A@@YAXXZ 1003df30 f    CIL library: CIL module
 0001:0003cf40       ??__F?s_library@RModuleLibraryReg_Chain@base@UModSys@@2U123@A@@YAXXZ 1003df40 f    CIL library: CIL module
 0001:0003cf50       ??__F?root@SUniquePointer@core@UModSys@@2U123@A@@YAXXZ 1003df50 f    CIL library: CIL module

 Exports

  ordinal    name

        1    _UModSys_Plugin_Entry2@0
