 plugin_test1

 Timestamp is 527a5671 (Wed Nov 06 17:47:13 2013)

 Preferred load address is 10000000

 Start         Length     Name                   Class
 0001:00000000 00005428H .text                   CODE
 0001:00005430 000001e8H .text$x                 CODE
 0001:00005620 00000a91H .text$yc                CODE
 0001:000060c0 0000042aH .text$yd                CODE
 0002:00000000 0000017cH .idata$5                DATA
 0002:0000017c 00000004H .CRT$XCA                DATA
 0002:00000180 00000364H .CRT$XCU                DATA
 0002:000004e4 00000004H .CRT$XCZ                DATA
 0002:000004e8 00000004H .CRT$XIA                DATA
 0002:000004ec 00000004H .CRT$XIAA               DATA
 0002:000004f0 00000004H .CRT$XIZ                DATA
 0002:000004f8 00001038H .rdata                  DATA
 0002:00001530 0000082cH .rdata$r                DATA
 0002:00001d60 00000040H .rdata$sxdata           DATA
 0002:00001da0 00000004H .rtc$IAA                DATA
 0002:00001da4 00000004H .rtc$IZZ                DATA
 0002:00001da8 00000004H .rtc$TAA                DATA
 0002:00001dac 00000004H .rtc$TZZ                DATA
 0002:00001db0 00000390H .xdata$x                DATA
 0002:00002140 00000064H .idata$2                DATA
 0002:000021a4 00000014H .idata$3                DATA
 0002:000021b8 0000017cH .idata$4                DATA
 0002:00002334 0000071aH .idata$6                DATA
 0002:00002a50 0000005cH .edata                  DATA
 0003:00000000 000005b0H .data                   DATA
 0003:000005b0 0000090cH .bss                    DATA

  Address         Publics by Value              Rva+Base       Lib:Object

 0000:00000000       __except_list              00000000     <absolute>
 0000:00000010       ___safe_se_handler_count   00000010     <absolute>
 0000:00009876       __ldused                   00009876     <absolute>
 0000:00009876       __fltused                  00009876     <absolute>
 0000:00000000       ___ImageBase               10000000     <linker-defined>
 0001:00000000       ?suicide@RGenerator@test1@test@modules@UModSys@@UAEXXZ 10001000 f i plugin_test1.obj
 0001:00000000       ?suicide@RGenerator@SDL_core@ui@modules@UModSys@@UAEXXZ 10001000 f i umodsys_lib_libui:umodsys.mod.ui.SDL_core.obj
 0001:00000000       ?suicide@RGenerator@images_std@media@modules@UModSys@@UAEXXZ 10001000 f i umodsys_lib_libmedia:umodsys.mod.media.images_std.obj
 0001:00000000       ??3@YAXPAX0@Z              10001000 f i plugin_test1.obj
 0001:00000010       ??1SMemShared@core@UModSys@@QAE@XZ 10001010 f i plugin_test1.obj
 0001:00000020       ??3IRoot@core@UModSys@@SAXPAXABUSIMemAlloc@12@@Z 10001020 f i plugin_test1.obj
 0001:00000030       ??_GIRoot@core@UModSys@@UAEPAXI@Z 10001030 f i plugin_test1.obj
 0001:00000030       ??_EIRoot@core@UModSys@@UAEPAXI@Z 10001030 f i  CIL library: CIL module
 0001:00000050       ??1IRenderDriver@lib2d@UModSys@@UAE@XZ 10001050 f i umodsys_lib_libui:umodsys.mod.ui.SDL_core.obj
 0001:00000050       ??1IShell@base@UModSys@@UAE@XZ 10001050 f i plugin_test1.obj
 0001:00000050       ??1IBinObjFilter@libmedia@UModSys@@UAE@XZ 10001050 f i plugin_test1.obj
 0001:00000050       ??1IMultiImage@lib2d@UModSys@@UAE@XZ 10001050 f i umodsys_lib_libui:umodsys.mod.ui.SDL_core.obj
 0001:00000050       ??1ITerminal@libui@UModSys@@UAE@XZ 10001050 f i umodsys_lib_libui:umodsys.mod.ui.SDL_core.obj
 0001:00000060       ?root_get_interface_info@RTest1_Shell@test1@test@modules@UModSys@@UBEABUSUniquePointerInfo@core@5@XZ 10001060 f i plugin_test1.obj
 0001:00000070       ?root_get_interface_type@RTest1_Shell@test1@test@modules@UModSys@@UBEPBUSUniquePointerInfo@core@5@XZ 10001070 f i plugin_test1.obj
 0001:00000080       ?root_get_other_interface@RTest1_Shell@test1@test@modules@UModSys@@UBEPBUIRoot@core@5@PBUSUniquePointerInfo@75@@Z 10001080 f i plugin_test1.obj
 0001:00000080       ?root_get_other_interface@RTest1_Shell@test1@test@modules@UModSys@@UAEPAUIRoot@core@5@PBUSUniquePointerInfo@75@@Z 10001080 f i plugin_test1.obj
 0001:000000b0       ?root_is_interface_supported@RTest1_Shell@test1@test@modules@UModSys@@UBE_NPBUSUniquePointerInfo@core@5@@Z 100010b0 f i plugin_test1.obj
 0001:000000f0       ?ref_remove@RRenderDriver2D_SDL_core@SDL_core@ui@modules@UModSys@@UBEXXZ 100010f0 f i umodsys_lib_libui:umodsys.mod.ui.SDL_core.obj
 0001:000000f0       ?ref_remove@RGenerator@test1@test@modules@UModSys@@UBEXXZ 100010f0 f i plugin_test1.obj
 0001:000000f0       ?ref_remove@RTerminal_SDL_core@SDL_core@ui@modules@UModSys@@UBEXXZ 100010f0 f i umodsys_lib_libui:umodsys.mod.ui.SDL_core.obj
 0001:000000f0       ?ref_remove@RGenerator@SDL_core@ui@modules@UModSys@@UBEXXZ 100010f0 f i umodsys_lib_libui:umodsys.mod.ui.SDL_core.obj
 0001:000000f0       ?ref_remove@RTest1_Shell@test1@test@modules@UModSys@@UBEXXZ 100010f0 f i plugin_test1.obj
 0001:000000f0       ?ref_remove@RGenerator@images_std@media@modules@UModSys@@UBEXXZ 100010f0 f i umodsys_lib_libmedia:umodsys.mod.media.images_std.obj
 0001:000000f0       ?ref_remove@RMultiImage2D_SDL_ttf@SDL_core@ui@modules@UModSys@@UBEXXZ 100010f0 f i umodsys_lib_libui:umodsys.mod.ui.SDL_core.obj
 0001:00000100       ?suicide@RMultiImage2D_SDL_ttf@SDL_core@ui@modules@UModSys@@UAEXXZ 10001100 f i umodsys_lib_libui:umodsys.mod.ui.SDL_core.obj
 0001:00000100       ?suicide@RTest1_Shell@test1@test@modules@UModSys@@UAEXXZ 10001100 f i plugin_test1.obj
 0001:00000100       ?suicide@RTerminal_SDL_core@SDL_core@ui@modules@UModSys@@UAEXXZ 10001100 f i umodsys_lib_libui:umodsys.mod.ui.SDL_core.obj
 0001:00000110       ??0RTest1_Shell@test1@test@modules@UModSys@@QAE@PAUIModObject@base@4@@Z 10001110 f i plugin_test1.obj
 0001:00000210       ??1RTest1_Shell@test1@test@modules@UModSys@@UAE@XZ 10001210 f i plugin_test1.obj
 0001:000002a0       ?connect@RTest1_Shell@test1@test@modules@UModSys@@UAE_NXZ 100012a0 f i plugin_test1.obj
 0001:000002c0       ?disconnect@RTest1_Shell@test1@test@modules@UModSys@@UAE_NXZ 100012c0 f i plugin_test1.obj
 0001:000002e0       ?process_tick@RTest1_Shell@test1@test@modules@UModSys@@UAE_NABUSTimeMsec@core@5@@Z 100012e0 f i plugin_test1.obj
 0001:00000310       ?process_command@RTest1_Shell@test1@test@modules@UModSys@@UAE_NHQBU?$TString@U?$TSCoreConst@D@su@tl@UModSys@@U?$TComparerBinaryHash@D@234@@tl@5@@Z 10001310 f i plugin_test1.obj
 0001:00000340       ??_GRTest1_Shell@test1@test@modules@UModSys@@UAEPAXI@Z 10001340 f i plugin_test1.obj
 0001:00000340       ??_ERTest1_Shell@test1@test@modules@UModSys@@UAEPAXI@Z 10001340 f i  CIL library: CIL module
 0001:00000360       ??1?$TParametersA@$0EAA@@core@UModSys@@QAE@XZ 10001360 f i plugin_test1.obj
 0001:00000360       ??1SParameters@core@UModSys@@QAE@XZ 10001360 f i plugin_test1.obj
 0001:00000370       ?get_generated_names@RGenerator@test1@test@modules@UModSys@@UBEHAAUSUniquePtrList@core@5@@Z 10001370 f i plugin_test1.obj
 0001:00000390       ?get_generated_types@RGenerator@test1@test@modules@UModSys@@UBEHAAUSUniquePtrList@core@5@PBUSUniquePointerInfo@75@@Z 10001390 f i plugin_test1.obj
 0001:000003e0       ?generate@RGenerator@test1@test@modules@UModSys@@UAE_NAAU?$TRefObject@UIRefObject@core@UModSys@@U?$TRefObjectFunc@UIRefObject@core@UModSys@@@tl@3@@tl@5@PBUSUniquePointerInfo@core@5@ABUSParameters@95@@Z 100013e0 f i plugin_test1.obj
 0001:000004a0       ?root_get_interface_info@RGenerator@test1@test@modules@UModSys@@UBEABUSUniquePointerInfo@core@5@XZ 100014a0 f i plugin_test1.obj
 0001:000004b0       ?root_get_interface_type@RGenerator@test1@test@modules@UModSys@@UBEPBUSUniquePointerInfo@core@5@XZ 100014b0 f i plugin_test1.obj
 0001:000004c0       ?root_get_other_interface@RGenerator@test1@test@modules@UModSys@@UBEPBUIRoot@core@5@PBUSUniquePointerInfo@75@@Z 100014c0 f i plugin_test1.obj
 0001:000004c0       ?root_get_other_interface@RGenerator@test1@test@modules@UModSys@@UAEPAUIRoot@core@5@PBUSUniquePointerInfo@75@@Z 100014c0 f i plugin_test1.obj
 0001:00000500       ?root_is_interface_supported@RGenerator@test1@test@modules@UModSys@@UBE_NPBUSUniquePointerInfo@core@5@@Z 10001500 f i plugin_test1.obj
 0001:00000540       ?get_uid@RGenerator@test1@test@modules@UModSys@@UBEPBUSUniquePointerInfo@core@5@XZ 10001540 f i plugin_test1.obj
 0001:00000550       ?do_open@RModuleReg@test1@test@modules@UModSys@@UAE_NXZ 10001550 f i plugin_test1.obj
 0001:00000580       ?do_close@RModuleReg@test1@test@modules@UModSys@@UAE_NXZ 10001580 f i plugin_test1.obj
 0001:000005b0       ??_ERModuleReg@test1@test@modules@UModSys@@UAEPAXI@Z 100015b0 f i  CIL library: CIL module
 0001:000005b0       ??_GRModuleReg@test1@test@modules@UModSys@@UAEPAXI@Z 100015b0 f i plugin_test1.obj
 0001:000005e0       ??0?$TString@U?$TSCoreConst@D@su@tl@UModSys@@U?$TComparerBinaryHash@D@234@@tl@UModSys@@QAE@PBD@Z 100015e0 f i plugin_test1.obj
 0001:00000630       ??1?$TRefObject@URTerminal_SDL_core@SDL_core@ui@modules@UModSys@@U?$TRefObjectFunc@URTerminal_SDL_core@SDL_core@ui@modules@UModSys@@@tl@5@@tl@UModSys@@QAE@XZ 10001630 f i umodsys_lib_libui:umodsys.mod.ui.SDL_core.obj
 0001:00000630       ??1?$TRefObject@UITerminal@libui@UModSys@@U?$TRefObjectFunc@UITerminal@libui@UModSys@@@tl@3@@tl@UModSys@@QAE@XZ 10001630 f i plugin_test1.obj
 0001:00000630       ??1?$TRefObject@URRenderDriver2D_SDL_core@SDL_core@ui@modules@UModSys@@U?$TRefObjectFunc@URRenderDriver2D_SDL_core@SDL_core@ui@modules@UModSys@@@tl@5@@tl@UModSys@@QAE@XZ 10001630 f i umodsys_lib_libui:umodsys.mod.ui.SDL_core.obj
 0001:00000630       ??1?$TRefObject@URMultiImage2D_SDL_ttf@SDL_core@ui@modules@UModSys@@U?$TRefObjectFunc@URMultiImage2D_SDL_ttf@SDL_core@ui@modules@UModSys@@@tl@5@@tl@UModSys@@QAE@XZ 10001630 f i umodsys_lib_libui:umodsys.mod.ui.SDL_core.obj
 0001:00000630       ??1?$TRefObject@URMediaFilter@images_std@media@modules@UModSys@@U?$TRefObjectFunc@URMediaFilter@images_std@media@modules@UModSys@@@tl@5@@tl@UModSys@@QAE@XZ 10001630 f i umodsys_lib_libmedia:umodsys.mod.media.images_std.obj
 0001:00000630       ??1?$TRefObject@UIRenderDriver@lib2d@UModSys@@U?$TRefObjectFunc@UIRenderDriver@lib2d@UModSys@@@tl@3@@tl@UModSys@@QAE@XZ 10001630 f i plugin_test1.obj
 0001:00000630       ??1?$TRefObject@UIMultiImage@lib2d@UModSys@@U?$TRefObjectFunc@UIMultiImage@lib2d@UModSys@@@tl@3@@tl@UModSys@@QAE@XZ 10001630 f i plugin_test1.obj
 0001:00000630       ??1?$TRefObject@UIRefObject@core@UModSys@@U?$TRefObjectFunc@UIRefObject@core@UModSys@@@tl@3@@tl@UModSys@@QAE@XZ 10001630 f i plugin_test1.obj
 0001:00000650       ??_GIRefObject@core@UModSys@@UAEPAXI@Z 10001650 f i plugin_test1.obj
 0001:00000650       ??_ERGenerator@SDL_core@ui@modules@UModSys@@UAEPAXI@Z 10001650 f i  CIL library: CIL module
 0001:00000650       ??_ERGenerator@images_std@media@modules@UModSys@@UAEPAXI@Z 10001650 f i  CIL library: CIL module
 0001:00000650       ??_ERGenerator@test1@test@modules@UModSys@@UAEPAXI@Z 10001650 f i  CIL library: CIL module
 0001:00000650       ??_GRGenerator@test1@test@modules@UModSys@@UAEPAXI@Z 10001650 f i plugin_test1.obj
 0001:00000650       ??_GRGenerator@SDL_core@ui@modules@UModSys@@UAEPAXI@Z 10001650 f i umodsys_lib_libui:umodsys.mod.ui.SDL_core.obj
 0001:00000650       ??_GRGenerator@images_std@media@modules@UModSys@@UAEPAXI@Z 10001650 f i umodsys_lib_libmedia:umodsys.mod.media.images_std.obj
 0001:00000650       ??_EIRefObject@core@UModSys@@UAEPAXI@Z 10001650 f i  CIL library: CIL module
 0001:00000670       ?obj_delete@?$TRefObjectLinksModObject@URMediaFilter@images_std@media@modules@UModSys@@UIModObject@base@5@@tl@UModSys@@QBEXPAURMediaFilter@images_std@media@modules@3@@Z 10001670 f i umodsys_lib_libmedia:umodsys.mod.media.images_std.obj
 0001:00000670       ?obj_delete@?$TRefObjectLinksModObject@URTest1_Shell@test1@test@modules@UModSys@@UIModObject@base@5@@tl@UModSys@@QBEXPAURTest1_Shell@test1@test@modules@3@@Z 10001670 f i plugin_test1.obj
 0001:00000670       ?obj_delete@?$TRefObjectLinksModObject@URTerminal_SDL_core@SDL_core@ui@modules@UModSys@@UIModObject@base@5@@tl@UModSys@@QBEXPAURTerminal_SDL_core@SDL_core@ui@modules@3@@Z 10001670 f i umodsys_lib_libui:umodsys.mod.ui.SDL_core.obj
 0001:00000670       ?obj_delete@?$TRefObjectLinksModObject@URMultiImage2D_SDL_ttf@SDL_core@ui@modules@UModSys@@UIModObject@base@5@@tl@UModSys@@QBEXPAURMultiImage2D_SDL_ttf@SDL_core@ui@modules@3@@Z 10001670 f i umodsys_lib_libui:umodsys.mod.ui.SDL_core.obj
 0001:000006e0       ??$t_generate@UITerminal@libui@UModSys@@@SModuleContext@base@UModSys@@QAE_NAAU?$TRefObject@UITerminal@libui@UModSys@@U?$TRefObjectFunc@UITerminal@libui@UModSys@@@tl@3@@tl@2@PBUSUniquePointerInfo@core@2@ABUSParameters@62@@Z 100016e0 f i plugin_test1.obj
 0001:00000790       ??$t_generate@UIMultiImage@lib2d@UModSys@@@SModuleContext@base@UModSys@@QAE_NAAU?$TRefObject@UIMultiImage@lib2d@UModSys@@U?$TRefObjectFunc@UIMultiImage@lib2d@UModSys@@@tl@3@@tl@2@PBUSUniquePointerInfo@core@2@ABUSParameters@62@@Z 10001790 f i plugin_test1.obj
 0001:00000840       ??$t_create_handler@UIRenderDriver@lib2d@UModSys@@@ITerminal@libui@UModSys@@QAE_NAAU?$TRefObject@UIRenderDriver@lib2d@UModSys@@U?$TRefObjectFunc@UIRenderDriver@lib2d@UModSys@@@tl@3@@tl@2@PBDPBUSParameters@core@2@@Z 10001840 f i plugin_test1.obj
 0001:000008f0       ??$shash@D@su@tl@UModSys@@YAHPBDI@Z 100018f0 f i plugin_test1.obj
 0001:00000920       ??1?$TRefObject@UIModObject@base@UModSys@@U?$TModObjectFunc@UIModObject@base@UModSys@@@tl@3@@tl@UModSys@@QAE@XZ 10001920 f i plugin_test1.obj
 0001:00000940       ??$t_ref_get_other_interface@UITerminal@libui@UModSys@@U?$TRefObjectFunc@UITerminal@libui@UModSys@@@tl@3@@IRefObject@core@UModSys@@QAE_NAAU?$TRefObject@UITerminal@libui@UModSys@@U?$TRefObjectFunc@UITerminal@libui@UModSys@@@tl@3@@tl@2@@Z 10001940 f i plugin_test1.obj
 0001:00000980       ??$t_ref_get_other_interface@UIMultiImage@lib2d@UModSys@@U?$TRefObjectFunc@UIMultiImage@lib2d@UModSys@@@tl@3@@IRefObject@core@UModSys@@QAE_NAAU?$TRefObject@UIMultiImage@lib2d@UModSys@@U?$TRefObjectFunc@UIMultiImage@lib2d@UModSys@@@tl@3@@tl@2@@Z 10001980 f i plugin_test1.obj
 0001:000009c0       ?color@SDL_core@ui@modules@UModSys@@YA?AUSDL_Color@@ABU?$TVector4@M@math3d@4@@Z 100019c0 f i umodsys_lib_libui:umodsys.mod.ui.SDL_core.obj
 0001:00000a80       ?root_get_interface_info@RMultiImage2D_SDL_ttf@SDL_core@ui@modules@UModSys@@UBEABUSUniquePointerInfo@core@5@XZ 10001a80 f i umodsys_lib_libui:umodsys.mod.ui.SDL_core.obj
 0001:00000a90       ?root_get_interface_type@RMultiImage2D_SDL_ttf@SDL_core@ui@modules@UModSys@@UBEPBUSUniquePointerInfo@core@5@XZ 10001a90 f i umodsys_lib_libui:umodsys.mod.ui.SDL_core.obj
 0001:00000aa0       ?root_get_other_interface@RMultiImage2D_SDL_ttf@SDL_core@ui@modules@UModSys@@UAEPAUIRoot@core@5@PBUSUniquePointerInfo@75@@Z 10001aa0 f i umodsys_lib_libui:umodsys.mod.ui.SDL_core.obj
 0001:00000aa0       ?root_get_other_interface@RMultiImage2D_SDL_ttf@SDL_core@ui@modules@UModSys@@UBEPBUIRoot@core@5@PBUSUniquePointerInfo@75@@Z 10001aa0 f i umodsys_lib_libui:umodsys.mod.ui.SDL_core.obj
 0001:00000ad0       ?root_is_interface_supported@RMultiImage2D_SDL_ttf@SDL_core@ui@modules@UModSys@@UBE_NPBUSUniquePointerInfo@core@5@@Z 10001ad0 f i umodsys_lib_libui:umodsys.mod.ui.SDL_core.obj
 0001:00000b10       ?ref_weak@RMultiImage2D_SDL_ttf@SDL_core@ui@modules@UModSys@@UBE_NAAUWeakPointer@IRefObject@core@5@@Z 10001b10 f i umodsys_lib_libui:umodsys.mod.ui.SDL_core.obj
 0001:00000b10       ?ref_weak@RRenderDriver2D_SDL_core@SDL_core@ui@modules@UModSys@@UBE_NAAUWeakPointer@IRefObject@core@5@@Z 10001b10 f i umodsys_lib_libui:umodsys.mod.ui.SDL_core.obj
 0001:00000b10       ?ref_weak@RTest1_Shell@test1@test@modules@UModSys@@UBE_NAAUWeakPointer@IRefObject@core@5@@Z 10001b10 f i plugin_test1.obj
 0001:00000b10       ?ref_weak@RGenerator@test1@test@modules@UModSys@@UBE_NAAUWeakPointer@IRefObject@core@5@@Z 10001b10 f i plugin_test1.obj
 0001:00000b10       ?ref_weak@RGenerator@images_std@media@modules@UModSys@@UBE_NAAUWeakPointer@IRefObject@core@5@@Z 10001b10 f i umodsys_lib_libmedia:umodsys.mod.media.images_std.obj
 0001:00000b10       ?ref_weak@RTerminal_SDL_core@SDL_core@ui@modules@UModSys@@UBE_NAAUWeakPointer@IRefObject@core@5@@Z 10001b10 f i umodsys_lib_libui:umodsys.mod.ui.SDL_core.obj
 0001:00000b10       ?ref_weak@RGenerator@SDL_core@ui@modules@UModSys@@UBE_NAAUWeakPointer@IRefObject@core@5@@Z 10001b10 f i umodsys_lib_libui:umodsys.mod.ui.SDL_core.obj
 0001:00000b30       ??0RMultiImage2D_SDL_ttf@SDL_core@ui@modules@UModSys@@QAE@PAUIModObject@base@4@ABUSParameters@core@4@@Z 10001b30 f i umodsys_lib_libui:umodsys.mod.ui.SDL_core.obj
 0001:00000bb0       ?open@RMultiImage2D_SDL_ttf@SDL_core@ui@modules@UModSys@@QAE_NABUSParameters@core@5@@Z 10001bb0 f i umodsys_lib_libui:umodsys.mod.ui.SDL_core.obj
 0001:00000c40       ?get_layer@RMultiImage2D_SDL_ttf@SDL_core@ui@modules@UModSys@@UAEPAUIImage@lib2d@5@H@Z 10001c40 f i umodsys_lib_libui:umodsys.mod.ui.SDL_core.obj
 0001:00000c40       ?get_controller@RRenderDriver2D_SDL_core@SDL_core@ui@modules@UModSys@@UBEPAUIRefObject@core@5@PBUSUniquePointerInfo@75@@Z 10001c40 f i umodsys_lib_libui:umodsys.mod.ui.SDL_core.obj
 0001:00000c50       ?set_layer_count@RMultiImage2D_SDL_ttf@SDL_core@ui@modules@UModSys@@UAE_NH@Z 10001c50 f i umodsys_lib_libui:umodsys.mod.ui.SDL_core.obj
 0001:00000c50       ?get_max_cell_size@RMultiImage2D_SDL_ttf@SDL_core@ui@modules@UModSys@@UAE_NAAU?$TVector2@H@math3d@5@@Z 10001c50 f i umodsys_lib_libui:umodsys.mod.ui.SDL_core.obj
 0001:00000c60       ?set_var_cell@RMultiImage2D_SDL_ttf@SDL_core@ui@modules@UModSys@@UAE_NPBUSImageCellInfo@lib2d@5@HH@Z 10001c60 f i umodsys_lib_libui:umodsys.mod.ui.SDL_core.obj
 0001:00000c60       ?get_cell_size@RMultiImage2D_SDL_ttf@SDL_core@ui@modules@UModSys@@UAE_NHAAU?$TVector2@H@math3d@5@PAU675@@Z 10001c60 f i umodsys_lib_libui:umodsys.mod.ui.SDL_core.obj
 0001:00000c70       ??_GRMultiImage2D_SDL_ttf@SDL_core@ui@modules@UModSys@@UAEPAXI@Z 10001c70 f i umodsys_lib_libui:umodsys.mod.ui.SDL_core.obj
 0001:00000c70       ??_ERMultiImage2D_SDL_ttf@SDL_core@ui@modules@UModSys@@UAEPAXI@Z 10001c70 f i  CIL library: CIL module
 0001:00000cb0       ?root_get_interface_info@RRenderDriver2D_SDL_core@SDL_core@ui@modules@UModSys@@UBEABUSUniquePointerInfo@core@5@XZ 10001cb0 f i umodsys_lib_libui:umodsys.mod.ui.SDL_core.obj
 0001:00000cc0       ?root_get_interface_type@RRenderDriver2D_SDL_core@SDL_core@ui@modules@UModSys@@UBEPBUSUniquePointerInfo@core@5@XZ 10001cc0 f i umodsys_lib_libui:umodsys.mod.ui.SDL_core.obj
 0001:00000cd0       ?root_get_other_interface@RRenderDriver2D_SDL_core@SDL_core@ui@modules@UModSys@@UAEPAUIRoot@core@5@PBUSUniquePointerInfo@75@@Z 10001cd0 f i umodsys_lib_libui:umodsys.mod.ui.SDL_core.obj
 0001:00000cd0       ?root_get_other_interface@RRenderDriver2D_SDL_core@SDL_core@ui@modules@UModSys@@UBEPBUIRoot@core@5@PBUSUniquePointerInfo@75@@Z 10001cd0 f i umodsys_lib_libui:umodsys.mod.ui.SDL_core.obj
 0001:00000d00       ?root_is_interface_supported@RRenderDriver2D_SDL_core@SDL_core@ui@modules@UModSys@@UBE_NPBUSUniquePointerInfo@core@5@@Z 10001d00 f i umodsys_lib_libui:umodsys.mod.ui.SDL_core.obj
 0001:00000d40       ?ref_links@RGenerator@test1@test@modules@UModSys@@UBEHXZ 10001d40 f i plugin_test1.obj
 0001:00000d40       ?ref_links@RGenerator@images_std@media@modules@UModSys@@UBEHXZ 10001d40 f i umodsys_lib_libmedia:umodsys.mod.media.images_std.obj
 0001:00000d40       ?ref_links@RTest1_Shell@test1@test@modules@UModSys@@UBEHXZ 10001d40 f i plugin_test1.obj
 0001:00000d40       ?ref_links@RMultiImage2D_SDL_ttf@SDL_core@ui@modules@UModSys@@UBEHXZ 10001d40 f i umodsys_lib_libui:umodsys.mod.ui.SDL_core.obj
 0001:00000d40       ?ref_links@RGenerator@SDL_core@ui@modules@UModSys@@UBEHXZ 10001d40 f i umodsys_lib_libui:umodsys.mod.ui.SDL_core.obj
 0001:00000d40       ?ref_links@RTerminal_SDL_core@SDL_core@ui@modules@UModSys@@UBEHXZ 10001d40 f i umodsys_lib_libui:umodsys.mod.ui.SDL_core.obj
 0001:00000d40       ?ref_links@RRenderDriver2D_SDL_core@SDL_core@ui@modules@UModSys@@UBEHXZ 10001d40 f i umodsys_lib_libui:umodsys.mod.ui.SDL_core.obj
 0001:00000d50       ?suicide@RRenderDriver2D_SDL_core@SDL_core@ui@modules@UModSys@@UAEXXZ 10001d50 f i umodsys_lib_libui:umodsys.mod.ui.SDL_core.obj
 0001:00000d60       ??0RRenderDriver2D_SDL_core@SDL_core@ui@modules@UModSys@@QAE@PAURTerminal_SDL_core@1234@ABUSParameters@core@4@@Z 10001d60 f i umodsys_lib_libui:umodsys.mod.ui.SDL_core.obj
 0001:00000e00       ??1RRenderDriver2D_SDL_core@SDL_core@ui@modules@UModSys@@UAE@XZ 10001e00 f i umodsys_lib_libui:umodsys.mod.ui.SDL_core.obj
 0001:00000e80       ?open@RRenderDriver2D_SDL_core@SDL_core@ui@modules@UModSys@@QAE_NABUSParameters@core@5@@Z 10001e80 f i umodsys_lib_libui:umodsys.mod.ui.SDL_core.obj
 0001:00000fd0       ?set_color@RRenderDriver2D_SDL_core@SDL_core@ui@modules@UModSys@@QAEXXZ 10001fd0 f i umodsys_lib_libui:umodsys.mod.ui.SDL_core.obj
 0001:000010c0       ?begin@RRenderDriver2D_SDL_core@SDL_core@ui@modules@UModSys@@UAEXXZ 100020c0 f i umodsys_lib_libui:umodsys.mod.ui.SDL_core.obj
 0001:000011a0       ?end@RRenderDriver2D_SDL_core@SDL_core@ui@modules@UModSys@@UAEXXZ 100021a0 f i umodsys_lib_libui:umodsys.mod.ui.SDL_core.obj
 0001:000011b0       ?get_max_values@RRenderDriver2D_SDL_core@SDL_core@ui@modules@UModSys@@UBEPBUSParameters@core@5@XZ 100021b0 f i umodsys_lib_libui:umodsys.mod.ui.SDL_core.obj
 0001:000011b0       ?get_frame_values@RRenderDriver2D_SDL_core@SDL_core@ui@modules@UModSys@@UBEPBUSParameters@core@5@XZ 100021b0 f i umodsys_lib_libui:umodsys.mod.ui.SDL_core.obj
 0001:000011c0       ?set_parameters@RRenderDriver2D_SDL_core@SDL_core@ui@modules@UModSys@@UAE_NPBDABUSParameters@core@5@@Z 100021c0 f i umodsys_lib_libui:umodsys.mod.ui.SDL_core.obj
 0001:000011c0       ?set_fixed_cell@RMultiImage2D_SDL_ttf@SDL_core@ui@modules@UModSys@@UAE_NHH@Z 100021c0 f i umodsys_lib_libui:umodsys.mod.ui.SDL_core.obj
 0001:000011c0       ?set_hint@RMultiImage2D_SDL_ttf@SDL_core@ui@modules@UModSys@@UAE_NPBD0@Z 100021c0 f i umodsys_lib_libui:umodsys.mod.ui.SDL_core.obj
 0001:000011d0       ?setup_font@RRenderDriver2D_SDL_core@SDL_core@ui@modules@UModSys@@UAE_NPAUIMultiImage@lib2d@5@PBU?$TVector2@M@math3d@5@@Z 100021d0 f i umodsys_lib_libui:umodsys.mod.ui.SDL_core.obj
 0001:00001240       ?setup_color@RRenderDriver2D_SDL_core@SDL_core@ui@modules@UModSys@@UAEXABU?$TVector3@M@math3d@5@@Z 10002240 f i umodsys_lib_libui:umodsys.mod.ui.SDL_core.obj
 0001:00001270       ?setup_color@RRenderDriver2D_SDL_core@SDL_core@ui@modules@UModSys@@UAEXABU?$TVector3@H@math3d@5@@Z 10002270 f i umodsys_lib_libui:umodsys.mod.ui.SDL_core.obj
 0001:000012c0       ?setup_coloralpha@RRenderDriver2D_SDL_core@SDL_core@ui@modules@UModSys@@UAEXABU?$TVector4@M@math3d@5@H@Z 100022c0 f i umodsys_lib_libui:umodsys.mod.ui.SDL_core.obj
 0001:00001300       ?setup_coloralpha@RRenderDriver2D_SDL_core@SDL_core@ui@modules@UModSys@@UAEXABU?$TVector4@H@math3d@5@H@Z 10002300 f i umodsys_lib_libui:umodsys.mod.ui.SDL_core.obj
 0001:00001360       ?setup_blendcolor@RRenderDriver2D_SDL_core@SDL_core@ui@modules@UModSys@@UAEXABUSBlendColor@lib2d@5@@Z 10002360 f i umodsys_lib_libui:umodsys.mod.ui.SDL_core.obj
 0001:000013c0       ?setup_blendcolor@RRenderDriver2D_SDL_core@SDL_core@ui@modules@UModSys@@UAEXABUSBlendColorf@lib2d@5@@Z 100023c0 f i umodsys_lib_libui:umodsys.mod.ui.SDL_core.obj
 0001:00001420       ?setup_alpha@RRenderDriver2D_SDL_core@SDL_core@ui@modules@UModSys@@UAEXHH@Z 10002420 f i umodsys_lib_libui:umodsys.mod.ui.SDL_core.obj
 0001:00001450       ?setup_alpha@RRenderDriver2D_SDL_core@SDL_core@ui@modules@UModSys@@UAEXMH@Z 10002450 f i umodsys_lib_libui:umodsys.mod.ui.SDL_core.obj
 0001:00001470       ?render_text_advanced@RRenderDriver2D_SDL_core@SDL_core@ui@modules@UModSys@@UAE_NAAUTextInfo@IRenderDriver@lib2d@5@PBHH@Z 10002470 f i umodsys_lib_libui:umodsys.mod.ui.SDL_core.obj
 0001:00001580       ?render_box@RRenderDriver2D_SDL_core@SDL_core@ui@modules@UModSys@@UAEXABU?$TVector2@H@math3d@5@0@Z 10002580 f i umodsys_lib_libui:umodsys.mod.ui.SDL_core.obj
 0001:000015d0       ?render_tri@RRenderDriver2D_SDL_core@SDL_core@ui@modules@UModSys@@UAEXABU?$TVector2@H@math3d@5@00@Z 100025d0 f i umodsys_lib_libui:umodsys.mod.ui.SDL_core.obj
 0001:000015e0       ?render_quad@RRenderDriver2D_SDL_core@SDL_core@ui@modules@UModSys@@UAEXABU?$TVector2@H@math3d@5@000@Z 100025e0 f i umodsys_lib_libui:umodsys.mod.ui.SDL_core.obj
 0001:000015f0       ?render_box@RRenderDriver2D_SDL_core@SDL_core@ui@modules@UModSys@@UAEXPAUIImage@lib2d@5@ABU?$TVector2@H@math3d@5@1ABU?$TVector2@M@95@2@Z 100025f0 f i umodsys_lib_libui:umodsys.mod.ui.SDL_core.obj
 0001:00001600       ?render_line@RRenderDriver2D_SDL_core@SDL_core@ui@modules@UModSys@@UAEXABU?$TVector2@H@math3d@5@0@Z 10002600 f i umodsys_lib_libui:umodsys.mod.ui.SDL_core.obj
 0001:00001630       ?render_rect@RRenderDriver2D_SDL_core@SDL_core@ui@modules@UModSys@@UAEXABU?$TVector2@H@math3d@5@0@Z 10002630 f i umodsys_lib_libui:umodsys.mod.ui.SDL_core.obj
 0001:00001680       ??_ERRenderDriver2D_SDL_core@SDL_core@ui@modules@UModSys@@UAEPAXI@Z 10002680 f i  CIL library: CIL module
 0001:00001680       ??_GRRenderDriver2D_SDL_core@SDL_core@ui@modules@UModSys@@UAEPAXI@Z 10002680 f i umodsys_lib_libui:umodsys.mod.ui.SDL_core.obj
 0001:000016a0       ?root_get_interface_info@RTerminal_SDL_core@SDL_core@ui@modules@UModSys@@UBEABUSUniquePointerInfo@core@5@XZ 100026a0 f i umodsys_lib_libui:umodsys.mod.ui.SDL_core.obj
 0001:000016b0       ?root_get_interface_type@RTerminal_SDL_core@SDL_core@ui@modules@UModSys@@UBEPBUSUniquePointerInfo@core@5@XZ 100026b0 f i umodsys_lib_libui:umodsys.mod.ui.SDL_core.obj
 0001:000016c0       ?root_get_other_interface@RTerminal_SDL_core@SDL_core@ui@modules@UModSys@@UAEPAUIRoot@core@5@PBUSUniquePointerInfo@75@@Z 100026c0 f i umodsys_lib_libui:umodsys.mod.ui.SDL_core.obj
 0001:000016c0       ?root_get_other_interface@RTerminal_SDL_core@SDL_core@ui@modules@UModSys@@UBEPBUIRoot@core@5@PBUSUniquePointerInfo@75@@Z 100026c0 f i umodsys_lib_libui:umodsys.mod.ui.SDL_core.obj
 0001:000016f0       ?root_is_interface_supported@RTerminal_SDL_core@SDL_core@ui@modules@UModSys@@UBE_NPBUSUniquePointerInfo@core@5@@Z 100026f0 f i umodsys_lib_libui:umodsys.mod.ui.SDL_core.obj
 0001:00001730       ??0RTerminal_SDL_core@SDL_core@ui@modules@UModSys@@QAE@PAUIModObject@base@4@ABUSParameters@core@4@@Z 10002730 f i umodsys_lib_libui:umodsys.mod.ui.SDL_core.obj
 0001:000017c0       ??1RTerminal_SDL_core@SDL_core@ui@modules@UModSys@@UAE@XZ 100027c0 f i umodsys_lib_libui:umodsys.mod.ui.SDL_core.obj
 0001:00001830       ?poll_events@RTerminal_SDL_core@SDL_core@ui@modules@UModSys@@UAE_NH@Z 10002830 f i umodsys_lib_libui:umodsys.mod.ui.SDL_core.obj
 0001:000018c0       ?get_terminal_state@RTerminal_SDL_core@SDL_core@ui@modules@UModSys@@UAE_NW4eTerminalState@libui@5@@Z 100028c0 f i umodsys_lib_libui:umodsys.mod.ui.SDL_core.obj
 0001:000018e0       ?set_terminal_state@RTerminal_SDL_core@SDL_core@ui@modules@UModSys@@UAE_NW4eTerminalState@libui@5@_N@Z 100028e0 f i umodsys_lib_libui:umodsys.mod.ui.SDL_core.obj
 0001:00001930       ?get_clock@RTerminal_SDL_core@SDL_core@ui@modules@UModSys@@UAENXZ 10002930 f i umodsys_lib_libui:umodsys.mod.ui.SDL_core.obj
 0001:00001950       ?wait@RTerminal_SDL_core@SDL_core@ui@modules@UModSys@@UAE_NM@Z 10002950 f i umodsys_lib_libui:umodsys.mod.ui.SDL_core.obj
 0001:00001990       ?get_count@RTerminal_SDL_core@SDL_core@ui@modules@UModSys@@UBEIPBUSUniquePointerInfo@core@5@@Z 10002990 f i umodsys_lib_libui:umodsys.mod.ui.SDL_core.obj
 0001:000019b0       ?get_handler@RTerminal_SDL_core@SDL_core@ui@modules@UModSys@@UBEPAUIRefObject@core@5@PBUSUniquePointerInfo@75@I@Z 100029b0 f i umodsys_lib_libui:umodsys.mod.ui.SDL_core.obj
 0001:000019d0       ?get_friend_handler@RTerminal_SDL_core@SDL_core@ui@modules@UModSys@@UBEPAUIRefObject@core@5@PBUSUniquePointerInfo@75@PAU675@@Z 100029d0 f i umodsys_lib_libui:umodsys.mod.ui.SDL_core.obj
 0001:000019d0       ?get_handler@RTerminal_SDL_core@SDL_core@ui@modules@UModSys@@UBEPAUIRefObject@core@5@PBUSUniquePointerInfo@75@PBD@Z 100029d0 f i umodsys_lib_libui:umodsys.mod.ui.SDL_core.obj
 0001:000019e0       ?create_handler@RTerminal_SDL_core@SDL_core@ui@modules@UModSys@@UAE_NPBUSUniquePointerInfo@core@5@AAU?$TRefObject@UIRefObject@core@UModSys@@U?$TRefObjectFunc@UIRefObject@core@UModSys@@@tl@3@@tl@5@PBDPBUSParameters@75@@Z 100029e0 f i umodsys_lib_libui:umodsys.mod.ui.SDL_core.obj
 0001:00001af0       ??_GRTerminal_SDL_core@SDL_core@ui@modules@UModSys@@UAEPAXI@Z 10002af0 f i umodsys_lib_libui:umodsys.mod.ui.SDL_core.obj
 0001:00001af0       ??_ERTerminal_SDL_core@SDL_core@ui@modules@UModSys@@UAEPAXI@Z 10002af0 f i  CIL library: CIL module
 0001:00001b10       ?get_generated_names@RGenerator@SDL_core@ui@modules@UModSys@@UBEHAAUSUniquePtrList@core@5@@Z 10002b10 f i umodsys_lib_libui:umodsys.mod.ui.SDL_core.obj
 0001:00001b40       ?get_generated_types@RGenerator@SDL_core@ui@modules@UModSys@@UBEHAAUSUniquePtrList@core@5@PBUSUniquePointerInfo@75@@Z 10002b40 f i umodsys_lib_libui:umodsys.mod.ui.SDL_core.obj
 0001:00001bb0       ?generate@RGenerator@SDL_core@ui@modules@UModSys@@UAE_NAAU?$TRefObject@UIRefObject@core@UModSys@@U?$TRefObjectFunc@UIRefObject@core@UModSys@@@tl@3@@tl@5@PBUSUniquePointerInfo@core@5@ABUSParameters@95@@Z 10002bb0 f i umodsys_lib_libui:umodsys.mod.ui.SDL_core.obj
 0001:00001c00       ?root_get_interface_info@RGenerator@SDL_core@ui@modules@UModSys@@UBEABUSUniquePointerInfo@core@5@XZ 10002c00 f i umodsys_lib_libui:umodsys.mod.ui.SDL_core.obj
 0001:00001c10       ?root_get_interface_type@RGenerator@SDL_core@ui@modules@UModSys@@UBEPBUSUniquePointerInfo@core@5@XZ 10002c10 f i umodsys_lib_libui:umodsys.mod.ui.SDL_core.obj
 0001:00001c20       ?root_get_other_interface@RGenerator@SDL_core@ui@modules@UModSys@@UBEPBUIRoot@core@5@PBUSUniquePointerInfo@75@@Z 10002c20 f i umodsys_lib_libui:umodsys.mod.ui.SDL_core.obj
 0001:00001c20       ?root_get_other_interface@RGenerator@SDL_core@ui@modules@UModSys@@UAEPAUIRoot@core@5@PBUSUniquePointerInfo@75@@Z 10002c20 f i umodsys_lib_libui:umodsys.mod.ui.SDL_core.obj
 0001:00001c60       ?root_is_interface_supported@RGenerator@SDL_core@ui@modules@UModSys@@UBE_NPBUSUniquePointerInfo@core@5@@Z 10002c60 f i umodsys_lib_libui:umodsys.mod.ui.SDL_core.obj
 0001:00001ca0       ?get_uid@RGenerator@SDL_core@ui@modules@UModSys@@UBEPBUSUniquePointerInfo@core@5@XZ 10002ca0 f i umodsys_lib_libui:umodsys.mod.ui.SDL_core.obj
 0001:00001cb0       ?do_open@RModuleReg@SDL_core@ui@modules@UModSys@@UAE_NXZ 10002cb0 f i umodsys_lib_libui:umodsys.mod.ui.SDL_core.obj
 0001:00001cc0       ?do_close@RModuleReg@SDL_core@ui@modules@UModSys@@UAE_NXZ 10002cc0 f i umodsys_lib_libui:umodsys.mod.ui.SDL_core.obj
 0001:00001cd0       ??_GRModuleReg@SDL_core@ui@modules@UModSys@@UAEPAXI@Z 10002cd0 f i umodsys_lib_libui:umodsys.mod.ui.SDL_core.obj
 0001:00001cd0       ??_ERModuleReg@SDL_core@ui@modules@UModSys@@UAEPAXI@Z 10002cd0 f i  CIL library: CIL module
 0001:00001d00       ?obj_delete@?$TRefObjectLinksParent@URRenderDriver2D_SDL_core@SDL_core@ui@modules@UModSys@@URTerminal_SDL_core@2345@@tl@UModSys@@QBEXPAURRenderDriver2D_SDL_core@SDL_core@ui@modules@3@@Z 10002d00 f i umodsys_lib_libui:umodsys.mod.ui.SDL_core.obj
 0001:00001d70       ??$t_close@U?$TRefObject@URRenderDriver2D_SDL_core@SDL_core@ui@modules@UModSys@@U?$TRefObjectWeakFunc@URRenderDriver2D_SDL_core@SDL_core@ui@modules@UModSys@@@tl@5@@tl@UModSys@@@SDL_core@ui@modules@UModSys@@YA_NAAU?$TScatterArray@U?$TRefObject@URRenderDriver2D_SDL_core@SDL_core@ui@modules@UModSys@@U?$TRefObjectWeakFunc@URRenderDriver2D_SDL_core@SDL_core@ui@modules@UModSys@@@tl@5@@tl@UModSys@@HU?$TScalarCompare@H@core@3@U?$TNodeDeleter0@U?$TScatterArrayNode@U?$TRefObject@URRenderDriver2D_SDL_core@SDL_core@ui@modules@UModSys@@U?$TRefObjectWeakFunc@URRenderDriver2D_SDL_core@SDL_core@ui@modules@UModSys@@@tl@5@@tl@UModSys@@H@tl@UModSys@@@23@@tl@3@@Z 10002d70 f i umodsys_lib_libui:umodsys.mod.ui.SDL_core.obj
 0001:00001e20       ??$t_count@U?$TRefObject@URRenderDriver2D_SDL_core@SDL_core@ui@modules@UModSys@@U?$TRefObjectWeakFunc@URRenderDriver2D_SDL_core@SDL_core@ui@modules@UModSys@@@tl@5@@tl@UModSys@@@SDL_core@ui@modules@UModSys@@YAIABU?$TScatterArray@U?$TRefObject@URRenderDriver2D_SDL_core@SDL_core@ui@modules@UModSys@@U?$TRefObjectWeakFunc@URRenderDriver2D_SDL_core@SDL_core@ui@modules@UModSys@@@tl@5@@tl@UModSys@@HU?$TScalarCompare@H@core@3@U?$TNodeDeleter0@U?$TScatterArrayNode@U?$TRefObject@URRenderDriver2D_SDL_core@SDL_core@ui@modules@UModSys@@U?$TRefObjectWeakFunc@URRenderDriver2D_SDL_core@SDL_core@ui@modules@UModSys@@@tl@5@@tl@UModSys@@H@tl@UModSys@@@23@@tl@3@@Z 10002e20 f i umodsys_lib_libui:umodsys.mod.ui.SDL_core.obj
 0001:00001e90       ??$t_get@U?$TRefObject@URRenderDriver2D_SDL_core@SDL_core@ui@modules@UModSys@@U?$TRefObjectWeakFunc@URRenderDriver2D_SDL_core@SDL_core@ui@modules@UModSys@@@tl@5@@tl@UModSys@@@SDL_core@ui@modules@UModSys@@YAPAUIRefObject@core@3@ABU?$TScatterArray@U?$TRefObject@URRenderDriver2D_SDL_core@SDL_core@ui@modules@UModSys@@U?$TRefObjectWeakFunc@URRenderDriver2D_SDL_core@SDL_core@ui@modules@UModSys@@@tl@5@@tl@UModSys@@HU?$TScalarCompare@H@core@3@U?$TNodeDeleter0@U?$TScatterArrayNode@U?$TRefObject@URRenderDriver2D_SDL_core@SDL_core@ui@modules@UModSys@@U?$TRefObjectWeakFunc@URRenderDriver2D_SDL_core@SDL_core@ui@modules@UModSys@@@tl@5@@tl@UModSys@@H@tl@UModSys@@@23@@tl@3@I@Z 10002e90 f i umodsys_lib_libui:umodsys.mod.ui.SDL_core.obj
 0001:00001f20       ??$ValidateConstruction@UIRefObject@core@UModSys@@URRenderDriver2D_SDL_core@SDL_core@ui@modules@3@@core@UModSys@@YA_NAAU?$TRefObject@UIRefObject@core@UModSys@@U?$TRefObjectFunc@UIRefObject@core@UModSys@@@tl@3@@tl@1@U?$TRefObject@URRenderDriver2D_SDL_core@SDL_core@ui@modules@UModSys@@U?$TRefObjectFunc@URRenderDriver2D_SDL_core@SDL_core@ui@modules@UModSys@@@tl@5@@31@@Z 10002f20 f i umodsys_lib_libui:umodsys.mod.ui.SDL_core.obj
 0001:00001fc0       ??$t_add@U?$TRefObject@URRenderDriver2D_SDL_core@SDL_core@ui@modules@UModSys@@U?$TRefObjectWeakFunc@URRenderDriver2D_SDL_core@SDL_core@ui@modules@UModSys@@@tl@5@@tl@UModSys@@URRenderDriver2D_SDL_core@SDL_core@ui@modules@3@@SDL_core@ui@modules@UModSys@@YA_NAAU?$TScatterArray@U?$TRefObject@URRenderDriver2D_SDL_core@SDL_core@ui@modules@UModSys@@U?$TRefObjectWeakFunc@URRenderDriver2D_SDL_core@SDL_core@ui@modules@UModSys@@@tl@5@@tl@UModSys@@HU?$TScalarCompare@H@core@3@U?$TNodeDeleter0@U?$TScatterArrayNode@U?$TRefObject@URRenderDriver2D_SDL_core@SDL_core@ui@modules@UModSys@@U?$TRefObjectWeakFunc@URRenderDriver2D_SDL_core@SDL_core@ui@modules@UModSys@@@tl@5@@tl@UModSys@@H@tl@UModSys@@@23@@tl@3@PAURRenderDriver2D_SDL_core@0123@@Z 10002fc0 f i umodsys_lib_libui:umodsys.mod.ui.SDL_core.obj
 0001:00002010       ??$t_gen_param@URTerminal_SDL_core@SDL_core@ui@modules@UModSys@@URGenerator@2345@@IGenerator@base@UModSys@@IAE_NPAURGenerator@SDL_core@ui@modules@2@AAU?$TRefObject@UIRefObject@core@UModSys@@U?$TRefObjectFunc@UIRefObject@core@UModSys@@@tl@3@@tl@2@PBUSUniquePointerInfo@core@2@ABUSParameters@core@2@@Z 10003010 f i umodsys_lib_libui:umodsys.mod.ui.SDL_core.obj
 0001:00002090       ??$t_gen_param@URMultiImage2D_SDL_ttf@SDL_core@ui@modules@UModSys@@URGenerator@2345@@IGenerator@base@UModSys@@IAE_NPAURGenerator@SDL_core@ui@modules@2@AAU?$TRefObject@UIRefObject@core@UModSys@@U?$TRefObjectFunc@UIRefObject@core@UModSys@@@tl@3@@tl@2@PBUSUniquePointerInfo@core@2@ABUSParameters@core@2@@Z 10003090 f i umodsys_lib_libui:umodsys.mod.ui.SDL_core.obj
 0001:00002100       ??_3?$TRefObject@URRenderDriver2D_SDL_core@SDL_core@ui@modules@UModSys@@U?$TRefObjectWeakFunc@URRenderDriver2D_SDL_core@SDL_core@ui@modules@UModSys@@@tl@5@@tl@UModSys@@QAEABU012@PAURRenderDriver2D_SDL_core@SDL_core@ui@modules@2@@Z 10003100 f i umodsys_lib_libui:umodsys.mod.ui.SDL_core.obj
 0001:00002160       ??$ValidateConstruction@UIRefObject@core@UModSys@@URMultiImage2D_SDL_ttf@SDL_core@ui@modules@3@@core@UModSys@@YA_NAAU?$TRefObject@UIRefObject@core@UModSys@@U?$TRefObjectFunc@UIRefObject@core@UModSys@@@tl@3@@tl@1@PAURMultiImage2D_SDL_ttf@SDL_core@ui@modules@1@@Z 10003160 f i umodsys_lib_libui:umodsys.mod.ui.SDL_core.obj
 0001:000021f0       ??$process_nodes_r@U?$TNodeDeleter0@U?$TScatterArrayNode@U?$TRefObject@URRenderDriver2D_SDL_core@SDL_core@ui@modules@UModSys@@U?$TRefObjectWeakFunc@URRenderDriver2D_SDL_core@SDL_core@ui@modules@UModSys@@@tl@5@@tl@UModSys@@H@tl@UModSys@@@tl@UModSys@@@?$TTreeHoldRB@U?$TScatterArrayNode@U?$TRefObject@URRenderDriver2D_SDL_core@SDL_core@ui@modules@UModSys@@U?$TRefObjectWeakFunc@URRenderDriver2D_SDL_core@SDL_core@ui@modules@UModSys@@@tl@5@@tl@UModSys@@H@tl@UModSys@@@tl@UModSys@@KAHPAU?$TScatterArrayNode@U?$TRefObject@URRenderDriver2D_SDL_core@SDL_core@ui@modules@UModSys@@U?$TRefObjectWeakFunc@URRenderDriver2D_SDL_core@SDL_core@ui@modules@UModSys@@@tl@5@@tl@UModSys@@H@12@ABU?$TNodeDeleter0@U?$TScatterArrayNode@U?$TRefObject@URRenderDriver2D_SDL_core@SDL_core@ui@modules@UModSys@@U?$TRefObjectWeakFunc@URRenderDriver2D_SDL_core@SDL_core@ui@modules@UModSys@@@tl@5@@tl@UModSys@@H@tl@UModSys@@@12@@Z 100031f0 f i umodsys_lib_libui:umodsys.mod.ui.SDL_core.obj
 0001:00002270       ??$genx_node@UCmp@?$TScatterArray@U?$TRefObject@URRenderDriver2D_SDL_core@SDL_core@ui@modules@UModSys@@U?$TRefObjectWeakFunc@URRenderDriver2D_SDL_core@SDL_core@ui@modules@UModSys@@@tl@5@@tl@UModSys@@HU?$TScalarCompare@H@core@3@U?$TNodeDeleter0@U?$TScatterArrayNode@U?$TRefObject@URRenderDriver2D_SDL_core@SDL_core@ui@modules@UModSys@@U?$TRefObjectWeakFunc@URRenderDriver2D_SDL_core@SDL_core@ui@modules@UModSys@@@tl@5@@tl@UModSys@@H@tl@UModSys@@@23@@tl@UModSys@@UGen0@234@@?$TTreeHoldRBD@U?$TScatterArrayNode@U?$TRefObject@URRenderDriver2D_SDL_core@SDL_core@ui@modules@UModSys@@U?$TRefObjectWeakFunc@URRenderDriver2D_SDL_core@SDL_core@ui@modules@UModSys@@@tl@5@@tl@UModSys@@H@tl@UModSys@@U?$TNodeDeleter0@U?$TScatterArrayNode@U?$TRefObject@URRenderDriver2D_SDL_core@SDL_core@ui@modules@UModSys@@U?$TRefObjectWeakFunc@URRenderDriver2D_SDL_core@SDL_core@ui@modules@UModSys@@@tl@5@@tl@UModSys@@H@tl@UModSys@@@23@@tl@UModSys@@QAEPAU?$TScatterArrayNode@U?$TRefObject@URRenderDriver2D_SDL_core@SDL_core@ui@modules@UModSys@@U?$TRefObjectWeakFunc@URRenderDriver2D_SDL_core@SDL_core@ui@modules@UModSys@@@tl@5@@tl@UModSys@@H@12@UCmp@?$TScatterArray@U?$TRefObject@URRenderDriver2D_SDL_core@SDL_core@ui@modules@UModSys@@U?$TRefObjectWeakFunc@URRenderDriver2D_SDL_core@SDL_core@ui@modules@UModSys@@@tl@5@@tl@UModSys@@HU?$TScalarCompare@H@core@3@U?$TNodeDeleter0@U?$TScatterArrayNode@U?$TRefObject@URRenderDriver2D_SDL_core@SDL_core@ui@modules@UModSys@@U?$TRefObjectWeakFunc@URRenderDriver2D_SDL_core@SDL_core@ui@modules@UModSys@@@tl@5@@tl@UModSys@@H@tl@UModSys@@@23@@12@ABUGen0@512@PAPAU312@2_N@Z 10003270 f i umodsys_lib_libui:umodsys.mod.ui.SDL_core.obj
 0001:000022e0       ?sub_insert_node@?$TTreeHoldRB@U?$TScatterArrayNode@U?$TRefObject@URRenderDriver2D_SDL_core@SDL_core@ui@modules@UModSys@@U?$TRefObjectWeakFunc@URRenderDriver2D_SDL_core@SDL_core@ui@modules@UModSys@@@tl@5@@tl@UModSys@@H@tl@UModSys@@@tl@UModSys@@QAEXPAU?$TScatterArrayNode@U?$TRefObject@URRenderDriver2D_SDL_core@SDL_core@ui@modules@UModSys@@U?$TRefObjectWeakFunc@URRenderDriver2D_SDL_core@SDL_core@ui@modules@UModSys@@@tl@5@@tl@UModSys@@H@23@0H@Z 100032e0 f i umodsys_lib_libui:umodsys.mod.ui.SDL_core.obj
 0001:00002350       ??RGen0@?$TScatterArray@U?$TRefObject@URRenderDriver2D_SDL_core@SDL_core@ui@modules@UModSys@@U?$TRefObjectWeakFunc@URRenderDriver2D_SDL_core@SDL_core@ui@modules@UModSys@@@tl@5@@tl@UModSys@@HU?$TScalarCompare@H@core@3@U?$TNodeDeleter0@U?$TScatterArrayNode@U?$TRefObject@URRenderDriver2D_SDL_core@SDL_core@ui@modules@UModSys@@U?$TRefObjectWeakFunc@URRenderDriver2D_SDL_core@SDL_core@ui@modules@UModSys@@@tl@5@@tl@UModSys@@H@tl@UModSys@@@23@@tl@UModSys@@QBEPAU?$TScatterArrayNode@U?$TRefObject@URRenderDriver2D_SDL_core@SDL_core@ui@modules@UModSys@@U?$TRefObjectWeakFunc@URRenderDriver2D_SDL_core@SDL_core@ui@modules@UModSys@@@tl@5@@tl@UModSys@@H@23@ABUCmp@123@ABU?$TTreeHoldRBD@U?$TScatterArrayNode@U?$TRefObject@URRenderDriver2D_SDL_core@SDL_core@ui@modules@UModSys@@U?$TRefObjectWeakFunc@URRenderDriver2D_SDL_core@SDL_core@ui@modules@UModSys@@@tl@5@@tl@UModSys@@H@tl@UModSys@@U?$TNodeDeleter0@U?$TScatterArrayNode@U?$TRefObject@URRenderDriver2D_SDL_core@SDL_core@ui@modules@UModSys@@U?$TRefObjectWeakFunc@URRenderDriver2D_SDL_core@SDL_core@ui@modules@UModSys@@@tl@5@@tl@UModSys@@H@tl@UModSys@@@23@@23@@Z 10003350 f i umodsys_lib_libui:umodsys.mod.ui.SDL_core.obj
 0001:000023c0       ??1?$TRefObject@URRenderDriver2D_SDL_core@SDL_core@ui@modules@UModSys@@U?$TRefObjectWeakFunc@URRenderDriver2D_SDL_core@SDL_core@ui@modules@UModSys@@@tl@5@@tl@UModSys@@QAE@XZ 100033c0 f i umodsys_lib_libui:umodsys.mod.ui.SDL_core.obj
 0001:000023f0       ?insert_color@?$TTreeHoldRB@U?$TScatterArrayNode@U?$TRefObject@URRenderDriver2D_SDL_core@SDL_core@ui@modules@UModSys@@U?$TRefObjectWeakFunc@URRenderDriver2D_SDL_core@SDL_core@ui@modules@UModSys@@@tl@5@@tl@UModSys@@H@tl@UModSys@@@tl@UModSys@@IAEXPAU?$TScatterArrayNode@U?$TRefObject@URRenderDriver2D_SDL_core@SDL_core@ui@modules@UModSys@@U?$TRefObjectWeakFunc@URRenderDriver2D_SDL_core@SDL_core@ui@modules@UModSys@@@tl@5@@tl@UModSys@@H@23@@Z 100033f0 f i umodsys_lib_libui:umodsys.mod.ui.SDL_core.obj
 0001:00002590       ?alloc@SMemShared@core@UModSys@@QAE_NIPAUSSourceContext@23@@Z 10003590 f i umodsys_lib_libmedia:umodsys.mod.media.images_std.obj
 0001:000025d0       ?get@SMemShared@core@UModSys@@QBE?AUSMem@23@XZ 100035d0 f i umodsys_lib_libmedia:umodsys.mod.media.images_std.obj
 0001:00002620       ?get@SParameters@core@UModSys@@QBE_NPBDAA_N@Z 10003620 f i umodsys_lib_libmedia:umodsys.mod.media.images_std.obj
 0001:00002660       ?is_extension_nocase@libmedia@UModSys@@YA_NABU?$TString@U?$TSCoreConst@D@su@tl@UModSys@@U?$TComparerBinaryHash@D@234@@tl@2@0@Z 10003660 f i umodsys_lib_libmedia:umodsys.mod.media.images_std.obj
 0001:00002690       ?root_get_interface_info@RMediaFilter@images_std@media@modules@UModSys@@UBEABUSUniquePointerInfo@core@5@XZ 10003690 f i umodsys_lib_libmedia:umodsys.mod.media.images_std.obj
 0001:000026a0       ?root_get_interface_type@RMediaFilter@images_std@media@modules@UModSys@@UBEPBUSUniquePointerInfo@core@5@XZ 100036a0 f i umodsys_lib_libmedia:umodsys.mod.media.images_std.obj
 0001:000026b0       ?root_get_interface_types@RTest1_Shell@test1@test@modules@UModSys@@UBEIAAUSUniquePtrList@core@5@@Z 100036b0 f i plugin_test1.obj
 0001:000026b0       ?root_get_interface_types@RMediaFilter@images_std@media@modules@UModSys@@UBEIAAUSUniquePtrList@core@5@@Z 100036b0 f i umodsys_lib_libmedia:umodsys.mod.media.images_std.obj
 0001:000026b0       ?root_get_interface_types@RTerminal_SDL_core@SDL_core@ui@modules@UModSys@@UBEIAAUSUniquePtrList@core@5@@Z 100036b0 f i umodsys_lib_libui:umodsys.mod.ui.SDL_core.obj
 0001:000026b0       ?root_get_interface_types@RRenderDriver2D_SDL_core@SDL_core@ui@modules@UModSys@@UBEIAAUSUniquePtrList@core@5@@Z 100036b0 f i umodsys_lib_libui:umodsys.mod.ui.SDL_core.obj
 0001:000026b0       ?root_get_interface_types@RGenerator@images_std@media@modules@UModSys@@UBEIAAUSUniquePtrList@core@5@@Z 100036b0 f i umodsys_lib_libmedia:umodsys.mod.media.images_std.obj
 0001:000026b0       ?root_get_interface_types@RGenerator@test1@test@modules@UModSys@@UBEIAAUSUniquePtrList@core@5@@Z 100036b0 f i plugin_test1.obj
 0001:000026b0       ?root_get_interface_types@RGenerator@SDL_core@ui@modules@UModSys@@UBEIAAUSUniquePtrList@core@5@@Z 100036b0 f i umodsys_lib_libui:umodsys.mod.ui.SDL_core.obj
 0001:000026b0       ?root_get_interface_types@RMultiImage2D_SDL_ttf@SDL_core@ui@modules@UModSys@@UBEIAAUSUniquePtrList@core@5@@Z 100036b0 f i umodsys_lib_libui:umodsys.mod.ui.SDL_core.obj
 0001:000026c0       ?root_get_other_interface@RMediaFilter@images_std@media@modules@UModSys@@UBEPBUIRoot@core@5@PBUSUniquePointerInfo@75@@Z 100036c0 f i umodsys_lib_libmedia:umodsys.mod.media.images_std.obj
 0001:000026c0       ?root_get_other_interface@RMediaFilter@images_std@media@modules@UModSys@@UAEPAUIRoot@core@5@PBUSUniquePointerInfo@75@@Z 100036c0 f i umodsys_lib_libmedia:umodsys.mod.media.images_std.obj
 0001:000026f0       ?root_is_interface_supported@RMediaFilter@images_std@media@modules@UModSys@@UBE_NPBUSUniquePointerInfo@core@5@@Z 100036f0 f i umodsys_lib_libmedia:umodsys.mod.media.images_std.obj
 0001:00002730       ?ref_add@RMediaFilter@images_std@media@modules@UModSys@@UBEXXZ 10003730 f i umodsys_lib_libmedia:umodsys.mod.media.images_std.obj
 0001:00002740       ?ref_remove@RMediaFilter@images_std@media@modules@UModSys@@UBEXXZ 10003740 f i umodsys_lib_libmedia:umodsys.mod.media.images_std.obj
 0001:00002750       ?ref_links@RMediaFilter@images_std@media@modules@UModSys@@UBEHXZ 10003750 f i umodsys_lib_libmedia:umodsys.mod.media.images_std.obj
 0001:00002760       ?ref_weak@RMediaFilter@images_std@media@modules@UModSys@@UBE_NAAUWeakPointer@IRefObject@core@5@@Z 10003760 f i umodsys_lib_libmedia:umodsys.mod.media.images_std.obj
 0001:00002780       ?suicide@RMediaFilter@images_std@media@modules@UModSys@@UAEXXZ 10003780 f i umodsys_lib_libmedia:umodsys.mod.media.images_std.obj
 0001:00002790       ?get_flag@RMediaFilter@images_std@media@modules@UModSys@@UBE?AW4eStates@?$TFlags4State@USMediaFlagUid@libmedia@UModSys@@I@tl@5@H@Z 10003790 f i umodsys_lib_libmedia:umodsys.mod.media.images_std.obj
 0001:000027b0       ?get_flags_auto@RMediaFilter@images_std@media@modules@UModSys@@UBE?AU?$TFlags4State@USMediaFlagUid@libmedia@UModSys@@I@tl@5@XZ 100037b0 f i umodsys_lib_libmedia:umodsys.mod.media.images_std.obj
 0001:000027c0       ?set_flag@RMediaFilter@images_std@media@modules@UModSys@@UAE?AW4eStates@?$TFlags4State@USMediaFlagUid@libmedia@UModSys@@I@tl@5@HW46785@@Z 100037c0 f i umodsys_lib_libmedia:umodsys.mod.media.images_std.obj
 0001:000027f0       ??0RMediaFilter@images_std@media@modules@UModSys@@QAE@PAUIModObject@base@4@ABUSParameters@core@4@@Z 100037f0 f i umodsys_lib_libmedia:umodsys.mod.media.images_std.obj
 0001:000028c0       ??1RMediaFilter@images_std@media@modules@UModSys@@UAE@XZ 100038c0 f i umodsys_lib_libmedia:umodsys.mod.media.images_std.obj
 0001:00002930       ??_ERMediaFilter@images_std@media@modules@UModSys@@UAEPAXI@Z 10003930 f i  CIL library: CIL module
 0001:00002930       ??_GRMediaFilter@images_std@media@modules@UModSys@@UAEPAXI@Z 10003930 f i umodsys_lib_libmedia:umodsys.mod.media.images_std.obj
 0001:00002950       ?get_generated_names@RGenerator@images_std@media@modules@UModSys@@UBEHAAUSUniquePtrList@core@5@@Z 10003950 f i umodsys_lib_libmedia:umodsys.mod.media.images_std.obj
 0001:00002970       ?get_generated_types@RGenerator@images_std@media@modules@UModSys@@UBEHAAUSUniquePtrList@core@5@PBUSUniquePointerInfo@75@@Z 10003970 f i umodsys_lib_libmedia:umodsys.mod.media.images_std.obj
 0001:000029c0       ?generate@RGenerator@images_std@media@modules@UModSys@@UAE_NAAU?$TRefObject@UIRefObject@core@UModSys@@U?$TRefObjectFunc@UIRefObject@core@UModSys@@@tl@3@@tl@5@PBUSUniquePointerInfo@core@5@ABUSParameters@95@@Z 100039c0 f i umodsys_lib_libmedia:umodsys.mod.media.images_std.obj
 0001:000029f0       ?root_get_interface_info@RGenerator@images_std@media@modules@UModSys@@UBEABUSUniquePointerInfo@core@5@XZ 100039f0 f i umodsys_lib_libmedia:umodsys.mod.media.images_std.obj
 0001:00002a00       ?root_get_interface_type@RGenerator@images_std@media@modules@UModSys@@UBEPBUSUniquePointerInfo@core@5@XZ 10003a00 f i umodsys_lib_libmedia:umodsys.mod.media.images_std.obj
 0001:00002a10       ?root_get_other_interface@RGenerator@images_std@media@modules@UModSys@@UBEPBUIRoot@core@5@PBUSUniquePointerInfo@75@@Z 10003a10 f i umodsys_lib_libmedia:umodsys.mod.media.images_std.obj
 0001:00002a10       ?root_get_other_interface@RGenerator@images_std@media@modules@UModSys@@UAEPAUIRoot@core@5@PBUSUniquePointerInfo@75@@Z 10003a10 f i umodsys_lib_libmedia:umodsys.mod.media.images_std.obj
 0001:00002a50       ?root_is_interface_supported@RGenerator@images_std@media@modules@UModSys@@UBE_NPBUSUniquePointerInfo@core@5@@Z 10003a50 f i umodsys_lib_libmedia:umodsys.mod.media.images_std.obj
 0001:00002a90       ?ref_add@RTerminal_SDL_core@SDL_core@ui@modules@UModSys@@UBEXXZ 10003a90 f i umodsys_lib_libui:umodsys.mod.ui.SDL_core.obj
 0001:00002a90       ?ref_add@RTest1_Shell@test1@test@modules@UModSys@@UBEXXZ 10003a90 f i plugin_test1.obj
 0001:00002a90       ?ref_add@RMultiImage2D_SDL_ttf@SDL_core@ui@modules@UModSys@@UBEXXZ 10003a90 f i umodsys_lib_libui:umodsys.mod.ui.SDL_core.obj
 0001:00002a90       ?ref_add@RGenerator@images_std@media@modules@UModSys@@UBEXXZ 10003a90 f i umodsys_lib_libmedia:umodsys.mod.media.images_std.obj
 0001:00002a90       ?ref_add@RGenerator@test1@test@modules@UModSys@@UBEXXZ 10003a90 f i plugin_test1.obj
 0001:00002a90       ?ref_add@RGenerator@SDL_core@ui@modules@UModSys@@UBEXXZ 10003a90 f i umodsys_lib_libui:umodsys.mod.ui.SDL_core.obj
 0001:00002a90       ?ref_add@RRenderDriver2D_SDL_core@SDL_core@ui@modules@UModSys@@UBEXXZ 10003a90 f i umodsys_lib_libui:umodsys.mod.ui.SDL_core.obj
 0001:00002aa0       ?get_uid@RGenerator@images_std@media@modules@UModSys@@UBEPBUSUniquePointerInfo@core@5@XZ 10003aa0 f i umodsys_lib_libmedia:umodsys.mod.media.images_std.obj
 0001:00002ab0       ?do_open@RModuleReg@images_std@media@modules@UModSys@@UAE_NXZ 10003ab0 f i umodsys_lib_libmedia:umodsys.mod.media.images_std.obj
 0001:00002ac0       ?do_close@RModuleReg@images_std@media@modules@UModSys@@UAE_NXZ 10003ac0 f i umodsys_lib_libmedia:umodsys.mod.media.images_std.obj
 0001:00002ad0       ??_GRModuleReg@images_std@media@modules@UModSys@@UAEPAXI@Z 10003ad0 f i umodsys_lib_libmedia:umodsys.mod.media.images_std.obj
 0001:00002ad0       ??_ERModuleReg@images_std@media@modules@UModSys@@UAEPAXI@Z 10003ad0 f i  CIL library: CIL module
 0001:00002b00       ??$t_gen_param@URMediaFilter@images_std@media@modules@UModSys@@URGenerator@2345@@IGenerator@base@UModSys@@IAE_NPAURGenerator@images_std@media@modules@2@AAU?$TRefObject@UIRefObject@core@UModSys@@U?$TRefObjectFunc@UIRefObject@core@UModSys@@@tl@3@@tl@2@PBUSUniquePointerInfo@core@2@ABUSParameters@core@2@@Z 10003b00 f i umodsys_lib_libmedia:umodsys.mod.media.images_std.obj
 0001:00002b70       ??$ValidateConstruction@UIRefObject@core@UModSys@@URMediaFilter@images_std@media@modules@3@@core@UModSys@@YA_NAAU?$TRefObject@UIRefObject@core@UModSys@@U?$TRefObjectFunc@UIRefObject@core@UModSys@@@tl@3@@tl@1@PAURMediaFilter@images_std@media@modules@1@@Z 10003b70 f i umodsys_lib_libmedia:umodsys.mod.media.images_std.obj
 0001:00002b70       ??$ValidateConstruction@UIRefObject@core@UModSys@@URTerminal_SDL_core@SDL_core@ui@modules@3@@core@UModSys@@YA_NAAU?$TRefObject@UIRefObject@core@UModSys@@U?$TRefObjectFunc@UIRefObject@core@UModSys@@@tl@3@@tl@1@PAURTerminal_SDL_core@SDL_core@ui@modules@1@@Z 10003b70 f i umodsys_lib_libui:umodsys.mod.ui.SDL_core.obj
 0001:00002bf0       ??_GRModuleLibraryReg_Chain@base@UModSys@@UAEPAXI@Z 10003bf0 f i umodsys_lib_base:umodsys.base.moduleregchain.obj
 0001:00002bf0       ??_ERModuleLibraryReg_Chain@base@UModSys@@UAEPAXI@Z 10003bf0 f i  CIL library: CIL module
 0001:00002c10       ??_EIModuleReg@base@UModSys@@UAEPAXI@Z 10003c10 f i  CIL library: CIL module
 0001:00002c10       ??_GIModuleReg@base@UModSys@@UAEPAXI@Z 10003c10 f i umodsys_lib_base:umodsys.base.modulereg.obj
 0001:00002c30       ??_GIModuleLibraryReg@base@UModSys@@UAEPAXI@Z 10003c30 f i umodsys_lib_base:umodsys.base.modulereg.obj
 0001:00002c30       ??_EIModuleLibraryReg@base@UModSys@@UAEPAXI@Z 10003c30 f i  CIL library: CIL module
 0001:00002c50       ?Find@?$TSet@U?$TArray@PBUSUniquePointerInfo@core@UModSys@@@tl@UModSys@@U?$TScalarCompare@PBUSUniquePointerInfo@core@UModSys@@@core@3@@tl@UModSys@@QBEPBQBUSUniquePointerInfo@core@3@ABQBU453@@Z 10003c50 f i umodsys_lib_core:umodsys.core.uniqueptrlist.obj
 0001:00002cdb       __onexit                   10003cdb f   MSVCRT:atonexit.obj
 0001:00002d80       _atexit                    10003d80 f   MSVCRT:atonexit.obj
 0001:00002d98       __purecall                 10003d98 f   MSVCRT:MSVCR90.dll
 0001:00002d9e       ??3@YAXPAX@Z               10003d9e f   MSVCRT:MSVCR90.dll
 0001:00002da4       ??_Etype_info@@UAEPAXI@Z   10003da4 f i MSVCRT:ti_inst.obj
 0001:00002e40       __CRT_INIT@12              10003e40 f   MSVCRT:crtdll.obj
 0001:0000317c       __DllMainCRTStartup@12     1000417c f   MSVCRT:crtdll.obj
 0001:000031a0       ??2@YAPAXI@Z               100041a0 f   MSVCRT:MSVCR90.dll
 0001:000031a6       __unlock                   100041a6 f   MSVCRT:MSVCR90.dll
 0001:000031ac       ___dllonexit               100041ac f   MSVCRT:MSVCR90.dll
 0001:000031b2       __lock                     100041b2 f   MSVCRT:MSVCR90.dll
 0001:000031b8       __SEH_prolog4              100041b8 f   MSVCRT:sehprolg4.obj
 0001:000031fd       __SEH_epilog4              100041fd f   MSVCRT:sehprolg4.obj
 0001:00003211       __except_handler4          10004211 f   MSVCRT:chandler4gs.obj
 0001:00003236       ?__ArrayUnwind@@YGXPAXIHP6EX0@Z@Z 10004236 f   MSVCRT:ehvecdtr.obj
 0001:00003294       ??_M@YGXPAXIHP6EX0@Z@Z     10004294 f   MSVCRT:ehvecdtr.obj
 0001:000032f7       ___clean_type_info_names   100042f7 f   MSVCRT:tncleanup.obj
 0001:00003303       __RTC_Initialize           10004303 f   MSVCRT:_initsect_.obj
 0001:00003329       __RTC_Terminate            10004329 f   MSVCRT:_initsect_.obj
 0001:00003350       __ValidateImageBase        10004350 f   MSVCRT:pesect.obj
 0001:00003390       __FindPESection            10004390 f   MSVCRT:pesect.obj
 0001:000033e0       __IsNonwritableInCurrentImage 100043e0 f   MSVCRT:pesect.obj
 0001:0000349e       __initterm                 1000449e f   MSVCRT:MSVCR90.dll
 0001:000034a4       __initterm_e               100044a4 f   MSVCRT:MSVCR90.dll
 0001:000034aa       __amsg_exit                100044aa f   MSVCRT:MSVCR90.dll
 0001:000034b0       ___CppXcptFilter           100044b0 f   MSVCRT:MSVCR90.dll
 0001:000034b6       _DllMain@12                100044b6 f   MSVCRT:dllmain.obj
 0001:000034da       ___security_init_cookie    100044da f   MSVCRT:gs_support.obj
 0001:00003570       @__security_check_cookie@4 10004570 f   MSVCRT:secchk.obj
 0001:00003580       __except_handler4_common   10004580 f   MSVCRT:MSVCR90.dll
 0001:00003586       ?terminate@@YAXXZ          10004586 f   MSVCRT:MSVCR90.dll
 0001:0000358c       ?_type_info_dtor_internal_method@type_info@@QAEXXZ 1000458c f   MSVCRT:MSVCR90.dll
 0001:0000358c       ??1type_info@@UAE@XZ       1000458c f   MSVCRT:MSVCR90.dll
 0001:00003592       ___clean_type_info_names_internal 10004592 f   MSVCRT:MSVCR90.dll
 0001:00003598       ___report_gsfailure        10004598 f   MSVCRT:gs_report.obj
 0001:0000369e       __crt_debugger_hook        1000469e f   MSVCRT:MSVCR90.dll
 0001:000036a4       _png_get_IHDR              100046a4 f   lib_libpng:lib_libpng.dll
 0001:000036aa       _png_read_info             100046aa f   lib_libpng:lib_libpng.dll
 0001:000036b0       _png_sig_cmp               100046b0 f   lib_libpng:lib_libpng.dll
 0001:000036b6       _png_create_read_struct    100046b6 f   lib_libpng:lib_libpng.dll
 0001:000036bc       _png_get_io_ptr            100046bc f   lib_libpng:lib_libpng.dll
 0001:000036c2       _png_create_info_struct    100046c2 f   lib_libpng:lib_libpng.dll
 0001:000036c8       _png_set_read_fn           100046c8 f   lib_libpng:lib_libpng.dll
 0001:000036ce       _png_read_update_info      100046ce f   lib_libpng:lib_libpng.dll
 0001:000036d4       _png_set_sig_bytes         100046d4 f   lib_libpng:lib_libpng.dll
 0001:000036da       _png_read_row              100046da f   lib_libpng:lib_libpng.dll
 0001:000036e0       _png_error                 100046e0 f   lib_libpng:lib_libpng.dll
 0001:000036e6       _png_destroy_read_struct   100046e6 f   lib_libpng:lib_libpng.dll
 0001:000036ec       _SDL_RenderDrawLine        100046ec f   lib_SDL2:lib_SDL2.dll
 0001:000036f2       _SDL_Init                  100046f2 f   lib_SDL2:lib_SDL2.dll
 0001:000036f8       _SDL_DestroyWindow         100046f8 f   lib_SDL2:lib_SDL2.dll
 0001:000036fe       _TTF_RenderUNICODE_Blended 100046fe f   lib_SDL2:lib_SDL2.dll
 0001:00003704       _SDL_CreateWindow          10004704 f   lib_SDL2:lib_SDL2.dll
 0001:0000370a       _SDL_RenderCopy            1000470a f   lib_SDL2:lib_SDL2.dll
 0001:00003710       _SDL_DestroyRenderer       10004710 f   lib_SDL2:lib_SDL2.dll
 0001:00003716       _SDL_DestroyTexture        10004716 f   lib_SDL2:lib_SDL2.dll
 0001:0000371c       _SDL_CreateTextureFromSurface 1000471c f   lib_SDL2:lib_SDL2.dll
 0001:00003722       _SDL_RenderPresent         10004722 f   lib_SDL2:lib_SDL2.dll
 0001:00003728       _SDL_SetRenderDrawBlendMode 10004728 f   lib_SDL2:lib_SDL2.dll
 0001:0000372e       _SDL_SetRenderDrawColor    1000472e f   lib_SDL2:lib_SDL2.dll
 0001:00003734       _TTF_OpenFont              10004734 f   lib_SDL2:lib_SDL2.dll
 0001:0000373a       _TTF_CloseFont             1000473a f   lib_SDL2:lib_SDL2.dll
 0001:00003740       _TTF_Init                  10004740 f   lib_SDL2:lib_SDL2.dll
 0001:00003746       _SDL_PumpEvents            10004746 f   lib_SDL2:lib_SDL2.dll
 0001:0000374c       _SDL_Delay                 1000474c f   lib_SDL2:lib_SDL2.dll
 0001:00003752       _SDL_RenderClear           10004752 f   lib_SDL2:lib_SDL2.dll
 0001:00003758       _SDL_CreateRenderer        10004758 f   lib_SDL2:lib_SDL2.dll
 0001:0000375e       _SDL_PeepEvents            1000475e f   lib_SDL2:lib_SDL2.dll
 0001:00003764       _SDL_GetTicks              10004764 f   lib_SDL2:lib_SDL2.dll
 0001:0000376a       _SDL_RenderFillRect        1000476a f   lib_SDL2:lib_SDL2.dll
 0001:00003770       _SDL_RenderDrawRect        10004770 f   lib_SDL2:lib_SDL2.dll
 0001:00003776       _TTF_Quit                  10004776 f   lib_SDL2:lib_SDL2.dll
 0001:0000377c       _SDL_Quit                  1000477c f   lib_SDL2:lib_SDL2.dll
 0001:00003782       _SDL_FreeSurface           10004782 f   lib_SDL2:lib_SDL2.dll
 0001:00003790       ?utf8_cmp_nocase@su@tl@UModSys@@YAHPBD0I@Z 10004790 f   umodsys_lib_core:umodsys.tl.utf.obj
 0001:000037a0       ?utf_32to16@su@tl@UModSys@@YAIPA_WIPBHI_N@Z 100047a0 f   umodsys_lib_core:umodsys.tl.utf.obj
 0001:00003840       ??3IRoot@core@UModSys@@SAXPAX@Z 10004840 f   umodsys_lib_core:umodsys.core.objects.obj
 0001:00003860       ??3IRoot@core@UModSys@@SAXPAXPAUIMemAlloc@12@@Z 10004860 f   umodsys_lib_core:umodsys.core.objects.obj
 0001:00003880       ??2IRoot@core@UModSys@@SAPAXIPAUIMemAlloc@12@@Z 10004880 f   umodsys_lib_core:umodsys.core.objects.obj
 0001:000038a0       ?suicide@IRoot@core@UModSys@@UAEXXZ 100048a0 f   umodsys_lib_core:umodsys.core.objects.obj
 0001:000038b0       ??1IRoot@core@UModSys@@UAE@XZ 100048b0 f   umodsys_lib_core:umodsys.core.objects.obj
 0001:000038c0       ??1IRefObject@core@UModSys@@UAE@XZ 100048c0 f   umodsys_lib_core:umodsys.core.objects.obj
 0001:000038d0       ?lost@core@UModSys@@YAEPBX@Z 100048d0 f   umodsys_lib_core:umodsys.core.stdtypedefs.obj
 0001:000038e0       ?s_unresolve@SUniquePointer@core@UModSys@@SAXPAUIUniquePointerResolver@23@@Z 100048e0 f   umodsys_lib_core:umodsys.core.uniqueptr.obj
 0001:00003920       ?s_resolve@SUniquePointer@core@UModSys@@SAXPAUIUniquePointerResolver@23@@Z 10004920 f   umodsys_lib_core:umodsys.core.uniqueptr.obj
 0001:00003970       ??1SUniquePointer@core@UModSys@@QAE@XZ 10004970 f   umodsys_lib_core:umodsys.core.uniqueptr.obj
 0001:000039a0       ??0SUniquePointer@core@UModSys@@QAE@H@Z 100049a0 f   umodsys_lib_core:umodsys.core.uniqueptr.obj
 0001:000039c0       ??0SUniquePointer@core@UModSys@@QAE@PBD0H@Z 100049c0 f   umodsys_lib_core:umodsys.core.uniqueptr.obj
 0001:00003a10       ??1SModuleInfo@base@UModSys@@QAE@XZ 10004a10 f   umodsys_lib_base:umodsys.base.moduleinfo.obj
 0001:00003a20       ??0SModuleInfo@base@UModSys@@QAE@PBDHH0@Z 10004a20 f   umodsys_lib_base:umodsys.base.moduleinfo.obj
 0001:00003ab0       ??1IModuleLibraryReg@base@UModSys@@UAE@XZ 10004ab0 f   umodsys_lib_base:umodsys.base.modulereg.obj
 0001:00003ac0       ??0IModuleLibraryReg@base@UModSys@@QAE@XZ 10004ac0 f   umodsys_lib_base:umodsys.base.modulereg.obj
 0001:00003ad0       ?mr_close@IModuleReg@base@UModSys@@UAE_NXZ 10004ad0 f   umodsys_lib_base:umodsys.base.modulereg.obj
 0001:00003ae0       ?mr_open@IModuleReg@base@UModSys@@UAE_NXZ 10004ae0 f   umodsys_lib_base:umodsys.base.modulereg.obj
 0001:00003b00       ?mr_isopen@IModuleReg@base@UModSys@@UBE_NXZ 10004b00 f   umodsys_lib_base:umodsys.base.modulereg.obj
 0001:00003b10       ??1IModuleReg@base@UModSys@@UAE@XZ 10004b10 f   umodsys_lib_base:umodsys.base.modulereg.obj
 0001:00003b20       ??0IModuleReg@base@UModSys@@QAE@PBDHH0@Z 10004b20 f   umodsys_lib_base:umodsys.base.modulereg.obj
 0001:00003b50       _UModSys_Plugin_Entry2@0   10004b50 f   umodsys_lib_base:umodsys.so_main.win32.obj
 0001:00003b60       ??1RModuleLibraryReg_Chain@base@UModSys@@UAE@XZ 10004b60 f   umodsys_lib_base:umodsys.base.moduleregchain.obj
 0001:00003b70       ??0RModuleLibraryReg_Chain@base@UModSys@@QAE@XZ 10004b70 f   umodsys_lib_base:umodsys.base.moduleregchain.obj
 0001:00003b90       ?s_get@SModuleRegChain@base@UModSys@@SAPAUIModuleReg@23@I@Z 10004b90 f   umodsys_lib_base:umodsys.base.moduleregchain.obj
 0001:00003bc0       ??1SModuleRegChain@base@UModSys@@QAE@XZ 10004bc0 f   umodsys_lib_base:umodsys.base.moduleregchain.obj
 0001:00003bf0       ??0SModuleRegChain@base@UModSys@@QAE@AAUIModuleReg@12@@Z 10004bf0 f   umodsys_lib_base:umodsys.base.moduleregchain.obj
 0001:00003c30       ?mlr_isopen@RModuleLibraryReg_Chain@base@UModSys@@UBE_NXZ 10004c30 f   umodsys_lib_base:umodsys.base.moduleregchain.obj
 0001:00003c40       ?mlr_close@RModuleLibraryReg_Chain@base@UModSys@@UAE_NXZ 10004c40 f   umodsys_lib_base:umodsys.base.moduleregchain.obj
 0001:00003c70       ?mlr_open@RModuleLibraryReg_Chain@base@UModSys@@UAE_NPAUISystem@23@PAUIMemAlloc@core@3@@Z 10004c70 f   umodsys_lib_base:umodsys.base.moduleregchain.obj
 0001:00003ca0       ?mlr_get@RModuleLibraryReg_Chain@base@UModSys@@UBEPAUIModuleReg@23@I@Z 10004ca0 f   umodsys_lib_base:umodsys.base.moduleregchain.obj
 0001:00003cb0       ?mlr_count@RModuleLibraryReg_Chain@base@UModSys@@UBEIXZ 10004cb0 f   umodsys_lib_base:umodsys.base.moduleregchain.obj
 0001:00003cd0       ??0SModuleRegChain@base@UModSys@@QAE@H@Z 10004cd0 f   umodsys_lib_base:umodsys.base.moduleregchain.obj
 0001:00003ce0       ?unlink@SMemorySharedData@core@UModSys@@QAEXPBUSSourceContext@23@@Z 10004ce0 f   umodsys_lib_base:umodsys.base.modulecontext.obj
 0001:00003d00       ?link@SMemorySharedData@core@UModSys@@QAEXPBUSSourceContext@23@@Z 10004d00 f   umodsys_lib_base:umodsys.base.modulecontext.obj
 0001:00003d10       ?Link@SModuleContext@base@UModSys@@QAEXPAUISystem@23@PAUIMemAlloc@core@3@@Z 10004d10 f   umodsys_lib_base:umodsys.base.modulecontext.obj
 0001:00003d70       ??1SModuleContext@base@UModSys@@QAE@XZ 10004d70 f   umodsys_lib_base:umodsys.base.modulecontext.obj
 0001:00003d80       ?new_data@SMemorySharedData@core@UModSys@@SAPAU123@PAUIMemAlloc@23@IPBUSSourceContext@23@@Z 10004d80 f   umodsys_lib_base:umodsys.base.modulecontext.obj
 0001:00003da0       ?get_paramworker@SParameters@core@UModSys@@KAPAUIParameters@23@XZ 10004da0 f   umodsys_lib_base:umodsys.base.modulecontext.obj
 0001:00003db0       ?shared_memory@UModSys@@YAABUSIMemAlloc@core@1@XZ 10004db0 f   umodsys_lib_base:umodsys.base.modulecontext.obj
 0001:00003dc0       ?local_memory@UModSys@@YAABUSIMemAlloc@core@1@XZ 10004dc0 f   umodsys_lib_base:umodsys.base.modulecontext.obj
 0001:00003dd0       ??0SModuleContext@base@UModSys@@QAE@XZ 10004dd0 f   umodsys_lib_base:umodsys.base.modulecontext.obj
 0001:00003df0       ?mod_dec@RGenerator@images_std@media@modules@UModSys@@UBE_NXZ 10004df0 f   umodsys_lib_libmedia:umodsys.mod.media.images_std.obj
 0001:00003e00       ?mod_inc@RGenerator@images_std@media@modules@UModSys@@UBE_NXZ 10004e00 f   umodsys_lib_libmedia:umodsys.mod.media.images_std.obj
 0001:00003e10       ?get_module@RGenerator@images_std@media@modules@UModSys@@UBEPAUIModule@base@5@XZ 10004e10 f   umodsys_lib_libmedia:umodsys.mod.media.images_std.obj
 0001:00003eb0       ?filter_save@RMediaFilter@images_std@media@modules@UModSys@@UAE_NAAUSInfo@IBinObjFilter@libmedia@5@PBUIRefObject@core@5@@Z 10004eb0 f   umodsys_lib_libmedia:umodsys.mod.media.images_std.obj
 0001:00003ec0       ?filter_load@RMediaFilter@images_std@media@modules@UModSys@@UAE_NABUSInfo@IBinObjFilter@libmedia@5@AAU?$TRefObject@UIRefObject@core@UModSys@@U?$TRefObjectFunc@UIRefObject@core@UModSys@@@tl@3@@tl@5@@Z 10004ec0 f   umodsys_lib_libmedia:umodsys.mod.media.images_std.obj
 0001:00003ed0       ?s_holder@RGenerator@images_std@media@modules@UModSys@@SAAAU?$TTypeStaticHolder@URGenerator@images_std@media@modules@UModSys@@@tl@5@XZ 10004ed0 f   umodsys_lib_libmedia:umodsys.mod.media.images_std.obj
 0001:00003f10       ?png_read@RMediaFilter@images_std@media@modules@UModSys@@KAXPAUpng_struct_def@@PAEI@Z 10004f10 f   umodsys_lib_libmedia:umodsys.mod.media.images_std.obj
 0001:00003f50       ?png_err@RMediaFilter@images_std@media@modules@UModSys@@KAXPAUpng_struct_def@@PBD@Z 10004f50 f   umodsys_lib_libmedia:umodsys.mod.media.images_std.obj
 0001:00003f80       ?s_unreg@RGenerator@images_std@media@modules@UModSys@@SA_NPAUIModuleReg@base@5@@Z 10004f80 f   umodsys_lib_libmedia:umodsys.mod.media.images_std.obj
 0001:00003fd0       ?s_reg@RGenerator@images_std@media@modules@UModSys@@SA_NPAUIModuleReg@base@5@@Z 10004fd0 f   umodsys_lib_libmedia:umodsys.mod.media.images_std.obj
 0001:00004050       ?loader_png@RMediaFilter@images_std@media@modules@UModSys@@QAE_NPAUIImage@lib2d@5@ABUSInfo@IBinObjFilter@libmedia@5@ABUSParameters@core@5@HPBD_N@Z 10005050 f   umodsys_lib_libmedia:umodsys.mod.media.images_std.obj
 0001:000043c0       ?loader_jpeg@RMediaFilter@images_std@media@modules@UModSys@@QAE_NPAUIImage@lib2d@5@ABUSInfo@IBinObjFilter@libmedia@5@ABUSParameters@core@5@HPBD_N@Z 100053c0 f   umodsys_lib_libmedia:umodsys.mod.media.images_std.obj
 0001:000046a0       ?filter_load@RMediaFilter@images_std@media@modules@UModSys@@UAE_NABUSInfo@IBinObjFilter@libmedia@5@PAUIRefObject@core@5@@Z 100056a0 f   umodsys_lib_libmedia:umodsys.mod.media.images_std.obj
 0001:000048f0       ?mod_dec@RGenerator@SDL_core@ui@modules@UModSys@@UBE_NXZ 100058f0 f   umodsys_lib_libui:umodsys.mod.ui.SDL_core.obj
 0001:00004900       ?mod_inc@RGenerator@SDL_core@ui@modules@UModSys@@UBE_NXZ 10005900 f   umodsys_lib_libui:umodsys.mod.ui.SDL_core.obj
 0001:00004910       ?get_module@RGenerator@SDL_core@ui@modules@UModSys@@UBEPAUIModule@base@5@XZ 10005910 f   umodsys_lib_libui:umodsys.mod.ui.SDL_core.obj
 0001:00004920       ?get_terminal@RRenderDriver2D_SDL_core@SDL_core@ui@modules@UModSys@@UBEPAUITerminal@libui@5@XZ 10005920 f   umodsys_lib_libui:umodsys.mod.ui.SDL_core.obj
 0001:00004930       ?s_holder@RGenerator@SDL_core@ui@modules@UModSys@@SAAAU?$TTypeStaticHolder@URGenerator@SDL_core@ui@modules@UModSys@@@tl@5@XZ 10005930 f   umodsys_lib_libui:umodsys.mod.ui.SDL_core.obj
 0001:00004970       ?s_unreg@RGenerator@SDL_core@ui@modules@UModSys@@SA_NPAUIModuleReg@base@5@@Z 10005970 f   umodsys_lib_libui:umodsys.mod.ui.SDL_core.obj
 0001:000049c0       ?s_reg@RGenerator@SDL_core@ui@modules@UModSys@@SA_NPAUIModuleReg@base@5@@Z 100059c0 f   umodsys_lib_libui:umodsys.mod.ui.SDL_core.obj
 0001:00004a40       ?mod_dec@RGenerator@test1@test@modules@UModSys@@UBE_NXZ 10005a40 f   plugin_test1.obj
 0001:00004a50       ?mod_inc@RGenerator@test1@test@modules@UModSys@@UBE_NXZ 10005a50 f   plugin_test1.obj
 0001:00004a60       ?get_module@RGenerator@test1@test@modules@UModSys@@UBEPAUIModule@base@5@XZ 10005a60 f   plugin_test1.obj
 0001:00004a80       ?s_holder@RGenerator@test1@test@modules@UModSys@@SAAAU?$TTypeStaticHolder@URGenerator@test1@test@modules@UModSys@@@tl@5@XZ 10005a80 f   plugin_test1.obj
 0001:00004ac0       ?s_unreg@RGenerator@test1@test@modules@UModSys@@SA_NPAUIModuleReg@base@5@@Z 10005ac0 f   plugin_test1.obj
 0001:00004b10       ?s_reg@RGenerator@test1@test@modules@UModSys@@SA_NPAUIModuleReg@base@5@@Z 10005b10 f   plugin_test1.obj
 0001:00004b90       ?ui_newfont@RTest1_Shell@test1@test@modules@UModSys@@QAE?AU?$TRefObject@UIMultiImage@lib2d@UModSys@@U?$TRefObjectFunc@UIMultiImage@lib2d@UModSys@@@tl@3@@tl@5@ABU?$TString@U?$TSCoreConst@D@su@tl@UModSys@@U?$TComparerBinaryHash@D@234@@75@ABUSParameters@core@5@@Z 10005b90 f   plugin_test1.obj
 0001:00004cd0       ?ui_newterm@RTest1_Shell@test1@test@modules@UModSys@@QAE?AU?$TRefObject@UITerminal@libui@UModSys@@U?$TRefObjectFunc@UITerminal@libui@UModSys@@@tl@3@@tl@5@ABU?$TString@U?$TSCoreConst@D@su@tl@UModSys@@U?$TComparerBinaryHash@D@234@@75@ABUSParameters@core@5@@Z 10005cd0 f   plugin_test1.obj
 0001:00004e10       ?ui_test1@RTest1_Shell@test1@test@modules@UModSys@@QAEXXZ 10005e10 f   plugin_test1.obj
 0001:00005390       ?add@SUniquePtrList@core@UModSys@@QAE_NPBUSUniquePointerInfo@23@@Z 10006390 f   umodsys_lib_core:umodsys.core.uniqueptrlist.obj
 0001:000053e0       _memcpy                    100063e0 f   MSVCRT:MSVCR90.dll
 0001:000053e6       ___CxxFrameHandler3        100063e6 f   MSVCRT:MSVCR90.dll
 0001:000053f0       __chkstk                   100063f0 f   MSVCRT:chkstk.obj
 0001:000053f0       __alloca_probe             100063f0     MSVCRT:chkstk.obj
 0001:0000541c       __setjmp3                  1000641c f   MSVCRT:MSVCR90.dll
 0001:00005422       ___CxxLongjmpUnwind@4      10006422 f   MSVCRT:MSVCR90.dll
 0002:00000000       __imp__InterlockedExchange@8 10008000     kernel32:KERNEL32.dll
 0002:00000004       __imp__InterlockedCompareExchange@12 10008004     kernel32:KERNEL32.dll
 0002:00000008       __imp__DisableThreadLibraryCalls@4 10008008     kernel32:KERNEL32.dll
 0002:0000000c       __imp__QueryPerformanceCounter@4 1000800c     kernel32:KERNEL32.dll
 0002:00000010       __imp__GetTickCount@0      10008010     kernel32:KERNEL32.dll
 0002:00000014       __imp__GetCurrentThreadId@0 10008014     kernel32:KERNEL32.dll
 0002:00000018       __imp__GetCurrentProcessId@0 10008018     kernel32:KERNEL32.dll
 0002:0000001c       __imp__GetSystemTimeAsFileTime@4 1000801c     kernel32:KERNEL32.dll
 0002:00000020       __imp__TerminateProcess@8  10008020     kernel32:KERNEL32.dll
 0002:00000024       __imp__GetCurrentProcess@0 10008024     kernel32:KERNEL32.dll
 0002:00000028       __imp__UnhandledExceptionFilter@4 10008028     kernel32:KERNEL32.dll
 0002:0000002c       __imp__SetUnhandledExceptionFilter@4 1000802c     kernel32:KERNEL32.dll
 0002:00000030       __imp__IsDebuggerPresent@0 10008030     kernel32:KERNEL32.dll
 0002:00000034       __imp__Sleep@4             10008034     kernel32:KERNEL32.dll
 0002:00000038       \177KERNEL32_NULL_THUNK_DATA 10008038     kernel32:KERNEL32.dll
 0002:0000003c       __imp___initterm           1000803c     MSVCRT:MSVCR90.dll
 0002:00000040       __imp___initterm_e         10008040     MSVCRT:MSVCR90.dll
 0002:00000044       __imp___amsg_exit          10008044     MSVCRT:MSVCR90.dll
 0002:00000048       __imp___adjust_fdiv        10008048     MSVCRT:MSVCR90.dll
 0002:0000004c       __imp____CppXcptFilter     1000804c     MSVCRT:MSVCR90.dll
 0002:00000050       __imp___encoded_null       10008050     MSVCRT:MSVCR90.dll
 0002:00000054       __imp_?terminate@@YAXXZ    10008054     MSVCRT:MSVCR90.dll
 0002:00000058       __imp_?_type_info_dtor_internal_method@type_info@@QAEXXZ 10008058     MSVCRT:MSVCR90.dll
 0002:0000005c       __imp____clean_type_info_names_internal 1000805c     MSVCRT:MSVCR90.dll
 0002:00000060       __imp___crt_debugger_hook  10008060     MSVCRT:MSVCR90.dll
 0002:00000064       __imp___setjmp3            10008064     MSVCRT:MSVCR90.dll
 0002:00000068       __imp____CxxFrameHandler3  10008068     MSVCRT:MSVCR90.dll
 0002:0000006c       __imp__memcpy              1000806c     MSVCRT:MSVCR90.dll
 0002:00000070       __imp__free                10008070     MSVCRT:MSVCR90.dll
 0002:00000074       __imp___malloc_crt         10008074     MSVCRT:MSVCR90.dll
 0002:00000078       __imp___decode_pointer     10008078     MSVCRT:MSVCR90.dll
 0002:0000007c       __imp___onexit             1000807c     MSVCRT:MSVCR90.dll
 0002:00000080       __imp___lock               10008080     MSVCRT:MSVCR90.dll
 0002:00000084       __imp___encode_pointer     10008084     MSVCRT:MSVCR90.dll
 0002:00000088       __imp____dllonexit         10008088     MSVCRT:MSVCR90.dll
 0002:0000008c       __imp___unlock             1000808c     MSVCRT:MSVCR90.dll
 0002:00000090       __imp__longjmp             10008090     MSVCRT:MSVCR90.dll
 0002:00000094       __imp__strstr              10008094     MSVCRT:MSVCR90.dll
 0002:00000098       __imp_??2@YAPAXI@Z         10008098     MSVCRT:MSVCR90.dll
 0002:0000009c       __imp_??3@YAXPAX@Z         1000809c     MSVCRT:MSVCR90.dll
 0002:000000a0       __imp___purecall           100080a0     MSVCRT:MSVCR90.dll
 0002:000000a4       __imp___except_handler4_common 100080a4     MSVCRT:MSVCR90.dll
 0002:000000a8       __imp__strncmp             100080a8     MSVCRT:MSVCR90.dll
 0002:000000ac       __imp____CxxLongjmpUnwind@4 100080ac     MSVCRT:MSVCR90.dll
 0002:000000b0       \177MSVCR90_NULL_THUNK_DATA 100080b0     MSVCRT:MSVCR90.dll
 0002:000000b4       __imp__SDL_RenderFillRect  100080b4     lib_SDL2:lib_SDL2.dll
 0002:000000b8       __imp__SDL_FreeSurface     100080b8     lib_SDL2:lib_SDL2.dll
 0002:000000bc       __imp__SDL_Quit            100080bc     lib_SDL2:lib_SDL2.dll
 0002:000000c0       __imp__TTF_Quit            100080c0     lib_SDL2:lib_SDL2.dll
 0002:000000c4       __imp__SDL_RenderDrawLine  100080c4     lib_SDL2:lib_SDL2.dll
 0002:000000c8       __imp__SDL_Init            100080c8     lib_SDL2:lib_SDL2.dll
 0002:000000cc       __imp__SDL_DestroyWindow   100080cc     lib_SDL2:lib_SDL2.dll
 0002:000000d0       __imp__TTF_RenderUNICODE_Blended 100080d0     lib_SDL2:lib_SDL2.dll
 0002:000000d4       __imp__SDL_CreateWindow    100080d4     lib_SDL2:lib_SDL2.dll
 0002:000000d8       __imp__SDL_RenderCopy      100080d8     lib_SDL2:lib_SDL2.dll
 0002:000000dc       __imp__SDL_DestroyRenderer 100080dc     lib_SDL2:lib_SDL2.dll
 0002:000000e0       __imp__SDL_DestroyTexture  100080e0     lib_SDL2:lib_SDL2.dll
 0002:000000e4       __imp__SDL_CreateTextureFromSurface 100080e4     lib_SDL2:lib_SDL2.dll
 0002:000000e8       __imp__SDL_RenderPresent   100080e8     lib_SDL2:lib_SDL2.dll
 0002:000000ec       __imp__SDL_SetRenderDrawBlendMode 100080ec     lib_SDL2:lib_SDL2.dll
 0002:000000f0       __imp__SDL_SetRenderDrawColor 100080f0     lib_SDL2:lib_SDL2.dll
 0002:000000f4       __imp__TTF_OpenFont        100080f4     lib_SDL2:lib_SDL2.dll
 0002:000000f8       __imp__TTF_CloseFont       100080f8     lib_SDL2:lib_SDL2.dll
 0002:000000fc       __imp__TTF_Init            100080fc     lib_SDL2:lib_SDL2.dll
 0002:00000100       __imp__SDL_PumpEvents      10008100     lib_SDL2:lib_SDL2.dll
 0002:00000104       __imp__SDL_Delay           10008104     lib_SDL2:lib_SDL2.dll
 0002:00000108       __imp__SDL_RenderClear     10008108     lib_SDL2:lib_SDL2.dll
 0002:0000010c       __imp__SDL_CreateRenderer  1000810c     lib_SDL2:lib_SDL2.dll
 0002:00000110       __imp__SDL_PeepEvents      10008110     lib_SDL2:lib_SDL2.dll
 0002:00000114       __imp__SDL_GetTicks        10008114     lib_SDL2:lib_SDL2.dll
 0002:00000118       __imp__SDL_RenderDrawRect  10008118     lib_SDL2:lib_SDL2.dll
 0002:0000011c       \177lib_SDL2_NULL_THUNK_DATA 1000811c     lib_SDL2:lib_SDL2.dll
 0002:00000120       __imp__jpeg_read_header    10008120     lib_jpeglib:lib_jpeglib.dll
 0002:00000124       __imp__jpeg_read_scanlines 10008124     lib_jpeglib:lib_jpeglib.dll
 0002:00000128       __imp__jpeg_finish_decompress 10008128     lib_jpeglib:lib_jpeglib.dll
 0002:0000012c       __imp__jpeg_resync_to_restart 1000812c     lib_jpeglib:lib_jpeglib.dll
 0002:00000130       __imp__jpeg_destroy_decompress 10008130     lib_jpeglib:lib_jpeglib.dll
 0002:00000134       __imp__jpeg_CreateDecompress 10008134     lib_jpeglib:lib_jpeglib.dll
 0002:00000138       __imp__jpeg_start_decompress 10008138     lib_jpeglib:lib_jpeglib.dll
 0002:0000013c       __imp__jpeg_destroy        1000813c     lib_jpeglib:lib_jpeglib.dll
 0002:00000140       __imp__jpeg_std_error      10008140     lib_jpeglib:lib_jpeglib.dll
 0002:00000144       \177lib_jpeglib_NULL_THUNK_DATA 10008144     lib_jpeglib:lib_jpeglib.dll
 0002:00000148       __imp__png_destroy_read_struct 10008148     lib_libpng:lib_libpng.dll
 0002:0000014c       __imp__png_error           1000814c     lib_libpng:lib_libpng.dll
 0002:00000150       __imp__png_read_row        10008150     lib_libpng:lib_libpng.dll
 0002:00000154       __imp__png_set_sig_bytes   10008154     lib_libpng:lib_libpng.dll
 0002:00000158       __imp__png_read_update_info 10008158     lib_libpng:lib_libpng.dll
 0002:0000015c       __imp__png_set_read_fn     1000815c     lib_libpng:lib_libpng.dll
 0002:00000160       __imp__png_create_info_struct 10008160     lib_libpng:lib_libpng.dll
 0002:00000164       __imp__png_get_io_ptr      10008164     lib_libpng:lib_libpng.dll
 0002:00000168       __imp__png_create_read_struct 10008168     lib_libpng:lib_libpng.dll
 0002:0000016c       __imp__png_sig_cmp         1000816c     lib_libpng:lib_libpng.dll
 0002:00000170       __imp__png_read_info       10008170     lib_libpng:lib_libpng.dll
 0002:00000174       __imp__png_get_IHDR        10008174     lib_libpng:lib_libpng.dll
 0002:00000178       \177lib_libpng_NULL_THUNK_DATA 10008178     lib_libpng:lib_libpng.dll
 0002:0000017c       ___xc_a                    1000817c     MSVCRT:cinitexe.obj
 0002:000004e4       ___xc_z                    100084e4     MSVCRT:cinitexe.obj
 0002:000004e8       ___xi_a                    100084e8     MSVCRT:cinitexe.obj
 0002:000004f0       ___xi_z                    100084f0     MSVCRT:cinitexe.obj
 0002:000004fc       ??_7type_info@@6B@         100084fc     MSVCRT:ti_inst.obj
 0002:00000500       __pDefaultRawDllMain       10008500     MSVCRT:crtdll.obj
 0002:00000500       __pRawDllMain              10008500     MSVCRT:crtdll.obj
 0002:0000050c       ??_C@_0P@GHFPNOJB@bad?5allocation?$AA@ 1000850c     plugin_test1.obj
 0002:0000051c       ??_C@_0BF@OCNNAADO@UModSys?3?3core?3?3IRoot?$AA@ 1000851c     plugin_test1.obj
 0002:00000534       ??_C@_0BK@EMIJFOPA@UModSys?3?3core?3?3IRefObject?$AA@ 10008534     plugin_test1.obj
 0002:00000550       ??_C@_0BL@IOMMHELF@UModSys?3?3core?3?3IParameters?$AA@ 10008550     plugin_test1.obj
 0002:0000056c       ??_C@_0BH@LKDEEPPM@UModSys?3?3base?3?3IModule?$AA@ 1000856c     plugin_test1.obj
 0002:00000584       ??_C@_0BO@PHJOHFCB@UModSys?3?3base?3?3IModuleLibrary?$AA@ 10008584     plugin_test1.obj
 0002:000005a4       ??_C@_0BK@FDPIOPHG@UModSys?3?3base?3?3IModObject?$AA@ 100085a4     plugin_test1.obj
 0002:000005c0       ??_C@_0BK@OIBKNCKJ@UModSys?3?3base?3?3IGenerator?$AA@ 100085c0     plugin_test1.obj
 0002:000005dc       ??_C@_0BG@PJBGCMEC@UModSys?3?3base?3?3IShell?$AA@ 100085dc     plugin_test1.obj
 0002:000005f4       ??_C@_0BI@IKAOEFAP@UModSys?3?3base?3?3IConsole?$AA@ 100085f4     plugin_test1.obj
 0002:0000060c       ??_C@_0BH@PFCONEJJ@UModSys?3?3base?3?3ISystem?$AA@ 1000860c     plugin_test1.obj
 0002:00000624       ??_C@_0CB@CLGNFEGF@UModSys?3?3libmedia?3?3IStreamReader@ 10008624     plugin_test1.obj
 0002:00000648       ??_C@_0CB@HOPFFLP@UModSys?3?3libmedia?3?3IStreamWriter@ 10008648     plugin_test1.obj
 0002:0000066c       ??_C@_0BP@KCJMEDNO@UModSys?3?3libmedia?3?3IBinArchive?$AA@ 1000866c     plugin_test1.obj
 0002:0000068c       ??_C@_0CB@FDEKNMGJ@UModSys?3?3libmedia?3?3IBinObjFilter@ 1000868c     plugin_test1.obj
[...]
 0001:00005600       __unwindfunclet$?generate@RGenerator@test1@test@modules@UModSys@@UAE_NAAU?$TRefObject@UIRefObject@core@UModSys@@U?$TRefObjectFunc@UIRefObject@core@UModSys@@@tl@3@@tl@5@PBUSUniquePointerInfo@core@5@ABUSParameters@95@@Z$0 10006600 f    CIL library: CIL module
 0001:0000560e       __ehhandler$?generate@RGenerator@test1@test@modules@UModSys@@UAE_NAAU?$TRefObject@UIRefObject@core@UModSys@@U?$TRefObjectFunc@UIRefObject@core@UModSys@@@tl@3@@tl@5@PBUSUniquePointerInfo@core@5@ABUSParameters@95@@Z 1000660e f    CIL library: CIL module
 0001:00005620       ??__E?s_modreg@RModuleReg@test1@test@modules@UModSys@@2U12345@A@@YAXXZ 10006620 f    CIL library: CIL module
 0001:00005660       ??__E?s_modreg_chain@RModuleReg@test1@test@modules@UModSys@@2USModuleRegChain@base@5@A@@YAXXZ 10006660 f    CIL library: CIL module
 0001:00005680       ??__E?s_uid@RGenerator@test1@test@modules@UModSys@@2USUniquePointer@core@5@A@@YAXXZ 10006680 f    CIL library: CIL module
 0001:000056b0       ??__E?s_id@?$TObjectUniqueID@UIRoot@core@UModSys@@@tl@UModSys@@2USUniquePointer@core@3@A@@YAXXZ 100066b0 f    CIL library: CIL module
 0001:000056e0       ??__E?s_id@?$TObjectUniqueID@UIRefObject@core@UModSys@@@tl@UModSys@@2USUniquePointer@core@3@A@@YAXXZ 100066e0 f    CIL library: CIL module
 0001:00005710       ??__E?s_id@?$TObjectUniqueID@UIParameters@core@UModSys@@@tl@UModSys@@2USUniquePointer@core@3@A@@YAXXZ 10006710 f    CIL library: CIL module
 0001:00005740       ??__E?s_id@?$TObjectUniqueID@UIModule@base@UModSys@@@tl@UModSys@@2USUniquePointer@core@3@A@@YAXXZ 10006740 f    CIL library: CIL module
 0001:00005770       ??__E?s_id@?$TObjectUniqueID@UIModuleLibrary@base@UModSys@@@tl@UModSys@@2USUniquePointer@core@3@A@@YAXXZ 10006770 f    CIL library: CIL module
 0001:000057a0       ??__E?s_id@?$TObjectUniqueID@UIModObject@base@UModSys@@@tl@UModSys@@2USUniquePointer@core@3@A@@YAXXZ 100067a0 f    CIL library: CIL module
 0001:000057d0       ??__E?s_id@?$TObjectUniqueID@UIGenerator@base@UModSys@@@tl@UModSys@@2USUniquePointer@core@3@A@@YAXXZ 100067d0 f    CIL library: CIL module
 0001:00005800       ??__E?s_id@?$TObjectUniqueID@UIShell@base@UModSys@@@tl@UModSys@@2USUniquePointer@core@3@A@@YAXXZ 10006800 f    CIL library: CIL module
 0001:00005830       ??__E?s_id@?$TObjectUniqueID@UIConsole@base@UModSys@@@tl@UModSys@@2USUniquePointer@core@3@A@@YAXXZ 10006830 f    CIL library: CIL module
 0001:00005860       ??__E?s_id@?$TObjectUniqueID@UISystem@base@UModSys@@@tl@UModSys@@2USUniquePointer@core@3@A@@YAXXZ 10006860 f    CIL library: CIL module
 0001:00005890       ??__E?s_id@?$TObjectUniqueID@UIStreamReader@libmedia@UModSys@@@tl@UModSys@@2USUniquePointer@core@3@A@@YAXXZ 10006890 f    CIL library: CIL module
 0001:000058c0       ??__E?s_id@?$TObjectUniqueID@UIStreamWriter@libmedia@UModSys@@@tl@UModSys@@2USUniquePointer@core@3@A@@YAXXZ 100068c0 f    CIL library: CIL module
 0001:000058f0       ??__E?s_id@?$TObjectUniqueID@UIBinArchive@libmedia@UModSys@@@tl@UModSys@@2USUniquePointer@core@3@A@@YAXXZ 100068f0 f    CIL library: CIL module
 0001:00005920       ??__E?s_id@?$TObjectUniqueID@UIBinObjFilter@libmedia@UModSys@@@tl@UModSys@@2USUniquePointer@core@3@A@@YAXXZ 10006920 f    CIL library: CIL module
 0001:00005950       ??__E?s_id@?$TObjectUniqueID@UILibrary@libmedia@UModSys@@@tl@UModSys@@2USUniquePointer@core@3@A@@YAXXZ 10006950 f    CIL library: CIL module
 0001:00005980       ??__E?s_id@?$TObjectUniqueID@UILibraryBinTree@libmedia@UModSys@@@tl@UModSys@@2USUniquePointer@core@3@A@@YAXXZ 10006980 f    CIL library: CIL module
 0001:000059b0       ??__E?s_id@?$TObjectUniqueID@UILibraryBinCache@libmedia@UModSys@@@tl@UModSys@@2USUniquePointer@core@3@A@@YAXXZ 100069b0 f    CIL library: CIL module
 0001:000059e0       ??__E?s_id@?$TObjectUniqueID@UILibraryObjFilter@libmedia@UModSys@@@tl@UModSys@@2USUniquePointer@core@3@A@@YAXXZ 100069e0 f    CIL library: CIL module
 0001:00005a10       ??__E?s_id@?$TObjectUniqueID@UILibraryObjCache@libmedia@UModSys@@@tl@UModSys@@2USUniquePointer@core@3@A@@YAXXZ 10006a10 f    CIL library: CIL module
 0001:00005a40       ??__E?s_id@?$TObjectUniqueID@UILibraryLayered@libmedia@UModSys@@@tl@UModSys@@2USUniquePointer@core@3@A@@YAXXZ 10006a40 f    CIL library: CIL module
 0001:00005a70       ??__E?s_id@?$TObjectUniqueID@UIConsoleExt@base@UModSys@@@tl@UModSys@@2USUniquePointer@core@3@A@@YAXXZ 10006a70 f    CIL library: CIL module
 0001:00005aa0       ??__E?s_id@?$TObjectUniqueID@UIConsoleHelper@base@UModSys@@@tl@UModSys@@2USUniquePointer@core@3@A@@YAXXZ 10006aa0 f    CIL library: CIL module
 0001:00005ad0       ??__E?s_id@?$TObjectUniqueID@UIConsoleHelperHistory@base@UModSys@@@tl@UModSys@@2USUniquePointer@core@3@A@@YAXXZ 10006ad0 f    CIL library: CIL module
 0001:00005b00       ??__E?s_id@?$TObjectUniqueID@UIConsoleHelperInput@base@UModSys@@@tl@UModSys@@2USUniquePointer@core@3@A@@YAXXZ 10006b00 f    CIL library: CIL module
 0001:00005b30       ??__E?s_id@?$TObjectUniqueID@UIConsoleHelperOutput@base@UModSys@@@tl@UModSys@@2USUniquePointer@core@3@A@@YAXXZ 10006b30 f    CIL library: CIL module
 0001:00005b60       ??__E?s_id@?$TObjectUniqueID@UIConsoleHelperOutputFCS@base@UModSys@@@tl@UModSys@@2USUniquePointer@core@3@A@@YAXXZ 10006b60 f    CIL library: CIL module
 0001:00005b90       ??__E?s_id@?$TObjectUniqueID@UIKeyboardController@libui@UModSys@@@tl@UModSys@@2USUniquePointer@core@3@A@@YAXXZ 10006b90 f    CIL library: CIL module
 0001:00005bc0       ??__E?s_id@?$TObjectUniqueID@UIMouseController@libui@UModSys@@@tl@UModSys@@2USUniquePointer@core@3@A@@YAXXZ 10006bc0 f    CIL library: CIL module
 0001:00005bf0       ??__E?s_id@?$TObjectUniqueID@UIJoystickController@libui@UModSys@@@tl@UModSys@@2USUniquePointer@core@3@A@@YAXXZ 10006bf0 f    CIL library: CIL module
 0001:00005c20       ??__E?s_id@?$TObjectUniqueID@UITerminal@libui@UModSys@@@tl@UModSys@@2USUniquePointer@core@3@A@@YAXXZ 10006c20 f    CIL library: CIL module
 0001:00005c50       ??__E?s_id@?$TObjectUniqueID@UIConsoleHelperInput_UIKey@libui@UModSys@@@tl@UModSys@@2USUniquePointer@core@3@A@@YAXXZ 10006c50 f    CIL library: CIL module
 0001:00005c80       ??__E?s_id@?$TObjectUniqueID@UIImage@lib2d@UModSys@@@tl@UModSys@@2USUniquePointer@core@3@A@@YAXXZ 10006c80 f    CIL library: CIL module
 0001:00005cb0       ??__E?s_id@?$TObjectUniqueID@UIMultiImage@lib2d@UModSys@@@tl@UModSys@@2USUniquePointer@core@3@A@@YAXXZ 10006cb0 f    CIL library: CIL module
 0001:00005ce0       ??__E?s_id@?$TObjectUniqueID@UIRenderDriver@lib2d@UModSys@@@tl@UModSys@@2USUniquePointer@core@3@A@@YAXXZ 10006ce0 f    CIL library: CIL module
 0001:00005d10       ??__E?s_id@?$TObjectUniqueID@UILines@test1@test@modules@UModSys@@@tl@UModSys@@2USUniquePointer@core@3@A@@YAXXZ 10006d10 f    CIL library: CIL module
 0001:00005d40       ??__E?s_id@?$TObjectUniqueID@URLines@test1@test@modules@UModSys@@@tl@UModSys@@2USUniquePointer@core@3@A@@YAXXZ 10006d40 f    CIL library: CIL module
 0001:00005d70       ??__E?s_id@?$TObjectUniqueID@URLines_Filter@test1@test@modules@UModSys@@@tl@UModSys@@2USUniquePointer@core@3@A@@YAXXZ 10006d70 f    CIL library: CIL module
 0001:00005da0       ??__E?s_id@?$TObjectUniqueID@URTest1_Shell@test1@test@modules@UModSys@@@tl@UModSys@@2USUniquePointer@core@3@A@@YAXXZ 10006da0 f    CIL library: CIL module
 0001:00005dd0       ??__E?s_id@?$TObjectUniqueID@URGenerator@test1@test@modules@UModSys@@@tl@UModSys@@2USUniquePointer@core@3@A@@YAXXZ 10006dd0 f    CIL library: CIL module
 0001:00005e00       ??__E?s_modreg@RModuleReg@SDL_core@ui@modules@UModSys@@2U12345@A@@YAXXZ 10006e00 f    CIL library: CIL module
 0001:00005e40       ??__E?s_modreg_chain@RModuleReg@SDL_core@ui@modules@UModSys@@2USModuleRegChain@base@5@A@@YAXXZ 10006e40 f    CIL library: CIL module
 0001:00005e60       ??__E?s_uid@RGenerator@SDL_core@ui@modules@UModSys@@2USUniquePointer@core@5@A@@YAXXZ 10006e60 f    CIL library: CIL module
 0001:00005e90       ??__E?s_id@?$TObjectUniqueID@URMultiImage2D_SDL_ttf@SDL_core@ui@modules@UModSys@@@tl@UModSys@@2USUniquePointer@core@3@A@@YAXXZ 10006e90 f    CIL library: CIL module
 0001:00005ec0       ??__E?s_id@?$TObjectUniqueID@URRenderDriver2D_SDL_core@SDL_core@ui@modules@UModSys@@@tl@UModSys@@2USUniquePointer@core@3@A@@YAXXZ 10006ec0 f    CIL library: CIL module
 0001:00005ef0       ??__E?s_id@?$TObjectUniqueID@URTerminal_SDL_core@SDL_core@ui@modules@UModSys@@@tl@UModSys@@2USUniquePointer@core@3@A@@YAXXZ 10006ef0 f    CIL library: CIL module
 0001:00005f20       ??__E?s_id@?$TObjectUniqueID@URGenerator@SDL_core@ui@modules@UModSys@@@tl@UModSys@@2USUniquePointer@core@3@A@@YAXXZ 10006f20 f    CIL library: CIL module
 0001:00005f50       ??__E?s_modreg@RModuleReg@images_std@media@modules@UModSys@@2U12345@A@@YAXXZ 10006f50 f    CIL library: CIL module
 0001:00005f90       ??__E?s_modreg_chain@RModuleReg@images_std@media@modules@UModSys@@2USModuleRegChain@base@5@A@@YAXXZ 10006f90 f    CIL library: CIL module
 0001:00005fb0       ??__E?s_uid@RGenerator@images_std@media@modules@UModSys@@2USUniquePointer@core@5@A@@YAXXZ 10006fb0 f    CIL library: CIL module
 0001:00005fe0       ??__E?s_id@?$TObjectUniqueID@URMediaFilter@images_std@media@modules@UModSys@@@tl@UModSys@@2USUniquePointer@core@3@A@@YAXXZ 10006fe0 f    CIL library: CIL module
 0001:00006010       ??__E?s_id@?$TObjectUniqueID@URGenerator@images_std@media@modules@UModSys@@@tl@UModSys@@2USUniquePointer@core@3@A@@YAXXZ 10007010 f    CIL library: CIL module
 0001:00006040       ??__EM@UModSys@@YAXXZ      10007040 f    CIL library: CIL module
 0001:00006060       ??__E?root@SModuleRegChain@base@UModSys@@2U123@A@@YAXXZ 10007060 f    CIL library: CIL module
 0001:00006080       ??__E?s_library@RModuleLibraryReg_Chain@base@UModSys@@2U123@A@@YAXXZ 10007080 f    CIL library: CIL module
 0001:000060a0       ??__E?root@SUniquePointer@core@UModSys@@2U123@A@@YAXXZ 100070a0 f    CIL library: CIL module
 0001:000060c0       ??__F?s_modreg@RModuleReg@test1@test@modules@UModSys@@2U12345@A@@YAXXZ 100070c0 f    CIL library: CIL module
 0001:000060e0       ??__F?s_modreg_chain@RModuleReg@test1@test@modules@UModSys@@2USModuleRegChain@base@5@A@@YAXXZ 100070e0 f    CIL library: CIL module
 0001:000060f0       ??__F?s_uid@RGenerator@test1@test@modules@UModSys@@2USUniquePointer@core@5@A@@YAXXZ 100070f0 f    CIL library: CIL module
 0001:00006100       ??__Fh@?1??s_holder@RGenerator@test1@test@modules@UModSys@@SAAAU?$TTypeStaticHolder@URGenerator@test1@test@modules@UModSys@@@tl@5@XZ@YAXXZ 10007100 f    CIL library: CIL module
 0001:00006120       ??__F?s_id@?$TObjectUniqueID@URGenerator@test1@test@modules@UModSys@@@tl@UModSys@@2USUniquePointer@core@3@A@@YAXXZ 10007120 f    CIL library: CIL module
 0001:00006130       ??__F?s_id@?$TObjectUniqueID@URTest1_Shell@test1@test@modules@UModSys@@@tl@UModSys@@2USUniquePointer@core@3@A@@YAXXZ 10007130 f    CIL library: CIL module
 0001:00006140       ??__F?s_id@?$TObjectUniqueID@URLines_Filter@test1@test@modules@UModSys@@@tl@UModSys@@2USUniquePointer@core@3@A@@YAXXZ 10007140 f    CIL library: CIL module
 0001:00006150       ??__F?s_id@?$TObjectUniqueID@URLines@test1@test@modules@UModSys@@@tl@UModSys@@2USUniquePointer@core@3@A@@YAXXZ 10007150 f    CIL library: CIL module
 0001:00006160       ??__F?s_id@?$TObjectUniqueID@UILines@test1@test@modules@UModSys@@@tl@UModSys@@2USUniquePointer@core@3@A@@YAXXZ 10007160 f    CIL library: CIL module
 0001:00006170       ??__F?s_id@?$TObjectUniqueID@UIRenderDriver@lib2d@UModSys@@@tl@UModSys@@2USUniquePointer@core@3@A@@YAXXZ 10007170 f    CIL library: CIL module
 0001:00006180       ??__F?s_id@?$TObjectUniqueID@UIMultiImage@lib2d@UModSys@@@tl@UModSys@@2USUniquePointer@core@3@A@@YAXXZ 10007180 f    CIL library: CIL module
 0001:00006190       ??__F?s_id@?$TObjectUniqueID@UIImage@lib2d@UModSys@@@tl@UModSys@@2USUniquePointer@core@3@A@@YAXXZ 10007190 f    CIL library: CIL module
 0001:000061a0       ??__F?s_id@?$TObjectUniqueID@UIConsoleHelperInput_UIKey@libui@UModSys@@@tl@UModSys@@2USUniquePointer@core@3@A@@YAXXZ 100071a0 f    CIL library: CIL module
 0001:000061b0       ??__F?s_id@?$TObjectUniqueID@UITerminal@libui@UModSys@@@tl@UModSys@@2USUniquePointer@core@3@A@@YAXXZ 100071b0 f    CIL library: CIL module
 0001:000061c0       ??__F?s_id@?$TObjectUniqueID@UIJoystickController@libui@UModSys@@@tl@UModSys@@2USUniquePointer@core@3@A@@YAXXZ 100071c0 f    CIL library: CIL module
 0001:000061d0       ??__F?s_id@?$TObjectUniqueID@UIMouseController@libui@UModSys@@@tl@UModSys@@2USUniquePointer@core@3@A@@YAXXZ 100071d0 f    CIL library: CIL module
 0001:000061e0       ??__F?s_id@?$TObjectUniqueID@UIKeyboardController@libui@UModSys@@@tl@UModSys@@2USUniquePointer@core@3@A@@YAXXZ 100071e0 f    CIL library: CIL module
 0001:000061f0       ??__F?s_id@?$TObjectUniqueID@UIConsoleHelperOutputFCS@base@UModSys@@@tl@UModSys@@2USUniquePointer@core@3@A@@YAXXZ 100071f0 f    CIL library: CIL module
 0001:00006200       ??__F?s_id@?$TObjectUniqueID@UIConsoleHelperOutput@base@UModSys@@@tl@UModSys@@2USUniquePointer@core@3@A@@YAXXZ 10007200 f    CIL library: CIL module
 0001:00006210       ??__F?s_id@?$TObjectUniqueID@UIConsoleHelperInput@base@UModSys@@@tl@UModSys@@2USUniquePointer@core@3@A@@YAXXZ 10007210 f    CIL library: CIL module
 0001:00006220       ??__F?s_id@?$TObjectUniqueID@UIConsoleHelperHistory@base@UModSys@@@tl@UModSys@@2USUniquePointer@core@3@A@@YAXXZ 10007220 f    CIL library: CIL module
 0001:00006230       ??__F?s_id@?$TObjectUniqueID@UIConsoleHelper@base@UModSys@@@tl@UModSys@@2USUniquePointer@core@3@A@@YAXXZ 10007230 f    CIL library: CIL module
 0001:00006240       ??__F?s_id@?$TObjectUniqueID@UIConsoleExt@base@UModSys@@@tl@UModSys@@2USUniquePointer@core@3@A@@YAXXZ 10007240 f    CIL library: CIL module
 0001:00006250       ??__F?s_id@?$TObjectUniqueID@UILibraryLayered@libmedia@UModSys@@@tl@UModSys@@2USUniquePointer@core@3@A@@YAXXZ 10007250 f    CIL library: CIL module
 0001:00006260       ??__F?s_id@?$TObjectUniqueID@UILibraryObjCache@libmedia@UModSys@@@tl@UModSys@@2USUniquePointer@core@3@A@@YAXXZ 10007260 f    CIL library: CIL module
 0001:00006270       ??__F?s_id@?$TObjectUniqueID@UILibraryObjFilter@libmedia@UModSys@@@tl@UModSys@@2USUniquePointer@core@3@A@@YAXXZ 10007270 f    CIL library: CIL module
 0001:00006280       ??__F?s_id@?$TObjectUniqueID@UILibraryBinCache@libmedia@UModSys@@@tl@UModSys@@2USUniquePointer@core@3@A@@YAXXZ 10007280 f    CIL library: CIL module
 0001:00006290       ??__F?s_id@?$TObjectUniqueID@UILibraryBinTree@libmedia@UModSys@@@tl@UModSys@@2USUniquePointer@core@3@A@@YAXXZ 10007290 f    CIL library: CIL module
 0001:000062a0       ??__F?s_id@?$TObjectUniqueID@UILibrary@libmedia@UModSys@@@tl@UModSys@@2USUniquePointer@core@3@A@@YAXXZ 100072a0 f    CIL library: CIL module
 0001:000062b0       ??__F?s_id@?$TObjectUniqueID@UIBinObjFilter@libmedia@UModSys@@@tl@UModSys@@2USUniquePointer@core@3@A@@YAXXZ 100072b0 f    CIL library: CIL module
 0001:000062c0       ??__F?s_id@?$TObjectUniqueID@UIBinArchive@libmedia@UModSys@@@tl@UModSys@@2USUniquePointer@core@3@A@@YAXXZ 100072c0 f    CIL library: CIL module
 0001:000062d0       ??__F?s_id@?$TObjectUniqueID@UIStreamWriter@libmedia@UModSys@@@tl@UModSys@@2USUniquePointer@core@3@A@@YAXXZ 100072d0 f    CIL library: CIL module
 0001:000062e0       ??__F?s_id@?$TObjectUniqueID@UIStreamReader@libmedia@UModSys@@@tl@UModSys@@2USUniquePointer@core@3@A@@YAXXZ 100072e0 f    CIL library: CIL module
 0001:000062f0       ??__F?s_id@?$TObjectUniqueID@UISystem@base@UModSys@@@tl@UModSys@@2USUniquePointer@core@3@A@@YAXXZ 100072f0 f    CIL library: CIL module
 0001:00006300       ??__F?s_id@?$TObjectUniqueID@UIConsole@base@UModSys@@@tl@UModSys@@2USUniquePointer@core@3@A@@YAXXZ 10007300 f    CIL library: CIL module
 0001:00006310       ??__F?s_id@?$TObjectUniqueID@UIShell@base@UModSys@@@tl@UModSys@@2USUniquePointer@core@3@A@@YAXXZ 10007310 f    CIL library: CIL module
 0001:00006320       ??__F?s_id@?$TObjectUniqueID@UIGenerator@base@UModSys@@@tl@UModSys@@2USUniquePointer@core@3@A@@YAXXZ 10007320 f    CIL library: CIL module
 0001:00006330       ??__F?s_id@?$TObjectUniqueID@UIModObject@base@UModSys@@@tl@UModSys@@2USUniquePointer@core@3@A@@YAXXZ 10007330 f    CIL library: CIL module
 0001:00006340       ??__F?s_id@?$TObjectUniqueID@UIModuleLibrary@base@UModSys@@@tl@UModSys@@2USUniquePointer@core@3@A@@YAXXZ 10007340 f    CIL library: CIL module
 0001:00006350       ??__F?s_id@?$TObjectUniqueID@UIModule@base@UModSys@@@tl@UModSys@@2USUniquePointer@core@3@A@@YAXXZ 10007350 f    CIL library: CIL module
 0001:00006360       ??__F?s_id@?$TObjectUniqueID@UIParameters@core@UModSys@@@tl@UModSys@@2USUniquePointer@core@3@A@@YAXXZ 10007360 f    CIL library: CIL module
 0001:00006370       ??__F?s_id@?$TObjectUniqueID@UIRefObject@core@UModSys@@@tl@UModSys@@2USUniquePointer@core@3@A@@YAXXZ 10007370 f    CIL library: CIL module
 0001:00006380       ??__F?s_id@?$TObjectUniqueID@UIRoot@core@UModSys@@@tl@UModSys@@2USUniquePointer@core@3@A@@YAXXZ 10007380 f    CIL library: CIL module
 0001:00006390       ??__F?s_modreg@RModuleReg@SDL_core@ui@modules@UModSys@@2U12345@A@@YAXXZ 10007390 f    CIL library: CIL module
 0001:000063b0       ??__F?s_modreg_chain@RModuleReg@SDL_core@ui@modules@UModSys@@2USModuleRegChain@base@5@A@@YAXXZ 100073b0 f    CIL library: CIL module
 0001:000063c0       ??__F?s_uid@RGenerator@SDL_core@ui@modules@UModSys@@2USUniquePointer@core@5@A@@YAXXZ 100073c0 f    CIL library: CIL module
 0001:000063d0       ??__Fh@?1??s_holder@RGenerator@SDL_core@ui@modules@UModSys@@SAAAU?$TTypeStaticHolder@URGenerator@SDL_core@ui@modules@UModSys@@@tl@5@XZ@YAXXZ 100073d0 f    CIL library: CIL module
 0001:000063f0       ??__F?s_id@?$TObjectUniqueID@URGenerator@SDL_core@ui@modules@UModSys@@@tl@UModSys@@2USUniquePointer@core@3@A@@YAXXZ 100073f0 f    CIL library: CIL module
 0001:00006400       ??__F?s_id@?$TObjectUniqueID@URTerminal_SDL_core@SDL_core@ui@modules@UModSys@@@tl@UModSys@@2USUniquePointer@core@3@A@@YAXXZ 10007400 f    CIL library: CIL module
 0001:00006410       ??__F?s_id@?$TObjectUniqueID@URRenderDriver2D_SDL_core@SDL_core@ui@modules@UModSys@@@tl@UModSys@@2USUniquePointer@core@3@A@@YAXXZ 10007410 f    CIL library: CIL module
 0001:00006420       ??__F?s_id@?$TObjectUniqueID@URMultiImage2D_SDL_ttf@SDL_core@ui@modules@UModSys@@@tl@UModSys@@2USUniquePointer@core@3@A@@YAXXZ 10007420 f    CIL library: CIL module
 0001:00006430       ??__F?s_modreg@RModuleReg@images_std@media@modules@UModSys@@2U12345@A@@YAXXZ 10007430 f    CIL library: CIL module
 0001:00006450       ??__F?s_modreg_chain@RModuleReg@images_std@media@modules@UModSys@@2USModuleRegChain@base@5@A@@YAXXZ 10007450 f    CIL library: CIL module
 0001:00006460       ??__F?s_uid@RGenerator@images_std@media@modules@UModSys@@2USUniquePointer@core@5@A@@YAXXZ 10007460 f    CIL library: CIL module
 0001:00006470       ??__Fh@?1??s_holder@RGenerator@images_std@media@modules@UModSys@@SAAAU?$TTypeStaticHolder@URGenerator@images_std@media@modules@UModSys@@@tl@5@XZ@YAXXZ 10007470 f    CIL library: CIL module
 0001:00006490       ??__F?s_id@?$TObjectUniqueID@URGenerator@images_std@media@modules@UModSys@@@tl@UModSys@@2USUniquePointer@core@3@A@@YAXXZ 10007490 f    CIL library: CIL module
 0001:000064a0       ??__F?s_id@?$TObjectUniqueID@URMediaFilter@images_std@media@modules@UModSys@@@tl@UModSys@@2USUniquePointer@core@3@A@@YAXXZ 100074a0 f    CIL library: CIL module
 0001:000064b0       ??__FM@UModSys@@YAXXZ      100074b0 f    CIL library: CIL module
 0001:000064c0       ??__F?root@SModuleRegChain@base@UModSys@@2U123@A@@YAXXZ 100074c0 f    CIL library: CIL module
 0001:000064d0       ??__F?s_library@RModuleLibraryReg_Chain@base@UModSys@@2U123@A@@YAXXZ 100074d0 f    CIL library: CIL module
 0001:000064e0       ??__F?root@SUniquePointer@core@UModSys@@2U123@A@@YAXXZ 100074e0 f    CIL library: CIL module

 Exports

  ordinal    name

        1    _UModSys_Plugin_Entry2@0
