 plugin_test1

 Timestamp is 52b2f61d (Thu Dec 19 16:35:25 2013)

 Preferred load address is 10000000

 Start         Length     Name                   Class
 0001:00000000 00018d6aH .text                   CODE
 0001:00018d70 00000b18H .text$x                 CODE
 0001:00019890 00001271H .text$yc                CODE
 0001:0001ab10 0000078aH .text$yd                CODE
 0002:00000000 000001f0H .idata$5                DATA
 0002:000001f0 00000004H .CRT$XCA                DATA
 0002:000001f4 000008c8H .CRT$XCU                DATA
 0002:00000abc 00000004H .CRT$XCZ                DATA
 0002:00000ac0 00000004H .CRT$XIA                DATA
 0002:00000ac4 00000004H .CRT$XIAA               DATA
 0002:00000ac8 00000004H .CRT$XIC                DATA
 0002:00000acc 00000004H .CRT$XIZ                DATA
 0002:00000ad0 000023a0H .rdata                  DATA
 0002:00002e70 00001950H .rdata$r                DATA
 0002:000047c0 00000120H .rdata$sxdata           DATA
 0002:000048e0 00000004H .rtc$IAA                DATA
 0002:000048e4 00000004H .rtc$IZZ                DATA
 0002:000048e8 00000004H .rtc$TAA                DATA
 0002:000048ec 00000004H .rtc$TZZ                DATA
 0002:000048f0 00000fecH .xdata$x                DATA
 0002:000058dc 00000078H .idata$2                DATA
 0002:00005954 00000014H .idata$3                DATA
 0002:00005968 000001f0H .idata$4                DATA
 0002:00005b58 000008e6H .idata$6                DATA
 0002:00006440 0000005cH .edata                  DATA
 0003:00000000 00000ff0H .data                   DATA
 0003:00000ff0 00001630H .bss                    DATA

  Address         Publics by Value              Rva+Base       Lib:Object

 0000:00000000       __except_list              00000000     <absolute>
 0000:00000048       ___safe_se_handler_count   00000048     <absolute>
 0000:00009876       __ldused                   00009876     <absolute>
 0000:00009876       __fltused                  00009876     <absolute>
 0000:00000000       ___ImageBase               10000000     <linker-defined>
 0001:00000000       ??1SMemShared@core@UModSys@@QAE@XZ 10001000 f i plugin_test1.obj
 0001:00000000       ??1SCMemShared@core@UModSys@@QAE@XZ 10001000 f i plugin_test1.obj
 0001:00000000       ??1State@RImage_Memory@stdlib@lib2d@modules@UModSys@@QAE@XZ 10001000 f i umodsys_lib_lib2d:umodsys.mod.2d.stdlib.obj
 0001:00000020       ??4SCMemShared@core@UModSys@@QAEABU012@ABUSMemShared@12@@Z 10001020 f i plugin_test1.obj
 0001:00000050       ??3IRoot@core@UModSys@@SAXPAXABUSIMemAlloc@12@@Z 10001050 f i plugin_test1.obj
 0001:00000060       ??$seq@D@su@tl@UModSys@@YA_NPBD0@Z 10001060 f i plugin_test1.obj
 0001:000000a0       ??0SFileInfo@libmedia@UModSys@@QAE@XZ 100010a0 f i plugin_test1.obj
 0001:00000160       ??0SFileInfo@libmedia@UModSys@@QAE@ABU012@@Z 10001160 f i plugin_test1.obj
 0001:00000260       ??4SFileInfo@libmedia@UModSys@@QAEABU012@ABU012@@Z 10001260 f i plugin_test1.obj
 0001:000002f0       ??1?$TString@U?$TSCoreShared@USIMemAlloc@core@UModSys@@D@su@tl@UModSys@@U?$TComparerBinaryHash@D@234@@tl@UModSys@@QAE@XZ 100012f0 f i plugin_test1.obj
 0001:000002f0       ??1?$TStringBuf@U?$TSCoreShared@USIMemAlloc@core@UModSys@@D@su@tl@UModSys@@U?$TComparerBinaryHash@D@234@@tl@UModSys@@QAE@XZ 100012f0 f i umodsys_lib_libui:umodsys.mod.ui.frames.obj
 0001:00000300       ?obj_load@ILibrary@libmedia@UModSys@@QAE_NABU?$TString@U?$TSCoreConst@D@su@tl@UModSys@@U?$TComparerBinaryHash@D@234@@tl@3@PAUIRefObject@core@3@0PBUSParameters@73@ABU?$TFlags4State@USMediaFlagUid@libmedia@UModSys@@I@53@@Z 10001300 f i plugin_test1.obj
 0001:00000360       ?mount_add@ILibraryBinTree@libmedia@UModSys@@QAE_NABU?$TString@U?$TSCoreConst@D@su@tl@UModSys@@U?$TComparerBinaryHash@D@234@@tl@3@PAUIBinArchive@23@H@Z 10001360 f i plugin_test1.obj
 0001:00000400       ?mount_add@ILibraryBinTree@libmedia@UModSys@@QAE_NABU?$TString@U?$TSCoreConst@D@su@tl@UModSys@@U?$TComparerBinaryHash@D@234@@tl@3@HPAUIBinArchive@23@H@Z 10001400 f i plugin_test1.obj
 0001:000004a0       ??1SPoint@ILibraryBinTree@libmedia@UModSys@@QAE@XZ 100014a0 f i plugin_test1.obj
 0001:000004a0       ??1SLayer@ILibraryLayered@libmedia@UModSys@@QAE@XZ 100014a0 f i plugin_test1.obj
 0001:000004c0       ?layer_push@ILibraryLayered@libmedia@UModSys@@QAE_NPAUILibrary@23@HABU?$TString@U?$TSCoreConst@D@su@tl@UModSys@@U?$TComparerBinaryHash@D@234@@tl@3@@Z 100014c0 f i plugin_test1.obj
 0001:00000550       ?s@SFrameDataOut@libui@UModSys@@QBEXQBD@Z 10001550 f i plugin_test1.obj
 0001:00000590       ??_GIRoot@core@UModSys@@UAEPAXI@Z 10001590 f i plugin_test1.obj
 0001:00000590       ??_EIRoot@core@UModSys@@UAEPAXI@Z 10001590 f i  CIL library: CIL module
 0001:000005b0       ??1IBinObjFilter@libmedia@UModSys@@UAE@XZ 100015b0 f i plugin_test1.obj
 0001:00000600       ?root_get_interface_info@RTest1_Shell@test1@test@modules@UModSys@@UBEABUSUniquePointerInfo@core@5@XZ 10001600 f i plugin_test1.obj
 0001:00000610       ?root_get_interface_type@RTest1_Shell@test1@test@modules@UModSys@@UBEPBUSUniquePointerInfo@core@5@XZ 10001610 f i plugin_test1.obj
 0001:00000620       ?root_get_other_interface@RTest1_Shell@test1@test@modules@UModSys@@UAEPAUIRoot@core@5@PBUSUniquePointerInfo@75@@Z 10001620 f i plugin_test1.obj
 0001:00000620       ?root_get_other_interface@RTest1_Shell@test1@test@modules@UModSys@@UBEPBUIRoot@core@5@PBUSUniquePointerInfo@75@@Z 10001620 f i plugin_test1.obj
 0001:00000650       ?root_is_interface_supported@RTest1_Shell@test1@test@modules@UModSys@@UBE_NPBUSUniquePointerInfo@core@5@@Z 10001650 f i plugin_test1.obj
 0001:00000690       ?ref_add@RTest1_Shell@test1@test@modules@UModSys@@UBEXXZ 10001690 f i plugin_test1.obj
 0001:000006a0       ?ref_remove@RTest1_Shell@test1@test@modules@UModSys@@UBEXXZ 100016a0 f i plugin_test1.obj
 0001:000006b0       ?ref_links@RTest1_Shell@test1@test@modules@UModSys@@UBEHXZ 100016b0 f i plugin_test1.obj
 0001:000006c0       ?ref_weak@RTest1_Shell@test1@test@modules@UModSys@@UBE_NAAUWeakPointer@IRefObject@core@5@@Z 100016c0 f i plugin_test1.obj
 0001:000006e0       ?suicide@RTest1_Shell@test1@test@modules@UModSys@@UAEXXZ 100016e0 f i plugin_test1.obj
 0001:000006f0       ??0RTest1_Shell@test1@test@modules@UModSys@@QAE@PAUIModObject@base@4@@Z 100016f0 f i plugin_test1.obj
 0001:00000830       ??1RTest1_Shell@test1@test@modules@UModSys@@UAE@XZ 10001830 f i plugin_test1.obj
 0001:000008e0       ?connect@RTest1_Shell@test1@test@modules@UModSys@@UAE_NXZ 100018e0 f i plugin_test1.obj
 0001:00000900       ?disconnect@RTest1_Shell@test1@test@modules@UModSys@@UAE_NXZ 10001900 f i plugin_test1.obj
 0001:00000920       ?process_tick@RTest1_Shell@test1@test@modules@UModSys@@UAE_NABUSTimeMsec@core@5@@Z 10001920 f i plugin_test1.obj
 0001:00000950       ?process_command@RTest1_Shell@test1@test@modules@UModSys@@UAE_NHQBU?$TString@U?$TSCoreConst@D@su@tl@UModSys@@U?$TComparerBinaryHash@D@234@@tl@5@@Z 10001950 f i plugin_test1.obj
 0001:00000980       ??_ERTest1_Shell@test1@test@modules@UModSys@@UAEPAXI@Z 10001980 f i  CIL library: CIL module
 0001:00000980       ??_GRTest1_Shell@test1@test@modules@UModSys@@UAEPAXI@Z 10001980 f i plugin_test1.obj
 0001:000009a0       ??1SParameters@core@UModSys@@QAE@XZ 100019a0 f i plugin_test1.obj
 0001:000009a0       ??1?$TParametersA@$0EAA@@core@UModSys@@QAE@XZ 100019a0 f i plugin_test1.obj
 0001:000009a0       ??1?$TParametersA@$0BAA@@core@UModSys@@QAE@XZ 100019a0 f i umodsys_lib_libui:umodsys.mod.ui.SDL_core.obj
 0001:000009b0       ?get_generated_names@RGenerator@test1@test@modules@UModSys@@UBEHAAUSUniquePtrList@core@5@@Z 100019b0 f i plugin_test1.obj
 0001:000009d0       ?get_generated_types@RGenerator@test1@test@modules@UModSys@@UBEHAAUSUniquePtrList@core@5@PBUSUniquePointerInfo@75@@Z 100019d0 f i plugin_test1.obj
 0001:00000a20       ?generate@RGenerator@test1@test@modules@UModSys@@UAE_NAAU?$TRefObject@UIRefObject@core@UModSys@@U?$TRefObjectFunc@UIRefObject@core@UModSys@@@tl@3@@tl@5@PBUSUniquePointerInfo@core@5@ABUSParameters@95@@Z 10001a20 f i plugin_test1.obj
 0001:00000ae0       ?root_get_interface_info@RGenerator@test1@test@modules@UModSys@@UBEABUSUniquePointerInfo@core@5@XZ 10001ae0 f i plugin_test1.obj
 0001:00000af0       ?root_get_interface_type@RGenerator@test1@test@modules@UModSys@@UBEPBUSUniquePointerInfo@core@5@XZ 10001af0 f i plugin_test1.obj
 0001:00000b00       ?root_get_other_interface@RGenerator@test1@test@modules@UModSys@@UBEPBUIRoot@core@5@PBUSUniquePointerInfo@75@@Z 10001b00 f i plugin_test1.obj
 0001:00000b00       ?root_get_other_interface@RGenerator@test1@test@modules@UModSys@@UAEPAUIRoot@core@5@PBUSUniquePointerInfo@75@@Z 10001b00 f i plugin_test1.obj
 0001:00000b40       ?root_is_interface_supported@RGenerator@test1@test@modules@UModSys@@UBE_NPBUSUniquePointerInfo@core@5@@Z 10001b40 f i plugin_test1.obj
 0001:00000b80       ?get_uid@RGenerator@test1@test@modules@UModSys@@UBEPBUSUniquePointerInfo@core@5@XZ 10001b80 f i plugin_test1.obj
 0001:00000b90       ?do_open@RModuleReg@test1@test@modules@UModSys@@UAE_NXZ 10001b90 f i plugin_test1.obj
 0001:00000bc0       ?do_close@RModuleReg@test1@test@modules@UModSys@@UAE_NXZ 10001bc0 f i plugin_test1.obj
 0001:00000bf0       ??_ERModuleReg@test1@test@modules@UModSys@@UAEPAXI@Z 10001bf0 f i  CIL library: CIL module
 0001:00000bf0       ??_GRModuleReg@test1@test@modules@UModSys@@UAEPAXI@Z 10001bf0 f i plugin_test1.obj
 0001:00000c20       ??0?$TString@U?$TSCoreConst@D@su@tl@UModSys@@U?$TComparerBinaryHash@D@234@@tl@UModSys@@QAE@PBD@Z 10001c20 f i plugin_test1.obj
 0001:00000c70       ??8?$TString@U?$TSCoreConst@D@su@tl@UModSys@@U?$TComparerBinaryHash@D@234@@tl@UModSys@@QBE_NPBD@Z 10001c70 f i plugin_test1.obj
 0001:00000ca0       ??4?$TString@U?$TSCoreShared@USIMemAlloc@core@UModSys@@D@su@tl@UModSys@@U?$TComparerBinaryHash@D@234@@tl@UModSys@@QAEABU012@ABU012@@Z 10001ca0 f i plugin_test1.obj
 0001:00000cd0       ??0?$TParametersA@$0EAA@@core@UModSys@@QAE@XZ 10001cd0 f i plugin_test1.obj
 0001:00000d00       ??1?$TDynarrayDynamic@USFileInfo@libmedia@UModSys@@U?$TAllocator@USIMemAlloc@core@UModSys@@USCountCalcPower2@23@@tl@3@@tl@UModSys@@QAE@XZ 10001d00 f i plugin_test1.obj
 0001:00000d50       ??1?$TRStackSocket@USFileInfo@libmedia@UModSys@@U?$TDynarrayDynamic@USFileInfo@libmedia@UModSys@@U?$TAllocator@USIMemAlloc@core@UModSys@@USCountCalcPower2@23@@tl@3@@tl@3@@tl@UModSys@@QAE@XZ 10001d50 f i plugin_test1.obj
 0001:00000d60       ?isempty@?$TRStackSocket@USFileInfo@libmedia@UModSys@@U?$TDynarrayDynamic@USFileInfo@libmedia@UModSys@@U?$TAllocator@USIMemAlloc@core@UModSys@@USCountCalcPower2@23@@tl@3@@tl@3@@tl@UModSys@@UBE_NXZ 10001d60 f i plugin_test1.obj
 0001:00000d70       ?push@?$TRStackSocket@USFileInfo@libmedia@UModSys@@U?$TDynarrayDynamic@USFileInfo@libmedia@UModSys@@U?$TAllocator@USIMemAlloc@core@UModSys@@USCountCalcPower2@23@@tl@3@@tl@3@@tl@UModSys@@UAE_NABUSFileInfo@libmedia@3@@Z 10001d70 f i plugin_test1.obj
 0001:00000db0       ?pop@?$TRStackSocket@USFileInfo@libmedia@UModSys@@U?$TDynarrayDynamic@USFileInfo@libmedia@UModSys@@U?$TAllocator@USIMemAlloc@core@UModSys@@USCountCalcPower2@23@@tl@3@@tl@3@@tl@UModSys@@UAE_NAAUSFileInfo@libmedia@3@@Z 10001db0 f i plugin_test1.obj
 0001:00000e00       ?info_release@?$TSCoreShared@USIMemAlloc@core@UModSys@@D@su@tl@UModSys@@QAEXXZ 10001e00 f i plugin_test1.obj
 0001:00000e80       ?info_new@?$TSCoreShared@USIMemAlloc@core@UModSys@@D@su@tl@UModSys@@QAE_NPBDI@Z 10001e80 f i plugin_test1.obj
 0001:00000f30       ?get_null@?$TSCoreShared@USIMemAlloc@core@UModSys@@D@su@tl@UModSys@@SAPAU?$TSharedStringInfo@DUSIMemAlloc@core@UModSys@@@234@XZ 10001f30 f i plugin_test1.obj
 0001:00000f70       ??$generate_type@UIImage@lib2d@UModSys@@@RTest1_Shell@test1@test@modules@UModSys@@QAE?AU?$TRefObject@UIImage@lib2d@UModSys@@U?$TRefObjectFunc@UIImage@lib2d@UModSys@@@tl@3@@tl@4@ABU?$TString@U?$TSCoreConst@D@su@tl@UModSys@@U?$TComparerBinaryHash@D@234@@64@ABUSParameters@core@4@PBD@Z 10001f70 f i plugin_test1.obj
 0001:000010c0       ??$generate_type@UIBinArchive@libmedia@UModSys@@@RTest1_Shell@test1@test@modules@UModSys@@QAE?AU?$TRefObject@UIBinArchive@libmedia@UModSys@@U?$TRefObjectFunc@UIBinArchive@libmedia@UModSys@@@tl@3@@tl@4@ABU?$TString@U?$TSCoreConst@D@su@tl@UModSys@@U?$TComparerBinaryHash@D@234@@64@ABUSParameters@core@4@PBD@Z 100020c0 f i plugin_test1.obj
 0001:00001210       ??$generate_type@UIClient@IBinArchiveFrame@libmedia@UModSys@@@RTest1_Shell@test1@test@modules@UModSys@@QAE?AU?$TRefObject@UIClient@IBinArchiveFrame@libmedia@UModSys@@U?$TRefObjectFunc@UIClient@IBinArchiveFrame@libmedia@UModSys@@@tl@4@@tl@4@ABU?$TString@U?$TSCoreConst@D@su@tl@UModSys@@U?$TComparerBinaryHash@D@234@@64@ABUSParameters@core@4@PBD@Z 10002210 f i plugin_test1.obj
 0001:00001360       ??$generate_type@UIBinArchiveFrame@libmedia@UModSys@@@RTest1_Shell@test1@test@modules@UModSys@@QAE?AU?$TRefObject@UIBinArchiveFrame@libmedia@UModSys@@U?$TRefObjectFunc@UIBinArchiveFrame@libmedia@UModSys@@@tl@3@@tl@4@ABU?$TString@U?$TSCoreConst@D@su@tl@UModSys@@U?$TComparerBinaryHash@D@234@@64@ABUSParameters@core@4@PBD@Z 10002360 f i plugin_test1.obj
 0001:000014b0       ??$generate_type@UIBinObjFilter@libmedia@UModSys@@@RTest1_Shell@test1@test@modules@UModSys@@QAE?AU?$TRefObject@UIBinObjFilter@libmedia@UModSys@@U?$TRefObjectFunc@UIBinObjFilter@libmedia@UModSys@@@tl@3@@tl@4@ABU?$TString@U?$TSCoreConst@D@su@tl@UModSys@@U?$TComparerBinaryHash@D@234@@64@ABUSParameters@core@4@PBD@Z 100024b0 f i plugin_test1.obj
 0001:00001600       ??$generate_type@UIUtilities@libmedia@UModSys@@@RTest1_Shell@test1@test@modules@UModSys@@QAE?AU?$TRefObject@UIUtilities@libmedia@UModSys@@U?$TRefObjectFunc@UIUtilities@libmedia@UModSys@@@tl@3@@tl@4@ABU?$TString@U?$TSCoreConst@D@su@tl@UModSys@@U?$TComparerBinaryHash@D@234@@64@ABUSParameters@core@4@PBD@Z 10002600 f i plugin_test1.obj
 0001:00001750       ??$generate_type@UILibraryBinTree@libmedia@UModSys@@@RTest1_Shell@test1@test@modules@UModSys@@QAE?AU?$TRefObject@UILibraryBinTree@libmedia@UModSys@@U?$TRefObjectFunc@UILibraryBinTree@libmedia@UModSys@@@tl@3@@tl@4@ABU?$TString@U?$TSCoreConst@D@su@tl@UModSys@@U?$TComparerBinaryHash@D@234@@64@ABUSParameters@core@4@PBD@Z 10002750 f i plugin_test1.obj
 0001:000018a0       ??$generate_type@UILibraryObjFilter@libmedia@UModSys@@@RTest1_Shell@test1@test@modules@UModSys@@QAE?AU?$TRefObject@UILibraryObjFilter@libmedia@UModSys@@U?$TRefObjectFunc@UILibraryObjFilter@libmedia@UModSys@@@tl@3@@tl@4@ABU?$TString@U?$TSCoreConst@D@su@tl@UModSys@@U?$TComparerBinaryHash@D@234@@64@ABUSParameters@core@4@PBD@Z 100028a0 f i plugin_test1.obj
 0001:000019f0       ??$generate_type@UILibraryLayered@libmedia@UModSys@@@RTest1_Shell@test1@test@modules@UModSys@@QAE?AU?$TRefObject@UILibraryLayered@libmedia@UModSys@@U?$TRefObjectFunc@UILibraryLayered@libmedia@UModSys@@@tl@3@@tl@4@ABU?$TString@U?$TSCoreConst@D@su@tl@UModSys@@U?$TComparerBinaryHash@D@234@@64@ABUSParameters@core@4@PBD@Z 100029f0 f i plugin_test1.obj
 0001:00001b40       ??$generate_type@UILibraryObjCache@libmedia@UModSys@@@RTest1_Shell@test1@test@modules@UModSys@@QAE?AU?$TRefObject@UILibraryObjCache@libmedia@UModSys@@U?$TRefObjectFunc@UILibraryObjCache@libmedia@UModSys@@@tl@3@@tl@4@ABU?$TString@U?$TSCoreConst@D@su@tl@UModSys@@U?$TComparerBinaryHash@D@234@@64@ABUSParameters@core@4@PBD@Z 10002b40 f i plugin_test1.obj
 0001:00001c90       ??$generate_type@UILibraryBinCache@libmedia@UModSys@@@RTest1_Shell@test1@test@modules@UModSys@@QAE?AU?$TRefObject@UILibraryBinCache@libmedia@UModSys@@U?$TRefObjectFunc@UILibraryBinCache@libmedia@UModSys@@@tl@3@@tl@4@ABU?$TString@U?$TSCoreConst@D@su@tl@UModSys@@U?$TComparerBinaryHash@D@234@@64@ABUSParameters@core@4@PBD@Z 10002c90 f i plugin_test1.obj
 0001:00001de0       ?ResizeRel@?$TDynarray@U?$TDynarrayHolderDynamic@USFileInfo@libmedia@UModSys@@U?$TAllocator@USIMemAlloc@core@UModSys@@USCountCalcPower2@23@@tl@3@@tl@UModSys@@@tl@UModSys@@QAE_NH@Z 10002de0 f i plugin_test1.obj
 0001:00001e50       ??$shash@D@su@tl@UModSys@@YAIPBDI@Z 10002e50 f i plugin_test1.obj
 0001:00001e90       ?ReLink@?$TDynarray@U?$TDynarrayHolderDynamic@USFileInfo@libmedia@UModSys@@U?$TAllocator@USIMemAlloc@core@UModSys@@USCountCalcPower2@23@@tl@3@@tl@UModSys@@@tl@UModSys@@IAE_NI@Z 10002e90 f i plugin_test1.obj
 0001:00001ee0       ??1?$TRefObject@UIModObject@base@UModSys@@U?$TModObjectFunc@UIModObject@base@UModSys@@@tl@3@@tl@UModSys@@QAE@XZ 10002ee0 f i plugin_test1.obj
 0001:00001f00       ?adestruct@?$TTypeConstructor@USFileInfo@libmedia@UModSys@@@tl@UModSys@@SAXPAUSFileInfo@libmedia@3@I@Z 10002f00 f i plugin_test1.obj
 0001:00001f80       ??$t_ref_get_other_interface@UIStreamReader@libmedia@UModSys@@U?$TRefObjectFunc@UIStreamReader@libmedia@UModSys@@@tl@3@@IRefObject@core@UModSys@@QAE_NAAU?$TRefObject@UIStreamReader@libmedia@UModSys@@U?$TRefObjectFunc@UIStreamReader@libmedia@UModSys@@@tl@3@@tl@2@@Z 10002f80 f i plugin_test1.obj
 0001:00001fc0       ??$t_ref_get_other_interface@UIStreamWriter@libmedia@UModSys@@U?$TRefObjectFunc@UIStreamWriter@libmedia@UModSys@@@tl@3@@IRefObject@core@UModSys@@QAE_NAAU?$TRefObject@UIStreamWriter@libmedia@UModSys@@U?$TRefObjectFunc@UIStreamWriter@libmedia@UModSys@@@tl@3@@tl@2@@Z 10002fc0 f i plugin_test1.obj
 0001:00002000       ??$t_ref_get_other_interface@UIMultiImage@lib2d@UModSys@@U?$TRefObjectFunc@UIMultiImage@lib2d@UModSys@@@tl@3@@IRefObject@core@UModSys@@QAE_NAAU?$TRefObject@UIMultiImage@lib2d@UModSys@@U?$TRefObjectFunc@UIMultiImage@lib2d@UModSys@@@tl@3@@tl@2@@Z 10003000 f i plugin_test1.obj
 0001:00002040       ??$t_generate@UIImage@lib2d@UModSys@@@SModuleContext@base@UModSys@@QAE_NAAU?$TRefObject@UIImage@lib2d@UModSys@@U?$TRefObjectFunc@UIImage@lib2d@UModSys@@@tl@3@@tl@2@PBUSUniquePointerInfo@core@2@ABUSParameters@62@@Z 10003040 f i plugin_test1.obj
 0001:000020f0       ??$t_generate@UIBinArchive@libmedia@UModSys@@@SModuleContext@base@UModSys@@QAE_NAAU?$TRefObject@UIBinArchive@libmedia@UModSys@@U?$TRefObjectFunc@UIBinArchive@libmedia@UModSys@@@tl@3@@tl@2@PBUSUniquePointerInfo@core@2@ABUSParameters@62@@Z 100030f0 f i plugin_test1.obj
 0001:000021a0       ??$t_generate@UIClient@IBinArchiveFrame@libmedia@UModSys@@@SModuleContext@base@UModSys@@QAE_NAAU?$TRefObject@UIClient@IBinArchiveFrame@libmedia@UModSys@@U?$TRefObjectFunc@UIClient@IBinArchiveFrame@libmedia@UModSys@@@tl@4@@tl@2@PBUSUniquePointerInfo@core@2@ABUSParameters@62@@Z 100031a0 f i plugin_test1.obj
 0001:00002250       ??$t_generate@UIBinArchiveFrame@libmedia@UModSys@@@SModuleContext@base@UModSys@@QAE_NAAU?$TRefObject@UIBinArchiveFrame@libmedia@UModSys@@U?$TRefObjectFunc@UIBinArchiveFrame@libmedia@UModSys@@@tl@3@@tl@2@PBUSUniquePointerInfo@core@2@ABUSParameters@62@@Z 10003250 f i plugin_test1.obj
 0001:00002300       ??$t_generate@UIBinObjFilter@libmedia@UModSys@@@SModuleContext@base@UModSys@@QAE_NAAU?$TRefObject@UIBinObjFilter@libmedia@UModSys@@U?$TRefObjectFunc@UIBinObjFilter@libmedia@UModSys@@@tl@3@@tl@2@PBUSUniquePointerInfo@core@2@ABUSParameters@62@@Z 10003300 f i plugin_test1.obj
 0001:000023b0       ??$t_generate@UIUtilities@libmedia@UModSys@@@SModuleContext@base@UModSys@@QAE_NAAU?$TRefObject@UIUtilities@libmedia@UModSys@@U?$TRefObjectFunc@UIUtilities@libmedia@UModSys@@@tl@3@@tl@2@PBUSUniquePointerInfo@core@2@ABUSParameters@62@@Z 100033b0 f i plugin_test1.obj
 0001:00002460       ??$t_generate@UILibraryBinTree@libmedia@UModSys@@@SModuleContext@base@UModSys@@QAE_NAAU?$TRefObject@UILibraryBinTree@libmedia@UModSys@@U?$TRefObjectFunc@UILibraryBinTree@libmedia@UModSys@@@tl@3@@tl@2@PBUSUniquePointerInfo@core@2@ABUSParameters@62@@Z 10003460 f i plugin_test1.obj
 0001:00002510       ??$t_generate@UILibraryObjFilter@libmedia@UModSys@@@SModuleContext@base@UModSys@@QAE_NAAU?$TRefObject@UILibraryObjFilter@libmedia@UModSys@@U?$TRefObjectFunc@UILibraryObjFilter@libmedia@UModSys@@@tl@3@@tl@2@PBUSUniquePointerInfo@core@2@ABUSParameters@62@@Z 10003510 f i plugin_test1.obj
 0001:000025c0       ??$t_generate@UILibraryLayered@libmedia@UModSys@@@SModuleContext@base@UModSys@@QAE_NAAU?$TRefObject@UILibraryLayered@libmedia@UModSys@@U?$TRefObjectFunc@UILibraryLayered@libmedia@UModSys@@@tl@3@@tl@2@PBUSUniquePointerInfo@core@2@ABUSParameters@62@@Z 100035c0 f i plugin_test1.obj
 0001:00002670       ??$t_generate@UILibraryObjCache@libmedia@UModSys@@@SModuleContext@base@UModSys@@QAE_NAAU?$TRefObject@UILibraryObjCache@libmedia@UModSys@@U?$TRefObjectFunc@UILibraryObjCache@libmedia@UModSys@@@tl@3@@tl@2@PBUSUniquePointerInfo@core@2@ABUSParameters@62@@Z 10003670 f i plugin_test1.obj
 0001:00002720       ??$t_generate@UILibraryBinCache@libmedia@UModSys@@@SModuleContext@base@UModSys@@QAE_NAAU?$TRefObject@UILibraryBinCache@libmedia@UModSys@@U?$TRefObjectFunc@UILibraryBinCache@libmedia@UModSys@@@tl@3@@tl@2@PBUSUniquePointerInfo@core@2@ABUSParameters@62@@Z 10003720 f i plugin_test1.obj
 0001:000027d0       ??$t_ref_get_other_interface@UIImage@lib2d@UModSys@@U?$TRefObjectFunc@UIImage@lib2d@UModSys@@@tl@3@@IRefObject@core@UModSys@@QAE_NAAU?$TRefObject@UIImage@lib2d@UModSys@@U?$TRefObjectFunc@UIImage@lib2d@UModSys@@@tl@3@@tl@2@@Z 100037d0 f i plugin_test1.obj
 0001:00002810       ??$t_ref_get_other_interface@UIBinArchive@libmedia@UModSys@@U?$TRefObjectFunc@UIBinArchive@libmedia@UModSys@@@tl@3@@IRefObject@core@UModSys@@QAE_NAAU?$TRefObject@UIBinArchive@libmedia@UModSys@@U?$TRefObjectFunc@UIBinArchive@libmedia@UModSys@@@tl@3@@tl@2@@Z 10003810 f i plugin_test1.obj
 0001:00002850       ??$t_ref_get_other_interface@UIClient@IBinArchiveFrame@libmedia@UModSys@@U?$TRefObjectFunc@UIClient@IBinArchiveFrame@libmedia@UModSys@@@tl@4@@IRefObject@core@UModSys@@QAE_NAAU?$TRefObject@UIClient@IBinArchiveFrame@libmedia@UModSys@@U?$TRefObjectFunc@UIClient@IBinArchiveFrame@libmedia@UModSys@@@tl@4@@tl@2@@Z 10003850 f i plugin_test1.obj
 0001:00002890       ??$t_ref_get_other_interface@UIBinArchiveFrame@libmedia@UModSys@@U?$TRefObjectFunc@UIBinArchiveFrame@libmedia@UModSys@@@tl@3@@IRefObject@core@UModSys@@QAE_NAAU?$TRefObject@UIBinArchiveFrame@libmedia@UModSys@@U?$TRefObjectFunc@UIBinArchiveFrame@libmedia@UModSys@@@tl@3@@tl@2@@Z 10003890 f i plugin_test1.obj
 0001:000028d0       ??$t_ref_get_other_interface@UIBinObjFilter@libmedia@UModSys@@U?$TRefObjectFunc@UIBinObjFilter@libmedia@UModSys@@@tl@3@@IRefObject@core@UModSys@@QAE_NAAU?$TRefObject@UIBinObjFilter@libmedia@UModSys@@U?$TRefObjectFunc@UIBinObjFilter@libmedia@UModSys@@@tl@3@@tl@2@@Z 100038d0 f i plugin_test1.obj
 0001:00002910       ??$t_ref_get_other_interface@UIUtilities@libmedia@UModSys@@U?$TRefObjectFunc@UIUtilities@libmedia@UModSys@@@tl@3@@IRefObject@core@UModSys@@QAE_NAAU?$TRefObject@UIUtilities@libmedia@UModSys@@U?$TRefObjectFunc@UIUtilities@libmedia@UModSys@@@tl@3@@tl@2@@Z 10003910 f i plugin_test1.obj
 0001:00002950       ??$t_ref_get_other_interface@UILibraryBinTree@libmedia@UModSys@@U?$TRefObjectFunc@UILibraryBinTree@libmedia@UModSys@@@tl@3@@IRefObject@core@UModSys@@QAE_NAAU?$TRefObject@UILibraryBinTree@libmedia@UModSys@@U?$TRefObjectFunc@UILibraryBinTree@libmedia@UModSys@@@tl@3@@tl@2@@Z 10003950 f i plugin_test1.obj
 0001:00002990       ??$t_ref_get_other_interface@UILibraryObjFilter@libmedia@UModSys@@U?$TRefObjectFunc@UILibraryObjFilter@libmedia@UModSys@@@tl@3@@IRefObject@core@UModSys@@QAE_NAAU?$TRefObject@UILibraryObjFilter@libmedia@UModSys@@U?$TRefObjectFunc@UILibraryObjFilter@libmedia@UModSys@@@tl@3@@tl@2@@Z 10003990 f i plugin_test1.obj
 0001:000029d0       ??$t_ref_get_other_interface@UILibraryLayered@libmedia@UModSys@@U?$TRefObjectFunc@UILibraryLayered@libmedia@UModSys@@@tl@3@@IRefObject@core@UModSys@@QAE_NAAU?$TRefObject@UILibraryLayered@libmedia@UModSys@@U?$TRefObjectFunc@UILibraryLayered@libmedia@UModSys@@@tl@3@@tl@2@@Z 100039d0 f i plugin_test1.obj
 0001:00002a10       ??$t_ref_get_other_interface@UILibraryObjCache@libmedia@UModSys@@U?$TRefObjectFunc@UILibraryObjCache@libmedia@UModSys@@@tl@3@@IRefObject@core@UModSys@@QAE_NAAU?$TRefObject@UILibraryObjCache@libmedia@UModSys@@U?$TRefObjectFunc@UILibraryObjCache@libmedia@UModSys@@@tl@3@@tl@2@@Z 10003a10 f i plugin_test1.obj
 0001:00002a50       ??$t_ref_get_other_interface@UILibraryBinCache@libmedia@UModSys@@U?$TRefObjectFunc@UILibraryBinCache@libmedia@UModSys@@@tl@3@@IRefObject@core@UModSys@@QAE_NAAU?$TRefObject@UILibraryBinCache@libmedia@UModSys@@U?$TRefObjectFunc@UILibraryBinCache@libmedia@UModSys@@@tl@3@@tl@2@@Z 10003a50 f i plugin_test1.obj
 0001:00002a90       ?alloc@SMemShared@core@UModSys@@QAE_NIPAUSSourceContext@23@@Z 10003a90 f i umodsys_lib_lib2d:umodsys.mod.2d.stdlib.obj
 0001:00002ad0       ??BSMemShared@core@UModSys@@QBE?AUSMem@12@XZ 10003ad0 f i umodsys_lib_lib2d:umodsys.mod.2d.stdlib.obj
 0001:00002ad0       ?get@SMemShared@core@UModSys@@QBE?AUSMem@23@XZ 10003ad0 f i umodsys_lib_libmedia:umodsys.mod.media.images_std.obj
 0001:00002b20       ?ConvertSameSize@stdlib@lib2d@modules@UModSys@@YA_NW4eImageType@24@ABU?$TVector2@H@math3d@4@11ABUSMem@core@4@11ABUSCMem@94@@Z 10003b20 f i umodsys_lib_lib2d:umodsys.mod.2d.stdlib.obj
 0001:00002bb0       ?ConvertSame@stdlib@lib2d@modules@UModSys@@YA_NW4eImageType@24@ABU?$TBoundBox2@H@math3d@4@ABU?$TVector2@H@74@ABUSMem@core@4@12ABUSCMem@core@4@@Z 10003bb0 f i umodsys_lib_lib2d:umodsys.mod.2d.stdlib.obj
 0001:00002c30       ?Convert@stdlib@lib2d@modules@UModSys@@YA_NABU?$TBoundBox2@H@math3d@4@ABUSImageInfo@24@ABUSMem@core@4@01ABUSCMem@94@@Z 10003c30 f i umodsys_lib_lib2d:umodsys.mod.2d.stdlib.obj
 0001:00002ca0       ?root_get_interface_info@RImage_Memory@stdlib@lib2d@modules@UModSys@@UBEABUSUniquePointerInfo@core@5@XZ 10003ca0 f i umodsys_lib_lib2d:umodsys.mod.2d.stdlib.obj
 0001:00002cb0       ?root_get_interface_type@RImage_Memory@stdlib@lib2d@modules@UModSys@@UBEPBUSUniquePointerInfo@core@5@XZ 10003cb0 f i umodsys_lib_lib2d:umodsys.mod.2d.stdlib.obj
 0001:00002cc0       ?root_get_other_interface@RImage_Memory@stdlib@lib2d@modules@UModSys@@UAEPAUIRoot@core@5@PBUSUniquePointerInfo@75@@Z 10003cc0 f i umodsys_lib_lib2d:umodsys.mod.2d.stdlib.obj
 0001:00002cc0       ?root_get_other_interface@RImage_Memory@stdlib@lib2d@modules@UModSys@@UBEPBUIRoot@core@5@PBUSUniquePointerInfo@75@@Z 10003cc0 f i umodsys_lib_lib2d:umodsys.mod.2d.stdlib.obj
 0001:00002cf0       ?root_is_interface_supported@RImage_Memory@stdlib@lib2d@modules@UModSys@@UBE_NPBUSUniquePointerInfo@core@5@@Z 10003cf0 f i umodsys_lib_lib2d:umodsys.mod.2d.stdlib.obj
 0001:00002d30       ?set_info@RImage_Memory@stdlib@lib2d@modules@UModSys@@UAE_NABUSImagePatchInfo@35@PBD@Z 10003d30 f i umodsys_lib_lib2d:umodsys.mod.2d.stdlib.obj
 0001:00002ed0       ?set_data@RImage_Memory@stdlib@lib2d@modules@UModSys@@UAE_NABUSImagePatchInfo@35@ABUSCMem@core@5@H@Z 10003ed0 f i umodsys_lib_lib2d:umodsys.mod.2d.stdlib.obj
 0001:00002f80       ?get_info@RImage_Memory@stdlib@lib2d@modules@UModSys@@UBEABUSImageInfo@35@XZ 10003f80 f i umodsys_lib_lib2d:umodsys.mod.2d.stdlib.obj
 0001:00002f90       ?get_data@RImage_Memory@stdlib@lib2d@modules@UModSys@@UBE_NABUSImagePatchInfo@35@ABUSMem@core@5@H@Z 10003f90 f i umodsys_lib_lib2d:umodsys.mod.2d.stdlib.obj
 0001:00003040       ??0RImage_Memory@stdlib@lib2d@modules@UModSys@@QAE@PAUIModObject@base@4@ABUSParameters@core@4@@Z 10004040 f i umodsys_lib_lib2d:umodsys.mod.2d.stdlib.obj
 0001:000030f0       ??4State@RImage_Memory@stdlib@lib2d@modules@UModSys@@QAEAAU012345@ABU012345@@Z 100040f0 f i umodsys_lib_lib2d:umodsys.mod.2d.stdlib.obj
 0001:000031a0       ??_GRImage_Memory@stdlib@lib2d@modules@UModSys@@UAEPAXI@Z 100041a0 f i umodsys_lib_lib2d:umodsys.mod.2d.stdlib.obj
 0001:000031a0       ??_ERImage_Memory@stdlib@lib2d@modules@UModSys@@UAEPAXI@Z 100041a0 f i  CIL library: CIL module
 0001:00003210       ?get_generated_names@RGenerator@stdlib@lib2d@modules@UModSys@@UBEHAAUSUniquePtrList@core@5@@Z 10004210 f i umodsys_lib_lib2d:umodsys.mod.2d.stdlib.obj
 0001:00003230       ?get_generated_types@RGenerator@stdlib@lib2d@modules@UModSys@@UBEHAAUSUniquePtrList@core@5@PBUSUniquePointerInfo@75@@Z 10004230 f i umodsys_lib_lib2d:umodsys.mod.2d.stdlib.obj
 0001:00003280       ?generate@RGenerator@stdlib@lib2d@modules@UModSys@@UAE_NAAU?$TRefObject@UIRefObject@core@UModSys@@U?$TRefObjectFunc@UIRefObject@core@UModSys@@@tl@3@@tl@5@PBUSUniquePointerInfo@core@5@ABUSParameters@95@@Z 10004280 f i umodsys_lib_lib2d:umodsys.mod.2d.stdlib.obj
 0001:000032b0       ?root_get_interface_info@RGenerator@stdlib@lib2d@modules@UModSys@@UBEABUSUniquePointerInfo@core@5@XZ 100042b0 f i umodsys_lib_lib2d:umodsys.mod.2d.stdlib.obj
 0001:000032c0       ?root_get_interface_type@RGenerator@stdlib@lib2d@modules@UModSys@@UBEPBUSUniquePointerInfo@core@5@XZ 100042c0 f i umodsys_lib_lib2d:umodsys.mod.2d.stdlib.obj
 0001:000032d0       ?root_get_other_interface@RGenerator@stdlib@lib2d@modules@UModSys@@UAEPAUIRoot@core@5@PBUSUniquePointerInfo@75@@Z 100042d0 f i umodsys_lib_lib2d:umodsys.mod.2d.stdlib.obj
 0001:000032d0       ?root_get_other_interface@RGenerator@stdlib@lib2d@modules@UModSys@@UBEPBUIRoot@core@5@PBUSUniquePointerInfo@75@@Z 100042d0 f i umodsys_lib_lib2d:umodsys.mod.2d.stdlib.obj
 0001:00003310       ?root_is_interface_supported@RGenerator@stdlib@lib2d@modules@UModSys@@UBE_NPBUSUniquePointerInfo@core@5@@Z 10004310 f i umodsys_lib_lib2d:umodsys.mod.2d.stdlib.obj
 0001:00003350       ?suicide@RGenerator@test1@test@modules@UModSys@@UAEXXZ 10004350 f i plugin_test1.obj
 0001:00003350       ?suicide@RGenerator@serialize_json@media@modules@UModSys@@UAEXXZ 10004350 f i umodsys_lib_libmedia:umodsys.mod.media.serialize_json.obj
 0001:00003350       ?suicide@RGenerator@SDL_core@ui@modules@UModSys@@UAEXXZ 10004350 f i umodsys_lib_libui:umodsys.mod.ui.SDL_core.obj
 0001:00003350       ?suicide@RGenerator@frames@ui@modules@UModSys@@UAEXXZ 10004350 f i umodsys_lib_libui:umodsys.mod.ui.frames.obj
 0001:00003350       ??3@YAXPAX0@Z              10004350 f i plugin_test1.obj
 0001:00003350       ?suicide@RGenerator@images_std@media@modules@UModSys@@UAEXXZ 10004350 f i umodsys_lib_libmedia:umodsys.mod.media.images_std.obj
 0001:00003350       ?suicide@RGenerator@zlib@media@modules@UModSys@@UAEXXZ 10004350 f i umodsys_lib_libmedia:umodsys.mod.media.zlib.obj
 0001:00003350       ?suicide@RGenerator@stdlib@lib2d@modules@UModSys@@UAEXXZ 10004350 f i umodsys_lib_lib2d:umodsys.mod.2d.stdlib.obj
 0001:00003360       ?get_uid@RGenerator@stdlib@lib2d@modules@UModSys@@UBEPBUSUniquePointerInfo@core@5@XZ 10004360 f i umodsys_lib_lib2d:umodsys.mod.2d.stdlib.obj
 0001:00003370       ?do_open@RModuleReg@stdlib@lib2d@modules@UModSys@@UAE_NXZ 10004370 f i umodsys_lib_lib2d:umodsys.mod.2d.stdlib.obj
 0001:00003380       ?do_close@RModuleReg@stdlib@lib2d@modules@UModSys@@UAE_NXZ 10004380 f i umodsys_lib_lib2d:umodsys.mod.2d.stdlib.obj
 0001:00003390       ??_ERModuleReg@stdlib@lib2d@modules@UModSys@@UAEPAXI@Z 10004390 f i  CIL library: CIL module
 0001:00003390       ??_GRModuleReg@stdlib@lib2d@modules@UModSys@@UAEPAXI@Z 10004390 f i umodsys_lib_lib2d:umodsys.mod.2d.stdlib.obj
 0001:000033c0       ??$t_gen_param@URImage_Memory@stdlib@lib2d@modules@UModSys@@URGenerator@2345@@IGenerator@base@UModSys@@IAE_NPAURGenerator@stdlib@lib2d@modules@2@AAU?$TRefObject@UIRefObject@core@UModSys@@U?$TRefObjectFunc@UIRefObject@core@UModSys@@@tl@3@@tl@2@PBUSUniquePointerInfo@core@2@ABUSParameters@core@2@@Z 100043c0 f i umodsys_lib_lib2d:umodsys.mod.2d.stdlib.obj
 0001:00003430       ?root_get_interface_info@RMultiImage2D_SDL_ttf@SDL_core@ui@modules@UModSys@@UBEABUSUniquePointerInfo@core@5@XZ 10004430 f i umodsys_lib_libui:umodsys.mod.ui.SDL_core.obj
 0001:00003440       ?root_get_interface_type@RMultiImage2D_SDL_ttf@SDL_core@ui@modules@UModSys@@UBEPBUSUniquePointerInfo@core@5@XZ 10004440 f i umodsys_lib_libui:umodsys.mod.ui.SDL_core.obj
 0001:00003450       ?root_get_other_interface@RMultiImage2D_SDL_ttf@SDL_core@ui@modules@UModSys@@UAEPAUIRoot@core@5@PBUSUniquePointerInfo@75@@Z 10004450 f i umodsys_lib_libui:umodsys.mod.ui.SDL_core.obj
 0001:00003450       ?root_get_other_interface@RMultiImage2D_SDL_ttf@SDL_core@ui@modules@UModSys@@UBEPBUIRoot@core@5@PBUSUniquePointerInfo@75@@Z 10004450 f i umodsys_lib_libui:umodsys.mod.ui.SDL_core.obj
 0001:00003480       ?root_is_interface_supported@RMultiImage2D_SDL_ttf@SDL_core@ui@modules@UModSys@@UBE_NPBUSUniquePointerInfo@core@5@@Z 10004480 f i umodsys_lib_libui:umodsys.mod.ui.SDL_core.obj
 0001:000034c0       ?ref_add@RDialog@frames@ui@modules@UModSys@@UBEXXZ 100044c0 f i umodsys_lib_libui:umodsys.mod.ui.frames.obj
 0001:000034c0       ?ref_add@RGenerator@serialize_json@media@modules@UModSys@@UBEXXZ 100044c0 f i umodsys_lib_libmedia:umodsys.mod.media.serialize_json.obj
 0001:000034c0       ?ref_add@RGenerator@test1@test@modules@UModSys@@UBEXXZ 100044c0 f i plugin_test1.obj
 0001:000034c0       ?ref_add@RMultiImage2D_SDL_ttf@SDL_core@ui@modules@UModSys@@UBEXXZ 100044c0 f i umodsys_lib_libui:umodsys.mod.ui.SDL_core.obj
 0001:000034c0       ?ref_add@RMouseController@SDL_core@ui@modules@UModSys@@UBEXXZ 100044c0 f i umodsys_lib_libui:umodsys.mod.ui.SDL_core.obj
 0001:000034c0       ?ref_add@RGenerator@zlib@media@modules@UModSys@@UBEXXZ 100044c0 f i umodsys_lib_libmedia:umodsys.mod.media.zlib.obj
 0001:000034c0       ?ref_add@RGenerator@images_std@media@modules@UModSys@@UBEXXZ 100044c0 f i umodsys_lib_libmedia:umodsys.mod.media.images_std.obj
 0001:000034c0       ?ref_add@RBinArchiveFrameClient_ZIP@zlib@media@modules@UModSys@@UBEXXZ 100044c0 f i umodsys_lib_libmedia:umodsys.mod.media.zlib.obj
 0001:000034c0       ?ref_add@RGenerator@stdlib@lib2d@modules@UModSys@@UBEXXZ 100044c0 f i umodsys_lib_lib2d:umodsys.mod.2d.stdlib.obj
 0001:000034c0       ?ref_add@RImage_Memory@stdlib@lib2d@modules@UModSys@@UBEXXZ 100044c0 f i umodsys_lib_lib2d:umodsys.mod.2d.stdlib.obj
 0001:000034c0       ?ref_add@RKeyboardController@SDL_core@ui@modules@UModSys@@UBEXXZ 100044c0 f i umodsys_lib_libui:umodsys.mod.ui.SDL_core.obj
 0001:000034c0       ?ref_add@RTerminal@SDL_core@ui@modules@UModSys@@UBEXXZ 100044c0 f i umodsys_lib_libui:umodsys.mod.ui.SDL_core.obj
 0001:000034c0       ?ref_add@RGenerator@frames@ui@modules@UModSys@@UBEXXZ 100044c0 f i umodsys_lib_libui:umodsys.mod.ui.frames.obj
 0001:000034c0       ?ref_add@RSerializeReader@serialize_json@media@modules@UModSys@@UBEXXZ 100044c0 f i umodsys_lib_libmedia:umodsys.mod.media.serialize_json.obj
 0001:000034c0       ?ref_add@RGenerator@SDL_core@ui@modules@UModSys@@UBEXXZ 100044c0 f i umodsys_lib_libui:umodsys.mod.ui.SDL_core.obj
 0001:000034c0       ?ref_add@RRenderDriver2D@SDL_core@ui@modules@UModSys@@UBEXXZ 100044c0 f i umodsys_lib_libui:umodsys.mod.ui.SDL_core.obj
 0001:000034d0       ??0RMultiImage2D_SDL_ttf@SDL_core@ui@modules@UModSys@@QAE@PAURRenderDriver2D@1234@ABUSParameters@core@4@@Z 100044d0 f i umodsys_lib_libui:umodsys.mod.ui.SDL_core.obj
 0001:00003550       ??1RMultiImage2D_SDL_ttf@SDL_core@ui@modules@UModSys@@UAE@XZ 10004550 f i umodsys_lib_libui:umodsys.mod.ui.SDL_core.obj
 0001:000035d0       ?open@RMultiImage2D_SDL_ttf@SDL_core@ui@modules@UModSys@@QAE_NABUSParameters@core@5@@Z 100045d0 f i umodsys_lib_libui:umodsys.mod.ui.SDL_core.obj
 0001:000036a0       ?generate_glyphs@RMultiImage2D_SDL_ttf@SDL_core@ui@modules@UModSys@@QAE_NXZ 100046a0 f i umodsys_lib_libui:umodsys.mod.ui.SDL_core.obj
 0001:000037a0       ?set_hint@RMultiImage2D_SDL_ttf@SDL_core@ui@modules@UModSys@@UAE_NPBD0@Z 100047a0 f i umodsys_lib_libui:umodsys.mod.ui.SDL_core.obj
 0001:000037a0       ?set_parameters@RRenderDriver2D@SDL_core@ui@modules@UModSys@@UAE_NPBDABUSParameters@core@5@@Z 100047a0 f i umodsys_lib_libui:umodsys.mod.ui.SDL_core.obj
 0001:000037a0       ?set_fixed_cell@RMultiImage2D_SDL_ttf@SDL_core@ui@modules@UModSys@@UAE_NHH@Z 100047a0 f i umodsys_lib_libui:umodsys.mod.ui.SDL_core.obj
 0001:000037a0       ?key_setrepeat@RKeyboardController@SDL_core@ui@modules@UModSys@@UAE_NMM@Z 100047a0 f i umodsys_lib_libui:umodsys.mod.ui.SDL_core.obj
 0001:000037a0       ?mouse_setposition@RMouseController@SDL_core@ui@modules@UModSys@@UAE_NHH@Z 100047a0 f i umodsys_lib_libui:umodsys.mod.ui.SDL_core.obj
 0001:000037b0       ??_ERMultiImage2D_SDL_ttf@SDL_core@ui@modules@UModSys@@UAEPAXI@Z 100047b0 f i  CIL library: CIL module
 0001:000037b0       ??_GRMultiImage2D_SDL_ttf@SDL_core@ui@modules@UModSys@@UAEPAXI@Z 100047b0 f i umodsys_lib_libui:umodsys.mod.ui.SDL_core.obj
 0001:000037d0       ?root_get_interface_info@RRenderDriver2D@SDL_core@ui@modules@UModSys@@UBEABUSUniquePointerInfo@core@5@XZ 100047d0 f i umodsys_lib_libui:umodsys.mod.ui.SDL_core.obj
 0001:000037e0       ?root_get_interface_type@RRenderDriver2D@SDL_core@ui@modules@UModSys@@UBEPBUSUniquePointerInfo@core@5@XZ 100047e0 f i umodsys_lib_libui:umodsys.mod.ui.SDL_core.obj
 0001:000037f0       ?root_get_other_interface@RRenderDriver2D@SDL_core@ui@modules@UModSys@@UBEPBUIRoot@core@5@PBUSUniquePointerInfo@75@@Z 100047f0 f i umodsys_lib_libui:umodsys.mod.ui.SDL_core.obj
 0001:000037f0       ?root_get_other_interface@RRenderDriver2D@SDL_core@ui@modules@UModSys@@UAEPAUIRoot@core@5@PBUSUniquePointerInfo@75@@Z 100047f0 f i umodsys_lib_libui:umodsys.mod.ui.SDL_core.obj
 0001:00003820       ?root_is_interface_supported@RRenderDriver2D@SDL_core@ui@modules@UModSys@@UBE_NPBUSUniquePointerInfo@core@5@@Z 10004820 f i umodsys_lib_libui:umodsys.mod.ui.SDL_core.obj
 0001:00003860       ?suicide@RMultiImage2D_SDL_ttf@SDL_core@ui@modules@UModSys@@UAEXXZ 10004860 f i umodsys_lib_libui:umodsys.mod.ui.SDL_core.obj
 0001:00003860       ?suicide@RDialog@frames@ui@modules@UModSys@@UAEXXZ 10004860 f i umodsys_lib_libui:umodsys.mod.ui.frames.obj
 0001:00003860       ?suicide@RMouseController@SDL_core@ui@modules@UModSys@@UAEXXZ 10004860 f i umodsys_lib_libui:umodsys.mod.ui.SDL_core.obj
 0001:00003860       ?suicide@RRenderDriver2D@SDL_core@ui@modules@UModSys@@UAEXXZ 10004860 f i umodsys_lib_libui:umodsys.mod.ui.SDL_core.obj
 0001:00003860       ?suicide@RKeyboardController@SDL_core@ui@modules@UModSys@@UAEXXZ 10004860 f i umodsys_lib_libui:umodsys.mod.ui.SDL_core.obj
 0001:00003870       ??0RRenderDriver2D@SDL_core@ui@modules@UModSys@@QAE@PAURTerminal@1234@ABUSParameters@core@4@@Z 10004870 f i umodsys_lib_libui:umodsys.mod.ui.SDL_core.obj
 0001:00003970       ??1RRenderDriver2D@SDL_core@ui@modules@UModSys@@UAE@XZ 10004970 f i umodsys_lib_libui:umodsys.mod.ui.SDL_core.obj
 0001:00003a40       ?open@RRenderDriver2D@SDL_core@ui@modules@UModSys@@QAE_NABUSParameters@core@5@@Z 10004a40 f i umodsys_lib_libui:umodsys.mod.ui.SDL_core.obj
 0001:00003bf0       ?set_color@RRenderDriver2D@SDL_core@ui@modules@UModSys@@QAEXXZ 10004bf0 f i umodsys_lib_libui:umodsys.mod.ui.SDL_core.obj
 0001:00003ce0       ?get_layer@RMultiImage2D_SDL_ttf@SDL_core@ui@modules@UModSys@@UAEPAUIImage@lib2d@5@H@Z 10004ce0 f i umodsys_lib_libui:umodsys.mod.ui.SDL_core.obj
 0001:00003ce0       ?get_hwinfo@RImage_Memory@stdlib@lib2d@modules@UModSys@@UAEPAXPBUSUniquePointerInfo@core@5@@Z 10004ce0 f i umodsys_lib_lib2d:umodsys.mod.2d.stdlib.obj
 0001:00003ce0       ?get_controller@RRenderDriver2D@SDL_core@ui@modules@UModSys@@UBEPAUIRefObject@core@5@PBUSUniquePointerInfo@75@@Z 10004ce0 f i umodsys_lib_libui:umodsys.mod.ui.SDL_core.obj
 0001:00003ce0       ?get_hwcinfo@RImage_Memory@stdlib@lib2d@modules@UModSys@@UBEPBXPBUSUniquePointerInfo@core@5@@Z 10004ce0 f i umodsys_lib_lib2d:umodsys.mod.2d.stdlib.obj
 0001:00003cf0       ?begin@RRenderDriver2D@SDL_core@ui@modules@UModSys@@UAEXXZ 10004cf0 f i umodsys_lib_libui:umodsys.mod.ui.SDL_core.obj
 0001:00003dd0       ?end@RRenderDriver2D@SDL_core@ui@modules@UModSys@@UAEXXZ 10004dd0 f i umodsys_lib_libui:umodsys.mod.ui.SDL_core.obj
 0001:00003de0       ?get_max_values@RRenderDriver2D@SDL_core@ui@modules@UModSys@@UBEPBUSParameters@core@5@XZ 10004de0 f i umodsys_lib_libui:umodsys.mod.ui.SDL_core.obj
 0001:00003df0       ?get_frame_values@RRenderDriver2D@SDL_core@ui@modules@UModSys@@UBEPBUSParameters@core@5@XZ 10004df0 f i umodsys_lib_libui:umodsys.mod.ui.SDL_core.obj
 0001:00003e00       ?setup_font@RRenderDriver2D@SDL_core@ui@modules@UModSys@@UAE_NPAUIMultiImage@lib2d@5@PBU?$TVector2@M@math3d@5@@Z 10004e00 f i umodsys_lib_libui:umodsys.mod.ui.SDL_core.obj
 0001:00003e60       ?setup_color@RRenderDriver2D@SDL_core@ui@modules@UModSys@@UAEXABU?$TVector3@M@math3d@5@@Z 10004e60 f i umodsys_lib_libui:umodsys.mod.ui.SDL_core.obj
 0001:00003e90       ?setup_color@RRenderDriver2D@SDL_core@ui@modules@UModSys@@UAEXABU?$TVector3@H@math3d@5@@Z 10004e90 f i umodsys_lib_libui:umodsys.mod.ui.SDL_core.obj
 0001:00003ee0       ?setup_coloralpha@RRenderDriver2D@SDL_core@ui@modules@UModSys@@UAEXABU?$TVector4@M@math3d@5@H@Z 10004ee0 f i umodsys_lib_libui:umodsys.mod.ui.SDL_core.obj
 0001:00003f20       ?setup_coloralpha@RRenderDriver2D@SDL_core@ui@modules@UModSys@@UAEXABU?$TVector4@H@math3d@5@H@Z 10004f20 f i umodsys_lib_libui:umodsys.mod.ui.SDL_core.obj
 0001:00003f80       ?setup_blendcolor@RRenderDriver2D@SDL_core@ui@modules@UModSys@@UAEXABUSBlendColor@lib2d@5@@Z 10004f80 f i umodsys_lib_libui:umodsys.mod.ui.SDL_core.obj
 0001:00003fe0       ?setup_blendcolor@RRenderDriver2D@SDL_core@ui@modules@UModSys@@UAEXABUSBlendColorf@lib2d@5@@Z 10004fe0 f i umodsys_lib_libui:umodsys.mod.ui.SDL_core.obj
 0001:00004040       ?setup_alpha@RRenderDriver2D@SDL_core@ui@modules@UModSys@@UAEXHH@Z 10005040 f i umodsys_lib_libui:umodsys.mod.ui.SDL_core.obj
 0001:00004070       ?setup_alpha@RRenderDriver2D@SDL_core@ui@modules@UModSys@@UAEXMH@Z 10005070 f i umodsys_lib_libui:umodsys.mod.ui.SDL_core.obj
 0001:00004090       ?render_text_advanced@RRenderDriver2D@SDL_core@ui@modules@UModSys@@UAE_NAAUTextInfo@IRenderDriver@lib2d@5@PBHH@Z 10005090 f i umodsys_lib_libui:umodsys.mod.ui.SDL_core.obj
 0001:00004290       ?render_box@RRenderDriver2D@SDL_core@ui@modules@UModSys@@UAEXABU?$TVector2@H@math3d@5@0@Z 10005290 f i umodsys_lib_libui:umodsys.mod.ui.SDL_core.obj
 0001:000042e0       ?render_tri@RRenderDriver2D@SDL_core@ui@modules@UModSys@@UAEXABU?$TVector2@H@math3d@5@00@Z 100052e0 f i umodsys_lib_libui:umodsys.mod.ui.SDL_core.obj
 0001:00004350       ?render_quad@RRenderDriver2D@SDL_core@ui@modules@UModSys@@UAEXABU?$TVector2@H@math3d@5@000@Z 10005350 f i umodsys_lib_libui:umodsys.mod.ui.SDL_core.obj
 0001:000043d0       ?render_box@RRenderDriver2D@SDL_core@ui@modules@UModSys@@UAEXPAUIImage@lib2d@5@ABU?$TVector2@H@math3d@5@1ABU?$TVector2@M@95@2@Z 100053d0 f i umodsys_lib_libui:umodsys.mod.ui.SDL_core.obj
 0001:000043e0       ?render_line@RRenderDriver2D@SDL_core@ui@modules@UModSys@@UAEXABU?$TVector2@H@math3d@5@0@Z 100053e0 f i umodsys_lib_libui:umodsys.mod.ui.SDL_core.obj
 0001:00004410       ?render_rect@RRenderDriver2D@SDL_core@ui@modules@UModSys@@UAEXABU?$TVector2@H@math3d@5@0@Z 10005410 f i umodsys_lib_libui:umodsys.mod.ui.SDL_core.obj
 0001:00004460       ??_GRRenderDriver2D@SDL_core@ui@modules@UModSys@@UAEPAXI@Z 10005460 f i umodsys_lib_libui:umodsys.mod.ui.SDL_core.obj
 0001:00004460       ??_ERRenderDriver2D@SDL_core@ui@modules@UModSys@@UAEPAXI@Z 10005460 f i  CIL library: CIL module
 0001:00004480       ?root_get_interface_info@RMouseController@SDL_core@ui@modules@UModSys@@UBEABUSUniquePointerInfo@core@5@XZ 10005480 f i umodsys_lib_libui:umodsys.mod.ui.SDL_core.obj
 0001:00004490       ?root_get_interface_type@RMouseController@SDL_core@ui@modules@UModSys@@UBEPBUSUniquePointerInfo@core@5@XZ 10005490 f i umodsys_lib_libui:umodsys.mod.ui.SDL_core.obj
 0001:000044a0       ?root_get_other_interface@RMouseController@SDL_core@ui@modules@UModSys@@UAEPAUIRoot@core@5@PBUSUniquePointerInfo@75@@Z 100054a0 f i umodsys_lib_libui:umodsys.mod.ui.SDL_core.obj
 0001:000044a0       ?root_get_other_interface@RMouseController@SDL_core@ui@modules@UModSys@@UBEPBUIRoot@core@5@PBUSUniquePointerInfo@75@@Z 100054a0 f i umodsys_lib_libui:umodsys.mod.ui.SDL_core.obj
 0001:000044d0       ?root_is_interface_supported@RMouseController@SDL_core@ui@modules@UModSys@@UBE_NPBUSUniquePointerInfo@core@5@@Z 100054d0 f i umodsys_lib_libui:umodsys.mod.ui.SDL_core.obj
 0001:00004510       ??0RMouseController@SDL_core@ui@modules@UModSys@@QAE@PAURTerminal@1234@ABUSParameters@core@4@@Z 10005510 f i umodsys_lib_libui:umodsys.mod.ui.SDL_core.obj
 0001:00004570       ??1RMouseController@SDL_core@ui@modules@UModSys@@UAE@XZ 10005570 f i umodsys_lib_libui:umodsys.mod.ui.SDL_core.obj
 0001:000045d0       ?process@RMouseController@SDL_core@ui@modules@UModSys@@QAE_NAAUSDL_MouseMotionEvent@@@Z 100055d0 f i umodsys_lib_libui:umodsys.mod.ui.SDL_core.obj
 0001:00004720       ?process@RMouseController@SDL_core@ui@modules@UModSys@@QAE_NAAUSDL_MouseButtonEvent@@@Z 10005720 f i umodsys_lib_libui:umodsys.mod.ui.SDL_core.obj
 0001:00004850       ?process@RMouseController@SDL_core@ui@modules@UModSys@@QAE_NAAUSDL_MouseWheelEvent@@@Z 10005850 f i umodsys_lib_libui:umodsys.mod.ui.SDL_core.obj
 0001:00004960       ?mouse_link@RMouseController@SDL_core@ui@modules@UModSys@@UAE_NHPAUIRefObject@core@5@PAUIMouseClient@libui@5@H@Z 10005960 f i umodsys_lib_libui:umodsys.mod.ui.SDL_core.obj
 0001:000049c0       ?isfull@?$TRStackSocket@USFileInfo@libmedia@UModSys@@U?$TDynarrayDynamic@USFileInfo@libmedia@UModSys@@U?$TAllocator@USIMemAlloc@core@UModSys@@USCountCalcPower2@23@@tl@3@@tl@3@@tl@UModSys@@UBE_NXZ 100059c0 f i plugin_test1.obj
 0001:000049c0       ?key_reset@RKeyboardController@SDL_core@ui@modules@UModSys@@UAE_NXZ 100059c0 f i umodsys_lib_libui:umodsys.mod.ui.SDL_core.obj
 0001:000049c0       ?mouse_reset@RMouseController@SDL_core@ui@modules@UModSys@@UAE_NXZ 100059c0 f i umodsys_lib_libui:umodsys.mod.ui.SDL_core.obj
 0001:000049d0       ??_ERMouseController@SDL_core@ui@modules@UModSys@@UAEPAXI@Z 100059d0 f i  CIL library: CIL module
 0001:000049d0       ??_GRMouseController@SDL_core@ui@modules@UModSys@@UAEPAXI@Z 100059d0 f i umodsys_lib_libui:umodsys.mod.ui.SDL_core.obj
 0001:000049f0       ?root_get_interface_info@RKeyboardController@SDL_core@ui@modules@UModSys@@UBEABUSUniquePointerInfo@core@5@XZ 100059f0 f i umodsys_lib_libui:umodsys.mod.ui.SDL_core.obj
 0001:00004a00       ?root_get_interface_type@RKeyboardController@SDL_core@ui@modules@UModSys@@UBEPBUSUniquePointerInfo@core@5@XZ 10005a00 f i umodsys_lib_libui:umodsys.mod.ui.SDL_core.obj
 0001:00004a10       ?root_get_other_interface@RKeyboardController@SDL_core@ui@modules@UModSys@@UBEPBUIRoot@core@5@PBUSUniquePointerInfo@75@@Z 10005a10 f i umodsys_lib_libui:umodsys.mod.ui.SDL_core.obj
 0001:00004a10       ?root_get_other_interface@RKeyboardController@SDL_core@ui@modules@UModSys@@UAEPAUIRoot@core@5@PBUSUniquePointerInfo@75@@Z 10005a10 f i umodsys_lib_libui:umodsys.mod.ui.SDL_core.obj
 0001:00004a40       ?root_is_interface_supported@RKeyboardController@SDL_core@ui@modules@UModSys@@UBE_NPBUSUniquePointerInfo@core@5@@Z 10005a40 f i umodsys_lib_libui:umodsys.mod.ui.SDL_core.obj
 0001:00004a80       ??0RKeyboardController@SDL_core@ui@modules@UModSys@@QAE@PAURTerminal@1234@ABUSParameters@core@4@@Z 10005a80 f i umodsys_lib_libui:umodsys.mod.ui.SDL_core.obj
 0001:00004ae0       ??1RKeyboardController@SDL_core@ui@modules@UModSys@@UAE@XZ 10005ae0 f i umodsys_lib_libui:umodsys.mod.ui.SDL_core.obj
 0001:00004b40       ?process@RKeyboardController@SDL_core@ui@modules@UModSys@@QAE_NAAUSDL_KeyboardEvent@@@Z 10005b40 f i umodsys_lib_libui:umodsys.mod.ui.SDL_core.obj
 0001:00004c20       ?process@RKeyboardController@SDL_core@ui@modules@UModSys@@QAE_NAAUSDL_TextInputEvent@@@Z 10005c20 f i umodsys_lib_libui:umodsys.mod.ui.SDL_core.obj
 0001:00004d10       ?map_keycode@RKeyboardController@SDL_core@ui@modules@UModSys@@QAE?AW4eKeyCode@libui@5@H@Z 10005d10 f i umodsys_lib_libui:umodsys.mod.ui.SDL_core.obj
 0001:00005250       ?map_keyspecial@RKeyboardController@SDL_core@ui@modules@UModSys@@QAEFG@Z 10006250 f i umodsys_lib_libui:umodsys.mod.ui.SDL_core.obj
 0001:000052d0       ?key_unlink@RKeyboardController@SDL_core@ui@modules@UModSys@@UAE_NH@Z 100062d0 f i umodsys_lib_libui:umodsys.mod.ui.SDL_core.obj
 0001:000052d0       ?mouse_unlink@RMouseController@SDL_core@ui@modules@UModSys@@UAE_NH@Z 100062d0 f i umodsys_lib_libui:umodsys.mod.ui.SDL_core.obj
 0001:00005310       ?key_link@RKeyboardController@SDL_core@ui@modules@UModSys@@UAE_NHPAUIRefObject@core@5@PAUIKeyboardClient@libui@5@@Z 10006310 f i umodsys_lib_libui:umodsys.mod.ui.SDL_core.obj
 0001:00005360       ?get_cell_size@RMultiImage2D_SDL_ttf@SDL_core@ui@modules@UModSys@@UAE_NHAAU?$TVector2@H@math3d@5@PAU675@@Z 10006360 f i umodsys_lib_libui:umodsys.mod.ui.SDL_core.obj
 0001:00005360       ?key_setmodifier@RKeyboardController@SDL_core@ui@modules@UModSys@@UAE_NHHH@Z 10006360 f i umodsys_lib_libui:umodsys.mod.ui.SDL_core.obj
 0001:00005360       ?set_var_cell@RMultiImage2D_SDL_ttf@SDL_core@ui@modules@UModSys@@UAE_NPBUSImageCellInfo@lib2d@5@HH@Z 10006360 f i umodsys_lib_libui:umodsys.mod.ui.SDL_core.obj
 0001:00005370       ?key_setvisible@RKeyboardController@SDL_core@ui@modules@UModSys@@UAE_N_N@Z 10006370 f i umodsys_lib_libui:umodsys.mod.ui.SDL_core.obj
 0001:00005390       ??_ERKeyboardController@SDL_core@ui@modules@UModSys@@UAEPAXI@Z 10006390 f i  CIL library: CIL module
 0001:00005390       ??_GRKeyboardController@SDL_core@ui@modules@UModSys@@UAEPAXI@Z 10006390 f i umodsys_lib_libui:umodsys.mod.ui.SDL_core.obj
 0001:000053b0       ?root_get_interface_info@RTerminal@SDL_core@ui@modules@UModSys@@UBEABUSUniquePointerInfo@core@5@XZ 100063b0 f i umodsys_lib_libui:umodsys.mod.ui.SDL_core.obj
 0001:000053c0       ?root_get_interface_type@RTerminal@SDL_core@ui@modules@UModSys@@UBEPBUSUniquePointerInfo@core@5@XZ 100063c0 f i umodsys_lib_libui:umodsys.mod.ui.SDL_core.obj
 0001:000053d0       ?root_get_other_interface@RTerminal@SDL_core@ui@modules@UModSys@@UAEPAUIRoot@core@5@PBUSUniquePointerInfo@75@@Z 100063d0 f i umodsys_lib_libui:umodsys.mod.ui.SDL_core.obj
 0001:000053d0       ?root_get_other_interface@RTerminal@SDL_core@ui@modules@UModSys@@UBEPBUIRoot@core@5@PBUSUniquePointerInfo@75@@Z 100063d0 f i umodsys_lib_libui:umodsys.mod.ui.SDL_core.obj
 0001:00005400       ?root_is_interface_supported@RTerminal@SDL_core@ui@modules@UModSys@@UBE_NPBUSUniquePointerInfo@core@5@@Z 10006400 f i umodsys_lib_libui:umodsys.mod.ui.SDL_core.obj
 0001:00005440       ??0RTerminal@SDL_core@ui@modules@UModSys@@QAE@PAUIModObject@base@4@ABUSParameters@core@4@@Z 10006440 f i umodsys_lib_libui:umodsys.mod.ui.SDL_core.obj
 0001:000054e0       ??1RTerminal@SDL_core@ui@modules@UModSys@@UAE@XZ 100064e0 f i umodsys_lib_libui:umodsys.mod.ui.SDL_core.obj
 0001:00005590       ?poll_events@RTerminal@SDL_core@ui@modules@UModSys@@UAE_NH@Z 10006590 f i umodsys_lib_libui:umodsys.mod.ui.SDL_core.obj
 0001:000056d0       ?get_terminal_state@RTerminal@SDL_core@ui@modules@UModSys@@UAE_NW4eTerminalState@libui@5@@Z 100066d0 f i umodsys_lib_libui:umodsys.mod.ui.SDL_core.obj
 0001:000056f0       ?set_terminal_state@RTerminal@SDL_core@ui@modules@UModSys@@UAE_NW4eTerminalState@libui@5@_N@Z 100066f0 f i umodsys_lib_libui:umodsys.mod.ui.SDL_core.obj
 0001:00005760       ?get_clock@RTerminal@SDL_core@ui@modules@UModSys@@UAENXZ 10006760 f i umodsys_lib_libui:umodsys.mod.ui.SDL_core.obj
 0001:00005780       ?wait@RTerminal@SDL_core@ui@modules@UModSys@@UAE_NM@Z 10006780 f i umodsys_lib_libui:umodsys.mod.ui.SDL_core.obj
 0001:000057c0       ?get_count@RTerminal@SDL_core@ui@modules@UModSys@@UBEIPBUSUniquePointerInfo@core@5@@Z 100067c0 f i umodsys_lib_libui:umodsys.mod.ui.SDL_core.obj
 0001:00005800       ?get_handler@RTerminal@SDL_core@ui@modules@UModSys@@UBEPAUIRefObject@core@5@PBUSUniquePointerInfo@75@I@Z 10006800 f i umodsys_lib_libui:umodsys.mod.ui.SDL_core.obj
 0001:00005850       ?get_handler@RTerminal@SDL_core@ui@modules@UModSys@@UBEPAUIRefObject@core@5@PBUSUniquePointerInfo@75@PBD@Z 10006850 f i umodsys_lib_libui:umodsys.mod.ui.SDL_core.obj
 0001:00005860       ?get_friend_handler@RTerminal@SDL_core@ui@modules@UModSys@@UBEPAUIRefObject@core@5@PBUSUniquePointerInfo@75@PAU675@@Z 10006860 f i umodsys_lib_libui:umodsys.mod.ui.SDL_core.obj
 0001:00005870       ?create_handler@RTerminal@SDL_core@ui@modules@UModSys@@UAE_NPBUSUniquePointerInfo@core@5@AAU?$TRefObject@UIRefObject@core@UModSys@@U?$TRefObjectFunc@UIRefObject@core@UModSys@@@tl@3@@tl@5@PBDPBUSParameters@75@@Z 10006870 f i umodsys_lib_libui:umodsys.mod.ui.SDL_core.obj
 0001:00005b20       ??_ERTerminal@SDL_core@ui@modules@UModSys@@UAEPAXI@Z 10006b20 f i  CIL library: CIL module
 0001:00005b20       ??_GRTerminal@SDL_core@ui@modules@UModSys@@UAEPAXI@Z 10006b20 f i umodsys_lib_libui:umodsys.mod.ui.SDL_core.obj
 0001:00005b40       ?get_generated_names@RGenerator@SDL_core@ui@modules@UModSys@@UBEHAAUSUniquePtrList@core@5@@Z 10006b40 f i umodsys_lib_libui:umodsys.mod.ui.SDL_core.obj
 0001:00005b60       ?get_generated_types@RGenerator@SDL_core@ui@modules@UModSys@@UBEHAAUSUniquePtrList@core@5@PBUSUniquePointerInfo@75@@Z 10006b60 f i umodsys_lib_libui:umodsys.mod.ui.SDL_core.obj
 0001:00005bb0       ?generate@RGenerator@SDL_core@ui@modules@UModSys@@UAE_NAAU?$TRefObject@UIRefObject@core@UModSys@@U?$TRefObjectFunc@UIRefObject@core@UModSys@@@tl@3@@tl@5@PBUSUniquePointerInfo@core@5@ABUSParameters@95@@Z 10006bb0 f i umodsys_lib_libui:umodsys.mod.ui.SDL_core.obj
 0001:00005be0       ?root_get_interface_info@RGenerator@SDL_core@ui@modules@UModSys@@UBEABUSUniquePointerInfo@core@5@XZ 10006be0 f i umodsys_lib_libui:umodsys.mod.ui.SDL_core.obj
 0001:00005bf0       ?root_get_interface_type@RGenerator@SDL_core@ui@modules@UModSys@@UBEPBUSUniquePointerInfo@core@5@XZ 10006bf0 f i umodsys_lib_libui:umodsys.mod.ui.SDL_core.obj
 0001:00005c00       ?root_get_other_interface@RGenerator@SDL_core@ui@modules@UModSys@@UBEPBUIRoot@core@5@PBUSUniquePointerInfo@75@@Z 10006c00 f i umodsys_lib_libui:umodsys.mod.ui.SDL_core.obj
 0001:00005c00       ?root_get_other_interface@RGenerator@SDL_core@ui@modules@UModSys@@UAEPAUIRoot@core@5@PBUSUniquePointerInfo@75@@Z 10006c00 f i umodsys_lib_libui:umodsys.mod.ui.SDL_core.obj
 0001:00005c40       ?root_is_interface_supported@RGenerator@SDL_core@ui@modules@UModSys@@UBE_NPBUSUniquePointerInfo@core@5@@Z 10006c40 f i umodsys_lib_libui:umodsys.mod.ui.SDL_core.obj
 0001:00005c80       ?ref_remove@RMultiImage2D_SDL_ttf@SDL_core@ui@modules@UModSys@@UBEXXZ 10006c80 f i umodsys_lib_libui:umodsys.mod.ui.SDL_core.obj
 0001:00005c80       ?ref_remove@RRenderDriver2D@SDL_core@ui@modules@UModSys@@UBEXXZ 10006c80 f i umodsys_lib_libui:umodsys.mod.ui.SDL_core.obj
 0001:00005c80       ?ref_remove@RGenerator@stdlib@lib2d@modules@UModSys@@UBEXXZ 10006c80 f i umodsys_lib_lib2d:umodsys.mod.2d.stdlib.obj
 0001:00005c80       ?ref_remove@RGenerator@SDL_core@ui@modules@UModSys@@UBEXXZ 10006c80 f i umodsys_lib_libui:umodsys.mod.ui.SDL_core.obj
 0001:00005c80       ?ref_remove@RGenerator@frames@ui@modules@UModSys@@UBEXXZ 10006c80 f i umodsys_lib_libui:umodsys.mod.ui.frames.obj
 0001:00005c80       ?ref_remove@RKeyboardController@SDL_core@ui@modules@UModSys@@UBEXXZ 10006c80 f i umodsys_lib_libui:umodsys.mod.ui.SDL_core.obj
 0001:00005c80       ?ref_remove@RGenerator@zlib@media@modules@UModSys@@UBEXXZ 10006c80 f i umodsys_lib_libmedia:umodsys.mod.media.zlib.obj
 0001:00005c80       ?ref_remove@RGenerator@serialize_json@media@modules@UModSys@@UBEXXZ 10006c80 f i umodsys_lib_libmedia:umodsys.mod.media.serialize_json.obj
 0001:00005c80       ?ref_remove@RGenerator@images_std@media@modules@UModSys@@UBEXXZ 10006c80 f i umodsys_lib_libmedia:umodsys.mod.media.images_std.obj
 0001:00005c80       ?ref_remove@RTerminal@SDL_core@ui@modules@UModSys@@UBEXXZ 10006c80 f i umodsys_lib_libui:umodsys.mod.ui.SDL_core.obj
 0001:00005c80       ?ref_remove@RGenerator@test1@test@modules@UModSys@@UBEXXZ 10006c80 f i plugin_test1.obj
 0001:00005c80       ?ref_remove@RMouseController@SDL_core@ui@modules@UModSys@@UBEXXZ 10006c80 f i umodsys_lib_libui:umodsys.mod.ui.SDL_core.obj
 0001:00005c80       ?ref_remove@RDialog@frames@ui@modules@UModSys@@UBEXXZ 10006c80 f i umodsys_lib_libui:umodsys.mod.ui.frames.obj
 0001:00005c80       ?ref_remove@RSerializeReader@serialize_json@media@modules@UModSys@@UBEXXZ 10006c80 f i umodsys_lib_libmedia:umodsys.mod.media.serialize_json.obj
 0001:00005c80       ?ref_remove@RBinArchiveFrameClient_ZIP@zlib@media@modules@UModSys@@UBEXXZ 10006c80 f i umodsys_lib_libmedia:umodsys.mod.media.zlib.obj
 0001:00005c80       ?ref_remove@RImage_Memory@stdlib@lib2d@modules@UModSys@@UBEXXZ 10006c80 f i umodsys_lib_lib2d:umodsys.mod.2d.stdlib.obj
 0001:00005c90       ?get_uid@RGenerator@SDL_core@ui@modules@UModSys@@UBEPBUSUniquePointerInfo@core@5@XZ 10006c90 f i umodsys_lib_libui:umodsys.mod.ui.SDL_core.obj
 0001:00005ca0       ?do_open@RModuleReg@SDL_core@ui@modules@UModSys@@UAE_NXZ 10006ca0 f i umodsys_lib_libui:umodsys.mod.ui.SDL_core.obj
 0001:00005cb0       ?do_close@RModuleReg@SDL_core@ui@modules@UModSys@@UAE_NXZ 10006cb0 f i umodsys_lib_libui:umodsys.mod.ui.SDL_core.obj
 0001:00005cc0       ??_GRModuleReg@SDL_core@ui@modules@UModSys@@UAEPAXI@Z 10006cc0 f i umodsys_lib_libui:umodsys.mod.ui.SDL_core.obj
 0001:00005cc0       ??_ERModuleReg@SDL_core@ui@modules@UModSys@@UAEPAXI@Z 10006cc0 f i  CIL library: CIL module
 0001:00005cf0       ??1?$TScatterArray@UGlyph@RMultiImage2D_SDL_ttf@SDL_core@ui@modules@UModSys@@HU?$TScalarCompare@H@core@6@U?$TNodeDeleter0@U?$TScatterArrayNode@UGlyph@RMultiImage2D_SDL_ttf@SDL_core@ui@modules@UModSys@@H@tl@UModSys@@@tl@6@@tl@UModSys@@QAE@XZ 10006cf0 f i umodsys_lib_libui:umodsys.mod.ui.SDL_core.obj
 0001:00005d10       ??4?$TRefObject@URMouseController@SDL_core@ui@modules@UModSys@@U?$TRefObjectWeakFunc@URMouseController@SDL_core@ui@modules@UModSys@@@tl@5@@tl@UModSys@@QAEABU012@PAURMouseController@SDL_core@ui@modules@2@@Z 10006d10 f i umodsys_lib_libui:umodsys.mod.ui.SDL_core.obj
 0001:00005d10       ??4?$TRefObject@URKeyboardController@SDL_core@ui@modules@UModSys@@U?$TRefObjectWeakFunc@URKeyboardController@SDL_core@ui@modules@UModSys@@@tl@5@@tl@UModSys@@QAEABU012@PAURKeyboardController@SDL_core@ui@modules@2@@Z 10006d10 f i umodsys_lib_libui:umodsys.mod.ui.SDL_core.obj
 0001:00005d50       ?remove_node@?$TTreeHoldRB@U?$TScatterArrayNode@U?$TRefObjectComposite@UIKeyboardClient@libui@UModSys@@UIRefObject@core@3@U?$TRefObjectFunc@UIRefObject@core@UModSys@@@tl@3@@tl@UModSys@@H@tl@UModSys@@@tl@UModSys@@QAEXPAU?$TScatterArrayNode@U?$TRefObjectComposite@UIKeyboardClient@libui@UModSys@@UIRefObject@core@3@U?$TRefObjectFunc@UIRefObject@core@UModSys@@@tl@3@@tl@UModSys@@H@23@@Z 10006d50 f i umodsys_lib_libui:umodsys.mod.ui.SDL_core.obj
 0001:00005d50       ?remove_node@?$TTreeHoldRB@U?$TScatterArrayNode@U?$TRefObjectCompositeExtra@UIMouseClient@libui@UModSys@@HUIRefObject@core@3@U?$TRefObjectFunc@UIRefObject@core@UModSys@@@tl@3@@tl@UModSys@@H@tl@UModSys@@@tl@UModSys@@QAEXPAU?$TScatterArrayNode@U?$TRefObjectCompositeExtra@UIMouseClient@libui@UModSys@@HUIRefObject@core@3@U?$TRefObjectFunc@UIRefObject@core@UModSys@@@tl@3@@tl@UModSys@@H@23@@Z 10006d50 f i umodsys_lib_libui:umodsys.mod.ui.SDL_core.obj
 0001:00005e40       ??1?$TPair@HU?$TRefObjectComposite@UIKeyboardClient@libui@UModSys@@UIRefObject@core@3@U?$TRefObjectFunc@UIRefObject@core@UModSys@@@tl@3@@tl@UModSys@@@tl@UModSys@@QAE@XZ 10006e40 f i umodsys_lib_libui:umodsys.mod.ui.SDL_core.obj
 0001:00005e40       ??1?$TPair@HU?$TRefObjectCompositeExtra@UIMouseClient@libui@UModSys@@HUIRefObject@core@3@U?$TRefObjectFunc@UIRefObject@core@UModSys@@@tl@3@@tl@UModSys@@@tl@UModSys@@QAE@XZ 10006e40 f i umodsys_lib_libui:umodsys.mod.ui.SDL_core.obj
 0001:00005e50       ?obj_delete@?$TRefObjectLinksParent@URDialog@frames@ui@modules@UModSys@@URCollector@2345@@tl@UModSys@@QBEXPAURDialog@frames@ui@modules@3@@Z 10006e50 f i umodsys_lib_libui:umodsys.mod.ui.frames.obj
 0001:00005e50       ?obj_delete@?$TRefObjectLinksParent@URMultiImage2D_SDL_ttf@SDL_core@ui@modules@UModSys@@URRenderDriver2D@2345@@tl@UModSys@@QBEXPAURMultiImage2D_SDL_ttf@SDL_core@ui@modules@3@@Z 10006e50 f i umodsys_lib_libui:umodsys.mod.ui.SDL_core.obj
 0001:00005e50       ?obj_delete@?$TRefObjectLinksParent@URFrame_List@frames@ui@modules@UModSys@@URCollector@2345@@tl@UModSys@@QBEXPAURFrame_List@frames@ui@modules@3@@Z 10006e50 f i umodsys_lib_libui:umodsys.mod.ui.frames.obj
 0001:00005e50       ?obj_delete@?$TRefObjectLinksParent@URFrame_Text@frames@ui@modules@UModSys@@URCollector@2345@@tl@UModSys@@QBEXPAURFrame_Text@frames@ui@modules@3@@Z 10006e50 f i umodsys_lib_libui:umodsys.mod.ui.frames.obj
 0001:00005e50       ?obj_delete@?$TRefObjectLinksParent@URMouseController@SDL_core@ui@modules@UModSys@@URTerminal@2345@@tl@UModSys@@QBEXPAURMouseController@SDL_core@ui@modules@3@@Z 10006e50 f i umodsys_lib_libui:umodsys.mod.ui.SDL_core.obj
 0001:00005e50       ?obj_delete@?$TRefObjectLinksParent@URFrame_Image@frames@ui@modules@UModSys@@URCollector@2345@@tl@UModSys@@QBEXPAURFrame_Image@frames@ui@modules@3@@Z 10006e50 f i umodsys_lib_libui:umodsys.mod.ui.frames.obj
 0001:00005e50       ?obj_delete@?$TRefObjectLinksParent@URFrame_Frame@frames@ui@modules@UModSys@@URCollector@2345@@tl@UModSys@@QBEXPAURFrame_Frame@frames@ui@modules@3@@Z 10006e50 f i umodsys_lib_libui:umodsys.mod.ui.frames.obj
 0001:00005e50       ?obj_delete@?$TRefObjectLinksParent@URFrame_Button@frames@ui@modules@UModSys@@URCollector@2345@@tl@UModSys@@QBEXPAURFrame_Button@frames@ui@modules@3@@Z 10006e50 f i umodsys_lib_libui:umodsys.mod.ui.frames.obj
 0001:00005e50       ?obj_delete@?$TRefObjectLinksParent@URKeyboardController@SDL_core@ui@modules@UModSys@@URTerminal@2345@@tl@UModSys@@QBEXPAURKeyboardController@SDL_core@ui@modules@3@@Z 10006e50 f i umodsys_lib_libui:umodsys.mod.ui.SDL_core.obj
 0001:00005e50       ?obj_delete@?$TRefObjectLinksParent@URFrame_Edit@frames@ui@modules@UModSys@@URCollector@2345@@tl@UModSys@@QBEXPAURFrame_Edit@frames@ui@modules@3@@Z 10006e50 f i umodsys_lib_libui:umodsys.mod.ui.frames.obj
 0001:00005e50       ?obj_delete@?$TRefObjectLinksParent@URRenderDriver2D@SDL_core@ui@modules@UModSys@@URTerminal@2345@@tl@UModSys@@QBEXPAURRenderDriver2D@SDL_core@ui@modules@3@@Z 10006e50 f i umodsys_lib_libui:umodsys.mod.ui.SDL_core.obj
 0001:00005ec0       ??$t_ref_get_other_interface@URMultiImage2D_SDL_ttf@SDL_core@ui@modules@UModSys@@U?$TRefObjectWeakFunc@URMultiImage2D_SDL_ttf@SDL_core@ui@modules@UModSys@@@tl@5@@IRefObject@core@UModSys@@QAE_NAAU?$TRefObject@URMultiImage2D_SDL_ttf@SDL_core@ui@modules@UModSys@@U?$TRefObjectWeakFunc@URMultiImage2D_SDL_ttf@SDL_core@ui@modules@UModSys@@@tl@5@@tl@2@@Z 10006ec0 f i umodsys_lib_libui:umodsys.mod.ui.SDL_core.obj
 0001:00005f20       ?remove_color@?$TTreeHoldRB@U?$TScatterArrayNode@U?$TRefObjectCompositeExtra@UIMouseClient@libui@UModSys@@HUIRefObject@core@3@U?$TRefObjectFunc@UIRefObject@core@UModSys@@@tl@3@@tl@UModSys@@H@tl@UModSys@@@tl@UModSys@@IAEXPAU?$TScatterArrayNode@U?$TRefObjectCompositeExtra@UIMouseClient@libui@UModSys@@HUIRefObject@core@3@U?$TRefObjectFunc@UIRefObject@core@UModSys@@@tl@3@@tl@UModSys@@H@23@0@Z 10006f20 f i umodsys_lib_libui:umodsys.mod.ui.SDL_core.obj
 0001:00005f20       ?remove_color@?$TTreeHoldRB@U?$TScatterArrayNode@U?$TRefObjectComposite@UIKeyboardClient@libui@UModSys@@UIRefObject@core@3@U?$TRefObjectFunc@UIRefObject@core@UModSys@@@tl@3@@tl@UModSys@@H@tl@UModSys@@@tl@UModSys@@IAEXPAU?$TScatterArrayNode@U?$TRefObjectComposite@UIKeyboardClient@libui@UModSys@@UIRefObject@core@3@U?$TRefObjectFunc@UIRefObject@core@UModSys@@@tl@3@@tl@UModSys@@H@23@0@Z 10006f20 f i umodsys_lib_libui:umodsys.mod.ui.SDL_core.obj
 0001:000060a0       ??$t_close@U?$TRefObject@URRenderDriver2D@SDL_core@ui@modules@UModSys@@U?$TRefObjectWeakFunc@URRenderDriver2D@SDL_core@ui@modules@UModSys@@@tl@5@@tl@UModSys@@@SDL_core@ui@modules@UModSys@@YA_NAAU?$TScatterArray@U?$TRefObject@URRenderDriver2D@SDL_core@ui@modules@UModSys@@U?$TRefObjectWeakFunc@URRenderDriver2D@SDL_core@ui@modules@UModSys@@@tl@5@@tl@UModSys@@HU?$TScalarCompare@H@core@3@U?$TNodeDeleter0@U?$TScatterArrayNode@U?$TRefObject@URRenderDriver2D@SDL_core@ui@modules@UModSys@@U?$TRefObjectWeakFunc@URRenderDriver2D@SDL_core@ui@modules@UModSys@@@tl@5@@tl@UModSys@@H@tl@UModSys@@@23@@tl@3@@Z 100070a0 f i umodsys_lib_libui:umodsys.mod.ui.SDL_core.obj
 0001:00006150       ??$t_count@U?$TRefObject@URRenderDriver2D@SDL_core@ui@modules@UModSys@@U?$TRefObjectWeakFunc@URRenderDriver2D@SDL_core@ui@modules@UModSys@@@tl@5@@tl@UModSys@@@SDL_core@ui@modules@UModSys@@YAIABU?$TScatterArray@U?$TRefObject@URRenderDriver2D@SDL_core@ui@modules@UModSys@@U?$TRefObjectWeakFunc@URRenderDriver2D@SDL_core@ui@modules@UModSys@@@tl@5@@tl@UModSys@@HU?$TScalarCompare@H@core@3@U?$TNodeDeleter0@U?$TScatterArrayNode@U?$TRefObject@URRenderDriver2D@SDL_core@ui@modules@UModSys@@U?$TRefObjectWeakFunc@URRenderDriver2D@SDL_core@ui@modules@UModSys@@@tl@5@@tl@UModSys@@H@tl@UModSys@@@23@@tl@3@@Z 10007150 f i umodsys_lib_libui:umodsys.mod.ui.SDL_core.obj
 0001:000061c0       ??$t_get@U?$TRefObject@URRenderDriver2D@SDL_core@ui@modules@UModSys@@U?$TRefObjectWeakFunc@URRenderDriver2D@SDL_core@ui@modules@UModSys@@@tl@5@@tl@UModSys@@@SDL_core@ui@modules@UModSys@@YAPAUIRefObject@core@3@ABU?$TScatterArray@U?$TRefObject@URRenderDriver2D@SDL_core@ui@modules@UModSys@@U?$TRefObjectWeakFunc@URRenderDriver2D@SDL_core@ui@modules@UModSys@@@tl@5@@tl@UModSys@@HU?$TScalarCompare@H@core@3@U?$TNodeDeleter0@U?$TScatterArrayNode@U?$TRefObject@URRenderDriver2D@SDL_core@ui@modules@UModSys@@U?$TRefObjectWeakFunc@URRenderDriver2D@SDL_core@ui@modules@UModSys@@@tl@5@@tl@UModSys@@H@tl@UModSys@@@23@@tl@3@I@Z 100071c0 f i umodsys_lib_libui:umodsys.mod.ui.SDL_core.obj
 0001:00006250       ??$ValidateConstruction@UIRefObject@core@UModSys@@URRenderDriver2D@SDL_core@ui@modules@3@@core@UModSys@@YA_NAAU?$TRefObject@UIRefObject@core@UModSys@@U?$TRefObjectFunc@UIRefObject@core@UModSys@@@tl@3@@tl@1@U?$TRefObject@URRenderDriver2D@SDL_core@ui@modules@UModSys@@U?$TRefObjectFunc@URRenderDriver2D@SDL_core@ui@modules@UModSys@@@tl@5@@31@@Z 10007250 f i umodsys_lib_libui:umodsys.mod.ui.SDL_core.obj
 0001:000062f0       ??$t_add@U?$TRefObject@URRenderDriver2D@SDL_core@ui@modules@UModSys@@U?$TRefObjectWeakFunc@URRenderDriver2D@SDL_core@ui@modules@UModSys@@@tl@5@@tl@UModSys@@URRenderDriver2D@SDL_core@ui@modules@3@@SDL_core@ui@modules@UModSys@@YA_NAAU?$TScatterArray@U?$TRefObject@URRenderDriver2D@SDL_core@ui@modules@UModSys@@U?$TRefObjectWeakFunc@URRenderDriver2D@SDL_core@ui@modules@UModSys@@@tl@5@@tl@UModSys@@HU?$TScalarCompare@H@core@3@U?$TNodeDeleter0@U?$TScatterArrayNode@U?$TRefObject@URRenderDriver2D@SDL_core@ui@modules@UModSys@@U?$TRefObjectWeakFunc@URRenderDriver2D@SDL_core@ui@modules@UModSys@@@tl@5@@tl@UModSys@@H@tl@UModSys@@@23@@tl@3@PAURRenderDriver2D@0123@@Z 100072f0 f i umodsys_lib_libui:umodsys.mod.ui.SDL_core.obj
 0001:00006340       ??$ValidateConstruction@UIRefObject@core@UModSys@@URKeyboardController@SDL_core@ui@modules@3@@core@UModSys@@YA_NAAU?$TRefObject@UIRefObject@core@UModSys@@U?$TRefObjectFunc@UIRefObject@core@UModSys@@@tl@3@@tl@1@U?$TRefObject@URKeyboardController@SDL_core@ui@modules@UModSys@@U?$TRefObjectFunc@URKeyboardController@SDL_core@ui@modules@UModSys@@@tl@5@@31@@Z 10007340 f i umodsys_lib_libui:umodsys.mod.ui.SDL_core.obj
 0001:00006340       ??$ValidateConstruction@UIRefObject@core@UModSys@@URMouseController@SDL_core@ui@modules@3@@core@UModSys@@YA_NAAU?$TRefObject@UIRefObject@core@UModSys@@U?$TRefObjectFunc@UIRefObject@core@UModSys@@@tl@3@@tl@1@U?$TRefObject@URMouseController@SDL_core@ui@modules@UModSys@@U?$TRefObjectFunc@URMouseController@SDL_core@ui@modules@UModSys@@@tl@5@@31@@Z 10007340 f i umodsys_lib_libui:umodsys.mod.ui.SDL_core.obj
 0001:000063c0       ??$ValidateConstruction@UIMultiImage@lib2d@UModSys@@URMultiImage2D_SDL_ttf@SDL_core@ui@modules@3@@core@UModSys@@YA_NAAU?$TRefObject@UIMultiImage@lib2d@UModSys@@U?$TRefObjectFunc@UIMultiImage@lib2d@UModSys@@@tl@3@@tl@1@PAURMultiImage2D_SDL_ttf@SDL_core@ui@modules@1@@Z 100073c0 f i umodsys_lib_libui:umodsys.mod.ui.SDL_core.obj
 0001:00006450       ??$t_gen_param@URTerminal@SDL_core@ui@modules@UModSys@@URGenerator@2345@@IGenerator@base@UModSys@@IAE_NPAURGenerator@SDL_core@ui@modules@2@AAU?$TRefObject@UIRefObject@core@UModSys@@U?$TRefObjectFunc@UIRefObject@core@UModSys@@@tl@3@@tl@2@PBUSUniquePointerInfo@core@2@ABUSParameters@core@2@@Z 10007450 f i umodsys_lib_libui:umodsys.mod.ui.SDL_core.obj
 0001:000064c0       ??$genx_node@UCmp@?$TScatterArray@UGlyph@RMultiImage2D_SDL_ttf@SDL_core@ui@modules@UModSys@@HU?$TScalarCompare@H@core@6@U?$TNodeDeleter0@U?$TScatterArrayNode@UGlyph@RMultiImage2D_SDL_ttf@SDL_core@ui@modules@UModSys@@H@tl@UModSys@@@tl@6@@tl@UModSys@@UGen0@234@@?$TTreeHoldRBD@U?$TScatterArrayNode@UGlyph@RMultiImage2D_SDL_ttf@SDL_core@ui@modules@UModSys@@H@tl@UModSys@@U?$TNodeDeleter0@U?$TScatterArrayNode@UGlyph@RMultiImage2D_SDL_ttf@SDL_core@ui@modules@UModSys@@H@tl@UModSys@@@23@@tl@UModSys@@QAEPAU?$TScatterArrayNode@UGlyph@RMultiImage2D_SDL_ttf@SDL_core@ui@modules@UModSys@@H@12@UCmp@?$TScatterArray@UGlyph@RMultiImage2D_SDL_ttf@SDL_core@ui@modules@UModSys@@HU?$TScalarCompare@H@core@6@U?$TNodeDeleter0@U?$TScatterArrayNode@UGlyph@RMultiImage2D_SDL_ttf@SDL_core@ui@modules@UModSys@@H@tl@UModSys@@@tl@6@@12@ABUGen0@512@PAPAU312@2_N@Z 100074c0 f i umodsys_lib_libui:umodsys.mod.ui.SDL_core.obj
 0001:00006530       ??$genx_node@UCmp@?$TScatterArray@U?$TRefObjectCompositeExtra@UIMouseClient@libui@UModSys@@HUIRefObject@core@3@U?$TRefObjectFunc@UIRefObject@core@UModSys@@@tl@3@@tl@UModSys@@HU?$TScalarCompare@H@core@3@U?$TNodeDeleter0@U?$TScatterArrayNode@U?$TRefObjectCompositeExtra@UIMouseClient@libui@UModSys@@HUIRefObject@core@3@U?$TRefObjectFunc@UIRefObject@core@UModSys@@@tl@3@@tl@UModSys@@H@tl@UModSys@@@23@@tl@UModSys@@UGen0@234@@?$TTreeHoldRBD@U?$TScatterArrayNode@U?$TRefObjectCompositeExtra@UIMouseClient@libui@UModSys@@HUIRefObject@core@3@U?$TRefObjectFunc@UIRefObject@core@UModSys@@@tl@3@@tl@UModSys@@H@tl@UModSys@@U?$TNodeDeleter0@U?$TScatterArrayNode@U?$TRefObjectCompositeExtra@UIMouseClient@libui@UModSys@@HUIRefObject@core@3@U?$TRefObjectFunc@UIRefObject@core@UModSys@@@tl@3@@tl@UModSys@@H@tl@UModSys@@@23@@tl@UModSys@@QAEPAU?$TScatterArrayNode@U?$TRefObjectCompositeExtra@UIMouseClient@libui@UModSys@@HUIRefObject@core@3@U?$TRefObjectFunc@UIRefObject@core@UModSys@@@tl@3@@tl@UModSys@@H@12@UCmp@?$TScatterArray@U?$TRefObjectCompositeExtra@UIMouseClient@libui@UModSys@@HUIRefObject@core@3@U?$TRefObjectFunc@UIRefObject@core@UModSys@@@tl@3@@tl@UModSys@@HU?$TScalarCompare@H@core@3@U?$TNodeDeleter0@U?$TScatterArrayNode@U?$TRefObjectCompositeExtra@UIMouseClient@libui@UModSys@@HUIRefObject@core@3@U?$TRefObjectFunc@UIRefObject@core@UModSys@@@tl@3@@tl@UModSys@@H@tl@UModSys@@@23@@12@ABUGen0@512@PAPAU312@2_N@Z 10007530 f i umodsys_lib_libui:umodsys.mod.ui.SDL_core.obj
 0001:000065a0       ??$find_node_u@UCmp@?$TScatterArray@U?$TRefObjectComposite@UIKeyboardClient@libui@UModSys@@UIRefObject@core@3@U?$TRefObjectFunc@UIRefObject@core@UModSys@@@tl@3@@tl@UModSys@@HU?$TScalarCompare@H@core@3@U?$TNodeDeleter0@U?$TScatterArrayNode@U?$TRefObjectComposite@UIKeyboardClient@libui@UModSys@@UIRefObject@core@3@U?$TRefObjectFunc@UIRefObject@core@UModSys@@@tl@3@@tl@UModSys@@H@tl@UModSys@@@23@@tl@UModSys@@@?$TTreeHoldRB@U?$TScatterArrayNode@U?$TRefObjectComposite@UIKeyboardClient@libui@UModSys@@UIRefObject@core@3@U?$TRefObjectFunc@UIRefObject@core@UModSys@@@tl@3@@tl@UModSys@@H@tl@UModSys@@@tl@UModSys@@QBEPAU?$TScatterArrayNode@U?$TRefObjectComposite@UIKeyboardClient@libui@UModSys@@UIRefObject@core@3@U?$TRefObjectFunc@UIRefObject@core@UModSys@@@tl@3@@tl@UModSys@@H@12@UCmp@?$TScatterArray@U?$TRefObjectComposite@UIKeyboardClient@libui@UModSys@@UIRefObject@core@3@U?$TRefObjectFunc@UIRefObject@core@UModSys@@@tl@3@@tl@UModSys@@HU?$TScalarCompare@H@core@3@U?$TNodeDeleter0@U?$TScatterArrayNode@U?$TRefObjectComposite@UIKeyboardClient@libui@UModSys@@UIRefObject@core@3@U?$TRefObjectFunc@UIRefObject@core@UModSys@@@tl@3@@tl@UModSys@@H@tl@UModSys@@@23@@12@@Z 100075a0 f i umodsys_lib_libui:umodsys.mod.ui.SDL_core.obj
 0001:000065a0       ??$find_node_u@UCmp@?$TScatterArray@HHU?$TScalarCompare@H@core@UModSys@@U?$TNodeDeleter0@U?$TScatterArrayNode@HH@tl@UModSys@@@tl@3@@tl@UModSys@@@?$TTreeHoldRB@U?$TScatterArrayNode@HH@tl@UModSys@@@tl@UModSys@@QBEPAU?$TScatterArrayNode@HH@12@UCmp@?$TScatterArray@HHU?$TScalarCompare@H@core@UModSys@@U?$TNodeDeleter0@U?$TScatterArrayNode@HH@tl@UModSys@@@tl@3@@12@@Z 100075a0 f i umodsys_lib_libui:umodsys.mod.ui.frames.obj
 0001:000065a0       ??$find_node_u@UCmp@?$TScatterArray@UGlyph@RMultiImage2D_SDL_ttf@SDL_core@ui@modules@UModSys@@HU?$TScalarCompare@H@core@6@U?$TNodeDeleter0@U?$TScatterArrayNode@UGlyph@RMultiImage2D_SDL_ttf@SDL_core@ui@modules@UModSys@@H@tl@UModSys@@@tl@6@@tl@UModSys@@@?$TTreeHoldRB@U?$TScatterArrayNode@UGlyph@RMultiImage2D_SDL_ttf@SDL_core@ui@modules@UModSys@@H@tl@UModSys@@@tl@UModSys@@QBEPAU?$TScatterArrayNode@UGlyph@RMultiImage2D_SDL_ttf@SDL_core@ui@modules@UModSys@@H@12@UCmp@?$TScatterArray@UGlyph@RMultiImage2D_SDL_ttf@SDL_core@ui@modules@UModSys@@HU?$TScalarCompare@H@core@6@U?$TNodeDeleter0@U?$TScatterArrayNode@UGlyph@RMultiImage2D_SDL_ttf@SDL_core@ui@modules@UModSys@@H@tl@UModSys@@@tl@6@@12@@Z 100075a0 f i umodsys_lib_libui:umodsys.mod.ui.SDL_core.obj
 0001:000065a0       ??$find_node_u@UCmp@?$TScatterArray@U?$TVector4@M@math3d@UModSys@@HU?$TScalarCompare@H@core@3@U?$TNodeDeleter0@U?$TScatterArrayNode@U?$TVector4@M@math3d@UModSys@@H@tl@UModSys@@@tl@3@@tl@UModSys@@@?$TTreeHoldRB@U?$TScatterArrayNode@U?$TVector4@M@math3d@UModSys@@H@tl@UModSys@@@tl@UModSys@@QBEPAU?$TScatterArrayNode@U?$TVector4@M@math3d@UModSys@@H@12@UCmp@?$TScatterArray@U?$TVector4@M@math3d@UModSys@@HU?$TScalarCompare@H@core@3@U?$TNodeDeleter0@U?$TScatterArrayNode@U?$TVector4@M@math3d@UModSys@@H@tl@UModSys@@@tl@3@@12@@Z 100075a0 f i umodsys_lib_libui:umodsys.mod.ui.frames.obj
 0001:000065a0       ??$find_node_u@UCmp@?$TScatterArray@U?$TVector2@M@math3d@UModSys@@HU?$TScalarCompare@H@core@3@U?$TNodeDeleter0@U?$TScatterArrayNode@U?$TVector2@M@math3d@UModSys@@H@tl@UModSys@@@tl@3@@tl@UModSys@@@?$TTreeHoldRB@U?$TScatterArrayNode@U?$TVector2@M@math3d@UModSys@@H@tl@UModSys@@@tl@UModSys@@QBEPAU?$TScatterArrayNode@U?$TVector2@M@math3d@UModSys@@H@12@UCmp@?$TScatterArray@U?$TVector2@M@math3d@UModSys@@HU?$TScalarCompare@H@core@3@U?$TNodeDeleter0@U?$TScatterArrayNode@U?$TVector2@M@math3d@UModSys@@H@tl@UModSys@@@tl@3@@12@@Z 100075a0 f i umodsys_lib_libui:umodsys.mod.ui.frames.obj
 0001:000065a0       ??$find_node_u@UCmp@?$TScatterArray@U?$TRefObjectCompositeExtra@UIMouseClient@libui@UModSys@@HUIRefObject@core@3@U?$TRefObjectFunc@UIRefObject@core@UModSys@@@tl@3@@tl@UModSys@@HU?$TScalarCompare@H@core@3@U?$TNodeDeleter0@U?$TScatterArrayNode@U?$TRefObjectCompositeExtra@UIMouseClient@libui@UModSys@@HUIRefObject@core@3@U?$TRefObjectFunc@UIRefObject@core@UModSys@@@tl@3@@tl@UModSys@@H@tl@UModSys@@@23@@tl@UModSys@@@?$TTreeHoldRB@U?$TScatterArrayNode@U?$TRefObjectCompositeExtra@UIMouseClient@libui@UModSys@@HUIRefObject@core@3@U?$TRefObjectFunc@UIRefObject@core@UModSys@@@tl@3@@tl@UModSys@@H@tl@UModSys@@@tl@UModSys@@QBEPAU?$TScatterArrayNode@U?$TRefObjectCompositeExtra@UIMouseClient@libui@UModSys@@HUIRefObject@core@3@U?$TRefObjectFunc@UIRefObject@core@UModSys@@@tl@3@@tl@UModSys@@H@12@UCmp@?$TScatterArray@U?$TRefObjectCompositeExtra@UIMouseClient@libui@UModSys@@HUIRefObject@core@3@U?$TRefObjectFunc@UIRefObject@core@UModSys@@@tl@3@@tl@UModSys@@HU?$TScalarCompare@H@core@3@U?$TNodeDeleter0@U?$TScatterArrayNode@U?$TRefObjectCompositeExtra@UIMouseClient@libui@UModSys@@HUIRefObject@core@3@U?$TRefObjectFunc@UIRefObject@core@UModSys@@@tl@3@@tl@UModSys@@H@tl@UModSys@@@23@@12@@Z 100075a0 f i umodsys_lib_libui:umodsys.mod.ui.SDL_core.obj
 0001:000065e0       ??$genx_node@UCmp@?$TScatterArray@U?$TRefObjectComposite@UIKeyboardClient@libui@UModSys@@UIRefObject@core@3@U?$TRefObjectFunc@UIRefObject@core@UModSys@@@tl@3@@tl@UModSys@@HU?$TScalarCompare@H@core@3@U?$TNodeDeleter0@U?$TScatterArrayNode@U?$TRefObjectComposite@UIKeyboardClient@libui@UModSys@@UIRefObject@core@3@U?$TRefObjectFunc@UIRefObject@core@UModSys@@@tl@3@@tl@UModSys@@H@tl@UModSys@@@23@@tl@UModSys@@UGen0@234@@?$TTreeHoldRBD@U?$TScatterArrayNode@U?$TRefObjectComposite@UIKeyboardClient@libui@UModSys@@UIRefObject@core@3@U?$TRefObjectFunc@UIRefObject@core@UModSys@@@tl@3@@tl@UModSys@@H@tl@UModSys@@U?$TNodeDeleter0@U?$TScatterArrayNode@U?$TRefObjectComposite@UIKeyboardClient@libui@UModSys@@UIRefObject@core@3@U?$TRefObjectFunc@UIRefObject@core@UModSys@@@tl@3@@tl@UModSys@@H@tl@UModSys@@@23@@tl@UModSys@@QAEPAU?$TScatterArrayNode@U?$TRefObjectComposite@UIKeyboardClient@libui@UModSys@@UIRefObject@core@3@U?$TRefObjectFunc@UIRefObject@core@UModSys@@@tl@3@@tl@UModSys@@H@12@UCmp@?$TScatterArray@U?$TRefObjectComposite@UIKeyboardClient@libui@UModSys@@UIRefObject@core@3@U?$TRefObjectFunc@UIRefObject@core@UModSys@@@tl@3@@tl@UModSys@@HU?$TScalarCompare@H@core@3@U?$TNodeDeleter0@U?$TScatterArrayNode@U?$TRefObjectComposite@UIKeyboardClient@libui@UModSys@@UIRefObject@core@3@U?$TRefObjectFunc@UIRefObject@core@UModSys@@@tl@3@@tl@UModSys@@H@tl@UModSys@@@23@@12@ABUGen0@512@PAPAU312@2_N@Z 100075e0 f i umodsys_lib_libui:umodsys.mod.ui.SDL_core.obj
 0001:00006650       ?sub_insert_node@?$TTreeHoldRB@U?$TScatterArrayNode@U?$TVector4@M@math3d@UModSys@@H@tl@UModSys@@@tl@UModSys@@QAEXPAU?$TScatterArrayNode@U?$TVector4@M@math3d@UModSys@@H@23@0H@Z 10007650 f i umodsys_lib_libui:umodsys.mod.ui.frames.obj
 0001:00006650       ?sub_insert_node@?$TTreeHoldRB@U?$TScatterArrayNode@U?$TVector2@M@math3d@UModSys@@H@tl@UModSys@@@tl@UModSys@@QAEXPAU?$TScatterArrayNode@U?$TVector2@M@math3d@UModSys@@H@23@0H@Z 10007650 f i umodsys_lib_libui:umodsys.mod.ui.frames.obj
 0001:00006650       ?sub_insert_node@?$TTreeHoldRB@U?$TScatterArrayNode@U?$TRefObjectCompositeExtra@UIMouseClient@libui@UModSys@@HUIRefObject@core@3@U?$TRefObjectFunc@UIRefObject@core@UModSys@@@tl@3@@tl@UModSys@@H@tl@UModSys@@@tl@UModSys@@QAEXPAU?$TScatterArrayNode@U?$TRefObjectCompositeExtra@UIMouseClient@libui@UModSys@@HUIRefObject@core@3@U?$TRefObjectFunc@UIRefObject@core@UModSys@@@tl@3@@tl@UModSys@@H@23@0H@Z 10007650 f i umodsys_lib_libui:umodsys.mod.ui.SDL_core.obj
 0001:00006650       ?sub_insert_node@?$TTreeHoldRB@U?$TScatterArrayNode@UGlyph@RMultiImage2D_SDL_ttf@SDL_core@ui@modules@UModSys@@H@tl@UModSys@@@tl@UModSys@@QAEXPAU?$TScatterArrayNode@UGlyph@RMultiImage2D_SDL_ttf@SDL_core@ui@modules@UModSys@@H@23@0H@Z 10007650 f i umodsys_lib_libui:umodsys.mod.ui.SDL_core.obj
 0001:00006650       ?sub_insert_node@?$TTreeHoldRB@U?$TScatterArrayNode@U?$TRefObjectComposite@UIKeyboardClient@libui@UModSys@@UIRefObject@core@3@U?$TRefObjectFunc@UIRefObject@core@UModSys@@@tl@3@@tl@UModSys@@H@tl@UModSys@@@tl@UModSys@@QAEXPAU?$TScatterArrayNode@U?$TRefObjectComposite@UIKeyboardClient@libui@UModSys@@UIRefObject@core@3@U?$TRefObjectFunc@UIRefObject@core@UModSys@@@tl@3@@tl@UModSys@@H@23@0H@Z 10007650 f i umodsys_lib_libui:umodsys.mod.ui.SDL_core.obj
 0001:00006650       ?sub_insert_node@?$TTreeHoldRB@U?$TScatterArrayNode@U?$TRefObject@URRenderDriver2D@SDL_core@ui@modules@UModSys@@U?$TRefObjectWeakFunc@URRenderDriver2D@SDL_core@ui@modules@UModSys@@@tl@5@@tl@UModSys@@H@tl@UModSys@@@tl@UModSys@@QAEXPAU?$TScatterArrayNode@U?$TRefObject@URRenderDriver2D@SDL_core@ui@modules@UModSys@@U?$TRefObjectWeakFunc@URRenderDriver2D@SDL_core@ui@modules@UModSys@@@tl@5@@tl@UModSys@@H@23@0H@Z 10007650 f i umodsys_lib_libui:umodsys.mod.ui.SDL_core.obj
 0001:00006650       ?sub_insert_node@?$TTreeHoldRB@U?$TScatterArrayNode@HH@tl@UModSys@@@tl@UModSys@@QAEXPAU?$TScatterArrayNode@HH@23@0H@Z 10007650 f i umodsys_lib_libui:umodsys.mod.ui.frames.obj
 0001:000066c0       ?rotate_right@?$TTreeHoldRB@U?$TScatterArrayNode@U?$TRefObjectCompositeExtra@UIMouseClient@libui@UModSys@@HUIRefObject@core@3@U?$TRefObjectFunc@UIRefObject@core@UModSys@@@tl@3@@tl@UModSys@@H@tl@UModSys@@@tl@UModSys@@IAEXPAU?$TScatterArrayNode@U?$TRefObjectCompositeExtra@UIMouseClient@libui@UModSys@@HUIRefObject@core@3@U?$TRefObjectFunc@UIRefObject@core@UModSys@@@tl@3@@tl@UModSys@@H@23@@Z 100076c0 f i umodsys_lib_libui:umodsys.mod.ui.SDL_core.obj
[...]
 0001:0001a8c0       ??__E?s_modreg_chain@RModuleReg@serialize_json@media@modules@UModSys@@2USModuleRegChain@base@5@A@@YAXXZ 1001b8c0 f    CIL library: CIL module
 0001:0001a8e0       ??__E?s_uid@RGenerator@serialize_json@media@modules@UModSys@@2USUniquePointer@core@5@A@@YAXXZ 1001b8e0 f    CIL library: CIL module
 0001:0001a910       ??__E?s_id@?$TObjectUniqueID@URSerializeReader@serialize_json@media@modules@UModSys@@@tl@UModSys@@2USUniquePointer@core@3@A@@YAXXZ 1001b910 f    CIL library: CIL module
 0001:0001a940       ??__E?s_id@?$TObjectUniqueID@URSerializeWriter@serialize_json@media@modules@UModSys@@@tl@UModSys@@2USUniquePointer@core@3@A@@YAXXZ 1001b940 f    CIL library: CIL module
 0001:0001a970       ??__E?s_id@?$TObjectUniqueID@URGenerator@serialize_json@media@modules@UModSys@@@tl@UModSys@@2USUniquePointer@core@3@A@@YAXXZ 1001b970 f    CIL library: CIL module
 0001:0001a9a0       ??__E?s_modreg@RModuleReg@zlib@media@modules@UModSys@@2U12345@A@@YAXXZ 1001b9a0 f    CIL library: CIL module
 0001:0001a9e0       ??__E?s_modreg_chain@RModuleReg@zlib@media@modules@UModSys@@2USModuleRegChain@base@5@A@@YAXXZ 1001b9e0 f    CIL library: CIL module
 0001:0001aa00       ??__E?s_uid@RGenerator@zlib@media@modules@UModSys@@2USUniquePointer@core@5@A@@YAXXZ 1001ba00 f    CIL library: CIL module
 0001:0001aa30       ??__E?s_id@?$TObjectUniqueID@URBinArchiveFrameClient_ZIP@zlib@media@modules@UModSys@@@tl@UModSys@@2USUniquePointer@core@3@A@@YAXXZ 1001ba30 f    CIL library: CIL module
 0001:0001aa60       ??__E?s_id@?$TObjectUniqueID@URGenerator@zlib@media@modules@UModSys@@@tl@UModSys@@2USUniquePointer@core@3@A@@YAXXZ 1001ba60 f    CIL library: CIL module
 0001:0001aa90       ??__EM@UModSys@@YAXXZ      1001ba90 f    CIL library: CIL module
 0001:0001aab0       ??__E?root@SModuleRegChain@base@UModSys@@2U123@A@@YAXXZ 1001bab0 f    CIL library: CIL module
 0001:0001aad0       ??__E?s_library@RModuleLibraryReg_Chain@base@UModSys@@2U123@A@@YAXXZ 1001bad0 f    CIL library: CIL module
 0001:0001aaf0       ??__E?root@SUniquePointer@core@UModSys@@2U123@A@@YAXXZ 1001baf0 f    CIL library: CIL module
 0001:0001ab10       ??__F?s_modreg@RModuleReg@test1@test@modules@UModSys@@2U12345@A@@YAXXZ 1001bb10 f    CIL library: CIL module
 0001:0001ab30       ??__F?s_modreg_chain@RModuleReg@test1@test@modules@UModSys@@2USModuleRegChain@base@5@A@@YAXXZ 1001bb30 f    CIL library: CIL module
 0001:0001ab40       ??__F?s_uid@RGenerator@test1@test@modules@UModSys@@2USUniquePointer@core@5@A@@YAXXZ 1001bb40 f    CIL library: CIL module
 0001:0001ab50       ??__Fh@?1??s_holder@RGenerator@test1@test@modules@UModSys@@SAAAU?$TTypeStaticHolder@URGenerator@test1@test@modules@UModSys@@@tl@5@XZ@YAXXZ 1001bb50 f    CIL library: CIL module
 0001:0001ab70       ??__F?s_id@?$TObjectUniqueID@URGenerator@test1@test@modules@UModSys@@@tl@UModSys@@2USUniquePointer@core@3@A@@YAXXZ 1001bb70 f    CIL library: CIL module
 0001:0001ab80       ??__F?s_id@?$TObjectUniqueID@URTest1_Shell@test1@test@modules@UModSys@@@tl@UModSys@@2USUniquePointer@core@3@A@@YAXXZ 1001bb80 f    CIL library: CIL module
 0001:0001ab90       ??__F?s_id@?$TObjectUniqueID@URLines_Filter@test1@test@modules@UModSys@@@tl@UModSys@@2USUniquePointer@core@3@A@@YAXXZ 1001bb90 f    CIL library: CIL module
 0001:0001aba0       ??__F?s_id@?$TObjectUniqueID@URLines@test1@test@modules@UModSys@@@tl@UModSys@@2USUniquePointer@core@3@A@@YAXXZ 1001bba0 f    CIL library: CIL module
 0001:0001abb0       ??__F?s_id@?$TObjectUniqueID@UILines@test1@test@modules@UModSys@@@tl@UModSys@@2USUniquePointer@core@3@A@@YAXXZ 1001bbb0 f    CIL library: CIL module
 0001:0001abc0       ??__F?s_id@?$TObjectUniqueID@UIRenderDriver@lib2d@UModSys@@@tl@UModSys@@2USUniquePointer@core@3@A@@YAXXZ 1001bbc0 f    CIL library: CIL module
 0001:0001abd0       ??__F?s_id@?$TObjectUniqueID@UIMultiImage@lib2d@UModSys@@@tl@UModSys@@2USUniquePointer@core@3@A@@YAXXZ 1001bbd0 f    CIL library: CIL module
 0001:0001abe0       ??__F?s_id@?$TObjectUniqueID@UIImage@lib2d@UModSys@@@tl@UModSys@@2USUniquePointer@core@3@A@@YAXXZ 1001bbe0 f    CIL library: CIL module
 0001:0001abf0       ??__F?s_id@?$TObjectUniqueID@UIDialog@libui@UModSys@@@tl@UModSys@@2USUniquePointer@core@3@A@@YAXXZ 1001bbf0 f    CIL library: CIL module
 0001:0001ac00       ??__F?s_id@?$TObjectUniqueID@UIFrame@libui@UModSys@@@tl@UModSys@@2USUniquePointer@core@3@A@@YAXXZ 1001bc00 f    CIL library: CIL module
 0001:0001ac10       ??__F?s_id@?$TObjectUniqueID@UIAsyncCollector@libui@UModSys@@@tl@UModSys@@2USUniquePointer@core@3@A@@YAXXZ 1001bc10 f    CIL library: CIL module
 0001:0001ac20       ??__F?s_id@?$TObjectUniqueID@UIAsyncController@libui@UModSys@@@tl@UModSys@@2USUniquePointer@core@3@A@@YAXXZ 1001bc20 f    CIL library: CIL module
 0001:0001ac30       ??__F?s_id@?$TObjectUniqueID@UICollector@libui@UModSys@@@tl@UModSys@@2USUniquePointer@core@3@A@@YAXXZ 1001bc30 f    CIL library: CIL module
 0001:0001ac40       ??__F?s_id@?$TObjectUniqueID@UIConsoleHelperInput_UIKey@libui@UModSys@@@tl@UModSys@@2USUniquePointer@core@3@A@@YAXXZ 1001bc40 f    CIL library: CIL module
 0001:0001ac50       ??__F?s_id@?$TObjectUniqueID@UITerminal@libui@UModSys@@@tl@UModSys@@2USUniquePointer@core@3@A@@YAXXZ 1001bc50 f    CIL library: CIL module
 0001:0001ac60       ??__F?s_id@?$TObjectUniqueID@UIJoystickController@libui@UModSys@@@tl@UModSys@@2USUniquePointer@core@3@A@@YAXXZ 1001bc60 f    CIL library: CIL module
 0001:0001ac70       ??__F?s_id@?$TObjectUniqueID@UIMouseController@libui@UModSys@@@tl@UModSys@@2USUniquePointer@core@3@A@@YAXXZ 1001bc70 f    CIL library: CIL module
 0001:0001ac80       ??__F?s_id@?$TObjectUniqueID@UIKeyboardController@libui@UModSys@@@tl@UModSys@@2USUniquePointer@core@3@A@@YAXXZ 1001bc80 f    CIL library: CIL module
 0001:0001ac90       ??__F?s_id@?$TObjectUniqueID@UIConsoleHelperOutputFCS@base@UModSys@@@tl@UModSys@@2USUniquePointer@core@3@A@@YAXXZ 1001bc90 f    CIL library: CIL module
 0001:0001aca0       ??__F?s_id@?$TObjectUniqueID@UIConsoleHelperOutput@base@UModSys@@@tl@UModSys@@2USUniquePointer@core@3@A@@YAXXZ 1001bca0 f    CIL library: CIL module
 0001:0001acb0       ??__F?s_id@?$TObjectUniqueID@UIConsoleHelperInput@base@UModSys@@@tl@UModSys@@2USUniquePointer@core@3@A@@YAXXZ 1001bcb0 f    CIL library: CIL module
 0001:0001acc0       ??__F?s_id@?$TObjectUniqueID@UIConsoleHelperHistory@base@UModSys@@@tl@UModSys@@2USUniquePointer@core@3@A@@YAXXZ 1001bcc0 f    CIL library: CIL module
 0001:0001acd0       ??__F?s_id@?$TObjectUniqueID@UIConsoleHelper@base@UModSys@@@tl@UModSys@@2USUniquePointer@core@3@A@@YAXXZ 1001bcd0 f    CIL library: CIL module
 0001:0001ace0       ??__F?s_id@?$TObjectUniqueID@UIConsoleExt@base@UModSys@@@tl@UModSys@@2USUniquePointer@core@3@A@@YAXXZ 1001bce0 f    CIL library: CIL module
 0001:0001acf0       ??__F?s_id@?$TObjectUniqueID@UISerializeWriter@libmedia@UModSys@@@tl@UModSys@@2USUniquePointer@core@3@A@@YAXXZ 1001bcf0 f    CIL library: CIL module
 0001:0001ad00       ??__F?s_id@?$TObjectUniqueID@UISerializeReader@libmedia@UModSys@@@tl@UModSys@@2USUniquePointer@core@3@A@@YAXXZ 1001bd00 f    CIL library: CIL module
 0001:0001ad10       ??__F?s_id@?$TObjectUniqueID@UIClient@IBinArchiveFrame@libmedia@UModSys@@@tl@UModSys@@2USUniquePointer@core@3@A@@YAXXZ 1001bd10 f    CIL library: CIL module
 0001:0001ad20       ??__F?s_id@?$TObjectUniqueID@UIBinArchiveFrame@libmedia@UModSys@@@tl@UModSys@@2USUniquePointer@core@3@A@@YAXXZ 1001bd20 f    CIL library: CIL module
 0001:0001ad30       ??__F?s_id@?$TObjectUniqueID@UILibraryLayered@libmedia@UModSys@@@tl@UModSys@@2USUniquePointer@core@3@A@@YAXXZ 1001bd30 f    CIL library: CIL module
 0001:0001ad40       ??__F?s_id@?$TObjectUniqueID@UILibraryObjCache@libmedia@UModSys@@@tl@UModSys@@2USUniquePointer@core@3@A@@YAXXZ 1001bd40 f    CIL library: CIL module
 0001:0001ad50       ??__F?s_id@?$TObjectUniqueID@UILibraryObjFilter@libmedia@UModSys@@@tl@UModSys@@2USUniquePointer@core@3@A@@YAXXZ 1001bd50 f    CIL library: CIL module
 0001:0001ad60       ??__F?s_id@?$TObjectUniqueID@UILibraryBinCache@libmedia@UModSys@@@tl@UModSys@@2USUniquePointer@core@3@A@@YAXXZ 1001bd60 f    CIL library: CIL module
 0001:0001ad70       ??__F?s_id@?$TObjectUniqueID@UILibraryBinTree@libmedia@UModSys@@@tl@UModSys@@2USUniquePointer@core@3@A@@YAXXZ 1001bd70 f    CIL library: CIL module
 0001:0001ad80       ??__F?s_id@?$TObjectUniqueID@UILibrary@libmedia@UModSys@@@tl@UModSys@@2USUniquePointer@core@3@A@@YAXXZ 1001bd80 f    CIL library: CIL module
 0001:0001ad90       ??__F?s_id@?$TObjectUniqueID@UIBinObjFilter@libmedia@UModSys@@@tl@UModSys@@2USUniquePointer@core@3@A@@YAXXZ 1001bd90 f    CIL library: CIL module
 0001:0001ada0       ??__F?s_id@?$TObjectUniqueID@UIBinArchive@libmedia@UModSys@@@tl@UModSys@@2USUniquePointer@core@3@A@@YAXXZ 1001bda0 f    CIL library: CIL module
 0001:0001adb0       ??__F?s_id@?$TObjectUniqueID@UILibObject@libmedia@UModSys@@@tl@UModSys@@2USUniquePointer@core@3@A@@YAXXZ 1001bdb0 f    CIL library: CIL module
 0001:0001adc0       ??__F?s_id@?$TObjectUniqueID@UIUtilities@libmedia@UModSys@@@tl@UModSys@@2USUniquePointer@core@3@A@@YAXXZ 1001bdc0 f    CIL library: CIL module
 0001:0001add0       ??__F?s_id@?$TObjectUniqueID@UIStreamWriter@libmedia@UModSys@@@tl@UModSys@@2USUniquePointer@core@3@A@@YAXXZ 1001bdd0 f    CIL library: CIL module
 0001:0001ade0       ??__F?s_id@?$TObjectUniqueID@UIStreamReader@libmedia@UModSys@@@tl@UModSys@@2USUniquePointer@core@3@A@@YAXXZ 1001bde0 f    CIL library: CIL module
 0001:0001adf0       ??__F?s_id@?$TObjectUniqueID@UISystem@base@UModSys@@@tl@UModSys@@2USUniquePointer@core@3@A@@YAXXZ 1001bdf0 f    CIL library: CIL module
 0001:0001ae00       ??__F?s_id@?$TObjectUniqueID@UIConsole@base@UModSys@@@tl@UModSys@@2USUniquePointer@core@3@A@@YAXXZ 1001be00 f    CIL library: CIL module
 0001:0001ae10       ??__F?s_id@?$TObjectUniqueID@UIShell@base@UModSys@@@tl@UModSys@@2USUniquePointer@core@3@A@@YAXXZ 1001be10 f    CIL library: CIL module
 0001:0001ae20       ??__F?s_id@?$TObjectUniqueID@UIGenerator@base@UModSys@@@tl@UModSys@@2USUniquePointer@core@3@A@@YAXXZ 1001be20 f    CIL library: CIL module
 0001:0001ae30       ??__F?s_id@?$TObjectUniqueID@UIModObject@base@UModSys@@@tl@UModSys@@2USUniquePointer@core@3@A@@YAXXZ 1001be30 f    CIL library: CIL module
 0001:0001ae40       ??__F?s_id@?$TObjectUniqueID@UIModuleLibrary@base@UModSys@@@tl@UModSys@@2USUniquePointer@core@3@A@@YAXXZ 1001be40 f    CIL library: CIL module
 0001:0001ae50       ??__F?s_id@?$TObjectUniqueID@UIModule@base@UModSys@@@tl@UModSys@@2USUniquePointer@core@3@A@@YAXXZ 1001be50 f    CIL library: CIL module
 0001:0001ae60       ??__F?s_id@?$TObjectUniqueID@UIParameters@core@UModSys@@@tl@UModSys@@2USUniquePointer@core@3@A@@YAXXZ 1001be60 f    CIL library: CIL module
 0001:0001ae70       ??__F?s_id@?$TObjectUniqueID@UIRefObject@core@UModSys@@@tl@UModSys@@2USUniquePointer@core@3@A@@YAXXZ 1001be70 f    CIL library: CIL module
 0001:0001ae80       ??__F?s_id@?$TObjectUniqueID@UIRoot@core@UModSys@@@tl@UModSys@@2USUniquePointer@core@3@A@@YAXXZ 1001be80 f    CIL library: CIL module
 0001:0001ae90       ??__F?s_modreg@RModuleReg@stdlib@lib2d@modules@UModSys@@2U12345@A@@YAXXZ 1001be90 f    CIL library: CIL module
 0001:0001aeb0       ??__F?s_modreg_chain@RModuleReg@stdlib@lib2d@modules@UModSys@@2USModuleRegChain@base@5@A@@YAXXZ 1001beb0 f    CIL library: CIL module
 0001:0001aec0       ??__F?s_uid@RGenerator@stdlib@lib2d@modules@UModSys@@2USUniquePointer@core@5@A@@YAXXZ 1001bec0 f    CIL library: CIL module
 0001:0001aed0       ??__Fh@?1??s_holder@RGenerator@stdlib@lib2d@modules@UModSys@@SAAAU?$TTypeStaticHolder@URGenerator@stdlib@lib2d@modules@UModSys@@@tl@5@XZ@YAXXZ 1001bed0 f    CIL library: CIL module
 0001:0001aef0       ??__F?s_id@?$TObjectUniqueID@URGenerator@stdlib@lib2d@modules@UModSys@@@tl@UModSys@@2USUniquePointer@core@3@A@@YAXXZ 1001bef0 f    CIL library: CIL module
 0001:0001af00       ??__F?s_id@?$TObjectUniqueID@URImage_Memory@stdlib@lib2d@modules@UModSys@@@tl@UModSys@@2USUniquePointer@core@3@A@@YAXXZ 1001bf00 f    CIL library: CIL module
 0001:0001af10       ??__F?s_modreg@RModuleReg@SDL_core@ui@modules@UModSys@@2U12345@A@@YAXXZ 1001bf10 f    CIL library: CIL module
 0001:0001af30       ??__F?s_modreg_chain@RModuleReg@SDL_core@ui@modules@UModSys@@2USModuleRegChain@base@5@A@@YAXXZ 1001bf30 f    CIL library: CIL module
 0001:0001af40       ??__F?s_uid@RGenerator@SDL_core@ui@modules@UModSys@@2USUniquePointer@core@5@A@@YAXXZ 1001bf40 f    CIL library: CIL module
 0001:0001af50       ??__Fh@?1??s_holder@RGenerator@SDL_core@ui@modules@UModSys@@SAAAU?$TTypeStaticHolder@URGenerator@SDL_core@ui@modules@UModSys@@@tl@5@XZ@YAXXZ 1001bf50 f    CIL library: CIL module
 0001:0001af70       ??__F?s_id@?$TObjectUniqueID@URGenerator@SDL_core@ui@modules@UModSys@@@tl@UModSys@@2USUniquePointer@core@3@A@@YAXXZ 1001bf70 f    CIL library: CIL module
 0001:0001af80       ??__F?s_id@?$TObjectUniqueID@URTerminal@SDL_core@ui@modules@UModSys@@@tl@UModSys@@2USUniquePointer@core@3@A@@YAXXZ 1001bf80 f    CIL library: CIL module
 0001:0001af90       ??__F?s_id@?$TObjectUniqueID@URKeyboardController@SDL_core@ui@modules@UModSys@@@tl@UModSys@@2USUniquePointer@core@3@A@@YAXXZ 1001bf90 f    CIL library: CIL module
 0001:0001afa0       ??__F?s_id@?$TObjectUniqueID@URMouseController@SDL_core@ui@modules@UModSys@@@tl@UModSys@@2USUniquePointer@core@3@A@@YAXXZ 1001bfa0 f    CIL library: CIL module
 0001:0001afb0       ??__F?s_id@?$TObjectUniqueID@URRenderDriver2D@SDL_core@ui@modules@UModSys@@@tl@UModSys@@2USUniquePointer@core@3@A@@YAXXZ 1001bfb0 f    CIL library: CIL module
 0001:0001afc0       ??__F?s_id@?$TObjectUniqueID@URMultiImage2D_SDL_ttf@SDL_core@ui@modules@UModSys@@@tl@UModSys@@2USUniquePointer@core@3@A@@YAXXZ 1001bfc0 f    CIL library: CIL module
 0001:0001afd0       ??__F?s_modreg@RModuleReg@frames@ui@modules@UModSys@@2U12345@A@@YAXXZ 1001bfd0 f    CIL library: CIL module
 0001:0001aff0       ??__F?s_modreg_chain@RModuleReg@frames@ui@modules@UModSys@@2USModuleRegChain@base@5@A@@YAXXZ 1001bff0 f    CIL library: CIL module
 0001:0001b000       ??__F?s_uid@RGenerator@frames@ui@modules@UModSys@@2USUniquePointer@core@5@A@@YAXXZ 1001c000 f    CIL library: CIL module
 0001:0001b010       ??__Fh@?1??s_holder@RGenerator@frames@ui@modules@UModSys@@SAAAU?$TTypeStaticHolder@URGenerator@frames@ui@modules@UModSys@@@tl@5@XZ@YAXXZ 1001c010 f    CIL library: CIL module
 0001:0001b030       ??__F?s_id@?$TObjectUniqueID@URGenerator@frames@ui@modules@UModSys@@@tl@UModSys@@2USUniquePointer@core@3@A@@YAXXZ 1001c030 f    CIL library: CIL module
 0001:0001b040       ??__F?s_id@?$TObjectUniqueID@URCollector@frames@ui@modules@UModSys@@@tl@UModSys@@2USUniquePointer@core@3@A@@YAXXZ 1001c040 f    CIL library: CIL module
 0001:0001b050       ??__F?s_id@?$TObjectUniqueID@URFrame_List@frames@ui@modules@UModSys@@@tl@UModSys@@2USUniquePointer@core@3@A@@YAXXZ 1001c050 f    CIL library: CIL module
 0001:0001b060       ??__F?s_id@?$TObjectUniqueID@URFrame_Edit@frames@ui@modules@UModSys@@@tl@UModSys@@2USUniquePointer@core@3@A@@YAXXZ 1001c060 f    CIL library: CIL module
 0001:0001b070       ??__F?s_id@?$TObjectUniqueID@URFrame_Button@frames@ui@modules@UModSys@@@tl@UModSys@@2USUniquePointer@core@3@A@@YAXXZ 1001c070 f    CIL library: CIL module
 0001:0001b080       ??__F?s_id@?$TObjectUniqueID@URFrame_Text@frames@ui@modules@UModSys@@@tl@UModSys@@2USUniquePointer@core@3@A@@YAXXZ 1001c080 f    CIL library: CIL module
 0001:0001b090       ??__F?s_id@?$TObjectUniqueID@URFrame_Image@frames@ui@modules@UModSys@@@tl@UModSys@@2USUniquePointer@core@3@A@@YAXXZ 1001c090 f    CIL library: CIL module
 0001:0001b0a0       ??__F?s_id@?$TObjectUniqueID@URFrame_Frame@frames@ui@modules@UModSys@@@tl@UModSys@@2USUniquePointer@core@3@A@@YAXXZ 1001c0a0 f    CIL library: CIL module
 0001:0001b0b0       ??__F?s_id@?$TObjectUniqueID@URDialog@frames@ui@modules@UModSys@@@tl@UModSys@@2USUniquePointer@core@3@A@@YAXXZ 1001c0b0 f    CIL library: CIL module
 0001:0001b0c0       ??__F?s_id@?$TObjectUniqueID@URFrame_Common@frames@ui@modules@UModSys@@@tl@UModSys@@2USUniquePointer@core@3@A@@YAXXZ 1001c0c0 f    CIL library: CIL module
 0001:0001b0d0       ??__F?s_modreg@RModuleReg@images_std@media@modules@UModSys@@2U12345@A@@YAXXZ 1001c0d0 f    CIL library: CIL module
 0001:0001b0f0       ??__F?s_modreg_chain@RModuleReg@images_std@media@modules@UModSys@@2USModuleRegChain@base@5@A@@YAXXZ 1001c0f0 f    CIL library: CIL module
 0001:0001b100       ??__F?s_uid@RGenerator@images_std@media@modules@UModSys@@2USUniquePointer@core@5@A@@YAXXZ 1001c100 f    CIL library: CIL module
 0001:0001b110       ??__Fh@?1??s_holder@RGenerator@images_std@media@modules@UModSys@@SAAAU?$TTypeStaticHolder@URGenerator@images_std@media@modules@UModSys@@@tl@5@XZ@YAXXZ 1001c110 f    CIL library: CIL module
 0001:0001b130       ??__F?s_id@?$TObjectUniqueID@URGenerator@images_std@media@modules@UModSys@@@tl@UModSys@@2USUniquePointer@core@3@A@@YAXXZ 1001c130 f    CIL library: CIL module
 0001:0001b140       ??__F?s_id@?$TObjectUniqueID@URMediaFilter@images_std@media@modules@UModSys@@@tl@UModSys@@2USUniquePointer@core@3@A@@YAXXZ 1001c140 f    CIL library: CIL module
 0001:0001b150       ??__F?s_modreg@RModuleReg@serialize_json@media@modules@UModSys@@2U12345@A@@YAXXZ 1001c150 f    CIL library: CIL module
 0001:0001b170       ??__F?s_modreg_chain@RModuleReg@serialize_json@media@modules@UModSys@@2USModuleRegChain@base@5@A@@YAXXZ 1001c170 f    CIL library: CIL module
 0001:0001b180       ??__F?s_uid@RGenerator@serialize_json@media@modules@UModSys@@2USUniquePointer@core@5@A@@YAXXZ 1001c180 f    CIL library: CIL module
 0001:0001b190       ??__Fh@?1??s_holder@RGenerator@serialize_json@media@modules@UModSys@@SAAAU?$TTypeStaticHolder@URGenerator@serialize_json@media@modules@UModSys@@@tl@5@XZ@YAXXZ 1001c190 f    CIL library: CIL module
 0001:0001b1b0       ??__F?s_id@?$TObjectUniqueID@URGenerator@serialize_json@media@modules@UModSys@@@tl@UModSys@@2USUniquePointer@core@3@A@@YAXXZ 1001c1b0 f    CIL library: CIL module
 0001:0001b1c0       ??__F?s_id@?$TObjectUniqueID@URSerializeWriter@serialize_json@media@modules@UModSys@@@tl@UModSys@@2USUniquePointer@core@3@A@@YAXXZ 1001c1c0 f    CIL library: CIL module
 0001:0001b1d0       ??__F?s_id@?$TObjectUniqueID@URSerializeReader@serialize_json@media@modules@UModSys@@@tl@UModSys@@2USUniquePointer@core@3@A@@YAXXZ 1001c1d0 f    CIL library: CIL module
 0001:0001b1e0       ??__F?s_modreg@RModuleReg@zlib@media@modules@UModSys@@2U12345@A@@YAXXZ 1001c1e0 f    CIL library: CIL module
 0001:0001b200       ??__F?s_modreg_chain@RModuleReg@zlib@media@modules@UModSys@@2USModuleRegChain@base@5@A@@YAXXZ 1001c200 f    CIL library: CIL module
 0001:0001b210       ??__F?s_uid@RGenerator@zlib@media@modules@UModSys@@2USUniquePointer@core@5@A@@YAXXZ 1001c210 f    CIL library: CIL module
 0001:0001b220       ??__Fh@?1??s_holder@RGenerator@zlib@media@modules@UModSys@@SAAAU?$TTypeStaticHolder@URGenerator@zlib@media@modules@UModSys@@@tl@5@XZ@YAXXZ 1001c220 f    CIL library: CIL module
 0001:0001b240       ??__F?s_id@?$TObjectUniqueID@URGenerator@zlib@media@modules@UModSys@@@tl@UModSys@@2USUniquePointer@core@3@A@@YAXXZ 1001c240 f    CIL library: CIL module
 0001:0001b250       ??__F?s_id@?$TObjectUniqueID@URBinArchiveFrameClient_ZIP@zlib@media@modules@UModSys@@@tl@UModSys@@2USUniquePointer@core@3@A@@YAXXZ 1001c250 f    CIL library: CIL module
 0001:0001b260       ??__FM@UModSys@@YAXXZ      1001c260 f    CIL library: CIL module
 0001:0001b270       ??__F?root@SModuleRegChain@base@UModSys@@2U123@A@@YAXXZ 1001c270 f    CIL library: CIL module
 0001:0001b280       ??__F?s_library@RModuleLibraryReg_Chain@base@UModSys@@2U123@A@@YAXXZ 1001c280 f    CIL library: CIL module
 0001:0001b290       ??__F?root@SUniquePointer@core@UModSys@@2U123@A@@YAXXZ 1001c290 f    CIL library: CIL module

 Exports

  ordinal    name

        1    _UModSys_Plugin_Entry2@0
