 umodsysc

 Timestamp is 525d63d1 (Tue Oct 15 18:48:33 2013)

 Preferred load address is 00400000

 Start         Length     Name                   Class
 0001:00000000 00008770H .text                   CODE
 0001:00008770 0000030aH .text$x                 CODE
 0001:00008a80 000005c1H .text$yc                CODE
 0001:00009050 0000024aH .text$yd                CODE
 0002:00000000 00000150H .idata$5                DATA
 0002:00000150 00000004H .CRT$XCA                DATA
 0002:00000154 00000004H .CRT$XCAA               DATA
 0002:00000158 000000dcH .CRT$XCU                DATA
 0002:00000234 00000004H .CRT$XCZ                DATA
 0002:00000238 00000004H .CRT$XIA                DATA
 0002:0000023c 00000004H .CRT$XIAA               DATA
 0002:00000240 00000004H .CRT$XIY                DATA
 0002:00000244 00000004H .CRT$XIZ                DATA
 0002:00000248 000012b0H .rdata                  DATA
 0002:000014f8 00000b68H .rdata$r                DATA
 0002:00002060 00000058H .rdata$sxdata           DATA
 0002:000020b8 00000004H .rtc$IAA                DATA
 0002:000020bc 00000004H .rtc$IZZ                DATA
 0002:000020c0 00000004H .rtc$TAA                DATA
 0002:000020c4 00000004H .rtc$TZZ                DATA
 0002:000020c8 00000554H .xdata$x                DATA
 0002:0000261c 00000028H .idata$2                DATA
 0002:00002644 00000014H .idata$3                DATA
 0002:00002658 00000150H .idata$4                DATA
 0002:000027a8 00000544H .idata$6                DATA
 0002:00002cf0 00000058H .edata                  DATA
 0003:00000000 00000840H .data                   DATA
 0003:00000840 00002764H .bss                    DATA

  Address         Publics by Value              Rva+Base       Lib:Object

 0000:00000000       __except_list              00000000     <absolute>
 0000:00000016       ___safe_se_handler_count   00000016     <absolute>
 0000:00009876       __ldused                   00009876     <absolute>
 0000:00009876       __fltused                  00009876     <absolute>
 0000:00000000       ___ImageBase               00400000     <linker-defined>
 0001:00000000       ??$shash@D@su@tl@UModSys@@YAHPBDI@Z 00401000 f i umodsys.c_main.obj
 0001:00000030       ??3@YAXPAX0@Z              00401030 f i umodsys_lib_libmedia:umodsys.mod.media.stdio.obj
 0001:00000030       ?suicide@RGenerator@stdio@media@modules@UModSys@@UAEXXZ 00401030 f i umodsys_lib_libmedia:umodsys.mod.media.stdio.obj
 0001:00000040       ??1SMemShared@core@UModSys@@QAE@XZ 00401040 f i umodsys_lib_libmedia:umodsys.mod.media.stdio.obj
 0001:00000050       ??3IRoot@core@UModSys@@SAXPAXABUSIMemAlloc@12@@Z 00401050 f i umodsys_lib_libmedia:umodsys.mod.media.stdio.obj
 0001:00000060       ??1?$TString@U?$TSCoreShared@USIMemAlloc@core@UModSys@@D@su@tl@UModSys@@U?$TComparerBinaryHash@D@234@@tl@UModSys@@QAE@XZ 00401060 f i umodsys_lib_libmedia:umodsys.mod.media.stdio.obj
 0001:000000a0       ?file_get_size@stdio@media@modules@UModSys@@YA_JPAU_iobuf@@@Z 004010a0 f i umodsys_lib_libmedia:umodsys.mod.media.stdio.obj
 0001:00000100       ?get_interface_info@RStreamReader_FILE@stdio@media@modules@UModSys@@UBEABUSUniquePointerInfo@core@5@XZ 00401100 f i umodsys_lib_libmedia:umodsys.mod.media.stdio.obj
 0001:00000110       ?get_interface_type@RStreamReader_FILE@stdio@media@modules@UModSys@@UBEPBUSUniquePointerInfo@core@5@XZ 00401110 f i umodsys_lib_libmedia:umodsys.mod.media.stdio.obj
 0001:00000120       ?get_other_interface@RStreamReader_FILE@stdio@media@modules@UModSys@@UBEPBUIRoot@core@5@PBUSUniquePointerInfo@75@@Z 00401120 f i umodsys_lib_libmedia:umodsys.mod.media.stdio.obj
 0001:00000120       ?get_other_interface@RStreamReader_FILE@stdio@media@modules@UModSys@@UAEPAUIRoot@core@5@PBUSUniquePointerInfo@75@@Z 00401120 f i umodsys_lib_libmedia:umodsys.mod.media.stdio.obj
 0001:00000150       ?ref_links@RStreamReader_FILE@stdio@media@modules@UModSys@@UBEHXZ 00401150 f i umodsys_lib_libmedia:umodsys.mod.media.stdio.obj
 0001:00000150       ?ref_links@RStreamWriter_FILE@stdio@media@modules@UModSys@@UBEHXZ 00401150 f i umodsys_lib_libmedia:umodsys.mod.media.stdio.obj
 0001:00000150       ?ref_links@RDataArchiver_OsDir@stdio@media@modules@UModSys@@UBEHXZ 00401150 f i umodsys_lib_libmedia:umodsys.mod.media.stdio.obj
 0001:00000150       ?ref_links@RGenerator@stdio@media@modules@UModSys@@UBEHXZ 00401150 f i umodsys_lib_libmedia:umodsys.mod.media.stdio.obj
 0001:00000160       ??0RStreamReader_FILE@stdio@media@modules@UModSys@@QAE@PAUIModObject@base@4@ABUSParameters@core@4@@Z 00401160 f i umodsys_lib_libmedia:umodsys.mod.media.stdio.obj
 0001:00000210       ??0RStreamReader_FILE@stdio@media@modules@UModSys@@QAE@PAUIModObject@base@4@PBD@Z 00401210 f i umodsys_lib_libmedia:umodsys.mod.media.stdio.obj
 0001:000002a0       ?get_size@RStreamReader_FILE@stdio@media@modules@UModSys@@QAEXXZ 004012a0 f i umodsys_lib_libmedia:umodsys.mod.media.stdio.obj
 0001:00000320       ?reader_seek@RStreamReader_FILE@stdio@media@modules@UModSys@@UAE_N_J@Z 00401320 f i umodsys_lib_libmedia:umodsys.mod.media.stdio.obj
 0001:00000350       ?reader_seekend@RStreamReader_FILE@stdio@media@modules@UModSys@@UAE_N_J@Z 00401350 f i umodsys_lib_libmedia:umodsys.mod.media.stdio.obj
 0001:00000380       ?reader_seekdelta@RStreamReader_FILE@stdio@media@modules@UModSys@@UAE_N_J@Z 00401380 f i umodsys_lib_libmedia:umodsys.mod.media.stdio.obj
 0001:000003b0       ?reader_pos@RStreamReader_FILE@stdio@media@modules@UModSys@@UAE_JXZ 004013b0 f i umodsys_lib_libmedia:umodsys.mod.media.stdio.obj
 0001:000003d0       ?reader_size@RStreamReader_FILE@stdio@media@modules@UModSys@@UAE_JXZ 004013d0 f i umodsys_lib_libmedia:umodsys.mod.media.stdio.obj
 0001:000003e0       ?reader_read@RStreamReader_FILE@stdio@media@modules@UModSys@@UAE_NPAXI@Z 004013e0 f i umodsys_lib_libmedia:umodsys.mod.media.stdio.obj
 0001:00000460       ?reader_close@RStreamReader_FILE@stdio@media@modules@UModSys@@UAEXXZ 00401460 f i umodsys_lib_libmedia:umodsys.mod.media.stdio.obj
 0001:00000480       ??_ERStreamReader_FILE@stdio@media@modules@UModSys@@UAEPAXI@Z 00401480 f i  CIL library: CIL module
 0001:00000480       ??_GRStreamReader_FILE@stdio@media@modules@UModSys@@UAEPAXI@Z 00401480 f i umodsys_lib_libmedia:umodsys.mod.media.stdio.obj
 0001:000004c0       ??1IStreamReader@libmedia@UModSys@@UAE@XZ 004014c0 f i umodsys_lib_libmedia:umodsys.mod.media.stdio.obj
 0001:000004c0       ??1IStreamWriter@libmedia@UModSys@@UAE@XZ 004014c0 f i umodsys_lib_libmedia:umodsys.mod.media.stdio.obj
 0001:000004c0       ??1IDataArchive@libmedia@UModSys@@UAE@XZ 004014c0 f i umodsys_lib_libmedia:umodsys.mod.media.stdio.obj
 0001:000004d0       ??_EIRefObject@core@UModSys@@UAEPAXI@Z 004014d0 f i  CIL library: CIL module
 0001:000004d0       ??_GRGenerator@stdio@media@modules@UModSys@@UAEPAXI@Z 004014d0 f i umodsys_lib_libmedia:umodsys.mod.media.stdio.obj
 0001:000004d0       ??_ERGenerator@stdio@media@modules@UModSys@@UAEPAXI@Z 004014d0 f i  CIL library: CIL module
 0001:000004d0       ??_GIRefObject@core@UModSys@@UAEPAXI@Z 004014d0 f i umodsys_lib_libmedia:umodsys.mod.media.stdio.obj
 0001:000004f0       ??_GIRoot@core@UModSys@@UAEPAXI@Z 004014f0 f i umodsys_lib_libmedia:umodsys.mod.media.stdio.obj
 0001:000004f0       ??_EIRoot@core@UModSys@@UAEPAXI@Z 004014f0 f i  CIL library: CIL module
 0001:00000510       ?get_interface_info@RStreamWriter_FILE@stdio@media@modules@UModSys@@UBEABUSUniquePointerInfo@core@5@XZ 00401510 f i umodsys_lib_libmedia:umodsys.mod.media.stdio.obj
 0001:00000520       ?get_interface_type@RStreamWriter_FILE@stdio@media@modules@UModSys@@UBEPBUSUniquePointerInfo@core@5@XZ 00401520 f i umodsys_lib_libmedia:umodsys.mod.media.stdio.obj
 0001:00000530       ?get_other_interface@RStreamWriter_FILE@stdio@media@modules@UModSys@@UBEPBUIRoot@core@5@PBUSUniquePointerInfo@75@@Z 00401530 f i umodsys_lib_libmedia:umodsys.mod.media.stdio.obj
 0001:00000530       ?get_other_interface@RStreamWriter_FILE@stdio@media@modules@UModSys@@UAEPAUIRoot@core@5@PBUSUniquePointerInfo@75@@Z 00401530 f i umodsys_lib_libmedia:umodsys.mod.media.stdio.obj
 0001:00000560       ?ref_add@RStreamReader_FILE@stdio@media@modules@UModSys@@UBEXXZ 00401560 f i umodsys_lib_libmedia:umodsys.mod.media.stdio.obj
 0001:00000560       ?ref_add@RStreamWriter_FILE@stdio@media@modules@UModSys@@UBEXXZ 00401560 f i umodsys_lib_libmedia:umodsys.mod.media.stdio.obj
 0001:00000560       ?ref_add@RDataArchiver_OsDir@stdio@media@modules@UModSys@@UBEXXZ 00401560 f i umodsys_lib_libmedia:umodsys.mod.media.stdio.obj
 0001:00000560       ?ref_add@RGenerator@stdio@media@modules@UModSys@@UBEXXZ 00401560 f i umodsys_lib_libmedia:umodsys.mod.media.stdio.obj
 0001:00000570       ??1RStreamWriter_FILE@stdio@media@modules@UModSys@@UAE@XZ 00401570 f i umodsys_lib_libmedia:umodsys.mod.media.stdio.obj
 0001:000005e0       ??0RStreamWriter_FILE@stdio@media@modules@UModSys@@QAE@PAUIModObject@base@4@ABUSParameters@core@4@@Z 004015e0 f i umodsys_lib_libmedia:umodsys.mod.media.stdio.obj
 0001:00000660       ??0RStreamWriter_FILE@stdio@media@modules@UModSys@@QAE@PAUIModObject@base@4@PBD_N@Z 00401660 f i umodsys_lib_libmedia:umodsys.mod.media.stdio.obj
 0001:00000720       ?open@RStreamWriter_FILE@stdio@media@modules@UModSys@@QAEXABUSParameters@core@5@@Z 00401720 f i umodsys_lib_libmedia:umodsys.mod.media.stdio.obj
 0001:000007b0       ?writer_seek@RStreamWriter_FILE@stdio@media@modules@UModSys@@UAE_N_J@Z 004017b0 f i umodsys_lib_libmedia:umodsys.mod.media.stdio.obj
 0001:000007e0       ?writer_seekend@RStreamWriter_FILE@stdio@media@modules@UModSys@@UAE_N_J@Z 004017e0 f i umodsys_lib_libmedia:umodsys.mod.media.stdio.obj
 0001:00000810       ?writer_seekdelta@RStreamWriter_FILE@stdio@media@modules@UModSys@@UAE_N_J@Z 00401810 f i umodsys_lib_libmedia:umodsys.mod.media.stdio.obj
 0001:00000840       ?writer_setsize@RStreamWriter_FILE@stdio@media@modules@UModSys@@UAE_N_J@Z 00401840 f i umodsys_lib_libmedia:umodsys.mod.media.stdio.obj
 0001:00000890       ?writer_pos@RStreamWriter_FILE@stdio@media@modules@UModSys@@UAE_JXZ 00401890 f i umodsys_lib_libmedia:umodsys.mod.media.stdio.obj
 0001:000008b0       ?writer_size@RStreamWriter_FILE@stdio@media@modules@UModSys@@UAE_JXZ 004018b0 f i umodsys_lib_libmedia:umodsys.mod.media.stdio.obj
 0001:000008e0       ?writer_write@RStreamWriter_FILE@stdio@media@modules@UModSys@@UAE_NPBXI@Z 004018e0 f i umodsys_lib_libmedia:umodsys.mod.media.stdio.obj
 0001:00000960       ?writer_copy@RStreamWriter_FILE@stdio@media@modules@UModSys@@UAE_NPAUIStreamReader@libmedia@5@_J@Z 00401960 f i umodsys_lib_libmedia:umodsys.mod.media.stdio.obj
 0001:00000a30       ?writer_copy@RStreamWriter_FILE@stdio@media@modules@UModSys@@UAE_NPAUIStreamReader@libmedia@5@_J1@Z 00401a30 f i umodsys_lib_libmedia:umodsys.mod.media.stdio.obj
 0001:00000a80       ?writer_close@RStreamWriter_FILE@stdio@media@modules@UModSys@@UAEXXZ 00401a80 f i umodsys_lib_libmedia:umodsys.mod.media.stdio.obj
 0001:00000ac0       ?writer_abort@RStreamWriter_FILE@stdio@media@modules@UModSys@@UAEXXZ 00401ac0 f i umodsys_lib_libmedia:umodsys.mod.media.stdio.obj
 0001:00000b00       ??_ERStreamWriter_FILE@stdio@media@modules@UModSys@@UAEPAXI@Z 00401b00 f i  CIL library: CIL module
 0001:00000b00       ??_GRStreamWriter_FILE@stdio@media@modules@UModSys@@UAEPAXI@Z 00401b00 f i umodsys_lib_libmedia:umodsys.mod.media.stdio.obj
 0001:00000b20       ?get_interface_info@RDataArchiver_OsDir@stdio@media@modules@UModSys@@UBEABUSUniquePointerInfo@core@5@XZ 00401b20 f i umodsys_lib_libmedia:umodsys.mod.media.stdio.obj
 0001:00000b30       ?get_interface_type@RDataArchiver_OsDir@stdio@media@modules@UModSys@@UBEPBUSUniquePointerInfo@core@5@XZ 00401b30 f i umodsys_lib_libmedia:umodsys.mod.media.stdio.obj
 0001:00000b40       ?get_other_interface@RDataArchiver_OsDir@stdio@media@modules@UModSys@@UAEPAUIRoot@core@5@PBUSUniquePointerInfo@75@@Z 00401b40 f i umodsys_lib_libmedia:umodsys.mod.media.stdio.obj
 0001:00000b40       ?get_other_interface@RDataArchiver_OsDir@stdio@media@modules@UModSys@@UBEPBUIRoot@core@5@PBUSUniquePointerInfo@75@@Z 00401b40 f i umodsys_lib_libmedia:umodsys.mod.media.stdio.obj
 0001:00000b70       ?suicide@RDataArchiver_OsDir@stdio@media@modules@UModSys@@UAEXXZ 00401b70 f i umodsys_lib_libmedia:umodsys.mod.media.stdio.obj
 0001:00000b70       ?suicide@RStreamWriter_FILE@stdio@media@modules@UModSys@@UAEXXZ 00401b70 f i umodsys_lib_libmedia:umodsys.mod.media.stdio.obj
 0001:00000b70       ?suicide@RStreamReader_FILE@stdio@media@modules@UModSys@@UAEXXZ 00401b70 f i umodsys_lib_libmedia:umodsys.mod.media.stdio.obj
 0001:00000b80       ??0RDataArchiver_OsDir@stdio@media@modules@UModSys@@QAE@PAUIModObject@base@4@ABUSParameters@core@4@U?$TFlags4State@USMediaFlagUid@libmedia@UModSys@@I@tl@4@@Z 00401b80 f i umodsys_lib_libmedia:umodsys.mod.media.stdio.obj
 0001:00000c10       ??1RDataArchiver_OsDir@stdio@media@modules@UModSys@@UAE@XZ 00401c10 f i umodsys_lib_libmedia:umodsys.mod.media.stdio.obj
 0001:00000c90       ?open@RDataArchiver_OsDir@stdio@media@modules@UModSys@@QAEXABUSParameters@core@5@@Z 00401c90 f i umodsys_lib_libmedia:umodsys.mod.media.stdio.obj
 0001:00000d50       ?load_data@RDataArchiver_OsDir@stdio@media@modules@UModSys@@UAE_NABU?$TString@U?$TSCoreConst@D@su@tl@UModSys@@U?$TComparerBinaryHash@D@234@@tl@5@AAUSCMemShared@core@5@ABUSFlags@libmedia@5@@Z 00401d50 f i umodsys_lib_libmedia:umodsys.mod.media.stdio.obj
 0001:00000fd0       ?load_reader@RDataArchiver_OsDir@stdio@media@modules@UModSys@@UAE?AU?$TRefObject@UIStreamReader@libmedia@UModSys@@U?$TRefObjectFunc@UIStreamReader@libmedia@UModSys@@@tl@3@@tl@5@ABU?$TString@U?$TSCoreConst@D@su@tl@UModSys@@U?$TComparerBinaryHash@D@234@@75@ABUSFlags@libmedia@5@@Z 00401fd0 f i umodsys_lib_libmedia:umodsys.mod.media.stdio.obj
 0001:00001160       ?save_data@RDataArchiver_OsDir@stdio@media@modules@UModSys@@UAE_NABU?$TString@U?$TSCoreConst@D@su@tl@UModSys@@U?$TComparerBinaryHash@D@234@@tl@5@ABUSCMem@core@5@ABUSFlags@libmedia@5@@Z 00402160 f i umodsys_lib_libmedia:umodsys.mod.media.stdio.obj
 0001:00001300       ?save_writer@RDataArchiver_OsDir@stdio@media@modules@UModSys@@UAE?AU?$TRefObject@UIStreamWriter@libmedia@UModSys@@U?$TRefObjectFunc@UIStreamWriter@libmedia@UModSys@@@tl@3@@tl@5@ABU?$TString@U?$TSCoreConst@D@su@tl@UModSys@@U?$TComparerBinaryHash@D@234@@75@ABUSFlags@libmedia@5@@Z 00402300 f i umodsys_lib_libmedia:umodsys.mod.media.stdio.obj
 0001:000014a0       ?get_entrylist@RDataArchiver_OsDir@stdio@media@modules@UModSys@@UAE_NABU?$TString@U?$TSCoreConst@D@su@tl@UModSys@@U?$TComparerBinaryHash@D@234@@tl@5@AAU?$TIStackSocket@USFileInfo@libmedia@UModSys@@@75@@Z 004024a0 f i umodsys_lib_libmedia:umodsys.mod.media.stdio.obj
 0001:00001500       ?get_permissions@RDataArchiver_OsDir@stdio@media@modules@UModSys@@UAEHXZ 00402500 f i umodsys_lib_libmedia:umodsys.mod.media.stdio.obj
 0001:00001510       ??_ERDataArchiver_OsDir@stdio@media@modules@UModSys@@UAEPAXI@Z 00402510 f i  CIL library: CIL module
 0001:00001510       ??_GRDataArchiver_OsDir@stdio@media@modules@UModSys@@UAEPAXI@Z 00402510 f i umodsys_lib_libmedia:umodsys.mod.media.stdio.obj
 0001:00001530       ?get_generated_names@RGenerator@stdio@media@modules@UModSys@@UBEHAAUSUniquePtrList@core@5@@Z 00402530 f i umodsys_lib_libmedia:umodsys.mod.media.stdio.obj
 0001:00001570       ?get_generated_types@RGenerator@stdio@media@modules@UModSys@@UBEHAAUSUniquePtrList@core@5@PBUSUniquePointerInfo@75@@Z 00402570 f i umodsys_lib_libmedia:umodsys.mod.media.stdio.obj
 0001:000015f0       ?generate@RGenerator@stdio@media@modules@UModSys@@UAE_NAAU?$TRefObject@UIRefObject@core@UModSys@@U?$TRefObjectFunc@UIRefObject@core@UModSys@@@tl@3@@tl@5@PBUSUniquePointerInfo@core@5@ABUSParameters@95@@Z 004025f0 f i umodsys_lib_libmedia:umodsys.mod.media.stdio.obj
 0001:00001650       ?get_interface_info@RGenerator@stdio@media@modules@UModSys@@UBEABUSUniquePointerInfo@core@5@XZ 00402650 f i umodsys_lib_libmedia:umodsys.mod.media.stdio.obj
 0001:00001660       ?get_interface_type@RGenerator@stdio@media@modules@UModSys@@UBEPBUSUniquePointerInfo@core@5@XZ 00402660 f i umodsys_lib_libmedia:umodsys.mod.media.stdio.obj
 0001:00001670       ?get_other_interface@RGenerator@stdio@media@modules@UModSys@@UAEPAUIRoot@core@5@PBUSUniquePointerInfo@75@@Z 00402670 f i umodsys_lib_libmedia:umodsys.mod.media.stdio.obj
 0001:00001670       ?get_other_interface@RGenerator@stdio@media@modules@UModSys@@UBEPBUIRoot@core@5@PBUSUniquePointerInfo@75@@Z 00402670 f i umodsys_lib_libmedia:umodsys.mod.media.stdio.obj
 0001:000016b0       ?ref_remove@RStreamWriter_FILE@stdio@media@modules@UModSys@@UBEXXZ 004026b0 f i umodsys_lib_libmedia:umodsys.mod.media.stdio.obj
 0001:000016b0       ?ref_remove@RGenerator@stdio@media@modules@UModSys@@UBEXXZ 004026b0 f i umodsys_lib_libmedia:umodsys.mod.media.stdio.obj
 0001:000016b0       ?ref_remove@RDataArchiver_OsDir@stdio@media@modules@UModSys@@UBEXXZ 004026b0 f i umodsys_lib_libmedia:umodsys.mod.media.stdio.obj
 0001:000016b0       ?ref_remove@RStreamReader_FILE@stdio@media@modules@UModSys@@UBEXXZ 004026b0 f i umodsys_lib_libmedia:umodsys.mod.media.stdio.obj
 0001:000016c0       ?ref_weak@RStreamWriter_FILE@stdio@media@modules@UModSys@@UBE_NAAUWeakPointer@IRefObject@core@5@@Z 004026c0 f i umodsys_lib_libmedia:umodsys.mod.media.stdio.obj
 0001:000016c0       ?ref_weak@RGenerator@stdio@media@modules@UModSys@@UBE_NAAUWeakPointer@IRefObject@core@5@@Z 004026c0 f i umodsys_lib_libmedia:umodsys.mod.media.stdio.obj
 0001:000016c0       ?ref_weak@RStreamReader_FILE@stdio@media@modules@UModSys@@UBE_NAAUWeakPointer@IRefObject@core@5@@Z 004026c0 f i umodsys_lib_libmedia:umodsys.mod.media.stdio.obj
 0001:000016c0       ?ref_weak@RDataArchiver_OsDir@stdio@media@modules@UModSys@@UBE_NAAUWeakPointer@IRefObject@core@5@@Z 004026c0 f i umodsys_lib_libmedia:umodsys.mod.media.stdio.obj
 0001:000016e0       ?get_uid@RGenerator@stdio@media@modules@UModSys@@UBEPBUSUniquePointerInfo@core@5@XZ 004026e0 f i umodsys_lib_libmedia:umodsys.mod.media.stdio.obj
 0001:000016f0       ?do_open@RModuleReg@stdio@media@modules@UModSys@@UAE_NXZ 004026f0 f i umodsys_lib_libmedia:umodsys.mod.media.stdio.obj
 0001:00001700       ?do_close@RModuleReg@stdio@media@modules@UModSys@@UAE_NXZ 00402700 f i umodsys_lib_libmedia:umodsys.mod.media.stdio.obj
 0001:00001710       ??_ERModuleReg@stdio@media@modules@UModSys@@UAEPAXI@Z 00402710 f i  CIL library: CIL module
 0001:00001710       ??_GRModuleReg@stdio@media@modules@UModSys@@UAEPAXI@Z 00402710 f i umodsys_lib_libmedia:umodsys.mod.media.stdio.obj
 0001:00001740       ?info_new@?$TSCoreShared@USIMemAlloc@core@UModSys@@D@su@tl@UModSys@@QAE_NPBDI@Z 00402740 f i umodsys_lib_libmedia:umodsys.mod.media.stdio.obj
 0001:000017d0       ?obj_delete@?$TRefObjectLinksModObject@URStreamReader_FILE@stdio@media@modules@UModSys@@UIModObject@base@5@@tl@UModSys@@QBEXPAURStreamReader_FILE@stdio@media@modules@3@@Z 004027d0 f i umodsys_lib_libmedia:umodsys.mod.media.stdio.obj
 0001:000017d0       ?obj_delete@?$TRefObjectLinksModObject@URDataArchiver_OsDir@stdio@media@modules@UModSys@@UIModObject@base@5@@tl@UModSys@@QBEXPAURDataArchiver_OsDir@stdio@media@modules@3@@Z 004027d0 f i umodsys_lib_libmedia:umodsys.mod.media.stdio.obj
 0001:000017d0       ?obj_delete@?$TRefObjectLinksModObject@URStreamWriter_FILE@stdio@media@modules@UModSys@@UIModObject@base@5@@tl@UModSys@@QBEXPAURStreamWriter_FILE@stdio@media@modules@3@@Z 004027d0 f i umodsys_lib_libmedia:umodsys.mod.media.stdio.obj
 0001:00001840       ??$ValidateConstruction@UIStreamReader@libmedia@UModSys@@URStreamReader_FILE@stdio@media@modules@3@@core@UModSys@@YA_NAAU?$TRefObject@UIStreamReader@libmedia@UModSys@@U?$TRefObjectFunc@UIStreamReader@libmedia@UModSys@@@tl@3@@tl@1@PAURStreamReader_FILE@stdio@media@modules@1@@Z 00402840 f i umodsys_lib_libmedia:umodsys.mod.media.stdio.obj
 0001:00001840       ??$ValidateConstruction@UIRefObject@core@UModSys@@URStreamReader_FILE@stdio@media@modules@3@@core@UModSys@@YA_NAAU?$TRefObject@UIRefObject@core@UModSys@@U?$TRefObjectFunc@UIRefObject@core@UModSys@@@tl@3@@tl@1@PAURStreamReader_FILE@stdio@media@modules@1@@Z 00402840 f i umodsys_lib_libmedia:umodsys.mod.media.stdio.obj
 0001:000018d0       ??$yes@U?$TFlags4StateShift@USMediaFlagUid@libmedia@UModSys@@I$09@tl@UModSys@@@SFlags@libmedia@UModSys@@QBE_NABU?$TFlags4State@USMediaFlagUid@libmedia@UModSys@@I@tl@2@@Z 004028d0 f i umodsys_lib_libmedia:umodsys.mod.media.stdio.obj
 0001:00001910       ??$ValidateConstruction@UIRefObject@core@UModSys@@URStreamWriter_FILE@stdio@media@modules@3@@core@UModSys@@YA_NAAU?$TRefObject@UIRefObject@core@UModSys@@U?$TRefObjectFunc@UIRefObject@core@UModSys@@@tl@3@@tl@1@PAURStreamWriter_FILE@stdio@media@modules@1@@Z 00402910 f i umodsys_lib_libmedia:umodsys.mod.media.stdio.obj
 0001:00001910       ??$ValidateConstruction@UIStreamWriter@libmedia@UModSys@@URStreamWriter_FILE@stdio@media@modules@3@@core@UModSys@@YA_NAAU?$TRefObject@UIStreamWriter@libmedia@UModSys@@U?$TRefObjectFunc@UIStreamWriter@libmedia@UModSys@@@tl@3@@tl@1@PAURStreamWriter_FILE@stdio@media@modules@1@@Z 00402910 f i umodsys_lib_libmedia:umodsys.mod.media.stdio.obj
 0001:000019a0       ??$t_gen_param@URStreamReader_FILE@stdio@media@modules@UModSys@@URGenerator@2345@@IGenerator@base@UModSys@@IAE_NPAURGenerator@stdio@media@modules@2@AAU?$TRefObject@UIRefObject@core@UModSys@@U?$TRefObjectFunc@UIRefObject@core@UModSys@@@tl@3@@tl@2@PBUSUniquePointerInfo@core@2@ABUSParameters@core@2@@Z 004029a0 f i umodsys_lib_libmedia:umodsys.mod.media.stdio.obj
 0001:00001a20       ??$t_gen_param@URStreamWriter_FILE@stdio@media@modules@UModSys@@URGenerator@2345@@IGenerator@base@UModSys@@IAE_NPAURGenerator@stdio@media@modules@2@AAU?$TRefObject@UIRefObject@core@UModSys@@U?$TRefObjectFunc@UIRefObject@core@UModSys@@@tl@3@@tl@2@PBUSUniquePointerInfo@core@2@ABUSParameters@core@2@@Z 00402a20 f i umodsys_lib_libmedia:umodsys.mod.media.stdio.obj
 0001:00001a90       ??$t_gen_param@URDataArchiver_OsDir@stdio@media@modules@UModSys@@URGenerator@2345@@IGenerator@base@UModSys@@IAE_NPAURGenerator@stdio@media@modules@2@AAU?$TRefObject@UIRefObject@core@UModSys@@U?$TRefObjectFunc@UIRefObject@core@UModSys@@@tl@3@@tl@2@PBUSUniquePointerInfo@core@2@ABUSParameters@core@2@@Z 00402a90 f i umodsys_lib_libmedia:umodsys.mod.media.stdio.obj
 0001:00001b00       ??1?$TRefObject@UIModObject@base@UModSys@@U?$TModObjectFunc@UIModObject@base@UModSys@@@tl@3@@tl@UModSys@@QAE@XZ 00402b00 f i umodsys_lib_libmedia:umodsys.mod.media.stdio.obj
 0001:00001b20       ??$ValidateConstruction@UIRefObject@core@UModSys@@URDataArchiver_OsDir@stdio@media@modules@3@@core@UModSys@@YA_NAAU?$TRefObject@UIRefObject@core@UModSys@@U?$TRefObjectFunc@UIRefObject@core@UModSys@@@tl@3@@tl@1@PAURDataArchiver_OsDir@stdio@media@modules@1@@Z 00402b20 f i umodsys_lib_libmedia:umodsys.mod.media.stdio.obj
 0001:00001ba0       ?s_set@?$TRefObjectFunc@UIRefObject@core@UModSys@@@tl@UModSys@@SAXAAPAUIRefObject@core@3@PAU453@@Z 00402ba0 f i umodsys_lib_libmedia:umodsys.mod.media.stdio.obj
 0001:00001bc0       ??$safe_snprintf@D@syshlp@core@UModSys@@YAIPADIPBDZZ 00402bc0 f i umodsys_lib_libmedia:umodsys.lib.media.common.obj
 0001:00001bd0       ?get_interface_info@RConsole_std@rsystem@base@UModSys@@UBEABUSUniquePointerInfo@core@4@XZ 00402bd0 f i umodsys_lib_basesys:umodsys.basesys.rconsole_std.obj
 0001:00001be0       ?get_interface_type@RConsole_std@rsystem@base@UModSys@@UBEPBUSUniquePointerInfo@core@4@XZ 00402be0 f i umodsys_lib_basesys:umodsys.basesys.rconsole_std.obj
 0001:00001bf0       ?get_other_interface@RConsole_std@rsystem@base@UModSys@@UAEPAUIRoot@core@4@PBUSUniquePointerInfo@64@@Z 00402bf0 f i umodsys_lib_basesys:umodsys.basesys.rconsole_std.obj
 0001:00001bf0       ?get_other_interface@RConsole_std@rsystem@base@UModSys@@UBEPBUIRoot@core@4@PBUSUniquePointerInfo@64@@Z 00402bf0 f i umodsys_lib_basesys:umodsys.basesys.rconsole_std.obj
 0001:00001c20       ??_ERConsole_std@rsystem@base@UModSys@@UAEPAXI@Z 00402c20 f i  CIL library: CIL module
 0001:00001c20       ??_GRConsole_std@rsystem@base@UModSys@@UAEPAXI@Z 00402c20 f i umodsys_lib_basesys:umodsys.basesys.rconsole_std.obj
 0001:00001c40       ??_GIConsole@base@UModSys@@UAEPAXI@Z 00402c40 f i umodsys_lib_basesys:umodsys.basesys.rconsole_std.obj
 0001:00001c40       ??_EIConsole@base@UModSys@@UAEPAXI@Z 00402c40 f i  CIL library: CIL module
 0001:00001c60       ?mem_free@SMemAlloc_Malloc@core@UModSys@@SAXPAXPBUSSourceContext@23@@Z 00402c60 f i umodsys_lib_basesys:umodsys.basesys.rsystem_main.obj
 0001:00001c80       ?decode_error@EExceptionBase@core@UModSys@@UBEHPADI@Z 00402c80 f i umodsys_lib_basesys:umodsys.basesys.rsystem_main.obj
 0001:00001cb0       ??_EEExceptionBase@core@UModSys@@UAEPAXI@Z 00402cb0 f i  CIL library: CIL module
 0001:00001cb0       ??_EEWarning@core@UModSys@@UAEPAXI@Z 00402cb0 f i  CIL library: CIL module
 0001:00001cb0       ??_GEExceptionBase@core@UModSys@@UAEPAXI@Z 00402cb0 f i umodsys_lib_basesys:umodsys.basesys.rsystem_main.obj
 0001:00001cb0       ??_GEFatal@core@UModSys@@UAEPAXI@Z 00402cb0 f i umodsys_lib_basesys:umodsys.basesys.rsystem_main.obj
 0001:00001cb0       ??_GEWarning@core@UModSys@@UAEPAXI@Z 00402cb0 f i umodsys_lib_basesys:umodsys.basesys.rsystem_main.obj
 0001:00001cb0       ??_EEFatal@core@UModSys@@UAEPAXI@Z 00402cb0 f i  CIL library: CIL module
 0001:00001cd0       ?decode_error@EFatal@core@UModSys@@UBEHPADI@Z 00402cd0 f i umodsys_lib_basesys:umodsys.basesys.rsystem_main.obj
 0001:00001d00       ??1EFatal@core@UModSys@@UAE@XZ 00402d00 f i umodsys_lib_basesys:umodsys.basesys.rsystem_main.obj
 0001:00001d00       ??1EWarning@core@UModSys@@UAE@XZ 00402d00 f i umodsys_lib_basesys:umodsys.basesys.rsystem_main.obj
 0001:00001d10       ??0EWarning@core@UModSys@@QAE@PBUSSourceContext@12@HPBD@Z 00402d10 f i umodsys_lib_basesys:umodsys.basesys.rsystem_main.obj
 0001:00001d50       ?decode_error@EWarning@core@UModSys@@UBEHPADI@Z 00402d50 f i umodsys_lib_basesys:umodsys.basesys.rsystem_main.obj
 0001:00001d80       ?get_interface_info@ISystem@base@UModSys@@UBEABUSUniquePointerInfo@core@3@XZ 00402d80 f i umodsys_lib_basesys:umodsys.basesys.rsystem_main.obj
 0001:00001d90       ?get_interface_type@ISystem@base@UModSys@@UBEPBUSUniquePointerInfo@core@3@XZ 00402d90 f i umodsys_lib_basesys:umodsys.basesys.rsystem_main.obj
 0001:00001da0       ?get_other_interface@ISystem@base@UModSys@@UBEPBUIRoot@core@3@PBUSUniquePointerInfo@53@@Z 00402da0 f i umodsys_lib_basesys:umodsys.basesys.rsystem_main.obj
 0001:00001da0       ?get_other_interface@ISystem@base@UModSys@@UAEPAUIRoot@core@3@PBUSUniquePointerInfo@53@@Z 00402da0 f i umodsys_lib_basesys:umodsys.basesys.rsystem_main.obj
 0001:00001dc0       ?get_interface_info@RSystem@rsystem@base@UModSys@@UBEABUSUniquePointerInfo@core@4@XZ 00402dc0 f i umodsys_lib_basesys:umodsys.basesys.rsystem_main.obj
 0001:00001dd0       ?get_interface_type@RSystem@rsystem@base@UModSys@@UBEPBUSUniquePointerInfo@core@4@XZ 00402dd0 f i umodsys_lib_basesys:umodsys.basesys.rsystem_main.obj
 0001:00001de0       ?get_other_interface@RSystem@rsystem@base@UModSys@@UAEPAUIRoot@core@4@PBUSUniquePointerInfo@64@@Z 00402de0 f i umodsys_lib_basesys:umodsys.basesys.rsystem_main.obj
 0001:00001de0       ?get_other_interface@RSystem@rsystem@base@UModSys@@UBEPBUIRoot@core@4@PBUSUniquePointerInfo@64@@Z 00402de0 f i umodsys_lib_basesys:umodsys.basesys.rsystem_main.obj
 0001:00001e00       ??_GRSystem@rsystem@base@UModSys@@UAEPAXI@Z 00402e00 f i umodsys_lib_basesys:umodsys.basesys.rsystem_main.obj
 0001:00001e00       ??_ERSystem@rsystem@base@UModSys@@UAEPAXI@Z 00402e00 f i  CIL library: CIL module
 0001:00001e20       ??_EISystem@base@UModSys@@UAEPAXI@Z 00402e20 f i  CIL library: CIL module
 0001:00001e20       ??_GISystem@base@UModSys@@UAEPAXI@Z 00402e20 f i umodsys_lib_basesys:umodsys.basesys.rsystem_main.obj
 0001:00001e40       ??1?$TStaticStringPool@DU?$TComparerBinaryHash@D@su@tl@UModSys@@USMemAlloc_Malloc@core@4@@tl@UModSys@@QAE@XZ 00402e40 f i umodsys_lib_basesys:umodsys.basesys.rsystem_main.obj
 0001:00001e50       ??1?$TQuantArrayUnique@USUniquePointerInfo@core@UModSys@@$0BAA@USMemAlloc_Malloc@23@@tl@UModSys@@QAE@XZ 00402e50 f i umodsys_lib_basesys:umodsys.basesys.rsystem_main.obj
 0001:00001e50       ??1?$TQuantArrayUnique@USSourceContext@core@UModSys@@$0BAA@USMemAlloc_Malloc@23@@tl@UModSys@@QAE@XZ 00402e50 f i umodsys_lib_basesys:umodsys.basesys.rsystem_main.obj
 0001:00001ed0       ??1?$TTreeHoldRBD@U?$TQuantArrayNode@USUniquePointerInfo@core@UModSys@@$0BAA@@tl@UModSys@@U?$TNodeDeleter@U?$TQuantArrayNode@USUniquePointerInfo@core@UModSys@@$0BAA@@tl@UModSys@@USMemAlloc_Malloc@core@3@@23@@tl@UModSys@@QAE@XZ 00402ed0 f i umodsys_lib_basesys:umodsys.basesys.rsystem_main.obj
 0001:00001ed0       ??1?$TTreeHoldRBD@U?$TQuantArrayNode@USSourceContext@core@UModSys@@$0BAA@@tl@UModSys@@U?$TNodeDeleter@U?$TQuantArrayNode@USSourceContext@core@UModSys@@$0BAA@@tl@UModSys@@USMemAlloc_Malloc@core@3@@23@@tl@UModSys@@QAE@XZ 00402ed0 f i umodsys_lib_basesys:umodsys.basesys.rsystem_main.obj
 0001:00001f20       ??0?$TRMemAlloc_CC@U?$TMemAllocHeader@USMagic@mem_headers@rsystem@base@UModSys@@U?$TPool@X@2345@USDebug@2345@UVoid@core@5@U895@@rsystem@base@UModSys@@USMemAlloc_Malloc@core@4@@rsystem@base@UModSys@@QAE@PAUIExceptionHandler@core@3@@Z 00402f20 f i umodsys_lib_basesys:umodsys.basesys.rsystem_main.obj
 0001:00001f40       ??1?$TRMemAlloc_CC@U?$TMemAllocHeader@USMagic@mem_headers@rsystem@base@UModSys@@U?$TPool@X@2345@USDebug@2345@UVoid@core@5@U895@@rsystem@base@UModSys@@USMemAlloc_Malloc@core@4@@rsystem@base@UModSys@@QAE@XZ 00402f40 f i umodsys_lib_basesys:umodsys.basesys.rsystem_main.obj
 0001:00001f50       ?mem_alloc@?$TRMemAlloc_CC@U?$TMemAllocHeader@USMagic@mem_headers@rsystem@base@UModSys@@U?$TPool@X@2345@USDebug@2345@UVoid@core@5@U895@@rsystem@base@UModSys@@USMemAlloc_Malloc@core@4@@rsystem@base@UModSys@@UAEPAXIPBUSSourceContext@core@4@@Z 00402f50 f i umodsys_lib_basesys:umodsys.basesys.rsystem_main.obj
 0001:00001fb0       ?mem_realloc@?$TRMemAlloc_CC@U?$TMemAllocHeader@USMagic@mem_headers@rsystem@base@UModSys@@U?$TPool@X@2345@USDebug@2345@UVoid@core@5@U895@@rsystem@base@UModSys@@USMemAlloc_Malloc@core@4@@rsystem@base@UModSys@@UAEPAXPAXIPBUSSourceContext@core@4@@Z 00402fb0 f i umodsys_lib_basesys:umodsys.basesys.rsystem_main.obj
 0001:00002170       ?mem_free@?$TRMemAlloc_CC@U?$TMemAllocHeader@USMagic@mem_headers@rsystem@base@UModSys@@U?$TPool@X@2345@USDebug@2345@UVoid@core@5@U895@@rsystem@base@UModSys@@USMemAlloc_Malloc@core@4@@rsystem@base@UModSys@@UAEXPAXPBUSSourceContext@core@4@@Z 00403170 f i umodsys_lib_basesys:umodsys.basesys.rsystem_main.obj
 0001:00002260       ?free@?$TStaticStringPool@DU?$TComparerBinaryHash@D@su@tl@UModSys@@USMemAlloc_Malloc@core@4@@tl@UModSys@@QAEXXZ 00403260 f i umodsys_lib_basesys:umodsys.basesys.rsystem_main.obj
 0001:000022b0       ?clear@?$TMemAllocHeader@USMagic@mem_headers@rsystem@base@UModSys@@U?$TPool@X@2345@USDebug@2345@UVoid@core@5@U895@@rsystem@base@UModSys@@QAEXXZ 004032b0 f i umodsys_lib_basesys:umodsys.basesys.rsystem_main.obj
 0001:000022e0       ?persist_ctx@?$TRMemAlloc_CC@U?$TMemAllocHeader@USMagic@mem_headers@rsystem@base@UModSys@@U?$TPool@X@2345@USDebug@2345@UVoid@core@5@U895@@rsystem@base@UModSys@@USMemAlloc_Malloc@core@4@@rsystem@base@UModSys@@QAEPBUSSourceContext@core@4@PBU564@@Z 004032e0 f i umodsys_lib_basesys:umodsys.basesys.rsystem_main.obj
 0001:000022f0       ??$process@UEFatal@core@UModSys@@@IExceptionHandler@core@UModSys@@QAEXABUEFatal@12@@Z 004032f0 f i umodsys_lib_basesys:umodsys.basesys.rsystem_main.obj
 0001:00002340       ??$process@UEWarning@core@UModSys@@@IExceptionHandler@core@UModSys@@QAEXABUEWarning@12@@Z 00403340 f i umodsys_lib_basesys:umodsys.basesys.rsystem_main.obj
 0001:00002390       ??$process_nodes_r@U?$TNodeDeleter@U?$TQuantArrayNode@USSourceContext@core@UModSys@@$0BAA@@tl@UModSys@@USMemAlloc_Malloc@core@3@@tl@UModSys@@@?$TTreeHoldRB@U?$TQuantArrayNode@USSourceContext@core@UModSys@@$0BAA@@tl@UModSys@@@tl@UModSys@@KAHPAU?$TQuantArrayNode@USSourceContext@core@UModSys@@$0BAA@@12@ABU?$TNodeDeleter@U?$TQuantArrayNode@USSourceContext@core@UModSys@@$0BAA@@tl@UModSys@@USMemAlloc_Malloc@core@3@@12@@Z 00403390 f i umodsys_lib_basesys:umodsys.basesys.rsystem_main.obj
 0001:00002390       ??$process_nodes_r@U?$TNodeDeleter@U?$TQuantArrayNode@USUniquePointerInfo@core@UModSys@@$0BAA@@tl@UModSys@@USMemAlloc_Malloc@core@3@@tl@UModSys@@@?$TTreeHoldRB@U?$TQuantArrayNode@USUniquePointerInfo@core@UModSys@@$0BAA@@tl@UModSys@@@tl@UModSys@@KAHPAU?$TQuantArrayNode@USUniquePointerInfo@core@UModSys@@$0BAA@@12@ABU?$TNodeDeleter@U?$TQuantArrayNode@USUniquePointerInfo@core@UModSys@@$0BAA@@tl@UModSys@@USMemAlloc_Malloc@core@3@@12@@Z 00403390 f i umodsys_lib_basesys:umodsys.basesys.rsystem_main.obj
 0001:000023e0       ??0EFatal@core@UModSys@@QAE@ABU012@@Z 004033e0 f i umodsys_lib_basesys:umodsys.basesys.rsystem_main.obj
 0001:00002420       ??0EExceptionBase@core@UModSys@@QAE@ABU012@@Z 00403420 f i umodsys_lib_basesys:umodsys.basesys.rsystem_main.obj
 0001:00002450       ??0EWarning@core@UModSys@@QAE@ABU012@@Z 00403450 f i umodsys_lib_basesys:umodsys.basesys.rsystem_main.obj
 0001:00002490       ??1?$TParametersA@$0EAA@@core@UModSys@@QAE@XZ 00403490 f i umodsys_lib_basesys:umodsys.basesys.rsystem_tests.obj
 0001:000024a0       ??$t_moduledb_generate@UIShell@base@UModSys@@@IModuleLoader@base@UModSys@@QAE_NAAU?$TRefObject@UIShell@base@UModSys@@U?$TRefObjectFunc@UIShell@base@UModSys@@@tl@3@@tl@2@PBUSUniquePointerInfo@core@2@ABUSParameters@62@@Z 004034a0 f i umodsys_lib_basesys:umodsys.basesys.rsystem_tests.obj
 0001:00002570       ??1?$TRefObject@UIShell@base@UModSys@@U?$TRefObjectFunc@UIShell@base@UModSys@@@tl@3@@tl@UModSys@@QAE@XZ 00403570 f i umodsys_lib_basesys:umodsys.basesys.rsystem_tests.obj
 0001:00002570       ??1?$TRefObject@UIRefObject@core@UModSys@@U?$TRefObjectFunc@UIRefObject@core@UModSys@@@tl@3@@tl@UModSys@@QAE@XZ 00403570 f i umodsys_lib_basesys:umodsys.basesys.rsystem_tests.obj
 0001:00002570       ??1?$TRefObject@UIStreamReader@libmedia@UModSys@@U?$TRefObjectFunc@UIStreamReader@libmedia@UModSys@@@tl@3@@tl@UModSys@@QAE@XZ 00403570 f i umodsys_lib_libmedia:umodsys.mod.media.stdio.obj
 0001:00002570       ??1?$TRefObject@URStreamWriter_FILE@stdio@media@modules@UModSys@@U?$TRefObjectFunc@URStreamWriter_FILE@stdio@media@modules@UModSys@@@tl@5@@tl@UModSys@@QAE@XZ 00403570 f i umodsys_lib_libmedia:umodsys.mod.media.stdio.obj
 0001:00002570       ??1?$TRefObject@UIStreamWriter@libmedia@UModSys@@U?$TRefObjectFunc@UIStreamWriter@libmedia@UModSys@@@tl@3@@tl@UModSys@@QAE@XZ 00403570 f i umodsys_lib_libmedia:umodsys.mod.media.stdio.obj
 0001:00002570       ??1?$TRefObject@URParameters@rsystem@base@UModSys@@U?$TRefObjectFunc@URParameters@rsystem@base@UModSys@@@tl@4@@tl@UModSys@@QAE@XZ 00403570 f i umodsys_lib_basesys:umodsys.basesys.rsystem_main.obj
 0001:00002570       ??1?$TRefObject@URModuleLibrarySO@rsystem@base@UModSys@@U?$TRefObjectFunc@URModuleLibrarySO@rsystem@base@UModSys@@@tl@4@@tl@UModSys@@QAE@XZ 00403570 f i umodsys_lib_basesys:umodsys.basesys.rmoduleloader.obj
 0001:00002570       ??1?$TRefObject@URDataArchiver_OsDir@stdio@media@modules@UModSys@@U?$TRefObjectFunc@URDataArchiver_OsDir@stdio@media@modules@UModSys@@@tl@5@@tl@UModSys@@QAE@XZ 00403570 f i umodsys_lib_libmedia:umodsys.mod.media.stdio.obj
 0001:00002570       ??1?$TRefObject@UIModuleLibraryUni@rsystem@base@UModSys@@U?$TRefObjectFunc@UIModuleLibraryUni@rsystem@base@UModSys@@@tl@4@@tl@UModSys@@QAE@XZ 00403570 f i umodsys_lib_basesys:umodsys.basesys.rmodule.obj
 0001:00002570       ??1?$TRefObject@URStreamReader_FILE@stdio@media@modules@UModSys@@U?$TRefObjectFunc@URStreamReader_FILE@stdio@media@modules@UModSys@@@tl@5@@tl@UModSys@@QAE@XZ 00403570 f i umodsys_lib_libmedia:umodsys.mod.media.stdio.obj
 0001:00002590       ??_GRModuleLoader@rsystem@base@UModSys@@UAEPAXI@Z 00403590 f i umodsys_lib_basesys:umodsys.basesys.rmoduleloader.obj
 0001:00002590       ??_ERModuleLoader@rsystem@base@UModSys@@UAEPAXI@Z 00403590 f i  CIL library: CIL module
 0001:000025b0       ??_GIModuleLoader@base@UModSys@@UAEPAXI@Z 004035b0 f i umodsys_lib_basesys:umodsys.basesys.rmoduleloader.obj
 0001:000025b0       ??_EIModuleLoader@base@UModSys@@UAEPAXI@Z 004035b0 f i  CIL library: CIL module
 0001:000025d0       ??1?$TDynarrayDynamic@U?$TRefObject@URModuleLibrarySO@rsystem@base@UModSys@@U?$TRefObjectFunc@URModuleLibrarySO@rsystem@base@UModSys@@@tl@4@@tl@UModSys@@U?$TAllocator@USMemAlloc_Malloc@core@UModSys@@USCountCalcPower2@23@@23@@tl@UModSys@@QAE@XZ 004035d0 f i umodsys_lib_basesys:umodsys.basesys.rmoduleloader.obj
 0001:00002620       ?append@?$TStaticStringPool@DU?$TComparerBinaryHash@D@su@tl@UModSys@@USMemAlloc_Malloc@core@4@@tl@UModSys@@QAEPBU?$TString@U?$TSCoreConst@D@su@tl@UModSys@@U?$TComparerBinaryHash@D@234@@23@PBDI@Z 00403620 f i umodsys_lib_basesys:umodsys.basesys.rmoduleloader.obj
 0001:000027e0       ?ResizeRel@?$TDynarray@U?$TDynarrayHolderDynamic@U?$TRefObject@URModuleLibrarySO@rsystem@base@UModSys@@U?$TRefObjectFunc@URModuleLibrarySO@rsystem@base@UModSys@@@tl@4@@tl@UModSys@@U?$TAllocator@USMemAlloc_Malloc@core@UModSys@@USCountCalcPower2@23@@23@@tl@UModSys@@@tl@UModSys@@QAE_NH@Z 004037e0 f i umodsys_lib_basesys:umodsys.basesys.rmoduleloader.obj
 0001:000027e0       ?ResizeRel@?$TDynarray@U?$TDynarrayHolderDynamic@U?$TRefObject@URModule@rsystem@base@UModSys@@U?$TRefObjectFunc@URModule@rsystem@base@UModSys@@@tl@4@@tl@UModSys@@U?$TAllocator@USMemAlloc_Malloc@core@UModSys@@USCountCalcPower2@23@@23@@tl@UModSys@@@tl@UModSys@@QAE_NH@Z 004037e0 f i umodsys_lib_basesys:umodsys.basesys.rmodulelib.obj
 0001:00002850       ?amoveright@?$TTypeConstructor@U?$TRefObject@URModuleLibrarySO@rsystem@base@UModSys@@U?$TRefObjectFunc@URModuleLibrarySO@rsystem@base@UModSys@@@tl@4@@tl@UModSys@@@tl@UModSys@@SAXPAU?$TRefObject@URModuleLibrarySO@rsystem@base@UModSys@@U?$TRefObjectFunc@URModuleLibrarySO@rsystem@base@UModSys@@@tl@4@@23@III@Z 00403850 f i umodsys_lib_basesys:umodsys.basesys.rmoduleloader.obj
 0001:000028e0       ?find_s@?$TStaticStringPool@DU?$TComparerBinaryHash@D@su@tl@UModSys@@USMemAlloc_Malloc@core@4@@tl@UModSys@@QBEPBU?$TString@U?$TSCoreConst@D@su@tl@UModSys@@U?$TComparerBinaryHash@D@234@@23@ABU423@@Z 004038e0 f i umodsys_lib_basesys:umodsys.basesys.rmoduleloader.obj
 0001:00002970       ?get_interface_info@RModuleLibraryThis@rsystem@base@UModSys@@UBEABUSUniquePointerInfo@core@4@XZ 00403970 f i umodsys_lib_basesys:umodsys.basesys.rmodulelibthis.obj
 0001:00002980       ?get_interface_type@RModuleLibraryThis@rsystem@base@UModSys@@UBEPBUSUniquePointerInfo@core@4@XZ 00403980 f i umodsys_lib_basesys:umodsys.basesys.rmodulelibthis.obj
 0001:00002990       ?get_other_interface@RModuleLibraryThis@rsystem@base@UModSys@@UBEPBUIRoot@core@4@PBUSUniquePointerInfo@64@@Z 00403990 f i umodsys_lib_basesys:umodsys.basesys.rmodulelibthis.obj
 0001:00002990       ?get_other_interface@RModuleLibraryThis@rsystem@base@UModSys@@UAEPAUIRoot@core@4@PBUSUniquePointerInfo@64@@Z 00403990 f i umodsys_lib_basesys:umodsys.basesys.rmodulelibthis.obj
 0001:000029d0       ?ref_add@RModuleLibraryThis@rsystem@base@UModSys@@UBEXXZ 004039d0 f i umodsys_lib_basesys:umodsys.basesys.rmodulelibthis.obj
 0001:000029e0       ?ref_remove@RModuleLibraryThis@rsystem@base@UModSys@@UBEXXZ 004039e0 f i umodsys_lib_basesys:umodsys.basesys.rmodulelibthis.obj
 0001:000029f0       ?ref_links@RModuleLibraryThis@rsystem@base@UModSys@@UBEHXZ 004039f0 f i umodsys_lib_basesys:umodsys.basesys.rmodulelibthis.obj
 0001:00002a00       ?ref_weak@RModuleLibraryThis@rsystem@base@UModSys@@UBE_NAAUWeakPointer@IRefObject@core@4@@Z 00403a00 f i umodsys_lib_basesys:umodsys.basesys.rmodulelibthis.obj
 0001:00002a20       ?suicide@RParameters@rsystem@base@UModSys@@UAEXXZ 00403a20 f i umodsys_lib_basesys:umodsys.basesys.rparameters.obj
 0001:00002a20       ?suicide@RModuleLibrarySO@rsystem@base@UModSys@@UAEXXZ 00403a20 f i umodsys_lib_basesys:umodsys.basesys.rmodulelibso.obj
 0001:00002a20       ?suicide@RModuleLibraryThis@rsystem@base@UModSys@@UAEXXZ 00403a20 f i umodsys_lib_basesys:umodsys.basesys.rmodulelibthis.obj
 0001:00002a30       ??_GRModuleLibraryThis@rsystem@base@UModSys@@UAEPAXI@Z 00403a30 f i umodsys_lib_basesys:umodsys.basesys.rmodulelibthis.obj
 0001:00002a30       ??_ERModuleLibraryThis@rsystem@base@UModSys@@UAEPAXI@Z 00403a30 f i  CIL library: CIL module
 0001:00002a50       ??_GIModuleLibraryUni@rsystem@base@UModSys@@UAEPAXI@Z 00403a50 f i umodsys_lib_basesys:umodsys.basesys.rmodulelib.obj
 0001:00002a50       ??_EIModuleLibraryUni@rsystem@base@UModSys@@UAEPAXI@Z 00403a50 f i  CIL library: CIL module
 0001:00002a70       ??_EIModuleLibrary@base@UModSys@@UAEPAXI@Z 00403a70 f i  CIL library: CIL module
 0001:00002a70       ??_GIModuleLibrary@base@UModSys@@UAEPAXI@Z 00403a70 f i umodsys_lib_basesys:umodsys.basesys.rmodulelib.obj
 0001:00002a90       ?check_leaks@?$TRMemAlloc_CC@U?$TMemAllocHeader@USMagic@mem_headers@rsystem@base@UModSys@@U?$TPool@X@2345@USDebug@2345@UVoid@core@5@U895@@rsystem@base@UModSys@@USMemAlloc_Malloc@core@4@@rsystem@base@UModSys@@QAEI_NPAUIExceptionHandler@core@4@@Z 00403a90 f i umodsys_lib_basesys:umodsys.basesys.rmodulelib.obj
 0001:00002b10       ?ReLink@?$TDynarray@U?$TDynarrayHolderDynamic@PBUSUniquePointerInfo@core@UModSys@@U?$TAllocator@USMemAlloc_Malloc@core@UModSys@@USCountCalcPower2@23@@tl@3@@tl@UModSys@@@tl@UModSys@@IAE_NI@Z 00403b10 f i umodsys_lib_basesys:umodsys.basesys.rmodule.obj
 0001:00002b10       ?ReLink@?$TDynarray@U?$TDynarrayHolderDynamic@U?$TRefObject@URModuleLibrarySO@rsystem@base@UModSys@@U?$TRefObjectFunc@URModuleLibrarySO@rsystem@base@UModSys@@@tl@4@@tl@UModSys@@U?$TAllocator@USMemAlloc_Malloc@core@UModSys@@USCountCalcPower2@23@@23@@tl@UModSys@@@tl@UModSys@@IAE_NI@Z 00403b10 f i umodsys_lib_basesys:umodsys.basesys.rmoduleloader.obj
 0001:00002b10       ?ReLink@?$TDynarray@U?$TDynarrayHolderDynamic@U?$TRefObject@URModule@rsystem@base@UModSys@@U?$TRefObjectFunc@URModule@rsystem@base@UModSys@@@tl@4@@tl@UModSys@@U?$TAllocator@USMemAlloc_Malloc@core@UModSys@@USCountCalcPower2@23@@23@@tl@UModSys@@@tl@UModSys@@IAE_NI@Z 00403b10 f i umodsys_lib_basesys:umodsys.basesys.rmodulelib.obj
 0001:00002b60       ?adestruct@?$TTypeConstructor@U?$TRefObject@URModule@rsystem@base@UModSys@@U?$TRefObjectFunc@URModule@rsystem@base@UModSys@@@tl@4@@tl@UModSys@@@tl@UModSys@@SAXPAU?$TRefObject@URModule@rsystem@base@UModSys@@U?$TRefObjectFunc@URModule@rsystem@base@UModSys@@@tl@4@@23@I@Z 00403b60 f i umodsys_lib_basesys:umodsys.basesys.rmodulelib.obj
 0001:00002b60       ?adestruct@?$TTypeConstructor@U?$TRefObject@URModuleLibrarySO@rsystem@base@UModSys@@U?$TRefObjectFunc@URModuleLibrarySO@rsystem@base@UModSys@@@tl@4@@tl@UModSys@@@tl@UModSys@@SAXPAU?$TRefObject@URModuleLibrarySO@rsystem@base@UModSys@@U?$TRefObjectFunc@URModuleLibrarySO@rsystem@base@UModSys@@@tl@4@@23@I@Z 00403b60 f i umodsys_lib_basesys:umodsys.basesys.rmoduleloader.obj
 0001:00002ba0       ?add@?$TQuantArrayUnique@USUniquePointerInfo@core@UModSys@@$0BAA@USMemAlloc_Malloc@23@@tl@UModSys@@QAEPAUSUniquePointerInfo@core@3@ABU453@@Z 00403ba0 f i umodsys_lib_basesys:umodsys.basesys.rsystem.obj
 0001:00002ba0       ?add@?$TQuantArrayUnique@USSourceContext@core@UModSys@@$0BAA@USMemAlloc_Malloc@23@@tl@UModSys@@QAEPAUSSourceContext@core@3@ABU453@@Z 00403ba0 f i umodsys_lib_basesys:umodsys.basesys.rsystem.obj
 0001:00002d30       ?find@?$TQuantArrayUnique@USUniquePointerInfo@core@UModSys@@$0BAA@USMemAlloc_Malloc@23@@tl@UModSys@@QAEPBUSUniquePointerInfo@core@3@ABU453@@Z 00403d30 f i umodsys_lib_basesys:umodsys.basesys.rsystem.obj
 0001:00002d30       ?find@?$TQuantArrayUnique@USSourceContext@core@UModSys@@$0BAA@USMemAlloc_Malloc@23@@tl@UModSys@@QAEPBUSSourceContext@core@3@ABU453@@Z 00403d30 f i umodsys_lib_basesys:umodsys.basesys.rsystem.obj
 0001:00002e20       ?insert_color@?$TTreeHoldRB@U?$TQuantArrayNode@USSourceContext@core@UModSys@@$0BAA@@tl@UModSys@@@tl@UModSys@@IAEXPAU?$TQuantArrayNode@USSourceContext@core@UModSys@@$0BAA@@23@@Z 00403e20 f i umodsys_lib_basesys:umodsys.basesys.rsystem.obj
 0001:00002e20       ?insert_color@?$TTreeHoldRB@U?$TQuantArrayNode@USUniquePointerInfo@core@UModSys@@$0BAA@@tl@UModSys@@@tl@UModSys@@IAEXPAU?$TQuantArrayNode@USUniquePointerInfo@core@UModSys@@$0BAA@@23@@Z 00403e20 f i umodsys_lib_basesys:umodsys.basesys.rsystem.obj
 0001:00002fc0       ?get_interface_info@RParameters@rsystem@base@UModSys@@UBEABUSUniquePointerInfo@core@4@XZ 00403fc0 f i umodsys_lib_basesys:umodsys.basesys.rparameters.obj
 0001:00002fd0       ?get_interface_type@RParameters@rsystem@base@UModSys@@UBEPBUSUniquePointerInfo@core@4@XZ 00403fd0 f i umodsys_lib_basesys:umodsys.basesys.rparameters.obj
 0001:00002fe0       ?get_other_interface@RParameters@rsystem@base@UModSys@@UAEPAUIRoot@core@4@PBUSUniquePointerInfo@64@@Z 00403fe0 f i umodsys_lib_basesys:umodsys.basesys.rparameters.obj
 0001:00002fe0       ?get_other_interface@RParameters@rsystem@base@UModSys@@UBEPBUIRoot@core@4@PBUSUniquePointerInfo@64@@Z 00403fe0 f i umodsys_lib_basesys:umodsys.basesys.rparameters.obj
 0001:00003010       ?ref_add@RParameters@rsystem@base@UModSys@@UBEXXZ 00404010 f i umodsys_lib_basesys:umodsys.basesys.rparameters.obj
 0001:00003020       ?ref_remove@RParameters@rsystem@base@UModSys@@UBEXXZ 00404020 f i umodsys_lib_basesys:umodsys.basesys.rparameters.obj
 0001:00003030       ?ref_links@RParameters@rsystem@base@UModSys@@UBEHXZ 00404030 f i umodsys_lib_basesys:umodsys.basesys.rparameters.obj
 0001:00003040       ?ref_weak@RParameters@rsystem@base@UModSys@@UBE_NAAUWeakPointer@IRefObject@core@4@@Z 00404040 f i umodsys_lib_basesys:umodsys.basesys.rparameters.obj
 0001:00003060       ??_GRParameters@rsystem@base@UModSys@@UAEPAXI@Z 00404060 f i umodsys_lib_basesys:umodsys.basesys.rparameters.obj
 0001:00003060       ??_ERParameters@rsystem@base@UModSys@@UAEPAXI@Z 00404060 f i  CIL library: CIL module
 0001:00003080       ??$shash@D@su@tl@UModSys@@YAHPBD@Z 00404080 f i umodsys_lib_basesys:umodsys.basesys.rparameters.obj
 0001:000030a0       ??$t_free@UIMemAlloc@core@UModSys@@@SMemChunk@core@UModSys@@QAE_NAAUIMemAlloc@12@PBUSSourceContext@12@@Z 004040a0 f i umodsys_lib_basesys:umodsys.basesys.rparameters.obj
 0001:000030c0       ??$t_alloc@UIMemAlloc@core@UModSys@@@SMemChunk@core@UModSys@@QAE_NAAUIMemAlloc@12@IPBUSSourceContext@12@@Z 004040c0 f i umodsys_lib_basesys:umodsys.basesys.rparameters.obj
 0001:00003100       ??0?$UniPath@$0CAAA@@syshlp@core@UModSys@@QAE@PB_W@Z 00404100 f i umodsys_lib_basesys:umodsys.basesys.rmodule.win32.obj
 0001:00003140       ?set@?$U8String@$0CAAA@@syshlp@core@UModSys@@QAEXPB_W@Z 00404140 f i umodsys_lib_basesys:umodsys.basesys.rmodule.win32.obj
 0001:00003170       ?get_interface_info@RModule@rsystem@base@UModSys@@UBEABUSUniquePointerInfo@core@4@XZ 00404170 f i umodsys_lib_basesys:umodsys.basesys.rmodule.obj
 0001:00003180       ?get_interface_type@RModule@rsystem@base@UModSys@@UBEPBUSUniquePointerInfo@core@4@XZ 00404180 f i umodsys_lib_basesys:umodsys.basesys.rmodule.obj
 0001:00003190       ?get_interface_types@RConsole_std@rsystem@base@UModSys@@UBEIAAUSUniquePtrList@core@4@@Z 00404190 f i umodsys_lib_basesys:umodsys.basesys.rconsole_std.obj
 0001:00003190       ?get_interface_types@RModuleLibraryThis@rsystem@base@UModSys@@UBEIAAUSUniquePtrList@core@4@@Z 00404190 f i umodsys_lib_basesys:umodsys.basesys.rmodulelibthis.obj
 0001:00003190       ?get_interface_types@RModuleLibrarySO@rsystem@base@UModSys@@UBEIAAUSUniquePtrList@core@4@@Z 00404190 f i umodsys_lib_basesys:umodsys.basesys.rmodulelibso.obj
 0001:00003190       ?get_interface_types@RStreamWriter_FILE@stdio@media@modules@UModSys@@UBEIAAUSUniquePtrList@core@5@@Z 00404190 f i umodsys_lib_libmedia:umodsys.mod.media.stdio.obj
 0001:00003190       ?get_interface_types@ISystem@base@UModSys@@UBEIAAUSUniquePtrList@core@3@@Z 00404190 f i umodsys_lib_basesys:umodsys.basesys.rsystem_main.obj
 0001:00003190       ?get_interface_types@RSystem@rsystem@base@UModSys@@UBEIAAUSUniquePtrList@core@4@@Z 00404190 f i umodsys_lib_basesys:umodsys.basesys.rsystem_main.obj
 0001:00003190       ?get_interface_types@RModule@rsystem@base@UModSys@@UBEIAAUSUniquePtrList@core@4@@Z 00404190 f i umodsys_lib_basesys:umodsys.basesys.rmodule.obj
 0001:00003190       ?get_interface_types@RStreamReader_FILE@stdio@media@modules@UModSys@@UBEIAAUSUniquePtrList@core@5@@Z 00404190 f i umodsys_lib_libmedia:umodsys.mod.media.stdio.obj
 0001:00003190       ?get_interface_types@RDataArchiver_OsDir@stdio@media@modules@UModSys@@UBEIAAUSUniquePtrList@core@5@@Z 00404190 f i umodsys_lib_libmedia:umodsys.mod.media.stdio.obj
 0001:00003190       ?get_interface_types@RGenerator@stdio@media@modules@UModSys@@UBEIAAUSUniquePtrList@core@5@@Z 00404190 f i umodsys_lib_libmedia:umodsys.mod.media.stdio.obj
 0001:00003190       ?get_interface_types@RParameters@rsystem@base@UModSys@@UBEIAAUSUniquePtrList@core@4@@Z 00404190 f i umodsys_lib_basesys:umodsys.basesys.rparameters.obj
 0001:000031a0       ?get_other_interface@RModule@rsystem@base@UModSys@@UAEPAUIRoot@core@4@PBUSUniquePointerInfo@64@@Z 004041a0 f i umodsys_lib_basesys:umodsys.basesys.rmodule.obj
 0001:000031a0       ?get_other_interface@RModule@rsystem@base@UModSys@@UBEPBUIRoot@core@4@PBUSUniquePointerInfo@64@@Z 004041a0 f i umodsys_lib_basesys:umodsys.basesys.rmodule.obj
 0001:000031d0       ?ref_add@RModule@rsystem@base@UModSys@@UBEXXZ 004041d0 f i umodsys_lib_basesys:umodsys.basesys.rmodule.obj
 0001:000031e0       ?ref_remove@RModule@rsystem@base@UModSys@@UBEXXZ 004041e0 f i umodsys_lib_basesys:umodsys.basesys.rmodule.obj
 0001:000031f0       ?ref_links@RModule@rsystem@base@UModSys@@UBEHXZ 004041f0 f i umodsys_lib_basesys:umodsys.basesys.rmodule.obj
 0001:00003200       ?ref_weak@RModule@rsystem@base@UModSys@@UBE_NAAUWeakPointer@IRefObject@core@4@@Z 00404200 f i umodsys_lib_basesys:umodsys.basesys.rmodule.obj
 0001:00003220       ?suicide@RModule@rsystem@base@UModSys@@UAEXXZ 00404220 f i umodsys_lib_basesys:umodsys.basesys.rmodule.obj
 0001:00003230       ??_GRModule@rsystem@base@UModSys@@UAEPAXI@Z 00404230 f i umodsys_lib_basesys:umodsys.basesys.rmodule.obj
 0001:00003230       ??_ERModule@rsystem@base@UModSys@@UAEPAXI@Z 00404230 f i  CIL library: CIL module
 0001:00003250       ??_GIModule@base@UModSys@@UAEPAXI@Z 00404250 f i umodsys_lib_basesys:umodsys.basesys.rmodule.obj
 0001:00003250       ??_EIModule@base@UModSys@@UAEPAXI@Z 00404250 f i  CIL library: CIL module
 0001:00003270       ??1?$TDynarrayDynamic@UModuleObjInfo@RModule@rsystem@base@UModSys@@U?$TAllocator@USMemAlloc_Malloc@core@UModSys@@USCountCalcPower2@23@@tl@5@@tl@UModSys@@QAE@XZ 00404270 f i umodsys_lib_basesys:umodsys.basesys.rmodule.obj
 0001:000032a0       ??1?$TDynarrayDynamic@UGeneratedObjInfo@RModule@rsystem@base@UModSys@@U?$TAllocator@USMemAlloc_Malloc@core@UModSys@@USCountCalcPower2@23@@tl@5@@tl@UModSys@@QAE@XZ 004042a0 f i umodsys_lib_basesys:umodsys.basesys.rmodule.obj
 0001:000032d0       ??1?$TDynarrayDynamic@PBUSUniquePointerInfo@core@UModSys@@U?$TAllocator@USMemAlloc_Malloc@core@UModSys@@USCountCalcPower2@23@@tl@3@@tl@UModSys@@QAE@XZ 004042d0 f i umodsys_lib_basesys:umodsys.basesys.rmodule.obj
 0001:000032e0       ??1?$TDynarray@U?$TDynarrayHolderDynamic@PBUSUniquePointerInfo@core@UModSys@@U?$TAllocator@USMemAlloc_Malloc@core@UModSys@@USCountCalcPower2@23@@tl@3@@tl@UModSys@@@tl@UModSys@@QAE@XZ 004042e0 f i umodsys_lib_basesys:umodsys.basesys.rmodule.obj
 0001:00003350       ?Free@?$TDynarray@U?$TDynarrayHolderDynamic@UModuleObjInfo@RModule@rsystem@base@UModSys@@U?$TAllocator@USMemAlloc_Malloc@core@UModSys@@USCountCalcPower2@23@@tl@5@@tl@UModSys@@@tl@UModSys@@QAE_NXZ 00404350 f i umodsys_lib_basesys:umodsys.basesys.rmodule.obj
 0001:000033c0       ?Free@?$TDynarray@U?$TDynarrayHolderDynamic@UGeneratedObjInfo@RModule@rsystem@base@UModSys@@U?$TAllocator@USMemAlloc_Malloc@core@UModSys@@USCountCalcPower2@23@@tl@5@@tl@UModSys@@@tl@UModSys@@QAE_NXZ 004043c0 f i umodsys_lib_basesys:umodsys.basesys.rmodule.obj
 0001:00003430       ?obj_delete@?$TRefObjectLinksParent@URModule@rsystem@base@UModSys@@UIModuleLibraryUni@234@@tl@UModSys@@QBEXPAURModule@rsystem@base@3@@Z 00404430 f i umodsys_lib_basesys:umodsys.basesys.rmodule.obj
 0001:000034a0       ??$wildcmp@D@su@tl@UModSys@@YA_NPBD0@Z 004044a0 f i umodsys_lib_basesys:umodsys.basesys.rmodule.obj
 0001:00003540       ?ReLink@?$TDynarray@U?$TDynarrayHolderDynamic@UModuleObjInfo@RModule@rsystem@base@UModSys@@U?$TAllocator@USMemAlloc_Malloc@core@UModSys@@USCountCalcPower2@23@@tl@5@@tl@UModSys@@@tl@UModSys@@IAE_NI@Z 00404540 f i umodsys_lib_basesys:umodsys.basesys.rmodule.obj
 0001:00003590       ?ReLink@?$TDynarray@U?$TDynarrayHolderDynamic@UGeneratedObjInfo@RModule@rsystem@base@UModSys@@U?$TAllocator@USMemAlloc_Malloc@core@UModSys@@USCountCalcPower2@23@@tl@5@@tl@UModSys@@@tl@UModSys@@IAE_NI@Z 00404590 f i umodsys_lib_basesys:umodsys.basesys.rmodule.obj
 0001:000035e0       ?items_construct@?$TDynarray@U?$TDynarrayHolderDynamic@UGeneratedObjInfo@RModule@rsystem@base@UModSys@@U?$TAllocator@USMemAlloc_Malloc@core@UModSys@@USCountCalcPower2@23@@tl@5@@tl@UModSys@@@tl@UModSys@@IAEXII@Z 004045e0 f i umodsys_lib_basesys:umodsys.basesys.rmodule.obj
 0001:00003620       ?aconstruct@?$TTypeConstructor@UModuleObjInfo@RModule@rsystem@base@UModSys@@@tl@UModSys@@SAXPAUModuleObjInfo@RModule@rsystem@base@3@I@Z 00404620 f i umodsys_lib_basesys:umodsys.basesys.rmodule.obj
 0001:00003660       ?get_interface_info@RModuleLibrarySO@rsystem@base@UModSys@@UBEABUSUniquePointerInfo@core@4@XZ 00404660 f i umodsys_lib_basesys:umodsys.basesys.rmodulelibso.obj
 0001:00003670       ?get_interface_type@RModuleLibrarySO@rsystem@base@UModSys@@UBEPBUSUniquePointerInfo@core@4@XZ 00404670 f i umodsys_lib_basesys:umodsys.basesys.rmodulelibso.obj
 0001:00003680       ?get_other_interface@RModuleLibrarySO@rsystem@base@UModSys@@UAEPAUIRoot@core@4@PBUSUniquePointerInfo@64@@Z 00404680 f i umodsys_lib_basesys:umodsys.basesys.rmodulelibso.obj
 0001:00003680       ?get_other_interface@RModuleLibrarySO@rsystem@base@UModSys@@UBEPBUIRoot@core@4@PBUSUniquePointerInfo@64@@Z 00404680 f i umodsys_lib_basesys:umodsys.basesys.rmodulelibso.obj
 0001:000036c0       ?ref_add@RModuleLibrarySO@rsystem@base@UModSys@@UBEXXZ 004046c0 f i umodsys_lib_basesys:umodsys.basesys.rmodulelibso.obj
 0001:000036d0       ?ref_remove@RModuleLibrarySO@rsystem@base@UModSys@@UBEXXZ 004046d0 f i umodsys_lib_basesys:umodsys.basesys.rmodulelibso.obj
 0001:000036f0       ?ref_links@RModuleLibrarySO@rsystem@base@UModSys@@UBEHXZ 004046f0 f i umodsys_lib_basesys:umodsys.basesys.rmodulelibso.obj
 0001:00003700       ?ref_weak@RModuleLibrarySO@rsystem@base@UModSys@@UBE_NAAUWeakPointer@IRefObject@core@4@@Z 00404700 f i umodsys_lib_basesys:umodsys.basesys.rmodulelibso.obj
 0001:00003730       ??_GRModuleLibrarySO@rsystem@base@UModSys@@UAEPAXI@Z 00404730 f i umodsys_lib_basesys:umodsys.basesys.rmodulelibso.obj
 0001:00003730       ??_ERModuleLibrarySO@rsystem@base@UModSys@@UAEPAXI@Z 00404730 f i  CIL library: CIL module
 0001:00003750       ?info_new@?$TSCoreShared@USMemAlloc_Malloc@core@UModSys@@D@su@tl@UModSys@@QAE_NPBDI@Z 00404750 f i umodsys_lib_basesys:umodsys.basesys.rmodulelibso.obj
 0001:000037d0       ?Push@?$TDynarray@U?$TDynarrayHolderDynamic@U?$TRefObject@URModule@rsystem@base@UModSys@@U?$TRefObjectFunc@URModule@rsystem@base@UModSys@@@tl@4@@tl@UModSys@@U?$TAllocator@USMemAlloc_Malloc@core@UModSys@@USCountCalcPower2@23@@23@@tl@UModSys@@@tl@UModSys@@QAE_NABU?$TRefObject@URModule@rsystem@base@UModSys@@U?$TRefObjectFunc@URModule@rsystem@base@UModSys@@@tl@4@@23@@Z 004047d0 f i umodsys_lib_basesys:umodsys.basesys.rmodulelib.obj
 0001:000037d0       ?Push@?$TDynarray@U?$TDynarrayHolderDynamic@U?$TRefObject@URModuleLibrarySO@rsystem@base@UModSys@@U?$TRefObjectFunc@URModuleLibrarySO@rsystem@base@UModSys@@@tl@4@@tl@UModSys@@U?$TAllocator@USMemAlloc_Malloc@core@UModSys@@USCountCalcPower2@23@@23@@tl@UModSys@@@tl@UModSys@@QAE_NABU?$TRefObject@URModuleLibrarySO@rsystem@base@UModSys@@U?$TRefObjectFunc@URModuleLibrarySO@rsystem@base@UModSys@@@tl@4@@23@@Z 004047d0 f i umodsys_lib_basesys:umodsys.basesys.rmodulelibso.obj
 0001:00003850       ??_GRModuleLibraryReg_Chain@base@UModSys@@UAEPAXI@Z 00404850 f i umodsys_lib_base:umodsys.base.moduleregchain.obj
 0001:00003850       ??_ERModuleLibraryReg_Chain@base@UModSys@@UAEPAXI@Z 00404850 f i  CIL library: CIL module
 0001:00003870       ??_GIModuleReg@base@UModSys@@UAEPAXI@Z 00404870 f i umodsys_lib_base:umodsys.base.modulereg.obj
 0001:00003870       ??_EIModuleReg@base@UModSys@@UAEPAXI@Z 00404870 f i  CIL library: CIL module
 0001:00003890       ??_GIModuleLibraryReg@base@UModSys@@UAEPAXI@Z 00404890 f i umodsys_lib_base:umodsys.base.modulereg.obj
 0001:00003890       ??_EIModuleLibraryReg@base@UModSys@@UAEPAXI@Z 00404890 f i  CIL library: CIL module
 0001:000038b0       ?Find@?$TSet@U?$TArray@PBUSUniquePointerInfo@core@UModSys@@@tl@UModSys@@U?$TScalarCompare@PBUSUniquePointerInfo@core@UModSys@@@core@3@@tl@UModSys@@QBEPBQBUSUniquePointerInfo@core@3@ABQBU453@@Z 004048b0 f i umodsys_lib_core:umodsys.core.uniqueptrlist.obj
 0001:0000393b       __onexit                   0040493b f   MSVCRT:atonexit.obj
 0001:000039e0       _atexit                    004049e0 f   MSVCRT:atonexit.obj
 0001:00003c99       _mainCRTStartup            00404c99 f   MSVCRT:crtexe.obj
 0001:00003ca4       __purecall                 00404ca4 f   MSVCRT:MSVCR90.dll
 0001:00003caa       ??3@YAXPAX@Z               00404caa f   MSVCRT:MSVCR90.dll
 0001:00003cb0       ??_Etype_info@@UAEPAXI@Z   00404cb0 f i MSVCRT:ti_inst.obj
 0001:00003cfc       __unlock                   00404cfc f   MSVCRT:MSVCR90.dll
 0001:00003d02       ___dllonexit               00404d02 f   MSVCRT:MSVCR90.dll
 0001:00003d08       __lock                     00404d08 f   MSVCRT:MSVCR90.dll
 0001:00003d10       __SEH_prolog4              00404d10 f   MSVCRT:sehprolg4.obj
 0001:00003d55       __SEH_epilog4              00404d55 f   MSVCRT:sehprolg4.obj
 0001:00003d69       __except_handler4          00404d69 f   MSVCRT:chandler4gs.obj
 0001:00003d8e       ?__CxxUnhandledExceptionFilter@@YGJPAU_EXCEPTION_POINTERS@@@Z 00404d8e f   MSVCRT:unhandld.obj
 0001:00003dd0       ___CxxSetUnhandledExceptionFilter 00404dd0 f   MSVCRT:unhandld.obj
 0001:00003dde       __amsg_exit                00404dde f   MSVCRT:MSVCR90.dll
 0001:00003de4       __RTC_Initialize           00404de4 f   MSVCRT:_initsect_.obj
 0001:00003e0a       __RTC_Terminate            00404e0a f   MSVCRT:_initsect_.obj
 0001:00003e30       __XcptFilter               00404e30 f   MSVCRT:MSVCR90.dll
 0001:00003e40       __ValidateImageBase        00404e40 f   MSVCRT:pesect.obj
 0001:00003e80       __FindPESection            00404e80 f   MSVCRT:pesect.obj
 0001:00003ed0       __IsNonwritableInCurrentImage 00404ed0 f   MSVCRT:pesect.obj
 0001:00003f8e       __initterm                 00404f8e f   MSVCRT:MSVCR90.dll
 0001:00003f94       __initterm_e               00404f94 f   MSVCRT:MSVCR90.dll
 0001:00003f9a       __setdefaultprecision      00404f9a f   MSVCRT:fp8.obj
 0001:00003fc5       __matherr                  00404fc5 f   MSVCRT:merr.obj
 0001:00003fc5       __setargv                  00404fc5 f   MSVCRT:dllargv.obj
 0001:00003fc8       ___security_init_cookie    00404fc8 f   MSVCRT:gs_support.obj
 0001:0000405e       ?__ArrayUnwind@@YGXPAXIHP6EX0@Z@Z 0040505e f   MSVCRT:ehvecdtr.obj
 0001:000040bc       ??_M@YGXPAXIHP6EX0@Z@Z     004050bc f   MSVCRT:ehvecdtr.obj
 0001:0000411f       @__security_check_cookie@4 0040511f f   MSVCRT:secchk.obj
 0001:0000412e       __except_handler4_common   0040512e f   MSVCRT:MSVCR90.dll
 0001:00004134       ?terminate@@YAXXZ          00405134 f   MSVCRT:MSVCR90.dll
 0001:0000413a       __invoke_watson            0040513a f   MSVCRT:MSVCR90.dll
 0001:00004140       __controlfp_s              00405140 f   MSVCRT:MSVCR90.dll
 0001:00004146       ?_type_info_dtor_internal_method@type_info@@QAEXXZ 00405146 f   MSVCRT:MSVCR90.dll
 0001:00004146       ??1type_info@@UAE@XZ       00405146 f   MSVCRT:MSVCR90.dll
 0001:0000414c       ___report_gsfailure        0040514c f   MSVCRT:gs_report.obj
 0001:00004252       __crt_debugger_hook        00405252 f   MSVCRT:MSVCR90.dll
 0001:00004260       ?gracial_convert@syshlp@core@UModSys@@YA_NPADHPB_WH@Z 00405260 f   umodsys_lib_core:umodsys.core.syshlp_charcode.win32.obj
 0001:00004290       ?gracial_convert@syshlp@core@UModSys@@YA_NPA_WHPBDH@Z 00405290 f   umodsys_lib_core:umodsys.core.syshlp_charcode.win32.obj
 0001:000042c0       ?path_uni_os@syshlp@core@UModSys@@YAXPA_W@Z 004052c0 f   umodsys_lib_core:umodsys.core.syshlp_chars.win32.obj
 0001:000042e0       ?path_os_uni@syshlp@core@UModSys@@YAXPAD@Z 004052e0 f   umodsys_lib_core:umodsys.core.syshlp_chars.win32.obj
 0001:00004300       ?safe_vsnprintf@syshlp@core@UModSys@@YAIPADIPBD0@Z 00405300 f   umodsys_lib_core:umodsys.core.syshlp_chars.win32.obj
 0001:00004320       ?gracial_cpy@syshlp@core@UModSys@@YA_NPA_WHQAPB_WH@Z 00405320 f   umodsys_lib_core:umodsys.core.syshlp_chars.win32.obj
 0001:000043c0       ?gracial_cpy@syshlp@core@UModSys@@YA_NPADHQAPBDH@Z 004053c0 f   umodsys_lib_core:umodsys.core.syshlp_chars.win32.obj
 0001:00004450       ??3IRoot@core@UModSys@@SAXPAX@Z 00405450 f   umodsys_lib_core:umodsys.core.objects.obj
 0001:00004470       ??3IRoot@core@UModSys@@SAXPAXPAUIMemAlloc@12@@Z 00405470 f   umodsys_lib_core:umodsys.core.objects.obj
 0001:00004490       ??2IRoot@core@UModSys@@SAPAXIPAUIMemAlloc@12@@Z 00405490 f   umodsys_lib_core:umodsys.core.objects.obj
 0001:000044b0       ?suicide@IRoot@core@UModSys@@UAEXXZ 004054b0 f   umodsys_lib_core:umodsys.core.objects.obj
 0001:000044c0       ??1IRoot@core@UModSys@@UAE@XZ 004054c0 f   umodsys_lib_core:umodsys.core.objects.obj
 0001:000044d0       ??1IRefObject@core@UModSys@@UAE@XZ 004054d0 f   umodsys_lib_core:umodsys.core.objects.obj
 0001:000044e0       ?restore_console@syshlp@core@UModSys@@YAXXZ 004054e0 f   umodsys_lib_core:umodsys.core.syshlp_files.win32.obj
 0001:00004500       ?setup_console@syshlp@core@UModSys@@YAXXZ 00405500 f   umodsys_lib_core:umodsys.core.syshlp_files.win32.obj
 0001:00004530       ?c_fopen@syshlp@core@UModSys@@YAPAU_iobuf@@PBD0@Z 00405530 f   umodsys_lib_core:umodsys.core.syshlp_files.win32.obj
 0001:000045d0       ?c_fendtemp@syshlp@core@UModSys@@YA_NAAPAU_iobuf@@AAPAD_N@Z 004055d0 f   umodsys_lib_core:umodsys.core.syshlp_files.win32.obj
 0001:00004690       ?c_fopentemp@syshlp@core@UModSys@@YAPAU_iobuf@@AAPADPBD@Z 00405690 f   umodsys_lib_core:umodsys.core.syshlp_files.win32.obj
 0001:00004720       ?lost@core@UModSys@@YAEPBX@Z 00405720 f   umodsys_lib_core:umodsys.core.stdtypedefs.obj
 0001:00004730       ?s_unresolve@SUniquePointer@core@UModSys@@SAXPAUIUniquePointerResolver@23@@Z 00405730 f   umodsys_lib_core:umodsys.core.uniqueptr.obj
 0001:00004770       ?s_resolve@SUniquePointer@core@UModSys@@SAXPAUIUniquePointerResolver@23@@Z 00405770 f   umodsys_lib_core:umodsys.core.uniqueptr.obj
 0001:000047c0       ??1SUniquePointer@core@UModSys@@QAE@XZ 004057c0 f   umodsys_lib_core:umodsys.core.uniqueptr.obj
 0001:000047f0       ??0SUniquePointer@core@UModSys@@QAE@H@Z 004057f0 f   umodsys_lib_core:umodsys.core.uniqueptr.obj
 0001:00004810       ??0SUniquePointer@core@UModSys@@QAE@PBD0H@Z 00405810 f   umodsys_lib_core:umodsys.core.uniqueptr.obj
 0001:00004860       ??1SModuleInfo@base@UModSys@@QAE@XZ 00405860 f   umodsys_lib_base:umodsys.base.moduleinfo.obj
 0001:00004870       ??0SModuleInfo@base@UModSys@@QAE@XZ 00405870 f   umodsys_lib_base:umodsys.base.moduleinfo.obj
 0001:00004890       ??1IModuleLoader@base@UModSys@@UAE@XZ 00405890 f   umodsys_lib_base:umodsys.base.moduleloader.obj
 0001:000048a0       ??1SDebug@base@UModSys@@QAE@XZ 004058a0 f   umodsys_lib_base:umodsys.base.debug.obj
 0001:000048c0       ??0SDebug@base@UModSys@@QAE@PAUIConsole@12@I@Z 004058c0 f   umodsys_lib_base:umodsys.base.debug.obj
 0001:000048e0       ??1ISystem@base@UModSys@@UAE@XZ 004058e0 f   umodsys_lib_base:umodsys.base.system.obj
 0001:000048f0       ??1IModuleLibraryReg@base@UModSys@@UAE@XZ 004058f0 f   umodsys_lib_base:umodsys.base.modulereg.obj
 0001:00004900       ??0IModuleLibraryReg@base@UModSys@@QAE@XZ 00405900 f   umodsys_lib_base:umodsys.base.modulereg.obj
 0001:00004910       ?mr_close@IModuleReg@base@UModSys@@UAE_NXZ 00405910 f   umodsys_lib_base:umodsys.base.modulereg.obj
 0001:00004920       ?mr_open@IModuleReg@base@UModSys@@UAE_NXZ 00405920 f   umodsys_lib_base:umodsys.base.modulereg.obj
 0001:00004940       ?mr_isopen@IModuleReg@base@UModSys@@UBE_NXZ 00405940 f   umodsys_lib_base:umodsys.base.modulereg.obj
 0001:00004950       ??1IModuleReg@base@UModSys@@UAE@XZ 00405950 f   umodsys_lib_base:umodsys.base.modulereg.obj
 0001:00004960       ??0IModuleReg@base@UModSys@@QAE@XZ 00405960 f   umodsys_lib_base:umodsys.base.modulereg.obj
 0001:00004990       _UModSys_Plugin_Entry2@0   00405990 f   umodsys_lib_base:umodsys.so_main.win32.obj
 0001:000049a0       ??1RModuleLibraryReg_Chain@base@UModSys@@UAE@XZ 004059a0 f   umodsys_lib_base:umodsys.base.moduleregchain.obj
 0001:000049b0       ??0RModuleLibraryReg_Chain@base@UModSys@@QAE@XZ 004059b0 f   umodsys_lib_base:umodsys.base.moduleregchain.obj
 0001:000049d0       ?s_get@SModuleRegChain@base@UModSys@@SAPAUIModuleReg@23@I@Z 004059d0 f   umodsys_lib_base:umodsys.base.moduleregchain.obj
 0001:00004a00       ??1SModuleRegChain@base@UModSys@@QAE@XZ 00405a00 f   umodsys_lib_base:umodsys.base.moduleregchain.obj
 0001:00004a30       ??0SModuleRegChain@base@UModSys@@QAE@AAUIModuleReg@12@@Z 00405a30 f   umodsys_lib_base:umodsys.base.moduleregchain.obj
 0001:00004a70       ?mlr_isopen@RModuleLibraryReg_Chain@base@UModSys@@UBE_NXZ 00405a70 f   umodsys_lib_base:umodsys.base.moduleregchain.obj
 0001:00004a80       ?mlr_close@RModuleLibraryReg_Chain@base@UModSys@@UAE_NXZ 00405a80 f   umodsys_lib_base:umodsys.base.moduleregchain.obj
 0001:00004ab0       ?mlr_open@RModuleLibraryReg_Chain@base@UModSys@@UAE_NPAUISystem@23@PAUIMemAlloc@core@3@@Z 00405ab0 f   umodsys_lib_base:umodsys.base.moduleregchain.obj
 0001:00004ae0       ?mlr_get@RModuleLibraryReg_Chain@base@UModSys@@UBEPAUIModuleReg@23@I@Z 00405ae0 f   umodsys_lib_base:umodsys.base.moduleregchain.obj
 0001:00004af0       ?mlr_count@RModuleLibraryReg_Chain@base@UModSys@@UBEIXZ 00405af0 f   umodsys_lib_base:umodsys.base.moduleregchain.obj
 0001:00004b10       ??0SModuleRegChain@base@UModSys@@QAE@H@Z 00405b10 f   umodsys_lib_base:umodsys.base.moduleregchain.obj
 0001:00004b20       ?unlink@SMemorySharedData@core@UModSys@@QAEXPBUSSourceContext@23@@Z 00405b20 f   umodsys_lib_base:umodsys.base.modulecontext.obj
 0001:00004b40       ?link@SMemorySharedData@core@UModSys@@QAEXPBUSSourceContext@23@@Z 00405b40 f   umodsys_lib_base:umodsys.base.modulecontext.obj
 0001:00004b50       ?Link@SModuleContext@base@UModSys@@QAEXPAUISystem@23@PAUIMemAlloc@core@3@@Z 00405b50 f   umodsys_lib_base:umodsys.base.modulecontext.obj
 0001:00004ba0       ??1SModuleContext@base@UModSys@@QAE@XZ 00405ba0 f   umodsys_lib_base:umodsys.base.modulecontext.obj
 0001:00004bb0       ?get_paramworker@SParameters@core@UModSys@@KAPAUIParameters@23@XZ 00405bb0 f   umodsys_lib_base:umodsys.base.modulecontext.obj
 0001:00004bc0       ?local_memory@UModSys@@YAABUSIMemAlloc@core@1@XZ 00405bc0 f   umodsys_lib_base:umodsys.base.modulecontext.obj
 0001:00004bd0       ??0SModuleContext@base@UModSys@@QAE@XZ 00405bd0 f   umodsys_lib_base:umodsys.base.modulecontext.obj
 0001:00004bf0       ?new_data@SMemorySharedData@core@UModSys@@SAPAU123@IPBUSSourceContext@23@@Z 00405bf0 f   umodsys_lib_base:umodsys.base.modulecontext.obj
 0001:00004c20       ?uni_close@RModuleLibrarySO@rsystem@base@UModSys@@UAE_NXZ 00405c20 f   umodsys_lib_basesys:umodsys.basesys.rmodulelibso.obj
 0001:00004c40       ?uni_open@RModuleLibrarySO@rsystem@base@UModSys@@UAE_NXZ 00405c40 f   umodsys_lib_basesys:umodsys.basesys.rmodulelibso.obj
 0001:00004c70       ?s_find_dup@RModuleLibrarySO@rsystem@base@UModSys@@SAIABU?$TDynarrayDynamic@U?$TRefObject@URModuleLibrarySO@rsystem@base@UModSys@@U?$TRefObjectFunc@URModuleLibrarySO@rsystem@base@UModSys@@@tl@4@@tl@UModSys@@U?$TAllocator@USMemAlloc_Malloc@core@UModSys@@USCountCalcPower2@23@@23@@tl@4@PAUIModuleLibraryReg@34@@Z 00405c70 f   umodsys_lib_basesys:umodsys.basesys.rmodulelibso.obj
 0001:00004ca0       ??0RModuleLibrarySO@rsystem@base@UModSys@@QAE@PAUISystem@23@PAUPFD_Data@0123@PAUIModuleLibraryReg@23@@Z 00405ca0 f   umodsys_lib_basesys:umodsys.basesys.rmodulelibso.obj
 0001:00004ce0       ??1RModuleLibrarySO@rsystem@base@UModSys@@UAE@XZ 00405ce0 f   umodsys_lib_basesys:umodsys.basesys.rmodulelibso.obj
 0001:00004d30       ?uni_unload@RModuleLibrarySO@rsystem@base@UModSys@@UAE_NXZ 00405d30 f   umodsys_lib_basesys:umodsys.basesys.rmodulelibso.obj
 0001:00004d40       ?uni_load@RModuleLibrarySO@rsystem@base@UModSys@@UAE_NXZ 00405d40 f   umodsys_lib_basesys:umodsys.basesys.rmodulelibso.obj
 0001:00004d80       ?s_add@RModuleLibrarySO@rsystem@base@UModSys@@SA_NPAUISystem@34@AAU?$TDynarrayDynamic@U?$TRefObject@URModuleLibrarySO@rsystem@base@UModSys@@U?$TRefObjectFunc@URModuleLibrarySO@rsystem@base@UModSys@@@tl@4@@tl@UModSys@@U?$TAllocator@USMemAlloc_Malloc@core@UModSys@@USCountCalcPower2@23@@23@@tl@4@PBD@Z 00405d80 f   umodsys_lib_basesys:umodsys.basesys.rmodulelibso.obj
 0001:00004f40       ?scan@RModule@rsystem@base@UModSys@@QAE_NXZ 00405f40 f   umodsys_lib_basesys:umodsys.basesys.rmodule.obj
 0001:00004f70       ?mod_findobjname@RModule@rsystem@base@UModSys@@UAEIPBUSUniquePointerInfo@core@4@QAPBU564@IPBD@Z 00405f70 f   umodsys_lib_basesys:umodsys.basesys.rmodule.obj
 0001:000050a0       ?is_open@RModule@rsystem@base@UModSys@@UBE_NXZ 004060a0 f   umodsys_lib_basesys:umodsys.basesys.rmodule.obj
 0001:000050c0       ?get_info@RModule@rsystem@base@UModSys@@UBEABUSModuleInfo@34@XZ 004060c0 f   umodsys_lib_basesys:umodsys.basesys.rmodule.obj
 0001:000050d0       ?get_library@RModule@rsystem@base@UModSys@@UBEPAUIModuleLibrary@34@XZ 004060d0 f   umodsys_lib_basesys:umodsys.basesys.rmodule.obj
 0001:000050e0       ??1RModule@rsystem@base@UModSys@@UAE@XZ 004060e0 f   umodsys_lib_basesys:umodsys.basesys.rmodule.obj
 0001:00005150       ?unreg_obj@RModule@rsystem@base@UModSys@@QAE_NPAUIModObject@34@@Z 00406150 f   umodsys_lib_basesys:umodsys.basesys.rmodule.obj
 0001:000051f0       ?reg_generator@RModule@rsystem@base@UModSys@@QAE_NPAUModuleObjInfo@1234@PAUIGenerator@34@@Z 004061f0 f   umodsys_lib_basesys:umodsys.basesys.rmodule.obj
 0001:00005450       ?save_db@RModule@rsystem@base@UModSys@@QAE_NPAU_iobuf@@@Z 00406450 f   umodsys_lib_basesys:umodsys.basesys.rmodule.obj
 0001:00005600       ?alloc_minfo@RModule@rsystem@base@UModSys@@QAE_NABUSModuleInfo@34@@Z 00406600 f   umodsys_lib_basesys:umodsys.basesys.rmodule.obj
 0001:00005680       ?reg_obj@RModule@rsystem@base@UModSys@@QAEPAUModuleObjInfo@1234@PAUIModObject@34@@Z 00406680 f   umodsys_lib_basesys:umodsys.basesys.rmodule.obj
 0001:000057c0       ?mod_generate@RModule@rsystem@base@UModSys@@UAE_NAAU?$TRefObject@UIRefObject@core@UModSys@@U?$TRefObjectFunc@UIRefObject@core@UModSys@@@tl@3@@tl@4@PBUSUniquePointerInfo@core@4@ABUSParameters@84@@Z 004067c0 f   umodsys_lib_basesys:umodsys.basesys.rmodule.obj
 0001:000058e0       ?reg@RModule@rsystem@base@UModSys@@UAE_NPAUIGenerator@34@_N@Z 004068e0 f   umodsys_lib_basesys:umodsys.basesys.rmodule.obj
 0001:00005930       ?reg@RModule@rsystem@base@UModSys@@UAE_NPAUIModObject@34@_N@Z 00406930 f   umodsys_lib_basesys:umodsys.basesys.rmodule.obj
 0001:00005960       ?close@RModule@rsystem@base@UModSys@@UAE_NXZ 00406960 f   umodsys_lib_basesys:umodsys.basesys.rmodule.obj
 0001:000059b0       ?open@RModule@rsystem@base@UModSys@@UAE_NXZ 004069b0 f   umodsys_lib_basesys:umodsys.basesys.rmodule.obj
 0001:00005a10       ??0RModule@rsystem@base@UModSys@@QAE@PAUIModuleLibraryUni@123@PAUIModuleReg@23@@Z 00406a10 f   umodsys_lib_basesys:umodsys.basesys.rmodule.obj
 0001:00005ac0       ?pfd_init@RModuleLibrarySO@rsystem@base@UModSys@@SA_NPAUPFD_Data@1234@@Z 00406ac0 f   umodsys_lib_basesys:umodsys.basesys.rmodule.win32.obj
 0001:00005b40       ?pfd_init@RModuleLibrarySO@rsystem@base@UModSys@@SA_NPAUPFD_Data@1234@0@Z 00406b40 f   umodsys_lib_basesys:umodsys.basesys.rmodule.win32.obj
 0001:00005b60       ?pfd_unload@RModuleLibrarySO@rsystem@base@UModSys@@SA_NPAUPFD_Data@1234@@Z 00406b60 f   umodsys_lib_basesys:umodsys.basesys.rmodule.win32.obj
 0001:00005ba0       ?pfd_load@RModuleLibrarySO@rsystem@base@UModSys@@SAPAUIModuleLibraryReg@34@PAUPFD_Data@1234@ABU?$TString@U?$TSCoreConst@D@su@tl@UModSys@@U?$TComparerBinaryHash@D@234@@tl@4@@Z 00406ba0 f   umodsys_lib_basesys:umodsys.basesys.rmodule.win32.obj
 0001:00005f20       ?pfd_scan@RModuleLibrarySO@rsystem@base@UModSys@@SAIPAUISystem@34@AAU?$TDynarrayDynamic@U?$TRefObject@URModuleLibrarySO@rsystem@base@UModSys@@U?$TRefObjectFunc@URModuleLibrarySO@rsystem@base@UModSys@@@tl@4@@tl@UModSys@@U?$TAllocator@USMemAlloc_Malloc@core@UModSys@@USCountCalcPower2@23@@23@@tl@4@ABU?$TString@U?$TSCoreConst@D@su@tl@UModSys@@U?$TComparerBinaryHash@D@234@@74@@Z 00406f20 f   umodsys_lib_basesys:umodsys.basesys.rmodule.win32.obj
 0001:00006000       ?estimate_size@RParameters@rsystem@base@UModSys@@IAEHAAUElem@1234@HPBDHH@Z 00407000 f   umodsys_lib_basesys:umodsys.basesys.rparameters.obj
 0001:00006080       ??0RParameters@rsystem@base@UModSys@@QAE@PAUISystem@23@@Z 00407080 f   umodsys_lib_basesys:umodsys.basesys.rparameters.obj
 0001:000060a0       ?p_init_s@RParameters@rsystem@base@UModSys@@UAEXPAUSParametersData@core@4@PAXH@Z 004070a0 f   umodsys_lib_basesys:umodsys.basesys.rparameters.obj
 0001:000060e0       ??1RParameters@rsystem@base@UModSys@@UAE@XZ 004070e0 f   umodsys_lib_basesys:umodsys.basesys.rparameters.obj
 0001:000060f0       ?next@RParameters@rsystem@base@UModSys@@UAE_NPBUSParametersData@core@4@AAPBD@Z 004070f0 f   umodsys_lib_basesys:umodsys.basesys.rparameters.obj
 0001:000061c0       ?p_init@RParameters@rsystem@base@UModSys@@UAEXPAUSParametersData@core@4@H@Z 004071c0 f   umodsys_lib_basesys:umodsys.basesys.rparameters.obj
 0001:00006230       ?alloc_elems@RParameters@rsystem@base@UModSys@@IAEXPAXH@Z 00407230 f   umodsys_lib_basesys:umodsys.basesys.rparameters.obj
 0001:00006290       ?free_elems@RParameters@rsystem@base@UModSys@@IAEXPAXH@Z 00407290 f   umodsys_lib_basesys:umodsys.basesys.rparameters.obj
 0001:00006300       ?get_last@RParameters@rsystem@base@UModSys@@IAEPAUElem@1234@PAXHHH@Z 00407300 f   umodsys_lib_basesys:umodsys.basesys.rparameters.obj
 0001:00006350       ?find_elem@RParameters@rsystem@base@UModSys@@IAEPBUElem@1234@PBXHHHPBD@Z 00407350 f   umodsys_lib_basesys:umodsys.basesys.rparameters.obj
 0001:000063e0       ?get@RParameters@rsystem@base@UModSys@@UAE_NPBUSParametersData@core@4@PBDAAPAUIRefObject@64@@Z 004073e0 f   umodsys_lib_basesys:umodsys.basesys.rparameters.obj
 0001:00006430       ?get@RParameters@rsystem@base@UModSys@@UAE_NPBUSParametersData@core@4@PBDAAN@Z 00407430 f   umodsys_lib_basesys:umodsys.basesys.rparameters.obj
 0001:00006480       ?get@RParameters@rsystem@base@UModSys@@UAE_NPBUSParametersData@core@4@PBDAAH@Z 00407480 f   umodsys_lib_basesys:umodsys.basesys.rparameters.obj
 0001:000064d0       ?get@RParameters@rsystem@base@UModSys@@UAE_NPBUSParametersData@core@4@PBDAAPBD@Z 004074d0 f   umodsys_lib_basesys:umodsys.basesys.rparameters.obj
 0001:00006520       ?next@RParameters@rsystem@base@UModSys@@UAE_NPBUSParametersData@core@4@AAU?$TString@U?$TSCoreConst@D@su@tl@UModSys@@U?$TComparerBinaryHash@D@234@@tl@4@@Z 00407520 f   umodsys_lib_basesys:umodsys.basesys.rparameters.obj
 0001:00006620       ?p_init_s@RParameters@rsystem@base@UModSys@@UAEXPAUSParametersData@core@4@ABU564@PAXH@Z 00407620 f   umodsys_lib_basesys:umodsys.basesys.rparameters.obj
 0001:00006690       ?p_copy@RParameters@rsystem@base@UModSys@@UAEXPAUSParametersData@core@4@ABU564@@Z 00407690 f   umodsys_lib_basesys:umodsys.basesys.rparameters.obj
 0001:00006780       ?p_init@RParameters@rsystem@base@UModSys@@UAEXPAUSParametersData@core@4@ABU564@@Z 00407780 f   umodsys_lib_basesys:umodsys.basesys.rparameters.obj
 0001:00006830       ?p_deinit@RParameters@rsystem@base@UModSys@@UAEXPAUSParametersData@core@4@@Z 00407830 f   umodsys_lib_basesys:umodsys.basesys.rparameters.obj
 0001:00006890       ?add_last@RParameters@rsystem@base@UModSys@@IAE_NPAUSParametersData@core@4@PBDPBXH@Z 00407890 f   umodsys_lib_basesys:umodsys.basesys.rparameters.obj
 0001:00006aa0       ?add@RParameters@rsystem@base@UModSys@@UAE_NPAUSParametersData@core@4@PBDPAUIRefObject@64@@Z 00407aa0 f   umodsys_lib_basesys:umodsys.basesys.rparameters.obj
 0001:00006ac0       ?add@RParameters@rsystem@base@UModSys@@UAE_NPAUSParametersData@core@4@PBDABN@Z 00407ac0 f   umodsys_lib_basesys:umodsys.basesys.rparameters.obj
 0001:00006ae0       ?add@RParameters@rsystem@base@UModSys@@UAE_NPAUSParametersData@core@4@PBDH@Z 00407ae0 f   umodsys_lib_basesys:umodsys.basesys.rparameters.obj
 0001:00006b00       ?add@RParameters@rsystem@base@UModSys@@UAE_NPAUSParametersData@core@4@PBD1@Z 00407b00 f   umodsys_lib_basesys:umodsys.basesys.rparameters.obj
 0001:00006b20       ?get_sca@RSystem@rsystem@base@UModSys@@UAEPAUISourceContextAdapter@core@4@XZ 00407b20 f   umodsys_lib_basesys:umodsys.basesys.rsystem.obj
 0001:00006b30       ?get_upr@RSystem@rsystem@base@UModSys@@UAEPAUIUniquePointerResolver@core@4@XZ 00407b30 f   umodsys_lib_basesys:umodsys.basesys.rsystem.obj
 0001:00006b40       ?get_modloader@RSystem@rsystem@base@UModSys@@UAEPAUIModuleLoader@34@XZ 00407b40 f   umodsys_lib_basesys:umodsys.basesys.rsystem.obj
 0001:00006b50       ?get_syslib@RSystem@rsystem@base@UModSys@@UAEPAUIModuleLibrary@34@XZ 00407b50 f   umodsys_lib_basesys:umodsys.basesys.rsystem.obj
 0001:00006b60       ?get_sharemem@RSystem@rsystem@base@UModSys@@UAEPAUIMemAlloc@core@4@XZ 00407b60 f   umodsys_lib_basesys:umodsys.basesys.rsystem.obj
 0001:00006b70       ?get_sysmem@RSystem@rsystem@base@UModSys@@UAEPAUIMemAlloc@core@4@XZ 00407b70 f   umodsys_lib_basesys:umodsys.basesys.rsystem.obj
 0001:00006b80       ?get_console@RSystem@rsystem@base@UModSys@@UAEPAUIConsole@34@XZ 00407b80 f   umodsys_lib_basesys:umodsys.basesys.rsystem.obj
 0001:00006b90       ?get_params@RSystem@rsystem@base@UModSys@@UAEPAUIParameters@core@4@XZ 00407b90 f   umodsys_lib_basesys:umodsys.basesys.rsystem.obj
 0001:00006ba0       ?upi_remove@RSystem@rsystem@base@UModSys@@UAEHPBUSUniquePointerInfo@core@4@@Z 00407ba0 f   umodsys_lib_basesys:umodsys.basesys.rsystem.obj
 0001:00006bb0       ?persist_ctx@RSystem@rsystem@base@UModSys@@UAEPBUSSourceContext@core@4@PBU564@@Z 00407bb0 f   umodsys_lib_basesys:umodsys.basesys.rsystem.obj
 0001:00006c70       ?upi_add@RSystem@rsystem@base@UModSys@@UAEPBUSUniquePointerInfo@core@4@PBU564@@Z 00407c70 f   umodsys_lib_basesys:umodsys.basesys.rsystem.obj
 0001:00006d30       ?lib_unload@IModuleLibraryUni@rsystem@base@UModSys@@UAE_NXZ 00407d30 f   umodsys_lib_basesys:umodsys.basesys.rmodulelib.obj
 0001:00006d50       ?lib_loaded@IModuleLibraryUni@rsystem@base@UModSys@@UBE_NXZ 00407d50 f   umodsys_lib_basesys:umodsys.basesys.rmodulelib.obj
 0001:00006d60       ?get_system@IModuleLibraryUni@rsystem@base@UModSys@@UBEPAUISystem@34@XZ 00407d60 f   umodsys_lib_basesys:umodsys.basesys.rmodulelib.obj
 0001:00006d70       ?get_privmem@IModuleLibraryUni@rsystem@base@UModSys@@UBEPAUIMemAlloc@core@4@XZ 00407d70 f   umodsys_lib_basesys:umodsys.basesys.rmodulelib.obj
 0001:00006d80       ?unlink@IModuleLibraryUni@rsystem@base@UModSys@@QAE_NXZ 00407d80 f   umodsys_lib_basesys:umodsys.basesys.rmodulelib.obj
[...]
 0001:0000894b       __unwindfunclet$?save_data@RDataArchiver_OsDir@stdio@media@modules@UModSys@@UAE_NABU?$TString@U?$TSCoreConst@D@su@tl@UModSys@@U?$TComparerBinaryHash@D@234@@tl@5@ABUSCMem@core@5@ABUSFlags@libmedia@5@@Z$1 0040994b f    CIL library: CIL module
 0001:0000895f       __ehhandler$?save_data@RDataArchiver_OsDir@stdio@media@modules@UModSys@@UAE_NABU?$TString@U?$TSCoreConst@D@su@tl@UModSys@@U?$TComparerBinaryHash@D@234@@tl@5@ABUSCMem@core@5@ABUSFlags@libmedia@5@@Z 0040995f f    CIL library: CIL module
 0001:00008970       __unwindfunclet$?save_writer@RDataArchiver_OsDir@stdio@media@modules@UModSys@@UAE?AU?$TRefObject@UIStreamWriter@libmedia@UModSys@@U?$TRefObjectFunc@UIStreamWriter@libmedia@UModSys@@@tl@3@@tl@5@ABU?$TString@U?$TSCoreConst@D@su@tl@UModSys@@U?$TComparerBinaryHash@D@234@@75@ABUSFlags@libmedia@5@@Z$1 00409970 f    CIL library: CIL module
 0001:00008970       __unwindfunclet$?load_reader@RDataArchiver_OsDir@stdio@media@modules@UModSys@@UAE?AU?$TRefObject@UIStreamReader@libmedia@UModSys@@U?$TRefObjectFunc@UIStreamReader@libmedia@UModSys@@@tl@3@@tl@5@ABU?$TString@U?$TSCoreConst@D@su@tl@UModSys@@U?$TComparerBinaryHash@D@234@@75@ABUSFlags@libmedia@5@@Z$1 00409970 f    CIL library: CIL module
 0001:0000897b       __unwindfunclet$?load_reader@RDataArchiver_OsDir@stdio@media@modules@UModSys@@UAE?AU?$TRefObject@UIStreamReader@libmedia@UModSys@@U?$TRefObjectFunc@UIStreamReader@libmedia@UModSys@@@tl@3@@tl@5@ABU?$TString@U?$TSCoreConst@D@su@tl@UModSys@@U?$TComparerBinaryHash@D@234@@75@ABUSFlags@libmedia@5@@Z$2 0040997b f    CIL library: CIL module
 0001:0000897b       __unwindfunclet$?save_writer@RDataArchiver_OsDir@stdio@media@modules@UModSys@@UAE?AU?$TRefObject@UIStreamWriter@libmedia@UModSys@@U?$TRefObjectFunc@UIStreamWriter@libmedia@UModSys@@@tl@3@@tl@5@ABU?$TString@U?$TSCoreConst@D@su@tl@UModSys@@U?$TComparerBinaryHash@D@234@@75@ABUSFlags@libmedia@5@@Z$2 0040997b f    CIL library: CIL module
 0001:0000898f       __unwindfunclet$?save_writer@RDataArchiver_OsDir@stdio@media@modules@UModSys@@UAE?AU?$TRefObject@UIStreamWriter@libmedia@UModSys@@U?$TRefObjectFunc@UIStreamWriter@libmedia@UModSys@@@tl@3@@tl@5@ABU?$TString@U?$TSCoreConst@D@su@tl@UModSys@@U?$TComparerBinaryHash@D@234@@75@ABUSFlags@libmedia@5@@Z$0 0040998f f    CIL library: CIL module
 0001:0000898f       __unwindfunclet$?load_reader@RDataArchiver_OsDir@stdio@media@modules@UModSys@@UAE?AU?$TRefObject@UIStreamReader@libmedia@UModSys@@U?$TRefObjectFunc@UIStreamReader@libmedia@UModSys@@@tl@3@@tl@5@ABU?$TString@U?$TSCoreConst@D@su@tl@UModSys@@U?$TComparerBinaryHash@D@234@@75@ABUSFlags@libmedia@5@@Z$0 0040998f f    CIL library: CIL module
 0001:000089ae       __ehhandler$?save_writer@RDataArchiver_OsDir@stdio@media@modules@UModSys@@UAE?AU?$TRefObject@UIStreamWriter@libmedia@UModSys@@U?$TRefObjectFunc@UIStreamWriter@libmedia@UModSys@@@tl@3@@tl@5@ABU?$TString@U?$TSCoreConst@D@su@tl@UModSys@@U?$TComparerBinaryHash@D@234@@75@ABUSFlags@libmedia@5@@Z 004099ae f    CIL library: CIL module
 0001:000089ae       __ehhandler$?load_reader@RDataArchiver_OsDir@stdio@media@modules@UModSys@@UAE?AU?$TRefObject@UIStreamReader@libmedia@UModSys@@U?$TRefObjectFunc@UIStreamReader@libmedia@UModSys@@@tl@3@@tl@5@ABU?$TString@U?$TSCoreConst@D@su@tl@UModSys@@U?$TComparerBinaryHash@D@234@@75@ABUSFlags@libmedia@5@@Z 004099ae f    CIL library: CIL module
 0001:000089c0       __unwindfunclet$?load_data@RDataArchiver_OsDir@stdio@media@modules@UModSys@@UAE_NABU?$TString@U?$TSCoreConst@D@su@tl@UModSys@@U?$TComparerBinaryHash@D@234@@tl@5@AAUSCMemShared@core@5@ABUSFlags@libmedia@5@@Z$0 004099c0 f    CIL library: CIL module
 0001:000089cb       __unwindfunclet$?load_data@RDataArchiver_OsDir@stdio@media@modules@UModSys@@UAE_NABU?$TString@U?$TSCoreConst@D@su@tl@UModSys@@U?$TComparerBinaryHash@D@234@@tl@5@AAUSCMemShared@core@5@ABUSFlags@libmedia@5@@Z$1 004099cb f    CIL library: CIL module
 0001:000089df       __unwindfunclet$?load_data@RDataArchiver_OsDir@stdio@media@modules@UModSys@@UAE_NABU?$TString@U?$TSCoreConst@D@su@tl@UModSys@@U?$TComparerBinaryHash@D@234@@tl@5@AAUSCMemShared@core@5@ABUSFlags@libmedia@5@@Z$2 004099df f    CIL library: CIL module
 0001:000089ea       __ehhandler$?load_data@RDataArchiver_OsDir@stdio@media@modules@UModSys@@UAE_NABU?$TString@U?$TSCoreConst@D@su@tl@UModSys@@U?$TComparerBinaryHash@D@234@@tl@5@AAUSCMemShared@core@5@ABUSFlags@libmedia@5@@Z 004099ea f    CIL library: CIL module
 0001:00008a00       __unwindfunclet$??0RDataArchiver_OsDir@stdio@media@modules@UModSys@@QAE@PAUIModObject@base@4@ABUSParameters@core@4@U?$TFlags4State@USMediaFlagUid@libmedia@UModSys@@I@tl@4@@Z$0 00409a00 f    CIL library: CIL module
 0001:00008a08       __unwindfunclet$??0RDataArchiver_OsDir@stdio@media@modules@UModSys@@QAE@PAUIModObject@base@4@ABUSParameters@core@4@U?$TFlags4State@USMediaFlagUid@libmedia@UModSys@@I@tl@4@@Z$1 00409a08 f    CIL library: CIL module
 0001:00008a13       __ehhandler$??0RDataArchiver_OsDir@stdio@media@modules@UModSys@@QAE@PAUIModObject@base@4@ABUSParameters@core@4@U?$TFlags4State@USMediaFlagUid@libmedia@UModSys@@I@tl@4@@Z 00409a13 f    CIL library: CIL module
 0001:00008a20       __unwindfunclet$??$t_gen_param@URStreamReader_FILE@stdio@media@modules@UModSys@@URGenerator@2345@@IGenerator@base@UModSys@@IAE_NPAURGenerator@stdio@media@modules@2@AAU?$TRefObject@UIRefObject@core@UModSys@@U?$TRefObjectFunc@UIRefObject@core@UModSys@@@tl@3@@tl@2@PBUSUniquePointerInfo@core@2@ABUSParameters@core@2@@Z$0 00409a20 f    CIL library: CIL module
 0001:00008a20       __unwindfunclet$??$t_gen_param@URStreamWriter_FILE@stdio@media@modules@UModSys@@URGenerator@2345@@IGenerator@base@UModSys@@IAE_NPAURGenerator@stdio@media@modules@2@AAU?$TRefObject@UIRefObject@core@UModSys@@U?$TRefObjectFunc@UIRefObject@core@UModSys@@@tl@3@@tl@2@PBUSUniquePointerInfo@core@2@ABUSParameters@core@2@@Z$0 00409a20 f    CIL library: CIL module
 0001:00008a20       __unwindfunclet$??$t_gen_param@URDataArchiver_OsDir@stdio@media@modules@UModSys@@URGenerator@2345@@IGenerator@base@UModSys@@IAE_NPAURGenerator@stdio@media@modules@2@AAU?$TRefObject@UIRefObject@core@UModSys@@U?$TRefObjectFunc@UIRefObject@core@UModSys@@@tl@3@@tl@2@PBUSUniquePointerInfo@core@2@ABUSParameters@core@2@@Z$0 00409a20 f    CIL library: CIL module
 0001:00008a2e       __ehhandler$??$t_gen_param@URStreamReader_FILE@stdio@media@modules@UModSys@@URGenerator@2345@@IGenerator@base@UModSys@@IAE_NPAURGenerator@stdio@media@modules@2@AAU?$TRefObject@UIRefObject@core@UModSys@@U?$TRefObjectFunc@UIRefObject@core@UModSys@@@tl@3@@tl@2@PBUSUniquePointerInfo@core@2@ABUSParameters@core@2@@Z 00409a2e f    CIL library: CIL module
 0001:00008a2e       __ehhandler$??$t_gen_param@URStreamWriter_FILE@stdio@media@modules@UModSys@@URGenerator@2345@@IGenerator@base@UModSys@@IAE_NPAURGenerator@stdio@media@modules@2@AAU?$TRefObject@UIRefObject@core@UModSys@@U?$TRefObjectFunc@UIRefObject@core@UModSys@@@tl@3@@tl@2@PBUSUniquePointerInfo@core@2@ABUSParameters@core@2@@Z 00409a2e f    CIL library: CIL module
 0001:00008a2e       __ehhandler$??$t_gen_param@URDataArchiver_OsDir@stdio@media@modules@UModSys@@URGenerator@2345@@IGenerator@base@UModSys@@IAE_NPAURGenerator@stdio@media@modules@2@AAU?$TRefObject@UIRefObject@core@UModSys@@U?$TRefObjectFunc@UIRefObject@core@UModSys@@@tl@3@@tl@2@PBUSUniquePointerInfo@core@2@ABUSParameters@core@2@@Z 00409a2e f    CIL library: CIL module
 0001:00008a40       __unwindfunclet$?mem_free@?$TRMemAlloc_CC@U?$TMemAllocHeader@USMagic@mem_headers@rsystem@base@UModSys@@U?$TPool@X@2345@USDebug@2345@UVoid@core@5@U895@@rsystem@base@UModSys@@USMemAlloc_Malloc@core@4@@rsystem@base@UModSys@@UAEXPAXPBUSSourceContext@core@4@@Z$0 00409a40 f    CIL library: CIL module
 0001:00008a48       __ehhandler$?mem_free@?$TRMemAlloc_CC@U?$TMemAllocHeader@USMagic@mem_headers@rsystem@base@UModSys@@U?$TPool@X@2345@USDebug@2345@UVoid@core@5@U895@@rsystem@base@UModSys@@USMemAlloc_Malloc@core@4@@rsystem@base@UModSys@@UAEXPAXPBUSSourceContext@core@4@@Z 00409a48 f    CIL library: CIL module
 0001:00008a60       __unwindfunclet$?mem_realloc@?$TRMemAlloc_CC@U?$TMemAllocHeader@USMagic@mem_headers@rsystem@base@UModSys@@U?$TPool@X@2345@USDebug@2345@UVoid@core@5@U895@@rsystem@base@UModSys@@USMemAlloc_Malloc@core@4@@rsystem@base@UModSys@@UAEPAXPAXIPBUSSourceContext@core@4@@Z$0 00409a60 f    CIL library: CIL module
 0001:00008a68       __unwindfunclet$?mem_realloc@?$TRMemAlloc_CC@U?$TMemAllocHeader@USMagic@mem_headers@rsystem@base@UModSys@@U?$TPool@X@2345@USDebug@2345@UVoid@core@5@U895@@rsystem@base@UModSys@@USMemAlloc_Malloc@core@4@@rsystem@base@UModSys@@UAEPAXPAXIPBUSSourceContext@core@4@@Z$1 00409a68 f    CIL library: CIL module
 0001:00008a70       __ehhandler$?mem_realloc@?$TRMemAlloc_CC@U?$TMemAllocHeader@USMagic@mem_headers@rsystem@base@UModSys@@U?$TPool@X@2345@USDebug@2345@UVoid@core@5@U895@@rsystem@base@UModSys@@USMemAlloc_Malloc@core@4@@rsystem@base@UModSys@@UAEPAXPAXIPBUSSourceContext@core@4@@Z 00409a70 f    CIL library: CIL module
 0001:00008a80       ??__E?s_id@?$TObjectUniqueID@UIRoot@core@UModSys@@@tl@UModSys@@2USUniquePointer@core@3@A@@YAXXZ 00409a80 f    CIL library: CIL module
 0001:00008ab0       ??__E?s_id@?$TObjectUniqueID@UIRefObject@core@UModSys@@@tl@UModSys@@2USUniquePointer@core@3@A@@YAXXZ 00409ab0 f    CIL library: CIL module
 0001:00008ae0       ??__E?s_id@?$TObjectUniqueID@UIParameters@core@UModSys@@@tl@UModSys@@2USUniquePointer@core@3@A@@YAXXZ 00409ae0 f    CIL library: CIL module
 0001:00008b10       ??__E?s_id@?$TObjectUniqueID@UIModule@base@UModSys@@@tl@UModSys@@2USUniquePointer@core@3@A@@YAXXZ 00409b10 f    CIL library: CIL module
 0001:00008b40       ??__E?s_id@?$TObjectUniqueID@UIModuleLibrary@base@UModSys@@@tl@UModSys@@2USUniquePointer@core@3@A@@YAXXZ 00409b40 f    CIL library: CIL module
 0001:00008b70       ??__E?s_id@?$TObjectUniqueID@UIModObject@base@UModSys@@@tl@UModSys@@2USUniquePointer@core@3@A@@YAXXZ 00409b70 f    CIL library: CIL module
 0001:00008ba0       ??__E?s_id@?$TObjectUniqueID@UIGenerator@base@UModSys@@@tl@UModSys@@2USUniquePointer@core@3@A@@YAXXZ 00409ba0 f    CIL library: CIL module
 0001:00008bd0       ??__E?s_id@?$TObjectUniqueID@UIShell@base@UModSys@@@tl@UModSys@@2USUniquePointer@core@3@A@@YAXXZ 00409bd0 f    CIL library: CIL module
 0001:00008c00       ??__E?s_id@?$TObjectUniqueID@UIConsole@base@UModSys@@@tl@UModSys@@2USUniquePointer@core@3@A@@YAXXZ 00409c00 f    CIL library: CIL module
 0001:00008c30       ??__E?s_id@?$TObjectUniqueID@UISystem@base@UModSys@@@tl@UModSys@@2USUniquePointer@core@3@A@@YAXXZ 00409c30 f    CIL library: CIL module
 0001:00008c60       ??__E?s_id@?$TObjectUniqueID@URModule@rsystem@base@UModSys@@@tl@UModSys@@2USUniquePointer@core@3@A@@YAXXZ 00409c60 f    CIL library: CIL module
 0001:00008c90       ??__E?s_id@?$TObjectUniqueID@UIModuleLibraryUni@rsystem@base@UModSys@@@tl@UModSys@@2USUniquePointer@core@3@A@@YAXXZ 00409c90 f    CIL library: CIL module
 0001:00008cc0       ??__E?s_id@?$TObjectUniqueID@URModuleLibrarySO@rsystem@base@UModSys@@@tl@UModSys@@2USUniquePointer@core@3@A@@YAXXZ 00409cc0 f    CIL library: CIL module
 0001:00008cf0       ??__E?s_id@?$TObjectUniqueID@URModuleLibraryThis@rsystem@base@UModSys@@@tl@UModSys@@2USUniquePointer@core@3@A@@YAXXZ 00409cf0 f    CIL library: CIL module
 0001:00008d20       ??__E?s_id@?$TObjectUniqueID@URParameters@rsystem@base@UModSys@@@tl@UModSys@@2USUniquePointer@core@3@A@@YAXXZ 00409d20 f    CIL library: CIL module
 0001:00008d50       ??__E?s_id@?$TObjectUniqueID@URSystem@rsystem@base@UModSys@@@tl@UModSys@@2USUniquePointer@core@3@A@@YAXXZ 00409d50 f    CIL library: CIL module
 0001:00008d80       ??__E?s_id@?$TObjectUniqueID@URConsole_std@rsystem@base@UModSys@@@tl@UModSys@@2USUniquePointer@core@3@A@@YAXXZ 00409d80 f    CIL library: CIL module
 0001:00008db0       ??__E?s_modreg@RModuleReg@stdio@media@modules@UModSys@@2U12345@A@@YAXXZ 00409db0 f    CIL library: CIL module
 0001:00008dd0       ??__E?s_modreg_chain@RModuleReg@stdio@media@modules@UModSys@@2USModuleRegChain@base@5@A@@YAXXZ 00409dd0 f    CIL library: CIL module
 0001:00008df0       ??__E?s_uid@RGenerator@stdio@media@modules@UModSys@@2USUniquePointer@core@5@A@@YAXXZ 00409df0 f    CIL library: CIL module
 0001:00008e20       ??__E?s_id@?$TObjectUniqueID@UIStreamReader@libmedia@UModSys@@@tl@UModSys@@2USUniquePointer@core@3@A@@YAXXZ 00409e20 f    CIL library: CIL module
 0001:00008e50       ??__E?s_id@?$TObjectUniqueID@UIStreamWriter@libmedia@UModSys@@@tl@UModSys@@2USUniquePointer@core@3@A@@YAXXZ 00409e50 f    CIL library: CIL module
 0001:00008e80       ??__E?s_id@?$TObjectUniqueID@UIDataArchive@libmedia@UModSys@@@tl@UModSys@@2USUniquePointer@core@3@A@@YAXXZ 00409e80 f    CIL library: CIL module
 0001:00008eb0       ??__E?s_id@?$TObjectUniqueID@URStreamReader_FILE@stdio@media@modules@UModSys@@@tl@UModSys@@2USUniquePointer@core@3@A@@YAXXZ 00409eb0 f    CIL library: CIL module
 0001:00008ee0       ??__E?s_id@?$TObjectUniqueID@URStreamWriter_FILE@stdio@media@modules@UModSys@@@tl@UModSys@@2USUniquePointer@core@3@A@@YAXXZ 00409ee0 f    CIL library: CIL module
 0001:00008f10       ??__E?s_id@?$TObjectUniqueID@URDataArchiver_OsDir@stdio@media@modules@UModSys@@@tl@UModSys@@2USUniquePointer@core@3@A@@YAXXZ 00409f10 f    CIL library: CIL module
 0001:00008f40       ??__E?s_id@?$TObjectUniqueID@URGenerator@stdio@media@modules@UModSys@@@tl@UModSys@@2USUniquePointer@core@3@A@@YAXXZ 00409f40 f    CIL library: CIL module
 0001:00008f70       ??__E?s_console@RConsole_std@rsystem@base@UModSys@@2U1234@A@@YAXXZ 00409f70 f    CIL library: CIL module
 0001:00008f90       ??__E?s_sys@RSystem@rsystem@base@UModSys@@2U1234@A@@YAXXZ 00409f90 f    CIL library: CIL module
 0001:00008fb0       ??__Ersys_dbg@rsystem@base@UModSys@@YAXXZ 00409fb0 f    CIL library: CIL module
 0001:00008fd0       ??__EM@UModSys@@YAXXZ      00409fd0 f    CIL library: CIL module
 0001:00008ff0       ??__E?root@SModuleRegChain@base@UModSys@@2U123@A@@YAXXZ 00409ff0 f    CIL library: CIL module
 0001:00009010       ??__E?s_library@RModuleLibraryReg_Chain@base@UModSys@@2U123@A@@YAXXZ 0040a010 f    CIL library: CIL module
 0001:00009030       ??__E?root@SUniquePointer@core@UModSys@@2U123@A@@YAXXZ 0040a030 f    CIL library: CIL module
 0001:00009050       ??__F?s_id@?$TObjectUniqueID@URConsole_std@rsystem@base@UModSys@@@tl@UModSys@@2USUniquePointer@core@3@A@@YAXXZ 0040a050 f    CIL library: CIL module
 0001:00009060       ??__F?s_id@?$TObjectUniqueID@URSystem@rsystem@base@UModSys@@@tl@UModSys@@2USUniquePointer@core@3@A@@YAXXZ 0040a060 f    CIL library: CIL module
 0001:00009070       ??__F?s_id@?$TObjectUniqueID@URParameters@rsystem@base@UModSys@@@tl@UModSys@@2USUniquePointer@core@3@A@@YAXXZ 0040a070 f    CIL library: CIL module
 0001:00009080       ??__F?s_id@?$TObjectUniqueID@URModuleLibraryThis@rsystem@base@UModSys@@@tl@UModSys@@2USUniquePointer@core@3@A@@YAXXZ 0040a080 f    CIL library: CIL module
 0001:00009090       ??__F?s_id@?$TObjectUniqueID@URModuleLibrarySO@rsystem@base@UModSys@@@tl@UModSys@@2USUniquePointer@core@3@A@@YAXXZ 0040a090 f    CIL library: CIL module
 0001:000090a0       ??__F?s_id@?$TObjectUniqueID@UIModuleLibraryUni@rsystem@base@UModSys@@@tl@UModSys@@2USUniquePointer@core@3@A@@YAXXZ 0040a0a0 f    CIL library: CIL module
 0001:000090b0       ??__F?s_id@?$TObjectUniqueID@URModule@rsystem@base@UModSys@@@tl@UModSys@@2USUniquePointer@core@3@A@@YAXXZ 0040a0b0 f    CIL library: CIL module
 0001:000090c0       ??__F?s_id@?$TObjectUniqueID@UISystem@base@UModSys@@@tl@UModSys@@2USUniquePointer@core@3@A@@YAXXZ 0040a0c0 f    CIL library: CIL module
 0001:000090d0       ??__F?s_id@?$TObjectUniqueID@UIConsole@base@UModSys@@@tl@UModSys@@2USUniquePointer@core@3@A@@YAXXZ 0040a0d0 f    CIL library: CIL module
 0001:000090e0       ??__F?s_id@?$TObjectUniqueID@UIShell@base@UModSys@@@tl@UModSys@@2USUniquePointer@core@3@A@@YAXXZ 0040a0e0 f    CIL library: CIL module
 0001:000090f0       ??__F?s_id@?$TObjectUniqueID@UIGenerator@base@UModSys@@@tl@UModSys@@2USUniquePointer@core@3@A@@YAXXZ 0040a0f0 f    CIL library: CIL module
 0001:00009100       ??__F?s_id@?$TObjectUniqueID@UIModObject@base@UModSys@@@tl@UModSys@@2USUniquePointer@core@3@A@@YAXXZ 0040a100 f    CIL library: CIL module
 0001:00009110       ??__F?s_id@?$TObjectUniqueID@UIModuleLibrary@base@UModSys@@@tl@UModSys@@2USUniquePointer@core@3@A@@YAXXZ 0040a110 f    CIL library: CIL module
 0001:00009120       ??__F?s_id@?$TObjectUniqueID@UIModule@base@UModSys@@@tl@UModSys@@2USUniquePointer@core@3@A@@YAXXZ 0040a120 f    CIL library: CIL module
 0001:00009130       ??__F?s_id@?$TObjectUniqueID@UIParameters@core@UModSys@@@tl@UModSys@@2USUniquePointer@core@3@A@@YAXXZ 0040a130 f    CIL library: CIL module
 0001:00009140       ??__F?s_id@?$TObjectUniqueID@UIRefObject@core@UModSys@@@tl@UModSys@@2USUniquePointer@core@3@A@@YAXXZ 0040a140 f    CIL library: CIL module
 0001:00009150       ??__F?s_id@?$TObjectUniqueID@UIRoot@core@UModSys@@@tl@UModSys@@2USUniquePointer@core@3@A@@YAXXZ 0040a150 f    CIL library: CIL module
 0001:00009160       ??__F?s_modreg@RModuleReg@stdio@media@modules@UModSys@@2U12345@A@@YAXXZ 0040a160 f    CIL library: CIL module
 0001:00009180       ??__F?s_modreg_chain@RModuleReg@stdio@media@modules@UModSys@@2USModuleRegChain@base@5@A@@YAXXZ 0040a180 f    CIL library: CIL module
 0001:00009190       ??__F?s_uid@RGenerator@stdio@media@modules@UModSys@@2USUniquePointer@core@5@A@@YAXXZ 0040a190 f    CIL library: CIL module
 0001:000091a0       ??__Fh@?1??s_holder@RGenerator@stdio@media@modules@UModSys@@SAAAU?$TTypeStaticHolder@URGenerator@stdio@media@modules@UModSys@@@tl@5@XZ@YAXXZ 0040a1a0 f    CIL library: CIL module
 0001:000091c0       ??__F?s_id@?$TObjectUniqueID@URGenerator@stdio@media@modules@UModSys@@@tl@UModSys@@2USUniquePointer@core@3@A@@YAXXZ 0040a1c0 f    CIL library: CIL module
 0001:000091d0       ??__F?s_id@?$TObjectUniqueID@URDataArchiver_OsDir@stdio@media@modules@UModSys@@@tl@UModSys@@2USUniquePointer@core@3@A@@YAXXZ 0040a1d0 f    CIL library: CIL module
 0001:000091e0       ??__F?s_id@?$TObjectUniqueID@URStreamWriter_FILE@stdio@media@modules@UModSys@@@tl@UModSys@@2USUniquePointer@core@3@A@@YAXXZ 0040a1e0 f    CIL library: CIL module
 0001:000091f0       ??__F?s_id@?$TObjectUniqueID@URStreamReader_FILE@stdio@media@modules@UModSys@@@tl@UModSys@@2USUniquePointer@core@3@A@@YAXXZ 0040a1f0 f    CIL library: CIL module
 0001:00009200       ??__F?s_id@?$TObjectUniqueID@UIDataArchive@libmedia@UModSys@@@tl@UModSys@@2USUniquePointer@core@3@A@@YAXXZ 0040a200 f    CIL library: CIL module
 0001:00009210       ??__F?s_id@?$TObjectUniqueID@UIStreamWriter@libmedia@UModSys@@@tl@UModSys@@2USUniquePointer@core@3@A@@YAXXZ 0040a210 f    CIL library: CIL module
 0001:00009220       ??__F?s_id@?$TObjectUniqueID@UIStreamReader@libmedia@UModSys@@@tl@UModSys@@2USUniquePointer@core@3@A@@YAXXZ 0040a220 f    CIL library: CIL module
 0001:00009230       ??__F?s_console@RConsole_std@rsystem@base@UModSys@@2U1234@A@@YAXXZ 0040a230 f    CIL library: CIL module
 0001:00009240       ??__F?s_sys@RSystem@rsystem@base@UModSys@@2U1234@A@@YAXXZ 0040a240 f    CIL library: CIL module
 0001:00009250       ??__Frsys_dbg@rsystem@base@UModSys@@YAXXZ 0040a250 f    CIL library: CIL module
 0001:00009260       ??__FM@UModSys@@YAXXZ      0040a260 f    CIL library: CIL module
 0001:00009270       ??__F?root@SModuleRegChain@base@UModSys@@2U123@A@@YAXXZ 0040a270 f    CIL library: CIL module
 0001:00009280       ??__F?s_library@RModuleLibraryReg_Chain@base@UModSys@@2U123@A@@YAXXZ 0040a280 f    CIL library: CIL module
 0001:00009290       ??__F?root@SUniquePointer@core@UModSys@@2U123@A@@YAXXZ 0040a290 f    CIL library: CIL module

 Exports

  ordinal    name

        1    _UModSys_Plugin_Entry2@0
