 umodsysc

 Timestamp is 527368b0 (Fri Nov 01 11:39:12 2013)

 Preferred load address is 00400000

 Start         Length     Name                   Class
 0001:00000000 0000e6fcH .text                   CODE
 0001:0000e700 0000051aH .text$x                 CODE
 0001:0000ec20 00000a01H .text$yc                CODE
 0001:0000f630 0000041aH .text$yd                CODE
 0002:00000000 000001bcH .idata$5                DATA
 0002:000001bc 00000004H .CRT$XCA                DATA
 0002:000001c0 00000004H .CRT$XCAA               DATA
 0002:000001c4 00000294H .CRT$XCU                DATA
 0002:00000458 00000004H .CRT$XCZ                DATA
 0002:0000045c 00000004H .CRT$XIA                DATA
 0002:00000460 00000004H .CRT$XIAA               DATA
 0002:00000464 00000004H .CRT$XIY                DATA
 0002:00000468 00000004H .CRT$XIZ                DATA
 0002:00000470 00001c50H .rdata                  DATA
 0002:000020c0 00001310H .rdata$r                DATA
 0002:000033d0 0000009cH .rdata$sxdata           DATA
 0002:0000346c 00000004H .rtc$IAA                DATA
 0002:00003470 00000004H .rtc$IZZ                DATA
 0002:00003474 00000004H .rtc$TAA                DATA
 0002:00003478 00000004H .rtc$TZZ                DATA
 0002:00003480 00000890H .xdata$x                DATA
 0002:00003d10 00000050H .idata$2                DATA
 0002:00003d60 00000014H .idata$3                DATA
 0002:00003d74 000001bcH .idata$4                DATA
 0002:00003f30 00000752H .idata$6                DATA
 0002:00004690 00000058H .edata                  DATA
 0003:00000000 00000cc0H .data                   DATA
 0003:00000cc0 000029e8H .bss                    DATA

  Address         Publics by Value              Rva+Base       Lib:Object

 0000:00000000       __except_list              00000000     <absolute>
 0000:00000027       ___safe_se_handler_count   00000027     <absolute>
 0000:00009876       __fltused                  00009876     <absolute>
 0000:00009876       __ldused                   00009876     <absolute>
 0000:00000000       ___ImageBase               00400000     <linker-defined>
 0001:00000000       ??0?$TString@U?$TSCoreConst@D@su@tl@UModSys@@U?$TComparerBinaryHash@D@234@@tl@UModSys@@QAE@PBD@Z 00401000 f i umodsys.c_main.obj
 0001:00000050       ??$shash@D@su@tl@UModSys@@YAHPBDI@Z 00401050 f i umodsys.c_main.obj
 0001:00000080       ??1SCMemShared@core@UModSys@@QAE@XZ 00401080 f i umodsys_lib_libmedia:umodsys.mod.media.std.obj
 0001:00000080       ??1SMemShared@core@UModSys@@QAE@XZ 00401080 f i umodsys_lib_libmedia:umodsys.mod.media.std.obj
 0001:00000080       ??1SInfo@IBinObjFilter@libmedia@UModSys@@QAE@XZ 00401080 f i umodsys_lib_libmedia:umodsys.mod.media.std.obj
 0001:00000090       ??3IRoot@core@UModSys@@SAXPAXABUSIMemAlloc@12@@Z 00401090 f i umodsys_lib_libmedia:umodsys.mod.media.std.obj
 0001:000000a0       ??1?$TString@U?$TSCoreShared@USIMemAlloc@core@UModSys@@D@su@tl@UModSys@@U?$TComparerBinaryHash@D@234@@tl@UModSys@@QAE@XZ 004010a0 f i umodsys_lib_libmedia:umodsys.mod.media.std.obj
 0001:000000a0       ??1?$TSCoreShared@USIMemAlloc@core@UModSys@@D@su@tl@UModSys@@QAE@XZ 004010a0 f i umodsys_lib_libmedia:umodsys.mod.media.std.obj
 0001:000000e0       ?get_flag@RResolverChain@SFlagsChain@libmedia@UModSys@@UBE?AW4eStates@?$TFlags4State@USMediaFlagUid@libmedia@UModSys@@I@tl@4@H@Z 004010e0 f i umodsys_lib_libmedia:umodsys.mod.media.std.obj
 0001:00000120       ??1SLayer@ILibraryLayered@libmedia@UModSys@@QAE@XZ 00401120 f i umodsys_lib_libmedia:umodsys.mod.media.std.obj
 0001:00000120       ??1SPoint@ILibraryBinTree@libmedia@UModSys@@QAE@XZ 00401120 f i umodsys_lib_libmedia:umodsys.mod.media.std.obj
 0001:00000140       ?root_get_interface_info@RLibraryBinCache@std@media@modules@UModSys@@UBEABUSUniquePointerInfo@core@5@XZ 00401140 f i umodsys_lib_libmedia:umodsys.mod.media.std.obj
 0001:00000150       ?root_get_interface_type@RLibraryBinCache@std@media@modules@UModSys@@UBEPBUSUniquePointerInfo@core@5@XZ 00401150 f i umodsys_lib_libmedia:umodsys.mod.media.std.obj
 0001:00000160       ?root_get_other_interface@RLibraryBinCache@std@media@modules@UModSys@@UBEPBUIRoot@core@5@PBUSUniquePointerInfo@75@@Z 00401160 f i umodsys_lib_libmedia:umodsys.mod.media.std.obj
 0001:00000160       ?root_get_other_interface@RLibraryBinCache@std@media@modules@UModSys@@UAEPAUIRoot@core@5@PBUSUniquePointerInfo@75@@Z 00401160 f i umodsys_lib_libmedia:umodsys.mod.media.std.obj
 0001:000001a0       ?root_is_interface_supported@RLibraryBinCache@std@media@modules@UModSys@@UBE_NPBUSUniquePointerInfo@core@5@@Z 004011a0 f i umodsys_lib_libmedia:umodsys.mod.media.std.obj
 0001:000001e0       ??0RLibraryBinCache@std@media@modules@UModSys@@QAE@PAUIModObject@base@4@ABUSParameters@core@4@U?$TFlags4State@USMediaFlagUid@libmedia@UModSys@@I@tl@4@@Z 004011e0 f i umodsys_lib_libmedia:umodsys.mod.media.std.obj
 0001:00000260       ??1RLibraryBinCache@std@media@modules@UModSys@@UAE@XZ 00401260 f i umodsys_lib_libmedia:umodsys.mod.media.std.obj
 0001:000002d0       ?get_flag@RLibraryBinTree@std@media@modules@UModSys@@UBE?AW4eStates@?$TFlags4State@USMediaFlagUid@libmedia@UModSys@@I@tl@5@H@Z 004012d0 f i umodsys_lib_libmedia:umodsys.mod.media.std.obj
 0001:000002d0       ?get_flag@RLibraryObjFilter@std@media@modules@UModSys@@UBE?AW4eStates@?$TFlags4State@USMediaFlagUid@libmedia@UModSys@@I@tl@5@H@Z 004012d0 f i umodsys_lib_libmedia:umodsys.mod.media.std.obj
 0001:000002d0       ?get_flag@RLibraryBinCache@std@media@modules@UModSys@@UBE?AW4eStates@?$TFlags4State@USMediaFlagUid@libmedia@UModSys@@I@tl@5@H@Z 004012d0 f i umodsys_lib_libmedia:umodsys.mod.media.std.obj
 0001:000002d0       ?get_flag@RLibraryObjCache@std@media@modules@UModSys@@UBE?AW4eStates@?$TFlags4State@USMediaFlagUid@libmedia@UModSys@@I@tl@5@H@Z 004012d0 f i umodsys_lib_libmedia:umodsys.mod.media.std.obj
 0001:000002f0       ?get_flags_auto@RLibraryBinCache@std@media@modules@UModSys@@UBE?AU?$TFlags4State@USMediaFlagUid@libmedia@UModSys@@I@tl@5@XZ 004012f0 f i umodsys_lib_libmedia:umodsys.mod.media.std.obj
 0001:00000300       ?bin_load@RLibraryBinCache@std@media@modules@UModSys@@UAE_NABU?$TString@U?$TSCoreConst@D@su@tl@UModSys@@U?$TComparerBinaryHash@D@234@@tl@5@AAUSCMemShared@core@5@ABUSFlags@libmedia@5@@Z 00401300 f i umodsys_lib_libmedia:umodsys.mod.media.std.obj
 0001:00000360       ?bin_put@RLibraryBinCache@std@media@modules@UModSys@@UAE_NABU?$TString@U?$TSCoreConst@D@su@tl@UModSys@@U?$TComparerBinaryHash@D@234@@tl@5@PBUSCMemShared@core@5@@Z 00401360 f i umodsys_lib_libmedia:umodsys.mod.media.std.obj
 0001:00000390       ?bincache_get@RLibraryBinCache@std@media@modules@UModSys@@UBE_NABU?$TString@U?$TSCoreConst@D@su@tl@UModSys@@U?$TComparerBinaryHash@D@234@@tl@5@PAUSCMemShared@core@5@PA_N@Z 00401390 f i umodsys_lib_libmedia:umodsys.mod.media.std.obj
 0001:00000410       ?bincache_add@RLibraryBinCache@std@media@modules@UModSys@@UAE_NABU?$TString@U?$TSCoreConst@D@su@tl@UModSys@@U?$TComparerBinaryHash@D@234@@tl@5@@Z 00401410 f i umodsys_lib_libmedia:umodsys.mod.media.std.obj
 0001:00000460       ?bincache_add@RLibraryBinCache@std@media@modules@UModSys@@UAE_NABU?$TString@U?$TSCoreConst@D@su@tl@UModSys@@U?$TComparerBinaryHash@D@234@@tl@5@ABUSCMemShared@core@5@@Z 00401460 f i umodsys_lib_libmedia:umodsys.mod.media.std.obj
 0001:00000480       ?bincache_remove@RLibraryBinCache@std@media@modules@UModSys@@UAE_NABU?$TString@U?$TSCoreConst@D@su@tl@UModSys@@U?$TComparerBinaryHash@D@234@@tl@5@@Z 00401480 f i umodsys_lib_libmedia:umodsys.mod.media.std.obj
 0001:000004c0       ?bincache_clear@RLibraryBinCache@std@media@modules@UModSys@@UAE_NXZ 004014c0 f i umodsys_lib_libmedia:umodsys.mod.media.std.obj
 0001:000004f0       ?bincache_add@RLibraryBinCache@std@media@modules@UModSys@@QAE_NABU?$TString@U?$TSCoreConst@D@su@tl@UModSys@@U?$TComparerBinaryHash@D@234@@tl@5@ABUSCMemShared@core@5@_N@Z 004014f0 f i umodsys_lib_libmedia:umodsys.mod.media.std.obj
 0001:00000660       ??_ERLibraryBinCache@std@media@modules@UModSys@@UAEPAXI@Z 00401660 f i  CIL library: CIL module
 0001:00000660       ??_GRLibraryBinCache@std@media@modules@UModSys@@UAEPAXI@Z 00401660 f i umodsys_lib_libmedia:umodsys.mod.media.std.obj
 0001:00000680       ??_GRGenerator@stdio@media@modules@UModSys@@UAEPAXI@Z 00401680 f i umodsys_lib_libmedia:umodsys.mod.media.stdio.obj
 0001:00000680       ??_GRGenerator@images_std@media@modules@UModSys@@UAEPAXI@Z 00401680 f i umodsys_lib_libmedia:umodsys.mod.media.images_std.obj
 0001:00000680       ??_ERGenerator@stdio@media@modules@UModSys@@UAEPAXI@Z 00401680 f i  CIL library: CIL module
 0001:00000680       ??_GRGenerator@std@media@modules@UModSys@@UAEPAXI@Z 00401680 f i umodsys_lib_libmedia:umodsys.mod.media.std.obj
 0001:00000680       ??_GIRefObject@core@UModSys@@UAEPAXI@Z 00401680 f i umodsys_lib_libmedia:umodsys.mod.media.std.obj
 0001:00000680       ??_EIRefObject@core@UModSys@@UAEPAXI@Z 00401680 f i  CIL library: CIL module
 0001:00000680       ??_ERGenerator@images_std@media@modules@UModSys@@UAEPAXI@Z 00401680 f i  CIL library: CIL module
 0001:00000680       ??_ERGenerator@std@media@modules@UModSys@@UAEPAXI@Z 00401680 f i  CIL library: CIL module
 0001:000006a0       ??_EIRoot@core@UModSys@@UAEPAXI@Z 004016a0 f i  CIL library: CIL module
 0001:000006a0       ??_GIRoot@core@UModSys@@UAEPAXI@Z 004016a0 f i umodsys_lib_libmedia:umodsys.mod.media.std.obj
 0001:000006c0       ?root_get_interface_info@RLibraryBinTree@std@media@modules@UModSys@@UBEABUSUniquePointerInfo@core@5@XZ 004016c0 f i umodsys_lib_libmedia:umodsys.mod.media.std.obj
 0001:000006d0       ?root_get_interface_type@RLibraryBinTree@std@media@modules@UModSys@@UBEPBUSUniquePointerInfo@core@5@XZ 004016d0 f i umodsys_lib_libmedia:umodsys.mod.media.std.obj
 0001:000006e0       ?root_get_other_interface@RLibraryBinTree@std@media@modules@UModSys@@UAEPAUIRoot@core@5@PBUSUniquePointerInfo@75@@Z 004016e0 f i umodsys_lib_libmedia:umodsys.mod.media.std.obj
 0001:000006e0       ?root_get_other_interface@RLibraryBinTree@std@media@modules@UModSys@@UBEPBUIRoot@core@5@PBUSUniquePointerInfo@75@@Z 004016e0 f i umodsys_lib_libmedia:umodsys.mod.media.std.obj
 0001:00000720       ?root_is_interface_supported@RLibraryBinTree@std@media@modules@UModSys@@UBE_NPBUSUniquePointerInfo@core@5@@Z 00401720 f i umodsys_lib_libmedia:umodsys.mod.media.std.obj
 0001:00000760       ??0RLibraryBinTree@std@media@modules@UModSys@@QAE@PAUIModObject@base@4@ABUSParameters@core@4@U?$TFlags4State@USMediaFlagUid@libmedia@UModSys@@I@tl@4@@Z 00401760 f i umodsys_lib_libmedia:umodsys.mod.media.std.obj
 0001:000007e0       ??1RLibraryBinTree@std@media@modules@UModSys@@UAE@XZ 004017e0 f i umodsys_lib_libmedia:umodsys.mod.media.std.obj
 0001:00000850       ?get_flags_auto@RLibraryBinTree@std@media@modules@UModSys@@UBE?AU?$TFlags4State@USMediaFlagUid@libmedia@UModSys@@I@tl@5@XZ 00401850 f i umodsys_lib_libmedia:umodsys.mod.media.std.obj
 0001:00000860       ?set_flag@RLibraryObjCache@std@media@modules@UModSys@@UAE?AW4eStates@?$TFlags4State@USMediaFlagUid@libmedia@UModSys@@I@tl@5@HW46785@@Z 00401860 f i umodsys_lib_libmedia:umodsys.mod.media.std.obj
 0001:00000860       ?set_flag@RLibraryObjFilter@std@media@modules@UModSys@@UAE?AW4eStates@?$TFlags4State@USMediaFlagUid@libmedia@UModSys@@I@tl@5@HW46785@@Z 00401860 f i umodsys_lib_libmedia:umodsys.mod.media.std.obj
 0001:00000860       ?set_flag@RLibraryBinTree@std@media@modules@UModSys@@UAE?AW4eStates@?$TFlags4State@USMediaFlagUid@libmedia@UModSys@@I@tl@5@HW46785@@Z 00401860 f i umodsys_lib_libmedia:umodsys.mod.media.std.obj
 0001:00000860       ?set_flag@RLibraryBinCache@std@media@modules@UModSys@@UAE?AW4eStates@?$TFlags4State@USMediaFlagUid@libmedia@UModSys@@I@tl@5@HW46785@@Z 00401860 f i umodsys_lib_libmedia:umodsys.mod.media.std.obj
 0001:00000890       ?bin_reader@RLibraryBinTree@std@media@modules@UModSys@@UAE?AU?$TRefObject@UIStreamReader@libmedia@UModSys@@U?$TRefObjectFunc@UIStreamReader@libmedia@UModSys@@@tl@3@@tl@5@ABU?$TString@U?$TSCoreConst@D@su@tl@UModSys@@U?$TComparerBinaryHash@D@234@@75@ABUSFlags@libmedia@5@@Z 00401890 f i umodsys_lib_libmedia:umodsys.mod.media.std.obj
 0001:00000a00       ?bin_writer@RLibraryBinTree@std@media@modules@UModSys@@UAE?AU?$TRefObject@UIStreamWriter@libmedia@UModSys@@U?$TRefObjectFunc@UIStreamWriter@libmedia@UModSys@@@tl@3@@tl@5@ABU?$TString@U?$TSCoreConst@D@su@tl@UModSys@@U?$TComparerBinaryHash@D@234@@75@ABUSFlags@libmedia@5@@Z 00401a00 f i umodsys_lib_libmedia:umodsys.mod.media.std.obj
 0001:00000b70       ?bin_load@RLibraryBinTree@std@media@modules@UModSys@@UAE_NABU?$TString@U?$TSCoreConst@D@su@tl@UModSys@@U?$TComparerBinaryHash@D@234@@tl@5@AAUSCMemShared@core@5@ABUSFlags@libmedia@5@@Z 00401b70 f i umodsys_lib_libmedia:umodsys.mod.media.std.obj
 0001:00000c80       ?bin_save@RLibraryBinTree@std@media@modules@UModSys@@UAE_NABU?$TString@U?$TSCoreConst@D@su@tl@UModSys@@U?$TComparerBinaryHash@D@234@@tl@5@ABUSCMem@core@5@ABUSFlags@libmedia@5@@Z 00401c80 f i umodsys_lib_libmedia:umodsys.mod.media.std.obj
 0001:00000d80       ?mount_get@RLibraryBinTree@std@media@modules@UModSys@@UBE?AUSPoint@ILibraryBinTree@libmedia@5@ABUSId@785@@Z 00401d80 f i umodsys_lib_libmedia:umodsys.mod.media.std.obj
 0001:00000de0       ?mount_add@RLibraryBinTree@std@media@modules@UModSys@@UAE_NABUSId@ILibraryBinTree@libmedia@5@ABUSPoint@785@@Z 00401de0 f i umodsys_lib_libmedia:umodsys.mod.media.std.obj
 0001:00000f60       ?mount_remove@RLibraryBinTree@std@media@modules@UModSys@@UAE_NABUSId@ILibraryBinTree@libmedia@5@@Z 00401f60 f i umodsys_lib_libmedia:umodsys.mod.media.std.obj
 0001:00000fa0       ?mount_clear@RLibraryBinTree@std@media@modules@UModSys@@UAE_NXZ 00401fa0 f i umodsys_lib_libmedia:umodsys.mod.media.std.obj
 0001:00000fd0       ??_ERLibraryBinTree@std@media@modules@UModSys@@UAEPAXI@Z 00401fd0 f i  CIL library: CIL module
 0001:00000fd0       ??_GRLibraryBinTree@std@media@modules@UModSys@@UAEPAXI@Z 00401fd0 f i umodsys_lib_libmedia:umodsys.mod.media.std.obj
 0001:00000ff0       ?root_get_interface_info@RLibraryLayered@std@media@modules@UModSys@@UBEABUSUniquePointerInfo@core@5@XZ 00401ff0 f i umodsys_lib_libmedia:umodsys.mod.media.std.obj
 0001:00001000       ?root_get_interface_type@RLibraryLayered@std@media@modules@UModSys@@UBEPBUSUniquePointerInfo@core@5@XZ 00402000 f i umodsys_lib_libmedia:umodsys.mod.media.std.obj
 0001:00001010       ?root_get_other_interface@RLibraryLayered@std@media@modules@UModSys@@UBEPBUIRoot@core@5@PBUSUniquePointerInfo@75@@Z 00402010 f i umodsys_lib_libmedia:umodsys.mod.media.std.obj
 0001:00001010       ?root_get_other_interface@RLibraryLayered@std@media@modules@UModSys@@UAEPAUIRoot@core@5@PBUSUniquePointerInfo@75@@Z 00402010 f i umodsys_lib_libmedia:umodsys.mod.media.std.obj
 0001:00001050       ?root_is_interface_supported@RLibraryLayered@std@media@modules@UModSys@@UBE_NPBUSUniquePointerInfo@core@5@@Z 00402050 f i umodsys_lib_libmedia:umodsys.mod.media.std.obj
 0001:00001090       ?ref_remove@RMediaFilter@images_std@media@modules@UModSys@@UBEXXZ 00402090 f i umodsys_lib_libmedia:umodsys.mod.media.images_std.obj
 0001:00001090       ?ref_remove@RLibraryBinTree@std@media@modules@UModSys@@UBEXXZ 00402090 f i umodsys_lib_libmedia:umodsys.mod.media.std.obj
 0001:00001090       ?ref_remove@RLibraryLayered@std@media@modules@UModSys@@UBEXXZ 00402090 f i umodsys_lib_libmedia:umodsys.mod.media.std.obj
 0001:00001090       ?ref_remove@RLibraryBinCache@std@media@modules@UModSys@@UBEXXZ 00402090 f i umodsys_lib_libmedia:umodsys.mod.media.std.obj
 0001:00001090       ?ref_remove@RLibraryObjCache@std@media@modules@UModSys@@UBEXXZ 00402090 f i umodsys_lib_libmedia:umodsys.mod.media.std.obj
 0001:00001090       ?ref_remove@RDataArchiver_OsDir@stdio@media@modules@UModSys@@UBEXXZ 00402090 f i umodsys_lib_libmedia:umodsys.mod.media.stdio.obj
 0001:00001090       ?ref_remove@RLibraryObjFilter@std@media@modules@UModSys@@UBEXXZ 00402090 f i umodsys_lib_libmedia:umodsys.mod.media.std.obj
 0001:000010a0       ??4SLayerX@RLibraryLayered@std@media@modules@UModSys@@QAEXABUSLayer@ILibraryLayered@libmedia@5@@Z 004020a0 f i umodsys_lib_libmedia:umodsys.mod.media.std.obj
 0001:00001130       ??0RLibraryLayered@std@media@modules@UModSys@@QAE@PAUIModObject@base@4@ABUSParameters@core@4@U?$TFlags4State@USMediaFlagUid@libmedia@UModSys@@I@tl@4@@Z 00402130 f i umodsys_lib_libmedia:umodsys.mod.media.std.obj
 0001:000011c0       ??1RLibraryLayered@std@media@modules@UModSys@@UAE@XZ 004021c0 f i umodsys_lib_libmedia:umodsys.mod.media.std.obj
 0001:00001220       ?get_flag@RLibraryLayered@std@media@modules@UModSys@@UBE?AW4eStates@?$TFlags4State@USMediaFlagUid@libmedia@UModSys@@I@tl@5@H@Z 00402220 f i umodsys_lib_libmedia:umodsys.mod.media.std.obj
 0001:00001240       ?get_flags_auto@RLibraryLayered@std@media@modules@UModSys@@UBE?AU?$TFlags4State@USMediaFlagUid@libmedia@UModSys@@I@tl@5@XZ 00402240 f i umodsys_lib_libmedia:umodsys.mod.media.std.obj
 0001:00001250       ?set_flag@RLibraryLayered@std@media@modules@UModSys@@UAE?AW4eStates@?$TFlags4State@USMediaFlagUid@libmedia@UModSys@@I@tl@5@HW46785@@Z 00402250 f i umodsys_lib_libmedia:umodsys.mod.media.std.obj
 0001:00001280       ?bin_reader@RLibraryLayered@std@media@modules@UModSys@@UAE?AU?$TRefObject@UIStreamReader@libmedia@UModSys@@U?$TRefObjectFunc@UIStreamReader@libmedia@UModSys@@@tl@3@@tl@5@ABU?$TString@U?$TSCoreConst@D@su@tl@UModSys@@U?$TComparerBinaryHash@D@234@@75@ABUSFlags@libmedia@5@@Z 00402280 f i umodsys_lib_libmedia:umodsys.mod.media.std.obj
 0001:00001380       ?bin_writer@RLibraryLayered@std@media@modules@UModSys@@UAE?AU?$TRefObject@UIStreamWriter@libmedia@UModSys@@U?$TRefObjectFunc@UIStreamWriter@libmedia@UModSys@@@tl@3@@tl@5@ABU?$TString@U?$TSCoreConst@D@su@tl@UModSys@@U?$TComparerBinaryHash@D@234@@75@ABUSFlags@libmedia@5@@Z 00402380 f i umodsys_lib_libmedia:umodsys.mod.media.std.obj
 0001:00001480       ?bin_load@RLibraryLayered@std@media@modules@UModSys@@UAE_NABU?$TString@U?$TSCoreConst@D@su@tl@UModSys@@U?$TComparerBinaryHash@D@234@@tl@5@AAUSCMemShared@core@5@ABUSFlags@libmedia@5@@Z 00402480 f i umodsys_lib_libmedia:umodsys.mod.media.std.obj
 0001:00001600       ?bin_save@RLibraryLayered@std@media@modules@UModSys@@UAE_NABU?$TString@U?$TSCoreConst@D@su@tl@UModSys@@U?$TComparerBinaryHash@D@234@@tl@5@ABUSCMem@core@5@ABUSFlags@libmedia@5@@Z 00402600 f i umodsys_lib_libmedia:umodsys.mod.media.std.obj
 0001:000017c0       ?bin_info@RLibraryLayered@std@media@modules@UModSys@@UAE_NABU?$TString@U?$TSCoreConst@D@su@tl@UModSys@@U?$TComparerBinaryHash@D@234@@tl@5@AAUSFileInfo@libmedia@5@ABUSFlags@95@@Z 004027c0 f i umodsys_lib_libmedia:umodsys.mod.media.std.obj
 0001:00001850       ?bin_info@RLibraryLayered@std@media@modules@UModSys@@UAE_NABU?$TString@U?$TSCoreConst@D@su@tl@UModSys@@U?$TComparerBinaryHash@D@234@@tl@5@AAU?$TIStackSocket@USFileInfo@libmedia@UModSys@@@75@ABUSFlags@libmedia@5@@Z 00402850 f i umodsys_lib_libmedia:umodsys.mod.media.std.obj
 0001:000018e0       ?bin_get@RLibraryLayered@std@media@modules@UModSys@@UAE_NABU?$TString@U?$TSCoreConst@D@su@tl@UModSys@@U?$TComparerBinaryHash@D@234@@tl@5@AAUSCMemShared@core@5@_N@Z 004028e0 f i umodsys_lib_libmedia:umodsys.mod.media.std.obj
 0001:00001940       ?bin_put@RLibraryLayered@std@media@modules@UModSys@@UAE_NABU?$TString@U?$TSCoreConst@D@su@tl@UModSys@@U?$TComparerBinaryHash@D@234@@tl@5@PBUSCMemShared@core@5@@Z 00402940 f i umodsys_lib_libmedia:umodsys.mod.media.std.obj
 0001:000019a0       ?obj_fget@RLibraryLayered@std@media@modules@UModSys@@UAE_NABUSInfo@IBinObjFilter@libmedia@5@AAU?$TRefObject@UIRefObject@core@UModSys@@U?$TRefObjectFunc@UIRefObject@core@UModSys@@@tl@3@@tl@5@@Z 004029a0 f i umodsys_lib_libmedia:umodsys.mod.media.std.obj
 0001:00001a00       ?obj_fload@RLibraryLayered@std@media@modules@UModSys@@UAE_NABUSInfo@IBinObjFilter@libmedia@5@PAUIRefObject@core@5@@Z 00402a00 f i umodsys_lib_libmedia:umodsys.mod.media.std.obj
 0001:00001a60       ?obj_fsave@RLibraryLayered@std@media@modules@UModSys@@UAE_NAAUSInfo@IBinObjFilter@libmedia@5@PBUIRefObject@core@5@@Z 00402a60 f i umodsys_lib_libmedia:umodsys.mod.media.std.obj
 0001:00001ac0       ?obj_cget@RLibraryLayered@std@media@modules@UModSys@@UAE_NABU?$TString@U?$TSCoreConst@D@su@tl@UModSys@@U?$TComparerBinaryHash@D@234@@tl@5@AAU?$TRefObject@UIRefObject@core@UModSys@@U?$TRefObjectFunc@UIRefObject@core@UModSys@@@tl@3@@75@_N@Z 00402ac0 f i umodsys_lib_libmedia:umodsys.mod.media.std.obj
 0001:00001b20       ?obj_cput@RLibraryLayered@std@media@modules@UModSys@@UAE_NABU?$TString@U?$TSCoreConst@D@su@tl@UModSys@@U?$TComparerBinaryHash@D@234@@tl@5@PAUIRefObject@core@5@@Z 00402b20 f i umodsys_lib_libmedia:umodsys.mod.media.std.obj
 0001:00001b80       ?obj_get@RLibraryLayered@std@media@modules@UModSys@@UAE_NABU?$TString@U?$TSCoreConst@D@su@tl@UModSys@@U?$TComparerBinaryHash@D@234@@tl@5@AAU?$TRefObject@UIRefObject@core@UModSys@@U?$TRefObjectFunc@UIRefObject@core@UModSys@@@tl@3@@75@ABUSObjOptions@ILibrary@libmedia@5@@Z 00402b80 f i umodsys_lib_libmedia:umodsys.mod.media.std.obj
 0001:00001df0       ?obj_load@RLibraryLayered@std@media@modules@UModSys@@UAE_NABU?$TString@U?$TSCoreConst@D@su@tl@UModSys@@U?$TComparerBinaryHash@D@234@@tl@5@PAUIRefObject@core@5@ABUSObjOptions@ILibrary@libmedia@5@@Z 00402df0 f i umodsys_lib_libmedia:umodsys.mod.media.std.obj
 0001:00001f50       ?obj_save@RLibraryLayered@std@media@modules@UModSys@@UAE_NABU?$TString@U?$TSCoreConst@D@su@tl@UModSys@@U?$TComparerBinaryHash@D@234@@tl@5@PBUIRefObject@core@5@ABUSObjOptions@ILibrary@libmedia@5@@Z 00402f50 f i umodsys_lib_libmedia:umodsys.mod.media.std.obj
 0001:000020d0       ?layer_count@RLibraryLayered@std@media@modules@UModSys@@UBEIABUSLayer@ILibraryLayered@libmedia@5@@Z 004030d0 f i umodsys_lib_libmedia:umodsys.mod.media.std.obj
 0001:000020e0       ?layer_get@RLibraryLayered@std@media@modules@UModSys@@UBE?AUSLayer@ILibraryLayered@libmedia@5@I@Z 004030e0 f i umodsys_lib_libmedia:umodsys.mod.media.std.obj
 0001:00002130       ?layer_find@RLibraryLayered@std@media@modules@UModSys@@UBEIABU?$TString@U?$TSCoreConst@D@su@tl@UModSys@@U?$TComparerBinaryHash@D@234@@tl@5@I@Z 00403130 f i umodsys_lib_libmedia:umodsys.mod.media.std.obj
 0001:000021c0       ?layer_insert@RLibraryLayered@std@media@modules@UModSys@@UAE_NABUSLayer@ILibraryLayered@libmedia@5@I@Z 004031c0 f i umodsys_lib_libmedia:umodsys.mod.media.std.obj
 0001:00002200       ?layer_remove@RLibraryLayered@std@media@modules@UModSys@@UAE_NI@Z 00403200 f i umodsys_lib_libmedia:umodsys.mod.media.std.obj
 0001:00002250       ?layer_clear@RLibraryLayered@std@media@modules@UModSys@@UAE_NXZ 00403250 f i umodsys_lib_libmedia:umodsys.mod.media.std.obj
 0001:00002260       ??_ERLibraryLayered@std@media@modules@UModSys@@UAEPAXI@Z 00403260 f i  CIL library: CIL module
 0001:00002260       ??_GRLibraryLayered@std@media@modules@UModSys@@UAEPAXI@Z 00403260 f i umodsys_lib_libmedia:umodsys.mod.media.std.obj
 0001:00002280       ?root_get_interface_info@RLibraryObjCache@std@media@modules@UModSys@@UBEABUSUniquePointerInfo@core@5@XZ 00403280 f i umodsys_lib_libmedia:umodsys.mod.media.std.obj
 0001:00002290       ?root_get_interface_type@RLibraryObjCache@std@media@modules@UModSys@@UBEPBUSUniquePointerInfo@core@5@XZ 00403290 f i umodsys_lib_libmedia:umodsys.mod.media.std.obj
 0001:000022a0       ?root_get_other_interface@RLibraryObjCache@std@media@modules@UModSys@@UBEPBUIRoot@core@5@PBUSUniquePointerInfo@75@@Z 004032a0 f i umodsys_lib_libmedia:umodsys.mod.media.std.obj
 0001:000022a0       ?root_get_other_interface@RLibraryObjCache@std@media@modules@UModSys@@UAEPAUIRoot@core@5@PBUSUniquePointerInfo@75@@Z 004032a0 f i umodsys_lib_libmedia:umodsys.mod.media.std.obj
 0001:000022e0       ?root_is_interface_supported@RLibraryObjCache@std@media@modules@UModSys@@UBE_NPBUSUniquePointerInfo@core@5@@Z 004032e0 f i umodsys_lib_libmedia:umodsys.mod.media.std.obj
 0001:00002320       ?ref_add@RLibraryBinTree@std@media@modules@UModSys@@UBEXXZ 00403320 f i umodsys_lib_libmedia:umodsys.mod.media.std.obj
 0001:00002320       ?ref_add@RDataArchiver_OsDir@stdio@media@modules@UModSys@@UBEXXZ 00403320 f i umodsys_lib_libmedia:umodsys.mod.media.stdio.obj
 0001:00002320       ?ref_add@RLibraryObjCache@std@media@modules@UModSys@@UBEXXZ 00403320 f i umodsys_lib_libmedia:umodsys.mod.media.std.obj
 0001:00002320       ?ref_add@RMediaFilter@images_std@media@modules@UModSys@@UBEXXZ 00403320 f i umodsys_lib_libmedia:umodsys.mod.media.images_std.obj
 0001:00002320       ?ref_add@RLibraryBinCache@std@media@modules@UModSys@@UBEXXZ 00403320 f i umodsys_lib_libmedia:umodsys.mod.media.std.obj
 0001:00002320       ?ref_add@RLibraryLayered@std@media@modules@UModSys@@UBEXXZ 00403320 f i umodsys_lib_libmedia:umodsys.mod.media.std.obj
 0001:00002320       ?ref_add@RLibraryObjFilter@std@media@modules@UModSys@@UBEXXZ 00403320 f i umodsys_lib_libmedia:umodsys.mod.media.std.obj
 0001:00002330       ?ref_weak@RMediaFilter@images_std@media@modules@UModSys@@UBE_NAAUWeakPointer@IRefObject@core@5@@Z 00403330 f i umodsys_lib_libmedia:umodsys.mod.media.images_std.obj
 0001:00002330       ?ref_weak@RLibraryBinTree@std@media@modules@UModSys@@UBE_NAAUWeakPointer@IRefObject@core@5@@Z 00403330 f i umodsys_lib_libmedia:umodsys.mod.media.std.obj
 0001:00002330       ?ref_weak@RLibraryLayered@std@media@modules@UModSys@@UBE_NAAUWeakPointer@IRefObject@core@5@@Z 00403330 f i umodsys_lib_libmedia:umodsys.mod.media.std.obj
 0001:00002330       ?ref_weak@RLibraryObjCache@std@media@modules@UModSys@@UBE_NAAUWeakPointer@IRefObject@core@5@@Z 00403330 f i umodsys_lib_libmedia:umodsys.mod.media.std.obj
 0001:00002330       ?ref_weak@RLibraryObjFilter@std@media@modules@UModSys@@UBE_NAAUWeakPointer@IRefObject@core@5@@Z 00403330 f i umodsys_lib_libmedia:umodsys.mod.media.std.obj
 0001:00002330       ?ref_weak@RLibraryBinCache@std@media@modules@UModSys@@UBE_NAAUWeakPointer@IRefObject@core@5@@Z 00403330 f i umodsys_lib_libmedia:umodsys.mod.media.std.obj
 0001:00002330       ?ref_weak@RDataArchiver_OsDir@stdio@media@modules@UModSys@@UBE_NAAUWeakPointer@IRefObject@core@5@@Z 00403330 f i umodsys_lib_libmedia:umodsys.mod.media.stdio.obj
 0001:00002350       ??0RLibraryObjCache@std@media@modules@UModSys@@QAE@PAUIModObject@base@4@ABUSParameters@core@4@U?$TFlags4State@USMediaFlagUid@libmedia@UModSys@@I@tl@4@@Z 00403350 f i umodsys_lib_libmedia:umodsys.mod.media.std.obj
 0001:000023d0       ??1RLibraryObjCache@std@media@modules@UModSys@@UAE@XZ 004033d0 f i umodsys_lib_libmedia:umodsys.mod.media.std.obj
 0001:00002440       ?get_flags_auto@RLibraryObjCache@std@media@modules@UModSys@@UBE?AU?$TFlags4State@USMediaFlagUid@libmedia@UModSys@@I@tl@5@XZ 00403440 f i umodsys_lib_libmedia:umodsys.mod.media.std.obj
 0001:00002450       ?bin_writer@RLibraryObjCache@std@media@modules@UModSys@@UAE?AU?$TRefObject@UIStreamWriter@libmedia@UModSys@@U?$TRefObjectFunc@UIStreamWriter@libmedia@UModSys@@@tl@3@@tl@5@ABU?$TString@U?$TSCoreConst@D@su@tl@UModSys@@U?$TComparerBinaryHash@D@234@@75@ABUSFlags@libmedia@5@@Z 00403450 f i umodsys_lib_libmedia:umodsys.mod.media.std.obj
 0001:00002450       ?bin_reader@RLibraryObjCache@std@media@modules@UModSys@@UAE?AU?$TRefObject@UIStreamReader@libmedia@UModSys@@U?$TRefObjectFunc@UIStreamReader@libmedia@UModSys@@@tl@3@@tl@5@ABU?$TString@U?$TSCoreConst@D@su@tl@UModSys@@U?$TComparerBinaryHash@D@234@@75@ABUSFlags@libmedia@5@@Z 00403450 f i umodsys_lib_libmedia:umodsys.mod.media.std.obj
 0001:00002450       ?bin_writer@RLibraryBinCache@std@media@modules@UModSys@@UAE?AU?$TRefObject@UIStreamWriter@libmedia@UModSys@@U?$TRefObjectFunc@UIStreamWriter@libmedia@UModSys@@@tl@3@@tl@5@ABU?$TString@U?$TSCoreConst@D@su@tl@UModSys@@U?$TComparerBinaryHash@D@234@@75@ABUSFlags@libmedia@5@@Z 00403450 f i umodsys_lib_libmedia:umodsys.mod.media.std.obj
 0001:00002450       ?bin_writer@RLibraryObjFilter@std@media@modules@UModSys@@UAE?AU?$TRefObject@UIStreamWriter@libmedia@UModSys@@U?$TRefObjectFunc@UIStreamWriter@libmedia@UModSys@@@tl@3@@tl@5@ABU?$TString@U?$TSCoreConst@D@su@tl@UModSys@@U?$TComparerBinaryHash@D@234@@75@ABUSFlags@libmedia@5@@Z 00403450 f i umodsys_lib_libmedia:umodsys.mod.media.std.obj
 0001:00002450       ?bin_reader@RLibraryObjFilter@std@media@modules@UModSys@@UAE?AU?$TRefObject@UIStreamReader@libmedia@UModSys@@U?$TRefObjectFunc@UIStreamReader@libmedia@UModSys@@@tl@3@@tl@5@ABU?$TString@U?$TSCoreConst@D@su@tl@UModSys@@U?$TComparerBinaryHash@D@234@@75@ABUSFlags@libmedia@5@@Z 00403450 f i umodsys_lib_libmedia:umodsys.mod.media.std.obj
 0001:00002450       ?bin_reader@RLibraryBinCache@std@media@modules@UModSys@@UAE?AU?$TRefObject@UIStreamReader@libmedia@UModSys@@U?$TRefObjectFunc@UIStreamReader@libmedia@UModSys@@@tl@3@@tl@5@ABU?$TString@U?$TSCoreConst@D@su@tl@UModSys@@U?$TComparerBinaryHash@D@234@@75@ABUSFlags@libmedia@5@@Z 00403450 f i umodsys_lib_libmedia:umodsys.mod.media.std.obj
 0001:00002470       ?bin_get@RLibraryBinTree@std@media@modules@UModSys@@UAE_NABU?$TString@U?$TSCoreConst@D@su@tl@UModSys@@U?$TComparerBinaryHash@D@234@@tl@5@AAUSCMemShared@core@5@_N@Z 00403470 f i umodsys_lib_libmedia:umodsys.mod.media.std.obj
 0001:00002470       ?obj_cget@RLibraryObjFilter@std@media@modules@UModSys@@UAE_NABU?$TString@U?$TSCoreConst@D@su@tl@UModSys@@U?$TComparerBinaryHash@D@234@@tl@5@AAU?$TRefObject@UIRefObject@core@UModSys@@U?$TRefObjectFunc@UIRefObject@core@UModSys@@@tl@3@@75@_N@Z 00403470 f i umodsys_lib_libmedia:umodsys.mod.media.std.obj
 0001:00002470       ?obj_load@RLibraryObjCache@std@media@modules@UModSys@@UAE_NABU?$TString@U?$TSCoreConst@D@su@tl@UModSys@@U?$TComparerBinaryHash@D@234@@tl@5@PAUIRefObject@core@5@ABUSObjOptions@ILibrary@libmedia@5@@Z 00403470 f i umodsys_lib_libmedia:umodsys.mod.media.std.obj
 0001:00002470       ?obj_load@RLibraryBinCache@std@media@modules@UModSys@@UAE_NABU?$TString@U?$TSCoreConst@D@su@tl@UModSys@@U?$TComparerBinaryHash@D@234@@tl@5@PAUIRefObject@core@5@ABUSObjOptions@ILibrary@libmedia@5@@Z 00403470 f i umodsys_lib_libmedia:umodsys.mod.media.std.obj
 0001:00002470       ?bin_info@RLibraryBinTree@std@media@modules@UModSys@@UAE_NABU?$TString@U?$TSCoreConst@D@su@tl@UModSys@@U?$TComparerBinaryHash@D@234@@tl@5@AAUSFileInfo@libmedia@5@ABUSFlags@95@@Z 00403470 f i umodsys_lib_libmedia:umodsys.mod.media.std.obj
 0001:00002470       ?obj_cget@RLibraryBinTree@std@media@modules@UModSys@@UAE_NABU?$TString@U?$TSCoreConst@D@su@tl@UModSys@@U?$TComparerBinaryHash@D@234@@tl@5@AAU?$TRefObject@UIRefObject@core@UModSys@@U?$TRefObjectFunc@UIRefObject@core@UModSys@@@tl@3@@75@_N@Z 00403470 f i umodsys_lib_libmedia:umodsys.mod.media.std.obj
 0001:00002470       ?bin_load@RLibraryObjFilter@std@media@modules@UModSys@@UAE_NABU?$TString@U?$TSCoreConst@D@su@tl@UModSys@@U?$TComparerBinaryHash@D@234@@tl@5@AAUSCMemShared@core@5@ABUSFlags@libmedia@5@@Z 00403470 f i umodsys_lib_libmedia:umodsys.mod.media.std.obj
 0001:00002470       ?bin_save@RLibraryBinCache@std@media@modules@UModSys@@UAE_NABU?$TString@U?$TSCoreConst@D@su@tl@UModSys@@U?$TComparerBinaryHash@D@234@@tl@5@ABUSCMem@core@5@ABUSFlags@libmedia@5@@Z 00403470 f i umodsys_lib_libmedia:umodsys.mod.media.std.obj
 0001:00002470       ?obj_save@RLibraryBinTree@std@media@modules@UModSys@@UAE_NABU?$TString@U?$TSCoreConst@D@su@tl@UModSys@@U?$TComparerBinaryHash@D@234@@tl@5@PBUIRefObject@core@5@ABUSObjOptions@ILibrary@libmedia@5@@Z 00403470 f i umodsys_lib_libmedia:umodsys.mod.media.std.obj
 0001:00002470       ?bin_info@RLibraryBinTree@std@media@modules@UModSys@@UAE_NABU?$TString@U?$TSCoreConst@D@su@tl@UModSys@@U?$TComparerBinaryHash@D@234@@tl@5@AAU?$TIStackSocket@USFileInfo@libmedia@UModSys@@@75@ABUSFlags@libmedia@5@@Z 00403470 f i umodsys_lib_libmedia:umodsys.mod.media.std.obj
 0001:00002470       ?bin_save@RLibraryObjFilter@std@media@modules@UModSys@@UAE_NABU?$TString@U?$TSCoreConst@D@su@tl@UModSys@@U?$TComparerBinaryHash@D@234@@tl@5@ABUSCMem@core@5@ABUSFlags@libmedia@5@@Z 00403470 f i umodsys_lib_libmedia:umodsys.mod.media.std.obj
 0001:00002470       ?obj_save@RLibraryObjFilter@std@media@modules@UModSys@@UAE_NABU?$TString@U?$TSCoreConst@D@su@tl@UModSys@@U?$TComparerBinaryHash@D@234@@tl@5@PBUIRefObject@core@5@ABUSObjOptions@ILibrary@libmedia@5@@Z 00403470 f i umodsys_lib_libmedia:umodsys.mod.media.std.obj
 0001:00002470       ?bin_save@RLibraryObjCache@std@media@modules@UModSys@@UAE_NABU?$TString@U?$TSCoreConst@D@su@tl@UModSys@@U?$TComparerBinaryHash@D@234@@tl@5@ABUSCMem@core@5@ABUSFlags@libmedia@5@@Z 00403470 f i umodsys_lib_libmedia:umodsys.mod.media.std.obj
 0001:00002470       ?obj_get@RLibraryObjFilter@std@media@modules@UModSys@@UAE_NABU?$TString@U?$TSCoreConst@D@su@tl@UModSys@@U?$TComparerBinaryHash@D@234@@tl@5@AAU?$TRefObject@UIRefObject@core@UModSys@@U?$TRefObjectFunc@UIRefObject@core@UModSys@@@tl@3@@75@ABUSObjOptions@ILibrary@libmedia@5@@Z 00403470 f i umodsys_lib_libmedia:umodsys.mod.media.std.obj
 0001:00002470       ?bin_info@RLibraryBinCache@std@media@modules@UModSys@@UAE_NABU?$TString@U?$TSCoreConst@D@su@tl@UModSys@@U?$TComparerBinaryHash@D@234@@tl@5@AAUSFileInfo@libmedia@5@ABUSFlags@95@@Z 00403470 f i umodsys_lib_libmedia:umodsys.mod.media.std.obj
 0001:00002470       ?obj_cget@RLibraryBinCache@std@media@modules@UModSys@@UAE_NABU?$TString@U?$TSCoreConst@D@su@tl@UModSys@@U?$TComparerBinaryHash@D@234@@tl@5@AAU?$TRefObject@UIRefObject@core@UModSys@@U?$TRefObjectFunc@UIRefObject@core@UModSys@@@tl@3@@75@_N@Z 00403470 f i umodsys_lib_libmedia:umodsys.mod.media.std.obj
 0001:00002470       ?bin_info@RLibraryBinCache@std@media@modules@UModSys@@UAE_NABU?$TString@U?$TSCoreConst@D@su@tl@UModSys@@U?$TComparerBinaryHash@D@234@@tl@5@AAU?$TIStackSocket@USFileInfo@libmedia@UModSys@@@75@ABUSFlags@libmedia@5@@Z 00403470 f i umodsys_lib_libmedia:umodsys.mod.media.std.obj
 0001:00002470       ?bin_info@RLibraryObjCache@std@media@modules@UModSys@@UAE_NABU?$TString@U?$TSCoreConst@D@su@tl@UModSys@@U?$TComparerBinaryHash@D@234@@tl@5@AAU?$TIStackSocket@USFileInfo@libmedia@UModSys@@@75@ABUSFlags@libmedia@5@@Z 00403470 f i umodsys_lib_libmedia:umodsys.mod.media.std.obj
 0001:00002470       ?obj_get@RLibraryBinTree@std@media@modules@UModSys@@UAE_NABU?$TString@U?$TSCoreConst@D@su@tl@UModSys@@U?$TComparerBinaryHash@D@234@@tl@5@AAU?$TRefObject@UIRefObject@core@UModSys@@U?$TRefObjectFunc@UIRefObject@core@UModSys@@@tl@3@@75@ABUSObjOptions@ILibrary@libmedia@5@@Z 00403470 f i umodsys_lib_libmedia:umodsys.mod.media.std.obj
 0001:00002470       ?obj_get@RLibraryBinCache@std@media@modules@UModSys@@UAE_NABU?$TString@U?$TSCoreConst@D@su@tl@UModSys@@U?$TComparerBinaryHash@D@234@@tl@5@AAU?$TRefObject@UIRefObject@core@UModSys@@U?$TRefObjectFunc@UIRefObject@core@UModSys@@@tl@3@@75@ABUSObjOptions@ILibrary@libmedia@5@@Z 00403470 f i umodsys_lib_libmedia:umodsys.mod.media.std.obj
 0001:00002470       ?bin_get@RLibraryObjFilter@std@media@modules@UModSys@@UAE_NABU?$TString@U?$TSCoreConst@D@su@tl@UModSys@@U?$TComparerBinaryHash@D@234@@tl@5@AAUSCMemShared@core@5@_N@Z 00403470 f i umodsys_lib_libmedia:umodsys.mod.media.std.obj
 0001:00002470       ?bin_info@RLibraryObjCache@std@media@modules@UModSys@@UAE_NABU?$TString@U?$TSCoreConst@D@su@tl@UModSys@@U?$TComparerBinaryHash@D@234@@tl@5@AAUSFileInfo@libmedia@5@ABUSFlags@95@@Z 00403470 f i umodsys_lib_libmedia:umodsys.mod.media.std.obj
 0001:00002470       ?obj_save@RLibraryBinCache@std@media@modules@UModSys@@UAE_NABU?$TString@U?$TSCoreConst@D@su@tl@UModSys@@U?$TComparerBinaryHash@D@234@@tl@5@PBUIRefObject@core@5@ABUSObjOptions@ILibrary@libmedia@5@@Z 00403470 f i umodsys_lib_libmedia:umodsys.mod.media.std.obj
 0001:00002470       ?bin_info@RLibraryObjFilter@std@media@modules@UModSys@@UAE_NABU?$TString@U?$TSCoreConst@D@su@tl@UModSys@@U?$TComparerBinaryHash@D@234@@tl@5@AAUSFileInfo@libmedia@5@ABUSFlags@95@@Z 00403470 f i umodsys_lib_libmedia:umodsys.mod.media.std.obj
 0001:00002470       ?bin_load@RLibraryObjCache@std@media@modules@UModSys@@UAE_NABU?$TString@U?$TSCoreConst@D@su@tl@UModSys@@U?$TComparerBinaryHash@D@234@@tl@5@AAUSCMemShared@core@5@ABUSFlags@libmedia@5@@Z 00403470 f i umodsys_lib_libmedia:umodsys.mod.media.std.obj
 0001:00002470       ?bin_get@RLibraryObjCache@std@media@modules@UModSys@@UAE_NABU?$TString@U?$TSCoreConst@D@su@tl@UModSys@@U?$TComparerBinaryHash@D@234@@tl@5@AAUSCMemShared@core@5@_N@Z 00403470 f i umodsys_lib_libmedia:umodsys.mod.media.std.obj
 0001:00002470       ?bin_info@RLibraryObjFilter@std@media@modules@UModSys@@UAE_NABU?$TString@U?$TSCoreConst@D@su@tl@UModSys@@U?$TComparerBinaryHash@D@234@@tl@5@AAU?$TIStackSocket@USFileInfo@libmedia@UModSys@@@75@ABUSFlags@libmedia@5@@Z 00403470 f i umodsys_lib_libmedia:umodsys.mod.media.std.obj
 0001:00002470       ?obj_save@RLibraryObjCache@std@media@modules@UModSys@@UAE_NABU?$TString@U?$TSCoreConst@D@su@tl@UModSys@@U?$TComparerBinaryHash@D@234@@tl@5@PBUIRefObject@core@5@ABUSObjOptions@ILibrary@libmedia@5@@Z 00403470 f i umodsys_lib_libmedia:umodsys.mod.media.std.obj
 0001:00002470       ?obj_load@RLibraryObjFilter@std@media@modules@UModSys@@UAE_NABU?$TString@U?$TSCoreConst@D@su@tl@UModSys@@U?$TComparerBinaryHash@D@234@@tl@5@PAUIRefObject@core@5@ABUSObjOptions@ILibrary@libmedia@5@@Z 00403470 f i umodsys_lib_libmedia:umodsys.mod.media.std.obj
 0001:00002470       ?obj_load@RLibraryBinTree@std@media@modules@UModSys@@UAE_NABU?$TString@U?$TSCoreConst@D@su@tl@UModSys@@U?$TComparerBinaryHash@D@234@@tl@5@PAUIRefObject@core@5@ABUSObjOptions@ILibrary@libmedia@5@@Z 00403470 f i umodsys_lib_libmedia:umodsys.mod.media.std.obj
 0001:00002480       ?obj_fload@RLibraryBinCache@std@media@modules@UModSys@@UAE_NABUSInfo@IBinObjFilter@libmedia@5@PAUIRefObject@core@5@@Z 00403480 f i umodsys_lib_libmedia:umodsys.mod.media.std.obj
 0001:00002480       ?obj_fsave@RLibraryBinCache@std@media@modules@UModSys@@UAE_NAAUSInfo@IBinObjFilter@libmedia@5@PBUIRefObject@core@5@@Z 00403480 f i umodsys_lib_libmedia:umodsys.mod.media.std.obj
 0001:00002480       ?obj_cput@RLibraryBinTree@std@media@modules@UModSys@@UAE_NABU?$TString@U?$TSCoreConst@D@su@tl@UModSys@@U?$TComparerBinaryHash@D@234@@tl@5@PAUIRefObject@core@5@@Z 00403480 f i umodsys_lib_libmedia:umodsys.mod.media.std.obj
 0001:00002480       ?obj_fload@RLibraryBinTree@std@media@modules@UModSys@@UAE_NABUSInfo@IBinObjFilter@libmedia@5@PAUIRefObject@core@5@@Z 00403480 f i umodsys_lib_libmedia:umodsys.mod.media.std.obj
 0001:00002480       ?bin_put@RLibraryBinTree@std@media@modules@UModSys@@UAE_NABU?$TString@U?$TSCoreConst@D@su@tl@UModSys@@U?$TComparerBinaryHash@D@234@@tl@5@PBUSCMemShared@core@5@@Z 00403480 f i umodsys_lib_libmedia:umodsys.mod.media.std.obj
 0001:00002480       ?obj_fload@RLibraryObjCache@std@media@modules@UModSys@@UAE_NABUSInfo@IBinObjFilter@libmedia@5@PAUIRefObject@core@5@@Z 00403480 f i umodsys_lib_libmedia:umodsys.mod.media.std.obj
 0001:00002480       ?obj_cput@RLibraryBinCache@std@media@modules@UModSys@@UAE_NABU?$TString@U?$TSCoreConst@D@su@tl@UModSys@@U?$TComparerBinaryHash@D@234@@tl@5@PAUIRefObject@core@5@@Z 00403480 f i umodsys_lib_libmedia:umodsys.mod.media.std.obj
 0001:00002480       ?obj_fget@RLibraryObjCache@std@media@modules@UModSys@@UAE_NABUSInfo@IBinObjFilter@libmedia@5@AAU?$TRefObject@UIRefObject@core@UModSys@@U?$TRefObjectFunc@UIRefObject@core@UModSys@@@tl@3@@tl@5@@Z 00403480 f i umodsys_lib_libmedia:umodsys.mod.media.std.obj
 0001:00002480       ?obj_fget@RLibraryBinCache@std@media@modules@UModSys@@UAE_NABUSInfo@IBinObjFilter@libmedia@5@AAU?$TRefObject@UIRefObject@core@UModSys@@U?$TRefObjectFunc@UIRefObject@core@UModSys@@@tl@3@@tl@5@@Z 00403480 f i umodsys_lib_libmedia:umodsys.mod.media.std.obj
 0001:00002480       ?obj_fsave@RLibraryBinTree@std@media@modules@UModSys@@UAE_NAAUSInfo@IBinObjFilter@libmedia@5@PBUIRefObject@core@5@@Z 00403480 f i umodsys_lib_libmedia:umodsys.mod.media.std.obj
 0001:00002480       ?bin_put@RLibraryObjCache@std@media@modules@UModSys@@UAE_NABU?$TString@U?$TSCoreConst@D@su@tl@UModSys@@U?$TComparerBinaryHash@D@234@@tl@5@PBUSCMemShared@core@5@@Z 00403480 f i umodsys_lib_libmedia:umodsys.mod.media.std.obj
 0001:00002480       ?obj_fget@RLibraryBinTree@std@media@modules@UModSys@@UAE_NABUSInfo@IBinObjFilter@libmedia@5@AAU?$TRefObject@UIRefObject@core@UModSys@@U?$TRefObjectFunc@UIRefObject@core@UModSys@@@tl@3@@tl@5@@Z 00403480 f i umodsys_lib_libmedia:umodsys.mod.media.std.obj
 0001:00002480       ?obj_fsave@RLibraryObjCache@std@media@modules@UModSys@@UAE_NAAUSInfo@IBinObjFilter@libmedia@5@PBUIRefObject@core@5@@Z 00403480 f i umodsys_lib_libmedia:umodsys.mod.media.std.obj
 0001:00002480       ?obj_cput@RLibraryObjFilter@std@media@modules@UModSys@@UAE_NABU?$TString@U?$TSCoreConst@D@su@tl@UModSys@@U?$TComparerBinaryHash@D@234@@tl@5@PAUIRefObject@core@5@@Z 00403480 f i umodsys_lib_libmedia:umodsys.mod.media.std.obj
 0001:00002480       ?bin_put@RLibraryObjFilter@std@media@modules@UModSys@@UAE_NABU?$TString@U?$TSCoreConst@D@su@tl@UModSys@@U?$TComparerBinaryHash@D@234@@tl@5@PBUSCMemShared@core@5@@Z 00403480 f i umodsys_lib_libmedia:umodsys.mod.media.std.obj
 0001:00002490       ?bin_get@RLibraryBinCache@std@media@modules@UModSys@@UAE_NABU?$TString@U?$TSCoreConst@D@su@tl@UModSys@@U?$TComparerBinaryHash@D@234@@tl@5@AAUSCMemShared@core@5@_N@Z 00403490 f i umodsys_lib_libmedia:umodsys.mod.media.std.obj
 0001:00002490       ?obj_cget@RLibraryObjCache@std@media@modules@UModSys@@UAE_NABU?$TString@U?$TSCoreConst@D@su@tl@UModSys@@U?$TComparerBinaryHash@D@234@@tl@5@AAU?$TRefObject@UIRefObject@core@UModSys@@U?$TRefObjectFunc@UIRefObject@core@UModSys@@@tl@3@@75@_N@Z 00403490 f i umodsys_lib_libmedia:umodsys.mod.media.std.obj
 0001:000024d0       ?obj_cput@RLibraryObjCache@std@media@modules@UModSys@@UAE_NABU?$TString@U?$TSCoreConst@D@su@tl@UModSys@@U?$TComparerBinaryHash@D@234@@tl@5@PAUIRefObject@core@5@@Z 004034d0 f i umodsys_lib_libmedia:umodsys.mod.media.std.obj
 0001:000024e0       ?obj_get@RLibraryObjCache@std@media@modules@UModSys@@UAE_NABU?$TString@U?$TSCoreConst@D@su@tl@UModSys@@U?$TComparerBinaryHash@D@234@@tl@5@AAU?$TRefObject@UIRefObject@core@UModSys@@U?$TRefObjectFunc@UIRefObject@core@UModSys@@@tl@3@@75@ABUSObjOptions@ILibrary@libmedia@5@@Z 004034e0 f i umodsys_lib_libmedia:umodsys.mod.media.std.obj
 0001:000025c0       ?objcache_get@RLibraryObjCache@std@media@modules@UModSys@@UBE_NABU?$TString@U?$TSCoreConst@D@su@tl@UModSys@@U?$TComparerBinaryHash@D@234@@tl@5@PAU?$TRefObject@UIRefObject@core@UModSys@@U?$TRefObjectFunc@UIRefObject@core@UModSys@@@tl@3@@75@PA_N@Z 004035c0 f i umodsys_lib_libmedia:umodsys.mod.media.std.obj
 0001:00002640       ?objcache_add@RLibraryObjCache@std@media@modules@UModSys@@UAE_NABU?$TString@U?$TSCoreConst@D@su@tl@UModSys@@U?$TComparerBinaryHash@D@234@@tl@5@PAUIRefObject@core@5@@Z 00403640 f i umodsys_lib_libmedia:umodsys.mod.media.std.obj
 0001:000027b0       ?objcache_remove@RLibraryObjCache@std@media@modules@UModSys@@UAE_NABU?$TString@U?$TSCoreConst@D@su@tl@UModSys@@U?$TComparerBinaryHash@D@234@@tl@5@@Z 004037b0 f i umodsys_lib_libmedia:umodsys.mod.media.std.obj
 0001:000027f0       ?objcache_clear@RLibraryObjCache@std@media@modules@UModSys@@UAE_NXZ 004037f0 f i umodsys_lib_libmedia:umodsys.mod.media.std.obj
 0001:00002820       ??_ERLibraryObjCache@std@media@modules@UModSys@@UAEPAXI@Z 00403820 f i  CIL library: CIL module
 0001:00002820       ??_GRLibraryObjCache@std@media@modules@UModSys@@UAEPAXI@Z 00403820 f i umodsys_lib_libmedia:umodsys.mod.media.std.obj
 0001:00002840       ?root_get_interface_info@RLibraryObjFilter@std@media@modules@UModSys@@UBEABUSUniquePointerInfo@core@5@XZ 00403840 f i umodsys_lib_libmedia:umodsys.mod.media.std.obj
 0001:00002850       ?root_get_interface_type@RLibraryObjFilter@std@media@modules@UModSys@@UBEPBUSUniquePointerInfo@core@5@XZ 00403850 f i umodsys_lib_libmedia:umodsys.mod.media.std.obj
 0001:00002860       ?root_get_other_interface@RLibraryObjFilter@std@media@modules@UModSys@@UAEPAUIRoot@core@5@PBUSUniquePointerInfo@75@@Z 00403860 f i umodsys_lib_libmedia:umodsys.mod.media.std.obj
 0001:00002860       ?root_get_other_interface@RLibraryObjFilter@std@media@modules@UModSys@@UBEPBUIRoot@core@5@PBUSUniquePointerInfo@75@@Z 00403860 f i umodsys_lib_libmedia:umodsys.mod.media.std.obj
 0001:000028a0       ?root_is_interface_supported@RLibraryObjFilter@std@media@modules@UModSys@@UBE_NPBUSUniquePointerInfo@core@5@@Z 004038a0 f i umodsys_lib_libmedia:umodsys.mod.media.std.obj
 0001:000028e0       ?ref_links@RLibraryBinTree@std@media@modules@UModSys@@UBEHXZ 004038e0 f i umodsys_lib_libmedia:umodsys.mod.media.std.obj
 0001:000028e0       ?ref_links@RLibraryBinCache@std@media@modules@UModSys@@UBEHXZ 004038e0 f i umodsys_lib_libmedia:umodsys.mod.media.std.obj
 0001:000028e0       ?ref_links@RLibraryLayered@std@media@modules@UModSys@@UBEHXZ 004038e0 f i umodsys_lib_libmedia:umodsys.mod.media.std.obj
 0001:000028e0       ?ref_links@RDataArchiver_OsDir@stdio@media@modules@UModSys@@UBEHXZ 004038e0 f i umodsys_lib_libmedia:umodsys.mod.media.stdio.obj
 0001:000028e0       ?ref_links@RLibraryObjCache@std@media@modules@UModSys@@UBEHXZ 004038e0 f i umodsys_lib_libmedia:umodsys.mod.media.std.obj
 0001:000028e0       ?ref_links@RLibraryObjFilter@std@media@modules@UModSys@@UBEHXZ 004038e0 f i umodsys_lib_libmedia:umodsys.mod.media.std.obj
 0001:000028e0       ?ref_links@RMediaFilter@images_std@media@modules@UModSys@@UBEHXZ 004038e0 f i umodsys_lib_libmedia:umodsys.mod.media.images_std.obj
 0001:000028f0       ?suicide@RMediaFilter@images_std@media@modules@UModSys@@UAEXXZ 004038f0 f i umodsys_lib_libmedia:umodsys.mod.media.images_std.obj
 0001:000028f0       ?suicide@RLibraryBinCache@std@media@modules@UModSys@@UAEXXZ 004038f0 f i umodsys_lib_libmedia:umodsys.mod.media.std.obj
 0001:000028f0       ?suicide@RLibraryBinTree@std@media@modules@UModSys@@UAEXXZ 004038f0 f i umodsys_lib_libmedia:umodsys.mod.media.std.obj
 0001:000028f0       ?suicide@RLibraryLayered@std@media@modules@UModSys@@UAEXXZ 004038f0 f i umodsys_lib_libmedia:umodsys.mod.media.std.obj
 0001:000028f0       ?suicide@RLibraryObjCache@std@media@modules@UModSys@@UAEXXZ 004038f0 f i umodsys_lib_libmedia:umodsys.mod.media.std.obj
 0001:000028f0       ?suicide@RDataArchiver_OsDir@stdio@media@modules@UModSys@@UAEXXZ 004038f0 f i umodsys_lib_libmedia:umodsys.mod.media.stdio.obj
 0001:000028f0       ?suicide@RLibraryObjFilter@std@media@modules@UModSys@@UAEXXZ 004038f0 f i umodsys_lib_libmedia:umodsys.mod.media.std.obj
 0001:00002900       ??0RLibraryObjFilter@std@media@modules@UModSys@@QAE@PAUIModObject@base@4@ABUSParameters@core@4@U?$TFlags4State@USMediaFlagUid@libmedia@UModSys@@I@tl@4@@Z 00403900 f i umodsys_lib_libmedia:umodsys.mod.media.std.obj
 0001:00002980       ??1RLibraryObjFilter@std@media@modules@UModSys@@UAE@XZ 00403980 f i umodsys_lib_libmedia:umodsys.mod.media.std.obj
 0001:000029f0       ?get_flags_auto@RLibraryObjFilter@std@media@modules@UModSys@@UBE?AU?$TFlags4State@USMediaFlagUid@libmedia@UModSys@@I@tl@5@XZ 004039f0 f i umodsys_lib_libmedia:umodsys.mod.media.std.obj
 0001:00002a00       ?obj_fget@RLibraryObjFilter@std@media@modules@UModSys@@UAE_NABUSInfo@IBinObjFilter@libmedia@5@AAU?$TRefObject@UIRefObject@core@UModSys@@U?$TRefObjectFunc@UIRefObject@core@UModSys@@@tl@3@@tl@5@@Z 00403a00 f i umodsys_lib_libmedia:umodsys.mod.media.std.obj
 0001:00002a10       ?obj_fload@RLibraryObjFilter@std@media@modules@UModSys@@UAE_NABUSInfo@IBinObjFilter@libmedia@5@PAUIRefObject@core@5@@Z 00403a10 f i umodsys_lib_libmedia:umodsys.mod.media.std.obj
 0001:00002a20       ?obj_fsave@RLibraryObjFilter@std@media@modules@UModSys@@UAE_NAAUSInfo@IBinObjFilter@libmedia@5@PBUIRefObject@core@5@@Z 00403a20 f i umodsys_lib_libmedia:umodsys.mod.media.std.obj
 0001:00002a30       ?filters_add@RLibraryObjFilter@std@media@modules@UModSys@@UAE_NU?$TRefObject@UIBinObjFilter@libmedia@UModSys@@U?$TRefObjectFunc@UIBinObjFilter@libmedia@UModSys@@@tl@3@@tl@5@PBUSParameters@core@5@H@Z 00403a30 f i umodsys_lib_libmedia:umodsys.mod.media.std.obj
 0001:00002b10       ?filters_remove@RLibraryObjFilter@std@media@modules@UModSys@@UAE_NPAUIBinObjFilter@libmedia@5@H@Z 00403b10 f i umodsys_lib_libmedia:umodsys.mod.media.std.obj
 0001:00002b80       ?filters_clear@RLibraryObjFilter@std@media@modules@UModSys@@UAE_NXZ 00403b80 f i umodsys_lib_libmedia:umodsys.mod.media.std.obj
 0001:00002bb0       ?filters_load@RLibraryObjFilter@std@media@modules@UModSys@@UAE_NABUSInfo@IBinObjFilter@libmedia@5@AAU?$TRefObject@UIRefObject@core@UModSys@@U?$TRefObjectFunc@UIRefObject@core@UModSys@@@tl@3@@tl@5@@Z 00403bb0 f i umodsys_lib_libmedia:umodsys.mod.media.std.obj
 0001:00002c40       ?filters_load@RLibraryObjFilter@std@media@modules@UModSys@@UAE_NABUSInfo@IBinObjFilter@libmedia@5@PAUIRefObject@core@5@@Z 00403c40 f i umodsys_lib_libmedia:umodsys.mod.media.std.obj
 0001:00002cd0       ?filters_save@RLibraryObjFilter@std@media@modules@UModSys@@UAE_NAAUSInfo@IBinObjFilter@libmedia@5@PBUIRefObject@core@5@@Z 00403cd0 f i umodsys_lib_libmedia:umodsys.mod.media.std.obj
 0001:00002d60       ??_ERLibraryObjFilter@std@media@modules@UModSys@@UAEPAXI@Z 00403d60 f i  CIL library: CIL module
 0001:00002d60       ??_GRLibraryObjFilter@std@media@modules@UModSys@@UAEPAXI@Z 00403d60 f i umodsys_lib_libmedia:umodsys.mod.media.std.obj
 0001:00002d80       ?get_generated_names@RGenerator@std@media@modules@UModSys@@UBEHAAUSUniquePtrList@core@5@@Z 00403d80 f i umodsys_lib_libmedia:umodsys.mod.media.std.obj
 0001:00002dd0       ?get_generated_types@RGenerator@std@media@modules@UModSys@@UBEHAAUSUniquePtrList@core@5@PBUSUniquePointerInfo@75@@Z 00403dd0 f i umodsys_lib_libmedia:umodsys.mod.media.std.obj
 0001:00002ee0       ?generate@RGenerator@std@media@modules@UModSys@@UAE_NAAU?$TRefObject@UIRefObject@core@UModSys@@U?$TRefObjectFunc@UIRefObject@core@UModSys@@@tl@3@@tl@5@PBUSUniquePointerInfo@core@5@ABUSParameters@95@@Z 00403ee0 f i umodsys_lib_libmedia:umodsys.mod.media.std.obj
 0001:00002f70       ?root_get_interface_info@RGenerator@std@media@modules@UModSys@@UBEABUSUniquePointerInfo@core@5@XZ 00403f70 f i umodsys_lib_libmedia:umodsys.mod.media.std.obj
 0001:00002f80       ?root_get_interface_type@RGenerator@std@media@modules@UModSys@@UBEPBUSUniquePointerInfo@core@5@XZ 00403f80 f i umodsys_lib_libmedia:umodsys.mod.media.std.obj
 0001:00002f90       ?root_get_other_interface@RGenerator@std@media@modules@UModSys@@UBEPBUIRoot@core@5@PBUSUniquePointerInfo@75@@Z 00403f90 f i umodsys_lib_libmedia:umodsys.mod.media.std.obj
 0001:00002f90       ?root_get_other_interface@RGenerator@std@media@modules@UModSys@@UAEPAUIRoot@core@5@PBUSUniquePointerInfo@75@@Z 00403f90 f i umodsys_lib_libmedia:umodsys.mod.media.std.obj
 0001:00002fd0       ?root_is_interface_supported@RGenerator@std@media@modules@UModSys@@UBE_NPBUSUniquePointerInfo@core@5@@Z 00403fd0 f i umodsys_lib_libmedia:umodsys.mod.media.std.obj
 0001:00003010       ?ref_links@RGenerator@stdio@media@modules@UModSys@@UBEHXZ 00404010 f i umodsys_lib_libmedia:umodsys.mod.media.stdio.obj
 0001:00003010       ?ref_links@RGenerator@images_std@media@modules@UModSys@@UBEHXZ 00404010 f i umodsys_lib_libmedia:umodsys.mod.media.images_std.obj
 0001:00003010       ?ref_links@RGenerator@std@media@modules@UModSys@@UBEHXZ 00404010 f i umodsys_lib_libmedia:umodsys.mod.media.std.obj
 0001:00003010       ?ref_links@RStreamWriter_FILE@stdio@media@modules@UModSys@@UBEHXZ 00404010 f i umodsys_lib_libmedia:umodsys.mod.media.stdio.obj
 0001:00003010       ?ref_links@RStreamReader_FILE@stdio@media@modules@UModSys@@UBEHXZ 00404010 f i umodsys_lib_libmedia:umodsys.mod.media.stdio.obj
 0001:00003020       ?ref_weak@RGenerator@images_std@media@modules@UModSys@@UBE_NAAUWeakPointer@IRefObject@core@5@@Z 00404020 f i umodsys_lib_libmedia:umodsys.mod.media.images_std.obj
 0001:00003020       ?ref_weak@RGenerator@std@media@modules@UModSys@@UBE_NAAUWeakPointer@IRefObject@core@5@@Z 00404020 f i umodsys_lib_libmedia:umodsys.mod.media.std.obj
 0001:00003020       ?ref_weak@RGenerator@stdio@media@modules@UModSys@@UBE_NAAUWeakPointer@IRefObject@core@5@@Z 00404020 f i umodsys_lib_libmedia:umodsys.mod.media.stdio.obj
 0001:00003020       ?ref_weak@RStreamWriter_FILE@stdio@media@modules@UModSys@@UBE_NAAUWeakPointer@IRefObject@core@5@@Z 00404020 f i umodsys_lib_libmedia:umodsys.mod.media.stdio.obj
 0001:00003020       ?ref_weak@RStreamReader_FILE@stdio@media@modules@UModSys@@UBE_NAAUWeakPointer@IRefObject@core@5@@Z 00404020 f i umodsys_lib_libmedia:umodsys.mod.media.stdio.obj
 0001:00003040       ?get_uid@RGenerator@std@media@modules@UModSys@@UBEPBUSUniquePointerInfo@core@5@XZ 00404040 f i umodsys_lib_libmedia:umodsys.mod.media.std.obj
 0001:00003050       ?do_open@RModuleReg@std@media@modules@UModSys@@UAE_NXZ 00404050 f i umodsys_lib_libmedia:umodsys.mod.media.std.obj
 0001:00003060       ?do_close@RModuleReg@std@media@modules@UModSys@@UAE_NXZ 00404060 f i umodsys_lib_libmedia:umodsys.mod.media.std.obj
 0001:00003070       ??_ERModuleReg@std@media@modules@UModSys@@UAEPAXI@Z 00404070 f i  CIL library: CIL module
 0001:00003070       ??_GRModuleReg@std@media@modules@UModSys@@UAEPAXI@Z 00404070 f i umodsys_lib_libmedia:umodsys.mod.media.std.obj
 0001:000030a0       ??4?$TString@U?$TSCoreConst@D@su@tl@UModSys@@U?$TComparerBinaryHash@D@234@@tl@UModSys@@QAEABU012@PBD@Z 004040a0 f i umodsys_lib_libmedia:umodsys.mod.media.std.obj
 0001:000030e0       ??0?$TString@U?$TSCoreShared@USIMemAlloc@core@UModSys@@D@su@tl@UModSys@@U?$TComparerBinaryHash@D@234@@tl@UModSys@@QAE@ABU?$TSCoreConst@D@su@12@@Z 004040e0 f i umodsys_lib_libmedia:umodsys.mod.media.std.obj
 0001:00003150       ??4?$TString@U?$TSCoreShared@USIMemAlloc@core@UModSys@@D@su@tl@UModSys@@U?$TComparerBinaryHash@D@234@@tl@UModSys@@QAEABU012@ABU012@@Z 00404150 f i umodsys_lib_libmedia:umodsys.mod.media.std.obj
 0001:00003190       ?remove_node@?$TTreeHoldRB@U?$TScatterArrayNode@USMountInfo@RLibraryBinTree@std@media@modules@UModSys@@USId@ILibraryBinTree@libmedia@6@@tl@UModSys@@@tl@UModSys@@QAEXPAU?$TScatterArrayNode@USMountInfo@RLibraryBinTree@std@media@modules@UModSys@@USId@ILibraryBinTree@libmedia@6@@23@@Z 00404190 f i umodsys_lib_libmedia:umodsys.mod.media.std.obj
 0001:00003190       ?remove_node@?$TTreeHoldRB@U?$TScatterArrayNode@USFilter@RLibraryObjFilter@std@media@modules@UModSys@@USId@23456@@tl@UModSys@@@tl@UModSys@@QAEXPAU?$TScatterArrayNode@USFilter@RLibraryObjFilter@std@media@modules@UModSys@@USId@23456@@23@@Z 00404190 f i umodsys_lib_libmedia:umodsys.mod.media.std.obj
 0001:00003190       ?remove_node@?$TTreeHoldRB@U?$TScatterArrayNode@USCacheElem@RLibraryBinCache@std@media@modules@UModSys@@U?$TString@U?$TSCoreConst@D@su@tl@UModSys@@U?$TComparerBinaryHash@D@234@@tl@6@@tl@UModSys@@@tl@UModSys@@QAEXPAU?$TScatterArrayNode@USCacheElem@RLibraryBinCache@std@media@modules@UModSys@@U?$TString@U?$TSCoreConst@D@su@tl@UModSys@@U?$TComparerBinaryHash@D@234@@tl@6@@23@@Z 00404190 f i umodsys_lib_libmedia:umodsys.mod.media.std.obj
 0001:00003190       ?remove_node@?$TTreeHoldRB@U?$TScatterArrayNode@USCacheElem@RLibraryObjCache@std@media@modules@UModSys@@U?$TString@U?$TSCoreConst@D@su@tl@UModSys@@U?$TComparerBinaryHash@D@234@@tl@6@@tl@UModSys@@@tl@UModSys@@QAEXPAU?$TScatterArrayNode@USCacheElem@RLibraryObjCache@std@media@modules@UModSys@@U?$TString@U?$TSCoreConst@D@su@tl@UModSys@@U?$TComparerBinaryHash@D@234@@tl@6@@23@@Z 00404190 f i umodsys_lib_libmedia:umodsys.mod.media.std.obj
 0001:00003280       ??1?$TPair@U?$TString@U?$TSCoreConst@D@su@tl@UModSys@@U?$TComparerBinaryHash@D@234@@tl@UModSys@@USCacheElem@RLibraryBinCache@std@media@modules@3@@tl@UModSys@@QAE@XZ 00404280 f i umodsys_lib_libmedia:umodsys.mod.media.std.obj
 0001:00003290       ??1?$TPair@USId@ILibraryBinTree@libmedia@UModSys@@USMountInfo@RLibraryBinTree@std@media@modules@4@@tl@UModSys@@QAE@XZ 00404290 f i umodsys_lib_libmedia:umodsys.mod.media.std.obj
 0001:000032a0       ??1?$TPair@U?$TString@U?$TSCoreConst@D@su@tl@UModSys@@U?$TComparerBinaryHash@D@234@@tl@UModSys@@USCacheElem@RLibraryObjCache@std@media@modules@3@@tl@UModSys@@QAE@XZ 004042a0 f i umodsys_lib_libmedia:umodsys.mod.media.std.obj
 0001:000032b0       ??1?$TPair@USId@RLibraryObjFilter@std@media@modules@UModSys@@USFilter@23456@@tl@UModSys@@QAE@XZ 004042b0 f i umodsys_lib_libmedia:umodsys.mod.media.std.obj
 0001:000032d0       ??1SCacheElem@RLibraryBinCache@std@media@modules@UModSys@@QAE@XZ 004042d0 f i umodsys_lib_libmedia:umodsys.mod.media.std.obj
 0001:00003350       ??1SMountInfo@RLibraryBinTree@std@media@modules@UModSys@@QAE@XZ 00404350 f i umodsys_lib_libmedia:umodsys.mod.media.std.obj
 0001:000033e0       ??1SCacheElem@RLibraryObjCache@std@media@modules@UModSys@@QAE@XZ 004043e0 f i umodsys_lib_libmedia:umodsys.mod.media.std.obj
 0001:00003470       ?info_new@?$TSCoreShared@USIMemAlloc@core@UModSys@@D@su@tl@UModSys@@QAE_NPBDI@Z 00404470 f i umodsys_lib_libmedia:umodsys.mod.media.std.obj
 0001:00003500       ?ResizeRel@?$TDynarray@U?$TDynarrayHolderDynamic@USLayerX@RLibraryLayered@std@media@modules@UModSys@@U?$TAllocator@USIMemAlloc@core@UModSys@@USCountCalcPower2@23@@tl@6@@tl@UModSys@@@tl@UModSys@@QAE_NH@Z 00404500 f i umodsys_lib_libmedia:umodsys.mod.media.std.obj
 0001:00003580       ?InsertAt@?$TDynarray@U?$TDynarrayHolderDynamic@USLayerX@RLibraryLayered@std@media@modules@UModSys@@U?$TAllocator@USIMemAlloc@core@UModSys@@USCountCalcPower2@23@@tl@6@@tl@UModSys@@@tl@UModSys@@QAE_NII@Z 00404580 f i umodsys_lib_libmedia:umodsys.mod.media.std.obj
 0001:000035e0       ?s_set@?$TRefObjectFunc@UIRefObject@core@UModSys@@@tl@UModSys@@SAXAAPAUIRefObject@core@3@PAU453@@Z 004045e0 f i umodsys_lib_libmedia:umodsys.mod.media.std.obj
 0001:00003600       ?remove_color@?$TTreeHoldRB@U?$TScatterArrayNode@USMountInfo@RLibraryBinTree@std@media@modules@UModSys@@USId@ILibraryBinTree@libmedia@6@@tl@UModSys@@@tl@UModSys@@IAEXPAU?$TScatterArrayNode@USMountInfo@RLibraryBinTree@std@media@modules@UModSys@@USId@ILibraryBinTree@libmedia@6@@23@0@Z 00404600 f i umodsys_lib_libmedia:umodsys.mod.media.std.obj
 0001:00003600       ?remove_color@?$TTreeHoldRB@U?$TScatterArrayNode@USFilter@RLibraryObjFilter@std@media@modules@UModSys@@USId@23456@@tl@UModSys@@@tl@UModSys@@IAEXPAU?$TScatterArrayNode@USFilter@RLibraryObjFilter@std@media@modules@UModSys@@USId@23456@@23@0@Z 00404600 f i umodsys_lib_libmedia:umodsys.mod.media.std.obj
 0001:00003600       ?remove_color@?$TTreeHoldRB@U?$TScatterArrayNode@USCacheElem@RLibraryBinCache@std@media@modules@UModSys@@U?$TString@U?$TSCoreConst@D@su@tl@UModSys@@U?$TComparerBinaryHash@D@234@@tl@6@@tl@UModSys@@@tl@UModSys@@IAEXPAU?$TScatterArrayNode@USCacheElem@RLibraryBinCache@std@media@modules@UModSys@@U?$TString@U?$TSCoreConst@D@su@tl@UModSys@@U?$TComparerBinaryHash@D@234@@tl@6@@23@0@Z 00404600 f i umodsys_lib_libmedia:umodsys.mod.media.std.obj
 0001:00003600       ?remove_color@?$TTreeHoldRB@U?$TScatterArrayNode@USCacheElem@RLibraryObjCache@std@media@modules@UModSys@@U?$TString@U?$TSCoreConst@D@su@tl@UModSys@@U?$TComparerBinaryHash@D@234@@tl@6@@tl@UModSys@@@tl@UModSys@@IAEXPAU?$TScatterArrayNode@USCacheElem@RLibraryObjCache@std@media@modules@UModSys@@U?$TString@U?$TSCoreConst@D@su@tl@UModSys@@U?$TComparerBinaryHash@D@234@@tl@6@@23@0@Z 00404600 f i umodsys_lib_libmedia:umodsys.mod.media.std.obj
 0001:00003780       ??$t_types@URLibraryLayered@std@media@modules@UModSys@@@IGenerator@base@UModSys@@KA_NAAHAAUSUniquePtrList@core@2@PBUSUniquePointerInfo@42@@Z 00404780 f i umodsys_lib_libmedia:umodsys.mod.media.std.obj
 0001:000037d0       ??$t_types@URLibraryObjFilter@std@media@modules@UModSys@@@IGenerator@base@UModSys@@KA_NAAHAAUSUniquePtrList@core@2@PBUSUniquePointerInfo@42@@Z 004047d0 f i umodsys_lib_libmedia:umodsys.mod.media.std.obj
 0001:00003820       ??$t_types@URLibraryObjCache@std@media@modules@UModSys@@@IGenerator@base@UModSys@@KA_NAAHAAUSUniquePtrList@core@2@PBUSUniquePointerInfo@42@@Z 00404820 f i umodsys_lib_libmedia:umodsys.mod.media.std.obj
 0001:00003870       ??$t_gen_param@URLibraryBinCache@std@media@modules@UModSys@@URGenerator@2345@@IGenerator@base@UModSys@@IAE_NPAURGenerator@std@media@modules@2@AAU?$TRefObject@UIRefObject@core@UModSys@@U?$TRefObjectFunc@UIRefObject@core@UModSys@@@tl@3@@tl@2@PBUSUniquePointerInfo@core@2@ABUSParameters@core@2@@Z 00404870 f i umodsys_lib_libmedia:umodsys.mod.media.std.obj
 0001:000038f0       ??$t_gen_param@URLibraryBinTree@std@media@modules@UModSys@@URGenerator@2345@@IGenerator@base@UModSys@@IAE_NPAURGenerator@std@media@modules@2@AAU?$TRefObject@UIRefObject@core@UModSys@@U?$TRefObjectFunc@UIRefObject@core@UModSys@@@tl@3@@tl@2@PBUSUniquePointerInfo@core@2@ABUSParameters@core@2@@Z 004048f0 f i umodsys_lib_libmedia:umodsys.mod.media.std.obj
 0001:00003970       ??$t_gen_param@URLibraryLayered@std@media@modules@UModSys@@URGenerator@2345@@IGenerator@base@UModSys@@IAE_NPAURGenerator@std@media@modules@2@AAU?$TRefObject@UIRefObject@core@UModSys@@U?$TRefObjectFunc@UIRefObject@core@UModSys@@@tl@3@@tl@2@PBUSUniquePointerInfo@core@2@ABUSParameters@core@2@@Z 00404970 f i umodsys_lib_libmedia:umodsys.mod.media.std.obj
 0001:000039e0       ??$t_gen_param@URLibraryObjFilter@std@media@modules@UModSys@@URGenerator@2345@@IGenerator@base@UModSys@@IAE_NPAURGenerator@std@media@modules@2@AAU?$TRefObject@UIRefObject@core@UModSys@@U?$TRefObjectFunc@UIRefObject@core@UModSys@@@tl@3@@tl@2@PBUSUniquePointerInfo@core@2@ABUSParameters@core@2@@Z 004049e0 f i umodsys_lib_libmedia:umodsys.mod.media.std.obj
 0001:00003a60       ??$t_gen_param@URLibraryObjCache@std@media@modules@UModSys@@URGenerator@2345@@IGenerator@base@UModSys@@IAE_NPAURGenerator@std@media@modules@2@AAU?$TRefObject@UIRefObject@core@UModSys@@U?$TRefObjectFunc@UIRefObject@core@UModSys@@@tl@3@@tl@2@PBUSUniquePointerInfo@core@2@ABUSParameters@core@2@@Z 00404a60 f i umodsys_lib_libmedia:umodsys.mod.media.std.obj
 0001:00003ae0       ??$genx_node@UCmp@?$TScatterArray@USCacheElem@RLibraryBinCache@std@media@modules@UModSys@@U?$TString@U?$TSCoreConst@D@su@tl@UModSys@@U?$TComparerBinaryHash@D@234@@tl@6@U?$TObjectCompare@U?$TString@U?$TSCoreConst@D@su@tl@UModSys@@U?$TComparerBinaryHash@D@234@@tl@UModSys@@@core@6@U?$TNodeDeleter0@U?$TScatterArrayNode@USCacheElem@RLibraryBinCache@std@media@modules@UModSys@@U?$TString@U?$TSCoreConst@D@su@tl@UModSys@@U?$TComparerBinaryHash@D@234@@tl@6@@tl@UModSys@@@86@@tl@UModSys@@UGen0@234@@?$TTreeHoldRBD@U?$TScatterArrayNode@USCacheElem@RLibraryBinCache@std@media@modules@UModSys@@U?$TString@U?$TSCoreConst@D@su@tl@UModSys@@U?$TComparerBinaryHash@D@234@@tl@6@@tl@UModSys@@U?$TNodeDeleter0@U?$TScatterArrayNode@USCacheElem@RLibraryBinCache@std@media@modules@UModSys@@U?$TString@U?$TSCoreConst@D@su@tl@UModSys@@U?$TComparerBinaryHash@D@234@@tl@6@@tl@UModSys@@@23@@tl@UModSys@@QAEPAU?$TScatterArrayNode@USCacheElem@RLibraryBinCache@std@media@modules@UModSys@@U?$TString@U?$TSCoreConst@D@su@tl@UModSys@@U?$TComparerBinaryHash@D@234@@tl@6@@12@UCmp@?$TScatterArray@USCacheElem@RLibraryBinCache@std@media@modules@UModSys@@U?$TString@U?$TSCoreConst@D@su@tl@UModSys@@U?$TComparerBinaryHash@D@234@@tl@6@U?$TObjectCompare@U?$TString@U?$TSCoreConst@D@su@tl@UModSys@@U?$TComparerBinaryHash@D@234@@tl@UModSys@@@core@6@U?$TNodeDeleter0@U?$TScatterArrayNode@USCacheElem@RLibraryBinCache@std@media@modules@UModSys@@U?$TString@U?$TSCoreConst@D@su@tl@UModSys@@U?$TComparerBinaryHash@D@234@@tl@6@@tl@UModSys@@@86@@12@ABUGen0@512@PAPAU312@2_N@Z 00404ae0 f i umodsys_lib_libmedia:umodsys.mod.media.std.obj
 0001:00003bd0       ??$genx_node@UCmp@?$TScatterArray@USMountInfo@RLibraryBinTree@std@media@modules@UModSys@@USId@ILibraryBinTree@libmedia@6@U7896@U?$TNodeDeleter0@U?$TScatterArrayNode@USMountInfo@RLibraryBinTree@std@media@modules@UModSys@@USId@ILibraryBinTree@libmedia@6@@tl@UModSys@@@tl@6@@tl@UModSys@@UGen0@234@@?$TTreeHoldRBD@U?$TScatterArrayNode@USMountInfo@RLibraryBinTree@std@media@modules@UModSys@@USId@ILibraryBinTree@libmedia@6@@tl@UModSys@@U?$TNodeDeleter0@U?$TScatterArrayNode@USMountInfo@RLibraryBinTree@std@media@modules@UModSys@@USId@ILibraryBinTree@libmedia@6@@tl@UModSys@@@23@@tl@UModSys@@QAEPAU?$TScatterArrayNode@USMountInfo@RLibraryBinTree@std@media@modules@UModSys@@USId@ILibraryBinTree@libmedia@6@@12@UCmp@?$TScatterArray@USMountInfo@RLibraryBinTree@std@media@modules@UModSys@@USId@ILibraryBinTree@libmedia@6@U7896@U?$TNodeDeleter0@U?$TScatterArrayNode@USMountInfo@RLibraryBinTree@std@media@modules@UModSys@@USId@ILibraryBinTree@libmedia@6@@tl@UModSys@@@tl@6@@12@ABUGen0@512@PAPAU312@2_N@Z 00404bd0 f i umodsys_lib_libmedia:umodsys.mod.media.std.obj
 0001:00003ce0       ??$find_node_u@UCmp@?$TScatterArray@USMountInfo@RLibraryBinTree@std@media@modules@UModSys@@USId@ILibraryBinTree@libmedia@6@U7896@U?$TNodeDeleter0@U?$TScatterArrayNode@USMountInfo@RLibraryBinTree@std@media@modules@UModSys@@USId@ILibraryBinTree@libmedia@6@@tl@UModSys@@@tl@6@@tl@UModSys@@@?$TTreeHoldRB@U?$TScatterArrayNode@USMountInfo@RLibraryBinTree@std@media@modules@UModSys@@USId@ILibraryBinTree@libmedia@6@@tl@UModSys@@@tl@UModSys@@QBEPAU?$TScatterArrayNode@USMountInfo@RLibraryBinTree@std@media@modules@UModSys@@USId@ILibraryBinTree@libmedia@6@@12@UCmp@?$TScatterArray@USMountInfo@RLibraryBinTree@std@media@modules@UModSys@@USId@ILibraryBinTree@libmedia@6@U7896@U?$TNodeDeleter0@U?$TScatterArrayNode@USMountInfo@RLibraryBinTree@std@media@modules@UModSys@@USId@ILibraryBinTree@libmedia@6@@tl@UModSys@@@tl@6@@12@@Z 00404ce0 f i umodsys_lib_libmedia:umodsys.mod.media.std.obj
 0001:00003dc0       ??$genx_node@UCmp@?$TScatterArray@USCacheElem@RLibraryObjCache@std@media@modules@UModSys@@U?$TString@U?$TSCoreConst@D@su@tl@UModSys@@U?$TComparerBinaryHash@D@234@@tl@6@U?$TObjectCompare@U?$TString@U?$TSCoreConst@D@su@tl@UModSys@@U?$TComparerBinaryHash@D@234@@tl@UModSys@@@core@6@U?$TNodeDeleter0@U?$TScatterArrayNode@USCacheElem@RLibraryObjCache@std@media@modules@UModSys@@U?$TString@U?$TSCoreConst@D@su@tl@UModSys@@U?$TComparerBinaryHash@D@234@@tl@6@@tl@UModSys@@@86@@tl@UModSys@@UGen0@234@@?$TTreeHoldRBD@U?$TScatterArrayNode@USCacheElem@RLibraryObjCache@std@media@modules@UModSys@@U?$TString@U?$TSCoreConst@D@su@tl@UModSys@@U?$TComparerBinaryHash@D@234@@tl@6@@tl@UModSys@@U?$TNodeDeleter0@U?$TScatterArrayNode@USCacheElem@RLibraryObjCache@std@media@modules@UModSys@@U?$TString@U?$TSCoreConst@D@su@tl@UModSys@@U?$TComparerBinaryHash@D@234@@tl@6@@tl@UModSys@@@23@@tl@UModSys@@QAEPAU?$TScatterArrayNode@USCacheElem@RLibraryObjCache@std@media@modules@UModSys@@U?$TString@U?$TSCoreConst@D@su@tl@UModSys@@U?$TComparerBinaryHash@D@234@@tl@6@@12@UCmp@?$TScatterArray@USCacheElem@RLibraryObjCache@std@media@modules@UModSys@@U?$TString@U?$TSCoreConst@D@su@tl@UModSys@@U?$TComparerBinaryHash@D@234@@tl@6@U?$TObjectCompare@U?$TString@U?$TSCoreConst@D@su@tl@UModSys@@U?$TComparerBinaryHash@D@234@@tl@UModSys@@@core@6@U?$TNodeDeleter0@U?$TScatterArrayNode@USCacheElem@RLibraryObjCache@std@media@modules@UModSys@@U?$TString@U?$TSCoreConst@D@su@tl@UModSys@@U?$TComparerBinaryHash@D@234@@tl@6@@tl@UModSys@@@86@@12@ABUGen0@512@PAPAU312@2_N@Z 00404dc0 f i umodsys_lib_libmedia:umodsys.mod.media.std.obj
 0001:00003eb0       ??$find_node_u@UCmp@?$TScatterArray@USCacheElem@RLibraryBinCache@std@media@modules@UModSys@@U?$TString@U?$TSCoreConst@D@su@tl@UModSys@@U?$TComparerBinaryHash@D@234@@tl@6@U?$TObjectCompare@U?$TString@U?$TSCoreConst@D@su@tl@UModSys@@U?$TComparerBinaryHash@D@234@@tl@UModSys@@@core@6@U?$TNodeDeleter0@U?$TScatterArrayNode@USCacheElem@RLibraryBinCache@std@media@modules@UModSys@@U?$TString@U?$TSCoreConst@D@su@tl@UModSys@@U?$TComparerBinaryHash@D@234@@tl@6@@tl@UModSys@@@86@@tl@UModSys@@@?$TTreeHoldRB@U?$TScatterArrayNode@USCacheElem@RLibraryBinCache@std@media@modules@UModSys@@U?$TString@U?$TSCoreConst@D@su@tl@UModSys@@U?$TComparerBinaryHash@D@234@@tl@6@@tl@UModSys@@@tl@UModSys@@QBEPAU?$TScatterArrayNode@USCacheElem@RLibraryBinCache@std@media@modules@UModSys@@U?$TString@U?$TSCoreConst@D@su@tl@UModSys@@U?$TComparerBinaryHash@D@234@@tl@6@@12@UCmp@?$TScatterArray@USCacheElem@RLibraryBinCache@std@media@modules@UModSys@@U?$TString@U?$TSCoreConst@D@su@tl@UModSys@@U?$TComparerBinaryHash@D@234@@tl@6@U?$TObjectCompare@U?$TString@U?$TSCoreConst@D@su@tl@UModSys@@U?$TComparerBinaryHash@D@234@@tl@UModSys@@@core@6@U?$TNodeDeleter0@U?$TScatterArrayNode@USCacheElem@RLibraryBinCache@std@media@modules@UModSys@@U?$TString@U?$TSCoreConst@D@su@tl@UModSys@@U?$TComparerBinaryHash@D@234@@tl@6@@tl@UModSys@@@86@@12@@Z 00404eb0 f i umodsys_lib_libmedia:umodsys.mod.media.std.obj
 0001:00003eb0       ??$find_node_u@UCmp@?$TScatterArray@USCacheElem@RLibraryObjCache@std@media@modules@UModSys@@U?$TString@U?$TSCoreConst@D@su@tl@UModSys@@U?$TComparerBinaryHash@D@234@@tl@6@U?$TObjectCompare@U?$TString@U?$TSCoreConst@D@su@tl@UModSys@@U?$TComparerBinaryHash@D@234@@tl@UModSys@@@core@6@U?$TNodeDeleter0@U?$TScatterArrayNode@USCacheElem@RLibraryObjCache@std@media@modules@UModSys@@U?$TString@U?$TSCoreConst@D@su@tl@UModSys@@U?$TComparerBinaryHash@D@234@@tl@6@@tl@UModSys@@@86@@tl@UModSys@@@?$TTreeHoldRB@U?$TScatterArrayNode@USCacheElem@RLibraryObjCache@std@media@modules@UModSys@@U?$TString@U?$TSCoreConst@D@su@tl@UModSys@@U?$TComparerBinaryHash@D@234@@tl@6@@tl@UModSys@@@tl@UModSys@@QBEPAU?$TScatterArrayNode@USCacheElem@RLibraryObjCache@std@media@modules@UModSys@@U?$TString@U?$TSCoreConst@D@su@tl@UModSys@@U?$TComparerBinaryHash@D@234@@tl@6@@12@UCmp@?$TScatterArray@USCacheElem@RLibraryObjCache@std@media@modules@UModSys@@U?$TString@U?$TSCoreConst@D@su@tl@UModSys@@U?$TComparerBinaryHash@D@234@@tl@6@U?$TObjectCompare@U?$TString@U?$TSCoreConst@D@su@tl@UModSys@@U?$TComparerBinaryHash@D@234@@tl@UModSys@@@core@6@U?$TNodeDeleter0@U?$TScatterArrayNode@USCacheElem@RLibraryObjCache@std@media@modules@UModSys@@U?$TString@U?$TSCoreConst@D@su@tl@UModSys@@U?$TComparerBinaryHash@D@234@@tl@6@@tl@UModSys@@@86@@12@@Z 00404eb0 f i umodsys_lib_libmedia:umodsys.mod.media.std.obj
 0001:00003f60       ??$genx_node@UCmp@?$TScatterArray@USFilter@RLibraryObjFilter@std@media@modules@UModSys@@USId@23456@U723456@U?$TNodeDeleter0@U?$TScatterArrayNode@USFilter@RLibraryObjFilter@std@media@modules@UModSys@@USId@23456@@tl@UModSys@@@tl@6@@tl@UModSys@@UGen0@234@@?$TTreeHoldRBD@U?$TScatterArrayNode@USFilter@RLibraryObjFilter@std@media@modules@UModSys@@USId@23456@@tl@UModSys@@U?$TNodeDeleter0@U?$TScatterArrayNode@USFilter@RLibraryObjFilter@std@media@modules@UModSys@@USId@23456@@tl@UModSys@@@23@@tl@UModSys@@QAEPAU?$TScatterArrayNode@USFilter@RLibraryObjFilter@std@media@modules@UModSys@@USId@23456@@12@UCmp@?$TScatterArray@USFilter@RLibraryObjFilter@std@media@modules@UModSys@@USId@23456@U723456@U?$TNodeDeleter0@U?$TScatterArrayNode@USFilter@RLibraryObjFilter@std@media@modules@UModSys@@USId@23456@@tl@UModSys@@@tl@6@@12@ABUGen0@512@PAPAU312@2_N@Z 00404f60 f i umodsys_lib_libmedia:umodsys.mod.media.std.obj
 0001:00003ff0       ??$find_node_u@UCmp@?$TScatterArray@USFilter@RLibraryObjFilter@std@media@modules@UModSys@@USId@23456@U723456@U?$TNodeDeleter0@U?$TScatterArrayNode@USFilter@RLibraryObjFilter@std@media@modules@UModSys@@USId@23456@@tl@UModSys@@@tl@6@@tl@UModSys@@@?$TTreeHoldRB@U?$TScatterArrayNode@USFilter@RLibraryObjFilter@std@media@modules@UModSys@@USId@23456@@tl@UModSys@@@tl@UModSys@@QBEPAU?$TScatterArrayNode@USFilter@RLibraryObjFilter@std@media@modules@UModSys@@USId@23456@@12@UCmp@?$TScatterArray@USFilter@RLibraryObjFilter@std@media@modules@UModSys@@USId@23456@U723456@U?$TNodeDeleter0@U?$TScatterArrayNode@USFilter@RLibraryObjFilter@std@media@modules@UModSys@@USId@23456@@tl@UModSys@@@tl@6@@12@@Z 00404ff0 f i umodsys_lib_libmedia:umodsys.mod.media.std.obj
 0001:00004050       ?rotate_right@?$TTreeHoldRB@U?$TScatterArrayNode@USMountInfo@RLibraryBinTree@std@media@modules@UModSys@@USId@ILibraryBinTree@libmedia@6@@tl@UModSys@@@tl@UModSys@@IAEXPAU?$TScatterArrayNode@USMountInfo@RLibraryBinTree@std@media@modules@UModSys@@USId@ILibraryBinTree@libmedia@6@@23@@Z 00405050 f i umodsys_lib_libmedia:umodsys.mod.media.std.obj
 0001:00004050       ?rotate_right@?$TTreeHoldRB@U?$TScatterArrayNode@USCacheElem@RLibraryBinCache@std@media@modules@UModSys@@U?$TString@U?$TSCoreConst@D@su@tl@UModSys@@U?$TComparerBinaryHash@D@234@@tl@6@@tl@UModSys@@@tl@UModSys@@IAEXPAU?$TScatterArrayNode@USCacheElem@RLibraryBinCache@std@media@modules@UModSys@@U?$TString@U?$TSCoreConst@D@su@tl@UModSys@@U?$TComparerBinaryHash@D@234@@tl@6@@23@@Z 00405050 f i umodsys_lib_libmedia:umodsys.mod.media.std.obj
 0001:00004050       ?rotate_right@?$TTreeHoldRB@U?$TScatterArrayNode@USFilter@RLibraryObjFilter@std@media@modules@UModSys@@USId@23456@@tl@UModSys@@@tl@UModSys@@IAEXPAU?$TScatterArrayNode@USFilter@RLibraryObjFilter@std@media@modules@UModSys@@USId@23456@@23@@Z 00405050 f i umodsys_lib_libmedia:umodsys.mod.media.std.obj
 0001:00004050       ?rotate_right@?$TTreeHoldRB@U?$TScatterArrayNode@USCacheElem@RLibraryObjCache@std@media@modules@UModSys@@U?$TString@U?$TSCoreConst@D@su@tl@UModSys@@U?$TComparerBinaryHash@D@234@@tl@6@@tl@UModSys@@@tl@UModSys@@IAEXPAU?$TScatterArrayNode@USCacheElem@RLibraryObjCache@std@media@modules@UModSys@@U?$TString@U?$TSCoreConst@D@su@tl@UModSys@@U?$TComparerBinaryHash@D@234@@tl@6@@23@@Z 00405050 f i umodsys_lib_libmedia:umodsys.mod.media.std.obj
 0001:000040a0       ?sub_insert_node@?$TTreeHoldRB@U?$TScatterArrayNode@USFilter@RLibraryObjFilter@std@media@modules@UModSys@@USId@23456@@tl@UModSys@@@tl@UModSys@@QAEXPAU?$TScatterArrayNode@USFilter@RLibraryObjFilter@std@media@modules@UModSys@@USId@23456@@23@0H@Z 004050a0 f i umodsys_lib_libmedia:umodsys.mod.media.std.obj
 0001:000040a0       ?sub_insert_node@?$TTreeHoldRB@U?$TScatterArrayNode@USCacheElem@RLibraryObjCache@std@media@modules@UModSys@@U?$TString@U?$TSCoreConst@D@su@tl@UModSys@@U?$TComparerBinaryHash@D@234@@tl@6@@tl@UModSys@@@tl@UModSys@@QAEXPAU?$TScatterArrayNode@USCacheElem@RLibraryObjCache@std@media@modules@UModSys@@U?$TString@U?$TSCoreConst@D@su@tl@UModSys@@U?$TComparerBinaryHash@D@234@@tl@6@@23@0H@Z 004050a0 f i umodsys_lib_libmedia:umodsys.mod.media.std.obj
 0001:000040a0       ?sub_insert_node@?$TTreeHoldRB@U?$TScatterArrayNode@USMountInfo@RLibraryBinTree@std@media@modules@UModSys@@USId@ILibraryBinTree@libmedia@6@@tl@UModSys@@@tl@UModSys@@QAEXPAU?$TScatterArrayNode@USMountInfo@RLibraryBinTree@std@media@modules@UModSys@@USId@ILibraryBinTree@libmedia@6@@23@0H@Z 004050a0 f i umodsys_lib_libmedia:umodsys.mod.media.std.obj
 0001:000040a0       ?sub_insert_node@?$TTreeHoldRB@U?$TScatterArrayNode@USCacheElem@RLibraryBinCache@std@media@modules@UModSys@@U?$TString@U?$TSCoreConst@D@su@tl@UModSys@@U?$TComparerBinaryHash@D@234@@tl@6@@tl@UModSys@@@tl@UModSys@@QAEXPAU?$TScatterArrayNode@USCacheElem@RLibraryBinCache@std@media@modules@UModSys@@U?$TString@U?$TSCoreConst@D@su@tl@UModSys@@U?$TComparerBinaryHash@D@234@@tl@6@@23@0H@Z 004050a0 f i umodsys_lib_libmedia:umodsys.mod.media.std.obj
 0001:00004110       ?ReLink@?$TDynarray@U?$TDynarrayHolderDynamic@USLayerX@RLibraryLayered@std@media@modules@UModSys@@U?$TAllocator@USIMemAlloc@core@UModSys@@USCountCalcPower2@23@@tl@6@@tl@UModSys@@@tl@UModSys@@IAE_NI@Z 00405110 f i umodsys_lib_libmedia:umodsys.mod.media.std.obj
 0001:00004160       ?rotate_left@?$TTreeHoldRB@U?$TScatterArrayNode@USCacheElem@RLibraryObjCache@std@media@modules@UModSys@@U?$TString@U?$TSCoreConst@D@su@tl@UModSys@@U?$TComparerBinaryHash@D@234@@tl@6@@tl@UModSys@@@tl@UModSys@@IAEXPAU?$TScatterArrayNode@USCacheElem@RLibraryObjCache@std@media@modules@UModSys@@U?$TString@U?$TSCoreConst@D@su@tl@UModSys@@U?$TComparerBinaryHash@D@234@@tl@6@@23@@Z 00405160 f i umodsys_lib_libmedia:umodsys.mod.media.std.obj
 0001:00004160       ?rotate_left@?$TTreeHoldRB@U?$TScatterArrayNode@USFilter@RLibraryObjFilter@std@media@modules@UModSys@@USId@23456@@tl@UModSys@@@tl@UModSys@@IAEXPAU?$TScatterArrayNode@USFilter@RLibraryObjFilter@std@media@modules@UModSys@@USId@23456@@23@@Z 00405160 f i umodsys_lib_libmedia:umodsys.mod.media.std.obj
 0001:00004160       ?rotate_left@?$TTreeHoldRB@U?$TScatterArrayNode@USMountInfo@RLibraryBinTree@std@media@modules@UModSys@@USId@ILibraryBinTree@libmedia@6@@tl@UModSys@@@tl@UModSys@@IAEXPAU?$TScatterArrayNode@USMountInfo@RLibraryBinTree@std@media@modules@UModSys@@USId@ILibraryBinTree@libmedia@6@@23@@Z 00405160 f i umodsys_lib_libmedia:umodsys.mod.media.std.obj
 0001:00004160       ?rotate_left@?$TTreeHoldRB@U?$TScatterArrayNode@USCacheElem@RLibraryBinCache@std@media@modules@UModSys@@U?$TString@U?$TSCoreConst@D@su@tl@UModSys@@U?$TComparerBinaryHash@D@234@@tl@6@@tl@UModSys@@@tl@UModSys@@IAEXPAU?$TScatterArrayNode@USCacheElem@RLibraryBinCache@std@media@modules@UModSys@@U?$TString@U?$TSCoreConst@D@su@tl@UModSys@@U?$TComparerBinaryHash@D@234@@tl@6@@23@@Z 00405160 f i umodsys_lib_libmedia:umodsys.mod.media.std.obj
 0001:000041b0       ??RGen0@?$TScatterArray@USCacheElem@RLibraryBinCache@std@media@modules@UModSys@@U?$TString@U?$TSCoreConst@D@su@tl@UModSys@@U?$TComparerBinaryHash@D@234@@tl@6@U?$TObjectCompare@U?$TString@U?$TSCoreConst@D@su@tl@UModSys@@U?$TComparerBinaryHash@D@234@@tl@UModSys@@@core@6@U?$TNodeDeleter0@U?$TScatterArrayNode@USCacheElem@RLibraryBinCache@std@media@modules@UModSys@@U?$TString@U?$TSCoreConst@D@su@tl@UModSys@@U?$TComparerBinaryHash@D@234@@tl@6@@tl@UModSys@@@86@@tl@UModSys@@QBEPAU?$TScatterArrayNode@USCacheElem@RLibraryBinCache@std@media@modules@UModSys@@U?$TString@U?$TSCoreConst@D@su@tl@UModSys@@U?$TComparerBinaryHash@D@234@@tl@6@@23@ABUCmp@123@ABU?$TTreeHoldRBD@U?$TScatterArrayNode@USCacheElem@RLibraryBinCache@std@media@modules@UModSys@@U?$TString@U?$TSCoreConst@D@su@tl@UModSys@@U?$TComparerBinaryHash@D@234@@tl@6@@tl@UModSys@@U?$TNodeDeleter0@U?$TScatterArrayNode@USCacheElem@RLibraryBinCache@std@media@modules@UModSys@@U?$TString@U?$TSCoreConst@D@su@tl@UModSys@@U?$TComparerBinaryHash@D@234@@tl@6@@tl@UModSys@@@23@@23@@Z 004051b0 f i umodsys_lib_libmedia:umodsys.mod.media.std.obj
 0001:00004210       ??RGen0@?$TScatterArray@USMountInfo@RLibraryBinTree@std@media@modules@UModSys@@USId@ILibraryBinTree@libmedia@6@U7896@U?$TNodeDeleter0@U?$TScatterArrayNode@USMountInfo@RLibraryBinTree@std@media@modules@UModSys@@USId@ILibraryBinTree@libmedia@6@@tl@UModSys@@@tl@6@@tl@UModSys@@QBEPAU?$TScatterArrayNode@USMountInfo@RLibraryBinTree@std@media@modules@UModSys@@USId@ILibraryBinTree@libmedia@6@@23@ABUCmp@123@ABU?$TTreeHoldRBD@U?$TScatterArrayNode@USMountInfo@RLibraryBinTree@std@media@modules@UModSys@@USId@ILibraryBinTree@libmedia@6@@tl@UModSys@@U?$TNodeDeleter0@U?$TScatterArrayNode@USMountInfo@RLibraryBinTree@std@media@modules@UModSys@@USId@ILibraryBinTree@libmedia@6@@tl@UModSys@@@23@@23@@Z 00405210 f i umodsys_lib_libmedia:umodsys.mod.media.std.obj
 0001:00004270       ??RGen0@?$TScatterArray@USCacheElem@RLibraryObjCache@std@media@modules@UModSys@@U?$TString@U?$TSCoreConst@D@su@tl@UModSys@@U?$TComparerBinaryHash@D@234@@tl@6@U?$TObjectCompare@U?$TString@U?$TSCoreConst@D@su@tl@UModSys@@U?$TComparerBinaryHash@D@234@@tl@UModSys@@@core@6@U?$TNodeDeleter0@U?$TScatterArrayNode@USCacheElem@RLibraryObjCache@std@media@modules@UModSys@@U?$TString@U?$TSCoreConst@D@su@tl@UModSys@@U?$TComparerBinaryHash@D@234@@tl@6@@tl@UModSys@@@86@@tl@UModSys@@QBEPAU?$TScatterArrayNode@USCacheElem@RLibraryObjCache@std@media@modules@UModSys@@U?$TString@U?$TSCoreConst@D@su@tl@UModSys@@U?$TComparerBinaryHash@D@234@@tl@6@@23@ABUCmp@123@ABU?$TTreeHoldRBD@U?$TScatterArrayNode@USCacheElem@RLibraryObjCache@std@media@modules@UModSys@@U?$TString@U?$TSCoreConst@D@su@tl@UModSys@@U?$TComparerBinaryHash@D@234@@tl@6@@tl@UModSys@@U?$TNodeDeleter0@U?$TScatterArrayNode@USCacheElem@RLibraryObjCache@std@media@modules@UModSys@@U?$TString@U?$TSCoreConst@D@su@tl@UModSys@@U?$TComparerBinaryHash@D@234@@tl@6@@tl@UModSys@@@23@@23@@Z 00405270 f i umodsys_lib_libmedia:umodsys.mod.media.std.obj
[...]
 0001:0000ec00       __unwindfunclet$?mem_realloc@?$TRMemAlloc_CC@U?$TMemAllocHeader@USMagic@mem_headers@rsystem@base@UModSys@@U?$TPool@X@2345@USDebug@2345@UVoid@core@5@U895@@rsystem@base@UModSys@@USMemAlloc_Malloc@core@4@@rsystem@base@UModSys@@UAEPAXPAXIPBUSSourceContext@core@4@@Z$0 0040fc00 f    CIL library: CIL module
 0001:0000ec08       __unwindfunclet$?mem_realloc@?$TRMemAlloc_CC@U?$TMemAllocHeader@USMagic@mem_headers@rsystem@base@UModSys@@U?$TPool@X@2345@USDebug@2345@UVoid@core@5@U895@@rsystem@base@UModSys@@USMemAlloc_Malloc@core@4@@rsystem@base@UModSys@@UAEPAXPAXIPBUSSourceContext@core@4@@Z$1 0040fc08 f    CIL library: CIL module
 0001:0000ec10       __ehhandler$?mem_realloc@?$TRMemAlloc_CC@U?$TMemAllocHeader@USMagic@mem_headers@rsystem@base@UModSys@@U?$TPool@X@2345@USDebug@2345@UVoid@core@5@U895@@rsystem@base@UModSys@@USMemAlloc_Malloc@core@4@@rsystem@base@UModSys@@UAEPAXPAXIPBUSSourceContext@core@4@@Z 0040fc10 f    CIL library: CIL module
 0001:0000ec20       ??__E?s_id@?$TObjectUniqueID@UIRoot@core@UModSys@@@tl@UModSys@@2USUniquePointer@core@3@A@@YAXXZ 0040fc20 f    CIL library: CIL module
 0001:0000ec50       ??__E?s_id@?$TObjectUniqueID@UIRefObject@core@UModSys@@@tl@UModSys@@2USUniquePointer@core@3@A@@YAXXZ 0040fc50 f    CIL library: CIL module
 0001:0000ec80       ??__E?s_id@?$TObjectUniqueID@UIParameters@core@UModSys@@@tl@UModSys@@2USUniquePointer@core@3@A@@YAXXZ 0040fc80 f    CIL library: CIL module
 0001:0000ecb0       ??__E?s_id@?$TObjectUniqueID@UIModule@base@UModSys@@@tl@UModSys@@2USUniquePointer@core@3@A@@YAXXZ 0040fcb0 f    CIL library: CIL module
 0001:0000ece0       ??__E?s_id@?$TObjectUniqueID@UIModuleLibrary@base@UModSys@@@tl@UModSys@@2USUniquePointer@core@3@A@@YAXXZ 0040fce0 f    CIL library: CIL module
 0001:0000ed10       ??__E?s_id@?$TObjectUniqueID@UIModObject@base@UModSys@@@tl@UModSys@@2USUniquePointer@core@3@A@@YAXXZ 0040fd10 f    CIL library: CIL module
 0001:0000ed40       ??__E?s_id@?$TObjectUniqueID@UIGenerator@base@UModSys@@@tl@UModSys@@2USUniquePointer@core@3@A@@YAXXZ 0040fd40 f    CIL library: CIL module
 0001:0000ed70       ??__E?s_id@?$TObjectUniqueID@UIShell@base@UModSys@@@tl@UModSys@@2USUniquePointer@core@3@A@@YAXXZ 0040fd70 f    CIL library: CIL module
 0001:0000eda0       ??__E?s_id@?$TObjectUniqueID@UIConsole@base@UModSys@@@tl@UModSys@@2USUniquePointer@core@3@A@@YAXXZ 0040fda0 f    CIL library: CIL module
 0001:0000edd0       ??__E?s_id@?$TObjectUniqueID@UISystem@base@UModSys@@@tl@UModSys@@2USUniquePointer@core@3@A@@YAXXZ 0040fdd0 f    CIL library: CIL module
 0001:0000ee00       ??__E?s_id@?$TObjectUniqueID@URModule@rsystem@base@UModSys@@@tl@UModSys@@2USUniquePointer@core@3@A@@YAXXZ 0040fe00 f    CIL library: CIL module
 0001:0000ee30       ??__E?s_id@?$TObjectUniqueID@UIModuleLibraryUni@rsystem@base@UModSys@@@tl@UModSys@@2USUniquePointer@core@3@A@@YAXXZ 0040fe30 f    CIL library: CIL module
 0001:0000ee60       ??__E?s_id@?$TObjectUniqueID@URModuleLibrarySO@rsystem@base@UModSys@@@tl@UModSys@@2USUniquePointer@core@3@A@@YAXXZ 0040fe60 f    CIL library: CIL module
 0001:0000ee90       ??__E?s_id@?$TObjectUniqueID@URModuleLibraryThis@rsystem@base@UModSys@@@tl@UModSys@@2USUniquePointer@core@3@A@@YAXXZ 0040fe90 f    CIL library: CIL module
 0001:0000eec0       ??__E?s_id@?$TObjectUniqueID@URParameters@rsystem@base@UModSys@@@tl@UModSys@@2USUniquePointer@core@3@A@@YAXXZ 0040fec0 f    CIL library: CIL module
 0001:0000eef0       ??__E?s_id@?$TObjectUniqueID@URSystem@rsystem@base@UModSys@@@tl@UModSys@@2USUniquePointer@core@3@A@@YAXXZ 0040fef0 f    CIL library: CIL module
 0001:0000ef20       ??__E?s_id@?$TObjectUniqueID@URConsole_std@rsystem@base@UModSys@@@tl@UModSys@@2USUniquePointer@core@3@A@@YAXXZ 0040ff20 f    CIL library: CIL module
 0001:0000ef50       ??__E?s_modreg@RModuleReg@std@media@modules@UModSys@@2U12345@A@@YAXXZ 0040ff50 f    CIL library: CIL module
 0001:0000ef80       ??__E?s_modreg_chain@RModuleReg@std@media@modules@UModSys@@2USModuleRegChain@base@5@A@@YAXXZ 0040ff80 f    CIL library: CIL module
 0001:0000efa0       ??__E?s_uid@RGenerator@std@media@modules@UModSys@@2USUniquePointer@core@5@A@@YAXXZ 0040ffa0 f    CIL library: CIL module
 0001:0000efd0       ??__E?s_id@?$TObjectUniqueID@UIStreamReader@libmedia@UModSys@@@tl@UModSys@@2USUniquePointer@core@3@A@@YAXXZ 0040ffd0 f    CIL library: CIL module
 0001:0000f000       ??__E?s_id@?$TObjectUniqueID@UIStreamWriter@libmedia@UModSys@@@tl@UModSys@@2USUniquePointer@core@3@A@@YAXXZ 00410000 f    CIL library: CIL module
 0001:0000f030       ??__E?s_id@?$TObjectUniqueID@UIBinArchive@libmedia@UModSys@@@tl@UModSys@@2USUniquePointer@core@3@A@@YAXXZ 00410030 f    CIL library: CIL module
 0001:0000f060       ??__E?s_id@?$TObjectUniqueID@UIBinObjFilter@libmedia@UModSys@@@tl@UModSys@@2USUniquePointer@core@3@A@@YAXXZ 00410060 f    CIL library: CIL module
 0001:0000f090       ??__E?s_id@?$TObjectUniqueID@UILibrary@libmedia@UModSys@@@tl@UModSys@@2USUniquePointer@core@3@A@@YAXXZ 00410090 f    CIL library: CIL module
 0001:0000f0c0       ??__E?s_id@?$TObjectUniqueID@UILibraryBinTree@libmedia@UModSys@@@tl@UModSys@@2USUniquePointer@core@3@A@@YAXXZ 004100c0 f    CIL library: CIL module
 0001:0000f0f0       ??__E?s_id@?$TObjectUniqueID@UILibraryBinCache@libmedia@UModSys@@@tl@UModSys@@2USUniquePointer@core@3@A@@YAXXZ 004100f0 f    CIL library: CIL module
 0001:0000f120       ??__E?s_id@?$TObjectUniqueID@UILibraryObjFilter@libmedia@UModSys@@@tl@UModSys@@2USUniquePointer@core@3@A@@YAXXZ 00410120 f    CIL library: CIL module
 0001:0000f150       ??__E?s_id@?$TObjectUniqueID@UILibraryObjCache@libmedia@UModSys@@@tl@UModSys@@2USUniquePointer@core@3@A@@YAXXZ 00410150 f    CIL library: CIL module
 0001:0000f180       ??__E?s_id@?$TObjectUniqueID@UILibraryLayered@libmedia@UModSys@@@tl@UModSys@@2USUniquePointer@core@3@A@@YAXXZ 00410180 f    CIL library: CIL module
 0001:0000f1b0       ??__E?s_id@?$TObjectUniqueID@URLibraryBinCache@std@media@modules@UModSys@@@tl@UModSys@@2USUniquePointer@core@3@A@@YAXXZ 004101b0 f    CIL library: CIL module
 0001:0000f1e0       ??__E?s_id@?$TObjectUniqueID@URLibraryBinTree@std@media@modules@UModSys@@@tl@UModSys@@2USUniquePointer@core@3@A@@YAXXZ 004101e0 f    CIL library: CIL module
 0001:0000f210       ??__E?s_id@?$TObjectUniqueID@URLibraryLayered@std@media@modules@UModSys@@@tl@UModSys@@2USUniquePointer@core@3@A@@YAXXZ 00410210 f    CIL library: CIL module
 0001:0000f240       ??__E?s_id@?$TObjectUniqueID@URLibraryObjCache@std@media@modules@UModSys@@@tl@UModSys@@2USUniquePointer@core@3@A@@YAXXZ 00410240 f    CIL library: CIL module
 0001:0000f270       ??__E?s_id@?$TObjectUniqueID@URLibraryObjFilter@std@media@modules@UModSys@@@tl@UModSys@@2USUniquePointer@core@3@A@@YAXXZ 00410270 f    CIL library: CIL module
 0001:0000f2a0       ??__E?s_id@?$TObjectUniqueID@URGenerator@std@media@modules@UModSys@@@tl@UModSys@@2USUniquePointer@core@3@A@@YAXXZ 004102a0 f    CIL library: CIL module
 0001:0000f2d0       ??__E?s_modreg@RModuleReg@images_std@media@modules@UModSys@@2U12345@A@@YAXXZ 004102d0 f    CIL library: CIL module
 0001:0000f300       ??__E?s_modreg_chain@RModuleReg@images_std@media@modules@UModSys@@2USModuleRegChain@base@5@A@@YAXXZ 00410300 f    CIL library: CIL module
 0001:0000f320       ??__E?s_uid@RGenerator@images_std@media@modules@UModSys@@2USUniquePointer@core@5@A@@YAXXZ 00410320 f    CIL library: CIL module
 0001:0000f350       ??__E?s_id@?$TObjectUniqueID@UIImage@lib2d@UModSys@@@tl@UModSys@@2USUniquePointer@core@3@A@@YAXXZ 00410350 f    CIL library: CIL module
 0001:0000f380       ??__E?s_id@?$TObjectUniqueID@UIMultiImage@lib2d@UModSys@@@tl@UModSys@@2USUniquePointer@core@3@A@@YAXXZ 00410380 f    CIL library: CIL module
 0001:0000f3b0       ??__E?s_id@?$TObjectUniqueID@URMediaFilter@images_std@media@modules@UModSys@@@tl@UModSys@@2USUniquePointer@core@3@A@@YAXXZ 004103b0 f    CIL library: CIL module
 0001:0000f3e0       ??__E?s_id@?$TObjectUniqueID@URGenerator@images_std@media@modules@UModSys@@@tl@UModSys@@2USUniquePointer@core@3@A@@YAXXZ 004103e0 f    CIL library: CIL module
 0001:0000f410       ??__E?s_modreg@RModuleReg@stdio@media@modules@UModSys@@2U12345@A@@YAXXZ 00410410 f    CIL library: CIL module
 0001:0000f440       ??__E?s_modreg_chain@RModuleReg@stdio@media@modules@UModSys@@2USModuleRegChain@base@5@A@@YAXXZ 00410440 f    CIL library: CIL module
 0001:0000f460       ??__E?s_uid@RGenerator@stdio@media@modules@UModSys@@2USUniquePointer@core@5@A@@YAXXZ 00410460 f    CIL library: CIL module
 0001:0000f490       ??__E?s_id@?$TObjectUniqueID@URStreamReader_FILE@stdio@media@modules@UModSys@@@tl@UModSys@@2USUniquePointer@core@3@A@@YAXXZ 00410490 f    CIL library: CIL module
 0001:0000f4c0       ??__E?s_id@?$TObjectUniqueID@URStreamWriter_FILE@stdio@media@modules@UModSys@@@tl@UModSys@@2USUniquePointer@core@3@A@@YAXXZ 004104c0 f    CIL library: CIL module
 0001:0000f4f0       ??__E?s_id@?$TObjectUniqueID@URDataArchiver_OsDir@stdio@media@modules@UModSys@@@tl@UModSys@@2USUniquePointer@core@3@A@@YAXXZ 004104f0 f    CIL library: CIL module
 0001:0000f520       ??__E?s_id@?$TObjectUniqueID@URGenerator@stdio@media@modules@UModSys@@@tl@UModSys@@2USUniquePointer@core@3@A@@YAXXZ 00410520 f    CIL library: CIL module
 0001:0000f550       ??__E?s_console@RConsole_std@rsystem@base@UModSys@@2U1234@A@@YAXXZ 00410550 f    CIL library: CIL module
 0001:0000f570       ??__E?s_sys@RSystem@rsystem@base@UModSys@@2U1234@A@@YAXXZ 00410570 f    CIL library: CIL module
 0001:0000f590       ??__Ersys_dbg@rsystem@base@UModSys@@YAXXZ 00410590 f    CIL library: CIL module
 0001:0000f5b0       ??__EM@UModSys@@YAXXZ      004105b0 f    CIL library: CIL module
 0001:0000f5d0       ??__E?root@SModuleRegChain@base@UModSys@@2U123@A@@YAXXZ 004105d0 f    CIL library: CIL module
 0001:0000f5f0       ??__E?s_library@RModuleLibraryReg_Chain@base@UModSys@@2U123@A@@YAXXZ 004105f0 f    CIL library: CIL module
 0001:0000f610       ??__E?root@SUniquePointer@core@UModSys@@2U123@A@@YAXXZ 00410610 f    CIL library: CIL module
 0001:0000f630       ??__F?s_id@?$TObjectUniqueID@URConsole_std@rsystem@base@UModSys@@@tl@UModSys@@2USUniquePointer@core@3@A@@YAXXZ 00410630 f    CIL library: CIL module
 0001:0000f640       ??__F?s_id@?$TObjectUniqueID@URSystem@rsystem@base@UModSys@@@tl@UModSys@@2USUniquePointer@core@3@A@@YAXXZ 00410640 f    CIL library: CIL module
 0001:0000f650       ??__F?s_id@?$TObjectUniqueID@URParameters@rsystem@base@UModSys@@@tl@UModSys@@2USUniquePointer@core@3@A@@YAXXZ 00410650 f    CIL library: CIL module
 0001:0000f660       ??__F?s_id@?$TObjectUniqueID@URModuleLibraryThis@rsystem@base@UModSys@@@tl@UModSys@@2USUniquePointer@core@3@A@@YAXXZ 00410660 f    CIL library: CIL module
 0001:0000f670       ??__F?s_id@?$TObjectUniqueID@URModuleLibrarySO@rsystem@base@UModSys@@@tl@UModSys@@2USUniquePointer@core@3@A@@YAXXZ 00410670 f    CIL library: CIL module
 0001:0000f680       ??__F?s_id@?$TObjectUniqueID@UIModuleLibraryUni@rsystem@base@UModSys@@@tl@UModSys@@2USUniquePointer@core@3@A@@YAXXZ 00410680 f    CIL library: CIL module
 0001:0000f690       ??__F?s_id@?$TObjectUniqueID@URModule@rsystem@base@UModSys@@@tl@UModSys@@2USUniquePointer@core@3@A@@YAXXZ 00410690 f    CIL library: CIL module
 0001:0000f6a0       ??__F?s_id@?$TObjectUniqueID@UISystem@base@UModSys@@@tl@UModSys@@2USUniquePointer@core@3@A@@YAXXZ 004106a0 f    CIL library: CIL module
 0001:0000f6b0       ??__F?s_id@?$TObjectUniqueID@UIConsole@base@UModSys@@@tl@UModSys@@2USUniquePointer@core@3@A@@YAXXZ 004106b0 f    CIL library: CIL module
 0001:0000f6c0       ??__F?s_id@?$TObjectUniqueID@UIShell@base@UModSys@@@tl@UModSys@@2USUniquePointer@core@3@A@@YAXXZ 004106c0 f    CIL library: CIL module
 0001:0000f6d0       ??__F?s_id@?$TObjectUniqueID@UIGenerator@base@UModSys@@@tl@UModSys@@2USUniquePointer@core@3@A@@YAXXZ 004106d0 f    CIL library: CIL module
 0001:0000f6e0       ??__F?s_id@?$TObjectUniqueID@UIModObject@base@UModSys@@@tl@UModSys@@2USUniquePointer@core@3@A@@YAXXZ 004106e0 f    CIL library: CIL module
 0001:0000f6f0       ??__F?s_id@?$TObjectUniqueID@UIModuleLibrary@base@UModSys@@@tl@UModSys@@2USUniquePointer@core@3@A@@YAXXZ 004106f0 f    CIL library: CIL module
 0001:0000f700       ??__F?s_id@?$TObjectUniqueID@UIModule@base@UModSys@@@tl@UModSys@@2USUniquePointer@core@3@A@@YAXXZ 00410700 f    CIL library: CIL module
 0001:0000f710       ??__F?s_id@?$TObjectUniqueID@UIParameters@core@UModSys@@@tl@UModSys@@2USUniquePointer@core@3@A@@YAXXZ 00410710 f    CIL library: CIL module
 0001:0000f720       ??__F?s_id@?$TObjectUniqueID@UIRefObject@core@UModSys@@@tl@UModSys@@2USUniquePointer@core@3@A@@YAXXZ 00410720 f    CIL library: CIL module
 0001:0000f730       ??__F?s_id@?$TObjectUniqueID@UIRoot@core@UModSys@@@tl@UModSys@@2USUniquePointer@core@3@A@@YAXXZ 00410730 f    CIL library: CIL module
 0001:0000f740       ??__F?s_modreg@RModuleReg@std@media@modules@UModSys@@2U12345@A@@YAXXZ 00410740 f    CIL library: CIL module
 0001:0000f760       ??__F?s_modreg_chain@RModuleReg@std@media@modules@UModSys@@2USModuleRegChain@base@5@A@@YAXXZ 00410760 f    CIL library: CIL module
 0001:0000f770       ??__F?s_uid@RGenerator@std@media@modules@UModSys@@2USUniquePointer@core@5@A@@YAXXZ 00410770 f    CIL library: CIL module
 0001:0000f780       ??__Fh@?1??s_holder@RGenerator@std@media@modules@UModSys@@SAAAU?$TTypeStaticHolder@URGenerator@std@media@modules@UModSys@@@tl@5@XZ@YAXXZ 00410780 f    CIL library: CIL module
 0001:0000f7a0       ??__F?s_id@?$TObjectUniqueID@URGenerator@std@media@modules@UModSys@@@tl@UModSys@@2USUniquePointer@core@3@A@@YAXXZ 004107a0 f    CIL library: CIL module
 0001:0000f7b0       ??__F?s_id@?$TObjectUniqueID@URLibraryObjFilter@std@media@modules@UModSys@@@tl@UModSys@@2USUniquePointer@core@3@A@@YAXXZ 004107b0 f    CIL library: CIL module
 0001:0000f7c0       ??__F?s_id@?$TObjectUniqueID@URLibraryObjCache@std@media@modules@UModSys@@@tl@UModSys@@2USUniquePointer@core@3@A@@YAXXZ 004107c0 f    CIL library: CIL module
 0001:0000f7d0       ??__F?s_id@?$TObjectUniqueID@URLibraryLayered@std@media@modules@UModSys@@@tl@UModSys@@2USUniquePointer@core@3@A@@YAXXZ 004107d0 f    CIL library: CIL module
 0001:0000f7e0       ??__F?s_id@?$TObjectUniqueID@URLibraryBinTree@std@media@modules@UModSys@@@tl@UModSys@@2USUniquePointer@core@3@A@@YAXXZ 004107e0 f    CIL library: CIL module
 0001:0000f7f0       ??__F?s_id@?$TObjectUniqueID@URLibraryBinCache@std@media@modules@UModSys@@@tl@UModSys@@2USUniquePointer@core@3@A@@YAXXZ 004107f0 f    CIL library: CIL module
 0001:0000f800       ??__F?s_id@?$TObjectUniqueID@UILibraryLayered@libmedia@UModSys@@@tl@UModSys@@2USUniquePointer@core@3@A@@YAXXZ 00410800 f    CIL library: CIL module
 0001:0000f810       ??__F?s_id@?$TObjectUniqueID@UILibraryObjCache@libmedia@UModSys@@@tl@UModSys@@2USUniquePointer@core@3@A@@YAXXZ 00410810 f    CIL library: CIL module
 0001:0000f820       ??__F?s_id@?$TObjectUniqueID@UILibraryObjFilter@libmedia@UModSys@@@tl@UModSys@@2USUniquePointer@core@3@A@@YAXXZ 00410820 f    CIL library: CIL module
 0001:0000f830       ??__F?s_id@?$TObjectUniqueID@UILibraryBinCache@libmedia@UModSys@@@tl@UModSys@@2USUniquePointer@core@3@A@@YAXXZ 00410830 f    CIL library: CIL module
 0001:0000f840       ??__F?s_id@?$TObjectUniqueID@UILibraryBinTree@libmedia@UModSys@@@tl@UModSys@@2USUniquePointer@core@3@A@@YAXXZ 00410840 f    CIL library: CIL module
 0001:0000f850       ??__F?s_id@?$TObjectUniqueID@UILibrary@libmedia@UModSys@@@tl@UModSys@@2USUniquePointer@core@3@A@@YAXXZ 00410850 f    CIL library: CIL module
 0001:0000f860       ??__F?s_id@?$TObjectUniqueID@UIBinObjFilter@libmedia@UModSys@@@tl@UModSys@@2USUniquePointer@core@3@A@@YAXXZ 00410860 f    CIL library: CIL module
 0001:0000f870       ??__F?s_id@?$TObjectUniqueID@UIBinArchive@libmedia@UModSys@@@tl@UModSys@@2USUniquePointer@core@3@A@@YAXXZ 00410870 f    CIL library: CIL module
 0001:0000f880       ??__F?s_id@?$TObjectUniqueID@UIStreamWriter@libmedia@UModSys@@@tl@UModSys@@2USUniquePointer@core@3@A@@YAXXZ 00410880 f    CIL library: CIL module
 0001:0000f890       ??__F?s_id@?$TObjectUniqueID@UIStreamReader@libmedia@UModSys@@@tl@UModSys@@2USUniquePointer@core@3@A@@YAXXZ 00410890 f    CIL library: CIL module
 0001:0000f8a0       ??__F?s_modreg@RModuleReg@images_std@media@modules@UModSys@@2U12345@A@@YAXXZ 004108a0 f    CIL library: CIL module
 0001:0000f8c0       ??__F?s_modreg_chain@RModuleReg@images_std@media@modules@UModSys@@2USModuleRegChain@base@5@A@@YAXXZ 004108c0 f    CIL library: CIL module
 0001:0000f8d0       ??__F?s_uid@RGenerator@images_std@media@modules@UModSys@@2USUniquePointer@core@5@A@@YAXXZ 004108d0 f    CIL library: CIL module
 0001:0000f8e0       ??__Fh@?1??s_holder@RGenerator@images_std@media@modules@UModSys@@SAAAU?$TTypeStaticHolder@URGenerator@images_std@media@modules@UModSys@@@tl@5@XZ@YAXXZ 004108e0 f    CIL library: CIL module
 0001:0000f900       ??__F?s_id@?$TObjectUniqueID@URGenerator@images_std@media@modules@UModSys@@@tl@UModSys@@2USUniquePointer@core@3@A@@YAXXZ 00410900 f    CIL library: CIL module
 0001:0000f910       ??__F?s_id@?$TObjectUniqueID@URMediaFilter@images_std@media@modules@UModSys@@@tl@UModSys@@2USUniquePointer@core@3@A@@YAXXZ 00410910 f    CIL library: CIL module
 0001:0000f920       ??__F?s_id@?$TObjectUniqueID@UIMultiImage@lib2d@UModSys@@@tl@UModSys@@2USUniquePointer@core@3@A@@YAXXZ 00410920 f    CIL library: CIL module
 0001:0000f930       ??__F?s_id@?$TObjectUniqueID@UIImage@lib2d@UModSys@@@tl@UModSys@@2USUniquePointer@core@3@A@@YAXXZ 00410930 f    CIL library: CIL module
 0001:0000f940       ??__F?s_modreg@RModuleReg@stdio@media@modules@UModSys@@2U12345@A@@YAXXZ 00410940 f    CIL library: CIL module
 0001:0000f960       ??__F?s_modreg_chain@RModuleReg@stdio@media@modules@UModSys@@2USModuleRegChain@base@5@A@@YAXXZ 00410960 f    CIL library: CIL module
 0001:0000f970       ??__F?s_uid@RGenerator@stdio@media@modules@UModSys@@2USUniquePointer@core@5@A@@YAXXZ 00410970 f    CIL library: CIL module
 0001:0000f980       ??__Fh@?1??s_holder@RGenerator@stdio@media@modules@UModSys@@SAAAU?$TTypeStaticHolder@URGenerator@stdio@media@modules@UModSys@@@tl@5@XZ@YAXXZ 00410980 f    CIL library: CIL module
 0001:0000f9a0       ??__F?s_id@?$TObjectUniqueID@URGenerator@stdio@media@modules@UModSys@@@tl@UModSys@@2USUniquePointer@core@3@A@@YAXXZ 004109a0 f    CIL library: CIL module
 0001:0000f9b0       ??__F?s_id@?$TObjectUniqueID@URDataArchiver_OsDir@stdio@media@modules@UModSys@@@tl@UModSys@@2USUniquePointer@core@3@A@@YAXXZ 004109b0 f    CIL library: CIL module
 0001:0000f9c0       ??__F?s_id@?$TObjectUniqueID@URStreamWriter_FILE@stdio@media@modules@UModSys@@@tl@UModSys@@2USUniquePointer@core@3@A@@YAXXZ 004109c0 f    CIL library: CIL module
 0001:0000f9d0       ??__F?s_id@?$TObjectUniqueID@URStreamReader_FILE@stdio@media@modules@UModSys@@@tl@UModSys@@2USUniquePointer@core@3@A@@YAXXZ 004109d0 f    CIL library: CIL module
 0001:0000f9e0       ??__F?s_console@RConsole_std@rsystem@base@UModSys@@2U1234@A@@YAXXZ 004109e0 f    CIL library: CIL module
 0001:0000f9f0       ??__F?s_sys@RSystem@rsystem@base@UModSys@@2U1234@A@@YAXXZ 004109f0 f    CIL library: CIL module
 0001:0000fa00       ??__Frsys_dbg@rsystem@base@UModSys@@YAXXZ 00410a00 f    CIL library: CIL module
 0001:0000fa10       ??__FM@UModSys@@YAXXZ      00410a10 f    CIL library: CIL module
 0001:0000fa20       ??__F?root@SModuleRegChain@base@UModSys@@2U123@A@@YAXXZ 00410a20 f    CIL library: CIL module
 0001:0000fa30       ??__F?s_library@RModuleLibraryReg_Chain@base@UModSys@@2U123@A@@YAXXZ 00410a30 f    CIL library: CIL module
 0001:0000fa40       ??__F?root@SUniquePointer@core@UModSys@@2U123@A@@YAXXZ 00410a40 f    CIL library: CIL module

 Exports

  ordinal    name

        1    _UModSys_Plugin_Entry2@0
