 umodsysc

 Timestamp is 52a5f2bf (Mon Dec 09 19:41:35 2013)

 Preferred load address is 00400000

 Start         Length     Name                   Class
 0001:00000000 0000d730H .text                   CODE
 0001:0000d730 000004daH .text$x                 CODE
 0001:0000dc10 00000931H .text$yc                CODE
 0001:0000e550 0000039aH .text$yd                CODE
 0002:00000000 00000154H .idata$5                DATA
 0002:00000154 00000004H .CRT$XCA                DATA
 0002:00000158 00000004H .CRT$XCAA               DATA
 0002:0000015c 00000208H .CRT$XCU                DATA
 0002:00000364 00000004H .CRT$XCZ                DATA
 0002:00000368 00000004H .CRT$XIA                DATA
 0002:0000036c 00000004H .CRT$XIAA               DATA
 0002:00000370 00000004H .CRT$XIY                DATA
 0002:00000374 00000004H .CRT$XIZ                DATA
 0002:00000378 000018e0H .rdata                  DATA
 0002:00001c58 000011b0H .rdata$r                DATA
 0002:00002e10 00000090H .rdata$sxdata           DATA
 0002:00002ea0 00000004H .rtc$IAA                DATA
 0002:00002ea4 00000004H .rtc$IZZ                DATA
 0002:00002ea8 00000004H .rtc$TAA                DATA
 0002:00002eac 00000004H .rtc$TZZ                DATA
 0002:00002eb0 00000814H .xdata$x                DATA
 0002:000036c4 00000028H .idata$2                DATA
 0002:000036ec 00000014H .idata$3                DATA
 0002:00003700 00000154H .idata$4                DATA
 0002:00003854 00000554H .idata$6                DATA
 0002:00003db0 00000058H .edata                  DATA
 0003:00000000 00000bc0H .data                   DATA
 0003:00000bc0 00002948H .bss                    DATA

  Address         Publics by Value              Rva+Base       Lib:Object

 0000:00000000       __except_list              00000000     <absolute>
 0000:00000024       ___safe_se_handler_count   00000024     <absolute>
 0000:00009876       __ldused                   00009876     <absolute>
 0000:00009876       __fltused                  00009876     <absolute>
 0000:00000000       ___ImageBase               00400000     <linker-defined>
 0001:00000000       ??0?$TString@U?$TSCoreConst@D@su@tl@UModSys@@U?$TComparerBinaryHash@D@234@@tl@UModSys@@QAE@PBD@Z 00401000 f i umodsys.c_main.obj
 0001:00000050       ??$shash@D@su@tl@UModSys@@YAHPBDI@Z 00401050 f i umodsys.c_main.obj
 0001:00000080       ?alloc@SMemShared@core@UModSys@@QAE_NABUSCMem@23@PAUSSourceContext@23@@Z 00401080 f i umodsys_lib_libmedia:umodsys.mod.media.std.obj
 0001:000000e0       ??3IRoot@core@UModSys@@SAXPAXABUSIMemAlloc@12@@Z 004010e0 f i umodsys_lib_libmedia:umodsys.mod.media.std.obj
 0001:000000f0       ??1?$TSCoreShared@USIMemAlloc@core@UModSys@@D@su@tl@UModSys@@QAE@XZ 004010f0 f i umodsys_lib_libmedia:umodsys.mod.media.std.obj
 0001:000000f0       ??1?$TString@U?$TSCoreShared@USIMemAlloc@core@UModSys@@D@su@tl@UModSys@@U?$TComparerBinaryHash@D@234@@tl@UModSys@@QAE@XZ 004010f0 f i umodsys_lib_libmedia:umodsys.mod.media.std.obj
 0001:00000130       ?get_flag@RResolverChain@SFlagsChain@libmedia@UModSys@@UBE?AW4eStates@?$TFlags4State@USMediaFlagUid@libmedia@UModSys@@I@tl@4@H@Z 00401130 f i umodsys_lib_libmedia:umodsys.mod.media.std.obj
 0001:00000170       ??1SLayer@ILibraryLayered@libmedia@UModSys@@QAE@XZ 00401170 f i umodsys_lib_libmedia:umodsys.mod.media.std.obj
 0001:00000170       ??1SPoint@ILibraryBinTree@libmedia@UModSys@@QAE@XZ 00401170 f i umodsys_lib_libmedia:umodsys.mod.media.std.obj
 0001:00000190       ?root_get_interface_info@RLibraryBinCache@std@media@modules@UModSys@@UBEABUSUniquePointerInfo@core@5@XZ 00401190 f i umodsys_lib_libmedia:umodsys.mod.media.std.obj
 0001:000001a0       ?root_get_interface_type@RLibraryBinCache@std@media@modules@UModSys@@UBEPBUSUniquePointerInfo@core@5@XZ 004011a0 f i umodsys_lib_libmedia:umodsys.mod.media.std.obj
 0001:000001b0       ?root_get_other_interface@RLibraryBinCache@std@media@modules@UModSys@@UBEPBUIRoot@core@5@PBUSUniquePointerInfo@75@@Z 004011b0 f i umodsys_lib_libmedia:umodsys.mod.media.std.obj
 0001:000001b0       ?root_get_other_interface@RLibraryBinCache@std@media@modules@UModSys@@UAEPAUIRoot@core@5@PBUSUniquePointerInfo@75@@Z 004011b0 f i umodsys_lib_libmedia:umodsys.mod.media.std.obj
 0001:000001f0       ?root_is_interface_supported@RLibraryBinCache@std@media@modules@UModSys@@UBE_NPBUSUniquePointerInfo@core@5@@Z 004011f0 f i umodsys_lib_libmedia:umodsys.mod.media.std.obj
 0001:00000230       ??0RLibraryBinCache@std@media@modules@UModSys@@QAE@PAUIModObject@base@4@ABUSParameters@core@4@U?$TFlags4State@USMediaFlagUid@libmedia@UModSys@@I@tl@4@@Z 00401230 f i umodsys_lib_libmedia:umodsys.mod.media.std.obj
 0001:000002b0       ??1RLibraryBinCache@std@media@modules@UModSys@@UAE@XZ 004012b0 f i umodsys_lib_libmedia:umodsys.mod.media.std.obj
 0001:00000320       ?get_flags_auto@RLibraryBinCache@std@media@modules@UModSys@@UBE?AU?$TFlags4State@USMediaFlagUid@libmedia@UModSys@@I@tl@5@XZ 00401320 f i umodsys_lib_libmedia:umodsys.mod.media.std.obj
 0001:00000330       ?bin_reader@RLibraryObjCache@std@media@modules@UModSys@@UAE?AU?$TRefObject@UIStreamReader@libmedia@UModSys@@U?$TRefObjectFunc@UIStreamReader@libmedia@UModSys@@@tl@3@@tl@5@ABU?$TString@U?$TSCoreConst@D@su@tl@UModSys@@U?$TComparerBinaryHash@D@234@@75@ABUSFlags@libmedia@5@@Z 00401330 f i umodsys_lib_libmedia:umodsys.mod.media.std.obj
 0001:00000330       ?bin_writer@RLibraryObjFilter@std@media@modules@UModSys@@UAE?AU?$TRefObject@UIStreamWriter@libmedia@UModSys@@U?$TRefObjectFunc@UIStreamWriter@libmedia@UModSys@@@tl@3@@tl@5@ABU?$TString@U?$TSCoreConst@D@su@tl@UModSys@@U?$TComparerBinaryHash@D@234@@75@ABUSFlags@libmedia@5@@Z 00401330 f i umodsys_lib_libmedia:umodsys.mod.media.std.obj
 0001:00000330       ?bin_reader@RLibraryObjFilter@std@media@modules@UModSys@@UAE?AU?$TRefObject@UIStreamReader@libmedia@UModSys@@U?$TRefObjectFunc@UIStreamReader@libmedia@UModSys@@@tl@3@@tl@5@ABU?$TString@U?$TSCoreConst@D@su@tl@UModSys@@U?$TComparerBinaryHash@D@234@@75@ABUSFlags@libmedia@5@@Z 00401330 f i umodsys_lib_libmedia:umodsys.mod.media.std.obj
 0001:00000330       ?bin_writer@RLibraryBinCache@std@media@modules@UModSys@@UAE?AU?$TRefObject@UIStreamWriter@libmedia@UModSys@@U?$TRefObjectFunc@UIStreamWriter@libmedia@UModSys@@@tl@3@@tl@5@ABU?$TString@U?$TSCoreConst@D@su@tl@UModSys@@U?$TComparerBinaryHash@D@234@@75@ABUSFlags@libmedia@5@@Z 00401330 f i umodsys_lib_libmedia:umodsys.mod.media.std.obj
 0001:00000330       ?bin_reader@RLibraryBinCache@std@media@modules@UModSys@@UAE?AU?$TRefObject@UIStreamReader@libmedia@UModSys@@U?$TRefObjectFunc@UIStreamReader@libmedia@UModSys@@@tl@3@@tl@5@ABU?$TString@U?$TSCoreConst@D@su@tl@UModSys@@U?$TComparerBinaryHash@D@234@@75@ABUSFlags@libmedia@5@@Z 00401330 f i umodsys_lib_libmedia:umodsys.mod.media.std.obj
 0001:00000330       ?bin_writer@RLibraryObjCache@std@media@modules@UModSys@@UAE?AU?$TRefObject@UIStreamWriter@libmedia@UModSys@@U?$TRefObjectFunc@UIStreamWriter@libmedia@UModSys@@@tl@3@@tl@5@ABU?$TString@U?$TSCoreConst@D@su@tl@UModSys@@U?$TComparerBinaryHash@D@234@@75@ABUSFlags@libmedia@5@@Z 00401330 f i umodsys_lib_libmedia:umodsys.mod.media.std.obj
 0001:00000350       ?bin_load@RLibraryBinCache@std@media@modules@UModSys@@UAE_NABU?$TString@U?$TSCoreConst@D@su@tl@UModSys@@U?$TComparerBinaryHash@D@234@@tl@5@AAUSCMemShared@core@5@ABUSFlags@libmedia@5@@Z 00401350 f i umodsys_lib_libmedia:umodsys.mod.media.std.obj
 0001:000003b0       ?bin_get@RLibraryBinCache@std@media@modules@UModSys@@UAE_NABU?$TString@U?$TSCoreConst@D@su@tl@UModSys@@U?$TComparerBinaryHash@D@234@@tl@5@AAUSCMemShared@core@5@_N@Z 004013b0 f i umodsys_lib_libmedia:umodsys.mod.media.std.obj
 0001:000003b0       ?obj_cget@RLibraryObjCache@std@media@modules@UModSys@@UAE_NABU?$TString@U?$TSCoreConst@D@su@tl@UModSys@@U?$TComparerBinaryHash@D@234@@tl@5@AAU?$TRefObject@UIRefObject@core@UModSys@@U?$TRefObjectFunc@UIRefObject@core@UModSys@@@tl@3@@75@_N@Z 004013b0 f i umodsys_lib_libmedia:umodsys.mod.media.std.obj
 0001:000003f0       ?bin_put@RLibraryBinCache@std@media@modules@UModSys@@UAE_NABU?$TString@U?$TSCoreConst@D@su@tl@UModSys@@U?$TComparerBinaryHash@D@234@@tl@5@PBUSCMemShared@core@5@@Z 004013f0 f i umodsys_lib_libmedia:umodsys.mod.media.std.obj
 0001:00000420       ?bincache_get@RLibraryBinCache@std@media@modules@UModSys@@UBE_NABU?$TString@U?$TSCoreConst@D@su@tl@UModSys@@U?$TComparerBinaryHash@D@234@@tl@5@PAUSCMemShared@core@5@PA_N@Z 00401420 f i umodsys_lib_libmedia:umodsys.mod.media.std.obj
 0001:000004a0       ?bincache_add@RLibraryBinCache@std@media@modules@UModSys@@UAE_NABU?$TString@U?$TSCoreConst@D@su@tl@UModSys@@U?$TComparerBinaryHash@D@234@@tl@5@@Z 004014a0 f i umodsys_lib_libmedia:umodsys.mod.media.std.obj
 0001:000004e0       ?bincache_add@RLibraryBinCache@std@media@modules@UModSys@@UAE_NABU?$TString@U?$TSCoreConst@D@su@tl@UModSys@@U?$TComparerBinaryHash@D@234@@tl@5@ABUSCMemShared@core@5@@Z 004014e0 f i umodsys_lib_libmedia:umodsys.mod.media.std.obj
 0001:00000500       ?bincache_remove@RLibraryBinCache@std@media@modules@UModSys@@UAE_NABU?$TString@U?$TSCoreConst@D@su@tl@UModSys@@U?$TComparerBinaryHash@D@234@@tl@5@@Z 00401500 f i umodsys_lib_libmedia:umodsys.mod.media.std.obj
 0001:00000540       ?bincache_clear@RLibraryBinCache@std@media@modules@UModSys@@UAE_NXZ 00401540 f i umodsys_lib_libmedia:umodsys.mod.media.std.obj
 0001:00000570       ?bincache_add@RLibraryBinCache@std@media@modules@UModSys@@QAE_NABU?$TString@U?$TSCoreConst@D@su@tl@UModSys@@U?$TComparerBinaryHash@D@234@@tl@5@ABUSCMemShared@core@5@_N@Z 00401570 f i umodsys_lib_libmedia:umodsys.mod.media.std.obj
 0001:000006e0       ??_GRLibraryBinCache@std@media@modules@UModSys@@UAEPAXI@Z 004016e0 f i umodsys_lib_libmedia:umodsys.mod.media.std.obj
 0001:000006e0       ??_ERLibraryBinCache@std@media@modules@UModSys@@UAEPAXI@Z 004016e0 f i  CIL library: CIL module
 0001:00000700       ??_EIRoot@core@UModSys@@UAEPAXI@Z 00401700 f i  CIL library: CIL module
 0001:00000700       ??_GIRoot@core@UModSys@@UAEPAXI@Z 00401700 f i umodsys_lib_libmedia:umodsys.mod.media.std.obj
 0001:00000720       ?root_get_interface_info@RLibraryBinTree@std@media@modules@UModSys@@UBEABUSUniquePointerInfo@core@5@XZ 00401720 f i umodsys_lib_libmedia:umodsys.mod.media.std.obj
 0001:00000730       ?root_get_interface_type@RLibraryBinTree@std@media@modules@UModSys@@UBEPBUSUniquePointerInfo@core@5@XZ 00401730 f i umodsys_lib_libmedia:umodsys.mod.media.std.obj
 0001:00000740       ?root_get_other_interface@RLibraryBinTree@std@media@modules@UModSys@@UBEPBUIRoot@core@5@PBUSUniquePointerInfo@75@@Z 00401740 f i umodsys_lib_libmedia:umodsys.mod.media.std.obj
 0001:00000740       ?root_get_other_interface@RLibraryBinTree@std@media@modules@UModSys@@UAEPAUIRoot@core@5@PBUSUniquePointerInfo@75@@Z 00401740 f i umodsys_lib_libmedia:umodsys.mod.media.std.obj
 0001:00000780       ?root_is_interface_supported@RLibraryBinTree@std@media@modules@UModSys@@UBE_NPBUSUniquePointerInfo@core@5@@Z 00401780 f i umodsys_lib_libmedia:umodsys.mod.media.std.obj
 0001:000007c0       ??0RLibraryBinTree@std@media@modules@UModSys@@QAE@PAUIModObject@base@4@ABUSParameters@core@4@U?$TFlags4State@USMediaFlagUid@libmedia@UModSys@@I@tl@4@@Z 004017c0 f i umodsys_lib_libmedia:umodsys.mod.media.std.obj
 0001:00000840       ??1RLibraryBinTree@std@media@modules@UModSys@@UAE@XZ 00401840 f i umodsys_lib_libmedia:umodsys.mod.media.std.obj
 0001:000008b0       ?get_flag@RLibraryObjCache@std@media@modules@UModSys@@UBE?AW4eStates@?$TFlags4State@USMediaFlagUid@libmedia@UModSys@@I@tl@5@H@Z 004018b0 f i umodsys_lib_libmedia:umodsys.mod.media.std.obj
 0001:000008b0       ?get_flag@RLibraryBinTree@std@media@modules@UModSys@@UBE?AW4eStates@?$TFlags4State@USMediaFlagUid@libmedia@UModSys@@I@tl@5@H@Z 004018b0 f i umodsys_lib_libmedia:umodsys.mod.media.std.obj
 0001:000008b0       ?get_flag@RLibraryObjFilter@std@media@modules@UModSys@@UBE?AW4eStates@?$TFlags4State@USMediaFlagUid@libmedia@UModSys@@I@tl@5@H@Z 004018b0 f i umodsys_lib_libmedia:umodsys.mod.media.std.obj
 0001:000008b0       ?get_flag@RLibraryBinCache@std@media@modules@UModSys@@UBE?AW4eStates@?$TFlags4State@USMediaFlagUid@libmedia@UModSys@@I@tl@5@H@Z 004018b0 f i umodsys_lib_libmedia:umodsys.mod.media.std.obj
 0001:000008d0       ?get_flags_auto@RLibraryBinTree@std@media@modules@UModSys@@UBE?AU?$TFlags4State@USMediaFlagUid@libmedia@UModSys@@I@tl@5@XZ 004018d0 f i umodsys_lib_libmedia:umodsys.mod.media.std.obj
 0001:000008e0       ?bin_reader@RLibraryBinTree@std@media@modules@UModSys@@UAE?AU?$TRefObject@UIStreamReader@libmedia@UModSys@@U?$TRefObjectFunc@UIStreamReader@libmedia@UModSys@@@tl@3@@tl@5@ABU?$TString@U?$TSCoreConst@D@su@tl@UModSys@@U?$TComparerBinaryHash@D@234@@75@ABUSFlags@libmedia@5@@Z 004018e0 f i umodsys_lib_libmedia:umodsys.mod.media.std.obj
 0001:00000a50       ?bin_writer@RLibraryBinTree@std@media@modules@UModSys@@UAE?AU?$TRefObject@UIStreamWriter@libmedia@UModSys@@U?$TRefObjectFunc@UIStreamWriter@libmedia@UModSys@@@tl@3@@tl@5@ABU?$TString@U?$TSCoreConst@D@su@tl@UModSys@@U?$TComparerBinaryHash@D@234@@75@ABUSFlags@libmedia@5@@Z 00401a50 f i umodsys_lib_libmedia:umodsys.mod.media.std.obj
 0001:00000bc0       ?bin_load@RLibraryBinTree@std@media@modules@UModSys@@UAE_NABU?$TString@U?$TSCoreConst@D@su@tl@UModSys@@U?$TComparerBinaryHash@D@234@@tl@5@AAUSCMemShared@core@5@ABUSFlags@libmedia@5@@Z 00401bc0 f i umodsys_lib_libmedia:umodsys.mod.media.std.obj
 0001:00000cd0       ?bin_save@RLibraryBinTree@std@media@modules@UModSys@@UAE_NABU?$TString@U?$TSCoreConst@D@su@tl@UModSys@@U?$TComparerBinaryHash@D@234@@tl@5@ABUSCMem@core@5@ABUSFlags@libmedia@5@@Z 00401cd0 f i umodsys_lib_libmedia:umodsys.mod.media.std.obj
 0001:00000dd0       ?mount_get@RLibraryBinTree@std@media@modules@UModSys@@UBE?AUSPoint@ILibraryBinTree@libmedia@5@ABUSId@785@@Z 00401dd0 f i umodsys_lib_libmedia:umodsys.mod.media.std.obj
 0001:00000e30       ?mount_add@RLibraryBinTree@std@media@modules@UModSys@@UAE_NABUSId@ILibraryBinTree@libmedia@5@ABUSPoint@785@@Z 00401e30 f i umodsys_lib_libmedia:umodsys.mod.media.std.obj
 0001:00000fb0       ?mount_remove@RLibraryBinTree@std@media@modules@UModSys@@UAE_NABUSId@ILibraryBinTree@libmedia@5@@Z 00401fb0 f i umodsys_lib_libmedia:umodsys.mod.media.std.obj
 0001:00000ff0       ?mount_clear@RLibraryBinTree@std@media@modules@UModSys@@UAE_NXZ 00401ff0 f i umodsys_lib_libmedia:umodsys.mod.media.std.obj
 0001:00001020       ??_ERLibraryBinTree@std@media@modules@UModSys@@UAEPAXI@Z 00402020 f i  CIL library: CIL module
 0001:00001020       ??_GRLibraryBinTree@std@media@modules@UModSys@@UAEPAXI@Z 00402020 f i umodsys_lib_libmedia:umodsys.mod.media.std.obj
 0001:00001040       ?root_get_interface_info@RLibraryLayered@std@media@modules@UModSys@@UBEABUSUniquePointerInfo@core@5@XZ 00402040 f i umodsys_lib_libmedia:umodsys.mod.media.std.obj
 0001:00001050       ?root_get_interface_type@RLibraryLayered@std@media@modules@UModSys@@UBEPBUSUniquePointerInfo@core@5@XZ 00402050 f i umodsys_lib_libmedia:umodsys.mod.media.std.obj
 0001:00001060       ?root_get_other_interface@RLibraryLayered@std@media@modules@UModSys@@UBEPBUIRoot@core@5@PBUSUniquePointerInfo@75@@Z 00402060 f i umodsys_lib_libmedia:umodsys.mod.media.std.obj
 0001:00001060       ?root_get_other_interface@RLibraryLayered@std@media@modules@UModSys@@UAEPAUIRoot@core@5@PBUSUniquePointerInfo@75@@Z 00402060 f i umodsys_lib_libmedia:umodsys.mod.media.std.obj
 0001:000010a0       ?root_is_interface_supported@RLibraryLayered@std@media@modules@UModSys@@UBE_NPBUSUniquePointerInfo@core@5@@Z 004020a0 f i umodsys_lib_libmedia:umodsys.mod.media.std.obj
 0001:000010e0       ??4SLayerX@RLibraryLayered@std@media@modules@UModSys@@QAEXABUSLayer@ILibraryLayered@libmedia@5@@Z 004020e0 f i umodsys_lib_libmedia:umodsys.mod.media.std.obj
 0001:00001170       ??0RLibraryLayered@std@media@modules@UModSys@@QAE@PAUIModObject@base@4@ABUSParameters@core@4@U?$TFlags4State@USMediaFlagUid@libmedia@UModSys@@I@tl@4@@Z 00402170 f i umodsys_lib_libmedia:umodsys.mod.media.std.obj
 0001:00001200       ??1RLibraryLayered@std@media@modules@UModSys@@UAE@XZ 00402200 f i umodsys_lib_libmedia:umodsys.mod.media.std.obj
 0001:00001260       ?get_flag@RLibraryLayered@std@media@modules@UModSys@@UBE?AW4eStates@?$TFlags4State@USMediaFlagUid@libmedia@UModSys@@I@tl@5@H@Z 00402260 f i umodsys_lib_libmedia:umodsys.mod.media.std.obj
 0001:00001280       ?get_flags_auto@RLibraryLayered@std@media@modules@UModSys@@UBE?AU?$TFlags4State@USMediaFlagUid@libmedia@UModSys@@I@tl@5@XZ 00402280 f i umodsys_lib_libmedia:umodsys.mod.media.std.obj
 0001:00001290       ?set_flag@RLibraryLayered@std@media@modules@UModSys@@UAE?AW4eStates@?$TFlags4State@USMediaFlagUid@libmedia@UModSys@@I@tl@5@HW46785@@Z 00402290 f i umodsys_lib_libmedia:umodsys.mod.media.std.obj
 0001:000012c0       ?bin_reader@RLibraryLayered@std@media@modules@UModSys@@UAE?AU?$TRefObject@UIStreamReader@libmedia@UModSys@@U?$TRefObjectFunc@UIStreamReader@libmedia@UModSys@@@tl@3@@tl@5@ABU?$TString@U?$TSCoreConst@D@su@tl@UModSys@@U?$TComparerBinaryHash@D@234@@75@ABUSFlags@libmedia@5@@Z 004022c0 f i umodsys_lib_libmedia:umodsys.mod.media.std.obj
 0001:000013c0       ?bin_writer@RLibraryLayered@std@media@modules@UModSys@@UAE?AU?$TRefObject@UIStreamWriter@libmedia@UModSys@@U?$TRefObjectFunc@UIStreamWriter@libmedia@UModSys@@@tl@3@@tl@5@ABU?$TString@U?$TSCoreConst@D@su@tl@UModSys@@U?$TComparerBinaryHash@D@234@@75@ABUSFlags@libmedia@5@@Z 004023c0 f i umodsys_lib_libmedia:umodsys.mod.media.std.obj
 0001:000014c0       ?bin_load@RLibraryLayered@std@media@modules@UModSys@@UAE_NABU?$TString@U?$TSCoreConst@D@su@tl@UModSys@@U?$TComparerBinaryHash@D@234@@tl@5@AAUSCMemShared@core@5@ABUSFlags@libmedia@5@@Z 004024c0 f i umodsys_lib_libmedia:umodsys.mod.media.std.obj
 0001:00001640       ?bin_save@RLibraryLayered@std@media@modules@UModSys@@UAE_NABU?$TString@U?$TSCoreConst@D@su@tl@UModSys@@U?$TComparerBinaryHash@D@234@@tl@5@ABUSCMem@core@5@ABUSFlags@libmedia@5@@Z 00402640 f i umodsys_lib_libmedia:umodsys.mod.media.std.obj
 0001:000017e0       ?bin_info@RLibraryLayered@std@media@modules@UModSys@@UAE_NABU?$TString@U?$TSCoreConst@D@su@tl@UModSys@@U?$TComparerBinaryHash@D@234@@tl@5@AAUSFileInfo@libmedia@5@ABUSFlags@95@@Z 004027e0 f i umodsys_lib_libmedia:umodsys.mod.media.std.obj
 0001:00001870       ?bin_info@RLibraryLayered@std@media@modules@UModSys@@UAE_NABU?$TString@U?$TSCoreConst@D@su@tl@UModSys@@U?$TComparerBinaryHash@D@234@@tl@5@AAU?$TIStackSocket@USFileInfo@libmedia@UModSys@@@75@ABUSFlags@libmedia@5@@Z 00402870 f i umodsys_lib_libmedia:umodsys.mod.media.std.obj
 0001:00001900       ?bin_get@RLibraryLayered@std@media@modules@UModSys@@UAE_NABU?$TString@U?$TSCoreConst@D@su@tl@UModSys@@U?$TComparerBinaryHash@D@234@@tl@5@AAUSCMemShared@core@5@_N@Z 00402900 f i umodsys_lib_libmedia:umodsys.mod.media.std.obj
 0001:00001960       ?bin_put@RLibraryLayered@std@media@modules@UModSys@@UAE_NABU?$TString@U?$TSCoreConst@D@su@tl@UModSys@@U?$TComparerBinaryHash@D@234@@tl@5@PBUSCMemShared@core@5@@Z 00402960 f i umodsys_lib_libmedia:umodsys.mod.media.std.obj
 0001:000019c0       ?obj_fget@RLibraryLayered@std@media@modules@UModSys@@UAE_NABUSInfo@IBinObjFilter@libmedia@5@AAU?$TRefObject@UIRefObject@core@UModSys@@U?$TRefObjectFunc@UIRefObject@core@UModSys@@@tl@3@@tl@5@@Z 004029c0 f i umodsys_lib_libmedia:umodsys.mod.media.std.obj
 0001:00001a20       ?obj_fload@RLibraryLayered@std@media@modules@UModSys@@UAE_NABUSInfo@IBinObjFilter@libmedia@5@PAUIRefObject@core@5@@Z 00402a20 f i umodsys_lib_libmedia:umodsys.mod.media.std.obj
 0001:00001a80       ?obj_fsave@RLibraryLayered@std@media@modules@UModSys@@UAE_NAAUSInfo@IBinObjFilter@libmedia@5@PBUIRefObject@core@5@@Z 00402a80 f i umodsys_lib_libmedia:umodsys.mod.media.std.obj
 0001:00001ae0       ?obj_cget@RLibraryLayered@std@media@modules@UModSys@@UAE_NABU?$TString@U?$TSCoreConst@D@su@tl@UModSys@@U?$TComparerBinaryHash@D@234@@tl@5@AAU?$TRefObject@UIRefObject@core@UModSys@@U?$TRefObjectFunc@UIRefObject@core@UModSys@@@tl@3@@75@_N@Z 00402ae0 f i umodsys_lib_libmedia:umodsys.mod.media.std.obj
 0001:00001b40       ?obj_cput@RLibraryLayered@std@media@modules@UModSys@@UAE_NABU?$TString@U?$TSCoreConst@D@su@tl@UModSys@@U?$TComparerBinaryHash@D@234@@tl@5@PAUIRefObject@core@5@@Z 00402b40 f i umodsys_lib_libmedia:umodsys.mod.media.std.obj
 0001:00001ba0       ?obj_get@RLibraryLayered@std@media@modules@UModSys@@UAE_NABU?$TString@U?$TSCoreConst@D@su@tl@UModSys@@U?$TComparerBinaryHash@D@234@@tl@5@AAU?$TRefObject@UIRefObject@core@UModSys@@U?$TRefObjectFunc@UIRefObject@core@UModSys@@@tl@3@@75@ABUSObjOptions@ILibrary@libmedia@5@@Z 00402ba0 f i umodsys_lib_libmedia:umodsys.mod.media.std.obj
 0001:00001e10       ?obj_load@RLibraryLayered@std@media@modules@UModSys@@UAE_NABU?$TString@U?$TSCoreConst@D@su@tl@UModSys@@U?$TComparerBinaryHash@D@234@@tl@5@PAUIRefObject@core@5@ABUSObjOptions@ILibrary@libmedia@5@@Z 00402e10 f i umodsys_lib_libmedia:umodsys.mod.media.std.obj
 0001:00001f70       ?obj_save@RLibraryLayered@std@media@modules@UModSys@@UAE_NABU?$TString@U?$TSCoreConst@D@su@tl@UModSys@@U?$TComparerBinaryHash@D@234@@tl@5@PBUIRefObject@core@5@ABUSObjOptions@ILibrary@libmedia@5@@Z 00402f70 f i umodsys_lib_libmedia:umodsys.mod.media.std.obj
 0001:000020f0       ?layer_count@RLibraryLayered@std@media@modules@UModSys@@UBEIABUSLayer@ILibraryLayered@libmedia@5@@Z 004030f0 f i umodsys_lib_libmedia:umodsys.mod.media.std.obj
 0001:00002100       ?layer_get@RLibraryLayered@std@media@modules@UModSys@@UBE?AUSLayer@ILibraryLayered@libmedia@5@I@Z 00403100 f i umodsys_lib_libmedia:umodsys.mod.media.std.obj
 0001:00002150       ?layer_find@RLibraryLayered@std@media@modules@UModSys@@UBEIABU?$TString@U?$TSCoreConst@D@su@tl@UModSys@@U?$TComparerBinaryHash@D@234@@tl@5@I@Z 00403150 f i umodsys_lib_libmedia:umodsys.mod.media.std.obj
 0001:000021e0       ?layer_insert@RLibraryLayered@std@media@modules@UModSys@@UAE_NABUSLayer@ILibraryLayered@libmedia@5@I@Z 004031e0 f i umodsys_lib_libmedia:umodsys.mod.media.std.obj
 0001:00002220       ?layer_remove@RLibraryLayered@std@media@modules@UModSys@@UAE_NI@Z 00403220 f i umodsys_lib_libmedia:umodsys.mod.media.std.obj
 0001:00002270       ?layer_clear@RLibraryLayered@std@media@modules@UModSys@@UAE_NXZ 00403270 f i umodsys_lib_libmedia:umodsys.mod.media.std.obj
 0001:00002280       ??_GRLibraryLayered@std@media@modules@UModSys@@UAEPAXI@Z 00403280 f i umodsys_lib_libmedia:umodsys.mod.media.std.obj
 0001:00002280       ??_ERLibraryLayered@std@media@modules@UModSys@@UAEPAXI@Z 00403280 f i  CIL library: CIL module
 0001:000022a0       ??1IStreamWriter@libmedia@UModSys@@UAE@XZ 004032a0 f i umodsys_lib_libmedia:umodsys.mod.media.stdio.obj
 0001:000022a0       ??1ILibraryLayered@libmedia@UModSys@@UAE@XZ 004032a0 f i umodsys_lib_libmedia:umodsys.mod.media.std.obj
 0001:000022a0       ??1IBinArchive@libmedia@UModSys@@UAE@XZ 004032a0 f i umodsys_lib_libmedia:umodsys.mod.media.stdio.obj
 0001:000022a0       ??1IStreamReader@libmedia@UModSys@@UAE@XZ 004032a0 f i umodsys_lib_libmedia:umodsys.mod.media.stdio.obj
 0001:000022a0       ??1ILibraryObjFilter@libmedia@UModSys@@UAE@XZ 004032a0 f i umodsys_lib_libmedia:umodsys.mod.media.std.obj
 0001:000022a0       ??1ILibraryBinCache@libmedia@UModSys@@UAE@XZ 004032a0 f i umodsys_lib_libmedia:umodsys.mod.media.std.obj
 0001:000022a0       ??1ILibraryBinTree@libmedia@UModSys@@UAE@XZ 004032a0 f i umodsys_lib_libmedia:umodsys.mod.media.std.obj
 0001:000022a0       ??1ILibraryObjCache@libmedia@UModSys@@UAE@XZ 004032a0 f i umodsys_lib_libmedia:umodsys.mod.media.std.obj
 0001:000022b0       ??1SInfo@IBinObjFilter@libmedia@UModSys@@QAE@XZ 004032b0 f i umodsys_lib_libmedia:umodsys.mod.media.std.obj
 0001:000022b0       ??1SCMemShared@core@UModSys@@QAE@XZ 004032b0 f i umodsys_lib_libmedia:umodsys.mod.media.std.obj
 0001:000022b0       ??1SMemShared@core@UModSys@@QAE@XZ 004032b0 f i umodsys_lib_libmedia:umodsys.mod.media.std.obj
 0001:000022d0       ?root_get_interface_info@RLibraryObjCache@std@media@modules@UModSys@@UBEABUSUniquePointerInfo@core@5@XZ 004032d0 f i umodsys_lib_libmedia:umodsys.mod.media.std.obj
 0001:000022e0       ?root_get_interface_type@RLibraryObjCache@std@media@modules@UModSys@@UBEPBUSUniquePointerInfo@core@5@XZ 004032e0 f i umodsys_lib_libmedia:umodsys.mod.media.std.obj
 0001:000022f0       ?root_get_other_interface@RLibraryObjCache@std@media@modules@UModSys@@UAEPAUIRoot@core@5@PBUSUniquePointerInfo@75@@Z 004032f0 f i umodsys_lib_libmedia:umodsys.mod.media.std.obj
 0001:000022f0       ?root_get_other_interface@RLibraryObjCache@std@media@modules@UModSys@@UBEPBUIRoot@core@5@PBUSUniquePointerInfo@75@@Z 004032f0 f i umodsys_lib_libmedia:umodsys.mod.media.std.obj
 0001:00002330       ?root_is_interface_supported@RLibraryObjCache@std@media@modules@UModSys@@UBE_NPBUSUniquePointerInfo@core@5@@Z 00403330 f i umodsys_lib_libmedia:umodsys.mod.media.std.obj
 0001:00002370       ??0RLibraryObjCache@std@media@modules@UModSys@@QAE@PAUIModObject@base@4@ABUSParameters@core@4@U?$TFlags4State@USMediaFlagUid@libmedia@UModSys@@I@tl@4@@Z 00403370 f i umodsys_lib_libmedia:umodsys.mod.media.std.obj
 0001:000023f0       ??1RLibraryObjCache@std@media@modules@UModSys@@UAE@XZ 004033f0 f i umodsys_lib_libmedia:umodsys.mod.media.std.obj
 0001:00002460       ?get_flags_auto@RLibraryObjCache@std@media@modules@UModSys@@UBE?AU?$TFlags4State@USMediaFlagUid@libmedia@UModSys@@I@tl@5@XZ 00403460 f i umodsys_lib_libmedia:umodsys.mod.media.std.obj
 0001:00002470       ?set_flag@RLibraryBinCache@std@media@modules@UModSys@@UAE?AW4eStates@?$TFlags4State@USMediaFlagUid@libmedia@UModSys@@I@tl@5@HW46785@@Z 00403470 f i umodsys_lib_libmedia:umodsys.mod.media.std.obj
 0001:00002470       ?set_flag@RLibraryObjCache@std@media@modules@UModSys@@UAE?AW4eStates@?$TFlags4State@USMediaFlagUid@libmedia@UModSys@@I@tl@5@HW46785@@Z 00403470 f i umodsys_lib_libmedia:umodsys.mod.media.std.obj
 0001:00002470       ?set_flag@RLibraryBinTree@std@media@modules@UModSys@@UAE?AW4eStates@?$TFlags4State@USMediaFlagUid@libmedia@UModSys@@I@tl@5@HW46785@@Z 00403470 f i umodsys_lib_libmedia:umodsys.mod.media.std.obj
 0001:00002470       ?set_flag@RLibraryObjFilter@std@media@modules@UModSys@@UAE?AW4eStates@?$TFlags4State@USMediaFlagUid@libmedia@UModSys@@I@tl@5@HW46785@@Z 00403470 f i umodsys_lib_libmedia:umodsys.mod.media.std.obj
 0001:000024a0       ?obj_save@RLibraryBinCache@std@media@modules@UModSys@@UAE_NABU?$TString@U?$TSCoreConst@D@su@tl@UModSys@@U?$TComparerBinaryHash@D@234@@tl@5@PBUIRefObject@core@5@ABUSObjOptions@ILibrary@libmedia@5@@Z 004034a0 f i umodsys_lib_libmedia:umodsys.mod.media.std.obj
 0001:000024a0       ?bin_info@RLibraryBinTree@std@media@modules@UModSys@@UAE_NABU?$TString@U?$TSCoreConst@D@su@tl@UModSys@@U?$TComparerBinaryHash@D@234@@tl@5@AAU?$TIStackSocket@USFileInfo@libmedia@UModSys@@@75@ABUSFlags@libmedia@5@@Z 004034a0 f i umodsys_lib_libmedia:umodsys.mod.media.std.obj
 0001:000024a0       ?obj_get@RLibraryObjFilter@std@media@modules@UModSys@@UAE_NABU?$TString@U?$TSCoreConst@D@su@tl@UModSys@@U?$TComparerBinaryHash@D@234@@tl@5@AAU?$TRefObject@UIRefObject@core@UModSys@@U?$TRefObjectFunc@UIRefObject@core@UModSys@@@tl@3@@75@ABUSObjOptions@ILibrary@libmedia@5@@Z 004034a0 f i umodsys_lib_libmedia:umodsys.mod.media.std.obj
 0001:000024a0       ?bin_get@RLibraryBinTree@std@media@modules@UModSys@@UAE_NABU?$TString@U?$TSCoreConst@D@su@tl@UModSys@@U?$TComparerBinaryHash@D@234@@tl@5@AAUSCMemShared@core@5@_N@Z 004034a0 f i umodsys_lib_libmedia:umodsys.mod.media.std.obj
 0001:000024a0       ?bin_info@RLibraryObjFilter@std@media@modules@UModSys@@UAE_NABU?$TString@U?$TSCoreConst@D@su@tl@UModSys@@U?$TComparerBinaryHash@D@234@@tl@5@AAUSFileInfo@libmedia@5@ABUSFlags@95@@Z 004034a0 f i umodsys_lib_libmedia:umodsys.mod.media.std.obj
 0001:000024a0       ?bin_get@RLibraryObjCache@std@media@modules@UModSys@@UAE_NABU?$TString@U?$TSCoreConst@D@su@tl@UModSys@@U?$TComparerBinaryHash@D@234@@tl@5@AAUSCMemShared@core@5@_N@Z 004034a0 f i umodsys_lib_libmedia:umodsys.mod.media.std.obj
 0001:000024a0       ?bin_info@RLibraryBinCache@std@media@modules@UModSys@@UAE_NABU?$TString@U?$TSCoreConst@D@su@tl@UModSys@@U?$TComparerBinaryHash@D@234@@tl@5@AAU?$TIStackSocket@USFileInfo@libmedia@UModSys@@@75@ABUSFlags@libmedia@5@@Z 004034a0 f i umodsys_lib_libmedia:umodsys.mod.media.std.obj
 0001:000024a0       ?bin_get@RLibraryObjFilter@std@media@modules@UModSys@@UAE_NABU?$TString@U?$TSCoreConst@D@su@tl@UModSys@@U?$TComparerBinaryHash@D@234@@tl@5@AAUSCMemShared@core@5@_N@Z 004034a0 f i umodsys_lib_libmedia:umodsys.mod.media.std.obj
 0001:000024a0       ?obj_save@RLibraryObjFilter@std@media@modules@UModSys@@UAE_NABU?$TString@U?$TSCoreConst@D@su@tl@UModSys@@U?$TComparerBinaryHash@D@234@@tl@5@PBUIRefObject@core@5@ABUSObjOptions@ILibrary@libmedia@5@@Z 004034a0 f i umodsys_lib_libmedia:umodsys.mod.media.std.obj
 0001:000024a0       ?obj_load@RLibraryObjCache@std@media@modules@UModSys@@UAE_NABU?$TString@U?$TSCoreConst@D@su@tl@UModSys@@U?$TComparerBinaryHash@D@234@@tl@5@PAUIRefObject@core@5@ABUSObjOptions@ILibrary@libmedia@5@@Z 004034a0 f i umodsys_lib_libmedia:umodsys.mod.media.std.obj
 0001:000024a0       ?obj_load@RLibraryBinTree@std@media@modules@UModSys@@UAE_NABU?$TString@U?$TSCoreConst@D@su@tl@UModSys@@U?$TComparerBinaryHash@D@234@@tl@5@PAUIRefObject@core@5@ABUSObjOptions@ILibrary@libmedia@5@@Z 004034a0 f i umodsys_lib_libmedia:umodsys.mod.media.std.obj
 0001:000024a0       ?obj_save@RLibraryObjCache@std@media@modules@UModSys@@UAE_NABU?$TString@U?$TSCoreConst@D@su@tl@UModSys@@U?$TComparerBinaryHash@D@234@@tl@5@PBUIRefObject@core@5@ABUSObjOptions@ILibrary@libmedia@5@@Z 004034a0 f i umodsys_lib_libmedia:umodsys.mod.media.std.obj
 0001:000024a0       ?bin_save@RLibraryObjCache@std@media@modules@UModSys@@UAE_NABU?$TString@U?$TSCoreConst@D@su@tl@UModSys@@U?$TComparerBinaryHash@D@234@@tl@5@ABUSCMem@core@5@ABUSFlags@libmedia@5@@Z 004034a0 f i umodsys_lib_libmedia:umodsys.mod.media.std.obj
 0001:000024a0       ?obj_get@RLibraryBinCache@std@media@modules@UModSys@@UAE_NABU?$TString@U?$TSCoreConst@D@su@tl@UModSys@@U?$TComparerBinaryHash@D@234@@tl@5@AAU?$TRefObject@UIRefObject@core@UModSys@@U?$TRefObjectFunc@UIRefObject@core@UModSys@@@tl@3@@75@ABUSObjOptions@ILibrary@libmedia@5@@Z 004034a0 f i umodsys_lib_libmedia:umodsys.mod.media.std.obj
 0001:000024a0       ?bin_info@RLibraryBinTree@std@media@modules@UModSys@@UAE_NABU?$TString@U?$TSCoreConst@D@su@tl@UModSys@@U?$TComparerBinaryHash@D@234@@tl@5@AAUSFileInfo@libmedia@5@ABUSFlags@95@@Z 004034a0 f i umodsys_lib_libmedia:umodsys.mod.media.std.obj
 0001:000024a0       ?bin_save@RLibraryBinCache@std@media@modules@UModSys@@UAE_NABU?$TString@U?$TSCoreConst@D@su@tl@UModSys@@U?$TComparerBinaryHash@D@234@@tl@5@ABUSCMem@core@5@ABUSFlags@libmedia@5@@Z 004034a0 f i umodsys_lib_libmedia:umodsys.mod.media.std.obj
 0001:000024a0       ?bin_info@RLibraryObjFilter@std@media@modules@UModSys@@UAE_NABU?$TString@U?$TSCoreConst@D@su@tl@UModSys@@U?$TComparerBinaryHash@D@234@@tl@5@AAU?$TIStackSocket@USFileInfo@libmedia@UModSys@@@75@ABUSFlags@libmedia@5@@Z 004034a0 f i umodsys_lib_libmedia:umodsys.mod.media.std.obj
 0001:000024a0       ?bin_info@RLibraryObjCache@std@media@modules@UModSys@@UAE_NABU?$TString@U?$TSCoreConst@D@su@tl@UModSys@@U?$TComparerBinaryHash@D@234@@tl@5@AAU?$TIStackSocket@USFileInfo@libmedia@UModSys@@@75@ABUSFlags@libmedia@5@@Z 004034a0 f i umodsys_lib_libmedia:umodsys.mod.media.std.obj
 0001:000024a0       ?bin_load@RLibraryObjFilter@std@media@modules@UModSys@@UAE_NABU?$TString@U?$TSCoreConst@D@su@tl@UModSys@@U?$TComparerBinaryHash@D@234@@tl@5@AAUSCMemShared@core@5@ABUSFlags@libmedia@5@@Z 004034a0 f i umodsys_lib_libmedia:umodsys.mod.media.std.obj
 0001:000024a0       ?bin_save@RLibraryObjFilter@std@media@modules@UModSys@@UAE_NABU?$TString@U?$TSCoreConst@D@su@tl@UModSys@@U?$TComparerBinaryHash@D@234@@tl@5@ABUSCMem@core@5@ABUSFlags@libmedia@5@@Z 004034a0 f i umodsys_lib_libmedia:umodsys.mod.media.std.obj
 0001:000024a0       ?obj_save@RLibraryBinTree@std@media@modules@UModSys@@UAE_NABU?$TString@U?$TSCoreConst@D@su@tl@UModSys@@U?$TComparerBinaryHash@D@234@@tl@5@PBUIRefObject@core@5@ABUSObjOptions@ILibrary@libmedia@5@@Z 004034a0 f i umodsys_lib_libmedia:umodsys.mod.media.std.obj
 0001:000024a0       ?obj_cget@RLibraryBinCache@std@media@modules@UModSys@@UAE_NABU?$TString@U?$TSCoreConst@D@su@tl@UModSys@@U?$TComparerBinaryHash@D@234@@tl@5@AAU?$TRefObject@UIRefObject@core@UModSys@@U?$TRefObjectFunc@UIRefObject@core@UModSys@@@tl@3@@75@_N@Z 004034a0 f i umodsys_lib_libmedia:umodsys.mod.media.std.obj
 0001:000024a0       ?obj_cget@RLibraryBinTree@std@media@modules@UModSys@@UAE_NABU?$TString@U?$TSCoreConst@D@su@tl@UModSys@@U?$TComparerBinaryHash@D@234@@tl@5@AAU?$TRefObject@UIRefObject@core@UModSys@@U?$TRefObjectFunc@UIRefObject@core@UModSys@@@tl@3@@75@_N@Z 004034a0 f i umodsys_lib_libmedia:umodsys.mod.media.std.obj
 0001:000024a0       ?bin_info@RLibraryBinCache@std@media@modules@UModSys@@UAE_NABU?$TString@U?$TSCoreConst@D@su@tl@UModSys@@U?$TComparerBinaryHash@D@234@@tl@5@AAUSFileInfo@libmedia@5@ABUSFlags@95@@Z 004034a0 f i umodsys_lib_libmedia:umodsys.mod.media.std.obj
 0001:000024a0       ?bin_info@RLibraryObjCache@std@media@modules@UModSys@@UAE_NABU?$TString@U?$TSCoreConst@D@su@tl@UModSys@@U?$TComparerBinaryHash@D@234@@tl@5@AAUSFileInfo@libmedia@5@ABUSFlags@95@@Z 004034a0 f i umodsys_lib_libmedia:umodsys.mod.media.std.obj
 0001:000024a0       ?obj_cget@RLibraryObjFilter@std@media@modules@UModSys@@UAE_NABU?$TString@U?$TSCoreConst@D@su@tl@UModSys@@U?$TComparerBinaryHash@D@234@@tl@5@AAU?$TRefObject@UIRefObject@core@UModSys@@U?$TRefObjectFunc@UIRefObject@core@UModSys@@@tl@3@@75@_N@Z 004034a0 f i umodsys_lib_libmedia:umodsys.mod.media.std.obj
 0001:000024a0       ?obj_load@RLibraryObjFilter@std@media@modules@UModSys@@UAE_NABU?$TString@U?$TSCoreConst@D@su@tl@UModSys@@U?$TComparerBinaryHash@D@234@@tl@5@PAUIRefObject@core@5@ABUSObjOptions@ILibrary@libmedia@5@@Z 004034a0 f i umodsys_lib_libmedia:umodsys.mod.media.std.obj
 0001:000024a0       ?obj_get@RLibraryBinTree@std@media@modules@UModSys@@UAE_NABU?$TString@U?$TSCoreConst@D@su@tl@UModSys@@U?$TComparerBinaryHash@D@234@@tl@5@AAU?$TRefObject@UIRefObject@core@UModSys@@U?$TRefObjectFunc@UIRefObject@core@UModSys@@@tl@3@@75@ABUSObjOptions@ILibrary@libmedia@5@@Z 004034a0 f i umodsys_lib_libmedia:umodsys.mod.media.std.obj
 0001:000024a0       ?bin_load@RLibraryObjCache@std@media@modules@UModSys@@UAE_NABU?$TString@U?$TSCoreConst@D@su@tl@UModSys@@U?$TComparerBinaryHash@D@234@@tl@5@AAUSCMemShared@core@5@ABUSFlags@libmedia@5@@Z 004034a0 f i umodsys_lib_libmedia:umodsys.mod.media.std.obj
 0001:000024a0       ?obj_load@RLibraryBinCache@std@media@modules@UModSys@@UAE_NABU?$TString@U?$TSCoreConst@D@su@tl@UModSys@@U?$TComparerBinaryHash@D@234@@tl@5@PAUIRefObject@core@5@ABUSObjOptions@ILibrary@libmedia@5@@Z 004034a0 f i umodsys_lib_libmedia:umodsys.mod.media.std.obj
 0001:000024b0       ?bin_put@RLibraryObjCache@std@media@modules@UModSys@@UAE_NABU?$TString@U?$TSCoreConst@D@su@tl@UModSys@@U?$TComparerBinaryHash@D@234@@tl@5@PBUSCMemShared@core@5@@Z 004034b0 f i umodsys_lib_libmedia:umodsys.mod.media.std.obj
 0001:000024b0       ?obj_fsave@RLibraryBinCache@std@media@modules@UModSys@@UAE_NAAUSInfo@IBinObjFilter@libmedia@5@PBUIRefObject@core@5@@Z 004034b0 f i umodsys_lib_libmedia:umodsys.mod.media.std.obj
 0001:000024b0       ?obj_fsave@RLibraryBinTree@std@media@modules@UModSys@@UAE_NAAUSInfo@IBinObjFilter@libmedia@5@PBUIRefObject@core@5@@Z 004034b0 f i umodsys_lib_libmedia:umodsys.mod.media.std.obj
 0001:000024b0       ?obj_cput@RLibraryBinCache@std@media@modules@UModSys@@UAE_NABU?$TString@U?$TSCoreConst@D@su@tl@UModSys@@U?$TComparerBinaryHash@D@234@@tl@5@PAUIRefObject@core@5@@Z 004034b0 f i umodsys_lib_libmedia:umodsys.mod.media.std.obj
 0001:000024b0       ?obj_fload@RLibraryBinTree@std@media@modules@UModSys@@UAE_NABUSInfo@IBinObjFilter@libmedia@5@PAUIRefObject@core@5@@Z 004034b0 f i umodsys_lib_libmedia:umodsys.mod.media.std.obj
 0001:000024b0       ?bin_put@RLibraryBinTree@std@media@modules@UModSys@@UAE_NABU?$TString@U?$TSCoreConst@D@su@tl@UModSys@@U?$TComparerBinaryHash@D@234@@tl@5@PBUSCMemShared@core@5@@Z 004034b0 f i umodsys_lib_libmedia:umodsys.mod.media.std.obj
 0001:000024b0       ?bin_put@RLibraryObjFilter@std@media@modules@UModSys@@UAE_NABU?$TString@U?$TSCoreConst@D@su@tl@UModSys@@U?$TComparerBinaryHash@D@234@@tl@5@PBUSCMemShared@core@5@@Z 004034b0 f i umodsys_lib_libmedia:umodsys.mod.media.std.obj
 0001:000024b0       ?obj_cput@RLibraryObjFilter@std@media@modules@UModSys@@UAE_NABU?$TString@U?$TSCoreConst@D@su@tl@UModSys@@U?$TComparerBinaryHash@D@234@@tl@5@PAUIRefObject@core@5@@Z 004034b0 f i umodsys_lib_libmedia:umodsys.mod.media.std.obj
 0001:000024b0       ?obj_fload@RLibraryObjCache@std@media@modules@UModSys@@UAE_NABUSInfo@IBinObjFilter@libmedia@5@PAUIRefObject@core@5@@Z 004034b0 f i umodsys_lib_libmedia:umodsys.mod.media.std.obj
 0001:000024b0       ?obj_fsave@RLibraryObjCache@std@media@modules@UModSys@@UAE_NAAUSInfo@IBinObjFilter@libmedia@5@PBUIRefObject@core@5@@Z 004034b0 f i umodsys_lib_libmedia:umodsys.mod.media.std.obj
 0001:000024b0       ?obj_fload@RLibraryBinCache@std@media@modules@UModSys@@UAE_NABUSInfo@IBinObjFilter@libmedia@5@PAUIRefObject@core@5@@Z 004034b0 f i umodsys_lib_libmedia:umodsys.mod.media.std.obj
 0001:000024b0       ?obj_fget@RLibraryBinTree@std@media@modules@UModSys@@UAE_NABUSInfo@IBinObjFilter@libmedia@5@AAU?$TRefObject@UIRefObject@core@UModSys@@U?$TRefObjectFunc@UIRefObject@core@UModSys@@@tl@3@@tl@5@@Z 004034b0 f i umodsys_lib_libmedia:umodsys.mod.media.std.obj
 0001:000024b0       ?obj_cput@RLibraryBinTree@std@media@modules@UModSys@@UAE_NABU?$TString@U?$TSCoreConst@D@su@tl@UModSys@@U?$TComparerBinaryHash@D@234@@tl@5@PAUIRefObject@core@5@@Z 004034b0 f i umodsys_lib_libmedia:umodsys.mod.media.std.obj
 0001:000024b0       ?obj_fget@RLibraryObjCache@std@media@modules@UModSys@@UAE_NABUSInfo@IBinObjFilter@libmedia@5@AAU?$TRefObject@UIRefObject@core@UModSys@@U?$TRefObjectFunc@UIRefObject@core@UModSys@@@tl@3@@tl@5@@Z 004034b0 f i umodsys_lib_libmedia:umodsys.mod.media.std.obj
 0001:000024b0       ?obj_fget@RLibraryBinCache@std@media@modules@UModSys@@UAE_NABUSInfo@IBinObjFilter@libmedia@5@AAU?$TRefObject@UIRefObject@core@UModSys@@U?$TRefObjectFunc@UIRefObject@core@UModSys@@@tl@3@@tl@5@@Z 004034b0 f i umodsys_lib_libmedia:umodsys.mod.media.std.obj
 0001:000024c0       ?obj_cput@RLibraryObjCache@std@media@modules@UModSys@@UAE_NABU?$TString@U?$TSCoreConst@D@su@tl@UModSys@@U?$TComparerBinaryHash@D@234@@tl@5@PAUIRefObject@core@5@@Z 004034c0 f i umodsys_lib_libmedia:umodsys.mod.media.std.obj
 0001:000024d0       ?obj_get@RLibraryObjCache@std@media@modules@UModSys@@UAE_NABU?$TString@U?$TSCoreConst@D@su@tl@UModSys@@U?$TComparerBinaryHash@D@234@@tl@5@AAU?$TRefObject@UIRefObject@core@UModSys@@U?$TRefObjectFunc@UIRefObject@core@UModSys@@@tl@3@@75@ABUSObjOptions@ILibrary@libmedia@5@@Z 004034d0 f i umodsys_lib_libmedia:umodsys.mod.media.std.obj
 0001:000025b0       ?objcache_get@RLibraryObjCache@std@media@modules@UModSys@@UBE_NABU?$TString@U?$TSCoreConst@D@su@tl@UModSys@@U?$TComparerBinaryHash@D@234@@tl@5@PAU?$TRefObject@UIRefObject@core@UModSys@@U?$TRefObjectFunc@UIRefObject@core@UModSys@@@tl@3@@75@PA_N@Z 004035b0 f i umodsys_lib_libmedia:umodsys.mod.media.std.obj
 0001:00002630       ?objcache_add@RLibraryObjCache@std@media@modules@UModSys@@UAE_NABU?$TString@U?$TSCoreConst@D@su@tl@UModSys@@U?$TComparerBinaryHash@D@234@@tl@5@PAUIRefObject@core@5@@Z 00403630 f i umodsys_lib_libmedia:umodsys.mod.media.std.obj
 0001:000027a0       ?objcache_remove@RLibraryObjCache@std@media@modules@UModSys@@UAE_NABU?$TString@U?$TSCoreConst@D@su@tl@UModSys@@U?$TComparerBinaryHash@D@234@@tl@5@@Z 004037a0 f i umodsys_lib_libmedia:umodsys.mod.media.std.obj
 0001:000027e0       ?objcache_clear@RLibraryObjCache@std@media@modules@UModSys@@UAE_NXZ 004037e0 f i umodsys_lib_libmedia:umodsys.mod.media.std.obj
 0001:00002810       ??_ERLibraryObjCache@std@media@modules@UModSys@@UAEPAXI@Z 00403810 f i  CIL library: CIL module
 0001:00002810       ??_GRLibraryObjCache@std@media@modules@UModSys@@UAEPAXI@Z 00403810 f i umodsys_lib_libmedia:umodsys.mod.media.std.obj
 0001:00002830       ?root_get_interface_info@RLibraryObjFilter@std@media@modules@UModSys@@UBEABUSUniquePointerInfo@core@5@XZ 00403830 f i umodsys_lib_libmedia:umodsys.mod.media.std.obj
 0001:00002840       ?root_get_interface_type@RLibraryObjFilter@std@media@modules@UModSys@@UBEPBUSUniquePointerInfo@core@5@XZ 00403840 f i umodsys_lib_libmedia:umodsys.mod.media.std.obj
 0001:00002850       ?root_get_other_interface@RLibraryObjFilter@std@media@modules@UModSys@@UBEPBUIRoot@core@5@PBUSUniquePointerInfo@75@@Z 00403850 f i umodsys_lib_libmedia:umodsys.mod.media.std.obj
 0001:00002850       ?root_get_other_interface@RLibraryObjFilter@std@media@modules@UModSys@@UAEPAUIRoot@core@5@PBUSUniquePointerInfo@75@@Z 00403850 f i umodsys_lib_libmedia:umodsys.mod.media.std.obj
 0001:00002890       ?root_is_interface_supported@RLibraryObjFilter@std@media@modules@UModSys@@UBE_NPBUSUniquePointerInfo@core@5@@Z 00403890 f i umodsys_lib_libmedia:umodsys.mod.media.std.obj
 0001:000028d0       ?ref_remove@RLibraryBinCache@std@media@modules@UModSys@@UBEXXZ 004038d0 f i umodsys_lib_libmedia:umodsys.mod.media.std.obj
 0001:000028d0       ?ref_remove@RLibraryObjCache@std@media@modules@UModSys@@UBEXXZ 004038d0 f i umodsys_lib_libmedia:umodsys.mod.media.std.obj
 0001:000028d0       ?ref_remove@RDataArchiver_OsDir@stdio@media@modules@UModSys@@UBEXXZ 004038d0 f i umodsys_lib_libmedia:umodsys.mod.media.stdio.obj
 0001:000028d0       ?ref_remove@RLibraryBinTree@std@media@modules@UModSys@@UBEXXZ 004038d0 f i umodsys_lib_libmedia:umodsys.mod.media.std.obj
 0001:000028d0       ?ref_remove@RLibraryObjFilter@std@media@modules@UModSys@@UBEXXZ 004038d0 f i umodsys_lib_libmedia:umodsys.mod.media.std.obj
 0001:000028d0       ?ref_remove@RLibraryLayered@std@media@modules@UModSys@@UBEXXZ 004038d0 f i umodsys_lib_libmedia:umodsys.mod.media.std.obj
 0001:000028e0       ?ref_links@RLibraryObjFilter@std@media@modules@UModSys@@UBEHXZ 004038e0 f i umodsys_lib_libmedia:umodsys.mod.media.std.obj
 0001:000028e0       ?ref_links@RLibraryBinTree@std@media@modules@UModSys@@UBEHXZ 004038e0 f i umodsys_lib_libmedia:umodsys.mod.media.std.obj
 0001:000028e0       ?ref_links@RLibraryLayered@std@media@modules@UModSys@@UBEHXZ 004038e0 f i umodsys_lib_libmedia:umodsys.mod.media.std.obj
 0001:000028e0       ?ref_links@RLibraryBinCache@std@media@modules@UModSys@@UBEHXZ 004038e0 f i umodsys_lib_libmedia:umodsys.mod.media.std.obj
 0001:000028e0       ?ref_links@RDataArchiver_OsDir@stdio@media@modules@UModSys@@UBEHXZ 004038e0 f i umodsys_lib_libmedia:umodsys.mod.media.stdio.obj
 0001:000028e0       ?ref_links@RLibraryObjCache@std@media@modules@UModSys@@UBEHXZ 004038e0 f i umodsys_lib_libmedia:umodsys.mod.media.std.obj
 0001:000028f0       ?ref_weak@RLibraryObjCache@std@media@modules@UModSys@@UBE_NAAUWeakPointer@IRefObject@core@5@@Z 004038f0 f i umodsys_lib_libmedia:umodsys.mod.media.std.obj
 0001:000028f0       ?ref_weak@RLibraryBinCache@std@media@modules@UModSys@@UBE_NAAUWeakPointer@IRefObject@core@5@@Z 004038f0 f i umodsys_lib_libmedia:umodsys.mod.media.std.obj
 0001:000028f0       ?ref_weak@RLibraryBinTree@std@media@modules@UModSys@@UBE_NAAUWeakPointer@IRefObject@core@5@@Z 004038f0 f i umodsys_lib_libmedia:umodsys.mod.media.std.obj
 0001:000028f0       ?ref_weak@RLibraryLayered@std@media@modules@UModSys@@UBE_NAAUWeakPointer@IRefObject@core@5@@Z 004038f0 f i umodsys_lib_libmedia:umodsys.mod.media.std.obj
 0001:000028f0       ?ref_weak@RLibraryObjFilter@std@media@modules@UModSys@@UBE_NAAUWeakPointer@IRefObject@core@5@@Z 004038f0 f i umodsys_lib_libmedia:umodsys.mod.media.std.obj
 0001:000028f0       ?ref_weak@RDataArchiver_OsDir@stdio@media@modules@UModSys@@UBE_NAAUWeakPointer@IRefObject@core@5@@Z 004038f0 f i umodsys_lib_libmedia:umodsys.mod.media.stdio.obj
 0001:00002910       ?suicide@RLibraryObjFilter@std@media@modules@UModSys@@UAEXXZ 00403910 f i umodsys_lib_libmedia:umodsys.mod.media.std.obj
 0001:00002910       ?suicide@RDataArchiver_OsDir@stdio@media@modules@UModSys@@UAEXXZ 00403910 f i umodsys_lib_libmedia:umodsys.mod.media.stdio.obj
 0001:00002910       ?suicide@RLibraryLayered@std@media@modules@UModSys@@UAEXXZ 00403910 f i umodsys_lib_libmedia:umodsys.mod.media.std.obj
 0001:00002910       ?suicide@RLibraryObjCache@std@media@modules@UModSys@@UAEXXZ 00403910 f i umodsys_lib_libmedia:umodsys.mod.media.std.obj
 0001:00002910       ?suicide@RLibraryBinTree@std@media@modules@UModSys@@UAEXXZ 00403910 f i umodsys_lib_libmedia:umodsys.mod.media.std.obj
 0001:00002910       ?suicide@RLibraryBinCache@std@media@modules@UModSys@@UAEXXZ 00403910 f i umodsys_lib_libmedia:umodsys.mod.media.std.obj
 0001:00002920       ??0RLibraryObjFilter@std@media@modules@UModSys@@QAE@PAUIModObject@base@4@ABUSParameters@core@4@U?$TFlags4State@USMediaFlagUid@libmedia@UModSys@@I@tl@4@@Z 00403920 f i umodsys_lib_libmedia:umodsys.mod.media.std.obj
 0001:000029a0       ??1RLibraryObjFilter@std@media@modules@UModSys@@UAE@XZ 004039a0 f i umodsys_lib_libmedia:umodsys.mod.media.std.obj
 0001:00002a10       ?get_flags_auto@RLibraryObjFilter@std@media@modules@UModSys@@UBE?AU?$TFlags4State@USMediaFlagUid@libmedia@UModSys@@I@tl@5@XZ 00403a10 f i umodsys_lib_libmedia:umodsys.mod.media.std.obj
 0001:00002a20       ?obj_fget@RLibraryObjFilter@std@media@modules@UModSys@@UAE_NABUSInfo@IBinObjFilter@libmedia@5@AAU?$TRefObject@UIRefObject@core@UModSys@@U?$TRefObjectFunc@UIRefObject@core@UModSys@@@tl@3@@tl@5@@Z 00403a20 f i umodsys_lib_libmedia:umodsys.mod.media.std.obj
 0001:00002a30       ?obj_fload@RLibraryObjFilter@std@media@modules@UModSys@@UAE_NABUSInfo@IBinObjFilter@libmedia@5@PAUIRefObject@core@5@@Z 00403a30 f i umodsys_lib_libmedia:umodsys.mod.media.std.obj
 0001:00002a40       ?obj_fsave@RLibraryObjFilter@std@media@modules@UModSys@@UAE_NAAUSInfo@IBinObjFilter@libmedia@5@PBUIRefObject@core@5@@Z 00403a40 f i umodsys_lib_libmedia:umodsys.mod.media.std.obj
 0001:00002a50       ?filters_add@RLibraryObjFilter@std@media@modules@UModSys@@UAE_NU?$TRefObject@UIBinObjFilter@libmedia@UModSys@@U?$TRefObjectFunc@UIBinObjFilter@libmedia@UModSys@@@tl@3@@tl@5@PBUSParameters@core@5@H@Z 00403a50 f i umodsys_lib_libmedia:umodsys.mod.media.std.obj
 0001:00002b30       ?filters_remove@RLibraryObjFilter@std@media@modules@UModSys@@UAE_NPAUIBinObjFilter@libmedia@5@H@Z 00403b30 f i umodsys_lib_libmedia:umodsys.mod.media.std.obj
 0001:00002ba0       ?filters_clear@RLibraryObjFilter@std@media@modules@UModSys@@UAE_NXZ 00403ba0 f i umodsys_lib_libmedia:umodsys.mod.media.std.obj
 0001:00002bd0       ?filters_load@RLibraryObjFilter@std@media@modules@UModSys@@UAE_NABUSInfo@IBinObjFilter@libmedia@5@AAU?$TRefObject@UIRefObject@core@UModSys@@U?$TRefObjectFunc@UIRefObject@core@UModSys@@@tl@3@@tl@5@@Z 00403bd0 f i umodsys_lib_libmedia:umodsys.mod.media.std.obj
 0001:00002c60       ?filters_load@RLibraryObjFilter@std@media@modules@UModSys@@UAE_NABUSInfo@IBinObjFilter@libmedia@5@PAUIRefObject@core@5@@Z 00403c60 f i umodsys_lib_libmedia:umodsys.mod.media.std.obj
 0001:00002cf0       ?filters_save@RLibraryObjFilter@std@media@modules@UModSys@@UAE_NAAUSInfo@IBinObjFilter@libmedia@5@PBUIRefObject@core@5@@Z 00403cf0 f i umodsys_lib_libmedia:umodsys.mod.media.std.obj
 0001:00002d80       ??_GRLibraryObjFilter@std@media@modules@UModSys@@UAEPAXI@Z 00403d80 f i umodsys_lib_libmedia:umodsys.mod.media.std.obj
 0001:00002d80       ??_ERLibraryObjFilter@std@media@modules@UModSys@@UAEPAXI@Z 00403d80 f i  CIL library: CIL module
 0001:00002da0       ?get_generated_names@RGenerator@std@media@modules@UModSys@@UBEHAAUSUniquePtrList@core@5@@Z 00403da0 f i umodsys_lib_libmedia:umodsys.mod.media.std.obj
 0001:00002df0       ?get_generated_types@RGenerator@std@media@modules@UModSys@@UBEHAAUSUniquePtrList@core@5@PBUSUniquePointerInfo@75@@Z 00403df0 f i umodsys_lib_libmedia:umodsys.mod.media.std.obj
 0001:00002f00       ?generate@RGenerator@std@media@modules@UModSys@@UAE_NAAU?$TRefObject@UIRefObject@core@UModSys@@U?$TRefObjectFunc@UIRefObject@core@UModSys@@@tl@3@@tl@5@PBUSUniquePointerInfo@core@5@ABUSParameters@95@@Z 00403f00 f i umodsys_lib_libmedia:umodsys.mod.media.std.obj
 0001:00002f90       ?root_get_interface_info@RGenerator@std@media@modules@UModSys@@UBEABUSUniquePointerInfo@core@5@XZ 00403f90 f i umodsys_lib_libmedia:umodsys.mod.media.std.obj
 0001:00002fa0       ?root_get_interface_type@RGenerator@std@media@modules@UModSys@@UBEPBUSUniquePointerInfo@core@5@XZ 00403fa0 f i umodsys_lib_libmedia:umodsys.mod.media.std.obj
 0001:00002fb0       ?root_get_other_interface@RGenerator@std@media@modules@UModSys@@UBEPBUIRoot@core@5@PBUSUniquePointerInfo@75@@Z 00403fb0 f i umodsys_lib_libmedia:umodsys.mod.media.std.obj
 0001:00002fb0       ?root_get_other_interface@RGenerator@std@media@modules@UModSys@@UAEPAUIRoot@core@5@PBUSUniquePointerInfo@75@@Z 00403fb0 f i umodsys_lib_libmedia:umodsys.mod.media.std.obj
 0001:00003000       ?root_is_interface_supported@RGenerator@std@media@modules@UModSys@@UBE_NPBUSUniquePointerInfo@core@5@@Z 00404000 f i umodsys_lib_libmedia:umodsys.mod.media.std.obj
 0001:00003040       ?ref_add@RStreamReader_FILE@stdio@media@modules@UModSys@@UBEXXZ 00404040 f i umodsys_lib_libmedia:umodsys.mod.media.stdio.obj
 0001:00003040       ?ref_add@RStreamWriter_FILE@stdio@media@modules@UModSys@@UBEXXZ 00404040 f i umodsys_lib_libmedia:umodsys.mod.media.stdio.obj
 0001:00003040       ?ref_add@RGenerator@std@media@modules@UModSys@@UBEXXZ 00404040 f i umodsys_lib_libmedia:umodsys.mod.media.std.obj
 0001:00003040       ?ref_add@RGenerator@stdio@media@modules@UModSys@@UBEXXZ 00404040 f i umodsys_lib_libmedia:umodsys.mod.media.stdio.obj
 0001:00003050       ?get_uid@RGenerator@std@media@modules@UModSys@@UBEPBUSUniquePointerInfo@core@5@XZ 00404050 f i umodsys_lib_libmedia:umodsys.mod.media.std.obj
 0001:00003060       ?do_open@RModuleReg@std@media@modules@UModSys@@UAE_NXZ 00404060 f i umodsys_lib_libmedia:umodsys.mod.media.std.obj
 0001:00003070       ?do_close@RModuleReg@std@media@modules@UModSys@@UAE_NXZ 00404070 f i umodsys_lib_libmedia:umodsys.mod.media.std.obj
 0001:00003080       ??_ERModuleReg@std@media@modules@UModSys@@UAEPAXI@Z 00404080 f i  CIL library: CIL module
 0001:00003080       ??_GRModuleReg@std@media@modules@UModSys@@UAEPAXI@Z 00404080 f i umodsys_lib_libmedia:umodsys.mod.media.std.obj
 0001:000030b0       ??4?$TString@U?$TSCoreConst@D@su@tl@UModSys@@U?$TComparerBinaryHash@D@234@@tl@UModSys@@QAEABU012@PBD@Z 004040b0 f i umodsys_lib_libmedia:umodsys.mod.media.std.obj
 0001:000030f0       ??0?$TString@U?$TSCoreShared@USIMemAlloc@core@UModSys@@D@su@tl@UModSys@@U?$TComparerBinaryHash@D@234@@tl@UModSys@@QAE@ABU?$TSCoreConst@D@su@12@@Z 004040f0 f i umodsys_lib_libmedia:umodsys.mod.media.std.obj
 0001:00003160       ??4?$TString@U?$TSCoreShared@USIMemAlloc@core@UModSys@@D@su@tl@UModSys@@U?$TComparerBinaryHash@D@234@@tl@UModSys@@QAEABU012@ABU012@@Z 00404160 f i umodsys_lib_libmedia:umodsys.mod.media.std.obj
 0001:000031a0       ?remove_node@?$TTreeHoldRB@U?$TScatterArrayNode@USCacheElem@RLibraryBinCache@std@media@modules@UModSys@@U?$TString@U?$TSCoreConst@D@su@tl@UModSys@@U?$TComparerBinaryHash@D@234@@tl@6@@tl@UModSys@@@tl@UModSys@@QAEXPAU?$TScatterArrayNode@USCacheElem@RLibraryBinCache@std@media@modules@UModSys@@U?$TString@U?$TSCoreConst@D@su@tl@UModSys@@U?$TComparerBinaryHash@D@234@@tl@6@@23@@Z 004041a0 f i umodsys_lib_libmedia:umodsys.mod.media.std.obj
 0001:000031a0       ?remove_node@?$TTreeHoldRB@U?$TScatterArrayNode@USMountInfo@RLibraryBinTree@std@media@modules@UModSys@@USId@ILibraryBinTree@libmedia@6@@tl@UModSys@@@tl@UModSys@@QAEXPAU?$TScatterArrayNode@USMountInfo@RLibraryBinTree@std@media@modules@UModSys@@USId@ILibraryBinTree@libmedia@6@@23@@Z 004041a0 f i umodsys_lib_libmedia:umodsys.mod.media.std.obj
 0001:000031a0       ?remove_node@?$TTreeHoldRB@U?$TScatterArrayNode@USFilter@RLibraryObjFilter@std@media@modules@UModSys@@USId@23456@@tl@UModSys@@@tl@UModSys@@QAEXPAU?$TScatterArrayNode@USFilter@RLibraryObjFilter@std@media@modules@UModSys@@USId@23456@@23@@Z 004041a0 f i umodsys_lib_libmedia:umodsys.mod.media.std.obj
 0001:000031a0       ?remove_node@?$TTreeHoldRB@U?$TScatterArrayNode@USCacheElem@RLibraryObjCache@std@media@modules@UModSys@@U?$TString@U?$TSCoreConst@D@su@tl@UModSys@@U?$TComparerBinaryHash@D@234@@tl@6@@tl@UModSys@@@tl@UModSys@@QAEXPAU?$TScatterArrayNode@USCacheElem@RLibraryObjCache@std@media@modules@UModSys@@U?$TString@U?$TSCoreConst@D@su@tl@UModSys@@U?$TComparerBinaryHash@D@234@@tl@6@@23@@Z 004041a0 f i umodsys_lib_libmedia:umodsys.mod.media.std.obj
 0001:00003290       ??1?$TPair@U?$TString@U?$TSCoreConst@D@su@tl@UModSys@@U?$TComparerBinaryHash@D@234@@tl@UModSys@@USCacheElem@RLibraryBinCache@std@media@modules@3@@tl@UModSys@@QAE@XZ 00404290 f i umodsys_lib_libmedia:umodsys.mod.media.std.obj
 0001:000032a0       ??1?$TPair@USId@ILibraryBinTree@libmedia@UModSys@@USMountInfo@RLibraryBinTree@std@media@modules@4@@tl@UModSys@@QAE@XZ 004042a0 f i umodsys_lib_libmedia:umodsys.mod.media.std.obj
 0001:000032b0       ??1?$TPair@U?$TString@U?$TSCoreConst@D@su@tl@UModSys@@U?$TComparerBinaryHash@D@234@@tl@UModSys@@USCacheElem@RLibraryObjCache@std@media@modules@3@@tl@UModSys@@QAE@XZ 004042b0 f i umodsys_lib_libmedia:umodsys.mod.media.std.obj
 0001:000032c0       ??1?$TPair@USId@RLibraryObjFilter@std@media@modules@UModSys@@USFilter@23456@@tl@UModSys@@QAE@XZ 004042c0 f i umodsys_lib_libmedia:umodsys.mod.media.std.obj
 0001:000032e0       ??1SCacheElem@RLibraryBinCache@std@media@modules@UModSys@@QAE@XZ 004042e0 f i umodsys_lib_libmedia:umodsys.mod.media.std.obj
 0001:00003360       ??1SMountInfo@RLibraryBinTree@std@media@modules@UModSys@@QAE@XZ 00404360 f i umodsys_lib_libmedia:umodsys.mod.media.std.obj
 0001:000033f0       ??1SCacheElem@RLibraryObjCache@std@media@modules@UModSys@@QAE@XZ 004043f0 f i umodsys_lib_libmedia:umodsys.mod.media.std.obj
 0001:00003480       ?info_new@?$TSCoreShared@USIMemAlloc@core@UModSys@@D@su@tl@UModSys@@QAE_NPBDI@Z 00404480 f i umodsys_lib_libmedia:umodsys.mod.media.std.obj
 0001:00003510       ?ResizeRel@?$TDynarray@U?$TDynarrayHolderDynamic@USLayerX@RLibraryLayered@std@media@modules@UModSys@@U?$TAllocator@USIMemAlloc@core@UModSys@@USCountCalcPower2@23@@tl@6@@tl@UModSys@@@tl@UModSys@@QAE_NH@Z 00404510 f i umodsys_lib_libmedia:umodsys.mod.media.std.obj
 0001:00003590       ?InsertAt@?$TDynarray@U?$TDynarrayHolderDynamic@USLayerX@RLibraryLayered@std@media@modules@UModSys@@U?$TAllocator@USIMemAlloc@core@UModSys@@USCountCalcPower2@23@@tl@6@@tl@UModSys@@@tl@UModSys@@QAE_NII@Z 00404590 f i umodsys_lib_libmedia:umodsys.mod.media.std.obj
 0001:000035f0       ?s_set@?$TRefObjectFunc@UIRefObject@core@UModSys@@@tl@UModSys@@SAXAAPAUIRefObject@core@3@PAU453@@Z 004045f0 f i umodsys_lib_libmedia:umodsys.mod.media.std.obj
 0001:00003610       ?remove_color@?$TTreeHoldRB@U?$TScatterArrayNode@USFilter@RLibraryObjFilter@std@media@modules@UModSys@@USId@23456@@tl@UModSys@@@tl@UModSys@@IAEXPAU?$TScatterArrayNode@USFilter@RLibraryObjFilter@std@media@modules@UModSys@@USId@23456@@23@0@Z 00404610 f i umodsys_lib_libmedia:umodsys.mod.media.std.obj
 0001:00003610       ?remove_color@?$TTreeHoldRB@U?$TScatterArrayNode@USCacheElem@RLibraryObjCache@std@media@modules@UModSys@@U?$TString@U?$TSCoreConst@D@su@tl@UModSys@@U?$TComparerBinaryHash@D@234@@tl@6@@tl@UModSys@@@tl@UModSys@@IAEXPAU?$TScatterArrayNode@USCacheElem@RLibraryObjCache@std@media@modules@UModSys@@U?$TString@U?$TSCoreConst@D@su@tl@UModSys@@U?$TComparerBinaryHash@D@234@@tl@6@@23@0@Z 00404610 f i umodsys_lib_libmedia:umodsys.mod.media.std.obj
 0001:00003610       ?remove_color@?$TTreeHoldRB@U?$TScatterArrayNode@USCacheElem@RLibraryBinCache@std@media@modules@UModSys@@U?$TString@U?$TSCoreConst@D@su@tl@UModSys@@U?$TComparerBinaryHash@D@234@@tl@6@@tl@UModSys@@@tl@UModSys@@IAEXPAU?$TScatterArrayNode@USCacheElem@RLibraryBinCache@std@media@modules@UModSys@@U?$TString@U?$TSCoreConst@D@su@tl@UModSys@@U?$TComparerBinaryHash@D@234@@tl@6@@23@0@Z 00404610 f i umodsys_lib_libmedia:umodsys.mod.media.std.obj
 0001:00003610       ?remove_color@?$TTreeHoldRB@U?$TScatterArrayNode@USMountInfo@RLibraryBinTree@std@media@modules@UModSys@@USId@ILibraryBinTree@libmedia@6@@tl@UModSys@@@tl@UModSys@@IAEXPAU?$TScatterArrayNode@USMountInfo@RLibraryBinTree@std@media@modules@UModSys@@USId@ILibraryBinTree@libmedia@6@@23@0@Z 00404610 f i umodsys_lib_libmedia:umodsys.mod.media.std.obj
 0001:00003790       ??$t_types@URLibraryLayered@std@media@modules@UModSys@@@IGenerator@base@UModSys@@KA_NAAHAAUSUniquePtrList@core@2@PBUSUniquePointerInfo@42@@Z 00404790 f i umodsys_lib_libmedia:umodsys.mod.media.std.obj
 0001:000037e0       ??$t_types@URLibraryObjFilter@std@media@modules@UModSys@@@IGenerator@base@UModSys@@KA_NAAHAAUSUniquePtrList@core@2@PBUSUniquePointerInfo@42@@Z 004047e0 f i umodsys_lib_libmedia:umodsys.mod.media.std.obj
 0001:00003830       ??$t_types@URLibraryObjCache@std@media@modules@UModSys@@@IGenerator@base@UModSys@@KA_NAAHAAUSUniquePtrList@core@2@PBUSUniquePointerInfo@42@@Z 00404830 f i umodsys_lib_libmedia:umodsys.mod.media.std.obj
 0001:00003880       ??$t_gen_param@URLibraryBinCache@std@media@modules@UModSys@@URGenerator@2345@@IGenerator@base@UModSys@@IAE_NPAURGenerator@std@media@modules@2@AAU?$TRefObject@UIRefObject@core@UModSys@@U?$TRefObjectFunc@UIRefObject@core@UModSys@@@tl@3@@tl@2@PBUSUniquePointerInfo@core@2@ABUSParameters@core@2@@Z 00404880 f i umodsys_lib_libmedia:umodsys.mod.media.std.obj
 0001:00003900       ??$t_gen_param@URLibraryBinTree@std@media@modules@UModSys@@URGenerator@2345@@IGenerator@base@UModSys@@IAE_NPAURGenerator@std@media@modules@2@AAU?$TRefObject@UIRefObject@core@UModSys@@U?$TRefObjectFunc@UIRefObject@core@UModSys@@@tl@3@@tl@2@PBUSUniquePointerInfo@core@2@ABUSParameters@core@2@@Z 00404900 f i umodsys_lib_libmedia:umodsys.mod.media.std.obj
 0001:00003980       ??$t_gen_param@URLibraryLayered@std@media@modules@UModSys@@URGenerator@2345@@IGenerator@base@UModSys@@IAE_NPAURGenerator@std@media@modules@2@AAU?$TRefObject@UIRefObject@core@UModSys@@U?$TRefObjectFunc@UIRefObject@core@UModSys@@@tl@3@@tl@2@PBUSUniquePointerInfo@core@2@ABUSParameters@core@2@@Z 00404980 f i umodsys_lib_libmedia:umodsys.mod.media.std.obj
 0001:000039f0       ??$t_gen_param@URLibraryObjFilter@std@media@modules@UModSys@@URGenerator@2345@@IGenerator@base@UModSys@@IAE_NPAURGenerator@std@media@modules@2@AAU?$TRefObject@UIRefObject@core@UModSys@@U?$TRefObjectFunc@UIRefObject@core@UModSys@@@tl@3@@tl@2@PBUSUniquePointerInfo@core@2@ABUSParameters@core@2@@Z 004049f0 f i umodsys_lib_libmedia:umodsys.mod.media.std.obj
 0001:00003a70       ??$t_gen_param@URLibraryObjCache@std@media@modules@UModSys@@URGenerator@2345@@IGenerator@base@UModSys@@IAE_NPAURGenerator@std@media@modules@2@AAU?$TRefObject@UIRefObject@core@UModSys@@U?$TRefObjectFunc@UIRefObject@core@UModSys@@@tl@3@@tl@2@PBUSUniquePointerInfo@core@2@ABUSParameters@core@2@@Z 00404a70 f i umodsys_lib_libmedia:umodsys.mod.media.std.obj
 0001:00003af0       ??$genx_node@UCmp@?$TScatterArray@USCacheElem@RLibraryBinCache@std@media@modules@UModSys@@U?$TString@U?$TSCoreConst@D@su@tl@UModSys@@U?$TComparerBinaryHash@D@234@@tl@6@U?$TObjectCompare@U?$TString@U?$TSCoreConst@D@su@tl@UModSys@@U?$TComparerBinaryHash@D@234@@tl@UModSys@@@core@6@U?$TNodeDeleter0@U?$TScatterArrayNode@USCacheElem@RLibraryBinCache@std@media@modules@UModSys@@U?$TString@U?$TSCoreConst@D@su@tl@UModSys@@U?$TComparerBinaryHash@D@234@@tl@6@@tl@UModSys@@@86@@tl@UModSys@@UGen0@234@@?$TTreeHoldRBD@U?$TScatterArrayNode@USCacheElem@RLibraryBinCache@std@media@modules@UModSys@@U?$TString@U?$TSCoreConst@D@su@tl@UModSys@@U?$TComparerBinaryHash@D@234@@tl@6@@tl@UModSys@@U?$TNodeDeleter0@U?$TScatterArrayNode@USCacheElem@RLibraryBinCache@std@media@modules@UModSys@@U?$TString@U?$TSCoreConst@D@su@tl@UModSys@@U?$TComparerBinaryHash@D@234@@tl@6@@tl@UModSys@@@23@@tl@UModSys@@QAEPAU?$TScatterArrayNode@USCacheElem@RLibraryBinCache@std@media@modules@UModSys@@U?$TString@U?$TSCoreConst@D@su@tl@UModSys@@U?$TComparerBinaryHash@D@234@@tl@6@@12@UCmp@?$TScatterArray@USCacheElem@RLibraryBinCache@std@media@modules@UModSys@@U?$TString@U?$TSCoreConst@D@su@tl@UModSys@@U?$TComparerBinaryHash@D@234@@tl@6@U?$TObjectCompare@U?$TString@U?$TSCoreConst@D@su@tl@UModSys@@U?$TComparerBinaryHash@D@234@@tl@UModSys@@@core@6@U?$TNodeDeleter0@U?$TScatterArrayNode@USCacheElem@RLibraryBinCache@std@media@modules@UModSys@@U?$TString@U?$TSCoreConst@D@su@tl@UModSys@@U?$TComparerBinaryHash@D@234@@tl@6@@tl@UModSys@@@86@@12@ABUGen0@512@PAPAU312@2_N@Z 00404af0 f i umodsys_lib_libmedia:umodsys.mod.media.std.obj
 0001:00003be0       ??$find_node_u@UCmp@?$TScatterArray@USCacheElem@RLibraryObjCache@std@media@modules@UModSys@@U?$TString@U?$TSCoreConst@D@su@tl@UModSys@@U?$TComparerBinaryHash@D@234@@tl@6@U?$TObjectCompare@U?$TString@U?$TSCoreConst@D@su@tl@UModSys@@U?$TComparerBinaryHash@D@234@@tl@UModSys@@@core@6@U?$TNodeDeleter0@U?$TScatterArrayNode@USCacheElem@RLibraryObjCache@std@media@modules@UModSys@@U?$TString@U?$TSCoreConst@D@su@tl@UModSys@@U?$TComparerBinaryHash@D@234@@tl@6@@tl@UModSys@@@86@@tl@UModSys@@@?$TTreeHoldRB@U?$TScatterArrayNode@USCacheElem@RLibraryObjCache@std@media@modules@UModSys@@U?$TString@U?$TSCoreConst@D@su@tl@UModSys@@U?$TComparerBinaryHash@D@234@@tl@6@@tl@UModSys@@@tl@UModSys@@QBEPAU?$TScatterArrayNode@USCacheElem@RLibraryObjCache@std@media@modules@UModSys@@U?$TString@U?$TSCoreConst@D@su@tl@UModSys@@U?$TComparerBinaryHash@D@234@@tl@6@@12@UCmp@?$TScatterArray@USCacheElem@RLibraryObjCache@std@media@modules@UModSys@@U?$TString@U?$TSCoreConst@D@su@tl@UModSys@@U?$TComparerBinaryHash@D@234@@tl@6@U?$TObjectCompare@U?$TString@U?$TSCoreConst@D@su@tl@UModSys@@U?$TComparerBinaryHash@D@234@@tl@UModSys@@@core@6@U?$TNodeDeleter0@U?$TScatterArrayNode@USCacheElem@RLibraryObjCache@std@media@modules@UModSys@@U?$TString@U?$TSCoreConst@D@su@tl@UModSys@@U?$TComparerBinaryHash@D@234@@tl@6@@tl@UModSys@@@86@@12@@Z 00404be0 f i umodsys_lib_libmedia:umodsys.mod.media.std.obj
 0001:00003be0       ??$find_node_u@UCmp@?$TScatterArray@USCacheElem@RLibraryBinCache@std@media@modules@UModSys@@U?$TString@U?$TSCoreConst@D@su@tl@UModSys@@U?$TComparerBinaryHash@D@234@@tl@6@U?$TObjectCompare@U?$TString@U?$TSCoreConst@D@su@tl@UModSys@@U?$TComparerBinaryHash@D@234@@tl@UModSys@@@core@6@U?$TNodeDeleter0@U?$TScatterArrayNode@USCacheElem@RLibraryBinCache@std@media@modules@UModSys@@U?$TString@U?$TSCoreConst@D@su@tl@UModSys@@U?$TComparerBinaryHash@D@234@@tl@6@@tl@UModSys@@@86@@tl@UModSys@@@?$TTreeHoldRB@U?$TScatterArrayNode@USCacheElem@RLibraryBinCache@std@media@modules@UModSys@@U?$TString@U?$TSCoreConst@D@su@tl@UModSys@@U?$TComparerBinaryHash@D@234@@tl@6@@tl@UModSys@@@tl@UModSys@@QBEPAU?$TScatterArrayNode@USCacheElem@RLibraryBinCache@std@media@modules@UModSys@@U?$TString@U?$TSCoreConst@D@su@tl@UModSys@@U?$TComparerBinaryHash@D@234@@tl@6@@12@UCmp@?$TScatterArray@USCacheElem@RLibraryBinCache@std@media@modules@UModSys@@U?$TString@U?$TSCoreConst@D@su@tl@UModSys@@U?$TComparerBinaryHash@D@234@@tl@6@U?$TObjectCompare@U?$TString@U?$TSCoreConst@D@su@tl@UModSys@@U?$TComparerBinaryHash@D@234@@tl@UModSys@@@core@6@U?$TNodeDeleter0@U?$TScatterArrayNode@USCacheElem@RLibraryBinCache@std@media@modules@UModSys@@U?$TString@U?$TSCoreConst@D@su@tl@UModSys@@U?$TComparerBinaryHash@D@234@@tl@6@@tl@UModSys@@@86@@12@@Z 00404be0 f i umodsys_lib_libmedia:umodsys.mod.media.std.obj
 0001:00003c90       ??$genx_node@UCmp@?$TScatterArray@USMountInfo@RLibraryBinTree@std@media@modules@UModSys@@USId@ILibraryBinTree@libmedia@6@U7896@U?$TNodeDeleter0@U?$TScatterArrayNode@USMountInfo@RLibraryBinTree@std@media@modules@UModSys@@USId@ILibraryBinTree@libmedia@6@@tl@UModSys@@@tl@6@@tl@UModSys@@UGen0@234@@?$TTreeHoldRBD@U?$TScatterArrayNode@USMountInfo@RLibraryBinTree@std@media@modules@UModSys@@USId@ILibraryBinTree@libmedia@6@@tl@UModSys@@U?$TNodeDeleter0@U?$TScatterArrayNode@USMountInfo@RLibraryBinTree@std@media@modules@UModSys@@USId@ILibraryBinTree@libmedia@6@@tl@UModSys@@@23@@tl@UModSys@@QAEPAU?$TScatterArrayNode@USMountInfo@RLibraryBinTree@std@media@modules@UModSys@@USId@ILibraryBinTree@libmedia@6@@12@UCmp@?$TScatterArray@USMountInfo@RLibraryBinTree@std@media@modules@UModSys@@USId@ILibraryBinTree@libmedia@6@U7896@U?$TNodeDeleter0@U?$TScatterArrayNode@USMountInfo@RLibraryBinTree@std@media@modules@UModSys@@USId@ILibraryBinTree@libmedia@6@@tl@UModSys@@@tl@6@@12@ABUGen0@512@PAPAU312@2_N@Z 00404c90 f i umodsys_lib_libmedia:umodsys.mod.media.std.obj
 0001:00003da0       ??$find_node_u@UCmp@?$TScatterArray@USMountInfo@RLibraryBinTree@std@media@modules@UModSys@@USId@ILibraryBinTree@libmedia@6@U7896@U?$TNodeDeleter0@U?$TScatterArrayNode@USMountInfo@RLibraryBinTree@std@media@modules@UModSys@@USId@ILibraryBinTree@libmedia@6@@tl@UModSys@@@tl@6@@tl@UModSys@@@?$TTreeHoldRB@U?$TScatterArrayNode@USMountInfo@RLibraryBinTree@std@media@modules@UModSys@@USId@ILibraryBinTree@libmedia@6@@tl@UModSys@@@tl@UModSys@@QBEPAU?$TScatterArrayNode@USMountInfo@RLibraryBinTree@std@media@modules@UModSys@@USId@ILibraryBinTree@libmedia@6@@12@UCmp@?$TScatterArray@USMountInfo@RLibraryBinTree@std@media@modules@UModSys@@USId@ILibraryBinTree@libmedia@6@U7896@U?$TNodeDeleter0@U?$TScatterArrayNode@USMountInfo@RLibraryBinTree@std@media@modules@UModSys@@USId@ILibraryBinTree@libmedia@6@@tl@UModSys@@@tl@6@@12@@Z 00404da0 f i umodsys_lib_libmedia:umodsys.mod.media.std.obj
 0001:00003e80       ??$genx_node@UCmp@?$TScatterArray@USCacheElem@RLibraryObjCache@std@media@modules@UModSys@@U?$TString@U?$TSCoreConst@D@su@tl@UModSys@@U?$TComparerBinaryHash@D@234@@tl@6@U?$TObjectCompare@U?$TString@U?$TSCoreConst@D@su@tl@UModSys@@U?$TComparerBinaryHash@D@234@@tl@UModSys@@@core@6@U?$TNodeDeleter0@U?$TScatterArrayNode@USCacheElem@RLibraryObjCache@std@media@modules@UModSys@@U?$TString@U?$TSCoreConst@D@su@tl@UModSys@@U?$TComparerBinaryHash@D@234@@tl@6@@tl@UModSys@@@86@@tl@UModSys@@UGen0@234@@?$TTreeHoldRBD@U?$TScatterArrayNode@USCacheElem@RLibraryObjCache@std@media@modules@UModSys@@U?$TString@U?$TSCoreConst@D@su@tl@UModSys@@U?$TComparerBinaryHash@D@234@@tl@6@@tl@UModSys@@U?$TNodeDeleter0@U?$TScatterArrayNode@USCacheElem@RLibraryObjCache@std@media@modules@UModSys@@U?$TString@U?$TSCoreConst@D@su@tl@UModSys@@U?$TComparerBinaryHash@D@234@@tl@6@@tl@UModSys@@@23@@tl@UModSys@@QAEPAU?$TScatterArrayNode@USCacheElem@RLibraryObjCache@std@media@modules@UModSys@@U?$TString@U?$TSCoreConst@D@su@tl@UModSys@@U?$TComparerBinaryHash@D@234@@tl@6@@12@UCmp@?$TScatterArray@USCacheElem@RLibraryObjCache@std@media@modules@UModSys@@U?$TString@U?$TSCoreConst@D@su@tl@UModSys@@U?$TComparerBinaryHash@D@234@@tl@6@U?$TObjectCompare@U?$TString@U?$TSCoreConst@D@su@tl@UModSys@@U?$TComparerBinaryHash@D@234@@tl@UModSys@@@core@6@U?$TNodeDeleter0@U?$TScatterArrayNode@USCacheElem@RLibraryObjCache@std@media@modules@UModSys@@U?$TString@U?$TSCoreConst@D@su@tl@UModSys@@U?$TComparerBinaryHash@D@234@@tl@6@@tl@UModSys@@@86@@12@ABUGen0@512@PAPAU312@2_N@Z 00404e80 f i umodsys_lib_libmedia:umodsys.mod.media.std.obj
 0001:00003f70       ??$genx_node@UCmp@?$TScatterArray@USFilter@RLibraryObjFilter@std@media@modules@UModSys@@USId@23456@U723456@U?$TNodeDeleter0@U?$TScatterArrayNode@USFilter@RLibraryObjFilter@std@media@modules@UModSys@@USId@23456@@tl@UModSys@@@tl@6@@tl@UModSys@@UGen0@234@@?$TTreeHoldRBD@U?$TScatterArrayNode@USFilter@RLibraryObjFilter@std@media@modules@UModSys@@USId@23456@@tl@UModSys@@U?$TNodeDeleter0@U?$TScatterArrayNode@USFilter@RLibraryObjFilter@std@media@modules@UModSys@@USId@23456@@tl@UModSys@@@23@@tl@UModSys@@QAEPAU?$TScatterArrayNode@USFilter@RLibraryObjFilter@std@media@modules@UModSys@@USId@23456@@12@UCmp@?$TScatterArray@USFilter@RLibraryObjFilter@std@media@modules@UModSys@@USId@23456@U723456@U?$TNodeDeleter0@U?$TScatterArrayNode@USFilter@RLibraryObjFilter@std@media@modules@UModSys@@USId@23456@@tl@UModSys@@@tl@6@@12@ABUGen0@512@PAPAU312@2_N@Z 00404f70 f i umodsys_lib_libmedia:umodsys.mod.media.std.obj
 0001:00004000       ??$find_node_u@UCmp@?$TScatterArray@USFilter@RLibraryObjFilter@std@media@modules@UModSys@@USId@23456@U723456@U?$TNodeDeleter0@U?$TScatterArrayNode@USFilter@RLibraryObjFilter@std@media@modules@UModSys@@USId@23456@@tl@UModSys@@@tl@6@@tl@UModSys@@@?$TTreeHoldRB@U?$TScatterArrayNode@USFilter@RLibraryObjFilter@std@media@modules@UModSys@@USId@23456@@tl@UModSys@@@tl@UModSys@@QBEPAU?$TScatterArrayNode@USFilter@RLibraryObjFilter@std@media@modules@UModSys@@USId@23456@@12@UCmp@?$TScatterArray@USFilter@RLibraryObjFilter@std@media@modules@UModSys@@USId@23456@U723456@U?$TNodeDeleter0@U?$TScatterArrayNode@USFilter@RLibraryObjFilter@std@media@modules@UModSys@@USId@23456@@tl@UModSys@@@tl@6@@12@@Z 00405000 f i umodsys_lib_libmedia:umodsys.mod.media.std.obj
 0001:00004060       ?rotate_left@?$TTreeHoldRB@U?$TScatterArrayNode@USFilter@RLibraryObjFilter@std@media@modules@UModSys@@USId@23456@@tl@UModSys@@@tl@UModSys@@IAEXPAU?$TScatterArrayNode@USFilter@RLibraryObjFilter@std@media@modules@UModSys@@USId@23456@@23@@Z 00405060 f i umodsys_lib_libmedia:umodsys.mod.media.std.obj
 0001:00004060       ?rotate_left@?$TTreeHoldRB@U?$TScatterArrayNode@USCacheElem@RLibraryBinCache@std@media@modules@UModSys@@U?$TString@U?$TSCoreConst@D@su@tl@UModSys@@U?$TComparerBinaryHash@D@234@@tl@6@@tl@UModSys@@@tl@UModSys@@IAEXPAU?$TScatterArrayNode@USCacheElem@RLibraryBinCache@std@media@modules@UModSys@@U?$TString@U?$TSCoreConst@D@su@tl@UModSys@@U?$TComparerBinaryHash@D@234@@tl@6@@23@@Z 00405060 f i umodsys_lib_libmedia:umodsys.mod.media.std.obj
 0001:00004060       ?rotate_left@?$TTreeHoldRB@U?$TScatterArrayNode@USCacheElem@RLibraryObjCache@std@media@modules@UModSys@@U?$TString@U?$TSCoreConst@D@su@tl@UModSys@@U?$TComparerBinaryHash@D@234@@tl@6@@tl@UModSys@@@tl@UModSys@@IAEXPAU?$TScatterArrayNode@USCacheElem@RLibraryObjCache@std@media@modules@UModSys@@U?$TString@U?$TSCoreConst@D@su@tl@UModSys@@U?$TComparerBinaryHash@D@234@@tl@6@@23@@Z 00405060 f i umodsys_lib_libmedia:umodsys.mod.media.std.obj
 0001:00004060       ?rotate_left@?$TTreeHoldRB@U?$TScatterArrayNode@USMountInfo@RLibraryBinTree@std@media@modules@UModSys@@USId@ILibraryBinTree@libmedia@6@@tl@UModSys@@@tl@UModSys@@IAEXPAU?$TScatterArrayNode@USMountInfo@RLibraryBinTree@std@media@modules@UModSys@@USId@ILibraryBinTree@libmedia@6@@23@@Z 00405060 f i umodsys_lib_libmedia:umodsys.mod.media.std.obj
 0001:000040b0       ?ReLink@?$TDynarray@U?$TDynarrayHolderDynamic@USLayerX@RLibraryLayered@std@media@modules@UModSys@@U?$TAllocator@USIMemAlloc@core@UModSys@@USCountCalcPower2@23@@tl@6@@tl@UModSys@@@tl@UModSys@@IAE_NI@Z 004050b0 f i umodsys_lib_libmedia:umodsys.mod.media.std.obj
 0001:00004100       ?rotate_right@?$TTreeHoldRB@U?$TScatterArrayNode@USMountInfo@RLibraryBinTree@std@media@modules@UModSys@@USId@ILibraryBinTree@libmedia@6@@tl@UModSys@@@tl@UModSys@@IAEXPAU?$TScatterArrayNode@USMountInfo@RLibraryBinTree@std@media@modules@UModSys@@USId@ILibraryBinTree@libmedia@6@@23@@Z 00405100 f i umodsys_lib_libmedia:umodsys.mod.media.std.obj
 0001:00004100       ?rotate_right@?$TTreeHoldRB@U?$TScatterArrayNode@USCacheElem@RLibraryObjCache@std@media@modules@UModSys@@U?$TString@U?$TSCoreConst@D@su@tl@UModSys@@U?$TComparerBinaryHash@D@234@@tl@6@@tl@UModSys@@@tl@UModSys@@IAEXPAU?$TScatterArrayNode@USCacheElem@RLibraryObjCache@std@media@modules@UModSys@@U?$TString@U?$TSCoreConst@D@su@tl@UModSys@@U?$TComparerBinaryHash@D@234@@tl@6@@23@@Z 00405100 f i umodsys_lib_libmedia:umodsys.mod.media.std.obj
 0001:00004100       ?rotate_right@?$TTreeHoldRB@U?$TScatterArrayNode@USCacheElem@RLibraryBinCache@std@media@modules@UModSys@@U?$TString@U?$TSCoreConst@D@su@tl@UModSys@@U?$TComparerBinaryHash@D@234@@tl@6@@tl@UModSys@@@tl@UModSys@@IAEXPAU?$TScatterArrayNode@USCacheElem@RLibraryBinCache@std@media@modules@UModSys@@U?$TString@U?$TSCoreConst@D@su@tl@UModSys@@U?$TComparerBinaryHash@D@234@@tl@6@@23@@Z 00405100 f i umodsys_lib_libmedia:umodsys.mod.media.std.obj
 0001:00004100       ?rotate_right@?$TTreeHoldRB@U?$TScatterArrayNode@USFilter@RLibraryObjFilter@std@media@modules@UModSys@@USId@23456@@tl@UModSys@@@tl@UModSys@@IAEXPAU?$TScatterArrayNode@USFilter@RLibraryObjFilter@std@media@modules@UModSys@@USId@23456@@23@@Z 00405100 f i umodsys_lib_libmedia:umodsys.mod.media.std.obj
 0001:00004150       ?sub_insert_node@?$TTreeHoldRB@U?$TScatterArrayNode@USCacheElem@RLibraryObjCache@std@media@modules@UModSys@@U?$TString@U?$TSCoreConst@D@su@tl@UModSys@@U?$TComparerBinaryHash@D@234@@tl@6@@tl@UModSys@@@tl@UModSys@@QAEXPAU?$TScatterArrayNode@USCacheElem@RLibraryObjCache@std@media@modules@UModSys@@U?$TString@U?$TSCoreConst@D@su@tl@UModSys@@U?$TComparerBinaryHash@D@234@@tl@6@@23@0H@Z 00405150 f i umodsys_lib_libmedia:umodsys.mod.media.std.obj
 0001:00004150       ?sub_insert_node@?$TTreeHoldRB@U?$TScatterArrayNode@USCacheElem@RLibraryBinCache@std@media@modules@UModSys@@U?$TString@U?$TSCoreConst@D@su@tl@UModSys@@U?$TComparerBinaryHash@D@234@@tl@6@@tl@UModSys@@@tl@UModSys@@QAEXPAU?$TScatterArrayNode@USCacheElem@RLibraryBinCache@std@media@modules@UModSys@@U?$TString@U?$TSCoreConst@D@su@tl@UModSys@@U?$TComparerBinaryHash@D@234@@tl@6@@23@0H@Z 00405150 f i umodsys_lib_libmedia:umodsys.mod.media.std.obj
 0001:00004150       ?sub_insert_node@?$TTreeHoldRB@U?$TScatterArrayNode@USFilter@RLibraryObjFilter@std@media@modules@UModSys@@USId@23456@@tl@UModSys@@@tl@UModSys@@QAEXPAU?$TScatterArrayNode@USFilter@RLibraryObjFilter@std@media@modules@UModSys@@USId@23456@@23@0H@Z 00405150 f i umodsys_lib_libmedia:umodsys.mod.media.std.obj
 0001:00004150       ?sub_insert_node@?$TTreeHoldRB@U?$TScatterArrayNode@USMountInfo@RLibraryBinTree@std@media@modules@UModSys@@USId@ILibraryBinTree@libmedia@6@@tl@UModSys@@@tl@UModSys@@QAEXPAU?$TScatterArrayNode@USMountInfo@RLibraryBinTree@std@media@modules@UModSys@@USId@ILibraryBinTree@libmedia@6@@23@0H@Z 00405150 f i umodsys_lib_libmedia:umodsys.mod.media.std.obj
 0001:000041c0       ??RGen0@?$TScatterArray@USCacheElem@RLibraryBinCache@std@media@modules@UModSys@@U?$TString@U?$TSCoreConst@D@su@tl@UModSys@@U?$TComparerBinaryHash@D@234@@tl@6@U?$TObjectCompare@U?$TString@U?$TSCoreConst@D@su@tl@UModSys@@U?$TComparerBinaryHash@D@234@@tl@UModSys@@@core@6@U?$TNodeDeleter0@U?$TScatterArrayNode@USCacheElem@RLibraryBinCache@std@media@modules@UModSys@@U?$TString@U?$TSCoreConst@D@su@tl@UModSys@@U?$TComparerBinaryHash@D@234@@tl@6@@tl@UModSys@@@86@@tl@UModSys@@QBEPAU?$TScatterArrayNode@USCacheElem@RLibraryBinCache@std@media@modules@UModSys@@U?$TString@U?$TSCoreConst@D@su@tl@UModSys@@U?$TComparerBinaryHash@D@234@@tl@6@@23@ABUCmp@123@ABU?$TTreeHoldRBD@U?$TScatterArrayNode@USCacheElem@RLibraryBinCache@std@media@modules@UModSys@@U?$TString@U?$TSCoreConst@D@su@tl@UModSys@@U?$TComparerBinaryHash@D@234@@tl@6@@tl@UModSys@@U?$TNodeDeleter0@U?$TScatterArrayNode@USCacheElem@RLibraryBinCache@std@media@modules@UModSys@@U?$TString@U?$TSCoreConst@D@su@tl@UModSys@@U?$TComparerBinaryHash@D@234@@tl@6@@tl@UModSys@@@23@@23@@Z 004051c0 f i umodsys_lib_libmedia:umodsys.mod.media.std.obj
 0001:00004220       ??RGen0@?$TScatterArray@USMountInfo@RLibraryBinTree@std@media@modules@UModSys@@USId@ILibraryBinTree@libmedia@6@U7896@U?$TNodeDeleter0@U?$TScatterArrayNode@USMountInfo@RLibraryBinTree@std@media@modules@UModSys@@USId@ILibraryBinTree@libmedia@6@@tl@UModSys@@@tl@6@@tl@UModSys@@QBEPAU?$TScatterArrayNode@USMountInfo@RLibraryBinTree@std@media@modules@UModSys@@USId@ILibraryBinTree@libmedia@6@@23@ABUCmp@123@ABU?$TTreeHoldRBD@U?$TScatterArrayNode@USMountInfo@RLibraryBinTree@std@media@modules@UModSys@@USId@ILibraryBinTree@libmedia@6@@tl@UModSys@@U?$TNodeDeleter0@U?$TScatterArrayNode@USMountInfo@RLibraryBinTree@std@media@modules@UModSys@@USId@ILibraryBinTree@libmedia@6@@tl@UModSys@@@23@@23@@Z 00405220 f i umodsys_lib_libmedia:umodsys.mod.media.std.obj
 0001:00004280       ??RGen0@?$TScatterArray@USCacheElem@RLibraryObjCache@std@media@modules@UModSys@@U?$TString@U?$TSCoreConst@D@su@tl@UModSys@@U?$TComparerBinaryHash@D@234@@tl@6@U?$TObjectCompare@U?$TString@U?$TSCoreConst@D@su@tl@UModSys@@U?$TComparerBinaryHash@D@234@@tl@UModSys@@@core@6@U?$TNodeDeleter0@U?$TScatterArrayNode@USCacheElem@RLibraryObjCache@std@media@modules@UModSys@@U?$TString@U?$TSCoreConst@D@su@tl@UModSys@@U?$TComparerBinaryHash@D@234@@tl@6@@tl@UModSys@@@86@@tl@UModSys@@QBEPAU?$TScatterArrayNode@USCacheElem@RLibraryObjCache@std@media@modules@UModSys@@U?$TString@U?$TSCoreConst@D@su@tl@UModSys@@U?$TComparerBinaryHash@D@234@@tl@6@@23@ABUCmp@123@ABU?$TTreeHoldRBD@U?$TScatterArrayNode@USCacheElem@RLibraryObjCache@std@media@modules@UModSys@@U?$TString@U?$TSCoreConst@D@su@tl@UModSys@@U?$TComparerBinaryHash@D@234@@tl@6@@tl@UModSys@@U?$TNodeDeleter0@U?$TScatterArrayNode@USCacheElem@RLibraryObjCache@std@media@modules@UModSys@@U?$TString@U?$TSCoreConst@D@su@tl@UModSys@@U?$TComparerBinaryHash@D@234@@tl@6@@tl@UModSys@@@23@@23@@Z 00405280 f i umodsys_lib_libmedia:umodsys.mod.media.std.obj
 0001:000042e0       ??RGen0@?$TScatterArray@USFilter@RLibraryObjFilter@std@media@modules@UModSys@@USId@23456@U723456@U?$TNodeDeleter0@U?$TScatterArrayNode@USFilter@RLibraryObjFilter@std@media@modules@UModSys@@USId@23456@@tl@UModSys@@@tl@6@@tl@UModSys@@QBEPAU?$TScatterArrayNode@USFilter@RLibraryObjFilter@std@media@modules@UModSys@@USId@23456@@23@ABUCmp@123@ABU?$TTreeHoldRBD@U?$TScatterArrayNode@USFilter@RLibraryObjFilter@std@media@modules@UModSys@@USId@23456@@tl@UModSys@@U?$TNodeDeleter0@U?$TScatterArrayNode@USFilter@RLibraryObjFilter@std@media@modules@UModSys@@USId@23456@@tl@UModSys@@@23@@23@@Z 004052e0 f i umodsys_lib_libmedia:umodsys.mod.media.std.obj
 0001:00004350       ??1?$TRefObject@UIModObject@base@UModSys@@U?$TModObjectFunc@UIModObject@base@UModSys@@@tl@3@@tl@UModSys@@QAE@XZ 00405350 f i umodsys_lib_libmedia:umodsys.mod.media.std.obj
 0001:00004370       ?amoveright@?$TTypeConstructor@USLayerX@RLibraryLayered@std@media@modules@UModSys@@@tl@UModSys@@SAXPAUSLayerX@RLibraryLayered@std@media@modules@3@III@Z 00405370 f i umodsys_lib_libmedia:umodsys.mod.media.std.obj
 0001:000043f0       ?amoveleft@?$TTypeConstructor@USLayerX@RLibraryLayered@std@media@modules@UModSys@@@tl@UModSys@@SAXPAUSLayerX@RLibraryLayered@std@media@modules@3@III@Z 004053f0 f i umodsys_lib_libmedia:umodsys.mod.media.std.obj
 0001:00004470       ??0SLayerX@RLibraryLayered@std@media@modules@UModSys@@QAE@ABU012345@@Z 00405470 f i umodsys_lib_libmedia:umodsys.mod.media.std.obj
 0001:00004530       ??1SLayerX@RLibraryLayered@std@media@modules@UModSys@@QAE@XZ 00405530 f i umodsys_lib_libmedia:umodsys.mod.media.std.obj
 0001:000045c0       ??0?$TScatterArrayNode@USCacheElem@RLibraryBinCache@std@media@modules@UModSys@@U?$TString@U?$TSCoreConst@D@su@tl@UModSys@@U?$TComparerBinaryHash@D@234@@tl@6@@tl@UModSys@@QAE@ABU?$TString@U?$TSCoreConst@D@su@tl@UModSys@@U?$TComparerBinaryHash@D@234@@12@@Z 004055c0 f i umodsys_lib_libmedia:umodsys.mod.media.std.obj
 0001:00004650       ??0?$TScatterArrayNode@USMountInfo@RLibraryBinTree@std@media@modules@UModSys@@USId@ILibraryBinTree@libmedia@6@@tl@UModSys@@QAE@ABUSId@ILibraryBinTree@libmedia@2@@Z 00405650 f i umodsys_lib_libmedia:umodsys.mod.media.std.obj
 0001:000046f0       ??0?$TScatterArrayNode@USCacheElem@RLibraryObjCache@std@media@modules@UModSys@@U?$TString@U?$TSCoreConst@D@su@tl@UModSys@@U?$TComparerBinaryHash@D@234@@tl@6@@tl@UModSys@@QAE@ABU?$TString@U?$TSCoreConst@D@su@tl@UModSys@@U?$TComparerBinaryHash@D@234@@12@@Z 004056f0 f i umodsys_lib_libmedia:umodsys.mod.media.std.obj
 0001:00004780       ?aconstruct@?$TTypeConstructor@USLayerX@RLibraryLayered@std@media@modules@UModSys@@@tl@UModSys@@SAXPAUSLayerX@RLibraryLayered@std@media@modules@3@I@Z 00405780 f i umodsys_lib_libmedia:umodsys.mod.media.std.obj
 0001:00004800       ??0SMountInfo@RLibraryBinTree@std@media@modules@UModSys@@QAE@ABU012345@@Z 00405800 f i umodsys_lib_libmedia:umodsys.mod.media.std.obj
 0001:000048a0       ??0SCacheElem@RLibraryBinCache@std@media@modules@UModSys@@QAE@ABU012345@@Z 004058a0 f i umodsys_lib_libmedia:umodsys.mod.media.std.obj
[...]
 0001:0000db78       __ehhandler$?objcache_add@RLibraryObjCache@std@media@modules@UModSys@@UAE_NABU?$TString@U?$TSCoreConst@D@su@tl@UModSys@@U?$TComparerBinaryHash@D@234@@tl@5@PAUIRefObject@core@5@@Z 0040eb78 f    CIL library: CIL module
 0001:0000db78       __ehhandler$?bincache_add@RLibraryBinCache@std@media@modules@UModSys@@QAE_NABU?$TString@U?$TSCoreConst@D@su@tl@UModSys@@U?$TComparerBinaryHash@D@234@@tl@5@ABUSCMemShared@core@5@_N@Z 0040eb78 f    CIL library: CIL module
 0001:0000db90       __unwindfunclet$?mount_add@RLibraryBinTree@std@media@modules@UModSys@@UAE_NABUSId@ILibraryBinTree@libmedia@5@ABUSPoint@785@@Z$0 0040eb90 f    CIL library: CIL module
 0001:0000db98       __ehhandler$?mount_add@RLibraryBinTree@std@media@modules@UModSys@@UAE_NABUSId@ILibraryBinTree@libmedia@5@ABUSPoint@785@@Z 0040eb98 f    CIL library: CIL module
 0001:0000dbb0       __unwindfunclet$?bincache_add@RLibraryBinCache@std@media@modules@UModSys@@UAE_NABU?$TString@U?$TSCoreConst@D@su@tl@UModSys@@U?$TComparerBinaryHash@D@234@@tl@5@@Z$0 0040ebb0 f    CIL library: CIL module
 0001:0000dbb8       __ehhandler$?bincache_add@RLibraryBinCache@std@media@modules@UModSys@@UAE_NABU?$TString@U?$TSCoreConst@D@su@tl@UModSys@@U?$TComparerBinaryHash@D@234@@tl@5@@Z 0040ebb8 f    CIL library: CIL module
 0001:0000dbd0       __unwindfunclet$?mem_free@?$TRMemAlloc_CC@U?$TMemAllocHeader@USMagic@mem_headers@rsystem@base@UModSys@@U?$TPool@X@2345@USDebug@2345@UVoid@core@5@U895@@rsystem@base@UModSys@@USMemAlloc_Malloc@core@4@@rsystem@base@UModSys@@UAEXPAXPBUSSourceContext@core@4@@Z$0 0040ebd0 f    CIL library: CIL module
 0001:0000dbd8       __ehhandler$?mem_free@?$TRMemAlloc_CC@U?$TMemAllocHeader@USMagic@mem_headers@rsystem@base@UModSys@@U?$TPool@X@2345@USDebug@2345@UVoid@core@5@U895@@rsystem@base@UModSys@@USMemAlloc_Malloc@core@4@@rsystem@base@UModSys@@UAEXPAXPBUSSourceContext@core@4@@Z 0040ebd8 f    CIL library: CIL module
 0001:0000dbf0       __unwindfunclet$?mem_realloc@?$TRMemAlloc_CC@U?$TMemAllocHeader@USMagic@mem_headers@rsystem@base@UModSys@@U?$TPool@X@2345@USDebug@2345@UVoid@core@5@U895@@rsystem@base@UModSys@@USMemAlloc_Malloc@core@4@@rsystem@base@UModSys@@UAEPAXPAXIPBUSSourceContext@core@4@@Z$0 0040ebf0 f    CIL library: CIL module
 0001:0000dbf8       __unwindfunclet$?mem_realloc@?$TRMemAlloc_CC@U?$TMemAllocHeader@USMagic@mem_headers@rsystem@base@UModSys@@U?$TPool@X@2345@USDebug@2345@UVoid@core@5@U895@@rsystem@base@UModSys@@USMemAlloc_Malloc@core@4@@rsystem@base@UModSys@@UAEPAXPAXIPBUSSourceContext@core@4@@Z$1 0040ebf8 f    CIL library: CIL module
 0001:0000dc00       __ehhandler$?mem_realloc@?$TRMemAlloc_CC@U?$TMemAllocHeader@USMagic@mem_headers@rsystem@base@UModSys@@U?$TPool@X@2345@USDebug@2345@UVoid@core@5@U895@@rsystem@base@UModSys@@USMemAlloc_Malloc@core@4@@rsystem@base@UModSys@@UAEPAXPAXIPBUSSourceContext@core@4@@Z 0040ec00 f    CIL library: CIL module
 0001:0000dc10       ??__E?s_id@?$TObjectUniqueID@UIRoot@core@UModSys@@@tl@UModSys@@2USUniquePointer@core@3@A@@YAXXZ 0040ec10 f    CIL library: CIL module
 0001:0000dc40       ??__E?s_id@?$TObjectUniqueID@UIRefObject@core@UModSys@@@tl@UModSys@@2USUniquePointer@core@3@A@@YAXXZ 0040ec40 f    CIL library: CIL module
 0001:0000dc70       ??__E?s_id@?$TObjectUniqueID@UIParameters@core@UModSys@@@tl@UModSys@@2USUniquePointer@core@3@A@@YAXXZ 0040ec70 f    CIL library: CIL module
 0001:0000dca0       ??__E?s_id@?$TObjectUniqueID@UIModule@base@UModSys@@@tl@UModSys@@2USUniquePointer@core@3@A@@YAXXZ 0040eca0 f    CIL library: CIL module
 0001:0000dcd0       ??__E?s_id@?$TObjectUniqueID@UIModuleLibrary@base@UModSys@@@tl@UModSys@@2USUniquePointer@core@3@A@@YAXXZ 0040ecd0 f    CIL library: CIL module
 0001:0000dd00       ??__E?s_id@?$TObjectUniqueID@UIModObject@base@UModSys@@@tl@UModSys@@2USUniquePointer@core@3@A@@YAXXZ 0040ed00 f    CIL library: CIL module
 0001:0000dd30       ??__E?s_id@?$TObjectUniqueID@UIGenerator@base@UModSys@@@tl@UModSys@@2USUniquePointer@core@3@A@@YAXXZ 0040ed30 f    CIL library: CIL module
 0001:0000dd60       ??__E?s_id@?$TObjectUniqueID@UIShell@base@UModSys@@@tl@UModSys@@2USUniquePointer@core@3@A@@YAXXZ 0040ed60 f    CIL library: CIL module
 0001:0000dd90       ??__E?s_id@?$TObjectUniqueID@UIConsole@base@UModSys@@@tl@UModSys@@2USUniquePointer@core@3@A@@YAXXZ 0040ed90 f    CIL library: CIL module
 0001:0000ddc0       ??__E?s_id@?$TObjectUniqueID@UISystem@base@UModSys@@@tl@UModSys@@2USUniquePointer@core@3@A@@YAXXZ 0040edc0 f    CIL library: CIL module
 0001:0000ddf0       ??__E?s_id@?$TObjectUniqueID@URModule@rsystem@base@UModSys@@@tl@UModSys@@2USUniquePointer@core@3@A@@YAXXZ 0040edf0 f    CIL library: CIL module
 0001:0000de20       ??__E?s_id@?$TObjectUniqueID@UIModuleLibraryUni@rsystem@base@UModSys@@@tl@UModSys@@2USUniquePointer@core@3@A@@YAXXZ 0040ee20 f    CIL library: CIL module
 0001:0000de50       ??__E?s_id@?$TObjectUniqueID@URModuleLibrarySO@rsystem@base@UModSys@@@tl@UModSys@@2USUniquePointer@core@3@A@@YAXXZ 0040ee50 f    CIL library: CIL module
 0001:0000de80       ??__E?s_id@?$TObjectUniqueID@URModuleLibraryThis@rsystem@base@UModSys@@@tl@UModSys@@2USUniquePointer@core@3@A@@YAXXZ 0040ee80 f    CIL library: CIL module
 0001:0000deb0       ??__E?s_id@?$TObjectUniqueID@URParameters@rsystem@base@UModSys@@@tl@UModSys@@2USUniquePointer@core@3@A@@YAXXZ 0040eeb0 f    CIL library: CIL module
 0001:0000dee0       ??__E?s_id@?$TObjectUniqueID@URSystem@rsystem@base@UModSys@@@tl@UModSys@@2USUniquePointer@core@3@A@@YAXXZ 0040eee0 f    CIL library: CIL module
 0001:0000df10       ??__E?s_id@?$TObjectUniqueID@URConsole_std@rsystem@base@UModSys@@@tl@UModSys@@2USUniquePointer@core@3@A@@YAXXZ 0040ef10 f    CIL library: CIL module
 0001:0000df40       ??__E?s_modreg@RModuleReg@std@media@modules@UModSys@@2U12345@A@@YAXXZ 0040ef40 f    CIL library: CIL module
 0001:0000df70       ??__E?s_modreg_chain@RModuleReg@std@media@modules@UModSys@@2USModuleRegChain@base@5@A@@YAXXZ 0040ef70 f    CIL library: CIL module
 0001:0000df90       ??__E?s_uid@RGenerator@std@media@modules@UModSys@@2USUniquePointer@core@5@A@@YAXXZ 0040ef90 f    CIL library: CIL module
 0001:0000dfc0       ??__E?s_id@?$TObjectUniqueID@UIStreamReader@libmedia@UModSys@@@tl@UModSys@@2USUniquePointer@core@3@A@@YAXXZ 0040efc0 f    CIL library: CIL module
 0001:0000e000       ??__E?s_id@?$TObjectUniqueID@UIStreamWriter@libmedia@UModSys@@@tl@UModSys@@2USUniquePointer@core@3@A@@YAXXZ 0040f000 f    CIL library: CIL module
 0001:0000e030       ??__E?s_id@?$TObjectUniqueID@UITextReader@libmedia@UModSys@@@tl@UModSys@@2USUniquePointer@core@3@A@@YAXXZ 0040f030 f    CIL library: CIL module
 0001:0000e060       ??__E?s_id@?$TObjectUniqueID@UITextWriter@libmedia@UModSys@@@tl@UModSys@@2USUniquePointer@core@3@A@@YAXXZ 0040f060 f    CIL library: CIL module
 0001:0000e090       ??__E?s_id@?$TObjectUniqueID@UIBinArchive@libmedia@UModSys@@@tl@UModSys@@2USUniquePointer@core@3@A@@YAXXZ 0040f090 f    CIL library: CIL module
 0001:0000e0c0       ??__E?s_id@?$TObjectUniqueID@UIBinObjFilter@libmedia@UModSys@@@tl@UModSys@@2USUniquePointer@core@3@A@@YAXXZ 0040f0c0 f    CIL library: CIL module
 0001:0000e0f0       ??__E?s_id@?$TObjectUniqueID@UILibrary@libmedia@UModSys@@@tl@UModSys@@2USUniquePointer@core@3@A@@YAXXZ 0040f0f0 f    CIL library: CIL module
 0001:0000e120       ??__E?s_id@?$TObjectUniqueID@UILibraryBinTree@libmedia@UModSys@@@tl@UModSys@@2USUniquePointer@core@3@A@@YAXXZ 0040f120 f    CIL library: CIL module
 0001:0000e150       ??__E?s_id@?$TObjectUniqueID@UILibraryBinCache@libmedia@UModSys@@@tl@UModSys@@2USUniquePointer@core@3@A@@YAXXZ 0040f150 f    CIL library: CIL module
 0001:0000e180       ??__E?s_id@?$TObjectUniqueID@UILibraryObjFilter@libmedia@UModSys@@@tl@UModSys@@2USUniquePointer@core@3@A@@YAXXZ 0040f180 f    CIL library: CIL module
 0001:0000e1b0       ??__E?s_id@?$TObjectUniqueID@UILibraryObjCache@libmedia@UModSys@@@tl@UModSys@@2USUniquePointer@core@3@A@@YAXXZ 0040f1b0 f    CIL library: CIL module
 0001:0000e1e0       ??__E?s_id@?$TObjectUniqueID@UILibraryLayered@libmedia@UModSys@@@tl@UModSys@@2USUniquePointer@core@3@A@@YAXXZ 0040f1e0 f    CIL library: CIL module
 0001:0000e210       ??__E?s_id@?$TObjectUniqueID@URLibraryBinCache@std@media@modules@UModSys@@@tl@UModSys@@2USUniquePointer@core@3@A@@YAXXZ 0040f210 f    CIL library: CIL module
 0001:0000e240       ??__E?s_id@?$TObjectUniqueID@URLibraryBinTree@std@media@modules@UModSys@@@tl@UModSys@@2USUniquePointer@core@3@A@@YAXXZ 0040f240 f    CIL library: CIL module
 0001:0000e270       ??__E?s_id@?$TObjectUniqueID@URLibraryLayered@std@media@modules@UModSys@@@tl@UModSys@@2USUniquePointer@core@3@A@@YAXXZ 0040f270 f    CIL library: CIL module
 0001:0000e2a0       ??__E?s_id@?$TObjectUniqueID@URLibraryObjCache@std@media@modules@UModSys@@@tl@UModSys@@2USUniquePointer@core@3@A@@YAXXZ 0040f2a0 f    CIL library: CIL module
 0001:0000e2d0       ??__E?s_id@?$TObjectUniqueID@URLibraryObjFilter@std@media@modules@UModSys@@@tl@UModSys@@2USUniquePointer@core@3@A@@YAXXZ 0040f2d0 f    CIL library: CIL module
 0001:0000e300       ??__E?s_id@?$TObjectUniqueID@URGenerator@std@media@modules@UModSys@@@tl@UModSys@@2USUniquePointer@core@3@A@@YAXXZ 0040f300 f    CIL library: CIL module
 0001:0000e330       ??__E?s_modreg@RModuleReg@stdio@media@modules@UModSys@@2U12345@A@@YAXXZ 0040f330 f    CIL library: CIL module
 0001:0000e360       ??__E?s_modreg_chain@RModuleReg@stdio@media@modules@UModSys@@2USModuleRegChain@base@5@A@@YAXXZ 0040f360 f    CIL library: CIL module
 0001:0000e380       ??__E?s_uid@RGenerator@stdio@media@modules@UModSys@@2USUniquePointer@core@5@A@@YAXXZ 0040f380 f    CIL library: CIL module
 0001:0000e3b0       ??__E?s_id@?$TObjectUniqueID@URStreamReader_FILE@stdio@media@modules@UModSys@@@tl@UModSys@@2USUniquePointer@core@3@A@@YAXXZ 0040f3b0 f    CIL library: CIL module
 0001:0000e3e0       ??__E?s_id@?$TObjectUniqueID@URStreamWriter_FILE@stdio@media@modules@UModSys@@@tl@UModSys@@2USUniquePointer@core@3@A@@YAXXZ 0040f3e0 f    CIL library: CIL module
 0001:0000e410       ??__E?s_id@?$TObjectUniqueID@URDataArchiver_OsDir@stdio@media@modules@UModSys@@@tl@UModSys@@2USUniquePointer@core@3@A@@YAXXZ 0040f410 f    CIL library: CIL module
 0001:0000e440       ??__E?s_id@?$TObjectUniqueID@URGenerator@stdio@media@modules@UModSys@@@tl@UModSys@@2USUniquePointer@core@3@A@@YAXXZ 0040f440 f    CIL library: CIL module
 0001:0000e470       ??__E?s_console@RConsole_std@rsystem@base@UModSys@@2U1234@A@@YAXXZ 0040f470 f    CIL library: CIL module
 0001:0000e490       ??__E?s_sys@RSystem@rsystem@base@UModSys@@2U1234@A@@YAXXZ 0040f490 f    CIL library: CIL module
 0001:0000e4b0       ??__Ersys_dbg@rsystem@base@UModSys@@YAXXZ 0040f4b0 f    CIL library: CIL module
 0001:0000e4d0       ??__EM@UModSys@@YAXXZ      0040f4d0 f    CIL library: CIL module
 0001:0000e4f0       ??__E?root@SModuleRegChain@base@UModSys@@2U123@A@@YAXXZ 0040f4f0 f    CIL library: CIL module
 0001:0000e510       ??__E?s_library@RModuleLibraryReg_Chain@base@UModSys@@2U123@A@@YAXXZ 0040f510 f    CIL library: CIL module
 0001:0000e530       ??__E?root@SUniquePointer@core@UModSys@@2U123@A@@YAXXZ 0040f530 f    CIL library: CIL module
 0001:0000e550       ??__F?s_id@?$TObjectUniqueID@URConsole_std@rsystem@base@UModSys@@@tl@UModSys@@2USUniquePointer@core@3@A@@YAXXZ 0040f550 f    CIL library: CIL module
 0001:0000e560       ??__F?s_id@?$TObjectUniqueID@URSystem@rsystem@base@UModSys@@@tl@UModSys@@2USUniquePointer@core@3@A@@YAXXZ 0040f560 f    CIL library: CIL module
 0001:0000e570       ??__F?s_id@?$TObjectUniqueID@URParameters@rsystem@base@UModSys@@@tl@UModSys@@2USUniquePointer@core@3@A@@YAXXZ 0040f570 f    CIL library: CIL module
 0001:0000e580       ??__F?s_id@?$TObjectUniqueID@URModuleLibraryThis@rsystem@base@UModSys@@@tl@UModSys@@2USUniquePointer@core@3@A@@YAXXZ 0040f580 f    CIL library: CIL module
 0001:0000e590       ??__F?s_id@?$TObjectUniqueID@URModuleLibrarySO@rsystem@base@UModSys@@@tl@UModSys@@2USUniquePointer@core@3@A@@YAXXZ 0040f590 f    CIL library: CIL module
 0001:0000e5a0       ??__F?s_id@?$TObjectUniqueID@UIModuleLibraryUni@rsystem@base@UModSys@@@tl@UModSys@@2USUniquePointer@core@3@A@@YAXXZ 0040f5a0 f    CIL library: CIL module
 0001:0000e5b0       ??__F?s_id@?$TObjectUniqueID@URModule@rsystem@base@UModSys@@@tl@UModSys@@2USUniquePointer@core@3@A@@YAXXZ 0040f5b0 f    CIL library: CIL module
 0001:0000e5c0       ??__F?s_id@?$TObjectUniqueID@UISystem@base@UModSys@@@tl@UModSys@@2USUniquePointer@core@3@A@@YAXXZ 0040f5c0 f    CIL library: CIL module
 0001:0000e5d0       ??__F?s_id@?$TObjectUniqueID@UIConsole@base@UModSys@@@tl@UModSys@@2USUniquePointer@core@3@A@@YAXXZ 0040f5d0 f    CIL library: CIL module
 0001:0000e5e0       ??__F?s_id@?$TObjectUniqueID@UIShell@base@UModSys@@@tl@UModSys@@2USUniquePointer@core@3@A@@YAXXZ 0040f5e0 f    CIL library: CIL module
 0001:0000e5f0       ??__F?s_id@?$TObjectUniqueID@UIGenerator@base@UModSys@@@tl@UModSys@@2USUniquePointer@core@3@A@@YAXXZ 0040f5f0 f    CIL library: CIL module
 0001:0000e600       ??__F?s_id@?$TObjectUniqueID@UIModObject@base@UModSys@@@tl@UModSys@@2USUniquePointer@core@3@A@@YAXXZ 0040f600 f    CIL library: CIL module
 0001:0000e610       ??__F?s_id@?$TObjectUniqueID@UIModuleLibrary@base@UModSys@@@tl@UModSys@@2USUniquePointer@core@3@A@@YAXXZ 0040f610 f    CIL library: CIL module
 0001:0000e620       ??__F?s_id@?$TObjectUniqueID@UIModule@base@UModSys@@@tl@UModSys@@2USUniquePointer@core@3@A@@YAXXZ 0040f620 f    CIL library: CIL module
 0001:0000e630       ??__F?s_id@?$TObjectUniqueID@UIParameters@core@UModSys@@@tl@UModSys@@2USUniquePointer@core@3@A@@YAXXZ 0040f630 f    CIL library: CIL module
 0001:0000e640       ??__F?s_id@?$TObjectUniqueID@UIRefObject@core@UModSys@@@tl@UModSys@@2USUniquePointer@core@3@A@@YAXXZ 0040f640 f    CIL library: CIL module
 0001:0000e650       ??__F?s_id@?$TObjectUniqueID@UIRoot@core@UModSys@@@tl@UModSys@@2USUniquePointer@core@3@A@@YAXXZ 0040f650 f    CIL library: CIL module
 0001:0000e660       ??__F?s_modreg@RModuleReg@std@media@modules@UModSys@@2U12345@A@@YAXXZ 0040f660 f    CIL library: CIL module
 0001:0000e680       ??__F?s_modreg_chain@RModuleReg@std@media@modules@UModSys@@2USModuleRegChain@base@5@A@@YAXXZ 0040f680 f    CIL library: CIL module
 0001:0000e690       ??__F?s_uid@RGenerator@std@media@modules@UModSys@@2USUniquePointer@core@5@A@@YAXXZ 0040f690 f    CIL library: CIL module
 0001:0000e6a0       ??__Fh@?1??s_holder@RGenerator@std@media@modules@UModSys@@SAAAU?$TTypeStaticHolder@URGenerator@std@media@modules@UModSys@@@tl@5@XZ@YAXXZ 0040f6a0 f    CIL library: CIL module
 0001:0000e6c0       ??__F?s_id@?$TObjectUniqueID@URGenerator@std@media@modules@UModSys@@@tl@UModSys@@2USUniquePointer@core@3@A@@YAXXZ 0040f6c0 f    CIL library: CIL module
 0001:0000e6d0       ??__F?s_id@?$TObjectUniqueID@URLibraryObjFilter@std@media@modules@UModSys@@@tl@UModSys@@2USUniquePointer@core@3@A@@YAXXZ 0040f6d0 f    CIL library: CIL module
 0001:0000e6e0       ??__F?s_id@?$TObjectUniqueID@URLibraryObjCache@std@media@modules@UModSys@@@tl@UModSys@@2USUniquePointer@core@3@A@@YAXXZ 0040f6e0 f    CIL library: CIL module
 0001:0000e6f0       ??__F?s_id@?$TObjectUniqueID@URLibraryLayered@std@media@modules@UModSys@@@tl@UModSys@@2USUniquePointer@core@3@A@@YAXXZ 0040f6f0 f    CIL library: CIL module
 0001:0000e700       ??__F?s_id@?$TObjectUniqueID@URLibraryBinTree@std@media@modules@UModSys@@@tl@UModSys@@2USUniquePointer@core@3@A@@YAXXZ 0040f700 f    CIL library: CIL module
 0001:0000e710       ??__F?s_id@?$TObjectUniqueID@URLibraryBinCache@std@media@modules@UModSys@@@tl@UModSys@@2USUniquePointer@core@3@A@@YAXXZ 0040f710 f    CIL library: CIL module
 0001:0000e720       ??__F?s_id@?$TObjectUniqueID@UILibraryLayered@libmedia@UModSys@@@tl@UModSys@@2USUniquePointer@core@3@A@@YAXXZ 0040f720 f    CIL library: CIL module
 0001:0000e730       ??__F?s_id@?$TObjectUniqueID@UILibraryObjCache@libmedia@UModSys@@@tl@UModSys@@2USUniquePointer@core@3@A@@YAXXZ 0040f730 f    CIL library: CIL module
 0001:0000e740       ??__F?s_id@?$TObjectUniqueID@UILibraryObjFilter@libmedia@UModSys@@@tl@UModSys@@2USUniquePointer@core@3@A@@YAXXZ 0040f740 f    CIL library: CIL module
 0001:0000e750       ??__F?s_id@?$TObjectUniqueID@UILibraryBinCache@libmedia@UModSys@@@tl@UModSys@@2USUniquePointer@core@3@A@@YAXXZ 0040f750 f    CIL library: CIL module
 0001:0000e760       ??__F?s_id@?$TObjectUniqueID@UILibraryBinTree@libmedia@UModSys@@@tl@UModSys@@2USUniquePointer@core@3@A@@YAXXZ 0040f760 f    CIL library: CIL module
 0001:0000e770       ??__F?s_id@?$TObjectUniqueID@UILibrary@libmedia@UModSys@@@tl@UModSys@@2USUniquePointer@core@3@A@@YAXXZ 0040f770 f    CIL library: CIL module
 0001:0000e780       ??__F?s_id@?$TObjectUniqueID@UIBinObjFilter@libmedia@UModSys@@@tl@UModSys@@2USUniquePointer@core@3@A@@YAXXZ 0040f780 f    CIL library: CIL module
 0001:0000e790       ??__F?s_id@?$TObjectUniqueID@UIBinArchive@libmedia@UModSys@@@tl@UModSys@@2USUniquePointer@core@3@A@@YAXXZ 0040f790 f    CIL library: CIL module
 0001:0000e7a0       ??__F?s_id@?$TObjectUniqueID@UITextWriter@libmedia@UModSys@@@tl@UModSys@@2USUniquePointer@core@3@A@@YAXXZ 0040f7a0 f    CIL library: CIL module
 0001:0000e7b0       ??__F?s_id@?$TObjectUniqueID@UITextReader@libmedia@UModSys@@@tl@UModSys@@2USUniquePointer@core@3@A@@YAXXZ 0040f7b0 f    CIL library: CIL module
 0001:0000e7c0       ??__F?s_id@?$TObjectUniqueID@UIStreamWriter@libmedia@UModSys@@@tl@UModSys@@2USUniquePointer@core@3@A@@YAXXZ 0040f7c0 f    CIL library: CIL module
 0001:0000e7d0       ??__F?s_id@?$TObjectUniqueID@UIStreamReader@libmedia@UModSys@@@tl@UModSys@@2USUniquePointer@core@3@A@@YAXXZ 0040f7d0 f    CIL library: CIL module
 0001:0000e7e0       ??__F?s_modreg@RModuleReg@stdio@media@modules@UModSys@@2U12345@A@@YAXXZ 0040f7e0 f    CIL library: CIL module
 0001:0000e800       ??__F?s_modreg_chain@RModuleReg@stdio@media@modules@UModSys@@2USModuleRegChain@base@5@A@@YAXXZ 0040f800 f    CIL library: CIL module
 0001:0000e810       ??__F?s_uid@RGenerator@stdio@media@modules@UModSys@@2USUniquePointer@core@5@A@@YAXXZ 0040f810 f    CIL library: CIL module
 0001:0000e820       ??__Fh@?1??s_holder@RGenerator@stdio@media@modules@UModSys@@SAAAU?$TTypeStaticHolder@URGenerator@stdio@media@modules@UModSys@@@tl@5@XZ@YAXXZ 0040f820 f    CIL library: CIL module
 0001:0000e840       ??__F?s_id@?$TObjectUniqueID@URGenerator@stdio@media@modules@UModSys@@@tl@UModSys@@2USUniquePointer@core@3@A@@YAXXZ 0040f840 f    CIL library: CIL module
 0001:0000e850       ??__F?s_id@?$TObjectUniqueID@URDataArchiver_OsDir@stdio@media@modules@UModSys@@@tl@UModSys@@2USUniquePointer@core@3@A@@YAXXZ 0040f850 f    CIL library: CIL module
 0001:0000e860       ??__F?s_id@?$TObjectUniqueID@URStreamWriter_FILE@stdio@media@modules@UModSys@@@tl@UModSys@@2USUniquePointer@core@3@A@@YAXXZ 0040f860 f    CIL library: CIL module
 0001:0000e870       ??__F?s_id@?$TObjectUniqueID@URStreamReader_FILE@stdio@media@modules@UModSys@@@tl@UModSys@@2USUniquePointer@core@3@A@@YAXXZ 0040f870 f    CIL library: CIL module
 0001:0000e880       ??__F?s_console@RConsole_std@rsystem@base@UModSys@@2U1234@A@@YAXXZ 0040f880 f    CIL library: CIL module
 0001:0000e890       ??__F?s_sys@RSystem@rsystem@base@UModSys@@2U1234@A@@YAXXZ 0040f890 f    CIL library: CIL module
 0001:0000e8a0       ??__Frsys_dbg@rsystem@base@UModSys@@YAXXZ 0040f8a0 f    CIL library: CIL module
 0001:0000e8b0       ??__FM@UModSys@@YAXXZ      0040f8b0 f    CIL library: CIL module
 0001:0000e8c0       ??__F?root@SModuleRegChain@base@UModSys@@2U123@A@@YAXXZ 0040f8c0 f    CIL library: CIL module
 0001:0000e8d0       ??__F?s_library@RModuleLibraryReg_Chain@base@UModSys@@2U123@A@@YAXXZ 0040f8d0 f    CIL library: CIL module
 0001:0000e8e0       ??__F?root@SUniquePointer@core@UModSys@@2U123@A@@YAXXZ 0040f8e0 f    CIL library: CIL module

 Exports

  ordinal    name

        1    _UModSys_Plugin_Entry2@0
