 umodsysc

 Timestamp is 5266a027 (Tue Oct 22 18:56:23 2013)

 Preferred load address is 00400000

 Start         Length     Name                   Class
 0001:00000000 0000a4f0H .text                   CODE
 0001:0000a4f0 0000037aH .text$x                 CODE
 0001:0000a870 00000801H .text$yc                CODE
 0001:0000b080 0000033aH .text$yd                CODE
 0002:00000000 00000154H .idata$5                DATA
 0002:00000154 00000004H .CRT$XCA                DATA
 0002:00000158 00000004H .CRT$XCAA               DATA
 0002:0000015c 000001a8H .CRT$XCU                DATA
 0002:00000304 00000004H .CRT$XCZ                DATA
 0002:00000308 00000004H .CRT$XIA                DATA
 0002:0000030c 00000004H .CRT$XIAA               DATA
 0002:00000310 00000004H .CRT$XIY                DATA
 0002:00000314 00000004H .CRT$XIZ                DATA
 0002:00000318 000015d0H .rdata                  DATA
 0002:000018e8 00000e18H .rdata$r                DATA
 0002:00002700 0000006cH .rdata$sxdata           DATA
 0002:0000276c 00000004H .rtc$IAA                DATA
 0002:00002770 00000004H .rtc$IZZ                DATA
 0002:00002774 00000004H .rtc$TAA                DATA
 0002:00002778 00000004H .rtc$TZZ                DATA
 0002:00002780 00000620H .xdata$x                DATA
 0002:00002da0 00000028H .idata$2                DATA
 0002:00002dc8 00000014H .idata$3                DATA
 0002:00002ddc 00000154H .idata$4                DATA
 0002:00002f30 00000554H .idata$6                DATA
 0002:00003490 00000058H .edata                  DATA
 0003:00000000 000009d0H .data                   DATA
 0003:000009d0 000028a8H .bss                    DATA

  Address         Publics by Value              Rva+Base       Lib:Object

 0000:00000000       __except_list              00000000     <absolute>
 0000:0000001b       ___safe_se_handler_count   0000001b     <absolute>
 0000:00009876       __ldused                   00009876     <absolute>
 0000:00009876       __fltused                  00009876     <absolute>
 0000:00000000       ___ImageBase               00400000     <linker-defined>
 0001:00000000       ??$shash@D@su@tl@UModSys@@YAHPBDI@Z 00401000 f i umodsys.c_main.obj
 0001:00000030       ??3IRoot@core@UModSys@@SAXPAXABUSIMemAlloc@12@@Z 00401030 f i umodsys_lib_libmedia:umodsys.mod.media.std.obj
 0001:00000040       ??1?$TSCoreShared@USIMemAlloc@core@UModSys@@D@su@tl@UModSys@@QAE@XZ 00401040 f i umodsys_lib_libmedia:umodsys.mod.media.std.obj
 0001:00000040       ??1?$TString@U?$TSCoreShared@USIMemAlloc@core@UModSys@@D@su@tl@UModSys@@U?$TComparerBinaryHash@D@234@@tl@UModSys@@QAE@XZ 00401040 f i umodsys_lib_libmedia:umodsys.mod.media.std.obj
 0001:00000080       ?get_interface_info@RLibraryBinCache@std@media@modules@UModSys@@UBEABUSUniquePointerInfo@core@5@XZ 00401080 f i umodsys_lib_libmedia:umodsys.mod.media.std.obj
 0001:00000090       ?get_interface_type@RLibraryBinCache@std@media@modules@UModSys@@UBEPBUSUniquePointerInfo@core@5@XZ 00401090 f i umodsys_lib_libmedia:umodsys.mod.media.std.obj
 0001:000000a0       ?get_other_interface@RLibraryBinCache@std@media@modules@UModSys@@UAEPAUIRoot@core@5@PBUSUniquePointerInfo@75@@Z 004010a0 f i umodsys_lib_libmedia:umodsys.mod.media.std.obj
 0001:000000a0       ?get_other_interface@RLibraryBinCache@std@media@modules@UModSys@@UBEPBUIRoot@core@5@PBUSUniquePointerInfo@75@@Z 004010a0 f i umodsys_lib_libmedia:umodsys.mod.media.std.obj
 0001:000000e0       ?ref_remove@RLibraryBinTree@std@media@modules@UModSys@@UBEXXZ 004010e0 f i umodsys_lib_libmedia:umodsys.mod.media.std.obj
 0001:000000e0       ?ref_remove@RLibraryBinCache@std@media@modules@UModSys@@UBEXXZ 004010e0 f i umodsys_lib_libmedia:umodsys.mod.media.std.obj
 0001:000000f0       ?suicide@RLibraryBinCache@std@media@modules@UModSys@@UAEXXZ 004010f0 f i umodsys_lib_libmedia:umodsys.mod.media.std.obj
 0001:000000f0       ?suicide@RLibraryBinTree@std@media@modules@UModSys@@UAEXXZ 004010f0 f i umodsys_lib_libmedia:umodsys.mod.media.std.obj
 0001:00000100       ??0RLibraryBinCache@std@media@modules@UModSys@@QAE@PAUIModObject@base@4@ABUSParameters@core@4@U?$TFlags4State@USMediaFlagUid@libmedia@UModSys@@I@tl@4@@Z 00401100 f i umodsys_lib_libmedia:umodsys.mod.media.std.obj
 0001:00000180       ??1RLibraryBinCache@std@media@modules@UModSys@@UAE@XZ 00401180 f i umodsys_lib_libmedia:umodsys.mod.media.std.obj
 0001:000001e0       ?bin_writer@RLibraryBinCache@std@media@modules@UModSys@@UAE?AU?$TRefObject@UIStreamWriter@libmedia@UModSys@@U?$TRefObjectFunc@UIStreamWriter@libmedia@UModSys@@@tl@3@@tl@5@ABU?$TString@U?$TSCoreConst@D@su@tl@UModSys@@U?$TComparerBinaryHash@D@234@@75@ABUSFlags@libmedia@5@@Z 004011e0 f i umodsys_lib_libmedia:umodsys.mod.media.std.obj
 0001:000001e0       ?bin_reader@RLibraryBinCache@std@media@modules@UModSys@@UAE?AU?$TRefObject@UIStreamReader@libmedia@UModSys@@U?$TRefObjectFunc@UIStreamReader@libmedia@UModSys@@@tl@3@@tl@5@ABU?$TString@U?$TSCoreConst@D@su@tl@UModSys@@U?$TComparerBinaryHash@D@234@@75@ABUSFlags@libmedia@5@@Z 004011e0 f i umodsys_lib_libmedia:umodsys.mod.media.std.obj
 0001:00000200       ?bin_load@RLibraryBinCache@std@media@modules@UModSys@@UAE_NAAUSCMemShared@core@5@ABU?$TString@U?$TSCoreConst@D@su@tl@UModSys@@U?$TComparerBinaryHash@D@234@@tl@5@ABUSFlags@libmedia@5@@Z 00401200 f i umodsys_lib_libmedia:umodsys.mod.media.std.obj
 0001:00000250       ?bin_get@RLibraryBinCache@std@media@modules@UModSys@@UAE_NAAUSCMemShared@core@5@ABU?$TString@U?$TSCoreConst@D@su@tl@UModSys@@U?$TComparerBinaryHash@D@234@@tl@5@@Z 00401250 f i umodsys_lib_libmedia:umodsys.mod.media.std.obj
 0001:00000260       ?bin_put@RLibraryBinCache@std@media@modules@UModSys@@UAE_NABUSCMemShared@core@5@ABU?$TString@U?$TSCoreConst@D@su@tl@UModSys@@U?$TComparerBinaryHash@D@234@@tl@5@@Z 00401260 f i umodsys_lib_libmedia:umodsys.mod.media.std.obj
 0001:00000270       ?obj_load@RLibraryBinTree@std@media@modules@UModSys@@UAE_NPAUIRefObject@core@5@ABU?$TString@U?$TSCoreConst@D@su@tl@UModSys@@U?$TComparerBinaryHash@D@234@@tl@5@ABUSObjOptions@ILibrary@libmedia@5@@Z 00401270 f i umodsys_lib_libmedia:umodsys.mod.media.std.obj
 0001:00000270       ?obj_load@RLibraryBinCache@std@media@modules@UModSys@@UAE_NPAUIRefObject@core@5@ABU?$TString@U?$TSCoreConst@D@su@tl@UModSys@@U?$TComparerBinaryHash@D@234@@tl@5@ABUSObjOptions@ILibrary@libmedia@5@@Z 00401270 f i umodsys_lib_libmedia:umodsys.mod.media.std.obj
 0001:00000270       ?obj_get@RLibraryBinTree@std@media@modules@UModSys@@UAE_NAAU?$TRefObject@UIRefObject@core@UModSys@@U?$TRefObjectFunc@UIRefObject@core@UModSys@@@tl@3@@tl@5@ABU?$TString@U?$TSCoreConst@D@su@tl@UModSys@@U?$TComparerBinaryHash@D@234@@75@ABUSObjOptions@ILibrary@libmedia@5@@Z 00401270 f i umodsys_lib_libmedia:umodsys.mod.media.std.obj
 0001:00000270       ?bin_save@RLibraryBinCache@std@media@modules@UModSys@@UAE_NABUSCMem@core@5@ABU?$TString@U?$TSCoreConst@D@su@tl@UModSys@@U?$TComparerBinaryHash@D@234@@tl@5@ABUSFlags@libmedia@5@@Z 00401270 f i umodsys_lib_libmedia:umodsys.mod.media.std.obj
 0001:00000270       ?obj_save@RLibraryBinTree@std@media@modules@UModSys@@UAE_NPAUIRefObject@core@5@ABU?$TString@U?$TSCoreConst@D@su@tl@UModSys@@U?$TComparerBinaryHash@D@234@@tl@5@ABUSObjOptions@ILibrary@libmedia@5@@Z 00401270 f i umodsys_lib_libmedia:umodsys.mod.media.std.obj
 0001:00000270       ?obj_get@RLibraryBinCache@std@media@modules@UModSys@@UAE_NAAU?$TRefObject@UIRefObject@core@UModSys@@U?$TRefObjectFunc@UIRefObject@core@UModSys@@@tl@3@@tl@5@ABU?$TString@U?$TSCoreConst@D@su@tl@UModSys@@U?$TComparerBinaryHash@D@234@@75@ABUSObjOptions@ILibrary@libmedia@5@@Z 00401270 f i umodsys_lib_libmedia:umodsys.mod.media.std.obj
 0001:00000270       ?obj_save@RLibraryBinCache@std@media@modules@UModSys@@UAE_NPAUIRefObject@core@5@ABU?$TString@U?$TSCoreConst@D@su@tl@UModSys@@U?$TComparerBinaryHash@D@234@@tl@5@ABUSObjOptions@ILibrary@libmedia@5@@Z 00401270 f i umodsys_lib_libmedia:umodsys.mod.media.std.obj
 0001:00000280       ?bincache_get@RLibraryBinCache@std@media@modules@UModSys@@UBE_NAAUSCMemShared@core@5@ABU?$TString@U?$TSCoreConst@D@su@tl@UModSys@@U?$TComparerBinaryHash@D@234@@tl@5@@Z 00401280 f i umodsys_lib_libmedia:umodsys.mod.media.std.obj
 0001:000002d0       ?bincache_add@RLibraryBinCache@std@media@modules@UModSys@@UAE_NABUSCMemShared@core@5@ABU?$TString@U?$TSCoreConst@D@su@tl@UModSys@@U?$TComparerBinaryHash@D@234@@tl@5@@Z 004012d0 f i umodsys_lib_libmedia:umodsys.mod.media.std.obj
 0001:00000460       ?bincache_remove@RLibraryBinCache@std@media@modules@UModSys@@UAE_NABU?$TString@U?$TSCoreConst@D@su@tl@UModSys@@U?$TComparerBinaryHash@D@234@@tl@5@@Z 00401460 f i umodsys_lib_libmedia:umodsys.mod.media.std.obj
 0001:00000480       ?bincache_clear@RLibraryBinCache@std@media@modules@UModSys@@UAE_NXZ 00401480 f i umodsys_lib_libmedia:umodsys.mod.media.std.obj
 0001:000004a0       ??_ERLibraryBinCache@std@media@modules@UModSys@@UAEPAXI@Z 004014a0 f i  CIL library: CIL module
 0001:000004a0       ??_GRLibraryBinCache@std@media@modules@UModSys@@UAEPAXI@Z 004014a0 f i umodsys_lib_libmedia:umodsys.mod.media.std.obj
 0001:000004c0       ??_EIRoot@core@UModSys@@UAEPAXI@Z 004014c0 f i  CIL library: CIL module
 0001:000004c0       ??_GIRoot@core@UModSys@@UAEPAXI@Z 004014c0 f i umodsys_lib_libmedia:umodsys.mod.media.std.obj
 0001:000004e0       ?get_interface_info@RLibraryBinTree@std@media@modules@UModSys@@UBEABUSUniquePointerInfo@core@5@XZ 004014e0 f i umodsys_lib_libmedia:umodsys.mod.media.std.obj
 0001:000004f0       ?get_interface_type@RLibraryBinTree@std@media@modules@UModSys@@UBEPBUSUniquePointerInfo@core@5@XZ 004014f0 f i umodsys_lib_libmedia:umodsys.mod.media.std.obj
 0001:00000500       ?get_other_interface@RLibraryBinTree@std@media@modules@UModSys@@UAEPAUIRoot@core@5@PBUSUniquePointerInfo@75@@Z 00401500 f i umodsys_lib_libmedia:umodsys.mod.media.std.obj
 0001:00000500       ?get_other_interface@RLibraryBinTree@std@media@modules@UModSys@@UBEPBUIRoot@core@5@PBUSUniquePointerInfo@75@@Z 00401500 f i umodsys_lib_libmedia:umodsys.mod.media.std.obj
 0001:00000540       ?ref_add@RLibraryBinTree@std@media@modules@UModSys@@UBEXXZ 00401540 f i umodsys_lib_libmedia:umodsys.mod.media.std.obj
 0001:00000540       ?ref_add@RLibraryBinCache@std@media@modules@UModSys@@UBEXXZ 00401540 f i umodsys_lib_libmedia:umodsys.mod.media.std.obj
 0001:00000550       ?ref_links@RLibraryBinTree@std@media@modules@UModSys@@UBEHXZ 00401550 f i umodsys_lib_libmedia:umodsys.mod.media.std.obj
 0001:00000550       ?ref_links@RLibraryBinCache@std@media@modules@UModSys@@UBEHXZ 00401550 f i umodsys_lib_libmedia:umodsys.mod.media.std.obj
 0001:00000560       ?ref_weak@RLibraryBinCache@std@media@modules@UModSys@@UBE_NAAUWeakPointer@IRefObject@core@5@@Z 00401560 f i umodsys_lib_libmedia:umodsys.mod.media.std.obj
 0001:00000560       ?ref_weak@RLibraryBinTree@std@media@modules@UModSys@@UBE_NAAUWeakPointer@IRefObject@core@5@@Z 00401560 f i umodsys_lib_libmedia:umodsys.mod.media.std.obj
 0001:00000580       ??0RLibraryBinTree@std@media@modules@UModSys@@QAE@PAUIModObject@base@4@ABUSParameters@core@4@U?$TFlags4State@USMediaFlagUid@libmedia@UModSys@@I@tl@4@@Z 00401580 f i umodsys_lib_libmedia:umodsys.mod.media.std.obj
 0001:00000600       ??1RLibraryBinTree@std@media@modules@UModSys@@UAE@XZ 00401600 f i umodsys_lib_libmedia:umodsys.mod.media.std.obj
 0001:00000660       ?get_parent_flag@RLibraryBinCache@std@media@modules@UModSys@@UBE?AW4eStates@?$TFlags4State@USMediaFlagUid@libmedia@UModSys@@I@tl@5@H@Z 00401660 f i umodsys_lib_libmedia:umodsys.mod.media.std.obj
 0001:00000660       ?get_parent_flag@RLibraryBinTree@std@media@modules@UModSys@@UBE?AW4eStates@?$TFlags4State@USMediaFlagUid@libmedia@UModSys@@I@tl@5@H@Z 00401660 f i umodsys_lib_libmedia:umodsys.mod.media.std.obj
 0001:00000680       ?bin_reader@RLibraryBinTree@std@media@modules@UModSys@@UAE?AU?$TRefObject@UIStreamReader@libmedia@UModSys@@U?$TRefObjectFunc@UIStreamReader@libmedia@UModSys@@@tl@3@@tl@5@ABU?$TString@U?$TSCoreConst@D@su@tl@UModSys@@U?$TComparerBinaryHash@D@234@@75@ABUSFlags@libmedia@5@@Z 00401680 f i umodsys_lib_libmedia:umodsys.mod.media.std.obj
 0001:00000800       ?bin_writer@RLibraryBinTree@std@media@modules@UModSys@@UAE?AU?$TRefObject@UIStreamWriter@libmedia@UModSys@@U?$TRefObjectFunc@UIStreamWriter@libmedia@UModSys@@@tl@3@@tl@5@ABU?$TString@U?$TSCoreConst@D@su@tl@UModSys@@U?$TComparerBinaryHash@D@234@@75@ABUSFlags@libmedia@5@@Z 00401800 f i umodsys_lib_libmedia:umodsys.mod.media.std.obj
 0001:00000980       ?bin_load@RLibraryBinTree@std@media@modules@UModSys@@UAE_NAAUSCMemShared@core@5@ABU?$TString@U?$TSCoreConst@D@su@tl@UModSys@@U?$TComparerBinaryHash@D@234@@tl@5@ABUSFlags@libmedia@5@@Z 00401980 f i umodsys_lib_libmedia:umodsys.mod.media.std.obj
 0001:00000aa0       ?bin_save@RLibraryBinTree@std@media@modules@UModSys@@UAE_NABUSCMem@core@5@ABU?$TString@U?$TSCoreConst@D@su@tl@UModSys@@U?$TComparerBinaryHash@D@234@@tl@5@ABUSFlags@libmedia@5@@Z 00401aa0 f i umodsys_lib_libmedia:umodsys.mod.media.std.obj
 0001:00000bb0       ?obj_fsave@RLibraryBinTree@std@media@modules@UModSys@@UAE_NPAUIRefObject@core@5@AAUSInfo@IBinObjFilter@libmedia@5@@Z 00401bb0 f i umodsys_lib_libmedia:umodsys.mod.media.std.obj
 0001:00000bb0       ?obj_fget@RLibraryBinCache@std@media@modules@UModSys@@UAE_NAAU?$TRefObject@UIRefObject@core@UModSys@@U?$TRefObjectFunc@UIRefObject@core@UModSys@@@tl@3@@tl@5@ABUSInfo@IBinObjFilter@libmedia@5@@Z 00401bb0 f i umodsys_lib_libmedia:umodsys.mod.media.std.obj
 0001:00000bb0       ?obj_cget@RLibraryBinTree@std@media@modules@UModSys@@UAE_NAAU?$TRefObject@UIRefObject@core@UModSys@@U?$TRefObjectFunc@UIRefObject@core@UModSys@@@tl@3@@tl@5@ABU?$TString@U?$TSCoreConst@D@su@tl@UModSys@@U?$TComparerBinaryHash@D@234@@75@@Z 00401bb0 f i umodsys_lib_libmedia:umodsys.mod.media.std.obj
 0001:00000bb0       ?obj_cget@RLibraryBinCache@std@media@modules@UModSys@@UAE_NAAU?$TRefObject@UIRefObject@core@UModSys@@U?$TRefObjectFunc@UIRefObject@core@UModSys@@@tl@3@@tl@5@ABU?$TString@U?$TSCoreConst@D@su@tl@UModSys@@U?$TComparerBinaryHash@D@234@@75@@Z 00401bb0 f i umodsys_lib_libmedia:umodsys.mod.media.std.obj
 0001:00000bb0       ?bin_get@RLibraryBinTree@std@media@modules@UModSys@@UAE_NAAUSCMemShared@core@5@ABU?$TString@U?$TSCoreConst@D@su@tl@UModSys@@U?$TComparerBinaryHash@D@234@@tl@5@@Z 00401bb0 f i umodsys_lib_libmedia:umodsys.mod.media.std.obj
 0001:00000bb0       ?obj_cput@RLibraryBinTree@std@media@modules@UModSys@@UAE_NPAUIRefObject@core@5@ABU?$TString@U?$TSCoreConst@D@su@tl@UModSys@@U?$TComparerBinaryHash@D@234@@tl@5@@Z 00401bb0 f i umodsys_lib_libmedia:umodsys.mod.media.std.obj
 0001:00000bb0       ?obj_fload@RLibraryBinTree@std@media@modules@UModSys@@UAE_NPAUIRefObject@core@5@ABUSInfo@IBinObjFilter@libmedia@5@@Z 00401bb0 f i umodsys_lib_libmedia:umodsys.mod.media.std.obj
 0001:00000bb0       ?obj_cput@RLibraryBinCache@std@media@modules@UModSys@@UAE_NPAUIRefObject@core@5@ABU?$TString@U?$TSCoreConst@D@su@tl@UModSys@@U?$TComparerBinaryHash@D@234@@tl@5@@Z 00401bb0 f i umodsys_lib_libmedia:umodsys.mod.media.std.obj
 0001:00000bb0       ?obj_fget@RLibraryBinTree@std@media@modules@UModSys@@UAE_NAAU?$TRefObject@UIRefObject@core@UModSys@@U?$TRefObjectFunc@UIRefObject@core@UModSys@@@tl@3@@tl@5@ABUSInfo@IBinObjFilter@libmedia@5@@Z 00401bb0 f i umodsys_lib_libmedia:umodsys.mod.media.std.obj
 0001:00000bb0       ?bin_put@RLibraryBinTree@std@media@modules@UModSys@@UAE_NABUSCMemShared@core@5@ABU?$TString@U?$TSCoreConst@D@su@tl@UModSys@@U?$TComparerBinaryHash@D@234@@tl@5@@Z 00401bb0 f i umodsys_lib_libmedia:umodsys.mod.media.std.obj
 0001:00000bb0       ?obj_fsave@RLibraryBinCache@std@media@modules@UModSys@@UAE_NPAUIRefObject@core@5@AAUSInfo@IBinObjFilter@libmedia@5@@Z 00401bb0 f i umodsys_lib_libmedia:umodsys.mod.media.std.obj
 0001:00000bb0       ?obj_fload@RLibraryBinCache@std@media@modules@UModSys@@UAE_NPAUIRefObject@core@5@ABUSInfo@IBinObjFilter@libmedia@5@@Z 00401bb0 f i umodsys_lib_libmedia:umodsys.mod.media.std.obj
 0001:00000bc0       ?mount_get@RLibraryBinTree@std@media@modules@UModSys@@UBE?AUSMountPoint@ILibraryBinTree@libmedia@5@ABU?$TString@U?$TSCoreConst@D@su@tl@UModSys@@U?$TComparerBinaryHash@D@234@@tl@5@H@Z 00401bc0 f i umodsys_lib_libmedia:umodsys.mod.media.std.obj
 0001:00000c40       ?mount_add@RLibraryBinTree@std@media@modules@UModSys@@UAE_NABUSMountPoint@ILibraryBinTree@libmedia@5@ABU?$TString@U?$TSCoreConst@D@su@tl@UModSys@@U?$TComparerBinaryHash@D@234@@tl@5@H@Z 00401c40 f i umodsys_lib_libmedia:umodsys.mod.media.std.obj
 0001:00000e10       ?mount_remove@RLibraryBinTree@std@media@modules@UModSys@@UAE_NABU?$TString@U?$TSCoreConst@D@su@tl@UModSys@@U?$TComparerBinaryHash@D@234@@tl@5@H@Z 00401e10 f i umodsys_lib_libmedia:umodsys.mod.media.std.obj
 0001:00000e80       ?mount_clear@RLibraryBinTree@std@media@modules@UModSys@@UAE_NXZ 00401e80 f i umodsys_lib_libmedia:umodsys.mod.media.std.obj
 0001:00000ea0       ??_GRLibraryBinTree@std@media@modules@UModSys@@UAEPAXI@Z 00401ea0 f i umodsys_lib_libmedia:umodsys.mod.media.std.obj
 0001:00000ea0       ??_ERLibraryBinTree@std@media@modules@UModSys@@UAEPAXI@Z 00401ea0 f i  CIL library: CIL module
 0001:00000ec0       ??1SMountPoint@ILibraryBinTree@libmedia@UModSys@@QAE@XZ 00401ec0 f i umodsys_lib_libmedia:umodsys.mod.media.std.obj
 0001:00000ee0       ?get_generated_names@RGenerator@std@media@modules@UModSys@@UBEHAAUSUniquePtrList@core@5@@Z 00401ee0 f i umodsys_lib_libmedia:umodsys.mod.media.std.obj
 0001:00000f10       ?get_generated_types@RGenerator@std@media@modules@UModSys@@UBEHAAUSUniquePtrList@core@5@PBUSUniquePointerInfo@75@@Z 00401f10 f i umodsys_lib_libmedia:umodsys.mod.media.std.obj
 0001:00000fb0       ?generate@RGenerator@std@media@modules@UModSys@@UAE_NAAU?$TRefObject@UIRefObject@core@UModSys@@U?$TRefObjectFunc@UIRefObject@core@UModSys@@@tl@3@@tl@5@PBUSUniquePointerInfo@core@5@ABUSParameters@95@@Z 00401fb0 f i umodsys_lib_libmedia:umodsys.mod.media.std.obj
 0001:00001000       ?get_interface_info@RGenerator@std@media@modules@UModSys@@UBEABUSUniquePointerInfo@core@5@XZ 00402000 f i umodsys_lib_libmedia:umodsys.mod.media.std.obj
 0001:00001010       ?get_interface_type@RGenerator@std@media@modules@UModSys@@UBEPBUSUniquePointerInfo@core@5@XZ 00402010 f i umodsys_lib_libmedia:umodsys.mod.media.std.obj
 0001:00001020       ?get_other_interface@RGenerator@std@media@modules@UModSys@@UBEPBUIRoot@core@5@PBUSUniquePointerInfo@75@@Z 00402020 f i umodsys_lib_libmedia:umodsys.mod.media.std.obj
 0001:00001020       ?get_other_interface@RGenerator@std@media@modules@UModSys@@UAEPAUIRoot@core@5@PBUSUniquePointerInfo@75@@Z 00402020 f i umodsys_lib_libmedia:umodsys.mod.media.std.obj
 0001:00001060       ?ref_links@RGenerator@std@media@modules@UModSys@@UBEHXZ 00402060 f i umodsys_lib_libmedia:umodsys.mod.media.std.obj
 0001:00001060       ?ref_links@RStreamWriter_FILE@stdio@media@modules@UModSys@@UBEHXZ 00402060 f i umodsys_lib_libmedia:umodsys.mod.media.stdio.obj
 0001:00001060       ?ref_links@RGenerator@stdio@media@modules@UModSys@@UBEHXZ 00402060 f i umodsys_lib_libmedia:umodsys.mod.media.stdio.obj
 0001:00001060       ?ref_links@RStreamReader_FILE@stdio@media@modules@UModSys@@UBEHXZ 00402060 f i umodsys_lib_libmedia:umodsys.mod.media.stdio.obj
 0001:00001060       ?ref_links@RDataArchiver_OsDir@stdio@media@modules@UModSys@@UBEHXZ 00402060 f i umodsys_lib_libmedia:umodsys.mod.media.stdio.obj
 0001:00001070       ?suicide@RGenerator@stdio@media@modules@UModSys@@UAEXXZ 00402070 f i umodsys_lib_libmedia:umodsys.mod.media.stdio.obj
 0001:00001070       ??3@YAXPAX0@Z              00402070 f i umodsys_lib_libmedia:umodsys.mod.media.std.obj
 0001:00001070       ?suicide@RGenerator@std@media@modules@UModSys@@UAEXXZ 00402070 f i umodsys_lib_libmedia:umodsys.mod.media.std.obj
 0001:00001080       ?get_uid@RGenerator@std@media@modules@UModSys@@UBEPBUSUniquePointerInfo@core@5@XZ 00402080 f i umodsys_lib_libmedia:umodsys.mod.media.std.obj
 0001:00001090       ?do_open@RModuleReg@std@media@modules@UModSys@@UAE_NXZ 00402090 f i umodsys_lib_libmedia:umodsys.mod.media.std.obj
 0001:000010a0       ?do_close@RModuleReg@std@media@modules@UModSys@@UAE_NXZ 004020a0 f i umodsys_lib_libmedia:umodsys.mod.media.std.obj
 0001:000010b0       ??_ERModuleReg@std@media@modules@UModSys@@UAEPAXI@Z 004020b0 f i  CIL library: CIL module
 0001:000010b0       ??_GRModuleReg@std@media@modules@UModSys@@UAEPAXI@Z 004020b0 f i umodsys_lib_libmedia:umodsys.mod.media.std.obj
 0001:000010e0       ??0?$TString@U?$TSCoreShared@USIMemAlloc@core@UModSys@@D@su@tl@UModSys@@U?$TComparerBinaryHash@D@234@@tl@UModSys@@QAE@ABU?$TSCoreConst@D@su@12@@Z 004020e0 f i umodsys_lib_libmedia:umodsys.mod.media.std.obj
 0001:00001150       ??R?$TScatterArray@USCacheElem@RLibraryBinCache@std@media@modules@UModSys@@U?$TString@U?$TSCoreConst@D@su@tl@UModSys@@U?$TComparerBinaryHash@D@234@@tl@6@U?$TObjectCompare@U?$TScatterArrayNode@USCacheElem@RLibraryBinCache@std@media@modules@UModSys@@U?$TString@U?$TSCoreConst@D@su@tl@UModSys@@U?$TComparerBinaryHash@D@234@@tl@6@@tl@UModSys@@@core@6@U?$TNodeDeleter0@U?$TScatterArrayNode@USCacheElem@RLibraryBinCache@std@media@modules@UModSys@@U?$TString@U?$TSCoreConst@D@su@tl@UModSys@@U?$TComparerBinaryHash@D@234@@tl@6@@tl@UModSys@@@86@@tl@UModSys@@QBEPAUSCacheElem@RLibraryBinCache@std@media@modules@2@ABU?$TString@U?$TSCoreConst@D@su@tl@UModSys@@U?$TComparerBinaryHash@D@234@@12@@Z 00402150 f i umodsys_lib_libmedia:umodsys.mod.media.std.obj
 0001:000011a0       ?Remove@?$TScatterArray@USCacheElem@RLibraryBinCache@std@media@modules@UModSys@@U?$TString@U?$TSCoreConst@D@su@tl@UModSys@@U?$TComparerBinaryHash@D@234@@tl@6@U?$TObjectCompare@U?$TScatterArrayNode@USCacheElem@RLibraryBinCache@std@media@modules@UModSys@@U?$TString@U?$TSCoreConst@D@su@tl@UModSys@@U?$TComparerBinaryHash@D@234@@tl@6@@tl@UModSys@@@core@6@U?$TNodeDeleter0@U?$TScatterArrayNode@USCacheElem@RLibraryBinCache@std@media@modules@UModSys@@U?$TString@U?$TSCoreConst@D@su@tl@UModSys@@U?$TComparerBinaryHash@D@234@@tl@6@@tl@UModSys@@@86@@tl@UModSys@@QAE_NABU?$TString@U?$TSCoreConst@D@su@tl@UModSys@@U?$TComparerBinaryHash@D@234@@23@@Z 004021a0 f i umodsys_lib_libmedia:umodsys.mod.media.std.obj
 0001:00001200       ?remove_node@?$TTreeHoldRB@U?$TScatterArrayNode@USMountInfo@RLibraryBinTree@std@media@modules@UModSys@@USMountIndex@23456@@tl@UModSys@@@tl@UModSys@@QAEXPAU?$TScatterArrayNode@USMountInfo@RLibraryBinTree@std@media@modules@UModSys@@USMountIndex@23456@@23@@Z 00402200 f i umodsys_lib_libmedia:umodsys.mod.media.std.obj
 0001:00001200       ?remove_node@?$TTreeHoldRB@U?$TScatterArrayNode@USCacheElem@RLibraryBinCache@std@media@modules@UModSys@@U?$TString@U?$TSCoreConst@D@su@tl@UModSys@@U?$TComparerBinaryHash@D@234@@tl@6@@tl@UModSys@@@tl@UModSys@@QAEXPAU?$TScatterArrayNode@USCacheElem@RLibraryBinCache@std@media@modules@UModSys@@U?$TString@U?$TSCoreConst@D@su@tl@UModSys@@U?$TComparerBinaryHash@D@234@@tl@6@@23@@Z 00402200 f i umodsys_lib_libmedia:umodsys.mod.media.std.obj
 0001:000012f0       ??1?$TScatterArrayNode@USCacheElem@RLibraryBinCache@std@media@modules@UModSys@@U?$TString@U?$TSCoreConst@D@su@tl@UModSys@@U?$TComparerBinaryHash@D@234@@tl@6@@tl@UModSys@@QAE@XZ 004022f0 f i umodsys_lib_libmedia:umodsys.mod.media.std.obj
 0001:00001300       ??1SCacheElem@RLibraryBinCache@std@media@modules@UModSys@@QAE@XZ 00402300 f i umodsys_lib_libmedia:umodsys.mod.media.std.obj
 0001:00001380       ??1SMountInfo@RLibraryBinTree@std@media@modules@UModSys@@QAE@XZ 00402380 f i umodsys_lib_libmedia:umodsys.mod.media.std.obj
 0001:00001410       ?info_new@?$TSCoreShared@USIMemAlloc@core@UModSys@@D@su@tl@UModSys@@QAE_NPBDI@Z 00402410 f i umodsys_lib_libmedia:umodsys.mod.media.std.obj
 0001:000014a0       ?remove_color@?$TTreeHoldRB@U?$TScatterArrayNode@USCacheElem@RLibraryBinCache@std@media@modules@UModSys@@U?$TString@U?$TSCoreConst@D@su@tl@UModSys@@U?$TComparerBinaryHash@D@234@@tl@6@@tl@UModSys@@@tl@UModSys@@IAEXPAU?$TScatterArrayNode@USCacheElem@RLibraryBinCache@std@media@modules@UModSys@@U?$TString@U?$TSCoreConst@D@su@tl@UModSys@@U?$TComparerBinaryHash@D@234@@tl@6@@23@0@Z 004024a0 f i umodsys_lib_libmedia:umodsys.mod.media.std.obj
 0001:000014a0       ?remove_color@?$TTreeHoldRB@U?$TScatterArrayNode@USMountInfo@RLibraryBinTree@std@media@modules@UModSys@@USMountIndex@23456@@tl@UModSys@@@tl@UModSys@@IAEXPAU?$TScatterArrayNode@USMountInfo@RLibraryBinTree@std@media@modules@UModSys@@USMountIndex@23456@@23@0@Z 004024a0 f i umodsys_lib_libmedia:umodsys.mod.media.std.obj
 0001:00001680       ??$scalar_compare@U?$TString@U?$TSCoreConst@D@su@tl@UModSys@@U?$TComparerBinaryHash@D@234@@tl@UModSys@@@core@UModSys@@YAHU?$TString@U?$TSCoreConst@D@su@tl@UModSys@@U?$TComparerBinaryHash@D@234@@tl@1@0@Z 00402680 f i umodsys_lib_libmedia:umodsys.mod.media.std.obj
 0001:00001700       ??$t_gen_param@URLibraryBinCache@std@media@modules@UModSys@@URGenerator@2345@@IGenerator@base@UModSys@@IAE_NPAURGenerator@std@media@modules@2@AAU?$TRefObject@UIRefObject@core@UModSys@@U?$TRefObjectFunc@UIRefObject@core@UModSys@@@tl@3@@tl@2@PBUSUniquePointerInfo@core@2@ABUSParameters@core@2@@Z 00402700 f i umodsys_lib_libmedia:umodsys.mod.media.std.obj
 0001:00001780       ??$t_gen_param@URLibraryBinTree@std@media@modules@UModSys@@URGenerator@2345@@IGenerator@base@UModSys@@IAE_NPAURGenerator@std@media@modules@2@AAU?$TRefObject@UIRefObject@core@UModSys@@U?$TRefObjectFunc@UIRefObject@core@UModSys@@@tl@3@@tl@2@PBUSUniquePointerInfo@core@2@ABUSParameters@core@2@@Z 00402780 f i umodsys_lib_libmedia:umodsys.mod.media.std.obj
 0001:00001800       ??$genx_node@UCmp@?$TScatterArray@USCacheElem@RLibraryBinCache@std@media@modules@UModSys@@U?$TString@U?$TSCoreConst@D@su@tl@UModSys@@U?$TComparerBinaryHash@D@234@@tl@6@U?$TObjectCompare@U?$TScatterArrayNode@USCacheElem@RLibraryBinCache@std@media@modules@UModSys@@U?$TString@U?$TSCoreConst@D@su@tl@UModSys@@U?$TComparerBinaryHash@D@234@@tl@6@@tl@UModSys@@@core@6@U?$TNodeDeleter0@U?$TScatterArrayNode@USCacheElem@RLibraryBinCache@std@media@modules@UModSys@@U?$TString@U?$TSCoreConst@D@su@tl@UModSys@@U?$TComparerBinaryHash@D@234@@tl@6@@tl@UModSys@@@86@@tl@UModSys@@UGen0@234@@?$TTreeHoldRBD@U?$TScatterArrayNode@USCacheElem@RLibraryBinCache@std@media@modules@UModSys@@U?$TString@U?$TSCoreConst@D@su@tl@UModSys@@U?$TComparerBinaryHash@D@234@@tl@6@@tl@UModSys@@U?$TNodeDeleter0@U?$TScatterArrayNode@USCacheElem@RLibraryBinCache@std@media@modules@UModSys@@U?$TString@U?$TSCoreConst@D@su@tl@UModSys@@U?$TComparerBinaryHash@D@234@@tl@6@@tl@UModSys@@@23@@tl@UModSys@@QAEPAU?$TScatterArrayNode@USCacheElem@RLibraryBinCache@std@media@modules@UModSys@@U?$TString@U?$TSCoreConst@D@su@tl@UModSys@@U?$TComparerBinaryHash@D@234@@tl@6@@12@UCmp@?$TScatterArray@USCacheElem@RLibraryBinCache@std@media@modules@UModSys@@U?$TString@U?$TSCoreConst@D@su@tl@UModSys@@U?$TComparerBinaryHash@D@234@@tl@6@U?$TObjectCompare@U?$TScatterArrayNode@USCacheElem@RLibraryBinCache@std@media@modules@UModSys@@U?$TString@U?$TSCoreConst@D@su@tl@UModSys@@U?$TComparerBinaryHash@D@234@@tl@6@@tl@UModSys@@@core@6@U?$TNodeDeleter0@U?$TScatterArrayNode@USCacheElem@RLibraryBinCache@std@media@modules@UModSys@@U?$TString@U?$TSCoreConst@D@su@tl@UModSys@@U?$TComparerBinaryHash@D@234@@tl@6@@tl@UModSys@@@86@@12@ABUGen0@512@PAPAU312@2_N@Z 00402800 f i umodsys_lib_libmedia:umodsys.mod.media.std.obj
 0001:00001860       ??$genx_node@UCmp@?$TScatterArray@USMountInfo@RLibraryBinTree@std@media@modules@UModSys@@USMountIndex@23456@U723456@U?$TNodeDeleter0@U?$TScatterArrayNode@USMountInfo@RLibraryBinTree@std@media@modules@UModSys@@USMountIndex@23456@@tl@UModSys@@@tl@6@@tl@UModSys@@UGen0@234@@?$TTreeHoldRBD@U?$TScatterArrayNode@USMountInfo@RLibraryBinTree@std@media@modules@UModSys@@USMountIndex@23456@@tl@UModSys@@U?$TNodeDeleter0@U?$TScatterArrayNode@USMountInfo@RLibraryBinTree@std@media@modules@UModSys@@USMountIndex@23456@@tl@UModSys@@@23@@tl@UModSys@@QAEPAU?$TScatterArrayNode@USMountInfo@RLibraryBinTree@std@media@modules@UModSys@@USMountIndex@23456@@12@UCmp@?$TScatterArray@USMountInfo@RLibraryBinTree@std@media@modules@UModSys@@USMountIndex@23456@U723456@U?$TNodeDeleter0@U?$TScatterArrayNode@USMountInfo@RLibraryBinTree@std@media@modules@UModSys@@USMountIndex@23456@@tl@UModSys@@@tl@6@@12@ABUGen0@512@PAPAU312@2_N@Z 00402860 f i umodsys_lib_libmedia:umodsys.mod.media.std.obj
 0001:00001960       ??$find_node_u@UCmp@?$TScatterArray@USMountInfo@RLibraryBinTree@std@media@modules@UModSys@@USMountIndex@23456@U723456@U?$TNodeDeleter0@U?$TScatterArrayNode@USMountInfo@RLibraryBinTree@std@media@modules@UModSys@@USMountIndex@23456@@tl@UModSys@@@tl@6@@tl@UModSys@@@?$TTreeHoldRB@U?$TScatterArrayNode@USMountInfo@RLibraryBinTree@std@media@modules@UModSys@@USMountIndex@23456@@tl@UModSys@@@tl@UModSys@@QBEPAU?$TScatterArrayNode@USMountInfo@RLibraryBinTree@std@media@modules@UModSys@@USMountIndex@23456@@12@UCmp@?$TScatterArray@USMountInfo@RLibraryBinTree@std@media@modules@UModSys@@USMountIndex@23456@U723456@U?$TNodeDeleter0@U?$TScatterArrayNode@USMountInfo@RLibraryBinTree@std@media@modules@UModSys@@USMountIndex@23456@@tl@UModSys@@@tl@6@@12@@Z 00402960 f i umodsys_lib_libmedia:umodsys.mod.media.std.obj
 0001:00001a30       ??$process_nodes@U?$TNodeDeleter0@U?$TScatterArrayNode@USCacheElem@RLibraryBinCache@std@media@modules@UModSys@@U?$TString@U?$TSCoreConst@D@su@tl@UModSys@@U?$TComparerBinaryHash@D@234@@tl@6@@tl@UModSys@@@tl@UModSys@@@?$TTreeHoldRB@U?$TScatterArrayNode@USCacheElem@RLibraryBinCache@std@media@modules@UModSys@@U?$TString@U?$TSCoreConst@D@su@tl@UModSys@@U?$TComparerBinaryHash@D@234@@tl@6@@tl@UModSys@@@tl@UModSys@@QAEHABU?$TNodeDeleter0@U?$TScatterArrayNode@USCacheElem@RLibraryBinCache@std@media@modules@UModSys@@U?$TString@U?$TSCoreConst@D@su@tl@UModSys@@U?$TComparerBinaryHash@D@234@@tl@6@@tl@UModSys@@@12@@Z 00402a30 f i umodsys_lib_libmedia:umodsys.mod.media.std.obj
 0001:00001a90       ??$process_nodes@U?$TNodeDeleter0@U?$TScatterArrayNode@USMountInfo@RLibraryBinTree@std@media@modules@UModSys@@USMountIndex@23456@@tl@UModSys@@@tl@UModSys@@@?$TTreeHoldRB@U?$TScatterArrayNode@USMountInfo@RLibraryBinTree@std@media@modules@UModSys@@USMountIndex@23456@@tl@UModSys@@@tl@UModSys@@QAEHABU?$TNodeDeleter0@U?$TScatterArrayNode@USMountInfo@RLibraryBinTree@std@media@modules@UModSys@@USMountIndex@23456@@tl@UModSys@@@12@@Z 00402a90 f i umodsys_lib_libmedia:umodsys.mod.media.std.obj
 0001:00001af0       ?rotate_left@?$TTreeHoldRB@U?$TScatterArrayNode@USMountInfo@RLibraryBinTree@std@media@modules@UModSys@@USMountIndex@23456@@tl@UModSys@@@tl@UModSys@@IAEXPAU?$TScatterArrayNode@USMountInfo@RLibraryBinTree@std@media@modules@UModSys@@USMountIndex@23456@@23@@Z 00402af0 f i umodsys_lib_libmedia:umodsys.mod.media.std.obj
 0001:00001af0       ?rotate_left@?$TTreeHoldRB@U?$TScatterArrayNode@USCacheElem@RLibraryBinCache@std@media@modules@UModSys@@U?$TString@U?$TSCoreConst@D@su@tl@UModSys@@U?$TComparerBinaryHash@D@234@@tl@6@@tl@UModSys@@@tl@UModSys@@IAEXPAU?$TScatterArrayNode@USCacheElem@RLibraryBinCache@std@media@modules@UModSys@@U?$TString@U?$TSCoreConst@D@su@tl@UModSys@@U?$TComparerBinaryHash@D@234@@tl@6@@23@@Z 00402af0 f i umodsys_lib_libmedia:umodsys.mod.media.std.obj
 0001:00001b40       ?sub_insert_node@?$TTreeHoldRB@U?$TScatterArrayNode@USCacheElem@RLibraryBinCache@std@media@modules@UModSys@@U?$TString@U?$TSCoreConst@D@su@tl@UModSys@@U?$TComparerBinaryHash@D@234@@tl@6@@tl@UModSys@@@tl@UModSys@@QAEXPAU?$TScatterArrayNode@USCacheElem@RLibraryBinCache@std@media@modules@UModSys@@U?$TString@U?$TSCoreConst@D@su@tl@UModSys@@U?$TComparerBinaryHash@D@234@@tl@6@@23@0H@Z 00402b40 f i umodsys_lib_libmedia:umodsys.mod.media.std.obj
 0001:00001b40       ?sub_insert_node@?$TTreeHoldRB@U?$TScatterArrayNode@USMountInfo@RLibraryBinTree@std@media@modules@UModSys@@USMountIndex@23456@@tl@UModSys@@@tl@UModSys@@QAEXPAU?$TScatterArrayNode@USMountInfo@RLibraryBinTree@std@media@modules@UModSys@@USMountIndex@23456@@23@0H@Z 00402b40 f i umodsys_lib_libmedia:umodsys.mod.media.std.obj
 0001:00001bb0       ?rotate_right@?$TTreeHoldRB@U?$TScatterArrayNode@USMountInfo@RLibraryBinTree@std@media@modules@UModSys@@USMountIndex@23456@@tl@UModSys@@@tl@UModSys@@IAEXPAU?$TScatterArrayNode@USMountInfo@RLibraryBinTree@std@media@modules@UModSys@@USMountIndex@23456@@23@@Z 00402bb0 f i umodsys_lib_libmedia:umodsys.mod.media.std.obj
 0001:00001bb0       ?rotate_right@?$TTreeHoldRB@U?$TScatterArrayNode@USCacheElem@RLibraryBinCache@std@media@modules@UModSys@@U?$TString@U?$TSCoreConst@D@su@tl@UModSys@@U?$TComparerBinaryHash@D@234@@tl@6@@tl@UModSys@@@tl@UModSys@@IAEXPAU?$TScatterArrayNode@USCacheElem@RLibraryBinCache@std@media@modules@UModSys@@U?$TString@U?$TSCoreConst@D@su@tl@UModSys@@U?$TComparerBinaryHash@D@234@@tl@6@@23@@Z 00402bb0 f i umodsys_lib_libmedia:umodsys.mod.media.std.obj
 0001:00001c00       ??RCmp@?$TScatterArray@USCacheElem@RLibraryBinCache@std@media@modules@UModSys@@U?$TString@U?$TSCoreConst@D@su@tl@UModSys@@U?$TComparerBinaryHash@D@234@@tl@6@U?$TObjectCompare@U?$TScatterArrayNode@USCacheElem@RLibraryBinCache@std@media@modules@UModSys@@U?$TString@U?$TSCoreConst@D@su@tl@UModSys@@U?$TComparerBinaryHash@D@234@@tl@6@@tl@UModSys@@@core@6@U?$TNodeDeleter0@U?$TScatterArrayNode@USCacheElem@RLibraryBinCache@std@media@modules@UModSys@@U?$TString@U?$TSCoreConst@D@su@tl@UModSys@@U?$TComparerBinaryHash@D@234@@tl@6@@tl@UModSys@@@86@@tl@UModSys@@QBEHPBU?$TScatterArrayNode@USCacheElem@RLibraryBinCache@std@media@modules@UModSys@@U?$TString@U?$TSCoreConst@D@su@tl@UModSys@@U?$TComparerBinaryHash@D@234@@tl@6@@23@@Z 00402c00 f i umodsys_lib_libmedia:umodsys.mod.media.std.obj
 0001:00001d10       ??RGen0@?$TScatterArray@USCacheElem@RLibraryBinCache@std@media@modules@UModSys@@U?$TString@U?$TSCoreConst@D@su@tl@UModSys@@U?$TComparerBinaryHash@D@234@@tl@6@U?$TObjectCompare@U?$TScatterArrayNode@USCacheElem@RLibraryBinCache@std@media@modules@UModSys@@U?$TString@U?$TSCoreConst@D@su@tl@UModSys@@U?$TComparerBinaryHash@D@234@@tl@6@@tl@UModSys@@@core@6@U?$TNodeDeleter0@U?$TScatterArrayNode@USCacheElem@RLibraryBinCache@std@media@modules@UModSys@@U?$TString@U?$TSCoreConst@D@su@tl@UModSys@@U?$TComparerBinaryHash@D@234@@tl@6@@tl@UModSys@@@86@@tl@UModSys@@QBEPAU?$TScatterArrayNode@USCacheElem@RLibraryBinCache@std@media@modules@UModSys@@U?$TString@U?$TSCoreConst@D@su@tl@UModSys@@U?$TComparerBinaryHash@D@234@@tl@6@@23@ABUCmp@123@ABU?$TTreeHoldRBD@U?$TScatterArrayNode@USCacheElem@RLibraryBinCache@std@media@modules@UModSys@@U?$TString@U?$TSCoreConst@D@su@tl@UModSys@@U?$TComparerBinaryHash@D@234@@tl@6@@tl@UModSys@@U?$TNodeDeleter0@U?$TScatterArrayNode@USCacheElem@RLibraryBinCache@std@media@modules@UModSys@@U?$TString@U?$TSCoreConst@D@su@tl@UModSys@@U?$TComparerBinaryHash@D@234@@tl@6@@tl@UModSys@@@23@@23@@Z 00402d10 f i umodsys_lib_libmedia:umodsys.mod.media.std.obj
 0001:00001d70       ??RGen0@?$TScatterArray@USMountInfo@RLibraryBinTree@std@media@modules@UModSys@@USMountIndex@23456@U723456@U?$TNodeDeleter0@U?$TScatterArrayNode@USMountInfo@RLibraryBinTree@std@media@modules@UModSys@@USMountIndex@23456@@tl@UModSys@@@tl@6@@tl@UModSys@@QBEPAU?$TScatterArrayNode@USMountInfo@RLibraryBinTree@std@media@modules@UModSys@@USMountIndex@23456@@23@ABUCmp@123@ABU?$TTreeHoldRBD@U?$TScatterArrayNode@USMountInfo@RLibraryBinTree@std@media@modules@UModSys@@USMountIndex@23456@@tl@UModSys@@U?$TNodeDeleter0@U?$TScatterArrayNode@USMountInfo@RLibraryBinTree@std@media@modules@UModSys@@USMountIndex@23456@@tl@UModSys@@@23@@23@@Z 00402d70 f i umodsys_lib_libmedia:umodsys.mod.media.std.obj
 0001:00001e10       ??1?$TRefObject@UIModObject@base@UModSys@@U?$TModObjectFunc@UIModObject@base@UModSys@@@tl@3@@tl@UModSys@@QAE@XZ 00402e10 f i umodsys_lib_libmedia:umodsys.mod.media.std.obj
 0001:00001e30       ?insert_color@?$TTreeHoldRB@U?$TQuantArrayNode@USSourceContext@core@UModSys@@$0BAA@@tl@UModSys@@@tl@UModSys@@IAEXPAU?$TQuantArrayNode@USSourceContext@core@UModSys@@$0BAA@@23@@Z 00402e30 f i umodsys_lib_basesys:umodsys.basesys.rsystem.obj
 0001:00001e30       ?insert_color@?$TTreeHoldRB@U?$TQuantArrayNode@USUniquePointerInfo@core@UModSys@@$0BAA@@tl@UModSys@@@tl@UModSys@@IAEXPAU?$TQuantArrayNode@USUniquePointerInfo@core@UModSys@@$0BAA@@23@@Z 00402e30 f i umodsys_lib_basesys:umodsys.basesys.rsystem.obj
 0001:00001e30       ?insert_color@?$TTreeHoldRB@U?$TScatterArrayNode@USCacheElem@RLibraryBinCache@std@media@modules@UModSys@@U?$TString@U?$TSCoreConst@D@su@tl@UModSys@@U?$TComparerBinaryHash@D@234@@tl@6@@tl@UModSys@@@tl@UModSys@@IAEXPAU?$TScatterArrayNode@USCacheElem@RLibraryBinCache@std@media@modules@UModSys@@U?$TString@U?$TSCoreConst@D@su@tl@UModSys@@U?$TComparerBinaryHash@D@234@@tl@6@@23@@Z 00402e30 f i umodsys_lib_libmedia:umodsys.mod.media.std.obj
 0001:00001e30       ?insert_color@?$TTreeHoldRB@U?$TScatterArrayNode@USMountInfo@RLibraryBinTree@std@media@modules@UModSys@@USMountIndex@23456@@tl@UModSys@@@tl@UModSys@@IAEXPAU?$TScatterArrayNode@USMountInfo@RLibraryBinTree@std@media@modules@UModSys@@USMountIndex@23456@@23@@Z 00402e30 f i umodsys_lib_libmedia:umodsys.mod.media.std.obj
 0001:00001fd0       ??$ValidateConstruction@UIRefObject@core@UModSys@@URLibraryBinTree@std@media@modules@3@@core@UModSys@@YA_NAAU?$TRefObject@UIRefObject@core@UModSys@@U?$TRefObjectFunc@UIRefObject@core@UModSys@@@tl@3@@tl@1@PAURLibraryBinTree@std@media@modules@1@@Z 00402fd0 f i umodsys_lib_libmedia:umodsys.mod.media.std.obj
 0001:00001fd0       ??$ValidateConstruction@UIRefObject@core@UModSys@@URLibraryBinCache@std@media@modules@3@@core@UModSys@@YA_NAAU?$TRefObject@UIRefObject@core@UModSys@@U?$TRefObjectFunc@UIRefObject@core@UModSys@@@tl@3@@tl@1@PAURLibraryBinCache@std@media@modules@1@@Z 00402fd0 f i umodsys_lib_libmedia:umodsys.mod.media.std.obj
 0001:00001fd0       ??$ValidateConstruction@UIRefObject@core@UModSys@@URDataArchiver_OsDir@stdio@media@modules@3@@core@UModSys@@YA_NAAU?$TRefObject@UIRefObject@core@UModSys@@U?$TRefObjectFunc@UIRefObject@core@UModSys@@@tl@3@@tl@1@PAURDataArchiver_OsDir@stdio@media@modules@1@@Z 00402fd0 f i umodsys_lib_libmedia:umodsys.mod.media.stdio.obj
 0001:00002050       ??$process_nodes_r@U?$TNodeDeleter0@U?$TScatterArrayNode@USCacheElem@RLibraryBinCache@std@media@modules@UModSys@@U?$TString@U?$TSCoreConst@D@su@tl@UModSys@@U?$TComparerBinaryHash@D@234@@tl@6@@tl@UModSys@@@tl@UModSys@@@?$TTreeHoldRB@U?$TScatterArrayNode@USCacheElem@RLibraryBinCache@std@media@modules@UModSys@@U?$TString@U?$TSCoreConst@D@su@tl@UModSys@@U?$TComparerBinaryHash@D@234@@tl@6@@tl@UModSys@@@tl@UModSys@@KAHPAU?$TScatterArrayNode@USCacheElem@RLibraryBinCache@std@media@modules@UModSys@@U?$TString@U?$TSCoreConst@D@su@tl@UModSys@@U?$TComparerBinaryHash@D@234@@tl@6@@12@ABU?$TNodeDeleter0@U?$TScatterArrayNode@USCacheElem@RLibraryBinCache@std@media@modules@UModSys@@U?$TString@U?$TSCoreConst@D@su@tl@UModSys@@U?$TComparerBinaryHash@D@234@@tl@6@@tl@UModSys@@@12@@Z 00403050 f i umodsys_lib_libmedia:umodsys.mod.media.std.obj
 0001:000020a0       ??$process_nodes_r@U?$TNodeDeleter0@U?$TScatterArrayNode@USMountInfo@RLibraryBinTree@std@media@modules@UModSys@@USMountIndex@23456@@tl@UModSys@@@tl@UModSys@@@?$TTreeHoldRB@U?$TScatterArrayNode@USMountInfo@RLibraryBinTree@std@media@modules@UModSys@@USMountIndex@23456@@tl@UModSys@@@tl@UModSys@@KAHPAU?$TScatterArrayNode@USMountInfo@RLibraryBinTree@std@media@modules@UModSys@@USMountIndex@23456@@12@ABU?$TNodeDeleter0@U?$TScatterArrayNode@USMountInfo@RLibraryBinTree@std@media@modules@UModSys@@USMountIndex@23456@@tl@UModSys@@@12@@Z 004030a0 f i umodsys_lib_libmedia:umodsys.mod.media.std.obj
 0001:000020f0       ?s_set@?$TRefObjectFunc@UIRefObject@core@UModSys@@@tl@UModSys@@SAXAAPAUIRefObject@core@3@PAU453@@Z 004030f0 f i umodsys_lib_libmedia:umodsys.mod.media.std.obj
 0001:00002110       ??1SMemShared@core@UModSys@@QAE@XZ 00403110 f i umodsys_lib_libmedia:umodsys.mod.media.stdio.obj
 0001:00002120       ?archive_load_data@libmedia@UModSys@@YA_NAAUIBinArchive@12@ABU?$TString@U?$TSCoreConst@D@su@tl@UModSys@@U?$TComparerBinaryHash@D@234@@tl@2@AAUSCMemShared@core@2@ABUSFlags@12@@Z 00403120 f i umodsys_lib_libmedia:umodsys.mod.media.stdio.obj
 0001:00002300       ?archive_save_data@libmedia@UModSys@@YA_NAAUIBinArchive@12@ABU?$TString@U?$TSCoreConst@D@su@tl@UModSys@@U?$TComparerBinaryHash@D@234@@tl@2@ABUSCMem@core@2@ABUSFlags@12@@Z 00403300 f i umodsys_lib_libmedia:umodsys.mod.media.stdio.obj
 0001:000023b0       ?file_get_size@stdio@media@modules@UModSys@@YA_JPAU_iobuf@@@Z 004033b0 f i umodsys_lib_libmedia:umodsys.mod.media.stdio.obj
 0001:00002400       ?get_interface_info@RStreamReader_FILE@stdio@media@modules@UModSys@@UBEABUSUniquePointerInfo@core@5@XZ 00403400 f i umodsys_lib_libmedia:umodsys.mod.media.stdio.obj
 0001:00002410       ?get_interface_type@RStreamReader_FILE@stdio@media@modules@UModSys@@UBEPBUSUniquePointerInfo@core@5@XZ 00403410 f i umodsys_lib_libmedia:umodsys.mod.media.stdio.obj
 0001:00002420       ?get_interface_types@RGenerator@stdio@media@modules@UModSys@@UBEIAAUSUniquePtrList@core@5@@Z 00403420 f i umodsys_lib_libmedia:umodsys.mod.media.stdio.obj
 0001:00002420       ?get_interface_types@RModule@rsystem@base@UModSys@@UBEIAAUSUniquePtrList@core@4@@Z 00403420 f i umodsys_lib_basesys:umodsys.basesys.rmodule.obj
 0001:00002420       ?get_interface_types@RStreamWriter_FILE@stdio@media@modules@UModSys@@UBEIAAUSUniquePtrList@core@5@@Z 00403420 f i umodsys_lib_libmedia:umodsys.mod.media.stdio.obj
 0001:00002420       ?get_interface_types@RLibraryBinCache@std@media@modules@UModSys@@UBEIAAUSUniquePtrList@core@5@@Z 00403420 f i umodsys_lib_libmedia:umodsys.mod.media.std.obj
 0001:00002420       ?get_interface_types@RSystem@rsystem@base@UModSys@@UBEIAAUSUniquePtrList@core@4@@Z 00403420 f i umodsys_lib_basesys:umodsys.basesys.rsystem_main.obj
 0001:00002420       ?get_interface_types@RGenerator@std@media@modules@UModSys@@UBEIAAUSUniquePtrList@core@5@@Z 00403420 f i umodsys_lib_libmedia:umodsys.mod.media.std.obj
 0001:00002420       ?get_interface_types@RStreamReader_FILE@stdio@media@modules@UModSys@@UBEIAAUSUniquePtrList@core@5@@Z 00403420 f i umodsys_lib_libmedia:umodsys.mod.media.stdio.obj
 0001:00002420       ?get_interface_types@RModuleLibrarySO@rsystem@base@UModSys@@UBEIAAUSUniquePtrList@core@4@@Z 00403420 f i umodsys_lib_basesys:umodsys.basesys.rmodulelibso.obj
 0001:00002420       ?get_interface_types@RDataArchiver_OsDir@stdio@media@modules@UModSys@@UBEIAAUSUniquePtrList@core@5@@Z 00403420 f i umodsys_lib_libmedia:umodsys.mod.media.stdio.obj
 0001:00002420       ?get_interface_types@RModuleLibraryThis@rsystem@base@UModSys@@UBEIAAUSUniquePtrList@core@4@@Z 00403420 f i umodsys_lib_basesys:umodsys.basesys.rmodulelibthis.obj
 0001:00002420       ?get_interface_types@RConsole_std@rsystem@base@UModSys@@UBEIAAUSUniquePtrList@core@4@@Z 00403420 f i umodsys_lib_basesys:umodsys.basesys.rconsole_std.obj
 0001:00002420       ?get_interface_types@ISystem@base@UModSys@@UBEIAAUSUniquePtrList@core@3@@Z 00403420 f i umodsys_lib_basesys:umodsys.basesys.rsystem_main.obj
 0001:00002420       ?get_interface_types@RLibraryBinTree@std@media@modules@UModSys@@UBEIAAUSUniquePtrList@core@5@@Z 00403420 f i umodsys_lib_libmedia:umodsys.mod.media.std.obj
 0001:00002420       ?get_interface_types@RParameters@rsystem@base@UModSys@@UBEIAAUSUniquePtrList@core@4@@Z 00403420 f i umodsys_lib_basesys:umodsys.basesys.rparameters.obj
 0001:00002430       ?get_other_interface@RStreamReader_FILE@stdio@media@modules@UModSys@@UBEPBUIRoot@core@5@PBUSUniquePointerInfo@75@@Z 00403430 f i umodsys_lib_libmedia:umodsys.mod.media.stdio.obj
 0001:00002430       ?get_other_interface@RStreamReader_FILE@stdio@media@modules@UModSys@@UAEPAUIRoot@core@5@PBUSUniquePointerInfo@75@@Z 00403430 f i umodsys_lib_libmedia:umodsys.mod.media.stdio.obj
 0001:00002460       ?ref_remove@RGenerator@std@media@modules@UModSys@@UBEXXZ 00403460 f i umodsys_lib_libmedia:umodsys.mod.media.std.obj
 0001:00002460       ?ref_remove@RStreamReader_FILE@stdio@media@modules@UModSys@@UBEXXZ 00403460 f i umodsys_lib_libmedia:umodsys.mod.media.stdio.obj
 0001:00002460       ?ref_remove@RGenerator@stdio@media@modules@UModSys@@UBEXXZ 00403460 f i umodsys_lib_libmedia:umodsys.mod.media.stdio.obj
 0001:00002460       ?ref_remove@RStreamWriter_FILE@stdio@media@modules@UModSys@@UBEXXZ 00403460 f i umodsys_lib_libmedia:umodsys.mod.media.stdio.obj
 0001:00002460       ?ref_remove@RDataArchiver_OsDir@stdio@media@modules@UModSys@@UBEXXZ 00403460 f i umodsys_lib_libmedia:umodsys.mod.media.stdio.obj
 0001:00002470       ??0RStreamReader_FILE@stdio@media@modules@UModSys@@QAE@PAUIModObject@base@4@ABUSParameters@core@4@@Z 00403470 f i umodsys_lib_libmedia:umodsys.mod.media.stdio.obj
 0001:00002520       ??0RStreamReader_FILE@stdio@media@modules@UModSys@@QAE@PAUIModObject@base@4@PBD@Z 00403520 f i umodsys_lib_libmedia:umodsys.mod.media.stdio.obj
 0001:000025b0       ?get_size@RStreamReader_FILE@stdio@media@modules@UModSys@@QAEXXZ 004035b0 f i umodsys_lib_libmedia:umodsys.mod.media.stdio.obj
 0001:00002620       ?reader_seek@RStreamReader_FILE@stdio@media@modules@UModSys@@UAE_N_J@Z 00403620 f i umodsys_lib_libmedia:umodsys.mod.media.stdio.obj
 0001:00002650       ?reader_seekend@RStreamReader_FILE@stdio@media@modules@UModSys@@UAE_N_J@Z 00403650 f i umodsys_lib_libmedia:umodsys.mod.media.stdio.obj
 0001:00002680       ?reader_seekdelta@RStreamReader_FILE@stdio@media@modules@UModSys@@UAE_N_J@Z 00403680 f i umodsys_lib_libmedia:umodsys.mod.media.stdio.obj
 0001:000026b0       ?reader_pos@RStreamReader_FILE@stdio@media@modules@UModSys@@UAE_JXZ 004036b0 f i umodsys_lib_libmedia:umodsys.mod.media.stdio.obj
 0001:000026d0       ?reader_size@RStreamReader_FILE@stdio@media@modules@UModSys@@UAE_JXZ 004036d0 f i umodsys_lib_libmedia:umodsys.mod.media.stdio.obj
 0001:000026e0       ?reader_read@RStreamReader_FILE@stdio@media@modules@UModSys@@UAE_NPAXI@Z 004036e0 f i umodsys_lib_libmedia:umodsys.mod.media.stdio.obj
 0001:00002760       ?reader_close@RStreamReader_FILE@stdio@media@modules@UModSys@@UAEXXZ 00403760 f i umodsys_lib_libmedia:umodsys.mod.media.stdio.obj
 0001:00002780       ??_GRStreamReader_FILE@stdio@media@modules@UModSys@@UAEPAXI@Z 00403780 f i umodsys_lib_libmedia:umodsys.mod.media.stdio.obj
 0001:00002780       ??_ERStreamReader_FILE@stdio@media@modules@UModSys@@UAEPAXI@Z 00403780 f i  CIL library: CIL module
 0001:000027c0       ?get_interface_info@RStreamWriter_FILE@stdio@media@modules@UModSys@@UBEABUSUniquePointerInfo@core@5@XZ 004037c0 f i umodsys_lib_libmedia:umodsys.mod.media.stdio.obj
 0001:000027d0       ?get_interface_type@RStreamWriter_FILE@stdio@media@modules@UModSys@@UBEPBUSUniquePointerInfo@core@5@XZ 004037d0 f i umodsys_lib_libmedia:umodsys.mod.media.stdio.obj
 0001:000027e0       ?get_other_interface@RStreamWriter_FILE@stdio@media@modules@UModSys@@UAEPAUIRoot@core@5@PBUSUniquePointerInfo@75@@Z 004037e0 f i umodsys_lib_libmedia:umodsys.mod.media.stdio.obj
 0001:000027e0       ?get_other_interface@RStreamWriter_FILE@stdio@media@modules@UModSys@@UBEPBUIRoot@core@5@PBUSUniquePointerInfo@75@@Z 004037e0 f i umodsys_lib_libmedia:umodsys.mod.media.stdio.obj
 0001:00002810       ?ref_add@RStreamWriter_FILE@stdio@media@modules@UModSys@@UBEXXZ 00403810 f i umodsys_lib_libmedia:umodsys.mod.media.stdio.obj
 0001:00002810       ?ref_add@RStreamReader_FILE@stdio@media@modules@UModSys@@UBEXXZ 00403810 f i umodsys_lib_libmedia:umodsys.mod.media.stdio.obj
 0001:00002810       ?ref_add@RGenerator@std@media@modules@UModSys@@UBEXXZ 00403810 f i umodsys_lib_libmedia:umodsys.mod.media.std.obj
 0001:00002810       ?ref_add@RDataArchiver_OsDir@stdio@media@modules@UModSys@@UBEXXZ 00403810 f i umodsys_lib_libmedia:umodsys.mod.media.stdio.obj
 0001:00002810       ?ref_add@RGenerator@stdio@media@modules@UModSys@@UBEXXZ 00403810 f i umodsys_lib_libmedia:umodsys.mod.media.stdio.obj
 0001:00002820       ?suicide@RStreamWriter_FILE@stdio@media@modules@UModSys@@UAEXXZ 00403820 f i umodsys_lib_libmedia:umodsys.mod.media.stdio.obj
 0001:00002820       ?suicide@RStreamReader_FILE@stdio@media@modules@UModSys@@UAEXXZ 00403820 f i umodsys_lib_libmedia:umodsys.mod.media.stdio.obj
 0001:00002820       ?suicide@RDataArchiver_OsDir@stdio@media@modules@UModSys@@UAEXXZ 00403820 f i umodsys_lib_libmedia:umodsys.mod.media.stdio.obj
 0001:00002830       ??1RStreamWriter_FILE@stdio@media@modules@UModSys@@UAE@XZ 00403830 f i umodsys_lib_libmedia:umodsys.mod.media.stdio.obj
 0001:000028a0       ??0RStreamWriter_FILE@stdio@media@modules@UModSys@@QAE@PAUIModObject@base@4@ABUSParameters@core@4@@Z 004038a0 f i umodsys_lib_libmedia:umodsys.mod.media.stdio.obj
 0001:00002920       ??0RStreamWriter_FILE@stdio@media@modules@UModSys@@QAE@PAUIModObject@base@4@PBD_N@Z 00403920 f i umodsys_lib_libmedia:umodsys.mod.media.stdio.obj
 0001:000029e0       ?open@RStreamWriter_FILE@stdio@media@modules@UModSys@@QAEXABUSParameters@core@5@@Z 004039e0 f i umodsys_lib_libmedia:umodsys.mod.media.stdio.obj
 0001:00002a70       ?writer_seek@RStreamWriter_FILE@stdio@media@modules@UModSys@@UAE_N_J@Z 00403a70 f i umodsys_lib_libmedia:umodsys.mod.media.stdio.obj
 0001:00002aa0       ?writer_seekend@RStreamWriter_FILE@stdio@media@modules@UModSys@@UAE_N_J@Z 00403aa0 f i umodsys_lib_libmedia:umodsys.mod.media.stdio.obj
 0001:00002ad0       ?writer_seekdelta@RStreamWriter_FILE@stdio@media@modules@UModSys@@UAE_N_J@Z 00403ad0 f i umodsys_lib_libmedia:umodsys.mod.media.stdio.obj
 0001:00002b00       ?writer_setsize@RStreamWriter_FILE@stdio@media@modules@UModSys@@UAE_N_J@Z 00403b00 f i umodsys_lib_libmedia:umodsys.mod.media.stdio.obj
 0001:00002b50       ?writer_pos@RStreamWriter_FILE@stdio@media@modules@UModSys@@UAE_JXZ 00403b50 f i umodsys_lib_libmedia:umodsys.mod.media.stdio.obj
 0001:00002b70       ?writer_size@RStreamWriter_FILE@stdio@media@modules@UModSys@@UAE_JXZ 00403b70 f i umodsys_lib_libmedia:umodsys.mod.media.stdio.obj
 0001:00002ba0       ?writer_write@RStreamWriter_FILE@stdio@media@modules@UModSys@@UAE_NPBXI@Z 00403ba0 f i umodsys_lib_libmedia:umodsys.mod.media.stdio.obj
 0001:00002c20       ?writer_copy@RStreamWriter_FILE@stdio@media@modules@UModSys@@UAE_NPAUIStreamReader@libmedia@5@_J@Z 00403c20 f i umodsys_lib_libmedia:umodsys.mod.media.stdio.obj
 0001:00002cf0       ?writer_copy@RStreamWriter_FILE@stdio@media@modules@UModSys@@UAE_NPAUIStreamReader@libmedia@5@_J1@Z 00403cf0 f i umodsys_lib_libmedia:umodsys.mod.media.stdio.obj
 0001:00002d40       ?writer_close@RStreamWriter_FILE@stdio@media@modules@UModSys@@UAEXXZ 00403d40 f i umodsys_lib_libmedia:umodsys.mod.media.stdio.obj
 0001:00002d80       ?writer_abort@RStreamWriter_FILE@stdio@media@modules@UModSys@@UAEXXZ 00403d80 f i umodsys_lib_libmedia:umodsys.mod.media.stdio.obj
 0001:00002dc0       ??_ERStreamWriter_FILE@stdio@media@modules@UModSys@@UAEPAXI@Z 00403dc0 f i  CIL library: CIL module
 0001:00002dc0       ??_GRStreamWriter_FILE@stdio@media@modules@UModSys@@UAEPAXI@Z 00403dc0 f i umodsys_lib_libmedia:umodsys.mod.media.stdio.obj
 0001:00002de0       ?get_interface_info@RDataArchiver_OsDir@stdio@media@modules@UModSys@@UBEABUSUniquePointerInfo@core@5@XZ 00403de0 f i umodsys_lib_libmedia:umodsys.mod.media.stdio.obj
 0001:00002df0       ?get_interface_type@RDataArchiver_OsDir@stdio@media@modules@UModSys@@UBEPBUSUniquePointerInfo@core@5@XZ 00403df0 f i umodsys_lib_libmedia:umodsys.mod.media.stdio.obj
 0001:00002e00       ?get_other_interface@RDataArchiver_OsDir@stdio@media@modules@UModSys@@UBEPBUIRoot@core@5@PBUSUniquePointerInfo@75@@Z 00403e00 f i umodsys_lib_libmedia:umodsys.mod.media.stdio.obj
 0001:00002e00       ?get_other_interface@RDataArchiver_OsDir@stdio@media@modules@UModSys@@UAEPAUIRoot@core@5@PBUSUniquePointerInfo@75@@Z 00403e00 f i umodsys_lib_libmedia:umodsys.mod.media.stdio.obj
 0001:00002e30       ?ref_weak@RStreamReader_FILE@stdio@media@modules@UModSys@@UBE_NAAUWeakPointer@IRefObject@core@5@@Z 00403e30 f i umodsys_lib_libmedia:umodsys.mod.media.stdio.obj
 0001:00002e30       ?ref_weak@RStreamWriter_FILE@stdio@media@modules@UModSys@@UBE_NAAUWeakPointer@IRefObject@core@5@@Z 00403e30 f i umodsys_lib_libmedia:umodsys.mod.media.stdio.obj
 0001:00002e30       ?ref_weak@RGenerator@stdio@media@modules@UModSys@@UBE_NAAUWeakPointer@IRefObject@core@5@@Z 00403e30 f i umodsys_lib_libmedia:umodsys.mod.media.stdio.obj
 0001:00002e30       ?ref_weak@RDataArchiver_OsDir@stdio@media@modules@UModSys@@UBE_NAAUWeakPointer@IRefObject@core@5@@Z 00403e30 f i umodsys_lib_libmedia:umodsys.mod.media.stdio.obj
 0001:00002e30       ?ref_weak@RGenerator@std@media@modules@UModSys@@UBE_NAAUWeakPointer@IRefObject@core@5@@Z 00403e30 f i umodsys_lib_libmedia:umodsys.mod.media.std.obj
 0001:00002e50       ??0RDataArchiver_OsDir@stdio@media@modules@UModSys@@QAE@PAUIModObject@base@4@ABUSParameters@core@4@U?$TFlags4State@USMediaFlagUid@libmedia@UModSys@@I@tl@4@@Z 00403e50 f i umodsys_lib_libmedia:umodsys.mod.media.stdio.obj
 0001:00002ee0       ??1RDataArchiver_OsDir@stdio@media@modules@UModSys@@UAE@XZ 00403ee0 f i umodsys_lib_libmedia:umodsys.mod.media.stdio.obj
 0001:00002f60       ?open@RDataArchiver_OsDir@stdio@media@modules@UModSys@@QAEXABUSParameters@core@5@@Z 00403f60 f i umodsys_lib_libmedia:umodsys.mod.media.stdio.obj
 0001:00003020       ?data_load@RDataArchiver_OsDir@stdio@media@modules@UModSys@@UAE_NABU?$TString@U?$TSCoreConst@D@su@tl@UModSys@@U?$TComparerBinaryHash@D@234@@tl@5@AAUSCMemShared@core@5@ABUSFlags@libmedia@5@@Z 00404020 f i umodsys_lib_libmedia:umodsys.mod.media.stdio.obj
 0001:00003040       ?data_save@RDataArchiver_OsDir@stdio@media@modules@UModSys@@UAE_NABU?$TString@U?$TSCoreConst@D@su@tl@UModSys@@U?$TComparerBinaryHash@D@234@@tl@5@ABUSCMem@core@5@ABUSFlags@libmedia@5@@Z 00404040 f i umodsys_lib_libmedia:umodsys.mod.media.stdio.obj
 0001:00003060       ?data_reader@RDataArchiver_OsDir@stdio@media@modules@UModSys@@UAE?AU?$TRefObject@UIStreamReader@libmedia@UModSys@@U?$TRefObjectFunc@UIStreamReader@libmedia@UModSys@@@tl@3@@tl@5@ABU?$TString@U?$TSCoreConst@D@su@tl@UModSys@@U?$TComparerBinaryHash@D@234@@75@ABUSFlags@libmedia@5@@Z 00404060 f i umodsys_lib_libmedia:umodsys.mod.media.stdio.obj
 0001:000031f0       ?data_writer@RDataArchiver_OsDir@stdio@media@modules@UModSys@@UAE?AU?$TRefObject@UIStreamWriter@libmedia@UModSys@@U?$TRefObjectFunc@UIStreamWriter@libmedia@UModSys@@@tl@3@@tl@5@ABU?$TString@U?$TSCoreConst@D@su@tl@UModSys@@U?$TComparerBinaryHash@D@234@@75@ABUSFlags@libmedia@5@@Z 004041f0 f i umodsys_lib_libmedia:umodsys.mod.media.stdio.obj
 0001:00003390       ?data_list@RDataArchiver_OsDir@stdio@media@modules@UModSys@@UAE_NABU?$TString@U?$TSCoreConst@D@su@tl@UModSys@@U?$TComparerBinaryHash@D@234@@tl@5@AAU?$TIStackSocket@USFileInfo@libmedia@UModSys@@@75@@Z 00404390 f i umodsys_lib_libmedia:umodsys.mod.media.stdio.obj
 0001:000033f0       ?get_permissions@RDataArchiver_OsDir@stdio@media@modules@UModSys@@UAEHXZ 004043f0 f i umodsys_lib_libmedia:umodsys.mod.media.stdio.obj
 0001:00003400       ??_GRDataArchiver_OsDir@stdio@media@modules@UModSys@@UAEPAXI@Z 00404400 f i umodsys_lib_libmedia:umodsys.mod.media.stdio.obj
 0001:00003400       ??_ERDataArchiver_OsDir@stdio@media@modules@UModSys@@UAEPAXI@Z 00404400 f i  CIL library: CIL module
 0001:00003420       ??1IStreamWriter@libmedia@UModSys@@UAE@XZ 00404420 f i umodsys_lib_libmedia:umodsys.mod.media.stdio.obj
 0001:00003420       ??1ILibraryBinCache@libmedia@UModSys@@UAE@XZ 00404420 f i umodsys_lib_libmedia:umodsys.mod.media.std.obj
 0001:00003420       ??1ILibraryBinTree@libmedia@UModSys@@UAE@XZ 00404420 f i umodsys_lib_libmedia:umodsys.mod.media.std.obj
 0001:00003420       ??1IStreamReader@libmedia@UModSys@@UAE@XZ 00404420 f i umodsys_lib_libmedia:umodsys.mod.media.stdio.obj
 0001:00003420       ??1IBinArchive@libmedia@UModSys@@UAE@XZ 00404420 f i umodsys_lib_libmedia:umodsys.mod.media.stdio.obj
 0001:00003430       ?get_generated_names@RGenerator@stdio@media@modules@UModSys@@UBEHAAUSUniquePtrList@core@5@@Z 00404430 f i umodsys_lib_libmedia:umodsys.mod.media.stdio.obj
 0001:00003470       ?get_generated_types@RGenerator@stdio@media@modules@UModSys@@UBEHAAUSUniquePtrList@core@5@PBUSUniquePointerInfo@75@@Z 00404470 f i umodsys_lib_libmedia:umodsys.mod.media.stdio.obj
 0001:000034f0       ?generate@RGenerator@stdio@media@modules@UModSys@@UAE_NAAU?$TRefObject@UIRefObject@core@UModSys@@U?$TRefObjectFunc@UIRefObject@core@UModSys@@@tl@3@@tl@5@PBUSUniquePointerInfo@core@5@ABUSParameters@95@@Z 004044f0 f i umodsys_lib_libmedia:umodsys.mod.media.stdio.obj
 0001:00003550       ?get_interface_info@RGenerator@stdio@media@modules@UModSys@@UBEABUSUniquePointerInfo@core@5@XZ 00404550 f i umodsys_lib_libmedia:umodsys.mod.media.stdio.obj
 0001:00003560       ?get_interface_type@RGenerator@stdio@media@modules@UModSys@@UBEPBUSUniquePointerInfo@core@5@XZ 00404560 f i umodsys_lib_libmedia:umodsys.mod.media.stdio.obj
 0001:00003570       ?get_other_interface@RGenerator@stdio@media@modules@UModSys@@UAEPAUIRoot@core@5@PBUSUniquePointerInfo@75@@Z 00404570 f i umodsys_lib_libmedia:umodsys.mod.media.stdio.obj
 0001:00003570       ?get_other_interface@RGenerator@stdio@media@modules@UModSys@@UBEPBUIRoot@core@5@PBUSUniquePointerInfo@75@@Z 00404570 f i umodsys_lib_libmedia:umodsys.mod.media.stdio.obj
 0001:000035b0       ?get_uid@RGenerator@stdio@media@modules@UModSys@@UBEPBUSUniquePointerInfo@core@5@XZ 004045b0 f i umodsys_lib_libmedia:umodsys.mod.media.stdio.obj
 0001:000035c0       ?do_open@RModuleReg@stdio@media@modules@UModSys@@UAE_NXZ 004045c0 f i umodsys_lib_libmedia:umodsys.mod.media.stdio.obj
 0001:000035d0       ?do_close@RModuleReg@stdio@media@modules@UModSys@@UAE_NXZ 004045d0 f i umodsys_lib_libmedia:umodsys.mod.media.stdio.obj
 0001:000035e0       ??_ERModuleReg@stdio@media@modules@UModSys@@UAEPAXI@Z 004045e0 f i  CIL library: CIL module
 0001:000035e0       ??_GRModuleReg@stdio@media@modules@UModSys@@UAEPAXI@Z 004045e0 f i umodsys_lib_libmedia:umodsys.mod.media.stdio.obj
 0001:00003610       ??_EIRefObject@core@UModSys@@UAEPAXI@Z 00404610 f i  CIL library: CIL module
 0001:00003610       ??_ERGenerator@std@media@modules@UModSys@@UAEPAXI@Z 00404610 f i  CIL library: CIL module
 0001:00003610       ??_GRGenerator@stdio@media@modules@UModSys@@UAEPAXI@Z 00404610 f i umodsys_lib_libmedia:umodsys.mod.media.stdio.obj
 0001:00003610       ??_GIRefObject@core@UModSys@@UAEPAXI@Z 00404610 f i umodsys_lib_libmedia:umodsys.mod.media.std.obj
 0001:00003610       ??_ERGenerator@stdio@media@modules@UModSys@@UAEPAXI@Z 00404610 f i  CIL library: CIL module
 0001:00003610       ??_GRGenerator@std@media@modules@UModSys@@UAEPAXI@Z 00404610 f i umodsys_lib_libmedia:umodsys.mod.media.std.obj
 0001:00003630       ?obj_delete@?$TRefObjectLinksModObject@URStreamReader_FILE@stdio@media@modules@UModSys@@UIModObject@base@5@@tl@UModSys@@QBEXPAURStreamReader_FILE@stdio@media@modules@3@@Z 00404630 f i umodsys_lib_libmedia:umodsys.mod.media.stdio.obj
 0001:00003630       ?obj_delete@?$TRefObjectLinksModObject@URLibraryBinCache@std@media@modules@UModSys@@UIModObject@base@5@@tl@UModSys@@QBEXPAURLibraryBinCache@std@media@modules@3@@Z 00404630 f i umodsys_lib_libmedia:umodsys.mod.media.std.obj
 0001:00003630       ?obj_delete@?$TRefObjectLinksModObject@URDataArchiver_OsDir@stdio@media@modules@UModSys@@UIModObject@base@5@@tl@UModSys@@QBEXPAURDataArchiver_OsDir@stdio@media@modules@3@@Z 00404630 f i umodsys_lib_libmedia:umodsys.mod.media.stdio.obj
 0001:00003630       ?obj_delete@?$TRefObjectLinksModObject@URLibraryBinTree@std@media@modules@UModSys@@UIModObject@base@5@@tl@UModSys@@QBEXPAURLibraryBinTree@std@media@modules@3@@Z 00404630 f i umodsys_lib_libmedia:umodsys.mod.media.std.obj
 0001:00003630       ?obj_delete@?$TRefObjectLinksModObject@URStreamWriter_FILE@stdio@media@modules@UModSys@@UIModObject@base@5@@tl@UModSys@@QBEXPAURStreamWriter_FILE@stdio@media@modules@3@@Z 00404630 f i umodsys_lib_libmedia:umodsys.mod.media.stdio.obj
 0001:000036a0       ??$ValidateConstruction@UIRefObject@core@UModSys@@URStreamReader_FILE@stdio@media@modules@3@@core@UModSys@@YA_NAAU?$TRefObject@UIRefObject@core@UModSys@@U?$TRefObjectFunc@UIRefObject@core@UModSys@@@tl@3@@tl@1@PAURStreamReader_FILE@stdio@media@modules@1@@Z 004046a0 f i umodsys_lib_libmedia:umodsys.mod.media.stdio.obj
 0001:000036a0       ??$ValidateConstruction@UIStreamReader@libmedia@UModSys@@URStreamReader_FILE@stdio@media@modules@3@@core@UModSys@@YA_NAAU?$TRefObject@UIStreamReader@libmedia@UModSys@@U?$TRefObjectFunc@UIStreamReader@libmedia@UModSys@@@tl@3@@tl@1@PAURStreamReader_FILE@stdio@media@modules@1@@Z 004046a0 f i umodsys_lib_libmedia:umodsys.mod.media.stdio.obj
 0001:00003730       ??$yes@U?$TFlags4StateShift@USMediaFlagUid@libmedia@UModSys@@I$09@tl@UModSys@@@SFlags@libmedia@UModSys@@QBE_NABU?$TFlags4State@USMediaFlagUid@libmedia@UModSys@@I@tl@2@@Z 00404730 f i umodsys_lib_libmedia:umodsys.mod.media.stdio.obj
 0001:00003770       ??$t_gen_param@URStreamReader_FILE@stdio@media@modules@UModSys@@URGenerator@2345@@IGenerator@base@UModSys@@IAE_NPAURGenerator@stdio@media@modules@2@AAU?$TRefObject@UIRefObject@core@UModSys@@U?$TRefObjectFunc@UIRefObject@core@UModSys@@@tl@3@@tl@2@PBUSUniquePointerInfo@core@2@ABUSParameters@core@2@@Z 00404770 f i umodsys_lib_libmedia:umodsys.mod.media.stdio.obj
 0001:000037f0       ??$t_gen_param@URStreamWriter_FILE@stdio@media@modules@UModSys@@URGenerator@2345@@IGenerator@base@UModSys@@IAE_NPAURGenerator@stdio@media@modules@2@AAU?$TRefObject@UIRefObject@core@UModSys@@U?$TRefObjectFunc@UIRefObject@core@UModSys@@@tl@3@@tl@2@PBUSUniquePointerInfo@core@2@ABUSParameters@core@2@@Z 004047f0 f i umodsys_lib_libmedia:umodsys.mod.media.stdio.obj
 0001:00003860       ??$t_gen_param@URDataArchiver_OsDir@stdio@media@modules@UModSys@@URGenerator@2345@@IGenerator@base@UModSys@@IAE_NPAURGenerator@stdio@media@modules@2@AAU?$TRefObject@UIRefObject@core@UModSys@@U?$TRefObjectFunc@UIRefObject@core@UModSys@@@tl@3@@tl@2@PBUSUniquePointerInfo@core@2@ABUSParameters@core@2@@Z 00404860 f i umodsys_lib_libmedia:umodsys.mod.media.stdio.obj
 0001:000038d0       ??$ValidateConstruction@UIRefObject@core@UModSys@@URStreamWriter_FILE@stdio@media@modules@3@@core@UModSys@@YA_NAAU?$TRefObject@UIRefObject@core@UModSys@@U?$TRefObjectFunc@UIRefObject@core@UModSys@@@tl@3@@tl@1@PAURStreamWriter_FILE@stdio@media@modules@1@@Z 004048d0 f i umodsys_lib_libmedia:umodsys.mod.media.stdio.obj
 0001:000038d0       ??$ValidateConstruction@UIStreamWriter@libmedia@UModSys@@URStreamWriter_FILE@stdio@media@modules@3@@core@UModSys@@YA_NAAU?$TRefObject@UIStreamWriter@libmedia@UModSys@@U?$TRefObjectFunc@UIStreamWriter@libmedia@UModSys@@@tl@3@@tl@1@PAURStreamWriter_FILE@stdio@media@modules@1@@Z 004048d0 f i umodsys_lib_libmedia:umodsys.mod.media.stdio.obj
 0001:00003960       ??$safe_snprintf@D@syshlp@core@UModSys@@YAIPADIPBDZZ 00404960 f i umodsys_lib_libmedia:umodsys.lib.media.common.obj
 0001:00003970       ?get_interface_info@RConsole_std@rsystem@base@UModSys@@UBEABUSUniquePointerInfo@core@4@XZ 00404970 f i umodsys_lib_basesys:umodsys.basesys.rconsole_std.obj
 0001:00003980       ?get_interface_type@RConsole_std@rsystem@base@UModSys@@UBEPBUSUniquePointerInfo@core@4@XZ 00404980 f i umodsys_lib_basesys:umodsys.basesys.rconsole_std.obj
 0001:00003990       ?get_other_interface@RConsole_std@rsystem@base@UModSys@@UAEPAUIRoot@core@4@PBUSUniquePointerInfo@64@@Z 00404990 f i umodsys_lib_basesys:umodsys.basesys.rconsole_std.obj
 0001:00003990       ?get_other_interface@RConsole_std@rsystem@base@UModSys@@UBEPBUIRoot@core@4@PBUSUniquePointerInfo@64@@Z 00404990 f i umodsys_lib_basesys:umodsys.basesys.rconsole_std.obj
 0001:000039c0       ??_GRConsole_std@rsystem@base@UModSys@@UAEPAXI@Z 004049c0 f i umodsys_lib_basesys:umodsys.basesys.rconsole_std.obj
 0001:000039c0       ??_ERConsole_std@rsystem@base@UModSys@@UAEPAXI@Z 004049c0 f i  CIL library: CIL module
 0001:000039e0       ??_GIConsole@base@UModSys@@UAEPAXI@Z 004049e0 f i umodsys_lib_basesys:umodsys.basesys.rconsole_std.obj
 0001:000039e0       ??_EIConsole@base@UModSys@@UAEPAXI@Z 004049e0 f i  CIL library: CIL module
 0001:00003a00       ?mem_free@SMemAlloc_Malloc@core@UModSys@@SAXPAXPBUSSourceContext@23@@Z 00404a00 f i umodsys_lib_basesys:umodsys.basesys.rsystem_main.obj
 0001:00003a20       ?decode_error@EExceptionBase@core@UModSys@@UBEHPADI@Z 00404a20 f i umodsys_lib_basesys:umodsys.basesys.rsystem_main.obj
 0001:00003a50       ??_GEExceptionBase@core@UModSys@@UAEPAXI@Z 00404a50 f i umodsys_lib_basesys:umodsys.basesys.rsystem_main.obj
 0001:00003a50       ??_EEExceptionBase@core@UModSys@@UAEPAXI@Z 00404a50 f i  CIL library: CIL module
 0001:00003a50       ??_GEFatal@core@UModSys@@UAEPAXI@Z 00404a50 f i umodsys_lib_basesys:umodsys.basesys.rsystem_main.obj
 0001:00003a50       ??_EEWarning@core@UModSys@@UAEPAXI@Z 00404a50 f i  CIL library: CIL module
 0001:00003a50       ??_GEWarning@core@UModSys@@UAEPAXI@Z 00404a50 f i umodsys_lib_basesys:umodsys.basesys.rsystem_main.obj
 0001:00003a50       ??_EEFatal@core@UModSys@@UAEPAXI@Z 00404a50 f i  CIL library: CIL module
 0001:00003a70       ?decode_error@EFatal@core@UModSys@@UBEHPADI@Z 00404a70 f i umodsys_lib_basesys:umodsys.basesys.rsystem_main.obj
 0001:00003aa0       ??0EWarning@core@UModSys@@QAE@PBUSSourceContext@12@HPBD@Z 00404aa0 f i umodsys_lib_basesys:umodsys.basesys.rsystem_main.obj
 0001:00003ae0       ?decode_error@EWarning@core@UModSys@@UBEHPADI@Z 00404ae0 f i umodsys_lib_basesys:umodsys.basesys.rsystem_main.obj
 0001:00003b10       ??1EWarning@core@UModSys@@UAE@XZ 00404b10 f i umodsys_lib_basesys:umodsys.basesys.rsystem_main.obj
 0001:00003b10       ??1EFatal@core@UModSys@@UAE@XZ 00404b10 f i umodsys_lib_basesys:umodsys.basesys.rsystem_main.obj
 0001:00003b20       ?get_interface_info@ISystem@base@UModSys@@UBEABUSUniquePointerInfo@core@3@XZ 00404b20 f i umodsys_lib_basesys:umodsys.basesys.rsystem_main.obj
 0001:00003b30       ?get_interface_type@ISystem@base@UModSys@@UBEPBUSUniquePointerInfo@core@3@XZ 00404b30 f i umodsys_lib_basesys:umodsys.basesys.rsystem_main.obj
 0001:00003b40       ?get_other_interface@ISystem@base@UModSys@@UAEPAUIRoot@core@3@PBUSUniquePointerInfo@53@@Z 00404b40 f i umodsys_lib_basesys:umodsys.basesys.rsystem_main.obj
 0001:00003b40       ?get_other_interface@ISystem@base@UModSys@@UBEPBUIRoot@core@3@PBUSUniquePointerInfo@53@@Z 00404b40 f i umodsys_lib_basesys:umodsys.basesys.rsystem_main.obj
 0001:00003b60       ?get_interface_info@RSystem@rsystem@base@UModSys@@UBEABUSUniquePointerInfo@core@4@XZ 00404b60 f i umodsys_lib_basesys:umodsys.basesys.rsystem_main.obj
 0001:00003b70       ?get_interface_type@RSystem@rsystem@base@UModSys@@UBEPBUSUniquePointerInfo@core@4@XZ 00404b70 f i umodsys_lib_basesys:umodsys.basesys.rsystem_main.obj
 0001:00003b80       ?get_other_interface@RSystem@rsystem@base@UModSys@@UAEPAUIRoot@core@4@PBUSUniquePointerInfo@64@@Z 00404b80 f i umodsys_lib_basesys:umodsys.basesys.rsystem_main.obj
 0001:00003b80       ?get_other_interface@RSystem@rsystem@base@UModSys@@UBEPBUIRoot@core@4@PBUSUniquePointerInfo@64@@Z 00404b80 f i umodsys_lib_basesys:umodsys.basesys.rsystem_main.obj
 0001:00003ba0       ??_GRSystem@rsystem@base@UModSys@@UAEPAXI@Z 00404ba0 f i umodsys_lib_basesys:umodsys.basesys.rsystem_main.obj
 0001:00003ba0       ??_ERSystem@rsystem@base@UModSys@@UAEPAXI@Z 00404ba0 f i  CIL library: CIL module
 0001:00003bc0       ??_EISystem@base@UModSys@@UAEPAXI@Z 00404bc0 f i  CIL library: CIL module
 0001:00003bc0       ??_GISystem@base@UModSys@@UAEPAXI@Z 00404bc0 f i umodsys_lib_basesys:umodsys.basesys.rsystem_main.obj
 0001:00003be0       ??1?$TStaticStringPool@DU?$TComparerBinaryHash@D@su@tl@UModSys@@USMemAlloc_Malloc@core@4@@tl@UModSys@@QAE@XZ 00404be0 f i umodsys_lib_basesys:umodsys.basesys.rsystem_main.obj
 0001:00003bf0       ??1?$TQuantArrayUnique@USUniquePointerInfo@core@UModSys@@$0BAA@USMemAlloc_Malloc@23@@tl@UModSys@@QAE@XZ 00404bf0 f i umodsys_lib_basesys:umodsys.basesys.rsystem_main.obj
 0001:00003bf0       ??1?$TQuantArrayUnique@USSourceContext@core@UModSys@@$0BAA@USMemAlloc_Malloc@23@@tl@UModSys@@QAE@XZ 00404bf0 f i umodsys_lib_basesys:umodsys.basesys.rsystem_main.obj
 0001:00003c70       ??1?$TTreeHoldRBD@U?$TQuantArrayNode@USSourceContext@core@UModSys@@$0BAA@@tl@UModSys@@U?$TNodeDeleter@U?$TQuantArrayNode@USSourceContext@core@UModSys@@$0BAA@@tl@UModSys@@USMemAlloc_Malloc@core@3@@23@@tl@UModSys@@QAE@XZ 00404c70 f i umodsys_lib_basesys:umodsys.basesys.rsystem_main.obj
 0001:00003c70       ??1?$TTreeHoldRBD@U?$TQuantArrayNode@USUniquePointerInfo@core@UModSys@@$0BAA@@tl@UModSys@@U?$TNodeDeleter@U?$TQuantArrayNode@USUniquePointerInfo@core@UModSys@@$0BAA@@tl@UModSys@@USMemAlloc_Malloc@core@3@@23@@tl@UModSys@@QAE@XZ 00404c70 f i umodsys_lib_basesys:umodsys.basesys.rsystem_main.obj
 0001:00003cc0       ??0?$TRMemAlloc_CC@U?$TMemAllocHeader@USMagic@mem_headers@rsystem@base@UModSys@@U?$TPool@X@2345@USDebug@2345@UVoid@core@5@U895@@rsystem@base@UModSys@@USMemAlloc_Malloc@core@4@@rsystem@base@UModSys@@QAE@PAUIExceptionHandler@core@3@@Z 00404cc0 f i umodsys_lib_basesys:umodsys.basesys.rsystem_main.obj
 0001:00003ce0       ??1?$TRMemAlloc_CC@U?$TMemAllocHeader@USMagic@mem_headers@rsystem@base@UModSys@@U?$TPool@X@2345@USDebug@2345@UVoid@core@5@U895@@rsystem@base@UModSys@@USMemAlloc_Malloc@core@4@@rsystem@base@UModSys@@QAE@XZ 00404ce0 f i umodsys_lib_basesys:umodsys.basesys.rsystem_main.obj
 0001:00003cf0       ?mem_alloc@?$TRMemAlloc_CC@U?$TMemAllocHeader@USMagic@mem_headers@rsystem@base@UModSys@@U?$TPool@X@2345@USDebug@2345@UVoid@core@5@U895@@rsystem@base@UModSys@@USMemAlloc_Malloc@core@4@@rsystem@base@UModSys@@UAEPAXIPBUSSourceContext@core@4@@Z 00404cf0 f i umodsys_lib_basesys:umodsys.basesys.rsystem_main.obj
 0001:00003d50       ?mem_realloc@?$TRMemAlloc_CC@U?$TMemAllocHeader@USMagic@mem_headers@rsystem@base@UModSys@@U?$TPool@X@2345@USDebug@2345@UVoid@core@5@U895@@rsystem@base@UModSys@@USMemAlloc_Malloc@core@4@@rsystem@base@UModSys@@UAEPAXPAXIPBUSSourceContext@core@4@@Z 00404d50 f i umodsys_lib_basesys:umodsys.basesys.rsystem_main.obj
 0001:00003f10       ?mem_free@?$TRMemAlloc_CC@U?$TMemAllocHeader@USMagic@mem_headers@rsystem@base@UModSys@@U?$TPool@X@2345@USDebug@2345@UVoid@core@5@U895@@rsystem@base@UModSys@@USMemAlloc_Malloc@core@4@@rsystem@base@UModSys@@UAEXPAXPBUSSourceContext@core@4@@Z 00404f10 f i umodsys_lib_basesys:umodsys.basesys.rsystem_main.obj
 0001:00004000       ?free@?$TStaticStringPool@DU?$TComparerBinaryHash@D@su@tl@UModSys@@USMemAlloc_Malloc@core@4@@tl@UModSys@@QAEXXZ 00405000 f i umodsys_lib_basesys:umodsys.basesys.rsystem_main.obj
 0001:00004050       ?clear@?$TMemAllocHeader@USMagic@mem_headers@rsystem@base@UModSys@@U?$TPool@X@2345@USDebug@2345@UVoid@core@5@U895@@rsystem@base@UModSys@@QAEXXZ 00405050 f i umodsys_lib_basesys:umodsys.basesys.rsystem_main.obj
 0001:00004080       ?persist_ctx@?$TRMemAlloc_CC@U?$TMemAllocHeader@USMagic@mem_headers@rsystem@base@UModSys@@U?$TPool@X@2345@USDebug@2345@UVoid@core@5@U895@@rsystem@base@UModSys@@USMemAlloc_Malloc@core@4@@rsystem@base@UModSys@@QAEPBUSSourceContext@core@4@PBU564@@Z 00405080 f i umodsys_lib_basesys:umodsys.basesys.rsystem_main.obj
 0001:00004090       ??$process@UEFatal@core@UModSys@@@IExceptionHandler@core@UModSys@@QAEXABUEFatal@12@@Z 00405090 f i umodsys_lib_basesys:umodsys.basesys.rsystem_main.obj
 0001:000040e0       ??$process@UEWarning@core@UModSys@@@IExceptionHandler@core@UModSys@@QAEXABUEWarning@12@@Z 004050e0 f i umodsys_lib_basesys:umodsys.basesys.rsystem_main.obj
 0001:00004130       ??$process_nodes_r@U?$TNodeDeleter@U?$TQuantArrayNode@USSourceContext@core@UModSys@@$0BAA@@tl@UModSys@@USMemAlloc_Malloc@core@3@@tl@UModSys@@@?$TTreeHoldRB@U?$TQuantArrayNode@USSourceContext@core@UModSys@@$0BAA@@tl@UModSys@@@tl@UModSys@@KAHPAU?$TQuantArrayNode@USSourceContext@core@UModSys@@$0BAA@@12@ABU?$TNodeDeleter@U?$TQuantArrayNode@USSourceContext@core@UModSys@@$0BAA@@tl@UModSys@@USMemAlloc_Malloc@core@3@@12@@Z 00405130 f i umodsys_lib_basesys:umodsys.basesys.rsystem_main.obj
 0001:00004130       ??$process_nodes_r@U?$TNodeDeleter@U?$TQuantArrayNode@USUniquePointerInfo@core@UModSys@@$0BAA@@tl@UModSys@@USMemAlloc_Malloc@core@3@@tl@UModSys@@@?$TTreeHoldRB@U?$TQuantArrayNode@USUniquePointerInfo@core@UModSys@@$0BAA@@tl@UModSys@@@tl@UModSys@@KAHPAU?$TQuantArrayNode@USUniquePointerInfo@core@UModSys@@$0BAA@@12@ABU?$TNodeDeleter@U?$TQuantArrayNode@USUniquePointerInfo@core@UModSys@@$0BAA@@tl@UModSys@@USMemAlloc_Malloc@core@3@@12@@Z 00405130 f i umodsys_lib_basesys:umodsys.basesys.rsystem_main.obj
 0001:00004180       ??0EFatal@core@UModSys@@QAE@ABU012@@Z 00405180 f i umodsys_lib_basesys:umodsys.basesys.rsystem_main.obj
 0001:000041c0       ??0EExceptionBase@core@UModSys@@QAE@ABU012@@Z 004051c0 f i umodsys_lib_basesys:umodsys.basesys.rsystem_main.obj
 0001:000041f0       ??0EWarning@core@UModSys@@QAE@ABU012@@Z 004051f0 f i umodsys_lib_basesys:umodsys.basesys.rsystem_main.obj
 0001:00004230       ??1?$TParametersA@$0EAA@@core@UModSys@@QAE@XZ 00405230 f i umodsys_lib_basesys:umodsys.basesys.rsystem_tests.obj
 0001:00004240       ??$t_moduledb_generate@UIShell@base@UModSys@@@IModuleLoader@base@UModSys@@QAE_NAAU?$TRefObject@UIShell@base@UModSys@@U?$TRefObjectFunc@UIShell@base@UModSys@@@tl@3@@tl@2@PBUSUniquePointerInfo@core@2@ABUSParameters@62@@Z 00405240 f i umodsys_lib_basesys:umodsys.basesys.rsystem_tests.obj
 0001:00004310       ??_GRModuleLoader@rsystem@base@UModSys@@UAEPAXI@Z 00405310 f i umodsys_lib_basesys:umodsys.basesys.rmoduleloader.obj
 0001:00004310       ??_ERModuleLoader@rsystem@base@UModSys@@UAEPAXI@Z 00405310 f i  CIL library: CIL module
 0001:00004330       ??_GIModuleLoader@base@UModSys@@UAEPAXI@Z 00405330 f i umodsys_lib_basesys:umodsys.basesys.rmoduleloader.obj
 0001:00004330       ??_EIModuleLoader@base@UModSys@@UAEPAXI@Z 00405330 f i  CIL library: CIL module
 0001:00004350       ??1?$TDynarrayDynamic@U?$TRefObject@URModuleLibrarySO@rsystem@base@UModSys@@U?$TRefObjectFunc@URModuleLibrarySO@rsystem@base@UModSys@@@tl@4@@tl@UModSys@@U?$TAllocator@USMemAlloc_Malloc@core@UModSys@@USCountCalcPower2@23@@23@@tl@UModSys@@QAE@XZ 00405350 f i umodsys_lib_basesys:umodsys.basesys.rmoduleloader.obj
 0001:000043a0       ?append@?$TStaticStringPool@DU?$TComparerBinaryHash@D@su@tl@UModSys@@USMemAlloc_Malloc@core@4@@tl@UModSys@@QAEPBU?$TString@U?$TSCoreConst@D@su@tl@UModSys@@U?$TComparerBinaryHash@D@234@@23@PBDI@Z 004053a0 f i umodsys_lib_basesys:umodsys.basesys.rmoduleloader.obj
 0001:00004560       ?ResizeRel@?$TDynarray@U?$TDynarrayHolderDynamic@U?$TRefObject@URModuleLibrarySO@rsystem@base@UModSys@@U?$TRefObjectFunc@URModuleLibrarySO@rsystem@base@UModSys@@@tl@4@@tl@UModSys@@U?$TAllocator@USMemAlloc_Malloc@core@UModSys@@USCountCalcPower2@23@@23@@tl@UModSys@@@tl@UModSys@@QAE_NH@Z 00405560 f i umodsys_lib_basesys:umodsys.basesys.rmoduleloader.obj
 0001:00004560       ?ResizeRel@?$TDynarray@U?$TDynarrayHolderDynamic@U?$TRefObject@URModule@rsystem@base@UModSys@@U?$TRefObjectFunc@URModule@rsystem@base@UModSys@@@tl@4@@tl@UModSys@@U?$TAllocator@USMemAlloc_Malloc@core@UModSys@@USCountCalcPower2@23@@23@@tl@UModSys@@@tl@UModSys@@QAE_NH@Z 00405560 f i umodsys_lib_basesys:umodsys.basesys.rmodulelib.obj
 0001:000045d0       ?amoveright@?$TTypeConstructor@U?$TRefObject@URModuleLibrarySO@rsystem@base@UModSys@@U?$TRefObjectFunc@URModuleLibrarySO@rsystem@base@UModSys@@@tl@4@@tl@UModSys@@@tl@UModSys@@SAXPAU?$TRefObject@URModuleLibrarySO@rsystem@base@UModSys@@U?$TRefObjectFunc@URModuleLibrarySO@rsystem@base@UModSys@@@tl@4@@23@III@Z 004055d0 f i umodsys_lib_basesys:umodsys.basesys.rmoduleloader.obj
 0001:00004660       ?adestruct@?$TTypeConstructor@U?$TRefObject@URModule@rsystem@base@UModSys@@U?$TRefObjectFunc@URModule@rsystem@base@UModSys@@@tl@4@@tl@UModSys@@@tl@UModSys@@SAXPAU?$TRefObject@URModule@rsystem@base@UModSys@@U?$TRefObjectFunc@URModule@rsystem@base@UModSys@@@tl@4@@23@I@Z 00405660 f i umodsys_lib_basesys:umodsys.basesys.rmodulelib.obj
 0001:00004660       ?adestruct@?$TTypeConstructor@U?$TRefObject@URModuleLibrarySO@rsystem@base@UModSys@@U?$TRefObjectFunc@URModuleLibrarySO@rsystem@base@UModSys@@@tl@4@@tl@UModSys@@@tl@UModSys@@SAXPAU?$TRefObject@URModuleLibrarySO@rsystem@base@UModSys@@U?$TRefObjectFunc@URModuleLibrarySO@rsystem@base@UModSys@@@tl@4@@23@I@Z 00405660 f i umodsys_lib_basesys:umodsys.basesys.rmoduleloader.obj
 0001:000046a0       ?find_s@?$TStaticStringPool@DU?$TComparerBinaryHash@D@su@tl@UModSys@@USMemAlloc_Malloc@core@4@@tl@UModSys@@QBEPBU?$TString@U?$TSCoreConst@D@su@tl@UModSys@@U?$TComparerBinaryHash@D@234@@23@ABU423@@Z 004056a0 f i umodsys_lib_basesys:umodsys.basesys.rmoduleloader.obj
 0001:00004730       ?get_interface_info@RModuleLibraryThis@rsystem@base@UModSys@@UBEABUSUniquePointerInfo@core@4@XZ 00405730 f i umodsys_lib_basesys:umodsys.basesys.rmodulelibthis.obj
 0001:00004740       ?get_interface_type@RModuleLibraryThis@rsystem@base@UModSys@@UBEPBUSUniquePointerInfo@core@4@XZ 00405740 f i umodsys_lib_basesys:umodsys.basesys.rmodulelibthis.obj
 0001:00004750       ?get_other_interface@RModuleLibraryThis@rsystem@base@UModSys@@UBEPBUIRoot@core@4@PBUSUniquePointerInfo@64@@Z 00405750 f i umodsys_lib_basesys:umodsys.basesys.rmodulelibthis.obj
 0001:00004750       ?get_other_interface@RModuleLibraryThis@rsystem@base@UModSys@@UAEPAUIRoot@core@4@PBUSUniquePointerInfo@64@@Z 00405750 f i umodsys_lib_basesys:umodsys.basesys.rmodulelibthis.obj
 0001:00004790       ?ref_add@RModuleLibraryThis@rsystem@base@UModSys@@UBEXXZ 00405790 f i umodsys_lib_basesys:umodsys.basesys.rmodulelibthis.obj
 0001:000047a0       ?ref_remove@RModuleLibraryThis@rsystem@base@UModSys@@UBEXXZ 004057a0 f i umodsys_lib_basesys:umodsys.basesys.rmodulelibthis.obj
 0001:000047b0       ?ref_links@RModuleLibraryThis@rsystem@base@UModSys@@UBEHXZ 004057b0 f i umodsys_lib_basesys:umodsys.basesys.rmodulelibthis.obj
 0001:000047c0       ?ref_weak@RModuleLibraryThis@rsystem@base@UModSys@@UBE_NAAUWeakPointer@IRefObject@core@4@@Z 004057c0 f i umodsys_lib_basesys:umodsys.basesys.rmodulelibthis.obj
 0001:000047e0       ??_ERModuleLibraryThis@rsystem@base@UModSys@@UAEPAXI@Z 004057e0 f i  CIL library: CIL module
 0001:000047e0       ??_GRModuleLibraryThis@rsystem@base@UModSys@@UAEPAXI@Z 004057e0 f i umodsys_lib_basesys:umodsys.basesys.rmodulelibthis.obj
 0001:00004800       ??_GIModuleLibraryUni@rsystem@base@UModSys@@UAEPAXI@Z 00405800 f i umodsys_lib_basesys:umodsys.basesys.rmodulelib.obj
 0001:00004800       ??_EIModuleLibraryUni@rsystem@base@UModSys@@UAEPAXI@Z 00405800 f i  CIL library: CIL module
 0001:00004820       ??_GIModuleLibrary@base@UModSys@@UAEPAXI@Z 00405820 f i umodsys_lib_basesys:umodsys.basesys.rmodulelib.obj
 0001:00004820       ??_EIModuleLibrary@base@UModSys@@UAEPAXI@Z 00405820 f i  CIL library: CIL module
 0001:00004840       ?check_leaks@?$TRMemAlloc_CC@U?$TMemAllocHeader@USMagic@mem_headers@rsystem@base@UModSys@@U?$TPool@X@2345@USDebug@2345@UVoid@core@5@U895@@rsystem@base@UModSys@@USMemAlloc_Malloc@core@4@@rsystem@base@UModSys@@QAEI_NPAUIExceptionHandler@core@4@@Z 00405840 f i umodsys_lib_basesys:umodsys.basesys.rmodulelib.obj
 0001:000048c0       ?ReLink@?$TDynarray@U?$TDynarrayHolderDynamic@U?$TRefObject@URModule@rsystem@base@UModSys@@U?$TRefObjectFunc@URModule@rsystem@base@UModSys@@@tl@4@@tl@UModSys@@U?$TAllocator@USMemAlloc_Malloc@core@UModSys@@USCountCalcPower2@23@@23@@tl@UModSys@@@tl@UModSys@@IAE_NI@Z 004058c0 f i umodsys_lib_basesys:umodsys.basesys.rmodulelib.obj
 0001:000048c0       ?ReLink@?$TDynarray@U?$TDynarrayHolderDynamic@PBUSUniquePointerInfo@core@UModSys@@U?$TAllocator@USMemAlloc_Malloc@core@UModSys@@USCountCalcPower2@23@@tl@3@@tl@UModSys@@@tl@UModSys@@IAE_NI@Z 004058c0 f i umodsys_lib_basesys:umodsys.basesys.rmodule.obj
 0001:000048c0       ?ReLink@?$TDynarray@U?$TDynarrayHolderDynamic@U?$TRefObject@URModuleLibrarySO@rsystem@base@UModSys@@U?$TRefObjectFunc@URModuleLibrarySO@rsystem@base@UModSys@@@tl@4@@tl@UModSys@@U?$TAllocator@USMemAlloc_Malloc@core@UModSys@@USCountCalcPower2@23@@23@@tl@UModSys@@@tl@UModSys@@IAE_NI@Z 004058c0 f i umodsys_lib_basesys:umodsys.basesys.rmoduleloader.obj
[...]
 0001:0000a810       __unwindfunclet$??$t_gen_param@URDataArchiver_OsDir@stdio@media@modules@UModSys@@URGenerator@2345@@IGenerator@base@UModSys@@IAE_NPAURGenerator@stdio@media@modules@2@AAU?$TRefObject@UIRefObject@core@UModSys@@U?$TRefObjectFunc@UIRefObject@core@UModSys@@@tl@3@@tl@2@PBUSUniquePointerInfo@core@2@ABUSParameters@core@2@@Z$0 0040b810 f    CIL library: CIL module
 0001:0000a810       __unwindfunclet$??$t_gen_param@URLibraryBinTree@std@media@modules@UModSys@@URGenerator@2345@@IGenerator@base@UModSys@@IAE_NPAURGenerator@std@media@modules@2@AAU?$TRefObject@UIRefObject@core@UModSys@@U?$TRefObjectFunc@UIRefObject@core@UModSys@@@tl@3@@tl@2@PBUSUniquePointerInfo@core@2@ABUSParameters@core@2@@Z$0 0040b810 f    CIL library: CIL module
 0001:0000a810       __unwindfunclet$??$t_gen_param@URStreamWriter_FILE@stdio@media@modules@UModSys@@URGenerator@2345@@IGenerator@base@UModSys@@IAE_NPAURGenerator@stdio@media@modules@2@AAU?$TRefObject@UIRefObject@core@UModSys@@U?$TRefObjectFunc@UIRefObject@core@UModSys@@@tl@3@@tl@2@PBUSUniquePointerInfo@core@2@ABUSParameters@core@2@@Z$0 0040b810 f    CIL library: CIL module
 0001:0000a810       __unwindfunclet$??$t_gen_param@URStreamReader_FILE@stdio@media@modules@UModSys@@URGenerator@2345@@IGenerator@base@UModSys@@IAE_NPAURGenerator@stdio@media@modules@2@AAU?$TRefObject@UIRefObject@core@UModSys@@U?$TRefObjectFunc@UIRefObject@core@UModSys@@@tl@3@@tl@2@PBUSUniquePointerInfo@core@2@ABUSParameters@core@2@@Z$0 0040b810 f    CIL library: CIL module
 0001:0000a81e       __ehhandler$??$t_gen_param@URDataArchiver_OsDir@stdio@media@modules@UModSys@@URGenerator@2345@@IGenerator@base@UModSys@@IAE_NPAURGenerator@stdio@media@modules@2@AAU?$TRefObject@UIRefObject@core@UModSys@@U?$TRefObjectFunc@UIRefObject@core@UModSys@@@tl@3@@tl@2@PBUSUniquePointerInfo@core@2@ABUSParameters@core@2@@Z 0040b81e f    CIL library: CIL module
 0001:0000a81e       __ehhandler$??$t_gen_param@URLibraryBinTree@std@media@modules@UModSys@@URGenerator@2345@@IGenerator@base@UModSys@@IAE_NPAURGenerator@std@media@modules@2@AAU?$TRefObject@UIRefObject@core@UModSys@@U?$TRefObjectFunc@UIRefObject@core@UModSys@@@tl@3@@tl@2@PBUSUniquePointerInfo@core@2@ABUSParameters@core@2@@Z 0040b81e f    CIL library: CIL module
 0001:0000a81e       __ehhandler$??$t_gen_param@URLibraryBinCache@std@media@modules@UModSys@@URGenerator@2345@@IGenerator@base@UModSys@@IAE_NPAURGenerator@std@media@modules@2@AAU?$TRefObject@UIRefObject@core@UModSys@@U?$TRefObjectFunc@UIRefObject@core@UModSys@@@tl@3@@tl@2@PBUSUniquePointerInfo@core@2@ABUSParameters@core@2@@Z 0040b81e f    CIL library: CIL module
 0001:0000a81e       __ehhandler$??$t_gen_param@URStreamReader_FILE@stdio@media@modules@UModSys@@URGenerator@2345@@IGenerator@base@UModSys@@IAE_NPAURGenerator@stdio@media@modules@2@AAU?$TRefObject@UIRefObject@core@UModSys@@U?$TRefObjectFunc@UIRefObject@core@UModSys@@@tl@3@@tl@2@PBUSUniquePointerInfo@core@2@ABUSParameters@core@2@@Z 0040b81e f    CIL library: CIL module
 0001:0000a81e       __ehhandler$??$t_gen_param@URStreamWriter_FILE@stdio@media@modules@UModSys@@URGenerator@2345@@IGenerator@base@UModSys@@IAE_NPAURGenerator@stdio@media@modules@2@AAU?$TRefObject@UIRefObject@core@UModSys@@U?$TRefObjectFunc@UIRefObject@core@UModSys@@@tl@3@@tl@2@PBUSUniquePointerInfo@core@2@ABUSParameters@core@2@@Z 0040b81e f    CIL library: CIL module
 0001:0000a830       __unwindfunclet$?mem_free@?$TRMemAlloc_CC@U?$TMemAllocHeader@USMagic@mem_headers@rsystem@base@UModSys@@U?$TPool@X@2345@USDebug@2345@UVoid@core@5@U895@@rsystem@base@UModSys@@USMemAlloc_Malloc@core@4@@rsystem@base@UModSys@@UAEXPAXPBUSSourceContext@core@4@@Z$0 0040b830 f    CIL library: CIL module
 0001:0000a838       __ehhandler$?mem_free@?$TRMemAlloc_CC@U?$TMemAllocHeader@USMagic@mem_headers@rsystem@base@UModSys@@U?$TPool@X@2345@USDebug@2345@UVoid@core@5@U895@@rsystem@base@UModSys@@USMemAlloc_Malloc@core@4@@rsystem@base@UModSys@@UAEXPAXPBUSSourceContext@core@4@@Z 0040b838 f    CIL library: CIL module
 0001:0000a850       __unwindfunclet$?mem_realloc@?$TRMemAlloc_CC@U?$TMemAllocHeader@USMagic@mem_headers@rsystem@base@UModSys@@U?$TPool@X@2345@USDebug@2345@UVoid@core@5@U895@@rsystem@base@UModSys@@USMemAlloc_Malloc@core@4@@rsystem@base@UModSys@@UAEPAXPAXIPBUSSourceContext@core@4@@Z$0 0040b850 f    CIL library: CIL module
 0001:0000a858       __unwindfunclet$?mem_realloc@?$TRMemAlloc_CC@U?$TMemAllocHeader@USMagic@mem_headers@rsystem@base@UModSys@@U?$TPool@X@2345@USDebug@2345@UVoid@core@5@U895@@rsystem@base@UModSys@@USMemAlloc_Malloc@core@4@@rsystem@base@UModSys@@UAEPAXPAXIPBUSSourceContext@core@4@@Z$1 0040b858 f    CIL library: CIL module
 0001:0000a860       __ehhandler$?mem_realloc@?$TRMemAlloc_CC@U?$TMemAllocHeader@USMagic@mem_headers@rsystem@base@UModSys@@U?$TPool@X@2345@USDebug@2345@UVoid@core@5@U895@@rsystem@base@UModSys@@USMemAlloc_Malloc@core@4@@rsystem@base@UModSys@@UAEPAXPAXIPBUSSourceContext@core@4@@Z 0040b860 f    CIL library: CIL module
 0001:0000a870       ??__E?s_id@?$TObjectUniqueID@UIRoot@core@UModSys@@@tl@UModSys@@2USUniquePointer@core@3@A@@YAXXZ 0040b870 f    CIL library: CIL module
 0001:0000a8a0       ??__E?s_id@?$TObjectUniqueID@UIRefObject@core@UModSys@@@tl@UModSys@@2USUniquePointer@core@3@A@@YAXXZ 0040b8a0 f    CIL library: CIL module
 0001:0000a8d0       ??__E?s_id@?$TObjectUniqueID@UIParameters@core@UModSys@@@tl@UModSys@@2USUniquePointer@core@3@A@@YAXXZ 0040b8d0 f    CIL library: CIL module
 0001:0000a900       ??__E?s_id@?$TObjectUniqueID@UIModule@base@UModSys@@@tl@UModSys@@2USUniquePointer@core@3@A@@YAXXZ 0040b900 f    CIL library: CIL module
 0001:0000a930       ??__E?s_id@?$TObjectUniqueID@UIModuleLibrary@base@UModSys@@@tl@UModSys@@2USUniquePointer@core@3@A@@YAXXZ 0040b930 f    CIL library: CIL module
 0001:0000a960       ??__E?s_id@?$TObjectUniqueID@UIModObject@base@UModSys@@@tl@UModSys@@2USUniquePointer@core@3@A@@YAXXZ 0040b960 f    CIL library: CIL module
 0001:0000a990       ??__E?s_id@?$TObjectUniqueID@UIGenerator@base@UModSys@@@tl@UModSys@@2USUniquePointer@core@3@A@@YAXXZ 0040b990 f    CIL library: CIL module
 0001:0000a9c0       ??__E?s_id@?$TObjectUniqueID@UIShell@base@UModSys@@@tl@UModSys@@2USUniquePointer@core@3@A@@YAXXZ 0040b9c0 f    CIL library: CIL module
 0001:0000a9f0       ??__E?s_id@?$TObjectUniqueID@UIConsole@base@UModSys@@@tl@UModSys@@2USUniquePointer@core@3@A@@YAXXZ 0040b9f0 f    CIL library: CIL module
 0001:0000aa20       ??__E?s_id@?$TObjectUniqueID@UISystem@base@UModSys@@@tl@UModSys@@2USUniquePointer@core@3@A@@YAXXZ 0040ba20 f    CIL library: CIL module
 0001:0000aa50       ??__E?s_id@?$TObjectUniqueID@URModule@rsystem@base@UModSys@@@tl@UModSys@@2USUniquePointer@core@3@A@@YAXXZ 0040ba50 f    CIL library: CIL module
 0001:0000aa80       ??__E?s_id@?$TObjectUniqueID@UIModuleLibraryUni@rsystem@base@UModSys@@@tl@UModSys@@2USUniquePointer@core@3@A@@YAXXZ 0040ba80 f    CIL library: CIL module
 0001:0000aab0       ??__E?s_id@?$TObjectUniqueID@URModuleLibrarySO@rsystem@base@UModSys@@@tl@UModSys@@2USUniquePointer@core@3@A@@YAXXZ 0040bab0 f    CIL library: CIL module
 0001:0000aae0       ??__E?s_id@?$TObjectUniqueID@URModuleLibraryThis@rsystem@base@UModSys@@@tl@UModSys@@2USUniquePointer@core@3@A@@YAXXZ 0040bae0 f    CIL library: CIL module
 0001:0000ab10       ??__E?s_id@?$TObjectUniqueID@URParameters@rsystem@base@UModSys@@@tl@UModSys@@2USUniquePointer@core@3@A@@YAXXZ 0040bb10 f    CIL library: CIL module
 0001:0000ab40       ??__E?s_id@?$TObjectUniqueID@URSystem@rsystem@base@UModSys@@@tl@UModSys@@2USUniquePointer@core@3@A@@YAXXZ 0040bb40 f    CIL library: CIL module
 0001:0000ab70       ??__E?s_id@?$TObjectUniqueID@URConsole_std@rsystem@base@UModSys@@@tl@UModSys@@2USUniquePointer@core@3@A@@YAXXZ 0040bb70 f    CIL library: CIL module
 0001:0000aba0       ??__E?s_modreg@RModuleReg@std@media@modules@UModSys@@2U12345@A@@YAXXZ 0040bba0 f    CIL library: CIL module
 0001:0000abd0       ??__E?s_modreg_chain@RModuleReg@std@media@modules@UModSys@@2USModuleRegChain@base@5@A@@YAXXZ 0040bbd0 f    CIL library: CIL module
 0001:0000abf0       ??__E?s_uid@RGenerator@std@media@modules@UModSys@@2USUniquePointer@core@5@A@@YAXXZ 0040bbf0 f    CIL library: CIL module
 0001:0000ac20       ??__E?s_id@?$TObjectUniqueID@UIStreamReader@libmedia@UModSys@@@tl@UModSys@@2USUniquePointer@core@3@A@@YAXXZ 0040bc20 f    CIL library: CIL module
 0001:0000ac50       ??__E?s_id@?$TObjectUniqueID@UIStreamWriter@libmedia@UModSys@@@tl@UModSys@@2USUniquePointer@core@3@A@@YAXXZ 0040bc50 f    CIL library: CIL module
 0001:0000ac80       ??__E?s_id@?$TObjectUniqueID@UIBinArchive@libmedia@UModSys@@@tl@UModSys@@2USUniquePointer@core@3@A@@YAXXZ 0040bc80 f    CIL library: CIL module
 0001:0000acb0       ??__E?s_id@?$TObjectUniqueID@UIBinObjFilter@libmedia@UModSys@@@tl@UModSys@@2USUniquePointer@core@3@A@@YAXXZ 0040bcb0 f    CIL library: CIL module
 0001:0000ace0       ??__E?s_id@?$TObjectUniqueID@UILibrary@libmedia@UModSys@@@tl@UModSys@@2USUniquePointer@core@3@A@@YAXXZ 0040bce0 f    CIL library: CIL module
 0001:0000ad10       ??__E?s_id@?$TObjectUniqueID@UILibraryBinTree@libmedia@UModSys@@@tl@UModSys@@2USUniquePointer@core@3@A@@YAXXZ 0040bd10 f    CIL library: CIL module
 0001:0000ad40       ??__E?s_id@?$TObjectUniqueID@UILibraryBinCache@libmedia@UModSys@@@tl@UModSys@@2USUniquePointer@core@3@A@@YAXXZ 0040bd40 f    CIL library: CIL module
 0001:0000ad70       ??__E?s_id@?$TObjectUniqueID@UILibraryObjFilter@libmedia@UModSys@@@tl@UModSys@@2USUniquePointer@core@3@A@@YAXXZ 0040bd70 f    CIL library: CIL module
 0001:0000ada0       ??__E?s_id@?$TObjectUniqueID@UILibraryLayered@libmedia@UModSys@@@tl@UModSys@@2USUniquePointer@core@3@A@@YAXXZ 0040bda0 f    CIL library: CIL module
 0001:0000add0       ??__E?s_id@?$TObjectUniqueID@URLibraryBinCache@std@media@modules@UModSys@@@tl@UModSys@@2USUniquePointer@core@3@A@@YAXXZ 0040bdd0 f    CIL library: CIL module
 0001:0000ae00       ??__E?s_id@?$TObjectUniqueID@URLibraryBinTree@std@media@modules@UModSys@@@tl@UModSys@@2USUniquePointer@core@3@A@@YAXXZ 0040be00 f    CIL library: CIL module
 0001:0000ae30       ??__E?s_id@?$TObjectUniqueID@URGenerator@std@media@modules@UModSys@@@tl@UModSys@@2USUniquePointer@core@3@A@@YAXXZ 0040be30 f    CIL library: CIL module
 0001:0000ae60       ??__E?s_modreg@RModuleReg@stdio@media@modules@UModSys@@2U12345@A@@YAXXZ 0040be60 f    CIL library: CIL module
 0001:0000ae90       ??__E?s_modreg_chain@RModuleReg@stdio@media@modules@UModSys@@2USModuleRegChain@base@5@A@@YAXXZ 0040be90 f    CIL library: CIL module
 0001:0000aeb0       ??__E?s_uid@RGenerator@stdio@media@modules@UModSys@@2USUniquePointer@core@5@A@@YAXXZ 0040beb0 f    CIL library: CIL module
 0001:0000aee0       ??__E?s_id@?$TObjectUniqueID@URStreamReader_FILE@stdio@media@modules@UModSys@@@tl@UModSys@@2USUniquePointer@core@3@A@@YAXXZ 0040bee0 f    CIL library: CIL module
 0001:0000af10       ??__E?s_id@?$TObjectUniqueID@URStreamWriter_FILE@stdio@media@modules@UModSys@@@tl@UModSys@@2USUniquePointer@core@3@A@@YAXXZ 0040bf10 f    CIL library: CIL module
 0001:0000af40       ??__E?s_id@?$TObjectUniqueID@URDataArchiver_OsDir@stdio@media@modules@UModSys@@@tl@UModSys@@2USUniquePointer@core@3@A@@YAXXZ 0040bf40 f    CIL library: CIL module
 0001:0000af70       ??__E?s_id@?$TObjectUniqueID@URGenerator@stdio@media@modules@UModSys@@@tl@UModSys@@2USUniquePointer@core@3@A@@YAXXZ 0040bf70 f    CIL library: CIL module
 0001:0000afa0       ??__E?s_console@RConsole_std@rsystem@base@UModSys@@2U1234@A@@YAXXZ 0040bfa0 f    CIL library: CIL module
 0001:0000afc0       ??__E?s_sys@RSystem@rsystem@base@UModSys@@2U1234@A@@YAXXZ 0040bfc0 f    CIL library: CIL module
 0001:0000afe0       ??__Ersys_dbg@rsystem@base@UModSys@@YAXXZ 0040bfe0 f    CIL library: CIL module
 0001:0000b000       ??__EM@UModSys@@YAXXZ      0040c000 f    CIL library: CIL module
 0001:0000b020       ??__E?root@SModuleRegChain@base@UModSys@@2U123@A@@YAXXZ 0040c020 f    CIL library: CIL module
 0001:0000b040       ??__E?s_library@RModuleLibraryReg_Chain@base@UModSys@@2U123@A@@YAXXZ 0040c040 f    CIL library: CIL module
 0001:0000b060       ??__E?root@SUniquePointer@core@UModSys@@2U123@A@@YAXXZ 0040c060 f    CIL library: CIL module
 0001:0000b080       ??__F?s_id@?$TObjectUniqueID@URConsole_std@rsystem@base@UModSys@@@tl@UModSys@@2USUniquePointer@core@3@A@@YAXXZ 0040c080 f    CIL library: CIL module
 0001:0000b090       ??__F?s_id@?$TObjectUniqueID@URSystem@rsystem@base@UModSys@@@tl@UModSys@@2USUniquePointer@core@3@A@@YAXXZ 0040c090 f    CIL library: CIL module
 0001:0000b0a0       ??__F?s_id@?$TObjectUniqueID@URParameters@rsystem@base@UModSys@@@tl@UModSys@@2USUniquePointer@core@3@A@@YAXXZ 0040c0a0 f    CIL library: CIL module
 0001:0000b0b0       ??__F?s_id@?$TObjectUniqueID@URModuleLibraryThis@rsystem@base@UModSys@@@tl@UModSys@@2USUniquePointer@core@3@A@@YAXXZ 0040c0b0 f    CIL library: CIL module
 0001:0000b0c0       ??__F?s_id@?$TObjectUniqueID@URModuleLibrarySO@rsystem@base@UModSys@@@tl@UModSys@@2USUniquePointer@core@3@A@@YAXXZ 0040c0c0 f    CIL library: CIL module
 0001:0000b0d0       ??__F?s_id@?$TObjectUniqueID@UIModuleLibraryUni@rsystem@base@UModSys@@@tl@UModSys@@2USUniquePointer@core@3@A@@YAXXZ 0040c0d0 f    CIL library: CIL module
 0001:0000b0e0       ??__F?s_id@?$TObjectUniqueID@URModule@rsystem@base@UModSys@@@tl@UModSys@@2USUniquePointer@core@3@A@@YAXXZ 0040c0e0 f    CIL library: CIL module
 0001:0000b0f0       ??__F?s_id@?$TObjectUniqueID@UISystem@base@UModSys@@@tl@UModSys@@2USUniquePointer@core@3@A@@YAXXZ 0040c0f0 f    CIL library: CIL module
 0001:0000b100       ??__F?s_id@?$TObjectUniqueID@UIConsole@base@UModSys@@@tl@UModSys@@2USUniquePointer@core@3@A@@YAXXZ 0040c100 f    CIL library: CIL module
 0001:0000b110       ??__F?s_id@?$TObjectUniqueID@UIShell@base@UModSys@@@tl@UModSys@@2USUniquePointer@core@3@A@@YAXXZ 0040c110 f    CIL library: CIL module
 0001:0000b120       ??__F?s_id@?$TObjectUniqueID@UIGenerator@base@UModSys@@@tl@UModSys@@2USUniquePointer@core@3@A@@YAXXZ 0040c120 f    CIL library: CIL module
 0001:0000b130       ??__F?s_id@?$TObjectUniqueID@UIModObject@base@UModSys@@@tl@UModSys@@2USUniquePointer@core@3@A@@YAXXZ 0040c130 f    CIL library: CIL module
 0001:0000b140       ??__F?s_id@?$TObjectUniqueID@UIModuleLibrary@base@UModSys@@@tl@UModSys@@2USUniquePointer@core@3@A@@YAXXZ 0040c140 f    CIL library: CIL module
 0001:0000b150       ??__F?s_id@?$TObjectUniqueID@UIModule@base@UModSys@@@tl@UModSys@@2USUniquePointer@core@3@A@@YAXXZ 0040c150 f    CIL library: CIL module
 0001:0000b160       ??__F?s_id@?$TObjectUniqueID@UIParameters@core@UModSys@@@tl@UModSys@@2USUniquePointer@core@3@A@@YAXXZ 0040c160 f    CIL library: CIL module
 0001:0000b170       ??__F?s_id@?$TObjectUniqueID@UIRefObject@core@UModSys@@@tl@UModSys@@2USUniquePointer@core@3@A@@YAXXZ 0040c170 f    CIL library: CIL module
 0001:0000b180       ??__F?s_id@?$TObjectUniqueID@UIRoot@core@UModSys@@@tl@UModSys@@2USUniquePointer@core@3@A@@YAXXZ 0040c180 f    CIL library: CIL module
 0001:0000b190       ??__F?s_modreg@RModuleReg@std@media@modules@UModSys@@2U12345@A@@YAXXZ 0040c190 f    CIL library: CIL module
 0001:0000b1b0       ??__F?s_modreg_chain@RModuleReg@std@media@modules@UModSys@@2USModuleRegChain@base@5@A@@YAXXZ 0040c1b0 f    CIL library: CIL module
 0001:0000b1c0       ??__F?s_uid@RGenerator@std@media@modules@UModSys@@2USUniquePointer@core@5@A@@YAXXZ 0040c1c0 f    CIL library: CIL module
 0001:0000b1d0       ??__Fh@?1??s_holder@RGenerator@std@media@modules@UModSys@@SAAAU?$TTypeStaticHolder@URGenerator@std@media@modules@UModSys@@@tl@5@XZ@YAXXZ 0040c1d0 f    CIL library: CIL module
 0001:0000b1f0       ??__F?s_id@?$TObjectUniqueID@URGenerator@std@media@modules@UModSys@@@tl@UModSys@@2USUniquePointer@core@3@A@@YAXXZ 0040c1f0 f    CIL library: CIL module
 0001:0000b200       ??__F?s_id@?$TObjectUniqueID@URLibraryBinTree@std@media@modules@UModSys@@@tl@UModSys@@2USUniquePointer@core@3@A@@YAXXZ 0040c200 f    CIL library: CIL module
 0001:0000b210       ??__F?s_id@?$TObjectUniqueID@URLibraryBinCache@std@media@modules@UModSys@@@tl@UModSys@@2USUniquePointer@core@3@A@@YAXXZ 0040c210 f    CIL library: CIL module
 0001:0000b220       ??__F?s_id@?$TObjectUniqueID@UILibraryLayered@libmedia@UModSys@@@tl@UModSys@@2USUniquePointer@core@3@A@@YAXXZ 0040c220 f    CIL library: CIL module
 0001:0000b230       ??__F?s_id@?$TObjectUniqueID@UILibraryObjFilter@libmedia@UModSys@@@tl@UModSys@@2USUniquePointer@core@3@A@@YAXXZ 0040c230 f    CIL library: CIL module
 0001:0000b240       ??__F?s_id@?$TObjectUniqueID@UILibraryBinCache@libmedia@UModSys@@@tl@UModSys@@2USUniquePointer@core@3@A@@YAXXZ 0040c240 f    CIL library: CIL module
 0001:0000b250       ??__F?s_id@?$TObjectUniqueID@UILibraryBinTree@libmedia@UModSys@@@tl@UModSys@@2USUniquePointer@core@3@A@@YAXXZ 0040c250 f    CIL library: CIL module
 0001:0000b260       ??__F?s_id@?$TObjectUniqueID@UILibrary@libmedia@UModSys@@@tl@UModSys@@2USUniquePointer@core@3@A@@YAXXZ 0040c260 f    CIL library: CIL module
 0001:0000b270       ??__F?s_id@?$TObjectUniqueID@UIBinObjFilter@libmedia@UModSys@@@tl@UModSys@@2USUniquePointer@core@3@A@@YAXXZ 0040c270 f    CIL library: CIL module
 0001:0000b280       ??__F?s_id@?$TObjectUniqueID@UIBinArchive@libmedia@UModSys@@@tl@UModSys@@2USUniquePointer@core@3@A@@YAXXZ 0040c280 f    CIL library: CIL module
 0001:0000b290       ??__F?s_id@?$TObjectUniqueID@UIStreamWriter@libmedia@UModSys@@@tl@UModSys@@2USUniquePointer@core@3@A@@YAXXZ 0040c290 f    CIL library: CIL module
 0001:0000b2a0       ??__F?s_id@?$TObjectUniqueID@UIStreamReader@libmedia@UModSys@@@tl@UModSys@@2USUniquePointer@core@3@A@@YAXXZ 0040c2a0 f    CIL library: CIL module
 0001:0000b2b0       ??__F?s_modreg@RModuleReg@stdio@media@modules@UModSys@@2U12345@A@@YAXXZ 0040c2b0 f    CIL library: CIL module
 0001:0000b2d0       ??__F?s_modreg_chain@RModuleReg@stdio@media@modules@UModSys@@2USModuleRegChain@base@5@A@@YAXXZ 0040c2d0 f    CIL library: CIL module
 0001:0000b2e0       ??__F?s_uid@RGenerator@stdio@media@modules@UModSys@@2USUniquePointer@core@5@A@@YAXXZ 0040c2e0 f    CIL library: CIL module
 0001:0000b2f0       ??__Fh@?1??s_holder@RGenerator@stdio@media@modules@UModSys@@SAAAU?$TTypeStaticHolder@URGenerator@stdio@media@modules@UModSys@@@tl@5@XZ@YAXXZ 0040c2f0 f    CIL library: CIL module
 0001:0000b310       ??__F?s_id@?$TObjectUniqueID@URGenerator@stdio@media@modules@UModSys@@@tl@UModSys@@2USUniquePointer@core@3@A@@YAXXZ 0040c310 f    CIL library: CIL module
 0001:0000b320       ??__F?s_id@?$TObjectUniqueID@URDataArchiver_OsDir@stdio@media@modules@UModSys@@@tl@UModSys@@2USUniquePointer@core@3@A@@YAXXZ 0040c320 f    CIL library: CIL module
 0001:0000b330       ??__F?s_id@?$TObjectUniqueID@URStreamWriter_FILE@stdio@media@modules@UModSys@@@tl@UModSys@@2USUniquePointer@core@3@A@@YAXXZ 0040c330 f    CIL library: CIL module
 0001:0000b340       ??__F?s_id@?$TObjectUniqueID@URStreamReader_FILE@stdio@media@modules@UModSys@@@tl@UModSys@@2USUniquePointer@core@3@A@@YAXXZ 0040c340 f    CIL library: CIL module
 0001:0000b350       ??__F?s_console@RConsole_std@rsystem@base@UModSys@@2U1234@A@@YAXXZ 0040c350 f    CIL library: CIL module
 0001:0000b360       ??__F?s_sys@RSystem@rsystem@base@UModSys@@2U1234@A@@YAXXZ 0040c360 f    CIL library: CIL module
 0001:0000b370       ??__Frsys_dbg@rsystem@base@UModSys@@YAXXZ 0040c370 f    CIL library: CIL module
 0001:0000b380       ??__FM@UModSys@@YAXXZ      0040c380 f    CIL library: CIL module
 0001:0000b390       ??__F?root@SModuleRegChain@base@UModSys@@2U123@A@@YAXXZ 0040c390 f    CIL library: CIL module
 0001:0000b3a0       ??__F?s_library@RModuleLibraryReg_Chain@base@UModSys@@2U123@A@@YAXXZ 0040c3a0 f    CIL library: CIL module
 0001:0000b3b0       ??__F?root@SUniquePointer@core@UModSys@@2U123@A@@YAXXZ 0040c3b0 f    CIL library: CIL module

 Exports

  ordinal    name

        1    _UModSys_Plugin_Entry2@0
