 umodsysc

 Timestamp is 5257f041 (Fri Oct 11 15:34:09 2013)

 Preferred load address is 00400000

 Start         Length     Name                   Class
 0001:00000000 00007410H .text                   CODE
 0001:00007410 000001e2H .text$x                 CODE
 0001:00007600 00000591H .text$yc                CODE
 0001:00007ba0 0000023aH .text$yd                CODE
 0002:00000000 00000148H .idata$5                DATA
 0002:00000148 00000004H .CRT$XCA                DATA
 0002:0000014c 00000004H .CRT$XCAA               DATA
 0002:00000150 000000ccH .CRT$XCU                DATA
 0002:0000021c 00000004H .CRT$XCZ                DATA
 0002:00000220 00000004H .CRT$XIA                DATA
 0002:00000224 00000004H .CRT$XIAA               DATA
 0002:00000228 00000004H .CRT$XIY                DATA
 0002:0000022c 00000004H .CRT$XIZ                DATA
 0002:00000230 000010c8H .rdata                  DATA
 0002:000012f8 00000ad8H .rdata$r                DATA
 0002:00001dd0 00000040H .rdata$sxdata           DATA
 0002:00001e10 00000004H .rtc$IAA                DATA
 0002:00001e14 00000004H .rtc$IZZ                DATA
 0002:00001e18 00000004H .rtc$TAA                DATA
 0002:00001e1c 00000004H .rtc$TZZ                DATA
 0002:00001e20 0000041cH .xdata$x                DATA
 0002:0000223c 00000028H .idata$2                DATA
 0002:00002264 00000014H .idata$3                DATA
 0002:00002278 00000148H .idata$4                DATA
 0002:000023c0 0000052cH .idata$6                DATA
 0002:000028f0 00000058H .edata                  DATA
 0003:00000000 000007b0H .data                   DATA
 0003:000007b0 0000270cH .bss                    DATA

  Address         Publics by Value              Rva+Base       Lib:Object

 0000:00000000       __except_list              00000000     <absolute>
 0000:00000010       ___safe_se_handler_count   00000010     <absolute>
 0000:00009876       __fltused                  00009876     <absolute>
 0000:00009876       __ldused                   00009876     <absolute>
 0000:00000000       ___ImageBase               00400000     <linker-defined>
 0001:00000000       ??$shash@D@su@tl@UModSys@@YAHPBDI@Z 00401000 f i umodsys.c_main.obj
 0001:00000030       ??3@YAXPAX0@Z              00401030 f i umodsys_lib_libmedia:umodsys.mod.media.stdio.obj
 0001:00000030       ?suicide@RGenerator@stdio@media@modules@UModSys@@UAEXXZ 00401030 f i umodsys_lib_libmedia:umodsys.mod.media.stdio.obj
 0001:00000040       ?file_get_size@stdio@media@modules@UModSys@@YA_JPAU_iobuf@@@Z 00401040 f i umodsys_lib_libmedia:umodsys.mod.media.stdio.obj
 0001:00000090       ?get_interface_info@RStreamReader_FILE@stdio@media@modules@UModSys@@UBEABUSUniquePointerInfo@core@5@XZ 00401090 f i umodsys_lib_libmedia:umodsys.mod.media.stdio.obj
 0001:000000a0       ?get_interface_type@RStreamReader_FILE@stdio@media@modules@UModSys@@UBEPBUSUniquePointerInfo@core@5@XZ 004010a0 f i umodsys_lib_libmedia:umodsys.mod.media.stdio.obj
 0001:000000b0       ?get_other_interface@RStreamReader_FILE@stdio@media@modules@UModSys@@UAEPAUIRoot@core@5@PBUSUniquePointerInfo@75@@Z 004010b0 f i umodsys_lib_libmedia:umodsys.mod.media.stdio.obj
 0001:000000b0       ?get_other_interface@RStreamReader_FILE@stdio@media@modules@UModSys@@UBEPBUIRoot@core@5@PBUSUniquePointerInfo@75@@Z 004010b0 f i umodsys_lib_libmedia:umodsys.mod.media.stdio.obj
 0001:000000e0       ?ref_links@RStreamWriter_FILE@stdio@media@modules@UModSys@@UBEHXZ 004010e0 f i umodsys_lib_libmedia:umodsys.mod.media.stdio.obj
 0001:000000e0       ?ref_links@RStreamReader_FILE@stdio@media@modules@UModSys@@UBEHXZ 004010e0 f i umodsys_lib_libmedia:umodsys.mod.media.stdio.obj
 0001:000000e0       ?ref_links@RGenerator@stdio@media@modules@UModSys@@UBEHXZ 004010e0 f i umodsys_lib_libmedia:umodsys.mod.media.stdio.obj
 0001:000000f0       ??0RStreamReader_FILE@stdio@media@modules@UModSys@@QAE@PAURGenerator@1234@ABUSParameters@core@4@@Z 004010f0 f i umodsys_lib_libmedia:umodsys.mod.media.stdio.obj
 0001:00000190       ?get_size@RStreamReader_FILE@stdio@media@modules@UModSys@@QAEXXZ 00401190 f i umodsys_lib_libmedia:umodsys.mod.media.stdio.obj
 0001:00000200       ?reader_seek@RStreamReader_FILE@stdio@media@modules@UModSys@@UAE_N_J@Z 00401200 f i umodsys_lib_libmedia:umodsys.mod.media.stdio.obj
 0001:00000230       ?reader_seekend@RStreamReader_FILE@stdio@media@modules@UModSys@@UAE_N_J@Z 00401230 f i umodsys_lib_libmedia:umodsys.mod.media.stdio.obj
 0001:00000260       ?reader_seekdelta@RStreamReader_FILE@stdio@media@modules@UModSys@@UAE_N_J@Z 00401260 f i umodsys_lib_libmedia:umodsys.mod.media.stdio.obj
 0001:00000290       ?reader_pos@RStreamReader_FILE@stdio@media@modules@UModSys@@UAE_JXZ 00401290 f i umodsys_lib_libmedia:umodsys.mod.media.stdio.obj
 0001:000002b0       ?reader_size@RStreamReader_FILE@stdio@media@modules@UModSys@@UAE_JXZ 004012b0 f i umodsys_lib_libmedia:umodsys.mod.media.stdio.obj
 0001:000002c0       ?reader_read@RStreamReader_FILE@stdio@media@modules@UModSys@@UAE_NPAXI@Z 004012c0 f i umodsys_lib_libmedia:umodsys.mod.media.stdio.obj
 0001:00000340       ?reader_close@RStreamReader_FILE@stdio@media@modules@UModSys@@UAEXXZ 00401340 f i umodsys_lib_libmedia:umodsys.mod.media.stdio.obj
 0001:00000360       ??_GRStreamReader_FILE@stdio@media@modules@UModSys@@UAEPAXI@Z 00401360 f i umodsys_lib_libmedia:umodsys.mod.media.stdio.obj
 0001:00000360       ??_ERStreamReader_FILE@stdio@media@modules@UModSys@@UAEPAXI@Z 00401360 f i  CIL library: CIL module
 0001:00000390       ??1IStreamWriter@libmedia@UModSys@@UAE@XZ 00401390 f i umodsys_lib_libmedia:umodsys.mod.media.stdio.obj
 0001:00000390       ??1IStreamReader@libmedia@UModSys@@UAE@XZ 00401390 f i umodsys_lib_libmedia:umodsys.mod.media.stdio.obj
 0001:000003a0       ??_GIRoot@core@UModSys@@UAEPAXI@Z 004013a0 f i umodsys_lib_libmedia:umodsys.mod.media.stdio.obj
 0001:000003a0       ??_EIRoot@core@UModSys@@UAEPAXI@Z 004013a0 f i  CIL library: CIL module
 0001:000003b0       ?get_interface_info@RStreamWriter_FILE@stdio@media@modules@UModSys@@UBEABUSUniquePointerInfo@core@5@XZ 004013b0 f i umodsys_lib_libmedia:umodsys.mod.media.stdio.obj
 0001:000003c0       ?get_interface_type@RStreamWriter_FILE@stdio@media@modules@UModSys@@UBEPBUSUniquePointerInfo@core@5@XZ 004013c0 f i umodsys_lib_libmedia:umodsys.mod.media.stdio.obj
 0001:000003d0       ?get_other_interface@RStreamWriter_FILE@stdio@media@modules@UModSys@@UBEPBUIRoot@core@5@PBUSUniquePointerInfo@75@@Z 004013d0 f i umodsys_lib_libmedia:umodsys.mod.media.stdio.obj
 0001:000003d0       ?get_other_interface@RStreamWriter_FILE@stdio@media@modules@UModSys@@UAEPAUIRoot@core@5@PBUSUniquePointerInfo@75@@Z 004013d0 f i umodsys_lib_libmedia:umodsys.mod.media.stdio.obj
 0001:00000400       ?ref_add@RStreamReader_FILE@stdio@media@modules@UModSys@@UBEXXZ 00401400 f i umodsys_lib_libmedia:umodsys.mod.media.stdio.obj
 0001:00000400       ?ref_add@RGenerator@stdio@media@modules@UModSys@@UBEXXZ 00401400 f i umodsys_lib_libmedia:umodsys.mod.media.stdio.obj
 0001:00000400       ?ref_add@RStreamWriter_FILE@stdio@media@modules@UModSys@@UBEXXZ 00401400 f i umodsys_lib_libmedia:umodsys.mod.media.stdio.obj
 0001:00000410       ?suicide@RStreamWriter_FILE@stdio@media@modules@UModSys@@UAEXXZ 00401410 f i umodsys_lib_libmedia:umodsys.mod.media.stdio.obj
 0001:00000410       ?suicide@RStreamReader_FILE@stdio@media@modules@UModSys@@UAEXXZ 00401410 f i umodsys_lib_libmedia:umodsys.mod.media.stdio.obj
 0001:00000480       ??0RStreamWriter_FILE@stdio@media@modules@UModSys@@QAE@PAURGenerator@1234@ABUSParameters@core@4@@Z 00401480 f i umodsys_lib_libmedia:umodsys.mod.media.stdio.obj
 0001:000004f0       ??1RStreamWriter_FILE@stdio@media@modules@UModSys@@UAE@XZ 004014f0 f i umodsys_lib_libmedia:umodsys.mod.media.stdio.obj
 0001:00000560       ?open@RStreamWriter_FILE@stdio@media@modules@UModSys@@QAEXABUSParameters@core@5@@Z 00401560 f i umodsys_lib_libmedia:umodsys.mod.media.stdio.obj
 0001:000005f0       ?writer_seek@RStreamWriter_FILE@stdio@media@modules@UModSys@@UAE_N_J@Z 004015f0 f i umodsys_lib_libmedia:umodsys.mod.media.stdio.obj
 0001:00000620       ?writer_seekend@RStreamWriter_FILE@stdio@media@modules@UModSys@@UAE_N_J@Z 00401620 f i umodsys_lib_libmedia:umodsys.mod.media.stdio.obj
 0001:00000650       ?writer_seekdelta@RStreamWriter_FILE@stdio@media@modules@UModSys@@UAE_N_J@Z 00401650 f i umodsys_lib_libmedia:umodsys.mod.media.stdio.obj
 0001:00000680       ?writer_setsize@RStreamWriter_FILE@stdio@media@modules@UModSys@@UAE_N_J@Z 00401680 f i umodsys_lib_libmedia:umodsys.mod.media.stdio.obj
 0001:000006d0       ?writer_pos@RStreamWriter_FILE@stdio@media@modules@UModSys@@UAE_JXZ 004016d0 f i umodsys_lib_libmedia:umodsys.mod.media.stdio.obj
 0001:000006f0       ?writer_size@RStreamWriter_FILE@stdio@media@modules@UModSys@@UAE_JXZ 004016f0 f i umodsys_lib_libmedia:umodsys.mod.media.stdio.obj
 0001:00000720       ?writer_write@RStreamWriter_FILE@stdio@media@modules@UModSys@@UAE_NPBXI@Z 00401720 f i umodsys_lib_libmedia:umodsys.mod.media.stdio.obj
 0001:000007a0       ?writer_copy@RStreamWriter_FILE@stdio@media@modules@UModSys@@UAE_NPAUIStreamReader@libmedia@5@_J@Z 004017a0 f i umodsys_lib_libmedia:umodsys.mod.media.stdio.obj
 0001:00000870       ?writer_copy@RStreamWriter_FILE@stdio@media@modules@UModSys@@UAE_NPAUIStreamReader@libmedia@5@_J1@Z 00401870 f i umodsys_lib_libmedia:umodsys.mod.media.stdio.obj
 0001:000008c0       ?writer_close@RStreamWriter_FILE@stdio@media@modules@UModSys@@UAEXXZ 004018c0 f i umodsys_lib_libmedia:umodsys.mod.media.stdio.obj
 0001:00000900       ?writer_abort@RStreamWriter_FILE@stdio@media@modules@UModSys@@UAEXXZ 00401900 f i umodsys_lib_libmedia:umodsys.mod.media.stdio.obj
 0001:00000940       ??_GRStreamWriter_FILE@stdio@media@modules@UModSys@@UAEPAXI@Z 00401940 f i umodsys_lib_libmedia:umodsys.mod.media.stdio.obj
 0001:00000940       ??_ERStreamWriter_FILE@stdio@media@modules@UModSys@@UAEPAXI@Z 00401940 f i  CIL library: CIL module
 0001:00000950       ?get_generated_names@RGenerator@stdio@media@modules@UModSys@@UBEHAAUSUniquePtrList@core@5@@Z 00401950 f i umodsys_lib_libmedia:umodsys.mod.media.stdio.obj
 0001:00000980       ?get_generated_types@RGenerator@stdio@media@modules@UModSys@@UBEHAAUSUniquePtrList@core@5@PBUSUniquePointerInfo@75@@Z 00401980 f i umodsys_lib_libmedia:umodsys.mod.media.stdio.obj
 0001:000009f0       ?generate@RGenerator@stdio@media@modules@UModSys@@UAE_NAAU?$TRefObject@UIRefObject@core@UModSys@@@tl@5@PBUSUniquePointerInfo@core@5@ABUSParameters@95@@Z 004019f0 f i umodsys_lib_libmedia:umodsys.mod.media.stdio.obj
 0001:00000a40       ?get_interface_info@RGenerator@stdio@media@modules@UModSys@@UBEABUSUniquePointerInfo@core@5@XZ 00401a40 f i umodsys_lib_libmedia:umodsys.mod.media.stdio.obj
 0001:00000a50       ?get_interface_type@RGenerator@stdio@media@modules@UModSys@@UBEPBUSUniquePointerInfo@core@5@XZ 00401a50 f i umodsys_lib_libmedia:umodsys.mod.media.stdio.obj
 0001:00000a60       ?get_interface_types@RModuleLibrarySO@rsystem@base@UModSys@@UBEIAAUSUniquePtrList@core@4@@Z 00401a60 f i umodsys_lib_basesys:umodsys.basesys.rmodulelibso.obj
 0001:00000a60       ?get_interface_types@ISystem@base@UModSys@@UBEIAAUSUniquePtrList@core@3@@Z 00401a60 f i umodsys_lib_basesys:umodsys.basesys.rsystem_main.obj
 0001:00000a60       ?get_interface_types@RConsole_std@rsystem@base@UModSys@@UBEIAAUSUniquePtrList@core@4@@Z 00401a60 f i umodsys_lib_basesys:umodsys.basesys.rconsole_std.obj
 0001:00000a60       ?get_interface_types@RModuleLibraryThis@rsystem@base@UModSys@@UBEIAAUSUniquePtrList@core@4@@Z 00401a60 f i umodsys_lib_basesys:umodsys.basesys.rmodulelibthis.obj
 0001:00000a60       ?get_interface_types@RModule@rsystem@base@UModSys@@UBEIAAUSUniquePtrList@core@4@@Z 00401a60 f i umodsys_lib_basesys:umodsys.basesys.rmodule.obj
 0001:00000a60       ?get_interface_types@RGenerator@stdio@media@modules@UModSys@@UBEIAAUSUniquePtrList@core@5@@Z 00401a60 f i umodsys_lib_libmedia:umodsys.mod.media.stdio.obj
 0001:00000a60       ?get_interface_types@RStreamReader_FILE@stdio@media@modules@UModSys@@UBEIAAUSUniquePtrList@core@5@@Z 00401a60 f i umodsys_lib_libmedia:umodsys.mod.media.stdio.obj
 0001:00000a60       ?get_interface_types@RParameters@rsystem@base@UModSys@@UBEIAAUSUniquePtrList@core@4@@Z 00401a60 f i umodsys_lib_basesys:umodsys.basesys.rparameters.obj
 0001:00000a60       ?get_interface_types@RSystem@rsystem@base@UModSys@@UBEIAAUSUniquePtrList@core@4@@Z 00401a60 f i umodsys_lib_basesys:umodsys.basesys.rsystem_main.obj
 0001:00000a60       ?get_interface_types@RStreamWriter_FILE@stdio@media@modules@UModSys@@UBEIAAUSUniquePtrList@core@5@@Z 00401a60 f i umodsys_lib_libmedia:umodsys.mod.media.stdio.obj
 0001:00000a70       ?get_other_interface@RGenerator@stdio@media@modules@UModSys@@UAEPAUIRoot@core@5@PBUSUniquePointerInfo@75@@Z 00401a70 f i umodsys_lib_libmedia:umodsys.mod.media.stdio.obj
 0001:00000a70       ?get_other_interface@RGenerator@stdio@media@modules@UModSys@@UBEPBUIRoot@core@5@PBUSUniquePointerInfo@75@@Z 00401a70 f i umodsys_lib_libmedia:umodsys.mod.media.stdio.obj
 0001:00000ab0       ?ref_remove@RGenerator@stdio@media@modules@UModSys@@UBEXXZ 00401ab0 f i umodsys_lib_libmedia:umodsys.mod.media.stdio.obj
 0001:00000ab0       ?ref_remove@RStreamReader_FILE@stdio@media@modules@UModSys@@UBEXXZ 00401ab0 f i umodsys_lib_libmedia:umodsys.mod.media.stdio.obj
 0001:00000ab0       ?ref_remove@RStreamWriter_FILE@stdio@media@modules@UModSys@@UBEXXZ 00401ab0 f i umodsys_lib_libmedia:umodsys.mod.media.stdio.obj
 0001:00000ac0       ?get_uid@RGenerator@stdio@media@modules@UModSys@@UBEPBUSUniquePointerInfo@core@5@XZ 00401ac0 f i umodsys_lib_libmedia:umodsys.mod.media.stdio.obj
 0001:00000ad0       ?do_open@RModuleReg@stdio@media@modules@UModSys@@UAE_NXZ 00401ad0 f i umodsys_lib_libmedia:umodsys.mod.media.stdio.obj
 0001:00000ae0       ?do_close@RModuleReg@stdio@media@modules@UModSys@@UAE_NXZ 00401ae0 f i umodsys_lib_libmedia:umodsys.mod.media.stdio.obj
 0001:00000af0       ??_GRModuleReg@stdio@media@modules@UModSys@@UAEPAXI@Z 00401af0 f i umodsys_lib_libmedia:umodsys.mod.media.stdio.obj
 0001:00000af0       ??_ERModuleReg@stdio@media@modules@UModSys@@UAEPAXI@Z 00401af0 f i  CIL library: CIL module
 0001:00000b20       ??_GIRefObject@core@UModSys@@UAEPAXI@Z 00401b20 f i umodsys_lib_libmedia:umodsys.mod.media.stdio.obj
 0001:00000b20       ??_GRGenerator@stdio@media@modules@UModSys@@UAEPAXI@Z 00401b20 f i umodsys_lib_libmedia:umodsys.mod.media.stdio.obj
 0001:00000b20       ??_EIRefObject@core@UModSys@@UAEPAXI@Z 00401b20 f i  CIL library: CIL module
 0001:00000b20       ??_ERGenerator@stdio@media@modules@UModSys@@UAEPAXI@Z 00401b20 f i  CIL library: CIL module
 0001:00000b30       ??$t_gen_param@URStreamReader_FILE@stdio@media@modules@UModSys@@URGenerator@2345@@IGenerator@base@UModSys@@IAE_NPAURGenerator@stdio@media@modules@2@AAU?$TRefObject@UIRefObject@core@UModSys@@@tl@2@PBUSUniquePointerInfo@core@2@ABUSParameters@core@2@@Z 00401b30 f i umodsys_lib_libmedia:umodsys.mod.media.stdio.obj
 0001:00000ba0       ??$t_gen_param@URStreamWriter_FILE@stdio@media@modules@UModSys@@URGenerator@2345@@IGenerator@base@UModSys@@IAE_NPAURGenerator@stdio@media@modules@2@AAU?$TRefObject@UIRefObject@core@UModSys@@@tl@2@PBUSUniquePointerInfo@core@2@ABUSParameters@core@2@@Z 00401ba0 f i umodsys_lib_libmedia:umodsys.mod.media.stdio.obj
 0001:00000c10       ??$ValidateConstruction@UIRefObject@core@UModSys@@URStreamReader_FILE@stdio@media@modules@3@@core@UModSys@@YA_NAAU?$TRefObject@UIRefObject@core@UModSys@@@tl@1@PAURStreamReader_FILE@stdio@media@modules@1@@Z 00401c10 f i umodsys_lib_libmedia:umodsys.mod.media.stdio.obj
 0001:00000ca0       ??$ValidateConstruction@UIRefObject@core@UModSys@@URStreamWriter_FILE@stdio@media@modules@3@@core@UModSys@@YA_NAAU?$TRefObject@UIRefObject@core@UModSys@@@tl@1@PAURStreamWriter_FILE@stdio@media@modules@1@@Z 00401ca0 f i umodsys_lib_libmedia:umodsys.mod.media.stdio.obj
 0001:00000d30       ??$_Ref_set@UIRefObject@core@UModSys@@U123@@tl@UModSys@@YAXAAPAUIRefObject@core@1@PAU231@@Z 00401d30 f i umodsys_lib_libmedia:umodsys.mod.media.stdio.obj
 0001:00000d50       ?get_interface_info@RConsole_std@rsystem@base@UModSys@@UBEABUSUniquePointerInfo@core@4@XZ 00401d50 f i umodsys_lib_basesys:umodsys.basesys.rconsole_std.obj
 0001:00000d60       ?get_interface_type@RConsole_std@rsystem@base@UModSys@@UBEPBUSUniquePointerInfo@core@4@XZ 00401d60 f i umodsys_lib_basesys:umodsys.basesys.rconsole_std.obj
 0001:00000d70       ?get_other_interface@RConsole_std@rsystem@base@UModSys@@UAEPAUIRoot@core@4@PBUSUniquePointerInfo@64@@Z 00401d70 f i umodsys_lib_basesys:umodsys.basesys.rconsole_std.obj
 0001:00000d70       ?get_other_interface@RConsole_std@rsystem@base@UModSys@@UBEPBUIRoot@core@4@PBUSUniquePointerInfo@64@@Z 00401d70 f i umodsys_lib_basesys:umodsys.basesys.rconsole_std.obj
 0001:00000da0       ??_ERConsole_std@rsystem@base@UModSys@@UAEPAXI@Z 00401da0 f i  CIL library: CIL module
 0001:00000da0       ??_GRConsole_std@rsystem@base@UModSys@@UAEPAXI@Z 00401da0 f i umodsys_lib_basesys:umodsys.basesys.rconsole_std.obj
 0001:00000db0       ??_GIConsole@base@UModSys@@UAEPAXI@Z 00401db0 f i umodsys_lib_basesys:umodsys.basesys.rconsole_std.obj
 0001:00000db0       ??_EIConsole@base@UModSys@@UAEPAXI@Z 00401db0 f i  CIL library: CIL module
 0001:00000dc0       ?mem_free@SMemAlloc_Malloc@core@UModSys@@SAXPAXPBUSSourceContext@23@@Z 00401dc0 f i umodsys_lib_basesys:umodsys.basesys.rsystem_main.obj
 0001:00000de0       ?decode_error@EExceptionBase@core@UModSys@@UBEHPADI@Z 00401de0 f i umodsys_lib_basesys:umodsys.basesys.rsystem_main.obj
 0001:00000e10       ??_GEWarning@core@UModSys@@UAEPAXI@Z 00401e10 f i umodsys_lib_basesys:umodsys.basesys.rsystem_main.obj
 0001:00000e10       ??_EEWarning@core@UModSys@@UAEPAXI@Z 00401e10 f i  CIL library: CIL module
 0001:00000e10       ??_EEFatal@core@UModSys@@UAEPAXI@Z 00401e10 f i  CIL library: CIL module
 0001:00000e10       ??_GEFatal@core@UModSys@@UAEPAXI@Z 00401e10 f i umodsys_lib_basesys:umodsys.basesys.rsystem_main.obj
 0001:00000e10       ??_EEExceptionBase@core@UModSys@@UAEPAXI@Z 00401e10 f i  CIL library: CIL module
 0001:00000e10       ??_GEExceptionBase@core@UModSys@@UAEPAXI@Z 00401e10 f i umodsys_lib_basesys:umodsys.basesys.rsystem_main.obj
 0001:00000e30       ?decode_error@EFatal@core@UModSys@@UBEHPADI@Z 00401e30 f i umodsys_lib_basesys:umodsys.basesys.rsystem_main.obj
 0001:00000e60       ??0EWarning@core@UModSys@@QAE@PBUSSourceContext@12@HPBD@Z 00401e60 f i umodsys_lib_basesys:umodsys.basesys.rsystem_main.obj
 0001:00000ea0       ?decode_error@EWarning@core@UModSys@@UBEHPADI@Z 00401ea0 f i umodsys_lib_basesys:umodsys.basesys.rsystem_main.obj
 0001:00000ed0       ??1EFatal@core@UModSys@@UAE@XZ 00401ed0 f i umodsys_lib_basesys:umodsys.basesys.rsystem_main.obj
 0001:00000ed0       ??1EWarning@core@UModSys@@UAE@XZ 00401ed0 f i umodsys_lib_basesys:umodsys.basesys.rsystem_main.obj
 0001:00000ee0       ?get_interface_info@ISystem@base@UModSys@@UBEABUSUniquePointerInfo@core@3@XZ 00401ee0 f i umodsys_lib_basesys:umodsys.basesys.rsystem_main.obj
 0001:00000ef0       ?get_interface_type@ISystem@base@UModSys@@UBEPBUSUniquePointerInfo@core@3@XZ 00401ef0 f i umodsys_lib_basesys:umodsys.basesys.rsystem_main.obj
 0001:00000f00       ?get_other_interface@ISystem@base@UModSys@@UBEPBUIRoot@core@3@PBUSUniquePointerInfo@53@@Z 00401f00 f i umodsys_lib_basesys:umodsys.basesys.rsystem_main.obj
 0001:00000f00       ?get_other_interface@ISystem@base@UModSys@@UAEPAUIRoot@core@3@PBUSUniquePointerInfo@53@@Z 00401f00 f i umodsys_lib_basesys:umodsys.basesys.rsystem_main.obj
 0001:00000f20       ?get_interface_info@RSystem@rsystem@base@UModSys@@UBEABUSUniquePointerInfo@core@4@XZ 00401f20 f i umodsys_lib_basesys:umodsys.basesys.rsystem_main.obj
 0001:00000f30       ?get_interface_type@RSystem@rsystem@base@UModSys@@UBEPBUSUniquePointerInfo@core@4@XZ 00401f30 f i umodsys_lib_basesys:umodsys.basesys.rsystem_main.obj
 0001:00000f40       ?get_other_interface@RSystem@rsystem@base@UModSys@@UBEPBUIRoot@core@4@PBUSUniquePointerInfo@64@@Z 00401f40 f i umodsys_lib_basesys:umodsys.basesys.rsystem_main.obj
 0001:00000f40       ?get_other_interface@RSystem@rsystem@base@UModSys@@UAEPAUIRoot@core@4@PBUSUniquePointerInfo@64@@Z 00401f40 f i umodsys_lib_basesys:umodsys.basesys.rsystem_main.obj
 0001:00000f60       ??_GRSystem@rsystem@base@UModSys@@UAEPAXI@Z 00401f60 f i umodsys_lib_basesys:umodsys.basesys.rsystem_main.obj
 0001:00000f60       ??_ERSystem@rsystem@base@UModSys@@UAEPAXI@Z 00401f60 f i  CIL library: CIL module
 0001:00000f70       ??_EISystem@base@UModSys@@UAEPAXI@Z 00401f70 f i  CIL library: CIL module
 0001:00000f70       ??_GISystem@base@UModSys@@UAEPAXI@Z 00401f70 f i umodsys_lib_basesys:umodsys.basesys.rsystem_main.obj
 0001:00000f80       ??1?$TStaticStringPool@DU?$TComparerBinaryHash@D@su@tl@UModSys@@USMemAlloc_Malloc@core@4@@tl@UModSys@@QAE@XZ 00401f80 f i umodsys_lib_basesys:umodsys.basesys.rsystem_main.obj
 0001:00000f90       ??1?$TQuantArrayUnique@USSourceContext@core@UModSys@@$0BAA@USMemAlloc_Malloc@23@@tl@UModSys@@QAE@XZ 00401f90 f i umodsys_lib_basesys:umodsys.basesys.rsystem_main.obj
 0001:00000f90       ??1?$TQuantArrayUnique@USUniquePointerInfo@core@UModSys@@$0BAA@USMemAlloc_Malloc@23@@tl@UModSys@@QAE@XZ 00401f90 f i umodsys_lib_basesys:umodsys.basesys.rsystem_main.obj
 0001:00001010       ??1?$TTreeHoldRBD@U?$TQuantArrayNode@USSourceContext@core@UModSys@@$0BAA@@tl@UModSys@@U?$TNodeDeleter@U?$TQuantArrayNode@USSourceContext@core@UModSys@@$0BAA@@tl@UModSys@@USMemAlloc_Malloc@core@3@@23@@tl@UModSys@@QAE@XZ 00402010 f i umodsys_lib_basesys:umodsys.basesys.rsystem_main.obj
 0001:00001010       ??1?$TTreeHoldRBD@U?$TQuantArrayNode@USUniquePointerInfo@core@UModSys@@$0BAA@@tl@UModSys@@U?$TNodeDeleter@U?$TQuantArrayNode@USUniquePointerInfo@core@UModSys@@$0BAA@@tl@UModSys@@USMemAlloc_Malloc@core@3@@23@@tl@UModSys@@QAE@XZ 00402010 f i umodsys_lib_basesys:umodsys.basesys.rsystem_main.obj
 0001:00001060       ??0?$TRMemAlloc_CC@U?$TMemAllocHeader@USMagic@mem_headers@rsystem@base@UModSys@@U?$TPool@X@2345@USDebug@2345@UVoid@core@5@@rsystem@base@UModSys@@USMemAlloc_Malloc@core@4@@rsystem@base@UModSys@@QAE@PAUIExceptionHandler@core@3@@Z 00402060 f i umodsys_lib_basesys:umodsys.basesys.rsystem_main.obj
 0001:00001070       ??1?$TRMemAlloc_CC@U?$TMemAllocHeader@USMagic@mem_headers@rsystem@base@UModSys@@U?$TPool@X@2345@USDebug@2345@UVoid@core@5@@rsystem@base@UModSys@@USMemAlloc_Malloc@core@4@@rsystem@base@UModSys@@QAE@XZ 00402070 f i umodsys_lib_basesys:umodsys.basesys.rsystem_main.obj
 0001:00001080       ?mem_alloc@?$TRMemAlloc_CC@U?$TMemAllocHeader@USMagic@mem_headers@rsystem@base@UModSys@@U?$TPool@X@2345@USDebug@2345@UVoid@core@5@@rsystem@base@UModSys@@USMemAlloc_Malloc@core@4@@rsystem@base@UModSys@@UAEPAXIPBUSSourceContext@core@4@@Z 00402080 f i umodsys_lib_basesys:umodsys.basesys.rsystem_main.obj
 0001:000010c0       ?mem_realloc@?$TRMemAlloc_CC@U?$TMemAllocHeader@USMagic@mem_headers@rsystem@base@UModSys@@U?$TPool@X@2345@USDebug@2345@UVoid@core@5@@rsystem@base@UModSys@@USMemAlloc_Malloc@core@4@@rsystem@base@UModSys@@UAEPAXPAXIPBUSSourceContext@core@4@@Z 004020c0 f i umodsys_lib_basesys:umodsys.basesys.rsystem_main.obj
 0001:00001280       ?mem_free@?$TRMemAlloc_CC@U?$TMemAllocHeader@USMagic@mem_headers@rsystem@base@UModSys@@U?$TPool@X@2345@USDebug@2345@UVoid@core@5@@rsystem@base@UModSys@@USMemAlloc_Malloc@core@4@@rsystem@base@UModSys@@UAEXPAXPBUSSourceContext@core@4@@Z 00402280 f i umodsys_lib_basesys:umodsys.basesys.rsystem_main.obj
 0001:00001350       ?free@?$TStaticStringPool@DU?$TComparerBinaryHash@D@su@tl@UModSys@@USMemAlloc_Malloc@core@4@@tl@UModSys@@QAEXXZ 00402350 f i umodsys_lib_basesys:umodsys.basesys.rsystem_main.obj
 0001:000013a0       ??$process@UEFatal@core@UModSys@@@IExceptionHandler@core@UModSys@@QAEXABUEFatal@12@@Z 004023a0 f i umodsys_lib_basesys:umodsys.basesys.rsystem_main.obj
 0001:000013f0       ??$process@UEWarning@core@UModSys@@@IExceptionHandler@core@UModSys@@QAEXABUEWarning@12@@Z 004023f0 f i umodsys_lib_basesys:umodsys.basesys.rsystem_main.obj
 0001:00001440       ??$process_nodes_r@U?$TNodeDeleter@U?$TQuantArrayNode@USSourceContext@core@UModSys@@$0BAA@@tl@UModSys@@USMemAlloc_Malloc@core@3@@tl@UModSys@@@?$TTreeHoldRB@U?$TQuantArrayNode@USSourceContext@core@UModSys@@$0BAA@@tl@UModSys@@@tl@UModSys@@KAHPAU?$TQuantArrayNode@USSourceContext@core@UModSys@@$0BAA@@12@ABU?$TNodeDeleter@U?$TQuantArrayNode@USSourceContext@core@UModSys@@$0BAA@@tl@UModSys@@USMemAlloc_Malloc@core@3@@12@@Z 00402440 f i umodsys_lib_basesys:umodsys.basesys.rsystem_main.obj
 0001:00001440       ??$process_nodes_r@U?$TNodeDeleter@U?$TQuantArrayNode@USUniquePointerInfo@core@UModSys@@$0BAA@@tl@UModSys@@USMemAlloc_Malloc@core@3@@tl@UModSys@@@?$TTreeHoldRB@U?$TQuantArrayNode@USUniquePointerInfo@core@UModSys@@$0BAA@@tl@UModSys@@@tl@UModSys@@KAHPAU?$TQuantArrayNode@USUniquePointerInfo@core@UModSys@@$0BAA@@12@ABU?$TNodeDeleter@U?$TQuantArrayNode@USUniquePointerInfo@core@UModSys@@$0BAA@@tl@UModSys@@USMemAlloc_Malloc@core@3@@12@@Z 00402440 f i umodsys_lib_basesys:umodsys.basesys.rsystem_main.obj
 0001:00001490       ??0EFatal@core@UModSys@@QAE@ABU012@@Z 00402490 f i umodsys_lib_basesys:umodsys.basesys.rsystem_main.obj
 0001:000014d0       ??0EExceptionBase@core@UModSys@@QAE@ABU012@@Z 004024d0 f i umodsys_lib_basesys:umodsys.basesys.rsystem_main.obj
 0001:00001500       ??0EWarning@core@UModSys@@QAE@ABU012@@Z 00402500 f i umodsys_lib_basesys:umodsys.basesys.rsystem_main.obj
 0001:00001540       ??1?$TParametersA@$0EAA@@core@UModSys@@QAE@XZ 00402540 f i umodsys_lib_basesys:umodsys.basesys.rsystem_tests.obj
 0001:00001550       ??$t_moduledb_generate@UIShell@base@UModSys@@@IModuleLoader@base@UModSys@@QAE_NAAU?$TRefObject@UIShell@base@UModSys@@@tl@2@PBUSUniquePointerInfo@core@2@ABUSParameters@62@@Z 00402550 f i umodsys_lib_basesys:umodsys.basesys.rsystem_tests.obj
 0001:00001620       ??1?$TRefObject@URStreamReader_FILE@stdio@media@modules@UModSys@@@tl@UModSys@@QAE@XZ 00402620 f i umodsys_lib_libmedia:umodsys.mod.media.stdio.obj
 0001:00001620       ??1?$TRefObject@URStreamWriter_FILE@stdio@media@modules@UModSys@@@tl@UModSys@@QAE@XZ 00402620 f i umodsys_lib_libmedia:umodsys.mod.media.stdio.obj
 0001:00001620       ??1?$TRefObject@URModuleLibrarySO@rsystem@base@UModSys@@@tl@UModSys@@QAE@XZ 00402620 f i umodsys_lib_basesys:umodsys.basesys.rmoduleloader.obj
 0001:00001620       ??1?$TRefObject@URParameters@rsystem@base@UModSys@@@tl@UModSys@@QAE@XZ 00402620 f i umodsys_lib_basesys:umodsys.basesys.rsystem_main.obj
 0001:00001620       ??1?$TRefObject@UIRefObject@core@UModSys@@@tl@UModSys@@QAE@XZ 00402620 f i umodsys_lib_basesys:umodsys.basesys.rsystem_tests.obj
 0001:00001620       ??1?$TRefObject@UIModuleLibraryUni@rsystem@base@UModSys@@@tl@UModSys@@QAE@XZ 00402620 f i umodsys_lib_basesys:umodsys.basesys.rmodule.obj
 0001:00001620       ??1?$TRefObject@URGenerator@stdio@media@modules@UModSys@@@tl@UModSys@@QAE@XZ 00402620 f i umodsys_lib_libmedia:umodsys.mod.media.stdio.obj
 0001:00001620       ??1?$TRefObject@UIShell@base@UModSys@@@tl@UModSys@@QAE@XZ 00402620 f i umodsys_lib_basesys:umodsys.basesys.rsystem_tests.obj
 0001:00001640       ??_ERModuleLoader@rsystem@base@UModSys@@UAEPAXI@Z 00402640 f i  CIL library: CIL module
 0001:00001640       ??_GRModuleLoader@rsystem@base@UModSys@@UAEPAXI@Z 00402640 f i umodsys_lib_basesys:umodsys.basesys.rmoduleloader.obj
 0001:00001660       ??_EIModuleLoader@base@UModSys@@UAEPAXI@Z 00402660 f i  CIL library: CIL module
 0001:00001660       ??_GIModuleLoader@base@UModSys@@UAEPAXI@Z 00402660 f i umodsys_lib_basesys:umodsys.basesys.rmoduleloader.obj
 0001:00001680       ??1?$TDynarrayDynamic@U?$TRefObject@URModuleLibrarySO@rsystem@base@UModSys@@@tl@UModSys@@U?$TAllocator@USMemAlloc_Malloc@core@UModSys@@USCountCalcPower2@23@@23@@tl@UModSys@@QAE@XZ 00402680 f i umodsys_lib_basesys:umodsys.basesys.rmoduleloader.obj
 0001:000016d0       ?append@?$TStaticStringPool@DU?$TComparerBinaryHash@D@su@tl@UModSys@@USMemAlloc_Malloc@core@4@@tl@UModSys@@QAEPBU?$TString@U?$TSCoreConst@D@su@tl@UModSys@@U?$TComparerBinaryHash@D@234@@23@PBDI@Z 004026d0 f i umodsys_lib_basesys:umodsys.basesys.rmoduleloader.obj
 0001:00001890       ?amoveright@?$TTypeConstructor@U?$TRefObject@URModuleLibrarySO@rsystem@base@UModSys@@@tl@UModSys@@@tl@UModSys@@SAXPAU?$TRefObject@URModuleLibrarySO@rsystem@base@UModSys@@@23@III@Z 00402890 f i umodsys_lib_basesys:umodsys.basesys.rmoduleloader.obj
 0001:00001920       ?find_s@?$TStaticStringPool@DU?$TComparerBinaryHash@D@su@tl@UModSys@@USMemAlloc_Malloc@core@4@@tl@UModSys@@QBEPBU?$TString@U?$TSCoreConst@D@su@tl@UModSys@@U?$TComparerBinaryHash@D@234@@23@ABU423@@Z 00402920 f i umodsys_lib_basesys:umodsys.basesys.rmoduleloader.obj
 0001:000019b0       ?get_interface_info@RModuleLibraryThis@rsystem@base@UModSys@@UBEABUSUniquePointerInfo@core@4@XZ 004029b0 f i umodsys_lib_basesys:umodsys.basesys.rmodulelibthis.obj
 0001:000019c0       ?get_interface_type@RModuleLibraryThis@rsystem@base@UModSys@@UBEPBUSUniquePointerInfo@core@4@XZ 004029c0 f i umodsys_lib_basesys:umodsys.basesys.rmodulelibthis.obj
 0001:000019d0       ?get_other_interface@RModuleLibraryThis@rsystem@base@UModSys@@UBEPBUIRoot@core@4@PBUSUniquePointerInfo@64@@Z 004029d0 f i umodsys_lib_basesys:umodsys.basesys.rmodulelibthis.obj
 0001:000019d0       ?get_other_interface@RModuleLibraryThis@rsystem@base@UModSys@@UAEPAUIRoot@core@4@PBUSUniquePointerInfo@64@@Z 004029d0 f i umodsys_lib_basesys:umodsys.basesys.rmodulelibthis.obj
 0001:00001a10       ?ref_add@RModuleLibraryThis@rsystem@base@UModSys@@UBEXXZ 00402a10 f i umodsys_lib_basesys:umodsys.basesys.rmodulelibthis.obj
 0001:00001a20       ?ref_remove@RModuleLibraryThis@rsystem@base@UModSys@@UBEXXZ 00402a20 f i umodsys_lib_basesys:umodsys.basesys.rmodulelibthis.obj
 0001:00001a30       ?ref_links@RModuleLibraryThis@rsystem@base@UModSys@@UBEHXZ 00402a30 f i umodsys_lib_basesys:umodsys.basesys.rmodulelibthis.obj
 0001:00001a40       ?suicide@RModuleLibraryThis@rsystem@base@UModSys@@UAEXXZ 00402a40 f i umodsys_lib_basesys:umodsys.basesys.rmodulelibthis.obj
 0001:00001a60       ??_GRModuleLibraryThis@rsystem@base@UModSys@@UAEPAXI@Z 00402a60 f i umodsys_lib_basesys:umodsys.basesys.rmodulelibthis.obj
 0001:00001a60       ??_ERModuleLibraryThis@rsystem@base@UModSys@@UAEPAXI@Z 00402a60 f i  CIL library: CIL module
 0001:00001a70       ??_EIModuleLibraryUni@rsystem@base@UModSys@@UAEPAXI@Z 00402a70 f i  CIL library: CIL module
 0001:00001a70       ??_GIModuleLibraryUni@rsystem@base@UModSys@@UAEPAXI@Z 00402a70 f i umodsys_lib_basesys:umodsys.basesys.rmodulelib.obj
 0001:00001a80       ??_GIModuleLibrary@base@UModSys@@UAEPAXI@Z 00402a80 f i umodsys_lib_basesys:umodsys.basesys.rmodulelib.obj
 0001:00001a80       ??_EIModuleLibrary@base@UModSys@@UAEPAXI@Z 00402a80 f i  CIL library: CIL module
 0001:00001a90       ?Push@?$TDynarray@U?$TDynarrayHolderDynamic@U?$TRefObject@URModule@rsystem@base@UModSys@@@tl@UModSys@@U?$TAllocator@USMemAlloc_Malloc@core@UModSys@@USCountCalcPower2@23@@23@@tl@UModSys@@@tl@UModSys@@QAE_NABU?$TRefObject@URModule@rsystem@base@UModSys@@@23@@Z 00402a90 f i umodsys_lib_basesys:umodsys.basesys.rmodulelib.obj
 0001:00001a90       ?Push@?$TDynarray@U?$TDynarrayHolderDynamic@U?$TRefObject@URModuleLibrarySO@rsystem@base@UModSys@@@tl@UModSys@@U?$TAllocator@USMemAlloc_Malloc@core@UModSys@@USCountCalcPower2@23@@23@@tl@UModSys@@@tl@UModSys@@QAE_NABU?$TRefObject@URModuleLibrarySO@rsystem@base@UModSys@@@23@@Z 00402a90 f i umodsys_lib_basesys:umodsys.basesys.rmodulelibso.obj
 0001:00001b10       ?ResizeRel@?$TDynarray@U?$TDynarrayHolderDynamic@U?$TRefObject@URModule@rsystem@base@UModSys@@@tl@UModSys@@U?$TAllocator@USMemAlloc_Malloc@core@UModSys@@USCountCalcPower2@23@@23@@tl@UModSys@@@tl@UModSys@@QAE_NH@Z 00402b10 f i umodsys_lib_basesys:umodsys.basesys.rmodulelib.obj
 0001:00001b10       ?ResizeRel@?$TDynarray@U?$TDynarrayHolderDynamic@U?$TRefObject@URModuleLibrarySO@rsystem@base@UModSys@@@tl@UModSys@@U?$TAllocator@USMemAlloc_Malloc@core@UModSys@@USCountCalcPower2@23@@23@@tl@UModSys@@@tl@UModSys@@QAE_NH@Z 00402b10 f i umodsys_lib_basesys:umodsys.basesys.rmoduleloader.obj
 0001:00001b80       ?adestruct@?$TTypeConstructor@U?$TRefObject@URModuleLibrarySO@rsystem@base@UModSys@@@tl@UModSys@@@tl@UModSys@@SAXPAU?$TRefObject@URModuleLibrarySO@rsystem@base@UModSys@@@23@I@Z 00402b80 f i umodsys_lib_basesys:umodsys.basesys.rmoduleloader.obj
 0001:00001b80       ?adestruct@?$TTypeConstructor@U?$TRefObject@URModule@rsystem@base@UModSys@@@tl@UModSys@@@tl@UModSys@@SAXPAU?$TRefObject@URModule@rsystem@base@UModSys@@@23@I@Z 00402b80 f i umodsys_lib_basesys:umodsys.basesys.rmodulelib.obj
 0001:00001bc0       ?add@?$TQuantArrayUnique@USSourceContext@core@UModSys@@$0BAA@USMemAlloc_Malloc@23@@tl@UModSys@@QAEPAUSSourceContext@core@3@ABU453@@Z 00402bc0 f i umodsys_lib_basesys:umodsys.basesys.rsystem.obj
 0001:00001bc0       ?add@?$TQuantArrayUnique@USUniquePointerInfo@core@UModSys@@$0BAA@USMemAlloc_Malloc@23@@tl@UModSys@@QAEPAUSUniquePointerInfo@core@3@ABU453@@Z 00402bc0 f i umodsys_lib_basesys:umodsys.basesys.rsystem.obj
 0001:00001d50       ?find@?$TQuantArrayUnique@USUniquePointerInfo@core@UModSys@@$0BAA@USMemAlloc_Malloc@23@@tl@UModSys@@QAEPBUSUniquePointerInfo@core@3@ABU453@@Z 00402d50 f i umodsys_lib_basesys:umodsys.basesys.rsystem.obj
 0001:00001d50       ?find@?$TQuantArrayUnique@USSourceContext@core@UModSys@@$0BAA@USMemAlloc_Malloc@23@@tl@UModSys@@QAEPBUSSourceContext@core@3@ABU453@@Z 00402d50 f i umodsys_lib_basesys:umodsys.basesys.rsystem.obj
 0001:00001e40       ?insert_color@?$TTreeHoldRB@U?$TQuantArrayNode@USSourceContext@core@UModSys@@$0BAA@@tl@UModSys@@@tl@UModSys@@IAEXPAU?$TQuantArrayNode@USSourceContext@core@UModSys@@$0BAA@@23@@Z 00402e40 f i umodsys_lib_basesys:umodsys.basesys.rsystem.obj
 0001:00001e40       ?insert_color@?$TTreeHoldRB@U?$TQuantArrayNode@USUniquePointerInfo@core@UModSys@@$0BAA@@tl@UModSys@@@tl@UModSys@@IAEXPAU?$TQuantArrayNode@USUniquePointerInfo@core@UModSys@@$0BAA@@23@@Z 00402e40 f i umodsys_lib_basesys:umodsys.basesys.rsystem.obj
 0001:00001fe0       ?get_interface_info@RParameters@rsystem@base@UModSys@@UBEABUSUniquePointerInfo@core@4@XZ 00402fe0 f i umodsys_lib_basesys:umodsys.basesys.rparameters.obj
 0001:00001ff0       ?get_interface_type@RParameters@rsystem@base@UModSys@@UBEPBUSUniquePointerInfo@core@4@XZ 00402ff0 f i umodsys_lib_basesys:umodsys.basesys.rparameters.obj
 0001:00002000       ?get_other_interface@RParameters@rsystem@base@UModSys@@UBEPBUIRoot@core@4@PBUSUniquePointerInfo@64@@Z 00403000 f i umodsys_lib_basesys:umodsys.basesys.rparameters.obj
 0001:00002000       ?get_other_interface@RParameters@rsystem@base@UModSys@@UAEPAUIRoot@core@4@PBUSUniquePointerInfo@64@@Z 00403000 f i umodsys_lib_basesys:umodsys.basesys.rparameters.obj
 0001:00002030       ?ref_add@RParameters@rsystem@base@UModSys@@UBEXXZ 00403030 f i umodsys_lib_basesys:umodsys.basesys.rparameters.obj
 0001:00002040       ?ref_remove@RParameters@rsystem@base@UModSys@@UBEXXZ 00403040 f i umodsys_lib_basesys:umodsys.basesys.rparameters.obj
 0001:00002050       ?ref_links@RParameters@rsystem@base@UModSys@@UBEHXZ 00403050 f i umodsys_lib_basesys:umodsys.basesys.rparameters.obj
 0001:00002060       ?suicide@RParameters@rsystem@base@UModSys@@UAEXXZ 00403060 f i umodsys_lib_basesys:umodsys.basesys.rparameters.obj
 0001:00002080       ??_ERParameters@rsystem@base@UModSys@@UAEPAXI@Z 00403080 f i  CIL library: CIL module
 0001:00002080       ??_GRParameters@rsystem@base@UModSys@@UAEPAXI@Z 00403080 f i umodsys_lib_basesys:umodsys.basesys.rparameters.obj
 0001:00002090       ??$shash@D@su@tl@UModSys@@YAHPBD@Z 00403090 f i umodsys_lib_basesys:umodsys.basesys.rparameters.obj
 0001:000020b0       ??$t_free@UIMemAlloc@core@UModSys@@@SMemChunk@core@UModSys@@QAE_NAAUIMemAlloc@12@PBUSSourceContext@12@@Z 004030b0 f i umodsys_lib_basesys:umodsys.basesys.rparameters.obj
 0001:000020d0       ??$t_alloc@UIMemAlloc@core@UModSys@@@SMemChunk@core@UModSys@@QAE_NAAUIMemAlloc@12@IPBUSSourceContext@12@@Z 004030d0 f i umodsys_lib_basesys:umodsys.basesys.rparameters.obj
 0001:00002110       ??0?$UniPath@$0CAAA@@syshlp@core@UModSys@@QAE@PB_W@Z 00403110 f i umodsys_lib_basesys:umodsys.basesys.rmodule.win32.obj
 0001:00002150       ?set@?$U8String@$0CAAA@@syshlp@core@UModSys@@QAEXPB_W@Z 00403150 f i umodsys_lib_basesys:umodsys.basesys.rmodule.win32.obj
 0001:00002180       ?get_interface_info@RModule@rsystem@base@UModSys@@UBEABUSUniquePointerInfo@core@4@XZ 00403180 f i umodsys_lib_basesys:umodsys.basesys.rmodule.obj
 0001:00002190       ?get_interface_type@RModule@rsystem@base@UModSys@@UBEPBUSUniquePointerInfo@core@4@XZ 00403190 f i umodsys_lib_basesys:umodsys.basesys.rmodule.obj
 0001:000021a0       ?get_other_interface@RModule@rsystem@base@UModSys@@UBEPBUIRoot@core@4@PBUSUniquePointerInfo@64@@Z 004031a0 f i umodsys_lib_basesys:umodsys.basesys.rmodule.obj
 0001:000021a0       ?get_other_interface@RModule@rsystem@base@UModSys@@UAEPAUIRoot@core@4@PBUSUniquePointerInfo@64@@Z 004031a0 f i umodsys_lib_basesys:umodsys.basesys.rmodule.obj
 0001:000021d0       ?ref_add@RModule@rsystem@base@UModSys@@UBEXXZ 004031d0 f i umodsys_lib_basesys:umodsys.basesys.rmodule.obj
 0001:000021e0       ?ref_remove@RModule@rsystem@base@UModSys@@UBEXXZ 004031e0 f i umodsys_lib_basesys:umodsys.basesys.rmodule.obj
 0001:000021f0       ?ref_links@RModule@rsystem@base@UModSys@@UBEHXZ 004031f0 f i umodsys_lib_basesys:umodsys.basesys.rmodule.obj
 0001:00002200       ?suicide@RModule@rsystem@base@UModSys@@UAEXXZ 00403200 f i umodsys_lib_basesys:umodsys.basesys.rmodule.obj
 0001:00002270       ??_GRModule@rsystem@base@UModSys@@UAEPAXI@Z 00403270 f i umodsys_lib_basesys:umodsys.basesys.rmodule.obj
 0001:00002270       ??_ERModule@rsystem@base@UModSys@@UAEPAXI@Z 00403270 f i  CIL library: CIL module
 0001:00002280       ??_GIModule@base@UModSys@@UAEPAXI@Z 00403280 f i umodsys_lib_basesys:umodsys.basesys.rmodule.obj
 0001:00002280       ??_EIModule@base@UModSys@@UAEPAXI@Z 00403280 f i  CIL library: CIL module
 0001:00002290       ??1?$TDynarrayDynamic@UModuleObjInfo@RModule@rsystem@base@UModSys@@U?$TAllocator@USMemAlloc_Malloc@core@UModSys@@USCountCalcPower2@23@@tl@5@@tl@UModSys@@QAE@XZ 00403290 f i umodsys_lib_basesys:umodsys.basesys.rmodule.obj
 0001:000022c0       ??1?$TDynarrayDynamic@UGeneratedObjInfo@RModule@rsystem@base@UModSys@@U?$TAllocator@USMemAlloc_Malloc@core@UModSys@@USCountCalcPower2@23@@tl@5@@tl@UModSys@@QAE@XZ 004032c0 f i umodsys_lib_basesys:umodsys.basesys.rmodule.obj
 0001:000022f0       ??1?$TDynarrayDynamic@PBUSUniquePointerInfo@core@UModSys@@U?$TAllocator@USMemAlloc_Malloc@core@UModSys@@USCountCalcPower2@23@@tl@3@@tl@UModSys@@QAE@XZ 004032f0 f i umodsys_lib_basesys:umodsys.basesys.rmodule.obj
 0001:00002300       ??1?$TDynarray@U?$TDynarrayHolderDynamic@PBUSUniquePointerInfo@core@UModSys@@U?$TAllocator@USMemAlloc_Malloc@core@UModSys@@USCountCalcPower2@23@@tl@3@@tl@UModSys@@@tl@UModSys@@QAE@XZ 00403300 f i umodsys_lib_basesys:umodsys.basesys.rmodule.obj
 0001:00002370       ?Free@?$TDynarray@U?$TDynarrayHolderDynamic@UModuleObjInfo@RModule@rsystem@base@UModSys@@U?$TAllocator@USMemAlloc_Malloc@core@UModSys@@USCountCalcPower2@23@@tl@5@@tl@UModSys@@@tl@UModSys@@QAE_NXZ 00403370 f i umodsys_lib_basesys:umodsys.basesys.rmodule.obj
 0001:000023e0       ?Free@?$TDynarray@U?$TDynarrayHolderDynamic@UGeneratedObjInfo@RModule@rsystem@base@UModSys@@U?$TAllocator@USMemAlloc_Malloc@core@UModSys@@USCountCalcPower2@23@@tl@5@@tl@UModSys@@@tl@UModSys@@QAE_NXZ 004033e0 f i umodsys_lib_basesys:umodsys.basesys.rmodule.obj
 0001:00002450       ??$wildcmp@D@su@tl@UModSys@@YA_NPBD0@Z 00403450 f i umodsys_lib_basesys:umodsys.basesys.rmodule.obj
 0001:000024f0       ?ReLink@?$TDynarray@U?$TDynarrayHolderDynamic@UModuleObjInfo@RModule@rsystem@base@UModSys@@U?$TAllocator@USMemAlloc_Malloc@core@UModSys@@USCountCalcPower2@23@@tl@5@@tl@UModSys@@@tl@UModSys@@IAE_NI@Z 004034f0 f i umodsys_lib_basesys:umodsys.basesys.rmodule.obj
 0001:00002540       ?ReLink@?$TDynarray@U?$TDynarrayHolderDynamic@UGeneratedObjInfo@RModule@rsystem@base@UModSys@@U?$TAllocator@USMemAlloc_Malloc@core@UModSys@@USCountCalcPower2@23@@tl@5@@tl@UModSys@@@tl@UModSys@@IAE_NI@Z 00403540 f i umodsys_lib_basesys:umodsys.basesys.rmodule.obj
 0001:00002590       ?items_construct@?$TDynarray@U?$TDynarrayHolderDynamic@UGeneratedObjInfo@RModule@rsystem@base@UModSys@@U?$TAllocator@USMemAlloc_Malloc@core@UModSys@@USCountCalcPower2@23@@tl@5@@tl@UModSys@@@tl@UModSys@@IAEXII@Z 00403590 f i umodsys_lib_basesys:umodsys.basesys.rmodule.obj
 0001:000025d0       ?ReLink@?$TDynarray@U?$TDynarrayHolderDynamic@U?$TRefObject@URModuleLibrarySO@rsystem@base@UModSys@@@tl@UModSys@@U?$TAllocator@USMemAlloc_Malloc@core@UModSys@@USCountCalcPower2@23@@23@@tl@UModSys@@@tl@UModSys@@IAE_NI@Z 004035d0 f i umodsys_lib_basesys:umodsys.basesys.rmoduleloader.obj
 0001:000025d0       ?ReLink@?$TDynarray@U?$TDynarrayHolderDynamic@U?$TRefObject@URModule@rsystem@base@UModSys@@@tl@UModSys@@U?$TAllocator@USMemAlloc_Malloc@core@UModSys@@USCountCalcPower2@23@@23@@tl@UModSys@@@tl@UModSys@@IAE_NI@Z 004035d0 f i umodsys_lib_basesys:umodsys.basesys.rmodulelib.obj
 0001:000025d0       ?ReLink@?$TDynarray@U?$TDynarrayHolderDynamic@PBUSUniquePointerInfo@core@UModSys@@U?$TAllocator@USMemAlloc_Malloc@core@UModSys@@USCountCalcPower2@23@@tl@3@@tl@UModSys@@@tl@UModSys@@IAE_NI@Z 004035d0 f i umodsys_lib_basesys:umodsys.basesys.rmodule.obj
 0001:00002620       ?aconstruct@?$TTypeConstructor@UModuleObjInfo@RModule@rsystem@base@UModSys@@@tl@UModSys@@SAXPAUModuleObjInfo@RModule@rsystem@base@3@I@Z 00403620 f i umodsys_lib_basesys:umodsys.basesys.rmodule.obj
 0001:00002660       ?get_interface_info@RModuleLibrarySO@rsystem@base@UModSys@@UBEABUSUniquePointerInfo@core@4@XZ 00403660 f i umodsys_lib_basesys:umodsys.basesys.rmodulelibso.obj
 0001:00002670       ?get_interface_type@RModuleLibrarySO@rsystem@base@UModSys@@UBEPBUSUniquePointerInfo@core@4@XZ 00403670 f i umodsys_lib_basesys:umodsys.basesys.rmodulelibso.obj
 0001:00002680       ?get_other_interface@RModuleLibrarySO@rsystem@base@UModSys@@UAEPAUIRoot@core@4@PBUSUniquePointerInfo@64@@Z 00403680 f i umodsys_lib_basesys:umodsys.basesys.rmodulelibso.obj
 0001:00002680       ?get_other_interface@RModuleLibrarySO@rsystem@base@UModSys@@UBEPBUIRoot@core@4@PBUSUniquePointerInfo@64@@Z 00403680 f i umodsys_lib_basesys:umodsys.basesys.rmodulelibso.obj
 0001:000026c0       ?ref_add@RModuleLibrarySO@rsystem@base@UModSys@@UBEXXZ 004036c0 f i umodsys_lib_basesys:umodsys.basesys.rmodulelibso.obj
 0001:000026d0       ?ref_remove@RModuleLibrarySO@rsystem@base@UModSys@@UBEXXZ 004036d0 f i umodsys_lib_basesys:umodsys.basesys.rmodulelibso.obj
 0001:000026e0       ?ref_links@RModuleLibrarySO@rsystem@base@UModSys@@UBEHXZ 004036e0 f i umodsys_lib_basesys:umodsys.basesys.rmodulelibso.obj
 0001:000026f0       ?suicide@RModuleLibrarySO@rsystem@base@UModSys@@UAEXXZ 004036f0 f i umodsys_lib_basesys:umodsys.basesys.rmodulelibso.obj
 0001:00002710       ??_ERModuleLibrarySO@rsystem@base@UModSys@@UAEPAXI@Z 00403710 f i  CIL library: CIL module
 0001:00002710       ??_GRModuleLibrarySO@rsystem@base@UModSys@@UAEPAXI@Z 00403710 f i umodsys_lib_basesys:umodsys.basesys.rmodulelibso.obj
 0001:00002720       ?info_new@?$TSCoreShared@USMemAlloc_Malloc@core@UModSys@@D@su@tl@UModSys@@QAE_NPBDI@Z 00403720 f i umodsys_lib_basesys:umodsys.basesys.rmodulelibso.obj
 0001:000027a0       ??_GRModuleLibraryReg_Chain@base@UModSys@@UAEPAXI@Z 004037a0 f i umodsys_lib_base:umodsys.base.moduleregchain.obj
 0001:000027a0       ??_ERModuleLibraryReg_Chain@base@UModSys@@UAEPAXI@Z 004037a0 f i  CIL library: CIL module
 0001:000027c0       ??_GIModuleReg@base@UModSys@@UAEPAXI@Z 004037c0 f i umodsys_lib_base:umodsys.base.modulereg.obj
 0001:000027c0       ??_EIModuleReg@base@UModSys@@UAEPAXI@Z 004037c0 f i  CIL library: CIL module
 0001:000027e0       ??_GIModuleLibraryReg@base@UModSys@@UAEPAXI@Z 004037e0 f i umodsys_lib_base:umodsys.base.modulereg.obj
 0001:000027e0       ??_EIModuleLibraryReg@base@UModSys@@UAEPAXI@Z 004037e0 f i  CIL library: CIL module
 0001:00002800       ?Find@?$TSet@U?$TArray@PBUSUniquePointerInfo@core@UModSys@@@tl@UModSys@@U?$TScalarCompare@PBUSUniquePointerInfo@core@UModSys@@@core@3@@tl@UModSys@@QBEPBQBUSUniquePointerInfo@core@3@ABQBU453@@Z 00403800 f i umodsys_lib_core:umodsys.core.uniqueptrlist.obj
 0001:0000288b       __onexit                   0040388b f   MSVCRT:atonexit.obj
 0001:00002930       _atexit                    00403930 f   MSVCRT:atonexit.obj
 0001:00002be9       _mainCRTStartup            00403be9 f   MSVCRT:crtexe.obj
 0001:00002bf4       __purecall                 00403bf4 f   MSVCRT:MSVCR90.dll
 0001:00002bfa       ??3@YAXPAX@Z               00403bfa f   MSVCRT:MSVCR90.dll
 0001:00002c00       ??_Etype_info@@UAEPAXI@Z   00403c00 f i MSVCRT:ti_inst.obj
 0001:00002c4c       __unlock                   00403c4c f   MSVCRT:MSVCR90.dll
 0001:00002c52       ___dllonexit               00403c52 f   MSVCRT:MSVCR90.dll
 0001:00002c58       __lock                     00403c58 f   MSVCRT:MSVCR90.dll
 0001:00002c60       __SEH_prolog4              00403c60 f   MSVCRT:sehprolg4.obj
 0001:00002ca5       __SEH_epilog4              00403ca5 f   MSVCRT:sehprolg4.obj
 0001:00002cb9       __except_handler4          00403cb9 f   MSVCRT:chandler4gs.obj
 0001:00002cde       ?__CxxUnhandledExceptionFilter@@YGJPAU_EXCEPTION_POINTERS@@@Z 00403cde f   MSVCRT:unhandld.obj
 0001:00002d20       ___CxxSetUnhandledExceptionFilter 00403d20 f   MSVCRT:unhandld.obj
 0001:00002d2e       __amsg_exit                00403d2e f   MSVCRT:MSVCR90.dll
 0001:00002d34       __RTC_Initialize           00403d34 f   MSVCRT:_initsect_.obj
 0001:00002d5a       __RTC_Terminate            00403d5a f   MSVCRT:_initsect_.obj
 0001:00002d80       __XcptFilter               00403d80 f   MSVCRT:MSVCR90.dll
 0001:00002d90       __ValidateImageBase        00403d90 f   MSVCRT:pesect.obj
 0001:00002dd0       __FindPESection            00403dd0 f   MSVCRT:pesect.obj
 0001:00002e20       __IsNonwritableInCurrentImage 00403e20 f   MSVCRT:pesect.obj
 0001:00002ede       __initterm                 00403ede f   MSVCRT:MSVCR90.dll
 0001:00002ee4       __initterm_e               00403ee4 f   MSVCRT:MSVCR90.dll
 0001:00002eea       __setdefaultprecision      00403eea f   MSVCRT:fp8.obj
 0001:00002f15       __setargv                  00403f15 f   MSVCRT:dllargv.obj
 0001:00002f15       __matherr                  00403f15 f   MSVCRT:merr.obj
 0001:00002f18       ___security_init_cookie    00403f18 f   MSVCRT:gs_support.obj
 0001:00002fae       ?__ArrayUnwind@@YGXPAXIHP6EX0@Z@Z 00403fae f   MSVCRT:ehvecdtr.obj
 0001:0000300c       ??_M@YGXPAXIHP6EX0@Z@Z     0040400c f   MSVCRT:ehvecdtr.obj
 0001:0000306f       @__security_check_cookie@4 0040406f f   MSVCRT:secchk.obj
 0001:0000307e       __except_handler4_common   0040407e f   MSVCRT:MSVCR90.dll
 0001:00003084       ?terminate@@YAXXZ          00404084 f   MSVCRT:MSVCR90.dll
 0001:0000308a       __invoke_watson            0040408a f   MSVCRT:MSVCR90.dll
 0001:00003090       __controlfp_s              00404090 f   MSVCRT:MSVCR90.dll
 0001:00003096       ??1type_info@@UAE@XZ       00404096 f   MSVCRT:MSVCR90.dll
 0001:00003096       ?_type_info_dtor_internal_method@type_info@@QAEXXZ 00404096 f   MSVCRT:MSVCR90.dll
 0001:0000309c       ___report_gsfailure        0040409c f   MSVCRT:gs_report.obj
 0001:000031a2       __crt_debugger_hook        004041a2 f   MSVCRT:MSVCR90.dll
 0001:000031b0       ?gracial_convert@syshlp@core@UModSys@@YA_NPADHPB_WH@Z 004041b0 f   umodsys_lib_core:umodsys.core.syshlp_charcode.win32.obj
 0001:000031e0       ?gracial_convert@syshlp@core@UModSys@@YA_NPA_WHPBDH@Z 004041e0 f   umodsys_lib_core:umodsys.core.syshlp_charcode.win32.obj
 0001:00003210       ?path_uni_os@syshlp@core@UModSys@@YAXPA_W@Z 00404210 f   umodsys_lib_core:umodsys.core.syshlp_chars.win32.obj
 0001:00003230       ?path_os_uni@syshlp@core@UModSys@@YAXPAD@Z 00404230 f   umodsys_lib_core:umodsys.core.syshlp_chars.win32.obj
 0001:00003250       ?gracial_cpy@syshlp@core@UModSys@@YA_NPA_WHQAPB_WH@Z 00404250 f   umodsys_lib_core:umodsys.core.syshlp_chars.win32.obj
 0001:000032f0       ?gracial_cpy@syshlp@core@UModSys@@YA_NPADHQAPBDH@Z 004042f0 f   umodsys_lib_core:umodsys.core.syshlp_chars.win32.obj
 0001:00003380       ?suicide@IRoot@core@UModSys@@UAEXXZ 00404380 f   umodsys_lib_core:umodsys.core.objects.obj
 0001:00003390       ??1IRoot@core@UModSys@@UAE@XZ 00404390 f   umodsys_lib_core:umodsys.core.objects.obj
 0001:000033a0       ??1IRefObject@core@UModSys@@UAE@XZ 004043a0 f   umodsys_lib_core:umodsys.core.objects.obj
 0001:000033b0       ??3IRoot@core@UModSys@@SAXPAXABUSIMemAlloc@12@@Z 004043b0 f   umodsys_lib_core:umodsys.core.objects.obj
 0001:000033d0       ??2IRoot@core@UModSys@@SAPAXIABUSIMemAlloc@12@@Z 004043d0 f   umodsys_lib_core:umodsys.core.objects.obj
 0001:000033e0       ?restore_console@syshlp@core@UModSys@@YAXXZ 004043e0 f   umodsys_lib_core:umodsys.core.syshlp_files.win32.obj
 0001:00003400       ?setup_console@syshlp@core@UModSys@@YAXXZ 00404400 f   umodsys_lib_core:umodsys.core.syshlp_files.win32.obj
 0001:00003430       ?c_fopen@syshlp@core@UModSys@@YAPAU_iobuf@@PBD0@Z 00404430 f   umodsys_lib_core:umodsys.core.syshlp_files.win32.obj
 0001:000034d0       ?c_fendtemp@syshlp@core@UModSys@@YA_NAAPAU_iobuf@@AAPAD_N@Z 004044d0 f   umodsys_lib_core:umodsys.core.syshlp_files.win32.obj
 0001:00003590       ?c_fopentemp@syshlp@core@UModSys@@YAPAU_iobuf@@AAPADPBD@Z 00404590 f   umodsys_lib_core:umodsys.core.syshlp_files.win32.obj
 0001:00003620       ?lost@core@UModSys@@YAEPBX@Z 00404620 f   umodsys_lib_core:umodsys.core.stdtypedefs.obj
 0001:00003630       ?s_unresolve@SUniquePointer@core@UModSys@@SAXPAUIUniquePointerResolver@23@@Z 00404630 f   umodsys_lib_core:umodsys.core.uniqueptr.obj
 0001:00003670       ?s_resolve@SUniquePointer@core@UModSys@@SAXPAUIUniquePointerResolver@23@@Z 00404670 f   umodsys_lib_core:umodsys.core.uniqueptr.obj
 0001:000036c0       ??1SUniquePointer@core@UModSys@@QAE@XZ 004046c0 f   umodsys_lib_core:umodsys.core.uniqueptr.obj
 0001:000036f0       ??0SUniquePointer@core@UModSys@@QAE@H@Z 004046f0 f   umodsys_lib_core:umodsys.core.uniqueptr.obj
 0001:00003710       ??0SUniquePointer@core@UModSys@@QAE@PBD0H@Z 00404710 f   umodsys_lib_core:umodsys.core.uniqueptr.obj
 0001:00003760       ??1SModuleInfo@base@UModSys@@QAE@XZ 00404760 f   umodsys_lib_base:umodsys.base.moduleinfo.obj
 0001:00003770       ??0SModuleInfo@base@UModSys@@QAE@XZ 00404770 f   umodsys_lib_base:umodsys.base.moduleinfo.obj
 0001:00003790       ??1IModuleLoader@base@UModSys@@UAE@XZ 00404790 f   umodsys_lib_base:umodsys.base.moduleloader.obj
 0001:000037a0       ??1SDebug@base@UModSys@@QAE@XZ 004047a0 f   umodsys_lib_base:umodsys.base.debug.obj
 0001:000037c0       ??0SDebug@base@UModSys@@QAE@PAUIConsole@12@I@Z 004047c0 f   umodsys_lib_base:umodsys.base.debug.obj
 0001:000037e0       ??1ISystem@base@UModSys@@UAE@XZ 004047e0 f   umodsys_lib_base:umodsys.base.system.obj
 0001:000037f0       ??1IModuleLibraryReg@base@UModSys@@UAE@XZ 004047f0 f   umodsys_lib_base:umodsys.base.modulereg.obj
 0001:00003800       ??0IModuleLibraryReg@base@UModSys@@QAE@XZ 00404800 f   umodsys_lib_base:umodsys.base.modulereg.obj
 0001:00003810       ?mr_close@IModuleReg@base@UModSys@@UAE_NXZ 00404810 f   umodsys_lib_base:umodsys.base.modulereg.obj
 0001:00003820       ?mr_open@IModuleReg@base@UModSys@@UAE_NXZ 00404820 f   umodsys_lib_base:umodsys.base.modulereg.obj
 0001:00003840       ?mr_isopen@IModuleReg@base@UModSys@@UBE_NXZ 00404840 f   umodsys_lib_base:umodsys.base.modulereg.obj
 0001:00003850       ??1IModuleReg@base@UModSys@@UAE@XZ 00404850 f   umodsys_lib_base:umodsys.base.modulereg.obj
 0001:00003860       ??0IModuleReg@base@UModSys@@QAE@XZ 00404860 f   umodsys_lib_base:umodsys.base.modulereg.obj
 0001:00003890       _UModSys_Plugin_Entry2@0   00404890 f   umodsys_lib_base:umodsys.so_main.win32.obj
 0001:000038a0       ??1RModuleLibraryReg_Chain@base@UModSys@@UAE@XZ 004048a0 f   umodsys_lib_base:umodsys.base.moduleregchain.obj
 0001:000038b0       ??0RModuleLibraryReg_Chain@base@UModSys@@QAE@XZ 004048b0 f   umodsys_lib_base:umodsys.base.moduleregchain.obj
 0001:000038d0       ?s_get@SModuleRegChain@base@UModSys@@SAPAUIModuleReg@23@I@Z 004048d0 f   umodsys_lib_base:umodsys.base.moduleregchain.obj
 0001:00003900       ??1SModuleRegChain@base@UModSys@@QAE@XZ 00404900 f   umodsys_lib_base:umodsys.base.moduleregchain.obj
 0001:00003930       ??0SModuleRegChain@base@UModSys@@QAE@AAUIModuleReg@12@@Z 00404930 f   umodsys_lib_base:umodsys.base.moduleregchain.obj
 0001:00003970       ?mlr_isopen@RModuleLibraryReg_Chain@base@UModSys@@UBE_NXZ 00404970 f   umodsys_lib_base:umodsys.base.moduleregchain.obj
 0001:00003980       ?mlr_close@RModuleLibraryReg_Chain@base@UModSys@@UAE_NXZ 00404980 f   umodsys_lib_base:umodsys.base.moduleregchain.obj
 0001:000039b0       ?mlr_open@RModuleLibraryReg_Chain@base@UModSys@@UAE_NPAUISystem@23@PAUIMemAlloc@core@3@@Z 004049b0 f   umodsys_lib_base:umodsys.base.moduleregchain.obj
 0001:000039e0       ?mlr_get@RModuleLibraryReg_Chain@base@UModSys@@UBEPAUIModuleReg@23@I@Z 004049e0 f   umodsys_lib_base:umodsys.base.moduleregchain.obj
 0001:000039f0       ?mlr_count@RModuleLibraryReg_Chain@base@UModSys@@UBEIXZ 004049f0 f   umodsys_lib_base:umodsys.base.moduleregchain.obj
 0001:00003a10       ??0SModuleRegChain@base@UModSys@@QAE@H@Z 00404a10 f   umodsys_lib_base:umodsys.base.moduleregchain.obj
 0001:00003a20       ?Link@SModuleContext@base@UModSys@@QAEXPAUISystem@23@PAUIMemAlloc@core@3@@Z 00404a20 f   umodsys_lib_base:umodsys.base.modulecontext.obj
 0001:00003a70       ??1SModuleContext@base@UModSys@@QAE@XZ 00404a70 f   umodsys_lib_base:umodsys.base.modulecontext.obj
 0001:00003a80       ?get_paramworker@SParameters@core@UModSys@@KAPAUIParameters@23@XZ 00404a80 f   umodsys_lib_base:umodsys.base.modulecontext.obj
 0001:00003a90       ?local_memory@UModSys@@YAABUSIMemAlloc@core@1@XZ 00404a90 f   umodsys_lib_base:umodsys.base.modulecontext.obj
 0001:00003aa0       ??0SModuleContext@base@UModSys@@QAE@XZ 00404aa0 f   umodsys_lib_base:umodsys.base.modulecontext.obj
 0001:00003ac0       ?uni_close@RModuleLibrarySO@rsystem@base@UModSys@@UAE_NXZ 00404ac0 f   umodsys_lib_basesys:umodsys.basesys.rmodulelibso.obj
 0001:00003ae0       ?uni_open@RModuleLibrarySO@rsystem@base@UModSys@@UAE_NXZ 00404ae0 f   umodsys_lib_basesys:umodsys.basesys.rmodulelibso.obj
 0001:00003b10       ?s_find_dup@RModuleLibrarySO@rsystem@base@UModSys@@SAIABU?$TDynarrayDynamic@U?$TRefObject@URModuleLibrarySO@rsystem@base@UModSys@@@tl@UModSys@@U?$TAllocator@USMemAlloc_Malloc@core@UModSys@@USCountCalcPower2@23@@23@@tl@4@PAUIModuleLibraryReg@34@@Z 00404b10 f   umodsys_lib_basesys:umodsys.basesys.rmodulelibso.obj
 0001:00003b40       ??0RModuleLibrarySO@rsystem@base@UModSys@@QAE@PAUISystem@23@PAUPFD_Data@0123@PAUIModuleLibraryReg@23@@Z 00404b40 f   umodsys_lib_basesys:umodsys.basesys.rmodulelibso.obj
 0001:00003b70       ??1RModuleLibrarySO@rsystem@base@UModSys@@UAE@XZ 00404b70 f   umodsys_lib_basesys:umodsys.basesys.rmodulelibso.obj
 0001:00003bc0       ?uni_unload@RModuleLibrarySO@rsystem@base@UModSys@@UAE_NXZ 00404bc0 f   umodsys_lib_basesys:umodsys.basesys.rmodulelibso.obj
 0001:00003bd0       ?uni_load@RModuleLibrarySO@rsystem@base@UModSys@@UAE_NXZ 00404bd0 f   umodsys_lib_basesys:umodsys.basesys.rmodulelibso.obj
 0001:00003c10       ?s_add@RModuleLibrarySO@rsystem@base@UModSys@@SA_NPAUISystem@34@AAU?$TDynarrayDynamic@U?$TRefObject@URModuleLibrarySO@rsystem@base@UModSys@@@tl@UModSys@@U?$TAllocator@USMemAlloc_Malloc@core@UModSys@@USCountCalcPower2@23@@23@@tl@4@PBD@Z 00404c10 f   umodsys_lib_basesys:umodsys.basesys.rmodulelibso.obj
 0001:00003dd0       ?scan@RModule@rsystem@base@UModSys@@QAE_NXZ 00404dd0 f   umodsys_lib_basesys:umodsys.basesys.rmodule.obj
 0001:00003e00       ?mod_findobjname@RModule@rsystem@base@UModSys@@UAEIPBUSUniquePointerInfo@core@4@QAPBU564@IPBD@Z 00404e00 f   umodsys_lib_basesys:umodsys.basesys.rmodule.obj
 0001:00003f30       ?is_open@RModule@rsystem@base@UModSys@@UBE_NXZ 00404f30 f   umodsys_lib_basesys:umodsys.basesys.rmodule.obj
 0001:00003f50       ?get_info@RModule@rsystem@base@UModSys@@UBEABUSModuleInfo@34@XZ 00404f50 f   umodsys_lib_basesys:umodsys.basesys.rmodule.obj
 0001:00003f60       ?get_library@RModule@rsystem@base@UModSys@@UBEPAUIModuleLibrary@34@XZ 00404f60 f   umodsys_lib_basesys:umodsys.basesys.rmodule.obj
 0001:00003f70       ??1RModule@rsystem@base@UModSys@@UAE@XZ 00404f70 f   umodsys_lib_basesys:umodsys.basesys.rmodule.obj
 0001:00003fe0       ?unreg_obj@RModule@rsystem@base@UModSys@@QAE_NPAUIModObject@34@@Z 00404fe0 f   umodsys_lib_basesys:umodsys.basesys.rmodule.obj
 0001:00004080       ?reg_generator@RModule@rsystem@base@UModSys@@QAE_NPAUModuleObjInfo@1234@PAUIGenerator@34@@Z 00405080 f   umodsys_lib_basesys:umodsys.basesys.rmodule.obj
 0001:000042e0       ?save_db@RModule@rsystem@base@UModSys@@QAE_NPAU_iobuf@@@Z 004052e0 f   umodsys_lib_basesys:umodsys.basesys.rmodule.obj
 0001:00004490       ?alloc_minfo@RModule@rsystem@base@UModSys@@QAE_NABUSModuleInfo@34@@Z 00405490 f   umodsys_lib_basesys:umodsys.basesys.rmodule.obj
 0001:00004510       ?reg_obj@RModule@rsystem@base@UModSys@@QAEPAUModuleObjInfo@1234@PAUIModObject@34@@Z 00405510 f   umodsys_lib_basesys:umodsys.basesys.rmodule.obj
 0001:00004650       ?mod_generate@RModule@rsystem@base@UModSys@@UAE_NAAU?$TRefObject@UIRefObject@core@UModSys@@@tl@4@PBUSUniquePointerInfo@core@4@ABUSParameters@84@@Z 00405650 f   umodsys_lib_basesys:umodsys.basesys.rmodule.obj
 0001:00004770       ?reg@RModule@rsystem@base@UModSys@@UAE_NPAUIGenerator@34@_N@Z 00405770 f   umodsys_lib_basesys:umodsys.basesys.rmodule.obj
 0001:000047c0       ?reg@RModule@rsystem@base@UModSys@@UAE_NPAUIModObject@34@_N@Z 004057c0 f   umodsys_lib_basesys:umodsys.basesys.rmodule.obj
 0001:000047f0       ?close@RModule@rsystem@base@UModSys@@UAE_NXZ 004057f0 f   umodsys_lib_basesys:umodsys.basesys.rmodule.obj
 0001:00004840       ?open@RModule@rsystem@base@UModSys@@UAE_NXZ 00405840 f   umodsys_lib_basesys:umodsys.basesys.rmodule.obj
 0001:000048a0       ??0RModule@rsystem@base@UModSys@@QAE@PAUIModuleLibraryUni@123@PAUIModuleReg@23@@Z 004058a0 f   umodsys_lib_basesys:umodsys.basesys.rmodule.obj
 0001:00004950       ?pfd_init@RModuleLibrarySO@rsystem@base@UModSys@@SA_NPAUPFD_Data@1234@@Z 00405950 f   umodsys_lib_basesys:umodsys.basesys.rmodule.win32.obj
 0001:000049d0       ?pfd_init@RModuleLibrarySO@rsystem@base@UModSys@@SA_NPAUPFD_Data@1234@0@Z 004059d0 f   umodsys_lib_basesys:umodsys.basesys.rmodule.win32.obj
 0001:000049f0       ?pfd_unload@RModuleLibrarySO@rsystem@base@UModSys@@SA_NPAUPFD_Data@1234@@Z 004059f0 f   umodsys_lib_basesys:umodsys.basesys.rmodule.win32.obj
 0001:00004a30       ?pfd_load@RModuleLibrarySO@rsystem@base@UModSys@@SAPAUIModuleLibraryReg@34@PAUPFD_Data@1234@ABU?$TString@U?$TSCoreConst@D@su@tl@UModSys@@U?$TComparerBinaryHash@D@234@@tl@4@@Z 00405a30 f   umodsys_lib_basesys:umodsys.basesys.rmodule.win32.obj
 0001:00004db0       ?pfd_scan@RModuleLibrarySO@rsystem@base@UModSys@@SAIPAUISystem@34@AAU?$TDynarrayDynamic@U?$TRefObject@URModuleLibrarySO@rsystem@base@UModSys@@@tl@UModSys@@U?$TAllocator@USMemAlloc_Malloc@core@UModSys@@USCountCalcPower2@23@@23@@tl@4@ABU?$TString@U?$TSCoreConst@D@su@tl@UModSys@@U?$TComparerBinaryHash@D@234@@74@@Z 00405db0 f   umodsys_lib_basesys:umodsys.basesys.rmodule.win32.obj
 0001:00004e90       ?estimate_size@RParameters@rsystem@base@UModSys@@IAEHAAUElem@1234@HPBDHH@Z 00405e90 f   umodsys_lib_basesys:umodsys.basesys.rparameters.obj
 0001:00004f10       ?p_init_s@RParameters@rsystem@base@UModSys@@UAEXPAUSParametersData@core@4@PAXH@Z 00405f10 f   umodsys_lib_basesys:umodsys.basesys.rparameters.obj
 0001:00004f50       ??1RParameters@rsystem@base@UModSys@@UAE@XZ 00405f50 f   umodsys_lib_basesys:umodsys.basesys.rparameters.obj
 0001:00004f60       ??0RParameters@rsystem@base@UModSys@@QAE@PAUISystem@23@@Z 00405f60 f   umodsys_lib_basesys:umodsys.basesys.rparameters.obj
 0001:00004f90       ?next@RParameters@rsystem@base@UModSys@@UAE_NPBUSParametersData@core@4@AAU?$TString@U?$TSCoreConst@D@su@tl@UModSys@@U?$TComparerBinaryHash@D@234@@tl@4@@Z 00405f90 f   umodsys_lib_basesys:umodsys.basesys.rparameters.obj
 0001:00005090       ?next@RParameters@rsystem@base@UModSys@@UAE_NPBUSParametersData@core@4@AAPBD@Z 00406090 f   umodsys_lib_basesys:umodsys.basesys.rparameters.obj
 0001:00005160       ?p_init@RParameters@rsystem@base@UModSys@@UAEXPAUSParametersData@core@4@H@Z 00406160 f   umodsys_lib_basesys:umodsys.basesys.rparameters.obj
 0001:000051d0       ?alloc_elems@RParameters@rsystem@base@UModSys@@IAEXPAXH@Z 004061d0 f   umodsys_lib_basesys:umodsys.basesys.rparameters.obj
 0001:00005230       ?free_elems@RParameters@rsystem@base@UModSys@@IAEXPAXH@Z 00406230 f   umodsys_lib_basesys:umodsys.basesys.rparameters.obj
 0001:000052a0       ?get_last@RParameters@rsystem@base@UModSys@@IAEPAUElem@1234@PAXHHH@Z 004062a0 f   umodsys_lib_basesys:umodsys.basesys.rparameters.obj
 0001:000052f0       ?find_elem@RParameters@rsystem@base@UModSys@@IAEPBUElem@1234@PBXHHHPBD@Z 004062f0 f   umodsys_lib_basesys:umodsys.basesys.rparameters.obj
 0001:00005380       ?get@RParameters@rsystem@base@UModSys@@UAE_NPBUSParametersData@core@4@PBDAAPAUIRefObject@64@@Z 00406380 f   umodsys_lib_basesys:umodsys.basesys.rparameters.obj
 0001:000053d0       ?get@RParameters@rsystem@base@UModSys@@UAE_NPBUSParametersData@core@4@PBDAAN@Z 004063d0 f   umodsys_lib_basesys:umodsys.basesys.rparameters.obj
 0001:00005420       ?get@RParameters@rsystem@base@UModSys@@UAE_NPBUSParametersData@core@4@PBDAAH@Z 00406420 f   umodsys_lib_basesys:umodsys.basesys.rparameters.obj
 0001:00005470       ?get@RParameters@rsystem@base@UModSys@@UAE_NPBUSParametersData@core@4@PBDAAPBD@Z 00406470 f   umodsys_lib_basesys:umodsys.basesys.rparameters.obj
 0001:000054c0       ?p_init_s@RParameters@rsystem@base@UModSys@@UAEXPAUSParametersData@core@4@ABU564@PAXH@Z 004064c0 f   umodsys_lib_basesys:umodsys.basesys.rparameters.obj
 0001:00005530       ?p_copy@RParameters@rsystem@base@UModSys@@UAEXPAUSParametersData@core@4@ABU564@@Z 00406530 f   umodsys_lib_basesys:umodsys.basesys.rparameters.obj
 0001:00005620       ?p_init@RParameters@rsystem@base@UModSys@@UAEXPAUSParametersData@core@4@ABU564@@Z 00406620 f   umodsys_lib_basesys:umodsys.basesys.rparameters.obj
 0001:000056d0       ?p_deinit@RParameters@rsystem@base@UModSys@@UAEXPAUSParametersData@core@4@@Z 004066d0 f   umodsys_lib_basesys:umodsys.basesys.rparameters.obj
 0001:00005730       ?add_last@RParameters@rsystem@base@UModSys@@IAE_NPAUSParametersData@core@4@PBDPBXH@Z 00406730 f   umodsys_lib_basesys:umodsys.basesys.rparameters.obj
 0001:00005940       ?add@RParameters@rsystem@base@UModSys@@UAE_NPAUSParametersData@core@4@PBDPAUIRefObject@64@@Z 00406940 f   umodsys_lib_basesys:umodsys.basesys.rparameters.obj
 0001:00005960       ?add@RParameters@rsystem@base@UModSys@@UAE_NPAUSParametersData@core@4@PBDABN@Z 00406960 f   umodsys_lib_basesys:umodsys.basesys.rparameters.obj
 0001:00005980       ?add@RParameters@rsystem@base@UModSys@@UAE_NPAUSParametersData@core@4@PBDH@Z 00406980 f   umodsys_lib_basesys:umodsys.basesys.rparameters.obj
 0001:000059a0       ?add@RParameters@rsystem@base@UModSys@@UAE_NPAUSParametersData@core@4@PBD1@Z 004069a0 f   umodsys_lib_basesys:umodsys.basesys.rparameters.obj
 0001:000059c0       ?get_sca@RSystem@rsystem@base@UModSys@@UAEPAUISourceContextAdapter@core@4@XZ 004069c0 f   umodsys_lib_basesys:umodsys.basesys.rsystem.obj
 0001:000059d0       ?get_upr@RSystem@rsystem@base@UModSys@@UAEPAUIUniquePointerResolver@core@4@XZ 004069d0 f   umodsys_lib_basesys:umodsys.basesys.rsystem.obj
 0001:000059e0       ?get_modloader@RSystem@rsystem@base@UModSys@@UAEPAUIModuleLoader@34@XZ 004069e0 f   umodsys_lib_basesys:umodsys.basesys.rsystem.obj
 0001:000059f0       ?get_syslib@RSystem@rsystem@base@UModSys@@UAEPAUIModuleLibrary@34@XZ 004069f0 f   umodsys_lib_basesys:umodsys.basesys.rsystem.obj
 0001:00005a00       ?get_sharemem@RSystem@rsystem@base@UModSys@@UAEPAUIMemAlloc@core@4@XZ 00406a00 f   umodsys_lib_basesys:umodsys.basesys.rsystem.obj
 0001:00005a10       ?get_sysmem@RSystem@rsystem@base@UModSys@@UAEPAUIMemAlloc@core@4@XZ 00406a10 f   umodsys_lib_basesys:umodsys.basesys.rsystem.obj
 0001:00005a20       ?get_console@RSystem@rsystem@base@UModSys@@UAEPAUIConsole@34@XZ 00406a20 f   umodsys_lib_basesys:umodsys.basesys.rsystem.obj
 0001:00005a30       ?get_params@RSystem@rsystem@base@UModSys@@UAEPAUIParameters@core@4@XZ 00406a30 f   umodsys_lib_basesys:umodsys.basesys.rsystem.obj
 0001:00005a40       ?upi_remove@RSystem@rsystem@base@UModSys@@UAEHPBUSUniquePointerInfo@core@4@@Z 00406a40 f   umodsys_lib_basesys:umodsys.basesys.rsystem.obj
 0001:00005a50       ?persist_ctx@RSystem@rsystem@base@UModSys@@UAEPBUSSourceContext@core@4@PBU564@@Z 00406a50 f   umodsys_lib_basesys:umodsys.basesys.rsystem.obj
 0001:00005b10       ?upi_add@RSystem@rsystem@base@UModSys@@UAEPBUSUniquePointerInfo@core@4@PBU564@@Z 00406b10 f   umodsys_lib_basesys:umodsys.basesys.rsystem.obj
 0001:00005bd0       ?lib_unload@IModuleLibraryUni@rsystem@base@UModSys@@UAE_NXZ 00406bd0 f   umodsys_lib_basesys:umodsys.basesys.rmodulelib.obj
 0001:00005bf0       ?lib_loaded@IModuleLibraryUni@rsystem@base@UModSys@@UBE_NXZ 00406bf0 f   umodsys_lib_basesys:umodsys.basesys.rmodulelib.obj
 0001:00005c00       ?get_system@IModuleLibraryUni@rsystem@base@UModSys@@UBEPAUISystem@34@XZ 00406c00 f   umodsys_lib_basesys:umodsys.basesys.rmodulelib.obj
 0001:00005c10       ?get_privmem@IModuleLibraryUni@rsystem@base@UModSys@@UBEPAUIMemAlloc@core@4@XZ 00406c10 f   umodsys_lib_basesys:umodsys.basesys.rmodulelib.obj
 0001:00005c20       ?unlink@IModuleLibraryUni@rsystem@base@UModSys@@QAE_NXZ 00406c20 f   umodsys_lib_basesys:umodsys.basesys.rmodulelib.obj
 0001:00005c60       ?cleanup@IModuleLibraryUni@rsystem@base@UModSys@@QAEIXZ 00406c60 f   umodsys_lib_basesys:umodsys.basesys.rmodulelib.obj
 0001:00005c90       ?lib_generate@IModuleLibraryUni@rsystem@base@UModSys@@UAE_NAAU?$TRefObject@UIRefObject@core@UModSys@@@tl@4@PBUSUniquePointerInfo@core@4@ABUSParameters@84@@Z 00406c90 f   umodsys_lib_basesys:umodsys.basesys.rmodulelib.obj
 0001:00005ce0       ?lib_findobjname@IModuleLibraryUni@rsystem@base@UModSys@@UAEIPBUSUniquePointerInfo@core@4@QAPBU564@IPBD@Z 00406ce0 f   umodsys_lib_basesys:umodsys.basesys.rmodulelib.obj
 0001:00005d60       ?lib_free@IModuleLibraryUni@rsystem@base@UModSys@@UAE_NXZ 00406d60 f   umodsys_lib_basesys:umodsys.basesys.rmodulelib.obj
 0001:00005d80       ?get_module@IModuleLibraryUni@rsystem@base@UModSys@@UBEPAUIModule@34@I@Z 00406d80 f   umodsys_lib_basesys:umodsys.basesys.rmodulelib.obj
 0001:00005da0       ?get_module_count@IModuleLibraryUni@rsystem@base@UModSys@@UBEIXZ 00406da0 f   umodsys_lib_basesys:umodsys.basesys.rmodulelib.obj
 0001:00005db0       ?get_sys_libname@IModuleLibraryUni@rsystem@base@UModSys@@UBE?AU?$TString@U?$TSCoreConst@D@su@tl@UModSys@@U?$TComparerBinaryHash@D@234@@tl@4@XZ 00406db0 f   umodsys_lib_basesys:umodsys.basesys.rmodulelib.obj
 0001:00005dd0       ??1IModuleLibraryUni@rsystem@base@UModSys@@UAE@XZ 00406dd0 f   umodsys_lib_basesys:umodsys.basesys.rmodulelib.obj
 0001:00005e60       ??0IModuleLibraryUni@rsystem@base@UModSys@@QAE@PAUISystem@23@PAUIModuleLibraryReg@23@@Z 00406e60 f   umodsys_lib_basesys:umodsys.basesys.rmodulelib.obj
 0001:00005ea0       ?save_db@IModuleLibraryUni@rsystem@base@UModSys@@QAE_NPAU_iobuf@@@Z 00406ea0 f   umodsys_lib_basesys:umodsys.basesys.rmodulelib.obj
 0001:00005f00       ?link@IModuleLibraryUni@rsystem@base@UModSys@@QAE_NXZ 00406f00 f   umodsys_lib_basesys:umodsys.basesys.rmodulelib.obj
 0001:000060d0       ?load0@IModuleLibraryUni@rsystem@base@UModSys@@QAE_NXZ 004070d0 f   umodsys_lib_basesys:umodsys.basesys.rmodulelib.obj
 0001:00006120       ?lib_load@IModuleLibraryUni@rsystem@base@UModSys@@UAE_NXZ 00407120 f   umodsys_lib_basesys:umodsys.basesys.rmodulelib.obj
 0001:00006140       ?scan@IModuleLibraryUni@rsystem@base@UModSys@@QAE_NXZ 00407140 f   umodsys_lib_basesys:umodsys.basesys.rmodulelib.obj
 0001:00006180       ?uni_close@RModuleLibraryThis@rsystem@base@UModSys@@UAE_NXZ 00407180 f   umodsys_lib_basesys:umodsys.basesys.rmodulelibthis.obj
 0001:00006190       ?uni_open@RModuleLibraryThis@rsystem@base@UModSys@@UAE_NXZ 00407190 f   umodsys_lib_basesys:umodsys.basesys.rmodulelibthis.obj
 0001:000061a0       ?uni_unload@RModuleLibraryThis@rsystem@base@UModSys@@UAE_NXZ 004071a0 f   umodsys_lib_basesys:umodsys.basesys.rmodulelibthis.obj
 0001:000061b0       ?uni_load@RModuleLibraryThis@rsystem@base@UModSys@@UAE_NXZ 004071b0 f   umodsys_lib_basesys:umodsys.basesys.rmodulelibthis.obj
 0001:000061c0       ??1RModuleLibraryThis@rsystem@base@UModSys@@UAE@XZ 004071c0 f   umodsys_lib_basesys:umodsys.basesys.rmodulelibthis.obj
 0001:00006210       ??0RModuleLibraryThis@rsystem@base@UModSys@@QAE@PAUISystem@23@@Z 00407210 f   umodsys_lib_basesys:umodsys.basesys.rmodulelibthis.obj
 0001:00006240       ?moduledb_load@RModuleLoader@rsystem@base@UModSys@@UAE_NABU?$TString@U?$TSCoreConst@D@su@tl@UModSys@@U?$TComparerBinaryHash@D@234@@tl@4@@Z 00407240 f   umodsys_lib_basesys:umodsys.basesys.rmoduleloader.obj
 0001:00006250       ?moduledb_lib_drop@RModuleLoader@rsystem@base@UModSys@@UAE_NPAUIModuleLibrary@34@@Z 00407250 f   umodsys_lib_basesys:umodsys.basesys.rmoduleloader.obj
 0001:00006260       ?moduledb_lib_get@RModuleLoader@rsystem@base@UModSys@@UBEPAUIModuleLibrary@34@I@Z 00407260 f   umodsys_lib_basesys:umodsys.basesys.rmoduleloader.obj
 0001:00006290       ?moduledb_lib_count@RModuleLoader@rsystem@base@UModSys@@UAEIXZ 00407290 f   umodsys_lib_basesys:umodsys.basesys.rmoduleloader.obj
 0001:000062a0       ?moduledb_module_get@RModuleLoader@rsystem@base@UModSys@@UBEPAUIModule@34@I@Z 004072a0 f   umodsys_lib_basesys:umodsys.basesys.rmoduleloader.obj
 0001:00006300       ?moduledb_module_count@RModuleLoader@rsystem@base@UModSys@@UAEIXZ 00407300 f   umodsys_lib_basesys:umodsys.basesys.rmoduleloader.obj
 0001:00006330       ?moduledb_generate@RModuleLoader@rsystem@base@UModSys@@UAE_NAAU?$TRefObject@UIRefObject@core@UModSys@@@tl@4@PBUSUniquePointerInfo@core@4@ABUSParameters@84@@Z 00407330 f   umodsys_lib_basesys:umodsys.basesys.rmoduleloader.obj
 0001:000063a0       ?moduledb_findobjname@RModuleLoader@rsystem@base@UModSys@@UAEIPBUSUniquePointerInfo@core@4@QAPBU564@IPBD@Z 004073a0 f   umodsys_lib_basesys:umodsys.basesys.rmoduleloader.obj
 0001:00006430       ??1RModuleLoader@rsystem@base@UModSys@@UAE@XZ 00407430 f   umodsys_lib_basesys:umodsys.basesys.rmoduleloader.obj
 0001:000064d0       ??0RModuleLoader@rsystem@base@UModSys@@QAE@PAUISystem@23@@Z 004074d0 f   umodsys_lib_basesys:umodsys.basesys.rmoduleloader.obj
 0001:00006510       ?moduledb_clear@RModuleLoader@rsystem@base@UModSys@@UAEXXZ 00407510 f   umodsys_lib_basesys:umodsys.basesys.rmoduleloader.obj
 0001:00006590       ?moduledb_find@RModuleLoader@rsystem@base@UModSys@@UBEPAUIModule@34@ABU?$TString@U?$TSCoreConst@D@su@tl@UModSys@@U?$TComparerBinaryHash@D@234@@tl@4@ABUSVersion@core@4@@Z 00407590 f   umodsys_lib_basesys:umodsys.basesys.rmoduleloader.obj
 0001:000066f0       ?cleanup@RModuleLoader@rsystem@base@UModSys@@QAEXXZ 004076f0 f   umodsys_lib_basesys:umodsys.basesys.rmoduleloader.obj
 0001:00006730       ?get_string@RModuleLoader@rsystem@base@UModSys@@QAEABU?$TString@U?$TSCoreConst@D@su@tl@UModSys@@U?$TComparerBinaryHash@D@234@@tl@4@ABU564@@Z 00407730 f   umodsys_lib_basesys:umodsys.basesys.rmoduleloader.obj
 0001:00006770       ?moduledb_get_string@RModuleLoader@rsystem@base@UModSys@@UAEABU?$TString@U?$TSCoreConst@D@su@tl@UModSys@@U?$TComparerBinaryHash@D@234@@tl@4@ABU564@@Z 00407770 f   umodsys_lib_basesys:umodsys.basesys.rmoduleloader.obj
 0001:00006780       ?moduledb_save@RModuleLoader@rsystem@base@UModSys@@UAE_NABU?$TString@U?$TSCoreConst@D@su@tl@UModSys@@U?$TComparerBinaryHash@D@234@@tl@4@@Z 00407780 f   umodsys_lib_basesys:umodsys.basesys.rmoduleloader.obj
 0001:00006810       ?moduledb_cleanup@RModuleLoader@rsystem@base@UModSys@@UAEIXZ 00407810 f   umodsys_lib_basesys:umodsys.basesys.rmoduleloader.obj
 0001:000068e0       ?moduledb_scan@RModuleLoader@rsystem@base@UModSys@@UAEIABU?$TString@U?$TSCoreConst@D@su@tl@UModSys@@U?$TComparerBinaryHash@D@234@@tl@4@_N@Z 004078e0 f   umodsys_lib_basesys:umodsys.basesys.rmoduleloader.obj
 0001:00006940       ?set_console@RSystem@rsystem@base@UModSys@@QAEXPAUIConsole@34@@Z 00407940 f   umodsys_lib_basesys:umodsys.basesys.rsystem_main.obj
 0001:00006970       ?err_put@rsystem@base@UModSys@@YAXW4eRSystemDebugLevels@123@PBDZZ 00407970 f   umodsys_lib_basesys:umodsys.basesys.rsystem_main.obj
 0001:000069b0       ?dbg_put@rsystem@base@UModSys@@YAXW4eRSystemDebugLevels@123@PBDZZ 004079b0 f   umodsys_lib_basesys:umodsys.basesys.rsystem_main.obj
 0001:000069f0       ??1RSystem@rsystem@base@UModSys@@UAE@XZ 004079f0 f   umodsys_lib_basesys:umodsys.basesys.rsystem_main.obj
 0001:00006ab0       ??0RSystem@rsystem@base@UModSys@@QAE@XZ 00407ab0 f   umodsys_lib_basesys:umodsys.basesys.rsystem_main.obj
 0001:00006b80       ?find_shells@RSystem@rsystem@base@UModSys@@QAEIQAPBUSUniquePointerInfo@core@4@IPBD@Z 00407b80 f   umodsys_lib_basesys:umodsys.basesys.rsystem_main.obj
 0001:00006ba0       ?exec_main@RSystem@rsystem@base@UModSys@@QAE_NXZ 00407ba0 f   umodsys_lib_basesys:umodsys.basesys.rsystem_main.obj
 0001:00006bc0       ?exec_args@RSystem@rsystem@base@UModSys@@QAE_NHPAPAD@Z 00407bc0 f   umodsys_lib_basesys:umodsys.basesys.rsystem_main.obj
 0001:00006be0       ?deinit@RSystem@rsystem@base@UModSys@@QAE_NXZ 00407be0 f   umodsys_lib_basesys:umodsys.basesys.rsystem_main.obj
 0001:00006cd0       ?init@RSystem@rsystem@base@UModSys@@QAE_NXZ 00407cd0 f   umodsys_lib_basesys:umodsys.basesys.rsystem_main.obj
 0001:00006da0       ?get_s@RConsole_std@rsystem@base@UModSys@@UAA_NPADIPBDZZ 00407da0 f   umodsys_lib_basesys:umodsys.basesys.rconsole_std.obj
 0001:00006db0       ?vget_s@RConsole_std@rsystem@base@UModSys@@UAE_NPADIPBD0@Z 00407db0 f   umodsys_lib_basesys:umodsys.basesys.rconsole_std.obj
 0001:00006dc0       ?get_c@RConsole_std@rsystem@base@UModSys@@UAA_NPAHPBDZZ 00407dc0 f   umodsys_lib_basesys:umodsys.basesys.rconsole_std.obj
 0001:00006dd0       ?vget_c@RConsole_std@rsystem@base@UModSys@@UAE_NPAHPBDPAD@Z 00407dd0 f   umodsys_lib_basesys:umodsys.basesys.rconsole_std.obj
 0001:00006de0       ?put@RConsole_std@rsystem@base@UModSys@@UAA_NHPBDZZ 00407de0 f   umodsys_lib_basesys:umodsys.basesys.rconsole_std.obj
 0001:00006e30       ?vput@RConsole_std@rsystem@base@UModSys@@UAE_NHPBDPAD@Z 00407e30 f   umodsys_lib_basesys:umodsys.basesys.rconsole_std.obj
 0001:00006e80       ?ref_links@RConsole_std@rsystem@base@UModSys@@UBEHXZ 00407e80 f   umodsys_lib_basesys:umodsys.basesys.rconsole_std.obj
 0001:00006e90       ?ref_remove@RConsole_std@rsystem@base@UModSys@@UBEXXZ 00407e90 f   umodsys_lib_basesys:umodsys.basesys.rconsole_std.obj
 0001:00006ea0       ?ref_add@RConsole_std@rsystem@base@UModSys@@UBEXXZ 00407ea0 f   umodsys_lib_basesys:umodsys.basesys.rconsole_std.obj
 0001:00006eb0       ??0RConsole_std@rsystem@base@UModSys@@QAE@XZ 00407eb0 f   umodsys_lib_basesys:umodsys.basesys.rconsole_std.obj
 0001:00006ed0       ?reflect@RConsole_std@rsystem@base@UModSys@@QAE_NPBD@Z 00407ed0 f   umodsys_lib_basesys:umodsys.basesys.rconsole_std.obj
 0001:00006f20       ??1RConsole_std@rsystem@base@UModSys@@UAE@XZ 00407f20 f   umodsys_lib_basesys:umodsys.basesys.rconsole_std.obj
 0001:00006f40       ?s_holder@RGenerator@stdio@media@modules@UModSys@@SAAAU?$TTypeStaticHolder@URGenerator@stdio@media@modules@UModSys@@@tl@5@XZ 00407f40 f   umodsys_lib_libmedia:umodsys.mod.media.stdio.obj
 0001:00006f80       ?mod_dec@RGenerator@stdio@media@modules@UModSys@@UBE_NXZ 00407f80 f   umodsys_lib_libmedia:umodsys.mod.media.stdio.obj
 0001:00006f90       ?mod_inc@RGenerator@stdio@media@modules@UModSys@@UBE_NXZ 00407f90 f   umodsys_lib_libmedia:umodsys.mod.media.stdio.obj
 0001:00006fa0       ?get_module@RGenerator@stdio@media@modules@UModSys@@UBEPAUIModule@base@5@XZ 00407fa0 f   umodsys_lib_libmedia:umodsys.mod.media.stdio.obj
 0001:00006fb0       ?s_unreg@RGenerator@stdio@media@modules@UModSys@@SA_NPAUIModuleReg@base@5@@Z 00407fb0 f   umodsys_lib_libmedia:umodsys.mod.media.stdio.obj
 0001:00007010       ?s_reg@RGenerator@stdio@media@modules@UModSys@@SA_NPAUIModuleReg@base@5@@Z 00408010 f   umodsys_lib_libmedia:umodsys.mod.media.stdio.obj
 0001:00007080       _main                      00408080 f   umodsys.c_main.obj
 0001:000071b0       ??0SUniquePtrList@core@UModSys@@QAE@PAPBUSUniquePointerInfo@12@I@Z 004081b0 f   umodsys_lib_core:umodsys.core.uniqueptrlist.obj
 0001:000071c0       ?add@SUniquePtrList@core@UModSys@@QAE_NPBUSUniquePointerInfo@23@@Z 004081c0 f   umodsys_lib_core:umodsys.core.uniqueptrlist.obj
 0001:00007210       ??1IModuleLibrary@base@UModSys@@UAE@XZ 00408210 f   umodsys_lib_base:umodsys.base.module.obj
 0001:00007220       ??1IModule@base@UModSys@@UAE@XZ 00408220 f   umodsys_lib_base:umodsys.base.module.obj
 0001:00007230       ??1IConsole@base@UModSys@@UAE@XZ 00408230 f   umodsys_lib_base:umodsys.base.console.obj
 0001:00007240       ?exec_test_shells@RSystem@rsystem@base@UModSys@@QAE_NXZ 00408240 f   umodsys_lib_basesys:umodsys.basesys.rsystem_tests.obj
 0001:000073a0       ?exec_tests@RSystem@rsystem@base@UModSys@@QAE_NXZ 004083a0 f   umodsys_lib_basesys:umodsys.basesys.rsystem_tests.obj
 0001:000073c6       _memcpy                    004083c6 f   MSVCRT:MSVCR90.dll
 0001:000073d0       __alloca_probe             004083d0     MSVCRT:chkstk.obj
 0001:000073d0       __chkstk                   004083d0 f   MSVCRT:chkstk.obj
 0001:000073fc       ___CxxFrameHandler3        004083fc f   MSVCRT:MSVCR90.dll
 0001:00007402       __CxxThrowException@8      00408402 f   MSVCRT:MSVCR90.dll
 0002:00000000       __imp__UnhandledExceptionFilter@4 00409000     kernel32:KERNEL32.dll
 0002:00000004       __imp__GetCurrentProcess@0 00409004     kernel32:KERNEL32.dll
 0002:00000008       __imp__TerminateProcess@8  00409008     kernel32:KERNEL32.dll
 0002:0000000c       __imp__GetSystemTimeAsFileTime@4 0040900c     kernel32:KERNEL32.dll
 0002:00000010       __imp__GetCurrentProcessId@0 00409010     kernel32:KERNEL32.dll
 0002:00000014       __imp__GetCurrentThreadId@0 00409014     kernel32:KERNEL32.dll
 0002:00000018       __imp__GetTickCount@0      00409018     kernel32:KERNEL32.dll
 0002:0000001c       __imp__QueryPerformanceCounter@4 0040901c     kernel32:KERNEL32.dll
 0002:00000020       __imp__SetUnhandledExceptionFilter@4 00409020     kernel32:KERNEL32.dll
 0002:00000024       __imp__InterlockedCompareExchange@12 00409024     kernel32:KERNEL32.dll
 0002:00000028       __imp__Sleep@4             00409028     kernel32:KERNEL32.dll
 0002:0000002c       __imp__InterlockedExchange@8 0040902c     kernel32:KERNEL32.dll
 0002:00000030       __imp__MultiByteToWideChar@24 00409030     kernel32:KERNEL32.dll
 0002:00000034       __imp__WideCharToMultiByte@32 00409034     kernel32:KERNEL32.dll
 0002:00000038       __imp__SetConsoleOutputCP@4 00409038     kernel32:KERNEL32.dll
 0002:0000003c       __imp__GetLastError@0      0040903c     kernel32:KERNEL32.dll
 0002:00000040       __imp__GetConsoleOutputCP@0 00409040     kernel32:KERNEL32.dll
 0002:00000044       __imp__FindNextFileW@8     00409044     kernel32:KERNEL32.dll
[...]
 0001:00007470       __ehhandler$??1RModuleLoader@rsystem@base@UModSys@@UAE@XZ 00408470 f    CIL library: CIL module
 0001:0000747a       __unwindfunclet$??1RSystem@rsystem@base@UModSys@@UAE@XZ$0 0040847a f    CIL library: CIL module
 0001:00007482       __unwindfunclet$??1RSystem@rsystem@base@UModSys@@UAE@XZ$1 00408482 f    CIL library: CIL module
 0001:0000748f       __unwindfunclet$??1RSystem@rsystem@base@UModSys@@UAE@XZ$2 0040848f f    CIL library: CIL module
 0001:0000749a       __unwindfunclet$??1RSystem@rsystem@base@UModSys@@UAE@XZ$3 0040849a f    CIL library: CIL module
 0001:000074a5       __unwindfunclet$??1RSystem@rsystem@base@UModSys@@UAE@XZ$4 004084a5 f    CIL library: CIL module
 0001:000074b2       __unwindfunclet$??1RSystem@rsystem@base@UModSys@@UAE@XZ$5 004084b2 f    CIL library: CIL module
 0001:000074bd       __ehhandler$??1RSystem@rsystem@base@UModSys@@UAE@XZ 004084bd f    CIL library: CIL module
 0001:000074c7       __unwindfunclet$??1RModuleLibrarySO@rsystem@base@UModSys@@UAE@XZ$0 004084c7 f    CIL library: CIL module
 0001:000074cf       __ehhandler$??1RModuleLibrarySO@rsystem@base@UModSys@@UAE@XZ 004084cf f    CIL library: CIL module
 0001:000074d9       __unwindfunclet$??0RModule@rsystem@base@UModSys@@QAE@PAUIModuleLibraryUni@123@PAUIModuleReg@23@@Z$0 004084d9 f    CIL library: CIL module
 0001:000074e1       __unwindfunclet$??0RModule@rsystem@base@UModSys@@QAE@PAUIModuleLibraryUni@123@PAUIModuleReg@23@@Z$1 004084e1 f    CIL library: CIL module
 0001:000074ec       __unwindfunclet$??0RModule@rsystem@base@UModSys@@QAE@PAUIModuleLibraryUni@123@PAUIModuleReg@23@@Z$2 004084ec f    CIL library: CIL module
 0001:000074f7       __unwindfunclet$??0RModule@rsystem@base@UModSys@@QAE@PAUIModuleLibraryUni@123@PAUIModuleReg@23@@Z$3 004084f7 f    CIL library: CIL module
 0001:00007502       __ehhandler$??0RModule@rsystem@base@UModSys@@QAE@PAUIModuleLibraryUni@123@PAUIModuleReg@23@@Z 00408502 f    CIL library: CIL module
 0001:0000750c       __unwindfunclet$?link@IModuleLibraryUni@rsystem@base@UModSys@@QAE_NXZ$0 0040850c f    CIL library: CIL module
 0001:0000751a       __ehhandler$?link@IModuleLibraryUni@rsystem@base@UModSys@@QAE_NXZ 0040851a f    CIL library: CIL module
 0001:00007524       __unwindfunclet$?exec_test_shells@RSystem@rsystem@base@UModSys@@QAE_NXZ$0 00408524 f    CIL library: CIL module
 0001:0000752f       __unwindfunclet$?exec_test_shells@RSystem@rsystem@base@UModSys@@QAE_NXZ$1 0040852f f    CIL library: CIL module
 0001:0000753a       __ehhandler$?exec_test_shells@RSystem@rsystem@base@UModSys@@QAE_NXZ 0040853a f    CIL library: CIL module
 0001:00007544       __unwindfunclet$?s_add@RModuleLibrarySO@rsystem@base@UModSys@@SA_NPAUISystem@34@AAU?$TDynarrayDynamic@U?$TRefObject@URModuleLibrarySO@rsystem@base@UModSys@@@tl@UModSys@@U?$TAllocator@USMemAlloc_Malloc@core@UModSys@@USCountCalcPower2@23@@23@@tl@4@PBD@Z$1 00408544 f    CIL library: CIL module
 0001:0000754c       __ehhandler$?s_add@RModuleLibrarySO@rsystem@base@UModSys@@SA_NPAUISystem@34@AAU?$TDynarrayDynamic@U?$TRefObject@URModuleLibrarySO@rsystem@base@UModSys@@@tl@UModSys@@U?$TAllocator@USMemAlloc_Malloc@core@UModSys@@USCountCalcPower2@23@@23@@tl@4@PBD@Z 0040854c f    CIL library: CIL module
 0001:00007560       __unwindfunclet$??1RStreamWriter_FILE@stdio@media@modules@UModSys@@UAE@XZ$0 00408560 f    CIL library: CIL module
 0001:00007560       __unwindfunclet$??0RStreamWriter_FILE@stdio@media@modules@UModSys@@QAE@PAURGenerator@1234@ABUSParameters@core@4@@Z$0 00408560 f    CIL library: CIL module
 0001:00007560       __unwindfunclet$??0RStreamReader_FILE@stdio@media@modules@UModSys@@QAE@PAURGenerator@1234@ABUSParameters@core@4@@Z$0 00408560 f    CIL library: CIL module
 0001:00007568       __ehhandler$??0RStreamWriter_FILE@stdio@media@modules@UModSys@@QAE@PAURGenerator@1234@ABUSParameters@core@4@@Z 00408568 f    CIL library: CIL module
 0001:00007568       __ehhandler$??0RStreamReader_FILE@stdio@media@modules@UModSys@@QAE@PAURGenerator@1234@ABUSParameters@core@4@@Z 00408568 f    CIL library: CIL module
 0001:00007568       __ehhandler$??1RStreamWriter_FILE@stdio@media@modules@UModSys@@UAE@XZ 00408568 f    CIL library: CIL module
 0001:00007580       __unwindfunclet$?mem_free@?$TRMemAlloc_CC@U?$TMemAllocHeader@USMagic@mem_headers@rsystem@base@UModSys@@U?$TPool@X@2345@USDebug@2345@UVoid@core@5@@rsystem@base@UModSys@@USMemAlloc_Malloc@core@4@@rsystem@base@UModSys@@UAEXPAXPBUSSourceContext@core@4@@Z$0 00408580 f    CIL library: CIL module
 0001:00007588       __ehhandler$?mem_free@?$TRMemAlloc_CC@U?$TMemAllocHeader@USMagic@mem_headers@rsystem@base@UModSys@@U?$TPool@X@2345@USDebug@2345@UVoid@core@5@@rsystem@base@UModSys@@USMemAlloc_Malloc@core@4@@rsystem@base@UModSys@@UAEXPAXPBUSSourceContext@core@4@@Z 00408588 f    CIL library: CIL module
 0001:000075a0       __unwindfunclet$?mem_realloc@?$TRMemAlloc_CC@U?$TMemAllocHeader@USMagic@mem_headers@rsystem@base@UModSys@@U?$TPool@X@2345@USDebug@2345@UVoid@core@5@@rsystem@base@UModSys@@USMemAlloc_Malloc@core@4@@rsystem@base@UModSys@@UAEPAXPAXIPBUSSourceContext@core@4@@Z$0 004085a0 f    CIL library: CIL module
 0001:000075a8       __unwindfunclet$?mem_realloc@?$TRMemAlloc_CC@U?$TMemAllocHeader@USMagic@mem_headers@rsystem@base@UModSys@@U?$TPool@X@2345@USDebug@2345@UVoid@core@5@@rsystem@base@UModSys@@USMemAlloc_Malloc@core@4@@rsystem@base@UModSys@@UAEPAXPAXIPBUSSourceContext@core@4@@Z$1 004085a8 f    CIL library: CIL module
 0001:000075b0       __ehhandler$?mem_realloc@?$TRMemAlloc_CC@U?$TMemAllocHeader@USMagic@mem_headers@rsystem@base@UModSys@@U?$TPool@X@2345@USDebug@2345@UVoid@core@5@@rsystem@base@UModSys@@USMemAlloc_Malloc@core@4@@rsystem@base@UModSys@@UAEPAXPAXIPBUSSourceContext@core@4@@Z 004085b0 f    CIL library: CIL module
 0001:000075c0       __unwindfunclet$??$t_gen_param@URStreamReader_FILE@stdio@media@modules@UModSys@@URGenerator@2345@@IGenerator@base@UModSys@@IAE_NPAURGenerator@stdio@media@modules@2@AAU?$TRefObject@UIRefObject@core@UModSys@@@tl@2@PBUSUniquePointerInfo@core@2@ABUSParameters@core@2@@Z$0 004085c0 f    CIL library: CIL module
 0001:000075c0       __unwindfunclet$??$t_gen_param@URStreamWriter_FILE@stdio@media@modules@UModSys@@URGenerator@2345@@IGenerator@base@UModSys@@IAE_NPAURGenerator@stdio@media@modules@2@AAU?$TRefObject@UIRefObject@core@UModSys@@@tl@2@PBUSUniquePointerInfo@core@2@ABUSParameters@core@2@@Z$0 004085c0 f    CIL library: CIL module
 0001:000075ce       __ehhandler$??$t_gen_param@URStreamWriter_FILE@stdio@media@modules@UModSys@@URGenerator@2345@@IGenerator@base@UModSys@@IAE_NPAURGenerator@stdio@media@modules@2@AAU?$TRefObject@UIRefObject@core@UModSys@@@tl@2@PBUSUniquePointerInfo@core@2@ABUSParameters@core@2@@Z 004085ce f    CIL library: CIL module
 0001:000075ce       __ehhandler$??$t_gen_param@URStreamReader_FILE@stdio@media@modules@UModSys@@URGenerator@2345@@IGenerator@base@UModSys@@IAE_NPAURGenerator@stdio@media@modules@2@AAU?$TRefObject@UIRefObject@core@UModSys@@@tl@2@PBUSUniquePointerInfo@core@2@ABUSParameters@core@2@@Z 004085ce f    CIL library: CIL module
 0001:000075e0       __unwindfunclet$??$ValidateConstruction@UIRefObject@core@UModSys@@URStreamWriter_FILE@stdio@media@modules@3@@core@UModSys@@YA_NAAU?$TRefObject@UIRefObject@core@UModSys@@@tl@1@PAURStreamWriter_FILE@stdio@media@modules@1@@Z$0 004085e0 f    CIL library: CIL module
 0001:000075e0       __unwindfunclet$?suicide@RStreamReader_FILE@stdio@media@modules@UModSys@@UAEXXZ$0 004085e0 f    CIL library: CIL module
 0001:000075e0       __unwindfunclet$?suicide@RModule@rsystem@base@UModSys@@UAEXXZ$0 004085e0 f    CIL library: CIL module
 0001:000075e0       __unwindfunclet$?suicide@RStreamWriter_FILE@stdio@media@modules@UModSys@@UAEXXZ$0 004085e0 f    CIL library: CIL module
 0001:000075e0       __unwindfunclet$??$ValidateConstruction@UIRefObject@core@UModSys@@URStreamReader_FILE@stdio@media@modules@3@@core@UModSys@@YA_NAAU?$TRefObject@UIRefObject@core@UModSys@@@tl@1@PAURStreamReader_FILE@stdio@media@modules@1@@Z$0 004085e0 f    CIL library: CIL module
 0001:000075e0       __unwindfunclet$??$t_moduledb_generate@UIShell@base@UModSys@@@IModuleLoader@base@UModSys@@QAE_NAAU?$TRefObject@UIShell@base@UModSys@@@tl@2@PBUSUniquePointerInfo@core@2@ABUSParameters@62@@Z$0 004085e0 f    CIL library: CIL module
 0001:000075e8       __ehhandler$??$ValidateConstruction@UIRefObject@core@UModSys@@URStreamWriter_FILE@stdio@media@modules@3@@core@UModSys@@YA_NAAU?$TRefObject@UIRefObject@core@UModSys@@@tl@1@PAURStreamWriter_FILE@stdio@media@modules@1@@Z 004085e8 f    CIL library: CIL module
 0001:000075e8       __ehhandler$?suicide@RStreamReader_FILE@stdio@media@modules@UModSys@@UAEXXZ 004085e8 f    CIL library: CIL module
 0001:000075e8       __ehhandler$?suicide@RModule@rsystem@base@UModSys@@UAEXXZ 004085e8 f    CIL library: CIL module
 0001:000075e8       __ehhandler$?suicide@RStreamWriter_FILE@stdio@media@modules@UModSys@@UAEXXZ 004085e8 f    CIL library: CIL module
 0001:000075e8       __ehhandler$??$t_moduledb_generate@UIShell@base@UModSys@@@IModuleLoader@base@UModSys@@QAE_NAAU?$TRefObject@UIShell@base@UModSys@@@tl@2@PBUSUniquePointerInfo@core@2@ABUSParameters@62@@Z 004085e8 f    CIL library: CIL module
 0001:000075e8       __ehhandler$??$ValidateConstruction@UIRefObject@core@UModSys@@URStreamReader_FILE@stdio@media@modules@3@@core@UModSys@@YA_NAAU?$TRefObject@UIRefObject@core@UModSys@@@tl@1@PAURStreamReader_FILE@stdio@media@modules@1@@Z 004085e8 f    CIL library: CIL module
 0001:00007600       ??__E?s_id@?$TObjectUniqueID@UIRoot@core@UModSys@@@tl@UModSys@@2USUniquePointer@core@3@A@@YAXXZ 00408600 f    CIL library: CIL module
 0001:00007630       ??__E?s_id@?$TObjectUniqueID@UIRefObject@core@UModSys@@@tl@UModSys@@2USUniquePointer@core@3@A@@YAXXZ 00408630 f    CIL library: CIL module
 0001:00007660       ??__E?s_id@?$TObjectUniqueID@UIParameters@core@UModSys@@@tl@UModSys@@2USUniquePointer@core@3@A@@YAXXZ 00408660 f    CIL library: CIL module
 0001:00007690       ??__E?s_id@?$TObjectUniqueID@UIModule@base@UModSys@@@tl@UModSys@@2USUniquePointer@core@3@A@@YAXXZ 00408690 f    CIL library: CIL module
 0001:000076c0       ??__E?s_id@?$TObjectUniqueID@UIModuleLibrary@base@UModSys@@@tl@UModSys@@2USUniquePointer@core@3@A@@YAXXZ 004086c0 f    CIL library: CIL module
 0001:000076f0       ??__E?s_id@?$TObjectUniqueID@UIModObject@base@UModSys@@@tl@UModSys@@2USUniquePointer@core@3@A@@YAXXZ 004086f0 f    CIL library: CIL module
 0001:00007720       ??__E?s_id@?$TObjectUniqueID@UIGenerator@base@UModSys@@@tl@UModSys@@2USUniquePointer@core@3@A@@YAXXZ 00408720 f    CIL library: CIL module
 0001:00007750       ??__E?s_id@?$TObjectUniqueID@UIShell@base@UModSys@@@tl@UModSys@@2USUniquePointer@core@3@A@@YAXXZ 00408750 f    CIL library: CIL module
 0001:00007780       ??__E?s_id@?$TObjectUniqueID@UIConsole@base@UModSys@@@tl@UModSys@@2USUniquePointer@core@3@A@@YAXXZ 00408780 f    CIL library: CIL module
 0001:000077b0       ??__E?s_id@?$TObjectUniqueID@UISystem@base@UModSys@@@tl@UModSys@@2USUniquePointer@core@3@A@@YAXXZ 004087b0 f    CIL library: CIL module
 0001:000077e0       ??__E?s_id@?$TObjectUniqueID@URModule@rsystem@base@UModSys@@@tl@UModSys@@2USUniquePointer@core@3@A@@YAXXZ 004087e0 f    CIL library: CIL module
 0001:00007810       ??__E?s_id@?$TObjectUniqueID@UIModuleLibraryUni@rsystem@base@UModSys@@@tl@UModSys@@2USUniquePointer@core@3@A@@YAXXZ 00408810 f    CIL library: CIL module
 0001:00007840       ??__E?s_id@?$TObjectUniqueID@URModuleLibrarySO@rsystem@base@UModSys@@@tl@UModSys@@2USUniquePointer@core@3@A@@YAXXZ 00408840 f    CIL library: CIL module
 0001:00007870       ??__E?s_id@?$TObjectUniqueID@URModuleLibraryThis@rsystem@base@UModSys@@@tl@UModSys@@2USUniquePointer@core@3@A@@YAXXZ 00408870 f    CIL library: CIL module
 0001:000078a0       ??__E?s_id@?$TObjectUniqueID@URParameters@rsystem@base@UModSys@@@tl@UModSys@@2USUniquePointer@core@3@A@@YAXXZ 004088a0 f    CIL library: CIL module
 0001:000078d0       ??__E?s_id@?$TObjectUniqueID@URSystem@rsystem@base@UModSys@@@tl@UModSys@@2USUniquePointer@core@3@A@@YAXXZ 004088d0 f    CIL library: CIL module
 0001:00007900       ??__E?s_id@?$TObjectUniqueID@URConsole_std@rsystem@base@UModSys@@@tl@UModSys@@2USUniquePointer@core@3@A@@YAXXZ 00408900 f    CIL library: CIL module
 0001:00007930       ??__E?s_modreg@RModuleReg@stdio@media@modules@UModSys@@2U12345@A@@YAXXZ 00408930 f    CIL library: CIL module
 0001:00007950       ??__E?s_modreg_chain@RModuleReg@stdio@media@modules@UModSys@@2USModuleRegChain@base@5@A@@YAXXZ 00408950 f    CIL library: CIL module
 0001:00007970       ??__E?s_uid@RGenerator@stdio@media@modules@UModSys@@2USUniquePointer@core@5@A@@YAXXZ 00408970 f    CIL library: CIL module
 0001:000079a0       ??__E?s_id@?$TObjectUniqueID@UIStreamReader@libmedia@UModSys@@@tl@UModSys@@2USUniquePointer@core@3@A@@YAXXZ 004089a0 f    CIL library: CIL module
 0001:000079d0       ??__E?s_id@?$TObjectUniqueID@UIStreamWriter@libmedia@UModSys@@@tl@UModSys@@2USUniquePointer@core@3@A@@YAXXZ 004089d0 f    CIL library: CIL module
 0001:00007a00       ??__E?s_id@?$TObjectUniqueID@UIDataArchive@libmedia@UModSys@@@tl@UModSys@@2USUniquePointer@core@3@A@@YAXXZ 00408a00 f    CIL library: CIL module
 0001:00007a30       ??__E?s_id@?$TObjectUniqueID@URStreamReader_FILE@stdio@media@modules@UModSys@@@tl@UModSys@@2USUniquePointer@core@3@A@@YAXXZ 00408a30 f    CIL library: CIL module
 0001:00007a60       ??__E?s_id@?$TObjectUniqueID@URStreamWriter_FILE@stdio@media@modules@UModSys@@@tl@UModSys@@2USUniquePointer@core@3@A@@YAXXZ 00408a60 f    CIL library: CIL module
 0001:00007a90       ??__E?s_id@?$TObjectUniqueID@URGenerator@stdio@media@modules@UModSys@@@tl@UModSys@@2USUniquePointer@core@3@A@@YAXXZ 00408a90 f    CIL library: CIL module
 0001:00007ac0       ??__E?s_console@RConsole_std@rsystem@base@UModSys@@2U1234@A@@YAXXZ 00408ac0 f    CIL library: CIL module
 0001:00007ae0       ??__E?s_sys@RSystem@rsystem@base@UModSys@@2U1234@A@@YAXXZ 00408ae0 f    CIL library: CIL module
 0001:00007b00       ??__Ersys_dbg@rsystem@base@UModSys@@YAXXZ 00408b00 f    CIL library: CIL module
 0001:00007b20       ??__EM@UModSys@@YAXXZ      00408b20 f    CIL library: CIL module
 0001:00007b40       ??__E?root@SModuleRegChain@base@UModSys@@2U123@A@@YAXXZ 00408b40 f    CIL library: CIL module
 0001:00007b60       ??__E?s_library@RModuleLibraryReg_Chain@base@UModSys@@2U123@A@@YAXXZ 00408b60 f    CIL library: CIL module
 0001:00007b80       ??__E?root@SUniquePointer@core@UModSys@@2U123@A@@YAXXZ 00408b80 f    CIL library: CIL module
 0001:00007ba0       ??__F?s_id@?$TObjectUniqueID@URConsole_std@rsystem@base@UModSys@@@tl@UModSys@@2USUniquePointer@core@3@A@@YAXXZ 00408ba0 f    CIL library: CIL module
 0001:00007bb0       ??__F?s_id@?$TObjectUniqueID@URSystem@rsystem@base@UModSys@@@tl@UModSys@@2USUniquePointer@core@3@A@@YAXXZ 00408bb0 f    CIL library: CIL module
 0001:00007bc0       ??__F?s_id@?$TObjectUniqueID@URParameters@rsystem@base@UModSys@@@tl@UModSys@@2USUniquePointer@core@3@A@@YAXXZ 00408bc0 f    CIL library: CIL module
 0001:00007bd0       ??__F?s_id@?$TObjectUniqueID@URModuleLibraryThis@rsystem@base@UModSys@@@tl@UModSys@@2USUniquePointer@core@3@A@@YAXXZ 00408bd0 f    CIL library: CIL module
 0001:00007be0       ??__F?s_id@?$TObjectUniqueID@URModuleLibrarySO@rsystem@base@UModSys@@@tl@UModSys@@2USUniquePointer@core@3@A@@YAXXZ 00408be0 f    CIL library: CIL module
 0001:00007bf0       ??__F?s_id@?$TObjectUniqueID@UIModuleLibraryUni@rsystem@base@UModSys@@@tl@UModSys@@2USUniquePointer@core@3@A@@YAXXZ 00408bf0 f    CIL library: CIL module
 0001:00007c00       ??__F?s_id@?$TObjectUniqueID@URModule@rsystem@base@UModSys@@@tl@UModSys@@2USUniquePointer@core@3@A@@YAXXZ 00408c00 f    CIL library: CIL module
 0001:00007c10       ??__F?s_id@?$TObjectUniqueID@UISystem@base@UModSys@@@tl@UModSys@@2USUniquePointer@core@3@A@@YAXXZ 00408c10 f    CIL library: CIL module
 0001:00007c20       ??__F?s_id@?$TObjectUniqueID@UIConsole@base@UModSys@@@tl@UModSys@@2USUniquePointer@core@3@A@@YAXXZ 00408c20 f    CIL library: CIL module
 0001:00007c30       ??__F?s_id@?$TObjectUniqueID@UIShell@base@UModSys@@@tl@UModSys@@2USUniquePointer@core@3@A@@YAXXZ 00408c30 f    CIL library: CIL module
 0001:00007c40       ??__F?s_id@?$TObjectUniqueID@UIGenerator@base@UModSys@@@tl@UModSys@@2USUniquePointer@core@3@A@@YAXXZ 00408c40 f    CIL library: CIL module
 0001:00007c50       ??__F?s_id@?$TObjectUniqueID@UIModObject@base@UModSys@@@tl@UModSys@@2USUniquePointer@core@3@A@@YAXXZ 00408c50 f    CIL library: CIL module
 0001:00007c60       ??__F?s_id@?$TObjectUniqueID@UIModuleLibrary@base@UModSys@@@tl@UModSys@@2USUniquePointer@core@3@A@@YAXXZ 00408c60 f    CIL library: CIL module
 0001:00007c70       ??__F?s_id@?$TObjectUniqueID@UIModule@base@UModSys@@@tl@UModSys@@2USUniquePointer@core@3@A@@YAXXZ 00408c70 f    CIL library: CIL module
 0001:00007c80       ??__F?s_id@?$TObjectUniqueID@UIParameters@core@UModSys@@@tl@UModSys@@2USUniquePointer@core@3@A@@YAXXZ 00408c80 f    CIL library: CIL module
 0001:00007c90       ??__F?s_id@?$TObjectUniqueID@UIRefObject@core@UModSys@@@tl@UModSys@@2USUniquePointer@core@3@A@@YAXXZ 00408c90 f    CIL library: CIL module
 0001:00007ca0       ??__F?s_id@?$TObjectUniqueID@UIRoot@core@UModSys@@@tl@UModSys@@2USUniquePointer@core@3@A@@YAXXZ 00408ca0 f    CIL library: CIL module
 0001:00007cb0       ??__F?s_modreg@RModuleReg@stdio@media@modules@UModSys@@2U12345@A@@YAXXZ 00408cb0 f    CIL library: CIL module
 0001:00007cd0       ??__F?s_modreg_chain@RModuleReg@stdio@media@modules@UModSys@@2USModuleRegChain@base@5@A@@YAXXZ 00408cd0 f    CIL library: CIL module
 0001:00007ce0       ??__F?s_uid@RGenerator@stdio@media@modules@UModSys@@2USUniquePointer@core@5@A@@YAXXZ 00408ce0 f    CIL library: CIL module
 0001:00007cf0       ??__Fh@?1??s_holder@RGenerator@stdio@media@modules@UModSys@@SAAAU?$TTypeStaticHolder@URGenerator@stdio@media@modules@UModSys@@@tl@5@XZ@YAXXZ 00408cf0 f    CIL library: CIL module
 0001:00007d10       ??__F?s_id@?$TObjectUniqueID@URGenerator@stdio@media@modules@UModSys@@@tl@UModSys@@2USUniquePointer@core@3@A@@YAXXZ 00408d10 f    CIL library: CIL module
 0001:00007d20       ??__F?s_id@?$TObjectUniqueID@URStreamWriter_FILE@stdio@media@modules@UModSys@@@tl@UModSys@@2USUniquePointer@core@3@A@@YAXXZ 00408d20 f    CIL library: CIL module
 0001:00007d30       ??__F?s_id@?$TObjectUniqueID@URStreamReader_FILE@stdio@media@modules@UModSys@@@tl@UModSys@@2USUniquePointer@core@3@A@@YAXXZ 00408d30 f    CIL library: CIL module
 0001:00007d40       ??__F?s_id@?$TObjectUniqueID@UIDataArchive@libmedia@UModSys@@@tl@UModSys@@2USUniquePointer@core@3@A@@YAXXZ 00408d40 f    CIL library: CIL module
 0001:00007d50       ??__F?s_id@?$TObjectUniqueID@UIStreamWriter@libmedia@UModSys@@@tl@UModSys@@2USUniquePointer@core@3@A@@YAXXZ 00408d50 f    CIL library: CIL module
 0001:00007d60       ??__F?s_id@?$TObjectUniqueID@UIStreamReader@libmedia@UModSys@@@tl@UModSys@@2USUniquePointer@core@3@A@@YAXXZ 00408d60 f    CIL library: CIL module
 0001:00007d70       ??__F?s_console@RConsole_std@rsystem@base@UModSys@@2U1234@A@@YAXXZ 00408d70 f    CIL library: CIL module
 0001:00007d80       ??__F?s_sys@RSystem@rsystem@base@UModSys@@2U1234@A@@YAXXZ 00408d80 f    CIL library: CIL module
 0001:00007d90       ??__Frsys_dbg@rsystem@base@UModSys@@YAXXZ 00408d90 f    CIL library: CIL module
 0001:00007da0       ??__FM@UModSys@@YAXXZ      00408da0 f    CIL library: CIL module
 0001:00007db0       ??__F?root@SModuleRegChain@base@UModSys@@2U123@A@@YAXXZ 00408db0 f    CIL library: CIL module
 0001:00007dc0       ??__F?s_library@RModuleLibraryReg_Chain@base@UModSys@@2U123@A@@YAXXZ 00408dc0 f    CIL library: CIL module
 0001:00007dd0       ??__F?root@SUniquePointer@core@UModSys@@2U123@A@@YAXXZ 00408dd0 f    CIL library: CIL module

 Exports

  ordinal    name

        1    _UModSys_Plugin_Entry2@0
