 umodsysc

 Timestamp is 5252800f (Mon Oct 07 12:34:07 2013)

 Preferred load address is 00400000

 Start         Length     Name                   Class
 0001:00000000 000056c0H .text                   CODE
 0001:000056c0 000001caH .text$x                 CODE
 0001:00005890 00000271H .text$yc                CODE
 0001:00005b10 0000013aH .text$yd                CODE
 0002:00000000 00000118H .idata$5                DATA
 0002:00000118 00000004H .CRT$XCA                DATA
 0002:0000011c 00000004H .CRT$XCAA               DATA
 0002:00000120 00000050H .CRT$XCU                DATA
 0002:00000170 00000004H .CRT$XCZ                DATA
 0002:00000174 00000004H .CRT$XIA                DATA
 0002:00000178 00000004H .CRT$XIAA               DATA
 0002:0000017c 00000004H .CRT$XIY                DATA
 0002:00000180 00000004H .CRT$XIZ                DATA
 0002:00000188 00000cc8H .rdata                  DATA
 0002:00000e50 0000070cH .rdata$r                DATA
 0002:00001560 0000002cH .rdata$sxdata           DATA
 0002:0000158c 00000004H .rtc$IAA                DATA
 0002:00001590 00000004H .rtc$IZZ                DATA
 0002:00001594 00000004H .rtc$TAA                DATA
 0002:00001598 00000004H .rtc$TZZ                DATA
 0002:000015a0 00000394H .xdata$x                DATA
 0002:00001934 00000028H .idata$2                DATA
 0002:0000195c 00000014H .idata$3                DATA
 0002:00001970 00000118H .idata$4                DATA
 0002:00001a88 0000048cH .idata$6                DATA
 0002:00001f14 00000000H .edata                  DATA
 0003:00000000 000004f0H .data                   DATA
 0003:000004f0 000005c0H .bss                    DATA

  Address         Publics by Value              Rva+Base       Lib:Object

 0000:00000000       __except_list              00000000     <absolute>
 0000:0000000b       ___safe_se_handler_count   0000000b     <absolute>
 0000:00009876       __fltused                  00009876     <absolute>
 0000:00009876       __ldused                   00009876     <absolute>
 0000:00000000       ___ImageBase               00400000     <linker-defined>
 0001:00000000       ??$shash@D@su@tl@UModSys@@YAHPBDI@Z 00401000 f i umodsys.c_main.obj
 0001:00000030       ?get_interface_info@RConsole_std@rsystem@base@UModSys@@UBEABUSUniquePointerInfo@core@4@XZ 00401030 f i umodsys_lib_basesys:umodsys.basesys.rconsole_std.obj
 0001:00000040       ?get_interface_type@RConsole_std@rsystem@base@UModSys@@UBEPBUSUniquePointerInfo@core@4@XZ 00401040 f i umodsys_lib_basesys:umodsys.basesys.rconsole_std.obj
 0001:00000050       ?get_other_interface@RConsole_std@rsystem@base@UModSys@@UBEPBUIRoot@core@4@PBUSUniquePointerInfo@64@@Z 00401050 f i umodsys_lib_basesys:umodsys.basesys.rconsole_std.obj
 0001:00000050       ?get_other_interface@RConsole_std@rsystem@base@UModSys@@UAEPAUIRoot@core@4@PBUSUniquePointerInfo@64@@Z 00401050 f i umodsys_lib_basesys:umodsys.basesys.rconsole_std.obj
 0001:00000080       ??_ERConsole_std@rsystem@base@UModSys@@UAEPAXI@Z 00401080 f i  CIL library: CIL module
 0001:00000080       ??_GRConsole_std@rsystem@base@UModSys@@UAEPAXI@Z 00401080 f i umodsys_lib_basesys:umodsys.basesys.rconsole_std.obj
 0001:000000a0       ??_GIConsole@base@UModSys@@UAEPAXI@Z 004010a0 f i umodsys_lib_basesys:umodsys.basesys.rconsole_std.obj
 0001:000000a0       ??_EIConsole@base@UModSys@@UAEPAXI@Z 004010a0 f i  CIL library: CIL module
 0001:000000c0       ??_EIRefObject@core@UModSys@@UAEPAXI@Z 004010c0 f i  CIL library: CIL module
 0001:000000c0       ??_GIRefObject@core@UModSys@@UAEPAXI@Z 004010c0 f i umodsys_lib_basesys:umodsys.basesys.rconsole_std.obj
 0001:000000e0       ??_EIRoot@core@UModSys@@UAEPAXI@Z 004010e0 f i  CIL library: CIL module
 0001:000000e0       ??_GIRoot@core@UModSys@@UAEPAXI@Z 004010e0 f i umodsys_lib_basesys:umodsys.basesys.rconsole_std.obj
 0001:00000100       ?decode_error@EExceptionBase@core@UModSys@@UBEHPADI@Z 00401100 f i umodsys_lib_basesys:umodsys.basesys.rsystem_main.obj
 0001:00000130       ?decode_error@EFatal@core@UModSys@@UBEHPADI@Z 00401130 f i umodsys_lib_basesys:umodsys.basesys.rsystem_main.obj
 0001:00000160       ??0EWarning@core@UModSys@@QAE@PBUSSourceContext@12@HPBD@Z 00401160 f i umodsys_lib_basesys:umodsys.basesys.rsystem_main.obj
 0001:000001a0       ?decode_error@EWarning@core@UModSys@@UBEHPADI@Z 004011a0 f i umodsys_lib_basesys:umodsys.basesys.rsystem_main.obj
 0001:000001d0       ??_GEExceptionBase@core@UModSys@@UAEPAXI@Z 004011d0 f i umodsys_lib_basesys:umodsys.basesys.rsystem_main.obj
 0001:000001d0       ??_EEWarning@core@UModSys@@UAEPAXI@Z 004011d0 f i  CIL library: CIL module
 0001:000001d0       ??_EEExceptionBase@core@UModSys@@UAEPAXI@Z 004011d0 f i  CIL library: CIL module
 0001:000001d0       ??_GEWarning@core@UModSys@@UAEPAXI@Z 004011d0 f i umodsys_lib_basesys:umodsys.basesys.rsystem_main.obj
 0001:000001d0       ??_GEFatal@core@UModSys@@UAEPAXI@Z 004011d0 f i umodsys_lib_basesys:umodsys.basesys.rsystem_main.obj
 0001:000001d0       ??_EEFatal@core@UModSys@@UAEPAXI@Z 004011d0 f i  CIL library: CIL module
 0001:000001f0       ??1EWarning@core@UModSys@@UAE@XZ 004011f0 f i umodsys_lib_basesys:umodsys.basesys.rsystem_main.obj
 0001:000001f0       ??1EFatal@core@UModSys@@UAE@XZ 004011f0 f i umodsys_lib_basesys:umodsys.basesys.rsystem_main.obj
 0001:00000200       ?get_interface_info@ISystem@base@UModSys@@UBEABUSUniquePointerInfo@core@3@XZ 00401200 f i umodsys_lib_basesys:umodsys.basesys.rsystem_main.obj
 0001:00000210       ?get_interface_type@ISystem@base@UModSys@@UBEPBUSUniquePointerInfo@core@3@XZ 00401210 f i umodsys_lib_basesys:umodsys.basesys.rsystem_main.obj
 0001:00000220       ?get_other_interface@ISystem@base@UModSys@@UBEPBUIRoot@core@3@PBUSUniquePointerInfo@53@@Z 00401220 f i umodsys_lib_basesys:umodsys.basesys.rsystem_main.obj
 0001:00000220       ?get_other_interface@ISystem@base@UModSys@@UAEPAUIRoot@core@3@PBUSUniquePointerInfo@53@@Z 00401220 f i umodsys_lib_basesys:umodsys.basesys.rsystem_main.obj
 0001:00000240       ?get_interface_info@RSystem@rsystem@base@UModSys@@UBEABUSUniquePointerInfo@core@4@XZ 00401240 f i umodsys_lib_basesys:umodsys.basesys.rsystem_main.obj
 0001:00000250       ?get_interface_type@RSystem@rsystem@base@UModSys@@UBEPBUSUniquePointerInfo@core@4@XZ 00401250 f i umodsys_lib_basesys:umodsys.basesys.rsystem_main.obj
 0001:00000260       ?get_other_interface@RSystem@rsystem@base@UModSys@@UAEPAUIRoot@core@4@PBUSUniquePointerInfo@64@@Z 00401260 f i umodsys_lib_basesys:umodsys.basesys.rsystem_main.obj
 0001:00000260       ?get_other_interface@RSystem@rsystem@base@UModSys@@UBEPBUIRoot@core@4@PBUSUniquePointerInfo@64@@Z 00401260 f i umodsys_lib_basesys:umodsys.basesys.rsystem_main.obj
 0001:00000280       ??_ERSystem@rsystem@base@UModSys@@UAEPAXI@Z 00401280 f i  CIL library: CIL module
 0001:00000280       ??_GRSystem@rsystem@base@UModSys@@UAEPAXI@Z 00401280 f i umodsys_lib_basesys:umodsys.basesys.rsystem_main.obj
 0001:000002a0       ??_EISystem@base@UModSys@@UAEPAXI@Z 004012a0 f i  CIL library: CIL module
 0001:000002a0       ??_GISystem@base@UModSys@@UAEPAXI@Z 004012a0 f i umodsys_lib_basesys:umodsys.basesys.rsystem_main.obj
 0001:000002c0       ??1?$TStaticStringPool@DU?$TComparerBinaryHash@D@su@tl@UModSys@@USMemAlloc_Malloc@core@4@@tl@UModSys@@QAE@XZ 004012c0 f i umodsys_lib_basesys:umodsys.basesys.rsystem_main.obj
 0001:000002d0       ??1?$TRefObject@URParameters@rsystem@base@UModSys@@@tl@UModSys@@QAE@XZ 004012d0 f i umodsys_lib_basesys:umodsys.basesys.rsystem_main.obj
 0001:000002d0       ??1?$TRefObject@UIRefObject@core@UModSys@@@tl@UModSys@@QAE@XZ 004012d0 f i umodsys_lib_basesys:umodsys.basesys.rsystem_tests.obj
 0001:000002d0       ??1?$TRefObject@UIShell@base@UModSys@@@tl@UModSys@@QAE@XZ 004012d0 f i umodsys_lib_basesys:umodsys.basesys.rsystem_tests.obj
 0001:000002d0       ??1?$TRefObject@URModuleLibrary@rsystem@base@UModSys@@@tl@UModSys@@QAE@XZ 004012d0 f i umodsys_lib_basesys:umodsys.basesys.rmoduleloader.obj
 0001:000002f0       ??1?$TQuantArrayUnique@USSourceContext@core@UModSys@@$0BAA@USMemAlloc_Malloc@23@@tl@UModSys@@QAE@XZ 004012f0 f i umodsys_lib_basesys:umodsys.basesys.rsystem_main.obj
 0001:000002f0       ??1?$TQuantArrayUnique@USUniquePointerInfo@core@UModSys@@$0BAA@USMemAlloc_Malloc@23@@tl@UModSys@@QAE@XZ 004012f0 f i umodsys_lib_basesys:umodsys.basesys.rsystem_main.obj
 0001:00000340       ??0?$TRMemAlloc_CC@U?$TMemAllocHeader@USMagic@mem_headers@rsystem@base@UModSys@@U?$TPool@X@2345@USDebug@2345@UVoid@core@5@@rsystem@base@UModSys@@USMemAlloc_Malloc@core@4@@rsystem@base@UModSys@@QAE@PAUIExceptionHandler@core@3@@Z 00401340 f i umodsys_lib_basesys:umodsys.basesys.rsystem_main.obj
 0001:00000350       ??1?$TRMemAlloc_CC@U?$TMemAllocHeader@USMagic@mem_headers@rsystem@base@UModSys@@U?$TPool@X@2345@USDebug@2345@UVoid@core@5@@rsystem@base@UModSys@@USMemAlloc_Malloc@core@4@@rsystem@base@UModSys@@QAE@XZ 00401350 f i umodsys_lib_basesys:umodsys.basesys.rsystem_main.obj
 0001:00000360       ?mem_alloc@?$TRMemAlloc_CC@U?$TMemAllocHeader@USMagic@mem_headers@rsystem@base@UModSys@@U?$TPool@X@2345@USDebug@2345@UVoid@core@5@@rsystem@base@UModSys@@USMemAlloc_Malloc@core@4@@rsystem@base@UModSys@@UAEPAXIPBUSSourceContext@core@4@@Z 00401360 f i umodsys_lib_basesys:umodsys.basesys.rsystem_main.obj
 0001:000003a0       ?mem_realloc@?$TRMemAlloc_CC@U?$TMemAllocHeader@USMagic@mem_headers@rsystem@base@UModSys@@U?$TPool@X@2345@USDebug@2345@UVoid@core@5@@rsystem@base@UModSys@@USMemAlloc_Malloc@core@4@@rsystem@base@UModSys@@UAEPAXPAXIPBUSSourceContext@core@4@@Z 004013a0 f i umodsys_lib_basesys:umodsys.basesys.rsystem_main.obj
 0001:00000560       ?mem_free@?$TRMemAlloc_CC@U?$TMemAllocHeader@USMagic@mem_headers@rsystem@base@UModSys@@U?$TPool@X@2345@USDebug@2345@UVoid@core@5@@rsystem@base@UModSys@@USMemAlloc_Malloc@core@4@@rsystem@base@UModSys@@UAEXPAXPBUSSourceContext@core@4@@Z 00401560 f i umodsys_lib_basesys:umodsys.basesys.rsystem_main.obj
 0001:00000630       ?release@?$TStaticStringPool@DU?$TComparerBinaryHash@D@su@tl@UModSys@@USMemAlloc_Malloc@core@4@@tl@UModSys@@QAEXXZ 00401630 f i umodsys_lib_basesys:umodsys.basesys.rsystem_main.obj
 0001:00000680       ?get@?$TQuantArrayUnique@USUniquePointerInfo@core@UModSys@@$0BAA@USMemAlloc_Malloc@23@@tl@UModSys@@QBEPBUSUniquePointerInfo@core@3@I@Z 00401680 f i umodsys_lib_basesys:umodsys.basesys.rsystem_main.obj
 0001:000006f0       ??$process@UEFatal@core@UModSys@@@IExceptionHandler@core@UModSys@@QAEXABUEFatal@12@@Z 004016f0 f i umodsys_lib_basesys:umodsys.basesys.rsystem_main.obj
 0001:00000740       ??$process@UEWarning@core@UModSys@@@IExceptionHandler@core@UModSys@@QAEXABUEWarning@12@@Z 00401740 f i umodsys_lib_basesys:umodsys.basesys.rsystem_main.obj
 0001:00000790       ??$process_nodes_r@U?$TNodeDeleter@U?$TQuantArrayNode@USSourceContext@core@UModSys@@$0BAA@@tl@UModSys@@USMemAlloc_Malloc@core@3@@tl@UModSys@@@?$TTreeHoldRB@U?$TQuantArrayNode@USSourceContext@core@UModSys@@$0BAA@@tl@UModSys@@@tl@UModSys@@KAHPAU?$TQuantArrayNode@USSourceContext@core@UModSys@@$0BAA@@12@ABU?$TNodeDeleter@U?$TQuantArrayNode@USSourceContext@core@UModSys@@$0BAA@@tl@UModSys@@USMemAlloc_Malloc@core@3@@12@@Z 00401790 f i umodsys_lib_basesys:umodsys.basesys.rsystem_main.obj
 0001:00000790       ??$process_nodes_r@U?$TNodeDeleter@U?$TQuantArrayNode@USUniquePointerInfo@core@UModSys@@$0BAA@@tl@UModSys@@USMemAlloc_Malloc@core@3@@tl@UModSys@@@?$TTreeHoldRB@U?$TQuantArrayNode@USUniquePointerInfo@core@UModSys@@$0BAA@@tl@UModSys@@@tl@UModSys@@KAHPAU?$TQuantArrayNode@USUniquePointerInfo@core@UModSys@@$0BAA@@12@ABU?$TNodeDeleter@U?$TQuantArrayNode@USUniquePointerInfo@core@UModSys@@$0BAA@@tl@UModSys@@USMemAlloc_Malloc@core@3@@12@@Z 00401790 f i umodsys_lib_basesys:umodsys.basesys.rsystem_main.obj
 0001:000007e0       ??0EFatal@core@UModSys@@QAE@ABU012@@Z 004017e0 f i umodsys_lib_basesys:umodsys.basesys.rsystem_main.obj
 0001:00000820       ??0EExceptionBase@core@UModSys@@QAE@ABU012@@Z 00401820 f i umodsys_lib_basesys:umodsys.basesys.rsystem_main.obj
 0001:00000850       ??0EWarning@core@UModSys@@QAE@ABU012@@Z 00401850 f i umodsys_lib_basesys:umodsys.basesys.rsystem_main.obj
 0001:00000890       ??1?$TParametersA@$0EAA@@core@UModSys@@QAE@XZ 00401890 f i umodsys_lib_basesys:umodsys.basesys.rsystem_tests.obj
 0001:000008a0       ??$t_moduledb_generate@UIShell@base@UModSys@@@IModuleLoader@base@UModSys@@QAE_NAAU?$TRefObject@UIShell@base@UModSys@@@tl@2@PBUSUniquePointerInfo@core@2@ABUSParameters@62@@Z 004018a0 f i umodsys_lib_basesys:umodsys.basesys.rsystem_tests.obj
 0001:00000970       ??_ERModuleLoader@rsystem@base@UModSys@@UAEPAXI@Z 00401970 f i  CIL library: CIL module
 0001:00000970       ??_GRModuleLoader@rsystem@base@UModSys@@UAEPAXI@Z 00401970 f i umodsys_lib_basesys:umodsys.basesys.rmoduleloader.obj
 0001:00000990       ??_EIModuleLoader@base@UModSys@@UAEPAXI@Z 00401990 f i  CIL library: CIL module
 0001:00000990       ??_GIModuleLoader@base@UModSys@@UAEPAXI@Z 00401990 f i umodsys_lib_basesys:umodsys.basesys.rmoduleloader.obj
 0001:000009b0       ?append@?$TStaticStringPool@DU?$TComparerBinaryHash@D@su@tl@UModSys@@USMemAlloc_Malloc@core@4@@tl@UModSys@@QAEPBU?$TString@U?$TSCoreConst@D@su@tl@UModSys@@U?$TComparerBinaryHash@D@234@@23@PBDI@Z 004019b0 f i umodsys_lib_basesys:umodsys.basesys.rmoduleloader.obj
 0001:00000b70       ?free@?$TArrayDynamic@U?$TRefObject@URModule@rsystem@base@UModSys@@@tl@UModSys@@U?$TAllocator@USMemAlloc_Malloc@core@UModSys@@USCountCalcPower2@23@@23@@tl@UModSys@@QAE_NXZ 00401b70 f i umodsys_lib_basesys:umodsys.basesys.rmodulelib.obj
 0001:00000b70       ?free@?$TArrayDynamic@U?$TRefObject@URModuleLibrary@rsystem@base@UModSys@@@tl@UModSys@@U?$TAllocator@USMemAlloc_Malloc@core@UModSys@@USCountCalcPower2@23@@23@@tl@UModSys@@QAE_NXZ 00401b70 f i umodsys_lib_basesys:umodsys.basesys.rmoduleloader.obj
 0001:00000ba0       ?remove_at@?$TArrayDynamic@U?$TRefObject@URModuleLibrary@rsystem@base@UModSys@@@tl@UModSys@@U?$TAllocator@USMemAlloc_Malloc@core@UModSys@@USCountCalcPower2@23@@23@@tl@UModSys@@QAE_NI@Z 00401ba0 f i umodsys_lib_basesys:umodsys.basesys.rmoduleloader.obj
 0001:00000c00       ?find_s@?$TStaticStringPool@DU?$TComparerBinaryHash@D@su@tl@UModSys@@USMemAlloc_Malloc@core@4@@tl@UModSys@@QBEPBU?$TString@U?$TSCoreConst@D@su@tl@UModSys@@U?$TComparerBinaryHash@D@234@@23@ABU423@@Z 00401c00 f i umodsys_lib_basesys:umodsys.basesys.rmoduleloader.obj
 0001:00000c90       ?find@?$TQuantArrayUnique@USUniquePointerInfo@core@UModSys@@$0BAA@USMemAlloc_Malloc@23@@tl@UModSys@@QAEPBUSUniquePointerInfo@core@3@ABU453@@Z 00401c90 f i umodsys_lib_basesys:umodsys.basesys.rsystem.obj
 0001:00000c90       ?find@?$TQuantArrayUnique@USSourceContext@core@UModSys@@$0BAA@USMemAlloc_Malloc@23@@tl@UModSys@@QAEPBUSSourceContext@core@3@ABU453@@Z 00401c90 f i umodsys_lib_basesys:umodsys.basesys.rsystem.obj
 0001:00000d80       ?add@?$TQuantArrayUnique@USSourceContext@core@UModSys@@$0BAA@USMemAlloc_Malloc@23@@tl@UModSys@@QAEPAUSSourceContext@core@3@ABU453@@Z 00401d80 f i umodsys_lib_basesys:umodsys.basesys.rsystem.obj
 0001:00000d80       ?add@?$TQuantArrayUnique@USUniquePointerInfo@core@UModSys@@$0BAA@USMemAlloc_Malloc@23@@tl@UModSys@@QAEPAUSUniquePointerInfo@core@3@ABU453@@Z 00401d80 f i umodsys_lib_basesys:umodsys.basesys.rsystem.obj
 0001:00000f10       ?insert_color@?$TTreeHoldRB@U?$TQuantArrayNode@USSourceContext@core@UModSys@@$0BAA@@tl@UModSys@@@tl@UModSys@@IAEXPAU?$TQuantArrayNode@USSourceContext@core@UModSys@@$0BAA@@23@@Z 00401f10 f i umodsys_lib_basesys:umodsys.basesys.rsystem.obj
 0001:00000f10       ?insert_color@?$TTreeHoldRB@U?$TQuantArrayNode@USUniquePointerInfo@core@UModSys@@$0BAA@@tl@UModSys@@@tl@UModSys@@IAEXPAU?$TQuantArrayNode@USUniquePointerInfo@core@UModSys@@$0BAA@@23@@Z 00401f10 f i umodsys_lib_basesys:umodsys.basesys.rsystem.obj
 0001:000010b0       ?get_interface_info@RParameters@rsystem@base@UModSys@@UBEABUSUniquePointerInfo@core@4@XZ 004020b0 f i umodsys_lib_basesys:umodsys.basesys.rparameters.obj
 0001:000010c0       ?get_interface_type@RParameters@rsystem@base@UModSys@@UBEPBUSUniquePointerInfo@core@4@XZ 004020c0 f i umodsys_lib_basesys:umodsys.basesys.rparameters.obj
 0001:000010d0       ?get_interface_types@RModuleLibrary@rsystem@base@UModSys@@UBEIAAUSUniquePtrList@core@4@@Z 004020d0 f i umodsys_lib_basesys:umodsys.basesys.rmodulelib.obj
 0001:000010d0       ?get_interface_types@RConsole_std@rsystem@base@UModSys@@UBEIAAUSUniquePtrList@core@4@@Z 004020d0 f i umodsys_lib_basesys:umodsys.basesys.rconsole_std.obj
 0001:000010d0       ?get_interface_types@RParameters@rsystem@base@UModSys@@UBEIAAUSUniquePtrList@core@4@@Z 004020d0 f i umodsys_lib_basesys:umodsys.basesys.rparameters.obj
 0001:000010d0       ?get_interface_types@RSystem@rsystem@base@UModSys@@UBEIAAUSUniquePtrList@core@4@@Z 004020d0 f i umodsys_lib_basesys:umodsys.basesys.rsystem_main.obj
 0001:000010d0       ?get_interface_types@RModule@rsystem@base@UModSys@@UBEIAAUSUniquePtrList@core@4@@Z 004020d0 f i umodsys_lib_basesys:umodsys.basesys.rmodule.obj
 0001:000010d0       ?get_interface_types@ISystem@base@UModSys@@UBEIAAUSUniquePtrList@core@3@@Z 004020d0 f i umodsys_lib_basesys:umodsys.basesys.rsystem_main.obj
 0001:000010e0       ?get_other_interface@RParameters@rsystem@base@UModSys@@UBEPBUIRoot@core@4@PBUSUniquePointerInfo@64@@Z 004020e0 f i umodsys_lib_basesys:umodsys.basesys.rparameters.obj
 0001:000010e0       ?get_other_interface@RParameters@rsystem@base@UModSys@@UAEPAUIRoot@core@4@PBUSUniquePointerInfo@64@@Z 004020e0 f i umodsys_lib_basesys:umodsys.basesys.rparameters.obj
 0001:00001110       ?suicide@RModuleLibrary@rsystem@base@UModSys@@UAEXXZ 00402110 f i umodsys_lib_basesys:umodsys.basesys.rmodulelib.obj
 0001:00001110       ?suicide@RParameters@rsystem@base@UModSys@@UAEXXZ 00402110 f i umodsys_lib_basesys:umodsys.basesys.rparameters.obj
 0001:00001120       ??_ERParameters@rsystem@base@UModSys@@UAEPAXI@Z 00402120 f i  CIL library: CIL module
 0001:00001120       ??_GRParameters@rsystem@base@UModSys@@UAEPAXI@Z 00402120 f i umodsys_lib_basesys:umodsys.basesys.rparameters.obj
 0001:00001140       ??$shash@D@su@tl@UModSys@@YAHPBD@Z 00402140 f i umodsys_lib_basesys:umodsys.basesys.rparameters.obj
 0001:00001160       ??$t_alloc@UIMemAlloc@core@UModSys@@@SMemChunk@core@UModSys@@QAE_NAAUIMemAlloc@12@IPBUSSourceContext@12@@Z 00402160 f i umodsys_lib_basesys:umodsys.basesys.rparameters.obj
 0001:000011a0       ?get_interface_info@RModuleLibrary@rsystem@base@UModSys@@UBEABUSUniquePointerInfo@core@4@XZ 004021a0 f i umodsys_lib_basesys:umodsys.basesys.rmodulelib.obj
 0001:000011b0       ?get_interface_type@RModuleLibrary@rsystem@base@UModSys@@UBEPBUSUniquePointerInfo@core@4@XZ 004021b0 f i umodsys_lib_basesys:umodsys.basesys.rmodulelib.obj
 0001:000011c0       ?get_other_interface@RModuleLibrary@rsystem@base@UModSys@@UAEPAUIRoot@core@4@PBUSUniquePointerInfo@64@@Z 004021c0 f i umodsys_lib_basesys:umodsys.basesys.rmodulelib.obj
 0001:000011c0       ?get_other_interface@RModuleLibrary@rsystem@base@UModSys@@UBEPBUIRoot@core@4@PBUSUniquePointerInfo@64@@Z 004021c0 f i umodsys_lib_basesys:umodsys.basesys.rmodulelib.obj
 0001:000011f0       ??_GRModuleLibrary@rsystem@base@UModSys@@UAEPAXI@Z 004021f0 f i umodsys_lib_basesys:umodsys.basesys.rmodulelib.obj
 0001:000011f0       ??_ERModuleLibrary@rsystem@base@UModSys@@UAEPAXI@Z 004021f0 f i  CIL library: CIL module
 0001:00001210       ??1?$TString@U?$TSCoreShared@USMemAlloc_Malloc@core@UModSys@@D@su@tl@UModSys@@U?$TComparerBinaryHash@D@234@@tl@UModSys@@QAE@XZ 00402210 f i umodsys_lib_basesys:umodsys.basesys.rmodulelib.obj
 0001:00001240       ??_EIModuleLibrary@base@UModSys@@UAEPAXI@Z 00402240 f i  CIL library: CIL module
 0001:00001240       ??_GIModuleLibrary@base@UModSys@@UAEPAXI@Z 00402240 f i umodsys_lib_basesys:umodsys.basesys.rmodulelib.obj
 0001:00001260       ??1?$TArrayDynamic@U?$TRefObject@URModule@rsystem@base@UModSys@@@tl@UModSys@@U?$TAllocator@USMemAlloc_Malloc@core@UModSys@@USCountCalcPower2@23@@23@@tl@UModSys@@QAE@XZ 00402260 f i umodsys_lib_basesys:umodsys.basesys.rmodulelib.obj
 0001:00001270       ?push@?$TArrayDynamic@U?$TRefObject@URModule@rsystem@base@UModSys@@@tl@UModSys@@U?$TAllocator@USMemAlloc_Malloc@core@UModSys@@USCountCalcPower2@23@@23@@tl@UModSys@@QAE_NABU?$TRefObject@URModule@rsystem@base@UModSys@@@23@@Z 00402270 f i umodsys_lib_basesys:umodsys.basesys.rmodulelib.obj
 0001:00001270       ?push@?$TArrayDynamic@U?$TRefObject@URModuleLibrary@rsystem@base@UModSys@@@tl@UModSys@@U?$TAllocator@USMemAlloc_Malloc@core@UModSys@@USCountCalcPower2@23@@23@@tl@UModSys@@QAE_NABU?$TRefObject@URModuleLibrary@rsystem@base@UModSys@@@23@@Z 00402270 f i umodsys_lib_basesys:umodsys.basesys.rmodulelib.obj
 0001:000012f0       ?info_new@?$TSCoreShared@USMemAlloc_Malloc@core@UModSys@@D@su@tl@UModSys@@QAE_NPBDI@Z 004022f0 f i umodsys_lib_basesys:umodsys.basesys.rmodulelib.obj
 0001:00001370       ?resize@?$TArrayDynamic@U?$TRefObject@URModule@rsystem@base@UModSys@@@tl@UModSys@@U?$TAllocator@USMemAlloc_Malloc@core@UModSys@@USCountCalcPower2@23@@23@@tl@UModSys@@QAE_NI@Z 00402370 f i umodsys_lib_basesys:umodsys.basesys.rmodulelib.obj
 0001:00001370       ?resize@?$TArrayDynamic@U?$TRefObject@URModuleLibrary@rsystem@base@UModSys@@@tl@UModSys@@U?$TAllocator@USMemAlloc_Malloc@core@UModSys@@USCountCalcPower2@23@@23@@tl@UModSys@@QAE_NI@Z 00402370 f i umodsys_lib_basesys:umodsys.basesys.rmoduleloader.obj
 0001:00001390       ?items_destruct@?$TArrayAbstract@U?$TRefObject@URModule@rsystem@base@UModSys@@@tl@UModSys@@@tl@UModSys@@IAEXII@Z 00402390 f i umodsys_lib_basesys:umodsys.basesys.rmodulelib.obj
 0001:00001390       ?items_destruct@?$TArrayAbstract@U?$TRefObject@URModuleLibrary@rsystem@base@UModSys@@@tl@UModSys@@@tl@UModSys@@IAEXII@Z 00402390 f i umodsys_lib_basesys:umodsys.basesys.rmoduleloader.obj
 0001:000013d0       ?get_interface_info@RModule@rsystem@base@UModSys@@UBEABUSUniquePointerInfo@core@4@XZ 004023d0 f i umodsys_lib_basesys:umodsys.basesys.rmodule.obj
 0001:000013e0       ?get_interface_type@RModule@rsystem@base@UModSys@@UBEPBUSUniquePointerInfo@core@4@XZ 004023e0 f i umodsys_lib_basesys:umodsys.basesys.rmodule.obj
 0001:000013f0       ?get_other_interface@RModule@rsystem@base@UModSys@@UAEPAUIRoot@core@4@PBUSUniquePointerInfo@64@@Z 004023f0 f i umodsys_lib_basesys:umodsys.basesys.rmodule.obj
 0001:000013f0       ?get_other_interface@RModule@rsystem@base@UModSys@@UBEPBUIRoot@core@4@PBUSUniquePointerInfo@64@@Z 004023f0 f i umodsys_lib_basesys:umodsys.basesys.rmodule.obj
 0001:00001420       ?suicide@RModule@rsystem@base@UModSys@@UAEXXZ 00402420 f i umodsys_lib_basesys:umodsys.basesys.rmodule.obj
 0001:00001480       ??_ERModule@rsystem@base@UModSys@@UAEPAXI@Z 00402480 f i  CIL library: CIL module
 0001:00001480       ??_GRModule@rsystem@base@UModSys@@UAEPAXI@Z 00402480 f i umodsys_lib_basesys:umodsys.basesys.rmodule.obj
 0001:000014a0       ??_EIModule@base@UModSys@@UAEPAXI@Z 004024a0 f i  CIL library: CIL module
 0001:000014a0       ??_GIModule@base@UModSys@@UAEPAXI@Z 004024a0 f i umodsys_lib_basesys:umodsys.basesys.rmodule.obj
 0001:000014c0       ??1?$TArrayDynamic@UModuleObjInfo@RModule@rsystem@base@UModSys@@U?$TAllocator@USMemAlloc_Malloc@core@UModSys@@USCountCalcPower2@23@@tl@5@@tl@UModSys@@QAE@XZ 004024c0 f i umodsys_lib_basesys:umodsys.basesys.rmodule.obj
 0001:000014d0       ??1?$TArrayDynamic@UGeneratedObjInfo@RModule@rsystem@base@UModSys@@U?$TAllocator@USMemAlloc_Malloc@core@UModSys@@USCountCalcPower2@23@@tl@5@@tl@UModSys@@QAE@XZ 004024d0 f i umodsys_lib_basesys:umodsys.basesys.rmodule.obj
 0001:000014e0       ??1?$TArrayDynamic@PBUSUniquePointerInfo@core@UModSys@@U?$TAllocator@USMemAlloc_Malloc@core@UModSys@@USCountCalcPower2@23@@tl@3@@tl@UModSys@@QAE@XZ 004024e0 f i umodsys_lib_basesys:umodsys.basesys.rmodule.obj
 0001:000014f0       ?resize@?$TArrayDynamic@UModuleObjInfo@RModule@rsystem@base@UModSys@@U?$TAllocator@USMemAlloc_Malloc@core@UModSys@@USCountCalcPower2@23@@tl@5@@tl@UModSys@@QAE_NI@Z 004024f0 f i umodsys_lib_basesys:umodsys.basesys.rmodule.obj
 0001:00001540       ?free@?$TArrayDynamic@UModuleObjInfo@RModule@rsystem@base@UModSys@@U?$TAllocator@USMemAlloc_Malloc@core@UModSys@@USCountCalcPower2@23@@tl@5@@tl@UModSys@@QAE_NXZ 00402540 f i umodsys_lib_basesys:umodsys.basesys.rmodule.obj
 0001:00001570       ?resize@?$TArrayDynamic@UGeneratedObjInfo@RModule@rsystem@base@UModSys@@U?$TAllocator@USMemAlloc_Malloc@core@UModSys@@USCountCalcPower2@23@@tl@5@@tl@UModSys@@QAE_NI@Z 00402570 f i umodsys_lib_basesys:umodsys.basesys.rmodule.obj
 0001:000015c0       ?free@?$TArrayDynamic@UGeneratedObjInfo@RModule@rsystem@base@UModSys@@U?$TAllocator@USMemAlloc_Malloc@core@UModSys@@USCountCalcPower2@23@@tl@5@@tl@UModSys@@QAE_NXZ 004025c0 f i umodsys_lib_basesys:umodsys.basesys.rmodule.obj
 0001:000015f0       ?resize@?$TArrayDynamic@PBUSUniquePointerInfo@core@UModSys@@U?$TAllocator@USMemAlloc_Malloc@core@UModSys@@USCountCalcPower2@23@@tl@3@@tl@UModSys@@QAE_NI@Z 004025f0 f i umodsys_lib_basesys:umodsys.basesys.rmodule.obj
 0001:00001630       ?free@?$TArrayDynamic@PBUSUniquePointerInfo@core@UModSys@@U?$TAllocator@USMemAlloc_Malloc@core@UModSys@@USCountCalcPower2@23@@tl@3@@tl@UModSys@@QAE_NXZ 00402630 f i umodsys_lib_basesys:umodsys.basesys.rmodule.obj
 0001:00001660       ?items_construct@?$TArrayAbstract@UModuleObjInfo@RModule@rsystem@base@UModSys@@@tl@UModSys@@IAEXII@Z 00402660 f i umodsys_lib_basesys:umodsys.basesys.rmodule.obj
 0001:000016a0       ?items_construct@?$TArrayAbstract@UGeneratedObjInfo@RModule@rsystem@base@UModSys@@@tl@UModSys@@IAEXII@Z 004026a0 f i umodsys_lib_basesys:umodsys.basesys.rmodule.obj
 0001:000016e0       ??$t_realloc_array@UModuleObjInfo@RModule@rsystem@base@UModSys@@@?$TAllocator@USMemAlloc_Malloc@core@UModSys@@USCountCalcPower2@23@@tl@UModSys@@QAE_NAAPAUModuleObjInfo@RModule@rsystem@base@2@AAIIPAUSSourceContext@core@2@@Z 004026e0 f i umodsys_lib_basesys:umodsys.basesys.rmodule.obj
 0001:00001720       ??$t_realloc_array@UGeneratedObjInfo@RModule@rsystem@base@UModSys@@@?$TAllocator@USMemAlloc_Malloc@core@UModSys@@USCountCalcPower2@23@@tl@UModSys@@QAE_NAAPAUGeneratedObjInfo@RModule@rsystem@base@2@AAIIPAUSSourceContext@core@2@@Z 00402720 f i umodsys_lib_basesys:umodsys.basesys.rmodule.obj
 0001:00001760       ??$t_realloc_array@PBUSUniquePointerInfo@core@UModSys@@@?$TAllocator@USMemAlloc_Malloc@core@UModSys@@USCountCalcPower2@23@@tl@UModSys@@QAE_NAAPAPBUSUniquePointerInfo@core@2@AAIIPAUSSourceContext@42@@Z 00402760 f i umodsys_lib_basesys:umodsys.basesys.rmodule.obj
 0001:0000179a       __onexit                   0040279a f   MSVCRT:atonexit.obj
 0001:0000183f       _atexit                    0040283f f   MSVCRT:atonexit.obj
 0001:00001af8       _mainCRTStartup            00402af8 f   MSVCRT:crtexe.obj
 0001:00001b02       __purecall                 00402b02 f   MSVCRT:MSVCR90.dll
 0001:00001b08       ??3@YAXPAX@Z               00402b08 f   MSVCRT:MSVCR90.dll
 0001:00001b0e       ??_Etype_info@@UAEPAXI@Z   00402b0e f i MSVCRT:ti_inst.obj
 0001:00001b5a       ??2@YAPAXI@Z               00402b5a f   MSVCRT:MSVCR90.dll
 0001:00001b60       __unlock                   00402b60 f   MSVCRT:MSVCR90.dll
 0001:00001b66       ___dllonexit               00402b66 f   MSVCRT:MSVCR90.dll
 0001:00001b6c       __lock                     00402b6c f   MSVCRT:MSVCR90.dll
 0001:00001b74       __SEH_prolog4              00402b74 f   MSVCRT:sehprolg4.obj
 0001:00001bb9       __SEH_epilog4              00402bb9 f   MSVCRT:sehprolg4.obj
 0001:00001bcd       __except_handler4          00402bcd f   MSVCRT:chandler4gs.obj
 0001:00001bf2       ?__CxxUnhandledExceptionFilter@@YGJPAU_EXCEPTION_POINTERS@@@Z 00402bf2 f   MSVCRT:unhandld.obj
 0001:00001c34       ___CxxSetUnhandledExceptionFilter 00402c34 f   MSVCRT:unhandld.obj
 0001:00001c42       __amsg_exit                00402c42 f   MSVCRT:MSVCR90.dll
 0001:00001c48       __RTC_Initialize           00402c48 f   MSVCRT:_initsect_.obj
 0001:00001c6e       __RTC_Terminate            00402c6e f   MSVCRT:_initsect_.obj
 0001:00001c94       __XcptFilter               00402c94 f   MSVCRT:MSVCR90.dll
 0001:00001ca0       __ValidateImageBase        00402ca0 f   MSVCRT:pesect.obj
 0001:00001ce0       __FindPESection            00402ce0 f   MSVCRT:pesect.obj
 0001:00001d30       __IsNonwritableInCurrentImage 00402d30 f   MSVCRT:pesect.obj
 0001:00001dee       __initterm                 00402dee f   MSVCRT:MSVCR90.dll
 0001:00001df4       __initterm_e               00402df4 f   MSVCRT:MSVCR90.dll
 0001:00001dfa       __setdefaultprecision      00402dfa f   MSVCRT:fp8.obj
 0001:00001e25       __setargv                  00402e25 f   MSVCRT:dllargv.obj
 0001:00001e25       __matherr                  00402e25 f   MSVCRT:merr.obj
 0001:00001e28       ___security_init_cookie    00402e28 f   MSVCRT:gs_support.obj
 0001:00001ebe       ?__ArrayUnwind@@YGXPAXIHP6EX0@Z@Z 00402ebe f   MSVCRT:ehvecdtr.obj
 0001:00001f1c       ??_M@YGXPAXIHP6EX0@Z@Z     00402f1c f   MSVCRT:ehvecdtr.obj
 0001:00001f7f       @__security_check_cookie@4 00402f7f f   MSVCRT:secchk.obj
 0001:00001f8e       __except_handler4_common   00402f8e f   MSVCRT:MSVCR90.dll
 0001:00001f94       ?terminate@@YAXXZ          00402f94 f   MSVCRT:MSVCR90.dll
 0001:00001f9a       __invoke_watson            00402f9a f   MSVCRT:MSVCR90.dll
 0001:00001fa0       __controlfp_s              00402fa0 f   MSVCRT:MSVCR90.dll
 0001:00001fa6       ??1type_info@@UAE@XZ       00402fa6 f   MSVCRT:MSVCR90.dll
 0001:00001fa6       ?_type_info_dtor_internal_method@type_info@@QAEXXZ 00402fa6 f   MSVCRT:MSVCR90.dll
 0001:00001fac       ___report_gsfailure        00402fac f   MSVCRT:gs_report.obj
 0001:000020b2       __crt_debugger_hook        004030b2 f   MSVCRT:MSVCR90.dll
 0001:000020c0       ?gracial_convert@syshlp@core@UModSys@@YA_NPADHPB_WH@Z 004030c0 f   umodsys_lib_core:umodsys.core.syshlp_charcode.win32.obj
 0001:000020f0       ?gracial_convert@syshlp@core@UModSys@@YA_NPA_WHPBDH@Z 004030f0 f   umodsys_lib_core:umodsys.core.syshlp_charcode.win32.obj
 0001:00002120       ?path_uni_os@syshlp@core@UModSys@@YAXPA_W@Z 00403120 f   umodsys_lib_core:umodsys.core.syshlp_chars.win32.obj
 0001:00002140       ?path_os_uni@syshlp@core@UModSys@@YAXPAD@Z 00403140 f   umodsys_lib_core:umodsys.core.syshlp_chars.win32.obj
 0001:00002160       ?gracial_cpy@syshlp@core@UModSys@@YA_NPA_WHQAPB_WH@Z 00403160 f   umodsys_lib_core:umodsys.core.syshlp_chars.win32.obj
 0001:00002200       ?gracial_cpy@syshlp@core@UModSys@@YA_NPADHQAPBDH@Z 00403200 f   umodsys_lib_core:umodsys.core.syshlp_chars.win32.obj
 0001:00002290       ??1IRoot@core@UModSys@@UAE@XZ 00403290 f   umodsys_lib_core:umodsys.core.objects.obj
 0001:000022a0       ??1IRefObject@core@UModSys@@UAE@XZ 004032a0 f   umodsys_lib_core:umodsys.core.objects.obj
 0001:000022b0       ??0SUniquePtrList@core@UModSys@@QAE@PAPBUSUniquePointerInfo@12@I@Z 004032b0 f   umodsys_lib_core:umodsys.core.uniqueptr.obj
 0001:000022d0       ?s_unresolve@SUniquePointer@core@UModSys@@SAXPAUIUniquePointerResolver@23@@Z 004032d0 f   umodsys_lib_core:umodsys.core.uniqueptr.obj
 0001:00002310       ?s_resolve@SUniquePointer@core@UModSys@@SAXPAUIUniquePointerResolver@23@@Z 00403310 f   umodsys_lib_core:umodsys.core.uniqueptr.obj
 0001:00002360       ??1SUniquePointer@core@UModSys@@QAE@XZ 00403360 f   umodsys_lib_core:umodsys.core.uniqueptr.obj
 0001:00002390       ??0SUniquePointer@core@UModSys@@QAE@H@Z 00403390 f   umodsys_lib_core:umodsys.core.uniqueptr.obj
 0001:000023b0       ??0SUniquePointer@core@UModSys@@QAE@PBD0H@Z 004033b0 f   umodsys_lib_core:umodsys.core.uniqueptr.obj
 0001:00002400       ??1SModuleInfo@base@UModSys@@QAE@XZ 00403400 f   umodsys_lib_base:umodsys.base.moduleinfo.obj
 0001:00002410       ??0SModuleInfo@base@UModSys@@QAE@XZ 00403410 f   umodsys_lib_base:umodsys.base.moduleinfo.obj
 0001:00002430       ??1IModuleLoader@base@UModSys@@UAE@XZ 00403430 f   umodsys_lib_base:umodsys.base.moduleloader.obj
 0001:00002440       ??1SDebug@base@UModSys@@QAE@XZ 00403440 f   umodsys_lib_base:umodsys.base.debug.obj
 0001:00002460       ??0SDebug@base@UModSys@@QAE@PAUIConsole@12@I@Z 00403460 f   umodsys_lib_base:umodsys.base.debug.obj
 0001:00002480       ??1ISystem@base@UModSys@@UAE@XZ 00403480 f   umodsys_lib_base:umodsys.base.system.obj
 0001:00002490       ?Link@SModuleContext@base@UModSys@@QAEXPAUISystem@23@PAUIMemAlloc@core@3@@Z 00403490 f   umodsys_lib_base:umodsys.base.modulecontext.obj
 0001:000024c0       ??0SModuleContext@base@UModSys@@QAE@XZ 004034c0 f   umodsys_lib_base:umodsys.base.modulecontext.obj
 0001:000024e0       ??1SModuleContext@base@UModSys@@QAE@XZ 004034e0 f   umodsys_lib_base:umodsys.base.modulecontext.obj
 0001:000024f0       ?get_paramworker@SParameters@core@UModSys@@KAPAUIParameters@23@XZ 004034f0 f   umodsys_lib_base:umodsys.base.modulecontext.obj
 0001:00002500       ?ref_links@RModule@rsystem@base@UModSys@@UBEHXZ 00403500 f   umodsys_lib_basesys:umodsys.basesys.rmodule.obj
 0001:00002510       ?ref_remove@RModule@rsystem@base@UModSys@@UBEXXZ 00403510 f   umodsys_lib_basesys:umodsys.basesys.rmodule.obj
 0001:00002520       ?ref_add@RModule@rsystem@base@UModSys@@UBEXXZ 00403520 f   umodsys_lib_basesys:umodsys.basesys.rmodule.obj
 0001:00002530       ?scan@RModule@rsystem@base@UModSys@@QAE_NXZ 00403530 f   umodsys_lib_basesys:umodsys.basesys.rmodule.obj
 0001:00002560       ?mod_findobjname@RModule@rsystem@base@UModSys@@UAEIPBUSUniquePointerInfo@core@4@QAPBU564@I@Z 00403560 f   umodsys_lib_basesys:umodsys.basesys.rmodule.obj
 0001:000025e0       ?is_open@RModule@rsystem@base@UModSys@@UBE_NXZ 004035e0 f   umodsys_lib_basesys:umodsys.basesys.rmodule.obj
 0001:00002600       ?get_info@RModule@rsystem@base@UModSys@@UBEABUSModuleInfo@34@XZ 00403600 f   umodsys_lib_basesys:umodsys.basesys.rmodule.obj
 0001:00002610       ?get_library@RModule@rsystem@base@UModSys@@UBEPAUIModuleLibrary@34@XZ 00403610 f   umodsys_lib_basesys:umodsys.basesys.rmodule.obj
 0001:00002620       ??1RModule@rsystem@base@UModSys@@UAE@XZ 00403620 f   umodsys_lib_basesys:umodsys.basesys.rmodule.obj
 0001:00002660       ?unreg_obj@RModule@rsystem@base@UModSys@@QAE_NPAUIModObject@34@@Z 00403660 f   umodsys_lib_basesys:umodsys.basesys.rmodule.obj
 0001:00002700       ?reg_generator@RModule@rsystem@base@UModSys@@QAE_NPAUModuleObjInfo@1234@PAUIGenerator@34@@Z 00403700 f   umodsys_lib_basesys:umodsys.basesys.rmodule.obj
 0001:000028e0       ?save_db@RModule@rsystem@base@UModSys@@QAE_NPAU_iobuf@@@Z 004038e0 f   umodsys_lib_basesys:umodsys.basesys.rmodule.obj
 0001:00002a90       ?alloc_minfo@RModule@rsystem@base@UModSys@@QAE_NABUSModuleInfo@34@@Z 00403a90 f   umodsys_lib_basesys:umodsys.basesys.rmodule.obj
 0001:00002b10       ?reg_obj@RModule@rsystem@base@UModSys@@QAEPAUModuleObjInfo@1234@PAUIModObject@34@@Z 00403b10 f   umodsys_lib_basesys:umodsys.basesys.rmodule.obj
 0001:00002c30       ?mod_generate@RModule@rsystem@base@UModSys@@UAE_NAAU?$TRefObject@UIRefObject@core@UModSys@@@tl@4@PBUSUniquePointerInfo@core@4@ABUSParameters@84@@Z 00403c30 f   umodsys_lib_basesys:umodsys.basesys.rmodule.obj
 0001:00002d50       ?reg@RModule@rsystem@base@UModSys@@UAE_NPAUIGenerator@34@_N@Z 00403d50 f   umodsys_lib_basesys:umodsys.basesys.rmodule.obj
 0001:00002da0       ?reg@RModule@rsystem@base@UModSys@@UAE_NPAUIModObject@34@_N@Z 00403da0 f   umodsys_lib_basesys:umodsys.basesys.rmodule.obj
 0001:00002dd0       ?close@RModule@rsystem@base@UModSys@@UAE_NXZ 00403dd0 f   umodsys_lib_basesys:umodsys.basesys.rmodule.obj
 0001:00002e20       ?open@RModule@rsystem@base@UModSys@@UAE_NXZ 00403e20 f   umodsys_lib_basesys:umodsys.basesys.rmodule.obj
 0001:00002e80       ??0RModule@rsystem@base@UModSys@@QAE@PAURModuleLibrary@123@PAUIModuleReg@23@@Z 00403e80 f   umodsys_lib_basesys:umodsys.basesys.rmodule.obj
 0001:00002f10       ?ref_links@RModuleLibrary@rsystem@base@UModSys@@UBEHXZ 00403f10 f   umodsys_lib_basesys:umodsys.basesys.rmodulelib.obj
 0001:00002f20       ?ref_remove@RModuleLibrary@rsystem@base@UModSys@@UBEXXZ 00403f20 f   umodsys_lib_basesys:umodsys.basesys.rmodulelib.obj
 0001:00002f30       ?ref_add@RModuleLibrary@rsystem@base@UModSys@@UBEXXZ 00403f30 f   umodsys_lib_basesys:umodsys.basesys.rmodulelib.obj
 0001:00002f40       ?lib_unload@RModuleLibrary@rsystem@base@UModSys@@UAE_NXZ 00403f40 f   umodsys_lib_basesys:umodsys.basesys.rmodulelib.obj
 0001:00002f60       ?lib_loaded@RModuleLibrary@rsystem@base@UModSys@@UBE_NXZ 00403f60 f   umodsys_lib_basesys:umodsys.basesys.rmodulelib.obj
 0001:00002f70       ?get_system@RModuleLibrary@rsystem@base@UModSys@@UBEPAUISystem@34@XZ 00403f70 f   umodsys_lib_basesys:umodsys.basesys.rmodulelib.obj
 0001:00002f80       ?get_privmem@RModuleLibrary@rsystem@base@UModSys@@UBEPAUIMemAlloc@core@4@XZ 00403f80 f   umodsys_lib_basesys:umodsys.basesys.rmodulelib.obj
 0001:00002f90       ?s_find_dup@RModuleLibrary@rsystem@base@UModSys@@SAIABU?$TArrayDynamic@U?$TRefObject@URModuleLibrary@rsystem@base@UModSys@@@tl@UModSys@@U?$TAllocator@USMemAlloc_Malloc@core@UModSys@@USCountCalcPower2@23@@23@@tl@4@PAUIModuleLibraryReg@34@@Z 00403f90 f   umodsys_lib_basesys:umodsys.basesys.rmodulelib.obj
 0001:00002fc0       ?unlink@RModuleLibrary@rsystem@base@UModSys@@QAE_NXZ 00403fc0 f   umodsys_lib_basesys:umodsys.basesys.rmodulelib.obj
 0001:00003000       ?lib_generate@RModuleLibrary@rsystem@base@UModSys@@UAE_NAAU?$TRefObject@UIRefObject@core@UModSys@@@tl@4@PBUSUniquePointerInfo@core@4@ABUSParameters@84@@Z 00404000 f   umodsys_lib_basesys:umodsys.basesys.rmodulelib.obj
 0001:00003050       ?lib_findobjname@RModuleLibrary@rsystem@base@UModSys@@UAEIPBUSUniquePointerInfo@core@4@QAPBU564@I@Z 00404050 f   umodsys_lib_basesys:umodsys.basesys.rmodulelib.obj
 0001:000030c0       ?get_module@RModuleLibrary@rsystem@base@UModSys@@UBEPAUIModule@34@I@Z 004040c0 f   umodsys_lib_basesys:umodsys.basesys.rmodulelib.obj
 0001:000030e0       ?get_module_count@RModuleLibrary@rsystem@base@UModSys@@UBEIXZ 004040e0 f   umodsys_lib_basesys:umodsys.basesys.rmodulelib.obj
 0001:000030f0       ?get_sys_libname@RModuleLibrary@rsystem@base@UModSys@@UBE?AU?$TString@U?$TSCoreConst@D@su@tl@UModSys@@U?$TComparerBinaryHash@D@234@@tl@4@XZ 004040f0 f   umodsys_lib_basesys:umodsys.basesys.rmodulelib.obj
 0001:00003110       ??0RModuleLibrary@rsystem@base@UModSys@@QAE@PAUISystem@23@PAUPFD_Data@0123@PAUIModuleLibraryReg@23@@Z 00404110 f   umodsys_lib_basesys:umodsys.basesys.rmodulelib.obj
 0001:00003150       ?save_db@RModuleLibrary@rsystem@base@UModSys@@QAE_NPAU_iobuf@@@Z 00404150 f   umodsys_lib_basesys:umodsys.basesys.rmodulelib.obj
 0001:000031b0       ??1RModuleLibrary@rsystem@base@UModSys@@UAE@XZ 004041b0 f   umodsys_lib_basesys:umodsys.basesys.rmodulelib.obj
 0001:00003240       ?link@RModuleLibrary@rsystem@base@UModSys@@QAE_NXZ 00404240 f   umodsys_lib_basesys:umodsys.basesys.rmodulelib.obj
 0001:00003440       ?load0@RModuleLibrary@rsystem@base@UModSys@@QAE_NXZ 00404440 f   umodsys_lib_basesys:umodsys.basesys.rmodulelib.obj
 0001:000034b0       ?cleanup@RModuleLibrary@rsystem@base@UModSys@@QAEIXZ 004044b0 f   umodsys_lib_basesys:umodsys.basesys.rmodulelib.obj
 0001:000034e0       ?lib_load@RModuleLibrary@rsystem@base@UModSys@@UAE_NXZ 004044e0 f   umodsys_lib_basesys:umodsys.basesys.rmodulelib.obj
 0001:00003500       ?scan@RModuleLibrary@rsystem@base@UModSys@@QAE_NXZ 00404500 f   umodsys_lib_basesys:umodsys.basesys.rmodulelib.obj
 0001:00003540       ?s_add@RModuleLibrary@rsystem@base@UModSys@@SA_NPAUISystem@34@AAU?$TArrayDynamic@U?$TRefObject@URModuleLibrary@rsystem@base@UModSys@@@tl@UModSys@@U?$TAllocator@USMemAlloc_Malloc@core@UModSys@@USCountCalcPower2@23@@23@@tl@4@PBD@Z 00404540 f   umodsys_lib_basesys:umodsys.basesys.rmodulelib.obj
 0001:00003700       ?pfd_init@RModuleLibrary@rsystem@base@UModSys@@SA_NPAUPFD_Data@1234@@Z 00404700 f   umodsys_lib_basesys:umodsys.basesys.rmodule.win32.obj
 0001:00003710       ?pfd_init@RModuleLibrary@rsystem@base@UModSys@@SA_NPAUPFD_Data@1234@0@Z 00404710 f   umodsys_lib_basesys:umodsys.basesys.rmodule.win32.obj
 0001:00003730       ?pfd_unload@RModuleLibrary@rsystem@base@UModSys@@SA_NPAUPFD_Data@1234@@Z 00404730 f   umodsys_lib_basesys:umodsys.basesys.rmodule.win32.obj
 0001:00003770       ?pfd_load@RModuleLibrary@rsystem@base@UModSys@@SAPAUIModuleLibraryReg@34@PAUPFD_Data@1234@ABU?$TString@U?$TSCoreConst@D@su@tl@UModSys@@U?$TComparerBinaryHash@D@234@@tl@4@@Z 00404770 f   umodsys_lib_basesys:umodsys.basesys.rmodule.win32.obj
 0001:00003a80       ?pfd_scan@RModuleLibrary@rsystem@base@UModSys@@SAIPAUISystem@34@AAU?$TArrayDynamic@U?$TRefObject@URModuleLibrary@rsystem@base@UModSys@@@tl@UModSys@@U?$TAllocator@USMemAlloc_Malloc@core@UModSys@@USCountCalcPower2@23@@23@@tl@4@ABU?$TString@U?$TSCoreConst@D@su@tl@UModSys@@U?$TComparerBinaryHash@D@234@@74@@Z 00404a80 f   umodsys_lib_basesys:umodsys.basesys.rmodule.win32.obj
 0001:00003ad0       ?ref_links@RParameters@rsystem@base@UModSys@@UBEHXZ 00404ad0 f   umodsys_lib_basesys:umodsys.basesys.rparameters.obj
 0001:00003ae0       ?ref_remove@RParameters@rsystem@base@UModSys@@UBEXXZ 00404ae0 f   umodsys_lib_basesys:umodsys.basesys.rparameters.obj
 0001:00003af0       ?ref_add@RParameters@rsystem@base@UModSys@@UBEXXZ 00404af0 f   umodsys_lib_basesys:umodsys.basesys.rparameters.obj
 0001:00003b00       ?estimate_size@RParameters@rsystem@base@UModSys@@IAEHAAUElem@1234@HPBDHH@Z 00404b00 f   umodsys_lib_basesys:umodsys.basesys.rparameters.obj
 0001:00003b80       ??0RParameters@rsystem@base@UModSys@@QAE@PAUISystem@23@@Z 00404b80 f   umodsys_lib_basesys:umodsys.basesys.rparameters.obj
 0001:00003ba0       ?p_init_s@RParameters@rsystem@base@UModSys@@UAEXPAUSParametersData@core@4@PAXH@Z 00404ba0 f   umodsys_lib_basesys:umodsys.basesys.rparameters.obj
 0001:00003be0       ??1RParameters@rsystem@base@UModSys@@UAE@XZ 00404be0 f   umodsys_lib_basesys:umodsys.basesys.rparameters.obj
 0001:00003bf0       ?next@RParameters@rsystem@base@UModSys@@UAE_NPBUSParametersData@core@4@AAU?$TString@U?$TSCoreConst@D@su@tl@UModSys@@U?$TComparerBinaryHash@D@234@@tl@4@@Z 00404bf0 f   umodsys_lib_basesys:umodsys.basesys.rparameters.obj
 0001:00003cf0       ?next@RParameters@rsystem@base@UModSys@@UAE_NPBUSParametersData@core@4@AAPBD@Z 00404cf0 f   umodsys_lib_basesys:umodsys.basesys.rparameters.obj
 0001:00003dc0       ?p_init@RParameters@rsystem@base@UModSys@@UAEXPAUSParametersData@core@4@H@Z 00404dc0 f   umodsys_lib_basesys:umodsys.basesys.rparameters.obj
 0001:00003e30       ?alloc_elems@RParameters@rsystem@base@UModSys@@IAEXPAXH@Z 00404e30 f   umodsys_lib_basesys:umodsys.basesys.rparameters.obj
 0001:00003e90       ?free_elems@RParameters@rsystem@base@UModSys@@IAEXPAXH@Z 00404e90 f   umodsys_lib_basesys:umodsys.basesys.rparameters.obj
 0001:00003f00       ?get_last@RParameters@rsystem@base@UModSys@@IAEPAUElem@1234@PAXHHH@Z 00404f00 f   umodsys_lib_basesys:umodsys.basesys.rparameters.obj
 0001:00003f50       ?find_elem@RParameters@rsystem@base@UModSys@@IAEPBUElem@1234@PBXHHHPBD@Z 00404f50 f   umodsys_lib_basesys:umodsys.basesys.rparameters.obj
 0001:00003fe0       ?get@RParameters@rsystem@base@UModSys@@UAE_NPBUSParametersData@core@4@PBDAAPAUIRefObject@64@@Z 00404fe0 f   umodsys_lib_basesys:umodsys.basesys.rparameters.obj
 0001:00004030       ?get@RParameters@rsystem@base@UModSys@@UAE_NPBUSParametersData@core@4@PBDAAN@Z 00405030 f   umodsys_lib_basesys:umodsys.basesys.rparameters.obj
 0001:00004080       ?get@RParameters@rsystem@base@UModSys@@UAE_NPBUSParametersData@core@4@PBDAAH@Z 00405080 f   umodsys_lib_basesys:umodsys.basesys.rparameters.obj
 0001:000040d0       ?get@RParameters@rsystem@base@UModSys@@UAE_NPBUSParametersData@core@4@PBDAAPBD@Z 004050d0 f   umodsys_lib_basesys:umodsys.basesys.rparameters.obj
 0001:00004120       ?p_init_s@RParameters@rsystem@base@UModSys@@UAEXPAUSParametersData@core@4@ABU564@PAXH@Z 00405120 f   umodsys_lib_basesys:umodsys.basesys.rparameters.obj
 0001:00004190       ?p_copy@RParameters@rsystem@base@UModSys@@UAEXPAUSParametersData@core@4@ABU564@@Z 00405190 f   umodsys_lib_basesys:umodsys.basesys.rparameters.obj
 0001:00004290       ?p_init@RParameters@rsystem@base@UModSys@@UAEXPAUSParametersData@core@4@ABU564@@Z 00405290 f   umodsys_lib_basesys:umodsys.basesys.rparameters.obj
 0001:00004340       ?p_deinit@RParameters@rsystem@base@UModSys@@UAEXPAUSParametersData@core@4@@Z 00405340 f   umodsys_lib_basesys:umodsys.basesys.rparameters.obj
 0001:000043a0       ?add_last@RParameters@rsystem@base@UModSys@@IAE_NPAUSParametersData@core@4@PBDPBXH@Z 004053a0 f   umodsys_lib_basesys:umodsys.basesys.rparameters.obj
 0001:000045d0       ?add@RParameters@rsystem@base@UModSys@@UAE_NPAUSParametersData@core@4@PBDPAUIRefObject@64@@Z 004055d0 f   umodsys_lib_basesys:umodsys.basesys.rparameters.obj
 0001:000045f0       ?add@RParameters@rsystem@base@UModSys@@UAE_NPAUSParametersData@core@4@PBDABN@Z 004055f0 f   umodsys_lib_basesys:umodsys.basesys.rparameters.obj
 0001:00004610       ?add@RParameters@rsystem@base@UModSys@@UAE_NPAUSParametersData@core@4@PBDH@Z 00405610 f   umodsys_lib_basesys:umodsys.basesys.rparameters.obj
 0001:00004630       ?add@RParameters@rsystem@base@UModSys@@UAE_NPAUSParametersData@core@4@PBD1@Z 00405630 f   umodsys_lib_basesys:umodsys.basesys.rparameters.obj
 0001:00004650       ?get_sca@RSystem@rsystem@base@UModSys@@UAEPAUISourceContextAdapter@core@4@XZ 00405650 f   umodsys_lib_basesys:umodsys.basesys.rsystem.obj
 0001:00004660       ?get_upr@RSystem@rsystem@base@UModSys@@UAEPAUIUniquePointerResolver@core@4@XZ 00405660 f   umodsys_lib_basesys:umodsys.basesys.rsystem.obj
 0001:00004670       ?get_modloader@RSystem@rsystem@base@UModSys@@UAEPAUIModuleLoader@34@XZ 00405670 f   umodsys_lib_basesys:umodsys.basesys.rsystem.obj
 0001:00004680       ?get_syslib@RSystem@rsystem@base@UModSys@@UAEPAUIModuleLibrary@34@XZ 00405680 f   umodsys_lib_basesys:umodsys.basesys.rsystem.obj
 0001:00004690       ?get_sharemem@RSystem@rsystem@base@UModSys@@UAEPAUIMemAlloc@core@4@XZ 00405690 f   umodsys_lib_basesys:umodsys.basesys.rsystem.obj
 0001:000046a0       ?get_sysmem@RSystem@rsystem@base@UModSys@@UAEPAUIMemAlloc@core@4@XZ 004056a0 f   umodsys_lib_basesys:umodsys.basesys.rsystem.obj
 0001:000046b0       ?get_console@RSystem@rsystem@base@UModSys@@UAEPAUIConsole@34@XZ 004056b0 f   umodsys_lib_basesys:umodsys.basesys.rsystem.obj
 0001:000046c0       ?get_params@RSystem@rsystem@base@UModSys@@UAEPAUIParameters@core@4@XZ 004056c0 f   umodsys_lib_basesys:umodsys.basesys.rsystem.obj
 0001:000046d0       ?upi_remove@RSystem@rsystem@base@UModSys@@UAEHPBUSUniquePointerInfo@core@4@@Z 004056d0 f   umodsys_lib_basesys:umodsys.basesys.rsystem.obj
 0001:000046e0       ?persist_ctx@RSystem@rsystem@base@UModSys@@UAEPBUSSourceContext@core@4@PBU564@@Z 004056e0 f   umodsys_lib_basesys:umodsys.basesys.rsystem.obj
 0001:000047a0       ?upi_add@RSystem@rsystem@base@UModSys@@UAEPBUSUniquePointerInfo@core@4@PBU564@@Z 004057a0 f   umodsys_lib_basesys:umodsys.basesys.rsystem.obj
 0001:00004860       ?moduledb_load@RModuleLoader@rsystem@base@UModSys@@UAE_NABU?$TString@U?$TSCoreConst@D@su@tl@UModSys@@U?$TComparerBinaryHash@D@234@@tl@4@@Z 00405860 f   umodsys_lib_basesys:umodsys.basesys.rmoduleloader.obj
 0001:00004870       ?moduledb_module_get@RModuleLoader@rsystem@base@UModSys@@UBEPAUIModule@34@I@Z 00405870 f   umodsys_lib_basesys:umodsys.basesys.rmoduleloader.obj
 0001:000048b0       ?moduledb_module_count@RModuleLoader@rsystem@base@UModSys@@UAEIXZ 004058b0 f   umodsys_lib_basesys:umodsys.basesys.rmoduleloader.obj
 0001:000048e0       ?moduledb_lib_drop@RModuleLoader@rsystem@base@UModSys@@UAE_NPAUIModuleLibrary@34@@Z 004058e0 f   umodsys_lib_basesys:umodsys.basesys.rmoduleloader.obj
 0001:000048f0       ?moduledb_lib_get@RModuleLoader@rsystem@base@UModSys@@UBEPAUIModuleLibrary@34@I@Z 004058f0 f   umodsys_lib_basesys:umodsys.basesys.rmoduleloader.obj
 0001:00004910       ?moduledb_lib_count@RModuleLoader@rsystem@base@UModSys@@UAEIXZ 00405910 f   umodsys_lib_basesys:umodsys.basesys.rmoduleloader.obj
 0001:00004920       ?moduledb_generate@RModuleLoader@rsystem@base@UModSys@@UAE_NAAU?$TRefObject@UIRefObject@core@UModSys@@@tl@4@PBUSUniquePointerInfo@core@4@ABUSParameters@84@@Z 00405920 f   umodsys_lib_basesys:umodsys.basesys.rmoduleloader.obj
 0001:00004970       ?moduledb_findobjname@RModuleLoader@rsystem@base@UModSys@@UAEIPBUSUniquePointerInfo@core@4@QAPBU564@I@Z 00405970 f   umodsys_lib_basesys:umodsys.basesys.rmoduleloader.obj
 0001:000049e0       ??1RModuleLoader@rsystem@base@UModSys@@UAE@XZ 004059e0 f   umodsys_lib_basesys:umodsys.basesys.rmoduleloader.obj
 0001:00004a00       ??0RModuleLoader@rsystem@base@UModSys@@QAE@PAUISystem@23@@Z 00405a00 f   umodsys_lib_basesys:umodsys.basesys.rmoduleloader.obj
 0001:00004a40       ?moduledb_clear@RModuleLoader@rsystem@base@UModSys@@UAEXXZ 00405a40 f   umodsys_lib_basesys:umodsys.basesys.rmoduleloader.obj
 0001:00004a60       ?moduledb_find@RModuleLoader@rsystem@base@UModSys@@UBEPAUIModule@34@ABU?$TString@U?$TSCoreConst@D@su@tl@UModSys@@U?$TComparerBinaryHash@D@234@@tl@4@ABUSVersion@core@4@@Z 00405a60 f   umodsys_lib_basesys:umodsys.basesys.rmoduleloader.obj
 0001:00004b30       ?cleanup@RModuleLoader@rsystem@base@UModSys@@QAEXXZ 00405b30 f   umodsys_lib_basesys:umodsys.basesys.rmoduleloader.obj
 0001:00004b60       ?get_string@RModuleLoader@rsystem@base@UModSys@@QAEABU?$TString@U?$TSCoreConst@D@su@tl@UModSys@@U?$TComparerBinaryHash@D@234@@tl@4@ABU564@@Z 00405b60 f   umodsys_lib_basesys:umodsys.basesys.rmoduleloader.obj
 0001:00004ba0       ?moduledb_get_string@RModuleLoader@rsystem@base@UModSys@@UAEABU?$TString@U?$TSCoreConst@D@su@tl@UModSys@@U?$TComparerBinaryHash@D@234@@tl@4@ABU564@@Z 00405ba0 f   umodsys_lib_basesys:umodsys.basesys.rmoduleloader.obj
 0001:00004bb0       ?moduledb_save@RModuleLoader@rsystem@base@UModSys@@UAE_NABU?$TString@U?$TSCoreConst@D@su@tl@UModSys@@U?$TComparerBinaryHash@D@234@@tl@4@@Z 00405bb0 f   umodsys_lib_basesys:umodsys.basesys.rmoduleloader.obj
 0001:00004c30       ?moduledb_cleanup@RModuleLoader@rsystem@base@UModSys@@UAEIXZ 00405c30 f   umodsys_lib_basesys:umodsys.basesys.rmoduleloader.obj
 0001:00004cc0       ?moduledb_scan@RModuleLoader@rsystem@base@UModSys@@UAEIABU?$TString@U?$TSCoreConst@D@su@tl@UModSys@@U?$TComparerBinaryHash@D@234@@tl@4@_N@Z 00405cc0 f   umodsys_lib_basesys:umodsys.basesys.rmoduleloader.obj
 0001:00004d10       ?set_console@RSystem@rsystem@base@UModSys@@QAEXPAUIConsole@34@@Z 00405d10 f   umodsys_lib_basesys:umodsys.basesys.rsystem_main.obj
 0001:00004d40       ?err_put@rsystem@base@UModSys@@YAXW4eRSystemDebugLevels@123@PBDZZ 00405d40 f   umodsys_lib_basesys:umodsys.basesys.rsystem_main.obj
 0001:00004d80       ?dbg_put@rsystem@base@UModSys@@YAXW4eRSystemDebugLevels@123@PBDZZ 00405d80 f   umodsys_lib_basesys:umodsys.basesys.rsystem_main.obj
 0001:00004dc0       ??1RSystem@rsystem@base@UModSys@@UAE@XZ 00405dc0 f   umodsys_lib_basesys:umodsys.basesys.rsystem_main.obj
 0001:00004ef0       ??0RSystem@rsystem@base@UModSys@@QAE@XZ 00405ef0 f   umodsys_lib_basesys:umodsys.basesys.rsystem_main.obj
 0001:00005030       ?dump_upis@RSystem@rsystem@base@UModSys@@QAEXXZ 00406030 f   umodsys_lib_basesys:umodsys.basesys.rsystem_main.obj
 0001:000050c0       ?find_shells@RSystem@rsystem@base@UModSys@@QAEIQAPBUSUniquePointerInfo@core@4@I@Z 004060c0 f   umodsys_lib_basesys:umodsys.basesys.rsystem_main.obj
 0001:000050e0       ?exec_main@RSystem@rsystem@base@UModSys@@QAE_NXZ 004060e0 f   umodsys_lib_basesys:umodsys.basesys.rsystem_main.obj
 0001:00005100       ?exec_args@RSystem@rsystem@base@UModSys@@QAE_NHPAPAD@Z 00406100 f   umodsys_lib_basesys:umodsys.basesys.rsystem_main.obj
 0001:00005120       ?init@RSystem@rsystem@base@UModSys@@QAE_NXZ 00406120 f   umodsys_lib_basesys:umodsys.basesys.rsystem_main.obj
 0001:00005150       ?deinit@RSystem@rsystem@base@UModSys@@QAE_NXZ 00406150 f   umodsys_lib_basesys:umodsys.basesys.rsystem_main.obj
 0001:00005180       ?get_s@RConsole_std@rsystem@base@UModSys@@UAA_NPADIPBDZZ 00406180 f   umodsys_lib_basesys:umodsys.basesys.rconsole_std.obj
 0001:00005190       ?vget_s@RConsole_std@rsystem@base@UModSys@@UAE_NPADIPBD0@Z 00406190 f   umodsys_lib_basesys:umodsys.basesys.rconsole_std.obj
 0001:000051a0       ?get_c@RConsole_std@rsystem@base@UModSys@@UAA_NPAHPBDZZ 004061a0 f   umodsys_lib_basesys:umodsys.basesys.rconsole_std.obj
 0001:000051b0       ?vget_c@RConsole_std@rsystem@base@UModSys@@UAE_NPAHPBDPAD@Z 004061b0 f   umodsys_lib_basesys:umodsys.basesys.rconsole_std.obj
 0001:000051c0       ?put@RConsole_std@rsystem@base@UModSys@@UAA_NHPBDZZ 004061c0 f   umodsys_lib_basesys:umodsys.basesys.rconsole_std.obj
 0001:00005210       ?vput@RConsole_std@rsystem@base@UModSys@@UAE_NHPBDPAD@Z 00406210 f   umodsys_lib_basesys:umodsys.basesys.rconsole_std.obj
 0001:00005260       ?ref_links@RConsole_std@rsystem@base@UModSys@@UBEHXZ 00406260 f   umodsys_lib_basesys:umodsys.basesys.rconsole_std.obj
 0001:00005270       ?ref_remove@RConsole_std@rsystem@base@UModSys@@UBEXXZ 00406270 f   umodsys_lib_basesys:umodsys.basesys.rconsole_std.obj
 0001:00005280       ?ref_add@RConsole_std@rsystem@base@UModSys@@UBEXXZ 00406280 f   umodsys_lib_basesys:umodsys.basesys.rconsole_std.obj
 0001:00005290       ??0RConsole_std@rsystem@base@UModSys@@QAE@XZ 00406290 f   umodsys_lib_basesys:umodsys.basesys.rconsole_std.obj
 0001:000052b0       ?reflect@RConsole_std@rsystem@base@UModSys@@QAE_NPBD@Z 004062b0 f   umodsys_lib_basesys:umodsys.basesys.rconsole_std.obj
 0001:00005300       ??1RConsole_std@rsystem@base@UModSys@@UAE@XZ 00406300 f   umodsys_lib_basesys:umodsys.basesys.rconsole_std.obj
 0001:00005320       ?c_fopen@syshlp@core@UModSys@@YAPAU_iobuf@@PBD0@Z 00406320 f   umodsys_lib_core:umodsys.core.syshlp_files.win32.obj
 0001:000053c0       ??1IModuleLibrary@base@UModSys@@UAE@XZ 004063c0 f   umodsys_lib_base:umodsys.base.module.obj
 0001:000053d0       ??1IModule@base@UModSys@@UAE@XZ 004063d0 f   umodsys_lib_base:umodsys.base.module.obj
 0001:000053e0       ??1IConsole@base@UModSys@@UAE@XZ 004063e0 f   umodsys_lib_base:umodsys.base.console.obj
 0001:000053f0       ?exec_test_shells@RSystem@rsystem@base@UModSys@@QAE_NXZ 004063f0 f   umodsys_lib_basesys:umodsys.basesys.rsystem_tests.obj
 0001:00005550       ?exec_tests@RSystem@rsystem@base@UModSys@@QAE_NXZ 00406550 f   umodsys_lib_basesys:umodsys.basesys.rsystem_tests.obj
 0001:00005560       _main                      00406560 f   umodsys.c_main.obj
 0001:00005672       _memcpy                    00406672 f   MSVCRT:MSVCR90.dll
 0001:00005680       __chkstk                   00406680 f   MSVCRT:chkstk.obj
 0001:00005680       __alloca_probe             00406680     MSVCRT:chkstk.obj
 0001:000056ac       ___CxxFrameHandler3        004066ac f   MSVCRT:MSVCR90.dll
 0001:000056b2       __CxxThrowException@8      004066b2 f   MSVCRT:MSVCR90.dll
 0002:00000000       __imp__UnhandledExceptionFilter@4 00407000     kernel32:KERNEL32.dll
 0002:00000004       __imp__GetCurrentProcess@0 00407004     kernel32:KERNEL32.dll
 0002:00000008       __imp__TerminateProcess@8  00407008     kernel32:KERNEL32.dll
 0002:0000000c       __imp__GetSystemTimeAsFileTime@4 0040700c     kernel32:KERNEL32.dll
 0002:00000010       __imp__GetCurrentProcessId@0 00407010     kernel32:KERNEL32.dll
 0002:00000014       __imp__GetCurrentThreadId@0 00407014     kernel32:KERNEL32.dll
 0002:00000018       __imp__GetTickCount@0      00407018     kernel32:KERNEL32.dll
 0002:0000001c       __imp__QueryPerformanceCounter@4 0040701c     kernel32:KERNEL32.dll
 0002:00000020       __imp__SetUnhandledExceptionFilter@4 00407020     kernel32:KERNEL32.dll
 0002:00000024       __imp__InterlockedCompareExchange@12 00407024     kernel32:KERNEL32.dll
 0002:00000028       __imp__Sleep@4             00407028     kernel32:KERNEL32.dll
 0002:0000002c       __imp__InterlockedExchange@8 0040702c     kernel32:KERNEL32.dll
 0002:00000030       __imp__MultiByteToWideChar@24 00407030     kernel32:KERNEL32.dll
 0002:00000034       __imp__WideCharToMultiByte@32 00407034     kernel32:KERNEL32.dll
 0002:00000038       __imp__FindNextFileW@8     00407038     kernel32:KERNEL32.dll
 0002:0000003c       __imp__FindClose@4         0040703c     kernel32:KERNEL32.dll
 0002:00000040       __imp__GetProcAddress@8    00407040     kernel32:KERNEL32.dll
 0002:00000044       __imp__LoadLibraryExW@12   00407044     kernel32:KERNEL32.dll
 0002:00000048       __imp__FreeLibrary@4       00407048     kernel32:KERNEL32.dll
 0002:0000004c       __imp__SetErrorMode@4      0040704c     kernel32:KERNEL32.dll
 0002:00000050       __imp__FindFirstFileW@8    00407050     kernel32:KERNEL32.dll
 0002:00000054       __imp__GetFullPathNameW@16 00407054     kernel32:KERNEL32.dll
 0002:00000058       __imp__IsDebuggerPresent@0 00407058     kernel32:KERNEL32.dll
 0002:0000005c       \177KERNEL32_NULL_THUNK_DATA 0040705c     kernel32:KERNEL32.dll
 0002:00000060       __imp___exit               00407060     MSVCRT:MSVCR90.dll
 0002:00000064       __imp___XcptFilter         00407064     MSVCRT:MSVCR90.dll
 0002:00000068       __imp__exit                00407068     MSVCRT:MSVCR90.dll
 0002:0000006c       __imp____initenv           0040706c     MSVCRT:MSVCR90.dll
 0002:00000070       __imp___initterm           00407070     MSVCRT:MSVCR90.dll
 0002:00000074       __imp___initterm_e         00407074     MSVCRT:MSVCR90.dll
 0002:00000078       __imp___configthreadlocale 00407078     MSVCRT:MSVCR90.dll
 0002:0000007c       __imp____setusermatherr    0040707c     MSVCRT:MSVCR90.dll
 0002:00000080       __imp___adjust_fdiv        00407080     MSVCRT:MSVCR90.dll
 0002:00000084       __imp___cexit              00407084     MSVCRT:MSVCR90.dll
 0002:00000088       __imp____p__fmode          00407088     MSVCRT:MSVCR90.dll
 0002:0000008c       __imp____set_app_type      0040708c     MSVCRT:MSVCR90.dll
 0002:00000090       __imp___except_handler4_common 00407090     MSVCRT:MSVCR90.dll
 0002:00000094       __imp_?terminate@@YAXXZ    00407094     MSVCRT:MSVCR90.dll
 0002:00000098       __imp___invoke_watson      00407098     MSVCRT:MSVCR90.dll
 0002:0000009c       __imp___controlfp_s        0040709c     MSVCRT:MSVCR90.dll
 0002:000000a0       __imp_?_type_info_dtor_internal_method@type_info@@QAEXXZ 004070a0     MSVCRT:MSVCR90.dll
 0002:000000a4       __imp___crt_debugger_hook  004070a4     MSVCRT:MSVCR90.dll
 0002:000000a8       __imp____getmainargs       004070a8     MSVCRT:MSVCR90.dll
 0002:000000ac       __imp___amsg_exit          004070ac     MSVCRT:MSVCR90.dll
 0002:000000b0       __imp___decode_pointer     004070b0     MSVCRT:MSVCR90.dll
 0002:000000b4       __imp___onexit             004070b4     MSVCRT:MSVCR90.dll
 0002:000000b8       __imp___lock               004070b8     MSVCRT:MSVCR90.dll
 0002:000000bc       __imp___encode_pointer     004070bc     MSVCRT:MSVCR90.dll
 0002:000000c0       __imp____dllonexit         004070c0     MSVCRT:MSVCR90.dll
 0002:000000c4       __imp___unlock             004070c4     MSVCRT:MSVCR90.dll
 0002:000000c8       __imp___wfopen             004070c8     MSVCRT:MSVCR90.dll
 0002:000000cc       __imp__realloc             004070cc     MSVCRT:MSVCR90.dll
 0002:000000d0       __imp__fprintf             004070d0     MSVCRT:MSVCR90.dll
 0002:000000d4       __imp__strncpy             004070d4     MSVCRT:MSVCR90.dll
 0002:000000d8       __imp__strncmp             004070d8     MSVCRT:MSVCR90.dll
 0002:000000dc       __imp__memmove             004070dc     MSVCRT:MSVCR90.dll
 0002:000000e0       __imp_??2@YAPAXI@Z         004070e0     MSVCRT:MSVCR90.dll
 0002:000000e4       __imp___snprintf           004070e4     MSVCRT:MSVCR90.dll
 0002:000000e8       __imp__malloc              004070e8     MSVCRT:MSVCR90.dll
 0002:000000ec       __imp__free                004070ec     MSVCRT:MSVCR90.dll
 0002:000000f0       __imp__fclose              004070f0     MSVCRT:MSVCR90.dll
 0002:000000f4       __imp__vfprintf            004070f4     MSVCRT:MSVCR90.dll
 0002:000000f8       __imp_??3@YAXPAX@Z         004070f8     MSVCRT:MSVCR90.dll
 0002:000000fc       __imp___purecall           004070fc     MSVCRT:MSVCR90.dll
 0002:00000100       __imp____p__commode        00407100     MSVCRT:MSVCR90.dll
 0002:00000104       __imp____iob_func          00407104     MSVCRT:MSVCR90.dll
 0002:00000108       __imp__memcpy              00407108     MSVCRT:MSVCR90.dll
 0002:0000010c       __imp____CxxFrameHandler3  0040710c     MSVCRT:MSVCR90.dll
 0002:00000110       __imp___CxxThrowException@8 00407110     MSVCRT:MSVCR90.dll
 0002:00000114       \177MSVCR90_NULL_THUNK_DATA 00407114     MSVCRT:MSVCR90.dll
 0002:00000118       ___xc_a                    00407118     MSVCRT:cinitexe.obj
 0002:00000170       ___xc_z                    00407170     MSVCRT:cinitexe.obj
 0002:00000174       ___xi_a                    00407174     MSVCRT:cinitexe.obj
 0002:00000180       ___xi_z                    00407180     MSVCRT:cinitexe.obj
 0002:0000018c       ??_7type_info@@6B@         0040718c     MSVCRT:ti_inst.obj
 0002:00000198       ??_C@_0P@GHFPNOJB@bad?5allocation?$AA@ 00407198     umodsys.c_main.obj
 0002:000001a8       ??_C@_0BF@OCNNAADO@UModSys?3?3core?3?3IRoot?$AA@ 004071a8     umodsys.c_main.obj
 0002:000001c0       ??_C@_0BK@EMIJFOPA@UModSys?3?3core?3?3IRefObject?$AA@ 004071c0     umodsys.c_main.obj
 0002:000001dc       ??_C@_0BL@IOMMHELF@UModSys?3?3core?3?3IParameters?$AA@ 004071dc     umodsys.c_main.obj
 0002:000001f8       ??_C@_0BI@IKAOEFAP@UModSys?3?3base?3?3IConsole?$AA@ 004071f8     umodsys.c_main.obj
 0002:00000210       ??_C@_0BH@LKDEEPPM@UModSys?3?3base?3?3IModule?$AA@ 00407210     umodsys.c_main.obj
 0002:00000228       ??_C@_0BO@PHJOHFCB@UModSys?3?3base?3?3IModuleLibrary?$AA@ 00407228     umodsys.c_main.obj
 0002:00000248       ??_C@_0BH@PFCONEJJ@UModSys?3?3base?3?3ISystem?$AA@ 00407248     umodsys.c_main.obj
 0002:00000260       ??_C@_0BK@FDPIOPHG@UModSys?3?3base?3?3IModObject?$AA@ 00407260     umodsys.c_main.obj
 0002:0000027c       ??_C@_0BK@OIBKNCKJ@UModSys?3?3base?3?3IGenerator?$AA@ 0040727c     umodsys.c_main.obj
 0002:00000298       ??_C@_0BG@PJBGCMEC@UModSys?3?3base?3?3IShell?$AA@ 00407298     umodsys.c_main.obj
 0002:000002b0       ??_C@_0CA@MDFMKLLN@UModSys?3?3base?3?3rsystem?3?3RModule?$AA@ 004072b0     umodsys.c_main.obj
 0002:000002d0       ??_C@_0CH@CHECIBOC@UModSys?3?3base?3?3rsystem?3?3RModuleL@ 004072d0     umodsys.c_main.obj
 0002:000002f8       ??_C@_0CE@IHGMMEEA@UModSys?3?3base?3?3rsystem?3?3RParamet@ 004072f8     umodsys.c_main.obj
 0002:0000031c       ??_C@_0CA@IMEGDANI@UModSys?3?3base?3?3rsystem?3?3RSystem?$AA@ 0040731c     umodsys.c_main.obj
 0002:0000033c       ??_C@_0CF@KIMLNODL@UModSys?3?3base?3?3rsystem?3?3RConsole@ 0040733c     umodsys.c_main.obj
 0002:00000364       ??_C@_0M@DCEPEPFJ@umodsys?4log?$AA@ 00407364     umodsys.c_main.obj
 0002:00000370       ??_C@_00CNPNBAHC@?$AA@     00407370     umodsys.c_main.obj
 0002:00000374       ??_C@_01NBENCBCI@?$CK?$AA@ 00407374     umodsys.c_main.obj
 0002:00000378       ??_C@_0BC@JABDEAFI@moduledb?4conf?9hdb?$AA@ 00407378     umodsys.c_main.obj
 0002:0000038c       ??_C@_08FCBDOIAH@typeinfo?$AA@ 0040738c     umodsys.c_main.obj
 0002:00000398       ??_C@_02BKFDOEMK@wt?$AA@   00407398     umodsys_lib_basesys:umodsys.basesys.rconsole_std.obj
 0002:000003a0       ??_7IRoot@core@UModSys@@6B@ 004073a0     umodsys_lib_basesys:umodsys.basesys.rconsole_std.obj
 0002:000003bc       ??_7IRefObject@core@UModSys@@6B@ 004073bc     umodsys_lib_basesys:umodsys.basesys.rconsole_std.obj
 0002:000003e4       ??_7IConsole@base@UModSys@@6B@ 004073e4     umodsys_lib_basesys:umodsys.basesys.rconsole_std.obj
 0002:00000424       ??_7RConsole_std@rsystem@base@UModSys@@6B@ 00407424     umodsys_lib_basesys:umodsys.basesys.rconsole_std.obj
 0002:00000460       ??_C@_04HIBGFPH@NULL?$AA@  00407460     umodsys_lib_basesys:umodsys.basesys.rsystem_main.obj
 0002:00000468       ??_C@_0L@FPKIMPHA@?$CD?$CF08x?5?$CC?$CFs?$CC?$AA@ 00407468     umodsys_lib_basesys:umodsys.basesys.rsystem_main.obj
 0002:00000474       ??_C@_0BC@HBJCAHHB@EFatal?5?$CD?$CF08x?5?$CC?$CFs?$CC?$AA@ 00407474     umodsys_lib_basesys:umodsys.basesys.rsystem_main.obj
 0002:00000488       ??_C@_0BE@IIJFBNID@EWarning?5?$CD?$CF08x?5?$CC?$CFs?$CC?$AA@ 00407488     umodsys_lib_basesys:umodsys.basesys.rsystem_main.obj
 0002:0000049c       ??_C@_0BB@KFMJENMO@RSystem?3?3init?$CI?$CJ?6?$AA@ 0040749c     umodsys_lib_basesys:umodsys.basesys.rsystem_main.obj
 0002:000004b0       ??_C@_0BI@FKDCNCM@RSystem?3?3exec_args?$CI?$CFd?$CJ?6?$AA@ 004074b0     umodsys_lib_basesys:umodsys.basesys.rsystem_main.obj
 0002:000004c8       ??_C@_0BG@NFAKDFBG@RSystem?3?3exec_main?$CI?$CJ?6?$AA@ 004074c8     umodsys_lib_basesys:umodsys.basesys.rsystem_main.obj
 0002:000004e0       ??_C@_0BD@CKNOJECK@RSystem?3?3deinit?$CI?$CJ?6?$AA@ 004074e0     umodsys_lib_basesys:umodsys.basesys.rsystem_main.obj
 0002:000004f4       ??_C@_0CF@JPBAHPOH@RSystem?3?3dump_upis?$CI?$CJ?5?$HLS?3?$CFd?5C?3?$CFd?$HN@ 004074f4     umodsys_lib_basesys:umodsys.basesys.rsystem_main.obj
 0002:0000051c       ??_C@_0P@IOHPGEIC@?5?5?$CFu?5upi?5NULL?6?$AA@ 0040751c     umodsys_lib_basesys:umodsys.basesys.rsystem_main.obj
 0002:0000052c       ??_C@_0BI@BNCFOLP@?5?5?$CFu?5?$CFp?5upi?$HL?$CFs?5?$CFs?$CI?$CFd?$CJ?$HN?6?$AA@ 0040752c     umodsys_lib_basesys:umodsys.basesys.rsystem_main.obj
 0002:00000544       ??_C@_0BJ@LINIAOAF@RSystem?3?3dump_upis?$CI?$CJ?5?1?5?6?$AA@ 00407544     umodsys_lib_basesys:umodsys.basesys.rsystem_main.obj
 0002:00000564       ??_7EExceptionBase@core@UModSys@@6B@ 00407564     umodsys_lib_basesys:umodsys.basesys.rsystem_main.obj
 0002:00000570       ??_7EFatal@core@UModSys@@6B@ 00407570     umodsys_lib_basesys:umodsys.basesys.rsystem_main.obj
 0002:0000057c       ??_7EWarning@core@UModSys@@6B@ 0040757c     umodsys_lib_basesys:umodsys.basesys.rsystem_main.obj
 0002:00000588       ??_7ISystem@base@UModSys@@6B@ 00407588     umodsys_lib_basesys:umodsys.basesys.rsystem_main.obj
 0002:000005c4       ??_7?$TRMemAlloc_CC@U?$TMemAllocHeader@USMagic@mem_headers@rsystem@base@UModSys@@U?$TPool@X@2345@USDebug@2345@UVoid@core@5@@rsystem@base@UModSys@@USMemAlloc_Malloc@core@4@@rsystem@base@UModSys@@6B@ 004075c4     umodsys_lib_basesys:umodsys.basesys.rsystem_main.obj
 0002:000005d4       ??_7RSystem@rsystem@base@UModSys@@6BISystem@23@@ 004075d4     umodsys_lib_basesys:umodsys.basesys.rsystem_main.obj
 0002:00000610       ??_7RSystem@rsystem@base@UModSys@@6BIUniquePointerResolver@core@3@@ 00407610     umodsys_lib_basesys:umodsys.basesys.rsystem_main.obj
 0002:0000061c       ??_7RSystem@rsystem@base@UModSys@@6BISourceContextAdapter@core@3@@ 0040761c     umodsys_lib_basesys:umodsys.basesys.rsystem_main.obj
 0002:00000620       ??_C@_0BC@NNHIIPO@shells?5found?3?5?$CFd?6?$AA@ 00407620     umodsys_lib_basesys:umodsys.basesys.rsystem_tests.obj
 0002:00000634       ??_C@_0BA@EBBPOIJG@?5?5shell?3?5?$CFp?5?$CFs?6?$AA@ 00407634     umodsys_lib_basesys:umodsys.basesys.rsystem_tests.obj
 0002:00000644       ??_C@_0BF@JPMHOAKE@?5?5?5?5shell?5gen?5error?6?$AA@ 00407644     umodsys_lib_basesys:umodsys.basesys.rsystem_tests.obj
 0002:0000065c       ??_C@_0BL@NANLGMEE@?5?5?5?5shell?5generated?5as?5?$CFp?6?$AA@ 0040765c     umodsys_lib_basesys:umodsys.basesys.rsystem_tests.obj
 0002:00000678       ??_C@_0BD@NFNPGOAG@?1shells?5found?3?5?$CFd?6?$AA@ 00407678     umodsys_lib_basesys:umodsys.basesys.rsystem_tests.obj
 0002:0000068c       ??_C@_0DG@DMGFJEPO@RModuleLoader?3?3moduledb_cleanup?$CI@ 0040768c     umodsys_lib_basesys:umodsys.basesys.rmoduleloader.obj
 0002:000006c4       ??_C@_02GMLFBBN@wb?$AA@    004076c4     umodsys_lib_basesys:umodsys.basesys.rmoduleloader.obj
 0002:000006c8       ??_C@_0BN@BDEAMLC@?$CD?5LIST?5OF?5LIBRARY?5MODULES?3?6?6?$AA@ 004076c8     umodsys_lib_basesys:umodsys.basesys.rmoduleloader.obj
 0002:000006e8       ??_C@_0BF@PLOHEFDA@?5?$HL?5mod_list?$DN?$CFd?3?$FL?$FN?5?$HN?6?$AA@ 004076e8     umodsys_lib_basesys:umodsys.basesys.rmoduleloader.obj
 0002:00000704       ??_7IModuleLoader@base@UModSys@@6B@ 00407704     umodsys_lib_basesys:umodsys.basesys.rmoduleloader.obj
 0002:00000744       ??_7RModuleLoader@rsystem@base@UModSys@@6B@ 00407744     umodsys_lib_basesys:umodsys.basesys.rmoduleloader.obj
 0002:00000784       ??_7RParameters@rsystem@base@UModSys@@6B@ 00407784     umodsys_lib_basesys:umodsys.basesys.rparameters.obj
 0002:000007ec       ??_C@_0BJ@IHGOMCFA@_UModSys_Plugin_Entry2?$EA0?$AA@ 004077ec     umodsys_lib_basesys:umodsys.basesys.rmodule.win32.obj
 0002:00000808       ??_C@_0CI@IABKIJLA@?5?5?5?5?5?5?5?5?5?5load?5so?$CI?$CC?$CFs?$CC?$CJ?5?$HL?$CFp?0?5?$CFp?$HN@ 00407808     umodsys_lib_basesys:umodsys.basesys.rmodule.win32.obj
 0002:00000830       ??_C@_0BP@EBMDLOGD@?5?5?5?5?5?5?5?5?5?5unload?5so?$CI?$HL?$CFp?0?5?$CFp?$HN?$CJ?6?$AA@ 00407830     umodsys_lib_basesys:umodsys.basesys.rmodule.win32.obj
 0002:00000850       ??_C@_0BB@GJHPNFEC@scan?5so?3?5?$CC?$CFs?$CFs?$CC?6?$AA@ 00407850     umodsys_lib_basesys:umodsys.basesys.rmodule.win32.obj
 0002:00000864       ??_C@_0N@LFKMDJGP@?5?5so?3?5?$CC?$CFls?$CC?6?$AA@ 00407864     umodsys_lib_basesys:umodsys.basesys.rmodule.win32.obj
 0002:00000874       ??_C@_0BC@GMLCPHOK@?1scan?5so?3?5?$CC?$CFs?$CFs?$CC?6?$AA@ 00407874     umodsys_lib_basesys:umodsys.basesys.rmodule.win32.obj
 0002:00000888       ??_C@_04HLONOPDM@?4dll?$AA@ 00407888     umodsys_lib_basesys:umodsys.basesys.rmodule.win32.obj
 0002:00000890       ??_C@_0CK@FNJGHFOD@RModuleLibrary?$CI?$CFp?$CJ?3?3link?$CI?$CJ?5?9?9?5ad@ 00407890     umodsys_lib_basesys:umodsys.basesys.rmodulelib.obj
 0002:000008bc       ??_C@_0BA@LBGMEMKJ@LIBRARY?5?$CC?$CFs?$CC?5?$HL?6?$AA@ 004078bc     umodsys_lib_basesys:umodsys.basesys.rmodulelib.obj
 0002:000008cc       ??_C@_0BH@CLNAAMEM@?$HN?5?$CD?5END?5LIBRARY?5?$CC?$CFs?$CC?6?6?$AA@ 004078cc     umodsys_lib_basesys:umodsys.basesys.rmodulelib.obj
 0002:000008e4       ??_C@_0M@KEHKBKEH@?5?5so?3?5?$CC?$CFs?$CC?6?$AA@ 004078e4     umodsys_lib_basesys:umodsys.basesys.rmodulelib.obj
 0002:000008f0       ??_C@_0BF@IKAEAMGP@?5?5?5?5so?5loaded?3?5?$CC?$CFs?$CC?6?$AA@ 004078f0     umodsys_lib_basesys:umodsys.basesys.rmodulelib.obj
 0002:00000908       ??_C@_0O@MCPOKEFF@?5?5?5?5so?5added?6?$AA@ 00407908     umodsys_lib_basesys:umodsys.basesys.rmodulelib.obj
 0002:00000918       ??_C@_0BE@BFONLBBI@?5?5?5?5so?5dup?5with?5?$CFd?6?$AA@ 00407918     umodsys_lib_basesys:umodsys.basesys.rmodulelib.obj
 0002:00000934       ??_7IModuleLibrary@base@UModSys@@6B@ 00407934     umodsys_lib_basesys:umodsys.basesys.rmodulelib.obj
 0002:00000984       ??_7RModuleLibrary@rsystem@base@UModSys@@6B@ 00407984     umodsys_lib_basesys:umodsys.basesys.rmodulelib.obj
 0002:000009d4       ??_C@_0BF@KDHHIHAN@RModule?$CI?$CFp?$CJ?3?3open?$CI?$CJ?6?$AA@ 004079d4     umodsys_lib_basesys:umodsys.basesys.rmodule.obj
 0002:000009ec       ??_C@_0BG@HADBHJOP@RModule?$CI?$CFp?$CJ?3?3close?$CI?$CJ?6?$AA@ 004079ec     umodsys_lib_basesys:umodsys.basesys.rmodule.obj
 0002:00000a04       ??_C@_0BK@FNONNOFM@RModule?$CI?$CFp?$CJ?3?3?5pre?9loaded?6?$AA@ 00407a04     umodsys_lib_basesys:umodsys.basesys.rmodule.obj
 0002:00000a20       ??_C@_0CE@HBBEEAED@RModule?$CI?$CFp?$CJ?3?3generate?$CI?$CJ?5?$HL?5gen?$DN?$CFp@ 00407a20     umodsys_lib_basesys:umodsys.basesys.rmodule.obj
 0002:00000a44       ??_C@_0DL@FHDKGKAD@RModule?$CI?$CFp?$CJ?3?3reg_generator?$CI?$CFs?5?$CFp@ 00407a44     umodsys_lib_basesys:umodsys.basesys.rmodule.obj
 0002:00000a80       ??_C@_0DL@ECFHLNEB@RModule?$CI?$CFp?$CJ?3?3reg_generator?$CI?$CFs?5?$CFp@ 00407a80     umodsys_lib_basesys:umodsys.basesys.rmodule.obj
 0002:00000abc       ??_C@_0DI@EBNLDEPD@RModule?$CI?$CFp?$CJ?3?3reg_obj?$CI?$CFs?5?$CFp?$CJ?5?9?9?5?$HL@ 00407abc     umodsys_lib_basesys:umodsys.basesys.rmodule.obj
 0002:00000af8       ??_C@_0GC@IAELDHPB@RModule?$CI?$CFp?$CJ?3?3reg_obj?$CI?$CFs?5?$CFp?$CJ?5?9?9?5i@ 00407af8     umodsys_lib_basesys:umodsys.basesys.rmodule.obj
 0002:00000b5c       ??_C@_0CM@JCLMIGEB@RModule?$CI?$CFp?$CJ?3?3reg_obj?$CI?$CFs?5?$CFp?$CJ?5?9?9?5a@ 00407b5c     umodsys_lib_basesys:umodsys.basesys.rmodule.obj
 0002:00000b88       ??_C@_0DK@NJCECDIC@RModule?$CI?$CFp?$CJ?3?3unreg_obj?$CI?$CFs?5?$CFp?$CJ?5?9?9@ 00407b88     umodsys_lib_basesys:umodsys.basesys.rmodule.obj
 0002:00000bc8       ??_C@_0GE@MGLAJHFG@RModule?$CI?$CFp?$CJ?3?3unreg_obj?$CI?$CFs?5?$CFp?$CJ?5?9?9@ 00407bc8     umodsys_lib_basesys:umodsys.basesys.rmodule.obj
 0002:00000c2c       ??_C@_0CO@DAMPCAGA@RModule?3?3alloc_minfo?$CI?$HL?$CC?$CFs?$CC?0?5?$CC?$CFs?$CC@ 00407c2c     umodsys_lib_basesys:umodsys.basesys.rmodule.obj
 0002:00000c5c       ??_C@_0BG@HANHHGHE@?5?5MODULE?5?$CFs?$CI?$CFd?0?$CFd?$CJ?5?$HL?6?$AA@ 00407c5c     umodsys_lib_basesys:umodsys.basesys.rmodule.obj
 0002:00000c74       ??_C@_0CI@FMDENPAM@RModule?$CI?$CFp?$CJ?3?3save_db?$CI?4?4?4?$CJ?5?9?9?5?$HL?5?$CF@ 00407c74     umodsys_lib_basesys:umodsys.basesys.rmodule.obj
 0002:00000c9c       ??_C@_0BN@CFNKPKCH@?5?5?5?5MODOBJECT?5?$CFs?$CI?$CFd?$CJ?5?$CFs?$CI?$CFd?$CJ?6?$AA@ 00407c9c     umodsys_lib_basesys:umodsys.basesys.rmodule.obj
 0002:00000cbc       ??_C@_0BP@BJFGMFNK@?5?5?5?5GENERATOR?5?$CFs?$CI?$CFd?$CJ?5?$CFs?$CI?$CFd?$CJ?5?$HL?6?$AA@ 00407cbc     umodsys_lib_basesys:umodsys.basesys.rmodule.obj
 0002:00000cdc       ??_C@_0BK@DNNMLLHP@?5?5?5?5?5?5REFOBJECT?5?$CFs?$CI?$CFd?$CJ?5?$HL?6?$AA@ 00407cdc     umodsys_lib_basesys:umodsys.basesys.rmodule.obj
 0002:00000cf8       ??_C@_0BF@CJPCFEEB@?5?5?5?5?5?5?5?5TYPE?5?$CFs?$CI?$CFd?$CJ?6?$AA@ 00407cf8     umodsys_lib_basesys:umodsys.basesys.rmodule.obj
 0002:00000d10       ??_C@_0BM@PFPEFHDC@?5?5?5?5?5?5?$HN?5?$CD?5REFOBJECT?5?$CFs?$CI?$CFd?$CJ?6?$AA@ 00407d10     umodsys_lib_basesys:umodsys.basesys.rmodule.obj
 0002:00000d2c       ??_C@_0CB@PCDHJLII@?5?5?5?5?$HN?5?$CD?5GENERATOR?5?$CFs?$CI?$CFd?$CJ?5?$CFs?$CI?$CFd?$CJ?6@ 00407d2c     umodsys_lib_basesys:umodsys.basesys.rmodule.obj
 0002:00000d50       ??_C@_0BI@OGBPJMLO@?5?5?$HN?5?$CD?5MODULE?5?$CFs?$CI?$CFd?0?$CFd?$CJ?6?$AA@ 00407d50     umodsys_lib_basesys:umodsys.basesys.rmodule.obj
 0002:00000d6c       ??_7IModule@base@UModSys@@6B@ 00407d6c     umodsys_lib_basesys:umodsys.basesys.rmodule.obj
 0002:00000dbc       ??_7RModule@rsystem@base@UModSys@@6B@ 00407dbc     umodsys_lib_basesys:umodsys.basesys.rmodule.obj
 0002:00000e08       __load_config_used         00407e08     MSVCRT:loadcfg.obj
 0002:00000e50       ??_R4type_info@@6B@        00407e50     MSVCRT:ti_inst.obj
 0002:00000e64       ??_R3type_info@@8          00407e64     MSVCRT:ti_inst.obj
 0002:00000e74       ??_R2type_info@@8          00407e74     MSVCRT:ti_inst.obj
 0002:00000e7c       ??_R1A@?0A@EA@type_info@@8 00407e7c     MSVCRT:ti_inst.obj
 0002:00000e98       ??_R4RConsole_std@rsystem@base@UModSys@@6B@ 00407e98     umodsys_lib_basesys:umodsys.basesys.rconsole_std.obj
 0002:00000eac       ??_R3RConsole_std@rsystem@base@UModSys@@8 00407eac     umodsys_lib_basesys:umodsys.basesys.rconsole_std.obj
 0002:00000ebc       ??_R2RConsole_std@rsystem@base@UModSys@@8 00407ebc     umodsys_lib_basesys:umodsys.basesys.rconsole_std.obj
 0002:00000ed0       ??_R1A@?0A@EA@RConsole_std@rsystem@base@UModSys@@8 00407ed0     umodsys_lib_basesys:umodsys.basesys.rconsole_std.obj
 0002:00000eec       ??_R4IConsole@base@UModSys@@6B@ 00407eec     umodsys_lib_basesys:umodsys.basesys.rconsole_std.obj
 0002:00000f00       ??_R3IConsole@base@UModSys@@8 00407f00     umodsys_lib_basesys:umodsys.basesys.rconsole_std.obj
 0002:00000f10       ??_R2IConsole@base@UModSys@@8 00407f10     umodsys_lib_basesys:umodsys.basesys.rconsole_std.obj
 0002:00000f20       ??_R1A@?0A@EA@IConsole@base@UModSys@@8 00407f20     umodsys_lib_basesys:umodsys.basesys.rconsole_std.obj
 0002:00000f3c       ??_R4IRefObject@core@UModSys@@6B@ 00407f3c     umodsys_lib_basesys:umodsys.basesys.rconsole_std.obj
 0002:00000f50       ??_R3IRefObject@core@UModSys@@8 00407f50     umodsys_lib_basesys:umodsys.basesys.rconsole_std.obj
 0002:00000f60       ??_R2IRefObject@core@UModSys@@8 00407f60     umodsys_lib_basesys:umodsys.basesys.rconsole_std.obj
 0002:00000f6c       ??_R1A@?0A@EA@IRefObject@core@UModSys@@8 00407f6c     umodsys_lib_basesys:umodsys.basesys.rconsole_std.obj
 0002:00000f88       ??_R4IRoot@core@UModSys@@6B@ 00407f88     umodsys_lib_basesys:umodsys.basesys.rconsole_std.obj
 0002:00000f9c       ??_R3IRoot@core@UModSys@@8 00407f9c     umodsys_lib_basesys:umodsys.basesys.rconsole_std.obj
 0002:00000fac       ??_R2IRoot@core@UModSys@@8 00407fac     umodsys_lib_basesys:umodsys.basesys.rconsole_std.obj
 0002:00000fb4       ??_R1A@?0A@EA@IRoot@core@UModSys@@8 00407fb4     umodsys_lib_basesys:umodsys.basesys.rconsole_std.obj
 0002:00000fd0       ??_R4RSystem@rsystem@base@UModSys@@6BISourceContextAdapter@core@3@@ 00407fd0     umodsys_lib_basesys:umodsys.basesys.rsystem_main.obj
 0002:00000fe4       ??_R4RSystem@rsystem@base@UModSys@@6BIUniquePointerResolver@core@3@@ 00407fe4     umodsys_lib_basesys:umodsys.basesys.rsystem_main.obj
 0002:00000ff8       ??_R4RSystem@rsystem@base@UModSys@@6BISystem@23@@ 00407ff8     umodsys_lib_basesys:umodsys.basesys.rsystem_main.obj
 0002:0000100c       ??_R3RSystem@rsystem@base@UModSys@@8 0040800c     umodsys_lib_basesys:umodsys.basesys.rsystem_main.obj
 0002:0000101c       ??_R2RSystem@rsystem@base@UModSys@@8 0040801c     umodsys_lib_basesys:umodsys.basesys.rsystem_main.obj
 0002:00001034       ??_R17?0A@EA@ISourceContextAdapter@core@UModSys@@8 00408034     umodsys_lib_basesys:umodsys.basesys.rsystem_main.obj
 0002:00001050       ??_R13?0A@EA@IUniquePointerResolver@core@UModSys@@8 00408050     umodsys_lib_basesys:umodsys.basesys.rsystem_main.obj
 0002:0000106c       ??_R1A@?0A@EA@RSystem@rsystem@base@UModSys@@8 0040806c     umodsys_lib_basesys:umodsys.basesys.rsystem_main.obj
 0002:00001088       ??_R4?$TRMemAlloc_CC@U?$TMemAllocHeader@USMagic@mem_headers@rsystem@base@UModSys@@U?$TPool@X@2345@USDebug@2345@UVoid@core@5@@rsystem@base@UModSys@@USMemAlloc_Malloc@core@4@@rsystem@base@UModSys@@6B@ 00408088     umodsys_lib_basesys:umodsys.basesys.rsystem_main.obj
 0002:0000109c       ??_R3?$TRMemAlloc_CC@U?$TMemAllocHeader@USMagic@mem_headers@rsystem@base@UModSys@@U?$TPool@X@2345@USDebug@2345@UVoid@core@5@@rsystem@base@UModSys@@USMemAlloc_Malloc@core@4@@rsystem@base@UModSys@@8 0040809c     umodsys_lib_basesys:umodsys.basesys.rsystem_main.obj
 0002:000010ac       ??_R2?$TRMemAlloc_CC@U?$TMemAllocHeader@USMagic@mem_headers@rsystem@base@UModSys@@U?$TPool@X@2345@USDebug@2345@UVoid@core@5@@rsystem@base@UModSys@@USMemAlloc_Malloc@core@4@@rsystem@base@UModSys@@8 004080ac     umodsys_lib_basesys:umodsys.basesys.rsystem_main.obj
 0002:000010bc       ??_R13?0A@EA@SMemAlloc_Malloc@core@UModSys@@8 004080bc     umodsys_lib_basesys:umodsys.basesys.rsystem_main.obj
 0002:000010d8       ??_R3SMemAlloc_Malloc@core@UModSys@@8 004080d8     umodsys_lib_basesys:umodsys.basesys.rsystem_main.obj
 0002:000010e8       ??_R2SMemAlloc_Malloc@core@UModSys@@8 004080e8     umodsys_lib_basesys:umodsys.basesys.rsystem_main.obj
 0002:000010f0       ??_R1A@?0A@EA@SMemAlloc_Malloc@core@UModSys@@8 004080f0     umodsys_lib_basesys:umodsys.basesys.rsystem_main.obj
 0002:0000110c       ??_R1A@?0A@EA@?$TRMemAlloc_CC@U?$TMemAllocHeader@USMagic@mem_headers@rsystem@base@UModSys@@U?$TPool@X@2345@USDebug@2345@UVoid@core@5@@rsystem@base@UModSys@@USMemAlloc_Malloc@core@4@@rsystem@base@UModSys@@8 0040810c     umodsys_lib_basesys:umodsys.basesys.rsystem_main.obj
 0002:00001128       ??_R3IUniquePointerResolver@core@UModSys@@8 00408128     umodsys_lib_basesys:umodsys.basesys.rsystem_main.obj
 0002:00001138       ??_R2IUniquePointerResolver@core@UModSys@@8 00408138     umodsys_lib_basesys:umodsys.basesys.rsystem_main.obj
[...]
 0003:00000180       ??_R0?AU?$TRMemAlloc_CC@U?$TMemAllocHeader@USMagic@mem_headers@rsystem@base@UModSys@@U?$TPool@X@2345@USDebug@2345@UVoid@core@5@@rsystem@base@UModSys@@USMemAlloc_Malloc@core@4@@rsystem@base@UModSys@@@8 00409180     umodsys_lib_basesys:umodsys.basesys.rsystem_main.obj
 0003:0000024c       ??_R0?AUIUniquePointerResolver@core@UModSys@@@8 0040924c     umodsys_lib_basesys:umodsys.basesys.rsystem_main.obj
 0003:00000280       ??_R0?AUISourceContextAdapter@core@UModSys@@@8 00409280     umodsys_lib_basesys:umodsys.basesys.rsystem_main.obj
 0003:000002b4       ??_R0?AUISystem@base@UModSys@@@8 004092b4     umodsys_lib_basesys:umodsys.basesys.rsystem_main.obj
 0003:000002d8       ??_R0?AUIMemAlloc@core@UModSys@@@8 004092d8     umodsys_lib_basesys:umodsys.basesys.rsystem_main.obj
 0003:00000300       ??_R0?AUEFatal@core@UModSys@@@8 00409300     umodsys_lib_basesys:umodsys.basesys.rsystem_main.obj
 0003:00000324       ??_R0?AUEExceptionBase@core@UModSys@@@8 00409324     umodsys_lib_basesys:umodsys.basesys.rsystem_main.obj
 0003:00000350       ??_R0?AUEWarning@core@UModSys@@@8 00409350     umodsys_lib_basesys:umodsys.basesys.rsystem_main.obj
 0003:00000374       ??_R0?AURModuleLoader@rsystem@base@UModSys@@@8 00409374     umodsys_lib_basesys:umodsys.basesys.rmoduleloader.obj
 0003:000003a8       ??_R0?AUIModuleLoader@base@UModSys@@@8 004093a8     umodsys_lib_basesys:umodsys.basesys.rmoduleloader.obj
 0003:000003d4       ??_R0?AURParameters@rsystem@base@UModSys@@@8 004093d4     umodsys_lib_basesys:umodsys.basesys.rparameters.obj
 0003:00000404       ??_R0?AUIParameters@core@UModSys@@@8 00409404     umodsys_lib_basesys:umodsys.basesys.rparameters.obj
 0003:0000042c       ??_R0?AURModuleLibrary@rsystem@base@UModSys@@@8 0040942c     umodsys_lib_basesys:umodsys.basesys.rmodulelib.obj
 0003:00000460       ??_R0?AUIModuleLibrary@base@UModSys@@@8 00409460     umodsys_lib_basesys:umodsys.basesys.rmodulelib.obj
 0003:0000048c       ?s_null@?1??get_null@?$TSCoreShared@USMemAlloc_Malloc@core@UModSys@@D@su@tl@UModSys@@SAPAU?$TSharedStringInfo@D@345@XZ@4U6345@A 0040948c     umodsys_lib_basesys:umodsys.basesys.rmodulelib.obj
 0003:0000049c       ??_R0?AURModule@rsystem@base@UModSys@@@8 0040949c     umodsys_lib_basesys:umodsys.basesys.rmodule.obj
 0003:000004c8       ??_R0?AUIModule@base@UModSys@@@8 004094c8     umodsys_lib_basesys:umodsys.basesys.rmodule.obj
 0003:00000510       __forceCRTManifestRTM      00409510     MSVCRT:crtmanifestrtm.obj
 0003:00000514       __dowildcard               00409514     MSVCRT:wildcard.obj
 0003:00000518       __newmode                  00409518     MSVCRT:_newmode.obj
 0003:0000051c       __commode                  0040951c     MSVCRT:xncommod.obj
 0003:00000520       __fmode                    00409520     MSVCRT:xtxtmode.obj
 0003:0000084c       ?rv@?1??get_default@SMemAlloc_Malloc@core@UModSys@@SAABU234@XZ@4U234@A 0040984c     umodsys_lib_basesys:umodsys.basesys.rsystem_main.obj
 0003:00000850       ?s_id@?$TObjectUniqueID@URConsole_std@rsystem@base@UModSys@@@tl@UModSys@@2USUniquePointer@core@3@A 00409850     umodsys.c_main.obj
 0003:00000868       ?s_id@?$TObjectUniqueID@UIRefObject@core@UModSys@@@tl@UModSys@@2USUniquePointer@core@3@A 00409868     umodsys.c_main.obj
 0003:00000880       ?s_id@?$TObjectUniqueID@UIRoot@core@UModSys@@@tl@UModSys@@2USUniquePointer@core@3@A 00409880     umodsys.c_main.obj
 0003:00000898       ?s_id@?$TObjectUniqueID@URParameters@rsystem@base@UModSys@@@tl@UModSys@@2USUniquePointer@core@3@A 00409898     umodsys.c_main.obj
 0003:000008b0       ?s_id@?$TObjectUniqueID@UIModule@base@UModSys@@@tl@UModSys@@2USUniquePointer@core@3@A 004098b0     umodsys.c_main.obj
 0003:000008c8       ?s_id@?$TObjectUniqueID@URModuleLibrary@rsystem@base@UModSys@@@tl@UModSys@@2USUniquePointer@core@3@A 004098c8     umodsys.c_main.obj
 0003:000008e0       ?s_id@?$TObjectUniqueID@UIGenerator@base@UModSys@@@tl@UModSys@@2USUniquePointer@core@3@A 004098e0     umodsys.c_main.obj
 0003:000008f8       ?s_id@?$TObjectUniqueID@UIModuleLibrary@base@UModSys@@@tl@UModSys@@2USUniquePointer@core@3@A 004098f8     umodsys.c_main.obj
 0003:00000910       ?s_null@?$TStaticStringPool@DU?$TComparerBinaryHash@D@su@tl@UModSys@@USMemAlloc_Malloc@core@4@@tl@UModSys@@2U?$TString@U?$TSCoreConst@D@su@tl@UModSys@@U?$TComparerBinaryHash@D@234@@23@A 00409910     umodsys.c_main.obj
 0003:0000091c       ?s_id@?$TObjectUniqueID@UIParameters@core@UModSys@@@tl@UModSys@@2USUniquePointer@core@3@A 0040991c     umodsys.c_main.obj
 0003:00000934       ?s_id@?$TObjectUniqueID@UISystem@base@UModSys@@@tl@UModSys@@2USUniquePointer@core@3@A 00409934     umodsys.c_main.obj
 0003:0000094c       ?s_id@?$TObjectUniqueID@URModule@rsystem@base@UModSys@@@tl@UModSys@@2USUniquePointer@core@3@A 0040994c     umodsys.c_main.obj
 0003:00000964       ?s_id@?$TObjectUniqueID@UIModObject@base@UModSys@@@tl@UModSys@@2USUniquePointer@core@3@A 00409964     umodsys.c_main.obj
 0003:0000097c       ?s_id@?$TObjectUniqueID@URSystem@rsystem@base@UModSys@@@tl@UModSys@@2USUniquePointer@core@3@A 0040997c     umodsys.c_main.obj
 0003:00000994       ?s_id@?$TObjectUniqueID@UIShell@base@UModSys@@@tl@UModSys@@2USUniquePointer@core@3@A 00409994     umodsys.c_main.obj
 0003:000009ac       ?s_id@?$TObjectUniqueID@UIConsole@base@UModSys@@@tl@UModSys@@2USUniquePointer@core@3@A 004099ac     umodsys.c_main.obj
 0003:000009c8       ?s_console@RConsole_std@rsystem@base@UModSys@@2U1234@A 004099c8     umodsys_lib_basesys:umodsys.basesys.rconsole_std.obj
 0003:000009d0       ?s_sys@RSystem@rsystem@base@UModSys@@2U1234@A 004099d0     umodsys_lib_basesys:umodsys.basesys.rsystem_main.obj
 0003:00000a6c       ?rsys_dbg@rsystem@base@UModSys@@3USDebug@23@A 00409a6c     umodsys_lib_basesys:umodsys.basesys.rsystem_main.obj
 0003:00000a74       ?M@UModSys@@3USModuleContext@base@1@A 00409a74     umodsys_lib_base:umodsys.base.modulecontext.obj
 0003:00000a80       ?root@SUniquePointer@core@UModSys@@2U123@A 00409a80     umodsys_lib_core:umodsys.core.uniqueptr.obj
 0003:00000a98       __adjust_fdiv              00409a98     <common>
 0003:00000a9c       ___native_startup_state    00409a9c     <common>
 0003:00000aa0       ___native_startup_lock     00409aa0     <common>
 0003:00000aa4       ___dyn_tls_init_callback   00409aa4     <common>
 0003:00000aa8       ___onexitend               00409aa8     <common>
 0003:00000aac       ___onexitbegin             00409aac     <common>

 entry point at        0001:00001af8

 Static symbols

 0001:00001856       _pre_cpp_init              00402856 f   MSVCRT:crtexe.obj
 0001:000018a1       ___tmainCRTStartup         004028a1 f   MSVCRT:crtexe.obj
 0001:00001a17       _pre_c_init                00402a17 f   MSVCRT:crtexe.obj
 0001:00003880       ?s_pfd_scan@@YAIPAUISystem@base@UModSys@@AAU?$TArrayDynamic@U?$TRefObject@URModuleLibrary@rsystem@base@UModSys@@@tl@UModSys@@U?$TAllocator@USMemAlloc_Malloc@core@UModSys@@USCountCalcPower2@23@@23@@tl@3@PBD2@Z 00404880 f    CIL library: CIL module
 0001:000056c0       __unwindfunclet$??$t_moduledb_generate@UIShell@base@UModSys@@@IModuleLoader@base@UModSys@@QAE_NAAU?$TRefObject@UIShell@base@UModSys@@@tl@2@PBUSUniquePointerInfo@core@2@ABUSParameters@62@@Z$0 004066c0 f    CIL library: CIL module
 0001:000056c0       __unwindfunclet$?suicide@RModule@rsystem@base@UModSys@@UAEXXZ$0 004066c0 f    CIL library: CIL module
 0001:000056c8       __ehhandler$?suicide@RModule@rsystem@base@UModSys@@UAEXXZ 004066c8 f    CIL library: CIL module
 0001:000056c8       __ehhandler$??$t_moduledb_generate@UIShell@base@UModSys@@@IModuleLoader@base@UModSys@@QAE_NAAU?$TRefObject@UIShell@base@UModSys@@@tl@2@PBUSUniquePointerInfo@core@2@ABUSParameters@62@@Z 004066c8 f    CIL library: CIL module
 0001:000056e0       __unwindfunclet$??1RSystem@rsystem@base@UModSys@@UAE@XZ$0 004066e0 f    CIL library: CIL module
 0001:000056e8       __unwindfunclet$??1RSystem@rsystem@base@UModSys@@UAE@XZ$1 004066e8 f    CIL library: CIL module
 0001:000056f3       __unwindfunclet$??1RSystem@rsystem@base@UModSys@@UAE@XZ$2 004066f3 f    CIL library: CIL module
 0001:000056fe       __unwindfunclet$??1RSystem@rsystem@base@UModSys@@UAE@XZ$3 004066fe f    CIL library: CIL module
 0001:00005709       __unwindfunclet$??1RSystem@rsystem@base@UModSys@@UAE@XZ$4 00406709 f    CIL library: CIL module
 0001:00005714       __unwindfunclet$??1RSystem@rsystem@base@UModSys@@UAE@XZ$5 00406714 f    CIL library: CIL module
 0001:0000571f       __ehhandler$??1RSystem@rsystem@base@UModSys@@UAE@XZ 0040671f f    CIL library: CIL module
 0001:00005729       __unwindfunclet$??0RSystem@rsystem@base@UModSys@@QAE@XZ$0 00406729 f    CIL library: CIL module
 0001:00005731       __unwindfunclet$??0RSystem@rsystem@base@UModSys@@QAE@XZ$1 00406731 f    CIL library: CIL module
 0001:0000573c       __unwindfunclet$??0RSystem@rsystem@base@UModSys@@QAE@XZ$2 0040673c f    CIL library: CIL module
 0001:00005747       __unwindfunclet$??0RSystem@rsystem@base@UModSys@@QAE@XZ$3 00406747 f    CIL library: CIL module
 0001:00005752       __unwindfunclet$??0RSystem@rsystem@base@UModSys@@QAE@XZ$4 00406752 f    CIL library: CIL module
 0001:0000575d       __unwindfunclet$??0RSystem@rsystem@base@UModSys@@QAE@XZ$5 0040675d f    CIL library: CIL module
 0001:00005768       __unwindfunclet$??0RSystem@rsystem@base@UModSys@@QAE@XZ$6 00406768 f    CIL library: CIL module
 0001:00005776       __unwindfunclet$??0RSystem@rsystem@base@UModSys@@QAE@XZ$7 00406776 f    CIL library: CIL module
 0001:00005783       __unwindfunclet$??0RSystem@rsystem@base@UModSys@@QAE@XZ$8 00406783 f    CIL library: CIL module
 0001:00005790       __ehhandler$??0RSystem@rsystem@base@UModSys@@QAE@XZ 00406790 f    CIL library: CIL module
 0001:0000579a       __unwindfunclet$??0RModule@rsystem@base@UModSys@@QAE@PAURModuleLibrary@123@PAUIModuleReg@23@@Z$0 0040679a f    CIL library: CIL module
 0001:000057a2       __unwindfunclet$??0RModule@rsystem@base@UModSys@@QAE@PAURModuleLibrary@123@PAUIModuleReg@23@@Z$1 004067a2 f    CIL library: CIL module
 0001:000057ad       __unwindfunclet$??0RModule@rsystem@base@UModSys@@QAE@PAURModuleLibrary@123@PAUIModuleReg@23@@Z$2 004067ad f    CIL library: CIL module
 0001:000057b8       __unwindfunclet$??0RModule@rsystem@base@UModSys@@QAE@PAURModuleLibrary@123@PAUIModuleReg@23@@Z$3 004067b8 f    CIL library: CIL module
 0001:000057c3       __ehhandler$??0RModule@rsystem@base@UModSys@@QAE@PAURModuleLibrary@123@PAUIModuleReg@23@@Z 004067c3 f    CIL library: CIL module
 0001:000057cd       __unwindfunclet$??1RModuleLibrary@rsystem@base@UModSys@@UAE@XZ$0 004067cd f    CIL library: CIL module
 0001:000057d5       __unwindfunclet$??1RModuleLibrary@rsystem@base@UModSys@@UAE@XZ$1 004067d5 f    CIL library: CIL module
 0001:000057e0       __unwindfunclet$??1RModuleLibrary@rsystem@base@UModSys@@UAE@XZ$2 004067e0 f    CIL library: CIL module
 0001:000057eb       __unwindfunclet$??1RModuleLibrary@rsystem@base@UModSys@@UAE@XZ$3 004067eb f    CIL library: CIL module
 0001:000057f6       __ehhandler$??1RModuleLibrary@rsystem@base@UModSys@@UAE@XZ 004067f6 f    CIL library: CIL module
 0001:00005800       __unwindfunclet$?link@RModuleLibrary@rsystem@base@UModSys@@QAE_NXZ$0 00406800 f    CIL library: CIL module
 0001:0000580b       __ehhandler$?link@RModuleLibrary@rsystem@base@UModSys@@QAE_NXZ 0040680b f    CIL library: CIL module
 0001:00005815       __unwindfunclet$?exec_test_shells@RSystem@rsystem@base@UModSys@@QAE_NXZ$0 00406815 f    CIL library: CIL module
 0001:00005820       __unwindfunclet$?exec_test_shells@RSystem@rsystem@base@UModSys@@QAE_NXZ$1 00406820 f    CIL library: CIL module
 0001:0000582b       __ehhandler$?exec_test_shells@RSystem@rsystem@base@UModSys@@QAE_NXZ 0040682b f    CIL library: CIL module
 0001:00005835       __unwindfunclet$?s_add@RModuleLibrary@rsystem@base@UModSys@@SA_NPAUISystem@34@AAU?$TArrayDynamic@U?$TRefObject@URModuleLibrary@rsystem@base@UModSys@@@tl@UModSys@@U?$TAllocator@USMemAlloc_Malloc@core@UModSys@@USCountCalcPower2@23@@23@@tl@4@PBD@Z$1 00406835 f    CIL library: CIL module
 0001:0000583d       __ehhandler$?s_add@RModuleLibrary@rsystem@base@UModSys@@SA_NPAUISystem@34@AAU?$TArrayDynamic@U?$TRefObject@URModuleLibrary@rsystem@base@UModSys@@@tl@UModSys@@U?$TAllocator@USMemAlloc_Malloc@core@UModSys@@USCountCalcPower2@23@@23@@tl@4@PBD@Z 0040683d f    CIL library: CIL module
 0001:00005850       __unwindfunclet$?mem_free@?$TRMemAlloc_CC@U?$TMemAllocHeader@USMagic@mem_headers@rsystem@base@UModSys@@U?$TPool@X@2345@USDebug@2345@UVoid@core@5@@rsystem@base@UModSys@@USMemAlloc_Malloc@core@4@@rsystem@base@UModSys@@UAEXPAXPBUSSourceContext@core@4@@Z$0 00406850 f    CIL library: CIL module
 0001:00005858       __ehhandler$?mem_free@?$TRMemAlloc_CC@U?$TMemAllocHeader@USMagic@mem_headers@rsystem@base@UModSys@@U?$TPool@X@2345@USDebug@2345@UVoid@core@5@@rsystem@base@UModSys@@USMemAlloc_Malloc@core@4@@rsystem@base@UModSys@@UAEXPAXPBUSSourceContext@core@4@@Z 00406858 f    CIL library: CIL module
 0001:00005870       __unwindfunclet$?mem_realloc@?$TRMemAlloc_CC@U?$TMemAllocHeader@USMagic@mem_headers@rsystem@base@UModSys@@U?$TPool@X@2345@USDebug@2345@UVoid@core@5@@rsystem@base@UModSys@@USMemAlloc_Malloc@core@4@@rsystem@base@UModSys@@UAEPAXPAXIPBUSSourceContext@core@4@@Z$0 00406870 f    CIL library: CIL module
 0001:00005878       __unwindfunclet$?mem_realloc@?$TRMemAlloc_CC@U?$TMemAllocHeader@USMagic@mem_headers@rsystem@base@UModSys@@U?$TPool@X@2345@USDebug@2345@UVoid@core@5@@rsystem@base@UModSys@@USMemAlloc_Malloc@core@4@@rsystem@base@UModSys@@UAEPAXPAXIPBUSSourceContext@core@4@@Z$1 00406878 f    CIL library: CIL module
 0001:00005880       __ehhandler$?mem_realloc@?$TRMemAlloc_CC@U?$TMemAllocHeader@USMagic@mem_headers@rsystem@base@UModSys@@U?$TPool@X@2345@USDebug@2345@UVoid@core@5@@rsystem@base@UModSys@@USMemAlloc_Malloc@core@4@@rsystem@base@UModSys@@UAEPAXPAXIPBUSSourceContext@core@4@@Z 00406880 f    CIL library: CIL module
 0001:00005890       ??__E?s_id@?$TObjectUniqueID@UIRoot@core@UModSys@@@tl@UModSys@@2USUniquePointer@core@3@A@@YAXXZ 00406890 f    CIL library: CIL module
 0001:000058b0       ??__E?s_id@?$TObjectUniqueID@UIRefObject@core@UModSys@@@tl@UModSys@@2USUniquePointer@core@3@A@@YAXXZ 004068b0 f    CIL library: CIL module
 0001:000058d0       ??__E?s_id@?$TObjectUniqueID@UIParameters@core@UModSys@@@tl@UModSys@@2USUniquePointer@core@3@A@@YAXXZ 004068d0 f    CIL library: CIL module
 0001:000058f0       ??__E?s_id@?$TObjectUniqueID@UIConsole@base@UModSys@@@tl@UModSys@@2USUniquePointer@core@3@A@@YAXXZ 004068f0 f    CIL library: CIL module
 0001:00005910       ??__E?s_id@?$TObjectUniqueID@UIModule@base@UModSys@@@tl@UModSys@@2USUniquePointer@core@3@A@@YAXXZ 00406910 f    CIL library: CIL module
 0001:00005930       ??__E?s_id@?$TObjectUniqueID@UIModuleLibrary@base@UModSys@@@tl@UModSys@@2USUniquePointer@core@3@A@@YAXXZ 00406930 f    CIL library: CIL module
 0001:00005950       ??__E?s_id@?$TObjectUniqueID@UISystem@base@UModSys@@@tl@UModSys@@2USUniquePointer@core@3@A@@YAXXZ 00406950 f    CIL library: CIL module
 0001:00005970       ??__E?s_id@?$TObjectUniqueID@UIModObject@base@UModSys@@@tl@UModSys@@2USUniquePointer@core@3@A@@YAXXZ 00406970 f    CIL library: CIL module
 0001:00005990       ??__E?s_id@?$TObjectUniqueID@UIGenerator@base@UModSys@@@tl@UModSys@@2USUniquePointer@core@3@A@@YAXXZ 00406990 f    CIL library: CIL module
 0001:000059b0       ??__E?s_id@?$TObjectUniqueID@UIShell@base@UModSys@@@tl@UModSys@@2USUniquePointer@core@3@A@@YAXXZ 004069b0 f    CIL library: CIL module
 0001:000059d0       ??__E?s_id@?$TObjectUniqueID@URModule@rsystem@base@UModSys@@@tl@UModSys@@2USUniquePointer@core@3@A@@YAXXZ 004069d0 f    CIL library: CIL module
 0001:000059f0       ??__E?s_id@?$TObjectUniqueID@URModuleLibrary@rsystem@base@UModSys@@@tl@UModSys@@2USUniquePointer@core@3@A@@YAXXZ 004069f0 f    CIL library: CIL module
 0001:00005a10       ??__E?s_id@?$TObjectUniqueID@URParameters@rsystem@base@UModSys@@@tl@UModSys@@2USUniquePointer@core@3@A@@YAXXZ 00406a10 f    CIL library: CIL module
 0001:00005a30       ??__E?s_id@?$TObjectUniqueID@URSystem@rsystem@base@UModSys@@@tl@UModSys@@2USUniquePointer@core@3@A@@YAXXZ 00406a30 f    CIL library: CIL module
 0001:00005a50       ??__E?s_id@?$TObjectUniqueID@URConsole_std@rsystem@base@UModSys@@@tl@UModSys@@2USUniquePointer@core@3@A@@YAXXZ 00406a50 f    CIL library: CIL module
 0001:00005a70       ??__E?s_console@RConsole_std@rsystem@base@UModSys@@2U1234@A@@YAXXZ 00406a70 f    CIL library: CIL module
 0001:00005a90       ??__E?s_sys@RSystem@rsystem@base@UModSys@@2U1234@A@@YAXXZ 00406a90 f    CIL library: CIL module
 0001:00005ab0       ??__Ersys_dbg@rsystem@base@UModSys@@YAXXZ 00406ab0 f    CIL library: CIL module
 0001:00005ad0       ??__EM@UModSys@@YAXXZ      00406ad0 f    CIL library: CIL module
 0001:00005af0       ??__E?root@SUniquePointer@core@UModSys@@2U123@A@@YAXXZ 00406af0 f    CIL library: CIL module
 0001:00005b10       ??__F?s_id@?$TObjectUniqueID@URConsole_std@rsystem@base@UModSys@@@tl@UModSys@@2USUniquePointer@core@3@A@@YAXXZ 00406b10 f    CIL library: CIL module
 0001:00005b20       ??__F?s_id@?$TObjectUniqueID@URSystem@rsystem@base@UModSys@@@tl@UModSys@@2USUniquePointer@core@3@A@@YAXXZ 00406b20 f    CIL library: CIL module
 0001:00005b30       ??__F?s_id@?$TObjectUniqueID@URParameters@rsystem@base@UModSys@@@tl@UModSys@@2USUniquePointer@core@3@A@@YAXXZ 00406b30 f    CIL library: CIL module
 0001:00005b40       ??__F?s_id@?$TObjectUniqueID@URModuleLibrary@rsystem@base@UModSys@@@tl@UModSys@@2USUniquePointer@core@3@A@@YAXXZ 00406b40 f    CIL library: CIL module
 0001:00005b50       ??__F?s_id@?$TObjectUniqueID@URModule@rsystem@base@UModSys@@@tl@UModSys@@2USUniquePointer@core@3@A@@YAXXZ 00406b50 f    CIL library: CIL module
 0001:00005b60       ??__F?s_id@?$TObjectUniqueID@UIShell@base@UModSys@@@tl@UModSys@@2USUniquePointer@core@3@A@@YAXXZ 00406b60 f    CIL library: CIL module
 0001:00005b70       ??__F?s_id@?$TObjectUniqueID@UIGenerator@base@UModSys@@@tl@UModSys@@2USUniquePointer@core@3@A@@YAXXZ 00406b70 f    CIL library: CIL module
 0001:00005b80       ??__F?s_id@?$TObjectUniqueID@UIModObject@base@UModSys@@@tl@UModSys@@2USUniquePointer@core@3@A@@YAXXZ 00406b80 f    CIL library: CIL module
 0001:00005b90       ??__F?s_id@?$TObjectUniqueID@UISystem@base@UModSys@@@tl@UModSys@@2USUniquePointer@core@3@A@@YAXXZ 00406b90 f    CIL library: CIL module
 0001:00005ba0       ??__F?s_id@?$TObjectUniqueID@UIModuleLibrary@base@UModSys@@@tl@UModSys@@2USUniquePointer@core@3@A@@YAXXZ 00406ba0 f    CIL library: CIL module
 0001:00005bb0       ??__F?s_id@?$TObjectUniqueID@UIModule@base@UModSys@@@tl@UModSys@@2USUniquePointer@core@3@A@@YAXXZ 00406bb0 f    CIL library: CIL module
 0001:00005bc0       ??__F?s_id@?$TObjectUniqueID@UIConsole@base@UModSys@@@tl@UModSys@@2USUniquePointer@core@3@A@@YAXXZ 00406bc0 f    CIL library: CIL module
 0001:00005bd0       ??__F?s_id@?$TObjectUniqueID@UIParameters@core@UModSys@@@tl@UModSys@@2USUniquePointer@core@3@A@@YAXXZ 00406bd0 f    CIL library: CIL module
 0001:00005be0       ??__F?s_id@?$TObjectUniqueID@UIRefObject@core@UModSys@@@tl@UModSys@@2USUniquePointer@core@3@A@@YAXXZ 00406be0 f    CIL library: CIL module
 0001:00005bf0       ??__F?s_id@?$TObjectUniqueID@UIRoot@core@UModSys@@@tl@UModSys@@2USUniquePointer@core@3@A@@YAXXZ 00406bf0 f    CIL library: CIL module
 0001:00005c00       ??__F?s_console@RConsole_std@rsystem@base@UModSys@@2U1234@A@@YAXXZ 00406c00 f    CIL library: CIL module
 0001:00005c10       ??__F?s_sys@RSystem@rsystem@base@UModSys@@2U1234@A@@YAXXZ 00406c10 f    CIL library: CIL module
 0001:00005c20       ??__Frsys_dbg@rsystem@base@UModSys@@YAXXZ 00406c20 f    CIL library: CIL module
 0001:00005c30       ??__FM@UModSys@@YAXXZ      00406c30 f    CIL library: CIL module
 0001:00005c40       ??__F?root@SUniquePointer@core@UModSys@@2U123@A@@YAXXZ 00406c40 f    CIL library: CIL module
