 umodsysc

 Timestamp is 532c0719 (Fri Mar 21 12:32:09 2014)

 Preferred load address is 00400000

 Start         Length     Name                   Class
 0001:00000000 00012d70H .text                   CODE
 0001:00012d70 0000078fH .text$x                 CODE
 0001:00013500 00000a41H .text$yc                CODE
 0001:00013f50 000003faH .text$yd                CODE
 0002:00000000 0000015cH .idata$5                DATA
 0002:0000015c 00000004H .CRT$XCA                DATA
 0002:00000160 00000004H .CRT$XCAA               DATA
 0002:00000164 00000378H .CRT$XCU                DATA
 0002:000004dc 00000004H .CRT$XCZ                DATA
 0002:000004e0 00000004H .CRT$XIA                DATA
 0002:000004e4 00000004H .CRT$XIAA               DATA
 0002:000004e8 00000004H .CRT$XIY                DATA
 0002:000004ec 00000004H .CRT$XIZ                DATA
 0002:000004f0 00001bd0H .rdata                  DATA
 0002:000020c0 00001388H .rdata$r                DATA
 0002:00003450 00000100H .rdata$sxdata           DATA
 0002:00003550 00000004H .rtc$IAA                DATA
 0002:00003554 00000004H .rtc$IZZ                DATA
 0002:00003558 00000004H .rtc$TAA                DATA
 0002:0000355c 00000004H .rtc$TZZ                DATA
 0002:00003560 00000d84H .xdata$x                DATA
 0002:000042e4 00000028H .idata$2                DATA
 0002:0000430c 00000014H .idata$3                DATA
 0002:00004320 0000015cH .idata$4                DATA
 0002:0000447c 00000580H .idata$6                DATA
 0002:00004a00 00000058H .edata                  DATA
 0003:00000000 00000d40H .data                   DATA
 0003:00000d40 00002a24H .bss                    DATA

  Address         Publics by Value              Rva+Base       Lib:Object

 0000:00000000       __except_list              00000000     <absolute>
 0000:00000040       ___safe_se_handler_count   00000040     <absolute>
 0000:00009876       __ldused                   00009876     <absolute>
 0000:00009876       __fltused                  00009876     <absolute>
 0000:00000000       ___ImageBase               00400000     <linker-defined>
 0001:00000000       ??0?$TString@U?$TSCoreConst@D@su@tl@UModSys@@U?$TComparerBinaryHash@D@234@@tl@UModSys@@QAE@PBD@Z 00401000 f i umodsys.c_main.obj
 0001:00000050       ??$shash@D@su@tl@UModSys@@YAIPBDI@Z 00401050 f i umodsys.c_main.obj
 0001:00000090       ??3IRoot@core@UModSys@@SAXPAXABUSIMemAlloc@12@@Z 00401090 f i umodsys_lib_libmedia:umodsys.mod.media.stdio.obj
 0001:000000a0       ?get@SParameters@core@UModSys@@QBE_NPBDAAPBD@Z 004010a0 f i umodsys_lib_libmedia:umodsys.mod.media.stdio.obj
 0001:000000d0       ?get@SParameters@core@UModSys@@QBE_NPBDAA_N@Z 004010d0 f i umodsys_lib_libmedia:umodsys.mod.media.stdio.obj
 0001:00000110       ??1?$TStringBuf@U?$TSCoreShared@USIMemAlloc@core@UModSys@@D@su@tl@UModSys@@U?$TComparerBinaryHash@D@234@@tl@UModSys@@QAE@XZ 00401110 f i umodsys_lib_libmedia:umodsys.mod.media.stdlib.obj
 0001:00000110       ??1?$TSCoreShared@USIMemAlloc@core@UModSys@@D@su@tl@UModSys@@QAE@XZ 00401110 f i umodsys_lib_libmedia:umodsys.mod.media.stdio.obj
 0001:00000110       ??1?$TString@U?$TSCoreShared@USIMemAlloc@core@UModSys@@D@su@tl@UModSys@@U?$TComparerBinaryHash@D@234@@tl@UModSys@@QAE@XZ 00401110 f i umodsys_lib_libmedia:umodsys.mod.media.stdio.obj
 0001:00000120       ?archive_load_data@libmedia@UModSys@@YA_NAAUIBinArchive@12@ABU?$TString@U?$TSCoreConst@D@su@tl@UModSys@@U?$TComparerBinaryHash@D@234@@tl@2@AAUSCMemShared@core@2@ABUSFlags@12@@Z 00401120 f i umodsys_lib_libmedia:umodsys.mod.media.stdio.obj
 0001:00000310       ?archive_save_data@libmedia@UModSys@@YA_NAAUIBinArchive@12@ABU?$TString@U?$TSCoreConst@D@su@tl@UModSys@@U?$TComparerBinaryHash@D@234@@tl@2@ABUSCMem@core@2@ABUSFlags@12@@Z 00401310 f i umodsys_lib_libmedia:umodsys.mod.media.stdio.obj
 0001:000003c0       ?file_get_size@stdio@media@modules@UModSys@@YA_JPAU_iobuf@@@Z 004013c0 f i umodsys_lib_libmedia:umodsys.mod.media.stdio.obj
 0001:00000410       ?root_get_interface_info@RStreamReader_FILE@stdio@media@modules@UModSys@@UBEABUSUniquePointerInfo@core@5@XZ 00401410 f i umodsys_lib_libmedia:umodsys.mod.media.stdio.obj
 0001:00000420       ?root_get_interface_type@RStreamReader_FILE@stdio@media@modules@UModSys@@UBEPBUSUniquePointerInfo@core@5@XZ 00401420 f i umodsys_lib_libmedia:umodsys.mod.media.stdio.obj
 0001:00000430       ?root_get_other_interface@RStreamReader_FILE@stdio@media@modules@UModSys@@UBEPBUIRoot@core@5@PBUSUniquePointerInfo@75@@Z 00401430 f i umodsys_lib_libmedia:umodsys.mod.media.stdio.obj
 0001:00000430       ?root_get_other_interface@RStreamReader_FILE@stdio@media@modules@UModSys@@UAEPAUIRoot@core@5@PBUSUniquePointerInfo@75@@Z 00401430 f i umodsys_lib_libmedia:umodsys.mod.media.stdio.obj
 0001:00000460       ?root_is_interface_supported@RStreamReader_FILE@stdio@media@modules@UModSys@@UBE_NPBUSUniquePointerInfo@core@5@@Z 00401460 f i umodsys_lib_libmedia:umodsys.mod.media.stdio.obj
 0001:000004a0       ?ref_links@RUtilities@stdlib@media@modules@UModSys@@UBEHXZ 004014a0 f i umodsys_lib_libmedia:umodsys.mod.media.stdlib.obj
 0001:000004a0       ?ref_links@RStreamReader_FILE@stdio@media@modules@UModSys@@UBEHXZ 004014a0 f i umodsys_lib_libmedia:umodsys.mod.media.stdio.obj
 0001:000004a0       ?ref_links@RStreamWriter_FILE@stdio@media@modules@UModSys@@UBEHXZ 004014a0 f i umodsys_lib_libmedia:umodsys.mod.media.stdio.obj
 0001:000004a0       ?ref_links@RGenerator@stdio@media@modules@UModSys@@UBEHXZ 004014a0 f i umodsys_lib_libmedia:umodsys.mod.media.stdio.obj
 0001:000004a0       ?ref_links@RGenerator@stdlib@media@modules@UModSys@@UBEHXZ 004014a0 f i umodsys_lib_libmedia:umodsys.mod.media.stdlib.obj
 0001:000004b0       ??0RStreamReader_FILE@stdio@media@modules@UModSys@@QAE@PAUIModObject@base@4@ABUSParameters@core@4@@Z 004014b0 f i umodsys_lib_libmedia:umodsys.mod.media.stdio.obj
 0001:00000560       ??0RStreamReader_FILE@stdio@media@modules@UModSys@@QAE@PAUIModObject@base@4@PBD@Z 00401560 f i umodsys_lib_libmedia:umodsys.mod.media.stdio.obj
 0001:000005f0       ?get_size@RStreamReader_FILE@stdio@media@modules@UModSys@@QAEXXZ 004015f0 f i umodsys_lib_libmedia:umodsys.mod.media.stdio.obj
 0001:00000660       ?reader_seek@RStreamReader_FILE@stdio@media@modules@UModSys@@UAE_N_J@Z 00401660 f i umodsys_lib_libmedia:umodsys.mod.media.stdio.obj
 0001:00000690       ?reader_seekend@RStreamReader_FILE@stdio@media@modules@UModSys@@UAE_N_J@Z 00401690 f i umodsys_lib_libmedia:umodsys.mod.media.stdio.obj
 0001:000006c0       ?reader_seekdelta@RStreamReader_FILE@stdio@media@modules@UModSys@@UAE_N_J@Z 004016c0 f i umodsys_lib_libmedia:umodsys.mod.media.stdio.obj
 0001:000006f0       ?reader_pos@RStreamReader_FILE@stdio@media@modules@UModSys@@UAE_JXZ 004016f0 f i umodsys_lib_libmedia:umodsys.mod.media.stdio.obj
 0001:00000710       ?reader_size@RStreamReader_FILE@stdio@media@modules@UModSys@@UAE_JXZ 00401710 f i umodsys_lib_libmedia:umodsys.mod.media.stdio.obj
 0001:00000720       ?reader_read@RStreamReader_FILE@stdio@media@modules@UModSys@@UAE_NPAXI@Z 00401720 f i umodsys_lib_libmedia:umodsys.mod.media.stdio.obj
 0001:000007a0       ?reader_close@RStreamReader_FILE@stdio@media@modules@UModSys@@UAEXXZ 004017a0 f i umodsys_lib_libmedia:umodsys.mod.media.stdio.obj
 0001:000007c0       ??_GRStreamReader_FILE@stdio@media@modules@UModSys@@UAEPAXI@Z 004017c0 f i umodsys_lib_libmedia:umodsys.mod.media.stdio.obj
 0001:000007c0       ??_ERStreamReader_FILE@stdio@media@modules@UModSys@@UAEPAXI@Z 004017c0 f i  CIL library: CIL module
 0001:00000800       ??1IStreamWriter@libmedia@UModSys@@UAE@XZ 00401800 f i umodsys_lib_libmedia:umodsys.mod.media.stdio.obj
 0001:00000800       ??1IUtilities@libmedia@UModSys@@UAE@XZ 00401800 f i umodsys_lib_libmedia:umodsys.mod.media.stdlib.obj
 0001:00000800       ??1IStreamReader@libmedia@UModSys@@UAE@XZ 00401800 f i umodsys_lib_libmedia:umodsys.mod.media.stdio.obj
 0001:00000810       ??_EIRoot@core@UModSys@@UAEPAXI@Z 00401810 f i  CIL library: CIL module
 0001:00000810       ??_GIRoot@core@UModSys@@UAEPAXI@Z 00401810 f i umodsys_lib_libmedia:umodsys.mod.media.stdio.obj
 0001:00000830       ?root_get_interface_info@RStreamWriter_FILE@stdio@media@modules@UModSys@@UBEABUSUniquePointerInfo@core@5@XZ 00401830 f i umodsys_lib_libmedia:umodsys.mod.media.stdio.obj
 0001:00000840       ?root_get_interface_type@RStreamWriter_FILE@stdio@media@modules@UModSys@@UBEPBUSUniquePointerInfo@core@5@XZ 00401840 f i umodsys_lib_libmedia:umodsys.mod.media.stdio.obj
 0001:00000850       ?root_get_other_interface@RStreamWriter_FILE@stdio@media@modules@UModSys@@UAEPAUIRoot@core@5@PBUSUniquePointerInfo@75@@Z 00401850 f i umodsys_lib_libmedia:umodsys.mod.media.stdio.obj
 0001:00000850       ?root_get_other_interface@RStreamWriter_FILE@stdio@media@modules@UModSys@@UBEPBUIRoot@core@5@PBUSUniquePointerInfo@75@@Z 00401850 f i umodsys_lib_libmedia:umodsys.mod.media.stdio.obj
 0001:00000880       ?root_is_interface_supported@RStreamWriter_FILE@stdio@media@modules@UModSys@@UBE_NPBUSUniquePointerInfo@core@5@@Z 00401880 f i umodsys_lib_libmedia:umodsys.mod.media.stdio.obj
 0001:000008c0       ??1RStreamWriter_FILE@stdio@media@modules@UModSys@@UAE@XZ 004018c0 f i umodsys_lib_libmedia:umodsys.mod.media.stdio.obj
 0001:00000930       ??0RStreamWriter_FILE@stdio@media@modules@UModSys@@QAE@PAUIModObject@base@4@ABUSParameters@core@4@@Z 00401930 f i umodsys_lib_libmedia:umodsys.mod.media.stdio.obj
 0001:000009b0       ??0RStreamWriter_FILE@stdio@media@modules@UModSys@@QAE@PAUIModObject@base@4@PBD_N@Z 004019b0 f i umodsys_lib_libmedia:umodsys.mod.media.stdio.obj
 0001:00000a70       ?open@RStreamWriter_FILE@stdio@media@modules@UModSys@@QAEXABUSParameters@core@5@@Z 00401a70 f i umodsys_lib_libmedia:umodsys.mod.media.stdio.obj
 0001:00000b00       ?writer_seek@RStreamWriter_FILE@stdio@media@modules@UModSys@@UAE_N_J@Z 00401b00 f i umodsys_lib_libmedia:umodsys.mod.media.stdio.obj
 0001:00000b30       ?writer_seekend@RStreamWriter_FILE@stdio@media@modules@UModSys@@UAE_N_J@Z 00401b30 f i umodsys_lib_libmedia:umodsys.mod.media.stdio.obj
 0001:00000b60       ?writer_seekdelta@RStreamWriter_FILE@stdio@media@modules@UModSys@@UAE_N_J@Z 00401b60 f i umodsys_lib_libmedia:umodsys.mod.media.stdio.obj
 0001:00000b90       ?writer_setsize@RStreamWriter_FILE@stdio@media@modules@UModSys@@UAE_N_J@Z 00401b90 f i umodsys_lib_libmedia:umodsys.mod.media.stdio.obj
 0001:00000bd0       ?writer_pos@RStreamWriter_FILE@stdio@media@modules@UModSys@@UAE_JXZ 00401bd0 f i umodsys_lib_libmedia:umodsys.mod.media.stdio.obj
 0001:00000bf0       ?writer_size@RStreamWriter_FILE@stdio@media@modules@UModSys@@UAE_JXZ 00401bf0 f i umodsys_lib_libmedia:umodsys.mod.media.stdio.obj
 0001:00000c20       ?writer_write@RStreamWriter_FILE@stdio@media@modules@UModSys@@UAE_NPBXI@Z 00401c20 f i umodsys_lib_libmedia:umodsys.mod.media.stdio.obj
 0001:00000ca0       ?writer_copy@RStreamWriter_FILE@stdio@media@modules@UModSys@@UAE_NPAUIStreamReader@libmedia@5@_J@Z 00401ca0 f i umodsys_lib_libmedia:umodsys.mod.media.stdio.obj
 0001:00000d70       ?writer_copy@RStreamWriter_FILE@stdio@media@modules@UModSys@@UAE_NPAUIStreamReader@libmedia@5@_J1@Z 00401d70 f i umodsys_lib_libmedia:umodsys.mod.media.stdio.obj
 0001:00000dc0       ?writer_close@RStreamWriter_FILE@stdio@media@modules@UModSys@@UAEXXZ 00401dc0 f i umodsys_lib_libmedia:umodsys.mod.media.stdio.obj
 0001:00000e00       ?writer_abort@RStreamWriter_FILE@stdio@media@modules@UModSys@@UAEXXZ 00401e00 f i umodsys_lib_libmedia:umodsys.mod.media.stdio.obj
 0001:00000e40       ??_ERStreamWriter_FILE@stdio@media@modules@UModSys@@UAEPAXI@Z 00401e40 f i  CIL library: CIL module
 0001:00000e40       ??_GRStreamWriter_FILE@stdio@media@modules@UModSys@@UAEPAXI@Z 00401e40 f i umodsys_lib_libmedia:umodsys.mod.media.stdio.obj
 0001:00000e60       ?root_get_interface_info@RDataArchiver_OsDir@stdio@media@modules@UModSys@@UBEABUSUniquePointerInfo@core@5@XZ 00401e60 f i umodsys_lib_libmedia:umodsys.mod.media.stdio.obj
 0001:00000e70       ?root_get_interface_type@RDataArchiver_OsDir@stdio@media@modules@UModSys@@UBEPBUSUniquePointerInfo@core@5@XZ 00401e70 f i umodsys_lib_libmedia:umodsys.mod.media.stdio.obj
 0001:00000e80       ?root_get_other_interface@RDataArchiver_OsDir@stdio@media@modules@UModSys@@UAEPAUIRoot@core@5@PBUSUniquePointerInfo@75@@Z 00401e80 f i umodsys_lib_libmedia:umodsys.mod.media.stdio.obj
 0001:00000e80       ?root_get_other_interface@RDataArchiver_OsDir@stdio@media@modules@UModSys@@UBEPBUIRoot@core@5@PBUSUniquePointerInfo@75@@Z 00401e80 f i umodsys_lib_libmedia:umodsys.mod.media.stdio.obj
 0001:00000ec0       ?root_is_interface_supported@RDataArchiver_OsDir@stdio@media@modules@UModSys@@UBE_NPBUSUniquePointerInfo@core@5@@Z 00401ec0 f i umodsys_lib_libmedia:umodsys.mod.media.stdio.obj
 0001:00000f00       ?suicide@RLibraryObjFilter@stdlib@media@modules@UModSys@@UAEXXZ 00401f00 f i umodsys_lib_libmedia:umodsys.mod.media.stdlib.obj
 0001:00000f00       ?suicide@RLibraryBinTree@stdlib@media@modules@UModSys@@UAEXXZ 00401f00 f i umodsys_lib_libmedia:umodsys.mod.media.stdlib.obj
 0001:00000f00       ?suicide@RLibraryObjCache@stdlib@media@modules@UModSys@@UAEXXZ 00401f00 f i umodsys_lib_libmedia:umodsys.mod.media.stdlib.obj
 0001:00000f00       ?suicide@RLibraryLayered@stdlib@media@modules@UModSys@@UAEXXZ 00401f00 f i umodsys_lib_libmedia:umodsys.mod.media.stdlib.obj
 0001:00000f00       ?suicide@RDataArchiver_OsDir@stdio@media@modules@UModSys@@UAEXXZ 00401f00 f i umodsys_lib_libmedia:umodsys.mod.media.stdio.obj
 0001:00000f00       ?suicide@RLibraryBinCache@stdlib@media@modules@UModSys@@UAEXXZ 00401f00 f i umodsys_lib_libmedia:umodsys.mod.media.stdlib.obj
 0001:00000f10       ??0RDataArchiver_OsDir@stdio@media@modules@UModSys@@QAE@PAUIModObject@base@4@ABUSParameters@core@4@U?$TFlags4State@USMediaFlagUid@libmedia@UModSys@@I@tl@4@@Z 00401f10 f i umodsys_lib_libmedia:umodsys.mod.media.stdio.obj
 0001:00000ff0       ??1RDataArchiver_OsDir@stdio@media@modules@UModSys@@UAE@XZ 00401ff0 f i umodsys_lib_libmedia:umodsys.mod.media.stdio.obj
 0001:00001060       ?open@RDataArchiver_OsDir@stdio@media@modules@UModSys@@QAEXABUSParameters@core@5@@Z 00402060 f i umodsys_lib_libmedia:umodsys.mod.media.stdio.obj
 0001:00001130       ?get_flag@RDataArchiver_OsDir@stdio@media@modules@UModSys@@UBE?AW4eStates@?$TFlags4State@USMediaFlagUid@libmedia@UModSys@@I@tl@5@H@Z 00402130 f i umodsys_lib_libmedia:umodsys.mod.media.stdio.obj
 0001:00001150       ?get_flags_auto@RDataArchiver_OsDir@stdio@media@modules@UModSys@@UBE?AU?$TFlags4State@USMediaFlagUid@libmedia@UModSys@@I@tl@5@XZ 00402150 f i umodsys_lib_libmedia:umodsys.mod.media.stdio.obj
 0001:00001160       ?set_flag@RDataArchiver_OsDir@stdio@media@modules@UModSys@@UAE?AW4eStates@?$TFlags4State@USMediaFlagUid@libmedia@UModSys@@I@tl@5@HW46785@@Z 00402160 f i umodsys_lib_libmedia:umodsys.mod.media.stdio.obj
 0001:00001190       ?data_load@RDataArchiver_OsDir@stdio@media@modules@UModSys@@UAE_NABU?$TString@U?$TSCoreConst@D@su@tl@UModSys@@U?$TComparerBinaryHash@D@234@@tl@5@AAUSCMemShared@core@5@ABUSFlags@libmedia@5@@Z 00402190 f i umodsys_lib_libmedia:umodsys.mod.media.stdio.obj
 0001:000011d0       ?data_save@RDataArchiver_OsDir@stdio@media@modules@UModSys@@UAE_NABU?$TString@U?$TSCoreConst@D@su@tl@UModSys@@U?$TComparerBinaryHash@D@234@@tl@5@ABUSCMem@core@5@ABUSFlags@libmedia@5@@Z 004021d0 f i umodsys_lib_libmedia:umodsys.mod.media.stdio.obj
 0001:000011f0       ?data_reader@RDataArchiver_OsDir@stdio@media@modules@UModSys@@UAE?AU?$TRefObject@UIStreamReader@libmedia@UModSys@@U?$TRefObjectFunc@UIStreamReader@libmedia@UModSys@@@tl@3@@tl@5@ABU?$TString@U?$TSCoreConst@D@su@tl@UModSys@@U?$TComparerBinaryHash@D@234@@75@ABUSFlags@libmedia@5@@Z 004021f0 f i umodsys_lib_libmedia:umodsys.mod.media.stdio.obj
 0001:00001360       ?data_writer@RDataArchiver_OsDir@stdio@media@modules@UModSys@@UAE?AU?$TRefObject@UIStreamWriter@libmedia@UModSys@@U?$TRefObjectFunc@UIStreamWriter@libmedia@UModSys@@@tl@3@@tl@5@ABU?$TString@U?$TSCoreConst@D@su@tl@UModSys@@U?$TComparerBinaryHash@D@234@@75@ABUSFlags@libmedia@5@@Z 00402360 f i umodsys_lib_libmedia:umodsys.mod.media.stdio.obj
 0001:000014f0       ?data_info@RDataArchiver_OsDir@stdio@media@modules@UModSys@@UAE_NABU?$TString@U?$TSCoreConst@D@su@tl@UModSys@@U?$TComparerBinaryHash@D@234@@tl@5@IAAUSFileInfo@libmedia@5@ABUSFlags@95@@Z 004024f0 f i umodsys_lib_libmedia:umodsys.mod.media.stdio.obj
 0001:000014f0       ?data_list@RDataArchiver_OsDir@stdio@media@modules@UModSys@@UAE_NABU?$TString@U?$TSCoreConst@D@su@tl@UModSys@@U?$TComparerBinaryHash@D@234@@tl@5@IAAU?$TIStackSocket@USFileInfo@libmedia@UModSys@@@75@ABUSFlags@libmedia@5@@Z 004024f0 f i umodsys_lib_libmedia:umodsys.mod.media.stdio.obj
 0001:00001540       ?get_permissions@RDataArchiver_OsDir@stdio@media@modules@UModSys@@UAEHXZ 00402540 f i umodsys_lib_libmedia:umodsys.mod.media.stdio.obj
 0001:00001550       ??_ERDataArchiver_OsDir@stdio@media@modules@UModSys@@UAEPAXI@Z 00402550 f i  CIL library: CIL module
 0001:00001550       ??_GRDataArchiver_OsDir@stdio@media@modules@UModSys@@UAEPAXI@Z 00402550 f i umodsys_lib_libmedia:umodsys.mod.media.stdio.obj
 0001:00001570       ??1ILibraryObjCache@libmedia@UModSys@@UAE@XZ 00402570 f i umodsys_lib_libmedia:umodsys.mod.media.stdlib.obj
 0001:00001570       ??1ILibraryBinTree@libmedia@UModSys@@UAE@XZ 00402570 f i umodsys_lib_libmedia:umodsys.mod.media.stdlib.obj
 0001:00001570       ??1ILibraryBinCache@libmedia@UModSys@@UAE@XZ 00402570 f i umodsys_lib_libmedia:umodsys.mod.media.stdlib.obj
 0001:00001570       ??1ILibraryObjFilter@libmedia@UModSys@@UAE@XZ 00402570 f i umodsys_lib_libmedia:umodsys.mod.media.stdlib.obj
 0001:00001570       ??1ILibraryLayered@libmedia@UModSys@@UAE@XZ 00402570 f i umodsys_lib_libmedia:umodsys.mod.media.stdlib.obj
 0001:00001570       ??1IBinArchive@libmedia@UModSys@@UAE@XZ 00402570 f i umodsys_lib_libmedia:umodsys.mod.media.stdio.obj
 0001:000015c0       ?get_generated_names@RGenerator@stdio@media@modules@UModSys@@UBEHAAUSUniquePtrList@core@5@@Z 004025c0 f i umodsys_lib_libmedia:umodsys.mod.media.stdio.obj
 0001:00001600       ?get_generated_types@RGenerator@stdio@media@modules@UModSys@@UBEHAAUSUniquePtrList@core@5@PBUSUniquePointerInfo@75@@Z 00402600 f i umodsys_lib_libmedia:umodsys.mod.media.stdio.obj
 0001:00001690       ?generate@RGenerator@stdio@media@modules@UModSys@@UAE_NAAU?$TRefObject@UIRefObject@core@UModSys@@U?$TRefObjectFunc@UIRefObject@core@UModSys@@@tl@3@@tl@5@PBUSUniquePointerInfo@core@5@ABUSParameters@95@@Z 00402690 f i umodsys_lib_libmedia:umodsys.mod.media.stdio.obj
 0001:000016f0       ?root_get_interface_info@RGenerator@stdio@media@modules@UModSys@@UBEABUSUniquePointerInfo@core@5@XZ 004026f0 f i umodsys_lib_libmedia:umodsys.mod.media.stdio.obj
 0001:00001700       ?root_get_interface_type@RGenerator@stdio@media@modules@UModSys@@UBEPBUSUniquePointerInfo@core@5@XZ 00402700 f i umodsys_lib_libmedia:umodsys.mod.media.stdio.obj
 0001:00001710       ?root_get_other_interface@RGenerator@stdio@media@modules@UModSys@@UAEPAUIRoot@core@5@PBUSUniquePointerInfo@75@@Z 00402710 f i umodsys_lib_libmedia:umodsys.mod.media.stdio.obj
 0001:00001710       ?root_get_other_interface@RGenerator@stdio@media@modules@UModSys@@UBEPBUIRoot@core@5@PBUSUniquePointerInfo@75@@Z 00402710 f i umodsys_lib_libmedia:umodsys.mod.media.stdio.obj
 0001:00001750       ?root_is_interface_supported@RGenerator@stdio@media@modules@UModSys@@UBE_NPBUSUniquePointerInfo@core@5@@Z 00402750 f i umodsys_lib_libmedia:umodsys.mod.media.stdio.obj
 0001:00001790       ?ref_add@RStreamReader_FILE@stdio@media@modules@UModSys@@UBEXXZ 00402790 f i umodsys_lib_libmedia:umodsys.mod.media.stdio.obj
 0001:00001790       ?ref_add@RGenerator@stdio@media@modules@UModSys@@UBEXXZ 00402790 f i umodsys_lib_libmedia:umodsys.mod.media.stdio.obj
 0001:00001790       ?ref_add@RGenerator@stdlib@media@modules@UModSys@@UBEXXZ 00402790 f i umodsys_lib_libmedia:umodsys.mod.media.stdlib.obj
 0001:00001790       ?ref_add@RStreamWriter_FILE@stdio@media@modules@UModSys@@UBEXXZ 00402790 f i umodsys_lib_libmedia:umodsys.mod.media.stdio.obj
 0001:00001790       ?ref_add@RUtilities@stdlib@media@modules@UModSys@@UBEXXZ 00402790 f i umodsys_lib_libmedia:umodsys.mod.media.stdlib.obj
 0001:000017a0       ?get_uid@RGenerator@stdio@media@modules@UModSys@@UBEPBUSUniquePointerInfo@core@5@XZ 004027a0 f i umodsys_lib_libmedia:umodsys.mod.media.stdio.obj
 0001:000017b0       ?do_open@RModuleReg@stdio@media@modules@UModSys@@UAE_NXZ 004027b0 f i umodsys_lib_libmedia:umodsys.mod.media.stdio.obj
 0001:000017c0       ?do_close@RModuleReg@stdio@media@modules@UModSys@@UAE_NXZ 004027c0 f i umodsys_lib_libmedia:umodsys.mod.media.stdio.obj
 0001:000017d0       ??_ERModuleReg@stdio@media@modules@UModSys@@UAEPAXI@Z 004027d0 f i  CIL library: CIL module
 0001:000017d0       ??_GRModuleReg@stdio@media@modules@UModSys@@UAEPAXI@Z 004027d0 f i umodsys_lib_libmedia:umodsys.mod.media.stdio.obj
 0001:00001800       ??_ERGenerator@stdio@media@modules@UModSys@@UAEPAXI@Z 00402800 f i  CIL library: CIL module
 0001:00001800       ??_GRGenerator@stdlib@media@modules@UModSys@@UAEPAXI@Z 00402800 f i umodsys_lib_libmedia:umodsys.mod.media.stdlib.obj
 0001:00001800       ??_EIRefObject@core@UModSys@@UAEPAXI@Z 00402800 f i  CIL library: CIL module
 0001:00001800       ??_GRGenerator@stdio@media@modules@UModSys@@UAEPAXI@Z 00402800 f i umodsys_lib_libmedia:umodsys.mod.media.stdio.obj
 0001:00001800       ??_ERGenerator@stdlib@media@modules@UModSys@@UAEPAXI@Z 00402800 f i  CIL library: CIL module
 0001:00001800       ??_GIRefObject@core@UModSys@@UAEPAXI@Z 00402800 f i umodsys_lib_libmedia:umodsys.mod.media.stdio.obj
 0001:00001820       ?info_release@?$TSCoreShared@USIMemAlloc@core@UModSys@@D@su@tl@UModSys@@QAEXXZ 00402820 f i umodsys_lib_libmedia:umodsys.mod.media.stdio.obj
 0001:000018a0       ?info_new@?$TSCoreShared@USIMemAlloc@core@UModSys@@D@su@tl@UModSys@@QAE_NPBDI@Z 004028a0 f i umodsys_lib_libmedia:umodsys.mod.media.stdio.obj
 0001:00001950       ?get_null@?$TSCoreShared@USIMemAlloc@core@UModSys@@D@su@tl@UModSys@@SAPAU?$TSharedStringInfo@DUSIMemAlloc@core@UModSys@@@234@XZ 00402950 f i umodsys_lib_libmedia:umodsys.mod.media.stdio.obj
 0001:00001990       ??$ValidateConstruction@UIStreamReader@libmedia@UModSys@@URStreamReader_FILE@stdio@media@modules@3@@core@UModSys@@YA_NAAU?$TRefObject@UIStreamReader@libmedia@UModSys@@U?$TRefObjectFunc@UIStreamReader@libmedia@UModSys@@@tl@3@@tl@1@PAURStreamReader_FILE@stdio@media@modules@1@@Z 00402990 f i umodsys_lib_libmedia:umodsys.mod.media.stdio.obj
 0001:00001990       ??$ValidateConstruction@UIRefObject@core@UModSys@@URStreamReader_FILE@stdio@media@modules@3@@core@UModSys@@YA_NAAU?$TRefObject@UIRefObject@core@UModSys@@U?$TRefObjectFunc@UIRefObject@core@UModSys@@@tl@3@@tl@1@PAURStreamReader_FILE@stdio@media@modules@1@@Z 00402990 f i umodsys_lib_libmedia:umodsys.mod.media.stdio.obj
 0001:00001a20       ??$ValidateConstruction@UIStreamWriter@libmedia@UModSys@@URStreamWriter_FILE@stdio@media@modules@3@@core@UModSys@@YA_NAAU?$TRefObject@UIStreamWriter@libmedia@UModSys@@U?$TRefObjectFunc@UIStreamWriter@libmedia@UModSys@@@tl@3@@tl@1@PAURStreamWriter_FILE@stdio@media@modules@1@@Z 00402a20 f i umodsys_lib_libmedia:umodsys.mod.media.stdio.obj
 0001:00001a20       ??$ValidateConstruction@UIRefObject@core@UModSys@@URStreamWriter_FILE@stdio@media@modules@3@@core@UModSys@@YA_NAAU?$TRefObject@UIRefObject@core@UModSys@@U?$TRefObjectFunc@UIRefObject@core@UModSys@@@tl@3@@tl@1@PAURStreamWriter_FILE@stdio@media@modules@1@@Z 00402a20 f i umodsys_lib_libmedia:umodsys.mod.media.stdio.obj
 0001:00001ab0       ??$t_types@URDataArchiver_OsDir@stdio@media@modules@UModSys@@@IGenerator@base@UModSys@@KA_NAAHAAUSUniquePtrList@core@2@PBUSUniquePointerInfo@42@@Z 00402ab0 f i umodsys_lib_libmedia:umodsys.mod.media.stdio.obj
 0001:00001b00       ??$t_gen_param@URStreamReader_FILE@stdio@media@modules@UModSys@@URGenerator@2345@@IGenerator@base@UModSys@@IAE_NPAURGenerator@stdio@media@modules@2@AAU?$TRefObject@UIRefObject@core@UModSys@@U?$TRefObjectFunc@UIRefObject@core@UModSys@@@tl@3@@tl@2@PBUSUniquePointerInfo@core@2@ABUSParameters@core@2@@Z 00402b00 f i umodsys_lib_libmedia:umodsys.mod.media.stdio.obj
 0001:00001b80       ??$t_gen_param@URStreamWriter_FILE@stdio@media@modules@UModSys@@URGenerator@2345@@IGenerator@base@UModSys@@IAE_NPAURGenerator@stdio@media@modules@2@AAU?$TRefObject@UIRefObject@core@UModSys@@U?$TRefObjectFunc@UIRefObject@core@UModSys@@@tl@3@@tl@2@PBUSUniquePointerInfo@core@2@ABUSParameters@core@2@@Z 00402b80 f i umodsys_lib_libmedia:umodsys.mod.media.stdio.obj
 0001:00001bf0       ??$t_gen_param@URDataArchiver_OsDir@stdio@media@modules@UModSys@@URGenerator@2345@@IGenerator@base@UModSys@@IAE_NPAURGenerator@stdio@media@modules@2@AAU?$TRefObject@UIRefObject@core@UModSys@@U?$TRefObjectFunc@UIRefObject@core@UModSys@@@tl@3@@tl@2@PBUSUniquePointerInfo@core@2@ABUSParameters@core@2@@Z 00402bf0 f i umodsys_lib_libmedia:umodsys.mod.media.stdio.obj
 0001:00001c70       ??1?$TRefObject@UIModObject@base@UModSys@@U?$TModObjectFunc@UIModObject@base@UModSys@@@tl@3@@tl@UModSys@@QAE@XZ 00402c70 f i umodsys_lib_libmedia:umodsys.mod.media.stdio.obj
 0001:00001c90       ??$is_flag@U?$TFlags4StateShift@USMediaFlagUid@libmedia@UModSys@@I$09@tl@UModSys@@@SFlags@libmedia@UModSys@@QBE_NPBUIResolverAuto@012@W4eStates@?$TFlags4State@USMediaFlagUid@libmedia@UModSys@@I@tl@2@@Z 00402c90 f i umodsys_lib_libmedia:umodsys.mod.media.stdio.obj
 0001:00001cf0       ?s_set@?$TRefObjectFunc@UIRefObject@core@UModSys@@@tl@UModSys@@SAXAAPAUIRefObject@core@3@PAU453@@Z 00402cf0 f i umodsys_lib_libmedia:umodsys.mod.media.stdio.obj
 0001:00001d10       ?alloc@SMemShared@core@UModSys@@QAE_NABUSCMem@23@PAUSSourceContext@23@@Z 00402d10 f i umodsys_lib_libmedia:umodsys.mod.media.stdlib.obj
 0001:00001d70       ??BSMemShared@core@UModSys@@QBE?AUSMem@12@XZ 00402d70 f i umodsys_lib_libmedia:umodsys.mod.media.stdlib.obj
 0001:00001dc0       ??0SFileInfo@libmedia@UModSys@@QAE@XZ 00402dc0 f i umodsys_lib_libmedia:umodsys.mod.media.stdlib.obj
 0001:00001e80       ??1SFileInfo@libmedia@UModSys@@QAE@XZ 00402e80 f i umodsys_lib_libmedia:umodsys.mod.media.stdlib.obj
 0001:00001ef0       ?get_flag@RResolverChain@SFlagsChain@libmedia@UModSys@@UBE?AW4eStates@?$TFlags4State@USMediaFlagUid@libmedia@UModSys@@I@tl@4@H@Z 00402ef0 f i umodsys_lib_libmedia:umodsys.mod.media.stdlib.obj
 0001:00001f30       ?bin_reader@ILibrary@libmedia@UModSys@@QAE?AU?$TRefObject@UIStreamReader@libmedia@UModSys@@U?$TRefObjectFunc@UIStreamReader@libmedia@UModSys@@@tl@3@@tl@3@ABU?$TString@U?$TSCoreConst@D@su@tl@UModSys@@U?$TComparerBinaryHash@D@234@@53@ABU?$TFlags4State@USMediaFlagUid@libmedia@UModSys@@I@53@@Z 00402f30 f i umodsys_lib_libmedia:umodsys.mod.media.stdlib.obj
 0001:00001f70       ?bin_writer@ILibrary@libmedia@UModSys@@QAE?AU?$TRefObject@UIStreamWriter@libmedia@UModSys@@U?$TRefObjectFunc@UIStreamWriter@libmedia@UModSys@@@tl@3@@tl@3@ABU?$TString@U?$TSCoreConst@D@su@tl@UModSys@@U?$TComparerBinaryHash@D@234@@53@ABU?$TFlags4State@USMediaFlagUid@libmedia@UModSys@@I@53@@Z 00402f70 f i umodsys_lib_libmedia:umodsys.mod.media.stdlib.obj
 0001:00001fb0       ??1SPoint@ILibraryBinTree@libmedia@UModSys@@QAE@XZ 00402fb0 f i umodsys_lib_libmedia:umodsys.mod.media.stdlib.obj
 0001:00001fb0       ??1SLayer@ILibraryLayered@libmedia@UModSys@@QAE@XZ 00402fb0 f i umodsys_lib_libmedia:umodsys.mod.media.stdlib.obj
 0001:00001fd0       ?setname@NameNode@IBinArchiveFrame@libmedia@UModSys@@QAEXPAXHABU?$TString@U?$TSCoreConst@D@su@tl@UModSys@@U?$TComparerBinaryHash@D@234@@tl@4@@Z 00402fd0 f i umodsys_lib_libmedia:umodsys.mod.media.stdlib.obj
 0001:00002020       ?setname@NameNode@IBinArchiveFrame@libmedia@UModSys@@QAEXPAXHABU?$TString@U?$TSCoreConst@D@su@tl@UModSys@@U?$TComparerUtfNocaseHash@D@234@@tl@4@@Z 00403020 f i umodsys_lib_libmedia:umodsys.mod.media.stdlib.obj
 0001:00002070       ?root_get_interface_info@RUtilities@stdlib@media@modules@UModSys@@UBEABUSUniquePointerInfo@core@5@XZ 00403070 f i umodsys_lib_libmedia:umodsys.mod.media.stdlib.obj
 0001:00002080       ?root_get_interface_type@RUtilities@stdlib@media@modules@UModSys@@UBEPBUSUniquePointerInfo@core@5@XZ 00403080 f i umodsys_lib_libmedia:umodsys.mod.media.stdlib.obj
 0001:00002090       ?root_get_other_interface@RUtilities@stdlib@media@modules@UModSys@@UBEPBUIRoot@core@5@PBUSUniquePointerInfo@75@@Z 00403090 f i umodsys_lib_libmedia:umodsys.mod.media.stdlib.obj
 0001:00002090       ?root_get_other_interface@RUtilities@stdlib@media@modules@UModSys@@UAEPAUIRoot@core@5@PBUSUniquePointerInfo@75@@Z 00403090 f i umodsys_lib_libmedia:umodsys.mod.media.stdlib.obj
 0001:000020c0       ?root_is_interface_supported@RUtilities@stdlib@media@modules@UModSys@@UBE_NPBUSUniquePointerInfo@core@5@@Z 004030c0 f i umodsys_lib_libmedia:umodsys.mod.media.stdlib.obj
 0001:00002100       ?suicide@RStreamReader_FILE@stdio@media@modules@UModSys@@UAEXXZ 00403100 f i umodsys_lib_libmedia:umodsys.mod.media.stdio.obj
 0001:00002100       ?suicide@RUtilities@stdlib@media@modules@UModSys@@UAEXXZ 00403100 f i umodsys_lib_libmedia:umodsys.mod.media.stdlib.obj
 0001:00002100       ?suicide@RStreamWriter_FILE@stdio@media@modules@UModSys@@UAEXXZ 00403100 f i umodsys_lib_libmedia:umodsys.mod.media.stdio.obj
 0001:00002110       ?root_get_interface_info@RBinArchiveFrame@stdlib@media@modules@UModSys@@UBEABUSUniquePointerInfo@core@5@XZ 00403110 f i umodsys_lib_libmedia:umodsys.mod.media.stdlib.obj
 0001:00002120       ?root_get_interface_type@RBinArchiveFrame@stdlib@media@modules@UModSys@@UBEPBUSUniquePointerInfo@core@5@XZ 00403120 f i umodsys_lib_libmedia:umodsys.mod.media.stdlib.obj
 0001:00002130       ?root_get_interface_types@RParameters@rsystem@base@UModSys@@UBEIAAUSUniquePtrList@core@4@@Z 00403130 f i umodsys_lib_basesys:umodsys.basesys.rparameters.obj
 0001:00002130       ?root_get_interface_types@RLibraryObjFilter@stdlib@media@modules@UModSys@@UBEIAAUSUniquePtrList@core@5@@Z 00403130 f i umodsys_lib_libmedia:umodsys.mod.media.stdlib.obj
 0001:00002130       ?root_get_interface_types@RLibraryBinTree@stdlib@media@modules@UModSys@@UBEIAAUSUniquePtrList@core@5@@Z 00403130 f i umodsys_lib_libmedia:umodsys.mod.media.stdlib.obj
 0001:00002130       ?root_get_interface_types@RLibraryObjCache@stdlib@media@modules@UModSys@@UBEIAAUSUniquePtrList@core@5@@Z 00403130 f i umodsys_lib_libmedia:umodsys.mod.media.stdlib.obj
 0001:00002130       ?root_get_interface_types@RModuleLibrarySO@rsystem@base@UModSys@@UBEIAAUSUniquePtrList@core@4@@Z 00403130 f i umodsys_lib_basesys:umodsys.basesys.rmodulelibso.obj
 0001:00002130       ?root_get_interface_types@RModuleLibraryThis@rsystem@base@UModSys@@UBEIAAUSUniquePtrList@core@4@@Z 00403130 f i umodsys_lib_basesys:umodsys.basesys.rmodulelibthis.obj
 0001:00002130       ?root_get_interface_types@RLibraryBinCache@stdlib@media@modules@UModSys@@UBEIAAUSUniquePtrList@core@5@@Z 00403130 f i umodsys_lib_libmedia:umodsys.mod.media.stdlib.obj
 0001:00002130       ?root_get_interface_types@RLibraryLayered@stdlib@media@modules@UModSys@@UBEIAAUSUniquePtrList@core@5@@Z 00403130 f i umodsys_lib_libmedia:umodsys.mod.media.stdlib.obj
 0001:00002130       ?root_get_interface_types@ISystem@base@UModSys@@UBEIAAUSUniquePtrList@core@3@@Z 00403130 f i umodsys_lib_basesys:umodsys.basesys.rsystem_main.obj
 0001:00002130       ?root_get_interface_types@RGenerator@stdio@media@modules@UModSys@@UBEIAAUSUniquePtrList@core@5@@Z 00403130 f i umodsys_lib_libmedia:umodsys.mod.media.stdio.obj
 0001:00002130       ?root_get_interface_types@RSystem@rsystem@base@UModSys@@UBEIAAUSUniquePtrList@core@4@@Z 00403130 f i umodsys_lib_basesys:umodsys.basesys.rsystem_main.obj
 0001:00002130       ?root_get_interface_types@RModule@rsystem@base@UModSys@@UBEIAAUSUniquePtrList@core@4@@Z 00403130 f i umodsys_lib_basesys:umodsys.basesys.rmodule.obj
 0001:00002130       ?root_get_interface_types@RBinArchiveFrame@stdlib@media@modules@UModSys@@UBEIAAUSUniquePtrList@core@5@@Z 00403130 f i umodsys_lib_libmedia:umodsys.mod.media.stdlib.obj
 0001:00002130       ?root_get_interface_types@RUtilities@stdlib@media@modules@UModSys@@UBEIAAUSUniquePtrList@core@5@@Z 00403130 f i umodsys_lib_libmedia:umodsys.mod.media.stdlib.obj
 0001:00002130       ?root_get_interface_types@RStreamWriter_FILE@stdio@media@modules@UModSys@@UBEIAAUSUniquePtrList@core@5@@Z 00403130 f i umodsys_lib_libmedia:umodsys.mod.media.stdio.obj
 0001:00002130       ?root_get_interface_types@RGenerator@stdlib@media@modules@UModSys@@UBEIAAUSUniquePtrList@core@5@@Z 00403130 f i umodsys_lib_libmedia:umodsys.mod.media.stdlib.obj
 0001:00002130       ?root_get_interface_types@RStreamReader_FILE@stdio@media@modules@UModSys@@UBEIAAUSUniquePtrList@core@5@@Z 00403130 f i umodsys_lib_libmedia:umodsys.mod.media.stdio.obj
 0001:00002130       ?root_get_interface_types@RDataArchiver_OsDir@stdio@media@modules@UModSys@@UBEIAAUSUniquePtrList@core@5@@Z 00403130 f i umodsys_lib_libmedia:umodsys.mod.media.stdio.obj
 0001:00002130       ?root_get_interface_types@RConsole_std@rsystem@base@UModSys@@UBEIAAUSUniquePtrList@core@4@@Z 00403130 f i umodsys_lib_basesys:umodsys.basesys.rconsole_std.obj
 0001:00002140       ?root_get_other_interface@RBinArchiveFrame@stdlib@media@modules@UModSys@@UBEPBUIRoot@core@5@PBUSUniquePointerInfo@75@@Z 00403140 f i umodsys_lib_libmedia:umodsys.mod.media.stdlib.obj
 0001:00002140       ?root_get_other_interface@RBinArchiveFrame@stdlib@media@modules@UModSys@@UAEPAUIRoot@core@5@PBUSUniquePointerInfo@75@@Z 00403140 f i umodsys_lib_libmedia:umodsys.mod.media.stdlib.obj
 0001:00002180       ?root_is_interface_supported@RBinArchiveFrame@stdlib@media@modules@UModSys@@UBE_NPBUSUniquePointerInfo@core@5@@Z 00403180 f i umodsys_lib_libmedia:umodsys.mod.media.stdlib.obj
 0001:000021d0       ?ref_add@RBinArchiveFrame@stdlib@media@modules@UModSys@@UBEXXZ 004031d0 f i umodsys_lib_libmedia:umodsys.mod.media.stdlib.obj
 0001:000021e0       ?ref_remove@RBinArchiveFrame@stdlib@media@modules@UModSys@@UBEXXZ 004031e0 f i umodsys_lib_libmedia:umodsys.mod.media.stdlib.obj
 0001:000021f0       ?ref_links@RBinArchiveFrame@stdlib@media@modules@UModSys@@UBEHXZ 004031f0 f i umodsys_lib_libmedia:umodsys.mod.media.stdlib.obj
 0001:00002200       ?ref_weak@RBinArchiveFrame@stdlib@media@modules@UModSys@@UBE_NAAUWeakPointer@IRefObject@core@5@@Z 00403200 f i umodsys_lib_libmedia:umodsys.mod.media.stdlib.obj
 0001:00002220       ?suicide@RBinArchiveFrame@stdlib@media@modules@UModSys@@UAEXXZ 00403220 f i umodsys_lib_libmedia:umodsys.mod.media.stdlib.obj
 0001:00002230       ?root_get_interface_info@RLibraryBinTree@stdlib@media@modules@UModSys@@UBEABUSUniquePointerInfo@core@5@XZ 00403230 f i umodsys_lib_libmedia:umodsys.mod.media.stdlib.obj
 0001:00002240       ?root_get_interface_type@RLibraryBinTree@stdlib@media@modules@UModSys@@UBEPBUSUniquePointerInfo@core@5@XZ 00403240 f i umodsys_lib_libmedia:umodsys.mod.media.stdlib.obj
 0001:00002250       ?root_get_other_interface@RLibraryBinTree@stdlib@media@modules@UModSys@@UAEPAUIRoot@core@5@PBUSUniquePointerInfo@75@@Z 00403250 f i umodsys_lib_libmedia:umodsys.mod.media.stdlib.obj
 0001:00002250       ?root_get_other_interface@RLibraryBinTree@stdlib@media@modules@UModSys@@UBEPBUIRoot@core@5@PBUSUniquePointerInfo@75@@Z 00403250 f i umodsys_lib_libmedia:umodsys.mod.media.stdlib.obj
 0001:00002290       ?root_is_interface_supported@RLibraryBinTree@stdlib@media@modules@UModSys@@UBE_NPBUSUniquePointerInfo@core@5@@Z 00403290 f i umodsys_lib_libmedia:umodsys.mod.media.stdlib.obj
 0001:000022e0       ?_root_get_interface_types@RLibraryBinCache@stdlib@media@modules@UModSys@@SAIAAUSUniquePtrList@core@5@@Z 004032e0 f i umodsys_lib_libmedia:umodsys.mod.media.stdlib.obj
 0001:00002330       ?root_get_interface_info@RLibraryBinCache@stdlib@media@modules@UModSys@@UBEABUSUniquePointerInfo@core@5@XZ 00403330 f i umodsys_lib_libmedia:umodsys.mod.media.stdlib.obj
 0001:00002340       ?root_get_interface_type@RLibraryBinCache@stdlib@media@modules@UModSys@@UBEPBUSUniquePointerInfo@core@5@XZ 00403340 f i umodsys_lib_libmedia:umodsys.mod.media.stdlib.obj
 0001:00002350       ?root_get_other_interface@RLibraryBinCache@stdlib@media@modules@UModSys@@UAEPAUIRoot@core@5@PBUSUniquePointerInfo@75@@Z 00403350 f i umodsys_lib_libmedia:umodsys.mod.media.stdlib.obj
 0001:00002350       ?root_get_other_interface@RLibraryBinCache@stdlib@media@modules@UModSys@@UBEPBUIRoot@core@5@PBUSUniquePointerInfo@75@@Z 00403350 f i umodsys_lib_libmedia:umodsys.mod.media.stdlib.obj
 0001:00002390       ?root_is_interface_supported@RLibraryBinCache@stdlib@media@modules@UModSys@@UBE_NPBUSUniquePointerInfo@core@5@@Z 00403390 f i umodsys_lib_libmedia:umodsys.mod.media.stdlib.obj
 0001:000023e0       ?ref_add@RLibraryBinTree@stdlib@media@modules@UModSys@@UBEXXZ 004033e0 f i umodsys_lib_libmedia:umodsys.mod.media.stdlib.obj
 0001:000023e0       ?ref_add@RParameters@rsystem@base@UModSys@@UBEXXZ 004033e0 f i umodsys_lib_basesys:umodsys.basesys.rparameters.obj
 0001:000023e0       ?ref_add@RLibraryBinCache@stdlib@media@modules@UModSys@@UBEXXZ 004033e0 f i umodsys_lib_libmedia:umodsys.mod.media.stdlib.obj
 0001:000023e0       ?ref_add@RLibraryLayered@stdlib@media@modules@UModSys@@UBEXXZ 004033e0 f i umodsys_lib_libmedia:umodsys.mod.media.stdlib.obj
 0001:000023e0       ?ref_add@RLibraryObjFilter@stdlib@media@modules@UModSys@@UBEXXZ 004033e0 f i umodsys_lib_libmedia:umodsys.mod.media.stdlib.obj
 0001:000023e0       ?ref_add@RDataArchiver_OsDir@stdio@media@modules@UModSys@@UBEXXZ 004033e0 f i umodsys_lib_libmedia:umodsys.mod.media.stdio.obj
 0001:000023e0       ?ref_add@RLibraryObjCache@stdlib@media@modules@UModSys@@UBEXXZ 004033e0 f i umodsys_lib_libmedia:umodsys.mod.media.stdlib.obj
 0001:000023f0       ?ref_remove@RParameters@rsystem@base@UModSys@@UBEXXZ 004033f0 f i umodsys_lib_basesys:umodsys.basesys.rparameters.obj
 0001:000023f0       ?ref_remove@RLibraryBinCache@stdlib@media@modules@UModSys@@UBEXXZ 004033f0 f i umodsys_lib_libmedia:umodsys.mod.media.stdlib.obj
 0001:000023f0       ?ref_remove@RLibraryObjFilter@stdlib@media@modules@UModSys@@UBEXXZ 004033f0 f i umodsys_lib_libmedia:umodsys.mod.media.stdlib.obj
 0001:000023f0       ?ref_remove@RLibraryLayered@stdlib@media@modules@UModSys@@UBEXXZ 004033f0 f i umodsys_lib_libmedia:umodsys.mod.media.stdlib.obj
 0001:000023f0       ?ref_remove@RLibraryBinTree@stdlib@media@modules@UModSys@@UBEXXZ 004033f0 f i umodsys_lib_libmedia:umodsys.mod.media.stdlib.obj
 0001:000023f0       ?ref_remove@RLibraryObjCache@stdlib@media@modules@UModSys@@UBEXXZ 004033f0 f i umodsys_lib_libmedia:umodsys.mod.media.stdlib.obj
 0001:000023f0       ?ref_remove@RDataArchiver_OsDir@stdio@media@modules@UModSys@@UBEXXZ 004033f0 f i umodsys_lib_libmedia:umodsys.mod.media.stdio.obj
 0001:00002400       ?root_get_interface_info@RLibraryLayered@stdlib@media@modules@UModSys@@UBEABUSUniquePointerInfo@core@5@XZ 00403400 f i umodsys_lib_libmedia:umodsys.mod.media.stdlib.obj
 0001:00002410       ?root_get_interface_type@RLibraryLayered@stdlib@media@modules@UModSys@@UBEPBUSUniquePointerInfo@core@5@XZ 00403410 f i umodsys_lib_libmedia:umodsys.mod.media.stdlib.obj
 0001:00002420       ?root_get_other_interface@RLibraryLayered@stdlib@media@modules@UModSys@@UBEPBUIRoot@core@5@PBUSUniquePointerInfo@75@@Z 00403420 f i umodsys_lib_libmedia:umodsys.mod.media.stdlib.obj
 0001:00002420       ?root_get_other_interface@RLibraryLayered@stdlib@media@modules@UModSys@@UAEPAUIRoot@core@5@PBUSUniquePointerInfo@75@@Z 00403420 f i umodsys_lib_libmedia:umodsys.mod.media.stdlib.obj
 0001:00002460       ?root_is_interface_supported@RLibraryLayered@stdlib@media@modules@UModSys@@UBE_NPBUSUniquePointerInfo@core@5@@Z 00403460 f i umodsys_lib_libmedia:umodsys.mod.media.stdlib.obj
 0001:000024b0       ?ref_links@RDataArchiver_OsDir@stdio@media@modules@UModSys@@UBEHXZ 004034b0 f i umodsys_lib_libmedia:umodsys.mod.media.stdio.obj
 0001:000024b0       ?ref_links@RParameters@rsystem@base@UModSys@@UBEHXZ 004034b0 f i umodsys_lib_basesys:umodsys.basesys.rparameters.obj
 0001:000024b0       ?ref_links@RLibraryObjFilter@stdlib@media@modules@UModSys@@UBEHXZ 004034b0 f i umodsys_lib_libmedia:umodsys.mod.media.stdlib.obj
 0001:000024b0       ?ref_links@RLibraryBinTree@stdlib@media@modules@UModSys@@UBEHXZ 004034b0 f i umodsys_lib_libmedia:umodsys.mod.media.stdlib.obj
 0001:000024b0       ?ref_links@RLibraryObjCache@stdlib@media@modules@UModSys@@UBEHXZ 004034b0 f i umodsys_lib_libmedia:umodsys.mod.media.stdlib.obj
 0001:000024b0       ?ref_links@RLibraryLayered@stdlib@media@modules@UModSys@@UBEHXZ 004034b0 f i umodsys_lib_libmedia:umodsys.mod.media.stdlib.obj
 0001:000024b0       ?ref_links@RLibraryBinCache@stdlib@media@modules@UModSys@@UBEHXZ 004034b0 f i umodsys_lib_libmedia:umodsys.mod.media.stdlib.obj
 0001:000024c0       ??4SLayerX@RLibraryLayered@stdlib@media@modules@UModSys@@QAEXABUSLayer@ILibraryLayered@libmedia@5@@Z 004034c0 f i umodsys_lib_libmedia:umodsys.mod.media.stdlib.obj
 0001:00002550       ?root_get_interface_info@RLibraryObjCache@stdlib@media@modules@UModSys@@UBEABUSUniquePointerInfo@core@5@XZ 00403550 f i umodsys_lib_libmedia:umodsys.mod.media.stdlib.obj
 0001:00002560       ?root_get_interface_type@RLibraryObjCache@stdlib@media@modules@UModSys@@UBEPBUSUniquePointerInfo@core@5@XZ 00403560 f i umodsys_lib_libmedia:umodsys.mod.media.stdlib.obj
 0001:00002570       ?root_get_other_interface@RLibraryObjCache@stdlib@media@modules@UModSys@@UAEPAUIRoot@core@5@PBUSUniquePointerInfo@75@@Z 00403570 f i umodsys_lib_libmedia:umodsys.mod.media.stdlib.obj
 0001:00002570       ?root_get_other_interface@RLibraryObjCache@stdlib@media@modules@UModSys@@UBEPBUIRoot@core@5@PBUSUniquePointerInfo@75@@Z 00403570 f i umodsys_lib_libmedia:umodsys.mod.media.stdlib.obj
 0001:000025b0       ?root_is_interface_supported@RLibraryObjCache@stdlib@media@modules@UModSys@@UBE_NPBUSUniquePointerInfo@core@5@@Z 004035b0 f i umodsys_lib_libmedia:umodsys.mod.media.stdlib.obj
 0001:00002600       ??0SCacheElem@RLibraryBinCache@stdlib@media@modules@UModSys@@QAE@XZ 00403600 f i umodsys_lib_libmedia:umodsys.mod.media.stdlib.obj
 0001:00002600       ??0SCacheElem@RLibraryObjCache@stdlib@media@modules@UModSys@@QAE@XZ 00403600 f i umodsys_lib_libmedia:umodsys.mod.media.stdlib.obj
 0001:00002660       ?root_get_interface_info@RLibraryObjFilter@stdlib@media@modules@UModSys@@UBEABUSUniquePointerInfo@core@5@XZ 00403660 f i umodsys_lib_libmedia:umodsys.mod.media.stdlib.obj
 0001:00002670       ?root_get_interface_type@RLibraryObjFilter@stdlib@media@modules@UModSys@@UBEPBUSUniquePointerInfo@core@5@XZ 00403670 f i umodsys_lib_libmedia:umodsys.mod.media.stdlib.obj
 0001:00002680       ?root_get_other_interface@RLibraryObjFilter@stdlib@media@modules@UModSys@@UAEPAUIRoot@core@5@PBUSUniquePointerInfo@75@@Z 00403680 f i umodsys_lib_libmedia:umodsys.mod.media.stdlib.obj
 0001:00002680       ?root_get_other_interface@RLibraryObjFilter@stdlib@media@modules@UModSys@@UBEPBUIRoot@core@5@PBUSUniquePointerInfo@75@@Z 00403680 f i umodsys_lib_libmedia:umodsys.mod.media.stdlib.obj
 0001:000026c0       ?root_is_interface_supported@RLibraryObjFilter@stdlib@media@modules@UModSys@@UBE_NPBUSUniquePointerInfo@core@5@@Z 004036c0 f i umodsys_lib_libmedia:umodsys.mod.media.stdlib.obj
 0001:00002710       ?get_generated_names@RGenerator@stdlib@media@modules@UModSys@@UBEHAAUSUniquePtrList@core@5@@Z 00403710 f i umodsys_lib_libmedia:umodsys.mod.media.stdlib.obj
 0001:00002770       ?get_generated_types@RGenerator@stdlib@media@modules@UModSys@@UBEHAAUSUniquePtrList@core@5@PBUSUniquePointerInfo@75@@Z 00403770 f i umodsys_lib_libmedia:umodsys.mod.media.stdlib.obj
 0001:00002850       ?generate@RGenerator@stdlib@media@modules@UModSys@@UAE_NAAU?$TRefObject@UIRefObject@core@UModSys@@U?$TRefObjectFunc@UIRefObject@core@UModSys@@@tl@3@@tl@5@PBUSUniquePointerInfo@core@5@ABUSParameters@95@@Z 00403850 f i umodsys_lib_libmedia:umodsys.mod.media.stdlib.obj
 0001:00002900       ?root_get_interface_info@RGenerator@stdlib@media@modules@UModSys@@UBEABUSUniquePointerInfo@core@5@XZ 00403900 f i umodsys_lib_libmedia:umodsys.mod.media.stdlib.obj
 0001:00002910       ?root_get_interface_type@RGenerator@stdlib@media@modules@UModSys@@UBEPBUSUniquePointerInfo@core@5@XZ 00403910 f i umodsys_lib_libmedia:umodsys.mod.media.stdlib.obj
 0001:00002920       ?root_get_other_interface@RGenerator@stdlib@media@modules@UModSys@@UAEPAUIRoot@core@5@PBUSUniquePointerInfo@75@@Z 00403920 f i umodsys_lib_libmedia:umodsys.mod.media.stdlib.obj
 0001:00002920       ?root_get_other_interface@RGenerator@stdlib@media@modules@UModSys@@UBEPBUIRoot@core@5@PBUSUniquePointerInfo@75@@Z 00403920 f i umodsys_lib_libmedia:umodsys.mod.media.stdlib.obj
 0001:00002960       ?root_is_interface_supported@RGenerator@stdlib@media@modules@UModSys@@UBE_NPBUSUniquePointerInfo@core@5@@Z 00403960 f i umodsys_lib_libmedia:umodsys.mod.media.stdlib.obj
 0001:000029a0       ?ref_remove@RGenerator@stdlib@media@modules@UModSys@@UBEXXZ 004039a0 f i umodsys_lib_libmedia:umodsys.mod.media.stdlib.obj
 0001:000029a0       ?ref_remove@RGenerator@stdio@media@modules@UModSys@@UBEXXZ 004039a0 f i umodsys_lib_libmedia:umodsys.mod.media.stdio.obj
 0001:000029a0       ?ref_remove@RUtilities@stdlib@media@modules@UModSys@@UBEXXZ 004039a0 f i umodsys_lib_libmedia:umodsys.mod.media.stdlib.obj
 0001:000029a0       ?ref_remove@RStreamWriter_FILE@stdio@media@modules@UModSys@@UBEXXZ 004039a0 f i umodsys_lib_libmedia:umodsys.mod.media.stdio.obj
 0001:000029a0       ?ref_remove@RStreamReader_FILE@stdio@media@modules@UModSys@@UBEXXZ 004039a0 f i umodsys_lib_libmedia:umodsys.mod.media.stdio.obj
 0001:000029b0       ?ref_weak@RGenerator@stdlib@media@modules@UModSys@@UBE_NAAUWeakPointer@IRefObject@core@5@@Z 004039b0 f i umodsys_lib_libmedia:umodsys.mod.media.stdlib.obj
 0001:000029b0       ?ref_weak@RUtilities@stdlib@media@modules@UModSys@@UBE_NAAUWeakPointer@IRefObject@core@5@@Z 004039b0 f i umodsys_lib_libmedia:umodsys.mod.media.stdlib.obj
 0001:000029b0       ?ref_weak@RStreamWriter_FILE@stdio@media@modules@UModSys@@UBE_NAAUWeakPointer@IRefObject@core@5@@Z 004039b0 f i umodsys_lib_libmedia:umodsys.mod.media.stdio.obj
 0001:000029b0       ?ref_weak@RGenerator@stdio@media@modules@UModSys@@UBE_NAAUWeakPointer@IRefObject@core@5@@Z 004039b0 f i umodsys_lib_libmedia:umodsys.mod.media.stdio.obj
 0001:000029b0       ?ref_weak@RStreamReader_FILE@stdio@media@modules@UModSys@@UBE_NAAUWeakPointer@IRefObject@core@5@@Z 004039b0 f i umodsys_lib_libmedia:umodsys.mod.media.stdio.obj
 0001:000029d0       ?suicide@RGenerator@stdio@media@modules@UModSys@@UAEXXZ 004039d0 f i umodsys_lib_libmedia:umodsys.mod.media.stdio.obj
 0001:000029d0       ??3@YAXPAX0@Z              004039d0 f i umodsys_lib_libmedia:umodsys.mod.media.stdio.obj
 0001:000029d0       ?suicide@RGenerator@stdlib@media@modules@UModSys@@UAEXXZ 004039d0 f i umodsys_lib_libmedia:umodsys.mod.media.stdlib.obj
 0001:000029e0       ?get_uid@RGenerator@stdlib@media@modules@UModSys@@UBEPBUSUniquePointerInfo@core@5@XZ 004039e0 f i umodsys_lib_libmedia:umodsys.mod.media.stdlib.obj
 0001:000029f0       ??_ERUtilities@stdlib@media@modules@UModSys@@UAEPAXI@Z 004039f0 f i  CIL library: CIL module
 0001:000029f0       ??_GRUtilities@stdlib@media@modules@UModSys@@UAEPAXI@Z 004039f0 f i umodsys_lib_libmedia:umodsys.mod.media.stdlib.obj
 0001:00002a10       ??_ERBinArchiveFrame@stdlib@media@modules@UModSys@@UAEPAXI@Z 00403a10 f i  CIL library: CIL module
 0001:00002a10       ??_GRBinArchiveFrame@stdlib@media@modules@UModSys@@UAEPAXI@Z 00403a10 f i umodsys_lib_libmedia:umodsys.mod.media.stdlib.obj
 0001:00002a30       ??1IBinArchiveFrame@libmedia@UModSys@@UAE@XZ 00403a30 f i umodsys_lib_libmedia:umodsys.mod.media.stdlib.obj
 0001:00002ad0       ??_GRLibraryBinTree@stdlib@media@modules@UModSys@@UAEPAXI@Z 00403ad0 f i umodsys_lib_libmedia:umodsys.mod.media.stdlib.obj
 0001:00002ad0       ??_ERLibraryBinTree@stdlib@media@modules@UModSys@@UAEPAXI@Z 00403ad0 f i  CIL library: CIL module
 0001:00002af0       ??_GRLibraryBinCache@stdlib@media@modules@UModSys@@UAEPAXI@Z 00403af0 f i umodsys_lib_libmedia:umodsys.mod.media.stdlib.obj
 0001:00002af0       ??_ERLibraryBinCache@stdlib@media@modules@UModSys@@UAEPAXI@Z 00403af0 f i  CIL library: CIL module
 0001:00002b10       ??_GRLibraryLayered@stdlib@media@modules@UModSys@@UAEPAXI@Z 00403b10 f i umodsys_lib_libmedia:umodsys.mod.media.stdlib.obj
 0001:00002b10       ??_ERLibraryLayered@stdlib@media@modules@UModSys@@UAEPAXI@Z 00403b10 f i  CIL library: CIL module
 0001:00002b30       ??1SInfo@IBinObjFilter@libmedia@UModSys@@QAE@XZ 00403b30 f i umodsys_lib_libmedia:umodsys.mod.media.stdlib.obj
 0001:00002b30       ??1SCMemShared@core@UModSys@@QAE@XZ 00403b30 f i umodsys_lib_libmedia:umodsys.mod.media.stdlib.obj
 0001:00002b30       ??1SMemShared@core@UModSys@@QAE@XZ 00403b30 f i umodsys_lib_libmedia:umodsys.mod.media.stdio.obj
 0001:00002b50       ??_ERLibraryObjCache@stdlib@media@modules@UModSys@@UAEPAXI@Z 00403b50 f i  CIL library: CIL module
 0001:00002b50       ??_GRLibraryObjCache@stdlib@media@modules@UModSys@@UAEPAXI@Z 00403b50 f i umodsys_lib_libmedia:umodsys.mod.media.stdlib.obj
 0001:00002b70       ??_GRLibraryObjFilter@stdlib@media@modules@UModSys@@UAEPAXI@Z 00403b70 f i umodsys_lib_libmedia:umodsys.mod.media.stdlib.obj
 0001:00002b70       ??_ERLibraryObjFilter@stdlib@media@modules@UModSys@@UAEPAXI@Z 00403b70 f i  CIL library: CIL module
 0001:00002b90       ?do_open@RModuleReg@stdlib@media@modules@UModSys@@UAE_NXZ 00403b90 f i umodsys_lib_libmedia:umodsys.mod.media.stdlib.obj
 0001:00002ba0       ?do_close@RModuleReg@stdlib@media@modules@UModSys@@UAE_NXZ 00403ba0 f i umodsys_lib_libmedia:umodsys.mod.media.stdlib.obj
 0001:00002bb0       ??_GRModuleReg@stdlib@media@modules@UModSys@@UAEPAXI@Z 00403bb0 f i umodsys_lib_libmedia:umodsys.mod.media.stdlib.obj
 0001:00002bb0       ??_ERModuleReg@stdlib@media@modules@UModSys@@UAEPAXI@Z 00403bb0 f i  CIL library: CIL module
 0001:00002be0       ?cat@?$TSCoreBuffer@D@su@tl@UModSys@@QAE_NPBDI@Z 00403be0 f i umodsys_lib_libmedia:umodsys.mod.media.stdlib.obj
 0001:00002c20       ??4?$TString@U?$TSCoreConst@D@su@tl@UModSys@@U?$TComparerBinaryHash@D@234@@tl@UModSys@@QAEABU012@PBD@Z 00403c20 f i umodsys_lib_libmedia:umodsys.mod.media.stdlib.obj
 0001:00002c60       ??4?$TRefObject@UIStreamWriter@libmedia@UModSys@@U?$TRefObjectFunc@UIStreamWriter@libmedia@UModSys@@@tl@3@@tl@UModSys@@QAEABU012@ABU012@@Z 00403c60 f i umodsys_lib_libmedia:umodsys.mod.media.stdlib.obj
 0001:00002c90       ??0?$TString@U?$TSCoreShared@USIMemAlloc@core@UModSys@@D@su@tl@UModSys@@U?$TComparerBinaryHash@D@234@@tl@UModSys@@QAE@ABU?$TSCoreConst@D@su@12@@Z 00403c90 f i umodsys_lib_libmedia:umodsys.mod.media.stdlib.obj
 0001:00002d40       ?is_null@?$TSCoreShared@USIMemAlloc@core@UModSys@@D@su@tl@UModSys@@QBE_NXZ 00403d40 f i umodsys_lib_libmedia:umodsys.mod.media.stdlib.obj
 0001:00002d90       ??0?$TStringBuf@U?$TSCoreShared@USIMemAlloc@core@UModSys@@D@su@tl@UModSys@@U?$TComparerBinaryHash@D@234@@tl@UModSys@@QAE@XZ 00403d90 f i umodsys_lib_libmedia:umodsys.mod.media.stdlib.obj
 0001:00002de0       ??1?$TTreeHoldRBD@UNameNode@IBinArchiveFrame@libmedia@UModSys@@U?$TNodeDeleter0@UNameNode@IBinArchiveFrame@libmedia@UModSys@@@tl@4@@tl@UModSys@@QAE@XZ 00403de0 f i umodsys_lib_libmedia:umodsys.mod.media.stdlib.obj
 0001:00002e30       ?set_length@?$TStringBuf@U?$TSCoreShared@USIMemAlloc@core@UModSys@@D@su@tl@UModSys@@U?$TComparerBinaryHash@D@234@@tl@UModSys@@QAEXI@Z 00403e30 f i umodsys_lib_libmedia:umodsys.mod.media.stdlib.obj
 0001:00002e90       ?remove_node@?$TTreeHoldRB@U?$TScatterArrayNode@USCacheElem@RLibraryObjCache@stdlib@media@modules@UModSys@@U?$TString@U?$TSCoreConst@D@su@tl@UModSys@@U?$TComparerBinaryHash@D@234@@tl@6@@tl@UModSys@@@tl@UModSys@@QAEXPAU?$TScatterArrayNode@USCacheElem@RLibraryObjCache@stdlib@media@modules@UModSys@@U?$TString@U?$TSCoreConst@D@su@tl@UModSys@@U?$TComparerBinaryHash@D@234@@tl@6@@23@@Z 00403e90 f i umodsys_lib_libmedia:umodsys.mod.media.stdlib.obj
 0001:00002e90       ?remove_node@?$TTreeHoldRB@U?$TScatterArrayNode@USCacheElem@RLibraryBinCache@stdlib@media@modules@UModSys@@U?$TString@U?$TSCoreConst@D@su@tl@UModSys@@U?$TComparerBinaryHash@D@234@@tl@6@@tl@UModSys@@@tl@UModSys@@QAEXPAU?$TScatterArrayNode@USCacheElem@RLibraryBinCache@stdlib@media@modules@UModSys@@U?$TString@U?$TSCoreConst@D@su@tl@UModSys@@U?$TComparerBinaryHash@D@234@@tl@6@@23@@Z 00403e90 f i umodsys_lib_libmedia:umodsys.mod.media.stdlib.obj
 0001:00002e90       ?remove_node@?$TTreeHoldRB@U?$TScatterArrayNode@USFilter@RLibraryObjFilter@stdlib@media@modules@UModSys@@USId@23456@@tl@UModSys@@@tl@UModSys@@QAEXPAU?$TScatterArrayNode@USFilter@RLibraryObjFilter@stdlib@media@modules@UModSys@@USId@23456@@23@@Z 00403e90 f i umodsys_lib_libmedia:umodsys.mod.media.stdlib.obj
 0001:00002e90       ?remove_node@?$TTreeHoldRB@U?$TScatterArrayNode@USMountInfo@RLibraryBinTree@stdlib@media@modules@UModSys@@USId@ILibraryBinTree@libmedia@6@@tl@UModSys@@@tl@UModSys@@QAEXPAU?$TScatterArrayNode@USMountInfo@RLibraryBinTree@stdlib@media@modules@UModSys@@USId@ILibraryBinTree@libmedia@6@@23@@Z 00403e90 f i umodsys_lib_libmedia:umodsys.mod.media.stdlib.obj
 0001:00002e90       ?remove_node@?$TTreeHoldRB@UNameNode@IBinArchiveFrame@libmedia@UModSys@@@tl@UModSys@@QAEXPAUNameNode@IBinArchiveFrame@libmedia@3@@Z 00403e90 f i umodsys_lib_libmedia:umodsys.mod.media.stdlib.obj
 0001:00002f80       ??1?$TPair@USId@ILibraryBinTree@libmedia@UModSys@@USMountInfo@RLibraryBinTree@stdlib@media@modules@4@@tl@UModSys@@QAE@XZ 00403f80 f i umodsys_lib_libmedia:umodsys.mod.media.stdlib.obj
 0001:00002f90       ??1?$TPair@U?$TString@U?$TSCoreConst@D@su@tl@UModSys@@U?$TComparerBinaryHash@D@234@@tl@UModSys@@USCacheElem@RLibraryBinCache@stdlib@media@modules@3@@tl@UModSys@@QAE@XZ 00403f90 f i umodsys_lib_libmedia:umodsys.mod.media.stdlib.obj
 0001:00002fa0       ??1?$TPair@U?$TString@U?$TSCoreConst@D@su@tl@UModSys@@U?$TComparerBinaryHash@D@234@@tl@UModSys@@USCacheElem@RLibraryObjCache@stdlib@media@modules@3@@tl@UModSys@@QAE@XZ 00403fa0 f i umodsys_lib_libmedia:umodsys.mod.media.stdlib.obj
 0001:00002fb0       ??1?$TPair@USId@RLibraryObjFilter@stdlib@media@modules@UModSys@@USFilter@23456@@tl@UModSys@@QAE@XZ 00403fb0 f i umodsys_lib_libmedia:umodsys.mod.media.stdlib.obj
 0001:00002fd0       ??1SMountInfo@RLibraryBinTree@stdlib@media@modules@UModSys@@QAE@XZ 00403fd0 f i umodsys_lib_libmedia:umodsys.mod.media.stdlib.obj
 0001:00003030       ??1SCacheElem@RLibraryBinCache@stdlib@media@modules@UModSys@@QAE@XZ 00404030 f i umodsys_lib_libmedia:umodsys.mod.media.stdlib.obj
 0001:00003090       ??1SCacheElem@RLibraryObjCache@stdlib@media@modules@UModSys@@QAE@XZ 00404090 f i umodsys_lib_libmedia:umodsys.mod.media.stdlib.obj
 0001:000030f0       ?info_alloc@?$TSCoreShared@USIMemAlloc@core@UModSys@@D@su@tl@UModSys@@QAE_NI@Z 004040f0 f i umodsys_lib_libmedia:umodsys.mod.media.stdlib.obj
 0001:00003160       ?obj_delete@?$TRefObjectLinksModObject@URLibraryObjFilter@stdlib@media@modules@UModSys@@UIModObject@base@5@@tl@UModSys@@QBEXPAURLibraryObjFilter@stdlib@media@modules@3@@Z 00404160 f i umodsys_lib_libmedia:umodsys.mod.media.stdlib.obj
 0001:00003160       ?obj_delete@?$TRefObjectLinksModObject@URLibraryBinTree@stdlib@media@modules@UModSys@@UIModObject@base@5@@tl@UModSys@@QBEXPAURLibraryBinTree@stdlib@media@modules@3@@Z 00404160 f i umodsys_lib_libmedia:umodsys.mod.media.stdlib.obj
 0001:00003160       ?obj_delete@?$TRefObjectLinksModObject@URLibraryLayered@stdlib@media@modules@UModSys@@UIModObject@base@5@@tl@UModSys@@QBEXPAURLibraryLayered@stdlib@media@modules@3@@Z 00404160 f i umodsys_lib_libmedia:umodsys.mod.media.stdlib.obj
 0001:00003160       ?obj_delete@?$TRefObjectLinksModObject@URStreamReader_FILE@stdio@media@modules@UModSys@@UIModObject@base@5@@tl@UModSys@@QBEXPAURStreamReader_FILE@stdio@media@modules@3@@Z 00404160 f i umodsys_lib_libmedia:umodsys.mod.media.stdio.obj
 0001:00003160       ?obj_delete@?$TRefObjectLinksModObject@URStreamWriter_FILE@stdio@media@modules@UModSys@@UIModObject@base@5@@tl@UModSys@@QBEXPAURStreamWriter_FILE@stdio@media@modules@3@@Z 00404160 f i umodsys_lib_libmedia:umodsys.mod.media.stdio.obj
 0001:00003160       ?obj_delete@?$TRefObjectLinksModObject@URUtilities@stdlib@media@modules@UModSys@@UIModObject@base@5@@tl@UModSys@@QBEXPAURUtilities@stdlib@media@modules@3@@Z 00404160 f i umodsys_lib_libmedia:umodsys.mod.media.stdlib.obj
 0001:00003160       ?obj_delete@?$TRefObjectLinksModObject@URLibraryBinCache@stdlib@media@modules@UModSys@@UIModObject@base@5@@tl@UModSys@@QBEXPAURLibraryBinCache@stdlib@media@modules@3@@Z 00404160 f i umodsys_lib_libmedia:umodsys.mod.media.stdlib.obj
 0001:00003160       ?obj_delete@?$TRefObjectLinksModObject@URBinArchiveFrame@stdlib@media@modules@UModSys@@UIModObject@base@5@@tl@UModSys@@QBEXPAURBinArchiveFrame@stdlib@media@modules@3@@Z 00404160 f i umodsys_lib_libmedia:umodsys.mod.media.stdlib.obj
 0001:00003160       ?obj_delete@?$TRefObjectLinksModObject@URLibraryObjCache@stdlib@media@modules@UModSys@@UIModObject@base@5@@tl@UModSys@@QBEXPAURLibraryObjCache@stdlib@media@modules@3@@Z 00404160 f i umodsys_lib_libmedia:umodsys.mod.media.stdlib.obj
 0001:00003160       ?obj_delete@?$TRefObjectLinksModObject@URDataArchiver_OsDir@stdio@media@modules@UModSys@@UIModObject@base@5@@tl@UModSys@@QBEXPAURDataArchiver_OsDir@stdio@media@modules@3@@Z 00404160 f i umodsys_lib_libmedia:umodsys.mod.media.stdio.obj
 0001:000031d0       ?ResizeRel@?$TDynarray@U?$TDynarrayHolderDynamic@UBuffer@RUtilities@stdlib@media@modules@UModSys@@U?$TAllocator@USIMemAlloc@core@UModSys@@USCountCalcPower2@23@@tl@6@@tl@UModSys@@@tl@UModSys@@QAE_NH@Z 004041d0 f i umodsys_lib_libmedia:umodsys.mod.media.stdlib.obj
 0001:00003230       ??$new_node@U?$TString@U?$TSCoreConst@D@su@tl@UModSys@@U?$TComparerUtfNocaseHash@D@234@@tl@UModSys@@@RBinArchiveFrame@stdlib@media@modules@UModSys@@SAPAUNameNode@IBinArchiveFrame@libmedia@4@ABU?$TString@U?$TSCoreConst@D@su@tl@UModSys@@U?$TComparerUtfNocaseHash@D@234@@tl@4@HPAUSMem@core@4@@Z 00404230 f i umodsys_lib_libmedia:umodsys.mod.media.stdlib.obj
 0001:000032b0       ??$new_node@U?$TString@U?$TSCoreConst@D@su@tl@UModSys@@U?$TComparerBinaryHash@D@234@@tl@UModSys@@@RBinArchiveFrame@stdlib@media@modules@UModSys@@SAPAUNameNode@IBinArchiveFrame@libmedia@4@ABU?$TString@U?$TSCoreConst@D@su@tl@UModSys@@U?$TComparerBinaryHash@D@234@@tl@4@HPAUSMem@core@4@@Z 004042b0 f i umodsys_lib_libmedia:umodsys.mod.media.stdlib.obj
 0001:00003330       ?remove_color@?$TTreeHoldRB@U?$TScatterArrayNode@USCacheElem@RLibraryBinCache@stdlib@media@modules@UModSys@@U?$TString@U?$TSCoreConst@D@su@tl@UModSys@@U?$TComparerBinaryHash@D@234@@tl@6@@tl@UModSys@@@tl@UModSys@@IAEXPAU?$TScatterArrayNode@USCacheElem@RLibraryBinCache@stdlib@media@modules@UModSys@@U?$TString@U?$TSCoreConst@D@su@tl@UModSys@@U?$TComparerBinaryHash@D@234@@tl@6@@23@0@Z 00404330 f i umodsys_lib_libmedia:umodsys.mod.media.stdlib.obj
 0001:00003330       ?remove_color@?$TTreeHoldRB@U?$TScatterArrayNode@USCacheElem@RLibraryObjCache@stdlib@media@modules@UModSys@@U?$TString@U?$TSCoreConst@D@su@tl@UModSys@@U?$TComparerBinaryHash@D@234@@tl@6@@tl@UModSys@@@tl@UModSys@@IAEXPAU?$TScatterArrayNode@USCacheElem@RLibraryObjCache@stdlib@media@modules@UModSys@@U?$TString@U?$TSCoreConst@D@su@tl@UModSys@@U?$TComparerBinaryHash@D@234@@tl@6@@23@0@Z 00404330 f i umodsys_lib_libmedia:umodsys.mod.media.stdlib.obj
 0001:00003330       ?remove_color@?$TTreeHoldRB@U?$TScatterArrayNode@USFilter@RLibraryObjFilter@stdlib@media@modules@UModSys@@USId@23456@@tl@UModSys@@@tl@UModSys@@IAEXPAU?$TScatterArrayNode@USFilter@RLibraryObjFilter@stdlib@media@modules@UModSys@@USId@23456@@23@0@Z 00404330 f i umodsys_lib_libmedia:umodsys.mod.media.stdlib.obj
 0001:00003330       ?remove_color@?$TTreeHoldRB@UNameNode@IBinArchiveFrame@libmedia@UModSys@@@tl@UModSys@@IAEXPAUNameNode@IBinArchiveFrame@libmedia@3@0@Z 00404330 f i umodsys_lib_libmedia:umodsys.mod.media.stdlib.obj
 0001:00003330       ?remove_color@?$TTreeHoldRB@U?$TScatterArrayNode@USMountInfo@RLibraryBinTree@stdlib@media@modules@UModSys@@USId@ILibraryBinTree@libmedia@6@@tl@UModSys@@@tl@UModSys@@IAEXPAU?$TScatterArrayNode@USMountInfo@RLibraryBinTree@stdlib@media@modules@UModSys@@USId@ILibraryBinTree@libmedia@6@@23@0@Z 00404330 f i umodsys_lib_libmedia:umodsys.mod.media.stdlib.obj
 0001:000034b0       ?ResizeRel@?$TDynarray@U?$TDynarrayHolderDynamic@USLayerX@RLibraryLayered@stdlib@media@modules@UModSys@@U?$TAllocator@USIMemAlloc@core@UModSys@@USCountCalcPower2@23@@tl@6@@tl@UModSys@@@tl@UModSys@@QAE_NH@Z 004044b0 f i umodsys_lib_libmedia:umodsys.mod.media.stdlib.obj
 0001:00003520       ?InsertAt@?$TDynarray@U?$TDynarrayHolderDynamic@USLayerX@RLibraryLayered@stdlib@media@modules@UModSys@@U?$TAllocator@USIMemAlloc@core@UModSys@@USCountCalcPower2@23@@tl@6@@tl@UModSys@@@tl@UModSys@@QAE_NII@Z 00404520 f i umodsys_lib_libmedia:umodsys.mod.media.stdlib.obj
 0001:00003580       ??$t_types@URLibraryBinTree@stdlib@media@modules@UModSys@@@IGenerator@base@UModSys@@KA_NAAHAAUSUniquePtrList@core@2@PBUSUniquePointerInfo@42@@Z 00404580 f i umodsys_lib_libmedia:umodsys.mod.media.stdlib.obj
 0001:000035e0       ??$t_types@URLibraryLayered@stdlib@media@modules@UModSys@@@IGenerator@base@UModSys@@KA_NAAHAAUSUniquePtrList@core@2@PBUSUniquePointerInfo@42@@Z 004045e0 f i umodsys_lib_libmedia:umodsys.mod.media.stdlib.obj
 0001:00003640       ??$t_types@URLibraryObjFilter@stdlib@media@modules@UModSys@@@IGenerator@base@UModSys@@KA_NAAHAAUSUniquePtrList@core@2@PBUSUniquePointerInfo@42@@Z 00404640 f i umodsys_lib_libmedia:umodsys.mod.media.stdlib.obj
 0001:000036a0       ??$t_types@URLibraryObjCache@stdlib@media@modules@UModSys@@@IGenerator@base@UModSys@@KA_NAAHAAUSUniquePtrList@core@2@PBUSUniquePointerInfo@42@@Z 004046a0 f i umodsys_lib_libmedia:umodsys.mod.media.stdlib.obj
 0001:00003700       ??$t_types@URBinArchiveFrame@stdlib@media@modules@UModSys@@@IGenerator@base@UModSys@@KA_NAAHAAUSUniquePtrList@core@2@PBUSUniquePointerInfo@42@@Z 00404700 f i umodsys_lib_libmedia:umodsys.mod.media.stdlib.obj
 0001:00003760       ??$t_types@URUtilities@stdlib@media@modules@UModSys@@@IGenerator@base@UModSys@@KA_NAAHAAUSUniquePtrList@core@2@PBUSUniquePointerInfo@42@@Z 00404760 f i umodsys_lib_libmedia:umodsys.mod.media.stdlib.obj
 0001:000037a0       ??$t_gen_param@URLibraryBinCache@stdlib@media@modules@UModSys@@URGenerator@2345@@IGenerator@base@UModSys@@IAE_NPAURGenerator@stdlib@media@modules@2@AAU?$TRefObject@UIRefObject@core@UModSys@@U?$TRefObjectFunc@UIRefObject@core@UModSys@@@tl@3@@tl@2@PBUSUniquePointerInfo@core@2@ABUSParameters@core@2@@Z 004047a0 f i umodsys_lib_libmedia:umodsys.mod.media.stdlib.obj
 0001:00003810       ??$t_gen_param@URLibraryBinTree@stdlib@media@modules@UModSys@@URGenerator@2345@@IGenerator@base@UModSys@@IAE_NPAURGenerator@stdlib@media@modules@2@AAU?$TRefObject@UIRefObject@core@UModSys@@U?$TRefObjectFunc@UIRefObject@core@UModSys@@@tl@3@@tl@2@PBUSUniquePointerInfo@core@2@ABUSParameters@core@2@@Z 00404810 f i umodsys_lib_libmedia:umodsys.mod.media.stdlib.obj
 0001:00003880       ??$t_gen_param@URLibraryLayered@stdlib@media@modules@UModSys@@URGenerator@2345@@IGenerator@base@UModSys@@IAE_NPAURGenerator@stdlib@media@modules@2@AAU?$TRefObject@UIRefObject@core@UModSys@@U?$TRefObjectFunc@UIRefObject@core@UModSys@@@tl@3@@tl@2@PBUSUniquePointerInfo@core@2@ABUSParameters@core@2@@Z 00404880 f i umodsys_lib_libmedia:umodsys.mod.media.stdlib.obj
 0001:000038f0       ??$t_gen_param@URLibraryObjFilter@stdlib@media@modules@UModSys@@URGenerator@2345@@IGenerator@base@UModSys@@IAE_NPAURGenerator@stdlib@media@modules@2@AAU?$TRefObject@UIRefObject@core@UModSys@@U?$TRefObjectFunc@UIRefObject@core@UModSys@@@tl@3@@tl@2@PBUSUniquePointerInfo@core@2@ABUSParameters@core@2@@Z 004048f0 f i umodsys_lib_libmedia:umodsys.mod.media.stdlib.obj
 0001:00003960       ??$t_gen_param@URLibraryObjCache@stdlib@media@modules@UModSys@@URGenerator@2345@@IGenerator@base@UModSys@@IAE_NPAURGenerator@stdlib@media@modules@2@AAU?$TRefObject@UIRefObject@core@UModSys@@U?$TRefObjectFunc@UIRefObject@core@UModSys@@@tl@3@@tl@2@PBUSUniquePointerInfo@core@2@ABUSParameters@core@2@@Z 00404960 f i umodsys_lib_libmedia:umodsys.mod.media.stdlib.obj
 0001:000039d0       ??$t_gen_param@URBinArchiveFrame@stdlib@media@modules@UModSys@@URGenerator@2345@@IGenerator@base@UModSys@@IAE_NPAURGenerator@stdlib@media@modules@2@AAU?$TRefObject@UIRefObject@core@UModSys@@U?$TRefObjectFunc@UIRefObject@core@UModSys@@@tl@3@@tl@2@PBUSUniquePointerInfo@core@2@ABUSParameters@core@2@@Z 004049d0 f i umodsys_lib_libmedia:umodsys.mod.media.stdlib.obj
 0001:00003a50       ??$t_gen_param@URUtilities@stdlib@media@modules@UModSys@@URGenerator@2345@@IGenerator@base@UModSys@@IAE_NPAURGenerator@stdlib@media@modules@2@AAU?$TRefObject@UIRefObject@core@UModSys@@U?$TRefObjectFunc@UIRefObject@core@UModSys@@@tl@3@@tl@2@PBUSUniquePointerInfo@core@2@ABUSParameters@core@2@@Z 00404a50 f i umodsys_lib_libmedia:umodsys.mod.media.stdlib.obj
 0001:00003ac0       ??$wildcmp@D@su@tl@UModSys@@YA_NPBD0@Z 00404ac0 f i umodsys_lib_libmedia:umodsys.mod.media.stdlib.obj
 0001:00003b60       ??$ref_get@UIClient@IBinArchiveFrame@libmedia@UModSys@@@SParameters@core@UModSys@@QBE_NPBDAAPAUIClient@IBinArchiveFrame@libmedia@2@@Z 00404b60 f i umodsys_lib_libmedia:umodsys.mod.media.stdlib.obj
 0001:00003bb0       ??$ref_get@UILibrary@libmedia@UModSys@@U?$TRefObjectFunc@UILibrary@libmedia@UModSys@@@tl@3@@SParameters@core@UModSys@@QBE_NPBDAAU?$TRefObject@UILibrary@libmedia@UModSys@@U?$TRefObjectFunc@UILibrary@libmedia@UModSys@@@tl@3@@tl@2@@Z 00404bb0 f i umodsys_lib_libmedia:umodsys.mod.media.stdlib.obj
 0001:00003bf0       ??$t_ref_get_other_interface@UIStreamReader@libmedia@UModSys@@U?$TRefObjectFunc@UIStreamReader@libmedia@UModSys@@@tl@3@@IRefObject@core@UModSys@@QAE_NAAU?$TRefObject@UIStreamReader@libmedia@UModSys@@U?$TRefObjectFunc@UIStreamReader@libmedia@UModSys@@@tl@3@@tl@2@@Z 00404bf0 f i umodsys_lib_libmedia:umodsys.mod.media.stdlib.obj
 0001:00003c30       ??$remove_seq@P6A_NPAUNameNode@IBinArchiveFrame@libmedia@UModSys@@@Z@?$TTreeHoldRB@UNameNode@IBinArchiveFrame@libmedia@UModSys@@@tl@UModSys@@QAEHP6A_NPAUNameNode@IBinArchiveFrame@libmedia@2@@Z@Z 00404c30 f i umodsys_lib_libmedia:umodsys.mod.media.stdlib.obj
 0001:00003cb0       ??$gen_node@UNameNodeCmpUC@IBinArchiveFrame@libmedia@UModSys@@UNN_Add@RBinArchiveFrame@stdlib@media@modules@4@@?$TTreeHoldRB@UNameNode@IBinArchiveFrame@libmedia@UModSys@@@tl@UModSys@@QAEPAUNameNode@IBinArchiveFrame@libmedia@2@UNameNodeCmpUC@452@ABUNN_Add@RBinArchiveFrame@stdlib@media@modules@2@PAPAU3452@2_N@Z 00404cb0 f i umodsys_lib_libmedia:umodsys.mod.media.stdlib.obj
 0001:00003db0       ??$gen_node@UNameNodeCmpC@IBinArchiveFrame@libmedia@UModSys@@UNN_Add@RBinArchiveFrame@stdlib@media@modules@4@@?$TTreeHoldRB@UNameNode@IBinArchiveFrame@libmedia@UModSys@@@tl@UModSys@@QAEPAUNameNode@IBinArchiveFrame@libmedia@2@UNameNodeCmpC@452@ABUNN_Add@RBinArchiveFrame@stdlib@media@modules@2@PAPAU3452@2_N@Z 00404db0 f i umodsys_lib_libmedia:umodsys.mod.media.stdlib.obj
 0001:00003eb0       ??$find_node_u@UNameNodeCmpUC@IBinArchiveFrame@libmedia@UModSys@@@?$TTreeHoldRB@UNameNode@IBinArchiveFrame@libmedia@UModSys@@@tl@UModSys@@QBEPAUNameNode@IBinArchiveFrame@libmedia@2@UNameNodeCmpUC@452@@Z 00404eb0 f i umodsys_lib_libmedia:umodsys.mod.media.stdlib.obj
 0001:00003f40       ??$find_node_u@UNameNodeCmpC@IBinArchiveFrame@libmedia@UModSys@@@?$TTreeHoldRB@UNameNode@IBinArchiveFrame@libmedia@UModSys@@@tl@UModSys@@QBEPAUNameNode@IBinArchiveFrame@libmedia@2@UNameNodeCmpC@452@@Z 00404f40 f i umodsys_lib_libmedia:umodsys.mod.media.stdlib.obj
 0001:00003fd0       ??$genx_node@UCmp@?$TScatterArray@USMountInfo@RLibraryBinTree@stdlib@media@modules@UModSys@@USId@ILibraryBinTree@libmedia@6@U7896@U?$TNodeDeleter0@U?$TScatterArrayNode@USMountInfo@RLibraryBinTree@stdlib@media@modules@UModSys@@USId@ILibraryBinTree@libmedia@6@@tl@UModSys@@@tl@6@@tl@UModSys@@UGen0@234@@?$TTreeHoldRBD@U?$TScatterArrayNode@USMountInfo@RLibraryBinTree@stdlib@media@modules@UModSys@@USId@ILibraryBinTree@libmedia@6@@tl@UModSys@@U?$TNodeDeleter0@U?$TScatterArrayNode@USMountInfo@RLibraryBinTree@stdlib@media@modules@UModSys@@USId@ILibraryBinTree@libmedia@6@@tl@UModSys@@@23@@tl@UModSys@@QAEPAU?$TScatterArrayNode@USMountInfo@RLibraryBinTree@stdlib@media@modules@UModSys@@USId@ILibraryBinTree@libmedia@6@@12@UCmp@?$TScatterArray@USMountInfo@RLibraryBinTree@stdlib@media@modules@UModSys@@USId@ILibraryBinTree@libmedia@6@U7896@U?$TNodeDeleter0@U?$TScatterArrayNode@USMountInfo@RLibraryBinTree@stdlib@media@modules@UModSys@@USId@ILibraryBinTree@libmedia@6@@tl@UModSys@@@tl@6@@12@ABUGen0@512@PAPAU312@2_N@Z 00404fd0 f i umodsys_lib_libmedia:umodsys.mod.media.stdlib.obj
 0001:000040d0       ??$find_node_u@UCmp@?$TScatterArray@USMountInfo@RLibraryBinTree@stdlib@media@modules@UModSys@@USId@ILibraryBinTree@libmedia@6@U7896@U?$TNodeDeleter0@U?$TScatterArrayNode@USMountInfo@RLibraryBinTree@stdlib@media@modules@UModSys@@USId@ILibraryBinTree@libmedia@6@@tl@UModSys@@@tl@6@@tl@UModSys@@@?$TTreeHoldRB@U?$TScatterArrayNode@USMountInfo@RLibraryBinTree@stdlib@media@modules@UModSys@@USId@ILibraryBinTree@libmedia@6@@tl@UModSys@@@tl@UModSys@@QBEPAU?$TScatterArrayNode@USMountInfo@RLibraryBinTree@stdlib@media@modules@UModSys@@USId@ILibraryBinTree@libmedia@6@@12@UCmp@?$TScatterArray@USMountInfo@RLibraryBinTree@stdlib@media@modules@UModSys@@USId@ILibraryBinTree@libmedia@6@U7896@U?$TNodeDeleter0@U?$TScatterArrayNode@USMountInfo@RLibraryBinTree@stdlib@media@modules@UModSys@@USId@ILibraryBinTree@libmedia@6@@tl@UModSys@@@tl@6@@12@@Z 004050d0 f i umodsys_lib_libmedia:umodsys.mod.media.stdlib.obj
 0001:000041a0       ??$genx_node@UCmp@?$TScatterArray@USCacheElem@RLibraryBinCache@stdlib@media@modules@UModSys@@U?$TString@U?$TSCoreConst@D@su@tl@UModSys@@U?$TComparerBinaryHash@D@234@@tl@6@U?$TObjectCompare@U?$TString@U?$TSCoreConst@D@su@tl@UModSys@@U?$TComparerBinaryHash@D@234@@tl@UModSys@@@core@6@U?$TNodeDeleter0@U?$TScatterArrayNode@USCacheElem@RLibraryBinCache@stdlib@media@modules@UModSys@@U?$TString@U?$TSCoreConst@D@su@tl@UModSys@@U?$TComparerBinaryHash@D@234@@tl@6@@tl@UModSys@@@86@@tl@UModSys@@UGen0@234@@?$TTreeHoldRBD@U?$TScatterArrayNode@USCacheElem@RLibraryBinCache@stdlib@media@modules@UModSys@@U?$TString@U?$TSCoreConst@D@su@tl@UModSys@@U?$TComparerBinaryHash@D@234@@tl@6@@tl@UModSys@@U?$TNodeDeleter0@U?$TScatterArrayNode@USCacheElem@RLibraryBinCache@stdlib@media@modules@UModSys@@U?$TString@U?$TSCoreConst@D@su@tl@UModSys@@U?$TComparerBinaryHash@D@234@@tl@6@@tl@UModSys@@@23@@tl@UModSys@@QAEPAU?$TScatterArrayNode@USCacheElem@RLibraryBinCache@stdlib@media@modules@UModSys@@U?$TString@U?$TSCoreConst@D@su@tl@UModSys@@U?$TComparerBinaryHash@D@234@@tl@6@@12@UCmp@?$TScatterArray@USCacheElem@RLibraryBinCache@stdlib@media@modules@UModSys@@U?$TString@U?$TSCoreConst@D@su@tl@UModSys@@U?$TComparerBinaryHash@D@234@@tl@6@U?$TObjectCompare@U?$TString@U?$TSCoreConst@D@su@tl@UModSys@@U?$TComparerBinaryHash@D@234@@tl@UModSys@@@core@6@U?$TNodeDeleter0@U?$TScatterArrayNode@USCacheElem@RLibraryBinCache@stdlib@media@modules@UModSys@@U?$TString@U?$TSCoreConst@D@su@tl@UModSys@@U?$TComparerBinaryHash@D@234@@tl@6@@tl@UModSys@@@86@@12@ABUGen0@512@PAPAU312@2_N@Z 004051a0 f i umodsys_lib_libmedia:umodsys.mod.media.stdlib.obj
 0001:00004290       ??$genx_node@UCmp@?$TScatterArray@USCacheElem@RLibraryObjCache@stdlib@media@modules@UModSys@@U?$TString@U?$TSCoreConst@D@su@tl@UModSys@@U?$TComparerBinaryHash@D@234@@tl@6@U?$TObjectCompare@U?$TString@U?$TSCoreConst@D@su@tl@UModSys@@U?$TComparerBinaryHash@D@234@@tl@UModSys@@@core@6@U?$TNodeDeleter0@U?$TScatterArrayNode@USCacheElem@RLibraryObjCache@stdlib@media@modules@UModSys@@U?$TString@U?$TSCoreConst@D@su@tl@UModSys@@U?$TComparerBinaryHash@D@234@@tl@6@@tl@UModSys@@@86@@tl@UModSys@@UGen0@234@@?$TTreeHoldRBD@U?$TScatterArrayNode@USCacheElem@RLibraryObjCache@stdlib@media@modules@UModSys@@U?$TString@U?$TSCoreConst@D@su@tl@UModSys@@U?$TComparerBinaryHash@D@234@@tl@6@@tl@UModSys@@U?$TNodeDeleter0@U?$TScatterArrayNode@USCacheElem@RLibraryObjCache@stdlib@media@modules@UModSys@@U?$TString@U?$TSCoreConst@D@su@tl@UModSys@@U?$TComparerBinaryHash@D@234@@tl@6@@tl@UModSys@@@23@@tl@UModSys@@QAEPAU?$TScatterArrayNode@USCacheElem@RLibraryObjCache@stdlib@media@modules@UModSys@@U?$TString@U?$TSCoreConst@D@su@tl@UModSys@@U?$TComparerBinaryHash@D@234@@tl@6@@12@UCmp@?$TScatterArray@USCacheElem@RLibraryObjCache@stdlib@media@modules@UModSys@@U?$TString@U?$TSCoreConst@D@su@tl@UModSys@@U?$TComparerBinaryHash@D@234@@tl@6@U?$TObjectCompare@U?$TString@U?$TSCoreConst@D@su@tl@UModSys@@U?$TComparerBinaryHash@D@234@@tl@UModSys@@@core@6@U?$TNodeDeleter0@U?$TScatterArrayNode@USCacheElem@RLibraryObjCache@stdlib@media@modules@UModSys@@U?$TString@U?$TSCoreConst@D@su@tl@UModSys@@U?$TComparerBinaryHash@D@234@@tl@6@@tl@UModSys@@@86@@12@ABUGen0@512@PAPAU312@2_N@Z 00405290 f i umodsys_lib_libmedia:umodsys.mod.media.stdlib.obj
 0001:00004380       ??$find_node_u@UCmp@?$TScatterArray@USCacheElem@RLibraryBinCache@stdlib@media@modules@UModSys@@U?$TString@U?$TSCoreConst@D@su@tl@UModSys@@U?$TComparerBinaryHash@D@234@@tl@6@U?$TObjectCompare@U?$TString@U?$TSCoreConst@D@su@tl@UModSys@@U?$TComparerBinaryHash@D@234@@tl@UModSys@@@core@6@U?$TNodeDeleter0@U?$TScatterArrayNode@USCacheElem@RLibraryBinCache@stdlib@media@modules@UModSys@@U?$TString@U?$TSCoreConst@D@su@tl@UModSys@@U?$TComparerBinaryHash@D@234@@tl@6@@tl@UModSys@@@86@@tl@UModSys@@@?$TTreeHoldRB@U?$TScatterArrayNode@USCacheElem@RLibraryBinCache@stdlib@media@modules@UModSys@@U?$TString@U?$TSCoreConst@D@su@tl@UModSys@@U?$TComparerBinaryHash@D@234@@tl@6@@tl@UModSys@@@tl@UModSys@@QBEPAU?$TScatterArrayNode@USCacheElem@RLibraryBinCache@stdlib@media@modules@UModSys@@U?$TString@U?$TSCoreConst@D@su@tl@UModSys@@U?$TComparerBinaryHash@D@234@@tl@6@@12@UCmp@?$TScatterArray@USCacheElem@RLibraryBinCache@stdlib@media@modules@UModSys@@U?$TString@U?$TSCoreConst@D@su@tl@UModSys@@U?$TComparerBinaryHash@D@234@@tl@6@U?$TObjectCompare@U?$TString@U?$TSCoreConst@D@su@tl@UModSys@@U?$TComparerBinaryHash@D@234@@tl@UModSys@@@core@6@U?$TNodeDeleter0@U?$TScatterArrayNode@USCacheElem@RLibraryBinCache@stdlib@media@modules@UModSys@@U?$TString@U?$TSCoreConst@D@su@tl@UModSys@@U?$TComparerBinaryHash@D@234@@tl@6@@tl@UModSys@@@86@@12@@Z 00405380 f i umodsys_lib_libmedia:umodsys.mod.media.stdlib.obj
 0001:00004380       ??$find_node_u@UCmp@?$TScatterArray@USCacheElem@RLibraryObjCache@stdlib@media@modules@UModSys@@U?$TString@U?$TSCoreConst@D@su@tl@UModSys@@U?$TComparerBinaryHash@D@234@@tl@6@U?$TObjectCompare@U?$TString@U?$TSCoreConst@D@su@tl@UModSys@@U?$TComparerBinaryHash@D@234@@tl@UModSys@@@core@6@U?$TNodeDeleter0@U?$TScatterArrayNode@USCacheElem@RLibraryObjCache@stdlib@media@modules@UModSys@@U?$TString@U?$TSCoreConst@D@su@tl@UModSys@@U?$TComparerBinaryHash@D@234@@tl@6@@tl@UModSys@@@86@@tl@UModSys@@@?$TTreeHoldRB@U?$TScatterArrayNode@USCacheElem@RLibraryObjCache@stdlib@media@modules@UModSys@@U?$TString@U?$TSCoreConst@D@su@tl@UModSys@@U?$TComparerBinaryHash@D@234@@tl@6@@tl@UModSys@@@tl@UModSys@@QBEPAU?$TScatterArrayNode@USCacheElem@RLibraryObjCache@stdlib@media@modules@UModSys@@U?$TString@U?$TSCoreConst@D@su@tl@UModSys@@U?$TComparerBinaryHash@D@234@@tl@6@@12@UCmp@?$TScatterArray@USCacheElem@RLibraryObjCache@stdlib@media@modules@UModSys@@U?$TString@U?$TSCoreConst@D@su@tl@UModSys@@U?$TComparerBinaryHash@D@234@@tl@6@U?$TObjectCompare@U?$TString@U?$TSCoreConst@D@su@tl@UModSys@@U?$TComparerBinaryHash@D@234@@tl@UModSys@@@core@6@U?$TNodeDeleter0@U?$TScatterArrayNode@USCacheElem@RLibraryObjCache@stdlib@media@modules@UModSys@@U?$TString@U?$TSCoreConst@D@su@tl@UModSys@@U?$TComparerBinaryHash@D@234@@tl@6@@tl@UModSys@@@86@@12@@Z 00405380 f i umodsys_lib_libmedia:umodsys.mod.media.stdlib.obj
 0001:00004420       ??$genx_node@UCmp@?$TScatterArray@USFilter@RLibraryObjFilter@stdlib@media@modules@UModSys@@USId@23456@U723456@U?$TNodeDeleter0@U?$TScatterArrayNode@USFilter@RLibraryObjFilter@stdlib@media@modules@UModSys@@USId@23456@@tl@UModSys@@@tl@6@@tl@UModSys@@UGen0@234@@?$TTreeHoldRBD@U?$TScatterArrayNode@USFilter@RLibraryObjFilter@stdlib@media@modules@UModSys@@USId@23456@@tl@UModSys@@U?$TNodeDeleter0@U?$TScatterArrayNode@USFilter@RLibraryObjFilter@stdlib@media@modules@UModSys@@USId@23456@@tl@UModSys@@@23@@tl@UModSys@@QAEPAU?$TScatterArrayNode@USFilter@RLibraryObjFilter@stdlib@media@modules@UModSys@@USId@23456@@12@UCmp@?$TScatterArray@USFilter@RLibraryObjFilter@stdlib@media@modules@UModSys@@USId@23456@U723456@U?$TNodeDeleter0@U?$TScatterArrayNode@USFilter@RLibraryObjFilter@stdlib@media@modules@UModSys@@USId@23456@@tl@UModSys@@@tl@6@@12@ABUGen0@512@PAPAU312@2_N@Z 00405420 f i umodsys_lib_libmedia:umodsys.mod.media.stdlib.obj
 0001:000044b0       ??$find_node_u@UCmp@?$TScatterArray@USFilter@RLibraryObjFilter@stdlib@media@modules@UModSys@@USId@23456@U723456@U?$TNodeDeleter0@U?$TScatterArrayNode@USFilter@RLibraryObjFilter@stdlib@media@modules@UModSys@@USId@23456@@tl@UModSys@@@tl@6@@tl@UModSys@@@?$TTreeHoldRB@U?$TScatterArrayNode@USFilter@RLibraryObjFilter@stdlib@media@modules@UModSys@@USId@23456@@tl@UModSys@@@tl@UModSys@@QBEPAU?$TScatterArrayNode@USFilter@RLibraryObjFilter@stdlib@media@modules@UModSys@@USId@23456@@12@UCmp@?$TScatterArray@USFilter@RLibraryObjFilter@stdlib@media@modules@UModSys@@USId@23456@U723456@U?$TNodeDeleter0@U?$TScatterArrayNode@USFilter@RLibraryObjFilter@stdlib@media@modules@UModSys@@USId@23456@@tl@UModSys@@@tl@6@@12@@Z 004054b0 f i umodsys_lib_libmedia:umodsys.mod.media.stdlib.obj
 0001:00004510       ?ReLink@?$TDynarray@U?$TDynarrayHolderDynamic@EU?$TAllocator@USIMemAlloc@core@UModSys@@USCountCalcPower2@23@@tl@UModSys@@@tl@UModSys@@@tl@UModSys@@IAE_NI@Z 00405510 f i umodsys_lib_libmedia:umodsys.mod.media.stdlib.obj
 0001:00004550       ?ReLink@?$TDynarray@U?$TDynarrayHolderDynamic@UBuffer@RUtilities@stdlib@media@modules@UModSys@@U?$TAllocator@USIMemAlloc@core@UModSys@@USCountCalcPower2@23@@tl@6@@tl@UModSys@@@tl@UModSys@@IAE_NI@Z 00405550 f i umodsys_lib_libmedia:umodsys.mod.media.stdlib.obj
 0001:000045a0       ?sub_insert_node@?$TTreeHoldRB@U?$TScatterArrayNode@USFilter@RLibraryObjFilter@stdlib@media@modules@UModSys@@USId@23456@@tl@UModSys@@@tl@UModSys@@QAEXPAU?$TScatterArrayNode@USFilter@RLibraryObjFilter@stdlib@media@modules@UModSys@@USId@23456@@23@0H@Z 004055a0 f i umodsys_lib_libmedia:umodsys.mod.media.stdlib.obj
 0001:000045a0       ?sub_insert_node@?$TTreeHoldRB@U?$TScatterArrayNode@USCacheElem@RLibraryObjCache@stdlib@media@modules@UModSys@@U?$TString@U?$TSCoreConst@D@su@tl@UModSys@@U?$TComparerBinaryHash@D@234@@tl@6@@tl@UModSys@@@tl@UModSys@@QAEXPAU?$TScatterArrayNode@USCacheElem@RLibraryObjCache@stdlib@media@modules@UModSys@@U?$TString@U?$TSCoreConst@D@su@tl@UModSys@@U?$TComparerBinaryHash@D@234@@tl@6@@23@0H@Z 004055a0 f i umodsys_lib_libmedia:umodsys.mod.media.stdlib.obj
 0001:000045a0       ?sub_insert_node@?$TTreeHoldRB@UNameNode@IBinArchiveFrame@libmedia@UModSys@@@tl@UModSys@@QAEXPAUNameNode@IBinArchiveFrame@libmedia@3@0H@Z 004055a0 f i umodsys_lib_libmedia:umodsys.mod.media.stdlib.obj
 0001:000045a0       ?sub_insert_node@?$TTreeHoldRB@U?$TScatterArrayNode@USCacheElem@RLibraryBinCache@stdlib@media@modules@UModSys@@U?$TString@U?$TSCoreConst@D@su@tl@UModSys@@U?$TComparerBinaryHash@D@234@@tl@6@@tl@UModSys@@@tl@UModSys@@QAEXPAU?$TScatterArrayNode@USCacheElem@RLibraryBinCache@stdlib@media@modules@UModSys@@U?$TString@U?$TSCoreConst@D@su@tl@UModSys@@U?$TComparerBinaryHash@D@234@@tl@6@@23@0H@Z 004055a0 f i umodsys_lib_libmedia:umodsys.mod.media.stdlib.obj
[...]
 0001:000134cd       __ehhandler$??0?$TScatterArrayNode@USCacheElem@RLibraryBinCache@stdlib@media@modules@UModSys@@U?$TString@U?$TSCoreConst@D@su@tl@UModSys@@U?$TComparerBinaryHash@D@234@@tl@6@@tl@UModSys@@QAE@ABU?$TString@U?$TSCoreConst@D@su@tl@UModSys@@U?$TComparerBinaryHash@D@234@@12@@Z 004144cd f    CIL library: CIL module
 0001:000134e0       __unwindfunclet$??0?$TScatterArrayNode@USMountInfo@RLibraryBinTree@stdlib@media@modules@UModSys@@USId@ILibraryBinTree@libmedia@6@@tl@UModSys@@QAE@ABUSId@ILibraryBinTree@libmedia@2@@Z$0 004144e0 f    CIL library: CIL module
 0001:000134ea       __unwindfunclet$??0?$TScatterArrayNode@USMountInfo@RLibraryBinTree@stdlib@media@modules@UModSys@@USId@ILibraryBinTree@libmedia@6@@tl@UModSys@@QAE@ABUSId@ILibraryBinTree@libmedia@2@@Z$1 004144ea f    CIL library: CIL module
 0001:000134f5       __ehhandler$??0?$TScatterArrayNode@USMountInfo@RLibraryBinTree@stdlib@media@modules@UModSys@@USId@ILibraryBinTree@libmedia@6@@tl@UModSys@@QAE@ABUSId@ILibraryBinTree@libmedia@2@@Z 004144f5 f    CIL library: CIL module
 0001:00013500       ??__E?s_id@?$TObjectUniqueID@UIRoot@core@UModSys@@@tl@UModSys@@2USUniquePointer@core@3@A@@YAXXZ 00414500 f    CIL library: CIL module
 0001:00013530       ??__E?s_id@?$TObjectUniqueID@UIRefObject@core@UModSys@@@tl@UModSys@@2USUniquePointer@core@3@A@@YAXXZ 00414530 f    CIL library: CIL module
 0001:00013560       ??__E?s_id@?$TObjectUniqueID@UIParameters@core@UModSys@@@tl@UModSys@@2USUniquePointer@core@3@A@@YAXXZ 00414560 f    CIL library: CIL module
 0001:00013590       ??__E?s_id@?$TObjectUniqueID@UIConsole@base@UModSys@@@tl@UModSys@@2USUniquePointer@core@3@A@@YAXXZ 00414590 f    CIL library: CIL module
 0001:000135c0       ??__E?s_id@?$TObjectUniqueID@UIModule@base@UModSys@@@tl@UModSys@@2USUniquePointer@core@3@A@@YAXXZ 004145c0 f    CIL library: CIL module
 0001:000135f0       ??__E?s_id@?$TObjectUniqueID@UIModuleLibrary@base@UModSys@@@tl@UModSys@@2USUniquePointer@core@3@A@@YAXXZ 004145f0 f    CIL library: CIL module
 0001:00013620       ??__E?s_id@?$TObjectUniqueID@UIModObject@base@UModSys@@@tl@UModSys@@2USUniquePointer@core@3@A@@YAXXZ 00414620 f    CIL library: CIL module
 0001:00013650       ??__E?s_id@?$TObjectUniqueID@UIGenerator@base@UModSys@@@tl@UModSys@@2USUniquePointer@core@3@A@@YAXXZ 00414650 f    CIL library: CIL module
 0001:00013680       ??__E?s_id@?$TObjectUniqueID@UIShell@base@UModSys@@@tl@UModSys@@2USUniquePointer@core@3@A@@YAXXZ 00414680 f    CIL library: CIL module
 0001:000136b0       ??__E?s_id@?$TObjectUniqueID@UISystem@base@UModSys@@@tl@UModSys@@2USUniquePointer@core@3@A@@YAXXZ 004146b0 f    CIL library: CIL module
 0001:000136e0       ??__E?s_id@?$TObjectUniqueID@URModule@rsystem@base@UModSys@@@tl@UModSys@@2USUniquePointer@core@3@A@@YAXXZ 004146e0 f    CIL library: CIL module
 0001:00013710       ??__E?s_id@?$TObjectUniqueID@UIModuleLibraryUni@rsystem@base@UModSys@@@tl@UModSys@@2USUniquePointer@core@3@A@@YAXXZ 00414710 f    CIL library: CIL module
 0001:00013740       ??__E?s_id@?$TObjectUniqueID@URModuleLibrarySO@rsystem@base@UModSys@@@tl@UModSys@@2USUniquePointer@core@3@A@@YAXXZ 00414740 f    CIL library: CIL module
 0001:00013770       ??__E?s_id@?$TObjectUniqueID@URModuleLibraryThis@rsystem@base@UModSys@@@tl@UModSys@@2USUniquePointer@core@3@A@@YAXXZ 00414770 f    CIL library: CIL module
 0001:000137a0       ??__E?s_id@?$TObjectUniqueID@URParameters@rsystem@base@UModSys@@@tl@UModSys@@2USUniquePointer@core@3@A@@YAXXZ 004147a0 f    CIL library: CIL module
 0001:000137d0       ??__E?s_id@?$TObjectUniqueID@URSystem@rsystem@base@UModSys@@@tl@UModSys@@2USUniquePointer@core@3@A@@YAXXZ 004147d0 f    CIL library: CIL module
 0001:00013800       ??__E?s_id@?$TObjectUniqueID@URConsole_std@rsystem@base@UModSys@@@tl@UModSys@@2USUniquePointer@core@3@A@@YAXXZ 00414800 f    CIL library: CIL module
 0001:00013830       ??__Es_dbg@stdio@media@modules@UModSys@@YAXXZ 00414830 f    CIL library: CIL module
 0001:00013850       ??__E?s_modreg@RModuleReg@stdio@media@modules@UModSys@@2U12345@A@@YAXXZ 00414850 f    CIL library: CIL module
 0001:00013890       ??__E?s_modreg_chain@RModuleReg@stdio@media@modules@UModSys@@2USModuleRegChain@base@5@A@@YAXXZ 00414890 f    CIL library: CIL module
 0001:000138b0       ??__E?s_uid@RGenerator@stdio@media@modules@UModSys@@2USUniquePointer@core@5@A@@YAXXZ 004148b0 f    CIL library: CIL module
 0001:000138e0       ??__E?s_id@?$TObjectUniqueID@UIStreamReader@libmedia@UModSys@@@tl@UModSys@@2USUniquePointer@core@3@A@@YAXXZ 004148e0 f    CIL library: CIL module
 0001:00013910       ??__E?s_id@?$TObjectUniqueID@UIStreamWriter@libmedia@UModSys@@@tl@UModSys@@2USUniquePointer@core@3@A@@YAXXZ 00414910 f    CIL library: CIL module
 0001:00013940       ??__E?s_id@?$TObjectUniqueID@UIUtilities@libmedia@UModSys@@@tl@UModSys@@2USUniquePointer@core@3@A@@YAXXZ 00414940 f    CIL library: CIL module
 0001:00013970       ??__E?s_id@?$TObjectUniqueID@UILibObject@libmedia@UModSys@@@tl@UModSys@@2USUniquePointer@core@3@A@@YAXXZ 00414970 f    CIL library: CIL module
 0001:000139a0       ??__E?s_id@?$TObjectUniqueID@UIBinArchive@libmedia@UModSys@@@tl@UModSys@@2USUniquePointer@core@3@A@@YAXXZ 004149a0 f    CIL library: CIL module
 0001:000139d0       ??__E?s_id@?$TObjectUniqueID@UIBinObjFilter@libmedia@UModSys@@@tl@UModSys@@2USUniquePointer@core@3@A@@YAXXZ 004149d0 f    CIL library: CIL module
 0001:00013a00       ??__E?s_id@?$TObjectUniqueID@UILibrary@libmedia@UModSys@@@tl@UModSys@@2USUniquePointer@core@3@A@@YAXXZ 00414a00 f    CIL library: CIL module
 0001:00013a30       ??__E?s_id@?$TObjectUniqueID@URStreamReader_FILE@stdio@media@modules@UModSys@@@tl@UModSys@@2USUniquePointer@core@3@A@@YAXXZ 00414a30 f    CIL library: CIL module
 0001:00013a60       ??__E?s_id@?$TObjectUniqueID@URStreamWriter_FILE@stdio@media@modules@UModSys@@@tl@UModSys@@2USUniquePointer@core@3@A@@YAXXZ 00414a60 f    CIL library: CIL module
 0001:00013a90       ??__E?s_id@?$TObjectUniqueID@URDataArchiver_OsDir@stdio@media@modules@UModSys@@@tl@UModSys@@2USUniquePointer@core@3@A@@YAXXZ 00414a90 f    CIL library: CIL module
 0001:00013ac0       ??__E?s_id@?$TObjectUniqueID@URGenerator@stdio@media@modules@UModSys@@@tl@UModSys@@2USUniquePointer@core@3@A@@YAXXZ 00414ac0 f    CIL library: CIL module
 0001:00013af0       ??__Es_dbg@stdlib@media@modules@UModSys@@YAXXZ 00414af0 f    CIL library: CIL module
 0001:00013b10       ??__E?s_modreg@RModuleReg@stdlib@media@modules@UModSys@@2U12345@A@@YAXXZ 00414b10 f    CIL library: CIL module
 0001:00013b50       ??__E?s_modreg_chain@RModuleReg@stdlib@media@modules@UModSys@@2USModuleRegChain@base@5@A@@YAXXZ 00414b50 f    CIL library: CIL module
 0001:00013b70       ??__E?s_uid@RGenerator@stdlib@media@modules@UModSys@@2USUniquePointer@core@5@A@@YAXXZ 00414b70 f    CIL library: CIL module
 0001:00013ba0       ??__E?s_id@?$TObjectUniqueID@UILibraryBinTree@libmedia@UModSys@@@tl@UModSys@@2USUniquePointer@core@3@A@@YAXXZ 00414ba0 f    CIL library: CIL module
 0001:00013bd0       ??__E?s_id@?$TObjectUniqueID@UILibraryBinCache@libmedia@UModSys@@@tl@UModSys@@2USUniquePointer@core@3@A@@YAXXZ 00414bd0 f    CIL library: CIL module
 0001:00013c00       ??__E?s_id@?$TObjectUniqueID@UILibraryObjFilter@libmedia@UModSys@@@tl@UModSys@@2USUniquePointer@core@3@A@@YAXXZ 00414c00 f    CIL library: CIL module
 0001:00013c30       ??__E?s_id@?$TObjectUniqueID@UILibraryObjCache@libmedia@UModSys@@@tl@UModSys@@2USUniquePointer@core@3@A@@YAXXZ 00414c30 f    CIL library: CIL module
 0001:00013c60       ??__E?s_id@?$TObjectUniqueID@UILibraryLayered@libmedia@UModSys@@@tl@UModSys@@2USUniquePointer@core@3@A@@YAXXZ 00414c60 f    CIL library: CIL module
 0001:00013c90       ??__E?s_id@?$TObjectUniqueID@UIBinArchiveFrame@libmedia@UModSys@@@tl@UModSys@@2USUniquePointer@core@3@A@@YAXXZ 00414c90 f    CIL library: CIL module
 0001:00013cc0       ??__E?s_id@?$TObjectUniqueID@UIClient@IBinArchiveFrame@libmedia@UModSys@@@tl@UModSys@@2USUniquePointer@core@3@A@@YAXXZ 00414cc0 f    CIL library: CIL module
 0001:00013cf0       ??__E?s_id@?$TObjectUniqueID@URUtilities@stdlib@media@modules@UModSys@@@tl@UModSys@@2USUniquePointer@core@3@A@@YAXXZ 00414cf0 f    CIL library: CIL module
 0001:00013d20       ??__E?s_id@?$TObjectUniqueID@URBinArchiveFrame@stdlib@media@modules@UModSys@@@tl@UModSys@@2USUniquePointer@core@3@A@@YAXXZ 00414d20 f    CIL library: CIL module
 0001:00013d50       ??__E?s_id@?$TObjectUniqueID@URLibraryBinTree@stdlib@media@modules@UModSys@@@tl@UModSys@@2USUniquePointer@core@3@A@@YAXXZ 00414d50 f    CIL library: CIL module
 0001:00013d80       ??__E?s_id@?$TObjectUniqueID@URLibraryBinCache@stdlib@media@modules@UModSys@@@tl@UModSys@@2USUniquePointer@core@3@A@@YAXXZ 00414d80 f    CIL library: CIL module
 0001:00013db0       ??__E?s_id@?$TObjectUniqueID@URLibraryLayered@stdlib@media@modules@UModSys@@@tl@UModSys@@2USUniquePointer@core@3@A@@YAXXZ 00414db0 f    CIL library: CIL module
 0001:00013de0       ??__E?s_id@?$TObjectUniqueID@URLibraryObjCache@stdlib@media@modules@UModSys@@@tl@UModSys@@2USUniquePointer@core@3@A@@YAXXZ 00414de0 f    CIL library: CIL module
 0001:00013e10       ??__E?s_id@?$TObjectUniqueID@URLibraryObjFilter@stdlib@media@modules@UModSys@@@tl@UModSys@@2USUniquePointer@core@3@A@@YAXXZ 00414e10 f    CIL library: CIL module
 0001:00013e40       ??__E?s_id@?$TObjectUniqueID@URGenerator@stdlib@media@modules@UModSys@@@tl@UModSys@@2USUniquePointer@core@3@A@@YAXXZ 00414e40 f    CIL library: CIL module
 0001:00013e70       ??__E?s_console@RConsole_std@rsystem@base@UModSys@@2U1234@A@@YAXXZ 00414e70 f    CIL library: CIL module
 0001:00013e90       ??__E?s_sys@RSystem@rsystem@base@UModSys@@2U1234@A@@YAXXZ 00414e90 f    CIL library: CIL module
 0001:00013eb0       ??__Ersys_dbg@rsystem@base@UModSys@@YAXXZ 00414eb0 f    CIL library: CIL module
 0001:00013ed0       ??__EM@UModSys@@YAXXZ      00414ed0 f    CIL library: CIL module
 0001:00013ef0       ??__E?root@SModuleRegChain@base@UModSys@@2U123@A@@YAXXZ 00414ef0 f    CIL library: CIL module
 0001:00013f10       ??__E?s_library@RModuleLibraryReg_Chain@base@UModSys@@2U123@A@@YAXXZ 00414f10 f    CIL library: CIL module
 0001:00013f30       ??__E?root@SUniquePointer@core@UModSys@@2U123@A@@YAXXZ 00414f30 f    CIL library: CIL module
 0001:00013f50       ??__F?s_id@?$TObjectUniqueID@URConsole_std@rsystem@base@UModSys@@@tl@UModSys@@2USUniquePointer@core@3@A@@YAXXZ 00414f50 f    CIL library: CIL module
 0001:00013f60       ??__F?s_id@?$TObjectUniqueID@URSystem@rsystem@base@UModSys@@@tl@UModSys@@2USUniquePointer@core@3@A@@YAXXZ 00414f60 f    CIL library: CIL module
 0001:00013f70       ??__F?s_id@?$TObjectUniqueID@URParameters@rsystem@base@UModSys@@@tl@UModSys@@2USUniquePointer@core@3@A@@YAXXZ 00414f70 f    CIL library: CIL module
 0001:00013f80       ??__F?s_id@?$TObjectUniqueID@URModuleLibraryThis@rsystem@base@UModSys@@@tl@UModSys@@2USUniquePointer@core@3@A@@YAXXZ 00414f80 f    CIL library: CIL module
 0001:00013f90       ??__F?s_id@?$TObjectUniqueID@URModuleLibrarySO@rsystem@base@UModSys@@@tl@UModSys@@2USUniquePointer@core@3@A@@YAXXZ 00414f90 f    CIL library: CIL module
 0001:00013fa0       ??__F?s_id@?$TObjectUniqueID@UIModuleLibraryUni@rsystem@base@UModSys@@@tl@UModSys@@2USUniquePointer@core@3@A@@YAXXZ 00414fa0 f    CIL library: CIL module
 0001:00013fb0       ??__F?s_id@?$TObjectUniqueID@URModule@rsystem@base@UModSys@@@tl@UModSys@@2USUniquePointer@core@3@A@@YAXXZ 00414fb0 f    CIL library: CIL module
 0001:00013fc0       ??__F?s_id@?$TObjectUniqueID@UISystem@base@UModSys@@@tl@UModSys@@2USUniquePointer@core@3@A@@YAXXZ 00414fc0 f    CIL library: CIL module
 0001:00013fd0       ??__F?s_id@?$TObjectUniqueID@UIShell@base@UModSys@@@tl@UModSys@@2USUniquePointer@core@3@A@@YAXXZ 00414fd0 f    CIL library: CIL module
 0001:00013fe0       ??__F?s_id@?$TObjectUniqueID@UIGenerator@base@UModSys@@@tl@UModSys@@2USUniquePointer@core@3@A@@YAXXZ 00414fe0 f    CIL library: CIL module
 0001:00013ff0       ??__F?s_id@?$TObjectUniqueID@UIModObject@base@UModSys@@@tl@UModSys@@2USUniquePointer@core@3@A@@YAXXZ 00414ff0 f    CIL library: CIL module
 0001:00014000       ??__F?s_id@?$TObjectUniqueID@UIModuleLibrary@base@UModSys@@@tl@UModSys@@2USUniquePointer@core@3@A@@YAXXZ 00415000 f    CIL library: CIL module
 0001:00014010       ??__F?s_id@?$TObjectUniqueID@UIModule@base@UModSys@@@tl@UModSys@@2USUniquePointer@core@3@A@@YAXXZ 00415010 f    CIL library: CIL module
 0001:00014020       ??__F?s_id@?$TObjectUniqueID@UIConsole@base@UModSys@@@tl@UModSys@@2USUniquePointer@core@3@A@@YAXXZ 00415020 f    CIL library: CIL module
 0001:00014030       ??__F?s_id@?$TObjectUniqueID@UIParameters@core@UModSys@@@tl@UModSys@@2USUniquePointer@core@3@A@@YAXXZ 00415030 f    CIL library: CIL module
 0001:00014040       ??__F?s_id@?$TObjectUniqueID@UIRefObject@core@UModSys@@@tl@UModSys@@2USUniquePointer@core@3@A@@YAXXZ 00415040 f    CIL library: CIL module
 0001:00014050       ??__F?s_id@?$TObjectUniqueID@UIRoot@core@UModSys@@@tl@UModSys@@2USUniquePointer@core@3@A@@YAXXZ 00415050 f    CIL library: CIL module
 0001:00014060       ??__Fs_dbg@stdio@media@modules@UModSys@@YAXXZ 00415060 f    CIL library: CIL module
 0001:00014070       ??__F?s_modreg@RModuleReg@stdio@media@modules@UModSys@@2U12345@A@@YAXXZ 00415070 f    CIL library: CIL module
 0001:00014090       ??__F?s_modreg_chain@RModuleReg@stdio@media@modules@UModSys@@2USModuleRegChain@base@5@A@@YAXXZ 00415090 f    CIL library: CIL module
 0001:000140a0       ??__F?s_uid@RGenerator@stdio@media@modules@UModSys@@2USUniquePointer@core@5@A@@YAXXZ 004150a0 f    CIL library: CIL module
 0001:000140b0       ??__Fh@?1??s_holder@RGenerator@stdio@media@modules@UModSys@@SAAAU?$TTypeStaticHolder@URGenerator@stdio@media@modules@UModSys@@@tl@5@XZ@YAXXZ 004150b0 f    CIL library: CIL module
 0001:000140d0       ??__F?s_id@?$TObjectUniqueID@URGenerator@stdio@media@modules@UModSys@@@tl@UModSys@@2USUniquePointer@core@3@A@@YAXXZ 004150d0 f    CIL library: CIL module
 0001:000140e0       ??__F?s_id@?$TObjectUniqueID@URDataArchiver_OsDir@stdio@media@modules@UModSys@@@tl@UModSys@@2USUniquePointer@core@3@A@@YAXXZ 004150e0 f    CIL library: CIL module
 0001:000140f0       ??__F?s_id@?$TObjectUniqueID@URStreamWriter_FILE@stdio@media@modules@UModSys@@@tl@UModSys@@2USUniquePointer@core@3@A@@YAXXZ 004150f0 f    CIL library: CIL module
 0001:00014100       ??__F?s_id@?$TObjectUniqueID@URStreamReader_FILE@stdio@media@modules@UModSys@@@tl@UModSys@@2USUniquePointer@core@3@A@@YAXXZ 00415100 f    CIL library: CIL module
 0001:00014110       ??__F?s_id@?$TObjectUniqueID@UILibrary@libmedia@UModSys@@@tl@UModSys@@2USUniquePointer@core@3@A@@YAXXZ 00415110 f    CIL library: CIL module
 0001:00014120       ??__F?s_id@?$TObjectUniqueID@UIBinObjFilter@libmedia@UModSys@@@tl@UModSys@@2USUniquePointer@core@3@A@@YAXXZ 00415120 f    CIL library: CIL module
 0001:00014130       ??__F?s_id@?$TObjectUniqueID@UIBinArchive@libmedia@UModSys@@@tl@UModSys@@2USUniquePointer@core@3@A@@YAXXZ 00415130 f    CIL library: CIL module
 0001:00014140       ??__F?s_id@?$TObjectUniqueID@UILibObject@libmedia@UModSys@@@tl@UModSys@@2USUniquePointer@core@3@A@@YAXXZ 00415140 f    CIL library: CIL module
 0001:00014150       ??__F?s_id@?$TObjectUniqueID@UIUtilities@libmedia@UModSys@@@tl@UModSys@@2USUniquePointer@core@3@A@@YAXXZ 00415150 f    CIL library: CIL module
 0001:00014160       ??__F?s_id@?$TObjectUniqueID@UIStreamWriter@libmedia@UModSys@@@tl@UModSys@@2USUniquePointer@core@3@A@@YAXXZ 00415160 f    CIL library: CIL module
 0001:00014170       ??__F?s_id@?$TObjectUniqueID@UIStreamReader@libmedia@UModSys@@@tl@UModSys@@2USUniquePointer@core@3@A@@YAXXZ 00415170 f    CIL library: CIL module
 0001:00014180       ??__Fs_dbg@stdlib@media@modules@UModSys@@YAXXZ 00415180 f    CIL library: CIL module
 0001:00014190       ??__F?s_modreg@RModuleReg@stdlib@media@modules@UModSys@@2U12345@A@@YAXXZ 00415190 f    CIL library: CIL module
 0001:000141b0       ??__F?s_modreg_chain@RModuleReg@stdlib@media@modules@UModSys@@2USModuleRegChain@base@5@A@@YAXXZ 004151b0 f    CIL library: CIL module
 0001:000141c0       ??__F?s_uid@RGenerator@stdlib@media@modules@UModSys@@2USUniquePointer@core@5@A@@YAXXZ 004151c0 f    CIL library: CIL module
 0001:000141d0       ??__Fh@?1??s_holder@RGenerator@stdlib@media@modules@UModSys@@SAAAU?$TTypeStaticHolder@URGenerator@stdlib@media@modules@UModSys@@@tl@5@XZ@YAXXZ 004151d0 f    CIL library: CIL module
 0001:000141f0       ??__F?s_id@?$TObjectUniqueID@URGenerator@stdlib@media@modules@UModSys@@@tl@UModSys@@2USUniquePointer@core@3@A@@YAXXZ 004151f0 f    CIL library: CIL module
 0001:00014200       ??__F?s_id@?$TObjectUniqueID@URLibraryObjFilter@stdlib@media@modules@UModSys@@@tl@UModSys@@2USUniquePointer@core@3@A@@YAXXZ 00415200 f    CIL library: CIL module
 0001:00014210       ??__F?s_id@?$TObjectUniqueID@URLibraryObjCache@stdlib@media@modules@UModSys@@@tl@UModSys@@2USUniquePointer@core@3@A@@YAXXZ 00415210 f    CIL library: CIL module
 0001:00014220       ??__F?s_id@?$TObjectUniqueID@URLibraryLayered@stdlib@media@modules@UModSys@@@tl@UModSys@@2USUniquePointer@core@3@A@@YAXXZ 00415220 f    CIL library: CIL module
 0001:00014230       ??__F?s_id@?$TObjectUniqueID@URLibraryBinCache@stdlib@media@modules@UModSys@@@tl@UModSys@@2USUniquePointer@core@3@A@@YAXXZ 00415230 f    CIL library: CIL module
 0001:00014240       ??__F?s_id@?$TObjectUniqueID@URLibraryBinTree@stdlib@media@modules@UModSys@@@tl@UModSys@@2USUniquePointer@core@3@A@@YAXXZ 00415240 f    CIL library: CIL module
 0001:00014250       ??__F?s_id@?$TObjectUniqueID@URBinArchiveFrame@stdlib@media@modules@UModSys@@@tl@UModSys@@2USUniquePointer@core@3@A@@YAXXZ 00415250 f    CIL library: CIL module
 0001:00014260       ??__F?s_id@?$TObjectUniqueID@URUtilities@stdlib@media@modules@UModSys@@@tl@UModSys@@2USUniquePointer@core@3@A@@YAXXZ 00415260 f    CIL library: CIL module
 0001:00014270       ??__F?s_id@?$TObjectUniqueID@UIClient@IBinArchiveFrame@libmedia@UModSys@@@tl@UModSys@@2USUniquePointer@core@3@A@@YAXXZ 00415270 f    CIL library: CIL module
 0001:00014280       ??__F?s_id@?$TObjectUniqueID@UIBinArchiveFrame@libmedia@UModSys@@@tl@UModSys@@2USUniquePointer@core@3@A@@YAXXZ 00415280 f    CIL library: CIL module
 0001:00014290       ??__F?s_id@?$TObjectUniqueID@UILibraryLayered@libmedia@UModSys@@@tl@UModSys@@2USUniquePointer@core@3@A@@YAXXZ 00415290 f    CIL library: CIL module
 0001:000142a0       ??__F?s_id@?$TObjectUniqueID@UILibraryObjCache@libmedia@UModSys@@@tl@UModSys@@2USUniquePointer@core@3@A@@YAXXZ 004152a0 f    CIL library: CIL module
 0001:000142b0       ??__F?s_id@?$TObjectUniqueID@UILibraryObjFilter@libmedia@UModSys@@@tl@UModSys@@2USUniquePointer@core@3@A@@YAXXZ 004152b0 f    CIL library: CIL module
 0001:000142c0       ??__F?s_id@?$TObjectUniqueID@UILibraryBinCache@libmedia@UModSys@@@tl@UModSys@@2USUniquePointer@core@3@A@@YAXXZ 004152c0 f    CIL library: CIL module
 0001:000142d0       ??__F?s_id@?$TObjectUniqueID@UILibraryBinTree@libmedia@UModSys@@@tl@UModSys@@2USUniquePointer@core@3@A@@YAXXZ 004152d0 f    CIL library: CIL module
 0001:000142e0       ??__F?s_console@RConsole_std@rsystem@base@UModSys@@2U1234@A@@YAXXZ 004152e0 f    CIL library: CIL module
 0001:000142f0       ??__F?s_sys@RSystem@rsystem@base@UModSys@@2U1234@A@@YAXXZ 004152f0 f    CIL library: CIL module
 0001:00014300       ??__Frsys_dbg@rsystem@base@UModSys@@YAXXZ 00415300 f    CIL library: CIL module
 0001:00014310       ??__FM@UModSys@@YAXXZ      00415310 f    CIL library: CIL module
 0001:00014320       ??__F?root@SModuleRegChain@base@UModSys@@2U123@A@@YAXXZ 00415320 f    CIL library: CIL module
 0001:00014330       ??__F?s_library@RModuleLibraryReg_Chain@base@UModSys@@2U123@A@@YAXXZ 00415330 f    CIL library: CIL module
 0001:00014340       ??__F?root@SUniquePointer@core@UModSys@@2U123@A@@YAXXZ 00415340 f    CIL library: CIL module

 Exports

  ordinal    name

        1    _UModSys_Plugin_Entry2@0
