 umodsysc

 Timestamp is 52a95db4 (Thu Dec 12 09:54:44 2013)

 Preferred load address is 00400000

 Start         Length     Name                   Class
 0001:00000000 0000dd30H .text                   CODE
 0001:0000dd30 0000055aH .text$x                 CODE
 0001:0000e290 00000951H .text$yc                CODE
 0001:0000ebf0 000003aaH .text$yd                CODE
 0002:00000000 00000154H .idata$5                DATA
 0002:00000154 00000004H .CRT$XCA                DATA
 0002:00000158 00000004H .CRT$XCAA               DATA
 0002:0000015c 00000290H .CRT$XCU                DATA
 0002:000003ec 00000004H .CRT$XCZ                DATA
 0002:000003f0 00000004H .CRT$XIA                DATA
 0002:000003f4 00000004H .CRT$XIAA               DATA
 0002:000003f8 00000004H .CRT$XIY                DATA
 0002:000003fc 00000004H .CRT$XIZ                DATA
 0002:00000400 000019b8H .rdata                  DATA
 0002:00001db8 00001274H .rdata$r                DATA
 0002:00003030 0000009cH .rdata$sxdata           DATA
 0002:000030cc 00000004H .rtc$IAA                DATA
 0002:000030d0 00000004H .rtc$IZZ                DATA
 0002:000030d4 00000004H .rtc$TAA                DATA
 0002:000030d8 00000004H .rtc$TZZ                DATA
 0002:000030e0 000008b8H .xdata$x                DATA
 0002:00003998 00000028H .idata$2                DATA
 0002:000039c0 00000014H .idata$3                DATA
 0002:000039d4 00000154H .idata$4                DATA
 0002:00003b28 00000554H .idata$6                DATA
 0002:00004080 00000058H .edata                  DATA
 0003:00000000 00000c40H .data                   DATA
 0003:00000c40 00002968H .bss                    DATA

  Address         Publics by Value              Rva+Base       Lib:Object

 0000:00000000       __except_list              00000000     <absolute>
 0000:00000027       ___safe_se_handler_count   00000027     <absolute>
 0000:00009876       __ldused                   00009876     <absolute>
 0000:00009876       __fltused                  00009876     <absolute>
 0000:00000000       ___ImageBase               00400000     <linker-defined>
 0001:00000000       ??0?$TString@U?$TSCoreConst@D@su@tl@UModSys@@U?$TComparerBinaryHash@D@234@@tl@UModSys@@QAE@PBD@Z 00401000 f i umodsys.c_main.obj
 0001:00000050       ??$shash@D@su@tl@UModSys@@YAHPBDI@Z 00401050 f i umodsys.c_main.obj
 0001:00000080       ??3IRoot@core@UModSys@@SAXPAXABUSIMemAlloc@12@@Z 00401080 f i umodsys_lib_libmedia:umodsys.mod.media.stdio.obj
 0001:00000090       ??1?$TSCoreShared@USIMemAlloc@core@UModSys@@D@su@tl@UModSys@@QAE@XZ 00401090 f i umodsys_lib_libmedia:umodsys.mod.media.stdio.obj
 0001:00000090       ??1?$TString@U?$TSCoreShared@USIMemAlloc@core@UModSys@@D@su@tl@UModSys@@U?$TComparerBinaryHash@D@234@@tl@UModSys@@QAE@XZ 00401090 f i umodsys_lib_libmedia:umodsys.mod.media.stdio.obj
 0001:000000d0       ?archive_load_data@libmedia@UModSys@@YA_NAAUIBinArchive@12@ABU?$TString@U?$TSCoreConst@D@su@tl@UModSys@@U?$TComparerBinaryHash@D@234@@tl@2@AAUSCMemShared@core@2@ABUSFlags@12@@Z 004010d0 f i umodsys_lib_libmedia:umodsys.mod.media.stdio.obj
 0001:000002c0       ?archive_save_data@libmedia@UModSys@@YA_NAAUIBinArchive@12@ABU?$TString@U?$TSCoreConst@D@su@tl@UModSys@@U?$TComparerBinaryHash@D@234@@tl@2@ABUSCMem@core@2@ABUSFlags@12@@Z 004012c0 f i umodsys_lib_libmedia:umodsys.mod.media.stdio.obj
 0001:00000370       ?file_get_size@stdio@media@modules@UModSys@@YA_JPAU_iobuf@@@Z 00401370 f i umodsys_lib_libmedia:umodsys.mod.media.stdio.obj
 0001:000003c0       ?root_get_interface_info@RStreamReader_FILE@stdio@media@modules@UModSys@@UBEABUSUniquePointerInfo@core@5@XZ 004013c0 f i umodsys_lib_libmedia:umodsys.mod.media.stdio.obj
 0001:000003d0       ?root_get_interface_type@RStreamReader_FILE@stdio@media@modules@UModSys@@UBEPBUSUniquePointerInfo@core@5@XZ 004013d0 f i umodsys_lib_libmedia:umodsys.mod.media.stdio.obj
 0001:000003e0       ?root_get_other_interface@RStreamReader_FILE@stdio@media@modules@UModSys@@UAEPAUIRoot@core@5@PBUSUniquePointerInfo@75@@Z 004013e0 f i umodsys_lib_libmedia:umodsys.mod.media.stdio.obj
 0001:000003e0       ?root_get_other_interface@RStreamReader_FILE@stdio@media@modules@UModSys@@UBEPBUIRoot@core@5@PBUSUniquePointerInfo@75@@Z 004013e0 f i umodsys_lib_libmedia:umodsys.mod.media.stdio.obj
 0001:00000410       ?root_is_interface_supported@RStreamReader_FILE@stdio@media@modules@UModSys@@UBE_NPBUSUniquePointerInfo@core@5@@Z 00401410 f i umodsys_lib_libmedia:umodsys.mod.media.stdio.obj
 0001:00000450       ?ref_add@RGenerator@stdlib@media@modules@UModSys@@UBEXXZ 00401450 f i umodsys_lib_libmedia:umodsys.mod.media.stdlib.obj
 0001:00000450       ?ref_add@RStreamWriter_FILE@stdio@media@modules@UModSys@@UBEXXZ 00401450 f i umodsys_lib_libmedia:umodsys.mod.media.stdio.obj
 0001:00000450       ?ref_add@RGenerator@stdio@media@modules@UModSys@@UBEXXZ 00401450 f i umodsys_lib_libmedia:umodsys.mod.media.stdio.obj
 0001:00000450       ?ref_add@RStreamReader_FILE@stdio@media@modules@UModSys@@UBEXXZ 00401450 f i umodsys_lib_libmedia:umodsys.mod.media.stdio.obj
 0001:00000460       ??0RStreamReader_FILE@stdio@media@modules@UModSys@@QAE@PAUIModObject@base@4@ABUSParameters@core@4@@Z 00401460 f i umodsys_lib_libmedia:umodsys.mod.media.stdio.obj
 0001:00000510       ??0RStreamReader_FILE@stdio@media@modules@UModSys@@QAE@PAUIModObject@base@4@PBD@Z 00401510 f i umodsys_lib_libmedia:umodsys.mod.media.stdio.obj
 0001:000005a0       ?get_size@RStreamReader_FILE@stdio@media@modules@UModSys@@QAEXXZ 004015a0 f i umodsys_lib_libmedia:umodsys.mod.media.stdio.obj
 0001:00000610       ?reader_seek@RStreamReader_FILE@stdio@media@modules@UModSys@@UAE_N_J@Z 00401610 f i umodsys_lib_libmedia:umodsys.mod.media.stdio.obj
 0001:00000640       ?reader_seekend@RStreamReader_FILE@stdio@media@modules@UModSys@@UAE_N_J@Z 00401640 f i umodsys_lib_libmedia:umodsys.mod.media.stdio.obj
 0001:00000670       ?reader_seekdelta@RStreamReader_FILE@stdio@media@modules@UModSys@@UAE_N_J@Z 00401670 f i umodsys_lib_libmedia:umodsys.mod.media.stdio.obj
 0001:000006a0       ?reader_pos@RStreamReader_FILE@stdio@media@modules@UModSys@@UAE_JXZ 004016a0 f i umodsys_lib_libmedia:umodsys.mod.media.stdio.obj
 0001:000006c0       ?reader_size@RStreamReader_FILE@stdio@media@modules@UModSys@@UAE_JXZ 004016c0 f i umodsys_lib_libmedia:umodsys.mod.media.stdio.obj
 0001:000006d0       ?reader_read@RStreamReader_FILE@stdio@media@modules@UModSys@@UAE_NPAXI@Z 004016d0 f i umodsys_lib_libmedia:umodsys.mod.media.stdio.obj
 0001:00000750       ?reader_close@RStreamReader_FILE@stdio@media@modules@UModSys@@UAEXXZ 00401750 f i umodsys_lib_libmedia:umodsys.mod.media.stdio.obj
 0001:00000770       ??_GRStreamReader_FILE@stdio@media@modules@UModSys@@UAEPAXI@Z 00401770 f i umodsys_lib_libmedia:umodsys.mod.media.stdio.obj
 0001:00000770       ??_ERStreamReader_FILE@stdio@media@modules@UModSys@@UAEPAXI@Z 00401770 f i  CIL library: CIL module
 0001:000007b0       ??_EIRoot@core@UModSys@@UAEPAXI@Z 004017b0 f i  CIL library: CIL module
 0001:000007b0       ??_GIRoot@core@UModSys@@UAEPAXI@Z 004017b0 f i umodsys_lib_libmedia:umodsys.mod.media.stdio.obj
 0001:000007d0       ?root_get_interface_info@RStreamWriter_FILE@stdio@media@modules@UModSys@@UBEABUSUniquePointerInfo@core@5@XZ 004017d0 f i umodsys_lib_libmedia:umodsys.mod.media.stdio.obj
 0001:000007e0       ?root_get_interface_type@RStreamWriter_FILE@stdio@media@modules@UModSys@@UBEPBUSUniquePointerInfo@core@5@XZ 004017e0 f i umodsys_lib_libmedia:umodsys.mod.media.stdio.obj
 0001:000007f0       ?root_get_other_interface@RStreamWriter_FILE@stdio@media@modules@UModSys@@UBEPBUIRoot@core@5@PBUSUniquePointerInfo@75@@Z 004017f0 f i umodsys_lib_libmedia:umodsys.mod.media.stdio.obj
 0001:000007f0       ?root_get_other_interface@RStreamWriter_FILE@stdio@media@modules@UModSys@@UAEPAUIRoot@core@5@PBUSUniquePointerInfo@75@@Z 004017f0 f i umodsys_lib_libmedia:umodsys.mod.media.stdio.obj
 0001:00000820       ?root_is_interface_supported@RStreamWriter_FILE@stdio@media@modules@UModSys@@UBE_NPBUSUniquePointerInfo@core@5@@Z 00401820 f i umodsys_lib_libmedia:umodsys.mod.media.stdio.obj
 0001:00000860       ?suicide@RStreamWriter_FILE@stdio@media@modules@UModSys@@UAEXXZ 00401860 f i umodsys_lib_libmedia:umodsys.mod.media.stdio.obj
 0001:00000860       ?suicide@RStreamReader_FILE@stdio@media@modules@UModSys@@UAEXXZ 00401860 f i umodsys_lib_libmedia:umodsys.mod.media.stdio.obj
 0001:00000870       ??1RStreamWriter_FILE@stdio@media@modules@UModSys@@UAE@XZ 00401870 f i umodsys_lib_libmedia:umodsys.mod.media.stdio.obj
 0001:000008e0       ??0RStreamWriter_FILE@stdio@media@modules@UModSys@@QAE@PAUIModObject@base@4@ABUSParameters@core@4@@Z 004018e0 f i umodsys_lib_libmedia:umodsys.mod.media.stdio.obj
 0001:00000960       ??0RStreamWriter_FILE@stdio@media@modules@UModSys@@QAE@PAUIModObject@base@4@PBD_N@Z 00401960 f i umodsys_lib_libmedia:umodsys.mod.media.stdio.obj
 0001:00000a20       ?open@RStreamWriter_FILE@stdio@media@modules@UModSys@@QAEXABUSParameters@core@5@@Z 00401a20 f i umodsys_lib_libmedia:umodsys.mod.media.stdio.obj
 0001:00000ab0       ?writer_seek@RStreamWriter_FILE@stdio@media@modules@UModSys@@UAE_N_J@Z 00401ab0 f i umodsys_lib_libmedia:umodsys.mod.media.stdio.obj
 0001:00000ae0       ?writer_seekend@RStreamWriter_FILE@stdio@media@modules@UModSys@@UAE_N_J@Z 00401ae0 f i umodsys_lib_libmedia:umodsys.mod.media.stdio.obj
 0001:00000b10       ?writer_seekdelta@RStreamWriter_FILE@stdio@media@modules@UModSys@@UAE_N_J@Z 00401b10 f i umodsys_lib_libmedia:umodsys.mod.media.stdio.obj
 0001:00000b40       ?writer_setsize@RStreamWriter_FILE@stdio@media@modules@UModSys@@UAE_N_J@Z 00401b40 f i umodsys_lib_libmedia:umodsys.mod.media.stdio.obj
 0001:00000b90       ?writer_pos@RStreamWriter_FILE@stdio@media@modules@UModSys@@UAE_JXZ 00401b90 f i umodsys_lib_libmedia:umodsys.mod.media.stdio.obj
 0001:00000bb0       ?writer_size@RStreamWriter_FILE@stdio@media@modules@UModSys@@UAE_JXZ 00401bb0 f i umodsys_lib_libmedia:umodsys.mod.media.stdio.obj
 0001:00000be0       ?writer_write@RStreamWriter_FILE@stdio@media@modules@UModSys@@UAE_NPBXI@Z 00401be0 f i umodsys_lib_libmedia:umodsys.mod.media.stdio.obj
 0001:00000c60       ?writer_copy@RStreamWriter_FILE@stdio@media@modules@UModSys@@UAE_NPAUIStreamReader@libmedia@5@_J@Z 00401c60 f i umodsys_lib_libmedia:umodsys.mod.media.stdio.obj
 0001:00000d30       ?writer_copy@RStreamWriter_FILE@stdio@media@modules@UModSys@@UAE_NPAUIStreamReader@libmedia@5@_J1@Z 00401d30 f i umodsys_lib_libmedia:umodsys.mod.media.stdio.obj
 0001:00000d80       ?writer_close@RStreamWriter_FILE@stdio@media@modules@UModSys@@UAEXXZ 00401d80 f i umodsys_lib_libmedia:umodsys.mod.media.stdio.obj
 0001:00000dc0       ?writer_abort@RStreamWriter_FILE@stdio@media@modules@UModSys@@UAEXXZ 00401dc0 f i umodsys_lib_libmedia:umodsys.mod.media.stdio.obj
 0001:00000e00       ??_ERStreamWriter_FILE@stdio@media@modules@UModSys@@UAEPAXI@Z 00401e00 f i  CIL library: CIL module
 0001:00000e00       ??_GRStreamWriter_FILE@stdio@media@modules@UModSys@@UAEPAXI@Z 00401e00 f i umodsys_lib_libmedia:umodsys.mod.media.stdio.obj
 0001:00000e20       ?root_get_interface_info@RDataArchiver_OsDir@stdio@media@modules@UModSys@@UBEABUSUniquePointerInfo@core@5@XZ 00401e20 f i umodsys_lib_libmedia:umodsys.mod.media.stdio.obj
 0001:00000e30       ?root_get_interface_type@RDataArchiver_OsDir@stdio@media@modules@UModSys@@UBEPBUSUniquePointerInfo@core@5@XZ 00401e30 f i umodsys_lib_libmedia:umodsys.mod.media.stdio.obj
 0001:00000e40       ?root_get_other_interface@RDataArchiver_OsDir@stdio@media@modules@UModSys@@UAEPAUIRoot@core@5@PBUSUniquePointerInfo@75@@Z 00401e40 f i umodsys_lib_libmedia:umodsys.mod.media.stdio.obj
 0001:00000e40       ?root_get_other_interface@RDataArchiver_OsDir@stdio@media@modules@UModSys@@UBEPBUIRoot@core@5@PBUSUniquePointerInfo@75@@Z 00401e40 f i umodsys_lib_libmedia:umodsys.mod.media.stdio.obj
 0001:00000e70       ?root_is_interface_supported@RDataArchiver_OsDir@stdio@media@modules@UModSys@@UBE_NPBUSUniquePointerInfo@core@5@@Z 00401e70 f i umodsys_lib_libmedia:umodsys.mod.media.stdio.obj
 0001:00000eb0       ??0RDataArchiver_OsDir@stdio@media@modules@UModSys@@QAE@PAUIModObject@base@4@ABUSParameters@core@4@U?$TFlags4State@USMediaFlagUid@libmedia@UModSys@@I@tl@4@@Z 00401eb0 f i umodsys_lib_libmedia:umodsys.mod.media.stdio.obj
 0001:00000f50       ??1RDataArchiver_OsDir@stdio@media@modules@UModSys@@UAE@XZ 00401f50 f i umodsys_lib_libmedia:umodsys.mod.media.stdio.obj
 0001:00000fd0       ?open@RDataArchiver_OsDir@stdio@media@modules@UModSys@@QAEXABUSParameters@core@5@@Z 00401fd0 f i umodsys_lib_libmedia:umodsys.mod.media.stdio.obj
 0001:000010a0       ?get_flag@RDataArchiver_OsDir@stdio@media@modules@UModSys@@UBE?AW4eStates@?$TFlags4State@USMediaFlagUid@libmedia@UModSys@@I@tl@5@H@Z 004020a0 f i umodsys_lib_libmedia:umodsys.mod.media.stdio.obj
 0001:000010c0       ?get_flags_auto@RDataArchiver_OsDir@stdio@media@modules@UModSys@@UBE?AU?$TFlags4State@USMediaFlagUid@libmedia@UModSys@@I@tl@5@XZ 004020c0 f i umodsys_lib_libmedia:umodsys.mod.media.stdio.obj
 0001:000010d0       ?set_flag@RDataArchiver_OsDir@stdio@media@modules@UModSys@@UAE?AW4eStates@?$TFlags4State@USMediaFlagUid@libmedia@UModSys@@I@tl@5@HW46785@@Z 004020d0 f i umodsys_lib_libmedia:umodsys.mod.media.stdio.obj
 0001:00001100       ?data_load@RDataArchiver_OsDir@stdio@media@modules@UModSys@@UAE_NABU?$TString@U?$TSCoreConst@D@su@tl@UModSys@@U?$TComparerBinaryHash@D@234@@tl@5@AAUSCMemShared@core@5@ABUSFlags@libmedia@5@@Z 00402100 f i umodsys_lib_libmedia:umodsys.mod.media.stdio.obj
 0001:00001140       ?data_save@RDataArchiver_OsDir@stdio@media@modules@UModSys@@UAE_NABU?$TString@U?$TSCoreConst@D@su@tl@UModSys@@U?$TComparerBinaryHash@D@234@@tl@5@ABUSCMem@core@5@ABUSFlags@libmedia@5@@Z 00402140 f i umodsys_lib_libmedia:umodsys.mod.media.stdio.obj
 0001:00001160       ?data_reader@RDataArchiver_OsDir@stdio@media@modules@UModSys@@UAE?AU?$TRefObject@UIStreamReader@libmedia@UModSys@@U?$TRefObjectFunc@UIStreamReader@libmedia@UModSys@@@tl@3@@tl@5@ABU?$TString@U?$TSCoreConst@D@su@tl@UModSys@@U?$TComparerBinaryHash@D@234@@75@ABUSFlags@libmedia@5@@Z 00402160 f i umodsys_lib_libmedia:umodsys.mod.media.stdio.obj
 0001:000012d0       ?data_writer@RDataArchiver_OsDir@stdio@media@modules@UModSys@@UAE?AU?$TRefObject@UIStreamWriter@libmedia@UModSys@@U?$TRefObjectFunc@UIStreamWriter@libmedia@UModSys@@@tl@3@@tl@5@ABU?$TString@U?$TSCoreConst@D@su@tl@UModSys@@U?$TComparerBinaryHash@D@234@@75@ABUSFlags@libmedia@5@@Z 004022d0 f i umodsys_lib_libmedia:umodsys.mod.media.stdio.obj
 0001:00001460       ?data_list@RDataArchiver_OsDir@stdio@media@modules@UModSys@@UAE_NABU?$TString@U?$TSCoreConst@D@su@tl@UModSys@@U?$TComparerBinaryHash@D@234@@tl@5@AAU?$TIStackSocket@USFileInfo@libmedia@UModSys@@@75@ABUSFlags@libmedia@5@@Z 00402460 f i umodsys_lib_libmedia:umodsys.mod.media.stdio.obj
 0001:000014b0       ?get_permissions@RDataArchiver_OsDir@stdio@media@modules@UModSys@@UAEHXZ 004024b0 f i umodsys_lib_libmedia:umodsys.mod.media.stdio.obj
 0001:000014c0       ??_ERDataArchiver_OsDir@stdio@media@modules@UModSys@@UAEPAXI@Z 004024c0 f i  CIL library: CIL module
 0001:000014c0       ??_GRDataArchiver_OsDir@stdio@media@modules@UModSys@@UAEPAXI@Z 004024c0 f i umodsys_lib_libmedia:umodsys.mod.media.stdio.obj
 0001:000014e0       ??1ILibraryBinCache@libmedia@UModSys@@UAE@XZ 004024e0 f i umodsys_lib_libmedia:umodsys.mod.media.stdlib.obj
 0001:000014e0       ??1ILibraryBinTree@libmedia@UModSys@@UAE@XZ 004024e0 f i umodsys_lib_libmedia:umodsys.mod.media.stdlib.obj
 0001:000014e0       ??1IStreamReader@libmedia@UModSys@@UAE@XZ 004024e0 f i umodsys_lib_libmedia:umodsys.mod.media.stdio.obj
 0001:000014e0       ??1IStreamWriter@libmedia@UModSys@@UAE@XZ 004024e0 f i umodsys_lib_libmedia:umodsys.mod.media.stdio.obj
 0001:000014e0       ??1IBinArchive@libmedia@UModSys@@UAE@XZ 004024e0 f i umodsys_lib_libmedia:umodsys.mod.media.stdio.obj
 0001:000014e0       ??1ILibraryObjFilter@libmedia@UModSys@@UAE@XZ 004024e0 f i umodsys_lib_libmedia:umodsys.mod.media.stdlib.obj
 0001:000014e0       ??1ILibraryLayered@libmedia@UModSys@@UAE@XZ 004024e0 f i umodsys_lib_libmedia:umodsys.mod.media.stdlib.obj
 0001:000014e0       ??1ILibraryObjCache@libmedia@UModSys@@UAE@XZ 004024e0 f i umodsys_lib_libmedia:umodsys.mod.media.stdlib.obj
 0001:000014f0       ?get_generated_names@RGenerator@stdio@media@modules@UModSys@@UBEHAAUSUniquePtrList@core@5@@Z 004024f0 f i umodsys_lib_libmedia:umodsys.mod.media.stdio.obj
 0001:00001530       ?get_generated_types@RGenerator@stdio@media@modules@UModSys@@UBEHAAUSUniquePtrList@core@5@PBUSUniquePointerInfo@75@@Z 00402530 f i umodsys_lib_libmedia:umodsys.mod.media.stdio.obj
 0001:000015b0       ?generate@RGenerator@stdio@media@modules@UModSys@@UAE_NAAU?$TRefObject@UIRefObject@core@UModSys@@U?$TRefObjectFunc@UIRefObject@core@UModSys@@@tl@3@@tl@5@PBUSUniquePointerInfo@core@5@ABUSParameters@95@@Z 004025b0 f i umodsys_lib_libmedia:umodsys.mod.media.stdio.obj
 0001:00001610       ?root_get_interface_info@RGenerator@stdio@media@modules@UModSys@@UBEABUSUniquePointerInfo@core@5@XZ 00402610 f i umodsys_lib_libmedia:umodsys.mod.media.stdio.obj
 0001:00001620       ?root_get_interface_type@RGenerator@stdio@media@modules@UModSys@@UBEPBUSUniquePointerInfo@core@5@XZ 00402620 f i umodsys_lib_libmedia:umodsys.mod.media.stdio.obj
 0001:00001630       ?root_get_other_interface@RGenerator@stdio@media@modules@UModSys@@UBEPBUIRoot@core@5@PBUSUniquePointerInfo@75@@Z 00402630 f i umodsys_lib_libmedia:umodsys.mod.media.stdio.obj
 0001:00001630       ?root_get_other_interface@RGenerator@stdio@media@modules@UModSys@@UAEPAUIRoot@core@5@PBUSUniquePointerInfo@75@@Z 00402630 f i umodsys_lib_libmedia:umodsys.mod.media.stdio.obj
 0001:00001670       ?root_is_interface_supported@RGenerator@stdio@media@modules@UModSys@@UBE_NPBUSUniquePointerInfo@core@5@@Z 00402670 f i umodsys_lib_libmedia:umodsys.mod.media.stdio.obj
 0001:000016b0       ?ref_links@RStreamReader_FILE@stdio@media@modules@UModSys@@UBEHXZ 004026b0 f i umodsys_lib_libmedia:umodsys.mod.media.stdio.obj
 0001:000016b0       ?ref_links@RGenerator@stdlib@media@modules@UModSys@@UBEHXZ 004026b0 f i umodsys_lib_libmedia:umodsys.mod.media.stdlib.obj
 0001:000016b0       ?ref_links@RGenerator@stdio@media@modules@UModSys@@UBEHXZ 004026b0 f i umodsys_lib_libmedia:umodsys.mod.media.stdio.obj
 0001:000016b0       ?ref_links@RStreamWriter_FILE@stdio@media@modules@UModSys@@UBEHXZ 004026b0 f i umodsys_lib_libmedia:umodsys.mod.media.stdio.obj
 0001:000016c0       ?ref_weak@RGenerator@stdlib@media@modules@UModSys@@UBE_NAAUWeakPointer@IRefObject@core@5@@Z 004026c0 f i umodsys_lib_libmedia:umodsys.mod.media.stdlib.obj
 0001:000016c0       ?ref_weak@RGenerator@stdio@media@modules@UModSys@@UBE_NAAUWeakPointer@IRefObject@core@5@@Z 004026c0 f i umodsys_lib_libmedia:umodsys.mod.media.stdio.obj
 0001:000016c0       ?ref_weak@RStreamReader_FILE@stdio@media@modules@UModSys@@UBE_NAAUWeakPointer@IRefObject@core@5@@Z 004026c0 f i umodsys_lib_libmedia:umodsys.mod.media.stdio.obj
 0001:000016c0       ?ref_weak@RStreamWriter_FILE@stdio@media@modules@UModSys@@UBE_NAAUWeakPointer@IRefObject@core@5@@Z 004026c0 f i umodsys_lib_libmedia:umodsys.mod.media.stdio.obj
 0001:000016e0       ?suicide@RGenerator@stdio@media@modules@UModSys@@UAEXXZ 004026e0 f i umodsys_lib_libmedia:umodsys.mod.media.stdio.obj
 0001:000016e0       ?suicide@RGenerator@stdlib@media@modules@UModSys@@UAEXXZ 004026e0 f i umodsys_lib_libmedia:umodsys.mod.media.stdlib.obj
 0001:000016e0       ??3@YAXPAX0@Z              004026e0 f i umodsys_lib_libmedia:umodsys.mod.media.stdio.obj
 0001:000016f0       ?get_uid@RGenerator@stdio@media@modules@UModSys@@UBEPBUSUniquePointerInfo@core@5@XZ 004026f0 f i umodsys_lib_libmedia:umodsys.mod.media.stdio.obj
 0001:00001700       ?do_open@RModuleReg@stdio@media@modules@UModSys@@UAE_NXZ 00402700 f i umodsys_lib_libmedia:umodsys.mod.media.stdio.obj
 0001:00001710       ?do_close@RModuleReg@stdio@media@modules@UModSys@@UAE_NXZ 00402710 f i umodsys_lib_libmedia:umodsys.mod.media.stdio.obj
 0001:00001720       ??_GRModuleReg@stdio@media@modules@UModSys@@UAEPAXI@Z 00402720 f i umodsys_lib_libmedia:umodsys.mod.media.stdio.obj
 0001:00001720       ??_ERModuleReg@stdio@media@modules@UModSys@@UAEPAXI@Z 00402720 f i  CIL library: CIL module
 0001:00001750       ??_GRGenerator@stdlib@media@modules@UModSys@@UAEPAXI@Z 00402750 f i umodsys_lib_libmedia:umodsys.mod.media.stdlib.obj
 0001:00001750       ??_ERGenerator@stdlib@media@modules@UModSys@@UAEPAXI@Z 00402750 f i  CIL library: CIL module
 0001:00001750       ??_GIRefObject@core@UModSys@@UAEPAXI@Z 00402750 f i umodsys_lib_libmedia:umodsys.mod.media.stdio.obj
 0001:00001750       ??_GRGenerator@stdio@media@modules@UModSys@@UAEPAXI@Z 00402750 f i umodsys_lib_libmedia:umodsys.mod.media.stdio.obj
 0001:00001750       ??_EIRefObject@core@UModSys@@UAEPAXI@Z 00402750 f i  CIL library: CIL module
 0001:00001750       ??_ERGenerator@stdio@media@modules@UModSys@@UAEPAXI@Z 00402750 f i  CIL library: CIL module
 0001:00001770       ?info_new@?$TSCoreShared@USIMemAlloc@core@UModSys@@D@su@tl@UModSys@@QAE_NPBDI@Z 00402770 f i umodsys_lib_libmedia:umodsys.mod.media.stdio.obj
 0001:00001800       ?obj_delete@?$TRefObjectLinksModObject@URStreamWriter_FILE@stdio@media@modules@UModSys@@UIModObject@base@5@@tl@UModSys@@QBEXPAURStreamWriter_FILE@stdio@media@modules@3@@Z 00402800 f i umodsys_lib_libmedia:umodsys.mod.media.stdio.obj
 0001:00001800       ?obj_delete@?$TRefObjectLinksModObject@URLibraryBinCache@stdlib@media@modules@UModSys@@UIModObject@base@5@@tl@UModSys@@QBEXPAURLibraryBinCache@stdlib@media@modules@3@@Z 00402800 f i umodsys_lib_libmedia:umodsys.mod.media.stdlib.obj
 0001:00001800       ?obj_delete@?$TRefObjectLinksModObject@URStreamReader_FILE@stdio@media@modules@UModSys@@UIModObject@base@5@@tl@UModSys@@QBEXPAURStreamReader_FILE@stdio@media@modules@3@@Z 00402800 f i umodsys_lib_libmedia:umodsys.mod.media.stdio.obj
 0001:00001800       ?obj_delete@?$TRefObjectLinksModObject@URLibraryBinTree@stdlib@media@modules@UModSys@@UIModObject@base@5@@tl@UModSys@@QBEXPAURLibraryBinTree@stdlib@media@modules@3@@Z 00402800 f i umodsys_lib_libmedia:umodsys.mod.media.stdlib.obj
 0001:00001800       ?obj_delete@?$TRefObjectLinksModObject@URLibraryLayered@stdlib@media@modules@UModSys@@UIModObject@base@5@@tl@UModSys@@QBEXPAURLibraryLayered@stdlib@media@modules@3@@Z 00402800 f i umodsys_lib_libmedia:umodsys.mod.media.stdlib.obj
 0001:00001800       ?obj_delete@?$TRefObjectLinksModObject@URLibraryObjCache@stdlib@media@modules@UModSys@@UIModObject@base@5@@tl@UModSys@@QBEXPAURLibraryObjCache@stdlib@media@modules@3@@Z 00402800 f i umodsys_lib_libmedia:umodsys.mod.media.stdlib.obj
 0001:00001800       ?obj_delete@?$TRefObjectLinksModObject@URDataArchiver_OsDir@stdio@media@modules@UModSys@@UIModObject@base@5@@tl@UModSys@@QBEXPAURDataArchiver_OsDir@stdio@media@modules@3@@Z 00402800 f i umodsys_lib_libmedia:umodsys.mod.media.stdio.obj
 0001:00001800       ?obj_delete@?$TRefObjectLinksModObject@URBinArchiveFrame@stdlib@media@modules@UModSys@@UIModObject@base@5@@tl@UModSys@@QBEXPAURBinArchiveFrame@stdlib@media@modules@3@@Z 00402800 f i umodsys_lib_libmedia:umodsys.mod.media.stdlib.obj
 0001:00001800       ?obj_delete@?$TRefObjectLinksModObject@URLibraryObjFilter@stdlib@media@modules@UModSys@@UIModObject@base@5@@tl@UModSys@@QBEXPAURLibraryObjFilter@stdlib@media@modules@3@@Z 00402800 f i umodsys_lib_libmedia:umodsys.mod.media.stdlib.obj
 0001:00001870       ??$ValidateConstruction@UIStreamReader@libmedia@UModSys@@URStreamReader_FILE@stdio@media@modules@3@@core@UModSys@@YA_NAAU?$TRefObject@UIStreamReader@libmedia@UModSys@@U?$TRefObjectFunc@UIStreamReader@libmedia@UModSys@@@tl@3@@tl@1@PAURStreamReader_FILE@stdio@media@modules@1@@Z 00402870 f i umodsys_lib_libmedia:umodsys.mod.media.stdio.obj
 0001:00001870       ??$ValidateConstruction@UIRefObject@core@UModSys@@URStreamReader_FILE@stdio@media@modules@3@@core@UModSys@@YA_NAAU?$TRefObject@UIRefObject@core@UModSys@@U?$TRefObjectFunc@UIRefObject@core@UModSys@@@tl@3@@tl@1@PAURStreamReader_FILE@stdio@media@modules@1@@Z 00402870 f i umodsys_lib_libmedia:umodsys.mod.media.stdio.obj
 0001:00001900       ??$t_gen_param@URStreamReader_FILE@stdio@media@modules@UModSys@@URGenerator@2345@@IGenerator@base@UModSys@@IAE_NPAURGenerator@stdio@media@modules@2@AAU?$TRefObject@UIRefObject@core@UModSys@@U?$TRefObjectFunc@UIRefObject@core@UModSys@@@tl@3@@tl@2@PBUSUniquePointerInfo@core@2@ABUSParameters@core@2@@Z 00402900 f i umodsys_lib_libmedia:umodsys.mod.media.stdio.obj
 0001:00001980       ??$t_gen_param@URStreamWriter_FILE@stdio@media@modules@UModSys@@URGenerator@2345@@IGenerator@base@UModSys@@IAE_NPAURGenerator@stdio@media@modules@2@AAU?$TRefObject@UIRefObject@core@UModSys@@U?$TRefObjectFunc@UIRefObject@core@UModSys@@@tl@3@@tl@2@PBUSUniquePointerInfo@core@2@ABUSParameters@core@2@@Z 00402980 f i umodsys_lib_libmedia:umodsys.mod.media.stdio.obj
 0001:000019f0       ??$t_gen_param@URDataArchiver_OsDir@stdio@media@modules@UModSys@@URGenerator@2345@@IGenerator@base@UModSys@@IAE_NPAURGenerator@stdio@media@modules@2@AAU?$TRefObject@UIRefObject@core@UModSys@@U?$TRefObjectFunc@UIRefObject@core@UModSys@@@tl@3@@tl@2@PBUSUniquePointerInfo@core@2@ABUSParameters@core@2@@Z 004029f0 f i umodsys_lib_libmedia:umodsys.mod.media.stdio.obj
 0001:00001a60       ??1?$TRefObject@UIModObject@base@UModSys@@U?$TModObjectFunc@UIModObject@base@UModSys@@@tl@3@@tl@UModSys@@QAE@XZ 00402a60 f i umodsys_lib_libmedia:umodsys.mod.media.stdio.obj
 0001:00001a80       ??1?$TRefObject@URParameters@rsystem@base@UModSys@@U?$TRefObjectFunc@URParameters@rsystem@base@UModSys@@@tl@4@@tl@UModSys@@QAE@XZ 00402a80 f i umodsys_lib_basesys:umodsys.basesys.rsystem_main.obj
 0001:00001a80       ??1?$TRefObject@URLibraryObjCache@stdlib@media@modules@UModSys@@U?$TRefObjectFunc@URLibraryObjCache@stdlib@media@modules@UModSys@@@tl@5@@tl@UModSys@@QAE@XZ 00402a80 f i umodsys_lib_libmedia:umodsys.mod.media.stdlib.obj
 0001:00001a80       ??1?$TRefObject@UIModuleLibraryUni@rsystem@base@UModSys@@U?$TRefObjectFunc@UIModuleLibraryUni@rsystem@base@UModSys@@@tl@4@@tl@UModSys@@QAE@XZ 00402a80 f i umodsys_lib_basesys:umodsys.basesys.rmodule.obj
 0001:00001a80       ??1?$TRefObject@UIShell@base@UModSys@@U?$TRefObjectFunc@UIShell@base@UModSys@@@tl@3@@tl@UModSys@@QAE@XZ 00402a80 f i umodsys_lib_basesys:umodsys.basesys.rsystem_tests.obj
 0001:00001a80       ??1?$TRefObject@URDataArchiver_OsDir@stdio@media@modules@UModSys@@U?$TRefObjectFunc@URDataArchiver_OsDir@stdio@media@modules@UModSys@@@tl@5@@tl@UModSys@@QAE@XZ 00402a80 f i umodsys_lib_libmedia:umodsys.mod.media.stdio.obj
 0001:00001a80       ??1?$TRefObject@UIStreamWriter@libmedia@UModSys@@U?$TRefObjectFunc@UIStreamWriter@libmedia@UModSys@@@tl@3@@tl@UModSys@@QAE@XZ 00402a80 f i umodsys_lib_libmedia:umodsys.mod.media.stdio.obj
 0001:00001a80       ??1?$TRefObject@URStreamReader_FILE@stdio@media@modules@UModSys@@U?$TRefObjectFunc@URStreamReader_FILE@stdio@media@modules@UModSys@@@tl@5@@tl@UModSys@@QAE@XZ 00402a80 f i umodsys_lib_libmedia:umodsys.mod.media.stdio.obj
 0001:00001a80       ??1SFilter@RLibraryObjFilter@stdlib@media@modules@UModSys@@QAE@XZ 00402a80 f i umodsys_lib_libmedia:umodsys.mod.media.stdlib.obj
 0001:00001a80       ??1?$TRefObject@UIClient@IBinArchiveFrame@libmedia@UModSys@@U?$TRefObjectFunc@UIClient@IBinArchiveFrame@libmedia@UModSys@@@tl@4@@tl@UModSys@@QAE@XZ 00402a80 f i umodsys_lib_libmedia:umodsys.mod.media.stdlib.obj
 0001:00001a80       ??1?$TRefObject@UIBinObjFilter@libmedia@UModSys@@U?$TRefObjectFunc@UIBinObjFilter@libmedia@UModSys@@@tl@3@@tl@UModSys@@QAE@XZ 00402a80 f i umodsys_lib_libmedia:umodsys.mod.media.stdlib.obj
 0001:00001a80       ??1?$TRefObject@URLibraryBinCache@stdlib@media@modules@UModSys@@U?$TRefObjectFunc@URLibraryBinCache@stdlib@media@modules@UModSys@@@tl@5@@tl@UModSys@@QAE@XZ 00402a80 f i umodsys_lib_libmedia:umodsys.mod.media.stdlib.obj
 0001:00001a80       ??1?$TRefObject@URLibraryBinTree@stdlib@media@modules@UModSys@@U?$TRefObjectFunc@URLibraryBinTree@stdlib@media@modules@UModSys@@@tl@5@@tl@UModSys@@QAE@XZ 00402a80 f i umodsys_lib_libmedia:umodsys.mod.media.stdlib.obj
 0001:00001a80       ??1?$TRefObject@URStreamWriter_FILE@stdio@media@modules@UModSys@@U?$TRefObjectFunc@URStreamWriter_FILE@stdio@media@modules@UModSys@@@tl@5@@tl@UModSys@@QAE@XZ 00402a80 f i umodsys_lib_libmedia:umodsys.mod.media.stdio.obj
 0001:00001a80       ??1?$TRefObject@URLibraryObjFilter@stdlib@media@modules@UModSys@@U?$TRefObjectFunc@URLibraryObjFilter@stdlib@media@modules@UModSys@@@tl@5@@tl@UModSys@@QAE@XZ 00402a80 f i umodsys_lib_libmedia:umodsys.mod.media.stdlib.obj
 0001:00001a80       ??1?$TRefObject@URModuleLibrarySO@rsystem@base@UModSys@@U?$TRefObjectFunc@URModuleLibrarySO@rsystem@base@UModSys@@@tl@4@@tl@UModSys@@QAE@XZ 00402a80 f i umodsys_lib_basesys:umodsys.basesys.rmoduleloader.obj
 0001:00001a80       ??1?$TRefObject@URBinArchiveFrame@stdlib@media@modules@UModSys@@U?$TRefObjectFunc@URBinArchiveFrame@stdlib@media@modules@UModSys@@@tl@5@@tl@UModSys@@QAE@XZ 00402a80 f i umodsys_lib_libmedia:umodsys.mod.media.stdlib.obj
 0001:00001a80       ??1?$TRefObject@URLibraryLayered@stdlib@media@modules@UModSys@@U?$TRefObjectFunc@URLibraryLayered@stdlib@media@modules@UModSys@@@tl@5@@tl@UModSys@@QAE@XZ 00402a80 f i umodsys_lib_libmedia:umodsys.mod.media.stdlib.obj
 0001:00001a80       ??1?$TRefObject@UIStreamReader@libmedia@UModSys@@U?$TRefObjectFunc@UIStreamReader@libmedia@UModSys@@@tl@3@@tl@UModSys@@QAE@XZ 00402a80 f i umodsys_lib_libmedia:umodsys.mod.media.stdio.obj
 0001:00001a80       ??1?$TRefObject@UIRefObject@core@UModSys@@U?$TRefObjectFunc@UIRefObject@core@UModSys@@@tl@3@@tl@UModSys@@QAE@XZ 00402a80 f i umodsys_lib_libmedia:umodsys.mod.media.stdlib.obj
 0001:00001aa0       ??$is_flag@U?$TFlags4StateShift@USMediaFlagUid@libmedia@UModSys@@I$09@tl@UModSys@@@SFlags@libmedia@UModSys@@QBE_NPBUIResolverAuto@012@W4eStates@?$TFlags4State@USMediaFlagUid@libmedia@UModSys@@I@tl@2@@Z 00402aa0 f i umodsys_lib_libmedia:umodsys.mod.media.stdio.obj
 0001:00001b00       ??$ValidateConstruction@UIStreamWriter@libmedia@UModSys@@URStreamWriter_FILE@stdio@media@modules@3@@core@UModSys@@YA_NAAU?$TRefObject@UIStreamWriter@libmedia@UModSys@@U?$TRefObjectFunc@UIStreamWriter@libmedia@UModSys@@@tl@3@@tl@1@PAURStreamWriter_FILE@stdio@media@modules@1@@Z 00402b00 f i umodsys_lib_libmedia:umodsys.mod.media.stdio.obj
 0001:00001b00       ??$ValidateConstruction@UIRefObject@core@UModSys@@URStreamWriter_FILE@stdio@media@modules@3@@core@UModSys@@YA_NAAU?$TRefObject@UIRefObject@core@UModSys@@U?$TRefObjectFunc@UIRefObject@core@UModSys@@@tl@3@@tl@1@PAURStreamWriter_FILE@stdio@media@modules@1@@Z 00402b00 f i umodsys_lib_libmedia:umodsys.mod.media.stdio.obj
 0001:00001b90       ??$ValidateConstruction@UIRefObject@core@UModSys@@URBinArchiveFrame@stdlib@media@modules@3@@core@UModSys@@YA_NAAU?$TRefObject@UIRefObject@core@UModSys@@U?$TRefObjectFunc@UIRefObject@core@UModSys@@@tl@3@@tl@1@PAURBinArchiveFrame@stdlib@media@modules@1@@Z 00402b90 f i umodsys_lib_libmedia:umodsys.mod.media.stdlib.obj
 0001:00001b90       ??$ValidateConstruction@UIRefObject@core@UModSys@@URLibraryLayered@stdlib@media@modules@3@@core@UModSys@@YA_NAAU?$TRefObject@UIRefObject@core@UModSys@@U?$TRefObjectFunc@UIRefObject@core@UModSys@@@tl@3@@tl@1@PAURLibraryLayered@stdlib@media@modules@1@@Z 00402b90 f i umodsys_lib_libmedia:umodsys.mod.media.stdlib.obj
 0001:00001b90       ??$ValidateConstruction@UIRefObject@core@UModSys@@URLibraryBinCache@stdlib@media@modules@3@@core@UModSys@@YA_NAAU?$TRefObject@UIRefObject@core@UModSys@@U?$TRefObjectFunc@UIRefObject@core@UModSys@@@tl@3@@tl@1@PAURLibraryBinCache@stdlib@media@modules@1@@Z 00402b90 f i umodsys_lib_libmedia:umodsys.mod.media.stdlib.obj
 0001:00001b90       ??$ValidateConstruction@UIRefObject@core@UModSys@@URLibraryObjCache@stdlib@media@modules@3@@core@UModSys@@YA_NAAU?$TRefObject@UIRefObject@core@UModSys@@U?$TRefObjectFunc@UIRefObject@core@UModSys@@@tl@3@@tl@1@PAURLibraryObjCache@stdlib@media@modules@1@@Z 00402b90 f i umodsys_lib_libmedia:umodsys.mod.media.stdlib.obj
 0001:00001b90       ??$ValidateConstruction@UIRefObject@core@UModSys@@URLibraryBinTree@stdlib@media@modules@3@@core@UModSys@@YA_NAAU?$TRefObject@UIRefObject@core@UModSys@@U?$TRefObjectFunc@UIRefObject@core@UModSys@@@tl@3@@tl@1@PAURLibraryBinTree@stdlib@media@modules@1@@Z 00402b90 f i umodsys_lib_libmedia:umodsys.mod.media.stdlib.obj
 0001:00001b90       ??$ValidateConstruction@UIRefObject@core@UModSys@@URDataArchiver_OsDir@stdio@media@modules@3@@core@UModSys@@YA_NAAU?$TRefObject@UIRefObject@core@UModSys@@U?$TRefObjectFunc@UIRefObject@core@UModSys@@@tl@3@@tl@1@PAURDataArchiver_OsDir@stdio@media@modules@1@@Z 00402b90 f i umodsys_lib_libmedia:umodsys.mod.media.stdio.obj
 0001:00001b90       ??$ValidateConstruction@UIRefObject@core@UModSys@@URLibraryObjFilter@stdlib@media@modules@3@@core@UModSys@@YA_NAAU?$TRefObject@UIRefObject@core@UModSys@@U?$TRefObjectFunc@UIRefObject@core@UModSys@@@tl@3@@tl@1@PAURLibraryObjFilter@stdlib@media@modules@1@@Z 00402b90 f i umodsys_lib_libmedia:umodsys.mod.media.stdlib.obj
 0001:00001c10       ?s_set@?$TRefObjectFunc@UIRefObject@core@UModSys@@@tl@UModSys@@SAXAAPAUIRefObject@core@3@PAU453@@Z 00402c10 f i umodsys_lib_libmedia:umodsys.mod.media.stdio.obj
 0001:00001c30       ?alloc@SMemShared@core@UModSys@@QAE_NABUSCMem@23@PAUSSourceContext@23@@Z 00402c30 f i umodsys_lib_libmedia:umodsys.mod.media.stdlib.obj
 0001:00001c90       ?get_flag@RResolverChain@SFlagsChain@libmedia@UModSys@@UBE?AW4eStates@?$TFlags4State@USMediaFlagUid@libmedia@UModSys@@I@tl@4@H@Z 00402c90 f i umodsys_lib_libmedia:umodsys.mod.media.stdlib.obj
 0001:00001cd0       ??1SPoint@ILibraryBinTree@libmedia@UModSys@@QAE@XZ 00402cd0 f i umodsys_lib_libmedia:umodsys.mod.media.stdlib.obj
 0001:00001cd0       ??1SLayer@ILibraryLayered@libmedia@UModSys@@QAE@XZ 00402cd0 f i umodsys_lib_libmedia:umodsys.mod.media.stdlib.obj
 0001:00001cf0       ?root_get_interface_info@RBinArchiveFrame@stdlib@media@modules@UModSys@@UBEABUSUniquePointerInfo@core@5@XZ 00402cf0 f i umodsys_lib_libmedia:umodsys.mod.media.stdlib.obj
 0001:00001d00       ?root_get_interface_type@RBinArchiveFrame@stdlib@media@modules@UModSys@@UBEPBUSUniquePointerInfo@core@5@XZ 00402d00 f i umodsys_lib_libmedia:umodsys.mod.media.stdlib.obj
 0001:00001d10       ?root_get_other_interface@RBinArchiveFrame@stdlib@media@modules@UModSys@@UAEPAUIRoot@core@5@PBUSUniquePointerInfo@75@@Z 00402d10 f i umodsys_lib_libmedia:umodsys.mod.media.stdlib.obj
 0001:00001d10       ?root_get_other_interface@RBinArchiveFrame@stdlib@media@modules@UModSys@@UBEPBUIRoot@core@5@PBUSUniquePointerInfo@75@@Z 00402d10 f i umodsys_lib_libmedia:umodsys.mod.media.stdlib.obj
 0001:00001d50       ?root_is_interface_supported@RBinArchiveFrame@stdlib@media@modules@UModSys@@UBE_NPBUSUniquePointerInfo@core@5@@Z 00402d50 f i umodsys_lib_libmedia:umodsys.mod.media.stdlib.obj
 0001:00001d90       ?ref_add@RBinArchiveFrame@stdlib@media@modules@UModSys@@UBEXXZ 00402d90 f i umodsys_lib_libmedia:umodsys.mod.media.stdlib.obj
 0001:00001da0       ?ref_remove@RBinArchiveFrame@stdlib@media@modules@UModSys@@UBEXXZ 00402da0 f i umodsys_lib_libmedia:umodsys.mod.media.stdlib.obj
 0001:00001db0       ?ref_links@RBinArchiveFrame@stdlib@media@modules@UModSys@@UBEHXZ 00402db0 f i umodsys_lib_libmedia:umodsys.mod.media.stdlib.obj
 0001:00001dc0       ?ref_weak@RBinArchiveFrame@stdlib@media@modules@UModSys@@UBE_NAAUWeakPointer@IRefObject@core@5@@Z 00402dc0 f i umodsys_lib_libmedia:umodsys.mod.media.stdlib.obj
 0001:00001de0       ?suicide@RBinArchiveFrame@stdlib@media@modules@UModSys@@UAEXXZ 00402de0 f i umodsys_lib_libmedia:umodsys.mod.media.stdlib.obj
 0001:00001df0       ??0RBinArchiveFrame@stdlib@media@modules@UModSys@@QAE@PAUIModObject@base@4@ABUSParameters@core@4@U?$TFlags4State@USMediaFlagUid@libmedia@UModSys@@I@tl@4@@Z 00402df0 f i umodsys_lib_libmedia:umodsys.mod.media.stdlib.obj
 0001:00001e80       ??1RBinArchiveFrame@stdlib@media@modules@UModSys@@UAE@XZ 00402e80 f i umodsys_lib_libmedia:umodsys.mod.media.stdlib.obj
 0001:00001f40       ?get_flag@RBinArchiveFrame@stdlib@media@modules@UModSys@@UBE?AW4eStates@?$TFlags4State@USMediaFlagUid@libmedia@UModSys@@I@tl@5@H@Z 00402f40 f i umodsys_lib_libmedia:umodsys.mod.media.stdlib.obj
 0001:00001f60       ?get_flags_auto@RBinArchiveFrame@stdlib@media@modules@UModSys@@UBE?AU?$TFlags4State@USMediaFlagUid@libmedia@UModSys@@I@tl@5@XZ 00402f60 f i umodsys_lib_libmedia:umodsys.mod.media.stdlib.obj
 0001:00001f70       ?set_flag@RBinArchiveFrame@stdlib@media@modules@UModSys@@UAE?AW4eStates@?$TFlags4State@USMediaFlagUid@libmedia@UModSys@@I@tl@5@HW46785@@Z 00402f70 f i umodsys_lib_libmedia:umodsys.mod.media.stdlib.obj
 0001:00001fa0       ?bin_writer@RLibraryObjFilter@stdlib@media@modules@UModSys@@UAE?AU?$TRefObject@UIStreamWriter@libmedia@UModSys@@U?$TRefObjectFunc@UIStreamWriter@libmedia@UModSys@@@tl@3@@tl@5@ABU?$TString@U?$TSCoreConst@D@su@tl@UModSys@@U?$TComparerBinaryHash@D@234@@75@ABUSFlags@libmedia@5@@Z 00402fa0 f i umodsys_lib_libmedia:umodsys.mod.media.stdlib.obj
 0001:00001fa0       ?bin_writer@RLibraryBinCache@stdlib@media@modules@UModSys@@UAE?AU?$TRefObject@UIStreamWriter@libmedia@UModSys@@U?$TRefObjectFunc@UIStreamWriter@libmedia@UModSys@@@tl@3@@tl@5@ABU?$TString@U?$TSCoreConst@D@su@tl@UModSys@@U?$TComparerBinaryHash@D@234@@75@ABUSFlags@libmedia@5@@Z 00402fa0 f i umodsys_lib_libmedia:umodsys.mod.media.stdlib.obj
 0001:00001fa0       ?bin_reader@RLibraryObjFilter@stdlib@media@modules@UModSys@@UAE?AU?$TRefObject@UIStreamReader@libmedia@UModSys@@U?$TRefObjectFunc@UIStreamReader@libmedia@UModSys@@@tl@3@@tl@5@ABU?$TString@U?$TSCoreConst@D@su@tl@UModSys@@U?$TComparerBinaryHash@D@234@@75@ABUSFlags@libmedia@5@@Z 00402fa0 f i umodsys_lib_libmedia:umodsys.mod.media.stdlib.obj
 0001:00001fa0       ?data_reader@RBinArchiveFrame@stdlib@media@modules@UModSys@@UAE?AU?$TRefObject@UIStreamReader@libmedia@UModSys@@U?$TRefObjectFunc@UIStreamReader@libmedia@UModSys@@@tl@3@@tl@5@ABU?$TString@U?$TSCoreConst@D@su@tl@UModSys@@U?$TComparerBinaryHash@D@234@@75@ABUSFlags@libmedia@5@@Z 00402fa0 f i umodsys_lib_libmedia:umodsys.mod.media.stdlib.obj
 0001:00001fa0       ?bin_reader@RLibraryObjCache@stdlib@media@modules@UModSys@@UAE?AU?$TRefObject@UIStreamReader@libmedia@UModSys@@U?$TRefObjectFunc@UIStreamReader@libmedia@UModSys@@@tl@3@@tl@5@ABU?$TString@U?$TSCoreConst@D@su@tl@UModSys@@U?$TComparerBinaryHash@D@234@@75@ABUSFlags@libmedia@5@@Z 00402fa0 f i umodsys_lib_libmedia:umodsys.mod.media.stdlib.obj
 0001:00001fa0       ?data_writer@RBinArchiveFrame@stdlib@media@modules@UModSys@@UAE?AU?$TRefObject@UIStreamWriter@libmedia@UModSys@@U?$TRefObjectFunc@UIStreamWriter@libmedia@UModSys@@@tl@3@@tl@5@ABU?$TString@U?$TSCoreConst@D@su@tl@UModSys@@U?$TComparerBinaryHash@D@234@@75@ABUSFlags@libmedia@5@@Z 00402fa0 f i umodsys_lib_libmedia:umodsys.mod.media.stdlib.obj
 0001:00001fa0       ?bin_writer@RLibraryObjCache@stdlib@media@modules@UModSys@@UAE?AU?$TRefObject@UIStreamWriter@libmedia@UModSys@@U?$TRefObjectFunc@UIStreamWriter@libmedia@UModSys@@@tl@3@@tl@5@ABU?$TString@U?$TSCoreConst@D@su@tl@UModSys@@U?$TComparerBinaryHash@D@234@@75@ABUSFlags@libmedia@5@@Z 00402fa0 f i umodsys_lib_libmedia:umodsys.mod.media.stdlib.obj
 0001:00001fa0       ?bin_reader@RLibraryBinCache@stdlib@media@modules@UModSys@@UAE?AU?$TRefObject@UIStreamReader@libmedia@UModSys@@U?$TRefObjectFunc@UIStreamReader@libmedia@UModSys@@@tl@3@@tl@5@ABU?$TString@U?$TSCoreConst@D@su@tl@UModSys@@U?$TComparerBinaryHash@D@234@@75@ABUSFlags@libmedia@5@@Z 00402fa0 f i umodsys_lib_libmedia:umodsys.mod.media.stdlib.obj
 0001:00001fc0       ?get_permissions@RBinArchiveFrame@stdlib@media@modules@UModSys@@UAEHXZ 00402fc0 f i umodsys_lib_libmedia:umodsys.mod.media.stdlib.obj
 0001:00001fd0       ?close@RBinArchiveFrame@stdlib@media@modules@UModSys@@UAE_NXZ 00402fd0 f i umodsys_lib_libmedia:umodsys.mod.media.stdlib.obj
 0001:00001fe0       ?add_node_r@RBinArchiveFrame@stdlib@media@modules@UModSys@@UAEPAUNameNode@IBinArchiveFrame@libmedia@5@ABU?$TString@U?$TSCoreConst@D@su@tl@UModSys@@U?$TComparerBinaryHash@D@234@@tl@5@IAAUSMem@core@5@@Z 00402fe0 f i umodsys_lib_libmedia:umodsys.mod.media.stdlib.obj
 0001:00001ff0       ?add_node_w@RBinArchiveFrame@stdlib@media@modules@UModSys@@UAEPAUNameNode@IBinArchiveFrame@libmedia@5@ABU?$TString@U?$TSCoreConst@D@su@tl@UModSys@@U?$TComparerBinaryHash@D@234@@tl@5@I@Z 00402ff0 f i umodsys_lib_libmedia:umodsys.mod.media.stdlib.obj
 0001:00001ff0       ?node_size@RBinArchiveFrame@stdlib@media@modules@UModSys@@UAEIABU?$TString@U?$TSCoreConst@D@su@tl@UModSys@@U?$TComparerBinaryHash@D@234@@tl@5@H@Z 00402ff0 f i umodsys_lib_libmedia:umodsys.mod.media.stdlib.obj
 0001:00002000       ?remove_node@RBinArchiveFrame@stdlib@media@modules@UModSys@@UAE_NPAUNameNode@IBinArchiveFrame@libmedia@5@@Z 00403000 f i umodsys_lib_libmedia:umodsys.mod.media.stdlib.obj
 0001:00002010       ?find_node@RBinArchiveFrame@stdlib@media@modules@UModSys@@UAEPAUNameNode@IBinArchiveFrame@libmedia@5@ABU?$TString@U?$TSCoreConst@D@su@tl@UModSys@@U?$TComparerBinaryHash@D@234@@tl@5@@Z 00403010 f i umodsys_lib_libmedia:umodsys.mod.media.stdlib.obj
 0001:00002020       ??_ERBinArchiveFrame@stdlib@media@modules@UModSys@@UAEPAXI@Z 00403020 f i  CIL library: CIL module
 0001:00002020       ??_GRBinArchiveFrame@stdlib@media@modules@UModSys@@UAEPAXI@Z 00403020 f i umodsys_lib_libmedia:umodsys.mod.media.stdlib.obj
 0001:00002040       ??1IBinArchiveFrame@libmedia@UModSys@@UAE@XZ 00403040 f i umodsys_lib_libmedia:umodsys.mod.media.stdlib.obj
 0001:000020c0       ?root_get_interface_info@RLibraryBinCache@stdlib@media@modules@UModSys@@UBEABUSUniquePointerInfo@core@5@XZ 004030c0 f i umodsys_lib_libmedia:umodsys.mod.media.stdlib.obj
 0001:000020d0       ?root_get_interface_type@RLibraryBinCache@stdlib@media@modules@UModSys@@UBEPBUSUniquePointerInfo@core@5@XZ 004030d0 f i umodsys_lib_libmedia:umodsys.mod.media.stdlib.obj
 0001:000020e0       ?root_get_other_interface@RLibraryBinCache@stdlib@media@modules@UModSys@@UAEPAUIRoot@core@5@PBUSUniquePointerInfo@75@@Z 004030e0 f i umodsys_lib_libmedia:umodsys.mod.media.stdlib.obj
 0001:000020e0       ?root_get_other_interface@RLibraryBinCache@stdlib@media@modules@UModSys@@UBEPBUIRoot@core@5@PBUSUniquePointerInfo@75@@Z 004030e0 f i umodsys_lib_libmedia:umodsys.mod.media.stdlib.obj
 0001:00002120       ?root_is_interface_supported@RLibraryBinCache@stdlib@media@modules@UModSys@@UBE_NPBUSUniquePointerInfo@core@5@@Z 00403120 f i umodsys_lib_libmedia:umodsys.mod.media.stdlib.obj
 0001:00002160       ?ref_add@RDataArchiver_OsDir@stdio@media@modules@UModSys@@UBEXXZ 00403160 f i umodsys_lib_libmedia:umodsys.mod.media.stdio.obj
 0001:00002160       ?ref_add@RLibraryObjFilter@stdlib@media@modules@UModSys@@UBEXXZ 00403160 f i umodsys_lib_libmedia:umodsys.mod.media.stdlib.obj
 0001:00002160       ?ref_add@RLibraryLayered@stdlib@media@modules@UModSys@@UBEXXZ 00403160 f i umodsys_lib_libmedia:umodsys.mod.media.stdlib.obj
 0001:00002160       ?ref_add@RLibraryBinCache@stdlib@media@modules@UModSys@@UBEXXZ 00403160 f i umodsys_lib_libmedia:umodsys.mod.media.stdlib.obj
 0001:00002160       ?ref_add@RLibraryObjCache@stdlib@media@modules@UModSys@@UBEXXZ 00403160 f i umodsys_lib_libmedia:umodsys.mod.media.stdlib.obj
 0001:00002160       ?ref_add@RLibraryBinTree@stdlib@media@modules@UModSys@@UBEXXZ 00403160 f i umodsys_lib_libmedia:umodsys.mod.media.stdlib.obj
 0001:00002170       ?ref_weak@RLibraryObjFilter@stdlib@media@modules@UModSys@@UBE_NAAUWeakPointer@IRefObject@core@5@@Z 00403170 f i umodsys_lib_libmedia:umodsys.mod.media.stdlib.obj
 0001:00002170       ?ref_weak@RLibraryBinTree@stdlib@media@modules@UModSys@@UBE_NAAUWeakPointer@IRefObject@core@5@@Z 00403170 f i umodsys_lib_libmedia:umodsys.mod.media.stdlib.obj
 0001:00002170       ?ref_weak@RDataArchiver_OsDir@stdio@media@modules@UModSys@@UBE_NAAUWeakPointer@IRefObject@core@5@@Z 00403170 f i umodsys_lib_libmedia:umodsys.mod.media.stdio.obj
 0001:00002170       ?ref_weak@RLibraryBinCache@stdlib@media@modules@UModSys@@UBE_NAAUWeakPointer@IRefObject@core@5@@Z 00403170 f i umodsys_lib_libmedia:umodsys.mod.media.stdlib.obj
 0001:00002170       ?ref_weak@RLibraryLayered@stdlib@media@modules@UModSys@@UBE_NAAUWeakPointer@IRefObject@core@5@@Z 00403170 f i umodsys_lib_libmedia:umodsys.mod.media.stdlib.obj
 0001:00002170       ?ref_weak@RLibraryObjCache@stdlib@media@modules@UModSys@@UBE_NAAUWeakPointer@IRefObject@core@5@@Z 00403170 f i umodsys_lib_libmedia:umodsys.mod.media.stdlib.obj
 0001:00002190       ??0RLibraryBinCache@stdlib@media@modules@UModSys@@QAE@PAUIModObject@base@4@ABUSParameters@core@4@U?$TFlags4State@USMediaFlagUid@libmedia@UModSys@@I@tl@4@@Z 00403190 f i umodsys_lib_libmedia:umodsys.mod.media.stdlib.obj
 0001:00002210       ??1RLibraryBinCache@stdlib@media@modules@UModSys@@UAE@XZ 00403210 f i umodsys_lib_libmedia:umodsys.mod.media.stdlib.obj
 0001:00002280       ?get_flag@RLibraryObjFilter@stdlib@media@modules@UModSys@@UBE?AW4eStates@?$TFlags4State@USMediaFlagUid@libmedia@UModSys@@I@tl@5@H@Z 00403280 f i umodsys_lib_libmedia:umodsys.mod.media.stdlib.obj
 0001:00002280       ?get_flag@RLibraryBinCache@stdlib@media@modules@UModSys@@UBE?AW4eStates@?$TFlags4State@USMediaFlagUid@libmedia@UModSys@@I@tl@5@H@Z 00403280 f i umodsys_lib_libmedia:umodsys.mod.media.stdlib.obj
 0001:00002280       ?get_flag@RLibraryObjCache@stdlib@media@modules@UModSys@@UBE?AW4eStates@?$TFlags4State@USMediaFlagUid@libmedia@UModSys@@I@tl@5@H@Z 00403280 f i umodsys_lib_libmedia:umodsys.mod.media.stdlib.obj
 0001:00002280       ?get_flag@RLibraryBinTree@stdlib@media@modules@UModSys@@UBE?AW4eStates@?$TFlags4State@USMediaFlagUid@libmedia@UModSys@@I@tl@5@H@Z 00403280 f i umodsys_lib_libmedia:umodsys.mod.media.stdlib.obj
 0001:000022a0       ?get_flags_auto@RLibraryBinCache@stdlib@media@modules@UModSys@@UBE?AU?$TFlags4State@USMediaFlagUid@libmedia@UModSys@@I@tl@5@XZ 004032a0 f i umodsys_lib_libmedia:umodsys.mod.media.stdlib.obj
 0001:000022b0       ?bin_load@RLibraryBinCache@stdlib@media@modules@UModSys@@UAE_NABU?$TString@U?$TSCoreConst@D@su@tl@UModSys@@U?$TComparerBinaryHash@D@234@@tl@5@AAUSCMemShared@core@5@ABUSFlags@libmedia@5@@Z 004032b0 f i umodsys_lib_libmedia:umodsys.mod.media.stdlib.obj
 0001:00002310       ?bin_save@RLibraryObjFilter@stdlib@media@modules@UModSys@@UAE_NABU?$TString@U?$TSCoreConst@D@su@tl@UModSys@@U?$TComparerBinaryHash@D@234@@tl@5@ABUSCMem@core@5@ABUSFlags@libmedia@5@@Z 00403310 f i umodsys_lib_libmedia:umodsys.mod.media.stdlib.obj
 0001:00002310       ?obj_get@RLibraryObjFilter@stdlib@media@modules@UModSys@@UAE_NABU?$TString@U?$TSCoreConst@D@su@tl@UModSys@@U?$TComparerBinaryHash@D@234@@tl@5@AAU?$TRefObject@UIRefObject@core@UModSys@@U?$TRefObjectFunc@UIRefObject@core@UModSys@@@tl@3@@75@ABUSObjOptions@ILibrary@libmedia@5@@Z 00403310 f i umodsys_lib_libmedia:umodsys.mod.media.stdlib.obj
 0001:00002310       ?obj_load@RLibraryObjFilter@stdlib@media@modules@UModSys@@UAE_NABU?$TString@U?$TSCoreConst@D@su@tl@UModSys@@U?$TComparerBinaryHash@D@234@@tl@5@PAUIRefObject@core@5@ABUSObjOptions@ILibrary@libmedia@5@@Z 00403310 f i umodsys_lib_libmedia:umodsys.mod.media.stdlib.obj
 0001:00002310       ?obj_save@RLibraryBinCache@stdlib@media@modules@UModSys@@UAE_NABU?$TString@U?$TSCoreConst@D@su@tl@UModSys@@U?$TComparerBinaryHash@D@234@@tl@5@PBUIRefObject@core@5@ABUSObjOptions@ILibrary@libmedia@5@@Z 00403310 f i umodsys_lib_libmedia:umodsys.mod.media.stdlib.obj
 0001:00002310       ?bin_info@RLibraryObjFilter@stdlib@media@modules@UModSys@@UAE_NABU?$TString@U?$TSCoreConst@D@su@tl@UModSys@@U?$TComparerBinaryHash@D@234@@tl@5@AAU?$TIStackSocket@USFileInfo@libmedia@UModSys@@@75@ABUSFlags@libmedia@5@@Z 00403310 f i umodsys_lib_libmedia:umodsys.mod.media.stdlib.obj
 0001:00002310       ?obj_cget@RLibraryObjFilter@stdlib@media@modules@UModSys@@UAE_NABU?$TString@U?$TSCoreConst@D@su@tl@UModSys@@U?$TComparerBinaryHash@D@234@@tl@5@AAU?$TRefObject@UIRefObject@core@UModSys@@U?$TRefObjectFunc@UIRefObject@core@UModSys@@@tl@3@@75@_N@Z 00403310 f i umodsys_lib_libmedia:umodsys.mod.media.stdlib.obj
 0001:00002310       ?data_save@RBinArchiveFrame@stdlib@media@modules@UModSys@@UAE_NABU?$TString@U?$TSCoreConst@D@su@tl@UModSys@@U?$TComparerBinaryHash@D@234@@tl@5@ABUSCMem@core@5@ABUSFlags@libmedia@5@@Z 00403310 f i umodsys_lib_libmedia:umodsys.mod.media.stdlib.obj
 0001:00002310       ?data_list@RBinArchiveFrame@stdlib@media@modules@UModSys@@UAE_NABU?$TString@U?$TSCoreConst@D@su@tl@UModSys@@U?$TComparerBinaryHash@D@234@@tl@5@AAU?$TIStackSocket@USFileInfo@libmedia@UModSys@@@75@ABUSFlags@libmedia@5@@Z 00403310 f i umodsys_lib_libmedia:umodsys.mod.media.stdlib.obj
 0001:00002310       ?bin_info@RLibraryBinCache@stdlib@media@modules@UModSys@@UAE_NABU?$TString@U?$TSCoreConst@D@su@tl@UModSys@@U?$TComparerBinaryHash@D@234@@tl@5@AAU?$TIStackSocket@USFileInfo@libmedia@UModSys@@@75@ABUSFlags@libmedia@5@@Z 00403310 f i umodsys_lib_libmedia:umodsys.mod.media.stdlib.obj
 0001:00002310       ?bin_get@RLibraryObjCache@stdlib@media@modules@UModSys@@UAE_NABU?$TString@U?$TSCoreConst@D@su@tl@UModSys@@U?$TComparerBinaryHash@D@234@@tl@5@AAUSCMemShared@core@5@_N@Z 00403310 f i umodsys_lib_libmedia:umodsys.mod.media.stdlib.obj
 0001:00002310       ?bin_load@RLibraryObjFilter@stdlib@media@modules@UModSys@@UAE_NABU?$TString@U?$TSCoreConst@D@su@tl@UModSys@@U?$TComparerBinaryHash@D@234@@tl@5@AAUSCMemShared@core@5@ABUSFlags@libmedia@5@@Z 00403310 f i umodsys_lib_libmedia:umodsys.mod.media.stdlib.obj
 0001:00002310       ?obj_save@RLibraryBinTree@stdlib@media@modules@UModSys@@UAE_NABU?$TString@U?$TSCoreConst@D@su@tl@UModSys@@U?$TComparerBinaryHash@D@234@@tl@5@PBUIRefObject@core@5@ABUSObjOptions@ILibrary@libmedia@5@@Z 00403310 f i umodsys_lib_libmedia:umodsys.mod.media.stdlib.obj
 0001:00002310       ?obj_get@RLibraryBinTree@stdlib@media@modules@UModSys@@UAE_NABU?$TString@U?$TSCoreConst@D@su@tl@UModSys@@U?$TComparerBinaryHash@D@234@@tl@5@AAU?$TRefObject@UIRefObject@core@UModSys@@U?$TRefObjectFunc@UIRefObject@core@UModSys@@@tl@3@@75@ABUSObjOptions@ILibrary@libmedia@5@@Z 00403310 f i umodsys_lib_libmedia:umodsys.mod.media.stdlib.obj
 0001:00002310       ?bin_save@RLibraryBinCache@stdlib@media@modules@UModSys@@UAE_NABU?$TString@U?$TSCoreConst@D@su@tl@UModSys@@U?$TComparerBinaryHash@D@234@@tl@5@ABUSCMem@core@5@ABUSFlags@libmedia@5@@Z 00403310 f i umodsys_lib_libmedia:umodsys.mod.media.stdlib.obj
 0001:00002310       ?obj_cget@RLibraryBinCache@stdlib@media@modules@UModSys@@UAE_NABU?$TString@U?$TSCoreConst@D@su@tl@UModSys@@U?$TComparerBinaryHash@D@234@@tl@5@AAU?$TRefObject@UIRefObject@core@UModSys@@U?$TRefObjectFunc@UIRefObject@core@UModSys@@@tl@3@@75@_N@Z 00403310 f i umodsys_lib_libmedia:umodsys.mod.media.stdlib.obj
 0001:00002310       ?bin_get@RLibraryBinTree@stdlib@media@modules@UModSys@@UAE_NABU?$TString@U?$TSCoreConst@D@su@tl@UModSys@@U?$TComparerBinaryHash@D@234@@tl@5@AAUSCMemShared@core@5@_N@Z 00403310 f i umodsys_lib_libmedia:umodsys.mod.media.stdlib.obj
 0001:00002310       ?bin_info@RLibraryObjCache@stdlib@media@modules@UModSys@@UAE_NABU?$TString@U?$TSCoreConst@D@su@tl@UModSys@@U?$TComparerBinaryHash@D@234@@tl@5@AAUSFileInfo@libmedia@5@ABUSFlags@95@@Z 00403310 f i umodsys_lib_libmedia:umodsys.mod.media.stdlib.obj
 0001:00002310       ?bin_info@RLibraryBinCache@stdlib@media@modules@UModSys@@UAE_NABU?$TString@U?$TSCoreConst@D@su@tl@UModSys@@U?$TComparerBinaryHash@D@234@@tl@5@AAUSFileInfo@libmedia@5@ABUSFlags@95@@Z 00403310 f i umodsys_lib_libmedia:umodsys.mod.media.stdlib.obj
 0001:00002310       ?bin_info@RLibraryBinTree@stdlib@media@modules@UModSys@@UAE_NABU?$TString@U?$TSCoreConst@D@su@tl@UModSys@@U?$TComparerBinaryHash@D@234@@tl@5@AAU?$TIStackSocket@USFileInfo@libmedia@UModSys@@@75@ABUSFlags@libmedia@5@@Z 00403310 f i umodsys_lib_libmedia:umodsys.mod.media.stdlib.obj
 0001:00002310       ?obj_save@RLibraryObjFilter@stdlib@media@modules@UModSys@@UAE_NABU?$TString@U?$TSCoreConst@D@su@tl@UModSys@@U?$TComparerBinaryHash@D@234@@tl@5@PBUIRefObject@core@5@ABUSObjOptions@ILibrary@libmedia@5@@Z 00403310 f i umodsys_lib_libmedia:umodsys.mod.media.stdlib.obj
 0001:00002310       ?obj_cget@RLibraryBinTree@stdlib@media@modules@UModSys@@UAE_NABU?$TString@U?$TSCoreConst@D@su@tl@UModSys@@U?$TComparerBinaryHash@D@234@@tl@5@AAU?$TRefObject@UIRefObject@core@UModSys@@U?$TRefObjectFunc@UIRefObject@core@UModSys@@@tl@3@@75@_N@Z 00403310 f i umodsys_lib_libmedia:umodsys.mod.media.stdlib.obj
 0001:00002310       ?obj_get@RLibraryBinCache@stdlib@media@modules@UModSys@@UAE_NABU?$TString@U?$TSCoreConst@D@su@tl@UModSys@@U?$TComparerBinaryHash@D@234@@tl@5@AAU?$TRefObject@UIRefObject@core@UModSys@@U?$TRefObjectFunc@UIRefObject@core@UModSys@@@tl@3@@75@ABUSObjOptions@ILibrary@libmedia@5@@Z 00403310 f i umodsys_lib_libmedia:umodsys.mod.media.stdlib.obj
 0001:00002310       ?data_load@RBinArchiveFrame@stdlib@media@modules@UModSys@@UAE_NABU?$TString@U?$TSCoreConst@D@su@tl@UModSys@@U?$TComparerBinaryHash@D@234@@tl@5@AAUSCMemShared@core@5@ABUSFlags@libmedia@5@@Z 00403310 f i umodsys_lib_libmedia:umodsys.mod.media.stdlib.obj
 0001:00002310       ?bin_info@RLibraryObjFilter@stdlib@media@modules@UModSys@@UAE_NABU?$TString@U?$TSCoreConst@D@su@tl@UModSys@@U?$TComparerBinaryHash@D@234@@tl@5@AAUSFileInfo@libmedia@5@ABUSFlags@95@@Z 00403310 f i umodsys_lib_libmedia:umodsys.mod.media.stdlib.obj
 0001:00002310       ?bin_info@RLibraryBinTree@stdlib@media@modules@UModSys@@UAE_NABU?$TString@U?$TSCoreConst@D@su@tl@UModSys@@U?$TComparerBinaryHash@D@234@@tl@5@AAUSFileInfo@libmedia@5@ABUSFlags@95@@Z 00403310 f i umodsys_lib_libmedia:umodsys.mod.media.stdlib.obj
 0001:00002310       ?bin_load@RLibraryObjCache@stdlib@media@modules@UModSys@@UAE_NABU?$TString@U?$TSCoreConst@D@su@tl@UModSys@@U?$TComparerBinaryHash@D@234@@tl@5@AAUSCMemShared@core@5@ABUSFlags@libmedia@5@@Z 00403310 f i umodsys_lib_libmedia:umodsys.mod.media.stdlib.obj
 0001:00002310       ?bin_get@RLibraryObjFilter@stdlib@media@modules@UModSys@@UAE_NABU?$TString@U?$TSCoreConst@D@su@tl@UModSys@@U?$TComparerBinaryHash@D@234@@tl@5@AAUSCMemShared@core@5@_N@Z 00403310 f i umodsys_lib_libmedia:umodsys.mod.media.stdlib.obj
 0001:00002310       ?obj_load@RLibraryBinCache@stdlib@media@modules@UModSys@@UAE_NABU?$TString@U?$TSCoreConst@D@su@tl@UModSys@@U?$TComparerBinaryHash@D@234@@tl@5@PAUIRefObject@core@5@ABUSObjOptions@ILibrary@libmedia@5@@Z 00403310 f i umodsys_lib_libmedia:umodsys.mod.media.stdlib.obj
 0001:00002310       ?obj_save@RLibraryObjCache@stdlib@media@modules@UModSys@@UAE_NABU?$TString@U?$TSCoreConst@D@su@tl@UModSys@@U?$TComparerBinaryHash@D@234@@tl@5@PBUIRefObject@core@5@ABUSObjOptions@ILibrary@libmedia@5@@Z 00403310 f i umodsys_lib_libmedia:umodsys.mod.media.stdlib.obj
 0001:00002310       ?obj_load@RLibraryObjCache@stdlib@media@modules@UModSys@@UAE_NABU?$TString@U?$TSCoreConst@D@su@tl@UModSys@@U?$TComparerBinaryHash@D@234@@tl@5@PAUIRefObject@core@5@ABUSObjOptions@ILibrary@libmedia@5@@Z 00403310 f i umodsys_lib_libmedia:umodsys.mod.media.stdlib.obj
 0001:00002310       ?bin_info@RLibraryObjCache@stdlib@media@modules@UModSys@@UAE_NABU?$TString@U?$TSCoreConst@D@su@tl@UModSys@@U?$TComparerBinaryHash@D@234@@tl@5@AAU?$TIStackSocket@USFileInfo@libmedia@UModSys@@@75@ABUSFlags@libmedia@5@@Z 00403310 f i umodsys_lib_libmedia:umodsys.mod.media.stdlib.obj
 0001:00002310       ?obj_load@RLibraryBinTree@stdlib@media@modules@UModSys@@UAE_NABU?$TString@U?$TSCoreConst@D@su@tl@UModSys@@U?$TComparerBinaryHash@D@234@@tl@5@PAUIRefObject@core@5@ABUSObjOptions@ILibrary@libmedia@5@@Z 00403310 f i umodsys_lib_libmedia:umodsys.mod.media.stdlib.obj
 0001:00002310       ?bin_save@RLibraryObjCache@stdlib@media@modules@UModSys@@UAE_NABU?$TString@U?$TSCoreConst@D@su@tl@UModSys@@U?$TComparerBinaryHash@D@234@@tl@5@ABUSCMem@core@5@ABUSFlags@libmedia@5@@Z 00403310 f i umodsys_lib_libmedia:umodsys.mod.media.stdlib.obj
 0001:00002320       ?bin_get@RLibraryBinCache@stdlib@media@modules@UModSys@@UAE_NABU?$TString@U?$TSCoreConst@D@su@tl@UModSys@@U?$TComparerBinaryHash@D@234@@tl@5@AAUSCMemShared@core@5@_N@Z 00403320 f i umodsys_lib_libmedia:umodsys.mod.media.stdlib.obj
 0001:00002320       ?obj_cget@RLibraryObjCache@stdlib@media@modules@UModSys@@UAE_NABU?$TString@U?$TSCoreConst@D@su@tl@UModSys@@U?$TComparerBinaryHash@D@234@@tl@5@AAU?$TRefObject@UIRefObject@core@UModSys@@U?$TRefObjectFunc@UIRefObject@core@UModSys@@@tl@3@@75@_N@Z 00403320 f i umodsys_lib_libmedia:umodsys.mod.media.stdlib.obj
 0001:00002360       ?bin_put@RLibraryBinCache@stdlib@media@modules@UModSys@@UAE_NABU?$TString@U?$TSCoreConst@D@su@tl@UModSys@@U?$TComparerBinaryHash@D@234@@tl@5@PBUSCMemShared@core@5@@Z 00403360 f i umodsys_lib_libmedia:umodsys.mod.media.stdlib.obj
 0001:00002390       ?bincache_get@RLibraryBinCache@stdlib@media@modules@UModSys@@UBE_NABU?$TString@U?$TSCoreConst@D@su@tl@UModSys@@U?$TComparerBinaryHash@D@234@@tl@5@PAUSCMemShared@core@5@PA_N@Z 00403390 f i umodsys_lib_libmedia:umodsys.mod.media.stdlib.obj
 0001:00002410       ?bincache_add@RLibraryBinCache@stdlib@media@modules@UModSys@@UAE_NABU?$TString@U?$TSCoreConst@D@su@tl@UModSys@@U?$TComparerBinaryHash@D@234@@tl@5@@Z 00403410 f i umodsys_lib_libmedia:umodsys.mod.media.stdlib.obj
 0001:00002450       ?bincache_add@RLibraryBinCache@stdlib@media@modules@UModSys@@UAE_NABU?$TString@U?$TSCoreConst@D@su@tl@UModSys@@U?$TComparerBinaryHash@D@234@@tl@5@ABUSCMemShared@core@5@@Z 00403450 f i umodsys_lib_libmedia:umodsys.mod.media.stdlib.obj
 0001:00002470       ?bincache_remove@RLibraryBinCache@stdlib@media@modules@UModSys@@UAE_NABU?$TString@U?$TSCoreConst@D@su@tl@UModSys@@U?$TComparerBinaryHash@D@234@@tl@5@@Z 00403470 f i umodsys_lib_libmedia:umodsys.mod.media.stdlib.obj
 0001:000024b0       ?bincache_clear@RLibraryBinCache@stdlib@media@modules@UModSys@@UAE_NXZ 004034b0 f i umodsys_lib_libmedia:umodsys.mod.media.stdlib.obj
 0001:000024e0       ?bincache_add@RLibraryBinCache@stdlib@media@modules@UModSys@@QAE_NABU?$TString@U?$TSCoreConst@D@su@tl@UModSys@@U?$TComparerBinaryHash@D@234@@tl@5@ABUSCMemShared@core@5@_N@Z 004034e0 f i umodsys_lib_libmedia:umodsys.mod.media.stdlib.obj
 0001:00002660       ??_GRLibraryBinCache@stdlib@media@modules@UModSys@@UAEPAXI@Z 00403660 f i umodsys_lib_libmedia:umodsys.mod.media.stdlib.obj
 0001:00002660       ??_ERLibraryBinCache@stdlib@media@modules@UModSys@@UAEPAXI@Z 00403660 f i  CIL library: CIL module
 0001:00002680       ?root_get_interface_info@RLibraryBinTree@stdlib@media@modules@UModSys@@UBEABUSUniquePointerInfo@core@5@XZ 00403680 f i umodsys_lib_libmedia:umodsys.mod.media.stdlib.obj
 0001:00002690       ?root_get_interface_type@RLibraryBinTree@stdlib@media@modules@UModSys@@UBEPBUSUniquePointerInfo@core@5@XZ 00403690 f i umodsys_lib_libmedia:umodsys.mod.media.stdlib.obj
 0001:000026a0       ?root_get_interface_types@ISystem@base@UModSys@@UBEIAAUSUniquePtrList@core@3@@Z 004036a0 f i umodsys_lib_basesys:umodsys.basesys.rsystem_main.obj
 0001:000026a0       ?root_get_interface_types@RModuleLibraryThis@rsystem@base@UModSys@@UBEIAAUSUniquePtrList@core@4@@Z 004036a0 f i umodsys_lib_basesys:umodsys.basesys.rmodulelibthis.obj
 0001:000026a0       ?root_get_interface_types@RParameters@rsystem@base@UModSys@@UBEIAAUSUniquePtrList@core@4@@Z 004036a0 f i umodsys_lib_basesys:umodsys.basesys.rparameters.obj
 0001:000026a0       ?root_get_interface_types@RModuleLibrarySO@rsystem@base@UModSys@@UBEIAAUSUniquePtrList@core@4@@Z 004036a0 f i umodsys_lib_basesys:umodsys.basesys.rmodulelibso.obj
 0001:000026a0       ?root_get_interface_types@RGenerator@stdlib@media@modules@UModSys@@UBEIAAUSUniquePtrList@core@5@@Z 004036a0 f i umodsys_lib_libmedia:umodsys.mod.media.stdlib.obj
 0001:000026a0       ?root_get_interface_types@RDataArchiver_OsDir@stdio@media@modules@UModSys@@UBEIAAUSUniquePtrList@core@5@@Z 004036a0 f i umodsys_lib_libmedia:umodsys.mod.media.stdio.obj
 0001:000026a0       ?root_get_interface_types@RLibraryObjCache@stdlib@media@modules@UModSys@@UBEIAAUSUniquePtrList@core@5@@Z 004036a0 f i umodsys_lib_libmedia:umodsys.mod.media.stdlib.obj
 0001:000026a0       ?root_get_interface_types@RModule@rsystem@base@UModSys@@UBEIAAUSUniquePtrList@core@4@@Z 004036a0 f i umodsys_lib_basesys:umodsys.basesys.rmodule.obj
 0001:000026a0       ?root_get_interface_types@RSystem@rsystem@base@UModSys@@UBEIAAUSUniquePtrList@core@4@@Z 004036a0 f i umodsys_lib_basesys:umodsys.basesys.rsystem_main.obj
 0001:000026a0       ?root_get_interface_types@RLibraryObjFilter@stdlib@media@modules@UModSys@@UBEIAAUSUniquePtrList@core@5@@Z 004036a0 f i umodsys_lib_libmedia:umodsys.mod.media.stdlib.obj
 0001:000026a0       ?root_get_interface_types@RLibraryBinTree@stdlib@media@modules@UModSys@@UBEIAAUSUniquePtrList@core@5@@Z 004036a0 f i umodsys_lib_libmedia:umodsys.mod.media.stdlib.obj
 0001:000026a0       ?root_get_interface_types@RLibraryBinCache@stdlib@media@modules@UModSys@@UBEIAAUSUniquePtrList@core@5@@Z 004036a0 f i umodsys_lib_libmedia:umodsys.mod.media.stdlib.obj
 0001:000026a0       ?root_get_interface_types@RStreamWriter_FILE@stdio@media@modules@UModSys@@UBEIAAUSUniquePtrList@core@5@@Z 004036a0 f i umodsys_lib_libmedia:umodsys.mod.media.stdio.obj
 0001:000026a0       ?root_get_interface_types@RLibraryLayered@stdlib@media@modules@UModSys@@UBEIAAUSUniquePtrList@core@5@@Z 004036a0 f i umodsys_lib_libmedia:umodsys.mod.media.stdlib.obj
 0001:000026a0       ?root_get_interface_types@RStreamReader_FILE@stdio@media@modules@UModSys@@UBEIAAUSUniquePtrList@core@5@@Z 004036a0 f i umodsys_lib_libmedia:umodsys.mod.media.stdio.obj
 0001:000026a0       ?root_get_interface_types@RBinArchiveFrame@stdlib@media@modules@UModSys@@UBEIAAUSUniquePtrList@core@5@@Z 004036a0 f i umodsys_lib_libmedia:umodsys.mod.media.stdlib.obj
 0001:000026a0       ?root_get_interface_types@RConsole_std@rsystem@base@UModSys@@UBEIAAUSUniquePtrList@core@4@@Z 004036a0 f i umodsys_lib_basesys:umodsys.basesys.rconsole_std.obj
 0001:000026a0       ?root_get_interface_types@RGenerator@stdio@media@modules@UModSys@@UBEIAAUSUniquePtrList@core@5@@Z 004036a0 f i umodsys_lib_libmedia:umodsys.mod.media.stdio.obj
 0001:000026b0       ?root_get_other_interface@RLibraryBinTree@stdlib@media@modules@UModSys@@UAEPAUIRoot@core@5@PBUSUniquePointerInfo@75@@Z 004036b0 f i umodsys_lib_libmedia:umodsys.mod.media.stdlib.obj
 0001:000026b0       ?root_get_other_interface@RLibraryBinTree@stdlib@media@modules@UModSys@@UBEPBUIRoot@core@5@PBUSUniquePointerInfo@75@@Z 004036b0 f i umodsys_lib_libmedia:umodsys.mod.media.stdlib.obj
 0001:000026f0       ?root_is_interface_supported@RLibraryBinTree@stdlib@media@modules@UModSys@@UBE_NPBUSUniquePointerInfo@core@5@@Z 004036f0 f i umodsys_lib_libmedia:umodsys.mod.media.stdlib.obj
 0001:00002730       ??0RLibraryBinTree@stdlib@media@modules@UModSys@@QAE@PAUIModObject@base@4@ABUSParameters@core@4@U?$TFlags4State@USMediaFlagUid@libmedia@UModSys@@I@tl@4@@Z 00403730 f i umodsys_lib_libmedia:umodsys.mod.media.stdlib.obj
 0001:000027b0       ??1RLibraryBinTree@stdlib@media@modules@UModSys@@UAE@XZ 004037b0 f i umodsys_lib_libmedia:umodsys.mod.media.stdlib.obj
 0001:00002820       ?get_flags_auto@RLibraryBinTree@stdlib@media@modules@UModSys@@UBE?AU?$TFlags4State@USMediaFlagUid@libmedia@UModSys@@I@tl@5@XZ 00403820 f i umodsys_lib_libmedia:umodsys.mod.media.stdlib.obj
 0001:00002830       ?bin_reader@RLibraryBinTree@stdlib@media@modules@UModSys@@UAE?AU?$TRefObject@UIStreamReader@libmedia@UModSys@@U?$TRefObjectFunc@UIStreamReader@libmedia@UModSys@@@tl@3@@tl@5@ABU?$TString@U?$TSCoreConst@D@su@tl@UModSys@@U?$TComparerBinaryHash@D@234@@75@ABUSFlags@libmedia@5@@Z 00403830 f i umodsys_lib_libmedia:umodsys.mod.media.stdlib.obj
 0001:000029a0       ?bin_writer@RLibraryBinTree@stdlib@media@modules@UModSys@@UAE?AU?$TRefObject@UIStreamWriter@libmedia@UModSys@@U?$TRefObjectFunc@UIStreamWriter@libmedia@UModSys@@@tl@3@@tl@5@ABU?$TString@U?$TSCoreConst@D@su@tl@UModSys@@U?$TComparerBinaryHash@D@234@@75@ABUSFlags@libmedia@5@@Z 004039a0 f i umodsys_lib_libmedia:umodsys.mod.media.stdlib.obj
 0001:00002b10       ?bin_load@RLibraryBinTree@stdlib@media@modules@UModSys@@UAE_NABU?$TString@U?$TSCoreConst@D@su@tl@UModSys@@U?$TComparerBinaryHash@D@234@@tl@5@AAUSCMemShared@core@5@ABUSFlags@libmedia@5@@Z 00403b10 f i umodsys_lib_libmedia:umodsys.mod.media.stdlib.obj
 0001:00002c30       ?bin_save@RLibraryBinTree@stdlib@media@modules@UModSys@@UAE_NABU?$TString@U?$TSCoreConst@D@su@tl@UModSys@@U?$TComparerBinaryHash@D@234@@tl@5@ABUSCMem@core@5@ABUSFlags@libmedia@5@@Z 00403c30 f i umodsys_lib_libmedia:umodsys.mod.media.stdlib.obj
 0001:00002d40       ?obj_fload@RLibraryObjCache@stdlib@media@modules@UModSys@@UAE_NABUSInfo@IBinObjFilter@libmedia@5@PAUIRefObject@core@5@@Z 00403d40 f i umodsys_lib_libmedia:umodsys.mod.media.stdlib.obj
 0001:00002d40       ?bin_put@RLibraryObjCache@stdlib@media@modules@UModSys@@UAE_NABU?$TString@U?$TSCoreConst@D@su@tl@UModSys@@U?$TComparerBinaryHash@D@234@@tl@5@PBUSCMemShared@core@5@@Z 00403d40 f i umodsys_lib_libmedia:umodsys.mod.media.stdlib.obj
 0001:00002d40       ?obj_fsave@RLibraryObjCache@stdlib@media@modules@UModSys@@UAE_NAAUSInfo@IBinObjFilter@libmedia@5@PBUIRefObject@core@5@@Z 00403d40 f i umodsys_lib_libmedia:umodsys.mod.media.stdlib.obj
 0001:00002d40       ?obj_cput@RLibraryObjFilter@stdlib@media@modules@UModSys@@UAE_NABU?$TString@U?$TSCoreConst@D@su@tl@UModSys@@U?$TComparerBinaryHash@D@234@@tl@5@PAUIRefObject@core@5@@Z 00403d40 f i umodsys_lib_libmedia:umodsys.mod.media.stdlib.obj
 0001:00002d40       ?bin_put@RLibraryBinTree@stdlib@media@modules@UModSys@@UAE_NABU?$TString@U?$TSCoreConst@D@su@tl@UModSys@@U?$TComparerBinaryHash@D@234@@tl@5@PBUSCMemShared@core@5@@Z 00403d40 f i umodsys_lib_libmedia:umodsys.mod.media.stdlib.obj
 0001:00002d40       ?obj_fget@RLibraryObjCache@stdlib@media@modules@UModSys@@UAE_NABUSInfo@IBinObjFilter@libmedia@5@AAU?$TRefObject@UIRefObject@core@UModSys@@U?$TRefObjectFunc@UIRefObject@core@UModSys@@@tl@3@@tl@5@@Z 00403d40 f i umodsys_lib_libmedia:umodsys.mod.media.stdlib.obj
 0001:00002d40       ?obj_fget@RLibraryBinCache@stdlib@media@modules@UModSys@@UAE_NABUSInfo@IBinObjFilter@libmedia@5@AAU?$TRefObject@UIRefObject@core@UModSys@@U?$TRefObjectFunc@UIRefObject@core@UModSys@@@tl@3@@tl@5@@Z 00403d40 f i umodsys_lib_libmedia:umodsys.mod.media.stdlib.obj
 0001:00002d40       ?bin_put@RLibraryObjFilter@stdlib@media@modules@UModSys@@UAE_NABU?$TString@U?$TSCoreConst@D@su@tl@UModSys@@U?$TComparerBinaryHash@D@234@@tl@5@PBUSCMemShared@core@5@@Z 00403d40 f i umodsys_lib_libmedia:umodsys.mod.media.stdlib.obj
 0001:00002d40       ?obj_fsave@RLibraryBinTree@stdlib@media@modules@UModSys@@UAE_NAAUSInfo@IBinObjFilter@libmedia@5@PBUIRefObject@core@5@@Z 00403d40 f i umodsys_lib_libmedia:umodsys.mod.media.stdlib.obj
 0001:00002d40       ?open@RBinArchiveFrame@stdlib@media@modules@UModSys@@UAE_NPAUIClient@IBinArchiveFrame@libmedia@5@PBUSParameters@core@5@@Z 00403d40 f i umodsys_lib_libmedia:umodsys.mod.media.stdlib.obj
 0001:00002d40       ?obj_fload@RLibraryBinCache@stdlib@media@modules@UModSys@@UAE_NABUSInfo@IBinObjFilter@libmedia@5@PAUIRefObject@core@5@@Z 00403d40 f i umodsys_lib_libmedia:umodsys.mod.media.stdlib.obj
 0001:00002d40       ?obj_fload@RLibraryBinTree@stdlib@media@modules@UModSys@@UAE_NABUSInfo@IBinObjFilter@libmedia@5@PAUIRefObject@core@5@@Z 00403d40 f i umodsys_lib_libmedia:umodsys.mod.media.stdlib.obj
 0001:00002d40       ?obj_fsave@RLibraryBinCache@stdlib@media@modules@UModSys@@UAE_NAAUSInfo@IBinObjFilter@libmedia@5@PBUIRefObject@core@5@@Z 00403d40 f i umodsys_lib_libmedia:umodsys.mod.media.stdlib.obj
 0001:00002d40       ?obj_cput@RLibraryBinTree@stdlib@media@modules@UModSys@@UAE_NABU?$TString@U?$TSCoreConst@D@su@tl@UModSys@@U?$TComparerBinaryHash@D@234@@tl@5@PAUIRefObject@core@5@@Z 00403d40 f i umodsys_lib_libmedia:umodsys.mod.media.stdlib.obj
 0001:00002d40       ?obj_fget@RLibraryBinTree@stdlib@media@modules@UModSys@@UAE_NABUSInfo@IBinObjFilter@libmedia@5@AAU?$TRefObject@UIRefObject@core@UModSys@@U?$TRefObjectFunc@UIRefObject@core@UModSys@@@tl@3@@tl@5@@Z 00403d40 f i umodsys_lib_libmedia:umodsys.mod.media.stdlib.obj
 0001:00002d40       ?obj_cput@RLibraryBinCache@stdlib@media@modules@UModSys@@UAE_NABU?$TString@U?$TSCoreConst@D@su@tl@UModSys@@U?$TComparerBinaryHash@D@234@@tl@5@PAUIRefObject@core@5@@Z 00403d40 f i umodsys_lib_libmedia:umodsys.mod.media.stdlib.obj
 0001:00002d50       ?mount_get@RLibraryBinTree@stdlib@media@modules@UModSys@@UBE?AUSPoint@ILibraryBinTree@libmedia@5@ABUSId@785@@Z 00403d50 f i umodsys_lib_libmedia:umodsys.mod.media.stdlib.obj
 0001:00002db0       ?mount_add@RLibraryBinTree@stdlib@media@modules@UModSys@@UAE_NABUSId@ILibraryBinTree@libmedia@5@ABUSPoint@785@@Z 00403db0 f i umodsys_lib_libmedia:umodsys.mod.media.stdlib.obj
 0001:00002f30       ?mount_remove@RLibraryBinTree@stdlib@media@modules@UModSys@@UAE_NABUSId@ILibraryBinTree@libmedia@5@@Z 00403f30 f i umodsys_lib_libmedia:umodsys.mod.media.stdlib.obj
 0001:00002f70       ?mount_clear@RLibraryBinTree@stdlib@media@modules@UModSys@@UAE_NXZ 00403f70 f i umodsys_lib_libmedia:umodsys.mod.media.stdlib.obj
 0001:00002fa0       ??_ERLibraryBinTree@stdlib@media@modules@UModSys@@UAEPAXI@Z 00403fa0 f i  CIL library: CIL module
 0001:00002fa0       ??_GRLibraryBinTree@stdlib@media@modules@UModSys@@UAEPAXI@Z 00403fa0 f i umodsys_lib_libmedia:umodsys.mod.media.stdlib.obj
 0001:00002fc0       ?root_get_interface_info@RLibraryLayered@stdlib@media@modules@UModSys@@UBEABUSUniquePointerInfo@core@5@XZ 00403fc0 f i umodsys_lib_libmedia:umodsys.mod.media.stdlib.obj
 0001:00002fd0       ?root_get_interface_type@RLibraryLayered@stdlib@media@modules@UModSys@@UBEPBUSUniquePointerInfo@core@5@XZ 00403fd0 f i umodsys_lib_libmedia:umodsys.mod.media.stdlib.obj
 0001:00002fe0       ?root_get_other_interface@RLibraryLayered@stdlib@media@modules@UModSys@@UAEPAUIRoot@core@5@PBUSUniquePointerInfo@75@@Z 00403fe0 f i umodsys_lib_libmedia:umodsys.mod.media.stdlib.obj
 0001:00002fe0       ?root_get_other_interface@RLibraryLayered@stdlib@media@modules@UModSys@@UBEPBUIRoot@core@5@PBUSUniquePointerInfo@75@@Z 00403fe0 f i umodsys_lib_libmedia:umodsys.mod.media.stdlib.obj
 0001:00003020       ?root_is_interface_supported@RLibraryLayered@stdlib@media@modules@UModSys@@UBE_NPBUSUniquePointerInfo@core@5@@Z 00404020 f i umodsys_lib_libmedia:umodsys.mod.media.stdlib.obj
 0001:00003060       ?ref_links@RLibraryBinTree@stdlib@media@modules@UModSys@@UBEHXZ 00404060 f i umodsys_lib_libmedia:umodsys.mod.media.stdlib.obj
 0001:00003060       ?ref_links@RLibraryBinCache@stdlib@media@modules@UModSys@@UBEHXZ 00404060 f i umodsys_lib_libmedia:umodsys.mod.media.stdlib.obj
 0001:00003060       ?ref_links@RLibraryLayered@stdlib@media@modules@UModSys@@UBEHXZ 00404060 f i umodsys_lib_libmedia:umodsys.mod.media.stdlib.obj
 0001:00003060       ?ref_links@RLibraryObjFilter@stdlib@media@modules@UModSys@@UBEHXZ 00404060 f i umodsys_lib_libmedia:umodsys.mod.media.stdlib.obj
 0001:00003060       ?ref_links@RDataArchiver_OsDir@stdio@media@modules@UModSys@@UBEHXZ 00404060 f i umodsys_lib_libmedia:umodsys.mod.media.stdio.obj
 0001:00003060       ?ref_links@RLibraryObjCache@stdlib@media@modules@UModSys@@UBEHXZ 00404060 f i umodsys_lib_libmedia:umodsys.mod.media.stdlib.obj
 0001:00003070       ??4SLayerX@RLibraryLayered@stdlib@media@modules@UModSys@@QAEXABUSLayer@ILibraryLayered@libmedia@5@@Z 00404070 f i umodsys_lib_libmedia:umodsys.mod.media.stdlib.obj
 0001:00003100       ??0RLibraryLayered@stdlib@media@modules@UModSys@@QAE@PAUIModObject@base@4@ABUSParameters@core@4@U?$TFlags4State@USMediaFlagUid@libmedia@UModSys@@I@tl@4@@Z 00404100 f i umodsys_lib_libmedia:umodsys.mod.media.stdlib.obj
 0001:00003190       ??1RLibraryLayered@stdlib@media@modules@UModSys@@UAE@XZ 00404190 f i umodsys_lib_libmedia:umodsys.mod.media.stdlib.obj
 0001:000031f0       ?get_flag@RLibraryLayered@stdlib@media@modules@UModSys@@UBE?AW4eStates@?$TFlags4State@USMediaFlagUid@libmedia@UModSys@@I@tl@5@H@Z 004041f0 f i umodsys_lib_libmedia:umodsys.mod.media.stdlib.obj
 0001:00003210       ?get_flags_auto@RLibraryLayered@stdlib@media@modules@UModSys@@UBE?AU?$TFlags4State@USMediaFlagUid@libmedia@UModSys@@I@tl@5@XZ 00404210 f i umodsys_lib_libmedia:umodsys.mod.media.stdlib.obj
 0001:00003220       ?set_flag@RLibraryLayered@stdlib@media@modules@UModSys@@UAE?AW4eStates@?$TFlags4State@USMediaFlagUid@libmedia@UModSys@@I@tl@5@HW46785@@Z 00404220 f i umodsys_lib_libmedia:umodsys.mod.media.stdlib.obj
 0001:00003250       ?bin_reader@RLibraryLayered@stdlib@media@modules@UModSys@@UAE?AU?$TRefObject@UIStreamReader@libmedia@UModSys@@U?$TRefObjectFunc@UIStreamReader@libmedia@UModSys@@@tl@3@@tl@5@ABU?$TString@U?$TSCoreConst@D@su@tl@UModSys@@U?$TComparerBinaryHash@D@234@@75@ABUSFlags@libmedia@5@@Z 00404250 f i umodsys_lib_libmedia:umodsys.mod.media.stdlib.obj
 0001:00003350       ?bin_writer@RLibraryLayered@stdlib@media@modules@UModSys@@UAE?AU?$TRefObject@UIStreamWriter@libmedia@UModSys@@U?$TRefObjectFunc@UIStreamWriter@libmedia@UModSys@@@tl@3@@tl@5@ABU?$TString@U?$TSCoreConst@D@su@tl@UModSys@@U?$TComparerBinaryHash@D@234@@75@ABUSFlags@libmedia@5@@Z 00404350 f i umodsys_lib_libmedia:umodsys.mod.media.stdlib.obj
 0001:00003450       ?bin_load@RLibraryLayered@stdlib@media@modules@UModSys@@UAE_NABU?$TString@U?$TSCoreConst@D@su@tl@UModSys@@U?$TComparerBinaryHash@D@234@@tl@5@AAUSCMemShared@core@5@ABUSFlags@libmedia@5@@Z 00404450 f i umodsys_lib_libmedia:umodsys.mod.media.stdlib.obj
 0001:000035d0       ?bin_save@RLibraryLayered@stdlib@media@modules@UModSys@@UAE_NABU?$TString@U?$TSCoreConst@D@su@tl@UModSys@@U?$TComparerBinaryHash@D@234@@tl@5@ABUSCMem@core@5@ABUSFlags@libmedia@5@@Z 004045d0 f i umodsys_lib_libmedia:umodsys.mod.media.stdlib.obj
 0001:00003770       ?bin_info@RLibraryLayered@stdlib@media@modules@UModSys@@UAE_NABU?$TString@U?$TSCoreConst@D@su@tl@UModSys@@U?$TComparerBinaryHash@D@234@@tl@5@AAUSFileInfo@libmedia@5@ABUSFlags@95@@Z 00404770 f i umodsys_lib_libmedia:umodsys.mod.media.stdlib.obj
 0001:00003800       ?bin_info@RLibraryLayered@stdlib@media@modules@UModSys@@UAE_NABU?$TString@U?$TSCoreConst@D@su@tl@UModSys@@U?$TComparerBinaryHash@D@234@@tl@5@AAU?$TIStackSocket@USFileInfo@libmedia@UModSys@@@75@ABUSFlags@libmedia@5@@Z 00404800 f i umodsys_lib_libmedia:umodsys.mod.media.stdlib.obj
 0001:00003890       ?bin_get@RLibraryLayered@stdlib@media@modules@UModSys@@UAE_NABU?$TString@U?$TSCoreConst@D@su@tl@UModSys@@U?$TComparerBinaryHash@D@234@@tl@5@AAUSCMemShared@core@5@_N@Z 00404890 f i umodsys_lib_libmedia:umodsys.mod.media.stdlib.obj
 0001:000038f0       ?bin_put@RLibraryLayered@stdlib@media@modules@UModSys@@UAE_NABU?$TString@U?$TSCoreConst@D@su@tl@UModSys@@U?$TComparerBinaryHash@D@234@@tl@5@PBUSCMemShared@core@5@@Z 004048f0 f i umodsys_lib_libmedia:umodsys.mod.media.stdlib.obj
 0001:00003950       ?obj_fget@RLibraryLayered@stdlib@media@modules@UModSys@@UAE_NABUSInfo@IBinObjFilter@libmedia@5@AAU?$TRefObject@UIRefObject@core@UModSys@@U?$TRefObjectFunc@UIRefObject@core@UModSys@@@tl@3@@tl@5@@Z 00404950 f i umodsys_lib_libmedia:umodsys.mod.media.stdlib.obj
 0001:000039b0       ?obj_fload@RLibraryLayered@stdlib@media@modules@UModSys@@UAE_NABUSInfo@IBinObjFilter@libmedia@5@PAUIRefObject@core@5@@Z 004049b0 f i umodsys_lib_libmedia:umodsys.mod.media.stdlib.obj
 0001:00003a10       ?obj_fsave@RLibraryLayered@stdlib@media@modules@UModSys@@UAE_NAAUSInfo@IBinObjFilter@libmedia@5@PBUIRefObject@core@5@@Z 00404a10 f i umodsys_lib_libmedia:umodsys.mod.media.stdlib.obj
 0001:00003a70       ?obj_cget@RLibraryLayered@stdlib@media@modules@UModSys@@UAE_NABU?$TString@U?$TSCoreConst@D@su@tl@UModSys@@U?$TComparerBinaryHash@D@234@@tl@5@AAU?$TRefObject@UIRefObject@core@UModSys@@U?$TRefObjectFunc@UIRefObject@core@UModSys@@@tl@3@@75@_N@Z 00404a70 f i umodsys_lib_libmedia:umodsys.mod.media.stdlib.obj
 0001:00003ad0       ?obj_cput@RLibraryLayered@stdlib@media@modules@UModSys@@UAE_NABU?$TString@U?$TSCoreConst@D@su@tl@UModSys@@U?$TComparerBinaryHash@D@234@@tl@5@PAUIRefObject@core@5@@Z 00404ad0 f i umodsys_lib_libmedia:umodsys.mod.media.stdlib.obj
 0001:00003b30       ?obj_get@RLibraryLayered@stdlib@media@modules@UModSys@@UAE_NABU?$TString@U?$TSCoreConst@D@su@tl@UModSys@@U?$TComparerBinaryHash@D@234@@tl@5@AAU?$TRefObject@UIRefObject@core@UModSys@@U?$TRefObjectFunc@UIRefObject@core@UModSys@@@tl@3@@75@ABUSObjOptions@ILibrary@libmedia@5@@Z 00404b30 f i umodsys_lib_libmedia:umodsys.mod.media.stdlib.obj
 0001:00003da0       ?obj_load@RLibraryLayered@stdlib@media@modules@UModSys@@UAE_NABU?$TString@U?$TSCoreConst@D@su@tl@UModSys@@U?$TComparerBinaryHash@D@234@@tl@5@PAUIRefObject@core@5@ABUSObjOptions@ILibrary@libmedia@5@@Z 00404da0 f i umodsys_lib_libmedia:umodsys.mod.media.stdlib.obj
 0001:00003f00       ?obj_save@RLibraryLayered@stdlib@media@modules@UModSys@@UAE_NABU?$TString@U?$TSCoreConst@D@su@tl@UModSys@@U?$TComparerBinaryHash@D@234@@tl@5@PBUIRefObject@core@5@ABUSObjOptions@ILibrary@libmedia@5@@Z 00404f00 f i umodsys_lib_libmedia:umodsys.mod.media.stdlib.obj
 0001:00004080       ?layer_count@RLibraryLayered@stdlib@media@modules@UModSys@@UBEIABUSLayer@ILibraryLayered@libmedia@5@@Z 00405080 f i umodsys_lib_libmedia:umodsys.mod.media.stdlib.obj
 0001:00004090       ?layer_get@RLibraryLayered@stdlib@media@modules@UModSys@@UBE?AUSLayer@ILibraryLayered@libmedia@5@I@Z 00405090 f i umodsys_lib_libmedia:umodsys.mod.media.stdlib.obj
 0001:000040e0       ?layer_find@RLibraryLayered@stdlib@media@modules@UModSys@@UBEIABU?$TString@U?$TSCoreConst@D@su@tl@UModSys@@U?$TComparerBinaryHash@D@234@@tl@5@I@Z 004050e0 f i umodsys_lib_libmedia:umodsys.mod.media.stdlib.obj
 0001:00004170       ?layer_insert@RLibraryLayered@stdlib@media@modules@UModSys@@UAE_NABUSLayer@ILibraryLayered@libmedia@5@I@Z 00405170 f i umodsys_lib_libmedia:umodsys.mod.media.stdlib.obj
 0001:000041b0       ?layer_remove@RLibraryLayered@stdlib@media@modules@UModSys@@UAE_NI@Z 004051b0 f i umodsys_lib_libmedia:umodsys.mod.media.stdlib.obj
 0001:00004200       ?layer_clear@RLibraryLayered@stdlib@media@modules@UModSys@@UAE_NXZ 00405200 f i umodsys_lib_libmedia:umodsys.mod.media.stdlib.obj
 0001:00004210       ??_GRLibraryLayered@stdlib@media@modules@UModSys@@UAEPAXI@Z 00405210 f i umodsys_lib_libmedia:umodsys.mod.media.stdlib.obj
 0001:00004210       ??_ERLibraryLayered@stdlib@media@modules@UModSys@@UAEPAXI@Z 00405210 f i  CIL library: CIL module
 0001:00004230       ??1SInfo@IBinObjFilter@libmedia@UModSys@@QAE@XZ 00405230 f i umodsys_lib_libmedia:umodsys.mod.media.stdlib.obj
 0001:00004230       ??1SCMemShared@core@UModSys@@QAE@XZ 00405230 f i umodsys_lib_libmedia:umodsys.mod.media.stdlib.obj
 0001:00004230       ??1SMemShared@core@UModSys@@QAE@XZ 00405230 f i umodsys_lib_libmedia:umodsys.mod.media.stdio.obj
 0001:00004250       ?root_get_interface_info@RLibraryObjCache@stdlib@media@modules@UModSys@@UBEABUSUniquePointerInfo@core@5@XZ 00405250 f i umodsys_lib_libmedia:umodsys.mod.media.stdlib.obj
 0001:00004260       ?root_get_interface_type@RLibraryObjCache@stdlib@media@modules@UModSys@@UBEPBUSUniquePointerInfo@core@5@XZ 00405260 f i umodsys_lib_libmedia:umodsys.mod.media.stdlib.obj
 0001:00004270       ?root_get_other_interface@RLibraryObjCache@stdlib@media@modules@UModSys@@UAEPAUIRoot@core@5@PBUSUniquePointerInfo@75@@Z 00405270 f i umodsys_lib_libmedia:umodsys.mod.media.stdlib.obj
 0001:00004270       ?root_get_other_interface@RLibraryObjCache@stdlib@media@modules@UModSys@@UBEPBUIRoot@core@5@PBUSUniquePointerInfo@75@@Z 00405270 f i umodsys_lib_libmedia:umodsys.mod.media.stdlib.obj
 0001:000042b0       ?root_is_interface_supported@RLibraryObjCache@stdlib@media@modules@UModSys@@UBE_NPBUSUniquePointerInfo@core@5@@Z 004052b0 f i umodsys_lib_libmedia:umodsys.mod.media.stdlib.obj
 0001:000042f0       ?ref_remove@RLibraryObjFilter@stdlib@media@modules@UModSys@@UBEXXZ 004052f0 f i umodsys_lib_libmedia:umodsys.mod.media.stdlib.obj
[...]
 0001:0000e218       __ehhandler$?objcache_add@RLibraryObjCache@stdlib@media@modules@UModSys@@UAE_NABU?$TString@U?$TSCoreConst@D@su@tl@UModSys@@U?$TComparerBinaryHash@D@234@@tl@5@PAUIRefObject@core@5@@Z 0040f218 f    CIL library: CIL module
 0001:0000e230       __unwindfunclet$?bincache_add@RLibraryBinCache@stdlib@media@modules@UModSys@@UAE_NABU?$TString@U?$TSCoreConst@D@su@tl@UModSys@@U?$TComparerBinaryHash@D@234@@tl@5@@Z$0 0040f230 f    CIL library: CIL module
 0001:0000e238       __ehhandler$?bincache_add@RLibraryBinCache@stdlib@media@modules@UModSys@@UAE_NABU?$TString@U?$TSCoreConst@D@su@tl@UModSys@@U?$TComparerBinaryHash@D@234@@tl@5@@Z 0040f238 f    CIL library: CIL module
 0001:0000e250       __unwindfunclet$?mem_free@?$TRMemAlloc_CC@U?$TMemAllocHeader@USMagic@mem_headers@rsystem@base@UModSys@@U?$TPool@X@2345@USDebug@2345@UVoid@core@5@U895@@rsystem@base@UModSys@@USMemAlloc_Malloc@core@4@@rsystem@base@UModSys@@UAEXPAXPBUSSourceContext@core@4@@Z$0 0040f250 f    CIL library: CIL module
 0001:0000e258       __ehhandler$?mem_free@?$TRMemAlloc_CC@U?$TMemAllocHeader@USMagic@mem_headers@rsystem@base@UModSys@@U?$TPool@X@2345@USDebug@2345@UVoid@core@5@U895@@rsystem@base@UModSys@@USMemAlloc_Malloc@core@4@@rsystem@base@UModSys@@UAEXPAXPBUSSourceContext@core@4@@Z 0040f258 f    CIL library: CIL module
 0001:0000e270       __unwindfunclet$?mem_realloc@?$TRMemAlloc_CC@U?$TMemAllocHeader@USMagic@mem_headers@rsystem@base@UModSys@@U?$TPool@X@2345@USDebug@2345@UVoid@core@5@U895@@rsystem@base@UModSys@@USMemAlloc_Malloc@core@4@@rsystem@base@UModSys@@UAEPAXPAXIPBUSSourceContext@core@4@@Z$0 0040f270 f    CIL library: CIL module
 0001:0000e278       __unwindfunclet$?mem_realloc@?$TRMemAlloc_CC@U?$TMemAllocHeader@USMagic@mem_headers@rsystem@base@UModSys@@U?$TPool@X@2345@USDebug@2345@UVoid@core@5@U895@@rsystem@base@UModSys@@USMemAlloc_Malloc@core@4@@rsystem@base@UModSys@@UAEPAXPAXIPBUSSourceContext@core@4@@Z$1 0040f278 f    CIL library: CIL module
 0001:0000e280       __ehhandler$?mem_realloc@?$TRMemAlloc_CC@U?$TMemAllocHeader@USMagic@mem_headers@rsystem@base@UModSys@@U?$TPool@X@2345@USDebug@2345@UVoid@core@5@U895@@rsystem@base@UModSys@@USMemAlloc_Malloc@core@4@@rsystem@base@UModSys@@UAEPAXPAXIPBUSSourceContext@core@4@@Z 0040f280 f    CIL library: CIL module
 0001:0000e290       ??__E?s_id@?$TObjectUniqueID@UIRoot@core@UModSys@@@tl@UModSys@@2USUniquePointer@core@3@A@@YAXXZ 0040f290 f    CIL library: CIL module
 0001:0000e2c0       ??__E?s_id@?$TObjectUniqueID@UIRefObject@core@UModSys@@@tl@UModSys@@2USUniquePointer@core@3@A@@YAXXZ 0040f2c0 f    CIL library: CIL module
 0001:0000e2f0       ??__E?s_id@?$TObjectUniqueID@UIParameters@core@UModSys@@@tl@UModSys@@2USUniquePointer@core@3@A@@YAXXZ 0040f2f0 f    CIL library: CIL module
 0001:0000e320       ??__E?s_id@?$TObjectUniqueID@UIModule@base@UModSys@@@tl@UModSys@@2USUniquePointer@core@3@A@@YAXXZ 0040f320 f    CIL library: CIL module
 0001:0000e350       ??__E?s_id@?$TObjectUniqueID@UIModuleLibrary@base@UModSys@@@tl@UModSys@@2USUniquePointer@core@3@A@@YAXXZ 0040f350 f    CIL library: CIL module
 0001:0000e380       ??__E?s_id@?$TObjectUniqueID@UIModObject@base@UModSys@@@tl@UModSys@@2USUniquePointer@core@3@A@@YAXXZ 0040f380 f    CIL library: CIL module
 0001:0000e3b0       ??__E?s_id@?$TObjectUniqueID@UIGenerator@base@UModSys@@@tl@UModSys@@2USUniquePointer@core@3@A@@YAXXZ 0040f3b0 f    CIL library: CIL module
 0001:0000e3e0       ??__E?s_id@?$TObjectUniqueID@UIShell@base@UModSys@@@tl@UModSys@@2USUniquePointer@core@3@A@@YAXXZ 0040f3e0 f    CIL library: CIL module
 0001:0000e410       ??__E?s_id@?$TObjectUniqueID@UIConsole@base@UModSys@@@tl@UModSys@@2USUniquePointer@core@3@A@@YAXXZ 0040f410 f    CIL library: CIL module
 0001:0000e440       ??__E?s_id@?$TObjectUniqueID@UISystem@base@UModSys@@@tl@UModSys@@2USUniquePointer@core@3@A@@YAXXZ 0040f440 f    CIL library: CIL module
 0001:0000e470       ??__E?s_id@?$TObjectUniqueID@URModule@rsystem@base@UModSys@@@tl@UModSys@@2USUniquePointer@core@3@A@@YAXXZ 0040f470 f    CIL library: CIL module
 0001:0000e4a0       ??__E?s_id@?$TObjectUniqueID@UIModuleLibraryUni@rsystem@base@UModSys@@@tl@UModSys@@2USUniquePointer@core@3@A@@YAXXZ 0040f4a0 f    CIL library: CIL module
 0001:0000e4d0       ??__E?s_id@?$TObjectUniqueID@URModuleLibrarySO@rsystem@base@UModSys@@@tl@UModSys@@2USUniquePointer@core@3@A@@YAXXZ 0040f4d0 f    CIL library: CIL module
 0001:0000e500       ??__E?s_id@?$TObjectUniqueID@URModuleLibraryThis@rsystem@base@UModSys@@@tl@UModSys@@2USUniquePointer@core@3@A@@YAXXZ 0040f500 f    CIL library: CIL module
 0001:0000e530       ??__E?s_id@?$TObjectUniqueID@URParameters@rsystem@base@UModSys@@@tl@UModSys@@2USUniquePointer@core@3@A@@YAXXZ 0040f530 f    CIL library: CIL module
 0001:0000e560       ??__E?s_id@?$TObjectUniqueID@URSystem@rsystem@base@UModSys@@@tl@UModSys@@2USUniquePointer@core@3@A@@YAXXZ 0040f560 f    CIL library: CIL module
 0001:0000e590       ??__E?s_id@?$TObjectUniqueID@URConsole_std@rsystem@base@UModSys@@@tl@UModSys@@2USUniquePointer@core@3@A@@YAXXZ 0040f590 f    CIL library: CIL module
 0001:0000e5c0       ??__E?s_modreg@RModuleReg@stdio@media@modules@UModSys@@2U12345@A@@YAXXZ 0040f5c0 f    CIL library: CIL module
 0001:0000e5f0       ??__E?s_modreg_chain@RModuleReg@stdio@media@modules@UModSys@@2USModuleRegChain@base@5@A@@YAXXZ 0040f5f0 f    CIL library: CIL module
 0001:0000e610       ??__E?s_uid@RGenerator@stdio@media@modules@UModSys@@2USUniquePointer@core@5@A@@YAXXZ 0040f610 f    CIL library: CIL module
 0001:0000e640       ??__E?s_id@?$TObjectUniqueID@UIStreamReader@libmedia@UModSys@@@tl@UModSys@@2USUniquePointer@core@3@A@@YAXXZ 0040f640 f    CIL library: CIL module
 0001:0000e670       ??__E?s_id@?$TObjectUniqueID@UIStreamWriter@libmedia@UModSys@@@tl@UModSys@@2USUniquePointer@core@3@A@@YAXXZ 0040f670 f    CIL library: CIL module
 0001:0000e6a0       ??__E?s_id@?$TObjectUniqueID@UIBinArchive@libmedia@UModSys@@@tl@UModSys@@2USUniquePointer@core@3@A@@YAXXZ 0040f6a0 f    CIL library: CIL module
 0001:0000e6d0       ??__E?s_id@?$TObjectUniqueID@UIBinObjFilter@libmedia@UModSys@@@tl@UModSys@@2USUniquePointer@core@3@A@@YAXXZ 0040f6d0 f    CIL library: CIL module
 0001:0000e700       ??__E?s_id@?$TObjectUniqueID@UILibrary@libmedia@UModSys@@@tl@UModSys@@2USUniquePointer@core@3@A@@YAXXZ 0040f700 f    CIL library: CIL module
 0001:0000e730       ??__E?s_id@?$TObjectUniqueID@URStreamReader_FILE@stdio@media@modules@UModSys@@@tl@UModSys@@2USUniquePointer@core@3@A@@YAXXZ 0040f730 f    CIL library: CIL module
 0001:0000e760       ??__E?s_id@?$TObjectUniqueID@URStreamWriter_FILE@stdio@media@modules@UModSys@@@tl@UModSys@@2USUniquePointer@core@3@A@@YAXXZ 0040f760 f    CIL library: CIL module
 0001:0000e790       ??__E?s_id@?$TObjectUniqueID@URDataArchiver_OsDir@stdio@media@modules@UModSys@@@tl@UModSys@@2USUniquePointer@core@3@A@@YAXXZ 0040f790 f    CIL library: CIL module
 0001:0000e7c0       ??__E?s_id@?$TObjectUniqueID@URGenerator@stdio@media@modules@UModSys@@@tl@UModSys@@2USUniquePointer@core@3@A@@YAXXZ 0040f7c0 f    CIL library: CIL module
 0001:0000e7f0       ??__E?s_modreg@RModuleReg@stdlib@media@modules@UModSys@@2U12345@A@@YAXXZ 0040f7f0 f    CIL library: CIL module
 0001:0000e820       ??__E?s_modreg_chain@RModuleReg@stdlib@media@modules@UModSys@@2USModuleRegChain@base@5@A@@YAXXZ 0040f820 f    CIL library: CIL module
 0001:0000e840       ??__E?s_uid@RGenerator@stdlib@media@modules@UModSys@@2USUniquePointer@core@5@A@@YAXXZ 0040f840 f    CIL library: CIL module
 0001:0000e870       ??__E?s_id@?$TObjectUniqueID@UILibraryBinTree@libmedia@UModSys@@@tl@UModSys@@2USUniquePointer@core@3@A@@YAXXZ 0040f870 f    CIL library: CIL module
 0001:0000e8a0       ??__E?s_id@?$TObjectUniqueID@UILibraryBinCache@libmedia@UModSys@@@tl@UModSys@@2USUniquePointer@core@3@A@@YAXXZ 0040f8a0 f    CIL library: CIL module
 0001:0000e8d0       ??__E?s_id@?$TObjectUniqueID@UILibraryObjFilter@libmedia@UModSys@@@tl@UModSys@@2USUniquePointer@core@3@A@@YAXXZ 0040f8d0 f    CIL library: CIL module
 0001:0000e900       ??__E?s_id@?$TObjectUniqueID@UILibraryObjCache@libmedia@UModSys@@@tl@UModSys@@2USUniquePointer@core@3@A@@YAXXZ 0040f900 f    CIL library: CIL module
 0001:0000e930       ??__E?s_id@?$TObjectUniqueID@UILibraryLayered@libmedia@UModSys@@@tl@UModSys@@2USUniquePointer@core@3@A@@YAXXZ 0040f930 f    CIL library: CIL module
 0001:0000e960       ??__E?s_id@?$TObjectUniqueID@UIBinArchiveFrame@libmedia@UModSys@@@tl@UModSys@@2USUniquePointer@core@3@A@@YAXXZ 0040f960 f    CIL library: CIL module
 0001:0000e990       ??__E?s_id@?$TObjectUniqueID@UIClient@IBinArchiveFrame@libmedia@UModSys@@@tl@UModSys@@2USUniquePointer@core@3@A@@YAXXZ 0040f990 f    CIL library: CIL module
 0001:0000e9c0       ??__E?s_id@?$TObjectUniqueID@URBinArchiveFrame@stdlib@media@modules@UModSys@@@tl@UModSys@@2USUniquePointer@core@3@A@@YAXXZ 0040f9c0 f    CIL library: CIL module
 0001:0000e9f0       ??__E?s_id@?$TObjectUniqueID@URLibraryBinCache@stdlib@media@modules@UModSys@@@tl@UModSys@@2USUniquePointer@core@3@A@@YAXXZ 0040f9f0 f    CIL library: CIL module
 0001:0000ea20       ??__E?s_id@?$TObjectUniqueID@URLibraryBinTree@stdlib@media@modules@UModSys@@@tl@UModSys@@2USUniquePointer@core@3@A@@YAXXZ 0040fa20 f    CIL library: CIL module
 0001:0000ea50       ??__E?s_id@?$TObjectUniqueID@URLibraryLayered@stdlib@media@modules@UModSys@@@tl@UModSys@@2USUniquePointer@core@3@A@@YAXXZ 0040fa50 f    CIL library: CIL module
 0001:0000ea80       ??__E?s_id@?$TObjectUniqueID@URLibraryObjCache@stdlib@media@modules@UModSys@@@tl@UModSys@@2USUniquePointer@core@3@A@@YAXXZ 0040fa80 f    CIL library: CIL module
 0001:0000eab0       ??__E?s_id@?$TObjectUniqueID@URLibraryObjFilter@stdlib@media@modules@UModSys@@@tl@UModSys@@2USUniquePointer@core@3@A@@YAXXZ 0040fab0 f    CIL library: CIL module
 0001:0000eae0       ??__E?s_id@?$TObjectUniqueID@URGenerator@stdlib@media@modules@UModSys@@@tl@UModSys@@2USUniquePointer@core@3@A@@YAXXZ 0040fae0 f    CIL library: CIL module
 0001:0000eb10       ??__E?s_console@RConsole_std@rsystem@base@UModSys@@2U1234@A@@YAXXZ 0040fb10 f    CIL library: CIL module
 0001:0000eb30       ??__E?s_sys@RSystem@rsystem@base@UModSys@@2U1234@A@@YAXXZ 0040fb30 f    CIL library: CIL module
 0001:0000eb50       ??__Ersys_dbg@rsystem@base@UModSys@@YAXXZ 0040fb50 f    CIL library: CIL module
 0001:0000eb70       ??__EM@UModSys@@YAXXZ      0040fb70 f    CIL library: CIL module
 0001:0000eb90       ??__E?root@SModuleRegChain@base@UModSys@@2U123@A@@YAXXZ 0040fb90 f    CIL library: CIL module
 0001:0000ebb0       ??__E?s_library@RModuleLibraryReg_Chain@base@UModSys@@2U123@A@@YAXXZ 0040fbb0 f    CIL library: CIL module
 0001:0000ebd0       ??__E?root@SUniquePointer@core@UModSys@@2U123@A@@YAXXZ 0040fbd0 f    CIL library: CIL module
 0001:0000ebf0       ??__F?s_id@?$TObjectUniqueID@URConsole_std@rsystem@base@UModSys@@@tl@UModSys@@2USUniquePointer@core@3@A@@YAXXZ 0040fbf0 f    CIL library: CIL module
 0001:0000ec00       ??__F?s_id@?$TObjectUniqueID@URSystem@rsystem@base@UModSys@@@tl@UModSys@@2USUniquePointer@core@3@A@@YAXXZ 0040fc00 f    CIL library: CIL module
 0001:0000ec10       ??__F?s_id@?$TObjectUniqueID@URParameters@rsystem@base@UModSys@@@tl@UModSys@@2USUniquePointer@core@3@A@@YAXXZ 0040fc10 f    CIL library: CIL module
 0001:0000ec20       ??__F?s_id@?$TObjectUniqueID@URModuleLibraryThis@rsystem@base@UModSys@@@tl@UModSys@@2USUniquePointer@core@3@A@@YAXXZ 0040fc20 f    CIL library: CIL module
 0001:0000ec30       ??__F?s_id@?$TObjectUniqueID@URModuleLibrarySO@rsystem@base@UModSys@@@tl@UModSys@@2USUniquePointer@core@3@A@@YAXXZ 0040fc30 f    CIL library: CIL module
 0001:0000ec40       ??__F?s_id@?$TObjectUniqueID@UIModuleLibraryUni@rsystem@base@UModSys@@@tl@UModSys@@2USUniquePointer@core@3@A@@YAXXZ 0040fc40 f    CIL library: CIL module
 0001:0000ec50       ??__F?s_id@?$TObjectUniqueID@URModule@rsystem@base@UModSys@@@tl@UModSys@@2USUniquePointer@core@3@A@@YAXXZ 0040fc50 f    CIL library: CIL module
 0001:0000ec60       ??__F?s_id@?$TObjectUniqueID@UISystem@base@UModSys@@@tl@UModSys@@2USUniquePointer@core@3@A@@YAXXZ 0040fc60 f    CIL library: CIL module
 0001:0000ec70       ??__F?s_id@?$TObjectUniqueID@UIConsole@base@UModSys@@@tl@UModSys@@2USUniquePointer@core@3@A@@YAXXZ 0040fc70 f    CIL library: CIL module
 0001:0000ec80       ??__F?s_id@?$TObjectUniqueID@UIShell@base@UModSys@@@tl@UModSys@@2USUniquePointer@core@3@A@@YAXXZ 0040fc80 f    CIL library: CIL module
 0001:0000ec90       ??__F?s_id@?$TObjectUniqueID@UIGenerator@base@UModSys@@@tl@UModSys@@2USUniquePointer@core@3@A@@YAXXZ 0040fc90 f    CIL library: CIL module
 0001:0000eca0       ??__F?s_id@?$TObjectUniqueID@UIModObject@base@UModSys@@@tl@UModSys@@2USUniquePointer@core@3@A@@YAXXZ 0040fca0 f    CIL library: CIL module
 0001:0000ecb0       ??__F?s_id@?$TObjectUniqueID@UIModuleLibrary@base@UModSys@@@tl@UModSys@@2USUniquePointer@core@3@A@@YAXXZ 0040fcb0 f    CIL library: CIL module
 0001:0000ecc0       ??__F?s_id@?$TObjectUniqueID@UIModule@base@UModSys@@@tl@UModSys@@2USUniquePointer@core@3@A@@YAXXZ 0040fcc0 f    CIL library: CIL module
 0001:0000ecd0       ??__F?s_id@?$TObjectUniqueID@UIParameters@core@UModSys@@@tl@UModSys@@2USUniquePointer@core@3@A@@YAXXZ 0040fcd0 f    CIL library: CIL module
 0001:0000ece0       ??__F?s_id@?$TObjectUniqueID@UIRefObject@core@UModSys@@@tl@UModSys@@2USUniquePointer@core@3@A@@YAXXZ 0040fce0 f    CIL library: CIL module
 0001:0000ecf0       ??__F?s_id@?$TObjectUniqueID@UIRoot@core@UModSys@@@tl@UModSys@@2USUniquePointer@core@3@A@@YAXXZ 0040fcf0 f    CIL library: CIL module
 0001:0000ed00       ??__F?s_modreg@RModuleReg@stdio@media@modules@UModSys@@2U12345@A@@YAXXZ 0040fd00 f    CIL library: CIL module
 0001:0000ed20       ??__F?s_modreg_chain@RModuleReg@stdio@media@modules@UModSys@@2USModuleRegChain@base@5@A@@YAXXZ 0040fd20 f    CIL library: CIL module
 0001:0000ed30       ??__F?s_uid@RGenerator@stdio@media@modules@UModSys@@2USUniquePointer@core@5@A@@YAXXZ 0040fd30 f    CIL library: CIL module
 0001:0000ed40       ??__Fh@?1??s_holder@RGenerator@stdio@media@modules@UModSys@@SAAAU?$TTypeStaticHolder@URGenerator@stdio@media@modules@UModSys@@@tl@5@XZ@YAXXZ 0040fd40 f    CIL library: CIL module
 0001:0000ed60       ??__F?s_id@?$TObjectUniqueID@URGenerator@stdio@media@modules@UModSys@@@tl@UModSys@@2USUniquePointer@core@3@A@@YAXXZ 0040fd60 f    CIL library: CIL module
 0001:0000ed70       ??__F?s_id@?$TObjectUniqueID@URDataArchiver_OsDir@stdio@media@modules@UModSys@@@tl@UModSys@@2USUniquePointer@core@3@A@@YAXXZ 0040fd70 f    CIL library: CIL module
 0001:0000ed80       ??__F?s_id@?$TObjectUniqueID@URStreamWriter_FILE@stdio@media@modules@UModSys@@@tl@UModSys@@2USUniquePointer@core@3@A@@YAXXZ 0040fd80 f    CIL library: CIL module
 0001:0000ed90       ??__F?s_id@?$TObjectUniqueID@URStreamReader_FILE@stdio@media@modules@UModSys@@@tl@UModSys@@2USUniquePointer@core@3@A@@YAXXZ 0040fd90 f    CIL library: CIL module
 0001:0000eda0       ??__F?s_id@?$TObjectUniqueID@UILibrary@libmedia@UModSys@@@tl@UModSys@@2USUniquePointer@core@3@A@@YAXXZ 0040fda0 f    CIL library: CIL module
 0001:0000edb0       ??__F?s_id@?$TObjectUniqueID@UIBinObjFilter@libmedia@UModSys@@@tl@UModSys@@2USUniquePointer@core@3@A@@YAXXZ 0040fdb0 f    CIL library: CIL module
 0001:0000edc0       ??__F?s_id@?$TObjectUniqueID@UIBinArchive@libmedia@UModSys@@@tl@UModSys@@2USUniquePointer@core@3@A@@YAXXZ 0040fdc0 f    CIL library: CIL module
 0001:0000edd0       ??__F?s_id@?$TObjectUniqueID@UIStreamWriter@libmedia@UModSys@@@tl@UModSys@@2USUniquePointer@core@3@A@@YAXXZ 0040fdd0 f    CIL library: CIL module
 0001:0000ede0       ??__F?s_id@?$TObjectUniqueID@UIStreamReader@libmedia@UModSys@@@tl@UModSys@@2USUniquePointer@core@3@A@@YAXXZ 0040fde0 f    CIL library: CIL module
 0001:0000edf0       ??__F?s_modreg@RModuleReg@stdlib@media@modules@UModSys@@2U12345@A@@YAXXZ 0040fdf0 f    CIL library: CIL module
 0001:0000ee10       ??__F?s_modreg_chain@RModuleReg@stdlib@media@modules@UModSys@@2USModuleRegChain@base@5@A@@YAXXZ 0040fe10 f    CIL library: CIL module
 0001:0000ee20       ??__F?s_uid@RGenerator@stdlib@media@modules@UModSys@@2USUniquePointer@core@5@A@@YAXXZ 0040fe20 f    CIL library: CIL module
 0001:0000ee30       ??__Fh@?1??s_holder@RGenerator@stdlib@media@modules@UModSys@@SAAAU?$TTypeStaticHolder@URGenerator@stdlib@media@modules@UModSys@@@tl@5@XZ@YAXXZ 0040fe30 f    CIL library: CIL module
 0001:0000ee50       ??__F?s_id@?$TObjectUniqueID@URGenerator@stdlib@media@modules@UModSys@@@tl@UModSys@@2USUniquePointer@core@3@A@@YAXXZ 0040fe50 f    CIL library: CIL module
 0001:0000ee60       ??__F?s_id@?$TObjectUniqueID@URLibraryObjFilter@stdlib@media@modules@UModSys@@@tl@UModSys@@2USUniquePointer@core@3@A@@YAXXZ 0040fe60 f    CIL library: CIL module
 0001:0000ee70       ??__F?s_id@?$TObjectUniqueID@URLibraryObjCache@stdlib@media@modules@UModSys@@@tl@UModSys@@2USUniquePointer@core@3@A@@YAXXZ 0040fe70 f    CIL library: CIL module
 0001:0000ee80       ??__F?s_id@?$TObjectUniqueID@URLibraryLayered@stdlib@media@modules@UModSys@@@tl@UModSys@@2USUniquePointer@core@3@A@@YAXXZ 0040fe80 f    CIL library: CIL module
 0001:0000ee90       ??__F?s_id@?$TObjectUniqueID@URLibraryBinTree@stdlib@media@modules@UModSys@@@tl@UModSys@@2USUniquePointer@core@3@A@@YAXXZ 0040fe90 f    CIL library: CIL module
 0001:0000eea0       ??__F?s_id@?$TObjectUniqueID@URLibraryBinCache@stdlib@media@modules@UModSys@@@tl@UModSys@@2USUniquePointer@core@3@A@@YAXXZ 0040fea0 f    CIL library: CIL module
 0001:0000eeb0       ??__F?s_id@?$TObjectUniqueID@URBinArchiveFrame@stdlib@media@modules@UModSys@@@tl@UModSys@@2USUniquePointer@core@3@A@@YAXXZ 0040feb0 f    CIL library: CIL module
 0001:0000eec0       ??__F?s_id@?$TObjectUniqueID@UIClient@IBinArchiveFrame@libmedia@UModSys@@@tl@UModSys@@2USUniquePointer@core@3@A@@YAXXZ 0040fec0 f    CIL library: CIL module
 0001:0000eed0       ??__F?s_id@?$TObjectUniqueID@UIBinArchiveFrame@libmedia@UModSys@@@tl@UModSys@@2USUniquePointer@core@3@A@@YAXXZ 0040fed0 f    CIL library: CIL module
 0001:0000eee0       ??__F?s_id@?$TObjectUniqueID@UILibraryLayered@libmedia@UModSys@@@tl@UModSys@@2USUniquePointer@core@3@A@@YAXXZ 0040fee0 f    CIL library: CIL module
 0001:0000eef0       ??__F?s_id@?$TObjectUniqueID@UILibraryObjCache@libmedia@UModSys@@@tl@UModSys@@2USUniquePointer@core@3@A@@YAXXZ 0040fef0 f    CIL library: CIL module
 0001:0000ef00       ??__F?s_id@?$TObjectUniqueID@UILibraryObjFilter@libmedia@UModSys@@@tl@UModSys@@2USUniquePointer@core@3@A@@YAXXZ 0040ff00 f    CIL library: CIL module
 0001:0000ef10       ??__F?s_id@?$TObjectUniqueID@UILibraryBinCache@libmedia@UModSys@@@tl@UModSys@@2USUniquePointer@core@3@A@@YAXXZ 0040ff10 f    CIL library: CIL module
 0001:0000ef20       ??__F?s_id@?$TObjectUniqueID@UILibraryBinTree@libmedia@UModSys@@@tl@UModSys@@2USUniquePointer@core@3@A@@YAXXZ 0040ff20 f    CIL library: CIL module
 0001:0000ef30       ??__F?s_console@RConsole_std@rsystem@base@UModSys@@2U1234@A@@YAXXZ 0040ff30 f    CIL library: CIL module
 0001:0000ef40       ??__F?s_sys@RSystem@rsystem@base@UModSys@@2U1234@A@@YAXXZ 0040ff40 f    CIL library: CIL module
 0001:0000ef50       ??__Frsys_dbg@rsystem@base@UModSys@@YAXXZ 0040ff50 f    CIL library: CIL module
 0001:0000ef60       ??__FM@UModSys@@YAXXZ      0040ff60 f    CIL library: CIL module
 0001:0000ef70       ??__F?root@SModuleRegChain@base@UModSys@@2U123@A@@YAXXZ 0040ff70 f    CIL library: CIL module
 0001:0000ef80       ??__F?s_library@RModuleLibraryReg_Chain@base@UModSys@@2U123@A@@YAXXZ 0040ff80 f    CIL library: CIL module
 0001:0000ef90       ??__F?root@SUniquePointer@core@UModSys@@2U123@A@@YAXXZ 0040ff90 f    CIL library: CIL module

 Exports

  ordinal    name

        1    _UModSys_Plugin_Entry2@0
