 umodsysc

 Timestamp is 525649c9 (Thu Oct 10 09:31:37 2013)

 Preferred load address is 00400000

 Start         Length     Name                   Class
 0001:00000000 00005aa0H .text                   CODE
 0001:00005aa0 0000018bH .text$x                 CODE
 0001:00005c30 00000271H .text$yc                CODE
 0001:00005eb0 0000013aH .text$yd                CODE
 0002:00000000 00000110H .idata$5                DATA
 0002:00000110 00000004H .CRT$XCA                DATA
 0002:00000114 00000004H .CRT$XCAA               DATA
 0002:00000118 00000050H .CRT$XCU                DATA
 0002:00000168 00000004H .CRT$XCZ                DATA
 0002:0000016c 00000004H .CRT$XIA                DATA
 0002:00000170 00000004H .CRT$XIAA               DATA
 0002:00000174 00000004H .CRT$XIY                DATA
 0002:00000178 00000004H .CRT$XIZ                DATA
 0002:00000180 00000cf0H .rdata                  DATA
 0002:00000e70 0000070cH .rdata$r                DATA
 0002:00001580 00000030H .rdata$sxdata           DATA
 0002:000015b0 00000004H .rtc$IAA                DATA
 0002:000015b4 00000004H .rtc$IZZ                DATA
 0002:000015b8 00000004H .rtc$TAA                DATA
 0002:000015bc 00000004H .rtc$TZZ                DATA
 0002:000015c0 00000374H .xdata$x                DATA
 0002:00001934 00000028H .idata$2                DATA
 0002:0000195c 00000014H .idata$3                DATA
 0002:00001970 00000110H .idata$4                DATA
 0002:00001a80 00000472H .idata$6                DATA
 0002:00001ef2 00000000H .edata                  DATA
 0003:00000000 000004f0H .data                   DATA
 0003:000004f0 000005c0H .bss                    DATA

  Address         Publics by Value              Rva+Base       Lib:Object

 0000:00000000       __except_list              00000000     <absolute>
 0000:0000000c       ___safe_se_handler_count   0000000c     <absolute>
 0000:00009876       __fltused                  00009876     <absolute>
 0000:00009876       __ldused                   00009876     <absolute>
 0000:00000000       ___ImageBase               00400000     <linker-defined>
 0001:00000000       ??$shash@D@su@tl@UModSys@@YAHPBDI@Z 00401000 f i umodsys.c_main.obj
 0001:00000030       ?get_interface_info@RConsole_std@rsystem@base@UModSys@@UBEABUSUniquePointerInfo@core@4@XZ 00401030 f i umodsys_lib_basesys:umodsys.basesys.rconsole_std.obj
 0001:00000040       ?get_interface_type@RConsole_std@rsystem@base@UModSys@@UBEPBUSUniquePointerInfo@core@4@XZ 00401040 f i umodsys_lib_basesys:umodsys.basesys.rconsole_std.obj
 0001:00000050       ?get_other_interface@RConsole_std@rsystem@base@UModSys@@UBEPBUIRoot@core@4@PBUSUniquePointerInfo@64@@Z 00401050 f i umodsys_lib_basesys:umodsys.basesys.rconsole_std.obj
 0001:00000050       ?get_other_interface@RConsole_std@rsystem@base@UModSys@@UAEPAUIRoot@core@4@PBUSUniquePointerInfo@64@@Z 00401050 f i umodsys_lib_basesys:umodsys.basesys.rconsole_std.obj
 0001:00000080       ??_GRConsole_std@rsystem@base@UModSys@@UAEPAXI@Z 00401080 f i umodsys_lib_basesys:umodsys.basesys.rconsole_std.obj
 0001:00000080       ??_ERConsole_std@rsystem@base@UModSys@@UAEPAXI@Z 00401080 f i  CIL library: CIL module
 0001:00000090       ??_EIConsole@base@UModSys@@UAEPAXI@Z 00401090 f i  CIL library: CIL module
 0001:00000090       ??_GIConsole@base@UModSys@@UAEPAXI@Z 00401090 f i umodsys_lib_basesys:umodsys.basesys.rconsole_std.obj
 0001:000000a0       ??_EIRefObject@core@UModSys@@UAEPAXI@Z 004010a0 f i  CIL library: CIL module
 0001:000000a0       ??_GIRefObject@core@UModSys@@UAEPAXI@Z 004010a0 f i umodsys_lib_basesys:umodsys.basesys.rconsole_std.obj
 0001:000000b0       ??_GIRoot@core@UModSys@@UAEPAXI@Z 004010b0 f i umodsys_lib_basesys:umodsys.basesys.rconsole_std.obj
 0001:000000b0       ??_EIRoot@core@UModSys@@UAEPAXI@Z 004010b0 f i  CIL library: CIL module
 0001:000000c0       ?mem_free@SMemAlloc_Malloc@core@UModSys@@SAXPAXPBUSSourceContext@23@@Z 004010c0 f i umodsys_lib_basesys:umodsys.basesys.rsystem_main.obj
 0001:000000e0       ?decode_error@EExceptionBase@core@UModSys@@UBEHPADI@Z 004010e0 f i umodsys_lib_basesys:umodsys.basesys.rsystem_main.obj
 0001:00000110       ?decode_error@EFatal@core@UModSys@@UBEHPADI@Z 00401110 f i umodsys_lib_basesys:umodsys.basesys.rsystem_main.obj
 0001:00000140       ??_GEWarning@core@UModSys@@UAEPAXI@Z 00401140 f i umodsys_lib_basesys:umodsys.basesys.rsystem_main.obj
 0001:00000140       ??_EEFatal@core@UModSys@@UAEPAXI@Z 00401140 f i  CIL library: CIL module
 0001:00000140       ??_EEExceptionBase@core@UModSys@@UAEPAXI@Z 00401140 f i  CIL library: CIL module
 0001:00000140       ??_GEFatal@core@UModSys@@UAEPAXI@Z 00401140 f i umodsys_lib_basesys:umodsys.basesys.rsystem_main.obj
 0001:00000140       ??_GEExceptionBase@core@UModSys@@UAEPAXI@Z 00401140 f i umodsys_lib_basesys:umodsys.basesys.rsystem_main.obj
 0001:00000140       ??_EEWarning@core@UModSys@@UAEPAXI@Z 00401140 f i  CIL library: CIL module
 0001:00000160       ??1EFatal@core@UModSys@@UAE@XZ 00401160 f i umodsys_lib_basesys:umodsys.basesys.rsystem_main.obj
 0001:00000160       ??1EWarning@core@UModSys@@UAE@XZ 00401160 f i umodsys_lib_basesys:umodsys.basesys.rsystem_main.obj
 0001:00000170       ??0EWarning@core@UModSys@@QAE@PBUSSourceContext@12@HPBD@Z 00401170 f i umodsys_lib_basesys:umodsys.basesys.rsystem_main.obj
 0001:000001b0       ?decode_error@EWarning@core@UModSys@@UBEHPADI@Z 004011b0 f i umodsys_lib_basesys:umodsys.basesys.rsystem_main.obj
 0001:000001e0       ?get_interface_info@ISystem@base@UModSys@@UBEABUSUniquePointerInfo@core@3@XZ 004011e0 f i umodsys_lib_basesys:umodsys.basesys.rsystem_main.obj
 0001:000001f0       ?get_interface_type@ISystem@base@UModSys@@UBEPBUSUniquePointerInfo@core@3@XZ 004011f0 f i umodsys_lib_basesys:umodsys.basesys.rsystem_main.obj
 0001:00000200       ?get_interface_types@RConsole_std@rsystem@base@UModSys@@UBEIAAUSUniquePtrList@core@4@@Z 00401200 f i umodsys_lib_basesys:umodsys.basesys.rconsole_std.obj
 0001:00000200       ?get_interface_types@ISystem@base@UModSys@@UBEIAAUSUniquePtrList@core@3@@Z 00401200 f i umodsys_lib_basesys:umodsys.basesys.rsystem_main.obj
 0001:00000200       ?get_interface_types@RModule@rsystem@base@UModSys@@UBEIAAUSUniquePtrList@core@4@@Z 00401200 f i umodsys_lib_basesys:umodsys.basesys.rmodule.obj
 0001:00000200       ?get_interface_types@RParameters@rsystem@base@UModSys@@UBEIAAUSUniquePtrList@core@4@@Z 00401200 f i umodsys_lib_basesys:umodsys.basesys.rparameters.obj
 0001:00000200       ?get_interface_types@RModuleLibrary@rsystem@base@UModSys@@UBEIAAUSUniquePtrList@core@4@@Z 00401200 f i umodsys_lib_basesys:umodsys.basesys.rmodulelib.obj
 0001:00000200       ?get_interface_types@RSystem@rsystem@base@UModSys@@UBEIAAUSUniquePtrList@core@4@@Z 00401200 f i umodsys_lib_basesys:umodsys.basesys.rsystem_main.obj
 0001:00000210       ?get_other_interface@ISystem@base@UModSys@@UAEPAUIRoot@core@3@PBUSUniquePointerInfo@53@@Z 00401210 f i umodsys_lib_basesys:umodsys.basesys.rsystem_main.obj
 0001:00000210       ?get_other_interface@ISystem@base@UModSys@@UBEPBUIRoot@core@3@PBUSUniquePointerInfo@53@@Z 00401210 f i umodsys_lib_basesys:umodsys.basesys.rsystem_main.obj
 0001:00000230       ?get_interface_info@RSystem@rsystem@base@UModSys@@UBEABUSUniquePointerInfo@core@4@XZ 00401230 f i umodsys_lib_basesys:umodsys.basesys.rsystem_main.obj
 0001:00000240       ?get_interface_type@RSystem@rsystem@base@UModSys@@UBEPBUSUniquePointerInfo@core@4@XZ 00401240 f i umodsys_lib_basesys:umodsys.basesys.rsystem_main.obj
 0001:00000250       ?get_other_interface@RSystem@rsystem@base@UModSys@@UBEPBUIRoot@core@4@PBUSUniquePointerInfo@64@@Z 00401250 f i umodsys_lib_basesys:umodsys.basesys.rsystem_main.obj
 0001:00000250       ?get_other_interface@RSystem@rsystem@base@UModSys@@UAEPAUIRoot@core@4@PBUSUniquePointerInfo@64@@Z 00401250 f i umodsys_lib_basesys:umodsys.basesys.rsystem_main.obj
 0001:00000270       ??_ERSystem@rsystem@base@UModSys@@UAEPAXI@Z 00401270 f i  CIL library: CIL module
 0001:00000270       ??_GRSystem@rsystem@base@UModSys@@UAEPAXI@Z 00401270 f i umodsys_lib_basesys:umodsys.basesys.rsystem_main.obj
 0001:00000280       ??_EISystem@base@UModSys@@UAEPAXI@Z 00401280 f i  CIL library: CIL module
 0001:00000280       ??_GISystem@base@UModSys@@UAEPAXI@Z 00401280 f i umodsys_lib_basesys:umodsys.basesys.rsystem_main.obj
 0001:00000290       ??1?$TStaticStringPool@DU?$TComparerBinaryHash@D@su@tl@UModSys@@USMemAlloc_Malloc@core@4@@tl@UModSys@@QAE@XZ 00401290 f i umodsys_lib_basesys:umodsys.basesys.rsystem_main.obj
 0001:000002a0       ??1?$TRefObject@UIRefObject@core@UModSys@@@tl@UModSys@@QAE@XZ 004012a0 f i umodsys_lib_basesys:umodsys.basesys.rsystem_tests.obj
 0001:000002a0       ??1?$TRefObject@URModuleLibrary@rsystem@base@UModSys@@@tl@UModSys@@QAE@XZ 004012a0 f i umodsys_lib_basesys:umodsys.basesys.rmoduleloader.obj
 0001:000002a0       ??1?$TRefObject@URParameters@rsystem@base@UModSys@@@tl@UModSys@@QAE@XZ 004012a0 f i umodsys_lib_basesys:umodsys.basesys.rsystem_main.obj
 0001:000002a0       ??1?$TRefObject@UIShell@base@UModSys@@@tl@UModSys@@QAE@XZ 004012a0 f i umodsys_lib_basesys:umodsys.basesys.rsystem_tests.obj
 0001:000002c0       ??1?$TQuantArrayUnique@USSourceContext@core@UModSys@@$0BAA@USMemAlloc_Malloc@23@@tl@UModSys@@QAE@XZ 004012c0 f i umodsys_lib_basesys:umodsys.basesys.rsystem_main.obj
 0001:000002c0       ??1?$TQuantArrayUnique@USUniquePointerInfo@core@UModSys@@$0BAA@USMemAlloc_Malloc@23@@tl@UModSys@@QAE@XZ 004012c0 f i umodsys_lib_basesys:umodsys.basesys.rsystem_main.obj
 0001:00000340       ??1?$TTreeHoldRBD@U?$TQuantArrayNode@USSourceContext@core@UModSys@@$0BAA@@tl@UModSys@@U?$TNodeDeleter@U?$TQuantArrayNode@USSourceContext@core@UModSys@@$0BAA@@tl@UModSys@@USMemAlloc_Malloc@core@3@@23@@tl@UModSys@@QAE@XZ 00401340 f i umodsys_lib_basesys:umodsys.basesys.rsystem_main.obj
 0001:00000340       ??1?$TTreeHoldRBD@U?$TQuantArrayNode@USUniquePointerInfo@core@UModSys@@$0BAA@@tl@UModSys@@U?$TNodeDeleter@U?$TQuantArrayNode@USUniquePointerInfo@core@UModSys@@$0BAA@@tl@UModSys@@USMemAlloc_Malloc@core@3@@23@@tl@UModSys@@QAE@XZ 00401340 f i umodsys_lib_basesys:umodsys.basesys.rsystem_main.obj
 0001:00000390       ??0?$TRMemAlloc_CC@U?$TMemAllocHeader@USMagic@mem_headers@rsystem@base@UModSys@@U?$TPool@X@2345@USDebug@2345@UVoid@core@5@@rsystem@base@UModSys@@USMemAlloc_Malloc@core@4@@rsystem@base@UModSys@@QAE@PAUIExceptionHandler@core@3@@Z 00401390 f i umodsys_lib_basesys:umodsys.basesys.rsystem_main.obj
 0001:000003a0       ??1?$TRMemAlloc_CC@U?$TMemAllocHeader@USMagic@mem_headers@rsystem@base@UModSys@@U?$TPool@X@2345@USDebug@2345@UVoid@core@5@@rsystem@base@UModSys@@USMemAlloc_Malloc@core@4@@rsystem@base@UModSys@@QAE@XZ 004013a0 f i umodsys_lib_basesys:umodsys.basesys.rsystem_main.obj
 0001:000003b0       ?mem_alloc@?$TRMemAlloc_CC@U?$TMemAllocHeader@USMagic@mem_headers@rsystem@base@UModSys@@U?$TPool@X@2345@USDebug@2345@UVoid@core@5@@rsystem@base@UModSys@@USMemAlloc_Malloc@core@4@@rsystem@base@UModSys@@UAEPAXIPBUSSourceContext@core@4@@Z 004013b0 f i umodsys_lib_basesys:umodsys.basesys.rsystem_main.obj
 0001:000003f0       ?mem_realloc@?$TRMemAlloc_CC@U?$TMemAllocHeader@USMagic@mem_headers@rsystem@base@UModSys@@U?$TPool@X@2345@USDebug@2345@UVoid@core@5@@rsystem@base@UModSys@@USMemAlloc_Malloc@core@4@@rsystem@base@UModSys@@UAEPAXPAXIPBUSSourceContext@core@4@@Z 004013f0 f i umodsys_lib_basesys:umodsys.basesys.rsystem_main.obj
 0001:000005b0       ?mem_free@?$TRMemAlloc_CC@U?$TMemAllocHeader@USMagic@mem_headers@rsystem@base@UModSys@@U?$TPool@X@2345@USDebug@2345@UVoid@core@5@@rsystem@base@UModSys@@USMemAlloc_Malloc@core@4@@rsystem@base@UModSys@@UAEXPAXPBUSSourceContext@core@4@@Z 004015b0 f i umodsys_lib_basesys:umodsys.basesys.rsystem_main.obj
 0001:00000680       ?free@?$TStaticStringPool@DU?$TComparerBinaryHash@D@su@tl@UModSys@@USMemAlloc_Malloc@core@4@@tl@UModSys@@QAEXXZ 00401680 f i umodsys_lib_basesys:umodsys.basesys.rsystem_main.obj
 0001:000006d0       ?get@?$TQuantArrayUnique@USUniquePointerInfo@core@UModSys@@$0BAA@USMemAlloc_Malloc@23@@tl@UModSys@@QBEPBUSUniquePointerInfo@core@3@I@Z 004016d0 f i umodsys_lib_basesys:umodsys.basesys.rsystem_main.obj
 0001:00000740       ??$process@UEFatal@core@UModSys@@@IExceptionHandler@core@UModSys@@QAEXABUEFatal@12@@Z 00401740 f i umodsys_lib_basesys:umodsys.basesys.rsystem_main.obj
 0001:00000790       ??$process@UEWarning@core@UModSys@@@IExceptionHandler@core@UModSys@@QAEXABUEWarning@12@@Z 00401790 f i umodsys_lib_basesys:umodsys.basesys.rsystem_main.obj
 0001:000007e0       ??$process_nodes_r@U?$TNodeDeleter@U?$TQuantArrayNode@USSourceContext@core@UModSys@@$0BAA@@tl@UModSys@@USMemAlloc_Malloc@core@3@@tl@UModSys@@@?$TTreeHoldRB@U?$TQuantArrayNode@USSourceContext@core@UModSys@@$0BAA@@tl@UModSys@@@tl@UModSys@@KAHPAU?$TQuantArrayNode@USSourceContext@core@UModSys@@$0BAA@@12@ABU?$TNodeDeleter@U?$TQuantArrayNode@USSourceContext@core@UModSys@@$0BAA@@tl@UModSys@@USMemAlloc_Malloc@core@3@@12@@Z 004017e0 f i umodsys_lib_basesys:umodsys.basesys.rsystem_main.obj
 0001:000007e0       ??$process_nodes_r@U?$TNodeDeleter@U?$TQuantArrayNode@USUniquePointerInfo@core@UModSys@@$0BAA@@tl@UModSys@@USMemAlloc_Malloc@core@3@@tl@UModSys@@@?$TTreeHoldRB@U?$TQuantArrayNode@USUniquePointerInfo@core@UModSys@@$0BAA@@tl@UModSys@@@tl@UModSys@@KAHPAU?$TQuantArrayNode@USUniquePointerInfo@core@UModSys@@$0BAA@@12@ABU?$TNodeDeleter@U?$TQuantArrayNode@USUniquePointerInfo@core@UModSys@@$0BAA@@tl@UModSys@@USMemAlloc_Malloc@core@3@@12@@Z 004017e0 f i umodsys_lib_basesys:umodsys.basesys.rsystem_main.obj
 0001:00000830       ??0EFatal@core@UModSys@@QAE@ABU012@@Z 00401830 f i umodsys_lib_basesys:umodsys.basesys.rsystem_main.obj
 0001:00000870       ??0EExceptionBase@core@UModSys@@QAE@ABU012@@Z 00401870 f i umodsys_lib_basesys:umodsys.basesys.rsystem_main.obj
 0001:000008a0       ??0EWarning@core@UModSys@@QAE@ABU012@@Z 004018a0 f i umodsys_lib_basesys:umodsys.basesys.rsystem_main.obj
 0001:000008e0       ??1?$TParametersA@$0EAA@@core@UModSys@@QAE@XZ 004018e0 f i umodsys_lib_basesys:umodsys.basesys.rsystem_tests.obj
 0001:000008f0       ??$t_moduledb_generate@UIShell@base@UModSys@@@IModuleLoader@base@UModSys@@QAE_NAAU?$TRefObject@UIShell@base@UModSys@@@tl@2@PBUSUniquePointerInfo@core@2@ABUSParameters@62@@Z 004018f0 f i umodsys_lib_basesys:umodsys.basesys.rsystem_tests.obj
 0001:000009c0       ??3@YAXPAX0@Z              004019c0 f i umodsys_lib_basesys:umodsys.basesys.rmoduleloader.obj
 0001:000009d0       ??_ERModuleLoader@rsystem@base@UModSys@@UAEPAXI@Z 004019d0 f i  CIL library: CIL module
 0001:000009d0       ??_GRModuleLoader@rsystem@base@UModSys@@UAEPAXI@Z 004019d0 f i umodsys_lib_basesys:umodsys.basesys.rmoduleloader.obj
 0001:000009f0       ??_GIModuleLoader@base@UModSys@@UAEPAXI@Z 004019f0 f i umodsys_lib_basesys:umodsys.basesys.rmoduleloader.obj
 0001:000009f0       ??_EIModuleLoader@base@UModSys@@UAEPAXI@Z 004019f0 f i  CIL library: CIL module
 0001:00000a10       ?append@?$TStaticStringPool@DU?$TComparerBinaryHash@D@su@tl@UModSys@@USMemAlloc_Malloc@core@4@@tl@UModSys@@QAEPBU?$TString@U?$TSCoreConst@D@su@tl@UModSys@@U?$TComparerBinaryHash@D@234@@23@PBDI@Z 00401a10 f i umodsys_lib_basesys:umodsys.basesys.rmoduleloader.obj
 0001:00000bd0       ?ReLink@?$TDynarray@U?$TDynarrayHolderDynamic@PBUSUniquePointerInfo@core@UModSys@@U?$TAllocator@USMemAlloc_Malloc@core@UModSys@@USCountCalcPower2@23@@tl@3@@tl@UModSys@@@tl@UModSys@@IAE_NI@Z 00401bd0 f i umodsys_lib_basesys:umodsys.basesys.rmodule.obj
 0001:00000bd0       ?ReLink@?$TDynarray@U?$TDynarrayHolderDynamic@U?$TRefObject@URModuleLibrary@rsystem@base@UModSys@@@tl@UModSys@@U?$TAllocator@USMemAlloc_Malloc@core@UModSys@@USCountCalcPower2@23@@23@@tl@UModSys@@@tl@UModSys@@IAE_NI@Z 00401bd0 f i umodsys_lib_basesys:umodsys.basesys.rmoduleloader.obj
 0001:00000bd0       ?ReLink@?$TDynarray@U?$TDynarrayHolderDynamic@U?$TRefObject@URModule@rsystem@base@UModSys@@@tl@UModSys@@U?$TAllocator@USMemAlloc_Malloc@core@UModSys@@USCountCalcPower2@23@@23@@tl@UModSys@@@tl@UModSys@@IAE_NI@Z 00401bd0 f i umodsys_lib_basesys:umodsys.basesys.rmodulelib.obj
 0001:00000c20       ?amoveright@?$TTypeConstructor@U?$TRefObject@URModuleLibrary@rsystem@base@UModSys@@@tl@UModSys@@@tl@UModSys@@SAXPAU?$TRefObject@URModuleLibrary@rsystem@base@UModSys@@@23@III@Z 00401c20 f i umodsys_lib_basesys:umodsys.basesys.rmoduleloader.obj
 0001:00000cb0       ?find_s@?$TStaticStringPool@DU?$TComparerBinaryHash@D@su@tl@UModSys@@USMemAlloc_Malloc@core@4@@tl@UModSys@@QBEPBU?$TString@U?$TSCoreConst@D@su@tl@UModSys@@U?$TComparerBinaryHash@D@234@@23@ABU423@@Z 00401cb0 f i umodsys_lib_basesys:umodsys.basesys.rmoduleloader.obj
 0001:00000d40       ?find@?$TQuantArrayUnique@USSourceContext@core@UModSys@@$0BAA@USMemAlloc_Malloc@23@@tl@UModSys@@QAEPBUSSourceContext@core@3@ABU453@@Z 00401d40 f i umodsys_lib_basesys:umodsys.basesys.rsystem.obj
 0001:00000d40       ?find@?$TQuantArrayUnique@USUniquePointerInfo@core@UModSys@@$0BAA@USMemAlloc_Malloc@23@@tl@UModSys@@QAEPBUSUniquePointerInfo@core@3@ABU453@@Z 00401d40 f i umodsys_lib_basesys:umodsys.basesys.rsystem.obj
 0001:00000e30       ?add@?$TQuantArrayUnique@USSourceContext@core@UModSys@@$0BAA@USMemAlloc_Malloc@23@@tl@UModSys@@QAEPAUSSourceContext@core@3@ABU453@@Z 00401e30 f i umodsys_lib_basesys:umodsys.basesys.rsystem.obj
 0001:00000e30       ?add@?$TQuantArrayUnique@USUniquePointerInfo@core@UModSys@@$0BAA@USMemAlloc_Malloc@23@@tl@UModSys@@QAEPAUSUniquePointerInfo@core@3@ABU453@@Z 00401e30 f i umodsys_lib_basesys:umodsys.basesys.rsystem.obj
 0001:00000fc0       ?insert_color@?$TTreeHoldRB@U?$TQuantArrayNode@USSourceContext@core@UModSys@@$0BAA@@tl@UModSys@@@tl@UModSys@@IAEXPAU?$TQuantArrayNode@USSourceContext@core@UModSys@@$0BAA@@23@@Z 00401fc0 f i umodsys_lib_basesys:umodsys.basesys.rsystem.obj
 0001:00000fc0       ?insert_color@?$TTreeHoldRB@U?$TQuantArrayNode@USUniquePointerInfo@core@UModSys@@$0BAA@@tl@UModSys@@@tl@UModSys@@IAEXPAU?$TQuantArrayNode@USUniquePointerInfo@core@UModSys@@$0BAA@@23@@Z 00401fc0 f i umodsys_lib_basesys:umodsys.basesys.rsystem.obj
 0001:00001160       ?get_interface_info@RParameters@rsystem@base@UModSys@@UBEABUSUniquePointerInfo@core@4@XZ 00402160 f i umodsys_lib_basesys:umodsys.basesys.rparameters.obj
 0001:00001170       ?get_interface_type@RParameters@rsystem@base@UModSys@@UBEPBUSUniquePointerInfo@core@4@XZ 00402170 f i umodsys_lib_basesys:umodsys.basesys.rparameters.obj
 0001:00001180       ?get_other_interface@RParameters@rsystem@base@UModSys@@UAEPAUIRoot@core@4@PBUSUniquePointerInfo@64@@Z 00402180 f i umodsys_lib_basesys:umodsys.basesys.rparameters.obj
 0001:00001180       ?get_other_interface@RParameters@rsystem@base@UModSys@@UBEPBUIRoot@core@4@PBUSUniquePointerInfo@64@@Z 00402180 f i umodsys_lib_basesys:umodsys.basesys.rparameters.obj
 0001:000011b0       ?ref_add@RParameters@rsystem@base@UModSys@@UBEXXZ 004021b0 f i umodsys_lib_basesys:umodsys.basesys.rparameters.obj
 0001:000011c0       ?ref_remove@RParameters@rsystem@base@UModSys@@UBEXXZ 004021c0 f i umodsys_lib_basesys:umodsys.basesys.rparameters.obj
 0001:000011d0       ?ref_links@RParameters@rsystem@base@UModSys@@UBEHXZ 004021d0 f i umodsys_lib_basesys:umodsys.basesys.rparameters.obj
 0001:000011e0       ?suicide@RParameters@rsystem@base@UModSys@@UAEXXZ 004021e0 f i umodsys_lib_basesys:umodsys.basesys.rparameters.obj
 0001:00001200       ??_ERParameters@rsystem@base@UModSys@@UAEPAXI@Z 00402200 f i  CIL library: CIL module
 0001:00001200       ??_GRParameters@rsystem@base@UModSys@@UAEPAXI@Z 00402200 f i umodsys_lib_basesys:umodsys.basesys.rparameters.obj
 0001:00001210       ??$shash@D@su@tl@UModSys@@YAHPBD@Z 00402210 f i umodsys_lib_basesys:umodsys.basesys.rparameters.obj
 0001:00001230       ??$t_alloc@UIMemAlloc@core@UModSys@@@SMemChunk@core@UModSys@@QAE_NAAUIMemAlloc@12@IPBUSSourceContext@12@@Z 00402230 f i umodsys_lib_basesys:umodsys.basesys.rparameters.obj
 0001:00001270       ?get_interface_info@RModuleLibrary@rsystem@base@UModSys@@UBEABUSUniquePointerInfo@core@4@XZ 00402270 f i umodsys_lib_basesys:umodsys.basesys.rmodulelib.obj
 0001:00001280       ?get_interface_type@RModuleLibrary@rsystem@base@UModSys@@UBEPBUSUniquePointerInfo@core@4@XZ 00402280 f i umodsys_lib_basesys:umodsys.basesys.rmodulelib.obj
 0001:00001290       ?get_other_interface@RModuleLibrary@rsystem@base@UModSys@@UAEPAUIRoot@core@4@PBUSUniquePointerInfo@64@@Z 00402290 f i umodsys_lib_basesys:umodsys.basesys.rmodulelib.obj
 0001:00001290       ?get_other_interface@RModuleLibrary@rsystem@base@UModSys@@UBEPBUIRoot@core@4@PBUSUniquePointerInfo@64@@Z 00402290 f i umodsys_lib_basesys:umodsys.basesys.rmodulelib.obj
 0001:000012c0       ?ref_add@RModuleLibrary@rsystem@base@UModSys@@UBEXXZ 004022c0 f i umodsys_lib_basesys:umodsys.basesys.rmodulelib.obj
 0001:000012d0       ?ref_remove@RModuleLibrary@rsystem@base@UModSys@@UBEXXZ 004022d0 f i umodsys_lib_basesys:umodsys.basesys.rmodulelib.obj
 0001:000012e0       ?ref_links@RModuleLibrary@rsystem@base@UModSys@@UBEHXZ 004022e0 f i umodsys_lib_basesys:umodsys.basesys.rmodulelib.obj
 0001:000012f0       ?suicide@RModuleLibrary@rsystem@base@UModSys@@UAEXXZ 004022f0 f i umodsys_lib_basesys:umodsys.basesys.rmodulelib.obj
 0001:00001310       ??_GRModuleLibrary@rsystem@base@UModSys@@UAEPAXI@Z 00402310 f i umodsys_lib_basesys:umodsys.basesys.rmodulelib.obj
 0001:00001310       ??_ERModuleLibrary@rsystem@base@UModSys@@UAEPAXI@Z 00402310 f i  CIL library: CIL module
 0001:00001320       ??1?$TString@U?$TSCoreShared@USMemAlloc_Malloc@core@UModSys@@D@su@tl@UModSys@@U?$TComparerBinaryHash@D@234@@tl@UModSys@@QAE@XZ 00402320 f i umodsys_lib_basesys:umodsys.basesys.rmodulelib.obj
 0001:00001350       ??_GIModuleLibrary@base@UModSys@@UAEPAXI@Z 00402350 f i umodsys_lib_basesys:umodsys.basesys.rmodulelib.obj
 0001:00001350       ??_EIModuleLibrary@base@UModSys@@UAEPAXI@Z 00402350 f i  CIL library: CIL module
 0001:00001360       ??1?$TDynarrayDynamic@U?$TRefObject@URModule@rsystem@base@UModSys@@@tl@UModSys@@U?$TAllocator@USMemAlloc_Malloc@core@UModSys@@USCountCalcPower2@23@@23@@tl@UModSys@@QAE@XZ 00402360 f i umodsys_lib_basesys:umodsys.basesys.rmodulelib.obj
 0001:000013b0       ?ResizeRel@?$TDynarray@U?$TDynarrayHolderDynamic@U?$TRefObject@URModule@rsystem@base@UModSys@@@tl@UModSys@@U?$TAllocator@USMemAlloc_Malloc@core@UModSys@@USCountCalcPower2@23@@23@@tl@UModSys@@@tl@UModSys@@QAE_NH@Z 004023b0 f i umodsys_lib_basesys:umodsys.basesys.rmodulelib.obj
 0001:000013b0       ?ResizeRel@?$TDynarray@U?$TDynarrayHolderDynamic@U?$TRefObject@URModuleLibrary@rsystem@base@UModSys@@@tl@UModSys@@U?$TAllocator@USMemAlloc_Malloc@core@UModSys@@USCountCalcPower2@23@@23@@tl@UModSys@@@tl@UModSys@@QAE_NH@Z 004023b0 f i umodsys_lib_basesys:umodsys.basesys.rmoduleloader.obj
 0001:00001420       ?info_new@?$TSCoreShared@USMemAlloc_Malloc@core@UModSys@@D@su@tl@UModSys@@QAE_NPBDI@Z 00402420 f i umodsys_lib_basesys:umodsys.basesys.rmodulelib.obj
 0001:000014a0       ?Push@?$TDynarray@U?$TDynarrayHolderDynamic@U?$TRefObject@URModuleLibrary@rsystem@base@UModSys@@@tl@UModSys@@U?$TAllocator@USMemAlloc_Malloc@core@UModSys@@USCountCalcPower2@23@@23@@tl@UModSys@@@tl@UModSys@@QAE_NABU?$TRefObject@URModuleLibrary@rsystem@base@UModSys@@@23@@Z 004024a0 f i umodsys_lib_basesys:umodsys.basesys.rmodulelib.obj
 0001:000014a0       ?Push@?$TDynarray@U?$TDynarrayHolderDynamic@U?$TRefObject@URModule@rsystem@base@UModSys@@@tl@UModSys@@U?$TAllocator@USMemAlloc_Malloc@core@UModSys@@USCountCalcPower2@23@@23@@tl@UModSys@@@tl@UModSys@@QAE_NABU?$TRefObject@URModule@rsystem@base@UModSys@@@23@@Z 004024a0 f i umodsys_lib_basesys:umodsys.basesys.rmodulelib.obj
 0001:00001520       ?items_destruct@?$TDynarray@U?$TDynarrayHolderDynamic@U?$TRefObject@URModuleLibrary@rsystem@base@UModSys@@@tl@UModSys@@U?$TAllocator@USMemAlloc_Malloc@core@UModSys@@USCountCalcPower2@23@@23@@tl@UModSys@@@tl@UModSys@@IAEXII@Z 00402520 f i umodsys_lib_basesys:umodsys.basesys.rmoduleloader.obj
 0001:00001520       ?items_destruct@?$TDynarray@U?$TDynarrayHolderDynamic@U?$TRefObject@URModule@rsystem@base@UModSys@@@tl@UModSys@@U?$TAllocator@USMemAlloc_Malloc@core@UModSys@@USCountCalcPower2@23@@23@@tl@UModSys@@@tl@UModSys@@IAEXII@Z 00402520 f i umodsys_lib_basesys:umodsys.basesys.rmodulelib.obj
 0001:00001560       ?get_interface_info@RModule@rsystem@base@UModSys@@UBEABUSUniquePointerInfo@core@4@XZ 00402560 f i umodsys_lib_basesys:umodsys.basesys.rmodule.obj
 0001:00001570       ?get_interface_type@RModule@rsystem@base@UModSys@@UBEPBUSUniquePointerInfo@core@4@XZ 00402570 f i umodsys_lib_basesys:umodsys.basesys.rmodule.obj
 0001:00001580       ?get_other_interface@RModule@rsystem@base@UModSys@@UBEPBUIRoot@core@4@PBUSUniquePointerInfo@64@@Z 00402580 f i umodsys_lib_basesys:umodsys.basesys.rmodule.obj
 0001:00001580       ?get_other_interface@RModule@rsystem@base@UModSys@@UAEPAUIRoot@core@4@PBUSUniquePointerInfo@64@@Z 00402580 f i umodsys_lib_basesys:umodsys.basesys.rmodule.obj
 0001:000015b0       ?ref_add@RModule@rsystem@base@UModSys@@UBEXXZ 004025b0 f i umodsys_lib_basesys:umodsys.basesys.rmodule.obj
 0001:000015c0       ?ref_remove@RModule@rsystem@base@UModSys@@UBEXXZ 004025c0 f i umodsys_lib_basesys:umodsys.basesys.rmodule.obj
 0001:000015d0       ?ref_links@RModule@rsystem@base@UModSys@@UBEHXZ 004025d0 f i umodsys_lib_basesys:umodsys.basesys.rmodule.obj
 0001:000015e0       ?suicide@RModule@rsystem@base@UModSys@@UAEXXZ 004025e0 f i umodsys_lib_basesys:umodsys.basesys.rmodule.obj
 0001:00001650       ??_GRModule@rsystem@base@UModSys@@UAEPAXI@Z 00402650 f i umodsys_lib_basesys:umodsys.basesys.rmodule.obj
 0001:00001650       ??_ERModule@rsystem@base@UModSys@@UAEPAXI@Z 00402650 f i  CIL library: CIL module
 0001:00001660       ??_EIModule@base@UModSys@@UAEPAXI@Z 00402660 f i  CIL library: CIL module
 0001:00001660       ??_GIModule@base@UModSys@@UAEPAXI@Z 00402660 f i umodsys_lib_basesys:umodsys.basesys.rmodule.obj
 0001:00001670       ??1?$TDynarrayDynamic@UModuleObjInfo@RModule@rsystem@base@UModSys@@U?$TAllocator@USMemAlloc_Malloc@core@UModSys@@USCountCalcPower2@23@@tl@5@@tl@UModSys@@QAE@XZ 00402670 f i umodsys_lib_basesys:umodsys.basesys.rmodule.obj
 0001:000016a0       ??1?$TDynarrayDynamic@UGeneratedObjInfo@RModule@rsystem@base@UModSys@@U?$TAllocator@USMemAlloc_Malloc@core@UModSys@@USCountCalcPower2@23@@tl@5@@tl@UModSys@@QAE@XZ 004026a0 f i umodsys_lib_basesys:umodsys.basesys.rmodule.obj
 0001:000016d0       ??1?$TDynarrayDynamic@PBUSUniquePointerInfo@core@UModSys@@U?$TAllocator@USMemAlloc_Malloc@core@UModSys@@USCountCalcPower2@23@@tl@3@@tl@UModSys@@QAE@XZ 004026d0 f i umodsys_lib_basesys:umodsys.basesys.rmodule.obj
 0001:000016e0       ??1?$TDynarray@U?$TDynarrayHolderDynamic@PBUSUniquePointerInfo@core@UModSys@@U?$TAllocator@USMemAlloc_Malloc@core@UModSys@@USCountCalcPower2@23@@tl@3@@tl@UModSys@@@tl@UModSys@@QAE@XZ 004026e0 f i umodsys_lib_basesys:umodsys.basesys.rmodule.obj
 0001:00001750       ?Free@?$TDynarray@U?$TDynarrayHolderDynamic@UModuleObjInfo@RModule@rsystem@base@UModSys@@U?$TAllocator@USMemAlloc_Malloc@core@UModSys@@USCountCalcPower2@23@@tl@5@@tl@UModSys@@@tl@UModSys@@QAE_NXZ 00402750 f i umodsys_lib_basesys:umodsys.basesys.rmodule.obj
 0001:000017c0       ?Free@?$TDynarray@U?$TDynarrayHolderDynamic@UGeneratedObjInfo@RModule@rsystem@base@UModSys@@U?$TAllocator@USMemAlloc_Malloc@core@UModSys@@USCountCalcPower2@23@@tl@5@@tl@UModSys@@@tl@UModSys@@QAE_NXZ 004027c0 f i umodsys_lib_basesys:umodsys.basesys.rmodule.obj
 0001:00001830       ?ReLink@?$TDynarray@U?$TDynarrayHolderDynamic@UModuleObjInfo@RModule@rsystem@base@UModSys@@U?$TAllocator@USMemAlloc_Malloc@core@UModSys@@USCountCalcPower2@23@@tl@5@@tl@UModSys@@@tl@UModSys@@IAE_NI@Z 00402830 f i umodsys_lib_basesys:umodsys.basesys.rmodule.obj
 0001:00001880       ?items_construct@?$TDynarray@U?$TDynarrayHolderDynamic@UModuleObjInfo@RModule@rsystem@base@UModSys@@U?$TAllocator@USMemAlloc_Malloc@core@UModSys@@USCountCalcPower2@23@@tl@5@@tl@UModSys@@@tl@UModSys@@IAEXII@Z 00402880 f i umodsys_lib_basesys:umodsys.basesys.rmodule.obj
 0001:000018c0       ?ReLink@?$TDynarray@U?$TDynarrayHolderDynamic@UGeneratedObjInfo@RModule@rsystem@base@UModSys@@U?$TAllocator@USMemAlloc_Malloc@core@UModSys@@USCountCalcPower2@23@@tl@5@@tl@UModSys@@@tl@UModSys@@IAE_NI@Z 004028c0 f i umodsys_lib_basesys:umodsys.basesys.rmodule.obj
 0001:00001910       ?items_construct@?$TDynarray@U?$TDynarrayHolderDynamic@UGeneratedObjInfo@RModule@rsystem@base@UModSys@@U?$TAllocator@USMemAlloc_Malloc@core@UModSys@@USCountCalcPower2@23@@tl@5@@tl@UModSys@@@tl@UModSys@@IAEXII@Z 00402910 f i umodsys_lib_basesys:umodsys.basesys.rmodule.obj
 0001:00001943       __onexit                   00402943 f   MSVCRT:atonexit.obj
 0001:000019e8       _atexit                    004029e8 f   MSVCRT:atonexit.obj
 0001:00001ca1       _mainCRTStartup            00402ca1 f   MSVCRT:crtexe.obj
 0001:00001cac       __purecall                 00402cac f   MSVCRT:MSVCR90.dll
 0001:00001cb2       ??_Etype_info@@UAEPAXI@Z   00402cb2 f i MSVCRT:ti_inst.obj
 0001:00001cfe       ??3@YAXPAX@Z               00402cfe f   MSVCRT:MSVCR90.dll
 0001:00001d04       __unlock                   00402d04 f   MSVCRT:MSVCR90.dll
 0001:00001d0a       ___dllonexit               00402d0a f   MSVCRT:MSVCR90.dll
 0001:00001d10       __lock                     00402d10 f   MSVCRT:MSVCR90.dll
 0001:00001d18       __SEH_prolog4              00402d18 f   MSVCRT:sehprolg4.obj
 0001:00001d5d       __SEH_epilog4              00402d5d f   MSVCRT:sehprolg4.obj
 0001:00001d71       __except_handler4          00402d71 f   MSVCRT:chandler4gs.obj
 0001:00001d96       ?__CxxUnhandledExceptionFilter@@YGJPAU_EXCEPTION_POINTERS@@@Z 00402d96 f   MSVCRT:unhandld.obj
 0001:00001dd8       ___CxxSetUnhandledExceptionFilter 00402dd8 f   MSVCRT:unhandld.obj
 0001:00001de6       __amsg_exit                00402de6 f   MSVCRT:MSVCR90.dll
 0001:00001dec       __RTC_Initialize           00402dec f   MSVCRT:_initsect_.obj
 0001:00001e12       __RTC_Terminate            00402e12 f   MSVCRT:_initsect_.obj
 0001:00001e38       __XcptFilter               00402e38 f   MSVCRT:MSVCR90.dll
 0001:00001e40       __ValidateImageBase        00402e40 f   MSVCRT:pesect.obj
 0001:00001e80       __FindPESection            00402e80 f   MSVCRT:pesect.obj
 0001:00001ed0       __IsNonwritableInCurrentImage 00402ed0 f   MSVCRT:pesect.obj
 0001:00001f8e       __initterm                 00402f8e f   MSVCRT:MSVCR90.dll
 0001:00001f94       __initterm_e               00402f94 f   MSVCRT:MSVCR90.dll
 0001:00001f9a       __setdefaultprecision      00402f9a f   MSVCRT:fp8.obj
 0001:00001fc5       __setargv                  00402fc5 f   MSVCRT:dllargv.obj
 0001:00001fc5       __matherr                  00402fc5 f   MSVCRT:merr.obj
 0001:00001fc8       ___security_init_cookie    00402fc8 f   MSVCRT:gs_support.obj
 0001:0000205e       ?__ArrayUnwind@@YGXPAXIHP6EX0@Z@Z 0040305e f   MSVCRT:ehvecdtr.obj
 0001:000020bc       ??_M@YGXPAXIHP6EX0@Z@Z     004030bc f   MSVCRT:ehvecdtr.obj
 0001:0000211f       @__security_check_cookie@4 0040311f f   MSVCRT:secchk.obj
 0001:0000212e       __except_handler4_common   0040312e f   MSVCRT:MSVCR90.dll
 0001:00002134       ?terminate@@YAXXZ          00403134 f   MSVCRT:MSVCR90.dll
 0001:0000213a       __invoke_watson            0040313a f   MSVCRT:MSVCR90.dll
 0001:00002140       __controlfp_s              00403140 f   MSVCRT:MSVCR90.dll
 0001:00002146       ?_type_info_dtor_internal_method@type_info@@QAEXXZ 00403146 f   MSVCRT:MSVCR90.dll
 0001:00002146       ??1type_info@@UAE@XZ       00403146 f   MSVCRT:MSVCR90.dll
 0001:0000214c       ___report_gsfailure        0040314c f   MSVCRT:gs_report.obj
 0001:00002252       __crt_debugger_hook        00403252 f   MSVCRT:MSVCR90.dll
 0001:00002260       ?gracial_convert@syshlp@core@UModSys@@YA_NPADHPB_WH@Z 00403260 f   umodsys_lib_core:umodsys.core.syshlp_charcode.win32.obj
 0001:00002290       ?gracial_convert@syshlp@core@UModSys@@YA_NPA_WHPBDH@Z 00403290 f   umodsys_lib_core:umodsys.core.syshlp_charcode.win32.obj
 0001:000022c0       ?path_uni_os@syshlp@core@UModSys@@YAXPA_W@Z 004032c0 f   umodsys_lib_core:umodsys.core.syshlp_chars.win32.obj
 0001:000022e0       ?path_os_uni@syshlp@core@UModSys@@YAXPAD@Z 004032e0 f   umodsys_lib_core:umodsys.core.syshlp_chars.win32.obj
 0001:00002300       ?gracial_cpy@syshlp@core@UModSys@@YA_NPA_WHQAPB_WH@Z 00403300 f   umodsys_lib_core:umodsys.core.syshlp_chars.win32.obj
 0001:000023a0       ?gracial_cpy@syshlp@core@UModSys@@YA_NPADHQAPBDH@Z 004033a0 f   umodsys_lib_core:umodsys.core.syshlp_chars.win32.obj
 0001:00002430       ?suicide@IRoot@core@UModSys@@UAEXXZ 00403430 f   umodsys_lib_core:umodsys.core.objects.obj
 0001:00002440       ??1IRoot@core@UModSys@@UAE@XZ 00403440 f   umodsys_lib_core:umodsys.core.objects.obj
 0001:00002450       ??1IRefObject@core@UModSys@@UAE@XZ 00403450 f   umodsys_lib_core:umodsys.core.objects.obj
 0001:00002460       ??3IRoot@core@UModSys@@SAXPAXABUSIMemAlloc@12@@Z 00403460 f   umodsys_lib_core:umodsys.core.objects.obj
 0001:00002480       ??2IRoot@core@UModSys@@SAPAXIABUSIMemAlloc@12@@Z 00403480 f   umodsys_lib_core:umodsys.core.objects.obj
 0001:00002490       ??0SUniquePtrList@core@UModSys@@QAE@PAPBUSUniquePointerInfo@12@I@Z 00403490 f   umodsys_lib_core:umodsys.core.uniqueptr.obj
 0001:000024b0       ?s_unresolve@SUniquePointer@core@UModSys@@SAXPAUIUniquePointerResolver@23@@Z 004034b0 f   umodsys_lib_core:umodsys.core.uniqueptr.obj
 0001:000024f0       ?s_resolve@SUniquePointer@core@UModSys@@SAXPAUIUniquePointerResolver@23@@Z 004034f0 f   umodsys_lib_core:umodsys.core.uniqueptr.obj
 0001:00002540       ??1SUniquePointer@core@UModSys@@QAE@XZ 00403540 f   umodsys_lib_core:umodsys.core.uniqueptr.obj
 0001:00002570       ??0SUniquePointer@core@UModSys@@QAE@H@Z 00403570 f   umodsys_lib_core:umodsys.core.uniqueptr.obj
 0001:00002590       ??0SUniquePointer@core@UModSys@@QAE@PBD0H@Z 00403590 f   umodsys_lib_core:umodsys.core.uniqueptr.obj
 0001:000025e0       ??1SModuleInfo@base@UModSys@@QAE@XZ 004035e0 f   umodsys_lib_base:umodsys.base.moduleinfo.obj
 0001:000025f0       ??0SModuleInfo@base@UModSys@@QAE@XZ 004035f0 f   umodsys_lib_base:umodsys.base.moduleinfo.obj
 0001:00002610       ??1IModuleLoader@base@UModSys@@UAE@XZ 00403610 f   umodsys_lib_base:umodsys.base.moduleloader.obj
 0001:00002620       ??1SDebug@base@UModSys@@QAE@XZ 00403620 f   umodsys_lib_base:umodsys.base.debug.obj
 0001:00002640       ??0SDebug@base@UModSys@@QAE@PAUIConsole@12@I@Z 00403640 f   umodsys_lib_base:umodsys.base.debug.obj
 0001:00002660       ??1ISystem@base@UModSys@@UAE@XZ 00403660 f   umodsys_lib_base:umodsys.base.system.obj
 0001:00002670       ?Link@SModuleContext@base@UModSys@@QAEXPAUISystem@23@PAUIMemAlloc@core@3@@Z 00403670 f   umodsys_lib_base:umodsys.base.modulecontext.obj
 0001:000026a0       ??1SModuleContext@base@UModSys@@QAE@XZ 004036a0 f   umodsys_lib_base:umodsys.base.modulecontext.obj
 0001:000026b0       ?get_paramworker@SParameters@core@UModSys@@KAPAUIParameters@23@XZ 004036b0 f   umodsys_lib_base:umodsys.base.modulecontext.obj
 0001:000026c0       ??0SModuleContext@base@UModSys@@QAE@XZ 004036c0 f   umodsys_lib_base:umodsys.base.modulecontext.obj
 0001:000026e0       ?scan@RModule@rsystem@base@UModSys@@QAE_NXZ 004036e0 f   umodsys_lib_basesys:umodsys.basesys.rmodule.obj
 0001:00002710       ?mod_findobjname@RModule@rsystem@base@UModSys@@UAEIPBUSUniquePointerInfo@core@4@QAPBU564@I@Z 00403710 f   umodsys_lib_basesys:umodsys.basesys.rmodule.obj
 0001:00002790       ?is_open@RModule@rsystem@base@UModSys@@UBE_NXZ 00403790 f   umodsys_lib_basesys:umodsys.basesys.rmodule.obj
 0001:000027b0       ?get_info@RModule@rsystem@base@UModSys@@UBEABUSModuleInfo@34@XZ 004037b0 f   umodsys_lib_basesys:umodsys.basesys.rmodule.obj
 0001:000027c0       ?get_library@RModule@rsystem@base@UModSys@@UBEPAUIModuleLibrary@34@XZ 004037c0 f   umodsys_lib_basesys:umodsys.basesys.rmodule.obj
 0001:000027d0       ??1RModule@rsystem@base@UModSys@@UAE@XZ 004037d0 f   umodsys_lib_basesys:umodsys.basesys.rmodule.obj
 0001:00002840       ?unreg_obj@RModule@rsystem@base@UModSys@@QAE_NPAUIModObject@34@@Z 00403840 f   umodsys_lib_basesys:umodsys.basesys.rmodule.obj
 0001:000028e0       ?reg_generator@RModule@rsystem@base@UModSys@@QAE_NPAUModuleObjInfo@1234@PAUIGenerator@34@@Z 004038e0 f   umodsys_lib_basesys:umodsys.basesys.rmodule.obj
 0001:00002b20       ?save_db@RModule@rsystem@base@UModSys@@QAE_NPAU_iobuf@@@Z 00403b20 f   umodsys_lib_basesys:umodsys.basesys.rmodule.obj
 0001:00002cd0       ?alloc_minfo@RModule@rsystem@base@UModSys@@QAE_NABUSModuleInfo@34@@Z 00403cd0 f   umodsys_lib_basesys:umodsys.basesys.rmodule.obj
 0001:00002d50       ?reg_obj@RModule@rsystem@base@UModSys@@QAEPAUModuleObjInfo@1234@PAUIModObject@34@@Z 00403d50 f   umodsys_lib_basesys:umodsys.basesys.rmodule.obj
 0001:00002e90       ?mod_generate@RModule@rsystem@base@UModSys@@UAE_NAAU?$TRefObject@UIRefObject@core@UModSys@@@tl@4@PBUSUniquePointerInfo@core@4@ABUSParameters@84@@Z 00403e90 f   umodsys_lib_basesys:umodsys.basesys.rmodule.obj
 0001:00002fb0       ?reg@RModule@rsystem@base@UModSys@@UAE_NPAUIGenerator@34@_N@Z 00403fb0 f   umodsys_lib_basesys:umodsys.basesys.rmodule.obj
 0001:00003000       ?reg@RModule@rsystem@base@UModSys@@UAE_NPAUIModObject@34@_N@Z 00404000 f   umodsys_lib_basesys:umodsys.basesys.rmodule.obj
 0001:00003030       ?close@RModule@rsystem@base@UModSys@@UAE_NXZ 00404030 f   umodsys_lib_basesys:umodsys.basesys.rmodule.obj
 0001:00003080       ?open@RModule@rsystem@base@UModSys@@UAE_NXZ 00404080 f   umodsys_lib_basesys:umodsys.basesys.rmodule.obj
 0001:000030e0       ??0RModule@rsystem@base@UModSys@@QAE@PAURModuleLibrary@123@PAUIModuleReg@23@@Z 004040e0 f   umodsys_lib_basesys:umodsys.basesys.rmodule.obj
 0001:00003190       ?lib_unload@RModuleLibrary@rsystem@base@UModSys@@UAE_NXZ 00404190 f   umodsys_lib_basesys:umodsys.basesys.rmodulelib.obj
 0001:000031b0       ?lib_loaded@RModuleLibrary@rsystem@base@UModSys@@UBE_NXZ 004041b0 f   umodsys_lib_basesys:umodsys.basesys.rmodulelib.obj
 0001:000031c0       ?get_system@RModuleLibrary@rsystem@base@UModSys@@UBEPAUISystem@34@XZ 004041c0 f   umodsys_lib_basesys:umodsys.basesys.rmodulelib.obj
 0001:000031d0       ?get_privmem@RModuleLibrary@rsystem@base@UModSys@@UBEPAUIMemAlloc@core@4@XZ 004041d0 f   umodsys_lib_basesys:umodsys.basesys.rmodulelib.obj
 0001:000031e0       ?s_find_dup@RModuleLibrary@rsystem@base@UModSys@@SAIABU?$TDynarrayDynamic@U?$TRefObject@URModuleLibrary@rsystem@base@UModSys@@@tl@UModSys@@U?$TAllocator@USMemAlloc_Malloc@core@UModSys@@USCountCalcPower2@23@@23@@tl@4@PAUIModuleLibraryReg@34@@Z 004041e0 f   umodsys_lib_basesys:umodsys.basesys.rmodulelib.obj
 0001:00003210       ?unlink@RModuleLibrary@rsystem@base@UModSys@@QAE_NXZ 00404210 f   umodsys_lib_basesys:umodsys.basesys.rmodulelib.obj
 0001:00003250       ?lib_generate@RModuleLibrary@rsystem@base@UModSys@@UAE_NAAU?$TRefObject@UIRefObject@core@UModSys@@@tl@4@PBUSUniquePointerInfo@core@4@ABUSParameters@84@@Z 00404250 f   umodsys_lib_basesys:umodsys.basesys.rmodulelib.obj
 0001:000032a0       ?lib_findobjname@RModuleLibrary@rsystem@base@UModSys@@UAEIPBUSUniquePointerInfo@core@4@QAPBU564@I@Z 004042a0 f   umodsys_lib_basesys:umodsys.basesys.rmodulelib.obj
 0001:00003310       ?lib_free@RModuleLibrary@rsystem@base@UModSys@@UAE_NXZ 00404310 f   umodsys_lib_basesys:umodsys.basesys.rmodulelib.obj
 0001:00003330       ?get_module@RModuleLibrary@rsystem@base@UModSys@@UBEPAUIModule@34@I@Z 00404330 f   umodsys_lib_basesys:umodsys.basesys.rmodulelib.obj
 0001:00003350       ?get_module_count@RModuleLibrary@rsystem@base@UModSys@@UBEIXZ 00404350 f   umodsys_lib_basesys:umodsys.basesys.rmodulelib.obj
 0001:00003360       ?get_sys_libname@RModuleLibrary@rsystem@base@UModSys@@UBE?AU?$TString@U?$TSCoreConst@D@su@tl@UModSys@@U?$TComparerBinaryHash@D@234@@tl@4@XZ 00404360 f   umodsys_lib_basesys:umodsys.basesys.rmodulelib.obj
 0001:00003380       ??0RModuleLibrary@rsystem@base@UModSys@@QAE@PAUISystem@23@PAUPFD_Data@0123@PAUIModuleLibraryReg@23@@Z 00404380 f   umodsys_lib_basesys:umodsys.basesys.rmodulelib.obj
 0001:000033e0       ?save_db@RModuleLibrary@rsystem@base@UModSys@@QAE_NPAU_iobuf@@@Z 004043e0 f   umodsys_lib_basesys:umodsys.basesys.rmodulelib.obj
 0001:00003440       ??1RModuleLibrary@rsystem@base@UModSys@@UAE@XZ 00404440 f   umodsys_lib_basesys:umodsys.basesys.rmodulelib.obj
 0001:00003520       ?link@RModuleLibrary@rsystem@base@UModSys@@QAE_NXZ 00404520 f   umodsys_lib_basesys:umodsys.basesys.rmodulelib.obj
 0001:00003720       ?load0@RModuleLibrary@rsystem@base@UModSys@@QAE_NXZ 00404720 f   umodsys_lib_basesys:umodsys.basesys.rmodulelib.obj
 0001:00003790       ?cleanup@RModuleLibrary@rsystem@base@UModSys@@QAEIXZ 00404790 f   umodsys_lib_basesys:umodsys.basesys.rmodulelib.obj
 0001:000037c0       ?lib_load@RModuleLibrary@rsystem@base@UModSys@@UAE_NXZ 004047c0 f   umodsys_lib_basesys:umodsys.basesys.rmodulelib.obj
 0001:000037e0       ?scan@RModuleLibrary@rsystem@base@UModSys@@QAE_NXZ 004047e0 f   umodsys_lib_basesys:umodsys.basesys.rmodulelib.obj
 0001:00003820       ?s_add@RModuleLibrary@rsystem@base@UModSys@@SA_NPAUISystem@34@AAU?$TDynarrayDynamic@U?$TRefObject@URModuleLibrary@rsystem@base@UModSys@@@tl@UModSys@@U?$TAllocator@USMemAlloc_Malloc@core@UModSys@@USCountCalcPower2@23@@23@@tl@4@PBD@Z 00404820 f   umodsys_lib_basesys:umodsys.basesys.rmodulelib.obj
 0001:000039e0       ?pfd_init@RModuleLibrary@rsystem@base@UModSys@@SA_NPAUPFD_Data@1234@@Z 004049e0 f   umodsys_lib_basesys:umodsys.basesys.rmodule.win32.obj
 0001:000039f0       ?pfd_init@RModuleLibrary@rsystem@base@UModSys@@SA_NPAUPFD_Data@1234@0@Z 004049f0 f   umodsys_lib_basesys:umodsys.basesys.rmodule.win32.obj
 0001:00003a10       ?pfd_unload@RModuleLibrary@rsystem@base@UModSys@@SA_NPAUPFD_Data@1234@@Z 00404a10 f   umodsys_lib_basesys:umodsys.basesys.rmodule.win32.obj
 0001:00003a50       ?pfd_load@RModuleLibrary@rsystem@base@UModSys@@SAPAUIModuleLibraryReg@34@PAUPFD_Data@1234@ABU?$TString@U?$TSCoreConst@D@su@tl@UModSys@@U?$TComparerBinaryHash@D@234@@tl@4@@Z 00404a50 f   umodsys_lib_basesys:umodsys.basesys.rmodule.win32.obj
 0001:00003d60       ?pfd_scan@RModuleLibrary@rsystem@base@UModSys@@SAIPAUISystem@34@AAU?$TDynarrayDynamic@U?$TRefObject@URModuleLibrary@rsystem@base@UModSys@@@tl@UModSys@@U?$TAllocator@USMemAlloc_Malloc@core@UModSys@@USCountCalcPower2@23@@23@@tl@4@ABU?$TString@U?$TSCoreConst@D@su@tl@UModSys@@U?$TComparerBinaryHash@D@234@@74@@Z 00404d60 f   umodsys_lib_basesys:umodsys.basesys.rmodule.win32.obj
 0001:00003db0       ?estimate_size@RParameters@rsystem@base@UModSys@@IAEHAAUElem@1234@HPBDHH@Z 00404db0 f   umodsys_lib_basesys:umodsys.basesys.rparameters.obj
 0001:00003e30       ?p_init_s@RParameters@rsystem@base@UModSys@@UAEXPAUSParametersData@core@4@PAXH@Z 00404e30 f   umodsys_lib_basesys:umodsys.basesys.rparameters.obj
 0001:00003e70       ??1RParameters@rsystem@base@UModSys@@UAE@XZ 00404e70 f   umodsys_lib_basesys:umodsys.basesys.rparameters.obj
 0001:00003e80       ??0RParameters@rsystem@base@UModSys@@QAE@PAUISystem@23@@Z 00404e80 f   umodsys_lib_basesys:umodsys.basesys.rparameters.obj
 0001:00003eb0       ?next@RParameters@rsystem@base@UModSys@@UAE_NPBUSParametersData@core@4@AAU?$TString@U?$TSCoreConst@D@su@tl@UModSys@@U?$TComparerBinaryHash@D@234@@tl@4@@Z 00404eb0 f   umodsys_lib_basesys:umodsys.basesys.rparameters.obj
 0001:00003fb0       ?next@RParameters@rsystem@base@UModSys@@UAE_NPBUSParametersData@core@4@AAPBD@Z 00404fb0 f   umodsys_lib_basesys:umodsys.basesys.rparameters.obj
 0001:00004080       ?p_init@RParameters@rsystem@base@UModSys@@UAEXPAUSParametersData@core@4@H@Z 00405080 f   umodsys_lib_basesys:umodsys.basesys.rparameters.obj
 0001:000040f0       ?alloc_elems@RParameters@rsystem@base@UModSys@@IAEXPAXH@Z 004050f0 f   umodsys_lib_basesys:umodsys.basesys.rparameters.obj
 0001:00004150       ?free_elems@RParameters@rsystem@base@UModSys@@IAEXPAXH@Z 00405150 f   umodsys_lib_basesys:umodsys.basesys.rparameters.obj
 0001:000041c0       ?get_last@RParameters@rsystem@base@UModSys@@IAEPAUElem@1234@PAXHHH@Z 004051c0 f   umodsys_lib_basesys:umodsys.basesys.rparameters.obj
 0001:00004210       ?find_elem@RParameters@rsystem@base@UModSys@@IAEPBUElem@1234@PBXHHHPBD@Z 00405210 f   umodsys_lib_basesys:umodsys.basesys.rparameters.obj
 0001:000042a0       ?get@RParameters@rsystem@base@UModSys@@UAE_NPBUSParametersData@core@4@PBDAAPAUIRefObject@64@@Z 004052a0 f   umodsys_lib_basesys:umodsys.basesys.rparameters.obj
 0001:000042f0       ?get@RParameters@rsystem@base@UModSys@@UAE_NPBUSParametersData@core@4@PBDAAN@Z 004052f0 f   umodsys_lib_basesys:umodsys.basesys.rparameters.obj
 0001:00004340       ?get@RParameters@rsystem@base@UModSys@@UAE_NPBUSParametersData@core@4@PBDAAH@Z 00405340 f   umodsys_lib_basesys:umodsys.basesys.rparameters.obj
 0001:00004390       ?get@RParameters@rsystem@base@UModSys@@UAE_NPBUSParametersData@core@4@PBDAAPBD@Z 00405390 f   umodsys_lib_basesys:umodsys.basesys.rparameters.obj
 0001:000043e0       ?p_init_s@RParameters@rsystem@base@UModSys@@UAEXPAUSParametersData@core@4@ABU564@PAXH@Z 004053e0 f   umodsys_lib_basesys:umodsys.basesys.rparameters.obj
 0001:00004450       ?p_copy@RParameters@rsystem@base@UModSys@@UAEXPAUSParametersData@core@4@ABU564@@Z 00405450 f   umodsys_lib_basesys:umodsys.basesys.rparameters.obj
 0001:00004550       ?p_init@RParameters@rsystem@base@UModSys@@UAEXPAUSParametersData@core@4@ABU564@@Z 00405550 f   umodsys_lib_basesys:umodsys.basesys.rparameters.obj
 0001:00004600       ?p_deinit@RParameters@rsystem@base@UModSys@@UAEXPAUSParametersData@core@4@@Z 00405600 f   umodsys_lib_basesys:umodsys.basesys.rparameters.obj
 0001:00004660       ?add_last@RParameters@rsystem@base@UModSys@@IAE_NPAUSParametersData@core@4@PBDPBXH@Z 00405660 f   umodsys_lib_basesys:umodsys.basesys.rparameters.obj
 0001:00004890       ?add@RParameters@rsystem@base@UModSys@@UAE_NPAUSParametersData@core@4@PBDPAUIRefObject@64@@Z 00405890 f   umodsys_lib_basesys:umodsys.basesys.rparameters.obj
 0001:000048b0       ?add@RParameters@rsystem@base@UModSys@@UAE_NPAUSParametersData@core@4@PBDABN@Z 004058b0 f   umodsys_lib_basesys:umodsys.basesys.rparameters.obj
 0001:000048d0       ?add@RParameters@rsystem@base@UModSys@@UAE_NPAUSParametersData@core@4@PBDH@Z 004058d0 f   umodsys_lib_basesys:umodsys.basesys.rparameters.obj
 0001:000048f0       ?add@RParameters@rsystem@base@UModSys@@UAE_NPAUSParametersData@core@4@PBD1@Z 004058f0 f   umodsys_lib_basesys:umodsys.basesys.rparameters.obj
 0001:00004910       ?get_sca@RSystem@rsystem@base@UModSys@@UAEPAUISourceContextAdapter@core@4@XZ 00405910 f   umodsys_lib_basesys:umodsys.basesys.rsystem.obj
 0001:00004920       ?get_upr@RSystem@rsystem@base@UModSys@@UAEPAUIUniquePointerResolver@core@4@XZ 00405920 f   umodsys_lib_basesys:umodsys.basesys.rsystem.obj
 0001:00004930       ?get_modloader@RSystem@rsystem@base@UModSys@@UAEPAUIModuleLoader@34@XZ 00405930 f   umodsys_lib_basesys:umodsys.basesys.rsystem.obj
 0001:00004940       ?get_syslib@RSystem@rsystem@base@UModSys@@UAEPAUIModuleLibrary@34@XZ 00405940 f   umodsys_lib_basesys:umodsys.basesys.rsystem.obj
 0001:00004950       ?get_sharemem@RSystem@rsystem@base@UModSys@@UAEPAUIMemAlloc@core@4@XZ 00405950 f   umodsys_lib_basesys:umodsys.basesys.rsystem.obj
 0001:00004960       ?get_sysmem@RSystem@rsystem@base@UModSys@@UAEPAUIMemAlloc@core@4@XZ 00405960 f   umodsys_lib_basesys:umodsys.basesys.rsystem.obj
 0001:00004970       ?get_console@RSystem@rsystem@base@UModSys@@UAEPAUIConsole@34@XZ 00405970 f   umodsys_lib_basesys:umodsys.basesys.rsystem.obj
 0001:00004980       ?get_params@RSystem@rsystem@base@UModSys@@UAEPAUIParameters@core@4@XZ 00405980 f   umodsys_lib_basesys:umodsys.basesys.rsystem.obj
 0001:00004990       ?upi_remove@RSystem@rsystem@base@UModSys@@UAEHPBUSUniquePointerInfo@core@4@@Z 00405990 f   umodsys_lib_basesys:umodsys.basesys.rsystem.obj
 0001:000049a0       ?persist_ctx@RSystem@rsystem@base@UModSys@@UAEPBUSSourceContext@core@4@PBU564@@Z 004059a0 f   umodsys_lib_basesys:umodsys.basesys.rsystem.obj
 0001:00004a60       ?upi_add@RSystem@rsystem@base@UModSys@@UAEPBUSUniquePointerInfo@core@4@PBU564@@Z 00405a60 f   umodsys_lib_basesys:umodsys.basesys.rsystem.obj
 0001:00004b20       ?moduledb_load@RModuleLoader@rsystem@base@UModSys@@UAE_NABU?$TString@U?$TSCoreConst@D@su@tl@UModSys@@U?$TComparerBinaryHash@D@234@@tl@4@@Z 00405b20 f   umodsys_lib_basesys:umodsys.basesys.rmoduleloader.obj
 0001:00004b30       ?moduledb_module_get@RModuleLoader@rsystem@base@UModSys@@UBEPAUIModule@34@I@Z 00405b30 f   umodsys_lib_basesys:umodsys.basesys.rmoduleloader.obj
 0001:00004b70       ?moduledb_module_count@RModuleLoader@rsystem@base@UModSys@@UAEIXZ 00405b70 f   umodsys_lib_basesys:umodsys.basesys.rmoduleloader.obj
 0001:00004ba0       ?moduledb_lib_drop@RModuleLoader@rsystem@base@UModSys@@UAE_NPAUIModuleLibrary@34@@Z 00405ba0 f   umodsys_lib_basesys:umodsys.basesys.rmoduleloader.obj
 0001:00004bb0       ?moduledb_lib_get@RModuleLoader@rsystem@base@UModSys@@UBEPAUIModuleLibrary@34@I@Z 00405bb0 f   umodsys_lib_basesys:umodsys.basesys.rmoduleloader.obj
 0001:00004bd0       ?moduledb_lib_count@RModuleLoader@rsystem@base@UModSys@@UAEIXZ 00405bd0 f   umodsys_lib_basesys:umodsys.basesys.rmoduleloader.obj
 0001:00004be0       ?moduledb_generate@RModuleLoader@rsystem@base@UModSys@@UAE_NAAU?$TRefObject@UIRefObject@core@UModSys@@@tl@4@PBUSUniquePointerInfo@core@4@ABUSParameters@84@@Z 00405be0 f   umodsys_lib_basesys:umodsys.basesys.rmoduleloader.obj
 0001:00004c30       ?moduledb_findobjname@RModuleLoader@rsystem@base@UModSys@@UAEIPBUSUniquePointerInfo@core@4@QAPBU564@I@Z 00405c30 f   umodsys_lib_basesys:umodsys.basesys.rmoduleloader.obj
 0001:00004ca0       ?moduledb_clear@RModuleLoader@rsystem@base@UModSys@@UAEXXZ 00405ca0 f   umodsys_lib_basesys:umodsys.basesys.rmoduleloader.obj
 0001:00004d10       ?moduledb_find@RModuleLoader@rsystem@base@UModSys@@UBEPAUIModule@34@ABU?$TString@U?$TSCoreConst@D@su@tl@UModSys@@U?$TComparerBinaryHash@D@234@@tl@4@ABUSVersion@core@4@@Z 00405d10 f   umodsys_lib_basesys:umodsys.basesys.rmoduleloader.obj
 0001:00004de0       ??1RModuleLoader@rsystem@base@UModSys@@UAE@XZ 00405de0 f   umodsys_lib_basesys:umodsys.basesys.rmoduleloader.obj
 0001:00004e50       ??0RModuleLoader@rsystem@base@UModSys@@QAE@PAUISystem@23@@Z 00405e50 f   umodsys_lib_basesys:umodsys.basesys.rmoduleloader.obj
 0001:00004e90       ?cleanup@RModuleLoader@rsystem@base@UModSys@@QAEXXZ 00405e90 f   umodsys_lib_basesys:umodsys.basesys.rmoduleloader.obj
 0001:00004ed0       ?get_string@RModuleLoader@rsystem@base@UModSys@@QAEABU?$TString@U?$TSCoreConst@D@su@tl@UModSys@@U?$TComparerBinaryHash@D@234@@tl@4@ABU564@@Z 00405ed0 f   umodsys_lib_basesys:umodsys.basesys.rmoduleloader.obj
 0001:00004f10       ?moduledb_get_string@RModuleLoader@rsystem@base@UModSys@@UAEABU?$TString@U?$TSCoreConst@D@su@tl@UModSys@@U?$TComparerBinaryHash@D@234@@tl@4@ABU564@@Z 00405f10 f   umodsys_lib_basesys:umodsys.basesys.rmoduleloader.obj
 0001:00004f20       ?moduledb_save@RModuleLoader@rsystem@base@UModSys@@UAE_NABU?$TString@U?$TSCoreConst@D@su@tl@UModSys@@U?$TComparerBinaryHash@D@234@@tl@4@@Z 00405f20 f   umodsys_lib_basesys:umodsys.basesys.rmoduleloader.obj
 0001:00004fa0       ?moduledb_cleanup@RModuleLoader@rsystem@base@UModSys@@UAEIXZ 00405fa0 f   umodsys_lib_basesys:umodsys.basesys.rmoduleloader.obj
 0001:00005070       ?moduledb_scan@RModuleLoader@rsystem@base@UModSys@@UAEIABU?$TString@U?$TSCoreConst@D@su@tl@UModSys@@U?$TComparerBinaryHash@D@234@@tl@4@_N@Z 00406070 f   umodsys_lib_basesys:umodsys.basesys.rmoduleloader.obj
 0001:000050c0       ?set_console@RSystem@rsystem@base@UModSys@@QAEXPAUIConsole@34@@Z 004060c0 f   umodsys_lib_basesys:umodsys.basesys.rsystem_main.obj
 0001:000050f0       ?err_put@rsystem@base@UModSys@@YAXW4eRSystemDebugLevels@123@PBDZZ 004060f0 f   umodsys_lib_basesys:umodsys.basesys.rsystem_main.obj
 0001:00005130       ?dbg_put@rsystem@base@UModSys@@YAXW4eRSystemDebugLevels@123@PBDZZ 00406130 f   umodsys_lib_basesys:umodsys.basesys.rsystem_main.obj
 0001:00005170       ?dump_upis@RSystem@rsystem@base@UModSys@@QAEXXZ 00406170 f   umodsys_lib_basesys:umodsys.basesys.rsystem_main.obj
 0001:00005200       ?find_shells@RSystem@rsystem@base@UModSys@@QAEIQAPBUSUniquePointerInfo@core@4@I@Z 00406200 f   umodsys_lib_basesys:umodsys.basesys.rsystem_main.obj
 0001:00005220       ?exec_main@RSystem@rsystem@base@UModSys@@QAE_NXZ 00406220 f   umodsys_lib_basesys:umodsys.basesys.rsystem_main.obj
 0001:00005240       ?exec_args@RSystem@rsystem@base@UModSys@@QAE_NHPAPAD@Z 00406240 f   umodsys_lib_basesys:umodsys.basesys.rsystem_main.obj
 0001:00005260       ?init@RSystem@rsystem@base@UModSys@@QAE_NXZ 00406260 f   umodsys_lib_basesys:umodsys.basesys.rsystem_main.obj
 0001:000052e0       ??1RSystem@rsystem@base@UModSys@@UAE@XZ 004062e0 f   umodsys_lib_basesys:umodsys.basesys.rsystem_main.obj
 0001:000053a0       ??0RSystem@rsystem@base@UModSys@@QAE@XZ 004063a0 f   umodsys_lib_basesys:umodsys.basesys.rsystem_main.obj
 0001:00005470       ?deinit@RSystem@rsystem@base@UModSys@@QAE_NXZ 00406470 f   umodsys_lib_basesys:umodsys.basesys.rsystem_main.obj
 0001:00005560       ?get_s@RConsole_std@rsystem@base@UModSys@@UAA_NPADIPBDZZ 00406560 f   umodsys_lib_basesys:umodsys.basesys.rconsole_std.obj
 0001:00005570       ?vget_s@RConsole_std@rsystem@base@UModSys@@UAE_NPADIPBD0@Z 00406570 f   umodsys_lib_basesys:umodsys.basesys.rconsole_std.obj
 0001:00005580       ?get_c@RConsole_std@rsystem@base@UModSys@@UAA_NPAHPBDZZ 00406580 f   umodsys_lib_basesys:umodsys.basesys.rconsole_std.obj
 0001:00005590       ?vget_c@RConsole_std@rsystem@base@UModSys@@UAE_NPAHPBDPAD@Z 00406590 f   umodsys_lib_basesys:umodsys.basesys.rconsole_std.obj
 0001:000055a0       ?put@RConsole_std@rsystem@base@UModSys@@UAA_NHPBDZZ 004065a0 f   umodsys_lib_basesys:umodsys.basesys.rconsole_std.obj
 0001:000055f0       ?vput@RConsole_std@rsystem@base@UModSys@@UAE_NHPBDPAD@Z 004065f0 f   umodsys_lib_basesys:umodsys.basesys.rconsole_std.obj
 0001:00005640       ?ref_links@RConsole_std@rsystem@base@UModSys@@UBEHXZ 00406640 f   umodsys_lib_basesys:umodsys.basesys.rconsole_std.obj
 0001:00005650       ?ref_remove@RConsole_std@rsystem@base@UModSys@@UBEXXZ 00406650 f   umodsys_lib_basesys:umodsys.basesys.rconsole_std.obj
 0001:00005660       ?ref_add@RConsole_std@rsystem@base@UModSys@@UBEXXZ 00406660 f   umodsys_lib_basesys:umodsys.basesys.rconsole_std.obj
 0001:00005670       ??0RConsole_std@rsystem@base@UModSys@@QAE@XZ 00406670 f   umodsys_lib_basesys:umodsys.basesys.rconsole_std.obj
 0001:00005690       ?reflect@RConsole_std@rsystem@base@UModSys@@QAE_NPBD@Z 00406690 f   umodsys_lib_basesys:umodsys.basesys.rconsole_std.obj
 0001:000056e0       ??1RConsole_std@rsystem@base@UModSys@@UAE@XZ 004066e0 f   umodsys_lib_basesys:umodsys.basesys.rconsole_std.obj
 0001:00005700       ?c_fopen@syshlp@core@UModSys@@YAPAU_iobuf@@PBD0@Z 00406700 f   umodsys_lib_core:umodsys.core.syshlp_files.win32.obj
 0001:000057a0       ??1IModuleLibrary@base@UModSys@@UAE@XZ 004067a0 f   umodsys_lib_base:umodsys.base.module.obj
 0001:000057b0       ??1IModule@base@UModSys@@UAE@XZ 004067b0 f   umodsys_lib_base:umodsys.base.module.obj
 0001:000057c0       ??1IConsole@base@UModSys@@UAE@XZ 004067c0 f   umodsys_lib_base:umodsys.base.console.obj
 0001:000057d0       ?exec_test_shells@RSystem@rsystem@base@UModSys@@QAE_NXZ 004067d0 f   umodsys_lib_basesys:umodsys.basesys.rsystem_tests.obj
 0001:00005930       ?exec_tests@RSystem@rsystem@base@UModSys@@QAE_NXZ 00406930 f   umodsys_lib_basesys:umodsys.basesys.rsystem_tests.obj
 0001:00005940       _main                      00406940 f   umodsys.c_main.obj
 0001:00005a5a       _memcpy                    00406a5a f   MSVCRT:MSVCR90.dll
 0001:00005a60       __alloca_probe             00406a60     MSVCRT:chkstk.obj
 0001:00005a60       __chkstk                   00406a60 f   MSVCRT:chkstk.obj
 0001:00005a8c       ___CxxFrameHandler3        00406a8c f   MSVCRT:MSVCR90.dll
 0001:00005a92       __CxxThrowException@8      00406a92 f   MSVCRT:MSVCR90.dll
 0002:00000000       __imp__UnhandledExceptionFilter@4 00407000     kernel32:KERNEL32.dll
 0002:00000004       __imp__GetCurrentProcess@0 00407004     kernel32:KERNEL32.dll
 0002:00000008       __imp__TerminateProcess@8  00407008     kernel32:KERNEL32.dll
 0002:0000000c       __imp__GetSystemTimeAsFileTime@4 0040700c     kernel32:KERNEL32.dll
 0002:00000010       __imp__GetCurrentProcessId@0 00407010     kernel32:KERNEL32.dll
 0002:00000014       __imp__GetCurrentThreadId@0 00407014     kernel32:KERNEL32.dll
 0002:00000018       __imp__GetTickCount@0      00407018     kernel32:KERNEL32.dll
 0002:0000001c       __imp__QueryPerformanceCounter@4 0040701c     kernel32:KERNEL32.dll
 0002:00000020       __imp__SetUnhandledExceptionFilter@4 00407020     kernel32:KERNEL32.dll
 0002:00000024       __imp__InterlockedCompareExchange@12 00407024     kernel32:KERNEL32.dll
 0002:00000028       __imp__Sleep@4             00407028     kernel32:KERNEL32.dll
 0002:0000002c       __imp__InterlockedExchange@8 0040702c     kernel32:KERNEL32.dll
 0002:00000030       __imp__MultiByteToWideChar@24 00407030     kernel32:KERNEL32.dll
 0002:00000034       __imp__WideCharToMultiByte@32 00407034     kernel32:KERNEL32.dll
 0002:00000038       __imp__FindNextFileW@8     00407038     kernel32:KERNEL32.dll
 0002:0000003c       __imp__FindClose@4         0040703c     kernel32:KERNEL32.dll
 0002:00000040       __imp__GetProcAddress@8    00407040     kernel32:KERNEL32.dll
 0002:00000044       __imp__LoadLibraryExW@12   00407044     kernel32:KERNEL32.dll
 0002:00000048       __imp__FreeLibrary@4       00407048     kernel32:KERNEL32.dll
 0002:0000004c       __imp__SetErrorMode@4      0040704c     kernel32:KERNEL32.dll
 0002:00000050       __imp__FindFirstFileW@8    00407050     kernel32:KERNEL32.dll
 0002:00000054       __imp__GetFullPathNameW@16 00407054     kernel32:KERNEL32.dll
 0002:00000058       __imp__IsDebuggerPresent@0 00407058     kernel32:KERNEL32.dll
 0002:0000005c       \177KERNEL32_NULL_THUNK_DATA 0040705c     kernel32:KERNEL32.dll
 0002:00000060       __imp__exit                00407060     MSVCRT:MSVCR90.dll
 0002:00000064       __imp____initenv           00407064     MSVCRT:MSVCR90.dll
 0002:00000068       __imp___initterm           00407068     MSVCRT:MSVCR90.dll
 0002:0000006c       __imp___initterm_e         0040706c     MSVCRT:MSVCR90.dll
 0002:00000070       __imp___configthreadlocale 00407070     MSVCRT:MSVCR90.dll
 0002:00000074       __imp____setusermatherr    00407074     MSVCRT:MSVCR90.dll
 0002:00000078       __imp___adjust_fdiv        00407078     MSVCRT:MSVCR90.dll
 0002:0000007c       __imp____p__commode        0040707c     MSVCRT:MSVCR90.dll
 0002:00000080       __imp___XcptFilter         00407080     MSVCRT:MSVCR90.dll
 0002:00000084       __imp____set_app_type      00407084     MSVCRT:MSVCR90.dll
 0002:00000088       __imp___except_handler4_common 00407088     MSVCRT:MSVCR90.dll
 0002:0000008c       __imp_?terminate@@YAXXZ    0040708c     MSVCRT:MSVCR90.dll
 0002:00000090       __imp___invoke_watson      00407090     MSVCRT:MSVCR90.dll
 0002:00000094       __imp___controlfp_s        00407094     MSVCRT:MSVCR90.dll
 0002:00000098       __imp_?_type_info_dtor_internal_method@type_info@@QAEXXZ 00407098     MSVCRT:MSVCR90.dll
 0002:0000009c       __imp___crt_debugger_hook  0040709c     MSVCRT:MSVCR90.dll
 0002:000000a0       __imp___exit               004070a0     MSVCRT:MSVCR90.dll
 0002:000000a4       __imp___cexit              004070a4     MSVCRT:MSVCR90.dll
 0002:000000a8       __imp____getmainargs       004070a8     MSVCRT:MSVCR90.dll
 0002:000000ac       __imp___amsg_exit          004070ac     MSVCRT:MSVCR90.dll
 0002:000000b0       __imp___decode_pointer     004070b0     MSVCRT:MSVCR90.dll
 0002:000000b4       __imp___onexit             004070b4     MSVCRT:MSVCR90.dll
 0002:000000b8       __imp___lock               004070b8     MSVCRT:MSVCR90.dll
 0002:000000bc       __imp___encode_pointer     004070bc     MSVCRT:MSVCR90.dll
 0002:000000c0       __imp____dllonexit         004070c0     MSVCRT:MSVCR90.dll
 0002:000000c4       __imp___unlock             004070c4     MSVCRT:MSVCR90.dll
 0002:000000c8       __imp___wfopen             004070c8     MSVCRT:MSVCR90.dll
 0002:000000cc       __imp__realloc             004070cc     MSVCRT:MSVCR90.dll
 0002:000000d0       __imp__fprintf             004070d0     MSVCRT:MSVCR90.dll
 0002:000000d4       __imp__strncpy             004070d4     MSVCRT:MSVCR90.dll
 0002:000000d8       __imp__strncmp             004070d8     MSVCRT:MSVCR90.dll
 0002:000000dc       __imp_??3@YAXPAX@Z         004070dc     MSVCRT:MSVCR90.dll
 0002:000000e0       __imp___snprintf           004070e0     MSVCRT:MSVCR90.dll
 0002:000000e4       __imp__malloc              004070e4     MSVCRT:MSVCR90.dll
 0002:000000e8       __imp__free                004070e8     MSVCRT:MSVCR90.dll
 0002:000000ec       __imp__fclose              004070ec     MSVCRT:MSVCR90.dll
 0002:000000f0       __imp__vfprintf            004070f0     MSVCRT:MSVCR90.dll
 0002:000000f4       __imp___purecall           004070f4     MSVCRT:MSVCR90.dll
 0002:000000f8       __imp____p__fmode          004070f8     MSVCRT:MSVCR90.dll
 0002:000000fc       __imp____iob_func          004070fc     MSVCRT:MSVCR90.dll
 0002:00000100       __imp__memcpy              00407100     MSVCRT:MSVCR90.dll
 0002:00000104       __imp____CxxFrameHandler3  00407104     MSVCRT:MSVCR90.dll
 0002:00000108       __imp___CxxThrowException@8 00407108     MSVCRT:MSVCR90.dll
 0002:0000010c       \177MSVCR90_NULL_THUNK_DATA 0040710c     MSVCRT:MSVCR90.dll
 0002:00000110       ___xc_a                    00407110     MSVCRT:cinitexe.obj
 0002:00000168       ___xc_z                    00407168     MSVCRT:cinitexe.obj
 0002:0000016c       ___xi_a                    0040716c     MSVCRT:cinitexe.obj
 0002:00000178       ___xi_z                    00407178     MSVCRT:cinitexe.obj
 0002:00000184       ??_7type_info@@6B@         00407184     MSVCRT:ti_inst.obj
 0002:00000190       ??_C@_0P@GHFPNOJB@bad?5allocation?$AA@ 00407190     umodsys.c_main.obj
 0002:000001a0       ??_C@_0BF@OCNNAADO@UModSys?3?3core?3?3IRoot?$AA@ 004071a0     umodsys.c_main.obj
 0002:000001b8       ??_C@_0BK@EMIJFOPA@UModSys?3?3core?3?3IRefObject?$AA@ 004071b8     umodsys.c_main.obj
 0002:000001d4       ??_C@_0BL@IOMMHELF@UModSys?3?3core?3?3IParameters?$AA@ 004071d4     umodsys.c_main.obj
 0002:000001f0       ??_C@_0BI@IKAOEFAP@UModSys?3?3base?3?3IConsole?$AA@ 004071f0     umodsys.c_main.obj
 0002:00000208       ??_C@_0BH@LKDEEPPM@UModSys?3?3base?3?3IModule?$AA@ 00407208     umodsys.c_main.obj
 0002:00000220       ??_C@_0BO@PHJOHFCB@UModSys?3?3base?3?3IModuleLibrary?$AA@ 00407220     umodsys.c_main.obj
 0002:00000240       ??_C@_0BH@PFCONEJJ@UModSys?3?3base?3?3ISystem?$AA@ 00407240     umodsys.c_main.obj
 0002:00000258       ??_C@_0BK@FDPIOPHG@UModSys?3?3base?3?3IModObject?$AA@ 00407258     umodsys.c_main.obj
 0002:00000274       ??_C@_0BK@OIBKNCKJ@UModSys?3?3base?3?3IGenerator?$AA@ 00407274     umodsys.c_main.obj
 0002:00000290       ??_C@_0BG@PJBGCMEC@UModSys?3?3base?3?3IShell?$AA@ 00407290     umodsys.c_main.obj
 0002:000002a8       ??_C@_0CA@MDFMKLLN@UModSys?3?3base?3?3rsystem?3?3RModule?$AA@ 004072a8     umodsys.c_main.obj
 0002:000002c8       ??_C@_0CH@CHECIBOC@UModSys?3?3base?3?3rsystem?3?3RModuleL@ 004072c8     umodsys.c_main.obj
 0002:000002f0       ??_C@_0CE@IHGMMEEA@UModSys?3?3base?3?3rsystem?3?3RParamet@ 004072f0     umodsys.c_main.obj
 0002:00000314       ??_C@_0CA@IMEGDANI@UModSys?3?3base?3?3rsystem?3?3RSystem?$AA@ 00407314     umodsys.c_main.obj
 0002:00000334       ??_C@_0CF@KIMLNODL@UModSys?3?3base?3?3rsystem?3?3RConsole@ 00407334     umodsys.c_main.obj
 0002:0000035c       ??_C@_0M@DCEPEPFJ@umodsys?4log?$AA@ 0040735c     umodsys.c_main.obj
 0002:00000368       ??_C@_00CNPNBAHC@?$AA@     00407368     umodsys.c_main.obj
 0002:0000036c       ??_C@_01NBENCBCI@?$CK?$AA@ 0040736c     umodsys.c_main.obj
 0002:00000370       ??_C@_0BC@JABDEAFI@moduledb?4conf?9hdb?$AA@ 00407370     umodsys.c_main.obj
 0002:00000384       ??_C@_08FCBDOIAH@typeinfo?$AA@ 00407384     umodsys.c_main.obj
 0002:00000390       ??_C@_02BKFDOEMK@wt?$AA@   00407390     umodsys_lib_basesys:umodsys.basesys.rconsole_std.obj
 0002:00000398       ??_7IRoot@core@UModSys@@6B@ 00407398     umodsys_lib_basesys:umodsys.basesys.rconsole_std.obj
 0002:000003b8       ??_7IRefObject@core@UModSys@@6B@ 004073b8     umodsys_lib_basesys:umodsys.basesys.rconsole_std.obj
 0002:000003e4       ??_7IConsole@base@UModSys@@6B@ 004073e4     umodsys_lib_basesys:umodsys.basesys.rconsole_std.obj
 0002:0000042c       ??_7RConsole_std@rsystem@base@UModSys@@6B@ 0040742c     umodsys_lib_basesys:umodsys.basesys.rconsole_std.obj
 0002:0000046c       ??_C@_04HIBGFPH@NULL?$AA@  0040746c     umodsys_lib_basesys:umodsys.basesys.rsystem_main.obj
 0002:00000474       ??_C@_0L@FPKIMPHA@?$CD?$CF08x?5?$CC?$CFs?$CC?$AA@ 00407474     umodsys_lib_basesys:umodsys.basesys.rsystem_main.obj
 0002:00000480       ??_C@_0BC@HBJCAHHB@EFatal?5?$CD?$CF08x?5?$CC?$CFs?$CC?$AA@ 00407480     umodsys_lib_basesys:umodsys.basesys.rsystem_main.obj
 0002:00000494       ??_C@_0BE@IIJFBNID@EWarning?5?$CD?$CF08x?5?$CC?$CFs?$CC?$AA@ 00407494     umodsys_lib_basesys:umodsys.basesys.rsystem_main.obj
 0002:000004a8       ??_C@_0BB@KFMJENMO@RSystem?3?3init?$CI?$CJ?6?$AA@ 004074a8     umodsys_lib_basesys:umodsys.basesys.rsystem_main.obj
 0002:000004bc       ??_C@_0BI@FKDCNCM@RSystem?3?3exec_args?$CI?$CFd?$CJ?6?$AA@ 004074bc     umodsys_lib_basesys:umodsys.basesys.rsystem_main.obj
 0002:000004d4       ??_C@_0BG@NFAKDFBG@RSystem?3?3exec_main?$CI?$CJ?6?$AA@ 004074d4     umodsys_lib_basesys:umodsys.basesys.rsystem_main.obj
 0002:000004ec       ??_C@_0BD@CKNOJECK@RSystem?3?3deinit?$CI?$CJ?6?$AA@ 004074ec     umodsys_lib_basesys:umodsys.basesys.rsystem_main.obj
 0002:00000500       ??_C@_0CF@JPBAHPOH@RSystem?3?3dump_upis?$CI?$CJ?5?$HLS?3?$CFd?5C?3?$CFd?$HN@ 00407500     umodsys_lib_basesys:umodsys.basesys.rsystem_main.obj
 0002:00000528       ??_C@_0P@IOHPGEIC@?5?5?$CFu?5upi?5NULL?6?$AA@ 00407528     umodsys_lib_basesys:umodsys.basesys.rsystem_main.obj
 0002:00000538       ??_C@_0BI@BNCFOLP@?5?5?$CFu?5?$CFp?5upi?$HL?$CFs?5?$CFs?$CI?$CFd?$CJ?$HN?6?$AA@ 00407538     umodsys_lib_basesys:umodsys.basesys.rsystem_main.obj
 0002:00000550       ??_C@_0BJ@LINIAOAF@RSystem?3?3dump_upis?$CI?$CJ?5?1?5?6?$AA@ 00407550     umodsys_lib_basesys:umodsys.basesys.rsystem_main.obj
 0002:00000570       ??_7EExceptionBase@core@UModSys@@6B@ 00407570     umodsys_lib_basesys:umodsys.basesys.rsystem_main.obj
 0002:0000057c       ??_7EFatal@core@UModSys@@6B@ 0040757c     umodsys_lib_basesys:umodsys.basesys.rsystem_main.obj
 0002:00000588       ??_7EWarning@core@UModSys@@6B@ 00407588     umodsys_lib_basesys:umodsys.basesys.rsystem_main.obj
 0002:00000594       ??_7ISystem@base@UModSys@@6B@ 00407594     umodsys_lib_basesys:umodsys.basesys.rsystem_main.obj
 0002:000005d4       ??_7?$TRMemAlloc_CC@U?$TMemAllocHeader@USMagic@mem_headers@rsystem@base@UModSys@@U?$TPool@X@2345@USDebug@2345@UVoid@core@5@@rsystem@base@UModSys@@USMemAlloc_Malloc@core@4@@rsystem@base@UModSys@@6B@ 004075d4     umodsys_lib_basesys:umodsys.basesys.rsystem_main.obj
 0002:000005e4       ??_7RSystem@rsystem@base@UModSys@@6BISystem@23@@ 004075e4     umodsys_lib_basesys:umodsys.basesys.rsystem_main.obj
 0002:00000624       ??_7RSystem@rsystem@base@UModSys@@6BIUniquePointerResolver@core@3@@ 00407624     umodsys_lib_basesys:umodsys.basesys.rsystem_main.obj
 0002:00000630       ??_7RSystem@rsystem@base@UModSys@@6BISourceContextAdapter@core@3@@ 00407630     umodsys_lib_basesys:umodsys.basesys.rsystem_main.obj
 0002:00000634       ??_C@_0BC@NNHIIPO@shells?5found?3?5?$CFd?6?$AA@ 00407634     umodsys_lib_basesys:umodsys.basesys.rsystem_tests.obj
 0002:00000648       ??_C@_0BA@EBBPOIJG@?5?5shell?3?5?$CFp?5?$CFs?6?$AA@ 00407648     umodsys_lib_basesys:umodsys.basesys.rsystem_tests.obj
 0002:00000658       ??_C@_0BF@JPMHOAKE@?5?5?5?5shell?5gen?5error?6?$AA@ 00407658     umodsys_lib_basesys:umodsys.basesys.rsystem_tests.obj
 0002:00000670       ??_C@_0BL@NANLGMEE@?5?5?5?5shell?5generated?5as?5?$CFp?6?$AA@ 00407670     umodsys_lib_basesys:umodsys.basesys.rsystem_tests.obj
 0002:0000068c       ??_C@_0BD@NFNPGOAG@?1shells?5found?3?5?$CFd?6?$AA@ 0040768c     umodsys_lib_basesys:umodsys.basesys.rsystem_tests.obj
 0002:000006a0       ??_C@_0DG@DMGFJEPO@RModuleLoader?3?3moduledb_cleanup?$CI@ 004076a0     umodsys_lib_basesys:umodsys.basesys.rmoduleloader.obj
 0002:000006d8       ??_C@_02GMLFBBN@wb?$AA@    004076d8     umodsys_lib_basesys:umodsys.basesys.rmoduleloader.obj
 0002:000006dc       ??_C@_0BN@BDEAMLC@?$CD?5LIST?5OF?5LIBRARY?5MODULES?3?6?6?$AA@ 004076dc     umodsys_lib_basesys:umodsys.basesys.rmoduleloader.obj
 0002:000006fc       ??_C@_0BF@PLOHEFDA@?5?$HL?5mod_list?$DN?$CFd?3?$FL?$FN?5?$HN?6?$AA@ 004076fc     umodsys_lib_basesys:umodsys.basesys.rmoduleloader.obj
 0002:0000071c       ??_7IModuleLoader@base@UModSys@@6B@ 0040771c     umodsys_lib_basesys:umodsys.basesys.rmoduleloader.obj
 0002:0000075c       ??_7RModuleLoader@rsystem@base@UModSys@@6B@ 0040775c     umodsys_lib_basesys:umodsys.basesys.rmoduleloader.obj
 0002:0000079c       ??_7RParameters@rsystem@base@UModSys@@6B@ 0040779c     umodsys_lib_basesys:umodsys.basesys.rparameters.obj
 0002:00000804       ??_C@_0BJ@IHGOMCFA@_UModSys_Plugin_Entry2?$EA0?$AA@ 00407804     umodsys_lib_basesys:umodsys.basesys.rmodule.win32.obj
 0002:00000820       ??_C@_0CI@IABKIJLA@?5?5?5?5?5?5?5?5?5?5load?5so?$CI?$CC?$CFs?$CC?$CJ?5?$HL?$CFp?0?5?$CFp?$HN@ 00407820     umodsys_lib_basesys:umodsys.basesys.rmodule.win32.obj
 0002:00000848       ??_C@_0BP@EBMDLOGD@?5?5?5?5?5?5?5?5?5?5unload?5so?$CI?$HL?$CFp?0?5?$CFp?$HN?$CJ?6?$AA@ 00407848     umodsys_lib_basesys:umodsys.basesys.rmodule.win32.obj
 0002:00000868       ??_C@_0BB@GJHPNFEC@scan?5so?3?5?$CC?$CFs?$CFs?$CC?6?$AA@ 00407868     umodsys_lib_basesys:umodsys.basesys.rmodule.win32.obj
 0002:0000087c       ??_C@_0N@LFKMDJGP@?5?5so?3?5?$CC?$CFls?$CC?6?$AA@ 0040787c     umodsys_lib_basesys:umodsys.basesys.rmodule.win32.obj
 0002:0000088c       ??_C@_0BC@GMLCPHOK@?1scan?5so?3?5?$CC?$CFs?$CFs?$CC?6?$AA@ 0040788c     umodsys_lib_basesys:umodsys.basesys.rmodule.win32.obj
 0002:000008a0       ??_C@_04HLONOPDM@?4dll?$AA@ 004078a0     umodsys_lib_basesys:umodsys.basesys.rmodule.win32.obj
 0002:000008a8       ??_C@_0CK@FNJGHFOD@RModuleLibrary?$CI?$CFp?$CJ?3?3link?$CI?$CJ?5?9?9?5ad@ 004078a8     umodsys_lib_basesys:umodsys.basesys.rmodulelib.obj
 0002:000008d4       ??_C@_0BA@LBGMEMKJ@LIBRARY?5?$CC?$CFs?$CC?5?$HL?6?$AA@ 004078d4     umodsys_lib_basesys:umodsys.basesys.rmodulelib.obj
 0002:000008e4       ??_C@_0BH@CLNAAMEM@?$HN?5?$CD?5END?5LIBRARY?5?$CC?$CFs?$CC?6?6?$AA@ 004078e4     umodsys_lib_basesys:umodsys.basesys.rmodulelib.obj
 0002:000008fc       ??_C@_0M@KEHKBKEH@?5?5so?3?5?$CC?$CFs?$CC?6?$AA@ 004078fc     umodsys_lib_basesys:umodsys.basesys.rmodulelib.obj
 0002:00000908       ??_C@_0BF@IKAEAMGP@?5?5?5?5so?5loaded?3?5?$CC?$CFs?$CC?6?$AA@ 00407908     umodsys_lib_basesys:umodsys.basesys.rmodulelib.obj
 0002:00000920       ??_C@_0O@MCPOKEFF@?5?5?5?5so?5added?6?$AA@ 00407920     umodsys_lib_basesys:umodsys.basesys.rmodulelib.obj
 0002:00000930       ??_C@_0BE@BFONLBBI@?5?5?5?5so?5dup?5with?5?$CFd?6?$AA@ 00407930     umodsys_lib_basesys:umodsys.basesys.rmodulelib.obj
 0002:0000094c       ??_7IModuleLibrary@base@UModSys@@6B@ 0040794c     umodsys_lib_basesys:umodsys.basesys.rmodulelib.obj
 0002:000009a4       ??_7RModuleLibrary@rsystem@base@UModSys@@6B@ 004079a4     umodsys_lib_basesys:umodsys.basesys.rmodulelib.obj
 0002:000009f8       ??_C@_0BF@KDHHIHAN@RModule?$CI?$CFp?$CJ?3?3open?$CI?$CJ?6?$AA@ 004079f8     umodsys_lib_basesys:umodsys.basesys.rmodule.obj
 0002:00000a10       ??_C@_0BG@HADBHJOP@RModule?$CI?$CFp?$CJ?3?3close?$CI?$CJ?6?$AA@ 00407a10     umodsys_lib_basesys:umodsys.basesys.rmodule.obj
 0002:00000a28       ??_C@_0BK@FNONNOFM@RModule?$CI?$CFp?$CJ?3?3?5pre?9loaded?6?$AA@ 00407a28     umodsys_lib_basesys:umodsys.basesys.rmodule.obj
 0002:00000a44       ??_C@_0CE@HBBEEAED@RModule?$CI?$CFp?$CJ?3?3generate?$CI?$CJ?5?$HL?5gen?$DN?$CFp@ 00407a44     umodsys_lib_basesys:umodsys.basesys.rmodule.obj
 0002:00000a68       ??_C@_0DL@FHDKGKAD@RModule?$CI?$CFp?$CJ?3?3reg_generator?$CI?$CFs?5?$CFp@ 00407a68     umodsys_lib_basesys:umodsys.basesys.rmodule.obj
 0002:00000aa4       ??_C@_0DL@ECFHLNEB@RModule?$CI?$CFp?$CJ?3?3reg_generator?$CI?$CFs?5?$CFp@ 00407aa4     umodsys_lib_basesys:umodsys.basesys.rmodule.obj
 0002:00000ae0       ??_C@_0DI@EBNLDEPD@RModule?$CI?$CFp?$CJ?3?3reg_obj?$CI?$CFs?5?$CFp?$CJ?5?9?9?5?$HL@ 00407ae0     umodsys_lib_basesys:umodsys.basesys.rmodule.obj
 0002:00000b18       ??_C@_0GC@IAELDHPB@RModule?$CI?$CFp?$CJ?3?3reg_obj?$CI?$CFs?5?$CFp?$CJ?5?9?9?5i@ 00407b18     umodsys_lib_basesys:umodsys.basesys.rmodule.obj
 0002:00000b7c       ??_C@_0CM@JCLMIGEB@RModule?$CI?$CFp?$CJ?3?3reg_obj?$CI?$CFs?5?$CFp?$CJ?5?9?9?5a@ 00407b7c     umodsys_lib_basesys:umodsys.basesys.rmodule.obj
 0002:00000ba8       ??_C@_0DK@NJCECDIC@RModule?$CI?$CFp?$CJ?3?3unreg_obj?$CI?$CFs?5?$CFp?$CJ?5?9?9@ 00407ba8     umodsys_lib_basesys:umodsys.basesys.rmodule.obj
 0002:00000be8       ??_C@_0GE@MGLAJHFG@RModule?$CI?$CFp?$CJ?3?3unreg_obj?$CI?$CFs?5?$CFp?$CJ?5?9?9@ 00407be8     umodsys_lib_basesys:umodsys.basesys.rmodule.obj
 0002:00000c4c       ??_C@_0CO@DAMPCAGA@RModule?3?3alloc_minfo?$CI?$HL?$CC?$CFs?$CC?0?5?$CC?$CFs?$CC@ 00407c4c     umodsys_lib_basesys:umodsys.basesys.rmodule.obj
 0002:00000c7c       ??_C@_0BG@HANHHGHE@?5?5MODULE?5?$CFs?$CI?$CFd?0?$CFd?$CJ?5?$HL?6?$AA@ 00407c7c     umodsys_lib_basesys:umodsys.basesys.rmodule.obj
 0002:00000c94       ??_C@_0CI@FMDENPAM@RModule?$CI?$CFp?$CJ?3?3save_db?$CI?4?4?4?$CJ?5?9?9?5?$HL?5?$CF@ 00407c94     umodsys_lib_basesys:umodsys.basesys.rmodule.obj
 0002:00000cbc       ??_C@_0BN@CFNKPKCH@?5?5?5?5MODOBJECT?5?$CFs?$CI?$CFd?$CJ?5?$CFs?$CI?$CFd?$CJ?6?$AA@ 00407cbc     umodsys_lib_basesys:umodsys.basesys.rmodule.obj
 0002:00000cdc       ??_C@_0BP@BJFGMFNK@?5?5?5?5GENERATOR?5?$CFs?$CI?$CFd?$CJ?5?$CFs?$CI?$CFd?$CJ?5?$HL?6?$AA@ 00407cdc     umodsys_lib_basesys:umodsys.basesys.rmodule.obj
 0002:00000cfc       ??_C@_0BK@DNNMLLHP@?5?5?5?5?5?5REFOBJECT?5?$CFs?$CI?$CFd?$CJ?5?$HL?6?$AA@ 00407cfc     umodsys_lib_basesys:umodsys.basesys.rmodule.obj
 0002:00000d18       ??_C@_0BF@CJPCFEEB@?5?5?5?5?5?5?5?5TYPE?5?$CFs?$CI?$CFd?$CJ?6?$AA@ 00407d18     umodsys_lib_basesys:umodsys.basesys.rmodule.obj
 0002:00000d30       ??_C@_0BM@PFPEFHDC@?5?5?5?5?5?5?$HN?5?$CD?5REFOBJECT?5?$CFs?$CI?$CFd?$CJ?6?$AA@ 00407d30     umodsys_lib_basesys:umodsys.basesys.rmodule.obj
 0002:00000d4c       ??_C@_0CB@PCDHJLII@?5?5?5?5?$HN?5?$CD?5GENERATOR?5?$CFs?$CI?$CFd?$CJ?5?$CFs?$CI?$CFd?$CJ?6@ 00407d4c     umodsys_lib_basesys:umodsys.basesys.rmodule.obj
 0002:00000d70       ??_C@_0BI@OGBPJMLO@?5?5?$HN?5?$CD?5MODULE?5?$CFs?$CI?$CFd?0?$CFd?$CJ?6?$AA@ 00407d70     umodsys_lib_basesys:umodsys.basesys.rmodule.obj
 0002:00000d8c       ??_7IModule@base@UModSys@@6B@ 00407d8c     umodsys_lib_basesys:umodsys.basesys.rmodule.obj
 0002:00000ddc       ??_7RModule@rsystem@base@UModSys@@6B@ 00407ddc     umodsys_lib_basesys:umodsys.basesys.rmodule.obj
 0002:00000e28       __load_config_used         00407e28     MSVCRT:loadcfg.obj
 0002:00000e70       ??_R4type_info@@6B@        00407e70     MSVCRT:ti_inst.obj
 0002:00000e84       ??_R3type_info@@8          00407e84     MSVCRT:ti_inst.obj
 0002:00000e94       ??_R2type_info@@8          00407e94     MSVCRT:ti_inst.obj
 0002:00000e9c       ??_R1A@?0A@EA@type_info@@8 00407e9c     MSVCRT:ti_inst.obj
 0002:00000eb8       ??_R4RConsole_std@rsystem@base@UModSys@@6B@ 00407eb8     umodsys_lib_basesys:umodsys.basesys.rconsole_std.obj
 0002:00000ecc       ??_R3RConsole_std@rsystem@base@UModSys@@8 00407ecc     umodsys_lib_basesys:umodsys.basesys.rconsole_std.obj
 0002:00000edc       ??_R2RConsole_std@rsystem@base@UModSys@@8 00407edc     umodsys_lib_basesys:umodsys.basesys.rconsole_std.obj
 0002:00000ef0       ??_R1A@?0A@EA@RConsole_std@rsystem@base@UModSys@@8 00407ef0     umodsys_lib_basesys:umodsys.basesys.rconsole_std.obj
 0002:00000f0c       ??_R4IConsole@base@UModSys@@6B@ 00407f0c     umodsys_lib_basesys:umodsys.basesys.rconsole_std.obj
 0002:00000f20       ??_R3IConsole@base@UModSys@@8 00407f20     umodsys_lib_basesys:umodsys.basesys.rconsole_std.obj
 0002:00000f30       ??_R2IConsole@base@UModSys@@8 00407f30     umodsys_lib_basesys:umodsys.basesys.rconsole_std.obj
 0002:00000f40       ??_R1A@?0A@EA@IConsole@base@UModSys@@8 00407f40     umodsys_lib_basesys:umodsys.basesys.rconsole_std.obj
 0002:00000f5c       ??_R4IRefObject@core@UModSys@@6B@ 00407f5c     umodsys_lib_basesys:umodsys.basesys.rconsole_std.obj
 0002:00000f70       ??_R3IRefObject@core@UModSys@@8 00407f70     umodsys_lib_basesys:umodsys.basesys.rconsole_std.obj
 0002:00000f80       ??_R2IRefObject@core@UModSys@@8 00407f80     umodsys_lib_basesys:umodsys.basesys.rconsole_std.obj
 0002:00000f8c       ??_R1A@?0A@EA@IRefObject@core@UModSys@@8 00407f8c     umodsys_lib_basesys:umodsys.basesys.rconsole_std.obj
 0002:00000fa8       ??_R4IRoot@core@UModSys@@6B@ 00407fa8     umodsys_lib_basesys:umodsys.basesys.rconsole_std.obj
 0002:00000fbc       ??_R3IRoot@core@UModSys@@8 00407fbc     umodsys_lib_basesys:umodsys.basesys.rconsole_std.obj
 0002:00000fcc       ??_R2IRoot@core@UModSys@@8 00407fcc     umodsys_lib_basesys:umodsys.basesys.rconsole_std.obj
 0002:00000fd4       ??_R1A@?0A@EA@IRoot@core@UModSys@@8 00407fd4     umodsys_lib_basesys:umodsys.basesys.rconsole_std.obj
 0002:00000ff0       ??_R4RSystem@rsystem@base@UModSys@@6BISourceContextAdapter@core@3@@ 00407ff0     umodsys_lib_basesys:umodsys.basesys.rsystem_main.obj
 0002:00001004       ??_R4RSystem@rsystem@base@UModSys@@6BIUniquePointerResolver@core@3@@ 00408004     umodsys_lib_basesys:umodsys.basesys.rsystem_main.obj
 0002:00001018       ??_R4RSystem@rsystem@base@UModSys@@6BISystem@23@@ 00408018     umodsys_lib_basesys:umodsys.basesys.rsystem_main.obj
 0002:0000102c       ??_R3RSystem@rsystem@base@UModSys@@8 0040802c     umodsys_lib_basesys:umodsys.basesys.rsystem_main.obj
 0002:0000103c       ??_R2RSystem@rsystem@base@UModSys@@8 0040803c     umodsys_lib_basesys:umodsys.basesys.rsystem_main.obj
 0002:00001054       ??_R17?0A@EA@ISourceContextAdapter@core@UModSys@@8 00408054     umodsys_lib_basesys:umodsys.basesys.rsystem_main.obj
 0002:00001070       ??_R13?0A@EA@IUniquePointerResolver@core@UModSys@@8 00408070     umodsys_lib_basesys:umodsys.basesys.rsystem_main.obj
 0002:0000108c       ??_R1A@?0A@EA@RSystem@rsystem@base@UModSys@@8 0040808c     umodsys_lib_basesys:umodsys.basesys.rsystem_main.obj
 0002:000010a8       ??_R4?$TRMemAlloc_CC@U?$TMemAllocHeader@USMagic@mem_headers@rsystem@base@UModSys@@U?$TPool@X@2345@USDebug@2345@UVoid@core@5@@rsystem@base@UModSys@@USMemAlloc_Malloc@core@4@@rsystem@base@UModSys@@6B@ 004080a8     umodsys_lib_basesys:umodsys.basesys.rsystem_main.obj
 0002:000010bc       ??_R3?$TRMemAlloc_CC@U?$TMemAllocHeader@USMagic@mem_headers@rsystem@base@UModSys@@U?$TPool@X@2345@USDebug@2345@UVoid@core@5@@rsystem@base@UModSys@@USMemAlloc_Malloc@core@4@@rsystem@base@UModSys@@8 004080bc     umodsys_lib_basesys:umodsys.basesys.rsystem_main.obj
[...]
 0003:0000024c       ??_R0?AUIUniquePointerResolver@core@UModSys@@@8 0040924c     umodsys_lib_basesys:umodsys.basesys.rsystem_main.obj
 0003:00000280       ??_R0?AUISourceContextAdapter@core@UModSys@@@8 00409280     umodsys_lib_basesys:umodsys.basesys.rsystem_main.obj
 0003:000002b4       ??_R0?AUISystem@base@UModSys@@@8 004092b4     umodsys_lib_basesys:umodsys.basesys.rsystem_main.obj
 0003:000002d8       ??_R0?AUIMemAlloc@core@UModSys@@@8 004092d8     umodsys_lib_basesys:umodsys.basesys.rsystem_main.obj
 0003:00000300       ??_R0?AUEFatal@core@UModSys@@@8 00409300     umodsys_lib_basesys:umodsys.basesys.rsystem_main.obj
 0003:00000324       ??_R0?AUEExceptionBase@core@UModSys@@@8 00409324     umodsys_lib_basesys:umodsys.basesys.rsystem_main.obj
 0003:00000350       ??_R0?AUEWarning@core@UModSys@@@8 00409350     umodsys_lib_basesys:umodsys.basesys.rsystem_main.obj
 0003:00000374       ??_R0?AURModuleLoader@rsystem@base@UModSys@@@8 00409374     umodsys_lib_basesys:umodsys.basesys.rmoduleloader.obj
 0003:000003a8       ??_R0?AUIModuleLoader@base@UModSys@@@8 004093a8     umodsys_lib_basesys:umodsys.basesys.rmoduleloader.obj
 0003:000003d4       ??_R0?AURParameters@rsystem@base@UModSys@@@8 004093d4     umodsys_lib_basesys:umodsys.basesys.rparameters.obj
 0003:00000404       ??_R0?AUIParameters@core@UModSys@@@8 00409404     umodsys_lib_basesys:umodsys.basesys.rparameters.obj
 0003:0000042c       ??_R0?AURModuleLibrary@rsystem@base@UModSys@@@8 0040942c     umodsys_lib_basesys:umodsys.basesys.rmodulelib.obj
 0003:00000460       ??_R0?AUIModuleLibrary@base@UModSys@@@8 00409460     umodsys_lib_basesys:umodsys.basesys.rmodulelib.obj
 0003:0000048c       ?s_null@?1??get_null@?$TSCoreShared@USMemAlloc_Malloc@core@UModSys@@D@su@tl@UModSys@@SAPAU?$TSharedStringInfo@D@345@XZ@4U6345@A 0040948c     umodsys_lib_basesys:umodsys.basesys.rmodulelib.obj
 0003:0000049c       ??_R0?AURModule@rsystem@base@UModSys@@@8 0040949c     umodsys_lib_basesys:umodsys.basesys.rmodule.obj
 0003:000004c8       ??_R0?AUIModule@base@UModSys@@@8 004094c8     umodsys_lib_basesys:umodsys.basesys.rmodule.obj
 0003:00000510       __forceCRTManifestRTM      00409510     MSVCRT:crtmanifestrtm.obj
 0003:00000514       __dowildcard               00409514     MSVCRT:wildcard.obj
 0003:00000518       __newmode                  00409518     MSVCRT:_newmode.obj
 0003:0000051c       __commode                  0040951c     MSVCRT:xncommod.obj
 0003:00000520       __fmode                    00409520     MSVCRT:xtxtmode.obj
 0003:0000084c       ?rv@?1??get_default@SMemAlloc_Malloc@core@UModSys@@SAABU234@XZ@4U234@A 0040984c     umodsys_lib_basesys:umodsys.basesys.rsystem_main.obj
 0003:00000850       ?s_id@?$TObjectUniqueID@URConsole_std@rsystem@base@UModSys@@@tl@UModSys@@2USUniquePointer@core@3@A 00409850     umodsys.c_main.obj
 0003:00000868       ?s_id@?$TObjectUniqueID@UIRefObject@core@UModSys@@@tl@UModSys@@2USUniquePointer@core@3@A 00409868     umodsys.c_main.obj
 0003:00000880       ?s_id@?$TObjectUniqueID@UIRoot@core@UModSys@@@tl@UModSys@@2USUniquePointer@core@3@A 00409880     umodsys.c_main.obj
 0003:00000898       ?s_id@?$TObjectUniqueID@URParameters@rsystem@base@UModSys@@@tl@UModSys@@2USUniquePointer@core@3@A 00409898     umodsys.c_main.obj
 0003:000008b0       ?s_id@?$TObjectUniqueID@UIModule@base@UModSys@@@tl@UModSys@@2USUniquePointer@core@3@A 004098b0     umodsys.c_main.obj
 0003:000008c8       ?s_id@?$TObjectUniqueID@URModuleLibrary@rsystem@base@UModSys@@@tl@UModSys@@2USUniquePointer@core@3@A 004098c8     umodsys.c_main.obj
 0003:000008e0       ?s_id@?$TObjectUniqueID@UIGenerator@base@UModSys@@@tl@UModSys@@2USUniquePointer@core@3@A 004098e0     umodsys.c_main.obj
 0003:000008f8       ?s_id@?$TObjectUniqueID@UIModuleLibrary@base@UModSys@@@tl@UModSys@@2USUniquePointer@core@3@A 004098f8     umodsys.c_main.obj
 0003:00000910       ?s_null@?$TStaticStringPool@DU?$TComparerBinaryHash@D@su@tl@UModSys@@USMemAlloc_Malloc@core@4@@tl@UModSys@@2U?$TString@U?$TSCoreConst@D@su@tl@UModSys@@U?$TComparerBinaryHash@D@234@@23@A 00409910     umodsys.c_main.obj
 0003:0000091c       ?s_id@?$TObjectUniqueID@UIParameters@core@UModSys@@@tl@UModSys@@2USUniquePointer@core@3@A 0040991c     umodsys.c_main.obj
 0003:00000934       ?s_id@?$TObjectUniqueID@UISystem@base@UModSys@@@tl@UModSys@@2USUniquePointer@core@3@A 00409934     umodsys.c_main.obj
 0003:0000094c       ?s_id@?$TObjectUniqueID@URModule@rsystem@base@UModSys@@@tl@UModSys@@2USUniquePointer@core@3@A 0040994c     umodsys.c_main.obj
 0003:00000964       ?s_id@?$TObjectUniqueID@UIModObject@base@UModSys@@@tl@UModSys@@2USUniquePointer@core@3@A 00409964     umodsys.c_main.obj
 0003:0000097c       ?s_id@?$TObjectUniqueID@URSystem@rsystem@base@UModSys@@@tl@UModSys@@2USUniquePointer@core@3@A 0040997c     umodsys.c_main.obj
 0003:00000994       ?s_id@?$TObjectUniqueID@UIShell@base@UModSys@@@tl@UModSys@@2USUniquePointer@core@3@A 00409994     umodsys.c_main.obj
 0003:000009ac       ?s_id@?$TObjectUniqueID@UIConsole@base@UModSys@@@tl@UModSys@@2USUniquePointer@core@3@A 004099ac     umodsys.c_main.obj
 0003:000009c8       ?s_console@RConsole_std@rsystem@base@UModSys@@2U1234@A 004099c8     umodsys_lib_basesys:umodsys.basesys.rconsole_std.obj
 0003:000009d0       ?s_sys@RSystem@rsystem@base@UModSys@@2U1234@A 004099d0     umodsys_lib_basesys:umodsys.basesys.rsystem_main.obj
 0003:00000a6c       ?rsys_dbg@rsystem@base@UModSys@@3USDebug@23@A 00409a6c     umodsys_lib_basesys:umodsys.basesys.rsystem_main.obj
 0003:00000a74       ?M@UModSys@@3USModuleContext@base@1@A 00409a74     umodsys_lib_base:umodsys.base.modulecontext.obj
 0003:00000a80       ?root@SUniquePointer@core@UModSys@@2U123@A 00409a80     umodsys_lib_core:umodsys.core.uniqueptr.obj
 0003:00000a98       __adjust_fdiv              00409a98     <common>
 0003:00000a9c       ___native_startup_state    00409a9c     <common>
 0003:00000aa0       ___native_startup_lock     00409aa0     <common>
 0003:00000aa4       ___dyn_tls_init_callback   00409aa4     <common>
 0003:00000aa8       ___onexitend               00409aa8     <common>
 0003:00000aac       ___onexitbegin             00409aac     <common>

 entry point at        0001:00001ca1

 Static symbols

 0001:000019ff       _pre_cpp_init              004029ff f   MSVCRT:crtexe.obj
 0001:00001a4a       ___tmainCRTStartup         00402a4a f   MSVCRT:crtexe.obj
 0001:00001bc0       _pre_c_init                00402bc0 f   MSVCRT:crtexe.obj
 0001:00003b60       ?s_pfd_scan@@YAIPAUISystem@base@UModSys@@AAU?$TDynarrayDynamic@U?$TRefObject@URModuleLibrary@rsystem@base@UModSys@@@tl@UModSys@@U?$TAllocator@USMemAlloc_Malloc@core@UModSys@@USCountCalcPower2@23@@23@@tl@3@PBD2@Z 00404b60 f    CIL library: CIL module
 0001:00005aa0       __unwindfunclet$?amoveright@?$TTypeConstructor@U?$TRefObject@URModuleLibrary@rsystem@base@UModSys@@@tl@UModSys@@@tl@UModSys@@SAXPAU?$TRefObject@URModuleLibrary@rsystem@base@UModSys@@@23@III@Z$0 00406aa0 f    CIL library: CIL module
 0001:00005aa5       __ehhandler$?amoveright@?$TTypeConstructor@U?$TRefObject@URModuleLibrary@rsystem@base@UModSys@@@tl@UModSys@@@tl@UModSys@@SAXPAU?$TRefObject@URModuleLibrary@rsystem@base@UModSys@@@23@III@Z 00406aa5 f    CIL library: CIL module
 0001:00005ab0       __unwindfunclet$??1?$TQuantArrayUnique@USUniquePointerInfo@core@UModSys@@$0BAA@USMemAlloc_Malloc@23@@tl@UModSys@@QAE@XZ$0 00406ab0 f    CIL library: CIL module
 0001:00005ab0       __unwindfunclet$??1?$TQuantArrayUnique@USSourceContext@core@UModSys@@$0BAA@USMemAlloc_Malloc@23@@tl@UModSys@@QAE@XZ$0 00406ab0 f    CIL library: CIL module
 0001:00005ab8       __ehhandler$??1?$TQuantArrayUnique@USSourceContext@core@UModSys@@$0BAA@USMemAlloc_Malloc@23@@tl@UModSys@@QAE@XZ 00406ab8 f    CIL library: CIL module
 0001:00005ab8       __ehhandler$??1?$TQuantArrayUnique@USUniquePointerInfo@core@UModSys@@$0BAA@USMemAlloc_Malloc@23@@tl@UModSys@@QAE@XZ 00406ab8 f    CIL library: CIL module
 0001:00005ad0       __unwindfunclet$??$t_moduledb_generate@UIShell@base@UModSys@@@IModuleLoader@base@UModSys@@QAE_NAAU?$TRefObject@UIShell@base@UModSys@@@tl@2@PBUSUniquePointerInfo@core@2@ABUSParameters@62@@Z$0 00406ad0 f    CIL library: CIL module
 0001:00005ad0       __unwindfunclet$?suicide@RModule@rsystem@base@UModSys@@UAEXXZ$0 00406ad0 f    CIL library: CIL module
 0001:00005ad8       __ehhandler$??$t_moduledb_generate@UIShell@base@UModSys@@@IModuleLoader@base@UModSys@@QAE_NAAU?$TRefObject@UIShell@base@UModSys@@@tl@2@PBUSUniquePointerInfo@core@2@ABUSParameters@62@@Z 00406ad8 f    CIL library: CIL module
 0001:00005ad8       __ehhandler$?suicide@RModule@rsystem@base@UModSys@@UAEXXZ 00406ad8 f    CIL library: CIL module
 0001:00005af0       __unwindfunclet$?mem_free@?$TRMemAlloc_CC@U?$TMemAllocHeader@USMagic@mem_headers@rsystem@base@UModSys@@U?$TPool@X@2345@USDebug@2345@UVoid@core@5@@rsystem@base@UModSys@@USMemAlloc_Malloc@core@4@@rsystem@base@UModSys@@UAEXPAXPBUSSourceContext@core@4@@Z$0 00406af0 f    CIL library: CIL module
 0001:00005af8       __ehhandler$?mem_free@?$TRMemAlloc_CC@U?$TMemAllocHeader@USMagic@mem_headers@rsystem@base@UModSys@@U?$TPool@X@2345@USDebug@2345@UVoid@core@5@@rsystem@base@UModSys@@USMemAlloc_Malloc@core@4@@rsystem@base@UModSys@@UAEXPAXPBUSSourceContext@core@4@@Z 00406af8 f    CIL library: CIL module
 0001:00005b10       __unwindfunclet$?mem_realloc@?$TRMemAlloc_CC@U?$TMemAllocHeader@USMagic@mem_headers@rsystem@base@UModSys@@U?$TPool@X@2345@USDebug@2345@UVoid@core@5@@rsystem@base@UModSys@@USMemAlloc_Malloc@core@4@@rsystem@base@UModSys@@UAEPAXPAXIPBUSSourceContext@core@4@@Z$0 00406b10 f    CIL library: CIL module
 0001:00005b18       __unwindfunclet$?mem_realloc@?$TRMemAlloc_CC@U?$TMemAllocHeader@USMagic@mem_headers@rsystem@base@UModSys@@U?$TPool@X@2345@USDebug@2345@UVoid@core@5@@rsystem@base@UModSys@@USMemAlloc_Malloc@core@4@@rsystem@base@UModSys@@UAEPAXPAXIPBUSSourceContext@core@4@@Z$1 00406b18 f    CIL library: CIL module
 0001:00005b20       __ehhandler$?mem_realloc@?$TRMemAlloc_CC@U?$TMemAllocHeader@USMagic@mem_headers@rsystem@base@UModSys@@U?$TPool@X@2345@USDebug@2345@UVoid@core@5@@rsystem@base@UModSys@@USMemAlloc_Malloc@core@4@@rsystem@base@UModSys@@UAEPAXPAXIPBUSSourceContext@core@4@@Z 00406b20 f    CIL library: CIL module
 0001:00005b30       __unwindfunclet$??1RSystem@rsystem@base@UModSys@@UAE@XZ$0 00406b30 f    CIL library: CIL module
 0001:00005b38       __unwindfunclet$??1RSystem@rsystem@base@UModSys@@UAE@XZ$1 00406b38 f    CIL library: CIL module
 0001:00005b43       __unwindfunclet$??1RSystem@rsystem@base@UModSys@@UAE@XZ$2 00406b43 f    CIL library: CIL module
 0001:00005b4e       __unwindfunclet$??1RSystem@rsystem@base@UModSys@@UAE@XZ$3 00406b4e f    CIL library: CIL module
 0001:00005b59       __unwindfunclet$??1RSystem@rsystem@base@UModSys@@UAE@XZ$4 00406b59 f    CIL library: CIL module
 0001:00005b66       __unwindfunclet$??1RSystem@rsystem@base@UModSys@@UAE@XZ$5 00406b66 f    CIL library: CIL module
 0001:00005b71       __ehhandler$??1RSystem@rsystem@base@UModSys@@UAE@XZ 00406b71 f    CIL library: CIL module
 0001:00005b7b       __unwindfunclet$??0RModule@rsystem@base@UModSys@@QAE@PAURModuleLibrary@123@PAUIModuleReg@23@@Z$0 00406b7b f    CIL library: CIL module
 0001:00005b83       __unwindfunclet$??0RModule@rsystem@base@UModSys@@QAE@PAURModuleLibrary@123@PAUIModuleReg@23@@Z$1 00406b83 f    CIL library: CIL module
 0001:00005b8e       __unwindfunclet$??0RModule@rsystem@base@UModSys@@QAE@PAURModuleLibrary@123@PAUIModuleReg@23@@Z$2 00406b8e f    CIL library: CIL module
 0001:00005b99       __unwindfunclet$??0RModule@rsystem@base@UModSys@@QAE@PAURModuleLibrary@123@PAUIModuleReg@23@@Z$3 00406b99 f    CIL library: CIL module
 0001:00005ba4       __ehhandler$??0RModule@rsystem@base@UModSys@@QAE@PAURModuleLibrary@123@PAUIModuleReg@23@@Z 00406ba4 f    CIL library: CIL module
 0001:00005bae       __unwindfunclet$??1RModuleLibrary@rsystem@base@UModSys@@UAE@XZ$0 00406bae f    CIL library: CIL module
 0001:00005bb6       __unwindfunclet$??1RModuleLibrary@rsystem@base@UModSys@@UAE@XZ$1 00406bb6 f    CIL library: CIL module
 0001:00005bc1       __unwindfunclet$??1RModuleLibrary@rsystem@base@UModSys@@UAE@XZ$2 00406bc1 f    CIL library: CIL module
 0001:00005bcc       __unwindfunclet$??1RModuleLibrary@rsystem@base@UModSys@@UAE@XZ$3 00406bcc f    CIL library: CIL module
 0001:00005bd7       __ehhandler$??1RModuleLibrary@rsystem@base@UModSys@@UAE@XZ 00406bd7 f    CIL library: CIL module
 0001:00005be1       __unwindfunclet$?link@RModuleLibrary@rsystem@base@UModSys@@QAE_NXZ$0 00406be1 f    CIL library: CIL module
 0001:00005bef       __ehhandler$?link@RModuleLibrary@rsystem@base@UModSys@@QAE_NXZ 00406bef f    CIL library: CIL module
 0001:00005bf9       __unwindfunclet$?exec_test_shells@RSystem@rsystem@base@UModSys@@QAE_NXZ$0 00406bf9 f    CIL library: CIL module
 0001:00005c04       __unwindfunclet$?exec_test_shells@RSystem@rsystem@base@UModSys@@QAE_NXZ$1 00406c04 f    CIL library: CIL module
 0001:00005c0f       __ehhandler$?exec_test_shells@RSystem@rsystem@base@UModSys@@QAE_NXZ 00406c0f f    CIL library: CIL module
 0001:00005c19       __unwindfunclet$?s_add@RModuleLibrary@rsystem@base@UModSys@@SA_NPAUISystem@34@AAU?$TDynarrayDynamic@U?$TRefObject@URModuleLibrary@rsystem@base@UModSys@@@tl@UModSys@@U?$TAllocator@USMemAlloc_Malloc@core@UModSys@@USCountCalcPower2@23@@23@@tl@4@PBD@Z$1 00406c19 f    CIL library: CIL module
 0001:00005c21       __ehhandler$?s_add@RModuleLibrary@rsystem@base@UModSys@@SA_NPAUISystem@34@AAU?$TDynarrayDynamic@U?$TRefObject@URModuleLibrary@rsystem@base@UModSys@@@tl@UModSys@@U?$TAllocator@USMemAlloc_Malloc@core@UModSys@@USCountCalcPower2@23@@23@@tl@4@PBD@Z 00406c21 f    CIL library: CIL module
 0001:00005c30       ??__E?s_id@?$TObjectUniqueID@UIRoot@core@UModSys@@@tl@UModSys@@2USUniquePointer@core@3@A@@YAXXZ 00406c30 f    CIL library: CIL module
 0001:00005c50       ??__E?s_id@?$TObjectUniqueID@UIRefObject@core@UModSys@@@tl@UModSys@@2USUniquePointer@core@3@A@@YAXXZ 00406c50 f    CIL library: CIL module
 0001:00005c70       ??__E?s_id@?$TObjectUniqueID@UIParameters@core@UModSys@@@tl@UModSys@@2USUniquePointer@core@3@A@@YAXXZ 00406c70 f    CIL library: CIL module
 0001:00005c90       ??__E?s_id@?$TObjectUniqueID@UIConsole@base@UModSys@@@tl@UModSys@@2USUniquePointer@core@3@A@@YAXXZ 00406c90 f    CIL library: CIL module
 0001:00005cb0       ??__E?s_id@?$TObjectUniqueID@UIModule@base@UModSys@@@tl@UModSys@@2USUniquePointer@core@3@A@@YAXXZ 00406cb0 f    CIL library: CIL module
 0001:00005cd0       ??__E?s_id@?$TObjectUniqueID@UIModuleLibrary@base@UModSys@@@tl@UModSys@@2USUniquePointer@core@3@A@@YAXXZ 00406cd0 f    CIL library: CIL module
 0001:00005cf0       ??__E?s_id@?$TObjectUniqueID@UISystem@base@UModSys@@@tl@UModSys@@2USUniquePointer@core@3@A@@YAXXZ 00406cf0 f    CIL library: CIL module
 0001:00005d10       ??__E?s_id@?$TObjectUniqueID@UIModObject@base@UModSys@@@tl@UModSys@@2USUniquePointer@core@3@A@@YAXXZ 00406d10 f    CIL library: CIL module
 0001:00005d30       ??__E?s_id@?$TObjectUniqueID@UIGenerator@base@UModSys@@@tl@UModSys@@2USUniquePointer@core@3@A@@YAXXZ 00406d30 f    CIL library: CIL module
 0001:00005d50       ??__E?s_id@?$TObjectUniqueID@UIShell@base@UModSys@@@tl@UModSys@@2USUniquePointer@core@3@A@@YAXXZ 00406d50 f    CIL library: CIL module
 0001:00005d70       ??__E?s_id@?$TObjectUniqueID@URModule@rsystem@base@UModSys@@@tl@UModSys@@2USUniquePointer@core@3@A@@YAXXZ 00406d70 f    CIL library: CIL module
 0001:00005d90       ??__E?s_id@?$TObjectUniqueID@URModuleLibrary@rsystem@base@UModSys@@@tl@UModSys@@2USUniquePointer@core@3@A@@YAXXZ 00406d90 f    CIL library: CIL module
 0001:00005db0       ??__E?s_id@?$TObjectUniqueID@URParameters@rsystem@base@UModSys@@@tl@UModSys@@2USUniquePointer@core@3@A@@YAXXZ 00406db0 f    CIL library: CIL module
 0001:00005dd0       ??__E?s_id@?$TObjectUniqueID@URSystem@rsystem@base@UModSys@@@tl@UModSys@@2USUniquePointer@core@3@A@@YAXXZ 00406dd0 f    CIL library: CIL module
 0001:00005df0       ??__E?s_id@?$TObjectUniqueID@URConsole_std@rsystem@base@UModSys@@@tl@UModSys@@2USUniquePointer@core@3@A@@YAXXZ 00406df0 f    CIL library: CIL module
 0001:00005e10       ??__E?s_console@RConsole_std@rsystem@base@UModSys@@2U1234@A@@YAXXZ 00406e10 f    CIL library: CIL module
 0001:00005e30       ??__E?s_sys@RSystem@rsystem@base@UModSys@@2U1234@A@@YAXXZ 00406e30 f    CIL library: CIL module
 0001:00005e50       ??__Ersys_dbg@rsystem@base@UModSys@@YAXXZ 00406e50 f    CIL library: CIL module
 0001:00005e70       ??__EM@UModSys@@YAXXZ      00406e70 f    CIL library: CIL module
 0001:00005e90       ??__E?root@SUniquePointer@core@UModSys@@2U123@A@@YAXXZ 00406e90 f    CIL library: CIL module
 0001:00005eb0       ??__F?s_id@?$TObjectUniqueID@URConsole_std@rsystem@base@UModSys@@@tl@UModSys@@2USUniquePointer@core@3@A@@YAXXZ 00406eb0 f    CIL library: CIL module
 0001:00005ec0       ??__F?s_id@?$TObjectUniqueID@URSystem@rsystem@base@UModSys@@@tl@UModSys@@2USUniquePointer@core@3@A@@YAXXZ 00406ec0 f    CIL library: CIL module
 0001:00005ed0       ??__F?s_id@?$TObjectUniqueID@URParameters@rsystem@base@UModSys@@@tl@UModSys@@2USUniquePointer@core@3@A@@YAXXZ 00406ed0 f    CIL library: CIL module
 0001:00005ee0       ??__F?s_id@?$TObjectUniqueID@URModuleLibrary@rsystem@base@UModSys@@@tl@UModSys@@2USUniquePointer@core@3@A@@YAXXZ 00406ee0 f    CIL library: CIL module
 0001:00005ef0       ??__F?s_id@?$TObjectUniqueID@URModule@rsystem@base@UModSys@@@tl@UModSys@@2USUniquePointer@core@3@A@@YAXXZ 00406ef0 f    CIL library: CIL module
 0001:00005f00       ??__F?s_id@?$TObjectUniqueID@UIShell@base@UModSys@@@tl@UModSys@@2USUniquePointer@core@3@A@@YAXXZ 00406f00 f    CIL library: CIL module
 0001:00005f10       ??__F?s_id@?$TObjectUniqueID@UIGenerator@base@UModSys@@@tl@UModSys@@2USUniquePointer@core@3@A@@YAXXZ 00406f10 f    CIL library: CIL module
 0001:00005f20       ??__F?s_id@?$TObjectUniqueID@UIModObject@base@UModSys@@@tl@UModSys@@2USUniquePointer@core@3@A@@YAXXZ 00406f20 f    CIL library: CIL module
 0001:00005f30       ??__F?s_id@?$TObjectUniqueID@UISystem@base@UModSys@@@tl@UModSys@@2USUniquePointer@core@3@A@@YAXXZ 00406f30 f    CIL library: CIL module
 0001:00005f40       ??__F?s_id@?$TObjectUniqueID@UIModuleLibrary@base@UModSys@@@tl@UModSys@@2USUniquePointer@core@3@A@@YAXXZ 00406f40 f    CIL library: CIL module
 0001:00005f50       ??__F?s_id@?$TObjectUniqueID@UIModule@base@UModSys@@@tl@UModSys@@2USUniquePointer@core@3@A@@YAXXZ 00406f50 f    CIL library: CIL module
 0001:00005f60       ??__F?s_id@?$TObjectUniqueID@UIConsole@base@UModSys@@@tl@UModSys@@2USUniquePointer@core@3@A@@YAXXZ 00406f60 f    CIL library: CIL module
 0001:00005f70       ??__F?s_id@?$TObjectUniqueID@UIParameters@core@UModSys@@@tl@UModSys@@2USUniquePointer@core@3@A@@YAXXZ 00406f70 f    CIL library: CIL module
 0001:00005f80       ??__F?s_id@?$TObjectUniqueID@UIRefObject@core@UModSys@@@tl@UModSys@@2USUniquePointer@core@3@A@@YAXXZ 00406f80 f    CIL library: CIL module
 0001:00005f90       ??__F?s_id@?$TObjectUniqueID@UIRoot@core@UModSys@@@tl@UModSys@@2USUniquePointer@core@3@A@@YAXXZ 00406f90 f    CIL library: CIL module
 0001:00005fa0       ??__F?s_console@RConsole_std@rsystem@base@UModSys@@2U1234@A@@YAXXZ 00406fa0 f    CIL library: CIL module
 0001:00005fb0       ??__F?s_sys@RSystem@rsystem@base@UModSys@@2U1234@A@@YAXXZ 00406fb0 f    CIL library: CIL module
 0001:00005fc0       ??__Frsys_dbg@rsystem@base@UModSys@@YAXXZ 00406fc0 f    CIL library: CIL module
 0001:00005fd0       ??__FM@UModSys@@YAXXZ      00406fd0 f    CIL library: CIL module
 0001:00005fe0       ??__F?root@SUniquePointer@core@UModSys@@2U123@A@@YAXXZ 00406fe0 f    CIL library: CIL module
