 umodsysc

 Timestamp is 527cf7e3 (Fri Nov 08 17:40:35 2013)

 Preferred load address is 00400000

 Start         Length     Name                   Class
 0001:00000000 0000d6a0H .text                   CODE
 0001:0000d6a0 000004daH .text$x                 CODE
 0001:0000db80 000008d1H .text$yc                CODE
 0001:0000e460 0000037aH .text$yd                CODE
 0002:00000000 00000154H .idata$5                DATA
 0002:00000154 00000004H .CRT$XCA                DATA
 0002:00000158 00000004H .CRT$XCAA               DATA
 0002:0000015c 000001e8H .CRT$XCU                DATA
 0002:00000344 00000004H .CRT$XCZ                DATA
 0002:00000348 00000004H .CRT$XIA                DATA
 0002:0000034c 00000004H .CRT$XIAA               DATA
 0002:00000350 00000004H .CRT$XIY                DATA
 0002:00000354 00000004H .CRT$XIZ                DATA
 0002:00000358 000018f0H .rdata                  DATA
 0002:00001c48 000011b0H .rdata$r                DATA
 0002:00002e00 00000090H .rdata$sxdata           DATA
 0002:00002e90 00000004H .rtc$IAA                DATA
 0002:00002e94 00000004H .rtc$IZZ                DATA
 0002:00002e98 00000004H .rtc$TAA                DATA
 0002:00002e9c 00000004H .rtc$TZZ                DATA
 0002:00002ea0 00000804H .xdata$x                DATA
 0002:000036a4 00000028H .idata$2                DATA
 0002:000036cc 00000014H .idata$3                DATA
 0002:000036e0 00000154H .idata$4                DATA
 0002:00003834 00000554H .idata$6                DATA
 0002:00003d90 00000058H .edata                  DATA
 0003:00000000 00000bc0H .data                   DATA
 0003:00000bc0 00002918H .bss                    DATA

  Address         Publics by Value              Rva+Base       Lib:Object

 0000:00000000       __except_list              00000000     <absolute>
 0000:00000024       ___safe_se_handler_count   00000024     <absolute>
 0000:00009876       __ldused                   00009876     <absolute>
 0000:00009876       __fltused                  00009876     <absolute>
 0000:00000000       ___ImageBase               00400000     <linker-defined>
 0001:00000000       ??0?$TString@U?$TSCoreConst@D@su@tl@UModSys@@U?$TComparerBinaryHash@D@234@@tl@UModSys@@QAE@PBD@Z 00401000 f i umodsys.c_main.obj
 0001:00000050       ??$shash@D@su@tl@UModSys@@YAHPBDI@Z 00401050 f i umodsys.c_main.obj
 0001:00000080       ??3IRoot@core@UModSys@@SAXPAXABUSIMemAlloc@12@@Z 00401080 f i umodsys_lib_libmedia:umodsys.mod.media.std.obj
 0001:00000090       ?get_flag@RResolverChain@SFlagsChain@libmedia@UModSys@@UBE?AW4eStates@?$TFlags4State@USMediaFlagUid@libmedia@UModSys@@I@tl@4@H@Z 00401090 f i umodsys_lib_libmedia:umodsys.mod.media.std.obj
 0001:000000d0       ??1SPoint@ILibraryBinTree@libmedia@UModSys@@QAE@XZ 004010d0 f i umodsys_lib_libmedia:umodsys.mod.media.std.obj
 0001:000000d0       ??1SLayer@ILibraryLayered@libmedia@UModSys@@QAE@XZ 004010d0 f i umodsys_lib_libmedia:umodsys.mod.media.std.obj
 0001:000000f0       ?root_get_interface_info@RLibraryBinCache@std@media@modules@UModSys@@UBEABUSUniquePointerInfo@core@5@XZ 004010f0 f i umodsys_lib_libmedia:umodsys.mod.media.std.obj
 0001:00000100       ?root_get_interface_type@RLibraryBinCache@std@media@modules@UModSys@@UBEPBUSUniquePointerInfo@core@5@XZ 00401100 f i umodsys_lib_libmedia:umodsys.mod.media.std.obj
 0001:00000110       ?root_get_other_interface@RLibraryBinCache@std@media@modules@UModSys@@UBEPBUIRoot@core@5@PBUSUniquePointerInfo@75@@Z 00401110 f i umodsys_lib_libmedia:umodsys.mod.media.std.obj
 0001:00000110       ?root_get_other_interface@RLibraryBinCache@std@media@modules@UModSys@@UAEPAUIRoot@core@5@PBUSUniquePointerInfo@75@@Z 00401110 f i umodsys_lib_libmedia:umodsys.mod.media.std.obj
 0001:00000150       ?root_is_interface_supported@RLibraryBinCache@std@media@modules@UModSys@@UBE_NPBUSUniquePointerInfo@core@5@@Z 00401150 f i umodsys_lib_libmedia:umodsys.mod.media.std.obj
 0001:00000190       ?ref_weak@RLibraryObjFilter@std@media@modules@UModSys@@UBE_NAAUWeakPointer@IRefObject@core@5@@Z 00401190 f i umodsys_lib_libmedia:umodsys.mod.media.std.obj
 0001:00000190       ?ref_weak@RLibraryBinCache@std@media@modules@UModSys@@UBE_NAAUWeakPointer@IRefObject@core@5@@Z 00401190 f i umodsys_lib_libmedia:umodsys.mod.media.std.obj
 0001:00000190       ?ref_weak@RDataArchiver_OsDir@stdio@media@modules@UModSys@@UBE_NAAUWeakPointer@IRefObject@core@5@@Z 00401190 f i umodsys_lib_libmedia:umodsys.mod.media.stdio.obj
 0001:00000190       ?ref_weak@RLibraryLayered@std@media@modules@UModSys@@UBE_NAAUWeakPointer@IRefObject@core@5@@Z 00401190 f i umodsys_lib_libmedia:umodsys.mod.media.std.obj
 0001:00000190       ?ref_weak@RLibraryObjCache@std@media@modules@UModSys@@UBE_NAAUWeakPointer@IRefObject@core@5@@Z 00401190 f i umodsys_lib_libmedia:umodsys.mod.media.std.obj
 0001:00000190       ?ref_weak@RLibraryBinTree@std@media@modules@UModSys@@UBE_NAAUWeakPointer@IRefObject@core@5@@Z 00401190 f i umodsys_lib_libmedia:umodsys.mod.media.std.obj
 0001:000001b0       ??0RLibraryBinCache@std@media@modules@UModSys@@QAE@PAUIModObject@base@4@ABUSParameters@core@4@U?$TFlags4State@USMediaFlagUid@libmedia@UModSys@@I@tl@4@@Z 004011b0 f i umodsys_lib_libmedia:umodsys.mod.media.std.obj
 0001:00000230       ??1RLibraryBinCache@std@media@modules@UModSys@@UAE@XZ 00401230 f i umodsys_lib_libmedia:umodsys.mod.media.std.obj
 0001:000002a0       ?get_flag@RLibraryBinTree@std@media@modules@UModSys@@UBE?AW4eStates@?$TFlags4State@USMediaFlagUid@libmedia@UModSys@@I@tl@5@H@Z 004012a0 f i umodsys_lib_libmedia:umodsys.mod.media.std.obj
 0001:000002a0       ?get_flag@RLibraryBinCache@std@media@modules@UModSys@@UBE?AW4eStates@?$TFlags4State@USMediaFlagUid@libmedia@UModSys@@I@tl@5@H@Z 004012a0 f i umodsys_lib_libmedia:umodsys.mod.media.std.obj
 0001:000002a0       ?get_flag@RLibraryObjCache@std@media@modules@UModSys@@UBE?AW4eStates@?$TFlags4State@USMediaFlagUid@libmedia@UModSys@@I@tl@5@H@Z 004012a0 f i umodsys_lib_libmedia:umodsys.mod.media.std.obj
 0001:000002a0       ?get_flag@RLibraryObjFilter@std@media@modules@UModSys@@UBE?AW4eStates@?$TFlags4State@USMediaFlagUid@libmedia@UModSys@@I@tl@5@H@Z 004012a0 f i umodsys_lib_libmedia:umodsys.mod.media.std.obj
 0001:000002c0       ?get_flags_auto@RLibraryBinCache@std@media@modules@UModSys@@UBE?AU?$TFlags4State@USMediaFlagUid@libmedia@UModSys@@I@tl@5@XZ 004012c0 f i umodsys_lib_libmedia:umodsys.mod.media.std.obj
 0001:000002d0       ?set_flag@RLibraryBinCache@std@media@modules@UModSys@@UAE?AW4eStates@?$TFlags4State@USMediaFlagUid@libmedia@UModSys@@I@tl@5@HW46785@@Z 004012d0 f i umodsys_lib_libmedia:umodsys.mod.media.std.obj
 0001:000002d0       ?set_flag@RLibraryObjFilter@std@media@modules@UModSys@@UAE?AW4eStates@?$TFlags4State@USMediaFlagUid@libmedia@UModSys@@I@tl@5@HW46785@@Z 004012d0 f i umodsys_lib_libmedia:umodsys.mod.media.std.obj
 0001:000002d0       ?set_flag@RLibraryBinTree@std@media@modules@UModSys@@UAE?AW4eStates@?$TFlags4State@USMediaFlagUid@libmedia@UModSys@@I@tl@5@HW46785@@Z 004012d0 f i umodsys_lib_libmedia:umodsys.mod.media.std.obj
 0001:000002d0       ?set_flag@RLibraryObjCache@std@media@modules@UModSys@@UAE?AW4eStates@?$TFlags4State@USMediaFlagUid@libmedia@UModSys@@I@tl@5@HW46785@@Z 004012d0 f i umodsys_lib_libmedia:umodsys.mod.media.std.obj
 0001:00000300       ?bin_writer@RLibraryBinCache@std@media@modules@UModSys@@UAE?AU?$TRefObject@UIStreamWriter@libmedia@UModSys@@U?$TRefObjectFunc@UIStreamWriter@libmedia@UModSys@@@tl@3@@tl@5@ABU?$TString@U?$TSCoreConst@D@su@tl@UModSys@@U?$TComparerBinaryHash@D@234@@75@ABUSFlags@libmedia@5@@Z 00401300 f i umodsys_lib_libmedia:umodsys.mod.media.std.obj
 0001:00000300       ?bin_writer@RLibraryObjFilter@std@media@modules@UModSys@@UAE?AU?$TRefObject@UIStreamWriter@libmedia@UModSys@@U?$TRefObjectFunc@UIStreamWriter@libmedia@UModSys@@@tl@3@@tl@5@ABU?$TString@U?$TSCoreConst@D@su@tl@UModSys@@U?$TComparerBinaryHash@D@234@@75@ABUSFlags@libmedia@5@@Z 00401300 f i umodsys_lib_libmedia:umodsys.mod.media.std.obj
 0001:00000300       ?bin_writer@RLibraryObjCache@std@media@modules@UModSys@@UAE?AU?$TRefObject@UIStreamWriter@libmedia@UModSys@@U?$TRefObjectFunc@UIStreamWriter@libmedia@UModSys@@@tl@3@@tl@5@ABU?$TString@U?$TSCoreConst@D@su@tl@UModSys@@U?$TComparerBinaryHash@D@234@@75@ABUSFlags@libmedia@5@@Z 00401300 f i umodsys_lib_libmedia:umodsys.mod.media.std.obj
 0001:00000300       ?bin_reader@RLibraryBinCache@std@media@modules@UModSys@@UAE?AU?$TRefObject@UIStreamReader@libmedia@UModSys@@U?$TRefObjectFunc@UIStreamReader@libmedia@UModSys@@@tl@3@@tl@5@ABU?$TString@U?$TSCoreConst@D@su@tl@UModSys@@U?$TComparerBinaryHash@D@234@@75@ABUSFlags@libmedia@5@@Z 00401300 f i umodsys_lib_libmedia:umodsys.mod.media.std.obj
 0001:00000300       ?bin_reader@RLibraryObjFilter@std@media@modules@UModSys@@UAE?AU?$TRefObject@UIStreamReader@libmedia@UModSys@@U?$TRefObjectFunc@UIStreamReader@libmedia@UModSys@@@tl@3@@tl@5@ABU?$TString@U?$TSCoreConst@D@su@tl@UModSys@@U?$TComparerBinaryHash@D@234@@75@ABUSFlags@libmedia@5@@Z 00401300 f i umodsys_lib_libmedia:umodsys.mod.media.std.obj
 0001:00000300       ?bin_reader@RLibraryObjCache@std@media@modules@UModSys@@UAE?AU?$TRefObject@UIStreamReader@libmedia@UModSys@@U?$TRefObjectFunc@UIStreamReader@libmedia@UModSys@@@tl@3@@tl@5@ABU?$TString@U?$TSCoreConst@D@su@tl@UModSys@@U?$TComparerBinaryHash@D@234@@75@ABUSFlags@libmedia@5@@Z 00401300 f i umodsys_lib_libmedia:umodsys.mod.media.std.obj
 0001:00000320       ?bin_load@RLibraryBinCache@std@media@modules@UModSys@@UAE_NABU?$TString@U?$TSCoreConst@D@su@tl@UModSys@@U?$TComparerBinaryHash@D@234@@tl@5@AAUSCMemShared@core@5@ABUSFlags@libmedia@5@@Z 00401320 f i umodsys_lib_libmedia:umodsys.mod.media.std.obj
 0001:00000380       ?bin_get@RLibraryBinCache@std@media@modules@UModSys@@UAE_NABU?$TString@U?$TSCoreConst@D@su@tl@UModSys@@U?$TComparerBinaryHash@D@234@@tl@5@AAUSCMemShared@core@5@_N@Z 00401380 f i umodsys_lib_libmedia:umodsys.mod.media.std.obj
 0001:00000380       ?obj_cget@RLibraryObjCache@std@media@modules@UModSys@@UAE_NABU?$TString@U?$TSCoreConst@D@su@tl@UModSys@@U?$TComparerBinaryHash@D@234@@tl@5@AAU?$TRefObject@UIRefObject@core@UModSys@@U?$TRefObjectFunc@UIRefObject@core@UModSys@@@tl@3@@75@_N@Z 00401380 f i umodsys_lib_libmedia:umodsys.mod.media.std.obj
 0001:000003c0       ?bin_put@RLibraryBinCache@std@media@modules@UModSys@@UAE_NABU?$TString@U?$TSCoreConst@D@su@tl@UModSys@@U?$TComparerBinaryHash@D@234@@tl@5@PBUSCMemShared@core@5@@Z 004013c0 f i umodsys_lib_libmedia:umodsys.mod.media.std.obj
 0001:000003f0       ?bincache_get@RLibraryBinCache@std@media@modules@UModSys@@UBE_NABU?$TString@U?$TSCoreConst@D@su@tl@UModSys@@U?$TComparerBinaryHash@D@234@@tl@5@PAUSCMemShared@core@5@PA_N@Z 004013f0 f i umodsys_lib_libmedia:umodsys.mod.media.std.obj
 0001:00000470       ?bincache_add@RLibraryBinCache@std@media@modules@UModSys@@UAE_NABU?$TString@U?$TSCoreConst@D@su@tl@UModSys@@U?$TComparerBinaryHash@D@234@@tl@5@@Z 00401470 f i umodsys_lib_libmedia:umodsys.mod.media.std.obj
 0001:000004c0       ?bincache_add@RLibraryBinCache@std@media@modules@UModSys@@UAE_NABU?$TString@U?$TSCoreConst@D@su@tl@UModSys@@U?$TComparerBinaryHash@D@234@@tl@5@ABUSCMemShared@core@5@@Z 004014c0 f i umodsys_lib_libmedia:umodsys.mod.media.std.obj
 0001:000004e0       ?bincache_remove@RLibraryBinCache@std@media@modules@UModSys@@UAE_NABU?$TString@U?$TSCoreConst@D@su@tl@UModSys@@U?$TComparerBinaryHash@D@234@@tl@5@@Z 004014e0 f i umodsys_lib_libmedia:umodsys.mod.media.std.obj
 0001:00000520       ?bincache_clear@RLibraryBinCache@std@media@modules@UModSys@@UAE_NXZ 00401520 f i umodsys_lib_libmedia:umodsys.mod.media.std.obj
 0001:00000550       ?bincache_add@RLibraryBinCache@std@media@modules@UModSys@@QAE_NABU?$TString@U?$TSCoreConst@D@su@tl@UModSys@@U?$TComparerBinaryHash@D@234@@tl@5@ABUSCMemShared@core@5@_N@Z 00401550 f i umodsys_lib_libmedia:umodsys.mod.media.std.obj
 0001:000006c0       ??_ERLibraryBinCache@std@media@modules@UModSys@@UAEPAXI@Z 004016c0 f i  CIL library: CIL module
 0001:000006c0       ??_GRLibraryBinCache@std@media@modules@UModSys@@UAEPAXI@Z 004016c0 f i umodsys_lib_libmedia:umodsys.mod.media.std.obj
 0001:000006e0       ??_EIRoot@core@UModSys@@UAEPAXI@Z 004016e0 f i  CIL library: CIL module
 0001:000006e0       ??_GIRoot@core@UModSys@@UAEPAXI@Z 004016e0 f i umodsys_lib_libmedia:umodsys.mod.media.std.obj
 0001:00000700       ?root_get_interface_info@RLibraryBinTree@std@media@modules@UModSys@@UBEABUSUniquePointerInfo@core@5@XZ 00401700 f i umodsys_lib_libmedia:umodsys.mod.media.std.obj
 0001:00000710       ?root_get_interface_type@RLibraryBinTree@std@media@modules@UModSys@@UBEPBUSUniquePointerInfo@core@5@XZ 00401710 f i umodsys_lib_libmedia:umodsys.mod.media.std.obj
 0001:00000720       ?root_get_other_interface@RLibraryBinTree@std@media@modules@UModSys@@UAEPAUIRoot@core@5@PBUSUniquePointerInfo@75@@Z 00401720 f i umodsys_lib_libmedia:umodsys.mod.media.std.obj
 0001:00000720       ?root_get_other_interface@RLibraryBinTree@std@media@modules@UModSys@@UBEPBUIRoot@core@5@PBUSUniquePointerInfo@75@@Z 00401720 f i umodsys_lib_libmedia:umodsys.mod.media.std.obj
 0001:00000760       ?root_is_interface_supported@RLibraryBinTree@std@media@modules@UModSys@@UBE_NPBUSUniquePointerInfo@core@5@@Z 00401760 f i umodsys_lib_libmedia:umodsys.mod.media.std.obj
 0001:000007a0       ?suicide@RLibraryObjFilter@std@media@modules@UModSys@@UAEXXZ 004017a0 f i umodsys_lib_libmedia:umodsys.mod.media.std.obj
 0001:000007a0       ?suicide@RLibraryBinTree@std@media@modules@UModSys@@UAEXXZ 004017a0 f i umodsys_lib_libmedia:umodsys.mod.media.std.obj
 0001:000007a0       ?suicide@RLibraryObjCache@std@media@modules@UModSys@@UAEXXZ 004017a0 f i umodsys_lib_libmedia:umodsys.mod.media.std.obj
 0001:000007a0       ?suicide@RLibraryBinCache@std@media@modules@UModSys@@UAEXXZ 004017a0 f i umodsys_lib_libmedia:umodsys.mod.media.std.obj
 0001:000007a0       ?suicide@RLibraryLayered@std@media@modules@UModSys@@UAEXXZ 004017a0 f i umodsys_lib_libmedia:umodsys.mod.media.std.obj
 0001:000007a0       ?suicide@RDataArchiver_OsDir@stdio@media@modules@UModSys@@UAEXXZ 004017a0 f i umodsys_lib_libmedia:umodsys.mod.media.stdio.obj
 0001:000007b0       ??0RLibraryBinTree@std@media@modules@UModSys@@QAE@PAUIModObject@base@4@ABUSParameters@core@4@U?$TFlags4State@USMediaFlagUid@libmedia@UModSys@@I@tl@4@@Z 004017b0 f i umodsys_lib_libmedia:umodsys.mod.media.std.obj
 0001:00000830       ??1RLibraryBinTree@std@media@modules@UModSys@@UAE@XZ 00401830 f i umodsys_lib_libmedia:umodsys.mod.media.std.obj
 0001:000008a0       ?get_flags_auto@RLibraryBinTree@std@media@modules@UModSys@@UBE?AU?$TFlags4State@USMediaFlagUid@libmedia@UModSys@@I@tl@5@XZ 004018a0 f i umodsys_lib_libmedia:umodsys.mod.media.std.obj
 0001:000008b0       ?bin_reader@RLibraryBinTree@std@media@modules@UModSys@@UAE?AU?$TRefObject@UIStreamReader@libmedia@UModSys@@U?$TRefObjectFunc@UIStreamReader@libmedia@UModSys@@@tl@3@@tl@5@ABU?$TString@U?$TSCoreConst@D@su@tl@UModSys@@U?$TComparerBinaryHash@D@234@@75@ABUSFlags@libmedia@5@@Z 004018b0 f i umodsys_lib_libmedia:umodsys.mod.media.std.obj
 0001:00000a20       ?bin_writer@RLibraryBinTree@std@media@modules@UModSys@@UAE?AU?$TRefObject@UIStreamWriter@libmedia@UModSys@@U?$TRefObjectFunc@UIStreamWriter@libmedia@UModSys@@@tl@3@@tl@5@ABU?$TString@U?$TSCoreConst@D@su@tl@UModSys@@U?$TComparerBinaryHash@D@234@@75@ABUSFlags@libmedia@5@@Z 00401a20 f i umodsys_lib_libmedia:umodsys.mod.media.std.obj
 0001:00000b90       ?bin_load@RLibraryBinTree@std@media@modules@UModSys@@UAE_NABU?$TString@U?$TSCoreConst@D@su@tl@UModSys@@U?$TComparerBinaryHash@D@234@@tl@5@AAUSCMemShared@core@5@ABUSFlags@libmedia@5@@Z 00401b90 f i umodsys_lib_libmedia:umodsys.mod.media.std.obj
 0001:00000ca0       ?bin_save@RLibraryBinTree@std@media@modules@UModSys@@UAE_NABU?$TString@U?$TSCoreConst@D@su@tl@UModSys@@U?$TComparerBinaryHash@D@234@@tl@5@ABUSCMem@core@5@ABUSFlags@libmedia@5@@Z 00401ca0 f i umodsys_lib_libmedia:umodsys.mod.media.std.obj
 0001:00000da0       ?bin_put@RLibraryObjCache@std@media@modules@UModSys@@UAE_NABU?$TString@U?$TSCoreConst@D@su@tl@UModSys@@U?$TComparerBinaryHash@D@234@@tl@5@PBUSCMemShared@core@5@@Z 00401da0 f i umodsys_lib_libmedia:umodsys.mod.media.std.obj
 0001:00000da0       ?obj_fsave@RLibraryBinCache@std@media@modules@UModSys@@UAE_NAAUSInfo@IBinObjFilter@libmedia@5@PBUIRefObject@core@5@@Z 00401da0 f i umodsys_lib_libmedia:umodsys.mod.media.std.obj
 0001:00000da0       ?obj_fsave@RLibraryObjCache@std@media@modules@UModSys@@UAE_NAAUSInfo@IBinObjFilter@libmedia@5@PBUIRefObject@core@5@@Z 00401da0 f i umodsys_lib_libmedia:umodsys.mod.media.std.obj
 0001:00000da0       ?obj_cput@RLibraryObjFilter@std@media@modules@UModSys@@UAE_NABU?$TString@U?$TSCoreConst@D@su@tl@UModSys@@U?$TComparerBinaryHash@D@234@@tl@5@PAUIRefObject@core@5@@Z 00401da0 f i umodsys_lib_libmedia:umodsys.mod.media.std.obj
 0001:00000da0       ?bin_put@RLibraryBinTree@std@media@modules@UModSys@@UAE_NABU?$TString@U?$TSCoreConst@D@su@tl@UModSys@@U?$TComparerBinaryHash@D@234@@tl@5@PBUSCMemShared@core@5@@Z 00401da0 f i umodsys_lib_libmedia:umodsys.mod.media.std.obj
 0001:00000da0       ?obj_fsave@RLibraryBinTree@std@media@modules@UModSys@@UAE_NAAUSInfo@IBinObjFilter@libmedia@5@PBUIRefObject@core@5@@Z 00401da0 f i umodsys_lib_libmedia:umodsys.mod.media.std.obj
 0001:00000da0       ?obj_cput@RLibraryBinTree@std@media@modules@UModSys@@UAE_NABU?$TString@U?$TSCoreConst@D@su@tl@UModSys@@U?$TComparerBinaryHash@D@234@@tl@5@PAUIRefObject@core@5@@Z 00401da0 f i umodsys_lib_libmedia:umodsys.mod.media.std.obj
 0001:00000da0       ?obj_fget@RLibraryObjCache@std@media@modules@UModSys@@UAE_NABUSInfo@IBinObjFilter@libmedia@5@AAU?$TRefObject@UIRefObject@core@UModSys@@U?$TRefObjectFunc@UIRefObject@core@UModSys@@@tl@3@@tl@5@@Z 00401da0 f i umodsys_lib_libmedia:umodsys.mod.media.std.obj
 0001:00000da0       ?bin_put@RLibraryObjFilter@std@media@modules@UModSys@@UAE_NABU?$TString@U?$TSCoreConst@D@su@tl@UModSys@@U?$TComparerBinaryHash@D@234@@tl@5@PBUSCMemShared@core@5@@Z 00401da0 f i umodsys_lib_libmedia:umodsys.mod.media.std.obj
 0001:00000da0       ?obj_fget@RLibraryBinCache@std@media@modules@UModSys@@UAE_NABUSInfo@IBinObjFilter@libmedia@5@AAU?$TRefObject@UIRefObject@core@UModSys@@U?$TRefObjectFunc@UIRefObject@core@UModSys@@@tl@3@@tl@5@@Z 00401da0 f i umodsys_lib_libmedia:umodsys.mod.media.std.obj
 0001:00000da0       ?obj_fload@RLibraryBinTree@std@media@modules@UModSys@@UAE_NABUSInfo@IBinObjFilter@libmedia@5@PAUIRefObject@core@5@@Z 00401da0 f i umodsys_lib_libmedia:umodsys.mod.media.std.obj
 0001:00000da0       ?obj_fload@RLibraryBinCache@std@media@modules@UModSys@@UAE_NABUSInfo@IBinObjFilter@libmedia@5@PAUIRefObject@core@5@@Z 00401da0 f i umodsys_lib_libmedia:umodsys.mod.media.std.obj
 0001:00000da0       ?obj_fload@RLibraryObjCache@std@media@modules@UModSys@@UAE_NABUSInfo@IBinObjFilter@libmedia@5@PAUIRefObject@core@5@@Z 00401da0 f i umodsys_lib_libmedia:umodsys.mod.media.std.obj
 0001:00000da0       ?obj_cput@RLibraryBinCache@std@media@modules@UModSys@@UAE_NABU?$TString@U?$TSCoreConst@D@su@tl@UModSys@@U?$TComparerBinaryHash@D@234@@tl@5@PAUIRefObject@core@5@@Z 00401da0 f i umodsys_lib_libmedia:umodsys.mod.media.std.obj
 0001:00000da0       ?obj_fget@RLibraryBinTree@std@media@modules@UModSys@@UAE_NABUSInfo@IBinObjFilter@libmedia@5@AAU?$TRefObject@UIRefObject@core@UModSys@@U?$TRefObjectFunc@UIRefObject@core@UModSys@@@tl@3@@tl@5@@Z 00401da0 f i umodsys_lib_libmedia:umodsys.mod.media.std.obj
 0001:00000db0       ?mount_get@RLibraryBinTree@std@media@modules@UModSys@@UBE?AUSPoint@ILibraryBinTree@libmedia@5@ABUSId@785@@Z 00401db0 f i umodsys_lib_libmedia:umodsys.mod.media.std.obj
 0001:00000e10       ?mount_add@RLibraryBinTree@std@media@modules@UModSys@@UAE_NABUSId@ILibraryBinTree@libmedia@5@ABUSPoint@785@@Z 00401e10 f i umodsys_lib_libmedia:umodsys.mod.media.std.obj
 0001:00000f90       ?mount_remove@RLibraryBinTree@std@media@modules@UModSys@@UAE_NABUSId@ILibraryBinTree@libmedia@5@@Z 00401f90 f i umodsys_lib_libmedia:umodsys.mod.media.std.obj
 0001:00000fd0       ?mount_clear@RLibraryBinTree@std@media@modules@UModSys@@UAE_NXZ 00401fd0 f i umodsys_lib_libmedia:umodsys.mod.media.std.obj
 0001:00001000       ??_ERLibraryBinTree@std@media@modules@UModSys@@UAEPAXI@Z 00402000 f i  CIL library: CIL module
 0001:00001000       ??_GRLibraryBinTree@std@media@modules@UModSys@@UAEPAXI@Z 00402000 f i umodsys_lib_libmedia:umodsys.mod.media.std.obj
 0001:00001020       ??1ILibraryBinTree@libmedia@UModSys@@UAE@XZ 00402020 f i umodsys_lib_libmedia:umodsys.mod.media.std.obj
 0001:00001020       ??1ILibraryObjCache@libmedia@UModSys@@UAE@XZ 00402020 f i umodsys_lib_libmedia:umodsys.mod.media.std.obj
 0001:00001020       ??1IStreamReader@libmedia@UModSys@@UAE@XZ 00402020 f i umodsys_lib_libmedia:umodsys.mod.media.stdio.obj
 0001:00001020       ??1IStreamWriter@libmedia@UModSys@@UAE@XZ 00402020 f i umodsys_lib_libmedia:umodsys.mod.media.stdio.obj
 0001:00001020       ??1ILibraryBinCache@libmedia@UModSys@@UAE@XZ 00402020 f i umodsys_lib_libmedia:umodsys.mod.media.std.obj
 0001:00001020       ??1ILibraryLayered@libmedia@UModSys@@UAE@XZ 00402020 f i umodsys_lib_libmedia:umodsys.mod.media.std.obj
 0001:00001020       ??1IBinArchive@libmedia@UModSys@@UAE@XZ 00402020 f i umodsys_lib_libmedia:umodsys.mod.media.stdio.obj
 0001:00001020       ??1ILibraryObjFilter@libmedia@UModSys@@UAE@XZ 00402020 f i umodsys_lib_libmedia:umodsys.mod.media.std.obj
 0001:00001030       ?root_get_interface_info@RLibraryLayered@std@media@modules@UModSys@@UBEABUSUniquePointerInfo@core@5@XZ 00402030 f i umodsys_lib_libmedia:umodsys.mod.media.std.obj
 0001:00001040       ?root_get_interface_type@RLibraryLayered@std@media@modules@UModSys@@UBEPBUSUniquePointerInfo@core@5@XZ 00402040 f i umodsys_lib_libmedia:umodsys.mod.media.std.obj
 0001:00001050       ?root_get_other_interface@RLibraryLayered@std@media@modules@UModSys@@UBEPBUIRoot@core@5@PBUSUniquePointerInfo@75@@Z 00402050 f i umodsys_lib_libmedia:umodsys.mod.media.std.obj
 0001:00001050       ?root_get_other_interface@RLibraryLayered@std@media@modules@UModSys@@UAEPAUIRoot@core@5@PBUSUniquePointerInfo@75@@Z 00402050 f i umodsys_lib_libmedia:umodsys.mod.media.std.obj
 0001:00001090       ?root_is_interface_supported@RLibraryLayered@std@media@modules@UModSys@@UBE_NPBUSUniquePointerInfo@core@5@@Z 00402090 f i umodsys_lib_libmedia:umodsys.mod.media.std.obj
 0001:000010d0       ??4SLayerX@RLibraryLayered@std@media@modules@UModSys@@QAEXABUSLayer@ILibraryLayered@libmedia@5@@Z 004020d0 f i umodsys_lib_libmedia:umodsys.mod.media.std.obj
 0001:00001160       ??0RLibraryLayered@std@media@modules@UModSys@@QAE@PAUIModObject@base@4@ABUSParameters@core@4@U?$TFlags4State@USMediaFlagUid@libmedia@UModSys@@I@tl@4@@Z 00402160 f i umodsys_lib_libmedia:umodsys.mod.media.std.obj
 0001:000011f0       ??1RLibraryLayered@std@media@modules@UModSys@@UAE@XZ 004021f0 f i umodsys_lib_libmedia:umodsys.mod.media.std.obj
 0001:00001250       ?get_flag@RLibraryLayered@std@media@modules@UModSys@@UBE?AW4eStates@?$TFlags4State@USMediaFlagUid@libmedia@UModSys@@I@tl@5@H@Z 00402250 f i umodsys_lib_libmedia:umodsys.mod.media.std.obj
 0001:00001270       ?get_flags_auto@RLibraryLayered@std@media@modules@UModSys@@UBE?AU?$TFlags4State@USMediaFlagUid@libmedia@UModSys@@I@tl@5@XZ 00402270 f i umodsys_lib_libmedia:umodsys.mod.media.std.obj
 0001:00001280       ?set_flag@RLibraryLayered@std@media@modules@UModSys@@UAE?AW4eStates@?$TFlags4State@USMediaFlagUid@libmedia@UModSys@@I@tl@5@HW46785@@Z 00402280 f i umodsys_lib_libmedia:umodsys.mod.media.std.obj
 0001:000012b0       ?bin_reader@RLibraryLayered@std@media@modules@UModSys@@UAE?AU?$TRefObject@UIStreamReader@libmedia@UModSys@@U?$TRefObjectFunc@UIStreamReader@libmedia@UModSys@@@tl@3@@tl@5@ABU?$TString@U?$TSCoreConst@D@su@tl@UModSys@@U?$TComparerBinaryHash@D@234@@75@ABUSFlags@libmedia@5@@Z 004022b0 f i umodsys_lib_libmedia:umodsys.mod.media.std.obj
 0001:000013b0       ?bin_writer@RLibraryLayered@std@media@modules@UModSys@@UAE?AU?$TRefObject@UIStreamWriter@libmedia@UModSys@@U?$TRefObjectFunc@UIStreamWriter@libmedia@UModSys@@@tl@3@@tl@5@ABU?$TString@U?$TSCoreConst@D@su@tl@UModSys@@U?$TComparerBinaryHash@D@234@@75@ABUSFlags@libmedia@5@@Z 004023b0 f i umodsys_lib_libmedia:umodsys.mod.media.std.obj
 0001:000014b0       ?bin_load@RLibraryLayered@std@media@modules@UModSys@@UAE_NABU?$TString@U?$TSCoreConst@D@su@tl@UModSys@@U?$TComparerBinaryHash@D@234@@tl@5@AAUSCMemShared@core@5@ABUSFlags@libmedia@5@@Z 004024b0 f i umodsys_lib_libmedia:umodsys.mod.media.std.obj
 0001:00001630       ?bin_save@RLibraryLayered@std@media@modules@UModSys@@UAE_NABU?$TString@U?$TSCoreConst@D@su@tl@UModSys@@U?$TComparerBinaryHash@D@234@@tl@5@ABUSCMem@core@5@ABUSFlags@libmedia@5@@Z 00402630 f i umodsys_lib_libmedia:umodsys.mod.media.std.obj
 0001:000017f0       ?bin_info@RLibraryLayered@std@media@modules@UModSys@@UAE_NABU?$TString@U?$TSCoreConst@D@su@tl@UModSys@@U?$TComparerBinaryHash@D@234@@tl@5@AAUSFileInfo@libmedia@5@ABUSFlags@95@@Z 004027f0 f i umodsys_lib_libmedia:umodsys.mod.media.std.obj
 0001:00001880       ?bin_info@RLibraryLayered@std@media@modules@UModSys@@UAE_NABU?$TString@U?$TSCoreConst@D@su@tl@UModSys@@U?$TComparerBinaryHash@D@234@@tl@5@AAU?$TIStackSocket@USFileInfo@libmedia@UModSys@@@75@ABUSFlags@libmedia@5@@Z 00402880 f i umodsys_lib_libmedia:umodsys.mod.media.std.obj
 0001:00001910       ?bin_get@RLibraryLayered@std@media@modules@UModSys@@UAE_NABU?$TString@U?$TSCoreConst@D@su@tl@UModSys@@U?$TComparerBinaryHash@D@234@@tl@5@AAUSCMemShared@core@5@_N@Z 00402910 f i umodsys_lib_libmedia:umodsys.mod.media.std.obj
 0001:00001970       ?bin_put@RLibraryLayered@std@media@modules@UModSys@@UAE_NABU?$TString@U?$TSCoreConst@D@su@tl@UModSys@@U?$TComparerBinaryHash@D@234@@tl@5@PBUSCMemShared@core@5@@Z 00402970 f i umodsys_lib_libmedia:umodsys.mod.media.std.obj
 0001:000019d0       ?obj_fget@RLibraryLayered@std@media@modules@UModSys@@UAE_NABUSInfo@IBinObjFilter@libmedia@5@AAU?$TRefObject@UIRefObject@core@UModSys@@U?$TRefObjectFunc@UIRefObject@core@UModSys@@@tl@3@@tl@5@@Z 004029d0 f i umodsys_lib_libmedia:umodsys.mod.media.std.obj
 0001:00001a30       ?obj_fload@RLibraryLayered@std@media@modules@UModSys@@UAE_NABUSInfo@IBinObjFilter@libmedia@5@PAUIRefObject@core@5@@Z 00402a30 f i umodsys_lib_libmedia:umodsys.mod.media.std.obj
 0001:00001a90       ?obj_fsave@RLibraryLayered@std@media@modules@UModSys@@UAE_NAAUSInfo@IBinObjFilter@libmedia@5@PBUIRefObject@core@5@@Z 00402a90 f i umodsys_lib_libmedia:umodsys.mod.media.std.obj
 0001:00001af0       ?obj_cget@RLibraryLayered@std@media@modules@UModSys@@UAE_NABU?$TString@U?$TSCoreConst@D@su@tl@UModSys@@U?$TComparerBinaryHash@D@234@@tl@5@AAU?$TRefObject@UIRefObject@core@UModSys@@U?$TRefObjectFunc@UIRefObject@core@UModSys@@@tl@3@@75@_N@Z 00402af0 f i umodsys_lib_libmedia:umodsys.mod.media.std.obj
 0001:00001b50       ?obj_cput@RLibraryLayered@std@media@modules@UModSys@@UAE_NABU?$TString@U?$TSCoreConst@D@su@tl@UModSys@@U?$TComparerBinaryHash@D@234@@tl@5@PAUIRefObject@core@5@@Z 00402b50 f i umodsys_lib_libmedia:umodsys.mod.media.std.obj
 0001:00001bb0       ?obj_get@RLibraryLayered@std@media@modules@UModSys@@UAE_NABU?$TString@U?$TSCoreConst@D@su@tl@UModSys@@U?$TComparerBinaryHash@D@234@@tl@5@AAU?$TRefObject@UIRefObject@core@UModSys@@U?$TRefObjectFunc@UIRefObject@core@UModSys@@@tl@3@@75@ABUSObjOptions@ILibrary@libmedia@5@@Z 00402bb0 f i umodsys_lib_libmedia:umodsys.mod.media.std.obj
 0001:00001e20       ?obj_load@RLibraryLayered@std@media@modules@UModSys@@UAE_NABU?$TString@U?$TSCoreConst@D@su@tl@UModSys@@U?$TComparerBinaryHash@D@234@@tl@5@PAUIRefObject@core@5@ABUSObjOptions@ILibrary@libmedia@5@@Z 00402e20 f i umodsys_lib_libmedia:umodsys.mod.media.std.obj
 0001:00001f80       ?obj_save@RLibraryLayered@std@media@modules@UModSys@@UAE_NABU?$TString@U?$TSCoreConst@D@su@tl@UModSys@@U?$TComparerBinaryHash@D@234@@tl@5@PBUIRefObject@core@5@ABUSObjOptions@ILibrary@libmedia@5@@Z 00402f80 f i umodsys_lib_libmedia:umodsys.mod.media.std.obj
 0001:00002100       ?layer_count@RLibraryLayered@std@media@modules@UModSys@@UBEIABUSLayer@ILibraryLayered@libmedia@5@@Z 00403100 f i umodsys_lib_libmedia:umodsys.mod.media.std.obj
 0001:00002110       ?layer_get@RLibraryLayered@std@media@modules@UModSys@@UBE?AUSLayer@ILibraryLayered@libmedia@5@I@Z 00403110 f i umodsys_lib_libmedia:umodsys.mod.media.std.obj
 0001:00002160       ?layer_find@RLibraryLayered@std@media@modules@UModSys@@UBEIABU?$TString@U?$TSCoreConst@D@su@tl@UModSys@@U?$TComparerBinaryHash@D@234@@tl@5@I@Z 00403160 f i umodsys_lib_libmedia:umodsys.mod.media.std.obj
 0001:000021f0       ?layer_insert@RLibraryLayered@std@media@modules@UModSys@@UAE_NABUSLayer@ILibraryLayered@libmedia@5@I@Z 004031f0 f i umodsys_lib_libmedia:umodsys.mod.media.std.obj
 0001:00002230       ?layer_remove@RLibraryLayered@std@media@modules@UModSys@@UAE_NI@Z 00403230 f i umodsys_lib_libmedia:umodsys.mod.media.std.obj
 0001:00002280       ?layer_clear@RLibraryLayered@std@media@modules@UModSys@@UAE_NXZ 00403280 f i umodsys_lib_libmedia:umodsys.mod.media.std.obj
 0001:00002290       ??_GRLibraryLayered@std@media@modules@UModSys@@UAEPAXI@Z 00403290 f i umodsys_lib_libmedia:umodsys.mod.media.std.obj
 0001:00002290       ??_ERLibraryLayered@std@media@modules@UModSys@@UAEPAXI@Z 00403290 f i  CIL library: CIL module
 0001:000022b0       ??1SInfo@IBinObjFilter@libmedia@UModSys@@QAE@XZ 004032b0 f i umodsys_lib_libmedia:umodsys.mod.media.std.obj
 0001:000022b0       ??1SCMemShared@core@UModSys@@QAE@XZ 004032b0 f i umodsys_lib_libmedia:umodsys.mod.media.std.obj
 0001:000022b0       ??1SMemShared@core@UModSys@@QAE@XZ 004032b0 f i umodsys_lib_libmedia:umodsys.mod.media.std.obj
 0001:000022c0       ?root_get_interface_info@RLibraryObjCache@std@media@modules@UModSys@@UBEABUSUniquePointerInfo@core@5@XZ 004032c0 f i umodsys_lib_libmedia:umodsys.mod.media.std.obj
 0001:000022d0       ?root_get_interface_type@RLibraryObjCache@std@media@modules@UModSys@@UBEPBUSUniquePointerInfo@core@5@XZ 004032d0 f i umodsys_lib_libmedia:umodsys.mod.media.std.obj
 0001:000022e0       ?root_get_other_interface@RLibraryObjCache@std@media@modules@UModSys@@UBEPBUIRoot@core@5@PBUSUniquePointerInfo@75@@Z 004032e0 f i umodsys_lib_libmedia:umodsys.mod.media.std.obj
 0001:000022e0       ?root_get_other_interface@RLibraryObjCache@std@media@modules@UModSys@@UAEPAUIRoot@core@5@PBUSUniquePointerInfo@75@@Z 004032e0 f i umodsys_lib_libmedia:umodsys.mod.media.std.obj
 0001:00002320       ?root_is_interface_supported@RLibraryObjCache@std@media@modules@UModSys@@UBE_NPBUSUniquePointerInfo@core@5@@Z 00403320 f i umodsys_lib_libmedia:umodsys.mod.media.std.obj
 0001:00002360       ?ref_add@RLibraryLayered@std@media@modules@UModSys@@UBEXXZ 00403360 f i umodsys_lib_libmedia:umodsys.mod.media.std.obj
 0001:00002360       ?ref_add@RLibraryBinCache@std@media@modules@UModSys@@UBEXXZ 00403360 f i umodsys_lib_libmedia:umodsys.mod.media.std.obj
 0001:00002360       ?ref_add@RLibraryObjFilter@std@media@modules@UModSys@@UBEXXZ 00403360 f i umodsys_lib_libmedia:umodsys.mod.media.std.obj
 0001:00002360       ?ref_add@RLibraryObjCache@std@media@modules@UModSys@@UBEXXZ 00403360 f i umodsys_lib_libmedia:umodsys.mod.media.std.obj
 0001:00002360       ?ref_add@RLibraryBinTree@std@media@modules@UModSys@@UBEXXZ 00403360 f i umodsys_lib_libmedia:umodsys.mod.media.std.obj
 0001:00002360       ?ref_add@RDataArchiver_OsDir@stdio@media@modules@UModSys@@UBEXXZ 00403360 f i umodsys_lib_libmedia:umodsys.mod.media.stdio.obj
 0001:00002370       ??0RLibraryObjCache@std@media@modules@UModSys@@QAE@PAUIModObject@base@4@ABUSParameters@core@4@U?$TFlags4State@USMediaFlagUid@libmedia@UModSys@@I@tl@4@@Z 00403370 f i umodsys_lib_libmedia:umodsys.mod.media.std.obj
 0001:000023f0       ??1RLibraryObjCache@std@media@modules@UModSys@@UAE@XZ 004033f0 f i umodsys_lib_libmedia:umodsys.mod.media.std.obj
 0001:00002460       ?get_flags_auto@RLibraryObjCache@std@media@modules@UModSys@@UBE?AU?$TFlags4State@USMediaFlagUid@libmedia@UModSys@@I@tl@5@XZ 00403460 f i umodsys_lib_libmedia:umodsys.mod.media.std.obj
 0001:00002470       ?obj_cput@RLibraryObjCache@std@media@modules@UModSys@@UAE_NABU?$TString@U?$TSCoreConst@D@su@tl@UModSys@@U?$TComparerBinaryHash@D@234@@tl@5@PAUIRefObject@core@5@@Z 00403470 f i umodsys_lib_libmedia:umodsys.mod.media.std.obj
 0001:00002480       ?obj_get@RLibraryObjCache@std@media@modules@UModSys@@UAE_NABU?$TString@U?$TSCoreConst@D@su@tl@UModSys@@U?$TComparerBinaryHash@D@234@@tl@5@AAU?$TRefObject@UIRefObject@core@UModSys@@U?$TRefObjectFunc@UIRefObject@core@UModSys@@@tl@3@@75@ABUSObjOptions@ILibrary@libmedia@5@@Z 00403480 f i umodsys_lib_libmedia:umodsys.mod.media.std.obj
 0001:00002560       ?objcache_get@RLibraryObjCache@std@media@modules@UModSys@@UBE_NABU?$TString@U?$TSCoreConst@D@su@tl@UModSys@@U?$TComparerBinaryHash@D@234@@tl@5@PAU?$TRefObject@UIRefObject@core@UModSys@@U?$TRefObjectFunc@UIRefObject@core@UModSys@@@tl@3@@75@PA_N@Z 00403560 f i umodsys_lib_libmedia:umodsys.mod.media.std.obj
 0001:000025e0       ?objcache_add@RLibraryObjCache@std@media@modules@UModSys@@UAE_NABU?$TString@U?$TSCoreConst@D@su@tl@UModSys@@U?$TComparerBinaryHash@D@234@@tl@5@PAUIRefObject@core@5@@Z 004035e0 f i umodsys_lib_libmedia:umodsys.mod.media.std.obj
 0001:00002750       ?objcache_remove@RLibraryObjCache@std@media@modules@UModSys@@UAE_NABU?$TString@U?$TSCoreConst@D@su@tl@UModSys@@U?$TComparerBinaryHash@D@234@@tl@5@@Z 00403750 f i umodsys_lib_libmedia:umodsys.mod.media.std.obj
 0001:00002790       ?objcache_clear@RLibraryObjCache@std@media@modules@UModSys@@UAE_NXZ 00403790 f i umodsys_lib_libmedia:umodsys.mod.media.std.obj
 0001:000027c0       ??_ERLibraryObjCache@std@media@modules@UModSys@@UAEPAXI@Z 004037c0 f i  CIL library: CIL module
 0001:000027c0       ??_GRLibraryObjCache@std@media@modules@UModSys@@UAEPAXI@Z 004037c0 f i umodsys_lib_libmedia:umodsys.mod.media.std.obj
 0001:000027e0       ?root_get_interface_info@RLibraryObjFilter@std@media@modules@UModSys@@UBEABUSUniquePointerInfo@core@5@XZ 004037e0 f i umodsys_lib_libmedia:umodsys.mod.media.std.obj
 0001:000027f0       ?root_get_interface_type@RLibraryObjFilter@std@media@modules@UModSys@@UBEPBUSUniquePointerInfo@core@5@XZ 004037f0 f i umodsys_lib_libmedia:umodsys.mod.media.std.obj
 0001:00002800       ?root_get_other_interface@RLibraryObjFilter@std@media@modules@UModSys@@UBEPBUIRoot@core@5@PBUSUniquePointerInfo@75@@Z 00403800 f i umodsys_lib_libmedia:umodsys.mod.media.std.obj
 0001:00002800       ?root_get_other_interface@RLibraryObjFilter@std@media@modules@UModSys@@UAEPAUIRoot@core@5@PBUSUniquePointerInfo@75@@Z 00403800 f i umodsys_lib_libmedia:umodsys.mod.media.std.obj
 0001:00002840       ?root_is_interface_supported@RLibraryObjFilter@std@media@modules@UModSys@@UBE_NPBUSUniquePointerInfo@core@5@@Z 00403840 f i umodsys_lib_libmedia:umodsys.mod.media.std.obj
 0001:00002880       ?ref_remove@RLibraryBinTree@std@media@modules@UModSys@@UBEXXZ 00403880 f i umodsys_lib_libmedia:umodsys.mod.media.std.obj
 0001:00002880       ?ref_remove@RLibraryBinCache@std@media@modules@UModSys@@UBEXXZ 00403880 f i umodsys_lib_libmedia:umodsys.mod.media.std.obj
 0001:00002880       ?ref_remove@RLibraryLayered@std@media@modules@UModSys@@UBEXXZ 00403880 f i umodsys_lib_libmedia:umodsys.mod.media.std.obj
 0001:00002880       ?ref_remove@RDataArchiver_OsDir@stdio@media@modules@UModSys@@UBEXXZ 00403880 f i umodsys_lib_libmedia:umodsys.mod.media.stdio.obj
 0001:00002880       ?ref_remove@RLibraryObjFilter@std@media@modules@UModSys@@UBEXXZ 00403880 f i umodsys_lib_libmedia:umodsys.mod.media.std.obj
 0001:00002880       ?ref_remove@RLibraryObjCache@std@media@modules@UModSys@@UBEXXZ 00403880 f i umodsys_lib_libmedia:umodsys.mod.media.std.obj
 0001:00002890       ?ref_links@RLibraryBinTree@std@media@modules@UModSys@@UBEHXZ 00403890 f i umodsys_lib_libmedia:umodsys.mod.media.std.obj
 0001:00002890       ?ref_links@RLibraryBinCache@std@media@modules@UModSys@@UBEHXZ 00403890 f i umodsys_lib_libmedia:umodsys.mod.media.std.obj
 0001:00002890       ?ref_links@RLibraryObjCache@std@media@modules@UModSys@@UBEHXZ 00403890 f i umodsys_lib_libmedia:umodsys.mod.media.std.obj
 0001:00002890       ?ref_links@RLibraryObjFilter@std@media@modules@UModSys@@UBEHXZ 00403890 f i umodsys_lib_libmedia:umodsys.mod.media.std.obj
 0001:00002890       ?ref_links@RLibraryLayered@std@media@modules@UModSys@@UBEHXZ 00403890 f i umodsys_lib_libmedia:umodsys.mod.media.std.obj
 0001:00002890       ?ref_links@RDataArchiver_OsDir@stdio@media@modules@UModSys@@UBEHXZ 00403890 f i umodsys_lib_libmedia:umodsys.mod.media.stdio.obj
 0001:000028a0       ??0RLibraryObjFilter@std@media@modules@UModSys@@QAE@PAUIModObject@base@4@ABUSParameters@core@4@U?$TFlags4State@USMediaFlagUid@libmedia@UModSys@@I@tl@4@@Z 004038a0 f i umodsys_lib_libmedia:umodsys.mod.media.std.obj
 0001:00002920       ??1RLibraryObjFilter@std@media@modules@UModSys@@UAE@XZ 00403920 f i umodsys_lib_libmedia:umodsys.mod.media.std.obj
 0001:00002990       ?get_flags_auto@RLibraryObjFilter@std@media@modules@UModSys@@UBE?AU?$TFlags4State@USMediaFlagUid@libmedia@UModSys@@I@tl@5@XZ 00403990 f i umodsys_lib_libmedia:umodsys.mod.media.std.obj
 0001:000029a0       ?obj_fget@RLibraryObjFilter@std@media@modules@UModSys@@UAE_NABUSInfo@IBinObjFilter@libmedia@5@AAU?$TRefObject@UIRefObject@core@UModSys@@U?$TRefObjectFunc@UIRefObject@core@UModSys@@@tl@3@@tl@5@@Z 004039a0 f i umodsys_lib_libmedia:umodsys.mod.media.std.obj
 0001:000029b0       ?obj_fload@RLibraryObjFilter@std@media@modules@UModSys@@UAE_NABUSInfo@IBinObjFilter@libmedia@5@PAUIRefObject@core@5@@Z 004039b0 f i umodsys_lib_libmedia:umodsys.mod.media.std.obj
 0001:000029c0       ?obj_fsave@RLibraryObjFilter@std@media@modules@UModSys@@UAE_NAAUSInfo@IBinObjFilter@libmedia@5@PBUIRefObject@core@5@@Z 004039c0 f i umodsys_lib_libmedia:umodsys.mod.media.std.obj
 0001:000029d0       ?bin_info@RLibraryObjCache@std@media@modules@UModSys@@UAE_NABU?$TString@U?$TSCoreConst@D@su@tl@UModSys@@U?$TComparerBinaryHash@D@234@@tl@5@AAUSFileInfo@libmedia@5@ABUSFlags@95@@Z 004039d0 f i umodsys_lib_libmedia:umodsys.mod.media.std.obj
 0001:000029d0       ?obj_save@RLibraryObjCache@std@media@modules@UModSys@@UAE_NABU?$TString@U?$TSCoreConst@D@su@tl@UModSys@@U?$TComparerBinaryHash@D@234@@tl@5@PBUIRefObject@core@5@ABUSObjOptions@ILibrary@libmedia@5@@Z 004039d0 f i umodsys_lib_libmedia:umodsys.mod.media.std.obj
 0001:000029d0       ?obj_save@RLibraryBinTree@std@media@modules@UModSys@@UAE_NABU?$TString@U?$TSCoreConst@D@su@tl@UModSys@@U?$TComparerBinaryHash@D@234@@tl@5@PBUIRefObject@core@5@ABUSObjOptions@ILibrary@libmedia@5@@Z 004039d0 f i umodsys_lib_libmedia:umodsys.mod.media.std.obj
 0001:000029d0       ?bin_get@RLibraryObjFilter@std@media@modules@UModSys@@UAE_NABU?$TString@U?$TSCoreConst@D@su@tl@UModSys@@U?$TComparerBinaryHash@D@234@@tl@5@AAUSCMemShared@core@5@_N@Z 004039d0 f i umodsys_lib_libmedia:umodsys.mod.media.std.obj
 0001:000029d0       ?obj_cget@RLibraryBinCache@std@media@modules@UModSys@@UAE_NABU?$TString@U?$TSCoreConst@D@su@tl@UModSys@@U?$TComparerBinaryHash@D@234@@tl@5@AAU?$TRefObject@UIRefObject@core@UModSys@@U?$TRefObjectFunc@UIRefObject@core@UModSys@@@tl@3@@75@_N@Z 004039d0 f i umodsys_lib_libmedia:umodsys.mod.media.std.obj
 0001:000029d0       ?bin_get@RLibraryObjCache@std@media@modules@UModSys@@UAE_NABU?$TString@U?$TSCoreConst@D@su@tl@UModSys@@U?$TComparerBinaryHash@D@234@@tl@5@AAUSCMemShared@core@5@_N@Z 004039d0 f i umodsys_lib_libmedia:umodsys.mod.media.std.obj
 0001:000029d0       ?obj_save@RLibraryObjFilter@std@media@modules@UModSys@@UAE_NABU?$TString@U?$TSCoreConst@D@su@tl@UModSys@@U?$TComparerBinaryHash@D@234@@tl@5@PBUIRefObject@core@5@ABUSObjOptions@ILibrary@libmedia@5@@Z 004039d0 f i umodsys_lib_libmedia:umodsys.mod.media.std.obj
 0001:000029d0       ?bin_info@RLibraryBinCache@std@media@modules@UModSys@@UAE_NABU?$TString@U?$TSCoreConst@D@su@tl@UModSys@@U?$TComparerBinaryHash@D@234@@tl@5@AAU?$TIStackSocket@USFileInfo@libmedia@UModSys@@@75@ABUSFlags@libmedia@5@@Z 004039d0 f i umodsys_lib_libmedia:umodsys.mod.media.std.obj
 0001:000029d0       ?obj_load@RLibraryObjCache@std@media@modules@UModSys@@UAE_NABU?$TString@U?$TSCoreConst@D@su@tl@UModSys@@U?$TComparerBinaryHash@D@234@@tl@5@PAUIRefObject@core@5@ABUSObjOptions@ILibrary@libmedia@5@@Z 004039d0 f i umodsys_lib_libmedia:umodsys.mod.media.std.obj
 0001:000029d0       ?bin_save@RLibraryBinCache@std@media@modules@UModSys@@UAE_NABU?$TString@U?$TSCoreConst@D@su@tl@UModSys@@U?$TComparerBinaryHash@D@234@@tl@5@ABUSCMem@core@5@ABUSFlags@libmedia@5@@Z 004039d0 f i umodsys_lib_libmedia:umodsys.mod.media.std.obj
 0001:000029d0       ?obj_cget@RLibraryObjFilter@std@media@modules@UModSys@@UAE_NABU?$TString@U?$TSCoreConst@D@su@tl@UModSys@@U?$TComparerBinaryHash@D@234@@tl@5@AAU?$TRefObject@UIRefObject@core@UModSys@@U?$TRefObjectFunc@UIRefObject@core@UModSys@@@tl@3@@75@_N@Z 004039d0 f i umodsys_lib_libmedia:umodsys.mod.media.std.obj
 0001:000029d0       ?bin_load@RLibraryObjCache@std@media@modules@UModSys@@UAE_NABU?$TString@U?$TSCoreConst@D@su@tl@UModSys@@U?$TComparerBinaryHash@D@234@@tl@5@AAUSCMemShared@core@5@ABUSFlags@libmedia@5@@Z 004039d0 f i umodsys_lib_libmedia:umodsys.mod.media.std.obj
 0001:000029d0       ?bin_load@RLibraryObjFilter@std@media@modules@UModSys@@UAE_NABU?$TString@U?$TSCoreConst@D@su@tl@UModSys@@U?$TComparerBinaryHash@D@234@@tl@5@AAUSCMemShared@core@5@ABUSFlags@libmedia@5@@Z 004039d0 f i umodsys_lib_libmedia:umodsys.mod.media.std.obj
 0001:000029d0       ?bin_save@RLibraryObjCache@std@media@modules@UModSys@@UAE_NABU?$TString@U?$TSCoreConst@D@su@tl@UModSys@@U?$TComparerBinaryHash@D@234@@tl@5@ABUSCMem@core@5@ABUSFlags@libmedia@5@@Z 004039d0 f i umodsys_lib_libmedia:umodsys.mod.media.std.obj
 0001:000029d0       ?bin_info@RLibraryBinTree@std@media@modules@UModSys@@UAE_NABU?$TString@U?$TSCoreConst@D@su@tl@UModSys@@U?$TComparerBinaryHash@D@234@@tl@5@AAU?$TIStackSocket@USFileInfo@libmedia@UModSys@@@75@ABUSFlags@libmedia@5@@Z 004039d0 f i umodsys_lib_libmedia:umodsys.mod.media.std.obj
 0001:000029d0       ?bin_info@RLibraryObjFilter@std@media@modules@UModSys@@UAE_NABU?$TString@U?$TSCoreConst@D@su@tl@UModSys@@U?$TComparerBinaryHash@D@234@@tl@5@AAUSFileInfo@libmedia@5@ABUSFlags@95@@Z 004039d0 f i umodsys_lib_libmedia:umodsys.mod.media.std.obj
 0001:000029d0       ?obj_get@RLibraryBinTree@std@media@modules@UModSys@@UAE_NABU?$TString@U?$TSCoreConst@D@su@tl@UModSys@@U?$TComparerBinaryHash@D@234@@tl@5@AAU?$TRefObject@UIRefObject@core@UModSys@@U?$TRefObjectFunc@UIRefObject@core@UModSys@@@tl@3@@75@ABUSObjOptions@ILibrary@libmedia@5@@Z 004039d0 f i umodsys_lib_libmedia:umodsys.mod.media.std.obj
 0001:000029d0       ?bin_info@RLibraryObjCache@std@media@modules@UModSys@@UAE_NABU?$TString@U?$TSCoreConst@D@su@tl@UModSys@@U?$TComparerBinaryHash@D@234@@tl@5@AAU?$TIStackSocket@USFileInfo@libmedia@UModSys@@@75@ABUSFlags@libmedia@5@@Z 004039d0 f i umodsys_lib_libmedia:umodsys.mod.media.std.obj
 0001:000029d0       ?obj_save@RLibraryBinCache@std@media@modules@UModSys@@UAE_NABU?$TString@U?$TSCoreConst@D@su@tl@UModSys@@U?$TComparerBinaryHash@D@234@@tl@5@PBUIRefObject@core@5@ABUSObjOptions@ILibrary@libmedia@5@@Z 004039d0 f i umodsys_lib_libmedia:umodsys.mod.media.std.obj
 0001:000029d0       ?obj_load@RLibraryObjFilter@std@media@modules@UModSys@@UAE_NABU?$TString@U?$TSCoreConst@D@su@tl@UModSys@@U?$TComparerBinaryHash@D@234@@tl@5@PAUIRefObject@core@5@ABUSObjOptions@ILibrary@libmedia@5@@Z 004039d0 f i umodsys_lib_libmedia:umodsys.mod.media.std.obj
 0001:000029d0       ?obj_get@RLibraryBinCache@std@media@modules@UModSys@@UAE_NABU?$TString@U?$TSCoreConst@D@su@tl@UModSys@@U?$TComparerBinaryHash@D@234@@tl@5@AAU?$TRefObject@UIRefObject@core@UModSys@@U?$TRefObjectFunc@UIRefObject@core@UModSys@@@tl@3@@75@ABUSObjOptions@ILibrary@libmedia@5@@Z 004039d0 f i umodsys_lib_libmedia:umodsys.mod.media.std.obj
 0001:000029d0       ?bin_save@RLibraryObjFilter@std@media@modules@UModSys@@UAE_NABU?$TString@U?$TSCoreConst@D@su@tl@UModSys@@U?$TComparerBinaryHash@D@234@@tl@5@ABUSCMem@core@5@ABUSFlags@libmedia@5@@Z 004039d0 f i umodsys_lib_libmedia:umodsys.mod.media.std.obj
 0001:000029d0       ?obj_load@RLibraryBinTree@std@media@modules@UModSys@@UAE_NABU?$TString@U?$TSCoreConst@D@su@tl@UModSys@@U?$TComparerBinaryHash@D@234@@tl@5@PAUIRefObject@core@5@ABUSObjOptions@ILibrary@libmedia@5@@Z 004039d0 f i umodsys_lib_libmedia:umodsys.mod.media.std.obj
 0001:000029d0       ?obj_get@RLibraryObjFilter@std@media@modules@UModSys@@UAE_NABU?$TString@U?$TSCoreConst@D@su@tl@UModSys@@U?$TComparerBinaryHash@D@234@@tl@5@AAU?$TRefObject@UIRefObject@core@UModSys@@U?$TRefObjectFunc@UIRefObject@core@UModSys@@@tl@3@@75@ABUSObjOptions@ILibrary@libmedia@5@@Z 004039d0 f i umodsys_lib_libmedia:umodsys.mod.media.std.obj
 0001:000029d0       ?obj_load@RLibraryBinCache@std@media@modules@UModSys@@UAE_NABU?$TString@U?$TSCoreConst@D@su@tl@UModSys@@U?$TComparerBinaryHash@D@234@@tl@5@PAUIRefObject@core@5@ABUSObjOptions@ILibrary@libmedia@5@@Z 004039d0 f i umodsys_lib_libmedia:umodsys.mod.media.std.obj
 0001:000029d0       ?bin_info@RLibraryBinTree@std@media@modules@UModSys@@UAE_NABU?$TString@U?$TSCoreConst@D@su@tl@UModSys@@U?$TComparerBinaryHash@D@234@@tl@5@AAUSFileInfo@libmedia@5@ABUSFlags@95@@Z 004039d0 f i umodsys_lib_libmedia:umodsys.mod.media.std.obj
 0001:000029d0       ?bin_info@RLibraryBinCache@std@media@modules@UModSys@@UAE_NABU?$TString@U?$TSCoreConst@D@su@tl@UModSys@@U?$TComparerBinaryHash@D@234@@tl@5@AAUSFileInfo@libmedia@5@ABUSFlags@95@@Z 004039d0 f i umodsys_lib_libmedia:umodsys.mod.media.std.obj
 0001:000029d0       ?bin_info@RLibraryObjFilter@std@media@modules@UModSys@@UAE_NABU?$TString@U?$TSCoreConst@D@su@tl@UModSys@@U?$TComparerBinaryHash@D@234@@tl@5@AAU?$TIStackSocket@USFileInfo@libmedia@UModSys@@@75@ABUSFlags@libmedia@5@@Z 004039d0 f i umodsys_lib_libmedia:umodsys.mod.media.std.obj
 0001:000029d0       ?obj_cget@RLibraryBinTree@std@media@modules@UModSys@@UAE_NABU?$TString@U?$TSCoreConst@D@su@tl@UModSys@@U?$TComparerBinaryHash@D@234@@tl@5@AAU?$TRefObject@UIRefObject@core@UModSys@@U?$TRefObjectFunc@UIRefObject@core@UModSys@@@tl@3@@75@_N@Z 004039d0 f i umodsys_lib_libmedia:umodsys.mod.media.std.obj
 0001:000029d0       ?bin_get@RLibraryBinTree@std@media@modules@UModSys@@UAE_NABU?$TString@U?$TSCoreConst@D@su@tl@UModSys@@U?$TComparerBinaryHash@D@234@@tl@5@AAUSCMemShared@core@5@_N@Z 004039d0 f i umodsys_lib_libmedia:umodsys.mod.media.std.obj
 0001:000029e0       ?filters_add@RLibraryObjFilter@std@media@modules@UModSys@@UAE_NU?$TRefObject@UIBinObjFilter@libmedia@UModSys@@U?$TRefObjectFunc@UIBinObjFilter@libmedia@UModSys@@@tl@3@@tl@5@PBUSParameters@core@5@H@Z 004039e0 f i umodsys_lib_libmedia:umodsys.mod.media.std.obj
 0001:00002ac0       ?filters_remove@RLibraryObjFilter@std@media@modules@UModSys@@UAE_NPAUIBinObjFilter@libmedia@5@H@Z 00403ac0 f i umodsys_lib_libmedia:umodsys.mod.media.std.obj
 0001:00002b30       ?filters_clear@RLibraryObjFilter@std@media@modules@UModSys@@UAE_NXZ 00403b30 f i umodsys_lib_libmedia:umodsys.mod.media.std.obj
 0001:00002b60       ?filters_load@RLibraryObjFilter@std@media@modules@UModSys@@UAE_NABUSInfo@IBinObjFilter@libmedia@5@AAU?$TRefObject@UIRefObject@core@UModSys@@U?$TRefObjectFunc@UIRefObject@core@UModSys@@@tl@3@@tl@5@@Z 00403b60 f i umodsys_lib_libmedia:umodsys.mod.media.std.obj
 0001:00002bf0       ?filters_load@RLibraryObjFilter@std@media@modules@UModSys@@UAE_NABUSInfo@IBinObjFilter@libmedia@5@PAUIRefObject@core@5@@Z 00403bf0 f i umodsys_lib_libmedia:umodsys.mod.media.std.obj
 0001:00002c80       ?filters_save@RLibraryObjFilter@std@media@modules@UModSys@@UAE_NAAUSInfo@IBinObjFilter@libmedia@5@PBUIRefObject@core@5@@Z 00403c80 f i umodsys_lib_libmedia:umodsys.mod.media.std.obj
 0001:00002d10       ??_GRLibraryObjFilter@std@media@modules@UModSys@@UAEPAXI@Z 00403d10 f i umodsys_lib_libmedia:umodsys.mod.media.std.obj
 0001:00002d10       ??_ERLibraryObjFilter@std@media@modules@UModSys@@UAEPAXI@Z 00403d10 f i  CIL library: CIL module
 0001:00002d30       ?get_generated_names@RGenerator@std@media@modules@UModSys@@UBEHAAUSUniquePtrList@core@5@@Z 00403d30 f i umodsys_lib_libmedia:umodsys.mod.media.std.obj
 0001:00002d80       ?get_generated_types@RGenerator@std@media@modules@UModSys@@UBEHAAUSUniquePtrList@core@5@PBUSUniquePointerInfo@75@@Z 00403d80 f i umodsys_lib_libmedia:umodsys.mod.media.std.obj
 0001:00002e90       ?generate@RGenerator@std@media@modules@UModSys@@UAE_NAAU?$TRefObject@UIRefObject@core@UModSys@@U?$TRefObjectFunc@UIRefObject@core@UModSys@@@tl@3@@tl@5@PBUSUniquePointerInfo@core@5@ABUSParameters@95@@Z 00403e90 f i umodsys_lib_libmedia:umodsys.mod.media.std.obj
 0001:00002f20       ?root_get_interface_info@RGenerator@std@media@modules@UModSys@@UBEABUSUniquePointerInfo@core@5@XZ 00403f20 f i umodsys_lib_libmedia:umodsys.mod.media.std.obj
 0001:00002f30       ?root_get_interface_type@RGenerator@std@media@modules@UModSys@@UBEPBUSUniquePointerInfo@core@5@XZ 00403f30 f i umodsys_lib_libmedia:umodsys.mod.media.std.obj
 0001:00002f40       ?root_get_other_interface@RGenerator@std@media@modules@UModSys@@UBEPBUIRoot@core@5@PBUSUniquePointerInfo@75@@Z 00403f40 f i umodsys_lib_libmedia:umodsys.mod.media.std.obj
 0001:00002f40       ?root_get_other_interface@RGenerator@std@media@modules@UModSys@@UAEPAUIRoot@core@5@PBUSUniquePointerInfo@75@@Z 00403f40 f i umodsys_lib_libmedia:umodsys.mod.media.std.obj
 0001:00002f80       ?root_is_interface_supported@RGenerator@std@media@modules@UModSys@@UBE_NPBUSUniquePointerInfo@core@5@@Z 00403f80 f i umodsys_lib_libmedia:umodsys.mod.media.std.obj
 0001:00002fc0       ?get_uid@RGenerator@std@media@modules@UModSys@@UBEPBUSUniquePointerInfo@core@5@XZ 00403fc0 f i umodsys_lib_libmedia:umodsys.mod.media.std.obj
 0001:00002fd0       ?do_open@RModuleReg@std@media@modules@UModSys@@UAE_NXZ 00403fd0 f i umodsys_lib_libmedia:umodsys.mod.media.std.obj
 0001:00002fe0       ?do_close@RModuleReg@std@media@modules@UModSys@@UAE_NXZ 00403fe0 f i umodsys_lib_libmedia:umodsys.mod.media.std.obj
 0001:00002ff0       ??_ERModuleReg@std@media@modules@UModSys@@UAEPAXI@Z 00403ff0 f i  CIL library: CIL module
 0001:00002ff0       ??_GRModuleReg@std@media@modules@UModSys@@UAEPAXI@Z 00403ff0 f i umodsys_lib_libmedia:umodsys.mod.media.std.obj
 0001:00003020       ??4?$TString@U?$TSCoreConst@D@su@tl@UModSys@@U?$TComparerBinaryHash@D@234@@tl@UModSys@@QAEABU012@PBD@Z 00404020 f i umodsys_lib_libmedia:umodsys.mod.media.std.obj
 0001:00003060       ??0?$TString@U?$TSCoreShared@USIMemAlloc@core@UModSys@@D@su@tl@UModSys@@U?$TComparerBinaryHash@D@234@@tl@UModSys@@QAE@ABU?$TSCoreConst@D@su@12@@Z 00404060 f i umodsys_lib_libmedia:umodsys.mod.media.std.obj
 0001:000030d0       ??4?$TString@U?$TSCoreShared@USIMemAlloc@core@UModSys@@D@su@tl@UModSys@@U?$TComparerBinaryHash@D@234@@tl@UModSys@@QAEABU012@ABU012@@Z 004040d0 f i umodsys_lib_libmedia:umodsys.mod.media.std.obj
 0001:00003110       ??1?$TString@U?$TSCoreShared@USIMemAlloc@core@UModSys@@D@su@tl@UModSys@@U?$TComparerBinaryHash@D@234@@tl@UModSys@@QAE@XZ 00404110 f i umodsys_lib_libmedia:umodsys.mod.media.std.obj
 0001:00003110       ??1?$TSCoreShared@USIMemAlloc@core@UModSys@@D@su@tl@UModSys@@QAE@XZ 00404110 f i umodsys_lib_libmedia:umodsys.mod.media.std.obj
 0001:00003150       ?remove_node@?$TTreeHoldRB@U?$TScatterArrayNode@USFilter@RLibraryObjFilter@std@media@modules@UModSys@@USId@23456@@tl@UModSys@@@tl@UModSys@@QAEXPAU?$TScatterArrayNode@USFilter@RLibraryObjFilter@std@media@modules@UModSys@@USId@23456@@23@@Z 00404150 f i umodsys_lib_libmedia:umodsys.mod.media.std.obj
 0001:00003150       ?remove_node@?$TTreeHoldRB@U?$TScatterArrayNode@USMountInfo@RLibraryBinTree@std@media@modules@UModSys@@USId@ILibraryBinTree@libmedia@6@@tl@UModSys@@@tl@UModSys@@QAEXPAU?$TScatterArrayNode@USMountInfo@RLibraryBinTree@std@media@modules@UModSys@@USId@ILibraryBinTree@libmedia@6@@23@@Z 00404150 f i umodsys_lib_libmedia:umodsys.mod.media.std.obj
 0001:00003150       ?remove_node@?$TTreeHoldRB@U?$TScatterArrayNode@USCacheElem@RLibraryBinCache@std@media@modules@UModSys@@U?$TString@U?$TSCoreConst@D@su@tl@UModSys@@U?$TComparerBinaryHash@D@234@@tl@6@@tl@UModSys@@@tl@UModSys@@QAEXPAU?$TScatterArrayNode@USCacheElem@RLibraryBinCache@std@media@modules@UModSys@@U?$TString@U?$TSCoreConst@D@su@tl@UModSys@@U?$TComparerBinaryHash@D@234@@tl@6@@23@@Z 00404150 f i umodsys_lib_libmedia:umodsys.mod.media.std.obj
 0001:00003150       ?remove_node@?$TTreeHoldRB@U?$TScatterArrayNode@USCacheElem@RLibraryObjCache@std@media@modules@UModSys@@U?$TString@U?$TSCoreConst@D@su@tl@UModSys@@U?$TComparerBinaryHash@D@234@@tl@6@@tl@UModSys@@@tl@UModSys@@QAEXPAU?$TScatterArrayNode@USCacheElem@RLibraryObjCache@std@media@modules@UModSys@@U?$TString@U?$TSCoreConst@D@su@tl@UModSys@@U?$TComparerBinaryHash@D@234@@tl@6@@23@@Z 00404150 f i umodsys_lib_libmedia:umodsys.mod.media.std.obj
 0001:00003240       ??1?$TPair@U?$TString@U?$TSCoreConst@D@su@tl@UModSys@@U?$TComparerBinaryHash@D@234@@tl@UModSys@@USCacheElem@RLibraryBinCache@std@media@modules@3@@tl@UModSys@@QAE@XZ 00404240 f i umodsys_lib_libmedia:umodsys.mod.media.std.obj
 0001:00003250       ??1?$TPair@USId@ILibraryBinTree@libmedia@UModSys@@USMountInfo@RLibraryBinTree@std@media@modules@4@@tl@UModSys@@QAE@XZ 00404250 f i umodsys_lib_libmedia:umodsys.mod.media.std.obj
 0001:00003260       ??1?$TPair@U?$TString@U?$TSCoreConst@D@su@tl@UModSys@@U?$TComparerBinaryHash@D@234@@tl@UModSys@@USCacheElem@RLibraryObjCache@std@media@modules@3@@tl@UModSys@@QAE@XZ 00404260 f i umodsys_lib_libmedia:umodsys.mod.media.std.obj
 0001:00003270       ??1?$TPair@USId@RLibraryObjFilter@std@media@modules@UModSys@@USFilter@23456@@tl@UModSys@@QAE@XZ 00404270 f i umodsys_lib_libmedia:umodsys.mod.media.std.obj
 0001:00003290       ??1SCacheElem@RLibraryBinCache@std@media@modules@UModSys@@QAE@XZ 00404290 f i umodsys_lib_libmedia:umodsys.mod.media.std.obj
 0001:00003310       ??1SMountInfo@RLibraryBinTree@std@media@modules@UModSys@@QAE@XZ 00404310 f i umodsys_lib_libmedia:umodsys.mod.media.std.obj
 0001:000033a0       ??1SCacheElem@RLibraryObjCache@std@media@modules@UModSys@@QAE@XZ 004043a0 f i umodsys_lib_libmedia:umodsys.mod.media.std.obj
 0001:00003430       ?info_new@?$TSCoreShared@USIMemAlloc@core@UModSys@@D@su@tl@UModSys@@QAE_NPBDI@Z 00404430 f i umodsys_lib_libmedia:umodsys.mod.media.std.obj
 0001:000034c0       ?ResizeRel@?$TDynarray@U?$TDynarrayHolderDynamic@USLayerX@RLibraryLayered@std@media@modules@UModSys@@U?$TAllocator@USIMemAlloc@core@UModSys@@USCountCalcPower2@23@@tl@6@@tl@UModSys@@@tl@UModSys@@QAE_NH@Z 004044c0 f i umodsys_lib_libmedia:umodsys.mod.media.std.obj
 0001:00003540       ?InsertAt@?$TDynarray@U?$TDynarrayHolderDynamic@USLayerX@RLibraryLayered@std@media@modules@UModSys@@U?$TAllocator@USIMemAlloc@core@UModSys@@USCountCalcPower2@23@@tl@6@@tl@UModSys@@@tl@UModSys@@QAE_NII@Z 00404540 f i umodsys_lib_libmedia:umodsys.mod.media.std.obj
 0001:000035a0       ?s_set@?$TRefObjectFunc@UIRefObject@core@UModSys@@@tl@UModSys@@SAXAAPAUIRefObject@core@3@PAU453@@Z 004045a0 f i umodsys_lib_libmedia:umodsys.mod.media.std.obj
 0001:000035c0       ?remove_color@?$TTreeHoldRB@U?$TScatterArrayNode@USCacheElem@RLibraryObjCache@std@media@modules@UModSys@@U?$TString@U?$TSCoreConst@D@su@tl@UModSys@@U?$TComparerBinaryHash@D@234@@tl@6@@tl@UModSys@@@tl@UModSys@@IAEXPAU?$TScatterArrayNode@USCacheElem@RLibraryObjCache@std@media@modules@UModSys@@U?$TString@U?$TSCoreConst@D@su@tl@UModSys@@U?$TComparerBinaryHash@D@234@@tl@6@@23@0@Z 004045c0 f i umodsys_lib_libmedia:umodsys.mod.media.std.obj
 0001:000035c0       ?remove_color@?$TTreeHoldRB@U?$TScatterArrayNode@USMountInfo@RLibraryBinTree@std@media@modules@UModSys@@USId@ILibraryBinTree@libmedia@6@@tl@UModSys@@@tl@UModSys@@IAEXPAU?$TScatterArrayNode@USMountInfo@RLibraryBinTree@std@media@modules@UModSys@@USId@ILibraryBinTree@libmedia@6@@23@0@Z 004045c0 f i umodsys_lib_libmedia:umodsys.mod.media.std.obj
 0001:000035c0       ?remove_color@?$TTreeHoldRB@U?$TScatterArrayNode@USFilter@RLibraryObjFilter@std@media@modules@UModSys@@USId@23456@@tl@UModSys@@@tl@UModSys@@IAEXPAU?$TScatterArrayNode@USFilter@RLibraryObjFilter@std@media@modules@UModSys@@USId@23456@@23@0@Z 004045c0 f i umodsys_lib_libmedia:umodsys.mod.media.std.obj
 0001:000035c0       ?remove_color@?$TTreeHoldRB@U?$TScatterArrayNode@USCacheElem@RLibraryBinCache@std@media@modules@UModSys@@U?$TString@U?$TSCoreConst@D@su@tl@UModSys@@U?$TComparerBinaryHash@D@234@@tl@6@@tl@UModSys@@@tl@UModSys@@IAEXPAU?$TScatterArrayNode@USCacheElem@RLibraryBinCache@std@media@modules@UModSys@@U?$TString@U?$TSCoreConst@D@su@tl@UModSys@@U?$TComparerBinaryHash@D@234@@tl@6@@23@0@Z 004045c0 f i umodsys_lib_libmedia:umodsys.mod.media.std.obj
 0001:00003740       ??$t_types@URLibraryLayered@std@media@modules@UModSys@@@IGenerator@base@UModSys@@KA_NAAHAAUSUniquePtrList@core@2@PBUSUniquePointerInfo@42@@Z 00404740 f i umodsys_lib_libmedia:umodsys.mod.media.std.obj
 0001:00003790       ??$t_types@URLibraryObjFilter@std@media@modules@UModSys@@@IGenerator@base@UModSys@@KA_NAAHAAUSUniquePtrList@core@2@PBUSUniquePointerInfo@42@@Z 00404790 f i umodsys_lib_libmedia:umodsys.mod.media.std.obj
 0001:000037e0       ??$t_types@URLibraryObjCache@std@media@modules@UModSys@@@IGenerator@base@UModSys@@KA_NAAHAAUSUniquePtrList@core@2@PBUSUniquePointerInfo@42@@Z 004047e0 f i umodsys_lib_libmedia:umodsys.mod.media.std.obj
 0001:00003830       ??$t_gen_param@URLibraryBinCache@std@media@modules@UModSys@@URGenerator@2345@@IGenerator@base@UModSys@@IAE_NPAURGenerator@std@media@modules@2@AAU?$TRefObject@UIRefObject@core@UModSys@@U?$TRefObjectFunc@UIRefObject@core@UModSys@@@tl@3@@tl@2@PBUSUniquePointerInfo@core@2@ABUSParameters@core@2@@Z 00404830 f i umodsys_lib_libmedia:umodsys.mod.media.std.obj
 0001:000038b0       ??$t_gen_param@URLibraryBinTree@std@media@modules@UModSys@@URGenerator@2345@@IGenerator@base@UModSys@@IAE_NPAURGenerator@std@media@modules@2@AAU?$TRefObject@UIRefObject@core@UModSys@@U?$TRefObjectFunc@UIRefObject@core@UModSys@@@tl@3@@tl@2@PBUSUniquePointerInfo@core@2@ABUSParameters@core@2@@Z 004048b0 f i umodsys_lib_libmedia:umodsys.mod.media.std.obj
 0001:00003930       ??$t_gen_param@URLibraryLayered@std@media@modules@UModSys@@URGenerator@2345@@IGenerator@base@UModSys@@IAE_NPAURGenerator@std@media@modules@2@AAU?$TRefObject@UIRefObject@core@UModSys@@U?$TRefObjectFunc@UIRefObject@core@UModSys@@@tl@3@@tl@2@PBUSUniquePointerInfo@core@2@ABUSParameters@core@2@@Z 00404930 f i umodsys_lib_libmedia:umodsys.mod.media.std.obj
 0001:000039a0       ??$t_gen_param@URLibraryObjFilter@std@media@modules@UModSys@@URGenerator@2345@@IGenerator@base@UModSys@@IAE_NPAURGenerator@std@media@modules@2@AAU?$TRefObject@UIRefObject@core@UModSys@@U?$TRefObjectFunc@UIRefObject@core@UModSys@@@tl@3@@tl@2@PBUSUniquePointerInfo@core@2@ABUSParameters@core@2@@Z 004049a0 f i umodsys_lib_libmedia:umodsys.mod.media.std.obj
 0001:00003a20       ??$t_gen_param@URLibraryObjCache@std@media@modules@UModSys@@URGenerator@2345@@IGenerator@base@UModSys@@IAE_NPAURGenerator@std@media@modules@2@AAU?$TRefObject@UIRefObject@core@UModSys@@U?$TRefObjectFunc@UIRefObject@core@UModSys@@@tl@3@@tl@2@PBUSUniquePointerInfo@core@2@ABUSParameters@core@2@@Z 00404a20 f i umodsys_lib_libmedia:umodsys.mod.media.std.obj
 0001:00003aa0       ??$genx_node@UCmp@?$TScatterArray@USCacheElem@RLibraryBinCache@std@media@modules@UModSys@@U?$TString@U?$TSCoreConst@D@su@tl@UModSys@@U?$TComparerBinaryHash@D@234@@tl@6@U?$TObjectCompare@U?$TString@U?$TSCoreConst@D@su@tl@UModSys@@U?$TComparerBinaryHash@D@234@@tl@UModSys@@@core@6@U?$TNodeDeleter0@U?$TScatterArrayNode@USCacheElem@RLibraryBinCache@std@media@modules@UModSys@@U?$TString@U?$TSCoreConst@D@su@tl@UModSys@@U?$TComparerBinaryHash@D@234@@tl@6@@tl@UModSys@@@86@@tl@UModSys@@UGen0@234@@?$TTreeHoldRBD@U?$TScatterArrayNode@USCacheElem@RLibraryBinCache@std@media@modules@UModSys@@U?$TString@U?$TSCoreConst@D@su@tl@UModSys@@U?$TComparerBinaryHash@D@234@@tl@6@@tl@UModSys@@U?$TNodeDeleter0@U?$TScatterArrayNode@USCacheElem@RLibraryBinCache@std@media@modules@UModSys@@U?$TString@U?$TSCoreConst@D@su@tl@UModSys@@U?$TComparerBinaryHash@D@234@@tl@6@@tl@UModSys@@@23@@tl@UModSys@@QAEPAU?$TScatterArrayNode@USCacheElem@RLibraryBinCache@std@media@modules@UModSys@@U?$TString@U?$TSCoreConst@D@su@tl@UModSys@@U?$TComparerBinaryHash@D@234@@tl@6@@12@UCmp@?$TScatterArray@USCacheElem@RLibraryBinCache@std@media@modules@UModSys@@U?$TString@U?$TSCoreConst@D@su@tl@UModSys@@U?$TComparerBinaryHash@D@234@@tl@6@U?$TObjectCompare@U?$TString@U?$TSCoreConst@D@su@tl@UModSys@@U?$TComparerBinaryHash@D@234@@tl@UModSys@@@core@6@U?$TNodeDeleter0@U?$TScatterArrayNode@USCacheElem@RLibraryBinCache@std@media@modules@UModSys@@U?$TString@U?$TSCoreConst@D@su@tl@UModSys@@U?$TComparerBinaryHash@D@234@@tl@6@@tl@UModSys@@@86@@12@ABUGen0@512@PAPAU312@2_N@Z 00404aa0 f i umodsys_lib_libmedia:umodsys.mod.media.std.obj
 0001:00003b90       ??$genx_node@UCmp@?$TScatterArray@USMountInfo@RLibraryBinTree@std@media@modules@UModSys@@USId@ILibraryBinTree@libmedia@6@U7896@U?$TNodeDeleter0@U?$TScatterArrayNode@USMountInfo@RLibraryBinTree@std@media@modules@UModSys@@USId@ILibraryBinTree@libmedia@6@@tl@UModSys@@@tl@6@@tl@UModSys@@UGen0@234@@?$TTreeHoldRBD@U?$TScatterArrayNode@USMountInfo@RLibraryBinTree@std@media@modules@UModSys@@USId@ILibraryBinTree@libmedia@6@@tl@UModSys@@U?$TNodeDeleter0@U?$TScatterArrayNode@USMountInfo@RLibraryBinTree@std@media@modules@UModSys@@USId@ILibraryBinTree@libmedia@6@@tl@UModSys@@@23@@tl@UModSys@@QAEPAU?$TScatterArrayNode@USMountInfo@RLibraryBinTree@std@media@modules@UModSys@@USId@ILibraryBinTree@libmedia@6@@12@UCmp@?$TScatterArray@USMountInfo@RLibraryBinTree@std@media@modules@UModSys@@USId@ILibraryBinTree@libmedia@6@U7896@U?$TNodeDeleter0@U?$TScatterArrayNode@USMountInfo@RLibraryBinTree@std@media@modules@UModSys@@USId@ILibraryBinTree@libmedia@6@@tl@UModSys@@@tl@6@@12@ABUGen0@512@PAPAU312@2_N@Z 00404b90 f i umodsys_lib_libmedia:umodsys.mod.media.std.obj
 0001:00003ca0       ??$find_node_u@UCmp@?$TScatterArray@USMountInfo@RLibraryBinTree@std@media@modules@UModSys@@USId@ILibraryBinTree@libmedia@6@U7896@U?$TNodeDeleter0@U?$TScatterArrayNode@USMountInfo@RLibraryBinTree@std@media@modules@UModSys@@USId@ILibraryBinTree@libmedia@6@@tl@UModSys@@@tl@6@@tl@UModSys@@@?$TTreeHoldRB@U?$TScatterArrayNode@USMountInfo@RLibraryBinTree@std@media@modules@UModSys@@USId@ILibraryBinTree@libmedia@6@@tl@UModSys@@@tl@UModSys@@QBEPAU?$TScatterArrayNode@USMountInfo@RLibraryBinTree@std@media@modules@UModSys@@USId@ILibraryBinTree@libmedia@6@@12@UCmp@?$TScatterArray@USMountInfo@RLibraryBinTree@std@media@modules@UModSys@@USId@ILibraryBinTree@libmedia@6@U7896@U?$TNodeDeleter0@U?$TScatterArrayNode@USMountInfo@RLibraryBinTree@std@media@modules@UModSys@@USId@ILibraryBinTree@libmedia@6@@tl@UModSys@@@tl@6@@12@@Z 00404ca0 f i umodsys_lib_libmedia:umodsys.mod.media.std.obj
 0001:00003d80       ??$genx_node@UCmp@?$TScatterArray@USCacheElem@RLibraryObjCache@std@media@modules@UModSys@@U?$TString@U?$TSCoreConst@D@su@tl@UModSys@@U?$TComparerBinaryHash@D@234@@tl@6@U?$TObjectCompare@U?$TString@U?$TSCoreConst@D@su@tl@UModSys@@U?$TComparerBinaryHash@D@234@@tl@UModSys@@@core@6@U?$TNodeDeleter0@U?$TScatterArrayNode@USCacheElem@RLibraryObjCache@std@media@modules@UModSys@@U?$TString@U?$TSCoreConst@D@su@tl@UModSys@@U?$TComparerBinaryHash@D@234@@tl@6@@tl@UModSys@@@86@@tl@UModSys@@UGen0@234@@?$TTreeHoldRBD@U?$TScatterArrayNode@USCacheElem@RLibraryObjCache@std@media@modules@UModSys@@U?$TString@U?$TSCoreConst@D@su@tl@UModSys@@U?$TComparerBinaryHash@D@234@@tl@6@@tl@UModSys@@U?$TNodeDeleter0@U?$TScatterArrayNode@USCacheElem@RLibraryObjCache@std@media@modules@UModSys@@U?$TString@U?$TSCoreConst@D@su@tl@UModSys@@U?$TComparerBinaryHash@D@234@@tl@6@@tl@UModSys@@@23@@tl@UModSys@@QAEPAU?$TScatterArrayNode@USCacheElem@RLibraryObjCache@std@media@modules@UModSys@@U?$TString@U?$TSCoreConst@D@su@tl@UModSys@@U?$TComparerBinaryHash@D@234@@tl@6@@12@UCmp@?$TScatterArray@USCacheElem@RLibraryObjCache@std@media@modules@UModSys@@U?$TString@U?$TSCoreConst@D@su@tl@UModSys@@U?$TComparerBinaryHash@D@234@@tl@6@U?$TObjectCompare@U?$TString@U?$TSCoreConst@D@su@tl@UModSys@@U?$TComparerBinaryHash@D@234@@tl@UModSys@@@core@6@U?$TNodeDeleter0@U?$TScatterArrayNode@USCacheElem@RLibraryObjCache@std@media@modules@UModSys@@U?$TString@U?$TSCoreConst@D@su@tl@UModSys@@U?$TComparerBinaryHash@D@234@@tl@6@@tl@UModSys@@@86@@12@ABUGen0@512@PAPAU312@2_N@Z 00404d80 f i umodsys_lib_libmedia:umodsys.mod.media.std.obj
 0001:00003e70       ??$find_node_u@UCmp@?$TScatterArray@USCacheElem@RLibraryBinCache@std@media@modules@UModSys@@U?$TString@U?$TSCoreConst@D@su@tl@UModSys@@U?$TComparerBinaryHash@D@234@@tl@6@U?$TObjectCompare@U?$TString@U?$TSCoreConst@D@su@tl@UModSys@@U?$TComparerBinaryHash@D@234@@tl@UModSys@@@core@6@U?$TNodeDeleter0@U?$TScatterArrayNode@USCacheElem@RLibraryBinCache@std@media@modules@UModSys@@U?$TString@U?$TSCoreConst@D@su@tl@UModSys@@U?$TComparerBinaryHash@D@234@@tl@6@@tl@UModSys@@@86@@tl@UModSys@@@?$TTreeHoldRB@U?$TScatterArrayNode@USCacheElem@RLibraryBinCache@std@media@modules@UModSys@@U?$TString@U?$TSCoreConst@D@su@tl@UModSys@@U?$TComparerBinaryHash@D@234@@tl@6@@tl@UModSys@@@tl@UModSys@@QBEPAU?$TScatterArrayNode@USCacheElem@RLibraryBinCache@std@media@modules@UModSys@@U?$TString@U?$TSCoreConst@D@su@tl@UModSys@@U?$TComparerBinaryHash@D@234@@tl@6@@12@UCmp@?$TScatterArray@USCacheElem@RLibraryBinCache@std@media@modules@UModSys@@U?$TString@U?$TSCoreConst@D@su@tl@UModSys@@U?$TComparerBinaryHash@D@234@@tl@6@U?$TObjectCompare@U?$TString@U?$TSCoreConst@D@su@tl@UModSys@@U?$TComparerBinaryHash@D@234@@tl@UModSys@@@core@6@U?$TNodeDeleter0@U?$TScatterArrayNode@USCacheElem@RLibraryBinCache@std@media@modules@UModSys@@U?$TString@U?$TSCoreConst@D@su@tl@UModSys@@U?$TComparerBinaryHash@D@234@@tl@6@@tl@UModSys@@@86@@12@@Z 00404e70 f i umodsys_lib_libmedia:umodsys.mod.media.std.obj
 0001:00003e70       ??$find_node_u@UCmp@?$TScatterArray@USCacheElem@RLibraryObjCache@std@media@modules@UModSys@@U?$TString@U?$TSCoreConst@D@su@tl@UModSys@@U?$TComparerBinaryHash@D@234@@tl@6@U?$TObjectCompare@U?$TString@U?$TSCoreConst@D@su@tl@UModSys@@U?$TComparerBinaryHash@D@234@@tl@UModSys@@@core@6@U?$TNodeDeleter0@U?$TScatterArrayNode@USCacheElem@RLibraryObjCache@std@media@modules@UModSys@@U?$TString@U?$TSCoreConst@D@su@tl@UModSys@@U?$TComparerBinaryHash@D@234@@tl@6@@tl@UModSys@@@86@@tl@UModSys@@@?$TTreeHoldRB@U?$TScatterArrayNode@USCacheElem@RLibraryObjCache@std@media@modules@UModSys@@U?$TString@U?$TSCoreConst@D@su@tl@UModSys@@U?$TComparerBinaryHash@D@234@@tl@6@@tl@UModSys@@@tl@UModSys@@QBEPAU?$TScatterArrayNode@USCacheElem@RLibraryObjCache@std@media@modules@UModSys@@U?$TString@U?$TSCoreConst@D@su@tl@UModSys@@U?$TComparerBinaryHash@D@234@@tl@6@@12@UCmp@?$TScatterArray@USCacheElem@RLibraryObjCache@std@media@modules@UModSys@@U?$TString@U?$TSCoreConst@D@su@tl@UModSys@@U?$TComparerBinaryHash@D@234@@tl@6@U?$TObjectCompare@U?$TString@U?$TSCoreConst@D@su@tl@UModSys@@U?$TComparerBinaryHash@D@234@@tl@UModSys@@@core@6@U?$TNodeDeleter0@U?$TScatterArrayNode@USCacheElem@RLibraryObjCache@std@media@modules@UModSys@@U?$TString@U?$TSCoreConst@D@su@tl@UModSys@@U?$TComparerBinaryHash@D@234@@tl@6@@tl@UModSys@@@86@@12@@Z 00404e70 f i umodsys_lib_libmedia:umodsys.mod.media.std.obj
 0001:00003f20       ??$genx_node@UCmp@?$TScatterArray@USFilter@RLibraryObjFilter@std@media@modules@UModSys@@USId@23456@U723456@U?$TNodeDeleter0@U?$TScatterArrayNode@USFilter@RLibraryObjFilter@std@media@modules@UModSys@@USId@23456@@tl@UModSys@@@tl@6@@tl@UModSys@@UGen0@234@@?$TTreeHoldRBD@U?$TScatterArrayNode@USFilter@RLibraryObjFilter@std@media@modules@UModSys@@USId@23456@@tl@UModSys@@U?$TNodeDeleter0@U?$TScatterArrayNode@USFilter@RLibraryObjFilter@std@media@modules@UModSys@@USId@23456@@tl@UModSys@@@23@@tl@UModSys@@QAEPAU?$TScatterArrayNode@USFilter@RLibraryObjFilter@std@media@modules@UModSys@@USId@23456@@12@UCmp@?$TScatterArray@USFilter@RLibraryObjFilter@std@media@modules@UModSys@@USId@23456@U723456@U?$TNodeDeleter0@U?$TScatterArrayNode@USFilter@RLibraryObjFilter@std@media@modules@UModSys@@USId@23456@@tl@UModSys@@@tl@6@@12@ABUGen0@512@PAPAU312@2_N@Z 00404f20 f i umodsys_lib_libmedia:umodsys.mod.media.std.obj
 0001:00003fb0       ??$find_node_u@UCmp@?$TScatterArray@USFilter@RLibraryObjFilter@std@media@modules@UModSys@@USId@23456@U723456@U?$TNodeDeleter0@U?$TScatterArrayNode@USFilter@RLibraryObjFilter@std@media@modules@UModSys@@USId@23456@@tl@UModSys@@@tl@6@@tl@UModSys@@@?$TTreeHoldRB@U?$TScatterArrayNode@USFilter@RLibraryObjFilter@std@media@modules@UModSys@@USId@23456@@tl@UModSys@@@tl@UModSys@@QBEPAU?$TScatterArrayNode@USFilter@RLibraryObjFilter@std@media@modules@UModSys@@USId@23456@@12@UCmp@?$TScatterArray@USFilter@RLibraryObjFilter@std@media@modules@UModSys@@USId@23456@U723456@U?$TNodeDeleter0@U?$TScatterArrayNode@USFilter@RLibraryObjFilter@std@media@modules@UModSys@@USId@23456@@tl@UModSys@@@tl@6@@12@@Z 00404fb0 f i umodsys_lib_libmedia:umodsys.mod.media.std.obj
 0001:00004010       ?rotate_left@?$TTreeHoldRB@U?$TScatterArrayNode@USCacheElem@RLibraryObjCache@std@media@modules@UModSys@@U?$TString@U?$TSCoreConst@D@su@tl@UModSys@@U?$TComparerBinaryHash@D@234@@tl@6@@tl@UModSys@@@tl@UModSys@@IAEXPAU?$TScatterArrayNode@USCacheElem@RLibraryObjCache@std@media@modules@UModSys@@U?$TString@U?$TSCoreConst@D@su@tl@UModSys@@U?$TComparerBinaryHash@D@234@@tl@6@@23@@Z 00405010 f i umodsys_lib_libmedia:umodsys.mod.media.std.obj
 0001:00004010       ?rotate_left@?$TTreeHoldRB@U?$TScatterArrayNode@USFilter@RLibraryObjFilter@std@media@modules@UModSys@@USId@23456@@tl@UModSys@@@tl@UModSys@@IAEXPAU?$TScatterArrayNode@USFilter@RLibraryObjFilter@std@media@modules@UModSys@@USId@23456@@23@@Z 00405010 f i umodsys_lib_libmedia:umodsys.mod.media.std.obj
 0001:00004010       ?rotate_left@?$TTreeHoldRB@U?$TScatterArrayNode@USMountInfo@RLibraryBinTree@std@media@modules@UModSys@@USId@ILibraryBinTree@libmedia@6@@tl@UModSys@@@tl@UModSys@@IAEXPAU?$TScatterArrayNode@USMountInfo@RLibraryBinTree@std@media@modules@UModSys@@USId@ILibraryBinTree@libmedia@6@@23@@Z 00405010 f i umodsys_lib_libmedia:umodsys.mod.media.std.obj
 0001:00004010       ?rotate_left@?$TTreeHoldRB@U?$TScatterArrayNode@USCacheElem@RLibraryBinCache@std@media@modules@UModSys@@U?$TString@U?$TSCoreConst@D@su@tl@UModSys@@U?$TComparerBinaryHash@D@234@@tl@6@@tl@UModSys@@@tl@UModSys@@IAEXPAU?$TScatterArrayNode@USCacheElem@RLibraryBinCache@std@media@modules@UModSys@@U?$TString@U?$TSCoreConst@D@su@tl@UModSys@@U?$TComparerBinaryHash@D@234@@tl@6@@23@@Z 00405010 f i umodsys_lib_libmedia:umodsys.mod.media.std.obj
 0001:00004060       ?rotate_right@?$TTreeHoldRB@U?$TScatterArrayNode@USCacheElem@RLibraryBinCache@std@media@modules@UModSys@@U?$TString@U?$TSCoreConst@D@su@tl@UModSys@@U?$TComparerBinaryHash@D@234@@tl@6@@tl@UModSys@@@tl@UModSys@@IAEXPAU?$TScatterArrayNode@USCacheElem@RLibraryBinCache@std@media@modules@UModSys@@U?$TString@U?$TSCoreConst@D@su@tl@UModSys@@U?$TComparerBinaryHash@D@234@@tl@6@@23@@Z 00405060 f i umodsys_lib_libmedia:umodsys.mod.media.std.obj
 0001:00004060       ?rotate_right@?$TTreeHoldRB@U?$TScatterArrayNode@USMountInfo@RLibraryBinTree@std@media@modules@UModSys@@USId@ILibraryBinTree@libmedia@6@@tl@UModSys@@@tl@UModSys@@IAEXPAU?$TScatterArrayNode@USMountInfo@RLibraryBinTree@std@media@modules@UModSys@@USId@ILibraryBinTree@libmedia@6@@23@@Z 00405060 f i umodsys_lib_libmedia:umodsys.mod.media.std.obj
 0001:00004060       ?rotate_right@?$TTreeHoldRB@U?$TScatterArrayNode@USFilter@RLibraryObjFilter@std@media@modules@UModSys@@USId@23456@@tl@UModSys@@@tl@UModSys@@IAEXPAU?$TScatterArrayNode@USFilter@RLibraryObjFilter@std@media@modules@UModSys@@USId@23456@@23@@Z 00405060 f i umodsys_lib_libmedia:umodsys.mod.media.std.obj
 0001:00004060       ?rotate_right@?$TTreeHoldRB@U?$TScatterArrayNode@USCacheElem@RLibraryObjCache@std@media@modules@UModSys@@U?$TString@U?$TSCoreConst@D@su@tl@UModSys@@U?$TComparerBinaryHash@D@234@@tl@6@@tl@UModSys@@@tl@UModSys@@IAEXPAU?$TScatterArrayNode@USCacheElem@RLibraryObjCache@std@media@modules@UModSys@@U?$TString@U?$TSCoreConst@D@su@tl@UModSys@@U?$TComparerBinaryHash@D@234@@tl@6@@23@@Z 00405060 f i umodsys_lib_libmedia:umodsys.mod.media.std.obj
 0001:000040b0       ?ReLink@?$TDynarray@U?$TDynarrayHolderDynamic@USLayerX@RLibraryLayered@std@media@modules@UModSys@@U?$TAllocator@USIMemAlloc@core@UModSys@@USCountCalcPower2@23@@tl@6@@tl@UModSys@@@tl@UModSys@@IAE_NI@Z 004050b0 f i umodsys_lib_libmedia:umodsys.mod.media.std.obj
 0001:00004100       ?sub_insert_node@?$TTreeHoldRB@U?$TScatterArrayNode@USFilter@RLibraryObjFilter@std@media@modules@UModSys@@USId@23456@@tl@UModSys@@@tl@UModSys@@QAEXPAU?$TScatterArrayNode@USFilter@RLibraryObjFilter@std@media@modules@UModSys@@USId@23456@@23@0H@Z 00405100 f i umodsys_lib_libmedia:umodsys.mod.media.std.obj
 0001:00004100       ?sub_insert_node@?$TTreeHoldRB@U?$TScatterArrayNode@USCacheElem@RLibraryBinCache@std@media@modules@UModSys@@U?$TString@U?$TSCoreConst@D@su@tl@UModSys@@U?$TComparerBinaryHash@D@234@@tl@6@@tl@UModSys@@@tl@UModSys@@QAEXPAU?$TScatterArrayNode@USCacheElem@RLibraryBinCache@std@media@modules@UModSys@@U?$TString@U?$TSCoreConst@D@su@tl@UModSys@@U?$TComparerBinaryHash@D@234@@tl@6@@23@0H@Z 00405100 f i umodsys_lib_libmedia:umodsys.mod.media.std.obj
 0001:00004100       ?sub_insert_node@?$TTreeHoldRB@U?$TScatterArrayNode@USMountInfo@RLibraryBinTree@std@media@modules@UModSys@@USId@ILibraryBinTree@libmedia@6@@tl@UModSys@@@tl@UModSys@@QAEXPAU?$TScatterArrayNode@USMountInfo@RLibraryBinTree@std@media@modules@UModSys@@USId@ILibraryBinTree@libmedia@6@@23@0H@Z 00405100 f i umodsys_lib_libmedia:umodsys.mod.media.std.obj
 0001:00004100       ?sub_insert_node@?$TTreeHoldRB@U?$TScatterArrayNode@USCacheElem@RLibraryObjCache@std@media@modules@UModSys@@U?$TString@U?$TSCoreConst@D@su@tl@UModSys@@U?$TComparerBinaryHash@D@234@@tl@6@@tl@UModSys@@@tl@UModSys@@QAEXPAU?$TScatterArrayNode@USCacheElem@RLibraryObjCache@std@media@modules@UModSys@@U?$TString@U?$TSCoreConst@D@su@tl@UModSys@@U?$TComparerBinaryHash@D@234@@tl@6@@23@0H@Z 00405100 f i umodsys_lib_libmedia:umodsys.mod.media.std.obj
 0001:00004170       ??RGen0@?$TScatterArray@USCacheElem@RLibraryBinCache@std@media@modules@UModSys@@U?$TString@U?$TSCoreConst@D@su@tl@UModSys@@U?$TComparerBinaryHash@D@234@@tl@6@U?$TObjectCompare@U?$TString@U?$TSCoreConst@D@su@tl@UModSys@@U?$TComparerBinaryHash@D@234@@tl@UModSys@@@core@6@U?$TNodeDeleter0@U?$TScatterArrayNode@USCacheElem@RLibraryBinCache@std@media@modules@UModSys@@U?$TString@U?$TSCoreConst@D@su@tl@UModSys@@U?$TComparerBinaryHash@D@234@@tl@6@@tl@UModSys@@@86@@tl@UModSys@@QBEPAU?$TScatterArrayNode@USCacheElem@RLibraryBinCache@std@media@modules@UModSys@@U?$TString@U?$TSCoreConst@D@su@tl@UModSys@@U?$TComparerBinaryHash@D@234@@tl@6@@23@ABUCmp@123@ABU?$TTreeHoldRBD@U?$TScatterArrayNode@USCacheElem@RLibraryBinCache@std@media@modules@UModSys@@U?$TString@U?$TSCoreConst@D@su@tl@UModSys@@U?$TComparerBinaryHash@D@234@@tl@6@@tl@UModSys@@U?$TNodeDeleter0@U?$TScatterArrayNode@USCacheElem@RLibraryBinCache@std@media@modules@UModSys@@U?$TString@U?$TSCoreConst@D@su@tl@UModSys@@U?$TComparerBinaryHash@D@234@@tl@6@@tl@UModSys@@@23@@23@@Z 00405170 f i umodsys_lib_libmedia:umodsys.mod.media.std.obj
 0001:000041d0       ??RGen0@?$TScatterArray@USMountInfo@RLibraryBinTree@std@media@modules@UModSys@@USId@ILibraryBinTree@libmedia@6@U7896@U?$TNodeDeleter0@U?$TScatterArrayNode@USMountInfo@RLibraryBinTree@std@media@modules@UModSys@@USId@ILibraryBinTree@libmedia@6@@tl@UModSys@@@tl@6@@tl@UModSys@@QBEPAU?$TScatterArrayNode@USMountInfo@RLibraryBinTree@std@media@modules@UModSys@@USId@ILibraryBinTree@libmedia@6@@23@ABUCmp@123@ABU?$TTreeHoldRBD@U?$TScatterArrayNode@USMountInfo@RLibraryBinTree@std@media@modules@UModSys@@USId@ILibraryBinTree@libmedia@6@@tl@UModSys@@U?$TNodeDeleter0@U?$TScatterArrayNode@USMountInfo@RLibraryBinTree@std@media@modules@UModSys@@USId@ILibraryBinTree@libmedia@6@@tl@UModSys@@@23@@23@@Z 004051d0 f i umodsys_lib_libmedia:umodsys.mod.media.std.obj
 0001:00004230       ??RGen0@?$TScatterArray@USCacheElem@RLibraryObjCache@std@media@modules@UModSys@@U?$TString@U?$TSCoreConst@D@su@tl@UModSys@@U?$TComparerBinaryHash@D@234@@tl@6@U?$TObjectCompare@U?$TString@U?$TSCoreConst@D@su@tl@UModSys@@U?$TComparerBinaryHash@D@234@@tl@UModSys@@@core@6@U?$TNodeDeleter0@U?$TScatterArrayNode@USCacheElem@RLibraryObjCache@std@media@modules@UModSys@@U?$TString@U?$TSCoreConst@D@su@tl@UModSys@@U?$TComparerBinaryHash@D@234@@tl@6@@tl@UModSys@@@86@@tl@UModSys@@QBEPAU?$TScatterArrayNode@USCacheElem@RLibraryObjCache@std@media@modules@UModSys@@U?$TString@U?$TSCoreConst@D@su@tl@UModSys@@U?$TComparerBinaryHash@D@234@@tl@6@@23@ABUCmp@123@ABU?$TTreeHoldRBD@U?$TScatterArrayNode@USCacheElem@RLibraryObjCache@std@media@modules@UModSys@@U?$TString@U?$TSCoreConst@D@su@tl@UModSys@@U?$TComparerBinaryHash@D@234@@tl@6@@tl@UModSys@@U?$TNodeDeleter0@U?$TScatterArrayNode@USCacheElem@RLibraryObjCache@std@media@modules@UModSys@@U?$TString@U?$TSCoreConst@D@su@tl@UModSys@@U?$TComparerBinaryHash@D@234@@tl@6@@tl@UModSys@@@23@@23@@Z 00405230 f i umodsys_lib_libmedia:umodsys.mod.media.std.obj
 0001:00004290       ??RGen0@?$TScatterArray@USFilter@RLibraryObjFilter@std@media@modules@UModSys@@USId@23456@U723456@U?$TNodeDeleter0@U?$TScatterArrayNode@USFilter@RLibraryObjFilter@std@media@modules@UModSys@@USId@23456@@tl@UModSys@@@tl@6@@tl@UModSys@@QBEPAU?$TScatterArrayNode@USFilter@RLibraryObjFilter@std@media@modules@UModSys@@USId@23456@@23@ABUCmp@123@ABU?$TTreeHoldRBD@U?$TScatterArrayNode@USFilter@RLibraryObjFilter@std@media@modules@UModSys@@USId@23456@@tl@UModSys@@U?$TNodeDeleter0@U?$TScatterArrayNode@USFilter@RLibraryObjFilter@std@media@modules@UModSys@@USId@23456@@tl@UModSys@@@23@@23@@Z 00405290 f i umodsys_lib_libmedia:umodsys.mod.media.std.obj
 0001:00004300       ??1?$TRefObject@UIModObject@base@UModSys@@U?$TModObjectFunc@UIModObject@base@UModSys@@@tl@3@@tl@UModSys@@QAE@XZ 00405300 f i umodsys_lib_libmedia:umodsys.mod.media.std.obj
 0001:00004320       ?amoveright@?$TTypeConstructor@USLayerX@RLibraryLayered@std@media@modules@UModSys@@@tl@UModSys@@SAXPAUSLayerX@RLibraryLayered@std@media@modules@3@III@Z 00405320 f i umodsys_lib_libmedia:umodsys.mod.media.std.obj
 0001:000043a0       ?amoveleft@?$TTypeConstructor@USLayerX@RLibraryLayered@std@media@modules@UModSys@@@tl@UModSys@@SAXPAUSLayerX@RLibraryLayered@std@media@modules@3@III@Z 004053a0 f i umodsys_lib_libmedia:umodsys.mod.media.std.obj
 0001:00004420       ??0SLayerX@RLibraryLayered@std@media@modules@UModSys@@QAE@ABU012345@@Z 00405420 f i umodsys_lib_libmedia:umodsys.mod.media.std.obj
 0001:000044e0       ??1SLayerX@RLibraryLayered@std@media@modules@UModSys@@QAE@XZ 004054e0 f i umodsys_lib_libmedia:umodsys.mod.media.std.obj
 0001:00004570       ??0?$TScatterArrayNode@USCacheElem@RLibraryBinCache@std@media@modules@UModSys@@U?$TString@U?$TSCoreConst@D@su@tl@UModSys@@U?$TComparerBinaryHash@D@234@@tl@6@@tl@UModSys@@QAE@ABU?$TString@U?$TSCoreConst@D@su@tl@UModSys@@U?$TComparerBinaryHash@D@234@@12@@Z 00405570 f i umodsys_lib_libmedia:umodsys.mod.media.std.obj
 0001:00004600       ??0?$TScatterArrayNode@USMountInfo@RLibraryBinTree@std@media@modules@UModSys@@USId@ILibraryBinTree@libmedia@6@@tl@UModSys@@QAE@ABUSId@ILibraryBinTree@libmedia@2@@Z 00405600 f i umodsys_lib_libmedia:umodsys.mod.media.std.obj
 0001:000046a0       ??0?$TScatterArrayNode@USCacheElem@RLibraryObjCache@std@media@modules@UModSys@@U?$TString@U?$TSCoreConst@D@su@tl@UModSys@@U?$TComparerBinaryHash@D@234@@tl@6@@tl@UModSys@@QAE@ABU?$TString@U?$TSCoreConst@D@su@tl@UModSys@@U?$TComparerBinaryHash@D@234@@12@@Z 004056a0 f i umodsys_lib_libmedia:umodsys.mod.media.std.obj
 0001:00004730       ?aconstruct@?$TTypeConstructor@USLayerX@RLibraryLayered@std@media@modules@UModSys@@@tl@UModSys@@SAXPAUSLayerX@RLibraryLayered@std@media@modules@3@I@Z 00405730 f i umodsys_lib_libmedia:umodsys.mod.media.std.obj
 0001:000047b0       ??0SMountInfo@RLibraryBinTree@std@media@modules@UModSys@@QAE@ABU012345@@Z 004057b0 f i umodsys_lib_libmedia:umodsys.mod.media.std.obj
[...]
 0001:0000dac8       __ehhandler$??0RStreamReader_FILE@stdio@media@modules@UModSys@@QAE@PAUIModObject@base@4@PBD@Z 0040eac8 f    CIL library: CIL module
 0001:0000dae0       __unwindfunclet$?mount_add@RLibraryBinTree@std@media@modules@UModSys@@UAE_NABUSId@ILibraryBinTree@libmedia@5@ABUSPoint@785@@Z$0 0040eae0 f    CIL library: CIL module
 0001:0000dae8       __ehhandler$?mount_add@RLibraryBinTree@std@media@modules@UModSys@@UAE_NABUSId@ILibraryBinTree@libmedia@5@ABUSPoint@785@@Z 0040eae8 f    CIL library: CIL module
 0001:0000db00       __unwindfunclet$?objcache_add@RLibraryObjCache@std@media@modules@UModSys@@UAE_NABU?$TString@U?$TSCoreConst@D@su@tl@UModSys@@U?$TComparerBinaryHash@D@234@@tl@5@PAUIRefObject@core@5@@Z$0 0040eb00 f    CIL library: CIL module
 0001:0000db00       __unwindfunclet$?bincache_add@RLibraryBinCache@std@media@modules@UModSys@@QAE_NABU?$TString@U?$TSCoreConst@D@su@tl@UModSys@@U?$TComparerBinaryHash@D@234@@tl@5@ABUSCMemShared@core@5@_N@Z$0 0040eb00 f    CIL library: CIL module
 0001:0000db08       __ehhandler$?objcache_add@RLibraryObjCache@std@media@modules@UModSys@@UAE_NABU?$TString@U?$TSCoreConst@D@su@tl@UModSys@@U?$TComparerBinaryHash@D@234@@tl@5@PAUIRefObject@core@5@@Z 0040eb08 f    CIL library: CIL module
 0001:0000db08       __ehhandler$?bincache_add@RLibraryBinCache@std@media@modules@UModSys@@QAE_NABU?$TString@U?$TSCoreConst@D@su@tl@UModSys@@U?$TComparerBinaryHash@D@234@@tl@5@ABUSCMemShared@core@5@_N@Z 0040eb08 f    CIL library: CIL module
 0001:0000db20       __unwindfunclet$?bincache_add@RLibraryBinCache@std@media@modules@UModSys@@UAE_NABU?$TString@U?$TSCoreConst@D@su@tl@UModSys@@U?$TComparerBinaryHash@D@234@@tl@5@@Z$0 0040eb20 f    CIL library: CIL module
 0001:0000db28       __ehhandler$?bincache_add@RLibraryBinCache@std@media@modules@UModSys@@UAE_NABU?$TString@U?$TSCoreConst@D@su@tl@UModSys@@U?$TComparerBinaryHash@D@234@@tl@5@@Z 0040eb28 f    CIL library: CIL module
 0001:0000db40       __unwindfunclet$?mem_free@?$TRMemAlloc_CC@U?$TMemAllocHeader@USMagic@mem_headers@rsystem@base@UModSys@@U?$TPool@X@2345@USDebug@2345@UVoid@core@5@U895@@rsystem@base@UModSys@@USMemAlloc_Malloc@core@4@@rsystem@base@UModSys@@UAEXPAXPBUSSourceContext@core@4@@Z$0 0040eb40 f    CIL library: CIL module
 0001:0000db48       __ehhandler$?mem_free@?$TRMemAlloc_CC@U?$TMemAllocHeader@USMagic@mem_headers@rsystem@base@UModSys@@U?$TPool@X@2345@USDebug@2345@UVoid@core@5@U895@@rsystem@base@UModSys@@USMemAlloc_Malloc@core@4@@rsystem@base@UModSys@@UAEXPAXPBUSSourceContext@core@4@@Z 0040eb48 f    CIL library: CIL module
 0001:0000db60       __unwindfunclet$?mem_realloc@?$TRMemAlloc_CC@U?$TMemAllocHeader@USMagic@mem_headers@rsystem@base@UModSys@@U?$TPool@X@2345@USDebug@2345@UVoid@core@5@U895@@rsystem@base@UModSys@@USMemAlloc_Malloc@core@4@@rsystem@base@UModSys@@UAEPAXPAXIPBUSSourceContext@core@4@@Z$0 0040eb60 f    CIL library: CIL module
 0001:0000db68       __unwindfunclet$?mem_realloc@?$TRMemAlloc_CC@U?$TMemAllocHeader@USMagic@mem_headers@rsystem@base@UModSys@@U?$TPool@X@2345@USDebug@2345@UVoid@core@5@U895@@rsystem@base@UModSys@@USMemAlloc_Malloc@core@4@@rsystem@base@UModSys@@UAEPAXPAXIPBUSSourceContext@core@4@@Z$1 0040eb68 f    CIL library: CIL module
 0001:0000db70       __ehhandler$?mem_realloc@?$TRMemAlloc_CC@U?$TMemAllocHeader@USMagic@mem_headers@rsystem@base@UModSys@@U?$TPool@X@2345@USDebug@2345@UVoid@core@5@U895@@rsystem@base@UModSys@@USMemAlloc_Malloc@core@4@@rsystem@base@UModSys@@UAEPAXPAXIPBUSSourceContext@core@4@@Z 0040eb70 f    CIL library: CIL module
 0001:0000db80       ??__E?s_id@?$TObjectUniqueID@UIRoot@core@UModSys@@@tl@UModSys@@2USUniquePointer@core@3@A@@YAXXZ 0040eb80 f    CIL library: CIL module
 0001:0000dbb0       ??__E?s_id@?$TObjectUniqueID@UIRefObject@core@UModSys@@@tl@UModSys@@2USUniquePointer@core@3@A@@YAXXZ 0040ebb0 f    CIL library: CIL module
 0001:0000dbe0       ??__E?s_id@?$TObjectUniqueID@UIParameters@core@UModSys@@@tl@UModSys@@2USUniquePointer@core@3@A@@YAXXZ 0040ebe0 f    CIL library: CIL module
 0001:0000dc10       ??__E?s_id@?$TObjectUniqueID@UIModule@base@UModSys@@@tl@UModSys@@2USUniquePointer@core@3@A@@YAXXZ 0040ec10 f    CIL library: CIL module
 0001:0000dc40       ??__E?s_id@?$TObjectUniqueID@UIModuleLibrary@base@UModSys@@@tl@UModSys@@2USUniquePointer@core@3@A@@YAXXZ 0040ec40 f    CIL library: CIL module
 0001:0000dc70       ??__E?s_id@?$TObjectUniqueID@UIModObject@base@UModSys@@@tl@UModSys@@2USUniquePointer@core@3@A@@YAXXZ 0040ec70 f    CIL library: CIL module
 0001:0000dca0       ??__E?s_id@?$TObjectUniqueID@UIGenerator@base@UModSys@@@tl@UModSys@@2USUniquePointer@core@3@A@@YAXXZ 0040eca0 f    CIL library: CIL module
 0001:0000dcd0       ??__E?s_id@?$TObjectUniqueID@UIShell@base@UModSys@@@tl@UModSys@@2USUniquePointer@core@3@A@@YAXXZ 0040ecd0 f    CIL library: CIL module
 0001:0000dd00       ??__E?s_id@?$TObjectUniqueID@UIConsole@base@UModSys@@@tl@UModSys@@2USUniquePointer@core@3@A@@YAXXZ 0040ed00 f    CIL library: CIL module
 0001:0000dd30       ??__E?s_id@?$TObjectUniqueID@UISystem@base@UModSys@@@tl@UModSys@@2USUniquePointer@core@3@A@@YAXXZ 0040ed30 f    CIL library: CIL module
 0001:0000dd60       ??__E?s_id@?$TObjectUniqueID@URModule@rsystem@base@UModSys@@@tl@UModSys@@2USUniquePointer@core@3@A@@YAXXZ 0040ed60 f    CIL library: CIL module
 0001:0000dd90       ??__E?s_id@?$TObjectUniqueID@UIModuleLibraryUni@rsystem@base@UModSys@@@tl@UModSys@@2USUniquePointer@core@3@A@@YAXXZ 0040ed90 f    CIL library: CIL module
 0001:0000ddc0       ??__E?s_id@?$TObjectUniqueID@URModuleLibrarySO@rsystem@base@UModSys@@@tl@UModSys@@2USUniquePointer@core@3@A@@YAXXZ 0040edc0 f    CIL library: CIL module
 0001:0000ddf0       ??__E?s_id@?$TObjectUniqueID@URModuleLibraryThis@rsystem@base@UModSys@@@tl@UModSys@@2USUniquePointer@core@3@A@@YAXXZ 0040edf0 f    CIL library: CIL module
 0001:0000de20       ??__E?s_id@?$TObjectUniqueID@URParameters@rsystem@base@UModSys@@@tl@UModSys@@2USUniquePointer@core@3@A@@YAXXZ 0040ee20 f    CIL library: CIL module
 0001:0000de50       ??__E?s_id@?$TObjectUniqueID@URSystem@rsystem@base@UModSys@@@tl@UModSys@@2USUniquePointer@core@3@A@@YAXXZ 0040ee50 f    CIL library: CIL module
 0001:0000de80       ??__E?s_id@?$TObjectUniqueID@URConsole_std@rsystem@base@UModSys@@@tl@UModSys@@2USUniquePointer@core@3@A@@YAXXZ 0040ee80 f    CIL library: CIL module
 0001:0000deb0       ??__E?s_modreg@RModuleReg@std@media@modules@UModSys@@2U12345@A@@YAXXZ 0040eeb0 f    CIL library: CIL module
 0001:0000dee0       ??__E?s_modreg_chain@RModuleReg@std@media@modules@UModSys@@2USModuleRegChain@base@5@A@@YAXXZ 0040eee0 f    CIL library: CIL module
 0001:0000df00       ??__E?s_uid@RGenerator@std@media@modules@UModSys@@2USUniquePointer@core@5@A@@YAXXZ 0040ef00 f    CIL library: CIL module
 0001:0000df30       ??__E?s_id@?$TObjectUniqueID@UIStreamReader@libmedia@UModSys@@@tl@UModSys@@2USUniquePointer@core@3@A@@YAXXZ 0040ef30 f    CIL library: CIL module
 0001:0000df60       ??__E?s_id@?$TObjectUniqueID@UIStreamWriter@libmedia@UModSys@@@tl@UModSys@@2USUniquePointer@core@3@A@@YAXXZ 0040ef60 f    CIL library: CIL module
 0001:0000df90       ??__E?s_id@?$TObjectUniqueID@UIBinArchive@libmedia@UModSys@@@tl@UModSys@@2USUniquePointer@core@3@A@@YAXXZ 0040ef90 f    CIL library: CIL module
 0001:0000dfc0       ??__E?s_id@?$TObjectUniqueID@UIBinObjFilter@libmedia@UModSys@@@tl@UModSys@@2USUniquePointer@core@3@A@@YAXXZ 0040efc0 f    CIL library: CIL module
 0001:0000e000       ??__E?s_id@?$TObjectUniqueID@UILibrary@libmedia@UModSys@@@tl@UModSys@@2USUniquePointer@core@3@A@@YAXXZ 0040f000 f    CIL library: CIL module
 0001:0000e030       ??__E?s_id@?$TObjectUniqueID@UILibraryBinTree@libmedia@UModSys@@@tl@UModSys@@2USUniquePointer@core@3@A@@YAXXZ 0040f030 f    CIL library: CIL module
 0001:0000e060       ??__E?s_id@?$TObjectUniqueID@UILibraryBinCache@libmedia@UModSys@@@tl@UModSys@@2USUniquePointer@core@3@A@@YAXXZ 0040f060 f    CIL library: CIL module
 0001:0000e090       ??__E?s_id@?$TObjectUniqueID@UILibraryObjFilter@libmedia@UModSys@@@tl@UModSys@@2USUniquePointer@core@3@A@@YAXXZ 0040f090 f    CIL library: CIL module
 0001:0000e0c0       ??__E?s_id@?$TObjectUniqueID@UILibraryObjCache@libmedia@UModSys@@@tl@UModSys@@2USUniquePointer@core@3@A@@YAXXZ 0040f0c0 f    CIL library: CIL module
 0001:0000e0f0       ??__E?s_id@?$TObjectUniqueID@UILibraryLayered@libmedia@UModSys@@@tl@UModSys@@2USUniquePointer@core@3@A@@YAXXZ 0040f0f0 f    CIL library: CIL module
 0001:0000e120       ??__E?s_id@?$TObjectUniqueID@URLibraryBinCache@std@media@modules@UModSys@@@tl@UModSys@@2USUniquePointer@core@3@A@@YAXXZ 0040f120 f    CIL library: CIL module
 0001:0000e150       ??__E?s_id@?$TObjectUniqueID@URLibraryBinTree@std@media@modules@UModSys@@@tl@UModSys@@2USUniquePointer@core@3@A@@YAXXZ 0040f150 f    CIL library: CIL module
 0001:0000e180       ??__E?s_id@?$TObjectUniqueID@URLibraryLayered@std@media@modules@UModSys@@@tl@UModSys@@2USUniquePointer@core@3@A@@YAXXZ 0040f180 f    CIL library: CIL module
 0001:0000e1b0       ??__E?s_id@?$TObjectUniqueID@URLibraryObjCache@std@media@modules@UModSys@@@tl@UModSys@@2USUniquePointer@core@3@A@@YAXXZ 0040f1b0 f    CIL library: CIL module
 0001:0000e1e0       ??__E?s_id@?$TObjectUniqueID@URLibraryObjFilter@std@media@modules@UModSys@@@tl@UModSys@@2USUniquePointer@core@3@A@@YAXXZ 0040f1e0 f    CIL library: CIL module
 0001:0000e210       ??__E?s_id@?$TObjectUniqueID@URGenerator@std@media@modules@UModSys@@@tl@UModSys@@2USUniquePointer@core@3@A@@YAXXZ 0040f210 f    CIL library: CIL module
 0001:0000e240       ??__E?s_modreg@RModuleReg@stdio@media@modules@UModSys@@2U12345@A@@YAXXZ 0040f240 f    CIL library: CIL module
 0001:0000e270       ??__E?s_modreg_chain@RModuleReg@stdio@media@modules@UModSys@@2USModuleRegChain@base@5@A@@YAXXZ 0040f270 f    CIL library: CIL module
 0001:0000e290       ??__E?s_uid@RGenerator@stdio@media@modules@UModSys@@2USUniquePointer@core@5@A@@YAXXZ 0040f290 f    CIL library: CIL module
 0001:0000e2c0       ??__E?s_id@?$TObjectUniqueID@URStreamReader_FILE@stdio@media@modules@UModSys@@@tl@UModSys@@2USUniquePointer@core@3@A@@YAXXZ 0040f2c0 f    CIL library: CIL module
 0001:0000e2f0       ??__E?s_id@?$TObjectUniqueID@URStreamWriter_FILE@stdio@media@modules@UModSys@@@tl@UModSys@@2USUniquePointer@core@3@A@@YAXXZ 0040f2f0 f    CIL library: CIL module
 0001:0000e320       ??__E?s_id@?$TObjectUniqueID@URDataArchiver_OsDir@stdio@media@modules@UModSys@@@tl@UModSys@@2USUniquePointer@core@3@A@@YAXXZ 0040f320 f    CIL library: CIL module
 0001:0000e350       ??__E?s_id@?$TObjectUniqueID@URGenerator@stdio@media@modules@UModSys@@@tl@UModSys@@2USUniquePointer@core@3@A@@YAXXZ 0040f350 f    CIL library: CIL module
 0001:0000e380       ??__E?s_console@RConsole_std@rsystem@base@UModSys@@2U1234@A@@YAXXZ 0040f380 f    CIL library: CIL module
 0001:0000e3a0       ??__E?s_sys@RSystem@rsystem@base@UModSys@@2U1234@A@@YAXXZ 0040f3a0 f    CIL library: CIL module
 0001:0000e3c0       ??__Ersys_dbg@rsystem@base@UModSys@@YAXXZ 0040f3c0 f    CIL library: CIL module
 0001:0000e3e0       ??__EM@UModSys@@YAXXZ      0040f3e0 f    CIL library: CIL module
 0001:0000e400       ??__E?root@SModuleRegChain@base@UModSys@@2U123@A@@YAXXZ 0040f400 f    CIL library: CIL module
 0001:0000e420       ??__E?s_library@RModuleLibraryReg_Chain@base@UModSys@@2U123@A@@YAXXZ 0040f420 f    CIL library: CIL module
 0001:0000e440       ??__E?root@SUniquePointer@core@UModSys@@2U123@A@@YAXXZ 0040f440 f    CIL library: CIL module
 0001:0000e460       ??__F?s_id@?$TObjectUniqueID@URConsole_std@rsystem@base@UModSys@@@tl@UModSys@@2USUniquePointer@core@3@A@@YAXXZ 0040f460 f    CIL library: CIL module
 0001:0000e470       ??__F?s_id@?$TObjectUniqueID@URSystem@rsystem@base@UModSys@@@tl@UModSys@@2USUniquePointer@core@3@A@@YAXXZ 0040f470 f    CIL library: CIL module
 0001:0000e480       ??__F?s_id@?$TObjectUniqueID@URParameters@rsystem@base@UModSys@@@tl@UModSys@@2USUniquePointer@core@3@A@@YAXXZ 0040f480 f    CIL library: CIL module
 0001:0000e490       ??__F?s_id@?$TObjectUniqueID@URModuleLibraryThis@rsystem@base@UModSys@@@tl@UModSys@@2USUniquePointer@core@3@A@@YAXXZ 0040f490 f    CIL library: CIL module
 0001:0000e4a0       ??__F?s_id@?$TObjectUniqueID@URModuleLibrarySO@rsystem@base@UModSys@@@tl@UModSys@@2USUniquePointer@core@3@A@@YAXXZ 0040f4a0 f    CIL library: CIL module
 0001:0000e4b0       ??__F?s_id@?$TObjectUniqueID@UIModuleLibraryUni@rsystem@base@UModSys@@@tl@UModSys@@2USUniquePointer@core@3@A@@YAXXZ 0040f4b0 f    CIL library: CIL module
 0001:0000e4c0       ??__F?s_id@?$TObjectUniqueID@URModule@rsystem@base@UModSys@@@tl@UModSys@@2USUniquePointer@core@3@A@@YAXXZ 0040f4c0 f    CIL library: CIL module
 0001:0000e4d0       ??__F?s_id@?$TObjectUniqueID@UISystem@base@UModSys@@@tl@UModSys@@2USUniquePointer@core@3@A@@YAXXZ 0040f4d0 f    CIL library: CIL module
 0001:0000e4e0       ??__F?s_id@?$TObjectUniqueID@UIConsole@base@UModSys@@@tl@UModSys@@2USUniquePointer@core@3@A@@YAXXZ 0040f4e0 f    CIL library: CIL module
 0001:0000e4f0       ??__F?s_id@?$TObjectUniqueID@UIShell@base@UModSys@@@tl@UModSys@@2USUniquePointer@core@3@A@@YAXXZ 0040f4f0 f    CIL library: CIL module
 0001:0000e500       ??__F?s_id@?$TObjectUniqueID@UIGenerator@base@UModSys@@@tl@UModSys@@2USUniquePointer@core@3@A@@YAXXZ 0040f500 f    CIL library: CIL module
 0001:0000e510       ??__F?s_id@?$TObjectUniqueID@UIModObject@base@UModSys@@@tl@UModSys@@2USUniquePointer@core@3@A@@YAXXZ 0040f510 f    CIL library: CIL module
 0001:0000e520       ??__F?s_id@?$TObjectUniqueID@UIModuleLibrary@base@UModSys@@@tl@UModSys@@2USUniquePointer@core@3@A@@YAXXZ 0040f520 f    CIL library: CIL module
 0001:0000e530       ??__F?s_id@?$TObjectUniqueID@UIModule@base@UModSys@@@tl@UModSys@@2USUniquePointer@core@3@A@@YAXXZ 0040f530 f    CIL library: CIL module
 0001:0000e540       ??__F?s_id@?$TObjectUniqueID@UIParameters@core@UModSys@@@tl@UModSys@@2USUniquePointer@core@3@A@@YAXXZ 0040f540 f    CIL library: CIL module
 0001:0000e550       ??__F?s_id@?$TObjectUniqueID@UIRefObject@core@UModSys@@@tl@UModSys@@2USUniquePointer@core@3@A@@YAXXZ 0040f550 f    CIL library: CIL module
 0001:0000e560       ??__F?s_id@?$TObjectUniqueID@UIRoot@core@UModSys@@@tl@UModSys@@2USUniquePointer@core@3@A@@YAXXZ 0040f560 f    CIL library: CIL module
 0001:0000e570       ??__F?s_modreg@RModuleReg@std@media@modules@UModSys@@2U12345@A@@YAXXZ 0040f570 f    CIL library: CIL module
 0001:0000e590       ??__F?s_modreg_chain@RModuleReg@std@media@modules@UModSys@@2USModuleRegChain@base@5@A@@YAXXZ 0040f590 f    CIL library: CIL module
 0001:0000e5a0       ??__F?s_uid@RGenerator@std@media@modules@UModSys@@2USUniquePointer@core@5@A@@YAXXZ 0040f5a0 f    CIL library: CIL module
 0001:0000e5b0       ??__Fh@?1??s_holder@RGenerator@std@media@modules@UModSys@@SAAAU?$TTypeStaticHolder@URGenerator@std@media@modules@UModSys@@@tl@5@XZ@YAXXZ 0040f5b0 f    CIL library: CIL module
 0001:0000e5d0       ??__F?s_id@?$TObjectUniqueID@URGenerator@std@media@modules@UModSys@@@tl@UModSys@@2USUniquePointer@core@3@A@@YAXXZ 0040f5d0 f    CIL library: CIL module
 0001:0000e5e0       ??__F?s_id@?$TObjectUniqueID@URLibraryObjFilter@std@media@modules@UModSys@@@tl@UModSys@@2USUniquePointer@core@3@A@@YAXXZ 0040f5e0 f    CIL library: CIL module
 0001:0000e5f0       ??__F?s_id@?$TObjectUniqueID@URLibraryObjCache@std@media@modules@UModSys@@@tl@UModSys@@2USUniquePointer@core@3@A@@YAXXZ 0040f5f0 f    CIL library: CIL module
 0001:0000e600       ??__F?s_id@?$TObjectUniqueID@URLibraryLayered@std@media@modules@UModSys@@@tl@UModSys@@2USUniquePointer@core@3@A@@YAXXZ 0040f600 f    CIL library: CIL module
 0001:0000e610       ??__F?s_id@?$TObjectUniqueID@URLibraryBinTree@std@media@modules@UModSys@@@tl@UModSys@@2USUniquePointer@core@3@A@@YAXXZ 0040f610 f    CIL library: CIL module
 0001:0000e620       ??__F?s_id@?$TObjectUniqueID@URLibraryBinCache@std@media@modules@UModSys@@@tl@UModSys@@2USUniquePointer@core@3@A@@YAXXZ 0040f620 f    CIL library: CIL module
 0001:0000e630       ??__F?s_id@?$TObjectUniqueID@UILibraryLayered@libmedia@UModSys@@@tl@UModSys@@2USUniquePointer@core@3@A@@YAXXZ 0040f630 f    CIL library: CIL module
 0001:0000e640       ??__F?s_id@?$TObjectUniqueID@UILibraryObjCache@libmedia@UModSys@@@tl@UModSys@@2USUniquePointer@core@3@A@@YAXXZ 0040f640 f    CIL library: CIL module
 0001:0000e650       ??__F?s_id@?$TObjectUniqueID@UILibraryObjFilter@libmedia@UModSys@@@tl@UModSys@@2USUniquePointer@core@3@A@@YAXXZ 0040f650 f    CIL library: CIL module
 0001:0000e660       ??__F?s_id@?$TObjectUniqueID@UILibraryBinCache@libmedia@UModSys@@@tl@UModSys@@2USUniquePointer@core@3@A@@YAXXZ 0040f660 f    CIL library: CIL module
 0001:0000e670       ??__F?s_id@?$TObjectUniqueID@UILibraryBinTree@libmedia@UModSys@@@tl@UModSys@@2USUniquePointer@core@3@A@@YAXXZ 0040f670 f    CIL library: CIL module
 0001:0000e680       ??__F?s_id@?$TObjectUniqueID@UILibrary@libmedia@UModSys@@@tl@UModSys@@2USUniquePointer@core@3@A@@YAXXZ 0040f680 f    CIL library: CIL module
 0001:0000e690       ??__F?s_id@?$TObjectUniqueID@UIBinObjFilter@libmedia@UModSys@@@tl@UModSys@@2USUniquePointer@core@3@A@@YAXXZ 0040f690 f    CIL library: CIL module
 0001:0000e6a0       ??__F?s_id@?$TObjectUniqueID@UIBinArchive@libmedia@UModSys@@@tl@UModSys@@2USUniquePointer@core@3@A@@YAXXZ 0040f6a0 f    CIL library: CIL module
 0001:0000e6b0       ??__F?s_id@?$TObjectUniqueID@UIStreamWriter@libmedia@UModSys@@@tl@UModSys@@2USUniquePointer@core@3@A@@YAXXZ 0040f6b0 f    CIL library: CIL module
 0001:0000e6c0       ??__F?s_id@?$TObjectUniqueID@UIStreamReader@libmedia@UModSys@@@tl@UModSys@@2USUniquePointer@core@3@A@@YAXXZ 0040f6c0 f    CIL library: CIL module
 0001:0000e6d0       ??__F?s_modreg@RModuleReg@stdio@media@modules@UModSys@@2U12345@A@@YAXXZ 0040f6d0 f    CIL library: CIL module
 0001:0000e6f0       ??__F?s_modreg_chain@RModuleReg@stdio@media@modules@UModSys@@2USModuleRegChain@base@5@A@@YAXXZ 0040f6f0 f    CIL library: CIL module
 0001:0000e700       ??__F?s_uid@RGenerator@stdio@media@modules@UModSys@@2USUniquePointer@core@5@A@@YAXXZ 0040f700 f    CIL library: CIL module
 0001:0000e710       ??__Fh@?1??s_holder@RGenerator@stdio@media@modules@UModSys@@SAAAU?$TTypeStaticHolder@URGenerator@stdio@media@modules@UModSys@@@tl@5@XZ@YAXXZ 0040f710 f    CIL library: CIL module
 0001:0000e730       ??__F?s_id@?$TObjectUniqueID@URGenerator@stdio@media@modules@UModSys@@@tl@UModSys@@2USUniquePointer@core@3@A@@YAXXZ 0040f730 f    CIL library: CIL module
 0001:0000e740       ??__F?s_id@?$TObjectUniqueID@URDataArchiver_OsDir@stdio@media@modules@UModSys@@@tl@UModSys@@2USUniquePointer@core@3@A@@YAXXZ 0040f740 f    CIL library: CIL module
 0001:0000e750       ??__F?s_id@?$TObjectUniqueID@URStreamWriter_FILE@stdio@media@modules@UModSys@@@tl@UModSys@@2USUniquePointer@core@3@A@@YAXXZ 0040f750 f    CIL library: CIL module
 0001:0000e760       ??__F?s_id@?$TObjectUniqueID@URStreamReader_FILE@stdio@media@modules@UModSys@@@tl@UModSys@@2USUniquePointer@core@3@A@@YAXXZ 0040f760 f    CIL library: CIL module
 0001:0000e770       ??__F?s_console@RConsole_std@rsystem@base@UModSys@@2U1234@A@@YAXXZ 0040f770 f    CIL library: CIL module
 0001:0000e780       ??__F?s_sys@RSystem@rsystem@base@UModSys@@2U1234@A@@YAXXZ 0040f780 f    CIL library: CIL module
 0001:0000e790       ??__Frsys_dbg@rsystem@base@UModSys@@YAXXZ 0040f790 f    CIL library: CIL module
 0001:0000e7a0       ??__FM@UModSys@@YAXXZ      0040f7a0 f    CIL library: CIL module
 0001:0000e7b0       ??__F?root@SModuleRegChain@base@UModSys@@2U123@A@@YAXXZ 0040f7b0 f    CIL library: CIL module
 0001:0000e7c0       ??__F?s_library@RModuleLibraryReg_Chain@base@UModSys@@2U123@A@@YAXXZ 0040f7c0 f    CIL library: CIL module
 0001:0000e7d0       ??__F?root@SUniquePointer@core@UModSys@@2U123@A@@YAXXZ 0040f7d0 f    CIL library: CIL module

 Exports

  ordinal    name

        1    _UModSys_Plugin_Entry2@0
