 umodsysc

 Timestamp is 5249415e (Mon Sep 30 12:16:14 2013)

 Preferred load address is 00400000

 Start         Length     Name                   Class
 0001:00000000 000050b0H .text                   CODE
 0001:000050b0 00000162H .text$x                 CODE
 0001:00005220 00000271H .text$yc                CODE
 0001:000054a0 0000013aH .text$yd                CODE
 0002:00000000 00000110H .idata$5                DATA
 0002:00000110 00000004H .CRT$XCA                DATA
 0002:00000114 00000004H .CRT$XCAA               DATA
 0002:00000118 00000050H .CRT$XCU                DATA
 0002:00000168 00000004H .CRT$XCZ                DATA
 0002:0000016c 00000004H .CRT$XIA                DATA
 0002:00000170 00000004H .CRT$XIAA               DATA
 0002:00000174 00000004H .CRT$XIY                DATA
 0002:00000178 00000004H .CRT$XIZ                DATA
 0002:00000180 00000c40H .rdata                  DATA
 0002:00000dc0 000004f0H .rdata$r                DATA
 0002:000012b0 0000002cH .rdata$sxdata           DATA
 0002:000012dc 00000004H .rtc$IAA                DATA
 0002:000012e0 00000004H .rtc$IZZ                DATA
 0002:000012e4 00000004H .rtc$TAA                DATA
 0002:000012e8 00000004H .rtc$TZZ                DATA
 0002:000012f0 000002ccH .xdata$x                DATA
 0002:000015bc 00000028H .idata$2                DATA
 0002:000015e4 00000014H .idata$3                DATA
 0002:000015f8 00000110H .idata$4                DATA
 0002:00001708 0000046aH .idata$6                DATA
 0002:00001b72 00000000H .edata                  DATA
 0003:00000000 00000330H .data                   DATA
 0003:00000330 00000580H .bss                    DATA

  Address         Publics by Value              Rva+Base       Lib:Object

 0000:00000000       __except_list              00000000     <absolute>
 0000:0000000b       ___safe_se_handler_count   0000000b     <absolute>
 0000:00009876       __ldused                   00009876     <absolute>
 0000:00009876       __fltused                  00009876     <absolute>
 0000:00000000       ___ImageBase               00400000     <linker-defined>
 0001:00000000       ??$shash@D@su@tl@UModSys@@YAHPBDI@Z 00401000 f i umodsys.c_main.obj
 0001:00000030       ?get_interface_info@RConsole_std@rsystem@base@UModSys@@UBEABUSUniquePointerInfo@core@4@XZ 00401030 f i umodsys_lib_basesys:umodsys.base.rconsole_std.obj
 0001:00000040       ?get_interface_type@RConsole_std@rsystem@base@UModSys@@UBEPBUSUniquePointerInfo@core@4@XZ 00401040 f i umodsys_lib_basesys:umodsys.base.rconsole_std.obj
 0001:00000050       ?get_other_interface@RConsole_std@rsystem@base@UModSys@@UAEPAUIRoot@core@4@PBUSUniquePointerInfo@64@@Z 00401050 f i umodsys_lib_basesys:umodsys.base.rconsole_std.obj
 0001:00000050       ?get_other_interface@RConsole_std@rsystem@base@UModSys@@UBEPBUIRoot@core@4@PBUSUniquePointerInfo@64@@Z 00401050 f i umodsys_lib_basesys:umodsys.base.rconsole_std.obj
 0001:00000080       ??_GRConsole_std@rsystem@base@UModSys@@UAEPAXI@Z 00401080 f i umodsys_lib_basesys:umodsys.base.rconsole_std.obj
 0001:00000080       ??_ERConsole_std@rsystem@base@UModSys@@UAEPAXI@Z 00401080 f i  CIL library: CIL module
 0001:000000a0       ??_EIConsole@base@UModSys@@UAEPAXI@Z 004010a0 f i  CIL library: CIL module
 0001:000000a0       ??_GIConsole@base@UModSys@@UAEPAXI@Z 004010a0 f i umodsys_lib_basesys:umodsys.base.rconsole_std.obj
 0001:000000c0       ??_GIRefObject@core@UModSys@@UAEPAXI@Z 004010c0 f i umodsys_lib_basesys:umodsys.base.rconsole_std.obj
 0001:000000c0       ??_EIRefObject@core@UModSys@@UAEPAXI@Z 004010c0 f i  CIL library: CIL module
 0001:000000e0       ??_EIRoot@core@UModSys@@UAEPAXI@Z 004010e0 f i  CIL library: CIL module
 0001:000000e0       ??_GIRoot@core@UModSys@@UAEPAXI@Z 004010e0 f i umodsys_lib_basesys:umodsys.base.rconsole_std.obj
 0001:00000100       ??3@YAXPAX0@Z              00401100 f i umodsys_lib_basesys:umodsys.base.rsystem_main.obj
 0001:00000110       ?get_interface_info@ISystem@base@UModSys@@UBEABUSUniquePointerInfo@core@3@XZ 00401110 f i umodsys_lib_basesys:umodsys.base.rsystem_main.obj
 0001:00000120       ?get_interface_type@ISystem@base@UModSys@@UBEPBUSUniquePointerInfo@core@3@XZ 00401120 f i umodsys_lib_basesys:umodsys.base.rsystem_main.obj
 0001:00000130       ?get_other_interface@ISystem@base@UModSys@@UBEPBUIRoot@core@3@PBUSUniquePointerInfo@53@@Z 00401130 f i umodsys_lib_basesys:umodsys.base.rsystem_main.obj
 0001:00000130       ?get_other_interface@ISystem@base@UModSys@@UAEPAUIRoot@core@3@PBUSUniquePointerInfo@53@@Z 00401130 f i umodsys_lib_basesys:umodsys.base.rsystem_main.obj
 0001:00000150       ?get_interface_info@RSystem@rsystem@base@UModSys@@UBEABUSUniquePointerInfo@core@4@XZ 00401150 f i umodsys_lib_basesys:umodsys.base.rsystem_main.obj
 0001:00000160       ?get_interface_type@RSystem@rsystem@base@UModSys@@UBEPBUSUniquePointerInfo@core@4@XZ 00401160 f i umodsys_lib_basesys:umodsys.base.rsystem_main.obj
 0001:00000170       ?get_other_interface@RSystem@rsystem@base@UModSys@@UAEPAUIRoot@core@4@PBUSUniquePointerInfo@64@@Z 00401170 f i umodsys_lib_basesys:umodsys.base.rsystem_main.obj
 0001:00000170       ?get_other_interface@RSystem@rsystem@base@UModSys@@UBEPBUIRoot@core@4@PBUSUniquePointerInfo@64@@Z 00401170 f i umodsys_lib_basesys:umodsys.base.rsystem_main.obj
 0001:00000190       ??_ERSystem@rsystem@base@UModSys@@UAEPAXI@Z 00401190 f i  CIL library: CIL module
 0001:00000190       ??_GRSystem@rsystem@base@UModSys@@UAEPAXI@Z 00401190 f i umodsys_lib_basesys:umodsys.base.rsystem_main.obj
 0001:000001b0       ??_GISystem@base@UModSys@@UAEPAXI@Z 004011b0 f i umodsys_lib_basesys:umodsys.base.rsystem_main.obj
 0001:000001b0       ??_EISystem@base@UModSys@@UAEPAXI@Z 004011b0 f i  CIL library: CIL module
 0001:000001d0       ??1?$TStaticStringPool@DU?$TComparerBinaryHash@D@su@tl@UModSys@@USMemAlloc_Malloc@core@4@@tl@UModSys@@QAE@XZ 004011d0 f i umodsys_lib_basesys:umodsys.base.rsystem_main.obj
 0001:000001e0       ??1?$TRefObject@URParameters@rsystem@base@UModSys@@@tl@UModSys@@QAE@XZ 004011e0 f i umodsys_lib_basesys:umodsys.base.rsystem_main.obj
 0001:000001e0       ??1?$TRefObject@UIShell@base@UModSys@@@tl@UModSys@@QAE@XZ 004011e0 f i umodsys_lib_basesys:umodsys.base.rsystem_tests.obj
 0001:000001e0       ??1?$TRefObject@URModule@rsystem@base@UModSys@@@tl@UModSys@@QAE@XZ 004011e0 f i umodsys_lib_basesys:umodsys.base.rmodulelib.obj
 0001:000001e0       ??1?$TRefObject@UIRefObject@core@UModSys@@@tl@UModSys@@QAE@XZ 004011e0 f i umodsys_lib_basesys:umodsys.base.rsystem_tests.obj
 0001:000001e0       ??1?$TRefObject@URModuleLibrary@rsystem@base@UModSys@@@tl@UModSys@@QAE@XZ 004011e0 f i umodsys_lib_basesys:umodsys.base.rmoduleloader.obj
 0001:00000200       ??1?$TScatterArray@USUniPtrHolder@RSystem@rsystem@base@UModSys@@HU?$TNodeDeleter@U?$TScatterArrayNode@USUniPtrHolder@RSystem@rsystem@base@UModSys@@H@tl@UModSys@@USMemAlloc_Malloc@core@3@@tl@5@@tl@UModSys@@QAE@XZ 00401200 f i umodsys_lib_basesys:umodsys.base.rsystem_main.obj
 0001:00000250       ?append@?$TStaticStringPool@DU?$TComparerBinaryHash@D@su@tl@UModSys@@USMemAlloc_Malloc@core@4@@tl@UModSys@@QAEPBU?$TString@U?$TSCoreConst@D@su@tl@UModSys@@U?$TComparerBinaryHash@D@234@@23@PBDI@Z 00401250 f i umodsys_lib_basesys:umodsys.base.rsystem_main.obj
 0001:00000410       ?release@?$TStaticStringPool@DU?$TComparerBinaryHash@D@su@tl@UModSys@@USMemAlloc_Malloc@core@4@@tl@UModSys@@QAEXXZ 00401410 f i umodsys_lib_basesys:umodsys.base.rsystem_main.obj
 0001:00000460       ?find_s@?$TStaticStringPool@DU?$TComparerBinaryHash@D@su@tl@UModSys@@USMemAlloc_Malloc@core@4@@tl@UModSys@@QBEPBU?$TString@U?$TSCoreConst@D@su@tl@UModSys@@U?$TComparerBinaryHash@D@234@@23@ABU423@@Z 00401460 f i umodsys_lib_basesys:umodsys.base.rsystem_main.obj
 0001:000004f0       ??$process_nodes_r@U?$TNodeDeleter@U?$TScatterArrayNode@USUniPtrHolder@RSystem@rsystem@base@UModSys@@H@tl@UModSys@@USMemAlloc_Malloc@core@3@@tl@UModSys@@@?$TTreeHoldRB@U?$TScatterArrayNode@USUniPtrHolder@RSystem@rsystem@base@UModSys@@H@tl@UModSys@@@tl@UModSys@@KAHPAU?$TScatterArrayNode@USUniPtrHolder@RSystem@rsystem@base@UModSys@@H@12@ABU?$TNodeDeleter@U?$TScatterArrayNode@USUniPtrHolder@RSystem@rsystem@base@UModSys@@H@tl@UModSys@@USMemAlloc_Malloc@core@3@@12@@Z 004014f0 f i umodsys_lib_basesys:umodsys.base.rsystem_main.obj
 0001:00000540       ??1?$TParametersA@$0EAA@@core@UModSys@@QAE@XZ 00401540 f i umodsys_lib_basesys:umodsys.base.rsystem_tests.obj
 0001:00000550       ??$t_moduledb_generate@UIShell@base@UModSys@@@IModuleLoader@base@UModSys@@QAE_NAAU?$TRefObject@UIShell@base@UModSys@@@tl@2@PBUSUniquePointerInfo@core@2@ABUSParameters@62@@Z 00401550 f i umodsys_lib_basesys:umodsys.base.rsystem_tests.obj
 0001:00000620       ??_GRModuleLoader@rsystem@base@UModSys@@UAEPAXI@Z 00401620 f i umodsys_lib_basesys:umodsys.base.rmoduleloader.obj
 0001:00000620       ??_ERModuleLoader@rsystem@base@UModSys@@UAEPAXI@Z 00401620 f i  CIL library: CIL module
 0001:00000640       ??_GIModuleLoader@base@UModSys@@UAEPAXI@Z 00401640 f i umodsys_lib_basesys:umodsys.base.rmoduleloader.obj
 0001:00000640       ??_EIModuleLoader@base@UModSys@@UAEPAXI@Z 00401640 f i  CIL library: CIL module
 0001:00000660       ?free@?$TArray@U?$TRefObject@URModuleLibrary@rsystem@base@UModSys@@@tl@UModSys@@U?$TAllocator@USMemAlloc_Malloc@core@UModSys@@USCountCalcPower2@23@@23@@tl@UModSys@@QAE_NXZ 00401660 f i umodsys_lib_basesys:umodsys.base.rmoduleloader.obj
 0001:00000660       ?free@?$TArray@U?$TRefObject@URModule@rsystem@base@UModSys@@@tl@UModSys@@U?$TAllocator@USMemAlloc_Malloc@core@UModSys@@USCountCalcPower2@23@@23@@tl@UModSys@@QAE_NXZ 00401660 f i umodsys_lib_basesys:umodsys.base.rmodulelib.obj
 0001:00000690       ?remove_at@?$TArray@U?$TRefObject@URModuleLibrary@rsystem@base@UModSys@@@tl@UModSys@@U?$TAllocator@USMemAlloc_Malloc@core@UModSys@@USCountCalcPower2@23@@23@@tl@UModSys@@QAE_NI@Z 00401690 f i umodsys_lib_basesys:umodsys.base.rmoduleloader.obj
 0001:000006f0       ?resize@?$TArray@U?$TRefObject@URModule@rsystem@base@UModSys@@@tl@UModSys@@U?$TAllocator@USMemAlloc_Malloc@core@UModSys@@USCountCalcPower2@23@@23@@tl@UModSys@@QAE_NI@Z 004016f0 f i umodsys_lib_basesys:umodsys.base.rmodulelib.obj
 0001:000006f0       ?resize@?$TArray@U?$TRefObject@URModuleLibrary@rsystem@base@UModSys@@@tl@UModSys@@U?$TAllocator@USMemAlloc_Malloc@core@UModSys@@USCountCalcPower2@23@@23@@tl@UModSys@@QAE_NI@Z 004016f0 f i umodsys_lib_basesys:umodsys.base.rmoduleloader.obj
 0001:00000710       ?items_destruct@?$TArrayAbstract@U?$TRefObject@URModule@rsystem@base@UModSys@@@tl@UModSys@@@tl@UModSys@@IAEXII@Z 00401710 f i umodsys_lib_basesys:umodsys.base.rmodulelib.obj
 0001:00000710       ?items_destruct@?$TArrayAbstract@U?$TRefObject@URModuleLibrary@rsystem@base@UModSys@@@tl@UModSys@@@tl@UModSys@@IAEXII@Z 00401710 f i umodsys_lib_basesys:umodsys.base.rmoduleloader.obj
 0001:00000750       ??$genx_node@UCmp@?$TScatterArray@USUniPtrHolder@RSystem@rsystem@base@UModSys@@HU?$TNodeDeleter@U?$TScatterArrayNode@USUniPtrHolder@RSystem@rsystem@base@UModSys@@H@tl@UModSys@@USMemAlloc_Malloc@core@3@@tl@5@@tl@UModSys@@UGen0@234@@?$TTreeHoldRBD@U?$TScatterArrayNode@USUniPtrHolder@RSystem@rsystem@base@UModSys@@H@tl@UModSys@@U?$TNodeDeleter@U?$TScatterArrayNode@USUniPtrHolder@RSystem@rsystem@base@UModSys@@H@tl@UModSys@@USMemAlloc_Malloc@core@3@@23@@tl@UModSys@@QAEPAU?$TScatterArrayNode@USUniPtrHolder@RSystem@rsystem@base@UModSys@@H@12@UCmp@?$TScatterArray@USUniPtrHolder@RSystem@rsystem@base@UModSys@@HU?$TNodeDeleter@U?$TScatterArrayNode@USUniPtrHolder@RSystem@rsystem@base@UModSys@@H@tl@UModSys@@USMemAlloc_Malloc@core@3@@tl@5@@12@ABUGen0@512@PAPAU312@2_N@Z 00401750 f i umodsys_lib_basesys:umodsys.base.rsystem.obj
 0001:000007c0       ??$first_node_u@UCmp@?$TScatterArray@USUniPtrHolder@RSystem@rsystem@base@UModSys@@HU?$TNodeDeleter@U?$TScatterArrayNode@USUniPtrHolder@RSystem@rsystem@base@UModSys@@H@tl@UModSys@@USMemAlloc_Malloc@core@3@@tl@5@@tl@UModSys@@@?$TTreeHoldRB@U?$TScatterArrayNode@USUniPtrHolder@RSystem@rsystem@base@UModSys@@H@tl@UModSys@@@tl@UModSys@@QBEPAU?$TScatterArrayNode@USUniPtrHolder@RSystem@rsystem@base@UModSys@@H@12@UCmp@?$TScatterArray@USUniPtrHolder@RSystem@rsystem@base@UModSys@@HU?$TNodeDeleter@U?$TScatterArrayNode@USUniPtrHolder@RSystem@rsystem@base@UModSys@@H@tl@UModSys@@USMemAlloc_Malloc@core@3@@tl@5@@12@@Z 004017c0 f i umodsys_lib_basesys:umodsys.base.rsystem.obj
 0001:000008c0       ?sub_insert_node@?$TTreeHoldRB@U?$TScatterArrayNode@USUniPtrHolder@RSystem@rsystem@base@UModSys@@H@tl@UModSys@@@tl@UModSys@@QAEXPAU?$TScatterArrayNode@USUniPtrHolder@RSystem@rsystem@base@UModSys@@H@23@0H@Z 004018c0 f i umodsys_lib_basesys:umodsys.base.rsystem.obj
 0001:00000930       ??RGen0@?$TScatterArray@USUniPtrHolder@RSystem@rsystem@base@UModSys@@HU?$TNodeDeleter@U?$TScatterArrayNode@USUniPtrHolder@RSystem@rsystem@base@UModSys@@H@tl@UModSys@@USMemAlloc_Malloc@core@3@@tl@5@@tl@UModSys@@QBEPAU?$TScatterArrayNode@USUniPtrHolder@RSystem@rsystem@base@UModSys@@H@23@ABUCmp@123@ABU?$TTreeHoldRBD@U?$TScatterArrayNode@USUniPtrHolder@RSystem@rsystem@base@UModSys@@H@tl@UModSys@@U?$TNodeDeleter@U?$TScatterArrayNode@USUniPtrHolder@RSystem@rsystem@base@UModSys@@H@tl@UModSys@@USMemAlloc_Malloc@core@3@@23@@23@@Z 00401930 f i umodsys_lib_basesys:umodsys.base.rsystem.obj
 0001:00000980       ?insert_color@?$TTreeHoldRB@U?$TScatterArrayNode@USUniPtrHolder@RSystem@rsystem@base@UModSys@@H@tl@UModSys@@@tl@UModSys@@IAEXPAU?$TScatterArrayNode@USUniPtrHolder@RSystem@rsystem@base@UModSys@@H@23@@Z 00401980 f i umodsys_lib_basesys:umodsys.base.rsystem.obj
 0001:00000b20       ?get_interface_info@RParameters@rsystem@base@UModSys@@UBEABUSUniquePointerInfo@core@4@XZ 00401b20 f i umodsys_lib_basesys:umodsys.base.rparameters.obj
 0001:00000b30       ?get_interface_type@RParameters@rsystem@base@UModSys@@UBEPBUSUniquePointerInfo@core@4@XZ 00401b30 f i umodsys_lib_basesys:umodsys.base.rparameters.obj
 0001:00000b40       ?get_interface_types@RConsole_std@rsystem@base@UModSys@@UBEIAAUSUniquePtrList@core@4@@Z 00401b40 f i umodsys_lib_basesys:umodsys.base.rconsole_std.obj
 0001:00000b40       ?get_interface_types@ISystem@base@UModSys@@UBEIAAUSUniquePtrList@core@3@@Z 00401b40 f i umodsys_lib_basesys:umodsys.base.rsystem_main.obj
 0001:00000b40       ?get_interface_types@RModuleLibrary@rsystem@base@UModSys@@UBEIAAUSUniquePtrList@core@4@@Z 00401b40 f i umodsys_lib_basesys:umodsys.base.rmodulelib.obj
 0001:00000b40       ?get_interface_types@RParameters@rsystem@base@UModSys@@UBEIAAUSUniquePtrList@core@4@@Z 00401b40 f i umodsys_lib_basesys:umodsys.base.rparameters.obj
 0001:00000b40       ?get_interface_types@RSystem@rsystem@base@UModSys@@UBEIAAUSUniquePtrList@core@4@@Z 00401b40 f i umodsys_lib_basesys:umodsys.base.rsystem_main.obj
 0001:00000b40       ?get_interface_types@RModule@rsystem@base@UModSys@@UBEIAAUSUniquePtrList@core@4@@Z 00401b40 f i umodsys_lib_basesys:umodsys.base.rmodule.obj
 0001:00000b50       ?get_other_interface@RParameters@rsystem@base@UModSys@@UAEPAUIRoot@core@4@PBUSUniquePointerInfo@64@@Z 00401b50 f i umodsys_lib_basesys:umodsys.base.rparameters.obj
 0001:00000b50       ?get_other_interface@RParameters@rsystem@base@UModSys@@UBEPBUIRoot@core@4@PBUSUniquePointerInfo@64@@Z 00401b50 f i umodsys_lib_basesys:umodsys.base.rparameters.obj
 0001:00000b80       ?suicide@RModuleLibrary@rsystem@base@UModSys@@UAEXXZ 00401b80 f i umodsys_lib_basesys:umodsys.base.rmodulelib.obj
 0001:00000b80       ?suicide@RParameters@rsystem@base@UModSys@@UAEXXZ 00401b80 f i umodsys_lib_basesys:umodsys.base.rparameters.obj
 0001:00000b90       ??_ERParameters@rsystem@base@UModSys@@UAEPAXI@Z 00401b90 f i  CIL library: CIL module
 0001:00000b90       ??_GRParameters@rsystem@base@UModSys@@UAEPAXI@Z 00401b90 f i umodsys_lib_basesys:umodsys.base.rparameters.obj
 0001:00000bb0       ??$shash@D@su@tl@UModSys@@YAHPBD@Z 00401bb0 f i umodsys_lib_basesys:umodsys.base.rparameters.obj
 0001:00000bd0       ??$t_alloc@UIMemAlloc@core@UModSys@@@SMemChunk@core@UModSys@@QAE_NAAUIMemAlloc@12@IPBUSSourceContext@12@@Z 00401bd0 f i umodsys_lib_basesys:umodsys.base.rparameters.obj
 0001:00000c10       ?get_interface_info@RModuleLibrary@rsystem@base@UModSys@@UBEABUSUniquePointerInfo@core@4@XZ 00401c10 f i umodsys_lib_basesys:umodsys.base.rmodulelib.obj
 0001:00000c20       ?get_interface_type@RModuleLibrary@rsystem@base@UModSys@@UBEPBUSUniquePointerInfo@core@4@XZ 00401c20 f i umodsys_lib_basesys:umodsys.base.rmodulelib.obj
 0001:00000c30       ?get_other_interface@RModuleLibrary@rsystem@base@UModSys@@UBEPBUIRoot@core@4@PBUSUniquePointerInfo@64@@Z 00401c30 f i umodsys_lib_basesys:umodsys.base.rmodulelib.obj
 0001:00000c30       ?get_other_interface@RModuleLibrary@rsystem@base@UModSys@@UAEPAUIRoot@core@4@PBUSUniquePointerInfo@64@@Z 00401c30 f i umodsys_lib_basesys:umodsys.base.rmodulelib.obj
 0001:00000c60       ??_ERModuleLibrary@rsystem@base@UModSys@@UAEPAXI@Z 00401c60 f i  CIL library: CIL module
 0001:00000c60       ??_GRModuleLibrary@rsystem@base@UModSys@@UAEPAXI@Z 00401c60 f i umodsys_lib_basesys:umodsys.base.rmodulelib.obj
 0001:00000c80       ??1?$TString@U?$TSCoreShared@USMemAlloc_Malloc@core@UModSys@@D@su@tl@UModSys@@U?$TComparerBinaryHash@D@234@@tl@UModSys@@QAE@XZ 00401c80 f i umodsys_lib_basesys:umodsys.base.rmodulelib.obj
 0001:00000cb0       ??_GIModuleLibrary@base@UModSys@@UAEPAXI@Z 00401cb0 f i umodsys_lib_basesys:umodsys.base.rmodulelib.obj
 0001:00000cb0       ??_EIModuleLibrary@base@UModSys@@UAEPAXI@Z 00401cb0 f i  CIL library: CIL module
 0001:00000cd0       ??1?$TArray@U?$TRefObject@URModule@rsystem@base@UModSys@@@tl@UModSys@@U?$TAllocator@USMemAlloc_Malloc@core@UModSys@@USCountCalcPower2@23@@23@@tl@UModSys@@QAE@XZ 00401cd0 f i umodsys_lib_basesys:umodsys.base.rmodulelib.obj
 0001:00000ce0       ?push@?$TArray@U?$TRefObject@URModule@rsystem@base@UModSys@@@tl@UModSys@@U?$TAllocator@USMemAlloc_Malloc@core@UModSys@@USCountCalcPower2@23@@23@@tl@UModSys@@QAE_NABU?$TRefObject@URModule@rsystem@base@UModSys@@@23@@Z 00401ce0 f i umodsys_lib_basesys:umodsys.base.rmodulelib.obj
 0001:00000ce0       ?push@?$TArray@U?$TRefObject@URModuleLibrary@rsystem@base@UModSys@@@tl@UModSys@@U?$TAllocator@USMemAlloc_Malloc@core@UModSys@@USCountCalcPower2@23@@23@@tl@UModSys@@QAE_NABU?$TRefObject@URModuleLibrary@rsystem@base@UModSys@@@23@@Z 00401ce0 f i umodsys_lib_basesys:umodsys.base.rmodulelib.obj
 0001:00000d90       ?info_new@?$TSCoreShared@USMemAlloc_Malloc@core@UModSys@@D@su@tl@UModSys@@QAE_NPBDI@Z 00401d90 f i umodsys_lib_basesys:umodsys.base.rmodulelib.obj
 0001:00000e10       ?get_interface_info@RModule@rsystem@base@UModSys@@UBEABUSUniquePointerInfo@core@4@XZ 00401e10 f i umodsys_lib_basesys:umodsys.base.rmodule.obj
 0001:00000e20       ?get_interface_type@RModule@rsystem@base@UModSys@@UBEPBUSUniquePointerInfo@core@4@XZ 00401e20 f i umodsys_lib_basesys:umodsys.base.rmodule.obj
 0001:00000e30       ?get_other_interface@RModule@rsystem@base@UModSys@@UAEPAUIRoot@core@4@PBUSUniquePointerInfo@64@@Z 00401e30 f i umodsys_lib_basesys:umodsys.base.rmodule.obj
 0001:00000e30       ?get_other_interface@RModule@rsystem@base@UModSys@@UBEPBUIRoot@core@4@PBUSUniquePointerInfo@64@@Z 00401e30 f i umodsys_lib_basesys:umodsys.base.rmodule.obj
 0001:00000e60       ?suicide@RModule@rsystem@base@UModSys@@UAEXXZ 00401e60 f i umodsys_lib_basesys:umodsys.base.rmodule.obj
 0001:00000ec0       ??_ERModule@rsystem@base@UModSys@@UAEPAXI@Z 00401ec0 f i  CIL library: CIL module
 0001:00000ec0       ??_GRModule@rsystem@base@UModSys@@UAEPAXI@Z 00401ec0 f i umodsys_lib_basesys:umodsys.base.rmodule.obj
 0001:00000ee0       ??_EIModule@base@UModSys@@UAEPAXI@Z 00401ee0 f i  CIL library: CIL module
 0001:00000ee0       ??_GIModule@base@UModSys@@UAEPAXI@Z 00401ee0 f i umodsys_lib_basesys:umodsys.base.rmodule.obj
 0001:00000f00       ??1?$TArray@UModuleObjInfo@RModule@rsystem@base@UModSys@@U?$TAllocator@USMemAlloc_Malloc@core@UModSys@@USCountCalcPower2@23@@tl@5@@tl@UModSys@@QAE@XZ 00401f00 f i umodsys_lib_basesys:umodsys.base.rmodule.obj
 0001:00000f10       ??1?$TArray@UGeneratedObjInfo@RModule@rsystem@base@UModSys@@U?$TAllocator@USMemAlloc_Malloc@core@UModSys@@USCountCalcPower2@23@@tl@5@@tl@UModSys@@QAE@XZ 00401f10 f i umodsys_lib_basesys:umodsys.base.rmodule.obj
 0001:00000f20       ??1?$TArray@PBUSUniquePointerInfo@core@UModSys@@U?$TAllocator@USMemAlloc_Malloc@core@UModSys@@USCountCalcPower2@23@@tl@3@@tl@UModSys@@QAE@XZ 00401f20 f i umodsys_lib_basesys:umodsys.base.rmodule.obj
 0001:00000f30       ?resize@?$TArray@UModuleObjInfo@RModule@rsystem@base@UModSys@@U?$TAllocator@USMemAlloc_Malloc@core@UModSys@@USCountCalcPower2@23@@tl@5@@tl@UModSys@@QAE_NI@Z 00401f30 f i umodsys_lib_basesys:umodsys.base.rmodule.obj
 0001:00000f80       ?free@?$TArray@UModuleObjInfo@RModule@rsystem@base@UModSys@@U?$TAllocator@USMemAlloc_Malloc@core@UModSys@@USCountCalcPower2@23@@tl@5@@tl@UModSys@@QAE_NXZ 00401f80 f i umodsys_lib_basesys:umodsys.base.rmodule.obj
 0001:00000fb0       ?resize@?$TArray@UGeneratedObjInfo@RModule@rsystem@base@UModSys@@U?$TAllocator@USMemAlloc_Malloc@core@UModSys@@USCountCalcPower2@23@@tl@5@@tl@UModSys@@QAE_NI@Z 00401fb0 f i umodsys_lib_basesys:umodsys.base.rmodule.obj
 0001:00001000       ?free@?$TArray@UGeneratedObjInfo@RModule@rsystem@base@UModSys@@U?$TAllocator@USMemAlloc_Malloc@core@UModSys@@USCountCalcPower2@23@@tl@5@@tl@UModSys@@QAE_NXZ 00402000 f i umodsys_lib_basesys:umodsys.base.rmodule.obj
 0001:00001030       ?resize@?$TArray@PBUSUniquePointerInfo@core@UModSys@@U?$TAllocator@USMemAlloc_Malloc@core@UModSys@@USCountCalcPower2@23@@tl@3@@tl@UModSys@@QAE_NI@Z 00402030 f i umodsys_lib_basesys:umodsys.base.rmodule.obj
 0001:00001070       ?free@?$TArray@PBUSUniquePointerInfo@core@UModSys@@U?$TAllocator@USMemAlloc_Malloc@core@UModSys@@USCountCalcPower2@23@@tl@3@@tl@UModSys@@QAE_NXZ 00402070 f i umodsys_lib_basesys:umodsys.base.rmodule.obj
 0001:000010a0       ?items_construct@?$TArrayAbstract@UModuleObjInfo@RModule@rsystem@base@UModSys@@@tl@UModSys@@IAEXII@Z 004020a0 f i umodsys_lib_basesys:umodsys.base.rmodule.obj
 0001:000010e0       ?items_construct@?$TArrayAbstract@UGeneratedObjInfo@RModule@rsystem@base@UModSys@@@tl@UModSys@@IAEXII@Z 004020e0 f i umodsys_lib_basesys:umodsys.base.rmodule.obj
 0001:00001120       ??$t_realloc_array@UModuleObjInfo@RModule@rsystem@base@UModSys@@@?$TAllocator@USMemAlloc_Malloc@core@UModSys@@USCountCalcPower2@23@@tl@UModSys@@QAE_NAAPAUModuleObjInfo@RModule@rsystem@base@2@AAIIPAUSSourceContext@core@2@@Z 00402120 f i umodsys_lib_basesys:umodsys.base.rmodule.obj
 0001:00001160       ??$t_realloc_array@UGeneratedObjInfo@RModule@rsystem@base@UModSys@@@?$TAllocator@USMemAlloc_Malloc@core@UModSys@@USCountCalcPower2@23@@tl@UModSys@@QAE_NAAPAUGeneratedObjInfo@RModule@rsystem@base@2@AAIIPAUSSourceContext@core@2@@Z 00402160 f i umodsys_lib_basesys:umodsys.base.rmodule.obj
 0001:000011a0       ??$t_realloc_array@PBUSUniquePointerInfo@core@UModSys@@@?$TAllocator@USMemAlloc_Malloc@core@UModSys@@USCountCalcPower2@23@@tl@UModSys@@QAE_NAAPAPBUSUniquePointerInfo@core@2@AAIIPAUSSourceContext@42@@Z 004021a0 f i umodsys_lib_basesys:umodsys.base.rmodule.obj
 0001:000011da       __onexit                   004021da f   MSVCRT:atonexit.obj
 0001:0000127f       _atexit                    0040227f f   MSVCRT:atonexit.obj
 0001:00001538       _mainCRTStartup            00402538 f   MSVCRT:crtexe.obj
 0001:00001542       __purecall                 00402542 f   MSVCRT:MSVCR90.dll
 0001:00001548       ??3@YAXPAX@Z               00402548 f   MSVCRT:MSVCR90.dll
 0001:0000154e       ??_Etype_info@@UAEPAXI@Z   0040254e f i MSVCRT:ti_inst.obj
 0001:0000159a       ??2@YAPAXI@Z               0040259a f   MSVCRT:MSVCR90.dll
 0001:000015a0       __unlock                   004025a0 f   MSVCRT:MSVCR90.dll
 0001:000015a6       ___dllonexit               004025a6 f   MSVCRT:MSVCR90.dll
 0001:000015ac       __lock                     004025ac f   MSVCRT:MSVCR90.dll
 0001:000015b4       __SEH_prolog4              004025b4 f   MSVCRT:sehprolg4.obj
 0001:000015f9       __SEH_epilog4              004025f9 f   MSVCRT:sehprolg4.obj
 0001:0000160d       __except_handler4          0040260d f   MSVCRT:chandler4gs.obj
 0001:00001632       ?__CxxUnhandledExceptionFilter@@YGJPAU_EXCEPTION_POINTERS@@@Z 00402632 f   MSVCRT:unhandld.obj
 0001:00001674       ___CxxSetUnhandledExceptionFilter 00402674 f   MSVCRT:unhandld.obj
 0001:00001682       __amsg_exit                00402682 f   MSVCRT:MSVCR90.dll
 0001:00001688       __RTC_Initialize           00402688 f   MSVCRT:_initsect_.obj
 0001:000016ae       __RTC_Terminate            004026ae f   MSVCRT:_initsect_.obj
 0001:000016d4       __XcptFilter               004026d4 f   MSVCRT:MSVCR90.dll
 0001:000016e0       __ValidateImageBase        004026e0 f   MSVCRT:pesect.obj
 0001:00001720       __FindPESection            00402720 f   MSVCRT:pesect.obj
 0001:00001770       __IsNonwritableInCurrentImage 00402770 f   MSVCRT:pesect.obj
 0001:0000182e       __initterm                 0040282e f   MSVCRT:MSVCR90.dll
 0001:00001834       __initterm_e               00402834 f   MSVCRT:MSVCR90.dll
 0001:0000183a       __setdefaultprecision      0040283a f   MSVCRT:fp8.obj
 0001:00001865       __matherr                  00402865 f   MSVCRT:merr.obj
 0001:00001865       __setargv                  00402865 f   MSVCRT:dllargv.obj
 0001:00001868       ___security_init_cookie    00402868 f   MSVCRT:gs_support.obj
 0001:000018fe       ?__ArrayUnwind@@YGXPAXIHP6EX0@Z@Z 004028fe f   MSVCRT:ehvecdtr.obj
 0001:0000195c       ??_M@YGXPAXIHP6EX0@Z@Z     0040295c f   MSVCRT:ehvecdtr.obj
 0001:000019bf       @__security_check_cookie@4 004029bf f   MSVCRT:secchk.obj
 0001:000019ce       __except_handler4_common   004029ce f   MSVCRT:MSVCR90.dll
 0001:000019d4       ?terminate@@YAXXZ          004029d4 f   MSVCRT:MSVCR90.dll
 0001:000019da       __invoke_watson            004029da f   MSVCRT:MSVCR90.dll
 0001:000019e0       __controlfp_s              004029e0 f   MSVCRT:MSVCR90.dll
 0001:000019e6       ??1type_info@@UAE@XZ       004029e6 f   MSVCRT:MSVCR90.dll
 0001:000019e6       ?_type_info_dtor_internal_method@type_info@@QAEXXZ 004029e6 f   MSVCRT:MSVCR90.dll
 0001:000019ec       ___report_gsfailure        004029ec f   MSVCRT:gs_report.obj
 0001:00001af2       __crt_debugger_hook        00402af2 f   MSVCRT:MSVCR90.dll
 0001:00001b00       ?gracial_convert@syshlp@core@UModSys@@YA_NPADHPB_WH@Z 00402b00 f   umodsys_lib_core:umodsys.core.syshlp_charcode.win32.obj
 0001:00001b30       ?gracial_convert@syshlp@core@UModSys@@YA_NPA_WHPBDH@Z 00402b30 f   umodsys_lib_core:umodsys.core.syshlp_charcode.win32.obj
 0001:00001b60       ?path_uni_os@syshlp@core@UModSys@@YAXPA_W@Z 00402b60 f   umodsys_lib_core:umodsys.core.syshlp_chars.win32.obj
 0001:00001b80       ?path_os_uni@syshlp@core@UModSys@@YAXPAD@Z 00402b80 f   umodsys_lib_core:umodsys.core.syshlp_chars.win32.obj
 0001:00001ba0       ?gracial_cpy@syshlp@core@UModSys@@YA_NPA_WHQAPB_WH@Z 00402ba0 f   umodsys_lib_core:umodsys.core.syshlp_chars.win32.obj
 0001:00001c40       ?gracial_cpy@syshlp@core@UModSys@@YA_NPADHQAPBDH@Z 00402c40 f   umodsys_lib_core:umodsys.core.syshlp_chars.win32.obj
 0001:00001cd0       ??1IRoot@core@UModSys@@UAE@XZ 00402cd0 f   umodsys_lib_core:umodsys.core.objects.obj
 0001:00001ce0       ??1IRefObject@core@UModSys@@UAE@XZ 00402ce0 f   umodsys_lib_core:umodsys.core.objects.obj
 0001:00001cf0       ??0SUniquePtrList@core@UModSys@@QAE@PAPBUSUniquePointerInfo@12@I@Z 00402cf0 f   umodsys_lib_core:umodsys.core.uniqueptr.obj
 0001:00001d10       ?s_unresolve@SUniquePointer@core@UModSys@@SAXPAUIUniquePointerResolver@23@@Z 00402d10 f   umodsys_lib_core:umodsys.core.uniqueptr.obj
 0001:00001d50       ?s_resolve@SUniquePointer@core@UModSys@@SAXPAUIUniquePointerResolver@23@@Z 00402d50 f   umodsys_lib_core:umodsys.core.uniqueptr.obj
 0001:00001da0       ??1SUniquePointer@core@UModSys@@QAE@XZ 00402da0 f   umodsys_lib_core:umodsys.core.uniqueptr.obj
 0001:00001dd0       ??0SUniquePointer@core@UModSys@@QAE@H@Z 00402dd0 f   umodsys_lib_core:umodsys.core.uniqueptr.obj
 0001:00001df0       ??0SUniquePointer@core@UModSys@@QAE@PBD0H@Z 00402df0 f   umodsys_lib_core:umodsys.core.uniqueptr.obj
 0001:00001e40       ??1SModuleInfo@base@UModSys@@QAE@XZ 00402e40 f   umodsys_lib_base:umodsys.base.moduleinfo.obj
 0001:00001e50       ??0SModuleInfo@base@UModSys@@QAE@XZ 00402e50 f   umodsys_lib_base:umodsys.base.moduleinfo.obj
 0001:00001e70       ??1IModuleLoader@base@UModSys@@UAE@XZ 00402e70 f   umodsys_lib_base:umodsys.base.moduleloader.obj
 0001:00001e80       ??1SDebug@base@UModSys@@QAE@XZ 00402e80 f   umodsys_lib_base:umodsys.base.debug.obj
 0001:00001ea0       ??0SDebug@base@UModSys@@QAE@PAUIConsole@12@I@Z 00402ea0 f   umodsys_lib_base:umodsys.base.debug.obj
 0001:00001ec0       ??1ISystem@base@UModSys@@UAE@XZ 00402ec0 f   umodsys_lib_base:umodsys.base.system.obj
 0001:00001ed0       ?Link@SModuleContext@base@UModSys@@QAEXPAUISystem@23@PAUIMemAlloc@core@3@@Z 00402ed0 f   umodsys_lib_base:umodsys.base.modulecontext.obj
 0001:00001f00       ??0SModuleContext@base@UModSys@@QAE@XZ 00402f00 f   umodsys_lib_base:umodsys.base.modulecontext.obj
 0001:00001f20       ??1SModuleContext@base@UModSys@@QAE@XZ 00402f20 f   umodsys_lib_base:umodsys.base.modulecontext.obj
 0001:00001f30       ?get_paramworker@SParameters@core@UModSys@@KAPAUIParameters@23@XZ 00402f30 f   umodsys_lib_base:umodsys.base.modulecontext.obj
 0001:00001f40       ?ref_links@RModule@rsystem@base@UModSys@@UBEHXZ 00402f40 f   umodsys_lib_basesys:umodsys.base.rmodule.obj
 0001:00001f50       ?ref_remove@RModule@rsystem@base@UModSys@@UBEXXZ 00402f50 f   umodsys_lib_basesys:umodsys.base.rmodule.obj
 0001:00001f60       ?ref_add@RModule@rsystem@base@UModSys@@UBEXXZ 00402f60 f   umodsys_lib_basesys:umodsys.base.rmodule.obj
 0001:00001f70       ?scan@RModule@rsystem@base@UModSys@@QAE_NXZ 00402f70 f   umodsys_lib_basesys:umodsys.base.rmodule.obj
 0001:00001fa0       ?mod_findobjname@RModule@rsystem@base@UModSys@@UAEIPBUSUniquePointerInfo@core@4@QAPBU564@I@Z 00402fa0 f   umodsys_lib_basesys:umodsys.base.rmodule.obj
 0001:00002020       ?is_open@RModule@rsystem@base@UModSys@@UBE_NXZ 00403020 f   umodsys_lib_basesys:umodsys.base.rmodule.obj
 0001:00002040       ?get_info@RModule@rsystem@base@UModSys@@UBEABUSModuleInfo@34@XZ 00403040 f   umodsys_lib_basesys:umodsys.base.rmodule.obj
 0001:00002050       ?get_library@RModule@rsystem@base@UModSys@@UBEPAUIModuleLibrary@34@XZ 00403050 f   umodsys_lib_basesys:umodsys.base.rmodule.obj
 0001:00002060       ??1RModule@rsystem@base@UModSys@@UAE@XZ 00403060 f   umodsys_lib_basesys:umodsys.base.rmodule.obj
 0001:000020a0       ?unreg_obj@RModule@rsystem@base@UModSys@@QAE_NPAUIModObject@34@@Z 004030a0 f   umodsys_lib_basesys:umodsys.base.rmodule.obj
 0001:00002140       ?reg_generator@RModule@rsystem@base@UModSys@@QAE_NPAUModuleObjInfo@1234@PAUIGenerator@34@@Z 00403140 f   umodsys_lib_basesys:umodsys.base.rmodule.obj
 0001:00002320       ?save_db@RModule@rsystem@base@UModSys@@QAE_NPAU_iobuf@@@Z 00403320 f   umodsys_lib_basesys:umodsys.base.rmodule.obj
 0001:000024d0       ?alloc_minfo@RModule@rsystem@base@UModSys@@QAE_NABUSModuleInfo@34@@Z 004034d0 f   umodsys_lib_basesys:umodsys.base.rmodule.obj
 0001:00002550       ?reg_obj@RModule@rsystem@base@UModSys@@QAEPAUModuleObjInfo@1234@PAUIModObject@34@@Z 00403550 f   umodsys_lib_basesys:umodsys.base.rmodule.obj
 0001:00002670       ?mod_generate@RModule@rsystem@base@UModSys@@UAE_NAAU?$TRefObject@UIRefObject@core@UModSys@@@tl@4@PBUSUniquePointerInfo@core@4@ABUSParameters@84@@Z 00403670 f   umodsys_lib_basesys:umodsys.base.rmodule.obj
 0001:00002790       ?reg@RModule@rsystem@base@UModSys@@UAE_NPAUIGenerator@34@_N@Z 00403790 f   umodsys_lib_basesys:umodsys.base.rmodule.obj
 0001:000027e0       ?reg@RModule@rsystem@base@UModSys@@UAE_NPAUIModObject@34@_N@Z 004037e0 f   umodsys_lib_basesys:umodsys.base.rmodule.obj
 0001:00002810       ?close@RModule@rsystem@base@UModSys@@UAE_NXZ 00403810 f   umodsys_lib_basesys:umodsys.base.rmodule.obj
 0001:00002860       ?open@RModule@rsystem@base@UModSys@@UAE_NXZ 00403860 f   umodsys_lib_basesys:umodsys.base.rmodule.obj
 0001:000028c0       ??0RModule@rsystem@base@UModSys@@QAE@PAURModuleLibrary@123@PAUIModuleReg@23@@Z 004038c0 f   umodsys_lib_basesys:umodsys.base.rmodule.obj
 0001:00002950       ?ref_links@RModuleLibrary@rsystem@base@UModSys@@UBEHXZ 00403950 f   umodsys_lib_basesys:umodsys.base.rmodulelib.obj
 0001:00002960       ?ref_remove@RModuleLibrary@rsystem@base@UModSys@@UBEXXZ 00403960 f   umodsys_lib_basesys:umodsys.base.rmodulelib.obj
 0001:00002970       ?ref_add@RModuleLibrary@rsystem@base@UModSys@@UBEXXZ 00403970 f   umodsys_lib_basesys:umodsys.base.rmodulelib.obj
 0001:00002980       ?lib_unload@RModuleLibrary@rsystem@base@UModSys@@UAE_NXZ 00403980 f   umodsys_lib_basesys:umodsys.base.rmodulelib.obj
 0001:000029a0       ?lib_loaded@RModuleLibrary@rsystem@base@UModSys@@UBE_NXZ 004039a0 f   umodsys_lib_basesys:umodsys.base.rmodulelib.obj
 0001:000029b0       ?get_system@RModuleLibrary@rsystem@base@UModSys@@UBEPAUISystem@34@XZ 004039b0 f   umodsys_lib_basesys:umodsys.base.rmodulelib.obj
 0001:000029c0       ?get_privmem@RModuleLibrary@rsystem@base@UModSys@@UBEPAUIMemAlloc@core@4@XZ 004039c0 f   umodsys_lib_basesys:umodsys.base.rmodulelib.obj
 0001:000029d0       ?s_find_dup@RModuleLibrary@rsystem@base@UModSys@@SAIABU?$TArray@U?$TRefObject@URModuleLibrary@rsystem@base@UModSys@@@tl@UModSys@@U?$TAllocator@USMemAlloc_Malloc@core@UModSys@@USCountCalcPower2@23@@23@@tl@4@PAUIModuleLibraryReg@34@@Z 004039d0 f   umodsys_lib_basesys:umodsys.base.rmodulelib.obj
 0001:00002a00       ?unlink@RModuleLibrary@rsystem@base@UModSys@@QAE_NXZ 00403a00 f   umodsys_lib_basesys:umodsys.base.rmodulelib.obj
 0001:00002a40       ?lib_generate@RModuleLibrary@rsystem@base@UModSys@@UAE_NAAU?$TRefObject@UIRefObject@core@UModSys@@@tl@4@PBUSUniquePointerInfo@core@4@ABUSParameters@84@@Z 00403a40 f   umodsys_lib_basesys:umodsys.base.rmodulelib.obj
 0001:00002a90       ?lib_findobjname@RModuleLibrary@rsystem@base@UModSys@@UAEIPBUSUniquePointerInfo@core@4@QAPBU564@I@Z 00403a90 f   umodsys_lib_basesys:umodsys.base.rmodulelib.obj
 0001:00002b00       ?get_module@RModuleLibrary@rsystem@base@UModSys@@UBEPAUIModule@34@I@Z 00403b00 f   umodsys_lib_basesys:umodsys.base.rmodulelib.obj
 0001:00002b20       ?get_module_count@RModuleLibrary@rsystem@base@UModSys@@UBEIXZ 00403b20 f   umodsys_lib_basesys:umodsys.base.rmodulelib.obj
 0001:00002b30       ?get_sys_libname@RModuleLibrary@rsystem@base@UModSys@@UBE?AU?$TString@U?$TSCoreConst@D@su@tl@UModSys@@U?$TComparerBinaryHash@D@234@@tl@4@XZ 00403b30 f   umodsys_lib_basesys:umodsys.base.rmodulelib.obj
 0001:00002b50       ??0RModuleLibrary@rsystem@base@UModSys@@QAE@PAUISystem@23@PAUPFD_Data@0123@PAUIModuleLibraryReg@23@@Z 00403b50 f   umodsys_lib_basesys:umodsys.base.rmodulelib.obj
 0001:00002b90       ?save_db@RModuleLibrary@rsystem@base@UModSys@@QAE_NPAU_iobuf@@@Z 00403b90 f   umodsys_lib_basesys:umodsys.base.rmodulelib.obj
 0001:00002bf0       ??1RModuleLibrary@rsystem@base@UModSys@@UAE@XZ 00403bf0 f   umodsys_lib_basesys:umodsys.base.rmodulelib.obj
 0001:00002c80       ?link@RModuleLibrary@rsystem@base@UModSys@@QAE_NXZ 00403c80 f   umodsys_lib_basesys:umodsys.base.rmodulelib.obj
 0001:00002e90       ?load0@RModuleLibrary@rsystem@base@UModSys@@QAE_NXZ 00403e90 f   umodsys_lib_basesys:umodsys.base.rmodulelib.obj
 0001:00002f00       ?cleanup@RModuleLibrary@rsystem@base@UModSys@@QAEIXZ 00403f00 f   umodsys_lib_basesys:umodsys.base.rmodulelib.obj
 0001:00002f30       ?lib_load@RModuleLibrary@rsystem@base@UModSys@@UAE_NXZ 00403f30 f   umodsys_lib_basesys:umodsys.base.rmodulelib.obj
 0001:00002f50       ?scan@RModuleLibrary@rsystem@base@UModSys@@QAE_NXZ 00403f50 f   umodsys_lib_basesys:umodsys.base.rmodulelib.obj
 0001:00002f90       ?s_add@RModuleLibrary@rsystem@base@UModSys@@SA_NPAUISystem@34@AAU?$TArray@U?$TRefObject@URModuleLibrary@rsystem@base@UModSys@@@tl@UModSys@@U?$TAllocator@USMemAlloc_Malloc@core@UModSys@@USCountCalcPower2@23@@23@@tl@4@PBD@Z 00403f90 f   umodsys_lib_basesys:umodsys.base.rmodulelib.obj
 0001:00003150       ?pfd_init@RModuleLibrary@rsystem@base@UModSys@@SA_NPAUPFD_Data@1234@@Z 00404150 f   umodsys_lib_basesys:umodsys.base.rmodule.win32.obj
 0001:00003160       ?pfd_init@RModuleLibrary@rsystem@base@UModSys@@SA_NPAUPFD_Data@1234@0@Z 00404160 f   umodsys_lib_basesys:umodsys.base.rmodule.win32.obj
 0001:00003180       ?pfd_unload@RModuleLibrary@rsystem@base@UModSys@@SA_NPAUPFD_Data@1234@@Z 00404180 f   umodsys_lib_basesys:umodsys.base.rmodule.win32.obj
 0001:000031c0       ?pfd_load@RModuleLibrary@rsystem@base@UModSys@@SAPAUIModuleLibraryReg@34@PAUPFD_Data@1234@ABU?$TString@U?$TSCoreConst@D@su@tl@UModSys@@U?$TComparerBinaryHash@D@234@@tl@4@@Z 004041c0 f   umodsys_lib_basesys:umodsys.base.rmodule.win32.obj
 0001:000034d0       ?pfd_scan@RModuleLibrary@rsystem@base@UModSys@@SAIPAUISystem@34@AAU?$TArray@U?$TRefObject@URModuleLibrary@rsystem@base@UModSys@@@tl@UModSys@@U?$TAllocator@USMemAlloc_Malloc@core@UModSys@@USCountCalcPower2@23@@23@@tl@4@ABU?$TString@U?$TSCoreConst@D@su@tl@UModSys@@U?$TComparerBinaryHash@D@234@@74@@Z 004044d0 f   umodsys_lib_basesys:umodsys.base.rmodule.win32.obj
 0001:00003520       ?ref_links@RParameters@rsystem@base@UModSys@@UBEHXZ 00404520 f   umodsys_lib_basesys:umodsys.base.rparameters.obj
 0001:00003530       ?ref_remove@RParameters@rsystem@base@UModSys@@UBEXXZ 00404530 f   umodsys_lib_basesys:umodsys.base.rparameters.obj
 0001:00003540       ?ref_add@RParameters@rsystem@base@UModSys@@UBEXXZ 00404540 f   umodsys_lib_basesys:umodsys.base.rparameters.obj
 0001:00003550       ?estimate_size@RParameters@rsystem@base@UModSys@@IAEHAAUElem@1234@HPBDHH@Z 00404550 f   umodsys_lib_basesys:umodsys.base.rparameters.obj
 0001:000035d0       ??0RParameters@rsystem@base@UModSys@@QAE@PAUISystem@23@@Z 004045d0 f   umodsys_lib_basesys:umodsys.base.rparameters.obj
 0001:000035f0       ?p_init_s@RParameters@rsystem@base@UModSys@@UAEXPAUSParametersData@core@4@PAXH@Z 004045f0 f   umodsys_lib_basesys:umodsys.base.rparameters.obj
 0001:00003630       ??1RParameters@rsystem@base@UModSys@@UAE@XZ 00404630 f   umodsys_lib_basesys:umodsys.base.rparameters.obj
 0001:00003640       ?next@RParameters@rsystem@base@UModSys@@UAE_NPBUSParametersData@core@4@AAU?$TString@U?$TSCoreConst@D@su@tl@UModSys@@U?$TComparerBinaryHash@D@234@@tl@4@@Z 00404640 f   umodsys_lib_basesys:umodsys.base.rparameters.obj
 0001:00003740       ?next@RParameters@rsystem@base@UModSys@@UAE_NPBUSParametersData@core@4@AAPBD@Z 00404740 f   umodsys_lib_basesys:umodsys.base.rparameters.obj
 0001:00003810       ?p_init@RParameters@rsystem@base@UModSys@@UAEXPAUSParametersData@core@4@H@Z 00404810 f   umodsys_lib_basesys:umodsys.base.rparameters.obj
 0001:00003880       ?alloc_elems@RParameters@rsystem@base@UModSys@@IAEXPAXH@Z 00404880 f   umodsys_lib_basesys:umodsys.base.rparameters.obj
 0001:000038e0       ?free_elems@RParameters@rsystem@base@UModSys@@IAEXPAXH@Z 004048e0 f   umodsys_lib_basesys:umodsys.base.rparameters.obj
 0001:00003950       ?get_last@RParameters@rsystem@base@UModSys@@IAEPAUElem@1234@PAXHHH@Z 00404950 f   umodsys_lib_basesys:umodsys.base.rparameters.obj
 0001:000039a0       ?find_elem@RParameters@rsystem@base@UModSys@@IAEPBUElem@1234@PBXHHHPBD@Z 004049a0 f   umodsys_lib_basesys:umodsys.base.rparameters.obj
 0001:00003a30       ?get@RParameters@rsystem@base@UModSys@@UAE_NPBUSParametersData@core@4@PBDAAPAUIRefObject@64@@Z 00404a30 f   umodsys_lib_basesys:umodsys.base.rparameters.obj
 0001:00003a80       ?get@RParameters@rsystem@base@UModSys@@UAE_NPBUSParametersData@core@4@PBDAAN@Z 00404a80 f   umodsys_lib_basesys:umodsys.base.rparameters.obj
 0001:00003ad0       ?get@RParameters@rsystem@base@UModSys@@UAE_NPBUSParametersData@core@4@PBDAAH@Z 00404ad0 f   umodsys_lib_basesys:umodsys.base.rparameters.obj
 0001:00003b20       ?get@RParameters@rsystem@base@UModSys@@UAE_NPBUSParametersData@core@4@PBDAAPBD@Z 00404b20 f   umodsys_lib_basesys:umodsys.base.rparameters.obj
 0001:00003b70       ?p_init_s@RParameters@rsystem@base@UModSys@@UAEXPAUSParametersData@core@4@ABU564@PAXH@Z 00404b70 f   umodsys_lib_basesys:umodsys.base.rparameters.obj
 0001:00003be0       ?p_copy@RParameters@rsystem@base@UModSys@@UAEXPAUSParametersData@core@4@ABU564@@Z 00404be0 f   umodsys_lib_basesys:umodsys.base.rparameters.obj
 0001:00003ce0       ?p_init@RParameters@rsystem@base@UModSys@@UAEXPAUSParametersData@core@4@ABU564@@Z 00404ce0 f   umodsys_lib_basesys:umodsys.base.rparameters.obj
 0001:00003d90       ?p_deinit@RParameters@rsystem@base@UModSys@@UAEXPAUSParametersData@core@4@@Z 00404d90 f   umodsys_lib_basesys:umodsys.base.rparameters.obj
 0001:00003df0       ?add_last@RParameters@rsystem@base@UModSys@@IAE_NPAUSParametersData@core@4@PBDPBXH@Z 00404df0 f   umodsys_lib_basesys:umodsys.base.rparameters.obj
 0001:00004020       ?add@RParameters@rsystem@base@UModSys@@UAE_NPAUSParametersData@core@4@PBDPAUIRefObject@64@@Z 00405020 f   umodsys_lib_basesys:umodsys.base.rparameters.obj
 0001:00004040       ?add@RParameters@rsystem@base@UModSys@@UAE_NPAUSParametersData@core@4@PBDABN@Z 00405040 f   umodsys_lib_basesys:umodsys.base.rparameters.obj
 0001:00004060       ?add@RParameters@rsystem@base@UModSys@@UAE_NPAUSParametersData@core@4@PBDH@Z 00405060 f   umodsys_lib_basesys:umodsys.base.rparameters.obj
 0001:00004080       ?add@RParameters@rsystem@base@UModSys@@UAE_NPAUSParametersData@core@4@PBD1@Z 00405080 f   umodsys_lib_basesys:umodsys.base.rparameters.obj
 0001:000040a0       ?get_upr@RSystem@rsystem@base@UModSys@@UAEPAUIUniquePointerResolver@core@4@XZ 004050a0 f   umodsys_lib_basesys:umodsys.base.rsystem.obj
 0001:000040b0       ?get_modloader@RSystem@rsystem@base@UModSys@@UAEPAUIModuleLoader@34@XZ 004050b0 f   umodsys_lib_basesys:umodsys.base.rsystem.obj
 0001:000040c0       ?get_syslib@RSystem@rsystem@base@UModSys@@UAEPAUIModuleLibrary@34@XZ 004050c0 f   umodsys_lib_basesys:umodsys.base.rsystem.obj
 0001:000040d0       ?get_sharemem@RSystem@rsystem@base@UModSys@@UAEPAUIMemAlloc@core@4@XZ 004050d0 f   umodsys_lib_basesys:umodsys.base.rsystem.obj
 0001:000040e0       ?get_sysmem@RSystem@rsystem@base@UModSys@@UAEPAUIMemAlloc@core@4@XZ 004050e0 f   umodsys_lib_basesys:umodsys.base.rsystem.obj
 0001:000040f0       ?get_console@RSystem@rsystem@base@UModSys@@UAEPAUIConsole@34@XZ 004050f0 f   umodsys_lib_basesys:umodsys.base.rsystem.obj
 0001:00004100       ?get_params@RSystem@rsystem@base@UModSys@@UAEPAUIParameters@core@4@XZ 00405100 f   umodsys_lib_basesys:umodsys.base.rsystem.obj
 0001:00004110       ?upi_remove@RSystem@rsystem@base@UModSys@@UAEHPBUSUniquePointerInfo@core@4@@Z 00405110 f   umodsys_lib_basesys:umodsys.base.rsystem.obj
 0001:00004120       ?upi_add@RSystem@rsystem@base@UModSys@@UAEPBUSUniquePointerInfo@core@4@PBU564@@Z 00405120 f   umodsys_lib_basesys:umodsys.base.rsystem.obj
 0001:00004290       ?moduledb_load@RModuleLoader@rsystem@base@UModSys@@UAE_NABU?$TString@U?$TSCoreConst@D@su@tl@UModSys@@U?$TComparerBinaryHash@D@234@@tl@4@@Z 00405290 f   umodsys_lib_basesys:umodsys.base.rmoduleloader.obj
 0001:000042a0       ?moduledb_module_get@RModuleLoader@rsystem@base@UModSys@@UBEPAUIModule@34@I@Z 004052a0 f   umodsys_lib_basesys:umodsys.base.rmoduleloader.obj
 0001:000042e0       ?moduledb_module_count@RModuleLoader@rsystem@base@UModSys@@UAEIXZ 004052e0 f   umodsys_lib_basesys:umodsys.base.rmoduleloader.obj
 0001:00004310       ?moduledb_lib_drop@RModuleLoader@rsystem@base@UModSys@@UAE_NPAUIModuleLibrary@34@@Z 00405310 f   umodsys_lib_basesys:umodsys.base.rmoduleloader.obj
 0001:00004320       ?moduledb_lib_get@RModuleLoader@rsystem@base@UModSys@@UBEPAUIModuleLibrary@34@I@Z 00405320 f   umodsys_lib_basesys:umodsys.base.rmoduleloader.obj
 0001:00004340       ?moduledb_lib_count@RModuleLoader@rsystem@base@UModSys@@UAEIXZ 00405340 f   umodsys_lib_basesys:umodsys.base.rmoduleloader.obj
 0001:00004350       ?moduledb_generate@RModuleLoader@rsystem@base@UModSys@@UAE_NAAU?$TRefObject@UIRefObject@core@UModSys@@@tl@4@PBUSUniquePointerInfo@core@4@ABUSParameters@84@@Z 00405350 f   umodsys_lib_basesys:umodsys.base.rmoduleloader.obj
 0001:000043a0       ?moduledb_findobjname@RModuleLoader@rsystem@base@UModSys@@UAEIPBUSUniquePointerInfo@core@4@QAPBU564@I@Z 004053a0 f   umodsys_lib_basesys:umodsys.base.rmoduleloader.obj
 0001:00004410       ??1RModuleLoader@rsystem@base@UModSys@@UAE@XZ 00405410 f   umodsys_lib_basesys:umodsys.base.rmoduleloader.obj
 0001:00004470       ??0RModuleLoader@rsystem@base@UModSys@@QAE@PAUISystem@23@@Z 00405470 f   umodsys_lib_basesys:umodsys.base.rmoduleloader.obj
 0001:000044b0       ?moduledb_clear@RModuleLoader@rsystem@base@UModSys@@UAEXXZ 004054b0 f   umodsys_lib_basesys:umodsys.base.rmoduleloader.obj
 0001:000044d0       ?cleanup@RModuleLoader@rsystem@base@UModSys@@QAEXXZ 004054d0 f   umodsys_lib_basesys:umodsys.base.rmoduleloader.obj
 0001:00004500       ?moduledb_save@RModuleLoader@rsystem@base@UModSys@@UAE_NABU?$TString@U?$TSCoreConst@D@su@tl@UModSys@@U?$TComparerBinaryHash@D@234@@tl@4@@Z 00405500 f   umodsys_lib_basesys:umodsys.base.rmoduleloader.obj
 0001:00004580       ?moduledb_find@RModuleLoader@rsystem@base@UModSys@@UBEPAUIModule@34@ABU?$TString@U?$TSCoreConst@D@su@tl@UModSys@@U?$TComparerBinaryHash@D@234@@tl@4@ABUSVersion@core@4@@Z 00405580 f   umodsys_lib_basesys:umodsys.base.rmoduleloader.obj
 0001:00004650       ?get_string@RModuleLoader@rsystem@base@UModSys@@QAEABU?$TString@U?$TSCoreConst@D@su@tl@UModSys@@U?$TComparerBinaryHash@D@234@@tl@4@ABU564@@Z 00405650 f   umodsys_lib_basesys:umodsys.base.rmoduleloader.obj
 0001:00004690       ?moduledb_get_string@RModuleLoader@rsystem@base@UModSys@@UAEABU?$TString@U?$TSCoreConst@D@su@tl@UModSys@@U?$TComparerBinaryHash@D@234@@tl@4@ABU564@@Z 00405690 f   umodsys_lib_basesys:umodsys.base.rmoduleloader.obj
 0001:000046a0       ?moduledb_cleanup@RModuleLoader@rsystem@base@UModSys@@UAEIXZ 004056a0 f   umodsys_lib_basesys:umodsys.base.rmoduleloader.obj
 0001:00004730       ?moduledb_scan@RModuleLoader@rsystem@base@UModSys@@UAEIABU?$TString@U?$TSCoreConst@D@su@tl@UModSys@@U?$TComparerBinaryHash@D@234@@tl@4@_N@Z 00405730 f   umodsys_lib_basesys:umodsys.base.rmoduleloader.obj
 0001:00004780       ?set_console@RSystem@rsystem@base@UModSys@@QAEXPAUIConsole@34@@Z 00405780 f   umodsys_lib_basesys:umodsys.base.rsystem_main.obj
 0001:000047b0       ?err_put@rsystem@base@UModSys@@YAXW4eRSystemDebugLevels@123@PBDZZ 004057b0 f   umodsys_lib_basesys:umodsys.base.rsystem_main.obj
 0001:000047f0       ?dbg_put@rsystem@base@UModSys@@YAXW4eRSystemDebugLevels@123@PBDZZ 004057f0 f   umodsys_lib_basesys:umodsys.base.rsystem_main.obj
 0001:00004830       ??1RSystem@rsystem@base@UModSys@@UAE@XZ 00405830 f   umodsys_lib_basesys:umodsys.base.rsystem_main.obj
 0001:000048f0       ??0RSystem@rsystem@base@UModSys@@QAE@XZ 004058f0 f   umodsys_lib_basesys:umodsys.base.rsystem_main.obj
 0001:000049e0       ?find_shells@RSystem@rsystem@base@UModSys@@QAEIQAPBUSUniquePointerInfo@core@4@I@Z 004059e0 f   umodsys_lib_basesys:umodsys.base.rsystem_main.obj
 0001:00004a00       ?exec_main@RSystem@rsystem@base@UModSys@@QAE_NXZ 00405a00 f   umodsys_lib_basesys:umodsys.base.rsystem_main.obj
 0001:00004a20       ?exec_args@RSystem@rsystem@base@UModSys@@QAE_NHPAPAD@Z 00405a20 f   umodsys_lib_basesys:umodsys.base.rsystem_main.obj
 0001:00004a40       ?init@RSystem@rsystem@base@UModSys@@QAE_NXZ 00405a40 f   umodsys_lib_basesys:umodsys.base.rsystem_main.obj
 0001:00004b00       ?deinit@RSystem@rsystem@base@UModSys@@QAE_NXZ 00405b00 f   umodsys_lib_basesys:umodsys.base.rsystem_main.obj
 0001:00004b30       ?uptr_string@RSystem@rsystem@base@UModSys@@QAEABU?$TString@U?$TSCoreConst@D@su@tl@UModSys@@U?$TComparerBinaryHash@D@234@@tl@4@ABU564@@Z 00405b30 f   umodsys_lib_basesys:umodsys.base.rsystem_main.obj
 0001:00004b70       ?get_s@RConsole_std@rsystem@base@UModSys@@UAA_NPADIPBDZZ 00405b70 f   umodsys_lib_basesys:umodsys.base.rconsole_std.obj
 0001:00004b80       ?vget_s@RConsole_std@rsystem@base@UModSys@@UAE_NPADIPBD0@Z 00405b80 f   umodsys_lib_basesys:umodsys.base.rconsole_std.obj
 0001:00004b90       ?get_c@RConsole_std@rsystem@base@UModSys@@UAA_NPAHPBDZZ 00405b90 f   umodsys_lib_basesys:umodsys.base.rconsole_std.obj
 0001:00004ba0       ?vget_c@RConsole_std@rsystem@base@UModSys@@UAE_NPAHPBDPAD@Z 00405ba0 f   umodsys_lib_basesys:umodsys.base.rconsole_std.obj
 0001:00004bb0       ?put@RConsole_std@rsystem@base@UModSys@@UAA_NHPBDZZ 00405bb0 f   umodsys_lib_basesys:umodsys.base.rconsole_std.obj
 0001:00004c00       ?vput@RConsole_std@rsystem@base@UModSys@@UAE_NHPBDPAD@Z 00405c00 f   umodsys_lib_basesys:umodsys.base.rconsole_std.obj
 0001:00004c50       ?ref_links@RConsole_std@rsystem@base@UModSys@@UBEHXZ 00405c50 f   umodsys_lib_basesys:umodsys.base.rconsole_std.obj
 0001:00004c60       ?ref_remove@RConsole_std@rsystem@base@UModSys@@UBEXXZ 00405c60 f   umodsys_lib_basesys:umodsys.base.rconsole_std.obj
 0001:00004c70       ?ref_add@RConsole_std@rsystem@base@UModSys@@UBEXXZ 00405c70 f   umodsys_lib_basesys:umodsys.base.rconsole_std.obj
 0001:00004c80       ??0RConsole_std@rsystem@base@UModSys@@QAE@XZ 00405c80 f   umodsys_lib_basesys:umodsys.base.rconsole_std.obj
 0001:00004ca0       ?reflect@RConsole_std@rsystem@base@UModSys@@QAE_NPBD@Z 00405ca0 f   umodsys_lib_basesys:umodsys.base.rconsole_std.obj
 0001:00004cf0       ??1RConsole_std@rsystem@base@UModSys@@UAE@XZ 00405cf0 f   umodsys_lib_basesys:umodsys.base.rconsole_std.obj
 0001:00004d10       ?c_fopen@syshlp@core@UModSys@@YAPAU_iobuf@@PBD0@Z 00405d10 f   umodsys_lib_core:umodsys.core.syshlp_files.win32.obj
 0001:00004db0       ??1IModuleLibrary@base@UModSys@@UAE@XZ 00405db0 f   umodsys_lib_base:umodsys.base.module.obj
 0001:00004dc0       ??1IModule@base@UModSys@@UAE@XZ 00405dc0 f   umodsys_lib_base:umodsys.base.module.obj
 0001:00004dd0       ??1IConsole@base@UModSys@@UAE@XZ 00405dd0 f   umodsys_lib_base:umodsys.base.console.obj
 0001:00004de0       ?exec_test_shells@RSystem@rsystem@base@UModSys@@QAE_NXZ 00405de0 f   umodsys_lib_basesys:umodsys.base.rsystem_tests.obj
 0001:00004f40       ?exec_tests@RSystem@rsystem@base@UModSys@@QAE_NXZ 00405f40 f   umodsys_lib_basesys:umodsys.base.rsystem_tests.obj
 0001:00004f50       _main                      00405f50 f   umodsys.c_main.obj
 0001:00005062       _memcpy                    00406062 f   MSVCRT:MSVCR90.dll
 0001:00005070       __alloca_probe             00406070     MSVCRT:chkstk.obj
 0001:00005070       __chkstk                   00406070 f   MSVCRT:chkstk.obj
 0001:0000509c       ___CxxFrameHandler3        0040609c f   MSVCRT:MSVCR90.dll
 0002:00000000       __imp__UnhandledExceptionFilter@4 00407000     kernel32:KERNEL32.dll
 0002:00000004       __imp__GetCurrentProcess@0 00407004     kernel32:KERNEL32.dll
 0002:00000008       __imp__TerminateProcess@8  00407008     kernel32:KERNEL32.dll
 0002:0000000c       __imp__GetSystemTimeAsFileTime@4 0040700c     kernel32:KERNEL32.dll
 0002:00000010       __imp__GetCurrentProcessId@0 00407010     kernel32:KERNEL32.dll
 0002:00000014       __imp__GetCurrentThreadId@0 00407014     kernel32:KERNEL32.dll
 0002:00000018       __imp__GetTickCount@0      00407018     kernel32:KERNEL32.dll
 0002:0000001c       __imp__QueryPerformanceCounter@4 0040701c     kernel32:KERNEL32.dll
 0002:00000020       __imp__SetUnhandledExceptionFilter@4 00407020     kernel32:KERNEL32.dll
 0002:00000024       __imp__InterlockedCompareExchange@12 00407024     kernel32:KERNEL32.dll
 0002:00000028       __imp__Sleep@4             00407028     kernel32:KERNEL32.dll
 0002:0000002c       __imp__InterlockedExchange@8 0040702c     kernel32:KERNEL32.dll
 0002:00000030       __imp__MultiByteToWideChar@24 00407030     kernel32:KERNEL32.dll
 0002:00000034       __imp__WideCharToMultiByte@32 00407034     kernel32:KERNEL32.dll
 0002:00000038       __imp__FindNextFileW@8     00407038     kernel32:KERNEL32.dll
 0002:0000003c       __imp__FindClose@4         0040703c     kernel32:KERNEL32.dll
 0002:00000040       __imp__GetProcAddress@8    00407040     kernel32:KERNEL32.dll
 0002:00000044       __imp__LoadLibraryExW@12   00407044     kernel32:KERNEL32.dll
 0002:00000048       __imp__FreeLibrary@4       00407048     kernel32:KERNEL32.dll
 0002:0000004c       __imp__SetErrorMode@4      0040704c     kernel32:KERNEL32.dll
 0002:00000050       __imp__FindFirstFileW@8    00407050     kernel32:KERNEL32.dll
 0002:00000054       __imp__GetFullPathNameW@16 00407054     kernel32:KERNEL32.dll
 0002:00000058       __imp__IsDebuggerPresent@0 00407058     kernel32:KERNEL32.dll
 0002:0000005c       \177KERNEL32_NULL_THUNK_DATA 0040705c     kernel32:KERNEL32.dll
 0002:00000060       __imp___exit               00407060     MSVCRT:MSVCR90.dll
 0002:00000064       __imp___XcptFilter         00407064     MSVCRT:MSVCR90.dll
 0002:00000068       __imp__exit                00407068     MSVCRT:MSVCR90.dll
 0002:0000006c       __imp____initenv           0040706c     MSVCRT:MSVCR90.dll
 0002:00000070       __imp___initterm           00407070     MSVCRT:MSVCR90.dll
 0002:00000074       __imp___initterm_e         00407074     MSVCRT:MSVCR90.dll
 0002:00000078       __imp___configthreadlocale 00407078     MSVCRT:MSVCR90.dll
 0002:0000007c       __imp____setusermatherr    0040707c     MSVCRT:MSVCR90.dll
 0002:00000080       __imp___adjust_fdiv        00407080     MSVCRT:MSVCR90.dll
 0002:00000084       __imp___cexit              00407084     MSVCRT:MSVCR90.dll
 0002:00000088       __imp____p__fmode          00407088     MSVCRT:MSVCR90.dll
 0002:0000008c       __imp____set_app_type      0040708c     MSVCRT:MSVCR90.dll
 0002:00000090       __imp___except_handler4_common 00407090     MSVCRT:MSVCR90.dll
 0002:00000094       __imp_?terminate@@YAXXZ    00407094     MSVCRT:MSVCR90.dll
 0002:00000098       __imp___invoke_watson      00407098     MSVCRT:MSVCR90.dll
 0002:0000009c       __imp___controlfp_s        0040709c     MSVCRT:MSVCR90.dll
 0002:000000a0       __imp_?_type_info_dtor_internal_method@type_info@@QAEXXZ 004070a0     MSVCRT:MSVCR90.dll
 0002:000000a4       __imp___crt_debugger_hook  004070a4     MSVCRT:MSVCR90.dll
 0002:000000a8       __imp____getmainargs       004070a8     MSVCRT:MSVCR90.dll
 0002:000000ac       __imp___amsg_exit          004070ac     MSVCRT:MSVCR90.dll
 0002:000000b0       __imp___decode_pointer     004070b0     MSVCRT:MSVCR90.dll
 0002:000000b4       __imp___onexit             004070b4     MSVCRT:MSVCR90.dll
 0002:000000b8       __imp___lock               004070b8     MSVCRT:MSVCR90.dll
 0002:000000bc       __imp___encode_pointer     004070bc     MSVCRT:MSVCR90.dll
 0002:000000c0       __imp____dllonexit         004070c0     MSVCRT:MSVCR90.dll
 0002:000000c4       __imp___unlock             004070c4     MSVCRT:MSVCR90.dll
 0002:000000c8       __imp___wfopen             004070c8     MSVCRT:MSVCR90.dll
 0002:000000cc       __imp__realloc             004070cc     MSVCRT:MSVCR90.dll
 0002:000000d0       __imp__fprintf             004070d0     MSVCRT:MSVCR90.dll
 0002:000000d4       __imp__memmove             004070d4     MSVCRT:MSVCR90.dll
 0002:000000d8       __imp_??2@YAPAXI@Z         004070d8     MSVCRT:MSVCR90.dll
 0002:000000dc       __imp__strncpy             004070dc     MSVCRT:MSVCR90.dll
 0002:000000e0       __imp__malloc              004070e0     MSVCRT:MSVCR90.dll
 0002:000000e4       __imp__free                004070e4     MSVCRT:MSVCR90.dll
 0002:000000e8       __imp__strncmp             004070e8     MSVCRT:MSVCR90.dll
 0002:000000ec       __imp__fclose              004070ec     MSVCRT:MSVCR90.dll
 0002:000000f0       __imp__vfprintf            004070f0     MSVCRT:MSVCR90.dll
 0002:000000f4       __imp_??3@YAXPAX@Z         004070f4     MSVCRT:MSVCR90.dll
 0002:000000f8       __imp___purecall           004070f8     MSVCRT:MSVCR90.dll
 0002:000000fc       __imp____p__commode        004070fc     MSVCRT:MSVCR90.dll
 0002:00000100       __imp____iob_func          00407100     MSVCRT:MSVCR90.dll
 0002:00000104       __imp__memcpy              00407104     MSVCRT:MSVCR90.dll
 0002:00000108       __imp____CxxFrameHandler3  00407108     MSVCRT:MSVCR90.dll
 0002:0000010c       \177MSVCR90_NULL_THUNK_DATA 0040710c     MSVCRT:MSVCR90.dll
 0002:00000110       ___xc_a                    00407110     MSVCRT:cinitexe.obj
 0002:00000168       ___xc_z                    00407168     MSVCRT:cinitexe.obj
 0002:0000016c       ___xi_a                    0040716c     MSVCRT:cinitexe.obj
 0002:00000178       ___xi_z                    00407178     MSVCRT:cinitexe.obj
 0002:00000184       ??_7type_info@@6B@         00407184     MSVCRT:ti_inst.obj
 0002:00000190       ??_C@_0P@GHFPNOJB@bad?5allocation?$AA@ 00407190     umodsys.c_main.obj
 0002:000001a0       ??_C@_0BF@OCNNAADO@UModSys?3?3core?3?3IRoot?$AA@ 004071a0     umodsys.c_main.obj
 0002:000001b8       ??_C@_0BK@EMIJFOPA@UModSys?3?3core?3?3IRefObject?$AA@ 004071b8     umodsys.c_main.obj
 0002:000001d4       ??_C@_0BL@IOMMHELF@UModSys?3?3core?3?3IParameters?$AA@ 004071d4     umodsys.c_main.obj
 0002:000001f0       ??_C@_0BI@IKAOEFAP@UModSys?3?3base?3?3IConsole?$AA@ 004071f0     umodsys.c_main.obj
 0002:00000208       ??_C@_0BH@LKDEEPPM@UModSys?3?3base?3?3IModule?$AA@ 00407208     umodsys.c_main.obj
 0002:00000220       ??_C@_0BO@PHJOHFCB@UModSys?3?3base?3?3IModuleLibrary?$AA@ 00407220     umodsys.c_main.obj
 0002:00000240       ??_C@_0O@OKKJDILE@base?3?3ISystem?$AA@ 00407240     umodsys.c_main.obj
 0002:00000250       ??_C@_0BK@FDPIOPHG@UModSys?3?3base?3?3IModObject?$AA@ 00407250     umodsys.c_main.obj
 0002:0000026c       ??_C@_0BK@OIBKNCKJ@UModSys?3?3base?3?3IGenerator?$AA@ 0040726c     umodsys.c_main.obj
 0002:00000288       ??_C@_0BG@PJBGCMEC@UModSys?3?3base?3?3IShell?$AA@ 00407288     umodsys.c_main.obj
 0002:000002a0       ??_C@_0CA@MDFMKLLN@UModSys?3?3base?3?3rsystem?3?3RModule?$AA@ 004072a0     umodsys.c_main.obj
 0002:000002c0       ??_C@_0CH@CHECIBOC@UModSys?3?3base?3?3rsystem?3?3RModuleL@ 004072c0     umodsys.c_main.obj
 0002:000002e8       ??_C@_0CE@IHGMMEEA@UModSys?3?3base?3?3rsystem?3?3RParamet@ 004072e8     umodsys.c_main.obj
 0002:0000030c       ??_C@_0CA@IMEGDANI@UModSys?3?3base?3?3rsystem?3?3RSystem?$AA@ 0040730c     umodsys.c_main.obj
 0002:0000032c       ??_C@_0CF@KIMLNODL@UModSys?3?3base?3?3rsystem?3?3RConsole@ 0040732c     umodsys.c_main.obj
 0002:00000354       ??_C@_0M@DCEPEPFJ@umodsys?4log?$AA@ 00407354     umodsys.c_main.obj
 0002:00000360       ??_C@_00CNPNBAHC@?$AA@     00407360     umodsys.c_main.obj
 0002:00000364       ??_C@_01NBENCBCI@?$CK?$AA@ 00407364     umodsys.c_main.obj
 0002:00000368       ??_C@_0BC@JABDEAFI@moduledb?4conf?9hdb?$AA@ 00407368     umodsys.c_main.obj
 0002:0000037c       ??_C@_08FCBDOIAH@typeinfo?$AA@ 0040737c     umodsys.c_main.obj
 0002:00000388       ??_C@_02BKFDOEMK@wt?$AA@   00407388     umodsys_lib_basesys:umodsys.base.rconsole_std.obj
 0002:00000390       ??_7IRoot@core@UModSys@@6B@ 00407390     umodsys_lib_basesys:umodsys.base.rconsole_std.obj
 0002:000003ac       ??_7IRefObject@core@UModSys@@6B@ 004073ac     umodsys_lib_basesys:umodsys.base.rconsole_std.obj
 0002:000003d4       ??_7IConsole@base@UModSys@@6B@ 004073d4     umodsys_lib_basesys:umodsys.base.rconsole_std.obj
 0002:00000414       ??_7RConsole_std@rsystem@base@UModSys@@6B@ 00407414     umodsys_lib_basesys:umodsys.base.rconsole_std.obj
 0002:00000450       ??_C@_0BB@KFMJENMO@RSystem?3?3init?$CI?$CJ?6?$AA@ 00407450     umodsys_lib_basesys:umodsys.base.rsystem_main.obj
 0002:00000464       ??_C@_0CJ@KIAHLKGB@RSystem?3?3init?$CI?$CJ?5?9?9?5dump?5upi?5?$HLS?3?$CF@ 00407464     umodsys_lib_basesys:umodsys.base.rsystem_main.obj
 0002:00000490       ??_C@_09GLKDMIIA@upi?5NULL?6?$AA@ 00407490     umodsys_lib_basesys:umodsys.base.rsystem_main.obj
 0002:0000049c       ??_C@_0BD@BNEJEANG@upi?$HL?$CFs?5?$CFs?$CI?$CFd?$CJ?5?$CFp?$HN?6?$AA@ 0040749c     umodsys_lib_basesys:umodsys.base.rsystem_main.obj
 0002:000004b0       ??_C@_0BO@JFPNIIPK@RSystem?3?3init?$CI?$CJ?5?9?9?5?1dump?5upi?6?$AA@ 004074b0     umodsys_lib_basesys:umodsys.base.rsystem_main.obj
 0002:000004d0       ??_C@_0BI@FKDCNCM@RSystem?3?3exec_args?$CI?$CFd?$CJ?6?$AA@ 004074d0     umodsys_lib_basesys:umodsys.base.rsystem_main.obj
 0002:000004e8       ??_C@_0BG@NFAKDFBG@RSystem?3?3exec_main?$CI?$CJ?6?$AA@ 004074e8     umodsys_lib_basesys:umodsys.base.rsystem_main.obj
 0002:00000500       ??_C@_0BD@CKNOJECK@RSystem?3?3deinit?$CI?$CJ?6?$AA@ 00407500     umodsys_lib_basesys:umodsys.base.rsystem_main.obj
 0002:00000518       ??_7ISystem@base@UModSys@@6B@ 00407518     umodsys_lib_basesys:umodsys.base.rsystem_main.obj
 0002:00000550       ??_7RSystem@rsystem@base@UModSys@@6BISystem@23@@ 00407550     umodsys_lib_basesys:umodsys.base.rsystem_main.obj
 0002:00000588       ??_7RSystem@rsystem@base@UModSys@@6BIUniquePointerResolver@core@3@@ 00407588     umodsys_lib_basesys:umodsys.base.rsystem_main.obj
 0002:00000590       ??_C@_0BC@NNHIIPO@shells?5found?3?5?$CFd?6?$AA@ 00407590     umodsys_lib_basesys:umodsys.base.rsystem_tests.obj
 0002:000005a4       ??_C@_0BA@EBBPOIJG@?5?5shell?3?5?$CFp?5?$CFs?6?$AA@ 004075a4     umodsys_lib_basesys:umodsys.base.rsystem_tests.obj
 0002:000005b4       ??_C@_0BF@JPMHOAKE@?5?5?5?5shell?5gen?5error?6?$AA@ 004075b4     umodsys_lib_basesys:umodsys.base.rsystem_tests.obj
 0002:000005cc       ??_C@_0BL@NANLGMEE@?5?5?5?5shell?5generated?5as?5?$CFp?6?$AA@ 004075cc     umodsys_lib_basesys:umodsys.base.rsystem_tests.obj
 0002:000005e8       ??_C@_0BD@NFNPGOAG@?1shells?5found?3?5?$CFd?6?$AA@ 004075e8     umodsys_lib_basesys:umodsys.base.rsystem_tests.obj
 0002:000005fc       ??_C@_0DG@DMGFJEPO@RModuleLoader?3?3moduledb_cleanup?$CI@ 004075fc     umodsys_lib_basesys:umodsys.base.rmoduleloader.obj
 0002:00000634       ??_C@_02GMLFBBN@wb?$AA@    00407634     umodsys_lib_basesys:umodsys.base.rmoduleloader.obj
 0002:00000638       ??_C@_0BN@BDEAMLC@?$CD?5LIST?5OF?5LIBRARY?5MODULES?3?6?6?$AA@ 00407638     umodsys_lib_basesys:umodsys.base.rmoduleloader.obj
 0002:00000658       ??_C@_0BF@PLOHEFDA@?5?$HL?5mod_list?$DN?$CFd?3?$FL?$FN?5?$HN?6?$AA@ 00407658     umodsys_lib_basesys:umodsys.base.rmoduleloader.obj
 0002:00000674       ??_7IModuleLoader@base@UModSys@@6B@ 00407674     umodsys_lib_basesys:umodsys.base.rmoduleloader.obj
 0002:000006b4       ??_7RModuleLoader@rsystem@base@UModSys@@6B@ 004076b4     umodsys_lib_basesys:umodsys.base.rmoduleloader.obj
 0002:000006f4       ??_7RParameters@rsystem@base@UModSys@@6B@ 004076f4     umodsys_lib_basesys:umodsys.base.rparameters.obj
 0002:0000075c       ??_C@_0BJ@IHGOMCFA@_UModSys_Plugin_Entry2?$EA0?$AA@ 0040775c     umodsys_lib_basesys:umodsys.base.rmodule.win32.obj
 0002:00000778       ??_C@_0CI@IABKIJLA@?5?5?5?5?5?5?5?5?5?5load?5so?$CI?$CC?$CFs?$CC?$CJ?5?$HL?$CFp?0?5?$CFp?$HN@ 00407778     umodsys_lib_basesys:umodsys.base.rmodule.win32.obj
 0002:000007a0       ??_C@_0BP@EBMDLOGD@?5?5?5?5?5?5?5?5?5?5unload?5so?$CI?$HL?$CFp?0?5?$CFp?$HN?$CJ?6?$AA@ 004077a0     umodsys_lib_basesys:umodsys.base.rmodule.win32.obj
 0002:000007c0       ??_C@_0BB@GJHPNFEC@scan?5so?3?5?$CC?$CFs?$CFs?$CC?6?$AA@ 004077c0     umodsys_lib_basesys:umodsys.base.rmodule.win32.obj
 0002:000007d4       ??_C@_0N@LFKMDJGP@?5?5so?3?5?$CC?$CFls?$CC?6?$AA@ 004077d4     umodsys_lib_basesys:umodsys.base.rmodule.win32.obj
 0002:000007e4       ??_C@_0BC@GMLCPHOK@?1scan?5so?3?5?$CC?$CFs?$CFs?$CC?6?$AA@ 004077e4     umodsys_lib_basesys:umodsys.base.rmodule.win32.obj
 0002:000007f8       ??_C@_04HLONOPDM@?4dll?$AA@ 004077f8     umodsys_lib_basesys:umodsys.base.rmodule.win32.obj
 0002:00000800       ??_C@_0CK@FNJGHFOD@RModuleLibrary?$CI?$CFp?$CJ?3?3link?$CI?$CJ?5?9?9?5ad@ 00407800     umodsys_lib_basesys:umodsys.base.rmodulelib.obj
 0002:0000082c       ??_C@_0BA@LBGMEMKJ@LIBRARY?5?$CC?$CFs?$CC?5?$HL?6?$AA@ 0040782c     umodsys_lib_basesys:umodsys.base.rmodulelib.obj
 0002:0000083c       ??_C@_0BH@CLNAAMEM@?$HN?5?$CD?5END?5LIBRARY?5?$CC?$CFs?$CC?6?6?$AA@ 0040783c     umodsys_lib_basesys:umodsys.base.rmodulelib.obj
 0002:00000854       ??_C@_0M@KEHKBKEH@?5?5so?3?5?$CC?$CFs?$CC?6?$AA@ 00407854     umodsys_lib_basesys:umodsys.base.rmodulelib.obj
 0002:00000860       ??_C@_0BF@IKAEAMGP@?5?5?5?5so?5loaded?3?5?$CC?$CFs?$CC?6?$AA@ 00407860     umodsys_lib_basesys:umodsys.base.rmodulelib.obj
 0002:00000878       ??_C@_0O@MCPOKEFF@?5?5?5?5so?5added?6?$AA@ 00407878     umodsys_lib_basesys:umodsys.base.rmodulelib.obj
 0002:00000888       ??_C@_0BE@BFONLBBI@?5?5?5?5so?5dup?5with?5?$CFd?6?$AA@ 00407888     umodsys_lib_basesys:umodsys.base.rmodulelib.obj
 0002:000008a4       ??_7IModuleLibrary@base@UModSys@@6B@ 004078a4     umodsys_lib_basesys:umodsys.base.rmodulelib.obj
 0002:000008f4       ??_7RModuleLibrary@rsystem@base@UModSys@@6B@ 004078f4     umodsys_lib_basesys:umodsys.base.rmodulelib.obj
 0002:00000944       ??_C@_0BF@KDHHIHAN@RModule?$CI?$CFp?$CJ?3?3open?$CI?$CJ?6?$AA@ 00407944     umodsys_lib_basesys:umodsys.base.rmodule.obj
 0002:0000095c       ??_C@_0BG@HADBHJOP@RModule?$CI?$CFp?$CJ?3?3close?$CI?$CJ?6?$AA@ 0040795c     umodsys_lib_basesys:umodsys.base.rmodule.obj
 0002:00000974       ??_C@_0BK@FNONNOFM@RModule?$CI?$CFp?$CJ?3?3?5pre?9loaded?6?$AA@ 00407974     umodsys_lib_basesys:umodsys.base.rmodule.obj
 0002:00000990       ??_C@_0CE@HBBEEAED@RModule?$CI?$CFp?$CJ?3?3generate?$CI?$CJ?5?$HL?5gen?$DN?$CFp@ 00407990     umodsys_lib_basesys:umodsys.base.rmodule.obj
 0002:000009b4       ??_C@_0DL@FHDKGKAD@RModule?$CI?$CFp?$CJ?3?3reg_generator?$CI?$CFs?5?$CFp@ 004079b4     umodsys_lib_basesys:umodsys.base.rmodule.obj
 0002:000009f0       ??_C@_0DL@ECFHLNEB@RModule?$CI?$CFp?$CJ?3?3reg_generator?$CI?$CFs?5?$CFp@ 004079f0     umodsys_lib_basesys:umodsys.base.rmodule.obj
 0002:00000a2c       ??_C@_0DI@EBNLDEPD@RModule?$CI?$CFp?$CJ?3?3reg_obj?$CI?$CFs?5?$CFp?$CJ?5?9?9?5?$HL@ 00407a2c     umodsys_lib_basesys:umodsys.base.rmodule.obj
 0002:00000a68       ??_C@_0GC@IAELDHPB@RModule?$CI?$CFp?$CJ?3?3reg_obj?$CI?$CFs?5?$CFp?$CJ?5?9?9?5i@ 00407a68     umodsys_lib_basesys:umodsys.base.rmodule.obj
 0002:00000acc       ??_C@_0CM@JCLMIGEB@RModule?$CI?$CFp?$CJ?3?3reg_obj?$CI?$CFs?5?$CFp?$CJ?5?9?9?5a@ 00407acc     umodsys_lib_basesys:umodsys.base.rmodule.obj
 0002:00000af8       ??_C@_0DK@NJCECDIC@RModule?$CI?$CFp?$CJ?3?3unreg_obj?$CI?$CFs?5?$CFp?$CJ?5?9?9@ 00407af8     umodsys_lib_basesys:umodsys.base.rmodule.obj
 0002:00000b38       ??_C@_0GE@MGLAJHFG@RModule?$CI?$CFp?$CJ?3?3unreg_obj?$CI?$CFs?5?$CFp?$CJ?5?9?9@ 00407b38     umodsys_lib_basesys:umodsys.base.rmodule.obj
 0002:00000b9c       ??_C@_0CO@DAMPCAGA@RModule?3?3alloc_minfo?$CI?$HL?$CC?$CFs?$CC?0?5?$CC?$CFs?$CC@ 00407b9c     umodsys_lib_basesys:umodsys.base.rmodule.obj
 0002:00000bcc       ??_C@_0BG@HANHHGHE@?5?5MODULE?5?$CFs?$CI?$CFd?0?$CFd?$CJ?5?$HL?6?$AA@ 00407bcc     umodsys_lib_basesys:umodsys.base.rmodule.obj
 0002:00000be4       ??_C@_0CI@FMDENPAM@RModule?$CI?$CFp?$CJ?3?3save_db?$CI?4?4?4?$CJ?5?9?9?5?$HL?5?$CF@ 00407be4     umodsys_lib_basesys:umodsys.base.rmodule.obj
 0002:00000c0c       ??_C@_0BN@CFNKPKCH@?5?5?5?5MODOBJECT?5?$CFs?$CI?$CFd?$CJ?5?$CFs?$CI?$CFd?$CJ?6?$AA@ 00407c0c     umodsys_lib_basesys:umodsys.base.rmodule.obj
 0002:00000c2c       ??_C@_0BP@BJFGMFNK@?5?5?5?5GENERATOR?5?$CFs?$CI?$CFd?$CJ?5?$CFs?$CI?$CFd?$CJ?5?$HL?6?$AA@ 00407c2c     umodsys_lib_basesys:umodsys.base.rmodule.obj
 0002:00000c4c       ??_C@_0BK@DNNMLLHP@?5?5?5?5?5?5REFOBJECT?5?$CFs?$CI?$CFd?$CJ?5?$HL?6?$AA@ 00407c4c     umodsys_lib_basesys:umodsys.base.rmodule.obj
 0002:00000c68       ??_C@_0BF@CJPCFEEB@?5?5?5?5?5?5?5?5TYPE?5?$CFs?$CI?$CFd?$CJ?6?$AA@ 00407c68     umodsys_lib_basesys:umodsys.base.rmodule.obj
 0002:00000c80       ??_C@_0BM@PFPEFHDC@?5?5?5?5?5?5?$HN?5?$CD?5REFOBJECT?5?$CFs?$CI?$CFd?$CJ?6?$AA@ 00407c80     umodsys_lib_basesys:umodsys.base.rmodule.obj
 0002:00000c9c       ??_C@_0CB@PCDHJLII@?5?5?5?5?$HN?5?$CD?5GENERATOR?5?$CFs?$CI?$CFd?$CJ?5?$CFs?$CI?$CFd?$CJ?6@ 00407c9c     umodsys_lib_basesys:umodsys.base.rmodule.obj
 0002:00000cc0       ??_C@_0BI@OGBPJMLO@?5?5?$HN?5?$CD?5MODULE?5?$CFs?$CI?$CFd?0?$CFd?$CJ?6?$AA@ 00407cc0     umodsys_lib_basesys:umodsys.base.rmodule.obj
 0002:00000cdc       ??_7IModule@base@UModSys@@6B@ 00407cdc     umodsys_lib_basesys:umodsys.base.rmodule.obj
 0002:00000d2c       ??_7RModule@rsystem@base@UModSys@@6B@ 00407d2c     umodsys_lib_basesys:umodsys.base.rmodule.obj
 0002:00000d78       __load_config_used         00407d78     MSVCRT:loadcfg.obj
 0002:00000dc0       ??_R4type_info@@6B@        00407dc0     MSVCRT:ti_inst.obj
 0002:00000dd4       ??_R3type_info@@8          00407dd4     MSVCRT:ti_inst.obj
 0002:00000de4       ??_R2type_info@@8          00407de4     MSVCRT:ti_inst.obj
 0002:00000dec       ??_R1A@?0A@EA@type_info@@8 00407dec     MSVCRT:ti_inst.obj
 0002:00000e08       ??_R4RConsole_std@rsystem@base@UModSys@@6B@ 00407e08     umodsys_lib_basesys:umodsys.base.rconsole_std.obj
 0002:00000e1c       ??_R3RConsole_std@rsystem@base@UModSys@@8 00407e1c     umodsys_lib_basesys:umodsys.base.rconsole_std.obj
 0002:00000e2c       ??_R2RConsole_std@rsystem@base@UModSys@@8 00407e2c     umodsys_lib_basesys:umodsys.base.rconsole_std.obj
 0002:00000e40       ??_R1A@?0A@EA@RConsole_std@rsystem@base@UModSys@@8 00407e40     umodsys_lib_basesys:umodsys.base.rconsole_std.obj
 0002:00000e5c       ??_R4IConsole@base@UModSys@@6B@ 00407e5c     umodsys_lib_basesys:umodsys.base.rconsole_std.obj
 0002:00000e70       ??_R3IConsole@base@UModSys@@8 00407e70     umodsys_lib_basesys:umodsys.base.rconsole_std.obj
 0002:00000e80       ??_R2IConsole@base@UModSys@@8 00407e80     umodsys_lib_basesys:umodsys.base.rconsole_std.obj
 0002:00000e90       ??_R1A@?0A@EA@IConsole@base@UModSys@@8 00407e90     umodsys_lib_basesys:umodsys.base.rconsole_std.obj
 0002:00000eac       ??_R4IRefObject@core@UModSys@@6B@ 00407eac     umodsys_lib_basesys:umodsys.base.rconsole_std.obj
 0002:00000ec0       ??_R3IRefObject@core@UModSys@@8 00407ec0     umodsys_lib_basesys:umodsys.base.rconsole_std.obj
 0002:00000ed0       ??_R2IRefObject@core@UModSys@@8 00407ed0     umodsys_lib_basesys:umodsys.base.rconsole_std.obj
 0002:00000edc       ??_R1A@?0A@EA@IRefObject@core@UModSys@@8 00407edc     umodsys_lib_basesys:umodsys.base.rconsole_std.obj
 0002:00000ef8       ??_R4IRoot@core@UModSys@@6B@ 00407ef8     umodsys_lib_basesys:umodsys.base.rconsole_std.obj
 0002:00000f0c       ??_R3IRoot@core@UModSys@@8 00407f0c     umodsys_lib_basesys:umodsys.base.rconsole_std.obj
 0002:00000f1c       ??_R2IRoot@core@UModSys@@8 00407f1c     umodsys_lib_basesys:umodsys.base.rconsole_std.obj
 0002:00000f24       ??_R1A@?0A@EA@IRoot@core@UModSys@@8 00407f24     umodsys_lib_basesys:umodsys.base.rconsole_std.obj
 0002:00000f40       ??_R4RSystem@rsystem@base@UModSys@@6BIUniquePointerResolver@core@3@@ 00407f40     umodsys_lib_basesys:umodsys.base.rsystem_main.obj
 0002:00000f54       ??_R4RSystem@rsystem@base@UModSys@@6BISystem@23@@ 00407f54     umodsys_lib_basesys:umodsys.base.rsystem_main.obj
 0002:00000f68       ??_R3RSystem@rsystem@base@UModSys@@8 00407f68     umodsys_lib_basesys:umodsys.base.rsystem_main.obj
 0002:00000f78       ??_R2RSystem@rsystem@base@UModSys@@8 00407f78     umodsys_lib_basesys:umodsys.base.rsystem_main.obj
 0002:00000f8c       ??_R13?0A@EA@IUniquePointerResolver@core@UModSys@@8 00407f8c     umodsys_lib_basesys:umodsys.base.rsystem_main.obj
 0002:00000fa8       ??_R1A@?0A@EA@RSystem@rsystem@base@UModSys@@8 00407fa8     umodsys_lib_basesys:umodsys.base.rsystem_main.obj
 0002:00000fc4       ??_R3IUniquePointerResolver@core@UModSys@@8 00407fc4     umodsys_lib_basesys:umodsys.base.rsystem_main.obj
 0002:00000fd4       ??_R2IUniquePointerResolver@core@UModSys@@8 00407fd4     umodsys_lib_basesys:umodsys.base.rsystem_main.obj
 0002:00000fdc       ??_R1A@?0A@EA@IUniquePointerResolver@core@UModSys@@8 00407fdc     umodsys_lib_basesys:umodsys.base.rsystem_main.obj
 0002:00000ff8       ??_R4ISystem@base@UModSys@@6B@ 00407ff8     umodsys_lib_basesys:umodsys.base.rsystem_main.obj
 0002:0000100c       ??_R3ISystem@base@UModSys@@8 0040800c     umodsys_lib_basesys:umodsys.base.rsystem_main.obj
 0002:0000101c       ??_R2ISystem@base@UModSys@@8 0040801c     umodsys_lib_basesys:umodsys.base.rsystem_main.obj
 0002:00001028       ??_R1A@?0A@EA@ISystem@base@UModSys@@8 00408028     umodsys_lib_basesys:umodsys.base.rsystem_main.obj
 0002:00001044       ??_R4RModuleLoader@rsystem@base@UModSys@@6B@ 00408044     umodsys_lib_basesys:umodsys.base.rmoduleloader.obj
 0002:00001058       ??_R3RModuleLoader@rsystem@base@UModSys@@8 00408058     umodsys_lib_basesys:umodsys.base.rmoduleloader.obj
 0002:00001068       ??_R2RModuleLoader@rsystem@base@UModSys@@8 00408068     umodsys_lib_basesys:umodsys.base.rmoduleloader.obj
 0002:00001074       ??_R1A@?0A@EA@RModuleLoader@rsystem@base@UModSys@@8 00408074     umodsys_lib_basesys:umodsys.base.rmoduleloader.obj
 0002:00001090       ??_R4IModuleLoader@base@UModSys@@6B@ 00408090     umodsys_lib_basesys:umodsys.base.rmoduleloader.obj
 0002:000010a4       ??_R3IModuleLoader@base@UModSys@@8 004080a4     umodsys_lib_basesys:umodsys.base.rmoduleloader.obj
 0002:000010b4       ??_R2IModuleLoader@base@UModSys@@8 004080b4     umodsys_lib_basesys:umodsys.base.rmoduleloader.obj
 0002:000010bc       ??_R1A@?0A@EA@IModuleLoader@base@UModSys@@8 004080bc     umodsys_lib_basesys:umodsys.base.rmoduleloader.obj
 0002:000010d8       ??_R4RParameters@rsystem@base@UModSys@@6B@ 004080d8     umodsys_lib_basesys:umodsys.base.rparameters.obj
 0002:000010ec       ??_R3RParameters@rsystem@base@UModSys@@8 004080ec     umodsys_lib_basesys:umodsys.base.rparameters.obj
 0002:000010fc       ??_R2RParameters@rsystem@base@UModSys@@8 004080fc     umodsys_lib_basesys:umodsys.base.rparameters.obj
 0002:00001110       ??_R1A@?0A@EA@RParameters@rsystem@base@UModSys@@8 00408110     umodsys_lib_basesys:umodsys.base.rparameters.obj
 0002:0000112c       ??_R3IParameters@core@UModSys@@8 0040812c     umodsys_lib_basesys:umodsys.base.rparameters.obj
 0002:0000113c       ??_R2IParameters@core@UModSys@@8 0040813c     umodsys_lib_basesys:umodsys.base.rparameters.obj
 0002:0000114c       ??_R1A@?0A@EA@IParameters@core@UModSys@@8 0040814c     umodsys_lib_basesys:umodsys.base.rparameters.obj
 0002:00001168       ??_R4RModuleLibrary@rsystem@base@UModSys@@6B@ 00408168     umodsys_lib_basesys:umodsys.base.rmodulelib.obj
 0002:0000117c       ??_R3RModuleLibrary@rsystem@base@UModSys@@8 0040817c     umodsys_lib_basesys:umodsys.base.rmodulelib.obj
 0002:0000118c       ??_R2RModuleLibrary@rsystem@base@UModSys@@8 0040818c     umodsys_lib_basesys:umodsys.base.rmodulelib.obj
 0002:000011a0       ??_R1A@?0A@EA@RModuleLibrary@rsystem@base@UModSys@@8 004081a0     umodsys_lib_basesys:umodsys.base.rmodulelib.obj
 0002:000011bc       ??_R4IModuleLibrary@base@UModSys@@6B@ 004081bc     umodsys_lib_basesys:umodsys.base.rmodulelib.obj
 0002:000011d0       ??_R3IModuleLibrary@base@UModSys@@8 004081d0     umodsys_lib_basesys:umodsys.base.rmodulelib.obj
 0002:000011e0       ??_R2IModuleLibrary@base@UModSys@@8 004081e0     umodsys_lib_basesys:umodsys.base.rmodulelib.obj
 0002:000011f0       ??_R1A@?0A@EA@IModuleLibrary@base@UModSys@@8 004081f0     umodsys_lib_basesys:umodsys.base.rmodulelib.obj
 0002:0000120c       ??_R4RModule@rsystem@base@UModSys@@6B@ 0040820c     umodsys_lib_basesys:umodsys.base.rmodule.obj
 0002:00001220       ??_R3RModule@rsystem@base@UModSys@@8 00408220     umodsys_lib_basesys:umodsys.base.rmodule.obj
 0002:00001230       ??_R2RModule@rsystem@base@UModSys@@8 00408230     umodsys_lib_basesys:umodsys.base.rmodule.obj
 0002:00001244       ??_R1A@?0A@EA@RModule@rsystem@base@UModSys@@8 00408244     umodsys_lib_basesys:umodsys.base.rmodule.obj
 0002:00001260       ??_R4IModule@base@UModSys@@6B@ 00408260     umodsys_lib_basesys:umodsys.base.rmodule.obj
 0002:00001274       ??_R3IModule@base@UModSys@@8 00408274     umodsys_lib_basesys:umodsys.base.rmodule.obj
 0002:00001284       ??_R2IModule@base@UModSys@@8 00408284     umodsys_lib_basesys:umodsys.base.rmodule.obj
 0002:00001294       ??_R1A@?0A@EA@IModule@base@UModSys@@8 00408294     umodsys_lib_basesys:umodsys.base.rmodule.obj
 0002:000012b0       ___safe_se_handler_table   004082b0     <linker-defined>
 0002:000012dc       ___rtc_iaa                 004082dc     MSVCRT:_initsect_.obj
 0002:000012e0       ___rtc_izz                 004082e0     MSVCRT:_initsect_.obj
 0002:000012e4       ___rtc_taa                 004082e4     MSVCRT:_initsect_.obj
 0002:000012e8       ___rtc_tzz                 004082e8     MSVCRT:_initsect_.obj
 0002:000015bc       __IMPORT_DESCRIPTOR_MSVCR90 004085bc     MSVCRT:MSVCR90.dll
 0002:000015d0       __IMPORT_DESCRIPTOR_KERNEL32 004085d0     kernel32:KERNEL32.dll
 0002:000015e4       __NULL_IMPORT_DESCRIPTOR   004085e4     MSVCRT:MSVCR90.dll
 0003:00000000       ??_R0?AVtype_info@@@8      00409000     MSVCRT:ti_inst.obj
 0003:00000018       ___native_dllmain_reason   00409018     MSVCRT:natstart.obj
 0003:0000001c       ___native_vcclrit_reason   0040901c     MSVCRT:natstart.obj
 0003:00000020       ___globallocalestatus      00409020     MSVCRT:xthdloc.obj
 0003:00000024       ___defaultmatherr          00409024     MSVCRT:merr.obj
 0003:00000028       ___security_cookie         00409028     MSVCRT:gs_cookie.obj
 0003:0000002c       ___security_cookie_complement 0040902c     MSVCRT:gs_cookie.obj
 0003:00000088       ??_R0?AURConsole_std@rsystem@base@UModSys@@@8 00409088     umodsys_lib_basesys:umodsys.base.rconsole_std.obj
 0003:000000b8       ??_R0?AUIConsole@base@UModSys@@@8 004090b8     umodsys_lib_basesys:umodsys.base.rconsole_std.obj
 0003:000000dc       ??_R0?AUIRefObject@core@UModSys@@@8 004090dc     umodsys_lib_basesys:umodsys.base.rconsole_std.obj
 0003:00000104       ??_R0?AUIRoot@core@UModSys@@@8 00409104     umodsys_lib_basesys:umodsys.base.rconsole_std.obj
 0003:00000128       ??_R0?AURSystem@rsystem@base@UModSys@@@8 00409128     umodsys_lib_basesys:umodsys.base.rsystem_main.obj
 0003:00000154       ??_R0?AUIUniquePointerResolver@core@UModSys@@@8 00409154     umodsys_lib_basesys:umodsys.base.rsystem_main.obj
 0003:00000188       ??_R0?AUISystem@base@UModSys@@@8 00409188     umodsys_lib_basesys:umodsys.base.rsystem_main.obj
 0003:000001ac       ??_R0?AURModuleLoader@rsystem@base@UModSys@@@8 004091ac     umodsys_lib_basesys:umodsys.base.rmoduleloader.obj
 0003:000001e0       ??_R0?AUIModuleLoader@base@UModSys@@@8 004091e0     umodsys_lib_basesys:umodsys.base.rmoduleloader.obj
 0003:0000020c       ??_R0?AURParameters@rsystem@base@UModSys@@@8 0040920c     umodsys_lib_basesys:umodsys.base.rparameters.obj
 0003:0000023c       ??_R0?AUIParameters@core@UModSys@@@8 0040923c     umodsys_lib_basesys:umodsys.base.rparameters.obj
 0003:00000264       ??_R0?AURModuleLibrary@rsystem@base@UModSys@@@8 00409264     umodsys_lib_basesys:umodsys.base.rmodulelib.obj
 0003:00000298       ??_R0?AUIModuleLibrary@base@UModSys@@@8 00409298     umodsys_lib_basesys:umodsys.base.rmodulelib.obj
 0003:000002c4       ?s_null@?1??get_null@?$TSCoreShared@USMemAlloc_Malloc@core@UModSys@@D@su@tl@UModSys@@SAPAU?$TSharedStringInfo@D@345@XZ@4U6345@A 004092c4     umodsys_lib_basesys:umodsys.base.rmodulelib.obj
 0003:000002d4       ??_R0?AURModule@rsystem@base@UModSys@@@8 004092d4     umodsys_lib_basesys:umodsys.base.rmodule.obj
 0003:00000300       ??_R0?AUIModule@base@UModSys@@@8 00409300     umodsys_lib_basesys:umodsys.base.rmodule.obj
 0003:00000350       __forceCRTManifestRTM      00409350     MSVCRT:crtmanifestrtm.obj
 0003:00000354       __dowildcard               00409354     MSVCRT:wildcard.obj
 0003:00000358       __newmode                  00409358     MSVCRT:_newmode.obj
 0003:0000035c       __commode                  0040935c     MSVCRT:xncommod.obj
 0003:00000360       __fmode                    00409360     MSVCRT:xtxtmode.obj
 0003:0000068c       ?rv@?1??get_default@SMemAlloc_Malloc@core@UModSys@@SAABU234@XZ@4U234@A 0040968c     umodsys_lib_basesys:umodsys.base.rsystem_main.obj
 0003:00000690       ?s_id@?$TObjectUniqueID@URConsole_std@rsystem@base@UModSys@@@tl@UModSys@@2USUniquePointer@core@3@A 00409690     umodsys.c_main.obj
 0003:000006a8       ?s_id@?$TObjectUniqueID@UIRefObject@core@UModSys@@@tl@UModSys@@2USUniquePointer@core@3@A 004096a8     umodsys.c_main.obj
 0003:000006c0       ?s_id@?$TObjectUniqueID@UIRoot@core@UModSys@@@tl@UModSys@@2USUniquePointer@core@3@A 004096c0     umodsys.c_main.obj
 0003:000006d8       ?s_id@?$TObjectUniqueID@URParameters@rsystem@base@UModSys@@@tl@UModSys@@2USUniquePointer@core@3@A 004096d8     umodsys.c_main.obj
 0003:000006f0       ?s_id@?$TObjectUniqueID@UIModule@base@UModSys@@@tl@UModSys@@2USUniquePointer@core@3@A 004096f0     umodsys.c_main.obj
 0003:00000708       ?s_id@?$TObjectUniqueID@URModuleLibrary@rsystem@base@UModSys@@@tl@UModSys@@2USUniquePointer@core@3@A 00409708     umodsys.c_main.obj
 0003:00000720       ?s_id@?$TObjectUniqueID@UIGenerator@base@UModSys@@@tl@UModSys@@2USUniquePointer@core@3@A 00409720     umodsys.c_main.obj
 0003:00000738       ?s_id@?$TObjectUniqueID@UIModuleLibrary@base@UModSys@@@tl@UModSys@@2USUniquePointer@core@3@A 00409738     umodsys.c_main.obj
 0003:00000750       ?s_id@?$TObjectUniqueID@UIParameters@core@UModSys@@@tl@UModSys@@2USUniquePointer@core@3@A 00409750     umodsys.c_main.obj
 0003:00000768       ?s_id@?$TObjectUniqueID@UISystem@base@UModSys@@@tl@UModSys@@2USUniquePointer@core@3@A 00409768     umodsys.c_main.obj
 0003:00000780       ?s_id@?$TObjectUniqueID@URModule@rsystem@base@UModSys@@@tl@UModSys@@2USUniquePointer@core@3@A 00409780     umodsys.c_main.obj
 0003:00000798       ?s_id@?$TObjectUniqueID@UIModObject@base@UModSys@@@tl@UModSys@@2USUniquePointer@core@3@A 00409798     umodsys.c_main.obj
 0003:000007b0       ?s_id@?$TObjectUniqueID@URSystem@rsystem@base@UModSys@@@tl@UModSys@@2USUniquePointer@core@3@A 004097b0     umodsys.c_main.obj
 0003:000007c8       ?s_id@?$TObjectUniqueID@UIShell@base@UModSys@@@tl@UModSys@@2USUniquePointer@core@3@A 004097c8     umodsys.c_main.obj
 0003:000007e0       ?s_id@?$TObjectUniqueID@UIConsole@base@UModSys@@@tl@UModSys@@2USUniquePointer@core@3@A 004097e0     umodsys.c_main.obj
 0003:000007f8       ?s_console@RConsole_std@rsystem@base@UModSys@@2U1234@A 004097f8     umodsys_lib_basesys:umodsys.base.rconsole_std.obj
 0003:00000800       ?s_sys@RSystem@rsystem@base@UModSys@@2U1234@A 00409800     umodsys_lib_basesys:umodsys.base.rsystem_main.obj
 0003:00000860       ?rsys_dbg@rsystem@base@UModSys@@3USDebug@23@A 00409860     umodsys_lib_basesys:umodsys.base.rsystem_main.obj
 0003:00000868       ?M@UModSys@@3USModuleContext@base@1@A 00409868     umodsys_lib_base:umodsys.base.modulecontext.obj
 0003:00000874       ?root@SUniquePointer@core@UModSys@@2U123@A 00409874     umodsys_lib_core:umodsys.core.uniqueptr.obj
 0003:0000088c       ?s_null@?$TStaticStringPool@DU?$TComparerBinaryHash@D@su@tl@UModSys@@USMemAlloc_Malloc@core@4@@tl@UModSys@@2U?$TString@U?$TSCoreConst@D@su@tl@UModSys@@U?$TComparerBinaryHash@D@234@@23@A 0040988c     umodsys_lib_basesys:umodsys.base.rsystem_main.obj
 0003:00000898       __adjust_fdiv              00409898     <common>
 0003:0000089c       ___native_startup_state    0040989c     <common>
 0003:000008a0       ___native_startup_lock     004098a0     <common>
 0003:000008a4       ___dyn_tls_init_callback   004098a4     <common>
 0003:000008a8       ___onexitend               004098a8     <common>
 0003:000008ac       ___onexitbegin             004098ac     <common>

 entry point at        0001:00001538

 Static symbols

 0001:00001296       _pre_cpp_init              00402296 f   MSVCRT:crtexe.obj
 0001:000012e1       ___tmainCRTStartup         004022e1 f   MSVCRT:crtexe.obj
 0001:00001457       _pre_c_init                00402457 f   MSVCRT:crtexe.obj
 0001:000032d0       ?s_pfd_scan@@YAIPAUISystem@base@UModSys@@AAU?$TArray@U?$TRefObject@URModuleLibrary@rsystem@base@UModSys@@@tl@UModSys@@U?$TAllocator@USMemAlloc_Malloc@core@UModSys@@USCountCalcPower2@23@@23@@tl@3@PBD2@Z 004042d0 f    CIL library: CIL module
 0001:000050b0       __unwindfunclet$?push@?$TArray@U?$TRefObject@URModuleLibrary@rsystem@base@UModSys@@@tl@UModSys@@U?$TAllocator@USMemAlloc_Malloc@core@UModSys@@USCountCalcPower2@23@@23@@tl@UModSys@@QAE_NABU?$TRefObject@URModuleLibrary@rsystem@base@UModSys@@@23@@Z$0 004060b0 f    CIL library: CIL module
 0001:000050b0       __unwindfunclet$?push@?$TArray@U?$TRefObject@URModule@rsystem@base@UModSys@@@tl@UModSys@@U?$TAllocator@USMemAlloc_Malloc@core@UModSys@@USCountCalcPower2@23@@23@@tl@UModSys@@QAE_NABU?$TRefObject@URModule@rsystem@base@UModSys@@@23@@Z$0 004060b0 f    CIL library: CIL module
 0001:000050b5       __ehhandler$?push@?$TArray@U?$TRefObject@URModuleLibrary@rsystem@base@UModSys@@@tl@UModSys@@U?$TAllocator@USMemAlloc_Malloc@core@UModSys@@USCountCalcPower2@23@@23@@tl@UModSys@@QAE_NABU?$TRefObject@URModuleLibrary@rsystem@base@UModSys@@@23@@Z 004060b5 f    CIL library: CIL module
 0001:000050b5       __ehhandler$?push@?$TArray@U?$TRefObject@URModule@rsystem@base@UModSys@@@tl@UModSys@@U?$TAllocator@USMemAlloc_Malloc@core@UModSys@@USCountCalcPower2@23@@23@@tl@UModSys@@QAE_NABU?$TRefObject@URModule@rsystem@base@UModSys@@@23@@Z 004060b5 f    CIL library: CIL module
 0001:000050c0       __unwindfunclet$??1RModuleLoader@rsystem@base@UModSys@@UAE@XZ$0 004060c0 f    CIL library: CIL module
 0001:000050c8       __unwindfunclet$??1RModuleLoader@rsystem@base@UModSys@@UAE@XZ$1 004060c8 f    CIL library: CIL module
 0001:000050d3       __ehhandler$??1RModuleLoader@rsystem@base@UModSys@@UAE@XZ 004060d3 f    CIL library: CIL module
 0001:000050dd       __unwindfunclet$??1RSystem@rsystem@base@UModSys@@UAE@XZ$0 004060dd f    CIL library: CIL module
 0001:000050e5       __unwindfunclet$??1RSystem@rsystem@base@UModSys@@UAE@XZ$1 004060e5 f    CIL library: CIL module
 0001:000050f2       __unwindfunclet$??1RSystem@rsystem@base@UModSys@@UAE@XZ$2 004060f2 f    CIL library: CIL module
 0001:000050fd       __unwindfunclet$??1RSystem@rsystem@base@UModSys@@UAE@XZ$3 004060fd f    CIL library: CIL module
 0001:00005108       __ehhandler$??1RSystem@rsystem@base@UModSys@@UAE@XZ 00406108 f    CIL library: CIL module
 0001:00005112       __unwindfunclet$??0RSystem@rsystem@base@UModSys@@QAE@XZ$0 00406112 f    CIL library: CIL module
 0001:0000511a       __unwindfunclet$??0RSystem@rsystem@base@UModSys@@QAE@XZ$1 0040611a f    CIL library: CIL module
 0001:00005127       __unwindfunclet$??0RSystem@rsystem@base@UModSys@@QAE@XZ$2 00406127 f    CIL library: CIL module
 0001:00005132       __unwindfunclet$??0RSystem@rsystem@base@UModSys@@QAE@XZ$3 00406132 f    CIL library: CIL module
 0001:0000513d       __unwindfunclet$??0RSystem@rsystem@base@UModSys@@QAE@XZ$4 0040613d f    CIL library: CIL module
 0001:00005148       __ehhandler$??0RSystem@rsystem@base@UModSys@@QAE@XZ 00406148 f    CIL library: CIL module
 0001:00005152       __unwindfunclet$??0RModule@rsystem@base@UModSys@@QAE@PAURModuleLibrary@123@PAUIModuleReg@23@@Z$0 00406152 f    CIL library: CIL module
 0001:0000515a       __unwindfunclet$??0RModule@rsystem@base@UModSys@@QAE@PAURModuleLibrary@123@PAUIModuleReg@23@@Z$1 0040615a f    CIL library: CIL module
 0001:00005165       __unwindfunclet$??0RModule@rsystem@base@UModSys@@QAE@PAURModuleLibrary@123@PAUIModuleReg@23@@Z$2 00406165 f    CIL library: CIL module
 0001:00005170       __unwindfunclet$??0RModule@rsystem@base@UModSys@@QAE@PAURModuleLibrary@123@PAUIModuleReg@23@@Z$3 00406170 f    CIL library: CIL module
 0001:0000517b       __ehhandler$??0RModule@rsystem@base@UModSys@@QAE@PAURModuleLibrary@123@PAUIModuleReg@23@@Z 0040617b f    CIL library: CIL module
 0001:00005185       __unwindfunclet$??1RModuleLibrary@rsystem@base@UModSys@@UAE@XZ$0 00406185 f    CIL library: CIL module
 0001:0000518d       __unwindfunclet$??1RModuleLibrary@rsystem@base@UModSys@@UAE@XZ$1 0040618d f    CIL library: CIL module
 0001:00005198       __unwindfunclet$??1RModuleLibrary@rsystem@base@UModSys@@UAE@XZ$2 00406198 f    CIL library: CIL module
 0001:000051a3       __ehhandler$??1RModuleLibrary@rsystem@base@UModSys@@UAE@XZ 004061a3 f    CIL library: CIL module
 0001:000051ad       __unwindfunclet$?link@RModuleLibrary@rsystem@base@UModSys@@QAE_NXZ$0 004061ad f    CIL library: CIL module
 0001:000051b8       __unwindfunclet$?link@RModuleLibrary@rsystem@base@UModSys@@QAE_NXZ$1 004061b8 f    CIL library: CIL module
 0001:000051c0       __ehhandler$?link@RModuleLibrary@rsystem@base@UModSys@@QAE_NXZ 004061c0 f    CIL library: CIL module
 0001:000051ca       __unwindfunclet$?exec_test_shells@RSystem@rsystem@base@UModSys@@QAE_NXZ$0 004061ca f    CIL library: CIL module
 0001:000051d5       __unwindfunclet$?exec_test_shells@RSystem@rsystem@base@UModSys@@QAE_NXZ$1 004061d5 f    CIL library: CIL module
 0001:000051e0       __ehhandler$?exec_test_shells@RSystem@rsystem@base@UModSys@@QAE_NXZ 004061e0 f    CIL library: CIL module
 0001:000051ea       __unwindfunclet$?s_add@RModuleLibrary@rsystem@base@UModSys@@SA_NPAUISystem@34@AAU?$TArray@U?$TRefObject@URModuleLibrary@rsystem@base@UModSys@@@tl@UModSys@@U?$TAllocator@USMemAlloc_Malloc@core@UModSys@@USCountCalcPower2@23@@23@@tl@4@PBD@Z$1 004061ea f    CIL library: CIL module
 0001:000051f2       __ehhandler$?s_add@RModuleLibrary@rsystem@base@UModSys@@SA_NPAUISystem@34@AAU?$TArray@U?$TRefObject@URModuleLibrary@rsystem@base@UModSys@@@tl@UModSys@@U?$TAllocator@USMemAlloc_Malloc@core@UModSys@@USCountCalcPower2@23@@23@@tl@4@PBD@Z 004061f2 f    CIL library: CIL module
 0001:00005200       __unwindfunclet$??$t_moduledb_generate@UIShell@base@UModSys@@@IModuleLoader@base@UModSys@@QAE_NAAU?$TRefObject@UIShell@base@UModSys@@@tl@2@PBUSUniquePointerInfo@core@2@ABUSParameters@62@@Z$0 00406200 f    CIL library: CIL module
 0001:00005200       __unwindfunclet$?suicide@RModule@rsystem@base@UModSys@@UAEXXZ$0 00406200 f    CIL library: CIL module
 0001:00005208       __ehhandler$?suicide@RModule@rsystem@base@UModSys@@UAEXXZ 00406208 f    CIL library: CIL module
 0001:00005208       __ehhandler$??$t_moduledb_generate@UIShell@base@UModSys@@@IModuleLoader@base@UModSys@@QAE_NAAU?$TRefObject@UIShell@base@UModSys@@@tl@2@PBUSUniquePointerInfo@core@2@ABUSParameters@62@@Z 00406208 f    CIL library: CIL module
 0001:00005220       ??__E?s_id@?$TObjectUniqueID@UIRoot@core@UModSys@@@tl@UModSys@@2USUniquePointer@core@3@A@@YAXXZ 00406220 f    CIL library: CIL module
 0001:00005240       ??__E?s_id@?$TObjectUniqueID@UIRefObject@core@UModSys@@@tl@UModSys@@2USUniquePointer@core@3@A@@YAXXZ 00406240 f    CIL library: CIL module
 0001:00005260       ??__E?s_id@?$TObjectUniqueID@UIParameters@core@UModSys@@@tl@UModSys@@2USUniquePointer@core@3@A@@YAXXZ 00406260 f    CIL library: CIL module
 0001:00005280       ??__E?s_id@?$TObjectUniqueID@UIConsole@base@UModSys@@@tl@UModSys@@2USUniquePointer@core@3@A@@YAXXZ 00406280 f    CIL library: CIL module
 0001:000052a0       ??__E?s_id@?$TObjectUniqueID@UIModule@base@UModSys@@@tl@UModSys@@2USUniquePointer@core@3@A@@YAXXZ 004062a0 f    CIL library: CIL module
 0001:000052c0       ??__E?s_id@?$TObjectUniqueID@UIModuleLibrary@base@UModSys@@@tl@UModSys@@2USUniquePointer@core@3@A@@YAXXZ 004062c0 f    CIL library: CIL module
 0001:000052e0       ??__E?s_id@?$TObjectUniqueID@UISystem@base@UModSys@@@tl@UModSys@@2USUniquePointer@core@3@A@@YAXXZ 004062e0 f    CIL library: CIL module
 0001:00005300       ??__E?s_id@?$TObjectUniqueID@UIModObject@base@UModSys@@@tl@UModSys@@2USUniquePointer@core@3@A@@YAXXZ 00406300 f    CIL library: CIL module
 0001:00005320       ??__E?s_id@?$TObjectUniqueID@UIGenerator@base@UModSys@@@tl@UModSys@@2USUniquePointer@core@3@A@@YAXXZ 00406320 f    CIL library: CIL module
 0001:00005340       ??__E?s_id@?$TObjectUniqueID@UIShell@base@UModSys@@@tl@UModSys@@2USUniquePointer@core@3@A@@YAXXZ 00406340 f    CIL library: CIL module
 0001:00005360       ??__E?s_id@?$TObjectUniqueID@URModule@rsystem@base@UModSys@@@tl@UModSys@@2USUniquePointer@core@3@A@@YAXXZ 00406360 f    CIL library: CIL module
 0001:00005380       ??__E?s_id@?$TObjectUniqueID@URModuleLibrary@rsystem@base@UModSys@@@tl@UModSys@@2USUniquePointer@core@3@A@@YAXXZ 00406380 f    CIL library: CIL module
 0001:000053a0       ??__E?s_id@?$TObjectUniqueID@URParameters@rsystem@base@UModSys@@@tl@UModSys@@2USUniquePointer@core@3@A@@YAXXZ 004063a0 f    CIL library: CIL module
 0001:000053c0       ??__E?s_id@?$TObjectUniqueID@URSystem@rsystem@base@UModSys@@@tl@UModSys@@2USUniquePointer@core@3@A@@YAXXZ 004063c0 f    CIL library: CIL module
 0001:000053e0       ??__E?s_id@?$TObjectUniqueID@URConsole_std@rsystem@base@UModSys@@@tl@UModSys@@2USUniquePointer@core@3@A@@YAXXZ 004063e0 f    CIL library: CIL module
 0001:00005400       ??__E?s_console@RConsole_std@rsystem@base@UModSys@@2U1234@A@@YAXXZ 00406400 f    CIL library: CIL module
 0001:00005420       ??__E?s_sys@RSystem@rsystem@base@UModSys@@2U1234@A@@YAXXZ 00406420 f    CIL library: CIL module
 0001:00005440       ??__Ersys_dbg@rsystem@base@UModSys@@YAXXZ 00406440 f    CIL library: CIL module
 0001:00005460       ??__EM@UModSys@@YAXXZ      00406460 f    CIL library: CIL module
 0001:00005480       ??__E?root@SUniquePointer@core@UModSys@@2U123@A@@YAXXZ 00406480 f    CIL library: CIL module
 0001:000054a0       ??__F?s_id@?$TObjectUniqueID@URConsole_std@rsystem@base@UModSys@@@tl@UModSys@@2USUniquePointer@core@3@A@@YAXXZ 004064a0 f    CIL library: CIL module
 0001:000054b0       ??__F?s_id@?$TObjectUniqueID@URSystem@rsystem@base@UModSys@@@tl@UModSys@@2USUniquePointer@core@3@A@@YAXXZ 004064b0 f    CIL library: CIL module
 0001:000054c0       ??__F?s_id@?$TObjectUniqueID@URParameters@rsystem@base@UModSys@@@tl@UModSys@@2USUniquePointer@core@3@A@@YAXXZ 004064c0 f    CIL library: CIL module
 0001:000054d0       ??__F?s_id@?$TObjectUniqueID@URModuleLibrary@rsystem@base@UModSys@@@tl@UModSys@@2USUniquePointer@core@3@A@@YAXXZ 004064d0 f    CIL library: CIL module
 0001:000054e0       ??__F?s_id@?$TObjectUniqueID@URModule@rsystem@base@UModSys@@@tl@UModSys@@2USUniquePointer@core@3@A@@YAXXZ 004064e0 f    CIL library: CIL module
 0001:000054f0       ??__F?s_id@?$TObjectUniqueID@UIShell@base@UModSys@@@tl@UModSys@@2USUniquePointer@core@3@A@@YAXXZ 004064f0 f    CIL library: CIL module
 0001:00005500       ??__F?s_id@?$TObjectUniqueID@UIGenerator@base@UModSys@@@tl@UModSys@@2USUniquePointer@core@3@A@@YAXXZ 00406500 f    CIL library: CIL module
 0001:00005510       ??__F?s_id@?$TObjectUniqueID@UIModObject@base@UModSys@@@tl@UModSys@@2USUniquePointer@core@3@A@@YAXXZ 00406510 f    CIL library: CIL module
 0001:00005520       ??__F?s_id@?$TObjectUniqueID@UISystem@base@UModSys@@@tl@UModSys@@2USUniquePointer@core@3@A@@YAXXZ 00406520 f    CIL library: CIL module
 0001:00005530       ??__F?s_id@?$TObjectUniqueID@UIModuleLibrary@base@UModSys@@@tl@UModSys@@2USUniquePointer@core@3@A@@YAXXZ 00406530 f    CIL library: CIL module
 0001:00005540       ??__F?s_id@?$TObjectUniqueID@UIModule@base@UModSys@@@tl@UModSys@@2USUniquePointer@core@3@A@@YAXXZ 00406540 f    CIL library: CIL module
 0001:00005550       ??__F?s_id@?$TObjectUniqueID@UIConsole@base@UModSys@@@tl@UModSys@@2USUniquePointer@core@3@A@@YAXXZ 00406550 f    CIL library: CIL module
 0001:00005560       ??__F?s_id@?$TObjectUniqueID@UIParameters@core@UModSys@@@tl@UModSys@@2USUniquePointer@core@3@A@@YAXXZ 00406560 f    CIL library: CIL module
 0001:00005570       ??__F?s_id@?$TObjectUniqueID@UIRefObject@core@UModSys@@@tl@UModSys@@2USUniquePointer@core@3@A@@YAXXZ 00406570 f    CIL library: CIL module
 0001:00005580       ??__F?s_id@?$TObjectUniqueID@UIRoot@core@UModSys@@@tl@UModSys@@2USUniquePointer@core@3@A@@YAXXZ 00406580 f    CIL library: CIL module
 0001:00005590       ??__F?s_console@RConsole_std@rsystem@base@UModSys@@2U1234@A@@YAXXZ 00406590 f    CIL library: CIL module
 0001:000055a0       ??__F?s_sys@RSystem@rsystem@base@UModSys@@2U1234@A@@YAXXZ 004065a0 f    CIL library: CIL module
 0001:000055b0       ??__Frsys_dbg@rsystem@base@UModSys@@YAXXZ 004065b0 f    CIL library: CIL module
 0001:000055c0       ??__FM@UModSys@@YAXXZ      004065c0 f    CIL library: CIL module
 0001:000055d0       ??__F?root@SUniquePointer@core@UModSys@@2U123@A@@YAXXZ 004065d0 f    CIL library: CIL module
