 umodsysc

 Timestamp is 52d633b8 (Wed Jan 15 10:07:36 2014)

 Preferred load address is 00400000

 Start         Length     Name                   Class
 0001:00000000 00012c10H .text                   CODE
 0001:00012c10 0000078fH .text$x                 CODE
 0001:000133a0 00000a41H .text$yc                CODE
 0001:00013df0 000003faH .text$yd                CODE
 0002:00000000 00000154H .idata$5                DATA
 0002:00000154 00000004H .CRT$XCA                DATA
 0002:00000158 00000004H .CRT$XCAA               DATA
 0002:0000015c 00000378H .CRT$XCU                DATA
 0002:000004d4 00000004H .CRT$XCZ                DATA
 0002:000004d8 00000004H .CRT$XIA                DATA
 0002:000004dc 00000004H .CRT$XIAA               DATA
 0002:000004e0 00000004H .CRT$XIY                DATA
 0002:000004e4 00000004H .CRT$XIZ                DATA
 0002:000004e8 00001bd0H .rdata                  DATA
 0002:000020b8 00001388H .rdata$r                DATA
 0002:00003440 00000100H .rdata$sxdata           DATA
 0002:00003540 00000004H .rtc$IAA                DATA
 0002:00003544 00000004H .rtc$IZZ                DATA
 0002:00003548 00000004H .rtc$TAA                DATA
 0002:0000354c 00000004H .rtc$TZZ                DATA
 0002:00003550 00000d84H .xdata$x                DATA
 0002:000042d4 00000028H .idata$2                DATA
 0002:000042fc 00000014H .idata$3                DATA
 0002:00004310 00000154H .idata$4                DATA
 0002:00004464 00000554H .idata$6                DATA
 0002:000049c0 00000058H .edata                  DATA
 0003:00000000 00000cc0H .data                   DATA
 0003:00000cc0 00002a24H .bss                    DATA

  Address         Publics by Value              Rva+Base       Lib:Object

 0000:00000000       __except_list              00000000     <absolute>
 0000:00000040       ___safe_se_handler_count   00000040     <absolute>
 0000:00009876       __ldused                   00009876     <absolute>
 0000:00009876       __fltused                  00009876     <absolute>
 0000:00000000       ___ImageBase               00400000     <linker-defined>
 0001:00000000       ??0?$TString@U?$TSCoreConst@D@su@tl@UModSys@@U?$TComparerBinaryHash@D@234@@tl@UModSys@@QAE@PBD@Z 00401000 f i umodsys.c_main.obj
 0001:00000050       ??$shash@D@su@tl@UModSys@@YAIPBDI@Z 00401050 f i umodsys.c_main.obj
 0001:00000090       ??1SMemShared@core@UModSys@@QAE@XZ 00401090 f i umodsys_lib_libmedia:umodsys.mod.media.stdio.obj
 0001:00000090       ??1SCMemShared@core@UModSys@@QAE@XZ 00401090 f i umodsys_lib_libmedia:umodsys.mod.media.stdlib.obj
 0001:00000090       ??1SInfo@IBinObjFilter@libmedia@UModSys@@QAE@XZ 00401090 f i umodsys_lib_libmedia:umodsys.mod.media.stdlib.obj
 0001:000000b0       ??3IRoot@core@UModSys@@SAXPAXABUSIMemAlloc@12@@Z 004010b0 f i umodsys_lib_libmedia:umodsys.mod.media.stdio.obj
 0001:000000c0       ?get@SParameters@core@UModSys@@QBE_NPBDAAPBD@Z 004010c0 f i umodsys_lib_libmedia:umodsys.mod.media.stdio.obj
 0001:000000f0       ?get@SParameters@core@UModSys@@QBE_NPBDAA_N@Z 004010f0 f i umodsys_lib_libmedia:umodsys.mod.media.stdio.obj
 0001:00000130       ?archive_load_data@libmedia@UModSys@@YA_NAAUIBinArchive@12@ABU?$TString@U?$TSCoreConst@D@su@tl@UModSys@@U?$TComparerBinaryHash@D@234@@tl@2@AAUSCMemShared@core@2@ABUSFlags@12@@Z 00401130 f i umodsys_lib_libmedia:umodsys.mod.media.stdio.obj
 0001:00000320       ?archive_save_data@libmedia@UModSys@@YA_NAAUIBinArchive@12@ABU?$TString@U?$TSCoreConst@D@su@tl@UModSys@@U?$TComparerBinaryHash@D@234@@tl@2@ABUSCMem@core@2@ABUSFlags@12@@Z 00401320 f i umodsys_lib_libmedia:umodsys.mod.media.stdio.obj
 0001:000003d0       ?file_get_size@stdio@media@modules@UModSys@@YA_JPAU_iobuf@@@Z 004013d0 f i umodsys_lib_libmedia:umodsys.mod.media.stdio.obj
 0001:00000420       ?root_get_interface_info@RStreamReader_FILE@stdio@media@modules@UModSys@@UBEABUSUniquePointerInfo@core@5@XZ 00401420 f i umodsys_lib_libmedia:umodsys.mod.media.stdio.obj
 0001:00000430       ?root_get_interface_type@RStreamReader_FILE@stdio@media@modules@UModSys@@UBEPBUSUniquePointerInfo@core@5@XZ 00401430 f i umodsys_lib_libmedia:umodsys.mod.media.stdio.obj
 0001:00000440       ?root_get_other_interface@RStreamReader_FILE@stdio@media@modules@UModSys@@UBEPBUIRoot@core@5@PBUSUniquePointerInfo@75@@Z 00401440 f i umodsys_lib_libmedia:umodsys.mod.media.stdio.obj
 0001:00000440       ?root_get_other_interface@RStreamReader_FILE@stdio@media@modules@UModSys@@UAEPAUIRoot@core@5@PBUSUniquePointerInfo@75@@Z 00401440 f i umodsys_lib_libmedia:umodsys.mod.media.stdio.obj
 0001:00000470       ?root_is_interface_supported@RStreamReader_FILE@stdio@media@modules@UModSys@@UBE_NPBUSUniquePointerInfo@core@5@@Z 00401470 f i umodsys_lib_libmedia:umodsys.mod.media.stdio.obj
 0001:000004b0       ?ref_add@RStreamReader_FILE@stdio@media@modules@UModSys@@UBEXXZ 004014b0 f i umodsys_lib_libmedia:umodsys.mod.media.stdio.obj
 0001:000004b0       ?ref_add@RGenerator@stdio@media@modules@UModSys@@UBEXXZ 004014b0 f i umodsys_lib_libmedia:umodsys.mod.media.stdio.obj
 0001:000004b0       ?ref_add@RGenerator@stdlib@media@modules@UModSys@@UBEXXZ 004014b0 f i umodsys_lib_libmedia:umodsys.mod.media.stdlib.obj
 0001:000004b0       ?ref_add@RStreamWriter_FILE@stdio@media@modules@UModSys@@UBEXXZ 004014b0 f i umodsys_lib_libmedia:umodsys.mod.media.stdio.obj
 0001:000004b0       ?ref_add@RUtilities@stdlib@media@modules@UModSys@@UBEXXZ 004014b0 f i umodsys_lib_libmedia:umodsys.mod.media.stdlib.obj
 0001:000004c0       ??0RStreamReader_FILE@stdio@media@modules@UModSys@@QAE@PAUIModObject@base@4@ABUSParameters@core@4@@Z 004014c0 f i umodsys_lib_libmedia:umodsys.mod.media.stdio.obj
 0001:00000570       ??0RStreamReader_FILE@stdio@media@modules@UModSys@@QAE@PAUIModObject@base@4@PBD@Z 00401570 f i umodsys_lib_libmedia:umodsys.mod.media.stdio.obj
 0001:00000600       ?get_size@RStreamReader_FILE@stdio@media@modules@UModSys@@QAEXXZ 00401600 f i umodsys_lib_libmedia:umodsys.mod.media.stdio.obj
 0001:00000670       ?reader_seek@RStreamReader_FILE@stdio@media@modules@UModSys@@UAE_N_J@Z 00401670 f i umodsys_lib_libmedia:umodsys.mod.media.stdio.obj
 0001:000006a0       ?reader_seekend@RStreamReader_FILE@stdio@media@modules@UModSys@@UAE_N_J@Z 004016a0 f i umodsys_lib_libmedia:umodsys.mod.media.stdio.obj
 0001:000006d0       ?reader_seekdelta@RStreamReader_FILE@stdio@media@modules@UModSys@@UAE_N_J@Z 004016d0 f i umodsys_lib_libmedia:umodsys.mod.media.stdio.obj
 0001:00000700       ?reader_pos@RStreamReader_FILE@stdio@media@modules@UModSys@@UAE_JXZ 00401700 f i umodsys_lib_libmedia:umodsys.mod.media.stdio.obj
 0001:00000720       ?reader_size@RStreamReader_FILE@stdio@media@modules@UModSys@@UAE_JXZ 00401720 f i umodsys_lib_libmedia:umodsys.mod.media.stdio.obj
 0001:00000730       ?reader_read@RStreamReader_FILE@stdio@media@modules@UModSys@@UAE_NPAXI@Z 00401730 f i umodsys_lib_libmedia:umodsys.mod.media.stdio.obj
 0001:000007b0       ?reader_close@RStreamReader_FILE@stdio@media@modules@UModSys@@UAEXXZ 004017b0 f i umodsys_lib_libmedia:umodsys.mod.media.stdio.obj
 0001:000007d0       ??_GRStreamReader_FILE@stdio@media@modules@UModSys@@UAEPAXI@Z 004017d0 f i umodsys_lib_libmedia:umodsys.mod.media.stdio.obj
 0001:000007d0       ??_ERStreamReader_FILE@stdio@media@modules@UModSys@@UAEPAXI@Z 004017d0 f i  CIL library: CIL module
 0001:00000810       ??_ERGenerator@stdlib@media@modules@UModSys@@UAEPAXI@Z 00401810 f i  CIL library: CIL module
 0001:00000810       ??_GRGenerator@stdio@media@modules@UModSys@@UAEPAXI@Z 00401810 f i umodsys_lib_libmedia:umodsys.mod.media.stdio.obj
 0001:00000810       ??_GIRefObject@core@UModSys@@UAEPAXI@Z 00401810 f i umodsys_lib_libmedia:umodsys.mod.media.stdio.obj
 0001:00000810       ??_GRGenerator@stdlib@media@modules@UModSys@@UAEPAXI@Z 00401810 f i umodsys_lib_libmedia:umodsys.mod.media.stdlib.obj
 0001:00000810       ??_ERGenerator@stdio@media@modules@UModSys@@UAEPAXI@Z 00401810 f i  CIL library: CIL module
 0001:00000810       ??_EIRefObject@core@UModSys@@UAEPAXI@Z 00401810 f i  CIL library: CIL module
 0001:00000830       ??_EIRoot@core@UModSys@@UAEPAXI@Z 00401830 f i  CIL library: CIL module
 0001:00000830       ??_GIRoot@core@UModSys@@UAEPAXI@Z 00401830 f i umodsys_lib_libmedia:umodsys.mod.media.stdio.obj
 0001:00000850       ?root_get_interface_info@RStreamWriter_FILE@stdio@media@modules@UModSys@@UBEABUSUniquePointerInfo@core@5@XZ 00401850 f i umodsys_lib_libmedia:umodsys.mod.media.stdio.obj
 0001:00000860       ?root_get_interface_type@RStreamWriter_FILE@stdio@media@modules@UModSys@@UBEPBUSUniquePointerInfo@core@5@XZ 00401860 f i umodsys_lib_libmedia:umodsys.mod.media.stdio.obj
 0001:00000870       ?root_get_other_interface@RStreamWriter_FILE@stdio@media@modules@UModSys@@UBEPBUIRoot@core@5@PBUSUniquePointerInfo@75@@Z 00401870 f i umodsys_lib_libmedia:umodsys.mod.media.stdio.obj
 0001:00000870       ?root_get_other_interface@RStreamWriter_FILE@stdio@media@modules@UModSys@@UAEPAUIRoot@core@5@PBUSUniquePointerInfo@75@@Z 00401870 f i umodsys_lib_libmedia:umodsys.mod.media.stdio.obj
 0001:000008a0       ?root_is_interface_supported@RStreamWriter_FILE@stdio@media@modules@UModSys@@UBE_NPBUSUniquePointerInfo@core@5@@Z 004018a0 f i umodsys_lib_libmedia:umodsys.mod.media.stdio.obj
 0001:000008e0       ?ref_links@RGenerator@stdio@media@modules@UModSys@@UBEHXZ 004018e0 f i umodsys_lib_libmedia:umodsys.mod.media.stdio.obj
 0001:000008e0       ?ref_links@RStreamWriter_FILE@stdio@media@modules@UModSys@@UBEHXZ 004018e0 f i umodsys_lib_libmedia:umodsys.mod.media.stdio.obj
 0001:000008e0       ?ref_links@RStreamReader_FILE@stdio@media@modules@UModSys@@UBEHXZ 004018e0 f i umodsys_lib_libmedia:umodsys.mod.media.stdio.obj
 0001:000008e0       ?ref_links@RGenerator@stdlib@media@modules@UModSys@@UBEHXZ 004018e0 f i umodsys_lib_libmedia:umodsys.mod.media.stdlib.obj
 0001:000008e0       ?ref_links@RUtilities@stdlib@media@modules@UModSys@@UBEHXZ 004018e0 f i umodsys_lib_libmedia:umodsys.mod.media.stdlib.obj
 0001:000008f0       ?suicide@RStreamReader_FILE@stdio@media@modules@UModSys@@UAEXXZ 004018f0 f i umodsys_lib_libmedia:umodsys.mod.media.stdio.obj
 0001:000008f0       ?suicide@RStreamWriter_FILE@stdio@media@modules@UModSys@@UAEXXZ 004018f0 f i umodsys_lib_libmedia:umodsys.mod.media.stdio.obj
 0001:000008f0       ?suicide@RUtilities@stdlib@media@modules@UModSys@@UAEXXZ 004018f0 f i umodsys_lib_libmedia:umodsys.mod.media.stdlib.obj
 0001:00000900       ??1RStreamWriter_FILE@stdio@media@modules@UModSys@@UAE@XZ 00401900 f i umodsys_lib_libmedia:umodsys.mod.media.stdio.obj
 0001:00000970       ??0RStreamWriter_FILE@stdio@media@modules@UModSys@@QAE@PAUIModObject@base@4@ABUSParameters@core@4@@Z 00401970 f i umodsys_lib_libmedia:umodsys.mod.media.stdio.obj
 0001:000009f0       ??0RStreamWriter_FILE@stdio@media@modules@UModSys@@QAE@PAUIModObject@base@4@PBD_N@Z 004019f0 f i umodsys_lib_libmedia:umodsys.mod.media.stdio.obj
 0001:00000ab0       ?open@RStreamWriter_FILE@stdio@media@modules@UModSys@@QAEXABUSParameters@core@5@@Z 00401ab0 f i umodsys_lib_libmedia:umodsys.mod.media.stdio.obj
 0001:00000b40       ?writer_seek@RStreamWriter_FILE@stdio@media@modules@UModSys@@UAE_N_J@Z 00401b40 f i umodsys_lib_libmedia:umodsys.mod.media.stdio.obj
 0001:00000b70       ?writer_seekend@RStreamWriter_FILE@stdio@media@modules@UModSys@@UAE_N_J@Z 00401b70 f i umodsys_lib_libmedia:umodsys.mod.media.stdio.obj
 0001:00000ba0       ?writer_seekdelta@RStreamWriter_FILE@stdio@media@modules@UModSys@@UAE_N_J@Z 00401ba0 f i umodsys_lib_libmedia:umodsys.mod.media.stdio.obj
 0001:00000bd0       ?writer_setsize@RStreamWriter_FILE@stdio@media@modules@UModSys@@UAE_N_J@Z 00401bd0 f i umodsys_lib_libmedia:umodsys.mod.media.stdio.obj
 0001:00000c10       ?writer_pos@RStreamWriter_FILE@stdio@media@modules@UModSys@@UAE_JXZ 00401c10 f i umodsys_lib_libmedia:umodsys.mod.media.stdio.obj
 0001:00000c30       ?writer_size@RStreamWriter_FILE@stdio@media@modules@UModSys@@UAE_JXZ 00401c30 f i umodsys_lib_libmedia:umodsys.mod.media.stdio.obj
 0001:00000c60       ?writer_write@RStreamWriter_FILE@stdio@media@modules@UModSys@@UAE_NPBXI@Z 00401c60 f i umodsys_lib_libmedia:umodsys.mod.media.stdio.obj
 0001:00000ce0       ?writer_copy@RStreamWriter_FILE@stdio@media@modules@UModSys@@UAE_NPAUIStreamReader@libmedia@5@_J@Z 00401ce0 f i umodsys_lib_libmedia:umodsys.mod.media.stdio.obj
 0001:00000db0       ?writer_copy@RStreamWriter_FILE@stdio@media@modules@UModSys@@UAE_NPAUIStreamReader@libmedia@5@_J1@Z 00401db0 f i umodsys_lib_libmedia:umodsys.mod.media.stdio.obj
 0001:00000e00       ?writer_close@RStreamWriter_FILE@stdio@media@modules@UModSys@@UAEXXZ 00401e00 f i umodsys_lib_libmedia:umodsys.mod.media.stdio.obj
 0001:00000e40       ?writer_abort@RStreamWriter_FILE@stdio@media@modules@UModSys@@UAEXXZ 00401e40 f i umodsys_lib_libmedia:umodsys.mod.media.stdio.obj
 0001:00000e80       ??_GRStreamWriter_FILE@stdio@media@modules@UModSys@@UAEPAXI@Z 00401e80 f i umodsys_lib_libmedia:umodsys.mod.media.stdio.obj
 0001:00000e80       ??_ERStreamWriter_FILE@stdio@media@modules@UModSys@@UAEPAXI@Z 00401e80 f i  CIL library: CIL module
 0001:00000ea0       ??1IStreamReader@libmedia@UModSys@@UAE@XZ 00401ea0 f i umodsys_lib_libmedia:umodsys.mod.media.stdio.obj
 0001:00000ea0       ??1IStreamWriter@libmedia@UModSys@@UAE@XZ 00401ea0 f i umodsys_lib_libmedia:umodsys.mod.media.stdio.obj
 0001:00000ea0       ??1IUtilities@libmedia@UModSys@@UAE@XZ 00401ea0 f i umodsys_lib_libmedia:umodsys.mod.media.stdlib.obj
 0001:00000eb0       ?root_get_interface_info@RDataArchiver_OsDir@stdio@media@modules@UModSys@@UBEABUSUniquePointerInfo@core@5@XZ 00401eb0 f i umodsys_lib_libmedia:umodsys.mod.media.stdio.obj
 0001:00000ec0       ?root_get_interface_type@RDataArchiver_OsDir@stdio@media@modules@UModSys@@UBEPBUSUniquePointerInfo@core@5@XZ 00401ec0 f i umodsys_lib_libmedia:umodsys.mod.media.stdio.obj
 0001:00000ed0       ?root_get_other_interface@RDataArchiver_OsDir@stdio@media@modules@UModSys@@UBEPBUIRoot@core@5@PBUSUniquePointerInfo@75@@Z 00401ed0 f i umodsys_lib_libmedia:umodsys.mod.media.stdio.obj
 0001:00000ed0       ?root_get_other_interface@RDataArchiver_OsDir@stdio@media@modules@UModSys@@UAEPAUIRoot@core@5@PBUSUniquePointerInfo@75@@Z 00401ed0 f i umodsys_lib_libmedia:umodsys.mod.media.stdio.obj
 0001:00000f10       ?root_is_interface_supported@RDataArchiver_OsDir@stdio@media@modules@UModSys@@UBE_NPBUSUniquePointerInfo@core@5@@Z 00401f10 f i umodsys_lib_libmedia:umodsys.mod.media.stdio.obj
 0001:00000f50       ?ref_add@RLibraryBinCache@stdlib@media@modules@UModSys@@UBEXXZ 00401f50 f i umodsys_lib_libmedia:umodsys.mod.media.stdlib.obj
 0001:00000f50       ?ref_add@RLibraryBinTree@stdlib@media@modules@UModSys@@UBEXXZ 00401f50 f i umodsys_lib_libmedia:umodsys.mod.media.stdlib.obj
 0001:00000f50       ?ref_add@RParameters@rsystem@base@UModSys@@UBEXXZ 00401f50 f i umodsys_lib_basesys:umodsys.basesys.rparameters.obj
 0001:00000f50       ?ref_add@RDataArchiver_OsDir@stdio@media@modules@UModSys@@UBEXXZ 00401f50 f i umodsys_lib_libmedia:umodsys.mod.media.stdio.obj
 0001:00000f50       ?ref_add@RLibraryObjFilter@stdlib@media@modules@UModSys@@UBEXXZ 00401f50 f i umodsys_lib_libmedia:umodsys.mod.media.stdlib.obj
 0001:00000f50       ?ref_add@RLibraryObjCache@stdlib@media@modules@UModSys@@UBEXXZ 00401f50 f i umodsys_lib_libmedia:umodsys.mod.media.stdlib.obj
 0001:00000f50       ?ref_add@RLibraryLayered@stdlib@media@modules@UModSys@@UBEXXZ 00401f50 f i umodsys_lib_libmedia:umodsys.mod.media.stdlib.obj
 0001:00000f60       ??0RDataArchiver_OsDir@stdio@media@modules@UModSys@@QAE@PAUIModObject@base@4@ABUSParameters@core@4@U?$TFlags4State@USMediaFlagUid@libmedia@UModSys@@I@tl@4@@Z 00401f60 f i umodsys_lib_libmedia:umodsys.mod.media.stdio.obj
 0001:00001040       ??1RDataArchiver_OsDir@stdio@media@modules@UModSys@@UAE@XZ 00402040 f i umodsys_lib_libmedia:umodsys.mod.media.stdio.obj
 0001:000010b0       ?open@RDataArchiver_OsDir@stdio@media@modules@UModSys@@QAEXABUSParameters@core@5@@Z 004020b0 f i umodsys_lib_libmedia:umodsys.mod.media.stdio.obj
 0001:00001180       ?get_flag@RDataArchiver_OsDir@stdio@media@modules@UModSys@@UBE?AW4eStates@?$TFlags4State@USMediaFlagUid@libmedia@UModSys@@I@tl@5@H@Z 00402180 f i umodsys_lib_libmedia:umodsys.mod.media.stdio.obj
 0001:000011a0       ?get_flags_auto@RDataArchiver_OsDir@stdio@media@modules@UModSys@@UBE?AU?$TFlags4State@USMediaFlagUid@libmedia@UModSys@@I@tl@5@XZ 004021a0 f i umodsys_lib_libmedia:umodsys.mod.media.stdio.obj
 0001:000011b0       ?set_flag@RDataArchiver_OsDir@stdio@media@modules@UModSys@@UAE?AW4eStates@?$TFlags4State@USMediaFlagUid@libmedia@UModSys@@I@tl@5@HW46785@@Z 004021b0 f i umodsys_lib_libmedia:umodsys.mod.media.stdio.obj
 0001:000011e0       ?data_load@RDataArchiver_OsDir@stdio@media@modules@UModSys@@UAE_NABU?$TString@U?$TSCoreConst@D@su@tl@UModSys@@U?$TComparerBinaryHash@D@234@@tl@5@AAUSCMemShared@core@5@ABUSFlags@libmedia@5@@Z 004021e0 f i umodsys_lib_libmedia:umodsys.mod.media.stdio.obj
 0001:00001220       ?data_save@RDataArchiver_OsDir@stdio@media@modules@UModSys@@UAE_NABU?$TString@U?$TSCoreConst@D@su@tl@UModSys@@U?$TComparerBinaryHash@D@234@@tl@5@ABUSCMem@core@5@ABUSFlags@libmedia@5@@Z 00402220 f i umodsys_lib_libmedia:umodsys.mod.media.stdio.obj
 0001:00001240       ?data_reader@RDataArchiver_OsDir@stdio@media@modules@UModSys@@UAE?AU?$TRefObject@UIStreamReader@libmedia@UModSys@@U?$TRefObjectFunc@UIStreamReader@libmedia@UModSys@@@tl@3@@tl@5@ABU?$TString@U?$TSCoreConst@D@su@tl@UModSys@@U?$TComparerBinaryHash@D@234@@75@ABUSFlags@libmedia@5@@Z 00402240 f i umodsys_lib_libmedia:umodsys.mod.media.stdio.obj
 0001:000013b0       ?data_writer@RDataArchiver_OsDir@stdio@media@modules@UModSys@@UAE?AU?$TRefObject@UIStreamWriter@libmedia@UModSys@@U?$TRefObjectFunc@UIStreamWriter@libmedia@UModSys@@@tl@3@@tl@5@ABU?$TString@U?$TSCoreConst@D@su@tl@UModSys@@U?$TComparerBinaryHash@D@234@@75@ABUSFlags@libmedia@5@@Z 004023b0 f i umodsys_lib_libmedia:umodsys.mod.media.stdio.obj
 0001:00001540       ?data_info@RDataArchiver_OsDir@stdio@media@modules@UModSys@@UAE_NABU?$TString@U?$TSCoreConst@D@su@tl@UModSys@@U?$TComparerBinaryHash@D@234@@tl@5@IAAUSFileInfo@libmedia@5@ABUSFlags@95@@Z 00402540 f i umodsys_lib_libmedia:umodsys.mod.media.stdio.obj
 0001:00001540       ?data_list@RDataArchiver_OsDir@stdio@media@modules@UModSys@@UAE_NABU?$TString@U?$TSCoreConst@D@su@tl@UModSys@@U?$TComparerBinaryHash@D@234@@tl@5@IAAU?$TIStackSocket@USFileInfo@libmedia@UModSys@@@75@ABUSFlags@libmedia@5@@Z 00402540 f i umodsys_lib_libmedia:umodsys.mod.media.stdio.obj
 0001:00001590       ?get_permissions@RDataArchiver_OsDir@stdio@media@modules@UModSys@@UAEHXZ 00402590 f i umodsys_lib_libmedia:umodsys.mod.media.stdio.obj
 0001:000015a0       ??_GRDataArchiver_OsDir@stdio@media@modules@UModSys@@UAEPAXI@Z 004025a0 f i umodsys_lib_libmedia:umodsys.mod.media.stdio.obj
 0001:000015a0       ??_ERDataArchiver_OsDir@stdio@media@modules@UModSys@@UAEPAXI@Z 004025a0 f i  CIL library: CIL module
 0001:000015c0       ?get_generated_names@RGenerator@stdio@media@modules@UModSys@@UBEHAAUSUniquePtrList@core@5@@Z 004025c0 f i umodsys_lib_libmedia:umodsys.mod.media.stdio.obj
 0001:00001600       ?get_generated_types@RGenerator@stdio@media@modules@UModSys@@UBEHAAUSUniquePtrList@core@5@PBUSUniquePointerInfo@75@@Z 00402600 f i umodsys_lib_libmedia:umodsys.mod.media.stdio.obj
 0001:00001690       ?generate@RGenerator@stdio@media@modules@UModSys@@UAE_NAAU?$TRefObject@UIRefObject@core@UModSys@@U?$TRefObjectFunc@UIRefObject@core@UModSys@@@tl@3@@tl@5@PBUSUniquePointerInfo@core@5@ABUSParameters@95@@Z 00402690 f i umodsys_lib_libmedia:umodsys.mod.media.stdio.obj
 0001:000016f0       ?root_get_interface_info@RGenerator@stdio@media@modules@UModSys@@UBEABUSUniquePointerInfo@core@5@XZ 004026f0 f i umodsys_lib_libmedia:umodsys.mod.media.stdio.obj
 0001:00001700       ?root_get_interface_type@RGenerator@stdio@media@modules@UModSys@@UBEPBUSUniquePointerInfo@core@5@XZ 00402700 f i umodsys_lib_libmedia:umodsys.mod.media.stdio.obj
 0001:00001710       ?root_get_other_interface@RGenerator@stdio@media@modules@UModSys@@UAEPAUIRoot@core@5@PBUSUniquePointerInfo@75@@Z 00402710 f i umodsys_lib_libmedia:umodsys.mod.media.stdio.obj
 0001:00001710       ?root_get_other_interface@RGenerator@stdio@media@modules@UModSys@@UBEPBUIRoot@core@5@PBUSUniquePointerInfo@75@@Z 00402710 f i umodsys_lib_libmedia:umodsys.mod.media.stdio.obj
 0001:00001750       ?root_is_interface_supported@RGenerator@stdio@media@modules@UModSys@@UBE_NPBUSUniquePointerInfo@core@5@@Z 00402750 f i umodsys_lib_libmedia:umodsys.mod.media.stdio.obj
 0001:00001790       ?ref_remove@RStreamWriter_FILE@stdio@media@modules@UModSys@@UBEXXZ 00402790 f i umodsys_lib_libmedia:umodsys.mod.media.stdio.obj
 0001:00001790       ?ref_remove@RGenerator@stdlib@media@modules@UModSys@@UBEXXZ 00402790 f i umodsys_lib_libmedia:umodsys.mod.media.stdlib.obj
 0001:00001790       ?ref_remove@RGenerator@stdio@media@modules@UModSys@@UBEXXZ 00402790 f i umodsys_lib_libmedia:umodsys.mod.media.stdio.obj
 0001:00001790       ?ref_remove@RStreamReader_FILE@stdio@media@modules@UModSys@@UBEXXZ 00402790 f i umodsys_lib_libmedia:umodsys.mod.media.stdio.obj
 0001:00001790       ?ref_remove@RUtilities@stdlib@media@modules@UModSys@@UBEXXZ 00402790 f i umodsys_lib_libmedia:umodsys.mod.media.stdlib.obj
 0001:000017a0       ?get_uid@RGenerator@stdio@media@modules@UModSys@@UBEPBUSUniquePointerInfo@core@5@XZ 004027a0 f i umodsys_lib_libmedia:umodsys.mod.media.stdio.obj
 0001:000017b0       ?do_open@RModuleReg@stdio@media@modules@UModSys@@UAE_NXZ 004027b0 f i umodsys_lib_libmedia:umodsys.mod.media.stdio.obj
 0001:000017c0       ?do_close@RModuleReg@stdio@media@modules@UModSys@@UAE_NXZ 004027c0 f i umodsys_lib_libmedia:umodsys.mod.media.stdio.obj
 0001:000017d0       ??_ERModuleReg@stdio@media@modules@UModSys@@UAEPAXI@Z 004027d0 f i  CIL library: CIL module
 0001:000017d0       ??_GRModuleReg@stdio@media@modules@UModSys@@UAEPAXI@Z 004027d0 f i umodsys_lib_libmedia:umodsys.mod.media.stdio.obj
 0001:00001800       ??1?$TStringBuf@U?$TSCoreShared@USIMemAlloc@core@UModSys@@D@su@tl@UModSys@@U?$TComparerBinaryHash@D@234@@tl@UModSys@@QAE@XZ 00402800 f i umodsys_lib_libmedia:umodsys.mod.media.stdlib.obj
 0001:00001800       ??1?$TString@U?$TSCoreShared@USIMemAlloc@core@UModSys@@D@su@tl@UModSys@@U?$TComparerBinaryHash@D@234@@tl@UModSys@@QAE@XZ 00402800 f i umodsys_lib_libmedia:umodsys.mod.media.stdio.obj
 0001:00001800       ??1?$TSCoreShared@USIMemAlloc@core@UModSys@@D@su@tl@UModSys@@QAE@XZ 00402800 f i umodsys_lib_libmedia:umodsys.mod.media.stdio.obj
 0001:00001810       ?info_release@?$TSCoreShared@USIMemAlloc@core@UModSys@@D@su@tl@UModSys@@QAEXXZ 00402810 f i umodsys_lib_libmedia:umodsys.mod.media.stdio.obj
 0001:00001890       ?info_new@?$TSCoreShared@USIMemAlloc@core@UModSys@@D@su@tl@UModSys@@QAE_NPBDI@Z 00402890 f i umodsys_lib_libmedia:umodsys.mod.media.stdio.obj
 0001:00001940       ?get_null@?$TSCoreShared@USIMemAlloc@core@UModSys@@D@su@tl@UModSys@@SAPAU?$TSharedStringInfo@DUSIMemAlloc@core@UModSys@@@234@XZ 00402940 f i umodsys_lib_libmedia:umodsys.mod.media.stdio.obj
 0001:00001980       ?obj_delete@?$TRefObjectLinksModObject@URUtilities@stdlib@media@modules@UModSys@@UIModObject@base@5@@tl@UModSys@@QBEXPAURUtilities@stdlib@media@modules@3@@Z 00402980 f i umodsys_lib_libmedia:umodsys.mod.media.stdlib.obj
 0001:00001980       ?obj_delete@?$TRefObjectLinksModObject@URLibraryObjCache@stdlib@media@modules@UModSys@@UIModObject@base@5@@tl@UModSys@@QBEXPAURLibraryObjCache@stdlib@media@modules@3@@Z 00402980 f i umodsys_lib_libmedia:umodsys.mod.media.stdlib.obj
 0001:00001980       ?obj_delete@?$TRefObjectLinksModObject@URStreamReader_FILE@stdio@media@modules@UModSys@@UIModObject@base@5@@tl@UModSys@@QBEXPAURStreamReader_FILE@stdio@media@modules@3@@Z 00402980 f i umodsys_lib_libmedia:umodsys.mod.media.stdio.obj
 0001:00001980       ?obj_delete@?$TRefObjectLinksModObject@URBinArchiveFrame@stdlib@media@modules@UModSys@@UIModObject@base@5@@tl@UModSys@@QBEXPAURBinArchiveFrame@stdlib@media@modules@3@@Z 00402980 f i umodsys_lib_libmedia:umodsys.mod.media.stdlib.obj
 0001:00001980       ?obj_delete@?$TRefObjectLinksModObject@URLibraryLayered@stdlib@media@modules@UModSys@@UIModObject@base@5@@tl@UModSys@@QBEXPAURLibraryLayered@stdlib@media@modules@3@@Z 00402980 f i umodsys_lib_libmedia:umodsys.mod.media.stdlib.obj
 0001:00001980       ?obj_delete@?$TRefObjectLinksModObject@URLibraryObjFilter@stdlib@media@modules@UModSys@@UIModObject@base@5@@tl@UModSys@@QBEXPAURLibraryObjFilter@stdlib@media@modules@3@@Z 00402980 f i umodsys_lib_libmedia:umodsys.mod.media.stdlib.obj
 0001:00001980       ?obj_delete@?$TRefObjectLinksModObject@URLibraryBinTree@stdlib@media@modules@UModSys@@UIModObject@base@5@@tl@UModSys@@QBEXPAURLibraryBinTree@stdlib@media@modules@3@@Z 00402980 f i umodsys_lib_libmedia:umodsys.mod.media.stdlib.obj
 0001:00001980       ?obj_delete@?$TRefObjectLinksModObject@URLibraryBinCache@stdlib@media@modules@UModSys@@UIModObject@base@5@@tl@UModSys@@QBEXPAURLibraryBinCache@stdlib@media@modules@3@@Z 00402980 f i umodsys_lib_libmedia:umodsys.mod.media.stdlib.obj
 0001:00001980       ?obj_delete@?$TRefObjectLinksModObject@URDataArchiver_OsDir@stdio@media@modules@UModSys@@UIModObject@base@5@@tl@UModSys@@QBEXPAURDataArchiver_OsDir@stdio@media@modules@3@@Z 00402980 f i umodsys_lib_libmedia:umodsys.mod.media.stdio.obj
 0001:00001980       ?obj_delete@?$TRefObjectLinksModObject@URStreamWriter_FILE@stdio@media@modules@UModSys@@UIModObject@base@5@@tl@UModSys@@QBEXPAURStreamWriter_FILE@stdio@media@modules@3@@Z 00402980 f i umodsys_lib_libmedia:umodsys.mod.media.stdio.obj
 0001:000019f0       ??$ValidateConstruction@UIStreamReader@libmedia@UModSys@@URStreamReader_FILE@stdio@media@modules@3@@core@UModSys@@YA_NAAU?$TRefObject@UIStreamReader@libmedia@UModSys@@U?$TRefObjectFunc@UIStreamReader@libmedia@UModSys@@@tl@3@@tl@1@PAURStreamReader_FILE@stdio@media@modules@1@@Z 004029f0 f i umodsys_lib_libmedia:umodsys.mod.media.stdio.obj
 0001:000019f0       ??$ValidateConstruction@UIRefObject@core@UModSys@@URStreamReader_FILE@stdio@media@modules@3@@core@UModSys@@YA_NAAU?$TRefObject@UIRefObject@core@UModSys@@U?$TRefObjectFunc@UIRefObject@core@UModSys@@@tl@3@@tl@1@PAURStreamReader_FILE@stdio@media@modules@1@@Z 004029f0 f i umodsys_lib_libmedia:umodsys.mod.media.stdio.obj
 0001:00001a80       ??$t_types@URDataArchiver_OsDir@stdio@media@modules@UModSys@@@IGenerator@base@UModSys@@KA_NAAHAAUSUniquePtrList@core@2@PBUSUniquePointerInfo@42@@Z 00402a80 f i umodsys_lib_libmedia:umodsys.mod.media.stdio.obj
 0001:00001ad0       ??$t_gen_param@URStreamReader_FILE@stdio@media@modules@UModSys@@URGenerator@2345@@IGenerator@base@UModSys@@IAE_NPAURGenerator@stdio@media@modules@2@AAU?$TRefObject@UIRefObject@core@UModSys@@U?$TRefObjectFunc@UIRefObject@core@UModSys@@@tl@3@@tl@2@PBUSUniquePointerInfo@core@2@ABUSParameters@core@2@@Z 00402ad0 f i umodsys_lib_libmedia:umodsys.mod.media.stdio.obj
 0001:00001b50       ??$t_gen_param@URStreamWriter_FILE@stdio@media@modules@UModSys@@URGenerator@2345@@IGenerator@base@UModSys@@IAE_NPAURGenerator@stdio@media@modules@2@AAU?$TRefObject@UIRefObject@core@UModSys@@U?$TRefObjectFunc@UIRefObject@core@UModSys@@@tl@3@@tl@2@PBUSUniquePointerInfo@core@2@ABUSParameters@core@2@@Z 00402b50 f i umodsys_lib_libmedia:umodsys.mod.media.stdio.obj
 0001:00001bc0       ??$t_gen_param@URDataArchiver_OsDir@stdio@media@modules@UModSys@@URGenerator@2345@@IGenerator@base@UModSys@@IAE_NPAURGenerator@stdio@media@modules@2@AAU?$TRefObject@UIRefObject@core@UModSys@@U?$TRefObjectFunc@UIRefObject@core@UModSys@@@tl@3@@tl@2@PBUSUniquePointerInfo@core@2@ABUSParameters@core@2@@Z 00402bc0 f i umodsys_lib_libmedia:umodsys.mod.media.stdio.obj
 0001:00001c40       ??1?$TRefObject@UIModObject@base@UModSys@@U?$TModObjectFunc@UIModObject@base@UModSys@@@tl@3@@tl@UModSys@@QAE@XZ 00402c40 f i umodsys_lib_libmedia:umodsys.mod.media.stdio.obj
 0001:00001c60       ??$is_flag@U?$TFlags4StateShift@USMediaFlagUid@libmedia@UModSys@@I$09@tl@UModSys@@@SFlags@libmedia@UModSys@@QBE_NPBUIResolverAuto@012@W4eStates@?$TFlags4State@USMediaFlagUid@libmedia@UModSys@@I@tl@2@@Z 00402c60 f i umodsys_lib_libmedia:umodsys.mod.media.stdio.obj
 0001:00001cc0       ??$ValidateConstruction@UIRefObject@core@UModSys@@URStreamWriter_FILE@stdio@media@modules@3@@core@UModSys@@YA_NAAU?$TRefObject@UIRefObject@core@UModSys@@U?$TRefObjectFunc@UIRefObject@core@UModSys@@@tl@3@@tl@1@PAURStreamWriter_FILE@stdio@media@modules@1@@Z 00402cc0 f i umodsys_lib_libmedia:umodsys.mod.media.stdio.obj
 0001:00001cc0       ??$ValidateConstruction@UIStreamWriter@libmedia@UModSys@@URStreamWriter_FILE@stdio@media@modules@3@@core@UModSys@@YA_NAAU?$TRefObject@UIStreamWriter@libmedia@UModSys@@U?$TRefObjectFunc@UIStreamWriter@libmedia@UModSys@@@tl@3@@tl@1@PAURStreamWriter_FILE@stdio@media@modules@1@@Z 00402cc0 f i umodsys_lib_libmedia:umodsys.mod.media.stdio.obj
 0001:00001d50       ?s_set@?$TRefObjectFunc@UIRefObject@core@UModSys@@@tl@UModSys@@SAXAAPAUIRefObject@core@3@PAU453@@Z 00402d50 f i umodsys_lib_libmedia:umodsys.mod.media.stdio.obj
 0001:00001d70       ?alloc@SMemShared@core@UModSys@@QAE_NABUSCMem@23@PAUSSourceContext@23@@Z 00402d70 f i umodsys_lib_libmedia:umodsys.mod.media.stdlib.obj
 0001:00001dd0       ??BSMemShared@core@UModSys@@QBE?AUSMem@12@XZ 00402dd0 f i umodsys_lib_libmedia:umodsys.mod.media.stdlib.obj
 0001:00001e20       ??0SFileInfo@libmedia@UModSys@@QAE@XZ 00402e20 f i umodsys_lib_libmedia:umodsys.mod.media.stdlib.obj
 0001:00001ee0       ??1SFileInfo@libmedia@UModSys@@QAE@XZ 00402ee0 f i umodsys_lib_libmedia:umodsys.mod.media.stdlib.obj
 0001:00001f50       ?get_flag@RResolverChain@SFlagsChain@libmedia@UModSys@@UBE?AW4eStates@?$TFlags4State@USMediaFlagUid@libmedia@UModSys@@I@tl@4@H@Z 00402f50 f i umodsys_lib_libmedia:umodsys.mod.media.stdlib.obj
 0001:00001f90       ?bin_reader@ILibrary@libmedia@UModSys@@QAE?AU?$TRefObject@UIStreamReader@libmedia@UModSys@@U?$TRefObjectFunc@UIStreamReader@libmedia@UModSys@@@tl@3@@tl@3@ABU?$TString@U?$TSCoreConst@D@su@tl@UModSys@@U?$TComparerBinaryHash@D@234@@53@ABU?$TFlags4State@USMediaFlagUid@libmedia@UModSys@@I@53@@Z 00402f90 f i umodsys_lib_libmedia:umodsys.mod.media.stdlib.obj
 0001:00001fd0       ?bin_writer@ILibrary@libmedia@UModSys@@QAE?AU?$TRefObject@UIStreamWriter@libmedia@UModSys@@U?$TRefObjectFunc@UIStreamWriter@libmedia@UModSys@@@tl@3@@tl@3@ABU?$TString@U?$TSCoreConst@D@su@tl@UModSys@@U?$TComparerBinaryHash@D@234@@53@ABU?$TFlags4State@USMediaFlagUid@libmedia@UModSys@@I@53@@Z 00402fd0 f i umodsys_lib_libmedia:umodsys.mod.media.stdlib.obj
 0001:00002010       ??1SPoint@ILibraryBinTree@libmedia@UModSys@@QAE@XZ 00403010 f i umodsys_lib_libmedia:umodsys.mod.media.stdlib.obj
 0001:00002010       ??1SLayer@ILibraryLayered@libmedia@UModSys@@QAE@XZ 00403010 f i umodsys_lib_libmedia:umodsys.mod.media.stdlib.obj
 0001:00002030       ?setname@NameNode@IBinArchiveFrame@libmedia@UModSys@@QAEXPAXHABU?$TString@U?$TSCoreConst@D@su@tl@UModSys@@U?$TComparerBinaryHash@D@234@@tl@4@@Z 00403030 f i umodsys_lib_libmedia:umodsys.mod.media.stdlib.obj
 0001:00002080       ?setname@NameNode@IBinArchiveFrame@libmedia@UModSys@@QAEXPAXHABU?$TString@U?$TSCoreConst@D@su@tl@UModSys@@U?$TComparerUtfNocaseHash@D@234@@tl@4@@Z 00403080 f i umodsys_lib_libmedia:umodsys.mod.media.stdlib.obj
 0001:000020d0       ?root_get_interface_info@RUtilities@stdlib@media@modules@UModSys@@UBEABUSUniquePointerInfo@core@5@XZ 004030d0 f i umodsys_lib_libmedia:umodsys.mod.media.stdlib.obj
 0001:000020e0       ?root_get_interface_type@RUtilities@stdlib@media@modules@UModSys@@UBEPBUSUniquePointerInfo@core@5@XZ 004030e0 f i umodsys_lib_libmedia:umodsys.mod.media.stdlib.obj
 0001:000020f0       ?root_get_other_interface@RUtilities@stdlib@media@modules@UModSys@@UBEPBUIRoot@core@5@PBUSUniquePointerInfo@75@@Z 004030f0 f i umodsys_lib_libmedia:umodsys.mod.media.stdlib.obj
 0001:000020f0       ?root_get_other_interface@RUtilities@stdlib@media@modules@UModSys@@UAEPAUIRoot@core@5@PBUSUniquePointerInfo@75@@Z 004030f0 f i umodsys_lib_libmedia:umodsys.mod.media.stdlib.obj
 0001:00002120       ?root_is_interface_supported@RUtilities@stdlib@media@modules@UModSys@@UBE_NPBUSUniquePointerInfo@core@5@@Z 00403120 f i umodsys_lib_libmedia:umodsys.mod.media.stdlib.obj
 0001:00002160       ?ref_weak@RUtilities@stdlib@media@modules@UModSys@@UBE_NAAUWeakPointer@IRefObject@core@5@@Z 00403160 f i umodsys_lib_libmedia:umodsys.mod.media.stdlib.obj
 0001:00002160       ?ref_weak@RGenerator@stdlib@media@modules@UModSys@@UBE_NAAUWeakPointer@IRefObject@core@5@@Z 00403160 f i umodsys_lib_libmedia:umodsys.mod.media.stdlib.obj
 0001:00002160       ?ref_weak@RGenerator@stdio@media@modules@UModSys@@UBE_NAAUWeakPointer@IRefObject@core@5@@Z 00403160 f i umodsys_lib_libmedia:umodsys.mod.media.stdio.obj
 0001:00002160       ?ref_weak@RStreamWriter_FILE@stdio@media@modules@UModSys@@UBE_NAAUWeakPointer@IRefObject@core@5@@Z 00403160 f i umodsys_lib_libmedia:umodsys.mod.media.stdio.obj
 0001:00002160       ?ref_weak@RStreamReader_FILE@stdio@media@modules@UModSys@@UBE_NAAUWeakPointer@IRefObject@core@5@@Z 00403160 f i umodsys_lib_libmedia:umodsys.mod.media.stdio.obj
 0001:00002180       ?root_get_interface_info@RBinArchiveFrame@stdlib@media@modules@UModSys@@UBEABUSUniquePointerInfo@core@5@XZ 00403180 f i umodsys_lib_libmedia:umodsys.mod.media.stdlib.obj
 0001:00002190       ?root_get_interface_type@RBinArchiveFrame@stdlib@media@modules@UModSys@@UBEPBUSUniquePointerInfo@core@5@XZ 00403190 f i umodsys_lib_libmedia:umodsys.mod.media.stdlib.obj
 0001:000021a0       ?root_get_interface_types@RModuleLibraryThis@rsystem@base@UModSys@@UBEIAAUSUniquePtrList@core@4@@Z 004031a0 f i umodsys_lib_basesys:umodsys.basesys.rmodulelibthis.obj
 0001:000021a0       ?root_get_interface_types@RGenerator@stdio@media@modules@UModSys@@UBEIAAUSUniquePtrList@core@5@@Z 004031a0 f i umodsys_lib_libmedia:umodsys.mod.media.stdio.obj
 0001:000021a0       ?root_get_interface_types@RBinArchiveFrame@stdlib@media@modules@UModSys@@UBEIAAUSUniquePtrList@core@5@@Z 004031a0 f i umodsys_lib_libmedia:umodsys.mod.media.stdlib.obj
 0001:000021a0       ?root_get_interface_types@RDataArchiver_OsDir@stdio@media@modules@UModSys@@UBEIAAUSUniquePtrList@core@5@@Z 004031a0 f i umodsys_lib_libmedia:umodsys.mod.media.stdio.obj
 0001:000021a0       ?root_get_interface_types@RModuleLibrarySO@rsystem@base@UModSys@@UBEIAAUSUniquePtrList@core@4@@Z 004031a0 f i umodsys_lib_basesys:umodsys.basesys.rmodulelibso.obj
 0001:000021a0       ?root_get_interface_types@RStreamWriter_FILE@stdio@media@modules@UModSys@@UBEIAAUSUniquePtrList@core@5@@Z 004031a0 f i umodsys_lib_libmedia:umodsys.mod.media.stdio.obj
 0001:000021a0       ?root_get_interface_types@RLibraryLayered@stdlib@media@modules@UModSys@@UBEIAAUSUniquePtrList@core@5@@Z 004031a0 f i umodsys_lib_libmedia:umodsys.mod.media.stdlib.obj
 0001:000021a0       ?root_get_interface_types@RLibraryBinTree@stdlib@media@modules@UModSys@@UBEIAAUSUniquePtrList@core@5@@Z 004031a0 f i umodsys_lib_libmedia:umodsys.mod.media.stdlib.obj
 0001:000021a0       ?root_get_interface_types@RLibraryObjFilter@stdlib@media@modules@UModSys@@UBEIAAUSUniquePtrList@core@5@@Z 004031a0 f i umodsys_lib_libmedia:umodsys.mod.media.stdlib.obj
 0001:000021a0       ?root_get_interface_types@RLibraryBinCache@stdlib@media@modules@UModSys@@UBEIAAUSUniquePtrList@core@5@@Z 004031a0 f i umodsys_lib_libmedia:umodsys.mod.media.stdlib.obj
 0001:000021a0       ?root_get_interface_types@RUtilities@stdlib@media@modules@UModSys@@UBEIAAUSUniquePtrList@core@5@@Z 004031a0 f i umodsys_lib_libmedia:umodsys.mod.media.stdlib.obj
 0001:000021a0       ?root_get_interface_types@RSystem@rsystem@base@UModSys@@UBEIAAUSUniquePtrList@core@4@@Z 004031a0 f i umodsys_lib_basesys:umodsys.basesys.rsystem_main.obj
 0001:000021a0       ?root_get_interface_types@RParameters@rsystem@base@UModSys@@UBEIAAUSUniquePtrList@core@4@@Z 004031a0 f i umodsys_lib_basesys:umodsys.basesys.rparameters.obj
 0001:000021a0       ?root_get_interface_types@RConsole_std@rsystem@base@UModSys@@UBEIAAUSUniquePtrList@core@4@@Z 004031a0 f i umodsys_lib_basesys:umodsys.basesys.rconsole_std.obj
 0001:000021a0       ?root_get_interface_types@RStreamReader_FILE@stdio@media@modules@UModSys@@UBEIAAUSUniquePtrList@core@5@@Z 004031a0 f i umodsys_lib_libmedia:umodsys.mod.media.stdio.obj
 0001:000021a0       ?root_get_interface_types@RLibraryObjCache@stdlib@media@modules@UModSys@@UBEIAAUSUniquePtrList@core@5@@Z 004031a0 f i umodsys_lib_libmedia:umodsys.mod.media.stdlib.obj
 0001:000021a0       ?root_get_interface_types@RModule@rsystem@base@UModSys@@UBEIAAUSUniquePtrList@core@4@@Z 004031a0 f i umodsys_lib_basesys:umodsys.basesys.rmodule.obj
 0001:000021a0       ?root_get_interface_types@ISystem@base@UModSys@@UBEIAAUSUniquePtrList@core@3@@Z 004031a0 f i umodsys_lib_basesys:umodsys.basesys.rsystem_main.obj
 0001:000021a0       ?root_get_interface_types@RGenerator@stdlib@media@modules@UModSys@@UBEIAAUSUniquePtrList@core@5@@Z 004031a0 f i umodsys_lib_libmedia:umodsys.mod.media.stdlib.obj
 0001:000021b0       ?root_get_other_interface@RBinArchiveFrame@stdlib@media@modules@UModSys@@UBEPBUIRoot@core@5@PBUSUniquePointerInfo@75@@Z 004031b0 f i umodsys_lib_libmedia:umodsys.mod.media.stdlib.obj
 0001:000021b0       ?root_get_other_interface@RBinArchiveFrame@stdlib@media@modules@UModSys@@UAEPAUIRoot@core@5@PBUSUniquePointerInfo@75@@Z 004031b0 f i umodsys_lib_libmedia:umodsys.mod.media.stdlib.obj
 0001:000021f0       ?root_is_interface_supported@RBinArchiveFrame@stdlib@media@modules@UModSys@@UBE_NPBUSUniquePointerInfo@core@5@@Z 004031f0 f i umodsys_lib_libmedia:umodsys.mod.media.stdlib.obj
 0001:00002240       ?ref_add@RBinArchiveFrame@stdlib@media@modules@UModSys@@UBEXXZ 00403240 f i umodsys_lib_libmedia:umodsys.mod.media.stdlib.obj
 0001:00002250       ?ref_remove@RBinArchiveFrame@stdlib@media@modules@UModSys@@UBEXXZ 00403250 f i umodsys_lib_libmedia:umodsys.mod.media.stdlib.obj
 0001:00002260       ?ref_links@RBinArchiveFrame@stdlib@media@modules@UModSys@@UBEHXZ 00403260 f i umodsys_lib_libmedia:umodsys.mod.media.stdlib.obj
 0001:00002270       ?ref_weak@RBinArchiveFrame@stdlib@media@modules@UModSys@@UBE_NAAUWeakPointer@IRefObject@core@5@@Z 00403270 f i umodsys_lib_libmedia:umodsys.mod.media.stdlib.obj
 0001:00002290       ?suicide@RBinArchiveFrame@stdlib@media@modules@UModSys@@UAEXXZ 00403290 f i umodsys_lib_libmedia:umodsys.mod.media.stdlib.obj
 0001:000022a0       ?root_get_interface_info@RLibraryBinTree@stdlib@media@modules@UModSys@@UBEABUSUniquePointerInfo@core@5@XZ 004032a0 f i umodsys_lib_libmedia:umodsys.mod.media.stdlib.obj
 0001:000022b0       ?root_get_interface_type@RLibraryBinTree@stdlib@media@modules@UModSys@@UBEPBUSUniquePointerInfo@core@5@XZ 004032b0 f i umodsys_lib_libmedia:umodsys.mod.media.stdlib.obj
 0001:000022c0       ?root_get_other_interface@RLibraryBinTree@stdlib@media@modules@UModSys@@UBEPBUIRoot@core@5@PBUSUniquePointerInfo@75@@Z 004032c0 f i umodsys_lib_libmedia:umodsys.mod.media.stdlib.obj
 0001:000022c0       ?root_get_other_interface@RLibraryBinTree@stdlib@media@modules@UModSys@@UAEPAUIRoot@core@5@PBUSUniquePointerInfo@75@@Z 004032c0 f i umodsys_lib_libmedia:umodsys.mod.media.stdlib.obj
 0001:00002300       ?root_is_interface_supported@RLibraryBinTree@stdlib@media@modules@UModSys@@UBE_NPBUSUniquePointerInfo@core@5@@Z 00403300 f i umodsys_lib_libmedia:umodsys.mod.media.stdlib.obj
 0001:00002350       ?ref_remove@RLibraryObjFilter@stdlib@media@modules@UModSys@@UBEXXZ 00403350 f i umodsys_lib_libmedia:umodsys.mod.media.stdlib.obj
 0001:00002350       ?ref_remove@RLibraryLayered@stdlib@media@modules@UModSys@@UBEXXZ 00403350 f i umodsys_lib_libmedia:umodsys.mod.media.stdlib.obj
 0001:00002350       ?ref_remove@RLibraryBinTree@stdlib@media@modules@UModSys@@UBEXXZ 00403350 f i umodsys_lib_libmedia:umodsys.mod.media.stdlib.obj
 0001:00002350       ?ref_remove@RDataArchiver_OsDir@stdio@media@modules@UModSys@@UBEXXZ 00403350 f i umodsys_lib_libmedia:umodsys.mod.media.stdio.obj
 0001:00002350       ?ref_remove@RLibraryObjCache@stdlib@media@modules@UModSys@@UBEXXZ 00403350 f i umodsys_lib_libmedia:umodsys.mod.media.stdlib.obj
 0001:00002350       ?ref_remove@RParameters@rsystem@base@UModSys@@UBEXXZ 00403350 f i umodsys_lib_basesys:umodsys.basesys.rparameters.obj
 0001:00002350       ?ref_remove@RLibraryBinCache@stdlib@media@modules@UModSys@@UBEXXZ 00403350 f i umodsys_lib_libmedia:umodsys.mod.media.stdlib.obj
 0001:00002360       ?ref_links@RParameters@rsystem@base@UModSys@@UBEHXZ 00403360 f i umodsys_lib_basesys:umodsys.basesys.rparameters.obj
 0001:00002360       ?ref_links@RDataArchiver_OsDir@stdio@media@modules@UModSys@@UBEHXZ 00403360 f i umodsys_lib_libmedia:umodsys.mod.media.stdio.obj
 0001:00002360       ?ref_links@RLibraryBinCache@stdlib@media@modules@UModSys@@UBEHXZ 00403360 f i umodsys_lib_libmedia:umodsys.mod.media.stdlib.obj
 0001:00002360       ?ref_links@RLibraryLayered@stdlib@media@modules@UModSys@@UBEHXZ 00403360 f i umodsys_lib_libmedia:umodsys.mod.media.stdlib.obj
 0001:00002360       ?ref_links@RLibraryObjCache@stdlib@media@modules@UModSys@@UBEHXZ 00403360 f i umodsys_lib_libmedia:umodsys.mod.media.stdlib.obj
 0001:00002360       ?ref_links@RLibraryBinTree@stdlib@media@modules@UModSys@@UBEHXZ 00403360 f i umodsys_lib_libmedia:umodsys.mod.media.stdlib.obj
 0001:00002360       ?ref_links@RLibraryObjFilter@stdlib@media@modules@UModSys@@UBEHXZ 00403360 f i umodsys_lib_libmedia:umodsys.mod.media.stdlib.obj
 0001:00002370       ?suicide@RLibraryBinTree@stdlib@media@modules@UModSys@@UAEXXZ 00403370 f i umodsys_lib_libmedia:umodsys.mod.media.stdlib.obj
 0001:00002370       ?suicide@RLibraryBinCache@stdlib@media@modules@UModSys@@UAEXXZ 00403370 f i umodsys_lib_libmedia:umodsys.mod.media.stdlib.obj
 0001:00002370       ?suicide@RLibraryLayered@stdlib@media@modules@UModSys@@UAEXXZ 00403370 f i umodsys_lib_libmedia:umodsys.mod.media.stdlib.obj
 0001:00002370       ?suicide@RDataArchiver_OsDir@stdio@media@modules@UModSys@@UAEXXZ 00403370 f i umodsys_lib_libmedia:umodsys.mod.media.stdio.obj
 0001:00002370       ?suicide@RLibraryObjFilter@stdlib@media@modules@UModSys@@UAEXXZ 00403370 f i umodsys_lib_libmedia:umodsys.mod.media.stdlib.obj
 0001:00002370       ?suicide@RLibraryObjCache@stdlib@media@modules@UModSys@@UAEXXZ 00403370 f i umodsys_lib_libmedia:umodsys.mod.media.stdlib.obj
 0001:00002380       ?_root_get_interface_types@RLibraryBinCache@stdlib@media@modules@UModSys@@SAIAAUSUniquePtrList@core@5@@Z 00403380 f i umodsys_lib_libmedia:umodsys.mod.media.stdlib.obj
 0001:000023d0       ?root_get_interface_info@RLibraryBinCache@stdlib@media@modules@UModSys@@UBEABUSUniquePointerInfo@core@5@XZ 004033d0 f i umodsys_lib_libmedia:umodsys.mod.media.stdlib.obj
 0001:000023e0       ?root_get_interface_type@RLibraryBinCache@stdlib@media@modules@UModSys@@UBEPBUSUniquePointerInfo@core@5@XZ 004033e0 f i umodsys_lib_libmedia:umodsys.mod.media.stdlib.obj
 0001:000023f0       ?root_get_other_interface@RLibraryBinCache@stdlib@media@modules@UModSys@@UAEPAUIRoot@core@5@PBUSUniquePointerInfo@75@@Z 004033f0 f i umodsys_lib_libmedia:umodsys.mod.media.stdlib.obj
 0001:000023f0       ?root_get_other_interface@RLibraryBinCache@stdlib@media@modules@UModSys@@UBEPBUIRoot@core@5@PBUSUniquePointerInfo@75@@Z 004033f0 f i umodsys_lib_libmedia:umodsys.mod.media.stdlib.obj
 0001:00002430       ?root_is_interface_supported@RLibraryBinCache@stdlib@media@modules@UModSys@@UBE_NPBUSUniquePointerInfo@core@5@@Z 00403430 f i umodsys_lib_libmedia:umodsys.mod.media.stdlib.obj
 0001:00002480       ?root_get_interface_info@RLibraryLayered@stdlib@media@modules@UModSys@@UBEABUSUniquePointerInfo@core@5@XZ 00403480 f i umodsys_lib_libmedia:umodsys.mod.media.stdlib.obj
 0001:00002490       ?root_get_interface_type@RLibraryLayered@stdlib@media@modules@UModSys@@UBEPBUSUniquePointerInfo@core@5@XZ 00403490 f i umodsys_lib_libmedia:umodsys.mod.media.stdlib.obj
 0001:000024a0       ?root_get_other_interface@RLibraryLayered@stdlib@media@modules@UModSys@@UBEPBUIRoot@core@5@PBUSUniquePointerInfo@75@@Z 004034a0 f i umodsys_lib_libmedia:umodsys.mod.media.stdlib.obj
 0001:000024a0       ?root_get_other_interface@RLibraryLayered@stdlib@media@modules@UModSys@@UAEPAUIRoot@core@5@PBUSUniquePointerInfo@75@@Z 004034a0 f i umodsys_lib_libmedia:umodsys.mod.media.stdlib.obj
 0001:000024e0       ?root_is_interface_supported@RLibraryLayered@stdlib@media@modules@UModSys@@UBE_NPBUSUniquePointerInfo@core@5@@Z 004034e0 f i umodsys_lib_libmedia:umodsys.mod.media.stdlib.obj
 0001:00002530       ??4SLayerX@RLibraryLayered@stdlib@media@modules@UModSys@@QAEXABUSLayer@ILibraryLayered@libmedia@5@@Z 00403530 f i umodsys_lib_libmedia:umodsys.mod.media.stdlib.obj
 0001:000025c0       ?root_get_interface_info@RLibraryObjCache@stdlib@media@modules@UModSys@@UBEABUSUniquePointerInfo@core@5@XZ 004035c0 f i umodsys_lib_libmedia:umodsys.mod.media.stdlib.obj
 0001:000025d0       ?root_get_interface_type@RLibraryObjCache@stdlib@media@modules@UModSys@@UBEPBUSUniquePointerInfo@core@5@XZ 004035d0 f i umodsys_lib_libmedia:umodsys.mod.media.stdlib.obj
 0001:000025e0       ?root_get_other_interface@RLibraryObjCache@stdlib@media@modules@UModSys@@UAEPAUIRoot@core@5@PBUSUniquePointerInfo@75@@Z 004035e0 f i umodsys_lib_libmedia:umodsys.mod.media.stdlib.obj
 0001:000025e0       ?root_get_other_interface@RLibraryObjCache@stdlib@media@modules@UModSys@@UBEPBUIRoot@core@5@PBUSUniquePointerInfo@75@@Z 004035e0 f i umodsys_lib_libmedia:umodsys.mod.media.stdlib.obj
 0001:00002620       ?root_is_interface_supported@RLibraryObjCache@stdlib@media@modules@UModSys@@UBE_NPBUSUniquePointerInfo@core@5@@Z 00403620 f i umodsys_lib_libmedia:umodsys.mod.media.stdlib.obj
 0001:00002670       ?ref_weak@RLibraryObjFilter@stdlib@media@modules@UModSys@@UBE_NAAUWeakPointer@IRefObject@core@5@@Z 00403670 f i umodsys_lib_libmedia:umodsys.mod.media.stdlib.obj
 0001:00002670       ?ref_weak@RLibraryLayered@stdlib@media@modules@UModSys@@UBE_NAAUWeakPointer@IRefObject@core@5@@Z 00403670 f i umodsys_lib_libmedia:umodsys.mod.media.stdlib.obj
 0001:00002670       ?ref_weak@RLibraryObjCache@stdlib@media@modules@UModSys@@UBE_NAAUWeakPointer@IRefObject@core@5@@Z 00403670 f i umodsys_lib_libmedia:umodsys.mod.media.stdlib.obj
 0001:00002670       ?ref_weak@RDataArchiver_OsDir@stdio@media@modules@UModSys@@UBE_NAAUWeakPointer@IRefObject@core@5@@Z 00403670 f i umodsys_lib_libmedia:umodsys.mod.media.stdio.obj
 0001:00002670       ?ref_weak@RLibraryBinTree@stdlib@media@modules@UModSys@@UBE_NAAUWeakPointer@IRefObject@core@5@@Z 00403670 f i umodsys_lib_libmedia:umodsys.mod.media.stdlib.obj
 0001:00002670       ?ref_weak@RLibraryBinCache@stdlib@media@modules@UModSys@@UBE_NAAUWeakPointer@IRefObject@core@5@@Z 00403670 f i umodsys_lib_libmedia:umodsys.mod.media.stdlib.obj
 0001:00002670       ?ref_weak@RParameters@rsystem@base@UModSys@@UBE_NAAUWeakPointer@IRefObject@core@4@@Z 00403670 f i umodsys_lib_basesys:umodsys.basesys.rparameters.obj
 0001:00002690       ??0SCacheElem@RLibraryObjCache@stdlib@media@modules@UModSys@@QAE@XZ 00403690 f i umodsys_lib_libmedia:umodsys.mod.media.stdlib.obj
 0001:00002690       ??0SCacheElem@RLibraryBinCache@stdlib@media@modules@UModSys@@QAE@XZ 00403690 f i umodsys_lib_libmedia:umodsys.mod.media.stdlib.obj
 0001:000026f0       ?root_get_interface_info@RLibraryObjFilter@stdlib@media@modules@UModSys@@UBEABUSUniquePointerInfo@core@5@XZ 004036f0 f i umodsys_lib_libmedia:umodsys.mod.media.stdlib.obj
 0001:00002700       ?root_get_interface_type@RLibraryObjFilter@stdlib@media@modules@UModSys@@UBEPBUSUniquePointerInfo@core@5@XZ 00403700 f i umodsys_lib_libmedia:umodsys.mod.media.stdlib.obj
 0001:00002710       ?root_get_other_interface@RLibraryObjFilter@stdlib@media@modules@UModSys@@UBEPBUIRoot@core@5@PBUSUniquePointerInfo@75@@Z 00403710 f i umodsys_lib_libmedia:umodsys.mod.media.stdlib.obj
 0001:00002710       ?root_get_other_interface@RLibraryObjFilter@stdlib@media@modules@UModSys@@UAEPAUIRoot@core@5@PBUSUniquePointerInfo@75@@Z 00403710 f i umodsys_lib_libmedia:umodsys.mod.media.stdlib.obj
 0001:00002750       ?root_is_interface_supported@RLibraryObjFilter@stdlib@media@modules@UModSys@@UBE_NPBUSUniquePointerInfo@core@5@@Z 00403750 f i umodsys_lib_libmedia:umodsys.mod.media.stdlib.obj
 0001:000027a0       ?get_generated_names@RGenerator@stdlib@media@modules@UModSys@@UBEHAAUSUniquePtrList@core@5@@Z 004037a0 f i umodsys_lib_libmedia:umodsys.mod.media.stdlib.obj
 0001:00002800       ?get_generated_types@RGenerator@stdlib@media@modules@UModSys@@UBEHAAUSUniquePtrList@core@5@PBUSUniquePointerInfo@75@@Z 00403800 f i umodsys_lib_libmedia:umodsys.mod.media.stdlib.obj
 0001:000028e0       ?generate@RGenerator@stdlib@media@modules@UModSys@@UAE_NAAU?$TRefObject@UIRefObject@core@UModSys@@U?$TRefObjectFunc@UIRefObject@core@UModSys@@@tl@3@@tl@5@PBUSUniquePointerInfo@core@5@ABUSParameters@95@@Z 004038e0 f i umodsys_lib_libmedia:umodsys.mod.media.stdlib.obj
 0001:00002990       ?root_get_interface_info@RGenerator@stdlib@media@modules@UModSys@@UBEABUSUniquePointerInfo@core@5@XZ 00403990 f i umodsys_lib_libmedia:umodsys.mod.media.stdlib.obj
 0001:000029a0       ?root_get_interface_type@RGenerator@stdlib@media@modules@UModSys@@UBEPBUSUniquePointerInfo@core@5@XZ 004039a0 f i umodsys_lib_libmedia:umodsys.mod.media.stdlib.obj
 0001:000029b0       ?root_get_other_interface@RGenerator@stdlib@media@modules@UModSys@@UAEPAUIRoot@core@5@PBUSUniquePointerInfo@75@@Z 004039b0 f i umodsys_lib_libmedia:umodsys.mod.media.stdlib.obj
 0001:000029b0       ?root_get_other_interface@RGenerator@stdlib@media@modules@UModSys@@UBEPBUIRoot@core@5@PBUSUniquePointerInfo@75@@Z 004039b0 f i umodsys_lib_libmedia:umodsys.mod.media.stdlib.obj
 0001:000029f0       ?root_is_interface_supported@RGenerator@stdlib@media@modules@UModSys@@UBE_NPBUSUniquePointerInfo@core@5@@Z 004039f0 f i umodsys_lib_libmedia:umodsys.mod.media.stdlib.obj
 0001:00002a30       ??3@YAXPAX0@Z              00403a30 f i umodsys_lib_libmedia:umodsys.mod.media.stdio.obj
 0001:00002a30       ?suicide@RGenerator@stdlib@media@modules@UModSys@@UAEXXZ 00403a30 f i umodsys_lib_libmedia:umodsys.mod.media.stdlib.obj
 0001:00002a30       ?suicide@RGenerator@stdio@media@modules@UModSys@@UAEXXZ 00403a30 f i umodsys_lib_libmedia:umodsys.mod.media.stdio.obj
 0001:00002a40       ?get_uid@RGenerator@stdlib@media@modules@UModSys@@UBEPBUSUniquePointerInfo@core@5@XZ 00403a40 f i umodsys_lib_libmedia:umodsys.mod.media.stdlib.obj
 0001:00002a50       ??_ERUtilities@stdlib@media@modules@UModSys@@UAEPAXI@Z 00403a50 f i  CIL library: CIL module
 0001:00002a50       ??_GRUtilities@stdlib@media@modules@UModSys@@UAEPAXI@Z 00403a50 f i umodsys_lib_libmedia:umodsys.mod.media.stdlib.obj
 0001:00002a70       ??_GRBinArchiveFrame@stdlib@media@modules@UModSys@@UAEPAXI@Z 00403a70 f i umodsys_lib_libmedia:umodsys.mod.media.stdlib.obj
 0001:00002a70       ??_ERBinArchiveFrame@stdlib@media@modules@UModSys@@UAEPAXI@Z 00403a70 f i  CIL library: CIL module
 0001:00002a90       ??1IBinArchiveFrame@libmedia@UModSys@@UAE@XZ 00403a90 f i umodsys_lib_libmedia:umodsys.mod.media.stdlib.obj
 0001:00002b30       ??_GRLibraryBinTree@stdlib@media@modules@UModSys@@UAEPAXI@Z 00403b30 f i umodsys_lib_libmedia:umodsys.mod.media.stdlib.obj
 0001:00002b30       ??_ERLibraryBinTree@stdlib@media@modules@UModSys@@UAEPAXI@Z 00403b30 f i  CIL library: CIL module
 0001:00002b50       ??_GRLibraryBinCache@stdlib@media@modules@UModSys@@UAEPAXI@Z 00403b50 f i umodsys_lib_libmedia:umodsys.mod.media.stdlib.obj
 0001:00002b50       ??_ERLibraryBinCache@stdlib@media@modules@UModSys@@UAEPAXI@Z 00403b50 f i  CIL library: CIL module
 0001:00002b70       ??_GRLibraryLayered@stdlib@media@modules@UModSys@@UAEPAXI@Z 00403b70 f i umodsys_lib_libmedia:umodsys.mod.media.stdlib.obj
 0001:00002b70       ??_ERLibraryLayered@stdlib@media@modules@UModSys@@UAEPAXI@Z 00403b70 f i  CIL library: CIL module
 0001:00002b90       ??_ERLibraryObjCache@stdlib@media@modules@UModSys@@UAEPAXI@Z 00403b90 f i  CIL library: CIL module
 0001:00002b90       ??_GRLibraryObjCache@stdlib@media@modules@UModSys@@UAEPAXI@Z 00403b90 f i umodsys_lib_libmedia:umodsys.mod.media.stdlib.obj
 0001:00002bb0       ??_GRLibraryObjFilter@stdlib@media@modules@UModSys@@UAEPAXI@Z 00403bb0 f i umodsys_lib_libmedia:umodsys.mod.media.stdlib.obj
 0001:00002bb0       ??_ERLibraryObjFilter@stdlib@media@modules@UModSys@@UAEPAXI@Z 00403bb0 f i  CIL library: CIL module
 0001:00002bd0       ??1IBinArchive@libmedia@UModSys@@UAE@XZ 00403bd0 f i umodsys_lib_libmedia:umodsys.mod.media.stdio.obj
 0001:00002bd0       ??1ILibraryBinCache@libmedia@UModSys@@UAE@XZ 00403bd0 f i umodsys_lib_libmedia:umodsys.mod.media.stdlib.obj
 0001:00002bd0       ??1ILibraryObjFilter@libmedia@UModSys@@UAE@XZ 00403bd0 f i umodsys_lib_libmedia:umodsys.mod.media.stdlib.obj
 0001:00002bd0       ??1ILibraryLayered@libmedia@UModSys@@UAE@XZ 00403bd0 f i umodsys_lib_libmedia:umodsys.mod.media.stdlib.obj
 0001:00002bd0       ??1ILibraryObjCache@libmedia@UModSys@@UAE@XZ 00403bd0 f i umodsys_lib_libmedia:umodsys.mod.media.stdlib.obj
 0001:00002bd0       ??1ILibraryBinTree@libmedia@UModSys@@UAE@XZ 00403bd0 f i umodsys_lib_libmedia:umodsys.mod.media.stdlib.obj
 0001:00002c20       ?do_open@RModuleReg@stdlib@media@modules@UModSys@@UAE_NXZ 00403c20 f i umodsys_lib_libmedia:umodsys.mod.media.stdlib.obj
 0001:00002c30       ?do_close@RModuleReg@stdlib@media@modules@UModSys@@UAE_NXZ 00403c30 f i umodsys_lib_libmedia:umodsys.mod.media.stdlib.obj
 0001:00002c40       ??_ERModuleReg@stdlib@media@modules@UModSys@@UAEPAXI@Z 00403c40 f i  CIL library: CIL module
 0001:00002c40       ??_GRModuleReg@stdlib@media@modules@UModSys@@UAEPAXI@Z 00403c40 f i umodsys_lib_libmedia:umodsys.mod.media.stdlib.obj
 0001:00002c70       ?cat@?$TSCoreBuffer@D@su@tl@UModSys@@QAE_NPBDI@Z 00403c70 f i umodsys_lib_libmedia:umodsys.mod.media.stdlib.obj
 0001:00002cb0       ??4?$TString@U?$TSCoreConst@D@su@tl@UModSys@@U?$TComparerBinaryHash@D@234@@tl@UModSys@@QAEABU012@PBD@Z 00403cb0 f i umodsys_lib_libmedia:umodsys.mod.media.stdlib.obj
 0001:00002cf0       ??4?$TRefObject@UIStreamWriter@libmedia@UModSys@@U?$TRefObjectFunc@UIStreamWriter@libmedia@UModSys@@@tl@3@@tl@UModSys@@QAEABU012@ABU012@@Z 00403cf0 f i umodsys_lib_libmedia:umodsys.mod.media.stdlib.obj
 0001:00002d20       ??0?$TString@U?$TSCoreShared@USIMemAlloc@core@UModSys@@D@su@tl@UModSys@@U?$TComparerBinaryHash@D@234@@tl@UModSys@@QAE@ABU?$TSCoreConst@D@su@12@@Z 00403d20 f i umodsys_lib_libmedia:umodsys.mod.media.stdlib.obj
 0001:00002dd0       ?is_null@?$TSCoreShared@USIMemAlloc@core@UModSys@@D@su@tl@UModSys@@QBE_NXZ 00403dd0 f i umodsys_lib_libmedia:umodsys.mod.media.stdlib.obj
 0001:00002e20       ??0?$TStringBuf@U?$TSCoreShared@USIMemAlloc@core@UModSys@@D@su@tl@UModSys@@U?$TComparerBinaryHash@D@234@@tl@UModSys@@QAE@XZ 00403e20 f i umodsys_lib_libmedia:umodsys.mod.media.stdlib.obj
 0001:00002e70       ??1?$TTreeHoldRBD@UNameNode@IBinArchiveFrame@libmedia@UModSys@@U?$TNodeDeleter0@UNameNode@IBinArchiveFrame@libmedia@UModSys@@@tl@4@@tl@UModSys@@QAE@XZ 00403e70 f i umodsys_lib_libmedia:umodsys.mod.media.stdlib.obj
 0001:00002ec0       ?set_length@?$TStringBuf@U?$TSCoreShared@USIMemAlloc@core@UModSys@@D@su@tl@UModSys@@U?$TComparerBinaryHash@D@234@@tl@UModSys@@QAEXI@Z 00403ec0 f i umodsys_lib_libmedia:umodsys.mod.media.stdlib.obj
 0001:00002f20       ?remove_node@?$TTreeHoldRB@U?$TScatterArrayNode@USFilter@RLibraryObjFilter@stdlib@media@modules@UModSys@@USId@23456@@tl@UModSys@@@tl@UModSys@@QAEXPAU?$TScatterArrayNode@USFilter@RLibraryObjFilter@stdlib@media@modules@UModSys@@USId@23456@@23@@Z 00403f20 f i umodsys_lib_libmedia:umodsys.mod.media.stdlib.obj
 0001:00002f20       ?remove_node@?$TTreeHoldRB@U?$TScatterArrayNode@USCacheElem@RLibraryBinCache@stdlib@media@modules@UModSys@@U?$TString@U?$TSCoreConst@D@su@tl@UModSys@@U?$TComparerBinaryHash@D@234@@tl@6@@tl@UModSys@@@tl@UModSys@@QAEXPAU?$TScatterArrayNode@USCacheElem@RLibraryBinCache@stdlib@media@modules@UModSys@@U?$TString@U?$TSCoreConst@D@su@tl@UModSys@@U?$TComparerBinaryHash@D@234@@tl@6@@23@@Z 00403f20 f i umodsys_lib_libmedia:umodsys.mod.media.stdlib.obj
 0001:00002f20       ?remove_node@?$TTreeHoldRB@U?$TScatterArrayNode@USMountInfo@RLibraryBinTree@stdlib@media@modules@UModSys@@USId@ILibraryBinTree@libmedia@6@@tl@UModSys@@@tl@UModSys@@QAEXPAU?$TScatterArrayNode@USMountInfo@RLibraryBinTree@stdlib@media@modules@UModSys@@USId@ILibraryBinTree@libmedia@6@@23@@Z 00403f20 f i umodsys_lib_libmedia:umodsys.mod.media.stdlib.obj
 0001:00002f20       ?remove_node@?$TTreeHoldRB@U?$TScatterArrayNode@USCacheElem@RLibraryObjCache@stdlib@media@modules@UModSys@@U?$TString@U?$TSCoreConst@D@su@tl@UModSys@@U?$TComparerBinaryHash@D@234@@tl@6@@tl@UModSys@@@tl@UModSys@@QAEXPAU?$TScatterArrayNode@USCacheElem@RLibraryObjCache@stdlib@media@modules@UModSys@@U?$TString@U?$TSCoreConst@D@su@tl@UModSys@@U?$TComparerBinaryHash@D@234@@tl@6@@23@@Z 00403f20 f i umodsys_lib_libmedia:umodsys.mod.media.stdlib.obj
 0001:00002f20       ?remove_node@?$TTreeHoldRB@UNameNode@IBinArchiveFrame@libmedia@UModSys@@@tl@UModSys@@QAEXPAUNameNode@IBinArchiveFrame@libmedia@3@@Z 00403f20 f i umodsys_lib_libmedia:umodsys.mod.media.stdlib.obj
 0001:00003010       ??1?$TPair@USId@ILibraryBinTree@libmedia@UModSys@@USMountInfo@RLibraryBinTree@stdlib@media@modules@4@@tl@UModSys@@QAE@XZ 00404010 f i umodsys_lib_libmedia:umodsys.mod.media.stdlib.obj
 0001:00003020       ??1?$TPair@U?$TString@U?$TSCoreConst@D@su@tl@UModSys@@U?$TComparerBinaryHash@D@234@@tl@UModSys@@USCacheElem@RLibraryBinCache@stdlib@media@modules@3@@tl@UModSys@@QAE@XZ 00404020 f i umodsys_lib_libmedia:umodsys.mod.media.stdlib.obj
 0001:00003030       ??1?$TPair@U?$TString@U?$TSCoreConst@D@su@tl@UModSys@@U?$TComparerBinaryHash@D@234@@tl@UModSys@@USCacheElem@RLibraryObjCache@stdlib@media@modules@3@@tl@UModSys@@QAE@XZ 00404030 f i umodsys_lib_libmedia:umodsys.mod.media.stdlib.obj
 0001:00003040       ??1?$TPair@USId@RLibraryObjFilter@stdlib@media@modules@UModSys@@USFilter@23456@@tl@UModSys@@QAE@XZ 00404040 f i umodsys_lib_libmedia:umodsys.mod.media.stdlib.obj
 0001:00003060       ??1SMountInfo@RLibraryBinTree@stdlib@media@modules@UModSys@@QAE@XZ 00404060 f i umodsys_lib_libmedia:umodsys.mod.media.stdlib.obj
 0001:000030c0       ??1SCacheElem@RLibraryBinCache@stdlib@media@modules@UModSys@@QAE@XZ 004040c0 f i umodsys_lib_libmedia:umodsys.mod.media.stdlib.obj
 0001:00003120       ??1SCacheElem@RLibraryObjCache@stdlib@media@modules@UModSys@@QAE@XZ 00404120 f i umodsys_lib_libmedia:umodsys.mod.media.stdlib.obj
 0001:00003180       ?info_alloc@?$TSCoreShared@USIMemAlloc@core@UModSys@@D@su@tl@UModSys@@QAE_NI@Z 00404180 f i umodsys_lib_libmedia:umodsys.mod.media.stdlib.obj
 0001:000031f0       ?ResizeRel@?$TDynarray@U?$TDynarrayHolderDynamic@UBuffer@RUtilities@stdlib@media@modules@UModSys@@U?$TAllocator@USIMemAlloc@core@UModSys@@USCountCalcPower2@23@@tl@6@@tl@UModSys@@@tl@UModSys@@QAE_NH@Z 004041f0 f i umodsys_lib_libmedia:umodsys.mod.media.stdlib.obj
 0001:00003250       ??$new_node@U?$TString@U?$TSCoreConst@D@su@tl@UModSys@@U?$TComparerUtfNocaseHash@D@234@@tl@UModSys@@@RBinArchiveFrame@stdlib@media@modules@UModSys@@SAPAUNameNode@IBinArchiveFrame@libmedia@4@ABU?$TString@U?$TSCoreConst@D@su@tl@UModSys@@U?$TComparerUtfNocaseHash@D@234@@tl@4@HPAUSMem@core@4@@Z 00404250 f i umodsys_lib_libmedia:umodsys.mod.media.stdlib.obj
 0001:000032d0       ??$new_node@U?$TString@U?$TSCoreConst@D@su@tl@UModSys@@U?$TComparerBinaryHash@D@234@@tl@UModSys@@@RBinArchiveFrame@stdlib@media@modules@UModSys@@SAPAUNameNode@IBinArchiveFrame@libmedia@4@ABU?$TString@U?$TSCoreConst@D@su@tl@UModSys@@U?$TComparerBinaryHash@D@234@@tl@4@HPAUSMem@core@4@@Z 004042d0 f i umodsys_lib_libmedia:umodsys.mod.media.stdlib.obj
 0001:00003350       ?remove_color@?$TTreeHoldRB@U?$TScatterArrayNode@USCacheElem@RLibraryBinCache@stdlib@media@modules@UModSys@@U?$TString@U?$TSCoreConst@D@su@tl@UModSys@@U?$TComparerBinaryHash@D@234@@tl@6@@tl@UModSys@@@tl@UModSys@@IAEXPAU?$TScatterArrayNode@USCacheElem@RLibraryBinCache@stdlib@media@modules@UModSys@@U?$TString@U?$TSCoreConst@D@su@tl@UModSys@@U?$TComparerBinaryHash@D@234@@tl@6@@23@0@Z 00404350 f i umodsys_lib_libmedia:umodsys.mod.media.stdlib.obj
 0001:00003350       ?remove_color@?$TTreeHoldRB@U?$TScatterArrayNode@USFilter@RLibraryObjFilter@stdlib@media@modules@UModSys@@USId@23456@@tl@UModSys@@@tl@UModSys@@IAEXPAU?$TScatterArrayNode@USFilter@RLibraryObjFilter@stdlib@media@modules@UModSys@@USId@23456@@23@0@Z 00404350 f i umodsys_lib_libmedia:umodsys.mod.media.stdlib.obj
 0001:00003350       ?remove_color@?$TTreeHoldRB@U?$TScatterArrayNode@USCacheElem@RLibraryObjCache@stdlib@media@modules@UModSys@@U?$TString@U?$TSCoreConst@D@su@tl@UModSys@@U?$TComparerBinaryHash@D@234@@tl@6@@tl@UModSys@@@tl@UModSys@@IAEXPAU?$TScatterArrayNode@USCacheElem@RLibraryObjCache@stdlib@media@modules@UModSys@@U?$TString@U?$TSCoreConst@D@su@tl@UModSys@@U?$TComparerBinaryHash@D@234@@tl@6@@23@0@Z 00404350 f i umodsys_lib_libmedia:umodsys.mod.media.stdlib.obj
 0001:00003350       ?remove_color@?$TTreeHoldRB@UNameNode@IBinArchiveFrame@libmedia@UModSys@@@tl@UModSys@@IAEXPAUNameNode@IBinArchiveFrame@libmedia@3@0@Z 00404350 f i umodsys_lib_libmedia:umodsys.mod.media.stdlib.obj
 0001:00003350       ?remove_color@?$TTreeHoldRB@U?$TScatterArrayNode@USMountInfo@RLibraryBinTree@stdlib@media@modules@UModSys@@USId@ILibraryBinTree@libmedia@6@@tl@UModSys@@@tl@UModSys@@IAEXPAU?$TScatterArrayNode@USMountInfo@RLibraryBinTree@stdlib@media@modules@UModSys@@USId@ILibraryBinTree@libmedia@6@@23@0@Z 00404350 f i umodsys_lib_libmedia:umodsys.mod.media.stdlib.obj
 0001:000034d0       ?ResizeRel@?$TDynarray@U?$TDynarrayHolderDynamic@USLayerX@RLibraryLayered@stdlib@media@modules@UModSys@@U?$TAllocator@USIMemAlloc@core@UModSys@@USCountCalcPower2@23@@tl@6@@tl@UModSys@@@tl@UModSys@@QAE_NH@Z 004044d0 f i umodsys_lib_libmedia:umodsys.mod.media.stdlib.obj
 0001:00003540       ?InsertAt@?$TDynarray@U?$TDynarrayHolderDynamic@USLayerX@RLibraryLayered@stdlib@media@modules@UModSys@@U?$TAllocator@USIMemAlloc@core@UModSys@@USCountCalcPower2@23@@tl@6@@tl@UModSys@@@tl@UModSys@@QAE_NII@Z 00404540 f i umodsys_lib_libmedia:umodsys.mod.media.stdlib.obj
 0001:000035a0       ??$t_types@URLibraryBinTree@stdlib@media@modules@UModSys@@@IGenerator@base@UModSys@@KA_NAAHAAUSUniquePtrList@core@2@PBUSUniquePointerInfo@42@@Z 004045a0 f i umodsys_lib_libmedia:umodsys.mod.media.stdlib.obj
 0001:00003600       ??$t_types@URLibraryLayered@stdlib@media@modules@UModSys@@@IGenerator@base@UModSys@@KA_NAAHAAUSUniquePtrList@core@2@PBUSUniquePointerInfo@42@@Z 00404600 f i umodsys_lib_libmedia:umodsys.mod.media.stdlib.obj
 0001:00003660       ??$t_types@URLibraryObjFilter@stdlib@media@modules@UModSys@@@IGenerator@base@UModSys@@KA_NAAHAAUSUniquePtrList@core@2@PBUSUniquePointerInfo@42@@Z 00404660 f i umodsys_lib_libmedia:umodsys.mod.media.stdlib.obj
 0001:000036c0       ??$t_types@URLibraryObjCache@stdlib@media@modules@UModSys@@@IGenerator@base@UModSys@@KA_NAAHAAUSUniquePtrList@core@2@PBUSUniquePointerInfo@42@@Z 004046c0 f i umodsys_lib_libmedia:umodsys.mod.media.stdlib.obj
 0001:00003720       ??$t_types@URBinArchiveFrame@stdlib@media@modules@UModSys@@@IGenerator@base@UModSys@@KA_NAAHAAUSUniquePtrList@core@2@PBUSUniquePointerInfo@42@@Z 00404720 f i umodsys_lib_libmedia:umodsys.mod.media.stdlib.obj
 0001:00003780       ??$t_types@URUtilities@stdlib@media@modules@UModSys@@@IGenerator@base@UModSys@@KA_NAAHAAUSUniquePtrList@core@2@PBUSUniquePointerInfo@42@@Z 00404780 f i umodsys_lib_libmedia:umodsys.mod.media.stdlib.obj
 0001:000037c0       ??$t_gen_param@URLibraryBinCache@stdlib@media@modules@UModSys@@URGenerator@2345@@IGenerator@base@UModSys@@IAE_NPAURGenerator@stdlib@media@modules@2@AAU?$TRefObject@UIRefObject@core@UModSys@@U?$TRefObjectFunc@UIRefObject@core@UModSys@@@tl@3@@tl@2@PBUSUniquePointerInfo@core@2@ABUSParameters@core@2@@Z 004047c0 f i umodsys_lib_libmedia:umodsys.mod.media.stdlib.obj
 0001:00003830       ??$t_gen_param@URLibraryBinTree@stdlib@media@modules@UModSys@@URGenerator@2345@@IGenerator@base@UModSys@@IAE_NPAURGenerator@stdlib@media@modules@2@AAU?$TRefObject@UIRefObject@core@UModSys@@U?$TRefObjectFunc@UIRefObject@core@UModSys@@@tl@3@@tl@2@PBUSUniquePointerInfo@core@2@ABUSParameters@core@2@@Z 00404830 f i umodsys_lib_libmedia:umodsys.mod.media.stdlib.obj
 0001:000038a0       ??$t_gen_param@URLibraryLayered@stdlib@media@modules@UModSys@@URGenerator@2345@@IGenerator@base@UModSys@@IAE_NPAURGenerator@stdlib@media@modules@2@AAU?$TRefObject@UIRefObject@core@UModSys@@U?$TRefObjectFunc@UIRefObject@core@UModSys@@@tl@3@@tl@2@PBUSUniquePointerInfo@core@2@ABUSParameters@core@2@@Z 004048a0 f i umodsys_lib_libmedia:umodsys.mod.media.stdlib.obj
 0001:00003910       ??$t_gen_param@URLibraryObjFilter@stdlib@media@modules@UModSys@@URGenerator@2345@@IGenerator@base@UModSys@@IAE_NPAURGenerator@stdlib@media@modules@2@AAU?$TRefObject@UIRefObject@core@UModSys@@U?$TRefObjectFunc@UIRefObject@core@UModSys@@@tl@3@@tl@2@PBUSUniquePointerInfo@core@2@ABUSParameters@core@2@@Z 00404910 f i umodsys_lib_libmedia:umodsys.mod.media.stdlib.obj
 0001:00003980       ??$t_gen_param@URLibraryObjCache@stdlib@media@modules@UModSys@@URGenerator@2345@@IGenerator@base@UModSys@@IAE_NPAURGenerator@stdlib@media@modules@2@AAU?$TRefObject@UIRefObject@core@UModSys@@U?$TRefObjectFunc@UIRefObject@core@UModSys@@@tl@3@@tl@2@PBUSUniquePointerInfo@core@2@ABUSParameters@core@2@@Z 00404980 f i umodsys_lib_libmedia:umodsys.mod.media.stdlib.obj
 0001:000039f0       ??$t_gen_param@URBinArchiveFrame@stdlib@media@modules@UModSys@@URGenerator@2345@@IGenerator@base@UModSys@@IAE_NPAURGenerator@stdlib@media@modules@2@AAU?$TRefObject@UIRefObject@core@UModSys@@U?$TRefObjectFunc@UIRefObject@core@UModSys@@@tl@3@@tl@2@PBUSUniquePointerInfo@core@2@ABUSParameters@core@2@@Z 004049f0 f i umodsys_lib_libmedia:umodsys.mod.media.stdlib.obj
 0001:00003a70       ??$t_gen_param@URUtilities@stdlib@media@modules@UModSys@@URGenerator@2345@@IGenerator@base@UModSys@@IAE_NPAURGenerator@stdlib@media@modules@2@AAU?$TRefObject@UIRefObject@core@UModSys@@U?$TRefObjectFunc@UIRefObject@core@UModSys@@@tl@3@@tl@2@PBUSUniquePointerInfo@core@2@ABUSParameters@core@2@@Z 00404a70 f i umodsys_lib_libmedia:umodsys.mod.media.stdlib.obj
 0001:00003ae0       ??$wildcmp@D@su@tl@UModSys@@YA_NPBD0@Z 00404ae0 f i umodsys_lib_libmedia:umodsys.mod.media.stdlib.obj
 0001:00003b80       ??$ref_get@UIClient@IBinArchiveFrame@libmedia@UModSys@@@SParameters@core@UModSys@@QBE_NPBDAAPAUIClient@IBinArchiveFrame@libmedia@2@@Z 00404b80 f i umodsys_lib_libmedia:umodsys.mod.media.stdlib.obj
 0001:00003bd0       ??$ref_get@UILibrary@libmedia@UModSys@@U?$TRefObjectFunc@UILibrary@libmedia@UModSys@@@tl@3@@SParameters@core@UModSys@@QBE_NPBDAAU?$TRefObject@UILibrary@libmedia@UModSys@@U?$TRefObjectFunc@UILibrary@libmedia@UModSys@@@tl@3@@tl@2@@Z 00404bd0 f i umodsys_lib_libmedia:umodsys.mod.media.stdlib.obj
 0001:00003c10       ??$t_ref_get_other_interface@UIStreamReader@libmedia@UModSys@@U?$TRefObjectFunc@UIStreamReader@libmedia@UModSys@@@tl@3@@IRefObject@core@UModSys@@QAE_NAAU?$TRefObject@UIStreamReader@libmedia@UModSys@@U?$TRefObjectFunc@UIStreamReader@libmedia@UModSys@@@tl@3@@tl@2@@Z 00404c10 f i umodsys_lib_libmedia:umodsys.mod.media.stdlib.obj
 0001:00003c50       ??$remove_seq@P6A_NPAUNameNode@IBinArchiveFrame@libmedia@UModSys@@@Z@?$TTreeHoldRB@UNameNode@IBinArchiveFrame@libmedia@UModSys@@@tl@UModSys@@QAEHP6A_NPAUNameNode@IBinArchiveFrame@libmedia@2@@Z@Z 00404c50 f i umodsys_lib_libmedia:umodsys.mod.media.stdlib.obj
 0001:00003cd0       ??$gen_node@UNameNodeCmpUC@IBinArchiveFrame@libmedia@UModSys@@UNN_Add@RBinArchiveFrame@stdlib@media@modules@4@@?$TTreeHoldRB@UNameNode@IBinArchiveFrame@libmedia@UModSys@@@tl@UModSys@@QAEPAUNameNode@IBinArchiveFrame@libmedia@2@UNameNodeCmpUC@452@ABUNN_Add@RBinArchiveFrame@stdlib@media@modules@2@PAPAU3452@2_N@Z 00404cd0 f i umodsys_lib_libmedia:umodsys.mod.media.stdlib.obj
 0001:00003dd0       ??$gen_node@UNameNodeCmpC@IBinArchiveFrame@libmedia@UModSys@@UNN_Add@RBinArchiveFrame@stdlib@media@modules@4@@?$TTreeHoldRB@UNameNode@IBinArchiveFrame@libmedia@UModSys@@@tl@UModSys@@QAEPAUNameNode@IBinArchiveFrame@libmedia@2@UNameNodeCmpC@452@ABUNN_Add@RBinArchiveFrame@stdlib@media@modules@2@PAPAU3452@2_N@Z 00404dd0 f i umodsys_lib_libmedia:umodsys.mod.media.stdlib.obj
 0001:00003ed0       ??$find_node_u@UNameNodeCmpUC@IBinArchiveFrame@libmedia@UModSys@@@?$TTreeHoldRB@UNameNode@IBinArchiveFrame@libmedia@UModSys@@@tl@UModSys@@QBEPAUNameNode@IBinArchiveFrame@libmedia@2@UNameNodeCmpUC@452@@Z 00404ed0 f i umodsys_lib_libmedia:umodsys.mod.media.stdlib.obj
 0001:00003f60       ??$find_node_u@UNameNodeCmpC@IBinArchiveFrame@libmedia@UModSys@@@?$TTreeHoldRB@UNameNode@IBinArchiveFrame@libmedia@UModSys@@@tl@UModSys@@QBEPAUNameNode@IBinArchiveFrame@libmedia@2@UNameNodeCmpC@452@@Z 00404f60 f i umodsys_lib_libmedia:umodsys.mod.media.stdlib.obj
 0001:00003ff0       ??$genx_node@UCmp@?$TScatterArray@USMountInfo@RLibraryBinTree@stdlib@media@modules@UModSys@@USId@ILibraryBinTree@libmedia@6@U7896@U?$TNodeDeleter0@U?$TScatterArrayNode@USMountInfo@RLibraryBinTree@stdlib@media@modules@UModSys@@USId@ILibraryBinTree@libmedia@6@@tl@UModSys@@@tl@6@@tl@UModSys@@UGen0@234@@?$TTreeHoldRBD@U?$TScatterArrayNode@USMountInfo@RLibraryBinTree@stdlib@media@modules@UModSys@@USId@ILibraryBinTree@libmedia@6@@tl@UModSys@@U?$TNodeDeleter0@U?$TScatterArrayNode@USMountInfo@RLibraryBinTree@stdlib@media@modules@UModSys@@USId@ILibraryBinTree@libmedia@6@@tl@UModSys@@@23@@tl@UModSys@@QAEPAU?$TScatterArrayNode@USMountInfo@RLibraryBinTree@stdlib@media@modules@UModSys@@USId@ILibraryBinTree@libmedia@6@@12@UCmp@?$TScatterArray@USMountInfo@RLibraryBinTree@stdlib@media@modules@UModSys@@USId@ILibraryBinTree@libmedia@6@U7896@U?$TNodeDeleter0@U?$TScatterArrayNode@USMountInfo@RLibraryBinTree@stdlib@media@modules@UModSys@@USId@ILibraryBinTree@libmedia@6@@tl@UModSys@@@tl@6@@12@ABUGen0@512@PAPAU312@2_N@Z 00404ff0 f i umodsys_lib_libmedia:umodsys.mod.media.stdlib.obj
 0001:000040f0       ??$find_node_u@UCmp@?$TScatterArray@USMountInfo@RLibraryBinTree@stdlib@media@modules@UModSys@@USId@ILibraryBinTree@libmedia@6@U7896@U?$TNodeDeleter0@U?$TScatterArrayNode@USMountInfo@RLibraryBinTree@stdlib@media@modules@UModSys@@USId@ILibraryBinTree@libmedia@6@@tl@UModSys@@@tl@6@@tl@UModSys@@@?$TTreeHoldRB@U?$TScatterArrayNode@USMountInfo@RLibraryBinTree@stdlib@media@modules@UModSys@@USId@ILibraryBinTree@libmedia@6@@tl@UModSys@@@tl@UModSys@@QBEPAU?$TScatterArrayNode@USMountInfo@RLibraryBinTree@stdlib@media@modules@UModSys@@USId@ILibraryBinTree@libmedia@6@@12@UCmp@?$TScatterArray@USMountInfo@RLibraryBinTree@stdlib@media@modules@UModSys@@USId@ILibraryBinTree@libmedia@6@U7896@U?$TNodeDeleter0@U?$TScatterArrayNode@USMountInfo@RLibraryBinTree@stdlib@media@modules@UModSys@@USId@ILibraryBinTree@libmedia@6@@tl@UModSys@@@tl@6@@12@@Z 004050f0 f i umodsys_lib_libmedia:umodsys.mod.media.stdlib.obj
 0001:000041c0       ??$genx_node@UCmp@?$TScatterArray@USCacheElem@RLibraryBinCache@stdlib@media@modules@UModSys@@U?$TString@U?$TSCoreConst@D@su@tl@UModSys@@U?$TComparerBinaryHash@D@234@@tl@6@U?$TObjectCompare@U?$TString@U?$TSCoreConst@D@su@tl@UModSys@@U?$TComparerBinaryHash@D@234@@tl@UModSys@@@core@6@U?$TNodeDeleter0@U?$TScatterArrayNode@USCacheElem@RLibraryBinCache@stdlib@media@modules@UModSys@@U?$TString@U?$TSCoreConst@D@su@tl@UModSys@@U?$TComparerBinaryHash@D@234@@tl@6@@tl@UModSys@@@86@@tl@UModSys@@UGen0@234@@?$TTreeHoldRBD@U?$TScatterArrayNode@USCacheElem@RLibraryBinCache@stdlib@media@modules@UModSys@@U?$TString@U?$TSCoreConst@D@su@tl@UModSys@@U?$TComparerBinaryHash@D@234@@tl@6@@tl@UModSys@@U?$TNodeDeleter0@U?$TScatterArrayNode@USCacheElem@RLibraryBinCache@stdlib@media@modules@UModSys@@U?$TString@U?$TSCoreConst@D@su@tl@UModSys@@U?$TComparerBinaryHash@D@234@@tl@6@@tl@UModSys@@@23@@tl@UModSys@@QAEPAU?$TScatterArrayNode@USCacheElem@RLibraryBinCache@stdlib@media@modules@UModSys@@U?$TString@U?$TSCoreConst@D@su@tl@UModSys@@U?$TComparerBinaryHash@D@234@@tl@6@@12@UCmp@?$TScatterArray@USCacheElem@RLibraryBinCache@stdlib@media@modules@UModSys@@U?$TString@U?$TSCoreConst@D@su@tl@UModSys@@U?$TComparerBinaryHash@D@234@@tl@6@U?$TObjectCompare@U?$TString@U?$TSCoreConst@D@su@tl@UModSys@@U?$TComparerBinaryHash@D@234@@tl@UModSys@@@core@6@U?$TNodeDeleter0@U?$TScatterArrayNode@USCacheElem@RLibraryBinCache@stdlib@media@modules@UModSys@@U?$TString@U?$TSCoreConst@D@su@tl@UModSys@@U?$TComparerBinaryHash@D@234@@tl@6@@tl@UModSys@@@86@@12@ABUGen0@512@PAPAU312@2_N@Z 004051c0 f i umodsys_lib_libmedia:umodsys.mod.media.stdlib.obj
 0001:000042b0       ??$genx_node@UCmp@?$TScatterArray@USCacheElem@RLibraryObjCache@stdlib@media@modules@UModSys@@U?$TString@U?$TSCoreConst@D@su@tl@UModSys@@U?$TComparerBinaryHash@D@234@@tl@6@U?$TObjectCompare@U?$TString@U?$TSCoreConst@D@su@tl@UModSys@@U?$TComparerBinaryHash@D@234@@tl@UModSys@@@core@6@U?$TNodeDeleter0@U?$TScatterArrayNode@USCacheElem@RLibraryObjCache@stdlib@media@modules@UModSys@@U?$TString@U?$TSCoreConst@D@su@tl@UModSys@@U?$TComparerBinaryHash@D@234@@tl@6@@tl@UModSys@@@86@@tl@UModSys@@UGen0@234@@?$TTreeHoldRBD@U?$TScatterArrayNode@USCacheElem@RLibraryObjCache@stdlib@media@modules@UModSys@@U?$TString@U?$TSCoreConst@D@su@tl@UModSys@@U?$TComparerBinaryHash@D@234@@tl@6@@tl@UModSys@@U?$TNodeDeleter0@U?$TScatterArrayNode@USCacheElem@RLibraryObjCache@stdlib@media@modules@UModSys@@U?$TString@U?$TSCoreConst@D@su@tl@UModSys@@U?$TComparerBinaryHash@D@234@@tl@6@@tl@UModSys@@@23@@tl@UModSys@@QAEPAU?$TScatterArrayNode@USCacheElem@RLibraryObjCache@stdlib@media@modules@UModSys@@U?$TString@U?$TSCoreConst@D@su@tl@UModSys@@U?$TComparerBinaryHash@D@234@@tl@6@@12@UCmp@?$TScatterArray@USCacheElem@RLibraryObjCache@stdlib@media@modules@UModSys@@U?$TString@U?$TSCoreConst@D@su@tl@UModSys@@U?$TComparerBinaryHash@D@234@@tl@6@U?$TObjectCompare@U?$TString@U?$TSCoreConst@D@su@tl@UModSys@@U?$TComparerBinaryHash@D@234@@tl@UModSys@@@core@6@U?$TNodeDeleter0@U?$TScatterArrayNode@USCacheElem@RLibraryObjCache@stdlib@media@modules@UModSys@@U?$TString@U?$TSCoreConst@D@su@tl@UModSys@@U?$TComparerBinaryHash@D@234@@tl@6@@tl@UModSys@@@86@@12@ABUGen0@512@PAPAU312@2_N@Z 004052b0 f i umodsys_lib_libmedia:umodsys.mod.media.stdlib.obj
 0001:000043a0       ??$find_node_u@UCmp@?$TScatterArray@USCacheElem@RLibraryObjCache@stdlib@media@modules@UModSys@@U?$TString@U?$TSCoreConst@D@su@tl@UModSys@@U?$TComparerBinaryHash@D@234@@tl@6@U?$TObjectCompare@U?$TString@U?$TSCoreConst@D@su@tl@UModSys@@U?$TComparerBinaryHash@D@234@@tl@UModSys@@@core@6@U?$TNodeDeleter0@U?$TScatterArrayNode@USCacheElem@RLibraryObjCache@stdlib@media@modules@UModSys@@U?$TString@U?$TSCoreConst@D@su@tl@UModSys@@U?$TComparerBinaryHash@D@234@@tl@6@@tl@UModSys@@@86@@tl@UModSys@@@?$TTreeHoldRB@U?$TScatterArrayNode@USCacheElem@RLibraryObjCache@stdlib@media@modules@UModSys@@U?$TString@U?$TSCoreConst@D@su@tl@UModSys@@U?$TComparerBinaryHash@D@234@@tl@6@@tl@UModSys@@@tl@UModSys@@QBEPAU?$TScatterArrayNode@USCacheElem@RLibraryObjCache@stdlib@media@modules@UModSys@@U?$TString@U?$TSCoreConst@D@su@tl@UModSys@@U?$TComparerBinaryHash@D@234@@tl@6@@12@UCmp@?$TScatterArray@USCacheElem@RLibraryObjCache@stdlib@media@modules@UModSys@@U?$TString@U?$TSCoreConst@D@su@tl@UModSys@@U?$TComparerBinaryHash@D@234@@tl@6@U?$TObjectCompare@U?$TString@U?$TSCoreConst@D@su@tl@UModSys@@U?$TComparerBinaryHash@D@234@@tl@UModSys@@@core@6@U?$TNodeDeleter0@U?$TScatterArrayNode@USCacheElem@RLibraryObjCache@stdlib@media@modules@UModSys@@U?$TString@U?$TSCoreConst@D@su@tl@UModSys@@U?$TComparerBinaryHash@D@234@@tl@6@@tl@UModSys@@@86@@12@@Z 004053a0 f i umodsys_lib_libmedia:umodsys.mod.media.stdlib.obj
 0001:000043a0       ??$find_node_u@UCmp@?$TScatterArray@USCacheElem@RLibraryBinCache@stdlib@media@modules@UModSys@@U?$TString@U?$TSCoreConst@D@su@tl@UModSys@@U?$TComparerBinaryHash@D@234@@tl@6@U?$TObjectCompare@U?$TString@U?$TSCoreConst@D@su@tl@UModSys@@U?$TComparerBinaryHash@D@234@@tl@UModSys@@@core@6@U?$TNodeDeleter0@U?$TScatterArrayNode@USCacheElem@RLibraryBinCache@stdlib@media@modules@UModSys@@U?$TString@U?$TSCoreConst@D@su@tl@UModSys@@U?$TComparerBinaryHash@D@234@@tl@6@@tl@UModSys@@@86@@tl@UModSys@@@?$TTreeHoldRB@U?$TScatterArrayNode@USCacheElem@RLibraryBinCache@stdlib@media@modules@UModSys@@U?$TString@U?$TSCoreConst@D@su@tl@UModSys@@U?$TComparerBinaryHash@D@234@@tl@6@@tl@UModSys@@@tl@UModSys@@QBEPAU?$TScatterArrayNode@USCacheElem@RLibraryBinCache@stdlib@media@modules@UModSys@@U?$TString@U?$TSCoreConst@D@su@tl@UModSys@@U?$TComparerBinaryHash@D@234@@tl@6@@12@UCmp@?$TScatterArray@USCacheElem@RLibraryBinCache@stdlib@media@modules@UModSys@@U?$TString@U?$TSCoreConst@D@su@tl@UModSys@@U?$TComparerBinaryHash@D@234@@tl@6@U?$TObjectCompare@U?$TString@U?$TSCoreConst@D@su@tl@UModSys@@U?$TComparerBinaryHash@D@234@@tl@UModSys@@@core@6@U?$TNodeDeleter0@U?$TScatterArrayNode@USCacheElem@RLibraryBinCache@stdlib@media@modules@UModSys@@U?$TString@U?$TSCoreConst@D@su@tl@UModSys@@U?$TComparerBinaryHash@D@234@@tl@6@@tl@UModSys@@@86@@12@@Z 004053a0 f i umodsys_lib_libmedia:umodsys.mod.media.stdlib.obj
 0001:00004440       ??$genx_node@UCmp@?$TScatterArray@USFilter@RLibraryObjFilter@stdlib@media@modules@UModSys@@USId@23456@U723456@U?$TNodeDeleter0@U?$TScatterArrayNode@USFilter@RLibraryObjFilter@stdlib@media@modules@UModSys@@USId@23456@@tl@UModSys@@@tl@6@@tl@UModSys@@UGen0@234@@?$TTreeHoldRBD@U?$TScatterArrayNode@USFilter@RLibraryObjFilter@stdlib@media@modules@UModSys@@USId@23456@@tl@UModSys@@U?$TNodeDeleter0@U?$TScatterArrayNode@USFilter@RLibraryObjFilter@stdlib@media@modules@UModSys@@USId@23456@@tl@UModSys@@@23@@tl@UModSys@@QAEPAU?$TScatterArrayNode@USFilter@RLibraryObjFilter@stdlib@media@modules@UModSys@@USId@23456@@12@UCmp@?$TScatterArray@USFilter@RLibraryObjFilter@stdlib@media@modules@UModSys@@USId@23456@U723456@U?$TNodeDeleter0@U?$TScatterArrayNode@USFilter@RLibraryObjFilter@stdlib@media@modules@UModSys@@USId@23456@@tl@UModSys@@@tl@6@@12@ABUGen0@512@PAPAU312@2_N@Z 00405440 f i umodsys_lib_libmedia:umodsys.mod.media.stdlib.obj
 0001:000044d0       ??$find_node_u@UCmp@?$TScatterArray@USFilter@RLibraryObjFilter@stdlib@media@modules@UModSys@@USId@23456@U723456@U?$TNodeDeleter0@U?$TScatterArrayNode@USFilter@RLibraryObjFilter@stdlib@media@modules@UModSys@@USId@23456@@tl@UModSys@@@tl@6@@tl@UModSys@@@?$TTreeHoldRB@U?$TScatterArrayNode@USFilter@RLibraryObjFilter@stdlib@media@modules@UModSys@@USId@23456@@tl@UModSys@@@tl@UModSys@@QBEPAU?$TScatterArrayNode@USFilter@RLibraryObjFilter@stdlib@media@modules@UModSys@@USId@23456@@12@UCmp@?$TScatterArray@USFilter@RLibraryObjFilter@stdlib@media@modules@UModSys@@USId@23456@U723456@U?$TNodeDeleter0@U?$TScatterArrayNode@USFilter@RLibraryObjFilter@stdlib@media@modules@UModSys@@USId@23456@@tl@UModSys@@@tl@6@@12@@Z 004054d0 f i umodsys_lib_libmedia:umodsys.mod.media.stdlib.obj
 0001:00004530       ?ReLink@?$TDynarray@U?$TDynarrayHolderDynamic@EU?$TAllocator@USIMemAlloc@core@UModSys@@USCountCalcPower2@23@@tl@UModSys@@@tl@UModSys@@@tl@UModSys@@IAE_NI@Z 00405530 f i umodsys_lib_libmedia:umodsys.mod.media.stdlib.obj
 0001:00004570       ?ReLink@?$TDynarray@U?$TDynarrayHolderDynamic@UBuffer@RUtilities@stdlib@media@modules@UModSys@@U?$TAllocator@USIMemAlloc@core@UModSys@@USCountCalcPower2@23@@tl@6@@tl@UModSys@@@tl@UModSys@@IAE_NI@Z 00405570 f i umodsys_lib_libmedia:umodsys.mod.media.stdlib.obj
 0001:000045c0       ?rotate_left@?$TTreeHoldRB@UNameNode@IBinArchiveFrame@libmedia@UModSys@@@tl@UModSys@@IAEXPAUNameNode@IBinArchiveFrame@libmedia@3@@Z 004055c0 f i umodsys_lib_libmedia:umodsys.mod.media.stdlib.obj
[...]
 0001:0001336d       __ehhandler$??0?$TScatterArrayNode@USCacheElem@RLibraryBinCache@stdlib@media@modules@UModSys@@U?$TString@U?$TSCoreConst@D@su@tl@UModSys@@U?$TComparerBinaryHash@D@234@@tl@6@@tl@UModSys@@QAE@ABU?$TString@U?$TSCoreConst@D@su@tl@UModSys@@U?$TComparerBinaryHash@D@234@@12@@Z 0041436d f    CIL library: CIL module
 0001:00013380       __unwindfunclet$??0?$TScatterArrayNode@USMountInfo@RLibraryBinTree@stdlib@media@modules@UModSys@@USId@ILibraryBinTree@libmedia@6@@tl@UModSys@@QAE@ABUSId@ILibraryBinTree@libmedia@2@@Z$0 00414380 f    CIL library: CIL module
 0001:0001338a       __unwindfunclet$??0?$TScatterArrayNode@USMountInfo@RLibraryBinTree@stdlib@media@modules@UModSys@@USId@ILibraryBinTree@libmedia@6@@tl@UModSys@@QAE@ABUSId@ILibraryBinTree@libmedia@2@@Z$1 0041438a f    CIL library: CIL module
 0001:00013395       __ehhandler$??0?$TScatterArrayNode@USMountInfo@RLibraryBinTree@stdlib@media@modules@UModSys@@USId@ILibraryBinTree@libmedia@6@@tl@UModSys@@QAE@ABUSId@ILibraryBinTree@libmedia@2@@Z 00414395 f    CIL library: CIL module
 0001:000133a0       ??__E?s_id@?$TObjectUniqueID@UIRoot@core@UModSys@@@tl@UModSys@@2USUniquePointer@core@3@A@@YAXXZ 004143a0 f    CIL library: CIL module
 0001:000133d0       ??__E?s_id@?$TObjectUniqueID@UIRefObject@core@UModSys@@@tl@UModSys@@2USUniquePointer@core@3@A@@YAXXZ 004143d0 f    CIL library: CIL module
 0001:00013400       ??__E?s_id@?$TObjectUniqueID@UIParameters@core@UModSys@@@tl@UModSys@@2USUniquePointer@core@3@A@@YAXXZ 00414400 f    CIL library: CIL module
 0001:00013430       ??__E?s_id@?$TObjectUniqueID@UIConsole@base@UModSys@@@tl@UModSys@@2USUniquePointer@core@3@A@@YAXXZ 00414430 f    CIL library: CIL module
 0001:00013460       ??__E?s_id@?$TObjectUniqueID@UIModule@base@UModSys@@@tl@UModSys@@2USUniquePointer@core@3@A@@YAXXZ 00414460 f    CIL library: CIL module
 0001:00013490       ??__E?s_id@?$TObjectUniqueID@UIModuleLibrary@base@UModSys@@@tl@UModSys@@2USUniquePointer@core@3@A@@YAXXZ 00414490 f    CIL library: CIL module
 0001:000134c0       ??__E?s_id@?$TObjectUniqueID@UIModObject@base@UModSys@@@tl@UModSys@@2USUniquePointer@core@3@A@@YAXXZ 004144c0 f    CIL library: CIL module
 0001:000134f0       ??__E?s_id@?$TObjectUniqueID@UIGenerator@base@UModSys@@@tl@UModSys@@2USUniquePointer@core@3@A@@YAXXZ 004144f0 f    CIL library: CIL module
 0001:00013520       ??__E?s_id@?$TObjectUniqueID@UIShell@base@UModSys@@@tl@UModSys@@2USUniquePointer@core@3@A@@YAXXZ 00414520 f    CIL library: CIL module
 0001:00013550       ??__E?s_id@?$TObjectUniqueID@UISystem@base@UModSys@@@tl@UModSys@@2USUniquePointer@core@3@A@@YAXXZ 00414550 f    CIL library: CIL module
 0001:00013580       ??__E?s_id@?$TObjectUniqueID@URModule@rsystem@base@UModSys@@@tl@UModSys@@2USUniquePointer@core@3@A@@YAXXZ 00414580 f    CIL library: CIL module
 0001:000135b0       ??__E?s_id@?$TObjectUniqueID@UIModuleLibraryUni@rsystem@base@UModSys@@@tl@UModSys@@2USUniquePointer@core@3@A@@YAXXZ 004145b0 f    CIL library: CIL module
 0001:000135e0       ??__E?s_id@?$TObjectUniqueID@URModuleLibrarySO@rsystem@base@UModSys@@@tl@UModSys@@2USUniquePointer@core@3@A@@YAXXZ 004145e0 f    CIL library: CIL module
 0001:00013610       ??__E?s_id@?$TObjectUniqueID@URModuleLibraryThis@rsystem@base@UModSys@@@tl@UModSys@@2USUniquePointer@core@3@A@@YAXXZ 00414610 f    CIL library: CIL module
 0001:00013640       ??__E?s_id@?$TObjectUniqueID@URParameters@rsystem@base@UModSys@@@tl@UModSys@@2USUniquePointer@core@3@A@@YAXXZ 00414640 f    CIL library: CIL module
 0001:00013670       ??__E?s_id@?$TObjectUniqueID@URSystem@rsystem@base@UModSys@@@tl@UModSys@@2USUniquePointer@core@3@A@@YAXXZ 00414670 f    CIL library: CIL module
 0001:000136a0       ??__E?s_id@?$TObjectUniqueID@URConsole_std@rsystem@base@UModSys@@@tl@UModSys@@2USUniquePointer@core@3@A@@YAXXZ 004146a0 f    CIL library: CIL module
 0001:000136d0       ??__Es_dbg@stdio@media@modules@UModSys@@YAXXZ 004146d0 f    CIL library: CIL module
 0001:000136f0       ??__E?s_modreg@RModuleReg@stdio@media@modules@UModSys@@2U12345@A@@YAXXZ 004146f0 f    CIL library: CIL module
 0001:00013730       ??__E?s_modreg_chain@RModuleReg@stdio@media@modules@UModSys@@2USModuleRegChain@base@5@A@@YAXXZ 00414730 f    CIL library: CIL module
 0001:00013750       ??__E?s_uid@RGenerator@stdio@media@modules@UModSys@@2USUniquePointer@core@5@A@@YAXXZ 00414750 f    CIL library: CIL module
 0001:00013780       ??__E?s_id@?$TObjectUniqueID@UIStreamReader@libmedia@UModSys@@@tl@UModSys@@2USUniquePointer@core@3@A@@YAXXZ 00414780 f    CIL library: CIL module
 0001:000137b0       ??__E?s_id@?$TObjectUniqueID@UIStreamWriter@libmedia@UModSys@@@tl@UModSys@@2USUniquePointer@core@3@A@@YAXXZ 004147b0 f    CIL library: CIL module
 0001:000137e0       ??__E?s_id@?$TObjectUniqueID@UIUtilities@libmedia@UModSys@@@tl@UModSys@@2USUniquePointer@core@3@A@@YAXXZ 004147e0 f    CIL library: CIL module
 0001:00013810       ??__E?s_id@?$TObjectUniqueID@UILibObject@libmedia@UModSys@@@tl@UModSys@@2USUniquePointer@core@3@A@@YAXXZ 00414810 f    CIL library: CIL module
 0001:00013840       ??__E?s_id@?$TObjectUniqueID@UIBinArchive@libmedia@UModSys@@@tl@UModSys@@2USUniquePointer@core@3@A@@YAXXZ 00414840 f    CIL library: CIL module
 0001:00013870       ??__E?s_id@?$TObjectUniqueID@UIBinObjFilter@libmedia@UModSys@@@tl@UModSys@@2USUniquePointer@core@3@A@@YAXXZ 00414870 f    CIL library: CIL module
 0001:000138a0       ??__E?s_id@?$TObjectUniqueID@UILibrary@libmedia@UModSys@@@tl@UModSys@@2USUniquePointer@core@3@A@@YAXXZ 004148a0 f    CIL library: CIL module
 0001:000138d0       ??__E?s_id@?$TObjectUniqueID@URStreamReader_FILE@stdio@media@modules@UModSys@@@tl@UModSys@@2USUniquePointer@core@3@A@@YAXXZ 004148d0 f    CIL library: CIL module
 0001:00013900       ??__E?s_id@?$TObjectUniqueID@URStreamWriter_FILE@stdio@media@modules@UModSys@@@tl@UModSys@@2USUniquePointer@core@3@A@@YAXXZ 00414900 f    CIL library: CIL module
 0001:00013930       ??__E?s_id@?$TObjectUniqueID@URDataArchiver_OsDir@stdio@media@modules@UModSys@@@tl@UModSys@@2USUniquePointer@core@3@A@@YAXXZ 00414930 f    CIL library: CIL module
 0001:00013960       ??__E?s_id@?$TObjectUniqueID@URGenerator@stdio@media@modules@UModSys@@@tl@UModSys@@2USUniquePointer@core@3@A@@YAXXZ 00414960 f    CIL library: CIL module
 0001:00013990       ??__Es_dbg@stdlib@media@modules@UModSys@@YAXXZ 00414990 f    CIL library: CIL module
 0001:000139b0       ??__E?s_modreg@RModuleReg@stdlib@media@modules@UModSys@@2U12345@A@@YAXXZ 004149b0 f    CIL library: CIL module
 0001:000139f0       ??__E?s_modreg_chain@RModuleReg@stdlib@media@modules@UModSys@@2USModuleRegChain@base@5@A@@YAXXZ 004149f0 f    CIL library: CIL module
 0001:00013a10       ??__E?s_uid@RGenerator@stdlib@media@modules@UModSys@@2USUniquePointer@core@5@A@@YAXXZ 00414a10 f    CIL library: CIL module
 0001:00013a40       ??__E?s_id@?$TObjectUniqueID@UILibraryBinTree@libmedia@UModSys@@@tl@UModSys@@2USUniquePointer@core@3@A@@YAXXZ 00414a40 f    CIL library: CIL module
 0001:00013a70       ??__E?s_id@?$TObjectUniqueID@UILibraryBinCache@libmedia@UModSys@@@tl@UModSys@@2USUniquePointer@core@3@A@@YAXXZ 00414a70 f    CIL library: CIL module
 0001:00013aa0       ??__E?s_id@?$TObjectUniqueID@UILibraryObjFilter@libmedia@UModSys@@@tl@UModSys@@2USUniquePointer@core@3@A@@YAXXZ 00414aa0 f    CIL library: CIL module
 0001:00013ad0       ??__E?s_id@?$TObjectUniqueID@UILibraryObjCache@libmedia@UModSys@@@tl@UModSys@@2USUniquePointer@core@3@A@@YAXXZ 00414ad0 f    CIL library: CIL module
 0001:00013b00       ??__E?s_id@?$TObjectUniqueID@UILibraryLayered@libmedia@UModSys@@@tl@UModSys@@2USUniquePointer@core@3@A@@YAXXZ 00414b00 f    CIL library: CIL module
 0001:00013b30       ??__E?s_id@?$TObjectUniqueID@UIBinArchiveFrame@libmedia@UModSys@@@tl@UModSys@@2USUniquePointer@core@3@A@@YAXXZ 00414b30 f    CIL library: CIL module
 0001:00013b60       ??__E?s_id@?$TObjectUniqueID@UIClient@IBinArchiveFrame@libmedia@UModSys@@@tl@UModSys@@2USUniquePointer@core@3@A@@YAXXZ 00414b60 f    CIL library: CIL module
 0001:00013b90       ??__E?s_id@?$TObjectUniqueID@URUtilities@stdlib@media@modules@UModSys@@@tl@UModSys@@2USUniquePointer@core@3@A@@YAXXZ 00414b90 f    CIL library: CIL module
 0001:00013bc0       ??__E?s_id@?$TObjectUniqueID@URBinArchiveFrame@stdlib@media@modules@UModSys@@@tl@UModSys@@2USUniquePointer@core@3@A@@YAXXZ 00414bc0 f    CIL library: CIL module
 0001:00013bf0       ??__E?s_id@?$TObjectUniqueID@URLibraryBinTree@stdlib@media@modules@UModSys@@@tl@UModSys@@2USUniquePointer@core@3@A@@YAXXZ 00414bf0 f    CIL library: CIL module
 0001:00013c20       ??__E?s_id@?$TObjectUniqueID@URLibraryBinCache@stdlib@media@modules@UModSys@@@tl@UModSys@@2USUniquePointer@core@3@A@@YAXXZ 00414c20 f    CIL library: CIL module
 0001:00013c50       ??__E?s_id@?$TObjectUniqueID@URLibraryLayered@stdlib@media@modules@UModSys@@@tl@UModSys@@2USUniquePointer@core@3@A@@YAXXZ 00414c50 f    CIL library: CIL module
 0001:00013c80       ??__E?s_id@?$TObjectUniqueID@URLibraryObjCache@stdlib@media@modules@UModSys@@@tl@UModSys@@2USUniquePointer@core@3@A@@YAXXZ 00414c80 f    CIL library: CIL module
 0001:00013cb0       ??__E?s_id@?$TObjectUniqueID@URLibraryObjFilter@stdlib@media@modules@UModSys@@@tl@UModSys@@2USUniquePointer@core@3@A@@YAXXZ 00414cb0 f    CIL library: CIL module
 0001:00013ce0       ??__E?s_id@?$TObjectUniqueID@URGenerator@stdlib@media@modules@UModSys@@@tl@UModSys@@2USUniquePointer@core@3@A@@YAXXZ 00414ce0 f    CIL library: CIL module
 0001:00013d10       ??__E?s_console@RConsole_std@rsystem@base@UModSys@@2U1234@A@@YAXXZ 00414d10 f    CIL library: CIL module
 0001:00013d30       ??__E?s_sys@RSystem@rsystem@base@UModSys@@2U1234@A@@YAXXZ 00414d30 f    CIL library: CIL module
 0001:00013d50       ??__Ersys_dbg@rsystem@base@UModSys@@YAXXZ 00414d50 f    CIL library: CIL module
 0001:00013d70       ??__EM@UModSys@@YAXXZ      00414d70 f    CIL library: CIL module
 0001:00013d90       ??__E?root@SModuleRegChain@base@UModSys@@2U123@A@@YAXXZ 00414d90 f    CIL library: CIL module
 0001:00013db0       ??__E?s_library@RModuleLibraryReg_Chain@base@UModSys@@2U123@A@@YAXXZ 00414db0 f    CIL library: CIL module
 0001:00013dd0       ??__E?root@SUniquePointer@core@UModSys@@2U123@A@@YAXXZ 00414dd0 f    CIL library: CIL module
 0001:00013df0       ??__F?s_id@?$TObjectUniqueID@URConsole_std@rsystem@base@UModSys@@@tl@UModSys@@2USUniquePointer@core@3@A@@YAXXZ 00414df0 f    CIL library: CIL module
 0001:00013e00       ??__F?s_id@?$TObjectUniqueID@URSystem@rsystem@base@UModSys@@@tl@UModSys@@2USUniquePointer@core@3@A@@YAXXZ 00414e00 f    CIL library: CIL module
 0001:00013e10       ??__F?s_id@?$TObjectUniqueID@URParameters@rsystem@base@UModSys@@@tl@UModSys@@2USUniquePointer@core@3@A@@YAXXZ 00414e10 f    CIL library: CIL module
 0001:00013e20       ??__F?s_id@?$TObjectUniqueID@URModuleLibraryThis@rsystem@base@UModSys@@@tl@UModSys@@2USUniquePointer@core@3@A@@YAXXZ 00414e20 f    CIL library: CIL module
 0001:00013e30       ??__F?s_id@?$TObjectUniqueID@URModuleLibrarySO@rsystem@base@UModSys@@@tl@UModSys@@2USUniquePointer@core@3@A@@YAXXZ 00414e30 f    CIL library: CIL module
 0001:00013e40       ??__F?s_id@?$TObjectUniqueID@UIModuleLibraryUni@rsystem@base@UModSys@@@tl@UModSys@@2USUniquePointer@core@3@A@@YAXXZ 00414e40 f    CIL library: CIL module
 0001:00013e50       ??__F?s_id@?$TObjectUniqueID@URModule@rsystem@base@UModSys@@@tl@UModSys@@2USUniquePointer@core@3@A@@YAXXZ 00414e50 f    CIL library: CIL module
 0001:00013e60       ??__F?s_id@?$TObjectUniqueID@UISystem@base@UModSys@@@tl@UModSys@@2USUniquePointer@core@3@A@@YAXXZ 00414e60 f    CIL library: CIL module
 0001:00013e70       ??__F?s_id@?$TObjectUniqueID@UIShell@base@UModSys@@@tl@UModSys@@2USUniquePointer@core@3@A@@YAXXZ 00414e70 f    CIL library: CIL module
 0001:00013e80       ??__F?s_id@?$TObjectUniqueID@UIGenerator@base@UModSys@@@tl@UModSys@@2USUniquePointer@core@3@A@@YAXXZ 00414e80 f    CIL library: CIL module
 0001:00013e90       ??__F?s_id@?$TObjectUniqueID@UIModObject@base@UModSys@@@tl@UModSys@@2USUniquePointer@core@3@A@@YAXXZ 00414e90 f    CIL library: CIL module
 0001:00013ea0       ??__F?s_id@?$TObjectUniqueID@UIModuleLibrary@base@UModSys@@@tl@UModSys@@2USUniquePointer@core@3@A@@YAXXZ 00414ea0 f    CIL library: CIL module
 0001:00013eb0       ??__F?s_id@?$TObjectUniqueID@UIModule@base@UModSys@@@tl@UModSys@@2USUniquePointer@core@3@A@@YAXXZ 00414eb0 f    CIL library: CIL module
 0001:00013ec0       ??__F?s_id@?$TObjectUniqueID@UIConsole@base@UModSys@@@tl@UModSys@@2USUniquePointer@core@3@A@@YAXXZ 00414ec0 f    CIL library: CIL module
 0001:00013ed0       ??__F?s_id@?$TObjectUniqueID@UIParameters@core@UModSys@@@tl@UModSys@@2USUniquePointer@core@3@A@@YAXXZ 00414ed0 f    CIL library: CIL module
 0001:00013ee0       ??__F?s_id@?$TObjectUniqueID@UIRefObject@core@UModSys@@@tl@UModSys@@2USUniquePointer@core@3@A@@YAXXZ 00414ee0 f    CIL library: CIL module
 0001:00013ef0       ??__F?s_id@?$TObjectUniqueID@UIRoot@core@UModSys@@@tl@UModSys@@2USUniquePointer@core@3@A@@YAXXZ 00414ef0 f    CIL library: CIL module
 0001:00013f00       ??__Fs_dbg@stdio@media@modules@UModSys@@YAXXZ 00414f00 f    CIL library: CIL module
 0001:00013f10       ??__F?s_modreg@RModuleReg@stdio@media@modules@UModSys@@2U12345@A@@YAXXZ 00414f10 f    CIL library: CIL module
 0001:00013f30       ??__F?s_modreg_chain@RModuleReg@stdio@media@modules@UModSys@@2USModuleRegChain@base@5@A@@YAXXZ 00414f30 f    CIL library: CIL module
 0001:00013f40       ??__F?s_uid@RGenerator@stdio@media@modules@UModSys@@2USUniquePointer@core@5@A@@YAXXZ 00414f40 f    CIL library: CIL module
 0001:00013f50       ??__Fh@?1??s_holder@RGenerator@stdio@media@modules@UModSys@@SAAAU?$TTypeStaticHolder@URGenerator@stdio@media@modules@UModSys@@@tl@5@XZ@YAXXZ 00414f50 f    CIL library: CIL module
 0001:00013f70       ??__F?s_id@?$TObjectUniqueID@URGenerator@stdio@media@modules@UModSys@@@tl@UModSys@@2USUniquePointer@core@3@A@@YAXXZ 00414f70 f    CIL library: CIL module
 0001:00013f80       ??__F?s_id@?$TObjectUniqueID@URDataArchiver_OsDir@stdio@media@modules@UModSys@@@tl@UModSys@@2USUniquePointer@core@3@A@@YAXXZ 00414f80 f    CIL library: CIL module
 0001:00013f90       ??__F?s_id@?$TObjectUniqueID@URStreamWriter_FILE@stdio@media@modules@UModSys@@@tl@UModSys@@2USUniquePointer@core@3@A@@YAXXZ 00414f90 f    CIL library: CIL module
 0001:00013fa0       ??__F?s_id@?$TObjectUniqueID@URStreamReader_FILE@stdio@media@modules@UModSys@@@tl@UModSys@@2USUniquePointer@core@3@A@@YAXXZ 00414fa0 f    CIL library: CIL module
 0001:00013fb0       ??__F?s_id@?$TObjectUniqueID@UILibrary@libmedia@UModSys@@@tl@UModSys@@2USUniquePointer@core@3@A@@YAXXZ 00414fb0 f    CIL library: CIL module
 0001:00013fc0       ??__F?s_id@?$TObjectUniqueID@UIBinObjFilter@libmedia@UModSys@@@tl@UModSys@@2USUniquePointer@core@3@A@@YAXXZ 00414fc0 f    CIL library: CIL module
 0001:00013fd0       ??__F?s_id@?$TObjectUniqueID@UIBinArchive@libmedia@UModSys@@@tl@UModSys@@2USUniquePointer@core@3@A@@YAXXZ 00414fd0 f    CIL library: CIL module
 0001:00013fe0       ??__F?s_id@?$TObjectUniqueID@UILibObject@libmedia@UModSys@@@tl@UModSys@@2USUniquePointer@core@3@A@@YAXXZ 00414fe0 f    CIL library: CIL module
 0001:00013ff0       ??__F?s_id@?$TObjectUniqueID@UIUtilities@libmedia@UModSys@@@tl@UModSys@@2USUniquePointer@core@3@A@@YAXXZ 00414ff0 f    CIL library: CIL module
 0001:00014000       ??__F?s_id@?$TObjectUniqueID@UIStreamWriter@libmedia@UModSys@@@tl@UModSys@@2USUniquePointer@core@3@A@@YAXXZ 00415000 f    CIL library: CIL module
 0001:00014010       ??__F?s_id@?$TObjectUniqueID@UIStreamReader@libmedia@UModSys@@@tl@UModSys@@2USUniquePointer@core@3@A@@YAXXZ 00415010 f    CIL library: CIL module
 0001:00014020       ??__Fs_dbg@stdlib@media@modules@UModSys@@YAXXZ 00415020 f    CIL library: CIL module
 0001:00014030       ??__F?s_modreg@RModuleReg@stdlib@media@modules@UModSys@@2U12345@A@@YAXXZ 00415030 f    CIL library: CIL module
 0001:00014050       ??__F?s_modreg_chain@RModuleReg@stdlib@media@modules@UModSys@@2USModuleRegChain@base@5@A@@YAXXZ 00415050 f    CIL library: CIL module
 0001:00014060       ??__F?s_uid@RGenerator@stdlib@media@modules@UModSys@@2USUniquePointer@core@5@A@@YAXXZ 00415060 f    CIL library: CIL module
 0001:00014070       ??__Fh@?1??s_holder@RGenerator@stdlib@media@modules@UModSys@@SAAAU?$TTypeStaticHolder@URGenerator@stdlib@media@modules@UModSys@@@tl@5@XZ@YAXXZ 00415070 f    CIL library: CIL module
 0001:00014090       ??__F?s_id@?$TObjectUniqueID@URGenerator@stdlib@media@modules@UModSys@@@tl@UModSys@@2USUniquePointer@core@3@A@@YAXXZ 00415090 f    CIL library: CIL module
 0001:000140a0       ??__F?s_id@?$TObjectUniqueID@URLibraryObjFilter@stdlib@media@modules@UModSys@@@tl@UModSys@@2USUniquePointer@core@3@A@@YAXXZ 004150a0 f    CIL library: CIL module
 0001:000140b0       ??__F?s_id@?$TObjectUniqueID@URLibraryObjCache@stdlib@media@modules@UModSys@@@tl@UModSys@@2USUniquePointer@core@3@A@@YAXXZ 004150b0 f    CIL library: CIL module
 0001:000140c0       ??__F?s_id@?$TObjectUniqueID@URLibraryLayered@stdlib@media@modules@UModSys@@@tl@UModSys@@2USUniquePointer@core@3@A@@YAXXZ 004150c0 f    CIL library: CIL module
 0001:000140d0       ??__F?s_id@?$TObjectUniqueID@URLibraryBinCache@stdlib@media@modules@UModSys@@@tl@UModSys@@2USUniquePointer@core@3@A@@YAXXZ 004150d0 f    CIL library: CIL module
 0001:000140e0       ??__F?s_id@?$TObjectUniqueID@URLibraryBinTree@stdlib@media@modules@UModSys@@@tl@UModSys@@2USUniquePointer@core@3@A@@YAXXZ 004150e0 f    CIL library: CIL module
 0001:000140f0       ??__F?s_id@?$TObjectUniqueID@URBinArchiveFrame@stdlib@media@modules@UModSys@@@tl@UModSys@@2USUniquePointer@core@3@A@@YAXXZ 004150f0 f    CIL library: CIL module
 0001:00014100       ??__F?s_id@?$TObjectUniqueID@URUtilities@stdlib@media@modules@UModSys@@@tl@UModSys@@2USUniquePointer@core@3@A@@YAXXZ 00415100 f    CIL library: CIL module
 0001:00014110       ??__F?s_id@?$TObjectUniqueID@UIClient@IBinArchiveFrame@libmedia@UModSys@@@tl@UModSys@@2USUniquePointer@core@3@A@@YAXXZ 00415110 f    CIL library: CIL module
 0001:00014120       ??__F?s_id@?$TObjectUniqueID@UIBinArchiveFrame@libmedia@UModSys@@@tl@UModSys@@2USUniquePointer@core@3@A@@YAXXZ 00415120 f    CIL library: CIL module
 0001:00014130       ??__F?s_id@?$TObjectUniqueID@UILibraryLayered@libmedia@UModSys@@@tl@UModSys@@2USUniquePointer@core@3@A@@YAXXZ 00415130 f    CIL library: CIL module
 0001:00014140       ??__F?s_id@?$TObjectUniqueID@UILibraryObjCache@libmedia@UModSys@@@tl@UModSys@@2USUniquePointer@core@3@A@@YAXXZ 00415140 f    CIL library: CIL module
 0001:00014150       ??__F?s_id@?$TObjectUniqueID@UILibraryObjFilter@libmedia@UModSys@@@tl@UModSys@@2USUniquePointer@core@3@A@@YAXXZ 00415150 f    CIL library: CIL module
 0001:00014160       ??__F?s_id@?$TObjectUniqueID@UILibraryBinCache@libmedia@UModSys@@@tl@UModSys@@2USUniquePointer@core@3@A@@YAXXZ 00415160 f    CIL library: CIL module
 0001:00014170       ??__F?s_id@?$TObjectUniqueID@UILibraryBinTree@libmedia@UModSys@@@tl@UModSys@@2USUniquePointer@core@3@A@@YAXXZ 00415170 f    CIL library: CIL module
 0001:00014180       ??__F?s_console@RConsole_std@rsystem@base@UModSys@@2U1234@A@@YAXXZ 00415180 f    CIL library: CIL module
 0001:00014190       ??__F?s_sys@RSystem@rsystem@base@UModSys@@2U1234@A@@YAXXZ 00415190 f    CIL library: CIL module
 0001:000141a0       ??__Frsys_dbg@rsystem@base@UModSys@@YAXXZ 004151a0 f    CIL library: CIL module
 0001:000141b0       ??__FM@UModSys@@YAXXZ      004151b0 f    CIL library: CIL module
 0001:000141c0       ??__F?root@SModuleRegChain@base@UModSys@@2U123@A@@YAXXZ 004151c0 f    CIL library: CIL module
 0001:000141d0       ??__F?s_library@RModuleLibraryReg_Chain@base@UModSys@@2U123@A@@YAXXZ 004151d0 f    CIL library: CIL module
 0001:000141e0       ??__F?root@SUniquePointer@core@UModSys@@2U123@A@@YAXXZ 004151e0 f    CIL library: CIL module

 Exports

  ordinal    name

        1    _UModSys_Plugin_Entry2@0
