 umodsysc

 Timestamp is 52bc398e (Thu Dec 26 17:13:34 2013)

 Preferred load address is 00400000

 Start         Length     Name                   Class
 0001:00000000 00012b70H .text                   CODE
 0001:00012b70 0000078fH .text$x                 CODE
 0001:00013300 00000a01H .text$yc                CODE
 0001:00013d10 000003daH .text$yd                CODE
 0002:00000000 00000154H .idata$5                DATA
 0002:00000154 00000004H .CRT$XCA                DATA
 0002:00000158 00000004H .CRT$XCAA               DATA
 0002:0000015c 000002ccH .CRT$XCU                DATA
 0002:00000428 00000004H .CRT$XCZ                DATA
 0002:0000042c 00000004H .CRT$XIA                DATA
 0002:00000430 00000004H .CRT$XIAA               DATA
 0002:00000434 00000004H .CRT$XIY                DATA
 0002:00000438 00000004H .CRT$XIZ                DATA
 0002:00000440 00001bb8H .rdata                  DATA
 0002:00001ff8 00001388H .rdata$r                DATA
 0002:00003380 00000100H .rdata$sxdata           DATA
 0002:00003480 00000004H .rtc$IAA                DATA
 0002:00003484 00000004H .rtc$IZZ                DATA
 0002:00003488 00000004H .rtc$TAA                DATA
 0002:0000348c 00000004H .rtc$TZZ                DATA
 0002:00003490 00000d84H .xdata$x                DATA
 0002:00004214 00000028H .idata$2                DATA
 0002:0000423c 00000014H .idata$3                DATA
 0002:00004250 00000154H .idata$4                DATA
 0002:000043a4 00000554H .idata$6                DATA
 0002:00004900 00000058H .edata                  DATA
 0003:00000000 00000cc0H .data                   DATA
 0003:00000cc0 00002a04H .bss                    DATA

  Address         Publics by Value              Rva+Base       Lib:Object

 0000:00000000       __except_list              00000000     <absolute>
 0000:00000040       ___safe_se_handler_count   00000040     <absolute>
 0000:00009876       __ldused                   00009876     <absolute>
 0000:00009876       __fltused                  00009876     <absolute>
 0000:00000000       ___ImageBase               00400000     <linker-defined>
 0001:00000000       ??0?$TString@U?$TSCoreConst@D@su@tl@UModSys@@U?$TComparerBinaryHash@D@234@@tl@UModSys@@QAE@PBD@Z 00401000 f i umodsys.c_main.obj
 0001:00000050       ??$shash@D@su@tl@UModSys@@YAIPBDI@Z 00401050 f i umodsys.c_main.obj
 0001:00000090       ??3IRoot@core@UModSys@@SAXPAXABUSIMemAlloc@12@@Z 00401090 f i umodsys_lib_libmedia:umodsys.mod.media.stdio.obj
 0001:000000a0       ?get@SParameters@core@UModSys@@QBE_NPBDAAPBD@Z 004010a0 f i umodsys_lib_libmedia:umodsys.mod.media.stdio.obj
 0001:000000d0       ?get@SParameters@core@UModSys@@QBE_NPBDAA_N@Z 004010d0 f i umodsys_lib_libmedia:umodsys.mod.media.stdio.obj
 0001:00000110       ?archive_load_data@libmedia@UModSys@@YA_NAAUIBinArchive@12@ABU?$TString@U?$TSCoreConst@D@su@tl@UModSys@@U?$TComparerBinaryHash@D@234@@tl@2@AAUSCMemShared@core@2@ABUSFlags@12@@Z 00401110 f i umodsys_lib_libmedia:umodsys.mod.media.stdio.obj
 0001:00000300       ?archive_save_data@libmedia@UModSys@@YA_NAAUIBinArchive@12@ABU?$TString@U?$TSCoreConst@D@su@tl@UModSys@@U?$TComparerBinaryHash@D@234@@tl@2@ABUSCMem@core@2@ABUSFlags@12@@Z 00401300 f i umodsys_lib_libmedia:umodsys.mod.media.stdio.obj
 0001:000003b0       ?file_get_size@stdio@media@modules@UModSys@@YA_JPAU_iobuf@@@Z 004013b0 f i umodsys_lib_libmedia:umodsys.mod.media.stdio.obj
 0001:00000400       ?root_get_interface_info@RStreamReader_FILE@stdio@media@modules@UModSys@@UBEABUSUniquePointerInfo@core@5@XZ 00401400 f i umodsys_lib_libmedia:umodsys.mod.media.stdio.obj
 0001:00000410       ?root_get_interface_type@RStreamReader_FILE@stdio@media@modules@UModSys@@UBEPBUSUniquePointerInfo@core@5@XZ 00401410 f i umodsys_lib_libmedia:umodsys.mod.media.stdio.obj
 0001:00000420       ?root_get_other_interface@RStreamReader_FILE@stdio@media@modules@UModSys@@UBEPBUIRoot@core@5@PBUSUniquePointerInfo@75@@Z 00401420 f i umodsys_lib_libmedia:umodsys.mod.media.stdio.obj
 0001:00000420       ?root_get_other_interface@RStreamReader_FILE@stdio@media@modules@UModSys@@UAEPAUIRoot@core@5@PBUSUniquePointerInfo@75@@Z 00401420 f i umodsys_lib_libmedia:umodsys.mod.media.stdio.obj
 0001:00000450       ?root_is_interface_supported@RStreamReader_FILE@stdio@media@modules@UModSys@@UBE_NPBUSUniquePointerInfo@core@5@@Z 00401450 f i umodsys_lib_libmedia:umodsys.mod.media.stdio.obj
 0001:00000490       ??0RStreamReader_FILE@stdio@media@modules@UModSys@@QAE@PAUIModObject@base@4@ABUSParameters@core@4@@Z 00401490 f i umodsys_lib_libmedia:umodsys.mod.media.stdio.obj
 0001:00000540       ??0RStreamReader_FILE@stdio@media@modules@UModSys@@QAE@PAUIModObject@base@4@PBD@Z 00401540 f i umodsys_lib_libmedia:umodsys.mod.media.stdio.obj
 0001:000005d0       ?get_size@RStreamReader_FILE@stdio@media@modules@UModSys@@QAEXXZ 004015d0 f i umodsys_lib_libmedia:umodsys.mod.media.stdio.obj
 0001:00000640       ?reader_seek@RStreamReader_FILE@stdio@media@modules@UModSys@@UAE_N_J@Z 00401640 f i umodsys_lib_libmedia:umodsys.mod.media.stdio.obj
 0001:00000670       ?reader_seekend@RStreamReader_FILE@stdio@media@modules@UModSys@@UAE_N_J@Z 00401670 f i umodsys_lib_libmedia:umodsys.mod.media.stdio.obj
 0001:000006a0       ?reader_seekdelta@RStreamReader_FILE@stdio@media@modules@UModSys@@UAE_N_J@Z 004016a0 f i umodsys_lib_libmedia:umodsys.mod.media.stdio.obj
 0001:000006d0       ?reader_pos@RStreamReader_FILE@stdio@media@modules@UModSys@@UAE_JXZ 004016d0 f i umodsys_lib_libmedia:umodsys.mod.media.stdio.obj
 0001:000006f0       ?reader_size@RStreamReader_FILE@stdio@media@modules@UModSys@@UAE_JXZ 004016f0 f i umodsys_lib_libmedia:umodsys.mod.media.stdio.obj
 0001:00000700       ?reader_read@RStreamReader_FILE@stdio@media@modules@UModSys@@UAE_NPAXI@Z 00401700 f i umodsys_lib_libmedia:umodsys.mod.media.stdio.obj
 0001:00000780       ?reader_close@RStreamReader_FILE@stdio@media@modules@UModSys@@UAEXXZ 00401780 f i umodsys_lib_libmedia:umodsys.mod.media.stdio.obj
 0001:000007a0       ??_GRStreamReader_FILE@stdio@media@modules@UModSys@@UAEPAXI@Z 004017a0 f i umodsys_lib_libmedia:umodsys.mod.media.stdio.obj
 0001:000007a0       ??_ERStreamReader_FILE@stdio@media@modules@UModSys@@UAEPAXI@Z 004017a0 f i  CIL library: CIL module
 0001:000007e0       ??1IStreamWriter@libmedia@UModSys@@UAE@XZ 004017e0 f i umodsys_lib_libmedia:umodsys.mod.media.stdio.obj
 0001:000007e0       ??1IStreamReader@libmedia@UModSys@@UAE@XZ 004017e0 f i umodsys_lib_libmedia:umodsys.mod.media.stdio.obj
 0001:000007e0       ??1IUtilities@libmedia@UModSys@@UAE@XZ 004017e0 f i umodsys_lib_libmedia:umodsys.mod.media.stdlib.obj
 0001:000007f0       ??_EIRoot@core@UModSys@@UAEPAXI@Z 004017f0 f i  CIL library: CIL module
 0001:000007f0       ??_GIRoot@core@UModSys@@UAEPAXI@Z 004017f0 f i umodsys_lib_libmedia:umodsys.mod.media.stdio.obj
 0001:00000810       ?root_get_interface_info@RStreamWriter_FILE@stdio@media@modules@UModSys@@UBEABUSUniquePointerInfo@core@5@XZ 00401810 f i umodsys_lib_libmedia:umodsys.mod.media.stdio.obj
 0001:00000820       ?root_get_interface_type@RStreamWriter_FILE@stdio@media@modules@UModSys@@UBEPBUSUniquePointerInfo@core@5@XZ 00401820 f i umodsys_lib_libmedia:umodsys.mod.media.stdio.obj
 0001:00000830       ?root_get_other_interface@RStreamWriter_FILE@stdio@media@modules@UModSys@@UAEPAUIRoot@core@5@PBUSUniquePointerInfo@75@@Z 00401830 f i umodsys_lib_libmedia:umodsys.mod.media.stdio.obj
 0001:00000830       ?root_get_other_interface@RStreamWriter_FILE@stdio@media@modules@UModSys@@UBEPBUIRoot@core@5@PBUSUniquePointerInfo@75@@Z 00401830 f i umodsys_lib_libmedia:umodsys.mod.media.stdio.obj
 0001:00000860       ?root_is_interface_supported@RStreamWriter_FILE@stdio@media@modules@UModSys@@UBE_NPBUSUniquePointerInfo@core@5@@Z 00401860 f i umodsys_lib_libmedia:umodsys.mod.media.stdio.obj
 0001:000008a0       ?ref_links@RUtilities@stdlib@media@modules@UModSys@@UBEHXZ 004018a0 f i umodsys_lib_libmedia:umodsys.mod.media.stdlib.obj
 0001:000008a0       ?ref_links@RStreamWriter_FILE@stdio@media@modules@UModSys@@UBEHXZ 004018a0 f i umodsys_lib_libmedia:umodsys.mod.media.stdio.obj
 0001:000008a0       ?ref_links@RStreamReader_FILE@stdio@media@modules@UModSys@@UBEHXZ 004018a0 f i umodsys_lib_libmedia:umodsys.mod.media.stdio.obj
 0001:000008a0       ?ref_links@RGenerator@stdio@media@modules@UModSys@@UBEHXZ 004018a0 f i umodsys_lib_libmedia:umodsys.mod.media.stdio.obj
 0001:000008a0       ?ref_links@RGenerator@stdlib@media@modules@UModSys@@UBEHXZ 004018a0 f i umodsys_lib_libmedia:umodsys.mod.media.stdlib.obj
 0001:000008b0       ??1RStreamWriter_FILE@stdio@media@modules@UModSys@@UAE@XZ 004018b0 f i umodsys_lib_libmedia:umodsys.mod.media.stdio.obj
 0001:00000920       ??0RStreamWriter_FILE@stdio@media@modules@UModSys@@QAE@PAUIModObject@base@4@ABUSParameters@core@4@@Z 00401920 f i umodsys_lib_libmedia:umodsys.mod.media.stdio.obj
 0001:000009a0       ??0RStreamWriter_FILE@stdio@media@modules@UModSys@@QAE@PAUIModObject@base@4@PBD_N@Z 004019a0 f i umodsys_lib_libmedia:umodsys.mod.media.stdio.obj
 0001:00000a60       ?open@RStreamWriter_FILE@stdio@media@modules@UModSys@@QAEXABUSParameters@core@5@@Z 00401a60 f i umodsys_lib_libmedia:umodsys.mod.media.stdio.obj
 0001:00000af0       ?writer_seek@RStreamWriter_FILE@stdio@media@modules@UModSys@@UAE_N_J@Z 00401af0 f i umodsys_lib_libmedia:umodsys.mod.media.stdio.obj
 0001:00000b20       ?writer_seekend@RStreamWriter_FILE@stdio@media@modules@UModSys@@UAE_N_J@Z 00401b20 f i umodsys_lib_libmedia:umodsys.mod.media.stdio.obj
 0001:00000b50       ?writer_seekdelta@RStreamWriter_FILE@stdio@media@modules@UModSys@@UAE_N_J@Z 00401b50 f i umodsys_lib_libmedia:umodsys.mod.media.stdio.obj
 0001:00000b80       ?writer_setsize@RStreamWriter_FILE@stdio@media@modules@UModSys@@UAE_N_J@Z 00401b80 f i umodsys_lib_libmedia:umodsys.mod.media.stdio.obj
 0001:00000bc0       ?writer_pos@RStreamWriter_FILE@stdio@media@modules@UModSys@@UAE_JXZ 00401bc0 f i umodsys_lib_libmedia:umodsys.mod.media.stdio.obj
 0001:00000be0       ?writer_size@RStreamWriter_FILE@stdio@media@modules@UModSys@@UAE_JXZ 00401be0 f i umodsys_lib_libmedia:umodsys.mod.media.stdio.obj
 0001:00000c10       ?writer_write@RStreamWriter_FILE@stdio@media@modules@UModSys@@UAE_NPBXI@Z 00401c10 f i umodsys_lib_libmedia:umodsys.mod.media.stdio.obj
 0001:00000c90       ?writer_copy@RStreamWriter_FILE@stdio@media@modules@UModSys@@UAE_NPAUIStreamReader@libmedia@5@_J@Z 00401c90 f i umodsys_lib_libmedia:umodsys.mod.media.stdio.obj
 0001:00000d60       ?writer_copy@RStreamWriter_FILE@stdio@media@modules@UModSys@@UAE_NPAUIStreamReader@libmedia@5@_J1@Z 00401d60 f i umodsys_lib_libmedia:umodsys.mod.media.stdio.obj
 0001:00000db0       ?writer_close@RStreamWriter_FILE@stdio@media@modules@UModSys@@UAEXXZ 00401db0 f i umodsys_lib_libmedia:umodsys.mod.media.stdio.obj
 0001:00000df0       ?writer_abort@RStreamWriter_FILE@stdio@media@modules@UModSys@@UAEXXZ 00401df0 f i umodsys_lib_libmedia:umodsys.mod.media.stdio.obj
 0001:00000e30       ??_ERStreamWriter_FILE@stdio@media@modules@UModSys@@UAEPAXI@Z 00401e30 f i  CIL library: CIL module
 0001:00000e30       ??_GRStreamWriter_FILE@stdio@media@modules@UModSys@@UAEPAXI@Z 00401e30 f i umodsys_lib_libmedia:umodsys.mod.media.stdio.obj
 0001:00000e50       ?root_get_interface_info@RDataArchiver_OsDir@stdio@media@modules@UModSys@@UBEABUSUniquePointerInfo@core@5@XZ 00401e50 f i umodsys_lib_libmedia:umodsys.mod.media.stdio.obj
 0001:00000e60       ?root_get_interface_type@RDataArchiver_OsDir@stdio@media@modules@UModSys@@UBEPBUSUniquePointerInfo@core@5@XZ 00401e60 f i umodsys_lib_libmedia:umodsys.mod.media.stdio.obj
 0001:00000e70       ?root_get_other_interface@RDataArchiver_OsDir@stdio@media@modules@UModSys@@UBEPBUIRoot@core@5@PBUSUniquePointerInfo@75@@Z 00401e70 f i umodsys_lib_libmedia:umodsys.mod.media.stdio.obj
 0001:00000e70       ?root_get_other_interface@RDataArchiver_OsDir@stdio@media@modules@UModSys@@UAEPAUIRoot@core@5@PBUSUniquePointerInfo@75@@Z 00401e70 f i umodsys_lib_libmedia:umodsys.mod.media.stdio.obj
 0001:00000eb0       ?root_is_interface_supported@RDataArchiver_OsDir@stdio@media@modules@UModSys@@UBE_NPBUSUniquePointerInfo@core@5@@Z 00401eb0 f i umodsys_lib_libmedia:umodsys.mod.media.stdio.obj
 0001:00000ef0       ?ref_weak@RLibraryLayered@stdlib@media@modules@UModSys@@UBE_NAAUWeakPointer@IRefObject@core@5@@Z 00401ef0 f i umodsys_lib_libmedia:umodsys.mod.media.stdlib.obj
 0001:00000ef0       ?ref_weak@RLibraryObjFilter@stdlib@media@modules@UModSys@@UBE_NAAUWeakPointer@IRefObject@core@5@@Z 00401ef0 f i umodsys_lib_libmedia:umodsys.mod.media.stdlib.obj
 0001:00000ef0       ?ref_weak@RLibraryBinCache@stdlib@media@modules@UModSys@@UBE_NAAUWeakPointer@IRefObject@core@5@@Z 00401ef0 f i umodsys_lib_libmedia:umodsys.mod.media.stdlib.obj
 0001:00000ef0       ?ref_weak@RDataArchiver_OsDir@stdio@media@modules@UModSys@@UBE_NAAUWeakPointer@IRefObject@core@5@@Z 00401ef0 f i umodsys_lib_libmedia:umodsys.mod.media.stdio.obj
 0001:00000ef0       ?ref_weak@RLibraryObjCache@stdlib@media@modules@UModSys@@UBE_NAAUWeakPointer@IRefObject@core@5@@Z 00401ef0 f i umodsys_lib_libmedia:umodsys.mod.media.stdlib.obj
 0001:00000ef0       ?ref_weak@RLibraryBinTree@stdlib@media@modules@UModSys@@UBE_NAAUWeakPointer@IRefObject@core@5@@Z 00401ef0 f i umodsys_lib_libmedia:umodsys.mod.media.stdlib.obj
 0001:00000ef0       ?ref_weak@RParameters@rsystem@base@UModSys@@UBE_NAAUWeakPointer@IRefObject@core@4@@Z 00401ef0 f i umodsys_lib_basesys:umodsys.basesys.rparameters.obj
 0001:00000f10       ?suicide@RLibraryObjCache@stdlib@media@modules@UModSys@@UAEXXZ 00401f10 f i umodsys_lib_libmedia:umodsys.mod.media.stdlib.obj
 0001:00000f10       ?suicide@RLibraryObjFilter@stdlib@media@modules@UModSys@@UAEXXZ 00401f10 f i umodsys_lib_libmedia:umodsys.mod.media.stdlib.obj
 0001:00000f10       ?suicide@RLibraryBinTree@stdlib@media@modules@UModSys@@UAEXXZ 00401f10 f i umodsys_lib_libmedia:umodsys.mod.media.stdlib.obj
 0001:00000f10       ?suicide@RDataArchiver_OsDir@stdio@media@modules@UModSys@@UAEXXZ 00401f10 f i umodsys_lib_libmedia:umodsys.mod.media.stdio.obj
 0001:00000f10       ?suicide@RLibraryBinCache@stdlib@media@modules@UModSys@@UAEXXZ 00401f10 f i umodsys_lib_libmedia:umodsys.mod.media.stdlib.obj
 0001:00000f10       ?suicide@RLibraryLayered@stdlib@media@modules@UModSys@@UAEXXZ 00401f10 f i umodsys_lib_libmedia:umodsys.mod.media.stdlib.obj
 0001:00000f20       ??0RDataArchiver_OsDir@stdio@media@modules@UModSys@@QAE@PAUIModObject@base@4@ABUSParameters@core@4@U?$TFlags4State@USMediaFlagUid@libmedia@UModSys@@I@tl@4@@Z 00401f20 f i umodsys_lib_libmedia:umodsys.mod.media.stdio.obj
 0001:00001000       ??1RDataArchiver_OsDir@stdio@media@modules@UModSys@@UAE@XZ 00402000 f i umodsys_lib_libmedia:umodsys.mod.media.stdio.obj
 0001:00001070       ?open@RDataArchiver_OsDir@stdio@media@modules@UModSys@@QAEXABUSParameters@core@5@@Z 00402070 f i umodsys_lib_libmedia:umodsys.mod.media.stdio.obj
 0001:00001140       ?get_flag@RDataArchiver_OsDir@stdio@media@modules@UModSys@@UBE?AW4eStates@?$TFlags4State@USMediaFlagUid@libmedia@UModSys@@I@tl@5@H@Z 00402140 f i umodsys_lib_libmedia:umodsys.mod.media.stdio.obj
 0001:00001160       ?get_flags_auto@RDataArchiver_OsDir@stdio@media@modules@UModSys@@UBE?AU?$TFlags4State@USMediaFlagUid@libmedia@UModSys@@I@tl@5@XZ 00402160 f i umodsys_lib_libmedia:umodsys.mod.media.stdio.obj
 0001:00001170       ?set_flag@RDataArchiver_OsDir@stdio@media@modules@UModSys@@UAE?AW4eStates@?$TFlags4State@USMediaFlagUid@libmedia@UModSys@@I@tl@5@HW46785@@Z 00402170 f i umodsys_lib_libmedia:umodsys.mod.media.stdio.obj
 0001:000011a0       ?data_load@RDataArchiver_OsDir@stdio@media@modules@UModSys@@UAE_NABU?$TString@U?$TSCoreConst@D@su@tl@UModSys@@U?$TComparerBinaryHash@D@234@@tl@5@AAUSCMemShared@core@5@ABUSFlags@libmedia@5@@Z 004021a0 f i umodsys_lib_libmedia:umodsys.mod.media.stdio.obj
 0001:000011e0       ?data_save@RDataArchiver_OsDir@stdio@media@modules@UModSys@@UAE_NABU?$TString@U?$TSCoreConst@D@su@tl@UModSys@@U?$TComparerBinaryHash@D@234@@tl@5@ABUSCMem@core@5@ABUSFlags@libmedia@5@@Z 004021e0 f i umodsys_lib_libmedia:umodsys.mod.media.stdio.obj
 0001:00001200       ?data_reader@RDataArchiver_OsDir@stdio@media@modules@UModSys@@UAE?AU?$TRefObject@UIStreamReader@libmedia@UModSys@@U?$TRefObjectFunc@UIStreamReader@libmedia@UModSys@@@tl@3@@tl@5@ABU?$TString@U?$TSCoreConst@D@su@tl@UModSys@@U?$TComparerBinaryHash@D@234@@75@ABUSFlags@libmedia@5@@Z 00402200 f i umodsys_lib_libmedia:umodsys.mod.media.stdio.obj
 0001:00001370       ?data_writer@RDataArchiver_OsDir@stdio@media@modules@UModSys@@UAE?AU?$TRefObject@UIStreamWriter@libmedia@UModSys@@U?$TRefObjectFunc@UIStreamWriter@libmedia@UModSys@@@tl@3@@tl@5@ABU?$TString@U?$TSCoreConst@D@su@tl@UModSys@@U?$TComparerBinaryHash@D@234@@75@ABUSFlags@libmedia@5@@Z 00402370 f i umodsys_lib_libmedia:umodsys.mod.media.stdio.obj
 0001:00001500       ?data_list@RDataArchiver_OsDir@stdio@media@modules@UModSys@@UAE_NABU?$TString@U?$TSCoreConst@D@su@tl@UModSys@@U?$TComparerBinaryHash@D@234@@tl@5@IAAU?$TIStackSocket@USFileInfo@libmedia@UModSys@@@75@ABUSFlags@libmedia@5@@Z 00402500 f i umodsys_lib_libmedia:umodsys.mod.media.stdio.obj
 0001:00001500       ?data_info@RDataArchiver_OsDir@stdio@media@modules@UModSys@@UAE_NABU?$TString@U?$TSCoreConst@D@su@tl@UModSys@@U?$TComparerBinaryHash@D@234@@tl@5@IAAUSFileInfo@libmedia@5@ABUSFlags@95@@Z 00402500 f i umodsys_lib_libmedia:umodsys.mod.media.stdio.obj
 0001:00001550       ?get_permissions@RDataArchiver_OsDir@stdio@media@modules@UModSys@@UAEHXZ 00402550 f i umodsys_lib_libmedia:umodsys.mod.media.stdio.obj
 0001:00001560       ??_ERDataArchiver_OsDir@stdio@media@modules@UModSys@@UAEPAXI@Z 00402560 f i  CIL library: CIL module
 0001:00001560       ??_GRDataArchiver_OsDir@stdio@media@modules@UModSys@@UAEPAXI@Z 00402560 f i umodsys_lib_libmedia:umodsys.mod.media.stdio.obj
 0001:00001580       ?get_generated_names@RGenerator@stdio@media@modules@UModSys@@UBEHAAUSUniquePtrList@core@5@@Z 00402580 f i umodsys_lib_libmedia:umodsys.mod.media.stdio.obj
 0001:000015c0       ?get_generated_types@RGenerator@stdio@media@modules@UModSys@@UBEHAAUSUniquePtrList@core@5@PBUSUniquePointerInfo@75@@Z 004025c0 f i umodsys_lib_libmedia:umodsys.mod.media.stdio.obj
 0001:00001650       ?generate@RGenerator@stdio@media@modules@UModSys@@UAE_NAAU?$TRefObject@UIRefObject@core@UModSys@@U?$TRefObjectFunc@UIRefObject@core@UModSys@@@tl@3@@tl@5@PBUSUniquePointerInfo@core@5@ABUSParameters@95@@Z 00402650 f i umodsys_lib_libmedia:umodsys.mod.media.stdio.obj
 0001:000016b0       ?root_get_interface_info@RGenerator@stdio@media@modules@UModSys@@UBEABUSUniquePointerInfo@core@5@XZ 004026b0 f i umodsys_lib_libmedia:umodsys.mod.media.stdio.obj
 0001:000016c0       ?root_get_interface_type@RGenerator@stdio@media@modules@UModSys@@UBEPBUSUniquePointerInfo@core@5@XZ 004026c0 f i umodsys_lib_libmedia:umodsys.mod.media.stdio.obj
 0001:000016d0       ?root_get_other_interface@RGenerator@stdio@media@modules@UModSys@@UAEPAUIRoot@core@5@PBUSUniquePointerInfo@75@@Z 004026d0 f i umodsys_lib_libmedia:umodsys.mod.media.stdio.obj
 0001:000016d0       ?root_get_other_interface@RGenerator@stdio@media@modules@UModSys@@UBEPBUIRoot@core@5@PBUSUniquePointerInfo@75@@Z 004026d0 f i umodsys_lib_libmedia:umodsys.mod.media.stdio.obj
 0001:00001710       ?root_is_interface_supported@RGenerator@stdio@media@modules@UModSys@@UBE_NPBUSUniquePointerInfo@core@5@@Z 00402710 f i umodsys_lib_libmedia:umodsys.mod.media.stdio.obj
 0001:00001750       ?ref_remove@RGenerator@stdlib@media@modules@UModSys@@UBEXXZ 00402750 f i umodsys_lib_libmedia:umodsys.mod.media.stdlib.obj
 0001:00001750       ?ref_remove@RStreamReader_FILE@stdio@media@modules@UModSys@@UBEXXZ 00402750 f i umodsys_lib_libmedia:umodsys.mod.media.stdio.obj
 0001:00001750       ?ref_remove@RGenerator@stdio@media@modules@UModSys@@UBEXXZ 00402750 f i umodsys_lib_libmedia:umodsys.mod.media.stdio.obj
 0001:00001750       ?ref_remove@RStreamWriter_FILE@stdio@media@modules@UModSys@@UBEXXZ 00402750 f i umodsys_lib_libmedia:umodsys.mod.media.stdio.obj
 0001:00001750       ?ref_remove@RUtilities@stdlib@media@modules@UModSys@@UBEXXZ 00402750 f i umodsys_lib_libmedia:umodsys.mod.media.stdlib.obj
 0001:00001760       ?get_uid@RGenerator@stdio@media@modules@UModSys@@UBEPBUSUniquePointerInfo@core@5@XZ 00402760 f i umodsys_lib_libmedia:umodsys.mod.media.stdio.obj
 0001:00001770       ?do_open@RModuleReg@stdio@media@modules@UModSys@@UAE_NXZ 00402770 f i umodsys_lib_libmedia:umodsys.mod.media.stdio.obj
 0001:00001780       ?do_close@RModuleReg@stdio@media@modules@UModSys@@UAE_NXZ 00402780 f i umodsys_lib_libmedia:umodsys.mod.media.stdio.obj
 0001:00001790       ??_ERModuleReg@stdio@media@modules@UModSys@@UAEPAXI@Z 00402790 f i  CIL library: CIL module
 0001:00001790       ??_GRModuleReg@stdio@media@modules@UModSys@@UAEPAXI@Z 00402790 f i umodsys_lib_libmedia:umodsys.mod.media.stdio.obj
 0001:000017c0       ??1?$TRefObject@URBinArchiveFrame@stdlib@media@modules@UModSys@@U?$TRefObjectFunc@URBinArchiveFrame@stdlib@media@modules@UModSys@@@tl@5@@tl@UModSys@@QAE@XZ 004027c0 f i umodsys_lib_libmedia:umodsys.mod.media.stdlib.obj
 0001:000017c0       ??1?$TRefObject@UILibrary@libmedia@UModSys@@U?$TRefObjectFunc@UILibrary@libmedia@UModSys@@@tl@3@@tl@UModSys@@QAE@XZ 004027c0 f i umodsys_lib_libmedia:umodsys.mod.media.stdlib.obj
 0001:000017c0       ??1?$TRefObject@URStreamWriter_FILE@stdio@media@modules@UModSys@@U?$TRefObjectFunc@URStreamWriter_FILE@stdio@media@modules@UModSys@@@tl@5@@tl@UModSys@@QAE@XZ 004027c0 f i umodsys_lib_libmedia:umodsys.mod.media.stdio.obj
 0001:000017c0       ??1?$TRefObject@UIStreamReader@libmedia@UModSys@@U?$TRefObjectFunc@UIStreamReader@libmedia@UModSys@@@tl@3@@tl@UModSys@@QAE@XZ 004027c0 f i umodsys_lib_libmedia:umodsys.mod.media.stdio.obj
 0001:000017c0       ??1?$TRefObject@UIBinArchive@libmedia@UModSys@@U?$TRefObjectFunc@UIBinArchive@libmedia@UModSys@@@tl@3@@tl@UModSys@@QAE@XZ 004027c0 f i umodsys_lib_libmedia:umodsys.mod.media.stdlib.obj
 0001:000017c0       ??1?$TRefObject@URLibraryObjCache@stdlib@media@modules@UModSys@@U?$TRefObjectFunc@URLibraryObjCache@stdlib@media@modules@UModSys@@@tl@5@@tl@UModSys@@QAE@XZ 004027c0 f i umodsys_lib_libmedia:umodsys.mod.media.stdlib.obj
 0001:000017c0       ??1?$TRefObject@UIBinObjFilter@libmedia@UModSys@@U?$TRefObjectFunc@UIBinObjFilter@libmedia@UModSys@@@tl@3@@tl@UModSys@@QAE@XZ 004027c0 f i umodsys_lib_libmedia:umodsys.mod.media.stdlib.obj
 0001:000017c0       ??1?$TRefObject@UIClient@IBinArchiveFrame@libmedia@UModSys@@U?$TRefObjectFunc@UIClient@IBinArchiveFrame@libmedia@UModSys@@@tl@4@@tl@UModSys@@QAE@XZ 004027c0 f i umodsys_lib_libmedia:umodsys.mod.media.stdlib.obj
 0001:000017c0       ??1SFilter@RLibraryObjFilter@stdlib@media@modules@UModSys@@QAE@XZ 004027c0 f i umodsys_lib_libmedia:umodsys.mod.media.stdlib.obj
 0001:000017c0       ??1?$TRefObject@URLibraryObjFilter@stdlib@media@modules@UModSys@@U?$TRefObjectFunc@URLibraryObjFilter@stdlib@media@modules@UModSys@@@tl@5@@tl@UModSys@@QAE@XZ 004027c0 f i umodsys_lib_libmedia:umodsys.mod.media.stdlib.obj
 0001:000017c0       ??1?$TRefObject@UIRefObject@core@UModSys@@U?$TRefObjectFunc@UIRefObject@core@UModSys@@@tl@3@@tl@UModSys@@QAE@XZ 004027c0 f i umodsys_lib_libmedia:umodsys.mod.media.stdlib.obj
 0001:000017c0       ??1?$TRefObject@UIStreamWriter@libmedia@UModSys@@U?$TRefObjectFunc@UIStreamWriter@libmedia@UModSys@@@tl@3@@tl@UModSys@@QAE@XZ 004027c0 f i umodsys_lib_libmedia:umodsys.mod.media.stdio.obj
 0001:000017c0       ??1?$TRefObject@URStreamReader_FILE@stdio@media@modules@UModSys@@U?$TRefObjectFunc@URStreamReader_FILE@stdio@media@modules@UModSys@@@tl@5@@tl@UModSys@@QAE@XZ 004027c0 f i umodsys_lib_libmedia:umodsys.mod.media.stdio.obj
 0001:000017c0       ??1?$TRefObject@URParameters@rsystem@base@UModSys@@U?$TRefObjectFunc@URParameters@rsystem@base@UModSys@@@tl@4@@tl@UModSys@@QAE@XZ 004027c0 f i umodsys_lib_basesys:umodsys.basesys.rsystem_main.obj
 0001:000017c0       ??1?$TRefObject@URLibraryBinTree@stdlib@media@modules@UModSys@@U?$TRefObjectFunc@URLibraryBinTree@stdlib@media@modules@UModSys@@@tl@5@@tl@UModSys@@QAE@XZ 004027c0 f i umodsys_lib_libmedia:umodsys.mod.media.stdlib.obj
 0001:000017c0       ??1?$TRefObject@URLibraryBinCache@stdlib@media@modules@UModSys@@U?$TRefObjectFunc@URLibraryBinCache@stdlib@media@modules@UModSys@@@tl@5@@tl@UModSys@@QAE@XZ 004027c0 f i umodsys_lib_libmedia:umodsys.mod.media.stdlib.obj
 0001:000017c0       ??1?$TRefObject@URLibraryLayered@stdlib@media@modules@UModSys@@U?$TRefObjectFunc@URLibraryLayered@stdlib@media@modules@UModSys@@@tl@5@@tl@UModSys@@QAE@XZ 004027c0 f i umodsys_lib_libmedia:umodsys.mod.media.stdlib.obj
 0001:000017c0       ??1?$TRefObject@URModuleLibrarySO@rsystem@base@UModSys@@U?$TRefObjectFunc@URModuleLibrarySO@rsystem@base@UModSys@@@tl@4@@tl@UModSys@@QAE@XZ 004027c0 f i umodsys_lib_basesys:umodsys.basesys.rmoduleloader.obj
 0001:000017c0       ??1?$TRefObject@UIModuleLibraryUni@rsystem@base@UModSys@@U?$TRefObjectFunc@UIModuleLibraryUni@rsystem@base@UModSys@@@tl@4@@tl@UModSys@@QAE@XZ 004027c0 f i umodsys_lib_basesys:umodsys.basesys.rmodule.obj
 0001:000017c0       ??1?$TRefObject@URUtilities@stdlib@media@modules@UModSys@@U?$TRefObjectFunc@URUtilities@stdlib@media@modules@UModSys@@@tl@5@@tl@UModSys@@QAE@XZ 004027c0 f i umodsys_lib_libmedia:umodsys.mod.media.stdlib.obj
 0001:000017c0       ??1?$TRefObject@UIShell@base@UModSys@@U?$TRefObjectFunc@UIShell@base@UModSys@@@tl@3@@tl@UModSys@@QAE@XZ 004027c0 f i umodsys_lib_basesys:umodsys.basesys.rsystem_tests.obj
 0001:000017c0       ??1?$TRefObject@URDataArchiver_OsDir@stdio@media@modules@UModSys@@U?$TRefObjectFunc@URDataArchiver_OsDir@stdio@media@modules@UModSys@@@tl@5@@tl@UModSys@@QAE@XZ 004027c0 f i umodsys_lib_libmedia:umodsys.mod.media.stdio.obj
 0001:000017e0       ??1?$TString@U?$TSCoreShared@USIMemAlloc@core@UModSys@@D@su@tl@UModSys@@U?$TComparerBinaryHash@D@234@@tl@UModSys@@QAE@XZ 004027e0 f i umodsys_lib_libmedia:umodsys.mod.media.stdio.obj
 0001:000017e0       ??1?$TStringBuf@U?$TSCoreShared@USIMemAlloc@core@UModSys@@D@su@tl@UModSys@@U?$TComparerBinaryHash@D@234@@tl@UModSys@@QAE@XZ 004027e0 f i umodsys_lib_libmedia:umodsys.mod.media.stdlib.obj
 0001:000017e0       ??1?$TSCoreShared@USIMemAlloc@core@UModSys@@D@su@tl@UModSys@@QAE@XZ 004027e0 f i umodsys_lib_libmedia:umodsys.mod.media.stdio.obj
 0001:000017f0       ??_EIRefObject@core@UModSys@@UAEPAXI@Z 004027f0 f i  CIL library: CIL module
 0001:000017f0       ??_GIRefObject@core@UModSys@@UAEPAXI@Z 004027f0 f i umodsys_lib_libmedia:umodsys.mod.media.stdio.obj
 0001:000017f0       ??_GRGenerator@stdio@media@modules@UModSys@@UAEPAXI@Z 004027f0 f i umodsys_lib_libmedia:umodsys.mod.media.stdio.obj
 0001:000017f0       ??_ERGenerator@stdio@media@modules@UModSys@@UAEPAXI@Z 004027f0 f i  CIL library: CIL module
 0001:000017f0       ??_GRGenerator@stdlib@media@modules@UModSys@@UAEPAXI@Z 004027f0 f i umodsys_lib_libmedia:umodsys.mod.media.stdlib.obj
 0001:000017f0       ??_ERGenerator@stdlib@media@modules@UModSys@@UAEPAXI@Z 004027f0 f i  CIL library: CIL module
 0001:00001810       ?info_release@?$TSCoreShared@USIMemAlloc@core@UModSys@@D@su@tl@UModSys@@QAEXXZ 00402810 f i umodsys_lib_libmedia:umodsys.mod.media.stdio.obj
 0001:00001890       ?info_new@?$TSCoreShared@USIMemAlloc@core@UModSys@@D@su@tl@UModSys@@QAE_NPBDI@Z 00402890 f i umodsys_lib_libmedia:umodsys.mod.media.stdio.obj
 0001:00001940       ?get_null@?$TSCoreShared@USIMemAlloc@core@UModSys@@D@su@tl@UModSys@@SAPAU?$TSharedStringInfo@DUSIMemAlloc@core@UModSys@@@234@XZ 00402940 f i umodsys_lib_libmedia:umodsys.mod.media.stdio.obj
 0001:00001980       ??$ValidateConstruction@UIStreamReader@libmedia@UModSys@@URStreamReader_FILE@stdio@media@modules@3@@core@UModSys@@YA_NAAU?$TRefObject@UIStreamReader@libmedia@UModSys@@U?$TRefObjectFunc@UIStreamReader@libmedia@UModSys@@@tl@3@@tl@1@PAURStreamReader_FILE@stdio@media@modules@1@@Z 00402980 f i umodsys_lib_libmedia:umodsys.mod.media.stdio.obj
 0001:00001980       ??$ValidateConstruction@UIRefObject@core@UModSys@@URStreamReader_FILE@stdio@media@modules@3@@core@UModSys@@YA_NAAU?$TRefObject@UIRefObject@core@UModSys@@U?$TRefObjectFunc@UIRefObject@core@UModSys@@@tl@3@@tl@1@PAURStreamReader_FILE@stdio@media@modules@1@@Z 00402980 f i umodsys_lib_libmedia:umodsys.mod.media.stdio.obj
 0001:00001a10       ??$ValidateConstruction@UIStreamWriter@libmedia@UModSys@@URStreamWriter_FILE@stdio@media@modules@3@@core@UModSys@@YA_NAAU?$TRefObject@UIStreamWriter@libmedia@UModSys@@U?$TRefObjectFunc@UIStreamWriter@libmedia@UModSys@@@tl@3@@tl@1@PAURStreamWriter_FILE@stdio@media@modules@1@@Z 00402a10 f i umodsys_lib_libmedia:umodsys.mod.media.stdio.obj
 0001:00001a10       ??$ValidateConstruction@UIRefObject@core@UModSys@@URStreamWriter_FILE@stdio@media@modules@3@@core@UModSys@@YA_NAAU?$TRefObject@UIRefObject@core@UModSys@@U?$TRefObjectFunc@UIRefObject@core@UModSys@@@tl@3@@tl@1@PAURStreamWriter_FILE@stdio@media@modules@1@@Z 00402a10 f i umodsys_lib_libmedia:umodsys.mod.media.stdio.obj
 0001:00001aa0       ??$t_types@URDataArchiver_OsDir@stdio@media@modules@UModSys@@@IGenerator@base@UModSys@@KA_NAAHAAUSUniquePtrList@core@2@PBUSUniquePointerInfo@42@@Z 00402aa0 f i umodsys_lib_libmedia:umodsys.mod.media.stdio.obj
 0001:00001af0       ??$t_gen_param@URStreamReader_FILE@stdio@media@modules@UModSys@@URGenerator@2345@@IGenerator@base@UModSys@@IAE_NPAURGenerator@stdio@media@modules@2@AAU?$TRefObject@UIRefObject@core@UModSys@@U?$TRefObjectFunc@UIRefObject@core@UModSys@@@tl@3@@tl@2@PBUSUniquePointerInfo@core@2@ABUSParameters@core@2@@Z 00402af0 f i umodsys_lib_libmedia:umodsys.mod.media.stdio.obj
 0001:00001b70       ??$t_gen_param@URStreamWriter_FILE@stdio@media@modules@UModSys@@URGenerator@2345@@IGenerator@base@UModSys@@IAE_NPAURGenerator@stdio@media@modules@2@AAU?$TRefObject@UIRefObject@core@UModSys@@U?$TRefObjectFunc@UIRefObject@core@UModSys@@@tl@3@@tl@2@PBUSUniquePointerInfo@core@2@ABUSParameters@core@2@@Z 00402b70 f i umodsys_lib_libmedia:umodsys.mod.media.stdio.obj
 0001:00001be0       ??$t_gen_param@URDataArchiver_OsDir@stdio@media@modules@UModSys@@URGenerator@2345@@IGenerator@base@UModSys@@IAE_NPAURGenerator@stdio@media@modules@2@AAU?$TRefObject@UIRefObject@core@UModSys@@U?$TRefObjectFunc@UIRefObject@core@UModSys@@@tl@3@@tl@2@PBUSUniquePointerInfo@core@2@ABUSParameters@core@2@@Z 00402be0 f i umodsys_lib_libmedia:umodsys.mod.media.stdio.obj
 0001:00001c60       ??1?$TRefObject@UIModObject@base@UModSys@@U?$TModObjectFunc@UIModObject@base@UModSys@@@tl@3@@tl@UModSys@@QAE@XZ 00402c60 f i umodsys_lib_libmedia:umodsys.mod.media.stdio.obj
 0001:00001c80       ??$is_flag@U?$TFlags4StateShift@USMediaFlagUid@libmedia@UModSys@@I$09@tl@UModSys@@@SFlags@libmedia@UModSys@@QBE_NPBUIResolverAuto@012@W4eStates@?$TFlags4State@USMediaFlagUid@libmedia@UModSys@@I@tl@2@@Z 00402c80 f i umodsys_lib_libmedia:umodsys.mod.media.stdio.obj
 0001:00001ce0       ??$ValidateConstruction@UIRefObject@core@UModSys@@URLibraryBinTree@stdlib@media@modules@3@@core@UModSys@@YA_NAAU?$TRefObject@UIRefObject@core@UModSys@@U?$TRefObjectFunc@UIRefObject@core@UModSys@@@tl@3@@tl@1@PAURLibraryBinTree@stdlib@media@modules@1@@Z 00402ce0 f i umodsys_lib_libmedia:umodsys.mod.media.stdlib.obj
 0001:00001ce0       ??$ValidateConstruction@UIRefObject@core@UModSys@@URLibraryBinCache@stdlib@media@modules@3@@core@UModSys@@YA_NAAU?$TRefObject@UIRefObject@core@UModSys@@U?$TRefObjectFunc@UIRefObject@core@UModSys@@@tl@3@@tl@1@PAURLibraryBinCache@stdlib@media@modules@1@@Z 00402ce0 f i umodsys_lib_libmedia:umodsys.mod.media.stdlib.obj
 0001:00001ce0       ??$ValidateConstruction@UIRefObject@core@UModSys@@URDataArchiver_OsDir@stdio@media@modules@3@@core@UModSys@@YA_NAAU?$TRefObject@UIRefObject@core@UModSys@@U?$TRefObjectFunc@UIRefObject@core@UModSys@@@tl@3@@tl@1@PAURDataArchiver_OsDir@stdio@media@modules@1@@Z 00402ce0 f i umodsys_lib_libmedia:umodsys.mod.media.stdio.obj
 0001:00001ce0       ??$ValidateConstruction@UIRefObject@core@UModSys@@URLibraryObjFilter@stdlib@media@modules@3@@core@UModSys@@YA_NAAU?$TRefObject@UIRefObject@core@UModSys@@U?$TRefObjectFunc@UIRefObject@core@UModSys@@@tl@3@@tl@1@PAURLibraryObjFilter@stdlib@media@modules@1@@Z 00402ce0 f i umodsys_lib_libmedia:umodsys.mod.media.stdlib.obj
 0001:00001ce0       ??$ValidateConstruction@UIRefObject@core@UModSys@@URLibraryLayered@stdlib@media@modules@3@@core@UModSys@@YA_NAAU?$TRefObject@UIRefObject@core@UModSys@@U?$TRefObjectFunc@UIRefObject@core@UModSys@@@tl@3@@tl@1@PAURLibraryLayered@stdlib@media@modules@1@@Z 00402ce0 f i umodsys_lib_libmedia:umodsys.mod.media.stdlib.obj
 0001:00001ce0       ??$ValidateConstruction@UIRefObject@core@UModSys@@URUtilities@stdlib@media@modules@3@@core@UModSys@@YA_NAAU?$TRefObject@UIRefObject@core@UModSys@@U?$TRefObjectFunc@UIRefObject@core@UModSys@@@tl@3@@tl@1@PAURUtilities@stdlib@media@modules@1@@Z 00402ce0 f i umodsys_lib_libmedia:umodsys.mod.media.stdlib.obj
 0001:00001ce0       ??$ValidateConstruction@UIRefObject@core@UModSys@@URLibraryObjCache@stdlib@media@modules@3@@core@UModSys@@YA_NAAU?$TRefObject@UIRefObject@core@UModSys@@U?$TRefObjectFunc@UIRefObject@core@UModSys@@@tl@3@@tl@1@PAURLibraryObjCache@stdlib@media@modules@1@@Z 00402ce0 f i umodsys_lib_libmedia:umodsys.mod.media.stdlib.obj
 0001:00001d60       ?s_set@?$TRefObjectFunc@UIRefObject@core@UModSys@@@tl@UModSys@@SAXAAPAUIRefObject@core@3@PAU453@@Z 00402d60 f i umodsys_lib_libmedia:umodsys.mod.media.stdio.obj
 0001:00001d80       ?alloc@SMemShared@core@UModSys@@QAE_NABUSCMem@23@PAUSSourceContext@23@@Z 00402d80 f i umodsys_lib_libmedia:umodsys.mod.media.stdlib.obj
 0001:00001de0       ??BSMemShared@core@UModSys@@QBE?AUSMem@12@XZ 00402de0 f i umodsys_lib_libmedia:umodsys.mod.media.stdlib.obj
 0001:00001e30       ??0SFileInfo@libmedia@UModSys@@QAE@XZ 00402e30 f i umodsys_lib_libmedia:umodsys.mod.media.stdlib.obj
 0001:00001ef0       ??1SFileInfo@libmedia@UModSys@@QAE@XZ 00402ef0 f i umodsys_lib_libmedia:umodsys.mod.media.stdlib.obj
 0001:00001f60       ?get_flag@RResolverChain@SFlagsChain@libmedia@UModSys@@UBE?AW4eStates@?$TFlags4State@USMediaFlagUid@libmedia@UModSys@@I@tl@4@H@Z 00402f60 f i umodsys_lib_libmedia:umodsys.mod.media.stdlib.obj
 0001:00001fa0       ?bin_reader@ILibrary@libmedia@UModSys@@QAE?AU?$TRefObject@UIStreamReader@libmedia@UModSys@@U?$TRefObjectFunc@UIStreamReader@libmedia@UModSys@@@tl@3@@tl@3@ABU?$TString@U?$TSCoreConst@D@su@tl@UModSys@@U?$TComparerBinaryHash@D@234@@53@ABU?$TFlags4State@USMediaFlagUid@libmedia@UModSys@@I@53@@Z 00402fa0 f i umodsys_lib_libmedia:umodsys.mod.media.stdlib.obj
 0001:00001fe0       ?bin_writer@ILibrary@libmedia@UModSys@@QAE?AU?$TRefObject@UIStreamWriter@libmedia@UModSys@@U?$TRefObjectFunc@UIStreamWriter@libmedia@UModSys@@@tl@3@@tl@3@ABU?$TString@U?$TSCoreConst@D@su@tl@UModSys@@U?$TComparerBinaryHash@D@234@@53@ABU?$TFlags4State@USMediaFlagUid@libmedia@UModSys@@I@53@@Z 00402fe0 f i umodsys_lib_libmedia:umodsys.mod.media.stdlib.obj
 0001:00002020       ??1SLayer@ILibraryLayered@libmedia@UModSys@@QAE@XZ 00403020 f i umodsys_lib_libmedia:umodsys.mod.media.stdlib.obj
 0001:00002020       ??1SPoint@ILibraryBinTree@libmedia@UModSys@@QAE@XZ 00403020 f i umodsys_lib_libmedia:umodsys.mod.media.stdlib.obj
 0001:00002040       ?setname@NameNode@IBinArchiveFrame@libmedia@UModSys@@QAEXPAXHABU?$TString@U?$TSCoreConst@D@su@tl@UModSys@@U?$TComparerBinaryHash@D@234@@tl@4@@Z 00403040 f i umodsys_lib_libmedia:umodsys.mod.media.stdlib.obj
 0001:00002090       ?setname@NameNode@IBinArchiveFrame@libmedia@UModSys@@QAEXPAXHABU?$TString@U?$TSCoreConst@D@su@tl@UModSys@@U?$TComparerUtfNocaseHash@D@234@@tl@4@@Z 00403090 f i umodsys_lib_libmedia:umodsys.mod.media.stdlib.obj
 0001:000020e0       ?root_get_interface_info@RUtilities@stdlib@media@modules@UModSys@@UBEABUSUniquePointerInfo@core@5@XZ 004030e0 f i umodsys_lib_libmedia:umodsys.mod.media.stdlib.obj
 0001:000020f0       ?root_get_interface_type@RUtilities@stdlib@media@modules@UModSys@@UBEPBUSUniquePointerInfo@core@5@XZ 004030f0 f i umodsys_lib_libmedia:umodsys.mod.media.stdlib.obj
 0001:00002100       ?root_get_other_interface@RUtilities@stdlib@media@modules@UModSys@@UBEPBUIRoot@core@5@PBUSUniquePointerInfo@75@@Z 00403100 f i umodsys_lib_libmedia:umodsys.mod.media.stdlib.obj
 0001:00002100       ?root_get_other_interface@RUtilities@stdlib@media@modules@UModSys@@UAEPAUIRoot@core@5@PBUSUniquePointerInfo@75@@Z 00403100 f i umodsys_lib_libmedia:umodsys.mod.media.stdlib.obj
 0001:00002130       ?root_is_interface_supported@RUtilities@stdlib@media@modules@UModSys@@UBE_NPBUSUniquePointerInfo@core@5@@Z 00403130 f i umodsys_lib_libmedia:umodsys.mod.media.stdlib.obj
 0001:00002170       ?ref_add@RGenerator@stdio@media@modules@UModSys@@UBEXXZ 00403170 f i umodsys_lib_libmedia:umodsys.mod.media.stdio.obj
 0001:00002170       ?ref_add@RGenerator@stdlib@media@modules@UModSys@@UBEXXZ 00403170 f i umodsys_lib_libmedia:umodsys.mod.media.stdlib.obj
 0001:00002170       ?ref_add@RStreamWriter_FILE@stdio@media@modules@UModSys@@UBEXXZ 00403170 f i umodsys_lib_libmedia:umodsys.mod.media.stdio.obj
 0001:00002170       ?ref_add@RUtilities@stdlib@media@modules@UModSys@@UBEXXZ 00403170 f i umodsys_lib_libmedia:umodsys.mod.media.stdlib.obj
 0001:00002170       ?ref_add@RStreamReader_FILE@stdio@media@modules@UModSys@@UBEXXZ 00403170 f i umodsys_lib_libmedia:umodsys.mod.media.stdio.obj
 0001:00002180       ?suicide@RUtilities@stdlib@media@modules@UModSys@@UAEXXZ 00403180 f i umodsys_lib_libmedia:umodsys.mod.media.stdlib.obj
 0001:00002180       ?suicide@RStreamWriter_FILE@stdio@media@modules@UModSys@@UAEXXZ 00403180 f i umodsys_lib_libmedia:umodsys.mod.media.stdio.obj
 0001:00002180       ?suicide@RStreamReader_FILE@stdio@media@modules@UModSys@@UAEXXZ 00403180 f i umodsys_lib_libmedia:umodsys.mod.media.stdio.obj
 0001:00002190       ?root_get_interface_info@RBinArchiveFrame@stdlib@media@modules@UModSys@@UBEABUSUniquePointerInfo@core@5@XZ 00403190 f i umodsys_lib_libmedia:umodsys.mod.media.stdlib.obj
 0001:000021a0       ?root_get_interface_type@RBinArchiveFrame@stdlib@media@modules@UModSys@@UBEPBUSUniquePointerInfo@core@5@XZ 004031a0 f i umodsys_lib_libmedia:umodsys.mod.media.stdlib.obj
 0001:000021b0       ?root_get_other_interface@RBinArchiveFrame@stdlib@media@modules@UModSys@@UBEPBUIRoot@core@5@PBUSUniquePointerInfo@75@@Z 004031b0 f i umodsys_lib_libmedia:umodsys.mod.media.stdlib.obj
 0001:000021b0       ?root_get_other_interface@RBinArchiveFrame@stdlib@media@modules@UModSys@@UAEPAUIRoot@core@5@PBUSUniquePointerInfo@75@@Z 004031b0 f i umodsys_lib_libmedia:umodsys.mod.media.stdlib.obj
 0001:000021f0       ?root_is_interface_supported@RBinArchiveFrame@stdlib@media@modules@UModSys@@UBE_NPBUSUniquePointerInfo@core@5@@Z 004031f0 f i umodsys_lib_libmedia:umodsys.mod.media.stdlib.obj
 0001:00002240       ?ref_add@RBinArchiveFrame@stdlib@media@modules@UModSys@@UBEXXZ 00403240 f i umodsys_lib_libmedia:umodsys.mod.media.stdlib.obj
 0001:00002250       ?ref_remove@RBinArchiveFrame@stdlib@media@modules@UModSys@@UBEXXZ 00403250 f i umodsys_lib_libmedia:umodsys.mod.media.stdlib.obj
 0001:00002260       ?ref_links@RBinArchiveFrame@stdlib@media@modules@UModSys@@UBEHXZ 00403260 f i umodsys_lib_libmedia:umodsys.mod.media.stdlib.obj
 0001:00002270       ?ref_weak@RBinArchiveFrame@stdlib@media@modules@UModSys@@UBE_NAAUWeakPointer@IRefObject@core@5@@Z 00403270 f i umodsys_lib_libmedia:umodsys.mod.media.stdlib.obj
 0001:00002290       ?suicide@RBinArchiveFrame@stdlib@media@modules@UModSys@@UAEXXZ 00403290 f i umodsys_lib_libmedia:umodsys.mod.media.stdlib.obj
 0001:000022a0       ?root_get_interface_info@RLibraryBinTree@stdlib@media@modules@UModSys@@UBEABUSUniquePointerInfo@core@5@XZ 004032a0 f i umodsys_lib_libmedia:umodsys.mod.media.stdlib.obj
 0001:000022b0       ?root_get_interface_type@RLibraryBinTree@stdlib@media@modules@UModSys@@UBEPBUSUniquePointerInfo@core@5@XZ 004032b0 f i umodsys_lib_libmedia:umodsys.mod.media.stdlib.obj
 0001:000022c0       ?root_get_other_interface@RLibraryBinTree@stdlib@media@modules@UModSys@@UAEPAUIRoot@core@5@PBUSUniquePointerInfo@75@@Z 004032c0 f i umodsys_lib_libmedia:umodsys.mod.media.stdlib.obj
 0001:000022c0       ?root_get_other_interface@RLibraryBinTree@stdlib@media@modules@UModSys@@UBEPBUIRoot@core@5@PBUSUniquePointerInfo@75@@Z 004032c0 f i umodsys_lib_libmedia:umodsys.mod.media.stdlib.obj
 0001:00002300       ?root_is_interface_supported@RLibraryBinTree@stdlib@media@modules@UModSys@@UBE_NPBUSUniquePointerInfo@core@5@@Z 00403300 f i umodsys_lib_libmedia:umodsys.mod.media.stdlib.obj
 0001:00002350       ?_root_get_interface_types@RLibraryBinCache@stdlib@media@modules@UModSys@@SAIAAUSUniquePtrList@core@5@@Z 00403350 f i umodsys_lib_libmedia:umodsys.mod.media.stdlib.obj
 0001:000023a0       ?root_get_interface_info@RLibraryBinCache@stdlib@media@modules@UModSys@@UBEABUSUniquePointerInfo@core@5@XZ 004033a0 f i umodsys_lib_libmedia:umodsys.mod.media.stdlib.obj
 0001:000023b0       ?root_get_interface_type@RLibraryBinCache@stdlib@media@modules@UModSys@@UBEPBUSUniquePointerInfo@core@5@XZ 004033b0 f i umodsys_lib_libmedia:umodsys.mod.media.stdlib.obj
 0001:000023c0       ?root_get_other_interface@RLibraryBinCache@stdlib@media@modules@UModSys@@UAEPAUIRoot@core@5@PBUSUniquePointerInfo@75@@Z 004033c0 f i umodsys_lib_libmedia:umodsys.mod.media.stdlib.obj
 0001:000023c0       ?root_get_other_interface@RLibraryBinCache@stdlib@media@modules@UModSys@@UBEPBUIRoot@core@5@PBUSUniquePointerInfo@75@@Z 004033c0 f i umodsys_lib_libmedia:umodsys.mod.media.stdlib.obj
 0001:00002400       ?root_is_interface_supported@RLibraryBinCache@stdlib@media@modules@UModSys@@UBE_NPBUSUniquePointerInfo@core@5@@Z 00403400 f i umodsys_lib_libmedia:umodsys.mod.media.stdlib.obj
 0001:00002450       ?root_get_interface_info@RLibraryLayered@stdlib@media@modules@UModSys@@UBEABUSUniquePointerInfo@core@5@XZ 00403450 f i umodsys_lib_libmedia:umodsys.mod.media.stdlib.obj
 0001:00002460       ?root_get_interface_type@RLibraryLayered@stdlib@media@modules@UModSys@@UBEPBUSUniquePointerInfo@core@5@XZ 00403460 f i umodsys_lib_libmedia:umodsys.mod.media.stdlib.obj
 0001:00002470       ?root_get_other_interface@RLibraryLayered@stdlib@media@modules@UModSys@@UAEPAUIRoot@core@5@PBUSUniquePointerInfo@75@@Z 00403470 f i umodsys_lib_libmedia:umodsys.mod.media.stdlib.obj
 0001:00002470       ?root_get_other_interface@RLibraryLayered@stdlib@media@modules@UModSys@@UBEPBUIRoot@core@5@PBUSUniquePointerInfo@75@@Z 00403470 f i umodsys_lib_libmedia:umodsys.mod.media.stdlib.obj
 0001:000024b0       ?root_is_interface_supported@RLibraryLayered@stdlib@media@modules@UModSys@@UBE_NPBUSUniquePointerInfo@core@5@@Z 004034b0 f i umodsys_lib_libmedia:umodsys.mod.media.stdlib.obj
 0001:00002500       ??4SLayerX@RLibraryLayered@stdlib@media@modules@UModSys@@QAEXABUSLayer@ILibraryLayered@libmedia@5@@Z 00403500 f i umodsys_lib_libmedia:umodsys.mod.media.stdlib.obj
 0001:00002590       ?root_get_interface_info@RLibraryObjCache@stdlib@media@modules@UModSys@@UBEABUSUniquePointerInfo@core@5@XZ 00403590 f i umodsys_lib_libmedia:umodsys.mod.media.stdlib.obj
 0001:000025a0       ?root_get_interface_type@RLibraryObjCache@stdlib@media@modules@UModSys@@UBEPBUSUniquePointerInfo@core@5@XZ 004035a0 f i umodsys_lib_libmedia:umodsys.mod.media.stdlib.obj
 0001:000025b0       ?root_get_other_interface@RLibraryObjCache@stdlib@media@modules@UModSys@@UBEPBUIRoot@core@5@PBUSUniquePointerInfo@75@@Z 004035b0 f i umodsys_lib_libmedia:umodsys.mod.media.stdlib.obj
 0001:000025b0       ?root_get_other_interface@RLibraryObjCache@stdlib@media@modules@UModSys@@UAEPAUIRoot@core@5@PBUSUniquePointerInfo@75@@Z 004035b0 f i umodsys_lib_libmedia:umodsys.mod.media.stdlib.obj
 0001:000025f0       ?root_is_interface_supported@RLibraryObjCache@stdlib@media@modules@UModSys@@UBE_NPBUSUniquePointerInfo@core@5@@Z 004035f0 f i umodsys_lib_libmedia:umodsys.mod.media.stdlib.obj
 0001:00002640       ?ref_add@RParameters@rsystem@base@UModSys@@UBEXXZ 00403640 f i umodsys_lib_basesys:umodsys.basesys.rparameters.obj
 0001:00002640       ?ref_add@RLibraryObjCache@stdlib@media@modules@UModSys@@UBEXXZ 00403640 f i umodsys_lib_libmedia:umodsys.mod.media.stdlib.obj
 0001:00002640       ?ref_add@RLibraryObjFilter@stdlib@media@modules@UModSys@@UBEXXZ 00403640 f i umodsys_lib_libmedia:umodsys.mod.media.stdlib.obj
 0001:00002640       ?ref_add@RDataArchiver_OsDir@stdio@media@modules@UModSys@@UBEXXZ 00403640 f i umodsys_lib_libmedia:umodsys.mod.media.stdio.obj
 0001:00002640       ?ref_add@RLibraryBinTree@stdlib@media@modules@UModSys@@UBEXXZ 00403640 f i umodsys_lib_libmedia:umodsys.mod.media.stdlib.obj
 0001:00002640       ?ref_add@RLibraryLayered@stdlib@media@modules@UModSys@@UBEXXZ 00403640 f i umodsys_lib_libmedia:umodsys.mod.media.stdlib.obj
 0001:00002640       ?ref_add@RLibraryBinCache@stdlib@media@modules@UModSys@@UBEXXZ 00403640 f i umodsys_lib_libmedia:umodsys.mod.media.stdlib.obj
 0001:00002650       ??0SCacheElem@RLibraryBinCache@stdlib@media@modules@UModSys@@QAE@XZ 00403650 f i umodsys_lib_libmedia:umodsys.mod.media.stdlib.obj
 0001:00002650       ??0SCacheElem@RLibraryObjCache@stdlib@media@modules@UModSys@@QAE@XZ 00403650 f i umodsys_lib_libmedia:umodsys.mod.media.stdlib.obj
 0001:000026b0       ?root_get_interface_info@RLibraryObjFilter@stdlib@media@modules@UModSys@@UBEABUSUniquePointerInfo@core@5@XZ 004036b0 f i umodsys_lib_libmedia:umodsys.mod.media.stdlib.obj
 0001:000026c0       ?root_get_interface_type@RLibraryObjFilter@stdlib@media@modules@UModSys@@UBEPBUSUniquePointerInfo@core@5@XZ 004036c0 f i umodsys_lib_libmedia:umodsys.mod.media.stdlib.obj
 0001:000026d0       ?root_get_other_interface@RLibraryObjFilter@stdlib@media@modules@UModSys@@UAEPAUIRoot@core@5@PBUSUniquePointerInfo@75@@Z 004036d0 f i umodsys_lib_libmedia:umodsys.mod.media.stdlib.obj
 0001:000026d0       ?root_get_other_interface@RLibraryObjFilter@stdlib@media@modules@UModSys@@UBEPBUIRoot@core@5@PBUSUniquePointerInfo@75@@Z 004036d0 f i umodsys_lib_libmedia:umodsys.mod.media.stdlib.obj
 0001:00002710       ?root_is_interface_supported@RLibraryObjFilter@stdlib@media@modules@UModSys@@UBE_NPBUSUniquePointerInfo@core@5@@Z 00403710 f i umodsys_lib_libmedia:umodsys.mod.media.stdlib.obj
 0001:00002760       ?get_generated_names@RGenerator@stdlib@media@modules@UModSys@@UBEHAAUSUniquePtrList@core@5@@Z 00403760 f i umodsys_lib_libmedia:umodsys.mod.media.stdlib.obj
 0001:000027c0       ?get_generated_types@RGenerator@stdlib@media@modules@UModSys@@UBEHAAUSUniquePtrList@core@5@PBUSUniquePointerInfo@75@@Z 004037c0 f i umodsys_lib_libmedia:umodsys.mod.media.stdlib.obj
 0001:000028a0       ?generate@RGenerator@stdlib@media@modules@UModSys@@UAE_NAAU?$TRefObject@UIRefObject@core@UModSys@@U?$TRefObjectFunc@UIRefObject@core@UModSys@@@tl@3@@tl@5@PBUSUniquePointerInfo@core@5@ABUSParameters@95@@Z 004038a0 f i umodsys_lib_libmedia:umodsys.mod.media.stdlib.obj
 0001:00002950       ?root_get_interface_info@RGenerator@stdlib@media@modules@UModSys@@UBEABUSUniquePointerInfo@core@5@XZ 00403950 f i umodsys_lib_libmedia:umodsys.mod.media.stdlib.obj
 0001:00002960       ?root_get_interface_type@RGenerator@stdlib@media@modules@UModSys@@UBEPBUSUniquePointerInfo@core@5@XZ 00403960 f i umodsys_lib_libmedia:umodsys.mod.media.stdlib.obj
 0001:00002970       ?root_get_other_interface@RGenerator@stdlib@media@modules@UModSys@@UAEPAUIRoot@core@5@PBUSUniquePointerInfo@75@@Z 00403970 f i umodsys_lib_libmedia:umodsys.mod.media.stdlib.obj
 0001:00002970       ?root_get_other_interface@RGenerator@stdlib@media@modules@UModSys@@UBEPBUIRoot@core@5@PBUSUniquePointerInfo@75@@Z 00403970 f i umodsys_lib_libmedia:umodsys.mod.media.stdlib.obj
 0001:000029b0       ?root_is_interface_supported@RGenerator@stdlib@media@modules@UModSys@@UBE_NPBUSUniquePointerInfo@core@5@@Z 004039b0 f i umodsys_lib_libmedia:umodsys.mod.media.stdlib.obj
 0001:000029f0       ?ref_weak@RStreamReader_FILE@stdio@media@modules@UModSys@@UBE_NAAUWeakPointer@IRefObject@core@5@@Z 004039f0 f i umodsys_lib_libmedia:umodsys.mod.media.stdio.obj
 0001:000029f0       ?ref_weak@RUtilities@stdlib@media@modules@UModSys@@UBE_NAAUWeakPointer@IRefObject@core@5@@Z 004039f0 f i umodsys_lib_libmedia:umodsys.mod.media.stdlib.obj
 0001:000029f0       ?ref_weak@RStreamWriter_FILE@stdio@media@modules@UModSys@@UBE_NAAUWeakPointer@IRefObject@core@5@@Z 004039f0 f i umodsys_lib_libmedia:umodsys.mod.media.stdio.obj
 0001:000029f0       ?ref_weak@RGenerator@stdio@media@modules@UModSys@@UBE_NAAUWeakPointer@IRefObject@core@5@@Z 004039f0 f i umodsys_lib_libmedia:umodsys.mod.media.stdio.obj
 0001:000029f0       ?ref_weak@RGenerator@stdlib@media@modules@UModSys@@UBE_NAAUWeakPointer@IRefObject@core@5@@Z 004039f0 f i umodsys_lib_libmedia:umodsys.mod.media.stdlib.obj
 0001:00002a10       ?suicide@RGenerator@stdio@media@modules@UModSys@@UAEXXZ 00403a10 f i umodsys_lib_libmedia:umodsys.mod.media.stdio.obj
 0001:00002a10       ??3@YAXPAX0@Z              00403a10 f i umodsys_lib_libmedia:umodsys.mod.media.stdio.obj
 0001:00002a10       ?suicide@RGenerator@stdlib@media@modules@UModSys@@UAEXXZ 00403a10 f i umodsys_lib_libmedia:umodsys.mod.media.stdlib.obj
 0001:00002a20       ?get_uid@RGenerator@stdlib@media@modules@UModSys@@UBEPBUSUniquePointerInfo@core@5@XZ 00403a20 f i umodsys_lib_libmedia:umodsys.mod.media.stdlib.obj
 0001:00002a30       ??_GRUtilities@stdlib@media@modules@UModSys@@UAEPAXI@Z 00403a30 f i umodsys_lib_libmedia:umodsys.mod.media.stdlib.obj
 0001:00002a30       ??_ERUtilities@stdlib@media@modules@UModSys@@UAEPAXI@Z 00403a30 f i  CIL library: CIL module
 0001:00002a50       ??_GRBinArchiveFrame@stdlib@media@modules@UModSys@@UAEPAXI@Z 00403a50 f i umodsys_lib_libmedia:umodsys.mod.media.stdlib.obj
 0001:00002a50       ??_ERBinArchiveFrame@stdlib@media@modules@UModSys@@UAEPAXI@Z 00403a50 f i  CIL library: CIL module
 0001:00002a70       ??1IBinArchiveFrame@libmedia@UModSys@@UAE@XZ 00403a70 f i umodsys_lib_libmedia:umodsys.mod.media.stdlib.obj
 0001:00002b10       ??_GRLibraryBinTree@stdlib@media@modules@UModSys@@UAEPAXI@Z 00403b10 f i umodsys_lib_libmedia:umodsys.mod.media.stdlib.obj
 0001:00002b10       ??_ERLibraryBinTree@stdlib@media@modules@UModSys@@UAEPAXI@Z 00403b10 f i  CIL library: CIL module
 0001:00002b30       ??_ERLibraryBinCache@stdlib@media@modules@UModSys@@UAEPAXI@Z 00403b30 f i  CIL library: CIL module
 0001:00002b30       ??_GRLibraryBinCache@stdlib@media@modules@UModSys@@UAEPAXI@Z 00403b30 f i umodsys_lib_libmedia:umodsys.mod.media.stdlib.obj
 0001:00002b50       ??_GRLibraryLayered@stdlib@media@modules@UModSys@@UAEPAXI@Z 00403b50 f i umodsys_lib_libmedia:umodsys.mod.media.stdlib.obj
 0001:00002b50       ??_ERLibraryLayered@stdlib@media@modules@UModSys@@UAEPAXI@Z 00403b50 f i  CIL library: CIL module
 0001:00002b70       ??1SCMemShared@core@UModSys@@QAE@XZ 00403b70 f i umodsys_lib_libmedia:umodsys.mod.media.stdlib.obj
 0001:00002b70       ??1SMemShared@core@UModSys@@QAE@XZ 00403b70 f i umodsys_lib_libmedia:umodsys.mod.media.stdio.obj
 0001:00002b70       ??1SInfo@IBinObjFilter@libmedia@UModSys@@QAE@XZ 00403b70 f i umodsys_lib_libmedia:umodsys.mod.media.stdlib.obj
 0001:00002b90       ??_GRLibraryObjCache@stdlib@media@modules@UModSys@@UAEPAXI@Z 00403b90 f i umodsys_lib_libmedia:umodsys.mod.media.stdlib.obj
 0001:00002b90       ??_ERLibraryObjCache@stdlib@media@modules@UModSys@@UAEPAXI@Z 00403b90 f i  CIL library: CIL module
 0001:00002bb0       ??_GRLibraryObjFilter@stdlib@media@modules@UModSys@@UAEPAXI@Z 00403bb0 f i umodsys_lib_libmedia:umodsys.mod.media.stdlib.obj
 0001:00002bb0       ??_ERLibraryObjFilter@stdlib@media@modules@UModSys@@UAEPAXI@Z 00403bb0 f i  CIL library: CIL module
 0001:00002bd0       ??1ILibraryObjFilter@libmedia@UModSys@@UAE@XZ 00403bd0 f i umodsys_lib_libmedia:umodsys.mod.media.stdlib.obj
 0001:00002bd0       ??1IBinArchive@libmedia@UModSys@@UAE@XZ 00403bd0 f i umodsys_lib_libmedia:umodsys.mod.media.stdio.obj
 0001:00002bd0       ??1ILibraryLayered@libmedia@UModSys@@UAE@XZ 00403bd0 f i umodsys_lib_libmedia:umodsys.mod.media.stdlib.obj
 0001:00002bd0       ??1ILibraryObjCache@libmedia@UModSys@@UAE@XZ 00403bd0 f i umodsys_lib_libmedia:umodsys.mod.media.stdlib.obj
 0001:00002bd0       ??1ILibraryBinCache@libmedia@UModSys@@UAE@XZ 00403bd0 f i umodsys_lib_libmedia:umodsys.mod.media.stdlib.obj
 0001:00002bd0       ??1ILibraryBinTree@libmedia@UModSys@@UAE@XZ 00403bd0 f i umodsys_lib_libmedia:umodsys.mod.media.stdlib.obj
 0001:00002c20       ?do_open@RModuleReg@stdlib@media@modules@UModSys@@UAE_NXZ 00403c20 f i umodsys_lib_libmedia:umodsys.mod.media.stdlib.obj
 0001:00002c30       ?do_close@RModuleReg@stdlib@media@modules@UModSys@@UAE_NXZ 00403c30 f i umodsys_lib_libmedia:umodsys.mod.media.stdlib.obj
 0001:00002c40       ??_GRModuleReg@stdlib@media@modules@UModSys@@UAEPAXI@Z 00403c40 f i umodsys_lib_libmedia:umodsys.mod.media.stdlib.obj
 0001:00002c40       ??_ERModuleReg@stdlib@media@modules@UModSys@@UAEPAXI@Z 00403c40 f i  CIL library: CIL module
 0001:00002c70       ?cat@?$TSCoreBuffer@D@su@tl@UModSys@@QAE_NPBDI@Z 00403c70 f i umodsys_lib_libmedia:umodsys.mod.media.stdlib.obj
 0001:00002cb0       ??4?$TString@U?$TSCoreConst@D@su@tl@UModSys@@U?$TComparerBinaryHash@D@234@@tl@UModSys@@QAEABU012@PBD@Z 00403cb0 f i umodsys_lib_libmedia:umodsys.mod.media.stdlib.obj
 0001:00002cf0       ??4?$TRefObject@UIStreamWriter@libmedia@UModSys@@U?$TRefObjectFunc@UIStreamWriter@libmedia@UModSys@@@tl@3@@tl@UModSys@@QAEABU012@ABU012@@Z 00403cf0 f i umodsys_lib_libmedia:umodsys.mod.media.stdlib.obj
 0001:00002d20       ??0?$TString@U?$TSCoreShared@USIMemAlloc@core@UModSys@@D@su@tl@UModSys@@U?$TComparerBinaryHash@D@234@@tl@UModSys@@QAE@ABU?$TSCoreConst@D@su@12@@Z 00403d20 f i umodsys_lib_libmedia:umodsys.mod.media.stdlib.obj
 0001:00002dd0       ?is_null@?$TSCoreShared@USIMemAlloc@core@UModSys@@D@su@tl@UModSys@@QBE_NXZ 00403dd0 f i umodsys_lib_libmedia:umodsys.mod.media.stdlib.obj
 0001:00002e20       ??0?$TStringBuf@U?$TSCoreShared@USIMemAlloc@core@UModSys@@D@su@tl@UModSys@@U?$TComparerBinaryHash@D@234@@tl@UModSys@@QAE@XZ 00403e20 f i umodsys_lib_libmedia:umodsys.mod.media.stdlib.obj
 0001:00002e70       ??1?$TTreeHoldRBD@UNameNode@IBinArchiveFrame@libmedia@UModSys@@U?$TNodeDeleter0@UNameNode@IBinArchiveFrame@libmedia@UModSys@@@tl@4@@tl@UModSys@@QAE@XZ 00403e70 f i umodsys_lib_libmedia:umodsys.mod.media.stdlib.obj
 0001:00002ec0       ?set_length@?$TStringBuf@U?$TSCoreShared@USIMemAlloc@core@UModSys@@D@su@tl@UModSys@@U?$TComparerBinaryHash@D@234@@tl@UModSys@@QAEXI@Z 00403ec0 f i umodsys_lib_libmedia:umodsys.mod.media.stdlib.obj
 0001:00002f20       ?remove_node@?$TTreeHoldRB@U?$TScatterArrayNode@USFilter@RLibraryObjFilter@stdlib@media@modules@UModSys@@USId@23456@@tl@UModSys@@@tl@UModSys@@QAEXPAU?$TScatterArrayNode@USFilter@RLibraryObjFilter@stdlib@media@modules@UModSys@@USId@23456@@23@@Z 00403f20 f i umodsys_lib_libmedia:umodsys.mod.media.stdlib.obj
 0001:00002f20       ?remove_node@?$TTreeHoldRB@UNameNode@IBinArchiveFrame@libmedia@UModSys@@@tl@UModSys@@QAEXPAUNameNode@IBinArchiveFrame@libmedia@3@@Z 00403f20 f i umodsys_lib_libmedia:umodsys.mod.media.stdlib.obj
 0001:00002f20       ?remove_node@?$TTreeHoldRB@U?$TScatterArrayNode@USCacheElem@RLibraryObjCache@stdlib@media@modules@UModSys@@U?$TString@U?$TSCoreConst@D@su@tl@UModSys@@U?$TComparerBinaryHash@D@234@@tl@6@@tl@UModSys@@@tl@UModSys@@QAEXPAU?$TScatterArrayNode@USCacheElem@RLibraryObjCache@stdlib@media@modules@UModSys@@U?$TString@U?$TSCoreConst@D@su@tl@UModSys@@U?$TComparerBinaryHash@D@234@@tl@6@@23@@Z 00403f20 f i umodsys_lib_libmedia:umodsys.mod.media.stdlib.obj
 0001:00002f20       ?remove_node@?$TTreeHoldRB@U?$TScatterArrayNode@USCacheElem@RLibraryBinCache@stdlib@media@modules@UModSys@@U?$TString@U?$TSCoreConst@D@su@tl@UModSys@@U?$TComparerBinaryHash@D@234@@tl@6@@tl@UModSys@@@tl@UModSys@@QAEXPAU?$TScatterArrayNode@USCacheElem@RLibraryBinCache@stdlib@media@modules@UModSys@@U?$TString@U?$TSCoreConst@D@su@tl@UModSys@@U?$TComparerBinaryHash@D@234@@tl@6@@23@@Z 00403f20 f i umodsys_lib_libmedia:umodsys.mod.media.stdlib.obj
 0001:00002f20       ?remove_node@?$TTreeHoldRB@U?$TScatterArrayNode@USMountInfo@RLibraryBinTree@stdlib@media@modules@UModSys@@USId@ILibraryBinTree@libmedia@6@@tl@UModSys@@@tl@UModSys@@QAEXPAU?$TScatterArrayNode@USMountInfo@RLibraryBinTree@stdlib@media@modules@UModSys@@USId@ILibraryBinTree@libmedia@6@@23@@Z 00403f20 f i umodsys_lib_libmedia:umodsys.mod.media.stdlib.obj
 0001:00003010       ??1?$TPair@USId@ILibraryBinTree@libmedia@UModSys@@USMountInfo@RLibraryBinTree@stdlib@media@modules@4@@tl@UModSys@@QAE@XZ 00404010 f i umodsys_lib_libmedia:umodsys.mod.media.stdlib.obj
 0001:00003020       ??1?$TPair@U?$TString@U?$TSCoreConst@D@su@tl@UModSys@@U?$TComparerBinaryHash@D@234@@tl@UModSys@@USCacheElem@RLibraryBinCache@stdlib@media@modules@3@@tl@UModSys@@QAE@XZ 00404020 f i umodsys_lib_libmedia:umodsys.mod.media.stdlib.obj
 0001:00003030       ??1?$TPair@U?$TString@U?$TSCoreConst@D@su@tl@UModSys@@U?$TComparerBinaryHash@D@234@@tl@UModSys@@USCacheElem@RLibraryObjCache@stdlib@media@modules@3@@tl@UModSys@@QAE@XZ 00404030 f i umodsys_lib_libmedia:umodsys.mod.media.stdlib.obj
 0001:00003040       ??1?$TPair@USId@RLibraryObjFilter@stdlib@media@modules@UModSys@@USFilter@23456@@tl@UModSys@@QAE@XZ 00404040 f i umodsys_lib_libmedia:umodsys.mod.media.stdlib.obj
 0001:00003060       ??1SMountInfo@RLibraryBinTree@stdlib@media@modules@UModSys@@QAE@XZ 00404060 f i umodsys_lib_libmedia:umodsys.mod.media.stdlib.obj
 0001:000030c0       ??1SCacheElem@RLibraryBinCache@stdlib@media@modules@UModSys@@QAE@XZ 004040c0 f i umodsys_lib_libmedia:umodsys.mod.media.stdlib.obj
 0001:00003120       ??1SCacheElem@RLibraryObjCache@stdlib@media@modules@UModSys@@QAE@XZ 00404120 f i umodsys_lib_libmedia:umodsys.mod.media.stdlib.obj
 0001:00003180       ?info_alloc@?$TSCoreShared@USIMemAlloc@core@UModSys@@D@su@tl@UModSys@@QAE_NI@Z 00404180 f i umodsys_lib_libmedia:umodsys.mod.media.stdlib.obj
 0001:000031f0       ?ResizeRel@?$TDynarray@U?$TDynarrayHolderDynamic@UBuffer@RUtilities@stdlib@media@modules@UModSys@@U?$TAllocator@USIMemAlloc@core@UModSys@@USCountCalcPower2@23@@tl@6@@tl@UModSys@@@tl@UModSys@@QAE_NH@Z 004041f0 f i umodsys_lib_libmedia:umodsys.mod.media.stdlib.obj
 0001:00003250       ?obj_delete@?$TRefObjectLinksModObject@URLibraryBinTree@stdlib@media@modules@UModSys@@UIModObject@base@5@@tl@UModSys@@QBEXPAURLibraryBinTree@stdlib@media@modules@3@@Z 00404250 f i umodsys_lib_libmedia:umodsys.mod.media.stdlib.obj
 0001:00003250       ?obj_delete@?$TRefObjectLinksModObject@URUtilities@stdlib@media@modules@UModSys@@UIModObject@base@5@@tl@UModSys@@QBEXPAURUtilities@stdlib@media@modules@3@@Z 00404250 f i umodsys_lib_libmedia:umodsys.mod.media.stdlib.obj
 0001:00003250       ?obj_delete@?$TRefObjectLinksModObject@URLibraryLayered@stdlib@media@modules@UModSys@@UIModObject@base@5@@tl@UModSys@@QBEXPAURLibraryLayered@stdlib@media@modules@3@@Z 00404250 f i umodsys_lib_libmedia:umodsys.mod.media.stdlib.obj
 0001:00003250       ?obj_delete@?$TRefObjectLinksModObject@URLibraryObjFilter@stdlib@media@modules@UModSys@@UIModObject@base@5@@tl@UModSys@@QBEXPAURLibraryObjFilter@stdlib@media@modules@3@@Z 00404250 f i umodsys_lib_libmedia:umodsys.mod.media.stdlib.obj
 0001:00003250       ?obj_delete@?$TRefObjectLinksModObject@URDataArchiver_OsDir@stdio@media@modules@UModSys@@UIModObject@base@5@@tl@UModSys@@QBEXPAURDataArchiver_OsDir@stdio@media@modules@3@@Z 00404250 f i umodsys_lib_libmedia:umodsys.mod.media.stdio.obj
 0001:00003250       ?obj_delete@?$TRefObjectLinksModObject@URStreamReader_FILE@stdio@media@modules@UModSys@@UIModObject@base@5@@tl@UModSys@@QBEXPAURStreamReader_FILE@stdio@media@modules@3@@Z 00404250 f i umodsys_lib_libmedia:umodsys.mod.media.stdio.obj
 0001:00003250       ?obj_delete@?$TRefObjectLinksModObject@URBinArchiveFrame@stdlib@media@modules@UModSys@@UIModObject@base@5@@tl@UModSys@@QBEXPAURBinArchiveFrame@stdlib@media@modules@3@@Z 00404250 f i umodsys_lib_libmedia:umodsys.mod.media.stdlib.obj
 0001:00003250       ?obj_delete@?$TRefObjectLinksModObject@URLibraryBinCache@stdlib@media@modules@UModSys@@UIModObject@base@5@@tl@UModSys@@QBEXPAURLibraryBinCache@stdlib@media@modules@3@@Z 00404250 f i umodsys_lib_libmedia:umodsys.mod.media.stdlib.obj
 0001:00003250       ?obj_delete@?$TRefObjectLinksModObject@URStreamWriter_FILE@stdio@media@modules@UModSys@@UIModObject@base@5@@tl@UModSys@@QBEXPAURStreamWriter_FILE@stdio@media@modules@3@@Z 00404250 f i umodsys_lib_libmedia:umodsys.mod.media.stdio.obj
 0001:00003250       ?obj_delete@?$TRefObjectLinksModObject@URLibraryObjCache@stdlib@media@modules@UModSys@@UIModObject@base@5@@tl@UModSys@@QBEXPAURLibraryObjCache@stdlib@media@modules@3@@Z 00404250 f i umodsys_lib_libmedia:umodsys.mod.media.stdlib.obj
 0001:000032c0       ??$new_node@U?$TString@U?$TSCoreConst@D@su@tl@UModSys@@U?$TComparerUtfNocaseHash@D@234@@tl@UModSys@@@RBinArchiveFrame@stdlib@media@modules@UModSys@@SAPAUNameNode@IBinArchiveFrame@libmedia@4@ABU?$TString@U?$TSCoreConst@D@su@tl@UModSys@@U?$TComparerUtfNocaseHash@D@234@@tl@4@HPAUSMem@core@4@@Z 004042c0 f i umodsys_lib_libmedia:umodsys.mod.media.stdlib.obj
 0001:00003340       ??$new_node@U?$TString@U?$TSCoreConst@D@su@tl@UModSys@@U?$TComparerBinaryHash@D@234@@tl@UModSys@@@RBinArchiveFrame@stdlib@media@modules@UModSys@@SAPAUNameNode@IBinArchiveFrame@libmedia@4@ABU?$TString@U?$TSCoreConst@D@su@tl@UModSys@@U?$TComparerBinaryHash@D@234@@tl@4@HPAUSMem@core@4@@Z 00404340 f i umodsys_lib_libmedia:umodsys.mod.media.stdlib.obj
 0001:000033c0       ?ResizeRel@?$TDynarray@U?$TDynarrayHolderDynamic@USLayerX@RLibraryLayered@stdlib@media@modules@UModSys@@U?$TAllocator@USIMemAlloc@core@UModSys@@USCountCalcPower2@23@@tl@6@@tl@UModSys@@@tl@UModSys@@QAE_NH@Z 004043c0 f i umodsys_lib_libmedia:umodsys.mod.media.stdlib.obj
 0001:00003430       ?InsertAt@?$TDynarray@U?$TDynarrayHolderDynamic@USLayerX@RLibraryLayered@stdlib@media@modules@UModSys@@U?$TAllocator@USIMemAlloc@core@UModSys@@USCountCalcPower2@23@@tl@6@@tl@UModSys@@@tl@UModSys@@QAE_NII@Z 00404430 f i umodsys_lib_libmedia:umodsys.mod.media.stdlib.obj
 0001:00003490       ?remove_color@?$TTreeHoldRB@U?$TScatterArrayNode@USCacheElem@RLibraryBinCache@stdlib@media@modules@UModSys@@U?$TString@U?$TSCoreConst@D@su@tl@UModSys@@U?$TComparerBinaryHash@D@234@@tl@6@@tl@UModSys@@@tl@UModSys@@IAEXPAU?$TScatterArrayNode@USCacheElem@RLibraryBinCache@stdlib@media@modules@UModSys@@U?$TString@U?$TSCoreConst@D@su@tl@UModSys@@U?$TComparerBinaryHash@D@234@@tl@6@@23@0@Z 00404490 f i umodsys_lib_libmedia:umodsys.mod.media.stdlib.obj
 0001:00003490       ?remove_color@?$TTreeHoldRB@U?$TScatterArrayNode@USCacheElem@RLibraryObjCache@stdlib@media@modules@UModSys@@U?$TString@U?$TSCoreConst@D@su@tl@UModSys@@U?$TComparerBinaryHash@D@234@@tl@6@@tl@UModSys@@@tl@UModSys@@IAEXPAU?$TScatterArrayNode@USCacheElem@RLibraryObjCache@stdlib@media@modules@UModSys@@U?$TString@U?$TSCoreConst@D@su@tl@UModSys@@U?$TComparerBinaryHash@D@234@@tl@6@@23@0@Z 00404490 f i umodsys_lib_libmedia:umodsys.mod.media.stdlib.obj
 0001:00003490       ?remove_color@?$TTreeHoldRB@UNameNode@IBinArchiveFrame@libmedia@UModSys@@@tl@UModSys@@IAEXPAUNameNode@IBinArchiveFrame@libmedia@3@0@Z 00404490 f i umodsys_lib_libmedia:umodsys.mod.media.stdlib.obj
 0001:00003490       ?remove_color@?$TTreeHoldRB@U?$TScatterArrayNode@USMountInfo@RLibraryBinTree@stdlib@media@modules@UModSys@@USId@ILibraryBinTree@libmedia@6@@tl@UModSys@@@tl@UModSys@@IAEXPAU?$TScatterArrayNode@USMountInfo@RLibraryBinTree@stdlib@media@modules@UModSys@@USId@ILibraryBinTree@libmedia@6@@23@0@Z 00404490 f i umodsys_lib_libmedia:umodsys.mod.media.stdlib.obj
 0001:00003490       ?remove_color@?$TTreeHoldRB@U?$TScatterArrayNode@USFilter@RLibraryObjFilter@stdlib@media@modules@UModSys@@USId@23456@@tl@UModSys@@@tl@UModSys@@IAEXPAU?$TScatterArrayNode@USFilter@RLibraryObjFilter@stdlib@media@modules@UModSys@@USId@23456@@23@0@Z 00404490 f i umodsys_lib_libmedia:umodsys.mod.media.stdlib.obj
 0001:00003610       ??$t_types@URLibraryBinTree@stdlib@media@modules@UModSys@@@IGenerator@base@UModSys@@KA_NAAHAAUSUniquePtrList@core@2@PBUSUniquePointerInfo@42@@Z 00404610 f i umodsys_lib_libmedia:umodsys.mod.media.stdlib.obj
 0001:00003670       ??$t_types@URLibraryLayered@stdlib@media@modules@UModSys@@@IGenerator@base@UModSys@@KA_NAAHAAUSUniquePtrList@core@2@PBUSUniquePointerInfo@42@@Z 00404670 f i umodsys_lib_libmedia:umodsys.mod.media.stdlib.obj
 0001:000036d0       ??$t_types@URLibraryObjFilter@stdlib@media@modules@UModSys@@@IGenerator@base@UModSys@@KA_NAAHAAUSUniquePtrList@core@2@PBUSUniquePointerInfo@42@@Z 004046d0 f i umodsys_lib_libmedia:umodsys.mod.media.stdlib.obj
 0001:00003730       ??$t_types@URLibraryObjCache@stdlib@media@modules@UModSys@@@IGenerator@base@UModSys@@KA_NAAHAAUSUniquePtrList@core@2@PBUSUniquePointerInfo@42@@Z 00404730 f i umodsys_lib_libmedia:umodsys.mod.media.stdlib.obj
 0001:00003790       ??$t_types@URBinArchiveFrame@stdlib@media@modules@UModSys@@@IGenerator@base@UModSys@@KA_NAAHAAUSUniquePtrList@core@2@PBUSUniquePointerInfo@42@@Z 00404790 f i umodsys_lib_libmedia:umodsys.mod.media.stdlib.obj
 0001:000037f0       ??$t_types@URUtilities@stdlib@media@modules@UModSys@@@IGenerator@base@UModSys@@KA_NAAHAAUSUniquePtrList@core@2@PBUSUniquePointerInfo@42@@Z 004047f0 f i umodsys_lib_libmedia:umodsys.mod.media.stdlib.obj
 0001:00003830       ??$t_gen_param@URLibraryBinCache@stdlib@media@modules@UModSys@@URGenerator@2345@@IGenerator@base@UModSys@@IAE_NPAURGenerator@stdlib@media@modules@2@AAU?$TRefObject@UIRefObject@core@UModSys@@U?$TRefObjectFunc@UIRefObject@core@UModSys@@@tl@3@@tl@2@PBUSUniquePointerInfo@core@2@ABUSParameters@core@2@@Z 00404830 f i umodsys_lib_libmedia:umodsys.mod.media.stdlib.obj
 0001:000038a0       ??$t_gen_param@URLibraryBinTree@stdlib@media@modules@UModSys@@URGenerator@2345@@IGenerator@base@UModSys@@IAE_NPAURGenerator@stdlib@media@modules@2@AAU?$TRefObject@UIRefObject@core@UModSys@@U?$TRefObjectFunc@UIRefObject@core@UModSys@@@tl@3@@tl@2@PBUSUniquePointerInfo@core@2@ABUSParameters@core@2@@Z 004048a0 f i umodsys_lib_libmedia:umodsys.mod.media.stdlib.obj
 0001:00003910       ??$t_gen_param@URLibraryLayered@stdlib@media@modules@UModSys@@URGenerator@2345@@IGenerator@base@UModSys@@IAE_NPAURGenerator@stdlib@media@modules@2@AAU?$TRefObject@UIRefObject@core@UModSys@@U?$TRefObjectFunc@UIRefObject@core@UModSys@@@tl@3@@tl@2@PBUSUniquePointerInfo@core@2@ABUSParameters@core@2@@Z 00404910 f i umodsys_lib_libmedia:umodsys.mod.media.stdlib.obj
 0001:00003980       ??$t_gen_param@URLibraryObjFilter@stdlib@media@modules@UModSys@@URGenerator@2345@@IGenerator@base@UModSys@@IAE_NPAURGenerator@stdlib@media@modules@2@AAU?$TRefObject@UIRefObject@core@UModSys@@U?$TRefObjectFunc@UIRefObject@core@UModSys@@@tl@3@@tl@2@PBUSUniquePointerInfo@core@2@ABUSParameters@core@2@@Z 00404980 f i umodsys_lib_libmedia:umodsys.mod.media.stdlib.obj
 0001:000039f0       ??$t_gen_param@URLibraryObjCache@stdlib@media@modules@UModSys@@URGenerator@2345@@IGenerator@base@UModSys@@IAE_NPAURGenerator@stdlib@media@modules@2@AAU?$TRefObject@UIRefObject@core@UModSys@@U?$TRefObjectFunc@UIRefObject@core@UModSys@@@tl@3@@tl@2@PBUSUniquePointerInfo@core@2@ABUSParameters@core@2@@Z 004049f0 f i umodsys_lib_libmedia:umodsys.mod.media.stdlib.obj
 0001:00003a60       ??$t_gen_param@URBinArchiveFrame@stdlib@media@modules@UModSys@@URGenerator@2345@@IGenerator@base@UModSys@@IAE_NPAURGenerator@stdlib@media@modules@2@AAU?$TRefObject@UIRefObject@core@UModSys@@U?$TRefObjectFunc@UIRefObject@core@UModSys@@@tl@3@@tl@2@PBUSUniquePointerInfo@core@2@ABUSParameters@core@2@@Z 00404a60 f i umodsys_lib_libmedia:umodsys.mod.media.stdlib.obj
 0001:00003ae0       ??$t_gen_param@URUtilities@stdlib@media@modules@UModSys@@URGenerator@2345@@IGenerator@base@UModSys@@IAE_NPAURGenerator@stdlib@media@modules@2@AAU?$TRefObject@UIRefObject@core@UModSys@@U?$TRefObjectFunc@UIRefObject@core@UModSys@@@tl@3@@tl@2@PBUSUniquePointerInfo@core@2@ABUSParameters@core@2@@Z 00404ae0 f i umodsys_lib_libmedia:umodsys.mod.media.stdlib.obj
 0001:00003b50       ??$wildcmp@D@su@tl@UModSys@@YA_NPBD0@Z 00404b50 f i umodsys_lib_libmedia:umodsys.mod.media.stdlib.obj
 0001:00003bf0       ??$ref_get@UIClient@IBinArchiveFrame@libmedia@UModSys@@@SParameters@core@UModSys@@QBE_NPBDAAPAUIClient@IBinArchiveFrame@libmedia@2@@Z 00404bf0 f i umodsys_lib_libmedia:umodsys.mod.media.stdlib.obj
 0001:00003c40       ??$ref_get@UILibrary@libmedia@UModSys@@U?$TRefObjectFunc@UILibrary@libmedia@UModSys@@@tl@3@@SParameters@core@UModSys@@QBE_NPBDAAU?$TRefObject@UILibrary@libmedia@UModSys@@U?$TRefObjectFunc@UILibrary@libmedia@UModSys@@@tl@3@@tl@2@@Z 00404c40 f i umodsys_lib_libmedia:umodsys.mod.media.stdlib.obj
 0001:00003c80       ??$t_ref_get_other_interface@UIStreamReader@libmedia@UModSys@@U?$TRefObjectFunc@UIStreamReader@libmedia@UModSys@@@tl@3@@IRefObject@core@UModSys@@QAE_NAAU?$TRefObject@UIStreamReader@libmedia@UModSys@@U?$TRefObjectFunc@UIStreamReader@libmedia@UModSys@@@tl@3@@tl@2@@Z 00404c80 f i umodsys_lib_libmedia:umodsys.mod.media.stdlib.obj
 0001:00003cc0       ??$remove_seq@P6A_NPAUNameNode@IBinArchiveFrame@libmedia@UModSys@@@Z@?$TTreeHoldRB@UNameNode@IBinArchiveFrame@libmedia@UModSys@@@tl@UModSys@@QAEHP6A_NPAUNameNode@IBinArchiveFrame@libmedia@2@@Z@Z 00404cc0 f i umodsys_lib_libmedia:umodsys.mod.media.stdlib.obj
 0001:00003d40       ??$gen_node@UNameNodeCmpUC@IBinArchiveFrame@libmedia@UModSys@@UNN_Add@RBinArchiveFrame@stdlib@media@modules@4@@?$TTreeHoldRB@UNameNode@IBinArchiveFrame@libmedia@UModSys@@@tl@UModSys@@QAEPAUNameNode@IBinArchiveFrame@libmedia@2@UNameNodeCmpUC@452@ABUNN_Add@RBinArchiveFrame@stdlib@media@modules@2@PAPAU3452@2_N@Z 00404d40 f i umodsys_lib_libmedia:umodsys.mod.media.stdlib.obj
 0001:00003e40       ??$gen_node@UNameNodeCmpC@IBinArchiveFrame@libmedia@UModSys@@UNN_Add@RBinArchiveFrame@stdlib@media@modules@4@@?$TTreeHoldRB@UNameNode@IBinArchiveFrame@libmedia@UModSys@@@tl@UModSys@@QAEPAUNameNode@IBinArchiveFrame@libmedia@2@UNameNodeCmpC@452@ABUNN_Add@RBinArchiveFrame@stdlib@media@modules@2@PAPAU3452@2_N@Z 00404e40 f i umodsys_lib_libmedia:umodsys.mod.media.stdlib.obj
 0001:00003f40       ??$find_node_u@UNameNodeCmpUC@IBinArchiveFrame@libmedia@UModSys@@@?$TTreeHoldRB@UNameNode@IBinArchiveFrame@libmedia@UModSys@@@tl@UModSys@@QBEPAUNameNode@IBinArchiveFrame@libmedia@2@UNameNodeCmpUC@452@@Z 00404f40 f i umodsys_lib_libmedia:umodsys.mod.media.stdlib.obj
 0001:00003fd0       ??$find_node_u@UNameNodeCmpC@IBinArchiveFrame@libmedia@UModSys@@@?$TTreeHoldRB@UNameNode@IBinArchiveFrame@libmedia@UModSys@@@tl@UModSys@@QBEPAUNameNode@IBinArchiveFrame@libmedia@2@UNameNodeCmpC@452@@Z 00404fd0 f i umodsys_lib_libmedia:umodsys.mod.media.stdlib.obj
 0001:00004060       ??$genx_node@UCmp@?$TScatterArray@USMountInfo@RLibraryBinTree@stdlib@media@modules@UModSys@@USId@ILibraryBinTree@libmedia@6@U7896@U?$TNodeDeleter0@U?$TScatterArrayNode@USMountInfo@RLibraryBinTree@stdlib@media@modules@UModSys@@USId@ILibraryBinTree@libmedia@6@@tl@UModSys@@@tl@6@@tl@UModSys@@UGen0@234@@?$TTreeHoldRBD@U?$TScatterArrayNode@USMountInfo@RLibraryBinTree@stdlib@media@modules@UModSys@@USId@ILibraryBinTree@libmedia@6@@tl@UModSys@@U?$TNodeDeleter0@U?$TScatterArrayNode@USMountInfo@RLibraryBinTree@stdlib@media@modules@UModSys@@USId@ILibraryBinTree@libmedia@6@@tl@UModSys@@@23@@tl@UModSys@@QAEPAU?$TScatterArrayNode@USMountInfo@RLibraryBinTree@stdlib@media@modules@UModSys@@USId@ILibraryBinTree@libmedia@6@@12@UCmp@?$TScatterArray@USMountInfo@RLibraryBinTree@stdlib@media@modules@UModSys@@USId@ILibraryBinTree@libmedia@6@U7896@U?$TNodeDeleter0@U?$TScatterArrayNode@USMountInfo@RLibraryBinTree@stdlib@media@modules@UModSys@@USId@ILibraryBinTree@libmedia@6@@tl@UModSys@@@tl@6@@12@ABUGen0@512@PAPAU312@2_N@Z 00405060 f i umodsys_lib_libmedia:umodsys.mod.media.stdlib.obj
 0001:00004160       ??$find_node_u@UCmp@?$TScatterArray@USMountInfo@RLibraryBinTree@stdlib@media@modules@UModSys@@USId@ILibraryBinTree@libmedia@6@U7896@U?$TNodeDeleter0@U?$TScatterArrayNode@USMountInfo@RLibraryBinTree@stdlib@media@modules@UModSys@@USId@ILibraryBinTree@libmedia@6@@tl@UModSys@@@tl@6@@tl@UModSys@@@?$TTreeHoldRB@U?$TScatterArrayNode@USMountInfo@RLibraryBinTree@stdlib@media@modules@UModSys@@USId@ILibraryBinTree@libmedia@6@@tl@UModSys@@@tl@UModSys@@QBEPAU?$TScatterArrayNode@USMountInfo@RLibraryBinTree@stdlib@media@modules@UModSys@@USId@ILibraryBinTree@libmedia@6@@12@UCmp@?$TScatterArray@USMountInfo@RLibraryBinTree@stdlib@media@modules@UModSys@@USId@ILibraryBinTree@libmedia@6@U7896@U?$TNodeDeleter0@U?$TScatterArrayNode@USMountInfo@RLibraryBinTree@stdlib@media@modules@UModSys@@USId@ILibraryBinTree@libmedia@6@@tl@UModSys@@@tl@6@@12@@Z 00405160 f i umodsys_lib_libmedia:umodsys.mod.media.stdlib.obj
 0001:00004230       ??$genx_node@UCmp@?$TScatterArray@USCacheElem@RLibraryBinCache@stdlib@media@modules@UModSys@@U?$TString@U?$TSCoreConst@D@su@tl@UModSys@@U?$TComparerBinaryHash@D@234@@tl@6@U?$TObjectCompare@U?$TString@U?$TSCoreConst@D@su@tl@UModSys@@U?$TComparerBinaryHash@D@234@@tl@UModSys@@@core@6@U?$TNodeDeleter0@U?$TScatterArrayNode@USCacheElem@RLibraryBinCache@stdlib@media@modules@UModSys@@U?$TString@U?$TSCoreConst@D@su@tl@UModSys@@U?$TComparerBinaryHash@D@234@@tl@6@@tl@UModSys@@@86@@tl@UModSys@@UGen0@234@@?$TTreeHoldRBD@U?$TScatterArrayNode@USCacheElem@RLibraryBinCache@stdlib@media@modules@UModSys@@U?$TString@U?$TSCoreConst@D@su@tl@UModSys@@U?$TComparerBinaryHash@D@234@@tl@6@@tl@UModSys@@U?$TNodeDeleter0@U?$TScatterArrayNode@USCacheElem@RLibraryBinCache@stdlib@media@modules@UModSys@@U?$TString@U?$TSCoreConst@D@su@tl@UModSys@@U?$TComparerBinaryHash@D@234@@tl@6@@tl@UModSys@@@23@@tl@UModSys@@QAEPAU?$TScatterArrayNode@USCacheElem@RLibraryBinCache@stdlib@media@modules@UModSys@@U?$TString@U?$TSCoreConst@D@su@tl@UModSys@@U?$TComparerBinaryHash@D@234@@tl@6@@12@UCmp@?$TScatterArray@USCacheElem@RLibraryBinCache@stdlib@media@modules@UModSys@@U?$TString@U?$TSCoreConst@D@su@tl@UModSys@@U?$TComparerBinaryHash@D@234@@tl@6@U?$TObjectCompare@U?$TString@U?$TSCoreConst@D@su@tl@UModSys@@U?$TComparerBinaryHash@D@234@@tl@UModSys@@@core@6@U?$TNodeDeleter0@U?$TScatterArrayNode@USCacheElem@RLibraryBinCache@stdlib@media@modules@UModSys@@U?$TString@U?$TSCoreConst@D@su@tl@UModSys@@U?$TComparerBinaryHash@D@234@@tl@6@@tl@UModSys@@@86@@12@ABUGen0@512@PAPAU312@2_N@Z 00405230 f i umodsys_lib_libmedia:umodsys.mod.media.stdlib.obj
 0001:00004320       ??$find_node_u@UCmp@?$TScatterArray@USCacheElem@RLibraryObjCache@stdlib@media@modules@UModSys@@U?$TString@U?$TSCoreConst@D@su@tl@UModSys@@U?$TComparerBinaryHash@D@234@@tl@6@U?$TObjectCompare@U?$TString@U?$TSCoreConst@D@su@tl@UModSys@@U?$TComparerBinaryHash@D@234@@tl@UModSys@@@core@6@U?$TNodeDeleter0@U?$TScatterArrayNode@USCacheElem@RLibraryObjCache@stdlib@media@modules@UModSys@@U?$TString@U?$TSCoreConst@D@su@tl@UModSys@@U?$TComparerBinaryHash@D@234@@tl@6@@tl@UModSys@@@86@@tl@UModSys@@@?$TTreeHoldRB@U?$TScatterArrayNode@USCacheElem@RLibraryObjCache@stdlib@media@modules@UModSys@@U?$TString@U?$TSCoreConst@D@su@tl@UModSys@@U?$TComparerBinaryHash@D@234@@tl@6@@tl@UModSys@@@tl@UModSys@@QBEPAU?$TScatterArrayNode@USCacheElem@RLibraryObjCache@stdlib@media@modules@UModSys@@U?$TString@U?$TSCoreConst@D@su@tl@UModSys@@U?$TComparerBinaryHash@D@234@@tl@6@@12@UCmp@?$TScatterArray@USCacheElem@RLibraryObjCache@stdlib@media@modules@UModSys@@U?$TString@U?$TSCoreConst@D@su@tl@UModSys@@U?$TComparerBinaryHash@D@234@@tl@6@U?$TObjectCompare@U?$TString@U?$TSCoreConst@D@su@tl@UModSys@@U?$TComparerBinaryHash@D@234@@tl@UModSys@@@core@6@U?$TNodeDeleter0@U?$TScatterArrayNode@USCacheElem@RLibraryObjCache@stdlib@media@modules@UModSys@@U?$TString@U?$TSCoreConst@D@su@tl@UModSys@@U?$TComparerBinaryHash@D@234@@tl@6@@tl@UModSys@@@86@@12@@Z 00405320 f i umodsys_lib_libmedia:umodsys.mod.media.stdlib.obj
 0001:00004320       ??$find_node_u@UCmp@?$TScatterArray@USCacheElem@RLibraryBinCache@stdlib@media@modules@UModSys@@U?$TString@U?$TSCoreConst@D@su@tl@UModSys@@U?$TComparerBinaryHash@D@234@@tl@6@U?$TObjectCompare@U?$TString@U?$TSCoreConst@D@su@tl@UModSys@@U?$TComparerBinaryHash@D@234@@tl@UModSys@@@core@6@U?$TNodeDeleter0@U?$TScatterArrayNode@USCacheElem@RLibraryBinCache@stdlib@media@modules@UModSys@@U?$TString@U?$TSCoreConst@D@su@tl@UModSys@@U?$TComparerBinaryHash@D@234@@tl@6@@tl@UModSys@@@86@@tl@UModSys@@@?$TTreeHoldRB@U?$TScatterArrayNode@USCacheElem@RLibraryBinCache@stdlib@media@modules@UModSys@@U?$TString@U?$TSCoreConst@D@su@tl@UModSys@@U?$TComparerBinaryHash@D@234@@tl@6@@tl@UModSys@@@tl@UModSys@@QBEPAU?$TScatterArrayNode@USCacheElem@RLibraryBinCache@stdlib@media@modules@UModSys@@U?$TString@U?$TSCoreConst@D@su@tl@UModSys@@U?$TComparerBinaryHash@D@234@@tl@6@@12@UCmp@?$TScatterArray@USCacheElem@RLibraryBinCache@stdlib@media@modules@UModSys@@U?$TString@U?$TSCoreConst@D@su@tl@UModSys@@U?$TComparerBinaryHash@D@234@@tl@6@U?$TObjectCompare@U?$TString@U?$TSCoreConst@D@su@tl@UModSys@@U?$TComparerBinaryHash@D@234@@tl@UModSys@@@core@6@U?$TNodeDeleter0@U?$TScatterArrayNode@USCacheElem@RLibraryBinCache@stdlib@media@modules@UModSys@@U?$TString@U?$TSCoreConst@D@su@tl@UModSys@@U?$TComparerBinaryHash@D@234@@tl@6@@tl@UModSys@@@86@@12@@Z 00405320 f i umodsys_lib_libmedia:umodsys.mod.media.stdlib.obj
 0001:000043c0       ??$genx_node@UCmp@?$TScatterArray@USCacheElem@RLibraryObjCache@stdlib@media@modules@UModSys@@U?$TString@U?$TSCoreConst@D@su@tl@UModSys@@U?$TComparerBinaryHash@D@234@@tl@6@U?$TObjectCompare@U?$TString@U?$TSCoreConst@D@su@tl@UModSys@@U?$TComparerBinaryHash@D@234@@tl@UModSys@@@core@6@U?$TNodeDeleter0@U?$TScatterArrayNode@USCacheElem@RLibraryObjCache@stdlib@media@modules@UModSys@@U?$TString@U?$TSCoreConst@D@su@tl@UModSys@@U?$TComparerBinaryHash@D@234@@tl@6@@tl@UModSys@@@86@@tl@UModSys@@UGen0@234@@?$TTreeHoldRBD@U?$TScatterArrayNode@USCacheElem@RLibraryObjCache@stdlib@media@modules@UModSys@@U?$TString@U?$TSCoreConst@D@su@tl@UModSys@@U?$TComparerBinaryHash@D@234@@tl@6@@tl@UModSys@@U?$TNodeDeleter0@U?$TScatterArrayNode@USCacheElem@RLibraryObjCache@stdlib@media@modules@UModSys@@U?$TString@U?$TSCoreConst@D@su@tl@UModSys@@U?$TComparerBinaryHash@D@234@@tl@6@@tl@UModSys@@@23@@tl@UModSys@@QAEPAU?$TScatterArrayNode@USCacheElem@RLibraryObjCache@stdlib@media@modules@UModSys@@U?$TString@U?$TSCoreConst@D@su@tl@UModSys@@U?$TComparerBinaryHash@D@234@@tl@6@@12@UCmp@?$TScatterArray@USCacheElem@RLibraryObjCache@stdlib@media@modules@UModSys@@U?$TString@U?$TSCoreConst@D@su@tl@UModSys@@U?$TComparerBinaryHash@D@234@@tl@6@U?$TObjectCompare@U?$TString@U?$TSCoreConst@D@su@tl@UModSys@@U?$TComparerBinaryHash@D@234@@tl@UModSys@@@core@6@U?$TNodeDeleter0@U?$TScatterArrayNode@USCacheElem@RLibraryObjCache@stdlib@media@modules@UModSys@@U?$TString@U?$TSCoreConst@D@su@tl@UModSys@@U?$TComparerBinaryHash@D@234@@tl@6@@tl@UModSys@@@86@@12@ABUGen0@512@PAPAU312@2_N@Z 004053c0 f i umodsys_lib_libmedia:umodsys.mod.media.stdlib.obj
 0001:000044b0       ??$genx_node@UCmp@?$TScatterArray@USFilter@RLibraryObjFilter@stdlib@media@modules@UModSys@@USId@23456@U723456@U?$TNodeDeleter0@U?$TScatterArrayNode@USFilter@RLibraryObjFilter@stdlib@media@modules@UModSys@@USId@23456@@tl@UModSys@@@tl@6@@tl@UModSys@@UGen0@234@@?$TTreeHoldRBD@U?$TScatterArrayNode@USFilter@RLibraryObjFilter@stdlib@media@modules@UModSys@@USId@23456@@tl@UModSys@@U?$TNodeDeleter0@U?$TScatterArrayNode@USFilter@RLibraryObjFilter@stdlib@media@modules@UModSys@@USId@23456@@tl@UModSys@@@23@@tl@UModSys@@QAEPAU?$TScatterArrayNode@USFilter@RLibraryObjFilter@stdlib@media@modules@UModSys@@USId@23456@@12@UCmp@?$TScatterArray@USFilter@RLibraryObjFilter@stdlib@media@modules@UModSys@@USId@23456@U723456@U?$TNodeDeleter0@U?$TScatterArrayNode@USFilter@RLibraryObjFilter@stdlib@media@modules@UModSys@@USId@23456@@tl@UModSys@@@tl@6@@12@ABUGen0@512@PAPAU312@2_N@Z 004054b0 f i umodsys_lib_libmedia:umodsys.mod.media.stdlib.obj
[...]
 0001:000132f5       __ehhandler$??RGen0@?$TScatterArray@USMountInfo@RLibraryBinTree@stdlib@media@modules@UModSys@@USId@ILibraryBinTree@libmedia@6@U7896@U?$TNodeDeleter0@U?$TScatterArrayNode@USMountInfo@RLibraryBinTree@stdlib@media@modules@UModSys@@USId@ILibraryBinTree@libmedia@6@@tl@UModSys@@@tl@6@@tl@UModSys@@QBEPAU?$TScatterArrayNode@USMountInfo@RLibraryBinTree@stdlib@media@modules@UModSys@@USId@ILibraryBinTree@libmedia@6@@23@ABUCmp@123@ABU?$TTreeHoldRBD@U?$TScatterArrayNode@USMountInfo@RLibraryBinTree@stdlib@media@modules@UModSys@@USId@ILibraryBinTree@libmedia@6@@tl@UModSys@@U?$TNodeDeleter0@U?$TScatterArrayNode@USMountInfo@RLibraryBinTree@stdlib@media@modules@UModSys@@USId@ILibraryBinTree@libmedia@6@@tl@UModSys@@@23@@23@@Z 004142f5 f    CIL library: CIL module
 0001:000132f5       __ehhandler$?aconstruct@?$TTypeConstructor@USLayerX@RLibraryLayered@stdlib@media@modules@UModSys@@@tl@UModSys@@SAXPAUSLayerX@RLibraryLayered@stdlib@media@modules@3@I@Z 004142f5 f    CIL library: CIL module
 0001:000132f5       __ehhandler$?amoveleft@?$TTypeConstructor@U?$TRefObject@URModuleLibrarySO@rsystem@base@UModSys@@U?$TRefObjectFunc@URModuleLibrarySO@rsystem@base@UModSys@@@tl@4@@tl@UModSys@@@tl@UModSys@@SAXPAU?$TRefObject@URModuleLibrarySO@rsystem@base@UModSys@@U?$TRefObjectFunc@URModuleLibrarySO@rsystem@base@UModSys@@@tl@4@@23@III@Z 004142f5 f    CIL library: CIL module
 0001:00013300       ??__E?s_id@?$TObjectUniqueID@UIRoot@core@UModSys@@@tl@UModSys@@2USUniquePointer@core@3@A@@YAXXZ 00414300 f    CIL library: CIL module
 0001:00013330       ??__E?s_id@?$TObjectUniqueID@UIRefObject@core@UModSys@@@tl@UModSys@@2USUniquePointer@core@3@A@@YAXXZ 00414330 f    CIL library: CIL module
 0001:00013360       ??__E?s_id@?$TObjectUniqueID@UIParameters@core@UModSys@@@tl@UModSys@@2USUniquePointer@core@3@A@@YAXXZ 00414360 f    CIL library: CIL module
 0001:00013390       ??__E?s_id@?$TObjectUniqueID@UIModule@base@UModSys@@@tl@UModSys@@2USUniquePointer@core@3@A@@YAXXZ 00414390 f    CIL library: CIL module
 0001:000133c0       ??__E?s_id@?$TObjectUniqueID@UIModuleLibrary@base@UModSys@@@tl@UModSys@@2USUniquePointer@core@3@A@@YAXXZ 004143c0 f    CIL library: CIL module
 0001:000133f0       ??__E?s_id@?$TObjectUniqueID@UIModObject@base@UModSys@@@tl@UModSys@@2USUniquePointer@core@3@A@@YAXXZ 004143f0 f    CIL library: CIL module
 0001:00013420       ??__E?s_id@?$TObjectUniqueID@UIGenerator@base@UModSys@@@tl@UModSys@@2USUniquePointer@core@3@A@@YAXXZ 00414420 f    CIL library: CIL module
 0001:00013450       ??__E?s_id@?$TObjectUniqueID@UIShell@base@UModSys@@@tl@UModSys@@2USUniquePointer@core@3@A@@YAXXZ 00414450 f    CIL library: CIL module
 0001:00013480       ??__E?s_id@?$TObjectUniqueID@UIConsole@base@UModSys@@@tl@UModSys@@2USUniquePointer@core@3@A@@YAXXZ 00414480 f    CIL library: CIL module
 0001:000134b0       ??__E?s_id@?$TObjectUniqueID@UISystem@base@UModSys@@@tl@UModSys@@2USUniquePointer@core@3@A@@YAXXZ 004144b0 f    CIL library: CIL module
 0001:000134e0       ??__E?s_id@?$TObjectUniqueID@URModule@rsystem@base@UModSys@@@tl@UModSys@@2USUniquePointer@core@3@A@@YAXXZ 004144e0 f    CIL library: CIL module
 0001:00013510       ??__E?s_id@?$TObjectUniqueID@UIModuleLibraryUni@rsystem@base@UModSys@@@tl@UModSys@@2USUniquePointer@core@3@A@@YAXXZ 00414510 f    CIL library: CIL module
 0001:00013540       ??__E?s_id@?$TObjectUniqueID@URModuleLibrarySO@rsystem@base@UModSys@@@tl@UModSys@@2USUniquePointer@core@3@A@@YAXXZ 00414540 f    CIL library: CIL module
 0001:00013570       ??__E?s_id@?$TObjectUniqueID@URModuleLibraryThis@rsystem@base@UModSys@@@tl@UModSys@@2USUniquePointer@core@3@A@@YAXXZ 00414570 f    CIL library: CIL module
 0001:000135a0       ??__E?s_id@?$TObjectUniqueID@URParameters@rsystem@base@UModSys@@@tl@UModSys@@2USUniquePointer@core@3@A@@YAXXZ 004145a0 f    CIL library: CIL module
 0001:000135d0       ??__E?s_id@?$TObjectUniqueID@URSystem@rsystem@base@UModSys@@@tl@UModSys@@2USUniquePointer@core@3@A@@YAXXZ 004145d0 f    CIL library: CIL module
 0001:00013600       ??__E?s_id@?$TObjectUniqueID@URConsole_std@rsystem@base@UModSys@@@tl@UModSys@@2USUniquePointer@core@3@A@@YAXXZ 00414600 f    CIL library: CIL module
 0001:00013630       ??__E?s_modreg@RModuleReg@stdio@media@modules@UModSys@@2U12345@A@@YAXXZ 00414630 f    CIL library: CIL module
 0001:00013670       ??__E?s_modreg_chain@RModuleReg@stdio@media@modules@UModSys@@2USModuleRegChain@base@5@A@@YAXXZ 00414670 f    CIL library: CIL module
 0001:00013690       ??__E?s_uid@RGenerator@stdio@media@modules@UModSys@@2USUniquePointer@core@5@A@@YAXXZ 00414690 f    CIL library: CIL module
 0001:000136c0       ??__E?s_id@?$TObjectUniqueID@UIStreamReader@libmedia@UModSys@@@tl@UModSys@@2USUniquePointer@core@3@A@@YAXXZ 004146c0 f    CIL library: CIL module
 0001:000136f0       ??__E?s_id@?$TObjectUniqueID@UIStreamWriter@libmedia@UModSys@@@tl@UModSys@@2USUniquePointer@core@3@A@@YAXXZ 004146f0 f    CIL library: CIL module
 0001:00013720       ??__E?s_id@?$TObjectUniqueID@UIUtilities@libmedia@UModSys@@@tl@UModSys@@2USUniquePointer@core@3@A@@YAXXZ 00414720 f    CIL library: CIL module
 0001:00013750       ??__E?s_id@?$TObjectUniqueID@UILibObject@libmedia@UModSys@@@tl@UModSys@@2USUniquePointer@core@3@A@@YAXXZ 00414750 f    CIL library: CIL module
 0001:00013780       ??__E?s_id@?$TObjectUniqueID@UIBinArchive@libmedia@UModSys@@@tl@UModSys@@2USUniquePointer@core@3@A@@YAXXZ 00414780 f    CIL library: CIL module
 0001:000137b0       ??__E?s_id@?$TObjectUniqueID@UIBinObjFilter@libmedia@UModSys@@@tl@UModSys@@2USUniquePointer@core@3@A@@YAXXZ 004147b0 f    CIL library: CIL module
 0001:000137e0       ??__E?s_id@?$TObjectUniqueID@UILibrary@libmedia@UModSys@@@tl@UModSys@@2USUniquePointer@core@3@A@@YAXXZ 004147e0 f    CIL library: CIL module
 0001:00013810       ??__E?s_id@?$TObjectUniqueID@URStreamReader_FILE@stdio@media@modules@UModSys@@@tl@UModSys@@2USUniquePointer@core@3@A@@YAXXZ 00414810 f    CIL library: CIL module
 0001:00013840       ??__E?s_id@?$TObjectUniqueID@URStreamWriter_FILE@stdio@media@modules@UModSys@@@tl@UModSys@@2USUniquePointer@core@3@A@@YAXXZ 00414840 f    CIL library: CIL module
 0001:00013870       ??__E?s_id@?$TObjectUniqueID@URDataArchiver_OsDir@stdio@media@modules@UModSys@@@tl@UModSys@@2USUniquePointer@core@3@A@@YAXXZ 00414870 f    CIL library: CIL module
 0001:000138a0       ??__E?s_id@?$TObjectUniqueID@URGenerator@stdio@media@modules@UModSys@@@tl@UModSys@@2USUniquePointer@core@3@A@@YAXXZ 004148a0 f    CIL library: CIL module
 0001:000138d0       ??__E?s_modreg@RModuleReg@stdlib@media@modules@UModSys@@2U12345@A@@YAXXZ 004148d0 f    CIL library: CIL module
 0001:00013910       ??__E?s_modreg_chain@RModuleReg@stdlib@media@modules@UModSys@@2USModuleRegChain@base@5@A@@YAXXZ 00414910 f    CIL library: CIL module
 0001:00013930       ??__E?s_uid@RGenerator@stdlib@media@modules@UModSys@@2USUniquePointer@core@5@A@@YAXXZ 00414930 f    CIL library: CIL module
 0001:00013960       ??__E?s_id@?$TObjectUniqueID@UILibraryBinTree@libmedia@UModSys@@@tl@UModSys@@2USUniquePointer@core@3@A@@YAXXZ 00414960 f    CIL library: CIL module
 0001:00013990       ??__E?s_id@?$TObjectUniqueID@UILibraryBinCache@libmedia@UModSys@@@tl@UModSys@@2USUniquePointer@core@3@A@@YAXXZ 00414990 f    CIL library: CIL module
 0001:000139c0       ??__E?s_id@?$TObjectUniqueID@UILibraryObjFilter@libmedia@UModSys@@@tl@UModSys@@2USUniquePointer@core@3@A@@YAXXZ 004149c0 f    CIL library: CIL module
 0001:000139f0       ??__E?s_id@?$TObjectUniqueID@UILibraryObjCache@libmedia@UModSys@@@tl@UModSys@@2USUniquePointer@core@3@A@@YAXXZ 004149f0 f    CIL library: CIL module
 0001:00013a20       ??__E?s_id@?$TObjectUniqueID@UILibraryLayered@libmedia@UModSys@@@tl@UModSys@@2USUniquePointer@core@3@A@@YAXXZ 00414a20 f    CIL library: CIL module
 0001:00013a50       ??__E?s_id@?$TObjectUniqueID@UIBinArchiveFrame@libmedia@UModSys@@@tl@UModSys@@2USUniquePointer@core@3@A@@YAXXZ 00414a50 f    CIL library: CIL module
 0001:00013a80       ??__E?s_id@?$TObjectUniqueID@UIClient@IBinArchiveFrame@libmedia@UModSys@@@tl@UModSys@@2USUniquePointer@core@3@A@@YAXXZ 00414a80 f    CIL library: CIL module
 0001:00013ab0       ??__E?s_id@?$TObjectUniqueID@URUtilities@stdlib@media@modules@UModSys@@@tl@UModSys@@2USUniquePointer@core@3@A@@YAXXZ 00414ab0 f    CIL library: CIL module
 0001:00013ae0       ??__E?s_id@?$TObjectUniqueID@URBinArchiveFrame@stdlib@media@modules@UModSys@@@tl@UModSys@@2USUniquePointer@core@3@A@@YAXXZ 00414ae0 f    CIL library: CIL module
 0001:00013b10       ??__E?s_id@?$TObjectUniqueID@URLibraryBinTree@stdlib@media@modules@UModSys@@@tl@UModSys@@2USUniquePointer@core@3@A@@YAXXZ 00414b10 f    CIL library: CIL module
 0001:00013b40       ??__E?s_id@?$TObjectUniqueID@URLibraryBinCache@stdlib@media@modules@UModSys@@@tl@UModSys@@2USUniquePointer@core@3@A@@YAXXZ 00414b40 f    CIL library: CIL module
 0001:00013b70       ??__E?s_id@?$TObjectUniqueID@URLibraryLayered@stdlib@media@modules@UModSys@@@tl@UModSys@@2USUniquePointer@core@3@A@@YAXXZ 00414b70 f    CIL library: CIL module
 0001:00013ba0       ??__E?s_id@?$TObjectUniqueID@URLibraryObjCache@stdlib@media@modules@UModSys@@@tl@UModSys@@2USUniquePointer@core@3@A@@YAXXZ 00414ba0 f    CIL library: CIL module
 0001:00013bd0       ??__E?s_id@?$TObjectUniqueID@URLibraryObjFilter@stdlib@media@modules@UModSys@@@tl@UModSys@@2USUniquePointer@core@3@A@@YAXXZ 00414bd0 f    CIL library: CIL module
 0001:00013c00       ??__E?s_id@?$TObjectUniqueID@URGenerator@stdlib@media@modules@UModSys@@@tl@UModSys@@2USUniquePointer@core@3@A@@YAXXZ 00414c00 f    CIL library: CIL module
 0001:00013c30       ??__E?s_console@RConsole_std@rsystem@base@UModSys@@2U1234@A@@YAXXZ 00414c30 f    CIL library: CIL module
 0001:00013c50       ??__E?s_sys@RSystem@rsystem@base@UModSys@@2U1234@A@@YAXXZ 00414c50 f    CIL library: CIL module
 0001:00013c70       ??__Ersys_dbg@rsystem@base@UModSys@@YAXXZ 00414c70 f    CIL library: CIL module
 0001:00013c90       ??__EM@UModSys@@YAXXZ      00414c90 f    CIL library: CIL module
 0001:00013cb0       ??__E?root@SModuleRegChain@base@UModSys@@2U123@A@@YAXXZ 00414cb0 f    CIL library: CIL module
 0001:00013cd0       ??__E?s_library@RModuleLibraryReg_Chain@base@UModSys@@2U123@A@@YAXXZ 00414cd0 f    CIL library: CIL module
 0001:00013cf0       ??__E?root@SUniquePointer@core@UModSys@@2U123@A@@YAXXZ 00414cf0 f    CIL library: CIL module
 0001:00013d10       ??__F?s_id@?$TObjectUniqueID@URConsole_std@rsystem@base@UModSys@@@tl@UModSys@@2USUniquePointer@core@3@A@@YAXXZ 00414d10 f    CIL library: CIL module
 0001:00013d20       ??__F?s_id@?$TObjectUniqueID@URSystem@rsystem@base@UModSys@@@tl@UModSys@@2USUniquePointer@core@3@A@@YAXXZ 00414d20 f    CIL library: CIL module
 0001:00013d30       ??__F?s_id@?$TObjectUniqueID@URParameters@rsystem@base@UModSys@@@tl@UModSys@@2USUniquePointer@core@3@A@@YAXXZ 00414d30 f    CIL library: CIL module
 0001:00013d40       ??__F?s_id@?$TObjectUniqueID@URModuleLibraryThis@rsystem@base@UModSys@@@tl@UModSys@@2USUniquePointer@core@3@A@@YAXXZ 00414d40 f    CIL library: CIL module
 0001:00013d50       ??__F?s_id@?$TObjectUniqueID@URModuleLibrarySO@rsystem@base@UModSys@@@tl@UModSys@@2USUniquePointer@core@3@A@@YAXXZ 00414d50 f    CIL library: CIL module
 0001:00013d60       ??__F?s_id@?$TObjectUniqueID@UIModuleLibraryUni@rsystem@base@UModSys@@@tl@UModSys@@2USUniquePointer@core@3@A@@YAXXZ 00414d60 f    CIL library: CIL module
 0001:00013d70       ??__F?s_id@?$TObjectUniqueID@URModule@rsystem@base@UModSys@@@tl@UModSys@@2USUniquePointer@core@3@A@@YAXXZ 00414d70 f    CIL library: CIL module
 0001:00013d80       ??__F?s_id@?$TObjectUniqueID@UISystem@base@UModSys@@@tl@UModSys@@2USUniquePointer@core@3@A@@YAXXZ 00414d80 f    CIL library: CIL module
 0001:00013d90       ??__F?s_id@?$TObjectUniqueID@UIConsole@base@UModSys@@@tl@UModSys@@2USUniquePointer@core@3@A@@YAXXZ 00414d90 f    CIL library: CIL module
 0001:00013da0       ??__F?s_id@?$TObjectUniqueID@UIShell@base@UModSys@@@tl@UModSys@@2USUniquePointer@core@3@A@@YAXXZ 00414da0 f    CIL library: CIL module
 0001:00013db0       ??__F?s_id@?$TObjectUniqueID@UIGenerator@base@UModSys@@@tl@UModSys@@2USUniquePointer@core@3@A@@YAXXZ 00414db0 f    CIL library: CIL module
 0001:00013dc0       ??__F?s_id@?$TObjectUniqueID@UIModObject@base@UModSys@@@tl@UModSys@@2USUniquePointer@core@3@A@@YAXXZ 00414dc0 f    CIL library: CIL module
 0001:00013dd0       ??__F?s_id@?$TObjectUniqueID@UIModuleLibrary@base@UModSys@@@tl@UModSys@@2USUniquePointer@core@3@A@@YAXXZ 00414dd0 f    CIL library: CIL module
 0001:00013de0       ??__F?s_id@?$TObjectUniqueID@UIModule@base@UModSys@@@tl@UModSys@@2USUniquePointer@core@3@A@@YAXXZ 00414de0 f    CIL library: CIL module
 0001:00013df0       ??__F?s_id@?$TObjectUniqueID@UIParameters@core@UModSys@@@tl@UModSys@@2USUniquePointer@core@3@A@@YAXXZ 00414df0 f    CIL library: CIL module
 0001:00013e00       ??__F?s_id@?$TObjectUniqueID@UIRefObject@core@UModSys@@@tl@UModSys@@2USUniquePointer@core@3@A@@YAXXZ 00414e00 f    CIL library: CIL module
 0001:00013e10       ??__F?s_id@?$TObjectUniqueID@UIRoot@core@UModSys@@@tl@UModSys@@2USUniquePointer@core@3@A@@YAXXZ 00414e10 f    CIL library: CIL module
 0001:00013e20       ??__F?s_modreg@RModuleReg@stdio@media@modules@UModSys@@2U12345@A@@YAXXZ 00414e20 f    CIL library: CIL module
 0001:00013e40       ??__F?s_modreg_chain@RModuleReg@stdio@media@modules@UModSys@@2USModuleRegChain@base@5@A@@YAXXZ 00414e40 f    CIL library: CIL module
 0001:00013e50       ??__F?s_uid@RGenerator@stdio@media@modules@UModSys@@2USUniquePointer@core@5@A@@YAXXZ 00414e50 f    CIL library: CIL module
 0001:00013e60       ??__Fh@?1??s_holder@RGenerator@stdio@media@modules@UModSys@@SAAAU?$TTypeStaticHolder@URGenerator@stdio@media@modules@UModSys@@@tl@5@XZ@YAXXZ 00414e60 f    CIL library: CIL module
 0001:00013e80       ??__F?s_id@?$TObjectUniqueID@URGenerator@stdio@media@modules@UModSys@@@tl@UModSys@@2USUniquePointer@core@3@A@@YAXXZ 00414e80 f    CIL library: CIL module
 0001:00013e90       ??__F?s_id@?$TObjectUniqueID@URDataArchiver_OsDir@stdio@media@modules@UModSys@@@tl@UModSys@@2USUniquePointer@core@3@A@@YAXXZ 00414e90 f    CIL library: CIL module
 0001:00013ea0       ??__F?s_id@?$TObjectUniqueID@URStreamWriter_FILE@stdio@media@modules@UModSys@@@tl@UModSys@@2USUniquePointer@core@3@A@@YAXXZ 00414ea0 f    CIL library: CIL module
 0001:00013eb0       ??__F?s_id@?$TObjectUniqueID@URStreamReader_FILE@stdio@media@modules@UModSys@@@tl@UModSys@@2USUniquePointer@core@3@A@@YAXXZ 00414eb0 f    CIL library: CIL module
 0001:00013ec0       ??__F?s_id@?$TObjectUniqueID@UILibrary@libmedia@UModSys@@@tl@UModSys@@2USUniquePointer@core@3@A@@YAXXZ 00414ec0 f    CIL library: CIL module
 0001:00013ed0       ??__F?s_id@?$TObjectUniqueID@UIBinObjFilter@libmedia@UModSys@@@tl@UModSys@@2USUniquePointer@core@3@A@@YAXXZ 00414ed0 f    CIL library: CIL module
 0001:00013ee0       ??__F?s_id@?$TObjectUniqueID@UIBinArchive@libmedia@UModSys@@@tl@UModSys@@2USUniquePointer@core@3@A@@YAXXZ 00414ee0 f    CIL library: CIL module
 0001:00013ef0       ??__F?s_id@?$TObjectUniqueID@UILibObject@libmedia@UModSys@@@tl@UModSys@@2USUniquePointer@core@3@A@@YAXXZ 00414ef0 f    CIL library: CIL module
 0001:00013f00       ??__F?s_id@?$TObjectUniqueID@UIUtilities@libmedia@UModSys@@@tl@UModSys@@2USUniquePointer@core@3@A@@YAXXZ 00414f00 f    CIL library: CIL module
 0001:00013f10       ??__F?s_id@?$TObjectUniqueID@UIStreamWriter@libmedia@UModSys@@@tl@UModSys@@2USUniquePointer@core@3@A@@YAXXZ 00414f10 f    CIL library: CIL module
 0001:00013f20       ??__F?s_id@?$TObjectUniqueID@UIStreamReader@libmedia@UModSys@@@tl@UModSys@@2USUniquePointer@core@3@A@@YAXXZ 00414f20 f    CIL library: CIL module
 0001:00013f30       ??__F?s_modreg@RModuleReg@stdlib@media@modules@UModSys@@2U12345@A@@YAXXZ 00414f30 f    CIL library: CIL module
 0001:00013f50       ??__F?s_modreg_chain@RModuleReg@stdlib@media@modules@UModSys@@2USModuleRegChain@base@5@A@@YAXXZ 00414f50 f    CIL library: CIL module
 0001:00013f60       ??__F?s_uid@RGenerator@stdlib@media@modules@UModSys@@2USUniquePointer@core@5@A@@YAXXZ 00414f60 f    CIL library: CIL module
 0001:00013f70       ??__Fh@?1??s_holder@RGenerator@stdlib@media@modules@UModSys@@SAAAU?$TTypeStaticHolder@URGenerator@stdlib@media@modules@UModSys@@@tl@5@XZ@YAXXZ 00414f70 f    CIL library: CIL module
 0001:00013f90       ??__F?s_id@?$TObjectUniqueID@URGenerator@stdlib@media@modules@UModSys@@@tl@UModSys@@2USUniquePointer@core@3@A@@YAXXZ 00414f90 f    CIL library: CIL module
 0001:00013fa0       ??__F?s_id@?$TObjectUniqueID@URLibraryObjFilter@stdlib@media@modules@UModSys@@@tl@UModSys@@2USUniquePointer@core@3@A@@YAXXZ 00414fa0 f    CIL library: CIL module
 0001:00013fb0       ??__F?s_id@?$TObjectUniqueID@URLibraryObjCache@stdlib@media@modules@UModSys@@@tl@UModSys@@2USUniquePointer@core@3@A@@YAXXZ 00414fb0 f    CIL library: CIL module
 0001:00013fc0       ??__F?s_id@?$TObjectUniqueID@URLibraryLayered@stdlib@media@modules@UModSys@@@tl@UModSys@@2USUniquePointer@core@3@A@@YAXXZ 00414fc0 f    CIL library: CIL module
 0001:00013fd0       ??__F?s_id@?$TObjectUniqueID@URLibraryBinCache@stdlib@media@modules@UModSys@@@tl@UModSys@@2USUniquePointer@core@3@A@@YAXXZ 00414fd0 f    CIL library: CIL module
 0001:00013fe0       ??__F?s_id@?$TObjectUniqueID@URLibraryBinTree@stdlib@media@modules@UModSys@@@tl@UModSys@@2USUniquePointer@core@3@A@@YAXXZ 00414fe0 f    CIL library: CIL module
 0001:00013ff0       ??__F?s_id@?$TObjectUniqueID@URBinArchiveFrame@stdlib@media@modules@UModSys@@@tl@UModSys@@2USUniquePointer@core@3@A@@YAXXZ 00414ff0 f    CIL library: CIL module
 0001:00014000       ??__F?s_id@?$TObjectUniqueID@URUtilities@stdlib@media@modules@UModSys@@@tl@UModSys@@2USUniquePointer@core@3@A@@YAXXZ 00415000 f    CIL library: CIL module
 0001:00014010       ??__F?s_id@?$TObjectUniqueID@UIClient@IBinArchiveFrame@libmedia@UModSys@@@tl@UModSys@@2USUniquePointer@core@3@A@@YAXXZ 00415010 f    CIL library: CIL module
 0001:00014020       ??__F?s_id@?$TObjectUniqueID@UIBinArchiveFrame@libmedia@UModSys@@@tl@UModSys@@2USUniquePointer@core@3@A@@YAXXZ 00415020 f    CIL library: CIL module
 0001:00014030       ??__F?s_id@?$TObjectUniqueID@UILibraryLayered@libmedia@UModSys@@@tl@UModSys@@2USUniquePointer@core@3@A@@YAXXZ 00415030 f    CIL library: CIL module
 0001:00014040       ??__F?s_id@?$TObjectUniqueID@UILibraryObjCache@libmedia@UModSys@@@tl@UModSys@@2USUniquePointer@core@3@A@@YAXXZ 00415040 f    CIL library: CIL module
 0001:00014050       ??__F?s_id@?$TObjectUniqueID@UILibraryObjFilter@libmedia@UModSys@@@tl@UModSys@@2USUniquePointer@core@3@A@@YAXXZ 00415050 f    CIL library: CIL module
 0001:00014060       ??__F?s_id@?$TObjectUniqueID@UILibraryBinCache@libmedia@UModSys@@@tl@UModSys@@2USUniquePointer@core@3@A@@YAXXZ 00415060 f    CIL library: CIL module
 0001:00014070       ??__F?s_id@?$TObjectUniqueID@UILibraryBinTree@libmedia@UModSys@@@tl@UModSys@@2USUniquePointer@core@3@A@@YAXXZ 00415070 f    CIL library: CIL module
 0001:00014080       ??__F?s_console@RConsole_std@rsystem@base@UModSys@@2U1234@A@@YAXXZ 00415080 f    CIL library: CIL module
 0001:00014090       ??__F?s_sys@RSystem@rsystem@base@UModSys@@2U1234@A@@YAXXZ 00415090 f    CIL library: CIL module
 0001:000140a0       ??__Frsys_dbg@rsystem@base@UModSys@@YAXXZ 004150a0 f    CIL library: CIL module
 0001:000140b0       ??__FM@UModSys@@YAXXZ      004150b0 f    CIL library: CIL module
 0001:000140c0       ??__F?root@SModuleRegChain@base@UModSys@@2U123@A@@YAXXZ 004150c0 f    CIL library: CIL module
 0001:000140d0       ??__F?s_library@RModuleLibraryReg_Chain@base@UModSys@@2U123@A@@YAXXZ 004150d0 f    CIL library: CIL module
 0001:000140e0       ??__F?root@SUniquePointer@core@UModSys@@2U123@A@@YAXXZ 004150e0 f    CIL library: CIL module

 Exports

  ordinal    name

        1    _UModSys_Plugin_Entry2@0
