 umodsysc

 Timestamp is 5256d6ef (Thu Oct 10 19:33:51 2013)

 Preferred load address is 00400000

 Start         Length     Name                   Class
 0001:00000000 00006a60H .text                   CODE
 0001:00006a60 000001e8H .text$x                 CODE
 0001:00006c50 00000571H .text$yc                CODE
 0001:000071d0 0000022aH .text$yd                CODE
 0002:00000000 00000130H .idata$5                DATA
 0002:00000130 00000004H .CRT$XCA                DATA
 0002:00000134 00000004H .CRT$XCAA               DATA
 0002:00000138 000000bcH .CRT$XCU                DATA
 0002:000001f4 00000004H .CRT$XCZ                DATA
 0002:000001f8 00000004H .CRT$XIA                DATA
 0002:000001fc 00000004H .CRT$XIAA               DATA
 0002:00000200 00000004H .CRT$XIY                DATA
 0002:00000204 00000004H .CRT$XIZ                DATA
 0002:00000208 00001008H .rdata                  DATA
 0002:00001210 00000a48H .rdata$r                DATA
 0002:00001c60 00000040H .rdata$sxdata           DATA
 0002:00001ca0 00000004H .rtc$IAA                DATA
 0002:00001ca4 00000004H .rtc$IZZ                DATA
 0002:00001ca8 00000004H .rtc$TAA                DATA
 0002:00001cac 00000004H .rtc$TZZ                DATA
 0002:00001cb0 0000041cH .xdata$x                DATA
 0002:000020cc 00000028H .idata$2                DATA
 0002:000020f4 00000014H .idata$3                DATA
 0002:00002108 00000130H .idata$4                DATA
 0002:00002238 000004f0H .idata$6                DATA
 0002:00002730 00000058H .edata                  DATA
 0003:00000000 00000720H .data                   DATA
 0003:00000720 000026f4H .bss                    DATA

  Address         Publics by Value              Rva+Base       Lib:Object

 0000:00000000       __except_list              00000000     <absolute>
 0000:00000010       ___safe_se_handler_count   00000010     <absolute>
 0000:00009876       __fltused                  00009876     <absolute>
 0000:00009876       __ldused                   00009876     <absolute>
 0000:00000000       ___ImageBase               00400000     <linker-defined>
 0001:00000000       ??$shash@D@su@tl@UModSys@@YAHPBDI@Z 00401000 f i umodsys.c_main.obj
 0001:00000030       ?get_interface_info@RStreamReader_FILE@media@UModSys@@UBEABUSUniquePointerInfo@core@3@XZ 00401030 f i umodsys_lib_libmedia:umodsys.mod.media.stdio.obj
 0001:00000040       ?get_interface_type@RStreamReader_FILE@media@UModSys@@UBEPBUSUniquePointerInfo@core@3@XZ 00401040 f i umodsys_lib_libmedia:umodsys.mod.media.stdio.obj
 0001:00000050       ?get_other_interface@RStreamReader_FILE@media@UModSys@@UBEPBUIRoot@core@3@PBUSUniquePointerInfo@53@@Z 00401050 f i umodsys_lib_libmedia:umodsys.mod.media.stdio.obj
 0001:00000050       ?get_other_interface@RStreamReader_FILE@media@UModSys@@UAEPAUIRoot@core@3@PBUSUniquePointerInfo@53@@Z 00401050 f i umodsys_lib_libmedia:umodsys.mod.media.stdio.obj
 0001:00000080       ?ref_remove@RStreamReader_FILE@media@UModSys@@UBEXXZ 00401080 f i umodsys_lib_libmedia:umodsys.mod.media.stdio.obj
 0001:00000080       ?ref_remove@RStdIo_Generator@media@UModSys@@UBEXXZ 00401080 f i umodsys_lib_libmedia:umodsys.mod.media.stdio.obj
 0001:00000090       ?ref_links@RStreamReader_FILE@media@UModSys@@UBEHXZ 00401090 f i umodsys_lib_libmedia:umodsys.mod.media.stdio.obj
 0001:00000090       ?ref_links@RStdIo_Generator@media@UModSys@@UBEHXZ 00401090 f i umodsys_lib_libmedia:umodsys.mod.media.stdio.obj
 0001:000000a0       ?suicide@RStreamReader_FILE@media@UModSys@@UAEXXZ 004010a0 f i umodsys_lib_libmedia:umodsys.mod.media.stdio.obj
 0001:00000110       ??0RStreamReader_FILE@media@UModSys@@QAE@PAURStdIo_Generator@12@ABUSParameters@core@2@@Z 00401110 f i umodsys_lib_libmedia:umodsys.mod.media.stdio.obj
 0001:00000180       ?open@RStreamReader_FILE@media@UModSys@@QAEXABUSParameters@core@3@@Z 00401180 f i umodsys_lib_libmedia:umodsys.mod.media.stdio.obj
 0001:000001f0       ?reader_seek@RStreamReader_FILE@media@UModSys@@UAE_N_J@Z 004011f0 f i umodsys_lib_libmedia:umodsys.mod.media.stdio.obj
 0001:00000220       ?reader_seekend@RStreamReader_FILE@media@UModSys@@UAE_N_J@Z 00401220 f i umodsys_lib_libmedia:umodsys.mod.media.stdio.obj
 0001:00000250       ?reader_seekdelta@RStreamReader_FILE@media@UModSys@@UAE_N_J@Z 00401250 f i umodsys_lib_libmedia:umodsys.mod.media.stdio.obj
 0001:00000280       ?reader_pos@RStreamReader_FILE@media@UModSys@@UAE_JXZ 00401280 f i umodsys_lib_libmedia:umodsys.mod.media.stdio.obj
 0001:000002a0       ?reader_size@RStreamReader_FILE@media@UModSys@@UAE_JXZ 004012a0 f i umodsys_lib_libmedia:umodsys.mod.media.stdio.obj
 0001:000002b0       ?reader_read@RStreamReader_FILE@media@UModSys@@UAE_NPAXI@Z 004012b0 f i umodsys_lib_libmedia:umodsys.mod.media.stdio.obj
 0001:00000330       ?reader_close@RStreamReader_FILE@media@UModSys@@UAEXXZ 00401330 f i umodsys_lib_libmedia:umodsys.mod.media.stdio.obj
 0001:00000350       ??_GRStreamReader_FILE@media@UModSys@@UAEPAXI@Z 00401350 f i umodsys_lib_libmedia:umodsys.mod.media.stdio.obj
 0001:00000350       ??_ERStreamReader_FILE@media@UModSys@@UAEPAXI@Z 00401350 f i  CIL library: CIL module
 0001:00000380       ??1IStreamReader@media@UModSys@@UAE@XZ 00401380 f i umodsys_lib_libmedia:umodsys.mod.media.stdio.obj
 0001:00000390       ??_ERStdIo_Generator@media@UModSys@@UAEPAXI@Z 00401390 f i  CIL library: CIL module
 0001:00000390       ??_GIRefObject@core@UModSys@@UAEPAXI@Z 00401390 f i umodsys_lib_libmedia:umodsys.mod.media.stdio.obj
 0001:00000390       ??_EIRefObject@core@UModSys@@UAEPAXI@Z 00401390 f i  CIL library: CIL module
 0001:00000390       ??_GRStdIo_Generator@media@UModSys@@UAEPAXI@Z 00401390 f i umodsys_lib_libmedia:umodsys.mod.media.stdio.obj
 0001:000003a0       ??_GIRoot@core@UModSys@@UAEPAXI@Z 004013a0 f i umodsys_lib_libmedia:umodsys.mod.media.stdio.obj
 0001:000003a0       ??_EIRoot@core@UModSys@@UAEPAXI@Z 004013a0 f i  CIL library: CIL module
 0001:000003b0       ?get_generated_names@RStdIo_Generator@media@UModSys@@UBEHAAUSUniquePtrList@core@3@@Z 004013b0 f i umodsys_lib_libmedia:umodsys.mod.media.stdio.obj
 0001:000003d0       ?get_generated_types@RStdIo_Generator@media@UModSys@@UBEHAAUSUniquePtrList@core@3@PBUSUniquePointerInfo@53@@Z 004013d0 f i umodsys_lib_libmedia:umodsys.mod.media.stdio.obj
 0001:00000420       ?generate@RStdIo_Generator@media@UModSys@@UAE_NAAU?$TRefObject@UIRefObject@core@UModSys@@@tl@3@PBUSUniquePointerInfo@core@3@ABUSParameters@73@@Z 00401420 f i umodsys_lib_libmedia:umodsys.mod.media.stdio.obj
 0001:000004c0       ?get_interface_info@RStdIo_Generator@media@UModSys@@UBEABUSUniquePointerInfo@core@3@XZ 004014c0 f i umodsys_lib_libmedia:umodsys.mod.media.stdio.obj
 0001:000004d0       ?get_interface_type@RStdIo_Generator@media@UModSys@@UBEPBUSUniquePointerInfo@core@3@XZ 004014d0 f i umodsys_lib_libmedia:umodsys.mod.media.stdio.obj
 0001:000004e0       ?get_other_interface@RStdIo_Generator@media@UModSys@@UBEPBUIRoot@core@3@PBUSUniquePointerInfo@53@@Z 004014e0 f i umodsys_lib_libmedia:umodsys.mod.media.stdio.obj
 0001:000004e0       ?get_other_interface@RStdIo_Generator@media@UModSys@@UAEPAUIRoot@core@3@PBUSUniquePointerInfo@53@@Z 004014e0 f i umodsys_lib_libmedia:umodsys.mod.media.stdio.obj
 0001:00000520       ?ref_add@RStdIo_Generator@media@UModSys@@UBEXXZ 00401520 f i umodsys_lib_libmedia:umodsys.mod.media.stdio.obj
 0001:00000520       ?ref_add@RStreamReader_FILE@media@UModSys@@UBEXXZ 00401520 f i umodsys_lib_libmedia:umodsys.mod.media.stdio.obj
 0001:00000530       ?suicide@RStdIo_Generator@media@UModSys@@UAEXXZ 00401530 f i umodsys_lib_libmedia:umodsys.mod.media.stdio.obj
 0001:00000530       ??3@YAXPAX0@Z              00401530 f i umodsys_lib_libmedia:umodsys.mod.media.stdio.obj
 0001:00000540       ?get_uid@RStdIo_Generator@media@UModSys@@UBEPBUSUniquePointerInfo@core@3@XZ 00401540 f i umodsys_lib_libmedia:umodsys.mod.media.stdio.obj
 0001:00000550       ?do_open@RStdIo_ModuleReg@media@UModSys@@UAE_NXZ 00401550 f i umodsys_lib_libmedia:umodsys.mod.media.stdio.obj
 0001:00000560       ?do_close@RStdIo_ModuleReg@media@UModSys@@UAE_NXZ 00401560 f i umodsys_lib_libmedia:umodsys.mod.media.stdio.obj
 0001:00000570       ??_GRStdIo_ModuleReg@media@UModSys@@UAEPAXI@Z 00401570 f i umodsys_lib_libmedia:umodsys.mod.media.stdio.obj
 0001:00000570       ??_ERStdIo_ModuleReg@media@UModSys@@UAEPAXI@Z 00401570 f i  CIL library: CIL module
 0001:000005a0       ??$ValidateConstruction@UIRefObject@core@UModSys@@URStreamReader_FILE@media@3@@core@UModSys@@YA_NAAU?$TRefObject@UIRefObject@core@UModSys@@@tl@1@PAURStreamReader_FILE@media@1@@Z 004015a0 f i umodsys_lib_libmedia:umodsys.mod.media.stdio.obj
 0001:00000630       ??$_Ref_set@UIRefObject@core@UModSys@@U123@@tl@UModSys@@YAXAAPAUIRefObject@core@1@PAU231@@Z 00401630 f i umodsys_lib_libmedia:umodsys.mod.media.stdio.obj
 0001:00000650       ?get_interface_info@RConsole_std@rsystem@base@UModSys@@UBEABUSUniquePointerInfo@core@4@XZ 00401650 f i umodsys_lib_basesys:umodsys.basesys.rconsole_std.obj
 0001:00000660       ?get_interface_type@RConsole_std@rsystem@base@UModSys@@UBEPBUSUniquePointerInfo@core@4@XZ 00401660 f i umodsys_lib_basesys:umodsys.basesys.rconsole_std.obj
 0001:00000670       ?get_other_interface@RConsole_std@rsystem@base@UModSys@@UBEPBUIRoot@core@4@PBUSUniquePointerInfo@64@@Z 00401670 f i umodsys_lib_basesys:umodsys.basesys.rconsole_std.obj
 0001:00000670       ?get_other_interface@RConsole_std@rsystem@base@UModSys@@UAEPAUIRoot@core@4@PBUSUniquePointerInfo@64@@Z 00401670 f i umodsys_lib_basesys:umodsys.basesys.rconsole_std.obj
 0001:000006a0       ??_ERConsole_std@rsystem@base@UModSys@@UAEPAXI@Z 004016a0 f i  CIL library: CIL module
 0001:000006a0       ??_GRConsole_std@rsystem@base@UModSys@@UAEPAXI@Z 004016a0 f i umodsys_lib_basesys:umodsys.basesys.rconsole_std.obj
 0001:000006b0       ??_GIConsole@base@UModSys@@UAEPAXI@Z 004016b0 f i umodsys_lib_basesys:umodsys.basesys.rconsole_std.obj
 0001:000006b0       ??_EIConsole@base@UModSys@@UAEPAXI@Z 004016b0 f i  CIL library: CIL module
 0001:000006c0       ?mem_free@SMemAlloc_Malloc@core@UModSys@@SAXPAXPBUSSourceContext@23@@Z 004016c0 f i umodsys_lib_basesys:umodsys.basesys.rsystem_main.obj
 0001:000006e0       ?decode_error@EExceptionBase@core@UModSys@@UBEHPADI@Z 004016e0 f i umodsys_lib_basesys:umodsys.basesys.rsystem_main.obj
 0001:00000710       ?decode_error@EFatal@core@UModSys@@UBEHPADI@Z 00401710 f i umodsys_lib_basesys:umodsys.basesys.rsystem_main.obj
 0001:00000740       ??_GEExceptionBase@core@UModSys@@UAEPAXI@Z 00401740 f i umodsys_lib_basesys:umodsys.basesys.rsystem_main.obj
 0001:00000740       ??_EEExceptionBase@core@UModSys@@UAEPAXI@Z 00401740 f i  CIL library: CIL module
 0001:00000740       ??_GEFatal@core@UModSys@@UAEPAXI@Z 00401740 f i umodsys_lib_basesys:umodsys.basesys.rsystem_main.obj
 0001:00000740       ??_EEWarning@core@UModSys@@UAEPAXI@Z 00401740 f i  CIL library: CIL module
 0001:00000740       ??_EEFatal@core@UModSys@@UAEPAXI@Z 00401740 f i  CIL library: CIL module
 0001:00000740       ??_GEWarning@core@UModSys@@UAEPAXI@Z 00401740 f i umodsys_lib_basesys:umodsys.basesys.rsystem_main.obj
 0001:00000760       ??0EWarning@core@UModSys@@QAE@PBUSSourceContext@12@HPBD@Z 00401760 f i umodsys_lib_basesys:umodsys.basesys.rsystem_main.obj
 0001:000007a0       ?decode_error@EWarning@core@UModSys@@UBEHPADI@Z 004017a0 f i umodsys_lib_basesys:umodsys.basesys.rsystem_main.obj
 0001:000007d0       ??1EFatal@core@UModSys@@UAE@XZ 004017d0 f i umodsys_lib_basesys:umodsys.basesys.rsystem_main.obj
 0001:000007d0       ??1EWarning@core@UModSys@@UAE@XZ 004017d0 f i umodsys_lib_basesys:umodsys.basesys.rsystem_main.obj
 0001:000007e0       ?get_interface_info@ISystem@base@UModSys@@UBEABUSUniquePointerInfo@core@3@XZ 004017e0 f i umodsys_lib_basesys:umodsys.basesys.rsystem_main.obj
 0001:000007f0       ?get_interface_type@ISystem@base@UModSys@@UBEPBUSUniquePointerInfo@core@3@XZ 004017f0 f i umodsys_lib_basesys:umodsys.basesys.rsystem_main.obj
 0001:00000800       ?get_other_interface@ISystem@base@UModSys@@UBEPBUIRoot@core@3@PBUSUniquePointerInfo@53@@Z 00401800 f i umodsys_lib_basesys:umodsys.basesys.rsystem_main.obj
 0001:00000800       ?get_other_interface@ISystem@base@UModSys@@UAEPAUIRoot@core@3@PBUSUniquePointerInfo@53@@Z 00401800 f i umodsys_lib_basesys:umodsys.basesys.rsystem_main.obj
 0001:00000820       ?get_interface_info@RSystem@rsystem@base@UModSys@@UBEABUSUniquePointerInfo@core@4@XZ 00401820 f i umodsys_lib_basesys:umodsys.basesys.rsystem_main.obj
 0001:00000830       ?get_interface_type@RSystem@rsystem@base@UModSys@@UBEPBUSUniquePointerInfo@core@4@XZ 00401830 f i umodsys_lib_basesys:umodsys.basesys.rsystem_main.obj
 0001:00000840       ?get_other_interface@RSystem@rsystem@base@UModSys@@UBEPBUIRoot@core@4@PBUSUniquePointerInfo@64@@Z 00401840 f i umodsys_lib_basesys:umodsys.basesys.rsystem_main.obj
 0001:00000840       ?get_other_interface@RSystem@rsystem@base@UModSys@@UAEPAUIRoot@core@4@PBUSUniquePointerInfo@64@@Z 00401840 f i umodsys_lib_basesys:umodsys.basesys.rsystem_main.obj
 0001:00000860       ??_ERSystem@rsystem@base@UModSys@@UAEPAXI@Z 00401860 f i  CIL library: CIL module
 0001:00000860       ??_GRSystem@rsystem@base@UModSys@@UAEPAXI@Z 00401860 f i umodsys_lib_basesys:umodsys.basesys.rsystem_main.obj
 0001:00000870       ??_EISystem@base@UModSys@@UAEPAXI@Z 00401870 f i  CIL library: CIL module
 0001:00000870       ??_GISystem@base@UModSys@@UAEPAXI@Z 00401870 f i umodsys_lib_basesys:umodsys.basesys.rsystem_main.obj
 0001:00000880       ??1?$TStaticStringPool@DU?$TComparerBinaryHash@D@su@tl@UModSys@@USMemAlloc_Malloc@core@4@@tl@UModSys@@QAE@XZ 00401880 f i umodsys_lib_basesys:umodsys.basesys.rsystem_main.obj
 0001:00000890       ??1?$TQuantArrayUnique@USUniquePointerInfo@core@UModSys@@$0BAA@USMemAlloc_Malloc@23@@tl@UModSys@@QAE@XZ 00401890 f i umodsys_lib_basesys:umodsys.basesys.rsystem_main.obj
 0001:00000890       ??1?$TQuantArrayUnique@USSourceContext@core@UModSys@@$0BAA@USMemAlloc_Malloc@23@@tl@UModSys@@QAE@XZ 00401890 f i umodsys_lib_basesys:umodsys.basesys.rsystem_main.obj
 0001:00000910       ??1?$TTreeHoldRBD@U?$TQuantArrayNode@USUniquePointerInfo@core@UModSys@@$0BAA@@tl@UModSys@@U?$TNodeDeleter@U?$TQuantArrayNode@USUniquePointerInfo@core@UModSys@@$0BAA@@tl@UModSys@@USMemAlloc_Malloc@core@3@@23@@tl@UModSys@@QAE@XZ 00401910 f i umodsys_lib_basesys:umodsys.basesys.rsystem_main.obj
 0001:00000910       ??1?$TTreeHoldRBD@U?$TQuantArrayNode@USSourceContext@core@UModSys@@$0BAA@@tl@UModSys@@U?$TNodeDeleter@U?$TQuantArrayNode@USSourceContext@core@UModSys@@$0BAA@@tl@UModSys@@USMemAlloc_Malloc@core@3@@23@@tl@UModSys@@QAE@XZ 00401910 f i umodsys_lib_basesys:umodsys.basesys.rsystem_main.obj
 0001:00000960       ??0?$TRMemAlloc_CC@U?$TMemAllocHeader@USMagic@mem_headers@rsystem@base@UModSys@@U?$TPool@X@2345@USDebug@2345@UVoid@core@5@@rsystem@base@UModSys@@USMemAlloc_Malloc@core@4@@rsystem@base@UModSys@@QAE@PAUIExceptionHandler@core@3@@Z 00401960 f i umodsys_lib_basesys:umodsys.basesys.rsystem_main.obj
 0001:00000970       ??1?$TRMemAlloc_CC@U?$TMemAllocHeader@USMagic@mem_headers@rsystem@base@UModSys@@U?$TPool@X@2345@USDebug@2345@UVoid@core@5@@rsystem@base@UModSys@@USMemAlloc_Malloc@core@4@@rsystem@base@UModSys@@QAE@XZ 00401970 f i umodsys_lib_basesys:umodsys.basesys.rsystem_main.obj
 0001:00000980       ?mem_alloc@?$TRMemAlloc_CC@U?$TMemAllocHeader@USMagic@mem_headers@rsystem@base@UModSys@@U?$TPool@X@2345@USDebug@2345@UVoid@core@5@@rsystem@base@UModSys@@USMemAlloc_Malloc@core@4@@rsystem@base@UModSys@@UAEPAXIPBUSSourceContext@core@4@@Z 00401980 f i umodsys_lib_basesys:umodsys.basesys.rsystem_main.obj
 0001:000009c0       ?mem_realloc@?$TRMemAlloc_CC@U?$TMemAllocHeader@USMagic@mem_headers@rsystem@base@UModSys@@U?$TPool@X@2345@USDebug@2345@UVoid@core@5@@rsystem@base@UModSys@@USMemAlloc_Malloc@core@4@@rsystem@base@UModSys@@UAEPAXPAXIPBUSSourceContext@core@4@@Z 004019c0 f i umodsys_lib_basesys:umodsys.basesys.rsystem_main.obj
 0001:00000b80       ?mem_free@?$TRMemAlloc_CC@U?$TMemAllocHeader@USMagic@mem_headers@rsystem@base@UModSys@@U?$TPool@X@2345@USDebug@2345@UVoid@core@5@@rsystem@base@UModSys@@USMemAlloc_Malloc@core@4@@rsystem@base@UModSys@@UAEXPAXPBUSSourceContext@core@4@@Z 00401b80 f i umodsys_lib_basesys:umodsys.basesys.rsystem_main.obj
 0001:00000c50       ?free@?$TStaticStringPool@DU?$TComparerBinaryHash@D@su@tl@UModSys@@USMemAlloc_Malloc@core@4@@tl@UModSys@@QAEXXZ 00401c50 f i umodsys_lib_basesys:umodsys.basesys.rsystem_main.obj
 0001:00000ca0       ??$process@UEFatal@core@UModSys@@@IExceptionHandler@core@UModSys@@QAEXABUEFatal@12@@Z 00401ca0 f i umodsys_lib_basesys:umodsys.basesys.rsystem_main.obj
 0001:00000cf0       ??$process@UEWarning@core@UModSys@@@IExceptionHandler@core@UModSys@@QAEXABUEWarning@12@@Z 00401cf0 f i umodsys_lib_basesys:umodsys.basesys.rsystem_main.obj
 0001:00000d40       ??$process_nodes_r@U?$TNodeDeleter@U?$TQuantArrayNode@USSourceContext@core@UModSys@@$0BAA@@tl@UModSys@@USMemAlloc_Malloc@core@3@@tl@UModSys@@@?$TTreeHoldRB@U?$TQuantArrayNode@USSourceContext@core@UModSys@@$0BAA@@tl@UModSys@@@tl@UModSys@@KAHPAU?$TQuantArrayNode@USSourceContext@core@UModSys@@$0BAA@@12@ABU?$TNodeDeleter@U?$TQuantArrayNode@USSourceContext@core@UModSys@@$0BAA@@tl@UModSys@@USMemAlloc_Malloc@core@3@@12@@Z 00401d40 f i umodsys_lib_basesys:umodsys.basesys.rsystem_main.obj
 0001:00000d40       ??$process_nodes_r@U?$TNodeDeleter@U?$TQuantArrayNode@USUniquePointerInfo@core@UModSys@@$0BAA@@tl@UModSys@@USMemAlloc_Malloc@core@3@@tl@UModSys@@@?$TTreeHoldRB@U?$TQuantArrayNode@USUniquePointerInfo@core@UModSys@@$0BAA@@tl@UModSys@@@tl@UModSys@@KAHPAU?$TQuantArrayNode@USUniquePointerInfo@core@UModSys@@$0BAA@@12@ABU?$TNodeDeleter@U?$TQuantArrayNode@USUniquePointerInfo@core@UModSys@@$0BAA@@tl@UModSys@@USMemAlloc_Malloc@core@3@@12@@Z 00401d40 f i umodsys_lib_basesys:umodsys.basesys.rsystem_main.obj
 0001:00000d90       ??0EFatal@core@UModSys@@QAE@ABU012@@Z 00401d90 f i umodsys_lib_basesys:umodsys.basesys.rsystem_main.obj
 0001:00000dd0       ??0EExceptionBase@core@UModSys@@QAE@ABU012@@Z 00401dd0 f i umodsys_lib_basesys:umodsys.basesys.rsystem_main.obj
 0001:00000e00       ??0EWarning@core@UModSys@@QAE@ABU012@@Z 00401e00 f i umodsys_lib_basesys:umodsys.basesys.rsystem_main.obj
 0001:00000e40       ??1?$TParametersA@$0EAA@@core@UModSys@@QAE@XZ 00401e40 f i umodsys_lib_basesys:umodsys.basesys.rsystem_tests.obj
 0001:00000e50       ??$t_moduledb_generate@UIShell@base@UModSys@@@IModuleLoader@base@UModSys@@QAE_NAAU?$TRefObject@UIShell@base@UModSys@@@tl@2@PBUSUniquePointerInfo@core@2@ABUSParameters@62@@Z 00401e50 f i umodsys_lib_basesys:umodsys.basesys.rsystem_tests.obj
 0001:00000f20       ??_ERModuleLoader@rsystem@base@UModSys@@UAEPAXI@Z 00401f20 f i  CIL library: CIL module
 0001:00000f20       ??_GRModuleLoader@rsystem@base@UModSys@@UAEPAXI@Z 00401f20 f i umodsys_lib_basesys:umodsys.basesys.rmoduleloader.obj
 0001:00000f40       ??_GIModuleLoader@base@UModSys@@UAEPAXI@Z 00401f40 f i umodsys_lib_basesys:umodsys.basesys.rmoduleloader.obj
 0001:00000f40       ??_EIModuleLoader@base@UModSys@@UAEPAXI@Z 00401f40 f i  CIL library: CIL module
 0001:00000f60       ??1?$TDynarrayDynamic@U?$TRefObject@URModuleLibrarySO@rsystem@base@UModSys@@@tl@UModSys@@U?$TAllocator@USMemAlloc_Malloc@core@UModSys@@USCountCalcPower2@23@@23@@tl@UModSys@@QAE@XZ 00401f60 f i umodsys_lib_basesys:umodsys.basesys.rmoduleloader.obj
 0001:00000fb0       ?append@?$TStaticStringPool@DU?$TComparerBinaryHash@D@su@tl@UModSys@@USMemAlloc_Malloc@core@4@@tl@UModSys@@QAEPBU?$TString@U?$TSCoreConst@D@su@tl@UModSys@@U?$TComparerBinaryHash@D@234@@23@PBDI@Z 00401fb0 f i umodsys_lib_basesys:umodsys.basesys.rmoduleloader.obj
 0001:00001170       ?amoveright@?$TTypeConstructor@U?$TRefObject@URModuleLibrarySO@rsystem@base@UModSys@@@tl@UModSys@@@tl@UModSys@@SAXPAU?$TRefObject@URModuleLibrarySO@rsystem@base@UModSys@@@23@III@Z 00402170 f i umodsys_lib_basesys:umodsys.basesys.rmoduleloader.obj
 0001:00001200       ??1?$TRefObject@URParameters@rsystem@base@UModSys@@@tl@UModSys@@QAE@XZ 00402200 f i umodsys_lib_basesys:umodsys.basesys.rsystem_main.obj
 0001:00001200       ??1?$TRefObject@URModuleLibrarySO@rsystem@base@UModSys@@@tl@UModSys@@QAE@XZ 00402200 f i umodsys_lib_basesys:umodsys.basesys.rmoduleloader.obj
 0001:00001200       ??1?$TRefObject@URStdIo_Generator@media@UModSys@@@tl@UModSys@@QAE@XZ 00402200 f i umodsys_lib_libmedia:umodsys.mod.media.stdio.obj
 0001:00001200       ??1?$TRefObject@UIShell@base@UModSys@@@tl@UModSys@@QAE@XZ 00402200 f i umodsys_lib_basesys:umodsys.basesys.rsystem_tests.obj
 0001:00001200       ??1?$TRefObject@URStreamReader_FILE@media@UModSys@@@tl@UModSys@@QAE@XZ 00402200 f i umodsys_lib_libmedia:umodsys.mod.media.stdio.obj
 0001:00001200       ??1?$TRefObject@UIModuleLibraryUni@rsystem@base@UModSys@@@tl@UModSys@@QAE@XZ 00402200 f i umodsys_lib_basesys:umodsys.basesys.rmodule.obj
 0001:00001200       ??1?$TRefObject@UIRefObject@core@UModSys@@@tl@UModSys@@QAE@XZ 00402200 f i umodsys_lib_basesys:umodsys.basesys.rsystem_tests.obj
 0001:00001220       ?find_s@?$TStaticStringPool@DU?$TComparerBinaryHash@D@su@tl@UModSys@@USMemAlloc_Malloc@core@4@@tl@UModSys@@QBEPBU?$TString@U?$TSCoreConst@D@su@tl@UModSys@@U?$TComparerBinaryHash@D@234@@23@ABU423@@Z 00402220 f i umodsys_lib_basesys:umodsys.basesys.rmoduleloader.obj
 0001:000012b0       ?get_interface_info@RModuleLibraryThis@rsystem@base@UModSys@@UBEABUSUniquePointerInfo@core@4@XZ 004022b0 f i umodsys_lib_basesys:umodsys.basesys.rmodulelibthis.obj
 0001:000012c0       ?get_interface_type@RModuleLibraryThis@rsystem@base@UModSys@@UBEPBUSUniquePointerInfo@core@4@XZ 004022c0 f i umodsys_lib_basesys:umodsys.basesys.rmodulelibthis.obj
 0001:000012d0       ?get_other_interface@RModuleLibraryThis@rsystem@base@UModSys@@UBEPBUIRoot@core@4@PBUSUniquePointerInfo@64@@Z 004022d0 f i umodsys_lib_basesys:umodsys.basesys.rmodulelibthis.obj
 0001:000012d0       ?get_other_interface@RModuleLibraryThis@rsystem@base@UModSys@@UAEPAUIRoot@core@4@PBUSUniquePointerInfo@64@@Z 004022d0 f i umodsys_lib_basesys:umodsys.basesys.rmodulelibthis.obj
 0001:00001310       ?ref_add@RModuleLibraryThis@rsystem@base@UModSys@@UBEXXZ 00402310 f i umodsys_lib_basesys:umodsys.basesys.rmodulelibthis.obj
 0001:00001320       ?ref_remove@RModuleLibraryThis@rsystem@base@UModSys@@UBEXXZ 00402320 f i umodsys_lib_basesys:umodsys.basesys.rmodulelibthis.obj
 0001:00001330       ?ref_links@RModuleLibraryThis@rsystem@base@UModSys@@UBEHXZ 00402330 f i umodsys_lib_basesys:umodsys.basesys.rmodulelibthis.obj
 0001:00001340       ?suicide@RModuleLibraryThis@rsystem@base@UModSys@@UAEXXZ 00402340 f i umodsys_lib_basesys:umodsys.basesys.rmodulelibthis.obj
 0001:00001360       ??_GRModuleLibraryThis@rsystem@base@UModSys@@UAEPAXI@Z 00402360 f i umodsys_lib_basesys:umodsys.basesys.rmodulelibthis.obj
 0001:00001360       ??_ERModuleLibraryThis@rsystem@base@UModSys@@UAEPAXI@Z 00402360 f i  CIL library: CIL module
 0001:00001370       ??_EIModuleLibraryUni@rsystem@base@UModSys@@UAEPAXI@Z 00402370 f i  CIL library: CIL module
 0001:00001370       ??_GIModuleLibraryUni@rsystem@base@UModSys@@UAEPAXI@Z 00402370 f i umodsys_lib_basesys:umodsys.basesys.rmodulelib.obj
 0001:00001380       ??_EIModuleLibrary@base@UModSys@@UAEPAXI@Z 00402380 f i  CIL library: CIL module
 0001:00001380       ??_GIModuleLibrary@base@UModSys@@UAEPAXI@Z 00402380 f i umodsys_lib_basesys:umodsys.basesys.rmodulelib.obj
 0001:00001390       ?ResizeRel@?$TDynarray@U?$TDynarrayHolderDynamic@U?$TRefObject@URModule@rsystem@base@UModSys@@@tl@UModSys@@U?$TAllocator@USMemAlloc_Malloc@core@UModSys@@USCountCalcPower2@23@@23@@tl@UModSys@@@tl@UModSys@@QAE_NH@Z 00402390 f i umodsys_lib_basesys:umodsys.basesys.rmodulelib.obj
 0001:00001390       ?ResizeRel@?$TDynarray@U?$TDynarrayHolderDynamic@U?$TRefObject@URModuleLibrarySO@rsystem@base@UModSys@@@tl@UModSys@@U?$TAllocator@USMemAlloc_Malloc@core@UModSys@@USCountCalcPower2@23@@23@@tl@UModSys@@@tl@UModSys@@QAE_NH@Z 00402390 f i umodsys_lib_basesys:umodsys.basesys.rmoduleloader.obj
 0001:00001400       ?ReLink@?$TDynarray@U?$TDynarrayHolderDynamic@U?$TRefObject@URModuleLibrarySO@rsystem@base@UModSys@@@tl@UModSys@@U?$TAllocator@USMemAlloc_Malloc@core@UModSys@@USCountCalcPower2@23@@23@@tl@UModSys@@@tl@UModSys@@IAE_NI@Z 00402400 f i umodsys_lib_basesys:umodsys.basesys.rmoduleloader.obj
 0001:00001400       ?ReLink@?$TDynarray@U?$TDynarrayHolderDynamic@U?$TRefObject@URModule@rsystem@base@UModSys@@@tl@UModSys@@U?$TAllocator@USMemAlloc_Malloc@core@UModSys@@USCountCalcPower2@23@@23@@tl@UModSys@@@tl@UModSys@@IAE_NI@Z 00402400 f i umodsys_lib_basesys:umodsys.basesys.rmodulelib.obj
 0001:00001400       ?ReLink@?$TDynarray@U?$TDynarrayHolderDynamic@PBUSUniquePointerInfo@core@UModSys@@U?$TAllocator@USMemAlloc_Malloc@core@UModSys@@USCountCalcPower2@23@@tl@3@@tl@UModSys@@@tl@UModSys@@IAE_NI@Z 00402400 f i umodsys_lib_basesys:umodsys.basesys.rmodule.obj
 0001:00001450       ?adestruct@?$TTypeConstructor@U?$TRefObject@URModuleLibrarySO@rsystem@base@UModSys@@@tl@UModSys@@@tl@UModSys@@SAXPAU?$TRefObject@URModuleLibrarySO@rsystem@base@UModSys@@@23@I@Z 00402450 f i umodsys_lib_basesys:umodsys.basesys.rmoduleloader.obj
 0001:00001450       ?adestruct@?$TTypeConstructor@U?$TRefObject@URModule@rsystem@base@UModSys@@@tl@UModSys@@@tl@UModSys@@SAXPAU?$TRefObject@URModule@rsystem@base@UModSys@@@23@I@Z 00402450 f i umodsys_lib_basesys:umodsys.basesys.rmodulelib.obj
 0001:00001490       ?find@?$TQuantArrayUnique@USSourceContext@core@UModSys@@$0BAA@USMemAlloc_Malloc@23@@tl@UModSys@@QAEPBUSSourceContext@core@3@ABU453@@Z 00402490 f i umodsys_lib_basesys:umodsys.basesys.rsystem.obj
 0001:00001490       ?find@?$TQuantArrayUnique@USUniquePointerInfo@core@UModSys@@$0BAA@USMemAlloc_Malloc@23@@tl@UModSys@@QAEPBUSUniquePointerInfo@core@3@ABU453@@Z 00402490 f i umodsys_lib_basesys:umodsys.basesys.rsystem.obj
 0001:00001580       ?add@?$TQuantArrayUnique@USSourceContext@core@UModSys@@$0BAA@USMemAlloc_Malloc@23@@tl@UModSys@@QAEPAUSSourceContext@core@3@ABU453@@Z 00402580 f i umodsys_lib_basesys:umodsys.basesys.rsystem.obj
 0001:00001580       ?add@?$TQuantArrayUnique@USUniquePointerInfo@core@UModSys@@$0BAA@USMemAlloc_Malloc@23@@tl@UModSys@@QAEPAUSUniquePointerInfo@core@3@ABU453@@Z 00402580 f i umodsys_lib_basesys:umodsys.basesys.rsystem.obj
 0001:00001710       ?insert_color@?$TTreeHoldRB@U?$TQuantArrayNode@USSourceContext@core@UModSys@@$0BAA@@tl@UModSys@@@tl@UModSys@@IAEXPAU?$TQuantArrayNode@USSourceContext@core@UModSys@@$0BAA@@23@@Z 00402710 f i umodsys_lib_basesys:umodsys.basesys.rsystem.obj
 0001:00001710       ?insert_color@?$TTreeHoldRB@U?$TQuantArrayNode@USUniquePointerInfo@core@UModSys@@$0BAA@@tl@UModSys@@@tl@UModSys@@IAEXPAU?$TQuantArrayNode@USUniquePointerInfo@core@UModSys@@$0BAA@@23@@Z 00402710 f i umodsys_lib_basesys:umodsys.basesys.rsystem.obj
 0001:000018b0       ?get_interface_info@RParameters@rsystem@base@UModSys@@UBEABUSUniquePointerInfo@core@4@XZ 004028b0 f i umodsys_lib_basesys:umodsys.basesys.rparameters.obj
 0001:000018c0       ?get_interface_type@RParameters@rsystem@base@UModSys@@UBEPBUSUniquePointerInfo@core@4@XZ 004028c0 f i umodsys_lib_basesys:umodsys.basesys.rparameters.obj
 0001:000018d0       ?get_interface_types@ISystem@base@UModSys@@UBEIAAUSUniquePtrList@core@3@@Z 004028d0 f i umodsys_lib_basesys:umodsys.basesys.rsystem_main.obj
 0001:000018d0       ?get_interface_types@RModule@rsystem@base@UModSys@@UBEIAAUSUniquePtrList@core@4@@Z 004028d0 f i umodsys_lib_basesys:umodsys.basesys.rmodule.obj
 0001:000018d0       ?get_interface_types@RStdIo_Generator@media@UModSys@@UBEIAAUSUniquePtrList@core@3@@Z 004028d0 f i umodsys_lib_libmedia:umodsys.mod.media.stdio.obj
 0001:000018d0       ?get_interface_types@RSystem@rsystem@base@UModSys@@UBEIAAUSUniquePtrList@core@4@@Z 004028d0 f i umodsys_lib_basesys:umodsys.basesys.rsystem_main.obj
 0001:000018d0       ?get_interface_types@RStreamReader_FILE@media@UModSys@@UBEIAAUSUniquePtrList@core@3@@Z 004028d0 f i umodsys_lib_libmedia:umodsys.mod.media.stdio.obj
 0001:000018d0       ?get_interface_types@RParameters@rsystem@base@UModSys@@UBEIAAUSUniquePtrList@core@4@@Z 004028d0 f i umodsys_lib_basesys:umodsys.basesys.rparameters.obj
 0001:000018d0       ?get_interface_types@RModuleLibrarySO@rsystem@base@UModSys@@UBEIAAUSUniquePtrList@core@4@@Z 004028d0 f i umodsys_lib_basesys:umodsys.basesys.rmodulelibso.obj
 0001:000018d0       ?get_interface_types@RConsole_std@rsystem@base@UModSys@@UBEIAAUSUniquePtrList@core@4@@Z 004028d0 f i umodsys_lib_basesys:umodsys.basesys.rconsole_std.obj
 0001:000018d0       ?get_interface_types@RModuleLibraryThis@rsystem@base@UModSys@@UBEIAAUSUniquePtrList@core@4@@Z 004028d0 f i umodsys_lib_basesys:umodsys.basesys.rmodulelibthis.obj
 0001:000018e0       ?get_other_interface@RParameters@rsystem@base@UModSys@@UBEPBUIRoot@core@4@PBUSUniquePointerInfo@64@@Z 004028e0 f i umodsys_lib_basesys:umodsys.basesys.rparameters.obj
 0001:000018e0       ?get_other_interface@RParameters@rsystem@base@UModSys@@UAEPAUIRoot@core@4@PBUSUniquePointerInfo@64@@Z 004028e0 f i umodsys_lib_basesys:umodsys.basesys.rparameters.obj
 0001:00001910       ?ref_add@RParameters@rsystem@base@UModSys@@UBEXXZ 00402910 f i umodsys_lib_basesys:umodsys.basesys.rparameters.obj
 0001:00001920       ?ref_remove@RParameters@rsystem@base@UModSys@@UBEXXZ 00402920 f i umodsys_lib_basesys:umodsys.basesys.rparameters.obj
 0001:00001930       ?ref_links@RParameters@rsystem@base@UModSys@@UBEHXZ 00402930 f i umodsys_lib_basesys:umodsys.basesys.rparameters.obj
 0001:00001940       ?suicide@RParameters@rsystem@base@UModSys@@UAEXXZ 00402940 f i umodsys_lib_basesys:umodsys.basesys.rparameters.obj
 0001:00001960       ??_ERParameters@rsystem@base@UModSys@@UAEPAXI@Z 00402960 f i  CIL library: CIL module
 0001:00001960       ??_GRParameters@rsystem@base@UModSys@@UAEPAXI@Z 00402960 f i umodsys_lib_basesys:umodsys.basesys.rparameters.obj
 0001:00001970       ??$shash@D@su@tl@UModSys@@YAHPBD@Z 00402970 f i umodsys_lib_basesys:umodsys.basesys.rparameters.obj
 0001:00001990       ??$t_free@UIMemAlloc@core@UModSys@@@SMemChunk@core@UModSys@@QAE_NAAUIMemAlloc@12@PBUSSourceContext@12@@Z 00402990 f i umodsys_lib_basesys:umodsys.basesys.rparameters.obj
 0001:000019b0       ??$t_alloc@UIMemAlloc@core@UModSys@@@SMemChunk@core@UModSys@@QAE_NAAUIMemAlloc@12@IPBUSSourceContext@12@@Z 004029b0 f i umodsys_lib_basesys:umodsys.basesys.rparameters.obj
 0001:000019f0       ??0?$UniPath@$0CAAA@@syshlp@core@UModSys@@QAE@PB_W@Z 004029f0 f i umodsys_lib_basesys:umodsys.basesys.rmodule.win32.obj
 0001:00001a30       ?set@?$U8String@$0CAAA@@syshlp@core@UModSys@@QAEXPB_W@Z 00402a30 f i umodsys_lib_basesys:umodsys.basesys.rmodule.win32.obj
 0001:00001a60       ?get_interface_info@RModule@rsystem@base@UModSys@@UBEABUSUniquePointerInfo@core@4@XZ 00402a60 f i umodsys_lib_basesys:umodsys.basesys.rmodule.obj
 0001:00001a70       ?get_interface_type@RModule@rsystem@base@UModSys@@UBEPBUSUniquePointerInfo@core@4@XZ 00402a70 f i umodsys_lib_basesys:umodsys.basesys.rmodule.obj
 0001:00001a80       ?get_other_interface@RModule@rsystem@base@UModSys@@UBEPBUIRoot@core@4@PBUSUniquePointerInfo@64@@Z 00402a80 f i umodsys_lib_basesys:umodsys.basesys.rmodule.obj
 0001:00001a80       ?get_other_interface@RModule@rsystem@base@UModSys@@UAEPAUIRoot@core@4@PBUSUniquePointerInfo@64@@Z 00402a80 f i umodsys_lib_basesys:umodsys.basesys.rmodule.obj
 0001:00001ab0       ?ref_add@RModule@rsystem@base@UModSys@@UBEXXZ 00402ab0 f i umodsys_lib_basesys:umodsys.basesys.rmodule.obj
 0001:00001ac0       ?ref_remove@RModule@rsystem@base@UModSys@@UBEXXZ 00402ac0 f i umodsys_lib_basesys:umodsys.basesys.rmodule.obj
 0001:00001ad0       ?ref_links@RModule@rsystem@base@UModSys@@UBEHXZ 00402ad0 f i umodsys_lib_basesys:umodsys.basesys.rmodule.obj
 0001:00001ae0       ?suicide@RModule@rsystem@base@UModSys@@UAEXXZ 00402ae0 f i umodsys_lib_basesys:umodsys.basesys.rmodule.obj
 0001:00001b50       ??_GRModule@rsystem@base@UModSys@@UAEPAXI@Z 00402b50 f i umodsys_lib_basesys:umodsys.basesys.rmodule.obj
 0001:00001b50       ??_ERModule@rsystem@base@UModSys@@UAEPAXI@Z 00402b50 f i  CIL library: CIL module
 0001:00001b60       ??_GIModule@base@UModSys@@UAEPAXI@Z 00402b60 f i umodsys_lib_basesys:umodsys.basesys.rmodule.obj
 0001:00001b60       ??_EIModule@base@UModSys@@UAEPAXI@Z 00402b60 f i  CIL library: CIL module
 0001:00001b70       ??1?$TDynarrayDynamic@UModuleObjInfo@RModule@rsystem@base@UModSys@@U?$TAllocator@USMemAlloc_Malloc@core@UModSys@@USCountCalcPower2@23@@tl@5@@tl@UModSys@@QAE@XZ 00402b70 f i umodsys_lib_basesys:umodsys.basesys.rmodule.obj
 0001:00001ba0       ??1?$TDynarrayDynamic@UGeneratedObjInfo@RModule@rsystem@base@UModSys@@U?$TAllocator@USMemAlloc_Malloc@core@UModSys@@USCountCalcPower2@23@@tl@5@@tl@UModSys@@QAE@XZ 00402ba0 f i umodsys_lib_basesys:umodsys.basesys.rmodule.obj
 0001:00001bd0       ??1?$TDynarrayDynamic@PBUSUniquePointerInfo@core@UModSys@@U?$TAllocator@USMemAlloc_Malloc@core@UModSys@@USCountCalcPower2@23@@tl@3@@tl@UModSys@@QAE@XZ 00402bd0 f i umodsys_lib_basesys:umodsys.basesys.rmodule.obj
 0001:00001be0       ??1?$TDynarray@U?$TDynarrayHolderDynamic@PBUSUniquePointerInfo@core@UModSys@@U?$TAllocator@USMemAlloc_Malloc@core@UModSys@@USCountCalcPower2@23@@tl@3@@tl@UModSys@@@tl@UModSys@@QAE@XZ 00402be0 f i umodsys_lib_basesys:umodsys.basesys.rmodule.obj
 0001:00001c50       ?Free@?$TDynarray@U?$TDynarrayHolderDynamic@UModuleObjInfo@RModule@rsystem@base@UModSys@@U?$TAllocator@USMemAlloc_Malloc@core@UModSys@@USCountCalcPower2@23@@tl@5@@tl@UModSys@@@tl@UModSys@@QAE_NXZ 00402c50 f i umodsys_lib_basesys:umodsys.basesys.rmodule.obj
 0001:00001cc0       ?Free@?$TDynarray@U?$TDynarrayHolderDynamic@UGeneratedObjInfo@RModule@rsystem@base@UModSys@@U?$TAllocator@USMemAlloc_Malloc@core@UModSys@@USCountCalcPower2@23@@tl@5@@tl@UModSys@@@tl@UModSys@@QAE_NXZ 00402cc0 f i umodsys_lib_basesys:umodsys.basesys.rmodule.obj
 0001:00001d30       ?ReLink@?$TDynarray@U?$TDynarrayHolderDynamic@UModuleObjInfo@RModule@rsystem@base@UModSys@@U?$TAllocator@USMemAlloc_Malloc@core@UModSys@@USCountCalcPower2@23@@tl@5@@tl@UModSys@@@tl@UModSys@@IAE_NI@Z 00402d30 f i umodsys_lib_basesys:umodsys.basesys.rmodule.obj
 0001:00001d80       ?ReLink@?$TDynarray@U?$TDynarrayHolderDynamic@UGeneratedObjInfo@RModule@rsystem@base@UModSys@@U?$TAllocator@USMemAlloc_Malloc@core@UModSys@@USCountCalcPower2@23@@tl@5@@tl@UModSys@@@tl@UModSys@@IAE_NI@Z 00402d80 f i umodsys_lib_basesys:umodsys.basesys.rmodule.obj
 0001:00001dd0       ?items_construct@?$TDynarray@U?$TDynarrayHolderDynamic@UGeneratedObjInfo@RModule@rsystem@base@UModSys@@U?$TAllocator@USMemAlloc_Malloc@core@UModSys@@USCountCalcPower2@23@@tl@5@@tl@UModSys@@@tl@UModSys@@IAEXII@Z 00402dd0 f i umodsys_lib_basesys:umodsys.basesys.rmodule.obj
 0001:00001e10       ?aconstruct@?$TTypeConstructor@UModuleObjInfo@RModule@rsystem@base@UModSys@@@tl@UModSys@@SAXPAUModuleObjInfo@RModule@rsystem@base@3@I@Z 00402e10 f i umodsys_lib_basesys:umodsys.basesys.rmodule.obj
 0001:00001e50       ?get_interface_info@RModuleLibrarySO@rsystem@base@UModSys@@UBEABUSUniquePointerInfo@core@4@XZ 00402e50 f i umodsys_lib_basesys:umodsys.basesys.rmodulelibso.obj
 0001:00001e60       ?get_interface_type@RModuleLibrarySO@rsystem@base@UModSys@@UBEPBUSUniquePointerInfo@core@4@XZ 00402e60 f i umodsys_lib_basesys:umodsys.basesys.rmodulelibso.obj
 0001:00001e70       ?get_other_interface@RModuleLibrarySO@rsystem@base@UModSys@@UAEPAUIRoot@core@4@PBUSUniquePointerInfo@64@@Z 00402e70 f i umodsys_lib_basesys:umodsys.basesys.rmodulelibso.obj
 0001:00001e70       ?get_other_interface@RModuleLibrarySO@rsystem@base@UModSys@@UBEPBUIRoot@core@4@PBUSUniquePointerInfo@64@@Z 00402e70 f i umodsys_lib_basesys:umodsys.basesys.rmodulelibso.obj
 0001:00001eb0       ?ref_add@RModuleLibrarySO@rsystem@base@UModSys@@UBEXXZ 00402eb0 f i umodsys_lib_basesys:umodsys.basesys.rmodulelibso.obj
 0001:00001ec0       ?ref_remove@RModuleLibrarySO@rsystem@base@UModSys@@UBEXXZ 00402ec0 f i umodsys_lib_basesys:umodsys.basesys.rmodulelibso.obj
 0001:00001ed0       ?ref_links@RModuleLibrarySO@rsystem@base@UModSys@@UBEHXZ 00402ed0 f i umodsys_lib_basesys:umodsys.basesys.rmodulelibso.obj
 0001:00001ee0       ?suicide@RModuleLibrarySO@rsystem@base@UModSys@@UAEXXZ 00402ee0 f i umodsys_lib_basesys:umodsys.basesys.rmodulelibso.obj
 0001:00001f00       ??_ERModuleLibrarySO@rsystem@base@UModSys@@UAEPAXI@Z 00402f00 f i  CIL library: CIL module
 0001:00001f00       ??_GRModuleLibrarySO@rsystem@base@UModSys@@UAEPAXI@Z 00402f00 f i umodsys_lib_basesys:umodsys.basesys.rmodulelibso.obj
 0001:00001f10       ?info_new@?$TSCoreShared@USMemAlloc_Malloc@core@UModSys@@D@su@tl@UModSys@@QAE_NPBDI@Z 00402f10 f i umodsys_lib_basesys:umodsys.basesys.rmodulelibso.obj
 0001:00001f90       ?Push@?$TDynarray@U?$TDynarrayHolderDynamic@U?$TRefObject@URModuleLibrarySO@rsystem@base@UModSys@@@tl@UModSys@@U?$TAllocator@USMemAlloc_Malloc@core@UModSys@@USCountCalcPower2@23@@23@@tl@UModSys@@@tl@UModSys@@QAE_NABU?$TRefObject@URModuleLibrarySO@rsystem@base@UModSys@@@23@@Z 00402f90 f i umodsys_lib_basesys:umodsys.basesys.rmodulelibso.obj
 0001:00001f90       ?Push@?$TDynarray@U?$TDynarrayHolderDynamic@U?$TRefObject@URModule@rsystem@base@UModSys@@@tl@UModSys@@U?$TAllocator@USMemAlloc_Malloc@core@UModSys@@USCountCalcPower2@23@@23@@tl@UModSys@@@tl@UModSys@@QAE_NABU?$TRefObject@URModule@rsystem@base@UModSys@@@23@@Z 00402f90 f i umodsys_lib_basesys:umodsys.basesys.rmodulelib.obj
 0001:00002010       ??_ERModuleLibraryReg_Chain@base@UModSys@@UAEPAXI@Z 00403010 f i  CIL library: CIL module
 0001:00002010       ??_GRModuleLibraryReg_Chain@base@UModSys@@UAEPAXI@Z 00403010 f i umodsys_lib_base:umodsys.base.moduleregchain.obj
 0001:00002030       ??_EIModuleReg@base@UModSys@@UAEPAXI@Z 00403030 f i  CIL library: CIL module
 0001:00002030       ??_GIModuleReg@base@UModSys@@UAEPAXI@Z 00403030 f i umodsys_lib_base:umodsys.base.modulereg.obj
 0001:00002050       ??_EIModuleLibraryReg@base@UModSys@@UAEPAXI@Z 00403050 f i  CIL library: CIL module
 0001:00002050       ??_GIModuleLibraryReg@base@UModSys@@UAEPAXI@Z 00403050 f i umodsys_lib_base:umodsys.base.modulereg.obj
 0001:00002070       ?Find@?$TSet@U?$TArray@PBUSUniquePointerInfo@core@UModSys@@@tl@UModSys@@U?$TScalarCompare@PBUSUniquePointerInfo@core@UModSys@@@core@3@@tl@UModSys@@QBEPBQBUSUniquePointerInfo@core@3@ABQBU453@@Z 00403070 f i umodsys_lib_core:umodsys.core.uniqueptrlist.obj
 0001:000020fb       __onexit                   004030fb f   MSVCRT:atonexit.obj
 0001:000021a0       _atexit                    004031a0 f   MSVCRT:atonexit.obj
 0001:00002459       _mainCRTStartup            00403459 f   MSVCRT:crtexe.obj
 0001:00002464       __purecall                 00403464 f   MSVCRT:MSVCR90.dll
 0001:0000246a       ??3@YAXPAX@Z               0040346a f   MSVCRT:MSVCR90.dll
 0001:00002470       ??_Etype_info@@UAEPAXI@Z   00403470 f i MSVCRT:ti_inst.obj
 0001:000024bc       __unlock                   004034bc f   MSVCRT:MSVCR90.dll
 0001:000024c2       ___dllonexit               004034c2 f   MSVCRT:MSVCR90.dll
 0001:000024c8       __lock                     004034c8 f   MSVCRT:MSVCR90.dll
 0001:000024d0       __SEH_prolog4              004034d0 f   MSVCRT:sehprolg4.obj
 0001:00002515       __SEH_epilog4              00403515 f   MSVCRT:sehprolg4.obj
 0001:00002529       __except_handler4          00403529 f   MSVCRT:chandler4gs.obj
 0001:0000254e       ?__CxxUnhandledExceptionFilter@@YGJPAU_EXCEPTION_POINTERS@@@Z 0040354e f   MSVCRT:unhandld.obj
 0001:00002590       ___CxxSetUnhandledExceptionFilter 00403590 f   MSVCRT:unhandld.obj
 0001:0000259e       __amsg_exit                0040359e f   MSVCRT:MSVCR90.dll
 0001:000025a4       __RTC_Initialize           004035a4 f   MSVCRT:_initsect_.obj
 0001:000025ca       __RTC_Terminate            004035ca f   MSVCRT:_initsect_.obj
 0001:000025f0       __XcptFilter               004035f0 f   MSVCRT:MSVCR90.dll
 0001:00002600       __ValidateImageBase        00403600 f   MSVCRT:pesect.obj
 0001:00002640       __FindPESection            00403640 f   MSVCRT:pesect.obj
 0001:00002690       __IsNonwritableInCurrentImage 00403690 f   MSVCRT:pesect.obj
 0001:0000274e       __initterm                 0040374e f   MSVCRT:MSVCR90.dll
 0001:00002754       __initterm_e               00403754 f   MSVCRT:MSVCR90.dll
 0001:0000275a       __setdefaultprecision      0040375a f   MSVCRT:fp8.obj
 0001:00002785       __matherr                  00403785 f   MSVCRT:merr.obj
 0001:00002785       __setargv                  00403785 f   MSVCRT:dllargv.obj
 0001:00002788       ___security_init_cookie    00403788 f   MSVCRT:gs_support.obj
 0001:0000281e       ?__ArrayUnwind@@YGXPAXIHP6EX0@Z@Z 0040381e f   MSVCRT:ehvecdtr.obj
 0001:0000287c       ??_M@YGXPAXIHP6EX0@Z@Z     0040387c f   MSVCRT:ehvecdtr.obj
 0001:000028df       @__security_check_cookie@4 004038df f   MSVCRT:secchk.obj
 0001:000028ee       __except_handler4_common   004038ee f   MSVCRT:MSVCR90.dll
 0001:000028f4       ?terminate@@YAXXZ          004038f4 f   MSVCRT:MSVCR90.dll
 0001:000028fa       __invoke_watson            004038fa f   MSVCRT:MSVCR90.dll
 0001:00002900       __controlfp_s              00403900 f   MSVCRT:MSVCR90.dll
 0001:00002906       ?_type_info_dtor_internal_method@type_info@@QAEXXZ 00403906 f   MSVCRT:MSVCR90.dll
 0001:00002906       ??1type_info@@UAE@XZ       00403906 f   MSVCRT:MSVCR90.dll
 0001:0000290c       ___report_gsfailure        0040390c f   MSVCRT:gs_report.obj
 0001:00002a12       __crt_debugger_hook        00403a12 f   MSVCRT:MSVCR90.dll
 0001:00002a20       ?gracial_convert@syshlp@core@UModSys@@YA_NPADHPB_WH@Z 00403a20 f   umodsys_lib_core:umodsys.core.syshlp_charcode.win32.obj
 0001:00002a50       ?gracial_convert@syshlp@core@UModSys@@YA_NPA_WHPBDH@Z 00403a50 f   umodsys_lib_core:umodsys.core.syshlp_charcode.win32.obj
 0001:00002a80       ?path_uni_os@syshlp@core@UModSys@@YAXPA_W@Z 00403a80 f   umodsys_lib_core:umodsys.core.syshlp_chars.win32.obj
 0001:00002aa0       ?path_os_uni@syshlp@core@UModSys@@YAXPAD@Z 00403aa0 f   umodsys_lib_core:umodsys.core.syshlp_chars.win32.obj
 0001:00002ac0       ?gracial_cpy@syshlp@core@UModSys@@YA_NPA_WHQAPB_WH@Z 00403ac0 f   umodsys_lib_core:umodsys.core.syshlp_chars.win32.obj
 0001:00002b60       ?gracial_cpy@syshlp@core@UModSys@@YA_NPADHQAPBDH@Z 00403b60 f   umodsys_lib_core:umodsys.core.syshlp_chars.win32.obj
 0001:00002bf0       ?suicide@IRoot@core@UModSys@@UAEXXZ 00403bf0 f   umodsys_lib_core:umodsys.core.objects.obj
 0001:00002c00       ??1IRoot@core@UModSys@@UAE@XZ 00403c00 f   umodsys_lib_core:umodsys.core.objects.obj
 0001:00002c10       ??1IRefObject@core@UModSys@@UAE@XZ 00403c10 f   umodsys_lib_core:umodsys.core.objects.obj
 0001:00002c20       ??3IRoot@core@UModSys@@SAXPAXABUSIMemAlloc@12@@Z 00403c20 f   umodsys_lib_core:umodsys.core.objects.obj
 0001:00002c40       ??2IRoot@core@UModSys@@SAPAXIABUSIMemAlloc@12@@Z 00403c40 f   umodsys_lib_core:umodsys.core.objects.obj
 0001:00002c50       ?restore_console@syshlp@core@UModSys@@YAXXZ 00403c50 f   umodsys_lib_core:umodsys.core.syshlp_files.win32.obj
 0001:00002c70       ?setup_console@syshlp@core@UModSys@@YAXXZ 00403c70 f   umodsys_lib_core:umodsys.core.syshlp_files.win32.obj
 0001:00002ca0       ?c_fopen@syshlp@core@UModSys@@YAPAU_iobuf@@PBD0@Z 00403ca0 f   umodsys_lib_core:umodsys.core.syshlp_files.win32.obj
 0001:00002d40       ?lost@core@UModSys@@YAEPBX@Z 00403d40 f   umodsys_lib_core:umodsys.core.stdtypedefs.obj
 0001:00002d50       ?s_unresolve@SUniquePointer@core@UModSys@@SAXPAUIUniquePointerResolver@23@@Z 00403d50 f   umodsys_lib_core:umodsys.core.uniqueptr.obj
 0001:00002d90       ?s_resolve@SUniquePointer@core@UModSys@@SAXPAUIUniquePointerResolver@23@@Z 00403d90 f   umodsys_lib_core:umodsys.core.uniqueptr.obj
 0001:00002de0       ??1SUniquePointer@core@UModSys@@QAE@XZ 00403de0 f   umodsys_lib_core:umodsys.core.uniqueptr.obj
 0001:00002e10       ??0SUniquePointer@core@UModSys@@QAE@H@Z 00403e10 f   umodsys_lib_core:umodsys.core.uniqueptr.obj
 0001:00002e30       ??0SUniquePointer@core@UModSys@@QAE@PBD0H@Z 00403e30 f   umodsys_lib_core:umodsys.core.uniqueptr.obj
 0001:00002e80       ??1SModuleInfo@base@UModSys@@QAE@XZ 00403e80 f   umodsys_lib_base:umodsys.base.moduleinfo.obj
 0001:00002e90       ??0SModuleInfo@base@UModSys@@QAE@XZ 00403e90 f   umodsys_lib_base:umodsys.base.moduleinfo.obj
 0001:00002eb0       ??1IModuleLoader@base@UModSys@@UAE@XZ 00403eb0 f   umodsys_lib_base:umodsys.base.moduleloader.obj
 0001:00002ec0       ??1SDebug@base@UModSys@@QAE@XZ 00403ec0 f   umodsys_lib_base:umodsys.base.debug.obj
 0001:00002ee0       ??0SDebug@base@UModSys@@QAE@PAUIConsole@12@I@Z 00403ee0 f   umodsys_lib_base:umodsys.base.debug.obj
 0001:00002f00       ??1ISystem@base@UModSys@@UAE@XZ 00403f00 f   umodsys_lib_base:umodsys.base.system.obj
 0001:00002f10       ??1IModuleLibraryReg@base@UModSys@@UAE@XZ 00403f10 f   umodsys_lib_base:umodsys.base.modulereg.obj
 0001:00002f20       ??0IModuleLibraryReg@base@UModSys@@QAE@XZ 00403f20 f   umodsys_lib_base:umodsys.base.modulereg.obj
 0001:00002f30       ?mr_close@IModuleReg@base@UModSys@@UAE_NXZ 00403f30 f   umodsys_lib_base:umodsys.base.modulereg.obj
 0001:00002f40       ?mr_open@IModuleReg@base@UModSys@@UAE_NXZ 00403f40 f   umodsys_lib_base:umodsys.base.modulereg.obj
 0001:00002f60       ?mr_isopen@IModuleReg@base@UModSys@@UBE_NXZ 00403f60 f   umodsys_lib_base:umodsys.base.modulereg.obj
 0001:00002f70       ??1IModuleReg@base@UModSys@@UAE@XZ 00403f70 f   umodsys_lib_base:umodsys.base.modulereg.obj
 0001:00002f80       ??0IModuleReg@base@UModSys@@QAE@XZ 00403f80 f   umodsys_lib_base:umodsys.base.modulereg.obj
 0001:00002fb0       _UModSys_Plugin_Entry2@0   00403fb0 f   umodsys_lib_base:umodsys.so_main.win32.obj
 0001:00002fc0       ??1RModuleLibraryReg_Chain@base@UModSys@@UAE@XZ 00403fc0 f   umodsys_lib_base:umodsys.base.moduleregchain.obj
 0001:00002fd0       ??0RModuleLibraryReg_Chain@base@UModSys@@QAE@XZ 00403fd0 f   umodsys_lib_base:umodsys.base.moduleregchain.obj
 0001:00002ff0       ?s_get@SModuleRegChain@base@UModSys@@SAPAUIModuleReg@23@I@Z 00403ff0 f   umodsys_lib_base:umodsys.base.moduleregchain.obj
 0001:00003020       ??1SModuleRegChain@base@UModSys@@QAE@XZ 00404020 f   umodsys_lib_base:umodsys.base.moduleregchain.obj
 0001:00003050       ??0SModuleRegChain@base@UModSys@@QAE@AAUIModuleReg@12@@Z 00404050 f   umodsys_lib_base:umodsys.base.moduleregchain.obj
 0001:00003090       ?mlr_isopen@RModuleLibraryReg_Chain@base@UModSys@@UBE_NXZ 00404090 f   umodsys_lib_base:umodsys.base.moduleregchain.obj
 0001:000030a0       ?mlr_close@RModuleLibraryReg_Chain@base@UModSys@@UAE_NXZ 004040a0 f   umodsys_lib_base:umodsys.base.moduleregchain.obj
 0001:000030d0       ?mlr_open@RModuleLibraryReg_Chain@base@UModSys@@UAE_NPAUISystem@23@PAUIMemAlloc@core@3@@Z 004040d0 f   umodsys_lib_base:umodsys.base.moduleregchain.obj
 0001:00003100       ?mlr_get@RModuleLibraryReg_Chain@base@UModSys@@UBEPAUIModuleReg@23@I@Z 00404100 f   umodsys_lib_base:umodsys.base.moduleregchain.obj
 0001:00003110       ?mlr_count@RModuleLibraryReg_Chain@base@UModSys@@UBEIXZ 00404110 f   umodsys_lib_base:umodsys.base.moduleregchain.obj
 0001:00003130       ??0SModuleRegChain@base@UModSys@@QAE@H@Z 00404130 f   umodsys_lib_base:umodsys.base.moduleregchain.obj
 0001:00003140       ?Link@SModuleContext@base@UModSys@@QAEXPAUISystem@23@PAUIMemAlloc@core@3@@Z 00404140 f   umodsys_lib_base:umodsys.base.modulecontext.obj
 0001:00003190       ??1SModuleContext@base@UModSys@@QAE@XZ 00404190 f   umodsys_lib_base:umodsys.base.modulecontext.obj
 0001:000031a0       ?get_paramworker@SParameters@core@UModSys@@KAPAUIParameters@23@XZ 004041a0 f   umodsys_lib_base:umodsys.base.modulecontext.obj
 0001:000031b0       ??0SModuleContext@base@UModSys@@QAE@XZ 004041b0 f   umodsys_lib_base:umodsys.base.modulecontext.obj
 0001:000031d0       ?uni_close@RModuleLibrarySO@rsystem@base@UModSys@@UAE_NXZ 004041d0 f   umodsys_lib_basesys:umodsys.basesys.rmodulelibso.obj
 0001:000031f0       ?uni_open@RModuleLibrarySO@rsystem@base@UModSys@@UAE_NXZ 004041f0 f   umodsys_lib_basesys:umodsys.basesys.rmodulelibso.obj
 0001:00003220       ?s_find_dup@RModuleLibrarySO@rsystem@base@UModSys@@SAIABU?$TDynarrayDynamic@U?$TRefObject@URModuleLibrarySO@rsystem@base@UModSys@@@tl@UModSys@@U?$TAllocator@USMemAlloc_Malloc@core@UModSys@@USCountCalcPower2@23@@23@@tl@4@PAUIModuleLibraryReg@34@@Z 00404220 f   umodsys_lib_basesys:umodsys.basesys.rmodulelibso.obj
 0001:00003250       ??0RModuleLibrarySO@rsystem@base@UModSys@@QAE@PAUISystem@23@PAUPFD_Data@0123@PAUIModuleLibraryReg@23@@Z 00404250 f   umodsys_lib_basesys:umodsys.basesys.rmodulelibso.obj
 0001:00003280       ??1RModuleLibrarySO@rsystem@base@UModSys@@UAE@XZ 00404280 f   umodsys_lib_basesys:umodsys.basesys.rmodulelibso.obj
 0001:000032d0       ?uni_unload@RModuleLibrarySO@rsystem@base@UModSys@@UAE_NXZ 004042d0 f   umodsys_lib_basesys:umodsys.basesys.rmodulelibso.obj
 0001:000032e0       ?uni_load@RModuleLibrarySO@rsystem@base@UModSys@@UAE_NXZ 004042e0 f   umodsys_lib_basesys:umodsys.basesys.rmodulelibso.obj
 0001:00003320       ?s_add@RModuleLibrarySO@rsystem@base@UModSys@@SA_NPAUISystem@34@AAU?$TDynarrayDynamic@U?$TRefObject@URModuleLibrarySO@rsystem@base@UModSys@@@tl@UModSys@@U?$TAllocator@USMemAlloc_Malloc@core@UModSys@@USCountCalcPower2@23@@23@@tl@4@PBD@Z 00404320 f   umodsys_lib_basesys:umodsys.basesys.rmodulelibso.obj
 0001:000034e0       ?scan@RModule@rsystem@base@UModSys@@QAE_NXZ 004044e0 f   umodsys_lib_basesys:umodsys.basesys.rmodule.obj
 0001:00003510       ?mod_findobjname@RModule@rsystem@base@UModSys@@UAEIPBUSUniquePointerInfo@core@4@QAPBU564@I@Z 00404510 f   umodsys_lib_basesys:umodsys.basesys.rmodule.obj
 0001:00003590       ?is_open@RModule@rsystem@base@UModSys@@UBE_NXZ 00404590 f   umodsys_lib_basesys:umodsys.basesys.rmodule.obj
 0001:000035b0       ?get_info@RModule@rsystem@base@UModSys@@UBEABUSModuleInfo@34@XZ 004045b0 f   umodsys_lib_basesys:umodsys.basesys.rmodule.obj
 0001:000035c0       ?get_library@RModule@rsystem@base@UModSys@@UBEPAUIModuleLibrary@34@XZ 004045c0 f   umodsys_lib_basesys:umodsys.basesys.rmodule.obj
 0001:000035d0       ??1RModule@rsystem@base@UModSys@@UAE@XZ 004045d0 f   umodsys_lib_basesys:umodsys.basesys.rmodule.obj
 0001:00003640       ?unreg_obj@RModule@rsystem@base@UModSys@@QAE_NPAUIModObject@34@@Z 00404640 f   umodsys_lib_basesys:umodsys.basesys.rmodule.obj
 0001:000036e0       ?reg_generator@RModule@rsystem@base@UModSys@@QAE_NPAUModuleObjInfo@1234@PAUIGenerator@34@@Z 004046e0 f   umodsys_lib_basesys:umodsys.basesys.rmodule.obj
 0001:00003940       ?save_db@RModule@rsystem@base@UModSys@@QAE_NPAU_iobuf@@@Z 00404940 f   umodsys_lib_basesys:umodsys.basesys.rmodule.obj
 0001:00003af0       ?alloc_minfo@RModule@rsystem@base@UModSys@@QAE_NABUSModuleInfo@34@@Z 00404af0 f   umodsys_lib_basesys:umodsys.basesys.rmodule.obj
 0001:00003b70       ?reg_obj@RModule@rsystem@base@UModSys@@QAEPAUModuleObjInfo@1234@PAUIModObject@34@@Z 00404b70 f   umodsys_lib_basesys:umodsys.basesys.rmodule.obj
 0001:00003cb0       ?mod_generate@RModule@rsystem@base@UModSys@@UAE_NAAU?$TRefObject@UIRefObject@core@UModSys@@@tl@4@PBUSUniquePointerInfo@core@4@ABUSParameters@84@@Z 00404cb0 f   umodsys_lib_basesys:umodsys.basesys.rmodule.obj
 0001:00003dd0       ?reg@RModule@rsystem@base@UModSys@@UAE_NPAUIGenerator@34@_N@Z 00404dd0 f   umodsys_lib_basesys:umodsys.basesys.rmodule.obj
 0001:00003e20       ?reg@RModule@rsystem@base@UModSys@@UAE_NPAUIModObject@34@_N@Z 00404e20 f   umodsys_lib_basesys:umodsys.basesys.rmodule.obj
 0001:00003e50       ?close@RModule@rsystem@base@UModSys@@UAE_NXZ 00404e50 f   umodsys_lib_basesys:umodsys.basesys.rmodule.obj
 0001:00003ea0       ?open@RModule@rsystem@base@UModSys@@UAE_NXZ 00404ea0 f   umodsys_lib_basesys:umodsys.basesys.rmodule.obj
 0001:00003f00       ??0RModule@rsystem@base@UModSys@@QAE@PAUIModuleLibraryUni@123@PAUIModuleReg@23@@Z 00404f00 f   umodsys_lib_basesys:umodsys.basesys.rmodule.obj
 0001:00003fb0       ?pfd_init@RModuleLibrarySO@rsystem@base@UModSys@@SA_NPAUPFD_Data@1234@@Z 00404fb0 f   umodsys_lib_basesys:umodsys.basesys.rmodule.win32.obj
 0001:00004030       ?pfd_init@RModuleLibrarySO@rsystem@base@UModSys@@SA_NPAUPFD_Data@1234@0@Z 00405030 f   umodsys_lib_basesys:umodsys.basesys.rmodule.win32.obj
 0001:00004050       ?pfd_unload@RModuleLibrarySO@rsystem@base@UModSys@@SA_NPAUPFD_Data@1234@@Z 00405050 f   umodsys_lib_basesys:umodsys.basesys.rmodule.win32.obj
 0001:00004090       ?pfd_load@RModuleLibrarySO@rsystem@base@UModSys@@SAPAUIModuleLibraryReg@34@PAUPFD_Data@1234@ABU?$TString@U?$TSCoreConst@D@su@tl@UModSys@@U?$TComparerBinaryHash@D@234@@tl@4@@Z 00405090 f   umodsys_lib_basesys:umodsys.basesys.rmodule.win32.obj
 0001:00004410       ?pfd_scan@RModuleLibrarySO@rsystem@base@UModSys@@SAIPAUISystem@34@AAU?$TDynarrayDynamic@U?$TRefObject@URModuleLibrarySO@rsystem@base@UModSys@@@tl@UModSys@@U?$TAllocator@USMemAlloc_Malloc@core@UModSys@@USCountCalcPower2@23@@23@@tl@4@ABU?$TString@U?$TSCoreConst@D@su@tl@UModSys@@U?$TComparerBinaryHash@D@234@@74@@Z 00405410 f   umodsys_lib_basesys:umodsys.basesys.rmodule.win32.obj
 0001:000044f0       ?estimate_size@RParameters@rsystem@base@UModSys@@IAEHAAUElem@1234@HPBDHH@Z 004054f0 f   umodsys_lib_basesys:umodsys.basesys.rparameters.obj
 0001:00004570       ?p_init_s@RParameters@rsystem@base@UModSys@@UAEXPAUSParametersData@core@4@PAXH@Z 00405570 f   umodsys_lib_basesys:umodsys.basesys.rparameters.obj
 0001:000045b0       ??1RParameters@rsystem@base@UModSys@@UAE@XZ 004055b0 f   umodsys_lib_basesys:umodsys.basesys.rparameters.obj
 0001:000045c0       ??0RParameters@rsystem@base@UModSys@@QAE@PAUISystem@23@@Z 004055c0 f   umodsys_lib_basesys:umodsys.basesys.rparameters.obj
 0001:000045f0       ?next@RParameters@rsystem@base@UModSys@@UAE_NPBUSParametersData@core@4@AAU?$TString@U?$TSCoreConst@D@su@tl@UModSys@@U?$TComparerBinaryHash@D@234@@tl@4@@Z 004055f0 f   umodsys_lib_basesys:umodsys.basesys.rparameters.obj
 0001:000046f0       ?next@RParameters@rsystem@base@UModSys@@UAE_NPBUSParametersData@core@4@AAPBD@Z 004056f0 f   umodsys_lib_basesys:umodsys.basesys.rparameters.obj
 0001:000047c0       ?p_init@RParameters@rsystem@base@UModSys@@UAEXPAUSParametersData@core@4@H@Z 004057c0 f   umodsys_lib_basesys:umodsys.basesys.rparameters.obj
 0001:00004830       ?alloc_elems@RParameters@rsystem@base@UModSys@@IAEXPAXH@Z 00405830 f   umodsys_lib_basesys:umodsys.basesys.rparameters.obj
 0001:00004890       ?free_elems@RParameters@rsystem@base@UModSys@@IAEXPAXH@Z 00405890 f   umodsys_lib_basesys:umodsys.basesys.rparameters.obj
 0001:00004900       ?get_last@RParameters@rsystem@base@UModSys@@IAEPAUElem@1234@PAXHHH@Z 00405900 f   umodsys_lib_basesys:umodsys.basesys.rparameters.obj
 0001:00004950       ?find_elem@RParameters@rsystem@base@UModSys@@IAEPBUElem@1234@PBXHHHPBD@Z 00405950 f   umodsys_lib_basesys:umodsys.basesys.rparameters.obj
 0001:000049e0       ?get@RParameters@rsystem@base@UModSys@@UAE_NPBUSParametersData@core@4@PBDAAPAUIRefObject@64@@Z 004059e0 f   umodsys_lib_basesys:umodsys.basesys.rparameters.obj
 0001:00004a30       ?get@RParameters@rsystem@base@UModSys@@UAE_NPBUSParametersData@core@4@PBDAAN@Z 00405a30 f   umodsys_lib_basesys:umodsys.basesys.rparameters.obj
 0001:00004a80       ?get@RParameters@rsystem@base@UModSys@@UAE_NPBUSParametersData@core@4@PBDAAH@Z 00405a80 f   umodsys_lib_basesys:umodsys.basesys.rparameters.obj
 0001:00004ad0       ?get@RParameters@rsystem@base@UModSys@@UAE_NPBUSParametersData@core@4@PBDAAPBD@Z 00405ad0 f   umodsys_lib_basesys:umodsys.basesys.rparameters.obj
 0001:00004b20       ?p_init_s@RParameters@rsystem@base@UModSys@@UAEXPAUSParametersData@core@4@ABU564@PAXH@Z 00405b20 f   umodsys_lib_basesys:umodsys.basesys.rparameters.obj
 0001:00004b90       ?p_copy@RParameters@rsystem@base@UModSys@@UAEXPAUSParametersData@core@4@ABU564@@Z 00405b90 f   umodsys_lib_basesys:umodsys.basesys.rparameters.obj
 0001:00004c80       ?p_init@RParameters@rsystem@base@UModSys@@UAEXPAUSParametersData@core@4@ABU564@@Z 00405c80 f   umodsys_lib_basesys:umodsys.basesys.rparameters.obj
 0001:00004d30       ?p_deinit@RParameters@rsystem@base@UModSys@@UAEXPAUSParametersData@core@4@@Z 00405d30 f   umodsys_lib_basesys:umodsys.basesys.rparameters.obj
 0001:00004d90       ?add_last@RParameters@rsystem@base@UModSys@@IAE_NPAUSParametersData@core@4@PBDPBXH@Z 00405d90 f   umodsys_lib_basesys:umodsys.basesys.rparameters.obj
 0001:00004fa0       ?add@RParameters@rsystem@base@UModSys@@UAE_NPAUSParametersData@core@4@PBDPAUIRefObject@64@@Z 00405fa0 f   umodsys_lib_basesys:umodsys.basesys.rparameters.obj
 0001:00004fc0       ?add@RParameters@rsystem@base@UModSys@@UAE_NPAUSParametersData@core@4@PBDABN@Z 00405fc0 f   umodsys_lib_basesys:umodsys.basesys.rparameters.obj
 0001:00004fe0       ?add@RParameters@rsystem@base@UModSys@@UAE_NPAUSParametersData@core@4@PBDH@Z 00405fe0 f   umodsys_lib_basesys:umodsys.basesys.rparameters.obj
 0001:00005000       ?add@RParameters@rsystem@base@UModSys@@UAE_NPAUSParametersData@core@4@PBD1@Z 00406000 f   umodsys_lib_basesys:umodsys.basesys.rparameters.obj
 0001:00005020       ?get_sca@RSystem@rsystem@base@UModSys@@UAEPAUISourceContextAdapter@core@4@XZ 00406020 f   umodsys_lib_basesys:umodsys.basesys.rsystem.obj
 0001:00005030       ?get_upr@RSystem@rsystem@base@UModSys@@UAEPAUIUniquePointerResolver@core@4@XZ 00406030 f   umodsys_lib_basesys:umodsys.basesys.rsystem.obj
 0001:00005040       ?get_modloader@RSystem@rsystem@base@UModSys@@UAEPAUIModuleLoader@34@XZ 00406040 f   umodsys_lib_basesys:umodsys.basesys.rsystem.obj
 0001:00005050       ?get_syslib@RSystem@rsystem@base@UModSys@@UAEPAUIModuleLibrary@34@XZ 00406050 f   umodsys_lib_basesys:umodsys.basesys.rsystem.obj
 0001:00005060       ?get_sharemem@RSystem@rsystem@base@UModSys@@UAEPAUIMemAlloc@core@4@XZ 00406060 f   umodsys_lib_basesys:umodsys.basesys.rsystem.obj
 0001:00005070       ?get_sysmem@RSystem@rsystem@base@UModSys@@UAEPAUIMemAlloc@core@4@XZ 00406070 f   umodsys_lib_basesys:umodsys.basesys.rsystem.obj
 0001:00005080       ?get_console@RSystem@rsystem@base@UModSys@@UAEPAUIConsole@34@XZ 00406080 f   umodsys_lib_basesys:umodsys.basesys.rsystem.obj
 0001:00005090       ?get_params@RSystem@rsystem@base@UModSys@@UAEPAUIParameters@core@4@XZ 00406090 f   umodsys_lib_basesys:umodsys.basesys.rsystem.obj
 0001:000050a0       ?upi_remove@RSystem@rsystem@base@UModSys@@UAEHPBUSUniquePointerInfo@core@4@@Z 004060a0 f   umodsys_lib_basesys:umodsys.basesys.rsystem.obj
 0001:000050b0       ?persist_ctx@RSystem@rsystem@base@UModSys@@UAEPBUSSourceContext@core@4@PBU564@@Z 004060b0 f   umodsys_lib_basesys:umodsys.basesys.rsystem.obj
 0001:00005170       ?upi_add@RSystem@rsystem@base@UModSys@@UAEPBUSUniquePointerInfo@core@4@PBU564@@Z 00406170 f   umodsys_lib_basesys:umodsys.basesys.rsystem.obj
 0001:00005230       ?lib_unload@IModuleLibraryUni@rsystem@base@UModSys@@UAE_NXZ 00406230 f   umodsys_lib_basesys:umodsys.basesys.rmodulelib.obj
 0001:00005250       ?lib_loaded@IModuleLibraryUni@rsystem@base@UModSys@@UBE_NXZ 00406250 f   umodsys_lib_basesys:umodsys.basesys.rmodulelib.obj
 0001:00005260       ?get_system@IModuleLibraryUni@rsystem@base@UModSys@@UBEPAUISystem@34@XZ 00406260 f   umodsys_lib_basesys:umodsys.basesys.rmodulelib.obj
 0001:00005270       ?get_privmem@IModuleLibraryUni@rsystem@base@UModSys@@UBEPAUIMemAlloc@core@4@XZ 00406270 f   umodsys_lib_basesys:umodsys.basesys.rmodulelib.obj
 0001:00005280       ?unlink@IModuleLibraryUni@rsystem@base@UModSys@@QAE_NXZ 00406280 f   umodsys_lib_basesys:umodsys.basesys.rmodulelib.obj
 0001:000052c0       ?cleanup@IModuleLibraryUni@rsystem@base@UModSys@@QAEIXZ 004062c0 f   umodsys_lib_basesys:umodsys.basesys.rmodulelib.obj
 0001:000052f0       ?lib_generate@IModuleLibraryUni@rsystem@base@UModSys@@UAE_NAAU?$TRefObject@UIRefObject@core@UModSys@@@tl@4@PBUSUniquePointerInfo@core@4@ABUSParameters@84@@Z 004062f0 f   umodsys_lib_basesys:umodsys.basesys.rmodulelib.obj
 0001:00005340       ?lib_findobjname@IModuleLibraryUni@rsystem@base@UModSys@@UAEIPBUSUniquePointerInfo@core@4@QAPBU564@I@Z 00406340 f   umodsys_lib_basesys:umodsys.basesys.rmodulelib.obj
 0001:000053b0       ?lib_free@IModuleLibraryUni@rsystem@base@UModSys@@UAE_NXZ 004063b0 f   umodsys_lib_basesys:umodsys.basesys.rmodulelib.obj
 0001:000053d0       ?get_module@IModuleLibraryUni@rsystem@base@UModSys@@UBEPAUIModule@34@I@Z 004063d0 f   umodsys_lib_basesys:umodsys.basesys.rmodulelib.obj
 0001:000053f0       ?get_module_count@IModuleLibraryUni@rsystem@base@UModSys@@UBEIXZ 004063f0 f   umodsys_lib_basesys:umodsys.basesys.rmodulelib.obj
 0001:00005400       ?get_sys_libname@IModuleLibraryUni@rsystem@base@UModSys@@UBE?AU?$TString@U?$TSCoreConst@D@su@tl@UModSys@@U?$TComparerBinaryHash@D@234@@tl@4@XZ 00406400 f   umodsys_lib_basesys:umodsys.basesys.rmodulelib.obj
 0001:00005420       ??1IModuleLibraryUni@rsystem@base@UModSys@@UAE@XZ 00406420 f   umodsys_lib_basesys:umodsys.basesys.rmodulelib.obj
 0001:000054b0       ??0IModuleLibraryUni@rsystem@base@UModSys@@QAE@PAUISystem@23@PAUIModuleLibraryReg@23@@Z 004064b0 f   umodsys_lib_basesys:umodsys.basesys.rmodulelib.obj
 0001:000054f0       ?save_db@IModuleLibraryUni@rsystem@base@UModSys@@QAE_NPAU_iobuf@@@Z 004064f0 f   umodsys_lib_basesys:umodsys.basesys.rmodulelib.obj
 0001:00005550       ?link@IModuleLibraryUni@rsystem@base@UModSys@@QAE_NXZ 00406550 f   umodsys_lib_basesys:umodsys.basesys.rmodulelib.obj
 0001:00005720       ?load0@IModuleLibraryUni@rsystem@base@UModSys@@QAE_NXZ 00406720 f   umodsys_lib_basesys:umodsys.basesys.rmodulelib.obj
 0001:00005770       ?lib_load@IModuleLibraryUni@rsystem@base@UModSys@@UAE_NXZ 00406770 f   umodsys_lib_basesys:umodsys.basesys.rmodulelib.obj
 0001:00005790       ?scan@IModuleLibraryUni@rsystem@base@UModSys@@QAE_NXZ 00406790 f   umodsys_lib_basesys:umodsys.basesys.rmodulelib.obj
 0001:000057d0       ?uni_close@RModuleLibraryThis@rsystem@base@UModSys@@UAE_NXZ 004067d0 f   umodsys_lib_basesys:umodsys.basesys.rmodulelibthis.obj
 0001:000057e0       ?uni_open@RModuleLibraryThis@rsystem@base@UModSys@@UAE_NXZ 004067e0 f   umodsys_lib_basesys:umodsys.basesys.rmodulelibthis.obj
 0001:000057f0       ?uni_unload@RModuleLibraryThis@rsystem@base@UModSys@@UAE_NXZ 004067f0 f   umodsys_lib_basesys:umodsys.basesys.rmodulelibthis.obj
 0001:00005800       ?uni_load@RModuleLibraryThis@rsystem@base@UModSys@@UAE_NXZ 00406800 f   umodsys_lib_basesys:umodsys.basesys.rmodulelibthis.obj
 0001:00005810       ??1RModuleLibraryThis@rsystem@base@UModSys@@UAE@XZ 00406810 f   umodsys_lib_basesys:umodsys.basesys.rmodulelibthis.obj
 0001:00005860       ??0RModuleLibraryThis@rsystem@base@UModSys@@QAE@PAUISystem@23@@Z 00406860 f   umodsys_lib_basesys:umodsys.basesys.rmodulelibthis.obj
 0001:00005890       ?moduledb_load@RModuleLoader@rsystem@base@UModSys@@UAE_NABU?$TString@U?$TSCoreConst@D@su@tl@UModSys@@U?$TComparerBinaryHash@D@234@@tl@4@@Z 00406890 f   umodsys_lib_basesys:umodsys.basesys.rmoduleloader.obj
 0001:000058a0       ?moduledb_lib_drop@RModuleLoader@rsystem@base@UModSys@@UAE_NPAUIModuleLibrary@34@@Z 004068a0 f   umodsys_lib_basesys:umodsys.basesys.rmoduleloader.obj
 0001:000058b0       ?moduledb_lib_get@RModuleLoader@rsystem@base@UModSys@@UBEPAUIModuleLibrary@34@I@Z 004068b0 f   umodsys_lib_basesys:umodsys.basesys.rmoduleloader.obj
 0001:000058e0       ?moduledb_lib_count@RModuleLoader@rsystem@base@UModSys@@UAEIXZ 004068e0 f   umodsys_lib_basesys:umodsys.basesys.rmoduleloader.obj
 0001:000058f0       ?moduledb_module_get@RModuleLoader@rsystem@base@UModSys@@UBEPAUIModule@34@I@Z 004068f0 f   umodsys_lib_basesys:umodsys.basesys.rmoduleloader.obj
 0001:00005950       ?moduledb_module_count@RModuleLoader@rsystem@base@UModSys@@UAEIXZ 00406950 f   umodsys_lib_basesys:umodsys.basesys.rmoduleloader.obj
 0001:00005980       ?moduledb_generate@RModuleLoader@rsystem@base@UModSys@@UAE_NAAU?$TRefObject@UIRefObject@core@UModSys@@@tl@4@PBUSUniquePointerInfo@core@4@ABUSParameters@84@@Z 00406980 f   umodsys_lib_basesys:umodsys.basesys.rmoduleloader.obj
 0001:000059f0       ?moduledb_findobjname@RModuleLoader@rsystem@base@UModSys@@UAEIPBUSUniquePointerInfo@core@4@QAPBU564@I@Z 004069f0 f   umodsys_lib_basesys:umodsys.basesys.rmoduleloader.obj
 0001:00005a70       ??1RModuleLoader@rsystem@base@UModSys@@UAE@XZ 00406a70 f   umodsys_lib_basesys:umodsys.basesys.rmoduleloader.obj
 0001:00005b10       ??0RModuleLoader@rsystem@base@UModSys@@QAE@PAUISystem@23@@Z 00406b10 f   umodsys_lib_basesys:umodsys.basesys.rmoduleloader.obj
 0001:00005b50       ?moduledb_clear@RModuleLoader@rsystem@base@UModSys@@UAEXXZ 00406b50 f   umodsys_lib_basesys:umodsys.basesys.rmoduleloader.obj
 0001:00005bd0       ?moduledb_find@RModuleLoader@rsystem@base@UModSys@@UBEPAUIModule@34@ABU?$TString@U?$TSCoreConst@D@su@tl@UModSys@@U?$TComparerBinaryHash@D@234@@tl@4@ABUSVersion@core@4@@Z 00406bd0 f   umodsys_lib_basesys:umodsys.basesys.rmoduleloader.obj
 0001:00005d30       ?cleanup@RModuleLoader@rsystem@base@UModSys@@QAEXXZ 00406d30 f   umodsys_lib_basesys:umodsys.basesys.rmoduleloader.obj
 0001:00005d70       ?get_string@RModuleLoader@rsystem@base@UModSys@@QAEABU?$TString@U?$TSCoreConst@D@su@tl@UModSys@@U?$TComparerBinaryHash@D@234@@tl@4@ABU564@@Z 00406d70 f   umodsys_lib_basesys:umodsys.basesys.rmoduleloader.obj
 0001:00005db0       ?moduledb_get_string@RModuleLoader@rsystem@base@UModSys@@UAEABU?$TString@U?$TSCoreConst@D@su@tl@UModSys@@U?$TComparerBinaryHash@D@234@@tl@4@ABU564@@Z 00406db0 f   umodsys_lib_basesys:umodsys.basesys.rmoduleloader.obj
 0001:00005dc0       ?moduledb_save@RModuleLoader@rsystem@base@UModSys@@UAE_NABU?$TString@U?$TSCoreConst@D@su@tl@UModSys@@U?$TComparerBinaryHash@D@234@@tl@4@@Z 00406dc0 f   umodsys_lib_basesys:umodsys.basesys.rmoduleloader.obj
 0001:00005e50       ?moduledb_cleanup@RModuleLoader@rsystem@base@UModSys@@UAEIXZ 00406e50 f   umodsys_lib_basesys:umodsys.basesys.rmoduleloader.obj
 0001:00005f20       ?moduledb_scan@RModuleLoader@rsystem@base@UModSys@@UAEIABU?$TString@U?$TSCoreConst@D@su@tl@UModSys@@U?$TComparerBinaryHash@D@234@@tl@4@_N@Z 00406f20 f   umodsys_lib_basesys:umodsys.basesys.rmoduleloader.obj
 0001:00005f90       ?set_console@RSystem@rsystem@base@UModSys@@QAEXPAUIConsole@34@@Z 00406f90 f   umodsys_lib_basesys:umodsys.basesys.rsystem_main.obj
 0001:00005fc0       ?err_put@rsystem@base@UModSys@@YAXW4eRSystemDebugLevels@123@PBDZZ 00406fc0 f   umodsys_lib_basesys:umodsys.basesys.rsystem_main.obj
 0001:00006000       ?dbg_put@rsystem@base@UModSys@@YAXW4eRSystemDebugLevels@123@PBDZZ 00407000 f   umodsys_lib_basesys:umodsys.basesys.rsystem_main.obj
 0001:00006040       ??1RSystem@rsystem@base@UModSys@@UAE@XZ 00407040 f   umodsys_lib_basesys:umodsys.basesys.rsystem_main.obj
 0001:00006100       ??0RSystem@rsystem@base@UModSys@@QAE@XZ 00407100 f   umodsys_lib_basesys:umodsys.basesys.rsystem_main.obj
 0001:000061d0       ?find_shells@RSystem@rsystem@base@UModSys@@QAEIQAPBUSUniquePointerInfo@core@4@I@Z 004071d0 f   umodsys_lib_basesys:umodsys.basesys.rsystem_main.obj
 0001:000061f0       ?exec_main@RSystem@rsystem@base@UModSys@@QAE_NXZ 004071f0 f   umodsys_lib_basesys:umodsys.basesys.rsystem_main.obj
 0001:00006210       ?exec_args@RSystem@rsystem@base@UModSys@@QAE_NHPAPAD@Z 00407210 f   umodsys_lib_basesys:umodsys.basesys.rsystem_main.obj
 0001:00006230       ?deinit@RSystem@rsystem@base@UModSys@@QAE_NXZ 00407230 f   umodsys_lib_basesys:umodsys.basesys.rsystem_main.obj
 0001:00006320       ?init@RSystem@rsystem@base@UModSys@@QAE_NXZ 00407320 f   umodsys_lib_basesys:umodsys.basesys.rsystem_main.obj
 0001:000063f0       ?get_s@RConsole_std@rsystem@base@UModSys@@UAA_NPADIPBDZZ 004073f0 f   umodsys_lib_basesys:umodsys.basesys.rconsole_std.obj
 0001:00006400       ?vget_s@RConsole_std@rsystem@base@UModSys@@UAE_NPADIPBD0@Z 00407400 f   umodsys_lib_basesys:umodsys.basesys.rconsole_std.obj
 0001:00006410       ?get_c@RConsole_std@rsystem@base@UModSys@@UAA_NPAHPBDZZ 00407410 f   umodsys_lib_basesys:umodsys.basesys.rconsole_std.obj
 0001:00006420       ?vget_c@RConsole_std@rsystem@base@UModSys@@UAE_NPAHPBDPAD@Z 00407420 f   umodsys_lib_basesys:umodsys.basesys.rconsole_std.obj
 0001:00006430       ?put@RConsole_std@rsystem@base@UModSys@@UAA_NHPBDZZ 00407430 f   umodsys_lib_basesys:umodsys.basesys.rconsole_std.obj
 0001:00006480       ?vput@RConsole_std@rsystem@base@UModSys@@UAE_NHPBDPAD@Z 00407480 f   umodsys_lib_basesys:umodsys.basesys.rconsole_std.obj
 0001:000064d0       ?ref_links@RConsole_std@rsystem@base@UModSys@@UBEHXZ 004074d0 f   umodsys_lib_basesys:umodsys.basesys.rconsole_std.obj
 0001:000064e0       ?ref_remove@RConsole_std@rsystem@base@UModSys@@UBEXXZ 004074e0 f   umodsys_lib_basesys:umodsys.basesys.rconsole_std.obj
 0001:000064f0       ?ref_add@RConsole_std@rsystem@base@UModSys@@UBEXXZ 004074f0 f   umodsys_lib_basesys:umodsys.basesys.rconsole_std.obj
 0001:00006500       ??0RConsole_std@rsystem@base@UModSys@@QAE@XZ 00407500 f   umodsys_lib_basesys:umodsys.basesys.rconsole_std.obj
 0001:00006520       ?reflect@RConsole_std@rsystem@base@UModSys@@QAE_NPBD@Z 00407520 f   umodsys_lib_basesys:umodsys.basesys.rconsole_std.obj
 0001:00006570       ??1RConsole_std@rsystem@base@UModSys@@UAE@XZ 00407570 f   umodsys_lib_basesys:umodsys.basesys.rconsole_std.obj
 0001:00006590       ?s_holder@RStdIo_Generator@media@UModSys@@SAAAU?$TTypeStaticHolder@URStdIo_Generator@media@UModSys@@@tl@3@XZ 00407590 f   umodsys_lib_libmedia:umodsys.mod.media.stdio.obj
 0001:000065d0       ?mod_dec@RStdIo_Generator@media@UModSys@@UBE_NXZ 004075d0 f   umodsys_lib_libmedia:umodsys.mod.media.stdio.obj
 0001:000065e0       ?mod_inc@RStdIo_Generator@media@UModSys@@UBE_NXZ 004075e0 f   umodsys_lib_libmedia:umodsys.mod.media.stdio.obj
 0001:000065f0       ?get_module@RStdIo_Generator@media@UModSys@@UBEPAUIModule@base@3@XZ 004075f0 f   umodsys_lib_libmedia:umodsys.mod.media.stdio.obj
 0001:00006600       ?s_unreg@RStdIo_Generator@media@UModSys@@SA_NPAUIModuleReg@base@3@@Z 00407600 f   umodsys_lib_libmedia:umodsys.mod.media.stdio.obj
 0001:00006660       ?s_reg@RStdIo_Generator@media@UModSys@@SA_NPAUIModuleReg@base@3@@Z 00407660 f   umodsys_lib_libmedia:umodsys.mod.media.stdio.obj
 0001:000066d0       _main                      004076d0 f   umodsys.c_main.obj
 0001:00006800       ??0SUniquePtrList@core@UModSys@@QAE@PAPBUSUniquePointerInfo@12@I@Z 00407800 f   umodsys_lib_core:umodsys.core.uniqueptrlist.obj
 0001:00006810       ?add@SUniquePtrList@core@UModSys@@QAE_NPBUSUniquePointerInfo@23@@Z 00407810 f   umodsys_lib_core:umodsys.core.uniqueptrlist.obj
 0001:00006860       ??1IModuleLibrary@base@UModSys@@UAE@XZ 00407860 f   umodsys_lib_base:umodsys.base.module.obj
 0001:00006870       ??1IModule@base@UModSys@@UAE@XZ 00407870 f   umodsys_lib_base:umodsys.base.module.obj
 0001:00006880       ??1IConsole@base@UModSys@@UAE@XZ 00407880 f   umodsys_lib_base:umodsys.base.console.obj
 0001:00006890       ?exec_test_shells@RSystem@rsystem@base@UModSys@@QAE_NXZ 00407890 f   umodsys_lib_basesys:umodsys.basesys.rsystem_tests.obj
 0001:000069f0       ?exec_tests@RSystem@rsystem@base@UModSys@@QAE_NXZ 004079f0 f   umodsys_lib_basesys:umodsys.basesys.rsystem_tests.obj
 0001:00006a16       _memcpy                    00407a16 f   MSVCRT:MSVCR90.dll
 0001:00006a20       __chkstk                   00407a20 f   MSVCRT:chkstk.obj
 0001:00006a20       __alloca_probe             00407a20     MSVCRT:chkstk.obj
 0001:00006a4c       ___CxxFrameHandler3        00407a4c f   MSVCRT:MSVCR90.dll
 0001:00006a52       __CxxThrowException@8      00407a52 f   MSVCRT:MSVCR90.dll
 0002:00000000       __imp__UnhandledExceptionFilter@4 00409000     kernel32:KERNEL32.dll
 0002:00000004       __imp__GetCurrentProcess@0 00409004     kernel32:KERNEL32.dll
 0002:00000008       __imp__TerminateProcess@8  00409008     kernel32:KERNEL32.dll
 0002:0000000c       __imp__GetSystemTimeAsFileTime@4 0040900c     kernel32:KERNEL32.dll
 0002:00000010       __imp__GetCurrentProcessId@0 00409010     kernel32:KERNEL32.dll
 0002:00000014       __imp__GetCurrentThreadId@0 00409014     kernel32:KERNEL32.dll
 0002:00000018       __imp__GetTickCount@0      00409018     kernel32:KERNEL32.dll
 0002:0000001c       __imp__QueryPerformanceCounter@4 0040901c     kernel32:KERNEL32.dll
 0002:00000020       __imp__SetUnhandledExceptionFilter@4 00409020     kernel32:KERNEL32.dll
 0002:00000024       __imp__InterlockedCompareExchange@12 00409024     kernel32:KERNEL32.dll
 0002:00000028       __imp__Sleep@4             00409028     kernel32:KERNEL32.dll
 0002:0000002c       __imp__InterlockedExchange@8 0040902c     kernel32:KERNEL32.dll
 0002:00000030       __imp__MultiByteToWideChar@24 00409030     kernel32:KERNEL32.dll
 0002:00000034       __imp__WideCharToMultiByte@32 00409034     kernel32:KERNEL32.dll
 0002:00000038       __imp__SetConsoleOutputCP@4 00409038     kernel32:KERNEL32.dll
 0002:0000003c       __imp__GetLastError@0      0040903c     kernel32:KERNEL32.dll
 0002:00000040       __imp__GetConsoleOutputCP@0 00409040     kernel32:KERNEL32.dll
 0002:00000044       __imp__FindNextFileW@8     00409044     kernel32:KERNEL32.dll
 0002:00000048       __imp__FindClose@4         00409048     kernel32:KERNEL32.dll
 0002:0000004c       __imp__GetProcAddress@8    0040904c     kernel32:KERNEL32.dll
 0002:00000050       __imp__GetModuleFileNameW@12 00409050     kernel32:KERNEL32.dll
 0002:00000054       __imp__GetModuleHandleW@4  00409054     kernel32:KERNEL32.dll
 0002:00000058       __imp__LoadLibraryExW@12   00409058     kernel32:KERNEL32.dll
 0002:0000005c       __imp__FreeLibrary@4       0040905c     kernel32:KERNEL32.dll
 0002:00000060       __imp__SetErrorMode@4      00409060     kernel32:KERNEL32.dll
 0002:00000064       __imp__FindFirstFileW@8    00409064     kernel32:KERNEL32.dll
 0002:00000068       __imp__GetFullPathNameW@16 00409068     kernel32:KERNEL32.dll
 0002:0000006c       __imp__IsDebuggerPresent@0 0040906c     kernel32:KERNEL32.dll
 0002:00000070       \177KERNEL32_NULL_THUNK_DATA 00409070     kernel32:KERNEL32.dll
 0002:00000074       __imp___configthreadlocale 00409074     MSVCRT:MSVCR90.dll
 0002:00000078       __imp____setusermatherr    00409078     MSVCRT:MSVCR90.dll
 0002:0000007c       __imp___adjust_fdiv        0040907c     MSVCRT:MSVCR90.dll
 0002:00000080       __imp____p__commode        00409080     MSVCRT:MSVCR90.dll
 0002:00000084       __imp____p__fmode          00409084     MSVCRT:MSVCR90.dll
 0002:00000088       __imp____set_app_type      00409088     MSVCRT:MSVCR90.dll
 0002:0000008c       __imp___initterm_e         0040908c     MSVCRT:MSVCR90.dll
 0002:00000090       __imp_?terminate@@YAXXZ    00409090     MSVCRT:MSVCR90.dll
 0002:00000094       __imp___invoke_watson      00409094     MSVCRT:MSVCR90.dll
 0002:00000098       __imp___controlfp_s        00409098     MSVCRT:MSVCR90.dll
 0002:0000009c       __imp_?_type_info_dtor_internal_method@type_info@@QAEXXZ 0040909c     MSVCRT:MSVCR90.dll
 0002:000000a0       __imp___crt_debugger_hook  004090a0     MSVCRT:MSVCR90.dll
 0002:000000a4       __imp___initterm           004090a4     MSVCRT:MSVCR90.dll
 0002:000000a8       __imp____initenv           004090a8     MSVCRT:MSVCR90.dll
 0002:000000ac       __imp__exit                004090ac     MSVCRT:MSVCR90.dll
 0002:000000b0       __imp___XcptFilter         004090b0     MSVCRT:MSVCR90.dll
 0002:000000b4       __imp___exit               004090b4     MSVCRT:MSVCR90.dll
 0002:000000b8       __imp___cexit              004090b8     MSVCRT:MSVCR90.dll
 0002:000000bc       __imp____getmainargs       004090bc     MSVCRT:MSVCR90.dll
 0002:000000c0       __imp___amsg_exit          004090c0     MSVCRT:MSVCR90.dll
 0002:000000c4       __imp___decode_pointer     004090c4     MSVCRT:MSVCR90.dll
 0002:000000c8       __imp___onexit             004090c8     MSVCRT:MSVCR90.dll
 0002:000000cc       __imp___lock               004090cc     MSVCRT:MSVCR90.dll
 0002:000000d0       __imp___encode_pointer     004090d0     MSVCRT:MSVCR90.dll
 0002:000000d4       __imp____dllonexit         004090d4     MSVCRT:MSVCR90.dll
 0002:000000d8       __imp___unlock             004090d8     MSVCRT:MSVCR90.dll
 0002:000000dc       __imp___wfopen             004090dc     MSVCRT:MSVCR90.dll
 0002:000000e0       __imp__realloc             004090e0     MSVCRT:MSVCR90.dll
 0002:000000e4       __imp__fprintf             004090e4     MSVCRT:MSVCR90.dll
 0002:000000e8       __imp__strncpy             004090e8     MSVCRT:MSVCR90.dll
 0002:000000ec       __imp__strncmp             004090ec     MSVCRT:MSVCR90.dll
 0002:000000f0       __imp___snprintf           004090f0     MSVCRT:MSVCR90.dll
 0002:000000f4       __imp__malloc              004090f4     MSVCRT:MSVCR90.dll
 0002:000000f8       __imp__free                004090f8     MSVCRT:MSVCR90.dll
 0002:000000fc       __imp__vfprintf            004090fc     MSVCRT:MSVCR90.dll
 0002:00000100       __imp____iob_func          00409100     MSVCRT:MSVCR90.dll
 0002:00000104       __imp__fclose              00409104     MSVCRT:MSVCR90.dll
 0002:00000108       __imp__fseek               00409108     MSVCRT:MSVCR90.dll
 0002:0000010c       __imp__ftell               0040910c     MSVCRT:MSVCR90.dll
 0002:00000110       __imp_??3@YAXPAX@Z         00409110     MSVCRT:MSVCR90.dll
 0002:00000114       __imp___purecall           00409114     MSVCRT:MSVCR90.dll
 0002:00000118       __imp___except_handler4_common 00409118     MSVCRT:MSVCR90.dll
 0002:0000011c       __imp__fread               0040911c     MSVCRT:MSVCR90.dll
 0002:00000120       __imp__memcpy              00409120     MSVCRT:MSVCR90.dll
 0002:00000124       __imp____CxxFrameHandler3  00409124     MSVCRT:MSVCR90.dll
 0002:00000128       __imp___CxxThrowException@8 00409128     MSVCRT:MSVCR90.dll
 0002:0000012c       \177MSVCR90_NULL_THUNK_DATA 0040912c     MSVCRT:MSVCR90.dll
 0002:00000130       ___xc_a                    00409130     MSVCRT:cinitexe.obj
 0002:000001f4       ___xc_z                    004091f4     MSVCRT:cinitexe.obj
 0002:000001f8       ___xi_a                    004091f8     MSVCRT:cinitexe.obj
 0002:00000204       ___xi_z                    00409204     MSVCRT:cinitexe.obj
 0002:0000020c       ??_7type_info@@6B@         0040920c     MSVCRT:ti_inst.obj
 0002:00000218       ??_C@_0P@GHFPNOJB@bad?5allocation?$AA@ 00409218     umodsys.c_main.obj
 0002:00000228       ??_C@_0BF@OCNNAADO@UModSys?3?3core?3?3IRoot?$AA@ 00409228     umodsys.c_main.obj
 0002:00000240       ??_C@_0BK@EMIJFOPA@UModSys?3?3core?3?3IRefObject?$AA@ 00409240     umodsys.c_main.obj
 0002:0000025c       ??_C@_0BL@IOMMHELF@UModSys?3?3core?3?3IParameters?$AA@ 0040925c     umodsys.c_main.obj
 0002:00000278       ??_C@_0BH@LKDEEPPM@UModSys?3?3base?3?3IModule?$AA@ 00409278     umodsys.c_main.obj
 0002:00000290       ??_C@_0BO@PHJOHFCB@UModSys?3?3base?3?3IModuleLibrary?$AA@ 00409290     umodsys.c_main.obj
 0002:000002b0       ??_C@_0BK@FDPIOPHG@UModSys?3?3base?3?3IModObject?$AA@ 004092b0     umodsys.c_main.obj
 0002:000002cc       ??_C@_0BK@OIBKNCKJ@UModSys?3?3base?3?3IGenerator?$AA@ 004092cc     umodsys.c_main.obj
 0002:000002e8       ??_C@_0BG@PJBGCMEC@UModSys?3?3base?3?3IShell?$AA@ 004092e8     umodsys.c_main.obj
 0002:00000300       ??_C@_0BI@IKAOEFAP@UModSys?3?3base?3?3IConsole?$AA@ 00409300     umodsys.c_main.obj
 0002:00000318       ??_C@_0BH@PFCONEJJ@UModSys?3?3base?3?3ISystem?$AA@ 00409318     umodsys.c_main.obj
 0002:00000330       ??_C@_0CA@MDFMKLLN@UModSys?3?3base?3?3rsystem?3?3RModule?$AA@ 00409330     umodsys.c_main.obj
 0002:00000350       ??_C@_0CK@MJPNGLHN@UModSys?3?3base?3?3rsystem?3?3IModuleL@ 00409350     umodsys.c_main.obj
[...]
 0003:00002e10       ___onexitbegin             0040ee10     <common>

 entry point at        0001:00002459

 Static symbols

 0001:000021b7       _pre_cpp_init              004031b7 f   MSVCRT:crtexe.obj
 0001:00002202       ___tmainCRTStartup         00403202 f   MSVCRT:crtexe.obj
 0001:00002378       _pre_c_init                00403378 f   MSVCRT:crtexe.obj
 0001:00003fc0       ?s_pwd_init@@YAXXZ         00404fc0 f    CIL library: CIL module
 0001:000041a0       ?s_pfd_scan@@YAIPAUISystem@base@UModSys@@AAU?$TDynarrayDynamic@U?$TRefObject@URModuleLibrarySO@rsystem@base@UModSys@@@tl@UModSys@@U?$TAllocator@USMemAlloc_Malloc@core@UModSys@@USCountCalcPower2@23@@23@@tl@3@PBD22@Z 004051a0 f    CIL library: CIL module
 0001:000043c0       ?s_pfd_scan@@YAIPAUISystem@base@UModSys@@AAU?$TDynarrayDynamic@U?$TRefObject@URModuleLibrarySO@rsystem@base@UModSys@@@tl@UModSys@@U?$TAllocator@USMemAlloc_Malloc@core@UModSys@@USCountCalcPower2@23@@23@@tl@3@PBD2@Z 004053c0 f    CIL library: CIL module
 0001:000066c0       ?refer@@YAXXZ              004076c0 f    CIL library: CIL module
 0001:00006a60       __unwindfunclet$?amoveright@?$TTypeConstructor@U?$TRefObject@URModuleLibrarySO@rsystem@base@UModSys@@@tl@UModSys@@@tl@UModSys@@SAXPAU?$TRefObject@URModuleLibrarySO@rsystem@base@UModSys@@@23@III@Z$0 00407a60 f    CIL library: CIL module
 0001:00006a65       __ehhandler$?amoveright@?$TTypeConstructor@U?$TRefObject@URModuleLibrarySO@rsystem@base@UModSys@@@tl@UModSys@@@tl@UModSys@@SAXPAU?$TRefObject@URModuleLibrarySO@rsystem@base@UModSys@@@23@III@Z 00407a65 f    CIL library: CIL module
 0001:00006a70       __unwindfunclet$??1?$TQuantArrayUnique@USUniquePointerInfo@core@UModSys@@$0BAA@USMemAlloc_Malloc@23@@tl@UModSys@@QAE@XZ$0 00407a70 f    CIL library: CIL module
 0001:00006a70       __unwindfunclet$??1?$TQuantArrayUnique@USSourceContext@core@UModSys@@$0BAA@USMemAlloc_Malloc@23@@tl@UModSys@@QAE@XZ$0 00407a70 f    CIL library: CIL module
 0001:00006a78       __ehhandler$??1?$TQuantArrayUnique@USSourceContext@core@UModSys@@$0BAA@USMemAlloc_Malloc@23@@tl@UModSys@@QAE@XZ 00407a78 f    CIL library: CIL module
 0001:00006a78       __ehhandler$??1?$TQuantArrayUnique@USUniquePointerInfo@core@UModSys@@$0BAA@USMemAlloc_Malloc@23@@tl@UModSys@@QAE@XZ 00407a78 f    CIL library: CIL module
 0001:00006a90       __unwindfunclet$??1RModuleLibraryThis@rsystem@base@UModSys@@UAE@XZ$0 00407a90 f    CIL library: CIL module
 0001:00006a98       __ehhandler$??1RModuleLibraryThis@rsystem@base@UModSys@@UAE@XZ 00407a98 f    CIL library: CIL module
 0001:00006aa2       __unwindfunclet$??1RModuleLoader@rsystem@base@UModSys@@UAE@XZ$0 00407aa2 f    CIL library: CIL module
 0001:00006aaa       __unwindfunclet$??1RModuleLoader@rsystem@base@UModSys@@UAE@XZ$1 00407aaa f    CIL library: CIL module
 0001:00006ab5       __unwindfunclet$??1RModuleLoader@rsystem@base@UModSys@@UAE@XZ$2 00407ab5 f    CIL library: CIL module
 0001:00006ac0       __ehhandler$??1RModuleLoader@rsystem@base@UModSys@@UAE@XZ 00407ac0 f    CIL library: CIL module
 0001:00006aca       __unwindfunclet$??1RSystem@rsystem@base@UModSys@@UAE@XZ$0 00407aca f    CIL library: CIL module
 0001:00006ad2       __unwindfunclet$??1RSystem@rsystem@base@UModSys@@UAE@XZ$1 00407ad2 f    CIL library: CIL module
 0001:00006adf       __unwindfunclet$??1RSystem@rsystem@base@UModSys@@UAE@XZ$2 00407adf f    CIL library: CIL module
 0001:00006aea       __unwindfunclet$??1RSystem@rsystem@base@UModSys@@UAE@XZ$3 00407aea f    CIL library: CIL module
 0001:00006af5       __unwindfunclet$??1RSystem@rsystem@base@UModSys@@UAE@XZ$4 00407af5 f    CIL library: CIL module
 0001:00006b02       __unwindfunclet$??1RSystem@rsystem@base@UModSys@@UAE@XZ$5 00407b02 f    CIL library: CIL module
 0001:00006b0d       __ehhandler$??1RSystem@rsystem@base@UModSys@@UAE@XZ 00407b0d f    CIL library: CIL module
 0001:00006b17       __unwindfunclet$??1RModuleLibrarySO@rsystem@base@UModSys@@UAE@XZ$0 00407b17 f    CIL library: CIL module
 0001:00006b1f       __ehhandler$??1RModuleLibrarySO@rsystem@base@UModSys@@UAE@XZ 00407b1f f    CIL library: CIL module
 0001:00006b29       __unwindfunclet$??0RModule@rsystem@base@UModSys@@QAE@PAUIModuleLibraryUni@123@PAUIModuleReg@23@@Z$0 00407b29 f    CIL library: CIL module
 0001:00006b31       __unwindfunclet$??0RModule@rsystem@base@UModSys@@QAE@PAUIModuleLibraryUni@123@PAUIModuleReg@23@@Z$1 00407b31 f    CIL library: CIL module
 0001:00006b3c       __unwindfunclet$??0RModule@rsystem@base@UModSys@@QAE@PAUIModuleLibraryUni@123@PAUIModuleReg@23@@Z$2 00407b3c f    CIL library: CIL module
 0001:00006b47       __unwindfunclet$??0RModule@rsystem@base@UModSys@@QAE@PAUIModuleLibraryUni@123@PAUIModuleReg@23@@Z$3 00407b47 f    CIL library: CIL module
 0001:00006b52       __ehhandler$??0RModule@rsystem@base@UModSys@@QAE@PAUIModuleLibraryUni@123@PAUIModuleReg@23@@Z 00407b52 f    CIL library: CIL module
 0001:00006b5c       __unwindfunclet$?link@IModuleLibraryUni@rsystem@base@UModSys@@QAE_NXZ$0 00407b5c f    CIL library: CIL module
 0001:00006b6a       __ehhandler$?link@IModuleLibraryUni@rsystem@base@UModSys@@QAE_NXZ 00407b6a f    CIL library: CIL module
 0001:00006b74       __unwindfunclet$?exec_test_shells@RSystem@rsystem@base@UModSys@@QAE_NXZ$0 00407b74 f    CIL library: CIL module
 0001:00006b7f       __unwindfunclet$?exec_test_shells@RSystem@rsystem@base@UModSys@@QAE_NXZ$1 00407b7f f    CIL library: CIL module
 0001:00006b8a       __ehhandler$?exec_test_shells@RSystem@rsystem@base@UModSys@@QAE_NXZ 00407b8a f    CIL library: CIL module
 0001:00006b94       __unwindfunclet$?s_add@RModuleLibrarySO@rsystem@base@UModSys@@SA_NPAUISystem@34@AAU?$TDynarrayDynamic@U?$TRefObject@URModuleLibrarySO@rsystem@base@UModSys@@@tl@UModSys@@U?$TAllocator@USMemAlloc_Malloc@core@UModSys@@USCountCalcPower2@23@@23@@tl@4@PBD@Z$1 00407b94 f    CIL library: CIL module
 0001:00006b9c       __ehhandler$?s_add@RModuleLibrarySO@rsystem@base@UModSys@@SA_NPAUISystem@34@AAU?$TDynarrayDynamic@U?$TRefObject@URModuleLibrarySO@rsystem@base@UModSys@@@tl@UModSys@@U?$TAllocator@USMemAlloc_Malloc@core@UModSys@@USCountCalcPower2@23@@23@@tl@4@PBD@Z 00407b9c f    CIL library: CIL module
 0001:00006bb0       __unwindfunclet$??0RStreamReader_FILE@media@UModSys@@QAE@PAURStdIo_Generator@12@ABUSParameters@core@2@@Z$0 00407bb0 f    CIL library: CIL module
 0001:00006bb8       __ehhandler$??0RStreamReader_FILE@media@UModSys@@QAE@PAURStdIo_Generator@12@ABUSParameters@core@2@@Z 00407bb8 f    CIL library: CIL module
 0001:00006bd0       __unwindfunclet$??$ValidateConstruction@UIRefObject@core@UModSys@@URStreamReader_FILE@media@3@@core@UModSys@@YA_NAAU?$TRefObject@UIRefObject@core@UModSys@@@tl@1@PAURStreamReader_FILE@media@1@@Z$0 00407bd0 f    CIL library: CIL module
 0001:00006bd0       __unwindfunclet$??$t_moduledb_generate@UIShell@base@UModSys@@@IModuleLoader@base@UModSys@@QAE_NAAU?$TRefObject@UIShell@base@UModSys@@@tl@2@PBUSUniquePointerInfo@core@2@ABUSParameters@62@@Z$0 00407bd0 f    CIL library: CIL module
 0001:00006bd0       __unwindfunclet$?suicide@RStreamReader_FILE@media@UModSys@@UAEXXZ$0 00407bd0 f    CIL library: CIL module
 0001:00006bd0       __unwindfunclet$?suicide@RModule@rsystem@base@UModSys@@UAEXXZ$0 00407bd0 f    CIL library: CIL module
 0001:00006bd8       __ehhandler$?suicide@RStreamReader_FILE@media@UModSys@@UAEXXZ 00407bd8 f    CIL library: CIL module
 0001:00006bd8       __ehhandler$?suicide@RModule@rsystem@base@UModSys@@UAEXXZ 00407bd8 f    CIL library: CIL module
 0001:00006bd8       __ehhandler$??$ValidateConstruction@UIRefObject@core@UModSys@@URStreamReader_FILE@media@3@@core@UModSys@@YA_NAAU?$TRefObject@UIRefObject@core@UModSys@@@tl@1@PAURStreamReader_FILE@media@1@@Z 00407bd8 f    CIL library: CIL module
 0001:00006bd8       __ehhandler$??$t_moduledb_generate@UIShell@base@UModSys@@@IModuleLoader@base@UModSys@@QAE_NAAU?$TRefObject@UIShell@base@UModSys@@@tl@2@PBUSUniquePointerInfo@core@2@ABUSParameters@62@@Z 00407bd8 f    CIL library: CIL module
 0001:00006bf0       __unwindfunclet$?mem_free@?$TRMemAlloc_CC@U?$TMemAllocHeader@USMagic@mem_headers@rsystem@base@UModSys@@U?$TPool@X@2345@USDebug@2345@UVoid@core@5@@rsystem@base@UModSys@@USMemAlloc_Malloc@core@4@@rsystem@base@UModSys@@UAEXPAXPBUSSourceContext@core@4@@Z$0 00407bf0 f    CIL library: CIL module
 0001:00006bf8       __ehhandler$?mem_free@?$TRMemAlloc_CC@U?$TMemAllocHeader@USMagic@mem_headers@rsystem@base@UModSys@@U?$TPool@X@2345@USDebug@2345@UVoid@core@5@@rsystem@base@UModSys@@USMemAlloc_Malloc@core@4@@rsystem@base@UModSys@@UAEXPAXPBUSSourceContext@core@4@@Z 00407bf8 f    CIL library: CIL module
 0001:00006c10       __unwindfunclet$?mem_realloc@?$TRMemAlloc_CC@U?$TMemAllocHeader@USMagic@mem_headers@rsystem@base@UModSys@@U?$TPool@X@2345@USDebug@2345@UVoid@core@5@@rsystem@base@UModSys@@USMemAlloc_Malloc@core@4@@rsystem@base@UModSys@@UAEPAXPAXIPBUSSourceContext@core@4@@Z$0 00407c10 f    CIL library: CIL module
 0001:00006c18       __unwindfunclet$?mem_realloc@?$TRMemAlloc_CC@U?$TMemAllocHeader@USMagic@mem_headers@rsystem@base@UModSys@@U?$TPool@X@2345@USDebug@2345@UVoid@core@5@@rsystem@base@UModSys@@USMemAlloc_Malloc@core@4@@rsystem@base@UModSys@@UAEPAXPAXIPBUSSourceContext@core@4@@Z$1 00407c18 f    CIL library: CIL module
 0001:00006c20       __ehhandler$?mem_realloc@?$TRMemAlloc_CC@U?$TMemAllocHeader@USMagic@mem_headers@rsystem@base@UModSys@@U?$TPool@X@2345@USDebug@2345@UVoid@core@5@@rsystem@base@UModSys@@USMemAlloc_Malloc@core@4@@rsystem@base@UModSys@@UAEPAXPAXIPBUSSourceContext@core@4@@Z 00407c20 f    CIL library: CIL module
 0001:00006c30       __unwindfunclet$?generate@RStdIo_Generator@media@UModSys@@UAE_NAAU?$TRefObject@UIRefObject@core@UModSys@@@tl@3@PBUSUniquePointerInfo@core@3@ABUSParameters@73@@Z$0 00407c30 f    CIL library: CIL module
 0001:00006c3e       __ehhandler$?generate@RStdIo_Generator@media@UModSys@@UAE_NAAU?$TRefObject@UIRefObject@core@UModSys@@@tl@3@PBUSUniquePointerInfo@core@3@ABUSParameters@73@@Z 00407c3e f    CIL library: CIL module
 0001:00006c50       ??__E?s_id@?$TObjectUniqueID@UIRoot@core@UModSys@@@tl@UModSys@@2USUniquePointer@core@3@A@@YAXXZ 00407c50 f    CIL library: CIL module
 0001:00006c80       ??__E?s_id@?$TObjectUniqueID@UIRefObject@core@UModSys@@@tl@UModSys@@2USUniquePointer@core@3@A@@YAXXZ 00407c80 f    CIL library: CIL module
 0001:00006cb0       ??__E?s_id@?$TObjectUniqueID@UIParameters@core@UModSys@@@tl@UModSys@@2USUniquePointer@core@3@A@@YAXXZ 00407cb0 f    CIL library: CIL module
 0001:00006ce0       ??__E?s_id@?$TObjectUniqueID@UIModule@base@UModSys@@@tl@UModSys@@2USUniquePointer@core@3@A@@YAXXZ 00407ce0 f    CIL library: CIL module
 0001:00006d10       ??__E?s_id@?$TObjectUniqueID@UIModuleLibrary@base@UModSys@@@tl@UModSys@@2USUniquePointer@core@3@A@@YAXXZ 00407d10 f    CIL library: CIL module
 0001:00006d40       ??__E?s_id@?$TObjectUniqueID@UIModObject@base@UModSys@@@tl@UModSys@@2USUniquePointer@core@3@A@@YAXXZ 00407d40 f    CIL library: CIL module
 0001:00006d70       ??__E?s_id@?$TObjectUniqueID@UIGenerator@base@UModSys@@@tl@UModSys@@2USUniquePointer@core@3@A@@YAXXZ 00407d70 f    CIL library: CIL module
 0001:00006da0       ??__E?s_id@?$TObjectUniqueID@UIShell@base@UModSys@@@tl@UModSys@@2USUniquePointer@core@3@A@@YAXXZ 00407da0 f    CIL library: CIL module
 0001:00006dd0       ??__E?s_id@?$TObjectUniqueID@UIConsole@base@UModSys@@@tl@UModSys@@2USUniquePointer@core@3@A@@YAXXZ 00407dd0 f    CIL library: CIL module
 0001:00006e00       ??__E?s_id@?$TObjectUniqueID@UISystem@base@UModSys@@@tl@UModSys@@2USUniquePointer@core@3@A@@YAXXZ 00407e00 f    CIL library: CIL module
 0001:00006e30       ??__E?s_id@?$TObjectUniqueID@URModule@rsystem@base@UModSys@@@tl@UModSys@@2USUniquePointer@core@3@A@@YAXXZ 00407e30 f    CIL library: CIL module
 0001:00006e60       ??__E?s_id@?$TObjectUniqueID@UIModuleLibraryUni@rsystem@base@UModSys@@@tl@UModSys@@2USUniquePointer@core@3@A@@YAXXZ 00407e60 f    CIL library: CIL module
 0001:00006e90       ??__E?s_id@?$TObjectUniqueID@URModuleLibrarySO@rsystem@base@UModSys@@@tl@UModSys@@2USUniquePointer@core@3@A@@YAXXZ 00407e90 f    CIL library: CIL module
 0001:00006ec0       ??__E?s_id@?$TObjectUniqueID@URModuleLibraryThis@rsystem@base@UModSys@@@tl@UModSys@@2USUniquePointer@core@3@A@@YAXXZ 00407ec0 f    CIL library: CIL module
 0001:00006ef0       ??__E?s_id@?$TObjectUniqueID@URParameters@rsystem@base@UModSys@@@tl@UModSys@@2USUniquePointer@core@3@A@@YAXXZ 00407ef0 f    CIL library: CIL module
 0001:00006f20       ??__E?s_id@?$TObjectUniqueID@URSystem@rsystem@base@UModSys@@@tl@UModSys@@2USUniquePointer@core@3@A@@YAXXZ 00407f20 f    CIL library: CIL module
 0001:00006f50       ??__E?s_id@?$TObjectUniqueID@URConsole_std@rsystem@base@UModSys@@@tl@UModSys@@2USUniquePointer@core@3@A@@YAXXZ 00407f50 f    CIL library: CIL module
 0001:00006f80       ??__E?s_modreg@RStdIo_ModuleReg@media@UModSys@@2U123@A@@YAXXZ 00407f80 f    CIL library: CIL module
 0001:00006fa0       ??__E?s_modreg_chain@RStdIo_ModuleReg@media@UModSys@@2USModuleRegChain@base@3@A@@YAXXZ 00407fa0 f    CIL library: CIL module
 0001:00006fc0       ??__E?s_uid@RStdIo_Generator@media@UModSys@@2USUniquePointer@core@3@A@@YAXXZ 00407fc0 f    CIL library: CIL module
 0001:00007000       ??__E?s_id@?$TObjectUniqueID@UIStreamReader@media@UModSys@@@tl@UModSys@@2USUniquePointer@core@3@A@@YAXXZ 00408000 f    CIL library: CIL module
 0001:00007030       ??__E?s_id@?$TObjectUniqueID@UIStreamWriter@media@UModSys@@@tl@UModSys@@2USUniquePointer@core@3@A@@YAXXZ 00408030 f    CIL library: CIL module
 0001:00007060       ??__E?s_id@?$TObjectUniqueID@UIDataArchive@media@UModSys@@@tl@UModSys@@2USUniquePointer@core@3@A@@YAXXZ 00408060 f    CIL library: CIL module
 0001:00007090       ??__E?s_id@?$TObjectUniqueID@URStreamReader_FILE@media@UModSys@@@tl@UModSys@@2USUniquePointer@core@3@A@@YAXXZ 00408090 f    CIL library: CIL module
 0001:000070c0       ??__E?s_id@?$TObjectUniqueID@URStdIo_Generator@media@UModSys@@@tl@UModSys@@2USUniquePointer@core@3@A@@YAXXZ 004080c0 f    CIL library: CIL module
 0001:000070f0       ??__E?s_console@RConsole_std@rsystem@base@UModSys@@2U1234@A@@YAXXZ 004080f0 f    CIL library: CIL module
 0001:00007110       ??__E?s_sys@RSystem@rsystem@base@UModSys@@2U1234@A@@YAXXZ 00408110 f    CIL library: CIL module
 0001:00007130       ??__Ersys_dbg@rsystem@base@UModSys@@YAXXZ 00408130 f    CIL library: CIL module
 0001:00007150       ??__EM@UModSys@@YAXXZ      00408150 f    CIL library: CIL module
 0001:00007170       ??__E?root@SModuleRegChain@base@UModSys@@2U123@A@@YAXXZ 00408170 f    CIL library: CIL module
 0001:00007190       ??__E?s_library@RModuleLibraryReg_Chain@base@UModSys@@2U123@A@@YAXXZ 00408190 f    CIL library: CIL module
 0001:000071b0       ??__E?root@SUniquePointer@core@UModSys@@2U123@A@@YAXXZ 004081b0 f    CIL library: CIL module
 0001:000071d0       ??__F?s_id@?$TObjectUniqueID@URConsole_std@rsystem@base@UModSys@@@tl@UModSys@@2USUniquePointer@core@3@A@@YAXXZ 004081d0 f    CIL library: CIL module
 0001:000071e0       ??__F?s_id@?$TObjectUniqueID@URSystem@rsystem@base@UModSys@@@tl@UModSys@@2USUniquePointer@core@3@A@@YAXXZ 004081e0 f    CIL library: CIL module
 0001:000071f0       ??__F?s_id@?$TObjectUniqueID@URParameters@rsystem@base@UModSys@@@tl@UModSys@@2USUniquePointer@core@3@A@@YAXXZ 004081f0 f    CIL library: CIL module
 0001:00007200       ??__F?s_id@?$TObjectUniqueID@URModuleLibraryThis@rsystem@base@UModSys@@@tl@UModSys@@2USUniquePointer@core@3@A@@YAXXZ 00408200 f    CIL library: CIL module
 0001:00007210       ??__F?s_id@?$TObjectUniqueID@URModuleLibrarySO@rsystem@base@UModSys@@@tl@UModSys@@2USUniquePointer@core@3@A@@YAXXZ 00408210 f    CIL library: CIL module
 0001:00007220       ??__F?s_id@?$TObjectUniqueID@UIModuleLibraryUni@rsystem@base@UModSys@@@tl@UModSys@@2USUniquePointer@core@3@A@@YAXXZ 00408220 f    CIL library: CIL module
 0001:00007230       ??__F?s_id@?$TObjectUniqueID@URModule@rsystem@base@UModSys@@@tl@UModSys@@2USUniquePointer@core@3@A@@YAXXZ 00408230 f    CIL library: CIL module
 0001:00007240       ??__F?s_id@?$TObjectUniqueID@UISystem@base@UModSys@@@tl@UModSys@@2USUniquePointer@core@3@A@@YAXXZ 00408240 f    CIL library: CIL module
 0001:00007250       ??__F?s_id@?$TObjectUniqueID@UIConsole@base@UModSys@@@tl@UModSys@@2USUniquePointer@core@3@A@@YAXXZ 00408250 f    CIL library: CIL module
 0001:00007260       ??__F?s_id@?$TObjectUniqueID@UIShell@base@UModSys@@@tl@UModSys@@2USUniquePointer@core@3@A@@YAXXZ 00408260 f    CIL library: CIL module
 0001:00007270       ??__F?s_id@?$TObjectUniqueID@UIGenerator@base@UModSys@@@tl@UModSys@@2USUniquePointer@core@3@A@@YAXXZ 00408270 f    CIL library: CIL module
 0001:00007280       ??__F?s_id@?$TObjectUniqueID@UIModObject@base@UModSys@@@tl@UModSys@@2USUniquePointer@core@3@A@@YAXXZ 00408280 f    CIL library: CIL module
 0001:00007290       ??__F?s_id@?$TObjectUniqueID@UIModuleLibrary@base@UModSys@@@tl@UModSys@@2USUniquePointer@core@3@A@@YAXXZ 00408290 f    CIL library: CIL module
 0001:000072a0       ??__F?s_id@?$TObjectUniqueID@UIModule@base@UModSys@@@tl@UModSys@@2USUniquePointer@core@3@A@@YAXXZ 004082a0 f    CIL library: CIL module
 0001:000072b0       ??__F?s_id@?$TObjectUniqueID@UIParameters@core@UModSys@@@tl@UModSys@@2USUniquePointer@core@3@A@@YAXXZ 004082b0 f    CIL library: CIL module
 0001:000072c0       ??__F?s_id@?$TObjectUniqueID@UIRefObject@core@UModSys@@@tl@UModSys@@2USUniquePointer@core@3@A@@YAXXZ 004082c0 f    CIL library: CIL module
 0001:000072d0       ??__F?s_id@?$TObjectUniqueID@UIRoot@core@UModSys@@@tl@UModSys@@2USUniquePointer@core@3@A@@YAXXZ 004082d0 f    CIL library: CIL module
 0001:000072e0       ??__F?s_modreg@RStdIo_ModuleReg@media@UModSys@@2U123@A@@YAXXZ 004082e0 f    CIL library: CIL module
 0001:00007300       ??__F?s_modreg_chain@RStdIo_ModuleReg@media@UModSys@@2USModuleRegChain@base@3@A@@YAXXZ 00408300 f    CIL library: CIL module
 0001:00007310       ??__F?s_uid@RStdIo_Generator@media@UModSys@@2USUniquePointer@core@3@A@@YAXXZ 00408310 f    CIL library: CIL module
 0001:00007320       ??__Fh@?1??s_holder@RStdIo_Generator@media@UModSys@@SAAAU?$TTypeStaticHolder@URStdIo_Generator@media@UModSys@@@tl@3@XZ@YAXXZ 00408320 f    CIL library: CIL module
 0001:00007340       ??__F?s_id@?$TObjectUniqueID@URStdIo_Generator@media@UModSys@@@tl@UModSys@@2USUniquePointer@core@3@A@@YAXXZ 00408340 f    CIL library: CIL module
 0001:00007350       ??__F?s_id@?$TObjectUniqueID@URStreamReader_FILE@media@UModSys@@@tl@UModSys@@2USUniquePointer@core@3@A@@YAXXZ 00408350 f    CIL library: CIL module
 0001:00007360       ??__F?s_id@?$TObjectUniqueID@UIDataArchive@media@UModSys@@@tl@UModSys@@2USUniquePointer@core@3@A@@YAXXZ 00408360 f    CIL library: CIL module
 0001:00007370       ??__F?s_id@?$TObjectUniqueID@UIStreamWriter@media@UModSys@@@tl@UModSys@@2USUniquePointer@core@3@A@@YAXXZ 00408370 f    CIL library: CIL module
 0001:00007380       ??__F?s_id@?$TObjectUniqueID@UIStreamReader@media@UModSys@@@tl@UModSys@@2USUniquePointer@core@3@A@@YAXXZ 00408380 f    CIL library: CIL module
 0001:00007390       ??__F?s_console@RConsole_std@rsystem@base@UModSys@@2U1234@A@@YAXXZ 00408390 f    CIL library: CIL module
 0001:000073a0       ??__F?s_sys@RSystem@rsystem@base@UModSys@@2U1234@A@@YAXXZ 004083a0 f    CIL library: CIL module
 0001:000073b0       ??__Frsys_dbg@rsystem@base@UModSys@@YAXXZ 004083b0 f    CIL library: CIL module
 0001:000073c0       ??__FM@UModSys@@YAXXZ      004083c0 f    CIL library: CIL module
 0001:000073d0       ??__F?root@SModuleRegChain@base@UModSys@@2U123@A@@YAXXZ 004083d0 f    CIL library: CIL module
 0001:000073e0       ??__F?s_library@RModuleLibraryReg_Chain@base@UModSys@@2U123@A@@YAXXZ 004083e0 f    CIL library: CIL module
 0001:000073f0       ??__F?root@SUniquePointer@core@UModSys@@2U123@A@@YAXXZ 004083f0 f    CIL library: CIL module

 Exports

  ordinal    name

        1    _UModSys_Plugin_Entry2@0
