 umodsysc

 Timestamp is 53343fa1 (Thu Mar 27 18:11:29 2014)

 Preferred load address is 00400000

 Start         Length     Name                   Class
 0001:00000000 00012e40H .text                   CODE
 0001:00012e40 0000078fH .text$x                 CODE
 0001:000135d0 00000a41H .text$yc                CODE
 0001:00014020 000003faH .text$yd                CODE
 0002:00000000 0000015cH .idata$5                DATA
 0002:0000015c 00000004H .CRT$XCA                DATA
 0002:00000160 00000004H .CRT$XCAA               DATA
 0002:00000164 00000378H .CRT$XCU                DATA
 0002:000004dc 00000004H .CRT$XCZ                DATA
 0002:000004e0 00000004H .CRT$XIA                DATA
 0002:000004e4 00000004H .CRT$XIAA               DATA
 0002:000004e8 00000004H .CRT$XIY                DATA
 0002:000004ec 00000004H .CRT$XIZ                DATA
 0002:000004f0 00001c00H .rdata                  DATA
 0002:000020f0 00001388H .rdata$r                DATA
 0002:00003480 00000100H .rdata$sxdata           DATA
 0002:00003580 00000004H .rtc$IAA                DATA
 0002:00003584 00000004H .rtc$IZZ                DATA
 0002:00003588 00000004H .rtc$TAA                DATA
 0002:0000358c 00000004H .rtc$TZZ                DATA
 0002:00003590 00000d84H .xdata$x                DATA
 0002:00004314 00000028H .idata$2                DATA
 0002:0000433c 00000014H .idata$3                DATA
 0002:00004350 0000015cH .idata$4                DATA
 0002:000044ac 00000580H .idata$6                DATA
 0002:00004a30 00000058H .edata                  DATA
 0003:00000000 00000d40H .data                   DATA
 0003:00000d40 00002a24H .bss                    DATA

  Address         Publics by Value              Rva+Base       Lib:Object

 0000:00000000       __except_list              00000000     <absolute>
 0000:00000040       ___safe_se_handler_count   00000040     <absolute>
 0000:00009876       __ldused                   00009876     <absolute>
 0000:00009876       __fltused                  00009876     <absolute>
 0000:00000000       ___ImageBase               00400000     <linker-defined>
 0001:00000000       ??0?$TString@U?$TSCoreConst@D@su@tl@UModSys@@U?$TComparerBinaryHash@D@234@@tl@UModSys@@QAE@PBD@Z 00401000 f i umodsys.c_main.obj
 0001:00000050       ??$shash@D@su@tl@UModSys@@YAIPBDI@Z 00401050 f i umodsys.c_main.obj
 0001:00000090       ??3IRoot@core@UModSys@@SAXPAXABUSIMemAlloc@12@@Z 00401090 f i umodsys_lib_libmedia:umodsys.mod.media.stdio.obj
 0001:000000a0       ?get@SParameters@core@UModSys@@QBE_NPBDAAPBD@Z 004010a0 f i umodsys_lib_libmedia:umodsys.mod.media.stdio.obj
 0001:000000d0       ?get@SParameters@core@UModSys@@QBE_NPBDAA_N@Z 004010d0 f i umodsys_lib_libmedia:umodsys.mod.media.stdio.obj
 0001:00000110       ?archive_load_data@libmedia@UModSys@@YA_NAAUIBinArchive@12@ABU?$TString@U?$TSCoreConst@D@su@tl@UModSys@@U?$TComparerBinaryHash@D@234@@tl@2@AAUSCMemShared@core@2@ABUSFlags@12@@Z 00401110 f i umodsys_lib_libmedia:umodsys.mod.media.stdio.obj
 0001:00000300       ?archive_save_data@libmedia@UModSys@@YA_NAAUIBinArchive@12@ABU?$TString@U?$TSCoreConst@D@su@tl@UModSys@@U?$TComparerBinaryHash@D@234@@tl@2@ABUSCMem@core@2@ABUSFlags@12@@Z 00401300 f i umodsys_lib_libmedia:umodsys.mod.media.stdio.obj
 0001:000003b0       ?file_get_size@stdio@media@modules@UModSys@@YA_JPAU_iobuf@@@Z 004013b0 f i umodsys_lib_libmedia:umodsys.mod.media.stdio.obj
 0001:00000400       ?root_get_interface_info@RStreamReader_FILE@stdio@media@modules@UModSys@@UBEABUSUniquePointerInfo@core@5@XZ 00401400 f i umodsys_lib_libmedia:umodsys.mod.media.stdio.obj
 0001:00000410       ?root_get_interface_type@RStreamReader_FILE@stdio@media@modules@UModSys@@UBEPBUSUniquePointerInfo@core@5@XZ 00401410 f i umodsys_lib_libmedia:umodsys.mod.media.stdio.obj
 0001:00000420       ?root_get_other_interface@RStreamReader_FILE@stdio@media@modules@UModSys@@UBEPBUIRoot@core@5@PBUSUniquePointerInfo@75@@Z 00401420 f i umodsys_lib_libmedia:umodsys.mod.media.stdio.obj
 0001:00000420       ?root_get_other_interface@RStreamReader_FILE@stdio@media@modules@UModSys@@UAEPAUIRoot@core@5@PBUSUniquePointerInfo@75@@Z 00401420 f i umodsys_lib_libmedia:umodsys.mod.media.stdio.obj
 0001:00000450       ?root_is_interface_supported@RStreamReader_FILE@stdio@media@modules@UModSys@@UBE_NPBUSUniquePointerInfo@core@5@@Z 00401450 f i umodsys_lib_libmedia:umodsys.mod.media.stdio.obj
 0001:00000490       ?ref_links@RStreamWriter_FILE@stdio@media@modules@UModSys@@UBEHXZ 00401490 f i umodsys_lib_libmedia:umodsys.mod.media.stdio.obj
 0001:00000490       ?ref_links@RUtilities@stdlib@media@modules@UModSys@@UBEHXZ 00401490 f i umodsys_lib_libmedia:umodsys.mod.media.stdlib.obj
 0001:00000490       ?ref_links@RGenerator@stdlib@media@modules@UModSys@@UBEHXZ 00401490 f i umodsys_lib_libmedia:umodsys.mod.media.stdlib.obj
 0001:00000490       ?ref_links@RGenerator@stdio@media@modules@UModSys@@UBEHXZ 00401490 f i umodsys_lib_libmedia:umodsys.mod.media.stdio.obj
 0001:00000490       ?ref_links@RStreamReader_FILE@stdio@media@modules@UModSys@@UBEHXZ 00401490 f i umodsys_lib_libmedia:umodsys.mod.media.stdio.obj
 0001:000004a0       ?suicide@RUtilities@stdlib@media@modules@UModSys@@UAEXXZ 004014a0 f i umodsys_lib_libmedia:umodsys.mod.media.stdlib.obj
 0001:000004a0       ?suicide@RStreamWriter_FILE@stdio@media@modules@UModSys@@UAEXXZ 004014a0 f i umodsys_lib_libmedia:umodsys.mod.media.stdio.obj
 0001:000004a0       ?suicide@RStreamReader_FILE@stdio@media@modules@UModSys@@UAEXXZ 004014a0 f i umodsys_lib_libmedia:umodsys.mod.media.stdio.obj
 0001:000004b0       ??0RStreamReader_FILE@stdio@media@modules@UModSys@@QAE@PAUIModObject@base@4@ABUSParameters@core@4@@Z 004014b0 f i umodsys_lib_libmedia:umodsys.mod.media.stdio.obj
 0001:00000560       ??0RStreamReader_FILE@stdio@media@modules@UModSys@@QAE@PAUIModObject@base@4@PBD@Z 00401560 f i umodsys_lib_libmedia:umodsys.mod.media.stdio.obj
 0001:000005f0       ?get_size@RStreamReader_FILE@stdio@media@modules@UModSys@@QAEXXZ 004015f0 f i umodsys_lib_libmedia:umodsys.mod.media.stdio.obj
 0001:00000660       ?reader_seek@RStreamReader_FILE@stdio@media@modules@UModSys@@UAE_N_J@Z 00401660 f i umodsys_lib_libmedia:umodsys.mod.media.stdio.obj
 0001:00000690       ?reader_seekend@RStreamReader_FILE@stdio@media@modules@UModSys@@UAE_N_J@Z 00401690 f i umodsys_lib_libmedia:umodsys.mod.media.stdio.obj
 0001:000006c0       ?reader_seekdelta@RStreamReader_FILE@stdio@media@modules@UModSys@@UAE_N_J@Z 004016c0 f i umodsys_lib_libmedia:umodsys.mod.media.stdio.obj
 0001:000006f0       ?reader_pos@RStreamReader_FILE@stdio@media@modules@UModSys@@UAE_JXZ 004016f0 f i umodsys_lib_libmedia:umodsys.mod.media.stdio.obj
 0001:00000710       ?reader_size@RStreamReader_FILE@stdio@media@modules@UModSys@@UAE_JXZ 00401710 f i umodsys_lib_libmedia:umodsys.mod.media.stdio.obj
 0001:00000720       ?reader_read@RStreamReader_FILE@stdio@media@modules@UModSys@@UAE_NPAXI@Z 00401720 f i umodsys_lib_libmedia:umodsys.mod.media.stdio.obj
 0001:000007a0       ?reader_close@RStreamReader_FILE@stdio@media@modules@UModSys@@UAEXXZ 004017a0 f i umodsys_lib_libmedia:umodsys.mod.media.stdio.obj
 0001:000007c0       ??_ERStreamReader_FILE@stdio@media@modules@UModSys@@UAEPAXI@Z 004017c0 f i  CIL library: CIL module
 0001:000007c0       ??_GRStreamReader_FILE@stdio@media@modules@UModSys@@UAEPAXI@Z 004017c0 f i umodsys_lib_libmedia:umodsys.mod.media.stdio.obj
 0001:00000800       ??1IStreamWriter@libmedia@UModSys@@UAE@XZ 00401800 f i umodsys_lib_libmedia:umodsys.mod.media.stdio.obj
 0001:00000800       ??1IStreamReader@libmedia@UModSys@@UAE@XZ 00401800 f i umodsys_lib_libmedia:umodsys.mod.media.stdio.obj
 0001:00000800       ??1IUtilities@libmedia@UModSys@@UAE@XZ 00401800 f i umodsys_lib_libmedia:umodsys.mod.media.stdlib.obj
 0001:00000810       ??_EIRoot@core@UModSys@@UAEPAXI@Z 00401810 f i  CIL library: CIL module
 0001:00000810       ??_GIRoot@core@UModSys@@UAEPAXI@Z 00401810 f i umodsys_lib_libmedia:umodsys.mod.media.stdio.obj
 0001:00000830       ?root_get_interface_info@RStreamWriter_FILE@stdio@media@modules@UModSys@@UBEABUSUniquePointerInfo@core@5@XZ 00401830 f i umodsys_lib_libmedia:umodsys.mod.media.stdio.obj
 0001:00000840       ?root_get_interface_type@RStreamWriter_FILE@stdio@media@modules@UModSys@@UBEPBUSUniquePointerInfo@core@5@XZ 00401840 f i umodsys_lib_libmedia:umodsys.mod.media.stdio.obj
 0001:00000850       ?root_get_other_interface@RStreamWriter_FILE@stdio@media@modules@UModSys@@UAEPAUIRoot@core@5@PBUSUniquePointerInfo@75@@Z 00401850 f i umodsys_lib_libmedia:umodsys.mod.media.stdio.obj
 0001:00000850       ?root_get_other_interface@RStreamWriter_FILE@stdio@media@modules@UModSys@@UBEPBUIRoot@core@5@PBUSUniquePointerInfo@75@@Z 00401850 f i umodsys_lib_libmedia:umodsys.mod.media.stdio.obj
 0001:00000880       ?root_is_interface_supported@RStreamWriter_FILE@stdio@media@modules@UModSys@@UBE_NPBUSUniquePointerInfo@core@5@@Z 00401880 f i umodsys_lib_libmedia:umodsys.mod.media.stdio.obj
 0001:000008c0       ??1RStreamWriter_FILE@stdio@media@modules@UModSys@@UAE@XZ 004018c0 f i umodsys_lib_libmedia:umodsys.mod.media.stdio.obj
 0001:00000930       ??0RStreamWriter_FILE@stdio@media@modules@UModSys@@QAE@PAUIModObject@base@4@ABUSParameters@core@4@@Z 00401930 f i umodsys_lib_libmedia:umodsys.mod.media.stdio.obj
 0001:000009b0       ??0RStreamWriter_FILE@stdio@media@modules@UModSys@@QAE@PAUIModObject@base@4@PBD_N@Z 004019b0 f i umodsys_lib_libmedia:umodsys.mod.media.stdio.obj
 0001:00000a70       ?open@RStreamWriter_FILE@stdio@media@modules@UModSys@@QAEXABUSParameters@core@5@@Z 00401a70 f i umodsys_lib_libmedia:umodsys.mod.media.stdio.obj
 0001:00000b00       ?writer_seek@RStreamWriter_FILE@stdio@media@modules@UModSys@@UAE_N_J@Z 00401b00 f i umodsys_lib_libmedia:umodsys.mod.media.stdio.obj
 0001:00000b30       ?writer_seekend@RStreamWriter_FILE@stdio@media@modules@UModSys@@UAE_N_J@Z 00401b30 f i umodsys_lib_libmedia:umodsys.mod.media.stdio.obj
 0001:00000b60       ?writer_seekdelta@RStreamWriter_FILE@stdio@media@modules@UModSys@@UAE_N_J@Z 00401b60 f i umodsys_lib_libmedia:umodsys.mod.media.stdio.obj
 0001:00000b90       ?writer_setsize@RStreamWriter_FILE@stdio@media@modules@UModSys@@UAE_N_J@Z 00401b90 f i umodsys_lib_libmedia:umodsys.mod.media.stdio.obj
 0001:00000bd0       ?writer_pos@RStreamWriter_FILE@stdio@media@modules@UModSys@@UAE_JXZ 00401bd0 f i umodsys_lib_libmedia:umodsys.mod.media.stdio.obj
 0001:00000bf0       ?writer_size@RStreamWriter_FILE@stdio@media@modules@UModSys@@UAE_JXZ 00401bf0 f i umodsys_lib_libmedia:umodsys.mod.media.stdio.obj
 0001:00000c20       ?writer_write@RStreamWriter_FILE@stdio@media@modules@UModSys@@UAE_NPBXI@Z 00401c20 f i umodsys_lib_libmedia:umodsys.mod.media.stdio.obj
 0001:00000ca0       ?writer_copy@RStreamWriter_FILE@stdio@media@modules@UModSys@@UAE_NPAUIStreamReader@libmedia@5@_J@Z 00401ca0 f i umodsys_lib_libmedia:umodsys.mod.media.stdio.obj
 0001:00000d70       ?writer_copy@RStreamWriter_FILE@stdio@media@modules@UModSys@@UAE_NPAUIStreamReader@libmedia@5@_J1@Z 00401d70 f i umodsys_lib_libmedia:umodsys.mod.media.stdio.obj
 0001:00000dc0       ?writer_close@RStreamWriter_FILE@stdio@media@modules@UModSys@@UAEXXZ 00401dc0 f i umodsys_lib_libmedia:umodsys.mod.media.stdio.obj
 0001:00000e00       ?writer_abort@RStreamWriter_FILE@stdio@media@modules@UModSys@@UAEXXZ 00401e00 f i umodsys_lib_libmedia:umodsys.mod.media.stdio.obj
 0001:00000e40       ??_ERStreamWriter_FILE@stdio@media@modules@UModSys@@UAEPAXI@Z 00401e40 f i  CIL library: CIL module
 0001:00000e40       ??_GRStreamWriter_FILE@stdio@media@modules@UModSys@@UAEPAXI@Z 00401e40 f i umodsys_lib_libmedia:umodsys.mod.media.stdio.obj
 0001:00000e60       ?root_get_interface_info@RDataArchiver_OsDir@stdio@media@modules@UModSys@@UBEABUSUniquePointerInfo@core@5@XZ 00401e60 f i umodsys_lib_libmedia:umodsys.mod.media.stdio.obj
 0001:00000e70       ?root_get_interface_type@RDataArchiver_OsDir@stdio@media@modules@UModSys@@UBEPBUSUniquePointerInfo@core@5@XZ 00401e70 f i umodsys_lib_libmedia:umodsys.mod.media.stdio.obj
 0001:00000e80       ?root_get_other_interface@RDataArchiver_OsDir@stdio@media@modules@UModSys@@UBEPBUIRoot@core@5@PBUSUniquePointerInfo@75@@Z 00401e80 f i umodsys_lib_libmedia:umodsys.mod.media.stdio.obj
 0001:00000e80       ?root_get_other_interface@RDataArchiver_OsDir@stdio@media@modules@UModSys@@UAEPAUIRoot@core@5@PBUSUniquePointerInfo@75@@Z 00401e80 f i umodsys_lib_libmedia:umodsys.mod.media.stdio.obj
 0001:00000ec0       ?root_is_interface_supported@RDataArchiver_OsDir@stdio@media@modules@UModSys@@UBE_NPBUSUniquePointerInfo@core@5@@Z 00401ec0 f i umodsys_lib_libmedia:umodsys.mod.media.stdio.obj
 0001:00000f00       ??0RDataArchiver_OsDir@stdio@media@modules@UModSys@@QAE@PAUIModObject@base@4@ABUSParameters@core@4@U?$TFlags4State@USMediaFlagUid@libmedia@UModSys@@I@tl@4@@Z 00401f00 f i umodsys_lib_libmedia:umodsys.mod.media.stdio.obj
 0001:00000ff0       ??1RDataArchiver_OsDir@stdio@media@modules@UModSys@@UAE@XZ 00401ff0 f i umodsys_lib_libmedia:umodsys.mod.media.stdio.obj
 0001:00001060       ?open@RDataArchiver_OsDir@stdio@media@modules@UModSys@@QAEXABUSParameters@core@5@@Z 00402060 f i umodsys_lib_libmedia:umodsys.mod.media.stdio.obj
 0001:00001130       ?get_flag@RDataArchiver_OsDir@stdio@media@modules@UModSys@@UBE?AW4eStates@?$TFlags4State@USMediaFlagUid@libmedia@UModSys@@I@tl@5@H@Z 00402130 f i umodsys_lib_libmedia:umodsys.mod.media.stdio.obj
 0001:00001150       ?get_flags_auto@RDataArchiver_OsDir@stdio@media@modules@UModSys@@UBE?AU?$TFlags4State@USMediaFlagUid@libmedia@UModSys@@I@tl@5@XZ 00402150 f i umodsys_lib_libmedia:umodsys.mod.media.stdio.obj
 0001:00001160       ?set_flag@RDataArchiver_OsDir@stdio@media@modules@UModSys@@UAE?AW4eStates@?$TFlags4State@USMediaFlagUid@libmedia@UModSys@@I@tl@5@HW46785@@Z 00402160 f i umodsys_lib_libmedia:umodsys.mod.media.stdio.obj
 0001:00001190       ?data_load@RDataArchiver_OsDir@stdio@media@modules@UModSys@@UAE_NABU?$TString@U?$TSCoreConst@D@su@tl@UModSys@@U?$TComparerBinaryHash@D@234@@tl@5@AAUSCMemShared@core@5@ABUSFlags@libmedia@5@@Z 00402190 f i umodsys_lib_libmedia:umodsys.mod.media.stdio.obj
 0001:000011d0       ?data_save@RDataArchiver_OsDir@stdio@media@modules@UModSys@@UAE_NABU?$TString@U?$TSCoreConst@D@su@tl@UModSys@@U?$TComparerBinaryHash@D@234@@tl@5@ABUSCMem@core@5@ABUSFlags@libmedia@5@@Z 004021d0 f i umodsys_lib_libmedia:umodsys.mod.media.stdio.obj
 0001:000011f0       ?data_reader@RDataArchiver_OsDir@stdio@media@modules@UModSys@@UAE?AU?$TRefObject@UIStreamReader@libmedia@UModSys@@U?$TRefObjectFunc@UIStreamReader@libmedia@UModSys@@@tl@3@@tl@5@ABU?$TString@U?$TSCoreConst@D@su@tl@UModSys@@U?$TComparerBinaryHash@D@234@@75@ABUSFlags@libmedia@5@@Z 004021f0 f i umodsys_lib_libmedia:umodsys.mod.media.stdio.obj
 0001:00001360       ?data_writer@RDataArchiver_OsDir@stdio@media@modules@UModSys@@UAE?AU?$TRefObject@UIStreamWriter@libmedia@UModSys@@U?$TRefObjectFunc@UIStreamWriter@libmedia@UModSys@@@tl@3@@tl@5@ABU?$TString@U?$TSCoreConst@D@su@tl@UModSys@@U?$TComparerBinaryHash@D@234@@75@ABUSFlags@libmedia@5@@Z 00402360 f i umodsys_lib_libmedia:umodsys.mod.media.stdio.obj
 0001:000014f0       ?data_info@RDataArchiver_OsDir@stdio@media@modules@UModSys@@UAE_NABU?$TString@U?$TSCoreConst@D@su@tl@UModSys@@U?$TComparerBinaryHash@D@234@@tl@5@IAAUSFileInfo@libmedia@5@ABUSFlags@95@@Z 004024f0 f i umodsys_lib_libmedia:umodsys.mod.media.stdio.obj
 0001:000014f0       ?data_list@RDataArchiver_OsDir@stdio@media@modules@UModSys@@UAE_NABU?$TString@U?$TSCoreConst@D@su@tl@UModSys@@U?$TComparerBinaryHash@D@234@@tl@5@IAAU?$TIStackSocket@USFileInfo@libmedia@UModSys@@@75@ABUSFlags@libmedia@5@@Z 004024f0 f i umodsys_lib_libmedia:umodsys.mod.media.stdio.obj
 0001:00001540       ?get_permissions@RDataArchiver_OsDir@stdio@media@modules@UModSys@@UAEHXZ 00402540 f i umodsys_lib_libmedia:umodsys.mod.media.stdio.obj
 0001:00001550       ??_GRDataArchiver_OsDir@stdio@media@modules@UModSys@@UAEPAXI@Z 00402550 f i umodsys_lib_libmedia:umodsys.mod.media.stdio.obj
 0001:00001550       ??_ERDataArchiver_OsDir@stdio@media@modules@UModSys@@UAEPAXI@Z 00402550 f i  CIL library: CIL module
 0001:00001570       ??1ILibraryObjFilter@libmedia@UModSys@@UAE@XZ 00402570 f i umodsys_lib_libmedia:umodsys.mod.media.stdlib.obj
 0001:00001570       ??1ILibraryBinCache@libmedia@UModSys@@UAE@XZ 00402570 f i umodsys_lib_libmedia:umodsys.mod.media.stdlib.obj
 0001:00001570       ??1ILibraryBinTree@libmedia@UModSys@@UAE@XZ 00402570 f i umodsys_lib_libmedia:umodsys.mod.media.stdlib.obj
 0001:00001570       ??1IBinArchive@libmedia@UModSys@@UAE@XZ 00402570 f i umodsys_lib_libmedia:umodsys.mod.media.stdio.obj
 0001:00001570       ??1ILibraryObjCache@libmedia@UModSys@@UAE@XZ 00402570 f i umodsys_lib_libmedia:umodsys.mod.media.stdlib.obj
 0001:00001570       ??1ILibraryLayered@libmedia@UModSys@@UAE@XZ 00402570 f i umodsys_lib_libmedia:umodsys.mod.media.stdlib.obj
 0001:000015c0       ?get_generated_names@RGenerator@stdio@media@modules@UModSys@@UBEHAAUSUniquePtrList@core@5@@Z 004025c0 f i umodsys_lib_libmedia:umodsys.mod.media.stdio.obj
 0001:00001600       ?get_generated_types@RGenerator@stdio@media@modules@UModSys@@UBEHAAUSUniquePtrList@core@5@PBUSUniquePointerInfo@75@@Z 00402600 f i umodsys_lib_libmedia:umodsys.mod.media.stdio.obj
 0001:00001690       ?generate@RGenerator@stdio@media@modules@UModSys@@UAE_NAAU?$TRefObject@UIRefObject@core@UModSys@@U?$TRefObjectFunc@UIRefObject@core@UModSys@@@tl@3@@tl@5@PBUSUniquePointerInfo@core@5@ABUSParameters@95@@Z 00402690 f i umodsys_lib_libmedia:umodsys.mod.media.stdio.obj
 0001:000016f0       ?root_get_interface_info@RGenerator@stdio@media@modules@UModSys@@UBEABUSUniquePointerInfo@core@5@XZ 004026f0 f i umodsys_lib_libmedia:umodsys.mod.media.stdio.obj
 0001:00001700       ?root_get_interface_type@RGenerator@stdio@media@modules@UModSys@@UBEPBUSUniquePointerInfo@core@5@XZ 00402700 f i umodsys_lib_libmedia:umodsys.mod.media.stdio.obj
 0001:00001710       ?root_get_other_interface@RGenerator@stdio@media@modules@UModSys@@UAEPAUIRoot@core@5@PBUSUniquePointerInfo@75@@Z 00402710 f i umodsys_lib_libmedia:umodsys.mod.media.stdio.obj
 0001:00001710       ?root_get_other_interface@RGenerator@stdio@media@modules@UModSys@@UBEPBUIRoot@core@5@PBUSUniquePointerInfo@75@@Z 00402710 f i umodsys_lib_libmedia:umodsys.mod.media.stdio.obj
 0001:00001750       ?root_is_interface_supported@RGenerator@stdio@media@modules@UModSys@@UBE_NPBUSUniquePointerInfo@core@5@@Z 00402750 f i umodsys_lib_libmedia:umodsys.mod.media.stdio.obj
 0001:00001790       ?ref_add@RGenerator@stdlib@media@modules@UModSys@@UBEXXZ 00402790 f i umodsys_lib_libmedia:umodsys.mod.media.stdlib.obj
 0001:00001790       ?ref_add@RGenerator@stdio@media@modules@UModSys@@UBEXXZ 00402790 f i umodsys_lib_libmedia:umodsys.mod.media.stdio.obj
 0001:00001790       ?ref_add@RStreamReader_FILE@stdio@media@modules@UModSys@@UBEXXZ 00402790 f i umodsys_lib_libmedia:umodsys.mod.media.stdio.obj
 0001:00001790       ?ref_add@RUtilities@stdlib@media@modules@UModSys@@UBEXXZ 00402790 f i umodsys_lib_libmedia:umodsys.mod.media.stdlib.obj
 0001:00001790       ?ref_add@RStreamWriter_FILE@stdio@media@modules@UModSys@@UBEXXZ 00402790 f i umodsys_lib_libmedia:umodsys.mod.media.stdio.obj
 0001:000017a0       ?get_uid@RGenerator@stdio@media@modules@UModSys@@UBEPBUSUniquePointerInfo@core@5@XZ 004027a0 f i umodsys_lib_libmedia:umodsys.mod.media.stdio.obj
 0001:000017b0       ?do_open@RModuleReg@stdio@media@modules@UModSys@@UAE_NXZ 004027b0 f i umodsys_lib_libmedia:umodsys.mod.media.stdio.obj
 0001:000017c0       ?do_close@RModuleReg@stdio@media@modules@UModSys@@UAE_NXZ 004027c0 f i umodsys_lib_libmedia:umodsys.mod.media.stdio.obj
 0001:000017d0       ??_GRModuleReg@stdio@media@modules@UModSys@@UAEPAXI@Z 004027d0 f i umodsys_lib_libmedia:umodsys.mod.media.stdio.obj
 0001:000017d0       ??_ERModuleReg@stdio@media@modules@UModSys@@UAEPAXI@Z 004027d0 f i  CIL library: CIL module
 0001:00001800       ??1?$TSCoreShared@USIMemAlloc@core@UModSys@@D@su@tl@UModSys@@QAE@XZ 00402800 f i umodsys_lib_libmedia:umodsys.mod.media.stdio.obj
 0001:00001800       ??1?$TString@U?$TSCoreShared@USIMemAlloc@core@UModSys@@D@su@tl@UModSys@@U?$TComparerBinaryHash@D@234@@tl@UModSys@@QAE@XZ 00402800 f i umodsys_lib_libmedia:umodsys.mod.media.stdio.obj
 0001:00001800       ??1?$TStringBuf@U?$TSCoreShared@USIMemAlloc@core@UModSys@@D@su@tl@UModSys@@U?$TComparerBinaryHash@D@234@@tl@UModSys@@QAE@XZ 00402800 f i umodsys_lib_libmedia:umodsys.mod.media.stdlib.obj
 0001:00001810       ?info_release@?$TSCoreShared@USIMemAlloc@core@UModSys@@D@su@tl@UModSys@@QAEXXZ 00402810 f i umodsys_lib_libmedia:umodsys.mod.media.stdio.obj
 0001:00001890       ?info_new@?$TSCoreShared@USIMemAlloc@core@UModSys@@D@su@tl@UModSys@@QAE_NPBDI@Z 00402890 f i umodsys_lib_libmedia:umodsys.mod.media.stdio.obj
 0001:00001940       ?get_null@?$TSCoreShared@USIMemAlloc@core@UModSys@@D@su@tl@UModSys@@SAPAU?$TSharedStringInfo@DUSIMemAlloc@core@UModSys@@@234@XZ 00402940 f i umodsys_lib_libmedia:umodsys.mod.media.stdio.obj
 0001:00001980       ??$ValidateConstruction@UIStreamReader@libmedia@UModSys@@URStreamReader_FILE@stdio@media@modules@3@@core@UModSys@@YA_NAAU?$TRefObject@UIStreamReader@libmedia@UModSys@@U?$TRefObjectFunc@UIStreamReader@libmedia@UModSys@@@tl@3@@tl@1@PAURStreamReader_FILE@stdio@media@modules@1@@Z 00402980 f i umodsys_lib_libmedia:umodsys.mod.media.stdio.obj
 0001:00001980       ??$ValidateConstruction@UIRefObject@core@UModSys@@URStreamReader_FILE@stdio@media@modules@3@@core@UModSys@@YA_NAAU?$TRefObject@UIRefObject@core@UModSys@@U?$TRefObjectFunc@UIRefObject@core@UModSys@@@tl@3@@tl@1@PAURStreamReader_FILE@stdio@media@modules@1@@Z 00402980 f i umodsys_lib_libmedia:umodsys.mod.media.stdio.obj
 0001:00001a10       ??$t_types@URDataArchiver_OsDir@stdio@media@modules@UModSys@@@IGenerator@base@UModSys@@KA_NAAHAAUSUniquePtrList@core@2@PBUSUniquePointerInfo@42@@Z 00402a10 f i umodsys_lib_libmedia:umodsys.mod.media.stdio.obj
 0001:00001a60       ??$t_gen_param@URStreamReader_FILE@stdio@media@modules@UModSys@@URGenerator@2345@@IGenerator@base@UModSys@@IAE_NPAURGenerator@stdio@media@modules@2@AAU?$TRefObject@UIRefObject@core@UModSys@@U?$TRefObjectFunc@UIRefObject@core@UModSys@@@tl@3@@tl@2@PBUSUniquePointerInfo@core@2@ABUSParameters@core@2@@Z 00402a60 f i umodsys_lib_libmedia:umodsys.mod.media.stdio.obj
 0001:00001ae0       ??$t_gen_param@URStreamWriter_FILE@stdio@media@modules@UModSys@@URGenerator@2345@@IGenerator@base@UModSys@@IAE_NPAURGenerator@stdio@media@modules@2@AAU?$TRefObject@UIRefObject@core@UModSys@@U?$TRefObjectFunc@UIRefObject@core@UModSys@@@tl@3@@tl@2@PBUSUniquePointerInfo@core@2@ABUSParameters@core@2@@Z 00402ae0 f i umodsys_lib_libmedia:umodsys.mod.media.stdio.obj
 0001:00001b50       ??$t_gen_param@URDataArchiver_OsDir@stdio@media@modules@UModSys@@URGenerator@2345@@IGenerator@base@UModSys@@IAE_NPAURGenerator@stdio@media@modules@2@AAU?$TRefObject@UIRefObject@core@UModSys@@U?$TRefObjectFunc@UIRefObject@core@UModSys@@@tl@3@@tl@2@PBUSUniquePointerInfo@core@2@ABUSParameters@core@2@@Z 00402b50 f i umodsys_lib_libmedia:umodsys.mod.media.stdio.obj
 0001:00001bd0       ??1?$TRefObject@UIModObject@base@UModSys@@U?$TModObjectFunc@UIModObject@base@UModSys@@@tl@3@@tl@UModSys@@QAE@XZ 00402bd0 f i umodsys_lib_libmedia:umodsys.mod.media.stdio.obj
 0001:00001bf0       ??$is_flag@U?$TFlags4StateShift@USMediaFlagUid@libmedia@UModSys@@I$09@tl@UModSys@@@SFlags@libmedia@UModSys@@QBE_NPBUIResolverAuto@012@W4eStates@?$TFlags4State@USMediaFlagUid@libmedia@UModSys@@I@tl@2@@Z 00402bf0 f i umodsys_lib_libmedia:umodsys.mod.media.stdio.obj
 0001:00001c50       ??$ValidateConstruction@UIRefObject@core@UModSys@@URStreamWriter_FILE@stdio@media@modules@3@@core@UModSys@@YA_NAAU?$TRefObject@UIRefObject@core@UModSys@@U?$TRefObjectFunc@UIRefObject@core@UModSys@@@tl@3@@tl@1@PAURStreamWriter_FILE@stdio@media@modules@1@@Z 00402c50 f i umodsys_lib_libmedia:umodsys.mod.media.stdio.obj
 0001:00001c50       ??$ValidateConstruction@UIStreamWriter@libmedia@UModSys@@URStreamWriter_FILE@stdio@media@modules@3@@core@UModSys@@YA_NAAU?$TRefObject@UIStreamWriter@libmedia@UModSys@@U?$TRefObjectFunc@UIStreamWriter@libmedia@UModSys@@@tl@3@@tl@1@PAURStreamWriter_FILE@stdio@media@modules@1@@Z 00402c50 f i umodsys_lib_libmedia:umodsys.mod.media.stdio.obj
 0001:00001ce0       ?s_set@?$TRefObjectFunc@UIRefObject@core@UModSys@@@tl@UModSys@@SAXAAPAUIRefObject@core@3@PAU453@@Z 00402ce0 f i umodsys_lib_libmedia:umodsys.mod.media.stdio.obj
 0001:00001d00       ?alloc@SMemShared@core@UModSys@@QAE_NABUSCMem@23@PAUSSourceContext@23@@Z 00402d00 f i umodsys_lib_libmedia:umodsys.mod.media.stdlib.obj
 0001:00001d60       ??BSMemShared@core@UModSys@@QBE?AUSMem@12@XZ 00402d60 f i umodsys_lib_libmedia:umodsys.mod.media.stdlib.obj
 0001:00001db0       ??1SMemShared@core@UModSys@@QAE@XZ 00402db0 f i umodsys_lib_libmedia:umodsys.mod.media.stdio.obj
 0001:00001db0       ??1SCMemShared@core@UModSys@@QAE@XZ 00402db0 f i umodsys_lib_libmedia:umodsys.mod.media.stdlib.obj
 0001:00001db0       ??1SInfo@IBinObjFilter@libmedia@UModSys@@QAE@XZ 00402db0 f i umodsys_lib_libmedia:umodsys.mod.media.stdlib.obj
 0001:00001dd0       ??0SFileInfo@libmedia@UModSys@@QAE@XZ 00402dd0 f i umodsys_lib_libmedia:umodsys.mod.media.stdlib.obj
 0001:00001e90       ??1SFileInfo@libmedia@UModSys@@QAE@XZ 00402e90 f i umodsys_lib_libmedia:umodsys.mod.media.stdlib.obj
 0001:00001f00       ?get_flag@RResolverChain@SFlagsChain@libmedia@UModSys@@UBE?AW4eStates@?$TFlags4State@USMediaFlagUid@libmedia@UModSys@@I@tl@4@H@Z 00402f00 f i umodsys_lib_libmedia:umodsys.mod.media.stdlib.obj
 0001:00001f40       ?bin_reader@ILibrary@libmedia@UModSys@@QAE?AU?$TRefObject@UIStreamReader@libmedia@UModSys@@U?$TRefObjectFunc@UIStreamReader@libmedia@UModSys@@@tl@3@@tl@3@ABU?$TString@U?$TSCoreConst@D@su@tl@UModSys@@U?$TComparerBinaryHash@D@234@@53@ABU?$TFlags4State@USMediaFlagUid@libmedia@UModSys@@I@53@@Z 00402f40 f i umodsys_lib_libmedia:umodsys.mod.media.stdlib.obj
 0001:00001f80       ?bin_writer@ILibrary@libmedia@UModSys@@QAE?AU?$TRefObject@UIStreamWriter@libmedia@UModSys@@U?$TRefObjectFunc@UIStreamWriter@libmedia@UModSys@@@tl@3@@tl@3@ABU?$TString@U?$TSCoreConst@D@su@tl@UModSys@@U?$TComparerBinaryHash@D@234@@53@ABU?$TFlags4State@USMediaFlagUid@libmedia@UModSys@@I@53@@Z 00402f80 f i umodsys_lib_libmedia:umodsys.mod.media.stdlib.obj
 0001:00001fc0       ??1SLayer@ILibraryLayered@libmedia@UModSys@@QAE@XZ 00402fc0 f i umodsys_lib_libmedia:umodsys.mod.media.stdlib.obj
 0001:00001fc0       ??1SPoint@ILibraryBinTree@libmedia@UModSys@@QAE@XZ 00402fc0 f i umodsys_lib_libmedia:umodsys.mod.media.stdlib.obj
 0001:00001fe0       ?setname@NameNode@IBinArchiveFrame@libmedia@UModSys@@QAEXPAXHABU?$TString@U?$TSCoreConst@D@su@tl@UModSys@@U?$TComparerBinaryHash@D@234@@tl@4@@Z 00402fe0 f i umodsys_lib_libmedia:umodsys.mod.media.stdlib.obj
 0001:00002030       ?setname@NameNode@IBinArchiveFrame@libmedia@UModSys@@QAEXPAXHABU?$TString@U?$TSCoreConst@D@su@tl@UModSys@@U?$TComparerUtfNocaseHash@D@234@@tl@4@@Z 00403030 f i umodsys_lib_libmedia:umodsys.mod.media.stdlib.obj
 0001:00002080       ?root_get_interface_info@RUtilities@stdlib@media@modules@UModSys@@UBEABUSUniquePointerInfo@core@5@XZ 00403080 f i umodsys_lib_libmedia:umodsys.mod.media.stdlib.obj
 0001:00002090       ?root_get_interface_type@RUtilities@stdlib@media@modules@UModSys@@UBEPBUSUniquePointerInfo@core@5@XZ 00403090 f i umodsys_lib_libmedia:umodsys.mod.media.stdlib.obj
 0001:000020a0       ?root_get_other_interface@RUtilities@stdlib@media@modules@UModSys@@UBEPBUIRoot@core@5@PBUSUniquePointerInfo@75@@Z 004030a0 f i umodsys_lib_libmedia:umodsys.mod.media.stdlib.obj
 0001:000020a0       ?root_get_other_interface@RUtilities@stdlib@media@modules@UModSys@@UAEPAUIRoot@core@5@PBUSUniquePointerInfo@75@@Z 004030a0 f i umodsys_lib_libmedia:umodsys.mod.media.stdlib.obj
 0001:000020d0       ?root_is_interface_supported@RUtilities@stdlib@media@modules@UModSys@@UBE_NPBUSUniquePointerInfo@core@5@@Z 004030d0 f i umodsys_lib_libmedia:umodsys.mod.media.stdlib.obj
 0001:00002110       ?root_get_interface_info@RBinArchiveFrame@stdlib@media@modules@UModSys@@UBEABUSUniquePointerInfo@core@5@XZ 00403110 f i umodsys_lib_libmedia:umodsys.mod.media.stdlib.obj
 0001:00002120       ?root_get_interface_type@RBinArchiveFrame@stdlib@media@modules@UModSys@@UBEPBUSUniquePointerInfo@core@5@XZ 00403120 f i umodsys_lib_libmedia:umodsys.mod.media.stdlib.obj
 0001:00002130       ?root_get_interface_types@RSystem@rsystem@base@UModSys@@UBEIAAUSUniquePtrList@core@4@@Z 00403130 f i umodsys_lib_basesys:umodsys.basesys.rsystem_main.obj
 0001:00002130       ?root_get_interface_types@RLibraryObjCache@stdlib@media@modules@UModSys@@UBEIAAUSUniquePtrList@core@5@@Z 00403130 f i umodsys_lib_libmedia:umodsys.mod.media.stdlib.obj
 0001:00002130       ?root_get_interface_types@RModuleLibrarySO@rsystem@base@UModSys@@UBEIAAUSUniquePtrList@core@4@@Z 00403130 f i umodsys_lib_basesys:umodsys.basesys.rmodulelibso.obj
 0001:00002130       ?root_get_interface_types@RGenerator@stdio@media@modules@UModSys@@UBEIAAUSUniquePtrList@core@5@@Z 00403130 f i umodsys_lib_libmedia:umodsys.mod.media.stdio.obj
 0001:00002130       ?root_get_interface_types@RModule@rsystem@base@UModSys@@UBEIAAUSUniquePtrList@core@4@@Z 00403130 f i umodsys_lib_basesys:umodsys.basesys.rmodule.obj
 0001:00002130       ?root_get_interface_types@RGenerator@stdlib@media@modules@UModSys@@UBEIAAUSUniquePtrList@core@5@@Z 00403130 f i umodsys_lib_libmedia:umodsys.mod.media.stdlib.obj
 0001:00002130       ?root_get_interface_types@RStreamReader_FILE@stdio@media@modules@UModSys@@UBEIAAUSUniquePtrList@core@5@@Z 00403130 f i umodsys_lib_libmedia:umodsys.mod.media.stdio.obj
 0001:00002130       ?root_get_interface_types@RLibraryBinCache@stdlib@media@modules@UModSys@@UBEIAAUSUniquePtrList@core@5@@Z 00403130 f i umodsys_lib_libmedia:umodsys.mod.media.stdlib.obj
 0001:00002130       ?root_get_interface_types@RLibraryObjFilter@stdlib@media@modules@UModSys@@UBEIAAUSUniquePtrList@core@5@@Z 00403130 f i umodsys_lib_libmedia:umodsys.mod.media.stdlib.obj
 0001:00002130       ?root_get_interface_types@RParameters@rsystem@base@UModSys@@UBEIAAUSUniquePtrList@core@4@@Z 00403130 f i umodsys_lib_basesys:umodsys.basesys.rparameters.obj
 0001:00002130       ?root_get_interface_types@RLibraryBinTree@stdlib@media@modules@UModSys@@UBEIAAUSUniquePtrList@core@5@@Z 00403130 f i umodsys_lib_libmedia:umodsys.mod.media.stdlib.obj
 0001:00002130       ?root_get_interface_types@RUtilities@stdlib@media@modules@UModSys@@UBEIAAUSUniquePtrList@core@5@@Z 00403130 f i umodsys_lib_libmedia:umodsys.mod.media.stdlib.obj
 0001:00002130       ?root_get_interface_types@ISystem@base@UModSys@@UBEIAAUSUniquePtrList@core@3@@Z 00403130 f i umodsys_lib_basesys:umodsys.basesys.rsystem_main.obj
 0001:00002130       ?root_get_interface_types@RStreamWriter_FILE@stdio@media@modules@UModSys@@UBEIAAUSUniquePtrList@core@5@@Z 00403130 f i umodsys_lib_libmedia:umodsys.mod.media.stdio.obj
 0001:00002130       ?root_get_interface_types@RModuleLibraryThis@rsystem@base@UModSys@@UBEIAAUSUniquePtrList@core@4@@Z 00403130 f i umodsys_lib_basesys:umodsys.basesys.rmodulelibthis.obj
 0001:00002130       ?root_get_interface_types@RLibraryLayered@stdlib@media@modules@UModSys@@UBEIAAUSUniquePtrList@core@5@@Z 00403130 f i umodsys_lib_libmedia:umodsys.mod.media.stdlib.obj
 0001:00002130       ?root_get_interface_types@RDataArchiver_OsDir@stdio@media@modules@UModSys@@UBEIAAUSUniquePtrList@core@5@@Z 00403130 f i umodsys_lib_libmedia:umodsys.mod.media.stdio.obj
 0001:00002130       ?root_get_interface_types@RConsole_std@rsystem@base@UModSys@@UBEIAAUSUniquePtrList@core@4@@Z 00403130 f i umodsys_lib_basesys:umodsys.basesys.rconsole_std.obj
 0001:00002130       ?root_get_interface_types@RBinArchiveFrame@stdlib@media@modules@UModSys@@UBEIAAUSUniquePtrList@core@5@@Z 00403130 f i umodsys_lib_libmedia:umodsys.mod.media.stdlib.obj
 0001:00002140       ?root_get_other_interface@RBinArchiveFrame@stdlib@media@modules@UModSys@@UAEPAUIRoot@core@5@PBUSUniquePointerInfo@75@@Z 00403140 f i umodsys_lib_libmedia:umodsys.mod.media.stdlib.obj
 0001:00002140       ?root_get_other_interface@RBinArchiveFrame@stdlib@media@modules@UModSys@@UBEPBUIRoot@core@5@PBUSUniquePointerInfo@75@@Z 00403140 f i umodsys_lib_libmedia:umodsys.mod.media.stdlib.obj
 0001:00002180       ?root_is_interface_supported@RBinArchiveFrame@stdlib@media@modules@UModSys@@UBE_NPBUSUniquePointerInfo@core@5@@Z 00403180 f i umodsys_lib_libmedia:umodsys.mod.media.stdlib.obj
 0001:000021d0       ?ref_add@RBinArchiveFrame@stdlib@media@modules@UModSys@@UBEXXZ 004031d0 f i umodsys_lib_libmedia:umodsys.mod.media.stdlib.obj
 0001:000021e0       ?ref_remove@RBinArchiveFrame@stdlib@media@modules@UModSys@@UBEXXZ 004031e0 f i umodsys_lib_libmedia:umodsys.mod.media.stdlib.obj
 0001:000021f0       ?ref_links@RBinArchiveFrame@stdlib@media@modules@UModSys@@UBEHXZ 004031f0 f i umodsys_lib_libmedia:umodsys.mod.media.stdlib.obj
 0001:00002200       ?ref_weak@RBinArchiveFrame@stdlib@media@modules@UModSys@@UBE_NAAUWeakPointer@IRefObject@core@5@@Z 00403200 f i umodsys_lib_libmedia:umodsys.mod.media.stdlib.obj
 0001:00002220       ?suicide@RBinArchiveFrame@stdlib@media@modules@UModSys@@UAEXXZ 00403220 f i umodsys_lib_libmedia:umodsys.mod.media.stdlib.obj
 0001:00002230       ?root_get_interface_info@RLibraryBinTree@stdlib@media@modules@UModSys@@UBEABUSUniquePointerInfo@core@5@XZ 00403230 f i umodsys_lib_libmedia:umodsys.mod.media.stdlib.obj
 0001:00002240       ?root_get_interface_type@RLibraryBinTree@stdlib@media@modules@UModSys@@UBEPBUSUniquePointerInfo@core@5@XZ 00403240 f i umodsys_lib_libmedia:umodsys.mod.media.stdlib.obj
 0001:00002250       ?root_get_other_interface@RLibraryBinTree@stdlib@media@modules@UModSys@@UBEPBUIRoot@core@5@PBUSUniquePointerInfo@75@@Z 00403250 f i umodsys_lib_libmedia:umodsys.mod.media.stdlib.obj
 0001:00002250       ?root_get_other_interface@RLibraryBinTree@stdlib@media@modules@UModSys@@UAEPAUIRoot@core@5@PBUSUniquePointerInfo@75@@Z 00403250 f i umodsys_lib_libmedia:umodsys.mod.media.stdlib.obj
 0001:00002290       ?root_is_interface_supported@RLibraryBinTree@stdlib@media@modules@UModSys@@UBE_NPBUSUniquePointerInfo@core@5@@Z 00403290 f i umodsys_lib_libmedia:umodsys.mod.media.stdlib.obj
 0001:000022e0       ?_root_get_interface_types@RLibraryBinCache@stdlib@media@modules@UModSys@@SAIAAUSUniquePtrList@core@5@@Z 004032e0 f i umodsys_lib_libmedia:umodsys.mod.media.stdlib.obj
 0001:00002330       ?root_get_interface_info@RLibraryBinCache@stdlib@media@modules@UModSys@@UBEABUSUniquePointerInfo@core@5@XZ 00403330 f i umodsys_lib_libmedia:umodsys.mod.media.stdlib.obj
 0001:00002340       ?root_get_interface_type@RLibraryBinCache@stdlib@media@modules@UModSys@@UBEPBUSUniquePointerInfo@core@5@XZ 00403340 f i umodsys_lib_libmedia:umodsys.mod.media.stdlib.obj
 0001:00002350       ?root_get_other_interface@RLibraryBinCache@stdlib@media@modules@UModSys@@UBEPBUIRoot@core@5@PBUSUniquePointerInfo@75@@Z 00403350 f i umodsys_lib_libmedia:umodsys.mod.media.stdlib.obj
 0001:00002350       ?root_get_other_interface@RLibraryBinCache@stdlib@media@modules@UModSys@@UAEPAUIRoot@core@5@PBUSUniquePointerInfo@75@@Z 00403350 f i umodsys_lib_libmedia:umodsys.mod.media.stdlib.obj
 0001:00002390       ?root_is_interface_supported@RLibraryBinCache@stdlib@media@modules@UModSys@@UBE_NPBUSUniquePointerInfo@core@5@@Z 00403390 f i umodsys_lib_libmedia:umodsys.mod.media.stdlib.obj
 0001:000023e0       ?ref_add@RLibraryObjCache@stdlib@media@modules@UModSys@@UBEXXZ 004033e0 f i umodsys_lib_libmedia:umodsys.mod.media.stdlib.obj
 0001:000023e0       ?ref_add@RParameters@rsystem@base@UModSys@@UBEXXZ 004033e0 f i umodsys_lib_basesys:umodsys.basesys.rparameters.obj
 0001:000023e0       ?ref_add@RLibraryBinCache@stdlib@media@modules@UModSys@@UBEXXZ 004033e0 f i umodsys_lib_libmedia:umodsys.mod.media.stdlib.obj
 0001:000023e0       ?ref_add@RLibraryLayered@stdlib@media@modules@UModSys@@UBEXXZ 004033e0 f i umodsys_lib_libmedia:umodsys.mod.media.stdlib.obj
 0001:000023e0       ?ref_add@RLibraryBinTree@stdlib@media@modules@UModSys@@UBEXXZ 004033e0 f i umodsys_lib_libmedia:umodsys.mod.media.stdlib.obj
 0001:000023e0       ?ref_add@RLibraryObjFilter@stdlib@media@modules@UModSys@@UBEXXZ 004033e0 f i umodsys_lib_libmedia:umodsys.mod.media.stdlib.obj
 0001:000023e0       ?ref_add@RDataArchiver_OsDir@stdio@media@modules@UModSys@@UBEXXZ 004033e0 f i umodsys_lib_libmedia:umodsys.mod.media.stdio.obj
 0001:000023f0       ?ref_remove@RLibraryLayered@stdlib@media@modules@UModSys@@UBEXXZ 004033f0 f i umodsys_lib_libmedia:umodsys.mod.media.stdlib.obj
 0001:000023f0       ?ref_remove@RLibraryBinTree@stdlib@media@modules@UModSys@@UBEXXZ 004033f0 f i umodsys_lib_libmedia:umodsys.mod.media.stdlib.obj
 0001:000023f0       ?ref_remove@RDataArchiver_OsDir@stdio@media@modules@UModSys@@UBEXXZ 004033f0 f i umodsys_lib_libmedia:umodsys.mod.media.stdio.obj
 0001:000023f0       ?ref_remove@RParameters@rsystem@base@UModSys@@UBEXXZ 004033f0 f i umodsys_lib_basesys:umodsys.basesys.rparameters.obj
 0001:000023f0       ?ref_remove@RLibraryBinCache@stdlib@media@modules@UModSys@@UBEXXZ 004033f0 f i umodsys_lib_libmedia:umodsys.mod.media.stdlib.obj
 0001:000023f0       ?ref_remove@RLibraryObjCache@stdlib@media@modules@UModSys@@UBEXXZ 004033f0 f i umodsys_lib_libmedia:umodsys.mod.media.stdlib.obj
 0001:000023f0       ?ref_remove@RLibraryObjFilter@stdlib@media@modules@UModSys@@UBEXXZ 004033f0 f i umodsys_lib_libmedia:umodsys.mod.media.stdlib.obj
 0001:00002400       ?suicide@RLibraryObjFilter@stdlib@media@modules@UModSys@@UAEXXZ 00403400 f i umodsys_lib_libmedia:umodsys.mod.media.stdlib.obj
 0001:00002400       ?suicide@RLibraryLayered@stdlib@media@modules@UModSys@@UAEXXZ 00403400 f i umodsys_lib_libmedia:umodsys.mod.media.stdlib.obj
 0001:00002400       ?suicide@RLibraryBinTree@stdlib@media@modules@UModSys@@UAEXXZ 00403400 f i umodsys_lib_libmedia:umodsys.mod.media.stdlib.obj
 0001:00002400       ?suicide@RLibraryBinCache@stdlib@media@modules@UModSys@@UAEXXZ 00403400 f i umodsys_lib_libmedia:umodsys.mod.media.stdlib.obj
 0001:00002400       ?suicide@RLibraryObjCache@stdlib@media@modules@UModSys@@UAEXXZ 00403400 f i umodsys_lib_libmedia:umodsys.mod.media.stdlib.obj
 0001:00002400       ?suicide@RDataArchiver_OsDir@stdio@media@modules@UModSys@@UAEXXZ 00403400 f i umodsys_lib_libmedia:umodsys.mod.media.stdio.obj
 0001:00002410       ?root_get_interface_info@RLibraryLayered@stdlib@media@modules@UModSys@@UBEABUSUniquePointerInfo@core@5@XZ 00403410 f i umodsys_lib_libmedia:umodsys.mod.media.stdlib.obj
 0001:00002420       ?root_get_interface_type@RLibraryLayered@stdlib@media@modules@UModSys@@UBEPBUSUniquePointerInfo@core@5@XZ 00403420 f i umodsys_lib_libmedia:umodsys.mod.media.stdlib.obj
 0001:00002430       ?root_get_other_interface@RLibraryLayered@stdlib@media@modules@UModSys@@UBEPBUIRoot@core@5@PBUSUniquePointerInfo@75@@Z 00403430 f i umodsys_lib_libmedia:umodsys.mod.media.stdlib.obj
 0001:00002430       ?root_get_other_interface@RLibraryLayered@stdlib@media@modules@UModSys@@UAEPAUIRoot@core@5@PBUSUniquePointerInfo@75@@Z 00403430 f i umodsys_lib_libmedia:umodsys.mod.media.stdlib.obj
 0001:00002470       ?root_is_interface_supported@RLibraryLayered@stdlib@media@modules@UModSys@@UBE_NPBUSUniquePointerInfo@core@5@@Z 00403470 f i umodsys_lib_libmedia:umodsys.mod.media.stdlib.obj
 0001:000024c0       ?ref_links@RParameters@rsystem@base@UModSys@@UBEHXZ 004034c0 f i umodsys_lib_basesys:umodsys.basesys.rparameters.obj
 0001:000024c0       ?ref_links@RLibraryBinCache@stdlib@media@modules@UModSys@@UBEHXZ 004034c0 f i umodsys_lib_libmedia:umodsys.mod.media.stdlib.obj
 0001:000024c0       ?ref_links@RLibraryObjCache@stdlib@media@modules@UModSys@@UBEHXZ 004034c0 f i umodsys_lib_libmedia:umodsys.mod.media.stdlib.obj
 0001:000024c0       ?ref_links@RLibraryLayered@stdlib@media@modules@UModSys@@UBEHXZ 004034c0 f i umodsys_lib_libmedia:umodsys.mod.media.stdlib.obj
 0001:000024c0       ?ref_links@RDataArchiver_OsDir@stdio@media@modules@UModSys@@UBEHXZ 004034c0 f i umodsys_lib_libmedia:umodsys.mod.media.stdio.obj
 0001:000024c0       ?ref_links@RLibraryObjFilter@stdlib@media@modules@UModSys@@UBEHXZ 004034c0 f i umodsys_lib_libmedia:umodsys.mod.media.stdlib.obj
 0001:000024c0       ?ref_links@RLibraryBinTree@stdlib@media@modules@UModSys@@UBEHXZ 004034c0 f i umodsys_lib_libmedia:umodsys.mod.media.stdlib.obj
 0001:000024d0       ??4SLayerX@RLibraryLayered@stdlib@media@modules@UModSys@@QAEXABUSLayer@ILibraryLayered@libmedia@5@@Z 004034d0 f i umodsys_lib_libmedia:umodsys.mod.media.stdlib.obj
 0001:00002560       ?root_get_interface_info@RLibraryObjCache@stdlib@media@modules@UModSys@@UBEABUSUniquePointerInfo@core@5@XZ 00403560 f i umodsys_lib_libmedia:umodsys.mod.media.stdlib.obj
 0001:00002570       ?root_get_interface_type@RLibraryObjCache@stdlib@media@modules@UModSys@@UBEPBUSUniquePointerInfo@core@5@XZ 00403570 f i umodsys_lib_libmedia:umodsys.mod.media.stdlib.obj
 0001:00002580       ?root_get_other_interface@RLibraryObjCache@stdlib@media@modules@UModSys@@UAEPAUIRoot@core@5@PBUSUniquePointerInfo@75@@Z 00403580 f i umodsys_lib_libmedia:umodsys.mod.media.stdlib.obj
 0001:00002580       ?root_get_other_interface@RLibraryObjCache@stdlib@media@modules@UModSys@@UBEPBUIRoot@core@5@PBUSUniquePointerInfo@75@@Z 00403580 f i umodsys_lib_libmedia:umodsys.mod.media.stdlib.obj
 0001:000025c0       ?root_is_interface_supported@RLibraryObjCache@stdlib@media@modules@UModSys@@UBE_NPBUSUniquePointerInfo@core@5@@Z 004035c0 f i umodsys_lib_libmedia:umodsys.mod.media.stdlib.obj
 0001:00002610       ??0SCacheElem@RLibraryBinCache@stdlib@media@modules@UModSys@@QAE@XZ 00403610 f i umodsys_lib_libmedia:umodsys.mod.media.stdlib.obj
 0001:00002610       ??0SCacheElem@RLibraryObjCache@stdlib@media@modules@UModSys@@QAE@XZ 00403610 f i umodsys_lib_libmedia:umodsys.mod.media.stdlib.obj
 0001:00002670       ?root_get_interface_info@RLibraryObjFilter@stdlib@media@modules@UModSys@@UBEABUSUniquePointerInfo@core@5@XZ 00403670 f i umodsys_lib_libmedia:umodsys.mod.media.stdlib.obj
 0001:00002680       ?root_get_interface_type@RLibraryObjFilter@stdlib@media@modules@UModSys@@UBEPBUSUniquePointerInfo@core@5@XZ 00403680 f i umodsys_lib_libmedia:umodsys.mod.media.stdlib.obj
 0001:00002690       ?root_get_other_interface@RLibraryObjFilter@stdlib@media@modules@UModSys@@UBEPBUIRoot@core@5@PBUSUniquePointerInfo@75@@Z 00403690 f i umodsys_lib_libmedia:umodsys.mod.media.stdlib.obj
 0001:00002690       ?root_get_other_interface@RLibraryObjFilter@stdlib@media@modules@UModSys@@UAEPAUIRoot@core@5@PBUSUniquePointerInfo@75@@Z 00403690 f i umodsys_lib_libmedia:umodsys.mod.media.stdlib.obj
 0001:000026d0       ?root_is_interface_supported@RLibraryObjFilter@stdlib@media@modules@UModSys@@UBE_NPBUSUniquePointerInfo@core@5@@Z 004036d0 f i umodsys_lib_libmedia:umodsys.mod.media.stdlib.obj
 0001:00002720       ?get_generated_names@RGenerator@stdlib@media@modules@UModSys@@UBEHAAUSUniquePtrList@core@5@@Z 00403720 f i umodsys_lib_libmedia:umodsys.mod.media.stdlib.obj
 0001:00002780       ?get_generated_types@RGenerator@stdlib@media@modules@UModSys@@UBEHAAUSUniquePtrList@core@5@PBUSUniquePointerInfo@75@@Z 00403780 f i umodsys_lib_libmedia:umodsys.mod.media.stdlib.obj
 0001:00002860       ?generate@RGenerator@stdlib@media@modules@UModSys@@UAE_NAAU?$TRefObject@UIRefObject@core@UModSys@@U?$TRefObjectFunc@UIRefObject@core@UModSys@@@tl@3@@tl@5@PBUSUniquePointerInfo@core@5@ABUSParameters@95@@Z 00403860 f i umodsys_lib_libmedia:umodsys.mod.media.stdlib.obj
 0001:00002910       ?root_get_interface_info@RGenerator@stdlib@media@modules@UModSys@@UBEABUSUniquePointerInfo@core@5@XZ 00403910 f i umodsys_lib_libmedia:umodsys.mod.media.stdlib.obj
 0001:00002920       ?root_get_interface_type@RGenerator@stdlib@media@modules@UModSys@@UBEPBUSUniquePointerInfo@core@5@XZ 00403920 f i umodsys_lib_libmedia:umodsys.mod.media.stdlib.obj
 0001:00002930       ?root_get_other_interface@RGenerator@stdlib@media@modules@UModSys@@UBEPBUIRoot@core@5@PBUSUniquePointerInfo@75@@Z 00403930 f i umodsys_lib_libmedia:umodsys.mod.media.stdlib.obj
 0001:00002930       ?root_get_other_interface@RGenerator@stdlib@media@modules@UModSys@@UAEPAUIRoot@core@5@PBUSUniquePointerInfo@75@@Z 00403930 f i umodsys_lib_libmedia:umodsys.mod.media.stdlib.obj
 0001:00002970       ?root_is_interface_supported@RGenerator@stdlib@media@modules@UModSys@@UBE_NPBUSUniquePointerInfo@core@5@@Z 00403970 f i umodsys_lib_libmedia:umodsys.mod.media.stdlib.obj
 0001:000029b0       ?ref_remove@RGenerator@stdlib@media@modules@UModSys@@UBEXXZ 004039b0 f i umodsys_lib_libmedia:umodsys.mod.media.stdlib.obj
 0001:000029b0       ?ref_remove@RUtilities@stdlib@media@modules@UModSys@@UBEXXZ 004039b0 f i umodsys_lib_libmedia:umodsys.mod.media.stdlib.obj
 0001:000029b0       ?ref_remove@RStreamReader_FILE@stdio@media@modules@UModSys@@UBEXXZ 004039b0 f i umodsys_lib_libmedia:umodsys.mod.media.stdio.obj
 0001:000029b0       ?ref_remove@RGenerator@stdio@media@modules@UModSys@@UBEXXZ 004039b0 f i umodsys_lib_libmedia:umodsys.mod.media.stdio.obj
 0001:000029b0       ?ref_remove@RStreamWriter_FILE@stdio@media@modules@UModSys@@UBEXXZ 004039b0 f i umodsys_lib_libmedia:umodsys.mod.media.stdio.obj
 0001:000029c0       ?ref_weak@RStreamReader_FILE@stdio@media@modules@UModSys@@UBE_NAAUWeakPointer@IRefObject@core@5@@Z 004039c0 f i umodsys_lib_libmedia:umodsys.mod.media.stdio.obj
 0001:000029c0       ?ref_weak@RStreamWriter_FILE@stdio@media@modules@UModSys@@UBE_NAAUWeakPointer@IRefObject@core@5@@Z 004039c0 f i umodsys_lib_libmedia:umodsys.mod.media.stdio.obj
 0001:000029c0       ?ref_weak@RGenerator@stdio@media@modules@UModSys@@UBE_NAAUWeakPointer@IRefObject@core@5@@Z 004039c0 f i umodsys_lib_libmedia:umodsys.mod.media.stdio.obj
 0001:000029c0       ?ref_weak@RUtilities@stdlib@media@modules@UModSys@@UBE_NAAUWeakPointer@IRefObject@core@5@@Z 004039c0 f i umodsys_lib_libmedia:umodsys.mod.media.stdlib.obj
 0001:000029c0       ?ref_weak@RGenerator@stdlib@media@modules@UModSys@@UBE_NAAUWeakPointer@IRefObject@core@5@@Z 004039c0 f i umodsys_lib_libmedia:umodsys.mod.media.stdlib.obj
 0001:000029e0       ?suicide@RGenerator@stdlib@media@modules@UModSys@@UAEXXZ 004039e0 f i umodsys_lib_libmedia:umodsys.mod.media.stdlib.obj
 0001:000029e0       ??3@YAXPAX0@Z              004039e0 f i umodsys_lib_libmedia:umodsys.mod.media.stdio.obj
 0001:000029e0       ?suicide@RGenerator@stdio@media@modules@UModSys@@UAEXXZ 004039e0 f i umodsys_lib_libmedia:umodsys.mod.media.stdio.obj
 0001:000029f0       ?get_uid@RGenerator@stdlib@media@modules@UModSys@@UBEPBUSUniquePointerInfo@core@5@XZ 004039f0 f i umodsys_lib_libmedia:umodsys.mod.media.stdlib.obj
 0001:00002a00       ??_ERUtilities@stdlib@media@modules@UModSys@@UAEPAXI@Z 00403a00 f i  CIL library: CIL module
 0001:00002a00       ??_GRUtilities@stdlib@media@modules@UModSys@@UAEPAXI@Z 00403a00 f i umodsys_lib_libmedia:umodsys.mod.media.stdlib.obj
 0001:00002a20       ??_ERBinArchiveFrame@stdlib@media@modules@UModSys@@UAEPAXI@Z 00403a20 f i  CIL library: CIL module
 0001:00002a20       ??_GRBinArchiveFrame@stdlib@media@modules@UModSys@@UAEPAXI@Z 00403a20 f i umodsys_lib_libmedia:umodsys.mod.media.stdlib.obj
 0001:00002a40       ??1IBinArchiveFrame@libmedia@UModSys@@UAE@XZ 00403a40 f i umodsys_lib_libmedia:umodsys.mod.media.stdlib.obj
 0001:00002ae0       ??_ERLibraryBinTree@stdlib@media@modules@UModSys@@UAEPAXI@Z 00403ae0 f i  CIL library: CIL module
 0001:00002ae0       ??_GRLibraryBinTree@stdlib@media@modules@UModSys@@UAEPAXI@Z 00403ae0 f i umodsys_lib_libmedia:umodsys.mod.media.stdlib.obj
 0001:00002b00       ??_GRLibraryBinCache@stdlib@media@modules@UModSys@@UAEPAXI@Z 00403b00 f i umodsys_lib_libmedia:umodsys.mod.media.stdlib.obj
 0001:00002b00       ??_ERLibraryBinCache@stdlib@media@modules@UModSys@@UAEPAXI@Z 00403b00 f i  CIL library: CIL module
 0001:00002b20       ??_GRLibraryLayered@stdlib@media@modules@UModSys@@UAEPAXI@Z 00403b20 f i umodsys_lib_libmedia:umodsys.mod.media.stdlib.obj
 0001:00002b20       ??_ERLibraryLayered@stdlib@media@modules@UModSys@@UAEPAXI@Z 00403b20 f i  CIL library: CIL module
 0001:00002b40       ??_ERLibraryObjCache@stdlib@media@modules@UModSys@@UAEPAXI@Z 00403b40 f i  CIL library: CIL module
 0001:00002b40       ??_GRLibraryObjCache@stdlib@media@modules@UModSys@@UAEPAXI@Z 00403b40 f i umodsys_lib_libmedia:umodsys.mod.media.stdlib.obj
 0001:00002b60       ??_ERLibraryObjFilter@stdlib@media@modules@UModSys@@UAEPAXI@Z 00403b60 f i  CIL library: CIL module
 0001:00002b60       ??_GRLibraryObjFilter@stdlib@media@modules@UModSys@@UAEPAXI@Z 00403b60 f i umodsys_lib_libmedia:umodsys.mod.media.stdlib.obj
 0001:00002b80       ?do_open@RModuleReg@stdlib@media@modules@UModSys@@UAE_NXZ 00403b80 f i umodsys_lib_libmedia:umodsys.mod.media.stdlib.obj
 0001:00002b90       ?do_close@RModuleReg@stdlib@media@modules@UModSys@@UAE_NXZ 00403b90 f i umodsys_lib_libmedia:umodsys.mod.media.stdlib.obj
 0001:00002ba0       ??_GRModuleReg@stdlib@media@modules@UModSys@@UAEPAXI@Z 00403ba0 f i umodsys_lib_libmedia:umodsys.mod.media.stdlib.obj
 0001:00002ba0       ??_ERModuleReg@stdlib@media@modules@UModSys@@UAEPAXI@Z 00403ba0 f i  CIL library: CIL module
 0001:00002bd0       ?cat@?$TSCoreBuffer@D@su@tl@UModSys@@QAE_NPBDI@Z 00403bd0 f i umodsys_lib_libmedia:umodsys.mod.media.stdlib.obj
 0001:00002c10       ??4?$TString@U?$TSCoreConst@D@su@tl@UModSys@@U?$TComparerBinaryHash@D@234@@tl@UModSys@@QAEABU012@PBD@Z 00403c10 f i umodsys_lib_libmedia:umodsys.mod.media.stdlib.obj
 0001:00002c50       ??4?$TRefObject@UIStreamWriter@libmedia@UModSys@@U?$TRefObjectFunc@UIStreamWriter@libmedia@UModSys@@@tl@3@@tl@UModSys@@QAEABU012@ABU012@@Z 00403c50 f i umodsys_lib_libmedia:umodsys.mod.media.stdlib.obj
 0001:00002c80       ??0?$TString@U?$TSCoreShared@USIMemAlloc@core@UModSys@@D@su@tl@UModSys@@U?$TComparerBinaryHash@D@234@@tl@UModSys@@QAE@ABU?$TSCoreConst@D@su@12@@Z 00403c80 f i umodsys_lib_libmedia:umodsys.mod.media.stdlib.obj
 0001:00002d30       ?is_null@?$TSCoreShared@USIMemAlloc@core@UModSys@@D@su@tl@UModSys@@QBE_NXZ 00403d30 f i umodsys_lib_libmedia:umodsys.mod.media.stdlib.obj
 0001:00002d80       ??0?$TStringBuf@U?$TSCoreShared@USIMemAlloc@core@UModSys@@D@su@tl@UModSys@@U?$TComparerBinaryHash@D@234@@tl@UModSys@@QAE@XZ 00403d80 f i umodsys_lib_libmedia:umodsys.mod.media.stdlib.obj
 0001:00002dd0       ??1?$TTreeHoldRBD@UNameNode@IBinArchiveFrame@libmedia@UModSys@@U?$TNodeDeleter0@UNameNode@IBinArchiveFrame@libmedia@UModSys@@@tl@4@@tl@UModSys@@QAE@XZ 00403dd0 f i umodsys_lib_libmedia:umodsys.mod.media.stdlib.obj
 0001:00002e20       ?set_length@?$TStringBuf@U?$TSCoreShared@USIMemAlloc@core@UModSys@@D@su@tl@UModSys@@U?$TComparerBinaryHash@D@234@@tl@UModSys@@QAEXI@Z 00403e20 f i umodsys_lib_libmedia:umodsys.mod.media.stdlib.obj
 0001:00002e80       ??_ERGenerator@stdlib@media@modules@UModSys@@UAEPAXI@Z 00403e80 f i  CIL library: CIL module
 0001:00002e80       ??_GIRefObject@core@UModSys@@UAEPAXI@Z 00403e80 f i umodsys_lib_libmedia:umodsys.mod.media.stdio.obj
 0001:00002e80       ??_ERGenerator@stdio@media@modules@UModSys@@UAEPAXI@Z 00403e80 f i  CIL library: CIL module
 0001:00002e80       ??_EIRefObject@core@UModSys@@UAEPAXI@Z 00403e80 f i  CIL library: CIL module
 0001:00002e80       ??_GRGenerator@stdlib@media@modules@UModSys@@UAEPAXI@Z 00403e80 f i umodsys_lib_libmedia:umodsys.mod.media.stdlib.obj
 0001:00002e80       ??_GRGenerator@stdio@media@modules@UModSys@@UAEPAXI@Z 00403e80 f i umodsys_lib_libmedia:umodsys.mod.media.stdio.obj
 0001:00002ea0       ?remove_node@?$TTreeHoldRB@U?$TScatterArrayNode@USCacheElem@RLibraryObjCache@stdlib@media@modules@UModSys@@U?$TString@U?$TSCoreConst@D@su@tl@UModSys@@U?$TComparerBinaryHash@D@234@@tl@6@@tl@UModSys@@@tl@UModSys@@QAEXPAU?$TScatterArrayNode@USCacheElem@RLibraryObjCache@stdlib@media@modules@UModSys@@U?$TString@U?$TSCoreConst@D@su@tl@UModSys@@U?$TComparerBinaryHash@D@234@@tl@6@@23@@Z 00403ea0 f i umodsys_lib_libmedia:umodsys.mod.media.stdlib.obj
 0001:00002ea0       ?remove_node@?$TTreeHoldRB@U?$TScatterArrayNode@USCacheElem@RLibraryBinCache@stdlib@media@modules@UModSys@@U?$TString@U?$TSCoreConst@D@su@tl@UModSys@@U?$TComparerBinaryHash@D@234@@tl@6@@tl@UModSys@@@tl@UModSys@@QAEXPAU?$TScatterArrayNode@USCacheElem@RLibraryBinCache@stdlib@media@modules@UModSys@@U?$TString@U?$TSCoreConst@D@su@tl@UModSys@@U?$TComparerBinaryHash@D@234@@tl@6@@23@@Z 00403ea0 f i umodsys_lib_libmedia:umodsys.mod.media.stdlib.obj
 0001:00002ea0       ?remove_node@?$TTreeHoldRB@U?$TScatterArrayNode@USMountInfo@RLibraryBinTree@stdlib@media@modules@UModSys@@USId@ILibraryBinTree@libmedia@6@@tl@UModSys@@@tl@UModSys@@QAEXPAU?$TScatterArrayNode@USMountInfo@RLibraryBinTree@stdlib@media@modules@UModSys@@USId@ILibraryBinTree@libmedia@6@@23@@Z 00403ea0 f i umodsys_lib_libmedia:umodsys.mod.media.stdlib.obj
 0001:00002ea0       ?remove_node@?$TTreeHoldRB@UNameNode@IBinArchiveFrame@libmedia@UModSys@@@tl@UModSys@@QAEXPAUNameNode@IBinArchiveFrame@libmedia@3@@Z 00403ea0 f i umodsys_lib_libmedia:umodsys.mod.media.stdlib.obj
 0001:00002ea0       ?remove_node@?$TTreeHoldRB@U?$TScatterArrayNode@USFilter@RLibraryObjFilter@stdlib@media@modules@UModSys@@USId@23456@@tl@UModSys@@@tl@UModSys@@QAEXPAU?$TScatterArrayNode@USFilter@RLibraryObjFilter@stdlib@media@modules@UModSys@@USId@23456@@23@@Z 00403ea0 f i umodsys_lib_libmedia:umodsys.mod.media.stdlib.obj
 0001:00002f90       ??1?$TPair@USId@ILibraryBinTree@libmedia@UModSys@@USMountInfo@RLibraryBinTree@stdlib@media@modules@4@@tl@UModSys@@QAE@XZ 00403f90 f i umodsys_lib_libmedia:umodsys.mod.media.stdlib.obj
 0001:00002fa0       ??1?$TPair@U?$TString@U?$TSCoreConst@D@su@tl@UModSys@@U?$TComparerBinaryHash@D@234@@tl@UModSys@@USCacheElem@RLibraryBinCache@stdlib@media@modules@3@@tl@UModSys@@QAE@XZ 00403fa0 f i umodsys_lib_libmedia:umodsys.mod.media.stdlib.obj
 0001:00002fb0       ??1?$TPair@U?$TString@U?$TSCoreConst@D@su@tl@UModSys@@U?$TComparerBinaryHash@D@234@@tl@UModSys@@USCacheElem@RLibraryObjCache@stdlib@media@modules@3@@tl@UModSys@@QAE@XZ 00403fb0 f i umodsys_lib_libmedia:umodsys.mod.media.stdlib.obj
 0001:00002fc0       ??1?$TPair@USId@RLibraryObjFilter@stdlib@media@modules@UModSys@@USFilter@23456@@tl@UModSys@@QAE@XZ 00403fc0 f i umodsys_lib_libmedia:umodsys.mod.media.stdlib.obj
 0001:00002fe0       ??1SMountInfo@RLibraryBinTree@stdlib@media@modules@UModSys@@QAE@XZ 00403fe0 f i umodsys_lib_libmedia:umodsys.mod.media.stdlib.obj
 0001:00003040       ??1SCacheElem@RLibraryBinCache@stdlib@media@modules@UModSys@@QAE@XZ 00404040 f i umodsys_lib_libmedia:umodsys.mod.media.stdlib.obj
 0001:000030a0       ??1SCacheElem@RLibraryObjCache@stdlib@media@modules@UModSys@@QAE@XZ 004040a0 f i umodsys_lib_libmedia:umodsys.mod.media.stdlib.obj
 0001:00003100       ?info_alloc@?$TSCoreShared@USIMemAlloc@core@UModSys@@D@su@tl@UModSys@@QAE_NI@Z 00404100 f i umodsys_lib_libmedia:umodsys.mod.media.stdlib.obj
 0001:00003170       ?ResizeRel@?$TDynarray@U?$TDynarrayHolderDynamic@UBuffer@RUtilities@stdlib@media@modules@UModSys@@U?$TAllocator@USIMemAlloc@core@UModSys@@USCountCalcPower2@23@@tl@6@@tl@UModSys@@@tl@UModSys@@QAE_NH@Z 00404170 f i umodsys_lib_libmedia:umodsys.mod.media.stdlib.obj
 0001:000031d0       ?obj_delete@?$TRefObjectLinksModObject@URUtilities@stdlib@media@modules@UModSys@@UIModObject@base@5@@tl@UModSys@@QBEXPAURUtilities@stdlib@media@modules@3@@Z 004041d0 f i umodsys_lib_libmedia:umodsys.mod.media.stdlib.obj
 0001:000031d0       ?obj_delete@?$TRefObjectLinksModObject@URLibraryBinTree@stdlib@media@modules@UModSys@@UIModObject@base@5@@tl@UModSys@@QBEXPAURLibraryBinTree@stdlib@media@modules@3@@Z 004041d0 f i umodsys_lib_libmedia:umodsys.mod.media.stdlib.obj
 0001:000031d0       ?obj_delete@?$TRefObjectLinksModObject@URBinArchiveFrame@stdlib@media@modules@UModSys@@UIModObject@base@5@@tl@UModSys@@QBEXPAURBinArchiveFrame@stdlib@media@modules@3@@Z 004041d0 f i umodsys_lib_libmedia:umodsys.mod.media.stdlib.obj
 0001:000031d0       ?obj_delete@?$TRefObjectLinksModObject@URLibraryObjFilter@stdlib@media@modules@UModSys@@UIModObject@base@5@@tl@UModSys@@QBEXPAURLibraryObjFilter@stdlib@media@modules@3@@Z 004041d0 f i umodsys_lib_libmedia:umodsys.mod.media.stdlib.obj
 0001:000031d0       ?obj_delete@?$TRefObjectLinksModObject@URStreamReader_FILE@stdio@media@modules@UModSys@@UIModObject@base@5@@tl@UModSys@@QBEXPAURStreamReader_FILE@stdio@media@modules@3@@Z 004041d0 f i umodsys_lib_libmedia:umodsys.mod.media.stdio.obj
 0001:000031d0       ?obj_delete@?$TRefObjectLinksModObject@URLibraryLayered@stdlib@media@modules@UModSys@@UIModObject@base@5@@tl@UModSys@@QBEXPAURLibraryLayered@stdlib@media@modules@3@@Z 004041d0 f i umodsys_lib_libmedia:umodsys.mod.media.stdlib.obj
 0001:000031d0       ?obj_delete@?$TRefObjectLinksModObject@URDataArchiver_OsDir@stdio@media@modules@UModSys@@UIModObject@base@5@@tl@UModSys@@QBEXPAURDataArchiver_OsDir@stdio@media@modules@3@@Z 004041d0 f i umodsys_lib_libmedia:umodsys.mod.media.stdio.obj
 0001:000031d0       ?obj_delete@?$TRefObjectLinksModObject@URLibraryBinCache@stdlib@media@modules@UModSys@@UIModObject@base@5@@tl@UModSys@@QBEXPAURLibraryBinCache@stdlib@media@modules@3@@Z 004041d0 f i umodsys_lib_libmedia:umodsys.mod.media.stdlib.obj
 0001:000031d0       ?obj_delete@?$TRefObjectLinksModObject@URStreamWriter_FILE@stdio@media@modules@UModSys@@UIModObject@base@5@@tl@UModSys@@QBEXPAURStreamWriter_FILE@stdio@media@modules@3@@Z 004041d0 f i umodsys_lib_libmedia:umodsys.mod.media.stdio.obj
 0001:000031d0       ?obj_delete@?$TRefObjectLinksModObject@URLibraryObjCache@stdlib@media@modules@UModSys@@UIModObject@base@5@@tl@UModSys@@QBEXPAURLibraryObjCache@stdlib@media@modules@3@@Z 004041d0 f i umodsys_lib_libmedia:umodsys.mod.media.stdlib.obj
 0001:00003240       ??$new_node@U?$TString@U?$TSCoreConst@D@su@tl@UModSys@@U?$TComparerUtfNocaseHash@D@234@@tl@UModSys@@@RBinArchiveFrame@stdlib@media@modules@UModSys@@SAPAUNameNode@IBinArchiveFrame@libmedia@4@ABU?$TString@U?$TSCoreConst@D@su@tl@UModSys@@U?$TComparerUtfNocaseHash@D@234@@tl@4@HPAUSMem@core@4@@Z 00404240 f i umodsys_lib_libmedia:umodsys.mod.media.stdlib.obj
 0001:000032c0       ??$new_node@U?$TString@U?$TSCoreConst@D@su@tl@UModSys@@U?$TComparerBinaryHash@D@234@@tl@UModSys@@@RBinArchiveFrame@stdlib@media@modules@UModSys@@SAPAUNameNode@IBinArchiveFrame@libmedia@4@ABU?$TString@U?$TSCoreConst@D@su@tl@UModSys@@U?$TComparerBinaryHash@D@234@@tl@4@HPAUSMem@core@4@@Z 004042c0 f i umodsys_lib_libmedia:umodsys.mod.media.stdlib.obj
 0001:00003340       ?remove_color@?$TTreeHoldRB@U?$TScatterArrayNode@USCacheElem@RLibraryBinCache@stdlib@media@modules@UModSys@@U?$TString@U?$TSCoreConst@D@su@tl@UModSys@@U?$TComparerBinaryHash@D@234@@tl@6@@tl@UModSys@@@tl@UModSys@@IAEXPAU?$TScatterArrayNode@USCacheElem@RLibraryBinCache@stdlib@media@modules@UModSys@@U?$TString@U?$TSCoreConst@D@su@tl@UModSys@@U?$TComparerBinaryHash@D@234@@tl@6@@23@0@Z 00404340 f i umodsys_lib_libmedia:umodsys.mod.media.stdlib.obj
 0001:00003340       ?remove_color@?$TTreeHoldRB@U?$TScatterArrayNode@USCacheElem@RLibraryObjCache@stdlib@media@modules@UModSys@@U?$TString@U?$TSCoreConst@D@su@tl@UModSys@@U?$TComparerBinaryHash@D@234@@tl@6@@tl@UModSys@@@tl@UModSys@@IAEXPAU?$TScatterArrayNode@USCacheElem@RLibraryObjCache@stdlib@media@modules@UModSys@@U?$TString@U?$TSCoreConst@D@su@tl@UModSys@@U?$TComparerBinaryHash@D@234@@tl@6@@23@0@Z 00404340 f i umodsys_lib_libmedia:umodsys.mod.media.stdlib.obj
 0001:00003340       ?remove_color@?$TTreeHoldRB@UNameNode@IBinArchiveFrame@libmedia@UModSys@@@tl@UModSys@@IAEXPAUNameNode@IBinArchiveFrame@libmedia@3@0@Z 00404340 f i umodsys_lib_libmedia:umodsys.mod.media.stdlib.obj
 0001:00003340       ?remove_color@?$TTreeHoldRB@U?$TScatterArrayNode@USMountInfo@RLibraryBinTree@stdlib@media@modules@UModSys@@USId@ILibraryBinTree@libmedia@6@@tl@UModSys@@@tl@UModSys@@IAEXPAU?$TScatterArrayNode@USMountInfo@RLibraryBinTree@stdlib@media@modules@UModSys@@USId@ILibraryBinTree@libmedia@6@@23@0@Z 00404340 f i umodsys_lib_libmedia:umodsys.mod.media.stdlib.obj
 0001:00003340       ?remove_color@?$TTreeHoldRB@U?$TScatterArrayNode@USFilter@RLibraryObjFilter@stdlib@media@modules@UModSys@@USId@23456@@tl@UModSys@@@tl@UModSys@@IAEXPAU?$TScatterArrayNode@USFilter@RLibraryObjFilter@stdlib@media@modules@UModSys@@USId@23456@@23@0@Z 00404340 f i umodsys_lib_libmedia:umodsys.mod.media.stdlib.obj
 0001:000034c0       ?ResizeRel@?$TDynarray@U?$TDynarrayHolderDynamic@USLayerX@RLibraryLayered@stdlib@media@modules@UModSys@@U?$TAllocator@USIMemAlloc@core@UModSys@@USCountCalcPower2@23@@tl@6@@tl@UModSys@@@tl@UModSys@@QAE_NH@Z 004044c0 f i umodsys_lib_libmedia:umodsys.mod.media.stdlib.obj
 0001:00003530       ?InsertAt@?$TDynarray@U?$TDynarrayHolderDynamic@USLayerX@RLibraryLayered@stdlib@media@modules@UModSys@@U?$TAllocator@USIMemAlloc@core@UModSys@@USCountCalcPower2@23@@tl@6@@tl@UModSys@@@tl@UModSys@@QAE_NII@Z 00404530 f i umodsys_lib_libmedia:umodsys.mod.media.stdlib.obj
 0001:00003590       ??$t_types@URLibraryBinTree@stdlib@media@modules@UModSys@@@IGenerator@base@UModSys@@KA_NAAHAAUSUniquePtrList@core@2@PBUSUniquePointerInfo@42@@Z 00404590 f i umodsys_lib_libmedia:umodsys.mod.media.stdlib.obj
 0001:000035f0       ??$t_types@URLibraryLayered@stdlib@media@modules@UModSys@@@IGenerator@base@UModSys@@KA_NAAHAAUSUniquePtrList@core@2@PBUSUniquePointerInfo@42@@Z 004045f0 f i umodsys_lib_libmedia:umodsys.mod.media.stdlib.obj
 0001:00003650       ??$t_types@URLibraryObjFilter@stdlib@media@modules@UModSys@@@IGenerator@base@UModSys@@KA_NAAHAAUSUniquePtrList@core@2@PBUSUniquePointerInfo@42@@Z 00404650 f i umodsys_lib_libmedia:umodsys.mod.media.stdlib.obj
 0001:000036b0       ??$t_types@URLibraryObjCache@stdlib@media@modules@UModSys@@@IGenerator@base@UModSys@@KA_NAAHAAUSUniquePtrList@core@2@PBUSUniquePointerInfo@42@@Z 004046b0 f i umodsys_lib_libmedia:umodsys.mod.media.stdlib.obj
 0001:00003710       ??$t_types@URBinArchiveFrame@stdlib@media@modules@UModSys@@@IGenerator@base@UModSys@@KA_NAAHAAUSUniquePtrList@core@2@PBUSUniquePointerInfo@42@@Z 00404710 f i umodsys_lib_libmedia:umodsys.mod.media.stdlib.obj
 0001:00003770       ??$t_types@URUtilities@stdlib@media@modules@UModSys@@@IGenerator@base@UModSys@@KA_NAAHAAUSUniquePtrList@core@2@PBUSUniquePointerInfo@42@@Z 00404770 f i umodsys_lib_libmedia:umodsys.mod.media.stdlib.obj
 0001:000037b0       ??$t_gen_param@URLibraryBinCache@stdlib@media@modules@UModSys@@URGenerator@2345@@IGenerator@base@UModSys@@IAE_NPAURGenerator@stdlib@media@modules@2@AAU?$TRefObject@UIRefObject@core@UModSys@@U?$TRefObjectFunc@UIRefObject@core@UModSys@@@tl@3@@tl@2@PBUSUniquePointerInfo@core@2@ABUSParameters@core@2@@Z 004047b0 f i umodsys_lib_libmedia:umodsys.mod.media.stdlib.obj
 0001:00003820       ??$t_gen_param@URLibraryBinTree@stdlib@media@modules@UModSys@@URGenerator@2345@@IGenerator@base@UModSys@@IAE_NPAURGenerator@stdlib@media@modules@2@AAU?$TRefObject@UIRefObject@core@UModSys@@U?$TRefObjectFunc@UIRefObject@core@UModSys@@@tl@3@@tl@2@PBUSUniquePointerInfo@core@2@ABUSParameters@core@2@@Z 00404820 f i umodsys_lib_libmedia:umodsys.mod.media.stdlib.obj
 0001:00003890       ??$t_gen_param@URLibraryLayered@stdlib@media@modules@UModSys@@URGenerator@2345@@IGenerator@base@UModSys@@IAE_NPAURGenerator@stdlib@media@modules@2@AAU?$TRefObject@UIRefObject@core@UModSys@@U?$TRefObjectFunc@UIRefObject@core@UModSys@@@tl@3@@tl@2@PBUSUniquePointerInfo@core@2@ABUSParameters@core@2@@Z 00404890 f i umodsys_lib_libmedia:umodsys.mod.media.stdlib.obj
 0001:00003900       ??$t_gen_param@URLibraryObjFilter@stdlib@media@modules@UModSys@@URGenerator@2345@@IGenerator@base@UModSys@@IAE_NPAURGenerator@stdlib@media@modules@2@AAU?$TRefObject@UIRefObject@core@UModSys@@U?$TRefObjectFunc@UIRefObject@core@UModSys@@@tl@3@@tl@2@PBUSUniquePointerInfo@core@2@ABUSParameters@core@2@@Z 00404900 f i umodsys_lib_libmedia:umodsys.mod.media.stdlib.obj
 0001:00003970       ??$t_gen_param@URLibraryObjCache@stdlib@media@modules@UModSys@@URGenerator@2345@@IGenerator@base@UModSys@@IAE_NPAURGenerator@stdlib@media@modules@2@AAU?$TRefObject@UIRefObject@core@UModSys@@U?$TRefObjectFunc@UIRefObject@core@UModSys@@@tl@3@@tl@2@PBUSUniquePointerInfo@core@2@ABUSParameters@core@2@@Z 00404970 f i umodsys_lib_libmedia:umodsys.mod.media.stdlib.obj
 0001:000039e0       ??$t_gen_param@URBinArchiveFrame@stdlib@media@modules@UModSys@@URGenerator@2345@@IGenerator@base@UModSys@@IAE_NPAURGenerator@stdlib@media@modules@2@AAU?$TRefObject@UIRefObject@core@UModSys@@U?$TRefObjectFunc@UIRefObject@core@UModSys@@@tl@3@@tl@2@PBUSUniquePointerInfo@core@2@ABUSParameters@core@2@@Z 004049e0 f i umodsys_lib_libmedia:umodsys.mod.media.stdlib.obj
 0001:00003a60       ??$t_gen_param@URUtilities@stdlib@media@modules@UModSys@@URGenerator@2345@@IGenerator@base@UModSys@@IAE_NPAURGenerator@stdlib@media@modules@2@AAU?$TRefObject@UIRefObject@core@UModSys@@U?$TRefObjectFunc@UIRefObject@core@UModSys@@@tl@3@@tl@2@PBUSUniquePointerInfo@core@2@ABUSParameters@core@2@@Z 00404a60 f i umodsys_lib_libmedia:umodsys.mod.media.stdlib.obj
 0001:00003ad0       ??$wildcmp@D@su@tl@UModSys@@YA_NPBD0@Z 00404ad0 f i umodsys_lib_libmedia:umodsys.mod.media.stdlib.obj
 0001:00003b70       ??$ref_get@UIClient@IBinArchiveFrame@libmedia@UModSys@@@SParameters@core@UModSys@@QBE_NPBDAAPAUIClient@IBinArchiveFrame@libmedia@2@@Z 00404b70 f i umodsys_lib_libmedia:umodsys.mod.media.stdlib.obj
 0001:00003bc0       ??$ref_get@UILibrary@libmedia@UModSys@@U?$TRefObjectFunc@UILibrary@libmedia@UModSys@@@tl@3@@SParameters@core@UModSys@@QBE_NPBDAAU?$TRefObject@UILibrary@libmedia@UModSys@@U?$TRefObjectFunc@UILibrary@libmedia@UModSys@@@tl@3@@tl@2@@Z 00404bc0 f i umodsys_lib_libmedia:umodsys.mod.media.stdlib.obj
 0001:00003c00       ??$t_ref_get_other_interface@UIStreamReader@libmedia@UModSys@@U?$TRefObjectFunc@UIStreamReader@libmedia@UModSys@@@tl@3@@IRefObject@core@UModSys@@QAE_NAAU?$TRefObject@UIStreamReader@libmedia@UModSys@@U?$TRefObjectFunc@UIStreamReader@libmedia@UModSys@@@tl@3@@tl@2@@Z 00404c00 f i umodsys_lib_libmedia:umodsys.mod.media.stdlib.obj
 0001:00003c40       ??$remove_seq@P6A_NPAUNameNode@IBinArchiveFrame@libmedia@UModSys@@@Z@?$TTreeHoldRB@UNameNode@IBinArchiveFrame@libmedia@UModSys@@@tl@UModSys@@QAEHP6A_NPAUNameNode@IBinArchiveFrame@libmedia@2@@Z@Z 00404c40 f i umodsys_lib_libmedia:umodsys.mod.media.stdlib.obj
 0001:00003cc0       ??$gen_node@UNameNodeCmpUC@IBinArchiveFrame@libmedia@UModSys@@UNN_Add@RBinArchiveFrame@stdlib@media@modules@4@@?$TTreeHoldRB@UNameNode@IBinArchiveFrame@libmedia@UModSys@@@tl@UModSys@@QAEPAUNameNode@IBinArchiveFrame@libmedia@2@UNameNodeCmpUC@452@ABUNN_Add@RBinArchiveFrame@stdlib@media@modules@2@PAPAU3452@2_N@Z 00404cc0 f i umodsys_lib_libmedia:umodsys.mod.media.stdlib.obj
 0001:00003dc0       ??$gen_node@UNameNodeCmpC@IBinArchiveFrame@libmedia@UModSys@@UNN_Add@RBinArchiveFrame@stdlib@media@modules@4@@?$TTreeHoldRB@UNameNode@IBinArchiveFrame@libmedia@UModSys@@@tl@UModSys@@QAEPAUNameNode@IBinArchiveFrame@libmedia@2@UNameNodeCmpC@452@ABUNN_Add@RBinArchiveFrame@stdlib@media@modules@2@PAPAU3452@2_N@Z 00404dc0 f i umodsys_lib_libmedia:umodsys.mod.media.stdlib.obj
 0001:00003ec0       ??$find_node_u@UNameNodeCmpUC@IBinArchiveFrame@libmedia@UModSys@@@?$TTreeHoldRB@UNameNode@IBinArchiveFrame@libmedia@UModSys@@@tl@UModSys@@QBEPAUNameNode@IBinArchiveFrame@libmedia@2@UNameNodeCmpUC@452@@Z 00404ec0 f i umodsys_lib_libmedia:umodsys.mod.media.stdlib.obj
 0001:00003f50       ??$find_node_u@UNameNodeCmpC@IBinArchiveFrame@libmedia@UModSys@@@?$TTreeHoldRB@UNameNode@IBinArchiveFrame@libmedia@UModSys@@@tl@UModSys@@QBEPAUNameNode@IBinArchiveFrame@libmedia@2@UNameNodeCmpC@452@@Z 00404f50 f i umodsys_lib_libmedia:umodsys.mod.media.stdlib.obj
 0001:00003fe0       ??$genx_node@UCmp@?$TScatterArray@USMountInfo@RLibraryBinTree@stdlib@media@modules@UModSys@@USId@ILibraryBinTree@libmedia@6@U7896@U?$TNodeDeleter0@U?$TScatterArrayNode@USMountInfo@RLibraryBinTree@stdlib@media@modules@UModSys@@USId@ILibraryBinTree@libmedia@6@@tl@UModSys@@@tl@6@@tl@UModSys@@UGen0@234@@?$TTreeHoldRBD@U?$TScatterArrayNode@USMountInfo@RLibraryBinTree@stdlib@media@modules@UModSys@@USId@ILibraryBinTree@libmedia@6@@tl@UModSys@@U?$TNodeDeleter0@U?$TScatterArrayNode@USMountInfo@RLibraryBinTree@stdlib@media@modules@UModSys@@USId@ILibraryBinTree@libmedia@6@@tl@UModSys@@@23@@tl@UModSys@@QAEPAU?$TScatterArrayNode@USMountInfo@RLibraryBinTree@stdlib@media@modules@UModSys@@USId@ILibraryBinTree@libmedia@6@@12@UCmp@?$TScatterArray@USMountInfo@RLibraryBinTree@stdlib@media@modules@UModSys@@USId@ILibraryBinTree@libmedia@6@U7896@U?$TNodeDeleter0@U?$TScatterArrayNode@USMountInfo@RLibraryBinTree@stdlib@media@modules@UModSys@@USId@ILibraryBinTree@libmedia@6@@tl@UModSys@@@tl@6@@12@ABUGen0@512@PAPAU312@2_N@Z 00404fe0 f i umodsys_lib_libmedia:umodsys.mod.media.stdlib.obj
 0001:000040e0       ??$find_node_u@UCmp@?$TScatterArray@USMountInfo@RLibraryBinTree@stdlib@media@modules@UModSys@@USId@ILibraryBinTree@libmedia@6@U7896@U?$TNodeDeleter0@U?$TScatterArrayNode@USMountInfo@RLibraryBinTree@stdlib@media@modules@UModSys@@USId@ILibraryBinTree@libmedia@6@@tl@UModSys@@@tl@6@@tl@UModSys@@@?$TTreeHoldRB@U?$TScatterArrayNode@USMountInfo@RLibraryBinTree@stdlib@media@modules@UModSys@@USId@ILibraryBinTree@libmedia@6@@tl@UModSys@@@tl@UModSys@@QBEPAU?$TScatterArrayNode@USMountInfo@RLibraryBinTree@stdlib@media@modules@UModSys@@USId@ILibraryBinTree@libmedia@6@@12@UCmp@?$TScatterArray@USMountInfo@RLibraryBinTree@stdlib@media@modules@UModSys@@USId@ILibraryBinTree@libmedia@6@U7896@U?$TNodeDeleter0@U?$TScatterArrayNode@USMountInfo@RLibraryBinTree@stdlib@media@modules@UModSys@@USId@ILibraryBinTree@libmedia@6@@tl@UModSys@@@tl@6@@12@@Z 004050e0 f i umodsys_lib_libmedia:umodsys.mod.media.stdlib.obj
 0001:000041b0       ??$genx_node@UCmp@?$TScatterArray@USCacheElem@RLibraryBinCache@stdlib@media@modules@UModSys@@U?$TString@U?$TSCoreConst@D@su@tl@UModSys@@U?$TComparerBinaryHash@D@234@@tl@6@U?$TObjectCompare@U?$TString@U?$TSCoreConst@D@su@tl@UModSys@@U?$TComparerBinaryHash@D@234@@tl@UModSys@@@core@6@U?$TNodeDeleter0@U?$TScatterArrayNode@USCacheElem@RLibraryBinCache@stdlib@media@modules@UModSys@@U?$TString@U?$TSCoreConst@D@su@tl@UModSys@@U?$TComparerBinaryHash@D@234@@tl@6@@tl@UModSys@@@86@@tl@UModSys@@UGen0@234@@?$TTreeHoldRBD@U?$TScatterArrayNode@USCacheElem@RLibraryBinCache@stdlib@media@modules@UModSys@@U?$TString@U?$TSCoreConst@D@su@tl@UModSys@@U?$TComparerBinaryHash@D@234@@tl@6@@tl@UModSys@@U?$TNodeDeleter0@U?$TScatterArrayNode@USCacheElem@RLibraryBinCache@stdlib@media@modules@UModSys@@U?$TString@U?$TSCoreConst@D@su@tl@UModSys@@U?$TComparerBinaryHash@D@234@@tl@6@@tl@UModSys@@@23@@tl@UModSys@@QAEPAU?$TScatterArrayNode@USCacheElem@RLibraryBinCache@stdlib@media@modules@UModSys@@U?$TString@U?$TSCoreConst@D@su@tl@UModSys@@U?$TComparerBinaryHash@D@234@@tl@6@@12@UCmp@?$TScatterArray@USCacheElem@RLibraryBinCache@stdlib@media@modules@UModSys@@U?$TString@U?$TSCoreConst@D@su@tl@UModSys@@U?$TComparerBinaryHash@D@234@@tl@6@U?$TObjectCompare@U?$TString@U?$TSCoreConst@D@su@tl@UModSys@@U?$TComparerBinaryHash@D@234@@tl@UModSys@@@core@6@U?$TNodeDeleter0@U?$TScatterArrayNode@USCacheElem@RLibraryBinCache@stdlib@media@modules@UModSys@@U?$TString@U?$TSCoreConst@D@su@tl@UModSys@@U?$TComparerBinaryHash@D@234@@tl@6@@tl@UModSys@@@86@@12@ABUGen0@512@PAPAU312@2_N@Z 004051b0 f i umodsys_lib_libmedia:umodsys.mod.media.stdlib.obj
 0001:000042a0       ??$genx_node@UCmp@?$TScatterArray@USCacheElem@RLibraryObjCache@stdlib@media@modules@UModSys@@U?$TString@U?$TSCoreConst@D@su@tl@UModSys@@U?$TComparerBinaryHash@D@234@@tl@6@U?$TObjectCompare@U?$TString@U?$TSCoreConst@D@su@tl@UModSys@@U?$TComparerBinaryHash@D@234@@tl@UModSys@@@core@6@U?$TNodeDeleter0@U?$TScatterArrayNode@USCacheElem@RLibraryObjCache@stdlib@media@modules@UModSys@@U?$TString@U?$TSCoreConst@D@su@tl@UModSys@@U?$TComparerBinaryHash@D@234@@tl@6@@tl@UModSys@@@86@@tl@UModSys@@UGen0@234@@?$TTreeHoldRBD@U?$TScatterArrayNode@USCacheElem@RLibraryObjCache@stdlib@media@modules@UModSys@@U?$TString@U?$TSCoreConst@D@su@tl@UModSys@@U?$TComparerBinaryHash@D@234@@tl@6@@tl@UModSys@@U?$TNodeDeleter0@U?$TScatterArrayNode@USCacheElem@RLibraryObjCache@stdlib@media@modules@UModSys@@U?$TString@U?$TSCoreConst@D@su@tl@UModSys@@U?$TComparerBinaryHash@D@234@@tl@6@@tl@UModSys@@@23@@tl@UModSys@@QAEPAU?$TScatterArrayNode@USCacheElem@RLibraryObjCache@stdlib@media@modules@UModSys@@U?$TString@U?$TSCoreConst@D@su@tl@UModSys@@U?$TComparerBinaryHash@D@234@@tl@6@@12@UCmp@?$TScatterArray@USCacheElem@RLibraryObjCache@stdlib@media@modules@UModSys@@U?$TString@U?$TSCoreConst@D@su@tl@UModSys@@U?$TComparerBinaryHash@D@234@@tl@6@U?$TObjectCompare@U?$TString@U?$TSCoreConst@D@su@tl@UModSys@@U?$TComparerBinaryHash@D@234@@tl@UModSys@@@core@6@U?$TNodeDeleter0@U?$TScatterArrayNode@USCacheElem@RLibraryObjCache@stdlib@media@modules@UModSys@@U?$TString@U?$TSCoreConst@D@su@tl@UModSys@@U?$TComparerBinaryHash@D@234@@tl@6@@tl@UModSys@@@86@@12@ABUGen0@512@PAPAU312@2_N@Z 004052a0 f i umodsys_lib_libmedia:umodsys.mod.media.stdlib.obj
 0001:00004390       ??$find_node_u@UCmp@?$TScatterArray@USCacheElem@RLibraryObjCache@stdlib@media@modules@UModSys@@U?$TString@U?$TSCoreConst@D@su@tl@UModSys@@U?$TComparerBinaryHash@D@234@@tl@6@U?$TObjectCompare@U?$TString@U?$TSCoreConst@D@su@tl@UModSys@@U?$TComparerBinaryHash@D@234@@tl@UModSys@@@core@6@U?$TNodeDeleter0@U?$TScatterArrayNode@USCacheElem@RLibraryObjCache@stdlib@media@modules@UModSys@@U?$TString@U?$TSCoreConst@D@su@tl@UModSys@@U?$TComparerBinaryHash@D@234@@tl@6@@tl@UModSys@@@86@@tl@UModSys@@@?$TTreeHoldRB@U?$TScatterArrayNode@USCacheElem@RLibraryObjCache@stdlib@media@modules@UModSys@@U?$TString@U?$TSCoreConst@D@su@tl@UModSys@@U?$TComparerBinaryHash@D@234@@tl@6@@tl@UModSys@@@tl@UModSys@@QBEPAU?$TScatterArrayNode@USCacheElem@RLibraryObjCache@stdlib@media@modules@UModSys@@U?$TString@U?$TSCoreConst@D@su@tl@UModSys@@U?$TComparerBinaryHash@D@234@@tl@6@@12@UCmp@?$TScatterArray@USCacheElem@RLibraryObjCache@stdlib@media@modules@UModSys@@U?$TString@U?$TSCoreConst@D@su@tl@UModSys@@U?$TComparerBinaryHash@D@234@@tl@6@U?$TObjectCompare@U?$TString@U?$TSCoreConst@D@su@tl@UModSys@@U?$TComparerBinaryHash@D@234@@tl@UModSys@@@core@6@U?$TNodeDeleter0@U?$TScatterArrayNode@USCacheElem@RLibraryObjCache@stdlib@media@modules@UModSys@@U?$TString@U?$TSCoreConst@D@su@tl@UModSys@@U?$TComparerBinaryHash@D@234@@tl@6@@tl@UModSys@@@86@@12@@Z 00405390 f i umodsys_lib_libmedia:umodsys.mod.media.stdlib.obj
 0001:00004390       ??$find_node_u@UCmp@?$TScatterArray@USCacheElem@RLibraryBinCache@stdlib@media@modules@UModSys@@U?$TString@U?$TSCoreConst@D@su@tl@UModSys@@U?$TComparerBinaryHash@D@234@@tl@6@U?$TObjectCompare@U?$TString@U?$TSCoreConst@D@su@tl@UModSys@@U?$TComparerBinaryHash@D@234@@tl@UModSys@@@core@6@U?$TNodeDeleter0@U?$TScatterArrayNode@USCacheElem@RLibraryBinCache@stdlib@media@modules@UModSys@@U?$TString@U?$TSCoreConst@D@su@tl@UModSys@@U?$TComparerBinaryHash@D@234@@tl@6@@tl@UModSys@@@86@@tl@UModSys@@@?$TTreeHoldRB@U?$TScatterArrayNode@USCacheElem@RLibraryBinCache@stdlib@media@modules@UModSys@@U?$TString@U?$TSCoreConst@D@su@tl@UModSys@@U?$TComparerBinaryHash@D@234@@tl@6@@tl@UModSys@@@tl@UModSys@@QBEPAU?$TScatterArrayNode@USCacheElem@RLibraryBinCache@stdlib@media@modules@UModSys@@U?$TString@U?$TSCoreConst@D@su@tl@UModSys@@U?$TComparerBinaryHash@D@234@@tl@6@@12@UCmp@?$TScatterArray@USCacheElem@RLibraryBinCache@stdlib@media@modules@UModSys@@U?$TString@U?$TSCoreConst@D@su@tl@UModSys@@U?$TComparerBinaryHash@D@234@@tl@6@U?$TObjectCompare@U?$TString@U?$TSCoreConst@D@su@tl@UModSys@@U?$TComparerBinaryHash@D@234@@tl@UModSys@@@core@6@U?$TNodeDeleter0@U?$TScatterArrayNode@USCacheElem@RLibraryBinCache@stdlib@media@modules@UModSys@@U?$TString@U?$TSCoreConst@D@su@tl@UModSys@@U?$TComparerBinaryHash@D@234@@tl@6@@tl@UModSys@@@86@@12@@Z 00405390 f i umodsys_lib_libmedia:umodsys.mod.media.stdlib.obj
 0001:00004430       ??$genx_node@UCmp@?$TScatterArray@USFilter@RLibraryObjFilter@stdlib@media@modules@UModSys@@USId@23456@U723456@U?$TNodeDeleter0@U?$TScatterArrayNode@USFilter@RLibraryObjFilter@stdlib@media@modules@UModSys@@USId@23456@@tl@UModSys@@@tl@6@@tl@UModSys@@UGen0@234@@?$TTreeHoldRBD@U?$TScatterArrayNode@USFilter@RLibraryObjFilter@stdlib@media@modules@UModSys@@USId@23456@@tl@UModSys@@U?$TNodeDeleter0@U?$TScatterArrayNode@USFilter@RLibraryObjFilter@stdlib@media@modules@UModSys@@USId@23456@@tl@UModSys@@@23@@tl@UModSys@@QAEPAU?$TScatterArrayNode@USFilter@RLibraryObjFilter@stdlib@media@modules@UModSys@@USId@23456@@12@UCmp@?$TScatterArray@USFilter@RLibraryObjFilter@stdlib@media@modules@UModSys@@USId@23456@U723456@U?$TNodeDeleter0@U?$TScatterArrayNode@USFilter@RLibraryObjFilter@stdlib@media@modules@UModSys@@USId@23456@@tl@UModSys@@@tl@6@@12@ABUGen0@512@PAPAU312@2_N@Z 00405430 f i umodsys_lib_libmedia:umodsys.mod.media.stdlib.obj
 0001:000044c0       ??$find_node_u@UCmp@?$TScatterArray@USFilter@RLibraryObjFilter@stdlib@media@modules@UModSys@@USId@23456@U723456@U?$TNodeDeleter0@U?$TScatterArrayNode@USFilter@RLibraryObjFilter@stdlib@media@modules@UModSys@@USId@23456@@tl@UModSys@@@tl@6@@tl@UModSys@@@?$TTreeHoldRB@U?$TScatterArrayNode@USFilter@RLibraryObjFilter@stdlib@media@modules@UModSys@@USId@23456@@tl@UModSys@@@tl@UModSys@@QBEPAU?$TScatterArrayNode@USFilter@RLibraryObjFilter@stdlib@media@modules@UModSys@@USId@23456@@12@UCmp@?$TScatterArray@USFilter@RLibraryObjFilter@stdlib@media@modules@UModSys@@USId@23456@U723456@U?$TNodeDeleter0@U?$TScatterArrayNode@USFilter@RLibraryObjFilter@stdlib@media@modules@UModSys@@USId@23456@@tl@UModSys@@@tl@6@@12@@Z 004054c0 f i umodsys_lib_libmedia:umodsys.mod.media.stdlib.obj
 0001:00004520       ?ReLink@?$TDynarray@U?$TDynarrayHolderDynamic@EU?$TAllocator@USIMemAlloc@core@UModSys@@USCountCalcPower2@23@@tl@UModSys@@@tl@UModSys@@@tl@UModSys@@IAE_NI@Z 00405520 f i umodsys_lib_libmedia:umodsys.mod.media.stdlib.obj
 0001:00004560       ?ReLink@?$TDynarray@U?$TDynarrayHolderDynamic@UBuffer@RUtilities@stdlib@media@modules@UModSys@@U?$TAllocator@USIMemAlloc@core@UModSys@@USCountCalcPower2@23@@tl@6@@tl@UModSys@@@tl@UModSys@@IAE_NI@Z 00405560 f i umodsys_lib_libmedia:umodsys.mod.media.stdlib.obj
 0001:000045b0       ?rotate_right@?$TTreeHoldRB@U?$TScatterArrayNode@USMountInfo@RLibraryBinTree@stdlib@media@modules@UModSys@@USId@ILibraryBinTree@libmedia@6@@tl@UModSys@@@tl@UModSys@@IAEXPAU?$TScatterArrayNode@USMountInfo@RLibraryBinTree@stdlib@media@modules@UModSys@@USId@ILibraryBinTree@libmedia@6@@23@@Z 004055b0 f i umodsys_lib_libmedia:umodsys.mod.media.stdlib.obj
 0001:000045b0       ?rotate_right@?$TTreeHoldRB@U?$TScatterArrayNode@USFilter@RLibraryObjFilter@stdlib@media@modules@UModSys@@USId@23456@@tl@UModSys@@@tl@UModSys@@IAEXPAU?$TScatterArrayNode@USFilter@RLibraryObjFilter@stdlib@media@modules@UModSys@@USId@23456@@23@@Z 004055b0 f i umodsys_lib_libmedia:umodsys.mod.media.stdlib.obj
 0001:000045b0       ?rotate_right@?$TTreeHoldRB@UNameNode@IBinArchiveFrame@libmedia@UModSys@@@tl@UModSys@@IAEXPAUNameNode@IBinArchiveFrame@libmedia@3@@Z 004055b0 f i umodsys_lib_libmedia:umodsys.mod.media.stdlib.obj
 0001:000045b0       ?rotate_right@?$TTreeHoldRB@U?$TScatterArrayNode@USCacheElem@RLibraryObjCache@stdlib@media@modules@UModSys@@U?$TString@U?$TSCoreConst@D@su@tl@UModSys@@U?$TComparerBinaryHash@D@234@@tl@6@@tl@UModSys@@@tl@UModSys@@IAEXPAU?$TScatterArrayNode@USCacheElem@RLibraryObjCache@stdlib@media@modules@UModSys@@U?$TString@U?$TSCoreConst@D@su@tl@UModSys@@U?$TComparerBinaryHash@D@234@@tl@6@@23@@Z 004055b0 f i umodsys_lib_libmedia:umodsys.mod.media.stdlib.obj
[...]
 0001:000135c5       __ehhandler$??RGen0@?$TScatterArray@USMountInfo@RLibraryBinTree@stdlib@media@modules@UModSys@@USId@ILibraryBinTree@libmedia@6@U7896@U?$TNodeDeleter0@U?$TScatterArrayNode@USMountInfo@RLibraryBinTree@stdlib@media@modules@UModSys@@USId@ILibraryBinTree@libmedia@6@@tl@UModSys@@@tl@6@@tl@UModSys@@QBEPAU?$TScatterArrayNode@USMountInfo@RLibraryBinTree@stdlib@media@modules@UModSys@@USId@ILibraryBinTree@libmedia@6@@23@ABUCmp@123@ABU?$TTreeHoldRBD@U?$TScatterArrayNode@USMountInfo@RLibraryBinTree@stdlib@media@modules@UModSys@@USId@ILibraryBinTree@libmedia@6@@tl@UModSys@@U?$TNodeDeleter0@U?$TScatterArrayNode@USMountInfo@RLibraryBinTree@stdlib@media@modules@UModSys@@USId@ILibraryBinTree@libmedia@6@@tl@UModSys@@@23@@23@@Z 004145c5 f    CIL library: CIL module
 0001:000135d0       ??__E?s_id@?$TObjectUniqueID@UIRoot@core@UModSys@@@tl@UModSys@@2USUniquePointer@core@3@A@@YAXXZ 004145d0 f    CIL library: CIL module
 0001:00013600       ??__E?s_id@?$TObjectUniqueID@UIRefObject@core@UModSys@@@tl@UModSys@@2USUniquePointer@core@3@A@@YAXXZ 00414600 f    CIL library: CIL module
 0001:00013630       ??__E?s_id@?$TObjectUniqueID@UIParameters@core@UModSys@@@tl@UModSys@@2USUniquePointer@core@3@A@@YAXXZ 00414630 f    CIL library: CIL module
 0001:00013660       ??__E?s_id@?$TObjectUniqueID@UIConsole@base@UModSys@@@tl@UModSys@@2USUniquePointer@core@3@A@@YAXXZ 00414660 f    CIL library: CIL module
 0001:00013690       ??__E?s_id@?$TObjectUniqueID@UIModule@base@UModSys@@@tl@UModSys@@2USUniquePointer@core@3@A@@YAXXZ 00414690 f    CIL library: CIL module
 0001:000136c0       ??__E?s_id@?$TObjectUniqueID@UIModuleLibrary@base@UModSys@@@tl@UModSys@@2USUniquePointer@core@3@A@@YAXXZ 004146c0 f    CIL library: CIL module
 0001:000136f0       ??__E?s_id@?$TObjectUniqueID@UIModObject@base@UModSys@@@tl@UModSys@@2USUniquePointer@core@3@A@@YAXXZ 004146f0 f    CIL library: CIL module
 0001:00013720       ??__E?s_id@?$TObjectUniqueID@UIGenerator@base@UModSys@@@tl@UModSys@@2USUniquePointer@core@3@A@@YAXXZ 00414720 f    CIL library: CIL module
 0001:00013750       ??__E?s_id@?$TObjectUniqueID@UIShell@base@UModSys@@@tl@UModSys@@2USUniquePointer@core@3@A@@YAXXZ 00414750 f    CIL library: CIL module
 0001:00013780       ??__E?s_id@?$TObjectUniqueID@UISystem@base@UModSys@@@tl@UModSys@@2USUniquePointer@core@3@A@@YAXXZ 00414780 f    CIL library: CIL module
 0001:000137b0       ??__E?s_id@?$TObjectUniqueID@URModule@rsystem@base@UModSys@@@tl@UModSys@@2USUniquePointer@core@3@A@@YAXXZ 004147b0 f    CIL library: CIL module
 0001:000137e0       ??__E?s_id@?$TObjectUniqueID@UIModuleLibraryUni@rsystem@base@UModSys@@@tl@UModSys@@2USUniquePointer@core@3@A@@YAXXZ 004147e0 f    CIL library: CIL module
 0001:00013810       ??__E?s_id@?$TObjectUniqueID@URModuleLibrarySO@rsystem@base@UModSys@@@tl@UModSys@@2USUniquePointer@core@3@A@@YAXXZ 00414810 f    CIL library: CIL module
 0001:00013840       ??__E?s_id@?$TObjectUniqueID@URModuleLibraryThis@rsystem@base@UModSys@@@tl@UModSys@@2USUniquePointer@core@3@A@@YAXXZ 00414840 f    CIL library: CIL module
 0001:00013870       ??__E?s_id@?$TObjectUniqueID@URParameters@rsystem@base@UModSys@@@tl@UModSys@@2USUniquePointer@core@3@A@@YAXXZ 00414870 f    CIL library: CIL module
 0001:000138a0       ??__E?s_id@?$TObjectUniqueID@URSystem@rsystem@base@UModSys@@@tl@UModSys@@2USUniquePointer@core@3@A@@YAXXZ 004148a0 f    CIL library: CIL module
 0001:000138d0       ??__E?s_id@?$TObjectUniqueID@URConsole_std@rsystem@base@UModSys@@@tl@UModSys@@2USUniquePointer@core@3@A@@YAXXZ 004148d0 f    CIL library: CIL module
 0001:00013900       ??__Es_dbg@stdio@media@modules@UModSys@@YAXXZ 00414900 f    CIL library: CIL module
 0001:00013920       ??__E?s_modreg@RModuleReg@stdio@media@modules@UModSys@@2U12345@A@@YAXXZ 00414920 f    CIL library: CIL module
 0001:00013960       ??__E?s_modreg_chain@RModuleReg@stdio@media@modules@UModSys@@2USModuleRegChain@base@5@A@@YAXXZ 00414960 f    CIL library: CIL module
 0001:00013980       ??__E?s_uid@RGenerator@stdio@media@modules@UModSys@@2USUniquePointer@core@5@A@@YAXXZ 00414980 f    CIL library: CIL module
 0001:000139b0       ??__E?s_id@?$TObjectUniqueID@UIStreamReader@libmedia@UModSys@@@tl@UModSys@@2USUniquePointer@core@3@A@@YAXXZ 004149b0 f    CIL library: CIL module
 0001:000139e0       ??__E?s_id@?$TObjectUniqueID@UIStreamWriter@libmedia@UModSys@@@tl@UModSys@@2USUniquePointer@core@3@A@@YAXXZ 004149e0 f    CIL library: CIL module
 0001:00013a10       ??__E?s_id@?$TObjectUniqueID@UIUtilities@libmedia@UModSys@@@tl@UModSys@@2USUniquePointer@core@3@A@@YAXXZ 00414a10 f    CIL library: CIL module
 0001:00013a40       ??__E?s_id@?$TObjectUniqueID@UILibObject@libmedia@UModSys@@@tl@UModSys@@2USUniquePointer@core@3@A@@YAXXZ 00414a40 f    CIL library: CIL module
 0001:00013a70       ??__E?s_id@?$TObjectUniqueID@UIBinArchive@libmedia@UModSys@@@tl@UModSys@@2USUniquePointer@core@3@A@@YAXXZ 00414a70 f    CIL library: CIL module
 0001:00013aa0       ??__E?s_id@?$TObjectUniqueID@UIBinObjFilter@libmedia@UModSys@@@tl@UModSys@@2USUniquePointer@core@3@A@@YAXXZ 00414aa0 f    CIL library: CIL module
 0001:00013ad0       ??__E?s_id@?$TObjectUniqueID@UILibrary@libmedia@UModSys@@@tl@UModSys@@2USUniquePointer@core@3@A@@YAXXZ 00414ad0 f    CIL library: CIL module
 0001:00013b00       ??__E?s_id@?$TObjectUniqueID@URStreamReader_FILE@stdio@media@modules@UModSys@@@tl@UModSys@@2USUniquePointer@core@3@A@@YAXXZ 00414b00 f    CIL library: CIL module
 0001:00013b30       ??__E?s_id@?$TObjectUniqueID@URStreamWriter_FILE@stdio@media@modules@UModSys@@@tl@UModSys@@2USUniquePointer@core@3@A@@YAXXZ 00414b30 f    CIL library: CIL module
 0001:00013b60       ??__E?s_id@?$TObjectUniqueID@URDataArchiver_OsDir@stdio@media@modules@UModSys@@@tl@UModSys@@2USUniquePointer@core@3@A@@YAXXZ 00414b60 f    CIL library: CIL module
 0001:00013b90       ??__E?s_id@?$TObjectUniqueID@URGenerator@stdio@media@modules@UModSys@@@tl@UModSys@@2USUniquePointer@core@3@A@@YAXXZ 00414b90 f    CIL library: CIL module
 0001:00013bc0       ??__Es_dbg@stdlib@media@modules@UModSys@@YAXXZ 00414bc0 f    CIL library: CIL module
 0001:00013be0       ??__E?s_modreg@RModuleReg@stdlib@media@modules@UModSys@@2U12345@A@@YAXXZ 00414be0 f    CIL library: CIL module
 0001:00013c20       ??__E?s_modreg_chain@RModuleReg@stdlib@media@modules@UModSys@@2USModuleRegChain@base@5@A@@YAXXZ 00414c20 f    CIL library: CIL module
 0001:00013c40       ??__E?s_uid@RGenerator@stdlib@media@modules@UModSys@@2USUniquePointer@core@5@A@@YAXXZ 00414c40 f    CIL library: CIL module
 0001:00013c70       ??__E?s_id@?$TObjectUniqueID@UILibraryBinTree@libmedia@UModSys@@@tl@UModSys@@2USUniquePointer@core@3@A@@YAXXZ 00414c70 f    CIL library: CIL module
 0001:00013ca0       ??__E?s_id@?$TObjectUniqueID@UILibraryBinCache@libmedia@UModSys@@@tl@UModSys@@2USUniquePointer@core@3@A@@YAXXZ 00414ca0 f    CIL library: CIL module
 0001:00013cd0       ??__E?s_id@?$TObjectUniqueID@UILibraryObjFilter@libmedia@UModSys@@@tl@UModSys@@2USUniquePointer@core@3@A@@YAXXZ 00414cd0 f    CIL library: CIL module
 0001:00013d00       ??__E?s_id@?$TObjectUniqueID@UILibraryObjCache@libmedia@UModSys@@@tl@UModSys@@2USUniquePointer@core@3@A@@YAXXZ 00414d00 f    CIL library: CIL module
 0001:00013d30       ??__E?s_id@?$TObjectUniqueID@UILibraryLayered@libmedia@UModSys@@@tl@UModSys@@2USUniquePointer@core@3@A@@YAXXZ 00414d30 f    CIL library: CIL module
 0001:00013d60       ??__E?s_id@?$TObjectUniqueID@UIBinArchiveFrame@libmedia@UModSys@@@tl@UModSys@@2USUniquePointer@core@3@A@@YAXXZ 00414d60 f    CIL library: CIL module
 0001:00013d90       ??__E?s_id@?$TObjectUniqueID@UIClient@IBinArchiveFrame@libmedia@UModSys@@@tl@UModSys@@2USUniquePointer@core@3@A@@YAXXZ 00414d90 f    CIL library: CIL module
 0001:00013dc0       ??__E?s_id@?$TObjectUniqueID@URUtilities@stdlib@media@modules@UModSys@@@tl@UModSys@@2USUniquePointer@core@3@A@@YAXXZ 00414dc0 f    CIL library: CIL module
 0001:00013df0       ??__E?s_id@?$TObjectUniqueID@URBinArchiveFrame@stdlib@media@modules@UModSys@@@tl@UModSys@@2USUniquePointer@core@3@A@@YAXXZ 00414df0 f    CIL library: CIL module
 0001:00013e20       ??__E?s_id@?$TObjectUniqueID@URLibraryBinTree@stdlib@media@modules@UModSys@@@tl@UModSys@@2USUniquePointer@core@3@A@@YAXXZ 00414e20 f    CIL library: CIL module
 0001:00013e50       ??__E?s_id@?$TObjectUniqueID@URLibraryBinCache@stdlib@media@modules@UModSys@@@tl@UModSys@@2USUniquePointer@core@3@A@@YAXXZ 00414e50 f    CIL library: CIL module
 0001:00013e80       ??__E?s_id@?$TObjectUniqueID@URLibraryLayered@stdlib@media@modules@UModSys@@@tl@UModSys@@2USUniquePointer@core@3@A@@YAXXZ 00414e80 f    CIL library: CIL module
 0001:00013eb0       ??__E?s_id@?$TObjectUniqueID@URLibraryObjCache@stdlib@media@modules@UModSys@@@tl@UModSys@@2USUniquePointer@core@3@A@@YAXXZ 00414eb0 f    CIL library: CIL module
 0001:00013ee0       ??__E?s_id@?$TObjectUniqueID@URLibraryObjFilter@stdlib@media@modules@UModSys@@@tl@UModSys@@2USUniquePointer@core@3@A@@YAXXZ 00414ee0 f    CIL library: CIL module
 0001:00013f10       ??__E?s_id@?$TObjectUniqueID@URGenerator@stdlib@media@modules@UModSys@@@tl@UModSys@@2USUniquePointer@core@3@A@@YAXXZ 00414f10 f    CIL library: CIL module
 0001:00013f40       ??__E?s_console@RConsole_std@rsystem@base@UModSys@@2U1234@A@@YAXXZ 00414f40 f    CIL library: CIL module
 0001:00013f60       ??__E?s_sys@RSystem@rsystem@base@UModSys@@2U1234@A@@YAXXZ 00414f60 f    CIL library: CIL module
 0001:00013f80       ??__Ersys_dbg@rsystem@base@UModSys@@YAXXZ 00414f80 f    CIL library: CIL module
 0001:00013fa0       ??__EM@UModSys@@YAXXZ      00414fa0 f    CIL library: CIL module
 0001:00013fc0       ??__E?root@SModuleRegChain@base@UModSys@@2U123@A@@YAXXZ 00414fc0 f    CIL library: CIL module
 0001:00013fe0       ??__E?s_library@RModuleLibraryReg_Chain@base@UModSys@@2U123@A@@YAXXZ 00414fe0 f    CIL library: CIL module
 0001:00014000       ??__E?root@SUniquePointer@core@UModSys@@2U123@A@@YAXXZ 00415000 f    CIL library: CIL module
 0001:00014020       ??__F?s_id@?$TObjectUniqueID@URConsole_std@rsystem@base@UModSys@@@tl@UModSys@@2USUniquePointer@core@3@A@@YAXXZ 00415020 f    CIL library: CIL module
 0001:00014030       ??__F?s_id@?$TObjectUniqueID@URSystem@rsystem@base@UModSys@@@tl@UModSys@@2USUniquePointer@core@3@A@@YAXXZ 00415030 f    CIL library: CIL module
 0001:00014040       ??__F?s_id@?$TObjectUniqueID@URParameters@rsystem@base@UModSys@@@tl@UModSys@@2USUniquePointer@core@3@A@@YAXXZ 00415040 f    CIL library: CIL module
 0001:00014050       ??__F?s_id@?$TObjectUniqueID@URModuleLibraryThis@rsystem@base@UModSys@@@tl@UModSys@@2USUniquePointer@core@3@A@@YAXXZ 00415050 f    CIL library: CIL module
 0001:00014060       ??__F?s_id@?$TObjectUniqueID@URModuleLibrarySO@rsystem@base@UModSys@@@tl@UModSys@@2USUniquePointer@core@3@A@@YAXXZ 00415060 f    CIL library: CIL module
 0001:00014070       ??__F?s_id@?$TObjectUniqueID@UIModuleLibraryUni@rsystem@base@UModSys@@@tl@UModSys@@2USUniquePointer@core@3@A@@YAXXZ 00415070 f    CIL library: CIL module
 0001:00014080       ??__F?s_id@?$TObjectUniqueID@URModule@rsystem@base@UModSys@@@tl@UModSys@@2USUniquePointer@core@3@A@@YAXXZ 00415080 f    CIL library: CIL module
 0001:00014090       ??__F?s_id@?$TObjectUniqueID@UISystem@base@UModSys@@@tl@UModSys@@2USUniquePointer@core@3@A@@YAXXZ 00415090 f    CIL library: CIL module
 0001:000140a0       ??__F?s_id@?$TObjectUniqueID@UIShell@base@UModSys@@@tl@UModSys@@2USUniquePointer@core@3@A@@YAXXZ 004150a0 f    CIL library: CIL module
 0001:000140b0       ??__F?s_id@?$TObjectUniqueID@UIGenerator@base@UModSys@@@tl@UModSys@@2USUniquePointer@core@3@A@@YAXXZ 004150b0 f    CIL library: CIL module
 0001:000140c0       ??__F?s_id@?$TObjectUniqueID@UIModObject@base@UModSys@@@tl@UModSys@@2USUniquePointer@core@3@A@@YAXXZ 004150c0 f    CIL library: CIL module
 0001:000140d0       ??__F?s_id@?$TObjectUniqueID@UIModuleLibrary@base@UModSys@@@tl@UModSys@@2USUniquePointer@core@3@A@@YAXXZ 004150d0 f    CIL library: CIL module
 0001:000140e0       ??__F?s_id@?$TObjectUniqueID@UIModule@base@UModSys@@@tl@UModSys@@2USUniquePointer@core@3@A@@YAXXZ 004150e0 f    CIL library: CIL module
 0001:000140f0       ??__F?s_id@?$TObjectUniqueID@UIConsole@base@UModSys@@@tl@UModSys@@2USUniquePointer@core@3@A@@YAXXZ 004150f0 f    CIL library: CIL module
 0001:00014100       ??__F?s_id@?$TObjectUniqueID@UIParameters@core@UModSys@@@tl@UModSys@@2USUniquePointer@core@3@A@@YAXXZ 00415100 f    CIL library: CIL module
 0001:00014110       ??__F?s_id@?$TObjectUniqueID@UIRefObject@core@UModSys@@@tl@UModSys@@2USUniquePointer@core@3@A@@YAXXZ 00415110 f    CIL library: CIL module
 0001:00014120       ??__F?s_id@?$TObjectUniqueID@UIRoot@core@UModSys@@@tl@UModSys@@2USUniquePointer@core@3@A@@YAXXZ 00415120 f    CIL library: CIL module
 0001:00014130       ??__Fs_dbg@stdio@media@modules@UModSys@@YAXXZ 00415130 f    CIL library: CIL module
 0001:00014140       ??__F?s_modreg@RModuleReg@stdio@media@modules@UModSys@@2U12345@A@@YAXXZ 00415140 f    CIL library: CIL module
 0001:00014160       ??__F?s_modreg_chain@RModuleReg@stdio@media@modules@UModSys@@2USModuleRegChain@base@5@A@@YAXXZ 00415160 f    CIL library: CIL module
 0001:00014170       ??__F?s_uid@RGenerator@stdio@media@modules@UModSys@@2USUniquePointer@core@5@A@@YAXXZ 00415170 f    CIL library: CIL module
 0001:00014180       ??__Fh@?1??s_holder@RGenerator@stdio@media@modules@UModSys@@SAAAU?$TTypeStaticHolder@URGenerator@stdio@media@modules@UModSys@@@tl@5@XZ@YAXXZ 00415180 f    CIL library: CIL module
 0001:000141a0       ??__F?s_id@?$TObjectUniqueID@URGenerator@stdio@media@modules@UModSys@@@tl@UModSys@@2USUniquePointer@core@3@A@@YAXXZ 004151a0 f    CIL library: CIL module
 0001:000141b0       ??__F?s_id@?$TObjectUniqueID@URDataArchiver_OsDir@stdio@media@modules@UModSys@@@tl@UModSys@@2USUniquePointer@core@3@A@@YAXXZ 004151b0 f    CIL library: CIL module
 0001:000141c0       ??__F?s_id@?$TObjectUniqueID@URStreamWriter_FILE@stdio@media@modules@UModSys@@@tl@UModSys@@2USUniquePointer@core@3@A@@YAXXZ 004151c0 f    CIL library: CIL module
 0001:000141d0       ??__F?s_id@?$TObjectUniqueID@URStreamReader_FILE@stdio@media@modules@UModSys@@@tl@UModSys@@2USUniquePointer@core@3@A@@YAXXZ 004151d0 f    CIL library: CIL module
 0001:000141e0       ??__F?s_id@?$TObjectUniqueID@UILibrary@libmedia@UModSys@@@tl@UModSys@@2USUniquePointer@core@3@A@@YAXXZ 004151e0 f    CIL library: CIL module
 0001:000141f0       ??__F?s_id@?$TObjectUniqueID@UIBinObjFilter@libmedia@UModSys@@@tl@UModSys@@2USUniquePointer@core@3@A@@YAXXZ 004151f0 f    CIL library: CIL module
 0001:00014200       ??__F?s_id@?$TObjectUniqueID@UIBinArchive@libmedia@UModSys@@@tl@UModSys@@2USUniquePointer@core@3@A@@YAXXZ 00415200 f    CIL library: CIL module
 0001:00014210       ??__F?s_id@?$TObjectUniqueID@UILibObject@libmedia@UModSys@@@tl@UModSys@@2USUniquePointer@core@3@A@@YAXXZ 00415210 f    CIL library: CIL module
 0001:00014220       ??__F?s_id@?$TObjectUniqueID@UIUtilities@libmedia@UModSys@@@tl@UModSys@@2USUniquePointer@core@3@A@@YAXXZ 00415220 f    CIL library: CIL module
 0001:00014230       ??__F?s_id@?$TObjectUniqueID@UIStreamWriter@libmedia@UModSys@@@tl@UModSys@@2USUniquePointer@core@3@A@@YAXXZ 00415230 f    CIL library: CIL module
 0001:00014240       ??__F?s_id@?$TObjectUniqueID@UIStreamReader@libmedia@UModSys@@@tl@UModSys@@2USUniquePointer@core@3@A@@YAXXZ 00415240 f    CIL library: CIL module
 0001:00014250       ??__Fs_dbg@stdlib@media@modules@UModSys@@YAXXZ 00415250 f    CIL library: CIL module
 0001:00014260       ??__F?s_modreg@RModuleReg@stdlib@media@modules@UModSys@@2U12345@A@@YAXXZ 00415260 f    CIL library: CIL module
 0001:00014280       ??__F?s_modreg_chain@RModuleReg@stdlib@media@modules@UModSys@@2USModuleRegChain@base@5@A@@YAXXZ 00415280 f    CIL library: CIL module
 0001:00014290       ??__F?s_uid@RGenerator@stdlib@media@modules@UModSys@@2USUniquePointer@core@5@A@@YAXXZ 00415290 f    CIL library: CIL module
 0001:000142a0       ??__Fh@?1??s_holder@RGenerator@stdlib@media@modules@UModSys@@SAAAU?$TTypeStaticHolder@URGenerator@stdlib@media@modules@UModSys@@@tl@5@XZ@YAXXZ 004152a0 f    CIL library: CIL module
 0001:000142c0       ??__F?s_id@?$TObjectUniqueID@URGenerator@stdlib@media@modules@UModSys@@@tl@UModSys@@2USUniquePointer@core@3@A@@YAXXZ 004152c0 f    CIL library: CIL module
 0001:000142d0       ??__F?s_id@?$TObjectUniqueID@URLibraryObjFilter@stdlib@media@modules@UModSys@@@tl@UModSys@@2USUniquePointer@core@3@A@@YAXXZ 004152d0 f    CIL library: CIL module
 0001:000142e0       ??__F?s_id@?$TObjectUniqueID@URLibraryObjCache@stdlib@media@modules@UModSys@@@tl@UModSys@@2USUniquePointer@core@3@A@@YAXXZ 004152e0 f    CIL library: CIL module
 0001:000142f0       ??__F?s_id@?$TObjectUniqueID@URLibraryLayered@stdlib@media@modules@UModSys@@@tl@UModSys@@2USUniquePointer@core@3@A@@YAXXZ 004152f0 f    CIL library: CIL module
 0001:00014300       ??__F?s_id@?$TObjectUniqueID@URLibraryBinCache@stdlib@media@modules@UModSys@@@tl@UModSys@@2USUniquePointer@core@3@A@@YAXXZ 00415300 f    CIL library: CIL module
 0001:00014310       ??__F?s_id@?$TObjectUniqueID@URLibraryBinTree@stdlib@media@modules@UModSys@@@tl@UModSys@@2USUniquePointer@core@3@A@@YAXXZ 00415310 f    CIL library: CIL module
 0001:00014320       ??__F?s_id@?$TObjectUniqueID@URBinArchiveFrame@stdlib@media@modules@UModSys@@@tl@UModSys@@2USUniquePointer@core@3@A@@YAXXZ 00415320 f    CIL library: CIL module
 0001:00014330       ??__F?s_id@?$TObjectUniqueID@URUtilities@stdlib@media@modules@UModSys@@@tl@UModSys@@2USUniquePointer@core@3@A@@YAXXZ 00415330 f    CIL library: CIL module
 0001:00014340       ??__F?s_id@?$TObjectUniqueID@UIClient@IBinArchiveFrame@libmedia@UModSys@@@tl@UModSys@@2USUniquePointer@core@3@A@@YAXXZ 00415340 f    CIL library: CIL module
 0001:00014350       ??__F?s_id@?$TObjectUniqueID@UIBinArchiveFrame@libmedia@UModSys@@@tl@UModSys@@2USUniquePointer@core@3@A@@YAXXZ 00415350 f    CIL library: CIL module
 0001:00014360       ??__F?s_id@?$TObjectUniqueID@UILibraryLayered@libmedia@UModSys@@@tl@UModSys@@2USUniquePointer@core@3@A@@YAXXZ 00415360 f    CIL library: CIL module
 0001:00014370       ??__F?s_id@?$TObjectUniqueID@UILibraryObjCache@libmedia@UModSys@@@tl@UModSys@@2USUniquePointer@core@3@A@@YAXXZ 00415370 f    CIL library: CIL module
 0001:00014380       ??__F?s_id@?$TObjectUniqueID@UILibraryObjFilter@libmedia@UModSys@@@tl@UModSys@@2USUniquePointer@core@3@A@@YAXXZ 00415380 f    CIL library: CIL module
 0001:00014390       ??__F?s_id@?$TObjectUniqueID@UILibraryBinCache@libmedia@UModSys@@@tl@UModSys@@2USUniquePointer@core@3@A@@YAXXZ 00415390 f    CIL library: CIL module
 0001:000143a0       ??__F?s_id@?$TObjectUniqueID@UILibraryBinTree@libmedia@UModSys@@@tl@UModSys@@2USUniquePointer@core@3@A@@YAXXZ 004153a0 f    CIL library: CIL module
 0001:000143b0       ??__F?s_console@RConsole_std@rsystem@base@UModSys@@2U1234@A@@YAXXZ 004153b0 f    CIL library: CIL module
 0001:000143c0       ??__F?s_sys@RSystem@rsystem@base@UModSys@@2U1234@A@@YAXXZ 004153c0 f    CIL library: CIL module
 0001:000143d0       ??__Frsys_dbg@rsystem@base@UModSys@@YAXXZ 004153d0 f    CIL library: CIL module
 0001:000143e0       ??__FM@UModSys@@YAXXZ      004153e0 f    CIL library: CIL module
 0001:000143f0       ??__F?root@SModuleRegChain@base@UModSys@@2U123@A@@YAXXZ 004153f0 f    CIL library: CIL module
 0001:00014400       ??__F?s_library@RModuleLibraryReg_Chain@base@UModSys@@2U123@A@@YAXXZ 00415400 f    CIL library: CIL module
 0001:00014410       ??__F?root@SUniquePointer@core@UModSys@@2U123@A@@YAXXZ 00415410 f    CIL library: CIL module

 Exports

  ordinal    name

        1    _UModSys_Plugin_Entry2@0
