 umodsysc

 Timestamp is 525421c8 (Tue Oct 08 18:16:24 2013)

 Preferred load address is 00400000

 Start         Length     Name                   Class
 0001:00000000 00005a20H .text                   CODE
 0001:00005a20 0000017aH .text$x                 CODE
 0001:00005ba0 00000271H .text$yc                CODE
 0001:00005e20 0000013aH .text$yd                CODE
 0002:00000000 00000114H .idata$5                DATA
 0002:00000114 00000004H .CRT$XCA                DATA
 0002:00000118 00000004H .CRT$XCAA               DATA
 0002:0000011c 00000050H .CRT$XCU                DATA
 0002:0000016c 00000004H .CRT$XCZ                DATA
 0002:00000170 00000004H .CRT$XIA                DATA
 0002:00000174 00000004H .CRT$XIAA               DATA
 0002:00000178 00000004H .CRT$XIY                DATA
 0002:0000017c 00000004H .CRT$XIZ                DATA
 0002:00000180 00000cf0H .rdata                  DATA
 0002:00000e70 0000070cH .rdata$r                DATA
 0002:00001580 0000002cH .rdata$sxdata           DATA
 0002:000015ac 00000004H .rtc$IAA                DATA
 0002:000015b0 00000004H .rtc$IZZ                DATA
 0002:000015b4 00000004H .rtc$TAA                DATA
 0002:000015b8 00000004H .rtc$TZZ                DATA
 0002:000015c0 00000348H .xdata$x                DATA
 0002:00001908 00000028H .idata$2                DATA
 0002:00001930 00000014H .idata$3                DATA
 0002:00001944 00000114H .idata$4                DATA
 0002:00001a58 0000047cH .idata$6                DATA
 0002:00001ed4 00000000H .edata                  DATA
 0003:00000000 000004f0H .data                   DATA
 0003:000004f0 000005c0H .bss                    DATA

  Address         Publics by Value              Rva+Base       Lib:Object

 0000:00000000       __except_list              00000000     <absolute>
 0000:0000000b       ___safe_se_handler_count   0000000b     <absolute>
 0000:00009876       __fltused                  00009876     <absolute>
 0000:00009876       __ldused                   00009876     <absolute>
 0000:00000000       ___ImageBase               00400000     <linker-defined>
 0001:00000000       ??$shash@D@su@tl@UModSys@@YAHPBDI@Z 00401000 f i umodsys.c_main.obj
 0001:00000030       ?get_interface_info@RConsole_std@rsystem@base@UModSys@@UBEABUSUniquePointerInfo@core@4@XZ 00401030 f i umodsys_lib_basesys:umodsys.basesys.rconsole_std.obj
 0001:00000040       ?get_interface_type@RConsole_std@rsystem@base@UModSys@@UBEPBUSUniquePointerInfo@core@4@XZ 00401040 f i umodsys_lib_basesys:umodsys.basesys.rconsole_std.obj
 0001:00000050       ?get_other_interface@RConsole_std@rsystem@base@UModSys@@UBEPBUIRoot@core@4@PBUSUniquePointerInfo@64@@Z 00401050 f i umodsys_lib_basesys:umodsys.basesys.rconsole_std.obj
 0001:00000050       ?get_other_interface@RConsole_std@rsystem@base@UModSys@@UAEPAUIRoot@core@4@PBUSUniquePointerInfo@64@@Z 00401050 f i umodsys_lib_basesys:umodsys.basesys.rconsole_std.obj
 0001:00000080       ??_GRConsole_std@rsystem@base@UModSys@@UAEPAXI@Z 00401080 f i umodsys_lib_basesys:umodsys.basesys.rconsole_std.obj
 0001:00000080       ??_ERConsole_std@rsystem@base@UModSys@@UAEPAXI@Z 00401080 f i  CIL library: CIL module
 0001:00000090       ??_EIConsole@base@UModSys@@UAEPAXI@Z 00401090 f i  CIL library: CIL module
 0001:00000090       ??_GIConsole@base@UModSys@@UAEPAXI@Z 00401090 f i umodsys_lib_basesys:umodsys.basesys.rconsole_std.obj
 0001:000000a0       ??_EIRefObject@core@UModSys@@UAEPAXI@Z 004010a0 f i  CIL library: CIL module
 0001:000000a0       ??_GIRefObject@core@UModSys@@UAEPAXI@Z 004010a0 f i umodsys_lib_basesys:umodsys.basesys.rconsole_std.obj
 0001:000000b0       ??_EIRoot@core@UModSys@@UAEPAXI@Z 004010b0 f i  CIL library: CIL module
 0001:000000b0       ??_GIRoot@core@UModSys@@UAEPAXI@Z 004010b0 f i umodsys_lib_basesys:umodsys.basesys.rconsole_std.obj
 0001:000000c0       ?mem_free@SMemAlloc_Malloc@core@UModSys@@SAXPAXPBUSSourceContext@23@@Z 004010c0 f i umodsys_lib_basesys:umodsys.basesys.rsystem_main.obj
 0001:000000e0       ?decode_error@EExceptionBase@core@UModSys@@UBEHPADI@Z 004010e0 f i umodsys_lib_basesys:umodsys.basesys.rsystem_main.obj
 0001:00000110       ?decode_error@EFatal@core@UModSys@@UBEHPADI@Z 00401110 f i umodsys_lib_basesys:umodsys.basesys.rsystem_main.obj
 0001:00000140       ??1EFatal@core@UModSys@@UAE@XZ 00401140 f i umodsys_lib_basesys:umodsys.basesys.rsystem_main.obj
 0001:00000140       ??1EWarning@core@UModSys@@UAE@XZ 00401140 f i umodsys_lib_basesys:umodsys.basesys.rsystem_main.obj
 0001:00000150       ??0EWarning@core@UModSys@@QAE@PBUSSourceContext@12@HPBD@Z 00401150 f i umodsys_lib_basesys:umodsys.basesys.rsystem_main.obj
 0001:00000190       ?decode_error@EWarning@core@UModSys@@UBEHPADI@Z 00401190 f i umodsys_lib_basesys:umodsys.basesys.rsystem_main.obj
 0001:000001c0       ??_EEWarning@core@UModSys@@UAEPAXI@Z 004011c0 f i  CIL library: CIL module
 0001:000001c0       ??_GEFatal@core@UModSys@@UAEPAXI@Z 004011c0 f i umodsys_lib_basesys:umodsys.basesys.rsystem_main.obj
 0001:000001c0       ??_EEFatal@core@UModSys@@UAEPAXI@Z 004011c0 f i  CIL library: CIL module
 0001:000001c0       ??_EEExceptionBase@core@UModSys@@UAEPAXI@Z 004011c0 f i  CIL library: CIL module
 0001:000001c0       ??_GEExceptionBase@core@UModSys@@UAEPAXI@Z 004011c0 f i umodsys_lib_basesys:umodsys.basesys.rsystem_main.obj
 0001:000001c0       ??_GEWarning@core@UModSys@@UAEPAXI@Z 004011c0 f i umodsys_lib_basesys:umodsys.basesys.rsystem_main.obj
 0001:000001e0       ?get_interface_info@ISystem@base@UModSys@@UBEABUSUniquePointerInfo@core@3@XZ 004011e0 f i umodsys_lib_basesys:umodsys.basesys.rsystem_main.obj
 0001:000001f0       ?get_interface_type@ISystem@base@UModSys@@UBEPBUSUniquePointerInfo@core@3@XZ 004011f0 f i umodsys_lib_basesys:umodsys.basesys.rsystem_main.obj
 0001:00000200       ?get_other_interface@ISystem@base@UModSys@@UAEPAUIRoot@core@3@PBUSUniquePointerInfo@53@@Z 00401200 f i umodsys_lib_basesys:umodsys.basesys.rsystem_main.obj
 0001:00000200       ?get_other_interface@ISystem@base@UModSys@@UBEPBUIRoot@core@3@PBUSUniquePointerInfo@53@@Z 00401200 f i umodsys_lib_basesys:umodsys.basesys.rsystem_main.obj
 0001:00000220       ?get_interface_info@RSystem@rsystem@base@UModSys@@UBEABUSUniquePointerInfo@core@4@XZ 00401220 f i umodsys_lib_basesys:umodsys.basesys.rsystem_main.obj
 0001:00000230       ?get_interface_type@RSystem@rsystem@base@UModSys@@UBEPBUSUniquePointerInfo@core@4@XZ 00401230 f i umodsys_lib_basesys:umodsys.basesys.rsystem_main.obj
 0001:00000240       ?get_other_interface@RSystem@rsystem@base@UModSys@@UAEPAUIRoot@core@4@PBUSUniquePointerInfo@64@@Z 00401240 f i umodsys_lib_basesys:umodsys.basesys.rsystem_main.obj
 0001:00000240       ?get_other_interface@RSystem@rsystem@base@UModSys@@UBEPBUIRoot@core@4@PBUSUniquePointerInfo@64@@Z 00401240 f i umodsys_lib_basesys:umodsys.basesys.rsystem_main.obj
 0001:00000260       ??_ERSystem@rsystem@base@UModSys@@UAEPAXI@Z 00401260 f i  CIL library: CIL module
 0001:00000260       ??_GRSystem@rsystem@base@UModSys@@UAEPAXI@Z 00401260 f i umodsys_lib_basesys:umodsys.basesys.rsystem_main.obj
 0001:00000270       ??_EISystem@base@UModSys@@UAEPAXI@Z 00401270 f i  CIL library: CIL module
 0001:00000270       ??_GISystem@base@UModSys@@UAEPAXI@Z 00401270 f i umodsys_lib_basesys:umodsys.basesys.rsystem_main.obj
 0001:00000280       ??1?$TStaticStringPool@DU?$TComparerBinaryHash@D@su@tl@UModSys@@USMemAlloc_Malloc@core@4@@tl@UModSys@@QAE@XZ 00401280 f i umodsys_lib_basesys:umodsys.basesys.rsystem_main.obj
 0001:00000290       ??1?$TQuantArrayUnique@USUniquePointerInfo@core@UModSys@@$0BAA@USMemAlloc_Malloc@23@@tl@UModSys@@QAE@XZ 00401290 f i umodsys_lib_basesys:umodsys.basesys.rsystem_main.obj
 0001:00000290       ??1?$TQuantArrayUnique@USSourceContext@core@UModSys@@$0BAA@USMemAlloc_Malloc@23@@tl@UModSys@@QAE@XZ 00401290 f i umodsys_lib_basesys:umodsys.basesys.rsystem_main.obj
 0001:00000310       ??1?$TTreeHoldRBD@U?$TQuantArrayNode@USSourceContext@core@UModSys@@$0BAA@@tl@UModSys@@U?$TNodeDeleter@U?$TQuantArrayNode@USSourceContext@core@UModSys@@$0BAA@@tl@UModSys@@USMemAlloc_Malloc@core@3@@23@@tl@UModSys@@QAE@XZ 00401310 f i umodsys_lib_basesys:umodsys.basesys.rsystem_main.obj
 0001:00000310       ??1?$TTreeHoldRBD@U?$TQuantArrayNode@USUniquePointerInfo@core@UModSys@@$0BAA@@tl@UModSys@@U?$TNodeDeleter@U?$TQuantArrayNode@USUniquePointerInfo@core@UModSys@@$0BAA@@tl@UModSys@@USMemAlloc_Malloc@core@3@@23@@tl@UModSys@@QAE@XZ 00401310 f i umodsys_lib_basesys:umodsys.basesys.rsystem_main.obj
 0001:00000360       ??0?$TRMemAlloc_CC@U?$TMemAllocHeader@USMagic@mem_headers@rsystem@base@UModSys@@U?$TPool@X@2345@USDebug@2345@UVoid@core@5@@rsystem@base@UModSys@@USMemAlloc_Malloc@core@4@@rsystem@base@UModSys@@QAE@PAUIExceptionHandler@core@3@@Z 00401360 f i umodsys_lib_basesys:umodsys.basesys.rsystem_main.obj
 0001:00000370       ??1?$TRMemAlloc_CC@U?$TMemAllocHeader@USMagic@mem_headers@rsystem@base@UModSys@@U?$TPool@X@2345@USDebug@2345@UVoid@core@5@@rsystem@base@UModSys@@USMemAlloc_Malloc@core@4@@rsystem@base@UModSys@@QAE@XZ 00401370 f i umodsys_lib_basesys:umodsys.basesys.rsystem_main.obj
 0001:00000380       ?mem_alloc@?$TRMemAlloc_CC@U?$TMemAllocHeader@USMagic@mem_headers@rsystem@base@UModSys@@U?$TPool@X@2345@USDebug@2345@UVoid@core@5@@rsystem@base@UModSys@@USMemAlloc_Malloc@core@4@@rsystem@base@UModSys@@UAEPAXIPBUSSourceContext@core@4@@Z 00401380 f i umodsys_lib_basesys:umodsys.basesys.rsystem_main.obj
 0001:000003c0       ?mem_realloc@?$TRMemAlloc_CC@U?$TMemAllocHeader@USMagic@mem_headers@rsystem@base@UModSys@@U?$TPool@X@2345@USDebug@2345@UVoid@core@5@@rsystem@base@UModSys@@USMemAlloc_Malloc@core@4@@rsystem@base@UModSys@@UAEPAXPAXIPBUSSourceContext@core@4@@Z 004013c0 f i umodsys_lib_basesys:umodsys.basesys.rsystem_main.obj
 0001:00000580       ?mem_free@?$TRMemAlloc_CC@U?$TMemAllocHeader@USMagic@mem_headers@rsystem@base@UModSys@@U?$TPool@X@2345@USDebug@2345@UVoid@core@5@@rsystem@base@UModSys@@USMemAlloc_Malloc@core@4@@rsystem@base@UModSys@@UAEXPAXPBUSSourceContext@core@4@@Z 00401580 f i umodsys_lib_basesys:umodsys.basesys.rsystem_main.obj
 0001:00000650       ?free@?$TStaticStringPool@DU?$TComparerBinaryHash@D@su@tl@UModSys@@USMemAlloc_Malloc@core@4@@tl@UModSys@@QAEXXZ 00401650 f i umodsys_lib_basesys:umodsys.basesys.rsystem_main.obj
 0001:000006a0       ?get@?$TQuantArrayUnique@USUniquePointerInfo@core@UModSys@@$0BAA@USMemAlloc_Malloc@23@@tl@UModSys@@QBEPBUSUniquePointerInfo@core@3@I@Z 004016a0 f i umodsys_lib_basesys:umodsys.basesys.rsystem_main.obj
 0001:00000710       ??$process@UEFatal@core@UModSys@@@IExceptionHandler@core@UModSys@@QAEXABUEFatal@12@@Z 00401710 f i umodsys_lib_basesys:umodsys.basesys.rsystem_main.obj
 0001:00000760       ??$process@UEWarning@core@UModSys@@@IExceptionHandler@core@UModSys@@QAEXABUEWarning@12@@Z 00401760 f i umodsys_lib_basesys:umodsys.basesys.rsystem_main.obj
 0001:000007b0       ??$process_nodes_r@U?$TNodeDeleter@U?$TQuantArrayNode@USUniquePointerInfo@core@UModSys@@$0BAA@@tl@UModSys@@USMemAlloc_Malloc@core@3@@tl@UModSys@@@?$TTreeHoldRB@U?$TQuantArrayNode@USUniquePointerInfo@core@UModSys@@$0BAA@@tl@UModSys@@@tl@UModSys@@KAHPAU?$TQuantArrayNode@USUniquePointerInfo@core@UModSys@@$0BAA@@12@ABU?$TNodeDeleter@U?$TQuantArrayNode@USUniquePointerInfo@core@UModSys@@$0BAA@@tl@UModSys@@USMemAlloc_Malloc@core@3@@12@@Z 004017b0 f i umodsys_lib_basesys:umodsys.basesys.rsystem_main.obj
 0001:000007b0       ??$process_nodes_r@U?$TNodeDeleter@U?$TQuantArrayNode@USSourceContext@core@UModSys@@$0BAA@@tl@UModSys@@USMemAlloc_Malloc@core@3@@tl@UModSys@@@?$TTreeHoldRB@U?$TQuantArrayNode@USSourceContext@core@UModSys@@$0BAA@@tl@UModSys@@@tl@UModSys@@KAHPAU?$TQuantArrayNode@USSourceContext@core@UModSys@@$0BAA@@12@ABU?$TNodeDeleter@U?$TQuantArrayNode@USSourceContext@core@UModSys@@$0BAA@@tl@UModSys@@USMemAlloc_Malloc@core@3@@12@@Z 004017b0 f i umodsys_lib_basesys:umodsys.basesys.rsystem_main.obj
 0001:00000800       ??0EFatal@core@UModSys@@QAE@ABU012@@Z 00401800 f i umodsys_lib_basesys:umodsys.basesys.rsystem_main.obj
 0001:00000840       ??0EExceptionBase@core@UModSys@@QAE@ABU012@@Z 00401840 f i umodsys_lib_basesys:umodsys.basesys.rsystem_main.obj
 0001:00000870       ??0EWarning@core@UModSys@@QAE@ABU012@@Z 00401870 f i umodsys_lib_basesys:umodsys.basesys.rsystem_main.obj
 0001:000008b0       ??1?$TParametersA@$0EAA@@core@UModSys@@QAE@XZ 004018b0 f i umodsys_lib_basesys:umodsys.basesys.rsystem_tests.obj
 0001:000008c0       ??$t_moduledb_generate@UIShell@base@UModSys@@@IModuleLoader@base@UModSys@@QAE_NAAU?$TRefObject@UIShell@base@UModSys@@@tl@2@PBUSUniquePointerInfo@core@2@ABUSParameters@62@@Z 004018c0 f i umodsys_lib_basesys:umodsys.basesys.rsystem_tests.obj
 0001:00000990       ??1?$TRefObject@UIShell@base@UModSys@@@tl@UModSys@@QAE@XZ 00401990 f i umodsys_lib_basesys:umodsys.basesys.rsystem_tests.obj
 0001:00000990       ??1?$TRefObject@URModuleLibrary@rsystem@base@UModSys@@@tl@UModSys@@QAE@XZ 00401990 f i umodsys_lib_basesys:umodsys.basesys.rmoduleloader.obj
 0001:00000990       ??1?$TRefObject@URParameters@rsystem@base@UModSys@@@tl@UModSys@@QAE@XZ 00401990 f i umodsys_lib_basesys:umodsys.basesys.rsystem_main.obj
 0001:00000990       ??1?$TRefObject@UIRefObject@core@UModSys@@@tl@UModSys@@QAE@XZ 00401990 f i umodsys_lib_basesys:umodsys.basesys.rsystem_tests.obj
 0001:000009b0       ??_ERModuleLoader@rsystem@base@UModSys@@UAEPAXI@Z 004019b0 f i  CIL library: CIL module
 0001:000009b0       ??_GRModuleLoader@rsystem@base@UModSys@@UAEPAXI@Z 004019b0 f i umodsys_lib_basesys:umodsys.basesys.rmoduleloader.obj
 0001:000009d0       ??_EIModuleLoader@base@UModSys@@UAEPAXI@Z 004019d0 f i  CIL library: CIL module
 0001:000009d0       ??_GIModuleLoader@base@UModSys@@UAEPAXI@Z 004019d0 f i umodsys_lib_basesys:umodsys.basesys.rmoduleloader.obj
 0001:000009f0       ?append@?$TStaticStringPool@DU?$TComparerBinaryHash@D@su@tl@UModSys@@USMemAlloc_Malloc@core@4@@tl@UModSys@@QAEPBU?$TString@U?$TSCoreConst@D@su@tl@UModSys@@U?$TComparerBinaryHash@D@234@@23@PBDI@Z 004019f0 f i umodsys_lib_basesys:umodsys.basesys.rmoduleloader.obj
 0001:00000bb0       ?items_destruct@?$TArrayCont@U?$TArrayHolderDynamic@U?$TRefObject@URModule@rsystem@base@UModSys@@@tl@UModSys@@U?$TAllocator@USMemAlloc_Malloc@core@UModSys@@USCountCalcPower2@23@@23@@tl@UModSys@@@tl@UModSys@@IAEXII@Z 00401bb0 f i umodsys_lib_basesys:umodsys.basesys.rmodulelib.obj
 0001:00000bb0       ?items_destruct@?$TArrayCont@U?$TArrayHolderDynamic@U?$TRefObject@URModuleLibrary@rsystem@base@UModSys@@@tl@UModSys@@U?$TAllocator@USMemAlloc_Malloc@core@UModSys@@USCountCalcPower2@23@@23@@tl@UModSys@@@tl@UModSys@@IAEXII@Z 00401bb0 f i umodsys_lib_basesys:umodsys.basesys.rmoduleloader.obj
 0001:00000bf0       ?find_s@?$TStaticStringPool@DU?$TComparerBinaryHash@D@su@tl@UModSys@@USMemAlloc_Malloc@core@4@@tl@UModSys@@QBEPBU?$TString@U?$TSCoreConst@D@su@tl@UModSys@@U?$TComparerBinaryHash@D@234@@23@ABU423@@Z 00401bf0 f i umodsys_lib_basesys:umodsys.basesys.rmoduleloader.obj
 0001:00000c80       ?find@?$TQuantArrayUnique@USSourceContext@core@UModSys@@$0BAA@USMemAlloc_Malloc@23@@tl@UModSys@@QAEPBUSSourceContext@core@3@ABU453@@Z 00401c80 f i umodsys_lib_basesys:umodsys.basesys.rsystem.obj
 0001:00000c80       ?find@?$TQuantArrayUnique@USUniquePointerInfo@core@UModSys@@$0BAA@USMemAlloc_Malloc@23@@tl@UModSys@@QAEPBUSUniquePointerInfo@core@3@ABU453@@Z 00401c80 f i umodsys_lib_basesys:umodsys.basesys.rsystem.obj
 0001:00000d70       ?add@?$TQuantArrayUnique@USSourceContext@core@UModSys@@$0BAA@USMemAlloc_Malloc@23@@tl@UModSys@@QAEPAUSSourceContext@core@3@ABU453@@Z 00401d70 f i umodsys_lib_basesys:umodsys.basesys.rsystem.obj
 0001:00000d70       ?add@?$TQuantArrayUnique@USUniquePointerInfo@core@UModSys@@$0BAA@USMemAlloc_Malloc@23@@tl@UModSys@@QAEPAUSUniquePointerInfo@core@3@ABU453@@Z 00401d70 f i umodsys_lib_basesys:umodsys.basesys.rsystem.obj
 0001:00000f00       ?insert_color@?$TTreeHoldRB@U?$TQuantArrayNode@USUniquePointerInfo@core@UModSys@@$0BAA@@tl@UModSys@@@tl@UModSys@@IAEXPAU?$TQuantArrayNode@USUniquePointerInfo@core@UModSys@@$0BAA@@23@@Z 00401f00 f i umodsys_lib_basesys:umodsys.basesys.rsystem.obj
 0001:00000f00       ?insert_color@?$TTreeHoldRB@U?$TQuantArrayNode@USSourceContext@core@UModSys@@$0BAA@@tl@UModSys@@@tl@UModSys@@IAEXPAU?$TQuantArrayNode@USSourceContext@core@UModSys@@$0BAA@@23@@Z 00401f00 f i umodsys_lib_basesys:umodsys.basesys.rsystem.obj
 0001:000010a0       ?get_interface_info@RParameters@rsystem@base@UModSys@@UBEABUSUniquePointerInfo@core@4@XZ 004020a0 f i umodsys_lib_basesys:umodsys.basesys.rparameters.obj
 0001:000010b0       ?get_interface_type@RParameters@rsystem@base@UModSys@@UBEPBUSUniquePointerInfo@core@4@XZ 004020b0 f i umodsys_lib_basesys:umodsys.basesys.rparameters.obj
 0001:000010c0       ?get_interface_types@RModule@rsystem@base@UModSys@@UBEIAAUSUniquePtrList@core@4@@Z 004020c0 f i umodsys_lib_basesys:umodsys.basesys.rmodule.obj
 0001:000010c0       ?get_interface_types@RConsole_std@rsystem@base@UModSys@@UBEIAAUSUniquePtrList@core@4@@Z 004020c0 f i umodsys_lib_basesys:umodsys.basesys.rconsole_std.obj
 0001:000010c0       ?get_interface_types@RModuleLibrary@rsystem@base@UModSys@@UBEIAAUSUniquePtrList@core@4@@Z 004020c0 f i umodsys_lib_basesys:umodsys.basesys.rmodulelib.obj
 0001:000010c0       ?get_interface_types@RSystem@rsystem@base@UModSys@@UBEIAAUSUniquePtrList@core@4@@Z 004020c0 f i umodsys_lib_basesys:umodsys.basesys.rsystem_main.obj
 0001:000010c0       ?get_interface_types@RParameters@rsystem@base@UModSys@@UBEIAAUSUniquePtrList@core@4@@Z 004020c0 f i umodsys_lib_basesys:umodsys.basesys.rparameters.obj
 0001:000010c0       ?get_interface_types@ISystem@base@UModSys@@UBEIAAUSUniquePtrList@core@3@@Z 004020c0 f i umodsys_lib_basesys:umodsys.basesys.rsystem_main.obj
 0001:000010d0       ?get_other_interface@RParameters@rsystem@base@UModSys@@UAEPAUIRoot@core@4@PBUSUniquePointerInfo@64@@Z 004020d0 f i umodsys_lib_basesys:umodsys.basesys.rparameters.obj
 0001:000010d0       ?get_other_interface@RParameters@rsystem@base@UModSys@@UBEPBUIRoot@core@4@PBUSUniquePointerInfo@64@@Z 004020d0 f i umodsys_lib_basesys:umodsys.basesys.rparameters.obj
 0001:00001100       ?ref_add@RParameters@rsystem@base@UModSys@@UBEXXZ 00402100 f i umodsys_lib_basesys:umodsys.basesys.rparameters.obj
 0001:00001110       ?ref_remove@RParameters@rsystem@base@UModSys@@UBEXXZ 00402110 f i umodsys_lib_basesys:umodsys.basesys.rparameters.obj
 0001:00001120       ?ref_links@RParameters@rsystem@base@UModSys@@UBEHXZ 00402120 f i umodsys_lib_basesys:umodsys.basesys.rparameters.obj
 0001:00001130       ?suicide@RParameters@rsystem@base@UModSys@@UAEXXZ 00402130 f i umodsys_lib_basesys:umodsys.basesys.rparameters.obj
 0001:00001150       ??_GRParameters@rsystem@base@UModSys@@UAEPAXI@Z 00402150 f i umodsys_lib_basesys:umodsys.basesys.rparameters.obj
 0001:00001150       ??_ERParameters@rsystem@base@UModSys@@UAEPAXI@Z 00402150 f i  CIL library: CIL module
 0001:00001160       ??$shash@D@su@tl@UModSys@@YAHPBD@Z 00402160 f i umodsys_lib_basesys:umodsys.basesys.rparameters.obj
 0001:00001180       ??$t_alloc@UIMemAlloc@core@UModSys@@@SMemChunk@core@UModSys@@QAE_NAAUIMemAlloc@12@IPBUSSourceContext@12@@Z 00402180 f i umodsys_lib_basesys:umodsys.basesys.rparameters.obj
 0001:000011c0       ?get_interface_info@RModuleLibrary@rsystem@base@UModSys@@UBEABUSUniquePointerInfo@core@4@XZ 004021c0 f i umodsys_lib_basesys:umodsys.basesys.rmodulelib.obj
 0001:000011d0       ?get_interface_type@RModuleLibrary@rsystem@base@UModSys@@UBEPBUSUniquePointerInfo@core@4@XZ 004021d0 f i umodsys_lib_basesys:umodsys.basesys.rmodulelib.obj
 0001:000011e0       ?get_other_interface@RModuleLibrary@rsystem@base@UModSys@@UAEPAUIRoot@core@4@PBUSUniquePointerInfo@64@@Z 004021e0 f i umodsys_lib_basesys:umodsys.basesys.rmodulelib.obj
 0001:000011e0       ?get_other_interface@RModuleLibrary@rsystem@base@UModSys@@UBEPBUIRoot@core@4@PBUSUniquePointerInfo@64@@Z 004021e0 f i umodsys_lib_basesys:umodsys.basesys.rmodulelib.obj
 0001:00001210       ?ref_add@RModuleLibrary@rsystem@base@UModSys@@UBEXXZ 00402210 f i umodsys_lib_basesys:umodsys.basesys.rmodulelib.obj
 0001:00001220       ?ref_remove@RModuleLibrary@rsystem@base@UModSys@@UBEXXZ 00402220 f i umodsys_lib_basesys:umodsys.basesys.rmodulelib.obj
 0001:00001230       ?ref_links@RModuleLibrary@rsystem@base@UModSys@@UBEHXZ 00402230 f i umodsys_lib_basesys:umodsys.basesys.rmodulelib.obj
 0001:00001240       ?suicide@RModuleLibrary@rsystem@base@UModSys@@UAEXXZ 00402240 f i umodsys_lib_basesys:umodsys.basesys.rmodulelib.obj
 0001:00001260       ??_ERModuleLibrary@rsystem@base@UModSys@@UAEPAXI@Z 00402260 f i  CIL library: CIL module
 0001:00001260       ??_GRModuleLibrary@rsystem@base@UModSys@@UAEPAXI@Z 00402260 f i umodsys_lib_basesys:umodsys.basesys.rmodulelib.obj
 0001:00001270       ??1?$TString@U?$TSCoreShared@USMemAlloc_Malloc@core@UModSys@@D@su@tl@UModSys@@U?$TComparerBinaryHash@D@234@@tl@UModSys@@QAE@XZ 00402270 f i umodsys_lib_basesys:umodsys.basesys.rmodulelib.obj
 0001:000012a0       ??_EIModuleLibrary@base@UModSys@@UAEPAXI@Z 004022a0 f i  CIL library: CIL module
 0001:000012a0       ??_GIModuleLibrary@base@UModSys@@UAEPAXI@Z 004022a0 f i umodsys_lib_basesys:umodsys.basesys.rmodulelib.obj
 0001:000012b0       ??1?$TArrayContDynamic@U?$TRefObject@URModule@rsystem@base@UModSys@@@tl@UModSys@@U?$TAllocator@USMemAlloc_Malloc@core@UModSys@@USCountCalcPower2@23@@23@@tl@UModSys@@QAE@XZ 004022b0 f i umodsys_lib_basesys:umodsys.basesys.rmodulelib.obj
 0001:00001300       ?ResizeRel@?$TArrayCont@U?$TArrayHolderDynamic@U?$TRefObject@URModule@rsystem@base@UModSys@@@tl@UModSys@@U?$TAllocator@USMemAlloc_Malloc@core@UModSys@@USCountCalcPower2@23@@23@@tl@UModSys@@@tl@UModSys@@QAE_NH@Z 00402300 f i umodsys_lib_basesys:umodsys.basesys.rmodulelib.obj
 0001:00001300       ?ResizeRel@?$TArrayCont@U?$TArrayHolderDynamic@U?$TRefObject@URModuleLibrary@rsystem@base@UModSys@@@tl@UModSys@@U?$TAllocator@USMemAlloc_Malloc@core@UModSys@@USCountCalcPower2@23@@23@@tl@UModSys@@@tl@UModSys@@QAE_NH@Z 00402300 f i umodsys_lib_basesys:umodsys.basesys.rmoduleloader.obj
 0001:00001370       ?info_new@?$TSCoreShared@USMemAlloc_Malloc@core@UModSys@@D@su@tl@UModSys@@QAE_NPBDI@Z 00402370 f i umodsys_lib_basesys:umodsys.basesys.rmodulelib.obj
 0001:000013f0       ?Push@?$TArrayCont@U?$TArrayHolderDynamic@U?$TRefObject@URModule@rsystem@base@UModSys@@@tl@UModSys@@U?$TAllocator@USMemAlloc_Malloc@core@UModSys@@USCountCalcPower2@23@@23@@tl@UModSys@@@tl@UModSys@@QAE_NABU?$TRefObject@URModule@rsystem@base@UModSys@@@23@@Z 004023f0 f i umodsys_lib_basesys:umodsys.basesys.rmodulelib.obj
 0001:000013f0       ?Push@?$TArrayCont@U?$TArrayHolderDynamic@U?$TRefObject@URModuleLibrary@rsystem@base@UModSys@@@tl@UModSys@@U?$TAllocator@USMemAlloc_Malloc@core@UModSys@@USCountCalcPower2@23@@23@@tl@UModSys@@@tl@UModSys@@QAE_NABU?$TRefObject@URModuleLibrary@rsystem@base@UModSys@@@23@@Z 004023f0 f i umodsys_lib_basesys:umodsys.basesys.rmodulelib.obj
 0001:00001470       ?get_interface_info@RModule@rsystem@base@UModSys@@UBEABUSUniquePointerInfo@core@4@XZ 00402470 f i umodsys_lib_basesys:umodsys.basesys.rmodule.obj
 0001:00001480       ?get_interface_type@RModule@rsystem@base@UModSys@@UBEPBUSUniquePointerInfo@core@4@XZ 00402480 f i umodsys_lib_basesys:umodsys.basesys.rmodule.obj
 0001:00001490       ?get_other_interface@RModule@rsystem@base@UModSys@@UAEPAUIRoot@core@4@PBUSUniquePointerInfo@64@@Z 00402490 f i umodsys_lib_basesys:umodsys.basesys.rmodule.obj
 0001:00001490       ?get_other_interface@RModule@rsystem@base@UModSys@@UBEPBUIRoot@core@4@PBUSUniquePointerInfo@64@@Z 00402490 f i umodsys_lib_basesys:umodsys.basesys.rmodule.obj
 0001:000014c0       ?ref_add@RModule@rsystem@base@UModSys@@UBEXXZ 004024c0 f i umodsys_lib_basesys:umodsys.basesys.rmodule.obj
 0001:000014d0       ?ref_remove@RModule@rsystem@base@UModSys@@UBEXXZ 004024d0 f i umodsys_lib_basesys:umodsys.basesys.rmodule.obj
 0001:000014e0       ?ref_links@RModule@rsystem@base@UModSys@@UBEHXZ 004024e0 f i umodsys_lib_basesys:umodsys.basesys.rmodule.obj
 0001:000014f0       ?suicide@RModule@rsystem@base@UModSys@@UAEXXZ 004024f0 f i umodsys_lib_basesys:umodsys.basesys.rmodule.obj
 0001:00001560       ??_GRModule@rsystem@base@UModSys@@UAEPAXI@Z 00402560 f i umodsys_lib_basesys:umodsys.basesys.rmodule.obj
 0001:00001560       ??_ERModule@rsystem@base@UModSys@@UAEPAXI@Z 00402560 f i  CIL library: CIL module
 0001:00001570       ??_GIModule@base@UModSys@@UAEPAXI@Z 00402570 f i umodsys_lib_basesys:umodsys.basesys.rmodule.obj
 0001:00001570       ??_EIModule@base@UModSys@@UAEPAXI@Z 00402570 f i  CIL library: CIL module
 0001:00001580       ??1?$TArrayContDynamic@UModuleObjInfo@RModule@rsystem@base@UModSys@@U?$TAllocator@USMemAlloc_Malloc@core@UModSys@@USCountCalcPower2@23@@tl@5@@tl@UModSys@@QAE@XZ 00402580 f i umodsys_lib_basesys:umodsys.basesys.rmodule.obj
 0001:000015b0       ??1?$TArrayContDynamic@UGeneratedObjInfo@RModule@rsystem@base@UModSys@@U?$TAllocator@USMemAlloc_Malloc@core@UModSys@@USCountCalcPower2@23@@tl@5@@tl@UModSys@@QAE@XZ 004025b0 f i umodsys_lib_basesys:umodsys.basesys.rmodule.obj
 0001:000015e0       ??1?$TArrayContDynamic@PBUSUniquePointerInfo@core@UModSys@@U?$TAllocator@USMemAlloc_Malloc@core@UModSys@@USCountCalcPower2@23@@tl@3@@tl@UModSys@@QAE@XZ 004025e0 f i umodsys_lib_basesys:umodsys.basesys.rmodule.obj
 0001:000015f0       ??1?$TArrayCont@U?$TArrayHolderDynamic@PBUSUniquePointerInfo@core@UModSys@@U?$TAllocator@USMemAlloc_Malloc@core@UModSys@@USCountCalcPower2@23@@tl@3@@tl@UModSys@@@tl@UModSys@@QAE@XZ 004025f0 f i umodsys_lib_basesys:umodsys.basesys.rmodule.obj
 0001:00001660       ?Free@?$TArrayCont@U?$TArrayHolderDynamic@UModuleObjInfo@RModule@rsystem@base@UModSys@@U?$TAllocator@USMemAlloc_Malloc@core@UModSys@@USCountCalcPower2@23@@tl@5@@tl@UModSys@@@tl@UModSys@@QAE_NXZ 00402660 f i umodsys_lib_basesys:umodsys.basesys.rmodule.obj
 0001:000016d0       ?Free@?$TArrayCont@U?$TArrayHolderDynamic@UGeneratedObjInfo@RModule@rsystem@base@UModSys@@U?$TAllocator@USMemAlloc_Malloc@core@UModSys@@USCountCalcPower2@23@@tl@5@@tl@UModSys@@@tl@UModSys@@QAE_NXZ 004026d0 f i umodsys_lib_basesys:umodsys.basesys.rmodule.obj
 0001:00001740       ?ReLink@?$TArrayCont@U?$TArrayHolderDynamic@UModuleObjInfo@RModule@rsystem@base@UModSys@@U?$TAllocator@USMemAlloc_Malloc@core@UModSys@@USCountCalcPower2@23@@tl@5@@tl@UModSys@@@tl@UModSys@@IAE_NI@Z 00402740 f i umodsys_lib_basesys:umodsys.basesys.rmodule.obj
 0001:00001790       ?items_construct@?$TArrayCont@U?$TArrayHolderDynamic@UModuleObjInfo@RModule@rsystem@base@UModSys@@U?$TAllocator@USMemAlloc_Malloc@core@UModSys@@USCountCalcPower2@23@@tl@5@@tl@UModSys@@@tl@UModSys@@IAEXII@Z 00402790 f i umodsys_lib_basesys:umodsys.basesys.rmodule.obj
 0001:000017d0       ?ReLink@?$TArrayCont@U?$TArrayHolderDynamic@UGeneratedObjInfo@RModule@rsystem@base@UModSys@@U?$TAllocator@USMemAlloc_Malloc@core@UModSys@@USCountCalcPower2@23@@tl@5@@tl@UModSys@@@tl@UModSys@@IAE_NI@Z 004027d0 f i umodsys_lib_basesys:umodsys.basesys.rmodule.obj
 0001:00001820       ?items_construct@?$TArrayCont@U?$TArrayHolderDynamic@UGeneratedObjInfo@RModule@rsystem@base@UModSys@@U?$TAllocator@USMemAlloc_Malloc@core@UModSys@@USCountCalcPower2@23@@tl@5@@tl@UModSys@@@tl@UModSys@@IAEXII@Z 00402820 f i umodsys_lib_basesys:umodsys.basesys.rmodule.obj
 0001:00001860       ?ReLink@?$TArrayCont@U?$TArrayHolderDynamic@U?$TRefObject@URModuleLibrary@rsystem@base@UModSys@@@tl@UModSys@@U?$TAllocator@USMemAlloc_Malloc@core@UModSys@@USCountCalcPower2@23@@23@@tl@UModSys@@@tl@UModSys@@IAE_NI@Z 00402860 f i umodsys_lib_basesys:umodsys.basesys.rmoduleloader.obj
 0001:00001860       ?ReLink@?$TArrayCont@U?$TArrayHolderDynamic@PBUSUniquePointerInfo@core@UModSys@@U?$TAllocator@USMemAlloc_Malloc@core@UModSys@@USCountCalcPower2@23@@tl@3@@tl@UModSys@@@tl@UModSys@@IAE_NI@Z 00402860 f i umodsys_lib_basesys:umodsys.basesys.rmodule.obj
 0001:00001860       ?ReLink@?$TArrayCont@U?$TArrayHolderDynamic@U?$TRefObject@URModule@rsystem@base@UModSys@@@tl@UModSys@@U?$TAllocator@USMemAlloc_Malloc@core@UModSys@@USCountCalcPower2@23@@23@@tl@UModSys@@@tl@UModSys@@IAE_NI@Z 00402860 f i umodsys_lib_basesys:umodsys.basesys.rmodulelib.obj
 0001:000018a1       __onexit                   004028a1 f   MSVCRT:atonexit.obj
 0001:00001946       _atexit                    00402946 f   MSVCRT:atonexit.obj
 0001:00001bff       _mainCRTStartup            00402bff f   MSVCRT:crtexe.obj
 0001:00001c0a       __purecall                 00402c0a f   MSVCRT:MSVCR90.dll
 0001:00001c10       ??_Etype_info@@UAEPAXI@Z   00402c10 f i MSVCRT:ti_inst.obj
 0001:00001c5c       ??3@YAXPAX@Z               00402c5c f   MSVCRT:MSVCR90.dll
 0001:00001c62       __unlock                   00402c62 f   MSVCRT:MSVCR90.dll
 0001:00001c68       ___dllonexit               00402c68 f   MSVCRT:MSVCR90.dll
 0001:00001c6e       __lock                     00402c6e f   MSVCRT:MSVCR90.dll
 0001:00001c74       __SEH_prolog4              00402c74 f   MSVCRT:sehprolg4.obj
 0001:00001cb9       __SEH_epilog4              00402cb9 f   MSVCRT:sehprolg4.obj
 0001:00001ccd       __except_handler4          00402ccd f   MSVCRT:chandler4gs.obj
 0001:00001cf2       ?__CxxUnhandledExceptionFilter@@YGJPAU_EXCEPTION_POINTERS@@@Z 00402cf2 f   MSVCRT:unhandld.obj
 0001:00001d34       ___CxxSetUnhandledExceptionFilter 00402d34 f   MSVCRT:unhandld.obj
 0001:00001d42       __amsg_exit                00402d42 f   MSVCRT:MSVCR90.dll
 0001:00001d48       __RTC_Initialize           00402d48 f   MSVCRT:_initsect_.obj
 0001:00001d6e       __RTC_Terminate            00402d6e f   MSVCRT:_initsect_.obj
 0001:00001d94       __XcptFilter               00402d94 f   MSVCRT:MSVCR90.dll
 0001:00001da0       __ValidateImageBase        00402da0 f   MSVCRT:pesect.obj
 0001:00001de0       __FindPESection            00402de0 f   MSVCRT:pesect.obj
 0001:00001e30       __IsNonwritableInCurrentImage 00402e30 f   MSVCRT:pesect.obj
 0001:00001eee       __initterm                 00402eee f   MSVCRT:MSVCR90.dll
 0001:00001ef4       __initterm_e               00402ef4 f   MSVCRT:MSVCR90.dll
 0001:00001efa       __setdefaultprecision      00402efa f   MSVCRT:fp8.obj
 0001:00001f25       __setargv                  00402f25 f   MSVCRT:dllargv.obj
 0001:00001f25       __matherr                  00402f25 f   MSVCRT:merr.obj
 0001:00001f28       ___security_init_cookie    00402f28 f   MSVCRT:gs_support.obj
 0001:00001fbe       ?__ArrayUnwind@@YGXPAXIHP6EX0@Z@Z 00402fbe f   MSVCRT:ehvecdtr.obj
 0001:0000201c       ??_M@YGXPAXIHP6EX0@Z@Z     0040301c f   MSVCRT:ehvecdtr.obj
 0001:0000207f       @__security_check_cookie@4 0040307f f   MSVCRT:secchk.obj
 0001:0000208e       __except_handler4_common   0040308e f   MSVCRT:MSVCR90.dll
 0001:00002094       ?terminate@@YAXXZ          00403094 f   MSVCRT:MSVCR90.dll
 0001:0000209a       __invoke_watson            0040309a f   MSVCRT:MSVCR90.dll
 0001:000020a0       __controlfp_s              004030a0 f   MSVCRT:MSVCR90.dll
 0001:000020a6       ??1type_info@@UAE@XZ       004030a6 f   MSVCRT:MSVCR90.dll
 0001:000020a6       ?_type_info_dtor_internal_method@type_info@@QAEXXZ 004030a6 f   MSVCRT:MSVCR90.dll
 0001:000020ac       ___report_gsfailure        004030ac f   MSVCRT:gs_report.obj
 0001:000021b2       __crt_debugger_hook        004031b2 f   MSVCRT:MSVCR90.dll
 0001:000021c0       ?gracial_convert@syshlp@core@UModSys@@YA_NPADHPB_WH@Z 004031c0 f   umodsys_lib_core:umodsys.core.syshlp_charcode.win32.obj
 0001:000021f0       ?gracial_convert@syshlp@core@UModSys@@YA_NPA_WHPBDH@Z 004031f0 f   umodsys_lib_core:umodsys.core.syshlp_charcode.win32.obj
 0001:00002220       ?path_uni_os@syshlp@core@UModSys@@YAXPA_W@Z 00403220 f   umodsys_lib_core:umodsys.core.syshlp_chars.win32.obj
 0001:00002240       ?path_os_uni@syshlp@core@UModSys@@YAXPAD@Z 00403240 f   umodsys_lib_core:umodsys.core.syshlp_chars.win32.obj
 0001:00002260       ?gracial_cpy@syshlp@core@UModSys@@YA_NPA_WHQAPB_WH@Z 00403260 f   umodsys_lib_core:umodsys.core.syshlp_chars.win32.obj
 0001:00002300       ?gracial_cpy@syshlp@core@UModSys@@YA_NPADHQAPBDH@Z 00403300 f   umodsys_lib_core:umodsys.core.syshlp_chars.win32.obj
 0001:00002390       ?suicide@IRoot@core@UModSys@@UAEXXZ 00403390 f   umodsys_lib_core:umodsys.core.objects.obj
 0001:000023a0       ??1IRoot@core@UModSys@@UAE@XZ 004033a0 f   umodsys_lib_core:umodsys.core.objects.obj
 0001:000023b0       ??1IRefObject@core@UModSys@@UAE@XZ 004033b0 f   umodsys_lib_core:umodsys.core.objects.obj
 0001:000023c0       ??3IRoot@core@UModSys@@SAXPAXABUSIMemAlloc@12@@Z 004033c0 f   umodsys_lib_core:umodsys.core.objects.obj
 0001:000023e0       ??2IRoot@core@UModSys@@SAPAXIABUSIMemAlloc@12@@Z 004033e0 f   umodsys_lib_core:umodsys.core.objects.obj
 0001:000023f0       ??0SUniquePtrList@core@UModSys@@QAE@PAPBUSUniquePointerInfo@12@I@Z 004033f0 f   umodsys_lib_core:umodsys.core.uniqueptr.obj
 0001:00002410       ?s_unresolve@SUniquePointer@core@UModSys@@SAXPAUIUniquePointerResolver@23@@Z 00403410 f   umodsys_lib_core:umodsys.core.uniqueptr.obj
 0001:00002450       ?s_resolve@SUniquePointer@core@UModSys@@SAXPAUIUniquePointerResolver@23@@Z 00403450 f   umodsys_lib_core:umodsys.core.uniqueptr.obj
 0001:000024a0       ??1SUniquePointer@core@UModSys@@QAE@XZ 004034a0 f   umodsys_lib_core:umodsys.core.uniqueptr.obj
 0001:000024d0       ??0SUniquePointer@core@UModSys@@QAE@H@Z 004034d0 f   umodsys_lib_core:umodsys.core.uniqueptr.obj
 0001:000024f0       ??0SUniquePointer@core@UModSys@@QAE@PBD0H@Z 004034f0 f   umodsys_lib_core:umodsys.core.uniqueptr.obj
 0001:00002540       ??1SModuleInfo@base@UModSys@@QAE@XZ 00403540 f   umodsys_lib_base:umodsys.base.moduleinfo.obj
 0001:00002550       ??0SModuleInfo@base@UModSys@@QAE@XZ 00403550 f   umodsys_lib_base:umodsys.base.moduleinfo.obj
 0001:00002570       ??1IModuleLoader@base@UModSys@@UAE@XZ 00403570 f   umodsys_lib_base:umodsys.base.moduleloader.obj
 0001:00002580       ??1SDebug@base@UModSys@@QAE@XZ 00403580 f   umodsys_lib_base:umodsys.base.debug.obj
 0001:000025a0       ??0SDebug@base@UModSys@@QAE@PAUIConsole@12@I@Z 004035a0 f   umodsys_lib_base:umodsys.base.debug.obj
 0001:000025c0       ??1ISystem@base@UModSys@@UAE@XZ 004035c0 f   umodsys_lib_base:umodsys.base.system.obj
 0001:000025d0       ?Link@SModuleContext@base@UModSys@@QAEXPAUISystem@23@PAUIMemAlloc@core@3@@Z 004035d0 f   umodsys_lib_base:umodsys.base.modulecontext.obj
 0001:00002600       ??1SModuleContext@base@UModSys@@QAE@XZ 00403600 f   umodsys_lib_base:umodsys.base.modulecontext.obj
 0001:00002610       ?get_paramworker@SParameters@core@UModSys@@KAPAUIParameters@23@XZ 00403610 f   umodsys_lib_base:umodsys.base.modulecontext.obj
 0001:00002620       ??0SModuleContext@base@UModSys@@QAE@XZ 00403620 f   umodsys_lib_base:umodsys.base.modulecontext.obj
 0001:00002640       ?scan@RModule@rsystem@base@UModSys@@QAE_NXZ 00403640 f   umodsys_lib_basesys:umodsys.basesys.rmodule.obj
 0001:00002670       ?mod_findobjname@RModule@rsystem@base@UModSys@@UAEIPBUSUniquePointerInfo@core@4@QAPBU564@I@Z 00403670 f   umodsys_lib_basesys:umodsys.basesys.rmodule.obj
 0001:000026f0       ?is_open@RModule@rsystem@base@UModSys@@UBE_NXZ 004036f0 f   umodsys_lib_basesys:umodsys.basesys.rmodule.obj
 0001:00002710       ?get_info@RModule@rsystem@base@UModSys@@UBEABUSModuleInfo@34@XZ 00403710 f   umodsys_lib_basesys:umodsys.basesys.rmodule.obj
 0001:00002720       ?get_library@RModule@rsystem@base@UModSys@@UBEPAUIModuleLibrary@34@XZ 00403720 f   umodsys_lib_basesys:umodsys.basesys.rmodule.obj
 0001:00002730       ??1RModule@rsystem@base@UModSys@@UAE@XZ 00403730 f   umodsys_lib_basesys:umodsys.basesys.rmodule.obj
 0001:000027a0       ?unreg_obj@RModule@rsystem@base@UModSys@@QAE_NPAUIModObject@34@@Z 004037a0 f   umodsys_lib_basesys:umodsys.basesys.rmodule.obj
 0001:00002840       ?reg_generator@RModule@rsystem@base@UModSys@@QAE_NPAUModuleObjInfo@1234@PAUIGenerator@34@@Z 00403840 f   umodsys_lib_basesys:umodsys.basesys.rmodule.obj
 0001:00002a80       ?save_db@RModule@rsystem@base@UModSys@@QAE_NPAU_iobuf@@@Z 00403a80 f   umodsys_lib_basesys:umodsys.basesys.rmodule.obj
 0001:00002c30       ?alloc_minfo@RModule@rsystem@base@UModSys@@QAE_NABUSModuleInfo@34@@Z 00403c30 f   umodsys_lib_basesys:umodsys.basesys.rmodule.obj
 0001:00002cb0       ?reg_obj@RModule@rsystem@base@UModSys@@QAEPAUModuleObjInfo@1234@PAUIModObject@34@@Z 00403cb0 f   umodsys_lib_basesys:umodsys.basesys.rmodule.obj
 0001:00002df0       ?mod_generate@RModule@rsystem@base@UModSys@@UAE_NAAU?$TRefObject@UIRefObject@core@UModSys@@@tl@4@PBUSUniquePointerInfo@core@4@ABUSParameters@84@@Z 00403df0 f   umodsys_lib_basesys:umodsys.basesys.rmodule.obj
 0001:00002f10       ?reg@RModule@rsystem@base@UModSys@@UAE_NPAUIGenerator@34@_N@Z 00403f10 f   umodsys_lib_basesys:umodsys.basesys.rmodule.obj
 0001:00002f60       ?reg@RModule@rsystem@base@UModSys@@UAE_NPAUIModObject@34@_N@Z 00403f60 f   umodsys_lib_basesys:umodsys.basesys.rmodule.obj
 0001:00002f90       ?close@RModule@rsystem@base@UModSys@@UAE_NXZ 00403f90 f   umodsys_lib_basesys:umodsys.basesys.rmodule.obj
 0001:00002fe0       ?open@RModule@rsystem@base@UModSys@@UAE_NXZ 00403fe0 f   umodsys_lib_basesys:umodsys.basesys.rmodule.obj
 0001:00003040       ??0RModule@rsystem@base@UModSys@@QAE@PAURModuleLibrary@123@PAUIModuleReg@23@@Z 00404040 f   umodsys_lib_basesys:umodsys.basesys.rmodule.obj
 0001:000030f0       ?lib_unload@RModuleLibrary@rsystem@base@UModSys@@UAE_NXZ 004040f0 f   umodsys_lib_basesys:umodsys.basesys.rmodulelib.obj
 0001:00003110       ?lib_loaded@RModuleLibrary@rsystem@base@UModSys@@UBE_NXZ 00404110 f   umodsys_lib_basesys:umodsys.basesys.rmodulelib.obj
 0001:00003120       ?get_system@RModuleLibrary@rsystem@base@UModSys@@UBEPAUISystem@34@XZ 00404120 f   umodsys_lib_basesys:umodsys.basesys.rmodulelib.obj
 0001:00003130       ?get_privmem@RModuleLibrary@rsystem@base@UModSys@@UBEPAUIMemAlloc@core@4@XZ 00404130 f   umodsys_lib_basesys:umodsys.basesys.rmodulelib.obj
 0001:00003140       ?s_find_dup@RModuleLibrary@rsystem@base@UModSys@@SAIABU?$TArrayContDynamic@U?$TRefObject@URModuleLibrary@rsystem@base@UModSys@@@tl@UModSys@@U?$TAllocator@USMemAlloc_Malloc@core@UModSys@@USCountCalcPower2@23@@23@@tl@4@PAUIModuleLibraryReg@34@@Z 00404140 f   umodsys_lib_basesys:umodsys.basesys.rmodulelib.obj
 0001:00003170       ?unlink@RModuleLibrary@rsystem@base@UModSys@@QAE_NXZ 00404170 f   umodsys_lib_basesys:umodsys.basesys.rmodulelib.obj
 0001:000031b0       ?lib_generate@RModuleLibrary@rsystem@base@UModSys@@UAE_NAAU?$TRefObject@UIRefObject@core@UModSys@@@tl@4@PBUSUniquePointerInfo@core@4@ABUSParameters@84@@Z 004041b0 f   umodsys_lib_basesys:umodsys.basesys.rmodulelib.obj
 0001:00003200       ?lib_findobjname@RModuleLibrary@rsystem@base@UModSys@@UAEIPBUSUniquePointerInfo@core@4@QAPBU564@I@Z 00404200 f   umodsys_lib_basesys:umodsys.basesys.rmodulelib.obj
 0001:00003270       ?lib_free@RModuleLibrary@rsystem@base@UModSys@@UAE_NXZ 00404270 f   umodsys_lib_basesys:umodsys.basesys.rmodulelib.obj
 0001:00003290       ?get_module@RModuleLibrary@rsystem@base@UModSys@@UBEPAUIModule@34@I@Z 00404290 f   umodsys_lib_basesys:umodsys.basesys.rmodulelib.obj
 0001:000032b0       ?get_module_count@RModuleLibrary@rsystem@base@UModSys@@UBEIXZ 004042b0 f   umodsys_lib_basesys:umodsys.basesys.rmodulelib.obj
 0001:000032c0       ?get_sys_libname@RModuleLibrary@rsystem@base@UModSys@@UBE?AU?$TString@U?$TSCoreConst@D@su@tl@UModSys@@U?$TComparerBinaryHash@D@234@@tl@4@XZ 004042c0 f   umodsys_lib_basesys:umodsys.basesys.rmodulelib.obj
 0001:000032e0       ??0RModuleLibrary@rsystem@base@UModSys@@QAE@PAUISystem@23@PAUPFD_Data@0123@PAUIModuleLibraryReg@23@@Z 004042e0 f   umodsys_lib_basesys:umodsys.basesys.rmodulelib.obj
 0001:00003340       ?save_db@RModuleLibrary@rsystem@base@UModSys@@QAE_NPAU_iobuf@@@Z 00404340 f   umodsys_lib_basesys:umodsys.basesys.rmodulelib.obj
 0001:000033a0       ??1RModuleLibrary@rsystem@base@UModSys@@UAE@XZ 004043a0 f   umodsys_lib_basesys:umodsys.basesys.rmodulelib.obj
 0001:00003480       ?link@RModuleLibrary@rsystem@base@UModSys@@QAE_NXZ 00404480 f   umodsys_lib_basesys:umodsys.basesys.rmodulelib.obj
 0001:00003680       ?load0@RModuleLibrary@rsystem@base@UModSys@@QAE_NXZ 00404680 f   umodsys_lib_basesys:umodsys.basesys.rmodulelib.obj
 0001:000036f0       ?cleanup@RModuleLibrary@rsystem@base@UModSys@@QAEIXZ 004046f0 f   umodsys_lib_basesys:umodsys.basesys.rmodulelib.obj
 0001:00003720       ?lib_load@RModuleLibrary@rsystem@base@UModSys@@UAE_NXZ 00404720 f   umodsys_lib_basesys:umodsys.basesys.rmodulelib.obj
 0001:00003740       ?scan@RModuleLibrary@rsystem@base@UModSys@@QAE_NXZ 00404740 f   umodsys_lib_basesys:umodsys.basesys.rmodulelib.obj
 0001:00003780       ?s_add@RModuleLibrary@rsystem@base@UModSys@@SA_NPAUISystem@34@AAU?$TArrayContDynamic@U?$TRefObject@URModuleLibrary@rsystem@base@UModSys@@@tl@UModSys@@U?$TAllocator@USMemAlloc_Malloc@core@UModSys@@USCountCalcPower2@23@@23@@tl@4@PBD@Z 00404780 f   umodsys_lib_basesys:umodsys.basesys.rmodulelib.obj
 0001:00003940       ?pfd_init@RModuleLibrary@rsystem@base@UModSys@@SA_NPAUPFD_Data@1234@@Z 00404940 f   umodsys_lib_basesys:umodsys.basesys.rmodule.win32.obj
 0001:00003950       ?pfd_init@RModuleLibrary@rsystem@base@UModSys@@SA_NPAUPFD_Data@1234@0@Z 00404950 f   umodsys_lib_basesys:umodsys.basesys.rmodule.win32.obj
 0001:00003970       ?pfd_unload@RModuleLibrary@rsystem@base@UModSys@@SA_NPAUPFD_Data@1234@@Z 00404970 f   umodsys_lib_basesys:umodsys.basesys.rmodule.win32.obj
 0001:000039b0       ?pfd_load@RModuleLibrary@rsystem@base@UModSys@@SAPAUIModuleLibraryReg@34@PAUPFD_Data@1234@ABU?$TString@U?$TSCoreConst@D@su@tl@UModSys@@U?$TComparerBinaryHash@D@234@@tl@4@@Z 004049b0 f   umodsys_lib_basesys:umodsys.basesys.rmodule.win32.obj
 0001:00003cc0       ?pfd_scan@RModuleLibrary@rsystem@base@UModSys@@SAIPAUISystem@34@AAU?$TArrayContDynamic@U?$TRefObject@URModuleLibrary@rsystem@base@UModSys@@@tl@UModSys@@U?$TAllocator@USMemAlloc_Malloc@core@UModSys@@USCountCalcPower2@23@@23@@tl@4@ABU?$TString@U?$TSCoreConst@D@su@tl@UModSys@@U?$TComparerBinaryHash@D@234@@74@@Z 00404cc0 f   umodsys_lib_basesys:umodsys.basesys.rmodule.win32.obj
 0001:00003d10       ?estimate_size@RParameters@rsystem@base@UModSys@@IAEHAAUElem@1234@HPBDHH@Z 00404d10 f   umodsys_lib_basesys:umodsys.basesys.rparameters.obj
 0001:00003d90       ?p_init_s@RParameters@rsystem@base@UModSys@@UAEXPAUSParametersData@core@4@PAXH@Z 00404d90 f   umodsys_lib_basesys:umodsys.basesys.rparameters.obj
 0001:00003dd0       ??1RParameters@rsystem@base@UModSys@@UAE@XZ 00404dd0 f   umodsys_lib_basesys:umodsys.basesys.rparameters.obj
 0001:00003de0       ??0RParameters@rsystem@base@UModSys@@QAE@PAUISystem@23@@Z 00404de0 f   umodsys_lib_basesys:umodsys.basesys.rparameters.obj
 0001:00003e10       ?next@RParameters@rsystem@base@UModSys@@UAE_NPBUSParametersData@core@4@AAU?$TString@U?$TSCoreConst@D@su@tl@UModSys@@U?$TComparerBinaryHash@D@234@@tl@4@@Z 00404e10 f   umodsys_lib_basesys:umodsys.basesys.rparameters.obj
 0001:00003f10       ?next@RParameters@rsystem@base@UModSys@@UAE_NPBUSParametersData@core@4@AAPBD@Z 00404f10 f   umodsys_lib_basesys:umodsys.basesys.rparameters.obj
 0001:00003fe0       ?p_init@RParameters@rsystem@base@UModSys@@UAEXPAUSParametersData@core@4@H@Z 00404fe0 f   umodsys_lib_basesys:umodsys.basesys.rparameters.obj
 0001:00004050       ?alloc_elems@RParameters@rsystem@base@UModSys@@IAEXPAXH@Z 00405050 f   umodsys_lib_basesys:umodsys.basesys.rparameters.obj
 0001:000040b0       ?free_elems@RParameters@rsystem@base@UModSys@@IAEXPAXH@Z 004050b0 f   umodsys_lib_basesys:umodsys.basesys.rparameters.obj
 0001:00004120       ?get_last@RParameters@rsystem@base@UModSys@@IAEPAUElem@1234@PAXHHH@Z 00405120 f   umodsys_lib_basesys:umodsys.basesys.rparameters.obj
 0001:00004170       ?find_elem@RParameters@rsystem@base@UModSys@@IAEPBUElem@1234@PBXHHHPBD@Z 00405170 f   umodsys_lib_basesys:umodsys.basesys.rparameters.obj
 0001:00004200       ?get@RParameters@rsystem@base@UModSys@@UAE_NPBUSParametersData@core@4@PBDAAPAUIRefObject@64@@Z 00405200 f   umodsys_lib_basesys:umodsys.basesys.rparameters.obj
 0001:00004250       ?get@RParameters@rsystem@base@UModSys@@UAE_NPBUSParametersData@core@4@PBDAAN@Z 00405250 f   umodsys_lib_basesys:umodsys.basesys.rparameters.obj
 0001:000042a0       ?get@RParameters@rsystem@base@UModSys@@UAE_NPBUSParametersData@core@4@PBDAAH@Z 004052a0 f   umodsys_lib_basesys:umodsys.basesys.rparameters.obj
 0001:000042f0       ?get@RParameters@rsystem@base@UModSys@@UAE_NPBUSParametersData@core@4@PBDAAPBD@Z 004052f0 f   umodsys_lib_basesys:umodsys.basesys.rparameters.obj
 0001:00004340       ?p_init_s@RParameters@rsystem@base@UModSys@@UAEXPAUSParametersData@core@4@ABU564@PAXH@Z 00405340 f   umodsys_lib_basesys:umodsys.basesys.rparameters.obj
 0001:000043b0       ?p_copy@RParameters@rsystem@base@UModSys@@UAEXPAUSParametersData@core@4@ABU564@@Z 004053b0 f   umodsys_lib_basesys:umodsys.basesys.rparameters.obj
 0001:000044b0       ?p_init@RParameters@rsystem@base@UModSys@@UAEXPAUSParametersData@core@4@ABU564@@Z 004054b0 f   umodsys_lib_basesys:umodsys.basesys.rparameters.obj
 0001:00004560       ?p_deinit@RParameters@rsystem@base@UModSys@@UAEXPAUSParametersData@core@4@@Z 00405560 f   umodsys_lib_basesys:umodsys.basesys.rparameters.obj
 0001:000045c0       ?add_last@RParameters@rsystem@base@UModSys@@IAE_NPAUSParametersData@core@4@PBDPBXH@Z 004055c0 f   umodsys_lib_basesys:umodsys.basesys.rparameters.obj
 0001:000047f0       ?add@RParameters@rsystem@base@UModSys@@UAE_NPAUSParametersData@core@4@PBDPAUIRefObject@64@@Z 004057f0 f   umodsys_lib_basesys:umodsys.basesys.rparameters.obj
 0001:00004810       ?add@RParameters@rsystem@base@UModSys@@UAE_NPAUSParametersData@core@4@PBDABN@Z 00405810 f   umodsys_lib_basesys:umodsys.basesys.rparameters.obj
 0001:00004830       ?add@RParameters@rsystem@base@UModSys@@UAE_NPAUSParametersData@core@4@PBDH@Z 00405830 f   umodsys_lib_basesys:umodsys.basesys.rparameters.obj
 0001:00004850       ?add@RParameters@rsystem@base@UModSys@@UAE_NPAUSParametersData@core@4@PBD1@Z 00405850 f   umodsys_lib_basesys:umodsys.basesys.rparameters.obj
 0001:00004870       ?get_sca@RSystem@rsystem@base@UModSys@@UAEPAUISourceContextAdapter@core@4@XZ 00405870 f   umodsys_lib_basesys:umodsys.basesys.rsystem.obj
 0001:00004880       ?get_upr@RSystem@rsystem@base@UModSys@@UAEPAUIUniquePointerResolver@core@4@XZ 00405880 f   umodsys_lib_basesys:umodsys.basesys.rsystem.obj
 0001:00004890       ?get_modloader@RSystem@rsystem@base@UModSys@@UAEPAUIModuleLoader@34@XZ 00405890 f   umodsys_lib_basesys:umodsys.basesys.rsystem.obj
 0001:000048a0       ?get_syslib@RSystem@rsystem@base@UModSys@@UAEPAUIModuleLibrary@34@XZ 004058a0 f   umodsys_lib_basesys:umodsys.basesys.rsystem.obj
 0001:000048b0       ?get_sharemem@RSystem@rsystem@base@UModSys@@UAEPAUIMemAlloc@core@4@XZ 004058b0 f   umodsys_lib_basesys:umodsys.basesys.rsystem.obj
 0001:000048c0       ?get_sysmem@RSystem@rsystem@base@UModSys@@UAEPAUIMemAlloc@core@4@XZ 004058c0 f   umodsys_lib_basesys:umodsys.basesys.rsystem.obj
 0001:000048d0       ?get_console@RSystem@rsystem@base@UModSys@@UAEPAUIConsole@34@XZ 004058d0 f   umodsys_lib_basesys:umodsys.basesys.rsystem.obj
 0001:000048e0       ?get_params@RSystem@rsystem@base@UModSys@@UAEPAUIParameters@core@4@XZ 004058e0 f   umodsys_lib_basesys:umodsys.basesys.rsystem.obj
 0001:000048f0       ?upi_remove@RSystem@rsystem@base@UModSys@@UAEHPBUSUniquePointerInfo@core@4@@Z 004058f0 f   umodsys_lib_basesys:umodsys.basesys.rsystem.obj
 0001:00004900       ?persist_ctx@RSystem@rsystem@base@UModSys@@UAEPBUSSourceContext@core@4@PBU564@@Z 00405900 f   umodsys_lib_basesys:umodsys.basesys.rsystem.obj
 0001:000049c0       ?upi_add@RSystem@rsystem@base@UModSys@@UAEPBUSUniquePointerInfo@core@4@PBU564@@Z 004059c0 f   umodsys_lib_basesys:umodsys.basesys.rsystem.obj
 0001:00004a80       ?moduledb_load@RModuleLoader@rsystem@base@UModSys@@UAE_NABU?$TString@U?$TSCoreConst@D@su@tl@UModSys@@U?$TComparerBinaryHash@D@234@@tl@4@@Z 00405a80 f   umodsys_lib_basesys:umodsys.basesys.rmoduleloader.obj
 0001:00004a90       ?moduledb_module_get@RModuleLoader@rsystem@base@UModSys@@UBEPAUIModule@34@I@Z 00405a90 f   umodsys_lib_basesys:umodsys.basesys.rmoduleloader.obj
 0001:00004ad0       ?moduledb_module_count@RModuleLoader@rsystem@base@UModSys@@UAEIXZ 00405ad0 f   umodsys_lib_basesys:umodsys.basesys.rmoduleloader.obj
 0001:00004b00       ?moduledb_lib_drop@RModuleLoader@rsystem@base@UModSys@@UAE_NPAUIModuleLibrary@34@@Z 00405b00 f   umodsys_lib_basesys:umodsys.basesys.rmoduleloader.obj
 0001:00004b10       ?moduledb_lib_get@RModuleLoader@rsystem@base@UModSys@@UBEPAUIModuleLibrary@34@I@Z 00405b10 f   umodsys_lib_basesys:umodsys.basesys.rmoduleloader.obj
 0001:00004b30       ?moduledb_lib_count@RModuleLoader@rsystem@base@UModSys@@UAEIXZ 00405b30 f   umodsys_lib_basesys:umodsys.basesys.rmoduleloader.obj
 0001:00004b40       ?moduledb_generate@RModuleLoader@rsystem@base@UModSys@@UAE_NAAU?$TRefObject@UIRefObject@core@UModSys@@@tl@4@PBUSUniquePointerInfo@core@4@ABUSParameters@84@@Z 00405b40 f   umodsys_lib_basesys:umodsys.basesys.rmoduleloader.obj
 0001:00004b90       ?moduledb_findobjname@RModuleLoader@rsystem@base@UModSys@@UAEIPBUSUniquePointerInfo@core@4@QAPBU564@I@Z 00405b90 f   umodsys_lib_basesys:umodsys.basesys.rmoduleloader.obj
 0001:00004c00       ??1RModuleLoader@rsystem@base@UModSys@@UAE@XZ 00405c00 f   umodsys_lib_basesys:umodsys.basesys.rmoduleloader.obj
 0001:00004c70       ??0RModuleLoader@rsystem@base@UModSys@@QAE@PAUISystem@23@@Z 00405c70 f   umodsys_lib_basesys:umodsys.basesys.rmoduleloader.obj
 0001:00004cb0       ?moduledb_clear@RModuleLoader@rsystem@base@UModSys@@UAEXXZ 00405cb0 f   umodsys_lib_basesys:umodsys.basesys.rmoduleloader.obj
 0001:00004d20       ?moduledb_find@RModuleLoader@rsystem@base@UModSys@@UBEPAUIModule@34@ABU?$TString@U?$TSCoreConst@D@su@tl@UModSys@@U?$TComparerBinaryHash@D@234@@tl@4@ABUSVersion@core@4@@Z 00405d20 f   umodsys_lib_basesys:umodsys.basesys.rmoduleloader.obj
 0001:00004df0       ?cleanup@RModuleLoader@rsystem@base@UModSys@@QAEXXZ 00405df0 f   umodsys_lib_basesys:umodsys.basesys.rmoduleloader.obj
 0001:00004e30       ?get_string@RModuleLoader@rsystem@base@UModSys@@QAEABU?$TString@U?$TSCoreConst@D@su@tl@UModSys@@U?$TComparerBinaryHash@D@234@@tl@4@ABU564@@Z 00405e30 f   umodsys_lib_basesys:umodsys.basesys.rmoduleloader.obj
 0001:00004e70       ?moduledb_get_string@RModuleLoader@rsystem@base@UModSys@@UAEABU?$TString@U?$TSCoreConst@D@su@tl@UModSys@@U?$TComparerBinaryHash@D@234@@tl@4@ABU564@@Z 00405e70 f   umodsys_lib_basesys:umodsys.basesys.rmoduleloader.obj
 0001:00004e80       ?moduledb_save@RModuleLoader@rsystem@base@UModSys@@UAE_NABU?$TString@U?$TSCoreConst@D@su@tl@UModSys@@U?$TComparerBinaryHash@D@234@@tl@4@@Z 00405e80 f   umodsys_lib_basesys:umodsys.basesys.rmoduleloader.obj
 0001:00004f00       ?moduledb_cleanup@RModuleLoader@rsystem@base@UModSys@@UAEIXZ 00405f00 f   umodsys_lib_basesys:umodsys.basesys.rmoduleloader.obj
 0001:00004ff0       ?moduledb_scan@RModuleLoader@rsystem@base@UModSys@@UAEIABU?$TString@U?$TSCoreConst@D@su@tl@UModSys@@U?$TComparerBinaryHash@D@234@@tl@4@_N@Z 00405ff0 f   umodsys_lib_basesys:umodsys.basesys.rmoduleloader.obj
 0001:00005040       ?set_console@RSystem@rsystem@base@UModSys@@QAEXPAUIConsole@34@@Z 00406040 f   umodsys_lib_basesys:umodsys.basesys.rsystem_main.obj
 0001:00005070       ?err_put@rsystem@base@UModSys@@YAXW4eRSystemDebugLevels@123@PBDZZ 00406070 f   umodsys_lib_basesys:umodsys.basesys.rsystem_main.obj
 0001:000050b0       ?dbg_put@rsystem@base@UModSys@@YAXW4eRSystemDebugLevels@123@PBDZZ 004060b0 f   umodsys_lib_basesys:umodsys.basesys.rsystem_main.obj
 0001:000050f0       ??1RSystem@rsystem@base@UModSys@@UAE@XZ 004060f0 f   umodsys_lib_basesys:umodsys.basesys.rsystem_main.obj
 0001:000051b0       ??0RSystem@rsystem@base@UModSys@@QAE@XZ 004061b0 f   umodsys_lib_basesys:umodsys.basesys.rsystem_main.obj
 0001:00005280       ?dump_upis@RSystem@rsystem@base@UModSys@@QAEXXZ 00406280 f   umodsys_lib_basesys:umodsys.basesys.rsystem_main.obj
 0001:00005310       ?find_shells@RSystem@rsystem@base@UModSys@@QAEIQAPBUSUniquePointerInfo@core@4@I@Z 00406310 f   umodsys_lib_basesys:umodsys.basesys.rsystem_main.obj
 0001:00005330       ?exec_main@RSystem@rsystem@base@UModSys@@QAE_NXZ 00406330 f   umodsys_lib_basesys:umodsys.basesys.rsystem_main.obj
 0001:00005350       ?exec_args@RSystem@rsystem@base@UModSys@@QAE_NHPAPAD@Z 00406350 f   umodsys_lib_basesys:umodsys.basesys.rsystem_main.obj
 0001:00005370       ?init@RSystem@rsystem@base@UModSys@@QAE_NXZ 00406370 f   umodsys_lib_basesys:umodsys.basesys.rsystem_main.obj
 0001:000053f0       ?deinit@RSystem@rsystem@base@UModSys@@QAE_NXZ 004063f0 f   umodsys_lib_basesys:umodsys.basesys.rsystem_main.obj
 0001:000054e0       ?get_s@RConsole_std@rsystem@base@UModSys@@UAA_NPADIPBDZZ 004064e0 f   umodsys_lib_basesys:umodsys.basesys.rconsole_std.obj
 0001:000054f0       ?vget_s@RConsole_std@rsystem@base@UModSys@@UAE_NPADIPBD0@Z 004064f0 f   umodsys_lib_basesys:umodsys.basesys.rconsole_std.obj
 0001:00005500       ?get_c@RConsole_std@rsystem@base@UModSys@@UAA_NPAHPBDZZ 00406500 f   umodsys_lib_basesys:umodsys.basesys.rconsole_std.obj
 0001:00005510       ?vget_c@RConsole_std@rsystem@base@UModSys@@UAE_NPAHPBDPAD@Z 00406510 f   umodsys_lib_basesys:umodsys.basesys.rconsole_std.obj
 0001:00005520       ?put@RConsole_std@rsystem@base@UModSys@@UAA_NHPBDZZ 00406520 f   umodsys_lib_basesys:umodsys.basesys.rconsole_std.obj
 0001:00005570       ?vput@RConsole_std@rsystem@base@UModSys@@UAE_NHPBDPAD@Z 00406570 f   umodsys_lib_basesys:umodsys.basesys.rconsole_std.obj
 0001:000055c0       ?ref_links@RConsole_std@rsystem@base@UModSys@@UBEHXZ 004065c0 f   umodsys_lib_basesys:umodsys.basesys.rconsole_std.obj
 0001:000055d0       ?ref_remove@RConsole_std@rsystem@base@UModSys@@UBEXXZ 004065d0 f   umodsys_lib_basesys:umodsys.basesys.rconsole_std.obj
 0001:000055e0       ?ref_add@RConsole_std@rsystem@base@UModSys@@UBEXXZ 004065e0 f   umodsys_lib_basesys:umodsys.basesys.rconsole_std.obj
 0001:000055f0       ??0RConsole_std@rsystem@base@UModSys@@QAE@XZ 004065f0 f   umodsys_lib_basesys:umodsys.basesys.rconsole_std.obj
 0001:00005610       ?reflect@RConsole_std@rsystem@base@UModSys@@QAE_NPBD@Z 00406610 f   umodsys_lib_basesys:umodsys.basesys.rconsole_std.obj
 0001:00005660       ??1RConsole_std@rsystem@base@UModSys@@UAE@XZ 00406660 f   umodsys_lib_basesys:umodsys.basesys.rconsole_std.obj
 0001:00005680       ?c_fopen@syshlp@core@UModSys@@YAPAU_iobuf@@PBD0@Z 00406680 f   umodsys_lib_core:umodsys.core.syshlp_files.win32.obj
 0001:00005720       ??1IModuleLibrary@base@UModSys@@UAE@XZ 00406720 f   umodsys_lib_base:umodsys.base.module.obj
 0001:00005730       ??1IModule@base@UModSys@@UAE@XZ 00406730 f   umodsys_lib_base:umodsys.base.module.obj
 0001:00005740       ??1IConsole@base@UModSys@@UAE@XZ 00406740 f   umodsys_lib_base:umodsys.base.console.obj
 0001:00005750       ?exec_test_shells@RSystem@rsystem@base@UModSys@@QAE_NXZ 00406750 f   umodsys_lib_basesys:umodsys.basesys.rsystem_tests.obj
 0001:000058b0       ?exec_tests@RSystem@rsystem@base@UModSys@@QAE_NXZ 004068b0 f   umodsys_lib_basesys:umodsys.basesys.rsystem_tests.obj
 0001:000058c0       _main                      004068c0 f   umodsys.c_main.obj
 0001:000059da       _memcpy                    004069da f   MSVCRT:MSVCR90.dll
 0001:000059e0       __chkstk                   004069e0 f   MSVCRT:chkstk.obj
 0001:000059e0       __alloca_probe             004069e0     MSVCRT:chkstk.obj
 0001:00005a0c       ___CxxFrameHandler3        00406a0c f   MSVCRT:MSVCR90.dll
 0001:00005a12       __CxxThrowException@8      00406a12 f   MSVCRT:MSVCR90.dll
 0002:00000000       __imp__UnhandledExceptionFilter@4 00407000     kernel32:KERNEL32.dll
 0002:00000004       __imp__GetCurrentProcess@0 00407004     kernel32:KERNEL32.dll
 0002:00000008       __imp__TerminateProcess@8  00407008     kernel32:KERNEL32.dll
 0002:0000000c       __imp__GetSystemTimeAsFileTime@4 0040700c     kernel32:KERNEL32.dll
 0002:00000010       __imp__GetCurrentProcessId@0 00407010     kernel32:KERNEL32.dll
 0002:00000014       __imp__GetCurrentThreadId@0 00407014     kernel32:KERNEL32.dll
 0002:00000018       __imp__GetTickCount@0      00407018     kernel32:KERNEL32.dll
 0002:0000001c       __imp__QueryPerformanceCounter@4 0040701c     kernel32:KERNEL32.dll
 0002:00000020       __imp__SetUnhandledExceptionFilter@4 00407020     kernel32:KERNEL32.dll
 0002:00000024       __imp__InterlockedCompareExchange@12 00407024     kernel32:KERNEL32.dll
 0002:00000028       __imp__Sleep@4             00407028     kernel32:KERNEL32.dll
 0002:0000002c       __imp__InterlockedExchange@8 0040702c     kernel32:KERNEL32.dll
 0002:00000030       __imp__MultiByteToWideChar@24 00407030     kernel32:KERNEL32.dll
 0002:00000034       __imp__WideCharToMultiByte@32 00407034     kernel32:KERNEL32.dll
 0002:00000038       __imp__FindNextFileW@8     00407038     kernel32:KERNEL32.dll
 0002:0000003c       __imp__FindClose@4         0040703c     kernel32:KERNEL32.dll
 0002:00000040       __imp__GetProcAddress@8    00407040     kernel32:KERNEL32.dll
 0002:00000044       __imp__LoadLibraryExW@12   00407044     kernel32:KERNEL32.dll
 0002:00000048       __imp__FreeLibrary@4       00407048     kernel32:KERNEL32.dll
 0002:0000004c       __imp__SetErrorMode@4      0040704c     kernel32:KERNEL32.dll
 0002:00000050       __imp__FindFirstFileW@8    00407050     kernel32:KERNEL32.dll
 0002:00000054       __imp__GetFullPathNameW@16 00407054     kernel32:KERNEL32.dll
 0002:00000058       __imp__IsDebuggerPresent@0 00407058     kernel32:KERNEL32.dll
 0002:0000005c       \177KERNEL32_NULL_THUNK_DATA 0040705c     kernel32:KERNEL32.dll
 0002:00000060       __imp___XcptFilter         00407060     MSVCRT:MSVCR90.dll
 0002:00000064       __imp__exit                00407064     MSVCRT:MSVCR90.dll
 0002:00000068       __imp____initenv           00407068     MSVCRT:MSVCR90.dll
 0002:0000006c       __imp___initterm           0040706c     MSVCRT:MSVCR90.dll
 0002:00000070       __imp___initterm_e         00407070     MSVCRT:MSVCR90.dll
 0002:00000074       __imp___configthreadlocale 00407074     MSVCRT:MSVCR90.dll
 0002:00000078       __imp____setusermatherr    00407078     MSVCRT:MSVCR90.dll
 0002:0000007c       __imp___adjust_fdiv        0040707c     MSVCRT:MSVCR90.dll
 0002:00000080       __imp___exit               00407080     MSVCRT:MSVCR90.dll
 0002:00000084       __imp____p__fmode          00407084     MSVCRT:MSVCR90.dll
 0002:00000088       __imp____set_app_type      00407088     MSVCRT:MSVCR90.dll
 0002:0000008c       __imp___except_handler4_common 0040708c     MSVCRT:MSVCR90.dll
 0002:00000090       __imp_?terminate@@YAXXZ    00407090     MSVCRT:MSVCR90.dll
 0002:00000094       __imp___invoke_watson      00407094     MSVCRT:MSVCR90.dll
 0002:00000098       __imp___controlfp_s        00407098     MSVCRT:MSVCR90.dll
 0002:0000009c       __imp_?_type_info_dtor_internal_method@type_info@@QAEXXZ 0040709c     MSVCRT:MSVCR90.dll
 0002:000000a0       __imp___crt_debugger_hook  004070a0     MSVCRT:MSVCR90.dll
 0002:000000a4       __imp___cexit              004070a4     MSVCRT:MSVCR90.dll
 0002:000000a8       __imp____getmainargs       004070a8     MSVCRT:MSVCR90.dll
 0002:000000ac       __imp___amsg_exit          004070ac     MSVCRT:MSVCR90.dll
 0002:000000b0       __imp___decode_pointer     004070b0     MSVCRT:MSVCR90.dll
 0002:000000b4       __imp___onexit             004070b4     MSVCRT:MSVCR90.dll
 0002:000000b8       __imp___lock               004070b8     MSVCRT:MSVCR90.dll
 0002:000000bc       __imp___encode_pointer     004070bc     MSVCRT:MSVCR90.dll
 0002:000000c0       __imp____dllonexit         004070c0     MSVCRT:MSVCR90.dll
 0002:000000c4       __imp___unlock             004070c4     MSVCRT:MSVCR90.dll
 0002:000000c8       __imp___wfopen             004070c8     MSVCRT:MSVCR90.dll
 0002:000000cc       __imp__realloc             004070cc     MSVCRT:MSVCR90.dll
 0002:000000d0       __imp__fprintf             004070d0     MSVCRT:MSVCR90.dll
 0002:000000d4       __imp__strncpy             004070d4     MSVCRT:MSVCR90.dll
 0002:000000d8       __imp__strncmp             004070d8     MSVCRT:MSVCR90.dll
 0002:000000dc       __imp__memmove             004070dc     MSVCRT:MSVCR90.dll
 0002:000000e0       __imp_??3@YAXPAX@Z         004070e0     MSVCRT:MSVCR90.dll
 0002:000000e4       __imp___snprintf           004070e4     MSVCRT:MSVCR90.dll
 0002:000000e8       __imp__malloc              004070e8     MSVCRT:MSVCR90.dll
 0002:000000ec       __imp__free                004070ec     MSVCRT:MSVCR90.dll
 0002:000000f0       __imp__fclose              004070f0     MSVCRT:MSVCR90.dll
 0002:000000f4       __imp__vfprintf            004070f4     MSVCRT:MSVCR90.dll
 0002:000000f8       __imp___purecall           004070f8     MSVCRT:MSVCR90.dll
 0002:000000fc       __imp____p__commode        004070fc     MSVCRT:MSVCR90.dll
 0002:00000100       __imp____iob_func          00407100     MSVCRT:MSVCR90.dll
 0002:00000104       __imp__memcpy              00407104     MSVCRT:MSVCR90.dll
 0002:00000108       __imp____CxxFrameHandler3  00407108     MSVCRT:MSVCR90.dll
 0002:0000010c       __imp___CxxThrowException@8 0040710c     MSVCRT:MSVCR90.dll
 0002:00000110       \177MSVCR90_NULL_THUNK_DATA 00407110     MSVCRT:MSVCR90.dll
 0002:00000114       ___xc_a                    00407114     MSVCRT:cinitexe.obj
 0002:0000016c       ___xc_z                    0040716c     MSVCRT:cinitexe.obj
 0002:00000170       ___xi_a                    00407170     MSVCRT:cinitexe.obj
 0002:0000017c       ___xi_z                    0040717c     MSVCRT:cinitexe.obj
 0002:00000184       ??_7type_info@@6B@         00407184     MSVCRT:ti_inst.obj
 0002:00000190       ??_C@_0P@GHFPNOJB@bad?5allocation?$AA@ 00407190     umodsys.c_main.obj
 0002:000001a0       ??_C@_0BF@OCNNAADO@UModSys?3?3core?3?3IRoot?$AA@ 004071a0     umodsys.c_main.obj
 0002:000001b8       ??_C@_0BK@EMIJFOPA@UModSys?3?3core?3?3IRefObject?$AA@ 004071b8     umodsys.c_main.obj
 0002:000001d4       ??_C@_0BL@IOMMHELF@UModSys?3?3core?3?3IParameters?$AA@ 004071d4     umodsys.c_main.obj
 0002:000001f0       ??_C@_0BI@IKAOEFAP@UModSys?3?3base?3?3IConsole?$AA@ 004071f0     umodsys.c_main.obj
 0002:00000208       ??_C@_0BH@LKDEEPPM@UModSys?3?3base?3?3IModule?$AA@ 00407208     umodsys.c_main.obj
 0002:00000220       ??_C@_0BO@PHJOHFCB@UModSys?3?3base?3?3IModuleLibrary?$AA@ 00407220     umodsys.c_main.obj
 0002:00000240       ??_C@_0BH@PFCONEJJ@UModSys?3?3base?3?3ISystem?$AA@ 00407240     umodsys.c_main.obj
 0002:00000258       ??_C@_0BK@FDPIOPHG@UModSys?3?3base?3?3IModObject?$AA@ 00407258     umodsys.c_main.obj
 0002:00000274       ??_C@_0BK@OIBKNCKJ@UModSys?3?3base?3?3IGenerator?$AA@ 00407274     umodsys.c_main.obj
 0002:00000290       ??_C@_0BG@PJBGCMEC@UModSys?3?3base?3?3IShell?$AA@ 00407290     umodsys.c_main.obj
 0002:000002a8       ??_C@_0CA@MDFMKLLN@UModSys?3?3base?3?3rsystem?3?3RModule?$AA@ 004072a8     umodsys.c_main.obj
 0002:000002c8       ??_C@_0CH@CHECIBOC@UModSys?3?3base?3?3rsystem?3?3RModuleL@ 004072c8     umodsys.c_main.obj
 0002:000002f0       ??_C@_0CE@IHGMMEEA@UModSys?3?3base?3?3rsystem?3?3RParamet@ 004072f0     umodsys.c_main.obj
 0002:00000314       ??_C@_0CA@IMEGDANI@UModSys?3?3base?3?3rsystem?3?3RSystem?$AA@ 00407314     umodsys.c_main.obj
 0002:00000334       ??_C@_0CF@KIMLNODL@UModSys?3?3base?3?3rsystem?3?3RConsole@ 00407334     umodsys.c_main.obj
 0002:0000035c       ??_C@_0M@DCEPEPFJ@umodsys?4log?$AA@ 0040735c     umodsys.c_main.obj
 0002:00000368       ??_C@_00CNPNBAHC@?$AA@     00407368     umodsys.c_main.obj
 0002:0000036c       ??_C@_01NBENCBCI@?$CK?$AA@ 0040736c     umodsys.c_main.obj
 0002:00000370       ??_C@_0BC@JABDEAFI@moduledb?4conf?9hdb?$AA@ 00407370     umodsys.c_main.obj
 0002:00000384       ??_C@_08FCBDOIAH@typeinfo?$AA@ 00407384     umodsys.c_main.obj
 0002:00000390       ??_C@_02BKFDOEMK@wt?$AA@   00407390     umodsys_lib_basesys:umodsys.basesys.rconsole_std.obj
 0002:00000398       ??_7IRoot@core@UModSys@@6B@ 00407398     umodsys_lib_basesys:umodsys.basesys.rconsole_std.obj
 0002:000003b8       ??_7IRefObject@core@UModSys@@6B@ 004073b8     umodsys_lib_basesys:umodsys.basesys.rconsole_std.obj
 0002:000003e4       ??_7IConsole@base@UModSys@@6B@ 004073e4     umodsys_lib_basesys:umodsys.basesys.rconsole_std.obj
 0002:0000042c       ??_7RConsole_std@rsystem@base@UModSys@@6B@ 0040742c     umodsys_lib_basesys:umodsys.basesys.rconsole_std.obj
 0002:0000046c       ??_C@_04HIBGFPH@NULL?$AA@  0040746c     umodsys_lib_basesys:umodsys.basesys.rsystem_main.obj
 0002:00000474       ??_C@_0L@FPKIMPHA@?$CD?$CF08x?5?$CC?$CFs?$CC?$AA@ 00407474     umodsys_lib_basesys:umodsys.basesys.rsystem_main.obj
 0002:00000480       ??_C@_0BC@HBJCAHHB@EFatal?5?$CD?$CF08x?5?$CC?$CFs?$CC?$AA@ 00407480     umodsys_lib_basesys:umodsys.basesys.rsystem_main.obj
 0002:00000494       ??_C@_0BE@IIJFBNID@EWarning?5?$CD?$CF08x?5?$CC?$CFs?$CC?$AA@ 00407494     umodsys_lib_basesys:umodsys.basesys.rsystem_main.obj
 0002:000004a8       ??_C@_0BB@KFMJENMO@RSystem?3?3init?$CI?$CJ?6?$AA@ 004074a8     umodsys_lib_basesys:umodsys.basesys.rsystem_main.obj
 0002:000004bc       ??_C@_0BI@FKDCNCM@RSystem?3?3exec_args?$CI?$CFd?$CJ?6?$AA@ 004074bc     umodsys_lib_basesys:umodsys.basesys.rsystem_main.obj
 0002:000004d4       ??_C@_0BG@NFAKDFBG@RSystem?3?3exec_main?$CI?$CJ?6?$AA@ 004074d4     umodsys_lib_basesys:umodsys.basesys.rsystem_main.obj
 0002:000004ec       ??_C@_0BD@CKNOJECK@RSystem?3?3deinit?$CI?$CJ?6?$AA@ 004074ec     umodsys_lib_basesys:umodsys.basesys.rsystem_main.obj
 0002:00000500       ??_C@_0CF@JPBAHPOH@RSystem?3?3dump_upis?$CI?$CJ?5?$HLS?3?$CFd?5C?3?$CFd?$HN@ 00407500     umodsys_lib_basesys:umodsys.basesys.rsystem_main.obj
 0002:00000528       ??_C@_0P@IOHPGEIC@?5?5?$CFu?5upi?5NULL?6?$AA@ 00407528     umodsys_lib_basesys:umodsys.basesys.rsystem_main.obj
 0002:00000538       ??_C@_0BI@BNCFOLP@?5?5?$CFu?5?$CFp?5upi?$HL?$CFs?5?$CFs?$CI?$CFd?$CJ?$HN?6?$AA@ 00407538     umodsys_lib_basesys:umodsys.basesys.rsystem_main.obj
 0002:00000550       ??_C@_0BJ@LINIAOAF@RSystem?3?3dump_upis?$CI?$CJ?5?1?5?6?$AA@ 00407550     umodsys_lib_basesys:umodsys.basesys.rsystem_main.obj
 0002:00000570       ??_7EExceptionBase@core@UModSys@@6B@ 00407570     umodsys_lib_basesys:umodsys.basesys.rsystem_main.obj
 0002:0000057c       ??_7EFatal@core@UModSys@@6B@ 0040757c     umodsys_lib_basesys:umodsys.basesys.rsystem_main.obj
 0002:00000588       ??_7EWarning@core@UModSys@@6B@ 00407588     umodsys_lib_basesys:umodsys.basesys.rsystem_main.obj
 0002:00000594       ??_7ISystem@base@UModSys@@6B@ 00407594     umodsys_lib_basesys:umodsys.basesys.rsystem_main.obj
 0002:000005d4       ??_7?$TRMemAlloc_CC@U?$TMemAllocHeader@USMagic@mem_headers@rsystem@base@UModSys@@U?$TPool@X@2345@USDebug@2345@UVoid@core@5@@rsystem@base@UModSys@@USMemAlloc_Malloc@core@4@@rsystem@base@UModSys@@6B@ 004075d4     umodsys_lib_basesys:umodsys.basesys.rsystem_main.obj
 0002:000005e4       ??_7RSystem@rsystem@base@UModSys@@6BISystem@23@@ 004075e4     umodsys_lib_basesys:umodsys.basesys.rsystem_main.obj
 0002:00000624       ??_7RSystem@rsystem@base@UModSys@@6BIUniquePointerResolver@core@3@@ 00407624     umodsys_lib_basesys:umodsys.basesys.rsystem_main.obj
 0002:00000630       ??_7RSystem@rsystem@base@UModSys@@6BISourceContextAdapter@core@3@@ 00407630     umodsys_lib_basesys:umodsys.basesys.rsystem_main.obj
 0002:00000634       ??_C@_0BC@NNHIIPO@shells?5found?3?5?$CFd?6?$AA@ 00407634     umodsys_lib_basesys:umodsys.basesys.rsystem_tests.obj
 0002:00000648       ??_C@_0BA@EBBPOIJG@?5?5shell?3?5?$CFp?5?$CFs?6?$AA@ 00407648     umodsys_lib_basesys:umodsys.basesys.rsystem_tests.obj
 0002:00000658       ??_C@_0BF@JPMHOAKE@?5?5?5?5shell?5gen?5error?6?$AA@ 00407658     umodsys_lib_basesys:umodsys.basesys.rsystem_tests.obj
 0002:00000670       ??_C@_0BL@NANLGMEE@?5?5?5?5shell?5generated?5as?5?$CFp?6?$AA@ 00407670     umodsys_lib_basesys:umodsys.basesys.rsystem_tests.obj
 0002:0000068c       ??_C@_0BD@NFNPGOAG@?1shells?5found?3?5?$CFd?6?$AA@ 0040768c     umodsys_lib_basesys:umodsys.basesys.rsystem_tests.obj
 0002:000006a0       ??_C@_0DG@DMGFJEPO@RModuleLoader?3?3moduledb_cleanup?$CI@ 004076a0     umodsys_lib_basesys:umodsys.basesys.rmoduleloader.obj
 0002:000006d8       ??_C@_02GMLFBBN@wb?$AA@    004076d8     umodsys_lib_basesys:umodsys.basesys.rmoduleloader.obj
 0002:000006dc       ??_C@_0BN@BDEAMLC@?$CD?5LIST?5OF?5LIBRARY?5MODULES?3?6?6?$AA@ 004076dc     umodsys_lib_basesys:umodsys.basesys.rmoduleloader.obj
 0002:000006fc       ??_C@_0BF@PLOHEFDA@?5?$HL?5mod_list?$DN?$CFd?3?$FL?$FN?5?$HN?6?$AA@ 004076fc     umodsys_lib_basesys:umodsys.basesys.rmoduleloader.obj
 0002:0000071c       ??_7IModuleLoader@base@UModSys@@6B@ 0040771c     umodsys_lib_basesys:umodsys.basesys.rmoduleloader.obj
 0002:0000075c       ??_7RModuleLoader@rsystem@base@UModSys@@6B@ 0040775c     umodsys_lib_basesys:umodsys.basesys.rmoduleloader.obj
 0002:0000079c       ??_7RParameters@rsystem@base@UModSys@@6B@ 0040779c     umodsys_lib_basesys:umodsys.basesys.rparameters.obj
 0002:00000804       ??_C@_0BJ@IHGOMCFA@_UModSys_Plugin_Entry2?$EA0?$AA@ 00407804     umodsys_lib_basesys:umodsys.basesys.rmodule.win32.obj
 0002:00000820       ??_C@_0CI@IABKIJLA@?5?5?5?5?5?5?5?5?5?5load?5so?$CI?$CC?$CFs?$CC?$CJ?5?$HL?$CFp?0?5?$CFp?$HN@ 00407820     umodsys_lib_basesys:umodsys.basesys.rmodule.win32.obj
 0002:00000848       ??_C@_0BP@EBMDLOGD@?5?5?5?5?5?5?5?5?5?5unload?5so?$CI?$HL?$CFp?0?5?$CFp?$HN?$CJ?6?$AA@ 00407848     umodsys_lib_basesys:umodsys.basesys.rmodule.win32.obj
 0002:00000868       ??_C@_0BB@GJHPNFEC@scan?5so?3?5?$CC?$CFs?$CFs?$CC?6?$AA@ 00407868     umodsys_lib_basesys:umodsys.basesys.rmodule.win32.obj
 0002:0000087c       ??_C@_0N@LFKMDJGP@?5?5so?3?5?$CC?$CFls?$CC?6?$AA@ 0040787c     umodsys_lib_basesys:umodsys.basesys.rmodule.win32.obj
 0002:0000088c       ??_C@_0BC@GMLCPHOK@?1scan?5so?3?5?$CC?$CFs?$CFs?$CC?6?$AA@ 0040788c     umodsys_lib_basesys:umodsys.basesys.rmodule.win32.obj
 0002:000008a0       ??_C@_04HLONOPDM@?4dll?$AA@ 004078a0     umodsys_lib_basesys:umodsys.basesys.rmodule.win32.obj
 0002:000008a8       ??_C@_0CK@FNJGHFOD@RModuleLibrary?$CI?$CFp?$CJ?3?3link?$CI?$CJ?5?9?9?5ad@ 004078a8     umodsys_lib_basesys:umodsys.basesys.rmodulelib.obj
 0002:000008d4       ??_C@_0BA@LBGMEMKJ@LIBRARY?5?$CC?$CFs?$CC?5?$HL?6?$AA@ 004078d4     umodsys_lib_basesys:umodsys.basesys.rmodulelib.obj
 0002:000008e4       ??_C@_0BH@CLNAAMEM@?$HN?5?$CD?5END?5LIBRARY?5?$CC?$CFs?$CC?6?6?$AA@ 004078e4     umodsys_lib_basesys:umodsys.basesys.rmodulelib.obj
 0002:000008fc       ??_C@_0M@KEHKBKEH@?5?5so?3?5?$CC?$CFs?$CC?6?$AA@ 004078fc     umodsys_lib_basesys:umodsys.basesys.rmodulelib.obj
 0002:00000908       ??_C@_0BF@IKAEAMGP@?5?5?5?5so?5loaded?3?5?$CC?$CFs?$CC?6?$AA@ 00407908     umodsys_lib_basesys:umodsys.basesys.rmodulelib.obj
 0002:00000920       ??_C@_0O@MCPOKEFF@?5?5?5?5so?5added?6?$AA@ 00407920     umodsys_lib_basesys:umodsys.basesys.rmodulelib.obj
 0002:00000930       ??_C@_0BE@BFONLBBI@?5?5?5?5so?5dup?5with?5?$CFd?6?$AA@ 00407930     umodsys_lib_basesys:umodsys.basesys.rmodulelib.obj
 0002:0000094c       ??_7IModuleLibrary@base@UModSys@@6B@ 0040794c     umodsys_lib_basesys:umodsys.basesys.rmodulelib.obj
 0002:000009a4       ??_7RModuleLibrary@rsystem@base@UModSys@@6B@ 004079a4     umodsys_lib_basesys:umodsys.basesys.rmodulelib.obj
 0002:000009f8       ??_C@_0BF@KDHHIHAN@RModule?$CI?$CFp?$CJ?3?3open?$CI?$CJ?6?$AA@ 004079f8     umodsys_lib_basesys:umodsys.basesys.rmodule.obj
 0002:00000a10       ??_C@_0BG@HADBHJOP@RModule?$CI?$CFp?$CJ?3?3close?$CI?$CJ?6?$AA@ 00407a10     umodsys_lib_basesys:umodsys.basesys.rmodule.obj
 0002:00000a28       ??_C@_0BK@FNONNOFM@RModule?$CI?$CFp?$CJ?3?3?5pre?9loaded?6?$AA@ 00407a28     umodsys_lib_basesys:umodsys.basesys.rmodule.obj
 0002:00000a44       ??_C@_0CE@HBBEEAED@RModule?$CI?$CFp?$CJ?3?3generate?$CI?$CJ?5?$HL?5gen?$DN?$CFp@ 00407a44     umodsys_lib_basesys:umodsys.basesys.rmodule.obj
 0002:00000a68       ??_C@_0DL@FHDKGKAD@RModule?$CI?$CFp?$CJ?3?3reg_generator?$CI?$CFs?5?$CFp@ 00407a68     umodsys_lib_basesys:umodsys.basesys.rmodule.obj
 0002:00000aa4       ??_C@_0DL@ECFHLNEB@RModule?$CI?$CFp?$CJ?3?3reg_generator?$CI?$CFs?5?$CFp@ 00407aa4     umodsys_lib_basesys:umodsys.basesys.rmodule.obj
 0002:00000ae0       ??_C@_0DI@EBNLDEPD@RModule?$CI?$CFp?$CJ?3?3reg_obj?$CI?$CFs?5?$CFp?$CJ?5?9?9?5?$HL@ 00407ae0     umodsys_lib_basesys:umodsys.basesys.rmodule.obj
 0002:00000b18       ??_C@_0GC@IAELDHPB@RModule?$CI?$CFp?$CJ?3?3reg_obj?$CI?$CFs?5?$CFp?$CJ?5?9?9?5i@ 00407b18     umodsys_lib_basesys:umodsys.basesys.rmodule.obj
 0002:00000b7c       ??_C@_0CM@JCLMIGEB@RModule?$CI?$CFp?$CJ?3?3reg_obj?$CI?$CFs?5?$CFp?$CJ?5?9?9?5a@ 00407b7c     umodsys_lib_basesys:umodsys.basesys.rmodule.obj
 0002:00000ba8       ??_C@_0DK@NJCECDIC@RModule?$CI?$CFp?$CJ?3?3unreg_obj?$CI?$CFs?5?$CFp?$CJ?5?9?9@ 00407ba8     umodsys_lib_basesys:umodsys.basesys.rmodule.obj
 0002:00000be8       ??_C@_0GE@MGLAJHFG@RModule?$CI?$CFp?$CJ?3?3unreg_obj?$CI?$CFs?5?$CFp?$CJ?5?9?9@ 00407be8     umodsys_lib_basesys:umodsys.basesys.rmodule.obj
 0002:00000c4c       ??_C@_0CO@DAMPCAGA@RModule?3?3alloc_minfo?$CI?$HL?$CC?$CFs?$CC?0?5?$CC?$CFs?$CC@ 00407c4c     umodsys_lib_basesys:umodsys.basesys.rmodule.obj
 0002:00000c7c       ??_C@_0BG@HANHHGHE@?5?5MODULE?5?$CFs?$CI?$CFd?0?$CFd?$CJ?5?$HL?6?$AA@ 00407c7c     umodsys_lib_basesys:umodsys.basesys.rmodule.obj
 0002:00000c94       ??_C@_0CI@FMDENPAM@RModule?$CI?$CFp?$CJ?3?3save_db?$CI?4?4?4?$CJ?5?9?9?5?$HL?5?$CF@ 00407c94     umodsys_lib_basesys:umodsys.basesys.rmodule.obj
 0002:00000cbc       ??_C@_0BN@CFNKPKCH@?5?5?5?5MODOBJECT?5?$CFs?$CI?$CFd?$CJ?5?$CFs?$CI?$CFd?$CJ?6?$AA@ 00407cbc     umodsys_lib_basesys:umodsys.basesys.rmodule.obj
 0002:00000cdc       ??_C@_0BP@BJFGMFNK@?5?5?5?5GENERATOR?5?$CFs?$CI?$CFd?$CJ?5?$CFs?$CI?$CFd?$CJ?5?$HL?6?$AA@ 00407cdc     umodsys_lib_basesys:umodsys.basesys.rmodule.obj
 0002:00000cfc       ??_C@_0BK@DNNMLLHP@?5?5?5?5?5?5REFOBJECT?5?$CFs?$CI?$CFd?$CJ?5?$HL?6?$AA@ 00407cfc     umodsys_lib_basesys:umodsys.basesys.rmodule.obj
 0002:00000d18       ??_C@_0BF@CJPCFEEB@?5?5?5?5?5?5?5?5TYPE?5?$CFs?$CI?$CFd?$CJ?6?$AA@ 00407d18     umodsys_lib_basesys:umodsys.basesys.rmodule.obj
 0002:00000d30       ??_C@_0BM@PFPEFHDC@?5?5?5?5?5?5?$HN?5?$CD?5REFOBJECT?5?$CFs?$CI?$CFd?$CJ?6?$AA@ 00407d30     umodsys_lib_basesys:umodsys.basesys.rmodule.obj
 0002:00000d4c       ??_C@_0CB@PCDHJLII@?5?5?5?5?$HN?5?$CD?5GENERATOR?5?$CFs?$CI?$CFd?$CJ?5?$CFs?$CI?$CFd?$CJ?6@ 00407d4c     umodsys_lib_basesys:umodsys.basesys.rmodule.obj
 0002:00000d70       ??_C@_0BI@OGBPJMLO@?5?5?$HN?5?$CD?5MODULE?5?$CFs?$CI?$CFd?0?$CFd?$CJ?6?$AA@ 00407d70     umodsys_lib_basesys:umodsys.basesys.rmodule.obj
 0002:00000d8c       ??_7IModule@base@UModSys@@6B@ 00407d8c     umodsys_lib_basesys:umodsys.basesys.rmodule.obj
 0002:00000ddc       ??_7RModule@rsystem@base@UModSys@@6B@ 00407ddc     umodsys_lib_basesys:umodsys.basesys.rmodule.obj
 0002:00000e28       __load_config_used         00407e28     MSVCRT:loadcfg.obj
 0002:00000e70       ??_R4type_info@@6B@        00407e70     MSVCRT:ti_inst.obj
 0002:00000e84       ??_R3type_info@@8          00407e84     MSVCRT:ti_inst.obj
 0002:00000e94       ??_R2type_info@@8          00407e94     MSVCRT:ti_inst.obj
 0002:00000e9c       ??_R1A@?0A@EA@type_info@@8 00407e9c     MSVCRT:ti_inst.obj
 0002:00000eb8       ??_R4RConsole_std@rsystem@base@UModSys@@6B@ 00407eb8     umodsys_lib_basesys:umodsys.basesys.rconsole_std.obj
 0002:00000ecc       ??_R3RConsole_std@rsystem@base@UModSys@@8 00407ecc     umodsys_lib_basesys:umodsys.basesys.rconsole_std.obj
 0002:00000edc       ??_R2RConsole_std@rsystem@base@UModSys@@8 00407edc     umodsys_lib_basesys:umodsys.basesys.rconsole_std.obj
 0002:00000ef0       ??_R1A@?0A@EA@RConsole_std@rsystem@base@UModSys@@8 00407ef0     umodsys_lib_basesys:umodsys.basesys.rconsole_std.obj
 0002:00000f0c       ??_R4IConsole@base@UModSys@@6B@ 00407f0c     umodsys_lib_basesys:umodsys.basesys.rconsole_std.obj
 0002:00000f20       ??_R3IConsole@base@UModSys@@8 00407f20     umodsys_lib_basesys:umodsys.basesys.rconsole_std.obj
 0002:00000f30       ??_R2IConsole@base@UModSys@@8 00407f30     umodsys_lib_basesys:umodsys.basesys.rconsole_std.obj
 0002:00000f40       ??_R1A@?0A@EA@IConsole@base@UModSys@@8 00407f40     umodsys_lib_basesys:umodsys.basesys.rconsole_std.obj
 0002:00000f5c       ??_R4IRefObject@core@UModSys@@6B@ 00407f5c     umodsys_lib_basesys:umodsys.basesys.rconsole_std.obj
 0002:00000f70       ??_R3IRefObject@core@UModSys@@8 00407f70     umodsys_lib_basesys:umodsys.basesys.rconsole_std.obj
 0002:00000f80       ??_R2IRefObject@core@UModSys@@8 00407f80     umodsys_lib_basesys:umodsys.basesys.rconsole_std.obj
 0002:00000f8c       ??_R1A@?0A@EA@IRefObject@core@UModSys@@8 00407f8c     umodsys_lib_basesys:umodsys.basesys.rconsole_std.obj
 0002:00000fa8       ??_R4IRoot@core@UModSys@@6B@ 00407fa8     umodsys_lib_basesys:umodsys.basesys.rconsole_std.obj
 0002:00000fbc       ??_R3IRoot@core@UModSys@@8 00407fbc     umodsys_lib_basesys:umodsys.basesys.rconsole_std.obj
 0002:00000fcc       ??_R2IRoot@core@UModSys@@8 00407fcc     umodsys_lib_basesys:umodsys.basesys.rconsole_std.obj
 0002:00000fd4       ??_R1A@?0A@EA@IRoot@core@UModSys@@8 00407fd4     umodsys_lib_basesys:umodsys.basesys.rconsole_std.obj
 0002:00000ff0       ??_R4RSystem@rsystem@base@UModSys@@6BISourceContextAdapter@core@3@@ 00407ff0     umodsys_lib_basesys:umodsys.basesys.rsystem_main.obj
 0002:00001004       ??_R4RSystem@rsystem@base@UModSys@@6BIUniquePointerResolver@core@3@@ 00408004     umodsys_lib_basesys:umodsys.basesys.rsystem_main.obj
 0002:00001018       ??_R4RSystem@rsystem@base@UModSys@@6BISystem@23@@ 00408018     umodsys_lib_basesys:umodsys.basesys.rsystem_main.obj
 0002:0000102c       ??_R3RSystem@rsystem@base@UModSys@@8 0040802c     umodsys_lib_basesys:umodsys.basesys.rsystem_main.obj
 0002:0000103c       ??_R2RSystem@rsystem@base@UModSys@@8 0040803c     umodsys_lib_basesys:umodsys.basesys.rsystem_main.obj
 0002:00001054       ??_R17?0A@EA@ISourceContextAdapter@core@UModSys@@8 00408054     umodsys_lib_basesys:umodsys.basesys.rsystem_main.obj
 0002:00001070       ??_R13?0A@EA@IUniquePointerResolver@core@UModSys@@8 00408070     umodsys_lib_basesys:umodsys.basesys.rsystem_main.obj
 0002:0000108c       ??_R1A@?0A@EA@RSystem@rsystem@base@UModSys@@8 0040808c     umodsys_lib_basesys:umodsys.basesys.rsystem_main.obj
 0002:000010a8       ??_R4?$TRMemAlloc_CC@U?$TMemAllocHeader@USMagic@mem_headers@rsystem@base@UModSys@@U?$TPool@X@2345@USDebug@2345@UVoid@core@5@@rsystem@base@UModSys@@USMemAlloc_Malloc@core@4@@rsystem@base@UModSys@@6B@ 004080a8     umodsys_lib_basesys:umodsys.basesys.rsystem_main.obj
 0002:000010bc       ??_R3?$TRMemAlloc_CC@U?$TMemAllocHeader@USMagic@mem_headers@rsystem@base@UModSys@@U?$TPool@X@2345@USDebug@2345@UVoid@core@5@@rsystem@base@UModSys@@USMemAlloc_Malloc@core@4@@rsystem@base@UModSys@@8 004080bc     umodsys_lib_basesys:umodsys.basesys.rsystem_main.obj
 0002:000010cc       ??_R2?$TRMemAlloc_CC@U?$TMemAllocHeader@USMagic@mem_headers@rsystem@base@UModSys@@U?$TPool@X@2345@USDebug@2345@UVoid@core@5@@rsystem@base@UModSys@@USMemAlloc_Malloc@core@4@@rsystem@base@UModSys@@8 004080cc     umodsys_lib_basesys:umodsys.basesys.rsystem_main.obj
 0002:000010dc       ??_R13?0A@EA@SMemAlloc_Malloc@core@UModSys@@8 004080dc     umodsys_lib_basesys:umodsys.basesys.rsystem_main.obj
 0002:000010f8       ??_R3SMemAlloc_Malloc@core@UModSys@@8 004080f8     umodsys_lib_basesys:umodsys.basesys.rsystem_main.obj
[...]
 0003:00000104       ??_R0?AUIRoot@core@UModSys@@@8 00409104     umodsys_lib_basesys:umodsys.basesys.rconsole_std.obj
 0003:00000128       ??_R0?AURSystem@rsystem@base@UModSys@@@8 00409128     umodsys_lib_basesys:umodsys.basesys.rsystem_main.obj
 0003:00000154       ??_R0?AUSMemAlloc_Malloc@core@UModSys@@@8 00409154     umodsys_lib_basesys:umodsys.basesys.rsystem_main.obj
 0003:00000180       ??_R0?AU?$TRMemAlloc_CC@U?$TMemAllocHeader@USMagic@mem_headers@rsystem@base@UModSys@@U?$TPool@X@2345@USDebug@2345@UVoid@core@5@@rsystem@base@UModSys@@USMemAlloc_Malloc@core@4@@rsystem@base@UModSys@@@8 00409180     umodsys_lib_basesys:umodsys.basesys.rsystem_main.obj
 0003:0000024c       ??_R0?AUIUniquePointerResolver@core@UModSys@@@8 0040924c     umodsys_lib_basesys:umodsys.basesys.rsystem_main.obj
 0003:00000280       ??_R0?AUISourceContextAdapter@core@UModSys@@@8 00409280     umodsys_lib_basesys:umodsys.basesys.rsystem_main.obj
 0003:000002b4       ??_R0?AUISystem@base@UModSys@@@8 004092b4     umodsys_lib_basesys:umodsys.basesys.rsystem_main.obj
 0003:000002d8       ??_R0?AUIMemAlloc@core@UModSys@@@8 004092d8     umodsys_lib_basesys:umodsys.basesys.rsystem_main.obj
 0003:00000300       ??_R0?AUEFatal@core@UModSys@@@8 00409300     umodsys_lib_basesys:umodsys.basesys.rsystem_main.obj
 0003:00000324       ??_R0?AUEExceptionBase@core@UModSys@@@8 00409324     umodsys_lib_basesys:umodsys.basesys.rsystem_main.obj
 0003:00000350       ??_R0?AUEWarning@core@UModSys@@@8 00409350     umodsys_lib_basesys:umodsys.basesys.rsystem_main.obj
 0003:00000374       ??_R0?AURModuleLoader@rsystem@base@UModSys@@@8 00409374     umodsys_lib_basesys:umodsys.basesys.rmoduleloader.obj
 0003:000003a8       ??_R0?AUIModuleLoader@base@UModSys@@@8 004093a8     umodsys_lib_basesys:umodsys.basesys.rmoduleloader.obj
 0003:000003d4       ??_R0?AURParameters@rsystem@base@UModSys@@@8 004093d4     umodsys_lib_basesys:umodsys.basesys.rparameters.obj
 0003:00000404       ??_R0?AUIParameters@core@UModSys@@@8 00409404     umodsys_lib_basesys:umodsys.basesys.rparameters.obj
 0003:0000042c       ??_R0?AURModuleLibrary@rsystem@base@UModSys@@@8 0040942c     umodsys_lib_basesys:umodsys.basesys.rmodulelib.obj
 0003:00000460       ??_R0?AUIModuleLibrary@base@UModSys@@@8 00409460     umodsys_lib_basesys:umodsys.basesys.rmodulelib.obj
 0003:0000048c       ?s_null@?1??get_null@?$TSCoreShared@USMemAlloc_Malloc@core@UModSys@@D@su@tl@UModSys@@SAPAU?$TSharedStringInfo@D@345@XZ@4U6345@A 0040948c     umodsys_lib_basesys:umodsys.basesys.rmodulelib.obj
 0003:0000049c       ??_R0?AURModule@rsystem@base@UModSys@@@8 0040949c     umodsys_lib_basesys:umodsys.basesys.rmodule.obj
 0003:000004c8       ??_R0?AUIModule@base@UModSys@@@8 004094c8     umodsys_lib_basesys:umodsys.basesys.rmodule.obj
 0003:00000510       __forceCRTManifestRTM      00409510     MSVCRT:crtmanifestrtm.obj
 0003:00000514       __dowildcard               00409514     MSVCRT:wildcard.obj
 0003:00000518       __newmode                  00409518     MSVCRT:_newmode.obj
 0003:0000051c       __commode                  0040951c     MSVCRT:xncommod.obj
 0003:00000520       __fmode                    00409520     MSVCRT:xtxtmode.obj
 0003:0000084c       ?rv@?1??get_default@SMemAlloc_Malloc@core@UModSys@@SAABU234@XZ@4U234@A 0040984c     umodsys_lib_basesys:umodsys.basesys.rsystem_main.obj
 0003:00000850       ?s_id@?$TObjectUniqueID@URConsole_std@rsystem@base@UModSys@@@tl@UModSys@@2USUniquePointer@core@3@A 00409850     umodsys.c_main.obj
 0003:00000868       ?s_id@?$TObjectUniqueID@UIRefObject@core@UModSys@@@tl@UModSys@@2USUniquePointer@core@3@A 00409868     umodsys.c_main.obj
 0003:00000880       ?s_id@?$TObjectUniqueID@UIRoot@core@UModSys@@@tl@UModSys@@2USUniquePointer@core@3@A 00409880     umodsys.c_main.obj
 0003:00000898       ?s_id@?$TObjectUniqueID@URParameters@rsystem@base@UModSys@@@tl@UModSys@@2USUniquePointer@core@3@A 00409898     umodsys.c_main.obj
 0003:000008b0       ?s_id@?$TObjectUniqueID@UIModule@base@UModSys@@@tl@UModSys@@2USUniquePointer@core@3@A 004098b0     umodsys.c_main.obj
 0003:000008c8       ?s_id@?$TObjectUniqueID@URModuleLibrary@rsystem@base@UModSys@@@tl@UModSys@@2USUniquePointer@core@3@A 004098c8     umodsys.c_main.obj
 0003:000008e0       ?s_id@?$TObjectUniqueID@UIGenerator@base@UModSys@@@tl@UModSys@@2USUniquePointer@core@3@A 004098e0     umodsys.c_main.obj
 0003:000008f8       ?s_id@?$TObjectUniqueID@UIModuleLibrary@base@UModSys@@@tl@UModSys@@2USUniquePointer@core@3@A 004098f8     umodsys.c_main.obj
 0003:00000910       ?s_null@?$TStaticStringPool@DU?$TComparerBinaryHash@D@su@tl@UModSys@@USMemAlloc_Malloc@core@4@@tl@UModSys@@2U?$TString@U?$TSCoreConst@D@su@tl@UModSys@@U?$TComparerBinaryHash@D@234@@23@A 00409910     umodsys.c_main.obj
 0003:0000091c       ?s_id@?$TObjectUniqueID@UIParameters@core@UModSys@@@tl@UModSys@@2USUniquePointer@core@3@A 0040991c     umodsys.c_main.obj
 0003:00000934       ?s_id@?$TObjectUniqueID@UISystem@base@UModSys@@@tl@UModSys@@2USUniquePointer@core@3@A 00409934     umodsys.c_main.obj
 0003:0000094c       ?s_id@?$TObjectUniqueID@URModule@rsystem@base@UModSys@@@tl@UModSys@@2USUniquePointer@core@3@A 0040994c     umodsys.c_main.obj
 0003:00000964       ?s_id@?$TObjectUniqueID@UIModObject@base@UModSys@@@tl@UModSys@@2USUniquePointer@core@3@A 00409964     umodsys.c_main.obj
 0003:0000097c       ?s_id@?$TObjectUniqueID@URSystem@rsystem@base@UModSys@@@tl@UModSys@@2USUniquePointer@core@3@A 0040997c     umodsys.c_main.obj
 0003:00000994       ?s_id@?$TObjectUniqueID@UIShell@base@UModSys@@@tl@UModSys@@2USUniquePointer@core@3@A 00409994     umodsys.c_main.obj
 0003:000009ac       ?s_id@?$TObjectUniqueID@UIConsole@base@UModSys@@@tl@UModSys@@2USUniquePointer@core@3@A 004099ac     umodsys.c_main.obj
 0003:000009c8       ?s_console@RConsole_std@rsystem@base@UModSys@@2U1234@A 004099c8     umodsys_lib_basesys:umodsys.basesys.rconsole_std.obj
 0003:000009d0       ?s_sys@RSystem@rsystem@base@UModSys@@2U1234@A 004099d0     umodsys_lib_basesys:umodsys.basesys.rsystem_main.obj
 0003:00000a6c       ?rsys_dbg@rsystem@base@UModSys@@3USDebug@23@A 00409a6c     umodsys_lib_basesys:umodsys.basesys.rsystem_main.obj
 0003:00000a74       ?M@UModSys@@3USModuleContext@base@1@A 00409a74     umodsys_lib_base:umodsys.base.modulecontext.obj
 0003:00000a80       ?root@SUniquePointer@core@UModSys@@2U123@A 00409a80     umodsys_lib_core:umodsys.core.uniqueptr.obj
 0003:00000a98       __adjust_fdiv              00409a98     <common>
 0003:00000a9c       ___native_startup_state    00409a9c     <common>
 0003:00000aa0       ___native_startup_lock     00409aa0     <common>
 0003:00000aa4       ___dyn_tls_init_callback   00409aa4     <common>
 0003:00000aa8       ___onexitend               00409aa8     <common>
 0003:00000aac       ___onexitbegin             00409aac     <common>

 entry point at        0001:00001bff

 Static symbols

 0001:0000195d       _pre_cpp_init              0040295d f   MSVCRT:crtexe.obj
 0001:000019a8       ___tmainCRTStartup         004029a8 f   MSVCRT:crtexe.obj
 0001:00001b1e       _pre_c_init                00402b1e f   MSVCRT:crtexe.obj
 0001:00003ac0       ?s_pfd_scan@@YAIPAUISystem@base@UModSys@@AAU?$TArrayContDynamic@U?$TRefObject@URModuleLibrary@rsystem@base@UModSys@@@tl@UModSys@@U?$TAllocator@USMemAlloc_Malloc@core@UModSys@@USCountCalcPower2@23@@23@@tl@3@PBD2@Z 00404ac0 f    CIL library: CIL module
 0001:00005a20       __unwindfunclet$??1?$TQuantArrayUnique@USSourceContext@core@UModSys@@$0BAA@USMemAlloc_Malloc@23@@tl@UModSys@@QAE@XZ$0 00406a20 f    CIL library: CIL module
 0001:00005a20       __unwindfunclet$??1?$TQuantArrayUnique@USUniquePointerInfo@core@UModSys@@$0BAA@USMemAlloc_Malloc@23@@tl@UModSys@@QAE@XZ$0 00406a20 f    CIL library: CIL module
 0001:00005a28       __ehhandler$??1?$TQuantArrayUnique@USSourceContext@core@UModSys@@$0BAA@USMemAlloc_Malloc@23@@tl@UModSys@@QAE@XZ 00406a28 f    CIL library: CIL module
 0001:00005a28       __ehhandler$??1?$TQuantArrayUnique@USUniquePointerInfo@core@UModSys@@$0BAA@USMemAlloc_Malloc@23@@tl@UModSys@@QAE@XZ 00406a28 f    CIL library: CIL module
 0001:00005a40       __unwindfunclet$?suicide@RModule@rsystem@base@UModSys@@UAEXXZ$0 00406a40 f    CIL library: CIL module
 0001:00005a40       __unwindfunclet$??$t_moduledb_generate@UIShell@base@UModSys@@@IModuleLoader@base@UModSys@@QAE_NAAU?$TRefObject@UIShell@base@UModSys@@@tl@2@PBUSUniquePointerInfo@core@2@ABUSParameters@62@@Z$0 00406a40 f    CIL library: CIL module
 0001:00005a48       __ehhandler$?suicide@RModule@rsystem@base@UModSys@@UAEXXZ 00406a48 f    CIL library: CIL module
 0001:00005a48       __ehhandler$??$t_moduledb_generate@UIShell@base@UModSys@@@IModuleLoader@base@UModSys@@QAE_NAAU?$TRefObject@UIShell@base@UModSys@@@tl@2@PBUSUniquePointerInfo@core@2@ABUSParameters@62@@Z 00406a48 f    CIL library: CIL module
 0001:00005a60       __unwindfunclet$??1RSystem@rsystem@base@UModSys@@UAE@XZ$0 00406a60 f    CIL library: CIL module
 0001:00005a68       __unwindfunclet$??1RSystem@rsystem@base@UModSys@@UAE@XZ$1 00406a68 f    CIL library: CIL module
 0001:00005a73       __unwindfunclet$??1RSystem@rsystem@base@UModSys@@UAE@XZ$2 00406a73 f    CIL library: CIL module
 0001:00005a7e       __unwindfunclet$??1RSystem@rsystem@base@UModSys@@UAE@XZ$3 00406a7e f    CIL library: CIL module
 0001:00005a89       __unwindfunclet$??1RSystem@rsystem@base@UModSys@@UAE@XZ$4 00406a89 f    CIL library: CIL module
 0001:00005a96       __unwindfunclet$??1RSystem@rsystem@base@UModSys@@UAE@XZ$5 00406a96 f    CIL library: CIL module
 0001:00005aa1       __ehhandler$??1RSystem@rsystem@base@UModSys@@UAE@XZ 00406aa1 f    CIL library: CIL module
 0001:00005aab       __unwindfunclet$??0RModule@rsystem@base@UModSys@@QAE@PAURModuleLibrary@123@PAUIModuleReg@23@@Z$0 00406aab f    CIL library: CIL module
 0001:00005ab3       __unwindfunclet$??0RModule@rsystem@base@UModSys@@QAE@PAURModuleLibrary@123@PAUIModuleReg@23@@Z$1 00406ab3 f    CIL library: CIL module
 0001:00005abe       __unwindfunclet$??0RModule@rsystem@base@UModSys@@QAE@PAURModuleLibrary@123@PAUIModuleReg@23@@Z$2 00406abe f    CIL library: CIL module
 0001:00005ac9       __unwindfunclet$??0RModule@rsystem@base@UModSys@@QAE@PAURModuleLibrary@123@PAUIModuleReg@23@@Z$3 00406ac9 f    CIL library: CIL module
 0001:00005ad4       __ehhandler$??0RModule@rsystem@base@UModSys@@QAE@PAURModuleLibrary@123@PAUIModuleReg@23@@Z 00406ad4 f    CIL library: CIL module
 0001:00005ade       __unwindfunclet$??1RModuleLibrary@rsystem@base@UModSys@@UAE@XZ$0 00406ade f    CIL library: CIL module
 0001:00005ae6       __unwindfunclet$??1RModuleLibrary@rsystem@base@UModSys@@UAE@XZ$1 00406ae6 f    CIL library: CIL module
 0001:00005af1       __unwindfunclet$??1RModuleLibrary@rsystem@base@UModSys@@UAE@XZ$2 00406af1 f    CIL library: CIL module
 0001:00005afc       __unwindfunclet$??1RModuleLibrary@rsystem@base@UModSys@@UAE@XZ$3 00406afc f    CIL library: CIL module
 0001:00005b07       __ehhandler$??1RModuleLibrary@rsystem@base@UModSys@@UAE@XZ 00406b07 f    CIL library: CIL module
 0001:00005b11       __unwindfunclet$?link@RModuleLibrary@rsystem@base@UModSys@@QAE_NXZ$0 00406b11 f    CIL library: CIL module
 0001:00005b1f       __ehhandler$?link@RModuleLibrary@rsystem@base@UModSys@@QAE_NXZ 00406b1f f    CIL library: CIL module
 0001:00005b29       __unwindfunclet$?exec_test_shells@RSystem@rsystem@base@UModSys@@QAE_NXZ$0 00406b29 f    CIL library: CIL module
 0001:00005b34       __unwindfunclet$?exec_test_shells@RSystem@rsystem@base@UModSys@@QAE_NXZ$1 00406b34 f    CIL library: CIL module
 0001:00005b3f       __ehhandler$?exec_test_shells@RSystem@rsystem@base@UModSys@@QAE_NXZ 00406b3f f    CIL library: CIL module
 0001:00005b49       __unwindfunclet$?s_add@RModuleLibrary@rsystem@base@UModSys@@SA_NPAUISystem@34@AAU?$TArrayContDynamic@U?$TRefObject@URModuleLibrary@rsystem@base@UModSys@@@tl@UModSys@@U?$TAllocator@USMemAlloc_Malloc@core@UModSys@@USCountCalcPower2@23@@23@@tl@4@PBD@Z$1 00406b49 f    CIL library: CIL module
 0001:00005b51       __ehhandler$?s_add@RModuleLibrary@rsystem@base@UModSys@@SA_NPAUISystem@34@AAU?$TArrayContDynamic@U?$TRefObject@URModuleLibrary@rsystem@base@UModSys@@@tl@UModSys@@U?$TAllocator@USMemAlloc_Malloc@core@UModSys@@USCountCalcPower2@23@@23@@tl@4@PBD@Z 00406b51 f    CIL library: CIL module
 0001:00005b60       __unwindfunclet$?mem_free@?$TRMemAlloc_CC@U?$TMemAllocHeader@USMagic@mem_headers@rsystem@base@UModSys@@U?$TPool@X@2345@USDebug@2345@UVoid@core@5@@rsystem@base@UModSys@@USMemAlloc_Malloc@core@4@@rsystem@base@UModSys@@UAEXPAXPBUSSourceContext@core@4@@Z$0 00406b60 f    CIL library: CIL module
 0001:00005b68       __ehhandler$?mem_free@?$TRMemAlloc_CC@U?$TMemAllocHeader@USMagic@mem_headers@rsystem@base@UModSys@@U?$TPool@X@2345@USDebug@2345@UVoid@core@5@@rsystem@base@UModSys@@USMemAlloc_Malloc@core@4@@rsystem@base@UModSys@@UAEXPAXPBUSSourceContext@core@4@@Z 00406b68 f    CIL library: CIL module
 0001:00005b80       __unwindfunclet$?mem_realloc@?$TRMemAlloc_CC@U?$TMemAllocHeader@USMagic@mem_headers@rsystem@base@UModSys@@U?$TPool@X@2345@USDebug@2345@UVoid@core@5@@rsystem@base@UModSys@@USMemAlloc_Malloc@core@4@@rsystem@base@UModSys@@UAEPAXPAXIPBUSSourceContext@core@4@@Z$0 00406b80 f    CIL library: CIL module
 0001:00005b88       __unwindfunclet$?mem_realloc@?$TRMemAlloc_CC@U?$TMemAllocHeader@USMagic@mem_headers@rsystem@base@UModSys@@U?$TPool@X@2345@USDebug@2345@UVoid@core@5@@rsystem@base@UModSys@@USMemAlloc_Malloc@core@4@@rsystem@base@UModSys@@UAEPAXPAXIPBUSSourceContext@core@4@@Z$1 00406b88 f    CIL library: CIL module
 0001:00005b90       __ehhandler$?mem_realloc@?$TRMemAlloc_CC@U?$TMemAllocHeader@USMagic@mem_headers@rsystem@base@UModSys@@U?$TPool@X@2345@USDebug@2345@UVoid@core@5@@rsystem@base@UModSys@@USMemAlloc_Malloc@core@4@@rsystem@base@UModSys@@UAEPAXPAXIPBUSSourceContext@core@4@@Z 00406b90 f    CIL library: CIL module
 0001:00005ba0       ??__E?s_id@?$TObjectUniqueID@UIRoot@core@UModSys@@@tl@UModSys@@2USUniquePointer@core@3@A@@YAXXZ 00406ba0 f    CIL library: CIL module
 0001:00005bc0       ??__E?s_id@?$TObjectUniqueID@UIRefObject@core@UModSys@@@tl@UModSys@@2USUniquePointer@core@3@A@@YAXXZ 00406bc0 f    CIL library: CIL module
 0001:00005be0       ??__E?s_id@?$TObjectUniqueID@UIParameters@core@UModSys@@@tl@UModSys@@2USUniquePointer@core@3@A@@YAXXZ 00406be0 f    CIL library: CIL module
 0001:00005c00       ??__E?s_id@?$TObjectUniqueID@UIConsole@base@UModSys@@@tl@UModSys@@2USUniquePointer@core@3@A@@YAXXZ 00406c00 f    CIL library: CIL module
 0001:00005c20       ??__E?s_id@?$TObjectUniqueID@UIModule@base@UModSys@@@tl@UModSys@@2USUniquePointer@core@3@A@@YAXXZ 00406c20 f    CIL library: CIL module
 0001:00005c40       ??__E?s_id@?$TObjectUniqueID@UIModuleLibrary@base@UModSys@@@tl@UModSys@@2USUniquePointer@core@3@A@@YAXXZ 00406c40 f    CIL library: CIL module
 0001:00005c60       ??__E?s_id@?$TObjectUniqueID@UISystem@base@UModSys@@@tl@UModSys@@2USUniquePointer@core@3@A@@YAXXZ 00406c60 f    CIL library: CIL module
 0001:00005c80       ??__E?s_id@?$TObjectUniqueID@UIModObject@base@UModSys@@@tl@UModSys@@2USUniquePointer@core@3@A@@YAXXZ 00406c80 f    CIL library: CIL module
 0001:00005ca0       ??__E?s_id@?$TObjectUniqueID@UIGenerator@base@UModSys@@@tl@UModSys@@2USUniquePointer@core@3@A@@YAXXZ 00406ca0 f    CIL library: CIL module
 0001:00005cc0       ??__E?s_id@?$TObjectUniqueID@UIShell@base@UModSys@@@tl@UModSys@@2USUniquePointer@core@3@A@@YAXXZ 00406cc0 f    CIL library: CIL module
 0001:00005ce0       ??__E?s_id@?$TObjectUniqueID@URModule@rsystem@base@UModSys@@@tl@UModSys@@2USUniquePointer@core@3@A@@YAXXZ 00406ce0 f    CIL library: CIL module
 0001:00005d00       ??__E?s_id@?$TObjectUniqueID@URModuleLibrary@rsystem@base@UModSys@@@tl@UModSys@@2USUniquePointer@core@3@A@@YAXXZ 00406d00 f    CIL library: CIL module
 0001:00005d20       ??__E?s_id@?$TObjectUniqueID@URParameters@rsystem@base@UModSys@@@tl@UModSys@@2USUniquePointer@core@3@A@@YAXXZ 00406d20 f    CIL library: CIL module
 0001:00005d40       ??__E?s_id@?$TObjectUniqueID@URSystem@rsystem@base@UModSys@@@tl@UModSys@@2USUniquePointer@core@3@A@@YAXXZ 00406d40 f    CIL library: CIL module
 0001:00005d60       ??__E?s_id@?$TObjectUniqueID@URConsole_std@rsystem@base@UModSys@@@tl@UModSys@@2USUniquePointer@core@3@A@@YAXXZ 00406d60 f    CIL library: CIL module
 0001:00005d80       ??__E?s_console@RConsole_std@rsystem@base@UModSys@@2U1234@A@@YAXXZ 00406d80 f    CIL library: CIL module
 0001:00005da0       ??__E?s_sys@RSystem@rsystem@base@UModSys@@2U1234@A@@YAXXZ 00406da0 f    CIL library: CIL module
 0001:00005dc0       ??__Ersys_dbg@rsystem@base@UModSys@@YAXXZ 00406dc0 f    CIL library: CIL module
 0001:00005de0       ??__EM@UModSys@@YAXXZ      00406de0 f    CIL library: CIL module
 0001:00005e00       ??__E?root@SUniquePointer@core@UModSys@@2U123@A@@YAXXZ 00406e00 f    CIL library: CIL module
 0001:00005e20       ??__F?s_id@?$TObjectUniqueID@URConsole_std@rsystem@base@UModSys@@@tl@UModSys@@2USUniquePointer@core@3@A@@YAXXZ 00406e20 f    CIL library: CIL module
 0001:00005e30       ??__F?s_id@?$TObjectUniqueID@URSystem@rsystem@base@UModSys@@@tl@UModSys@@2USUniquePointer@core@3@A@@YAXXZ 00406e30 f    CIL library: CIL module
 0001:00005e40       ??__F?s_id@?$TObjectUniqueID@URParameters@rsystem@base@UModSys@@@tl@UModSys@@2USUniquePointer@core@3@A@@YAXXZ 00406e40 f    CIL library: CIL module
 0001:00005e50       ??__F?s_id@?$TObjectUniqueID@URModuleLibrary@rsystem@base@UModSys@@@tl@UModSys@@2USUniquePointer@core@3@A@@YAXXZ 00406e50 f    CIL library: CIL module
 0001:00005e60       ??__F?s_id@?$TObjectUniqueID@URModule@rsystem@base@UModSys@@@tl@UModSys@@2USUniquePointer@core@3@A@@YAXXZ 00406e60 f    CIL library: CIL module
 0001:00005e70       ??__F?s_id@?$TObjectUniqueID@UIShell@base@UModSys@@@tl@UModSys@@2USUniquePointer@core@3@A@@YAXXZ 00406e70 f    CIL library: CIL module
 0001:00005e80       ??__F?s_id@?$TObjectUniqueID@UIGenerator@base@UModSys@@@tl@UModSys@@2USUniquePointer@core@3@A@@YAXXZ 00406e80 f    CIL library: CIL module
 0001:00005e90       ??__F?s_id@?$TObjectUniqueID@UIModObject@base@UModSys@@@tl@UModSys@@2USUniquePointer@core@3@A@@YAXXZ 00406e90 f    CIL library: CIL module
 0001:00005ea0       ??__F?s_id@?$TObjectUniqueID@UISystem@base@UModSys@@@tl@UModSys@@2USUniquePointer@core@3@A@@YAXXZ 00406ea0 f    CIL library: CIL module
 0001:00005eb0       ??__F?s_id@?$TObjectUniqueID@UIModuleLibrary@base@UModSys@@@tl@UModSys@@2USUniquePointer@core@3@A@@YAXXZ 00406eb0 f    CIL library: CIL module
 0001:00005ec0       ??__F?s_id@?$TObjectUniqueID@UIModule@base@UModSys@@@tl@UModSys@@2USUniquePointer@core@3@A@@YAXXZ 00406ec0 f    CIL library: CIL module
 0001:00005ed0       ??__F?s_id@?$TObjectUniqueID@UIConsole@base@UModSys@@@tl@UModSys@@2USUniquePointer@core@3@A@@YAXXZ 00406ed0 f    CIL library: CIL module
 0001:00005ee0       ??__F?s_id@?$TObjectUniqueID@UIParameters@core@UModSys@@@tl@UModSys@@2USUniquePointer@core@3@A@@YAXXZ 00406ee0 f    CIL library: CIL module
 0001:00005ef0       ??__F?s_id@?$TObjectUniqueID@UIRefObject@core@UModSys@@@tl@UModSys@@2USUniquePointer@core@3@A@@YAXXZ 00406ef0 f    CIL library: CIL module
 0001:00005f00       ??__F?s_id@?$TObjectUniqueID@UIRoot@core@UModSys@@@tl@UModSys@@2USUniquePointer@core@3@A@@YAXXZ 00406f00 f    CIL library: CIL module
 0001:00005f10       ??__F?s_console@RConsole_std@rsystem@base@UModSys@@2U1234@A@@YAXXZ 00406f10 f    CIL library: CIL module
 0001:00005f20       ??__F?s_sys@RSystem@rsystem@base@UModSys@@2U1234@A@@YAXXZ 00406f20 f    CIL library: CIL module
 0001:00005f30       ??__Frsys_dbg@rsystem@base@UModSys@@YAXXZ 00406f30 f    CIL library: CIL module
 0001:00005f40       ??__FM@UModSys@@YAXXZ      00406f40 f    CIL library: CIL module
 0001:00005f50       ??__F?root@SUniquePointer@core@UModSys@@2U123@A@@YAXXZ 00406f50 f    CIL library: CIL module
