 umodsysc

 Timestamp is 525821b9 (Fri Oct 11 19:05:13 2013)

 Preferred load address is 00400000

 Start         Length     Name                   Class
 0001:00000000 00007fb0H .text                   CODE
 0001:00007fb0 00000258H .text$x                 CODE
 0001:00008210 000005c1H .text$yc                CODE
 0001:000087e0 0000024aH .text$yd                CODE
 0002:00000000 00000150H .idata$5                DATA
 0002:00000150 00000004H .CRT$XCA                DATA
 0002:00000154 00000004H .CRT$XCAA               DATA
 0002:00000158 000000dcH .CRT$XCU                DATA
 0002:00000234 00000004H .CRT$XCZ                DATA
 0002:00000238 00000004H .CRT$XIA                DATA
 0002:0000023c 00000004H .CRT$XIAA               DATA
 0002:00000240 00000004H .CRT$XIY                DATA
 0002:00000244 00000004H .CRT$XIZ                DATA
 0002:00000248 00001170H .rdata                  DATA
 0002:000013b8 00000b68H .rdata$r                DATA
 0002:00001f20 00000048H .rdata$sxdata           DATA
 0002:00001f68 00000004H .rtc$IAA                DATA
 0002:00001f6c 00000004H .rtc$IZZ                DATA
 0002:00001f70 00000004H .rtc$TAA                DATA
 0002:00001f74 00000004H .rtc$TZZ                DATA
 0002:00001f78 0000048cH .xdata$x                DATA
 0002:00002404 00000028H .idata$2                DATA
 0002:0000242c 00000014H .idata$3                DATA
 0002:00002440 00000150H .idata$4                DATA
 0002:00002590 00000544H .idata$6                DATA
 0002:00002ae0 00000058H .edata                  DATA
 0003:00000000 00000830H .data                   DATA
 0003:00000830 00002724H .bss                    DATA

  Address         Publics by Value              Rva+Base       Lib:Object

 0000:00000000       __except_list              00000000     <absolute>
 0000:00000012       ___safe_se_handler_count   00000012     <absolute>
 0000:00009876       __ldused                   00009876     <absolute>
 0000:00009876       __fltused                  00009876     <absolute>
 0000:00000000       ___ImageBase               00400000     <linker-defined>
 0001:00000000       ??$shash@D@su@tl@UModSys@@YAHPBDI@Z 00401000 f i umodsys.c_main.obj
 0001:00000030       ??1?$TString@U?$TSCoreShared@USIMemAlloc@core@UModSys@@D@su@tl@UModSys@@U?$TComparerBinaryHash@D@234@@tl@UModSys@@QAE@XZ 00401030 f i umodsys_lib_libmedia:umodsys.mod.media.stdio.obj
 0001:00000070       ?file_get_size@stdio@media@modules@UModSys@@YA_JPAU_iobuf@@@Z 00401070 f i umodsys_lib_libmedia:umodsys.mod.media.stdio.obj
 0001:000000c0       ?get_interface_info@RStreamReader_FILE@stdio@media@modules@UModSys@@UBEABUSUniquePointerInfo@core@5@XZ 004010c0 f i umodsys_lib_libmedia:umodsys.mod.media.stdio.obj
 0001:000000d0       ?get_interface_type@RStreamReader_FILE@stdio@media@modules@UModSys@@UBEPBUSUniquePointerInfo@core@5@XZ 004010d0 f i umodsys_lib_libmedia:umodsys.mod.media.stdio.obj
 0001:000000e0       ?get_other_interface@RStreamReader_FILE@stdio@media@modules@UModSys@@UBEPBUIRoot@core@5@PBUSUniquePointerInfo@75@@Z 004010e0 f i umodsys_lib_libmedia:umodsys.mod.media.stdio.obj
 0001:000000e0       ?get_other_interface@RStreamReader_FILE@stdio@media@modules@UModSys@@UAEPAUIRoot@core@5@PBUSUniquePointerInfo@75@@Z 004010e0 f i umodsys_lib_libmedia:umodsys.mod.media.stdio.obj
 0001:00000110       ??0RStreamReader_FILE@stdio@media@modules@UModSys@@QAE@PAURGenerator@1234@ABUSParameters@core@4@@Z 00401110 f i umodsys_lib_libmedia:umodsys.mod.media.stdio.obj
 0001:000001b0       ??0RStreamReader_FILE@stdio@media@modules@UModSys@@QAE@PAURGenerator@1234@PBD@Z 004011b0 f i umodsys_lib_libmedia:umodsys.mod.media.stdio.obj
 0001:00000230       ?get_size@RStreamReader_FILE@stdio@media@modules@UModSys@@QAEXXZ 00401230 f i umodsys_lib_libmedia:umodsys.mod.media.stdio.obj
 0001:000002a0       ?reader_seek@RStreamReader_FILE@stdio@media@modules@UModSys@@UAE_N_J@Z 004012a0 f i umodsys_lib_libmedia:umodsys.mod.media.stdio.obj
 0001:000002d0       ?reader_seekend@RStreamReader_FILE@stdio@media@modules@UModSys@@UAE_N_J@Z 004012d0 f i umodsys_lib_libmedia:umodsys.mod.media.stdio.obj
 0001:00000300       ?reader_seekdelta@RStreamReader_FILE@stdio@media@modules@UModSys@@UAE_N_J@Z 00401300 f i umodsys_lib_libmedia:umodsys.mod.media.stdio.obj
 0001:00000330       ?reader_pos@RStreamReader_FILE@stdio@media@modules@UModSys@@UAE_JXZ 00401330 f i umodsys_lib_libmedia:umodsys.mod.media.stdio.obj
 0001:00000350       ?reader_size@RStreamReader_FILE@stdio@media@modules@UModSys@@UAE_JXZ 00401350 f i umodsys_lib_libmedia:umodsys.mod.media.stdio.obj
 0001:00000360       ?reader_read@RStreamReader_FILE@stdio@media@modules@UModSys@@UAE_NPAXI@Z 00401360 f i umodsys_lib_libmedia:umodsys.mod.media.stdio.obj
 0001:000003e0       ?reader_close@RStreamReader_FILE@stdio@media@modules@UModSys@@UAEXXZ 004013e0 f i umodsys_lib_libmedia:umodsys.mod.media.stdio.obj
 0001:00000400       ??_GRStreamReader_FILE@stdio@media@modules@UModSys@@UAEPAXI@Z 00401400 f i umodsys_lib_libmedia:umodsys.mod.media.stdio.obj
 0001:00000400       ??_ERStreamReader_FILE@stdio@media@modules@UModSys@@UAEPAXI@Z 00401400 f i  CIL library: CIL module
 0001:00000430       ??_ERGenerator@stdio@media@modules@UModSys@@UAEPAXI@Z 00401430 f i  CIL library: CIL module
 0001:00000430       ??_EIRefObject@core@UModSys@@UAEPAXI@Z 00401430 f i  CIL library: CIL module
 0001:00000430       ??_GIRefObject@core@UModSys@@UAEPAXI@Z 00401430 f i umodsys_lib_libmedia:umodsys.mod.media.stdio.obj
 0001:00000430       ??_GRGenerator@stdio@media@modules@UModSys@@UAEPAXI@Z 00401430 f i umodsys_lib_libmedia:umodsys.mod.media.stdio.obj
 0001:00000440       ??_GIRoot@core@UModSys@@UAEPAXI@Z 00401440 f i umodsys_lib_libmedia:umodsys.mod.media.stdio.obj
 0001:00000440       ??_EIRoot@core@UModSys@@UAEPAXI@Z 00401440 f i  CIL library: CIL module
 0001:00000450       ?get_interface_info@RStreamWriter_FILE@stdio@media@modules@UModSys@@UBEABUSUniquePointerInfo@core@5@XZ 00401450 f i umodsys_lib_libmedia:umodsys.mod.media.stdio.obj
 0001:00000460       ?get_interface_type@RStreamWriter_FILE@stdio@media@modules@UModSys@@UBEPBUSUniquePointerInfo@core@5@XZ 00401460 f i umodsys_lib_libmedia:umodsys.mod.media.stdio.obj
 0001:00000470       ?get_other_interface@RStreamWriter_FILE@stdio@media@modules@UModSys@@UAEPAUIRoot@core@5@PBUSUniquePointerInfo@75@@Z 00401470 f i umodsys_lib_libmedia:umodsys.mod.media.stdio.obj
 0001:00000470       ?get_other_interface@RStreamWriter_FILE@stdio@media@modules@UModSys@@UBEPBUIRoot@core@5@PBUSUniquePointerInfo@75@@Z 00401470 f i umodsys_lib_libmedia:umodsys.mod.media.stdio.obj
 0001:000004a0       ??1RStreamWriter_FILE@stdio@media@modules@UModSys@@UAE@XZ 004014a0 f i umodsys_lib_libmedia:umodsys.mod.media.stdio.obj
 0001:00000510       ??0RStreamWriter_FILE@stdio@media@modules@UModSys@@QAE@PAURGenerator@1234@ABUSParameters@core@4@@Z 00401510 f i umodsys_lib_libmedia:umodsys.mod.media.stdio.obj
 0001:00000580       ??0RStreamWriter_FILE@stdio@media@modules@UModSys@@QAE@PAURGenerator@1234@PBD_N@Z 00401580 f i umodsys_lib_libmedia:umodsys.mod.media.stdio.obj
 0001:00000630       ?open@RStreamWriter_FILE@stdio@media@modules@UModSys@@QAEXABUSParameters@core@5@@Z 00401630 f i umodsys_lib_libmedia:umodsys.mod.media.stdio.obj
 0001:000006c0       ?writer_seek@RStreamWriter_FILE@stdio@media@modules@UModSys@@UAE_N_J@Z 004016c0 f i umodsys_lib_libmedia:umodsys.mod.media.stdio.obj
 0001:000006f0       ?writer_seekend@RStreamWriter_FILE@stdio@media@modules@UModSys@@UAE_N_J@Z 004016f0 f i umodsys_lib_libmedia:umodsys.mod.media.stdio.obj
 0001:00000720       ?writer_seekdelta@RStreamWriter_FILE@stdio@media@modules@UModSys@@UAE_N_J@Z 00401720 f i umodsys_lib_libmedia:umodsys.mod.media.stdio.obj
 0001:00000750       ?writer_setsize@RStreamWriter_FILE@stdio@media@modules@UModSys@@UAE_N_J@Z 00401750 f i umodsys_lib_libmedia:umodsys.mod.media.stdio.obj
 0001:000007a0       ?writer_pos@RStreamWriter_FILE@stdio@media@modules@UModSys@@UAE_JXZ 004017a0 f i umodsys_lib_libmedia:umodsys.mod.media.stdio.obj
 0001:000007c0       ?writer_size@RStreamWriter_FILE@stdio@media@modules@UModSys@@UAE_JXZ 004017c0 f i umodsys_lib_libmedia:umodsys.mod.media.stdio.obj
 0001:000007f0       ?writer_write@RStreamWriter_FILE@stdio@media@modules@UModSys@@UAE_NPBXI@Z 004017f0 f i umodsys_lib_libmedia:umodsys.mod.media.stdio.obj
 0001:00000870       ?writer_copy@RStreamWriter_FILE@stdio@media@modules@UModSys@@UAE_NPAUIStreamReader@libmedia@5@_J@Z 00401870 f i umodsys_lib_libmedia:umodsys.mod.media.stdio.obj
 0001:00000940       ?writer_copy@RStreamWriter_FILE@stdio@media@modules@UModSys@@UAE_NPAUIStreamReader@libmedia@5@_J1@Z 00401940 f i umodsys_lib_libmedia:umodsys.mod.media.stdio.obj
 0001:00000990       ?writer_close@RStreamWriter_FILE@stdio@media@modules@UModSys@@UAEXXZ 00401990 f i umodsys_lib_libmedia:umodsys.mod.media.stdio.obj
 0001:000009d0       ?writer_abort@RStreamWriter_FILE@stdio@media@modules@UModSys@@UAEXXZ 004019d0 f i umodsys_lib_libmedia:umodsys.mod.media.stdio.obj
 0001:00000a10       ??_GRStreamWriter_FILE@stdio@media@modules@UModSys@@UAEPAXI@Z 00401a10 f i umodsys_lib_libmedia:umodsys.mod.media.stdio.obj
 0001:00000a10       ??_ERStreamWriter_FILE@stdio@media@modules@UModSys@@UAEPAXI@Z 00401a10 f i  CIL library: CIL module
 0001:00000a20       ??1IStreamReader@libmedia@UModSys@@UAE@XZ 00401a20 f i umodsys_lib_libmedia:umodsys.mod.media.stdio.obj
 0001:00000a20       ??1IDataArchive@libmedia@UModSys@@UAE@XZ 00401a20 f i umodsys_lib_libmedia:umodsys.mod.media.stdio.obj
 0001:00000a20       ??1IStreamWriter@libmedia@UModSys@@UAE@XZ 00401a20 f i umodsys_lib_libmedia:umodsys.mod.media.stdio.obj
 0001:00000a30       ?get_interface_info@RDataArchiver_OsDir@stdio@media@modules@UModSys@@UBEABUSUniquePointerInfo@core@5@XZ 00401a30 f i umodsys_lib_libmedia:umodsys.mod.media.stdio.obj
 0001:00000a40       ?get_interface_type@RDataArchiver_OsDir@stdio@media@modules@UModSys@@UBEPBUSUniquePointerInfo@core@5@XZ 00401a40 f i umodsys_lib_libmedia:umodsys.mod.media.stdio.obj
 0001:00000a50       ?get_other_interface@RDataArchiver_OsDir@stdio@media@modules@UModSys@@UBEPBUIRoot@core@5@PBUSUniquePointerInfo@75@@Z 00401a50 f i umodsys_lib_libmedia:umodsys.mod.media.stdio.obj
 0001:00000a50       ?get_other_interface@RDataArchiver_OsDir@stdio@media@modules@UModSys@@UAEPAUIRoot@core@5@PBUSUniquePointerInfo@75@@Z 00401a50 f i umodsys_lib_libmedia:umodsys.mod.media.stdio.obj
 0001:00000a80       ?ref_add@RDataArchiver_OsDir@stdio@media@modules@UModSys@@UBEXXZ 00401a80 f i umodsys_lib_libmedia:umodsys.mod.media.stdio.obj
 0001:00000a80       ?ref_add@RStreamReader_FILE@stdio@media@modules@UModSys@@UBEXXZ 00401a80 f i umodsys_lib_libmedia:umodsys.mod.media.stdio.obj
 0001:00000a80       ?ref_add@RStreamWriter_FILE@stdio@media@modules@UModSys@@UBEXXZ 00401a80 f i umodsys_lib_libmedia:umodsys.mod.media.stdio.obj
 0001:00000a80       ?ref_add@RGenerator@stdio@media@modules@UModSys@@UBEXXZ 00401a80 f i umodsys_lib_libmedia:umodsys.mod.media.stdio.obj
 0001:00000a90       ?suicide@RStreamWriter_FILE@stdio@media@modules@UModSys@@UAEXXZ 00401a90 f i umodsys_lib_libmedia:umodsys.mod.media.stdio.obj
 0001:00000a90       ?suicide@RDataArchiver_OsDir@stdio@media@modules@UModSys@@UAEXXZ 00401a90 f i umodsys_lib_libmedia:umodsys.mod.media.stdio.obj
 0001:00000a90       ?suicide@RStreamReader_FILE@stdio@media@modules@UModSys@@UAEXXZ 00401a90 f i umodsys_lib_libmedia:umodsys.mod.media.stdio.obj
 0001:00000b00       ??0RDataArchiver_OsDir@stdio@media@modules@UModSys@@QAE@PAURGenerator@1234@ABUSParameters@core@4@@Z 00401b00 f i umodsys_lib_libmedia:umodsys.mod.media.stdio.obj
 0001:00000b80       ??1RDataArchiver_OsDir@stdio@media@modules@UModSys@@UAE@XZ 00401b80 f i umodsys_lib_libmedia:umodsys.mod.media.stdio.obj
 0001:00000c00       ?open@RDataArchiver_OsDir@stdio@media@modules@UModSys@@QAEXABUSParameters@core@5@@Z 00401c00 f i umodsys_lib_libmedia:umodsys.mod.media.stdio.obj
 0001:00000cc0       ?load_data@RDataArchiver_OsDir@stdio@media@modules@UModSys@@UAE_NAAUSMemShared@core@5@ABU?$TString@U?$TSCoreConst@D@su@tl@UModSys@@U?$TComparerBinaryHash@D@234@@tl@5@H@Z 00401cc0 f i umodsys_lib_libmedia:umodsys.mod.media.stdio.obj
 0001:00000d20       ?load_reader@RDataArchiver_OsDir@stdio@media@modules@UModSys@@UAE?AU?$TRefObject@UIStreamReader@libmedia@UModSys@@@tl@5@ABU?$TString@U?$TSCoreConst@D@su@tl@UModSys@@U?$TComparerBinaryHash@D@234@@75@H@Z 00401d20 f i umodsys_lib_libmedia:umodsys.mod.media.stdio.obj
 0001:00000ea0       ?save_data@RDataArchiver_OsDir@stdio@media@modules@UModSys@@UAE_NABUSMemShared@core@5@ABU?$TString@U?$TSCoreConst@D@su@tl@UModSys@@U?$TComparerBinaryHash@D@234@@tl@5@H@Z 00401ea0 f i umodsys_lib_libmedia:umodsys.mod.media.stdio.obj
 0001:00000f00       ?save_writer@RDataArchiver_OsDir@stdio@media@modules@UModSys@@UAE?AU?$TRefObject@UIStreamWriter@libmedia@UModSys@@@tl@5@ABU?$TString@U?$TSCoreConst@D@su@tl@UModSys@@U?$TComparerBinaryHash@D@234@@75@H@Z 00401f00 f i umodsys_lib_libmedia:umodsys.mod.media.stdio.obj
 0001:000010a0       ?get_entrylist@RDataArchiver_OsDir@stdio@media@modules@UModSys@@UAE_NABU?$TString@U?$TSCoreConst@D@su@tl@UModSys@@U?$TComparerBinaryHash@D@234@@tl@5@AAU?$TIStackSocket@USFileInfo@libmedia@UModSys@@@75@@Z 004020a0 f i umodsys_lib_libmedia:umodsys.mod.media.stdio.obj
 0001:00001100       ?get_permissions@RDataArchiver_OsDir@stdio@media@modules@UModSys@@UAEHXZ 00402100 f i umodsys_lib_libmedia:umodsys.mod.media.stdio.obj
 0001:00001110       ??_GRDataArchiver_OsDir@stdio@media@modules@UModSys@@UAEPAXI@Z 00402110 f i umodsys_lib_libmedia:umodsys.mod.media.stdio.obj
 0001:00001110       ??_ERDataArchiver_OsDir@stdio@media@modules@UModSys@@UAEPAXI@Z 00402110 f i  CIL library: CIL module
 0001:00001120       ?get_generated_names@RGenerator@stdio@media@modules@UModSys@@UBEHAAUSUniquePtrList@core@5@@Z 00402120 f i umodsys_lib_libmedia:umodsys.mod.media.stdio.obj
 0001:00001160       ?get_generated_types@RGenerator@stdio@media@modules@UModSys@@UBEHAAUSUniquePtrList@core@5@PBUSUniquePointerInfo@75@@Z 00402160 f i umodsys_lib_libmedia:umodsys.mod.media.stdio.obj
 0001:000011e0       ?generate@RGenerator@stdio@media@modules@UModSys@@UAE_NAAU?$TRefObject@UIRefObject@core@UModSys@@@tl@5@PBUSUniquePointerInfo@core@5@ABUSParameters@95@@Z 004021e0 f i umodsys_lib_libmedia:umodsys.mod.media.stdio.obj
 0001:00001240       ?get_interface_info@RGenerator@stdio@media@modules@UModSys@@UBEABUSUniquePointerInfo@core@5@XZ 00402240 f i umodsys_lib_libmedia:umodsys.mod.media.stdio.obj
 0001:00001250       ?get_interface_type@RGenerator@stdio@media@modules@UModSys@@UBEPBUSUniquePointerInfo@core@5@XZ 00402250 f i umodsys_lib_libmedia:umodsys.mod.media.stdio.obj
 0001:00001260       ?get_other_interface@RGenerator@stdio@media@modules@UModSys@@UAEPAUIRoot@core@5@PBUSUniquePointerInfo@75@@Z 00402260 f i umodsys_lib_libmedia:umodsys.mod.media.stdio.obj
 0001:00001260       ?get_other_interface@RGenerator@stdio@media@modules@UModSys@@UBEPBUIRoot@core@5@PBUSUniquePointerInfo@75@@Z 00402260 f i umodsys_lib_libmedia:umodsys.mod.media.stdio.obj
 0001:000012a0       ?ref_remove@RStreamWriter_FILE@stdio@media@modules@UModSys@@UBEXXZ 004022a0 f i umodsys_lib_libmedia:umodsys.mod.media.stdio.obj
 0001:000012a0       ?ref_remove@RDataArchiver_OsDir@stdio@media@modules@UModSys@@UBEXXZ 004022a0 f i umodsys_lib_libmedia:umodsys.mod.media.stdio.obj
 0001:000012a0       ?ref_remove@RStreamReader_FILE@stdio@media@modules@UModSys@@UBEXXZ 004022a0 f i umodsys_lib_libmedia:umodsys.mod.media.stdio.obj
 0001:000012a0       ?ref_remove@RGenerator@stdio@media@modules@UModSys@@UBEXXZ 004022a0 f i umodsys_lib_libmedia:umodsys.mod.media.stdio.obj
 0001:000012b0       ?ref_links@RDataArchiver_OsDir@stdio@media@modules@UModSys@@UBEHXZ 004022b0 f i umodsys_lib_libmedia:umodsys.mod.media.stdio.obj
 0001:000012b0       ?ref_links@RStreamWriter_FILE@stdio@media@modules@UModSys@@UBEHXZ 004022b0 f i umodsys_lib_libmedia:umodsys.mod.media.stdio.obj
 0001:000012b0       ?ref_links@RGenerator@stdio@media@modules@UModSys@@UBEHXZ 004022b0 f i umodsys_lib_libmedia:umodsys.mod.media.stdio.obj
 0001:000012b0       ?ref_links@RStreamReader_FILE@stdio@media@modules@UModSys@@UBEHXZ 004022b0 f i umodsys_lib_libmedia:umodsys.mod.media.stdio.obj
 0001:000012c0       ?suicide@RGenerator@stdio@media@modules@UModSys@@UAEXXZ 004022c0 f i umodsys_lib_libmedia:umodsys.mod.media.stdio.obj
 0001:000012c0       ??3@YAXPAX0@Z              004022c0 f i umodsys_lib_libmedia:umodsys.mod.media.stdio.obj
 0001:000012d0       ?get_uid@RGenerator@stdio@media@modules@UModSys@@UBEPBUSUniquePointerInfo@core@5@XZ 004022d0 f i umodsys_lib_libmedia:umodsys.mod.media.stdio.obj
 0001:000012e0       ?do_open@RModuleReg@stdio@media@modules@UModSys@@UAE_NXZ 004022e0 f i umodsys_lib_libmedia:umodsys.mod.media.stdio.obj
 0001:000012f0       ?do_close@RModuleReg@stdio@media@modules@UModSys@@UAE_NXZ 004022f0 f i umodsys_lib_libmedia:umodsys.mod.media.stdio.obj
 0001:00001300       ??_ERModuleReg@stdio@media@modules@UModSys@@UAEPAXI@Z 00402300 f i  CIL library: CIL module
 0001:00001300       ??_GRModuleReg@stdio@media@modules@UModSys@@UAEPAXI@Z 00402300 f i umodsys_lib_libmedia:umodsys.mod.media.stdio.obj
 0001:00001330       ??1?$TRefObject@URStreamWriter_FILE@stdio@media@modules@UModSys@@@tl@UModSys@@QAE@XZ 00402330 f i umodsys_lib_libmedia:umodsys.mod.media.stdio.obj
 0001:00001330       ??1?$TRefObject@UIStreamWriter@libmedia@UModSys@@@tl@UModSys@@QAE@XZ 00402330 f i umodsys_lib_libmedia:umodsys.mod.media.stdio.obj
 0001:00001330       ??1?$TRefObject@UIRefObject@core@UModSys@@@tl@UModSys@@QAE@XZ 00402330 f i umodsys_lib_basesys:umodsys.basesys.rsystem_tests.obj
 0001:00001330       ??1?$TRefObject@URParameters@rsystem@base@UModSys@@@tl@UModSys@@QAE@XZ 00402330 f i umodsys_lib_basesys:umodsys.basesys.rsystem_main.obj
 0001:00001330       ??1?$TRefObject@UIModuleLibraryUni@rsystem@base@UModSys@@@tl@UModSys@@QAE@XZ 00402330 f i umodsys_lib_basesys:umodsys.basesys.rmodule.obj
 0001:00001330       ??1?$TRefObject@UIStreamReader@libmedia@UModSys@@@tl@UModSys@@QAE@XZ 00402330 f i umodsys_lib_libmedia:umodsys.mod.media.stdio.obj
 0001:00001330       ??1?$TRefObject@URModuleLibrarySO@rsystem@base@UModSys@@@tl@UModSys@@QAE@XZ 00402330 f i umodsys_lib_basesys:umodsys.basesys.rmoduleloader.obj
 0001:00001330       ??1?$TRefObject@URDataArchiver_OsDir@stdio@media@modules@UModSys@@@tl@UModSys@@QAE@XZ 00402330 f i umodsys_lib_libmedia:umodsys.mod.media.stdio.obj
 0001:00001330       ??1?$TRefObject@UIShell@base@UModSys@@@tl@UModSys@@QAE@XZ 00402330 f i umodsys_lib_basesys:umodsys.basesys.rsystem_tests.obj
 0001:00001330       ??1?$TRefObject@URGenerator@stdio@media@modules@UModSys@@@tl@UModSys@@QAE@XZ 00402330 f i umodsys_lib_libmedia:umodsys.mod.media.stdio.obj
 0001:00001330       ??1?$TRefObject@URStreamReader_FILE@stdio@media@modules@UModSys@@@tl@UModSys@@QAE@XZ 00402330 f i umodsys_lib_libmedia:umodsys.mod.media.stdio.obj
 0001:00001350       ?info_new@?$TSCoreShared@USIMemAlloc@core@UModSys@@D@su@tl@UModSys@@QAE_NPBDI@Z 00402350 f i umodsys_lib_libmedia:umodsys.mod.media.stdio.obj
 0001:000013e0       ??$t_gen_param@URStreamReader_FILE@stdio@media@modules@UModSys@@URGenerator@2345@@IGenerator@base@UModSys@@IAE_NPAURGenerator@stdio@media@modules@2@AAU?$TRefObject@UIRefObject@core@UModSys@@@tl@2@PBUSUniquePointerInfo@core@2@ABUSParameters@core@2@@Z 004023e0 f i umodsys_lib_libmedia:umodsys.mod.media.stdio.obj
 0001:00001450       ??$t_gen_param@URStreamWriter_FILE@stdio@media@modules@UModSys@@URGenerator@2345@@IGenerator@base@UModSys@@IAE_NPAURGenerator@stdio@media@modules@2@AAU?$TRefObject@UIRefObject@core@UModSys@@@tl@2@PBUSUniquePointerInfo@core@2@ABUSParameters@core@2@@Z 00402450 f i umodsys_lib_libmedia:umodsys.mod.media.stdio.obj
 0001:000014c0       ??$t_gen_param@URDataArchiver_OsDir@stdio@media@modules@UModSys@@URGenerator@2345@@IGenerator@base@UModSys@@IAE_NPAURGenerator@stdio@media@modules@2@AAU?$TRefObject@UIRefObject@core@UModSys@@@tl@2@PBUSUniquePointerInfo@core@2@ABUSParameters@core@2@@Z 004024c0 f i umodsys_lib_libmedia:umodsys.mod.media.stdio.obj
 0001:00001530       ??$ValidateConstruction@UIStreamReader@libmedia@UModSys@@URStreamReader_FILE@stdio@media@modules@3@@core@UModSys@@YA_NAAU?$TRefObject@UIStreamReader@libmedia@UModSys@@@tl@1@PAURStreamReader_FILE@stdio@media@modules@1@@Z 00402530 f i umodsys_lib_libmedia:umodsys.mod.media.stdio.obj
 0001:00001530       ??$ValidateConstruction@UIRefObject@core@UModSys@@URStreamReader_FILE@stdio@media@modules@3@@core@UModSys@@YA_NAAU?$TRefObject@UIRefObject@core@UModSys@@@tl@1@PAURStreamReader_FILE@stdio@media@modules@1@@Z 00402530 f i umodsys_lib_libmedia:umodsys.mod.media.stdio.obj
 0001:000015c0       ??$ValidateConstruction@UIStreamWriter@libmedia@UModSys@@URStreamWriter_FILE@stdio@media@modules@3@@core@UModSys@@YA_NAAU?$TRefObject@UIStreamWriter@libmedia@UModSys@@@tl@1@PAURStreamWriter_FILE@stdio@media@modules@1@@Z 004025c0 f i umodsys_lib_libmedia:umodsys.mod.media.stdio.obj
 0001:000015c0       ??$ValidateConstruction@UIRefObject@core@UModSys@@URStreamWriter_FILE@stdio@media@modules@3@@core@UModSys@@YA_NAAU?$TRefObject@UIRefObject@core@UModSys@@@tl@1@PAURStreamWriter_FILE@stdio@media@modules@1@@Z 004025c0 f i umodsys_lib_libmedia:umodsys.mod.media.stdio.obj
 0001:00001650       ??$ValidateConstruction@UIRefObject@core@UModSys@@URDataArchiver_OsDir@stdio@media@modules@3@@core@UModSys@@YA_NAAU?$TRefObject@UIRefObject@core@UModSys@@@tl@1@PAURDataArchiver_OsDir@stdio@media@modules@1@@Z 00402650 f i umodsys_lib_libmedia:umodsys.mod.media.stdio.obj
 0001:000016d0       ??$_Ref_set@UIRefObject@core@UModSys@@U123@@tl@UModSys@@YAXAAPAUIRefObject@core@1@PAU231@@Z 004026d0 f i umodsys_lib_libmedia:umodsys.mod.media.stdio.obj
 0001:000016f0       ??$safe_snprintf@D@syshlp@core@UModSys@@YAIPADIPBDZZ 004026f0 f i umodsys_lib_libmedia:umodsys.lib.media.common.obj
 0001:00001700       ?get_interface_info@RConsole_std@rsystem@base@UModSys@@UBEABUSUniquePointerInfo@core@4@XZ 00402700 f i umodsys_lib_basesys:umodsys.basesys.rconsole_std.obj
 0001:00001710       ?get_interface_type@RConsole_std@rsystem@base@UModSys@@UBEPBUSUniquePointerInfo@core@4@XZ 00402710 f i umodsys_lib_basesys:umodsys.basesys.rconsole_std.obj
 0001:00001720       ?get_interface_types@RParameters@rsystem@base@UModSys@@UBEIAAUSUniquePtrList@core@4@@Z 00402720 f i umodsys_lib_basesys:umodsys.basesys.rparameters.obj
 0001:00001720       ?get_interface_types@RStreamWriter_FILE@stdio@media@modules@UModSys@@UBEIAAUSUniquePtrList@core@5@@Z 00402720 f i umodsys_lib_libmedia:umodsys.mod.media.stdio.obj
 0001:00001720       ?get_interface_types@RGenerator@stdio@media@modules@UModSys@@UBEIAAUSUniquePtrList@core@5@@Z 00402720 f i umodsys_lib_libmedia:umodsys.mod.media.stdio.obj
 0001:00001720       ?get_interface_types@RSystem@rsystem@base@UModSys@@UBEIAAUSUniquePtrList@core@4@@Z 00402720 f i umodsys_lib_basesys:umodsys.basesys.rsystem_main.obj
 0001:00001720       ?get_interface_types@RConsole_std@rsystem@base@UModSys@@UBEIAAUSUniquePtrList@core@4@@Z 00402720 f i umodsys_lib_basesys:umodsys.basesys.rconsole_std.obj
 0001:00001720       ?get_interface_types@ISystem@base@UModSys@@UBEIAAUSUniquePtrList@core@3@@Z 00402720 f i umodsys_lib_basesys:umodsys.basesys.rsystem_main.obj
 0001:00001720       ?get_interface_types@RModuleLibrarySO@rsystem@base@UModSys@@UBEIAAUSUniquePtrList@core@4@@Z 00402720 f i umodsys_lib_basesys:umodsys.basesys.rmodulelibso.obj
 0001:00001720       ?get_interface_types@RModule@rsystem@base@UModSys@@UBEIAAUSUniquePtrList@core@4@@Z 00402720 f i umodsys_lib_basesys:umodsys.basesys.rmodule.obj
 0001:00001720       ?get_interface_types@RModuleLibraryThis@rsystem@base@UModSys@@UBEIAAUSUniquePtrList@core@4@@Z 00402720 f i umodsys_lib_basesys:umodsys.basesys.rmodulelibthis.obj
 0001:00001720       ?get_interface_types@RStreamReader_FILE@stdio@media@modules@UModSys@@UBEIAAUSUniquePtrList@core@5@@Z 00402720 f i umodsys_lib_libmedia:umodsys.mod.media.stdio.obj
 0001:00001720       ?get_interface_types@RDataArchiver_OsDir@stdio@media@modules@UModSys@@UBEIAAUSUniquePtrList@core@5@@Z 00402720 f i umodsys_lib_libmedia:umodsys.mod.media.stdio.obj
 0001:00001730       ?get_other_interface@RConsole_std@rsystem@base@UModSys@@UBEPBUIRoot@core@4@PBUSUniquePointerInfo@64@@Z 00402730 f i umodsys_lib_basesys:umodsys.basesys.rconsole_std.obj
 0001:00001730       ?get_other_interface@RConsole_std@rsystem@base@UModSys@@UAEPAUIRoot@core@4@PBUSUniquePointerInfo@64@@Z 00402730 f i umodsys_lib_basesys:umodsys.basesys.rconsole_std.obj
 0001:00001760       ??_ERConsole_std@rsystem@base@UModSys@@UAEPAXI@Z 00402760 f i  CIL library: CIL module
 0001:00001760       ??_GRConsole_std@rsystem@base@UModSys@@UAEPAXI@Z 00402760 f i umodsys_lib_basesys:umodsys.basesys.rconsole_std.obj
 0001:00001770       ??_EIConsole@base@UModSys@@UAEPAXI@Z 00402770 f i  CIL library: CIL module
 0001:00001770       ??_GIConsole@base@UModSys@@UAEPAXI@Z 00402770 f i umodsys_lib_basesys:umodsys.basesys.rconsole_std.obj
 0001:00001780       ?mem_free@SMemAlloc_Malloc@core@UModSys@@SAXPAXPBUSSourceContext@23@@Z 00402780 f i umodsys_lib_basesys:umodsys.basesys.rsystem_main.obj
 0001:000017a0       ?decode_error@EExceptionBase@core@UModSys@@UBEHPADI@Z 004027a0 f i umodsys_lib_basesys:umodsys.basesys.rsystem_main.obj
 0001:000017d0       ?decode_error@EFatal@core@UModSys@@UBEHPADI@Z 004027d0 f i umodsys_lib_basesys:umodsys.basesys.rsystem_main.obj
 0001:00001800       ??_GEFatal@core@UModSys@@UAEPAXI@Z 00402800 f i umodsys_lib_basesys:umodsys.basesys.rsystem_main.obj
 0001:00001800       ??_EEFatal@core@UModSys@@UAEPAXI@Z 00402800 f i  CIL library: CIL module
 0001:00001800       ??_EEWarning@core@UModSys@@UAEPAXI@Z 00402800 f i  CIL library: CIL module
 0001:00001800       ??_GEWarning@core@UModSys@@UAEPAXI@Z 00402800 f i umodsys_lib_basesys:umodsys.basesys.rsystem_main.obj
 0001:00001800       ??_GEExceptionBase@core@UModSys@@UAEPAXI@Z 00402800 f i umodsys_lib_basesys:umodsys.basesys.rsystem_main.obj
 0001:00001800       ??_EEExceptionBase@core@UModSys@@UAEPAXI@Z 00402800 f i  CIL library: CIL module
 0001:00001820       ??1EFatal@core@UModSys@@UAE@XZ 00402820 f i umodsys_lib_basesys:umodsys.basesys.rsystem_main.obj
 0001:00001820       ??1EWarning@core@UModSys@@UAE@XZ 00402820 f i umodsys_lib_basesys:umodsys.basesys.rsystem_main.obj
 0001:00001830       ??0EWarning@core@UModSys@@QAE@PBUSSourceContext@12@HPBD@Z 00402830 f i umodsys_lib_basesys:umodsys.basesys.rsystem_main.obj
 0001:00001870       ?decode_error@EWarning@core@UModSys@@UBEHPADI@Z 00402870 f i umodsys_lib_basesys:umodsys.basesys.rsystem_main.obj
 0001:000018a0       ?get_interface_info@ISystem@base@UModSys@@UBEABUSUniquePointerInfo@core@3@XZ 004028a0 f i umodsys_lib_basesys:umodsys.basesys.rsystem_main.obj
 0001:000018b0       ?get_interface_type@ISystem@base@UModSys@@UBEPBUSUniquePointerInfo@core@3@XZ 004028b0 f i umodsys_lib_basesys:umodsys.basesys.rsystem_main.obj
 0001:000018c0       ?get_other_interface@ISystem@base@UModSys@@UBEPBUIRoot@core@3@PBUSUniquePointerInfo@53@@Z 004028c0 f i umodsys_lib_basesys:umodsys.basesys.rsystem_main.obj
 0001:000018c0       ?get_other_interface@ISystem@base@UModSys@@UAEPAUIRoot@core@3@PBUSUniquePointerInfo@53@@Z 004028c0 f i umodsys_lib_basesys:umodsys.basesys.rsystem_main.obj
 0001:000018e0       ?get_interface_info@RSystem@rsystem@base@UModSys@@UBEABUSUniquePointerInfo@core@4@XZ 004028e0 f i umodsys_lib_basesys:umodsys.basesys.rsystem_main.obj
 0001:000018f0       ?get_interface_type@RSystem@rsystem@base@UModSys@@UBEPBUSUniquePointerInfo@core@4@XZ 004028f0 f i umodsys_lib_basesys:umodsys.basesys.rsystem_main.obj
 0001:00001900       ?get_other_interface@RSystem@rsystem@base@UModSys@@UBEPBUIRoot@core@4@PBUSUniquePointerInfo@64@@Z 00402900 f i umodsys_lib_basesys:umodsys.basesys.rsystem_main.obj
 0001:00001900       ?get_other_interface@RSystem@rsystem@base@UModSys@@UAEPAUIRoot@core@4@PBUSUniquePointerInfo@64@@Z 00402900 f i umodsys_lib_basesys:umodsys.basesys.rsystem_main.obj
 0001:00001920       ??_ERSystem@rsystem@base@UModSys@@UAEPAXI@Z 00402920 f i  CIL library: CIL module
 0001:00001920       ??_GRSystem@rsystem@base@UModSys@@UAEPAXI@Z 00402920 f i umodsys_lib_basesys:umodsys.basesys.rsystem_main.obj
 0001:00001930       ??_GISystem@base@UModSys@@UAEPAXI@Z 00402930 f i umodsys_lib_basesys:umodsys.basesys.rsystem_main.obj
 0001:00001930       ??_EISystem@base@UModSys@@UAEPAXI@Z 00402930 f i  CIL library: CIL module
 0001:00001940       ??1?$TStaticStringPool@DU?$TComparerBinaryHash@D@su@tl@UModSys@@USMemAlloc_Malloc@core@4@@tl@UModSys@@QAE@XZ 00402940 f i umodsys_lib_basesys:umodsys.basesys.rsystem_main.obj
 0001:00001950       ??1?$TQuantArrayUnique@USUniquePointerInfo@core@UModSys@@$0BAA@USMemAlloc_Malloc@23@@tl@UModSys@@QAE@XZ 00402950 f i umodsys_lib_basesys:umodsys.basesys.rsystem_main.obj
 0001:00001950       ??1?$TQuantArrayUnique@USSourceContext@core@UModSys@@$0BAA@USMemAlloc_Malloc@23@@tl@UModSys@@QAE@XZ 00402950 f i umodsys_lib_basesys:umodsys.basesys.rsystem_main.obj
 0001:000019d0       ??1?$TTreeHoldRBD@U?$TQuantArrayNode@USUniquePointerInfo@core@UModSys@@$0BAA@@tl@UModSys@@U?$TNodeDeleter@U?$TQuantArrayNode@USUniquePointerInfo@core@UModSys@@$0BAA@@tl@UModSys@@USMemAlloc_Malloc@core@3@@23@@tl@UModSys@@QAE@XZ 004029d0 f i umodsys_lib_basesys:umodsys.basesys.rsystem_main.obj
 0001:000019d0       ??1?$TTreeHoldRBD@U?$TQuantArrayNode@USSourceContext@core@UModSys@@$0BAA@@tl@UModSys@@U?$TNodeDeleter@U?$TQuantArrayNode@USSourceContext@core@UModSys@@$0BAA@@tl@UModSys@@USMemAlloc_Malloc@core@3@@23@@tl@UModSys@@QAE@XZ 004029d0 f i umodsys_lib_basesys:umodsys.basesys.rsystem_main.obj
 0001:00001a20       ??0?$TRMemAlloc_CC@U?$TMemAllocHeader@USMagic@mem_headers@rsystem@base@UModSys@@U?$TPool@X@2345@USDebug@2345@UVoid@core@5@@rsystem@base@UModSys@@USMemAlloc_Malloc@core@4@@rsystem@base@UModSys@@QAE@PAUIExceptionHandler@core@3@@Z 00402a20 f i umodsys_lib_basesys:umodsys.basesys.rsystem_main.obj
 0001:00001a30       ??1?$TRMemAlloc_CC@U?$TMemAllocHeader@USMagic@mem_headers@rsystem@base@UModSys@@U?$TPool@X@2345@USDebug@2345@UVoid@core@5@@rsystem@base@UModSys@@USMemAlloc_Malloc@core@4@@rsystem@base@UModSys@@QAE@XZ 00402a30 f i umodsys_lib_basesys:umodsys.basesys.rsystem_main.obj
 0001:00001a40       ?mem_alloc@?$TRMemAlloc_CC@U?$TMemAllocHeader@USMagic@mem_headers@rsystem@base@UModSys@@U?$TPool@X@2345@USDebug@2345@UVoid@core@5@@rsystem@base@UModSys@@USMemAlloc_Malloc@core@4@@rsystem@base@UModSys@@UAEPAXIPBUSSourceContext@core@4@@Z 00402a40 f i umodsys_lib_basesys:umodsys.basesys.rsystem_main.obj
 0001:00001a80       ?mem_realloc@?$TRMemAlloc_CC@U?$TMemAllocHeader@USMagic@mem_headers@rsystem@base@UModSys@@U?$TPool@X@2345@USDebug@2345@UVoid@core@5@@rsystem@base@UModSys@@USMemAlloc_Malloc@core@4@@rsystem@base@UModSys@@UAEPAXPAXIPBUSSourceContext@core@4@@Z 00402a80 f i umodsys_lib_basesys:umodsys.basesys.rsystem_main.obj
 0001:00001c40       ?mem_free@?$TRMemAlloc_CC@U?$TMemAllocHeader@USMagic@mem_headers@rsystem@base@UModSys@@U?$TPool@X@2345@USDebug@2345@UVoid@core@5@@rsystem@base@UModSys@@USMemAlloc_Malloc@core@4@@rsystem@base@UModSys@@UAEXPAXPBUSSourceContext@core@4@@Z 00402c40 f i umodsys_lib_basesys:umodsys.basesys.rsystem_main.obj
 0001:00001d10       ?free@?$TStaticStringPool@DU?$TComparerBinaryHash@D@su@tl@UModSys@@USMemAlloc_Malloc@core@4@@tl@UModSys@@QAEXXZ 00402d10 f i umodsys_lib_basesys:umodsys.basesys.rsystem_main.obj
 0001:00001d60       ??$process@UEFatal@core@UModSys@@@IExceptionHandler@core@UModSys@@QAEXABUEFatal@12@@Z 00402d60 f i umodsys_lib_basesys:umodsys.basesys.rsystem_main.obj
 0001:00001db0       ??$process@UEWarning@core@UModSys@@@IExceptionHandler@core@UModSys@@QAEXABUEWarning@12@@Z 00402db0 f i umodsys_lib_basesys:umodsys.basesys.rsystem_main.obj
 0001:00001e00       ??$process_nodes_r@U?$TNodeDeleter@U?$TQuantArrayNode@USUniquePointerInfo@core@UModSys@@$0BAA@@tl@UModSys@@USMemAlloc_Malloc@core@3@@tl@UModSys@@@?$TTreeHoldRB@U?$TQuantArrayNode@USUniquePointerInfo@core@UModSys@@$0BAA@@tl@UModSys@@@tl@UModSys@@KAHPAU?$TQuantArrayNode@USUniquePointerInfo@core@UModSys@@$0BAA@@12@ABU?$TNodeDeleter@U?$TQuantArrayNode@USUniquePointerInfo@core@UModSys@@$0BAA@@tl@UModSys@@USMemAlloc_Malloc@core@3@@12@@Z 00402e00 f i umodsys_lib_basesys:umodsys.basesys.rsystem_main.obj
 0001:00001e00       ??$process_nodes_r@U?$TNodeDeleter@U?$TQuantArrayNode@USSourceContext@core@UModSys@@$0BAA@@tl@UModSys@@USMemAlloc_Malloc@core@3@@tl@UModSys@@@?$TTreeHoldRB@U?$TQuantArrayNode@USSourceContext@core@UModSys@@$0BAA@@tl@UModSys@@@tl@UModSys@@KAHPAU?$TQuantArrayNode@USSourceContext@core@UModSys@@$0BAA@@12@ABU?$TNodeDeleter@U?$TQuantArrayNode@USSourceContext@core@UModSys@@$0BAA@@tl@UModSys@@USMemAlloc_Malloc@core@3@@12@@Z 00402e00 f i umodsys_lib_basesys:umodsys.basesys.rsystem_main.obj
 0001:00001e50       ??0EFatal@core@UModSys@@QAE@ABU012@@Z 00402e50 f i umodsys_lib_basesys:umodsys.basesys.rsystem_main.obj
 0001:00001e90       ??0EExceptionBase@core@UModSys@@QAE@ABU012@@Z 00402e90 f i umodsys_lib_basesys:umodsys.basesys.rsystem_main.obj
 0001:00001ec0       ??0EWarning@core@UModSys@@QAE@ABU012@@Z 00402ec0 f i umodsys_lib_basesys:umodsys.basesys.rsystem_main.obj
 0001:00001f00       ??1?$TParametersA@$0EAA@@core@UModSys@@QAE@XZ 00402f00 f i umodsys_lib_basesys:umodsys.basesys.rsystem_tests.obj
 0001:00001f10       ??$t_moduledb_generate@UIShell@base@UModSys@@@IModuleLoader@base@UModSys@@QAE_NAAU?$TRefObject@UIShell@base@UModSys@@@tl@2@PBUSUniquePointerInfo@core@2@ABUSParameters@62@@Z 00402f10 f i umodsys_lib_basesys:umodsys.basesys.rsystem_tests.obj
 0001:00001fe0       ??_ERModuleLoader@rsystem@base@UModSys@@UAEPAXI@Z 00402fe0 f i  CIL library: CIL module
 0001:00001fe0       ??_GRModuleLoader@rsystem@base@UModSys@@UAEPAXI@Z 00402fe0 f i umodsys_lib_basesys:umodsys.basesys.rmoduleloader.obj
 0001:00002000       ??_GIModuleLoader@base@UModSys@@UAEPAXI@Z 00403000 f i umodsys_lib_basesys:umodsys.basesys.rmoduleloader.obj
 0001:00002000       ??_EIModuleLoader@base@UModSys@@UAEPAXI@Z 00403000 f i  CIL library: CIL module
 0001:00002020       ??1?$TDynarrayDynamic@U?$TRefObject@URModuleLibrarySO@rsystem@base@UModSys@@@tl@UModSys@@U?$TAllocator@USMemAlloc_Malloc@core@UModSys@@USCountCalcPower2@23@@23@@tl@UModSys@@QAE@XZ 00403020 f i umodsys_lib_basesys:umodsys.basesys.rmoduleloader.obj
 0001:00002070       ?append@?$TStaticStringPool@DU?$TComparerBinaryHash@D@su@tl@UModSys@@USMemAlloc_Malloc@core@4@@tl@UModSys@@QAEPBU?$TString@U?$TSCoreConst@D@su@tl@UModSys@@U?$TComparerBinaryHash@D@234@@23@PBDI@Z 00403070 f i umodsys_lib_basesys:umodsys.basesys.rmoduleloader.obj
 0001:00002230       ?ResizeRel@?$TDynarray@U?$TDynarrayHolderDynamic@U?$TRefObject@URModule@rsystem@base@UModSys@@@tl@UModSys@@U?$TAllocator@USMemAlloc_Malloc@core@UModSys@@USCountCalcPower2@23@@23@@tl@UModSys@@@tl@UModSys@@QAE_NH@Z 00403230 f i umodsys_lib_basesys:umodsys.basesys.rmodulelib.obj
 0001:00002230       ?ResizeRel@?$TDynarray@U?$TDynarrayHolderDynamic@U?$TRefObject@URModuleLibrarySO@rsystem@base@UModSys@@@tl@UModSys@@U?$TAllocator@USMemAlloc_Malloc@core@UModSys@@USCountCalcPower2@23@@23@@tl@UModSys@@@tl@UModSys@@QAE_NH@Z 00403230 f i umodsys_lib_basesys:umodsys.basesys.rmoduleloader.obj
 0001:000022a0       ?ReLink@?$TDynarray@U?$TDynarrayHolderDynamic@PBUSUniquePointerInfo@core@UModSys@@U?$TAllocator@USMemAlloc_Malloc@core@UModSys@@USCountCalcPower2@23@@tl@3@@tl@UModSys@@@tl@UModSys@@IAE_NI@Z 004032a0 f i umodsys_lib_basesys:umodsys.basesys.rmodule.obj
 0001:000022a0       ?ReLink@?$TDynarray@U?$TDynarrayHolderDynamic@U?$TRefObject@URModule@rsystem@base@UModSys@@@tl@UModSys@@U?$TAllocator@USMemAlloc_Malloc@core@UModSys@@USCountCalcPower2@23@@23@@tl@UModSys@@@tl@UModSys@@IAE_NI@Z 004032a0 f i umodsys_lib_basesys:umodsys.basesys.rmodulelib.obj
 0001:000022a0       ?ReLink@?$TDynarray@U?$TDynarrayHolderDynamic@U?$TRefObject@URModuleLibrarySO@rsystem@base@UModSys@@@tl@UModSys@@U?$TAllocator@USMemAlloc_Malloc@core@UModSys@@USCountCalcPower2@23@@23@@tl@UModSys@@@tl@UModSys@@IAE_NI@Z 004032a0 f i umodsys_lib_basesys:umodsys.basesys.rmoduleloader.obj
 0001:000022f0       ?amoveright@?$TTypeConstructor@U?$TRefObject@URModuleLibrarySO@rsystem@base@UModSys@@@tl@UModSys@@@tl@UModSys@@SAXPAU?$TRefObject@URModuleLibrarySO@rsystem@base@UModSys@@@23@III@Z 004032f0 f i umodsys_lib_basesys:umodsys.basesys.rmoduleloader.obj
 0001:00002380       ?adestruct@?$TTypeConstructor@U?$TRefObject@URModuleLibrarySO@rsystem@base@UModSys@@@tl@UModSys@@@tl@UModSys@@SAXPAU?$TRefObject@URModuleLibrarySO@rsystem@base@UModSys@@@23@I@Z 00403380 f i umodsys_lib_basesys:umodsys.basesys.rmoduleloader.obj
 0001:00002380       ?adestruct@?$TTypeConstructor@U?$TRefObject@URModule@rsystem@base@UModSys@@@tl@UModSys@@@tl@UModSys@@SAXPAU?$TRefObject@URModule@rsystem@base@UModSys@@@23@I@Z 00403380 f i umodsys_lib_basesys:umodsys.basesys.rmodulelib.obj
 0001:000023c0       ?find_s@?$TStaticStringPool@DU?$TComparerBinaryHash@D@su@tl@UModSys@@USMemAlloc_Malloc@core@4@@tl@UModSys@@QBEPBU?$TString@U?$TSCoreConst@D@su@tl@UModSys@@U?$TComparerBinaryHash@D@234@@23@ABU423@@Z 004033c0 f i umodsys_lib_basesys:umodsys.basesys.rmoduleloader.obj
 0001:00002450       ?get_interface_info@RModuleLibraryThis@rsystem@base@UModSys@@UBEABUSUniquePointerInfo@core@4@XZ 00403450 f i umodsys_lib_basesys:umodsys.basesys.rmodulelibthis.obj
 0001:00002460       ?get_interface_type@RModuleLibraryThis@rsystem@base@UModSys@@UBEPBUSUniquePointerInfo@core@4@XZ 00403460 f i umodsys_lib_basesys:umodsys.basesys.rmodulelibthis.obj
 0001:00002470       ?get_other_interface@RModuleLibraryThis@rsystem@base@UModSys@@UBEPBUIRoot@core@4@PBUSUniquePointerInfo@64@@Z 00403470 f i umodsys_lib_basesys:umodsys.basesys.rmodulelibthis.obj
 0001:00002470       ?get_other_interface@RModuleLibraryThis@rsystem@base@UModSys@@UAEPAUIRoot@core@4@PBUSUniquePointerInfo@64@@Z 00403470 f i umodsys_lib_basesys:umodsys.basesys.rmodulelibthis.obj
 0001:000024b0       ?ref_add@RModuleLibraryThis@rsystem@base@UModSys@@UBEXXZ 004034b0 f i umodsys_lib_basesys:umodsys.basesys.rmodulelibthis.obj
 0001:000024c0       ?ref_remove@RModuleLibraryThis@rsystem@base@UModSys@@UBEXXZ 004034c0 f i umodsys_lib_basesys:umodsys.basesys.rmodulelibthis.obj
 0001:000024d0       ?ref_links@RModuleLibraryThis@rsystem@base@UModSys@@UBEHXZ 004034d0 f i umodsys_lib_basesys:umodsys.basesys.rmodulelibthis.obj
 0001:000024e0       ?suicide@RModuleLibraryThis@rsystem@base@UModSys@@UAEXXZ 004034e0 f i umodsys_lib_basesys:umodsys.basesys.rmodulelibthis.obj
 0001:00002500       ??_ERModuleLibraryThis@rsystem@base@UModSys@@UAEPAXI@Z 00403500 f i  CIL library: CIL module
 0001:00002500       ??_GRModuleLibraryThis@rsystem@base@UModSys@@UAEPAXI@Z 00403500 f i umodsys_lib_basesys:umodsys.basesys.rmodulelibthis.obj
 0001:00002510       ??_GIModuleLibraryUni@rsystem@base@UModSys@@UAEPAXI@Z 00403510 f i umodsys_lib_basesys:umodsys.basesys.rmodulelib.obj
 0001:00002510       ??_EIModuleLibraryUni@rsystem@base@UModSys@@UAEPAXI@Z 00403510 f i  CIL library: CIL module
 0001:00002520       ??_EIModuleLibrary@base@UModSys@@UAEPAXI@Z 00403520 f i  CIL library: CIL module
 0001:00002520       ??_GIModuleLibrary@base@UModSys@@UAEPAXI@Z 00403520 f i umodsys_lib_basesys:umodsys.basesys.rmodulelib.obj
 0001:00002530       ?Push@?$TDynarray@U?$TDynarrayHolderDynamic@U?$TRefObject@URModuleLibrarySO@rsystem@base@UModSys@@@tl@UModSys@@U?$TAllocator@USMemAlloc_Malloc@core@UModSys@@USCountCalcPower2@23@@23@@tl@UModSys@@@tl@UModSys@@QAE_NABU?$TRefObject@URModuleLibrarySO@rsystem@base@UModSys@@@23@@Z 00403530 f i umodsys_lib_basesys:umodsys.basesys.rmodulelibso.obj
 0001:00002530       ?Push@?$TDynarray@U?$TDynarrayHolderDynamic@U?$TRefObject@URModule@rsystem@base@UModSys@@@tl@UModSys@@U?$TAllocator@USMemAlloc_Malloc@core@UModSys@@USCountCalcPower2@23@@23@@tl@UModSys@@@tl@UModSys@@QAE_NABU?$TRefObject@URModule@rsystem@base@UModSys@@@23@@Z 00403530 f i umodsys_lib_basesys:umodsys.basesys.rmodulelib.obj
 0001:000025b0       ?find@?$TQuantArrayUnique@USUniquePointerInfo@core@UModSys@@$0BAA@USMemAlloc_Malloc@23@@tl@UModSys@@QAEPBUSUniquePointerInfo@core@3@ABU453@@Z 004035b0 f i umodsys_lib_basesys:umodsys.basesys.rsystem.obj
 0001:000025b0       ?find@?$TQuantArrayUnique@USSourceContext@core@UModSys@@$0BAA@USMemAlloc_Malloc@23@@tl@UModSys@@QAEPBUSSourceContext@core@3@ABU453@@Z 004035b0 f i umodsys_lib_basesys:umodsys.basesys.rsystem.obj
 0001:000026a0       ?add@?$TQuantArrayUnique@USUniquePointerInfo@core@UModSys@@$0BAA@USMemAlloc_Malloc@23@@tl@UModSys@@QAEPAUSUniquePointerInfo@core@3@ABU453@@Z 004036a0 f i umodsys_lib_basesys:umodsys.basesys.rsystem.obj
 0001:000026a0       ?add@?$TQuantArrayUnique@USSourceContext@core@UModSys@@$0BAA@USMemAlloc_Malloc@23@@tl@UModSys@@QAEPAUSSourceContext@core@3@ABU453@@Z 004036a0 f i umodsys_lib_basesys:umodsys.basesys.rsystem.obj
 0001:00002830       ?insert_color@?$TTreeHoldRB@U?$TQuantArrayNode@USUniquePointerInfo@core@UModSys@@$0BAA@@tl@UModSys@@@tl@UModSys@@IAEXPAU?$TQuantArrayNode@USUniquePointerInfo@core@UModSys@@$0BAA@@23@@Z 00403830 f i umodsys_lib_basesys:umodsys.basesys.rsystem.obj
 0001:00002830       ?insert_color@?$TTreeHoldRB@U?$TQuantArrayNode@USSourceContext@core@UModSys@@$0BAA@@tl@UModSys@@@tl@UModSys@@IAEXPAU?$TQuantArrayNode@USSourceContext@core@UModSys@@$0BAA@@23@@Z 00403830 f i umodsys_lib_basesys:umodsys.basesys.rsystem.obj
 0001:000029d0       ?get_interface_info@RParameters@rsystem@base@UModSys@@UBEABUSUniquePointerInfo@core@4@XZ 004039d0 f i umodsys_lib_basesys:umodsys.basesys.rparameters.obj
 0001:000029e0       ?get_interface_type@RParameters@rsystem@base@UModSys@@UBEPBUSUniquePointerInfo@core@4@XZ 004039e0 f i umodsys_lib_basesys:umodsys.basesys.rparameters.obj
 0001:000029f0       ?get_other_interface@RParameters@rsystem@base@UModSys@@UAEPAUIRoot@core@4@PBUSUniquePointerInfo@64@@Z 004039f0 f i umodsys_lib_basesys:umodsys.basesys.rparameters.obj
 0001:000029f0       ?get_other_interface@RParameters@rsystem@base@UModSys@@UBEPBUIRoot@core@4@PBUSUniquePointerInfo@64@@Z 004039f0 f i umodsys_lib_basesys:umodsys.basesys.rparameters.obj
 0001:00002a20       ?ref_add@RParameters@rsystem@base@UModSys@@UBEXXZ 00403a20 f i umodsys_lib_basesys:umodsys.basesys.rparameters.obj
 0001:00002a30       ?ref_remove@RParameters@rsystem@base@UModSys@@UBEXXZ 00403a30 f i umodsys_lib_basesys:umodsys.basesys.rparameters.obj
 0001:00002a40       ?ref_links@RParameters@rsystem@base@UModSys@@UBEHXZ 00403a40 f i umodsys_lib_basesys:umodsys.basesys.rparameters.obj
 0001:00002a50       ?suicide@RParameters@rsystem@base@UModSys@@UAEXXZ 00403a50 f i umodsys_lib_basesys:umodsys.basesys.rparameters.obj
 0001:00002a70       ??_ERParameters@rsystem@base@UModSys@@UAEPAXI@Z 00403a70 f i  CIL library: CIL module
 0001:00002a70       ??_GRParameters@rsystem@base@UModSys@@UAEPAXI@Z 00403a70 f i umodsys_lib_basesys:umodsys.basesys.rparameters.obj
 0001:00002a80       ??$shash@D@su@tl@UModSys@@YAHPBD@Z 00403a80 f i umodsys_lib_basesys:umodsys.basesys.rparameters.obj
 0001:00002aa0       ??$t_free@UIMemAlloc@core@UModSys@@@SMemChunk@core@UModSys@@QAE_NAAUIMemAlloc@12@PBUSSourceContext@12@@Z 00403aa0 f i umodsys_lib_basesys:umodsys.basesys.rparameters.obj
 0001:00002ac0       ??$t_alloc@UIMemAlloc@core@UModSys@@@SMemChunk@core@UModSys@@QAE_NAAUIMemAlloc@12@IPBUSSourceContext@12@@Z 00403ac0 f i umodsys_lib_basesys:umodsys.basesys.rparameters.obj
 0001:00002b00       ??0?$UniPath@$0CAAA@@syshlp@core@UModSys@@QAE@PB_W@Z 00403b00 f i umodsys_lib_basesys:umodsys.basesys.rmodule.win32.obj
 0001:00002b40       ?set@?$U8String@$0CAAA@@syshlp@core@UModSys@@QAEXPB_W@Z 00403b40 f i umodsys_lib_basesys:umodsys.basesys.rmodule.win32.obj
 0001:00002b70       ?get_interface_info@RModule@rsystem@base@UModSys@@UBEABUSUniquePointerInfo@core@4@XZ 00403b70 f i umodsys_lib_basesys:umodsys.basesys.rmodule.obj
 0001:00002b80       ?get_interface_type@RModule@rsystem@base@UModSys@@UBEPBUSUniquePointerInfo@core@4@XZ 00403b80 f i umodsys_lib_basesys:umodsys.basesys.rmodule.obj
 0001:00002b90       ?get_other_interface@RModule@rsystem@base@UModSys@@UAEPAUIRoot@core@4@PBUSUniquePointerInfo@64@@Z 00403b90 f i umodsys_lib_basesys:umodsys.basesys.rmodule.obj
 0001:00002b90       ?get_other_interface@RModule@rsystem@base@UModSys@@UBEPBUIRoot@core@4@PBUSUniquePointerInfo@64@@Z 00403b90 f i umodsys_lib_basesys:umodsys.basesys.rmodule.obj
 0001:00002bc0       ?ref_add@RModule@rsystem@base@UModSys@@UBEXXZ 00403bc0 f i umodsys_lib_basesys:umodsys.basesys.rmodule.obj
 0001:00002bd0       ?ref_remove@RModule@rsystem@base@UModSys@@UBEXXZ 00403bd0 f i umodsys_lib_basesys:umodsys.basesys.rmodule.obj
 0001:00002be0       ?ref_links@RModule@rsystem@base@UModSys@@UBEHXZ 00403be0 f i umodsys_lib_basesys:umodsys.basesys.rmodule.obj
 0001:00002bf0       ?suicide@RModule@rsystem@base@UModSys@@UAEXXZ 00403bf0 f i umodsys_lib_basesys:umodsys.basesys.rmodule.obj
 0001:00002c60       ??_ERModule@rsystem@base@UModSys@@UAEPAXI@Z 00403c60 f i  CIL library: CIL module
 0001:00002c60       ??_GRModule@rsystem@base@UModSys@@UAEPAXI@Z 00403c60 f i umodsys_lib_basesys:umodsys.basesys.rmodule.obj
 0001:00002c70       ??_EIModule@base@UModSys@@UAEPAXI@Z 00403c70 f i  CIL library: CIL module
 0001:00002c70       ??_GIModule@base@UModSys@@UAEPAXI@Z 00403c70 f i umodsys_lib_basesys:umodsys.basesys.rmodule.obj
 0001:00002c80       ??1?$TDynarrayDynamic@UModuleObjInfo@RModule@rsystem@base@UModSys@@U?$TAllocator@USMemAlloc_Malloc@core@UModSys@@USCountCalcPower2@23@@tl@5@@tl@UModSys@@QAE@XZ 00403c80 f i umodsys_lib_basesys:umodsys.basesys.rmodule.obj
 0001:00002cb0       ??1?$TDynarrayDynamic@UGeneratedObjInfo@RModule@rsystem@base@UModSys@@U?$TAllocator@USMemAlloc_Malloc@core@UModSys@@USCountCalcPower2@23@@tl@5@@tl@UModSys@@QAE@XZ 00403cb0 f i umodsys_lib_basesys:umodsys.basesys.rmodule.obj
 0001:00002ce0       ??1?$TDynarrayDynamic@PBUSUniquePointerInfo@core@UModSys@@U?$TAllocator@USMemAlloc_Malloc@core@UModSys@@USCountCalcPower2@23@@tl@3@@tl@UModSys@@QAE@XZ 00403ce0 f i umodsys_lib_basesys:umodsys.basesys.rmodule.obj
 0001:00002cf0       ??1?$TDynarray@U?$TDynarrayHolderDynamic@PBUSUniquePointerInfo@core@UModSys@@U?$TAllocator@USMemAlloc_Malloc@core@UModSys@@USCountCalcPower2@23@@tl@3@@tl@UModSys@@@tl@UModSys@@QAE@XZ 00403cf0 f i umodsys_lib_basesys:umodsys.basesys.rmodule.obj
 0001:00002d60       ?Free@?$TDynarray@U?$TDynarrayHolderDynamic@UModuleObjInfo@RModule@rsystem@base@UModSys@@U?$TAllocator@USMemAlloc_Malloc@core@UModSys@@USCountCalcPower2@23@@tl@5@@tl@UModSys@@@tl@UModSys@@QAE_NXZ 00403d60 f i umodsys_lib_basesys:umodsys.basesys.rmodule.obj
 0001:00002dd0       ?Free@?$TDynarray@U?$TDynarrayHolderDynamic@UGeneratedObjInfo@RModule@rsystem@base@UModSys@@U?$TAllocator@USMemAlloc_Malloc@core@UModSys@@USCountCalcPower2@23@@tl@5@@tl@UModSys@@@tl@UModSys@@QAE_NXZ 00403dd0 f i umodsys_lib_basesys:umodsys.basesys.rmodule.obj
 0001:00002e40       ??$wildcmp@D@su@tl@UModSys@@YA_NPBD0@Z 00403e40 f i umodsys_lib_basesys:umodsys.basesys.rmodule.obj
 0001:00002ee0       ?ReLink@?$TDynarray@U?$TDynarrayHolderDynamic@UModuleObjInfo@RModule@rsystem@base@UModSys@@U?$TAllocator@USMemAlloc_Malloc@core@UModSys@@USCountCalcPower2@23@@tl@5@@tl@UModSys@@@tl@UModSys@@IAE_NI@Z 00403ee0 f i umodsys_lib_basesys:umodsys.basesys.rmodule.obj
 0001:00002f30       ?ReLink@?$TDynarray@U?$TDynarrayHolderDynamic@UGeneratedObjInfo@RModule@rsystem@base@UModSys@@U?$TAllocator@USMemAlloc_Malloc@core@UModSys@@USCountCalcPower2@23@@tl@5@@tl@UModSys@@@tl@UModSys@@IAE_NI@Z 00403f30 f i umodsys_lib_basesys:umodsys.basesys.rmodule.obj
 0001:00002f80       ?items_construct@?$TDynarray@U?$TDynarrayHolderDynamic@UGeneratedObjInfo@RModule@rsystem@base@UModSys@@U?$TAllocator@USMemAlloc_Malloc@core@UModSys@@USCountCalcPower2@23@@tl@5@@tl@UModSys@@@tl@UModSys@@IAEXII@Z 00403f80 f i umodsys_lib_basesys:umodsys.basesys.rmodule.obj
 0001:00002fc0       ?aconstruct@?$TTypeConstructor@UModuleObjInfo@RModule@rsystem@base@UModSys@@@tl@UModSys@@SAXPAUModuleObjInfo@RModule@rsystem@base@3@I@Z 00403fc0 f i umodsys_lib_basesys:umodsys.basesys.rmodule.obj
 0001:00003000       ?get_interface_info@RModuleLibrarySO@rsystem@base@UModSys@@UBEABUSUniquePointerInfo@core@4@XZ 00404000 f i umodsys_lib_basesys:umodsys.basesys.rmodulelibso.obj
 0001:00003010       ?get_interface_type@RModuleLibrarySO@rsystem@base@UModSys@@UBEPBUSUniquePointerInfo@core@4@XZ 00404010 f i umodsys_lib_basesys:umodsys.basesys.rmodulelibso.obj
 0001:00003020       ?get_other_interface@RModuleLibrarySO@rsystem@base@UModSys@@UBEPBUIRoot@core@4@PBUSUniquePointerInfo@64@@Z 00404020 f i umodsys_lib_basesys:umodsys.basesys.rmodulelibso.obj
 0001:00003020       ?get_other_interface@RModuleLibrarySO@rsystem@base@UModSys@@UAEPAUIRoot@core@4@PBUSUniquePointerInfo@64@@Z 00404020 f i umodsys_lib_basesys:umodsys.basesys.rmodulelibso.obj
 0001:00003060       ?ref_add@RModuleLibrarySO@rsystem@base@UModSys@@UBEXXZ 00404060 f i umodsys_lib_basesys:umodsys.basesys.rmodulelibso.obj
 0001:00003070       ?ref_remove@RModuleLibrarySO@rsystem@base@UModSys@@UBEXXZ 00404070 f i umodsys_lib_basesys:umodsys.basesys.rmodulelibso.obj
 0001:00003080       ?ref_links@RModuleLibrarySO@rsystem@base@UModSys@@UBEHXZ 00404080 f i umodsys_lib_basesys:umodsys.basesys.rmodulelibso.obj
 0001:00003090       ?suicide@RModuleLibrarySO@rsystem@base@UModSys@@UAEXXZ 00404090 f i umodsys_lib_basesys:umodsys.basesys.rmodulelibso.obj
 0001:000030b0       ??_ERModuleLibrarySO@rsystem@base@UModSys@@UAEPAXI@Z 004040b0 f i  CIL library: CIL module
 0001:000030b0       ??_GRModuleLibrarySO@rsystem@base@UModSys@@UAEPAXI@Z 004040b0 f i umodsys_lib_basesys:umodsys.basesys.rmodulelibso.obj
 0001:000030c0       ?info_new@?$TSCoreShared@USMemAlloc_Malloc@core@UModSys@@D@su@tl@UModSys@@QAE_NPBDI@Z 004040c0 f i umodsys_lib_basesys:umodsys.basesys.rmodulelibso.obj
 0001:00003140       ??_GRModuleLibraryReg_Chain@base@UModSys@@UAEPAXI@Z 00404140 f i umodsys_lib_base:umodsys.base.moduleregchain.obj
 0001:00003140       ??_ERModuleLibraryReg_Chain@base@UModSys@@UAEPAXI@Z 00404140 f i  CIL library: CIL module
 0001:00003160       ??_GIModuleReg@base@UModSys@@UAEPAXI@Z 00404160 f i umodsys_lib_base:umodsys.base.modulereg.obj
 0001:00003160       ??_EIModuleReg@base@UModSys@@UAEPAXI@Z 00404160 f i  CIL library: CIL module
 0001:00003180       ??_GIModuleLibraryReg@base@UModSys@@UAEPAXI@Z 00404180 f i umodsys_lib_base:umodsys.base.modulereg.obj
 0001:00003180       ??_EIModuleLibraryReg@base@UModSys@@UAEPAXI@Z 00404180 f i  CIL library: CIL module
 0001:000031a0       ?Find@?$TSet@U?$TArray@PBUSUniquePointerInfo@core@UModSys@@@tl@UModSys@@U?$TScalarCompare@PBUSUniquePointerInfo@core@UModSys@@@core@3@@tl@UModSys@@QBEPBQBUSUniquePointerInfo@core@3@ABQBU453@@Z 004041a0 f i umodsys_lib_core:umodsys.core.uniqueptrlist.obj
 0001:0000322b       __onexit                   0040422b f   MSVCRT:atonexit.obj
 0001:000032d0       _atexit                    004042d0 f   MSVCRT:atonexit.obj
 0001:00003589       _mainCRTStartup            00404589 f   MSVCRT:crtexe.obj
 0001:00003594       __purecall                 00404594 f   MSVCRT:MSVCR90.dll
 0001:0000359a       ??3@YAXPAX@Z               0040459a f   MSVCRT:MSVCR90.dll
 0001:000035a0       ??_Etype_info@@UAEPAXI@Z   004045a0 f i MSVCRT:ti_inst.obj
 0001:000035ec       __unlock                   004045ec f   MSVCRT:MSVCR90.dll
 0001:000035f2       ___dllonexit               004045f2 f   MSVCRT:MSVCR90.dll
 0001:000035f8       __lock                     004045f8 f   MSVCRT:MSVCR90.dll
 0001:00003600       __SEH_prolog4              00404600 f   MSVCRT:sehprolg4.obj
 0001:00003645       __SEH_epilog4              00404645 f   MSVCRT:sehprolg4.obj
 0001:00003659       __except_handler4          00404659 f   MSVCRT:chandler4gs.obj
 0001:0000367e       ?__CxxUnhandledExceptionFilter@@YGJPAU_EXCEPTION_POINTERS@@@Z 0040467e f   MSVCRT:unhandld.obj
 0001:000036c0       ___CxxSetUnhandledExceptionFilter 004046c0 f   MSVCRT:unhandld.obj
 0001:000036ce       __amsg_exit                004046ce f   MSVCRT:MSVCR90.dll
 0001:000036d4       __RTC_Initialize           004046d4 f   MSVCRT:_initsect_.obj
 0001:000036fa       __RTC_Terminate            004046fa f   MSVCRT:_initsect_.obj
 0001:00003720       __XcptFilter               00404720 f   MSVCRT:MSVCR90.dll
 0001:00003730       __ValidateImageBase        00404730 f   MSVCRT:pesect.obj
 0001:00003770       __FindPESection            00404770 f   MSVCRT:pesect.obj
 0001:000037c0       __IsNonwritableInCurrentImage 004047c0 f   MSVCRT:pesect.obj
 0001:0000387e       __initterm                 0040487e f   MSVCRT:MSVCR90.dll
 0001:00003884       __initterm_e               00404884 f   MSVCRT:MSVCR90.dll
 0001:0000388a       __setdefaultprecision      0040488a f   MSVCRT:fp8.obj
 0001:000038b5       __matherr                  004048b5 f   MSVCRT:merr.obj
 0001:000038b5       __setargv                  004048b5 f   MSVCRT:dllargv.obj
 0001:000038b8       ___security_init_cookie    004048b8 f   MSVCRT:gs_support.obj
 0001:0000394e       ?__ArrayUnwind@@YGXPAXIHP6EX0@Z@Z 0040494e f   MSVCRT:ehvecdtr.obj
 0001:000039ac       ??_M@YGXPAXIHP6EX0@Z@Z     004049ac f   MSVCRT:ehvecdtr.obj
 0001:00003a0f       @__security_check_cookie@4 00404a0f f   MSVCRT:secchk.obj
 0001:00003a1e       __except_handler4_common   00404a1e f   MSVCRT:MSVCR90.dll
 0001:00003a24       ?terminate@@YAXXZ          00404a24 f   MSVCRT:MSVCR90.dll
 0001:00003a2a       __invoke_watson            00404a2a f   MSVCRT:MSVCR90.dll
 0001:00003a30       __controlfp_s              00404a30 f   MSVCRT:MSVCR90.dll
 0001:00003a36       ??1type_info@@UAE@XZ       00404a36 f   MSVCRT:MSVCR90.dll
 0001:00003a36       ?_type_info_dtor_internal_method@type_info@@QAEXXZ 00404a36 f   MSVCRT:MSVCR90.dll
 0001:00003a3c       ___report_gsfailure        00404a3c f   MSVCRT:gs_report.obj
 0001:00003b42       __crt_debugger_hook        00404b42 f   MSVCRT:MSVCR90.dll
 0001:00003b50       ?gracial_convert@syshlp@core@UModSys@@YA_NPADHPB_WH@Z 00404b50 f   umodsys_lib_core:umodsys.core.syshlp_charcode.win32.obj
 0001:00003b80       ?gracial_convert@syshlp@core@UModSys@@YA_NPA_WHPBDH@Z 00404b80 f   umodsys_lib_core:umodsys.core.syshlp_charcode.win32.obj
 0001:00003bb0       ?path_uni_os@syshlp@core@UModSys@@YAXPA_W@Z 00404bb0 f   umodsys_lib_core:umodsys.core.syshlp_chars.win32.obj
 0001:00003bd0       ?path_os_uni@syshlp@core@UModSys@@YAXPAD@Z 00404bd0 f   umodsys_lib_core:umodsys.core.syshlp_chars.win32.obj
 0001:00003bf0       ?safe_vsnprintf@syshlp@core@UModSys@@YAIPADIPBD0@Z 00404bf0 f   umodsys_lib_core:umodsys.core.syshlp_chars.win32.obj
 0001:00003c10       ?gracial_cpy@syshlp@core@UModSys@@YA_NPA_WHQAPB_WH@Z 00404c10 f   umodsys_lib_core:umodsys.core.syshlp_chars.win32.obj
 0001:00003cb0       ?gracial_cpy@syshlp@core@UModSys@@YA_NPADHQAPBDH@Z 00404cb0 f   umodsys_lib_core:umodsys.core.syshlp_chars.win32.obj
 0001:00003d40       ?suicide@IRoot@core@UModSys@@UAEXXZ 00404d40 f   umodsys_lib_core:umodsys.core.objects.obj
 0001:00003d50       ??1IRoot@core@UModSys@@UAE@XZ 00404d50 f   umodsys_lib_core:umodsys.core.objects.obj
 0001:00003d60       ??1IRefObject@core@UModSys@@UAE@XZ 00404d60 f   umodsys_lib_core:umodsys.core.objects.obj
 0001:00003d70       ??3IRoot@core@UModSys@@SAXPAXABUSIMemAlloc@12@@Z 00404d70 f   umodsys_lib_core:umodsys.core.objects.obj
 0001:00003d90       ??2IRoot@core@UModSys@@SAPAXIABUSIMemAlloc@12@@Z 00404d90 f   umodsys_lib_core:umodsys.core.objects.obj
 0001:00003da0       ?restore_console@syshlp@core@UModSys@@YAXXZ 00404da0 f   umodsys_lib_core:umodsys.core.syshlp_files.win32.obj
 0001:00003dc0       ?setup_console@syshlp@core@UModSys@@YAXXZ 00404dc0 f   umodsys_lib_core:umodsys.core.syshlp_files.win32.obj
 0001:00003df0       ?c_fopen@syshlp@core@UModSys@@YAPAU_iobuf@@PBD0@Z 00404df0 f   umodsys_lib_core:umodsys.core.syshlp_files.win32.obj
 0001:00003e90       ?c_fendtemp@syshlp@core@UModSys@@YA_NAAPAU_iobuf@@AAPAD_N@Z 00404e90 f   umodsys_lib_core:umodsys.core.syshlp_files.win32.obj
 0001:00003f50       ?c_fopentemp@syshlp@core@UModSys@@YAPAU_iobuf@@AAPADPBD@Z 00404f50 f   umodsys_lib_core:umodsys.core.syshlp_files.win32.obj
 0001:00003fe0       ?lost@core@UModSys@@YAEPBX@Z 00404fe0 f   umodsys_lib_core:umodsys.core.stdtypedefs.obj
 0001:00003ff0       ?s_unresolve@SUniquePointer@core@UModSys@@SAXPAUIUniquePointerResolver@23@@Z 00404ff0 f   umodsys_lib_core:umodsys.core.uniqueptr.obj
 0001:00004030       ?s_resolve@SUniquePointer@core@UModSys@@SAXPAUIUniquePointerResolver@23@@Z 00405030 f   umodsys_lib_core:umodsys.core.uniqueptr.obj
 0001:00004080       ??1SUniquePointer@core@UModSys@@QAE@XZ 00405080 f   umodsys_lib_core:umodsys.core.uniqueptr.obj
 0001:000040b0       ??0SUniquePointer@core@UModSys@@QAE@H@Z 004050b0 f   umodsys_lib_core:umodsys.core.uniqueptr.obj
 0001:000040d0       ??0SUniquePointer@core@UModSys@@QAE@PBD0H@Z 004050d0 f   umodsys_lib_core:umodsys.core.uniqueptr.obj
 0001:00004120       ??1SModuleInfo@base@UModSys@@QAE@XZ 00405120 f   umodsys_lib_base:umodsys.base.moduleinfo.obj
 0001:00004130       ??0SModuleInfo@base@UModSys@@QAE@XZ 00405130 f   umodsys_lib_base:umodsys.base.moduleinfo.obj
 0001:00004150       ??1IModuleLoader@base@UModSys@@UAE@XZ 00405150 f   umodsys_lib_base:umodsys.base.moduleloader.obj
 0001:00004160       ??1SDebug@base@UModSys@@QAE@XZ 00405160 f   umodsys_lib_base:umodsys.base.debug.obj
 0001:00004180       ??0SDebug@base@UModSys@@QAE@PAUIConsole@12@I@Z 00405180 f   umodsys_lib_base:umodsys.base.debug.obj
 0001:000041a0       ??1ISystem@base@UModSys@@UAE@XZ 004051a0 f   umodsys_lib_base:umodsys.base.system.obj
 0001:000041b0       ??1IModuleLibraryReg@base@UModSys@@UAE@XZ 004051b0 f   umodsys_lib_base:umodsys.base.modulereg.obj
 0001:000041c0       ??0IModuleLibraryReg@base@UModSys@@QAE@XZ 004051c0 f   umodsys_lib_base:umodsys.base.modulereg.obj
 0001:000041d0       ?mr_close@IModuleReg@base@UModSys@@UAE_NXZ 004051d0 f   umodsys_lib_base:umodsys.base.modulereg.obj
 0001:000041e0       ?mr_open@IModuleReg@base@UModSys@@UAE_NXZ 004051e0 f   umodsys_lib_base:umodsys.base.modulereg.obj
 0001:00004200       ?mr_isopen@IModuleReg@base@UModSys@@UBE_NXZ 00405200 f   umodsys_lib_base:umodsys.base.modulereg.obj
 0001:00004210       ??1IModuleReg@base@UModSys@@UAE@XZ 00405210 f   umodsys_lib_base:umodsys.base.modulereg.obj
 0001:00004220       ??0IModuleReg@base@UModSys@@QAE@XZ 00405220 f   umodsys_lib_base:umodsys.base.modulereg.obj
 0001:00004250       _UModSys_Plugin_Entry2@0   00405250 f   umodsys_lib_base:umodsys.so_main.win32.obj
 0001:00004260       ??1RModuleLibraryReg_Chain@base@UModSys@@UAE@XZ 00405260 f   umodsys_lib_base:umodsys.base.moduleregchain.obj
 0001:00004270       ??0RModuleLibraryReg_Chain@base@UModSys@@QAE@XZ 00405270 f   umodsys_lib_base:umodsys.base.moduleregchain.obj
 0001:00004290       ?s_get@SModuleRegChain@base@UModSys@@SAPAUIModuleReg@23@I@Z 00405290 f   umodsys_lib_base:umodsys.base.moduleregchain.obj
 0001:000042c0       ??1SModuleRegChain@base@UModSys@@QAE@XZ 004052c0 f   umodsys_lib_base:umodsys.base.moduleregchain.obj
 0001:000042f0       ??0SModuleRegChain@base@UModSys@@QAE@AAUIModuleReg@12@@Z 004052f0 f   umodsys_lib_base:umodsys.base.moduleregchain.obj
 0001:00004330       ?mlr_isopen@RModuleLibraryReg_Chain@base@UModSys@@UBE_NXZ 00405330 f   umodsys_lib_base:umodsys.base.moduleregchain.obj
 0001:00004340       ?mlr_close@RModuleLibraryReg_Chain@base@UModSys@@UAE_NXZ 00405340 f   umodsys_lib_base:umodsys.base.moduleregchain.obj
 0001:00004370       ?mlr_open@RModuleLibraryReg_Chain@base@UModSys@@UAE_NPAUISystem@23@PAUIMemAlloc@core@3@@Z 00405370 f   umodsys_lib_base:umodsys.base.moduleregchain.obj
 0001:000043a0       ?mlr_get@RModuleLibraryReg_Chain@base@UModSys@@UBEPAUIModuleReg@23@I@Z 004053a0 f   umodsys_lib_base:umodsys.base.moduleregchain.obj
 0001:000043b0       ?mlr_count@RModuleLibraryReg_Chain@base@UModSys@@UBEIXZ 004053b0 f   umodsys_lib_base:umodsys.base.moduleregchain.obj
 0001:000043d0       ??0SModuleRegChain@base@UModSys@@QAE@H@Z 004053d0 f   umodsys_lib_base:umodsys.base.moduleregchain.obj
 0001:000043e0       ?Link@SModuleContext@base@UModSys@@QAEXPAUISystem@23@PAUIMemAlloc@core@3@@Z 004053e0 f   umodsys_lib_base:umodsys.base.modulecontext.obj
 0001:00004430       ??1SModuleContext@base@UModSys@@QAE@XZ 00405430 f   umodsys_lib_base:umodsys.base.modulecontext.obj
 0001:00004440       ?get_paramworker@SParameters@core@UModSys@@KAPAUIParameters@23@XZ 00405440 f   umodsys_lib_base:umodsys.base.modulecontext.obj
 0001:00004450       ?local_memory@UModSys@@YAABUSIMemAlloc@core@1@XZ 00405450 f   umodsys_lib_base:umodsys.base.modulecontext.obj
 0001:00004460       ??0SModuleContext@base@UModSys@@QAE@XZ 00405460 f   umodsys_lib_base:umodsys.base.modulecontext.obj
 0001:00004480       ?uni_close@RModuleLibrarySO@rsystem@base@UModSys@@UAE_NXZ 00405480 f   umodsys_lib_basesys:umodsys.basesys.rmodulelibso.obj
 0001:000044a0       ?uni_open@RModuleLibrarySO@rsystem@base@UModSys@@UAE_NXZ 004054a0 f   umodsys_lib_basesys:umodsys.basesys.rmodulelibso.obj
 0001:000044d0       ?s_find_dup@RModuleLibrarySO@rsystem@base@UModSys@@SAIABU?$TDynarrayDynamic@U?$TRefObject@URModuleLibrarySO@rsystem@base@UModSys@@@tl@UModSys@@U?$TAllocator@USMemAlloc_Malloc@core@UModSys@@USCountCalcPower2@23@@23@@tl@4@PAUIModuleLibraryReg@34@@Z 004054d0 f   umodsys_lib_basesys:umodsys.basesys.rmodulelibso.obj
 0001:00004500       ??0RModuleLibrarySO@rsystem@base@UModSys@@QAE@PAUISystem@23@PAUPFD_Data@0123@PAUIModuleLibraryReg@23@@Z 00405500 f   umodsys_lib_basesys:umodsys.basesys.rmodulelibso.obj
 0001:00004530       ??1RModuleLibrarySO@rsystem@base@UModSys@@UAE@XZ 00405530 f   umodsys_lib_basesys:umodsys.basesys.rmodulelibso.obj
 0001:00004580       ?uni_unload@RModuleLibrarySO@rsystem@base@UModSys@@UAE_NXZ 00405580 f   umodsys_lib_basesys:umodsys.basesys.rmodulelibso.obj
 0001:00004590       ?uni_load@RModuleLibrarySO@rsystem@base@UModSys@@UAE_NXZ 00405590 f   umodsys_lib_basesys:umodsys.basesys.rmodulelibso.obj
 0001:000045d0       ?s_add@RModuleLibrarySO@rsystem@base@UModSys@@SA_NPAUISystem@34@AAU?$TDynarrayDynamic@U?$TRefObject@URModuleLibrarySO@rsystem@base@UModSys@@@tl@UModSys@@U?$TAllocator@USMemAlloc_Malloc@core@UModSys@@USCountCalcPower2@23@@23@@tl@4@PBD@Z 004055d0 f   umodsys_lib_basesys:umodsys.basesys.rmodulelibso.obj
 0001:00004790       ?scan@RModule@rsystem@base@UModSys@@QAE_NXZ 00405790 f   umodsys_lib_basesys:umodsys.basesys.rmodule.obj
 0001:000047c0       ?mod_findobjname@RModule@rsystem@base@UModSys@@UAEIPBUSUniquePointerInfo@core@4@QAPBU564@IPBD@Z 004057c0 f   umodsys_lib_basesys:umodsys.basesys.rmodule.obj
 0001:000048f0       ?is_open@RModule@rsystem@base@UModSys@@UBE_NXZ 004058f0 f   umodsys_lib_basesys:umodsys.basesys.rmodule.obj
 0001:00004910       ?get_info@RModule@rsystem@base@UModSys@@UBEABUSModuleInfo@34@XZ 00405910 f   umodsys_lib_basesys:umodsys.basesys.rmodule.obj
 0001:00004920       ?get_library@RModule@rsystem@base@UModSys@@UBEPAUIModuleLibrary@34@XZ 00405920 f   umodsys_lib_basesys:umodsys.basesys.rmodule.obj
 0001:00004930       ??1RModule@rsystem@base@UModSys@@UAE@XZ 00405930 f   umodsys_lib_basesys:umodsys.basesys.rmodule.obj
 0001:000049a0       ?unreg_obj@RModule@rsystem@base@UModSys@@QAE_NPAUIModObject@34@@Z 004059a0 f   umodsys_lib_basesys:umodsys.basesys.rmodule.obj
 0001:00004a40       ?reg_generator@RModule@rsystem@base@UModSys@@QAE_NPAUModuleObjInfo@1234@PAUIGenerator@34@@Z 00405a40 f   umodsys_lib_basesys:umodsys.basesys.rmodule.obj
 0001:00004ca0       ?save_db@RModule@rsystem@base@UModSys@@QAE_NPAU_iobuf@@@Z 00405ca0 f   umodsys_lib_basesys:umodsys.basesys.rmodule.obj
 0001:00004e50       ?alloc_minfo@RModule@rsystem@base@UModSys@@QAE_NABUSModuleInfo@34@@Z 00405e50 f   umodsys_lib_basesys:umodsys.basesys.rmodule.obj
 0001:00004ed0       ?reg_obj@RModule@rsystem@base@UModSys@@QAEPAUModuleObjInfo@1234@PAUIModObject@34@@Z 00405ed0 f   umodsys_lib_basesys:umodsys.basesys.rmodule.obj
 0001:00005010       ?mod_generate@RModule@rsystem@base@UModSys@@UAE_NAAU?$TRefObject@UIRefObject@core@UModSys@@@tl@4@PBUSUniquePointerInfo@core@4@ABUSParameters@84@@Z 00406010 f   umodsys_lib_basesys:umodsys.basesys.rmodule.obj
 0001:00005130       ?reg@RModule@rsystem@base@UModSys@@UAE_NPAUIGenerator@34@_N@Z 00406130 f   umodsys_lib_basesys:umodsys.basesys.rmodule.obj
 0001:00005180       ?reg@RModule@rsystem@base@UModSys@@UAE_NPAUIModObject@34@_N@Z 00406180 f   umodsys_lib_basesys:umodsys.basesys.rmodule.obj
 0001:000051b0       ?close@RModule@rsystem@base@UModSys@@UAE_NXZ 004061b0 f   umodsys_lib_basesys:umodsys.basesys.rmodule.obj
 0001:00005200       ?open@RModule@rsystem@base@UModSys@@UAE_NXZ 00406200 f   umodsys_lib_basesys:umodsys.basesys.rmodule.obj
 0001:00005260       ??0RModule@rsystem@base@UModSys@@QAE@PAUIModuleLibraryUni@123@PAUIModuleReg@23@@Z 00406260 f   umodsys_lib_basesys:umodsys.basesys.rmodule.obj
 0001:00005310       ?pfd_init@RModuleLibrarySO@rsystem@base@UModSys@@SA_NPAUPFD_Data@1234@@Z 00406310 f   umodsys_lib_basesys:umodsys.basesys.rmodule.win32.obj
 0001:00005390       ?pfd_init@RModuleLibrarySO@rsystem@base@UModSys@@SA_NPAUPFD_Data@1234@0@Z 00406390 f   umodsys_lib_basesys:umodsys.basesys.rmodule.win32.obj
 0001:000053b0       ?pfd_unload@RModuleLibrarySO@rsystem@base@UModSys@@SA_NPAUPFD_Data@1234@@Z 004063b0 f   umodsys_lib_basesys:umodsys.basesys.rmodule.win32.obj
 0001:000053f0       ?pfd_load@RModuleLibrarySO@rsystem@base@UModSys@@SAPAUIModuleLibraryReg@34@PAUPFD_Data@1234@ABU?$TString@U?$TSCoreConst@D@su@tl@UModSys@@U?$TComparerBinaryHash@D@234@@tl@4@@Z 004063f0 f   umodsys_lib_basesys:umodsys.basesys.rmodule.win32.obj
 0001:00005770       ?pfd_scan@RModuleLibrarySO@rsystem@base@UModSys@@SAIPAUISystem@34@AAU?$TDynarrayDynamic@U?$TRefObject@URModuleLibrarySO@rsystem@base@UModSys@@@tl@UModSys@@U?$TAllocator@USMemAlloc_Malloc@core@UModSys@@USCountCalcPower2@23@@23@@tl@4@ABU?$TString@U?$TSCoreConst@D@su@tl@UModSys@@U?$TComparerBinaryHash@D@234@@74@@Z 00406770 f   umodsys_lib_basesys:umodsys.basesys.rmodule.win32.obj
 0001:00005850       ?estimate_size@RParameters@rsystem@base@UModSys@@IAEHAAUElem@1234@HPBDHH@Z 00406850 f   umodsys_lib_basesys:umodsys.basesys.rparameters.obj
 0001:000058d0       ?p_init_s@RParameters@rsystem@base@UModSys@@UAEXPAUSParametersData@core@4@PAXH@Z 004068d0 f   umodsys_lib_basesys:umodsys.basesys.rparameters.obj
 0001:00005910       ??1RParameters@rsystem@base@UModSys@@UAE@XZ 00406910 f   umodsys_lib_basesys:umodsys.basesys.rparameters.obj
 0001:00005920       ??0RParameters@rsystem@base@UModSys@@QAE@PAUISystem@23@@Z 00406920 f   umodsys_lib_basesys:umodsys.basesys.rparameters.obj
 0001:00005950       ?next@RParameters@rsystem@base@UModSys@@UAE_NPBUSParametersData@core@4@AAPBD@Z 00406950 f   umodsys_lib_basesys:umodsys.basesys.rparameters.obj
 0001:00005a20       ?p_init@RParameters@rsystem@base@UModSys@@UAEXPAUSParametersData@core@4@H@Z 00406a20 f   umodsys_lib_basesys:umodsys.basesys.rparameters.obj
 0001:00005a90       ?alloc_elems@RParameters@rsystem@base@UModSys@@IAEXPAXH@Z 00406a90 f   umodsys_lib_basesys:umodsys.basesys.rparameters.obj
 0001:00005af0       ?free_elems@RParameters@rsystem@base@UModSys@@IAEXPAXH@Z 00406af0 f   umodsys_lib_basesys:umodsys.basesys.rparameters.obj
 0001:00005b60       ?get_last@RParameters@rsystem@base@UModSys@@IAEPAUElem@1234@PAXHHH@Z 00406b60 f   umodsys_lib_basesys:umodsys.basesys.rparameters.obj
 0001:00005bb0       ?find_elem@RParameters@rsystem@base@UModSys@@IAEPBUElem@1234@PBXHHHPBD@Z 00406bb0 f   umodsys_lib_basesys:umodsys.basesys.rparameters.obj
 0001:00005c40       ?get@RParameters@rsystem@base@UModSys@@UAE_NPBUSParametersData@core@4@PBDAAPAUIRefObject@64@@Z 00406c40 f   umodsys_lib_basesys:umodsys.basesys.rparameters.obj
 0001:00005c90       ?get@RParameters@rsystem@base@UModSys@@UAE_NPBUSParametersData@core@4@PBDAAN@Z 00406c90 f   umodsys_lib_basesys:umodsys.basesys.rparameters.obj
 0001:00005ce0       ?get@RParameters@rsystem@base@UModSys@@UAE_NPBUSParametersData@core@4@PBDAAH@Z 00406ce0 f   umodsys_lib_basesys:umodsys.basesys.rparameters.obj
 0001:00005d30       ?get@RParameters@rsystem@base@UModSys@@UAE_NPBUSParametersData@core@4@PBDAAPBD@Z 00406d30 f   umodsys_lib_basesys:umodsys.basesys.rparameters.obj
 0001:00005d80       ?next@RParameters@rsystem@base@UModSys@@UAE_NPBUSParametersData@core@4@AAU?$TString@U?$TSCoreConst@D@su@tl@UModSys@@U?$TComparerBinaryHash@D@234@@tl@4@@Z 00406d80 f   umodsys_lib_basesys:umodsys.basesys.rparameters.obj
 0001:00005e80       ?p_init_s@RParameters@rsystem@base@UModSys@@UAEXPAUSParametersData@core@4@ABU564@PAXH@Z 00406e80 f   umodsys_lib_basesys:umodsys.basesys.rparameters.obj
 0001:00005ef0       ?p_copy@RParameters@rsystem@base@UModSys@@UAEXPAUSParametersData@core@4@ABU564@@Z 00406ef0 f   umodsys_lib_basesys:umodsys.basesys.rparameters.obj
 0001:00005fe0       ?p_init@RParameters@rsystem@base@UModSys@@UAEXPAUSParametersData@core@4@ABU564@@Z 00406fe0 f   umodsys_lib_basesys:umodsys.basesys.rparameters.obj
 0001:00006090       ?p_deinit@RParameters@rsystem@base@UModSys@@UAEXPAUSParametersData@core@4@@Z 00407090 f   umodsys_lib_basesys:umodsys.basesys.rparameters.obj
 0001:000060f0       ?add_last@RParameters@rsystem@base@UModSys@@IAE_NPAUSParametersData@core@4@PBDPBXH@Z 004070f0 f   umodsys_lib_basesys:umodsys.basesys.rparameters.obj
 0001:00006300       ?add@RParameters@rsystem@base@UModSys@@UAE_NPAUSParametersData@core@4@PBDPAUIRefObject@64@@Z 00407300 f   umodsys_lib_basesys:umodsys.basesys.rparameters.obj
 0001:00006320       ?add@RParameters@rsystem@base@UModSys@@UAE_NPAUSParametersData@core@4@PBDABN@Z 00407320 f   umodsys_lib_basesys:umodsys.basesys.rparameters.obj
 0001:00006340       ?add@RParameters@rsystem@base@UModSys@@UAE_NPAUSParametersData@core@4@PBDH@Z 00407340 f   umodsys_lib_basesys:umodsys.basesys.rparameters.obj
 0001:00006360       ?add@RParameters@rsystem@base@UModSys@@UAE_NPAUSParametersData@core@4@PBD1@Z 00407360 f   umodsys_lib_basesys:umodsys.basesys.rparameters.obj
 0001:00006380       ?get_sca@RSystem@rsystem@base@UModSys@@UAEPAUISourceContextAdapter@core@4@XZ 00407380 f   umodsys_lib_basesys:umodsys.basesys.rsystem.obj
 0001:00006390       ?get_upr@RSystem@rsystem@base@UModSys@@UAEPAUIUniquePointerResolver@core@4@XZ 00407390 f   umodsys_lib_basesys:umodsys.basesys.rsystem.obj
 0001:000063a0       ?get_modloader@RSystem@rsystem@base@UModSys@@UAEPAUIModuleLoader@34@XZ 004073a0 f   umodsys_lib_basesys:umodsys.basesys.rsystem.obj
 0001:000063b0       ?get_syslib@RSystem@rsystem@base@UModSys@@UAEPAUIModuleLibrary@34@XZ 004073b0 f   umodsys_lib_basesys:umodsys.basesys.rsystem.obj
 0001:000063c0       ?get_sharemem@RSystem@rsystem@base@UModSys@@UAEPAUIMemAlloc@core@4@XZ 004073c0 f   umodsys_lib_basesys:umodsys.basesys.rsystem.obj
 0001:000063d0       ?get_sysmem@RSystem@rsystem@base@UModSys@@UAEPAUIMemAlloc@core@4@XZ 004073d0 f   umodsys_lib_basesys:umodsys.basesys.rsystem.obj
 0001:000063e0       ?get_console@RSystem@rsystem@base@UModSys@@UAEPAUIConsole@34@XZ 004073e0 f   umodsys_lib_basesys:umodsys.basesys.rsystem.obj
 0001:000063f0       ?get_params@RSystem@rsystem@base@UModSys@@UAEPAUIParameters@core@4@XZ 004073f0 f   umodsys_lib_basesys:umodsys.basesys.rsystem.obj
 0001:00006400       ?upi_remove@RSystem@rsystem@base@UModSys@@UAEHPBUSUniquePointerInfo@core@4@@Z 00407400 f   umodsys_lib_basesys:umodsys.basesys.rsystem.obj
 0001:00006410       ?persist_ctx@RSystem@rsystem@base@UModSys@@UAEPBUSSourceContext@core@4@PBU564@@Z 00407410 f   umodsys_lib_basesys:umodsys.basesys.rsystem.obj
 0001:000064d0       ?upi_add@RSystem@rsystem@base@UModSys@@UAEPBUSUniquePointerInfo@core@4@PBU564@@Z 004074d0 f   umodsys_lib_basesys:umodsys.basesys.rsystem.obj
 0001:00006590       ?lib_unload@IModuleLibraryUni@rsystem@base@UModSys@@UAE_NXZ 00407590 f   umodsys_lib_basesys:umodsys.basesys.rmodulelib.obj
 0001:000065b0       ?lib_loaded@IModuleLibraryUni@rsystem@base@UModSys@@UBE_NXZ 004075b0 f   umodsys_lib_basesys:umodsys.basesys.rmodulelib.obj
 0001:000065c0       ?get_system@IModuleLibraryUni@rsystem@base@UModSys@@UBEPAUISystem@34@XZ 004075c0 f   umodsys_lib_basesys:umodsys.basesys.rmodulelib.obj
 0001:000065d0       ?get_privmem@IModuleLibraryUni@rsystem@base@UModSys@@UBEPAUIMemAlloc@core@4@XZ 004075d0 f   umodsys_lib_basesys:umodsys.basesys.rmodulelib.obj
 0001:000065e0       ?unlink@IModuleLibraryUni@rsystem@base@UModSys@@QAE_NXZ 004075e0 f   umodsys_lib_basesys:umodsys.basesys.rmodulelib.obj
 0001:00006620       ?cleanup@IModuleLibraryUni@rsystem@base@UModSys@@QAEIXZ 00407620 f   umodsys_lib_basesys:umodsys.basesys.rmodulelib.obj
 0001:00006650       ?lib_generate@IModuleLibraryUni@rsystem@base@UModSys@@UAE_NAAU?$TRefObject@UIRefObject@core@UModSys@@@tl@4@PBUSUniquePointerInfo@core@4@ABUSParameters@84@@Z 00407650 f   umodsys_lib_basesys:umodsys.basesys.rmodulelib.obj
 0001:000066a0       ?lib_findobjname@IModuleLibraryUni@rsystem@base@UModSys@@UAEIPBUSUniquePointerInfo@core@4@QAPBU564@IPBD@Z 004076a0 f   umodsys_lib_basesys:umodsys.basesys.rmodulelib.obj
 0001:00006720       ?lib_free@IModuleLibraryUni@rsystem@base@UModSys@@UAE_NXZ 00407720 f   umodsys_lib_basesys:umodsys.basesys.rmodulelib.obj
 0001:00006740       ?get_module@IModuleLibraryUni@rsystem@base@UModSys@@UBEPAUIModule@34@I@Z 00407740 f   umodsys_lib_basesys:umodsys.basesys.rmodulelib.obj
 0001:00006760       ?get_module_count@IModuleLibraryUni@rsystem@base@UModSys@@UBEIXZ 00407760 f   umodsys_lib_basesys:umodsys.basesys.rmodulelib.obj
 0001:00006770       ?get_sys_libname@IModuleLibraryUni@rsystem@base@UModSys@@UBE?AU?$TString@U?$TSCoreConst@D@su@tl@UModSys@@U?$TComparerBinaryHash@D@234@@tl@4@XZ 00407770 f   umodsys_lib_basesys:umodsys.basesys.rmodulelib.obj
 0001:00006790       ??1IModuleLibraryUni@rsystem@base@UModSys@@UAE@XZ 00407790 f   umodsys_lib_basesys:umodsys.basesys.rmodulelib.obj
 0001:00006820       ??0IModuleLibraryUni@rsystem@base@UModSys@@QAE@PAUISystem@23@PAUIModuleLibraryReg@23@@Z 00407820 f   umodsys_lib_basesys:umodsys.basesys.rmodulelib.obj
 0001:00006860       ?save_db@IModuleLibraryUni@rsystem@base@UModSys@@QAE_NPAU_iobuf@@@Z 00407860 f   umodsys_lib_basesys:umodsys.basesys.rmodulelib.obj
 0001:000068c0       ?link@IModuleLibraryUni@rsystem@base@UModSys@@QAE_NXZ 004078c0 f   umodsys_lib_basesys:umodsys.basesys.rmodulelib.obj
 0001:00006a90       ?load0@IModuleLibraryUni@rsystem@base@UModSys@@QAE_NXZ 00407a90 f   umodsys_lib_basesys:umodsys.basesys.rmodulelib.obj
 0001:00006ae0       ?lib_load@IModuleLibraryUni@rsystem@base@UModSys@@UAE_NXZ 00407ae0 f   umodsys_lib_basesys:umodsys.basesys.rmodulelib.obj
 0001:00006b00       ?scan@IModuleLibraryUni@rsystem@base@UModSys@@QAE_NXZ 00407b00 f   umodsys_lib_basesys:umodsys.basesys.rmodulelib.obj
 0001:00006b40       ?uni_close@RModuleLibraryThis@rsystem@base@UModSys@@UAE_NXZ 00407b40 f   umodsys_lib_basesys:umodsys.basesys.rmodulelibthis.obj
 0001:00006b50       ?uni_open@RModuleLibraryThis@rsystem@base@UModSys@@UAE_NXZ 00407b50 f   umodsys_lib_basesys:umodsys.basesys.rmodulelibthis.obj
 0001:00006b60       ?uni_unload@RModuleLibraryThis@rsystem@base@UModSys@@UAE_NXZ 00407b60 f   umodsys_lib_basesys:umodsys.basesys.rmodulelibthis.obj
 0001:00006b70       ?uni_load@RModuleLibraryThis@rsystem@base@UModSys@@UAE_NXZ 00407b70 f   umodsys_lib_basesys:umodsys.basesys.rmodulelibthis.obj
 0001:00006b80       ??1RModuleLibraryThis@rsystem@base@UModSys@@UAE@XZ 00407b80 f   umodsys_lib_basesys:umodsys.basesys.rmodulelibthis.obj
 0001:00006bd0       ??0RModuleLibraryThis@rsystem@base@UModSys@@QAE@PAUISystem@23@@Z 00407bd0 f   umodsys_lib_basesys:umodsys.basesys.rmodulelibthis.obj
 0001:00006c00       ?moduledb_load@RModuleLoader@rsystem@base@UModSys@@UAE_NABU?$TString@U?$TSCoreConst@D@su@tl@UModSys@@U?$TComparerBinaryHash@D@234@@tl@4@@Z 00407c00 f   umodsys_lib_basesys:umodsys.basesys.rmoduleloader.obj
 0001:00006c10       ?moduledb_lib_drop@RModuleLoader@rsystem@base@UModSys@@UAE_NPAUIModuleLibrary@34@@Z 00407c10 f   umodsys_lib_basesys:umodsys.basesys.rmoduleloader.obj
 0001:00006c20       ?moduledb_lib_get@RModuleLoader@rsystem@base@UModSys@@UBEPAUIModuleLibrary@34@I@Z 00407c20 f   umodsys_lib_basesys:umodsys.basesys.rmoduleloader.obj
 0001:00006c50       ?moduledb_lib_count@RModuleLoader@rsystem@base@UModSys@@UAEIXZ 00407c50 f   umodsys_lib_basesys:umodsys.basesys.rmoduleloader.obj
 0001:00006c60       ?moduledb_module_get@RModuleLoader@rsystem@base@UModSys@@UBEPAUIModule@34@I@Z 00407c60 f   umodsys_lib_basesys:umodsys.basesys.rmoduleloader.obj
 0001:00006cc0       ?moduledb_module_count@RModuleLoader@rsystem@base@UModSys@@UAEIXZ 00407cc0 f   umodsys_lib_basesys:umodsys.basesys.rmoduleloader.obj
 0001:00006cf0       ?moduledb_generate@RModuleLoader@rsystem@base@UModSys@@UAE_NAAU?$TRefObject@UIRefObject@core@UModSys@@@tl@4@PBUSUniquePointerInfo@core@4@ABUSParameters@84@@Z 00407cf0 f   umodsys_lib_basesys:umodsys.basesys.rmoduleloader.obj
 0001:00006d60       ?moduledb_findobjname@RModuleLoader@rsystem@base@UModSys@@UAEIPBUSUniquePointerInfo@core@4@QAPBU564@IPBD@Z 00407d60 f   umodsys_lib_basesys:umodsys.basesys.rmoduleloader.obj
 0001:00006df0       ??1RModuleLoader@rsystem@base@UModSys@@UAE@XZ 00407df0 f   umodsys_lib_basesys:umodsys.basesys.rmoduleloader.obj
 0001:00006e90       ??0RModuleLoader@rsystem@base@UModSys@@QAE@PAUISystem@23@@Z 00407e90 f   umodsys_lib_basesys:umodsys.basesys.rmoduleloader.obj
 0001:00006ed0       ?moduledb_clear@RModuleLoader@rsystem@base@UModSys@@UAEXXZ 00407ed0 f   umodsys_lib_basesys:umodsys.basesys.rmoduleloader.obj
 0001:00006f50       ?moduledb_find@RModuleLoader@rsystem@base@UModSys@@UBEPAUIModule@34@ABU?$TString@U?$TSCoreConst@D@su@tl@UModSys@@U?$TComparerBinaryHash@D@234@@tl@4@ABUSVersion@core@4@@Z 00407f50 f   umodsys_lib_basesys:umodsys.basesys.rmoduleloader.obj
 0001:000070b0       ?cleanup@RModuleLoader@rsystem@base@UModSys@@QAEXXZ 004080b0 f   umodsys_lib_basesys:umodsys.basesys.rmoduleloader.obj
 0001:000070f0       ?get_string@RModuleLoader@rsystem@base@UModSys@@QAEABU?$TString@U?$TSCoreConst@D@su@tl@UModSys@@U?$TComparerBinaryHash@D@234@@tl@4@ABU564@@Z 004080f0 f   umodsys_lib_basesys:umodsys.basesys.rmoduleloader.obj
 0001:00007130       ?moduledb_get_string@RModuleLoader@rsystem@base@UModSys@@UAEABU?$TString@U?$TSCoreConst@D@su@tl@UModSys@@U?$TComparerBinaryHash@D@234@@tl@4@ABU564@@Z 00408130 f   umodsys_lib_basesys:umodsys.basesys.rmoduleloader.obj
 0001:00007140       ?moduledb_save@RModuleLoader@rsystem@base@UModSys@@UAE_NABU?$TString@U?$TSCoreConst@D@su@tl@UModSys@@U?$TComparerBinaryHash@D@234@@tl@4@@Z 00408140 f   umodsys_lib_basesys:umodsys.basesys.rmoduleloader.obj
 0001:000071d0       ?moduledb_cleanup@RModuleLoader@rsystem@base@UModSys@@UAEIXZ 004081d0 f   umodsys_lib_basesys:umodsys.basesys.rmoduleloader.obj
 0001:000072a0       ?moduledb_scan@RModuleLoader@rsystem@base@UModSys@@UAEIABU?$TString@U?$TSCoreConst@D@su@tl@UModSys@@U?$TComparerBinaryHash@D@234@@tl@4@_N@Z 004082a0 f   umodsys_lib_basesys:umodsys.basesys.rmoduleloader.obj
 0001:00007300       ?set_console@RSystem@rsystem@base@UModSys@@QAEXPAUIConsole@34@@Z 00408300 f   umodsys_lib_basesys:umodsys.basesys.rsystem_main.obj
 0001:00007330       ?err_put@rsystem@base@UModSys@@YAXW4eRSystemDebugLevels@123@PBDZZ 00408330 f   umodsys_lib_basesys:umodsys.basesys.rsystem_main.obj
[...]
 0001:00008160       __unwindfunclet$?save_writer@RDataArchiver_OsDir@stdio@media@modules@UModSys@@UAE?AU?$TRefObject@UIStreamWriter@libmedia@UModSys@@@tl@5@ABU?$TString@U?$TSCoreConst@D@su@tl@UModSys@@U?$TComparerBinaryHash@D@234@@75@H@Z$1 00409160 f    CIL library: CIL module
 0001:00008160       __unwindfunclet$?load_reader@RDataArchiver_OsDir@stdio@media@modules@UModSys@@UAE?AU?$TRefObject@UIStreamReader@libmedia@UModSys@@@tl@5@ABU?$TString@U?$TSCoreConst@D@su@tl@UModSys@@U?$TComparerBinaryHash@D@234@@75@H@Z$1 00409160 f    CIL library: CIL module
 0001:0000816b       __unwindfunclet$?load_reader@RDataArchiver_OsDir@stdio@media@modules@UModSys@@UAE?AU?$TRefObject@UIStreamReader@libmedia@UModSys@@@tl@5@ABU?$TString@U?$TSCoreConst@D@su@tl@UModSys@@U?$TComparerBinaryHash@D@234@@75@H@Z$2 0040916b f    CIL library: CIL module
 0001:0000816b       __unwindfunclet$?save_writer@RDataArchiver_OsDir@stdio@media@modules@UModSys@@UAE?AU?$TRefObject@UIStreamWriter@libmedia@UModSys@@@tl@5@ABU?$TString@U?$TSCoreConst@D@su@tl@UModSys@@U?$TComparerBinaryHash@D@234@@75@H@Z$2 0040916b f    CIL library: CIL module
 0001:0000817f       __unwindfunclet$?save_writer@RDataArchiver_OsDir@stdio@media@modules@UModSys@@UAE?AU?$TRefObject@UIStreamWriter@libmedia@UModSys@@@tl@5@ABU?$TString@U?$TSCoreConst@D@su@tl@UModSys@@U?$TComparerBinaryHash@D@234@@75@H@Z$0 0040917f f    CIL library: CIL module
 0001:0000817f       __unwindfunclet$?load_reader@RDataArchiver_OsDir@stdio@media@modules@UModSys@@UAE?AU?$TRefObject@UIStreamReader@libmedia@UModSys@@@tl@5@ABU?$TString@U?$TSCoreConst@D@su@tl@UModSys@@U?$TComparerBinaryHash@D@234@@75@H@Z$0 0040917f f    CIL library: CIL module
 0001:0000819e       __ehhandler$?load_reader@RDataArchiver_OsDir@stdio@media@modules@UModSys@@UAE?AU?$TRefObject@UIStreamReader@libmedia@UModSys@@@tl@5@ABU?$TString@U?$TSCoreConst@D@su@tl@UModSys@@U?$TComparerBinaryHash@D@234@@75@H@Z 0040919e f    CIL library: CIL module
 0001:0000819e       __ehhandler$?save_writer@RDataArchiver_OsDir@stdio@media@modules@UModSys@@UAE?AU?$TRefObject@UIStreamWriter@libmedia@UModSys@@@tl@5@ABU?$TString@U?$TSCoreConst@D@su@tl@UModSys@@U?$TComparerBinaryHash@D@234@@75@H@Z 0040919e f    CIL library: CIL module
 0001:000081b0       __unwindfunclet$??0RDataArchiver_OsDir@stdio@media@modules@UModSys@@QAE@PAURGenerator@1234@ABUSParameters@core@4@@Z$0 004091b0 f    CIL library: CIL module
 0001:000081b8       __unwindfunclet$??0RDataArchiver_OsDir@stdio@media@modules@UModSys@@QAE@PAURGenerator@1234@ABUSParameters@core@4@@Z$1 004091b8 f    CIL library: CIL module
 0001:000081c3       __ehhandler$??0RDataArchiver_OsDir@stdio@media@modules@UModSys@@QAE@PAURGenerator@1234@ABUSParameters@core@4@@Z 004091c3 f    CIL library: CIL module
 0001:000081d0       __unwindfunclet$?suicide@RModule@rsystem@base@UModSys@@UAEXXZ$0 004091d0 f    CIL library: CIL module
 0001:000081d0       __unwindfunclet$?suicide@RStreamWriter_FILE@stdio@media@modules@UModSys@@UAEXXZ$0 004091d0 f    CIL library: CIL module
 0001:000081d0       __unwindfunclet$??$ValidateConstruction@UIRefObject@core@UModSys@@URStreamWriter_FILE@stdio@media@modules@3@@core@UModSys@@YA_NAAU?$TRefObject@UIRefObject@core@UModSys@@@tl@1@PAURStreamWriter_FILE@stdio@media@modules@1@@Z$0 004091d0 f    CIL library: CIL module
 0001:000081d0       __unwindfunclet$?suicide@RStreamReader_FILE@stdio@media@modules@UModSys@@UAEXXZ$0 004091d0 f    CIL library: CIL module
 0001:000081d0       __unwindfunclet$??$ValidateConstruction@UIRefObject@core@UModSys@@URStreamReader_FILE@stdio@media@modules@3@@core@UModSys@@YA_NAAU?$TRefObject@UIRefObject@core@UModSys@@@tl@1@PAURStreamReader_FILE@stdio@media@modules@1@@Z$0 004091d0 f    CIL library: CIL module
 0001:000081d0       __unwindfunclet$?suicide@RDataArchiver_OsDir@stdio@media@modules@UModSys@@UAEXXZ$0 004091d0 f    CIL library: CIL module
 0001:000081d0       __unwindfunclet$??$ValidateConstruction@UIStreamWriter@libmedia@UModSys@@URStreamWriter_FILE@stdio@media@modules@3@@core@UModSys@@YA_NAAU?$TRefObject@UIStreamWriter@libmedia@UModSys@@@tl@1@PAURStreamWriter_FILE@stdio@media@modules@1@@Z$0 004091d0 f    CIL library: CIL module
 0001:000081d0       __unwindfunclet$??$ValidateConstruction@UIStreamReader@libmedia@UModSys@@URStreamReader_FILE@stdio@media@modules@3@@core@UModSys@@YA_NAAU?$TRefObject@UIStreamReader@libmedia@UModSys@@@tl@1@PAURStreamReader_FILE@stdio@media@modules@1@@Z$0 004091d0 f    CIL library: CIL module
 0001:000081d0       __unwindfunclet$??$t_moduledb_generate@UIShell@base@UModSys@@@IModuleLoader@base@UModSys@@QAE_NAAU?$TRefObject@UIShell@base@UModSys@@@tl@2@PBUSUniquePointerInfo@core@2@ABUSParameters@62@@Z$0 004091d0 f    CIL library: CIL module
 0001:000081d0       __unwindfunclet$??$ValidateConstruction@UIRefObject@core@UModSys@@URDataArchiver_OsDir@stdio@media@modules@3@@core@UModSys@@YA_NAAU?$TRefObject@UIRefObject@core@UModSys@@@tl@1@PAURDataArchiver_OsDir@stdio@media@modules@1@@Z$0 004091d0 f    CIL library: CIL module
 0001:000081d8       __ehhandler$??$ValidateConstruction@UIStreamWriter@libmedia@UModSys@@URStreamWriter_FILE@stdio@media@modules@3@@core@UModSys@@YA_NAAU?$TRefObject@UIStreamWriter@libmedia@UModSys@@@tl@1@PAURStreamWriter_FILE@stdio@media@modules@1@@Z 004091d8 f    CIL library: CIL module
 0001:000081d8       __ehhandler$?suicide@RModule@rsystem@base@UModSys@@UAEXXZ 004091d8 f    CIL library: CIL module
 0001:000081d8       __ehhandler$??$ValidateConstruction@UIRefObject@core@UModSys@@URStreamReader_FILE@stdio@media@modules@3@@core@UModSys@@YA_NAAU?$TRefObject@UIRefObject@core@UModSys@@@tl@1@PAURStreamReader_FILE@stdio@media@modules@1@@Z 004091d8 f    CIL library: CIL module
 0001:000081d8       __ehhandler$??$ValidateConstruction@UIRefObject@core@UModSys@@URStreamWriter_FILE@stdio@media@modules@3@@core@UModSys@@YA_NAAU?$TRefObject@UIRefObject@core@UModSys@@@tl@1@PAURStreamWriter_FILE@stdio@media@modules@1@@Z 004091d8 f    CIL library: CIL module
 0001:000081d8       __ehhandler$?suicide@RStreamReader_FILE@stdio@media@modules@UModSys@@UAEXXZ 004091d8 f    CIL library: CIL module
 0001:000081d8       __ehhandler$?suicide@RStreamWriter_FILE@stdio@media@modules@UModSys@@UAEXXZ 004091d8 f    CIL library: CIL module
 0001:000081d8       __ehhandler$??$ValidateConstruction@UIStreamReader@libmedia@UModSys@@URStreamReader_FILE@stdio@media@modules@3@@core@UModSys@@YA_NAAU?$TRefObject@UIStreamReader@libmedia@UModSys@@@tl@1@PAURStreamReader_FILE@stdio@media@modules@1@@Z 004091d8 f    CIL library: CIL module
 0001:000081d8       __ehhandler$??$t_moduledb_generate@UIShell@base@UModSys@@@IModuleLoader@base@UModSys@@QAE_NAAU?$TRefObject@UIShell@base@UModSys@@@tl@2@PBUSUniquePointerInfo@core@2@ABUSParameters@62@@Z 004091d8 f    CIL library: CIL module
 0001:000081d8       __ehhandler$?suicide@RDataArchiver_OsDir@stdio@media@modules@UModSys@@UAEXXZ 004091d8 f    CIL library: CIL module
 0001:000081d8       __ehhandler$??$ValidateConstruction@UIRefObject@core@UModSys@@URDataArchiver_OsDir@stdio@media@modules@3@@core@UModSys@@YA_NAAU?$TRefObject@UIRefObject@core@UModSys@@@tl@1@PAURDataArchiver_OsDir@stdio@media@modules@1@@Z 004091d8 f    CIL library: CIL module
 0001:000081f0       __unwindfunclet$??$t_gen_param@URStreamWriter_FILE@stdio@media@modules@UModSys@@URGenerator@2345@@IGenerator@base@UModSys@@IAE_NPAURGenerator@stdio@media@modules@2@AAU?$TRefObject@UIRefObject@core@UModSys@@@tl@2@PBUSUniquePointerInfo@core@2@ABUSParameters@core@2@@Z$0 004091f0 f    CIL library: CIL module
 0001:000081f0       __unwindfunclet$??$t_gen_param@URStreamReader_FILE@stdio@media@modules@UModSys@@URGenerator@2345@@IGenerator@base@UModSys@@IAE_NPAURGenerator@stdio@media@modules@2@AAU?$TRefObject@UIRefObject@core@UModSys@@@tl@2@PBUSUniquePointerInfo@core@2@ABUSParameters@core@2@@Z$0 004091f0 f    CIL library: CIL module
 0001:000081f0       __unwindfunclet$??$t_gen_param@URDataArchiver_OsDir@stdio@media@modules@UModSys@@URGenerator@2345@@IGenerator@base@UModSys@@IAE_NPAURGenerator@stdio@media@modules@2@AAU?$TRefObject@UIRefObject@core@UModSys@@@tl@2@PBUSUniquePointerInfo@core@2@ABUSParameters@core@2@@Z$0 004091f0 f    CIL library: CIL module
 0001:000081fe       __ehhandler$??$t_gen_param@URStreamReader_FILE@stdio@media@modules@UModSys@@URGenerator@2345@@IGenerator@base@UModSys@@IAE_NPAURGenerator@stdio@media@modules@2@AAU?$TRefObject@UIRefObject@core@UModSys@@@tl@2@PBUSUniquePointerInfo@core@2@ABUSParameters@core@2@@Z 004091fe f    CIL library: CIL module
 0001:000081fe       __ehhandler$??$t_gen_param@URStreamWriter_FILE@stdio@media@modules@UModSys@@URGenerator@2345@@IGenerator@base@UModSys@@IAE_NPAURGenerator@stdio@media@modules@2@AAU?$TRefObject@UIRefObject@core@UModSys@@@tl@2@PBUSUniquePointerInfo@core@2@ABUSParameters@core@2@@Z 004091fe f    CIL library: CIL module
 0001:000081fe       __ehhandler$??$t_gen_param@URDataArchiver_OsDir@stdio@media@modules@UModSys@@URGenerator@2345@@IGenerator@base@UModSys@@IAE_NPAURGenerator@stdio@media@modules@2@AAU?$TRefObject@UIRefObject@core@UModSys@@@tl@2@PBUSUniquePointerInfo@core@2@ABUSParameters@core@2@@Z 004091fe f    CIL library: CIL module
 0001:00008210       ??__E?s_id@?$TObjectUniqueID@UIRoot@core@UModSys@@@tl@UModSys@@2USUniquePointer@core@3@A@@YAXXZ 00409210 f    CIL library: CIL module
 0001:00008240       ??__E?s_id@?$TObjectUniqueID@UIRefObject@core@UModSys@@@tl@UModSys@@2USUniquePointer@core@3@A@@YAXXZ 00409240 f    CIL library: CIL module
 0001:00008270       ??__E?s_id@?$TObjectUniqueID@UIParameters@core@UModSys@@@tl@UModSys@@2USUniquePointer@core@3@A@@YAXXZ 00409270 f    CIL library: CIL module
 0001:000082a0       ??__E?s_id@?$TObjectUniqueID@UIModule@base@UModSys@@@tl@UModSys@@2USUniquePointer@core@3@A@@YAXXZ 004092a0 f    CIL library: CIL module
 0001:000082d0       ??__E?s_id@?$TObjectUniqueID@UIModuleLibrary@base@UModSys@@@tl@UModSys@@2USUniquePointer@core@3@A@@YAXXZ 004092d0 f    CIL library: CIL module
 0001:00008300       ??__E?s_id@?$TObjectUniqueID@UIModObject@base@UModSys@@@tl@UModSys@@2USUniquePointer@core@3@A@@YAXXZ 00409300 f    CIL library: CIL module
 0001:00008330       ??__E?s_id@?$TObjectUniqueID@UIGenerator@base@UModSys@@@tl@UModSys@@2USUniquePointer@core@3@A@@YAXXZ 00409330 f    CIL library: CIL module
 0001:00008360       ??__E?s_id@?$TObjectUniqueID@UIShell@base@UModSys@@@tl@UModSys@@2USUniquePointer@core@3@A@@YAXXZ 00409360 f    CIL library: CIL module
 0001:00008390       ??__E?s_id@?$TObjectUniqueID@UIConsole@base@UModSys@@@tl@UModSys@@2USUniquePointer@core@3@A@@YAXXZ 00409390 f    CIL library: CIL module
 0001:000083c0       ??__E?s_id@?$TObjectUniqueID@UISystem@base@UModSys@@@tl@UModSys@@2USUniquePointer@core@3@A@@YAXXZ 004093c0 f    CIL library: CIL module
 0001:000083f0       ??__E?s_id@?$TObjectUniqueID@URModule@rsystem@base@UModSys@@@tl@UModSys@@2USUniquePointer@core@3@A@@YAXXZ 004093f0 f    CIL library: CIL module
 0001:00008420       ??__E?s_id@?$TObjectUniqueID@UIModuleLibraryUni@rsystem@base@UModSys@@@tl@UModSys@@2USUniquePointer@core@3@A@@YAXXZ 00409420 f    CIL library: CIL module
 0001:00008450       ??__E?s_id@?$TObjectUniqueID@URModuleLibrarySO@rsystem@base@UModSys@@@tl@UModSys@@2USUniquePointer@core@3@A@@YAXXZ 00409450 f    CIL library: CIL module
 0001:00008480       ??__E?s_id@?$TObjectUniqueID@URModuleLibraryThis@rsystem@base@UModSys@@@tl@UModSys@@2USUniquePointer@core@3@A@@YAXXZ 00409480 f    CIL library: CIL module
 0001:000084b0       ??__E?s_id@?$TObjectUniqueID@URParameters@rsystem@base@UModSys@@@tl@UModSys@@2USUniquePointer@core@3@A@@YAXXZ 004094b0 f    CIL library: CIL module
 0001:000084e0       ??__E?s_id@?$TObjectUniqueID@URSystem@rsystem@base@UModSys@@@tl@UModSys@@2USUniquePointer@core@3@A@@YAXXZ 004094e0 f    CIL library: CIL module
 0001:00008510       ??__E?s_id@?$TObjectUniqueID@URConsole_std@rsystem@base@UModSys@@@tl@UModSys@@2USUniquePointer@core@3@A@@YAXXZ 00409510 f    CIL library: CIL module
 0001:00008540       ??__E?s_modreg@RModuleReg@stdio@media@modules@UModSys@@2U12345@A@@YAXXZ 00409540 f    CIL library: CIL module
 0001:00008560       ??__E?s_modreg_chain@RModuleReg@stdio@media@modules@UModSys@@2USModuleRegChain@base@5@A@@YAXXZ 00409560 f    CIL library: CIL module
 0001:00008580       ??__E?s_uid@RGenerator@stdio@media@modules@UModSys@@2USUniquePointer@core@5@A@@YAXXZ 00409580 f    CIL library: CIL module
 0001:000085b0       ??__E?s_id@?$TObjectUniqueID@UIStreamReader@libmedia@UModSys@@@tl@UModSys@@2USUniquePointer@core@3@A@@YAXXZ 004095b0 f    CIL library: CIL module
 0001:000085e0       ??__E?s_id@?$TObjectUniqueID@UIStreamWriter@libmedia@UModSys@@@tl@UModSys@@2USUniquePointer@core@3@A@@YAXXZ 004095e0 f    CIL library: CIL module
 0001:00008610       ??__E?s_id@?$TObjectUniqueID@UIDataArchive@libmedia@UModSys@@@tl@UModSys@@2USUniquePointer@core@3@A@@YAXXZ 00409610 f    CIL library: CIL module
 0001:00008640       ??__E?s_id@?$TObjectUniqueID@URStreamReader_FILE@stdio@media@modules@UModSys@@@tl@UModSys@@2USUniquePointer@core@3@A@@YAXXZ 00409640 f    CIL library: CIL module
 0001:00008670       ??__E?s_id@?$TObjectUniqueID@URStreamWriter_FILE@stdio@media@modules@UModSys@@@tl@UModSys@@2USUniquePointer@core@3@A@@YAXXZ 00409670 f    CIL library: CIL module
 0001:000086a0       ??__E?s_id@?$TObjectUniqueID@URDataArchiver_OsDir@stdio@media@modules@UModSys@@@tl@UModSys@@2USUniquePointer@core@3@A@@YAXXZ 004096a0 f    CIL library: CIL module
 0001:000086d0       ??__E?s_id@?$TObjectUniqueID@URGenerator@stdio@media@modules@UModSys@@@tl@UModSys@@2USUniquePointer@core@3@A@@YAXXZ 004096d0 f    CIL library: CIL module
 0001:00008700       ??__E?s_console@RConsole_std@rsystem@base@UModSys@@2U1234@A@@YAXXZ 00409700 f    CIL library: CIL module
 0001:00008720       ??__E?s_sys@RSystem@rsystem@base@UModSys@@2U1234@A@@YAXXZ 00409720 f    CIL library: CIL module
 0001:00008740       ??__Ersys_dbg@rsystem@base@UModSys@@YAXXZ 00409740 f    CIL library: CIL module
 0001:00008760       ??__EM@UModSys@@YAXXZ      00409760 f    CIL library: CIL module
 0001:00008780       ??__E?root@SModuleRegChain@base@UModSys@@2U123@A@@YAXXZ 00409780 f    CIL library: CIL module
 0001:000087a0       ??__E?s_library@RModuleLibraryReg_Chain@base@UModSys@@2U123@A@@YAXXZ 004097a0 f    CIL library: CIL module
 0001:000087c0       ??__E?root@SUniquePointer@core@UModSys@@2U123@A@@YAXXZ 004097c0 f    CIL library: CIL module
 0001:000087e0       ??__F?s_id@?$TObjectUniqueID@URConsole_std@rsystem@base@UModSys@@@tl@UModSys@@2USUniquePointer@core@3@A@@YAXXZ 004097e0 f    CIL library: CIL module
 0001:000087f0       ??__F?s_id@?$TObjectUniqueID@URSystem@rsystem@base@UModSys@@@tl@UModSys@@2USUniquePointer@core@3@A@@YAXXZ 004097f0 f    CIL library: CIL module
 0001:00008800       ??__F?s_id@?$TObjectUniqueID@URParameters@rsystem@base@UModSys@@@tl@UModSys@@2USUniquePointer@core@3@A@@YAXXZ 00409800 f    CIL library: CIL module
 0001:00008810       ??__F?s_id@?$TObjectUniqueID@URModuleLibraryThis@rsystem@base@UModSys@@@tl@UModSys@@2USUniquePointer@core@3@A@@YAXXZ 00409810 f    CIL library: CIL module
 0001:00008820       ??__F?s_id@?$TObjectUniqueID@URModuleLibrarySO@rsystem@base@UModSys@@@tl@UModSys@@2USUniquePointer@core@3@A@@YAXXZ 00409820 f    CIL library: CIL module
 0001:00008830       ??__F?s_id@?$TObjectUniqueID@UIModuleLibraryUni@rsystem@base@UModSys@@@tl@UModSys@@2USUniquePointer@core@3@A@@YAXXZ 00409830 f    CIL library: CIL module
 0001:00008840       ??__F?s_id@?$TObjectUniqueID@URModule@rsystem@base@UModSys@@@tl@UModSys@@2USUniquePointer@core@3@A@@YAXXZ 00409840 f    CIL library: CIL module
 0001:00008850       ??__F?s_id@?$TObjectUniqueID@UISystem@base@UModSys@@@tl@UModSys@@2USUniquePointer@core@3@A@@YAXXZ 00409850 f    CIL library: CIL module
 0001:00008860       ??__F?s_id@?$TObjectUniqueID@UIConsole@base@UModSys@@@tl@UModSys@@2USUniquePointer@core@3@A@@YAXXZ 00409860 f    CIL library: CIL module
 0001:00008870       ??__F?s_id@?$TObjectUniqueID@UIShell@base@UModSys@@@tl@UModSys@@2USUniquePointer@core@3@A@@YAXXZ 00409870 f    CIL library: CIL module
 0001:00008880       ??__F?s_id@?$TObjectUniqueID@UIGenerator@base@UModSys@@@tl@UModSys@@2USUniquePointer@core@3@A@@YAXXZ 00409880 f    CIL library: CIL module
 0001:00008890       ??__F?s_id@?$TObjectUniqueID@UIModObject@base@UModSys@@@tl@UModSys@@2USUniquePointer@core@3@A@@YAXXZ 00409890 f    CIL library: CIL module
 0001:000088a0       ??__F?s_id@?$TObjectUniqueID@UIModuleLibrary@base@UModSys@@@tl@UModSys@@2USUniquePointer@core@3@A@@YAXXZ 004098a0 f    CIL library: CIL module
 0001:000088b0       ??__F?s_id@?$TObjectUniqueID@UIModule@base@UModSys@@@tl@UModSys@@2USUniquePointer@core@3@A@@YAXXZ 004098b0 f    CIL library: CIL module
 0001:000088c0       ??__F?s_id@?$TObjectUniqueID@UIParameters@core@UModSys@@@tl@UModSys@@2USUniquePointer@core@3@A@@YAXXZ 004098c0 f    CIL library: CIL module
 0001:000088d0       ??__F?s_id@?$TObjectUniqueID@UIRefObject@core@UModSys@@@tl@UModSys@@2USUniquePointer@core@3@A@@YAXXZ 004098d0 f    CIL library: CIL module
 0001:000088e0       ??__F?s_id@?$TObjectUniqueID@UIRoot@core@UModSys@@@tl@UModSys@@2USUniquePointer@core@3@A@@YAXXZ 004098e0 f    CIL library: CIL module
 0001:000088f0       ??__F?s_modreg@RModuleReg@stdio@media@modules@UModSys@@2U12345@A@@YAXXZ 004098f0 f    CIL library: CIL module
 0001:00008910       ??__F?s_modreg_chain@RModuleReg@stdio@media@modules@UModSys@@2USModuleRegChain@base@5@A@@YAXXZ 00409910 f    CIL library: CIL module
 0001:00008920       ??__F?s_uid@RGenerator@stdio@media@modules@UModSys@@2USUniquePointer@core@5@A@@YAXXZ 00409920 f    CIL library: CIL module
 0001:00008930       ??__Fh@?1??s_holder@RGenerator@stdio@media@modules@UModSys@@SAAAU?$TTypeStaticHolder@URGenerator@stdio@media@modules@UModSys@@@tl@5@XZ@YAXXZ 00409930 f    CIL library: CIL module
 0001:00008950       ??__F?s_id@?$TObjectUniqueID@URGenerator@stdio@media@modules@UModSys@@@tl@UModSys@@2USUniquePointer@core@3@A@@YAXXZ 00409950 f    CIL library: CIL module
 0001:00008960       ??__F?s_id@?$TObjectUniqueID@URDataArchiver_OsDir@stdio@media@modules@UModSys@@@tl@UModSys@@2USUniquePointer@core@3@A@@YAXXZ 00409960 f    CIL library: CIL module
 0001:00008970       ??__F?s_id@?$TObjectUniqueID@URStreamWriter_FILE@stdio@media@modules@UModSys@@@tl@UModSys@@2USUniquePointer@core@3@A@@YAXXZ 00409970 f    CIL library: CIL module
 0001:00008980       ??__F?s_id@?$TObjectUniqueID@URStreamReader_FILE@stdio@media@modules@UModSys@@@tl@UModSys@@2USUniquePointer@core@3@A@@YAXXZ 00409980 f    CIL library: CIL module
 0001:00008990       ??__F?s_id@?$TObjectUniqueID@UIDataArchive@libmedia@UModSys@@@tl@UModSys@@2USUniquePointer@core@3@A@@YAXXZ 00409990 f    CIL library: CIL module
 0001:000089a0       ??__F?s_id@?$TObjectUniqueID@UIStreamWriter@libmedia@UModSys@@@tl@UModSys@@2USUniquePointer@core@3@A@@YAXXZ 004099a0 f    CIL library: CIL module
 0001:000089b0       ??__F?s_id@?$TObjectUniqueID@UIStreamReader@libmedia@UModSys@@@tl@UModSys@@2USUniquePointer@core@3@A@@YAXXZ 004099b0 f    CIL library: CIL module
 0001:000089c0       ??__F?s_console@RConsole_std@rsystem@base@UModSys@@2U1234@A@@YAXXZ 004099c0 f    CIL library: CIL module
 0001:000089d0       ??__F?s_sys@RSystem@rsystem@base@UModSys@@2U1234@A@@YAXXZ 004099d0 f    CIL library: CIL module
 0001:000089e0       ??__Frsys_dbg@rsystem@base@UModSys@@YAXXZ 004099e0 f    CIL library: CIL module
 0001:000089f0       ??__FM@UModSys@@YAXXZ      004099f0 f    CIL library: CIL module
 0001:00008a00       ??__F?root@SModuleRegChain@base@UModSys@@2U123@A@@YAXXZ 00409a00 f    CIL library: CIL module
 0001:00008a10       ??__F?s_library@RModuleLibraryReg_Chain@base@UModSys@@2U123@A@@YAXXZ 00409a10 f    CIL library: CIL module
 0001:00008a20       ??__F?root@SUniquePointer@core@UModSys@@2U123@A@@YAXXZ 00409a20 f    CIL library: CIL module

 Exports

  ordinal    name

        1    _UModSys_Plugin_Entry2@0
