 umodsysc

 Timestamp is 52b29b7d (Thu Dec 19 10:08:45 2013)

 Preferred load address is 00400000

 Start         Length     Name                   Class
 0001:00000000 000122e0H .text                   CODE
 0001:000122e0 000006d8H .text$x                 CODE
 0001:000129c0 00000a11H .text$yc                CODE
 0001:000133e0 000003daH .text$yd                CODE
 0002:00000000 00000154H .idata$5                DATA
 0002:00000154 00000004H .CRT$XCA                DATA
 0002:00000158 00000004H .CRT$XCAA               DATA
 0002:0000015c 000002ccH .CRT$XCU                DATA
 0002:00000428 00000004H .CRT$XCZ                DATA
 0002:0000042c 00000004H .CRT$XIA                DATA
 0002:00000430 00000004H .CRT$XIAA               DATA
 0002:00000434 00000004H .CRT$XIY                DATA
 0002:00000438 00000004H .CRT$XIZ                DATA
 0002:00000440 00001ba8H .rdata                  DATA
 0002:00001fe8 00001388H .rdata$r                DATA
 0002:00003370 000000ccH .rdata$sxdata           DATA
 0002:0000343c 00000004H .rtc$IAA                DATA
 0002:00003440 00000004H .rtc$IZZ                DATA
 0002:00003444 00000004H .rtc$TAA                DATA
 0002:00003448 00000004H .rtc$TZZ                DATA
 0002:00003450 00000b28H .xdata$x                DATA
 0002:00003f78 00000028H .idata$2                DATA
 0002:00003fa0 00000014H .idata$3                DATA
 0002:00003fb4 00000154H .idata$4                DATA
 0002:00004108 00000554H .idata$6                DATA
 0002:00004660 00000058H .edata                  DATA
 0003:00000000 00000cd0H .data                   DATA
 0003:00000cd0 000029d8H .bss                    DATA

  Address         Publics by Value              Rva+Base       Lib:Object

 0000:00000000       __except_list              00000000     <absolute>
 0000:00000033       ___safe_se_handler_count   00000033     <absolute>
 0000:00009876       __ldused                   00009876     <absolute>
 0000:00009876       __fltused                  00009876     <absolute>
 0000:00000000       ___ImageBase               00400000     <linker-defined>
 0001:00000000       ??0?$TString@U?$TSCoreConst@D@su@tl@UModSys@@U?$TComparerBinaryHash@D@234@@tl@UModSys@@QAE@PBD@Z 00401000 f i umodsys.c_main.obj
 0001:00000050       ??$shash@D@su@tl@UModSys@@YAIPBDI@Z 00401050 f i umodsys.c_main.obj
 0001:00000090       ??3IRoot@core@UModSys@@SAXPAXABUSIMemAlloc@12@@Z 00401090 f i umodsys_lib_libmedia:umodsys.mod.media.stdio.obj
 0001:000000a0       ?get@SParameters@core@UModSys@@QBE_NPBDAAPBD@Z 004010a0 f i umodsys_lib_libmedia:umodsys.mod.media.stdio.obj
 0001:000000d0       ?get@SParameters@core@UModSys@@QBE_NPBDAA_N@Z 004010d0 f i umodsys_lib_libmedia:umodsys.mod.media.stdio.obj
 0001:00000110       ?archive_load_data@libmedia@UModSys@@YA_NAAUIBinArchive@12@ABU?$TString@U?$TSCoreConst@D@su@tl@UModSys@@U?$TComparerBinaryHash@D@234@@tl@2@AAUSCMemShared@core@2@ABUSFlags@12@@Z 00401110 f i umodsys_lib_libmedia:umodsys.mod.media.stdio.obj
 0001:00000300       ?archive_save_data@libmedia@UModSys@@YA_NAAUIBinArchive@12@ABU?$TString@U?$TSCoreConst@D@su@tl@UModSys@@U?$TComparerBinaryHash@D@234@@tl@2@ABUSCMem@core@2@ABUSFlags@12@@Z 00401300 f i umodsys_lib_libmedia:umodsys.mod.media.stdio.obj
 0001:000003b0       ?file_get_size@stdio@media@modules@UModSys@@YA_JPAU_iobuf@@@Z 004013b0 f i umodsys_lib_libmedia:umodsys.mod.media.stdio.obj
 0001:00000400       ?root_get_interface_info@RStreamReader_FILE@stdio@media@modules@UModSys@@UBEABUSUniquePointerInfo@core@5@XZ 00401400 f i umodsys_lib_libmedia:umodsys.mod.media.stdio.obj
 0001:00000410       ?root_get_interface_type@RStreamReader_FILE@stdio@media@modules@UModSys@@UBEPBUSUniquePointerInfo@core@5@XZ 00401410 f i umodsys_lib_libmedia:umodsys.mod.media.stdio.obj
 0001:00000420       ?root_get_other_interface@RStreamReader_FILE@stdio@media@modules@UModSys@@UAEPAUIRoot@core@5@PBUSUniquePointerInfo@75@@Z 00401420 f i umodsys_lib_libmedia:umodsys.mod.media.stdio.obj
 0001:00000420       ?root_get_other_interface@RStreamReader_FILE@stdio@media@modules@UModSys@@UBEPBUIRoot@core@5@PBUSUniquePointerInfo@75@@Z 00401420 f i umodsys_lib_libmedia:umodsys.mod.media.stdio.obj
 0001:00000450       ?root_is_interface_supported@RStreamReader_FILE@stdio@media@modules@UModSys@@UBE_NPBUSUniquePointerInfo@core@5@@Z 00401450 f i umodsys_lib_libmedia:umodsys.mod.media.stdio.obj
 0001:00000490       ?ref_remove@RUtilities@stdlib@media@modules@UModSys@@UBEXXZ 00401490 f i umodsys_lib_libmedia:umodsys.mod.media.stdlib.obj
 0001:00000490       ?ref_remove@RStreamReader_FILE@stdio@media@modules@UModSys@@UBEXXZ 00401490 f i umodsys_lib_libmedia:umodsys.mod.media.stdio.obj
 0001:00000490       ?ref_remove@RGenerator@stdlib@media@modules@UModSys@@UBEXXZ 00401490 f i umodsys_lib_libmedia:umodsys.mod.media.stdlib.obj
 0001:00000490       ?ref_remove@RStreamWriter_FILE@stdio@media@modules@UModSys@@UBEXXZ 00401490 f i umodsys_lib_libmedia:umodsys.mod.media.stdio.obj
 0001:00000490       ?ref_remove@RGenerator@stdio@media@modules@UModSys@@UBEXXZ 00401490 f i umodsys_lib_libmedia:umodsys.mod.media.stdio.obj
 0001:000004a0       ??0RStreamReader_FILE@stdio@media@modules@UModSys@@QAE@PAUIModObject@base@4@ABUSParameters@core@4@@Z 004014a0 f i umodsys_lib_libmedia:umodsys.mod.media.stdio.obj
 0001:00000550       ??0RStreamReader_FILE@stdio@media@modules@UModSys@@QAE@PAUIModObject@base@4@PBD@Z 00401550 f i umodsys_lib_libmedia:umodsys.mod.media.stdio.obj
 0001:000005e0       ?get_size@RStreamReader_FILE@stdio@media@modules@UModSys@@QAEXXZ 004015e0 f i umodsys_lib_libmedia:umodsys.mod.media.stdio.obj
 0001:00000650       ?reader_seek@RStreamReader_FILE@stdio@media@modules@UModSys@@UAE_N_J@Z 00401650 f i umodsys_lib_libmedia:umodsys.mod.media.stdio.obj
 0001:00000680       ?reader_seekend@RStreamReader_FILE@stdio@media@modules@UModSys@@UAE_N_J@Z 00401680 f i umodsys_lib_libmedia:umodsys.mod.media.stdio.obj
 0001:000006b0       ?reader_seekdelta@RStreamReader_FILE@stdio@media@modules@UModSys@@UAE_N_J@Z 004016b0 f i umodsys_lib_libmedia:umodsys.mod.media.stdio.obj
 0001:000006e0       ?reader_pos@RStreamReader_FILE@stdio@media@modules@UModSys@@UAE_JXZ 004016e0 f i umodsys_lib_libmedia:umodsys.mod.media.stdio.obj
 0001:00000700       ?reader_size@RStreamReader_FILE@stdio@media@modules@UModSys@@UAE_JXZ 00401700 f i umodsys_lib_libmedia:umodsys.mod.media.stdio.obj
 0001:00000710       ?reader_read@RStreamReader_FILE@stdio@media@modules@UModSys@@UAE_NPAXI@Z 00401710 f i umodsys_lib_libmedia:umodsys.mod.media.stdio.obj
 0001:00000790       ?reader_close@RStreamReader_FILE@stdio@media@modules@UModSys@@UAEXXZ 00401790 f i umodsys_lib_libmedia:umodsys.mod.media.stdio.obj
 0001:000007b0       ??_GRStreamReader_FILE@stdio@media@modules@UModSys@@UAEPAXI@Z 004017b0 f i umodsys_lib_libmedia:umodsys.mod.media.stdio.obj
 0001:000007b0       ??_ERStreamReader_FILE@stdio@media@modules@UModSys@@UAEPAXI@Z 004017b0 f i  CIL library: CIL module
 0001:000007f0       ??_EIRoot@core@UModSys@@UAEPAXI@Z 004017f0 f i  CIL library: CIL module
 0001:000007f0       ??_GIRoot@core@UModSys@@UAEPAXI@Z 004017f0 f i umodsys_lib_libmedia:umodsys.mod.media.stdio.obj
 0001:00000810       ?root_get_interface_info@RStreamWriter_FILE@stdio@media@modules@UModSys@@UBEABUSUniquePointerInfo@core@5@XZ 00401810 f i umodsys_lib_libmedia:umodsys.mod.media.stdio.obj
 0001:00000820       ?root_get_interface_type@RStreamWriter_FILE@stdio@media@modules@UModSys@@UBEPBUSUniquePointerInfo@core@5@XZ 00401820 f i umodsys_lib_libmedia:umodsys.mod.media.stdio.obj
 0001:00000830       ?root_get_other_interface@RStreamWriter_FILE@stdio@media@modules@UModSys@@UBEPBUIRoot@core@5@PBUSUniquePointerInfo@75@@Z 00401830 f i umodsys_lib_libmedia:umodsys.mod.media.stdio.obj
 0001:00000830       ?root_get_other_interface@RStreamWriter_FILE@stdio@media@modules@UModSys@@UAEPAUIRoot@core@5@PBUSUniquePointerInfo@75@@Z 00401830 f i umodsys_lib_libmedia:umodsys.mod.media.stdio.obj
 0001:00000860       ?root_is_interface_supported@RStreamWriter_FILE@stdio@media@modules@UModSys@@UBE_NPBUSUniquePointerInfo@core@5@@Z 00401860 f i umodsys_lib_libmedia:umodsys.mod.media.stdio.obj
 0001:000008a0       ?ref_links@RStreamWriter_FILE@stdio@media@modules@UModSys@@UBEHXZ 004018a0 f i umodsys_lib_libmedia:umodsys.mod.media.stdio.obj
 0001:000008a0       ?ref_links@RGenerator@stdlib@media@modules@UModSys@@UBEHXZ 004018a0 f i umodsys_lib_libmedia:umodsys.mod.media.stdlib.obj
 0001:000008a0       ?ref_links@RGenerator@stdio@media@modules@UModSys@@UBEHXZ 004018a0 f i umodsys_lib_libmedia:umodsys.mod.media.stdio.obj
 0001:000008a0       ?ref_links@RStreamReader_FILE@stdio@media@modules@UModSys@@UBEHXZ 004018a0 f i umodsys_lib_libmedia:umodsys.mod.media.stdio.obj
 0001:000008a0       ?ref_links@RUtilities@stdlib@media@modules@UModSys@@UBEHXZ 004018a0 f i umodsys_lib_libmedia:umodsys.mod.media.stdlib.obj
 0001:000008b0       ?suicide@RStreamWriter_FILE@stdio@media@modules@UModSys@@UAEXXZ 004018b0 f i umodsys_lib_libmedia:umodsys.mod.media.stdio.obj
 0001:000008b0       ?suicide@RUtilities@stdlib@media@modules@UModSys@@UAEXXZ 004018b0 f i umodsys_lib_libmedia:umodsys.mod.media.stdlib.obj
 0001:000008b0       ?suicide@RStreamReader_FILE@stdio@media@modules@UModSys@@UAEXXZ 004018b0 f i umodsys_lib_libmedia:umodsys.mod.media.stdio.obj
 0001:000008c0       ??1RStreamWriter_FILE@stdio@media@modules@UModSys@@UAE@XZ 004018c0 f i umodsys_lib_libmedia:umodsys.mod.media.stdio.obj
 0001:00000930       ??0RStreamWriter_FILE@stdio@media@modules@UModSys@@QAE@PAUIModObject@base@4@ABUSParameters@core@4@@Z 00401930 f i umodsys_lib_libmedia:umodsys.mod.media.stdio.obj
 0001:000009b0       ??0RStreamWriter_FILE@stdio@media@modules@UModSys@@QAE@PAUIModObject@base@4@PBD_N@Z 004019b0 f i umodsys_lib_libmedia:umodsys.mod.media.stdio.obj
 0001:00000a70       ?open@RStreamWriter_FILE@stdio@media@modules@UModSys@@QAEXABUSParameters@core@5@@Z 00401a70 f i umodsys_lib_libmedia:umodsys.mod.media.stdio.obj
 0001:00000b00       ?writer_seek@RStreamWriter_FILE@stdio@media@modules@UModSys@@UAE_N_J@Z 00401b00 f i umodsys_lib_libmedia:umodsys.mod.media.stdio.obj
 0001:00000b30       ?writer_seekend@RStreamWriter_FILE@stdio@media@modules@UModSys@@UAE_N_J@Z 00401b30 f i umodsys_lib_libmedia:umodsys.mod.media.stdio.obj
 0001:00000b60       ?writer_seekdelta@RStreamWriter_FILE@stdio@media@modules@UModSys@@UAE_N_J@Z 00401b60 f i umodsys_lib_libmedia:umodsys.mod.media.stdio.obj
 0001:00000b90       ?writer_setsize@RStreamWriter_FILE@stdio@media@modules@UModSys@@UAE_N_J@Z 00401b90 f i umodsys_lib_libmedia:umodsys.mod.media.stdio.obj
 0001:00000bd0       ?writer_pos@RStreamWriter_FILE@stdio@media@modules@UModSys@@UAE_JXZ 00401bd0 f i umodsys_lib_libmedia:umodsys.mod.media.stdio.obj
 0001:00000bf0       ?writer_size@RStreamWriter_FILE@stdio@media@modules@UModSys@@UAE_JXZ 00401bf0 f i umodsys_lib_libmedia:umodsys.mod.media.stdio.obj
 0001:00000c20       ?writer_write@RStreamWriter_FILE@stdio@media@modules@UModSys@@UAE_NPBXI@Z 00401c20 f i umodsys_lib_libmedia:umodsys.mod.media.stdio.obj
 0001:00000ca0       ?writer_copy@RStreamWriter_FILE@stdio@media@modules@UModSys@@UAE_NPAUIStreamReader@libmedia@5@_J@Z 00401ca0 f i umodsys_lib_libmedia:umodsys.mod.media.stdio.obj
 0001:00000d70       ?writer_copy@RStreamWriter_FILE@stdio@media@modules@UModSys@@UAE_NPAUIStreamReader@libmedia@5@_J1@Z 00401d70 f i umodsys_lib_libmedia:umodsys.mod.media.stdio.obj
 0001:00000dc0       ?writer_close@RStreamWriter_FILE@stdio@media@modules@UModSys@@UAEXXZ 00401dc0 f i umodsys_lib_libmedia:umodsys.mod.media.stdio.obj
 0001:00000e00       ?writer_abort@RStreamWriter_FILE@stdio@media@modules@UModSys@@UAEXXZ 00401e00 f i umodsys_lib_libmedia:umodsys.mod.media.stdio.obj
 0001:00000e40       ??_ERStreamWriter_FILE@stdio@media@modules@UModSys@@UAEPAXI@Z 00401e40 f i  CIL library: CIL module
 0001:00000e40       ??_GRStreamWriter_FILE@stdio@media@modules@UModSys@@UAEPAXI@Z 00401e40 f i umodsys_lib_libmedia:umodsys.mod.media.stdio.obj
 0001:00000e60       ??1IStreamReader@libmedia@UModSys@@UAE@XZ 00401e60 f i umodsys_lib_libmedia:umodsys.mod.media.stdio.obj
 0001:00000e60       ??1IUtilities@libmedia@UModSys@@UAE@XZ 00401e60 f i umodsys_lib_libmedia:umodsys.mod.media.stdlib.obj
 0001:00000e60       ??1IStreamWriter@libmedia@UModSys@@UAE@XZ 00401e60 f i umodsys_lib_libmedia:umodsys.mod.media.stdio.obj
 0001:00000e70       ?root_get_interface_info@RDataArchiver_OsDir@stdio@media@modules@UModSys@@UBEABUSUniquePointerInfo@core@5@XZ 00401e70 f i umodsys_lib_libmedia:umodsys.mod.media.stdio.obj
 0001:00000e80       ?root_get_interface_type@RDataArchiver_OsDir@stdio@media@modules@UModSys@@UBEPBUSUniquePointerInfo@core@5@XZ 00401e80 f i umodsys_lib_libmedia:umodsys.mod.media.stdio.obj
 0001:00000e90       ?root_get_other_interface@RDataArchiver_OsDir@stdio@media@modules@UModSys@@UBEPBUIRoot@core@5@PBUSUniquePointerInfo@75@@Z 00401e90 f i umodsys_lib_libmedia:umodsys.mod.media.stdio.obj
 0001:00000e90       ?root_get_other_interface@RDataArchiver_OsDir@stdio@media@modules@UModSys@@UAEPAUIRoot@core@5@PBUSUniquePointerInfo@75@@Z 00401e90 f i umodsys_lib_libmedia:umodsys.mod.media.stdio.obj
 0001:00000ed0       ?root_is_interface_supported@RDataArchiver_OsDir@stdio@media@modules@UModSys@@UBE_NPBUSUniquePointerInfo@core@5@@Z 00401ed0 f i umodsys_lib_libmedia:umodsys.mod.media.stdio.obj
 0001:00000f10       ?ref_add@RLibraryObjCache@stdlib@media@modules@UModSys@@UBEXXZ 00401f10 f i umodsys_lib_libmedia:umodsys.mod.media.stdlib.obj
 0001:00000f10       ?ref_add@RLibraryLayered@stdlib@media@modules@UModSys@@UBEXXZ 00401f10 f i umodsys_lib_libmedia:umodsys.mod.media.stdlib.obj
 0001:00000f10       ?ref_add@RDataArchiver_OsDir@stdio@media@modules@UModSys@@UBEXXZ 00401f10 f i umodsys_lib_libmedia:umodsys.mod.media.stdio.obj
 0001:00000f10       ?ref_add@RLibraryBinTree@stdlib@media@modules@UModSys@@UBEXXZ 00401f10 f i umodsys_lib_libmedia:umodsys.mod.media.stdlib.obj
 0001:00000f10       ?ref_add@RLibraryBinCache@stdlib@media@modules@UModSys@@UBEXXZ 00401f10 f i umodsys_lib_libmedia:umodsys.mod.media.stdlib.obj
 0001:00000f10       ?ref_add@RLibraryObjFilter@stdlib@media@modules@UModSys@@UBEXXZ 00401f10 f i umodsys_lib_libmedia:umodsys.mod.media.stdlib.obj
 0001:00000f10       ?ref_add@RParameters@rsystem@base@UModSys@@UBEXXZ 00401f10 f i umodsys_lib_basesys:umodsys.basesys.rparameters.obj
 0001:00000f20       ?ref_links@RLibraryBinCache@stdlib@media@modules@UModSys@@UBEHXZ 00401f20 f i umodsys_lib_libmedia:umodsys.mod.media.stdlib.obj
 0001:00000f20       ?ref_links@RLibraryObjFilter@stdlib@media@modules@UModSys@@UBEHXZ 00401f20 f i umodsys_lib_libmedia:umodsys.mod.media.stdlib.obj
 0001:00000f20       ?ref_links@RDataArchiver_OsDir@stdio@media@modules@UModSys@@UBEHXZ 00401f20 f i umodsys_lib_libmedia:umodsys.mod.media.stdio.obj
 0001:00000f20       ?ref_links@RParameters@rsystem@base@UModSys@@UBEHXZ 00401f20 f i umodsys_lib_basesys:umodsys.basesys.rparameters.obj
 0001:00000f20       ?ref_links@RLibraryLayered@stdlib@media@modules@UModSys@@UBEHXZ 00401f20 f i umodsys_lib_libmedia:umodsys.mod.media.stdlib.obj
 0001:00000f20       ?ref_links@RLibraryBinTree@stdlib@media@modules@UModSys@@UBEHXZ 00401f20 f i umodsys_lib_libmedia:umodsys.mod.media.stdlib.obj
 0001:00000f20       ?ref_links@RLibraryObjCache@stdlib@media@modules@UModSys@@UBEHXZ 00401f20 f i umodsys_lib_libmedia:umodsys.mod.media.stdlib.obj
 0001:00000f30       ??0RDataArchiver_OsDir@stdio@media@modules@UModSys@@QAE@PAUIModObject@base@4@ABUSParameters@core@4@U?$TFlags4State@USMediaFlagUid@libmedia@UModSys@@I@tl@4@@Z 00401f30 f i umodsys_lib_libmedia:umodsys.mod.media.stdio.obj
 0001:00000fd0       ??1RDataArchiver_OsDir@stdio@media@modules@UModSys@@UAE@XZ 00401fd0 f i umodsys_lib_libmedia:umodsys.mod.media.stdio.obj
 0001:00001070       ?open@RDataArchiver_OsDir@stdio@media@modules@UModSys@@QAEXABUSParameters@core@5@@Z 00402070 f i umodsys_lib_libmedia:umodsys.mod.media.stdio.obj
 0001:00001140       ?get_flag@RDataArchiver_OsDir@stdio@media@modules@UModSys@@UBE?AW4eStates@?$TFlags4State@USMediaFlagUid@libmedia@UModSys@@I@tl@5@H@Z 00402140 f i umodsys_lib_libmedia:umodsys.mod.media.stdio.obj
 0001:00001160       ?get_flags_auto@RDataArchiver_OsDir@stdio@media@modules@UModSys@@UBE?AU?$TFlags4State@USMediaFlagUid@libmedia@UModSys@@I@tl@5@XZ 00402160 f i umodsys_lib_libmedia:umodsys.mod.media.stdio.obj
 0001:00001170       ?set_flag@RDataArchiver_OsDir@stdio@media@modules@UModSys@@UAE?AW4eStates@?$TFlags4State@USMediaFlagUid@libmedia@UModSys@@I@tl@5@HW46785@@Z 00402170 f i umodsys_lib_libmedia:umodsys.mod.media.stdio.obj
 0001:000011a0       ?data_load@RDataArchiver_OsDir@stdio@media@modules@UModSys@@UAE_NABU?$TString@U?$TSCoreConst@D@su@tl@UModSys@@U?$TComparerBinaryHash@D@234@@tl@5@AAUSCMemShared@core@5@ABUSFlags@libmedia@5@@Z 004021a0 f i umodsys_lib_libmedia:umodsys.mod.media.stdio.obj
 0001:000011e0       ?data_save@RDataArchiver_OsDir@stdio@media@modules@UModSys@@UAE_NABU?$TString@U?$TSCoreConst@D@su@tl@UModSys@@U?$TComparerBinaryHash@D@234@@tl@5@ABUSCMem@core@5@ABUSFlags@libmedia@5@@Z 004021e0 f i umodsys_lib_libmedia:umodsys.mod.media.stdio.obj
 0001:00001200       ?data_reader@RDataArchiver_OsDir@stdio@media@modules@UModSys@@UAE?AU?$TRefObject@UIStreamReader@libmedia@UModSys@@U?$TRefObjectFunc@UIStreamReader@libmedia@UModSys@@@tl@3@@tl@5@ABU?$TString@U?$TSCoreConst@D@su@tl@UModSys@@U?$TComparerBinaryHash@D@234@@75@ABUSFlags@libmedia@5@@Z 00402200 f i umodsys_lib_libmedia:umodsys.mod.media.stdio.obj
 0001:00001370       ?data_writer@RDataArchiver_OsDir@stdio@media@modules@UModSys@@UAE?AU?$TRefObject@UIStreamWriter@libmedia@UModSys@@U?$TRefObjectFunc@UIStreamWriter@libmedia@UModSys@@@tl@3@@tl@5@ABU?$TString@U?$TSCoreConst@D@su@tl@UModSys@@U?$TComparerBinaryHash@D@234@@75@ABUSFlags@libmedia@5@@Z 00402370 f i umodsys_lib_libmedia:umodsys.mod.media.stdio.obj
 0001:00001500       ?data_list@RDataArchiver_OsDir@stdio@media@modules@UModSys@@UAE_NABU?$TString@U?$TSCoreConst@D@su@tl@UModSys@@U?$TComparerBinaryHash@D@234@@tl@5@AAU?$TIStackSocket@USFileInfo@libmedia@UModSys@@@75@ABUSFlags@libmedia@5@@Z 00402500 f i umodsys_lib_libmedia:umodsys.mod.media.stdio.obj
 0001:00001550       ?get_permissions@RDataArchiver_OsDir@stdio@media@modules@UModSys@@UAEHXZ 00402550 f i umodsys_lib_libmedia:umodsys.mod.media.stdio.obj
 0001:00001560       ??_GRDataArchiver_OsDir@stdio@media@modules@UModSys@@UAEPAXI@Z 00402560 f i umodsys_lib_libmedia:umodsys.mod.media.stdio.obj
 0001:00001560       ??_ERDataArchiver_OsDir@stdio@media@modules@UModSys@@UAEPAXI@Z 00402560 f i  CIL library: CIL module
 0001:00001580       ?get_generated_names@RGenerator@stdio@media@modules@UModSys@@UBEHAAUSUniquePtrList@core@5@@Z 00402580 f i umodsys_lib_libmedia:umodsys.mod.media.stdio.obj
 0001:000015c0       ?get_generated_types@RGenerator@stdio@media@modules@UModSys@@UBEHAAUSUniquePtrList@core@5@PBUSUniquePointerInfo@75@@Z 004025c0 f i umodsys_lib_libmedia:umodsys.mod.media.stdio.obj
 0001:00001650       ?generate@RGenerator@stdio@media@modules@UModSys@@UAE_NAAU?$TRefObject@UIRefObject@core@UModSys@@U?$TRefObjectFunc@UIRefObject@core@UModSys@@@tl@3@@tl@5@PBUSUniquePointerInfo@core@5@ABUSParameters@95@@Z 00402650 f i umodsys_lib_libmedia:umodsys.mod.media.stdio.obj
 0001:000016b0       ?root_get_interface_info@RGenerator@stdio@media@modules@UModSys@@UBEABUSUniquePointerInfo@core@5@XZ 004026b0 f i umodsys_lib_libmedia:umodsys.mod.media.stdio.obj
 0001:000016c0       ?root_get_interface_type@RGenerator@stdio@media@modules@UModSys@@UBEPBUSUniquePointerInfo@core@5@XZ 004026c0 f i umodsys_lib_libmedia:umodsys.mod.media.stdio.obj
 0001:000016d0       ?root_get_other_interface@RGenerator@stdio@media@modules@UModSys@@UAEPAUIRoot@core@5@PBUSUniquePointerInfo@75@@Z 004026d0 f i umodsys_lib_libmedia:umodsys.mod.media.stdio.obj
 0001:000016d0       ?root_get_other_interface@RGenerator@stdio@media@modules@UModSys@@UBEPBUIRoot@core@5@PBUSUniquePointerInfo@75@@Z 004026d0 f i umodsys_lib_libmedia:umodsys.mod.media.stdio.obj
 0001:00001710       ?root_is_interface_supported@RGenerator@stdio@media@modules@UModSys@@UBE_NPBUSUniquePointerInfo@core@5@@Z 00402710 f i umodsys_lib_libmedia:umodsys.mod.media.stdio.obj
 0001:00001750       ?ref_add@RGenerator@stdlib@media@modules@UModSys@@UBEXXZ 00402750 f i umodsys_lib_libmedia:umodsys.mod.media.stdlib.obj
 0001:00001750       ?ref_add@RStreamWriter_FILE@stdio@media@modules@UModSys@@UBEXXZ 00402750 f i umodsys_lib_libmedia:umodsys.mod.media.stdio.obj
 0001:00001750       ?ref_add@RStreamReader_FILE@stdio@media@modules@UModSys@@UBEXXZ 00402750 f i umodsys_lib_libmedia:umodsys.mod.media.stdio.obj
 0001:00001750       ?ref_add@RGenerator@stdio@media@modules@UModSys@@UBEXXZ 00402750 f i umodsys_lib_libmedia:umodsys.mod.media.stdio.obj
 0001:00001750       ?ref_add@RUtilities@stdlib@media@modules@UModSys@@UBEXXZ 00402750 f i umodsys_lib_libmedia:umodsys.mod.media.stdlib.obj
 0001:00001760       ?get_uid@RGenerator@stdio@media@modules@UModSys@@UBEPBUSUniquePointerInfo@core@5@XZ 00402760 f i umodsys_lib_libmedia:umodsys.mod.media.stdio.obj
 0001:00001770       ?do_open@RModuleReg@stdio@media@modules@UModSys@@UAE_NXZ 00402770 f i umodsys_lib_libmedia:umodsys.mod.media.stdio.obj
 0001:00001780       ?do_close@RModuleReg@stdio@media@modules@UModSys@@UAE_NXZ 00402780 f i umodsys_lib_libmedia:umodsys.mod.media.stdio.obj
 0001:00001790       ??_GRModuleReg@stdio@media@modules@UModSys@@UAEPAXI@Z 00402790 f i umodsys_lib_libmedia:umodsys.mod.media.stdio.obj
 0001:00001790       ??_ERModuleReg@stdio@media@modules@UModSys@@UAEPAXI@Z 00402790 f i  CIL library: CIL module
 0001:000017c0       ??1?$TRefObject@URLibraryLayered@stdlib@media@modules@UModSys@@U?$TRefObjectFunc@URLibraryLayered@stdlib@media@modules@UModSys@@@tl@5@@tl@UModSys@@QAE@XZ 004027c0 f i umodsys_lib_libmedia:umodsys.mod.media.stdlib.obj
 0001:000017c0       ??1?$TRefObject@URLibraryObjFilter@stdlib@media@modules@UModSys@@U?$TRefObjectFunc@URLibraryObjFilter@stdlib@media@modules@UModSys@@@tl@5@@tl@UModSys@@QAE@XZ 004027c0 f i umodsys_lib_libmedia:umodsys.mod.media.stdlib.obj
 0001:000017c0       ??1?$TRefObject@UIShell@base@UModSys@@U?$TRefObjectFunc@UIShell@base@UModSys@@@tl@3@@tl@UModSys@@QAE@XZ 004027c0 f i umodsys_lib_basesys:umodsys.basesys.rsystem_tests.obj
 0001:000017c0       ??1?$TRefObject@UIStreamWriter@libmedia@UModSys@@U?$TRefObjectFunc@UIStreamWriter@libmedia@UModSys@@@tl@3@@tl@UModSys@@QAE@XZ 004027c0 f i umodsys_lib_libmedia:umodsys.mod.media.stdio.obj
 0001:000017c0       ??1?$TRefObject@URLibraryBinTree@stdlib@media@modules@UModSys@@U?$TRefObjectFunc@URLibraryBinTree@stdlib@media@modules@UModSys@@@tl@5@@tl@UModSys@@QAE@XZ 004027c0 f i umodsys_lib_libmedia:umodsys.mod.media.stdlib.obj
 0001:000017c0       ??1?$TRefObject@URModuleLibrarySO@rsystem@base@UModSys@@U?$TRefObjectFunc@URModuleLibrarySO@rsystem@base@UModSys@@@tl@4@@tl@UModSys@@QAE@XZ 004027c0 f i umodsys_lib_basesys:umodsys.basesys.rmoduleloader.obj
 0001:000017c0       ??1?$TRefObject@URParameters@rsystem@base@UModSys@@U?$TRefObjectFunc@URParameters@rsystem@base@UModSys@@@tl@4@@tl@UModSys@@QAE@XZ 004027c0 f i umodsys_lib_basesys:umodsys.basesys.rsystem_main.obj
 0001:000017c0       ??1?$TRefObject@UIBinObjFilter@libmedia@UModSys@@U?$TRefObjectFunc@UIBinObjFilter@libmedia@UModSys@@@tl@3@@tl@UModSys@@QAE@XZ 004027c0 f i umodsys_lib_libmedia:umodsys.mod.media.stdlib.obj
 0001:000017c0       ??1?$TRefObject@UIStreamReader@libmedia@UModSys@@U?$TRefObjectFunc@UIStreamReader@libmedia@UModSys@@@tl@3@@tl@UModSys@@QAE@XZ 004027c0 f i umodsys_lib_libmedia:umodsys.mod.media.stdio.obj
 0001:000017c0       ??1?$TRefObject@URUtilities@stdlib@media@modules@UModSys@@U?$TRefObjectFunc@URUtilities@stdlib@media@modules@UModSys@@@tl@5@@tl@UModSys@@QAE@XZ 004027c0 f i umodsys_lib_libmedia:umodsys.mod.media.stdlib.obj
 0001:000017c0       ??1SFilter@RLibraryObjFilter@stdlib@media@modules@UModSys@@QAE@XZ 004027c0 f i umodsys_lib_libmedia:umodsys.mod.media.stdlib.obj
 0001:000017c0       ??1?$TRefObject@URStreamWriter_FILE@stdio@media@modules@UModSys@@U?$TRefObjectFunc@URStreamWriter_FILE@stdio@media@modules@UModSys@@@tl@5@@tl@UModSys@@QAE@XZ 004027c0 f i umodsys_lib_libmedia:umodsys.mod.media.stdio.obj
 0001:000017c0       ??1?$TRefObject@UIClient@IBinArchiveFrame@libmedia@UModSys@@U?$TRefObjectFunc@UIClient@IBinArchiveFrame@libmedia@UModSys@@@tl@4@@tl@UModSys@@QAE@XZ 004027c0 f i umodsys_lib_libmedia:umodsys.mod.media.stdlib.obj
 0001:000017c0       ??1?$TRefObject@URDataArchiver_OsDir@stdio@media@modules@UModSys@@U?$TRefObjectFunc@URDataArchiver_OsDir@stdio@media@modules@UModSys@@@tl@5@@tl@UModSys@@QAE@XZ 004027c0 f i umodsys_lib_libmedia:umodsys.mod.media.stdio.obj
 0001:000017c0       ??1?$TRefObject@URStreamReader_FILE@stdio@media@modules@UModSys@@U?$TRefObjectFunc@URStreamReader_FILE@stdio@media@modules@UModSys@@@tl@5@@tl@UModSys@@QAE@XZ 004027c0 f i umodsys_lib_libmedia:umodsys.mod.media.stdio.obj
 0001:000017c0       ??1?$TRefObject@UIBinArchive@libmedia@UModSys@@U?$TRefObjectFunc@UIBinArchive@libmedia@UModSys@@@tl@3@@tl@UModSys@@QAE@XZ 004027c0 f i umodsys_lib_libmedia:umodsys.mod.media.stdlib.obj
 0001:000017c0       ??1?$TRefObject@URLibraryBinCache@stdlib@media@modules@UModSys@@U?$TRefObjectFunc@URLibraryBinCache@stdlib@media@modules@UModSys@@@tl@5@@tl@UModSys@@QAE@XZ 004027c0 f i umodsys_lib_libmedia:umodsys.mod.media.stdlib.obj
 0001:000017c0       ??1?$TRefObject@UIRefObject@core@UModSys@@U?$TRefObjectFunc@UIRefObject@core@UModSys@@@tl@3@@tl@UModSys@@QAE@XZ 004027c0 f i umodsys_lib_libmedia:umodsys.mod.media.stdlib.obj
 0001:000017c0       ??1?$TRefObject@URLibraryObjCache@stdlib@media@modules@UModSys@@U?$TRefObjectFunc@URLibraryObjCache@stdlib@media@modules@UModSys@@@tl@5@@tl@UModSys@@QAE@XZ 004027c0 f i umodsys_lib_libmedia:umodsys.mod.media.stdlib.obj
 0001:000017c0       ??1?$TRefObject@UILibrary@libmedia@UModSys@@U?$TRefObjectFunc@UILibrary@libmedia@UModSys@@@tl@3@@tl@UModSys@@QAE@XZ 004027c0 f i umodsys_lib_libmedia:umodsys.mod.media.stdlib.obj
 0001:000017c0       ??1?$TRefObject@UIModuleLibraryUni@rsystem@base@UModSys@@U?$TRefObjectFunc@UIModuleLibraryUni@rsystem@base@UModSys@@@tl@4@@tl@UModSys@@QAE@XZ 004027c0 f i umodsys_lib_basesys:umodsys.basesys.rmodule.obj
 0001:000017c0       ??1?$TRefObject@URBinArchiveFrame@stdlib@media@modules@UModSys@@U?$TRefObjectFunc@URBinArchiveFrame@stdlib@media@modules@UModSys@@@tl@5@@tl@UModSys@@QAE@XZ 004027c0 f i umodsys_lib_libmedia:umodsys.mod.media.stdlib.obj
 0001:000017e0       ??1?$TString@U?$TSCoreShared@USIMemAlloc@core@UModSys@@D@su@tl@UModSys@@U?$TComparerBinaryHash@D@234@@tl@UModSys@@QAE@XZ 004027e0 f i umodsys_lib_libmedia:umodsys.mod.media.stdio.obj
 0001:000017e0       ??1?$TSCoreShared@USIMemAlloc@core@UModSys@@D@su@tl@UModSys@@QAE@XZ 004027e0 f i umodsys_lib_libmedia:umodsys.mod.media.stdio.obj
 0001:00001820       ??_EIRefObject@core@UModSys@@UAEPAXI@Z 00402820 f i  CIL library: CIL module
 0001:00001820       ??_ERGenerator@stdlib@media@modules@UModSys@@UAEPAXI@Z 00402820 f i  CIL library: CIL module
 0001:00001820       ??_GIRefObject@core@UModSys@@UAEPAXI@Z 00402820 f i umodsys_lib_libmedia:umodsys.mod.media.stdio.obj
 0001:00001820       ??_GRGenerator@stdio@media@modules@UModSys@@UAEPAXI@Z 00402820 f i umodsys_lib_libmedia:umodsys.mod.media.stdio.obj
 0001:00001820       ??_ERGenerator@stdio@media@modules@UModSys@@UAEPAXI@Z 00402820 f i  CIL library: CIL module
 0001:00001820       ??_GRGenerator@stdlib@media@modules@UModSys@@UAEPAXI@Z 00402820 f i umodsys_lib_libmedia:umodsys.mod.media.stdlib.obj
 0001:00001840       ?info_new@?$TSCoreShared@USIMemAlloc@core@UModSys@@D@su@tl@UModSys@@QAE_NPBDI@Z 00402840 f i umodsys_lib_libmedia:umodsys.mod.media.stdio.obj
 0001:000018d0       ??$t_types@URDataArchiver_OsDir@stdio@media@modules@UModSys@@@IGenerator@base@UModSys@@KA_NAAHAAUSUniquePtrList@core@2@PBUSUniquePointerInfo@42@@Z 004028d0 f i umodsys_lib_libmedia:umodsys.mod.media.stdio.obj
 0001:00001920       ??$t_gen_param@URStreamReader_FILE@stdio@media@modules@UModSys@@URGenerator@2345@@IGenerator@base@UModSys@@IAE_NPAURGenerator@stdio@media@modules@2@AAU?$TRefObject@UIRefObject@core@UModSys@@U?$TRefObjectFunc@UIRefObject@core@UModSys@@@tl@3@@tl@2@PBUSUniquePointerInfo@core@2@ABUSParameters@core@2@@Z 00402920 f i umodsys_lib_libmedia:umodsys.mod.media.stdio.obj
 0001:000019a0       ??$t_gen_param@URStreamWriter_FILE@stdio@media@modules@UModSys@@URGenerator@2345@@IGenerator@base@UModSys@@IAE_NPAURGenerator@stdio@media@modules@2@AAU?$TRefObject@UIRefObject@core@UModSys@@U?$TRefObjectFunc@UIRefObject@core@UModSys@@@tl@3@@tl@2@PBUSUniquePointerInfo@core@2@ABUSParameters@core@2@@Z 004029a0 f i umodsys_lib_libmedia:umodsys.mod.media.stdio.obj
 0001:00001a10       ??$t_gen_param@URDataArchiver_OsDir@stdio@media@modules@UModSys@@URGenerator@2345@@IGenerator@base@UModSys@@IAE_NPAURGenerator@stdio@media@modules@2@AAU?$TRefObject@UIRefObject@core@UModSys@@U?$TRefObjectFunc@UIRefObject@core@UModSys@@@tl@3@@tl@2@PBUSUniquePointerInfo@core@2@ABUSParameters@core@2@@Z 00402a10 f i umodsys_lib_libmedia:umodsys.mod.media.stdio.obj
 0001:00001a80       ??1?$TRefObject@UIModObject@base@UModSys@@U?$TModObjectFunc@UIModObject@base@UModSys@@@tl@3@@tl@UModSys@@QAE@XZ 00402a80 f i umodsys_lib_libmedia:umodsys.mod.media.stdio.obj
 0001:00001aa0       ??$is_flag@U?$TFlags4StateShift@USMediaFlagUid@libmedia@UModSys@@I$09@tl@UModSys@@@SFlags@libmedia@UModSys@@QBE_NPBUIResolverAuto@012@W4eStates@?$TFlags4State@USMediaFlagUid@libmedia@UModSys@@I@tl@2@@Z 00402aa0 f i umodsys_lib_libmedia:umodsys.mod.media.stdio.obj
 0001:00001b00       ??$ValidateConstruction@UIRefObject@core@UModSys@@URStreamReader_FILE@stdio@media@modules@3@@core@UModSys@@YA_NAAU?$TRefObject@UIRefObject@core@UModSys@@U?$TRefObjectFunc@UIRefObject@core@UModSys@@@tl@3@@tl@1@PAURStreamReader_FILE@stdio@media@modules@1@@Z 00402b00 f i umodsys_lib_libmedia:umodsys.mod.media.stdio.obj
 0001:00001b00       ??$ValidateConstruction@UIStreamReader@libmedia@UModSys@@URStreamReader_FILE@stdio@media@modules@3@@core@UModSys@@YA_NAAU?$TRefObject@UIStreamReader@libmedia@UModSys@@U?$TRefObjectFunc@UIStreamReader@libmedia@UModSys@@@tl@3@@tl@1@PAURStreamReader_FILE@stdio@media@modules@1@@Z 00402b00 f i umodsys_lib_libmedia:umodsys.mod.media.stdio.obj
 0001:00001b90       ??$ValidateConstruction@UIStreamWriter@libmedia@UModSys@@URStreamWriter_FILE@stdio@media@modules@3@@core@UModSys@@YA_NAAU?$TRefObject@UIStreamWriter@libmedia@UModSys@@U?$TRefObjectFunc@UIStreamWriter@libmedia@UModSys@@@tl@3@@tl@1@PAURStreamWriter_FILE@stdio@media@modules@1@@Z 00402b90 f i umodsys_lib_libmedia:umodsys.mod.media.stdio.obj
 0001:00001b90       ??$ValidateConstruction@UIRefObject@core@UModSys@@URStreamWriter_FILE@stdio@media@modules@3@@core@UModSys@@YA_NAAU?$TRefObject@UIRefObject@core@UModSys@@U?$TRefObjectFunc@UIRefObject@core@UModSys@@@tl@3@@tl@1@PAURStreamWriter_FILE@stdio@media@modules@1@@Z 00402b90 f i umodsys_lib_libmedia:umodsys.mod.media.stdio.obj
 0001:00001c20       ??$ValidateConstruction@UIRefObject@core@UModSys@@URLibraryObjFilter@stdlib@media@modules@3@@core@UModSys@@YA_NAAU?$TRefObject@UIRefObject@core@UModSys@@U?$TRefObjectFunc@UIRefObject@core@UModSys@@@tl@3@@tl@1@PAURLibraryObjFilter@stdlib@media@modules@1@@Z 00402c20 f i umodsys_lib_libmedia:umodsys.mod.media.stdlib.obj
 0001:00001c20       ??$ValidateConstruction@UIRefObject@core@UModSys@@URUtilities@stdlib@media@modules@3@@core@UModSys@@YA_NAAU?$TRefObject@UIRefObject@core@UModSys@@U?$TRefObjectFunc@UIRefObject@core@UModSys@@@tl@3@@tl@1@PAURUtilities@stdlib@media@modules@1@@Z 00402c20 f i umodsys_lib_libmedia:umodsys.mod.media.stdlib.obj
 0001:00001c20       ??$ValidateConstruction@UIRefObject@core@UModSys@@URDataArchiver_OsDir@stdio@media@modules@3@@core@UModSys@@YA_NAAU?$TRefObject@UIRefObject@core@UModSys@@U?$TRefObjectFunc@UIRefObject@core@UModSys@@@tl@3@@tl@1@PAURDataArchiver_OsDir@stdio@media@modules@1@@Z 00402c20 f i umodsys_lib_libmedia:umodsys.mod.media.stdio.obj
 0001:00001c20       ??$ValidateConstruction@UIRefObject@core@UModSys@@URLibraryLayered@stdlib@media@modules@3@@core@UModSys@@YA_NAAU?$TRefObject@UIRefObject@core@UModSys@@U?$TRefObjectFunc@UIRefObject@core@UModSys@@@tl@3@@tl@1@PAURLibraryLayered@stdlib@media@modules@1@@Z 00402c20 f i umodsys_lib_libmedia:umodsys.mod.media.stdlib.obj
 0001:00001c20       ??$ValidateConstruction@UIRefObject@core@UModSys@@URLibraryObjCache@stdlib@media@modules@3@@core@UModSys@@YA_NAAU?$TRefObject@UIRefObject@core@UModSys@@U?$TRefObjectFunc@UIRefObject@core@UModSys@@@tl@3@@tl@1@PAURLibraryObjCache@stdlib@media@modules@1@@Z 00402c20 f i umodsys_lib_libmedia:umodsys.mod.media.stdlib.obj
 0001:00001c20       ??$ValidateConstruction@UIRefObject@core@UModSys@@URLibraryBinTree@stdlib@media@modules@3@@core@UModSys@@YA_NAAU?$TRefObject@UIRefObject@core@UModSys@@U?$TRefObjectFunc@UIRefObject@core@UModSys@@@tl@3@@tl@1@PAURLibraryBinTree@stdlib@media@modules@1@@Z 00402c20 f i umodsys_lib_libmedia:umodsys.mod.media.stdlib.obj
 0001:00001c20       ??$ValidateConstruction@UIRefObject@core@UModSys@@URLibraryBinCache@stdlib@media@modules@3@@core@UModSys@@YA_NAAU?$TRefObject@UIRefObject@core@UModSys@@U?$TRefObjectFunc@UIRefObject@core@UModSys@@@tl@3@@tl@1@PAURLibraryBinCache@stdlib@media@modules@1@@Z 00402c20 f i umodsys_lib_libmedia:umodsys.mod.media.stdlib.obj
 0001:00001ca0       ?s_set@?$TRefObjectFunc@UIRefObject@core@UModSys@@@tl@UModSys@@SAXAAPAUIRefObject@core@3@PAU453@@Z 00402ca0 f i umodsys_lib_libmedia:umodsys.mod.media.stdio.obj
 0001:00001cc0       ?alloc@SMemShared@core@UModSys@@QAE_NABUSCMem@23@PAUSSourceContext@23@@Z 00402cc0 f i umodsys_lib_libmedia:umodsys.mod.media.stdlib.obj
 0001:00001d20       ??BSMemShared@core@UModSys@@QBE?AUSMem@12@XZ 00402d20 f i umodsys_lib_libmedia:umodsys.mod.media.stdlib.obj
 0001:00001d70       ??1SInfo@IBinObjFilter@libmedia@UModSys@@QAE@XZ 00402d70 f i umodsys_lib_libmedia:umodsys.mod.media.stdlib.obj
 0001:00001d70       ??1SCMemShared@core@UModSys@@QAE@XZ 00402d70 f i umodsys_lib_libmedia:umodsys.mod.media.stdlib.obj
 0001:00001d70       ??1SMemShared@core@UModSys@@QAE@XZ 00402d70 f i umodsys_lib_libmedia:umodsys.mod.media.stdio.obj
 0001:00001d90       ??1SFileInfo@libmedia@UModSys@@QAE@XZ 00402d90 f i umodsys_lib_libmedia:umodsys.mod.media.stdlib.obj
 0001:00001e40       ?get_flag@RResolverChain@SFlagsChain@libmedia@UModSys@@UBE?AW4eStates@?$TFlags4State@USMediaFlagUid@libmedia@UModSys@@I@tl@4@H@Z 00402e40 f i umodsys_lib_libmedia:umodsys.mod.media.stdlib.obj
 0001:00001e80       ?bin_reader@ILibrary@libmedia@UModSys@@QAE?AU?$TRefObject@UIStreamReader@libmedia@UModSys@@U?$TRefObjectFunc@UIStreamReader@libmedia@UModSys@@@tl@3@@tl@3@ABU?$TString@U?$TSCoreConst@D@su@tl@UModSys@@U?$TComparerBinaryHash@D@234@@53@ABU?$TFlags4State@USMediaFlagUid@libmedia@UModSys@@I@53@@Z 00402e80 f i umodsys_lib_libmedia:umodsys.mod.media.stdlib.obj
 0001:00001ec0       ?bin_writer@ILibrary@libmedia@UModSys@@QAE?AU?$TRefObject@UIStreamWriter@libmedia@UModSys@@U?$TRefObjectFunc@UIStreamWriter@libmedia@UModSys@@@tl@3@@tl@3@ABU?$TString@U?$TSCoreConst@D@su@tl@UModSys@@U?$TComparerBinaryHash@D@234@@53@ABU?$TFlags4State@USMediaFlagUid@libmedia@UModSys@@I@53@@Z 00402ec0 f i umodsys_lib_libmedia:umodsys.mod.media.stdlib.obj
 0001:00001f00       ??1SPoint@ILibraryBinTree@libmedia@UModSys@@QAE@XZ 00402f00 f i umodsys_lib_libmedia:umodsys.mod.media.stdlib.obj
 0001:00001f00       ??1SLayer@ILibraryLayered@libmedia@UModSys@@QAE@XZ 00402f00 f i umodsys_lib_libmedia:umodsys.mod.media.stdlib.obj
 0001:00001f20       ?setname@NameNode@IBinArchiveFrame@libmedia@UModSys@@QAEXPAXHABU?$TString@U?$TSCoreConst@D@su@tl@UModSys@@U?$TComparerBinaryHash@D@234@@tl@4@@Z 00402f20 f i umodsys_lib_libmedia:umodsys.mod.media.stdlib.obj
 0001:00001f70       ?setname@NameNode@IBinArchiveFrame@libmedia@UModSys@@QAEXPAXHABU?$TString@U?$TSCoreConst@D@su@tl@UModSys@@U?$TComparerUtfNocaseHash@D@234@@tl@4@@Z 00402f70 f i umodsys_lib_libmedia:umodsys.mod.media.stdlib.obj
 0001:00001fc0       ?root_get_interface_info@RUtilities@stdlib@media@modules@UModSys@@UBEABUSUniquePointerInfo@core@5@XZ 00402fc0 f i umodsys_lib_libmedia:umodsys.mod.media.stdlib.obj
 0001:00001fd0       ?root_get_interface_type@RUtilities@stdlib@media@modules@UModSys@@UBEPBUSUniquePointerInfo@core@5@XZ 00402fd0 f i umodsys_lib_libmedia:umodsys.mod.media.stdlib.obj
 0001:00001fe0       ?root_get_other_interface@RUtilities@stdlib@media@modules@UModSys@@UBEPBUIRoot@core@5@PBUSUniquePointerInfo@75@@Z 00402fe0 f i umodsys_lib_libmedia:umodsys.mod.media.stdlib.obj
 0001:00001fe0       ?root_get_other_interface@RUtilities@stdlib@media@modules@UModSys@@UAEPAUIRoot@core@5@PBUSUniquePointerInfo@75@@Z 00402fe0 f i umodsys_lib_libmedia:umodsys.mod.media.stdlib.obj
 0001:00002010       ?root_is_interface_supported@RUtilities@stdlib@media@modules@UModSys@@UBE_NPBUSUniquePointerInfo@core@5@@Z 00403010 f i umodsys_lib_libmedia:umodsys.mod.media.stdlib.obj
 0001:00002050       ?root_get_interface_info@RBinArchiveFrame@stdlib@media@modules@UModSys@@UBEABUSUniquePointerInfo@core@5@XZ 00403050 f i umodsys_lib_libmedia:umodsys.mod.media.stdlib.obj
 0001:00002060       ?root_get_interface_type@RBinArchiveFrame@stdlib@media@modules@UModSys@@UBEPBUSUniquePointerInfo@core@5@XZ 00403060 f i umodsys_lib_libmedia:umodsys.mod.media.stdlib.obj
 0001:00002070       ?root_get_other_interface@RBinArchiveFrame@stdlib@media@modules@UModSys@@UAEPAUIRoot@core@5@PBUSUniquePointerInfo@75@@Z 00403070 f i umodsys_lib_libmedia:umodsys.mod.media.stdlib.obj
 0001:00002070       ?root_get_other_interface@RBinArchiveFrame@stdlib@media@modules@UModSys@@UBEPBUIRoot@core@5@PBUSUniquePointerInfo@75@@Z 00403070 f i umodsys_lib_libmedia:umodsys.mod.media.stdlib.obj
 0001:000020b0       ?root_is_interface_supported@RBinArchiveFrame@stdlib@media@modules@UModSys@@UBE_NPBUSUniquePointerInfo@core@5@@Z 004030b0 f i umodsys_lib_libmedia:umodsys.mod.media.stdlib.obj
 0001:00002100       ?ref_add@RBinArchiveFrame@stdlib@media@modules@UModSys@@UBEXXZ 00403100 f i umodsys_lib_libmedia:umodsys.mod.media.stdlib.obj
 0001:00002110       ?ref_remove@RBinArchiveFrame@stdlib@media@modules@UModSys@@UBEXXZ 00403110 f i umodsys_lib_libmedia:umodsys.mod.media.stdlib.obj
 0001:00002120       ?ref_links@RBinArchiveFrame@stdlib@media@modules@UModSys@@UBEHXZ 00403120 f i umodsys_lib_libmedia:umodsys.mod.media.stdlib.obj
 0001:00002130       ?ref_weak@RBinArchiveFrame@stdlib@media@modules@UModSys@@UBE_NAAUWeakPointer@IRefObject@core@5@@Z 00403130 f i umodsys_lib_libmedia:umodsys.mod.media.stdlib.obj
 0001:00002150       ?suicide@RBinArchiveFrame@stdlib@media@modules@UModSys@@UAEXXZ 00403150 f i umodsys_lib_libmedia:umodsys.mod.media.stdlib.obj
 0001:00002160       ?root_get_interface_info@RLibraryBinTree@stdlib@media@modules@UModSys@@UBEABUSUniquePointerInfo@core@5@XZ 00403160 f i umodsys_lib_libmedia:umodsys.mod.media.stdlib.obj
 0001:00002170       ?root_get_interface_type@RLibraryBinTree@stdlib@media@modules@UModSys@@UBEPBUSUniquePointerInfo@core@5@XZ 00403170 f i umodsys_lib_libmedia:umodsys.mod.media.stdlib.obj
 0001:00002180       ?root_get_other_interface@RLibraryBinTree@stdlib@media@modules@UModSys@@UAEPAUIRoot@core@5@PBUSUniquePointerInfo@75@@Z 00403180 f i umodsys_lib_libmedia:umodsys.mod.media.stdlib.obj
 0001:00002180       ?root_get_other_interface@RLibraryBinTree@stdlib@media@modules@UModSys@@UBEPBUIRoot@core@5@PBUSUniquePointerInfo@75@@Z 00403180 f i umodsys_lib_libmedia:umodsys.mod.media.stdlib.obj
 0001:000021c0       ?root_is_interface_supported@RLibraryBinTree@stdlib@media@modules@UModSys@@UBE_NPBUSUniquePointerInfo@core@5@@Z 004031c0 f i umodsys_lib_libmedia:umodsys.mod.media.stdlib.obj
 0001:00002210       ?ref_weak@RLibraryObjCache@stdlib@media@modules@UModSys@@UBE_NAAUWeakPointer@IRefObject@core@5@@Z 00403210 f i umodsys_lib_libmedia:umodsys.mod.media.stdlib.obj
 0001:00002210       ?ref_weak@RParameters@rsystem@base@UModSys@@UBE_NAAUWeakPointer@IRefObject@core@4@@Z 00403210 f i umodsys_lib_basesys:umodsys.basesys.rparameters.obj
 0001:00002210       ?ref_weak@RLibraryBinTree@stdlib@media@modules@UModSys@@UBE_NAAUWeakPointer@IRefObject@core@5@@Z 00403210 f i umodsys_lib_libmedia:umodsys.mod.media.stdlib.obj
 0001:00002210       ?ref_weak@RLibraryLayered@stdlib@media@modules@UModSys@@UBE_NAAUWeakPointer@IRefObject@core@5@@Z 00403210 f i umodsys_lib_libmedia:umodsys.mod.media.stdlib.obj
 0001:00002210       ?ref_weak@RLibraryObjFilter@stdlib@media@modules@UModSys@@UBE_NAAUWeakPointer@IRefObject@core@5@@Z 00403210 f i umodsys_lib_libmedia:umodsys.mod.media.stdlib.obj
 0001:00002210       ?ref_weak@RDataArchiver_OsDir@stdio@media@modules@UModSys@@UBE_NAAUWeakPointer@IRefObject@core@5@@Z 00403210 f i umodsys_lib_libmedia:umodsys.mod.media.stdio.obj
 0001:00002210       ?ref_weak@RLibraryBinCache@stdlib@media@modules@UModSys@@UBE_NAAUWeakPointer@IRefObject@core@5@@Z 00403210 f i umodsys_lib_libmedia:umodsys.mod.media.stdlib.obj
 0001:00002230       ?_root_get_interface_types@RLibraryBinCache@stdlib@media@modules@UModSys@@SAIAAUSUniquePtrList@core@5@@Z 00403230 f i umodsys_lib_libmedia:umodsys.mod.media.stdlib.obj
 0001:00002280       ?root_get_interface_info@RLibraryBinCache@stdlib@media@modules@UModSys@@UBEABUSUniquePointerInfo@core@5@XZ 00403280 f i umodsys_lib_libmedia:umodsys.mod.media.stdlib.obj
 0001:00002290       ?root_get_interface_type@RLibraryBinCache@stdlib@media@modules@UModSys@@UBEPBUSUniquePointerInfo@core@5@XZ 00403290 f i umodsys_lib_libmedia:umodsys.mod.media.stdlib.obj
 0001:000022a0       ?root_get_other_interface@RLibraryBinCache@stdlib@media@modules@UModSys@@UAEPAUIRoot@core@5@PBUSUniquePointerInfo@75@@Z 004032a0 f i umodsys_lib_libmedia:umodsys.mod.media.stdlib.obj
 0001:000022a0       ?root_get_other_interface@RLibraryBinCache@stdlib@media@modules@UModSys@@UBEPBUIRoot@core@5@PBUSUniquePointerInfo@75@@Z 004032a0 f i umodsys_lib_libmedia:umodsys.mod.media.stdlib.obj
 0001:000022e0       ?root_is_interface_supported@RLibraryBinCache@stdlib@media@modules@UModSys@@UBE_NPBUSUniquePointerInfo@core@5@@Z 004032e0 f i umodsys_lib_libmedia:umodsys.mod.media.stdlib.obj
 0001:00002330       ??0RLibraryBinCache@stdlib@media@modules@UModSys@@QAE@PAUIModObject@base@4@ABUSParameters@core@4@U?$TFlags4State@USMediaFlagUid@libmedia@UModSys@@I@tl@4@@Z 00403330 f i umodsys_lib_libmedia:umodsys.mod.media.stdlib.obj
 0001:000023c0       ??1RLibraryBinCache@stdlib@media@modules@UModSys@@UAE@XZ 004033c0 f i umodsys_lib_libmedia:umodsys.mod.media.stdlib.obj
 0001:00002440       ?get_flags_auto@RLibraryBinCache@stdlib@media@modules@UModSys@@UBE?AU?$TFlags4State@USMediaFlagUid@libmedia@UModSys@@I@tl@5@XZ 00403440 f i umodsys_lib_libmedia:umodsys.mod.media.stdlib.obj
 0001:00002450       ?bin_reader@RLibraryBinCache@stdlib@media@modules@UModSys@@UAE?AU?$TRefObject@UIStreamReader@libmedia@UModSys@@U?$TRefObjectFunc@UIStreamReader@libmedia@UModSys@@@tl@3@@tl@5@ABU?$TString@U?$TSCoreConst@D@su@tl@UModSys@@U?$TComparerBinaryHash@D@234@@75@ABUSFlags@libmedia@5@@Z 00403450 f i umodsys_lib_libmedia:umodsys.mod.media.stdlib.obj
 0001:00002450       ?bin_reader@RLibraryObjCache@stdlib@media@modules@UModSys@@UAE?AU?$TRefObject@UIStreamReader@libmedia@UModSys@@U?$TRefObjectFunc@UIStreamReader@libmedia@UModSys@@@tl@3@@tl@5@ABU?$TString@U?$TSCoreConst@D@su@tl@UModSys@@U?$TComparerBinaryHash@D@234@@75@ABUSFlags@libmedia@5@@Z 00403450 f i umodsys_lib_libmedia:umodsys.mod.media.stdlib.obj
 0001:00002450       ?bin_writer@RLibraryBinCache@stdlib@media@modules@UModSys@@UAE?AU?$TRefObject@UIStreamWriter@libmedia@UModSys@@U?$TRefObjectFunc@UIStreamWriter@libmedia@UModSys@@@tl@3@@tl@5@ABU?$TString@U?$TSCoreConst@D@su@tl@UModSys@@U?$TComparerBinaryHash@D@234@@75@ABUSFlags@libmedia@5@@Z 00403450 f i umodsys_lib_libmedia:umodsys.mod.media.stdlib.obj
 0001:00002450       ?bin_reader@RLibraryObjFilter@stdlib@media@modules@UModSys@@UAE?AU?$TRefObject@UIStreamReader@libmedia@UModSys@@U?$TRefObjectFunc@UIStreamReader@libmedia@UModSys@@@tl@3@@tl@5@ABU?$TString@U?$TSCoreConst@D@su@tl@UModSys@@U?$TComparerBinaryHash@D@234@@75@ABUSFlags@libmedia@5@@Z 00403450 f i umodsys_lib_libmedia:umodsys.mod.media.stdlib.obj
 0001:00002450       ?bin_writer@RLibraryObjCache@stdlib@media@modules@UModSys@@UAE?AU?$TRefObject@UIStreamWriter@libmedia@UModSys@@U?$TRefObjectFunc@UIStreamWriter@libmedia@UModSys@@@tl@3@@tl@5@ABU?$TString@U?$TSCoreConst@D@su@tl@UModSys@@U?$TComparerBinaryHash@D@234@@75@ABUSFlags@libmedia@5@@Z 00403450 f i umodsys_lib_libmedia:umodsys.mod.media.stdlib.obj
 0001:00002450       ?bin_writer@RLibraryObjFilter@stdlib@media@modules@UModSys@@UAE?AU?$TRefObject@UIStreamWriter@libmedia@UModSys@@U?$TRefObjectFunc@UIStreamWriter@libmedia@UModSys@@@tl@3@@tl@5@ABU?$TString@U?$TSCoreConst@D@su@tl@UModSys@@U?$TComparerBinaryHash@D@234@@75@ABUSFlags@libmedia@5@@Z 00403450 f i umodsys_lib_libmedia:umodsys.mod.media.stdlib.obj
 0001:00002470       ?bin_load@RLibraryBinCache@stdlib@media@modules@UModSys@@UAE_NABU?$TString@U?$TSCoreConst@D@su@tl@UModSys@@U?$TComparerBinaryHash@D@234@@tl@5@AAUSCMemShared@core@5@ABUSFlags@libmedia@5@@Z 00403470 f i umodsys_lib_libmedia:umodsys.mod.media.stdlib.obj
 0001:000024d0       ?bin_get@RLibraryBinCache@stdlib@media@modules@UModSys@@UAE_NABU?$TString@U?$TSCoreConst@D@su@tl@UModSys@@U?$TComparerBinaryHash@D@234@@tl@5@AAUSCMemShared@core@5@_N@Z 004034d0 f i umodsys_lib_libmedia:umodsys.mod.media.stdlib.obj
 0001:000024d0       ?obj_cget@RLibraryObjCache@stdlib@media@modules@UModSys@@UAE_NABU?$TString@U?$TSCoreConst@D@su@tl@UModSys@@U?$TComparerBinaryHash@D@234@@tl@5@AAU?$TRefObject@UIRefObject@core@UModSys@@U?$TRefObjectFunc@UIRefObject@core@UModSys@@@tl@3@@75@_N@Z 004034d0 f i umodsys_lib_libmedia:umodsys.mod.media.stdlib.obj
 0001:00002510       ?bin_put@RLibraryBinCache@stdlib@media@modules@UModSys@@UAE_NABU?$TString@U?$TSCoreConst@D@su@tl@UModSys@@U?$TComparerBinaryHash@D@234@@tl@5@PBUSCMemShared@core@5@@Z 00403510 f i umodsys_lib_libmedia:umodsys.mod.media.stdlib.obj
 0001:00002540       ?obj_fsave@RLibraryBinCache@stdlib@media@modules@UModSys@@UAE_NAAUSInfo@IBinObjFilter@libmedia@5@PBUIRefObject@core@5@@Z 00403540 f i umodsys_lib_libmedia:umodsys.mod.media.stdlib.obj
 0001:00002540       ?obj_fget@RLibraryBinCache@stdlib@media@modules@UModSys@@UAE_NABUSInfo@IBinObjFilter@libmedia@5@AAU?$TRefObject@UIRefObject@core@UModSys@@U?$TRefObjectFunc@UIRefObject@core@UModSys@@@tl@3@@tl@5@@Z 00403540 f i umodsys_lib_libmedia:umodsys.mod.media.stdlib.obj
 0001:00002540       ?bin_put@RLibraryObjCache@stdlib@media@modules@UModSys@@UAE_NABU?$TString@U?$TSCoreConst@D@su@tl@UModSys@@U?$TComparerBinaryHash@D@234@@tl@5@PBUSCMemShared@core@5@@Z 00403540 f i umodsys_lib_libmedia:umodsys.mod.media.stdlib.obj
 0001:00002540       ?obj_cput@RLibraryObjFilter@stdlib@media@modules@UModSys@@UAE_NABU?$TString@U?$TSCoreConst@D@su@tl@UModSys@@U?$TComparerBinaryHash@D@234@@tl@5@PAUIRefObject@core@5@@Z 00403540 f i umodsys_lib_libmedia:umodsys.mod.media.stdlib.obj
 0001:00002540       ?obj_fsave@RLibraryObjCache@stdlib@media@modules@UModSys@@UAE_NAAUSInfo@IBinObjFilter@libmedia@5@PBUIRefObject@core@5@@Z 00403540 f i umodsys_lib_libmedia:umodsys.mod.media.stdlib.obj
 0001:00002540       ?bin_put@RLibraryObjFilter@stdlib@media@modules@UModSys@@UAE_NABU?$TString@U?$TSCoreConst@D@su@tl@UModSys@@U?$TComparerBinaryHash@D@234@@tl@5@PBUSCMemShared@core@5@@Z 00403540 f i umodsys_lib_libmedia:umodsys.mod.media.stdlib.obj
 0001:00002540       ?obj_cput@RLibraryBinCache@stdlib@media@modules@UModSys@@UAE_NABU?$TString@U?$TSCoreConst@D@su@tl@UModSys@@U?$TComparerBinaryHash@D@234@@tl@5@PAUIRefObject@core@5@@Z 00403540 f i umodsys_lib_libmedia:umodsys.mod.media.stdlib.obj
 0001:00002540       ?obj_fload@RLibraryObjCache@stdlib@media@modules@UModSys@@UAE_NABUSInfo@IBinObjFilter@libmedia@5@PAUIRefObject@core@5@@Z 00403540 f i umodsys_lib_libmedia:umodsys.mod.media.stdlib.obj
 0001:00002540       ?obj_fget@RLibraryObjCache@stdlib@media@modules@UModSys@@UAE_NABUSInfo@IBinObjFilter@libmedia@5@AAU?$TRefObject@UIRefObject@core@UModSys@@U?$TRefObjectFunc@UIRefObject@core@UModSys@@@tl@3@@tl@5@@Z 00403540 f i umodsys_lib_libmedia:umodsys.mod.media.stdlib.obj
 0001:00002540       ?obj_fload@RLibraryBinCache@stdlib@media@modules@UModSys@@UAE_NABUSInfo@IBinObjFilter@libmedia@5@PAUIRefObject@core@5@@Z 00403540 f i umodsys_lib_libmedia:umodsys.mod.media.stdlib.obj
 0001:00002550       ?bincache_get@RLibraryBinCache@stdlib@media@modules@UModSys@@UBE_NABU?$TString@U?$TSCoreConst@D@su@tl@UModSys@@U?$TComparerBinaryHash@D@234@@tl@5@PAUSCMemShared@core@5@PA_N@Z 00403550 f i umodsys_lib_libmedia:umodsys.mod.media.stdlib.obj
 0001:000025d0       ?bincache_add@RLibraryBinCache@stdlib@media@modules@UModSys@@UAE_NABU?$TString@U?$TSCoreConst@D@su@tl@UModSys@@U?$TComparerBinaryHash@D@234@@tl@5@@Z 004035d0 f i umodsys_lib_libmedia:umodsys.mod.media.stdlib.obj
 0001:00002610       ?bincache_add@RLibraryBinCache@stdlib@media@modules@UModSys@@UAE_NABU?$TString@U?$TSCoreConst@D@su@tl@UModSys@@U?$TComparerBinaryHash@D@234@@tl@5@ABUSCMemShared@core@5@@Z 00403610 f i umodsys_lib_libmedia:umodsys.mod.media.stdlib.obj
 0001:00002630       ?bincache_remove@RLibraryBinCache@stdlib@media@modules@UModSys@@UAE_NABU?$TString@U?$TSCoreConst@D@su@tl@UModSys@@U?$TComparerBinaryHash@D@234@@tl@5@@Z 00403630 f i umodsys_lib_libmedia:umodsys.mod.media.stdlib.obj
 0001:00002670       ?bincache_clear@RLibraryBinCache@stdlib@media@modules@UModSys@@UAE_NXZ 00403670 f i umodsys_lib_libmedia:umodsys.mod.media.stdlib.obj
 0001:000026a0       ?bincache_add@RLibraryBinCache@stdlib@media@modules@UModSys@@QAE_NABU?$TString@U?$TSCoreConst@D@su@tl@UModSys@@U?$TComparerBinaryHash@D@234@@tl@5@ABUSCMemShared@core@5@_N@Z 004036a0 f i umodsys_lib_libmedia:umodsys.mod.media.stdlib.obj
 0001:00002820       ??_GRLibraryBinCache@stdlib@media@modules@UModSys@@UAEPAXI@Z 00403820 f i umodsys_lib_libmedia:umodsys.mod.media.stdlib.obj
 0001:00002820       ??_ERLibraryBinCache@stdlib@media@modules@UModSys@@UAEPAXI@Z 00403820 f i  CIL library: CIL module
 0001:00002840       ??1ILibraryObjFilter@libmedia@UModSys@@UAE@XZ 00403840 f i umodsys_lib_libmedia:umodsys.mod.media.stdlib.obj
 0001:00002840       ??1IBinArchive@libmedia@UModSys@@UAE@XZ 00403840 f i umodsys_lib_libmedia:umodsys.mod.media.stdio.obj
 0001:00002840       ??1ILibraryBinCache@libmedia@UModSys@@UAE@XZ 00403840 f i umodsys_lib_libmedia:umodsys.mod.media.stdlib.obj
 0001:00002840       ??1ILibraryLayered@libmedia@UModSys@@UAE@XZ 00403840 f i umodsys_lib_libmedia:umodsys.mod.media.stdlib.obj
 0001:00002840       ??1ILibraryBinTree@libmedia@UModSys@@UAE@XZ 00403840 f i umodsys_lib_libmedia:umodsys.mod.media.stdlib.obj
 0001:00002840       ??1ILibraryObjCache@libmedia@UModSys@@UAE@XZ 00403840 f i umodsys_lib_libmedia:umodsys.mod.media.stdlib.obj
 0001:00002890       ?root_get_interface_info@RLibraryLayered@stdlib@media@modules@UModSys@@UBEABUSUniquePointerInfo@core@5@XZ 00403890 f i umodsys_lib_libmedia:umodsys.mod.media.stdlib.obj
 0001:000028a0       ?root_get_interface_type@RLibraryLayered@stdlib@media@modules@UModSys@@UBEPBUSUniquePointerInfo@core@5@XZ 004038a0 f i umodsys_lib_libmedia:umodsys.mod.media.stdlib.obj
 0001:000028b0       ?root_get_other_interface@RLibraryLayered@stdlib@media@modules@UModSys@@UAEPAUIRoot@core@5@PBUSUniquePointerInfo@75@@Z 004038b0 f i umodsys_lib_libmedia:umodsys.mod.media.stdlib.obj
 0001:000028b0       ?root_get_other_interface@RLibraryLayered@stdlib@media@modules@UModSys@@UBEPBUIRoot@core@5@PBUSUniquePointerInfo@75@@Z 004038b0 f i umodsys_lib_libmedia:umodsys.mod.media.stdlib.obj
 0001:000028f0       ?root_is_interface_supported@RLibraryLayered@stdlib@media@modules@UModSys@@UBE_NPBUSUniquePointerInfo@core@5@@Z 004038f0 f i umodsys_lib_libmedia:umodsys.mod.media.stdlib.obj
 0001:00002940       ??4SLayerX@RLibraryLayered@stdlib@media@modules@UModSys@@QAEXABUSLayer@ILibraryLayered@libmedia@5@@Z 00403940 f i umodsys_lib_libmedia:umodsys.mod.media.stdlib.obj
 0001:000029d0       ??0RLibraryLayered@stdlib@media@modules@UModSys@@QAE@PAUIModObject@base@4@ABUSParameters@core@4@U?$TFlags4State@USMediaFlagUid@libmedia@UModSys@@I@tl@4@@Z 004039d0 f i umodsys_lib_libmedia:umodsys.mod.media.stdlib.obj
 0001:00002a70       ??1RLibraryLayered@stdlib@media@modules@UModSys@@UAE@XZ 00403a70 f i umodsys_lib_libmedia:umodsys.mod.media.stdlib.obj
 0001:00002b10       ?get_flag@RLibraryLayered@stdlib@media@modules@UModSys@@UBE?AW4eStates@?$TFlags4State@USMediaFlagUid@libmedia@UModSys@@I@tl@5@H@Z 00403b10 f i umodsys_lib_libmedia:umodsys.mod.media.stdlib.obj
 0001:00002b30       ?get_flags_auto@RLibraryLayered@stdlib@media@modules@UModSys@@UBE?AU?$TFlags4State@USMediaFlagUid@libmedia@UModSys@@I@tl@5@XZ 00403b30 f i umodsys_lib_libmedia:umodsys.mod.media.stdlib.obj
 0001:00002b40       ?set_flag@RLibraryLayered@stdlib@media@modules@UModSys@@UAE?AW4eStates@?$TFlags4State@USMediaFlagUid@libmedia@UModSys@@I@tl@5@HW46785@@Z 00403b40 f i umodsys_lib_libmedia:umodsys.mod.media.stdlib.obj
 0001:00002b70       ?bin_reader@RLibraryLayered@stdlib@media@modules@UModSys@@UAE?AU?$TRefObject@UIStreamReader@libmedia@UModSys@@U?$TRefObjectFunc@UIStreamReader@libmedia@UModSys@@@tl@3@@tl@5@ABU?$TString@U?$TSCoreConst@D@su@tl@UModSys@@U?$TComparerBinaryHash@D@234@@75@ABUSFlags@libmedia@5@@Z 00403b70 f i umodsys_lib_libmedia:umodsys.mod.media.stdlib.obj
 0001:00002c70       ?bin_writer@RLibraryLayered@stdlib@media@modules@UModSys@@UAE?AU?$TRefObject@UIStreamWriter@libmedia@UModSys@@U?$TRefObjectFunc@UIStreamWriter@libmedia@UModSys@@@tl@3@@tl@5@ABU?$TString@U?$TSCoreConst@D@su@tl@UModSys@@U?$TComparerBinaryHash@D@234@@75@ABUSFlags@libmedia@5@@Z 00403c70 f i umodsys_lib_libmedia:umodsys.mod.media.stdlib.obj
 0001:00002d70       ?bin_load@RLibraryLayered@stdlib@media@modules@UModSys@@UAE_NABU?$TString@U?$TSCoreConst@D@su@tl@UModSys@@U?$TComparerBinaryHash@D@234@@tl@5@AAUSCMemShared@core@5@ABUSFlags@libmedia@5@@Z 00403d70 f i umodsys_lib_libmedia:umodsys.mod.media.stdlib.obj
 0001:00002ef0       ?bin_save@RLibraryLayered@stdlib@media@modules@UModSys@@UAE_NABU?$TString@U?$TSCoreConst@D@su@tl@UModSys@@U?$TComparerBinaryHash@D@234@@tl@5@ABUSCMem@core@5@ABUSFlags@libmedia@5@@Z 00403ef0 f i umodsys_lib_libmedia:umodsys.mod.media.stdlib.obj
 0001:00003090       ?bin_info@RLibraryLayered@stdlib@media@modules@UModSys@@UAE_NABU?$TString@U?$TSCoreConst@D@su@tl@UModSys@@U?$TComparerBinaryHash@D@234@@tl@5@AAUSFileInfo@libmedia@5@ABUSFlags@95@@Z 00404090 f i umodsys_lib_libmedia:umodsys.mod.media.stdlib.obj
 0001:00003120       ?bin_info@RLibraryLayered@stdlib@media@modules@UModSys@@UAE_NABU?$TString@U?$TSCoreConst@D@su@tl@UModSys@@U?$TComparerBinaryHash@D@234@@tl@5@AAU?$TIStackSocket@USFileInfo@libmedia@UModSys@@@75@ABUSFlags@libmedia@5@@Z 00404120 f i umodsys_lib_libmedia:umodsys.mod.media.stdlib.obj
 0001:000031b0       ?bin_get@RLibraryLayered@stdlib@media@modules@UModSys@@UAE_NABU?$TString@U?$TSCoreConst@D@su@tl@UModSys@@U?$TComparerBinaryHash@D@234@@tl@5@AAUSCMemShared@core@5@_N@Z 004041b0 f i umodsys_lib_libmedia:umodsys.mod.media.stdlib.obj
 0001:00003210       ?bin_put@RLibraryLayered@stdlib@media@modules@UModSys@@UAE_NABU?$TString@U?$TSCoreConst@D@su@tl@UModSys@@U?$TComparerBinaryHash@D@234@@tl@5@PBUSCMemShared@core@5@@Z 00404210 f i umodsys_lib_libmedia:umodsys.mod.media.stdlib.obj
 0001:00003270       ?obj_fget@RLibraryLayered@stdlib@media@modules@UModSys@@UAE_NABUSInfo@IBinObjFilter@libmedia@5@AAU?$TRefObject@UIRefObject@core@UModSys@@U?$TRefObjectFunc@UIRefObject@core@UModSys@@@tl@3@@tl@5@@Z 00404270 f i umodsys_lib_libmedia:umodsys.mod.media.stdlib.obj
 0001:000032d0       ?obj_fload@RLibraryLayered@stdlib@media@modules@UModSys@@UAE_NABUSInfo@IBinObjFilter@libmedia@5@PAUIRefObject@core@5@@Z 004042d0 f i umodsys_lib_libmedia:umodsys.mod.media.stdlib.obj
 0001:00003330       ?obj_fsave@RLibraryLayered@stdlib@media@modules@UModSys@@UAE_NAAUSInfo@IBinObjFilter@libmedia@5@PBUIRefObject@core@5@@Z 00404330 f i umodsys_lib_libmedia:umodsys.mod.media.stdlib.obj
 0001:00003390       ?obj_cget@RLibraryLayered@stdlib@media@modules@UModSys@@UAE_NABU?$TString@U?$TSCoreConst@D@su@tl@UModSys@@U?$TComparerBinaryHash@D@234@@tl@5@AAU?$TRefObject@UIRefObject@core@UModSys@@U?$TRefObjectFunc@UIRefObject@core@UModSys@@@tl@3@@75@_N@Z 00404390 f i umodsys_lib_libmedia:umodsys.mod.media.stdlib.obj
 0001:000033f0       ?obj_cput@RLibraryLayered@stdlib@media@modules@UModSys@@UAE_NABU?$TString@U?$TSCoreConst@D@su@tl@UModSys@@U?$TComparerBinaryHash@D@234@@tl@5@PAUIRefObject@core@5@@Z 004043f0 f i umodsys_lib_libmedia:umodsys.mod.media.stdlib.obj
 0001:00003450       ?obj_get@RLibraryLayered@stdlib@media@modules@UModSys@@UAE_NABU?$TString@U?$TSCoreConst@D@su@tl@UModSys@@U?$TComparerBinaryHash@D@234@@tl@5@AAU?$TRefObject@UIRefObject@core@UModSys@@U?$TRefObjectFunc@UIRefObject@core@UModSys@@@tl@3@@75@ABUSObjOptions@ILibrary@libmedia@5@@Z 00404450 f i umodsys_lib_libmedia:umodsys.mod.media.stdlib.obj
 0001:000036c0       ?obj_load@RLibraryLayered@stdlib@media@modules@UModSys@@UAE_NABU?$TString@U?$TSCoreConst@D@su@tl@UModSys@@U?$TComparerBinaryHash@D@234@@tl@5@PAUIRefObject@core@5@ABUSObjOptions@ILibrary@libmedia@5@@Z 004046c0 f i umodsys_lib_libmedia:umodsys.mod.media.stdlib.obj
 0001:00003820       ?obj_save@RLibraryLayered@stdlib@media@modules@UModSys@@UAE_NABU?$TString@U?$TSCoreConst@D@su@tl@UModSys@@U?$TComparerBinaryHash@D@234@@tl@5@PBUIRefObject@core@5@ABUSObjOptions@ILibrary@libmedia@5@@Z 00404820 f i umodsys_lib_libmedia:umodsys.mod.media.stdlib.obj
 0001:000039a0       ?layer_count@RLibraryLayered@stdlib@media@modules@UModSys@@UBEIABUSLayer@ILibraryLayered@libmedia@5@@Z 004049a0 f i umodsys_lib_libmedia:umodsys.mod.media.stdlib.obj
 0001:000039b0       ?layer_get@RLibraryLayered@stdlib@media@modules@UModSys@@UBE?AUSLayer@ILibraryLayered@libmedia@5@I@Z 004049b0 f i umodsys_lib_libmedia:umodsys.mod.media.stdlib.obj
 0001:00003a00       ?layer_find@RLibraryLayered@stdlib@media@modules@UModSys@@UBEIABU?$TString@U?$TSCoreConst@D@su@tl@UModSys@@U?$TComparerBinaryHash@D@234@@tl@5@I@Z 00404a00 f i umodsys_lib_libmedia:umodsys.mod.media.stdlib.obj
 0001:00003a90       ?layer_insert@RLibraryLayered@stdlib@media@modules@UModSys@@UAE_NABUSLayer@ILibraryLayered@libmedia@5@I@Z 00404a90 f i umodsys_lib_libmedia:umodsys.mod.media.stdlib.obj
 0001:00003ad0       ?layer_remove@RLibraryLayered@stdlib@media@modules@UModSys@@UAE_NI@Z 00404ad0 f i umodsys_lib_libmedia:umodsys.mod.media.stdlib.obj
 0001:00003b20       ?layer_clear@RLibraryLayered@stdlib@media@modules@UModSys@@UAE_NXZ 00404b20 f i umodsys_lib_libmedia:umodsys.mod.media.stdlib.obj
 0001:00003b30       ??_ERLibraryLayered@stdlib@media@modules@UModSys@@UAEPAXI@Z 00404b30 f i  CIL library: CIL module
 0001:00003b30       ??_GRLibraryLayered@stdlib@media@modules@UModSys@@UAEPAXI@Z 00404b30 f i umodsys_lib_libmedia:umodsys.mod.media.stdlib.obj
 0001:00003b50       ?root_get_interface_info@RLibraryObjCache@stdlib@media@modules@UModSys@@UBEABUSUniquePointerInfo@core@5@XZ 00404b50 f i umodsys_lib_libmedia:umodsys.mod.media.stdlib.obj
 0001:00003b60       ?root_get_interface_type@RLibraryObjCache@stdlib@media@modules@UModSys@@UBEPBUSUniquePointerInfo@core@5@XZ 00404b60 f i umodsys_lib_libmedia:umodsys.mod.media.stdlib.obj
 0001:00003b70       ?root_get_other_interface@RLibraryObjCache@stdlib@media@modules@UModSys@@UAEPAUIRoot@core@5@PBUSUniquePointerInfo@75@@Z 00404b70 f i umodsys_lib_libmedia:umodsys.mod.media.stdlib.obj
 0001:00003b70       ?root_get_other_interface@RLibraryObjCache@stdlib@media@modules@UModSys@@UBEPBUIRoot@core@5@PBUSUniquePointerInfo@75@@Z 00404b70 f i umodsys_lib_libmedia:umodsys.mod.media.stdlib.obj
 0001:00003bb0       ?root_is_interface_supported@RLibraryObjCache@stdlib@media@modules@UModSys@@UBE_NPBUSUniquePointerInfo@core@5@@Z 00404bb0 f i umodsys_lib_libmedia:umodsys.mod.media.stdlib.obj
 0001:00003c00       ?ref_remove@RDataArchiver_OsDir@stdio@media@modules@UModSys@@UBEXXZ 00404c00 f i umodsys_lib_libmedia:umodsys.mod.media.stdio.obj
 0001:00003c00       ?ref_remove@RLibraryBinCache@stdlib@media@modules@UModSys@@UBEXXZ 00404c00 f i umodsys_lib_libmedia:umodsys.mod.media.stdlib.obj
 0001:00003c00       ?ref_remove@RLibraryObjCache@stdlib@media@modules@UModSys@@UBEXXZ 00404c00 f i umodsys_lib_libmedia:umodsys.mod.media.stdlib.obj
 0001:00003c00       ?ref_remove@RLibraryObjFilter@stdlib@media@modules@UModSys@@UBEXXZ 00404c00 f i umodsys_lib_libmedia:umodsys.mod.media.stdlib.obj
 0001:00003c00       ?ref_remove@RLibraryBinTree@stdlib@media@modules@UModSys@@UBEXXZ 00404c00 f i umodsys_lib_libmedia:umodsys.mod.media.stdlib.obj
 0001:00003c00       ?ref_remove@RParameters@rsystem@base@UModSys@@UBEXXZ 00404c00 f i umodsys_lib_basesys:umodsys.basesys.rparameters.obj
 0001:00003c00       ?ref_remove@RLibraryLayered@stdlib@media@modules@UModSys@@UBEXXZ 00404c00 f i umodsys_lib_libmedia:umodsys.mod.media.stdlib.obj
 0001:00003c10       ??0RLibraryObjCache@stdlib@media@modules@UModSys@@QAE@PAUIModObject@base@4@ABUSParameters@core@4@U?$TFlags4State@USMediaFlagUid@libmedia@UModSys@@I@tl@4@@Z 00404c10 f i umodsys_lib_libmedia:umodsys.mod.media.stdlib.obj
 0001:00003ca0       ??1RLibraryObjCache@stdlib@media@modules@UModSys@@UAE@XZ 00404ca0 f i umodsys_lib_libmedia:umodsys.mod.media.stdlib.obj
 0001:00003d20       ?get_flag@RLibraryObjFilter@stdlib@media@modules@UModSys@@UBE?AW4eStates@?$TFlags4State@USMediaFlagUid@libmedia@UModSys@@I@tl@5@H@Z 00404d20 f i umodsys_lib_libmedia:umodsys.mod.media.stdlib.obj
 0001:00003d20       ?get_flag@RLibraryObjCache@stdlib@media@modules@UModSys@@UBE?AW4eStates@?$TFlags4State@USMediaFlagUid@libmedia@UModSys@@I@tl@5@H@Z 00404d20 f i umodsys_lib_libmedia:umodsys.mod.media.stdlib.obj
 0001:00003d20       ?get_flag@RLibraryBinCache@stdlib@media@modules@UModSys@@UBE?AW4eStates@?$TFlags4State@USMediaFlagUid@libmedia@UModSys@@I@tl@5@H@Z 00404d20 f i umodsys_lib_libmedia:umodsys.mod.media.stdlib.obj
 0001:00003d40       ?get_flags_auto@RLibraryObjCache@stdlib@media@modules@UModSys@@UBE?AU?$TFlags4State@USMediaFlagUid@libmedia@UModSys@@I@tl@5@XZ 00404d40 f i umodsys_lib_libmedia:umodsys.mod.media.stdlib.obj
 0001:00003d50       ?set_flag@RLibraryObjCache@stdlib@media@modules@UModSys@@UAE?AW4eStates@?$TFlags4State@USMediaFlagUid@libmedia@UModSys@@I@tl@5@HW46785@@Z 00404d50 f i umodsys_lib_libmedia:umodsys.mod.media.stdlib.obj
 0001:00003d50       ?set_flag@RLibraryObjFilter@stdlib@media@modules@UModSys@@UAE?AW4eStates@?$TFlags4State@USMediaFlagUid@libmedia@UModSys@@I@tl@5@HW46785@@Z 00404d50 f i umodsys_lib_libmedia:umodsys.mod.media.stdlib.obj
 0001:00003d50       ?set_flag@RLibraryBinCache@stdlib@media@modules@UModSys@@UAE?AW4eStates@?$TFlags4State@USMediaFlagUid@libmedia@UModSys@@I@tl@5@HW46785@@Z 00404d50 f i umodsys_lib_libmedia:umodsys.mod.media.stdlib.obj
 0001:00003d80       ?obj_cput@RLibraryObjCache@stdlib@media@modules@UModSys@@UAE_NABU?$TString@U?$TSCoreConst@D@su@tl@UModSys@@U?$TComparerBinaryHash@D@234@@tl@5@PAUIRefObject@core@5@@Z 00404d80 f i umodsys_lib_libmedia:umodsys.mod.media.stdlib.obj
 0001:00003d90       ?obj_get@RLibraryObjCache@stdlib@media@modules@UModSys@@UAE_NABU?$TString@U?$TSCoreConst@D@su@tl@UModSys@@U?$TComparerBinaryHash@D@234@@tl@5@AAU?$TRefObject@UIRefObject@core@UModSys@@U?$TRefObjectFunc@UIRefObject@core@UModSys@@@tl@3@@75@ABUSObjOptions@ILibrary@libmedia@5@@Z 00404d90 f i umodsys_lib_libmedia:umodsys.mod.media.stdlib.obj
 0001:00003e70       ?bin_info@RLibraryObjCache@stdlib@media@modules@UModSys@@UAE_NABU?$TString@U?$TSCoreConst@D@su@tl@UModSys@@U?$TComparerBinaryHash@D@234@@tl@5@AAUSFileInfo@libmedia@5@ABUSFlags@95@@Z 00404e70 f i umodsys_lib_libmedia:umodsys.mod.media.stdlib.obj
 0001:00003e70       ?obj_load@RLibraryObjCache@stdlib@media@modules@UModSys@@UAE_NABU?$TString@U?$TSCoreConst@D@su@tl@UModSys@@U?$TComparerBinaryHash@D@234@@tl@5@PAUIRefObject@core@5@ABUSObjOptions@ILibrary@libmedia@5@@Z 00404e70 f i umodsys_lib_libmedia:umodsys.mod.media.stdlib.obj
 0001:00003e70       ?bin_info@RLibraryObjFilter@stdlib@media@modules@UModSys@@UAE_NABU?$TString@U?$TSCoreConst@D@su@tl@UModSys@@U?$TComparerBinaryHash@D@234@@tl@5@AAUSFileInfo@libmedia@5@ABUSFlags@95@@Z 00404e70 f i umodsys_lib_libmedia:umodsys.mod.media.stdlib.obj
 0001:00003e70       ?bin_info@RLibraryObjFilter@stdlib@media@modules@UModSys@@UAE_NABU?$TString@U?$TSCoreConst@D@su@tl@UModSys@@U?$TComparerBinaryHash@D@234@@tl@5@AAU?$TIStackSocket@USFileInfo@libmedia@UModSys@@@75@ABUSFlags@libmedia@5@@Z 00404e70 f i umodsys_lib_libmedia:umodsys.mod.media.stdlib.obj
 0001:00003e70       ?bin_load@RLibraryObjCache@stdlib@media@modules@UModSys@@UAE_NABU?$TString@U?$TSCoreConst@D@su@tl@UModSys@@U?$TComparerBinaryHash@D@234@@tl@5@AAUSCMemShared@core@5@ABUSFlags@libmedia@5@@Z 00404e70 f i umodsys_lib_libmedia:umodsys.mod.media.stdlib.obj
 0001:00003e70       ?bin_info@RLibraryObjCache@stdlib@media@modules@UModSys@@UAE_NABU?$TString@U?$TSCoreConst@D@su@tl@UModSys@@U?$TComparerBinaryHash@D@234@@tl@5@AAU?$TIStackSocket@USFileInfo@libmedia@UModSys@@@75@ABUSFlags@libmedia@5@@Z 00404e70 f i umodsys_lib_libmedia:umodsys.mod.media.stdlib.obj
 0001:00003e70       ?bin_save@RLibraryObjFilter@stdlib@media@modules@UModSys@@UAE_NABU?$TString@U?$TSCoreConst@D@su@tl@UModSys@@U?$TComparerBinaryHash@D@234@@tl@5@ABUSCMem@core@5@ABUSFlags@libmedia@5@@Z 00404e70 f i umodsys_lib_libmedia:umodsys.mod.media.stdlib.obj
 0001:00003e70       ?bin_info@RLibraryBinCache@stdlib@media@modules@UModSys@@UAE_NABU?$TString@U?$TSCoreConst@D@su@tl@UModSys@@U?$TComparerBinaryHash@D@234@@tl@5@AAUSFileInfo@libmedia@5@ABUSFlags@95@@Z 00404e70 f i umodsys_lib_libmedia:umodsys.mod.media.stdlib.obj
 0001:00003e70       ?obj_save@RLibraryObjCache@stdlib@media@modules@UModSys@@UAE_NABU?$TString@U?$TSCoreConst@D@su@tl@UModSys@@U?$TComparerBinaryHash@D@234@@tl@5@PBUIRefObject@core@5@ABUSObjOptions@ILibrary@libmedia@5@@Z 00404e70 f i umodsys_lib_libmedia:umodsys.mod.media.stdlib.obj
 0001:00003e70       ?obj_load@RLibraryObjFilter@stdlib@media@modules@UModSys@@UAE_NABU?$TString@U?$TSCoreConst@D@su@tl@UModSys@@U?$TComparerBinaryHash@D@234@@tl@5@PAUIRefObject@core@5@ABUSObjOptions@ILibrary@libmedia@5@@Z 00404e70 f i umodsys_lib_libmedia:umodsys.mod.media.stdlib.obj
 0001:00003e70       ?obj_get@RLibraryObjFilter@stdlib@media@modules@UModSys@@UAE_NABU?$TString@U?$TSCoreConst@D@su@tl@UModSys@@U?$TComparerBinaryHash@D@234@@tl@5@AAU?$TRefObject@UIRefObject@core@UModSys@@U?$TRefObjectFunc@UIRefObject@core@UModSys@@@tl@3@@75@ABUSObjOptions@ILibrary@libmedia@5@@Z 00404e70 f i umodsys_lib_libmedia:umodsys.mod.media.stdlib.obj
 0001:00003e70       ?obj_load@RLibraryBinCache@stdlib@media@modules@UModSys@@UAE_NABU?$TString@U?$TSCoreConst@D@su@tl@UModSys@@U?$TComparerBinaryHash@D@234@@tl@5@PAUIRefObject@core@5@ABUSObjOptions@ILibrary@libmedia@5@@Z 00404e70 f i umodsys_lib_libmedia:umodsys.mod.media.stdlib.obj
 0001:00003e70       ?obj_cget@RLibraryBinCache@stdlib@media@modules@UModSys@@UAE_NABU?$TString@U?$TSCoreConst@D@su@tl@UModSys@@U?$TComparerBinaryHash@D@234@@tl@5@AAU?$TRefObject@UIRefObject@core@UModSys@@U?$TRefObjectFunc@UIRefObject@core@UModSys@@@tl@3@@75@_N@Z 00404e70 f i umodsys_lib_libmedia:umodsys.mod.media.stdlib.obj
 0001:00003e70       ?obj_get@RLibraryBinCache@stdlib@media@modules@UModSys@@UAE_NABU?$TString@U?$TSCoreConst@D@su@tl@UModSys@@U?$TComparerBinaryHash@D@234@@tl@5@AAU?$TRefObject@UIRefObject@core@UModSys@@U?$TRefObjectFunc@UIRefObject@core@UModSys@@@tl@3@@75@ABUSObjOptions@ILibrary@libmedia@5@@Z 00404e70 f i umodsys_lib_libmedia:umodsys.mod.media.stdlib.obj
 0001:00003e70       ?bin_save@RLibraryBinCache@stdlib@media@modules@UModSys@@UAE_NABU?$TString@U?$TSCoreConst@D@su@tl@UModSys@@U?$TComparerBinaryHash@D@234@@tl@5@ABUSCMem@core@5@ABUSFlags@libmedia@5@@Z 00404e70 f i umodsys_lib_libmedia:umodsys.mod.media.stdlib.obj
 0001:00003e70       ?obj_cget@RLibraryObjFilter@stdlib@media@modules@UModSys@@UAE_NABU?$TString@U?$TSCoreConst@D@su@tl@UModSys@@U?$TComparerBinaryHash@D@234@@tl@5@AAU?$TRefObject@UIRefObject@core@UModSys@@U?$TRefObjectFunc@UIRefObject@core@UModSys@@@tl@3@@75@_N@Z 00404e70 f i umodsys_lib_libmedia:umodsys.mod.media.stdlib.obj
 0001:00003e70       ?bin_save@RLibraryObjCache@stdlib@media@modules@UModSys@@UAE_NABU?$TString@U?$TSCoreConst@D@su@tl@UModSys@@U?$TComparerBinaryHash@D@234@@tl@5@ABUSCMem@core@5@ABUSFlags@libmedia@5@@Z 00404e70 f i umodsys_lib_libmedia:umodsys.mod.media.stdlib.obj
 0001:00003e70       ?obj_save@RLibraryBinCache@stdlib@media@modules@UModSys@@UAE_NABU?$TString@U?$TSCoreConst@D@su@tl@UModSys@@U?$TComparerBinaryHash@D@234@@tl@5@PBUIRefObject@core@5@ABUSObjOptions@ILibrary@libmedia@5@@Z 00404e70 f i umodsys_lib_libmedia:umodsys.mod.media.stdlib.obj
 0001:00003e70       ?bin_load@RLibraryObjFilter@stdlib@media@modules@UModSys@@UAE_NABU?$TString@U?$TSCoreConst@D@su@tl@UModSys@@U?$TComparerBinaryHash@D@234@@tl@5@AAUSCMemShared@core@5@ABUSFlags@libmedia@5@@Z 00404e70 f i umodsys_lib_libmedia:umodsys.mod.media.stdlib.obj
 0001:00003e70       ?bin_info@RLibraryBinCache@stdlib@media@modules@UModSys@@UAE_NABU?$TString@U?$TSCoreConst@D@su@tl@UModSys@@U?$TComparerBinaryHash@D@234@@tl@5@AAU?$TIStackSocket@USFileInfo@libmedia@UModSys@@@75@ABUSFlags@libmedia@5@@Z 00404e70 f i umodsys_lib_libmedia:umodsys.mod.media.stdlib.obj
 0001:00003e70       ?obj_save@RLibraryObjFilter@stdlib@media@modules@UModSys@@UAE_NABU?$TString@U?$TSCoreConst@D@su@tl@UModSys@@U?$TComparerBinaryHash@D@234@@tl@5@PBUIRefObject@core@5@ABUSObjOptions@ILibrary@libmedia@5@@Z 00404e70 f i umodsys_lib_libmedia:umodsys.mod.media.stdlib.obj
 0001:00003e70       ?bin_get@RLibraryObjCache@stdlib@media@modules@UModSys@@UAE_NABU?$TString@U?$TSCoreConst@D@su@tl@UModSys@@U?$TComparerBinaryHash@D@234@@tl@5@AAUSCMemShared@core@5@_N@Z 00404e70 f i umodsys_lib_libmedia:umodsys.mod.media.stdlib.obj
 0001:00003e70       ?bin_get@RLibraryObjFilter@stdlib@media@modules@UModSys@@UAE_NABU?$TString@U?$TSCoreConst@D@su@tl@UModSys@@U?$TComparerBinaryHash@D@234@@tl@5@AAUSCMemShared@core@5@_N@Z 00404e70 f i umodsys_lib_libmedia:umodsys.mod.media.stdlib.obj
 0001:00003e80       ?objcache_get@RLibraryObjCache@stdlib@media@modules@UModSys@@UBE_NABU?$TString@U?$TSCoreConst@D@su@tl@UModSys@@U?$TComparerBinaryHash@D@234@@tl@5@PAU?$TRefObject@UIRefObject@core@UModSys@@U?$TRefObjectFunc@UIRefObject@core@UModSys@@@tl@3@@75@PA_N@Z 00404e80 f i umodsys_lib_libmedia:umodsys.mod.media.stdlib.obj
 0001:00003f00       ?objcache_add@RLibraryObjCache@stdlib@media@modules@UModSys@@UAE_NABU?$TString@U?$TSCoreConst@D@su@tl@UModSys@@U?$TComparerBinaryHash@D@234@@tl@5@PAUIRefObject@core@5@@Z 00404f00 f i umodsys_lib_libmedia:umodsys.mod.media.stdlib.obj
 0001:00004080       ?objcache_remove@RLibraryObjCache@stdlib@media@modules@UModSys@@UAE_NABU?$TString@U?$TSCoreConst@D@su@tl@UModSys@@U?$TComparerBinaryHash@D@234@@tl@5@@Z 00405080 f i umodsys_lib_libmedia:umodsys.mod.media.stdlib.obj
 0001:000040c0       ?objcache_clear@RLibraryObjCache@stdlib@media@modules@UModSys@@UAE_NXZ 004050c0 f i umodsys_lib_libmedia:umodsys.mod.media.stdlib.obj
 0001:000040f0       ??_ERLibraryObjCache@stdlib@media@modules@UModSys@@UAEPAXI@Z 004050f0 f i  CIL library: CIL module
 0001:000040f0       ??_GRLibraryObjCache@stdlib@media@modules@UModSys@@UAEPAXI@Z 004050f0 f i umodsys_lib_libmedia:umodsys.mod.media.stdlib.obj
 0001:00004110       ?root_get_interface_info@RLibraryObjFilter@stdlib@media@modules@UModSys@@UBEABUSUniquePointerInfo@core@5@XZ 00405110 f i umodsys_lib_libmedia:umodsys.mod.media.stdlib.obj
 0001:00004120       ?root_get_interface_type@RLibraryObjFilter@stdlib@media@modules@UModSys@@UBEPBUSUniquePointerInfo@core@5@XZ 00405120 f i umodsys_lib_libmedia:umodsys.mod.media.stdlib.obj
 0001:00004130       ?root_get_other_interface@RLibraryObjFilter@stdlib@media@modules@UModSys@@UBEPBUIRoot@core@5@PBUSUniquePointerInfo@75@@Z 00405130 f i umodsys_lib_libmedia:umodsys.mod.media.stdlib.obj
 0001:00004130       ?root_get_other_interface@RLibraryObjFilter@stdlib@media@modules@UModSys@@UAEPAUIRoot@core@5@PBUSUniquePointerInfo@75@@Z 00405130 f i umodsys_lib_libmedia:umodsys.mod.media.stdlib.obj
 0001:00004170       ?root_is_interface_supported@RLibraryObjFilter@stdlib@media@modules@UModSys@@UBE_NPBUSUniquePointerInfo@core@5@@Z 00405170 f i umodsys_lib_libmedia:umodsys.mod.media.stdlib.obj
 0001:000041c0       ?suicide@RLibraryObjCache@stdlib@media@modules@UModSys@@UAEXXZ 004051c0 f i umodsys_lib_libmedia:umodsys.mod.media.stdlib.obj
 0001:000041c0       ?suicide@RLibraryLayered@stdlib@media@modules@UModSys@@UAEXXZ 004051c0 f i umodsys_lib_libmedia:umodsys.mod.media.stdlib.obj
 0001:000041c0       ?suicide@RLibraryBinTree@stdlib@media@modules@UModSys@@UAEXXZ 004051c0 f i umodsys_lib_libmedia:umodsys.mod.media.stdlib.obj
 0001:000041c0       ?suicide@RDataArchiver_OsDir@stdio@media@modules@UModSys@@UAEXXZ 004051c0 f i umodsys_lib_libmedia:umodsys.mod.media.stdio.obj
 0001:000041c0       ?suicide@RLibraryObjFilter@stdlib@media@modules@UModSys@@UAEXXZ 004051c0 f i umodsys_lib_libmedia:umodsys.mod.media.stdlib.obj
 0001:000041c0       ?suicide@RLibraryBinCache@stdlib@media@modules@UModSys@@UAEXXZ 004051c0 f i umodsys_lib_libmedia:umodsys.mod.media.stdlib.obj
 0001:000041d0       ??0RLibraryObjFilter@stdlib@media@modules@UModSys@@QAE@PAUIModObject@base@4@ABUSParameters@core@4@U?$TFlags4State@USMediaFlagUid@libmedia@UModSys@@I@tl@4@@Z 004051d0 f i umodsys_lib_libmedia:umodsys.mod.media.stdlib.obj
 0001:00004260       ??1RLibraryObjFilter@stdlib@media@modules@UModSys@@UAE@XZ 00405260 f i umodsys_lib_libmedia:umodsys.mod.media.stdlib.obj
 0001:000042e0       ?get_flags_auto@RLibraryObjFilter@stdlib@media@modules@UModSys@@UBE?AU?$TFlags4State@USMediaFlagUid@libmedia@UModSys@@I@tl@5@XZ 004052e0 f i umodsys_lib_libmedia:umodsys.mod.media.stdlib.obj
 0001:000042f0       ?obj_fget@RLibraryObjFilter@stdlib@media@modules@UModSys@@UAE_NABUSInfo@IBinObjFilter@libmedia@5@AAU?$TRefObject@UIRefObject@core@UModSys@@U?$TRefObjectFunc@UIRefObject@core@UModSys@@@tl@3@@tl@5@@Z 004052f0 f i umodsys_lib_libmedia:umodsys.mod.media.stdlib.obj
 0001:00004300       ?obj_fload@RLibraryObjFilter@stdlib@media@modules@UModSys@@UAE_NABUSInfo@IBinObjFilter@libmedia@5@PAUIRefObject@core@5@@Z 00405300 f i umodsys_lib_libmedia:umodsys.mod.media.stdlib.obj
 0001:00004310       ?obj_fsave@RLibraryObjFilter@stdlib@media@modules@UModSys@@UAE_NAAUSInfo@IBinObjFilter@libmedia@5@PBUIRefObject@core@5@@Z 00405310 f i umodsys_lib_libmedia:umodsys.mod.media.stdlib.obj
 0001:00004320       ?filters_add@RLibraryObjFilter@stdlib@media@modules@UModSys@@UAE_NU?$TRefObject@UIBinObjFilter@libmedia@UModSys@@U?$TRefObjectFunc@UIBinObjFilter@libmedia@UModSys@@@tl@3@@tl@5@PBUSParameters@core@5@H@Z 00405320 f i umodsys_lib_libmedia:umodsys.mod.media.stdlib.obj
 0001:00004400       ?filters_remove@RLibraryObjFilter@stdlib@media@modules@UModSys@@UAE_NPAUIBinObjFilter@libmedia@5@H@Z 00405400 f i umodsys_lib_libmedia:umodsys.mod.media.stdlib.obj
 0001:00004470       ?filters_clear@RLibraryObjFilter@stdlib@media@modules@UModSys@@UAE_NXZ 00405470 f i umodsys_lib_libmedia:umodsys.mod.media.stdlib.obj
 0001:000044a0       ?filters_load@RLibraryObjFilter@stdlib@media@modules@UModSys@@UAE_NABUSInfo@IBinObjFilter@libmedia@5@AAU?$TRefObject@UIRefObject@core@UModSys@@U?$TRefObjectFunc@UIRefObject@core@UModSys@@@tl@3@@tl@5@@Z 004054a0 f i umodsys_lib_libmedia:umodsys.mod.media.stdlib.obj
 0001:00004530       ?filters_load@RLibraryObjFilter@stdlib@media@modules@UModSys@@UAE_NABUSInfo@IBinObjFilter@libmedia@5@PAUIRefObject@core@5@@Z 00405530 f i umodsys_lib_libmedia:umodsys.mod.media.stdlib.obj
 0001:000045c0       ?filters_save@RLibraryObjFilter@stdlib@media@modules@UModSys@@UAE_NAAUSInfo@IBinObjFilter@libmedia@5@PBUIRefObject@core@5@@Z 004055c0 f i umodsys_lib_libmedia:umodsys.mod.media.stdlib.obj
 0001:00004650       ??_ERLibraryObjFilter@stdlib@media@modules@UModSys@@UAEPAXI@Z 00405650 f i  CIL library: CIL module
 0001:00004650       ??_GRLibraryObjFilter@stdlib@media@modules@UModSys@@UAEPAXI@Z 00405650 f i umodsys_lib_libmedia:umodsys.mod.media.stdlib.obj
 0001:00004670       ?get_generated_names@RGenerator@stdlib@media@modules@UModSys@@UBEHAAUSUniquePtrList@core@5@@Z 00405670 f i umodsys_lib_libmedia:umodsys.mod.media.stdlib.obj
 0001:000046d0       ?get_generated_types@RGenerator@stdlib@media@modules@UModSys@@UBEHAAUSUniquePtrList@core@5@PBUSUniquePointerInfo@75@@Z 004056d0 f i umodsys_lib_libmedia:umodsys.mod.media.stdlib.obj
 0001:000047b0       ?generate@RGenerator@stdlib@media@modules@UModSys@@UAE_NAAU?$TRefObject@UIRefObject@core@UModSys@@U?$TRefObjectFunc@UIRefObject@core@UModSys@@@tl@3@@tl@5@PBUSUniquePointerInfo@core@5@ABUSParameters@95@@Z 004057b0 f i umodsys_lib_libmedia:umodsys.mod.media.stdlib.obj
 0001:00004860       ?root_get_interface_info@RGenerator@stdlib@media@modules@UModSys@@UBEABUSUniquePointerInfo@core@5@XZ 00405860 f i umodsys_lib_libmedia:umodsys.mod.media.stdlib.obj
 0001:00004870       ?root_get_interface_type@RGenerator@stdlib@media@modules@UModSys@@UBEPBUSUniquePointerInfo@core@5@XZ 00405870 f i umodsys_lib_libmedia:umodsys.mod.media.stdlib.obj
 0001:00004880       ?root_get_other_interface@RGenerator@stdlib@media@modules@UModSys@@UAEPAUIRoot@core@5@PBUSUniquePointerInfo@75@@Z 00405880 f i umodsys_lib_libmedia:umodsys.mod.media.stdlib.obj
 0001:00004880       ?root_get_other_interface@RGenerator@stdlib@media@modules@UModSys@@UBEPBUIRoot@core@5@PBUSUniquePointerInfo@75@@Z 00405880 f i umodsys_lib_libmedia:umodsys.mod.media.stdlib.obj
 0001:000048c0       ?root_is_interface_supported@RGenerator@stdlib@media@modules@UModSys@@UBE_NPBUSUniquePointerInfo@core@5@@Z 004058c0 f i umodsys_lib_libmedia:umodsys.mod.media.stdlib.obj
 0001:00004900       ?ref_weak@RGenerator@stdio@media@modules@UModSys@@UBE_NAAUWeakPointer@IRefObject@core@5@@Z 00405900 f i umodsys_lib_libmedia:umodsys.mod.media.stdio.obj
 0001:00004900       ?ref_weak@RStreamWriter_FILE@stdio@media@modules@UModSys@@UBE_NAAUWeakPointer@IRefObject@core@5@@Z 00405900 f i umodsys_lib_libmedia:umodsys.mod.media.stdio.obj
 0001:00004900       ?ref_weak@RUtilities@stdlib@media@modules@UModSys@@UBE_NAAUWeakPointer@IRefObject@core@5@@Z 00405900 f i umodsys_lib_libmedia:umodsys.mod.media.stdlib.obj
 0001:00004900       ?ref_weak@RStreamReader_FILE@stdio@media@modules@UModSys@@UBE_NAAUWeakPointer@IRefObject@core@5@@Z 00405900 f i umodsys_lib_libmedia:umodsys.mod.media.stdio.obj
 0001:00004900       ?ref_weak@RGenerator@stdlib@media@modules@UModSys@@UBE_NAAUWeakPointer@IRefObject@core@5@@Z 00405900 f i umodsys_lib_libmedia:umodsys.mod.media.stdlib.obj
 0001:00004920       ?suicide@RGenerator@stdio@media@modules@UModSys@@UAEXXZ 00405920 f i umodsys_lib_libmedia:umodsys.mod.media.stdio.obj
 0001:00004920       ?suicide@RGenerator@stdlib@media@modules@UModSys@@UAEXXZ 00405920 f i umodsys_lib_libmedia:umodsys.mod.media.stdlib.obj
 0001:00004920       ??3@YAXPAX0@Z              00405920 f i umodsys_lib_libmedia:umodsys.mod.media.stdio.obj
 0001:00004930       ?get_uid@RGenerator@stdlib@media@modules@UModSys@@UBEPBUSUniquePointerInfo@core@5@XZ 00405930 f i umodsys_lib_libmedia:umodsys.mod.media.stdlib.obj
 0001:00004940       ??_ERUtilities@stdlib@media@modules@UModSys@@UAEPAXI@Z 00405940 f i  CIL library: CIL module
 0001:00004940       ??_GRUtilities@stdlib@media@modules@UModSys@@UAEPAXI@Z 00405940 f i umodsys_lib_libmedia:umodsys.mod.media.stdlib.obj
 0001:00004960       ??_GRBinArchiveFrame@stdlib@media@modules@UModSys@@UAEPAXI@Z 00405960 f i umodsys_lib_libmedia:umodsys.mod.media.stdlib.obj
[...]
 0001:000129ae       __ehhandler$??$t_gen_param@URLibraryBinTree@stdlib@media@modules@UModSys@@URGenerator@2345@@IGenerator@base@UModSys@@IAE_NPAURGenerator@stdlib@media@modules@2@AAU?$TRefObject@UIRefObject@core@UModSys@@U?$TRefObjectFunc@UIRefObject@core@UModSys@@@tl@3@@tl@2@PBUSUniquePointerInfo@core@2@ABUSParameters@core@2@@Z 004139ae f    CIL library: CIL module
 0001:000129ae       __ehhandler$??$t_gen_param@URLibraryBinCache@stdlib@media@modules@UModSys@@URGenerator@2345@@IGenerator@base@UModSys@@IAE_NPAURGenerator@stdlib@media@modules@2@AAU?$TRefObject@UIRefObject@core@UModSys@@U?$TRefObjectFunc@UIRefObject@core@UModSys@@@tl@3@@tl@2@PBUSUniquePointerInfo@core@2@ABUSParameters@core@2@@Z 004139ae f    CIL library: CIL module
 0001:000129ae       __ehhandler$??$t_gen_param@URBinArchiveFrame@stdlib@media@modules@UModSys@@URGenerator@2345@@IGenerator@base@UModSys@@IAE_NPAURGenerator@stdlib@media@modules@2@AAU?$TRefObject@UIRefObject@core@UModSys@@U?$TRefObjectFunc@UIRefObject@core@UModSys@@@tl@3@@tl@2@PBUSUniquePointerInfo@core@2@ABUSParameters@core@2@@Z 004139ae f    CIL library: CIL module
 0001:000129ae       __ehhandler$??$t_gen_param@URStreamWriter_FILE@stdio@media@modules@UModSys@@URGenerator@2345@@IGenerator@base@UModSys@@IAE_NPAURGenerator@stdio@media@modules@2@AAU?$TRefObject@UIRefObject@core@UModSys@@U?$TRefObjectFunc@UIRefObject@core@UModSys@@@tl@3@@tl@2@PBUSUniquePointerInfo@core@2@ABUSParameters@core@2@@Z 004139ae f    CIL library: CIL module
 0001:000129c0       ??__E?s_id@?$TObjectUniqueID@UIRoot@core@UModSys@@@tl@UModSys@@2USUniquePointer@core@3@A@@YAXXZ 004139c0 f    CIL library: CIL module
 0001:000129f0       ??__E?s_id@?$TObjectUniqueID@UIRefObject@core@UModSys@@@tl@UModSys@@2USUniquePointer@core@3@A@@YAXXZ 004139f0 f    CIL library: CIL module
 0001:00012a20       ??__E?s_id@?$TObjectUniqueID@UIParameters@core@UModSys@@@tl@UModSys@@2USUniquePointer@core@3@A@@YAXXZ 00413a20 f    CIL library: CIL module
 0001:00012a50       ??__E?s_id@?$TObjectUniqueID@UIModule@base@UModSys@@@tl@UModSys@@2USUniquePointer@core@3@A@@YAXXZ 00413a50 f    CIL library: CIL module
 0001:00012a80       ??__E?s_id@?$TObjectUniqueID@UIModuleLibrary@base@UModSys@@@tl@UModSys@@2USUniquePointer@core@3@A@@YAXXZ 00413a80 f    CIL library: CIL module
 0001:00012ab0       ??__E?s_id@?$TObjectUniqueID@UIModObject@base@UModSys@@@tl@UModSys@@2USUniquePointer@core@3@A@@YAXXZ 00413ab0 f    CIL library: CIL module
 0001:00012ae0       ??__E?s_id@?$TObjectUniqueID@UIGenerator@base@UModSys@@@tl@UModSys@@2USUniquePointer@core@3@A@@YAXXZ 00413ae0 f    CIL library: CIL module
 0001:00012b10       ??__E?s_id@?$TObjectUniqueID@UIShell@base@UModSys@@@tl@UModSys@@2USUniquePointer@core@3@A@@YAXXZ 00413b10 f    CIL library: CIL module
 0001:00012b40       ??__E?s_id@?$TObjectUniqueID@UIConsole@base@UModSys@@@tl@UModSys@@2USUniquePointer@core@3@A@@YAXXZ 00413b40 f    CIL library: CIL module
 0001:00012b70       ??__E?s_id@?$TObjectUniqueID@UISystem@base@UModSys@@@tl@UModSys@@2USUniquePointer@core@3@A@@YAXXZ 00413b70 f    CIL library: CIL module
 0001:00012ba0       ??__E?s_id@?$TObjectUniqueID@URModule@rsystem@base@UModSys@@@tl@UModSys@@2USUniquePointer@core@3@A@@YAXXZ 00413ba0 f    CIL library: CIL module
 0001:00012bd0       ??__E?s_id@?$TObjectUniqueID@UIModuleLibraryUni@rsystem@base@UModSys@@@tl@UModSys@@2USUniquePointer@core@3@A@@YAXXZ 00413bd0 f    CIL library: CIL module
 0001:00012c00       ??__E?s_id@?$TObjectUniqueID@URModuleLibrarySO@rsystem@base@UModSys@@@tl@UModSys@@2USUniquePointer@core@3@A@@YAXXZ 00413c00 f    CIL library: CIL module
 0001:00012c30       ??__E?s_id@?$TObjectUniqueID@URModuleLibraryThis@rsystem@base@UModSys@@@tl@UModSys@@2USUniquePointer@core@3@A@@YAXXZ 00413c30 f    CIL library: CIL module
 0001:00012c60       ??__E?s_id@?$TObjectUniqueID@URParameters@rsystem@base@UModSys@@@tl@UModSys@@2USUniquePointer@core@3@A@@YAXXZ 00413c60 f    CIL library: CIL module
 0001:00012c90       ??__E?s_id@?$TObjectUniqueID@URSystem@rsystem@base@UModSys@@@tl@UModSys@@2USUniquePointer@core@3@A@@YAXXZ 00413c90 f    CIL library: CIL module
 0001:00012cc0       ??__E?s_id@?$TObjectUniqueID@URConsole_std@rsystem@base@UModSys@@@tl@UModSys@@2USUniquePointer@core@3@A@@YAXXZ 00413cc0 f    CIL library: CIL module
 0001:00012cf0       ??__E?s_modreg@RModuleReg@stdio@media@modules@UModSys@@2U12345@A@@YAXXZ 00413cf0 f    CIL library: CIL module
 0001:00012d30       ??__E?s_modreg_chain@RModuleReg@stdio@media@modules@UModSys@@2USModuleRegChain@base@5@A@@YAXXZ 00413d30 f    CIL library: CIL module
 0001:00012d50       ??__E?s_uid@RGenerator@stdio@media@modules@UModSys@@2USUniquePointer@core@5@A@@YAXXZ 00413d50 f    CIL library: CIL module
 0001:00012d80       ??__E?s_id@?$TObjectUniqueID@UIStreamReader@libmedia@UModSys@@@tl@UModSys@@2USUniquePointer@core@3@A@@YAXXZ 00413d80 f    CIL library: CIL module
 0001:00012db0       ??__E?s_id@?$TObjectUniqueID@UIStreamWriter@libmedia@UModSys@@@tl@UModSys@@2USUniquePointer@core@3@A@@YAXXZ 00413db0 f    CIL library: CIL module
 0001:00012de0       ??__E?s_id@?$TObjectUniqueID@UIUtilities@libmedia@UModSys@@@tl@UModSys@@2USUniquePointer@core@3@A@@YAXXZ 00413de0 f    CIL library: CIL module
 0001:00012e10       ??__E?s_id@?$TObjectUniqueID@UILibObject@libmedia@UModSys@@@tl@UModSys@@2USUniquePointer@core@3@A@@YAXXZ 00413e10 f    CIL library: CIL module
 0001:00012e40       ??__E?s_id@?$TObjectUniqueID@UIBinArchive@libmedia@UModSys@@@tl@UModSys@@2USUniquePointer@core@3@A@@YAXXZ 00413e40 f    CIL library: CIL module
 0001:00012e70       ??__E?s_id@?$TObjectUniqueID@UIBinObjFilter@libmedia@UModSys@@@tl@UModSys@@2USUniquePointer@core@3@A@@YAXXZ 00413e70 f    CIL library: CIL module
 0001:00012ea0       ??__E?s_id@?$TObjectUniqueID@UILibrary@libmedia@UModSys@@@tl@UModSys@@2USUniquePointer@core@3@A@@YAXXZ 00413ea0 f    CIL library: CIL module
 0001:00012ed0       ??__E?s_id@?$TObjectUniqueID@URStreamReader_FILE@stdio@media@modules@UModSys@@@tl@UModSys@@2USUniquePointer@core@3@A@@YAXXZ 00413ed0 f    CIL library: CIL module
 0001:00012f00       ??__E?s_id@?$TObjectUniqueID@URStreamWriter_FILE@stdio@media@modules@UModSys@@@tl@UModSys@@2USUniquePointer@core@3@A@@YAXXZ 00413f00 f    CIL library: CIL module
 0001:00012f30       ??__E?s_id@?$TObjectUniqueID@URDataArchiver_OsDir@stdio@media@modules@UModSys@@@tl@UModSys@@2USUniquePointer@core@3@A@@YAXXZ 00413f30 f    CIL library: CIL module
 0001:00012f60       ??__E?s_id@?$TObjectUniqueID@URGenerator@stdio@media@modules@UModSys@@@tl@UModSys@@2USUniquePointer@core@3@A@@YAXXZ 00413f60 f    CIL library: CIL module
 0001:00012f90       ??__E?s_modreg@RModuleReg@stdlib@media@modules@UModSys@@2U12345@A@@YAXXZ 00413f90 f    CIL library: CIL module
 0001:00012fd0       ??__E?s_modreg_chain@RModuleReg@stdlib@media@modules@UModSys@@2USModuleRegChain@base@5@A@@YAXXZ 00413fd0 f    CIL library: CIL module
 0001:00013000       ??__E?s_uid@RGenerator@stdlib@media@modules@UModSys@@2USUniquePointer@core@5@A@@YAXXZ 00414000 f    CIL library: CIL module
 0001:00013030       ??__E?s_id@?$TObjectUniqueID@UILibraryBinTree@libmedia@UModSys@@@tl@UModSys@@2USUniquePointer@core@3@A@@YAXXZ 00414030 f    CIL library: CIL module
 0001:00013060       ??__E?s_id@?$TObjectUniqueID@UILibraryBinCache@libmedia@UModSys@@@tl@UModSys@@2USUniquePointer@core@3@A@@YAXXZ 00414060 f    CIL library: CIL module
 0001:00013090       ??__E?s_id@?$TObjectUniqueID@UILibraryObjFilter@libmedia@UModSys@@@tl@UModSys@@2USUniquePointer@core@3@A@@YAXXZ 00414090 f    CIL library: CIL module
 0001:000130c0       ??__E?s_id@?$TObjectUniqueID@UILibraryObjCache@libmedia@UModSys@@@tl@UModSys@@2USUniquePointer@core@3@A@@YAXXZ 004140c0 f    CIL library: CIL module
 0001:000130f0       ??__E?s_id@?$TObjectUniqueID@UILibraryLayered@libmedia@UModSys@@@tl@UModSys@@2USUniquePointer@core@3@A@@YAXXZ 004140f0 f    CIL library: CIL module
 0001:00013120       ??__E?s_id@?$TObjectUniqueID@UIBinArchiveFrame@libmedia@UModSys@@@tl@UModSys@@2USUniquePointer@core@3@A@@YAXXZ 00414120 f    CIL library: CIL module
 0001:00013150       ??__E?s_id@?$TObjectUniqueID@UIClient@IBinArchiveFrame@libmedia@UModSys@@@tl@UModSys@@2USUniquePointer@core@3@A@@YAXXZ 00414150 f    CIL library: CIL module
 0001:00013180       ??__E?s_id@?$TObjectUniqueID@URUtilities@stdlib@media@modules@UModSys@@@tl@UModSys@@2USUniquePointer@core@3@A@@YAXXZ 00414180 f    CIL library: CIL module
 0001:000131b0       ??__E?s_id@?$TObjectUniqueID@URBinArchiveFrame@stdlib@media@modules@UModSys@@@tl@UModSys@@2USUniquePointer@core@3@A@@YAXXZ 004141b0 f    CIL library: CIL module
 0001:000131e0       ??__E?s_id@?$TObjectUniqueID@URLibraryBinTree@stdlib@media@modules@UModSys@@@tl@UModSys@@2USUniquePointer@core@3@A@@YAXXZ 004141e0 f    CIL library: CIL module
 0001:00013210       ??__E?s_id@?$TObjectUniqueID@URLibraryBinCache@stdlib@media@modules@UModSys@@@tl@UModSys@@2USUniquePointer@core@3@A@@YAXXZ 00414210 f    CIL library: CIL module
 0001:00013240       ??__E?s_id@?$TObjectUniqueID@URLibraryLayered@stdlib@media@modules@UModSys@@@tl@UModSys@@2USUniquePointer@core@3@A@@YAXXZ 00414240 f    CIL library: CIL module
 0001:00013270       ??__E?s_id@?$TObjectUniqueID@URLibraryObjCache@stdlib@media@modules@UModSys@@@tl@UModSys@@2USUniquePointer@core@3@A@@YAXXZ 00414270 f    CIL library: CIL module
 0001:000132a0       ??__E?s_id@?$TObjectUniqueID@URLibraryObjFilter@stdlib@media@modules@UModSys@@@tl@UModSys@@2USUniquePointer@core@3@A@@YAXXZ 004142a0 f    CIL library: CIL module
 0001:000132d0       ??__E?s_id@?$TObjectUniqueID@URGenerator@stdlib@media@modules@UModSys@@@tl@UModSys@@2USUniquePointer@core@3@A@@YAXXZ 004142d0 f    CIL library: CIL module
 0001:00013300       ??__E?s_console@RConsole_std@rsystem@base@UModSys@@2U1234@A@@YAXXZ 00414300 f    CIL library: CIL module
 0001:00013320       ??__E?s_sys@RSystem@rsystem@base@UModSys@@2U1234@A@@YAXXZ 00414320 f    CIL library: CIL module
 0001:00013340       ??__Ersys_dbg@rsystem@base@UModSys@@YAXXZ 00414340 f    CIL library: CIL module
 0001:00013360       ??__EM@UModSys@@YAXXZ      00414360 f    CIL library: CIL module
 0001:00013380       ??__E?root@SModuleRegChain@base@UModSys@@2U123@A@@YAXXZ 00414380 f    CIL library: CIL module
 0001:000133a0       ??__E?s_library@RModuleLibraryReg_Chain@base@UModSys@@2U123@A@@YAXXZ 004143a0 f    CIL library: CIL module
 0001:000133c0       ??__E?root@SUniquePointer@core@UModSys@@2U123@A@@YAXXZ 004143c0 f    CIL library: CIL module
 0001:000133e0       ??__F?s_id@?$TObjectUniqueID@URConsole_std@rsystem@base@UModSys@@@tl@UModSys@@2USUniquePointer@core@3@A@@YAXXZ 004143e0 f    CIL library: CIL module
 0001:000133f0       ??__F?s_id@?$TObjectUniqueID@URSystem@rsystem@base@UModSys@@@tl@UModSys@@2USUniquePointer@core@3@A@@YAXXZ 004143f0 f    CIL library: CIL module
 0001:00013400       ??__F?s_id@?$TObjectUniqueID@URParameters@rsystem@base@UModSys@@@tl@UModSys@@2USUniquePointer@core@3@A@@YAXXZ 00414400 f    CIL library: CIL module
 0001:00013410       ??__F?s_id@?$TObjectUniqueID@URModuleLibraryThis@rsystem@base@UModSys@@@tl@UModSys@@2USUniquePointer@core@3@A@@YAXXZ 00414410 f    CIL library: CIL module
 0001:00013420       ??__F?s_id@?$TObjectUniqueID@URModuleLibrarySO@rsystem@base@UModSys@@@tl@UModSys@@2USUniquePointer@core@3@A@@YAXXZ 00414420 f    CIL library: CIL module
 0001:00013430       ??__F?s_id@?$TObjectUniqueID@UIModuleLibraryUni@rsystem@base@UModSys@@@tl@UModSys@@2USUniquePointer@core@3@A@@YAXXZ 00414430 f    CIL library: CIL module
 0001:00013440       ??__F?s_id@?$TObjectUniqueID@URModule@rsystem@base@UModSys@@@tl@UModSys@@2USUniquePointer@core@3@A@@YAXXZ 00414440 f    CIL library: CIL module
 0001:00013450       ??__F?s_id@?$TObjectUniqueID@UISystem@base@UModSys@@@tl@UModSys@@2USUniquePointer@core@3@A@@YAXXZ 00414450 f    CIL library: CIL module
 0001:00013460       ??__F?s_id@?$TObjectUniqueID@UIConsole@base@UModSys@@@tl@UModSys@@2USUniquePointer@core@3@A@@YAXXZ 00414460 f    CIL library: CIL module
 0001:00013470       ??__F?s_id@?$TObjectUniqueID@UIShell@base@UModSys@@@tl@UModSys@@2USUniquePointer@core@3@A@@YAXXZ 00414470 f    CIL library: CIL module
 0001:00013480       ??__F?s_id@?$TObjectUniqueID@UIGenerator@base@UModSys@@@tl@UModSys@@2USUniquePointer@core@3@A@@YAXXZ 00414480 f    CIL library: CIL module
 0001:00013490       ??__F?s_id@?$TObjectUniqueID@UIModObject@base@UModSys@@@tl@UModSys@@2USUniquePointer@core@3@A@@YAXXZ 00414490 f    CIL library: CIL module
 0001:000134a0       ??__F?s_id@?$TObjectUniqueID@UIModuleLibrary@base@UModSys@@@tl@UModSys@@2USUniquePointer@core@3@A@@YAXXZ 004144a0 f    CIL library: CIL module
 0001:000134b0       ??__F?s_id@?$TObjectUniqueID@UIModule@base@UModSys@@@tl@UModSys@@2USUniquePointer@core@3@A@@YAXXZ 004144b0 f    CIL library: CIL module
 0001:000134c0       ??__F?s_id@?$TObjectUniqueID@UIParameters@core@UModSys@@@tl@UModSys@@2USUniquePointer@core@3@A@@YAXXZ 004144c0 f    CIL library: CIL module
 0001:000134d0       ??__F?s_id@?$TObjectUniqueID@UIRefObject@core@UModSys@@@tl@UModSys@@2USUniquePointer@core@3@A@@YAXXZ 004144d0 f    CIL library: CIL module
 0001:000134e0       ??__F?s_id@?$TObjectUniqueID@UIRoot@core@UModSys@@@tl@UModSys@@2USUniquePointer@core@3@A@@YAXXZ 004144e0 f    CIL library: CIL module
 0001:000134f0       ??__F?s_modreg@RModuleReg@stdio@media@modules@UModSys@@2U12345@A@@YAXXZ 004144f0 f    CIL library: CIL module
 0001:00013510       ??__F?s_modreg_chain@RModuleReg@stdio@media@modules@UModSys@@2USModuleRegChain@base@5@A@@YAXXZ 00414510 f    CIL library: CIL module
 0001:00013520       ??__F?s_uid@RGenerator@stdio@media@modules@UModSys@@2USUniquePointer@core@5@A@@YAXXZ 00414520 f    CIL library: CIL module
 0001:00013530       ??__Fh@?1??s_holder@RGenerator@stdio@media@modules@UModSys@@SAAAU?$TTypeStaticHolder@URGenerator@stdio@media@modules@UModSys@@@tl@5@XZ@YAXXZ 00414530 f    CIL library: CIL module
 0001:00013550       ??__F?s_id@?$TObjectUniqueID@URGenerator@stdio@media@modules@UModSys@@@tl@UModSys@@2USUniquePointer@core@3@A@@YAXXZ 00414550 f    CIL library: CIL module
 0001:00013560       ??__F?s_id@?$TObjectUniqueID@URDataArchiver_OsDir@stdio@media@modules@UModSys@@@tl@UModSys@@2USUniquePointer@core@3@A@@YAXXZ 00414560 f    CIL library: CIL module
 0001:00013570       ??__F?s_id@?$TObjectUniqueID@URStreamWriter_FILE@stdio@media@modules@UModSys@@@tl@UModSys@@2USUniquePointer@core@3@A@@YAXXZ 00414570 f    CIL library: CIL module
 0001:00013580       ??__F?s_id@?$TObjectUniqueID@URStreamReader_FILE@stdio@media@modules@UModSys@@@tl@UModSys@@2USUniquePointer@core@3@A@@YAXXZ 00414580 f    CIL library: CIL module
 0001:00013590       ??__F?s_id@?$TObjectUniqueID@UILibrary@libmedia@UModSys@@@tl@UModSys@@2USUniquePointer@core@3@A@@YAXXZ 00414590 f    CIL library: CIL module
 0001:000135a0       ??__F?s_id@?$TObjectUniqueID@UIBinObjFilter@libmedia@UModSys@@@tl@UModSys@@2USUniquePointer@core@3@A@@YAXXZ 004145a0 f    CIL library: CIL module
 0001:000135b0       ??__F?s_id@?$TObjectUniqueID@UIBinArchive@libmedia@UModSys@@@tl@UModSys@@2USUniquePointer@core@3@A@@YAXXZ 004145b0 f    CIL library: CIL module
 0001:000135c0       ??__F?s_id@?$TObjectUniqueID@UILibObject@libmedia@UModSys@@@tl@UModSys@@2USUniquePointer@core@3@A@@YAXXZ 004145c0 f    CIL library: CIL module
 0001:000135d0       ??__F?s_id@?$TObjectUniqueID@UIUtilities@libmedia@UModSys@@@tl@UModSys@@2USUniquePointer@core@3@A@@YAXXZ 004145d0 f    CIL library: CIL module
 0001:000135e0       ??__F?s_id@?$TObjectUniqueID@UIStreamWriter@libmedia@UModSys@@@tl@UModSys@@2USUniquePointer@core@3@A@@YAXXZ 004145e0 f    CIL library: CIL module
 0001:000135f0       ??__F?s_id@?$TObjectUniqueID@UIStreamReader@libmedia@UModSys@@@tl@UModSys@@2USUniquePointer@core@3@A@@YAXXZ 004145f0 f    CIL library: CIL module
 0001:00013600       ??__F?s_modreg@RModuleReg@stdlib@media@modules@UModSys@@2U12345@A@@YAXXZ 00414600 f    CIL library: CIL module
 0001:00013620       ??__F?s_modreg_chain@RModuleReg@stdlib@media@modules@UModSys@@2USModuleRegChain@base@5@A@@YAXXZ 00414620 f    CIL library: CIL module
 0001:00013630       ??__F?s_uid@RGenerator@stdlib@media@modules@UModSys@@2USUniquePointer@core@5@A@@YAXXZ 00414630 f    CIL library: CIL module
 0001:00013640       ??__Fh@?1??s_holder@RGenerator@stdlib@media@modules@UModSys@@SAAAU?$TTypeStaticHolder@URGenerator@stdlib@media@modules@UModSys@@@tl@5@XZ@YAXXZ 00414640 f    CIL library: CIL module
 0001:00013660       ??__F?s_id@?$TObjectUniqueID@URGenerator@stdlib@media@modules@UModSys@@@tl@UModSys@@2USUniquePointer@core@3@A@@YAXXZ 00414660 f    CIL library: CIL module
 0001:00013670       ??__F?s_id@?$TObjectUniqueID@URLibraryObjFilter@stdlib@media@modules@UModSys@@@tl@UModSys@@2USUniquePointer@core@3@A@@YAXXZ 00414670 f    CIL library: CIL module
 0001:00013680       ??__F?s_id@?$TObjectUniqueID@URLibraryObjCache@stdlib@media@modules@UModSys@@@tl@UModSys@@2USUniquePointer@core@3@A@@YAXXZ 00414680 f    CIL library: CIL module
 0001:00013690       ??__F?s_id@?$TObjectUniqueID@URLibraryLayered@stdlib@media@modules@UModSys@@@tl@UModSys@@2USUniquePointer@core@3@A@@YAXXZ 00414690 f    CIL library: CIL module
 0001:000136a0       ??__F?s_id@?$TObjectUniqueID@URLibraryBinCache@stdlib@media@modules@UModSys@@@tl@UModSys@@2USUniquePointer@core@3@A@@YAXXZ 004146a0 f    CIL library: CIL module
 0001:000136b0       ??__F?s_id@?$TObjectUniqueID@URLibraryBinTree@stdlib@media@modules@UModSys@@@tl@UModSys@@2USUniquePointer@core@3@A@@YAXXZ 004146b0 f    CIL library: CIL module
 0001:000136c0       ??__F?s_id@?$TObjectUniqueID@URBinArchiveFrame@stdlib@media@modules@UModSys@@@tl@UModSys@@2USUniquePointer@core@3@A@@YAXXZ 004146c0 f    CIL library: CIL module
 0001:000136d0       ??__F?s_id@?$TObjectUniqueID@URUtilities@stdlib@media@modules@UModSys@@@tl@UModSys@@2USUniquePointer@core@3@A@@YAXXZ 004146d0 f    CIL library: CIL module
 0001:000136e0       ??__F?s_id@?$TObjectUniqueID@UIClient@IBinArchiveFrame@libmedia@UModSys@@@tl@UModSys@@2USUniquePointer@core@3@A@@YAXXZ 004146e0 f    CIL library: CIL module
 0001:000136f0       ??__F?s_id@?$TObjectUniqueID@UIBinArchiveFrame@libmedia@UModSys@@@tl@UModSys@@2USUniquePointer@core@3@A@@YAXXZ 004146f0 f    CIL library: CIL module
 0001:00013700       ??__F?s_id@?$TObjectUniqueID@UILibraryLayered@libmedia@UModSys@@@tl@UModSys@@2USUniquePointer@core@3@A@@YAXXZ 00414700 f    CIL library: CIL module
 0001:00013710       ??__F?s_id@?$TObjectUniqueID@UILibraryObjCache@libmedia@UModSys@@@tl@UModSys@@2USUniquePointer@core@3@A@@YAXXZ 00414710 f    CIL library: CIL module
 0001:00013720       ??__F?s_id@?$TObjectUniqueID@UILibraryObjFilter@libmedia@UModSys@@@tl@UModSys@@2USUniquePointer@core@3@A@@YAXXZ 00414720 f    CIL library: CIL module
 0001:00013730       ??__F?s_id@?$TObjectUniqueID@UILibraryBinCache@libmedia@UModSys@@@tl@UModSys@@2USUniquePointer@core@3@A@@YAXXZ 00414730 f    CIL library: CIL module
 0001:00013740       ??__F?s_id@?$TObjectUniqueID@UILibraryBinTree@libmedia@UModSys@@@tl@UModSys@@2USUniquePointer@core@3@A@@YAXXZ 00414740 f    CIL library: CIL module
 0001:00013750       ??__F?s_console@RConsole_std@rsystem@base@UModSys@@2U1234@A@@YAXXZ 00414750 f    CIL library: CIL module
 0001:00013760       ??__F?s_sys@RSystem@rsystem@base@UModSys@@2U1234@A@@YAXXZ 00414760 f    CIL library: CIL module
 0001:00013770       ??__Frsys_dbg@rsystem@base@UModSys@@YAXXZ 00414770 f    CIL library: CIL module
 0001:00013780       ??__FM@UModSys@@YAXXZ      00414780 f    CIL library: CIL module
 0001:00013790       ??__F?root@SModuleRegChain@base@UModSys@@2U123@A@@YAXXZ 00414790 f    CIL library: CIL module
 0001:000137a0       ??__F?s_library@RModuleLibraryReg_Chain@base@UModSys@@2U123@A@@YAXXZ 004147a0 f    CIL library: CIL module
 0001:000137b0       ??__F?root@SUniquePointer@core@UModSys@@2U123@A@@YAXXZ 004147b0 f    CIL library: CIL module

 Exports

  ordinal    name

        1    _UModSys_Plugin_Entry2@0
