 umodsysc

 Timestamp is 52b2f637 (Thu Dec 19 16:35:51 2013)

 Preferred load address is 00400000

 Start         Length     Name                   Class
 0001:00000000 00012bc0H .text                   CODE
 0001:00012bc0 000007afH .text$x                 CODE
 0001:00013370 00000a01H .text$yc                CODE
 0001:00013d80 000003daH .text$yd                CODE
 0002:00000000 00000154H .idata$5                DATA
 0002:00000154 00000004H .CRT$XCA                DATA
 0002:00000158 00000004H .CRT$XCAA               DATA
 0002:0000015c 000002ccH .CRT$XCU                DATA
 0002:00000428 00000004H .CRT$XCZ                DATA
 0002:0000042c 00000004H .CRT$XIA                DATA
 0002:00000430 00000004H .CRT$XIAA               DATA
 0002:00000434 00000004H .CRT$XIY                DATA
 0002:00000438 00000004H .CRT$XIZ                DATA
 0002:00000440 00001bb8H .rdata                  DATA
 0002:00001ff8 00001388H .rdata$r                DATA
 0002:00003380 00000100H .rdata$sxdata           DATA
 0002:00003480 00000004H .rtc$IAA                DATA
 0002:00003484 00000004H .rtc$IZZ                DATA
 0002:00003488 00000004H .rtc$TAA                DATA
 0002:0000348c 00000004H .rtc$TZZ                DATA
 0002:00003490 00000d8cH .xdata$x                DATA
 0002:0000421c 00000028H .idata$2                DATA
 0002:00004244 00000014H .idata$3                DATA
 0002:00004258 00000154H .idata$4                DATA
 0002:000043ac 00000554H .idata$6                DATA
 0002:00004900 00000058H .edata                  DATA
 0003:00000000 00000cc0H .data                   DATA
 0003:00000cc0 00002a04H .bss                    DATA

  Address         Publics by Value              Rva+Base       Lib:Object

 0000:00000000       __except_list              00000000     <absolute>
 0000:00000040       ___safe_se_handler_count   00000040     <absolute>
 0000:00009876       __ldused                   00009876     <absolute>
 0000:00009876       __fltused                  00009876     <absolute>
 0000:00000000       ___ImageBase               00400000     <linker-defined>
 0001:00000000       ??0?$TString@U?$TSCoreConst@D@su@tl@UModSys@@U?$TComparerBinaryHash@D@234@@tl@UModSys@@QAE@PBD@Z 00401000 f i umodsys.c_main.obj
 0001:00000050       ??$shash@D@su@tl@UModSys@@YAIPBDI@Z 00401050 f i umodsys.c_main.obj
 0001:00000090       ??3IRoot@core@UModSys@@SAXPAXABUSIMemAlloc@12@@Z 00401090 f i umodsys_lib_libmedia:umodsys.mod.media.stdio.obj
 0001:000000a0       ?get@SParameters@core@UModSys@@QBE_NPBDAAPBD@Z 004010a0 f i umodsys_lib_libmedia:umodsys.mod.media.stdio.obj
 0001:000000d0       ?get@SParameters@core@UModSys@@QBE_NPBDAA_N@Z 004010d0 f i umodsys_lib_libmedia:umodsys.mod.media.stdio.obj
 0001:00000110       ??1?$TSCoreShared@USIMemAlloc@core@UModSys@@D@su@tl@UModSys@@QAE@XZ 00401110 f i umodsys_lib_libmedia:umodsys.mod.media.stdio.obj
 0001:00000110       ??1?$TStringBuf@U?$TSCoreShared@USIMemAlloc@core@UModSys@@D@su@tl@UModSys@@U?$TComparerBinaryHash@D@234@@tl@UModSys@@QAE@XZ 00401110 f i umodsys_lib_libmedia:umodsys.mod.media.stdlib.obj
 0001:00000110       ??1?$TString@U?$TSCoreShared@USIMemAlloc@core@UModSys@@D@su@tl@UModSys@@U?$TComparerBinaryHash@D@234@@tl@UModSys@@QAE@XZ 00401110 f i umodsys_lib_libmedia:umodsys.mod.media.stdio.obj
 0001:00000120       ?archive_load_data@libmedia@UModSys@@YA_NAAUIBinArchive@12@ABU?$TString@U?$TSCoreConst@D@su@tl@UModSys@@U?$TComparerBinaryHash@D@234@@tl@2@AAUSCMemShared@core@2@ABUSFlags@12@@Z 00401120 f i umodsys_lib_libmedia:umodsys.mod.media.stdio.obj
 0001:00000310       ?archive_save_data@libmedia@UModSys@@YA_NAAUIBinArchive@12@ABU?$TString@U?$TSCoreConst@D@su@tl@UModSys@@U?$TComparerBinaryHash@D@234@@tl@2@ABUSCMem@core@2@ABUSFlags@12@@Z 00401310 f i umodsys_lib_libmedia:umodsys.mod.media.stdio.obj
 0001:000003c0       ?file_get_size@stdio@media@modules@UModSys@@YA_JPAU_iobuf@@@Z 004013c0 f i umodsys_lib_libmedia:umodsys.mod.media.stdio.obj
 0001:00000410       ?root_get_interface_info@RStreamReader_FILE@stdio@media@modules@UModSys@@UBEABUSUniquePointerInfo@core@5@XZ 00401410 f i umodsys_lib_libmedia:umodsys.mod.media.stdio.obj
 0001:00000420       ?root_get_interface_type@RStreamReader_FILE@stdio@media@modules@UModSys@@UBEPBUSUniquePointerInfo@core@5@XZ 00401420 f i umodsys_lib_libmedia:umodsys.mod.media.stdio.obj
 0001:00000430       ?root_get_other_interface@RStreamReader_FILE@stdio@media@modules@UModSys@@UAEPAUIRoot@core@5@PBUSUniquePointerInfo@75@@Z 00401430 f i umodsys_lib_libmedia:umodsys.mod.media.stdio.obj
 0001:00000430       ?root_get_other_interface@RStreamReader_FILE@stdio@media@modules@UModSys@@UBEPBUIRoot@core@5@PBUSUniquePointerInfo@75@@Z 00401430 f i umodsys_lib_libmedia:umodsys.mod.media.stdio.obj
 0001:00000460       ?root_is_interface_supported@RStreamReader_FILE@stdio@media@modules@UModSys@@UBE_NPBUSUniquePointerInfo@core@5@@Z 00401460 f i umodsys_lib_libmedia:umodsys.mod.media.stdio.obj
 0001:000004a0       ??0RStreamReader_FILE@stdio@media@modules@UModSys@@QAE@PAUIModObject@base@4@ABUSParameters@core@4@@Z 004014a0 f i umodsys_lib_libmedia:umodsys.mod.media.stdio.obj
 0001:00000550       ??0RStreamReader_FILE@stdio@media@modules@UModSys@@QAE@PAUIModObject@base@4@PBD@Z 00401550 f i umodsys_lib_libmedia:umodsys.mod.media.stdio.obj
 0001:000005e0       ?get_size@RStreamReader_FILE@stdio@media@modules@UModSys@@QAEXXZ 004015e0 f i umodsys_lib_libmedia:umodsys.mod.media.stdio.obj
 0001:00000650       ?reader_seek@RStreamReader_FILE@stdio@media@modules@UModSys@@UAE_N_J@Z 00401650 f i umodsys_lib_libmedia:umodsys.mod.media.stdio.obj
 0001:00000680       ?reader_seekend@RStreamReader_FILE@stdio@media@modules@UModSys@@UAE_N_J@Z 00401680 f i umodsys_lib_libmedia:umodsys.mod.media.stdio.obj
 0001:000006b0       ?reader_seekdelta@RStreamReader_FILE@stdio@media@modules@UModSys@@UAE_N_J@Z 004016b0 f i umodsys_lib_libmedia:umodsys.mod.media.stdio.obj
 0001:000006e0       ?reader_pos@RStreamReader_FILE@stdio@media@modules@UModSys@@UAE_JXZ 004016e0 f i umodsys_lib_libmedia:umodsys.mod.media.stdio.obj
 0001:00000700       ?reader_size@RStreamReader_FILE@stdio@media@modules@UModSys@@UAE_JXZ 00401700 f i umodsys_lib_libmedia:umodsys.mod.media.stdio.obj
 0001:00000710       ?reader_read@RStreamReader_FILE@stdio@media@modules@UModSys@@UAE_NPAXI@Z 00401710 f i umodsys_lib_libmedia:umodsys.mod.media.stdio.obj
 0001:00000790       ?reader_close@RStreamReader_FILE@stdio@media@modules@UModSys@@UAEXXZ 00401790 f i umodsys_lib_libmedia:umodsys.mod.media.stdio.obj
 0001:000007b0       ??_ERStreamReader_FILE@stdio@media@modules@UModSys@@UAEPAXI@Z 004017b0 f i  CIL library: CIL module
 0001:000007b0       ??_GRStreamReader_FILE@stdio@media@modules@UModSys@@UAEPAXI@Z 004017b0 f i umodsys_lib_libmedia:umodsys.mod.media.stdio.obj
 0001:000007f0       ??1IStreamWriter@libmedia@UModSys@@UAE@XZ 004017f0 f i umodsys_lib_libmedia:umodsys.mod.media.stdio.obj
 0001:000007f0       ??1IStreamReader@libmedia@UModSys@@UAE@XZ 004017f0 f i umodsys_lib_libmedia:umodsys.mod.media.stdio.obj
 0001:000007f0       ??1IUtilities@libmedia@UModSys@@UAE@XZ 004017f0 f i umodsys_lib_libmedia:umodsys.mod.media.stdlib.obj
 0001:00000800       ??_GIRoot@core@UModSys@@UAEPAXI@Z 00401800 f i umodsys_lib_libmedia:umodsys.mod.media.stdio.obj
 0001:00000800       ??_EIRoot@core@UModSys@@UAEPAXI@Z 00401800 f i  CIL library: CIL module
 0001:00000820       ?root_get_interface_info@RStreamWriter_FILE@stdio@media@modules@UModSys@@UBEABUSUniquePointerInfo@core@5@XZ 00401820 f i umodsys_lib_libmedia:umodsys.mod.media.stdio.obj
 0001:00000830       ?root_get_interface_type@RStreamWriter_FILE@stdio@media@modules@UModSys@@UBEPBUSUniquePointerInfo@core@5@XZ 00401830 f i umodsys_lib_libmedia:umodsys.mod.media.stdio.obj
 0001:00000840       ?root_get_other_interface@RStreamWriter_FILE@stdio@media@modules@UModSys@@UBEPBUIRoot@core@5@PBUSUniquePointerInfo@75@@Z 00401840 f i umodsys_lib_libmedia:umodsys.mod.media.stdio.obj
 0001:00000840       ?root_get_other_interface@RStreamWriter_FILE@stdio@media@modules@UModSys@@UAEPAUIRoot@core@5@PBUSUniquePointerInfo@75@@Z 00401840 f i umodsys_lib_libmedia:umodsys.mod.media.stdio.obj
 0001:00000870       ?root_is_interface_supported@RStreamWriter_FILE@stdio@media@modules@UModSys@@UBE_NPBUSUniquePointerInfo@core@5@@Z 00401870 f i umodsys_lib_libmedia:umodsys.mod.media.stdio.obj
 0001:000008b0       ?ref_links@RStreamReader_FILE@stdio@media@modules@UModSys@@UBEHXZ 004018b0 f i umodsys_lib_libmedia:umodsys.mod.media.stdio.obj
 0001:000008b0       ?ref_links@RStreamWriter_FILE@stdio@media@modules@UModSys@@UBEHXZ 004018b0 f i umodsys_lib_libmedia:umodsys.mod.media.stdio.obj
 0001:000008b0       ?ref_links@RGenerator@stdio@media@modules@UModSys@@UBEHXZ 004018b0 f i umodsys_lib_libmedia:umodsys.mod.media.stdio.obj
 0001:000008b0       ?ref_links@RGenerator@stdlib@media@modules@UModSys@@UBEHXZ 004018b0 f i umodsys_lib_libmedia:umodsys.mod.media.stdlib.obj
 0001:000008b0       ?ref_links@RUtilities@stdlib@media@modules@UModSys@@UBEHXZ 004018b0 f i umodsys_lib_libmedia:umodsys.mod.media.stdlib.obj
 0001:000008c0       ??1RStreamWriter_FILE@stdio@media@modules@UModSys@@UAE@XZ 004018c0 f i umodsys_lib_libmedia:umodsys.mod.media.stdio.obj
 0001:00000930       ??0RStreamWriter_FILE@stdio@media@modules@UModSys@@QAE@PAUIModObject@base@4@ABUSParameters@core@4@@Z 00401930 f i umodsys_lib_libmedia:umodsys.mod.media.stdio.obj
 0001:000009b0       ??0RStreamWriter_FILE@stdio@media@modules@UModSys@@QAE@PAUIModObject@base@4@PBD_N@Z 004019b0 f i umodsys_lib_libmedia:umodsys.mod.media.stdio.obj
 0001:00000a70       ?open@RStreamWriter_FILE@stdio@media@modules@UModSys@@QAEXABUSParameters@core@5@@Z 00401a70 f i umodsys_lib_libmedia:umodsys.mod.media.stdio.obj
 0001:00000b00       ?writer_seek@RStreamWriter_FILE@stdio@media@modules@UModSys@@UAE_N_J@Z 00401b00 f i umodsys_lib_libmedia:umodsys.mod.media.stdio.obj
 0001:00000b30       ?writer_seekend@RStreamWriter_FILE@stdio@media@modules@UModSys@@UAE_N_J@Z 00401b30 f i umodsys_lib_libmedia:umodsys.mod.media.stdio.obj
 0001:00000b60       ?writer_seekdelta@RStreamWriter_FILE@stdio@media@modules@UModSys@@UAE_N_J@Z 00401b60 f i umodsys_lib_libmedia:umodsys.mod.media.stdio.obj
 0001:00000b90       ?writer_setsize@RStreamWriter_FILE@stdio@media@modules@UModSys@@UAE_N_J@Z 00401b90 f i umodsys_lib_libmedia:umodsys.mod.media.stdio.obj
 0001:00000bd0       ?writer_pos@RStreamWriter_FILE@stdio@media@modules@UModSys@@UAE_JXZ 00401bd0 f i umodsys_lib_libmedia:umodsys.mod.media.stdio.obj
 0001:00000bf0       ?writer_size@RStreamWriter_FILE@stdio@media@modules@UModSys@@UAE_JXZ 00401bf0 f i umodsys_lib_libmedia:umodsys.mod.media.stdio.obj
 0001:00000c20       ?writer_write@RStreamWriter_FILE@stdio@media@modules@UModSys@@UAE_NPBXI@Z 00401c20 f i umodsys_lib_libmedia:umodsys.mod.media.stdio.obj
 0001:00000ca0       ?writer_copy@RStreamWriter_FILE@stdio@media@modules@UModSys@@UAE_NPAUIStreamReader@libmedia@5@_J@Z 00401ca0 f i umodsys_lib_libmedia:umodsys.mod.media.stdio.obj
 0001:00000d70       ?writer_copy@RStreamWriter_FILE@stdio@media@modules@UModSys@@UAE_NPAUIStreamReader@libmedia@5@_J1@Z 00401d70 f i umodsys_lib_libmedia:umodsys.mod.media.stdio.obj
 0001:00000dc0       ?writer_close@RStreamWriter_FILE@stdio@media@modules@UModSys@@UAEXXZ 00401dc0 f i umodsys_lib_libmedia:umodsys.mod.media.stdio.obj
 0001:00000e00       ?writer_abort@RStreamWriter_FILE@stdio@media@modules@UModSys@@UAEXXZ 00401e00 f i umodsys_lib_libmedia:umodsys.mod.media.stdio.obj
 0001:00000e40       ??_GRStreamWriter_FILE@stdio@media@modules@UModSys@@UAEPAXI@Z 00401e40 f i umodsys_lib_libmedia:umodsys.mod.media.stdio.obj
 0001:00000e40       ??_ERStreamWriter_FILE@stdio@media@modules@UModSys@@UAEPAXI@Z 00401e40 f i  CIL library: CIL module
 0001:00000e60       ?root_get_interface_info@RDataArchiver_OsDir@stdio@media@modules@UModSys@@UBEABUSUniquePointerInfo@core@5@XZ 00401e60 f i umodsys_lib_libmedia:umodsys.mod.media.stdio.obj
 0001:00000e70       ?root_get_interface_type@RDataArchiver_OsDir@stdio@media@modules@UModSys@@UBEPBUSUniquePointerInfo@core@5@XZ 00401e70 f i umodsys_lib_libmedia:umodsys.mod.media.stdio.obj
 0001:00000e80       ?root_get_other_interface@RDataArchiver_OsDir@stdio@media@modules@UModSys@@UAEPAUIRoot@core@5@PBUSUniquePointerInfo@75@@Z 00401e80 f i umodsys_lib_libmedia:umodsys.mod.media.stdio.obj
 0001:00000e80       ?root_get_other_interface@RDataArchiver_OsDir@stdio@media@modules@UModSys@@UBEPBUIRoot@core@5@PBUSUniquePointerInfo@75@@Z 00401e80 f i umodsys_lib_libmedia:umodsys.mod.media.stdio.obj
 0001:00000ec0       ?root_is_interface_supported@RDataArchiver_OsDir@stdio@media@modules@UModSys@@UBE_NPBUSUniquePointerInfo@core@5@@Z 00401ec0 f i umodsys_lib_libmedia:umodsys.mod.media.stdio.obj
 0001:00000f00       ?ref_weak@RLibraryObjCache@stdlib@media@modules@UModSys@@UBE_NAAUWeakPointer@IRefObject@core@5@@Z 00401f00 f i umodsys_lib_libmedia:umodsys.mod.media.stdlib.obj
 0001:00000f00       ?ref_weak@RLibraryObjFilter@stdlib@media@modules@UModSys@@UBE_NAAUWeakPointer@IRefObject@core@5@@Z 00401f00 f i umodsys_lib_libmedia:umodsys.mod.media.stdlib.obj
 0001:00000f00       ?ref_weak@RParameters@rsystem@base@UModSys@@UBE_NAAUWeakPointer@IRefObject@core@4@@Z 00401f00 f i umodsys_lib_basesys:umodsys.basesys.rparameters.obj
 0001:00000f00       ?ref_weak@RLibraryBinTree@stdlib@media@modules@UModSys@@UBE_NAAUWeakPointer@IRefObject@core@5@@Z 00401f00 f i umodsys_lib_libmedia:umodsys.mod.media.stdlib.obj
 0001:00000f00       ?ref_weak@RLibraryLayered@stdlib@media@modules@UModSys@@UBE_NAAUWeakPointer@IRefObject@core@5@@Z 00401f00 f i umodsys_lib_libmedia:umodsys.mod.media.stdlib.obj
 0001:00000f00       ?ref_weak@RLibraryBinCache@stdlib@media@modules@UModSys@@UBE_NAAUWeakPointer@IRefObject@core@5@@Z 00401f00 f i umodsys_lib_libmedia:umodsys.mod.media.stdlib.obj
 0001:00000f00       ?ref_weak@RDataArchiver_OsDir@stdio@media@modules@UModSys@@UBE_NAAUWeakPointer@IRefObject@core@5@@Z 00401f00 f i umodsys_lib_libmedia:umodsys.mod.media.stdio.obj
 0001:00000f20       ?suicide@RLibraryLayered@stdlib@media@modules@UModSys@@UAEXXZ 00401f20 f i umodsys_lib_libmedia:umodsys.mod.media.stdlib.obj
 0001:00000f20       ?suicide@RLibraryObjCache@stdlib@media@modules@UModSys@@UAEXXZ 00401f20 f i umodsys_lib_libmedia:umodsys.mod.media.stdlib.obj
 0001:00000f20       ?suicide@RLibraryBinCache@stdlib@media@modules@UModSys@@UAEXXZ 00401f20 f i umodsys_lib_libmedia:umodsys.mod.media.stdlib.obj
 0001:00000f20       ?suicide@RLibraryBinTree@stdlib@media@modules@UModSys@@UAEXXZ 00401f20 f i umodsys_lib_libmedia:umodsys.mod.media.stdlib.obj
 0001:00000f20       ?suicide@RLibraryObjFilter@stdlib@media@modules@UModSys@@UAEXXZ 00401f20 f i umodsys_lib_libmedia:umodsys.mod.media.stdlib.obj
 0001:00000f20       ?suicide@RDataArchiver_OsDir@stdio@media@modules@UModSys@@UAEXXZ 00401f20 f i umodsys_lib_libmedia:umodsys.mod.media.stdio.obj
 0001:00000f30       ??0RDataArchiver_OsDir@stdio@media@modules@UModSys@@QAE@PAUIModObject@base@4@ABUSParameters@core@4@U?$TFlags4State@USMediaFlagUid@libmedia@UModSys@@I@tl@4@@Z 00401f30 f i umodsys_lib_libmedia:umodsys.mod.media.stdio.obj
 0001:00001010       ??1RDataArchiver_OsDir@stdio@media@modules@UModSys@@UAE@XZ 00402010 f i umodsys_lib_libmedia:umodsys.mod.media.stdio.obj
 0001:00001080       ?open@RDataArchiver_OsDir@stdio@media@modules@UModSys@@QAEXABUSParameters@core@5@@Z 00402080 f i umodsys_lib_libmedia:umodsys.mod.media.stdio.obj
 0001:00001150       ?get_flag@RDataArchiver_OsDir@stdio@media@modules@UModSys@@UBE?AW4eStates@?$TFlags4State@USMediaFlagUid@libmedia@UModSys@@I@tl@5@H@Z 00402150 f i umodsys_lib_libmedia:umodsys.mod.media.stdio.obj
 0001:00001170       ?get_flags_auto@RDataArchiver_OsDir@stdio@media@modules@UModSys@@UBE?AU?$TFlags4State@USMediaFlagUid@libmedia@UModSys@@I@tl@5@XZ 00402170 f i umodsys_lib_libmedia:umodsys.mod.media.stdio.obj
 0001:00001180       ?set_flag@RDataArchiver_OsDir@stdio@media@modules@UModSys@@UAE?AW4eStates@?$TFlags4State@USMediaFlagUid@libmedia@UModSys@@I@tl@5@HW46785@@Z 00402180 f i umodsys_lib_libmedia:umodsys.mod.media.stdio.obj
 0001:000011b0       ?data_load@RDataArchiver_OsDir@stdio@media@modules@UModSys@@UAE_NABU?$TString@U?$TSCoreConst@D@su@tl@UModSys@@U?$TComparerBinaryHash@D@234@@tl@5@AAUSCMemShared@core@5@ABUSFlags@libmedia@5@@Z 004021b0 f i umodsys_lib_libmedia:umodsys.mod.media.stdio.obj
 0001:000011f0       ?data_save@RDataArchiver_OsDir@stdio@media@modules@UModSys@@UAE_NABU?$TString@U?$TSCoreConst@D@su@tl@UModSys@@U?$TComparerBinaryHash@D@234@@tl@5@ABUSCMem@core@5@ABUSFlags@libmedia@5@@Z 004021f0 f i umodsys_lib_libmedia:umodsys.mod.media.stdio.obj
 0001:00001210       ?data_reader@RDataArchiver_OsDir@stdio@media@modules@UModSys@@UAE?AU?$TRefObject@UIStreamReader@libmedia@UModSys@@U?$TRefObjectFunc@UIStreamReader@libmedia@UModSys@@@tl@3@@tl@5@ABU?$TString@U?$TSCoreConst@D@su@tl@UModSys@@U?$TComparerBinaryHash@D@234@@75@ABUSFlags@libmedia@5@@Z 00402210 f i umodsys_lib_libmedia:umodsys.mod.media.stdio.obj
 0001:00001380       ?data_writer@RDataArchiver_OsDir@stdio@media@modules@UModSys@@UAE?AU?$TRefObject@UIStreamWriter@libmedia@UModSys@@U?$TRefObjectFunc@UIStreamWriter@libmedia@UModSys@@@tl@3@@tl@5@ABU?$TString@U?$TSCoreConst@D@su@tl@UModSys@@U?$TComparerBinaryHash@D@234@@75@ABUSFlags@libmedia@5@@Z 00402380 f i umodsys_lib_libmedia:umodsys.mod.media.stdio.obj
 0001:00001510       ?data_list@RDataArchiver_OsDir@stdio@media@modules@UModSys@@UAE_NABU?$TString@U?$TSCoreConst@D@su@tl@UModSys@@U?$TComparerBinaryHash@D@234@@tl@5@IAAU?$TIStackSocket@USFileInfo@libmedia@UModSys@@@75@ABUSFlags@libmedia@5@@Z 00402510 f i umodsys_lib_libmedia:umodsys.mod.media.stdio.obj
 0001:00001510       ?data_list@RDataArchiver_OsDir@stdio@media@modules@UModSys@@UAE_NABU?$TString@U?$TSCoreConst@D@su@tl@UModSys@@U?$TComparerBinaryHash@D@234@@tl@5@IAAUSFileInfo@libmedia@5@ABUSFlags@95@@Z 00402510 f i umodsys_lib_libmedia:umodsys.mod.media.stdio.obj
 0001:00001560       ?get_permissions@RDataArchiver_OsDir@stdio@media@modules@UModSys@@UAEHXZ 00402560 f i umodsys_lib_libmedia:umodsys.mod.media.stdio.obj
 0001:00001570       ??_GRDataArchiver_OsDir@stdio@media@modules@UModSys@@UAEPAXI@Z 00402570 f i umodsys_lib_libmedia:umodsys.mod.media.stdio.obj
 0001:00001570       ??_ERDataArchiver_OsDir@stdio@media@modules@UModSys@@UAEPAXI@Z 00402570 f i  CIL library: CIL module
 0001:00001590       ?get_generated_names@RGenerator@stdio@media@modules@UModSys@@UBEHAAUSUniquePtrList@core@5@@Z 00402590 f i umodsys_lib_libmedia:umodsys.mod.media.stdio.obj
 0001:000015d0       ?get_generated_types@RGenerator@stdio@media@modules@UModSys@@UBEHAAUSUniquePtrList@core@5@PBUSUniquePointerInfo@75@@Z 004025d0 f i umodsys_lib_libmedia:umodsys.mod.media.stdio.obj
 0001:00001660       ?generate@RGenerator@stdio@media@modules@UModSys@@UAE_NAAU?$TRefObject@UIRefObject@core@UModSys@@U?$TRefObjectFunc@UIRefObject@core@UModSys@@@tl@3@@tl@5@PBUSUniquePointerInfo@core@5@ABUSParameters@95@@Z 00402660 f i umodsys_lib_libmedia:umodsys.mod.media.stdio.obj
 0001:000016c0       ?root_get_interface_info@RGenerator@stdio@media@modules@UModSys@@UBEABUSUniquePointerInfo@core@5@XZ 004026c0 f i umodsys_lib_libmedia:umodsys.mod.media.stdio.obj
 0001:000016d0       ?root_get_interface_type@RGenerator@stdio@media@modules@UModSys@@UBEPBUSUniquePointerInfo@core@5@XZ 004026d0 f i umodsys_lib_libmedia:umodsys.mod.media.stdio.obj
 0001:000016e0       ?root_get_other_interface@RGenerator@stdio@media@modules@UModSys@@UAEPAUIRoot@core@5@PBUSUniquePointerInfo@75@@Z 004026e0 f i umodsys_lib_libmedia:umodsys.mod.media.stdio.obj
 0001:000016e0       ?root_get_other_interface@RGenerator@stdio@media@modules@UModSys@@UBEPBUIRoot@core@5@PBUSUniquePointerInfo@75@@Z 004026e0 f i umodsys_lib_libmedia:umodsys.mod.media.stdio.obj
 0001:00001720       ?root_is_interface_supported@RGenerator@stdio@media@modules@UModSys@@UBE_NPBUSUniquePointerInfo@core@5@@Z 00402720 f i umodsys_lib_libmedia:umodsys.mod.media.stdio.obj
 0001:00001760       ?ref_remove@RGenerator@stdio@media@modules@UModSys@@UBEXXZ 00402760 f i umodsys_lib_libmedia:umodsys.mod.media.stdio.obj
 0001:00001760       ?ref_remove@RStreamReader_FILE@stdio@media@modules@UModSys@@UBEXXZ 00402760 f i umodsys_lib_libmedia:umodsys.mod.media.stdio.obj
 0001:00001760       ?ref_remove@RGenerator@stdlib@media@modules@UModSys@@UBEXXZ 00402760 f i umodsys_lib_libmedia:umodsys.mod.media.stdlib.obj
 0001:00001760       ?ref_remove@RStreamWriter_FILE@stdio@media@modules@UModSys@@UBEXXZ 00402760 f i umodsys_lib_libmedia:umodsys.mod.media.stdio.obj
 0001:00001760       ?ref_remove@RUtilities@stdlib@media@modules@UModSys@@UBEXXZ 00402760 f i umodsys_lib_libmedia:umodsys.mod.media.stdlib.obj
 0001:00001770       ?get_uid@RGenerator@stdio@media@modules@UModSys@@UBEPBUSUniquePointerInfo@core@5@XZ 00402770 f i umodsys_lib_libmedia:umodsys.mod.media.stdio.obj
 0001:00001780       ?do_open@RModuleReg@stdio@media@modules@UModSys@@UAE_NXZ 00402780 f i umodsys_lib_libmedia:umodsys.mod.media.stdio.obj
 0001:00001790       ?do_close@RModuleReg@stdio@media@modules@UModSys@@UAE_NXZ 00402790 f i umodsys_lib_libmedia:umodsys.mod.media.stdio.obj
 0001:000017a0       ??_GRModuleReg@stdio@media@modules@UModSys@@UAEPAXI@Z 004027a0 f i umodsys_lib_libmedia:umodsys.mod.media.stdio.obj
 0001:000017a0       ??_ERModuleReg@stdio@media@modules@UModSys@@UAEPAXI@Z 004027a0 f i  CIL library: CIL module
 0001:000017d0       ??1?$TRefObject@URBinArchiveFrame@stdlib@media@modules@UModSys@@U?$TRefObjectFunc@URBinArchiveFrame@stdlib@media@modules@UModSys@@@tl@5@@tl@UModSys@@QAE@XZ 004027d0 f i umodsys_lib_libmedia:umodsys.mod.media.stdlib.obj
 0001:000017d0       ??1?$TRefObject@URLibraryBinTree@stdlib@media@modules@UModSys@@U?$TRefObjectFunc@URLibraryBinTree@stdlib@media@modules@UModSys@@@tl@5@@tl@UModSys@@QAE@XZ 004027d0 f i umodsys_lib_libmedia:umodsys.mod.media.stdlib.obj
 0001:000017d0       ??1?$TRefObject@UIBinObjFilter@libmedia@UModSys@@U?$TRefObjectFunc@UIBinObjFilter@libmedia@UModSys@@@tl@3@@tl@UModSys@@QAE@XZ 004027d0 f i umodsys_lib_libmedia:umodsys.mod.media.stdlib.obj
 0001:000017d0       ??1?$TRefObject@URLibraryLayered@stdlib@media@modules@UModSys@@U?$TRefObjectFunc@URLibraryLayered@stdlib@media@modules@UModSys@@@tl@5@@tl@UModSys@@QAE@XZ 004027d0 f i umodsys_lib_libmedia:umodsys.mod.media.stdlib.obj
 0001:000017d0       ??1?$TRefObject@URLibraryObjCache@stdlib@media@modules@UModSys@@U?$TRefObjectFunc@URLibraryObjCache@stdlib@media@modules@UModSys@@@tl@5@@tl@UModSys@@QAE@XZ 004027d0 f i umodsys_lib_libmedia:umodsys.mod.media.stdlib.obj
 0001:000017d0       ??1?$TRefObject@URModuleLibrarySO@rsystem@base@UModSys@@U?$TRefObjectFunc@URModuleLibrarySO@rsystem@base@UModSys@@@tl@4@@tl@UModSys@@QAE@XZ 004027d0 f i umodsys_lib_basesys:umodsys.basesys.rmoduleloader.obj
 0001:000017d0       ??1?$TRefObject@UIShell@base@UModSys@@U?$TRefObjectFunc@UIShell@base@UModSys@@@tl@3@@tl@UModSys@@QAE@XZ 004027d0 f i umodsys_lib_basesys:umodsys.basesys.rsystem_tests.obj
 0001:000017d0       ??1SFilter@RLibraryObjFilter@stdlib@media@modules@UModSys@@QAE@XZ 004027d0 f i umodsys_lib_libmedia:umodsys.mod.media.stdlib.obj
 0001:000017d0       ??1?$TRefObject@URParameters@rsystem@base@UModSys@@U?$TRefObjectFunc@URParameters@rsystem@base@UModSys@@@tl@4@@tl@UModSys@@QAE@XZ 004027d0 f i umodsys_lib_basesys:umodsys.basesys.rsystem_main.obj
 0001:000017d0       ??1?$TRefObject@URStreamReader_FILE@stdio@media@modules@UModSys@@U?$TRefObjectFunc@URStreamReader_FILE@stdio@media@modules@UModSys@@@tl@5@@tl@UModSys@@QAE@XZ 004027d0 f i umodsys_lib_libmedia:umodsys.mod.media.stdio.obj
 0001:000017d0       ??1?$TRefObject@UIRefObject@core@UModSys@@U?$TRefObjectFunc@UIRefObject@core@UModSys@@@tl@3@@tl@UModSys@@QAE@XZ 004027d0 f i umodsys_lib_libmedia:umodsys.mod.media.stdlib.obj
 0001:000017d0       ??1?$TRefObject@UIBinArchive@libmedia@UModSys@@U?$TRefObjectFunc@UIBinArchive@libmedia@UModSys@@@tl@3@@tl@UModSys@@QAE@XZ 004027d0 f i umodsys_lib_libmedia:umodsys.mod.media.stdlib.obj
 0001:000017d0       ??1?$TRefObject@URUtilities@stdlib@media@modules@UModSys@@U?$TRefObjectFunc@URUtilities@stdlib@media@modules@UModSys@@@tl@5@@tl@UModSys@@QAE@XZ 004027d0 f i umodsys_lib_libmedia:umodsys.mod.media.stdlib.obj
 0001:000017d0       ??1?$TRefObject@UIModuleLibraryUni@rsystem@base@UModSys@@U?$TRefObjectFunc@UIModuleLibraryUni@rsystem@base@UModSys@@@tl@4@@tl@UModSys@@QAE@XZ 004027d0 f i umodsys_lib_basesys:umodsys.basesys.rmodule.obj
 0001:000017d0       ??1?$TRefObject@UIClient@IBinArchiveFrame@libmedia@UModSys@@U?$TRefObjectFunc@UIClient@IBinArchiveFrame@libmedia@UModSys@@@tl@4@@tl@UModSys@@QAE@XZ 004027d0 f i umodsys_lib_libmedia:umodsys.mod.media.stdlib.obj
 0001:000017d0       ??1?$TRefObject@URDataArchiver_OsDir@stdio@media@modules@UModSys@@U?$TRefObjectFunc@URDataArchiver_OsDir@stdio@media@modules@UModSys@@@tl@5@@tl@UModSys@@QAE@XZ 004027d0 f i umodsys_lib_libmedia:umodsys.mod.media.stdio.obj
 0001:000017d0       ??1?$TRefObject@UILibrary@libmedia@UModSys@@U?$TRefObjectFunc@UILibrary@libmedia@UModSys@@@tl@3@@tl@UModSys@@QAE@XZ 004027d0 f i umodsys_lib_libmedia:umodsys.mod.media.stdlib.obj
 0001:000017d0       ??1?$TRefObject@URLibraryBinCache@stdlib@media@modules@UModSys@@U?$TRefObjectFunc@URLibraryBinCache@stdlib@media@modules@UModSys@@@tl@5@@tl@UModSys@@QAE@XZ 004027d0 f i umodsys_lib_libmedia:umodsys.mod.media.stdlib.obj
 0001:000017d0       ??1?$TRefObject@URLibraryObjFilter@stdlib@media@modules@UModSys@@U?$TRefObjectFunc@URLibraryObjFilter@stdlib@media@modules@UModSys@@@tl@5@@tl@UModSys@@QAE@XZ 004027d0 f i umodsys_lib_libmedia:umodsys.mod.media.stdlib.obj
 0001:000017d0       ??1?$TRefObject@UIStreamWriter@libmedia@UModSys@@U?$TRefObjectFunc@UIStreamWriter@libmedia@UModSys@@@tl@3@@tl@UModSys@@QAE@XZ 004027d0 f i umodsys_lib_libmedia:umodsys.mod.media.stdio.obj
 0001:000017d0       ??1?$TRefObject@UIStreamReader@libmedia@UModSys@@U?$TRefObjectFunc@UIStreamReader@libmedia@UModSys@@@tl@3@@tl@UModSys@@QAE@XZ 004027d0 f i umodsys_lib_libmedia:umodsys.mod.media.stdio.obj
 0001:000017d0       ??1?$TRefObject@URStreamWriter_FILE@stdio@media@modules@UModSys@@U?$TRefObjectFunc@URStreamWriter_FILE@stdio@media@modules@UModSys@@@tl@5@@tl@UModSys@@QAE@XZ 004027d0 f i umodsys_lib_libmedia:umodsys.mod.media.stdio.obj
 0001:000017f0       ?info_release@?$TSCoreShared@USIMemAlloc@core@UModSys@@D@su@tl@UModSys@@QAEXXZ 004027f0 f i umodsys_lib_libmedia:umodsys.mod.media.stdio.obj
 0001:00001870       ?info_new@?$TSCoreShared@USIMemAlloc@core@UModSys@@D@su@tl@UModSys@@QAE_NPBDI@Z 00402870 f i umodsys_lib_libmedia:umodsys.mod.media.stdio.obj
 0001:00001920       ?get_null@?$TSCoreShared@USIMemAlloc@core@UModSys@@D@su@tl@UModSys@@SAPAU?$TSharedStringInfo@DUSIMemAlloc@core@UModSys@@@234@XZ 00402920 f i umodsys_lib_libmedia:umodsys.mod.media.stdio.obj
 0001:00001960       ??$ValidateConstruction@UIRefObject@core@UModSys@@URStreamReader_FILE@stdio@media@modules@3@@core@UModSys@@YA_NAAU?$TRefObject@UIRefObject@core@UModSys@@U?$TRefObjectFunc@UIRefObject@core@UModSys@@@tl@3@@tl@1@PAURStreamReader_FILE@stdio@media@modules@1@@Z 00402960 f i umodsys_lib_libmedia:umodsys.mod.media.stdio.obj
 0001:00001960       ??$ValidateConstruction@UIStreamReader@libmedia@UModSys@@URStreamReader_FILE@stdio@media@modules@3@@core@UModSys@@YA_NAAU?$TRefObject@UIStreamReader@libmedia@UModSys@@U?$TRefObjectFunc@UIStreamReader@libmedia@UModSys@@@tl@3@@tl@1@PAURStreamReader_FILE@stdio@media@modules@1@@Z 00402960 f i umodsys_lib_libmedia:umodsys.mod.media.stdio.obj
 0001:000019f0       ??$ValidateConstruction@UIRefObject@core@UModSys@@URStreamWriter_FILE@stdio@media@modules@3@@core@UModSys@@YA_NAAU?$TRefObject@UIRefObject@core@UModSys@@U?$TRefObjectFunc@UIRefObject@core@UModSys@@@tl@3@@tl@1@PAURStreamWriter_FILE@stdio@media@modules@1@@Z 004029f0 f i umodsys_lib_libmedia:umodsys.mod.media.stdio.obj
 0001:000019f0       ??$ValidateConstruction@UIStreamWriter@libmedia@UModSys@@URStreamWriter_FILE@stdio@media@modules@3@@core@UModSys@@YA_NAAU?$TRefObject@UIStreamWriter@libmedia@UModSys@@U?$TRefObjectFunc@UIStreamWriter@libmedia@UModSys@@@tl@3@@tl@1@PAURStreamWriter_FILE@stdio@media@modules@1@@Z 004029f0 f i umodsys_lib_libmedia:umodsys.mod.media.stdio.obj
 0001:00001a80       ??$t_types@URDataArchiver_OsDir@stdio@media@modules@UModSys@@@IGenerator@base@UModSys@@KA_NAAHAAUSUniquePtrList@core@2@PBUSUniquePointerInfo@42@@Z 00402a80 f i umodsys_lib_libmedia:umodsys.mod.media.stdio.obj
 0001:00001ad0       ??$t_gen_param@URStreamReader_FILE@stdio@media@modules@UModSys@@URGenerator@2345@@IGenerator@base@UModSys@@IAE_NPAURGenerator@stdio@media@modules@2@AAU?$TRefObject@UIRefObject@core@UModSys@@U?$TRefObjectFunc@UIRefObject@core@UModSys@@@tl@3@@tl@2@PBUSUniquePointerInfo@core@2@ABUSParameters@core@2@@Z 00402ad0 f i umodsys_lib_libmedia:umodsys.mod.media.stdio.obj
 0001:00001b50       ??$t_gen_param@URStreamWriter_FILE@stdio@media@modules@UModSys@@URGenerator@2345@@IGenerator@base@UModSys@@IAE_NPAURGenerator@stdio@media@modules@2@AAU?$TRefObject@UIRefObject@core@UModSys@@U?$TRefObjectFunc@UIRefObject@core@UModSys@@@tl@3@@tl@2@PBUSUniquePointerInfo@core@2@ABUSParameters@core@2@@Z 00402b50 f i umodsys_lib_libmedia:umodsys.mod.media.stdio.obj
 0001:00001bc0       ??$t_gen_param@URDataArchiver_OsDir@stdio@media@modules@UModSys@@URGenerator@2345@@IGenerator@base@UModSys@@IAE_NPAURGenerator@stdio@media@modules@2@AAU?$TRefObject@UIRefObject@core@UModSys@@U?$TRefObjectFunc@UIRefObject@core@UModSys@@@tl@3@@tl@2@PBUSUniquePointerInfo@core@2@ABUSParameters@core@2@@Z 00402bc0 f i umodsys_lib_libmedia:umodsys.mod.media.stdio.obj
 0001:00001c40       ??1?$TRefObject@UIModObject@base@UModSys@@U?$TModObjectFunc@UIModObject@base@UModSys@@@tl@3@@tl@UModSys@@QAE@XZ 00402c40 f i umodsys_lib_libmedia:umodsys.mod.media.stdio.obj
 0001:00001c60       ??$is_flag@U?$TFlags4StateShift@USMediaFlagUid@libmedia@UModSys@@I$09@tl@UModSys@@@SFlags@libmedia@UModSys@@QBE_NPBUIResolverAuto@012@W4eStates@?$TFlags4State@USMediaFlagUid@libmedia@UModSys@@I@tl@2@@Z 00402c60 f i umodsys_lib_libmedia:umodsys.mod.media.stdio.obj
 0001:00001cc0       ?s_set@?$TRefObjectFunc@UIRefObject@core@UModSys@@@tl@UModSys@@SAXAAPAUIRefObject@core@3@PAU453@@Z 00402cc0 f i umodsys_lib_libmedia:umodsys.mod.media.stdio.obj
 0001:00001ce0       ?alloc@SMemShared@core@UModSys@@QAE_NABUSCMem@23@PAUSSourceContext@23@@Z 00402ce0 f i umodsys_lib_libmedia:umodsys.mod.media.stdlib.obj
 0001:00001d40       ??BSMemShared@core@UModSys@@QBE?AUSMem@12@XZ 00402d40 f i umodsys_lib_libmedia:umodsys.mod.media.stdlib.obj
 0001:00001d90       ??0SFileInfo@libmedia@UModSys@@QAE@XZ 00402d90 f i umodsys_lib_libmedia:umodsys.mod.media.stdlib.obj
 0001:00001e50       ??1SFileInfo@libmedia@UModSys@@QAE@XZ 00402e50 f i umodsys_lib_libmedia:umodsys.mod.media.stdlib.obj
 0001:00001ec0       ?get_flag@RResolverChain@SFlagsChain@libmedia@UModSys@@UBE?AW4eStates@?$TFlags4State@USMediaFlagUid@libmedia@UModSys@@I@tl@4@H@Z 00402ec0 f i umodsys_lib_libmedia:umodsys.mod.media.stdlib.obj
 0001:00001f00       ?bin_reader@ILibrary@libmedia@UModSys@@QAE?AU?$TRefObject@UIStreamReader@libmedia@UModSys@@U?$TRefObjectFunc@UIStreamReader@libmedia@UModSys@@@tl@3@@tl@3@ABU?$TString@U?$TSCoreConst@D@su@tl@UModSys@@U?$TComparerBinaryHash@D@234@@53@ABU?$TFlags4State@USMediaFlagUid@libmedia@UModSys@@I@53@@Z 00402f00 f i umodsys_lib_libmedia:umodsys.mod.media.stdlib.obj
 0001:00001f40       ?bin_writer@ILibrary@libmedia@UModSys@@QAE?AU?$TRefObject@UIStreamWriter@libmedia@UModSys@@U?$TRefObjectFunc@UIStreamWriter@libmedia@UModSys@@@tl@3@@tl@3@ABU?$TString@U?$TSCoreConst@D@su@tl@UModSys@@U?$TComparerBinaryHash@D@234@@53@ABU?$TFlags4State@USMediaFlagUid@libmedia@UModSys@@I@53@@Z 00402f40 f i umodsys_lib_libmedia:umodsys.mod.media.stdlib.obj
 0001:00001f80       ??1SLayer@ILibraryLayered@libmedia@UModSys@@QAE@XZ 00402f80 f i umodsys_lib_libmedia:umodsys.mod.media.stdlib.obj
 0001:00001f80       ??1SPoint@ILibraryBinTree@libmedia@UModSys@@QAE@XZ 00402f80 f i umodsys_lib_libmedia:umodsys.mod.media.stdlib.obj
 0001:00001fa0       ?setname@NameNode@IBinArchiveFrame@libmedia@UModSys@@QAEXPAXHABU?$TString@U?$TSCoreConst@D@su@tl@UModSys@@U?$TComparerBinaryHash@D@234@@tl@4@@Z 00402fa0 f i umodsys_lib_libmedia:umodsys.mod.media.stdlib.obj
 0001:00001ff0       ?setname@NameNode@IBinArchiveFrame@libmedia@UModSys@@QAEXPAXHABU?$TString@U?$TSCoreConst@D@su@tl@UModSys@@U?$TComparerUtfNocaseHash@D@234@@tl@4@@Z 00402ff0 f i umodsys_lib_libmedia:umodsys.mod.media.stdlib.obj
 0001:00002040       ?root_get_interface_info@RUtilities@stdlib@media@modules@UModSys@@UBEABUSUniquePointerInfo@core@5@XZ 00403040 f i umodsys_lib_libmedia:umodsys.mod.media.stdlib.obj
 0001:00002050       ?root_get_interface_type@RUtilities@stdlib@media@modules@UModSys@@UBEPBUSUniquePointerInfo@core@5@XZ 00403050 f i umodsys_lib_libmedia:umodsys.mod.media.stdlib.obj
 0001:00002060       ?root_get_other_interface@RUtilities@stdlib@media@modules@UModSys@@UBEPBUIRoot@core@5@PBUSUniquePointerInfo@75@@Z 00403060 f i umodsys_lib_libmedia:umodsys.mod.media.stdlib.obj
 0001:00002060       ?root_get_other_interface@RUtilities@stdlib@media@modules@UModSys@@UAEPAUIRoot@core@5@PBUSUniquePointerInfo@75@@Z 00403060 f i umodsys_lib_libmedia:umodsys.mod.media.stdlib.obj
 0001:00002090       ?root_is_interface_supported@RUtilities@stdlib@media@modules@UModSys@@UBE_NPBUSUniquePointerInfo@core@5@@Z 00403090 f i umodsys_lib_libmedia:umodsys.mod.media.stdlib.obj
 0001:000020d0       ?ref_add@RGenerator@stdlib@media@modules@UModSys@@UBEXXZ 004030d0 f i umodsys_lib_libmedia:umodsys.mod.media.stdlib.obj
 0001:000020d0       ?ref_add@RGenerator@stdio@media@modules@UModSys@@UBEXXZ 004030d0 f i umodsys_lib_libmedia:umodsys.mod.media.stdio.obj
 0001:000020d0       ?ref_add@RStreamWriter_FILE@stdio@media@modules@UModSys@@UBEXXZ 004030d0 f i umodsys_lib_libmedia:umodsys.mod.media.stdio.obj
 0001:000020d0       ?ref_add@RStreamReader_FILE@stdio@media@modules@UModSys@@UBEXXZ 004030d0 f i umodsys_lib_libmedia:umodsys.mod.media.stdio.obj
 0001:000020d0       ?ref_add@RUtilities@stdlib@media@modules@UModSys@@UBEXXZ 004030d0 f i umodsys_lib_libmedia:umodsys.mod.media.stdlib.obj
 0001:000020e0       ?suicide@RStreamReader_FILE@stdio@media@modules@UModSys@@UAEXXZ 004030e0 f i umodsys_lib_libmedia:umodsys.mod.media.stdio.obj
 0001:000020e0       ?suicide@RUtilities@stdlib@media@modules@UModSys@@UAEXXZ 004030e0 f i umodsys_lib_libmedia:umodsys.mod.media.stdlib.obj
 0001:000020e0       ?suicide@RStreamWriter_FILE@stdio@media@modules@UModSys@@UAEXXZ 004030e0 f i umodsys_lib_libmedia:umodsys.mod.media.stdio.obj
 0001:000020f0       ?root_get_interface_info@RBinArchiveFrame@stdlib@media@modules@UModSys@@UBEABUSUniquePointerInfo@core@5@XZ 004030f0 f i umodsys_lib_libmedia:umodsys.mod.media.stdlib.obj
 0001:00002100       ?root_get_interface_type@RBinArchiveFrame@stdlib@media@modules@UModSys@@UBEPBUSUniquePointerInfo@core@5@XZ 00403100 f i umodsys_lib_libmedia:umodsys.mod.media.stdlib.obj
 0001:00002110       ?root_get_other_interface@RBinArchiveFrame@stdlib@media@modules@UModSys@@UBEPBUIRoot@core@5@PBUSUniquePointerInfo@75@@Z 00403110 f i umodsys_lib_libmedia:umodsys.mod.media.stdlib.obj
 0001:00002110       ?root_get_other_interface@RBinArchiveFrame@stdlib@media@modules@UModSys@@UAEPAUIRoot@core@5@PBUSUniquePointerInfo@75@@Z 00403110 f i umodsys_lib_libmedia:umodsys.mod.media.stdlib.obj
 0001:00002150       ?root_is_interface_supported@RBinArchiveFrame@stdlib@media@modules@UModSys@@UBE_NPBUSUniquePointerInfo@core@5@@Z 00403150 f i umodsys_lib_libmedia:umodsys.mod.media.stdlib.obj
 0001:000021a0       ?ref_add@RBinArchiveFrame@stdlib@media@modules@UModSys@@UBEXXZ 004031a0 f i umodsys_lib_libmedia:umodsys.mod.media.stdlib.obj
 0001:000021b0       ?ref_remove@RBinArchiveFrame@stdlib@media@modules@UModSys@@UBEXXZ 004031b0 f i umodsys_lib_libmedia:umodsys.mod.media.stdlib.obj
 0001:000021c0       ?ref_links@RBinArchiveFrame@stdlib@media@modules@UModSys@@UBEHXZ 004031c0 f i umodsys_lib_libmedia:umodsys.mod.media.stdlib.obj
 0001:000021d0       ?ref_weak@RBinArchiveFrame@stdlib@media@modules@UModSys@@UBE_NAAUWeakPointer@IRefObject@core@5@@Z 004031d0 f i umodsys_lib_libmedia:umodsys.mod.media.stdlib.obj
 0001:000021f0       ?suicide@RBinArchiveFrame@stdlib@media@modules@UModSys@@UAEXXZ 004031f0 f i umodsys_lib_libmedia:umodsys.mod.media.stdlib.obj
 0001:00002200       ?root_get_interface_info@RLibraryBinTree@stdlib@media@modules@UModSys@@UBEABUSUniquePointerInfo@core@5@XZ 00403200 f i umodsys_lib_libmedia:umodsys.mod.media.stdlib.obj
 0001:00002210       ?root_get_interface_type@RLibraryBinTree@stdlib@media@modules@UModSys@@UBEPBUSUniquePointerInfo@core@5@XZ 00403210 f i umodsys_lib_libmedia:umodsys.mod.media.stdlib.obj
 0001:00002220       ?root_get_other_interface@RLibraryBinTree@stdlib@media@modules@UModSys@@UAEPAUIRoot@core@5@PBUSUniquePointerInfo@75@@Z 00403220 f i umodsys_lib_libmedia:umodsys.mod.media.stdlib.obj
 0001:00002220       ?root_get_other_interface@RLibraryBinTree@stdlib@media@modules@UModSys@@UBEPBUIRoot@core@5@PBUSUniquePointerInfo@75@@Z 00403220 f i umodsys_lib_libmedia:umodsys.mod.media.stdlib.obj
 0001:00002260       ?root_is_interface_supported@RLibraryBinTree@stdlib@media@modules@UModSys@@UBE_NPBUSUniquePointerInfo@core@5@@Z 00403260 f i umodsys_lib_libmedia:umodsys.mod.media.stdlib.obj
 0001:000022b0       ?_root_get_interface_types@RLibraryBinCache@stdlib@media@modules@UModSys@@SAIAAUSUniquePtrList@core@5@@Z 004032b0 f i umodsys_lib_libmedia:umodsys.mod.media.stdlib.obj
 0001:00002300       ?root_get_interface_info@RLibraryBinCache@stdlib@media@modules@UModSys@@UBEABUSUniquePointerInfo@core@5@XZ 00403300 f i umodsys_lib_libmedia:umodsys.mod.media.stdlib.obj
 0001:00002310       ?root_get_interface_type@RLibraryBinCache@stdlib@media@modules@UModSys@@UBEPBUSUniquePointerInfo@core@5@XZ 00403310 f i umodsys_lib_libmedia:umodsys.mod.media.stdlib.obj
 0001:00002320       ?root_get_other_interface@RLibraryBinCache@stdlib@media@modules@UModSys@@UBEPBUIRoot@core@5@PBUSUniquePointerInfo@75@@Z 00403320 f i umodsys_lib_libmedia:umodsys.mod.media.stdlib.obj
 0001:00002320       ?root_get_other_interface@RLibraryBinCache@stdlib@media@modules@UModSys@@UAEPAUIRoot@core@5@PBUSUniquePointerInfo@75@@Z 00403320 f i umodsys_lib_libmedia:umodsys.mod.media.stdlib.obj
 0001:00002360       ?root_is_interface_supported@RLibraryBinCache@stdlib@media@modules@UModSys@@UBE_NPBUSUniquePointerInfo@core@5@@Z 00403360 f i umodsys_lib_libmedia:umodsys.mod.media.stdlib.obj
 0001:000023b0       ?root_get_interface_info@RLibraryLayered@stdlib@media@modules@UModSys@@UBEABUSUniquePointerInfo@core@5@XZ 004033b0 f i umodsys_lib_libmedia:umodsys.mod.media.stdlib.obj
 0001:000023c0       ?root_get_interface_type@RLibraryLayered@stdlib@media@modules@UModSys@@UBEPBUSUniquePointerInfo@core@5@XZ 004033c0 f i umodsys_lib_libmedia:umodsys.mod.media.stdlib.obj
 0001:000023d0       ?root_get_other_interface@RLibraryLayered@stdlib@media@modules@UModSys@@UAEPAUIRoot@core@5@PBUSUniquePointerInfo@75@@Z 004033d0 f i umodsys_lib_libmedia:umodsys.mod.media.stdlib.obj
 0001:000023d0       ?root_get_other_interface@RLibraryLayered@stdlib@media@modules@UModSys@@UBEPBUIRoot@core@5@PBUSUniquePointerInfo@75@@Z 004033d0 f i umodsys_lib_libmedia:umodsys.mod.media.stdlib.obj
 0001:00002410       ?root_is_interface_supported@RLibraryLayered@stdlib@media@modules@UModSys@@UBE_NPBUSUniquePointerInfo@core@5@@Z 00403410 f i umodsys_lib_libmedia:umodsys.mod.media.stdlib.obj
 0001:00002460       ??4SLayerX@RLibraryLayered@stdlib@media@modules@UModSys@@QAEXABUSLayer@ILibraryLayered@libmedia@5@@Z 00403460 f i umodsys_lib_libmedia:umodsys.mod.media.stdlib.obj
 0001:000024f0       ?root_get_interface_info@RLibraryObjCache@stdlib@media@modules@UModSys@@UBEABUSUniquePointerInfo@core@5@XZ 004034f0 f i umodsys_lib_libmedia:umodsys.mod.media.stdlib.obj
 0001:00002500       ?root_get_interface_type@RLibraryObjCache@stdlib@media@modules@UModSys@@UBEPBUSUniquePointerInfo@core@5@XZ 00403500 f i umodsys_lib_libmedia:umodsys.mod.media.stdlib.obj
 0001:00002510       ?root_get_other_interface@RLibraryObjCache@stdlib@media@modules@UModSys@@UAEPAUIRoot@core@5@PBUSUniquePointerInfo@75@@Z 00403510 f i umodsys_lib_libmedia:umodsys.mod.media.stdlib.obj
 0001:00002510       ?root_get_other_interface@RLibraryObjCache@stdlib@media@modules@UModSys@@UBEPBUIRoot@core@5@PBUSUniquePointerInfo@75@@Z 00403510 f i umodsys_lib_libmedia:umodsys.mod.media.stdlib.obj
 0001:00002550       ?root_is_interface_supported@RLibraryObjCache@stdlib@media@modules@UModSys@@UBE_NPBUSUniquePointerInfo@core@5@@Z 00403550 f i umodsys_lib_libmedia:umodsys.mod.media.stdlib.obj
 0001:000025a0       ?ref_add@RDataArchiver_OsDir@stdio@media@modules@UModSys@@UBEXXZ 004035a0 f i umodsys_lib_libmedia:umodsys.mod.media.stdio.obj
 0001:000025a0       ?ref_add@RLibraryObjCache@stdlib@media@modules@UModSys@@UBEXXZ 004035a0 f i umodsys_lib_libmedia:umodsys.mod.media.stdlib.obj
 0001:000025a0       ?ref_add@RLibraryBinTree@stdlib@media@modules@UModSys@@UBEXXZ 004035a0 f i umodsys_lib_libmedia:umodsys.mod.media.stdlib.obj
 0001:000025a0       ?ref_add@RParameters@rsystem@base@UModSys@@UBEXXZ 004035a0 f i umodsys_lib_basesys:umodsys.basesys.rparameters.obj
 0001:000025a0       ?ref_add@RLibraryBinCache@stdlib@media@modules@UModSys@@UBEXXZ 004035a0 f i umodsys_lib_libmedia:umodsys.mod.media.stdlib.obj
 0001:000025a0       ?ref_add@RLibraryObjFilter@stdlib@media@modules@UModSys@@UBEXXZ 004035a0 f i umodsys_lib_libmedia:umodsys.mod.media.stdlib.obj
 0001:000025a0       ?ref_add@RLibraryLayered@stdlib@media@modules@UModSys@@UBEXXZ 004035a0 f i umodsys_lib_libmedia:umodsys.mod.media.stdlib.obj
 0001:000025b0       ??0SCacheElem@RLibraryBinCache@stdlib@media@modules@UModSys@@QAE@XZ 004035b0 f i umodsys_lib_libmedia:umodsys.mod.media.stdlib.obj
 0001:000025b0       ??0SCacheElem@RLibraryObjCache@stdlib@media@modules@UModSys@@QAE@XZ 004035b0 f i umodsys_lib_libmedia:umodsys.mod.media.stdlib.obj
 0001:00002610       ?root_get_interface_info@RLibraryObjFilter@stdlib@media@modules@UModSys@@UBEABUSUniquePointerInfo@core@5@XZ 00403610 f i umodsys_lib_libmedia:umodsys.mod.media.stdlib.obj
 0001:00002620       ?root_get_interface_type@RLibraryObjFilter@stdlib@media@modules@UModSys@@UBEPBUSUniquePointerInfo@core@5@XZ 00403620 f i umodsys_lib_libmedia:umodsys.mod.media.stdlib.obj
 0001:00002630       ?root_get_other_interface@RLibraryObjFilter@stdlib@media@modules@UModSys@@UAEPAUIRoot@core@5@PBUSUniquePointerInfo@75@@Z 00403630 f i umodsys_lib_libmedia:umodsys.mod.media.stdlib.obj
 0001:00002630       ?root_get_other_interface@RLibraryObjFilter@stdlib@media@modules@UModSys@@UBEPBUIRoot@core@5@PBUSUniquePointerInfo@75@@Z 00403630 f i umodsys_lib_libmedia:umodsys.mod.media.stdlib.obj
 0001:00002670       ?root_is_interface_supported@RLibraryObjFilter@stdlib@media@modules@UModSys@@UBE_NPBUSUniquePointerInfo@core@5@@Z 00403670 f i umodsys_lib_libmedia:umodsys.mod.media.stdlib.obj
 0001:000026c0       ?get_generated_names@RGenerator@stdlib@media@modules@UModSys@@UBEHAAUSUniquePtrList@core@5@@Z 004036c0 f i umodsys_lib_libmedia:umodsys.mod.media.stdlib.obj
 0001:00002720       ?get_generated_types@RGenerator@stdlib@media@modules@UModSys@@UBEHAAUSUniquePtrList@core@5@PBUSUniquePointerInfo@75@@Z 00403720 f i umodsys_lib_libmedia:umodsys.mod.media.stdlib.obj
 0001:00002800       ?generate@RGenerator@stdlib@media@modules@UModSys@@UAE_NAAU?$TRefObject@UIRefObject@core@UModSys@@U?$TRefObjectFunc@UIRefObject@core@UModSys@@@tl@3@@tl@5@PBUSUniquePointerInfo@core@5@ABUSParameters@95@@Z 00403800 f i umodsys_lib_libmedia:umodsys.mod.media.stdlib.obj
 0001:000028b0       ?root_get_interface_info@RGenerator@stdlib@media@modules@UModSys@@UBEABUSUniquePointerInfo@core@5@XZ 004038b0 f i umodsys_lib_libmedia:umodsys.mod.media.stdlib.obj
 0001:000028c0       ?root_get_interface_type@RGenerator@stdlib@media@modules@UModSys@@UBEPBUSUniquePointerInfo@core@5@XZ 004038c0 f i umodsys_lib_libmedia:umodsys.mod.media.stdlib.obj
 0001:000028d0       ?root_get_other_interface@RGenerator@stdlib@media@modules@UModSys@@UBEPBUIRoot@core@5@PBUSUniquePointerInfo@75@@Z 004038d0 f i umodsys_lib_libmedia:umodsys.mod.media.stdlib.obj
 0001:000028d0       ?root_get_other_interface@RGenerator@stdlib@media@modules@UModSys@@UAEPAUIRoot@core@5@PBUSUniquePointerInfo@75@@Z 004038d0 f i umodsys_lib_libmedia:umodsys.mod.media.stdlib.obj
 0001:00002910       ?root_is_interface_supported@RGenerator@stdlib@media@modules@UModSys@@UBE_NPBUSUniquePointerInfo@core@5@@Z 00403910 f i umodsys_lib_libmedia:umodsys.mod.media.stdlib.obj
 0001:00002950       ?ref_weak@RUtilities@stdlib@media@modules@UModSys@@UBE_NAAUWeakPointer@IRefObject@core@5@@Z 00403950 f i umodsys_lib_libmedia:umodsys.mod.media.stdlib.obj
 0001:00002950       ?ref_weak@RGenerator@stdio@media@modules@UModSys@@UBE_NAAUWeakPointer@IRefObject@core@5@@Z 00403950 f i umodsys_lib_libmedia:umodsys.mod.media.stdio.obj
 0001:00002950       ?ref_weak@RGenerator@stdlib@media@modules@UModSys@@UBE_NAAUWeakPointer@IRefObject@core@5@@Z 00403950 f i umodsys_lib_libmedia:umodsys.mod.media.stdlib.obj
 0001:00002950       ?ref_weak@RStreamReader_FILE@stdio@media@modules@UModSys@@UBE_NAAUWeakPointer@IRefObject@core@5@@Z 00403950 f i umodsys_lib_libmedia:umodsys.mod.media.stdio.obj
 0001:00002950       ?ref_weak@RStreamWriter_FILE@stdio@media@modules@UModSys@@UBE_NAAUWeakPointer@IRefObject@core@5@@Z 00403950 f i umodsys_lib_libmedia:umodsys.mod.media.stdio.obj
 0001:00002970       ?suicide@RGenerator@stdlib@media@modules@UModSys@@UAEXXZ 00403970 f i umodsys_lib_libmedia:umodsys.mod.media.stdlib.obj
 0001:00002970       ??3@YAXPAX0@Z              00403970 f i umodsys_lib_libmedia:umodsys.mod.media.stdio.obj
 0001:00002970       ?suicide@RGenerator@stdio@media@modules@UModSys@@UAEXXZ 00403970 f i umodsys_lib_libmedia:umodsys.mod.media.stdio.obj
 0001:00002980       ?get_uid@RGenerator@stdlib@media@modules@UModSys@@UBEPBUSUniquePointerInfo@core@5@XZ 00403980 f i umodsys_lib_libmedia:umodsys.mod.media.stdlib.obj
 0001:00002990       ??_GRUtilities@stdlib@media@modules@UModSys@@UAEPAXI@Z 00403990 f i umodsys_lib_libmedia:umodsys.mod.media.stdlib.obj
 0001:00002990       ??_ERUtilities@stdlib@media@modules@UModSys@@UAEPAXI@Z 00403990 f i  CIL library: CIL module
 0001:000029b0       ??_GRBinArchiveFrame@stdlib@media@modules@UModSys@@UAEPAXI@Z 004039b0 f i umodsys_lib_libmedia:umodsys.mod.media.stdlib.obj
 0001:000029b0       ??_ERBinArchiveFrame@stdlib@media@modules@UModSys@@UAEPAXI@Z 004039b0 f i  CIL library: CIL module
 0001:000029d0       ??1IBinArchiveFrame@libmedia@UModSys@@UAE@XZ 004039d0 f i umodsys_lib_libmedia:umodsys.mod.media.stdlib.obj
 0001:00002a70       ??_GRLibraryBinTree@stdlib@media@modules@UModSys@@UAEPAXI@Z 00403a70 f i umodsys_lib_libmedia:umodsys.mod.media.stdlib.obj
 0001:00002a70       ??_ERLibraryBinTree@stdlib@media@modules@UModSys@@UAEPAXI@Z 00403a70 f i  CIL library: CIL module
 0001:00002a90       ??_GRLibraryBinCache@stdlib@media@modules@UModSys@@UAEPAXI@Z 00403a90 f i umodsys_lib_libmedia:umodsys.mod.media.stdlib.obj
 0001:00002a90       ??_ERLibraryBinCache@stdlib@media@modules@UModSys@@UAEPAXI@Z 00403a90 f i  CIL library: CIL module
 0001:00002ab0       ??_GRLibraryLayered@stdlib@media@modules@UModSys@@UAEPAXI@Z 00403ab0 f i umodsys_lib_libmedia:umodsys.mod.media.stdlib.obj
 0001:00002ab0       ??_ERLibraryLayered@stdlib@media@modules@UModSys@@UAEPAXI@Z 00403ab0 f i  CIL library: CIL module
 0001:00002ad0       ??1SMemShared@core@UModSys@@QAE@XZ 00403ad0 f i umodsys_lib_libmedia:umodsys.mod.media.stdio.obj
 0001:00002ad0       ??1SInfo@IBinObjFilter@libmedia@UModSys@@QAE@XZ 00403ad0 f i umodsys_lib_libmedia:umodsys.mod.media.stdlib.obj
 0001:00002ad0       ??1SCMemShared@core@UModSys@@QAE@XZ 00403ad0 f i umodsys_lib_libmedia:umodsys.mod.media.stdlib.obj
 0001:00002af0       ??_GRLibraryObjCache@stdlib@media@modules@UModSys@@UAEPAXI@Z 00403af0 f i umodsys_lib_libmedia:umodsys.mod.media.stdlib.obj
 0001:00002af0       ??_ERLibraryObjCache@stdlib@media@modules@UModSys@@UAEPAXI@Z 00403af0 f i  CIL library: CIL module
 0001:00002b10       ??1ILibraryBinCache@libmedia@UModSys@@UAE@XZ 00403b10 f i umodsys_lib_libmedia:umodsys.mod.media.stdlib.obj
 0001:00002b10       ??1ILibraryObjFilter@libmedia@UModSys@@UAE@XZ 00403b10 f i umodsys_lib_libmedia:umodsys.mod.media.stdlib.obj
 0001:00002b10       ??1ILibraryLayered@libmedia@UModSys@@UAE@XZ 00403b10 f i umodsys_lib_libmedia:umodsys.mod.media.stdlib.obj
 0001:00002b10       ??1IBinArchive@libmedia@UModSys@@UAE@XZ 00403b10 f i umodsys_lib_libmedia:umodsys.mod.media.stdio.obj
 0001:00002b10       ??1ILibraryBinTree@libmedia@UModSys@@UAE@XZ 00403b10 f i umodsys_lib_libmedia:umodsys.mod.media.stdlib.obj
 0001:00002b10       ??1ILibraryObjCache@libmedia@UModSys@@UAE@XZ 00403b10 f i umodsys_lib_libmedia:umodsys.mod.media.stdlib.obj
 0001:00002b60       ??_ERLibraryObjFilter@stdlib@media@modules@UModSys@@UAEPAXI@Z 00403b60 f i  CIL library: CIL module
 0001:00002b60       ??_GRLibraryObjFilter@stdlib@media@modules@UModSys@@UAEPAXI@Z 00403b60 f i umodsys_lib_libmedia:umodsys.mod.media.stdlib.obj
 0001:00002b80       ?do_open@RModuleReg@stdlib@media@modules@UModSys@@UAE_NXZ 00403b80 f i umodsys_lib_libmedia:umodsys.mod.media.stdlib.obj
 0001:00002b90       ?do_close@RModuleReg@stdlib@media@modules@UModSys@@UAE_NXZ 00403b90 f i umodsys_lib_libmedia:umodsys.mod.media.stdlib.obj
 0001:00002ba0       ??_ERModuleReg@stdlib@media@modules@UModSys@@UAEPAXI@Z 00403ba0 f i  CIL library: CIL module
 0001:00002ba0       ??_GRModuleReg@stdlib@media@modules@UModSys@@UAEPAXI@Z 00403ba0 f i umodsys_lib_libmedia:umodsys.mod.media.stdlib.obj
 0001:00002bd0       ?cat@?$TSCoreBuffer@D@su@tl@UModSys@@QAE_NPBDI@Z 00403bd0 f i umodsys_lib_libmedia:umodsys.mod.media.stdlib.obj
 0001:00002c10       ??4?$TString@U?$TSCoreConst@D@su@tl@UModSys@@U?$TComparerBinaryHash@D@234@@tl@UModSys@@QAEABU012@PBD@Z 00403c10 f i umodsys_lib_libmedia:umodsys.mod.media.stdlib.obj
 0001:00002c50       ??4?$TRefObject@UIStreamWriter@libmedia@UModSys@@U?$TRefObjectFunc@UIStreamWriter@libmedia@UModSys@@@tl@3@@tl@UModSys@@QAEABU012@ABU012@@Z 00403c50 f i umodsys_lib_libmedia:umodsys.mod.media.stdlib.obj
 0001:00002c80       ??0?$TString@U?$TSCoreShared@USIMemAlloc@core@UModSys@@D@su@tl@UModSys@@U?$TComparerBinaryHash@D@234@@tl@UModSys@@QAE@ABU?$TSCoreConst@D@su@12@@Z 00403c80 f i umodsys_lib_libmedia:umodsys.mod.media.stdlib.obj
 0001:00002d30       ?is_null@?$TSCoreShared@USIMemAlloc@core@UModSys@@D@su@tl@UModSys@@QBE_NXZ 00403d30 f i umodsys_lib_libmedia:umodsys.mod.media.stdlib.obj
 0001:00002d80       ??0?$TStringBuf@U?$TSCoreShared@USIMemAlloc@core@UModSys@@D@su@tl@UModSys@@U?$TComparerBinaryHash@D@234@@tl@UModSys@@QAE@XZ 00403d80 f i umodsys_lib_libmedia:umodsys.mod.media.stdlib.obj
 0001:00002dd0       ??1?$TTreeHoldRBD@UNameNode@IBinArchiveFrame@libmedia@UModSys@@U?$TNodeDeleter0@UNameNode@IBinArchiveFrame@libmedia@UModSys@@@tl@4@@tl@UModSys@@QAE@XZ 00403dd0 f i umodsys_lib_libmedia:umodsys.mod.media.stdlib.obj
 0001:00002e20       ?set_length@?$TStringBuf@U?$TSCoreShared@USIMemAlloc@core@UModSys@@D@su@tl@UModSys@@U?$TComparerBinaryHash@D@234@@tl@UModSys@@QAEXI@Z 00403e20 f i umodsys_lib_libmedia:umodsys.mod.media.stdlib.obj
 0001:00002e80       ??_ERGenerator@stdio@media@modules@UModSys@@UAEPAXI@Z 00403e80 f i  CIL library: CIL module
 0001:00002e80       ??_GRGenerator@stdio@media@modules@UModSys@@UAEPAXI@Z 00403e80 f i umodsys_lib_libmedia:umodsys.mod.media.stdio.obj
 0001:00002e80       ??_EIRefObject@core@UModSys@@UAEPAXI@Z 00403e80 f i  CIL library: CIL module
 0001:00002e80       ??_ERGenerator@stdlib@media@modules@UModSys@@UAEPAXI@Z 00403e80 f i  CIL library: CIL module
 0001:00002e80       ??_GRGenerator@stdlib@media@modules@UModSys@@UAEPAXI@Z 00403e80 f i umodsys_lib_libmedia:umodsys.mod.media.stdlib.obj
 0001:00002e80       ??_GIRefObject@core@UModSys@@UAEPAXI@Z 00403e80 f i umodsys_lib_libmedia:umodsys.mod.media.stdio.obj
 0001:00002ea0       ?remove_node@?$TTreeHoldRB@U?$TScatterArrayNode@USMountInfo@RLibraryBinTree@stdlib@media@modules@UModSys@@USId@ILibraryBinTree@libmedia@6@@tl@UModSys@@@tl@UModSys@@QAEXPAU?$TScatterArrayNode@USMountInfo@RLibraryBinTree@stdlib@media@modules@UModSys@@USId@ILibraryBinTree@libmedia@6@@23@@Z 00403ea0 f i umodsys_lib_libmedia:umodsys.mod.media.stdlib.obj
 0001:00002ea0       ?remove_node@?$TTreeHoldRB@U?$TScatterArrayNode@USCacheElem@RLibraryObjCache@stdlib@media@modules@UModSys@@U?$TString@U?$TSCoreConst@D@su@tl@UModSys@@U?$TComparerBinaryHash@D@234@@tl@6@@tl@UModSys@@@tl@UModSys@@QAEXPAU?$TScatterArrayNode@USCacheElem@RLibraryObjCache@stdlib@media@modules@UModSys@@U?$TString@U?$TSCoreConst@D@su@tl@UModSys@@U?$TComparerBinaryHash@D@234@@tl@6@@23@@Z 00403ea0 f i umodsys_lib_libmedia:umodsys.mod.media.stdlib.obj
 0001:00002ea0       ?remove_node@?$TTreeHoldRB@U?$TScatterArrayNode@USFilter@RLibraryObjFilter@stdlib@media@modules@UModSys@@USId@23456@@tl@UModSys@@@tl@UModSys@@QAEXPAU?$TScatterArrayNode@USFilter@RLibraryObjFilter@stdlib@media@modules@UModSys@@USId@23456@@23@@Z 00403ea0 f i umodsys_lib_libmedia:umodsys.mod.media.stdlib.obj
 0001:00002ea0       ?remove_node@?$TTreeHoldRB@U?$TScatterArrayNode@USCacheElem@RLibraryBinCache@stdlib@media@modules@UModSys@@U?$TString@U?$TSCoreConst@D@su@tl@UModSys@@U?$TComparerBinaryHash@D@234@@tl@6@@tl@UModSys@@@tl@UModSys@@QAEXPAU?$TScatterArrayNode@USCacheElem@RLibraryBinCache@stdlib@media@modules@UModSys@@U?$TString@U?$TSCoreConst@D@su@tl@UModSys@@U?$TComparerBinaryHash@D@234@@tl@6@@23@@Z 00403ea0 f i umodsys_lib_libmedia:umodsys.mod.media.stdlib.obj
 0001:00002ea0       ?remove_node@?$TTreeHoldRB@UNameNode@IBinArchiveFrame@libmedia@UModSys@@@tl@UModSys@@QAEXPAUNameNode@IBinArchiveFrame@libmedia@3@@Z 00403ea0 f i umodsys_lib_libmedia:umodsys.mod.media.stdlib.obj
 0001:00002f90       ??1?$TPair@USId@ILibraryBinTree@libmedia@UModSys@@USMountInfo@RLibraryBinTree@stdlib@media@modules@4@@tl@UModSys@@QAE@XZ 00403f90 f i umodsys_lib_libmedia:umodsys.mod.media.stdlib.obj
 0001:00002fa0       ??1?$TPair@U?$TString@U?$TSCoreConst@D@su@tl@UModSys@@U?$TComparerBinaryHash@D@234@@tl@UModSys@@USCacheElem@RLibraryBinCache@stdlib@media@modules@3@@tl@UModSys@@QAE@XZ 00403fa0 f i umodsys_lib_libmedia:umodsys.mod.media.stdlib.obj
 0001:00002fb0       ??1?$TPair@U?$TString@U?$TSCoreConst@D@su@tl@UModSys@@U?$TComparerBinaryHash@D@234@@tl@UModSys@@USCacheElem@RLibraryObjCache@stdlib@media@modules@3@@tl@UModSys@@QAE@XZ 00403fb0 f i umodsys_lib_libmedia:umodsys.mod.media.stdlib.obj
 0001:00002fc0       ??1?$TPair@USId@RLibraryObjFilter@stdlib@media@modules@UModSys@@USFilter@23456@@tl@UModSys@@QAE@XZ 00403fc0 f i umodsys_lib_libmedia:umodsys.mod.media.stdlib.obj
 0001:00002fe0       ??1SMountInfo@RLibraryBinTree@stdlib@media@modules@UModSys@@QAE@XZ 00403fe0 f i umodsys_lib_libmedia:umodsys.mod.media.stdlib.obj
 0001:00003040       ??1SCacheElem@RLibraryBinCache@stdlib@media@modules@UModSys@@QAE@XZ 00404040 f i umodsys_lib_libmedia:umodsys.mod.media.stdlib.obj
 0001:000030a0       ??1SCacheElem@RLibraryObjCache@stdlib@media@modules@UModSys@@QAE@XZ 004040a0 f i umodsys_lib_libmedia:umodsys.mod.media.stdlib.obj
 0001:00003100       ?info_alloc@?$TSCoreShared@USIMemAlloc@core@UModSys@@D@su@tl@UModSys@@QAE_NI@Z 00404100 f i umodsys_lib_libmedia:umodsys.mod.media.stdlib.obj
 0001:00003170       ?ResizeRel@?$TDynarray@U?$TDynarrayHolderDynamic@UBuffer@RUtilities@stdlib@media@modules@UModSys@@U?$TAllocator@USIMemAlloc@core@UModSys@@USCountCalcPower2@23@@tl@6@@tl@UModSys@@@tl@UModSys@@QAE_NH@Z 00404170 f i umodsys_lib_libmedia:umodsys.mod.media.stdlib.obj
 0001:000031d0       ?obj_delete@?$TRefObjectLinksModObject@URBinArchiveFrame@stdlib@media@modules@UModSys@@UIModObject@base@5@@tl@UModSys@@QBEXPAURBinArchiveFrame@stdlib@media@modules@3@@Z 004041d0 f i umodsys_lib_libmedia:umodsys.mod.media.stdlib.obj
 0001:000031d0       ?obj_delete@?$TRefObjectLinksModObject@URLibraryObjCache@stdlib@media@modules@UModSys@@UIModObject@base@5@@tl@UModSys@@QBEXPAURLibraryObjCache@stdlib@media@modules@3@@Z 004041d0 f i umodsys_lib_libmedia:umodsys.mod.media.stdlib.obj
 0001:000031d0       ?obj_delete@?$TRefObjectLinksModObject@URLibraryLayered@stdlib@media@modules@UModSys@@UIModObject@base@5@@tl@UModSys@@QBEXPAURLibraryLayered@stdlib@media@modules@3@@Z 004041d0 f i umodsys_lib_libmedia:umodsys.mod.media.stdlib.obj
 0001:000031d0       ?obj_delete@?$TRefObjectLinksModObject@URLibraryBinTree@stdlib@media@modules@UModSys@@UIModObject@base@5@@tl@UModSys@@QBEXPAURLibraryBinTree@stdlib@media@modules@3@@Z 004041d0 f i umodsys_lib_libmedia:umodsys.mod.media.stdlib.obj
 0001:000031d0       ?obj_delete@?$TRefObjectLinksModObject@URLibraryObjFilter@stdlib@media@modules@UModSys@@UIModObject@base@5@@tl@UModSys@@QBEXPAURLibraryObjFilter@stdlib@media@modules@3@@Z 004041d0 f i umodsys_lib_libmedia:umodsys.mod.media.stdlib.obj
 0001:000031d0       ?obj_delete@?$TRefObjectLinksModObject@URLibraryBinCache@stdlib@media@modules@UModSys@@UIModObject@base@5@@tl@UModSys@@QBEXPAURLibraryBinCache@stdlib@media@modules@3@@Z 004041d0 f i umodsys_lib_libmedia:umodsys.mod.media.stdlib.obj
 0001:000031d0       ?obj_delete@?$TRefObjectLinksModObject@URStreamReader_FILE@stdio@media@modules@UModSys@@UIModObject@base@5@@tl@UModSys@@QBEXPAURStreamReader_FILE@stdio@media@modules@3@@Z 004041d0 f i umodsys_lib_libmedia:umodsys.mod.media.stdio.obj
 0001:000031d0       ?obj_delete@?$TRefObjectLinksModObject@URUtilities@stdlib@media@modules@UModSys@@UIModObject@base@5@@tl@UModSys@@QBEXPAURUtilities@stdlib@media@modules@3@@Z 004041d0 f i umodsys_lib_libmedia:umodsys.mod.media.stdlib.obj
 0001:000031d0       ?obj_delete@?$TRefObjectLinksModObject@URDataArchiver_OsDir@stdio@media@modules@UModSys@@UIModObject@base@5@@tl@UModSys@@QBEXPAURDataArchiver_OsDir@stdio@media@modules@3@@Z 004041d0 f i umodsys_lib_libmedia:umodsys.mod.media.stdio.obj
 0001:000031d0       ?obj_delete@?$TRefObjectLinksModObject@URStreamWriter_FILE@stdio@media@modules@UModSys@@UIModObject@base@5@@tl@UModSys@@QBEXPAURStreamWriter_FILE@stdio@media@modules@3@@Z 004041d0 f i umodsys_lib_libmedia:umodsys.mod.media.stdio.obj
 0001:00003240       ??$new_node@U?$TString@U?$TSCoreConst@D@su@tl@UModSys@@U?$TComparerUtfNocaseHash@D@234@@tl@UModSys@@@RBinArchiveFrame@stdlib@media@modules@UModSys@@SAPAUNameNode@IBinArchiveFrame@libmedia@4@ABU?$TString@U?$TSCoreConst@D@su@tl@UModSys@@U?$TComparerUtfNocaseHash@D@234@@tl@4@HPAUSMem@core@4@@Z 00404240 f i umodsys_lib_libmedia:umodsys.mod.media.stdlib.obj
 0001:000032c0       ??$new_node@U?$TString@U?$TSCoreConst@D@su@tl@UModSys@@U?$TComparerBinaryHash@D@234@@tl@UModSys@@@RBinArchiveFrame@stdlib@media@modules@UModSys@@SAPAUNameNode@IBinArchiveFrame@libmedia@4@ABU?$TString@U?$TSCoreConst@D@su@tl@UModSys@@U?$TComparerBinaryHash@D@234@@tl@4@HPAUSMem@core@4@@Z 004042c0 f i umodsys_lib_libmedia:umodsys.mod.media.stdlib.obj
 0001:00003340       ?ResizeRel@?$TDynarray@U?$TDynarrayHolderDynamic@USLayerX@RLibraryLayered@stdlib@media@modules@UModSys@@U?$TAllocator@USIMemAlloc@core@UModSys@@USCountCalcPower2@23@@tl@6@@tl@UModSys@@@tl@UModSys@@QAE_NH@Z 00404340 f i umodsys_lib_libmedia:umodsys.mod.media.stdlib.obj
 0001:000033b0       ?InsertAt@?$TDynarray@U?$TDynarrayHolderDynamic@USLayerX@RLibraryLayered@stdlib@media@modules@UModSys@@U?$TAllocator@USIMemAlloc@core@UModSys@@USCountCalcPower2@23@@tl@6@@tl@UModSys@@@tl@UModSys@@QAE_NII@Z 004043b0 f i umodsys_lib_libmedia:umodsys.mod.media.stdlib.obj
 0001:00003410       ?remove_color@?$TTreeHoldRB@U?$TScatterArrayNode@USCacheElem@RLibraryObjCache@stdlib@media@modules@UModSys@@U?$TString@U?$TSCoreConst@D@su@tl@UModSys@@U?$TComparerBinaryHash@D@234@@tl@6@@tl@UModSys@@@tl@UModSys@@IAEXPAU?$TScatterArrayNode@USCacheElem@RLibraryObjCache@stdlib@media@modules@UModSys@@U?$TString@U?$TSCoreConst@D@su@tl@UModSys@@U?$TComparerBinaryHash@D@234@@tl@6@@23@0@Z 00404410 f i umodsys_lib_libmedia:umodsys.mod.media.stdlib.obj
 0001:00003410       ?remove_color@?$TTreeHoldRB@UNameNode@IBinArchiveFrame@libmedia@UModSys@@@tl@UModSys@@IAEXPAUNameNode@IBinArchiveFrame@libmedia@3@0@Z 00404410 f i umodsys_lib_libmedia:umodsys.mod.media.stdlib.obj
 0001:00003410       ?remove_color@?$TTreeHoldRB@U?$TScatterArrayNode@USFilter@RLibraryObjFilter@stdlib@media@modules@UModSys@@USId@23456@@tl@UModSys@@@tl@UModSys@@IAEXPAU?$TScatterArrayNode@USFilter@RLibraryObjFilter@stdlib@media@modules@UModSys@@USId@23456@@23@0@Z 00404410 f i umodsys_lib_libmedia:umodsys.mod.media.stdlib.obj
 0001:00003410       ?remove_color@?$TTreeHoldRB@U?$TScatterArrayNode@USCacheElem@RLibraryBinCache@stdlib@media@modules@UModSys@@U?$TString@U?$TSCoreConst@D@su@tl@UModSys@@U?$TComparerBinaryHash@D@234@@tl@6@@tl@UModSys@@@tl@UModSys@@IAEXPAU?$TScatterArrayNode@USCacheElem@RLibraryBinCache@stdlib@media@modules@UModSys@@U?$TString@U?$TSCoreConst@D@su@tl@UModSys@@U?$TComparerBinaryHash@D@234@@tl@6@@23@0@Z 00404410 f i umodsys_lib_libmedia:umodsys.mod.media.stdlib.obj
 0001:00003410       ?remove_color@?$TTreeHoldRB@U?$TScatterArrayNode@USMountInfo@RLibraryBinTree@stdlib@media@modules@UModSys@@USId@ILibraryBinTree@libmedia@6@@tl@UModSys@@@tl@UModSys@@IAEXPAU?$TScatterArrayNode@USMountInfo@RLibraryBinTree@stdlib@media@modules@UModSys@@USId@ILibraryBinTree@libmedia@6@@23@0@Z 00404410 f i umodsys_lib_libmedia:umodsys.mod.media.stdlib.obj
 0001:00003590       ??$t_types@URLibraryBinTree@stdlib@media@modules@UModSys@@@IGenerator@base@UModSys@@KA_NAAHAAUSUniquePtrList@core@2@PBUSUniquePointerInfo@42@@Z 00404590 f i umodsys_lib_libmedia:umodsys.mod.media.stdlib.obj
 0001:000035f0       ??$t_types@URLibraryLayered@stdlib@media@modules@UModSys@@@IGenerator@base@UModSys@@KA_NAAHAAUSUniquePtrList@core@2@PBUSUniquePointerInfo@42@@Z 004045f0 f i umodsys_lib_libmedia:umodsys.mod.media.stdlib.obj
 0001:00003650       ??$t_types@URLibraryObjFilter@stdlib@media@modules@UModSys@@@IGenerator@base@UModSys@@KA_NAAHAAUSUniquePtrList@core@2@PBUSUniquePointerInfo@42@@Z 00404650 f i umodsys_lib_libmedia:umodsys.mod.media.stdlib.obj
 0001:000036b0       ??$t_types@URLibraryObjCache@stdlib@media@modules@UModSys@@@IGenerator@base@UModSys@@KA_NAAHAAUSUniquePtrList@core@2@PBUSUniquePointerInfo@42@@Z 004046b0 f i umodsys_lib_libmedia:umodsys.mod.media.stdlib.obj
 0001:00003710       ??$t_types@URBinArchiveFrame@stdlib@media@modules@UModSys@@@IGenerator@base@UModSys@@KA_NAAHAAUSUniquePtrList@core@2@PBUSUniquePointerInfo@42@@Z 00404710 f i umodsys_lib_libmedia:umodsys.mod.media.stdlib.obj
 0001:00003770       ??$t_types@URUtilities@stdlib@media@modules@UModSys@@@IGenerator@base@UModSys@@KA_NAAHAAUSUniquePtrList@core@2@PBUSUniquePointerInfo@42@@Z 00404770 f i umodsys_lib_libmedia:umodsys.mod.media.stdlib.obj
 0001:000037b0       ??$t_gen_param@URLibraryBinCache@stdlib@media@modules@UModSys@@URGenerator@2345@@IGenerator@base@UModSys@@IAE_NPAURGenerator@stdlib@media@modules@2@AAU?$TRefObject@UIRefObject@core@UModSys@@U?$TRefObjectFunc@UIRefObject@core@UModSys@@@tl@3@@tl@2@PBUSUniquePointerInfo@core@2@ABUSParameters@core@2@@Z 004047b0 f i umodsys_lib_libmedia:umodsys.mod.media.stdlib.obj
 0001:00003820       ??$t_gen_param@URLibraryBinTree@stdlib@media@modules@UModSys@@URGenerator@2345@@IGenerator@base@UModSys@@IAE_NPAURGenerator@stdlib@media@modules@2@AAU?$TRefObject@UIRefObject@core@UModSys@@U?$TRefObjectFunc@UIRefObject@core@UModSys@@@tl@3@@tl@2@PBUSUniquePointerInfo@core@2@ABUSParameters@core@2@@Z 00404820 f i umodsys_lib_libmedia:umodsys.mod.media.stdlib.obj
 0001:00003890       ??$t_gen_param@URLibraryLayered@stdlib@media@modules@UModSys@@URGenerator@2345@@IGenerator@base@UModSys@@IAE_NPAURGenerator@stdlib@media@modules@2@AAU?$TRefObject@UIRefObject@core@UModSys@@U?$TRefObjectFunc@UIRefObject@core@UModSys@@@tl@3@@tl@2@PBUSUniquePointerInfo@core@2@ABUSParameters@core@2@@Z 00404890 f i umodsys_lib_libmedia:umodsys.mod.media.stdlib.obj
 0001:00003900       ??$t_gen_param@URLibraryObjFilter@stdlib@media@modules@UModSys@@URGenerator@2345@@IGenerator@base@UModSys@@IAE_NPAURGenerator@stdlib@media@modules@2@AAU?$TRefObject@UIRefObject@core@UModSys@@U?$TRefObjectFunc@UIRefObject@core@UModSys@@@tl@3@@tl@2@PBUSUniquePointerInfo@core@2@ABUSParameters@core@2@@Z 00404900 f i umodsys_lib_libmedia:umodsys.mod.media.stdlib.obj
 0001:00003970       ??$t_gen_param@URLibraryObjCache@stdlib@media@modules@UModSys@@URGenerator@2345@@IGenerator@base@UModSys@@IAE_NPAURGenerator@stdlib@media@modules@2@AAU?$TRefObject@UIRefObject@core@UModSys@@U?$TRefObjectFunc@UIRefObject@core@UModSys@@@tl@3@@tl@2@PBUSUniquePointerInfo@core@2@ABUSParameters@core@2@@Z 00404970 f i umodsys_lib_libmedia:umodsys.mod.media.stdlib.obj
 0001:000039e0       ??$t_gen_param@URBinArchiveFrame@stdlib@media@modules@UModSys@@URGenerator@2345@@IGenerator@base@UModSys@@IAE_NPAURGenerator@stdlib@media@modules@2@AAU?$TRefObject@UIRefObject@core@UModSys@@U?$TRefObjectFunc@UIRefObject@core@UModSys@@@tl@3@@tl@2@PBUSUniquePointerInfo@core@2@ABUSParameters@core@2@@Z 004049e0 f i umodsys_lib_libmedia:umodsys.mod.media.stdlib.obj
 0001:00003a60       ??$t_gen_param@URUtilities@stdlib@media@modules@UModSys@@URGenerator@2345@@IGenerator@base@UModSys@@IAE_NPAURGenerator@stdlib@media@modules@2@AAU?$TRefObject@UIRefObject@core@UModSys@@U?$TRefObjectFunc@UIRefObject@core@UModSys@@@tl@3@@tl@2@PBUSUniquePointerInfo@core@2@ABUSParameters@core@2@@Z 00404a60 f i umodsys_lib_libmedia:umodsys.mod.media.stdlib.obj
 0001:00003ad0       ??$wildcmp@D@su@tl@UModSys@@YA_NPBD0@Z 00404ad0 f i umodsys_lib_libmedia:umodsys.mod.media.stdlib.obj
 0001:00003b70       ??$ref_get@UIClient@IBinArchiveFrame@libmedia@UModSys@@@SParameters@core@UModSys@@QBE_NPBDAAPAUIClient@IBinArchiveFrame@libmedia@2@@Z 00404b70 f i umodsys_lib_libmedia:umodsys.mod.media.stdlib.obj
 0001:00003bc0       ??$ref_get@UILibrary@libmedia@UModSys@@U?$TRefObjectFunc@UILibrary@libmedia@UModSys@@@tl@3@@SParameters@core@UModSys@@QBE_NPBDAAU?$TRefObject@UILibrary@libmedia@UModSys@@U?$TRefObjectFunc@UILibrary@libmedia@UModSys@@@tl@3@@tl@2@@Z 00404bc0 f i umodsys_lib_libmedia:umodsys.mod.media.stdlib.obj
 0001:00003c00       ??$t_ref_get_other_interface@UIStreamReader@libmedia@UModSys@@U?$TRefObjectFunc@UIStreamReader@libmedia@UModSys@@@tl@3@@IRefObject@core@UModSys@@QAE_NAAU?$TRefObject@UIStreamReader@libmedia@UModSys@@U?$TRefObjectFunc@UIStreamReader@libmedia@UModSys@@@tl@3@@tl@2@@Z 00404c00 f i umodsys_lib_libmedia:umodsys.mod.media.stdlib.obj
 0001:00003c40       ??$remove_seq@P6A_NPAUNameNode@IBinArchiveFrame@libmedia@UModSys@@@Z@?$TTreeHoldRB@UNameNode@IBinArchiveFrame@libmedia@UModSys@@@tl@UModSys@@QAEHP6A_NPAUNameNode@IBinArchiveFrame@libmedia@2@@Z@Z 00404c40 f i umodsys_lib_libmedia:umodsys.mod.media.stdlib.obj
 0001:00003cc0       ??$gen_node@UNameNodeCmpUC@IBinArchiveFrame@libmedia@UModSys@@UNN_Add@RBinArchiveFrame@stdlib@media@modules@4@@?$TTreeHoldRB@UNameNode@IBinArchiveFrame@libmedia@UModSys@@@tl@UModSys@@QAEPAUNameNode@IBinArchiveFrame@libmedia@2@UNameNodeCmpUC@452@ABUNN_Add@RBinArchiveFrame@stdlib@media@modules@2@PAPAU3452@2_N@Z 00404cc0 f i umodsys_lib_libmedia:umodsys.mod.media.stdlib.obj
 0001:00003dc0       ??$gen_node@UNameNodeCmpC@IBinArchiveFrame@libmedia@UModSys@@UNN_Add@RBinArchiveFrame@stdlib@media@modules@4@@?$TTreeHoldRB@UNameNode@IBinArchiveFrame@libmedia@UModSys@@@tl@UModSys@@QAEPAUNameNode@IBinArchiveFrame@libmedia@2@UNameNodeCmpC@452@ABUNN_Add@RBinArchiveFrame@stdlib@media@modules@2@PAPAU3452@2_N@Z 00404dc0 f i umodsys_lib_libmedia:umodsys.mod.media.stdlib.obj
 0001:00003ec0       ??$find_node_u@UNameNodeCmpUC@IBinArchiveFrame@libmedia@UModSys@@@?$TTreeHoldRB@UNameNode@IBinArchiveFrame@libmedia@UModSys@@@tl@UModSys@@QBEPAUNameNode@IBinArchiveFrame@libmedia@2@UNameNodeCmpUC@452@@Z 00404ec0 f i umodsys_lib_libmedia:umodsys.mod.media.stdlib.obj
 0001:00003f50       ??$find_node_u@UNameNodeCmpC@IBinArchiveFrame@libmedia@UModSys@@@?$TTreeHoldRB@UNameNode@IBinArchiveFrame@libmedia@UModSys@@@tl@UModSys@@QBEPAUNameNode@IBinArchiveFrame@libmedia@2@UNameNodeCmpC@452@@Z 00404f50 f i umodsys_lib_libmedia:umodsys.mod.media.stdlib.obj
 0001:00003fe0       ??$genx_node@UCmp@?$TScatterArray@USMountInfo@RLibraryBinTree@stdlib@media@modules@UModSys@@USId@ILibraryBinTree@libmedia@6@U7896@U?$TNodeDeleter0@U?$TScatterArrayNode@USMountInfo@RLibraryBinTree@stdlib@media@modules@UModSys@@USId@ILibraryBinTree@libmedia@6@@tl@UModSys@@@tl@6@@tl@UModSys@@UGen0@234@@?$TTreeHoldRBD@U?$TScatterArrayNode@USMountInfo@RLibraryBinTree@stdlib@media@modules@UModSys@@USId@ILibraryBinTree@libmedia@6@@tl@UModSys@@U?$TNodeDeleter0@U?$TScatterArrayNode@USMountInfo@RLibraryBinTree@stdlib@media@modules@UModSys@@USId@ILibraryBinTree@libmedia@6@@tl@UModSys@@@23@@tl@UModSys@@QAEPAU?$TScatterArrayNode@USMountInfo@RLibraryBinTree@stdlib@media@modules@UModSys@@USId@ILibraryBinTree@libmedia@6@@12@UCmp@?$TScatterArray@USMountInfo@RLibraryBinTree@stdlib@media@modules@UModSys@@USId@ILibraryBinTree@libmedia@6@U7896@U?$TNodeDeleter0@U?$TScatterArrayNode@USMountInfo@RLibraryBinTree@stdlib@media@modules@UModSys@@USId@ILibraryBinTree@libmedia@6@@tl@UModSys@@@tl@6@@12@ABUGen0@512@PAPAU312@2_N@Z 00404fe0 f i umodsys_lib_libmedia:umodsys.mod.media.stdlib.obj
 0001:000040e0       ??$find_node_u@UCmp@?$TScatterArray@USMountInfo@RLibraryBinTree@stdlib@media@modules@UModSys@@USId@ILibraryBinTree@libmedia@6@U7896@U?$TNodeDeleter0@U?$TScatterArrayNode@USMountInfo@RLibraryBinTree@stdlib@media@modules@UModSys@@USId@ILibraryBinTree@libmedia@6@@tl@UModSys@@@tl@6@@tl@UModSys@@@?$TTreeHoldRB@U?$TScatterArrayNode@USMountInfo@RLibraryBinTree@stdlib@media@modules@UModSys@@USId@ILibraryBinTree@libmedia@6@@tl@UModSys@@@tl@UModSys@@QBEPAU?$TScatterArrayNode@USMountInfo@RLibraryBinTree@stdlib@media@modules@UModSys@@USId@ILibraryBinTree@libmedia@6@@12@UCmp@?$TScatterArray@USMountInfo@RLibraryBinTree@stdlib@media@modules@UModSys@@USId@ILibraryBinTree@libmedia@6@U7896@U?$TNodeDeleter0@U?$TScatterArrayNode@USMountInfo@RLibraryBinTree@stdlib@media@modules@UModSys@@USId@ILibraryBinTree@libmedia@6@@tl@UModSys@@@tl@6@@12@@Z 004050e0 f i umodsys_lib_libmedia:umodsys.mod.media.stdlib.obj
 0001:000041b0       ??$genx_node@UCmp@?$TScatterArray@USCacheElem@RLibraryBinCache@stdlib@media@modules@UModSys@@U?$TString@U?$TSCoreConst@D@su@tl@UModSys@@U?$TComparerBinaryHash@D@234@@tl@6@U?$TObjectCompare@U?$TString@U?$TSCoreConst@D@su@tl@UModSys@@U?$TComparerBinaryHash@D@234@@tl@UModSys@@@core@6@U?$TNodeDeleter0@U?$TScatterArrayNode@USCacheElem@RLibraryBinCache@stdlib@media@modules@UModSys@@U?$TString@U?$TSCoreConst@D@su@tl@UModSys@@U?$TComparerBinaryHash@D@234@@tl@6@@tl@UModSys@@@86@@tl@UModSys@@UGen0@234@@?$TTreeHoldRBD@U?$TScatterArrayNode@USCacheElem@RLibraryBinCache@stdlib@media@modules@UModSys@@U?$TString@U?$TSCoreConst@D@su@tl@UModSys@@U?$TComparerBinaryHash@D@234@@tl@6@@tl@UModSys@@U?$TNodeDeleter0@U?$TScatterArrayNode@USCacheElem@RLibraryBinCache@stdlib@media@modules@UModSys@@U?$TString@U?$TSCoreConst@D@su@tl@UModSys@@U?$TComparerBinaryHash@D@234@@tl@6@@tl@UModSys@@@23@@tl@UModSys@@QAEPAU?$TScatterArrayNode@USCacheElem@RLibraryBinCache@stdlib@media@modules@UModSys@@U?$TString@U?$TSCoreConst@D@su@tl@UModSys@@U?$TComparerBinaryHash@D@234@@tl@6@@12@UCmp@?$TScatterArray@USCacheElem@RLibraryBinCache@stdlib@media@modules@UModSys@@U?$TString@U?$TSCoreConst@D@su@tl@UModSys@@U?$TComparerBinaryHash@D@234@@tl@6@U?$TObjectCompare@U?$TString@U?$TSCoreConst@D@su@tl@UModSys@@U?$TComparerBinaryHash@D@234@@tl@UModSys@@@core@6@U?$TNodeDeleter0@U?$TScatterArrayNode@USCacheElem@RLibraryBinCache@stdlib@media@modules@UModSys@@U?$TString@U?$TSCoreConst@D@su@tl@UModSys@@U?$TComparerBinaryHash@D@234@@tl@6@@tl@UModSys@@@86@@12@ABUGen0@512@PAPAU312@2_N@Z 004051b0 f i umodsys_lib_libmedia:umodsys.mod.media.stdlib.obj
 0001:000042a0       ??$find_node_u@UCmp@?$TScatterArray@USCacheElem@RLibraryObjCache@stdlib@media@modules@UModSys@@U?$TString@U?$TSCoreConst@D@su@tl@UModSys@@U?$TComparerBinaryHash@D@234@@tl@6@U?$TObjectCompare@U?$TString@U?$TSCoreConst@D@su@tl@UModSys@@U?$TComparerBinaryHash@D@234@@tl@UModSys@@@core@6@U?$TNodeDeleter0@U?$TScatterArrayNode@USCacheElem@RLibraryObjCache@stdlib@media@modules@UModSys@@U?$TString@U?$TSCoreConst@D@su@tl@UModSys@@U?$TComparerBinaryHash@D@234@@tl@6@@tl@UModSys@@@86@@tl@UModSys@@@?$TTreeHoldRB@U?$TScatterArrayNode@USCacheElem@RLibraryObjCache@stdlib@media@modules@UModSys@@U?$TString@U?$TSCoreConst@D@su@tl@UModSys@@U?$TComparerBinaryHash@D@234@@tl@6@@tl@UModSys@@@tl@UModSys@@QBEPAU?$TScatterArrayNode@USCacheElem@RLibraryObjCache@stdlib@media@modules@UModSys@@U?$TString@U?$TSCoreConst@D@su@tl@UModSys@@U?$TComparerBinaryHash@D@234@@tl@6@@12@UCmp@?$TScatterArray@USCacheElem@RLibraryObjCache@stdlib@media@modules@UModSys@@U?$TString@U?$TSCoreConst@D@su@tl@UModSys@@U?$TComparerBinaryHash@D@234@@tl@6@U?$TObjectCompare@U?$TString@U?$TSCoreConst@D@su@tl@UModSys@@U?$TComparerBinaryHash@D@234@@tl@UModSys@@@core@6@U?$TNodeDeleter0@U?$TScatterArrayNode@USCacheElem@RLibraryObjCache@stdlib@media@modules@UModSys@@U?$TString@U?$TSCoreConst@D@su@tl@UModSys@@U?$TComparerBinaryHash@D@234@@tl@6@@tl@UModSys@@@86@@12@@Z 004052a0 f i umodsys_lib_libmedia:umodsys.mod.media.stdlib.obj
 0001:000042a0       ??$find_node_u@UCmp@?$TScatterArray@USCacheElem@RLibraryBinCache@stdlib@media@modules@UModSys@@U?$TString@U?$TSCoreConst@D@su@tl@UModSys@@U?$TComparerBinaryHash@D@234@@tl@6@U?$TObjectCompare@U?$TString@U?$TSCoreConst@D@su@tl@UModSys@@U?$TComparerBinaryHash@D@234@@tl@UModSys@@@core@6@U?$TNodeDeleter0@U?$TScatterArrayNode@USCacheElem@RLibraryBinCache@stdlib@media@modules@UModSys@@U?$TString@U?$TSCoreConst@D@su@tl@UModSys@@U?$TComparerBinaryHash@D@234@@tl@6@@tl@UModSys@@@86@@tl@UModSys@@@?$TTreeHoldRB@U?$TScatterArrayNode@USCacheElem@RLibraryBinCache@stdlib@media@modules@UModSys@@U?$TString@U?$TSCoreConst@D@su@tl@UModSys@@U?$TComparerBinaryHash@D@234@@tl@6@@tl@UModSys@@@tl@UModSys@@QBEPAU?$TScatterArrayNode@USCacheElem@RLibraryBinCache@stdlib@media@modules@UModSys@@U?$TString@U?$TSCoreConst@D@su@tl@UModSys@@U?$TComparerBinaryHash@D@234@@tl@6@@12@UCmp@?$TScatterArray@USCacheElem@RLibraryBinCache@stdlib@media@modules@UModSys@@U?$TString@U?$TSCoreConst@D@su@tl@UModSys@@U?$TComparerBinaryHash@D@234@@tl@6@U?$TObjectCompare@U?$TString@U?$TSCoreConst@D@su@tl@UModSys@@U?$TComparerBinaryHash@D@234@@tl@UModSys@@@core@6@U?$TNodeDeleter0@U?$TScatterArrayNode@USCacheElem@RLibraryBinCache@stdlib@media@modules@UModSys@@U?$TString@U?$TSCoreConst@D@su@tl@UModSys@@U?$TComparerBinaryHash@D@234@@tl@6@@tl@UModSys@@@86@@12@@Z 004052a0 f i umodsys_lib_libmedia:umodsys.mod.media.stdlib.obj
 0001:00004340       ??$genx_node@UCmp@?$TScatterArray@USCacheElem@RLibraryObjCache@stdlib@media@modules@UModSys@@U?$TString@U?$TSCoreConst@D@su@tl@UModSys@@U?$TComparerBinaryHash@D@234@@tl@6@U?$TObjectCompare@U?$TString@U?$TSCoreConst@D@su@tl@UModSys@@U?$TComparerBinaryHash@D@234@@tl@UModSys@@@core@6@U?$TNodeDeleter0@U?$TScatterArrayNode@USCacheElem@RLibraryObjCache@stdlib@media@modules@UModSys@@U?$TString@U?$TSCoreConst@D@su@tl@UModSys@@U?$TComparerBinaryHash@D@234@@tl@6@@tl@UModSys@@@86@@tl@UModSys@@UGen0@234@@?$TTreeHoldRBD@U?$TScatterArrayNode@USCacheElem@RLibraryObjCache@stdlib@media@modules@UModSys@@U?$TString@U?$TSCoreConst@D@su@tl@UModSys@@U?$TComparerBinaryHash@D@234@@tl@6@@tl@UModSys@@U?$TNodeDeleter0@U?$TScatterArrayNode@USCacheElem@RLibraryObjCache@stdlib@media@modules@UModSys@@U?$TString@U?$TSCoreConst@D@su@tl@UModSys@@U?$TComparerBinaryHash@D@234@@tl@6@@tl@UModSys@@@23@@tl@UModSys@@QAEPAU?$TScatterArrayNode@USCacheElem@RLibraryObjCache@stdlib@media@modules@UModSys@@U?$TString@U?$TSCoreConst@D@su@tl@UModSys@@U?$TComparerBinaryHash@D@234@@tl@6@@12@UCmp@?$TScatterArray@USCacheElem@RLibraryObjCache@stdlib@media@modules@UModSys@@U?$TString@U?$TSCoreConst@D@su@tl@UModSys@@U?$TComparerBinaryHash@D@234@@tl@6@U?$TObjectCompare@U?$TString@U?$TSCoreConst@D@su@tl@UModSys@@U?$TComparerBinaryHash@D@234@@tl@UModSys@@@core@6@U?$TNodeDeleter0@U?$TScatterArrayNode@USCacheElem@RLibraryObjCache@stdlib@media@modules@UModSys@@U?$TString@U?$TSCoreConst@D@su@tl@UModSys@@U?$TComparerBinaryHash@D@234@@tl@6@@tl@UModSys@@@86@@12@ABUGen0@512@PAPAU312@2_N@Z 00405340 f i umodsys_lib_libmedia:umodsys.mod.media.stdlib.obj
 0001:00004430       ??$genx_node@UCmp@?$TScatterArray@USFilter@RLibraryObjFilter@stdlib@media@modules@UModSys@@USId@23456@U723456@U?$TNodeDeleter0@U?$TScatterArrayNode@USFilter@RLibraryObjFilter@stdlib@media@modules@UModSys@@USId@23456@@tl@UModSys@@@tl@6@@tl@UModSys@@UGen0@234@@?$TTreeHoldRBD@U?$TScatterArrayNode@USFilter@RLibraryObjFilter@stdlib@media@modules@UModSys@@USId@23456@@tl@UModSys@@U?$TNodeDeleter0@U?$TScatterArrayNode@USFilter@RLibraryObjFilter@stdlib@media@modules@UModSys@@USId@23456@@tl@UModSys@@@23@@tl@UModSys@@QAEPAU?$TScatterArrayNode@USFilter@RLibraryObjFilter@stdlib@media@modules@UModSys@@USId@23456@@12@UCmp@?$TScatterArray@USFilter@RLibraryObjFilter@stdlib@media@modules@UModSys@@USId@23456@U723456@U?$TNodeDeleter0@U?$TScatterArrayNode@USFilter@RLibraryObjFilter@stdlib@media@modules@UModSys@@USId@23456@@tl@UModSys@@@tl@6@@12@ABUGen0@512@PAPAU312@2_N@Z 00405430 f i umodsys_lib_libmedia:umodsys.mod.media.stdlib.obj
 0001:000044c0       ??$find_node_u@UCmp@?$TScatterArray@USFilter@RLibraryObjFilter@stdlib@media@modules@UModSys@@USId@23456@U723456@U?$TNodeDeleter0@U?$TScatterArrayNode@USFilter@RLibraryObjFilter@stdlib@media@modules@UModSys@@USId@23456@@tl@UModSys@@@tl@6@@tl@UModSys@@@?$TTreeHoldRB@U?$TScatterArrayNode@USFilter@RLibraryObjFilter@stdlib@media@modules@UModSys@@USId@23456@@tl@UModSys@@@tl@UModSys@@QBEPAU?$TScatterArrayNode@USFilter@RLibraryObjFilter@stdlib@media@modules@UModSys@@USId@23456@@12@UCmp@?$TScatterArray@USFilter@RLibraryObjFilter@stdlib@media@modules@UModSys@@USId@23456@U723456@U?$TNodeDeleter0@U?$TScatterArrayNode@USFilter@RLibraryObjFilter@stdlib@media@modules@UModSys@@USId@23456@@tl@UModSys@@@tl@6@@12@@Z 004054c0 f i umodsys_lib_libmedia:umodsys.mod.media.stdlib.obj
 0001:00004520       ?ReLink@?$TDynarray@U?$TDynarrayHolderDynamic@EU?$TAllocator@USIMemAlloc@core@UModSys@@USCountCalcPower2@23@@tl@UModSys@@@tl@UModSys@@@tl@UModSys@@IAE_NI@Z 00405520 f i umodsys_lib_libmedia:umodsys.mod.media.stdlib.obj
 0001:00004560       ?ReLink@?$TDynarray@U?$TDynarrayHolderDynamic@UBuffer@RUtilities@stdlib@media@modules@UModSys@@U?$TAllocator@USIMemAlloc@core@UModSys@@USCountCalcPower2@23@@tl@6@@tl@UModSys@@@tl@UModSys@@IAE_NI@Z 00405560 f i umodsys_lib_libmedia:umodsys.mod.media.stdlib.obj
 0001:000045b0       ?rotate_left@?$TTreeHoldRB@U?$TScatterArrayNode@USCacheElem@RLibraryBinCache@stdlib@media@modules@UModSys@@U?$TString@U?$TSCoreConst@D@su@tl@UModSys@@U?$TComparerBinaryHash@D@234@@tl@6@@tl@UModSys@@@tl@UModSys@@IAEXPAU?$TScatterArrayNode@USCacheElem@RLibraryBinCache@stdlib@media@modules@UModSys@@U?$TString@U?$TSCoreConst@D@su@tl@UModSys@@U?$TComparerBinaryHash@D@234@@tl@6@@23@@Z 004055b0 f i umodsys_lib_libmedia:umodsys.mod.media.stdlib.obj
 0001:000045b0       ?rotate_left@?$TTreeHoldRB@U?$TScatterArrayNode@USMountInfo@RLibraryBinTree@stdlib@media@modules@UModSys@@USId@ILibraryBinTree@libmedia@6@@tl@UModSys@@@tl@UModSys@@IAEXPAU?$TScatterArrayNode@USMountInfo@RLibraryBinTree@stdlib@media@modules@UModSys@@USId@ILibraryBinTree@libmedia@6@@23@@Z 004055b0 f i umodsys_lib_libmedia:umodsys.mod.media.stdlib.obj
 0001:000045b0       ?rotate_left@?$TTreeHoldRB@U?$TScatterArrayNode@USFilter@RLibraryObjFilter@stdlib@media@modules@UModSys@@USId@23456@@tl@UModSys@@@tl@UModSys@@IAEXPAU?$TScatterArrayNode@USFilter@RLibraryObjFilter@stdlib@media@modules@UModSys@@USId@23456@@23@@Z 004055b0 f i umodsys_lib_libmedia:umodsys.mod.media.stdlib.obj
[...]
 0001:00013365       __ehhandler$??RGen0@?$TScatterArray@USCacheElem@RLibraryBinCache@stdlib@media@modules@UModSys@@U?$TString@U?$TSCoreConst@D@su@tl@UModSys@@U?$TComparerBinaryHash@D@234@@tl@6@U?$TObjectCompare@U?$TString@U?$TSCoreConst@D@su@tl@UModSys@@U?$TComparerBinaryHash@D@234@@tl@UModSys@@@core@6@U?$TNodeDeleter0@U?$TScatterArrayNode@USCacheElem@RLibraryBinCache@stdlib@media@modules@UModSys@@U?$TString@U?$TSCoreConst@D@su@tl@UModSys@@U?$TComparerBinaryHash@D@234@@tl@6@@tl@UModSys@@@86@@tl@UModSys@@QBEPAU?$TScatterArrayNode@USCacheElem@RLibraryBinCache@stdlib@media@modules@UModSys@@U?$TString@U?$TSCoreConst@D@su@tl@UModSys@@U?$TComparerBinaryHash@D@234@@tl@6@@23@ABUCmp@123@ABU?$TTreeHoldRBD@U?$TScatterArrayNode@USCacheElem@RLibraryBinCache@stdlib@media@modules@UModSys@@U?$TString@U?$TSCoreConst@D@su@tl@UModSys@@U?$TComparerBinaryHash@D@234@@tl@6@@tl@UModSys@@U?$TNodeDeleter0@U?$TScatterArrayNode@USCacheElem@RLibraryBinCache@stdlib@media@modules@UModSys@@U?$TString@U?$TSCoreConst@D@su@tl@UModSys@@U?$TComparerBinaryHash@D@234@@tl@6@@tl@UModSys@@@23@@23@@Z 00414365 f    CIL library: CIL module
 0001:00013365       __ehhandler$?amoveleft@?$TTypeConstructor@U?$TRefObject@URModuleLibrarySO@rsystem@base@UModSys@@U?$TRefObjectFunc@URModuleLibrarySO@rsystem@base@UModSys@@@tl@4@@tl@UModSys@@@tl@UModSys@@SAXPAU?$TRefObject@URModuleLibrarySO@rsystem@base@UModSys@@U?$TRefObjectFunc@URModuleLibrarySO@rsystem@base@UModSys@@@tl@4@@23@III@Z 00414365 f    CIL library: CIL module
 0001:00013370       ??__E?s_id@?$TObjectUniqueID@UIRoot@core@UModSys@@@tl@UModSys@@2USUniquePointer@core@3@A@@YAXXZ 00414370 f    CIL library: CIL module
 0001:000133a0       ??__E?s_id@?$TObjectUniqueID@UIRefObject@core@UModSys@@@tl@UModSys@@2USUniquePointer@core@3@A@@YAXXZ 004143a0 f    CIL library: CIL module
 0001:000133d0       ??__E?s_id@?$TObjectUniqueID@UIParameters@core@UModSys@@@tl@UModSys@@2USUniquePointer@core@3@A@@YAXXZ 004143d0 f    CIL library: CIL module
 0001:00013400       ??__E?s_id@?$TObjectUniqueID@UIModule@base@UModSys@@@tl@UModSys@@2USUniquePointer@core@3@A@@YAXXZ 00414400 f    CIL library: CIL module
 0001:00013430       ??__E?s_id@?$TObjectUniqueID@UIModuleLibrary@base@UModSys@@@tl@UModSys@@2USUniquePointer@core@3@A@@YAXXZ 00414430 f    CIL library: CIL module
 0001:00013460       ??__E?s_id@?$TObjectUniqueID@UIModObject@base@UModSys@@@tl@UModSys@@2USUniquePointer@core@3@A@@YAXXZ 00414460 f    CIL library: CIL module
 0001:00013490       ??__E?s_id@?$TObjectUniqueID@UIGenerator@base@UModSys@@@tl@UModSys@@2USUniquePointer@core@3@A@@YAXXZ 00414490 f    CIL library: CIL module
 0001:000134c0       ??__E?s_id@?$TObjectUniqueID@UIShell@base@UModSys@@@tl@UModSys@@2USUniquePointer@core@3@A@@YAXXZ 004144c0 f    CIL library: CIL module
 0001:000134f0       ??__E?s_id@?$TObjectUniqueID@UIConsole@base@UModSys@@@tl@UModSys@@2USUniquePointer@core@3@A@@YAXXZ 004144f0 f    CIL library: CIL module
 0001:00013520       ??__E?s_id@?$TObjectUniqueID@UISystem@base@UModSys@@@tl@UModSys@@2USUniquePointer@core@3@A@@YAXXZ 00414520 f    CIL library: CIL module
 0001:00013550       ??__E?s_id@?$TObjectUniqueID@URModule@rsystem@base@UModSys@@@tl@UModSys@@2USUniquePointer@core@3@A@@YAXXZ 00414550 f    CIL library: CIL module
 0001:00013580       ??__E?s_id@?$TObjectUniqueID@UIModuleLibraryUni@rsystem@base@UModSys@@@tl@UModSys@@2USUniquePointer@core@3@A@@YAXXZ 00414580 f    CIL library: CIL module
 0001:000135b0       ??__E?s_id@?$TObjectUniqueID@URModuleLibrarySO@rsystem@base@UModSys@@@tl@UModSys@@2USUniquePointer@core@3@A@@YAXXZ 004145b0 f    CIL library: CIL module
 0001:000135e0       ??__E?s_id@?$TObjectUniqueID@URModuleLibraryThis@rsystem@base@UModSys@@@tl@UModSys@@2USUniquePointer@core@3@A@@YAXXZ 004145e0 f    CIL library: CIL module
 0001:00013610       ??__E?s_id@?$TObjectUniqueID@URParameters@rsystem@base@UModSys@@@tl@UModSys@@2USUniquePointer@core@3@A@@YAXXZ 00414610 f    CIL library: CIL module
 0001:00013640       ??__E?s_id@?$TObjectUniqueID@URSystem@rsystem@base@UModSys@@@tl@UModSys@@2USUniquePointer@core@3@A@@YAXXZ 00414640 f    CIL library: CIL module
 0001:00013670       ??__E?s_id@?$TObjectUniqueID@URConsole_std@rsystem@base@UModSys@@@tl@UModSys@@2USUniquePointer@core@3@A@@YAXXZ 00414670 f    CIL library: CIL module
 0001:000136a0       ??__E?s_modreg@RModuleReg@stdio@media@modules@UModSys@@2U12345@A@@YAXXZ 004146a0 f    CIL library: CIL module
 0001:000136e0       ??__E?s_modreg_chain@RModuleReg@stdio@media@modules@UModSys@@2USModuleRegChain@base@5@A@@YAXXZ 004146e0 f    CIL library: CIL module
 0001:00013700       ??__E?s_uid@RGenerator@stdio@media@modules@UModSys@@2USUniquePointer@core@5@A@@YAXXZ 00414700 f    CIL library: CIL module
 0001:00013730       ??__E?s_id@?$TObjectUniqueID@UIStreamReader@libmedia@UModSys@@@tl@UModSys@@2USUniquePointer@core@3@A@@YAXXZ 00414730 f    CIL library: CIL module
 0001:00013760       ??__E?s_id@?$TObjectUniqueID@UIStreamWriter@libmedia@UModSys@@@tl@UModSys@@2USUniquePointer@core@3@A@@YAXXZ 00414760 f    CIL library: CIL module
 0001:00013790       ??__E?s_id@?$TObjectUniqueID@UIUtilities@libmedia@UModSys@@@tl@UModSys@@2USUniquePointer@core@3@A@@YAXXZ 00414790 f    CIL library: CIL module
 0001:000137c0       ??__E?s_id@?$TObjectUniqueID@UILibObject@libmedia@UModSys@@@tl@UModSys@@2USUniquePointer@core@3@A@@YAXXZ 004147c0 f    CIL library: CIL module
 0001:000137f0       ??__E?s_id@?$TObjectUniqueID@UIBinArchive@libmedia@UModSys@@@tl@UModSys@@2USUniquePointer@core@3@A@@YAXXZ 004147f0 f    CIL library: CIL module
 0001:00013820       ??__E?s_id@?$TObjectUniqueID@UIBinObjFilter@libmedia@UModSys@@@tl@UModSys@@2USUniquePointer@core@3@A@@YAXXZ 00414820 f    CIL library: CIL module
 0001:00013850       ??__E?s_id@?$TObjectUniqueID@UILibrary@libmedia@UModSys@@@tl@UModSys@@2USUniquePointer@core@3@A@@YAXXZ 00414850 f    CIL library: CIL module
 0001:00013880       ??__E?s_id@?$TObjectUniqueID@URStreamReader_FILE@stdio@media@modules@UModSys@@@tl@UModSys@@2USUniquePointer@core@3@A@@YAXXZ 00414880 f    CIL library: CIL module
 0001:000138b0       ??__E?s_id@?$TObjectUniqueID@URStreamWriter_FILE@stdio@media@modules@UModSys@@@tl@UModSys@@2USUniquePointer@core@3@A@@YAXXZ 004148b0 f    CIL library: CIL module
 0001:000138e0       ??__E?s_id@?$TObjectUniqueID@URDataArchiver_OsDir@stdio@media@modules@UModSys@@@tl@UModSys@@2USUniquePointer@core@3@A@@YAXXZ 004148e0 f    CIL library: CIL module
 0001:00013910       ??__E?s_id@?$TObjectUniqueID@URGenerator@stdio@media@modules@UModSys@@@tl@UModSys@@2USUniquePointer@core@3@A@@YAXXZ 00414910 f    CIL library: CIL module
 0001:00013940       ??__E?s_modreg@RModuleReg@stdlib@media@modules@UModSys@@2U12345@A@@YAXXZ 00414940 f    CIL library: CIL module
 0001:00013980       ??__E?s_modreg_chain@RModuleReg@stdlib@media@modules@UModSys@@2USModuleRegChain@base@5@A@@YAXXZ 00414980 f    CIL library: CIL module
 0001:000139a0       ??__E?s_uid@RGenerator@stdlib@media@modules@UModSys@@2USUniquePointer@core@5@A@@YAXXZ 004149a0 f    CIL library: CIL module
 0001:000139d0       ??__E?s_id@?$TObjectUniqueID@UILibraryBinTree@libmedia@UModSys@@@tl@UModSys@@2USUniquePointer@core@3@A@@YAXXZ 004149d0 f    CIL library: CIL module
 0001:00013a00       ??__E?s_id@?$TObjectUniqueID@UILibraryBinCache@libmedia@UModSys@@@tl@UModSys@@2USUniquePointer@core@3@A@@YAXXZ 00414a00 f    CIL library: CIL module
 0001:00013a30       ??__E?s_id@?$TObjectUniqueID@UILibraryObjFilter@libmedia@UModSys@@@tl@UModSys@@2USUniquePointer@core@3@A@@YAXXZ 00414a30 f    CIL library: CIL module
 0001:00013a60       ??__E?s_id@?$TObjectUniqueID@UILibraryObjCache@libmedia@UModSys@@@tl@UModSys@@2USUniquePointer@core@3@A@@YAXXZ 00414a60 f    CIL library: CIL module
 0001:00013a90       ??__E?s_id@?$TObjectUniqueID@UILibraryLayered@libmedia@UModSys@@@tl@UModSys@@2USUniquePointer@core@3@A@@YAXXZ 00414a90 f    CIL library: CIL module
 0001:00013ac0       ??__E?s_id@?$TObjectUniqueID@UIBinArchiveFrame@libmedia@UModSys@@@tl@UModSys@@2USUniquePointer@core@3@A@@YAXXZ 00414ac0 f    CIL library: CIL module
 0001:00013af0       ??__E?s_id@?$TObjectUniqueID@UIClient@IBinArchiveFrame@libmedia@UModSys@@@tl@UModSys@@2USUniquePointer@core@3@A@@YAXXZ 00414af0 f    CIL library: CIL module
 0001:00013b20       ??__E?s_id@?$TObjectUniqueID@URUtilities@stdlib@media@modules@UModSys@@@tl@UModSys@@2USUniquePointer@core@3@A@@YAXXZ 00414b20 f    CIL library: CIL module
 0001:00013b50       ??__E?s_id@?$TObjectUniqueID@URBinArchiveFrame@stdlib@media@modules@UModSys@@@tl@UModSys@@2USUniquePointer@core@3@A@@YAXXZ 00414b50 f    CIL library: CIL module
 0001:00013b80       ??__E?s_id@?$TObjectUniqueID@URLibraryBinTree@stdlib@media@modules@UModSys@@@tl@UModSys@@2USUniquePointer@core@3@A@@YAXXZ 00414b80 f    CIL library: CIL module
 0001:00013bb0       ??__E?s_id@?$TObjectUniqueID@URLibraryBinCache@stdlib@media@modules@UModSys@@@tl@UModSys@@2USUniquePointer@core@3@A@@YAXXZ 00414bb0 f    CIL library: CIL module
 0001:00013be0       ??__E?s_id@?$TObjectUniqueID@URLibraryLayered@stdlib@media@modules@UModSys@@@tl@UModSys@@2USUniquePointer@core@3@A@@YAXXZ 00414be0 f    CIL library: CIL module
 0001:00013c10       ??__E?s_id@?$TObjectUniqueID@URLibraryObjCache@stdlib@media@modules@UModSys@@@tl@UModSys@@2USUniquePointer@core@3@A@@YAXXZ 00414c10 f    CIL library: CIL module
 0001:00013c40       ??__E?s_id@?$TObjectUniqueID@URLibraryObjFilter@stdlib@media@modules@UModSys@@@tl@UModSys@@2USUniquePointer@core@3@A@@YAXXZ 00414c40 f    CIL library: CIL module
 0001:00013c70       ??__E?s_id@?$TObjectUniqueID@URGenerator@stdlib@media@modules@UModSys@@@tl@UModSys@@2USUniquePointer@core@3@A@@YAXXZ 00414c70 f    CIL library: CIL module
 0001:00013ca0       ??__E?s_console@RConsole_std@rsystem@base@UModSys@@2U1234@A@@YAXXZ 00414ca0 f    CIL library: CIL module
 0001:00013cc0       ??__E?s_sys@RSystem@rsystem@base@UModSys@@2U1234@A@@YAXXZ 00414cc0 f    CIL library: CIL module
 0001:00013ce0       ??__Ersys_dbg@rsystem@base@UModSys@@YAXXZ 00414ce0 f    CIL library: CIL module
 0001:00013d00       ??__EM@UModSys@@YAXXZ      00414d00 f    CIL library: CIL module
 0001:00013d20       ??__E?root@SModuleRegChain@base@UModSys@@2U123@A@@YAXXZ 00414d20 f    CIL library: CIL module
 0001:00013d40       ??__E?s_library@RModuleLibraryReg_Chain@base@UModSys@@2U123@A@@YAXXZ 00414d40 f    CIL library: CIL module
 0001:00013d60       ??__E?root@SUniquePointer@core@UModSys@@2U123@A@@YAXXZ 00414d60 f    CIL library: CIL module
 0001:00013d80       ??__F?s_id@?$TObjectUniqueID@URConsole_std@rsystem@base@UModSys@@@tl@UModSys@@2USUniquePointer@core@3@A@@YAXXZ 00414d80 f    CIL library: CIL module
 0001:00013d90       ??__F?s_id@?$TObjectUniqueID@URSystem@rsystem@base@UModSys@@@tl@UModSys@@2USUniquePointer@core@3@A@@YAXXZ 00414d90 f    CIL library: CIL module
 0001:00013da0       ??__F?s_id@?$TObjectUniqueID@URParameters@rsystem@base@UModSys@@@tl@UModSys@@2USUniquePointer@core@3@A@@YAXXZ 00414da0 f    CIL library: CIL module
 0001:00013db0       ??__F?s_id@?$TObjectUniqueID@URModuleLibraryThis@rsystem@base@UModSys@@@tl@UModSys@@2USUniquePointer@core@3@A@@YAXXZ 00414db0 f    CIL library: CIL module
 0001:00013dc0       ??__F?s_id@?$TObjectUniqueID@URModuleLibrarySO@rsystem@base@UModSys@@@tl@UModSys@@2USUniquePointer@core@3@A@@YAXXZ 00414dc0 f    CIL library: CIL module
 0001:00013dd0       ??__F?s_id@?$TObjectUniqueID@UIModuleLibraryUni@rsystem@base@UModSys@@@tl@UModSys@@2USUniquePointer@core@3@A@@YAXXZ 00414dd0 f    CIL library: CIL module
 0001:00013de0       ??__F?s_id@?$TObjectUniqueID@URModule@rsystem@base@UModSys@@@tl@UModSys@@2USUniquePointer@core@3@A@@YAXXZ 00414de0 f    CIL library: CIL module
 0001:00013df0       ??__F?s_id@?$TObjectUniqueID@UISystem@base@UModSys@@@tl@UModSys@@2USUniquePointer@core@3@A@@YAXXZ 00414df0 f    CIL library: CIL module
 0001:00013e00       ??__F?s_id@?$TObjectUniqueID@UIConsole@base@UModSys@@@tl@UModSys@@2USUniquePointer@core@3@A@@YAXXZ 00414e00 f    CIL library: CIL module
 0001:00013e10       ??__F?s_id@?$TObjectUniqueID@UIShell@base@UModSys@@@tl@UModSys@@2USUniquePointer@core@3@A@@YAXXZ 00414e10 f    CIL library: CIL module
 0001:00013e20       ??__F?s_id@?$TObjectUniqueID@UIGenerator@base@UModSys@@@tl@UModSys@@2USUniquePointer@core@3@A@@YAXXZ 00414e20 f    CIL library: CIL module
 0001:00013e30       ??__F?s_id@?$TObjectUniqueID@UIModObject@base@UModSys@@@tl@UModSys@@2USUniquePointer@core@3@A@@YAXXZ 00414e30 f    CIL library: CIL module
 0001:00013e40       ??__F?s_id@?$TObjectUniqueID@UIModuleLibrary@base@UModSys@@@tl@UModSys@@2USUniquePointer@core@3@A@@YAXXZ 00414e40 f    CIL library: CIL module
 0001:00013e50       ??__F?s_id@?$TObjectUniqueID@UIModule@base@UModSys@@@tl@UModSys@@2USUniquePointer@core@3@A@@YAXXZ 00414e50 f    CIL library: CIL module
 0001:00013e60       ??__F?s_id@?$TObjectUniqueID@UIParameters@core@UModSys@@@tl@UModSys@@2USUniquePointer@core@3@A@@YAXXZ 00414e60 f    CIL library: CIL module
 0001:00013e70       ??__F?s_id@?$TObjectUniqueID@UIRefObject@core@UModSys@@@tl@UModSys@@2USUniquePointer@core@3@A@@YAXXZ 00414e70 f    CIL library: CIL module
 0001:00013e80       ??__F?s_id@?$TObjectUniqueID@UIRoot@core@UModSys@@@tl@UModSys@@2USUniquePointer@core@3@A@@YAXXZ 00414e80 f    CIL library: CIL module
 0001:00013e90       ??__F?s_modreg@RModuleReg@stdio@media@modules@UModSys@@2U12345@A@@YAXXZ 00414e90 f    CIL library: CIL module
 0001:00013eb0       ??__F?s_modreg_chain@RModuleReg@stdio@media@modules@UModSys@@2USModuleRegChain@base@5@A@@YAXXZ 00414eb0 f    CIL library: CIL module
 0001:00013ec0       ??__F?s_uid@RGenerator@stdio@media@modules@UModSys@@2USUniquePointer@core@5@A@@YAXXZ 00414ec0 f    CIL library: CIL module
 0001:00013ed0       ??__Fh@?1??s_holder@RGenerator@stdio@media@modules@UModSys@@SAAAU?$TTypeStaticHolder@URGenerator@stdio@media@modules@UModSys@@@tl@5@XZ@YAXXZ 00414ed0 f    CIL library: CIL module
 0001:00013ef0       ??__F?s_id@?$TObjectUniqueID@URGenerator@stdio@media@modules@UModSys@@@tl@UModSys@@2USUniquePointer@core@3@A@@YAXXZ 00414ef0 f    CIL library: CIL module
 0001:00013f00       ??__F?s_id@?$TObjectUniqueID@URDataArchiver_OsDir@stdio@media@modules@UModSys@@@tl@UModSys@@2USUniquePointer@core@3@A@@YAXXZ 00414f00 f    CIL library: CIL module
 0001:00013f10       ??__F?s_id@?$TObjectUniqueID@URStreamWriter_FILE@stdio@media@modules@UModSys@@@tl@UModSys@@2USUniquePointer@core@3@A@@YAXXZ 00414f10 f    CIL library: CIL module
 0001:00013f20       ??__F?s_id@?$TObjectUniqueID@URStreamReader_FILE@stdio@media@modules@UModSys@@@tl@UModSys@@2USUniquePointer@core@3@A@@YAXXZ 00414f20 f    CIL library: CIL module
 0001:00013f30       ??__F?s_id@?$TObjectUniqueID@UILibrary@libmedia@UModSys@@@tl@UModSys@@2USUniquePointer@core@3@A@@YAXXZ 00414f30 f    CIL library: CIL module
 0001:00013f40       ??__F?s_id@?$TObjectUniqueID@UIBinObjFilter@libmedia@UModSys@@@tl@UModSys@@2USUniquePointer@core@3@A@@YAXXZ 00414f40 f    CIL library: CIL module
 0001:00013f50       ??__F?s_id@?$TObjectUniqueID@UIBinArchive@libmedia@UModSys@@@tl@UModSys@@2USUniquePointer@core@3@A@@YAXXZ 00414f50 f    CIL library: CIL module
 0001:00013f60       ??__F?s_id@?$TObjectUniqueID@UILibObject@libmedia@UModSys@@@tl@UModSys@@2USUniquePointer@core@3@A@@YAXXZ 00414f60 f    CIL library: CIL module
 0001:00013f70       ??__F?s_id@?$TObjectUniqueID@UIUtilities@libmedia@UModSys@@@tl@UModSys@@2USUniquePointer@core@3@A@@YAXXZ 00414f70 f    CIL library: CIL module
 0001:00013f80       ??__F?s_id@?$TObjectUniqueID@UIStreamWriter@libmedia@UModSys@@@tl@UModSys@@2USUniquePointer@core@3@A@@YAXXZ 00414f80 f    CIL library: CIL module
 0001:00013f90       ??__F?s_id@?$TObjectUniqueID@UIStreamReader@libmedia@UModSys@@@tl@UModSys@@2USUniquePointer@core@3@A@@YAXXZ 00414f90 f    CIL library: CIL module
 0001:00013fa0       ??__F?s_modreg@RModuleReg@stdlib@media@modules@UModSys@@2U12345@A@@YAXXZ 00414fa0 f    CIL library: CIL module
 0001:00013fc0       ??__F?s_modreg_chain@RModuleReg@stdlib@media@modules@UModSys@@2USModuleRegChain@base@5@A@@YAXXZ 00414fc0 f    CIL library: CIL module
 0001:00013fd0       ??__F?s_uid@RGenerator@stdlib@media@modules@UModSys@@2USUniquePointer@core@5@A@@YAXXZ 00414fd0 f    CIL library: CIL module
 0001:00013fe0       ??__Fh@?1??s_holder@RGenerator@stdlib@media@modules@UModSys@@SAAAU?$TTypeStaticHolder@URGenerator@stdlib@media@modules@UModSys@@@tl@5@XZ@YAXXZ 00414fe0 f    CIL library: CIL module
 0001:00014000       ??__F?s_id@?$TObjectUniqueID@URGenerator@stdlib@media@modules@UModSys@@@tl@UModSys@@2USUniquePointer@core@3@A@@YAXXZ 00415000 f    CIL library: CIL module
 0001:00014010       ??__F?s_id@?$TObjectUniqueID@URLibraryObjFilter@stdlib@media@modules@UModSys@@@tl@UModSys@@2USUniquePointer@core@3@A@@YAXXZ 00415010 f    CIL library: CIL module
 0001:00014020       ??__F?s_id@?$TObjectUniqueID@URLibraryObjCache@stdlib@media@modules@UModSys@@@tl@UModSys@@2USUniquePointer@core@3@A@@YAXXZ 00415020 f    CIL library: CIL module
 0001:00014030       ??__F?s_id@?$TObjectUniqueID@URLibraryLayered@stdlib@media@modules@UModSys@@@tl@UModSys@@2USUniquePointer@core@3@A@@YAXXZ 00415030 f    CIL library: CIL module
 0001:00014040       ??__F?s_id@?$TObjectUniqueID@URLibraryBinCache@stdlib@media@modules@UModSys@@@tl@UModSys@@2USUniquePointer@core@3@A@@YAXXZ 00415040 f    CIL library: CIL module
 0001:00014050       ??__F?s_id@?$TObjectUniqueID@URLibraryBinTree@stdlib@media@modules@UModSys@@@tl@UModSys@@2USUniquePointer@core@3@A@@YAXXZ 00415050 f    CIL library: CIL module
 0001:00014060       ??__F?s_id@?$TObjectUniqueID@URBinArchiveFrame@stdlib@media@modules@UModSys@@@tl@UModSys@@2USUniquePointer@core@3@A@@YAXXZ 00415060 f    CIL library: CIL module
 0001:00014070       ??__F?s_id@?$TObjectUniqueID@URUtilities@stdlib@media@modules@UModSys@@@tl@UModSys@@2USUniquePointer@core@3@A@@YAXXZ 00415070 f    CIL library: CIL module
 0001:00014080       ??__F?s_id@?$TObjectUniqueID@UIClient@IBinArchiveFrame@libmedia@UModSys@@@tl@UModSys@@2USUniquePointer@core@3@A@@YAXXZ 00415080 f    CIL library: CIL module
 0001:00014090       ??__F?s_id@?$TObjectUniqueID@UIBinArchiveFrame@libmedia@UModSys@@@tl@UModSys@@2USUniquePointer@core@3@A@@YAXXZ 00415090 f    CIL library: CIL module
 0001:000140a0       ??__F?s_id@?$TObjectUniqueID@UILibraryLayered@libmedia@UModSys@@@tl@UModSys@@2USUniquePointer@core@3@A@@YAXXZ 004150a0 f    CIL library: CIL module
 0001:000140b0       ??__F?s_id@?$TObjectUniqueID@UILibraryObjCache@libmedia@UModSys@@@tl@UModSys@@2USUniquePointer@core@3@A@@YAXXZ 004150b0 f    CIL library: CIL module
 0001:000140c0       ??__F?s_id@?$TObjectUniqueID@UILibraryObjFilter@libmedia@UModSys@@@tl@UModSys@@2USUniquePointer@core@3@A@@YAXXZ 004150c0 f    CIL library: CIL module
 0001:000140d0       ??__F?s_id@?$TObjectUniqueID@UILibraryBinCache@libmedia@UModSys@@@tl@UModSys@@2USUniquePointer@core@3@A@@YAXXZ 004150d0 f    CIL library: CIL module
 0001:000140e0       ??__F?s_id@?$TObjectUniqueID@UILibraryBinTree@libmedia@UModSys@@@tl@UModSys@@2USUniquePointer@core@3@A@@YAXXZ 004150e0 f    CIL library: CIL module
 0001:000140f0       ??__F?s_console@RConsole_std@rsystem@base@UModSys@@2U1234@A@@YAXXZ 004150f0 f    CIL library: CIL module
 0001:00014100       ??__F?s_sys@RSystem@rsystem@base@UModSys@@2U1234@A@@YAXXZ 00415100 f    CIL library: CIL module
 0001:00014110       ??__Frsys_dbg@rsystem@base@UModSys@@YAXXZ 00415110 f    CIL library: CIL module
 0001:00014120       ??__FM@UModSys@@YAXXZ      00415120 f    CIL library: CIL module
 0001:00014130       ??__F?root@SModuleRegChain@base@UModSys@@2U123@A@@YAXXZ 00415130 f    CIL library: CIL module
 0001:00014140       ??__F?s_library@RModuleLibraryReg_Chain@base@UModSys@@2U123@A@@YAXXZ 00415140 f    CIL library: CIL module
 0001:00014150       ??__F?root@SUniquePointer@core@UModSys@@2U123@A@@YAXXZ 00415150 f    CIL library: CIL module

 Exports

  ordinal    name

        1    _UModSys_Plugin_Entry2@0
