 lib_freetype

 Timestamp is 527a39bc (Wed Nov 06 15:44:44 2013)

 Preferred load address is 10000000

 Start         Length     Name                   Class
 0001:00000000 00054a4bH .text                   CODE
 0002:00000000 000000e4H .idata$5                DATA
 0002:000000e4 00000004H .CRT$XCA                DATA
 0002:000000e8 00000004H .CRT$XCZ                DATA
 0002:000000ec 00000004H .CRT$XIA                DATA
 0002:000000f0 00000004H .CRT$XIAA               DATA
 0002:000000f4 00000004H .CRT$XIZ                DATA
 0002:000000f8 00020a38H .rdata                  DATA
 0002:00020b30 00000004H .rdata$sxdata           DATA
 0002:00020b34 00000004H .rtc$IAA                DATA
 0002:00020b38 00000004H .rtc$IZZ                DATA
 0002:00020b3c 00000004H .rtc$TAA                DATA
 0002:00020b40 00000004H .rtc$TZZ                DATA
 0002:00020b48 00000064H .xdata$x                DATA
 0002:00020bac 00000028H .idata$2                DATA
 0002:00020bd4 00000014H .idata$3                DATA
 0002:00020be8 000000e4H .idata$4                DATA
 0002:00020ccc 00000354H .idata$6                DATA
 0002:00021020 00001a4fH .edata                  DATA
 0003:00000000 00000370H .data                   DATA
 0003:00000380 000004d4H .bss                    DATA

  Address         Publics by Value              Rva+Base       Lib:Object

 0000:00000000       __except_list              00000000     <absolute>
 0000:00000001       ___safe_se_handler_count   00000001     <absolute>
 0000:00009876       __ldused                   00009876     <absolute>
 0000:00009876       __fltused                  00009876     <absolute>
 0000:00000000       ___ImageBase               10000000     <linker-defined>
 0001:00000eca       _FT_Throw                  10001eca f   ftdebug.obj
 0001:00004e2b       _af_property_get_face_globals 10005e2b f   autofit.obj
 0001:00004e6e       _af_property_set           10005e6e f   autofit.obj
 0001:00004ee4       _af_property_get           10005ee4 f   autofit.obj
 0001:00005072       _FT_Get_Advance            10006072 f   ftbase.obj
 0001:000050f1       _FT_Get_Advances           100060f1 f   ftbase.obj
 0001:000051d6       _FT_RoundFix               100061d6 f   ftbase.obj
 0001:000051f9       _FT_CeilFix                100061f9 f   ftbase.obj
 0001:0000521c       _FT_FloorFix               1000621c f   ftbase.obj
 0001:00005234       _FT_MSB                    10006234 f   ftbase.obj
 0001:00005272       _FT_Hypot                  10006272 f   ftbase.obj
 0001:0000528f       _FT_MulDiv                 1000628f f   ftbase.obj
 0001:000052ec       _FT_MulDiv_No_Round        100062ec f   ftbase.obj
 0001:00005340       _FT_MulFix                 10006340 f   ftbase.obj
 0001:0000536b       _FT_DivFix                 1000636b f   ftbase.obj
 0001:000053c7       _FT_Matrix_Multiply        100063c7 f   ftbase.obj
 0001:00005474       _FT_Matrix_Invert          10006474 f   ftbase.obj
 0001:000054e5       _FT_Matrix_Multiply_Scaled 100064e5 f   ftbase.obj
 0001:000055c0       _FT_Vector_Transform_Scaled 100065c0 f   ftbase.obj
 0001:0000562a       _FT_SqrtFixed              1000662a f   ftbase.obj
 0001:0000565b       _ft_corner_orientation     1000665b f   ftbase.obj
 0001:000056d9       _ft_corner_is_flat         100066d9 f   ftbase.obj
 0001:00005737       _FT_GlyphLoader_New        10006737 f   ftbase.obj
 0001:00005761       _FT_GlyphLoader_Rewind     10006761 f   ftbase.obj
 0001:00005781       _FT_GlyphLoader_Reset      10006781 f   ftbase.obj
 0001:000057e1       _FT_GlyphLoader_Done       100067e1 f   ftbase.obj
 0001:00005845       _FT_GlyphLoader_CreateExtra 10006845 f   ftbase.obj
 0001:0000588a       _FT_GlyphLoader_CheckPoints 1000688a f   ftbase.obj
 0001:000059c9       _FT_GlyphLoader_CheckSubGlyphs 100069c9 f   ftbase.obj
 0001:00005a20       _FT_GlyphLoader_Prepare    10006a20 f   ftbase.obj
 0001:00005a43       _FT_GlyphLoader_Add        10006a43 f   ftbase.obj
 0001:00005a8f       _FT_GlyphLoader_CopyPoints 10006a8f f   ftbase.obj
 0001:0000652e       _MD5_Update                1000752e f   ftbase.obj
 0001:000065be       _MD5_Final                 100075be f   ftbase.obj
 0001:000066db       _ft_service_list_lookup    100076db f   ftbase.obj
 0001:00006731       _ft_validator_init         10007731 f   ftbase.obj
 0001:00006751       _ft_validator_run          10007751 f   ftbase.obj
 0001:00006755       _ft_validator_error        10007755 f   ftbase.obj
 0001:0000676d       _FT_Stream_New             1000776d f   ftbase.obj
 0001:0000681e       _FT_Stream_Free            1000781e f   ftbase.obj
 0001:000068ab       _ft_glyphslot_free_bitmap  100078ab f   ftbase.obj
 0001:000068e6       _ft_glyphslot_set_bitmap   100078e6 f   ftbase.obj
 0001:0000691b       _ft_glyphslot_alloc_bitmap 1000791b f   ftbase.obj
 0001:00006a24       _FT_New_GlyphSlot          10007a24 f   ftbase.obj
 0001:00006ad9       _FT_Done_GlyphSlot         10007ad9 f   ftbase.obj
 0001:00006b30       _FT_Set_Transform          10007b30 f   ftbase.obj
 0001:00006c45       _FT_Load_Glyph             10007c45 f   ftbase.obj
 0001:00006fb8       _FT_Load_Char              10007fb8 f   ftbase.obj
 0001:000072f7       _FT_New_Face               100082f7 f   ftbase.obj
 0001:0000732e       _FT_New_Memory_Face        1000832e f   ftbase.obj
 0001:00007dc4       _FT_Open_Face              10008dc4 f   ftbase.obj
 0001:00008198       _FT_Attach_File            10009198 f   ftbase.obj
 0001:000081c8       _FT_Attach_Stream          100091c8 f   ftbase.obj
 0001:0000823e       _FT_Reference_Face         1000923e f   ftbase.obj
 0001:0000824e       _FT_Done_Face              1000924e f   ftbase.obj
 0001:000082c1       _FT_New_Size               100092c1 f   ftbase.obj
 0001:00008381       _FT_Done_Size              10009381 f   ftbase.obj
 0001:00008415       _FT_Match_Size             10009415 f   ftbase.obj
 0001:000084fd       _ft_synthesize_vertical_metrics 100094fd f   ftbase.obj
 0001:000085a9       _FT_Select_Metrics         100095a9 f   ftbase.obj
 0001:0000876e       _FT_Request_Metrics        1000976e f   ftbase.obj
 0001:00008a75       _FT_Select_Size            10009a75 f   ftbase.obj
 0001:00008c26       _FT_Request_Size           10009c26 f   ftbase.obj
 0001:00008e0f       _FT_Set_Char_Size          10009e0f f   ftbase.obj
 0001:00008e78       _FT_Set_Pixel_Sizes        10009e78 f   ftbase.obj
 0001:00008eda       _FT_Get_Kerning            10009eda f   ftbase.obj
 0001:00008fc5       _FT_Get_Track_Kerning      10009fc5 f   ftbase.obj
 0001:0000900f       _FT_Select_Charmap         1000a00f f   ftbase.obj
 0001:00009069       _FT_Set_Charmap            1000a069 f   ftbase.obj
 0001:000090b8       _FT_Get_Charmap_Index      1000a0b8 f   ftbase.obj
 0001:0000911b       _FT_CMap_Done              1000a11b f   ftbase.obj
 0001:000091ac       _FT_CMap_New               1000a1ac f   ftbase.obj
 0001:00009272       _FT_Get_Char_Index         1000a272 f   ftbase.obj
 0001:000092c7       _FT_Get_First_Char         1000a2c7 f   ftbase.obj
 0001:00009319       _FT_Get_Next_Char          1000a319 f   ftbase.obj
 0001:00009363       _FT_Face_GetCharVariantIndex 1000a363 f   ftbase.obj
 0001:0000941d       _FT_Face_GetCharVariantIsDefault 1000a41d f   ftbase.obj
 0001:000094b5       _FT_Face_GetVariantSelectors 1000a4b5 f   ftbase.obj
 0001:000094e0       _FT_Face_GetVariantsOfChar 1000a4e0 f   ftbase.obj
 0001:00009548       _FT_Face_GetCharsOfVariant 1000a548 f   ftbase.obj
 0001:000095b0       _FT_Get_Name_Index         1000a5b0 f   ftbase.obj
 0001:0000961c       _FT_Get_Glyph_Name         1000a61c f   ftbase.obj
 0001:000096ae       _FT_Get_Postscript_Name    1000a6ae f   ftbase.obj
 0001:0000970b       _FT_Get_Sfnt_Table         1000a70b f   ftbase.obj
 0001:00009748       _FT_Load_Sfnt_Table        1000a748 f   ftbase.obj
 0001:00009791       _FT_Sfnt_Table_Info        1000a791 f   ftbase.obj
 0001:000097dc       _FT_Get_CMap_Language_ID   1000a7dc f   ftbase.obj
 0001:00009822       _FT_Get_CMap_Format        1000a822 f   ftbase.obj
 0001:00009867       _FT_Activate_Size          1000a867 f   ftbase.obj
 0001:00009885       _FT_Lookup_Renderer        1000a885 f   ftbase.obj
 0001:000099dc       _FT_Get_Renderer           1000a9dc f   ftbase.obj
 0001:000099ef       _FT_Set_Renderer           1000a9ef f   ftbase.obj
 0001:00009a77       _FT_Render_Glyph_Internal  1000aa77 f   ftbase.obj
 0001:00009c13       _FT_Render_Glyph           1000ac13 f   ftbase.obj
 0001:00009ca9       _FT_Add_Module             1000aca9 f   ftbase.obj
 0001:00009e41       _FT_Get_Module             1000ae41 f   ftbase.obj
 0001:00009ea5       _FT_Get_Module_Interface   1000aea5 f   ftbase.obj
 0001:00009ec1       _ft_module_get_service     1000aec1 f   ftbase.obj
 0001:00009f42       _FT_Remove_Module          1000af42 f   ftbase.obj
 0001:00009f9d       _ft_property_do            1000af9d f   ftbase.obj
 0001:0000a0a9       _FT_Property_Set           1000b0a9 f   ftbase.obj
 0001:0000a0c6       _FT_Property_Get           1000b0c6 f   ftbase.obj
 0001:0000a0e3       _FT_Reference_Library      1000b0e3 f   ftbase.obj
 0001:0000a0f0       _FT_New_Library            1000b0f0 f   ftbase.obj
 0001:0000a17d       _FT_Library_Version        1000b17d f   ftbase.obj
 0001:0000a1b5       _FT_Done_Library           1000b1b5 f   ftbase.obj
 0001:0000a2f2       _FT_Set_Debug_Hook         1000b2f2 f   ftbase.obj
 0001:0000a313       _FT_Get_TrueType_Engine_Type 1000b313 f   ftbase.obj
 0001:0000a347       _FT_Get_SubGlyph_Info      1000b347 f   ftbase.obj
 0001:0000a3a7       _FT_Outline_Decompose      1000b3a7 f   ftbase.obj
 0001:0000a97e       _FT_Outline_New_Internal   1000b97e f   ftbase.obj
 0001:0000aa51       _FT_Outline_New            1000ba51 f   ftbase.obj
 0001:0000aa74       _FT_Outline_Check          1000ba74 f   ftbase.obj
 0001:0000aac6       _FT_Outline_Copy           1000bac6 f   ftbase.obj
 0001:0000ab3f       _FT_Outline_Done_Internal  1000bb3f f   ftbase.obj
 0001:0000ab95       _FT_Outline_Done           1000bb95 f   ftbase.obj
 0001:0000abaf       _FT_Outline_Get_CBox       1000bbaf f   ftbase.obj
 0001:0000ac35       _FT_Outline_Translate      1000bc35 f   ftbase.obj
 0001:0000ac6b       _FT_Outline_Reverse        1000bc6b f   ftbase.obj
 0001:0000ad02       _FT_Outline_Render         1000bd02 f   ftbase.obj
 0001:0000ad96       _FT_Outline_Get_Bitmap     1000bd96 f   ftbase.obj
 0001:0000add9       _FT_Vector_Transform       1000bdd9 f   ftbase.obj
 0001:0000ae2f       _FT_Outline_Transform      1000be2f f   ftbase.obj
 0001:0000ae62       _FT_Outline_Embolden       1000be62 f   ftbase.obj
 0001:0000ae77       _FT_Outline_EmboldenXY     1000be77 f   ftbase.obj
 0001:0000b184       _FT_Outline_Get_Orientation 1000c184 f   ftbase.obj
 0001:0000b29a       _FT_Raccess_Get_HeaderInfo 1000c29a f   ftbase.obj
 0001:0000b3e5       _FT_Raccess_Get_DataOffsets 1000c3e5 f   ftbase.obj
 0001:0000b5f5       _FT_Raccess_Guess          1000c5f5 f   ftbase.obj
 0001:0000baed       _FT_Get_Sfnt_Name_Count    1000caed f   ftbase.obj
 0001:0000bb06       _FT_Get_Sfnt_Name          1000cb06 f   ftbase.obj
 0001:0000bbf9       _FT_Stream_OpenMemory      1000cbf9 f   ftbase.obj
 0001:0000bc19       _FT_Stream_Close           1000cc19 f   ftbase.obj
 0001:0000bc2d       _FT_Stream_Seek            1000cc2d f   ftbase.obj
 0001:0000bc77       _FT_Stream_Skip            1000cc77 f   ftbase.obj
 0001:0000bc97       _FT_Stream_Pos             1000cc97 f   ftbase.obj
 0001:0000bc9f       _FT_Stream_Read            1000cc9f f   ftbase.obj
 0001:0000bcb8       _FT_Stream_ReadAt          1000ccb8 f   ftbase.obj
 0001:0000bd44       _FT_Stream_TryRead         1000cd44 f   ftbase.obj
 0001:0000bd96       _FT_Stream_ExtractFrame    1000cd96 f   ftbase.obj
 0001:0000bdbc       _FT_Stream_ReleaseFrame    1000cdbc f   ftbase.obj
 0001:0000bde3       _FT_Stream_EnterFrame      1000cde3 f   ftbase.obj
 0001:0000bee9       _FT_Stream_ExitFrame       1000cee9 f   ftbase.obj
 0001:0000bf25       _FT_Stream_GetChar         1000cf25 f   ftbase.obj
 0001:0000bf57       _FT_Stream_GetUShort       1000cf57 f   ftbase.obj
 0001:0000bfa0       _FT_Stream_GetUShortLE     1000cfa0 f   ftbase.obj
 0001:0000bfe9       _FT_Stream_GetUOffset      1000cfe9 f   ftbase.obj
 0001:0000c035       _FT_Stream_GetULong        1000d035 f   ftbase.obj
 0001:0000c08a       _FT_Stream_GetULongLE      1000d08a f   ftbase.obj
 0001:0000c0e0       _FT_Stream_ReadChar        1000d0e0 f   ftbase.obj
 0001:0000c15c       _FT_Stream_ReadUShort      1000d15c f   ftbase.obj
 0001:0000c1ed       _FT_Stream_ReadUShortLE    1000d1ed f   ftbase.obj
 0001:0000c27d       _FT_Stream_ReadUOffset     1000d27d f   ftbase.obj
 0001:0000c310       _FT_Stream_ReadULong       1000d310 f   ftbase.obj
 0001:0000c3ac       _FT_Stream_ReadULongLE     1000d3ac f   ftbase.obj
 0001:0000c449       _FT_Stream_ReadFields      1000d449 f   ftbase.obj
 0001:0000c818       _FT_Cos                    1000d818 f   ftbase.obj
 0001:0000c840       _FT_Sin                    1000d840 f   ftbase.obj
 0001:0000c851       _FT_Tan                    1000d851 f   ftbase.obj
 0001:0000c87d       _FT_Atan2                  1000d87d f   ftbase.obj
 0001:0000c8b0       _FT_Vector_Unit            1000d8b0 f   ftbase.obj
 0001:0000c8e5       _FT_Vector_Rotate          1000d8e5 f   ftbase.obj
 0001:0000c970       _FT_Vector_Length          1000d970 f   ftbase.obj
 0001:0000c9db       _FT_Vector_Polarize        1000d9db f   ftbase.obj
 0001:0000ca32       _FT_Vector_From_Polar      1000da32 f   ftbase.obj
 0001:0000ca4d       _FT_Angle_Diff             1000da4d f   ftbase.obj
 0001:0000ca73       _ft_mem_alloc              1000da73 f   ftbase.obj
 0001:0000cab1       _ft_mem_qalloc             1000dab1 f   ftbase.obj
 0001:0000cadf       _ft_mem_realloc            1000dadf f   ftbase.obj
 0001:0000cb3b       _ft_mem_qrealloc           1000db3b f   ftbase.obj
 0001:0000cbfc       _ft_mem_free               1000dbfc f   ftbase.obj
 0001:0000cc12       _ft_mem_dup                1000dc12 f   ftbase.obj
 0001:0000cc52       _ft_mem_strdup             1000dc52 f   ftbase.obj
 0001:0000cc83       _ft_mem_strcpyn            1000dc83 f   ftbase.obj
 0001:0000ccad       _FT_List_Find              1000dcad f   ftbase.obj
 0001:0000ccc6       _FT_List_Add               1000dcc6 f   ftbase.obj
 0001:0000cce6       _FT_List_Insert            1000dce6 f   ftbase.obj
 0001:0000cd04       _FT_List_Remove            1000dd04 f   ftbase.obj
 0001:0000cd27       _FT_List_Up                1000dd27 f   ftbase.obj
 0001:0000cd57       _FT_List_Iterate           1000dd57 f   ftbase.obj
 0001:0000cd7e       _FT_List_Finalize          1000dd7e f   ftbase.obj
 0001:0000cdc2       _ft_highpow2               1000ddc2 f   ftbase.obj
 0001:0000cdd7       _FT_Message                1000ddd7 f   ftdebug.obj
 0001:0000cdf4       _FT_Panic                  1000ddf4 f   ftdebug.obj
 0001:0000ce19       _FT_Trace_Get_Count        1000de19 f   ftdebug.obj
 0001:0000ce1d       _FT_Trace_Get_Name         1000de1d f   ftdebug.obj
 0001:0000ce31       _ft_debug_init             1000de31 f   ftdebug.obj
 0001:0000cfe5       _FT_Stream_Open            1000dfe5 f   ftsystem.obj
 0001:0000d0ce       _FT_New_Memory             1000e0ce f   ftsystem.obj
 0001:0000d0f4       _FT_Done_Memory            1000e0f4 f   ftsystem.obj
 0001:0000d0fa       _FT_Bitmap_New             1000e0fa f   ftbitmap.obj
 0001:0000d10d       _FT_Bitmap_Copy            1000e10d f   ftbitmap.obj
 0001:0000d385       _FT_Bitmap_Embolden        1000e385 f   ftbitmap.obj
 0001:0000d606       _ft_gray_for_premultiplied_srgb_bgra 1000e606 f   ftbitmap.obj
 0001:0000d6ab       _FT_Bitmap_Convert         1000e6ab f   ftbitmap.obj
 0001:0000da3d       _FT_GlyphSlot_Own_Bitmap   1000ea3d f   ftbitmap.obj
 0001:0000da9e       _FT_Bitmap_Done            1000ea9e f   ftbitmap.obj
 0001:0000dcf3       _FT_Glyph_Copy             1000ecf3 f   ftglyph.obj
 0001:0000dd6c       _FT_Get_Glyph              1000ed6c f   ftglyph.obj
 0001:0000de10       _FT_Glyph_Transform        1000ee10 f   ftglyph.obj
 0001:0000de5a       _FT_Glyph_Get_CBox         1000ee5a f   ftglyph.obj
 0001:0000ded3       _FT_Glyph_To_Bitmap        1000eed3 f   ftglyph.obj
 0001:0000e061       _FT_Done_Glyph             1000f061 f   ftglyph.obj
 0001:0000e089       _FT_Add_Default_Modules    1000f089 f   ftinit.obj
 0001:0000e0cf       _FT_Init_FreeType          1000f0cf f   ftinit.obj
 0001:0000e117       _FT_Done_FreeType          1000f117 f   ftinit.obj
 0001:0000e135       _FT_Outline_GetInsideBorder 1000f135 f   ftstroke.obj
 0001:0000e145       _FT_Outline_GetOutsideBorder 1000f145 f   ftstroke.obj
 0001:0000e9a5       _FT_Stroker_New            1000f9a5 f   ftstroke.obj
 0001:0000ea11       _FT_Stroker_Set            1000fa11 f   ftstroke.obj
 0001:0000ea49       _FT_Stroker_Rewind         1000fa49 f   ftstroke.obj
 0001:0000ea68       _FT_Stroker_Done           1000fa68 f   ftstroke.obj
 0001:0000efb3       _FT_Stroker_LineTo         1000ffb3 f   ftstroke.obj
 0001:0000f0a2       _FT_Stroker_ConicTo        100100a2 f   ftstroke.obj
 0001:0000f4dd       _FT_Stroker_CubicTo        100104dd f   ftstroke.obj
 0001:0000f990       _FT_Stroker_BeginSubPath   10010990 f   ftstroke.obj
 0001:0000fa9a       _FT_Stroker_EndSubPath     10010a9a f   ftstroke.obj
 0001:0000fb75       _FT_Stroker_GetBorderCounts 10010b75 f   ftstroke.obj
 0001:0000fbc7       _FT_Stroker_GetCounts      10010bc7 f   ftstroke.obj
 0001:0000fc24       _FT_Stroker_ExportBorder   10010c24 f   ftstroke.obj
 0001:0000fc4f       _FT_Stroker_Export         10010c4f f   ftstroke.obj
 0001:0000fc78       _FT_Stroker_ParseOutline   10010c78 f   ftstroke.obj
 0001:0000ff2b       _FT_Glyph_Stroke           10010f2b f   ftstroke.obj
 0001:0000fffc       _FT_Glyph_StrokeBorder     10010ffc f   ftstroke.obj
 0001:000134f2       _FTC_Manager_LookupSize    100144f2 f   ftcache.obj
 0001:00013604       _FTC_Manager_LookupFace    10014604 f   ftcache.obj
 0001:0001367d       _FTC_Manager_New           1001467d f   ftcache.obj
 0001:0001371f       _FTC_Manager_Done          1001471f f   ftcache.obj
 0001:00013797       _FTC_Manager_Reset         10014797 f   ftcache.obj
 0001:00013919       _FTC_Manager_RemoveFaceID  10014919 f   ftcache.obj
 0001:00013958       _FTC_Node_Unref            10014958 f   ftcache.obj
 0001:00013e9b       _FTC_CMapCache_New         10014e9b f   ftcache.obj
 0001:00013eb1       _FTC_CMapCache_Lookup      10014eb1 f   ftcache.obj
 0001:000147f7       _FTC_ImageCache_New        100157f7 f   ftcache.obj
 0001:0001480d       _FTC_ImageCache_Lookup     1001580d f   ftcache.obj
 0001:00014a23       _FTC_ImageCache_LookupScaler 10015a23 f   ftcache.obj
 0001:00014c48       _FTC_SBitCache_New         10015c48 f   ftcache.obj
 0001:00014c5e       _FTC_SBitCache_Lookup      10015c5e f   ftcache.obj
 0001:00014e7d       _FTC_SBitCache_LookupScaler 10015e7d f   ftcache.obj
 0001:00037bea       _ps_hints_apply            10038bea f   pshinter.obj
 0001:00046229       _TT_New_Context            10047229 f   truetype.obj
 0001:00048c80       _TT_RunIns                 10049c80 f   truetype.obj
 0001:00050a35       _FT_Stream_OpenBzip2       10051a35 f   ftbzip2.obj
 0001:000527a9       _FT_Stream_OpenGzip        100537a9 f   ftgzip.obj
 0001:00052b30       _FT_Stream_OpenLZW         10053b30 f   ftlzw.obj
 0001:00052d7b       _ft_lzwstate_reset         10053d7b f   ftlzw.obj
 0001:00052d99       _ft_lzwstate_init          10053d99 f   ftlzw.obj
 0001:00052dd8       _ft_lzwstate_io            10053dd8 f   ftlzw.obj
 0001:0005401e       __CRT_INIT@12              1005501e f   MSVCRT:crtdll.obj
 0001:0005435a       __DllMainCRTStartup@12     1005535a f   MSVCRT:crtdll.obj
 0001:0005437d       ___clean_type_info_names   1005537d f   MSVCRT:tncleanup.obj
 0001:00054389       __onexit                   10055389 f   MSVCRT:atonexit.obj
 0001:0005442e       _atexit                    1005542e f   MSVCRT:atonexit.obj
 0001:00054445       __RTC_Initialize           10055445 f   MSVCRT:_initsect_.obj
 0001:0005446b       __RTC_Terminate            1005546b f   MSVCRT:_initsect_.obj
 0001:000544a0       __ValidateImageBase        100554a0 f   MSVCRT:pesect.obj
 0001:000544e0       __FindPESection            100554e0 f   MSVCRT:pesect.obj
 0001:00054530       __IsNonwritableInCurrentImage 10055530 f   MSVCRT:pesect.obj
 0001:000545ee       __initterm                 100555ee f   MSVCRT:MSVCR90.dll
 0001:000545f4       __initterm_e               100555f4 f   MSVCRT:MSVCR90.dll
 0001:000545fa       __amsg_exit                100555fa f   MSVCRT:MSVCR90.dll
 0001:00054600       ___CppXcptFilter           10055600 f   MSVCRT:MSVCR90.dll
 0001:00054606       _DllMain@12                10055606 f   MSVCRT:dllmain.obj
 0001:0005462c       __SEH_prolog4              1005562c f   MSVCRT:sehprolg4.obj
 0001:00054671       __SEH_epilog4              10055671 f   MSVCRT:sehprolg4.obj
 0001:00054685       __except_handler4          10055685 f   MSVCRT:chandler4gs.obj
 0001:000546aa       ___security_init_cookie    100556aa f   MSVCRT:gs_support.obj
 0001:00054740       ___clean_type_info_names_internal 10055740 f   MSVCRT:MSVCR90.dll
 0001:00054746       __unlock                   10055746 f   MSVCRT:MSVCR90.dll
 0001:0005474c       ___dllonexit               1005574c f   MSVCRT:MSVCR90.dll
 0001:00054752       __lock                     10055752 f   MSVCRT:MSVCR90.dll
 0001:00054758       @__security_check_cookie@4 10055758 f   MSVCRT:secchk.obj
 0001:00054768       __except_handler4_common   10055768 f   MSVCRT:MSVCR90.dll
 0001:0005476e       ___report_gsfailure        1005576e f   MSVCRT:gs_report.obj
 0001:00054874       __crt_debugger_hook        10055874 f   MSVCRT:MSVCR90.dll
 0001:0005487a       _memcpy                    1005587a f   MSVCRT:MSVCR90.dll
 0001:00054880       _memset                    10055880 f   MSVCRT:MSVCR90.dll
 0001:00054890       __allshr                   10055890 f   MSVCRT:llshr.obj
 0001:000548c0       __allmul                   100558c0 f   MSVCRT:llmul.obj
 0001:00054900       __aulldiv                  10055900 f   MSVCRT:ulldiv.obj
 0001:00054970       __alldiv                   10055970 f   MSVCRT:lldiv.obj
 0001:00054a1a       __setjmp3                  10055a1a f   MSVCRT:MSVCR90.dll
 0001:00054a20       __chkstk                   10055a20 f   MSVCRT:chkstk.obj
 0001:00054a20       __alloca_probe             10055a20     MSVCRT:chkstk.obj
 0002:00000000       __imp__SetUnhandledExceptionFilter@4 10056000     kernel32:KERNEL32.dll
 0002:00000004       __imp__UnhandledExceptionFilter@4 10056004     kernel32:KERNEL32.dll
 0002:00000008       __imp__GetCurrentProcess@0 10056008     kernel32:KERNEL32.dll
 0002:0000000c       __imp__TerminateProcess@8  1005600c     kernel32:KERNEL32.dll
 0002:00000010       __imp__GetSystemTimeAsFileTime@4 10056010     kernel32:KERNEL32.dll
 0002:00000014       __imp__GetCurrentProcessId@0 10056014     kernel32:KERNEL32.dll
 0002:00000018       __imp__GetCurrentThreadId@0 10056018     kernel32:KERNEL32.dll
 0002:0000001c       __imp__GetTickCount@0      1005601c     kernel32:KERNEL32.dll
 0002:00000020       __imp__QueryPerformanceCounter@4 10056020     kernel32:KERNEL32.dll
 0002:00000024       __imp__DisableThreadLibraryCalls@4 10056024     kernel32:KERNEL32.dll
 0002:00000028       __imp__InterlockedCompareExchange@12 10056028     kernel32:KERNEL32.dll
 0002:0000002c       __imp__Sleep@4             1005602c     kernel32:KERNEL32.dll
 0002:00000030       __imp__InterlockedExchange@8 10056030     kernel32:KERNEL32.dll
 0002:00000034       __imp__IsDebuggerPresent@0 10056034     kernel32:KERNEL32.dll
 0002:00000038       \177KERNEL32_NULL_THUNK_DATA 10056038     kernel32:KERNEL32.dll
 0002:0000003c       __imp__fseek               1005603c     MSVCRT:MSVCR90.dll
 0002:00000040       __imp__fclose              10056040     MSVCRT:MSVCR90.dll
 0002:00000044       __imp__sprintf             10056044     MSVCRT:MSVCR90.dll
 0002:00000048       __imp__strncmp             10056048     MSVCRT:MSVCR90.dll
 0002:0000004c       __imp__atol                1005604c     MSVCRT:MSVCR90.dll
 0002:00000050       __imp__memchr              10056050     MSVCRT:MSVCR90.dll
 0002:00000054       __imp__strstr              10056054     MSVCRT:MSVCR90.dll
 0002:00000058       __imp___encode_pointer     10056058     MSVCRT:MSVCR90.dll
 0002:0000005c       __imp___malloc_crt         1005605c     MSVCRT:MSVCR90.dll
 0002:00000060       __imp___encoded_null       10056060     MSVCRT:MSVCR90.dll
 0002:00000064       __imp___decode_pointer     10056064     MSVCRT:MSVCR90.dll
 0002:00000068       __imp__realloc             10056068     MSVCRT:MSVCR90.dll
 0002:0000006c       __imp___initterm_e         1005606c     MSVCRT:MSVCR90.dll
 0002:00000070       __imp___amsg_exit          10056070     MSVCRT:MSVCR90.dll
 0002:00000074       __imp___adjust_fdiv        10056074     MSVCRT:MSVCR90.dll
 0002:00000078       __imp____CppXcptFilter     10056078     MSVCRT:MSVCR90.dll
 0002:0000007c       __imp____clean_type_info_names_internal 1005607c     MSVCRT:MSVCR90.dll
 0002:00000080       __imp___unlock             10056080     MSVCRT:MSVCR90.dll
 0002:00000084       __imp____dllonexit         10056084     MSVCRT:MSVCR90.dll
 0002:00000088       __imp___lock               10056088     MSVCRT:MSVCR90.dll
 0002:0000008c       __imp___onexit             1005608c     MSVCRT:MSVCR90.dll
 0002:00000090       __imp___except_handler4_common 10056090     MSVCRT:MSVCR90.dll
 0002:00000094       __imp___crt_debugger_hook  10056094     MSVCRT:MSVCR90.dll
 0002:00000098       __imp__ftell               10056098     MSVCRT:MSVCR90.dll
 0002:0000009c       __imp__fread               1005609c     MSVCRT:MSVCR90.dll
 0002:000000a0       __imp__fopen               100560a0     MSVCRT:MSVCR90.dll
 0002:000000a4       __imp__malloc              100560a4     MSVCRT:MSVCR90.dll
 0002:000000a8       __imp__free                100560a8     MSVCRT:MSVCR90.dll
 0002:000000ac       __imp__exit                100560ac     MSVCRT:MSVCR90.dll
 0002:000000b0       __imp__getenv              100560b0     MSVCRT:MSVCR90.dll
 0002:000000b4       __imp__vfprintf            100560b4     MSVCRT:MSVCR90.dll
 0002:000000b8       __imp____iob_func          100560b8     MSVCRT:MSVCR90.dll
 0002:000000bc       __imp__longjmp             100560bc     MSVCRT:MSVCR90.dll
 0002:000000c0       __imp__strrchr             100560c0     MSVCRT:MSVCR90.dll
 0002:000000c4       __imp__strncpy             100560c4     MSVCRT:MSVCR90.dll
 0002:000000c8       __imp__qsort               100560c8     MSVCRT:MSVCR90.dll
 0002:000000cc       __imp___initterm           100560cc     MSVCRT:MSVCR90.dll
 0002:000000d0       __imp__memmove             100560d0     MSVCRT:MSVCR90.dll
 0002:000000d4       __imp__memcpy              100560d4     MSVCRT:MSVCR90.dll
 0002:000000d8       __imp__memset              100560d8     MSVCRT:MSVCR90.dll
 0002:000000dc       __imp___setjmp3            100560dc     MSVCRT:MSVCR90.dll
 0002:000000e0       \177MSVCR90_NULL_THUNK_DATA 100560e0     MSVCRT:MSVCR90.dll
 0002:000000e4       ___xc_a                    100560e4     MSVCRT:cinitexe.obj
 0002:000000e8       ___xc_z                    100560e8     MSVCRT:cinitexe.obj
 0002:000000ec       ___xi_a                    100560ec     MSVCRT:cinitexe.obj
 0002:000000f4       ___xi_z                    100560f4     MSVCRT:cinitexe.obj
 0002:000000f8       __pRawDllMain              100560f8     MSVCRT:crtdll.obj
 0002:000000f8       __pDefaultRawDllMain       100560f8     MSVCRT:crtdll.obj
 0002:00000104       ??_C@_0L@MNEBCNMP@autofitter?$AA@ 10056104     autofit.obj
 0002:00000110       ??_C@_0L@CIHKIEFA@properties?$AA@ 10056110     autofit.obj
 0002:00000120       _winfnt_driver_class       10056120     winfnt.obj
 0002:000016c0       _t42_driver_class          100576c0     type42.obj
 0002:00001a20       _t1_driver_class           10057a20     type1.obj
 0002:000021a0       _tt_driver_class           100581a0     truetype.obj
 0002:00002460       _tt_default_graphics_state 10058460     truetype.obj
 0002:00002b0c       _ft_grays_raster           10058b0c     smooth.obj
 0002:00002b24       _ft_smooth_renderer_class  10058b24     smooth.obj
 0002:00002b60       _ft_smooth_lcd_renderer_class 10058b60     smooth.obj
 0002:00002b9c       _ft_smooth_lcdv_renderer_class 10058b9c     smooth.obj
 0002:00002c64       _sfnt_module_class         10058c64     sfnt.obj
 0002:00002f1c       _tt_cmap0_class_rec        10058f1c     sfnt.obj
 0002:00002f50       _tt_cmap2_class_rec        10058f50     sfnt.obj
 0002:00002f84       _tt_cmap4_class_rec        10058f84     sfnt.obj
 0002:00002fb8       _tt_cmap6_class_rec        10058fb8     sfnt.obj
 0002:00002fec       _tt_cmap8_class_rec        10058fec     sfnt.obj
 0002:00003020       _tt_cmap10_class_rec       10059020     sfnt.obj
 0002:00003054       _tt_cmap12_class_rec       10059054     sfnt.obj
 0002:00003088       _tt_cmap13_class_rec       10059088     sfnt.obj
 0002:000030bc       _tt_cmap14_class_rec       100590bc     sfnt.obj
 0002:00003200       _ft_standard_raster        10059200     raster.obj
 0002:00003218       _ft_raster1_renderer_class 10059218     raster.obj
 0002:00003254       _ft_raster5_renderer_class 10059254     raster.obj
 0002:000036b0       _psnames_module_class      100596b0     psnames.obj
 0002:00004754       _pshinter_module_class     1005a754     pshinter.obj
 0002:00012600       _ps_table_funcs            10068600     psaux.obj
 0002:00012610       _ps_parser_funcs           10068610     psaux.obj
 0002:00012644       _t1_builder_funcs          10068644     psaux.obj
 0002:00012664       _t1_decoder_funcs          10068664     psaux.obj
 0002:00012670       _t1_cmap_standard_class_rec 10068670     psaux.obj
 0002:00012698       _t1_cmap_expert_class_rec  10068698     psaux.obj
 0002:000126c0       _t1_cmap_custom_class_rec  100686c0     psaux.obj
 0002:000126e8       _t1_cmap_unicode_class_rec 100686e8     psaux.obj
 0002:00012710       _t1_cmap_classes           10068710     psaux.obj
 0002:00012720       _afm_parser_funcs          10068720     psaux.obj
 0002:00012748       _psaux_module_class        10068748     psaux.obj
 0002:0001276c       _pfr_metrics_service_rec   1006876c     pfr.obj
 0002:000129b0       _pfr_driver_class          100689b0     pfr.obj
 0002:00012aac       _pfr_cmap_class_rec        10068aac     pfr.obj
 0002:00012b08       _pcf_driver_class          10068b08     pcf.obj
 0002:00012c60       _pcf_cmap_class            10068c60     pcf.obj
 0002:00012d20       _t1cid_driver_class        10068d20     type1cid.obj
 0002:000134f8       _cff_driver_class          100694f8     cff.obj
 0002:00014468       _cff_cmap_encoding_class_rec 1006a468     cff.obj
 0002:00014490       _cff_cmap_unicode_class_rec 1006a490     cff.obj
 0002:000144dc       _ftc_size_list_class       1006a4dc     ftcache.obj
 0002:000144f0       _ftc_face_list_class       1006a4f0     ftcache.obj
 0002:00014504       _ftc_cmap_cache_class      1006a504     ftcache.obj
 0002:00014524       _ftc_basic_image_family_class 1006a524     ftcache.obj
 0002:0001453c       _ftc_basic_image_cache_class 1006a53c     ftcache.obj
 0002:00014560       _ftc_basic_sbit_family_class 1006a560     ftcache.obj
 0002:0001457c       _ftc_basic_sbit_cache_class 1006a57c     ftcache.obj
 0002:000145a0       _bdf_driver_class          1006a5a0     bdf.obj
 0002:00014c40       _bdf_cmap_class            1006ac40     bdf.obj
 0002:00014cd4       _ft_bitmap_glyph_class     1006acd4     ftglyph.obj
 0002:00014cf4       _ft_outline_glyph_class    1006acf4     ftglyph.obj
 0002:00014d2c       _af_dummy_script_class     1006ad2c     autofit.obj
 0002:00014d50       _ft_raccess_guess_table    1006ad50     ftbase.obj
 0002:00014ed8       _af_latin_script_class     1006aed8     autofit.obj
 0002:00014efc       _af_cjk_script_class       1006aefc     autofit.obj
 0002:00015068       _af_indic_script_class     1006b068     autofit.obj
 0002:00015508       _af_autofitter_interface   1006b508     autofit.obj
 0002:00015518       _autofit_module_class      1006b518     autofit.obj
 0002:00015540       ??_C@_0EF@PDOBOAFB@m?3?2svn?2?4private?2mini?2umodsys?2dep@ 1006b540     autofit.obj
 0002:00015588       ??_C@_0CI@LNKHNHDB@assertion?5failed?5on?5line?5?$CFd?5of?5f@ 1006b588     autofit.obj
 0002:000155b0       ??_C@_0EE@OPBHFCIO@m?3?2svn?2?4private?2mini?2umodsys?2dep@ 1006b5b0     autofit.obj
 0002:000155f4       ??_C@_0DK@LEPJBMCE@standard?5widths?5computation?6?$DN?$DN?$DN?$DN@ 1006b5f4     autofit.obj
 0002:00015630       ??_C@_0CL@PAJPHIA@standard?5character?3?50x?$CFX?5?$CIglyph?5@ 1006b630     autofit.obj
 0002:0001565c       ??_C@_0L@LMMKHPOB@horizontal?$AA@ 1006b65c     autofit.obj
 0002:00015668       ??_C@_08NEOMLJGJ@vertical?$AA@ 1006b668     autofit.obj
 0002:00015674       ??_C@_0M@JLNCCLMF@?$CFs?5widths?3?6?$AA@ 1006b674     autofit.obj
 0002:00015680       ??_C@_0BA@KFDNFODA@?5?5?$CFd?5?$CIstandard?$CJ?$AA@ 1006b680     autofit.obj
 0002:00015690       ??_C@_03EBJOKFHF@?5?$CFd?$AA@ 1006b690     autofit.obj
 0002:00015694       ??_C@_01EEMJAFIK@?6?$AA@   1006b694     autofit.obj
 0002:00015698       ??_C@_0DA@OOEEMNDP@blue?5zones?5computation?6?$DN?$DN?$DN?$DN?$DN?$DN?$DN?$DN?$DN@ 1006b698     autofit.obj
 0002:000156c8       ??_C@_0P@OCIOIKAD@blue?5zone?5?$CFd?3?6?$AA@ 1006b6c8     autofit.obj
 0002:000156d8       ??_C@_09MLMMMFGJ@?5?5?$CFc?5?5?$CFld?$AA@ 1006b6d8     autofit.obj
 0002:000156e4       ??_C@_05MIMAKCN@round?$AA@ 1006b6e4     autofit.obj
 0002:000156ec       ??_C@_04FMBJNPFB@flat?$AA@ 1006b6ec     autofit.obj
 0002:000156f4       ??_C@_06PLAJKEKF@?5?$CI?$CFs?$CJ?6?$AA@ 1006b6f4     autofit.obj
 0002:000156fc       ??_C@_08LDNFBIDD@?5?5empty?6?$AA@ 1006b6fc     autofit.obj
 0002:00015708       ??_C@_0DJ@NLNICGBP@?5?5?$FLovershoot?5smaller?5than?5refere@ 1006b708     autofit.obj
 0002:00015744       ??_C@_0CP@JHJINMEL@?5?5?5?5?9?$DO?5reference?5?$DN?5?$CFld?6?5?5?5?5?5?5?5ov@ 1006b744     autofit.obj
 0002:00015778       ??_C@_0EF@LJFILMHI@?5?5LINK?3?5edge?5?$CFd?5?$CIopos?$DN?$CF?42f?$CJ?5link@ 1006b778     autofit.obj
 0002:000157c0       ??_C@_0BB@PNNPEEIA@?$CFs?5edge?5hinting?6?$AA@ 1006b7c0     autofit.obj
 0002:000157d8       ??_C@_0EP@IPINFLPN@?5?5BLUE_ANCHOR?3?5edge?5?$CFd?5?$CIopos?$DN?$CF?42@ 1006b7d8     autofit.obj
 0002:00015828       ??_C@_0DH@JELFDAPE@?5?5BLUE?3?5edge?5?$CFd?5?$CIopos?$DN?$CF?42f?$CJ?5snap@ 1006b828     autofit.obj
 0002:00015860       ??_C@_0CA@FCEDGMBE@?5?5ASSERTION?5FAILED?5for?5edge?5?$CFd?6?$AA@ 1006b860     autofit.obj
 0002:00015880       ??_C@_0EL@FPOPNBHO@?5?5ANCHOR?3?5edge?5?$CFd?5?$CIopos?$DN?$CF?42f?$CJ?5an@ 1006b880     autofit.obj
 0002:000158cc       ??_C@_0CM@NJDIDKKL@?5?5ADJUST?3?5edge?5?$CFd?5?$CIpos?$DN?$CF?42f?$CJ?5mov@ 1006b8cc     autofit.obj
 0002:000158f8       ??_C@_0EP@ENJHGNKO@?5?5STEM?3?5edge?5?$CFd?5?$CIopos?$DN?$CF?42f?$CJ?5link@ 1006b8f8     autofit.obj
 0002:00015948       ??_C@_0CL@PILJPGPJ@?5?5BOUND?3?5edge?5?$CFd?5?$CIpos?$DN?$CF?42f?$CJ?5move@ 1006b948     autofit.obj
 0002:00015978       ??_C@_0EG@IKDPLHHC@?5?5SERIF?3?5edge?5?$CFd?5?$CIopos?$DN?$CF?42f?$CJ?5ser@ 1006b978     autofit.obj
 0002:000159c0       ??_C@_0DF@JLBLFNAN@?5?5SERIF_ANCHOR?3?5edge?5?$CFd?5?$CIopos?$DN?$CF?4@ 1006b9c0     autofit.obj
 0002:000159f8       ??_C@_0EI@CLPFPFJH@?5?5SERIF_LINK1?3?5edge?5?$CFd?5?$CIopos?$DN?$CF?42@ 1006b9f8     autofit.obj
 0002:00015a40       ??_C@_0DE@BMCAJCJH@?5?5SERIF_LINK2?3?5edge?5?$CFd?5?$CIopos?$DN?$CF?42@ 1006ba40     autofit.obj
 0002:00015a74       ??_C@_09DOOILONG@?5?5?$CInone?$CJ?6?$AA@ 1006ba74     autofit.obj
 0002:00015a80       ??_C@_03FGFCOCMD@top?$AA@  1006ba80     autofit.obj
 0002:00015a84       ??_C@_06PMMPCIPB@bottom?$AA@ 1006ba84     autofit.obj
 0002:00015a8c       ??_C@_04GOOOJOPP@left?$AA@ 1006ba8c     autofit.obj
 0002:00015a94       ??_C@_05DHJDAOHK@right?$AA@ 1006ba94     autofit.obj
 0002:00015a9c       ??_C@_06MHLBHCFD@filled?$AA@ 1006ba9c     autofit.obj
 0002:00015aa4       ??_C@_08MDIBINJA@unfilled?$AA@ 1006baa4     autofit.obj
 0002:00015ab0       ??_C@_0BM@HCCELELM@cjk?5blue?5zones?5computation?6?$AA@ 1006bab0     autofit.obj
 0002:00015acc       ??_C@_0DC@FBKHDEOD@?9?9?9?9?9?9?9?9?9?9?9?9?9?9?9?9?9?9?9?9?9?9?9?9?9?9?9?9?9?9?9?9@ 1006bacc     autofit.obj
 0002:00015b00       ??_C@_0BA@FPDEOEBM@cjk?5blue?5?$CFs?1?$CFs?6?$AA@ 1006bb00     autofit.obj
 0002:00015b10       ??_C@_0L@FCIJFPPG@?5?5U?$CL?$CFlX?4?4?4?$AA@ 1006bb10     autofit.obj
 0002:00015b1c       ??_C@_0N@NBMNCMBF@unavailable?6?$AA@ 1006bb1c     autofit.obj
 0002:00015b2c       ??_C@_0M@DCGLHJHN@no?5outline?6?$AA@ 1006bb2c     autofit.obj
 0002:00015b38       ??_C@_0P@GFEHJDLP@best_pos?$DN?$CF5ld?6?$AA@ 1006bb38     autofit.obj
 0002:00015b48       ??_C@_06LDDHDDBG@empty?6?$AA@ 1006bb48     autofit.obj
 0002:00015b50       ??_C@_0CK@MEDHDPHI@?9?9?5cjk?5?$CFs?5bluezone?5ref?5?$DN?5?$CFld?5sho@ 1006bb50     autofit.obj
 0002:00015b7c       ??_C@_09PKPCEPOK@delta?3?5?$CFd?$AA@ 1006bb7c     autofit.obj
 0002:00015b88       ??_C@_04FIJBGEEN@?1?$CFd?6?$AA@ 1006bb88     autofit.obj
 0002:00015b90       ??_C@_0FI@KEHJLDFB@?$DO?$DO?5active?5cjk?5blue?5zone?5?$CFc?$CFd?$FL?$CFld@ 1006bb90     autofit.obj
 0002:00015be8       ??_C@_0CB@MECMNKLE@?$DN?$DN?$DN?$DN?5cjk?5hinting?5?$CFs?5edges?5?$DN?$DN?$DN?$DN?$DN?6@ 1006bbe8     autofit.obj
 0002:00015c10       ??_C@_0EA@EFLJIJKK@CJKBLUE?3?5edge?5?$CFd?5?$EA?$CFd?5?$CIopos?$DN?$CF?42f?$CJ@ 1006bc10     autofit.obj
 0002:00015c50       ??_C@_0BO@HGHDMGLP@ASSERTION?5FAILED?5for?5edge?5?$CFd?6?$AA@ 1006bc50     autofit.obj
 0002:00015c70       ??_C@_0BA@OKOILHEH@fallback?9script?$AA@ 1006bc70     autofit.obj
 0002:00015c80       ??_C@_0BC@OOHNGIJD@increase?9x?9height?$AA@ 1006bc80     autofit.obj
 0002:00015c94       ??_C@_0CI@BAHKCIED@af_property_set?3?5missing?5propert@ 1006bc94     autofit.obj
 0002:00015cbc       ??_C@_0BE@CELKBFDM@glyph?9to?9script?9map?$AA@ 1006bcbc     autofit.obj
 0002:00015cd0       ??_C@_0CI@NPCANOH@af_property_get?3?5missing?5propert@ 1006bcd0     autofit.obj
 0002:00015cf8       ??_C@_0EA@FEPGMIJA@m?3?2svn?2?4private?2mini?2umodsys?2dep@ 1006bcf8     ftbase.obj
 0002:00015d38       ??_C@_0CM@EJMEHHKF@FT_New_GlyphSlot?3?5Creating?5new?5s@ 1006bd38     ftbase.obj
 0002:00015d64       ??_C@_0BN@GHDAFOEM@FT_New_GlyphSlot?3?5Return?5?$CFd?6?$AA@ 1006bd64     ftbase.obj
 0002:00015d84       ??_C@_0BB@IOAIMLPN@?5?5x?5advance?3?5?$CFd?6?$AA@ 1006bd84     ftbase.obj
 0002:00015d98       ??_C@_0BB@DHPDBABF@?5?5y?5advance?3?5?$CFd?6?$AA@ 1006bd98     ftbase.obj
 0002:00015dac       ??_C@_0BI@JDGPFKEE@?5?5linear?5x?5advance?3?5?$CFd?6?$AA@ 1006bdac     ftbase.obj
 0002:00015dc4       ??_C@_0BI@CKJEIBKM@?5?5linear?5y?5advance?3?5?$CFd?6?$AA@ 1006bdc4     ftbase.obj
 0002:00015ddc       ??_C@_03LBLPCGAC@cid?$AA@  1006bddc     ftbase.obj
 0002:00015de0       ??_C@_05MJDCDNNA@type1?$AA@ 1006bde0     ftbase.obj
 0002:00015de8       ??_C@_0DO@FFNFKKBL@POST?5fragment?$FL?$CFd?$FN?3?5offsets?$DN0x?$CF08@ 1006bde8     ftbase.obj
 0002:00015e28       ??_C@_04LLEFIKCJ@OTTO?$AA@ 1006be28     ftbase.obj
 0002:00015e30       ??_C@_03IINFADLN@cff?$AA@  1006be30     ftbase.obj
 0002:00015e34       ??_C@_08OKLLNAKL@truetype?$AA@ 1006be34     ftbase.obj
 0002:00015e40       ??_C@_0FA@JCLMAEBF@Skip?5rule?5?$CFd?3?5darwin?5vfs?5resourc@ 1006be40     ftbase.obj
 0002:00015e90       ??_C@_0CD@FFDDFHGN@Error?$FL?$CFd?$FN?5has?5occurred?5in?5rule?5?$CF@ 1006be90     ftbase.obj
 0002:00015eb4       ??_C@_0CA@PFAALNLK@Try?5rule?5?$CFd?3?5?$CFs?5?$CIoffset?$DN?$CFd?$CJ?5?4?4?4?$AA@ 1006beb4     ftbase.obj
 0002:00015ed4       ??_C@_07GLGIIGGC@failed?6?$AA@ 1006bed4     ftbase.obj
 0002:00015edc       ??_C@_06ODACHPEO@failed?$AA@ 1006bedc     ftbase.obj
 0002:00015ee4       ??_C@_0L@LHCHIOPJ@successful?$AA@ 1006bee4     ftbase.obj
 0002:00015ef0       ??_C@_03OFAPEBGM@?$CFs?6?$AA@ 1006bef0     ftbase.obj
 0002:00015ef4       ??_C@_0BF@BBOLNHBA@Try?5as?5dfont?3?5?$CFs?5?4?4?4?$AA@ 1006bef4     ftbase.obj
 0002:00015f0c       ??_C@_0CP@IBOIBMPE@FT_Open_Face?3?5New?5face?5object?0?5a@ 1006bf0c     ftbase.obj
 0002:00015f3c       ??_C@_0CD@CHCDOGML@FT_Open_Face?3?5Creating?5glyph?5slo@ 1006bf3c     ftbase.obj
 0002:00015f60       ??_C@_0CE@BJBAHAEB@FT_Open_Face?3?5Creating?5size?5obje@ 1006bf60     ftbase.obj
 0002:00015f84       ??_C@_0BJ@MEHPJOJJ@FT_Open_Face?3?5Return?5?$CFd?6?$AA@ 1006bf84     ftbase.obj
 0002:00015fa0       ??_C@_0CJ@DDDPHPIG@FT_Match_Size?3?5bitmap?5strike?5?$CFd?5@ 1006bfa0     ftbase.obj
 0002:00015fcc       ??_C@_0BE@MLDMBGGF@FT_Select_Metrics?3?6?$AA@ 1006bfcc     ftbase.obj
 0002:00015fe0       ??_C@_0BE@ELENCOCM@?5?5x?5scale?3?5?$CFd?5?$CI?$CFf?$CJ?6?$AA@ 1006bfe0     ftbase.obj
 0002:00015ff4       ??_C@_0BE@KEBPJIMN@?5?5y?5scale?3?5?$CFd?5?$CI?$CFf?$CJ?6?$AA@ 1006bff4     ftbase.obj
 0002:00016008       ??_C@_0BA@IMDJILLD@?5?5ascender?3?5?$CFf?6?$AA@ 1006c008     ftbase.obj
 0002:00016018       ??_C@_0BB@NOOFJCKE@?5?5descender?3?5?$CFf?6?$AA@ 1006c018     ftbase.obj
 0002:0001602c       ??_C@_0O@BECDBCKD@?5?5height?3?5?$CFf?6?$AA@ 1006c02c     ftbase.obj
 0002:0001603c       ??_C@_0BD@CKEHEIOI@?5?5max?5advance?3?5?$CFf?6?$AA@ 1006c03c     ftbase.obj
 0002:00016050       ??_C@_0O@MGPJNHMK@?5?5x?5ppem?3?5?$CFd?6?$AA@ 1006c050     ftbase.obj
 0002:00016060       ??_C@_0O@FNFMJLKF@?5?5y?5ppem?3?5?$CFd?6?$AA@ 1006c060     ftbase.obj
 0002:00016070       ??_C@_0BF@NOKCMJFG@FT_Request_Metrics?3?6?$AA@ 1006c070     ftbase.obj
 0002:00016088       ??_C@_0CP@GKDGDPHD@FT_Select_Size?5?$CIfont?5driver?8s?5?$GAs@ 1006c088     ftbase.obj
 0002:000160b8       ??_C@_0DB@EGLCAILO@FT_Request_Size?5?$CIfont?5driver?8s?5?$GA@ 1006c0b8     ftbase.obj
 0002:000160ec       ??_C@_07IAOBDJBM@kerning?$AA@ 1006c0ec     ftbase.obj
 0002:000160f4       ??_C@_0CG@CKMEHECH@FT_Get_Char_Index?3?5too?5large?5cha@ 1006c0f4     ftbase.obj
 0002:0001611c       ??_C@_0BE@MNGPDEEO@?50x?$CFx?5is?5truncated?6?$AA@ 1006c11c     ftbase.obj
 0002:00016130       ??_C@_0CN@FFPLHPNK@FT_Get_Char_Index?3?5too?5large?5var@ 1006c130     ftbase.obj
 0002:00016160       ??_C@_0L@POCJHJKN@glyph?9dict?$AA@ 1006c160     ftbase.obj
 0002:0001616c       ??_C@_0BF@GDPJODJF@postscript?9font?9name?$AA@ 1006c16c     ftbase.obj
 0002:00016184       ??_C@_0L@MBBJBANC@sfnt?9table?$AA@ 1006c184     ftbase.obj
 0002:00016190       ??_C@_08OHCKCLF@tt?9cmaps?$AA@ 1006c190     ftbase.obj
 0002:0001619c       ??_C@_0CC@GCGCHKFH@MD5?5checksum?5for?5?$CFdx?$CFd?5bitmap?3?6?5@ 1006c19c     ftbase.obj
 0002:000161c0       ??_C@_04JFFKLGJF@?$CF02X?$AA@ 1006c1c0     ftbase.obj
 0002:000161c8       ??_C@_0BA@EFHAKNKK@FT_Property_Set?$AA@ 1006c1c8     ftbase.obj
 0002:000161d8       ??_C@_0BA@JKALGNGC@FT_Property_Get?$AA@ 1006c1d8     ftbase.obj
 0002:000161e8       ??_C@_0BM@PCLLPLNH@?$CFs?3?5can?8t?5find?5module?5?$GA?$CFs?8?6?$AA@ 1006c1e8     ftbase.obj
 0002:00016204       ??_C@_0CM@OCOCNMJK@?$CFs?3?5module?5?$GA?$CFs?8?5doesn?8t?5support?5@ 1006c204     ftbase.obj
 0002:00016230       ??_C@_0CP@KPKEMLC@?$CFs?3?5property?5service?5of?5module?5?$GA@ 1006c230     ftbase.obj
 0002:00016260       ??_C@_06GNKBHGHD@type42?$AA@ 1006c260     ftbase.obj
 0002:00016268       ??_C@_0CF@CMLHDJPN@FT_Done_Library?3?5close?5faces?5for@ 1006c268     ftbase.obj
 0002:00016290       ??_C@_0CM@IAHJFBLJ@FT_Done_Library?3?5failed?5to?5free?5@ 1006c290     ftbase.obj
 0002:000162bc       ??_C@_0BA@DHLLBDBB@truetype?9engine?$AA@ 1006c2bc     ftbase.obj
 0002:000162cc       ??_C@_0CC@FHPGBHIE@FT_Outline_Decompose?3?5Outline?5?$CFd@ 1006c2cc     ftbase.obj
 0002:000162f0       ??_C@_0BI@GMIFLDHO@?5?5move?5to?5?$CI?$CF?42f?0?5?$CF?42f?$CJ?6?$AA@ 1006c2f0     ftbase.obj
 0002:00016308       ??_C@_0BI@PAINKPOP@?5?5line?5to?5?$CI?$CF?42f?0?5?$CF?42f?$CJ?6?$AA@ 1006c308     ftbase.obj
 0002:00016320       ??_C@_0DD@EHHABHHE@?5?5conic?5to?5?$CI?$CF?42f?0?5?$CF?42f?$CJ?5with?5con@ 1006c320     ftbase.obj
 0002:00016358       ??_C@_0EF@NIEBKFCN@?5?5cubic?5to?5?$CI?$CF?42f?0?5?$CF?42f?$CJ?5with?5con@ 1006c358     ftbase.obj
 0002:000163a0       ??_C@_0BM@HMGKFOOF@FT_Outline_Decompose?3?5Done?6?$AA@ 1006c3a0     ftbase.obj
 0002:000163bc       ??_C@_0CA@HIGGMNGK@FT_Outline_Decompose?3?5Error?5?$CFd?6?$AA@ 1006c3bc     ftbase.obj
 0002:000163dc       ??_C@_0BJ@PBBBNBMA@Resource?5tags?3?5?$CFc?$CFc?$CFc?$CFc?6?$AA@ 1006c3dc     ftbase.obj
 0002:000163f8       ??_C@_02PEOAMJM@?4_?$AA@   1006c3f8     ftbase.obj
 0002:000163fc       ??_C@_05FLPKNBDI@?1rsrc?$AA@ 1006c3fc     ftbase.obj
 0002:00016404       ??_C@_0BC@OBHLCHMP@?1?4?4namedfork?1rsrc?$AA@ 1006c404     ftbase.obj
 0002:00016418       ??_C@_0O@FDMCFKOC@resource?4frk?1?$AA@ 1006c418     ftbase.obj
 0002:00016428       ??_C@_0L@FGJFJHGF@?4resource?1?$AA@ 1006c428     ftbase.obj
 0002:00016434       ??_C@_01FGNFDNOH@?$CF?$AA@ 1006c434     ftbase.obj
 0002:00016438       ??_C@_0O@KCDCBAF@?4AppleDouble?1?$AA@ 1006c438     ftbase.obj
 0002:00016448       ??_C@_0DI@JDEEOCCA@FT_Stream_Seek?3?5invalid?5i?1o?$DL?5pos@ 1006c448     ftbase.obj
 0002:00016480       ??_C@_0EC@NDBPMFKN@m?3?2svn?2?4private?2mini?2umodsys?2dep@ 1006c480     ftbase.obj
 0002:000164c4       ??_C@_0DK@PCCEOJMP@FT_Stream_ReadAt?3?5invalid?5i?1o?$DL?5p@ 1006c4c4     ftbase.obj
 0002:00016500       ??_C@_0DN@KPBHPHNM@FT_Stream_ReadAt?3?5invalid?5read?$DL?5@ 1006c500     ftbase.obj
 0002:00016540       ??_C@_0EG@GDLBILGJ@FT_Stream_EnterFrame?3?5frame?5size@ 1006c540     ftbase.obj
 0002:00016588       ??_C@_0EB@PPLLFEKJ@FT_Stream_EnterFrame?3?5invalid?5re@ 1006c588     ftbase.obj
 0002:000165d0       ??_C@_0EL@CLEGLINF@FT_Stream_EnterFrame?3?5invalid?5i?1@ 1006c5d0     ftbase.obj
 0002:0001661c       ??_C@_0DM@FACLPPPE@FT_Stream_ReadChar?3?5invalid?5i?1o?$DL@ 1006c61c     ftbase.obj
 0002:00016658       ??_C@_0DO@MOMJLNNP@FT_Stream_ReadUShort?3?5invalid?5i?1@ 1006c658     ftbase.obj
 0002:00016698       ??_C@_0EA@CJCFGHBO@FT_Stream_ReadUShortLE?3?5invalid?5@ 1006c698     ftbase.obj
 0002:000166d8       ??_C@_0DP@ECOCMLKO@FT_Stream_ReadUOffset?3?5invalid?5i@ 1006c6d8     ftbase.obj
 0002:00016718       ??_C@_0DN@NOIDKAGM@FT_Stream_ReadULong?3?5invalid?5i?1o@ 1006c718     ftbase.obj
 0002:00016758       ??_C@_0DP@IFMLOGPG@FT_Stream_ReadULongLE?3?5invalid?5i@ 1006c758     ftbase.obj
 0002:00016798       ??_C@_0EA@NANNHIP@m?3?2svn?2?4private?2mini?2umodsys?2dep@ 1006c798     ftbase.obj
 0002:000167d8       ??_C@_06CBNNOCOG@afwarp?$AA@ 1006c7d8     ftdebug.obj
 0002:000167e0       ??_C@_08COJBGBDJ@aflatin2?$AA@ 1006c7e0     ftdebug.obj
 0002:000167ec       ??_C@_07ONLLOJPN@aflatin?$AA@ 1006c7ec     ftdebug.obj
 0002:000167f4       ??_C@_05HBDNKEDJ@afcjk?$AA@ 1006c7f4     ftdebug.obj
 0002:000167fc       ??_C@_07JCGMALOO@afhints?$AA@ 1006c7fc     ftdebug.obj
 0002:00016804       ??_C@_08DOLNGLKF@afmodule?$AA@ 1006c804     ftdebug.obj
 0002:00016810       ??_C@_07GDECIBGG@gxvlcar?$AA@ 1006c810     ftdebug.obj
 0002:00016818       ??_C@_07BGFPIEJH@gxvprop?$AA@ 1006c818     ftdebug.obj
 0002:00016820       ??_C@_07EAHHMEMH@gxvtrak?$AA@ 1006c820     ftdebug.obj
 0002:00016828       ??_C@_07HIJAAIEJ@gxvopbd?$AA@ 1006c828     ftdebug.obj
 0002:00016830       ??_C@_07MBOECNO@gxvkern?$AA@ 1006c830     ftdebug.obj
 0002:00016838       ??_C@_07NAIIKMBN@gxvjust?$AA@ 1006c838     ftdebug.obj
 0002:00016840       ??_C@_07GCMEKGJG@gxvbsln?$AA@ 1006c840     ftdebug.obj
 0002:00016848       ??_C@_07PAHLOCMN@gxvmorx?$AA@ 1006c848     ftdebug.obj
 0002:00016850       ??_C@_07FMMOKNMB@gxvmort?$AA@ 1006c850     ftdebug.obj
 0002:00016858       ??_C@_07FKMDGBJN@gxvfeat?$AA@ 1006c858     ftdebug.obj
 0002:00016860       ??_C@_09FNONMMLL@gxvcommon?$AA@ 1006c860     ftdebug.obj
 0002:0001686c       ??_C@_09HENNMNHF@gxvmodule?$AA@ 1006c86c     ftdebug.obj
 0002:00016878       ??_C@_07EKKOIKNM@otvmath?$AA@ 1006c878     ftdebug.obj
 0002:00016880       ??_C@_07JMBNOEFG@otvjstf?$AA@ 1006c880     ftdebug.obj
 0002:00016888       ??_C@_07BCDIPNE@otvgsub?$AA@ 1006c888     ftdebug.obj
 0002:00016890       ??_C@_07FBPOCFIM@otvgpos?$AA@ 1006c890     ftdebug.obj
 0002:00016898       ??_C@_07LEKHIGIG@otvgdef?$AA@ 1006c898     ftdebug.obj
 0002:000168a0       ??_C@_07HIBPHFMF@otvbase?$AA@ 1006c8a0     ftdebug.obj
 0002:000168a8       ??_C@_09KIAOHPFL@otvcommon?$AA@ 1006c8a8     ftdebug.obj
 0002:000168b4       ??_C@_09IBDOHOJF@otvmodule?$AA@ 1006c8b4     ftdebug.obj
 0002:000168c0       ??_C@_03OENHCMJJ@pfr?$AA@  1006c8c0     ftdebug.obj
 0002:000168c4       ??_C@_06JKJAADNN@bdflib?$AA@ 1006c8c4     ftdebug.obj
 0002:000168cc       ??_C@_09GOBMAGKP@bdfdriver?$AA@ 1006c8cc     ftdebug.obj
 0002:000168d8       ??_C@_07JFBALABD@pcfread?$AA@ 1006c8d8     ftdebug.obj
 0002:000168e0       ??_C@_09CJCGDKLD@pcfdriver?$AA@ 1006c8e0     ftdebug.obj
 0002:000168ec       ??_C@_06FFPCKLJN@winfnt?$AA@ 1006c8ec     ftdebug.obj
 0002:000168f4       ??_C@_08OMDOPHJG@cidparse?$AA@ 1006c8f4     ftdebug.obj
 0002:00016900       ??_C@_07ICONHIGD@cidobjs?$AA@ 1006c900     ftdebug.obj
 0002:00016908       ??_C@_07DOPBLBBJ@cidload?$AA@ 1006c908     ftdebug.obj
 0002:00016910       ??_C@_08KOLHMIBJ@cidgload?$AA@ 1006c910     ftdebug.obj
 0002:0001691c       ??_C@_09DCLEINLL@ciddriver?$AA@ 1006c91c     ftdebug.obj
 0002:00016928       ??_C@_06IEBHMLPI@cidafm?$AA@ 1006c928     ftdebug.obj
 0002:00016930       ??_C@_03PEPEAOBF@t42?$AA@  1006c930     ftdebug.obj
 0002:00016934       ??_C@_09JKAEGHDO@cf2interp?$AA@ 1006c934     ftdebug.obj
 0002:00016940       ??_C@_08KJPGLJPF@cf2hints?$AA@ 1006c940     ftdebug.obj
 0002:0001694c       ??_C@_08FKHBAMDK@cf2blues?$AA@ 1006c94c     ftdebug.obj
 0002:00016958       ??_C@_08KCIBPEBD@cffparse?$AA@ 1006c958     ftdebug.obj
 0002:00016964       ??_C@_07DJGNKJIB@cffobjs?$AA@ 1006c964     ftdebug.obj
 0002:0001696c       ??_C@_07IFHBGAPL@cffload?$AA@ 1006c96c     ftdebug.obj
 0002:00016974       ??_C@_08OAAIMLJM@cffgload?$AA@ 1006c974     ftdebug.obj
 0002:00016980       ??_C@_09KPCIEFBH@cffdriver?$AA@ 1006c980     ftdebug.obj
 0002:0001698c       ??_C@_08OELDONBA@pshalgo2?$AA@ 1006c98c     ftdebug.obj
 0002:00016998       ??_C@_08MPJOLOND@pshalgo1?$AA@ 1006c998     ftdebug.obj
 0002:000169a4       ??_C@_06GLPFOKPB@pshrec?$AA@ 1006c9a4     ftdebug.obj
 0002:000169ac       ??_C@_06IFLGFNFH@psconv?$AA@ 1006c9ac     ftdebug.obj
 0002:000169b4       ??_C@_06MIFCDEBC@psobjs?$AA@ 1006c9b4     ftdebug.obj
 0002:000169bc       ??_C@_08DAJNMKKC@t1decode?$AA@ 1006c9bc     ftdebug.obj
 0002:000169c8       ??_C@_07JMKIGDNK@t1parse?$AA@ 1006c9c8     ftdebug.obj
 0002:000169d0       ??_C@_06HOINLLGG@t1objs?$AA@ 1006c9d0     ftdebug.obj
 0002:000169d8       ??_C@_06MCJBHCBM@t1load?$AA@ 1006c9d8     ftdebug.obj
 0002:000169e0       ??_C@_06FDOENOGM@t1hint?$AA@ 1006c9e0     ftdebug.obj
 0002:000169e8       ??_C@_07NOCBFMFF@t1gload?$AA@ 1006c9e8     ftdebug.obj
 0002:000169f0       ??_C@_08ENKOBGJE@t1driver?$AA@ 1006c9f0     ftdebug.obj
 0002:000169fc       ??_C@_05FNFMLCKD@t1afm?$AA@ 1006c9fc     ftdebug.obj
 0002:00016a04       ??_C@_07GMPLJKAL@ttgxvar?$AA@ 1006ca04     ftdebug.obj
 0002:00016a0c       ??_C@_07NGMBDEKI@ttpload?$AA@ 1006ca0c     ftdebug.obj
 0002:00016a14       ??_C@_06CBBICALJ@ttobjs?$AA@ 1006ca14     ftdebug.obj
 0002:00016a1c       ??_C@_08MIJDAFAI@ttinterp?$AA@ 1006ca1c     ftdebug.obj
 0002:00016a28       ??_C@_07MIBCAGIL@ttgload?$AA@ 1006ca28     ftdebug.obj
 0002:00016a30       ??_C@_08CMNDNKBN@ttdriver?$AA@ 1006ca30     ftdebug.obj
 0002:00016a3c       ??_C@_05DPIKMHNB@ttbdf?$AA@ 1006ca3c     ftdebug.obj
 0002:00016a44       ??_C@_06MJAPHCKE@ttsbit?$AA@ 1006ca44     ftdebug.obj
 0002:00016a4c       ??_C@_06GNHEPGAP@ttpost?$AA@ 1006ca4c     ftdebug.obj
 0002:00016a54       ??_C@_05KPIOELCI@ttmtx?$AA@ 1006ca54     ftdebug.obj
 0002:00016a5c       ??_C@_06JNAEOJMD@ttload?$AA@ 1006ca5c     ftdebug.obj
 0002:00016a64       ??_C@_06KEBGCABE@ttkern?$AA@ 1006ca64     ftdebug.obj
 0002:00016a6c       ??_C@_06JLPDGBMM@ttcmap?$AA@ 1006ca6c     ftdebug.obj
 0002:00016a74       ??_C@_06KKKBLNKH@sfobjs?$AA@ 1006ca74     ftdebug.obj
 0002:00016a7c       ??_C@_08HGCMIBIC@sfdriver?$AA@ 1006ca7c     ftdebug.obj
 0002:00016a88       ??_C@_05BDNCCAMC@cache?$AA@ 1006ca88     ftdebug.obj
 0002:00016a90       ??_C@_06PCHFJCOP@bitmap?$AA@ 1006ca90     ftdebug.obj
 0002:00016a98       ??_C@_05BCGMACJO@synth?$AA@ 1006ca98     ftdebug.obj
 0002:00016aa0       ??_C@_07FHMGHKEO@raccess?$AA@ 1006caa0     ftdebug.obj
 0002:00016aa8       ??_C@_02JAOCGLHE@mm?$AA@   1006caa8     ftdebug.obj
 0002:00016aac       ??_C@_06INICNAFJ@smooth?$AA@ 1006caac     ftdebug.obj
 0002:00016ab4       ??_C@_06NDPGICBH@raster?$AA@ 1006cab4     ftdebug.obj
 0002:00016abc       ??_C@_07LGEEDODM@gloader?$AA@ 1006cabc     ftdebug.obj
 0002:00016ac4       ??_C@_05OIOMJNBL@glyph?$AA@ 1006cac4     ftdebug.obj
 0002:00016acc       ??_C@_07PNNKHJNH@outline?$AA@ 1006cacc     ftdebug.obj
 0002:00016ad4       ??_C@_04PCMCLDDF@objs?$AA@ 1006cad4     ftdebug.obj
 0002:00016adc       ??_C@_04HKFDNBLD@init?$AA@ 1006cadc     ftdebug.obj
 0002:00016ae4       ??_C@_04DONFEANM@list?$AA@ 1006cae4     ftdebug.obj
 0002:00016aec       ??_C@_02KFNNKBCK@io?$AA@   1006caec     ftdebug.obj
 0002:00016af0       ??_C@_06DJAMKFID@stream?$AA@ 1006caf0     ftdebug.obj
 0002:00016af8       ??_C@_06HLKELJGF@memory?$AA@ 1006caf8     ftdebug.obj
 0002:00016b00       ??_C@_04GLMIJPDJ@calc?$AA@ 1006cb00     ftdebug.obj
 0002:00016b08       ??_C@_03OBJFJEBA@any?$AA@  1006cb08     ftdebug.obj
 0002:00016b0c       ??_C@_09FCJCAHCG@FT2_DEBUG?$AA@ 1006cb0c     ftdebug.obj
 0002:00016b18       ??_C@_02JDPG@rb?$AA@       1006cb18     ftsystem.obj
 0002:00016b1c       ??_C@_0CF@LMIGAOPM@FT_Stream_Open?3?5could?5not?5open?5?$GA@ 1006cb1c     ftsystem.obj
 0002:00016b44       ??_C@_0BA@KAPCMOHL@FT_Stream_Open?3?$AA@ 1006cb44     ftsystem.obj
 0002:00016b54       ??_C@_0BN@JBDDLAFC@?5opened?5?$GA?$CFs?8?5but?5zero?9sized?6?$AA@ 1006cb54     ftsystem.obj
 0002:00016b74       ??_C@_0CG@GFJCIDNE@?5opened?5?$GA?$CFs?8?5?$CI?$CFd?5bytes?$CJ?5successf@ 1006cb74     ftsystem.obj
 0002:00016b9c       ??_C@_0DK@DKMFEICM@FT_Add_Default_Module?3?5Cannot?5in@ 1006cb9c     ftinit.obj
 0002:00016bd8       ??_C@_0CO@LBAOJIKG@FT_Init_FreeType?3?5cannot?5find?5me@ 1006cbd8     ftinit.obj
 0002:00016c08       ??_C@_0CO@OKBDGIFP@?4?4?2?4?4?2?4?4?2depends?2freetype?2src?2ba@ 1006cc08     ftstroke.obj
 0002:00016c38       ??_C@_03DOBGHNMK@BDF?$AA@  1006cc38     bdf.obj
 0002:00016c3c       ??_C@_0BB@PMIOOMFN@xf86?9driver?9name?$AA@ 1006cc3c     bdf.obj
 0002:00016c50       ??_C@_0BH@EGBLCDE@_MULE_RELATIVE_COMPOSE?$AA@ 1006cc50     bdf.obj
 0002:00016c68       ??_C@_0BG@NJJHMBCE@_MULE_BASELINE_OFFSET?$AA@ 1006cc68     bdf.obj
 0002:00016c80       ??_C@_08IHHFFHAA@X_HEIGHT?$AA@ 1006cc80     bdf.obj
 0002:00016c8c       ??_C@_0M@FCJHKPGH@WEIGHT_NAME?$AA@ 1006cc8c     bdf.obj
 0002:00016c98       ??_C@_06CIAKHCPD@WEIGHT?$AA@ 1006cc98     bdf.obj
 0002:00016ca0       ??_C@_0BE@KDKNDDDB@UNDERLINE_THICKNESS?$AA@ 1006cca0     bdf.obj
 0002:00016cb4       ??_C@_0BD@FLNBCMPP@UNDERLINE_POSITION?$AA@ 1006ccb4     bdf.obj
 0002:00016cc8       ??_C@_0O@EHDLJGOB@SUPERSCRIPT_Y?$AA@ 1006ccc8     bdf.obj
 0002:00016cd8       ??_C@_0O@FOCAKHKA@SUPERSCRIPT_X?$AA@ 1006ccd8     bdf.obj
 0002:00016ce8       ??_C@_0BB@HOLJGBFI@SUPERSCRIPT_SIZE?$AA@ 1006cce8     bdf.obj
 0002:00016cfc       ??_C@_0M@FMFMNELO@SUBSCRIPT_Y?$AA@ 1006ccfc     bdf.obj
 0002:00016d08       ??_C@_0M@EFEHOFPP@SUBSCRIPT_X?$AA@ 1006cd08     bdf.obj
 0002:00016d14       ??_C@_0P@IMANBLC@SUBSCRIPT_SIZE?$AA@ 1006cd14     bdf.obj
 0002:00016d24       ??_C@_0BC@PCLONKLB@STRIKEOUT_DESCENT?$AA@ 1006cd24     bdf.obj
 0002:00016d38       ??_C@_0BB@MOJIHJPL@STRIKEOUT_ASCENT?$AA@ 1006cd38     bdf.obj
 0002:00016d4c       ??_C@_07JKNGKIOL@SPACING?$AA@ 1006cd4c     bdf.obj
 0002:00016d54       ??_C@_0P@CJBLANOF@SMALL_CAP_SIZE?$AA@ 1006cd54     bdf.obj
 0002:00016d64       ??_C@_05NOFPJGIP@SLANT?$AA@ 1006cd64     bdf.obj
 0002:00016d6c       ??_C@_0O@DANCJNNA@SETWIDTH_NAME?$AA@ 1006cd6c     bdf.obj
 0002:00016d7c       ??_C@_0N@MICMOIBI@RESOLUTION_Y?$AA@ 1006cd7c     bdf.obj
 0002:00016d8c       ??_C@_0N@NBDHNJFJ@RESOLUTION_X?$AA@ 1006cd8c     bdf.obj
 0002:00016d9c       ??_C@_0L@JGAABLGD@RESOLUTION?$AA@ 1006cd9c     bdf.obj
 0002:00016da8       ??_C@_0BA@NKHOPHOP@RELATIVE_WEIGHT?$AA@ 1006cda8     bdf.obj
 0002:00016db8       ??_C@_0BC@JMGAMBDF@RELATIVE_SETWIDTH?$AA@ 1006cdb8     bdf.obj
 0002:00016dcc       ??_C@_0N@LFICGJOL@RAW_X_HEIGHT?$AA@ 1006cdcc     bdf.obj
 0002:00016ddc       ??_C@_0BI@OEPMFPAK@RAW_UNDERLINE_THICKNESS?$AA@ 1006cddc     bdf.obj
 0002:00016df4       ??_C@_0BH@LIHCGIBB@RAW_UNDERLINE_POSITION?$AA@ 1006cdf4     bdf.obj
 0002:00016e0c       ??_C@_0BC@FFDANOJJ@RAW_SUPERSCRIPT_Y?$AA@ 1006ce0c     bdf.obj
 0002:00016e20       ??_C@_0BC@EMCLOPNI@RAW_SUPERSCRIPT_X?$AA@ 1006ce20     bdf.obj
 0002:00016e34       ??_C@_0BF@ILCJEECH@RAW_SUPERSCRIPT_SIZE?$AA@ 1006ce34     bdf.obj
 0002:00016e4c       ??_C@_0BA@JLPHJHAP@RAW_SUBSCRIPT_Y?$AA@ 1006ce4c     bdf.obj
 0002:00016e5c       ??_C@_0BA@ICOMKGEO@RAW_SUBSCRIPT_X?$AA@ 1006ce5c     bdf.obj
 0002:00016e6c       ??_C@_0BD@FGAMCDPE@RAW_SUBSCRIPT_SIZE?$AA@ 1006ce6c     bdf.obj
 0002:00016e80       ??_C@_0BG@DCPBCGDJ@RAW_STRIKEOUT_DESCENT?$AA@ 1006ce80     bdf.obj
 0002:00016e98       ??_C@_0BF@DLAIFMIE@RAW_STRIKEOUT_ASCENT?$AA@ 1006ce98     bdf.obj
 0002:00016eb0       ??_C@_0BD@HHNHPPKD@RAW_SMALL_CAP_SIZE?$AA@ 1006ceb0     bdf.obj
 0002:00016ec4       ??_C@_0P@LMDGMIPB@RAW_QUAD_WIDTH?$AA@ 1006cec4     bdf.obj
 0002:00016ed4       ??_C@_0O@FDNDDOFA@RAW_POINTSIZE?$AA@ 1006ced4     bdf.obj
 0002:00016ee4       ??_C@_0O@HNFKKCGD@RAW_PIXELSIZE?$AA@ 1006cee4     bdf.obj
 0002:00016ef4       ??_C@_0P@OOHCGKOO@RAW_POINT_SIZE?$AA@ 1006cef4     bdf.obj
 0002:00016f04       ??_C@_0P@FBIMICGE@RAW_PIXEL_SIZE?$AA@ 1006cf04     bdf.obj
 0002:00016f14       ??_C@_0P@FGMOAACN@RAW_NORM_SPACE?$AA@ 1006cf14     bdf.obj
 0002:00016f24       ??_C@_0O@LFBDCJJJ@RAW_MIN_SPACE?$AA@ 1006cf24     bdf.obj
 0002:00016f34       ??_C@_0O@LEBPLDCN@RAW_MAX_SPACE?$AA@ 1006cf34     bdf.obj
 0002:00016f44       ??_C@_0BB@LHIJKBAI@RAW_FIGURE_WIDTH?$AA@ 1006cf44     bdf.obj
 0002:00016f58       ??_C@_0O@FDGFBIGM@RAW_END_SPACE?$AA@ 1006cf58     bdf.obj
 0002:00016f68       ??_C@_0M@JDDLHGCG@RAW_DESCENT?$AA@ 1006cf68     bdf.obj
 0002:00016f74       ??_C@_0P@PDBKEGFB@RAW_CAP_HEIGHT?$AA@ 1006cf74     bdf.obj
 0002:00016f84       ??_C@_0BI@BEKJFFLM@RAW_AVG_LOWERCASE_WIDTH?$AA@ 1006cf84     bdf.obj
 0002:00016f9c       ??_C@_0BG@PEMOHOIO@RAW_AVG_CAPITAL_WIDTH?$AA@ 1006cf9c     bdf.obj
 0002:00016fb4       ??_C@_0BC@LNOEENJF@RAW_AVERAGE_WIDTH?$AA@ 1006cfb4     bdf.obj
 0002:00016fc8       ??_C@_0L@CAMLDNCF@RAW_ASCENT?$AA@ 1006cfc8     bdf.obj
 0002:00016fd4       ??_C@_0L@MANNMNIK@QUAD_WIDTH?$AA@ 1006cfd4     bdf.obj
 0002:00016fe0       ??_C@_0L@JCJJGPJF@POINT_SIZE?$AA@ 1006cfe0     bdf.obj
 0002:00016fec       ??_C@_0L@CNGHIHBP@PIXEL_SIZE?$AA@ 1006cfec     bdf.obj
 0002:00016ff8       ??_C@_06FMPEGAHJ@NOTICE?$AA@ 1006cff8     bdf.obj
 0002:00017000       ??_C@_0L@CKCFAFFG@NORM_SPACE?$AA@ 1006d000     bdf.obj
 0002:0001700c       ??_C@_09ICPJOFFH@MIN_SPACE?$AA@ 1006d00c     bdf.obj
 0002:00017018       ??_C@_09IDPFHPOD@MAX_SPACE?$AA@ 1006d018     bdf.obj
 0002:00017024       ??_C@_0N@LHJKBLMB@ITALIC_ANGLE?$AA@ 1006d024     bdf.obj
 0002:00017034       ??_C@_09IGHCOKHJ@FULL_NAME?$AA@ 1006d034     bdf.obj
 0002:00017040       ??_C@_07GMNLECKJ@FOUNDRY?$AA@ 1006d040     bdf.obj
 0002:00017048       ??_C@_0N@BAIKBLGK@FONT_DESCENT?$AA@ 1006d048     bdf.obj
 0002:00017058       ??_C@_0M@ECCDLGDC@FONT_ASCENT?$AA@ 1006d058     bdf.obj
 0002:00017064       ??_C@_0BC@LNICJLFI@FONTNAME_REGISTRY?$AA@ 1006d064     bdf.obj
 0002:00017078       ??_C@_04IJMKNFPK@FONT?$AA@ 1006d078     bdf.obj
 0002:00017080       ??_C@_0N@LCIIJFB@FIGURE_WIDTH?$AA@ 1006d080     bdf.obj
 0002:00017090       ??_C@_0M@FBEHGJKE@FAMILY_NAME?$AA@ 1006d090     bdf.obj
 0002:0001709c       ??_C@_09DLOGKOHL@FACE_NAME?$AA@ 1006d09c     bdf.obj
 0002:000170a8       ??_C@_09GEIPNEKC@END_SPACE?$AA@ 1006d0a8     bdf.obj
 0002:000170b4       ??_C@_0BB@PJMJCLEI@DEVICE_FONT_NAME?$AA@ 1006d0b4     bdf.obj
 0002:000170c8       ??_C@_0M@LFJMPFGC@DESTINATION?$AA@ 1006d0c8     bdf.obj
 0002:000170d4       ??_C@_0N@LOGJBDOF@DEFAULT_CHAR?$AA@ 1006d0d4     bdf.obj
 0002:000170e4       ??_C@_09DJIAAPDG@COPYRIGHT?$AA@ 1006d0e4     bdf.obj
 0002:000170f0       ??_C@_07JEDAPFNH@COMMENT?$AA@ 1006d0f0     bdf.obj
 0002:000170f8       ??_C@_0BB@OHIDJKBJ@CHARSET_REGISTRY?$AA@ 1006d0f8     bdf.obj
 0002:0001710c       ??_C@_0BB@OBJAMPOC@CHARSET_ENCODING?$AA@ 1006d10c     bdf.obj
 0002:00017120       ??_C@_0BE@KNHMGHPI@CHARSET_COLLECTIONS?$AA@ 1006d120     bdf.obj
 0002:00017134       ??_C@_0L@IPPBEDCK@CAP_HEIGHT?$AA@ 1006d134     bdf.obj
 0002:00017140       ??_C@_0BE@FDPIDJIH@AVG_LOWERCASE_WIDTH?$AA@ 1006d140     bdf.obj
 0002:00017154       ??_C@_0BC@DEIBICAG@AVG_CAPITAL_WIDTH?$AA@ 1006d154     bdf.obj
 0002:00017168       ??_C@_0O@KPOPAFON@AVERAGE_WIDTH?$AA@ 1006d168     bdf.obj
 0002:00017178       ??_C@_0P@BLEODLOA@ADD_STYLE_NAME?$AA@ 1006d178     bdf.obj
 0002:00017188       ??_C@_03DDONLALG@bdf?$AA@  1006d188     bdf.obj
 0002:0001718c       ??_C@_0DC@DLBACEAA@_bdf_readstream?3?5?$FLline?5?$CFld?$FN?5Inpu@ 1006d18c     bdf.obj
 0002:000171c0       ??_C@_0DK@EDMDNOHE@_bdf_set_default_spacing?3?5?$FLline?5@ 1006d1c0     bdf.obj
 0002:000171fc       ??_C@_01JOAMLHOP@?9?$AA@   1006d1fc     bdf.obj
 0002:00017200       ??_C@_0DD@DCHAPBD@_bdf_add_property?3?5?$FLline?5?$CFld?$FN?5In@ 1006d200     bdf.obj
 0002:00017234       ??_C@_05HCHEPOAH@CHARS?$AA@ 1006d234     bdf.obj
 0002:0001723c       ??_C@_0DC@DDOGKPDM@_bdf_parse_glyphs?3?5?$FLline?5?$CFld?$FN?5Mi@ 1006d23c     bdf.obj
 0002:00017270       ??_C@_02EOIDJNGE@?5?$CL?$AA@ 1006d270     bdf.obj
 0002:00017274       ??_C@_0DD@GMPJEGEF@_bdf_parse_glyphs?3?5?$FLline?5?$CFld?$FN?5?$GA?$CF@ 1006d274     bdf.obj
 0002:000172a8       ??_C@_07MLEKHHFJ@ENDFONT?$AA@ 1006d2a8     bdf.obj
 0002:000172b0       ??_C@_07MDHLCACL@ENDCHAR?$AA@ 1006d2b0     bdf.obj
 0002:000172b8       ??_C@_09BPKMEANO@STARTCHAR?$AA@ 1006d2b8     bdf.obj
 0002:000172c4       ??_C@_0DD@KLDEHACG@_bdf_parse_glyphs?3?5?$FLline?5?$CFld?$FN?5In@ 1006d2c4     bdf.obj
 0002:000172f8       ??_C@_0M@FFOBOMLB@?5?5?$FL?$CF6ld?$FN?5?$CFs?$AA@ 1006d2f8     bdf.obj
 0002:00017304       ??_C@_08LEFKDKKN@ENCODING?$AA@ 1006d304     bdf.obj
 0002:00017310       ??_C@_09PICCMFLC@?5?$CI0x?$CFlX?$CJ?6?$AA@ 1006d310     bdf.obj
 0002:00017320       ??_C@_0EG@MJNBKJNE@_bdf_parse_glyphs?3?5Duplicate?5enc@ 1006d320     bdf.obj
 0002:00017368       ??_C@_0DC@GOOCBNOJ@_bdf_parse_glyphs?3?5Glyph?5?$CFld?5ext@ 1006d368     bdf.obj
 0002:000173a0       ??_C@_0EF@KGEBKPJK@_bdf_parse_glyphs?3?5Glyph?5?$CFld?5mis@ 1006d3a0     bdf.obj
 0002:000173e8       ??_C@_0DF@HPJDBJMP@_bdf_parse_glyphs?3?5Glyph?5?$CFld?5ext@ 1006d3e8     bdf.obj
 0002:00017420       ??_C@_06HDKFFNNH@SWIDTH?$AA@ 1006d420     bdf.obj
 0002:00017428       ??_C@_06NBNMPPJH@DWIDTH?$AA@ 1006d428     bdf.obj
 0002:00017430       ??_C@_0EK@BMLMGGMM@_bdf_parse_glyphs?3?5SWIDTH?5field?5@ 1006d430     bdf.obj
 0002:0001747c       ??_C@_03OONKDOKH@BBX?$AA@  1006d47c     bdf.obj
 0002:00017480       ??_C@_0EL@OOKPCJLE@_bdf_parse_glyphs?3?5DWIDTH?5field?5@ 1006d480     bdf.obj
 0002:000174cc       ??_C@_06PGFOEMDN@BITMAP?$AA@ 1006d4cc     bdf.obj
 0002:000174d4       ??_C@_0CM@OCICBMMH@_bdf_parse_glyphs?3?5?$FLline?5?$CFld?$FN?5BB@ 1006d4d4     bdf.obj
 0002:00017500       ??_C@_0DA@FNFEDBOI@_bdf_parse_glyphs?3?5?$FLline?5?$CFld?$FN?5In@ 1006d500     bdf.obj
 0002:00017530       ??_C@_0O@JFDPHGFD@ENDPROPERTIES?$AA@ 1006d530     bdf.obj
 0002:00017540       ??_C@_03OACELNE@?$CFhd?$AA@ 1006d540     bdf.obj
 0002:00017548       ??_C@_0FA@MHOOANLD@_bdf_parse_properties?3?5FONT_ASCE@ 1006d548     bdf.obj
 0002:00017598       ??_C@_0FC@OOLBPPB@_bdf_parse_properties?3?5FONT_DESC@ 1006d598     bdf.obj
 0002:000175ec       ??_C@_0BG@NDMEGDOA@_XFREE86_GLYPH_RANGES?$AA@ 1006d5ec     bdf.obj
 0002:00017604       ??_C@_09BHJNBHKM@STARTFONT?$AA@ 1006d604     bdf.obj
 0002:00017610       ??_C@_0BA@HGECMEMA@STARTPROPERTIES?$AA@ 1006d610     bdf.obj
 0002:00017620       ??_C@_0BA@PIDAKDPC@FONTBOUNDINGBOX?$AA@ 1006d620     bdf.obj
 0002:00017630       ??_C@_0DB@PPLLGEHM@_bdf_parse_start?3?5?$FLline?5?$CFld?$FN?5Mis@ 1006d630     bdf.obj
 0002:00017664       ??_C@_04EMFHLKGI@SIZE?$AA@ 1006d664     bdf.obj
 0002:0001766c       ??_C@_0DC@NNCEGMHN@_bdf_parse_start?3?5?$FLline?5?$CFld?$FN?5Inv@ 1006d66c     bdf.obj
 0002:000176a0       ??_C@_0DO@EMAEPNNN@_bdf_parse_start?3?5SIZE?5bits?5per?5@ 1006d6a0     bdf.obj
 0002:000176e0       ??_C@_0CP@DPIBLPNJ@_bdf_parse_start?3?5?$FLline?5?$CFld?$FN?5Inv@ 1006d6e0     bdf.obj
 0002:00017710       ??_C@_0EE@MADKNNKC@bdf_load_font?3?5Incorrect?5glyph?5c@ 1006d710     bdf.obj
 0002:00017758       ??_C@_0EA@KBJJKEEG@bdf_load_font?3?5Font?5width?5?$CB?$DN?5act@ 1006d758     bdf.obj
 0002:00017798       ??_C@_0EO@CFDGAKHK@bdf_load_font?3?5Font?5left?5bearing@ 1006d798     bdf.obj
 0002:000177e8       ??_C@_0EC@IBNOIPBM@bdf_load_font?3?5Font?5ascent?5?$CB?$DN?5ac@ 1006d7e8     bdf.obj
 0002:00017830       ??_C@_0EE@KFBCIHOC@bdf_load_font?3?5Font?5descent?5?$CB?$DN?5a@ 1006d830     bdf.obj
 0002:00017878       ??_C@_0EB@BJDOKJCG@bdf_load_font?3?5Font?5height?5?$CB?$DN?5ac@ 1006d878     bdf.obj
 0002:000178c0       ??_C@_0EA@OANGMKP@bdf_load_font?3?5Glyph?5scalable?5wi@ 1006d8c0     bdf.obj
 0002:00017900       ??_C@_0EE@KCMAOHJO@bdf_load_font?3?5?$FLline?5?$CFld?$FN?5Font?5h@ 1006d900     bdf.obj
 0002:00017948       ??_C@_0EE@ONIDKJPN@bdf_load_font?3?5?$FLline?5?$CFld?$FN?5Font?5g@ 1006d948     bdf.obj
 0002:0001798c       ??_C@_0CO@EGKPGEJ@bdf_cmap_char_next?3?5charcode?50x?$CF@ 1006d98c     bdf.obj
 0002:000179bc       ??_C@_07EGOIFKG@Oblique?$AA@ 1006d9bc     bdf.obj
 0002:000179c4       ??_C@_06PPMHIBHB@Italic?$AA@ 1006d9c4     bdf.obj
 0002:000179cc       ??_C@_04DIPHHIHJ@Bold?$AA@ 1006d9cc     bdf.obj
 0002:000179d4       ??_C@_07FFHPBFOK@Regular?$AA@ 1006d9d4     bdf.obj
 0002:000179dc       ??_C@_0M@PIOLPION@BDF?5driver?6?$AA@ 1006d9dc     bdf.obj
 0002:000179e8       ??_C@_0BC@CHFALINA@?5?5not?5a?5BDF?5file?6?$AA@ 1006d9e8     bdf.obj
 0002:000179fc       ??_C@_0CM@BNFDELFJ@?5?5number?5of?5glyphs?3?5allocated?5?$CFd@ 1006d9fc     bdf.obj
 0002:00017a28       ??_C@_0DG@LFIMIPLI@?5?5number?5of?5unencoded?5glyphs?3?5al@ 1006da28     bdf.obj
 0002:00017a60       ??_C@_0BF@CECOLGPK@?5?5idx?5?$CFd?0?5val?50x?$CFlX?6?$AA@ 1006da60     bdf.obj
 0002:00017a78       ??_C@_0DE@MDPBGMHJ@BDF_Face_Init?3?5idx?5?$CFd?5is?5too?5lar@ 1006da78     bdf.obj
 0002:00017aac       ??_C@_05FPAEEJJG@10646?$AA@ 1006daac     bdf.obj
 0002:00017ab4       ??_C@_04LBDHIBCK@8859?$AA@ 1006dab4     bdf.obj
 0002:00017abc       ??_C@_01HIHLOKLC@1?$AA@    1006dabc     bdf.obj
 0002:00017ac0       ??_C@_0EB@GLAGCDMG@m?3?2svn?2?4private?2mini?2umodsys?2dep@ 1006dac0     bdf.obj
 0002:00017b04       ??_C@_0DB@DFIGKFPK@BDF_Glyph_Load?3?5too?5large?5pitch?5@ 1006db04     bdf.obj
 0002:00017b38       ??_C@_0DL@OLPFOBLL@bdf_get_bdf_property?3?5too?5large?5@ 1006db38     bdf.obj
 0002:00017b74       ??_C@_0DM@BKEIKPHP@bdf_get_bdf_property?3?5too?5large?5@ 1006db74     bdf.obj
 0002:00017bb0       ??_C@_0EB@EAJFIFFK@m?3?2svn?2?4private?2mini?2umodsys?2dep@ 1006dbb0     ftcache.obj
 0002:00017bf4       ??_C@_0DH@GDNBFMPE@FTC_Manager_RegisterCache?3?5too?5m@ 1006dbf4     ftcache.obj
 0002:00017c2c       ??_C@_0CE@BLIHJJBK@ftc_node_hash_unlink?3?5unknown?5no@ 1006dc2c     ftcache.obj
 0002:00017c50       ??_C@_0DC@CFNMPNMM@FTC_CMapCache_Lookup?3?5bad?5argume@ 1006dc50     ftcache.obj
 0002:00017c84       ??_C@_0CM@EPKLKJGD@FTC_CACHE_LOOKUP_CMP?3?5oops?$CB?$CB?$CB?5no@ 1006dc84     ftcache.obj
 0002:00017cb0       ??_C@_0EC@KBGBIJFI@m?3?2svn?2?4private?2mini?2umodsys?2dep@ 1006dcb0     ftcache.obj
 0002:00017cf4       ??_C@_0CE@HOJAKFAA@ftc_snode_load?3?5invalid?5glyph?5in@ 1006dcf4     ftcache.obj
 0002:00017d18       ??_C@_0ED@PJMECMKI@m?3?2svn?2?4private?2mini?2umodsys?2dep@ 1006dd18     ftcache.obj
 0002:00017d5c       ??_C@_0DF@FINININH@ftc_snode_load?3?5glyph?5loaded?5did@ 1006dd5c     ftcache.obj
 0002:00017d94       ??_C@_0DI@HLNFLMBJ@ftc_snode_load?3?5glyph?5too?5large?5@ 1006dd94     ftcache.obj
 0002:00017dcc       ??_C@_0DI@ICNEDMOF@ftc_basic_family_get_count?3?5too?5@ 1006ddcc     ftcache.obj
 0002:00017e04       ??_C@_0BJ@KKBJNBDJ@in?5this?5face?0?5truncated?6?$AA@ 1006de04     ftcache.obj
 0002:00017e20       ??_C@_0DB@OBDFPJED@FTC_ImageCache_Lookup?3?5higher?5bi@ 1006de20     ftcache.obj
 0002:00017e54       ??_C@_0BC@KMIFKDPF@0x?$CFx?5are?5dropped?6?$AA@ 1006de54     ftcache.obj
 0002:00017e68       ??_C@_0DH@DDKCBHGJ@FTC_ImageCache_LookupScaler?3?5hig@ 1006de68     ftcache.obj
 0002:00017ea0       ??_C@_0O@KLFHKAFI@nominalWidthX?$AA@ 1006dea0     cff.obj
 0002:00017eb0       ??_C@_0O@JDBOOHI@defaultWidthX?$AA@ 1006deb0     cff.obj
 0002:00017ec0       ??_C@_05DHFNOCDJ@Subrs?$AA@ 1006dec0     cff.obj
 0002:00017ec8       ??_C@_0BC@CKOEOLCM@initialRandomSeed?$AA@ 1006dec8     cff.obj
 0002:00017edc       ??_C@_0BA@PKGIFANC@ExpansionFactor?$AA@ 1006dedc     cff.obj
 0002:00017eec       ??_C@_0O@PJDGHDCK@LanguageGroup?$AA@ 1006deec     cff.obj
 0002:00017efc       ??_C@_05CIIKKFON@lenIV?$AA@ 1006defc     cff.obj
 0002:00017f04       ??_C@_0BD@BGHMBBEO@ForceBoldThreshold?$AA@ 1006df04     cff.obj
 0002:00017f18       ??_C@_09BDDIAPM@ForceBold?$AA@ 1006df18     cff.obj
 0002:00017f24       ??_C@_09GOBAKHA@StemSnapV?$AA@ 1006df24     cff.obj
 0002:00017f30       ??_C@_09NCKADFKP@StemSnapH?$AA@ 1006df30     cff.obj
 0002:00017f3c       ??_C@_05OBPKJLMP@StdVW?$AA@ 1006df3c     cff.obj
 0002:00017f44       ??_C@_05PHECBFLF@StdHW?$AA@ 1006df44     cff.obj
 0002:00017f4c       ??_C@_08IPFLJFPM@BlueFuzz?$AA@ 1006df4c     cff.obj
 0002:00017f58       ??_C@_09GDCMDLCO@BlueShift?$AA@ 1006df58     cff.obj
 0002:00017f64       ??_C@_09IPAGIEBG@BlueScale?$AA@ 1006df64     cff.obj
 0002:00017f70       ??_C@_0BB@FMLCJJDP@FamilyOtherBlues?$AA@ 1006df70     cff.obj
 0002:00017f84       ??_C@_0M@OIPOLIDA@FamilyBlues?$AA@ 1006df84     cff.obj
 0002:00017f90       ??_C@_0L@CCJAIIMC@OtherBlues?$AA@ 1006df90     cff.obj
 0002:00017f9c       ??_C@_0L@DKDIMLOI@BlueValues?$AA@ 1006df9c     cff.obj
 0002:00017fa8       ??_C@_08MKFDOKHL@FontName?$AA@ 1006dfa8     cff.obj
 0002:00017fb4       ??_C@_08CFFGEPO@FDSelect?$AA@ 1006dfb4     cff.obj
 0002:00017fc0       ??_C@_07PEKDNLEP@FDArray?$AA@ 1006dfc0     cff.obj
 0002:00017fc8       ??_C@_07CNNFHHEA@UIDBase?$AA@ 1006dfc8     cff.obj
 0002:00017fd0       ??_C@_08LPCKMOBH@CIDCount?$AA@ 1006dfd0     cff.obj
 0002:00017fdc       ??_C@_0M@IBCFBNHK@CIDFontType?$AA@ 1006dfdc     cff.obj
 0002:00017fe8       ??_C@_0BA@GOIFFDIH@CIDFontRevision?$AA@ 1006dfe8     cff.obj
 0002:00017ff8       ??_C@_0P@FDOGBFAP@CIDFontVersion?$AA@ 1006dff8     cff.obj
 0002:00018008       ??_C@_03FFOPCDKA@ROS?$AA@  1006e008     cff.obj
 0002:0001800c       ??_C@_0L@GLNNPNOK@PostScript?$AA@ 1006e00c     cff.obj
 0002:00018018       ??_C@_0O@EENDDJBG@SyntheticBase?$AA@ 1006e018     cff.obj
 0002:00018028       ??_C@_07CFINJGKH@Private?$AA@ 1006e028     cff.obj
 0002:00018030       ??_C@_0M@EKIFGBLL@CharStrings?$AA@ 1006e030     cff.obj
 0002:0001803c       ??_C@_08EJAHIGCJ@Encoding?$AA@ 1006e03c     cff.obj
 0002:00018048       ??_C@_07EAJPFAFH@charset?$AA@ 1006e048     cff.obj
 0002:00018050       ??_C@_0M@GLGMDIGG@StrokeWidth?$AA@ 1006e050     cff.obj
 0002:0001805c       ??_C@_08EBMMLPNI@FontBBox?$AA@ 1006e05c     cff.obj
 0002:00018068       ??_C@_08OMJGNOHD@UniqueID?$AA@ 1006e068     cff.obj
 0002:00018074       ??_C@_0L@LNCCOCBB@FontMatrix?$AA@ 1006e074     cff.obj
 0002:00018080       ??_C@_0P@IHAOFIJF@CharstringType?$AA@ 1006e080     cff.obj
 0002:00018090       ??_C@_09PNDIDGHG@PaintType?$AA@ 1006e090     cff.obj
 0002:0001809c       ??_C@_0BD@KBICJDLM@UnderlineThickness?$AA@ 1006e09c     cff.obj
 0002:000180b0       ??_C@_0BC@CCIMILPE@UnderlinePosition?$AA@ 1006e0b0     cff.obj
 0002:000180c4       ??_C@_0M@ILCDBHGP@ItalicAngle?$AA@ 1006e0c4     cff.obj
 0002:000180d0       ??_C@_0N@OPLNPOL@isFixedPitch?$AA@ 1006e0d0     cff.obj
 0002:000180e0       ??_C@_06ODJMJFLN@Weight?$AA@ 1006e0e0     cff.obj
 0002:000180e8       ??_C@_0L@KKMPOENF@FamilyName?$AA@ 1006e0e8     cff.obj
 0002:000180f4       ??_C@_08FPDCFGEH@FullName?$AA@ 1006e0f4     cff.obj
 0002:00018100       ??_C@_09EGCMDBBB@Copyright?$AA@ 1006e100     cff.obj
 0002:0001810c       ??_C@_06JHGCIHDH@Notice?$AA@ 1006e10c     cff.obj
 0002:00018114       ??_C@_07NGFJPNPN@Version?$AA@ 1006e114     cff.obj
 0002:0001811c       ??_C@_03LMEEOLHO@CID?$AA@  1006e11c     cff.obj
 0002:00018120       ??_C@_0BA@EAOIOGJA@postscript?9info?$AA@ 1006e120     cff.obj
 0002:00018130       ??_C@_03IFCOMOMB@CFF?$AA@  1006e130     cff.obj
 0002:00018134       ??_C@_04JAPIGAPK@sfnt?$AA@ 1006e134     cff.obj
 0002:0001813c       ??_C@_08MNGCAOLP@pshinter?$AA@ 1006e13c     cff.obj
 0002:00018148       ??_C@_0HB@NJOCEPIM@cff_get_glyph_name?3?5cannot?5get?5g@ 1006e148     cff.obj
 0002:000181bc       ??_C@_0BB@JIMLNENF@postscript?9cmaps?$AA@ 1006e1bc     cff.obj
 0002:000181d0       ??_C@_0DD@IOKAALAE@cff_get_ros?3?5too?5large?5supplemen@ 1006e1d0     cff.obj
 0002:00018204       ??_C@_0P@DGAAAJJA@hinting?9engine?$AA@ 1006e204     cff.obj
 0002:00018214       ??_C@_0BC@GFOLLGHN@no?9stem?9darkening?$AA@ 1006e214     cff.obj
 0002:00018228       ??_C@_0CJ@ILDIEHLM@cff_property_set?3?5missing?5proper@ 1006e228     cff.obj
 0002:00018254       ??_C@_0CJ@JGLAGCBI@cff_property_get?3?5missing?5proper@ 1006e254     cff.obj
 0002:00018280       ??_C@_0BD@FHMLGBOP@?$CB?$CB?$CBEND?5OF?5DATA?3?$CB?$CB?$CB?$AA@ 1006e280     cff.obj
 0002:00018294       ??_C@_0BA@KOHOLLIM@?$CB?$CB?$CBOVERFLOW?3?$CB?$CB?$CB?$AA@ 1006e294     cff.obj
 0002:000182a4       ??_C@_0BB@OMFJGOGF@?$CB?$CB?$CBUNDERFLOW?3?$CB?$CB?$CB?$AA@ 1006e2a4     cff.obj
 0002:000182b8       ??_C@_0EB@DEBAJIPC@m?3?2svn?2?4private?2mini?2umodsys?2dep@ 1006e2b8     cff.obj
 0002:00018300       ??_C@_0GP@GNKIDPDI@cff_parse_font_matrix?3?5strange?5s@ 1006e300     cff.obj
 0002:00018370       ??_C@_0BG@BNEAPFAC@?5?$FL?$CFf?5?$CFf?5?$CFf?5?$CFf?5?$CFf?5?$CFf?$FN?6?$AA@ 1006e370     cff.obj
 0002:00018388       ??_C@_0BA@IMLBGBBJ@?5?$FL?$CFd?5?$CFd?5?$CFd?5?$CFd?$FN?6?$AA@ 1006e388     cff.obj
 0002:00018398       ??_C@_09HFPCLGAF@?5?$CFlu?5?$CFlu?6?$AA@ 1006e398     cff.obj
 0002:000183a4       ??_C@_0CP@NECNKDDM@cff_parse_cid_ros?3?5real?5suppleme@ 1006e3a4     cff.obj
 0002:000183d4       ??_C@_0DE@NALBOPNG@cff_parse_cid_ros?3?5negative?5supp@ 1006e3d4     cff.obj
 0002:00018408       ??_C@_0L@KOJFBLKH@?5?$CFd?5?$CFd?5?$CFd?6?$AA@ 1006e408     cff.obj
 0002:00018414       ??_C@_04GCLKCGOG@?5?5?$CFs?$AA@ 1006e414     cff.obj
 0002:0001841c       ??_C@_04LOAJBDKD@true?$AA@ 1006e41c     cff.obj
 0002:00018424       ??_C@_05LAPONLG@false?$AA@ 1006e424     cff.obj
 0002:0001842c       ??_C@_04MDKIEGGJ@?5?$CFs?6?$AA@ 1006e42c     cff.obj
 0002:00018434       ??_C@_0M@KCFMPKOI@?5?$CFld?5?$CISID?$CJ?6?$AA@ 1006e434     cff.obj
 0002:00018440       ??_C@_05IEHBDIND@?5?$CFld?6?$AA@ 1006e440     cff.obj
 0002:00018448       ??_C@_04NJEFCHPC@?5?$CFf?6?$AA@ 1006e448     cff.obj
 0002:00018450       ??_C@_02GBLMOEJC@?5?$FL?$AA@ 1006e450     cff.obj
 0002:00018454       ??_C@_04CPKMOEAN@?5?$CFld?$AA@ 1006e454     cff.obj
 0002:0001845c       ??_C@_02JODFHDIE@?$FN?6?$AA@ 1006e45c     cff.obj
 0002:00018460       ??_C@_0ED@DAPLMPOB@cff_index_get_pointers?3?5invalid?5@ 1006e460     cff.obj
 0002:000184a8       ??_C@_0FE@ENEMOHLP@cff_index_access_element?3?5offset@ 1006e4a8     cff.obj
 0002:000184fc       ??_C@_0DM@GENJHLB@cff_charset_load?3?5invalid?5SID?5ra@ 1006e4fc     cff.obj
 0002:00018538       ??_C@_0CI@EOOPAJJE@cff_charset_load?3?5invalid?5table?5@ 1006e538     cff.obj
 0002:00018560       ??_C@_0FF@GKAPBCNH@cff_charset_load?3?5implicit?5chars@ 1006e560     cff.obj
 0002:000185b8       ??_C@_0FC@PKBNJFNM@cff_charset_load?3?5implicit?5chars@ 1006e5b8     cff.obj
 0002:00018610       ??_C@_0FJ@HPFEHAJC@cff_charset_load?3?5implicit?5chars@ 1006e610     cff.obj
 0002:0001866c       ??_C@_0CJ@IOCHKLEE@cff_encoding_load?3?5invalid?5table@ 1006e66c     cff.obj
 0002:00018698       ??_C@_0BC@EELEKAKH@?5top?5dictionary?3?6?$AA@ 1006e698     cff.obj
 0002:000186ac       ??_C@_0BG@CJKDMNLC@?5private?5dictionary?3?6?$AA@ 1006e6ac     cff.obj
 0002:000186c4       ??_C@_0BJ@OELAFMEA@?5?5not?5a?5CFF?5font?5header?6?$AA@ 1006e6c4     cff.obj
 0002:000186e0       ??_C@_0DN@LJNNLEPJ@cff_font_load?3?5invalid?5subfont?5i@ 1006e6e0     cff.obj
 0002:00018720       ??_C@_0FH@CJOCMAHG@cff_font_load?3?5invalid?5CFF?5font?5@ 1006e720     cff.obj
 0002:00018778       ??_C@_0BD@CCJNIFKF@parsing?5top?9level?6?$AA@ 1006e778     cff.obj
 0002:0001878c       ??_C@_0CP@FMGMLIID@cff_font_load?3?5FD?5array?5too?5larg@ 1006e78c     cff.obj
 0002:000187bc       ??_C@_0BE@PDMOIGFG@parsing?5subfont?5?$CFu?6?$AA@ 1006e7bc     cff.obj
 0002:000187d0       ??_C@_0CG@PPGJGOEB@cff_font_load?3?5no?5charstrings?5of@ 1006e7d0     cff.obj
 0002:000187f8       ??_C@_0CM@MMDJIEMP@cff_face_init?3?5cannot?5access?5?$GAsf@ 1006e7f8     cff.obj
 0002:00018824       ??_C@_0M@DLCCANED@CFF?5driver?6?$AA@ 1006e824     cff.obj
 0002:00018830       ??_C@_0BM@EHLJIHDG@?5?5not?5an?5OpenType?1CFF?5font?6?$AA@ 1006e830     cff.obj
 0002:00018850       ??_C@_0FI@GMFCILJE@cff_face_init?3?5cannot?5open?5CFF?5?$CG@ 1006e850     cff.obj
 0002:000188a8       ??_C@_05CJOKOPNE@SIDs?6?$AA@ 1006e8a8     cff.obj
 0002:000188b0       ??_C@_09PDAEPDPK@?5?5?$CF5d?5?$CFs?6?$AA@ 1006e8b0     cff.obj
 0002:000188bc       ??_C@_05BPGNDIAE@Black?$AA@ 1006e8bc     cff.obj
 0002:000188c4       ??_C@_0DA@MKHDHELB@cff_decoder_prepare?3?5invalid?5CID@ 1006e8c4     cff.obj
 0002:000188f4       ??_C@_0BO@GPOGLHOD@glyph?5index?5?$CFd?5?$CIsubfont?5?$CFd?$CJ?3?6?$AA@ 1006e8f4     cff.obj
 0002:00018914       ??_C@_0BB@OGOKOGJK@glyph?5index?5?$CFd?3?6?$AA@ 1006e914     cff.obj
 0002:00018928       ??_C@_0EB@BFCMAPJE@m?3?2svn?2?4private?2mini?2umodsys?2dep@ 1006e928     cff.obj
 0002:0001896c       ??_C@_0CP@GHJMCGOG@cf2_blues_init?3?5ignoring?5negativ@ 1006e96c     cff.obj
 0002:000189a0       ??_C@_0EB@MDDAIFMH@m?3?2svn?2?4private?2mini?2umodsys?2dep@ 1006e9a0     cff.obj
 0002:000189e4       ??_C@_0DO@HAIDPFIC@m?3?2svn?2?4private?2mini?2umodsys?2dep@ 1006e9e4     cff.obj
 0002:00018a28       ??_C@_0EB@DEFJPKMC@m?3?2svn?2?4private?2mini?2umodsys?2dep@ 1006ea28     cff.obj
 0002:00018a6c       ??_C@_0CL@DCBEKAKO@cf2_hintmap_insertHint?3?5too?5many@ 1006ea6c     cff.obj
 0002:00018a98       ??_C@_0EB@COMLPGB@m?3?2svn?2?4private?2mini?2umodsys?2dep@ 1006ea98     cff.obj
[...]
 0001:00053db6       _FNT_Load_Glyph            10054db6 f    CIL library: CIL module
 0001:00053fa1       _winfnt_get_header         10054fa1 f    CIL library: CIL module
 0001:00053fbe       _winfnt_get_service        10054fbe f    CIL library: CIL module
 0001:00053fcf       _pre_c_init                10054fcf f   MSVCRT:crtdll.obj
 0001:00054244       ___DllMainCRTStartup       10055244 f   MSVCRT:crtdll.obj

 Exports

  ordinal    name

        1    _FTC_CMapCache_Lookup
               exported name: FTC_CMapCache_Lookup
        2    _FTC_CMapCache_New
               exported name: FTC_CMapCache_New
        3    _FTC_ImageCache_Lookup
               exported name: FTC_ImageCache_Lookup
        4    _FTC_ImageCache_LookupScaler
               exported name: FTC_ImageCache_LookupScaler
        5    _FTC_ImageCache_New
               exported name: FTC_ImageCache_New
        6    _FTC_Manager_Done
               exported name: FTC_Manager_Done
        7    _FTC_Manager_LookupFace
               exported name: FTC_Manager_LookupFace
        8    _FTC_Manager_LookupSize
               exported name: FTC_Manager_LookupSize
        9    _FTC_Manager_New
               exported name: FTC_Manager_New
       10    _FTC_Manager_RemoveFaceID
               exported name: FTC_Manager_RemoveFaceID
       11    _FTC_Manager_Reset
               exported name: FTC_Manager_Reset
       12    _FTC_Node_Unref
               exported name: FTC_Node_Unref
       13    _FTC_SBitCache_Lookup
               exported name: FTC_SBitCache_Lookup
       14    _FTC_SBitCache_LookupScaler
               exported name: FTC_SBitCache_LookupScaler
       15    _FTC_SBitCache_New
               exported name: FTC_SBitCache_New
       16    _FT_Activate_Size
               exported name: FT_Activate_Size
       17    _FT_Add_Default_Modules
               exported name: FT_Add_Default_Modules
       18    _FT_Add_Module
               exported name: FT_Add_Module
       19    _FT_Angle_Diff
               exported name: FT_Angle_Diff
       20    _FT_Atan2
               exported name: FT_Atan2
       21    _FT_Attach_File
               exported name: FT_Attach_File
       22    _FT_Attach_Stream
               exported name: FT_Attach_Stream
       23    _FT_Bitmap_Convert
               exported name: FT_Bitmap_Convert
       24    _FT_Bitmap_Copy
               exported name: FT_Bitmap_Copy
       25    _FT_Bitmap_Done
               exported name: FT_Bitmap_Done
       26    _FT_Bitmap_Embolden
               exported name: FT_Bitmap_Embolden
       27    _FT_Bitmap_New
               exported name: FT_Bitmap_New
       28    _FT_CMap_Done
               exported name: FT_CMap_Done
       29    _FT_CMap_New
               exported name: FT_CMap_New
       30    _FT_CeilFix
               exported name: FT_CeilFix
       31    _FT_Cos
               exported name: FT_Cos
       32    _FT_DivFix
               exported name: FT_DivFix
       33    _FT_Done_Face
               exported name: FT_Done_Face
       34    _FT_Done_FreeType
               exported name: FT_Done_FreeType
       35    _FT_Done_Glyph
               exported name: FT_Done_Glyph
       36    _FT_Done_GlyphSlot
               exported name: FT_Done_GlyphSlot
       37    _FT_Done_Library
               exported name: FT_Done_Library
       38    _FT_Done_Memory
               exported name: FT_Done_Memory
       39    _FT_Done_Size
               exported name: FT_Done_Size
       40    _FT_Face_GetCharVariantIndex
               exported name: FT_Face_GetCharVariantIndex
       41    _FT_Face_GetCharVariantIsDefault
               exported name: FT_Face_GetCharVariantIsDefault
       42    _FT_Face_GetCharsOfVariant
               exported name: FT_Face_GetCharsOfVariant
       43    _FT_Face_GetVariantSelectors
               exported name: FT_Face_GetVariantSelectors
       44    _FT_Face_GetVariantsOfChar
               exported name: FT_Face_GetVariantsOfChar
       45    _FT_FloorFix
               exported name: FT_FloorFix
       46    _FT_Get_Advance
               exported name: FT_Get_Advance
       47    _FT_Get_Advances
               exported name: FT_Get_Advances
       48    _FT_Get_CMap_Format
               exported name: FT_Get_CMap_Format
       49    _FT_Get_CMap_Language_ID
               exported name: FT_Get_CMap_Language_ID
       50    _FT_Get_Char_Index
               exported name: FT_Get_Char_Index
       51    _FT_Get_Charmap_Index
               exported name: FT_Get_Charmap_Index
       52    _FT_Get_First_Char
               exported name: FT_Get_First_Char
       53    _FT_Get_Glyph
               exported name: FT_Get_Glyph
       54    _FT_Get_Glyph_Name
               exported name: FT_Get_Glyph_Name
       55    _FT_Get_Kerning
               exported name: FT_Get_Kerning
       56    _FT_Get_Module
               exported name: FT_Get_Module
       57    _FT_Get_Module_Interface
               exported name: FT_Get_Module_Interface
       58    _FT_Get_Name_Index
               exported name: FT_Get_Name_Index
       59    _FT_Get_Next_Char
               exported name: FT_Get_Next_Char
       60    _FT_Get_Postscript_Name
               exported name: FT_Get_Postscript_Name
       61    _FT_Get_Renderer
               exported name: FT_Get_Renderer
       62    _FT_Get_Sfnt_Name
               exported name: FT_Get_Sfnt_Name
       63    _FT_Get_Sfnt_Name_Count
               exported name: FT_Get_Sfnt_Name_Count
       64    _FT_Get_Sfnt_Table
               exported name: FT_Get_Sfnt_Table
       65    _FT_Get_SubGlyph_Info
               exported name: FT_Get_SubGlyph_Info
       66    _FT_Get_Track_Kerning
               exported name: FT_Get_Track_Kerning
       67    _FT_Get_TrueType_Engine_Type
               exported name: FT_Get_TrueType_Engine_Type
       68    _FT_GlyphLoader_Add
               exported name: FT_GlyphLoader_Add
       69    _FT_GlyphLoader_CheckPoints
               exported name: FT_GlyphLoader_CheckPoints
       70    _FT_GlyphLoader_CheckSubGlyphs
               exported name: FT_GlyphLoader_CheckSubGlyphs
       71    _FT_GlyphLoader_CopyPoints
               exported name: FT_GlyphLoader_CopyPoints
       72    _FT_GlyphLoader_CreateExtra
               exported name: FT_GlyphLoader_CreateExtra
       73    _FT_GlyphLoader_Done
               exported name: FT_GlyphLoader_Done
       74    _FT_GlyphLoader_New
               exported name: FT_GlyphLoader_New
       75    _FT_GlyphLoader_Prepare
               exported name: FT_GlyphLoader_Prepare
       76    _FT_GlyphLoader_Reset
               exported name: FT_GlyphLoader_Reset
       77    _FT_GlyphLoader_Rewind
               exported name: FT_GlyphLoader_Rewind
       78    _FT_GlyphSlot_Own_Bitmap
               exported name: FT_GlyphSlot_Own_Bitmap
       79    _FT_Glyph_Copy
               exported name: FT_Glyph_Copy
       80    _FT_Glyph_Get_CBox
               exported name: FT_Glyph_Get_CBox
       81    _FT_Glyph_Stroke
               exported name: FT_Glyph_Stroke
       82    _FT_Glyph_StrokeBorder
               exported name: FT_Glyph_StrokeBorder
       83    _FT_Glyph_To_Bitmap
               exported name: FT_Glyph_To_Bitmap
       84    _FT_Glyph_Transform
               exported name: FT_Glyph_Transform
       85    _FT_Hypot
               exported name: FT_Hypot
       86    _FT_Init_FreeType
               exported name: FT_Init_FreeType
       87    _FT_Library_Version
               exported name: FT_Library_Version
       88    _FT_List_Add
               exported name: FT_List_Add
       89    _FT_List_Finalize
               exported name: FT_List_Finalize
       90    _FT_List_Find
               exported name: FT_List_Find
       91    _FT_List_Insert
               exported name: FT_List_Insert
       92    _FT_List_Iterate
               exported name: FT_List_Iterate
       93    _FT_List_Remove
               exported name: FT_List_Remove
       94    _FT_List_Up
               exported name: FT_List_Up
       95    _FT_Load_Char
               exported name: FT_Load_Char
       96    _FT_Load_Glyph
               exported name: FT_Load_Glyph
       97    _FT_Load_Sfnt_Table
               exported name: FT_Load_Sfnt_Table
       98    _FT_Lookup_Renderer
               exported name: FT_Lookup_Renderer
       99    _FT_MSB
               exported name: FT_MSB
      100    _FT_Match_Size
               exported name: FT_Match_Size
      101    _FT_Matrix_Invert
               exported name: FT_Matrix_Invert
      102    _FT_Matrix_Multiply
               exported name: FT_Matrix_Multiply
      103    _FT_Matrix_Multiply_Scaled
               exported name: FT_Matrix_Multiply_Scaled
      104    _FT_Message
               exported name: FT_Message
      105    _FT_MulDiv
               exported name: FT_MulDiv
      106    _FT_MulDiv_No_Round
               exported name: FT_MulDiv_No_Round
      107    _FT_New_Face
               exported name: FT_New_Face
      108    _FT_New_GlyphSlot
               exported name: FT_New_GlyphSlot
      109    _FT_New_Library
               exported name: FT_New_Library
      110    _FT_New_Memory
               exported name: FT_New_Memory
      111    _FT_New_Memory_Face
               exported name: FT_New_Memory_Face
      112    _FT_New_Size
               exported name: FT_New_Size
      113    _FT_Open_Face
               exported name: FT_Open_Face
      114    _FT_Outline_Check
               exported name: FT_Outline_Check
      115    _FT_Outline_Copy
               exported name: FT_Outline_Copy
      116    _FT_Outline_Decompose
               exported name: FT_Outline_Decompose
      117    _FT_Outline_Done
               exported name: FT_Outline_Done
      118    _FT_Outline_Done_Internal
               exported name: FT_Outline_Done_Internal
      119    _FT_Outline_Embolden
               exported name: FT_Outline_Embolden
      120    _FT_Outline_EmboldenXY
               exported name: FT_Outline_EmboldenXY
      121    _FT_Outline_GetInsideBorder
               exported name: FT_Outline_GetInsideBorder
      122    _FT_Outline_GetOutsideBorder
               exported name: FT_Outline_GetOutsideBorder
      123    _FT_Outline_Get_Bitmap
               exported name: FT_Outline_Get_Bitmap
      124    _FT_Outline_Get_CBox
               exported name: FT_Outline_Get_CBox
      125    _FT_Outline_Get_Orientation
               exported name: FT_Outline_Get_Orientation
      126    _FT_Outline_New
               exported name: FT_Outline_New
      127    _FT_Outline_New_Internal
               exported name: FT_Outline_New_Internal
      128    _FT_Outline_Render
               exported name: FT_Outline_Render
      129    _FT_Outline_Reverse
               exported name: FT_Outline_Reverse
      130    _FT_Outline_Transform
               exported name: FT_Outline_Transform
      131    _FT_Outline_Translate
               exported name: FT_Outline_Translate
      132    _FT_Panic
               exported name: FT_Panic
      133    _FT_Property_Get
               exported name: FT_Property_Get
      134    _FT_Property_Set
               exported name: FT_Property_Set
      135    _FT_Raccess_Get_DataOffsets
               exported name: FT_Raccess_Get_DataOffsets
      136    _FT_Raccess_Get_HeaderInfo
               exported name: FT_Raccess_Get_HeaderInfo
      137    _FT_Raccess_Guess
               exported name: FT_Raccess_Guess
      138    _FT_Reference_Face
               exported name: FT_Reference_Face
      139    _FT_Reference_Library
               exported name: FT_Reference_Library
      140    _FT_Remove_Module
               exported name: FT_Remove_Module
      141    _FT_Render_Glyph
               exported name: FT_Render_Glyph
      142    _FT_Render_Glyph_Internal
               exported name: FT_Render_Glyph_Internal
      143    _FT_Request_Metrics
               exported name: FT_Request_Metrics
      144    _FT_Request_Size
               exported name: FT_Request_Size
      145    _FT_RoundFix
               exported name: FT_RoundFix
      146    _FT_Select_Charmap
               exported name: FT_Select_Charmap
      147    _FT_Select_Metrics
               exported name: FT_Select_Metrics
      148    _FT_Select_Size
               exported name: FT_Select_Size
      149    _FT_Set_Char_Size
               exported name: FT_Set_Char_Size
      150    _FT_Set_Charmap
               exported name: FT_Set_Charmap
      151    _FT_Set_Debug_Hook
               exported name: FT_Set_Debug_Hook
      152    _FT_Set_Pixel_Sizes
               exported name: FT_Set_Pixel_Sizes
      153    _FT_Set_Renderer
               exported name: FT_Set_Renderer
      154    _FT_Set_Transform
               exported name: FT_Set_Transform
      155    _FT_Sfnt_Table_Info
               exported name: FT_Sfnt_Table_Info
      156    _FT_Sin
               exported name: FT_Sin
      157    _FT_SqrtFixed
               exported name: FT_SqrtFixed
      158    _FT_Stream_Close
               exported name: FT_Stream_Close
      159    _FT_Stream_EnterFrame
               exported name: FT_Stream_EnterFrame
      160    _FT_Stream_ExitFrame
               exported name: FT_Stream_ExitFrame
      161    _FT_Stream_ExtractFrame
               exported name: FT_Stream_ExtractFrame
      162    _FT_Stream_Free
               exported name: FT_Stream_Free
      163    _FT_Stream_GetChar
               exported name: FT_Stream_GetChar
      164    _FT_Stream_GetULong
               exported name: FT_Stream_GetULong
      165    _FT_Stream_GetULongLE
               exported name: FT_Stream_GetULongLE
      166    _FT_Stream_GetUOffset
               exported name: FT_Stream_GetUOffset
      167    _FT_Stream_GetUShort
               exported name: FT_Stream_GetUShort
      168    _FT_Stream_GetUShortLE
               exported name: FT_Stream_GetUShortLE
      169    _FT_Stream_New
               exported name: FT_Stream_New
      170    _FT_Stream_Open
               exported name: FT_Stream_Open
      171    _FT_Stream_OpenBzip2
               exported name: FT_Stream_OpenBzip2
      172    _FT_Stream_OpenGzip
               exported name: FT_Stream_OpenGzip
      173    _FT_Stream_OpenLZW
               exported name: FT_Stream_OpenLZW
      174    _FT_Stream_OpenMemory
               exported name: FT_Stream_OpenMemory
      175    _FT_Stream_Pos
               exported name: FT_Stream_Pos
      176    _FT_Stream_Read
               exported name: FT_Stream_Read
      177    _FT_Stream_ReadAt
               exported name: FT_Stream_ReadAt
      178    _FT_Stream_ReadChar
               exported name: FT_Stream_ReadChar
      179    _FT_Stream_ReadFields
               exported name: FT_Stream_ReadFields
      180    _FT_Stream_ReadULong
               exported name: FT_Stream_ReadULong
      181    _FT_Stream_ReadULongLE
               exported name: FT_Stream_ReadULongLE
      182    _FT_Stream_ReadUOffset
               exported name: FT_Stream_ReadUOffset
      183    _FT_Stream_ReadUShort
               exported name: FT_Stream_ReadUShort
      184    _FT_Stream_ReadUShortLE
               exported name: FT_Stream_ReadUShortLE
      185    _FT_Stream_ReleaseFrame
               exported name: FT_Stream_ReleaseFrame
      186    _FT_Stream_Seek
               exported name: FT_Stream_Seek
      187    _FT_Stream_Skip
               exported name: FT_Stream_Skip
      188    _FT_Stream_TryRead
               exported name: FT_Stream_TryRead
      189    _FT_Stroker_BeginSubPath
               exported name: FT_Stroker_BeginSubPath
      190    _FT_Stroker_ConicTo
               exported name: FT_Stroker_ConicTo
      191    _FT_Stroker_CubicTo
               exported name: FT_Stroker_CubicTo
      192    _FT_Stroker_Done
               exported name: FT_Stroker_Done
      193    _FT_Stroker_EndSubPath
               exported name: FT_Stroker_EndSubPath
      194    _FT_Stroker_Export
               exported name: FT_Stroker_Export
      195    _FT_Stroker_ExportBorder
               exported name: FT_Stroker_ExportBorder
      196    _FT_Stroker_GetBorderCounts
               exported name: FT_Stroker_GetBorderCounts
      197    _FT_Stroker_GetCounts
               exported name: FT_Stroker_GetCounts
      198    _FT_Stroker_LineTo
               exported name: FT_Stroker_LineTo
      199    _FT_Stroker_New
               exported name: FT_Stroker_New
      200    _FT_Stroker_ParseOutline
               exported name: FT_Stroker_ParseOutline
      201    _FT_Stroker_Rewind
               exported name: FT_Stroker_Rewind
      202    _FT_Stroker_Set
               exported name: FT_Stroker_Set
      203    _FT_Tan
               exported name: FT_Tan
      204    _FT_Throw
               exported name: FT_Throw
      205    _FT_Trace_Get_Count
               exported name: FT_Trace_Get_Count
      206    _FT_Trace_Get_Name
               exported name: FT_Trace_Get_Name
      207    _FT_Vector_From_Polar
               exported name: FT_Vector_From_Polar
      208    _FT_Vector_Length
               exported name: FT_Vector_Length
      209    _FT_Vector_Polarize
               exported name: FT_Vector_Polarize
      210    _FT_Vector_Rotate
               exported name: FT_Vector_Rotate
      211    _FT_Vector_Transform
               exported name: FT_Vector_Transform
      212    _FT_Vector_Transform_Scaled
               exported name: FT_Vector_Transform_Scaled
      213    _FT_Vector_Unit
               exported name: FT_Vector_Unit
      214    _TT_New_Context
               exported name: TT_New_Context
      215    _TT_RunIns
               exported name: TT_RunIns
      216    _ft_corner_is_flat
               exported name: ft_corner_is_flat
      217    _ft_corner_orientation
               exported name: ft_corner_orientation
      218    _ft_debug_init
               exported name: ft_debug_init
      219    _ft_glyphslot_alloc_bitmap
               exported name: ft_glyphslot_alloc_bitmap
      220    _ft_glyphslot_free_bitmap
               exported name: ft_glyphslot_free_bitmap
      221    _ft_glyphslot_set_bitmap
               exported name: ft_glyphslot_set_bitmap
      222    _ft_highpow2
               exported name: ft_highpow2
      223    _ft_mem_alloc
               exported name: ft_mem_alloc
      224    _ft_mem_dup
               exported name: ft_mem_dup
      225    _ft_mem_free
               exported name: ft_mem_free
      226    _ft_mem_qalloc
               exported name: ft_mem_qalloc
      227    _ft_mem_qrealloc
               exported name: ft_mem_qrealloc
      228    _ft_mem_realloc
               exported name: ft_mem_realloc
      229    _ft_mem_strcpyn
               exported name: ft_mem_strcpyn
      230    _ft_mem_strdup
               exported name: ft_mem_strdup
      231    _ft_module_get_service
               exported name: ft_module_get_service
      232    _ft_service_list_lookup
               exported name: ft_service_list_lookup
      233    _ft_synthesize_vertical_metrics
               exported name: ft_synthesize_vertical_metrics
      234    _ft_validator_error
               exported name: ft_validator_error
      235    _ft_validator_init
               exported name: ft_validator_init
      236    _ft_validator_run
               exported name: ft_validator_run
