 lib_sqlite3

 Timestamp is 52d5519a (Tue Jan 14 18:02:50 2014)

 Preferred load address is 10000000

 Start         Length     Name                   Class
 0001:00000000 0004c347H .text                   CODE
 0002:00000000 00000198H .idata$5                DATA
 0002:00000198 00000004H .CRT$XCA                DATA
 0002:0000019c 00000004H .CRT$XCZ                DATA
 0002:000001a0 00000004H .CRT$XIA                DATA
 0002:000001a4 00000004H .CRT$XIAA               DATA
 0002:000001a8 00000004H .CRT$XIC                DATA
 0002:000001ac 00000004H .CRT$XIZ                DATA
 0002:000001b0 00008ec8H .rdata                  DATA
 0002:00009080 00000004H .rdata$sxdata           DATA
 0002:00009084 00000004H .rtc$IAA                DATA
 0002:00009088 00000004H .rtc$IZZ                DATA
 0002:0000908c 00000004H .rtc$TAA                DATA
 0002:00009090 00000004H .rtc$TZZ                DATA
 0002:00009098 00000084H .xdata$x                DATA
 0002:0000911c 00000028H .idata$2                DATA
 0002:00009144 00000014H .idata$3                DATA
 0002:00009158 00000198H .idata$4                DATA
 0002:000092f0 000006e8H .idata$6                DATA
 0002:000099e0 00001999H .edata                  DATA
 0003:00000000 00001010H .data                   DATA
 0003:00001020 000007a4H .bss                    DATA

  Address         Publics by Value              Rva+Base       Lib:Object

 0000:00000000       __except_list              00000000     <absolute>
 0000:00000001       ___safe_se_handler_count   00000001     <absolute>
 0000:00009876       __fltused                  00009876     <absolute>
 0000:00009876       __ldused                   00009876     <absolute>
 0000:00000000       ___ImageBase               10000000     <linker-defined>
 0001:00000000       _sqlite3_compileoption_used 10001000 f   sqlite3.obj
 0001:00000062       _sqlite3_compileoption_get 10001062 f   sqlite3.obj
 0001:000000a6       _sqlite3_status            100010a6 f   sqlite3.obj
 0001:000000e7       _sqlite3_db_status         100010e7 f   sqlite3.obj
 0001:0000184e       _sqlite3_vfs_find          1000284e f   sqlite3.obj
 0001:000018fd       _sqlite3_vfs_register      100028fd f   sqlite3.obj
 0001:00001950       _sqlite3_vfs_unregister    10002950 f   sqlite3.obj
 0001:00001a5d       _sqlite3_mutex_alloc       10002a5d f   sqlite3.obj
 0001:00001a81       _sqlite3_mutex_free        10002a81 f   sqlite3.obj
 0001:00001a8f       _sqlite3_mutex_enter       10002a8f f   sqlite3.obj
 0001:00001a9d       _sqlite3_mutex_try         10002a9d f   sqlite3.obj
 0001:00001aad       _sqlite3_mutex_leave       10002aad f   sqlite3.obj
 0001:00001abf       _sqlite3_thread_cleanup    10002abf f   sqlite3.obj
 0001:00001c19       _sqlite3_memory_alarm      10002c19 f   sqlite3.obj
 0001:00001c32       _sqlite3_soft_heap_limit64 10002c32 f   sqlite3.obj
 0001:00001cac       _sqlite3_soft_heap_limit   10002cac f   sqlite3.obj
 0001:00001dab       _sqlite3_memory_used       10002dab f   sqlite3.obj
 0001:00001dbb       _sqlite3_memory_highwater  10002dbb f   sqlite3.obj
 0001:00001f26       _sqlite3_malloc            10002f26 f   sqlite3.obj
 0001:000020d9       _sqlite3_free              100030d9 f   sqlite3.obj
 0001:0000228e       _sqlite3_realloc           1000328e f   sqlite3.obj
 0001:000032f8       _sqlite3_vmprintf          100042f8 f   sqlite3.obj
 0001:00003350       _sqlite3_mprintf           10004350 f   sqlite3.obj
 0001:0000336d       _sqlite3_vsnprintf         1000436d f   sqlite3.obj
 0001:000033b6       _sqlite3_snprintf          100043b6 f   sqlite3.obj
 0001:0000342c       _sqlite3_log               1000442c f   sqlite3.obj
 0001:00003465       _sqlite3_randomness        10004465 f   sqlite3.obj
 0001:00003bff       _sqlite3_stricmp           10004bff f   sqlite3.obj
 0001:00003c42       _sqlite3_strnicmp          10004c42 f   sqlite3.obj
 0001:00004e98       _sqlite3_win32_write_debug 10005e98 f   sqlite3.obj
 0001:00004ef7       _sqlite3_win32_sleep       10005ef7 f   sqlite3.obj
 0001:00005064       _sqlite3_win32_mbcs_to_utf8 10006064 f   sqlite3.obj
 0001:000050d9       _sqlite3_win32_utf8_to_mbcs 100060d9 f   sqlite3.obj
 0001:00005102       _sqlite3_win32_set_directory 10006102 f   sqlite3.obj
 0001:00007123       _sqlite3_os_init           10008123 f   sqlite3.obj
 0001:0000daf1       _sqlite3_enable_shared_cache 1000eaf1 f   sqlite3.obj
 0001:000140b9       _sqlite3_backup_init       100150b9 f   sqlite3.obj
 0001:000142ee       _sqlite3_backup_step       100152ee f   sqlite3.obj
 0001:000147e9       _sqlite3_backup_finish     100157e9 f   sqlite3.obj
 0001:000148a2       _sqlite3_backup_remaining  100158a2 f   sqlite3.obj
 0001:000148aa       _sqlite3_backup_pagecount  100158aa f   sqlite3.obj
 0001:000158fe       _sqlite3_sql               100168fe f   sqlite3.obj
 0001:00017d70       _sqlite3_expired           10018d70 f   sqlite3.obj
 0001:00017dc1       _sqlite3_finalize          10018dc1 f   sqlite3.obj
 0001:00017e08       _sqlite3_reset             10018e08 f   sqlite3.obj
 0001:00017e4c       _sqlite3_clear_bindings    10018e4c f   sqlite3.obj
 0001:00017ebc       _sqlite3_value_blob        10018ebc f   sqlite3.obj
 0001:00017ef9       _sqlite3_value_bytes       10018ef9 f   sqlite3.obj
 0001:00017f06       _sqlite3_value_bytes16     10018f06 f   sqlite3.obj
 0001:00017f13       _sqlite3_value_double      10018f13 f   sqlite3.obj
 0001:00017f1c       _sqlite3_value_int64       10018f1c f   sqlite3.obj
 0001:00017f1c       _sqlite3_value_int         10018f1c f   sqlite3.obj
 0001:00017f25       _sqlite3_value_text        10018f25 f   sqlite3.obj
 0001:00017f36       _sqlite3_value_text16      10018f36 f   sqlite3.obj
 0001:00017f36       _sqlite3_value_text16le    10018f36 f   sqlite3.obj
 0001:00017f45       _sqlite3_value_text16be    10018f45 f   sqlite3.obj
 0001:00017f54       _sqlite3_value_type        10018f54 f   sqlite3.obj
 0001:00017f7e       _sqlite3_result_blob       10018f7e f   sqlite3.obj
 0001:00017f9a       _sqlite3_result_double     10018f9a f   sqlite3.obj
 0001:00017fb9       _sqlite3_result_error      10018fb9 f   sqlite3.obj
 0001:00017fdd       _sqlite3_result_error16    10018fdd f   sqlite3.obj
 0001:00018004       _sqlite3_result_int        10019004 f   sqlite3.obj
 0001:0001801c       _sqlite3_result_int64      1001901c f   sqlite3.obj
 0001:00018037       _sqlite3_result_null       10019037 f   sqlite3.obj
 0001:00018046       _sqlite3_result_text       10019046 f   sqlite3.obj
 0001:00018062       _sqlite3_result_text16be   10019062 f   sqlite3.obj
 0001:0001807e       _sqlite3_result_text16le   1001907e f   sqlite3.obj
 0001:0001807e       _sqlite3_result_text16     1001907e f   sqlite3.obj
 0001:0001809a       _sqlite3_result_value      1001909a f   sqlite3.obj
 0001:000180ae       _sqlite3_result_zeroblob   100190ae f   sqlite3.obj
 0001:000180c1       _sqlite3_result_error_code 100190c1 f   sqlite3.obj
 0001:00018106       _sqlite3_result_error_toobig 10019106 f   sqlite3.obj
 0001:0001812c       _sqlite3_result_error_nomem 1001912c f   sqlite3.obj
 0001:00018341       _sqlite3_step              10019341 f   sqlite3.obj
 0001:000184f1       _sqlite3_user_data         100194f1 f   sqlite3.obj
 0001:000184fb       _sqlite3_context_db_handle 100194fb f   sqlite3.obj
 0001:0001852f       _sqlite3_aggregate_context 1001952f f   sqlite3.obj
 0001:00018590       _sqlite3_get_auxdata       10019590 f   sqlite3.obj
 0001:000185c3       _sqlite3_set_auxdata       100195c3 f   sqlite3.obj
 0001:0001865e       _sqlite3_aggregate_count   1001965e f   sqlite3.obj
 0001:00018669       _sqlite3_column_count      10019669 f   sqlite3.obj
 0001:00018679       _sqlite3_data_count        10019679 f   sqlite3.obj
 0001:00018700       _sqlite3_column_blob       10019700 f   sqlite3.obj
 0001:00018726       _sqlite3_column_bytes      10019726 f   sqlite3.obj
 0001:0001874c       _sqlite3_column_bytes16    1001974c f   sqlite3.obj
 0001:00018770       _sqlite3_column_double     10019770 f   sqlite3.obj
 0001:000187a1       _sqlite3_column_int        100197a1 f   sqlite3.obj
 0001:000187c5       _sqlite3_column_int64      100197c5 f   sqlite3.obj
 0001:000187f7       _sqlite3_column_text       100197f7 f   sqlite3.obj
 0001:0001881d       _sqlite3_column_value      1001981d f   sqlite3.obj
 0001:00018853       _sqlite3_column_text16     10019853 f   sqlite3.obj
 0001:00018877       _sqlite3_column_type       10019877 f   sqlite3.obj
 0001:000188f6       _sqlite3_column_name       100198f6 f   sqlite3.obj
 0001:00018910       _sqlite3_column_name16     10019910 f   sqlite3.obj
 0001:0001892a       _sqlite3_column_decltype   1001992a f   sqlite3.obj
 0001:00018944       _sqlite3_column_decltype16 10019944 f   sqlite3.obj
 0001:0001895e       _sqlite3_column_database_name 1001995e f   sqlite3.obj
 0001:00018978       _sqlite3_column_database_name16 10019978 f   sqlite3.obj
 0001:00018992       _sqlite3_column_table_name 10019992 f   sqlite3.obj
 0001:000189ac       _sqlite3_column_table_name16 100199ac f   sqlite3.obj
 0001:000189c6       _sqlite3_column_origin_name 100199c6 f   sqlite3.obj
 0001:000189e0       _sqlite3_column_origin_name16 100199e0 f   sqlite3.obj
 0001:00018b83       _sqlite3_bind_blob         10019b83 f   sqlite3.obj
 0001:00018ba3       _sqlite3_bind_double       10019ba3 f   sqlite3.obj
 0001:00018bed       _sqlite3_bind_int          10019bed f   sqlite3.obj
 0001:00018c0b       _sqlite3_bind_int64        10019c0b f   sqlite3.obj
 0001:00018c59       _sqlite3_bind_null         10019c59 f   sqlite3.obj
 0001:00018c80       _sqlite3_bind_text         10019c80 f   sqlite3.obj
 0001:00018ca0       _sqlite3_bind_text16       10019ca0 f   sqlite3.obj
 0001:00018cc0       _sqlite3_bind_value        10019cc0 f   sqlite3.obj
 0001:00018d68       _sqlite3_bind_zeroblob     10019d68 f   sqlite3.obj
 0001:00018da9       _sqlite3_bind_parameter_count 10019da9 f   sqlite3.obj
 0001:00018db9       _sqlite3_bind_parameter_name 10019db9 f   sqlite3.obj
 0001:00018e34       _sqlite3_bind_parameter_index 10019e34 f   sqlite3.obj
 0001:00018e9f       _sqlite3_transfer_bindings 10019e9f f   sqlite3.obj
 0001:00018ef1       _sqlite3_db_handle         10019ef1 f   sqlite3.obj
 0001:00018eff       _sqlite3_stmt_readonly     10019eff f   sqlite3.obj
 0001:00018f15       _sqlite3_stmt_busy         10019f15 f   sqlite3.obj
 0001:00018f33       _sqlite3_next_stmt         10019f33 f   sqlite3.obj
 0001:00018f60       _sqlite3_stmt_status       10019f60 f   sqlite3.obj
 0001:00019386       _sqlite3_value_numeric_type 1001a386 f   sqlite3.obj
 0001:0001e87e       _sqlite3_blob_open         1001f87e f   sqlite3.obj
 0001:0001ed3d       _sqlite3_blob_close        1001fd3d f   sqlite3.obj
 0001:0001ee43       _sqlite3_blob_read         1001fe43 f   sqlite3.obj
 0001:0001ee63       _sqlite3_blob_write        1001fe63 f   sqlite3.obj
 0001:0001ee83       _sqlite3_blob_bytes        1001fe83 f   sqlite3.obj
 0001:0001ee98       _sqlite3_blob_reopen       1001fe98 f   sqlite3.obj
 0001:00026b92       _sqlite3_set_authorizer    10027b92 f   sqlite3.obj
 0001:0002cb17       _sqlite3_strglob           1002db17 f   sqlite3.obj
 0001:000311af       _sqlite3_exec              100321af f   sqlite3.obj
 0001:00031787       _sqlite3_load_extension    10032787 f   sqlite3.obj
 0001:000317bf       _sqlite3_enable_load_extension 100327bf f   sqlite3.obj
 0001:000317f1       _sqlite3_auto_extension    100327f1 f   sqlite3.obj
 0001:0003186d       _sqlite3_cancel_auto_extension 1003286d f   sqlite3.obj
 0001:000318bd       _sqlite3_reset_auto_extension 100328bd f   sqlite3.obj
 0001:00034827       _sqlite3_prepare           10035827 f   sqlite3.obj
 0001:00034849       _sqlite3_prepare_v2        10035849 f   sqlite3.obj
 0001:00034958       _sqlite3_prepare16         10035958 f   sqlite3.obj
 0001:00034978       _sqlite3_prepare16_v2      10035978 f   sqlite3.obj
 0001:00039a81       _sqlite3_get_table         1003aa81 f   sqlite3.obj
 0001:00039bc3       _sqlite3_free_table        1003abc3 f   sqlite3.obj
 0001:0003c305       _sqlite3_create_module     1003d305 f   sqlite3.obj
 0001:0003c320       _sqlite3_create_module_v2  1003d320 f   sqlite3.obj
 0001:0003ca74       _sqlite3_declare_vtab      1003da74 f   sqlite3.obj
 0001:0003cee8       _sqlite3_vtab_on_conflict  1003dee8 f   sqlite3.obj
 0001:0003cef8       _sqlite3_vtab_config       1003def8 f   sqlite3.obj
 0001:000458a8       _sqlite3_complete          100468a8 f   sqlite3.obj
 0001:00045ab8       _sqlite3_complete16        10046ab8 f   sqlite3.obj
 0001:00045b0d       _sqlite3_libversion        10046b0d f   sqlite3.obj
 0001:00045b13       _sqlite3_sourceid          10046b13 f   sqlite3.obj
 0001:00045b19       _sqlite3_libversion_number 10046b19 f   sqlite3.obj
 0001:00045b1f       _sqlite3_threadsafe        10046b1f f   sqlite3.obj
 0001:00045b23       _sqlite3_initialize        10046b23 f   sqlite3.obj
 0001:00045cb9       _sqlite3_shutdown          10046cb9 f   sqlite3.obj
 0001:00045d46       _sqlite3_config            10046d46 f   sqlite3.obj
 0001:00046057       _sqlite3_db_mutex          10047057 f   sqlite3.obj
 0001:0004605f       _sqlite3_db_release_memory 1004705f f   sqlite3.obj
 0001:000460c1       _sqlite3_db_config         100470c1 f   sqlite3.obj
 0001:000461f9       _sqlite3_last_insert_rowid 100471f9 f   sqlite3.obj
 0001:00046204       _sqlite3_changes           10047204 f   sqlite3.obj
 0001:0004620c       _sqlite3_total_changes     1004720c f   sqlite3.obj
 0001:00046390       _sqlite3_close             10047390 f   sqlite3.obj
 0001:0004639d       _sqlite3_close_v2          1004739d f   sqlite3.obj
 0001:000466d2       _sqlite3_busy_handler      100476d2 f   sqlite3.obj
 0001:0004670f       _sqlite3_progress_handler  1004770f f   sqlite3.obj
 0001:0004675a       _sqlite3_busy_timeout      1004775a f   sqlite3.obj
 0001:00046794       _sqlite3_interrupt         10047794 f   sqlite3.obj
 0001:00046902       _sqlite3_create_function   10047902 f   sqlite3.obj
 0001:00046929       _sqlite3_create_function_v2 10047929 f   sqlite3.obj
 0001:000469bf       _sqlite3_create_function16 100479bf f   sqlite3.obj
 0001:00046a1c       _sqlite3_overload_function 10047a1c f   sqlite3.obj
 0001:00046a87       _sqlite3_trace             10047a87 f   sqlite3.obj
 0001:00046abc       _sqlite3_profile           10047abc f   sqlite3.obj
 0001:00046af1       _sqlite3_commit_hook       10047af1 f   sqlite3.obj
 0001:00046b26       _sqlite3_update_hook       10047b26 f   sqlite3.obj
 0001:00046b5b       _sqlite3_rollback_hook     10047b5b f   sqlite3.obj
 0001:00046bb8       _sqlite3_wal_autocheckpoint 10047bb8 f   sqlite3.obj
 0001:00046bdc       _sqlite3_wal_hook          10047bdc f   sqlite3.obj
 0001:00046c11       _sqlite3_wal_checkpoint_v2 10047c11 f   sqlite3.obj
 0001:00046caf       _sqlite3_wal_checkpoint    10047caf f   sqlite3.obj
 0001:00046d83       _sqlite3_errmsg            10047d83 f   sqlite3.obj
 0001:00046e26       _sqlite3_errmsg16          10047e26 f   sqlite3.obj
 0001:00046ec8       _sqlite3_errcode           10047ec8 f   sqlite3.obj
 0001:00046efe       _sqlite3_extended_errcode  10047efe f   sqlite3.obj
 0001:00046f2f       _sqlite3_errstr            10047f2f f   sqlite3.obj
 0001:000470e6       _sqlite3_limit             100480e6 f   sqlite3.obj
 0001:00047864       _sqlite3_open              10048864 f   sqlite3.obj
 0001:00047879       _sqlite3_open_v2           10048879 f   sqlite3.obj
 0001:0004787e       _sqlite3_open16            1004887e f   sqlite3.obj
 0001:000478f9       _sqlite3_create_collation  100488f9 f   sqlite3.obj
 0001:00047937       _sqlite3_create_collation_v2 10048937 f   sqlite3.obj
 0001:00047976       _sqlite3_create_collation16 10048976 f   sqlite3.obj
 0001:000479d5       _sqlite3_collation_needed  100489d5 f   sqlite3.obj
 0001:00047a0b       _sqlite3_collation_needed16 10048a0b f   sqlite3.obj
 0001:00047a41       _sqlite3_release_memory    10048a41 f   sqlite3.obj
 0001:00047a41       _sqlite3_os_end            10048a41 f   sqlite3.obj
 0001:00047a41       _sqlite3_global_recover    10048a41 f   sqlite3.obj
 0001:00047a44       _sqlite3_get_autocommit    10048a44 f   sqlite3.obj
 0001:00047aa1       _sqlite3_table_column_metadata 10048aa1 f   sqlite3.obj
 0001:00047c89       _sqlite3_sleep             10048c89 f   sqlite3.obj
 0001:00047cb0       _sqlite3_extended_result_codes 10048cb0 f   sqlite3.obj
 0001:00047ce0       _sqlite3_file_control      10048ce0 f   sqlite3.obj
 0001:00047d51       _sqlite3_test_control      10048d51 f   sqlite3.obj
 0001:00047ec1       _sqlite3_uri_parameter     10048ec1 f   sqlite3.obj
 0001:00047f1b       _sqlite3_uri_boolean       10048f1b f   sqlite3.obj
 0001:00047f46       _sqlite3_uri_int64         10048f46 f   sqlite3.obj
 0001:00047fd3       _sqlite3_db_filename       10048fd3 f   sqlite3.obj
 0001:00047fed       _sqlite3_db_readonly       10048fed f   sqlite3.obj
 0001:0004b2db       _sqlite3_rtree_geometry_callback 1004c2db f   sqlite3.obj
 0001:0004b31c       _GetFullPathNameW@16       1004c31c f   kernel32:KERNEL32.dll
 0001:0004b322       _GetFullPathNameA@16       1004c322 f   kernel32:KERNEL32.dll
 0001:0004b328       _HeapReAlloc@16            1004c328 f   kernel32:KERNEL32.dll
 0001:0004b32e       _CreateFileA@28            1004c32e f   kernel32:KERNEL32.dll
 0001:0004b334       _GetFileSize@8             1004c334 f   kernel32:KERNEL32.dll
 0001:0004b33a       _CreateMutexW@12           1004c33a f   kernel32:KERNEL32.dll
 0001:0004b340       _HeapCompact@8             1004c340 f   kernel32:KERNEL32.dll
 0001:0004b346       _SetFilePointer@16         1004c346 f   kernel32:KERNEL32.dll
 0001:0004b34c       _MapViewOfFile@20          1004c34c f   kernel32:KERNEL32.dll
 0001:0004b352       _UnmapViewOfFile@4         1004c352 f   kernel32:KERNEL32.dll
 0001:0004b358       _SetEndOfFile@4            1004c358 f   kernel32:KERNEL32.dll
 0001:0004b35e       _FreeLibrary@4             1004c35e f   kernel32:KERNEL32.dll
 0001:0004b364       _HeapAlloc@12              1004c364 f   kernel32:KERNEL32.dll
 0001:0004b36a       _SystemTimeToFileTime@8    1004c36a f   kernel32:KERNEL32.dll
 0001:0004b370       _QueryPerformanceCounter@4 1004c370 f   kernel32:KERNEL32.dll
 0001:0004b376       _HeapFree@12               1004c376 f   kernel32:KERNEL32.dll
 0001:0004b37c       _WaitForSingleObject@8     1004c37c f   kernel32:KERNEL32.dll
 0001:0004b382       _UnlockFile@20             1004c382 f   kernel32:KERNEL32.dll
 0001:0004b388       _LockFile@20               1004c388 f   kernel32:KERNEL32.dll
 0001:0004b38e       _OutputDebugStringW@4      1004c38e f   kernel32:KERNEL32.dll
 0001:0004b394       _GetTickCount@0            1004c394 f   kernel32:KERNEL32.dll
 0001:0004b39a       _UnlockFileEx@20           1004c39a f   kernel32:KERNEL32.dll
 0001:0004b3a0       _GetProcessHeap@0          1004c3a0 f   kernel32:KERNEL32.dll
 0001:0004b3a6       _GetSystemTimeAsFileTime@4 1004c3a6 f   kernel32:KERNEL32.dll
 0001:0004b3ac       _FormatMessageA@28         1004c3ac f   kernel32:KERNEL32.dll
 0001:0004b3b2       _WriteFile@20              1004c3b2 f   kernel32:KERNEL32.dll
 0001:0004b3b8       _WideCharToMultiByte@32    1004c3b8 f   kernel32:KERNEL32.dll
 0001:0004b3be       _LoadLibraryW@4            1004c3be f   kernel32:KERNEL32.dll
 0001:0004b3c4       _Sleep@4                   1004c3c4 f   kernel32:KERNEL32.dll
 0001:0004b3ca       _FormatMessageW@28         1004c3ca f   kernel32:KERNEL32.dll
 0001:0004b3d0       _GetVersionExW@4           1004c3d0 f   kernel32:KERNEL32.dll
 0001:0004b3d6       _HeapDestroy@4             1004c3d6 f   kernel32:KERNEL32.dll
 0001:0004b3dc       _GetFileAttributesA@4      1004c3dc f   kernel32:KERNEL32.dll
 0001:0004b3e2       _HeapCreate@12             1004c3e2 f   kernel32:KERNEL32.dll
 0001:0004b3e8       _HeapValidate@12           1004c3e8 f   kernel32:KERNEL32.dll
 0001:0004b3ee       _GetFileAttributesW@4      1004c3ee f   kernel32:KERNEL32.dll
 0001:0004b3f4       _ReadFile@20               1004c3f4 f   kernel32:KERNEL32.dll
 0001:0004b3fa       _CreateFileW@28            1004c3fa f   kernel32:KERNEL32.dll
 0001:0004b400       _MultiByteToWideChar@24    1004c400 f   kernel32:KERNEL32.dll
 0001:0004b406       _FlushFileBuffers@4        1004c406 f   kernel32:KERNEL32.dll
 0001:0004b40c       _GetTempPathW@8            1004c40c f   kernel32:KERNEL32.dll
 0001:0004b412       _GetLastError@0            1004c412 f   kernel32:KERNEL32.dll
 0001:0004b418       _GetProcAddress@8          1004c418 f   kernel32:KERNEL32.dll
 0001:0004b41e       _HeapSize@12               1004c41e f   kernel32:KERNEL32.dll
 0001:0004b424       _LockFileEx@24             1004c424 f   kernel32:KERNEL32.dll
 0001:0004b42a       _GetDiskFreeSpaceW@20      1004c42a f   kernel32:KERNEL32.dll
 0001:0004b430       _LoadLibraryA@4            1004c430 f   kernel32:KERNEL32.dll
 0001:0004b436       _CreateFileMappingA@24     1004c436 f   kernel32:KERNEL32.dll
 0001:0004b43c       _CreateFileMappingW@24     1004c43c f   kernel32:KERNEL32.dll
 0001:0004b442       _GetDiskFreeSpaceA@20      1004c442 f   kernel32:KERNEL32.dll
 0001:0004b448       _GetSystemInfo@4           1004c448 f   kernel32:KERNEL32.dll
 0001:0004b44e       _GetFileAttributesExW@12   1004c44e f   kernel32:KERNEL32.dll
 0001:0004b454       _OutputDebugStringA@4      1004c454 f   kernel32:KERNEL32.dll
 0001:0004b45a       _GetVersionExA@4           1004c45a f   kernel32:KERNEL32.dll
 0001:0004b460       _CloseHandle@4             1004c460 f   kernel32:KERNEL32.dll
 0001:0004b466       _DeleteFileW@4             1004c466 f   kernel32:KERNEL32.dll
 0001:0004b46c       _GetCurrentProcessId@0     1004c46c f   kernel32:KERNEL32.dll
 0001:0004b472       _GetTempPathA@8            1004c472 f   kernel32:KERNEL32.dll
 0001:0004b478       _LocalFree@4               1004c478 f   kernel32:KERNEL32.dll
 0001:0004b47e       _GetSystemTime@4           1004c47e f   kernel32:KERNEL32.dll
 0001:0004b484       _AreFileApisANSI@0         1004c484 f   kernel32:KERNEL32.dll
 0001:0004b48a       _DeleteFileA@4             1004c48a f   kernel32:KERNEL32.dll
 0001:0004b4df       __CRT_INIT@12              1004c4df f   MSVCRT:crtdll.obj
 0001:0004b81b       __DllMainCRTStartup@12     1004c81b f   MSVCRT:crtdll.obj
 0001:0004b83e       ___clean_type_info_names   1004c83e f   MSVCRT:tncleanup.obj
 0001:0004b84a       __onexit                   1004c84a f   MSVCRT:atonexit.obj
 0001:0004b8ef       _atexit                    1004c8ef f   MSVCRT:atonexit.obj
 0001:0004b906       __RTC_Initialize           1004c906 f   MSVCRT:_initsect_.obj
 0001:0004b92c       __RTC_Terminate            1004c92c f   MSVCRT:_initsect_.obj
 0001:0004b960       __ValidateImageBase        1004c960 f   MSVCRT:pesect.obj
 0001:0004b9a0       __FindPESection            1004c9a0 f   MSVCRT:pesect.obj
 0001:0004b9f0       __IsNonwritableInCurrentImage 1004c9f0 f   MSVCRT:pesect.obj
 0001:0004baae       __initterm                 1004caae f   MSVCRT:MSVCR90.dll
 0001:0004bab4       __initterm_e               1004cab4 f   MSVCRT:MSVCR90.dll
 0001:0004baba       __amsg_exit                1004caba f   MSVCRT:MSVCR90.dll
 0001:0004bac0       ___CppXcptFilter           1004cac0 f   MSVCRT:MSVCR90.dll
 0001:0004bac6       _DllMain@12                1004cac6 f   MSVCRT:dllmain.obj
 0001:0004baec       __SEH_prolog4              1004caec f   MSVCRT:sehprolg4.obj
 0001:0004bb31       __SEH_epilog4              1004cb31 f   MSVCRT:sehprolg4.obj
 0001:0004bb45       __except_handler4          1004cb45 f   MSVCRT:chandler4gs.obj
 0001:0004bb6a       ___security_init_cookie    1004cb6a f   MSVCRT:gs_support.obj
 0001:0004bc00       ___clean_type_info_names_internal 1004cc00 f   MSVCRT:MSVCR90.dll
 0001:0004bc06       __unlock                   1004cc06 f   MSVCRT:MSVCR90.dll
 0001:0004bc0c       ___dllonexit               1004cc0c f   MSVCRT:MSVCR90.dll
 0001:0004bc12       __lock                     1004cc12 f   MSVCRT:MSVCR90.dll
 0001:0004bc18       @__security_check_cookie@4 1004cc18 f   MSVCRT:secchk.obj
 0001:0004bc28       __except_handler4_common   1004cc28 f   MSVCRT:MSVCR90.dll
 0001:0004bc2e       ___report_gsfailure        1004cc2e f   MSVCRT:gs_report.obj
 0001:0004bd34       __crt_debugger_hook        1004cd34 f   MSVCRT:MSVCR90.dll
 0001:0004bd40       _memcpy                    1004cd40 f   MSVCRT:MSVCR90.dll
 0001:0004bd50       __allrem                   1004cd50 f   MSVCRT:llrem.obj
 0001:0004be10       __allshr                   1004ce10 f   MSVCRT:llshr.obj
 0001:0004be32       _memset                    1004ce32 f   MSVCRT:MSVCR90.dll
 0001:0004be40       __allmul                   1004ce40 f   MSVCRT:llmul.obj
 0001:0004be80       __allshl                   1004ce80 f   MSVCRT:llshl.obj
 0001:0004bea0       __ftol2_sse                1004cea0 f   MSVCRT:ftol2.obj
 0001:0004bea9       __ftol2_pentium4           1004cea9 f   MSVCRT:ftol2.obj
 0001:0004bebc       __ftol2_sse_excpt          1004cebc f   MSVCRT:ftol2.obj
 0001:0004bed6       __ftol2                    1004ced6 f   MSVCRT:ftol2.obj
 0001:0004bf50       __alldiv                   1004cf50 f   MSVCRT:lldiv.obj
 0001:0004c000       __aullshr                  1004d000 f   MSVCRT:ullshr.obj
 0001:0004c020       __alldvrm                  1004d020 f   MSVCRT:lldvrm.obj
 0001:0004c100       __aullrem                  1004d100 f   MSVCRT:ullrem.obj
 0001:0004c180       __aulldvrm                 1004d180 f   MSVCRT:ulldvrm.obj
 0001:0004c220       __aulldiv                  1004d220 f   MSVCRT:ulldiv.obj
 0001:0004c2d8       __get_sse2_info            1004d2d8 f   MSVCRT:cpu_disp.obj
 0001:0004c33a       ___sse2_available_init     1004d33a f   MSVCRT:cpu_disp.obj
 0002:00000000       __imp__GetFullPathNameW@16 1004e000     kernel32:KERNEL32.dll
 0002:00000004       __imp__GetFullPathNameA@16 1004e004     kernel32:KERNEL32.dll
 0002:00000008       __imp__HeapReAlloc@16      1004e008     kernel32:KERNEL32.dll
 0002:0000000c       __imp__CreateFileA@28      1004e00c     kernel32:KERNEL32.dll
 0002:00000010       __imp__GetFileSize@8       1004e010     kernel32:KERNEL32.dll
 0002:00000014       __imp__CreateMutexW@12     1004e014     kernel32:KERNEL32.dll
 0002:00000018       __imp__HeapCompact@8       1004e018     kernel32:KERNEL32.dll
 0002:0000001c       __imp__SetFilePointer@16   1004e01c     kernel32:KERNEL32.dll
 0002:00000020       __imp__MapViewOfFile@20    1004e020     kernel32:KERNEL32.dll
 0002:00000024       __imp__UnmapViewOfFile@4   1004e024     kernel32:KERNEL32.dll
 0002:00000028       __imp__SetEndOfFile@4      1004e028     kernel32:KERNEL32.dll
 0002:0000002c       __imp__FreeLibrary@4       1004e02c     kernel32:KERNEL32.dll
 0002:00000030       __imp__HeapAlloc@12        1004e030     kernel32:KERNEL32.dll
 0002:00000034       __imp__SystemTimeToFileTime@8 1004e034     kernel32:KERNEL32.dll
 0002:00000038       __imp__QueryPerformanceCounter@4 1004e038     kernel32:KERNEL32.dll
 0002:0000003c       __imp__HeapFree@12         1004e03c     kernel32:KERNEL32.dll
 0002:00000040       __imp__WaitForSingleObject@8 1004e040     kernel32:KERNEL32.dll
 0002:00000044       __imp__InterlockedCompareExchange@12 1004e044     kernel32:KERNEL32.dll
 0002:00000048       __imp__UnlockFile@20       1004e048     kernel32:KERNEL32.dll
 0002:0000004c       __imp__LockFile@20         1004e04c     kernel32:KERNEL32.dll
 0002:00000050       __imp__OutputDebugStringW@4 1004e050     kernel32:KERNEL32.dll
 0002:00000054       __imp__GetTickCount@0      1004e054     kernel32:KERNEL32.dll
 0002:00000058       __imp__UnlockFileEx@20     1004e058     kernel32:KERNEL32.dll
 0002:0000005c       __imp__GetProcessHeap@0    1004e05c     kernel32:KERNEL32.dll
 0002:00000060       __imp__GetSystemTimeAsFileTime@4 1004e060     kernel32:KERNEL32.dll
 0002:00000064       __imp__FormatMessageA@28   1004e064     kernel32:KERNEL32.dll
 0002:00000068       __imp__WriteFile@20        1004e068     kernel32:KERNEL32.dll
 0002:0000006c       __imp__InitializeCriticalSection@4 1004e06c     kernel32:KERNEL32.dll
 0002:00000070       __imp__WideCharToMultiByte@32 1004e070     kernel32:KERNEL32.dll
 0002:00000074       __imp__LoadLibraryW@4      1004e074     kernel32:KERNEL32.dll
 0002:00000078       __imp__Sleep@4             1004e078     kernel32:KERNEL32.dll
 0002:0000007c       __imp__FormatMessageW@28   1004e07c     kernel32:KERNEL32.dll
 0002:00000080       __imp__GetVersionExW@4     1004e080     kernel32:KERNEL32.dll
 0002:00000084       __imp__HeapDestroy@4       1004e084     kernel32:KERNEL32.dll
 0002:00000088       __imp__LeaveCriticalSection@4 1004e088     kernel32:KERNEL32.dll
 0002:0000008c       __imp__GetFileAttributesA@4 1004e08c     kernel32:KERNEL32.dll
 0002:00000090       __imp__HeapCreate@12       1004e090     kernel32:KERNEL32.dll
 0002:00000094       __imp__HeapValidate@12     1004e094     kernel32:KERNEL32.dll
 0002:00000098       __imp__GetFileAttributesW@4 1004e098     kernel32:KERNEL32.dll
 0002:0000009c       __imp__ReadFile@20         1004e09c     kernel32:KERNEL32.dll
 0002:000000a0       __imp__CreateFileW@28      1004e0a0     kernel32:KERNEL32.dll
 0002:000000a4       __imp__MultiByteToWideChar@24 1004e0a4     kernel32:KERNEL32.dll
 0002:000000a8       __imp__FlushFileBuffers@4  1004e0a8     kernel32:KERNEL32.dll
 0002:000000ac       __imp__GetTempPathW@8      1004e0ac     kernel32:KERNEL32.dll
 0002:000000b0       __imp__GetLastError@0      1004e0b0     kernel32:KERNEL32.dll
 0002:000000b4       __imp__GetProcAddress@8    1004e0b4     kernel32:KERNEL32.dll
 0002:000000b8       __imp__HeapSize@12         1004e0b8     kernel32:KERNEL32.dll
 0002:000000bc       __imp__LockFileEx@24       1004e0bc     kernel32:KERNEL32.dll
 0002:000000c0       __imp__EnterCriticalSection@4 1004e0c0     kernel32:KERNEL32.dll
 0002:000000c4       __imp__GetDiskFreeSpaceW@20 1004e0c4     kernel32:KERNEL32.dll
 0002:000000c8       __imp__LoadLibraryA@4      1004e0c8     kernel32:KERNEL32.dll
 0002:000000cc       __imp__CreateFileMappingA@24 1004e0cc     kernel32:KERNEL32.dll
 0002:000000d0       __imp__CreateFileMappingW@24 1004e0d0     kernel32:KERNEL32.dll
 0002:000000d4       __imp__GetDiskFreeSpaceA@20 1004e0d4     kernel32:KERNEL32.dll
 0002:000000d8       __imp__GetSystemInfo@4     1004e0d8     kernel32:KERNEL32.dll
 0002:000000dc       __imp__GetFileAttributesExW@12 1004e0dc     kernel32:KERNEL32.dll
 0002:000000e0       __imp__DeleteCriticalSection@4 1004e0e0     kernel32:KERNEL32.dll
 0002:000000e4       __imp__OutputDebugStringA@4 1004e0e4     kernel32:KERNEL32.dll
 0002:000000e8       __imp__GetVersionExA@4     1004e0e8     kernel32:KERNEL32.dll
 0002:000000ec       __imp__CloseHandle@4       1004e0ec     kernel32:KERNEL32.dll
 0002:000000f0       __imp__DeleteFileW@4       1004e0f0     kernel32:KERNEL32.dll
 0002:000000f4       __imp__GetCurrentProcessId@0 1004e0f4     kernel32:KERNEL32.dll
 0002:000000f8       __imp__GetTempPathA@8      1004e0f8     kernel32:KERNEL32.dll
 0002:000000fc       __imp__LocalFree@4         1004e0fc     kernel32:KERNEL32.dll
 0002:00000100       __imp__GetSystemTime@4     1004e100     kernel32:KERNEL32.dll
 0002:00000104       __imp__AreFileApisANSI@0   1004e104     kernel32:KERNEL32.dll
 0002:00000108       __imp__DeleteFileA@4       1004e108     kernel32:KERNEL32.dll
 0002:0000010c       __imp__IsDebuggerPresent@0 1004e10c     kernel32:KERNEL32.dll
 0002:00000110       __imp__SetUnhandledExceptionFilter@4 1004e110     kernel32:KERNEL32.dll
 0002:00000114       __imp__UnhandledExceptionFilter@4 1004e114     kernel32:KERNEL32.dll
 0002:00000118       __imp__GetCurrentProcess@0 1004e118     kernel32:KERNEL32.dll
 0002:0000011c       __imp__TerminateProcess@8  1004e11c     kernel32:KERNEL32.dll
 0002:00000120       __imp__GetCurrentThreadId@0 1004e120     kernel32:KERNEL32.dll
 0002:00000124       __imp__DisableThreadLibraryCalls@4 1004e124     kernel32:KERNEL32.dll
 0002:00000128       __imp__InterlockedExchange@8 1004e128     kernel32:KERNEL32.dll
 0002:0000012c       \177KERNEL32_NULL_THUNK_DATA 1004e12c     kernel32:KERNEL32.dll
 0002:00000130       __imp___malloc_crt         1004e130     MSVCRT:MSVCR90.dll
 0002:00000134       __imp___encoded_null       1004e134     MSVCRT:MSVCR90.dll
 0002:00000138       __imp___decode_pointer     1004e138     MSVCRT:MSVCR90.dll
 0002:0000013c       __imp___initterm           1004e13c     MSVCRT:MSVCR90.dll
 0002:00000140       __imp___initterm_e         1004e140     MSVCRT:MSVCR90.dll
 0002:00000144       __imp___amsg_exit          1004e144     MSVCRT:MSVCR90.dll
 0002:00000148       __imp___adjust_fdiv        1004e148     MSVCRT:MSVCR90.dll
 0002:0000014c       __imp____CppXcptFilter     1004e14c     MSVCRT:MSVCR90.dll
 0002:00000150       __imp____clean_type_info_names_internal 1004e150     MSVCRT:MSVCR90.dll
 0002:00000154       __imp___unlock             1004e154     MSVCRT:MSVCR90.dll
 0002:00000158       __imp____dllonexit         1004e158     MSVCRT:MSVCR90.dll
 0002:0000015c       __imp___lock               1004e15c     MSVCRT:MSVCR90.dll
 0002:00000160       __imp___onexit             1004e160     MSVCRT:MSVCR90.dll
 0002:00000164       __imp___except_handler4_common 1004e164     MSVCRT:MSVCR90.dll
 0002:00000168       __imp___crt_debugger_hook  1004e168     MSVCRT:MSVCR90.dll
 0002:0000016c       __imp___encode_pointer     1004e16c     MSVCRT:MSVCR90.dll
 0002:00000170       __imp__realloc             1004e170     MSVCRT:MSVCR90.dll
 0002:00000174       __imp___msize              1004e174     MSVCRT:MSVCR90.dll
 0002:00000178       __imp___localtime64_s      1004e178     MSVCRT:MSVCR90.dll
 0002:0000017c       __imp__malloc              1004e17c     MSVCRT:MSVCR90.dll
 0002:00000180       __imp__free                1004e180     MSVCRT:MSVCR90.dll
 0002:00000184       __imp__strncmp             1004e184     MSVCRT:MSVCR90.dll
 0002:00000188       __imp__memmove             1004e188     MSVCRT:MSVCR90.dll
 0002:0000018c       __imp__memcpy              1004e18c     MSVCRT:MSVCR90.dll
 0002:00000190       __imp__memset              1004e190     MSVCRT:MSVCR90.dll
 0002:00000194       \177MSVCR90_NULL_THUNK_DATA 1004e194     MSVCRT:MSVCR90.dll
 0002:00000198       ___xc_a                    1004e198     MSVCRT:cinitexe.obj
 0002:0000019c       ___xc_z                    1004e19c     MSVCRT:cinitexe.obj
 0002:000001a0       ___xi_a                    1004e1a0     MSVCRT:cinitexe.obj
 0002:000001ac       ___xi_z                    1004e1ac     MSVCRT:cinitexe.obj
 0002:000001b0       __pRawDllMain              1004e1b0     MSVCRT:crtdll.obj
 0002:000001b0       __pDefaultRawDllMain       1004e1b0     MSVCRT:crtdll.obj
 0002:000001bc       ??_C@_0CP@DMLOGJAI@DELETE?5FROM?5?8?$CFq?8?4?8?$CFq_parent?8?5WHE@ 1004e1bc     sqlite3.obj
 0002:000001ec       ??_C@_0DH@IPNBEOMK@INSERT?5OR?5REPLACE?5INTO?5?8?$CFq?8?4?8?$CFq_@ 1004e1ec     sqlite3.obj
 0002:00000224       ??_C@_0DK@LBKGHCLI@SELECT?5parentnode?5FROM?5?8?$CFq?8?4?8?$CFq_@ 1004e224     sqlite3.obj
 0002:00000260       ??_C@_0CN@JLLIJKKP@DELETE?5FROM?5?8?$CFq?8?4?8?$CFq_rowid?8?5WHER@ 1004e260     sqlite3.obj
 0002:00000290       ??_C@_0DG@OPBLMGLD@INSERT?5OR?5REPLACE?5INTO?5?8?$CFq?8?4?8?$CFq_@ 1004e290     sqlite3.obj
 0002:000002c8       ??_C@_0DE@NMCAHMCK@SELECT?5nodeno?5FROM?5?8?$CFq?8?4?8?$CFq_rowi@ 1004e2c8     sqlite3.obj
 0002:000002fc       ??_C@_0CN@NJAIPDIA@DELETE?5FROM?5?8?$CFq?8?4?8?$CFq_node?8?5WHERE@ 1004e2fc     sqlite3.obj
 0002:0000032c       ??_C@_0DF@HGBHOIBO@INSERT?5OR?5REPLACE?5INTO?5?8?$CFq?8?4?8?$CFq_@ 1004e32c     sqlite3.obj
 0002:00000364       ??_C@_0DC@LADEDDNO@SELECT?5data?5FROM?5?8?$CFq?8?4?8?$CFq_node?8?5@ 1004e364     sqlite3.obj
 0002:00000398       ??_C@_03ODAOEF@rwc?$AA@    1004e398     sqlite3.obj
 0002:0000039c       ??_C@_02DHLFHFOC@rw?$AA@   1004e39c     sqlite3.obj
 0002:000003a0       ??_C@_02LFKOONLL@ro?$AA@   1004e3a0     sqlite3.obj
 0002:000003a4       ??_C@_07NMPLPEPB@private?$AA@ 1004e3a4     sqlite3.obj
 0002:000003ac       ??_C@_06HBFNPGIC@shared?$AA@ 1004e3ac     sqlite3.obj
 0002:000003b4       ??_C@_0CH@JKOMOHHH@file?5is?5encrypted?5or?5is?5not?5a?5da@ 1004e3b4     sqlite3.obj
 0002:000003dc       ??_C@_0CC@OHMKLHEA@bind?5or?5column?5index?5out?5of?5rang@ 1004e3dc     sqlite3.obj
 0002:00000400       ??_C@_0CA@DBBJFBEG@auxiliary?5database?5format?5error?$AA@ 1004e400     sqlite3.obj
 0002:00000420       ??_C@_0BF@LMCDAPDN@authorization?5denied?$AA@ 1004e420     sqlite3.obj
 0002:00000438       ??_C@_0BP@GMDPJID@large?5file?5support?5is?5disabled?$AA@ 1004e438     sqlite3.obj
 0002:00000458       ??_C@_0CH@GCDGLLPA@library?5routine?5called?5out?5of?5se@ 1004e458     sqlite3.obj
 0002:00000480       ??_C@_0BC@FILINGOB@datatype?5mismatch?$AA@ 1004e480     sqlite3.obj
 0002:00000494       ??_C@_0BC@IFKPGMGK@constraint?5failed?$AA@ 1004e494     sqlite3.obj
 0002:000004a8       ??_C@_0BH@OCNELEJF@table?5contains?5no?5data?$AA@ 1004e4a8     sqlite3.obj
 0002:000004c0       ??_C@_0BB@MCPOJJBB@locking?5protocol?$AA@ 1004e4c0     sqlite3.obj
 0002:000004d4       ??_C@_0BN@JLONMGIA@unable?5to?5open?5database?5file?$AA@ 1004e4d4     sqlite3.obj
 0002:000004f4       ??_C@_0BJ@GDNBBAEL@database?5or?5disk?5is?5full?$AA@ 1004e4f4     sqlite3.obj
 0002:00000510       ??_C@_0BC@BDMDPLFD@unknown?5operation?$AA@ 1004e510     sqlite3.obj
 0002:00000524       ??_C@_0CB@ONDDCPGK@database?5disk?5image?5is?5malformed@ 1004e524     sqlite3.obj
 0002:00000548       ??_C@_0P@FOPPKBJH@disk?5I?1O?5error?$AA@ 1004e548     sqlite3.obj
 0002:00000558       ??_C@_0M@EGEKIIMP@interrupted?$AA@ 1004e558     sqlite3.obj
 0002:00000564       ??_C@_0CF@JBLJEMGC@attempt?5to?5write?5a?5readonly?5data@ 1004e564     sqlite3.obj
 0002:0000058c       ??_C@_0BJ@DNPONIEG@database?5table?5is?5locked?$AA@ 1004e58c     sqlite3.obj
 0002:000005a8       ??_C@_0BD@DAAAMHOI@database?5is?5locked?$AA@ 1004e5a8     sqlite3.obj
 0002:000005bc       ??_C@_0BP@BFMDEDKN@callback?5requested?5query?5abort?$AA@ 1004e5bc     sqlite3.obj
 0002:000005dc       ??_C@_0BJ@OFHFLJKH@access?5permission?5denied?$AA@ 1004e5dc     sqlite3.obj
 0002:000005f8       ??_C@_0CE@BCMAPMOL@SQL?5logic?5error?5or?5missing?5datab@ 1004e5f8     sqlite3.obj
 0002:0000061c       ??_C@_0N@FKKFHCIB@not?5an?5error?$AA@ 1004e61c     sqlite3.obj
 0002:0000062c       ??_C@_06EENFNEPD@detail?$AA@ 1004e62c     sqlite3.obj
 0002:00000634       ??_C@_05NDNMCCJH@order?$AA@ 1004e634     sqlite3.obj
 0002:0000063c       ??_C@_08CAKEGGLM@selectid?$AA@ 1004e63c     sqlite3.obj
 0002:00000648       ??_C@_07GJGNEJFD@comment?$AA@ 1004e648     sqlite3.obj
 0002:00000650       ??_C@_02PGHOIMAL@p5?$AA@   1004e650     sqlite3.obj
 0002:00000654       ??_C@_02OPGFLNEK@p4?$AA@   1004e654     sqlite3.obj
 0002:00000658       ??_C@_02KACECLIN@p3?$AA@   1004e658     sqlite3.obj
 0002:0000065c       ??_C@_02LJDPBKMM@p2?$AA@   1004e65c     sqlite3.obj
 0002:00000660       ??_C@_02JCBCEJAP@p1?$AA@   1004e660     sqlite3.obj
 0002:00000664       ??_C@_06POMMAHJK@opcode?$AA@ 1004e664     sqlite3.obj
 0002:0000066c       ??_C@_04HLBMEOMD@addr?$AA@ 1004e66c     sqlite3.obj
 0002:00000674       ??_C@_05MNCHLHCA@UTF16?$AA@ 1004e674     sqlite3.obj
 0002:0000067c       ??_C@_06KNDPGIKI@UTF?916?$AA@ 1004e67c     sqlite3.obj
 0002:00000684       ??_C@_07JDFIEPAG@UTF16be?$AA@ 1004e684     sqlite3.obj
 0002:0000068c       ??_C@_07JJMGGCAM@UTF16le?$AA@ 1004e68c     sqlite3.obj
 0002:00000694       ??_C@_08HGGOPCBI@UTF?916be?$AA@ 1004e694     sqlite3.obj
 0002:000006a0       ??_C@_08HMPANPBC@UTF?916le?$AA@ 1004e6a0     sqlite3.obj
 0002:000006ac       ??_C@_05EGJIMALK@UTF?98?$AA@ 1004e6ac     sqlite3.obj
 0002:000006b4       ??_C@_04OOMJJNCF@UTF8?$AA@ 1004e6b4     sqlite3.obj
 0002:000006bc       ??_C@_03KIAODNHK@wal?$AA@  1004e6bc     sqlite3.obj
 0002:000006c0       ??_C@_08MABILMFG@truncate?$AA@ 1004e6c0     sqlite3.obj
 0002:000006cc       ??_C@_03MCADLMAF@off?$AA@  1004e6cc     sqlite3.obj
 0002:000006d0       ??_C@_07EMFBDGOD@persist?$AA@ 1004e6d0     sqlite3.obj
 0002:000006d8       ??_C@_06FOBLBEIN@delete?$AA@ 1004e6d8     sqlite3.obj
 0002:000006e0       ??_C@_0BA@OHBCLCAL@writable_schema?$AA@ 1004e6e0     sqlite3.obj
 0002:000006f0       ??_C@_0P@OLFGCBDE@wal_checkpoint?$AA@ 1004e6f0     sqlite3.obj
 0002:00000700       ??_C@_0BD@JPABJEAI@wal_autocheckpoint?$AA@ 1004e700     sqlite3.obj
 0002:00000714       ??_C@_0N@MPKCHLKL@user_version?$AA@ 1004e714     sqlite3.obj
 0002:00000724       ??_C@_0BF@OPALIJKE@temp_store_directory?$AA@ 1004e724     sqlite3.obj
 0002:0000073c       ??_C@_0L@JEPCDDIC@temp_store?$AA@ 1004e73c     sqlite3.obj
 0002:00000748       ??_C@_0L@NEMFJAGM@table_info?$AA@ 1004e748     sqlite3.obj
 0002:00000754       ??_C@_0M@GKGFOGDE@synchronous?$AA@ 1004e754     sqlite3.obj
 0002:00000760       ??_C@_05BLKJBNOD@stats?$AA@ 1004e760     sqlite3.obj
 0002:00000768       ??_C@_0BA@HCOALODB@soft_heap_limit?$AA@ 1004e768     sqlite3.obj
 0002:00000778       ??_C@_0O@ILHLPNHH@shrink_memory?$AA@ 1004e778     sqlite3.obj
 0002:00000788       ??_C@_0BD@BFIEDLEP@short_column_names?$AA@ 1004e788     sqlite3.obj
 0002:0000079c       ??_C@_0O@CPOJHNIK@secure_delete?$AA@ 1004e79c     sqlite3.obj
 0002:000007ac       ??_C@_0P@JGMMHBPP@schema_version?$AA@ 1004e7ac     sqlite3.obj
 0002:000007bc       ??_C@_0BK@ECMFJINF@reverse_unordered_selects?$AA@ 1004e7bc     sqlite3.obj
 0002:000007d8       ??_C@_0BD@IAMNLMFM@recursive_triggers?$AA@ 1004e7d8     sqlite3.obj
 0002:000007ec       ??_C@_0BB@KLHJNGLH@read_uncommitted?$AA@ 1004e7ec     sqlite3.obj
 0002:00000800       ??_C@_0M@EDPCDMIO@quick_check?$AA@ 1004e800     sqlite3.obj
 0002:0000080c       ??_C@_0L@LILGGAHH@query_only?$AA@ 1004e80c     sqlite3.obj
 0002:00000818       ??_C@_09OGOMKHMG@page_size?$AA@ 1004e818     sqlite3.obj
 0002:00000824       ??_C@_0L@OBBCDPFM@page_count?$AA@ 1004e824     sqlite3.obj
 0002:00000830       ??_C@_09CBABOEGE@mmap_size?$AA@ 1004e830     sqlite3.obj
 0002:0000083c       ??_C@_0P@FMLMLOHD@max_page_count?$AA@ 1004e83c     sqlite3.obj
 0002:0000084c       ??_C@_0N@NOOMDJH@locking_mode?$AA@ 1004e84c     sqlite3.obj
 0002:0000085c       ??_C@_0BD@LEFOEGBK@legacy_file_format?$AA@ 1004e85c     sqlite3.obj
 0002:00000870       ??_C@_0BD@MCBLCGGI@journal_size_limit?$AA@ 1004e870     sqlite3.obj
 0002:00000884       ??_C@_0N@IPLFJDHP@journal_mode?$AA@ 1004e884     sqlite3.obj
 0002:00000894       ??_C@_0BA@EDNFHOBJ@integrity_check?$AA@ 1004e894     sqlite3.obj
 0002:000008a4       ??_C@_0L@MMBMMAEK@index_list?$AA@ 1004e8a4     sqlite3.obj
 0002:000008b0       ??_C@_0L@CKPANNIC@index_info?$AA@ 1004e8b0     sqlite3.obj
 0002:000008bc       ??_C@_0BD@IEMDKFHA@incremental_vacuum?$AA@ 1004e8bc     sqlite3.obj
 0002:000008d0       ??_C@_0BJ@KLIMENGM@ignore_check_constraints?$AA@ 1004e8d0     sqlite3.obj
 0002:000008ec       ??_C@_09MLJLLBEB@fullfsync?$AA@ 1004e8ec     sqlite3.obj
 0002:000008f8       ??_C@_0BC@CBBNFKC@full_column_names?$AA@ 1004e8f8     sqlite3.obj
 0002:0000090c       ??_C@_0P@GDKICNML@freelist_count?$AA@ 1004e90c     sqlite3.obj
 0002:0000091c       ??_C@_0N@CEEMEAMB@foreign_keys?$AA@ 1004e91c     sqlite3.obj
 0002:0000092c       ??_C@_0BB@KJMCGNAI@foreign_key_list?$AA@ 1004e92c     sqlite3.obj
 0002:00000940       ??_C@_0BC@CIFGNOOA@foreign_key_check?$AA@ 1004e940     sqlite3.obj
 0002:00000954       ??_C@_08MLPGAEIK@encoding?$AA@ 1004e954     sqlite3.obj
 0002:00000960       ??_C@_0BH@CMLDBHJP@empty_result_callbacks?$AA@ 1004e960     sqlite3.obj
 0002:00000978       ??_C@_0BD@DIGJFFIE@defer_foreign_keys?$AA@ 1004e978     sqlite3.obj
 0002:0000098c       ??_C@_0BD@EMJOENCP@default_cache_size?$AA@ 1004e98c     sqlite3.obj
 0002:000009a0       ??_C@_0O@EBMNDACF@database_list?$AA@ 1004e9a0     sqlite3.obj
 0002:000009b0       ??_C@_0BF@OGPCDMDP@data_store_directory?$AA@ 1004e9b0     sqlite3.obj
 0002:000009c8       ??_C@_0O@PEBBJPHD@count_changes?$AA@ 1004e9c8     sqlite3.obj
 0002:000009d8       ??_C@_0BA@CFJEIIDP@compile_options?$AA@ 1004e9d8     sqlite3.obj
 0002:000009e8       ??_C@_0P@KOJNIGCH@collation_list?$AA@ 1004e9e8     sqlite3.obj
 0002:000009f8       ??_C@_0BF@IOJNJBPA@checkpoint_fullfsync?$AA@ 1004e9f8     sqlite3.obj
 0002:00000a10       ??_C@_0BE@LKBHCIHN@case_sensitive_like?$AA@ 1004ea10     sqlite3.obj
 0002:00000a24       ??_C@_0M@GAIOFEBI@cache_spill?$AA@ 1004ea24     sqlite3.obj
 0002:00000a30       ??_C@_0L@JIGNFOJJ@cache_size?$AA@ 1004ea30     sqlite3.obj
 0002:00000a3c       ??_C@_0N@ELBKLHHC@busy_timeout?$AA@ 1004ea3c     sqlite3.obj
 0002:00000a4c       ??_C@_0BA@NMINPKHE@automatic_index?$AA@ 1004ea4c     sqlite3.obj
 0002:00000a5c       ??_C@_0M@ENMLGDH@auto_vacuum?$AA@ 1004ea5c     sqlite3.obj
 0002:00000a68       ??_C@_0P@MIBGKNHF@application_id?$AA@ 1004ea68     sqlite3.obj
 0002:00000a78       ??_C@_03OCHKFGFI@dll?$AA@  1004ea78     sqlite3.obj
 0002:00000a7c       ??_C@_0N@KKLIBDFO@group_concat?$AA@ 1004ea7c     sqlite3.obj
 0002:00000a8c       ??_C@_05IOMEMJEC@count?$AA@ 1004ea8c     sqlite3.obj
 0002:00000a94       ??_C@_03CHOBFJAH@avg?$AA@  1004ea94     sqlite3.obj
 0002:00000a98       ??_C@_05KBOMEDGA@total?$AA@ 1004ea98     sqlite3.obj
 0002:00000aa0       ??_C@_03CFFIJAMA@sum?$AA@  1004eaa0     sqlite3.obj
 0002:00000aa4       ??_C@_0P@BJKPICNH@load_extension?$AA@ 1004eaa4     sqlite3.obj
 0002:00000ab4       ??_C@_08OAGHJJOG@zeroblob?$AA@ 1004eab4     sqlite3.obj
 0002:00000ac0       ??_C@_07CLEHDIEJ@replace?$AA@ 1004eac0     sqlite3.obj
 0002:00000ac8       ??_C@_0O@MLEKHAGK@total_changes?$AA@ 1004eac8     sqlite3.obj
 0002:00000ad8       ??_C@_07HFLFHMNL@changes?$AA@ 1004ead8     sqlite3.obj
 0002:00000ae0       ??_C@_0BC@EKKKCJJE@last_insert_rowid?$AA@ 1004eae0     sqlite3.obj
 0002:00000af4       ??_C@_05JHEGFHLM@quote?$AA@ 1004eaf4     sqlite3.obj
 0002:00000afc       ??_C@_0BJ@BHKPGCCL@sqlite_compileoption_get?$AA@ 1004eafc     sqlite3.obj
 0002:00000b18       ??_C@_0BK@NPIMPNGH@sqlite_compileoption_used?$AA@ 1004eb18     sqlite3.obj
 0002:00000b34       ??_C@_0L@HNFKFGGK@sqlite_log?$AA@ 1004eb34     sqlite3.obj
 0002:00000b40       ??_C@_0BB@HPCCOLJC@sqlite_source_id?$AA@ 1004eb40     sqlite3.obj
 0002:00000b54       ??_C@_0P@IPDPEBN@sqlite_version?$AA@ 1004eb54     sqlite3.obj
 0002:00000b64       ??_C@_06LLGGGFDC@nullif?$AA@ 1004eb64     sqlite3.obj
 0002:00000b6c       ??_C@_0L@IDMFPHDO@randomblob?$AA@ 1004eb6c     sqlite3.obj
 0002:00000b78       ??_C@_06NLFCANPD@random?$AA@ 1004eb78     sqlite3.obj
 0002:00000b80       ??_C@_0L@EOIJFFJE@likelihood?$AA@ 1004eb80     sqlite3.obj
 0002:00000b8c       ??_C@_08FIGEBGNH@unlikely?$AA@ 1004eb8c     sqlite3.obj
 0002:00000b98       ??_C@_06FAHGEKJN@ifnull?$AA@ 1004eb98     sqlite3.obj
 0002:00000ba0       ??_C@_03IJNDAFDK@hex?$AA@  1004eba0     sqlite3.obj
 0002:00000ba4       ??_C@_08FNGHHBID@coalesce?$AA@ 1004eba4     sqlite3.obj
 0002:00000bb0       ??_C@_05IPJEPLHL@lower?$AA@ 1004ebb0     sqlite3.obj
 0002:00000bb8       ??_C@_05NECKJAMC@upper?$AA@ 1004ebb8     sqlite3.obj
 0002:00000bc0       ??_C@_05MIMAKCN@round?$AA@ 1004ebc0     sqlite3.obj
 0002:00000bc8       ??_C@_03BCGAIFPO@abs?$AA@  1004ebc8     sqlite3.obj
 0002:00000bcc       ??_C@_04ENMBGAPA@char?$AA@ 1004ebcc     sqlite3.obj
 0002:00000bd4       ??_C@_07GAJMMAJO@unicode?$AA@ 1004ebd4     sqlite3.obj
 0002:00000bdc       ??_C@_06DAHFIGOC@substr?$AA@ 1004ebdc     sqlite3.obj
 0002:00000be4       ??_C@_05HALPBNGI@instr?$AA@ 1004ebe4     sqlite3.obj
 0002:00000bec       ??_C@_06IJDLPEM@length?$AA@ 1004ebec     sqlite3.obj
 0002:00000bf4       ??_C@_06NDJPCPHC@typeof?$AA@ 1004ebf4     sqlite3.obj
 0002:00000bfc       ??_C@_03LJAEFNNE@max?$AA@  1004ebfc     sqlite3.obj
 0002:00000c00       ??_C@_03KLIPLJLL@min?$AA@  1004ec00     sqlite3.obj
 0002:00000c04       ??_C@_04GDOMMDLP@trim?$AA@ 1004ec04     sqlite3.obj
 0002:00000c0c       ??_C@_05FCOGDJML@rtrim?$AA@ 1004ec0c     sqlite3.obj
 0002:00000c14       ??_C@_05GLDKFKCA@ltrim?$AA@ 1004ec14     sqlite3.obj
 0002:00000c1c       ??_C@_01CLKCMJKC@?5?$AA@   1004ec1c     sqlite3.obj
 0002:00000c20       ??_C@_07LDDIIHCM@RELEASE?$AA@ 1004ec20     sqlite3.obj
 0002:00000c28       ??_C@_05IKBMIIDA@?5REAL?$AA@ 1004ec28     sqlite3.obj
 0002:00000c30       ??_C@_04LKNDAIML@?5INT?$AA@ 1004ec30     sqlite3.obj
 0002:00000c38       ??_C@_04KMHHNFPL@?5NUM?$AA@ 1004ec38     sqlite3.obj
 0002:00000c40       ??_C@_05JELAHNDG@?5TEXT?$AA@ 1004ec40     sqlite3.obj
 0002:00000c48       ??_C@_0O@GJLGHGMJ@sqlite_attach?$AA@ 1004ec48     sqlite3.obj
 0002:00000c58       ??_C@_0O@PDAEIIFA@sqlite_detach?$AA@ 1004ec58     sqlite3.obj
 0002:00000c68       ??_C@_08FMENKBDE@stat_get?$AA@ 1004ec68     sqlite3.obj
 0002:00000c74       ??_C@_09LFKFCDD@stat_push?$AA@ 1004ec74     sqlite3.obj
 0002:00000c80       ??_C@_09BGHEAMKF@stat_init?$AA@ 1004ec80     sqlite3.obj
 0002:00000c8c       ??_C@_0N@DFBDHAMM@sqlite_stat4?$AA@ 1004ec8c     sqlite3.obj
 0002:00000c9c       ??_C@_0N@HKFCOGAL@sqlite_stat3?$AA@ 1004ec9c     sqlite3.obj
 0002:00000cac       ??_C@_0N@BCOBMINH@tbl?0idx?0stat?$AA@ 1004ecac     sqlite3.obj
 0002:00000cbc       ??_C@_0N@EIGEIEIJ@sqlite_stat1?$AA@ 1004ecbc     sqlite3.obj
 0002:00000ccc       ??_C@_0BF@CIKMGNA@sqlite_rename_parent?$AA@ 1004eccc     sqlite3.obj
 0002:00000ce4       ??_C@_0BG@DKJJOMDK@sqlite_rename_trigger?$AA@ 1004ece4     sqlite3.obj
 0002:00000cfc       ??_C@_0BE@JHJAJICL@sqlite_rename_table?$AA@ 1004ecfc     sqlite3.obj
 0002:00000d10       ??_C@_0M@CFPAHGLH@FOREIGN?5KEY?$AA@ 1004ed10     sqlite3.obj
 0002:00000d1c       ??_C@_05GCOJDIEO@CHECK?$AA@ 1004ed1c     sqlite3.obj
 0002:00000d24       ??_C@_06OHAHIIGJ@UNIQUE?$AA@ 1004ed24     sqlite3.obj
 0002:00000d2c       ??_C@_08BBHBEGAC@NOT?5NULL?$AA@ 1004ed2c     sqlite3.obj
 0002:00000d38       ??_C@_0P@DDINIIBH@win32?9longpath?$AA@ 1004ed38     sqlite3.obj
 0002:00000d48       ??_C@_0BJ@EKFPCGJA@CreateFileMappingFromApp?$AA@ 1004ed48     sqlite3.obj
 0002:00000d64       ??_C@_0P@BOLOPLNF@GetProcessHeap?$AA@ 1004ed64     sqlite3.obj
 0002:00000d74       ??_C@_0BD@JHPCPJIF@OutputDebugStringW?$AA@ 1004ed74     sqlite3.obj
 0002:00000d88       ??_C@_0BD@ILGKEMFC@OutputDebugStringA?$AA@ 1004ed88     sqlite3.obj
 0002:00000d9c       ??_C@_0BE@HLKFLAJF@GetNativeSystemInfo?$AA@ 1004ed9c     sqlite3.obj
 0002:00000db0       ??_C@_0P@CDHHOHKP@GetTickCount64?$AA@ 1004edb0     sqlite3.obj
 0002:00000dc0       ??_C@_0BE@GMOAPDKA@LoadPackagedLibrary?$AA@ 1004edc0     sqlite3.obj
 0002:00000dd4       ??_C@_0M@HHGEPIBF@CreateFile2?$AA@ 1004edd4     sqlite3.obj
 0002:00000de0       ??_C@_0BF@ECJCKDGL@MapViewOfFileFromApp?$AA@ 1004ede0     sqlite3.obj
 0002:00000df8       ??_C@_0BN@NEEHBBPO@GetFileInformationByHandleEx?$AA@ 1004edf8     sqlite3.obj
 0002:00000e18       ??_C@_0BB@GDGABGCO@SetFilePointerEx?$AA@ 1004ee18     sqlite3.obj
 0002:00000e2c       ??_C@_0BG@IFNJHLEG@WaitForSingleObjectEx?$AA@ 1004ee2c     sqlite3.obj
 0002:00000e44       ??_C@_0BE@CLKLPNNG@WaitForSingleObject?$AA@ 1004ee44     sqlite3.obj
 0002:00000e58       ??_C@_0P@DLHPPCNH@CreateEventExW?$AA@ 1004ee58     sqlite3.obj
 0002:00000e68       ??_C@_09NOIIIIGM@WriteFile?$AA@ 1004ee68     sqlite3.obj
 0002:00000e74       ??_C@_0BE@LJADKLBD@WideCharToMultiByte?$AA@ 1004ee74     sqlite3.obj
 0002:00000e88       ??_C@_0BA@GLKNLELN@UnmapViewOfFile?$AA@ 1004ee88     sqlite3.obj
 0002:00000e98       ??_C@_0N@HOKNOHPO@UnlockFileEx?$AA@ 1004ee98     sqlite3.obj
 0002:00000ea8       ??_C@_0L@PBJENKDG@UnlockFile?$AA@ 1004eea8     sqlite3.obj
 0002:00000eb4       ??_C@_0BF@HBHGIPOG@SystemTimeToFileTime?$AA@ 1004eeb4     sqlite3.obj
 0002:00000ecc       ??_C@_05PFDOMJEF@Sleep?$AA@ 1004eecc     sqlite3.obj
 0002:00000ed4       ??_C@_0P@HKHKGCLN@SetFilePointer?$AA@ 1004eed4     sqlite3.obj
 0002:00000ee4       ??_C@_0N@KGGGLBCJ@SetEndOfFile?$AA@ 1004eee4     sqlite3.obj
 0002:00000ef4       ??_C@_08KLCHJOKF@ReadFile?$AA@ 1004eef4     sqlite3.obj
 0002:00000f00       ??_C@_0BI@LFICGGHO@QueryPerformanceCounter?$AA@ 1004ef00     sqlite3.obj
 0002:00000f18       ??_C@_0BE@HCIKGJGE@MultiByteToWideChar?$AA@ 1004ef18     sqlite3.obj
 0002:00000f2c       ??_C@_0O@IGIELGBD@MapViewOfFile?$AA@ 1004ef2c     sqlite3.obj
 0002:00000f3c       ??_C@_0L@EJAEKEDD@LockFileEx?$AA@ 1004ef3c     sqlite3.obj
 0002:00000f48       ??_C@_08DICMLIHC@LockFile?$AA@ 1004ef48     sqlite3.obj
 0002:00000f54       ??_C@_09FHKJECCN@LocalFree?$AA@ 1004ef54     sqlite3.obj
 0002:00000f60       ??_C@_0N@KCFDJLIF@LoadLibraryW?$AA@ 1004ef60     sqlite3.obj
 0002:00000f70       ??_C@_0N@LOMLCOFC@LoadLibraryA?$AA@ 1004ef70     sqlite3.obj
 0002:00000f80       ??_C@_0M@EIEMDCNL@HeapCompact?$AA@ 1004ef80     sqlite3.obj
 0002:00000f8c       ??_C@_0N@BKFJNCJM@HeapValidate?$AA@ 1004ef8c     sqlite3.obj
 0002:00000f9c       ??_C@_08LKCFNBPH@HeapSize?$AA@ 1004ef9c     sqlite3.obj
 0002:00000fa8       ??_C@_0M@HHKAEGMB@HeapReAlloc?$AA@ 1004efa8     sqlite3.obj
 0002:00000fb4       ??_C@_08ICEHPNNG@HeapFree?$AA@ 1004efb4     sqlite3.obj
 0002:00000fc0       ??_C@_0M@NELNNOPP@HeapDestroy?$AA@ 1004efc0     sqlite3.obj
 0002:00000fcc       ??_C@_0L@ICEGIJOB@HeapCreate?$AA@ 1004efcc     sqlite3.obj
 0002:00000fd8       ??_C@_09JDKINLHP@HeapAlloc?$AA@ 1004efd8     sqlite3.obj
 0002:00000fe4       ??_C@_0O@KHLDIKFN@GetVersionExW?$AA@ 1004efe4     sqlite3.obj
 0002:00000ff4       ??_C@_0O@LLCLDPIK@GetVersionExA?$AA@ 1004eff4     sqlite3.obj
 0002:00001004       ??_C@_0N@JOMACIEF@GetTickCount?$AA@ 1004f004     sqlite3.obj
 0002:00001014       ??_C@_0N@DAENKDLF@GetTempPathW?$AA@ 1004f014     sqlite3.obj
 0002:00001024       ??_C@_0N@CMNFBGGC@GetTempPathA?$AA@ 1004f024     sqlite3.obj
 0002:00001034       ??_C@_0BI@ENMDHCMK@GetSystemTimeAsFileTime?$AA@ 1004f034     sqlite3.obj
 0002:0000104c       ??_C@_0O@IKEIBEBH@GetSystemTime?$AA@ 1004f04c     sqlite3.obj
 0002:0000105c       ??_C@_0O@HJFFHIPG@GetSystemInfo?$AA@ 1004f05c     sqlite3.obj
 0002:0000106c       ??_C@_0BA@EJGIKKLP@GetProcAddressA?$AA@ 1004f06c     sqlite3.obj
 0002:0000107c       ??_C@_0N@HICKNDGL@GetLastError?$AA@ 1004f07c     sqlite3.obj
 0002:0000108c       ??_C@_0BB@GMCPPICF@GetFullPathNameW?$AA@ 1004f08c     sqlite3.obj
 0002:000010a0       ??_C@_0BB@HALHENPC@GetFullPathNameA?$AA@ 1004f0a0     sqlite3.obj
 0002:000010b4       ??_C@_0M@BAICHOOE@GetFileSize?$AA@ 1004f0b4     sqlite3.obj
 0002:000010c0       ??_C@_0BF@JODNCFOA@GetFileAttributesExW?$AA@ 1004f0c0     sqlite3.obj
 0002:000010d8       ??_C@_0BD@CFFEJJPG@GetFileAttributesW?$AA@ 1004f0d8     sqlite3.obj
 0002:000010ec       ??_C@_0BD@DJMMCMCB@GetFileAttributesA?$AA@ 1004f0ec     sqlite3.obj
 0002:00001100       ??_C@_0BC@BOCPGOAP@GetDiskFreeSpaceW?$AA@ 1004f100     sqlite3.obj
 0002:00001114       ??_C@_0BC@CLHNLNI@GetDiskFreeSpaceA?$AA@ 1004f114     sqlite3.obj
 0002:00001128       ??_C@_0BE@BEODBHKD@GetCurrentProcessId?$AA@ 1004f128     sqlite3.obj
 0002:0000113c       ??_C@_0M@FACAOGOA@FreeLibrary?$AA@ 1004f13c     sqlite3.obj
 0002:00001148       ??_C@_0P@EGGMAMDC@FormatMessageW?$AA@ 1004f148     sqlite3.obj
 0002:00001158       ??_C@_0P@FKPELJOF@FormatMessageA?$AA@ 1004f158     sqlite3.obj
 0002:00001168       ??_C@_0BB@MOGECGEP@FlushFileBuffers?$AA@ 1004f168     sqlite3.obj
 0002:0000117c       ??_C@_0BF@KPJNHALE@FileTimeToSystemTime?$AA@ 1004f17c     sqlite3.obj
 0002:00001194       ??_C@_0BI@EKFDIGHI@FileTimeToLocalFileTime?$AA@ 1004f194     sqlite3.obj
 0002:000011ac       ??_C@_0M@DNECCFPG@DeleteFileW?$AA@ 1004f1ac     sqlite3.obj
 0002:000011b8       ??_C@_0M@CBNKJACB@DeleteFileA?$AA@ 1004f1b8     sqlite3.obj
 0002:000011c4       ??_C@_0N@MDNOAJMP@CreateMutexW?$AA@ 1004f1c4     sqlite3.obj
 0002:000011d4       ??_C@_0BD@HFNFJDEE@CreateFileMappingW?$AA@ 1004f1d4     sqlite3.obj
 0002:000011e8       ??_C@_0BD@GJENCGJD@CreateFileMappingA?$AA@ 1004f1e8     sqlite3.obj
 0002:000011fc       ??_C@_0M@GPOOGHPH@CreateFileW?$AA@ 1004f1fc     sqlite3.obj
 0002:00001208       ??_C@_0M@HDHGNCCA@CreateFileA?$AA@ 1004f208     sqlite3.obj
 0002:00001214       ??_C@_0M@JHJNLFGC@CloseHandle?$AA@ 1004f214     sqlite3.obj
 0002:00001220       ??_C@_0L@JBOFCNPB@CharUpperW?$AA@ 1004f220     sqlite3.obj
 0002:0000122c       ??_C@_0L@CDADJILC@CharLowerW?$AA@ 1004f22c     sqlite3.obj
 0002:00001238       ??_C@_0BA@FHFNEAED@AreFileApisANSI?$AA@ 1004f238     sqlite3.obj
 0002:00001248       ??_C@_07EMCFMDDO@Explain?$AA@ 1004f248     sqlite3.obj
 0002:00001250       ??_C@_04NBOPPMHE@Noop?$AA@ 1004f250     sqlite3.obj
 0002:00001258       ??_C@_05ILLBNNOP@Trace?$AA@ 1004f258     sqlite3.obj
 0002:00001260       ??_C@_08PCPIJAPH@MaxPgcnt?$AA@ 1004f260     sqlite3.obj
 0002:0000126c       ??_C@_09CNCANJNI@Pagecount?$AA@ 1004f26c     sqlite3.obj
 0002:00001278       ??_C@_07BIPKCCHL@VRename?$AA@ 1004f278     sqlite3.obj
 0002:00001280       ??_C@_06ICNNEOIM@ToReal?$AA@ 1004f280     sqlite3.obj
 0002:00001288       ??_C@_05CNEGLJEO@ToInt?$AA@ 1004f288     sqlite3.obj
 0002:00001290       ??_C@_09IAEPJEPI@ToNumeric?$AA@ 1004f290     sqlite3.obj
 0002:0000129c       ??_C@_06LCIJGAA@ToBlob?$AA@ 1004f29c     sqlite3.obj
 0002:000012a4       ??_C@_06JMHBLLIK@ToText?$AA@ 1004f2a4     sqlite3.obj
 0002:000012ac       ??_C@_05GOGANBLF@VNext?$AA@ 1004f2ac     sqlite3.obj
 0002:000012b4       ??_C@_07DOIHNMAE@VColumn?$AA@ 1004f2b4     sqlite3.obj
 0002:000012bc       ??_C@_05JABEJFFA@VOpen?$AA@ 1004f2bc     sqlite3.obj
 0002:000012c4       ??_C@_08JBEDGDCN@VDestroy?$AA@ 1004f2c4     sqlite3.obj
 0002:000012d0       ??_C@_07KDKHCOMM@VCreate?$AA@ 1004f2d0     sqlite3.obj
 0002:000012d8       ??_C@_06CLFNNGGK@VBegin?$AA@ 1004f2d8     sqlite3.obj
 0002:000012e0       ??_C@_09FDKNKOOK@TableLock?$AA@ 1004f2e0     sqlite3.obj
 0002:000012ec       ??_C@_06GDNCIOGJ@Expire?$AA@ 1004f2ec     sqlite3.obj
 0002:000012f4       ??_C@_0L@POHPJECG@IncrVacuum?$AA@ 1004f2f4     sqlite3.obj
 0002:00001300       ??_C@_08FCKHNOBN@AggFinal?$AA@ 1004f300     sqlite3.obj
 0002:0000130c       ??_C@_04PHKLBGME@Real?$AA@ 1004f30c     sqlite3.obj
 0002:00001314       ??_C@_06KGOGOHGB@IfZero?$AA@ 1004f314     sqlite3.obj
 0002:0000131c       ??_C@_05GPHDFMLA@IfNeg?$AA@ 1004f31c     sqlite3.obj
 0002:00001324       ??_C@_05PMIMCOJP@IfPos?$AA@ 1004f324     sqlite3.obj
 0002:0000132c       ??_C@_06LJFJMLCE@MemMax?$AA@ 1004f32c     sqlite3.obj
 0002:00001334       ??_C@_08PNIKOKNB@FkIfZero?$AA@ 1004f334     sqlite3.obj
 0002:00001340       ??_C@_09EBKOHGDP@FkCounter?$AA@ 1004f340     sqlite3.obj
 0002:0000134c       ??_C@_05LOJBNELM@Param?$AA@ 1004f34c     sqlite3.obj
 0002:00001354       ??_C@_07DOMMNIGK@Program?$AA@ 1004f354     sqlite3.obj
 0002:0000135c       ??_C@_0L@EOJPAHGG@RowSetTest?$AA@ 1004f35c     sqlite3.obj
 0002:00001368       ??_C@_0L@JELPJHIJ@RowSetRead?$AA@ 1004f368     sqlite3.obj
 0002:00001374       ??_C@_09KPGKMOML@RowSetAdd?$AA@ 1004f374     sqlite3.obj
 0002:00001380       ??_C@_0M@KCIGPGBI@IntegrityCk?$AA@ 1004f380     sqlite3.obj
 0002:0000138c       ??_C@_0M@JKNINGPB@DropTrigger?$AA@ 1004f38c     sqlite3.obj
 0002:00001398       ??_C@_09KDDJLBNF@DropIndex?$AA@ 1004f398     sqlite3.obj
 0002:000013a4       ??_C@_09ELPHDPAO@DropTable?$AA@ 1004f3a4     sqlite3.obj
 0002:000013b0       ??_C@_0N@FEAPPFEN@LoadAnalysis?$AA@ 1004f3b0     sqlite3.obj
 0002:000013c0       ??_C@_0M@IPJMJJPI@ParseSchema?$AA@ 1004f3c0     sqlite3.obj
 0002:000013cc       ??_C@_0M@BDPOJHGL@CreateTable?$AA@ 1004f3cc     sqlite3.obj
 0002:000013d8       ??_C@_0M@PLDABJLA@CreateIndex?$AA@ 1004f3d8     sqlite3.obj
 0002:000013e4       ??_C@_05MDNHABIA@Clear?$AA@ 1004f3e4     sqlite3.obj
 0002:000013ec       ??_C@_07BDCAJABG@Destroy?$AA@ 1004f3ec     sqlite3.obj
 0002:000013f4       ??_C@_05FMIIHMAD@IdxGE?$AA@ 1004f3f4     sqlite3.obj
 0002:000013fc       ??_C@_05DAELAPC@IdxLT?$AA@ 1004f3fc     sqlite3.obj
 0002:00001404       ??_C@_08KLKOBEJ@IdxRowid?$AA@ 1004f404     sqlite3.obj
 0002:00001410       ??_C@_09PDNFOMPO@IdxDelete?$AA@ 1004f410     sqlite3.obj
 0002:0000141c       ??_C@_09ENCBCCAM@IdxInsert?$AA@ 1004f41c     sqlite3.obj
 0002:00001428       ??_C@_0N@PCKBEOAP@SorterInsert?$AA@ 1004f428     sqlite3.obj
 0002:00001438       ??_C@_06MAOEIKCJ@Rewind?$AA@ 1004f438     sqlite3.obj
 0002:00001440       ??_C@_04DJANFKGA@Sort?$AA@ 1004f440     sqlite3.obj
 0002:00001448       ??_C@_0L@DMDDEDPI@SorterSort?$AA@ 1004f448     sqlite3.obj
 0002:00001454       ??_C@_04DKKAEHDH@Last?$AA@ 1004f454     sqlite3.obj
 0002:0000145c       ??_C@_07HJJPPOKN@NullRow?$AA@ 1004f45c     sqlite3.obj
 0002:00001464       ??_C@_05KEGGNBBF@Rowid?$AA@ 1004f464     sqlite3.obj
 0002:0000146c       ??_C@_07OHPACBNN@RowData?$AA@ 1004f46c     sqlite3.obj
 0002:00001474       ??_C@_06JIHNENAH@RowKey?$AA@ 1004f474     sqlite3.obj
 0002:0000147c       ??_C@_07KGFHIBD@String8?$AA@ 1004f47c     sqlite3.obj
 0002:00001484       ??_C@_06OBLNEDKN@BitNot?$AA@ 1004f484     sqlite3.obj
 0002:0000148c       ??_C@_0L@DNBEOFPP@SorterData?$AA@ 1004f48c     sqlite3.obj
 0002:00001498       ??_C@_06ODAFHOMO@Concat?$AA@ 1004f498     sqlite3.obj
 0002:000014a0       ??_C@_09DPOHBCHJ@Remainder?$AA@ 1004f4a0     sqlite3.obj
 0002:000014ac       ??_C@_06JKMEHOIB@Divide?$AA@ 1004f4ac     sqlite3.obj
 0002:000014b4       ??_C@_08EOBDLMOI@Multiply?$AA@ 1004f4b4     sqlite3.obj
 0002:000014c0       ??_C@_08DLEJPBEP@Subtract?$AA@ 1004f4c0     sqlite3.obj
 0002:000014cc       ??_C@_03LDFMNCOE@Add?$AA@  1004f4cc     sqlite3.obj
 0002:000014d0       ??_C@_0L@DHHFIOFJ@ShiftRight?$AA@ 1004f4d0     sqlite3.obj
 0002:000014dc       ??_C@_09IIGOLNPP@ShiftLeft?$AA@ 1004f4dc     sqlite3.obj
 0002:000014e8       ??_C@_05BKBNAGEF@BitOr?$AA@ 1004f4e8     sqlite3.obj
 0002:000014f0       ??_C@_06PCNOCLJN@BitAnd?$AA@ 1004f4f0     sqlite3.obj
 0002:000014f8       ??_C@_0O@GIINMLJL@SorterCompare?$AA@ 1004f4f8     sqlite3.obj
 0002:00001508       ??_C@_02GNOBCCEK@Ge?$AA@   1004f508     sqlite3.obj
 0002:0000150c       ??_C@_02DCGNOOLL@Lt?$AA@   1004f50c     sqlite3.obj
 0002:00001510       ??_C@_02GBLEMNKL@Le?$AA@   1004f510     sqlite3.obj
 0002:00001514       ??_C@_02DODIABFK@Gt?$AA@   1004f514     sqlite3.obj
 0002:00001518       ??_C@_02EAMLCBHB@Eq?$AA@   1004f518     sqlite3.obj
 0002:0000151c       ??_C@_02GCDABJMF@Ne?$AA@   1004f51c     sqlite3.obj
 0002:00001520       ??_C@_07HICACDPL@NotNull?$AA@ 1004f520     sqlite3.obj
 0002:00001528       ??_C@_06NBBMPCN@IsNull?$AA@ 1004f528     sqlite3.obj
 0002:00001530       ??_C@_0L@NDDNCBN@ResetCount?$AA@ 1004f530     sqlite3.obj
 0002:0000153c       ??_C@_06JBKGCNBB@Delete?$AA@ 1004f53c     sqlite3.obj
 0002:00001544       ??_C@_09LEJELDEO@InsertInt?$AA@ 1004f544     sqlite3.obj
 0002:00001550       ??_C@_03LOMLFHDC@And?$AA@  1004f550     sqlite3.obj
 0002:00001554       ??_C@_02GGHBPHGE@Or?$AA@   1004f554     sqlite3.obj
 0002:00001558       ??_C@_06CPFCODOD@Insert?$AA@ 1004f558     sqlite3.obj
 0002:00001560       ??_C@_08FEDJPMPH@NewRowid?$AA@ 1004f560     sqlite3.obj
 0002:0000156c       ??_C@_08DOCONEG@Sequence?$AA@ 1004f56c     sqlite3.obj
 0002:00001578       ??_C@_09HMMGFEAA@NotExists?$AA@ 1004f578     sqlite3.obj
 0002:00001584       ??_C@_05JDGHEPJG@Found?$AA@ 1004f584     sqlite3.obj
 0002:0000158c       ??_C@_08MDBAGECB@NotFound?$AA@ 1004f58c     sqlite3.obj
 0002:00001598       ??_C@_0L@MAHEJOGD@NoConflict?$AA@ 1004f598     sqlite3.obj
 0002:000015a4       ??_C@_04ICIDABGP@Seek?$AA@ 1004f5a4     sqlite3.obj
 0002:000015ac       ??_C@_06KLOEOCMK@SeekGt?$AA@ 1004f5ac     sqlite3.obj
 0002:000015b4       ??_C@_06PIDNMBNK@SeekGe?$AA@ 1004f5b4     sqlite3.obj
 0002:000015bc       ??_C@_06PEGICODL@SeekLe?$AA@ 1004f5bc     sqlite3.obj
 0002:000015c4       ??_C@_06KHLBANCL@SeekLt?$AA@ 1004f5c4     sqlite3.obj
 0002:000015cc       ??_C@_05LGELBCGM@Close?$AA@ 1004f5cc     sqlite3.obj
 0002:000015d4       ??_C@_0L@PKPPHKBP@OpenPseudo?$AA@ 1004f5d4     sqlite3.obj
 0002:000015e0       ??_C@_0L@DIBNDBJM@SorterOpen?$AA@ 1004f5e0     sqlite3.obj
 0002:000015ec       ??_C@_0O@MHKNMBPC@OpenEphemeral?$AA@ 1004f5ec     sqlite3.obj
 0002:000015fc       ??_C@_0O@LLCBFLCA@OpenAutoindex?$AA@ 1004f5fc     sqlite3.obj
 0002:0000160c       ??_C@_09FPCAPNBB@OpenWrite?$AA@ 1004f60c     sqlite3.obj
 0002:00001618       ??_C@_08FJFCCPFB@OpenRead?$AA@ 1004f618     sqlite3.obj
 0002:00001624       ??_C@_0N@NKEHNBGM@VerifyCookie?$AA@ 1004f624     sqlite3.obj
 0002:00001634       ??_C@_09FEDANMPL@SetCookie?$AA@ 1004f634     sqlite3.obj
 0002:00001640       ??_C@_0L@LIFFPDNM@ReadCookie?$AA@ 1004f640     sqlite3.obj
 0002:0000164c       ??_C@_05IJGIMMHE@Count?$AA@ 1004f64c     sqlite3.obj
 0002:00001654       ??_C@_0L@PGPMFKDB@MakeRecord?$AA@ 1004f654     sqlite3.obj
 0002:00001660       ??_C@_08MMCPABPC@Affinity?$AA@ 1004f660     sqlite3.obj
 0002:0000166c       ??_C@_06FFIACGFC@Column?$AA@ 1004f66c     sqlite3.obj
 0002:00001674       ??_C@_05DALJIPE@IfNot?$AA@ 1004f674     sqlite3.obj
 0002:0000167c       ??_C@_02EMFCFMID@If?$AA@   1004f67c     sqlite3.obj
 0002:00001680       ??_C@_04GKJMKNNB@Once?$AA@ 1004f680     sqlite3.obj
 0002:00001688       ??_C@_04BIEPDJCB@Jump?$AA@ 1004f688     sqlite3.obj
 0002:00001690       ??_C@_07MBOMJGGF@Compare?$AA@ 1004f690     sqlite3.obj
 0002:00001698       ??_C@_0M@LPEOJDB@Permutation?$AA@ 1004f698     sqlite3.obj
 0002:000016a4       ??_C@_0N@KGPEGHPK@RealAffinity?$AA@ 1004f6a4     sqlite3.obj
 0002:000016b4       ??_C@_09LLJOBHN@MustBeInt?$AA@ 1004f6b4     sqlite3.obj
 0002:000016c0       ??_C@_06JHIJIKD@AddImm?$AA@ 1004f6c0     sqlite3.obj
 0002:000016c8       ??_C@_07MCEFGNMJ@CollSeq?$AA@ 1004f6c8     sqlite3.obj
 0002:000016d0       ??_C@_09BKHKEBMD@ResultRow?$AA@ 1004f6d0     sqlite3.obj
 0002:000016dc       ??_C@_05BCDNELCG@SCopy?$AA@ 1004f6dc     sqlite3.obj
 0002:000016e4       ??_C@_04OPMHGHMB@Copy?$AA@ 1004f6e4     sqlite3.obj
 0002:000016ec       ??_C@_04LCANPIEP@Move?$AA@ 1004f6ec     sqlite3.obj
 0002:000016f4       ??_C@_08DMMJCAML@Variable?$AA@ 1004f6f4     sqlite3.obj
 0002:00001700       ??_C@_04HOFOMOEI@Blob?$AA@ 1004f700     sqlite3.obj
 0002:00001708       ??_C@_04KHKKIIL@Null?$AA@  1004f708     sqlite3.obj
 0002:00001710       ??_C@_06ENNEIMBA@String?$AA@ 1004f710     sqlite3.obj
 0002:00001718       ??_C@_05DPPJJBMK@Int64?$AA@ 1004f718     sqlite3.obj
 0002:00001720       ??_C@_07EDADKEAH@Integer?$AA@ 1004f720     sqlite3.obj
 0002:00001728       ??_C@_04NIFKAFLK@Halt?$AA@ 1004f728     sqlite3.obj
 0002:00001730       ??_C@_0L@GIACEIKJ@HaltIfNull?$AA@ 1004f730     sqlite3.obj
 0002:0000173c       ??_C@_05LNDKIJIJ@Yield?$AA@ 1004f73c     sqlite3.obj
 0002:00001744       ??_C@_03KNKIDPAC@Not?$AA@  1004f744     sqlite3.obj
 0002:00001748       ??_C@_06HCFIKKEA@Return?$AA@ 1004f748     sqlite3.obj
 0002:00001750       ??_C@_05DLHJCIPI@Gosub?$AA@ 1004f750     sqlite3.obj
 0002:00001758       ??_C@_04BNGNMAK@Goto?$AA@  1004f758     sqlite3.obj
 0002:00001760       ??_C@_07NHABAPID@VUpdate?$AA@ 1004f760     sqlite3.obj
 0002:00001768       ??_C@_07OKDOHLDO@VFilter?$AA@ 1004f768     sqlite3.obj
 0002:00001770       ??_C@_06OBCEMCJB@Vacuum?$AA@ 1004f770     sqlite3.obj
 0002:00001778       ??_C@_0M@FAIDBMDK@JournalMode?$AA@ 1004f778     sqlite3.obj
 0002:00001784       ??_C@_0L@IHLHABNJ@Checkpoint?$AA@ 1004f784     sqlite3.obj
 0002:00001790       ??_C@_07NOMHFNIB@AggStep?$AA@ 1004f790     sqlite3.obj
 0002:00001798       ??_C@_04MDFHGMOB@Next?$AA@ 1004f798     sqlite3.obj
 0002:000017a0       ??_C@_04PHIBHIIF@Prev?$AA@ 1004f7a0     sqlite3.obj
 0002:000017a8       ??_C@_0L@EPCJLBGC@NextIfOpen?$AA@ 1004f7a8     sqlite3.obj
 0002:000017b4       ??_C@_0L@GJHBGGGF@PrevIfOpen?$AA@ 1004f7b4     sqlite3.obj
 0002:000017c0       ??_C@_0L@MGGJHFHJ@SorterNext?$AA@ 1004f7c0     sqlite3.obj
 0002:000017cc       ??_C@_0M@MEGKBOMN@Transaction?$AA@ 1004f7cc     sqlite3.obj
 0002:000017d8       ??_C@_0L@BPKAOEDK@AutoCommit?$AA@ 1004f7d8     sqlite3.obj
 0002:000017e4       ??_C@_09OJILMLHM@Savepoint?$AA@ 1004f7e4     sqlite3.obj
 0002:000017f0       ??_C@_08PHKOHANG@Function?$AA@ 1004f7f0     sqlite3.obj
 0002:000017fc       ??_C@_01OGPIMHDM@?$DP?$AA@ 1004f7fc     sqlite3.obj
 0002:00001800       ??_C@_0N@DJJJGBGD@current_date?$AA@ 1004f800     sqlite3.obj
 0002:00001810       ??_C@_0BC@DDICBCEN@current_timestamp?$AA@ 1004f810     sqlite3.obj
 0002:00001824       ??_C@_0N@IPDKEGPB@current_time?$AA@ 1004f824     sqlite3.obj
 0002:00001834       ??_C@_08EPGBJPHJ@strftime?$AA@ 1004f834     sqlite3.obj
 0002:00001840       ??_C@_08FGNPMIBK@datetime?$AA@ 1004f840     sqlite3.obj
 0002:0000184c       ??_C@_04CLCEDBPF@time?$AA@ 1004f84c     sqlite3.obj
 0002:00001854       ??_C@_04JNIHBGGH@date?$AA@ 1004f854     sqlite3.obj
 0002:0000185c       ??_C@_09BPOICPEH@julianday?$AA@ 1004f85c     sqlite3.obj
 0002:00001868       ??_C@_0N@HEAGAILC@THREADSAFE?$DN1?$AA@ 1004f868     sqlite3.obj
 0002:00001878       ??_C@_0O@KOHAPDOF@SYSTEM_MALLOC?$AA@ 1004f878     sqlite3.obj
 0002:00001888       ??_C@_0N@JODKLIOI@ENABLE_RTREE?$AA@ 1004f888     sqlite3.obj
 0002:00001898       ??_C@_0BH@CMJLKIMD@ENABLE_COLUMN_METADATA?$AA@ 1004f898     sqlite3.obj
 0002:000018b0       ??_C@_01HIHLOKLC@1?$AA@    1004f8b0     sqlite3.obj
 0002:000018b4       ??_C@_01GBGANLPD@0?$AA@    1004f8b4     sqlite3.obj
 0002:000018b8       _sqlite3_version           1004f8b8     sqlite3.obj
 0002:00005114       ??_C@_07OGLCFANK@SQLITE_?$AA@ 10053114     sqlite3.obj
 0002:0000511c       ??_C@_03CGLHMDPP@now?$AA@  1005311c     sqlite3.obj
 0002:00005120       ??_C@_0BH@HEILFFIJ@local?5time?5unavailable?$AA@ 10053120     sqlite3.obj
 0002:00005138       ??_C@_09EKBOCLDN@localtime?$AA@ 10053138     sqlite3.obj
 0002:00005144       ??_C@_09KNIMKLBK@unixepoch?$AA@ 10053144     sqlite3.obj
 0002:00005150       ??_C@_03JPHCIIKF@utc?$AA@  10053150     sqlite3.obj
 0002:00005154       ??_C@_08IPAOEBNP@weekday?5?$AA@ 10053154     sqlite3.obj
 0002:00005160       ??_C@_09CABLEOFK@start?5of?5?$AA@ 10053160     sqlite3.obj
 0002:0000516c       ??_C@_05MEBAADFH@month?$AA@ 1005316c     sqlite3.obj
 0002:00005174       ??_C@_04JFPLDHAO@year?$AA@ 10053174     sqlite3.obj
 0002:0000517c       ??_C@_03NNBHCDBP@day?$AA@  1005317c     sqlite3.obj
 0002:00005180       ??_C@_04LMOJGCPE@hour?$AA@ 10053180     sqlite3.obj
 0002:00005188       ??_C@_06JGJIJFNK@minute?$AA@ 10053188     sqlite3.obj
 0002:00005190       ??_C@_06BJCFNGJP@second?$AA@ 10053190     sqlite3.obj
 0002:00005198       ??_C@_0BO@NGNOHJIK@?$CF04d?9?$CF02d?9?$CF02d?5?$CF02d?3?$CF02d?3?$CF02d?$AA@ 10053198     sqlite3.obj
 0002:000051b8       ??_C@_0P@PLMNPDMB@?$CF02d?3?$CF02d?3?$CF02d?$AA@ 100531b8     sqlite3.obj
 0002:000051c8       ??_C@_0P@MCDGMPHH@?$CF04d?9?$CF02d?9?$CF02d?$AA@ 100531c8     sqlite3.obj
 0002:000051d8       ??_C@_04OGKJMPGK@?$CF02d?$AA@ 100531d8     sqlite3.obj
 0002:000051e0       ??_C@_06IAGKDDNE@?$CF06?43f?$AA@ 100531e0     sqlite3.obj
 0002:000051e8       ??_C@_04OHGLKFFN@?$CF03d?$AA@ 100531e8     sqlite3.obj
 0002:000051f0       ??_C@_05CFGAKADK@?$CF?416g?$AA@ 100531f0     sqlite3.obj
 0002:000051f8       ??_C@_04BFAHMMK@?$CFlld?$AA@ 100531f8     sqlite3.obj
 0002:00005200       ??_C@_04OCCELDNI@?$CF04d?$AA@ 10053200     sqlite3.obj
 0002:00005208       ??_C@_0CG@DAAPKCCM@failed?5to?5allocate?5?$CFu?5bytes?5of?5m@ 10053208     sqlite3.obj
 0002:00005230       ??_C@_0CE@BFFKOBMD@failed?5memory?5resize?5?$CFu?5to?5?$CFu?5by@ 10053230     sqlite3.obj
 0002:00005254       ??_C@_01FGNFDNOH@?$CF?$AA@ 10053254     sqlite3.obj
 0002:00005258       ??_C@_03ICJPMMHB@NaN?$AA@  10053258     sqlite3.obj
 0002:0000525c       ??_C@_04JHHONOOL@?9Inf?$AA@ 1005325c     sqlite3.obj
 0002:00005264       ??_C@_04BIDOCLEL@?$CLInf?$AA@ 10053264     sqlite3.obj
 0002:0000526c       ??_C@_03EJEJBNFP@Inf?$AA@  1005326c     sqlite3.obj
 0002:00005270       ??_C@_00CNPNBAHC@?$AA@     10053270     sqlite3.obj
 0002:00005274       ??_C@_04HIBGFPH@NULL?$AA@  10053274     sqlite3.obj
 0002:0000527c       ??_C@_06LHGEHABH@?$CINULL?$CJ?$AA@ 1005327c     sqlite3.obj
 0002:00005284       ??_C@_01LFCBOECM@?4?$AA@   10053284     sqlite3.obj
 0002:00005288       ??_C@_0BD@FKIFACO@922337203685477580?$AA@ 10053288     sqlite3.obj
 0002:0000529c       ??_C@_0CN@EOKIBNLJ@API?5call?5with?5?$CFs?5database?5connec@ 1005329c     sqlite3.obj
 0002:000052cc       ??_C@_08NFNJDBOK@unopened?$AA@ 100532cc     sqlite3.obj
 0002:000052d8       ??_C@_07MALOAKCI@invalid?$AA@ 100532d8     sqlite3.obj
 0002:000052e0       ??_C@_0BE@MJECGBL@OsError?50x?$CFlx?5?$CI?$CFlu?$CJ?$AA@ 100532e0     sqlite3.obj
 0002:000052f4       ??_C@_02DKCKIIND@?$CFs?$AA@ 100532f4     sqlite3.obj
 0002:000052f8       ??_C@_0BP@JDJJJHMH@os_win?4c?3?$CFd?3?5?$CI?$CFlu?$CJ?5?$CFs?$CI?$CFs?$CJ?5?9?5?$CFs?$AA@ 100532f8     sqlite3.obj
 0002:00005318       ??_C@_0CH@IOAFGIGM@delayed?5?$CFdms?5for?5lock?1sharing?5co@ 10053318     sqlite3.obj
 0002:00005340       ??_C@_0M@JAPMDKOE@winSeekFile?$AA@ 10053340     sqlite3.obj
 0002:0000534c       ??_C@_08GBGPIFFF@winClose?$AA@ 1005334c     sqlite3.obj
 0002:00005358       ??_C@_07BGDHELCN@winRead?$AA@ 10053358     sqlite3.obj
 0002:00005360       ??_C@_09GFOHNLGD@winWrite1?$AA@ 10053360     sqlite3.obj
 0002:0000536c       ??_C@_09EOMKIIKA@winWrite2?$AA@ 1005336c     sqlite3.obj
 0002:00005378       ??_C@_0N@JHOIFHJA@winTruncate1?$AA@ 10053378     sqlite3.obj
 0002:00005388       ??_C@_0N@LMMFAEFD@winTruncate2?$AA@ 10053388     sqlite3.obj
 0002:00005398       ??_C@_07HFIFFLEA@winSync?$AA@ 10053398     sqlite3.obj
 0002:000053a0       ??_C@_0M@DODNMLAG@winFileSize?$AA@ 100533a0     sqlite3.obj
 0002:000053ac       ??_C@_0BC@CHABEBCJ@winUnlockReadLock?$AA@ 100533ac     sqlite3.obj
 0002:000053c0       ??_C@_09INENJOCI@winUnlock?$AA@ 100533c0     sqlite3.obj
 0002:000053cc       ??_C@_05NMJMPJJB@win32?$AA@ 100533cc     sqlite3.obj
 0002:000053d4       ??_C@_06KEOMCCGA@?$CFs?9shm?$AA@ 100533d4     sqlite3.obj
 0002:000053dc       ??_C@_0L@NHPDAEHO@winOpenShm?$AA@ 100533dc     sqlite3.obj
 0002:000053e8       ??_C@_0L@JMPNPFLA@winShmMap1?$AA@ 100533e8     sqlite3.obj
 0002:000053f4       ??_C@_0L@LHNAKGHD@winShmMap2?$AA@ 100533f4     sqlite3.obj
 0002:00005400       ??_C@_0L@KOMLJHDC@winShmMap3?$AA@ 10053400     sqlite3.obj
 0002:0000540c       ??_C@_0O@MBBPBMPM@winUnmapfile1?$AA@ 1005340c     sqlite3.obj
 0002:0000541c       ??_C@_0O@OKDCEPDP@winUnmapfile2?$AA@ 1005341c     sqlite3.obj
 0002:0000542c       ??_C@_0M@FMIFOGHC@winMapfile1?$AA@ 1005342c     sqlite3.obj
 0002:00005438       ??_C@_0M@HHKILFLB@winMapfile2?$AA@ 10053438     sqlite3.obj
 0002:00005444       ??_C@_07NBNPOOME@etilqs_?$AA@ 10053444     sqlite3.obj
 0002:0000544c       ??_C@_0BA@KKAJEMJB@winGetTempname1?$AA@ 1005344c     sqlite3.obj
 0002:0000545c       ??_C@_0BA@IBCEBPFC@winGetTempname2?$AA@ 1005345c     sqlite3.obj
 0002:0000546c       ??_C@_0BA@JIDPCOBD@winGetTempname3?$AA@ 1005346c     sqlite3.obj
 0002:0000547c       ??_C@_0BA@NHHOLINE@winGetTempname4?$AA@ 1005347c     sqlite3.obj
 0002:0000548c       ??_C@_0BA@MOGFIJJF@winGetTempname5?$AA@ 1005348c     sqlite3.obj
 0002:0000549c       ??_C@_07BEGGPPOF@winOpen?$AA@ 1005349c     sqlite3.obj
 0002:000054a4       ??_C@_04JKHAIEHD@psow?$AA@ 100534a4     sqlite3.obj
 0002:000054ac       ??_C@_09MOHEIBIO@winDelete?$AA@ 100534ac     sqlite3.obj
 0002:000054b8       ??_C@_09NBJCHJLH@winAccess?$AA@ 100534b8     sqlite3.obj
 0002:000054c4       ??_C@_06GIIGBPHC@?$CFs?$CFc?$CFs?$AA@ 100534c4     sqlite3.obj
 0002:000054cc       ??_C@_0BB@OFJJKLCE@winFullPathname1?$AA@ 100534cc     sqlite3.obj
 0002:000054e0       ??_C@_0BB@MOLEPIOH@winFullPathname2?$AA@ 100534e0     sqlite3.obj
 0002:000054f4       ??_C@_0BB@NHKPMJKG@winFullPathname3?$AA@ 100534f4     sqlite3.obj
 0002:00005508       ??_C@_0BB@JIOOFPGB@winFullPathname4?$AA@ 10053508     sqlite3.obj
 0002:0000551c       ??_C@_0BL@FJPGAHP@recovered?5?$CFd?5pages?5from?5?$CFs?$AA@ 1005351c     sqlite3.obj
 0002:00005538       ??_C@_09HKLPJOIM@?9journal?$AA?$AA@ 10053538     sqlite3.obj
 0002:00005544       ??_C@_05HMKKNGEJ@?9wal?$AA?$AA@ 10053544     sqlite3.obj
 0002:0000554c       ??_C@_0CF@EDMDCOFB@recovered?5?$CFd?5frames?5from?5WAL?5fil@ 1005354c     sqlite3.obj
 0002:00005574       ??_C@_0BK@NCCCKLLJ@cannot?5limit?5WAL?5size?3?5?$CFs?$AA@ 10053574     sqlite3.obj
 0002:00005590       ??_C@_08CADOGOJM@?3memory?3?$AA@ 10053590     sqlite3.obj
 0002:0000559c       ??_C@_03OIGGBKJM@?$EA?5?5?$AA@ 1005359c     sqlite3.obj
 0002:000055a0       ??_C@_01EEMJAFIK@?6?$AA@   100535a0     sqlite3.obj
 0002:000055a4       ??_C@_0BH@LLKFEBHC@invalid?5page?5number?5?$CFd?$AA@ 100535a4     sqlite3.obj
 0002:000055bc       ??_C@_0BJ@HHKCLCDH@2nd?5reference?5to?5page?5?$CFd?$AA@ 100535bc     sqlite3.obj
 0002:000055d8       ??_C@_0BN@NJCBBLIO@Failed?5to?5read?5ptrmap?5key?$DN?$CFd?$AA@ 100535d8     sqlite3.obj
 0002:000055f8       ??_C@_0DG@EAEHHDPC@Bad?5ptr?5map?5entry?5key?$DN?$CFd?5expecte@ 100535f8     sqlite3.obj
 0002:00005630       ??_C@_0DJ@PBFEOOMP@?$CFd?5of?5?$CFd?5pages?5missing?5from?5over@ 10053630     sqlite3.obj
 0002:0000566c       ??_C@_0BG@GMIBDIEE@failed?5to?5get?5page?5?$CFd?$AA@ 1005366c     sqlite3.obj
 0002:00005684       ??_C@_0CH@LNHECGJJ@freelist?5leaf?5count?5too?5big?5on?5p@ 10053684     sqlite3.obj
 0002:000056ac       ??_C@_09OLGIMPDE@Page?5?$CFd?3?5?$AA@ 100536ac     sqlite3.obj
 0002:000056b8       ??_C@_0CG@ILLDAEJM@unable?5to?5get?5the?5page?4?5error?5co@ 100536b8     sqlite3.obj
 0002:000056e0       ??_C@_0CG@FFKEALPN@btreeInitPage?$CI?$CJ?5returns?5error?5co@ 100536e0     sqlite3.obj
 0002:00005708       ??_C@_0BK@DEBKKJM@On?5tree?5page?5?$CFd?5cell?5?$CFd?3?5?$AA@ 10053708     sqlite3.obj
 0002:00005724       ??_C@_0CM@NFGNKDIE@Rowid?5?$CFlld?5out?5of?5order?5?$CIpreviou@ 10053724     sqlite3.obj
 0002:00005750       ??_C@_0BJ@FLOCKNJL@Child?5page?5depth?5differs?$AA@ 10053750     sqlite3.obj
 0002:0000576c       ??_C@_0BM@FMPLCKPB@On?5page?5?$CFd?5at?5right?5child?3?5?$AA@ 1005376c     sqlite3.obj
 0002:00005788       ??_C@_0DN@FNPJJAIO@Rowid?5?$CFlld?5out?5of?5order?5?$CImax?5lar@ 10053788     sqlite3.obj
 0002:000057c8       ??_C@_0DL@JMELIBGM@Rowid?5?$CFlld?5out?5of?5order?5?$CImin?5les@ 100537c8     sqlite3.obj
 0002:00005804       ??_C@_0DN@BNLGOIPI@Rowid?5?$CFlld?5out?5of?5order?5?$CImax?5lar@ 10053804     sqlite3.obj
 0002:00005844       ??_C@_0DL@NMAEPJBK@Rowid?5?$CFlld?5out?5of?5order?5?$CImin?5les@ 10053844     sqlite3.obj
 0002:00005880       ??_C@_0CK@JLHLDHFB@Corruption?5detected?5in?5cell?5?$CFd?5o@ 10053880     sqlite3.obj
 0002:000058ac       ??_C@_0CF@DKGAOHID@Multiple?5uses?5for?5byte?5?$CFd?5of?5pag@ 100538ac     sqlite3.obj
 0002:000058d4       ??_C@_0DE@NONOJPEC@Fragmentation?5of?5?$CFd?5bytes?5report@ 100538d4     sqlite3.obj
 0002:00005908       ??_C@_0BA@EAICBBKE@Main?5freelist?3?5?$AA@ 10053908     sqlite3.obj
 0002:00005918       ??_C@_0BF@CFAFGJN@List?5of?5tree?5roots?3?5?$AA@ 10053918     sqlite3.obj
 0002:00005930       ??_C@_0BG@NJBAMKDO@Page?5?$CFd?5is?5never?5used?$AA@ 10053930     sqlite3.obj
 0002:00005948       ??_C@_0CC@IBCKHFBM@Pointer?5map?5page?5?$CFd?5is?5reference@ 10053948     sqlite3.obj
[...]
 0001:0004a642       _newRowid                  1004b642 f    CIL library: CIL module
 0001:0004a689       _rtreeDeleteRowid          1004b689 f    CIL library: CIL module
 0001:0004a812       _rtreeUpdate               1004b812 f    CIL library: CIL module
 0001:0004aac1       _rtreeRename               1004bac1 f    CIL library: CIL module
 0001:0004ab15       _rtreeQueryStat1           1004bb15 f    CIL library: CIL module
 0001:0004abce       _rtreeSqlInit              1004bbce f    CIL library: CIL module
 0001:0004ace1       _getIntFromStmt            1004bce1 f    CIL library: CIL module
 0001:0004ad36       _getNodeSize               1004bd36 f    CIL library: CIL module
 0001:0004add5       _rtreeInit                 1004bdd5 f    CIL library: CIL module
 0001:0004b00a       _rtreenode                 1004c00a f    CIL library: CIL module
 0001:0004b192       _rtreedepth                1004c192 f    CIL library: CIL module
 0001:0004b1df       _sqlite3RtreeInit          1004c1df f    CIL library: CIL module
 0001:0004b250       _doSqlite3Free             1004c250 f    CIL library: CIL module
 0001:0004b255       _geomCallback              1004c255 f    CIL library: CIL module
 0001:0004b490       _pre_c_init                1004c490 f   MSVCRT:crtdll.obj
 0001:0004b705       ___DllMainCRTStartup       1004c705 f   MSVCRT:crtdll.obj
 0001:0004c288       _has_osfxsr_set            1004d288 f   MSVCRT:cpu_disp.obj

 Exports

  ordinal    name

        1    _sqlite3_aggregate_context
               exported name: sqlite3_aggregate_context
        2    _sqlite3_aggregate_count
               exported name: sqlite3_aggregate_count
        3    _sqlite3_auto_extension
               exported name: sqlite3_auto_extension
        4    _sqlite3_backup_finish
               exported name: sqlite3_backup_finish
        5    _sqlite3_backup_init
               exported name: sqlite3_backup_init
        6    _sqlite3_backup_pagecount
               exported name: sqlite3_backup_pagecount
        7    _sqlite3_backup_remaining
               exported name: sqlite3_backup_remaining
        8    _sqlite3_backup_step
               exported name: sqlite3_backup_step
        9    _sqlite3_bind_blob
               exported name: sqlite3_bind_blob
       10    _sqlite3_bind_double
               exported name: sqlite3_bind_double
       11    _sqlite3_bind_int
               exported name: sqlite3_bind_int
       12    _sqlite3_bind_int64
               exported name: sqlite3_bind_int64
       13    _sqlite3_bind_null
               exported name: sqlite3_bind_null
       14    _sqlite3_bind_parameter_count
               exported name: sqlite3_bind_parameter_count
       15    _sqlite3_bind_parameter_index
               exported name: sqlite3_bind_parameter_index
       16    _sqlite3_bind_parameter_name
               exported name: sqlite3_bind_parameter_name
       17    _sqlite3_bind_text
               exported name: sqlite3_bind_text
       18    _sqlite3_bind_text16
               exported name: sqlite3_bind_text16
       19    _sqlite3_bind_value
               exported name: sqlite3_bind_value
       20    _sqlite3_bind_zeroblob
               exported name: sqlite3_bind_zeroblob
       21    _sqlite3_blob_bytes
               exported name: sqlite3_blob_bytes
       22    _sqlite3_blob_close
               exported name: sqlite3_blob_close
       23    _sqlite3_blob_open
               exported name: sqlite3_blob_open
       24    _sqlite3_blob_read
               exported name: sqlite3_blob_read
       25    _sqlite3_blob_reopen
               exported name: sqlite3_blob_reopen
       26    _sqlite3_blob_write
               exported name: sqlite3_blob_write
       27    _sqlite3_busy_handler
               exported name: sqlite3_busy_handler
       28    _sqlite3_busy_timeout
               exported name: sqlite3_busy_timeout
       29    _sqlite3_cancel_auto_extension
               exported name: sqlite3_cancel_auto_extension
       30    _sqlite3_changes
               exported name: sqlite3_changes
       31    _sqlite3_clear_bindings
               exported name: sqlite3_clear_bindings
       32    _sqlite3_close
               exported name: sqlite3_close
       33    _sqlite3_close_v2
               exported name: sqlite3_close_v2
       34    _sqlite3_collation_needed
               exported name: sqlite3_collation_needed
       35    _sqlite3_collation_needed16
               exported name: sqlite3_collation_needed16
       36    _sqlite3_column_blob
               exported name: sqlite3_column_blob
       37    _sqlite3_column_bytes
               exported name: sqlite3_column_bytes
       38    _sqlite3_column_bytes16
               exported name: sqlite3_column_bytes16
       39    _sqlite3_column_count
               exported name: sqlite3_column_count
       40    _sqlite3_column_database_name
               exported name: sqlite3_column_database_name
       41    _sqlite3_column_database_name16
               exported name: sqlite3_column_database_name16
       42    _sqlite3_column_decltype
               exported name: sqlite3_column_decltype
       43    _sqlite3_column_decltype16
               exported name: sqlite3_column_decltype16
       44    _sqlite3_column_double
               exported name: sqlite3_column_double
       45    _sqlite3_column_int
               exported name: sqlite3_column_int
       46    _sqlite3_column_int64
               exported name: sqlite3_column_int64
       47    _sqlite3_column_name
               exported name: sqlite3_column_name
       48    _sqlite3_column_name16
               exported name: sqlite3_column_name16
       49    _sqlite3_column_origin_name
               exported name: sqlite3_column_origin_name
       50    _sqlite3_column_origin_name16
               exported name: sqlite3_column_origin_name16
       51    _sqlite3_column_table_name
               exported name: sqlite3_column_table_name
       52    _sqlite3_column_table_name16
               exported name: sqlite3_column_table_name16
       53    _sqlite3_column_text
               exported name: sqlite3_column_text
       54    _sqlite3_column_text16
               exported name: sqlite3_column_text16
       55    _sqlite3_column_type
               exported name: sqlite3_column_type
       56    _sqlite3_column_value
               exported name: sqlite3_column_value
       57    _sqlite3_commit_hook
               exported name: sqlite3_commit_hook
       58    _sqlite3_compileoption_get
               exported name: sqlite3_compileoption_get
       59    _sqlite3_compileoption_used
               exported name: sqlite3_compileoption_used
       60    _sqlite3_complete
               exported name: sqlite3_complete
       61    _sqlite3_complete16
               exported name: sqlite3_complete16
       62    _sqlite3_config
               exported name: sqlite3_config
       63    _sqlite3_context_db_handle
               exported name: sqlite3_context_db_handle
       64    _sqlite3_create_collation
               exported name: sqlite3_create_collation
       65    _sqlite3_create_collation16
               exported name: sqlite3_create_collation16
       66    _sqlite3_create_collation_v2
               exported name: sqlite3_create_collation_v2
       67    _sqlite3_create_function
               exported name: sqlite3_create_function
       68    _sqlite3_create_function16
               exported name: sqlite3_create_function16
       69    _sqlite3_create_function_v2
               exported name: sqlite3_create_function_v2
       70    _sqlite3_create_module
               exported name: sqlite3_create_module
       71    _sqlite3_create_module_v2
               exported name: sqlite3_create_module_v2
       72    _sqlite3_data_count
               exported name: sqlite3_data_count
       73    _sqlite3_db_config
               exported name: sqlite3_db_config
       74    _sqlite3_db_filename
               exported name: sqlite3_db_filename
       75    _sqlite3_db_handle
               exported name: sqlite3_db_handle
       76    _sqlite3_db_mutex
               exported name: sqlite3_db_mutex
       77    _sqlite3_db_readonly
               exported name: sqlite3_db_readonly
       78    _sqlite3_db_release_memory
               exported name: sqlite3_db_release_memory
       79    _sqlite3_db_status
               exported name: sqlite3_db_status
       80    _sqlite3_declare_vtab
               exported name: sqlite3_declare_vtab
       81    _sqlite3_enable_load_extension
               exported name: sqlite3_enable_load_extension
       82    _sqlite3_enable_shared_cache
               exported name: sqlite3_enable_shared_cache
       83    _sqlite3_errcode
               exported name: sqlite3_errcode
       84    _sqlite3_errmsg
               exported name: sqlite3_errmsg
       85    _sqlite3_errmsg16
               exported name: sqlite3_errmsg16
       86    _sqlite3_errstr
               exported name: sqlite3_errstr
       87    _sqlite3_exec
               exported name: sqlite3_exec
       88    _sqlite3_expired
               exported name: sqlite3_expired
       89    _sqlite3_extended_errcode
               exported name: sqlite3_extended_errcode
       90    _sqlite3_extended_result_codes
               exported name: sqlite3_extended_result_codes
       91    _sqlite3_file_control
               exported name: sqlite3_file_control
       92    _sqlite3_finalize
               exported name: sqlite3_finalize
       93    _sqlite3_free
               exported name: sqlite3_free
       94    _sqlite3_free_table
               exported name: sqlite3_free_table
       95    _sqlite3_get_autocommit
               exported name: sqlite3_get_autocommit
       96    _sqlite3_get_auxdata
               exported name: sqlite3_get_auxdata
       97    _sqlite3_get_table
               exported name: sqlite3_get_table
       98    _sqlite3_global_recover
               exported name: sqlite3_global_recover
       99    _sqlite3_initialize
               exported name: sqlite3_initialize
      100    _sqlite3_interrupt
               exported name: sqlite3_interrupt
      101    _sqlite3_last_insert_rowid
               exported name: sqlite3_last_insert_rowid
      102    _sqlite3_libversion
               exported name: sqlite3_libversion
      103    _sqlite3_libversion_number
               exported name: sqlite3_libversion_number
      104    _sqlite3_limit
               exported name: sqlite3_limit
      105    _sqlite3_load_extension
               exported name: sqlite3_load_extension
      106    _sqlite3_log
               exported name: sqlite3_log
      107    _sqlite3_malloc
               exported name: sqlite3_malloc
      108    _sqlite3_memory_alarm
               exported name: sqlite3_memory_alarm
      109    _sqlite3_memory_highwater
               exported name: sqlite3_memory_highwater
      110    _sqlite3_memory_used
               exported name: sqlite3_memory_used
      111    _sqlite3_mprintf
               exported name: sqlite3_mprintf
      112    _sqlite3_mutex_alloc
               exported name: sqlite3_mutex_alloc
      113    _sqlite3_mutex_enter
               exported name: sqlite3_mutex_enter
      114    _sqlite3_mutex_free
               exported name: sqlite3_mutex_free
      115    _sqlite3_mutex_leave
               exported name: sqlite3_mutex_leave
      116    _sqlite3_mutex_try
               exported name: sqlite3_mutex_try
      117    _sqlite3_next_stmt
               exported name: sqlite3_next_stmt
      118    _sqlite3_open
               exported name: sqlite3_open
      119    _sqlite3_open16
               exported name: sqlite3_open16
      120    _sqlite3_open_v2
               exported name: sqlite3_open_v2
      121    _sqlite3_os_end
               exported name: sqlite3_os_end
      122    _sqlite3_os_init
               exported name: sqlite3_os_init
      123    _sqlite3_overload_function
               exported name: sqlite3_overload_function
      124    _sqlite3_prepare
               exported name: sqlite3_prepare
      125    _sqlite3_prepare16
               exported name: sqlite3_prepare16
      126    _sqlite3_prepare16_v2
               exported name: sqlite3_prepare16_v2
      127    _sqlite3_prepare_v2
               exported name: sqlite3_prepare_v2
      128    _sqlite3_profile
               exported name: sqlite3_profile
      129    _sqlite3_progress_handler
               exported name: sqlite3_progress_handler
      130    _sqlite3_randomness
               exported name: sqlite3_randomness
      131    _sqlite3_realloc
               exported name: sqlite3_realloc
      132    _sqlite3_release_memory
               exported name: sqlite3_release_memory
      133    _sqlite3_reset
               exported name: sqlite3_reset
      134    _sqlite3_reset_auto_extension
               exported name: sqlite3_reset_auto_extension
      135    _sqlite3_result_blob
               exported name: sqlite3_result_blob
      136    _sqlite3_result_double
               exported name: sqlite3_result_double
      137    _sqlite3_result_error
               exported name: sqlite3_result_error
      138    _sqlite3_result_error16
               exported name: sqlite3_result_error16
      139    _sqlite3_result_error_code
               exported name: sqlite3_result_error_code
      140    _sqlite3_result_error_nomem
               exported name: sqlite3_result_error_nomem
      141    _sqlite3_result_error_toobig
               exported name: sqlite3_result_error_toobig
      142    _sqlite3_result_int
               exported name: sqlite3_result_int
      143    _sqlite3_result_int64
               exported name: sqlite3_result_int64
      144    _sqlite3_result_null
               exported name: sqlite3_result_null
      145    _sqlite3_result_text
               exported name: sqlite3_result_text
      146    _sqlite3_result_text16
               exported name: sqlite3_result_text16
      147    _sqlite3_result_text16be
               exported name: sqlite3_result_text16be
      148    _sqlite3_result_text16le
               exported name: sqlite3_result_text16le
      149    _sqlite3_result_value
               exported name: sqlite3_result_value
      150    _sqlite3_result_zeroblob
               exported name: sqlite3_result_zeroblob
      151    _sqlite3_rollback_hook
               exported name: sqlite3_rollback_hook
      152    _sqlite3_rtree_geometry_callback
               exported name: sqlite3_rtree_geometry_callback
      153    _sqlite3_set_authorizer
               exported name: sqlite3_set_authorizer
      154    _sqlite3_set_auxdata
               exported name: sqlite3_set_auxdata
      155    _sqlite3_shutdown
               exported name: sqlite3_shutdown
      156    _sqlite3_sleep
               exported name: sqlite3_sleep
      157    _sqlite3_snprintf
               exported name: sqlite3_snprintf
      158    _sqlite3_soft_heap_limit
               exported name: sqlite3_soft_heap_limit
      159    _sqlite3_soft_heap_limit64
               exported name: sqlite3_soft_heap_limit64
      160    _sqlite3_sourceid
               exported name: sqlite3_sourceid
      161    _sqlite3_sql
               exported name: sqlite3_sql
      162    _sqlite3_status
               exported name: sqlite3_status
      163    _sqlite3_step
               exported name: sqlite3_step
      164    _sqlite3_stmt_busy
               exported name: sqlite3_stmt_busy
      165    _sqlite3_stmt_readonly
               exported name: sqlite3_stmt_readonly
      166    _sqlite3_stmt_status
               exported name: sqlite3_stmt_status
      167    _sqlite3_strglob
               exported name: sqlite3_strglob
      168    _sqlite3_stricmp
               exported name: sqlite3_stricmp
      169    _sqlite3_strnicmp
               exported name: sqlite3_strnicmp
      170    _sqlite3_table_column_metadata
               exported name: sqlite3_table_column_metadata
      171    _sqlite3_test_control
               exported name: sqlite3_test_control
      172    _sqlite3_thread_cleanup
               exported name: sqlite3_thread_cleanup
      173    _sqlite3_threadsafe
               exported name: sqlite3_threadsafe
      174    _sqlite3_total_changes
               exported name: sqlite3_total_changes
      175    _sqlite3_trace
               exported name: sqlite3_trace
      176    _sqlite3_transfer_bindings
               exported name: sqlite3_transfer_bindings
      177    _sqlite3_update_hook
               exported name: sqlite3_update_hook
      178    _sqlite3_uri_boolean
               exported name: sqlite3_uri_boolean
      179    _sqlite3_uri_int64
               exported name: sqlite3_uri_int64
      180    _sqlite3_uri_parameter
               exported name: sqlite3_uri_parameter
      181    _sqlite3_user_data
               exported name: sqlite3_user_data
      182    _sqlite3_value_blob
               exported name: sqlite3_value_blob
      183    _sqlite3_value_bytes
               exported name: sqlite3_value_bytes
      184    _sqlite3_value_bytes16
               exported name: sqlite3_value_bytes16
      185    _sqlite3_value_double
               exported name: sqlite3_value_double
      186    _sqlite3_value_int
               exported name: sqlite3_value_int
      187    _sqlite3_value_int64
               exported name: sqlite3_value_int64
      188    _sqlite3_value_numeric_type
               exported name: sqlite3_value_numeric_type
      189    _sqlite3_value_text
               exported name: sqlite3_value_text
      190    _sqlite3_value_text16
               exported name: sqlite3_value_text16
      191    _sqlite3_value_text16be
               exported name: sqlite3_value_text16be
      192    _sqlite3_value_text16le
               exported name: sqlite3_value_text16le
      193    _sqlite3_value_type
               exported name: sqlite3_value_type
      194    _sqlite3_vfs_find
               exported name: sqlite3_vfs_find
      195    _sqlite3_vfs_register
               exported name: sqlite3_vfs_register
      196    _sqlite3_vfs_unregister
               exported name: sqlite3_vfs_unregister
      197    _sqlite3_vmprintf
               exported name: sqlite3_vmprintf
      198    _sqlite3_vsnprintf
               exported name: sqlite3_vsnprintf
      199    _sqlite3_vtab_config
               exported name: sqlite3_vtab_config
      200    _sqlite3_vtab_on_conflict
               exported name: sqlite3_vtab_on_conflict
      201    _sqlite3_wal_autocheckpoint
               exported name: sqlite3_wal_autocheckpoint
      202    _sqlite3_wal_checkpoint
               exported name: sqlite3_wal_checkpoint
      203    _sqlite3_wal_checkpoint_v2
               exported name: sqlite3_wal_checkpoint_v2
      204    _sqlite3_wal_hook
               exported name: sqlite3_wal_hook
      205    _sqlite3_win32_mbcs_to_utf8
               exported name: sqlite3_win32_mbcs_to_utf8
      206    _sqlite3_win32_set_directory
               exported name: sqlite3_win32_set_directory
      207    _sqlite3_win32_sleep
               exported name: sqlite3_win32_sleep
      208    _sqlite3_win32_utf8_to_mbcs
               exported name: sqlite3_win32_utf8_to_mbcs
      209    _sqlite3_win32_write_debug
               exported name: sqlite3_win32_write_debug
