 lib_squirrel

 Timestamp is 52d5530c (Tue Jan 14 18:09:00 2014)

 Preferred load address is 10000000

 Start         Length     Name                   Class
 0001:00000000 0001a147H .text                   CODE
 0001:0001a147 00000e9fH .text$x                 CODE
 0002:00000000 00000194H .idata$5                DATA
 0002:00000194 00000004H .CRT$XCA                DATA
 0002:00000198 00000004H .CRT$XCZ                DATA
 0002:0000019c 00000004H .CRT$XIA                DATA
 0002:000001a0 00000004H .CRT$XIAA               DATA
 0002:000001a4 00000004H .CRT$XIC                DATA
 0002:000001a8 00000004H .CRT$XIZ                DATA
 0002:000001b0 00002128H .rdata                  DATA
 0002:000022d8 000005e4H .rdata$r                DATA
 0002:000028c0 00000114H .rdata$sxdata           DATA
 0002:000029d4 00000004H .rtc$IAA                DATA
 0002:000029d8 00000004H .rtc$IZZ                DATA
 0002:000029dc 00000004H .rtc$TAA                DATA
 0002:000029e0 00000004H .rtc$TZZ                DATA
 0002:000029e8 000014e4H .xdata$x                DATA
 0002:00003ecc 00000028H .idata$2                DATA
 0002:00003ef4 00000014H .idata$3                DATA
 0002:00003f08 00000194H .idata$4                DATA
 0002:0000409c 00000568H .idata$6                DATA
 0002:00004610 0000103bH .edata                  DATA
 0003:00000000 00000e10H .data                   DATA
 0003:00000e10 00000454H .bss                    DATA

  Address         Publics by Value              Rva+Base       Lib:Object

 0000:00000000       __except_list              00000000     <absolute>
 0000:00000045       ___safe_se_handler_count   00000045     <absolute>
 0000:00009876       __fltused                  00009876     <absolute>
 0000:00009876       __ldused                   00009876     <absolute>
 0000:00000000       ___ImageBase               10000000     <linker-defined>
 0001:00000000       _sqstd_printcallstack      10001000 f   sqstdaux.obj
 0001:000002e2       ?_sqstd_compiler_error@@YAXPAUSQVM@@PBD1HH@Z 100012e2 f   sqstdaux.obj
 0001:00000311       _sqstd_seterrorhandlers    10001311 f   sqstdaux.obj
 0001:0000033e       ??3@YAXPAX0@Z              1000133e f i sqstdblob.obj
 0001:0000033f       ??0SQBlob@@QAE@H@Z         1000133f f i sqstdblob.obj
 0001:0000036e       ?Write@SQBlob@@UAEHPAXH@Z  1000136e f i sqstdblob.obj
 0001:000003c6       ?Read@SQBlob@@UAEHPAXH@Z   100013c6 f i sqstdblob.obj
 0001:00000404       ?Resize@SQBlob@@QAE_NH@Z   10001404 f i sqstdblob.obj
 0001:00000463       ?Seek@SQBlob@@UAEHHH@Z     10001463 f i sqstdblob.obj
 0001:000004ad       ?IsValid@SQBlob@@UAE_NXZ   100014ad f i sqstdblob.obj
 0001:000004b5       ?EOS@SQBlob@@UAE_NXZ       100014b5 f i sqstdblob.obj
 0001:000004c1       ?Tell@SQBlob@@UAEHXZ       100014c1 f i sqstdblob.obj
 0001:000004c5       ?Len@SQBlob@@UAEHXZ        100014c5 f i sqstdblob.obj
 0001:000004c9       ??_ESQBlob@@UAEPAXI@Z      100014c9 f i  CIL library: CIL module
 0001:000004c9       ??_GSQBlob@@UAEPAXI@Z      100014c9 f i sqstdblob.obj
 0001:00000b3e       _sqstd_getblob             10001b3e f   sqstdblob.obj
 0001:00000b71       _sqstd_getblobsize         10001b71 f   sqstdblob.obj
 0001:00000b9f       _sqstd_createblob          10001b9f f   sqstdblob.obj
 0001:00000c43       _sqstd_register_bloblib    10001c43 f   sqstdblob.obj
 0001:00000c69       _sqstd_fopen               10001c69 f   sqstdio.obj
 0001:00000c6f       _sqstd_fread               10001c6f f   sqstdio.obj
 0001:00000c75       _sqstd_fwrite              10001c75 f   sqstdio.obj
 0001:00000c7b       _sqstd_fseek               10001c7b f   sqstdio.obj
 0001:00000cad       _sqstd_ftell               10001cad f   sqstdio.obj
 0001:00000cb3       _sqstd_fflush              10001cb3 f   sqstdio.obj
 0001:00000cb9       _sqstd_fclose              10001cb9 f   sqstdio.obj
 0001:00000cbf       _sqstd_feof                10001cbf f   sqstdio.obj
 0001:00000cc5       ??1SQFile@@UAE@XZ          10001cc5 f i sqstdio.obj
 0001:00000ced       ?Read@SQFile@@UAEHPAXH@Z   10001ced f i sqstdio.obj
 0001:00000d06       ?Write@SQFile@@UAEHPAXH@Z  10001d06 f i sqstdio.obj
 0001:00000d1f       ?Flush@SQFile@@UAEHXZ      10001d1f f i sqstdio.obj
 0001:00000d2a       ?Tell@SQFile@@UAEHXZ       10001d2a f i sqstdio.obj
 0001:00000d35       ?Len@SQFile@@UAEHXZ        10001d35 f i sqstdio.obj
 0001:00000d65       ?Seek@SQFile@@UAEHHH@Z     10001d65 f i sqstdio.obj
 0001:00000d7b       ?IsValid@SQFile@@UAE_NXZ   10001d7b f i sqstdio.obj
 0001:00000d83       ?EOS@SQFile@@UAE_NXZ       10001d83 f i sqstdio.obj
 0001:00000d9d       ??_GSQFile@@UAEPAXI@Z      10001d9d f i sqstdio.obj
 0001:00000d9d       ??_ESQFile@@UAEPAXI@Z      10001d9d f i  CIL library: CIL module
 0001:00000f0b       _sqstd_createfile          10001f0b f   sqstdio.obj
 0001:00000fa4       _sqstd_getfile             10001fa4 f   sqstdio.obj
 0001:00001063       ?file_read@@YAHPAX0H@Z     10002063 f   sqstdio.obj
 0001:00001082       ?file_write@@YAHPAX0H@Z    10002082 f   sqstdio.obj
 0001:0000109a       _sqstd_loadfile            1000209a f   sqstdio.obj
 0001:000011c4       _sqstd_dofile              100021c4 f   sqstdio.obj
 0001:0000121e       _sqstd_writeclosuretofile  1000221e f   sqstdio.obj
 0001:00001273       ?_g_io_loadfile@@YAHPAUSQVM@@@Z 10002273 f   sqstdio.obj
 0001:000012c7       ?_g_io_writeclosuretofile@@YAHPAUSQVM@@@Z 100022c7 f   sqstdio.obj
 0001:000012f6       ?_g_io_dofile@@YAHPAUSQVM@@@Z 100022f6 f   sqstdio.obj
 0001:00001354       _sqstd_register_iolib      10002354 f   sqstdio.obj
 0001:000017d7       _sqstd_register_mathlib    100027d7 f   sqstdmath.obj
 0001:000023d2       _sqstd_rex_compile         100033d2 f   sqstdrex.obj
 0001:0000249c       _sqstd_rex_free            1000349c f   sqstdrex.obj
 0001:000024d4       _sqstd_rex_match           100034d4 f   sqstdrex.obj
 0001:00002518       _sqstd_rex_searchrange     10003518 f   sqstdrex.obj
 0001:00002593       _sqstd_rex_search          10003593 f   sqstdrex.obj
 0001:000025c0       _sqstd_rex_getsubexpcount  100035c0 f   sqstdrex.obj
 0001:000025c8       _sqstd_rex_getsubexp       100035c8 f   sqstdrex.obj
 0001:000025f5       ?_stream_readblob@@YAHPAUSQVM@@@Z 100035f5 f   sqstdstream.obj
 0001:000026b3       ?_stream_readn@@YAHPAUSQVM@@@Z 100036b3 f   sqstdstream.obj
 0001:0000283f       ?_stream_writeblob@@YAHPAUSQVM@@@Z 1000383f f   sqstdstream.obj
 0001:000028e0       ?_stream_writen@@YAHPAUSQVM@@@Z 100038e0 f   sqstdstream.obj
 0001:00002a1b       ?_stream_seek@@YAHPAUSQVM@@@Z 10003a1b f   sqstdstream.obj
 0001:00002ac9       ?_stream_tell@@YAHPAUSQVM@@@Z 10003ac9 f   sqstdstream.obj
 0001:00002b33       ?_stream_len@@YAHPAUSQVM@@@Z 10003b33 f   sqstdstream.obj
 0001:00002b9d       ?_stream_flush@@YAHPAUSQVM@@@Z 10003b9d f   sqstdstream.obj
 0001:00002c17       ?_stream_eos@@YAHPAUSQVM@@@Z 10003c17 f   sqstdstream.obj
 0001:00002c91       ?_stream__cloned@@YAHPAUSQVM@@@Z 10003c91 f   sqstdstream.obj
 0001:00002ca2       ?init_streamclass@@YAXPAUSQVM@@@Z 10003ca2 f   sqstdstream.obj
 0001:00002d9d       ?declare_stream@@YAHPAUSQVM@@PBDPAX1PAUtagSQRegFunction@@3@Z 10003d9d f   sqstdstream.obj
 0001:00003045       _sqstd_format              10004045 f   sqstdstring.obj
 0001:0000370a       _sqstd_register_stringlib  1000470a f   sqstdstring.obj
 0001:00003a8e       _sqstd_register_systemlib  10004a8e f   sqstdsystem.obj
 0001:00003b02       ??0SQObjectPtr@@QAE@XZ     10004b02 f i sqapi.obj
 0001:00003b0f       ??4SQObjectPtr@@QAEAAU0@PAUSQClosure@@@Z 10004b0f f i sqapi.obj
 0001:00003b35       ??4SQObjectPtr@@QAEAAU0@PAUSQNativeClosure@@@Z 10004b35 f i sqapi.obj
 0001:00003b5b       ??4SQObjectPtr@@QAEAAU0@PAUSQString@@@Z 10004b5b f i sqapi.obj
 0001:00003b81       ??1SQObjectPtr@@QAE@XZ     10004b81 f i sqapi.obj
 0001:00003ba0       ??4SQObjectPtr@@QAEAAU0@ABU0@@Z 10004ba0 f i sqapi.obj
 0001:00003ba0       ??4SQObjectPtr@@QAEAAU0@ABUtagSQObject@@@Z 10004ba0 f i sqapi.obj
 0001:00003bd1       ?Null@SQObjectPtr@@QAEXXZ  10004bd1 f i sqapi.obj
 0001:00003bf3       ?stack_get@@YAAAUSQObjectPtr@@PAUSQVM@@H@Z 10004bf3 f i sqapi.obj
 0001:00003c17       ?HashObj@@YAIABUSQObjectPtr@@@Z 10004c17 f i sqapi.obj
 0001:00003c49       ?Create@SQTable@@SAPAU1@PAUSQSharedState@@H@Z 10004c49 f i sqapi.obj
 0001:00003c6e       ??1SQCollectable@@UAE@XZ   10004c6e f i sqapi.obj
 0001:00003c6e       ??1SQDelegable@@UAE@XZ     10004c6e f i sqapi.obj
 0001:00003c73       ??0SQArray@@AAE@PAUSQSharedState@@H@Z 10004c73 f i sqapi.obj
 0001:00003ce8       ?Create@SQArray@@SAPAU1@PAUSQSharedState@@H@Z 10004ce8 f i sqapi.obj
 0001:00003d1e       ?GetType@SQArray@@UAE?AW4tagSQObjectType@@XZ 10004d1e f i sqapi.obj
 0001:00003d24       ?Finalize@SQArray@@UAEXXZ  10004d24 f i sqapi.obj
 0001:00003d66       ?Get@SQArray@@QAE_NHAAUSQObjectPtr@@@Z 10004d66 f i sqapi.obj
 0001:00003da1       ?Resize@SQArray@@QAEXH@Z   10004da1 f i sqapi.obj
 0001:00003de6       ?Append@SQArray@@QAEXABUtagSQObject@@@Z 10004de6 f i sqapi.obj
 0001:00003e1d       ?Insert@SQArray@@QAE_NHABUtagSQObject@@@Z 10004e1d f i sqapi.obj
 0001:00003e85       ?ShrinkIfNeeded@SQArray@@QAEXXZ 10004e85 f i sqapi.obj
 0001:00003ea3       ?Remove@SQArray@@QAE_NH@Z  10004ea3 f i sqapi.obj
 0001:00003ef4       ??_ESQArray@@EAEPAXI@Z     10004ef4 f i  CIL library: CIL module
 0001:00003ef4       ??_GSQArray@@EAEPAXI@Z     10004ef4 f i sqapi.obj
 0001:00003f56       ?Create@SQClosure@@SAPAU1@PAUSQSharedState@@PAUSQFunctionProto@@@Z 10004f56 f i sqapi.obj
 0001:00003fed       ?Release@SQClosure@@UAEXXZ 10004fed f i sqapi.obj
 0001:00004056       ?Clone@SQClosure@@QAEPAU1@XZ 10005056 f i sqapi.obj
 0001:000040dd       ?Finalize@SQClosure@@UAEXXZ 100050dd f i sqapi.obj
 0001:00004119       ?GetType@SQClosure@@UAE?AW4tagSQObjectType@@XZ 10005119 f i sqapi.obj
 0001:0000411f       ??_ESQClosure@@UAEPAXI@Z   1000511f f i  CIL library: CIL module
 0001:0000411f       ??_GSQClosure@@UAEPAXI@Z   1000511f f i sqapi.obj
 0001:0000413c       ?Create@SQNativeClosure@@SAPAU1@PAUSQSharedState@@P6AHPAUSQVM@@@ZH@Z 1000513c f i sqapi.obj
 0001:000041b6       ?Clone@SQNativeClosure@@QAEPAU1@XZ 100051b6 f i sqapi.obj
 0001:00004222       ??1SQNativeClosure@@UAE@XZ 10005222 f i sqapi.obj
 0001:000042a3       ?Release@SQNativeClosure@@UAEXXZ 100052a3 f i sqapi.obj
 0001:000042d2       ?Finalize@SQNativeClosure@@UAEXXZ 100052d2 f i sqapi.obj
 0001:000042f1       ?GetType@SQNativeClosure@@UAE?AW4tagSQObjectType@@XZ 100052f1 f i sqapi.obj
 0001:000042f7       ??_ESQNativeClosure@@UAEPAXI@Z 100052f7 f i  CIL library: CIL module
 0001:000042f7       ??_GSQNativeClosure@@UAEPAXI@Z 100052f7 f i sqapi.obj
 0001:00004314       ?Finalize@SQUserData@@UAEXXZ 10005314 f i sqapi.obj
 0001:00004322       ?GetType@SQUserData@@UAE?AW4tagSQObjectType@@XZ 10005322 f i sqapi.obj
 0001:00004328       ?Release@SQUserData@@UAEXXZ 10005328 f i sqapi.obj
 0001:00004352       ??_GSQUserData@@UAEPAXI@Z  10005352 f i sqapi.obj
 0001:00004352       ??_ESQUserData@@UAEPAXI@Z  10005352 f i  CIL library: CIL module
 0001:000043b3       ?Create@SQClass@@SAPAU1@PAUSQSharedState@@PAU1@@Z 100053b3 f i sqapi.obj
 0001:000043ef       ?Get@SQClass@@QAE_NABUSQObjectPtr@@AAU2@@Z 100053ef f i sqapi.obj
 0001:00004459       ?Get@SQInstance@@QAE_NABUSQObjectPtr@@AAU2@@Z 10005459 f i sqapi.obj
 0001:000044c7       ?Set@SQInstance@@QAE_NABUSQObjectPtr@@0@Z 100054c7 f i sqapi.obj
 0001:0000453a       ?sq_aux_gettypedarg@@YA_NPAUSQVM@@HW4tagSQObjectType@@PAPAUSQObjectPtr@@@Z 1000553a f   sqapi.obj
 0001:000045af       ?sq_aux_invalidtype@@YAHPAUSQVM@@W4tagSQObjectType@@@Z 100055af f   sqapi.obj
 0001:000045ed       _sq_open                   100055ed f   sqapi.obj
 0001:00004671       _sq_newthread              10005671 f   sqapi.obj
 0001:000046ee       _sq_getvmstate             100056ee f   sqapi.obj
 0001:0000470a       _sq_seterrorhandler        1000570a f   sqapi.obj
 0001:00004757       _sq_setnativedebughook     10005757 f   sqapi.obj
 0001:00004777       _sq_setdebughook           10005777 f   sqapi.obj
 0001:000047d6       _sq_close                  100057d6 f   sqapi.obj
 0001:000047f9       _sq_getversion             100057f9 f   sqapi.obj
 0001:000047ff       _sq_compile                100057ff f   sqapi.obj
 0001:00004899       _sq_enabledebuginfo        10005899 f   sqapi.obj
 0001:000048b2       _sq_notifyallexceptions    100058b2 f   sqapi.obj
 0001:000048cb       _sq_addref                 100058cb f   sqapi.obj
 0001:000048fc       _sq_getrefcount            100058fc f   sqapi.obj
 0001:00004931       _sq_release                10005931 f   sqapi.obj
 0001:00004956       _sq_objtostring            10005956 f   sqapi.obj
 0001:0000496c       _sq_objtointeger           1000596c f   sqapi.obj
 0001:00004991       _sq_objtofloat             10005991 f   sqapi.obj
 0001:000049bd       _sq_objtobool              100059bd f   sqapi.obj
 0001:000049d0       _sq_objtouserpointer       100059d0 f   sqapi.obj
 0001:000049e3       _sq_pushnull               100059e3 f   sqapi.obj
 0001:000049ec       _sq_pushstring             100059ec f   sqapi.obj
 0001:00004a3b       _sq_pushinteger            10005a3b f   sqapi.obj
 0001:00004a63       _sq_pushbool               10005a63 f   sqapi.obj
 0001:00004a90       _sq_pushfloat              10005a90 f   sqapi.obj
 0001:00004ab8       _sq_pushuserpointer        10005ab8 f   sqapi.obj
 0001:00004ae0       _sq_newuserdata            10005ae0 f   sqapi.obj
 0001:00004b60       _sq_newtable               10005b60 f   sqapi.obj
 0001:00004b9c       _sq_newtableex             10005b9c f   sqapi.obj
 0001:00004bd8       _sq_newarray               10005bd8 f   sqapi.obj
 0001:00004c15       _sq_newclass               10005c15 f   sqapi.obj
 0001:00004c97       _sq_instanceof             10005c97 f   sqapi.obj
 0001:00004cf2       _sq_arrayappend            10005cf2 f   sqapi.obj
 0001:00004d50       _sq_arraypop               10005d50 f   sqapi.obj
 0001:00004de5       _sq_arrayresize            10005de5 f   sqapi.obj
 0001:00004e4f       _sq_arrayreverse           10005e4f f   sqapi.obj
 0001:00004f14       _sq_arrayremove            10005f14 f   sqapi.obj
 0001:00004f7e       _sq_arrayinsert            10005f7e f   sqapi.obj
 0001:00004ffc       _sq_newclosure             10005ffc f   sqapi.obj
 0001:00005070       _sq_getclosureinfo         10006070 f   sqapi.obj
 0001:000050c9       _sq_setnativeclosurename   100060c9 f   sqapi.obj
 0001:00005117       _sq_setparamscheck         10006117 f   sqapi.obj
 0001:000051c6       _sq_bindenv                100061c6 f   sqapi.obj
 0001:000052e8       _sq_getclosurename         100062e8 f   sqapi.obj
 0001:00005337       _sq_clear                  10006337 f   sqapi.obj
 0001:00005391       _sq_pushroottable          10006391 f   sqapi.obj
 0001:0000539f       _sq_pushregistrytable      1000639f f   sqapi.obj
 0001:000053b3       _sq_pushconsttable         100063b3 f   sqapi.obj
 0001:000053c7       _sq_setroottable           100063c7 f   sqapi.obj
 0001:0000541d       _sq_setconsttable          1000641d f   sqapi.obj
 0001:00005471       _sq_setforeignptr          10006471 f   sqapi.obj
 0001:00005480       _sq_getforeignptr          10006480 f   sqapi.obj
 0001:0000548b       _sq_push                   1000648b f   sqapi.obj
 0001:000054a4       _sq_gettype                100064a4 f   sqapi.obj
 0001:000054b5       _sq_typeof                 100064b5 f   sqapi.obj
 0001:00005503       _sq_tostring               10006503 f   sqapi.obj
 0001:00005551       _sq_tobool                 10006551 f   sqapi.obj
 0001:00005574       _sq_getinteger             10006574 f   sqapi.obj
 0001:000055ae       _sq_getfloat               100065ae f   sqapi.obj
 0001:000055ec       _sq_getbool                100065ec f   sqapi.obj
 0001:00005612       _sq_getstring              10006612 f   sqapi.obj
 0001:0000564d       _sq_getthread              1000664d f   sqapi.obj
 0001:00005685       _sq_clone                  10006685 f   sqapi.obj
 0001:000056c7       _sq_getsize                100066c7 f   sqapi.obj
 0001:0000573a       _sq_gethash                1000673a f   sqapi.obj
 0001:0000574f       _sq_getuserdata            1000674f f   sqapi.obj
 0001:0000579c       _sq_settypetag             1000679c f   sqapi.obj
 0001:000057e9       _sq_getobjtypetag          100067e9 f   sqapi.obj
 0001:0000582d       _sq_gettypetag             1000682d f   sqapi.obj
 0001:0000585f       _sq_getuserpointer         1000685f f   sqapi.obj
 0001:00005897       _sq_setinstanceup          10006897 f   sqapi.obj
 0001:000058cb       _sq_setclassudsize         100068cb f   sqapi.obj
 0001:00005913       _sq_getinstanceup          10006913 f   sqapi.obj
 0001:0000596d       _sq_gettop                 1000696d f   sqapi.obj
 0001:00005978       _sq_settop                 10006978 f   sqapi.obj
 0001:000059ac       _sq_pop                    100069ac f   sqapi.obj
 0001:000059bc       _sq_poptop                 100069bc f   sqapi.obj
 0001:000059c5       _sq_remove                 100069c5 f   sqapi.obj
 0001:00005a12       _sq_cmp                    10006a12 f   sqapi.obj
 0001:00005a39       _sq_newslot                10006a39 f   sqapi.obj
 0001:00005ac3       _sq_deleteslot             10006ac3 f   sqapi.obj
 0001:00005b7d       _sq_set                    10006b7d f   sqapi.obj
 0001:00005bc3       _sq_rawset                 10006bc3 f   sqapi.obj
 0001:00005cbc       _sq_newmember              10006cbc f   sqapi.obj
 0001:00005d36       _sq_rawnewmember           10006d36 f   sqapi.obj
 0001:00005db0       _sq_setdelegate            10006db0 f   sqapi.obj
 0001:00005e49       _sq_rawdeleteslot          10006e49 f   sqapi.obj
 0001:00005ef8       _sq_getdelegate            10006ef8 f   sqapi.obj
 0001:00005f5f       _sq_get                    10006f5f f   sqapi.obj
 0001:00005fa0       _sq_rawget                 10006fa0 f   sqapi.obj
 0001:00006090       _sq_getstackobj            10007090 f   sqapi.obj
 0001:000060af       _sq_getlocal               100070af f   sqapi.obj
 0001:00006144       _sq_pushobject             10007144 f   sqapi.obj
 0001:00006176       _sq_resetobject            10007176 f   sqapi.obj
 0001:00006185       _sq_throwerror             10007185 f   sqapi.obj
 0001:000061aa       _sq_throwobject            100071aa f   sqapi.obj
 0001:000061cf       _sq_reseterror             100071cf f   sqapi.obj
 0001:000061db       _sq_getlasterror           100071db f   sqapi.obj
 0001:000061e9       _sq_reservestack           100071e9 f   sqapi.obj
 0001:0000623b       _sq_resume                 1000723b f   sqapi.obj
 0001:000062ab       _sq_call                   100072ab f   sqapi.obj
 0001:0000633e       _sq_suspendvm              1000733e f   sqapi.obj
 0001:0000636f       _sq_wakeupvm               1000736f f   sqapi.obj
 0001:0000645b       _sq_setreleasehook         1000745b f   sqapi.obj
 0001:000064b3       _sq_setcompilererrorhandler 100074b3 f   sqapi.obj
 0001:000064c8       _sq_writeclosure           100074c8 f   sqapi.obj
 0001:00006559       _sq_readclosure            10007559 f   sqapi.obj
 0001:000065e7       _sq_getscratchpad          100075e7 f   sqapi.obj
 0001:00006609       _sq_resurrectunreachable   10007609 f   sqapi.obj
 0001:0000661c       _sq_collectgarbage         1000761c f   sqapi.obj
 0001:0000662e       _sq_getcallee              1000762e f   sqapi.obj
 0001:0000665b       _sq_getfreevariable        1000765b f   sqapi.obj
 0001:000066d4       _sq_setfreevariable        100076d4 f   sqapi.obj
 0001:00006761       _sq_setattributes          10007761 f   sqapi.obj
 0001:0000684e       _sq_getattributes          1000784e f   sqapi.obj
 0001:0000690e       _sq_getmemberhandle        1000790e f   sqapi.obj
 0001:000069a9       ?_getmemberbyhandle@@YAHPAUSQVM@@AAUSQObjectPtr@@PBUtagSQMemberHandle@@AAPAU2@@Z 100079a9 f   sqapi.obj
 0001:00006a01       _sq_getbyhandle            10007a01 f   sqapi.obj
 0001:00006a80       _sq_setbyhandle            10007a80 f   sqapi.obj
 0001:00006ad0       _sq_getbase                10007ad0 f   sqapi.obj
 0001:00006b32       _sq_getclass               10007b32 f   sqapi.obj
 0001:00006b8b       _sq_createinstance         10007b8b f   sqapi.obj
 0001:00006be6       _sq_weakref                10007be6 f   sqapi.obj
 0001:00006c56       _sq_getweakrefval          10007c56 f   sqapi.obj
 0001:00006cb4       _sq_getdefaultdelegate     10007cb4 f   sqapi.obj
 0001:00006d71       _sq_next                   10007d71 f   sqapi.obj
 0001:00006e47       ?buf_lexfeed@@YAHPAX@Z     10007e47 f   sqapi.obj
 0001:00006e65       _sq_compilebuffer          10007e65 f   sqapi.obj
 0001:00006e97       _sq_move                   10007e97 f   sqapi.obj
 0001:00006eb0       _sq_setprintfunc           10007eb0 f   sqapi.obj
 0001:00006ed2       _sq_getprintfunc           10007ed2 f   sqapi.obj
 0001:00006ee3       _sq_geterrorfunc           10007ee3 f   sqapi.obj
 0001:00006ef4       _sq_malloc                 10007ef4 f   sqapi.obj
 0001:00006efa       _sq_realloc                10007efa f   sqapi.obj
 0001:00006f0b       _sq_free                   10007f0b f   sqapi.obj
 0001:00006f17       ??1?$sqvector@USQObjectPtr@@@@QAE@XZ 10007f17 f i sqapi.obj
 0001:00006f3f       ?resize@?$sqvector@USQObjectPtr@@@@QAEXIABUSQObjectPtr@@@Z 10007f3f f i sqapi.obj
 0001:00006f9f       ?push_back@?$sqvector@USQObjectPtr@@@@QAEAAUSQObjectPtr@@ABU2@@Z 10007f9f f i sqapi.obj
 0001:00006fdb       ?insert@?$sqvector@USQObjectPtr@@@@QAEXIABUSQObjectPtr@@@Z 10007fdb f i sqapi.obj
 0001:00007048       ?copy@?$sqvector@H@@QAEXABV1@@Z 10008048 f i sqapi.obj
 0001:0000708b       ?_realloc@?$sqvector@USQObjectPtr@@@@AAEXI@Z 1000808b f i sqapi.obj
 0001:000070ad       ?_realloc@?$sqvector@H@@AAEXI@Z 100080ad f i sqapi.obj
 0001:000070cf       ??4SQObjectPtr@@QAEAAU0@PAUSQArray@@@Z 100080cf f i sqbaselib.obj
 0001:000070f5       ??4SQObjectPtr@@QAEAAU0@H@Z 100080f5 f i sqbaselib.obj
 0001:00007123       ??4SQObjectPtr@@QAEAAU0@M@Z 10008123 f i sqbaselib.obj
 0001:00007151       ?Set@SQArray@@QAE_NHABUSQObjectPtr@@@Z 10008151 f i sqbaselib.obj
 0001:00007174       ?str2num@@YA_NPBDAAUSQObjectPtr@@@Z 10008174 f   sqbaselib.obj
 0001:000071e2       ?Flush@SQBlob@@UAEHXZ      100081e2 f   sqstdblob.obj
 0001:00007809       ?sq_base_register@@YAXPAUSQVM@@@Z 10008809 f   sqbaselib.obj
 0001:00008593       ?_sort_compare@@YA_NPAUSQVM@@AAUSQObjectPtr@@1HAAH@Z 10009593 f   sqbaselib.obj
 0001:00008644       ?_hsort_sift_down@@YA_NPAUSQVM@@PAUSQArray@@HHH@Z 10009644 f   sqbaselib.obj
 0001:0000871c       ?_hsort@@YA_NPAUSQVM@@AAUSQObjectPtr@@HHH@Z 1000971c f   sqbaselib.obj
 0001:00009842       ?Lock@SQClass@@QAEXXZ      1000a842 f i sqclass.obj
 0001:00009856       ?Release@SQClass@@UAEXXZ   1000a856 f i sqclass.obj
 0001:00009881       ?GetType@SQClass@@UAE?AW4tagSQObjectType@@XZ 1000a881 f i sqclass.obj
 0001:00009887       ?Release@SQInstance@@UAEXXZ 1000a887 f i sqclass.obj
 0001:000098b4       ?GetType@SQInstance@@UAE?AW4tagSQObjectType@@XZ 1000a8b4 f i sqclass.obj
 0001:000098ba       ??0SQClass@@QAE@PAUSQSharedState@@PAU0@@Z 1000a8ba f   sqclass.obj
 0001:000099e5       ??_ESQClass@@UAEPAXI@Z     1000a9e5 f i  CIL library: CIL module
 0001:000099e5       ??_GSQClass@@UAEPAXI@Z     1000a9e5 f i sqclass.obj
 0001:00009a02       ?Finalize@SQClass@@UAEXXZ  1000aa02 f   sqclass.obj
 0001:00009acc       ??1SQClassMember@@QAE@XZ   1000aacc f i sqclass.obj
 0001:00009b00       ??1SQClass@@UAE@XZ         1000ab00 f   sqclass.obj
 0001:00009b8f       ?NewSlot@SQClass@@QAE_NPAUSQSharedState@@ABUSQObjectPtr@@1_N@Z 1000ab8f f   sqclass.obj
 0001:00009e24       ?CreateInstance@SQClass@@QAEPAUSQInstance@@XZ 1000ae24 f   sqclass.obj
 0001:00009eb2       ?Next@SQClass@@QAEHABUSQObjectPtr@@AAU2@1@Z 1000aeb2 f   sqclass.obj
 0001:00009f5a       ?SetAttributes@SQClass@@QAE_NABUSQObjectPtr@@0@Z 1000af5a f   sqclass.obj
 0001:00009fd5       ?GetAttributes@SQClass@@QAE_NABUSQObjectPtr@@AAU2@@Z 1000afd5 f   sqclass.obj
 0001:0000a04f       ?Init@SQInstance@@QAEXPAUSQSharedState@@@Z 1000b04f f   sqclass.obj
 0001:0000a079       ??0SQInstance@@QAE@PAUSQSharedState@@PAUSQClass@@H@Z 1000b079 f   sqclass.obj
 0001:0000a10c       ??_GSQInstance@@UAEPAXI@Z  1000b10c f i sqclass.obj
 0001:0000a10c       ??_ESQInstance@@UAEPAXI@Z  1000b10c f i  CIL library: CIL module
 0001:0000a129       ??0SQInstance@@QAE@PAUSQSharedState@@PAU0@H@Z 1000b129 f   sqclass.obj
 0001:0000a1b6       ?Finalize@SQInstance@@UAEXXZ 1000b1b6 f   sqclass.obj
 0001:0000a1f0       ??1SQInstance@@UAE@XZ      1000b1f0 f   sqclass.obj
 0001:0000a25c       ?GetMetaMethod@SQInstance@@UAE_NPAUSQVM@@W4SQMetaMethod@@AAUSQObjectPtr@@@Z 1000b25c f   sqclass.obj
 0001:0000a283       ?copy@?$sqvector@USQClassMember@@@@QAEXABV1@@Z 1000b283 f i sqclass.obj
 0001:0000a307       ??1?$sqvector@USQClassMember@@@@QAE@XZ 1000b307 f i sqclass.obj
 0001:0000a336       ?resize@?$sqvector@USQClassMember@@@@QAEXIABUSQClassMember@@@Z 1000b336 f i sqclass.obj
 0001:0000a35b       ?push_back@?$sqvector@USQClassMember@@@@QAEAAUSQClassMember@@ABU2@@Z 1000b35b f i sqclass.obj
 0001:0000a390       ??0SQClassMember@@QAE@ABU0@@Z 1000b390 f i sqclass.obj
 0001:0000a3bd       ?_realloc@?$sqvector@USQClassMember@@@@AAEXI@Z 1000b3bd f i sqclass.obj
 0001:0000a3df       ??4SQObjectPtr@@QAEAAU0@PAUSQFunctionProto@@@Z 1000b3df f i sqcompiler.obj
 0001:0000a405       ?AddInstruction@SQFuncState@@QAEXW4SQOpcode@@HHHH@Z 1000b405 f i sqcompiler.obj
 0001:0000a439       ??0SQCompiler@@QAE@PAUSQVM@@P6AHPAX@Z1PBD_N4@Z 1000b439 f i sqcompiler.obj
 0001:0000a4ca       ?ThrowError@SQCompiler@@SAXPAXPBD@Z 1000b4ca f i sqcompiler.obj
 0001:0000a4d8       ?Error@SQCompiler@@QAAXPBDZZ 1000b4d8 f i sqcompiler.obj
 0001:0000a505       ?Expect@SQCompiler@@QAE?AUtagSQObject@@H@Z 1000b505 f i sqcompiler.obj
 0001:0000a635       ?IsEndOfStatement@SQCompiler@@QAE_NXZ 1000b635 f i sqcompiler.obj
 0001:0000a652       ?OptionalSemicolon@SQCompiler@@QAEXXZ 1000b652 f i sqcompiler.obj
 0001:0000a67a       ?Compile@SQCompiler@@QAE_NAAUSQObjectPtr@@@Z 1000b67a f i sqcompiler.obj
 0001:0000a87d       ?Statements@SQCompiler@@QAEXXZ 1000b87d f i sqcompiler.obj
 0001:0000a8b4       ?Statement@SQCompiler@@QAEX_N@Z 1000b8b4 f i sqcompiler.obj
 0001:0000add3       ?EmitDerefOp@SQCompiler@@QAEXW4SQOpcode@@@Z 1000bdd3 f i sqcompiler.obj
 0001:0000ae17       ?Emit2ArgsOP@SQCompiler@@QAEXW4SQOpcode@@H@Z 1000be17 f i sqcompiler.obj
 0001:0000ae4d       ?EmitCompoundArith@SQCompiler@@QAEXHHH@Z 1000be4d f i sqcompiler.obj
 0001:0000af5d       ?CommaExpr@SQCompiler@@QAEXXZ 1000bf5d f i sqcompiler.obj
 0001:0000af9a       ?Expression@SQCompiler@@QAEXXZ 1000bf9a f i sqcompiler.obj
 0001:0000b209       ?LogicalOrExp@SQCompiler@@QAEXXZ 1000c209 f i sqcompiler.obj
 0001:0000b2be       ?LogicalAndExp@SQCompiler@@QAEXXZ 1000c2be f i sqcompiler.obj
 0001:0000b39d       ?BitwiseOrExp@SQCompiler@@QAEXXZ 1000c39d f i sqcompiler.obj
 0001:0000b3bc       ?BitwiseXorExp@SQCompiler@@QAEXXZ 1000c3bc f i sqcompiler.obj
 0001:0000b3db       ?BitwiseAndExp@SQCompiler@@QAEXXZ 1000c3db f i sqcompiler.obj
 0001:0000b3fa       ?EqExp@SQCompiler@@QAEXXZ  1000c3fa f i sqcompiler.obj
 0001:0000b438       ?CompExp@SQCompiler@@QAEXXZ 1000c438 f i sqcompiler.obj
 0001:0000b478       ?ShiftExp@SQCompiler@@QAEXXZ 1000c478 f i sqcompiler.obj
 0001:0000b4b0       ?ChooseArithOpByToken@SQCompiler@@QAE?AW4SQOpcode@@H@Z 1000c4b0 f i sqcompiler.obj
 0001:0000b4f6       ?PlusExp@SQCompiler@@QAEXXZ 1000c4f6 f i sqcompiler.obj
 0001:0000b521       ?MultExp@SQCompiler@@QAEXXZ 1000c521 f i sqcompiler.obj
 0001:0000b550       ?PrefixedExpr@SQCompiler@@QAEXXZ 1000c550 f i sqcompiler.obj
 0001:0000b7db       ?Factor@SQCompiler@@QAEHXZ 1000c7db f i sqcompiler.obj
 0001:0000be6e       ?EmitLoadConstInt@SQCompiler@@QAEXHH@Z 1000ce6e f i sqcompiler.obj
 0001:0000be92       ?EmitLoadConstFloat@SQCompiler@@QAEXMH@Z 1000ce92 f i sqcompiler.obj
 0001:0000beb6       ?UnaryOP@SQCompiler@@QAEXW4SQOpcode@@@Z 1000ceb6 f i sqcompiler.obj
 0001:0000bee6       ?NeedGet@SQCompiler@@QAE_NXZ 1000cee6 f i sqcompiler.obj
 0001:0000bf3a       ?FunctionCallArgs@SQCompiler@@QAEXXZ 1000cf3a f i sqcompiler.obj
 0001:0000bff3       ?ParseTableOrClass@SQCompiler@@QAEXHH@Z 1000cff3 f i sqcompiler.obj
 0001:0000c297       ?LocalDeclStatement@SQCompiler@@QAEXXZ 1000d297 f i sqcompiler.obj
 0001:0000c3c0       ?IfStatement@SQCompiler@@QAEXXZ 1000d3c0 f i sqcompiler.obj
 0001:0000c56b       ?WhileStatement@SQCompiler@@QAEXXZ 1000d56b f i sqcompiler.obj
 0001:0000c6d3       ?DoWhileStatement@SQCompiler@@QAEXXZ 1000d6d3 f i sqcompiler.obj
 0001:0000c839       ?ForStatement@SQCompiler@@QAEXXZ 1000d839 f i sqcompiler.obj
 0001:0000cad2       ?ForEachStatement@SQCompiler@@QAEXXZ 1000dad2 f i sqcompiler.obj
 0001:0000cd57       ?SwitchStatement@SQCompiler@@QAEXXZ 1000dd57 f i sqcompiler.obj
 0001:0000cfb2       ?FunctionStatement@SQCompiler@@QAEXXZ 1000dfb2 f i sqcompiler.obj
 0001:0000d0c8       ?ClassStatement@SQCompiler@@QAEXXZ 1000e0c8 f i sqcompiler.obj
 0001:0000d13d       ?ExpectScalar@SQCompiler@@QAE?AUtagSQObject@@XZ 1000e13d f i sqcompiler.obj
 0001:0000d1eb       ?EnumStatement@SQCompiler@@QAEXXZ 1000e1eb f i sqcompiler.obj
 0001:0000d387       ?TryCatchStatement@SQCompiler@@QAEXXZ 1000e387 f i sqcompiler.obj
 0001:0000d5af       ?FunctionExp@SQCompiler@@QAEXH_N@Z 1000e5af f i sqcompiler.obj
 0001:0000d637       ?ClassExp@SQCompiler@@QAEXXZ 1000e637 f i sqcompiler.obj
 0001:0000d709       ?DeleteExpr@SQCompiler@@QAEXXZ 1000e709 f i sqcompiler.obj
 0001:0000d771       ?PrefixIncDec@SQCompiler@@QAEXH@Z 1000e771 f i sqcompiler.obj
 0001:0000d84f       ?CreateFunction@SQCompiler@@QAEXAAUtagSQObject@@_N@Z 1000e84f f i sqcompiler.obj
 0001:0000da84       ?ResolveBreaks@SQCompiler@@QAEXPAUSQFuncState@@H@Z 1000ea84 f i sqcompiler.obj
 0001:0000dab5       ?ResolveContinues@SQCompiler@@QAEXPAUSQFuncState@@HH@Z 1000eab5 f i sqcompiler.obj
 0001:0000dae6       ?Compile@@YA_NPAUSQVM@@P6AHPAX@Z1PBDAAUSQObjectPtr@@_N5@Z 1000eae6 f   sqcompiler.obj
 0001:0000db5b       ??1SQCompiler@@QAE@XZ      1000eb5b f i sqcompiler.obj
 0001:0000db91       ?push_back@?$sqvector@H@@QAEAAHABH@Z 1000eb91 f i sqcompiler.obj
 0001:0000dbc5       ??1?$sqvector@H@@QAE@XZ    1000ebc5 f i sqapi.obj
 0001:0000dbc5       ??1?$sqvector@USQLineInfo@@@@QAE@XZ 1000ebc5 f i sqfuncstate.obj
 0001:0000dbc5       ??1?$sqvector@USQInstruction@@@@QAE@XZ 1000ebc5 f i sqcompiler.obj
 0001:0000dbc5       ??1?$sqvector@USQExceptionTrap@@@@QAE@XZ 1000ebc5 f i sqvm.obj
 0001:0000dbc5       ??1?$sqvector@PAUSQFuncState@@@@QAE@XZ 1000ebc5 f i sqfuncstate.obj
 0001:0000dbc5       ??1?$sqvector@D@@QAE@XZ    1000ebc5 f i sqlexer.obj
 0001:0000dbd5       ??$BIN_EXP@P8SQCompiler@@AEXXZ@SQCompiler@@QAEXW4SQOpcode@@P80@AEXXZH@Z 1000ebd5 f i sqcompiler.obj
 0001:0000dc1b       _sq_getfunctioninfo        1000ec1b f   sqdebug.obj
 0001:0000dc8b       _sq_stackinfos             1000ec8b f   sqdebug.obj
 0001:0000dd25       ?Raise_Error@SQVM@@QAAXPBDZZ 1000ed25 f   sqdebug.obj
 0001:0000dd81       ?PrintObjVal@SQVM@@QAEPAUSQString@@ABUSQObjectPtr@@@Z 1000ed81 f   sqdebug.obj
 0001:0000de27       ?Raise_IdxError@SQVM@@QAEXABUSQObjectPtr@@@Z 1000ee27 f   sqdebug.obj
 0001:0000de75       ?Raise_CompareError@SQVM@@QAEXABUtagSQObject@@0@Z 1000ee75 f   sqdebug.obj
 0001:0000df41       ?Raise_ParamTypeError@SQVM@@QAEXHHH@Z 1000ef41 f   sqdebug.obj
 0001:0000e06b       ??4SQObjectPtr@@QAEAAU0@PAUSQTable@@@Z 1000f06b f i sqfuncstate.obj
 0001:0000e091       ??0SQOuterVar@@QAE@ABUSQObjectPtr@@0W4SQOuterType@@@Z 1000f091 f i sqfuncstate.obj
 0001:0000e0e9       ??0SQOuterVar@@QAE@ABU0@@Z 1000f0e9 f i sqfuncstate.obj
 0001:0000e146       ??0SQLocalVarInfo@@QAE@ABU0@@Z 1000f146 f i sqfuncstate.obj
 0001:0000e18c       ?Create@SQFunctionProto@@SAPAU1@PAUSQSharedState@@HHHHHHHH@Z 1000f18c f i sqfuncstate.obj
 0001:0000e30d       ??1SQOuterVar@@QAE@XZ      1000f30d f i sqfuncstate.obj
 0001:0000e342       ??1SQLocalVarInfo@@QAE@XZ  1000f342 f i sqfuncstate.obj
 0001:0000e347       ??0SQFuncState@@QAE@PAUSQSharedState@@PAU0@P6AXPAXPBD@Z2@Z 1000f347 f   sqfuncstate.obj
 0001:0000e4c0       ?GetConstant@SQFuncState@@QAEHABUtagSQObject@@@Z 1000f4c0 f   sqfuncstate.obj
 0001:0000e5ba       ?SetIntructionParams@SQFuncState@@QAEXHHHHH@Z 1000f5ba f   sqfuncstate.obj
 0001:0000e5dc       ?AllocStackPos@SQFuncState@@QAEHXZ 1000f5dc f   sqfuncstate.obj
 0001:0000e656       ?PushTarget@SQFuncState@@QAEHH@Z 1000f656 f   sqfuncstate.obj
 0001:0000e67e       ?PopTarget@SQFuncState@@QAEHXZ 1000f67e f   sqfuncstate.obj
 0001:0000e6b2       ?CountOuters@SQFuncState@@QAEHH@Z 1000f6b2 f   sqfuncstate.obj
 0001:0000e6e1       ?SetStackSize@SQFuncState@@QAEXH@Z 1000f6e1 f   sqfuncstate.obj
 0001:0000e774       ?IsConstant@SQFuncState@@QAE_NABUtagSQObject@@AAU2@@Z 1000f774 f   sqfuncstate.obj
 0001:0000e805       ?IsLocal@SQFuncState@@QAE_NI@Z 1000f805 f   sqfuncstate.obj
 0001:0000e81e       ?PushLocalVariable@SQFuncState@@QAEHABUtagSQObject@@@Z 1000f81e f   sqfuncstate.obj
 0001:0000e893       ?GetLocalVariable@SQFuncState@@QAEHABUtagSQObject@@@Z 1000f893 f   sqfuncstate.obj
 0001:0000e8cf       ?GetOuterVariable@SQFuncState@@QAEHABUtagSQObject@@@Z 1000f8cf f   sqfuncstate.obj
 0001:0000ea3e       ?AddParameter@SQFuncState@@QAEXABUtagSQObject@@@Z 1000fa3e f   sqfuncstate.obj
 0001:0000ea7a       ?AddLineInfos@SQFuncState@@QAEXH_N0@Z 1000fa7a f   sqfuncstate.obj
 0001:0000ead1       ?DiscardTarget@SQFuncState@@QAEXXZ 1000fad1 f   sqfuncstate.obj
 0001:0000eb15       ?AddInstruction@SQFuncState@@QAEXAAUSQInstruction@@@Z 1000fb15 f   sqfuncstate.obj
 0001:0000edd1       ?CreateString@SQFuncState@@QAE?AUtagSQObject@@PBDH@Z 1000fdd1 f   sqfuncstate.obj
 0001:0000ee5a       ?CreateTable@SQFuncState@@QAE?AUtagSQObject@@XZ 1000fe5a f   sqfuncstate.obj
 0001:0000eedd       ?BuildProto@SQFuncState@@QAEPAUSQFunctionProto@@XZ 1000fedd f   sqfuncstate.obj
 0001:0000f137       ?PushChildState@SQFuncState@@QAEPAU1@PAUSQSharedState@@@Z 10010137 f   sqfuncstate.obj
 0001:0000f1d6       ?PopChildState@SQFuncState@@QAEXXZ 100101d6 f   sqfuncstate.obj
 0001:0000f201       ??1SQFuncState@@QAE@XZ     10010201 f   sqfuncstate.obj
 0001:0000f34d       ??1?$sqvector@USQLocalVarInfo@@@@QAE@XZ 1001034d f i sqfuncstate.obj
 0001:0000f37b       ?push_back@?$sqvector@USQLocalVarInfo@@@@QAEAAUSQLocalVarInfo@@ABU2@@Z 1001037b f i sqfuncstate.obj
 0001:0000f3e3       ??1?$sqvector@USQOuterVar@@@@QAE@XZ 100103e3 f i sqfuncstate.obj
 0001:0000f412       ?push_back@?$sqvector@USQOuterVar@@@@QAEAAUSQOuterVar@@ABU2@@Z 10010412 f i sqfuncstate.obj
 0001:0000f47a       ?push_back@?$sqvector@USQInstruction@@@@QAEAAUSQInstruction@@ABU2@@Z 1001047a f i sqcompiler.obj
 0001:0000f47a       ?push_back@?$sqvector@USQLineInfo@@@@QAEAAUSQLineInfo@@ABU2@@Z 1001047a f i sqfuncstate.obj
 0001:0000f4c2       ??1SQLexer@@QAE@XZ         100104c2 f   sqlexer.obj
 0001:0000f4fb       ?Init@SQLexer@@QAEXPAUSQSharedState@@P6AHPAX@Z1P6AX1PBD@Z1@Z 100104fb f   sqlexer.obj
 0001:00010213       ?Next@SQLexer@@AAEXXZ      10011213 f   sqlexer.obj
 0001:00010248       ?Tok2Str@SQLexer@@QAEPBDH@Z 10011248 f   sqlexer.obj
 0001:000102e2       ?Lex@SQLexer@@QAEHXZ       100112e2 f   sqlexer.obj
 0001:000108ba       ?GetIDType@SQLexer@@AAEHPAD@Z 100118ba f   sqlexer.obj
 0001:00010946       ?ReadString@SQLexer@@AAEHH_N@Z 10011946 f   sqlexer.obj
 0001:00010bb5       ?LexHexadecimal@@YAXPBDPAI@Z 10011bb5 f   sqlexer.obj
 0001:00010c08       ?isexponent@@YAHH@Z        10011c08 f   sqlexer.obj
 0001:00010c1d       ?ReadNumber@SQLexer@@AAEHXZ 10011c1d f   sqlexer.obj
 0001:00010ebd       ?ReadID@SQLexer@@AAEHXZ    10011ebd f   sqlexer.obj
 0001:00010f29       ?push_back@?$sqvector@D@@QAEAADABD@Z 10011f29 f i sqlexer.obj
 0001:00010f6d       ?Release@SQFunctionProto@@UAEXXZ 10011f6d f i sqobject.obj
 0001:0001100a       ?Finalize@SQFunctionProto@@UAEXXZ 1001200a f i sqobject.obj
 0001:00011029       ?GetType@SQFunctionProto@@UAE?AW4tagSQObjectType@@XZ 10012029 f i sqobject.obj
 0001:0001102f       ?IdType2Name@@YAPBDW4tagSQObjectType@@@Z 1001202f f   sqobject.obj
 0001:0001110a       ?Create@SQString@@SAPAU1@PAUSQSharedState@@PBDH@Z 1001210a f   sqobject.obj
 0001:0001111d       ?Release@SQString@@UAEXXZ  1001211d f   sqobject.obj
 0001:0001116d       ?TranslateIndex@@YAIABUSQObjectPtr@@@Z 1001216d f   sqobject.obj
 0001:00011184       ?GetWeakRef@SQRefCounted@@QAEPAUSQWeakRef@@W4tagSQObjectType@@@Z 10012184 f   sqobject.obj
 0001:000111be       ??_GSQWeakRef@@UAEPAXI@Z   100121be f i sqobject.obj
 0001:000111be       ??_ESQWeakRef@@UAEPAXI@Z   100121be f i  CIL library: CIL module
 0001:000111be       ??_ESQRefCounted@@UAEPAXI@Z 100121be f i  CIL library: CIL module
 0001:000111be       ??_GSQRefCounted@@UAEPAXI@Z 100121be f i sqapi.obj
 0001:000111da       ??1SQRefCounted@@UAE@XZ    100121da f   sqobject.obj
 0001:000111f6       ?Release@SQWeakRef@@UAEXXZ 100121f6 f   sqobject.obj
 0001:00011219       ?GetMetaMethod@SQDelegable@@UAE_NPAUSQVM@@W4SQMetaMethod@@AAUSQObjectPtr@@@Z 10012219 f   sqobject.obj
 0001:00011247       ?SetDelegate@SQDelegable@@QAE_NPAUSQTable@@@Z 10012247 f   sqobject.obj
 0001:00011284       ?Yield@SQGenerator@@QAE_NPAUSQVM@@H@Z 10012284 f   sqobject.obj
 0001:0001142c       ?Resume@SQGenerator@@QAE_NPAUSQVM@@AAUSQObjectPtr@@@Z 1001242c f   sqobject.obj
 0001:00011592       ?GetLocal@SQFunctionProto@@QAEPBDPAUSQVM@@III@Z 10012592 f   sqobject.obj
 0001:000115fc       ?GetLine@SQFunctionProto@@QAEHPAUSQInstruction@@@Z 100125fc f   sqobject.obj
 0001:0001165d       ??1SQClosure@@UAE@XZ       1001265d f   sqobject.obj
 0001:000116da       ?SafeWrite@@YA_NPAUSQVM@@P6AHPAX1H@Z11H@Z 100126da f   sqobject.obj
 0001:00011704       ?SafeRead@@YA_NPAUSQVM@@P6AHPAX1H@Z11H@Z 10012704 f   sqobject.obj
 0001:0001172e       ?WriteTag@@YA_NPAUSQVM@@P6AHPAX1H@Z1I@Z 1001272e f   sqobject.obj
 0001:00011746       ?CheckTag@@YA_NPAUSQVM@@P6AHPAX1H@Z1I@Z 10012746 f   sqobject.obj
 0001:00011783       ?WriteObject@@YA_NPAUSQVM@@PAXP6AH11H@ZAAUSQObjectPtr@@@Z 10012783 f   sqobject.obj
 0001:00011820       ?ReadObject@@YA_NPAUSQVM@@PAXP6AH11H@ZAAUSQObjectPtr@@@Z 10012820 f   sqobject.obj
 0001:00011957       ?Save@SQClosure@@QAE_NPAUSQVM@@PAXP6AH11H@Z@Z 10012957 f   sqobject.obj
 0001:000119cc       ?Load@SQClosure@@SA_NPAUSQVM@@PAXP6AH11H@ZAAUSQObjectPtr@@@Z 100129cc f   sqobject.obj
 0001:00011aad       ??_ESQFunctionProto@@EAEPAXI@Z 10012aad f i  CIL library: CIL module
 0001:00011aad       ??_GSQFunctionProto@@EAEPAXI@Z 10012aad f i sqobject.obj
 0001:00011b1c       ?Save@SQFunctionProto@@QAE_NPAUSQVM@@PAXP6AH11H@Z@Z 10012b1c f   sqobject.obj
 0001:00011f8c       ?Load@SQFunctionProto@@SA_NPAUSQVM@@PAXP6AH11H@ZAAUSQObjectPtr@@@Z 10012f8c f   sqobject.obj
 0001:0001262f       ?Mark@SQVM@@UAEXPAPAUSQCollectable@@@Z 1001362f f   sqobject.obj
 0001:000126cc       ?Mark@SQArray@@UAEXPAPAUSQCollectable@@@Z 100136cc f   sqobject.obj
 0001:0001271d       ?Mark@SQTable@@UAEXPAPAUSQCollectable@@@Z 1001371d f   sqobject.obj
 0001:00012789       ?Mark@SQClass@@UAEXPAPAUSQCollectable@@@Z 10013789 f   sqobject.obj
 0001:0001285c       ?Mark@SQInstance@@UAEXPAPAUSQCollectable@@@Z 1001385c f   sqobject.obj
 0001:000128b9       ?Mark@SQGenerator@@UAEXPAPAUSQCollectable@@@Z 100138b9 f   sqobject.obj
 0001:0001290f       ?Mark@SQFunctionProto@@UAEXPAPAUSQCollectable@@@Z 1001390f f   sqobject.obj
 0001:00012975       ?Mark@SQClosure@@UAEXPAPAUSQCollectable@@@Z 10013975 f   sqobject.obj
 0001:00012a10       ?Mark@SQNativeClosure@@UAEXPAPAUSQCollectable@@@Z 10013a10 f   sqobject.obj
 0001:00012a5e       ?Mark@SQOuter@@UAEXPAPAUSQCollectable@@@Z 10013a5e f   sqobject.obj
 0001:00012a9f       ?Mark@SQUserData@@UAEXPAPAUSQCollectable@@@Z 10013a9f f   sqobject.obj
 0001:00012adf       ?push_back@?$sqvector@USQExceptionTrap@@@@QAEAAUSQExceptionTrap@@ABU2@@Z 10013adf f i sqobject.obj
 0001:00012b30       ??_ESQString@@UAEPAXI@Z    10013b30 f i  CIL library: CIL module
 0001:00012b30       ??_GSQString@@UAEPAXI@Z    10013b30 f i sqstate.obj
 0001:00012b52       ??0SQSharedState@@QAE@XZ   10013b52 f   sqstate.obj
 0001:00012c02       ?CompileTypemask@@YA_NAAV?$sqvector@H@@PBD@Z 10013c02 f   sqstate.obj
 0001:00012d56       ?CreateDefaultDelegate@@YAPAUSQTable@@PAUSQSharedState@@PAUtagSQRegFunction@@@Z 10013d56 f   sqstate.obj
 0001:00012e57       ?Init@SQSharedState@@QAEXXZ 10013e57 f   sqstate.obj
 0001:00013adb       ??1SQSharedState@@QAE@XZ   10014adb f   sqstate.obj
 0001:00013d54       ?GetMetaMethodIdxByName@SQSharedState@@QAEHABUSQObjectPtr@@@Z 10014d54 f   sqstate.obj
 0001:00013dbb       ?MarkObject@SQSharedState@@SAXAAUSQObjectPtr@@PAPAUSQCollectable@@@Z 10014dbb f   sqstate.obj
 0001:00013e21       ?RunMark@SQSharedState@@QAEXPAUSQVM@@PAPAUSQCollectable@@@Z 10014e21 f   sqstate.obj
 0001:00013ed4       ?ResurrectUnreachable@SQSharedState@@QAEHPAUSQVM@@@Z 10014ed4 f   sqstate.obj
 0001:00013fe0       ?CollectGarbage@SQSharedState@@QAEHPAUSQVM@@@Z 10014fe0 f   sqstate.obj
 0001:00014049       ?AddToChain@SQCollectable@@SAXPAPAU1@PAU1@@Z 10015049 f   sqstate.obj
 0001:0001405e       ?RemoveFromChain@SQCollectable@@SAXPAPAU1@PAU1@@Z 1001505e f   sqstate.obj
 0001:0001408c       ?GetScratchPad@SQSharedState@@QAEPADH@Z 1001508c f   sqstate.obj
 0001:000140e6       ??1RefTable@@QAE@XZ        100150e6 f   sqstate.obj
 0001:000140f1       ?Release@RefTable@@QAEIAAUtagSQObject@@@Z 100150f1 f   sqstate.obj
 0001:0001417e       ?Resize@RefTable@@AAEXI@Z  1001517e f   sqstate.obj
 0001:000141e7       ?Add@RefTable@@AAEPAURefNode@1@IAAUtagSQObject@@@Z 100151e7 f   sqstate.obj
 0001:00014226       ?Get@RefTable@@AAEPAURefNode@1@AAUtagSQObject@@AAIPAPAU21@_N@Z 10015226 f   sqstate.obj
 0001:000142e4       ?AllocNodes@RefTable@@AAEXI@Z 100152e4 f   sqstate.obj
 0001:00014357       ?AllocNodes@SQStringTable@@AAEXH@Z 10015357 f   sqstate.obj
 0001:00014379       ?Add@SQStringTable@@QAEPAUSQString@@PBDH@Z 10015379 f   sqstate.obj
 0001:000144cd       ??1SQTable@@UAE@XZ         100154cd f i sqtable.obj
 0001:00014544       ?GetType@SQTable@@UAE?AW4tagSQObjectType@@XZ 10015544 f i sqtable.obj
 0001:0001454a       ?_Get@SQTable@@QAEPAU_HashNode@1@ABUSQObjectPtr@@I@Z 1001554a f i sqtable.obj
 0001:00014569       ??_GSQTable@@UAEPAXI@Z     10015569 f i sqtable.obj
 0001:00014569       ??_ESQTable@@UAEPAXI@Z     10015569 f i  CIL library: CIL module
 0001:00014586       ??_G_HashNode@SQTable@@QAEPAXI@Z 10015586 f i sqtable.obj
 0001:000145bc       ??0SQTable@@AAE@PAUSQSharedState@@H@Z 100155bc f   sqtable.obj
 0001:00014604       ?Remove@SQTable@@QAEXABUSQObjectPtr@@@Z 10015604 f   sqtable.obj
 0001:00014642       ?AllocNodes@SQTable@@AAEXH@Z 10015642 f   sqtable.obj
 0001:00014697       ?Rehash@SQTable@@AAEX_N@Z  10015697 f   sqtable.obj
 0001:0001473e       ?Clone@SQTable@@QAEPAU1@XZ 1001573e f   sqtable.obj
 0001:00014831       ?Get@SQTable@@QAE_NABUSQObjectPtr@@AAU2@@Z 10015831 f   sqtable.obj
 0001:0001488c       ?NewSlot@SQTable@@QAE_NABUSQObjectPtr@@0@Z 1001588c f   sqtable.obj
 0001:00014993       ?Next@SQTable@@QAEH_NABUSQObjectPtr@@AAU2@2@Z 10015993 f   sqtable.obj
 0001:00014a25       ?Set@SQTable@@QAE_NABUSQObjectPtr@@0@Z 10015a25 f   sqtable.obj
 0001:00014a5b       ?_ClearNodes@SQTable@@AAEXXZ 10015a5b f   sqtable.obj
 0001:00014a88       ?Finalize@SQTable@@UAEXXZ  10015a88 f   sqtable.obj
 0001:00014a9d       ??4SQObjectPtr@@QAEAAU0@PAUSQClass@@@Z 10015a9d f i sqvm.obj
 0001:00014ac3       ??4SQObjectPtr@@QAEAAU0@PAUSQInstance@@@Z 10015ac3 f i sqvm.obj
 0001:00014ae9       ??4SQObjectPtr@@QAEAAU0@_N@Z 10015ae9 f i sqvm.obj
 0001:00014b1c       ?GetType@SQVM@@UAE?AW4tagSQObjectType@@XZ 10015b1c f i sqvm.obj
 0001:00014b22       ?GrowCallStack@SQVM@@QAEXXZ 10015b22 f i sqvm.obj
 0001:00014b72       ?Release@SQArray@@UAEXXZ   10015b72 f i sqapi.obj
 0001:00014b72       ?Release@SQTable@@UAEXXZ   10015b72 f i sqtable.obj
 0001:00014b72       ?Release@SQOuter@@UAEXXZ   10015b72 f i sqvm.obj
 0001:00014b72       ?Release@SQVM@@UAEXXZ      10015b72 f i sqvm.obj
 0001:00014b72       ?Release@SQGenerator@@UAEXXZ 10015b72 f i sqvm.obj
 0001:00014b85       ??1CallInfo@SQVM@@QAE@XZ   10015b85 f i sqvm.obj
 0001:00014b8d       ??1AutoDec@@QAE@XZ         10015b8d f i sqvm.obj
 0001:00014b92       ?Finalize@SQOuter@@UAEXXZ  10015b92 f i sqvm.obj
 0001:00014b9a       ?GetType@SQOuter@@UAE?AW4tagSQObjectType@@XZ 10015b9a f i sqvm.obj
 0001:00014ba0       ??_ESQOuter@@UAEPAXI@Z     10015ba0 f i  CIL library: CIL module
 0001:00014ba0       ??_GSQOuter@@UAEPAXI@Z     10015ba0 f i sqvm.obj
 0001:00014c00       ??0SQGenerator@@AAE@PAUSQSharedState@@PAUSQClosure@@@Z 10015c00 f i sqvm.obj
 0001:00014c7f       ??1SQGenerator@@UAE@XZ     10015c7f f i sqvm.obj
 0001:00014cfa       ?Kill@SQGenerator@@QAEXXZ  10015cfa f i sqvm.obj
 0001:00014d4b       ?Finalize@SQGenerator@@UAEXXZ 10015d4b f i sqvm.obj
 0001:00014d99       ?GetType@SQGenerator@@UAE?AW4tagSQObjectType@@XZ 10015d99 f i sqvm.obj
 0001:00014d9f       ??_GSQGenerator@@UAEPAXI@Z 10015d9f f i sqvm.obj
 0001:00014d9f       ??_ESQGenerator@@UAEPAXI@Z 10015d9f f i  CIL library: CIL module
 0001:00014dbc       ?Next@SQArray@@QAEHABUSQObjectPtr@@AAU2@1@Z 10015dbc f i sqvm.obj
 0001:00014e11       ?Clone@SQInstance@@QAEPAU1@PAUSQSharedState@@@Z 10015e11 f i sqvm.obj
 0001:00014e82       ?BW_OP@SQVM@@QAE_NIAAUSQObjectPtr@@ABU2@1@Z 10015e82 f   sqvm.obj
 0001:00014f0c       ?ARITH_OP@SQVM@@QAE_NIAAUSQObjectPtr@@ABU2@1@Z 10015f0c f   sqvm.obj
 0001:0001505a       ??0SQVM@@QAE@PAUSQSharedState@@@Z 1001605a f   sqvm.obj
 0001:00015145       ??_ESQVM@@UAEPAXI@Z        10016145 f i  CIL library: CIL module
 0001:00015145       ??_GSQVM@@UAEPAXI@Z        10016145 f i sqvm.obj
 0001:00015162       ?Finalize@SQVM@@UAEXXZ     10016162 f   sqvm.obj
 0001:00015203       ??1SQVM@@UAE@XZ            10016203 f   sqvm.obj
 0001:000152be       ?ArithMetaMethod@SQVM@@QAE_NHABUSQObjectPtr@@0AAU2@@Z 100162be f   sqvm.obj
 0001:000153a1       ?NEG_OP@SQVM@@QAE_NAAUSQObjectPtr@@ABU2@@Z 100163a1 f   sqvm.obj
 0001:000154a4       ?ObjCmp@SQVM@@QAE_NABUSQObjectPtr@@0AAH@Z 100164a4 f   sqvm.obj
 0001:00015726       ?CMP_OP@SQVM@@QAE_NW4CmpOP@@ABUSQObjectPtr@@1AAU3@@Z 10016726 f   sqvm.obj
 0001:00015792       ?ToString@SQVM@@QAE_NABUSQObjectPtr@@AAU2@@Z 10016792 f   sqvm.obj
 0001:0001592d       ?StringCat@SQVM@@QAE_NABUSQObjectPtr@@0AAU2@@Z 1001692d f   sqvm.obj
 0001:00015a3e       ?TypeOf@SQVM@@QAE_NABUSQObjectPtr@@AAU2@@Z 10016a3e f   sqvm.obj
 0001:00015ae6       ?Init@SQVM@@QAE_NPAU1@H@Z  10016ae6 f   sqvm.obj
 0001:00015bc8       ?StartCall@SQVM@@QAE_NPAUSQClosure@@HHH_N@Z 10016bc8 f   sqvm.obj
 0001:00015e11       ?Return@SQVM@@QAE_NHHAAUSQObjectPtr@@@Z 10016e11 f   sqvm.obj
 0001:00015ea9       ?PLOCAL_INC@SQVM@@QAE_NHAAUSQObjectPtr@@00@Z 10016ea9 f   sqvm.obj
 0001:00015f17       ?DerefInc@SQVM@@QAE_NHAAUSQObjectPtr@@000_NH@Z 10016f17 f   sqvm.obj
 0001:0001602b       ?FOREACH_OP@SQVM@@QAE_NAAUSQObjectPtr@@000HHAAH@Z 1001702b f   sqvm.obj
 0001:00016293       ?CLOSURE_OP@SQVM@@QAE_NAAUSQObjectPtr@@PAUSQFunctionProto@@@Z 10017293 f   sqvm.obj
 0001:0001636a       ?CLASS_OP@SQVM@@QAE_NAAUSQObjectPtr@@HH@Z 1001736a f   sqvm.obj
 0001:00016490       ?IsEqual@SQVM@@SA_NABUSQObjectPtr@@0AA_N@Z 10017490 f   sqvm.obj
 0001:000164ff       ?IsFalse@SQVM@@SA_NAAUSQObjectPtr@@@Z 100174ff f   sqvm.obj
 0001:00016527       ?Execute@SQVM@@QAE_NAAUSQObjectPtr@@HH0IW4ExecutionType@1@@Z 10017527 f   sqvm.obj
 0001:00017ec7       ?CreateClassInstance@SQVM@@QAE_NPAUSQClass@@AAUSQObjectPtr@@1@Z 10018ec7 f   sqvm.obj
 0001:00017f03       ?CallErrorHandler@SQVM@@QAEXAAUSQObjectPtr@@@Z 10018f03 f   sqvm.obj
 0001:00017f79       ?CallDebugHook@SQVM@@QAEXHH@Z 10018f79 f   sqvm.obj
 0001:000180c3       ?CallNative@SQVM@@QAE_NPAUSQNativeClosure@@HHAAUSQObjectPtr@@AA_N@Z 100190c3 f   sqvm.obj
 0001:00018254       ?Get@SQVM@@QAE_NABUSQObjectPtr@@0AAU2@_NH@Z 10019254 f   sqvm.obj
 0001:000183d4       ?InvokeDefaultDelegate@SQVM@@QAE_NABUSQObjectPtr@@0AAU2@@Z 100193d4 f   sqvm.obj
 0001:000184d4       ?FallBackGet@SQVM@@QAEHABUSQObjectPtr@@0AAU2@@Z 100194d4 f   sqvm.obj
 0001:0001860a       ?Set@SQVM@@QAE_NABUSQObjectPtr@@00H@Z 1001960a f   sqvm.obj
 0001:00018704       ?FallBackSet@SQVM@@QAEHABUSQObjectPtr@@00@Z 10019704 f   sqvm.obj
 0001:0001886c       ?Clone@SQVM@@QAE_NABUSQObjectPtr@@AAU2@@Z 1001986c f   sqvm.obj
 0001:000189f9       ?NewSlotA@SQVM@@QAE_NABUSQObjectPtr@@000_N1@Z 100199f9 f   sqvm.obj
 0001:00018afb       ?NewSlot@SQVM@@QAE_NABUSQObjectPtr@@00_N@Z 10019afb f   sqvm.obj
 0001:00018db9       ?DeleteSlot@SQVM@@QAE_NABUSQObjectPtr@@0AAU2@@Z 10019db9 f   sqvm.obj
 0001:00018f3b       ?Call@SQVM@@QAE_NAAUSQObjectPtr@@HH0I@Z 10019f3b f   sqvm.obj
 0001:00019058       ?CallMetaMethod@SQVM@@QAE_NAAUSQObjectPtr@@W4SQMetaMethod@@H0@Z 1001a058 f   sqvm.obj
 0001:00019099       ?FindOuter@SQVM@@QAEXAAUSQObjectPtr@@PAU2@@Z 1001a099 f   sqvm.obj
 0001:0001916d       ?EnterFrame@SQVM@@QAE_NHH_N@Z 1001a16d f   sqvm.obj
 0001:00019278       ?LeaveFrame@SQVM@@QAEXXZ   1001a278 f   sqvm.obj
 0001:000192f1       ?CloseOuters@SQVM@@QAEXPAUSQObjectPtr@@@Z 1001a2f1 f   sqvm.obj
 0001:0001932c       ?Pop@SQVM@@QAEXXZ          1001a32c f   sqvm.obj
 0001:0001933d       ?Pop@SQVM@@QAEXH@Z         1001a33d f   sqvm.obj
 0001:0001935a       ?PushNull@SQVM@@QAEXXZ     1001a35a f   sqvm.obj
 0001:0001936e       ?Push@SQVM@@QAEXABUSQObjectPtr@@@Z 1001a36e f   sqvm.obj
 0001:0001938b       ?copy@?$sqvector@USQObjectPtr@@@@QAEXABV1@@Z 1001a38b f i sqvm.obj
 0001:00019417       ??1?$sqvector@UCallInfo@SQVM@@@@QAE@XZ 1001a417 f i sqvm.obj
 0001:00019447       ?resize@?$sqvector@UCallInfo@SQVM@@@@QAEXIABUCallInfo@SQVM@@@Z 1001a447 f i sqvm.obj
 0001:0001950e       __purecall                 1001a50e f   MSVCRT:MSVCR90.dll
 0001:00019514       ??3@YAXPAX@Z               1001a514 f   MSVCRT:MSVCR90.dll
 0001:0001951a       ??_Etype_info@@UAEPAXI@Z   1001a51a f i MSVCRT:ti_inst.obj
 0001:00019566       ?__ArrayUnwind@@YGXPAXIHP6EX0@Z@Z 1001a566 f   MSVCRT:ehvecdtr.obj
 0001:000195c4       ??_M@YGXPAXIHP6EX0@Z@Z     1001a5c4 f   MSVCRT:ehvecdtr.obj
 0001:00019627       ??_L@YGXPAXIHP6EX0@Z1@Z    1001a627 f   MSVCRT:ehvecctr.obj
 0001:000196db       __CRT_INIT@12              1001a6db f   MSVCRT:crtdll.obj
 0001:00019a17       __DllMainCRTStartup@12     1001aa17 f   MSVCRT:crtdll.obj
 0001:00019a3a       ?terminate@@YAXXZ          1001aa3a f   MSVCRT:MSVCR90.dll
 0001:00019a40       __SEH_prolog4              1001aa40 f   MSVCRT:sehprolg4.obj
 0001:00019a85       __SEH_epilog4              1001aa85 f   MSVCRT:sehprolg4.obj
 0001:00019a99       __except_handler4          1001aa99 f   MSVCRT:chandler4gs.obj
 0001:00019abe       ___clean_type_info_names   1001aabe f   MSVCRT:tncleanup.obj
 0001:00019aca       __onexit                   1001aaca f   MSVCRT:atonexit.obj
 0001:00019b6f       _atexit                    1001ab6f f   MSVCRT:atonexit.obj
 0001:00019b86       __RTC_Initialize           1001ab86 f   MSVCRT:_initsect_.obj
 0001:00019bac       __RTC_Terminate            1001abac f   MSVCRT:_initsect_.obj
 0001:00019be0       __ValidateImageBase        1001abe0 f   MSVCRT:pesect.obj
 0001:00019c20       __FindPESection            1001ac20 f   MSVCRT:pesect.obj
 0001:00019c70       __IsNonwritableInCurrentImage 1001ac70 f   MSVCRT:pesect.obj
 0001:00019d2e       __initterm                 1001ad2e f   MSVCRT:MSVCR90.dll
 0001:00019d34       __initterm_e               1001ad34 f   MSVCRT:MSVCR90.dll
 0001:00019d3a       __amsg_exit                1001ad3a f   MSVCRT:MSVCR90.dll
 0001:00019d40       ___CppXcptFilter           1001ad40 f   MSVCRT:MSVCR90.dll
 0001:00019d46       _DllMain@12                1001ad46 f   MSVCRT:dllmain.obj
 0001:00019d6a       ___security_init_cookie    1001ad6a f   MSVCRT:gs_support.obj
 0001:00019e00       ??1type_info@@UAE@XZ       1001ae00 f   MSVCRT:MSVCR90.dll
 0001:00019e00       ?_type_info_dtor_internal_method@type_info@@QAEXXZ 1001ae00 f   MSVCRT:MSVCR90.dll
 0001:00019e06       @__security_check_cookie@4 1001ae06 f   MSVCRT:secchk.obj
 0001:00019e16       __except_handler4_common   1001ae16 f   MSVCRT:MSVCR90.dll
 0001:00019e1c       ___clean_type_info_names_internal 1001ae1c f   MSVCRT:MSVCR90.dll
 0001:00019e22       __unlock                   1001ae22 f   MSVCRT:MSVCR90.dll
 0001:00019e28       ___dllonexit               1001ae28 f   MSVCRT:MSVCR90.dll
 0001:00019e2e       __lock                     1001ae2e f   MSVCRT:MSVCR90.dll
 0001:00019e34       ___report_gsfailure        1001ae34 f   MSVCRT:gs_report.obj
 0001:00019f3a       __crt_debugger_hook        1001af3a f   MSVCRT:MSVCR90.dll
 0001:00019f40       ___CxxFrameHandler3        1001af40 f   MSVCRT:MSVCR90.dll
 0001:00019f48       __EH_prolog                1001af48 f   MSVCRT:ehprolog.obj
 0001:00019f70       __ftol2_sse                1001af70 f   MSVCRT:ftol2.obj
 0001:00019f79       __ftol2_pentium4           1001af79 f   MSVCRT:ftol2.obj
 0001:00019f8c       __ftol2_sse_excpt          1001af8c f   MSVCRT:ftol2.obj
 0001:00019fa6       __ftol2                    1001afa6 f   MSVCRT:ftol2.obj
 0001:0001a01c       __CItan                    1001b01c f   MSVCRT:MSVCR90.dll
 0001:0001a022       __CIsqrt                   1001b022 f   MSVCRT:MSVCR90.dll
 0001:0001a028       __CIsin                    1001b028 f   MSVCRT:MSVCR90.dll
 0001:0001a02e       __CIpow                    1001b02e f   MSVCRT:MSVCR90.dll
 0001:0001a034       __CIlog10                  1001b034 f   MSVCRT:MSVCR90.dll
 0001:0001a03a       __CIlog                    1001b03a f   MSVCRT:MSVCR90.dll
 0001:0001a040       _floor                     1001b040 f   MSVCRT:MSVCR90.dll
 0001:0001a046       __CIexp                    1001b046 f   MSVCRT:MSVCR90.dll
 0001:0001a04c       __CIcos                    1001b04c f   MSVCRT:MSVCR90.dll
 0001:0001a052       __CIatan2                  1001b052 f   MSVCRT:MSVCR90.dll
 0001:0001a058       __CIatan                   1001b058 f   MSVCRT:MSVCR90.dll
 0001:0001a05e       __CIasin                   1001b05e f   MSVCRT:MSVCR90.dll
 0001:0001a064       __CIacos                   1001b064 f   MSVCRT:MSVCR90.dll
 0001:0001a06a       _memcpy                    1001b06a f   MSVCRT:MSVCR90.dll
 0001:0001a070       _memset                    1001b070 f   MSVCRT:MSVCR90.dll
 0001:0001a076       __CIfmod                   1001b076 f   MSVCRT:MSVCR90.dll
 0001:0001a07c       __setjmp3                  1001b07c f   MSVCRT:MSVCR90.dll
 0001:0001a082       ___CxxLongjmpUnwind@4      1001b082 f   MSVCRT:MSVCR90.dll
 0001:0001a0d8       __get_sse2_info            1001b0d8 f   MSVCRT:cpu_disp.obj
 0001:0001a13a       ___sse2_available_init     1001b13a f   MSVCRT:cpu_disp.obj
 0002:00000000       __imp__SetUnhandledExceptionFilter@4 1001c000     kernel32:KERNEL32.dll
 0002:00000004       __imp__UnhandledExceptionFilter@4 1001c004     kernel32:KERNEL32.dll
 0002:00000008       __imp__GetCurrentProcess@0 1001c008     kernel32:KERNEL32.dll
 0002:0000000c       __imp__TerminateProcess@8  1001c00c     kernel32:KERNEL32.dll
 0002:00000010       __imp__GetSystemTimeAsFileTime@4 1001c010     kernel32:KERNEL32.dll
 0002:00000014       __imp__GetCurrentProcessId@0 1001c014     kernel32:KERNEL32.dll
 0002:00000018       __imp__GetCurrentThreadId@0 1001c018     kernel32:KERNEL32.dll
 0002:0000001c       __imp__GetTickCount@0      1001c01c     kernel32:KERNEL32.dll
 0002:00000020       __imp__QueryPerformanceCounter@4 1001c020     kernel32:KERNEL32.dll
 0002:00000024       __imp__DisableThreadLibraryCalls@4 1001c024     kernel32:KERNEL32.dll
 0002:00000028       __imp__InterlockedCompareExchange@12 1001c028     kernel32:KERNEL32.dll
 0002:0000002c       __imp__Sleep@4             1001c02c     kernel32:KERNEL32.dll
 0002:00000030       __imp__InterlockedExchange@8 1001c030     kernel32:KERNEL32.dll
 0002:00000034       __imp__IsDebuggerPresent@0 1001c034     kernel32:KERNEL32.dll
 0002:00000038       \177KERNEL32_NULL_THUNK_DATA 1001c038     kernel32:KERNEL32.dll
 0002:0000003c       __imp__isalnum             1001c03c     MSVCRT:MSVCR90.dll
 0002:00000040       __imp__ispunct             1001c040     MSVCRT:MSVCR90.dll
 0002:00000044       __imp__isprint             1001c044     MSVCRT:MSVCR90.dll
 0002:00000048       __imp__isalpha             1001c048     MSVCRT:MSVCR90.dll
 0002:0000004c       __imp__isdigit             1001c04c     MSVCRT:MSVCR90.dll
 0002:00000050       __imp__isupper             1001c050     MSVCRT:MSVCR90.dll
 0002:00000054       __imp__iscntrl             1001c054     MSVCRT:MSVCR90.dll
 0002:00000058       __imp__longjmp             1001c058     MSVCRT:MSVCR90.dll
 0002:0000005c       __imp__islower             1001c05c     MSVCRT:MSVCR90.dll
 0002:00000060       __imp__isxdigit            1001c060     MSVCRT:MSVCR90.dll
 0002:00000064       __imp__sprintf             1001c064     MSVCRT:MSVCR90.dll
 0002:00000068       __imp__strchr              1001c068     MSVCRT:MSVCR90.dll
 0002:0000006c       __imp__atoi                1001c06c     MSVCRT:MSVCR90.dll
 0002:00000070       __imp__strtok              1001c070     MSVCRT:MSVCR90.dll
 0002:00000074       __imp__rename              1001c074     MSVCRT:MSVCR90.dll
 0002:00000078       __imp___gmtime64           1001c078     MSVCRT:MSVCR90.dll
 0002:0000007c       __imp__system              1001c07c     MSVCRT:MSVCR90.dll
 0002:00000080       __imp__remove              1001c080     MSVCRT:MSVCR90.dll
 0002:00000084       __imp__clock               1001c084     MSVCRT:MSVCR90.dll
 0002:00000088       __imp___localtime64        1001c088     MSVCRT:MSVCR90.dll
 0002:0000008c       __imp__getenv              1001c08c     MSVCRT:MSVCR90.dll
 0002:00000090       __imp___time64             1001c090     MSVCRT:MSVCR90.dll
 0002:00000094       __imp__memmove             1001c094     MSVCRT:MSVCR90.dll
 0002:00000098       __imp__strtod              1001c098     MSVCRT:MSVCR90.dll
 0002:0000009c       __imp__strstr              1001c09c     MSVCRT:MSVCR90.dll
 0002:000000a0       __imp__strtol              1001c0a0     MSVCRT:MSVCR90.dll
 0002:000000a4       __imp__isspace             1001c0a4     MSVCRT:MSVCR90.dll
 0002:000000a8       __imp__toupper             1001c0a8     MSVCRT:MSVCR90.dll
 0002:000000ac       __imp__vsprintf            1001c0ac     MSVCRT:MSVCR90.dll
 0002:000000b0       __imp__strtoul             1001c0b0     MSVCRT:MSVCR90.dll
 0002:000000b4       __imp__free                1001c0b4     MSVCRT:MSVCR90.dll
 0002:000000b8       __imp__malloc              1001c0b8     MSVCRT:MSVCR90.dll
 0002:000000bc       __imp__realloc             1001c0bc     MSVCRT:MSVCR90.dll
 0002:000000c0       __imp_?terminate@@YAXXZ    1001c0c0     MSVCRT:MSVCR90.dll
 0002:000000c4       __imp___encode_pointer     1001c0c4     MSVCRT:MSVCR90.dll
 0002:000000c8       __imp___malloc_crt         1001c0c8     MSVCRT:MSVCR90.dll
 0002:000000cc       __imp___encoded_null       1001c0cc     MSVCRT:MSVCR90.dll
 0002:000000d0       __imp___decode_pointer     1001c0d0     MSVCRT:MSVCR90.dll
 0002:000000d4       __imp___initterm           1001c0d4     MSVCRT:MSVCR90.dll
 0002:000000d8       __imp___initterm_e         1001c0d8     MSVCRT:MSVCR90.dll
 0002:000000dc       __imp___amsg_exit          1001c0dc     MSVCRT:MSVCR90.dll
 0002:000000e0       __imp___adjust_fdiv        1001c0e0     MSVCRT:MSVCR90.dll
 0002:000000e4       __imp____CppXcptFilter     1001c0e4     MSVCRT:MSVCR90.dll
 0002:000000e8       __imp_?_type_info_dtor_internal_method@type_info@@QAEXXZ 1001c0e8     MSVCRT:MSVCR90.dll
 0002:000000ec       __imp___except_handler4_common 1001c0ec     MSVCRT:MSVCR90.dll
 0002:000000f0       __imp____clean_type_info_names_internal 1001c0f0     MSVCRT:MSVCR90.dll
 0002:000000f4       __imp___unlock             1001c0f4     MSVCRT:MSVCR90.dll
 0002:000000f8       __imp____dllonexit         1001c0f8     MSVCRT:MSVCR90.dll
 0002:000000fc       __imp___lock               1001c0fc     MSVCRT:MSVCR90.dll
 0002:00000100       __imp___onexit             1001c100     MSVCRT:MSVCR90.dll
 0002:00000104       __imp___crt_debugger_hook  1001c104     MSVCRT:MSVCR90.dll
 0002:00000108       __imp__srand               1001c108     MSVCRT:MSVCR90.dll
 0002:0000010c       __imp__rand                1001c10c     MSVCRT:MSVCR90.dll
 0002:00000110       __imp__ceil                1001c110     MSVCRT:MSVCR90.dll
 0002:00000114       __imp__fclose              1001c114     MSVCRT:MSVCR90.dll
 0002:00000118       __imp__fseek               1001c118     MSVCRT:MSVCR90.dll
 0002:0000011c       __imp__ftell               1001c11c     MSVCRT:MSVCR90.dll
 0002:00000120       __imp__fwrite              1001c120     MSVCRT:MSVCR90.dll
 0002:00000124       __imp__fread               1001c124     MSVCRT:MSVCR90.dll
 0002:00000128       __imp__fopen               1001c128     MSVCRT:MSVCR90.dll
 0002:0000012c       __imp__fflush              1001c12c     MSVCRT:MSVCR90.dll
 0002:00000130       __imp____iob_func          1001c130     MSVCRT:MSVCR90.dll
 0002:00000134       __imp__feof                1001c134     MSVCRT:MSVCR90.dll
 0002:00000138       __imp_??3@YAXPAX@Z         1001c138     MSVCRT:MSVCR90.dll
 0002:0000013c       __imp__tolower             1001c13c     MSVCRT:MSVCR90.dll
 0002:00000140       __imp___purecall           1001c140     MSVCRT:MSVCR90.dll
 0002:00000144       __imp____CxxFrameHandler3  1001c144     MSVCRT:MSVCR90.dll
 0002:00000148       __imp___CItan              1001c148     MSVCRT:MSVCR90.dll
 0002:0000014c       __imp___CIsqrt             1001c14c     MSVCRT:MSVCR90.dll
 0002:00000150       __imp___CIsin              1001c150     MSVCRT:MSVCR90.dll
 0002:00000154       __imp___CIpow              1001c154     MSVCRT:MSVCR90.dll
 0002:00000158       __imp___CIlog10            1001c158     MSVCRT:MSVCR90.dll
 0002:0000015c       __imp___CIlog              1001c15c     MSVCRT:MSVCR90.dll
 0002:00000160       __imp__floor               1001c160     MSVCRT:MSVCR90.dll
 0002:00000164       __imp___CIexp              1001c164     MSVCRT:MSVCR90.dll
 0002:00000168       __imp___CIcos              1001c168     MSVCRT:MSVCR90.dll
 0002:0000016c       __imp___CIatan2            1001c16c     MSVCRT:MSVCR90.dll
 0002:00000170       __imp___CIatan             1001c170     MSVCRT:MSVCR90.dll
 0002:00000174       __imp___CIasin             1001c174     MSVCRT:MSVCR90.dll
 0002:00000178       __imp___CIacos             1001c178     MSVCRT:MSVCR90.dll
 0002:0000017c       __imp__memcpy              1001c17c     MSVCRT:MSVCR90.dll
 0002:00000180       __imp__memset              1001c180     MSVCRT:MSVCR90.dll
 0002:00000184       __imp___CIfmod             1001c184     MSVCRT:MSVCR90.dll
 0002:00000188       __imp___setjmp3            1001c188     MSVCRT:MSVCR90.dll
 0002:0000018c       __imp____CxxLongjmpUnwind@4 1001c18c     MSVCRT:MSVCR90.dll
 0002:00000190       \177MSVCR90_NULL_THUNK_DATA 1001c190     MSVCRT:MSVCR90.dll
 0002:00000194       ___xc_a                    1001c194     MSVCRT:cinitexe.obj
 0002:00000198       ___xc_z                    1001c198     MSVCRT:cinitexe.obj
 0002:0000019c       ___xi_a                    1001c19c     MSVCRT:cinitexe.obj
 0002:000001a8       ___xi_z                    1001c1a8     MSVCRT:cinitexe.obj
 0002:000001b4       ??_7type_info@@6B@         1001c1b4     MSVCRT:ti_inst.obj
 0002:000001b8       __pDefaultRawDllMain       1001c1b8     MSVCRT:crtdll.obj
 0002:000001b8       __pRawDllMain              1001c1b8     MSVCRT:crtdll.obj
 0002:000001c4       ??_C@_0M@PJGLFAHK@?6CALLSTACK?6?$AA@ 1001c1c4     sqstdaux.obj
 0002:000001d0       ??_C@_07CIFAGBMG@unknown?$AA@ 1001c1d0     sqstdaux.obj
 0002:000001d8       ??_C@_0BP@OJILADIN@?$CKFUNCTION?5?$FL?$CFs?$CI?$CJ?$FN?5?$CFs?5line?5?$FL?$CFd?$FN?6?$AA@ 1001c1d8     sqstdaux.obj
 0002:000001f8       ??_C@_08OJCBCFCA@?6LOCALS?6?$AA@ 1001c1f8     sqstdaux.obj
 0002:00000204       ??_C@_0L@DJCPKMHA@?$FL?$CFs?$FN?5NULL?6?$AA@ 1001c204     sqstdaux.obj
 0002:00000210       ??_C@_08NGOLHCCJ@?$FL?$CFs?$FN?5?$CFd?6?$AA@ 1001c210     sqstdaux.obj
 0002:0000021c       ??_C@_0M@KNEBKHHJ@?$FL?$CFs?$FN?5?$CF?414g?6?$AA@ 1001c21c     sqstdaux.obj
 0002:00000228       ??_C@_0BC@LFFDKOEI@?$FL?$CFs?$FN?5USERPOINTER?6?$AA@ 1001c228     sqstdaux.obj
 0002:0000023c       ??_C@_0L@FFMKINED@?$FL?$CFs?$FN?5?$CC?$CFs?$CC?6?$AA@ 1001c23c     sqstdaux.obj
 0002:00000248       ??_C@_0M@DFMMEBIL@?$FL?$CFs?$FN?5TABLE?6?$AA@ 1001c248     sqstdaux.obj
 0002:00000254       ??_C@_0M@CNOJHJM@?$FL?$CFs?$FN?5ARRAY?6?$AA@ 1001c254     sqstdaux.obj
 0002:00000260       ??_C@_0O@PLLIPJMD@?$FL?$CFs?$FN?5CLOSURE?6?$AA@ 1001c260     sqstdaux.obj
 0002:00000270       ??_C@_0BE@KIHCKLEL@?$FL?$CFs?$FN?5NATIVECLOSURE?6?$AA@ 1001c270     sqstdaux.obj
 0002:00000284       ??_C@_0BA@OBKNALPI@?$FL?$CFs?$FN?5GENERATOR?6?$AA@ 1001c284     sqstdaux.obj
 0002:00000294       ??_C@_0P@ONKHMGLN@?$FL?$CFs?$FN?5USERDATA?6?$AA@ 1001c294     sqstdaux.obj
 0002:000002a4       ??_C@_0N@OOIIGMMH@?$FL?$CFs?$FN?5THREAD?6?$AA@ 1001c2a4     sqstdaux.obj
 0002:000002b4       ??_C@_0M@HMFKBCMO@?$FL?$CFs?$FN?5CLASS?6?$AA@ 1001c2b4     sqstdaux.obj
 0002:000002c0       ??_C@_0P@EMOEMOPD@?$FL?$CFs?$FN?5INSTANCE?6?$AA@ 1001c2c0     sqstdaux.obj
 0002:000002d0       ??_C@_0O@NHMJAHFB@?$FL?$CFs?$FN?5WEAKREF?6?$AA@ 1001c2d0     sqstdaux.obj
 0002:000002e0       ??_C@_04LOAJBDKD@true?$AA@ 1001c2e0     sqstdaux.obj
 0002:000002e8       ??_C@_05LAPONLG@false?$AA@ 1001c2e8     sqstdaux.obj
 0002:000002f0       ??_C@_08MPICMHNM@?$FL?$CFs?$FN?5?$CFs?6?$AA@ 1001c2f0     sqstdaux.obj
 0002:000002fc       ??_C@_0BM@MMCOKIHC@?6AN?5ERROR?5HAS?5OCCURED?5?$FL?$CFs?$FN?6?$AA@ 1001c2fc     sqstdaux.obj
 0002:00000318       ??_C@_0CB@HBLDDEIG@?6AN?5ERROR?5HAS?5OCCURED?5?$FLunknown?$FN?6@ 1001c318     sqstdaux.obj
 0002:0000033c       ??_C@_0CJ@DDDICFBH@?$CFs?5line?5?$DN?5?$CI?$CFd?$CJ?5column?5?$DN?5?$CI?$CFd?$CJ?5?3?5e@ 1001c33c     sqstdaux.obj
 0002:00000368       ??_C@_09IGIMPLLL@swapfloat?$AA@ 1001c368     sqstdblob.obj
 0002:00000374       ??_C@_07OFABLADA@castf2i?$AA@ 1001c374     sqstdblob.obj
 0002:0000037c       ??_C@_02MJBDALCO@?4n?$AA@  1001c37c     sqstdblob.obj
 0002:00000380       ??_C@_07DKPKLMKJ@casti2f?$AA@ 1001c380     sqstdblob.obj
 0002:00000388       ??_C@_02LNLKOMPL@xx?$AA@   1001c388     sqstdblob.obj
 0002:0000038c       ??_C@_07FMKFJPGB@_cloned?$AA@ 1001c38c     sqstdblob.obj
 0002:00000394       ??_C@_06JNGOLHNJ@_nexti?$AA@ 1001c394     sqstdblob.obj
 0002:0000039c       ??_C@_07KHNHMOAP@_typeof?$AA@ 1001c39c     sqstdblob.obj
 0002:000003a4       ??_C@_04CACACKHL@_get?$AA@ 1001c3a4     sqstdblob.obj
 0002:000003ac       ??_C@_03MJAHAIJD@xnn?$AA@  1001c3ac     sqstdblob.obj
 0002:000003b0       ??_C@_04PPFLOKLD@_set?$AA@ 1001c3b0     sqstdblob.obj
 0002:000003b8       ??_C@_05OEDIBGCN@swap4?$AA@ 1001c3b8     sqstdblob.obj
 0002:000003c0       ??_C@_01FJMABOPO@x?$AA@    1001c3c0     sqstdblob.obj
 0002:000003c4       ??_C@_05LCGCLBKL@swap2?$AA@ 1001c3c4     sqstdblob.obj
 0002:000003cc       ??_C@_06PIONCPJI@resize?$AA@ 1001c3cc     sqstdblob.obj
 0002:000003d4       ??_C@_02KBCCFJCM@xn?$AA@   1001c3d4     sqstdblob.obj
 0002:000003d8       ??_C@_0M@HCIFEBGA@constructor?$AA@ 1001c3d8     sqstdblob.obj
 0002:000003e4       ??_C@_0P@GHFPNOJB@bad?5allocation?$AA@ 1001c3e4     sqstdblob.obj
 0002:000003f4       ??_C@_0BB@GKCCAHPC@invalid?5type?5tag?$AA@ 1001c3f4     sqstdblob.obj
 0002:00000408       ??_C@_0BE@MFDCDNAN@the?5blob?5is?5invalid?$AA@ 1001c408     sqstdblob.obj
 0002:0000041c       ??_C@_0O@MBKMIPAH@resize?5failed?$AA@ 1001c41c     sqstdblob.obj
 0002:0000042c       ??_C@_0BD@ILOGJALA@index?5out?5of?5range?$AA@ 1001c42c     sqstdblob.obj
 0002:00000440       ??_C@_0CM@GGLABFJI@internal?5error?5?$CI_nexti?$CJ?5wrong?5ar@ 1001c440     sqstdblob.obj
 0002:0000046c       ??_C@_04LPJPOBEM@blob?$AA@ 1001c46c     sqstdblob.obj
 0002:00000474       ??_C@_0CG@NBIHABHB@cannot?5create?5blob?5with?5negative@ 1001c474     sqstdblob.obj
 0002:0000049c       ??_C@_0BD@GNJDGOHM@cannot?5create?5blob?$AA@ 1001c49c     sqstdblob.obj
 0002:000004b0       ??_C@_0BC@HDGHAOKD@cannot?5clone?5blob?$AA@ 1001c4b0     sqstdblob.obj
 0002:000004c4       ??_C@_08PMKBLAFB@std_blob?$AA@ 1001c4c4     sqstdblob.obj
 0002:000004d4       ??_7SQBlob@@6B@            1001c4d4     sqstdblob.obj
 0002:000004f8       ??_C@_03IGDBBGID@?4sc?$AA@ 1001c4f8     sqstdio.obj
 0002:000004fc       ??_C@_0BD@FEFFOPPK@writeclosuretofile?$AA@ 1001c4fc     sqstdio.obj
 0002:00000510       ??_C@_06ONNDGCDK@dofile?$AA@ 1001c510     sqstdio.obj
 0002:00000518       ??_C@_03JPCKCHMC@?4sb?$AA@ 1001c518     sqstdio.obj
 0002:0000051c       ??_C@_08BNNFLGCJ@loadfile?$AA@ 1001c51c     sqstdio.obj
 0002:00000528       ??_C@_05LBOHBHFK@close?$AA@ 1001c528     sqstdio.obj
 0002:00000530       ??_C@_04DAMGJPCA@file?$AA@ 1001c530     sqstdio.obj
 0002:00000538       ??_C@_0BB@HMGEDEGN@cannot?5open?5file?$AA@ 1001c538     sqstdio.obj
 0002:0000054c       ??_C@_0BA@EHBOHDJE@wrong?5parameter?$AA@ 1001c54c     sqstdio.obj
 0002:0000055c       ??_C@_08HDPIMODN@std_file?$AA@ 1001c55c     sqstdio.obj
 0002:00000568       ??_C@_0L@MBHJIJPK@not?5a?5file?$AA@ 1001c568     sqstdio.obj
 0002:00000574       ??_C@_02JDPG@rb?$AA@       1001c574     sqstdio.obj
 0002:00000578       ??_C@_08GLNPIFBN@io?5error?$AA@ 1001c578     sqstdio.obj
 0002:00000584       ??_C@_0BF@LJNJGMGK@Unrecognozed?5ecoding?$AA@ 1001c584     sqstdio.obj
 0002:0000059c       ??_C@_0BF@DPIGNCIB@cannot?5open?5the?5file?$AA@ 1001c59c     sqstdio.obj
 0002:000005b4       ??_C@_03BFHAFKOB@wb?$CL?$AA@ 1001c5b4     sqstdio.obj
 0002:000005b8       ??_C@_06DJDOIFHB@stdout?$AA@ 1001c5b8     sqstdio.obj
 0002:000005c0       ??_C@_05MHOFLBOO@stdin?$AA@ 1001c5c0     sqstdio.obj
 0002:000005c8       ??_C@_06FJGNEBG@stderr?$AA@ 1001c5c8     sqstdio.obj
 0002:000005d4       ??_7SQFile@@6B@            1001c5d4     sqstdio.obj
 0002:000005f8       ??_C@_03BCGAIFPO@abs?$AA@  1001c5f8     sqstdmath.obj
 0002:000005fc       ??_C@_04ODHECPBC@fabs?$AA@ 1001c5fc     sqstdmath.obj
 0002:00000604       ??_C@_04HKINGDKC@rand?$AA@ 1001c604     sqstdmath.obj
 0002:0000060c       ??_C@_05IANLEKHD@srand?$AA@ 1001c60c     sqstdmath.obj
 0002:00000614       ??_C@_03KHJOGHMM@exp?$AA@  1001c614     sqstdmath.obj
 0002:00000618       ??_C@_04GFPJNGEK@ceil?$AA@ 1001c618     sqstdmath.obj
 0002:00000620       ??_C@_05PBJFFIGL@floor?$AA@ 1001c620     sqstdmath.obj
 0002:00000628       ??_C@_03JGHBODFD@pow?$AA@  1001c628     sqstdmath.obj
 0002:0000062c       ??_C@_03CHGBFION@?4nn?$AA@ 1001c62c     sqstdmath.obj
 0002:00000630       ??_C@_05KNGEOGJB@atan2?$AA@ 1001c630     sqstdmath.obj
 0002:00000638       ??_C@_04MLLJIGOK@atan?$AA@ 1001c638     sqstdmath.obj
 0002:00000640       ??_C@_03IIINPABG@tan?$AA@  1001c640     sqstdmath.obj
 0002:00000644       ??_C@_05HGHHAHAP@log10?$AA@ 1001c644     sqstdmath.obj
 0002:0000064c       ??_C@_03MGHMBJCF@log?$AA@  1001c64c     sqstdmath.obj
 0002:00000650       ??_C@_04PDIFKINK@acos?$AA@ 1001c650     sqstdmath.obj
 0002:00000658       ??_C@_04FIHNOPOL@asin?$AA@ 1001c658     sqstdmath.obj
 0002:00000660       ??_C@_03LALBNOCG@cos?$AA@  1001c660     sqstdmath.obj
 0002:00000664       ??_C@_03BLEJJJBH@sin?$AA@  1001c664     sqstdmath.obj
 0002:00000668       ??_C@_04EIAKFFMI@sqrt?$AA@ 1001c668     sqstdmath.obj
 0002:00000670       ??_C@_0O@PFPAIGFJ@invalid?5param?$AA@ 1001c670     sqstdmath.obj
 0002:00000680       ??_C@_08PAJPOONN@RAND_MAX?$AA@ 1001c680     sqstdmath.obj
 0002:0000068c       ??_C@_02ENLJPMBB@PI?$AA@   1001c68c     sqstdmath.obj
 0002:00000690       ??_C@_0P@OKPODPLL@expected?5paren?$AA@ 1001c690     sqstdrex.obj
 0002:000006a0       ??_C@_0BA@IEKAFFAJ@letter?5expected?$AA@ 1001c6a0     sqstdrex.obj
 0002:000006b0       ??_C@_0M@ILKCNGDD@empty?5class?$AA@ 1001c6b0     sqstdrex.obj
 0002:000006bc       ??_C@_0O@GOKDDJMP@invalid?5range?$AA@ 1001c6bc     sqstdrex.obj
 0002:000006cc       ??_C@_0CH@CLHEGGEC@cannot?5use?5character?5classes?5in?5@ 1001c6cc     sqstdrex.obj
 0002:000006f4       ??_C@_0BN@MCHNANKK@overflow?5in?5numeric?5constant?$AA@ 1001c6f4     sqstdrex.obj
 0002:00000714       ??_C@_0BA@JLGEFFAO@number?5expected?$AA@ 1001c714     sqstdrex.obj
 0002:00000724       ??_C@_0BA@OBPFIKHP@?0?5or?5?$HN?5expected?$AA@ 1001c724     sqstdrex.obj
 0002:00000734       ??_C@_0BF@IPEBGEBJ@unexpected?5character?$AA@ 1001c734     sqstdrex.obj
 0002:0000074c       ??_C@_05GLCAEPFP@flush?$AA@ 1001c74c     sqstdstream.obj
 0002:00000754       ??_C@_03JFNKIBPK@eos?$AA@  1001c754     sqstdstream.obj
 0002:00000758       ??_C@_03BKCJCHLK@len?$AA@  1001c758     sqstdstream.obj
 0002:0000075c       ??_C@_04LBPCFPDD@tell?$AA@ 1001c75c     sqstdstream.obj
 0002:00000764       ??_C@_04EDECCOGL@seek?$AA@ 1001c764     sqstdstream.obj
 0002:0000076c       ??_C@_06MIKLAPPL@writen?$AA@ 1001c76c     sqstdstream.obj
 0002:00000774       ??_C@_09NPENNKNE@writeblob?$AA@ 1001c774     sqstdstream.obj
 0002:00000780       ??_C@_05GODPLPBI@readn?$AA@ 1001c780     sqstdstream.obj
 0002:00000788       ??_C@_08GHEOENGO@readblob?$AA@ 1001c788     sqstdstream.obj
 0002:00000794       ??_C@_0BG@DHOEONCL@the?5stream?5is?5invalid?$AA@ 1001c794     sqstdstream.obj
 0002:000007ac       ??_C@_0BF@CKHIKMGO@no?5data?5left?5to?5read?$AA@ 1001c7ac     sqstdstream.obj
 0002:000007c4       ??_C@_0P@CENJCLHM@invalid?5format?$AA@ 1001c7c4     sqstdstream.obj
 0002:000007d4       ??_C@_0BC@GMEMBNHN@invalid?5parameter?$AA@ 1001c7d4     sqstdstream.obj
 0002:000007e8       ??_C@_0P@MILKJCHO@invalid?5origin?$AA@ 1001c7e8     sqstdstream.obj
 0002:000007f8       ??_C@_0BN@MDJALECG@this?5object?5cannot?5be?5cloned?$AA@ 1001c7f8     sqstdstream.obj
 0002:00000818       ??_C@_0L@NKAMOLMD@std_stream?$AA@ 1001c818     sqstdstream.obj
 0002:00000824       ??_C@_06DJAMKFID@stream?$AA@ 1001c824     sqstdstream.obj
 0002:0000082c       ??_C@_0P@DAKFMHIM@table?5expected?$AA@ 1001c82c     sqstdstream.obj
 0002:0000083c       ??_C@_03MMPDAENC@?4ss?$AA@ 1001c83c     sqstdstring.obj
 0002:00000840       ??_C@_05EHPMMFBK@split?$AA@ 1001c840     sqstdstring.obj
 0002:00000848       ??_C@_06DBIPDJKN@rstrip?$AA@ 1001c848     sqstdstring.obj
 0002:00000850       ??_C@_06GGONODO@lstrip?$AA@ 1001c850     sqstdstring.obj
 0002:00000858       ??_C@_05GGNGIGHC@strip?$AA@ 1001c858     sqstdstring.obj
 0002:00000860       ??_C@_06DLEPGFEF@format?$AA@ 1001c860     sqstdstring.obj
 0002:00000868       ??_C@_0M@MIEJEJJD@subexpcount?$AA@ 1001c868     sqstdstring.obj
 0002:00000874       ??_C@_07PNBGPICD@capture?$AA@ 1001c874     sqstdstring.obj
 0002:0000087c       ??_C@_02FOEODFDA@xs?$AA@   1001c87c     sqstdstring.obj
 0002:00000880       ??_C@_05FNONLPDI@match?$AA@ 1001c880     sqstdstring.obj
 0002:00000888       ??_C@_03NNPJDILA@xsn?$AA@  1001c888     sqstdstring.obj
 0002:0000088c       ??_C@_06GFPLNGOC@search?$AA@ 1001c88c     sqstdstring.obj
 0002:00000894       ??_C@_02DGHPGHDC@?4s?$AA@  1001c894     sqstdstring.obj
 0002:00000898       ??_C@_05GGBDHNF@?9?$CL?5?$CD0?$AA@ 1001c898     sqstdstring.obj
 0002:000008a0       ??_C@_0BG@CLBDFIFJ@width?5format?5too?5long?$AA@ 1001c8a0     sqstdstring.obj
 0002:000008b8       ??_C@_0BK@KGBFOKHN@precision?5format?5too?5long?$AA@ 1001c8b8     sqstdstring.obj
 0002:000008d4       ??_C@_0BA@BGAJGGBO@format?5too?5long?$AA@ 1001c8d4     sqstdstring.obj
 0002:000008e4       ??_C@_0DB@JACKNMEH@not?5enough?5paramters?5for?5the?5giv@ 1001c8e4     sqstdstring.obj
 0002:00000918       ??_C@_0CJ@DECHMKNG@string?5expected?5for?5the?5specifie@ 1001c918     sqstdstring.obj
 0002:00000944       ??_C@_0CK@BCJPMCBJ@integer?5expected?5for?5the?5specifi@ 1001c944     sqstdstring.obj
 0002:00000970       ??_C@_0CI@NOHJFFLA@float?5expected?5for?5the?5specified@ 1001c970     sqstdstring.obj
 0002:00000998       ??_C@_0BI@KOFKLMFA@empty?5separators?5string?$AA@ 1001c998     sqstdstring.obj
 0002:000009b0       ??_C@_05EAFKHBAM@begin?$AA@ 1001c9b0     sqstdstring.obj
 0002:000009b8       ??_C@_03JBJLGPFL@end?$AA@  1001c9b8     sqstdstring.obj
 0002:000009bc       ??_C@_06BDGKJDBI@regexp?$AA@ 1001c9bc     sqstdstring.obj
 0002:000009c4       ??_C@_06LMEAOBLB@rename?$AA@ 1001c9c4     sqstdsystem.obj
 0002:000009cc       ??_C@_06LEMKAMD@remove?$AA@ 1001c9cc     sqstdsystem.obj
 0002:000009d4       ??_C@_04JNIHBGGH@date?$AA@ 1001c9d4     sqstdsystem.obj
 0002:000009dc       ??_C@_04CLCEDBPF@time?$AA@ 1001c9dc     sqstdsystem.obj
 0002:000009e4       ??_C@_05DDECJJKE@clock?$AA@ 1001c9e4     sqstdsystem.obj
 0002:000009ec       ??_C@_06FHFOAHML@system?$AA@ 1001c9ec     sqstdsystem.obj
 0002:000009f4       ??_C@_06EPDNLFGH@getenv?$AA@ 1001c9f4     sqstdsystem.obj
 0002:000009fc       ??_C@_0M@CEGIKAPK@wrong?5param?$AA@ 1001c9fc     sqstdsystem.obj
 0002:00000a08       ??_C@_0BA@MIFEHNIK@remove?$CI?$CJ?5failed?$AA@ 1001ca08     sqstdsystem.obj
 0002:00000a18       ??_C@_0BA@DDFJBNBD@rename?$CI?$CJ?5failed?$AA@ 1001ca18     sqstdsystem.obj
 0002:00000a28       ??_C@_0BA@FEBOBHAF@crt?5api?5failure?$AA@ 1001ca28     sqstdsystem.obj
 0002:00000a38       ??_C@_03KHPNBODO@sec?$AA@  1001ca38     sqstdsystem.obj
 0002:00000a3c       ??_C@_03KLIPLJLL@min?$AA@  1001ca3c     sqstdsystem.obj
 0002:00000a40       ??_C@_04LMOJGCPE@hour?$AA@ 1001ca40     sqstdsystem.obj
 0002:00000a48       ??_C@_03NNBHCDBP@day?$AA@  1001ca48     sqstdsystem.obj
 0002:00000a4c       ??_C@_05MEBAADFH@month?$AA@ 1001ca4c     sqstdsystem.obj
 0002:00000a54       ??_C@_04JFPLDHAO@year?$AA@ 1001ca54     sqstdsystem.obj
 0002:00000a5c       ??_C@_04HBIDDHMB@wday?$AA@ 1001ca5c     sqstdsystem.obj
 0002:00000a64       ??_C@_04MOLDIJKA@yday?$AA@ 1001ca64     sqstdsystem.obj
 0002:00000a6c       ??_C@_0CP@NOPFPDNN@wrong?5argument?5type?0?5expected?5?8?$CF@ 1001ca6c     sqapi.obj
 0002:00000a9c       ??_C@_0BD@MGPOICFP@unexpected?5type?5?$CFs?$AA@ 1001ca9c     sqapi.obj
 0002:00000ab0       ??_C@_0BC@HELAPCHF@invalid?5base?5type?$AA@ 1001cab0     sqapi.obj
 0002:00000ac4       ??_C@_0BD@HAIMHJOI@invalid?5param?5type?$AA@ 1001cac4     sqapi.obj
 0002:00000ad8       ??_C@_0BP@JJGMIBCA@not?5enough?5params?5in?5the?5stack?$AA@ 1001cad8     sqapi.obj
 0002:00000af8       ??_C@_0M@LOFLDJDO@empty?5array?$AA@ 1001caf8     sqapi.obj
 0002:00000b04       ??_C@_0O@LFIBEFCP@negative?5size?$AA@ 1001cb04     sqapi.obj
 0002:00000b14       ??_C@_0BM@CMMBCIGC@the?5object?5is?5not?5a?5closure?$AA@ 1001cb14     sqapi.obj
 0002:00000b30       ??_C@_0CC@HHAPNGKE@the?5object?5is?5not?5a?5nativeclosur@ 1001cb30     sqapi.obj
 0002:00000b54       ??_C@_0BI@MAPNHFBM@native?5closure?5expected?$AA@ 1001cb54     sqapi.obj
 0002:00000b6c       ??_C@_0BB@BOJBAELF@invalid?5typemask?$AA@ 1001cb6c     sqapi.obj
 0002:00000b80       ??_C@_0BM@NPAPALBN@the?5target?5is?5not?5a?5closure?$AA@ 1001cb80     sqapi.obj
 0002:00000b9c       ??_C@_0BE@BLOFEIGN@invalid?5environment?$AA@ 1001cb9c     sqapi.obj
 0002:00000bb0       ??_C@_0CE@LFCLCHIO@clear?5only?5works?5on?5table?5and?5ar@ 1001cbb0     sqapi.obj
[...]
 0001:0001adf3       __unwindfunclet$?EnumStatement@SQCompiler@@QAEXXZ$2 1001bdf3 f    CIL library: CIL module
 0001:0001adfb       __unwindfunclet$?EnumStatement@SQCompiler@@QAEXXZ$3 1001bdfb f    CIL library: CIL module
 0001:0001ae03       __unwindfunclet$?EnumStatement@SQCompiler@@QAEXXZ$4 1001be03 f    CIL library: CIL module
 0001:0001ae0b       __ehhandler$?EnumStatement@SQCompiler@@QAEXXZ 1001be0b f    CIL library: CIL module
 0001:0001ae15       __unwindfunclet$?NewSlot@SQClass@@QAE_NPAUSQSharedState@@ABUSQObjectPtr@@1_N@Z$0 1001be15 f    CIL library: CIL module
 0001:0001ae1d       __unwindfunclet$?NewSlot@SQClass@@QAE_NPAUSQSharedState@@ABUSQObjectPtr@@1_N@Z$1 1001be1d f    CIL library: CIL module
 0001:0001ae25       __unwindfunclet$?NewSlot@SQClass@@QAE_NPAUSQSharedState@@ABUSQObjectPtr@@1_N@Z$2 1001be25 f    CIL library: CIL module
 0001:0001ae2f       __unwindfunclet$?NewSlot@SQClass@@QAE_NPAUSQSharedState@@ABUSQObjectPtr@@1_N@Z$3 1001be2f f    CIL library: CIL module
 0001:0001ae37       __unwindfunclet$?NewSlot@SQClass@@QAE_NPAUSQSharedState@@ABUSQObjectPtr@@1_N@Z$4 1001be37 f    CIL library: CIL module
 0001:0001ae41       __unwindfunclet$?NewSlot@SQClass@@QAE_NPAUSQSharedState@@ABUSQObjectPtr@@1_N@Z$5 1001be41 f    CIL library: CIL module
 0001:0001ae49       __ehhandler$?NewSlot@SQClass@@QAE_NPAUSQSharedState@@ABUSQObjectPtr@@1_N@Z 1001be49 f    CIL library: CIL module
 0001:0001ae53       __unwindfunclet$?string_slice@@YAHPAUSQVM@@@Z$0 1001be53 f    CIL library: CIL module
 0001:0001ae53       __unwindfunclet$?Call@SQVM@@QAE_NAAUSQObjectPtr@@HH0I@Z$0 1001be53 f    CIL library: CIL module
 0001:0001ae53       __unwindfunclet$?__map_array@@YAHPAUSQArray@@0PAUSQVM@@@Z$0 1001be53 f    CIL library: CIL module
 0001:0001ae5b       __unwindfunclet$?string_slice@@YAHPAUSQVM@@@Z$1 1001be5b f    CIL library: CIL module
 0001:0001ae5b       __unwindfunclet$?__map_array@@YAHPAUSQArray@@0PAUSQVM@@@Z$1 1001be5b f    CIL library: CIL module
 0001:0001ae5b       __unwindfunclet$?Call@SQVM@@QAE_NAAUSQObjectPtr@@HH0I@Z$1 1001be5b f    CIL library: CIL module
 0001:0001ae63       __ehhandler$?Call@SQVM@@QAE_NAAUSQObjectPtr@@HH0I@Z 1001be63 f    CIL library: CIL module
 0001:0001ae63       __ehhandler$?__map_array@@YAHPAUSQArray@@0PAUSQVM@@@Z 1001be63 f    CIL library: CIL module
 0001:0001ae63       __ehhandler$?string_slice@@YAHPAUSQVM@@@Z 1001be63 f    CIL library: CIL module
 0001:0001ae6d       __unwindfunclet$?NewSlot@SQVM@@QAE_NABUSQObjectPtr@@00_N@Z$2 1001be6d f    CIL library: CIL module
 0001:0001ae75       __unwindfunclet$?NewSlot@SQVM@@QAE_NABUSQObjectPtr@@00_N@Z$3 1001be75 f    CIL library: CIL module
 0001:0001ae7d       __unwindfunclet$?NewSlot@SQVM@@QAE_NABUSQObjectPtr@@00_N@Z$0 1001be7d f    CIL library: CIL module
 0001:0001ae85       __unwindfunclet$?NewSlot@SQVM@@QAE_NABUSQObjectPtr@@00_N@Z$1 1001be85 f    CIL library: CIL module
 0001:0001ae8d       __unwindfunclet$?NewSlot@SQVM@@QAE_NABUSQObjectPtr@@00_N@Z$4 1001be8d f    CIL library: CIL module
 0001:0001ae95       __ehhandler$?NewSlot@SQVM@@QAE_NABUSQObjectPtr@@00_N@Z 1001be95 f    CIL library: CIL module
 0001:0001ae9f       __unwindfunclet$?Execute@SQVM@@QAE_NAAUSQObjectPtr@@HH0IW4ExecutionType@1@@Z$44 1001be9f f    CIL library: CIL module
 0001:0001aea7       __unwindfunclet$?Execute@SQVM@@QAE_NAAUSQObjectPtr@@HH0IW4ExecutionType@1@@Z$45 1001bea7 f    CIL library: CIL module
 0001:0001aeaf       __unwindfunclet$?Execute@SQVM@@QAE_NAAUSQObjectPtr@@HH0IW4ExecutionType@1@@Z$46 1001beaf f    CIL library: CIL module
 0001:0001aeba       __unwindfunclet$?Execute@SQVM@@QAE_NAAUSQObjectPtr@@HH0IW4ExecutionType@1@@Z$48 1001beba f    CIL library: CIL module
 0001:0001aec2       __unwindfunclet$?Execute@SQVM@@QAE_NAAUSQObjectPtr@@HH0IW4ExecutionType@1@@Z$47 1001bec2 f    CIL library: CIL module
 0001:0001aeca       __unwindfunclet$?Execute@SQVM@@QAE_NAAUSQObjectPtr@@HH0IW4ExecutionType@1@@Z$55 1001beca f    CIL library: CIL module
 0001:0001aed2       __unwindfunclet$?Execute@SQVM@@QAE_NAAUSQObjectPtr@@HH0IW4ExecutionType@1@@Z$49 1001bed2 f    CIL library: CIL module
 0001:0001aeda       __unwindfunclet$?Execute@SQVM@@QAE_NAAUSQObjectPtr@@HH0IW4ExecutionType@1@@Z$50 1001beda f    CIL library: CIL module
 0001:0001aee2       __unwindfunclet$?Execute@SQVM@@QAE_NAAUSQObjectPtr@@HH0IW4ExecutionType@1@@Z$51 1001bee2 f    CIL library: CIL module
 0001:0001aeea       __unwindfunclet$?Execute@SQVM@@QAE_NAAUSQObjectPtr@@HH0IW4ExecutionType@1@@Z$52 1001beea f    CIL library: CIL module
 0001:0001aef2       __unwindfunclet$?Execute@SQVM@@QAE_NAAUSQObjectPtr@@HH0IW4ExecutionType@1@@Z$53 1001bef2 f    CIL library: CIL module
 0001:0001aefa       __unwindfunclet$?Execute@SQVM@@QAE_NAAUSQObjectPtr@@HH0IW4ExecutionType@1@@Z$54 1001befa f    CIL library: CIL module
 0001:0001af13       __ehhandler$?Execute@SQVM@@QAE_NAAUSQObjectPtr@@HH0IW4ExecutionType@1@@Z 1001bf13 f    CIL library: CIL module
 0001:0001af1d       __unwindfunclet$?Init@SQVM@@QAE_NPAU1@H@Z$0 1001bf1d f    CIL library: CIL module
 0001:0001af25       __unwindfunclet$?Init@SQVM@@QAE_NPAU1@H@Z$1 1001bf25 f    CIL library: CIL module
 0001:0001af2d       __ehhandler$?Init@SQVM@@QAE_NPAU1@H@Z 1001bf2d f    CIL library: CIL module
 0001:0001af37       __unwindfunclet$?ForStatement@SQCompiler@@QAEXXZ$0 1001bf37 f    CIL library: CIL module
 0001:0001af3f       __ehhandler$?ForStatement@SQCompiler@@QAEXXZ 1001bf3f f    CIL library: CIL module
 0001:0001af49       __unwindfunclet$?Statement@SQCompiler@@QAEX_N@Z$0 1001bf49 f    CIL library: CIL module
 0001:0001af51       __unwindfunclet$?Statement@SQCompiler@@QAEX_N@Z$1 1001bf51 f    CIL library: CIL module
 0001:0001af59       __ehhandler$?Statement@SQCompiler@@QAEX_N@Z 1001bf59 f    CIL library: CIL module
 0001:0001af63       __unwindfunclet$?Compile@SQCompiler@@QAE_NAAUSQObjectPtr@@@Z$0 1001bf63 f    CIL library: CIL module
 0001:0001af6e       __ehhandler$?Compile@SQCompiler@@QAE_NAAUSQObjectPtr@@@Z 1001bf6e f    CIL library: CIL module
 0001:0001af78       __unwindfunclet$?array_filter@@YAHPAUSQVM@@@Z$0 1001bf78 f    CIL library: CIL module
 0001:0001af80       __unwindfunclet$?array_filter@@YAHPAUSQVM@@@Z$1 1001bf80 f    CIL library: CIL module
 0001:0001af88       __unwindfunclet$?array_filter@@YAHPAUSQVM@@@Z$2 1001bf88 f    CIL library: CIL module
 0001:0001af90       __unwindfunclet$?array_filter@@YAHPAUSQVM@@@Z$3 1001bf90 f    CIL library: CIL module
 0001:0001af98       __ehhandler$?array_filter@@YAHPAUSQVM@@@Z 1001bf98 f    CIL library: CIL module
 0001:0001afa2       __unwindfunclet$?array_reduce@@YAHPAUSQVM@@@Z$0 1001bfa2 f    CIL library: CIL module
 0001:0001afaa       __unwindfunclet$?array_reduce@@YAHPAUSQVM@@@Z$1 1001bfaa f    CIL library: CIL module
 0001:0001afb2       __unwindfunclet$?array_reduce@@YAHPAUSQVM@@@Z$2 1001bfb2 f    CIL library: CIL module
 0001:0001afba       __ehhandler$?array_reduce@@YAHPAUSQVM@@@Z 1001bfba f    CIL library: CIL module
 0001:0001afc4       __unwindfunclet$?Compile@@YA_NPAUSQVM@@P6AHPAX@Z1PBDAAUSQObjectPtr@@_N5@Z$0 1001bfc4 f    CIL library: CIL module
 0001:0001afd1       __unwindfunclet$?Compile@@YA_NPAUSQVM@@P6AHPAX@Z1PBDAAUSQObjectPtr@@_N5@Z$1 1001bfd1 f    CIL library: CIL module
 0001:0001afdc       __ehhandler$?Compile@@YA_NPAUSQVM@@P6AHPAX@Z1PBDAAUSQObjectPtr@@_N5@Z 1001bfdc f    CIL library: CIL module

 Exports

  ordinal    name

        1    _sq_addref
               exported name: sq_addref
        2    _sq_arrayappend
               exported name: sq_arrayappend
        3    _sq_arrayinsert
               exported name: sq_arrayinsert
        4    _sq_arraypop
               exported name: sq_arraypop
        5    _sq_arrayremove
               exported name: sq_arrayremove
        6    _sq_arrayresize
               exported name: sq_arrayresize
        7    _sq_arrayreverse
               exported name: sq_arrayreverse
        8    _sq_bindenv
               exported name: sq_bindenv
        9    _sq_call
               exported name: sq_call
       10    _sq_clear
               exported name: sq_clear
       11    _sq_clone
               exported name: sq_clone
       12    _sq_close
               exported name: sq_close
       13    _sq_cmp
               exported name: sq_cmp
       14    _sq_collectgarbage
               exported name: sq_collectgarbage
       15    _sq_compile
               exported name: sq_compile
       16    _sq_compilebuffer
               exported name: sq_compilebuffer
       17    _sq_createinstance
               exported name: sq_createinstance
       18    _sq_deleteslot
               exported name: sq_deleteslot
       19    _sq_enabledebuginfo
               exported name: sq_enabledebuginfo
       20    _sq_free
               exported name: sq_free
       21    _sq_get
               exported name: sq_get
       22    _sq_getattributes
               exported name: sq_getattributes
       23    _sq_getbase
               exported name: sq_getbase
       24    _sq_getbool
               exported name: sq_getbool
       25    _sq_getbyhandle
               exported name: sq_getbyhandle
       26    _sq_getcallee
               exported name: sq_getcallee
       27    _sq_getclass
               exported name: sq_getclass
       28    _sq_getclosureinfo
               exported name: sq_getclosureinfo
       29    _sq_getclosurename
               exported name: sq_getclosurename
       30    _sq_getdefaultdelegate
               exported name: sq_getdefaultdelegate
       31    _sq_getdelegate
               exported name: sq_getdelegate
       32    _sq_geterrorfunc
               exported name: sq_geterrorfunc
       33    _sq_getfloat
               exported name: sq_getfloat
       34    _sq_getforeignptr
               exported name: sq_getforeignptr
       35    _sq_getfreevariable
               exported name: sq_getfreevariable
       36    _sq_getfunctioninfo
               exported name: sq_getfunctioninfo
       37    _sq_gethash
               exported name: sq_gethash
       38    _sq_getinstanceup
               exported name: sq_getinstanceup
       39    _sq_getinteger
               exported name: sq_getinteger
       40    _sq_getlasterror
               exported name: sq_getlasterror
       41    _sq_getlocal
               exported name: sq_getlocal
       42    _sq_getmemberhandle
               exported name: sq_getmemberhandle
       43    _sq_getobjtypetag
               exported name: sq_getobjtypetag
       44    _sq_getprintfunc
               exported name: sq_getprintfunc
       45    _sq_getrefcount
               exported name: sq_getrefcount
       46    _sq_getscratchpad
               exported name: sq_getscratchpad
       47    _sq_getsize
               exported name: sq_getsize
       48    _sq_getstackobj
               exported name: sq_getstackobj
       49    _sq_getstring
               exported name: sq_getstring
       50    _sq_getthread
               exported name: sq_getthread
       51    _sq_gettop
               exported name: sq_gettop
       52    _sq_gettype
               exported name: sq_gettype
       53    _sq_gettypetag
               exported name: sq_gettypetag
       54    _sq_getuserdata
               exported name: sq_getuserdata
       55    _sq_getuserpointer
               exported name: sq_getuserpointer
       56    _sq_getversion
               exported name: sq_getversion
       57    _sq_getvmstate
               exported name: sq_getvmstate
       58    _sq_getweakrefval
               exported name: sq_getweakrefval
       59    _sq_instanceof
               exported name: sq_instanceof
       60    _sq_malloc
               exported name: sq_malloc
       61    _sq_move
               exported name: sq_move
       62    _sq_newarray
               exported name: sq_newarray
       63    _sq_newclass
               exported name: sq_newclass
       64    _sq_newclosure
               exported name: sq_newclosure
       65    _sq_newmember
               exported name: sq_newmember
       66    _sq_newslot
               exported name: sq_newslot
       67    _sq_newtable
               exported name: sq_newtable
       68    _sq_newtableex
               exported name: sq_newtableex
       69    _sq_newthread
               exported name: sq_newthread
       70    _sq_newuserdata
               exported name: sq_newuserdata
       71    _sq_next
               exported name: sq_next
       72    _sq_notifyallexceptions
               exported name: sq_notifyallexceptions
       73    _sq_objtobool
               exported name: sq_objtobool
       74    _sq_objtofloat
               exported name: sq_objtofloat
       75    _sq_objtointeger
               exported name: sq_objtointeger
       76    _sq_objtostring
               exported name: sq_objtostring
       77    _sq_objtouserpointer
               exported name: sq_objtouserpointer
       78    _sq_open
               exported name: sq_open
       79    _sq_pop
               exported name: sq_pop
       80    _sq_poptop
               exported name: sq_poptop
       81    _sq_push
               exported name: sq_push
       82    _sq_pushbool
               exported name: sq_pushbool
       83    _sq_pushconsttable
               exported name: sq_pushconsttable
       84    _sq_pushfloat
               exported name: sq_pushfloat
       85    _sq_pushinteger
               exported name: sq_pushinteger
       86    _sq_pushnull
               exported name: sq_pushnull
       87    _sq_pushobject
               exported name: sq_pushobject
       88    _sq_pushregistrytable
               exported name: sq_pushregistrytable
       89    _sq_pushroottable
               exported name: sq_pushroottable
       90    _sq_pushstring
               exported name: sq_pushstring
       91    _sq_pushuserpointer
               exported name: sq_pushuserpointer
       92    _sq_rawdeleteslot
               exported name: sq_rawdeleteslot
       93    _sq_rawget
               exported name: sq_rawget
       94    _sq_rawnewmember
               exported name: sq_rawnewmember
       95    _sq_rawset
               exported name: sq_rawset
       96    _sq_readclosure
               exported name: sq_readclosure
       97    _sq_realloc
               exported name: sq_realloc
       98    _sq_release
               exported name: sq_release
       99    _sq_remove
               exported name: sq_remove
      100    _sq_reservestack
               exported name: sq_reservestack
      101    _sq_reseterror
               exported name: sq_reseterror
      102    _sq_resetobject
               exported name: sq_resetobject
      103    _sq_resume
               exported name: sq_resume
      104    _sq_resurrectunreachable
               exported name: sq_resurrectunreachable
      105    _sq_set
               exported name: sq_set
      106    _sq_setattributes
               exported name: sq_setattributes
      107    _sq_setbyhandle
               exported name: sq_setbyhandle
      108    _sq_setclassudsize
               exported name: sq_setclassudsize
      109    _sq_setcompilererrorhandler
               exported name: sq_setcompilererrorhandler
      110    _sq_setconsttable
               exported name: sq_setconsttable
      111    _sq_setdebughook
               exported name: sq_setdebughook
      112    _sq_setdelegate
               exported name: sq_setdelegate
      113    _sq_seterrorhandler
               exported name: sq_seterrorhandler
      114    _sq_setforeignptr
               exported name: sq_setforeignptr
      115    _sq_setfreevariable
               exported name: sq_setfreevariable
      116    _sq_setinstanceup
               exported name: sq_setinstanceup
      117    _sq_setnativeclosurename
               exported name: sq_setnativeclosurename
      118    _sq_setnativedebughook
               exported name: sq_setnativedebughook
      119    _sq_setparamscheck
               exported name: sq_setparamscheck
      120    _sq_setprintfunc
               exported name: sq_setprintfunc
      121    _sq_setreleasehook
               exported name: sq_setreleasehook
      122    _sq_setroottable
               exported name: sq_setroottable
      123    _sq_settop
               exported name: sq_settop
      124    _sq_settypetag
               exported name: sq_settypetag
      125    _sq_stackinfos
               exported name: sq_stackinfos
      126    _sq_suspendvm
               exported name: sq_suspendvm
      127    _sq_throwerror
               exported name: sq_throwerror
      128    _sq_throwobject
               exported name: sq_throwobject
      129    _sq_tobool
               exported name: sq_tobool
      130    _sq_tostring
               exported name: sq_tostring
      131    _sq_typeof
               exported name: sq_typeof
      132    _sq_wakeupvm
               exported name: sq_wakeupvm
      133    _sq_weakref
               exported name: sq_weakref
      134    _sq_writeclosure
               exported name: sq_writeclosure
      135    _sqstd_createblob
               exported name: sqstd_createblob
      136    _sqstd_createfile
               exported name: sqstd_createfile
      137    _sqstd_dofile
               exported name: sqstd_dofile
      138    _sqstd_fclose
               exported name: sqstd_fclose
      139    _sqstd_feof
               exported name: sqstd_feof
      140    _sqstd_fflush
               exported name: sqstd_fflush
      141    _sqstd_fopen
               exported name: sqstd_fopen
      142    _sqstd_format
               exported name: sqstd_format
      143    _sqstd_fread
               exported name: sqstd_fread
      144    _sqstd_fseek
               exported name: sqstd_fseek
      145    _sqstd_ftell
               exported name: sqstd_ftell
      146    _sqstd_fwrite
               exported name: sqstd_fwrite
      147    _sqstd_getblob
               exported name: sqstd_getblob
      148    _sqstd_getblobsize
               exported name: sqstd_getblobsize
      149    _sqstd_getfile
               exported name: sqstd_getfile
      150    _sqstd_loadfile
               exported name: sqstd_loadfile
      151    _sqstd_printcallstack
               exported name: sqstd_printcallstack
      152    _sqstd_register_bloblib
               exported name: sqstd_register_bloblib
      153    _sqstd_register_iolib
               exported name: sqstd_register_iolib
      154    _sqstd_register_mathlib
               exported name: sqstd_register_mathlib
      155    _sqstd_register_stringlib
               exported name: sqstd_register_stringlib
      156    _sqstd_register_systemlib
               exported name: sqstd_register_systemlib
      157    _sqstd_rex_compile
               exported name: sqstd_rex_compile
      158    _sqstd_rex_free
               exported name: sqstd_rex_free
      159    _sqstd_rex_getsubexp
               exported name: sqstd_rex_getsubexp
      160    _sqstd_rex_getsubexpcount
               exported name: sqstd_rex_getsubexpcount
      161    _sqstd_rex_match
               exported name: sqstd_rex_match
      162    _sqstd_rex_search
               exported name: sqstd_rex_search
      163    _sqstd_rex_searchrange
               exported name: sqstd_rex_searchrange
      164    _sqstd_seterrorhandlers
               exported name: sqstd_seterrorhandlers
      165    _sqstd_writeclosuretofile
               exported name: sqstd_writeclosuretofile
