 libSDL2

 Timestamp is 526a9582 (Fri Oct 25 19:00:02 2013)

 Preferred load address is 10000000

 Start         Length     Name                   Class
 0001:00000000 0007af5aH .text                   CODE
 0002:00000000 00000434H .idata$5                DATA
 0002:00000434 00000004H .CRT$XCA                DATA
 0002:00000438 00000004H .CRT$XCZ                DATA
 0002:0000043c 00000004H .CRT$XIA                DATA
 0002:00000440 00000004H .CRT$XIAA               DATA
 0002:00000444 00000004H .CRT$XIC                DATA
 0002:00000448 00000004H .CRT$XIZ                DATA
 0002:00000450 0000b918H .rdata                  DATA
 0002:0000bd70 00000004H .rdata$sxdata           DATA
 0002:0000bd74 00000004H .rtc$IAA                DATA
 0002:0000bd78 00000004H .rtc$IZZ                DATA
 0002:0000bd7c 00000004H .rtc$TAA                DATA
 0002:0000bd80 00000004H .rtc$TZZ                DATA
 0002:0000bd88 00000084H .xdata$x                DATA
 0002:0000be0c 000000c8H .idata$2                DATA
 0002:0000bed4 00000014H .idata$3                DATA
 0002:0000bee8 00000434H .idata$4                DATA
 0002:0000c31c 000011a0H .idata$6                DATA
 0002:0000d4c0 000039a5H .edata                  DATA
 0003:00000000 00002530H .data                   DATA
 0003:00002530 0000b1b8H .bss                    DATA

  Address         Publics by Value              Rva+Base       Lib:Object

 0000:00000000       __except_list              00000000     <absolute>
 0000:00000001       ___safe_se_handler_count   00000001     <absolute>
 0000:00009876       __ldused                   00009876     <absolute>
 0000:00009876       __fltused                  00009876     <absolute>
 0000:00000000       ___ImageBase               10000000     <linker-defined>
 0001:00000000       _SDL_AtomicCAS             10001000 f   SDL_atomic.obj
 0001:00000000       _SDL_AtomicCASPtr          10001000 f   SDL_atomic.obj
 0001:00000037       _SDL_AtomicTryLock         10001037 f   SDL_spinlock.obj
 0001:00000049       _SDL_AtomicLock            10001049 f   SDL_spinlock.obj
 0001:00000062       _SDL_AtomicUnlock          10001062 f   SDL_spinlock.obj
 0001:00000089       _DUMMY_PumpEvents          10001089 f   SDL_nullevents.obj
 0001:000001ab       _SDL_RunAudio              100011ab f   SDL_audio.obj
 0001:0000045c       _SDL_GetNumAudioDrivers    1000145c f   SDL_audio.obj
 0001:00000460       _SDL_GetAudioDriver        10001460 f   SDL_audio.obj
 0001:00000476       _SDL_AudioInit             10001476 f   SDL_audio.obj
 0001:0000058b       _SDL_GetCurrentAudioDriver 1000158b f   SDL_audio.obj
 0001:0000064d       _SDL_GetNumAudioDevices    1000164d f   SDL_audio.obj
 0001:000006d6       _SDL_GetAudioDeviceName    100016d6 f   SDL_audio.obj
 0001:00000c17       _SDL_OpenAudio             10001c17 f   SDL_audio.obj
 0001:00000c81       _SDL_OpenAudioDevice       10001c81 f   SDL_audio.obj
 0001:00000c9f       _SDL_GetAudioDeviceStatus  10001c9f f   SDL_audio.obj
 0001:00000cc7       _SDL_GetAudioStatus        10001cc7 f   SDL_audio.obj
 0001:00000cd0       _SDL_PauseAudioDevice      10001cd0 f   SDL_audio.obj
 0001:00000cfc       _SDL_PauseAudio            10001cfc f   SDL_audio.obj
 0001:00000d0a       _SDL_LockAudioDevice       10001d0a f   SDL_audio.obj
 0001:00000d20       _SDL_LockAudio             10001d20 f   SDL_audio.obj
 0001:00000d29       _SDL_UnlockAudioDevice     10001d29 f   SDL_audio.obj
 0001:00000d3f       _SDL_UnlockAudio           10001d3f f   SDL_audio.obj
 0001:00000d48       _SDL_CloseAudioDevice      10001d48 f   SDL_audio.obj
 0001:00000d6b       _SDL_CloseAudio            10001d6b f   SDL_audio.obj
 0001:00000d74       _SDL_AudioQuit             10001d74 f   SDL_audio.obj
 0001:00000de9       _SDL_FirstAudioFormat      10001de9 f   SDL_audio.obj
 0001:00000e1b       _SDL_NextAudioFormat       10001e1b f   SDL_audio.obj
 0001:00000e49       _SDL_CalculateAudioSpec    10001e49 f   SDL_audio.obj
 0001:00000e73       _SDL_MixAudio              10001e73 f   SDL_audio.obj
 0001:000021ce       _SDL_ConvertAudio          100031ce f   SDL_audiocvt.obj
 0001:000023c0       _SDL_BuildAudioCVT         100033c0 f   SDL_audiocvt.obj
 0001:00020459       _SDL_MixAudioFormat        10021459 f   SDL_mixer.obj
 0001:0002134f       _SDL_LoadWAV_RW            1002234f f   SDL_wave.obj
 0001:00021804       _SDL_GetCPUCount           10022804 f   SDL_cpuinfo.obj
 0001:000218e8       _SDL_GetCPUCacheLineSize   100228e8 f   SDL_cpuinfo.obj
 0001:00021a62       _SDL_HasRDTSC              10022a62 f   SDL_cpuinfo.obj
 0001:00021a6e       _SDL_HasAltiVec            10022a6e f   SDL_cpuinfo.obj
 0001:00021a7c       _SDL_HasMMX                10022a7c f   SDL_cpuinfo.obj
 0001:00021a8b       _SDL_Has3DNow              10022a8b f   SDL_cpuinfo.obj
 0001:00021a9a       _SDL_HasSSE                10022a9a f   SDL_cpuinfo.obj
 0001:00021aa9       _SDL_HasSSE2               10022aa9 f   SDL_cpuinfo.obj
 0001:00021ab8       _SDL_HasSSE3               10022ab8 f   SDL_cpuinfo.obj
 0001:00021ac7       _SDL_HasSSE41              10022ac7 f   SDL_cpuinfo.obj
 0001:00021ad3       _SDL_HasSSE42              10022ad3 f   SDL_cpuinfo.obj
 0001:00021adf       _SDL_GetSystemRAM          10022adf f   SDL_cpuinfo.obj
 0001:00021b1d       _SDL_SendClipboardUpdate   10022b1d f   SDL_clipboardevents.obj
 0001:00021b5e       _SDL_SendDropFile          10022b5e f   SDL_dropevents.obj
 0001:00021bac       _SDL_StopEventLoop         10022bac f   SDL_events.obj
 0001:00021cae       _SDL_StartEventLoop        10022cae f   SDL_events.obj
 0001:00021dea       _SDL_PeepEvents            10022dea f   SDL_events.obj
 0001:00021f5d       _SDL_HasEvent              10022f5d f   SDL_events.obj
 0001:00021f7d       _SDL_HasEvents             10022f7d f   SDL_events.obj
 0001:00021f9d       _SDL_FlushEvent            10022f9d f   SDL_events.obj
 0001:00021fad       _SDL_FlushEvents           10022fad f   SDL_events.obj
 0001:00021ffa       _SDL_PumpEvents            10022ffa f   SDL_events.obj
 0001:00022041       _SDL_PollEvent             10023041 f   SDL_events.obj
 0001:0002204f       _SDL_WaitEvent             1002304f f   SDL_events.obj
 0001:0002205d       _SDL_WaitEventTimeout      1002305d f   SDL_events.obj
 0001:000220ce       _SDL_PushEvent             100230ce f   SDL_events.obj
 0001:00022137       _SDL_SetEventFilter        10023137 f   SDL_events.obj
 0001:0002215f       _SDL_GetEventFilter        1002315f f   SDL_events.obj
 0001:00022188       _SDL_AddEventWatch         10023188 f   SDL_events.obj
 0001:000221b1       _SDL_DelEventWatch         100231b1 f   SDL_events.obj
 0001:000221f3       _SDL_FilterEvents          100231f3 f   SDL_events.obj
 0001:0002223e       _SDL_EventState            1002323e f   SDL_events.obj
 0001:000222e1       _SDL_RegisterEvents        100232e1 f   SDL_events.obj
 0001:00022303       _SDL_SendSysWMEvent        10023303 f   SDL_events.obj
 0001:0002235a       _SDL_RecordGesture         1002335a f   SDL_gesture.obj
 0001:000223ef       _SDL_SaveAllDollarTemplates 100233ef f   SDL_gesture.obj
 0001:00022461       _SDL_SaveDollarTemplate    10023461 f   SDL_gesture.obj
 0001:000225df       _SDL_LoadDollarTemplates   100235df f   SDL_gesture.obj
 0001:00022bb0       _SDL_GestureAddTouch       10023bb0 f   SDL_gesture.obj
 0001:00022c55       _SDL_SendGestureMulti      10023c55 f   SDL_gesture.obj
 0001:00022d28       _SDL_GestureProcessEvent   10023d28 f   SDL_gesture.obj
 0001:00023096       _SDL_UCS4ToUTF8            10024096 f   SDL_keyboard.obj
 0001:000231fc       _SDL_GetKeyboardFocus      100241fc f   SDL_keyboard.obj
 0001:00023202       _SDL_SetKeyboardFocus      10024202 f   SDL_keyboard.obj
 0001:000232bd       _SDL_SendKeyboardKey       100242bd f   SDL_keyboard.obj
 0001:000234d4       _SDL_SendKeyboardText      100244d4 f   SDL_keyboard.obj
 0001:0002354d       _SDL_SendEditingText       1002454d f   SDL_keyboard.obj
 0001:000235c0       _SDL_GetKeyboardState      100245c0 f   SDL_keyboard.obj
 0001:000235d4       _SDL_GetModState           100245d4 f   SDL_keyboard.obj
 0001:000235dc       _SDL_SetModState           100245dc f   SDL_keyboard.obj
 0001:000235e8       _SDL_GetKeyFromScancode    100245e8 f   SDL_keyboard.obj
 0001:0002360f       _SDL_GetScancodeFromKey    1002460f f   SDL_keyboard.obj
 0001:0002362d       _SDL_GetScancodeName       1002462d f   SDL_keyboard.obj
 0001:0002365c       _SDL_GetScancodeFromName   1002465c f   SDL_keyboard.obj
 0001:000236a9       _SDL_GetKeyName            100246a9 f   SDL_keyboard.obj
 0001:00023710       _SDL_GetKeyFromName        10024710 f   SDL_keyboard.obj
 0001:0002381a       _SDL_GetMouseFocus         1002481a f   SDL_mouse.obj
 0001:00023820       _SDL_SetMouseFocus         10024820 f   SDL_mouse.obj
 0001:000238ea       _SDL_SendMouseMotion       100248ea f   SDL_mouse.obj
 0001:00023ab0       _SDL_SendMouseButton       10024ab0 f   SDL_mouse.obj
 0001:00023bab       _SDL_SendMouseWheel        10024bab f   SDL_mouse.obj
 0001:00023c1c       _SDL_MouseQuit             10024c1c f   SDL_mouse.obj
 0001:00023c66       _SDL_GetMouseState         10024c66 f   SDL_mouse.obj
 0001:00023c8c       _SDL_GetRelativeMouseState 10024c8c f   SDL_mouse.obj
 0001:00023cc0       _SDL_WarpMouseInWindow     10024cc0 f   SDL_mouse.obj
 0001:00023d02       _SDL_SetRelativeMouseMode  10024d02 f   SDL_mouse.obj
 0001:00023dd1       _SDL_GetRelativeMouseMode  10024dd1 f   SDL_mouse.obj
 0001:00023dd7       _SDL_CreateCursor          10024dd7 f   SDL_mouse.obj
 0001:00023eba       _SDL_CreateColorCursor     10024eba f   SDL_mouse.obj
 0001:00023f58       _SDL_CreateSystemCursor    10024f58 f   SDL_mouse.obj
 0001:00023f88       _SDL_SetCursor             10024f88 f   SDL_mouse.obj
 0001:00024007       _SDL_GetCursor             10025007 f   SDL_mouse.obj
 0001:0002400d       _SDL_GetDefaultCursor      1002500d f   SDL_mouse.obj
 0001:00024013       _SDL_FreeCursor            10025013 f   SDL_mouse.obj
 0001:0002406f       _SDL_ShowCursor            1002506f f   SDL_mouse.obj
 0001:000240b3       _SDL_SendQuit              100250b3 f   SDL_quit.obj
 0001:000240ed       _SDL_GetNumTouchDevices    100250ed f   SDL_touch.obj
 0001:000240f3       _SDL_GetTouchDevice        100250f3 f   SDL_touch.obj
 0001:00024153       _SDL_GetTouch              10025153 f   SDL_touch.obj
 0001:000241bd       _SDL_GetFinger             100251bd f   SDL_touch.obj
 0001:000241e1       _SDL_GetNumTouchFingers    100251e1 f   SDL_touch.obj
 0001:00024203       _SDL_GetTouchFinger        10025203 f   SDL_touch.obj
 0001:0002423f       _SDL_AddTouch              1002523f f   SDL_touch.obj
 0001:0002438b       _SDL_SendTouch             1002538b f   SDL_touch.obj
 0001:000244ff       _SDL_SendTouchMotion       100254ff f   SDL_touch.obj
 0001:0002463f       _SDL_DelTouch              1002563f f   SDL_touch.obj
 0001:000246ad       _SDL_TouchQuit             100256ad f   SDL_touch.obj
 0001:0002475d       _SDL_SendWindowEvent       1002575d f   SDL_windowevents.obj
 0001:00025008       _SDL_RWFromFile            10026008 f   SDL_rwops.obj
 0001:00025084       _SDL_RWFromFP              10026084 f   SDL_rwops.obj
 0001:000250c5       _SDL_RWFromMem             100260c5 f   SDL_rwops.obj
 0001:00025141       _SDL_RWFromConstMem        10026141 f   SDL_rwops.obj
 0001:000251bd       _SDL_AllocRW               100261bd f   SDL_rwops.obj
 0001:000251de       _SDL_ReadU8                100261de f   SDL_rwops.obj
 0001:000251fd       _SDL_ReadLE16              100261fd f   SDL_rwops.obj
 0001:0002521d       _SDL_ReadBE16              1002621d f   SDL_rwops.obj
 0001:00025247       _SDL_ReadLE32              10026247 f   SDL_rwops.obj
 0001:00025266       _SDL_ReadBE32              10026266 f   SDL_rwops.obj
 0001:000252a8       _SDL_ReadLE64              100262a8 f   SDL_rwops.obj
 0001:000252cf       _SDL_ReadBE64              100262cf f   SDL_rwops.obj
 0001:00025346       _SDL_WriteU8               10026346 f   SDL_rwops.obj
 0001:0002535b       _SDL_WriteLE16             1002635b f   SDL_rwops.obj
 0001:00025370       _SDL_WriteBE16             10026370 f   SDL_rwops.obj
 0001:00025395       _SDL_WriteLE32             10026395 f   SDL_rwops.obj
 0001:000253aa       _SDL_WriteBE32             100263aa f   SDL_rwops.obj
 0001:000253eb       _SDL_WriteLE64             100263eb f   SDL_rwops.obj
 0001:00025400       _SDL_WriteBE64             10026400 f   SDL_rwops.obj
 0001:00025473       _SDL_HapticInit            10026473 f   SDL_haptic.obj
 0001:000254fb       _SDL_NumHaptics            100264fb f   SDL_haptic.obj
 0001:00025503       _SDL_HapticName            10026503 f   SDL_haptic.obj
 0001:00025538       _SDL_HapticOpen            10026538 f   SDL_haptic.obj
 0001:00025636       _SDL_HapticOpened          10026636 f   SDL_haptic.obj
 0001:00025684       _SDL_HapticIndex           10026684 f   SDL_haptic.obj
 0001:0002569e       _SDL_MouseIsHaptic         1002669e f   SDL_haptic.obj
 0001:000256ad       _SDL_HapticOpenFromMouse   100266ad f   SDL_haptic.obj
 0001:000256cc       _SDL_JoystickIsHaptic      100266cc f   SDL_haptic.obj
 0001:000256f3       _SDL_HapticOpenFromJoystick 100266f3 f   SDL_haptic.obj
 0001:000257fd       _SDL_HapticClose           100267fd f   SDL_haptic.obj
 0001:00025887       _SDL_HapticNumEffects      10026887 f   SDL_haptic.obj
 0001:000258a1       _SDL_HapticNumEffectsPlaying 100268a1 f   SDL_haptic.obj
 0001:000258bb       _SDL_HapticQuery           100268bb f   SDL_haptic.obj
 0001:000258d2       _SDL_HapticNumAxes         100268d2 f   SDL_haptic.obj
 0001:000258ec       _SDL_HapticEffectSupported 100268ec f   SDL_haptic.obj
 0001:00025913       _SDL_HapticNewEffect       10026913 f   SDL_haptic.obj
 0001:000259c8       _SDL_HapticUpdateEffect    100269c8 f   SDL_haptic.obj
 0001:00025a37       _SDL_HapticRunEffect       10026a37 f   SDL_haptic.obj
 0001:00025a7b       _SDL_HapticStopEffect      10026a7b f   SDL_haptic.obj
 0001:00025abc       _SDL_HapticDestroyEffect   10026abc f   SDL_haptic.obj
 0001:00025af9       _SDL_HapticGetEffectStatus 10026af9 f   SDL_haptic.obj
 0001:00025b6a       _SDL_HapticSetGain         10026b6a f   SDL_haptic.obj
 0001:00025bf3       _SDL_HapticSetAutocenter   10026bf3 f   SDL_haptic.obj
 0001:00025c44       _SDL_HapticPause           10026c44 f   SDL_haptic.obj
 0001:00025c90       _SDL_HapticUnpause         10026c90 f   SDL_haptic.obj
 0001:00025cd0       _SDL_HapticStopAll         10026cd0 f   SDL_haptic.obj
 0001:00025cec       _SDL_HapticRumbleSupported 10026cec f   SDL_haptic.obj
 0001:00025d0d       _SDL_HapticRumbleInit      10026d0d f   SDL_haptic.obj
 0001:00025dbb       _SDL_HapticRumblePlay      10026dbb f   SDL_haptic.obj
 0001:00025e6f       _SDL_HapticRumbleStop      10026e6f f   SDL_haptic.obj
 0001:00025ea2       _SDL_GameControllerEventWatcher 10026ea2 f   SDL_gamecontroller.obj
 0001:000261b5       _SDL_PrivateGetControllerMappingForGUID 100271b5 f   SDL_gamecontroller.obj
 0001:000261d7       _SDL_PrivateGetControllerMapping 100271d7 f   SDL_gamecontroller.obj
 0001:00026233       _SDL_GameControllerGetAxisFromString 10027233 f   SDL_gamecontroller.obj
 0001:00026277       _SDL_GameControllerGetStringForAxis 10027277 f   SDL_gamecontroller.obj
 0001:0002628b       _SDL_GameControllerGetButtonFromString 1002728b f   SDL_gamecontroller.obj
 0001:000262cf       _SDL_GameControllerGetStringForButton 100272cf f   SDL_gamecontroller.obj
 0001:000262e3       _SDL_PrivateGameControllerParseButton 100272e3 f   SDL_gamecontroller.obj
 0001:000264c1       _SDL_PrivateLoadButtonMapping 100274c1 f   SDL_gamecontroller.obj
 0001:00026538       _SDL_PrivateGetControllerNameFromMappingString 10027538 f   SDL_gamecontroller.obj
 0001:000265a1       _SDL_PrivateGameControllerRefreshMapping 100275a1 f   SDL_gamecontroller.obj
 0001:00026606       _SDL_GameControllerAddMapping 10027606 f   SDL_gamecontroller.obj
 0001:00026794       _SDL_GameControllerMappingForGUID 10027794 f   SDL_gamecontroller.obj
 0001:00026829       _SDL_GameControllerMapping 10027829 f   SDL_gamecontroller.obj
 0001:000268c0       _SDL_GameControllerInit    100278c0 f   SDL_gamecontroller.obj
 0001:000268fd       _SDL_GameControllerNameForIndex 100278fd f   SDL_gamecontroller.obj
 0001:00026912       _SDL_IsGameController      10027912 f   SDL_gamecontroller.obj
 0001:00026923       _SDL_GameControllerOpen    10027923 f   SDL_gamecontroller.obj
 0001:00026a11       _SDL_GameControllerUpdate  10027a11 f   SDL_gamecontroller.obj
 0001:00026a16       _SDL_GameControllerGetAxis 10027a16 f   SDL_gamecontroller.obj
 0001:00026a74       _SDL_GameControllerGetButton 10027a74 f   SDL_gamecontroller.obj
 0001:00026aea       _SDL_GameControllerGetAttached 10027aea f   SDL_gamecontroller.obj
 0001:00026afc       _SDL_GameControllerName    10027afc f   SDL_gamecontroller.obj
 0001:00026b09       _SDL_GameControllerGetJoystick 10027b09 f   SDL_gamecontroller.obj
 0001:00026b15       _SDL_GameControllerGetBindForAxis 10027b15 f   SDL_gamecontroller.obj
 0001:00026b5c       _SDL_GameControllerGetBindForButton 10027b5c f   SDL_gamecontroller.obj
 0001:00026bc1       _SDL_GameControllerClose   10027bc1 f   SDL_gamecontroller.obj
 0001:00026c1d       _SDL_GameControllerQuit    10027c1d f   SDL_gamecontroller.obj
 0001:00026c74       _SDL_PrivateGameControllerAxis 10027c74 f   SDL_gamecontroller.obj
 0001:00026cc5       _SDL_PrivateGameControllerButton 10027cc5 f   SDL_gamecontroller.obj
 0001:00026d31       _SDL_GameControllerEventState 10027d31 f   SDL_gamecontroller.obj
 0001:00026dc2       _SDL_NumJoysticks          10027dc2 f   SDL_joystick.obj
 0001:00026dd8       _SDL_JoystickNameForIndex  10027dd8 f   SDL_joystick.obj
 0001:00026e05       _SDL_JoystickOpen          10027e05 f   SDL_joystick.obj
 0001:00026f9d       _SDL_PrivateJoystickValid  10027f9d f   SDL_joystick.obj
 0001:00026fba       _SDL_JoystickNumAxes       10027fba f   SDL_joystick.obj
 0001:00026fd4       _SDL_JoystickNumHats       10027fd4 f   SDL_joystick.obj
 0001:00026fee       _SDL_JoystickNumBalls      10027fee f   SDL_joystick.obj
 0001:00027008       _SDL_JoystickNumButtons    10028008 f   SDL_joystick.obj
 0001:00027022       _SDL_JoystickGetAxis       10028022 f   SDL_joystick.obj
 0001:00027057       _SDL_JoystickGetHat        10028057 f   SDL_joystick.obj
 0001:0002708b       _SDL_JoystickGetBall       1002808b f   SDL_joystick.obj
 0001:000270f1       _SDL_JoystickGetButton     100280f1 f   SDL_joystick.obj
 0001:00027125       _SDL_JoystickGetAttached   10028125 f   SDL_joystick.obj
 0001:0002714c       _SDL_JoystickInstanceID    1002814c f   SDL_joystick.obj
 0001:00027165       _SDL_JoystickName          10028165 f   SDL_joystick.obj
 0001:0002717c       _SDL_JoystickClose         1002817c f   SDL_joystick.obj
 0001:00027240       _SDL_PrivateJoystickAxis   10028240 f   SDL_joystick.obj
 0001:000272be       _SDL_PrivateJoystickHat    100282be f   SDL_joystick.obj
 0001:00027333       _SDL_PrivateJoystickButton 10028333 f   SDL_joystick.obj
 0001:000273b2       _SDL_JoystickUpdate        100283b2 f   SDL_joystick.obj
 0001:0002744c       _SDL_JoystickEventState    1002844c f   SDL_joystick.obj
 0001:000274c4       _SDL_JoystickGetDeviceGUID 100284c4 f   SDL_joystick.obj
 0001:00027527       _SDL_JoystickGetGUID       10028527 f   SDL_joystick.obj
 0001:00027563       _SDL_JoystickGetGUIDString 10028563 f   SDL_joystick.obj
 0001:000275e2       _SDL_JoystickGetGUIDFromString 100285e2 f   SDL_joystick.obj
 0001:0002764a       _SDL_uclibc_copysign       1002864a f   s_copysign.obj
 0001:00027677       _SDL_uclibc_scalbn         10028677 f   s_scalbn.obj
 0001:00027767       _SDL_GetPowerInfo          10028767 f   SDL_power.obj
 0001:000277b1       _SDL_GetNumRenderDrivers   100287b1 f   SDL_render.obj
 0001:000277b5       _SDL_GetRenderDriverInfo   100287b5 f   SDL_render.obj
 0001:00027a29       _SDL_CreateWindowAndRenderer 10028a29 f   SDL_render.obj
 0001:00027a78       _SDL_CreateRenderer        10028a78 f   SDL_render.obj
 0001:00027beb       _SDL_CreateSoftwareRenderer 10028beb f   SDL_render.obj
 0001:00027c1d       _SDL_GetRenderer           10028c1d f   SDL_render.obj
 0001:00027c2e       _SDL_GetRendererInfo       10028c2e f   SDL_render.obj
 0001:00027c61       _SDL_GetRendererOutputSize 10028c61 f   SDL_render.obj
 0001:00027d92       _SDL_CreateTexture         10028d92 f   SDL_render.obj
 0001:00027feb       _SDL_CreateTextureFromSurface 10028feb f   SDL_render.obj
 0001:000281b7       _SDL_QueryTexture          100291b7 f   SDL_render.obj
 0001:0002820d       _SDL_SetTextureColorMod    1002920d f   SDL_render.obj
 0001:00028286       _SDL_GetTextureColorMod    10029286 f   SDL_render.obj
 0001:000282cf       _SDL_SetTextureAlphaMod    100292cf f   SDL_render.obj
 0001:00028330       _SDL_GetTextureAlphaMod    10029330 f   SDL_render.obj
 0001:0002835f       _SDL_SetTextureBlendMode   1002935f f   SDL_render.obj
 0001:000283ac       _SDL_GetTextureBlendMode   100293ac f   SDL_render.obj
 0001:000285fb       _SDL_UpdateTexture         100295fb f   SDL_render.obj
 0001:000287c7       _SDL_UpdateYUVTexture      100297c7 f   SDL_render.obj
 0001:000289ad       _SDL_LockTexture           100299ad f   SDL_render.obj
 0001:00028b35       _SDL_UnlockTexture         10029b35 f   SDL_render.obj
 0001:00028b8a       _SDL_RenderTargetSupported 10029b8a f   SDL_render.obj
 0001:00028ba5       _SDL_SetRenderTarget       10029ba5 f   SDL_render.obj
 0001:00028d43       _SDL_GetRenderTarget       10029d43 f   SDL_render.obj
 0001:00028ea4       _SDL_RenderSetLogicalSize  10029ea4 f   SDL_render.obj
 0001:00028f1b       _SDL_RenderGetLogicalSize  10029f1b f   SDL_render.obj
 0001:00028f58       _SDL_RenderSetViewport     10029f58 f   SDL_render.obj
 0001:00029037       _SDL_RenderGetViewport     1002a037 f   SDL_render.obj
 0001:000290b0       _SDL_RenderSetClipRect     1002a0b0 f   SDL_render.obj
 0001:00029171       _SDL_RenderGetClipRect     1002a171 f   SDL_render.obj
 0001:000291ea       _SDL_RenderSetScale        1002a1ea f   SDL_render.obj
 0001:00029220       _SDL_RenderGetScale        1002a220 f   SDL_render.obj
 0001:0002925d       _SDL_SetRenderDrawColor    1002a25d f   SDL_render.obj
 0001:000292a7       _SDL_GetRenderDrawColor    1002a2a7 f   SDL_render.obj
 0001:00029309       _SDL_SetRenderDrawBlendMode 1002a309 f   SDL_render.obj
 0001:00029335       _SDL_GetRenderDrawBlendMode 1002a335 f   SDL_render.obj
 0001:00029363       _SDL_RenderClear           1002a363 f   SDL_render.obj
 0001:00029394       _SDL_RenderDrawPoint       1002a394 f   SDL_render.obj
 0001:00029422       _SDL_RenderDrawPoints      1002a422 f   SDL_render.obj
 0001:000294fe       _SDL_RenderDrawLine        1002a4fe f   SDL_render.obj
 0001:0002969a       _SDL_RenderDrawLines       1002a69a f   SDL_render.obj
 0001:00029779       _SDL_RenderDrawRect        1002a779 f   SDL_render.obj
 0001:00029816       _SDL_RenderDrawRects       1002a816 f   SDL_render.obj
 0001:0002988d       _SDL_RenderFillRect        1002a88d f   SDL_render.obj
 0001:000298fb       _SDL_RenderFillRects       1002a8fb f   SDL_render.obj
 0001:000299c9       _SDL_RenderCopy            1002a9c9 f   SDL_render.obj
 0001:00029b27       _SDL_RenderCopyEx          1002ab27 f   SDL_render.obj
 0001:00029cc7       _SDL_RenderReadPixels      1002acc7 f   SDL_render.obj
 0001:00029de5       _SDL_RenderPresent         1002ade5 f   SDL_render.obj
 0001:00029e10       _SDL_DestroyTexture        1002ae10 f   SDL_render.obj
 0001:00029eab       _SDL_DestroyRenderer       1002aeab f   SDL_render.obj
 0001:00029f0f       _SDL_GL_BindTexture        1002af0f f   SDL_render.obj
 0001:00029f60       _SDL_GL_UnbindTexture      1002af60 f   SDL_render.obj
 0001:0002b402       _SDL_SW_CreateYUVTexture   1002c402 f   SDL_yuv_sw.obj
 0001:0002b5bc       _SDL_SW_UpdateYUVTexture   1002c5bc f   SDL_yuv_sw.obj
 0001:0002b810       _SDL_SW_UpdateYUVTexturePlanar 1002c810 f   SDL_yuv_sw.obj
 0001:0002b99e       _SDL_SW_CopyYUVToRGB       1002c99e f   SDL_yuv_sw.obj
 0001:0002bbfe       _SDL_SW_DestroyYUVTexture  1002cbfe f   SDL_yuv_sw.obj
 0001:0002bc30       _SDL_setenv                1002cc30 f   SDL_getenv.obj
 0001:0002bc73       _SDL_getenv                1002cc73 f   SDL_getenv.obj
 0001:0002bd65       _SDL_iconv_open            1002cd65 f   SDL_iconv.obj
 0001:0002be1f       _SDL_iconv                 1002ce1f f   SDL_iconv.obj
 0001:0002c6eb       _SDL_iconv_close           1002d6eb f   SDL_iconv.obj
 0001:0002c700       _SDL_iconv_string          1002d700 f   SDL_iconv.obj
 0001:0002c805       _SDL_malloc                1002d805 f   SDL_malloc.obj
 0001:0002c80b       _SDL_calloc                1002d80b f   SDL_malloc.obj
 0001:0002c811       _SDL_realloc               1002d811 f   SDL_malloc.obj
 0001:0002c817       _SDL_free                  1002d817 f   SDL_malloc.obj
 0001:0002c817       _SDL_FreeWAV               1002d817 f   SDL_wave.obj
 0001:0002c817       _SDL_FreeRW                1002d817 f   SDL_rwops.obj
 0001:0002c81d       _SDL_qsort                 1002d81d f   SDL_qsort.obj
 0001:0002c823       _SDL_atan                  1002d823 f   SDL_stdlib.obj
 0001:0002c82c       _SDL_atan2                 1002d82c f   SDL_stdlib.obj
 0001:0002c839       _SDL_ceil                  1002d839 f   SDL_stdlib.obj
 0001:0002c84b       _SDL_copysign              1002d84b f   SDL_stdlib.obj
 0001:0002c866       _SDL_cos                   1002d866 f   SDL_stdlib.obj
 0001:0002c86f       _SDL_cosf                  1002d86f f   SDL_stdlib.obj
 0001:0002c882       _SDL_fabs                  1002d882 f   SDL_stdlib.obj
 0001:0002c889       _SDL_floor                 1002d889 f   SDL_stdlib.obj
 0001:0002c89a       _SDL_log                   1002d89a f   SDL_stdlib.obj
 0001:0002c8a3       _SDL_pow                   1002d8a3 f   SDL_stdlib.obj
 0001:0002c8b0       _SDL_scalbn                1002d8b0 f   SDL_stdlib.obj
 0001:0002c8cd       _SDL_sin                   1002d8cd f   SDL_stdlib.obj
 0001:0002c8d6       _SDL_sinf                  1002d8d6 f   SDL_stdlib.obj
 0001:0002c8e9       _SDL_sqrt                  1002d8e9 f   SDL_stdlib.obj
 0001:0002c8f2       _SDL_abs                   1002d8f2 f   SDL_stdlib.obj
 0001:0002c8fc       _SDL_isdigit               1002d8fc f   SDL_stdlib.obj
 0001:0002c902       _SDL_isspace               1002d902 f   SDL_stdlib.obj
 0001:0002c908       _SDL_toupper               1002d908 f   SDL_stdlib.obj
 0001:0002c90e       _SDL_tolower               1002d90e f   SDL_stdlib.obj
 0001:0002ccf2       _SDL_memset                1002dcf2 f   SDL_string.obj
 0001:0002ccf7       _SDL_memcpy                1002dcf7 f   SDL_string.obj
 0001:0002ccfc       _SDL_memmove               1002dcfc f   SDL_string.obj
 0001:0002cd02       _SDL_memcmp                1002dd02 f   SDL_string.obj
 0001:0002cd1e       _SDL_strlen                1002dd1e f   SDL_string.obj
 0001:0002cd2f       _SDL_wcslen                1002dd2f f   SDL_string.obj
 0001:0002cd44       _SDL_wcslcpy               1002dd44 f   SDL_string.obj
 0001:0002cd83       _SDL_wcslcat               1002dd83 f   SDL_string.obj
 0001:0002cdbf       _SDL_strlcpy               1002ddbf f   SDL_string.obj
 0001:0002ce01       _SDL_utf8strlcpy           1002de01 f   SDL_string.obj
 0001:0002ce9c       _SDL_strlcat               1002de9c f   SDL_string.obj
 0001:0002cee7       _SDL_strdup                1002dee7 f   SDL_string.obj
 0001:0002cf1d       _SDL_strrev                1002df1d f   SDL_string.obj
 0001:0002cf23       _SDL_strupr                1002df23 f   SDL_string.obj
 0001:0002cf29       _SDL_strlwr                1002df29 f   SDL_string.obj
 0001:0002cf2f       _SDL_strchr                1002df2f f   SDL_string.obj
 0001:0002cf35       _SDL_strrchr               1002df35 f   SDL_string.obj
 0001:0002cf3b       _SDL_strstr                1002df3b f   SDL_string.obj
 0001:0002cf41       _SDL_itoa                  1002df41 f   SDL_string.obj
 0001:0002cf41       _SDL_ltoa                  1002df41 f   SDL_string.obj
 0001:0002cf47       _SDL_ultoa                 1002df47 f   SDL_string.obj
 0001:0002cf47       _SDL_uitoa                 1002df47 f   SDL_string.obj
 0001:0002cf4d       _SDL_lltoa                 1002df4d f   SDL_string.obj
 0001:0002cfdb       _SDL_ulltoa                1002dfdb f   SDL_string.obj
 0001:0002d047       _SDL_atoi                  1002e047 f   SDL_string.obj
 0001:0002d04d       _SDL_atof                  1002e04d f   SDL_string.obj
 0001:0002d053       _SDL_strtol                1002e053 f   SDL_string.obj
 0001:0002d059       _SDL_strtoul               1002e059 f   SDL_string.obj
 0001:0002d05f       _SDL_strtoll               1002e05f f   SDL_string.obj
 0001:0002d0c0       _SDL_strtoull              1002e0c0 f   SDL_string.obj
 0001:0002d121       _SDL_strtod                1002e121 f   SDL_string.obj
 0001:0002d127       _SDL_strcmp                1002e127 f   SDL_string.obj
 0001:0002d152       _SDL_strncmp               1002e152 f   SDL_string.obj
 0001:0002d158       _SDL_strcasecmp            1002e158 f   SDL_string.obj
 0001:0002d15e       _SDL_strncasecmp           1002e15e f   SDL_string.obj
 0001:0002d164       _SDL_sscanf                1002e164 f   SDL_string.obj
 0001:0002d546       _SDL_snprintf              1002e546 f   SDL_string.obj
 0001:0002d838       _SDL_vsnprintf             1002e838 f   SDL_string.obj
 0001:0002db93       _SDL_TLSCreate             1002eb93 f   SDL_thread.obj
 0001:0002dba1       _SDL_TLSGet                1002eba1 f   SDL_thread.obj
 0001:0002dbbe       _SDL_TLSSet                1002ebbe f   SDL_thread.obj
 0001:0002dc57       _SDL_Generic_GetTLSData    1002ec57 f   SDL_thread.obj
 0001:0002dcd0       _SDL_Generic_SetTLSData    1002ecd0 f   SDL_thread.obj
 0001:0002dd66       _SDL_GetErrBuf             1002ed66 f   SDL_thread.obj
 0001:0002de3a       _SDL_RunThread             1002ee3a f   SDL_thread.obj
 0001:0002deaa       _SDL_CreateThread          1002eeaa f   SDL_thread.obj
 0001:0002dfb3       _SDL_GetThreadID           1002efb3 f   SDL_thread.obj
 0001:0002dfc4       _SDL_GetThreadName         1002efc4 f   SDL_thread.obj
 0001:0002dfd6       _SDL_SetThreadPriority     1002efd6 f   SDL_thread.obj
 0001:0002e00e       _SDL_WaitThread            1002f00e f   SDL_thread.obj
 0001:0002e1b4       _SDL_TimerInit             1002f1b4 f   SDL_timer.obj
 0001:0002e22b       _SDL_TimerQuit             1002f22b f   SDL_timer.obj
 0001:0002e2e5       _SDL_AddTimer              1002f2e5 f   SDL_timer.obj
 0001:0002e414       _SDL_RemoveTimer           1002f414 f   SDL_timer.obj
 0001:0002e6c9       _SDL_CalculateBlit         1002f6c9 f   SDL_blit.obj
 0001:0002f3f2       _SDL_CalculateBlit0        100303f2 f   SDL_blit_0.obj
 0001:000320eb       _SDL_CalculateBlit1        100330eb f   SDL_blit_1.obj
 0001:000388d9       _SDL_CalculateBlitA        100398d9 f   SDL_blit_A.obj
 0001:00044f0b       _SDL_BlitCopy              10045f0b f   SDL_blit_copy.obj
 0001:0004d014       _SDL_CalculateBlitN        1004e014 f   SDL_blit_N.obj
 0001:0004d21e       _SDL_Blit_Slow             1004e21e f   SDL_blit_slow.obj
 0001:0004d961       _SDL_LoadBMP_RW            1004e961 f   SDL_bmp.obj
 0001:0004df3b       _SDL_SaveBMP_RW            1004ef3b f   SDL_bmp.obj
 0001:0004e31e       _SDL_SetClipboardText      1004f31e f   SDL_clipboard.obj
 0001:0004e361       _SDL_GetClipboardText      1004f361 f   SDL_clipboard.obj
 0001:0004e38c       _SDL_HasClipboardText      1004f38c f   SDL_clipboard.obj
 0001:0004e9a4       _SDL_FillRect              1004f9a4 f   SDL_fillrect.obj
 0001:0004eba8       _SDL_FillRects             1004fba8 f   SDL_fillrect.obj
 0001:0004ebef       _SDL_GetPixelFormatName    1004fbef f   SDL_pixels.obj
 0001:0004edf8       _SDL_PixelFormatEnumToMasks 1004fdf8 f   SDL_pixels.obj
 0001:0004f040       _SDL_MasksToPixelFormatEnum 10050040 f   SDL_pixels.obj
 0001:0004f487       _SDL_AllocFormat           10050487 f   SDL_pixels.obj
 0001:0004f51c       _SDL_InitFormat            1005051c f   SDL_pixels.obj
 0001:0004f656       _SDL_FreeFormat            10050656 f   SDL_pixels.obj
 0001:0004f6ca       _SDL_AllocPalette          100506ca f   SDL_pixels.obj
 0001:0004f73f       _SDL_SetPixelFormatPalette 1005073f f   SDL_pixels.obj
 0001:0004f794       _SDL_SetPaletteColors      10050794 f   SDL_pixels.obj
 0001:0004f7e9       _SDL_FreePalette           100507e9 f   SDL_pixels.obj
 0001:0004f820       _SDL_FindColor             10050820 f   SDL_pixels.obj
 0001:0004f8a9       _SDL_MapRGB                100508a9 f   SDL_pixels.obj
 0001:0004f906       _SDL_MapRGBA               10050906 f   SDL_pixels.obj
 0001:0004f971       _SDL_GetRGB                10050971 f   SDL_pixels.obj
 0001:0004fa2a       _SDL_GetRGBA               10050a2a f   SDL_pixels.obj
 0001:0004fe34       _SDL_InvalidateMap         10050e34 f   SDL_pixels.obj
 0001:0004fe69       _SDL_MapSurface            10050e69 f   SDL_pixels.obj
 0001:0004ffeb       _SDL_CalculateGammaRamp    10050feb f   SDL_pixels.obj
 0001:000500c8       _SDL_HasIntersection       100510c8 f   SDL_rect.obj
 0001:00050157       _SDL_IntersectRect         10051157 f   SDL_rect.obj
 0001:0005021b       _SDL_UnionRect             1005121b f   SDL_rect.obj
 0001:000502dc       _SDL_EnclosePoints         100512dc f   SDL_rect.obj
 0001:0005047f       _SDL_IntersectRectAndLine  1005147f f   SDL_rect.obj
 0001:0005076d       _SDL_GetSpanEnclosingRect  1005176d f   SDL_rect.obj
 0001:00051879       _SDL_RLEBlit               10052879 f   SDL_RLEaccel.obj
 0001:00052ae3       _SDL_RLEAlphaBlit          10053ae3 f   SDL_RLEaccel.obj
 0001:00053b92       _SDL_RLESurface            10054b92 f   SDL_RLEaccel.obj
 0001:00053d5c       _SDL_UnRLESurface          10054d5c f   SDL_RLEaccel.obj
 0001:00053e0c       _SDL_CreateShapedWindow    10054e0c f   SDL_shape.obj
 0001:00053e7d       _SDL_IsShapedWindow        10054e7d f   SDL_shape.obj
 0001:000540ab       _SDL_CalculateShapeTree    100550ab f   SDL_shape.obj
 0001:00054107       _SDL_TraverseShapeTree     10055107 f   SDL_shape.obj
 0001:0005414a       _SDL_FreeShapeTree         1005514a f   SDL_shape.obj
 0001:00054191       _SDL_SetWindowShape        10055191 f   SDL_shape.obj
 0001:0005421c       _SDL_GetShapedWindowMode   1005521c f   SDL_shape.obj
 0001:000543f1       _SDL_SoftStretch           100553f1 f   SDL_stretch.obj
 0001:00054651       _SDL_CreateRGBSurface      10055651 f   SDL_surface.obj
 0001:00054814       _SDL_CreateRGBSurfaceFrom  10055814 f   SDL_surface.obj
 0001:00054865       _SDL_SetSurfacePalette     10055865 f   SDL_surface.obj
 0001:0005488a       _SDL_SetSurfaceRLE         1005588a f   SDL_surface.obj
 0001:000548c7       _SDL_SetColorKey           100558c7 f   SDL_surface.obj
 0001:000549bf       _SDL_GetColorKey           100559bf f   SDL_surface.obj
 0001:00054b06       _SDL_SetSurfaceColorMod    10055b06 f   SDL_surface.obj
 0001:00054b69       _SDL_GetSurfaceColorMod    10055b69 f   SDL_surface.obj
 0001:00054ba8       _SDL_SetSurfaceAlphaMod    10055ba8 f   SDL_surface.obj
 0001:00054bea       _SDL_GetSurfaceAlphaMod    10055bea f   SDL_surface.obj
 0001:00054c09       _SDL_SetSurfaceBlendMode   10055c09 f   SDL_surface.obj
 0001:00054c73       _SDL_GetSurfaceBlendMode   10055c73 f   SDL_surface.obj
 0001:00054cbd       _SDL_SetClipRect           10055cbd f   SDL_surface.obj
 0001:00054d0f       _SDL_GetClipRect           10055d0f f   SDL_surface.obj
 0001:00054d2b       _SDL_LowerBlit             10055d2b f   SDL_surface.obj
 0001:00054d8a       _SDL_UpperBlit             10055d8a f   SDL_surface.obj
 0001:00054f27       _SDL_UpperBlitScaled       10055f27 f   SDL_surface.obj
 0001:000550a3       _SDL_LowerBlitScaled       100560a3 f   SDL_surface.obj
 0001:00055200       _SDL_LockSurface           10056200 f   SDL_surface.obj
 0001:0005522d       _SDL_UnlockSurface         1005622d f   SDL_surface.obj
 0001:00055252       _SDL_ConvertSurface        10056252 f   SDL_surface.obj
 0001:000554ee       _SDL_ConvertSurfaceFormat  100564ee f   SDL_surface.obj
 0001:000555ca       _SDL_ConvertPixels         100565ca f   SDL_surface.obj
 0001:00055723       _SDL_FreeSurface           10056723 f   SDL_surface.obj
 0001:00055ba4       _SDL_GetNumVideoDrivers    10056ba4 f   SDL_video.obj
 0001:00055ba8       _SDL_GetVideoDriver        10056ba8 f   SDL_video.obj
 0001:00055bbe       _SDL_VideoInit             10056bbe f   SDL_video.obj
 0001:00055e31       _SDL_GetCurrentVideoDriver 10056e31 f   SDL_video.obj
 0001:00055e45       _SDL_AddVideoDisplay       10056e45 f   SDL_video.obj
 0001:00055ee9       _SDL_GetNumVideoDisplays   10056ee9 f   SDL_video.obj
 0001:00055f2a       _SDL_GetDisplayDriverData  10056f2a f   SDL_video.obj
 0001:00055f6e       _SDL_GetDisplayName        10056f6e f   SDL_video.obj
 0001:00055fb3       _SDL_GetDisplayBounds      10056fb3 f   SDL_video.obj
 0001:0005604b       _SDL_AddDisplayMode        1005704b f   SDL_video.obj
 0001:0005610a       _SDL_GetNumDisplayModes    1005710a f   SDL_video.obj
 0001:00056156       _SDL_GetDisplayMode        10057156 f   SDL_video.obj
 0001:000561e0       _SDL_GetDesktopDisplayMode 100571e0 f   SDL_video.obj
 0001:00056239       _SDL_GetCurrentDisplayMode 10057239 f   SDL_video.obj
 0001:000563f0       _SDL_GetClosestDisplayMode 100573f0 f   SDL_video.obj
 0001:00056513       _SDL_GetWindowDisplayIndex 10057513 f   SDL_video.obj
 0001:000566ac       _SDL_GetDisplayForWindow   100576ac f   SDL_video.obj
 0001:000566cd       _SDL_SetWindowDisplayMode  100576cd f   SDL_video.obj
 0001:0005671d       _SDL_GetWindowDisplayMode  1005771d f   SDL_video.obj
 0001:000567f0       _SDL_GetWindowPixelFormat  100577f0 f   SDL_video.obj
 0001:000569f9       _SDL_CreateWindow          100579f9 f   SDL_video.obj
 0001:00056beb       _SDL_CreateWindowFrom      10057beb f   SDL_video.obj
 0001:00056c7a       _SDL_RecreateWindow        10057c7a f   SDL_video.obj
 0001:00056db9       _SDL_GetWindowID           10057db9 f   SDL_video.obj
 0001:00056dec       _SDL_GetWindowFromID       10057dec f   SDL_video.obj
 0001:00056e10       _SDL_GetWindowFlags        10057e10 f   SDL_video.obj
 0001:00056e43       _SDL_SetWindowTitle        10057e43 f   SDL_video.obj
 0001:00056eb8       _SDL_GetWindowTitle        10057eb8 f   SDL_video.obj
 0001:00056ef5       _SDL_SetWindowIcon         10057ef5 f   SDL_video.obj
 0001:00056f62       _SDL_SetWindowData         10057f62 f   SDL_video.obj
 0001:00057051       _SDL_GetWindowData         10058051 f   SDL_video.obj
 0001:000570cb       _SDL_SetWindowPosition     100580cb f   SDL_video.obj
 0001:000571e5       _SDL_GetWindowPosition     100581e5 f   SDL_video.obj
 0001:0005724c       _SDL_SetWindowBordered     1005824c f   SDL_video.obj
 0001:000572bb       _SDL_SetWindowSize         100582bb f   SDL_video.obj
 0001:00057345       _SDL_GetWindowSize         10058345 f   SDL_video.obj
 0001:0005738b       _SDL_SetWindowMinimumSize  1005838b f   SDL_video.obj
 0001:00057422       _SDL_GetWindowMinimumSize  10058422 f   SDL_video.obj
 0001:00057468       _SDL_SetWindowMaximumSize  10058468 f   SDL_video.obj
 0001:000574ff       _SDL_GetWindowMaximumSize  100584ff f   SDL_video.obj
 0001:00057545       _SDL_ShowWindow            10058545 f   SDL_video.obj
 0001:00057597       _SDL_HideWindow            10058597 f   SDL_video.obj
 0001:000575fb       _SDL_RaiseWindow           100585fb f   SDL_video.obj
 0001:0005763b       _SDL_MaximizeWindow        1005863b f   SDL_video.obj
 0001:0005767b       _SDL_MinimizeWindow        1005867b f   SDL_video.obj
 0001:000576cf       _SDL_RestoreWindow         100586cf f   SDL_video.obj
 0001:0005770f       _SDL_SetWindowFullscreen   1005870f f   SDL_video.obj
 0001:000577ff       _SDL_GetWindowSurface      100587ff f   SDL_video.obj
 0001:00057866       _SDL_UpdateWindowSurface   10058866 f   SDL_video.obj
 0001:000578c3       _SDL_UpdateWindowSurfaceRects 100588c3 f   SDL_video.obj
 0001:00057917       _SDL_SetWindowBrightness   10058917 f   SDL_video.obj
 0001:00057986       _SDL_GetWindowBrightness   10058986 f   SDL_video.obj
 0001:000579b9       _SDL_SetWindowGammaRamp    100589b9 f   SDL_video.obj
 0001:00057a98       _SDL_GetWindowGammaRamp    10058a98 f   SDL_video.obj
 0001:00057bca       _SDL_UpdateWindowGrab      10058bca f   SDL_video.obj
 0001:00057bf9       _SDL_SetWindowGrab         10058bf9 f   SDL_video.obj
 0001:00057c5b       _SDL_GetWindowGrab         10058c5b f   SDL_video.obj
 0001:00057c94       _SDL_OnWindowResized       10058c94 f   SDL_video.obj
 0001:00057caa       _SDL_OnWindowRestored      10058caa f   SDL_video.obj
 0001:00057ccd       _SDL_OnWindowFocusGained   10058ccd f   SDL_video.obj
 0001:00057d21       _SDL_OnWindowFocusLost     10058d21 f   SDL_video.obj
 0001:00057d68       _SDL_GetFocusWindow        10058d68 f   SDL_video.obj
 0001:00057d8c       _SDL_DestroyWindow         10058d8c f   SDL_video.obj
 0001:00057ec4       _SDL_IsScreenSaverEnabled  10058ec4 f   SDL_video.obj
 0001:00057edd       _SDL_EnableScreenSaver     10058edd f   SDL_video.obj
 0001:00057f03       _SDL_DisableScreenSaver    10058f03 f   SDL_video.obj
 0001:00057f2c       _SDL_VideoQuit             10058f2c f   SDL_video.obj
 0001:0005806f       _SDL_GL_LoadLibrary        1005906f f   SDL_video.obj
 0001:000580fe       _SDL_GL_GetProcAddress     100590fe f   SDL_video.obj
 0001:00058147       _SDL_GL_UnloadLibrary      10059147 f   SDL_video.obj
 0001:0005817b       _SDL_GL_ExtensionSupported 1005917b f   SDL_video.obj
 0001:0005828d       _SDL_GL_SetAttribute       1005928d f   SDL_video.obj
 0001:000584a5       _SDL_GL_GetAttribute       100594a5 f   SDL_video.obj
 0001:000586cd       _SDL_GL_CreateContext      100596cd f   SDL_video.obj
 0001:00058758       _SDL_GL_MakeCurrent        10059758 f   SDL_video.obj
 0001:00058811       _SDL_GL_GetCurrentWindow   10059811 f   SDL_video.obj
 0001:00058832       _SDL_GL_GetCurrentContext  10059832 f   SDL_video.obj
 0001:00058853       _SDL_GL_GetDrawableSize    10059853 f   SDL_video.obj
 0001:000588a6       _SDL_GL_SetSwapInterval    100598a6 f   SDL_video.obj
 0001:000588e9       _SDL_GL_GetSwapInterval    100598e9 f   SDL_video.obj
 0001:00058912       _SDL_GL_SwapWindow         10059912 f   SDL_video.obj
 0001:0005896c       _SDL_GL_DeleteContext      1005996c f   SDL_video.obj
 0001:000589a3       _SDL_GetWindowWMInfo       100599a3 f   SDL_video.obj
 0001:000589f5       _SDL_StartTextInput        100599f5 f   SDL_video.obj
 0001:00058a4c       _SDL_IsTextInputActive     10059a4c f   SDL_video.obj
 0001:00058a64       _SDL_StopTextInput         10059a64 f   SDL_video.obj
 0001:00058abb       _SDL_SetTextInputRect      10059abb f   SDL_video.obj
 0001:00058ad8       _SDL_HasScreenKeyboardSupport 10059ad8 f   SDL_video.obj
 0001:00058af3       _SDL_IsScreenKeyboardShown 10059af3 f   SDL_video.obj
 0001:00058b53       _SDL_ShowMessageBox        10059b53 f   SDL_video.obj
 0001:00058c02       _SDL_ShowSimpleMessageBox  10059c02 f   SDL_video.obj
 0001:00058c5b       _SDL_ShouldAllowTopmost    10059c5b f   SDL_video.obj
 0001:00058e7d       _SDL_SetMainReady          10059e7d f   SDL.obj
 0001:00058e88       _SDL_InitSubSystem         10059e88 f   SDL.obj
 0001:00059057       _SDL_Init                  1005a057 f   SDL.obj
 0001:0005905c       _SDL_QuitSubSystem         1005a05c f   SDL.obj
 0001:000591c1       _SDL_WasInit               1005a1c1 f   SDL.obj
 0001:000592f9       _SDL_Quit                  1005a2f9 f   SDL.obj
 0001:000593a4       _SDL_GetVersion            1005a3a4 f   SDL.obj
 0001:000593b4       _SDL_GetRevision           1005a3b4 f   SDL.obj
 0001:000593ba       _SDL_GetRevisionNumber     1005a3ba f   SDL.obj
 0001:000593c0       _SDL_GetPlatform           1005a3c0 f   SDL.obj
 0001:0005971f       _SDL_ReportAssertion       1005a71f f   SDL_assert.obj
 0001:00059813       _SDL_SetAssertionHandler   1005a813 f   SDL_assert.obj
 0001:0005983c       _SDL_GetAssertionReport    1005a83c f   SDL_assert.obj
 0001:00059842       _SDL_ResetAssertionReport  1005a842 f   SDL_assert.obj
 0001:00059865       _SDL_SetError              1005a865 f   SDL_error.obj
 0001:00059af9       _SDL_GetError              1005aaf9 f   SDL_error.obj
 0001:00059afe       _SDL_ClearError            1005aafe f   SDL_error.obj
 0001:00059b07       _SDL_Error                 1005ab07 f   SDL_error.obj
 0001:00059b4b       _SDL_SetHintWithPriority   1005ab4b f   SDL_hints.obj
 0001:00059c35       _SDL_SetHint               1005ac35 f   SDL_hints.obj
 0001:00059c48       _SDL_GetHint               1005ac48 f   SDL_hints.obj
 0001:00059c8a       _SDL_AddHintCallback       1005ac8a f   SDL_hints.obj
 0001:00059d61       _SDL_DelHintCallback       1005ad61 f   SDL_hints.obj
 0001:00059dc3       _SDL_ClearHints            1005adc3 f   SDL_hints.obj
 0001:00059e0b       _SDL_LogSetAllPriority     1005ae0b f   SDL_log.obj
 0001:00059e33       _SDL_LogSetPriority        1005ae33 f   SDL_log.obj
 0001:00059e71       _SDL_LogGetPriority        1005ae71 f   SDL_log.obj
 0001:00059eb0       _SDL_LogResetPriorities    1005aeb0 f   SDL_log.obj
 0001:00059efc       _SDL_Log                   1005aefc f   SDL_log.obj
 0001:00059f12       _SDL_LogVerbose            1005af12 f   SDL_log.obj
 0001:00059f2a       _SDL_LogDebug              1005af2a f   SDL_log.obj
 0001:00059f42       _SDL_LogInfo               1005af42 f   SDL_log.obj
 0001:00059f5c       _SDL_LogWarn               1005af5c f   SDL_log.obj
 0001:00059f74       _SDL_LogError              1005af74 f   SDL_log.obj
 0001:00059f8e       _SDL_LogCritical           1005af8e f   SDL_log.obj
 0001:00059fa6       _SDL_LogMessage            1005afa6 f   SDL_log.obj
 0001:00059fc0       _SDL_LogMessageV           1005afc0 f   SDL_log.obj
 0001:0005a19a       _SDL_LogGetOutputFunction  1005b19a f   SDL_log.obj
 0001:0005a1bb       _SDL_LogSetOutputFunction  1005b1bb f   SDL_log.obj
 0001:0005b3aa       _XAudio2Create             1005c3aa f i SDL_xaudio2.obj
 0001:0005ba26       _WIN_SetError              1005ca26 f   SDL_windows.obj
 0001:0005bab4       _WIN_CoInitialize          1005cab4 f   SDL_windows.obj
 0001:0005bac6       _SDL_GetBasePath           1005cac6 f   SDL_sysfilesystem.obj
 0001:0005bb3a       _SDL_GetPrefPath           1005cb3a f   SDL_sysfilesystem.obj
 0001:0005bc32       _SDL_SYS_HapticInit        1005cc32 f   SDL_syshaptic.obj
 0001:0005c381       _SDL_SYS_HapticOpen        1005d381 f   SDL_syshaptic.obj
 0001:0005c3cb       _SDL_SYS_HapticMouse       1005d3cb f   SDL_syshaptic.obj
 0001:0005c3f1       _SDL_SYS_JoystickIsHaptic  1005d3f1 f   SDL_syshaptic.obj
 0001:0005c40d       _SDL_SYS_JoystickSameHaptic 1005d40d f   SDL_syshaptic.obj
 0001:0005c49d       _SDL_SYS_HapticOpenFromJoystick 1005d49d f   SDL_syshaptic.obj
 0001:0005c57e       _SDL_SYS_HapticClose       1005d57e f   SDL_syshaptic.obj
 0001:0005c5e8       _SDL_SYS_HapticQuit        1005d5e8 f   SDL_syshaptic.obj
 0001:0005cf67       _SDL_SYS_HapticNewEffect   1005df67 f   SDL_syshaptic.obj
 0001:0005d02c       _SDL_SYS_HapticUpdateEffect 1005e02c f   SDL_syshaptic.obj
 0001:0005d116       _SDL_SYS_HapticRunEffect   1005e116 f   SDL_syshaptic.obj
 0001:0005d1db       _SDL_SYS_HapticStopEffect  1005e1db f   SDL_syshaptic.obj
 0001:0005d24d       _SDL_SYS_HapticDestroyEffect 1005e24d f   SDL_syshaptic.obj
 0001:0005d299       _SDL_SYS_HapticSetGain     1005e299 f   SDL_syshaptic.obj
 0001:0005d2e4       _SDL_SYS_HapticSetAutocenter 1005e2e4 f   SDL_syshaptic.obj
 0001:0005d334       _SDL_SYS_HapticStopAll     1005e334 f   SDL_syshaptic.obj
 0001:0005d412       _WIN_LoadXInputDLL         1005e412 f   SDL_dxjoystick.obj
 0001:0005d4cb       _WIN_UnloadXInputDLL       1005e4cb f   SDL_dxjoystick.obj
 0001:0005d65a       _SDL_PrivateJoystickDetectProc@16 1005e65a f   SDL_dxjoystick.obj
 0001:0005d8e5       _SDL_SYS_JoystickInit      1005e8e5 f   SDL_dxjoystick.obj
 0001:0005dc9f       _SDL_SYS_JoystickDetect    1005ec9f f   SDL_dxjoystick.obj
 0001:0005de17       _SDL_SYS_JoystickNameForDeviceIndex 1005ee17 f   SDL_dxjoystick.obj
 0001:0005de30       _SDL_SYS_GetInstanceIdOfDeviceIndex 1005ee30 f   SDL_dxjoystick.obj
 0001:0005de49       _SDL_SYS_JoystickOpen      1005ee49 f   SDL_dxjoystick.obj
 0001:0005e371       _SDL_SYS_JoystickUpdate_Polled 1005f371 f   SDL_dxjoystick.obj
 0001:0005e523       _SDL_SYS_JoystickUpdate_Buffered 1005f523 f   SDL_dxjoystick.obj
 0001:0005e65e       _SDL_SYS_JoystickUpdate_XInput 1005f65e f   SDL_dxjoystick.obj
 0001:0005ea60       _SDL_SYS_JoystickUpdate    1005fa60 f   SDL_dxjoystick.obj
 0001:0005ead7       _SDL_SYS_JoystickQuit      1005fad7 f   SDL_dxjoystick.obj
 0001:0005ebb7       _SDL_LoadObject            1005fbb7 f   SDL_sysloadso.obj
 0001:0005ec3f       _SDL_LoadFunction          1005fc3f f   SDL_sysloadso.obj
 0001:0005ec9c       _SDL_UnloadObject          1005fc9c f   SDL_sysloadso.obj
 0001:0005ecae       _SDL_GetPowerInfo_Windows  1005fcae f   SDL_syspower.obj
 0001:00060fa7       _SDL_RenderGetD3D9Device   10061fa7 f   SDL_render_d3d.obj
 0001:000644a5       _GL_CreateShaderContext    100654a5 f   SDL_shaders_gl.obj
 0001:00064680       _GL_DestroyShaderContext   10065680 f   SDL_shaders_gl.obj
 0001:00068de1       _SDL_BlendFillRects        10069de1 f   SDL_blendfillrect.obj
 0001:00070727       _SDL_BlendLines            10071727 f   SDL_blendline.obj
 0001:000718cd       _SDL_BlendPoint            100728cd f   SDL_blendpoint.obj
 0001:00071a35       _SDL_BlendPoints           10072a35 f   SDL_blendpoint.obj
 0001:000725fd       _SDL_DrawLines             100735fd f   SDL_drawline.obj
 0001:000726d2       _SDL_DrawPoint             100736d2 f   SDL_drawpoint.obj
 0001:00072771       _SDL_DrawPoints            10073771 f   SDL_drawpoint.obj
 0001:00072885       _SW_CreateRendererForSurface 10073885 f   SDL_render_sw.obj
 0001:00073720       _SDLgfx_rotozoomSurfaceSizeTrig 10074720 f   SDL_rotate.obj
 0001:00073f48       _SDLgfx_rotateSurface      10074f48 f   SDL_rotate.obj
 0001:0007415a       _SDL_CreateMutex           1007515a f   SDL_sysmutex.obj
 0001:00074184       _SDL_DestroyMutex          10075184 f   SDL_sysmutex.obj
 0001:0007419e       _SDL_LockMutex             1007519e f   SDL_sysmutex.obj
 0001:000741be       _SDL_TryLockMutex          100751be f   SDL_sysmutex.obj
 0001:000741e9       _SDL_UnlockMutex           100751e9 f   SDL_sysmutex.obj
 0001:00074209       _SDL_CreateSemaphore       10075209 f   SDL_syssem.obj
 0001:00074258       _SDL_DestroySemaphore      10075258 f   SDL_syssem.obj
 0001:0007427b       _SDL_SemWaitTimeout        1007527b f   SDL_syssem.obj
 0001:000742ca       _SDL_SemTryWait            100752ca f   SDL_syssem.obj
 0001:000742d8       _SDL_SemWait               100752d8 f   SDL_syssem.obj
 0001:000742e6       _SDL_SemValue              100752e6 f   SDL_syssem.obj
 0001:00074300       _SDL_SemPost               10075300 f   SDL_syssem.obj
 0001:00074376       _SDL_SYS_CreateThread      10075376 f   SDL_systhread.obj
 0001:000743ee       _SDL_ThreadID              100753ee f   SDL_systhread.obj
 0001:000743f4       _SDL_SYS_GetTLSData        100753f4 f   SDL_systls.obj
 0001:00074461       _SDL_SYS_SetTLSData        10075461 f   SDL_systls.obj
 0001:00074492       _SDL_CreateCond            10075492 f   SDL_syscond.obj
 0001:000744f2       _SDL_DestroyCond           100754f2 f   SDL_syscond.obj
 0001:0007452e       _SDL_CondSignal            1007552e f   SDL_syscond.obj
 0001:00074580       _SDL_CondBroadcast         10075580 f   SDL_syscond.obj
 0001:000745ed       _SDL_CondWaitTimeout       100755ed f   SDL_syscond.obj
 0001:00074683       _SDL_CondWait              10075683 f   SDL_syscond.obj
 0001:000746ec       _SDL_InitTicks             100756ec f   SDL_systimer.obj
 0001:0007474e       _SDL_GetTicks              1007574e f   SDL_systimer.obj
 0001:000747c1       _SDL_GetPerformanceCounter 100757c1 f   SDL_systimer.obj
 0001:000747e5       _SDL_GetPerformanceFrequency 100757e5 f   SDL_systimer.obj
 0001:00074809       _SDL_Delay                 10075809 f   SDL_systimer.obj
 0001:00074814       _SDL_DUMMY_CreateWindowFramebuffer 10075814 f   SDL_nullframebuffer.obj
 0001:000748b4       _SDL_DUMMY_UpdateWindowFramebuffer 100758b4 f   SDL_nullframebuffer.obj
 0001:0007493c       _SDL_DUMMY_DestroyWindowFramebuffer 1007593c f   SDL_nullframebuffer.obj
 0001:00074a63       _WIN_SetClipboardText      10075a63 f   SDL_windowsclipboard.obj
 0001:00074bb2       _WIN_GetClipboardText      10075bb2 f   SDL_windowsclipboard.obj
 0001:00074c4c       _WIN_HasClipboardText      10075c4c f   SDL_windowsclipboard.obj
 0001:00074f7a       _WIN_CheckWParamMouseButton 10075f7a f   SDL_windowsevents.obj
 0001:00074faa       _WIN_CheckWParamMouseButtons 10075faa f   SDL_windowsevents.obj
 0001:0007502a       _WIN_CheckRawMouseButtons  1007602a f   SDL_windowsevents.obj
 0001:00075171       _WIN_WindowProc@16         10076171 f   SDL_windowsevents.obj
 0001:00075dbe       _WIN_PumpEvents            10076dbe f   SDL_windowsevents.obj
 0001:00075f23       _SDL_RegisterApp           10076f23 f   SDL_windowsevents.obj
 0001:0007601f       _WIN_CreateWindowFramebuffer 1007701f f   SDL_windowsframebuffer.obj
 0001:000761b7       _WIN_UpdateWindowFramebuffer 100771b7 f   SDL_windowsframebuffer.obj
 0001:000761de       _WIN_DestroyWindowFramebuffer 100771de f   SDL_windowsframebuffer.obj
 0001:00076210       _WIN_InitKeyboard          10077210 f   SDL_windowskeyboard.obj
 0001:0007633a       _WIN_UpdateKeymap          1007733a f   SDL_windowskeyboard.obj
 0001:000763d3       _WIN_QuitKeyboard          100773d3 f   SDL_windowskeyboard.obj
 0001:0007643a       _WIN_StartTextInput        1007743a f   SDL_windowskeyboard.obj
 0001:0007647d       _WIN_StopTextInput         1007747d f   SDL_windowskeyboard.obj
 0001:000764b0       _WIN_SetTextInputRect      100774b0 f   SDL_windowskeyboard.obj
 0001:00077015       _IME_HandleMessage         10078015 f   SDL_windowskeyboard.obj
 0001:00077384       _TSFSink_AddRef@4          10078384 f   SDL_windowskeyboard.obj
 0001:00077391       _TSFSink_Release@4         10078391 f   SDL_windowskeyboard.obj
 0001:000773aa       _UIElementSink_QueryInterface@12 100783aa f   SDL_windowskeyboard.obj
 0001:000773fd       _UILess_GetUIElement       100783fd f   SDL_windowskeyboard.obj
 0001:00077440       _UIElementSink_BeginUIElement@12 10078440 f   SDL_windowskeyboard.obj
 0001:000774da       _UIElementSink_UpdateUIElement@8 100784da f   SDL_windowskeyboard.obj
 0001:0007757f       _UIElementSink_EndUIElement@8 1007857f f   SDL_windowskeyboard.obj
 0001:00077620       _IPPASink_QueryInterface@12 10078620 f   SDL_windowskeyboard.obj
 0001:00077673       _IPPASink_OnActivated@32   10078673 f   SDL_windowskeyboard.obj
 0001:00077cc4       _WIN_ShowMessageBox        10078cc4 f   SDL_windowsmessagebox.obj
 0001:00078158       _WIN_InitModes             10079158 f   SDL_windowsmodes.obj
 0001:0007828b       _WIN_GetDisplayBounds      1007928b f   SDL_windowsmodes.obj
 0001:000782b6       _WIN_GetDisplayModes       100792b6 f   SDL_windowsmodes.obj
 0001:00078344       _WIN_SetDisplayMode        10079344 f   SDL_windowsmodes.obj
 0001:0007870f       _WIN_InitMouse             1007970f f   SDL_windowsmouse.obj
 0001:00078790       _WIN_GL_LoadLibrary        10079790 f   SDL_windowsopengl.obj
 0001:0007889e       _WIN_GL_GetProcAddress     1007989e f   SDL_windowsopengl.obj
 0001:000788c6       _WIN_GL_UnloadLibrary      100798c6 f   SDL_windowsopengl.obj
 0001:00078fcf       _WIN_GL_CreateContext      10079fcf f   SDL_windowsopengl.obj
 0001:00079157       _WIN_GL_MakeCurrent        1007a157 f   SDL_windowsopengl.obj
 0001:000791ab       _WIN_GL_SetSwapInterval    1007a1ab f   SDL_windowsopengl.obj
 0001:000791fe       _WIN_GL_GetSwapInterval    1007a1fe f   SDL_windowsopengl.obj
 0001:00079214       _WIN_GL_SwapWindow         1007a214 f   SDL_windowsopengl.obj
 0001:00079225       _WIN_GL_DeleteContext      1007a225 f   SDL_windowsopengl.obj
 0001:0007923b       _Win32_CreateShaper        1007a23b f   SDL_windowsshape.obj
 0001:00079282       _CombineRectRegions        1007a282 f   SDL_windowsshape.obj
 0001:000792d2       _Win32_SetWindowShape      1007a2d2 f   SDL_windowsshape.obj
 0001:00079368       _Win32_ResizeWindowShape   1007a368 f   SDL_windowsshape.obj
 0001:000796af       _D3D_LoadDLL               1007a6af f   SDL_windowsvideo.obj
 0001:000796f9       _SDL_Direct3D9GetAdapterIndex 1007a6f9 f   SDL_windowsvideo.obj
 0001:00079a88       _WIN_CreateWindow          1007aa88 f   SDL_windowswindow.obj
 0001:00079b83       _WIN_CreateWindowFrom      1007ab83 f   SDL_windowswindow.obj
 0001:00079bfb       _WIN_SetWindowTitle        1007abfb f   SDL_windowswindow.obj
 0001:00079c55       _WIN_SetWindowIcon         1007ac55 f   SDL_windowswindow.obj
 0001:00079d61       _WIN_SetWindowPosition     1007ad61 f   SDL_windowswindow.obj
 0001:00079d73       _WIN_SetWindowSize         1007ad73 f   SDL_windowswindow.obj
 0001:00079d85       _WIN_ShowWindow            1007ad85 f   SDL_windowswindow.obj
 0001:00079d98       _WIN_HideWindow            1007ad98 f   SDL_windowswindow.obj
 0001:00079dab       _WIN_RaiseWindow           1007adab f   SDL_windowswindow.obj
 0001:00079dc9       _WIN_MaximizeWindow        1007adc9 f   SDL_windowswindow.obj
 0001:00079ddc       _WIN_MinimizeWindow        1007addc f   SDL_windowswindow.obj
 0001:00079def       _WIN_SetWindowBordered     1007adef f   SDL_windowswindow.obj
 0001:00079e39       _WIN_RestoreWindow         1007ae39 f   SDL_windowswindow.obj
 0001:00079e4c       _WIN_SetWindowFullscreen   1007ae4c f   SDL_windowswindow.obj
 0001:00079f4b       _WIN_SetWindowGammaRamp    1007af4b f   SDL_windowswindow.obj
 0001:00079f9a       _WIN_GetWindowGammaRamp    1007af9a f   SDL_windowswindow.obj
 0001:00079fe9       _WIN_SetWindowGrab         1007afe9 f   SDL_windowswindow.obj
 0001:0007a053       _WIN_DestroyWindow         1007b053 f   SDL_windowswindow.obj
 0001:0007a099       _WIN_GetWindowWMInfo       1007b099 f   SDL_windowswindow.obj
 0001:0007a0ca       _SDL_HelperWindowCreate    1007b0ca f   SDL_windowswindow.obj
 0001:0007a167       _WIN_OnWindowEnter         1007b167 f   SDL_windowswindow.obj
 0001:0007a19e       _ImmGetIMEFileNameA@12     1007b19e f   Imm32:IMM32.dll
 0001:0007a1a4       _ImmGetContext@4           1007b1a4 f   Imm32:IMM32.dll
 0001:0007a1aa       _ImmReleaseContext@8       1007b1aa f   Imm32:IMM32.dll
 0001:0007a1b0       _ImmGetCompositionStringW@16 1007b1b0 f   Imm32:IMM32.dll
 0001:0007a1b6       _ImmSetCompositionStringW@24 1007b1b6 f   Imm32:IMM32.dll
 0001:0007a1bc       _ImmGetCandidateListW@16   1007b1bc f   Imm32:IMM32.dll
 0001:0007a1c2       _ImmAssociateContext@8     1007b1c2 f   Imm32:IMM32.dll
 0001:0007a1c8       _ImmNotifyIME@16           1007b1c8 f   Imm32:IMM32.dll
 0001:0007a1ce       _VerQueryValueA@16         1007b1ce f   Version:VERSION.dll
 0001:0007a1d4       _GetFileVersionInfoSizeA@8 1007b1d4 f   Version:VERSION.dll
 0001:0007a1da       _GetFileVersionInfoA@16    1007b1da f   Version:VERSION.dll
 0001:0007a1e0       _GetSystemPowerStatus@4    1007b1e0 f   kernel32:KERNEL32.dll
 0001:0007a235       __CRT_INIT@12              1007b235 f   MSVCRT:crtdll.obj
 0001:0007a571       __DllMainCRTStartup@12     1007b571 f   MSVCRT:crtdll.obj
 0001:0007a594       ___clean_type_info_names   1007b594 f   MSVCRT:tncleanup.obj
 0001:0007a5a0       __onexit                   1007b5a0 f   MSVCRT:atonexit.obj
 0001:0007a645       _atexit                    1007b645 f   MSVCRT:atonexit.obj
 0001:0007a65c       __RTC_Initialize           1007b65c f   MSVCRT:_initsect_.obj
 0001:0007a682       __RTC_Terminate            1007b682 f   MSVCRT:_initsect_.obj
 0001:0007a6b0       __ValidateImageBase        1007b6b0 f   MSVCRT:pesect.obj
 0001:0007a6f0       __FindPESection            1007b6f0 f   MSVCRT:pesect.obj
 0001:0007a740       __IsNonwritableInCurrentImage 1007b740 f   MSVCRT:pesect.obj
 0001:0007a7fe       __initterm                 1007b7fe f   MSVCRT:MSVCR90.dll
 0001:0007a804       __initterm_e               1007b804 f   MSVCRT:MSVCR90.dll
 0001:0007a80a       __amsg_exit                1007b80a f   MSVCRT:MSVCR90.dll
 0001:0007a810       ___CppXcptFilter           1007b810 f   MSVCRT:MSVCR90.dll
 0001:0007a816       _DllMain@12                1007b816 f   MSVCRT:dllmain.obj
 0001:0007a83c       __SEH_prolog4              1007b83c f   MSVCRT:sehprolg4.obj
 0001:0007a881       __SEH_epilog4              1007b881 f   MSVCRT:sehprolg4.obj
 0001:0007a895       __except_handler4          1007b895 f   MSVCRT:chandler4gs.obj
 0001:0007a8ba       ___security_init_cookie    1007b8ba f   MSVCRT:gs_support.obj
 0001:0007a950       ___clean_type_info_names_internal 1007b950 f   MSVCRT:MSVCR90.dll
 0001:0007a956       __unlock                   1007b956 f   MSVCRT:MSVCR90.dll
 0001:0007a95c       ___dllonexit               1007b95c f   MSVCRT:MSVCR90.dll
 0001:0007a962       __lock                     1007b962 f   MSVCRT:MSVCR90.dll
 0001:0007a968       @__security_check_cookie@4 1007b968 f   MSVCRT:secchk.obj
 0001:0007a978       __except_handler4_common   1007b978 f   MSVCRT:MSVCR90.dll
 0001:0007a97e       ___report_gsfailure        1007b97e f   MSVCRT:gs_report.obj
 0001:0007aa84       __crt_debugger_hook        1007ba84 f   MSVCRT:MSVCR90.dll
 0001:0007aa90       __allshl                   1007ba90 f   MSVCRT:llshl.obj
 0001:0007aab0       _memcpy                    1007bab0 f   MSVCRT:MSVCR90.dll
 0001:0007aab6       _memset                    1007bab6 f   MSVCRT:MSVCR90.dll
 0001:0007aabc       __CIsqrt                   1007babc f   MSVCRT:MSVCR90.dll
 0001:0007aac2       __CIsin                    1007bac2 f   MSVCRT:MSVCR90.dll
 0001:0007aac8       __CIpow                    1007bac8 f   MSVCRT:MSVCR90.dll
 0001:0007aace       __CIlog                    1007bace f   MSVCRT:MSVCR90.dll
 0001:0007aad4       _floor                     1007bad4 f   MSVCRT:MSVCR90.dll
 0001:0007aada       __CIcos                    1007bada f   MSVCRT:MSVCR90.dll
 0001:0007aae0       __CIatan2                  1007bae0 f   MSVCRT:MSVCR90.dll
 0001:0007aae6       __CIatan                   1007bae6 f   MSVCRT:MSVCR90.dll
 0001:0007aaf0       __alloca_probe_16          1007baf0 f   MSVCRT:alloca16.obj
 0001:0007ab06       __alloca_probe_8           1007bb06     MSVCRT:alloca16.obj
 0001:0007ab20       __ftol2_sse                1007bb20 f   MSVCRT:ftol2.obj
 0001:0007ab29       __ftol2_pentium4           1007bb29 f   MSVCRT:ftol2.obj
 0001:0007ab3c       __ftol2_sse_excpt          1007bb3c f   MSVCRT:ftol2.obj
 0001:0007ab56       __ftol2                    1007bb56 f   MSVCRT:ftol2.obj
 0001:0007abd0       __allshr                   1007bbd0 f   MSVCRT:llshr.obj
 0001:0007ac00       __allmul                   1007bc00 f   MSVCRT:llmul.obj
 0001:0007ac40       __aulldvrm                 1007bc40 f   MSVCRT:ulldvrm.obj
 0001:0007ace0       __alldvrm                  1007bce0 f   MSVCRT:lldvrm.obj
 0001:0007adc0       __alldiv                   1007bdc0 f   MSVCRT:lldiv.obj
 0001:0007ae70       __chkstk                   1007be70 f   MSVCRT:chkstk.obj
 0001:0007ae70       __alloca_probe             1007be70     MSVCRT:chkstk.obj
 0001:0007aeeb       __get_sse2_info            1007beeb f   MSVCRT:cpu_disp.obj
 0001:0007af4d       ___sse2_available_init     1007bf4d f   MSVCRT:cpu_disp.obj
 0002:00000000       __imp__CreateCompatibleDC@4 1007c000     gdi32:GDI32.dll
 0002:00000004       __imp__SelectObject@8      1007c004     gdi32:GDI32.dll
 0002:00000008       __imp__DeleteObject@4      1007c008     gdi32:GDI32.dll
 0002:0000000c       __imp__GetDIBits@28        1007c00c     gdi32:GDI32.dll
 0002:00000010       __imp__CreateDIBSection@24 1007c010     gdi32:GDI32.dll
 0002:00000014       __imp__DeleteDC@4          1007c014     gdi32:GDI32.dll
 0002:00000018       __imp__BitBlt@36           1007c018     gdi32:GDI32.dll
 0002:0000001c       __imp__GetDeviceGammaRamp@8 1007c01c     gdi32:GDI32.dll
 0002:00000020       __imp__SetDeviceGammaRamp@8 1007c020     gdi32:GDI32.dll
 0002:00000024       __imp__CombineRgn@16       1007c024     gdi32:GDI32.dll
 0002:00000028       __imp__CreateRectRgn@16    1007c028     gdi32:GDI32.dll
 0002:0000002c       __imp__DescribePixelFormat@16 1007c02c     gdi32:GDI32.dll
 0002:00000030       __imp__ChoosePixelFormat@8 1007c030     gdi32:GDI32.dll
 0002:00000034       __imp__SetPixelFormat@12   1007c034     gdi32:GDI32.dll
 0002:00000038       __imp__SwapBuffers@4       1007c038     gdi32:GDI32.dll
 0002:0000003c       __imp__CreateBitmap@20     1007c03c     gdi32:GDI32.dll
 0002:00000040       __imp__CreateDCW@16        1007c040     gdi32:GDI32.dll
 0002:00000044       __imp__GetTextMetricsW@8   1007c044     gdi32:GDI32.dll
 0002:00000048       __imp__CreateFontIndirectW@4 1007c048     gdi32:GDI32.dll
 0002:0000004c       __imp__GetDeviceCaps@8     1007c04c     gdi32:GDI32.dll
 0002:00000050       __imp__CreateCompatibleBitmap@12 1007c050     gdi32:GDI32.dll
 0002:00000054       \177GDI32_NULL_THUNK_DATA  1007c054     gdi32:GDI32.dll
 0002:00000058       __imp__ImmGetContext@4     1007c058     Imm32:IMM32.dll
 0002:0000005c       __imp__ImmReleaseContext@8 1007c05c     Imm32:IMM32.dll
 0002:00000060       __imp__ImmGetCompositionStringW@16 1007c060     Imm32:IMM32.dll
 0002:00000064       __imp__ImmSetCompositionStringW@24 1007c064     Imm32:IMM32.dll
 0002:00000068       __imp__ImmGetCandidateListW@16 1007c068     Imm32:IMM32.dll
 0002:0000006c       __imp__ImmAssociateContext@8 1007c06c     Imm32:IMM32.dll
 0002:00000070       __imp__ImmNotifyIME@16     1007c070     Imm32:IMM32.dll
 0002:00000074       __imp__ImmGetIMEFileNameA@12 1007c074     Imm32:IMM32.dll
 0002:00000078       \177IMM32_NULL_THUNK_DATA  1007c078     Imm32:IMM32.dll
 0002:0000007c       __imp__GetSystemPowerStatus@4 1007c07c     kernel32:KERNEL32.dll
 0002:00000080       __imp__LoadLibraryW@4      1007c080     kernel32:KERNEL32.dll
 0002:00000084       __imp__FreeLibrary@4       1007c084     kernel32:KERNEL32.dll
 0002:00000088       __imp__GetModuleHandleW@4  1007c088     kernel32:KERNEL32.dll
 0002:0000008c       __imp__GetModuleFileNameW@12 1007c08c     kernel32:KERNEL32.dll
 0002:00000090       __imp__FormatMessageW@28   1007c090     kernel32:KERNEL32.dll
 0002:00000094       __imp__CreateSemaphoreW@16 1007c094     kernel32:KERNEL32.dll
 0002:00000098       __imp__ReleaseSemaphore@12 1007c098     kernel32:KERNEL32.dll
 0002:0000009c       __imp__WideCharToMultiByte@32 1007c09c     kernel32:KERNEL32.dll
 0002:000000a0       __imp__WaitForSingleObject@8 1007c0a0     kernel32:KERNEL32.dll
 0002:000000a4       __imp__AttachConsole@4     1007c0a4     kernel32:KERNEL32.dll
 0002:000000a8       __imp__GetLastError@0      1007c0a8     kernel32:KERNEL32.dll
 0002:000000ac       __imp__GetStdHandle@4      1007c0ac     kernel32:KERNEL32.dll
 0002:000000b0       __imp__lstrlenW@4          1007c0b0     kernel32:KERNEL32.dll
 0002:000000b4       __imp__WriteConsoleW@20    1007c0b4     kernel32:KERNEL32.dll
 0002:000000b8       __imp__OutputDebugStringW@4 1007c0b8     kernel32:KERNEL32.dll
 0002:000000bc       __imp__ExitProcess@4       1007c0bc     kernel32:KERNEL32.dll
 0002:000000c0       __imp__MulDiv@12           1007c0c0     kernel32:KERNEL32.dll
 0002:000000c4       __imp__GetVersionExA@4     1007c0c4     kernel32:KERNEL32.dll
 0002:000000c8       __imp__CompareStringA@24   1007c0c8     kernel32:KERNEL32.dll
 0002:000000cc       __imp__GlobalUnlock@4      1007c0cc     kernel32:KERNEL32.dll
 0002:000000d0       __imp__GlobalAlloc@8       1007c0d0     kernel32:KERNEL32.dll
 0002:000000d4       __imp__GlobalLock@4        1007c0d4     kernel32:KERNEL32.dll
 0002:000000d8       __imp__QueryPerformanceFrequency@4 1007c0d8     kernel32:KERNEL32.dll
 0002:000000dc       __imp__Sleep@4             1007c0dc     kernel32:KERNEL32.dll
 0002:000000e0       __imp__QueryPerformanceCounter@4 1007c0e0     kernel32:KERNEL32.dll
 0002:000000e4       __imp__TlsAlloc@0          1007c0e4     kernel32:KERNEL32.dll
 0002:000000e8       __imp__TlsSetValue@8       1007c0e8     kernel32:KERNEL32.dll
 0002:000000ec       __imp__TlsGetValue@4       1007c0ec     kernel32:KERNEL32.dll
 0002:000000f0       __imp__CreateThread@24     1007c0f0     kernel32:KERNEL32.dll
 0002:000000f4       __imp__GetCurrentThreadId@0 1007c0f4     kernel32:KERNEL32.dll
 0002:000000f8       __imp__SetThreadPriority@8 1007c0f8     kernel32:KERNEL32.dll
 0002:000000fc       __imp__GetCurrentThread@0  1007c0fc     kernel32:KERNEL32.dll
 0002:00000100       __imp__InterlockedDecrement@4 1007c100     kernel32:KERNEL32.dll
 0002:00000104       __imp__SetEnvironmentVariableA@8 1007c104     kernel32:KERNEL32.dll
 0002:00000108       __imp__GetEnvironmentVariableA@12 1007c108     kernel32:KERNEL32.dll
 0002:0000010c       __imp__CloseHandle@4       1007c10c     kernel32:KERNEL32.dll
 0002:00000110       __imp__GetFileSizeEx@8     1007c110     kernel32:KERNEL32.dll
 0002:00000114       __imp__CreateFileW@28      1007c114     kernel32:KERNEL32.dll
 0002:00000118       __imp__ReadFile@20         1007c118     kernel32:KERNEL32.dll
 0002:0000011c       __imp__WriteFile@20        1007c11c     kernel32:KERNEL32.dll
 0002:00000120       __imp__SetFilePointerEx@20 1007c120     kernel32:KERNEL32.dll
 0002:00000124       __imp__SetErrorMode@4      1007c124     kernel32:KERNEL32.dll
 0002:00000128       __imp__SetFilePointer@16   1007c128     kernel32:KERNEL32.dll
 0002:0000012c       __imp__GetSystemInfo@4     1007c12c     kernel32:KERNEL32.dll
 0002:00000130       __imp__GlobalMemoryStatusEx@4 1007c130     kernel32:KERNEL32.dll
 0002:00000134       __imp__InterlockedExchange@8 1007c134     kernel32:KERNEL32.dll
 0002:00000138       __imp__TryEnterCriticalSection@4 1007c138     kernel32:KERNEL32.dll
 0002:0000013c       __imp__InterlockedCompareExchange@12 1007c13c     kernel32:KERNEL32.dll
 0002:00000140       __imp__DisableThreadLibraryCalls@4 1007c140     kernel32:KERNEL32.dll
 0002:00000144       __imp__GetTickCount@0      1007c144     kernel32:KERNEL32.dll
 0002:00000148       __imp__GetCurrentProcessId@0 1007c148     kernel32:KERNEL32.dll
 0002:0000014c       __imp__GetSystemTimeAsFileTime@4 1007c14c     kernel32:KERNEL32.dll
 0002:00000150       __imp__TerminateProcess@8  1007c150     kernel32:KERNEL32.dll
 0002:00000154       __imp__GetCurrentProcess@0 1007c154     kernel32:KERNEL32.dll
 0002:00000158       __imp__UnhandledExceptionFilter@4 1007c158     kernel32:KERNEL32.dll
 0002:0000015c       __imp__SetUnhandledExceptionFilter@4 1007c15c     kernel32:KERNEL32.dll
 0002:00000160       __imp__IsDebuggerPresent@0 1007c160     kernel32:KERNEL32.dll
 0002:00000164       __imp__InitializeCriticalSectionAndSpinCount@8 1007c164     kernel32:KERNEL32.dll
 0002:00000168       __imp__LeaveCriticalSection@4 1007c168     kernel32:KERNEL32.dll
 0002:0000016c       __imp__EnterCriticalSection@4 1007c16c     kernel32:KERNEL32.dll
 0002:00000170       __imp__DeleteCriticalSection@4 1007c170     kernel32:KERNEL32.dll
 0002:00000174       __imp__InterlockedIncrement@4 1007c174     kernel32:KERNEL32.dll
 0002:00000178       __imp__GetProcAddress@8    1007c178     kernel32:KERNEL32.dll
 0002:0000017c       \177KERNEL32_NULL_THUNK_DATA 1007c17c     kernel32:KERNEL32.dll
 0002:00000180       __imp___encoded_null       1007c180     MSVCRT:MSVCR90.dll
 0002:00000184       __imp___malloc_crt         1007c184     MSVCRT:MSVCR90.dll
 0002:00000188       __imp___encode_pointer     1007c188     MSVCRT:MSVCR90.dll
 0002:0000018c       __imp___beginthreadex      1007c18c     MSVCRT:MSVCR90.dll
 0002:00000190       __imp___endthreadex        1007c190     MSVCRT:MSVCR90.dll
 0002:00000194       __imp__fprintf             1007c194     MSVCRT:MSVCR90.dll
 0002:00000198       __imp___CIatan2            1007c198     MSVCRT:MSVCR90.dll
 0002:0000019c       __imp___CIcos              1007c19c     MSVCRT:MSVCR90.dll
 0002:000001a0       __imp__floor               1007c1a0     MSVCRT:MSVCR90.dll
 0002:000001a4       __imp___CIlog              1007c1a4     MSVCRT:MSVCR90.dll
 0002:000001a8       __imp___CIpow              1007c1a8     MSVCRT:MSVCR90.dll
 0002:000001ac       __imp___CIsin              1007c1ac     MSVCRT:MSVCR90.dll
 0002:000001b0       __imp___CIsqrt             1007c1b0     MSVCRT:MSVCR90.dll
 0002:000001b4       __imp__memset              1007c1b4     MSVCRT:MSVCR90.dll
 0002:000001b8       __imp__memcpy              1007c1b8     MSVCRT:MSVCR90.dll
 0002:000001bc       __imp__fgets               1007c1bc     MSVCRT:MSVCR90.dll
 0002:000001c0       __imp__fflush              1007c1c0     MSVCRT:MSVCR90.dll
 0002:000001c4       __imp____iob_func          1007c1c4     MSVCRT:MSVCR90.dll
 0002:000001c8       __imp___ltoa               1007c1c8     MSVCRT:MSVCR90.dll
 0002:000001cc       __imp__atof                1007c1cc     MSVCRT:MSVCR90.dll
 0002:000001d0       __imp__strtoul             1007c1d0     MSVCRT:MSVCR90.dll
 0002:000001d4       __imp__strrchr             1007c1d4     MSVCRT:MSVCR90.dll
 0002:000001d8       __imp___CIatan             1007c1d8     MSVCRT:MSVCR90.dll
 0002:000001dc       __imp___initterm           1007c1dc     MSVCRT:MSVCR90.dll
 0002:000001e0       __imp___initterm_e         1007c1e0     MSVCRT:MSVCR90.dll
 0002:000001e4       __imp___amsg_exit          1007c1e4     MSVCRT:MSVCR90.dll
 0002:000001e8       __imp___adjust_fdiv        1007c1e8     MSVCRT:MSVCR90.dll
 0002:000001ec       __imp____CppXcptFilter     1007c1ec     MSVCRT:MSVCR90.dll
 0002:000001f0       __imp____clean_type_info_names_internal 1007c1f0     MSVCRT:MSVCR90.dll
 0002:000001f4       __imp___unlock             1007c1f4     MSVCRT:MSVCR90.dll
 0002:000001f8       __imp___ultoa              1007c1f8     MSVCRT:MSVCR90.dll
 0002:000001fc       __imp__strtol              1007c1fc     MSVCRT:MSVCR90.dll
 0002:00000200       __imp___strupr             1007c200     MSVCRT:MSVCR90.dll
 0002:00000204       __imp__atoi                1007c204     MSVCRT:MSVCR90.dll
 0002:00000208       __imp__strchr              1007c208     MSVCRT:MSVCR90.dll
 0002:0000020c       __imp__strstr              1007c20c     MSVCRT:MSVCR90.dll
 0002:00000210       __imp___strrev             1007c210     MSVCRT:MSVCR90.dll
 0002:00000214       __imp___strlwr             1007c214     MSVCRT:MSVCR90.dll
 0002:00000218       __imp__strncmp             1007c218     MSVCRT:MSVCR90.dll
 0002:0000021c       __imp__memmove             1007c21c     MSVCRT:MSVCR90.dll
 0002:00000220       __imp___strnicmp           1007c220     MSVCRT:MSVCR90.dll
 0002:00000224       __imp__strtod              1007c224     MSVCRT:MSVCR90.dll
 0002:00000228       __imp___stricmp            1007c228     MSVCRT:MSVCR90.dll
 0002:0000022c       __imp__toupper             1007c22c     MSVCRT:MSVCR90.dll
 0002:00000230       __imp__isdigit             1007c230     MSVCRT:MSVCR90.dll
 0002:00000234       __imp__tolower             1007c234     MSVCRT:MSVCR90.dll
 0002:00000238       __imp__isspace             1007c238     MSVCRT:MSVCR90.dll
 0002:0000023c       __imp___crt_debugger_hook  1007c23c     MSVCRT:MSVCR90.dll
 0002:00000240       __imp___except_handler4_common 1007c240     MSVCRT:MSVCR90.dll
 0002:00000244       __imp___onexit             1007c244     MSVCRT:MSVCR90.dll
 0002:00000248       __imp___lock               1007c248     MSVCRT:MSVCR90.dll
 0002:0000024c       __imp__signal              1007c24c     MSVCRT:MSVCR90.dll
 0002:00000250       __imp__fread               1007c250     MSVCRT:MSVCR90.dll
 0002:00000254       __imp__ferror              1007c254     MSVCRT:MSVCR90.dll
 0002:00000258       __imp__fwrite              1007c258     MSVCRT:MSVCR90.dll
 0002:0000025c       __imp__ftell               1007c25c     MSVCRT:MSVCR90.dll
 0002:00000260       __imp__fseek               1007c260     MSVCRT:MSVCR90.dll
 0002:00000264       __imp__fclose              1007c264     MSVCRT:MSVCR90.dll
 0002:00000268       __imp__free                1007c268     MSVCRT:MSVCR90.dll
 0002:0000026c       __imp__calloc              1007c26c     MSVCRT:MSVCR90.dll
 0002:00000270       __imp__malloc              1007c270     MSVCRT:MSVCR90.dll
 0002:00000274       __imp__realloc             1007c274     MSVCRT:MSVCR90.dll
 0002:00000278       __imp__qsort               1007c278     MSVCRT:MSVCR90.dll
 0002:0000027c       __imp___decode_pointer     1007c27c     MSVCRT:MSVCR90.dll
 0002:00000280       __imp__ceil                1007c280     MSVCRT:MSVCR90.dll
 0002:00000284       __imp____dllonexit         1007c284     MSVCRT:MSVCR90.dll
 0002:00000288       \177MSVCR90_NULL_THUNK_DATA 1007c288     MSVCRT:MSVCR90.dll
 0002:0000028c       __imp__SysFreeString@4     1007c28c     oleaut32:OLEAUT32.dll
 0002:00000290       \177OLEAUT32_NULL_THUNK_DATA 1007c290     oleaut32:OLEAUT32.dll
 0002:00000294       __imp__DragFinish@4        1007c294     shell32:SHELL32.dll
 0002:00000298       __imp__DragQueryFileW@16   1007c298     shell32:SHELL32.dll
 0002:0000029c       __imp__SHGetFolderPathW@20 1007c29c     shell32:SHELL32.dll
 0002:000002a0       __imp__DragAcceptFiles@8   1007c2a0     shell32:SHELL32.dll
 0002:000002a4       \177SHELL32_NULL_THUNK_DATA 1007c2a4     shell32:SHELL32.dll
 0002:000002a8       __imp__GetFocus@0          1007c2a8     user32:USER32.dll
 0002:000002ac       __imp__TrackMouseEvent@4   1007c2ac     user32:USER32.dll
 0002:000002b0       __imp__SetPropW@12         1007c2b0     user32:USER32.dll
 0002:000002b4       __imp__GetWindowTextW@12   1007c2b4     user32:USER32.dll
 0002:000002b8       __imp__SetWindowLongW@12   1007c2b8     user32:USER32.dll
 0002:000002bc       __imp__CreateIconFromResource@16 1007c2bc     user32:USER32.dll
 0002:000002c0       __imp__SetWindowPos@28     1007c2c0     user32:USER32.dll
 0002:000002c4       __imp__GetWindowTextLengthW@4 1007c2c4     user32:USER32.dll
 0002:000002c8       __imp__SetWindowTextW@8    1007c2c8     user32:USER32.dll
 0002:000002cc       __imp__SetWindowRgn@12     1007c2cc     user32:USER32.dll
 0002:000002d0       __imp__LoadCursorW@8       1007c2d0     user32:USER32.dll
 0002:000002d4       __imp__CreateIconIndirect@4 1007c2d4     user32:USER32.dll
 0002:000002d8       __imp__SetCursorPos@8      1007c2d8     user32:USER32.dll
 0002:000002dc       __imp__GetActiveWindow@0   1007c2dc     user32:USER32.dll
 0002:000002e0       __imp__RegisterRawInputDevices@12 1007c2e0     user32:USER32.dll
 0002:000002e4       __imp__DestroyIcon@4       1007c2e4     user32:USER32.dll
 0002:000002e8       __imp__EnumDisplayDevicesW@16 1007c2e8     user32:USER32.dll
[...]
      265    _SDL_JoystickName
               exported name: SDL_JoystickName
      266    _SDL_JoystickNameForIndex
               exported name: SDL_JoystickNameForIndex
      267    _SDL_JoystickNumAxes
               exported name: SDL_JoystickNumAxes
      268    _SDL_JoystickNumBalls
               exported name: SDL_JoystickNumBalls
      269    _SDL_JoystickNumButtons
               exported name: SDL_JoystickNumButtons
      270    _SDL_JoystickNumHats
               exported name: SDL_JoystickNumHats
      271    _SDL_JoystickOpen
               exported name: SDL_JoystickOpen
      272    _SDL_JoystickUpdate
               exported name: SDL_JoystickUpdate
      273    _SDL_LoadBMP_RW
               exported name: SDL_LoadBMP_RW
      274    _SDL_LoadDollarTemplates
               exported name: SDL_LoadDollarTemplates
      275    _SDL_LoadFunction
               exported name: SDL_LoadFunction
      276    _SDL_LoadObject
               exported name: SDL_LoadObject
      277    _SDL_LoadWAV_RW
               exported name: SDL_LoadWAV_RW
      278    _SDL_LockAudio
               exported name: SDL_LockAudio
      279    _SDL_LockAudioDevice
               exported name: SDL_LockAudioDevice
      280    _SDL_LockMutex
               exported name: SDL_LockMutex
      281    _SDL_LockSurface
               exported name: SDL_LockSurface
      282    _SDL_LockTexture
               exported name: SDL_LockTexture
      283    _SDL_Log
               exported name: SDL_Log
      284    _SDL_LogCritical
               exported name: SDL_LogCritical
      285    _SDL_LogDebug
               exported name: SDL_LogDebug
      286    _SDL_LogError
               exported name: SDL_LogError
      287    _SDL_LogGetOutputFunction
               exported name: SDL_LogGetOutputFunction
      288    _SDL_LogGetPriority
               exported name: SDL_LogGetPriority
      289    _SDL_LogInfo
               exported name: SDL_LogInfo
      290    _SDL_LogMessage
               exported name: SDL_LogMessage
      291    _SDL_LogMessageV
               exported name: SDL_LogMessageV
      292    _SDL_LogResetPriorities
               exported name: SDL_LogResetPriorities
      293    _SDL_LogSetAllPriority
               exported name: SDL_LogSetAllPriority
      294    _SDL_LogSetOutputFunction
               exported name: SDL_LogSetOutputFunction
      295    _SDL_LogSetPriority
               exported name: SDL_LogSetPriority
      296    _SDL_LogVerbose
               exported name: SDL_LogVerbose
      297    _SDL_LogWarn
               exported name: SDL_LogWarn
      298    _SDL_LowerBlit
               exported name: SDL_LowerBlit
      299    _SDL_LowerBlitScaled
               exported name: SDL_LowerBlitScaled
      300    _SDL_MapRGB
               exported name: SDL_MapRGB
      301    _SDL_MapRGBA
               exported name: SDL_MapRGBA
      302    _SDL_MasksToPixelFormatEnum
               exported name: SDL_MasksToPixelFormatEnum
      303    _SDL_MaximizeWindow
               exported name: SDL_MaximizeWindow
      304    _SDL_MinimizeWindow
               exported name: SDL_MinimizeWindow
      305    _SDL_MixAudio
               exported name: SDL_MixAudio
      306    _SDL_MixAudioFormat
               exported name: SDL_MixAudioFormat
      307    _SDL_MouseIsHaptic
               exported name: SDL_MouseIsHaptic
      308    _SDL_NumHaptics
               exported name: SDL_NumHaptics
      309    _SDL_NumJoysticks
               exported name: SDL_NumJoysticks
      310    _SDL_OpenAudio
               exported name: SDL_OpenAudio
      311    _SDL_OpenAudioDevice
               exported name: SDL_OpenAudioDevice
      312    _SDL_PauseAudio
               exported name: SDL_PauseAudio
      313    _SDL_PauseAudioDevice
               exported name: SDL_PauseAudioDevice
      314    _SDL_PeepEvents
               exported name: SDL_PeepEvents
      315    _SDL_PixelFormatEnumToMasks
               exported name: SDL_PixelFormatEnumToMasks
      316    _SDL_PollEvent
               exported name: SDL_PollEvent
      317    _SDL_PumpEvents
               exported name: SDL_PumpEvents
      318    _SDL_PushEvent
               exported name: SDL_PushEvent
      319    _SDL_QueryTexture
               exported name: SDL_QueryTexture
      320    _SDL_Quit
               exported name: SDL_Quit
      321    _SDL_QuitSubSystem
               exported name: SDL_QuitSubSystem
      322    _SDL_RWFromConstMem
               exported name: SDL_RWFromConstMem
      323    _SDL_RWFromFP
               exported name: SDL_RWFromFP
      324    _SDL_RWFromFile
               exported name: SDL_RWFromFile
      325    _SDL_RWFromMem
               exported name: SDL_RWFromMem
      326    _SDL_RaiseWindow
               exported name: SDL_RaiseWindow
      327    _SDL_ReadBE16
               exported name: SDL_ReadBE16
      328    _SDL_ReadBE32
               exported name: SDL_ReadBE32
      329    _SDL_ReadBE64
               exported name: SDL_ReadBE64
      330    _SDL_ReadLE16
               exported name: SDL_ReadLE16
      331    _SDL_ReadLE32
               exported name: SDL_ReadLE32
      332    _SDL_ReadLE64
               exported name: SDL_ReadLE64
      333    _SDL_ReadU8
               exported name: SDL_ReadU8
      334    _SDL_RecordGesture
               exported name: SDL_RecordGesture
      335    _SDL_RegisterEvents
               exported name: SDL_RegisterEvents
      336    _SDL_RemoveTimer
               exported name: SDL_RemoveTimer
      337    _SDL_RenderClear
               exported name: SDL_RenderClear
      338    _SDL_RenderCopy
               exported name: SDL_RenderCopy
      339    _SDL_RenderCopyEx
               exported name: SDL_RenderCopyEx
      340    _SDL_RenderDrawLine
               exported name: SDL_RenderDrawLine
      341    _SDL_RenderDrawLines
               exported name: SDL_RenderDrawLines
      342    _SDL_RenderDrawPoint
               exported name: SDL_RenderDrawPoint
      343    _SDL_RenderDrawPoints
               exported name: SDL_RenderDrawPoints
      344    _SDL_RenderDrawRect
               exported name: SDL_RenderDrawRect
      345    _SDL_RenderDrawRects
               exported name: SDL_RenderDrawRects
      346    _SDL_RenderFillRect
               exported name: SDL_RenderFillRect
      347    _SDL_RenderFillRects
               exported name: SDL_RenderFillRects
      348    _SDL_RenderGetClipRect
               exported name: SDL_RenderGetClipRect
      349    _SDL_RenderGetD3D9Device
               exported name: SDL_RenderGetD3D9Device
      350    _SDL_RenderGetLogicalSize
               exported name: SDL_RenderGetLogicalSize
      351    _SDL_RenderGetScale
               exported name: SDL_RenderGetScale
      352    _SDL_RenderGetViewport
               exported name: SDL_RenderGetViewport
      353    _SDL_RenderPresent
               exported name: SDL_RenderPresent
      354    _SDL_RenderReadPixels
               exported name: SDL_RenderReadPixels
      355    _SDL_RenderSetClipRect
               exported name: SDL_RenderSetClipRect
      356    _SDL_RenderSetLogicalSize
               exported name: SDL_RenderSetLogicalSize
      357    _SDL_RenderSetScale
               exported name: SDL_RenderSetScale
      358    _SDL_RenderSetViewport
               exported name: SDL_RenderSetViewport
      359    _SDL_RenderTargetSupported
               exported name: SDL_RenderTargetSupported
      360    _SDL_ReportAssertion
               exported name: SDL_ReportAssertion
      361    _SDL_ResetAssertionReport
               exported name: SDL_ResetAssertionReport
      362    _SDL_RestoreWindow
               exported name: SDL_RestoreWindow
      363    _SDL_SaveAllDollarTemplates
               exported name: SDL_SaveAllDollarTemplates
      364    _SDL_SaveBMP_RW
               exported name: SDL_SaveBMP_RW
      365    _SDL_SaveDollarTemplate
               exported name: SDL_SaveDollarTemplate
      366    _SDL_SemPost
               exported name: SDL_SemPost
      367    _SDL_SemTryWait
               exported name: SDL_SemTryWait
      368    _SDL_SemValue
               exported name: SDL_SemValue
      369    _SDL_SemWait
               exported name: SDL_SemWait
      370    _SDL_SemWaitTimeout
               exported name: SDL_SemWaitTimeout
      371    _SDL_SetAssertionHandler
               exported name: SDL_SetAssertionHandler
      372    _SDL_SetClipRect
               exported name: SDL_SetClipRect
      373    _SDL_SetClipboardText
               exported name: SDL_SetClipboardText
      374    _SDL_SetColorKey
               exported name: SDL_SetColorKey
      375    _SDL_SetCursor
               exported name: SDL_SetCursor
      376    _SDL_SetError
               exported name: SDL_SetError
      377    _SDL_SetEventFilter
               exported name: SDL_SetEventFilter
      378    _SDL_SetHint
               exported name: SDL_SetHint
      379    _SDL_SetHintWithPriority
               exported name: SDL_SetHintWithPriority
      380    _SDL_SetMainReady
               exported name: SDL_SetMainReady
      381    _SDL_SetModState
               exported name: SDL_SetModState
      382    _SDL_SetPaletteColors
               exported name: SDL_SetPaletteColors
      383    _SDL_SetPixelFormatPalette
               exported name: SDL_SetPixelFormatPalette
      384    _SDL_SetRelativeMouseMode
               exported name: SDL_SetRelativeMouseMode
      385    _SDL_SetRenderDrawBlendMode
               exported name: SDL_SetRenderDrawBlendMode
      386    _SDL_SetRenderDrawColor
               exported name: SDL_SetRenderDrawColor
      387    _SDL_SetRenderTarget
               exported name: SDL_SetRenderTarget
      388    _SDL_SetSurfaceAlphaMod
               exported name: SDL_SetSurfaceAlphaMod
      389    _SDL_SetSurfaceBlendMode
               exported name: SDL_SetSurfaceBlendMode
      390    _SDL_SetSurfaceColorMod
               exported name: SDL_SetSurfaceColorMod
      391    _SDL_SetSurfacePalette
               exported name: SDL_SetSurfacePalette
      392    _SDL_SetSurfaceRLE
               exported name: SDL_SetSurfaceRLE
      393    _SDL_SetTextInputRect
               exported name: SDL_SetTextInputRect
      394    _SDL_SetTextureAlphaMod
               exported name: SDL_SetTextureAlphaMod
      395    _SDL_SetTextureBlendMode
               exported name: SDL_SetTextureBlendMode
      396    _SDL_SetTextureColorMod
               exported name: SDL_SetTextureColorMod
      397    _SDL_SetThreadPriority
               exported name: SDL_SetThreadPriority
      398    _SDL_SetWindowBordered
               exported name: SDL_SetWindowBordered
      399    _SDL_SetWindowBrightness
               exported name: SDL_SetWindowBrightness
      400    _SDL_SetWindowData
               exported name: SDL_SetWindowData
      401    _SDL_SetWindowDisplayMode
               exported name: SDL_SetWindowDisplayMode
      402    _SDL_SetWindowFullscreen
               exported name: SDL_SetWindowFullscreen
      403    _SDL_SetWindowGammaRamp
               exported name: SDL_SetWindowGammaRamp
      404    _SDL_SetWindowGrab
               exported name: SDL_SetWindowGrab
      405    _SDL_SetWindowIcon
               exported name: SDL_SetWindowIcon
      406    _SDL_SetWindowMaximumSize
               exported name: SDL_SetWindowMaximumSize
      407    _SDL_SetWindowMinimumSize
               exported name: SDL_SetWindowMinimumSize
      408    _SDL_SetWindowPosition
               exported name: SDL_SetWindowPosition
      409    _SDL_SetWindowShape
               exported name: SDL_SetWindowShape
      410    _SDL_SetWindowSize
               exported name: SDL_SetWindowSize
      411    _SDL_SetWindowTitle
               exported name: SDL_SetWindowTitle
      412    _SDL_ShowCursor
               exported name: SDL_ShowCursor
      413    _SDL_ShowMessageBox
               exported name: SDL_ShowMessageBox
      414    _SDL_ShowSimpleMessageBox
               exported name: SDL_ShowSimpleMessageBox
      415    _SDL_ShowWindow
               exported name: SDL_ShowWindow
      416    _SDL_SoftStretch
               exported name: SDL_SoftStretch
      417    _SDL_StartTextInput
               exported name: SDL_StartTextInput
      418    _SDL_StopTextInput
               exported name: SDL_StopTextInput
      419    _SDL_TLSCreate
               exported name: SDL_TLSCreate
      420    _SDL_TLSGet
               exported name: SDL_TLSGet
      421    _SDL_TLSSet
               exported name: SDL_TLSSet
      422    _SDL_ThreadID
               exported name: SDL_ThreadID
      423    _SDL_TryLockMutex
               exported name: SDL_TryLockMutex
      424    _SDL_UnionRect
               exported name: SDL_UnionRect
      425    _SDL_UnloadObject
               exported name: SDL_UnloadObject
      426    _SDL_UnlockAudio
               exported name: SDL_UnlockAudio
      427    _SDL_UnlockAudioDevice
               exported name: SDL_UnlockAudioDevice
      428    _SDL_UnlockMutex
               exported name: SDL_UnlockMutex
      429    _SDL_UnlockSurface
               exported name: SDL_UnlockSurface
      430    _SDL_UnlockTexture
               exported name: SDL_UnlockTexture
      431    _SDL_UpdateTexture
               exported name: SDL_UpdateTexture
      432    _SDL_UpdateWindowSurface
               exported name: SDL_UpdateWindowSurface
      433    _SDL_UpdateWindowSurfaceRects
               exported name: SDL_UpdateWindowSurfaceRects
      434    _SDL_UpdateYUVTexture
               exported name: SDL_UpdateYUVTexture
      435    _SDL_UpperBlit
               exported name: SDL_UpperBlit
      436    _SDL_UpperBlitScaled
               exported name: SDL_UpperBlitScaled
      437    _SDL_VideoInit
               exported name: SDL_VideoInit
      438    _SDL_VideoQuit
               exported name: SDL_VideoQuit
      439    _SDL_WaitEvent
               exported name: SDL_WaitEvent
      440    _SDL_WaitEventTimeout
               exported name: SDL_WaitEventTimeout
      441    _SDL_WaitThread
               exported name: SDL_WaitThread
      442    _SDL_WarpMouseInWindow
               exported name: SDL_WarpMouseInWindow
      443    _SDL_WasInit
               exported name: SDL_WasInit
      444    _SDL_WriteBE16
               exported name: SDL_WriteBE16
      445    _SDL_WriteBE32
               exported name: SDL_WriteBE32
      446    _SDL_WriteBE64
               exported name: SDL_WriteBE64
      447    _SDL_WriteLE16
               exported name: SDL_WriteLE16
      448    _SDL_WriteLE32
               exported name: SDL_WriteLE32
      449    _SDL_WriteLE64
               exported name: SDL_WriteLE64
      450    _SDL_WriteU8
               exported name: SDL_WriteU8
      451    _SDL_abs
               exported name: SDL_abs
      452    _SDL_atan
               exported name: SDL_atan
      453    _SDL_atan2
               exported name: SDL_atan2
      454    _SDL_atof
               exported name: SDL_atof
      455    _SDL_atoi
               exported name: SDL_atoi
      456    _SDL_calloc
               exported name: SDL_calloc
      457    _SDL_ceil
               exported name: SDL_ceil
      458    _SDL_copysign
               exported name: SDL_copysign
      459    _SDL_cos
               exported name: SDL_cos
      460    _SDL_cosf
               exported name: SDL_cosf
      461    _SDL_fabs
               exported name: SDL_fabs
      462    _SDL_floor
               exported name: SDL_floor
      463    _SDL_free
               exported name: SDL_free
      464    _SDL_getenv
               exported name: SDL_getenv
      465    _SDL_iconv
               exported name: SDL_iconv
      466    _SDL_iconv_close
               exported name: SDL_iconv_close
      467    _SDL_iconv_open
               exported name: SDL_iconv_open
      468    _SDL_iconv_string
               exported name: SDL_iconv_string
      469    _SDL_isdigit
               exported name: SDL_isdigit
      470    _SDL_isspace
               exported name: SDL_isspace
      471    _SDL_itoa
               exported name: SDL_itoa
      472    _SDL_lltoa
               exported name: SDL_lltoa
      473    _SDL_log
               exported name: SDL_log
      474    _SDL_ltoa
               exported name: SDL_ltoa
      475    _SDL_malloc
               exported name: SDL_malloc
      476    _SDL_memcmp
               exported name: SDL_memcmp
      477    _SDL_memcpy
               exported name: SDL_memcpy
      478    _SDL_memmove
               exported name: SDL_memmove
      479    _SDL_memset
               exported name: SDL_memset
      480    _SDL_pow
               exported name: SDL_pow
      481    _SDL_qsort
               exported name: SDL_qsort
      482    _SDL_realloc
               exported name: SDL_realloc
      483    _SDL_scalbn
               exported name: SDL_scalbn
      484    _SDL_setenv
               exported name: SDL_setenv
      485    _SDL_sin
               exported name: SDL_sin
      486    _SDL_sinf
               exported name: SDL_sinf
      487    _SDL_snprintf
               exported name: SDL_snprintf
      488    _SDL_sqrt
               exported name: SDL_sqrt
      489    _SDL_sscanf
               exported name: SDL_sscanf
      490    _SDL_strcasecmp
               exported name: SDL_strcasecmp
      491    _SDL_strchr
               exported name: SDL_strchr
      492    _SDL_strcmp
               exported name: SDL_strcmp
      493    _SDL_strdup
               exported name: SDL_strdup
      494    _SDL_strlcat
               exported name: SDL_strlcat
      495    _SDL_strlcpy
               exported name: SDL_strlcpy
      496    _SDL_strlen
               exported name: SDL_strlen
      497    _SDL_strlwr
               exported name: SDL_strlwr
      498    _SDL_strncasecmp
               exported name: SDL_strncasecmp
      499    _SDL_strncmp
               exported name: SDL_strncmp
      500    _SDL_strrchr
               exported name: SDL_strrchr
      501    _SDL_strrev
               exported name: SDL_strrev
      502    _SDL_strstr
               exported name: SDL_strstr
      503    _SDL_strtod
               exported name: SDL_strtod
      504    _SDL_strtol
               exported name: SDL_strtol
      505    _SDL_strtoll
               exported name: SDL_strtoll
      506    _SDL_strtoul
               exported name: SDL_strtoul
      507    _SDL_strtoull
               exported name: SDL_strtoull
      508    _SDL_strupr
               exported name: SDL_strupr
      509    _SDL_tolower
               exported name: SDL_tolower
      510    _SDL_toupper
               exported name: SDL_toupper
      511    _SDL_uitoa
               exported name: SDL_uitoa
      512    _SDL_ulltoa
               exported name: SDL_ulltoa
      513    _SDL_ultoa
               exported name: SDL_ultoa
      514    _SDL_utf8strlcpy
               exported name: SDL_utf8strlcpy
      515    _SDL_vsnprintf
               exported name: SDL_vsnprintf
      516    _SDL_wcslcat
               exported name: SDL_wcslcat
      517    _SDL_wcslcpy
               exported name: SDL_wcslcpy
      518    _SDL_wcslen
               exported name: SDL_wcslen
