 plugin_test1

 Timestamp is 52d7fa59 (Thu Jan 16 18:27:21 2014)

 Preferred load address is 10000000

 Start         Length     Name                   Class
 0001:00000000 000242caH .text                   CODE
 0001:000242ca 000007dbH .text$x                 CODE
 0001:00024aa5 00001056H .text$yc                CODE
 0001:00025afb 0000063cH .text$yd                CODE
 0002:00000000 0000020cH .idata$5                DATA
 0002:0000020c 00000004H .CRT$XCA                DATA
 0002:00000210 00000fa8H .CRT$XCU                DATA
 0002:000011b8 00000004H .CRT$XCZ                DATA
 0002:000011bc 00000004H .CRT$XIA                DATA
 0002:000011c0 00000004H .CRT$XIAA               DATA
 0002:000011c4 00000004H .CRT$XIC                DATA
 0002:000011c8 00000004H .CRT$XIZ                DATA
 0002:000011d0 0000c908H .rdata                  DATA
 0002:0000dad8 00001c88H .rdata$r                DATA
 0002:0000f760 000000dcH .rdata$sxdata           DATA
 0002:0000f83c 00000004H .rtc$IAA                DATA
 0002:0000f840 00000004H .rtc$IZZ                DATA
 0002:0000f844 00000004H .rtc$TAA                DATA
 0002:0000f848 00000004H .rtc$TZZ                DATA
 0002:0000f850 00000ce4H .xdata$x                DATA
 0002:00010534 00000078H .idata$2                DATA
 0002:000105ac 00000014H .idata$3                DATA
 0002:000105c0 0000020cH .idata$4                DATA
 0002:000107cc 00000980H .idata$6                DATA
 0002:00011150 0000005cH .edata                  DATA
 0003:00000000 000011d0H .data                   DATA
 0003:000011d0 00001854H .bss                    DATA

  Address         Publics by Value              Rva+Base       Lib:Object

 0000:00000000       __except_list              00000000     <absolute>
 0000:00000037       ___safe_se_handler_count   00000037     <absolute>
 0000:00009876       __ldused                   00009876     <absolute>
 0000:00009876       __fltused                  00009876     <absolute>
 0000:00000000       ___ImageBase               10000000     <linker-defined>
 0001:00000000       ?new_data@SMemorySharedData@core@UModSys@@SAPAU123@IPBUSSourceContext@23@@Z 10001000 f i plugin_test1.obj
 0001:00000024       ?link@SMemShared@core@UModSys@@QAE_NPAUSMemorySharedData@23@PAUSSourceContext@23@@Z 10001024 f i plugin_test1.obj
 0001:00000024       ?link@SCMemShared@core@UModSys@@QAE_NPAUSMemorySharedData@23@PAUSSourceContext@23@@Z 10001024 f i plugin_test1.obj
 0001:00000049       ??1SCMemShared@core@UModSys@@QAE@XZ 10001049 f i plugin_test1.obj
 0001:00000049       ??1SMemShared@core@UModSys@@QAE@XZ 10001049 f i plugin_test1.obj
 0001:00000049       ??1State@RImage_Memory@stdlib@lib2d@modules@UModSys@@QAE@XZ 10001049 f i umodsys_lib_lib2d:umodsys.mod.2d.stdlib.obj
 0001:00000053       ??6SUniquePtrList@core@UModSys@@QAEAAU012@PBUSUniquePointerInfo@12@@Z 10001053 f i plugin_test1.obj
 0001:00000084       ??3IRoot@core@UModSys@@SAXPAXABUSIMemAlloc@12@@Z 10001084 f i plugin_test1.obj
 0001:0000009d       ?_root_get_other_interface@IRefObject@core@UModSys@@IBEPBUIRoot@23@PBUSUniquePointerInfo@23@@Z 1000109d f i plugin_test1.obj
 0001:0000009d       ?_root_get_other_interface@IRefObject@core@UModSys@@IAEPAUIRoot@23@PBUSUniquePointerInfo@23@@Z 1000109d f i plugin_test1.obj
 0001:000000be       ?_root_get_interface_types@IRefObject@core@UModSys@@SAIAAUSUniquePtrList@23@@Z 100010be f i plugin_test1.obj
 0001:000000de       ?_root_is_interface_supported@IRefObject@core@UModSys@@SA_NPBUSUniquePointerInfo@23@@Z 100010de f i plugin_test1.obj
 0001:000000f5       ??$slen@D@su@tl@UModSys@@YAIPBD@Z 100010f5 f i plugin_test1.obj
 0001:0000010e       ??$seq@D@su@tl@UModSys@@YA_NPBD0@Z 1000110e f i plugin_test1.obj
 0001:0000013b       ??0SParameters@core@UModSys@@QAE@PAUIParameters@12@PAXH@Z 1000113b f i plugin_test1.obj
 0001:0000015e       ?add@SParameters@core@UModSys@@QAE_NPBDH@Z 1000115e f i plugin_test1.obj
 0001:00000179       ?_root_get_other_interface@IGenerator@base@UModSys@@IAEPAUIRoot@core@3@PBUSUniquePointerInfo@53@@Z 10001179 f i plugin_test1.obj
 0001:00000179       ?_root_get_other_interface@IGenerator@base@UModSys@@IBEPBUIRoot@core@3@PBUSUniquePointerInfo@53@@Z 10001179 f i plugin_test1.obj
 0001:00000195       ?_root_is_interface_supported@IGenerator@base@UModSys@@SA_NPBUSUniquePointerInfo@core@3@@Z 10001195 f i plugin_test1.obj
 0001:000001b5       ?_root_is_interface_supported@IBinObjFilter@libmedia@UModSys@@SA_NPBUSUniquePointerInfo@core@3@@Z 100011b5 f i plugin_test1.obj
 0001:000001d5       ?set_info@IImage@lib2d@UModSys@@QAE_NW4eImageType@23@HHPBD@Z 100011d5 f i plugin_test1.obj
 0001:00000200       ?render_text@IRenderDriver@lib2d@UModSys@@QAE_NABU?$TVector2@H@math3d@3@PBHHPBU?$TVector2@M@53@@Z 10001200 f i plugin_test1.obj
 0001:0000022e       ??1IBinObjFilter@libmedia@UModSys@@UAE@XZ 1000122e f i plugin_test1.obj
 0001:00000233       ??1ILibObject@libmedia@UModSys@@UAE@XZ 10001233 f i plugin_test1.obj
 0001:0000026a       ?root_get_interface_info@RTest1_Shell@test1@test@modules@UModSys@@UBEABUSUniquePointerInfo@core@5@XZ 1000126a f i plugin_test1.obj
 0001:00000270       ?root_get_interface_type@RTest1_Shell@test1@test@modules@UModSys@@UBEPBUSUniquePointerInfo@core@5@XZ 10001270 f i plugin_test1.obj
 0001:00000276       ?root_get_other_interface@RTest1_Shell@test1@test@modules@UModSys@@UAEPAUIRoot@core@5@PBUSUniquePointerInfo@75@@Z 10001276 f i plugin_test1.obj
 0001:00000276       ?root_get_other_interface@RTest1_Shell@test1@test@modules@UModSys@@UBEPBUIRoot@core@5@PBUSUniquePointerInfo@75@@Z 10001276 f i plugin_test1.obj
 0001:00000297       ?root_is_interface_supported@RTest1_Shell@test1@test@modules@UModSys@@UBE_NPBUSUniquePointerInfo@core@5@@Z 10001297 f i plugin_test1.obj
 0001:000002be       ?ref_add@RTest1_Shell@test1@test@modules@UModSys@@UBEXXZ 100012be f i plugin_test1.obj
 0001:000002c2       ?ref_remove@RTest1_Shell@test1@test@modules@UModSys@@UBEXXZ 100012c2 f i plugin_test1.obj
 0001:000002cd       ?ref_links@RTest1_Shell@test1@test@modules@UModSys@@UBEHXZ 100012cd f i plugin_test1.obj
 0001:000002d1       ?ref_weak@RTest1_Shell@test1@test@modules@UModSys@@UBE_NAAUWeakPointer@IRefObject@core@5@@Z 100012d1 f i plugin_test1.obj
 0001:000002f0       ?suicide@RTest1_Shell@test1@test@modules@UModSys@@UAEXXZ 100012f0 f i plugin_test1.obj
 0001:0000032d       ??0RTest1_Shell@test1@test@modules@UModSys@@QAE@PAUIModObject@base@4@@Z 1000132d f i plugin_test1.obj
 0001:0000043e       ??1RTest1_Shell@test1@test@modules@UModSys@@UAE@XZ 1000143e f i plugin_test1.obj
 0001:000004c6       ?connect@RTest1_Shell@test1@test@modules@UModSys@@UAE_NXZ 100014c6 f i plugin_test1.obj
 0001:000004de       ?disconnect@RTest1_Shell@test1@test@modules@UModSys@@UAE_NXZ 100014de f i plugin_test1.obj
 0001:000004f6       ?process_tick@RTest1_Shell@test1@test@modules@UModSys@@UAE_NABUSTimeMsec@core@5@@Z 100014f6 f i plugin_test1.obj
 0001:00000522       ?process_command@RTest1_Shell@test1@test@modules@UModSys@@UAE_NHQBU?$TString@U?$TSCoreConst@D@su@tl@UModSys@@U?$TComparerBinaryHash@D@234@@tl@5@@Z 10001522 f i plugin_test1.obj
 0001:00000541       ??_ERTest1_Shell@test1@test@modules@UModSys@@UAEPAXI@Z 10001541 f i  CIL library: CIL module
 0001:00000541       ??_GRTest1_Shell@test1@test@modules@UModSys@@UAEPAXI@Z 10001541 f i plugin_test1.obj
 0001:0000055e       ?ui_newframes@RTest1_Shell@test1@test@modules@UModSys@@QAE?AU?$TRefObject@UICollector@libui@UModSys@@U?$TRefObjectFunc@UICollector@libui@UModSys@@@tl@3@@tl@5@ABU?$TString@U?$TSCoreConst@D@su@tl@UModSys@@U?$TComparerBinaryHash@D@234@@75@ABUSParameters@core@5@@Z 1000155e f   plugin_test1.obj
 0001:0000057b       ?ui_newterm@RTest1_Shell@test1@test@modules@UModSys@@QAE?AU?$TRefObject@UITerminal@libui@UModSys@@U?$TRefObjectFunc@UITerminal@libui@UModSys@@@tl@3@@tl@5@ABU?$TString@U?$TSCoreConst@D@su@tl@UModSys@@U?$TComparerBinaryHash@D@234@@75@ABUSParameters@core@5@@Z 1000157b f   plugin_test1.obj
 0001:00000598       ?key_pressed@RTest1_Shell@test1@test@modules@UModSys@@UAE_NABUSKeyboardInputRaw@libui@5@@Z 10001598 f   plugin_test1.obj
 0001:000005da       ?key_text@RTest1_Shell@test1@test@modules@UModSys@@UAE_NABUSKeyboardInputText@libui@5@@Z 100015da f   plugin_test1.obj
 0001:00000613       ?mouse_event@RTest1_Shell@test1@test@modules@UModSys@@UAE_NABUSMouseInput@libui@5@@Z 10001613 f   plugin_test1.obj
 0001:00000678       ?command@RTest1_Shell@test1@test@modules@UModSys@@UAE_NABUSController@libui@5@HABUSFrameDataIn@75@@Z 10001678 f   plugin_test1.obj
 0001:000006b3       ?db_get@RTest1_Shell@test1@test@modules@UModSys@@UAE_NABUSController@libui@5@QBDABUSFrameDataOut@75@@Z 100016b3 f   plugin_test1.obj
 0001:00000708       ?db_get@RTest1_Shell@test1@test@modules@UModSys@@UAE_NABUSController@libui@5@QBDHABUSFrameDataOut@75@@Z 10001708 f   plugin_test1.obj
 0001:0000075d       ?setup_clearlights@RRenderDriver3D@SDL_GL@ui@modules@UModSys@@UAE_NW4eLightType@lib3d@5@_N1@Z 1000175d f   umodsys_lib_libui:umodsys.mod.ui.SDL_GL.obj
 0001:0000075d       ?key_setmodifier@RKeyboardController@SDL_GL@ui@modules@UModSys@@UAE_NHHH@Z 1000175d f   umodsys_lib_libui:umodsys.mod.ui.SDL_GL.obj
 0001:0000075d       ?key_setmodifier@RKeyboardController@SDL_core@ui@modules@UModSys@@UAE_NHHH@Z 1000175d f   umodsys_lib_libui:umodsys.mod.ui.SDL_core.obj
 0001:0000075d       ?render_primitive@RRenderDriver3D@SDL_GL@ui@modules@UModSys@@UAE_NW4eRenderPrimitiveType@lib3d@5@HPBH@Z 1000175d f   umodsys_lib_libui:umodsys.mod.ui.SDL_GL.obj
 0001:0000075d       ?setup_lists@RRenderDriver3D@SDL_GL@ui@modules@UModSys@@UAE_NHPBHH@Z 1000175d f   umodsys_lib_libui:umodsys.mod.ui.SDL_GL.obj
 0001:0000075d       ?setup_variable_cell@RMultiImage2D_SDL_ttf@SDL_core@ui@modules@UModSys@@UAE_NPBUSImageCellInfo@lib2d@5@KK@Z 1000175d f   umodsys_lib_libui:umodsys.mod.ui.SDL_core.obj
 0001:0000075d       ?command_draw@RTest1_Shell@test1@test@modules@UModSys@@UAE_NABUSController@libui@5@PAUIRenderDriver@lib2d@5@ABU?$TBoundBox2@H@math3d@5@@Z 1000175d f   plugin_test1.obj
 0001:0000075d       ?render_text_advanced@RRenderDriver3D@SDL_GL@ui@modules@UModSys@@UAE_NAAUTextInfo@IRenderDriver@lib2d@5@PBHH@Z 1000175d f   umodsys_lib_libui:umodsys.mod.ui.SDL_GL.obj
 0001:00000762       ?ui_test1@RTest1_Shell@test1@test@modules@UModSys@@QAEXXZ 10001762 f   plugin_test1.obj
 0001:0000140c       ??1SFrameCreateParameters@libui@UModSys@@QAE@XZ 1000240c f i plugin_test1.obj
 0001:0000141d       ?get_generated_names@RGenerator@test1@test@modules@UModSys@@UBEHAAUSUniquePtrList@core@5@@Z 1000241d f i plugin_test1.obj
 0001:00001436       ?get_generated_types@RGenerator@test1@test@modules@UModSys@@UBEHAAUSUniquePtrList@core@5@PBUSUniquePointerInfo@75@@Z 10002436 f i plugin_test1.obj
 0001:0000146a       ?generate@RGenerator@test1@test@modules@UModSys@@UAE_NAAU?$TRefObject@UIRefObject@core@UModSys@@U?$TRefObjectFunc@UIRefObject@core@UModSys@@@tl@3@@tl@5@PBUSUniquePointerInfo@core@5@ABUSParameters@95@@Z 1000246a f i plugin_test1.obj
 0001:000014ec       ?root_get_interface_info@RGenerator@test1@test@modules@UModSys@@UBEABUSUniquePointerInfo@core@5@XZ 100024ec f i plugin_test1.obj
 0001:000014f2       ?root_get_interface_type@RGenerator@test1@test@modules@UModSys@@UBEPBUSUniquePointerInfo@core@5@XZ 100024f2 f i plugin_test1.obj
 0001:000014f8       ?root_get_other_interface@RGenerator@test1@test@modules@UModSys@@UBEPBUIRoot@core@5@PBUSUniquePointerInfo@75@@Z 100024f8 f i plugin_test1.obj
 0001:000014f8       ?root_get_other_interface@RGenerator@test1@test@modules@UModSys@@UAEPAUIRoot@core@5@PBUSUniquePointerInfo@75@@Z 100024f8 f i plugin_test1.obj
 0001:00001511       ?root_is_interface_supported@RGenerator@test1@test@modules@UModSys@@UBE_NPBUSUniquePointerInfo@core@5@@Z 10002511 f i plugin_test1.obj
 0001:00001530       ?suicide@RGenerator@images_std@media@modules@UModSys@@UAEXXZ 10002530 f i umodsys_lib_libmedia:umodsys.mod.media.images_std.obj
 0001:00001530       ?suicide@RGenerator@frames@ui@modules@UModSys@@UAEXXZ 10002530 f i umodsys_lib_libui:umodsys.mod.ui.frames.obj
 0001:00001530       ??3@YAXPAX0@Z              10002530 f i plugin_test1.obj
 0001:00001530       ?suicide@RGenerator@SDL_GL@ui@modules@UModSys@@UAEXXZ 10002530 f i umodsys_lib_libui:umodsys.mod.ui.SDL_GL.obj
 0001:00001530       ?suicide@RGenerator@zlib@media@modules@UModSys@@UAEXXZ 10002530 f i umodsys_lib_libmedia:umodsys.mod.media.zlib.obj
 0001:00001530       ?end@RRenderDriver3D@SDL_GL@ui@modules@UModSys@@UAEXXZ 10002530 f i umodsys_lib_libui:umodsys.mod.ui.SDL_GL.obj
 0001:00001530       ?begin@RRenderDriver3D@SDL_GL@ui@modules@UModSys@@UAEXXZ 10002530 f i umodsys_lib_libui:umodsys.mod.ui.SDL_GL.obj
 0001:00001530       ?suicide@RGenerator@SDL_core@ui@modules@UModSys@@UAEXXZ 10002530 f i umodsys_lib_libui:umodsys.mod.ui.SDL_core.obj
 0001:00001530       ?render_start@RRenderDriver3D@SDL_GL@ui@modules@UModSys@@UAEXXZ 10002530 f i umodsys_lib_libui:umodsys.mod.ui.SDL_GL.obj
 0001:00001530       ?suicide@RGenerator@stdlib@lib2d@modules@UModSys@@UAEXXZ 10002530 f i umodsys_lib_lib2d:umodsys.mod.2d.stdlib.obj
 0001:00001530       ?suicide@RGenerator@test1@test@modules@UModSys@@UAEXXZ 10002530 f i plugin_test1.obj
 0001:00001530       ?render_stop@RRenderDriver3D@SDL_GL@ui@modules@UModSys@@UAEXXZ 10002530 f i umodsys_lib_libui:umodsys.mod.ui.SDL_GL.obj
 0001:00001530       ?suicide@RGenerator@serialize_json@media@modules@UModSys@@UAEXXZ 10002530 f i umodsys_lib_libmedia:umodsys.mod.media.serialize_json.obj
 0001:00001531       ?get_uid@RGenerator@test1@test@modules@UModSys@@UBEPBUSUniquePointerInfo@core@5@XZ 10002531 f i plugin_test1.obj
 0001:00001537       ?do_open@RModuleReg@test1@test@modules@UModSys@@UAE_NXZ 10002537 f i plugin_test1.obj
 0001:0000159a       ?do_close@RModuleReg@test1@test@modules@UModSys@@UAE_NXZ 1000259a f i plugin_test1.obj
 0001:000015ea       ??_ERModuleReg@frames@ui@modules@UModSys@@UAEPAXI@Z 100025ea f i  CIL library: CIL module
 0001:000015ea       ??_ERModuleReg@serialize_json@media@modules@UModSys@@UAEPAXI@Z 100025ea f i  CIL library: CIL module
 0001:000015ea       ??_ERModuleReg@test1@test@modules@UModSys@@UAEPAXI@Z 100025ea f i  CIL library: CIL module
 0001:000015ea       ??_GRModuleReg@test1@test@modules@UModSys@@UAEPAXI@Z 100025ea f i plugin_test1.obj
 0001:000015ea       ??_GRModuleReg@zlib@media@modules@UModSys@@UAEPAXI@Z 100025ea f i umodsys_lib_libmedia:umodsys.mod.media.zlib.obj
 0001:000015ea       ??_ERModuleReg@zlib@media@modules@UModSys@@UAEPAXI@Z 100025ea f i  CIL library: CIL module
 0001:000015ea       ??_ERModuleReg@SDL_core@ui@modules@UModSys@@UAEPAXI@Z 100025ea f i  CIL library: CIL module
 0001:000015ea       ??_EIModuleReg@base@UModSys@@UAEPAXI@Z 100025ea f i  CIL library: CIL module
 0001:000015ea       ??_ERModuleReg@images_std@media@modules@UModSys@@UAEPAXI@Z 100025ea f i  CIL library: CIL module
 0001:000015ea       ??_ERModuleReg@stdlib@lib2d@modules@UModSys@@UAEPAXI@Z 100025ea f i  CIL library: CIL module
 0001:000015ea       ??_GRModuleReg@frames@ui@modules@UModSys@@UAEPAXI@Z 100025ea f i umodsys_lib_libui:umodsys.mod.ui.frames.obj
 0001:000015ea       ??_GIModuleReg@base@UModSys@@UAEPAXI@Z 100025ea f i umodsys_lib_base:umodsys.base.modulereg.obj
 0001:000015ea       ??_GRModuleReg@stdlib@lib2d@modules@UModSys@@UAEPAXI@Z 100025ea f i umodsys_lib_lib2d:umodsys.mod.2d.stdlib.obj
 0001:000015ea       ??_GRModuleReg@serialize_json@media@modules@UModSys@@UAEPAXI@Z 100025ea f i umodsys_lib_libmedia:umodsys.mod.media.serialize_json.obj
 0001:000015ea       ??_GRModuleReg@images_std@media@modules@UModSys@@UAEPAXI@Z 100025ea f i umodsys_lib_libmedia:umodsys.mod.media.images_std.obj
 0001:000015ea       ??_GRModuleReg@SDL_core@ui@modules@UModSys@@UAEPAXI@Z 100025ea f i umodsys_lib_libui:umodsys.mod.ui.SDL_core.obj
 0001:000015ea       ??_ERModuleReg@SDL_GL@ui@modules@UModSys@@UAEPAXI@Z 100025ea f i  CIL library: CIL module
 0001:000015ea       ??_GRModuleReg@SDL_GL@ui@modules@UModSys@@UAEPAXI@Z 100025ea f i umodsys_lib_libui:umodsys.mod.ui.SDL_GL.obj
 0001:00001607       ?get_module@RGenerator@test1@test@modules@UModSys@@UBEPAUIModule@base@5@XZ 10002607 f   plugin_test1.obj
 0001:0000160d       ?mod_inc@RGenerator@test1@test@modules@UModSys@@UBE_NXZ 1000260d f   plugin_test1.obj
 0001:00001618       ?mod_dec@RGenerator@test1@test@modules@UModSys@@UBE_NXZ 10002618 f   plugin_test1.obj
 0001:00001623       ?s_holder@RGenerator@test1@test@modules@UModSys@@SAAAU?$TTypeStaticHolder@URGenerator@test1@test@modules@UModSys@@@tl@5@XZ 10002623 f   plugin_test1.obj
 0001:00001655       ??0?$TString@U?$TSCoreConst@D@su@tl@UModSys@@U?$TComparerBinaryHash@D@234@@tl@UModSys@@QAE@PBD@Z 10002655 f i plugin_test1.obj
 0001:0000167a       ??8?$TString@U?$TSCoreConst@D@su@tl@UModSys@@U?$TComparerBinaryHash@D@234@@tl@UModSys@@QBE_NPBD@Z 1000267a f i plugin_test1.obj
 0001:0000169c       ??4?$TString@U?$TSCoreConst@D@su@tl@UModSys@@U?$TComparerBinaryHash@D@234@@tl@UModSys@@QAEABU012@PBD@Z 1000269c f i plugin_test1.obj
 0001:000016b8       ??0?$TString@U?$TSCoreShared@USIMemAlloc@core@UModSys@@D@su@tl@UModSys@@U?$TComparerBinaryHash@D@234@@tl@UModSys@@QAE@XZ 100026b8 f i plugin_test1.obj
 0001:000016ce       ??4?$TString@U?$TSCoreShared@USIMemAlloc@core@UModSys@@D@su@tl@UModSys@@U?$TComparerBinaryHash@D@234@@tl@UModSys@@QAEABU012@ABU012@@Z 100026ce f i plugin_test1.obj
 0001:000016f0       ??4?$TRefObject@UIRefObject@core@UModSys@@U?$TRefObjectFunc@UIRefObject@core@UModSys@@@tl@3@@tl@UModSys@@QAEABU012@PAUIRefObject@core@2@@Z 100026f0 f i plugin_test1.obj
 0001:000016f0       ??4?$TRefObject@URFrame_Common@frames@ui@modules@UModSys@@U?$TRefObjectFunc@URFrame_Common@frames@ui@modules@UModSys@@@tl@5@@tl@UModSys@@QAEABU012@PAURFrame_Common@frames@ui@modules@2@@Z 100026f0 f i umodsys_lib_libui:umodsys.mod.ui.frames.obj
 0001:000016f0       ??4?$TRefObject@UIImage@lib2d@UModSys@@U?$TRefObjectFunc@UIImage@lib2d@UModSys@@@tl@3@@tl@UModSys@@QAEABU012@PAUIImage@lib2d@2@@Z 100026f0 f i plugin_test1.obj
 0001:0000170b       ??0?$TParametersA@$0EAA@@core@UModSys@@QAE@XZ 1000270b f i plugin_test1.obj
 0001:0000172d       ?update@?$TComparerBinaryHash@D@su@tl@UModSys@@QAEXPBDI@Z 1000272d f i plugin_test1.obj
 0001:00001764       ?info_release@?$TSCoreShared@USIMemAlloc@core@UModSys@@D@su@tl@UModSys@@QAEXXZ 10002764 f i plugin_test1.obj
 0001:0000179d       ?info_new@?$TSCoreShared@USIMemAlloc@core@UModSys@@D@su@tl@UModSys@@QAE_NPBDI@Z 1000279d f i plugin_test1.obj
 0001:00001801       ?get_null@?$TSCoreShared@USIMemAlloc@core@UModSys@@D@su@tl@UModSys@@SAPAU?$TSharedStringInfo@DUSIMemAlloc@core@UModSys@@@234@XZ 10002801 f i plugin_test1.obj
 0001:00001839       ??$generate_type@UICollector@libui@UModSys@@@RTest1_Shell@test1@test@modules@UModSys@@QAE?AU?$TRefObject@UICollector@libui@UModSys@@U?$TRefObjectFunc@UICollector@libui@UModSys@@@tl@3@@tl@4@ABU?$TString@U?$TSCoreConst@D@su@tl@UModSys@@U?$TComparerBinaryHash@D@234@@64@ABUSParameters@core@4@PBD@Z 10002839 f i plugin_test1.obj
 0001:00001935       ??$generate_type@UITerminal@libui@UModSys@@@RTest1_Shell@test1@test@modules@UModSys@@QAE?AU?$TRefObject@UITerminal@libui@UModSys@@U?$TRefObjectFunc@UITerminal@libui@UModSys@@@tl@3@@tl@4@ABU?$TString@U?$TSCoreConst@D@su@tl@UModSys@@U?$TComparerBinaryHash@D@234@@64@ABUSParameters@core@4@PBD@Z 10002935 f i plugin_test1.obj
 0001:00001a31       ??$t_create_handler@UIRenderDriver@lib2d@UModSys@@@ITerminal@libui@UModSys@@QAE_NAAU?$TRefObject@UIRenderDriver@lib2d@UModSys@@U?$TRefObjectFunc@UIRenderDriver@lib2d@UModSys@@@tl@3@@tl@2@PBDPBUSParameters@core@2@@Z 10002a31 f i plugin_test1.obj
 0001:00001a93       ??$t_create_handler@UIKeyboardController@libui@UModSys@@@ITerminal@libui@UModSys@@QAE_NAAU?$TRefObject@UIKeyboardController@libui@UModSys@@U?$TRefObjectFunc@UIKeyboardController@libui@UModSys@@@tl@3@@tl@2@PBDPBUSParameters@core@2@@Z 10002a93 f i plugin_test1.obj
 0001:00001b15       ??$t_create_handler@UIMouseController@libui@UModSys@@@ITerminal@libui@UModSys@@QAE_NAAU?$TRefObject@UIMouseController@libui@UModSys@@U?$TRefObjectFunc@UIMouseController@libui@UModSys@@@tl@3@@tl@2@PBDPBUSParameters@core@2@@Z 10002b15 f i plugin_test1.obj
 0001:00001b97       ??1?$TRefObject@UIModObject@base@UModSys@@U?$TModObjectFunc@UIModObject@base@UModSys@@@tl@3@@tl@UModSys@@QAE@XZ 10002b97 f i plugin_test1.obj
 0001:00001bad       ?s_init@?$TModObjectFunc@UIModObject@base@UModSys@@@tl@UModSys@@SAXAAPAUIModObject@base@3@PAU453@@Z 10002bad f i plugin_test1.obj
 0001:00001bc6       ??$t_ref_get_other_interface@UIStreamReader@libmedia@UModSys@@U?$TRefObjectFunc@UIStreamReader@libmedia@UModSys@@@tl@3@@IRefObject@core@UModSys@@QAE_NAAU?$TRefObject@UIStreamReader@libmedia@UModSys@@U?$TRefObjectFunc@UIStreamReader@libmedia@UModSys@@@tl@3@@tl@2@@Z 10002bc6 f i plugin_test1.obj
 0001:00001bf5       ??$t_ref_get_other_interface@UIStreamWriter@libmedia@UModSys@@U?$TRefObjectFunc@UIStreamWriter@libmedia@UModSys@@@tl@3@@IRefObject@core@UModSys@@QAE_NAAU?$TRefObject@UIStreamWriter@libmedia@UModSys@@U?$TRefObjectFunc@UIStreamWriter@libmedia@UModSys@@@tl@3@@tl@2@@Z 10002bf5 f i plugin_test1.obj
 0001:00001c24       ??$t_ref_get_other_interface@UIRenderDriver@lib2d@UModSys@@U?$TRefObjectFunc@UIRenderDriver@lib2d@UModSys@@@tl@3@@IRefObject@core@UModSys@@QAE_NAAU?$TRefObject@UIRenderDriver@lib2d@UModSys@@U?$TRefObjectFunc@UIRenderDriver@lib2d@UModSys@@@tl@3@@tl@2@@Z 10002c24 f i plugin_test1.obj
 0001:00001c53       ??$t_generate@UICollector@libui@UModSys@@@SModuleContext@base@UModSys@@QAE_NAAU?$TRefObject@UICollector@libui@UModSys@@U?$TRefObjectFunc@UICollector@libui@UModSys@@@tl@3@@tl@2@PBUSUniquePointerInfo@core@2@ABUSParameters@62@@Z 10002c53 f i plugin_test1.obj
 0001:00001cef       ??$t_generate@UITerminal@libui@UModSys@@@SModuleContext@base@UModSys@@QAE_NAAU?$TRefObject@UITerminal@libui@UModSys@@U?$TRefObjectFunc@UITerminal@libui@UModSys@@@tl@3@@tl@2@PBUSUniquePointerInfo@core@2@ABUSParameters@62@@Z 10002cef f i plugin_test1.obj
 0001:00001d8b       ??$t_ref_get_other_interface@UIImageFactory@lib2d@UModSys@@U?$TRefObjectFunc@UIImageFactory@lib2d@UModSys@@@tl@3@@IRefObject@core@UModSys@@QAE_NAAU?$TRefObject@UIImageFactory@lib2d@UModSys@@U?$TRefObjectFunc@UIImageFactory@lib2d@UModSys@@@tl@3@@tl@2@@Z 10002d8b f i plugin_test1.obj
 0001:00001dba       ??$t_ref_get_other_interface@UIMultiImage@lib2d@UModSys@@U?$TRefObjectFunc@UIMultiImage@lib2d@UModSys@@@tl@3@@IRefObject@core@UModSys@@QAE_NAAU?$TRefObject@UIMultiImage@lib2d@UModSys@@U?$TRefObjectFunc@UIMultiImage@lib2d@UModSys@@@tl@3@@tl@2@@Z 10002dba f i plugin_test1.obj
 0001:00001de9       ?ConvertSameSize@stdlib@lib2d@modules@UModSys@@YA_NW4eImageType@24@ABU?$TVector2@H@math3d@4@11ABUSMem@core@4@11ABUSCMem@94@@Z 10002de9 f i umodsys_lib_lib2d:umodsys.mod.2d.stdlib.obj
 0001:00001e6c       ?ConvertSame@stdlib@lib2d@modules@UModSys@@YA_NW4eImageType@24@ABU?$TBoundBox2@H@math3d@4@ABU?$TVector2@H@74@ABUSMem@core@4@12ABUSCMem@core@4@@Z 10002e6c f i umodsys_lib_lib2d:umodsys.mod.2d.stdlib.obj
 0001:00001ecf       ?Convert@stdlib@lib2d@modules@UModSys@@YA_NABU?$TBoundBox2@H@math3d@4@ABUSImageInfo@24@ABUSMem@core@4@01ABUSCMem@94@@Z 10002ecf f i umodsys_lib_lib2d:umodsys.mod.2d.stdlib.obj
 0001:00001f31       ?root_get_interface_info@RImage_Memory@stdlib@lib2d@modules@UModSys@@UBEABUSUniquePointerInfo@core@5@XZ 10002f31 f i umodsys_lib_lib2d:umodsys.mod.2d.stdlib.obj
 0001:00001f37       ?root_get_interface_type@RImage_Memory@stdlib@lib2d@modules@UModSys@@UBEPBUSUniquePointerInfo@core@5@XZ 10002f37 f i umodsys_lib_lib2d:umodsys.mod.2d.stdlib.obj
 0001:00001f3d       ?root_get_other_interface@RImage_Memory@stdlib@lib2d@modules@UModSys@@UAEPAUIRoot@core@5@PBUSUniquePointerInfo@75@@Z 10002f3d f i umodsys_lib_lib2d:umodsys.mod.2d.stdlib.obj
 0001:00001f3d       ?root_get_other_interface@RImage_Memory@stdlib@lib2d@modules@UModSys@@UBEPBUIRoot@core@5@PBUSUniquePointerInfo@75@@Z 10002f3d f i umodsys_lib_lib2d:umodsys.mod.2d.stdlib.obj
 0001:00001f5e       ?root_is_interface_supported@RImage_Memory@stdlib@lib2d@modules@UModSys@@UBE_NPBUSUniquePointerInfo@core@5@@Z 10002f5e f i umodsys_lib_lib2d:umodsys.mod.2d.stdlib.obj
 0001:00001f85       ?ref_links@RGenerator@images_std@media@modules@UModSys@@UBEHXZ 10002f85 f i umodsys_lib_libmedia:umodsys.mod.media.images_std.obj
 0001:00001f85       ?ref_links@RTerminal@SDL_GL@ui@modules@UModSys@@UBEHXZ 10002f85 f i umodsys_lib_libui:umodsys.mod.ui.SDL_GL.obj
 0001:00001f85       ?ref_links@RMultiImage2D_SDL_ttf@SDL_core@ui@modules@UModSys@@UBEHXZ 10002f85 f i umodsys_lib_libui:umodsys.mod.ui.SDL_core.obj
 0001:00001f85       ?ref_links@RGenerator@frames@ui@modules@UModSys@@UBEHXZ 10002f85 f i umodsys_lib_libui:umodsys.mod.ui.frames.obj
 0001:00001f85       ?ref_links@RImage_Memory@stdlib@lib2d@modules@UModSys@@UBEHXZ 10002f85 f i umodsys_lib_lib2d:umodsys.mod.2d.stdlib.obj
 0001:00001f85       ?ref_links@RGenerator@SDL_GL@ui@modules@UModSys@@UBEHXZ 10002f85 f i umodsys_lib_libui:umodsys.mod.ui.SDL_GL.obj
 0001:00001f85       ?ref_links@RBinArchiveFrameClient_ZIP@zlib@media@modules@UModSys@@UBEHXZ 10002f85 f i umodsys_lib_libmedia:umodsys.mod.media.zlib.obj
 0001:00001f85       ?ref_links@RGenerator@test1@test@modules@UModSys@@UBEHXZ 10002f85 f i plugin_test1.obj
 0001:00001f85       ?ref_links@RGenerator@zlib@media@modules@UModSys@@UBEHXZ 10002f85 f i umodsys_lib_libmedia:umodsys.mod.media.zlib.obj
 0001:00001f85       ?ref_links@RGenerator@stdlib@lib2d@modules@UModSys@@UBEHXZ 10002f85 f i umodsys_lib_lib2d:umodsys.mod.2d.stdlib.obj
 0001:00001f85       ?ref_links@RGenerator@serialize_json@media@modules@UModSys@@UBEHXZ 10002f85 f i umodsys_lib_libmedia:umodsys.mod.media.serialize_json.obj
 0001:00001f85       ?ref_links@RSerializeReader@serialize_json@media@modules@UModSys@@UBEHXZ 10002f85 f i umodsys_lib_libmedia:umodsys.mod.media.serialize_json.obj
 0001:00001f85       ?ref_links@RTerminal@SDL_core@ui@modules@UModSys@@UBEHXZ 10002f85 f i umodsys_lib_libui:umodsys.mod.ui.SDL_core.obj
 0001:00001f85       ?ref_links@RGenerator@SDL_core@ui@modules@UModSys@@UBEHXZ 10002f85 f i umodsys_lib_libui:umodsys.mod.ui.SDL_core.obj
 0001:00001f85       ?ref_links@RMultiImage@stdlib@lib2d@modules@UModSys@@UBEHXZ 10002f85 f i umodsys_lib_lib2d:umodsys.mod.2d.stdlib.obj
 0001:00001f85       ?ref_links@RDialog@frames@ui@modules@UModSys@@UBEHXZ 10002f85 f i umodsys_lib_libui:umodsys.mod.ui.frames.obj
 0001:00001f85       ?ref_links@RImageFactory_Memory@stdlib@lib2d@modules@UModSys@@UBEHXZ 10002f85 f i umodsys_lib_lib2d:umodsys.mod.2d.stdlib.obj
 0001:00001f89       ??0State@RImage_Memory@stdlib@lib2d@modules@UModSys@@QAE@XZ 10002f89 f i umodsys_lib_lib2d:umodsys.mod.2d.stdlib.obj
 0001:00001fbb       ?root_get_interface_info@RImageFactory_Memory@stdlib@lib2d@modules@UModSys@@UBEABUSUniquePointerInfo@core@5@XZ 10002fbb f i umodsys_lib_lib2d:umodsys.mod.2d.stdlib.obj
 0001:00001fc1       ?root_get_interface_type@RImageFactory_Memory@stdlib@lib2d@modules@UModSys@@UBEPBUSUniquePointerInfo@core@5@XZ 10002fc1 f i umodsys_lib_lib2d:umodsys.mod.2d.stdlib.obj
 0001:00001fc7       ?root_get_other_interface@RImageFactory_Memory@stdlib@lib2d@modules@UModSys@@UBEPBUIRoot@core@5@PBUSUniquePointerInfo@75@@Z 10002fc7 f i umodsys_lib_lib2d:umodsys.mod.2d.stdlib.obj
 0001:00001fc7       ?root_get_other_interface@RImageFactory_Memory@stdlib@lib2d@modules@UModSys@@UAEPAUIRoot@core@5@PBUSUniquePointerInfo@75@@Z 10002fc7 f i umodsys_lib_lib2d:umodsys.mod.2d.stdlib.obj
 0001:00001fe8       ?root_is_interface_supported@RImageFactory_Memory@stdlib@lib2d@modules@UModSys@@UBE_NPBUSUniquePointerInfo@core@5@@Z 10002fe8 f i umodsys_lib_lib2d:umodsys.mod.2d.stdlib.obj
 0001:0000200f       ?root_get_interface_info@RMultiImage@stdlib@lib2d@modules@UModSys@@UBEABUSUniquePointerInfo@core@5@XZ 1000300f f i umodsys_lib_lib2d:umodsys.mod.2d.stdlib.obj
 0001:00002015       ?root_get_interface_type@RMultiImage@stdlib@lib2d@modules@UModSys@@UBEPBUSUniquePointerInfo@core@5@XZ 10003015 f i umodsys_lib_lib2d:umodsys.mod.2d.stdlib.obj
 0001:0000201b       ?root_get_other_interface@RMultiImage@stdlib@lib2d@modules@UModSys@@UAEPAUIRoot@core@5@PBUSUniquePointerInfo@75@@Z 1000301b f i umodsys_lib_lib2d:umodsys.mod.2d.stdlib.obj
 0001:0000201b       ?root_get_other_interface@RMultiImage@stdlib@lib2d@modules@UModSys@@UBEPBUIRoot@core@5@PBUSUniquePointerInfo@75@@Z 1000301b f i umodsys_lib_lib2d:umodsys.mod.2d.stdlib.obj
 0001:0000203c       ?root_is_interface_supported@RMultiImage@stdlib@lib2d@modules@UModSys@@UBE_NPBUSUniquePointerInfo@core@5@@Z 1000303c f i umodsys_lib_lib2d:umodsys.mod.2d.stdlib.obj
 0001:00002063       ?suicide@RImageFactory_Memory@stdlib@lib2d@modules@UModSys@@UAEXXZ 10003063 f i umodsys_lib_lib2d:umodsys.mod.2d.stdlib.obj
 0001:00002063       ?suicide@RBinArchiveFrameClient_ZIP@zlib@media@modules@UModSys@@UAEXXZ 10003063 f i umodsys_lib_libmedia:umodsys.mod.media.zlib.obj
 0001:00002063       ?suicide@RImage_Memory@stdlib@lib2d@modules@UModSys@@UAEXXZ 10003063 f i umodsys_lib_lib2d:umodsys.mod.2d.stdlib.obj
 0001:00002063       ?suicide@RTerminal@SDL_GL@ui@modules@UModSys@@UAEXXZ 10003063 f i umodsys_lib_libui:umodsys.mod.ui.SDL_GL.obj
 0001:00002063       ?suicide@RMultiImage@stdlib@lib2d@modules@UModSys@@UAEXXZ 10003063 f i umodsys_lib_lib2d:umodsys.mod.2d.stdlib.obj
 0001:00002063       ?suicide@RTerminal@SDL_core@ui@modules@UModSys@@UAEXXZ 10003063 f i umodsys_lib_libui:umodsys.mod.ui.SDL_core.obj
 0001:00002063       ?suicide@RSerializeReader@serialize_json@media@modules@UModSys@@UAEXXZ 10003063 f i umodsys_lib_libmedia:umodsys.mod.media.serialize_json.obj
 0001:000020a0       ?get_generated_names@RGenerator@stdlib@lib2d@modules@UModSys@@UBEHAAUSUniquePtrList@core@5@@Z 100030a0 f i umodsys_lib_lib2d:umodsys.mod.2d.stdlib.obj
 0001:000020cf       ?get_generated_types@RGenerator@stdlib@lib2d@modules@UModSys@@UBEHAAUSUniquePtrList@core@5@PBUSUniquePointerInfo@75@@Z 100030cf f i umodsys_lib_lib2d:umodsys.mod.2d.stdlib.obj
 0001:00002139       ?generate@RGenerator@stdlib@lib2d@modules@UModSys@@UAE_NAAU?$TRefObject@UIRefObject@core@UModSys@@U?$TRefObjectFunc@UIRefObject@core@UModSys@@@tl@3@@tl@5@PBUSUniquePointerInfo@core@5@ABUSParameters@95@@Z 10003139 f i umodsys_lib_lib2d:umodsys.mod.2d.stdlib.obj
 0001:000021a4       ?root_get_interface_info@RGenerator@stdlib@lib2d@modules@UModSys@@UBEABUSUniquePointerInfo@core@5@XZ 100031a4 f i umodsys_lib_lib2d:umodsys.mod.2d.stdlib.obj
 0001:000021aa       ?root_get_interface_type@RGenerator@stdlib@lib2d@modules@UModSys@@UBEPBUSUniquePointerInfo@core@5@XZ 100031aa f i umodsys_lib_lib2d:umodsys.mod.2d.stdlib.obj
 0001:000021b0       ?root_get_other_interface@RGenerator@stdlib@lib2d@modules@UModSys@@UBEPBUIRoot@core@5@PBUSUniquePointerInfo@75@@Z 100031b0 f i umodsys_lib_lib2d:umodsys.mod.2d.stdlib.obj
 0001:000021b0       ?root_get_other_interface@RGenerator@stdlib@lib2d@modules@UModSys@@UAEPAUIRoot@core@5@PBUSUniquePointerInfo@75@@Z 100031b0 f i umodsys_lib_lib2d:umodsys.mod.2d.stdlib.obj
 0001:000021c9       ?root_is_interface_supported@RGenerator@stdlib@lib2d@modules@UModSys@@UBE_NPBUSUniquePointerInfo@core@5@@Z 100031c9 f i umodsys_lib_lib2d:umodsys.mod.2d.stdlib.obj
 0001:000021e8       ?get_uid@RGenerator@stdlib@lib2d@modules@UModSys@@UBEPBUSUniquePointerInfo@core@5@XZ 100031e8 f i umodsys_lib_lib2d:umodsys.mod.2d.stdlib.obj
 0001:000021ee       ?set_info@RImage_Memory@stdlib@lib2d@modules@UModSys@@UAE_NABUSImagePatchInfo@35@PBD@Z 100031ee f   umodsys_lib_lib2d:umodsys.mod.2d.stdlib.obj
 0001:00002356       ??4State@RImage_Memory@stdlib@lib2d@modules@UModSys@@QAEAAU012345@ABU012345@@Z 10003356 f i umodsys_lib_lib2d:umodsys.mod.2d.stdlib.obj
 0001:000023a6       ?set_data@RImage_Memory@stdlib@lib2d@modules@UModSys@@UAE_NABUSImagePatchInfo@35@ABUSCMem@core@5@H@Z 100033a6 f   umodsys_lib_lib2d:umodsys.mod.2d.stdlib.obj
 0001:00002410       ?get_info@RImage_Memory@stdlib@lib2d@modules@UModSys@@UBEABUSImageInfo@35@XZ 10003410 f   umodsys_lib_lib2d:umodsys.mod.2d.stdlib.obj
 0001:00002414       ?get_data@RImage_Memory@stdlib@lib2d@modules@UModSys@@UBE_NABUSImagePatchInfo@35@ABUSMem@core@5@H@Z 10003414 f   umodsys_lib_lib2d:umodsys.mod.2d.stdlib.obj
 0001:0000249a       ??0RImage_Memory@stdlib@lib2d@modules@UModSys@@QAE@PAUIModObject@base@4@ABUSParameters@core@4@@Z 1000349a f   umodsys_lib_lib2d:umodsys.mod.2d.stdlib.obj
 0001:000024e6       ??_GRImage_Memory@stdlib@lib2d@modules@UModSys@@UAEPAXI@Z 100034e6 f i umodsys_lib_lib2d:umodsys.mod.2d.stdlib.obj
 0001:000024e6       ??_ERImage_Memory@stdlib@lib2d@modules@UModSys@@UAEPAXI@Z 100034e6 f i  CIL library: CIL module
 0001:00002533       ?image_new@RImageFactory_Memory@stdlib@lib2d@modules@UModSys@@UAE?AU?$TRefObject@UIImage@lib2d@UModSys@@U?$TRefObjectFunc@UIImage@lib2d@UModSys@@@tl@3@@tl@5@XZ 10003533 f   umodsys_lib_lib2d:umodsys.mod.2d.stdlib.obj
 0001:00002679       ?image_new@RImageFactory_Memory@stdlib@lib2d@modules@UModSys@@UAE?AU?$TRefObject@UIImage@lib2d@UModSys@@U?$TRefObjectFunc@UIImage@lib2d@UModSys@@@tl@3@@tl@5@ABUSImagePatchInfo@35@PBD@Z 10003679 f   umodsys_lib_lib2d:umodsys.mod.2d.stdlib.obj
 0001:000027cf       ??0RImageFactory_Memory@stdlib@lib2d@modules@UModSys@@QAE@PAUIModObject@base@4@ABUSParameters@core@4@@Z 100037cf f   umodsys_lib_lib2d:umodsys.mod.2d.stdlib.obj
 0001:00002813       ??_ERGenerator@SDL_core@ui@modules@UModSys@@UAEPAXI@Z 10003813 f i  CIL library: CIL module
 0001:00002813       ??_GRGenerator@frames@ui@modules@UModSys@@UAEPAXI@Z 10003813 f i umodsys_lib_libui:umodsys.mod.ui.frames.obj
 0001:00002813       ??_ERImageFactory_Memory@stdlib@lib2d@modules@UModSys@@UAEPAXI@Z 10003813 f i  CIL library: CIL module
 0001:00002813       ??_ERGenerator@frames@ui@modules@UModSys@@UAEPAXI@Z 10003813 f i  CIL library: CIL module
 0001:00002813       ??_ERGenerator@images_std@media@modules@UModSys@@UAEPAXI@Z 10003813 f i  CIL library: CIL module
 0001:00002813       ??_GRGenerator@serialize_json@media@modules@UModSys@@UAEPAXI@Z 10003813 f i umodsys_lib_libmedia:umodsys.mod.media.serialize_json.obj
 0001:00002813       ??_ERGenerator@test1@test@modules@UModSys@@UAEPAXI@Z 10003813 f i  CIL library: CIL module
 0001:00002813       ??_GRGenerator@SDL_GL@ui@modules@UModSys@@UAEPAXI@Z 10003813 f i umodsys_lib_libui:umodsys.mod.ui.SDL_GL.obj
 0001:00002813       ??_GRGenerator@stdlib@lib2d@modules@UModSys@@UAEPAXI@Z 10003813 f i umodsys_lib_lib2d:umodsys.mod.2d.stdlib.obj
 0001:00002813       ??_EIRoot@core@UModSys@@UAEPAXI@Z 10003813 f i  CIL library: CIL module
 0001:00002813       ??_ERBinArchiveFrameClient_ZIP@zlib@media@modules@UModSys@@UAEPAXI@Z 10003813 f i  CIL library: CIL module
 0001:00002813       ??_GRBinArchiveFrameClient_ZIP@zlib@media@modules@UModSys@@UAEPAXI@Z 10003813 f i umodsys_lib_libmedia:umodsys.mod.media.zlib.obj
 0001:00002813       ??_GIRoot@core@UModSys@@UAEPAXI@Z 10003813 f i plugin_test1.obj
 0001:00002813       ??_GRImageFactory_Memory@stdlib@lib2d@modules@UModSys@@UAEPAXI@Z 10003813 f i umodsys_lib_lib2d:umodsys.mod.2d.stdlib.obj
 0001:00002813       ??_GRGenerator@images_std@media@modules@UModSys@@UAEPAXI@Z 10003813 f i umodsys_lib_libmedia:umodsys.mod.media.images_std.obj
 0001:00002813       ??_ERGenerator@stdlib@lib2d@modules@UModSys@@UAEPAXI@Z 10003813 f i  CIL library: CIL module
 0001:00002813       ??_ERGenerator@SDL_GL@ui@modules@UModSys@@UAEPAXI@Z 10003813 f i  CIL library: CIL module
 0001:00002813       ??_GRGenerator@SDL_core@ui@modules@UModSys@@UAEPAXI@Z 10003813 f i umodsys_lib_libui:umodsys.mod.ui.SDL_core.obj
 0001:00002813       ??_GRGenerator@zlib@media@modules@UModSys@@UAEPAXI@Z 10003813 f i umodsys_lib_libmedia:umodsys.mod.media.zlib.obj
 0001:00002813       ??_GRGenerator@test1@test@modules@UModSys@@UAEPAXI@Z 10003813 f i plugin_test1.obj
 0001:00002813       ??_ERGenerator@zlib@media@modules@UModSys@@UAEPAXI@Z 10003813 f i  CIL library: CIL module
 0001:00002813       ??_ERGenerator@serialize_json@media@modules@UModSys@@UAEPAXI@Z 10003813 f i  CIL library: CIL module
 0001:00002830       ?get_max_layer_size@RMultiImage@stdlib@lib2d@modules@UModSys@@UBE?AU?$TVector2@H@math3d@5@XZ 10003830 f   umodsys_lib_lib2d:umodsys.mod.2d.stdlib.obj
 0001:00002830       ?get_max_cell_size@RMultiImage@stdlib@lib2d@modules@UModSys@@UBE?AU?$TVector2@H@math3d@5@XZ 10003830 f   umodsys_lib_lib2d:umodsys.mod.2d.stdlib.obj
 0001:00002852       ?get_fixed_cell_size@RMultiImage@stdlib@lib2d@modules@UModSys@@UBE?AU?$TVector2@H@math3d@5@XZ 10003852 f   umodsys_lib_lib2d:umodsys.mod.2d.stdlib.obj
 0001:00002870       ?get_layer_count@RMultiImage@stdlib@lib2d@modules@UModSys@@UBEGXZ 10003870 f   umodsys_lib_lib2d:umodsys.mod.2d.stdlib.obj
 0001:0000287e       ?get_layer@RMultiImage@stdlib@lib2d@modules@UModSys@@UBEPAUIImage@35@G@Z 1000387e f   umodsys_lib_lib2d:umodsys.mod.2d.stdlib.obj
 0001:0000289b       ?get_cell_count@RMultiImage@stdlib@lib2d@modules@UModSys@@UBEIXZ 1000389b f   umodsys_lib_lib2d:umodsys.mod.2d.stdlib.obj
 0001:000028a8       ?get_cell@RMultiImage@stdlib@lib2d@modules@UModSys@@UBE_NIAAU?$TVector2@H@math3d@5@PAU675@PAG@Z 100038a8 f   umodsys_lib_lib2d:umodsys.mod.2d.stdlib.obj
 0001:00002906       ?get_cell@RMultiImage@stdlib@lib2d@modules@UModSys@@UBE_NIAAUSImageCellInfo@35@@Z 10003906 f   umodsys_lib_lib2d:umodsys.mod.2d.stdlib.obj
 0001:0000292c       ?set_layer_count@RMultiImage@stdlib@lib2d@modules@UModSys@@UAE_NG@Z 1000392c f   umodsys_lib_lib2d:umodsys.mod.2d.stdlib.obj
 0001:00002a0c       ?setup_fixed_cell@RMultiImage@stdlib@lib2d@modules@UModSys@@UAE_NHH@Z 10003a0c f   umodsys_lib_lib2d:umodsys.mod.2d.stdlib.obj
 0001:00002a2d       ?setup_variable_cell@RMultiImage@stdlib@lib2d@modules@UModSys@@UAE_NPBUSImageCellInfo@35@KK@Z 10003a2d f   umodsys_lib_lib2d:umodsys.mod.2d.stdlib.obj
 0001:00002a9f       ??0RMultiImage@stdlib@lib2d@modules@UModSys@@QAE@PAUIModObject@base@4@ABUSParameters@core@4@@Z 10003a9f f   umodsys_lib_lib2d:umodsys.mod.2d.stdlib.obj
 0001:00002b46       ??_ERMultiImage@stdlib@lib2d@modules@UModSys@@UAEPAXI@Z 10003b46 f i  CIL library: CIL module
 0001:00002b46       ??_GRMultiImage@stdlib@lib2d@modules@UModSys@@UAEPAXI@Z 10003b46 f i umodsys_lib_lib2d:umodsys.mod.2d.stdlib.obj
 0001:00002baa       ?do_open@RModuleReg@stdlib@lib2d@modules@UModSys@@UAE_NXZ 10003baa f i umodsys_lib_lib2d:umodsys.mod.2d.stdlib.obj
 0001:00002bf8       ?do_close@RModuleReg@stdlib@lib2d@modules@UModSys@@UAE_NXZ 10003bf8 f i umodsys_lib_lib2d:umodsys.mod.2d.stdlib.obj
 0001:00002c33       ?get_module@RGenerator@stdlib@lib2d@modules@UModSys@@UBEPAUIModule@base@5@XZ 10003c33 f   umodsys_lib_lib2d:umodsys.mod.2d.stdlib.obj
 0001:00002c39       ?mod_inc@RGenerator@stdlib@lib2d@modules@UModSys@@UBE_NXZ 10003c39 f   umodsys_lib_lib2d:umodsys.mod.2d.stdlib.obj
 0001:00002c44       ?mod_dec@RGenerator@stdlib@lib2d@modules@UModSys@@UBE_NXZ 10003c44 f   umodsys_lib_lib2d:umodsys.mod.2d.stdlib.obj
 0001:00002c4f       ?s_holder@RGenerator@stdlib@lib2d@modules@UModSys@@SAAAU?$TTypeStaticHolder@URGenerator@stdlib@lib2d@modules@UModSys@@@tl@5@XZ 10003c4f f   umodsys_lib_lib2d:umodsys.mod.2d.stdlib.obj
 0001:00002c81       ??1?$TDynarrayDynamic@USImageCellInfo@lib2d@UModSys@@U?$TAllocator@USIMemAlloc@core@UModSys@@USCountCalcPower2@23@@tl@3@@tl@UModSys@@QAE@XZ 10003c81 f i umodsys_lib_lib2d:umodsys.mod.2d.stdlib.obj
 0001:00002c86       ?Resize@?$TDynarray@U?$TDynarrayHolderDynamic@USImageCellInfo@lib2d@UModSys@@U?$TAllocator@USIMemAlloc@core@UModSys@@USCountCalcPower2@23@@tl@3@@tl@UModSys@@@tl@UModSys@@QAE_NI@Z 10003c86 f i umodsys_lib_lib2d:umodsys.mod.2d.stdlib.obj
 0001:00002cb3       ??1?$TDynarrayDynamic@U?$TRefObject@UIImage@lib2d@UModSys@@U?$TRefObjectFunc@UIImage@lib2d@UModSys@@@tl@3@@tl@UModSys@@U?$TAllocator@USIMemAlloc@core@UModSys@@USCountCalcPower2@23@@23@@tl@UModSys@@QAE@XZ 10003cb3 f i umodsys_lib_lib2d:umodsys.mod.2d.stdlib.obj
 0001:00002cb8       ??1?$TDynarray@U?$TDynarrayHolderDynamic@USImageCellInfo@lib2d@UModSys@@U?$TAllocator@USIMemAlloc@core@UModSys@@USCountCalcPower2@23@@tl@3@@tl@UModSys@@@tl@UModSys@@QAE@XZ 10003cb8 f i umodsys_lib_lib2d:umodsys.mod.2d.stdlib.obj
 0001:00002d14       ??1?$TDynarray@U?$TDynarrayHolderDynamic@U?$TRefObject@UIImage@lib2d@UModSys@@U?$TRefObjectFunc@UIImage@lib2d@UModSys@@@tl@3@@tl@UModSys@@U?$TAllocator@USIMemAlloc@core@UModSys@@USCountCalcPower2@23@@23@@tl@UModSys@@@tl@UModSys@@QAE@XZ 10003d14 f i umodsys_lib_lib2d:umodsys.mod.2d.stdlib.obj
 0001:00002d57       ?ResizeRel@?$TDynarray@U?$TDynarrayHolderDynamic@U?$TRefObject@UIImage@lib2d@UModSys@@U?$TRefObjectFunc@UIImage@lib2d@UModSys@@@tl@3@@tl@UModSys@@U?$TAllocator@USIMemAlloc@core@UModSys@@USCountCalcPower2@23@@23@@tl@UModSys@@@tl@UModSys@@QAE_NH@Z 10003d57 f i umodsys_lib_lib2d:umodsys.mod.2d.stdlib.obj
 0001:00002dd7       ??$t_gen_param@URImage_Memory@stdlib@lib2d@modules@UModSys@@URGenerator@2345@@IGenerator@base@UModSys@@IAE_NPAURGenerator@stdlib@lib2d@modules@2@AAU?$TRefObject@UIRefObject@core@UModSys@@U?$TRefObjectFunc@UIRefObject@core@UModSys@@@tl@3@@tl@2@PBUSUniquePointerInfo@core@2@ABUSParameters@core@2@@Z 10003dd7 f i umodsys_lib_lib2d:umodsys.mod.2d.stdlib.obj
 0001:00002e69       ??$t_gen_param@URImageFactory_Memory@stdlib@lib2d@modules@UModSys@@URGenerator@2345@@IGenerator@base@UModSys@@IAE_NPAURGenerator@stdlib@lib2d@modules@2@AAU?$TRefObject@UIRefObject@core@UModSys@@U?$TRefObjectFunc@UIRefObject@core@UModSys@@@tl@3@@tl@2@PBUSUniquePointerInfo@core@2@ABUSParameters@core@2@@Z 10003e69 f i umodsys_lib_lib2d:umodsys.mod.2d.stdlib.obj
 0001:00002efb       ??$t_gen_param@URMultiImage@stdlib@lib2d@modules@UModSys@@URGenerator@2345@@IGenerator@base@UModSys@@IAE_NPAURGenerator@stdlib@lib2d@modules@2@AAU?$TRefObject@UIRefObject@core@UModSys@@U?$TRefObjectFunc@UIRefObject@core@UModSys@@@tl@3@@tl@2@PBUSUniquePointerInfo@core@2@ABUSParameters@core@2@@Z 10003efb f i umodsys_lib_lib2d:umodsys.mod.2d.stdlib.obj
 0001:00002fa3       ??$ValidateConstruction@UIImage@lib2d@UModSys@@URImage_Memory@stdlib@2modules@3@@core@UModSys@@YA_NAAU?$TRefObject@UIImage@lib2d@UModSys@@U?$TRefObjectFunc@UIImage@lib2d@UModSys@@@tl@3@@tl@1@PAURImage_Memory@stdlib@lib2d@modules@1@@Z 10003fa3 f i umodsys_lib_lib2d:umodsys.mod.2d.stdlib.obj
 0001:00002fe4       ?ReLink@?$TDynarray@U?$TDynarrayHolderDynamic@U?$TRefObject@UIImage@lib2d@UModSys@@U?$TRefObjectFunc@UIImage@lib2d@UModSys@@@tl@3@@tl@UModSys@@U?$TAllocator@USIMemAlloc@core@UModSys@@USCountCalcPower2@23@@23@@tl@UModSys@@@tl@UModSys@@IAE_NI@Z 10003fe4 f i umodsys_lib_lib2d:umodsys.mod.2d.stdlib.obj
 0001:00002fe4       ?ReLink@?$TDynarray@U?$TDynarrayHolderDynamic@U?$TRefObject@URDialog@frames@ui@modules@UModSys@@U?$TRefObjectFunc@URDialog@frames@ui@modules@UModSys@@@tl@5@@tl@UModSys@@U?$TAllocator@USIMemAlloc@core@UModSys@@USCountCalcPower2@23@@23@@tl@UModSys@@@tl@UModSys@@IAE_NI@Z 10003fe4 f i umodsys_lib_libui:umodsys.mod.ui.frames.obj
 0001:00002fe4       ?ReLink@?$TDynarray@U?$TDynarrayHolderDynamic@U?$TRefObject@URFrame_Common@frames@ui@modules@UModSys@@U?$TRefObjectFunc@URFrame_Common@frames@ui@modules@UModSys@@@tl@5@@tl@UModSys@@U?$TAllocator@USIMemAlloc@core@UModSys@@USCountCalcPower2@23@@23@@tl@UModSys@@@tl@UModSys@@IAE_NI@Z 10003fe4 f i umodsys_lib_libui:umodsys.mod.ui.frames.obj
 0001:00003026       ?get@SParameters@core@UModSys@@QBE_NPBDAAPBD@Z 10004026 f i umodsys_lib_libui:umodsys.mod.ui.SDL_GL.obj
 0001:00003041       ?get@SParameters@core@UModSys@@QBE_NPBDAAH@Z 10004041 f i umodsys_lib_libui:umodsys.mod.ui.SDL_GL.obj
 0001:0000305c       ?root_get_interface_info@RKeyboardController@SDL_GL@ui@modules@UModSys@@UBEABUSUniquePointerInfo@core@5@XZ 1000405c f i umodsys_lib_libui:umodsys.mod.ui.SDL_GL.obj
 0001:00003062       ?root_get_interface_type@RKeyboardController@SDL_GL@ui@modules@UModSys@@UBEPBUSUniquePointerInfo@core@5@XZ 10004062 f i umodsys_lib_libui:umodsys.mod.ui.SDL_GL.obj
 0001:00003068       ?root_get_other_interface@RKeyboardController@SDL_GL@ui@modules@UModSys@@UBEPBUIRoot@core@5@PBUSUniquePointerInfo@75@@Z 10004068 f i umodsys_lib_libui:umodsys.mod.ui.SDL_GL.obj
 0001:00003068       ?root_get_other_interface@RKeyboardController@SDL_GL@ui@modules@UModSys@@UAEPAUIRoot@core@5@PBUSUniquePointerInfo@75@@Z 10004068 f i umodsys_lib_libui:umodsys.mod.ui.SDL_GL.obj
 0001:00003089       ?root_is_interface_supported@RKeyboardController@SDL_GL@ui@modules@UModSys@@UBE_NPBUSUniquePointerInfo@core@5@@Z 10004089 f i umodsys_lib_libui:umodsys.mod.ui.SDL_GL.obj
 0001:000030b0       ?ref_links@RKeyboardController@SDL_GL@ui@modules@UModSys@@UBEHXZ 100040b0 f i umodsys_lib_libui:umodsys.mod.ui.SDL_GL.obj
 0001:000030b0       ?ref_links@RMouseController@SDL_core@ui@modules@UModSys@@UBEHXZ 100040b0 f i umodsys_lib_libui:umodsys.mod.ui.SDL_core.obj
 0001:000030b0       ?ref_links@RRenderDriver3D@SDL_GL@ui@modules@UModSys@@UBEHXZ 100040b0 f i umodsys_lib_libui:umodsys.mod.ui.SDL_GL.obj
 0001:000030b0       ?ref_links@RRenderDriver2D@SDL_core@ui@modules@UModSys@@UBEHXZ 100040b0 f i umodsys_lib_libui:umodsys.mod.ui.SDL_core.obj
 0001:000030b0       ?ref_links@RMouseController@SDL_GL@ui@modules@UModSys@@UBEHXZ 100040b0 f i umodsys_lib_libui:umodsys.mod.ui.SDL_GL.obj
 0001:000030b0       ?ref_links@RKeyboardController@SDL_core@ui@modules@UModSys@@UBEHXZ 100040b0 f i umodsys_lib_libui:umodsys.mod.ui.SDL_core.obj
 0001:000030b8       ?root_get_interface_info@RMouseController@SDL_GL@ui@modules@UModSys@@UBEABUSUniquePointerInfo@core@5@XZ 100040b8 f i umodsys_lib_libui:umodsys.mod.ui.SDL_GL.obj
 0001:000030be       ?root_get_interface_type@RMouseController@SDL_GL@ui@modules@UModSys@@UBEPBUSUniquePointerInfo@core@5@XZ 100040be f i umodsys_lib_libui:umodsys.mod.ui.SDL_GL.obj
 0001:000030c4       ?root_get_other_interface@RMouseController@SDL_GL@ui@modules@UModSys@@UBEPBUIRoot@core@5@PBUSUniquePointerInfo@75@@Z 100040c4 f i umodsys_lib_libui:umodsys.mod.ui.SDL_GL.obj
 0001:000030c4       ?root_get_other_interface@RMouseController@SDL_GL@ui@modules@UModSys@@UAEPAUIRoot@core@5@PBUSUniquePointerInfo@75@@Z 100040c4 f i umodsys_lib_libui:umodsys.mod.ui.SDL_GL.obj
 0001:000030e5       ?root_is_interface_supported@RMouseController@SDL_GL@ui@modules@UModSys@@UBE_NPBUSUniquePointerInfo@core@5@@Z 100040e5 f i umodsys_lib_libui:umodsys.mod.ui.SDL_GL.obj
 0001:0000310c       ?ref_add@RKeyboardController@SDL_GL@ui@modules@UModSys@@UBEXXZ 1000410c f i umodsys_lib_libui:umodsys.mod.ui.SDL_GL.obj
 0001:0000310c       ?ref_add@RKeyboardController@SDL_core@ui@modules@UModSys@@UBEXXZ 1000410c f i umodsys_lib_libui:umodsys.mod.ui.SDL_core.obj
 0001:0000310c       ?ref_add@RRenderDriver2D@SDL_core@ui@modules@UModSys@@UBEXXZ 1000410c f i umodsys_lib_libui:umodsys.mod.ui.SDL_core.obj
 0001:0000310c       ?ref_add@RMouseController@SDL_GL@ui@modules@UModSys@@UBEXXZ 1000410c f i umodsys_lib_libui:umodsys.mod.ui.SDL_GL.obj
 0001:0000310c       ?ref_add@RMouseController@SDL_core@ui@modules@UModSys@@UBEXXZ 1000410c f i umodsys_lib_libui:umodsys.mod.ui.SDL_core.obj
 0001:0000310c       ?ref_add@RRenderDriver3D@SDL_GL@ui@modules@UModSys@@UBEXXZ 1000410c f i umodsys_lib_libui:umodsys.mod.ui.SDL_GL.obj
 0001:00003114       ?_root_is_interface_supported@RTerminal@SDL_GL@ui@modules@UModSys@@SA_NPBUSUniquePointerInfo@core@5@@Z 10004114 f i umodsys_lib_libui:umodsys.mod.ui.SDL_GL.obj
 0001:00003134       ?root_get_interface_info@RTerminal@SDL_GL@ui@modules@UModSys@@UBEABUSUniquePointerInfo@core@5@XZ 10004134 f i umodsys_lib_libui:umodsys.mod.ui.SDL_GL.obj
 0001:0000313a       ?root_get_interface_type@RTerminal@SDL_GL@ui@modules@UModSys@@UBEPBUSUniquePointerInfo@core@5@XZ 1000413a f i umodsys_lib_libui:umodsys.mod.ui.SDL_GL.obj
 0001:00003140       ?root_get_other_interface@RTerminal@SDL_GL@ui@modules@UModSys@@UAEPAUIRoot@core@5@PBUSUniquePointerInfo@75@@Z 10004140 f i umodsys_lib_libui:umodsys.mod.ui.SDL_GL.obj
 0001:00003140       ?root_get_other_interface@RTerminal@SDL_GL@ui@modules@UModSys@@UBEPBUIRoot@core@5@PBUSUniquePointerInfo@75@@Z 10004140 f i umodsys_lib_libui:umodsys.mod.ui.SDL_GL.obj
 0001:00003161       ?root_is_interface_supported@RTerminal@SDL_GL@ui@modules@UModSys@@UBE_NPBUSUniquePointerInfo@core@5@@Z 10004161 f i umodsys_lib_libui:umodsys.mod.ui.SDL_GL.obj
 0001:0000316d       ?ref_weak@RGenerator@zlib@media@modules@UModSys@@UBE_NAAUWeakPointer@IRefObject@core@5@@Z 1000416d f i umodsys_lib_libmedia:umodsys.mod.media.zlib.obj
 0001:0000316d       ?ref_weak@RGenerator@frames@ui@modules@UModSys@@UBE_NAAUWeakPointer@IRefObject@core@5@@Z 1000416d f i umodsys_lib_libui:umodsys.mod.ui.frames.obj
 0001:0000316d       ?ref_weak@RMultiImage2D_SDL_ttf@SDL_core@ui@modules@UModSys@@UBE_NAAUWeakPointer@IRefObject@core@5@@Z 1000416d f i umodsys_lib_libui:umodsys.mod.ui.SDL_core.obj
 0001:0000316d       ?ref_weak@RBinArchiveFrameClient_ZIP@zlib@media@modules@UModSys@@UBE_NAAUWeakPointer@IRefObject@core@5@@Z 1000416d f i umodsys_lib_libmedia:umodsys.mod.media.zlib.obj
 0001:0000316d       ?ref_weak@RImage_Memory@stdlib@lib2d@modules@UModSys@@UBE_NAAUWeakPointer@IRefObject@core@5@@Z 1000416d f i umodsys_lib_lib2d:umodsys.mod.2d.stdlib.obj
 0001:0000316d       ?ref_weak@RGenerator@SDL_core@ui@modules@UModSys@@UBE_NAAUWeakPointer@IRefObject@core@5@@Z 1000416d f i umodsys_lib_libui:umodsys.mod.ui.SDL_core.obj
 0001:0000316d       ?ref_weak@RTerminal@SDL_GL@ui@modules@UModSys@@UBE_NAAUWeakPointer@IRefObject@core@5@@Z 1000416d f i umodsys_lib_libui:umodsys.mod.ui.SDL_GL.obj
 0001:0000316d       ?ref_weak@RGenerator@SDL_GL@ui@modules@UModSys@@UBE_NAAUWeakPointer@IRefObject@core@5@@Z 1000416d f i umodsys_lib_libui:umodsys.mod.ui.SDL_GL.obj
 0001:0000316d       ?ref_weak@RGenerator@images_std@media@modules@UModSys@@UBE_NAAUWeakPointer@IRefObject@core@5@@Z 1000416d f i umodsys_lib_libmedia:umodsys.mod.media.images_std.obj
 0001:0000316d       ?ref_weak@RImageFactory_Memory@stdlib@lib2d@modules@UModSys@@UBE_NAAUWeakPointer@IRefObject@core@5@@Z 1000416d f i umodsys_lib_lib2d:umodsys.mod.2d.stdlib.obj
 0001:0000316d       ?ref_weak@RDialog@frames@ui@modules@UModSys@@UBE_NAAUWeakPointer@IRefObject@core@5@@Z 1000416d f i umodsys_lib_libui:umodsys.mod.ui.frames.obj
 0001:0000316d       ?ref_weak@RGenerator@serialize_json@media@modules@UModSys@@UBE_NAAUWeakPointer@IRefObject@core@5@@Z 1000416d f i umodsys_lib_libmedia:umodsys.mod.media.serialize_json.obj
 0001:0000316d       ?ref_weak@RSerializeReader@serialize_json@media@modules@UModSys@@UBE_NAAUWeakPointer@IRefObject@core@5@@Z 1000416d f i umodsys_lib_libmedia:umodsys.mod.media.serialize_json.obj
 0001:0000316d       ?ref_weak@RTerminal@SDL_core@ui@modules@UModSys@@UBE_NAAUWeakPointer@IRefObject@core@5@@Z 1000416d f i umodsys_lib_libui:umodsys.mod.ui.SDL_core.obj
 0001:0000316d       ?ref_weak@RMultiImage@stdlib@lib2d@modules@UModSys@@UBE_NAAUWeakPointer@IRefObject@core@5@@Z 1000416d f i umodsys_lib_lib2d:umodsys.mod.2d.stdlib.obj
 0001:0000316d       ?ref_weak@RGenerator@stdlib@lib2d@modules@UModSys@@UBE_NAAUWeakPointer@IRefObject@core@5@@Z 1000416d f i umodsys_lib_lib2d:umodsys.mod.2d.stdlib.obj
 0001:0000316d       ?ref_weak@RGenerator@test1@test@modules@UModSys@@UBE_NAAUWeakPointer@IRefObject@core@5@@Z 1000416d f i plugin_test1.obj
 0001:0000318c       ?root_get_interface_info@RRenderDriver3D@SDL_GL@ui@modules@UModSys@@UBEABUSUniquePointerInfo@core@5@XZ 1000418c f i umodsys_lib_libui:umodsys.mod.ui.SDL_GL.obj
 0001:00003192       ?root_get_interface_type@RRenderDriver3D@SDL_GL@ui@modules@UModSys@@UBEPBUSUniquePointerInfo@core@5@XZ 10004192 f i umodsys_lib_libui:umodsys.mod.ui.SDL_GL.obj
 0001:00003198       ?root_get_other_interface@RRenderDriver3D@SDL_GL@ui@modules@UModSys@@UBEPBUIRoot@core@5@PBUSUniquePointerInfo@75@@Z 10004198 f i umodsys_lib_libui:umodsys.mod.ui.SDL_GL.obj
 0001:00003198       ?root_get_other_interface@RRenderDriver3D@SDL_GL@ui@modules@UModSys@@UAEPAUIRoot@core@5@PBUSUniquePointerInfo@75@@Z 10004198 f i umodsys_lib_libui:umodsys.mod.ui.SDL_GL.obj
 0001:000031c1       ?root_is_interface_supported@RRenderDriver3D@SDL_GL@ui@modules@UModSys@@UBE_NPBUSUniquePointerInfo@core@5@@Z 100041c1 f i umodsys_lib_libui:umodsys.mod.ui.SDL_GL.obj
 0001:000031f0       ?suicide@RMouseController@SDL_core@ui@modules@UModSys@@UAEXXZ 100041f0 f i umodsys_lib_libui:umodsys.mod.ui.SDL_core.obj
 0001:000031f0       ?suicide@RKeyboardController@SDL_GL@ui@modules@UModSys@@UAEXXZ 100041f0 f i umodsys_lib_libui:umodsys.mod.ui.SDL_GL.obj
 0001:000031f0       ?suicide@RRenderDriver3D@SDL_GL@ui@modules@UModSys@@UAEXXZ 100041f0 f i umodsys_lib_libui:umodsys.mod.ui.SDL_GL.obj
 0001:000031f0       ?suicide@RMouseController@SDL_GL@ui@modules@UModSys@@UAEXXZ 100041f0 f i umodsys_lib_libui:umodsys.mod.ui.SDL_GL.obj
 0001:000031f0       ?suicide@IRoot@core@UModSys@@UAEXXZ 100041f0 f i umodsys_lib_core:umodsys.core.objects.obj
 0001:000031f0       ?suicide@RRenderDriver2D@SDL_core@ui@modules@UModSys@@UAEXXZ 100041f0 f i umodsys_lib_libui:umodsys.mod.ui.SDL_core.obj
 0001:000031f0       ?suicide@RKeyboardController@SDL_core@ui@modules@UModSys@@UAEXXZ 100041f0 f i umodsys_lib_libui:umodsys.mod.ui.SDL_core.obj
 0001:000031fb       ?root_get_interface_info@RTerminalX@SDL_GL@ui@modules@UModSys@@UBEABUSUniquePointerInfo@core@5@XZ 100041fb f i umodsys_lib_libui:umodsys.mod.ui.SDL_GL.obj
 0001:00003201       ?root_get_interface_type@RTerminalX@SDL_GL@ui@modules@UModSys@@UBEPBUSUniquePointerInfo@core@5@XZ 10004201 f i umodsys_lib_libui:umodsys.mod.ui.SDL_GL.obj
 0001:00003207       ?root_get_other_interface@RTerminalX@SDL_GL@ui@modules@UModSys@@UBEPBUIRoot@core@5@PBUSUniquePointerInfo@75@@Z 10004207 f i umodsys_lib_libui:umodsys.mod.ui.SDL_GL.obj
 0001:00003207       ?root_get_other_interface@RTerminalX@SDL_GL@ui@modules@UModSys@@UAEPAUIRoot@core@5@PBUSUniquePointerInfo@75@@Z 10004207 f i umodsys_lib_libui:umodsys.mod.ui.SDL_GL.obj
 0001:00003228       ?root_is_interface_supported@RTerminalX@SDL_GL@ui@modules@UModSys@@UBE_NPBUSUniquePointerInfo@core@5@@Z 10004228 f i umodsys_lib_libui:umodsys.mod.ui.SDL_GL.obj
 0001:00003247       ?get_generated_names@RGenerator@SDL_GL@ui@modules@UModSys@@UBEHAAUSUniquePtrList@core@5@@Z 10004247 f i umodsys_lib_libui:umodsys.mod.ui.SDL_GL.obj
 0001:00003260       ?get_generated_types@RGenerator@SDL_GL@ui@modules@UModSys@@UBEHAAUSUniquePtrList@core@5@PBUSUniquePointerInfo@75@@Z 10004260 f i umodsys_lib_libui:umodsys.mod.ui.SDL_GL.obj
 0001:0000329e       ?generate@RGenerator@SDL_GL@ui@modules@UModSys@@UAE_NAAU?$TRefObject@UIRefObject@core@UModSys@@U?$TRefObjectFunc@UIRefObject@core@UModSys@@@tl@3@@tl@5@PBUSUniquePointerInfo@core@5@ABUSParameters@95@@Z 1000429e f i umodsys_lib_libui:umodsys.mod.ui.SDL_GL.obj
 0001:000032bf       ?root_get_interface_info@RGenerator@SDL_GL@ui@modules@UModSys@@UBEABUSUniquePointerInfo@core@5@XZ 100042bf f i umodsys_lib_libui:umodsys.mod.ui.SDL_GL.obj
 0001:000032c5       ?root_get_interface_type@RGenerator@SDL_GL@ui@modules@UModSys@@UBEPBUSUniquePointerInfo@core@5@XZ 100042c5 f i umodsys_lib_libui:umodsys.mod.ui.SDL_GL.obj
 0001:000032cb       ?root_get_other_interface@RGenerator@SDL_GL@ui@modules@UModSys@@UAEPAUIRoot@core@5@PBUSUniquePointerInfo@75@@Z 100042cb f i umodsys_lib_libui:umodsys.mod.ui.SDL_GL.obj
 0001:000032cb       ?root_get_other_interface@RGenerator@SDL_GL@ui@modules@UModSys@@UBEPBUIRoot@core@5@PBUSUniquePointerInfo@75@@Z 100042cb f i umodsys_lib_libui:umodsys.mod.ui.SDL_GL.obj
 0001:000032e4       ?root_is_interface_supported@RGenerator@SDL_GL@ui@modules@UModSys@@UBE_NPBUSUniquePointerInfo@core@5@@Z 100042e4 f i umodsys_lib_libui:umodsys.mod.ui.SDL_GL.obj
 0001:00003303       ?get_uid@RGenerator@SDL_GL@ui@modules@UModSys@@UBEPBUSUniquePointerInfo@core@5@XZ 10004303 f i umodsys_lib_libui:umodsys.mod.ui.SDL_GL.obj
 0001:00003309       ??_ERKeyboardController@SDL_GL@ui@modules@UModSys@@UAEPAXI@Z 10004309 f i  CIL library: CIL module
 0001:00003309       ??_GRKeyboardController@SDL_GL@ui@modules@UModSys@@UAEPAXI@Z 10004309 f i umodsys_lib_libui:umodsys.mod.ui.SDL_GL.obj
 0001:00003326       ??1RKeyboardController@SDL_GL@ui@modules@UModSys@@UAE@XZ 10004326 f   umodsys_lib_libui:umodsys.mod.ui.SDL_GL.obj
 0001:0000336a       ?process@RKeyboardController@SDL_core@ui@modules@UModSys@@QAE_NAAUSDL_KeyboardEvent@@@Z 1000436a f   umodsys_lib_libui:umodsys.mod.ui.SDL_core.obj
 0001:0000336a       ?process@RKeyboardController@SDL_GL@ui@modules@UModSys@@QAE_NAAUSDL_KeyboardEvent@@@Z 1000436a f   umodsys_lib_libui:umodsys.mod.ui.SDL_GL.obj
 0001:00003409       ?map_keycode@RKeyboardController@SDL_GL@ui@modules@UModSys@@QAE?AW4eKeyCode@libui@5@H@Z 10004409 f   umodsys_lib_libui:umodsys.mod.ui.SDL_GL.obj
 0001:00003409       ?map_keycode@RKeyboardController@SDL_core@ui@modules@UModSys@@QAE?AW4eKeyCode@libui@5@H@Z 10004409 f   umodsys_lib_libui:umodsys.mod.ui.SDL_core.obj
 0001:00003884       ?map_keyspecial@RKeyboardController@SDL_GL@ui@modules@UModSys@@QAEFG@Z 10004884 f   umodsys_lib_libui:umodsys.mod.ui.SDL_GL.obj
 0001:00003884       ?map_keyspecial@RKeyboardController@SDL_core@ui@modules@UModSys@@QAEFG@Z 10004884 f   umodsys_lib_libui:umodsys.mod.ui.SDL_core.obj
 0001:000038f7       ?mouse_unlink@RMouseController@SDL_core@ui@modules@UModSys@@UAE_NH@Z 100048f7 f   umodsys_lib_libui:umodsys.mod.ui.SDL_core.obj
 0001:000038f7       ?mouse_unlink@RMouseController@SDL_GL@ui@modules@UModSys@@UAE_NH@Z 100048f7 f   umodsys_lib_libui:umodsys.mod.ui.SDL_GL.obj
 0001:000038f7       ?key_unlink@RKeyboardController@SDL_GL@ui@modules@UModSys@@UAE_NH@Z 100048f7 f   umodsys_lib_libui:umodsys.mod.ui.SDL_GL.obj
 0001:000038f7       ?key_unlink@RKeyboardController@SDL_core@ui@modules@UModSys@@UAE_NH@Z 100048f7 f   umodsys_lib_libui:umodsys.mod.ui.SDL_core.obj
 0001:00003906       ??_GRMouseController@SDL_GL@ui@modules@UModSys@@UAEPAXI@Z 10004906 f i umodsys_lib_libui:umodsys.mod.ui.SDL_GL.obj
 0001:00003906       ??_ERMouseController@SDL_GL@ui@modules@UModSys@@UAEPAXI@Z 10004906 f i  CIL library: CIL module
 0001:00003923       ??1RMouseController@SDL_GL@ui@modules@UModSys@@UAE@XZ 10004923 f   umodsys_lib_libui:umodsys.mod.ui.SDL_GL.obj
 0001:00003967       ?process@RMouseController@SDL_GL@ui@modules@UModSys@@QAE_NAAUSDL_MouseMotionEvent@@@Z 10004967 f   umodsys_lib_libui:umodsys.mod.ui.SDL_GL.obj
 0001:00003967       ?process@RMouseController@SDL_core@ui@modules@UModSys@@QAE_NAAUSDL_MouseMotionEvent@@@Z 10004967 f   umodsys_lib_libui:umodsys.mod.ui.SDL_core.obj
 0001:00003a4e       ?process@RMouseController@SDL_GL@ui@modules@UModSys@@QAE_NAAUSDL_MouseWheelEvent@@@Z 10004a4e f   umodsys_lib_libui:umodsys.mod.ui.SDL_GL.obj
 0001:00003a4e       ?process@RMouseController@SDL_core@ui@modules@UModSys@@QAE_NAAUSDL_MouseWheelEvent@@@Z 10004a4e f   umodsys_lib_libui:umodsys.mod.ui.SDL_core.obj
 0001:00003aef       ?mouse_link@RMouseController@SDL_GL@ui@modules@UModSys@@UAE_NHPAUIRefObject@core@5@PAUIMouseClient@libui@5@H@Z 10004aef f   umodsys_lib_libui:umodsys.mod.ui.SDL_GL.obj
 0001:00003aef       ?mouse_link@RMouseController@SDL_core@ui@modules@UModSys@@UAE_NHPAUIRefObject@core@5@PAUIMouseClient@libui@5@H@Z 10004aef f   umodsys_lib_libui:umodsys.mod.ui.SDL_core.obj
 0001:00003b2e       ?mouse_reset@RMouseController@SDL_core@ui@modules@UModSys@@UAE_NXZ 10004b2e f   umodsys_lib_libui:umodsys.mod.ui.SDL_core.obj
 0001:00003b2e       ?key_reset@RKeyboardController@SDL_core@ui@modules@UModSys@@UAE_NXZ 10004b2e f   umodsys_lib_libui:umodsys.mod.ui.SDL_core.obj
 0001:00003b2e       ?mouse_reset@RMouseController@SDL_GL@ui@modules@UModSys@@UAE_NXZ 10004b2e f   umodsys_lib_libui:umodsys.mod.ui.SDL_GL.obj
 0001:00003b2e       ?driver_is_reset@RRenderDriver3D@SDL_GL@ui@modules@UModSys@@UAE_NXZ 10004b2e f   umodsys_lib_libui:umodsys.mod.ui.SDL_GL.obj
 0001:00003b2e       ?render_primitive@RRenderDriver3D@SDL_GL@ui@modules@UModSys@@UAA_NW4eRenderPrimitiveType@lib3d@5@HHZZ 10004b2e f   umodsys_lib_libui:umodsys.mod.ui.SDL_GL.obj
 0001:00003b2e       ?key_reset@RKeyboardController@SDL_GL@ui@modules@UModSys@@UAE_NXZ 10004b2e f   umodsys_lib_libui:umodsys.mod.ui.SDL_GL.obj
 0001:00003b2e       ?setup_lists2@RRenderDriver3D@SDL_GL@ui@modules@UModSys@@UAA_NHHPBHZZ 10004b2e f   umodsys_lib_libui:umodsys.mod.ui.SDL_GL.obj
 0001:00003b31       ??0RTerminal@SDL_GL@ui@modules@UModSys@@QAE@PAUIModObject@base@4@@Z 10004b31 f   umodsys_lib_libui:umodsys.mod.ui.SDL_GL.obj
 0001:00003bbb       ??_ERTerminal@SDL_GL@ui@modules@UModSys@@UAEPAXI@Z 10004bbb f i  CIL library: CIL module
 0001:00003bbb       ??_GRTerminal@SDL_GL@ui@modules@UModSys@@UAEPAXI@Z 10004bbb f i umodsys_lib_libui:umodsys.mod.ui.SDL_GL.obj
 0001:00003bd8       ??1RTerminal@SDL_GL@ui@modules@UModSys@@UAE@XZ 10004bd8 f   umodsys_lib_libui:umodsys.mod.ui.SDL_GL.obj
 0001:00003c28       ?get_clock@RTerminal@SDL_core@ui@modules@UModSys@@UAENXZ 10004c28 f   umodsys_lib_libui:umodsys.mod.ui.SDL_core.obj
 0001:00003c28       ?get_clock@RTerminal@SDL_GL@ui@modules@UModSys@@UAENXZ 10004c28 f   umodsys_lib_libui:umodsys.mod.ui.SDL_GL.obj
 0001:00003c40       ?get_count@RTerminal@SDL_GL@ui@modules@UModSys@@UBEIPBUSUniquePointerInfo@core@5@@Z 10004c40 f   umodsys_lib_libui:umodsys.mod.ui.SDL_GL.obj
 0001:00003c40       ?get_count@RTerminal@SDL_core@ui@modules@UModSys@@UBEIPBUSUniquePointerInfo@core@5@@Z 10004c40 f   umodsys_lib_libui:umodsys.mod.ui.SDL_core.obj
 0001:00003c85       ?get_handler@RTerminal@SDL_core@ui@modules@UModSys@@UBEPAUIRefObject@core@5@PBUSUniquePointerInfo@75@PBD@Z 10004c85 f   umodsys_lib_libui:umodsys.mod.ui.SDL_core.obj
 0001:00003c85       ?get_friend_handler@RTerminal@SDL_core@ui@modules@UModSys@@UBEPAUIRefObject@core@5@PBUSUniquePointerInfo@75@PAU675@@Z 10004c85 f   umodsys_lib_libui:umodsys.mod.ui.SDL_core.obj
 0001:00003c85       ?get_handler@RTerminal@SDL_GL@ui@modules@UModSys@@UBEPAUIRefObject@core@5@PBUSUniquePointerInfo@75@PBD@Z 10004c85 f   umodsys_lib_libui:umodsys.mod.ui.SDL_GL.obj
 0001:00003c85       ?get_friend_handler@RTerminal@SDL_GL@ui@modules@UModSys@@UBEPAUIRefObject@core@5@PBUSUniquePointerInfo@75@PAU675@@Z 10004c85 f   umodsys_lib_libui:umodsys.mod.ui.SDL_GL.obj
 0001:00003c8e       ??0RRenderDriver3D@SDL_GL@ui@modules@UModSys@@QAE@PAURTerminalX@1234@@Z 10004c8e f   umodsys_lib_libui:umodsys.mod.ui.SDL_GL.obj
 0001:00003d36       ??_ERRenderDriver3D@SDL_GL@ui@modules@UModSys@@UAEPAXI@Z 10004d36 f i  CIL library: CIL module
 0001:00003d36       ??_GRRenderDriver3D@SDL_GL@ui@modules@UModSys@@UAEPAXI@Z 10004d36 f i umodsys_lib_libui:umodsys.mod.ui.SDL_GL.obj
 0001:00003d53       ??1ISerializeReader@libmedia@UModSys@@UAE@XZ 10004d53 f i umodsys_lib_libmedia:umodsys.mod.media.serialize_json.obj
 0001:00003d53       ??1IDialog@libui@UModSys@@UAE@XZ 10004d53 f i umodsys_lib_libui:umodsys.mod.ui.frames.obj
 0001:00003d53       ??1IClient@IBinArchiveFrame@libmedia@UModSys@@UAE@XZ 10004d53 f i umodsys_lib_libmedia:umodsys.mod.media.zlib.obj
 0001:00003d53       ??1ITerminal@libui@UModSys@@UAE@XZ 10004d53 f i umodsys_lib_libui:umodsys.mod.ui.SDL_GL.obj
 0001:00003d53       ??1IMouseController@libui@UModSys@@UAE@XZ 10004d53 f i umodsys_lib_libui:umodsys.mod.ui.SDL_GL.obj
 0001:00003d53       ??1IMultiImage@lib2d@UModSys@@UAE@XZ 10004d53 f i umodsys_lib_lib2d:umodsys.mod.2d.stdlib.obj
 0001:00003d53       ??1IShell@base@UModSys@@UAE@XZ 10004d53 f i plugin_test1.obj
 0001:00003d53       ??1ICollector@libui@UModSys@@UAE@XZ 10004d53 f i umodsys_lib_libui:umodsys.mod.ui.frames.obj
 0001:00003d53       ??1IKeyboardController@libui@UModSys@@UAE@XZ 10004d53 f i umodsys_lib_libui:umodsys.mod.ui.SDL_GL.obj
 0001:00003d53       ??1IRenderDriver@lib2d@UModSys@@UAE@XZ 10004d53 f i umodsys_lib_libui:umodsys.mod.ui.SDL_GL.obj
 0001:00003d53       ??1IRenderDriver@lib3d@UModSys@@UAE@XZ 10004d53 f i umodsys_lib_libui:umodsys.mod.ui.SDL_GL.obj
 0001:00003d53       ??1IRefObject@core@UModSys@@UAE@XZ 10004d53 f i umodsys_lib_core:umodsys.core.objects.obj
 0001:00003d53       ??1IImage@lib2d@UModSys@@UAE@XZ 10004d53 f i umodsys_lib_lib2d:umodsys.mod.2d.stdlib.obj
 0001:00003d53       ??1ISerializeWriter@libmedia@UModSys@@UAE@XZ 10004d53 f i umodsys_lib_libmedia:umodsys.mod.media.serialize_json.obj
 0001:00003d53       ??1IImageFactory@lib2d@UModSys@@UAE@XZ 10004d53 f i umodsys_lib_lib2d:umodsys.mod.2d.stdlib.obj
 0001:00003d53       ??1IFrame@libui@UModSys@@UAE@XZ 10004d53 f i umodsys_lib_libui:umodsys.mod.ui.frames.obj
 0001:00003d5a       ??1RRenderDriver3D@SDL_GL@ui@modules@UModSys@@UAE@XZ 10004d5a f   umodsys_lib_libui:umodsys.mod.ui.SDL_GL.obj
 0001:00003dbe       ?close@RRenderDriver3D@SDL_GL@ui@modules@UModSys@@QAEXXZ 10004dbe f   umodsys_lib_libui:umodsys.mod.ui.SDL_GL.obj
 0001:00003ddf       ?open@RRenderDriver3D@SDL_GL@ui@modules@UModSys@@QAE_NABUSParameters@core@5@@Z 10004ddf f   umodsys_lib_libui:umodsys.mod.ui.SDL_GL.obj
 0001:00003ea3       ?new_picture@RRenderDriver3D@SDL_GL@ui@modules@UModSys@@UAE?AU?$TRefObject@UIImage@lib2d@UModSys@@U?$TRefObjectFunc@UIImage@lib2d@UModSys@@@tl@3@@tl@5@ABUSParameters@core@5@ABU?$TString@U?$TSCoreConst@D@su@tl@UModSys@@U?$TComparerBinaryHash@D@234@@75@@Z 10004ea3 f   umodsys_lib_libui:umodsys.mod.ui.SDL_GL.obj
 0001:00003ea3       ?new_picture@RRenderDriver2D@SDL_core@ui@modules@UModSys@@UAE?AU?$TRefObject@UIImage@lib2d@UModSys@@U?$TRefObjectFunc@UIImage@lib2d@UModSys@@@tl@3@@tl@5@ABUSParameters@core@5@ABU?$TString@U?$TSCoreConst@D@su@tl@UModSys@@U?$TComparerBinaryHash@D@234@@75@@Z 10004ea3 f   umodsys_lib_libui:umodsys.mod.ui.SDL_core.obj
 0001:00003ea3       ?new_font@RRenderDriver3D@SDL_GL@ui@modules@UModSys@@UAE?AU?$TRefObject@UIMultiImage@lib2d@UModSys@@U?$TRefObjectFunc@UIMultiImage@lib2d@UModSys@@@tl@3@@tl@5@ABUSParameters@core@5@ABU?$TString@U?$TSCoreConst@D@su@tl@UModSys@@U?$TComparerBinaryHash@D@234@@75@@Z 10004ea3 f   umodsys_lib_libui:umodsys.mod.ui.SDL_GL.obj
 0001:00003eb5       ?get_frame_values@RRenderDriver3D@SDL_GL@ui@modules@UModSys@@UBEPBUSParameters@core@5@XZ 10004eb5 f   umodsys_lib_libui:umodsys.mod.ui.SDL_GL.obj
 0001:00003ebc       ?map_2d_to_3d@RRenderDriver3D@SDL_GL@ui@modules@UModSys@@UAE_NAAU?$TVector3@N@math3d@5@ABU?$TVector2@H@75@@Z 10004ebc f   umodsys_lib_libui:umodsys.mod.ui.SDL_GL.obj
 0001:00003ebc       ?camera_ortho@RRenderDriver3D@SDL_GL@ui@modules@UModSys@@UAE_NABU?$TVector3@N@math3d@5@0@Z 10004ebc f   umodsys_lib_libui:umodsys.mod.ui.SDL_GL.obj
 0001:00003ebc       ?key_setrepeat@RKeyboardController@SDL_GL@ui@modules@UModSys@@UAE_NMM@Z 10004ebc f   umodsys_lib_libui:umodsys.mod.ui.SDL_GL.obj
 0001:00003ebc       ?mouse_setposition@RMouseController@SDL_GL@ui@modules@UModSys@@UAE_NHH@Z 10004ebc f   umodsys_lib_libui:umodsys.mod.ui.SDL_GL.obj
 0001:00003ebc       ?mouse_setposition@RMouseController@SDL_core@ui@modules@UModSys@@UAE_NHH@Z 10004ebc f   umodsys_lib_libui:umodsys.mod.ui.SDL_core.obj
 0001:00003ebc       ?setup_fixed_cell@RMultiImage2D_SDL_ttf@SDL_core@ui@modules@UModSys@@UAE_NHH@Z 10004ebc f   umodsys_lib_libui:umodsys.mod.ui.SDL_core.obj
 0001:00003ebc       ?setup_font@RRenderDriver3D@SDL_GL@ui@modules@UModSys@@UAE_NPAUIMultiImage@lib2d@5@PBU?$TVector2@M@math3d@5@@Z 10004ebc f   umodsys_lib_libui:umodsys.mod.ui.SDL_GL.obj
 0001:00003ebc       ?set_parameters@RRenderDriver3D@SDL_GL@ui@modules@UModSys@@UAE_NPBDABUSParameters@core@5@@Z 10004ebc f   umodsys_lib_libui:umodsys.mod.ui.SDL_GL.obj
 0001:00003ebc       ?setup_setlight@RRenderDriver3D@SDL_GL@ui@modules@UModSys@@UAE_NH_N@Z 10004ebc f   umodsys_lib_libui:umodsys.mod.ui.SDL_GL.obj
 0001:00003ebc       ?set_repeater@RFrame_Common@frames@ui@modules@UModSys@@UAE_NHH@Z 10004ebc f   umodsys_lib_libui:umodsys.mod.ui.frames.obj
 0001:00003ebc       ?camera_frustum@RRenderDriver3D@SDL_GL@ui@modules@UModSys@@UAE_NABU?$TVector3@N@math3d@5@0@Z 10004ebc f   umodsys_lib_libui:umodsys.mod.ui.SDL_GL.obj
 0001:00003ebc       ?key_setrepeat@RKeyboardController@SDL_core@ui@modules@UModSys@@UAE_NMM@Z 10004ebc f   umodsys_lib_libui:umodsys.mod.ui.SDL_core.obj
 0001:00003ebc       ?map_3d_to_2d@RRenderDriver3D@SDL_GL@ui@modules@UModSys@@UAE_NAAU?$TVector2@H@math3d@5@ABU?$TVector3@N@75@@Z 10004ebc f   umodsys_lib_libui:umodsys.mod.ui.SDL_GL.obj
 0001:00003ebc       ?map_2d_to_3d@RRenderDriver3D@SDL_GL@ui@modules@UModSys@@UAE_NAAU?$TVector2@M@math3d@5@ABU?$TVector2@H@75@@Z 10004ebc f   umodsys_lib_libui:umodsys.mod.ui.SDL_GL.obj
 0001:00003ebc       ?map_3d_to_2d@RRenderDriver3D@SDL_GL@ui@modules@UModSys@@UAE_NAAU?$TVector2@H@math3d@5@ABU?$TVector2@M@75@@Z 10004ebc f   umodsys_lib_libui:umodsys.mod.ui.SDL_GL.obj
 0001:00003ebc       ?output_attach_3d@RCollector@frames@ui@modules@UModSys@@UAE_NPAUIRenderDriver@lib3d@5@H@Z 10004ebc f   umodsys_lib_libui:umodsys.mod.ui.frames.obj
 0001:00003ebc       ?set_parameters@RRenderDriver2D@SDL_core@ui@modules@UModSys@@UAE_NPBDABUSParameters@core@5@@Z 10004ebc f   umodsys_lib_libui:umodsys.mod.ui.SDL_core.obj
 0001:00003ebc       ?get_cell@RMultiImage2D_SDL_ttf@SDL_core@ui@modules@UModSys@@UBE_NIAAUSImageCellInfo@lib2d@5@@Z 10004ebc f   umodsys_lib_libui:umodsys.mod.ui.SDL_core.obj
 0001:00003ebc       ?set_hint@RMultiImage2D_SDL_ttf@SDL_core@ui@modules@UModSys@@UAE_NPBD0@Z 10004ebc f   umodsys_lib_libui:umodsys.mod.ui.SDL_core.obj
 0001:00003ebc       ?set_hint@RMultiImage@stdlib@lib2d@modules@UModSys@@UAE_NPBD0@Z 10004ebc f   umodsys_lib_lib2d:umodsys.mod.2d.stdlib.obj
 0001:00003ebc       ?filter_load@RMediaFilter@images_std@media@modules@UModSys@@UAE_NABUSInfo@IBinObjFilter@libmedia@5@AAU?$TRefObject@UIRefObject@core@UModSys@@U?$TRefObjectFunc@UIRefObject@core@UModSys@@@tl@3@@tl@5@@Z 10004ebc f   umodsys_lib_libmedia:umodsys.mod.media.images_std.obj
 0001:00003ec1       ?setup_color@RRenderDriver3D@SDL_GL@ui@modules@UModSys@@UAEXABU?$TVector3@M@math3d@5@@Z 10004ec1 f   umodsys_lib_libui:umodsys.mod.ui.SDL_GL.obj
 0001:00003edf       ?setup_color@RRenderDriver3D@SDL_GL@ui@modules@UModSys@@UAEXABU?$TVector3@H@math3d@5@@Z 10004edf f   umodsys_lib_libui:umodsys.mod.ui.SDL_GL.obj
 0001:00003f19       ?setup_coloralpha@RRenderDriver3D@SDL_GL@ui@modules@UModSys@@UAEXABU?$TVector4@M@math3d@5@H@Z 10004f19 f   umodsys_lib_libui:umodsys.mod.ui.SDL_GL.obj
 0001:00003f38       ?setup_coloralpha@RRenderDriver3D@SDL_GL@ui@modules@UModSys@@UAEXABU?$TVector4@H@math3d@5@H@Z 10004f38 f   umodsys_lib_libui:umodsys.mod.ui.SDL_GL.obj
 0001:00003f87       ?setup_blendcolor@RRenderDriver3D@SDL_GL@ui@modules@UModSys@@UAEXABUSBlendColor@lib2d@5@@Z 10004f87 f   umodsys_lib_libui:umodsys.mod.ui.SDL_GL.obj
 0001:00003fd6       ?setup_blendcolor@RRenderDriver3D@SDL_GL@ui@modules@UModSys@@UAEXABUSBlendColorf@lib2d@5@@Z 10004fd6 f   umodsys_lib_libui:umodsys.mod.ui.SDL_GL.obj
 0001:00004011       ?setup_alpha@RRenderDriver3D@SDL_GL@ui@modules@UModSys@@UAEXHH@Z 10005011 f   umodsys_lib_libui:umodsys.mod.ui.SDL_GL.obj
 0001:0000402e       ?setup_alpha@RRenderDriver3D@SDL_GL@ui@modules@UModSys@@UAEXMH@Z 1000502e f   umodsys_lib_libui:umodsys.mod.ui.SDL_GL.obj
 0001:00004045       ?render_quad@RRenderDriver3D@SDL_GL@ui@modules@UModSys@@UAEXABU?$TVector2@H@math3d@5@000@Z 10005045 f   umodsys_lib_libui:umodsys.mod.ui.SDL_GL.obj
 0001:00004048       ?camera_frustum@RRenderDriver3D@SDL_GL@ui@modules@UModSys@@UAE_NABU?$TVector3@N@math3d@5@ABU?$TVector2@M@75@NN@Z 10005048 f   umodsys_lib_libui:umodsys.mod.ui.SDL_GL.obj
 0001:0000404d       ?alloc_index@RRenderDriver3D@SDL_GL@ui@modules@UModSys@@UAEPAHHH@Z 1000504d f   umodsys_lib_libui:umodsys.mod.ui.SDL_GL.obj
 0001:0000404d       ?alloc_texpoints@RRenderDriver3D@SDL_GL@ui@modules@UModSys@@UAEPAU?$TVector2@M@math3d@5@HH@Z 1000504d f   umodsys_lib_libui:umodsys.mod.ui.SDL_GL.obj
 0001:0000404d       ?get_sub@RFrame_Common@frames@ui@modules@UModSys@@UAEPAUIFrame@libui@5@PAU675@H@Z 1000504d f   umodsys_lib_libui:umodsys.mod.ui.frames.obj
 0001:00004052       ?render_tri@RRenderDriver3D@SDL_GL@ui@modules@UModSys@@UAEXABU?$TVector2@H@math3d@5@00@Z 10005052 f   umodsys_lib_libui:umodsys.mod.ui.SDL_GL.obj
 0001:00004052       ?alloc_texpoints@RRenderDriver3D@SDL_GL@ui@modules@UModSys@@UAEXPBU?$TVector2@M@math3d@5@HH@Z 10005052 f   umodsys_lib_libui:umodsys.mod.ui.SDL_GL.obj
 0001:00004052       ?render_picture@RRenderDriver3D@SDL_GL@ui@modules@UModSys@@UAEXABUSPicture@lib3d@5@0M@Z 10005052 f   umodsys_lib_libui:umodsys.mod.ui.SDL_GL.obj
 0001:00004055       ?alloc_points@RRenderDriver3D@SDL_GL@ui@modules@UModSys@@UAEXPBU?$TVector3@N@math3d@5@H@Z 10005055 f   umodsys_lib_libui:umodsys.mod.ui.SDL_GL.obj
 0001:00004055       ?phase_start@RRenderDriver3D@SDL_GL@ui@modules@UModSys@@UAEXHH@Z 10005055 f   umodsys_lib_libui:umodsys.mod.ui.SDL_GL.obj
 0001:00004055       ?render_text_3d@RRenderDriver3D@SDL_GL@ui@modules@UModSys@@UAEXPBHH@Z 10005055 f   umodsys_lib_libui:umodsys.mod.ui.SDL_GL.obj
 0001:00004055       ?alloc_colors@RRenderDriver3D@SDL_GL@ui@modules@UModSys@@UAEXPBU?$TVector3@M@math3d@5@H@Z 10005055 f   umodsys_lib_libui:umodsys.mod.ui.SDL_GL.obj
 0001:00004055       ?alloc_coloralphas@RRenderDriver3D@SDL_GL@ui@modules@UModSys@@UAEXPBU?$TVector4@M@math3d@5@H@Z 10005055 f   umodsys_lib_libui:umodsys.mod.ui.SDL_GL.obj
 0001:00004055       ?render_rect@RRenderDriver3D@SDL_GL@ui@modules@UModSys@@UAEXABU?$TVector2@H@math3d@5@0@Z 10005055 f   umodsys_lib_libui:umodsys.mod.ui.SDL_GL.obj
 0001:00004055       ?render_box@RRenderDriver3D@SDL_GL@ui@modules@UModSys@@UAEXABU?$TVector2@H@math3d@5@0@Z 10005055 f   umodsys_lib_libui:umodsys.mod.ui.SDL_GL.obj
 0001:00004055       ?render_line@RRenderDriver3D@SDL_GL@ui@modules@UModSys@@UAEXABU?$TVector2@H@math3d@5@0@Z 10005055 f   umodsys_lib_libui:umodsys.mod.ui.SDL_GL.obj
 0001:00004055       ?alloc_normals@RRenderDriver3D@SDL_GL@ui@modules@UModSys@@UAEXPBU?$TVector3@M@math3d@5@H@Z 10005055 f   umodsys_lib_libui:umodsys.mod.ui.SDL_GL.obj
 0001:00004058       ?setup_addlight@RRenderDriver3D@SDL_GL@ui@modules@UModSys@@UAEHW4eLightType@lib3d@5@ABUSLight@75@ABU?$TMatrix44@N@math3d@5@@Z 10005058 f   umodsys_lib_libui:umodsys.mod.ui.SDL_GL.obj
 0001:0000405e       ?get_cell@RMultiImage2D_SDL_ttf@SDL_core@ui@modules@UModSys@@UBE_NIAAU?$TVector2@H@math3d@5@PAU675@PAG@Z 1000505e f   umodsys_lib_libui:umodsys.mod.ui.SDL_core.obj
 0001:0000405e       ?setup_setlight@RRenderDriver3D@SDL_GL@ui@modules@UModSys@@UAE_NHW4eLightType@lib3d@5@ABUSLight@75@ABU?$TMatrix44@N@math3d@5@@Z 1000505e f   umodsys_lib_libui:umodsys.mod.ui.SDL_GL.obj
 0001:0000405e       ?setup_2d@RRenderDriver3D@SDL_GL@ui@modules@UModSys@@UAE_NPBU?$TVector2@H@math3d@5@0PBU?$TVector2@M@75@1@Z 1000505e f   umodsys_lib_libui:umodsys.mod.ui.SDL_GL.obj
 0001:00004063       ?render_picture@RRenderDriver3D@SDL_GL@ui@modules@UModSys@@UAEXABUSPicture@lib3d@5@@Z 10005063 f   umodsys_lib_libui:umodsys.mod.ui.SDL_GL.obj
 0001:00004063       ?phase_2d@RRenderDriver3D@SDL_GL@ui@modules@UModSys@@UAEX_N@Z 10005063 f   umodsys_lib_libui:umodsys.mod.ui.SDL_GL.obj
 0001:00004063       ?render_particles@RRenderDriver3D@SDL_GL@ui@modules@UModSys@@UAEXPBUSObjectParticle@lib3d@5@@Z 10005063 f   umodsys_lib_libui:umodsys.mod.ui.SDL_GL.obj
 0001:00004063       ?setup_T@RRenderDriver3D@SDL_GL@ui@modules@UModSys@@UAEXABU?$TMatrix44@N@math3d@5@@Z 10005063 f   umodsys_lib_libui:umodsys.mod.ui.SDL_GL.obj
 0001:00004066       ??0RTerminalX@SDL_GL@ui@modules@UModSys@@QAE@PAUIModObject@base@4@ABUSParameters@core@4@@Z 10005066 f   umodsys_lib_libui:umodsys.mod.ui.SDL_GL.obj
 0001:000040a6       ??_GRTerminalX@SDL_GL@ui@modules@UModSys@@UAEPAXI@Z 100050a6 f i umodsys_lib_libui:umodsys.mod.ui.SDL_GL.obj
 0001:000040a6       ??_ERTerminalX@SDL_GL@ui@modules@UModSys@@UAEPAXI@Z 100050a6 f i  CIL library: CIL module
 0001:000040f2       ?open_drv3d@RTerminalX@SDL_GL@ui@modules@UModSys@@UAEPAUIRenderDriver@lib3d@5@PBUSParameters@core@5@@Z 100050f2 f   umodsys_lib_libui:umodsys.mod.ui.SDL_GL.obj
 0001:000040f2       ?open_drv2d@RTerminalX@SDL_GL@ui@modules@UModSys@@UAEPAUIRenderDriver@lib2d@5@PBUSParameters@core@5@@Z 100050f2 f   umodsys_lib_libui:umodsys.mod.ui.SDL_GL.obj
 0001:0000410c       ?close_drvxd@RTerminalX@SDL_GL@ui@modules@UModSys@@UAE_NXZ 1000510c f   umodsys_lib_libui:umodsys.mod.ui.SDL_GL.obj
 0001:00004119       ??0SGLFunc@SDL_GL@ui@modules@UModSys@@QAE@XZ 10005119 f   umodsys_lib_libui:umodsys.mod.ui.SDL_GL.obj
 0001:00008294       ?load@SGLFunc@SDL_GL@ui@modules@UModSys@@QAE_NXZ 10009294 f   umodsys_lib_libui:umodsys.mod.ui.SDL_GL.obj
 0001:000157a3       ?check_ext@SGLFunc@SDL_GL@ui@modules@UModSys@@QAE_NPBD@Z 100167a3 f   umodsys_lib_libui:umodsys.mod.ui.SDL_GL.obj
 0001:000157b6       ?check_base@SGLFunc@SDL_GL@ui@modules@UModSys@@QAE_NPBD@Z 100167b6 f   umodsys_lib_libui:umodsys.mod.ui.SDL_GL.obj
 0001:0001583e       ?do_open@RModuleReg@SDL_GL@ui@modules@UModSys@@UAE_NXZ 1001683e f i umodsys_lib_libui:umodsys.mod.ui.SDL_GL.obj
 0001:0001588c       ?do_close@RModuleReg@SDL_GL@ui@modules@UModSys@@UAE_NXZ 1001688c f i umodsys_lib_libui:umodsys.mod.ui.SDL_GL.obj
 0001:000158c7       ?get_module@RGenerator@SDL_GL@ui@modules@UModSys@@UBEPAUIModule@base@5@XZ 100168c7 f   umodsys_lib_libui:umodsys.mod.ui.SDL_GL.obj
 0001:000158cd       ?mod_inc@RGenerator@SDL_GL@ui@modules@UModSys@@UBE_NXZ 100168cd f   umodsys_lib_libui:umodsys.mod.ui.SDL_GL.obj
 0001:000158d8       ?mod_dec@RGenerator@SDL_GL@ui@modules@UModSys@@UBE_NXZ 100168d8 f   umodsys_lib_libui:umodsys.mod.ui.SDL_GL.obj
 0001:000158e3       ?s_holder@RGenerator@SDL_GL@ui@modules@UModSys@@SAAAU?$TTypeStaticHolder@URGenerator@SDL_GL@ui@modules@UModSys@@@tl@5@XZ 100168e3 f   umodsys_lib_libui:umodsys.mod.ui.SDL_GL.obj
 0001:00015915       ?Remove@?$TScatterArray@U?$TRefObjectCompositeExtra@UIMouseClient@libui@UModSys@@HUIRefObject@core@3@U?$TRefObjectFunc@UIRefObject@core@UModSys@@@tl@3@@tl@UModSys@@HU?$TScalarCompare@H@core@3@U?$TNodeDeleter0@U?$TScatterArrayNode@U?$TRefObjectCompositeExtra@UIMouseClient@libui@UModSys@@HUIRefObject@core@3@U?$TRefObjectFunc@UIRefObject@core@UModSys@@@tl@3@@tl@UModSys@@H@tl@UModSys@@@23@@tl@UModSys@@QAE_NABH@Z 10016915 f i umodsys_lib_libui:umodsys.mod.ui.SDL_GL.obj
 0001:00015915       ?Remove@?$TScatterArray@U?$TRefObjectComposite@UIKeyboardClient@libui@UModSys@@UIRefObject@core@3@U?$TRefObjectFunc@UIRefObject@core@UModSys@@@tl@3@@tl@UModSys@@HU?$TScalarCompare@H@core@3@U?$TNodeDeleter0@U?$TScatterArrayNode@U?$TRefObjectComposite@UIKeyboardClient@libui@UModSys@@UIRefObject@core@3@U?$TRefObjectFunc@UIRefObject@core@UModSys@@@tl@3@@tl@UModSys@@H@tl@UModSys@@@23@@tl@UModSys@@QAE_NABH@Z 10016915 f i umodsys_lib_libui:umodsys.mod.ui.SDL_GL.obj
 0001:00015971       ??F?$TTreeIterRB@$$CBU?$TScatterArrayNode@U?$TRefObjectComposite@UIKeyboardClient@libui@UModSys@@UIRefObject@core@3@U?$TRefObjectFunc@UIRefObject@core@UModSys@@@tl@3@@tl@UModSys@@H@tl@UModSys@@$$CBU?$TPair@HU?$TRefObjectComposite@UIKeyboardClient@libui@UModSys@@UIRefObject@core@3@U?$TRefObjectFunc@UIRefObject@core@UModSys@@@tl@3@@tl@UModSys@@@23@@tl@UModSys@@QAE?AU012@XZ 10016971 f i umodsys_lib_libui:umodsys.mod.ui.SDL_GL.obj
 0001:00015971       ??F?$TTreeIterRB@$$CBU?$TScatterArrayNode@U?$TRefObjectCompositeExtra@UIMouseClient@libui@UModSys@@HUIRefObject@core@3@U?$TRefObjectFunc@UIRefObject@core@UModSys@@@tl@3@@tl@UModSys@@H@tl@UModSys@@$$CBU?$TPair@HU?$TRefObjectCompositeExtra@UIMouseClient@libui@UModSys@@HUIRefObject@core@3@U?$TRefObjectFunc@UIRefObject@core@UModSys@@@tl@3@@tl@UModSys@@@23@@tl@UModSys@@QAE?AU012@XZ 10016971 f i umodsys_lib_libui:umodsys.mod.ui.SDL_GL.obj
[...]
 0001:00025b94       ??__F?s_id@?$TObjectUniqueID@UIImageFactory@lib2d@UModSys@@@tl@UModSys@@2USUniquePointer@core@3@A@@YAXXZ 10026b94 f    CIL library: CIL module
 0001:00025b9e       ??__F?s_id@?$TObjectUniqueID@UIImage@lib2d@UModSys@@@tl@UModSys@@2USUniquePointer@core@3@A@@YAXXZ 10026b9e f    CIL library: CIL module
 0001:00025ba8       ??__F?s_id@?$TObjectUniqueID@UIDialog@libui@UModSys@@@tl@UModSys@@2USUniquePointer@core@3@A@@YAXXZ 10026ba8 f    CIL library: CIL module
 0001:00025bb2       ??__F?s_id@?$TObjectUniqueID@UIFrame@libui@UModSys@@@tl@UModSys@@2USUniquePointer@core@3@A@@YAXXZ 10026bb2 f    CIL library: CIL module
 0001:00025bbc       ??__F?s_id@?$TObjectUniqueID@UIAsyncCollector@libui@UModSys@@@tl@UModSys@@2USUniquePointer@core@3@A@@YAXXZ 10026bbc f    CIL library: CIL module
 0001:00025bc6       ??__F?s_id@?$TObjectUniqueID@UIAsyncController@libui@UModSys@@@tl@UModSys@@2USUniquePointer@core@3@A@@YAXXZ 10026bc6 f    CIL library: CIL module
 0001:00025bd0       ??__F?s_id@?$TObjectUniqueID@UICollector@libui@UModSys@@@tl@UModSys@@2USUniquePointer@core@3@A@@YAXXZ 10026bd0 f    CIL library: CIL module
 0001:00025bda       ??__F?s_id@?$TObjectUniqueID@UIConsoleHelperInput_UIKey@libui@UModSys@@@tl@UModSys@@2USUniquePointer@core@3@A@@YAXXZ 10026bda f    CIL library: CIL module
 0001:00025be4       ??__F?s_id@?$TObjectUniqueID@UITerminal@libui@UModSys@@@tl@UModSys@@2USUniquePointer@core@3@A@@YAXXZ 10026be4 f    CIL library: CIL module
 0001:00025bee       ??__F?s_id@?$TObjectUniqueID@UIJoystickController@libui@UModSys@@@tl@UModSys@@2USUniquePointer@core@3@A@@YAXXZ 10026bee f    CIL library: CIL module
 0001:00025bf8       ??__F?s_id@?$TObjectUniqueID@UIMouseController@libui@UModSys@@@tl@UModSys@@2USUniquePointer@core@3@A@@YAXXZ 10026bf8 f    CIL library: CIL module
 0001:00025c02       ??__F?s_id@?$TObjectUniqueID@UIKeyboardController@libui@UModSys@@@tl@UModSys@@2USUniquePointer@core@3@A@@YAXXZ 10026c02 f    CIL library: CIL module
 0001:00025c0c       ??__F?s_id@?$TObjectUniqueID@UIConsoleHelperOutputFCS@base@UModSys@@@tl@UModSys@@2USUniquePointer@core@3@A@@YAXXZ 10026c0c f    CIL library: CIL module
 0001:00025c16       ??__F?s_id@?$TObjectUniqueID@UIConsoleHelperOutput@base@UModSys@@@tl@UModSys@@2USUniquePointer@core@3@A@@YAXXZ 10026c16 f    CIL library: CIL module
 0001:00025c20       ??__F?s_id@?$TObjectUniqueID@UIConsoleHelperInput@base@UModSys@@@tl@UModSys@@2USUniquePointer@core@3@A@@YAXXZ 10026c20 f    CIL library: CIL module
 0001:00025c2a       ??__F?s_id@?$TObjectUniqueID@UIConsoleHelperHistory@base@UModSys@@@tl@UModSys@@2USUniquePointer@core@3@A@@YAXXZ 10026c2a f    CIL library: CIL module
 0001:00025c34       ??__F?s_id@?$TObjectUniqueID@UIConsoleHelper@base@UModSys@@@tl@UModSys@@2USUniquePointer@core@3@A@@YAXXZ 10026c34 f    CIL library: CIL module
 0001:00025c3e       ??__F?s_id@?$TObjectUniqueID@UIConsoleExt@base@UModSys@@@tl@UModSys@@2USUniquePointer@core@3@A@@YAXXZ 10026c3e f    CIL library: CIL module
 0001:00025c48       ??__F?s_id@?$TObjectUniqueID@UISerializeWriter@libmedia@UModSys@@@tl@UModSys@@2USUniquePointer@core@3@A@@YAXXZ 10026c48 f    CIL library: CIL module
 0001:00025c52       ??__F?s_id@?$TObjectUniqueID@UISerializeReader@libmedia@UModSys@@@tl@UModSys@@2USUniquePointer@core@3@A@@YAXXZ 10026c52 f    CIL library: CIL module
 0001:00025c5c       ??__F?s_id@?$TObjectUniqueID@UIClient@IBinArchiveFrame@libmedia@UModSys@@@tl@UModSys@@2USUniquePointer@core@3@A@@YAXXZ 10026c5c f    CIL library: CIL module
 0001:00025c66       ??__F?s_id@?$TObjectUniqueID@UIBinArchiveFrame@libmedia@UModSys@@@tl@UModSys@@2USUniquePointer@core@3@A@@YAXXZ 10026c66 f    CIL library: CIL module
 0001:00025c70       ??__F?s_id@?$TObjectUniqueID@UILibraryLayered@libmedia@UModSys@@@tl@UModSys@@2USUniquePointer@core@3@A@@YAXXZ 10026c70 f    CIL library: CIL module
 0001:00025c7a       ??__F?s_id@?$TObjectUniqueID@UILibraryObjCache@libmedia@UModSys@@@tl@UModSys@@2USUniquePointer@core@3@A@@YAXXZ 10026c7a f    CIL library: CIL module
 0001:00025c84       ??__F?s_id@?$TObjectUniqueID@UILibraryObjFilter@libmedia@UModSys@@@tl@UModSys@@2USUniquePointer@core@3@A@@YAXXZ 10026c84 f    CIL library: CIL module
 0001:00025c8e       ??__F?s_id@?$TObjectUniqueID@UILibraryBinCache@libmedia@UModSys@@@tl@UModSys@@2USUniquePointer@core@3@A@@YAXXZ 10026c8e f    CIL library: CIL module
 0001:00025c98       ??__F?s_id@?$TObjectUniqueID@UILibraryBinTree@libmedia@UModSys@@@tl@UModSys@@2USUniquePointer@core@3@A@@YAXXZ 10026c98 f    CIL library: CIL module
 0001:00025ca2       ??__F?s_id@?$TObjectUniqueID@UILibrary@libmedia@UModSys@@@tl@UModSys@@2USUniquePointer@core@3@A@@YAXXZ 10026ca2 f    CIL library: CIL module
 0001:00025cac       ??__F?s_id@?$TObjectUniqueID@UIBinObjFilter@libmedia@UModSys@@@tl@UModSys@@2USUniquePointer@core@3@A@@YAXXZ 10026cac f    CIL library: CIL module
 0001:00025cb6       ??__F?s_id@?$TObjectUniqueID@UIBinArchive@libmedia@UModSys@@@tl@UModSys@@2USUniquePointer@core@3@A@@YAXXZ 10026cb6 f    CIL library: CIL module
 0001:00025cc0       ??__F?s_id@?$TObjectUniqueID@UILibObject@libmedia@UModSys@@@tl@UModSys@@2USUniquePointer@core@3@A@@YAXXZ 10026cc0 f    CIL library: CIL module
 0001:00025cca       ??__F?s_id@?$TObjectUniqueID@UIUtilities@libmedia@UModSys@@@tl@UModSys@@2USUniquePointer@core@3@A@@YAXXZ 10026cca f    CIL library: CIL module
 0001:00025cd4       ??__F?s_id@?$TObjectUniqueID@UIStreamWriter@libmedia@UModSys@@@tl@UModSys@@2USUniquePointer@core@3@A@@YAXXZ 10026cd4 f    CIL library: CIL module
 0001:00025cde       ??__F?s_id@?$TObjectUniqueID@UIStreamReader@libmedia@UModSys@@@tl@UModSys@@2USUniquePointer@core@3@A@@YAXXZ 10026cde f    CIL library: CIL module
 0001:00025ce8       ??__F?s_id@?$TObjectUniqueID@UISystem@base@UModSys@@@tl@UModSys@@2USUniquePointer@core@3@A@@YAXXZ 10026ce8 f    CIL library: CIL module
 0001:00025cf2       ??__F?s_id@?$TObjectUniqueID@UIShell@base@UModSys@@@tl@UModSys@@2USUniquePointer@core@3@A@@YAXXZ 10026cf2 f    CIL library: CIL module
 0001:00025cfc       ??__F?s_id@?$TObjectUniqueID@UIGenerator@base@UModSys@@@tl@UModSys@@2USUniquePointer@core@3@A@@YAXXZ 10026cfc f    CIL library: CIL module
 0001:00025d06       ??__F?s_id@?$TObjectUniqueID@UIModObject@base@UModSys@@@tl@UModSys@@2USUniquePointer@core@3@A@@YAXXZ 10026d06 f    CIL library: CIL module
 0001:00025d10       ??__F?s_id@?$TObjectUniqueID@UIModuleLibrary@base@UModSys@@@tl@UModSys@@2USUniquePointer@core@3@A@@YAXXZ 10026d10 f    CIL library: CIL module
 0001:00025d1a       ??__F?s_id@?$TObjectUniqueID@UIModule@base@UModSys@@@tl@UModSys@@2USUniquePointer@core@3@A@@YAXXZ 10026d1a f    CIL library: CIL module
 0001:00025d24       ??__F?s_id@?$TObjectUniqueID@UIConsole@base@UModSys@@@tl@UModSys@@2USUniquePointer@core@3@A@@YAXXZ 10026d24 f    CIL library: CIL module
 0001:00025d2e       ??__F?s_id@?$TObjectUniqueID@UIParameters@core@UModSys@@@tl@UModSys@@2USUniquePointer@core@3@A@@YAXXZ 10026d2e f    CIL library: CIL module
 0001:00025d38       ??__F?s_id@?$TObjectUniqueID@UIRefObject@core@UModSys@@@tl@UModSys@@2USUniquePointer@core@3@A@@YAXXZ 10026d38 f    CIL library: CIL module
 0001:00025d42       ??__F?s_id@?$TObjectUniqueID@UIRoot@core@UModSys@@@tl@UModSys@@2USUniquePointer@core@3@A@@YAXXZ 10026d42 f    CIL library: CIL module
 0001:00025d4c       ??__Fs_dbg@stdlib@lib2d@modules@UModSys@@YAXXZ 10026d4c f    CIL library: CIL module
 0001:00025d63       ??__F?s_modreg@RModuleReg@stdlib@lib2d@modules@UModSys@@2U12345@A@@YAXXZ 10026d63 f    CIL library: CIL module
 0001:00025d6e       ??__F?s_modreg_chain@RModuleReg@stdlib@lib2d@modules@UModSys@@2USModuleRegChain@base@5@A@@YAXXZ 10026d6e f    CIL library: CIL module
 0001:00025d78       ??__F?s_uid@RGenerator@stdlib@lib2d@modules@UModSys@@2USUniquePointer@core@5@A@@YAXXZ 10026d78 f    CIL library: CIL module
 0001:00025d82       ??__Fh@?1??s_holder@RGenerator@stdlib@lib2d@modules@UModSys@@SAAAU?$TTypeStaticHolder@URGenerator@stdlib@lib2d@modules@UModSys@@@tl@5@XZ@YAXXZ 10026d82 f    CIL library: CIL module
 0001:00025d9f       ??__F?s_id@?$TObjectUniqueID@URGenerator@stdlib@lib2d@modules@UModSys@@@tl@UModSys@@2USUniquePointer@core@3@A@@YAXXZ 10026d9f f    CIL library: CIL module
 0001:00025da9       ??__F?s_id@?$TObjectUniqueID@URMultiImage@stdlib@lib2d@modules@UModSys@@@tl@UModSys@@2USUniquePointer@core@3@A@@YAXXZ 10026da9 f    CIL library: CIL module
 0001:00025db3       ??__F?s_id@?$TObjectUniqueID@URImageFactory_Memory@stdlib@lib2d@modules@UModSys@@@tl@UModSys@@2USUniquePointer@core@3@A@@YAXXZ 10026db3 f    CIL library: CIL module
 0001:00025dbd       ??__F?s_id@?$TObjectUniqueID@URImage_Memory@stdlib@lib2d@modules@UModSys@@@tl@UModSys@@2USUniquePointer@core@3@A@@YAXXZ 10026dbd f    CIL library: CIL module
 0001:00025dc7       ??__Fs_dbg@SDL_GL@ui@modules@UModSys@@YAXXZ 10026dc7 f    CIL library: CIL module
 0001:00025dde       ??__F?s_modreg@RModuleReg@SDL_GL@ui@modules@UModSys@@2U12345@A@@YAXXZ 10026dde f    CIL library: CIL module
 0001:00025de9       ??__F?s_modreg_chain@RModuleReg@SDL_GL@ui@modules@UModSys@@2USModuleRegChain@base@5@A@@YAXXZ 10026de9 f    CIL library: CIL module
 0001:00025df3       ??__F?s_uid@RGenerator@SDL_GL@ui@modules@UModSys@@2USUniquePointer@core@5@A@@YAXXZ 10026df3 f    CIL library: CIL module
 0001:00025dfd       ??__Fh@?1??s_holder@RGenerator@SDL_GL@ui@modules@UModSys@@SAAAU?$TTypeStaticHolder@URGenerator@SDL_GL@ui@modules@UModSys@@@tl@5@XZ@YAXXZ 10026dfd f    CIL library: CIL module
 0001:00025e1a       ??__F?s_id@?$TObjectUniqueID@URGenerator@SDL_GL@ui@modules@UModSys@@@tl@UModSys@@2USUniquePointer@core@3@A@@YAXXZ 10026e1a f    CIL library: CIL module
 0001:00025e24       ??__F?s_id@?$TObjectUniqueID@URTerminalX@SDL_GL@ui@modules@UModSys@@@tl@UModSys@@2USUniquePointer@core@3@A@@YAXXZ 10026e24 f    CIL library: CIL module
 0001:00025e2e       ??__F?s_id@?$TObjectUniqueID@URRenderDriver3D@SDL_GL@ui@modules@UModSys@@@tl@UModSys@@2USUniquePointer@core@3@A@@YAXXZ 10026e2e f    CIL library: CIL module
 0001:00025e38       ??__F?s_id@?$TObjectUniqueID@URTerminal@SDL_GL@ui@modules@UModSys@@@tl@UModSys@@2USUniquePointer@core@3@A@@YAXXZ 10026e38 f    CIL library: CIL module
 0001:00025e42       ??__F?s_id@?$TObjectUniqueID@URMouseController@SDL_GL@ui@modules@UModSys@@@tl@UModSys@@2USUniquePointer@core@3@A@@YAXXZ 10026e42 f    CIL library: CIL module
 0001:00025e4c       ??__F?s_id@?$TObjectUniqueID@URKeyboardController@SDL_GL@ui@modules@UModSys@@@tl@UModSys@@2USUniquePointer@core@3@A@@YAXXZ 10026e4c f    CIL library: CIL module
 0001:00025e56       ??__F?s_id@?$TObjectUniqueID@UIRenderDriver@lib3d@UModSys@@@tl@UModSys@@2USUniquePointer@core@3@A@@YAXXZ 10026e56 f    CIL library: CIL module
 0001:00025e60       ??__F?s_id@?$TObjectUniqueID@UITextureCells@lib3d@UModSys@@@tl@UModSys@@2USUniquePointer@core@3@A@@YAXXZ 10026e60 f    CIL library: CIL module
 0001:00025e6a       ??__F?s_id@?$TObjectUniqueID@UITexture@lib3d@UModSys@@@tl@UModSys@@2USUniquePointer@core@3@A@@YAXXZ 10026e6a f    CIL library: CIL module
 0001:00025e74       ??__F?s_id@?$TObjectUniqueID@UIRenderer@lib3d@UModSys@@@tl@UModSys@@2USUniquePointer@core@3@A@@YAXXZ 10026e74 f    CIL library: CIL module
 0001:00025e7e       ??__F?s_id@?$TObjectUniqueID@UISharedLibrary@lib3d@UModSys@@@tl@UModSys@@2USUniquePointer@core@3@A@@YAXXZ 10026e7e f    CIL library: CIL module
 0001:00025e88       ??__Fs_dbg@SDL_core@ui@modules@UModSys@@YAXXZ 10026e88 f    CIL library: CIL module
 0001:00025e9f       ??__F?s_modreg@RModuleReg@SDL_core@ui@modules@UModSys@@2U12345@A@@YAXXZ 10026e9f f    CIL library: CIL module
 0001:00025eaa       ??__F?s_modreg_chain@RModuleReg@SDL_core@ui@modules@UModSys@@2USModuleRegChain@base@5@A@@YAXXZ 10026eaa f    CIL library: CIL module
 0001:00025eb4       ??__F?s_uid@RGenerator@SDL_core@ui@modules@UModSys@@2USUniquePointer@core@5@A@@YAXXZ 10026eb4 f    CIL library: CIL module
 0001:00025ebe       ??__Fh@?1??s_holder@RGenerator@SDL_core@ui@modules@UModSys@@SAAAU?$TTypeStaticHolder@URGenerator@SDL_core@ui@modules@UModSys@@@tl@5@XZ@YAXXZ 10026ebe f    CIL library: CIL module
 0001:00025edb       ??__F?s_id@?$TObjectUniqueID@URGenerator@SDL_core@ui@modules@UModSys@@@tl@UModSys@@2USUniquePointer@core@3@A@@YAXXZ 10026edb f    CIL library: CIL module
 0001:00025ee5       ??__F?s_id@?$TObjectUniqueID@URTerminalX@SDL_core@ui@modules@UModSys@@@tl@UModSys@@2USUniquePointer@core@3@A@@YAXXZ 10026ee5 f    CIL library: CIL module
 0001:00025eef       ??__F?s_id@?$TObjectUniqueID@URRenderDriver2D@SDL_core@ui@modules@UModSys@@@tl@UModSys@@2USUniquePointer@core@3@A@@YAXXZ 10026eef f    CIL library: CIL module
 0001:00025ef9       ??__F?s_id@?$TObjectUniqueID@URMultiImage2D_SDL_ttf@SDL_core@ui@modules@UModSys@@@tl@UModSys@@2USUniquePointer@core@3@A@@YAXXZ 10026ef9 f    CIL library: CIL module
 0001:00025f03       ??__F?s_id@?$TObjectUniqueID@URTerminal@SDL_core@ui@modules@UModSys@@@tl@UModSys@@2USUniquePointer@core@3@A@@YAXXZ 10026f03 f    CIL library: CIL module
 0001:00025f0d       ??__F?s_id@?$TObjectUniqueID@URMouseController@SDL_core@ui@modules@UModSys@@@tl@UModSys@@2USUniquePointer@core@3@A@@YAXXZ 10026f0d f    CIL library: CIL module
 0001:00025f17       ??__F?s_id@?$TObjectUniqueID@URKeyboardController@SDL_core@ui@modules@UModSys@@@tl@UModSys@@2USUniquePointer@core@3@A@@YAXXZ 10026f17 f    CIL library: CIL module
 0001:00025f21       ??__Fs_dbg@frames@ui@modules@UModSys@@YAXXZ 10026f21 f    CIL library: CIL module
 0001:00025f38       ??__F?s_modreg@RModuleReg@frames@ui@modules@UModSys@@2U12345@A@@YAXXZ 10026f38 f    CIL library: CIL module
 0001:00025f43       ??__F?s_modreg_chain@RModuleReg@frames@ui@modules@UModSys@@2USModuleRegChain@base@5@A@@YAXXZ 10026f43 f    CIL library: CIL module
 0001:00025f4d       ??__F?s_uid@RGenerator@frames@ui@modules@UModSys@@2USUniquePointer@core@5@A@@YAXXZ 10026f4d f    CIL library: CIL module
 0001:00025f57       ??__Fh@?1??s_holder@RGenerator@frames@ui@modules@UModSys@@SAAAU?$TTypeStaticHolder@URGenerator@frames@ui@modules@UModSys@@@tl@5@XZ@YAXXZ 10026f57 f    CIL library: CIL module
 0001:00025f74       ??__F?s_id@?$TObjectUniqueID@URGenerator@frames@ui@modules@UModSys@@@tl@UModSys@@2USUniquePointer@core@3@A@@YAXXZ 10026f74 f    CIL library: CIL module
 0001:00025f7e       ??__F?s_id@?$TObjectUniqueID@URCollector@frames@ui@modules@UModSys@@@tl@UModSys@@2USUniquePointer@core@3@A@@YAXXZ 10026f7e f    CIL library: CIL module
 0001:00025f88       ??__F?s_id@?$TObjectUniqueID@URFrame_List@frames@ui@modules@UModSys@@@tl@UModSys@@2USUniquePointer@core@3@A@@YAXXZ 10026f88 f    CIL library: CIL module
 0001:00025f92       ??__F?s_id@?$TObjectUniqueID@URFrame_Edit@frames@ui@modules@UModSys@@@tl@UModSys@@2USUniquePointer@core@3@A@@YAXXZ 10026f92 f    CIL library: CIL module
 0001:00025f9c       ??__F?s_id@?$TObjectUniqueID@URFrame_Button@frames@ui@modules@UModSys@@@tl@UModSys@@2USUniquePointer@core@3@A@@YAXXZ 10026f9c f    CIL library: CIL module
 0001:00025fa6       ??__F?s_id@?$TObjectUniqueID@URFrame_Text@frames@ui@modules@UModSys@@@tl@UModSys@@2USUniquePointer@core@3@A@@YAXXZ 10026fa6 f    CIL library: CIL module
 0001:00025fb0       ??__F?s_id@?$TObjectUniqueID@URFrame_Image@frames@ui@modules@UModSys@@@tl@UModSys@@2USUniquePointer@core@3@A@@YAXXZ 10026fb0 f    CIL library: CIL module
 0001:00025fba       ??__F?s_id@?$TObjectUniqueID@URFrame_Frame@frames@ui@modules@UModSys@@@tl@UModSys@@2USUniquePointer@core@3@A@@YAXXZ 10026fba f    CIL library: CIL module
 0001:00025fc4       ??__F?s_id@?$TObjectUniqueID@URDialog@frames@ui@modules@UModSys@@@tl@UModSys@@2USUniquePointer@core@3@A@@YAXXZ 10026fc4 f    CIL library: CIL module
 0001:00025fce       ??__F?s_id@?$TObjectUniqueID@URFrame_Common@frames@ui@modules@UModSys@@@tl@UModSys@@2USUniquePointer@core@3@A@@YAXXZ 10026fce f    CIL library: CIL module
 0001:00025fd8       ??__Fs_dbg@images_std@media@modules@UModSys@@YAXXZ 10026fd8 f    CIL library: CIL module
 0001:00025fef       ??__F?s_modreg@RModuleReg@images_std@media@modules@UModSys@@2U12345@A@@YAXXZ 10026fef f    CIL library: CIL module
 0001:00025ffa       ??__F?s_modreg_chain@RModuleReg@images_std@media@modules@UModSys@@2USModuleRegChain@base@5@A@@YAXXZ 10026ffa f    CIL library: CIL module
 0001:00026004       ??__F?s_uid@RGenerator@images_std@media@modules@UModSys@@2USUniquePointer@core@5@A@@YAXXZ 10027004 f    CIL library: CIL module
 0001:0002600e       ??__Fh@?1??s_holder@RGenerator@images_std@media@modules@UModSys@@SAAAU?$TTypeStaticHolder@URGenerator@images_std@media@modules@UModSys@@@tl@5@XZ@YAXXZ 1002700e f    CIL library: CIL module
 0001:0002602b       ??__F?s_id@?$TObjectUniqueID@URGenerator@images_std@media@modules@UModSys@@@tl@UModSys@@2USUniquePointer@core@3@A@@YAXXZ 1002702b f    CIL library: CIL module
 0001:00026035       ??__F?s_id@?$TObjectUniqueID@URMediaFilter@images_std@media@modules@UModSys@@@tl@UModSys@@2USUniquePointer@core@3@A@@YAXXZ 10027035 f    CIL library: CIL module
 0001:0002603f       ??__Fs_dbg@serialize_json@media@modules@UModSys@@YAXXZ 1002703f f    CIL library: CIL module
 0001:00026056       ??__F?s_modreg@RModuleReg@serialize_json@media@modules@UModSys@@2U12345@A@@YAXXZ 10027056 f    CIL library: CIL module
 0001:00026061       ??__F?s_modreg_chain@RModuleReg@serialize_json@media@modules@UModSys@@2USModuleRegChain@base@5@A@@YAXXZ 10027061 f    CIL library: CIL module
 0001:0002606b       ??__F?s_uid@RGenerator@serialize_json@media@modules@UModSys@@2USUniquePointer@core@5@A@@YAXXZ 1002706b f    CIL library: CIL module
 0001:00026075       ??__Fh@?1??s_holder@RGenerator@serialize_json@media@modules@UModSys@@SAAAU?$TTypeStaticHolder@URGenerator@serialize_json@media@modules@UModSys@@@tl@5@XZ@YAXXZ 10027075 f    CIL library: CIL module
 0001:00026092       ??__F?s_id@?$TObjectUniqueID@URGenerator@serialize_json@media@modules@UModSys@@@tl@UModSys@@2USUniquePointer@core@3@A@@YAXXZ 10027092 f    CIL library: CIL module
 0001:0002609c       ??__F?s_id@?$TObjectUniqueID@URSerializeWriter@serialize_json@media@modules@UModSys@@@tl@UModSys@@2USUniquePointer@core@3@A@@YAXXZ 1002709c f    CIL library: CIL module
 0001:000260a6       ??__F?s_id@?$TObjectUniqueID@URSerializeReader@serialize_json@media@modules@UModSys@@@tl@UModSys@@2USUniquePointer@core@3@A@@YAXXZ 100270a6 f    CIL library: CIL module
 0001:000260b0       ??__Fs_dbg@zlib@media@modules@UModSys@@YAXXZ 100270b0 f    CIL library: CIL module
 0001:000260c7       ??__F?s_modreg@RModuleReg@zlib@media@modules@UModSys@@2U12345@A@@YAXXZ 100270c7 f    CIL library: CIL module
 0001:000260d2       ??__F?s_modreg_chain@RModuleReg@zlib@media@modules@UModSys@@2USModuleRegChain@base@5@A@@YAXXZ 100270d2 f    CIL library: CIL module
 0001:000260dc       ??__F?s_uid@RGenerator@zlib@media@modules@UModSys@@2USUniquePointer@core@5@A@@YAXXZ 100270dc f    CIL library: CIL module
 0001:000260e6       ??__Fh@?1??s_holder@RGenerator@zlib@media@modules@UModSys@@SAAAU?$TTypeStaticHolder@URGenerator@zlib@media@modules@UModSys@@@tl@5@XZ@YAXXZ 100270e6 f    CIL library: CIL module
 0001:00026103       ??__F?s_id@?$TObjectUniqueID@URGenerator@zlib@media@modules@UModSys@@@tl@UModSys@@2USUniquePointer@core@3@A@@YAXXZ 10027103 f    CIL library: CIL module
 0001:0002610d       ??__F?s_id@?$TObjectUniqueID@URBinArchiveFrameClient_ZIP@zlib@media@modules@UModSys@@@tl@UModSys@@2USUniquePointer@core@3@A@@YAXXZ 1002710d f    CIL library: CIL module
 0001:00026117       ??__FM@UModSys@@YAXXZ      10027117 f    CIL library: CIL module
 0001:00026118       ??__F?root@SModuleRegChain@base@UModSys@@2U123@A@@YAXXZ 10027118 f    CIL library: CIL module
 0001:00026122       ??__F?s_library@RModuleLibraryReg_Chain@base@UModSys@@2U123@A@@YAXXZ 10027122 f    CIL library: CIL module
 0001:0002612d       ??__F?root@SUniquePointer@core@UModSys@@2U123@A@@YAXXZ 1002712d f    CIL library: CIL module

 Exports

  ordinal    name

        1    _UModSys_Plugin_Entry2@0
