 plugin_test1

 Timestamp is 5273ce34 (Fri Nov 01 18:52:20 2013)

 Preferred load address is 10000000

 Start         Length     Name                   Class
 0001:00000000 00002a07H .text                   CODE
 0001:00002a07 000000f8H .text$x                 CODE
 0001:00002aff 0000070eH .text$yc                CODE
 0001:0000320d 00000278H .text$yd                CODE
 0002:00000000 00000130H .idata$5                DATA
 0002:00000130 00000004H .CRT$XCA                DATA
 0002:00000134 0000034cH .CRT$XCU                DATA
 0002:00000480 00000004H .CRT$XCZ                DATA
 0002:00000484 00000004H .CRT$XIA                DATA
 0002:00000488 00000004H .CRT$XIAA               DATA
 0002:0000048c 00000004H .CRT$XIC                DATA
 0002:00000490 00000004H .CRT$XIZ                DATA
 0002:00000498 00000f20H .rdata                  DATA
 0002:000013b8 00000df8H .rdata$r                DATA
 0002:000021b0 00000030H .rdata$sxdata           DATA
 0002:000021e0 00000004H .rtc$IAA                DATA
 0002:000021e4 00000004H .rtc$IZZ                DATA
 0002:000021e8 00000004H .rtc$TAA                DATA
 0002:000021ec 00000004H .rtc$TZZ                DATA
 0002:000021f0 000002c4H .xdata$x                DATA
 0002:000024b4 00000064H .idata$2                DATA
 0002:00002518 00000014H .idata$3                DATA
 0002:0000252c 00000130H .idata$4                DATA
 0002:0000265c 00000590H .idata$6                DATA
 0002:00002bf0 0000005cH .edata                  DATA
 0003:00000000 00000ed0H .data                   DATA
 0003:00000ed0 000008c4H .bss                    DATA

  Address         Publics by Value              Rva+Base       Lib:Object

 0000:00000000       __except_list              00000000     <absolute>
 0000:0000000c       ___safe_se_handler_count   0000000c     <absolute>
 0000:00009876       __ldused                   00009876     <absolute>
 0000:00009876       __fltused                  00009876     <absolute>
 0000:00000000       ___ImageBase               10000000     <linker-defined>
 0001:00000000       ?new_data@SMemorySharedData@core@UModSys@@SAPAU123@IPBUSSourceContext@23@@Z 10001000 f i plugin_test1.obj
 0001:00000024       ??1SMemShared@core@UModSys@@QAE@XZ 10001024 f i plugin_test1.obj
 0001:00000030       ??6SUniquePtrList@core@UModSys@@QAEAAU012@PBUSUniquePointerInfo@12@@Z 10001030 f i plugin_test1.obj
 0001:00000061       ??3IRoot@core@UModSys@@SAXPAXABUSIMemAlloc@12@@Z 10001061 f i plugin_test1.obj
 0001:0000007a       ?_root_get_other_interface@IRefObject@core@UModSys@@IAEPAUIRoot@23@PBUSUniquePointerInfo@23@@Z 1000107a f i plugin_test1.obj
 0001:0000007a       ?_root_get_other_interface@IRefObject@core@UModSys@@IBEPBUIRoot@23@PBUSUniquePointerInfo@23@@Z 1000107a f i plugin_test1.obj
 0001:0000009b       ?_root_get_interface_types@IRefObject@core@UModSys@@SAIAAUSUniquePtrList@23@@Z 1000109b f i plugin_test1.obj
 0001:000000bb       ?_root_is_interface_supported@IRefObject@core@UModSys@@SA_NPBUSUniquePointerInfo@23@@Z 100010bb f i plugin_test1.obj
 0001:000000d2       ??1?$TParametersA@$0EAA@@core@UModSys@@QAE@XZ 100010d2 f i plugin_test1.obj
 0001:000000d2       ??1SParameters@core@UModSys@@QAE@XZ 100010d2 f i plugin_test1.obj
 0001:000000df       ?_root_get_other_interface@IGenerator@base@UModSys@@IBEPBUIRoot@core@3@PBUSUniquePointerInfo@53@@Z 100010df f i plugin_test1.obj
 0001:000000df       ?_root_get_other_interface@IGenerator@base@UModSys@@IAEPAUIRoot@core@3@PBUSUniquePointerInfo@53@@Z 100010df f i plugin_test1.obj
 0001:000000fb       ?_root_is_interface_supported@IGenerator@base@UModSys@@SA_NPBUSUniquePointerInfo@core@3@@Z 100010fb f i plugin_test1.obj
 0001:0000011b       ??1IBinObjFilter@libmedia@UModSys@@UAE@XZ 1000111b f i plugin_test1.obj
 0001:0000011b       ??1IShell@base@UModSys@@UAE@XZ 1000111b f i plugin_test1.obj
 0001:0000011b       ??1ITerminal@libui@UModSys@@UAE@XZ 1000111b f i umodsys_lib_libui:umodsys.mod.ui.SDL_core.obj
 0001:00000122       ?root_get_interface_info@RTest1_Shell@test1@test@modules@UModSys@@UBEABUSUniquePointerInfo@core@5@XZ 10001122 f i plugin_test1.obj
 0001:00000128       ?root_get_interface_type@RTest1_Shell@test1@test@modules@UModSys@@UBEPBUSUniquePointerInfo@core@5@XZ 10001128 f i plugin_test1.obj
 0001:0000012e       ?root_get_other_interface@RTest1_Shell@test1@test@modules@UModSys@@UAEPAUIRoot@core@5@PBUSUniquePointerInfo@75@@Z 1000112e f i plugin_test1.obj
 0001:0000012e       ?root_get_other_interface@RTest1_Shell@test1@test@modules@UModSys@@UBEPBUIRoot@core@5@PBUSUniquePointerInfo@75@@Z 1000112e f i plugin_test1.obj
 0001:0000014f       ?root_is_interface_supported@RTest1_Shell@test1@test@modules@UModSys@@UBE_NPBUSUniquePointerInfo@core@5@@Z 1000114f f i plugin_test1.obj
 0001:00000176       ?suicide@RTerminal_SDL_core@SDL_core@ui@modules@UModSys@@UAEXXZ 10001176 f i umodsys_lib_libui:umodsys.mod.ui.SDL_core.obj
 0001:00000176       ?suicide@RTest1_Shell@test1@test@modules@UModSys@@UAEXXZ 10001176 f i plugin_test1.obj
 0001:000001bd       ??0RTest1_Shell@test1@test@modules@UModSys@@QAE@PAUIModObject@base@4@@Z 100011bd f i plugin_test1.obj
 0001:00000284       ?connect@RTest1_Shell@test1@test@modules@UModSys@@UAE_NXZ 10001284 f i plugin_test1.obj
 0001:0000029c       ?disconnect@RTest1_Shell@test1@test@modules@UModSys@@UAE_NXZ 1000129c f i plugin_test1.obj
 0001:000002b4       ?process_tick@RTest1_Shell@test1@test@modules@UModSys@@UAE_NABUSTimeMsec@core@5@@Z 100012b4 f i plugin_test1.obj
 0001:000002df       ?process_command@RTest1_Shell@test1@test@modules@UModSys@@UAE_NHQBU?$TString@U?$TSCoreConst@D@su@tl@UModSys@@U?$TComparerBinaryHash@D@234@@tl@5@@Z 100012df f i plugin_test1.obj
 0001:000002fd       ??_ERTest1_Shell@test1@test@modules@UModSys@@UAEPAXI@Z 100012fd f i  CIL library: CIL module
 0001:000002fd       ??_GRTest1_Shell@test1@test@modules@UModSys@@UAEPAXI@Z 100012fd f i plugin_test1.obj
 0001:0000037a       ?ui_newterm@RTest1_Shell@test1@test@modules@UModSys@@QAE?AU?$TRefObject@UITerminal@libui@UModSys@@U?$TRefObjectFunc@UITerminal@libui@UModSys@@@tl@3@@tl@5@ABU?$TString@U?$TSCoreConst@D@su@tl@UModSys@@U?$TComparerBinaryHash@D@234@@75@ABUSParameters@core@5@@Z 1000137a f   plugin_test1.obj
 0001:00000458       ?ui_test1@RTest1_Shell@test1@test@modules@UModSys@@QAEXXZ 10001458 f   plugin_test1.obj
 0001:0000053c       ?get_generated_names@RGenerator@test1@test@modules@UModSys@@UBEHAAUSUniquePtrList@core@5@@Z 1000153c f i plugin_test1.obj
 0001:00000555       ?get_generated_types@RGenerator@test1@test@modules@UModSys@@UBEHAAUSUniquePtrList@core@5@PBUSUniquePointerInfo@75@@Z 10001555 f i plugin_test1.obj
 0001:00000589       ?generate@RGenerator@test1@test@modules@UModSys@@UAE_NAAU?$TRefObject@UIRefObject@core@UModSys@@U?$TRefObjectFunc@UIRefObject@core@UModSys@@@tl@3@@tl@5@PBUSUniquePointerInfo@core@5@ABUSParameters@95@@Z 10001589 f i plugin_test1.obj
 0001:0000060b       ?root_get_interface_info@RGenerator@test1@test@modules@UModSys@@UBEABUSUniquePointerInfo@core@5@XZ 1000160b f i plugin_test1.obj
 0001:00000611       ?root_get_interface_type@RGenerator@test1@test@modules@UModSys@@UBEPBUSUniquePointerInfo@core@5@XZ 10001611 f i plugin_test1.obj
 0001:00000617       ?root_get_other_interface@RGenerator@test1@test@modules@UModSys@@UBEPBUIRoot@core@5@PBUSUniquePointerInfo@75@@Z 10001617 f i plugin_test1.obj
 0001:00000617       ?root_get_other_interface@RGenerator@test1@test@modules@UModSys@@UAEPAUIRoot@core@5@PBUSUniquePointerInfo@75@@Z 10001617 f i plugin_test1.obj
 0001:00000630       ?root_is_interface_supported@RGenerator@test1@test@modules@UModSys@@UBE_NPBUSUniquePointerInfo@core@5@@Z 10001630 f i plugin_test1.obj
 0001:0000064f       ?get_uid@RGenerator@test1@test@modules@UModSys@@UBEPBUSUniquePointerInfo@core@5@XZ 1000164f f i plugin_test1.obj
 0001:00000655       ?do_open@RModuleReg@test1@test@modules@UModSys@@UAE_NXZ 10001655 f i plugin_test1.obj
 0001:000006b5       ?do_close@RModuleReg@test1@test@modules@UModSys@@UAE_NXZ 100016b5 f i plugin_test1.obj
 0001:00000704       ?get_module@RGenerator@test1@test@modules@UModSys@@UBEPAUIModule@base@5@XZ 10001704 f   plugin_test1.obj
 0001:0000070a       ?mod_inc@RGenerator@test1@test@modules@UModSys@@UBE_NXZ 1000170a f   plugin_test1.obj
 0001:00000715       ?mod_dec@RGenerator@test1@test@modules@UModSys@@UBE_NXZ 10001715 f   plugin_test1.obj
 0001:00000720       ?s_holder@RGenerator@test1@test@modules@UModSys@@SAAAU?$TTypeStaticHolder@URGenerator@test1@test@modules@UModSys@@@tl@5@XZ 10001720 f   plugin_test1.obj
 0001:00000752       ??0?$TString@U?$TSCoreConst@D@su@tl@UModSys@@U?$TComparerBinaryHash@D@234@@tl@UModSys@@QAE@PBD@Z 10001752 f i plugin_test1.obj
 0001:0000076c       ??4?$TRefObject@UIRefObject@core@UModSys@@U?$TRefObjectFunc@UIRefObject@core@UModSys@@@tl@3@@tl@UModSys@@QAEABU012@PAUIRefObject@core@2@@Z 1000176c f i plugin_test1.obj
 0001:00000787       ??0?$TParametersA@$0EAA@@core@UModSys@@QAE@XZ 10001787 f i plugin_test1.obj
 0001:000007b6       ?set@?$TString@U?$TSCoreConst@D@su@tl@UModSys@@U?$TComparerBinaryHash@D@234@@tl@UModSys@@QAEXPBD@Z 100017b6 f i plugin_test1.obj
 0001:000007df       ?update@?$TComparerBinaryHash@D@su@tl@UModSys@@QAEXPBDI@Z 100017df f i plugin_test1.obj
 0001:0000080b       ??$t_generate@UITerminal@libui@UModSys@@@SModuleContext@base@UModSys@@QAE_NAAU?$TRefObject@UITerminal@libui@UModSys@@U?$TRefObjectFunc@UITerminal@libui@UModSys@@@tl@3@@tl@2@PBUSUniquePointerInfo@core@2@ABUSParameters@62@@Z 1000180b f i plugin_test1.obj
 0001:000008a7       ??1?$TRefObject@UIModObject@base@UModSys@@U?$TModObjectFunc@UIModObject@base@UModSys@@@tl@3@@tl@UModSys@@QAE@XZ 100018a7 f i plugin_test1.obj
 0001:000008bd       ?s_init@?$TModObjectFunc@UIModObject@base@UModSys@@@tl@UModSys@@SAXAAPAUIModObject@base@3@PAU453@@Z 100018bd f i plugin_test1.obj
 0001:000008d6       ?root_get_interface_info@RTerminal_SDL_core@SDL_core@ui@modules@UModSys@@UBEABUSUniquePointerInfo@core@5@XZ 100018d6 f i umodsys_lib_libui:umodsys.mod.ui.SDL_core.obj
 0001:000008dc       ?root_get_interface_type@RTerminal_SDL_core@SDL_core@ui@modules@UModSys@@UBEPBUSUniquePointerInfo@core@5@XZ 100018dc f i umodsys_lib_libui:umodsys.mod.ui.SDL_core.obj
 0001:000008e2       ?root_get_interface_types@RGenerator@test1@test@modules@UModSys@@UBEIAAUSUniquePtrList@core@5@@Z 100018e2 f i plugin_test1.obj
 0001:000008e2       ?root_get_interface_types@RGenerator@images_std@media@modules@UModSys@@UBEIAAUSUniquePtrList@core@5@@Z 100018e2 f i umodsys_lib_libmedia:umodsys.mod.media.images_std.obj
 0001:000008e2       ?root_get_interface_types@RGenerator@SDL_core@ui@modules@UModSys@@UBEIAAUSUniquePtrList@core@5@@Z 100018e2 f i umodsys_lib_libui:umodsys.mod.ui.SDL_core.obj
 0001:000008e2       ?root_get_interface_types@RTerminal_SDL_core@SDL_core@ui@modules@UModSys@@UBEIAAUSUniquePtrList@core@5@@Z 100018e2 f i umodsys_lib_libui:umodsys.mod.ui.SDL_core.obj
 0001:000008e2       ?root_get_interface_types@RMediaFilter@images_std@media@modules@UModSys@@UBEIAAUSUniquePtrList@core@5@@Z 100018e2 f i umodsys_lib_libmedia:umodsys.mod.media.images_std.obj
 0001:000008e2       ?root_get_interface_types@RTest1_Shell@test1@test@modules@UModSys@@UBEIAAUSUniquePtrList@core@5@@Z 100018e2 f i plugin_test1.obj
 0001:000008e7       ?root_get_other_interface@RTerminal_SDL_core@SDL_core@ui@modules@UModSys@@UBEPBUIRoot@core@5@PBUSUniquePointerInfo@75@@Z 100018e7 f i umodsys_lib_libui:umodsys.mod.ui.SDL_core.obj
 0001:000008e7       ?root_get_other_interface@RTerminal_SDL_core@SDL_core@ui@modules@UModSys@@UAEPAUIRoot@core@5@PBUSUniquePointerInfo@75@@Z 100018e7 f i umodsys_lib_libui:umodsys.mod.ui.SDL_core.obj
 0001:00000908       ?root_is_interface_supported@RTerminal_SDL_core@SDL_core@ui@modules@UModSys@@UBE_NPBUSUniquePointerInfo@core@5@@Z 10001908 f i umodsys_lib_libui:umodsys.mod.ui.SDL_core.obj
 0001:0000092f       ?ref_add@RTest1_Shell@test1@test@modules@UModSys@@UBEXXZ 1000192f f i plugin_test1.obj
 0001:0000092f       ?ref_add@RGenerator@SDL_core@ui@modules@UModSys@@UBEXXZ 1000192f f i umodsys_lib_libui:umodsys.mod.ui.SDL_core.obj
 0001:0000092f       ?ref_add@RTerminal_SDL_core@SDL_core@ui@modules@UModSys@@UBEXXZ 1000192f f i umodsys_lib_libui:umodsys.mod.ui.SDL_core.obj
 0001:0000092f       ?ref_add@RGenerator@test1@test@modules@UModSys@@UBEXXZ 1000192f f i plugin_test1.obj
 0001:0000092f       ?ref_add@RGenerator@images_std@media@modules@UModSys@@UBEXXZ 1000192f f i umodsys_lib_libmedia:umodsys.mod.media.images_std.obj
 0001:00000933       ??0RTerminal_SDL_core@SDL_core@ui@modules@UModSys@@QAE@PAUIModObject@base@4@ABUSParameters@core@4@@Z 10001933 f i umodsys_lib_libui:umodsys.mod.ui.SDL_core.obj
 0001:00000a09       ?poll_events@RTerminal_SDL_core@SDL_core@ui@modules@UModSys@@UAE_NH@Z 10001a09 f i umodsys_lib_libui:umodsys.mod.ui.SDL_core.obj
 0001:00000a82       ?get_terminal_state@RTerminal_SDL_core@SDL_core@ui@modules@UModSys@@UAE?AW4eTerminalState@libui@5@XZ 10001a82 f i umodsys_lib_libui:umodsys.mod.ui.SDL_core.obj
 0001:00000a86       ?set_terminal_state@RTerminal_SDL_core@SDL_core@ui@modules@UModSys@@UAE_NW4eTerminalState@libui@5@@Z 10001a86 f i umodsys_lib_libui:umodsys.mod.ui.SDL_core.obj
 0001:00000aae       ?set_terminal_caption@RTerminal_SDL_core@SDL_core@ui@modules@UModSys@@UAE_NPBD@Z 10001aae f i umodsys_lib_libui:umodsys.mod.ui.SDL_core.obj
 0001:00000ab3       ?get_clock@RTerminal_SDL_core@SDL_core@ui@modules@UModSys@@UAENXZ 10001ab3 f i umodsys_lib_libui:umodsys.mod.ui.SDL_core.obj
 0001:00000acb       ?wait@RTerminal_SDL_core@SDL_core@ui@modules@UModSys@@UAE_NM@Z 10001acb f i umodsys_lib_libui:umodsys.mod.ui.SDL_core.obj
 0001:00000ae6       ?terminal_reset@RTerminal_SDL_core@SDL_core@ui@modules@UModSys@@UAE_NXZ 10001ae6 f i umodsys_lib_libui:umodsys.mod.ui.SDL_core.obj
 0001:00000ae9       ?get_input_keyboard@RTerminal_SDL_core@SDL_core@ui@modules@UModSys@@UAEAAU?$TITerminalConnection@UIKeyboardController@libui@UModSys@@@libui@5@XZ 10001ae9 f i umodsys_lib_libui:umodsys.mod.ui.SDL_core.obj
 0001:00000aed       ?get_input_mouse@RTerminal_SDL_core@SDL_core@ui@modules@UModSys@@UAEAAU?$TITerminalConnection@UIMouseController@libui@UModSys@@@libui@5@XZ 10001aed f i umodsys_lib_libui:umodsys.mod.ui.SDL_core.obj
 0001:00000af1       ?get_input_touch@RTerminal_SDL_core@SDL_core@ui@modules@UModSys@@UAEAAU?$TITerminalConnection@UITouchController@libui@UModSys@@@libui@5@XZ 10001af1 f i umodsys_lib_libui:umodsys.mod.ui.SDL_core.obj
 0001:00000af5       ?get_input_joystick@RTerminal_SDL_core@SDL_core@ui@modules@UModSys@@UAEAAU?$TITerminalConnection@UIJoystickController@libui@UModSys@@@libui@5@XZ 10001af5 f i umodsys_lib_libui:umodsys.mod.ui.SDL_core.obj
 0001:00000af9       ?get_input_2d@RTerminal_SDL_core@SDL_core@ui@modules@UModSys@@UAEAAU?$TITerminalConnection@UICaptureDriver@lib2d@UModSys@@@libui@5@XZ 10001af9 f i umodsys_lib_libui:umodsys.mod.ui.SDL_core.obj
 0001:00000afd       ?get_input_3d@RTerminal_SDL_core@SDL_core@ui@modules@UModSys@@UAEAAU?$TITerminalConnection@UICaptureDriver@lib3d@UModSys@@@libui@5@XZ 10001afd f i umodsys_lib_libui:umodsys.mod.ui.SDL_core.obj
 0001:00000b01       ?get_input_movie@RTerminal_SDL_core@SDL_core@ui@modules@UModSys@@UAEAAU?$TITerminalConnection@UICaptureDriver@libmovie@UModSys@@@libui@5@XZ 10001b01 f i umodsys_lib_libui:umodsys.mod.ui.SDL_core.obj
 0001:00000b05       ?get_input_sound@RTerminal_SDL_core@SDL_core@ui@modules@UModSys@@UAEAAU?$TITerminalConnection@UICaptureDriver@libsound@UModSys@@@libui@5@XZ 10001b05 f i umodsys_lib_libui:umodsys.mod.ui.SDL_core.obj
 0001:00000b09       ?get_input_music@RTerminal_SDL_core@SDL_core@ui@modules@UModSys@@UAEAAU?$TITerminalConnection@UICaptureDriver@libmusic@UModSys@@@libui@5@XZ 10001b09 f i umodsys_lib_libui:umodsys.mod.ui.SDL_core.obj
 0001:00000b0d       ?get_output_3d@RTerminal_SDL_core@SDL_core@ui@modules@UModSys@@UAEAAU?$TITerminalConnection@UIRenderDriver@lib3d@UModSys@@@libui@5@XZ 10001b0d f i umodsys_lib_libui:umodsys.mod.ui.SDL_core.obj
 0001:00000b11       ?get_output_2d@RTerminal_SDL_core@SDL_core@ui@modules@UModSys@@UAEAAU?$TITerminalConnection@UIRenderDriver@lib2d@UModSys@@@libui@5@XZ 10001b11 f i umodsys_lib_libui:umodsys.mod.ui.SDL_core.obj
 0001:00000b15       ?get_output_movie@RTerminal_SDL_core@SDL_core@ui@modules@UModSys@@UAEAAU?$TITerminalConnection@UIRenderDriver@libmovie@UModSys@@@libui@5@XZ 10001b15 f i umodsys_lib_libui:umodsys.mod.ui.SDL_core.obj
 0001:00000b19       ?get_output_sound@RTerminal_SDL_core@SDL_core@ui@modules@UModSys@@UAEAAU?$TITerminalConnection@UIRenderDriver@libsound@UModSys@@@libui@5@XZ 10001b19 f i umodsys_lib_libui:umodsys.mod.ui.SDL_core.obj
 0001:00000b1d       ?get_output_music@RTerminal_SDL_core@SDL_core@ui@modules@UModSys@@UAEAAU?$TITerminalConnection@UIRenderDriver@libmusic@UModSys@@@libui@5@XZ 10001b1d f i umodsys_lib_libui:umodsys.mod.ui.SDL_core.obj
 0001:00000b21       ??_GRTerminal_SDL_core@SDL_core@ui@modules@UModSys@@UAEPAXI@Z 10001b21 f i umodsys_lib_libui:umodsys.mod.ui.SDL_core.obj
 0001:00000b21       ??_ERTerminal_SDL_core@SDL_core@ui@modules@UModSys@@UAEPAXI@Z 10001b21 f i  CIL library: CIL module
 0001:00000b5b       ?get_generated_names@RGenerator@SDL_core@ui@modules@UModSys@@UBEHAAUSUniquePtrList@core@5@@Z 10001b5b f i umodsys_lib_libui:umodsys.mod.ui.SDL_core.obj
 0001:00000b74       ?get_generated_types@RGenerator@SDL_core@ui@modules@UModSys@@UBEHAAUSUniquePtrList@core@5@PBUSUniquePointerInfo@75@@Z 10001b74 f i umodsys_lib_libui:umodsys.mod.ui.SDL_core.obj
 0001:00000ba6       ?generate@RGenerator@SDL_core@ui@modules@UModSys@@UAE_NAAU?$TRefObject@UIRefObject@core@UModSys@@U?$TRefObjectFunc@UIRefObject@core@UModSys@@@tl@3@@tl@5@PBUSUniquePointerInfo@core@5@ABUSParameters@95@@Z 10001ba6 f i umodsys_lib_libui:umodsys.mod.ui.SDL_core.obj
 0001:00000bc7       ?root_get_interface_info@RGenerator@SDL_core@ui@modules@UModSys@@UBEABUSUniquePointerInfo@core@5@XZ 10001bc7 f i umodsys_lib_libui:umodsys.mod.ui.SDL_core.obj
 0001:00000bcd       ?root_get_interface_type@RGenerator@SDL_core@ui@modules@UModSys@@UBEPBUSUniquePointerInfo@core@5@XZ 10001bcd f i umodsys_lib_libui:umodsys.mod.ui.SDL_core.obj
 0001:00000bd3       ?root_get_other_interface@RGenerator@SDL_core@ui@modules@UModSys@@UAEPAUIRoot@core@5@PBUSUniquePointerInfo@75@@Z 10001bd3 f i umodsys_lib_libui:umodsys.mod.ui.SDL_core.obj
 0001:00000bd3       ?root_get_other_interface@RGenerator@SDL_core@ui@modules@UModSys@@UBEPBUIRoot@core@5@PBUSUniquePointerInfo@75@@Z 10001bd3 f i umodsys_lib_libui:umodsys.mod.ui.SDL_core.obj
 0001:00000bec       ?root_is_interface_supported@RGenerator@SDL_core@ui@modules@UModSys@@UBE_NPBUSUniquePointerInfo@core@5@@Z 10001bec f i umodsys_lib_libui:umodsys.mod.ui.SDL_core.obj
 0001:00000c0b       ?ref_remove@RGenerator@test1@test@modules@UModSys@@UBEXXZ 10001c0b f i plugin_test1.obj
 0001:00000c0b       ?ref_remove@RGenerator@SDL_core@ui@modules@UModSys@@UBEXXZ 10001c0b f i umodsys_lib_libui:umodsys.mod.ui.SDL_core.obj
 0001:00000c0b       ?ref_remove@RTerminal_SDL_core@SDL_core@ui@modules@UModSys@@UBEXXZ 10001c0b f i umodsys_lib_libui:umodsys.mod.ui.SDL_core.obj
 0001:00000c0b       ?ref_remove@RGenerator@images_std@media@modules@UModSys@@UBEXXZ 10001c0b f i umodsys_lib_libmedia:umodsys.mod.media.images_std.obj
 0001:00000c0b       ?ref_remove@RTest1_Shell@test1@test@modules@UModSys@@UBEXXZ 10001c0b f i plugin_test1.obj
 0001:00000c16       ?ref_links@RGenerator@test1@test@modules@UModSys@@UBEHXZ 10001c16 f i plugin_test1.obj
 0001:00000c16       ?ref_links@RGenerator@images_std@media@modules@UModSys@@UBEHXZ 10001c16 f i umodsys_lib_libmedia:umodsys.mod.media.images_std.obj
 0001:00000c16       ?ref_links@RTest1_Shell@test1@test@modules@UModSys@@UBEHXZ 10001c16 f i plugin_test1.obj
 0001:00000c16       ?ref_links@RTerminal_SDL_core@SDL_core@ui@modules@UModSys@@UBEHXZ 10001c16 f i umodsys_lib_libui:umodsys.mod.ui.SDL_core.obj
 0001:00000c16       ?ref_links@RGenerator@SDL_core@ui@modules@UModSys@@UBEHXZ 10001c16 f i umodsys_lib_libui:umodsys.mod.ui.SDL_core.obj
 0001:00000c1a       ?ref_weak@RTest1_Shell@test1@test@modules@UModSys@@UBE_NAAUWeakPointer@IRefObject@core@5@@Z 10001c1a f i plugin_test1.obj
 0001:00000c1a       ?ref_weak@RTerminal_SDL_core@SDL_core@ui@modules@UModSys@@UBE_NAAUWeakPointer@IRefObject@core@5@@Z 10001c1a f i umodsys_lib_libui:umodsys.mod.ui.SDL_core.obj
 0001:00000c1a       ?ref_weak@RGenerator@test1@test@modules@UModSys@@UBE_NAAUWeakPointer@IRefObject@core@5@@Z 10001c1a f i plugin_test1.obj
 0001:00000c1a       ?ref_weak@RGenerator@images_std@media@modules@UModSys@@UBE_NAAUWeakPointer@IRefObject@core@5@@Z 10001c1a f i umodsys_lib_libmedia:umodsys.mod.media.images_std.obj
 0001:00000c1a       ?ref_weak@RGenerator@SDL_core@ui@modules@UModSys@@UBE_NAAUWeakPointer@IRefObject@core@5@@Z 10001c1a f i umodsys_lib_libui:umodsys.mod.ui.SDL_core.obj
 0001:00000c39       ?get_uid@RGenerator@SDL_core@ui@modules@UModSys@@UBEPBUSUniquePointerInfo@core@5@XZ 10001c39 f i umodsys_lib_libui:umodsys.mod.ui.SDL_core.obj
 0001:00000c3f       ?do_open@RModuleReg@SDL_core@ui@modules@UModSys@@UAE_NXZ 10001c3f f i umodsys_lib_libui:umodsys.mod.ui.SDL_core.obj
 0001:00000c8b       ?do_close@RModuleReg@SDL_core@ui@modules@UModSys@@UAE_NXZ 10001c8b f i umodsys_lib_libui:umodsys.mod.ui.SDL_core.obj
 0001:00000cc6       ?get_module@RGenerator@SDL_core@ui@modules@UModSys@@UBEPAUIModule@base@5@XZ 10001cc6 f   umodsys_lib_libui:umodsys.mod.ui.SDL_core.obj
 0001:00000ccc       ?mod_inc@RGenerator@SDL_core@ui@modules@UModSys@@UBE_NXZ 10001ccc f   umodsys_lib_libui:umodsys.mod.ui.SDL_core.obj
 0001:00000cd7       ?mod_dec@RGenerator@SDL_core@ui@modules@UModSys@@UBE_NXZ 10001cd7 f   umodsys_lib_libui:umodsys.mod.ui.SDL_core.obj
 0001:00000ce2       ?s_holder@RGenerator@SDL_core@ui@modules@UModSys@@SAAAU?$TTypeStaticHolder@URGenerator@SDL_core@ui@modules@UModSys@@@tl@5@XZ 10001ce2 f   umodsys_lib_libui:umodsys.mod.ui.SDL_core.obj
 0001:00000d14       ?get_friend_handler@?$TRTerminalConnectionNull@UICaptureDriver@libsound@UModSys@@@libui@UModSys@@UBEPAUICaptureDriver@libsound@3@PAUIRefObject@core@3@@Z 10001d14 f i umodsys_lib_libui:umodsys.mod.ui.SDL_core.obj
 0001:00000d14       ?get_handler@?$TRTerminalConnectionNull@UITouchController@libui@UModSys@@@libui@UModSys@@UBEPAUITouchController@23@I@Z 10001d14 f i umodsys_lib_libui:umodsys.mod.ui.SDL_core.obj
 0001:00000d14       ?get_handler@?$TRTerminalConnectionNull@UIJoystickController@libui@UModSys@@@libui@UModSys@@UBEPAUIJoystickController@23@PBD@Z 10001d14 f i umodsys_lib_libui:umodsys.mod.ui.SDL_core.obj
 0001:00000d14       ?get_handler@?$TRTerminalConnectionNull@UICaptureDriver@libsound@UModSys@@@libui@UModSys@@UBEPAUICaptureDriver@libsound@3@I@Z 10001d14 f i umodsys_lib_libui:umodsys.mod.ui.SDL_core.obj
 0001:00000d14       ?get_handler@?$TRTerminalConnectionNull@UIKeyboardController@libui@UModSys@@@libui@UModSys@@UBEPAUIKeyboardController@23@I@Z 10001d14 f i umodsys_lib_libui:umodsys.mod.ui.SDL_core.obj
 0001:00000d14       ?get_handler@?$TRTerminalConnectionNull@UICaptureDriver@libmusic@UModSys@@@libui@UModSys@@UBEPAUICaptureDriver@libmusic@3@I@Z 10001d14 f i umodsys_lib_libui:umodsys.mod.ui.SDL_core.obj
 0001:00000d14       ?get_friend_handler@?$TRTerminalConnectionNull@UIRenderDriver@lib2d@UModSys@@@libui@UModSys@@UBEPAUIRenderDriver@lib2d@3@PAUIRefObject@core@3@@Z 10001d14 f i umodsys_lib_libui:umodsys.mod.ui.SDL_core.obj
 0001:00000d14       ?get_handler@?$TRTerminalConnectionNull@UICaptureDriver@lib3d@UModSys@@@libui@UModSys@@UBEPAUICaptureDriver@lib3d@3@I@Z 10001d14 f i umodsys_lib_libui:umodsys.mod.ui.SDL_core.obj
 0001:00000d14       ?get_friend_handler@?$TRTerminalConnectionNull@UIRenderDriver@libsound@UModSys@@@libui@UModSys@@UBEPAUIRenderDriver@libsound@3@PAUIRefObject@core@3@@Z 10001d14 f i umodsys_lib_libui:umodsys.mod.ui.SDL_core.obj
 0001:00000d14       ?get_handler@?$TRTerminalConnectionNull@UIRenderDriver@libsound@UModSys@@@libui@UModSys@@UBEPAUIRenderDriver@libsound@3@PBD@Z 10001d14 f i umodsys_lib_libui:umodsys.mod.ui.SDL_core.obj
 0001:00000d14       ?get_handler@?$TRTerminalConnectionNull@UIMouseController@libui@UModSys@@@libui@UModSys@@UBEPAUIMouseController@23@I@Z 10001d14 f i umodsys_lib_libui:umodsys.mod.ui.SDL_core.obj
 0001:00000d14       ?get_handler@?$TRTerminalConnectionNull@UITouchController@libui@UModSys@@@libui@UModSys@@UBEPAUITouchController@23@PBD@Z 10001d14 f i umodsys_lib_libui:umodsys.mod.ui.SDL_core.obj
 0001:00000d14       ?get_handler@?$TRTerminalConnectionNull@UIRenderDriver@lib2d@UModSys@@@libui@UModSys@@UBEPAUIRenderDriver@lib2d@3@I@Z 10001d14 f i umodsys_lib_libui:umodsys.mod.ui.SDL_core.obj
 0001:00000d14       ?get_handler@?$TRTerminalConnectionNull@UICaptureDriver@libmovie@UModSys@@@libui@UModSys@@UBEPAUICaptureDriver@libmovie@3@I@Z 10001d14 f i umodsys_lib_libui:umodsys.mod.ui.SDL_core.obj
 0001:00000d14       ?get_handler@?$TRTerminalConnectionNull@UIRenderDriver@libsound@UModSys@@@libui@UModSys@@UBEPAUIRenderDriver@libsound@3@I@Z 10001d14 f i umodsys_lib_libui:umodsys.mod.ui.SDL_core.obj
 0001:00000d14       ?get_handler@?$TRTerminalConnectionNull@UIRenderDriver@lib3d@UModSys@@@libui@UModSys@@UBEPAUIRenderDriver@lib3d@3@I@Z 10001d14 f i umodsys_lib_libui:umodsys.mod.ui.SDL_core.obj
 0001:00000d14       ?get_handler@?$TRTerminalConnectionNull@UIKeyboardController@libui@UModSys@@@libui@UModSys@@UBEPAUIKeyboardController@23@PBD@Z 10001d14 f i umodsys_lib_libui:umodsys.mod.ui.SDL_core.obj
 0001:00000d14       ?get_friend_handler@?$TRTerminalConnectionNull@UICaptureDriver@lib3d@UModSys@@@libui@UModSys@@UBEPAUICaptureDriver@lib3d@3@PAUIRefObject@core@3@@Z 10001d14 f i umodsys_lib_libui:umodsys.mod.ui.SDL_core.obj
 0001:00000d14       ?get_friend_handler@?$TRTerminalConnectionNull@UIMouseController@libui@UModSys@@@libui@UModSys@@UBEPAUIMouseController@23@PAUIRefObject@core@3@@Z 10001d14 f i umodsys_lib_libui:umodsys.mod.ui.SDL_core.obj
 0001:00000d14       ?get_handler@?$TRTerminalConnectionNull@UIRenderDriver@libmusic@UModSys@@@libui@UModSys@@UBEPAUIRenderDriver@libmusic@3@I@Z 10001d14 f i umodsys_lib_libui:umodsys.mod.ui.SDL_core.obj
 0001:00000d14       ?get_handler@?$TRTerminalConnectionNull@UICaptureDriver@libsound@UModSys@@@libui@UModSys@@UBEPAUICaptureDriver@libsound@3@PBD@Z 10001d14 f i umodsys_lib_libui:umodsys.mod.ui.SDL_core.obj
 0001:00000d14       ?get_friend_handler@?$TRTerminalConnectionNull@UIKeyboardController@libui@UModSys@@@libui@UModSys@@UBEPAUIKeyboardController@23@PAUIRefObject@core@3@@Z 10001d14 f i umodsys_lib_libui:umodsys.mod.ui.SDL_core.obj
 0001:00000d14       ?get_friend_handler@?$TRTerminalConnectionNull@UICaptureDriver@libmusic@UModSys@@@libui@UModSys@@UBEPAUICaptureDriver@libmusic@3@PAUIRefObject@core@3@@Z 10001d14 f i umodsys_lib_libui:umodsys.mod.ui.SDL_core.obj
 0001:00000d14       ?get_friend_handler@?$TRTerminalConnectionNull@UICaptureDriver@libmovie@UModSys@@@libui@UModSys@@UBEPAUICaptureDriver@libmovie@3@PAUIRefObject@core@3@@Z 10001d14 f i umodsys_lib_libui:umodsys.mod.ui.SDL_core.obj
 0001:00000d14       ?get_handler@?$TRTerminalConnectionNull@UICaptureDriver@lib2d@UModSys@@@libui@UModSys@@UBEPAUICaptureDriver@lib2d@3@PBD@Z 10001d14 f i umodsys_lib_libui:umodsys.mod.ui.SDL_core.obj
 0001:00000d14       ?get_handler@?$TRTerminalConnectionNull@UICaptureDriver@lib2d@UModSys@@@libui@UModSys@@UBEPAUICaptureDriver@lib2d@3@I@Z 10001d14 f i umodsys_lib_libui:umodsys.mod.ui.SDL_core.obj
 0001:00000d14       ?get_handler@?$TRTerminalConnectionNull@UICaptureDriver@libmovie@UModSys@@@libui@UModSys@@UBEPAUICaptureDriver@libmovie@3@PBD@Z 10001d14 f i umodsys_lib_libui:umodsys.mod.ui.SDL_core.obj
 0001:00000d14       ?get_friend_handler@?$TRTerminalConnectionNull@UIJoystickController@libui@UModSys@@@libui@UModSys@@UBEPAUIJoystickController@23@PAUIRefObject@core@3@@Z 10001d14 f i umodsys_lib_libui:umodsys.mod.ui.SDL_core.obj
 0001:00000d14       ?get_handler@?$TRTerminalConnectionNull@UICaptureDriver@lib3d@UModSys@@@libui@UModSys@@UBEPAUICaptureDriver@lib3d@3@PBD@Z 10001d14 f i umodsys_lib_libui:umodsys.mod.ui.SDL_core.obj
 0001:00000d14       ?get_friend_handler@?$TRTerminalConnectionNull@UIRenderDriver@libmovie@UModSys@@@libui@UModSys@@UBEPAUIRenderDriver@libmovie@3@PAUIRefObject@core@3@@Z 10001d14 f i umodsys_lib_libui:umodsys.mod.ui.SDL_core.obj
 0001:00000d14       ?get_friend_handler@?$TRTerminalConnectionNull@UITouchController@libui@UModSys@@@libui@UModSys@@UBEPAUITouchController@23@PAUIRefObject@core@3@@Z 10001d14 f i umodsys_lib_libui:umodsys.mod.ui.SDL_core.obj
 0001:00000d14       ?get_handler@?$TRTerminalConnectionNull@UIRenderDriver@libmovie@UModSys@@@libui@UModSys@@UBEPAUIRenderDriver@libmovie@3@I@Z 10001d14 f i umodsys_lib_libui:umodsys.mod.ui.SDL_core.obj
 0001:00000d14       ?get_handler@?$TRTerminalConnectionNull@UIMouseController@libui@UModSys@@@libui@UModSys@@UBEPAUIMouseController@23@PBD@Z 10001d14 f i umodsys_lib_libui:umodsys.mod.ui.SDL_core.obj
 0001:00000d14       ?get_handler@?$TRTerminalConnectionNull@UIRenderDriver@libmusic@UModSys@@@libui@UModSys@@UBEPAUIRenderDriver@libmusic@3@PBD@Z 10001d14 f i umodsys_lib_libui:umodsys.mod.ui.SDL_core.obj
 0001:00000d14       ?get_friend_handler@?$TRTerminalConnectionNull@UIRenderDriver@libmusic@UModSys@@@libui@UModSys@@UBEPAUIRenderDriver@libmusic@3@PAUIRefObject@core@3@@Z 10001d14 f i umodsys_lib_libui:umodsys.mod.ui.SDL_core.obj
 0001:00000d14       ?get_friend_handler@?$TRTerminalConnectionNull@UICaptureDriver@lib2d@UModSys@@@libui@UModSys@@UBEPAUICaptureDriver@lib2d@3@PAUIRefObject@core@3@@Z 10001d14 f i umodsys_lib_libui:umodsys.mod.ui.SDL_core.obj
 0001:00000d14       ?get_handler@?$TRTerminalConnectionNull@UIRenderDriver@lib2d@UModSys@@@libui@UModSys@@UBEPAUIRenderDriver@lib2d@3@PBD@Z 10001d14 f i umodsys_lib_libui:umodsys.mod.ui.SDL_core.obj
 0001:00000d14       ?get_friend_handler@?$TRTerminalConnectionNull@UIRenderDriver@lib3d@UModSys@@@libui@UModSys@@UBEPAUIRenderDriver@lib3d@3@PAUIRefObject@core@3@@Z 10001d14 f i umodsys_lib_libui:umodsys.mod.ui.SDL_core.obj
 0001:00000d14       ?get_handler@?$TRTerminalConnectionNull@UICaptureDriver@libmusic@UModSys@@@libui@UModSys@@UBEPAUICaptureDriver@libmusic@3@PBD@Z 10001d14 f i umodsys_lib_libui:umodsys.mod.ui.SDL_core.obj
 0001:00000d14       ?get_handler@?$TRTerminalConnectionNull@UIRenderDriver@lib3d@UModSys@@@libui@UModSys@@UBEPAUIRenderDriver@lib3d@3@PBD@Z 10001d14 f i umodsys_lib_libui:umodsys.mod.ui.SDL_core.obj
 0001:00000d14       ?get_handler@?$TRTerminalConnectionNull@UIRenderDriver@libmovie@UModSys@@@libui@UModSys@@UBEPAUIRenderDriver@libmovie@3@PBD@Z 10001d14 f i umodsys_lib_libui:umodsys.mod.ui.SDL_core.obj
 0001:00000d14       ?get_handler@?$TRTerminalConnectionNull@UIJoystickController@libui@UModSys@@@libui@UModSys@@UBEPAUIJoystickController@23@I@Z 10001d14 f i umodsys_lib_libui:umodsys.mod.ui.SDL_core.obj
 0001:00000d19       ?get_count@?$TRTerminalConnectionNull@UIRenderDriver@lib3d@UModSys@@@libui@UModSys@@UBEIXZ 10001d19 f i umodsys_lib_libui:umodsys.mod.ui.SDL_core.obj
 0001:00000d19       ?get_count@?$TRTerminalConnectionNull@UICaptureDriver@libsound@UModSys@@@libui@UModSys@@UBEIXZ 10001d19 f i umodsys_lib_libui:umodsys.mod.ui.SDL_core.obj
 0001:00000d19       ?get_count@?$TRTerminalConnectionNull@UICaptureDriver@lib2d@UModSys@@@libui@UModSys@@UBEIXZ 10001d19 f i umodsys_lib_libui:umodsys.mod.ui.SDL_core.obj
 0001:00000d19       ?get_count@?$TRTerminalConnectionNull@UIRenderDriver@libmusic@UModSys@@@libui@UModSys@@UBEIXZ 10001d19 f i umodsys_lib_libui:umodsys.mod.ui.SDL_core.obj
 0001:00000d19       ?get_count@?$TRTerminalConnectionNull@UICaptureDriver@libmusic@UModSys@@@libui@UModSys@@UBEIXZ 10001d19 f i umodsys_lib_libui:umodsys.mod.ui.SDL_core.obj
 0001:00000d19       ?get_count@?$TRTerminalConnectionNull@UIRenderDriver@libmovie@UModSys@@@libui@UModSys@@UBEIXZ 10001d19 f i umodsys_lib_libui:umodsys.mod.ui.SDL_core.obj
 0001:00000d19       ?get_count@?$TRTerminalConnectionNull@UITouchController@libui@UModSys@@@libui@UModSys@@UBEIXZ 10001d19 f i umodsys_lib_libui:umodsys.mod.ui.SDL_core.obj
 0001:00000d19       ?get_count@?$TRTerminalConnectionNull@UIKeyboardController@libui@UModSys@@@libui@UModSys@@UBEIXZ 10001d19 f i umodsys_lib_libui:umodsys.mod.ui.SDL_core.obj
 0001:00000d19       ?get_count@?$TRTerminalConnectionNull@UIRenderDriver@libsound@UModSys@@@libui@UModSys@@UBEIXZ 10001d19 f i umodsys_lib_libui:umodsys.mod.ui.SDL_core.obj
 0001:00000d19       ?get_count@?$TRTerminalConnectionNull@UICaptureDriver@libmovie@UModSys@@@libui@UModSys@@UBEIXZ 10001d19 f i umodsys_lib_libui:umodsys.mod.ui.SDL_core.obj
 0001:00000d19       ?get_count@?$TRTerminalConnectionNull@UIRenderDriver@lib2d@UModSys@@@libui@UModSys@@UBEIXZ 10001d19 f i umodsys_lib_libui:umodsys.mod.ui.SDL_core.obj
 0001:00000d19       ?get_count@?$TRTerminalConnectionNull@UIJoystickController@libui@UModSys@@@libui@UModSys@@UBEIXZ 10001d19 f i umodsys_lib_libui:umodsys.mod.ui.SDL_core.obj
 0001:00000d19       ?get_count@?$TRTerminalConnectionNull@UIMouseController@libui@UModSys@@@libui@UModSys@@UBEIXZ 10001d19 f i umodsys_lib_libui:umodsys.mod.ui.SDL_core.obj
 0001:00000d19       ?get_count@?$TRTerminalConnectionNull@UICaptureDriver@lib3d@UModSys@@@libui@UModSys@@UBEIXZ 10001d19 f i umodsys_lib_libui:umodsys.mod.ui.SDL_core.obj
 0001:00000d1c       ?create_handler@?$TRTerminalConnectionNull@UIRenderDriver@lib2d@UModSys@@@libui@UModSys@@UAE_NAAU?$TRefObject@UIRenderDriver@lib2d@UModSys@@U?$TRefObjectFunc@UIRenderDriver@lib2d@UModSys@@@tl@3@@tl@3@PBDPBUSParameters@core@3@@Z 10001d1c f i umodsys_lib_libui:umodsys.mod.ui.SDL_core.obj
 0001:00000d1c       ?create_handler@?$TRTerminalConnectionNull@UICaptureDriver@libmovie@UModSys@@@libui@UModSys@@UAE_NAAU?$TRefObject@UICaptureDriver@libmovie@UModSys@@U?$TRefObjectFunc@UICaptureDriver@libmovie@UModSys@@@tl@3@@tl@3@PBDPBUSParameters@core@3@@Z 10001d1c f i umodsys_lib_libui:umodsys.mod.ui.SDL_core.obj
 0001:00000d1c       ?create_handler@?$TRTerminalConnectionNull@UIKeyboardController@libui@UModSys@@@libui@UModSys@@UAE_NAAU?$TRefObject@UIKeyboardController@libui@UModSys@@U?$TRefObjectFunc@UIKeyboardController@libui@UModSys@@@tl@3@@tl@3@PBDPBUSParameters@core@3@@Z 10001d1c f i umodsys_lib_libui:umodsys.mod.ui.SDL_core.obj
 0001:00000d1c       ?create_handler@?$TRTerminalConnectionNull@UIRenderDriver@libsound@UModSys@@@libui@UModSys@@UAE_NAAU?$TRefObject@UIRenderDriver@libsound@UModSys@@U?$TRefObjectFunc@UIRenderDriver@libsound@UModSys@@@tl@3@@tl@3@PBDPBUSParameters@core@3@@Z 10001d1c f i umodsys_lib_libui:umodsys.mod.ui.SDL_core.obj
 0001:00000d1c       ?create_handler@?$TRTerminalConnectionNull@UICaptureDriver@lib3d@UModSys@@@libui@UModSys@@UAE_NAAU?$TRefObject@UICaptureDriver@lib3d@UModSys@@U?$TRefObjectFunc@UICaptureDriver@lib3d@UModSys@@@tl@3@@tl@3@PBDPBUSParameters@core@3@@Z 10001d1c f i umodsys_lib_libui:umodsys.mod.ui.SDL_core.obj
 0001:00000d1c       ?create_handler@?$TRTerminalConnectionNull@UITouchController@libui@UModSys@@@libui@UModSys@@UAE_NAAU?$TRefObject@UITouchController@libui@UModSys@@U?$TRefObjectFunc@UITouchController@libui@UModSys@@@tl@3@@tl@3@PBDPBUSParameters@core@3@@Z 10001d1c f i umodsys_lib_libui:umodsys.mod.ui.SDL_core.obj
 0001:00000d1c       ?create_handler@?$TRTerminalConnectionNull@UIJoystickController@libui@UModSys@@@libui@UModSys@@UAE_NAAU?$TRefObject@UIJoystickController@libui@UModSys@@U?$TRefObjectFunc@UIJoystickController@libui@UModSys@@@tl@3@@tl@3@PBDPBUSParameters@core@3@@Z 10001d1c f i umodsys_lib_libui:umodsys.mod.ui.SDL_core.obj
 0001:00000d1c       ?create_handler@?$TRTerminalConnectionNull@UIRenderDriver@lib3d@UModSys@@@libui@UModSys@@UAE_NAAU?$TRefObject@UIRenderDriver@lib3d@UModSys@@U?$TRefObjectFunc@UIRenderDriver@lib3d@UModSys@@@tl@3@@tl@3@PBDPBUSParameters@core@3@@Z 10001d1c f i umodsys_lib_libui:umodsys.mod.ui.SDL_core.obj
 0001:00000d1c       ?create_handler@?$TRTerminalConnectionNull@UICaptureDriver@libsound@UModSys@@@libui@UModSys@@UAE_NAAU?$TRefObject@UICaptureDriver@libsound@UModSys@@U?$TRefObjectFunc@UICaptureDriver@libsound@UModSys@@@tl@3@@tl@3@PBDPBUSParameters@core@3@@Z 10001d1c f i umodsys_lib_libui:umodsys.mod.ui.SDL_core.obj
 0001:00000d1c       ?create_handler@?$TRTerminalConnectionNull@UIRenderDriver@libmusic@UModSys@@@libui@UModSys@@UAE_NAAU?$TRefObject@UIRenderDriver@libmusic@UModSys@@U?$TRefObjectFunc@UIRenderDriver@libmusic@UModSys@@@tl@3@@tl@3@PBDPBUSParameters@core@3@@Z 10001d1c f i umodsys_lib_libui:umodsys.mod.ui.SDL_core.obj
 0001:00000d1c       ?create_handler@?$TRTerminalConnectionNull@UIRenderDriver@libmovie@UModSys@@@libui@UModSys@@UAE_NAAU?$TRefObject@UIRenderDriver@libmovie@UModSys@@U?$TRefObjectFunc@UIRenderDriver@libmovie@UModSys@@@tl@3@@tl@3@PBDPBUSParameters@core@3@@Z 10001d1c f i umodsys_lib_libui:umodsys.mod.ui.SDL_core.obj
 0001:00000d1c       ?create_handler@?$TRTerminalConnectionNull@UIMouseController@libui@UModSys@@@libui@UModSys@@UAE_NAAU?$TRefObject@UIMouseController@libui@UModSys@@U?$TRefObjectFunc@UIMouseController@libui@UModSys@@@tl@3@@tl@3@PBDPBUSParameters@core@3@@Z 10001d1c f i umodsys_lib_libui:umodsys.mod.ui.SDL_core.obj
 0001:00000d1c       ?create_handler@?$TRTerminalConnectionNull@UICaptureDriver@libmusic@UModSys@@@libui@UModSys@@UAE_NAAU?$TRefObject@UICaptureDriver@libmusic@UModSys@@U?$TRefObjectFunc@UICaptureDriver@libmusic@UModSys@@@tl@3@@tl@3@PBDPBUSParameters@core@3@@Z 10001d1c f i umodsys_lib_libui:umodsys.mod.ui.SDL_core.obj
 0001:00000d1c       ?create_handler@?$TRTerminalConnectionNull@UICaptureDriver@lib2d@UModSys@@@libui@UModSys@@UAE_NAAU?$TRefObject@UICaptureDriver@lib2d@UModSys@@U?$TRefObjectFunc@UICaptureDriver@lib2d@UModSys@@@tl@3@@tl@3@PBDPBUSParameters@core@3@@Z 10001d1c f i umodsys_lib_libui:umodsys.mod.ui.SDL_core.obj
 0001:00000d21       ??$t_gen_param@URTerminal_SDL_core@SDL_core@ui@modules@UModSys@@URGenerator@2345@@IGenerator@base@UModSys@@IAE_NPAURGenerator@SDL_core@ui@modules@2@AAU?$TRefObject@UIRefObject@core@UModSys@@U?$TRefObjectFunc@UIRefObject@core@UModSys@@@tl@3@@tl@2@PBUSUniquePointerInfo@core@2@ABUSParameters@core@2@@Z 10001d21 f i umodsys_lib_libui:umodsys.mod.ui.SDL_core.obj
 0001:00000db3       ?alloc@SMemShared@core@UModSys@@QAE_NIPAUSSourceContext@23@@Z 10001db3 f i umodsys_lib_libmedia:umodsys.mod.media.images_std.obj
 0001:00000ddd       ??BSCMemShared@core@UModSys@@QBE?AUSCMem@12@XZ 10001ddd f i plugin_test1.obj
 0001:00000ddd       ?get@SMemShared@core@UModSys@@QBE?AUSMem@23@XZ 10001ddd f i umodsys_lib_libmedia:umodsys.mod.media.images_std.obj
 0001:00000e0d       ??0SParameters@core@UModSys@@QAE@H@Z 10001e0d f i umodsys_lib_libmedia:umodsys.mod.media.images_std.obj
 0001:00000e38       ?get@SParameters@core@UModSys@@QBE_NPBDAA_N@Z 10001e38 f i umodsys_lib_libmedia:umodsys.mod.media.images_std.obj
 0001:00000e6d       ?is_extension_nocase@libmedia@UModSys@@YA_NABU?$TString@U?$TSCoreConst@D@su@tl@UModSys@@U?$TComparerBinaryHash@D@234@@tl@2@0@Z 10001e6d f i umodsys_lib_libmedia:umodsys.mod.media.images_std.obj
 0001:00000e9b       ?root_get_interface_info@RMediaFilter@images_std@media@modules@UModSys@@UBEABUSUniquePointerInfo@core@5@XZ 10001e9b f i umodsys_lib_libmedia:umodsys.mod.media.images_std.obj
 0001:00000ea1       ?root_get_interface_type@RMediaFilter@images_std@media@modules@UModSys@@UBEPBUSUniquePointerInfo@core@5@XZ 10001ea1 f i umodsys_lib_libmedia:umodsys.mod.media.images_std.obj
 0001:00000ea7       ?root_get_other_interface@RMediaFilter@images_std@media@modules@UModSys@@UAEPAUIRoot@core@5@PBUSUniquePointerInfo@75@@Z 10001ea7 f i umodsys_lib_libmedia:umodsys.mod.media.images_std.obj
 0001:00000ea7       ?root_get_other_interface@RMediaFilter@images_std@media@modules@UModSys@@UBEPBUIRoot@core@5@PBUSUniquePointerInfo@75@@Z 10001ea7 f i umodsys_lib_libmedia:umodsys.mod.media.images_std.obj
 0001:00000ec8       ?root_is_interface_supported@RMediaFilter@images_std@media@modules@UModSys@@UBE_NPBUSUniquePointerInfo@core@5@@Z 10001ec8 f i umodsys_lib_libmedia:umodsys.mod.media.images_std.obj
 0001:00000eef       ?ref_add@RMediaFilter@images_std@media@modules@UModSys@@UBEXXZ 10001eef f i umodsys_lib_libmedia:umodsys.mod.media.images_std.obj
 0001:00000ef3       ?ref_remove@RMediaFilter@images_std@media@modules@UModSys@@UBEXXZ 10001ef3 f i umodsys_lib_libmedia:umodsys.mod.media.images_std.obj
 0001:00000efe       ?ref_links@RMediaFilter@images_std@media@modules@UModSys@@UBEHXZ 10001efe f i umodsys_lib_libmedia:umodsys.mod.media.images_std.obj
 0001:00000f02       ?ref_weak@RMediaFilter@images_std@media@modules@UModSys@@UBE_NAAUWeakPointer@IRefObject@core@5@@Z 10001f02 f i umodsys_lib_libmedia:umodsys.mod.media.images_std.obj
 0001:00000f21       ?suicide@RMediaFilter@images_std@media@modules@UModSys@@UAEXXZ 10001f21 f i umodsys_lib_libmedia:umodsys.mod.media.images_std.obj
 0001:00000f68       ?get_flag@RMediaFilter@images_std@media@modules@UModSys@@UBE?AW4eStates@?$TFlags4State@USMediaFlagUid@libmedia@UModSys@@I@tl@5@H@Z 10001f68 f i umodsys_lib_libmedia:umodsys.mod.media.images_std.obj
 0001:00000f7b       ?get_flags_auto@RMediaFilter@images_std@media@modules@UModSys@@UBE?AU?$TFlags4State@USMediaFlagUid@libmedia@UModSys@@I@tl@5@XZ 10001f7b f i umodsys_lib_libmedia:umodsys.mod.media.images_std.obj
 0001:00000f8a       ?set_flag@RMediaFilter@images_std@media@modules@UModSys@@UAE?AW4eStates@?$TFlags4State@USMediaFlagUid@libmedia@UModSys@@I@tl@5@HW46785@@Z 10001f8a f i umodsys_lib_libmedia:umodsys.mod.media.images_std.obj
 0001:00000fb7       ??0RMediaFilter@images_std@media@modules@UModSys@@QAE@PAUIModObject@base@4@ABUSParameters@core@4@@Z 10001fb7 f i umodsys_lib_libmedia:umodsys.mod.media.images_std.obj
 0001:00001024       ??_ERMediaFilter@images_std@media@modules@UModSys@@UAEPAXI@Z 10002024 f i  CIL library: CIL module
 0001:00001024       ??_GRMediaFilter@images_std@media@modules@UModSys@@UAEPAXI@Z 10002024 f i umodsys_lib_libmedia:umodsys.mod.media.images_std.obj
 0001:0000108f       ?filter_load@RMediaFilter@images_std@media@modules@UModSys@@UAE_NABUSInfo@IBinObjFilter@libmedia@5@PAUIRefObject@core@5@@Z 1000208f f   umodsys_lib_libmedia:umodsys.mod.media.images_std.obj
 0001:00001276       ?filter_save@RMediaFilter@images_std@media@modules@UModSys@@UAE_NAAUSInfo@IBinObjFilter@libmedia@5@PBUIRefObject@core@5@@Z 10002276 f   umodsys_lib_libmedia:umodsys.mod.media.images_std.obj
 0001:00001276       ?filter_load@RMediaFilter@images_std@media@modules@UModSys@@UAE_NABUSInfo@IBinObjFilter@libmedia@5@AAU?$TRefObject@UIRefObject@core@UModSys@@U?$TRefObjectFunc@UIRefObject@core@UModSys@@@tl@3@@tl@5@@Z 10002276 f   umodsys_lib_libmedia:umodsys.mod.media.images_std.obj
 0001:000012c2       ?loader_jpeg@RMediaFilter@images_std@media@modules@UModSys@@QAE_NPAUIImage@lib2d@5@ABUSInfo@IBinObjFilter@libmedia@5@ABUSParameters@core@5@HPBD_N@Z 100022c2 f   umodsys_lib_libmedia:umodsys.mod.media.images_std.obj
 0001:00001540       ?png_err@RMediaFilter@images_std@media@modules@UModSys@@KAXPAUpng_struct_def@@PBD@Z 10002540 f   umodsys_lib_libmedia:umodsys.mod.media.images_std.obj
 0001:00001561       ?png_read@RMediaFilter@images_std@media@modules@UModSys@@KAXPAUpng_struct_def@@PAEI@Z 10002561 f   umodsys_lib_libmedia:umodsys.mod.media.images_std.obj
 0001:0000159d       ?loader_png@RMediaFilter@images_std@media@modules@UModSys@@QAE_NPAUIImage@lib2d@5@ABUSInfo@IBinObjFilter@libmedia@5@ABUSParameters@core@5@HPBD_N@Z 1000259d f   umodsys_lib_libmedia:umodsys.mod.media.images_std.obj
 0001:0000184b       ?get_generated_names@RGenerator@images_std@media@modules@UModSys@@UBEHAAUSUniquePtrList@core@5@@Z 1000284b f i umodsys_lib_libmedia:umodsys.mod.media.images_std.obj
 0001:00001864       ?get_generated_types@RGenerator@images_std@media@modules@UModSys@@UBEHAAUSUniquePtrList@core@5@PBUSUniquePointerInfo@75@@Z 10002864 f i umodsys_lib_libmedia:umodsys.mod.media.images_std.obj
 0001:00001896       ?generate@RGenerator@images_std@media@modules@UModSys@@UAE_NAAU?$TRefObject@UIRefObject@core@UModSys@@U?$TRefObjectFunc@UIRefObject@core@UModSys@@@tl@3@@tl@5@PBUSUniquePointerInfo@core@5@ABUSParameters@95@@Z 10002896 f i umodsys_lib_libmedia:umodsys.mod.media.images_std.obj
 0001:000018b7       ?root_get_interface_info@RGenerator@images_std@media@modules@UModSys@@UBEABUSUniquePointerInfo@core@5@XZ 100028b7 f i umodsys_lib_libmedia:umodsys.mod.media.images_std.obj
 0001:000018bd       ?root_get_interface_type@RGenerator@images_std@media@modules@UModSys@@UBEPBUSUniquePointerInfo@core@5@XZ 100028bd f i umodsys_lib_libmedia:umodsys.mod.media.images_std.obj
 0001:000018c3       ?root_get_other_interface@RGenerator@images_std@media@modules@UModSys@@UBEPBUIRoot@core@5@PBUSUniquePointerInfo@75@@Z 100028c3 f i umodsys_lib_libmedia:umodsys.mod.media.images_std.obj
 0001:000018c3       ?root_get_other_interface@RGenerator@images_std@media@modules@UModSys@@UAEPAUIRoot@core@5@PBUSUniquePointerInfo@75@@Z 100028c3 f i umodsys_lib_libmedia:umodsys.mod.media.images_std.obj
 0001:000018dc       ?root_is_interface_supported@RGenerator@images_std@media@modules@UModSys@@UBE_NPBUSUniquePointerInfo@core@5@@Z 100028dc f i umodsys_lib_libmedia:umodsys.mod.media.images_std.obj
 0001:000018fb       ?suicide@RGenerator@SDL_core@ui@modules@UModSys@@UAEXXZ 100028fb f i umodsys_lib_libui:umodsys.mod.ui.SDL_core.obj
 0001:000018fb       ?suicide@RGenerator@test1@test@modules@UModSys@@UAEXXZ 100028fb f i plugin_test1.obj
 0001:000018fb       ?suicide@RGenerator@images_std@media@modules@UModSys@@UAEXXZ 100028fb f i umodsys_lib_libmedia:umodsys.mod.media.images_std.obj
 0001:000018fc       ?get_uid@RGenerator@images_std@media@modules@UModSys@@UBEPBUSUniquePointerInfo@core@5@XZ 100028fc f i umodsys_lib_libmedia:umodsys.mod.media.images_std.obj
 0001:00001902       ?do_open@RModuleReg@images_std@media@modules@UModSys@@UAE_NXZ 10002902 f i umodsys_lib_libmedia:umodsys.mod.media.images_std.obj
 0001:0000194e       ?do_close@RModuleReg@images_std@media@modules@UModSys@@UAE_NXZ 1000294e f i umodsys_lib_libmedia:umodsys.mod.media.images_std.obj
 0001:00001989       ??_GIModuleReg@base@UModSys@@UAEPAXI@Z 10002989 f i umodsys_lib_base:umodsys.base.modulereg.obj
 0001:00001989       ??_GRModuleReg@images_std@media@modules@UModSys@@UAEPAXI@Z 10002989 f i umodsys_lib_libmedia:umodsys.mod.media.images_std.obj
 0001:00001989       ??_EIModuleReg@base@UModSys@@UAEPAXI@Z 10002989 f i  CIL library: CIL module
 0001:00001989       ??_ERModuleReg@SDL_core@ui@modules@UModSys@@UAEPAXI@Z 10002989 f i  CIL library: CIL module
 0001:00001989       ??_ERModuleReg@test1@test@modules@UModSys@@UAEPAXI@Z 10002989 f i  CIL library: CIL module
 0001:00001989       ??_GRModuleReg@test1@test@modules@UModSys@@UAEPAXI@Z 10002989 f i plugin_test1.obj
 0001:00001989       ??_ERModuleReg@images_std@media@modules@UModSys@@UAEPAXI@Z 10002989 f i  CIL library: CIL module
 0001:00001989       ??_GRModuleReg@SDL_core@ui@modules@UModSys@@UAEPAXI@Z 10002989 f i umodsys_lib_libui:umodsys.mod.ui.SDL_core.obj
 0001:000019a6       ?get_module@RGenerator@images_std@media@modules@UModSys@@UBEPAUIModule@base@5@XZ 100029a6 f   umodsys_lib_libmedia:umodsys.mod.media.images_std.obj
 0001:000019ac       ?mod_inc@RGenerator@images_std@media@modules@UModSys@@UBE_NXZ 100029ac f   umodsys_lib_libmedia:umodsys.mod.media.images_std.obj
 0001:000019b7       ?mod_dec@RGenerator@images_std@media@modules@UModSys@@UBE_NXZ 100029b7 f   umodsys_lib_libmedia:umodsys.mod.media.images_std.obj
 0001:000019c2       ?s_holder@RGenerator@images_std@media@modules@UModSys@@SAAAU?$TTypeStaticHolder@URGenerator@images_std@media@modules@UModSys@@@tl@5@XZ 100029c2 f   umodsys_lib_libmedia:umodsys.mod.media.images_std.obj
 0001:000019f4       ??_EIRoot@core@UModSys@@UAEPAXI@Z 100029f4 f i  CIL library: CIL module
 0001:000019f4       ??_GRGenerator@images_std@media@modules@UModSys@@UAEPAXI@Z 100029f4 f i umodsys_lib_libmedia:umodsys.mod.media.images_std.obj
 0001:000019f4       ??_GIRoot@core@UModSys@@UAEPAXI@Z 100029f4 f i plugin_test1.obj
 0001:000019f4       ??_ERGenerator@SDL_core@ui@modules@UModSys@@UAEPAXI@Z 100029f4 f i  CIL library: CIL module
 0001:000019f4       ??_ERGenerator@test1@test@modules@UModSys@@UAEPAXI@Z 100029f4 f i  CIL library: CIL module
 0001:000019f4       ??_ERGenerator@images_std@media@modules@UModSys@@UAEPAXI@Z 100029f4 f i  CIL library: CIL module
 0001:000019f4       ??_GRGenerator@SDL_core@ui@modules@UModSys@@UAEPAXI@Z 100029f4 f i umodsys_lib_libui:umodsys.mod.ui.SDL_core.obj
 0001:000019f4       ??_GRGenerator@test1@test@modules@UModSys@@UAEPAXI@Z 100029f4 f i plugin_test1.obj
 0001:00001a11       ??$t_gen_param@URMediaFilter@images_std@media@modules@UModSys@@URGenerator@2345@@IGenerator@base@UModSys@@IAE_NPAURGenerator@images_std@media@modules@2@AAU?$TRefObject@UIRefObject@core@UModSys@@U?$TRefObjectFunc@UIRefObject@core@UModSys@@@tl@3@@tl@2@PBUSUniquePointerInfo@core@2@ABUSParameters@core@2@@Z 10002a11 f i umodsys_lib_libmedia:umodsys.mod.media.images_std.obj
 0001:00001aa3       ??1?$TRefObject@UIRefObject@core@UModSys@@U?$TRefObjectFunc@UIRefObject@core@UModSys@@@tl@3@@tl@UModSys@@QAE@XZ 10002aa3 f i plugin_test1.obj
 0001:00001aa3       ??1?$TRefObject@URTerminal_SDL_core@SDL_core@ui@modules@UModSys@@U?$TRefObjectFunc@URTerminal_SDL_core@SDL_core@ui@modules@UModSys@@@tl@5@@tl@UModSys@@QAE@XZ 10002aa3 f i umodsys_lib_libui:umodsys.mod.ui.SDL_core.obj
 0001:00001aa3       ??1?$TRefObject@UITerminal@libui@UModSys@@U?$TRefObjectFunc@UITerminal@libui@UModSys@@@tl@3@@tl@UModSys@@QAE@XZ 10002aa3 f i plugin_test1.obj
 0001:00001aa3       ??1?$TRefObject@URMediaFilter@images_std@media@modules@UModSys@@U?$TRefObjectFunc@URMediaFilter@images_std@media@modules@UModSys@@@tl@5@@tl@UModSys@@QAE@XZ 10002aa3 f i umodsys_lib_libmedia:umodsys.mod.media.images_std.obj
 0001:00001ab2       ?Link@SModuleContext@base@UModSys@@QAEXPAUISystem@23@PAUIMemAlloc@core@3@@Z 10002ab2 f   umodsys_lib_base:umodsys.base.modulecontext.obj
 0001:00001afe       ?unlink@SMemorySharedData@core@UModSys@@QAEXPBUSSourceContext@23@@Z 10002afe f   umodsys_lib_base:umodsys.base.modulecontext.obj
 0001:00001b0e       ??0SModuleRegChain@base@UModSys@@QAE@AAUIModuleReg@12@@Z 10002b0e f   umodsys_lib_base:umodsys.base.moduleregchain.obj
 0001:00001b3d       ?s_get@SModuleRegChain@base@UModSys@@SAPAUIModuleReg@23@I@Z 10002b3d f   umodsys_lib_base:umodsys.base.moduleregchain.obj
 0001:00001b61       ?mlr_count@RModuleLibraryReg_Chain@base@UModSys@@UBEIXZ 10002b61 f   umodsys_lib_base:umodsys.base.moduleregchain.obj
 0001:00001b74       ?mlr_get@RModuleLibraryReg_Chain@base@UModSys@@UBEPAUIModuleReg@23@I@Z 10002b74 f   umodsys_lib_base:umodsys.base.moduleregchain.obj
 0001:00001b81       ?mlr_open@RModuleLibraryReg_Chain@base@UModSys@@UAE_NPAUISystem@23@PAUIMemAlloc@core@3@@Z 10002b81 f   umodsys_lib_base:umodsys.base.moduleregchain.obj
 0001:00001bde       ?mlr_close@RModuleLibraryReg_Chain@base@UModSys@@UAE_NXZ 10002bde f   umodsys_lib_base:umodsys.base.moduleregchain.obj
 0001:00001c3b       ?mlr_isopen@RModuleLibraryReg_Chain@base@UModSys@@UBE_NXZ 10002c3b f   umodsys_lib_base:umodsys.base.moduleregchain.obj
 0001:00001c47       _UModSys_Plugin_Entry2@0   10002c47 f   umodsys_lib_base:umodsys.so_main.win32.obj
 0001:00001c4d       ??0IModuleReg@base@UModSys@@QAE@PBDHH0@Z 10002c4d f   umodsys_lib_base:umodsys.base.modulereg.obj
 0001:00001c8c       ?mr_isopen@IModuleReg@base@UModSys@@UBE_NXZ 10002c8c f   umodsys_lib_base:umodsys.base.modulereg.obj
 0001:00001c95       ?mr_open@IModuleReg@base@UModSys@@UAE_NXZ 10002c95 f   umodsys_lib_base:umodsys.base.modulereg.obj
 0001:00001cb0       ?mr_close@IModuleReg@base@UModSys@@UAE_NXZ 10002cb0 f   umodsys_lib_base:umodsys.base.modulereg.obj
 0001:00001cbd       ??_ERModuleLibraryReg_Chain@base@UModSys@@UAEPAXI@Z 10002cbd f i  CIL library: CIL module
 0001:00001cbd       ??_GRModuleLibraryReg_Chain@base@UModSys@@UAEPAXI@Z 10002cbd f i umodsys_lib_base:umodsys.base.moduleregchain.obj
 0001:00001cbd       ??_GIModuleLibraryReg@base@UModSys@@UAEPAXI@Z 10002cbd f i umodsys_lib_base:umodsys.base.modulereg.obj
 0001:00001cbd       ??_EIModuleLibraryReg@base@UModSys@@UAEPAXI@Z 10002cbd f i  CIL library: CIL module
 0001:00001cda       ??0SUniquePointer@core@UModSys@@QAE@PBD0H@Z 10002cda f   umodsys_lib_core:umodsys.core.uniqueptr.obj
 0001:00001d1d       ??1SUniquePointer@core@UModSys@@QAE@XZ 10002d1d f   umodsys_lib_core:umodsys.core.uniqueptr.obj
 0001:00001d1d       ??1SModuleRegChain@base@UModSys@@QAE@XZ 10002d1d f   umodsys_lib_base:umodsys.base.moduleregchain.obj
 0001:00001d3b       ?suicide@IRoot@core@UModSys@@UAEXXZ 10002d3b f   umodsys_lib_core:umodsys.core.objects.obj
 0001:00001d46       ??3IRoot@core@UModSys@@SAXPAX@Z 10002d46 f   umodsys_lib_core:umodsys.core.objects.obj
 0001:00001d5f       ?Find@?$TSet@U?$TArray@PBUSUniquePointerInfo@core@UModSys@@@tl@UModSys@@U?$TScalarCompare@PBUSUniquePointerInfo@core@UModSys@@@core@3@@tl@UModSys@@QBEPBQBUSUniquePointerInfo@core@3@ABQBU453@@Z 10002d5f f i umodsys_lib_core:umodsys.core.uniqueptrlist.obj
 0001:00001de6       __onexit                   10002de6 f   MSVCRT:atonexit.obj
 0001:00001e8b       _atexit                    10002e8b f   MSVCRT:atonexit.obj
 0001:00001ea2       __purecall                 10002ea2 f   MSVCRT:MSVCR90.dll
 0001:00001ea8       ??3@YAXPAX@Z               10002ea8 f   MSVCRT:MSVCR90.dll
 0001:00001eae       ??_Etype_info@@UAEPAXI@Z   10002eae f i MSVCRT:ti_inst.obj
 0001:00001f49       __CRT_INIT@12              10002f49 f   MSVCRT:crtdll.obj
 0001:00002285       __DllMainCRTStartup@12     10003285 f   MSVCRT:crtdll.obj
 0001:000022a8       __unlock                   100032a8 f   MSVCRT:MSVCR90.dll
 0001:000022ae       ___dllonexit               100032ae f   MSVCRT:MSVCR90.dll
 0001:000022b4       __lock                     100032b4 f   MSVCRT:MSVCR90.dll
 0001:000022bc       __SEH_prolog4              100032bc f   MSVCRT:sehprolg4.obj
 0001:00002301       __SEH_epilog4              10003301 f   MSVCRT:sehprolg4.obj
 0001:00002315       __except_handler4          10003315 f   MSVCRT:chandler4gs.obj
 0001:0000233a       ?__ArrayUnwind@@YGXPAXIHP6EX0@Z@Z 1000333a f   MSVCRT:ehvecdtr.obj
 0001:00002398       ??_M@YGXPAXIHP6EX0@Z@Z     10003398 f   MSVCRT:ehvecdtr.obj
 0001:000023fb       ___clean_type_info_names   100033fb f   MSVCRT:tncleanup.obj
 0001:00002407       __RTC_Initialize           10003407 f   MSVCRT:_initsect_.obj
 0001:0000242d       __RTC_Terminate            1000342d f   MSVCRT:_initsect_.obj
 0001:00002460       __ValidateImageBase        10003460 f   MSVCRT:pesect.obj
 0001:000024a0       __FindPESection            100034a0 f   MSVCRT:pesect.obj
 0001:000024f0       __IsNonwritableInCurrentImage 100034f0 f   MSVCRT:pesect.obj
 0001:000025ae       __initterm                 100035ae f   MSVCRT:MSVCR90.dll
 0001:000025b4       __initterm_e               100035b4 f   MSVCRT:MSVCR90.dll
 0001:000025ba       __amsg_exit                100035ba f   MSVCRT:MSVCR90.dll
 0001:000025c0       ___CppXcptFilter           100035c0 f   MSVCRT:MSVCR90.dll
 0001:000025c6       _DllMain@12                100035c6 f   MSVCRT:dllmain.obj
 0001:000025ea       ___security_init_cookie    100035ea f   MSVCRT:gs_support.obj
 0001:00002680       @__security_check_cookie@4 10003680 f   MSVCRT:secchk.obj
 0001:00002690       __except_handler4_common   10003690 f   MSVCRT:MSVCR90.dll
 0001:00002696       ?terminate@@YAXXZ          10003696 f   MSVCRT:MSVCR90.dll
 0001:0000269c       ??1type_info@@UAE@XZ       1000369c f   MSVCRT:MSVCR90.dll
 0001:0000269c       ?_type_info_dtor_internal_method@type_info@@QAEXXZ 1000369c f   MSVCRT:MSVCR90.dll
 0001:000026a2       ___clean_type_info_names_internal 100036a2 f   MSVCRT:MSVCR90.dll
 0001:000026a8       ___report_gsfailure        100036a8 f   MSVCRT:gs_report.obj
 0001:000027ae       __crt_debugger_hook        100037ae f   MSVCRT:MSVCR90.dll
 0001:000027b4       _png_get_IHDR              100037b4 f   lib_libpng:lib_libpng.dll
 0001:000027ba       _png_read_info             100037ba f   lib_libpng:lib_libpng.dll
 0001:000027c0       _png_sig_cmp               100037c0 f   lib_libpng:lib_libpng.dll
 0001:000027c6       _png_create_read_struct    100037c6 f   lib_libpng:lib_libpng.dll
 0001:000027cc       _png_get_io_ptr            100037cc f   lib_libpng:lib_libpng.dll
 0001:000027d2       _png_create_info_struct    100037d2 f   lib_libpng:lib_libpng.dll
 0001:000027d8       _png_set_read_fn           100037d8 f   lib_libpng:lib_libpng.dll
 0001:000027de       _png_read_update_info      100037de f   lib_libpng:lib_libpng.dll
 0001:000027e4       _png_set_sig_bytes         100037e4 f   lib_libpng:lib_libpng.dll
 0001:000027ea       _png_read_row              100037ea f   lib_libpng:lib_libpng.dll
 0001:000027f0       _png_error                 100037f0 f   lib_libpng:lib_libpng.dll
 0001:000027f6       _png_destroy_read_struct   100037f6 f   lib_libpng:lib_libpng.dll
 0001:000027fc       _SDL_Init                  100037fc f   lib_SDL2:lib_SDL2.dll
 0001:00002802       _SDL_DestroyWindow         10003802 f   lib_SDL2:lib_SDL2.dll
 0001:00002808       _SDL_CreateWindow          10003808 f   lib_SDL2:lib_SDL2.dll
 0001:0000280e       _SDL_PumpEvents            1000380e f   lib_SDL2:lib_SDL2.dll
 0001:00002814       _SDL_Delay                 10003814 f   lib_SDL2:lib_SDL2.dll
 0001:0000281a       _SDL_PeepEvents            1000381a f   lib_SDL2:lib_SDL2.dll
 0001:00002820       _SDL_GetTicks              10003820 f   lib_SDL2:lib_SDL2.dll
 0001:00002826       _SDL_Quit                  10003826 f   lib_SDL2:lib_SDL2.dll
 0001:00002830       __ftol2_sse                10003830 f   MSVCRT:ftol2.obj
 0001:00002839       __ftol2_pentium4           10003839 f   MSVCRT:ftol2.obj
 0001:0000284c       __ftol2_sse_excpt          1000384c f   MSVCRT:ftol2.obj
 0001:00002866       __ftol2                    10003866 f   MSVCRT:ftol2.obj
 0001:000028dc       _memcpy                    100038dc f   MSVCRT:MSVCR90.dll
 0001:000028e2       ___CxxFrameHandler3        100038e2 f   MSVCRT:MSVCR90.dll
 0001:000028e8       __EH_prolog                100038e8 f   MSVCRT:ehprolog.obj
 0001:00002910       __alloca_probe             10003910     MSVCRT:chkstk.obj
 0001:00002910       __chkstk                   10003910 f   MSVCRT:chkstk.obj
 0001:0000293c       __setjmp3                  1000393c f   MSVCRT:MSVCR90.dll
 0001:00002942       ___CxxLongjmpUnwind@4      10003942 f   MSVCRT:MSVCR90.dll
 0001:00002998       __get_sse2_info            10003998 f   MSVCRT:cpu_disp.obj
 0001:000029fa       ___sse2_available_init     100039fa f   MSVCRT:cpu_disp.obj
 0002:00000000       __imp__InterlockedExchange@8 10005000     kernel32:KERNEL32.dll
 0002:00000004       __imp__InterlockedCompareExchange@12 10005004     kernel32:KERNEL32.dll
 0002:00000008       __imp__DisableThreadLibraryCalls@4 10005008     kernel32:KERNEL32.dll
 0002:0000000c       __imp__QueryPerformanceCounter@4 1000500c     kernel32:KERNEL32.dll
 0002:00000010       __imp__GetTickCount@0      10005010     kernel32:KERNEL32.dll
 0002:00000014       __imp__GetCurrentThreadId@0 10005014     kernel32:KERNEL32.dll
 0002:00000018       __imp__GetCurrentProcessId@0 10005018     kernel32:KERNEL32.dll
 0002:0000001c       __imp__GetSystemTimeAsFileTime@4 1000501c     kernel32:KERNEL32.dll
 0002:00000020       __imp__TerminateProcess@8  10005020     kernel32:KERNEL32.dll
 0002:00000024       __imp__GetCurrentProcess@0 10005024     kernel32:KERNEL32.dll
 0002:00000028       __imp__UnhandledExceptionFilter@4 10005028     kernel32:KERNEL32.dll
 0002:0000002c       __imp__SetUnhandledExceptionFilter@4 1000502c     kernel32:KERNEL32.dll
 0002:00000030       __imp__IsDebuggerPresent@0 10005030     kernel32:KERNEL32.dll
 0002:00000034       __imp__Sleep@4             10005034     kernel32:KERNEL32.dll
 0002:00000038       \177KERNEL32_NULL_THUNK_DATA 10005038     kernel32:KERNEL32.dll
 0002:0000003c       __imp___initterm_e         1000503c     MSVCRT:MSVCR90.dll
 0002:00000040       __imp___amsg_exit          10005040     MSVCRT:MSVCR90.dll
 0002:00000044       __imp___adjust_fdiv        10005044     MSVCRT:MSVCR90.dll
 0002:00000048       __imp____CppXcptFilter     10005048     MSVCRT:MSVCR90.dll
 0002:0000004c       __imp___except_handler4_common 1000504c     MSVCRT:MSVCR90.dll
 0002:00000050       __imp___initterm           10005050     MSVCRT:MSVCR90.dll
 0002:00000054       __imp_?_type_info_dtor_internal_method@type_info@@QAEXXZ 10005054     MSVCRT:MSVCR90.dll
 0002:00000058       __imp____clean_type_info_names_internal 10005058     MSVCRT:MSVCR90.dll
 0002:0000005c       __imp___crt_debugger_hook  1000505c     MSVCRT:MSVCR90.dll
 0002:00000060       __imp___setjmp3            10005060     MSVCRT:MSVCR90.dll
 0002:00000064       __imp____CxxFrameHandler3  10005064     MSVCRT:MSVCR90.dll
 0002:00000068       __imp__memcpy              10005068     MSVCRT:MSVCR90.dll
 0002:0000006c       __imp___encoded_null       1000506c     MSVCRT:MSVCR90.dll
 0002:00000070       __imp__free                10005070     MSVCRT:MSVCR90.dll
 0002:00000074       __imp___malloc_crt         10005074     MSVCRT:MSVCR90.dll
 0002:00000078       __imp___decode_pointer     10005078     MSVCRT:MSVCR90.dll
 0002:0000007c       __imp___onexit             1000507c     MSVCRT:MSVCR90.dll
 0002:00000080       __imp___lock               10005080     MSVCRT:MSVCR90.dll
 0002:00000084       __imp___encode_pointer     10005084     MSVCRT:MSVCR90.dll
 0002:00000088       __imp____dllonexit         10005088     MSVCRT:MSVCR90.dll
 0002:0000008c       __imp___unlock             1000508c     MSVCRT:MSVCR90.dll
 0002:00000090       __imp__longjmp             10005090     MSVCRT:MSVCR90.dll
 0002:00000094       __imp____CxxLongjmpUnwind@4 10005094     MSVCRT:MSVCR90.dll
 0002:00000098       __imp__strstr              10005098     MSVCRT:MSVCR90.dll
 0002:0000009c       __imp_??3@YAXPAX@Z         1000509c     MSVCRT:MSVCR90.dll
 0002:000000a0       __imp___purecall           100050a0     MSVCRT:MSVCR90.dll
 0002:000000a4       __imp_?terminate@@YAXXZ    100050a4     MSVCRT:MSVCR90.dll
 0002:000000a8       __imp__strncmp             100050a8     MSVCRT:MSVCR90.dll
 0002:000000ac       \177MSVCR90_NULL_THUNK_DATA 100050ac     MSVCRT:MSVCR90.dll
 0002:000000b0       __imp__SDL_CreateWindow    100050b0     lib_SDL2:lib_SDL2.dll
 0002:000000b4       __imp__SDL_Quit            100050b4     lib_SDL2:lib_SDL2.dll
 0002:000000b8       __imp__SDL_GetTicks        100050b8     lib_SDL2:lib_SDL2.dll
 0002:000000bc       __imp__SDL_PeepEvents      100050bc     lib_SDL2:lib_SDL2.dll
 0002:000000c0       __imp__SDL_Init            100050c0     lib_SDL2:lib_SDL2.dll
 0002:000000c4       __imp__SDL_DestroyWindow   100050c4     lib_SDL2:lib_SDL2.dll
 0002:000000c8       __imp__SDL_PumpEvents      100050c8     lib_SDL2:lib_SDL2.dll
 0002:000000cc       __imp__SDL_Delay           100050cc     lib_SDL2:lib_SDL2.dll
 0002:000000d0       \177lib_SDL2_NULL_THUNK_DATA 100050d0     lib_SDL2:lib_SDL2.dll
 0002:000000d4       __imp__jpeg_std_error      100050d4     lib_jpeglib:lib_jpeglib.dll
 0002:000000d8       __imp__jpeg_read_scanlines 100050d8     lib_jpeglib:lib_jpeglib.dll
 0002:000000dc       __imp__jpeg_finish_decompress 100050dc     lib_jpeglib:lib_jpeglib.dll
 0002:000000e0       __imp__jpeg_read_header    100050e0     lib_jpeglib:lib_jpeglib.dll
 0002:000000e4       __imp__jpeg_resync_to_restart 100050e4     lib_jpeglib:lib_jpeglib.dll
 0002:000000e8       __imp__jpeg_destroy_decompress 100050e8     lib_jpeglib:lib_jpeglib.dll
 0002:000000ec       __imp__jpeg_CreateDecompress 100050ec     lib_jpeglib:lib_jpeglib.dll
 0002:000000f0       __imp__jpeg_start_decompress 100050f0     lib_jpeglib:lib_jpeglib.dll
 0002:000000f4       __imp__jpeg_destroy        100050f4     lib_jpeglib:lib_jpeglib.dll
 0002:000000f8       \177lib_jpeglib_NULL_THUNK_DATA 100050f8     lib_jpeglib:lib_jpeglib.dll
 0002:000000fc       __imp__png_destroy_read_struct 100050fc     lib_libpng:lib_libpng.dll
 0002:00000100       __imp__png_error           10005100     lib_libpng:lib_libpng.dll
 0002:00000104       __imp__png_read_row        10005104     lib_libpng:lib_libpng.dll
 0002:00000108       __imp__png_set_sig_bytes   10005108     lib_libpng:lib_libpng.dll
 0002:0000010c       __imp__png_read_update_info 1000510c     lib_libpng:lib_libpng.dll
 0002:00000110       __imp__png_set_read_fn     10005110     lib_libpng:lib_libpng.dll
 0002:00000114       __imp__png_create_info_struct 10005114     lib_libpng:lib_libpng.dll
 0002:00000118       __imp__png_get_io_ptr      10005118     lib_libpng:lib_libpng.dll
 0002:0000011c       __imp__png_create_read_struct 1000511c     lib_libpng:lib_libpng.dll
 0002:00000120       __imp__png_sig_cmp         10005120     lib_libpng:lib_libpng.dll
 0002:00000124       __imp__png_read_info       10005124     lib_libpng:lib_libpng.dll
 0002:00000128       __imp__png_get_IHDR        10005128     lib_libpng:lib_libpng.dll
 0002:0000012c       \177lib_libpng_NULL_THUNK_DATA 1000512c     lib_libpng:lib_libpng.dll
 0002:00000130       ___xc_a                    10005130     MSVCRT:cinitexe.obj
 0002:00000480       ___xc_z                    10005480     MSVCRT:cinitexe.obj
 0002:00000484       ___xi_a                    10005484     MSVCRT:cinitexe.obj
 0002:00000490       ___xi_z                    10005490     MSVCRT:cinitexe.obj
 0002:0000049c       ??_7type_info@@6B@         1000549c     MSVCRT:ti_inst.obj
 0002:000004a0       __pRawDllMain              100054a0     MSVCRT:crtdll.obj
 0002:000004a0       __pDefaultRawDllMain       100054a0     MSVCRT:crtdll.obj
 0002:000004ac       ??_C@_0P@GHFPNOJB@bad?5allocation?$AA@ 100054ac     plugin_test1.obj
 0002:000004bc       ??_C@_0BF@OCNNAADO@UModSys?3?3core?3?3IRoot?$AA@ 100054bc     plugin_test1.obj
 0002:000004d4       ??_C@_0BK@EMIJFOPA@UModSys?3?3core?3?3IRefObject?$AA@ 100054d4     plugin_test1.obj
 0002:000004f0       ??_C@_0BL@IOMMHELF@UModSys?3?3core?3?3IParameters?$AA@ 100054f0     plugin_test1.obj
 0002:0000050c       ??_C@_0BH@LKDEEPPM@UModSys?3?3base?3?3IModule?$AA@ 1000550c     plugin_test1.obj
 0002:00000524       ??_C@_0BO@PHJOHFCB@UModSys?3?3base?3?3IModuleLibrary?$AA@ 10005524     plugin_test1.obj
 0002:00000544       ??_C@_0BK@FDPIOPHG@UModSys?3?3base?3?3IModObject?$AA@ 10005544     plugin_test1.obj
 0002:00000560       ??_C@_0BK@OIBKNCKJ@UModSys?3?3base?3?3IGenerator?$AA@ 10005560     plugin_test1.obj
 0002:0000057c       ??_C@_0BG@PJBGCMEC@UModSys?3?3base?3?3IShell?$AA@ 1000557c     plugin_test1.obj
 0002:00000594       ??_C@_0BI@IKAOEFAP@UModSys?3?3base?3?3IConsole?$AA@ 10005594     plugin_test1.obj
 0002:000005ac       ??_C@_0BH@PFCONEJJ@UModSys?3?3base?3?3ISystem?$AA@ 100055ac     plugin_test1.obj
 0002:000005c4       ??_C@_0CB@CLGNFEGF@UModSys?3?3libmedia?3?3IStreamReader@ 100055c4     plugin_test1.obj
 0002:000005e8       ??_C@_0CB@HOPFFLP@UModSys?3?3libmedia?3?3IStreamWriter@ 100055e8     plugin_test1.obj
 0002:0000060c       ??_C@_0BP@KCJMEDNO@UModSys?3?3libmedia?3?3IBinArchive?$AA@ 1000560c     plugin_test1.obj
 0002:0000062c       ??_C@_0CB@FDEKNMGJ@UModSys?3?3libmedia?3?3IBinObjFilter@ 1000562c     plugin_test1.obj
 0002:00000650       ??_C@_0BM@DPCMOAPM@UModSys?3?3libmedia?3?3ILibrary?$AA@ 10005650     plugin_test1.obj
 0002:0000066c       ??_C@_0CD@ELIFEGE@UModSys?3?3libmedia?3?3ILibraryBinTr@ 1000566c     plugin_test1.obj
 0002:00000690       ??_C@_0CE@EGHBJBAJ@UModSys?3?3libmedia?3?3ILibraryBinCa@ 10005690     plugin_test1.obj
 0002:000006b4       ??_C@_0CF@LBIGBLOK@UModSys?3?3libmedia?3?3ILibraryObjFi@ 100056b4     plugin_test1.obj
 0002:000006dc       ??_C@_0CE@BOBLEOBL@UModSys?3?3libmedia?3?3ILibraryObjCa@ 100056dc     plugin_test1.obj
 0002:00000700       ??_C@_0CD@LJFEJKGF@UModSys?3?3libmedia?3?3ILibraryLayer@ 10005700     plugin_test1.obj
 0002:00000728       ?utf_bytesFromUTF8@su@tl@UModSys@@3QBEB 10005728     umodsys_lib_core:umodsys.tl.utf.obj
 0002:00000828       ?utf_firstByteMark@su@tl@UModSys@@3QBEB 10005828     umodsys_lib_core:umodsys.tl.utf.obj
 0002:00000830       ?utf_offsetsFromUTF8@su@tl@UModSys@@3QBHB 10005830     umodsys_lib_core:umodsys.tl.utf.obj
 0002:00000860       ??_C@_0BL@NMJBPMOF@UModSys?3?3base?3?3IConsoleExt?$AA@ 10005860     plugin_test1.obj
 0002:0000087c       ??_C@_0BO@CGANABBB@UModSys?3?3base?3?3IConsoleHelper?$AA@ 1000587c     plugin_test1.obj
 0002:0000089c       ??_C@_0CF@NIEDAAFG@UModSys?3?3base?3?3IConsoleHelperHis@ 1000589c     plugin_test1.obj
 0002:000008c4       ??_C@_0CD@FCDJONHN@UModSys?3?3base?3?3IConsoleHelperInp@ 100058c4     plugin_test1.obj
 0002:000008e8       ??_C@_0CE@KMOIHDDJ@UModSys?3?3base?3?3IConsoleHelperOut@ 100058e8     plugin_test1.obj
 0002:0000090c       ??_C@_0CH@NMEMKECD@UModSys?3?3base?3?3IConsoleHelperOut@ 1000590c     plugin_test1.obj
 0002:00000934       ??_C@_0CE@DIFILHID@UModSys?3?3libui?3?3IKeyboardControl@ 10005934     plugin_test1.obj
 0002:00000958       ??_C@_0CB@MBIJAGJE@UModSys?3?3libui?3?3IMouseController@ 10005958     plugin_test1.obj
 0002:0000097c       ??_C@_0CE@HLKJKPC@UModSys?3?3libui?3?3IJoystickControl@ 1000597c     plugin_test1.obj
 0002:000009a0       ??_C@_0BK@GJJNKGGD@UModSys?3?3libui?3?3ITerminal?$AA@ 100059a0     plugin_test1.obj
 0002:000009bc       ??_C@_0CK@HENOKNKH@UModSys?3?3libui?3?3IConsoleHelperIn@ 100059bc     plugin_test1.obj
 0002:000009e8       ??_C@_0CG@DNABKNDD@UModSys?3?3modules?3?3test?3?3test1?3?3I@ 100059e8     plugin_test1.obj
 0002:00000a10       ??_C@_0CG@FINIGFAH@UModSys?3?3modules?3?3test?3?3test1?3?3R@ 10005a10     plugin_test1.obj
 0002:00000a38       ??_C@_0CN@EFAOPDDB@UModSys?3?3modules?3?3test?3?3test1?3?3R@ 10005a38     plugin_test1.obj
 0002:00000a68       ??_C@_0CM@LNHNHIJB@UModSys?3?3modules?3?3test?3?3test1?3?3R@ 10005a68     plugin_test1.obj
 0002:00000a94       ??_C@_0BC@NIGGCDMG@RTest1_Shell?$CI?$CJ?5?$HL?6?$AA@ 10005a94     plugin_test1.obj
 0002:00000aa8       ??_C@_0DK@JIEMIEKA@UModSys?3?3modules?3?3test?3?3test1?3?3R@ 10005aa8     plugin_test1.obj
 0002:00000ae4       ??_C@_0CK@OICDGBDJ@?4?4?2?4?4?2?4?4?2src?2plugin?2test?2plugin_@ 10005ae4     plugin_test1.obj
 0002:00000b10       ??_C@_0BF@BMCPNMPN@?$HN?5?1?1?5RTest1_Shell?$CI?$CJ?6?$AA@ 10005b10     plugin_test1.obj
 0002:00000b28       ??_C@_0DL@OIAHAJF@UModSys?3?3modules?3?3test?3?3test1?3?3R@ 10005b28     plugin_test1.obj
 0002:00000b64       ??_C@_0BB@MLDFLEML@?$HORTest1_Shell?$CI?$CJ?6?$AA@ 10005b64     plugin_test1.obj
 0002:00000b78       ??_C@_0BJ@CCPCJEPP@RTest1_Shell?3?3connect?$CI?$CJ?6?$AA@ 10005b78     plugin_test1.obj
 0002:00000b94       ??_C@_0BM@KBDBHLN@RTest1_Shell?3?3disconnect?$CI?$CJ?6?$AA@ 10005b94     plugin_test1.obj
 0002:00000bb0       ??_C@_0BI@PGLACHLJ@RTest1_Shell?3?3tick?$CI?$CFg?$CJ?6?$AA@ 10005bb0     plugin_test1.obj
 0002:00000bc8       ??_C@_0BM@JFIEEBE@RTest1_Shell?3?3command?$CI?$CD?$CFd?$CJ?6?$AA@ 10005bc8     plugin_test1.obj
 0002:00000be4       ??_C@_0BP@CAPONCLM@?5?5found?5terminal?5?$CFs?3?5?$CFs?5?$DN?$DO?5?$CFp?6?$AA@ 10005be4     plugin_test1.obj
 0002:00000c04       ??_C@_0BE@CKPLJHAG@?5?5fail?5terminal?5?$CFs?6?$AA@ 10005c04     plugin_test1.obj
 0002:00000c18       ??_C@_0P@GKJLFKKG@?$CK?3?3SDL_core?3?3?$CK?$AA@ 10005c18     plugin_test1.obj
 0002:00000c28       ??_C@_0CK@DEJPICLK@UModSys?3?3modules?3?3test?3?3test1?3?3R@ 10005c28     plugin_test1.obj
 0002:00000c54       ??_C@_0DD@HMBJLEH@UMODSYS_MODULE_NAME?$CItest?0test1?$CJ?3@ 10005c54     plugin_test1.obj
 0002:00000c88       ??_C@_0BA@NMEBLMNE@Test?51?5?9?5module?$AA@ 10005c88     plugin_test1.obj
 0002:00000c98       ??_C@_0N@FOCLJAHI@tests?3?3test1?$AA@ 10005c98     plugin_test1.obj
 0002:00000ca8       ??_C@_0BE@HJEBHPIG@RModuleReg?3?3open?$CI?$CJ?6?$AA@ 10005ca8     plugin_test1.obj
 0002:00000cbc       ??_C@_0BF@KIBBFLP@RModuleReg?3?3close?$CI?$CJ?6?$AA@ 10005cbc     plugin_test1.obj
 0002:00000cd4       ??_C@_09JGNMLHG@modobject?$AA@ 10005cd4     plugin_test1.obj
 0002:00000ce0       ??_C@_08FCBDOIAH@typeinfo?$AA@ 10005ce0     plugin_test1.obj
 0002:00000cf0       ??_7IRoot@core@UModSys@@6B@ 10005cf0     plugin_test1.obj
 0002:00000d14       ??_7ISetter@SFlags@libmedia@UModSys@@6B@ 10005d14     plugin_test1.obj
 0002:00000d24       ??_7RTest1_Shell@test1@test@modules@UModSys@@6B@ 10005d24     plugin_test1.obj
 0002:00000d6c       ??_7RGenerator@test1@test@modules@UModSys@@6B@ 10005d6c     plugin_test1.obj
 0002:00000dbc       ??_7RModuleReg@test1@test@modules@UModSys@@6B@ 10005dbc     plugin_test1.obj
 0002:00000dd4       ??_C@_0DD@HBKHIPP@UModSys?3?3modules?3?3ui?3?3SDL_core?3?3@ 10005dd4     umodsys_lib_libui:umodsys.mod.ui.SDL_core.obj
 0002:00000e08       ??_C@_03CMFMKFLK@SDL?$AA@  10005e08     umodsys_lib_libui:umodsys.mod.ui.SDL_core.obj
 0002:00000e0c       ??_C@_0CL@JNMIGLLO@UModSys?3?3modules?3?3ui?3?3SDL_core?3?3@ 10005e0c     umodsys_lib_libui:umodsys.mod.ui.SDL_core.obj
 0002:00000e38       ??_C@_0DE@GHIHDIMC@UMODSYS_MODULE_NAME?$CIui?0SDL_core?$CJ@ 10005e38     umodsys_lib_libui:umodsys.mod.ui.SDL_core.obj
 0002:00000e6c       ??_C@_00CNPNBAHC@?$AA@     10005e6c     umodsys_lib_libui:umodsys.mod.ui.SDL_core.obj
 0002:00000e70       ??_C@_0N@MLKEIMGM@ui?3?3SDC_core?$AA@ 10005e70     umodsys_lib_libui:umodsys.mod.ui.SDL_core.obj
 0002:00000e84       ??_7RGenerator@SDL_core@ui@modules@UModSys@@6B@ 10005e84     umodsys_lib_libui:umodsys.mod.ui.SDL_core.obj
 0002:00000ed4       ??_7RTerminal_SDL_core@SDL_core@ui@modules@UModSys@@6B@ 10005ed4     umodsys_lib_libui:umodsys.mod.ui.SDL_core.obj
 0002:00000f5c       ??_7?$TRTerminalConnectionNull@UIKeyboardController@libui@UModSys@@@libui@UModSys@@6B@ 10005f5c     umodsys_lib_libui:umodsys.mod.ui.SDL_core.obj
 0002:00000f74       ??_7?$TRTerminalConnectionNull@UIMouseController@libui@UModSys@@@libui@UModSys@@6B@ 10005f74     umodsys_lib_libui:umodsys.mod.ui.SDL_core.obj
 0002:00000f8c       ??_7?$TRTerminalConnectionNull@UITouchController@libui@UModSys@@@libui@UModSys@@6B@ 10005f8c     umodsys_lib_libui:umodsys.mod.ui.SDL_core.obj
 0002:00000fa4       ??_7?$TRTerminalConnectionNull@UIJoystickController@libui@UModSys@@@libui@UModSys@@6B@ 10005fa4     umodsys_lib_libui:umodsys.mod.ui.SDL_core.obj
 0002:00000fbc       ??_7?$TRTerminalConnectionNull@UICaptureDriver@lib2d@UModSys@@@libui@UModSys@@6B@ 10005fbc     umodsys_lib_libui:umodsys.mod.ui.SDL_core.obj
 0002:00000fd4       ??_7?$TRTerminalConnectionNull@UICaptureDriver@lib3d@UModSys@@@libui@UModSys@@6B@ 10005fd4     umodsys_lib_libui:umodsys.mod.ui.SDL_core.obj
 0002:00000fec       ??_7?$TRTerminalConnectionNull@UICaptureDriver@libmovie@UModSys@@@libui@UModSys@@6B@ 10005fec     umodsys_lib_libui:umodsys.mod.ui.SDL_core.obj
 0002:00001004       ??_7?$TRTerminalConnectionNull@UICaptureDriver@libsound@UModSys@@@libui@UModSys@@6B@ 10006004     umodsys_lib_libui:umodsys.mod.ui.SDL_core.obj
 0002:0000101c       ??_7?$TRTerminalConnectionNull@UICaptureDriver@libmusic@UModSys@@@libui@UModSys@@6B@ 1000601c     umodsys_lib_libui:umodsys.mod.ui.SDL_core.obj
 0002:00001034       ??_7?$TRTerminalConnectionNull@UIRenderDriver@lib3d@UModSys@@@libui@UModSys@@6B@ 10006034     umodsys_lib_libui:umodsys.mod.ui.SDL_core.obj
 0002:0000104c       ??_7?$TRTerminalConnectionNull@UIRenderDriver@lib2d@UModSys@@@libui@UModSys@@6B@ 1000604c     umodsys_lib_libui:umodsys.mod.ui.SDL_core.obj
 0002:00001064       ??_7?$TRTerminalConnectionNull@UIRenderDriver@libmovie@UModSys@@@libui@UModSys@@6B@ 10006064     umodsys_lib_libui:umodsys.mod.ui.SDL_core.obj
 0002:0000107c       ??_7?$TRTerminalConnectionNull@UIRenderDriver@libsound@UModSys@@@libui@UModSys@@6B@ 1000607c     umodsys_lib_libui:umodsys.mod.ui.SDL_core.obj
 0002:00001094       ??_7?$TRTerminalConnectionNull@UIRenderDriver@libmusic@UModSys@@@libui@UModSys@@6B@ 10006094     umodsys_lib_libui:umodsys.mod.ui.SDL_core.obj
 0002:000010ac       ??_7RModuleReg@SDL_core@ui@modules@UModSys@@6B@ 100060ac     umodsys_lib_libui:umodsys.mod.ui.SDL_core.obj
 0002:000010c4       ??_C@_0BH@JDBCAPMN@UModSys?3?3lib2d?3?3IImage?$AA@ 100060c4     umodsys_lib_libmedia:umodsys.mod.media.images_std.obj
 0002:000010dc       ??_C@_0BM@NDCOKBPH@UModSys?3?3lib2d?3?3IMultiImage?$AA@ 100060dc     umodsys_lib_libmedia:umodsys.mod.media.images_std.obj
 0002:000010f8       ??_C@_0DC@OJAOGACO@UModSys?3?3modules?3?3media?3?3images_@ 100060f8     umodsys_lib_libmedia:umodsys.mod.media.images_std.obj
 0002:0000112c       ??_C@_0O@IMJFODOA@lib2d?3?3IImage?$AA@ 1000612c     umodsys_lib_libmedia:umodsys.mod.media.images_std.obj
 0002:0000113c       ??_C@_0BH@FAPHCJAO@image_palette_alphakey?$AA@ 1000613c     umodsys_lib_libmedia:umodsys.mod.media.images_std.obj
 0002:00001154       ??_C@_0L@MIOOFCJG@image_hint?$AA@ 10006154     umodsys_lib_libmedia:umodsys.mod.media.images_std.obj
 0002:00001160       ??_C@_0M@CPFHCGMF@image_alpha?$AA@ 10006160     umodsys_lib_libmedia:umodsys.mod.media.images_std.obj
 0002:0000116c       ??_C@_04GNPKBLNA@?4jpg?$AA@ 1000616c     umodsys_lib_libmedia:umodsys.mod.media.images_std.obj
 0002:00001174       ??_C@_05KPIGABMB@?4jpeg?$AA@ 10006174     umodsys_lib_libmedia:umodsys.mod.media.images_std.obj
 0002:0000117c       ??_C@_04EEOGCCFB@?4png?$AA@ 1000617c     umodsys_lib_libmedia:umodsys.mod.media.images_std.obj
 0002:00001184       ??_C@_0CB@LKENOGAK@PNG?5FATAL?5ERROR?3?5png?5error?5?9?5?$CFs?6@ 10006184     umodsys_lib_libmedia:umodsys.mod.media.images_std.obj
 0002:000011a8       ??_C@_0L@BAFDDAPG@Read?5Error?$AA@ 100061a8     umodsys_lib_libmedia:umodsys.mod.media.images_std.obj
 0002:000011b4       ??_C@_0M@PMDCBFIO@1?47?40beta06?$AA@ 100061b4     umodsys_lib_libmedia:umodsys.mod.media.images_std.obj
 0002:000011c0       ??_C@_0DA@GEKJILHJ@UModSys?3?3modules?3?3media?3?3images_@ 100061c0     umodsys_lib_libmedia:umodsys.mod.media.images_std.obj
 0002:000011f0       ??_C@_0DJ@PEFKPECF@UMODSYS_MODULE_NAME?$CImedia?0images@ 100061f0     umodsys_lib_libmedia:umodsys.mod.media.images_std.obj
 0002:0000122c       ??_C@_0BC@FLDHBKGG@media?3?3images_std?$AA@ 1000622c     umodsys_lib_libmedia:umodsys.mod.media.images_std.obj
 0002:00001244       ??_7RGenerator@images_std@media@modules@UModSys@@6B@ 10006244     umodsys_lib_libmedia:umodsys.mod.media.images_std.obj
 0002:00001294       ??_7RMediaFilter@images_std@media@modules@UModSys@@6BIRefObject@core@4@@ 10006294     umodsys_lib_libmedia:umodsys.mod.media.images_std.obj
 0002:000012d4       ??_7RMediaFilter@images_std@media@modules@UModSys@@6BISetter@SFlags@libmedia@4@@ 100062d4     umodsys_lib_libmedia:umodsys.mod.media.images_std.obj
 0002:000012e4       ??_7RModuleReg@images_std@media@modules@UModSys@@6B@ 100062e4     umodsys_lib_libmedia:umodsys.mod.media.images_std.obj
 0002:00001300       ??_7RModuleLibraryReg_Chain@base@UModSys@@6B@ 10006300     umodsys_lib_base:umodsys.base.moduleregchain.obj
 0002:0000131c       ??_7IModuleReg@base@UModSys@@6B@ 1000631c     umodsys_lib_base:umodsys.base.modulereg.obj
 0002:00001338       ??_7IModuleLibraryReg@base@UModSys@@6B@ 10006338     umodsys_lib_base:umodsys.base.modulereg.obj
 0002:00001350       __real@408f400000000000    10006350      CIL library: CIL module
 0002:00001358       __real@41f0000000000000    10006358      CIL library: CIL module
 0002:00001360       __real@3f50624dd2f1a9fc    10006360      CIL library: CIL module
 0002:00001368       __real@3a83126f            10006368      CIL library: CIL module
 0002:00001370       __load_config_used         10006370     MSVCRT:loadcfg.obj
[...]
 0001:00002ae0       __ehhandler$??$t_gen_param@URTerminal_SDL_core@SDL_core@ui@modules@UModSys@@URGenerator@2345@@IGenerator@base@UModSys@@IAE_NPAURGenerator@SDL_core@ui@modules@2@AAU?$TRefObject@UIRefObject@core@UModSys@@U?$TRefObjectFunc@UIRefObject@core@UModSys@@@tl@3@@tl@2@PBUSUniquePointerInfo@core@2@ABUSParameters@core@2@@Z 10003ae0 f    CIL library: CIL module
 0001:00002ae0       __ehhandler$??$t_gen_param@URMediaFilter@images_std@media@modules@UModSys@@URGenerator@2345@@IGenerator@base@UModSys@@IAE_NPAURGenerator@images_std@media@modules@2@AAU?$TRefObject@UIRefObject@core@UModSys@@U?$TRefObjectFunc@UIRefObject@core@UModSys@@@tl@3@@tl@2@PBUSUniquePointerInfo@core@2@ABUSParameters@core@2@@Z 10003ae0 f    CIL library: CIL module
 0001:00002aea       __unwindfunclet$?generate@RGenerator@test1@test@modules@UModSys@@UAE_NAAU?$TRefObject@UIRefObject@core@UModSys@@U?$TRefObjectFunc@UIRefObject@core@UModSys@@@tl@3@@tl@5@PBUSUniquePointerInfo@core@5@ABUSParameters@95@@Z$0 10003aea f    CIL library: CIL module
 0001:00002af5       __ehhandler$?generate@RGenerator@test1@test@modules@UModSys@@UAE_NAAU?$TRefObject@UIRefObject@core@UModSys@@U?$TRefObjectFunc@UIRefObject@core@UModSys@@@tl@3@@tl@5@PBUSUniquePointerInfo@core@5@ABUSParameters@95@@Z 10003af5 f    CIL library: CIL module
 0001:00002aff       ??__E?s_modreg@RModuleReg@test1@test@modules@UModSys@@2U12345@A@@YAXXZ 10003aff f    CIL library: CIL module
 0001:00002b2f       ??__E?s_modreg_chain@RModuleReg@test1@test@modules@UModSys@@2USModuleRegChain@base@5@A@@YAXXZ 10003b2f f    CIL library: CIL module
 0001:00002b4a       ??__E?s_uid@RGenerator@test1@test@modules@UModSys@@2USUniquePointer@core@5@A@@YAXXZ 10003b4a f    CIL library: CIL module
 0001:00002b6c       ??__E?s_id@?$TObjectUniqueID@UIRoot@core@UModSys@@@tl@UModSys@@2USUniquePointer@core@3@A@@YAXXZ 10003b6c f    CIL library: CIL module
 0001:00002b8e       ??__E?s_id@?$TObjectUniqueID@UIRefObject@core@UModSys@@@tl@UModSys@@2USUniquePointer@core@3@A@@YAXXZ 10003b8e f    CIL library: CIL module
 0001:00002bb0       ??__E?s_id@?$TObjectUniqueID@UIParameters@core@UModSys@@@tl@UModSys@@2USUniquePointer@core@3@A@@YAXXZ 10003bb0 f    CIL library: CIL module
 0001:00002bd2       ??__E?s_id@?$TObjectUniqueID@UIModule@base@UModSys@@@tl@UModSys@@2USUniquePointer@core@3@A@@YAXXZ 10003bd2 f    CIL library: CIL module
 0001:00002bf4       ??__E?s_id@?$TObjectUniqueID@UIModuleLibrary@base@UModSys@@@tl@UModSys@@2USUniquePointer@core@3@A@@YAXXZ 10003bf4 f    CIL library: CIL module
 0001:00002c16       ??__E?s_id@?$TObjectUniqueID@UIModObject@base@UModSys@@@tl@UModSys@@2USUniquePointer@core@3@A@@YAXXZ 10003c16 f    CIL library: CIL module
 0001:00002c38       ??__E?s_id@?$TObjectUniqueID@UIGenerator@base@UModSys@@@tl@UModSys@@2USUniquePointer@core@3@A@@YAXXZ 10003c38 f    CIL library: CIL module
 0001:00002c5a       ??__E?s_id@?$TObjectUniqueID@UIShell@base@UModSys@@@tl@UModSys@@2USUniquePointer@core@3@A@@YAXXZ 10003c5a f    CIL library: CIL module
 0001:00002c7c       ??__E?s_id@?$TObjectUniqueID@UIConsole@base@UModSys@@@tl@UModSys@@2USUniquePointer@core@3@A@@YAXXZ 10003c7c f    CIL library: CIL module
 0001:00002c9e       ??__E?s_id@?$TObjectUniqueID@UISystem@base@UModSys@@@tl@UModSys@@2USUniquePointer@core@3@A@@YAXXZ 10003c9e f    CIL library: CIL module
 0001:00002cc0       ??__E?s_id@?$TObjectUniqueID@UIStreamReader@libmedia@UModSys@@@tl@UModSys@@2USUniquePointer@core@3@A@@YAXXZ 10003cc0 f    CIL library: CIL module
 0001:00002ce2       ??__E?s_id@?$TObjectUniqueID@UIStreamWriter@libmedia@UModSys@@@tl@UModSys@@2USUniquePointer@core@3@A@@YAXXZ 10003ce2 f    CIL library: CIL module
 0001:00002d04       ??__E?s_id@?$TObjectUniqueID@UIBinArchive@libmedia@UModSys@@@tl@UModSys@@2USUniquePointer@core@3@A@@YAXXZ 10003d04 f    CIL library: CIL module
 0001:00002d26       ??__E?s_id@?$TObjectUniqueID@UIBinObjFilter@libmedia@UModSys@@@tl@UModSys@@2USUniquePointer@core@3@A@@YAXXZ 10003d26 f    CIL library: CIL module
 0001:00002d48       ??__E?s_id@?$TObjectUniqueID@UILibrary@libmedia@UModSys@@@tl@UModSys@@2USUniquePointer@core@3@A@@YAXXZ 10003d48 f    CIL library: CIL module
 0001:00002d6a       ??__E?s_id@?$TObjectUniqueID@UILibraryBinTree@libmedia@UModSys@@@tl@UModSys@@2USUniquePointer@core@3@A@@YAXXZ 10003d6a f    CIL library: CIL module
 0001:00002d8c       ??__E?s_id@?$TObjectUniqueID@UILibraryBinCache@libmedia@UModSys@@@tl@UModSys@@2USUniquePointer@core@3@A@@YAXXZ 10003d8c f    CIL library: CIL module
 0001:00002dae       ??__E?s_id@?$TObjectUniqueID@UILibraryObjFilter@libmedia@UModSys@@@tl@UModSys@@2USUniquePointer@core@3@A@@YAXXZ 10003dae f    CIL library: CIL module
 0001:00002dd0       ??__E?s_id@?$TObjectUniqueID@UILibraryObjCache@libmedia@UModSys@@@tl@UModSys@@2USUniquePointer@core@3@A@@YAXXZ 10003dd0 f    CIL library: CIL module
 0001:00002df2       ??__E?s_id@?$TObjectUniqueID@UILibraryLayered@libmedia@UModSys@@@tl@UModSys@@2USUniquePointer@core@3@A@@YAXXZ 10003df2 f    CIL library: CIL module
 0001:00002e14       ??__E?s_id@?$TObjectUniqueID@UIConsoleExt@base@UModSys@@@tl@UModSys@@2USUniquePointer@core@3@A@@YAXXZ 10003e14 f    CIL library: CIL module
 0001:00002e36       ??__E?s_id@?$TObjectUniqueID@UIConsoleHelper@base@UModSys@@@tl@UModSys@@2USUniquePointer@core@3@A@@YAXXZ 10003e36 f    CIL library: CIL module
 0001:00002e58       ??__E?s_id@?$TObjectUniqueID@UIConsoleHelperHistory@base@UModSys@@@tl@UModSys@@2USUniquePointer@core@3@A@@YAXXZ 10003e58 f    CIL library: CIL module
 0001:00002e7a       ??__E?s_id@?$TObjectUniqueID@UIConsoleHelperInput@base@UModSys@@@tl@UModSys@@2USUniquePointer@core@3@A@@YAXXZ 10003e7a f    CIL library: CIL module
 0001:00002e9c       ??__E?s_id@?$TObjectUniqueID@UIConsoleHelperOutput@base@UModSys@@@tl@UModSys@@2USUniquePointer@core@3@A@@YAXXZ 10003e9c f    CIL library: CIL module
 0001:00002ebe       ??__E?s_id@?$TObjectUniqueID@UIConsoleHelperOutputFCS@base@UModSys@@@tl@UModSys@@2USUniquePointer@core@3@A@@YAXXZ 10003ebe f    CIL library: CIL module
 0001:00002ee0       ??__E?s_id@?$TObjectUniqueID@UIKeyboardController@libui@UModSys@@@tl@UModSys@@2USUniquePointer@core@3@A@@YAXXZ 10003ee0 f    CIL library: CIL module
 0001:00002f02       ??__E?s_id@?$TObjectUniqueID@UIMouseController@libui@UModSys@@@tl@UModSys@@2USUniquePointer@core@3@A@@YAXXZ 10003f02 f    CIL library: CIL module
 0001:00002f24       ??__E?s_id@?$TObjectUniqueID@UIJoystickController@libui@UModSys@@@tl@UModSys@@2USUniquePointer@core@3@A@@YAXXZ 10003f24 f    CIL library: CIL module
 0001:00002f46       ??__E?s_id@?$TObjectUniqueID@UITerminal@libui@UModSys@@@tl@UModSys@@2USUniquePointer@core@3@A@@YAXXZ 10003f46 f    CIL library: CIL module
 0001:00002f68       ??__E?s_id@?$TObjectUniqueID@UIConsoleHelperInput_UIKey@libui@UModSys@@@tl@UModSys@@2USUniquePointer@core@3@A@@YAXXZ 10003f68 f    CIL library: CIL module
 0001:00002f8a       ??__E?s_id@?$TObjectUniqueID@UILines@test1@test@modules@UModSys@@@tl@UModSys@@2USUniquePointer@core@3@A@@YAXXZ 10003f8a f    CIL library: CIL module
 0001:00002fac       ??__E?s_id@?$TObjectUniqueID@URLines@test1@test@modules@UModSys@@@tl@UModSys@@2USUniquePointer@core@3@A@@YAXXZ 10003fac f    CIL library: CIL module
 0001:00002fce       ??__E?s_id@?$TObjectUniqueID@URLines_Filter@test1@test@modules@UModSys@@@tl@UModSys@@2USUniquePointer@core@3@A@@YAXXZ 10003fce f    CIL library: CIL module
 0001:00002ff3       ??__E?s_id@?$TObjectUniqueID@URTest1_Shell@test1@test@modules@UModSys@@@tl@UModSys@@2USUniquePointer@core@3@A@@YAXXZ 10003ff3 f    CIL library: CIL module
 0001:00003015       ??__E?s_id@?$TObjectUniqueID@URGenerator@test1@test@modules@UModSys@@@tl@UModSys@@2USUniquePointer@core@3@A@@YAXXZ 10004015 f    CIL library: CIL module
 0001:00003037       ??__E?s_modreg@RModuleReg@SDL_core@ui@modules@UModSys@@2U12345@A@@YAXXZ 10004037 f    CIL library: CIL module
 0001:00003067       ??__E?s_modreg_chain@RModuleReg@SDL_core@ui@modules@UModSys@@2USModuleRegChain@base@5@A@@YAXXZ 10004067 f    CIL library: CIL module
 0001:00003082       ??__E?s_uid@RGenerator@SDL_core@ui@modules@UModSys@@2USUniquePointer@core@5@A@@YAXXZ 10004082 f    CIL library: CIL module
 0001:000030a4       ??__E?s_id@?$TObjectUniqueID@URTerminal_SDL_core@SDL_core@ui@modules@UModSys@@@tl@UModSys@@2USUniquePointer@core@3@A@@YAXXZ 100040a4 f    CIL library: CIL module
 0001:000030c6       ??__E?s_id@?$TObjectUniqueID@URGenerator@SDL_core@ui@modules@UModSys@@@tl@UModSys@@2USUniquePointer@core@3@A@@YAXXZ 100040c6 f    CIL library: CIL module
 0001:000030e8       ??__E?s_modreg@RModuleReg@images_std@media@modules@UModSys@@2U12345@A@@YAXXZ 100040e8 f    CIL library: CIL module
 0001:00003118       ??__E?s_modreg_chain@RModuleReg@images_std@media@modules@UModSys@@2USModuleRegChain@base@5@A@@YAXXZ 10004118 f    CIL library: CIL module
 0001:00003133       ??__E?s_uid@RGenerator@images_std@media@modules@UModSys@@2USUniquePointer@core@5@A@@YAXXZ 10004133 f    CIL library: CIL module
 0001:00003155       ??__E?s_id@?$TObjectUniqueID@UIImage@lib2d@UModSys@@@tl@UModSys@@2USUniquePointer@core@3@A@@YAXXZ 10004155 f    CIL library: CIL module
 0001:00003177       ??__E?s_id@?$TObjectUniqueID@UIMultiImage@lib2d@UModSys@@@tl@UModSys@@2USUniquePointer@core@3@A@@YAXXZ 10004177 f    CIL library: CIL module
 0001:00003199       ??__E?s_id@?$TObjectUniqueID@URMediaFilter@images_std@media@modules@UModSys@@@tl@UModSys@@2USUniquePointer@core@3@A@@YAXXZ 10004199 f    CIL library: CIL module
 0001:000031bb       ??__E?s_id@?$TObjectUniqueID@URGenerator@images_std@media@modules@UModSys@@@tl@UModSys@@2USUniquePointer@core@3@A@@YAXXZ 100041bb f    CIL library: CIL module
 0001:000031dd       ??__EM@UModSys@@YAXXZ      100041dd f    CIL library: CIL module
 0001:000031e9       ??__E?root@SModuleRegChain@base@UModSys@@2U123@A@@YAXXZ 100041e9 f    CIL library: CIL module
 0001:000031f5       ??__E?s_library@RModuleLibraryReg_Chain@base@UModSys@@2U123@A@@YAXXZ 100041f5 f    CIL library: CIL module
 0001:00003201       ??__E?root@SUniquePointer@core@UModSys@@2U123@A@@YAXXZ 10004201 f    CIL library: CIL module
 0001:0000320d       ??__F?s_modreg@RModuleReg@test1@test@modules@UModSys@@2U12345@A@@YAXXZ 1000420d f    CIL library: CIL module
 0001:00003218       ??__F?s_modreg_chain@RModuleReg@test1@test@modules@UModSys@@2USModuleRegChain@base@5@A@@YAXXZ 10004218 f    CIL library: CIL module
 0001:00003222       ??__F?s_uid@RGenerator@test1@test@modules@UModSys@@2USUniquePointer@core@5@A@@YAXXZ 10004222 f    CIL library: CIL module
 0001:0000322c       ??__Fh@?1??s_holder@RGenerator@test1@test@modules@UModSys@@SAAAU?$TTypeStaticHolder@URGenerator@test1@test@modules@UModSys@@@tl@5@XZ@YAXXZ 1000422c f    CIL library: CIL module
 0001:00003249       ??__F?s_id@?$TObjectUniqueID@URGenerator@test1@test@modules@UModSys@@@tl@UModSys@@2USUniquePointer@core@3@A@@YAXXZ 10004249 f    CIL library: CIL module
 0001:00003253       ??__F?s_id@?$TObjectUniqueID@URTest1_Shell@test1@test@modules@UModSys@@@tl@UModSys@@2USUniquePointer@core@3@A@@YAXXZ 10004253 f    CIL library: CIL module
 0001:0000325d       ??__F?s_id@?$TObjectUniqueID@URLines_Filter@test1@test@modules@UModSys@@@tl@UModSys@@2USUniquePointer@core@3@A@@YAXXZ 1000425d f    CIL library: CIL module
 0001:00003267       ??__F?s_id@?$TObjectUniqueID@URLines@test1@test@modules@UModSys@@@tl@UModSys@@2USUniquePointer@core@3@A@@YAXXZ 10004267 f    CIL library: CIL module
 0001:00003271       ??__F?s_id@?$TObjectUniqueID@UILines@test1@test@modules@UModSys@@@tl@UModSys@@2USUniquePointer@core@3@A@@YAXXZ 10004271 f    CIL library: CIL module
 0001:0000327b       ??__F?s_id@?$TObjectUniqueID@UIConsoleHelperInput_UIKey@libui@UModSys@@@tl@UModSys@@2USUniquePointer@core@3@A@@YAXXZ 1000427b f    CIL library: CIL module
 0001:00003285       ??__F?s_id@?$TObjectUniqueID@UITerminal@libui@UModSys@@@tl@UModSys@@2USUniquePointer@core@3@A@@YAXXZ 10004285 f    CIL library: CIL module
 0001:0000328f       ??__F?s_id@?$TObjectUniqueID@UIJoystickController@libui@UModSys@@@tl@UModSys@@2USUniquePointer@core@3@A@@YAXXZ 1000428f f    CIL library: CIL module
 0001:00003299       ??__F?s_id@?$TObjectUniqueID@UIMouseController@libui@UModSys@@@tl@UModSys@@2USUniquePointer@core@3@A@@YAXXZ 10004299 f    CIL library: CIL module
 0001:000032a3       ??__F?s_id@?$TObjectUniqueID@UIKeyboardController@libui@UModSys@@@tl@UModSys@@2USUniquePointer@core@3@A@@YAXXZ 100042a3 f    CIL library: CIL module
 0001:000032ad       ??__F?s_id@?$TObjectUniqueID@UIConsoleHelperOutputFCS@base@UModSys@@@tl@UModSys@@2USUniquePointer@core@3@A@@YAXXZ 100042ad f    CIL library: CIL module
 0001:000032b7       ??__F?s_id@?$TObjectUniqueID@UIConsoleHelperOutput@base@UModSys@@@tl@UModSys@@2USUniquePointer@core@3@A@@YAXXZ 100042b7 f    CIL library: CIL module
 0001:000032c1       ??__F?s_id@?$TObjectUniqueID@UIConsoleHelperInput@base@UModSys@@@tl@UModSys@@2USUniquePointer@core@3@A@@YAXXZ 100042c1 f    CIL library: CIL module
 0001:000032cb       ??__F?s_id@?$TObjectUniqueID@UIConsoleHelperHistory@base@UModSys@@@tl@UModSys@@2USUniquePointer@core@3@A@@YAXXZ 100042cb f    CIL library: CIL module
 0001:000032d5       ??__F?s_id@?$TObjectUniqueID@UIConsoleHelper@base@UModSys@@@tl@UModSys@@2USUniquePointer@core@3@A@@YAXXZ 100042d5 f    CIL library: CIL module
 0001:000032df       ??__F?s_id@?$TObjectUniqueID@UIConsoleExt@base@UModSys@@@tl@UModSys@@2USUniquePointer@core@3@A@@YAXXZ 100042df f    CIL library: CIL module
 0001:000032e9       ??__F?s_id@?$TObjectUniqueID@UILibraryLayered@libmedia@UModSys@@@tl@UModSys@@2USUniquePointer@core@3@A@@YAXXZ 100042e9 f    CIL library: CIL module
 0001:000032f3       ??__F?s_id@?$TObjectUniqueID@UILibraryObjCache@libmedia@UModSys@@@tl@UModSys@@2USUniquePointer@core@3@A@@YAXXZ 100042f3 f    CIL library: CIL module
 0001:000032fd       ??__F?s_id@?$TObjectUniqueID@UILibraryObjFilter@libmedia@UModSys@@@tl@UModSys@@2USUniquePointer@core@3@A@@YAXXZ 100042fd f    CIL library: CIL module
 0001:00003307       ??__F?s_id@?$TObjectUniqueID@UILibraryBinCache@libmedia@UModSys@@@tl@UModSys@@2USUniquePointer@core@3@A@@YAXXZ 10004307 f    CIL library: CIL module
 0001:00003311       ??__F?s_id@?$TObjectUniqueID@UILibraryBinTree@libmedia@UModSys@@@tl@UModSys@@2USUniquePointer@core@3@A@@YAXXZ 10004311 f    CIL library: CIL module
 0001:0000331b       ??__F?s_id@?$TObjectUniqueID@UILibrary@libmedia@UModSys@@@tl@UModSys@@2USUniquePointer@core@3@A@@YAXXZ 1000431b f    CIL library: CIL module
 0001:00003325       ??__F?s_id@?$TObjectUniqueID@UIBinObjFilter@libmedia@UModSys@@@tl@UModSys@@2USUniquePointer@core@3@A@@YAXXZ 10004325 f    CIL library: CIL module
 0001:0000332f       ??__F?s_id@?$TObjectUniqueID@UIBinArchive@libmedia@UModSys@@@tl@UModSys@@2USUniquePointer@core@3@A@@YAXXZ 1000432f f    CIL library: CIL module
 0001:00003339       ??__F?s_id@?$TObjectUniqueID@UIStreamWriter@libmedia@UModSys@@@tl@UModSys@@2USUniquePointer@core@3@A@@YAXXZ 10004339 f    CIL library: CIL module
 0001:00003343       ??__F?s_id@?$TObjectUniqueID@UIStreamReader@libmedia@UModSys@@@tl@UModSys@@2USUniquePointer@core@3@A@@YAXXZ 10004343 f    CIL library: CIL module
 0001:0000334d       ??__F?s_id@?$TObjectUniqueID@UISystem@base@UModSys@@@tl@UModSys@@2USUniquePointer@core@3@A@@YAXXZ 1000434d f    CIL library: CIL module
 0001:00003357       ??__F?s_id@?$TObjectUniqueID@UIConsole@base@UModSys@@@tl@UModSys@@2USUniquePointer@core@3@A@@YAXXZ 10004357 f    CIL library: CIL module
 0001:00003361       ??__F?s_id@?$TObjectUniqueID@UIShell@base@UModSys@@@tl@UModSys@@2USUniquePointer@core@3@A@@YAXXZ 10004361 f    CIL library: CIL module
 0001:0000336b       ??__F?s_id@?$TObjectUniqueID@UIGenerator@base@UModSys@@@tl@UModSys@@2USUniquePointer@core@3@A@@YAXXZ 1000436b f    CIL library: CIL module
 0001:00003375       ??__F?s_id@?$TObjectUniqueID@UIModObject@base@UModSys@@@tl@UModSys@@2USUniquePointer@core@3@A@@YAXXZ 10004375 f    CIL library: CIL module
 0001:0000337f       ??__F?s_id@?$TObjectUniqueID@UIModuleLibrary@base@UModSys@@@tl@UModSys@@2USUniquePointer@core@3@A@@YAXXZ 1000437f f    CIL library: CIL module
 0001:00003389       ??__F?s_id@?$TObjectUniqueID@UIModule@base@UModSys@@@tl@UModSys@@2USUniquePointer@core@3@A@@YAXXZ 10004389 f    CIL library: CIL module
 0001:00003393       ??__F?s_id@?$TObjectUniqueID@UIParameters@core@UModSys@@@tl@UModSys@@2USUniquePointer@core@3@A@@YAXXZ 10004393 f    CIL library: CIL module
 0001:0000339d       ??__F?s_id@?$TObjectUniqueID@UIRefObject@core@UModSys@@@tl@UModSys@@2USUniquePointer@core@3@A@@YAXXZ 1000439d f    CIL library: CIL module
 0001:000033a7       ??__F?s_id@?$TObjectUniqueID@UIRoot@core@UModSys@@@tl@UModSys@@2USUniquePointer@core@3@A@@YAXXZ 100043a7 f    CIL library: CIL module
 0001:000033b1       ??__F?s_modreg@RModuleReg@SDL_core@ui@modules@UModSys@@2U12345@A@@YAXXZ 100043b1 f    CIL library: CIL module
 0001:000033bc       ??__F?s_modreg_chain@RModuleReg@SDL_core@ui@modules@UModSys@@2USModuleRegChain@base@5@A@@YAXXZ 100043bc f    CIL library: CIL module
 0001:000033c6       ??__F?s_uid@RGenerator@SDL_core@ui@modules@UModSys@@2USUniquePointer@core@5@A@@YAXXZ 100043c6 f    CIL library: CIL module
 0001:000033d0       ??__Fh@?1??s_holder@RGenerator@SDL_core@ui@modules@UModSys@@SAAAU?$TTypeStaticHolder@URGenerator@SDL_core@ui@modules@UModSys@@@tl@5@XZ@YAXXZ 100043d0 f    CIL library: CIL module
 0001:000033ed       ??__F?s_id@?$TObjectUniqueID@URGenerator@SDL_core@ui@modules@UModSys@@@tl@UModSys@@2USUniquePointer@core@3@A@@YAXXZ 100043ed f    CIL library: CIL module
 0001:000033f7       ??__F?s_id@?$TObjectUniqueID@URTerminal_SDL_core@SDL_core@ui@modules@UModSys@@@tl@UModSys@@2USUniquePointer@core@3@A@@YAXXZ 100043f7 f    CIL library: CIL module
 0001:00003401       ??__F?s_modreg@RModuleReg@images_std@media@modules@UModSys@@2U12345@A@@YAXXZ 10004401 f    CIL library: CIL module
 0001:0000340c       ??__F?s_modreg_chain@RModuleReg@images_std@media@modules@UModSys@@2USModuleRegChain@base@5@A@@YAXXZ 1000440c f    CIL library: CIL module
 0001:00003416       ??__F?s_uid@RGenerator@images_std@media@modules@UModSys@@2USUniquePointer@core@5@A@@YAXXZ 10004416 f    CIL library: CIL module
 0001:00003420       ??__Fh@?1??s_holder@RGenerator@images_std@media@modules@UModSys@@SAAAU?$TTypeStaticHolder@URGenerator@images_std@media@modules@UModSys@@@tl@5@XZ@YAXXZ 10004420 f    CIL library: CIL module
 0001:0000343d       ??__F?s_id@?$TObjectUniqueID@URGenerator@images_std@media@modules@UModSys@@@tl@UModSys@@2USUniquePointer@core@3@A@@YAXXZ 1000443d f    CIL library: CIL module
 0001:00003447       ??__F?s_id@?$TObjectUniqueID@URMediaFilter@images_std@media@modules@UModSys@@@tl@UModSys@@2USUniquePointer@core@3@A@@YAXXZ 10004447 f    CIL library: CIL module
 0001:00003451       ??__F?s_id@?$TObjectUniqueID@UIMultiImage@lib2d@UModSys@@@tl@UModSys@@2USUniquePointer@core@3@A@@YAXXZ 10004451 f    CIL library: CIL module
 0001:0000345b       ??__F?s_id@?$TObjectUniqueID@UIImage@lib2d@UModSys@@@tl@UModSys@@2USUniquePointer@core@3@A@@YAXXZ 1000445b f    CIL library: CIL module
 0001:00003465       ??__FM@UModSys@@YAXXZ      10004465 f    CIL library: CIL module
 0001:00003466       ??__F?root@SModuleRegChain@base@UModSys@@2U123@A@@YAXXZ 10004466 f    CIL library: CIL module
 0001:00003470       ??__F?s_library@RModuleLibraryReg_Chain@base@UModSys@@2U123@A@@YAXXZ 10004470 f    CIL library: CIL module
 0001:0000347b       ??__F?root@SUniquePointer@core@UModSys@@2U123@A@@YAXXZ 1000447b f    CIL library: CIL module

 Exports

  ordinal    name

        1    _UModSys_Plugin_Entry2@0
