 plugin_test1

 Timestamp is 5280f511 (Mon Nov 11 18:17:37 2013)

 Preferred load address is 10000000

 Start         Length     Name                   Class
 0001:00000000 0000bb37H .text                   CODE
 0001:0000bb37 000005d9H .text$x                 CODE
 0001:0000c110 00000a20H .text$yc                CODE
 0001:0000cb30 0000037cH .text$yd                CODE
 0002:00000000 0000019cH .idata$5                DATA
 0002:0000019c 00000004H .CRT$XCA                DATA
 0002:000001a0 000005a0H .CRT$XCU                DATA
 0002:00000740 00000004H .CRT$XCZ                DATA
 0002:00000744 00000004H .CRT$XIA                DATA
 0002:00000748 00000004H .CRT$XIAA               DATA
 0002:0000074c 00000004H .CRT$XIC                DATA
 0002:00000750 00000004H .CRT$XIZ                DATA
 0002:00000758 00001ea8H .rdata                  DATA
 0002:00002600 000013c0H .rdata$r                DATA
 0002:000039c0 0000009cH .rdata$sxdata           DATA
 0002:00003a5c 00000004H .rtc$IAA                DATA
 0002:00003a60 00000004H .rtc$IZZ                DATA
 0002:00003a64 00000004H .rtc$TAA                DATA
 0002:00003a68 00000004H .rtc$TZZ                DATA
 0002:00003a70 000009acH .xdata$x                DATA
 0002:0000441c 00000064H .idata$2                DATA
 0002:00004480 00000014H .idata$3                DATA
 0002:00004494 0000019cH .idata$4                DATA
 0002:00004630 000007a4H .idata$6                DATA
 0002:00004de0 0000005cH .edata                  DATA
 0003:00000000 00000b50H .data                   DATA
 0003:00000b50 00000b10H .bss                    DATA

  Address         Publics by Value              Rva+Base       Lib:Object

 0000:00000000       __except_list              00000000     <absolute>
 0000:00000027       ___safe_se_handler_count   00000027     <absolute>
 0000:00009876       __ldused                   00009876     <absolute>
 0000:00009876       __fltused                  00009876     <absolute>
 0000:00000000       ___ImageBase               10000000     <linker-defined>
 0001:00000000       ?suicide@RGenerator@images_std@media@modules@UModSys@@UAEXXZ 10001000 f i umodsys_lib_libmedia:umodsys.mod.media.images_std.obj
 0001:00000000       ??3@YAXPAX0@Z              10001000 f i plugin_test1.obj
 0001:00000000       ?suicide@RGenerator@SDL_core@ui@modules@UModSys@@UAEXXZ 10001000 f i umodsys_lib_libui:umodsys.mod.ui.SDL_core.obj
 0001:00000000       ?suicide@RGenerator@frames@ui@modules@UModSys@@UAEXXZ 10001000 f i umodsys_lib_libui:umodsys.mod.ui.frames.obj
 0001:00000000       ?suicide@RGenerator@test1@test@modules@UModSys@@UAEXXZ 10001000 f i plugin_test1.obj
 0001:00000001       ?new_data@SMemorySharedData@core@UModSys@@SAPAU123@IPBUSSourceContext@23@@Z 10001001 f i plugin_test1.obj
 0001:00000025       ??1SMemShared@core@UModSys@@QAE@XZ 10001025 f i plugin_test1.obj
 0001:00000031       ??BSCMemShared@core@UModSys@@QBE?AUSCMem@12@XZ 10001031 f i plugin_test1.obj
 0001:00000031       ?get@SMemShared@core@UModSys@@QBE?AUSMem@23@XZ 10001031 f i umodsys_lib_libmedia:umodsys.mod.media.images_std.obj
 0001:00000061       ??6SUniquePtrList@core@UModSys@@QAEAAU012@PBUSUniquePointerInfo@12@@Z 10001061 f i plugin_test1.obj
 0001:00000092       ??3IRoot@core@UModSys@@SAXPAXABUSIMemAlloc@12@@Z 10001092 f i plugin_test1.obj
 0001:000000ab       ?_root_get_other_interface@IRefObject@core@UModSys@@IAEPAUIRoot@23@PBUSUniquePointerInfo@23@@Z 100010ab f i plugin_test1.obj
 0001:000000ab       ?_root_get_other_interface@IRefObject@core@UModSys@@IBEPBUIRoot@23@PBUSUniquePointerInfo@23@@Z 100010ab f i plugin_test1.obj
 0001:000000cc       ?_root_get_interface_types@IRefObject@core@UModSys@@SAIAAUSUniquePtrList@23@@Z 100010cc f i plugin_test1.obj
 0001:000000ec       ?_root_is_interface_supported@IRefObject@core@UModSys@@SA_NPBUSUniquePointerInfo@23@@Z 100010ec f i plugin_test1.obj
 0001:00000103       ??$seq@D@su@tl@UModSys@@YA_NPBD0@Z 10001103 f i plugin_test1.obj
 0001:00000130       ??1SParameters@core@UModSys@@QAE@XZ 10001130 f i plugin_test1.obj
 0001:00000130       ??1?$TParametersA@$0BAA@@core@UModSys@@QAE@XZ 10001130 f i umodsys_lib_libui:umodsys.mod.ui.SDL_core.obj
 0001:00000130       ??1?$TParametersA@$0EAA@@core@UModSys@@QAE@XZ 10001130 f i plugin_test1.obj
 0001:0000013d       ?_root_get_other_interface@IGenerator@base@UModSys@@IAEPAUIRoot@core@3@PBUSUniquePointerInfo@53@@Z 1000113d f i plugin_test1.obj
 0001:0000013d       ?_root_get_other_interface@IGenerator@base@UModSys@@IBEPBUIRoot@core@3@PBUSUniquePointerInfo@53@@Z 1000113d f i plugin_test1.obj
 0001:00000159       ?_root_is_interface_supported@IGenerator@base@UModSys@@SA_NPBUSUniquePointerInfo@core@3@@Z 10001159 f i plugin_test1.obj
 0001:00000179       ?render_text@IRenderDriver@lib2d@UModSys@@QAE_NABU?$TVector2@H@math3d@3@PBHHPBU?$TVector2@M@53@@Z 10001179 f i plugin_test1.obj
 0001:000001a7       ?root_get_interface_info@RTest1_Shell@test1@test@modules@UModSys@@UBEABUSUniquePointerInfo@core@5@XZ 100011a7 f i plugin_test1.obj
 0001:000001ad       ?root_get_interface_type@RTest1_Shell@test1@test@modules@UModSys@@UBEPBUSUniquePointerInfo@core@5@XZ 100011ad f i plugin_test1.obj
 0001:000001b3       ?root_get_other_interface@RTest1_Shell@test1@test@modules@UModSys@@UAEPAUIRoot@core@5@PBUSUniquePointerInfo@75@@Z 100011b3 f i plugin_test1.obj
 0001:000001b3       ?root_get_other_interface@RTest1_Shell@test1@test@modules@UModSys@@UBEPBUIRoot@core@5@PBUSUniquePointerInfo@75@@Z 100011b3 f i plugin_test1.obj
 0001:000001d4       ?root_is_interface_supported@RTest1_Shell@test1@test@modules@UModSys@@UBE_NPBUSUniquePointerInfo@core@5@@Z 100011d4 f i plugin_test1.obj
 0001:000001fb       ?ref_add@RTest1_Shell@test1@test@modules@UModSys@@UBEXXZ 100011fb f i plugin_test1.obj
 0001:000001ff       ?ref_remove@RTest1_Shell@test1@test@modules@UModSys@@UBEXXZ 100011ff f i plugin_test1.obj
 0001:0000020a       ?get_terminal@RRenderDriver2D@SDL_core@ui@modules@UModSys@@UBEPAUITerminal@libui@5@XZ 1000120a f i umodsys_lib_libui:umodsys.mod.ui.SDL_core.obj
 0001:0000020a       ?ref_links@RTest1_Shell@test1@test@modules@UModSys@@UBEHXZ 1000120a f i plugin_test1.obj
 0001:0000020e       ?ref_weak@RTest1_Shell@test1@test@modules@UModSys@@UBE_NAAUWeakPointer@IRefObject@core@5@@Z 1000120e f i plugin_test1.obj
 0001:0000022d       ?suicide@RTest1_Shell@test1@test@modules@UModSys@@UAEXXZ 1000122d f i plugin_test1.obj
 0001:00000274       ??0RTest1_Shell@test1@test@modules@UModSys@@QAE@PAUIModObject@base@4@@Z 10001274 f i plugin_test1.obj
 0001:0000037d       ??1RTest1_Shell@test1@test@modules@UModSys@@UAE@XZ 1000137d f i plugin_test1.obj
 0001:00000405       ?connect@RTest1_Shell@test1@test@modules@UModSys@@UAE_NXZ 10001405 f i plugin_test1.obj
 0001:0000041d       ?disconnect@RTest1_Shell@test1@test@modules@UModSys@@UAE_NXZ 1000141d f i plugin_test1.obj
 0001:00000435       ?process_tick@RTest1_Shell@test1@test@modules@UModSys@@UAE_NABUSTimeMsec@core@5@@Z 10001435 f i plugin_test1.obj
 0001:00000460       ?process_command@RTest1_Shell@test1@test@modules@UModSys@@UAE_NHQBU?$TString@U?$TSCoreConst@D@su@tl@UModSys@@U?$TComparerBinaryHash@D@234@@tl@5@@Z 10001460 f i plugin_test1.obj
 0001:0000047e       ??_GRTest1_Shell@test1@test@modules@UModSys@@UAEPAXI@Z 1000147e f i plugin_test1.obj
 0001:0000047e       ??_ERTest1_Shell@test1@test@modules@UModSys@@UAEPAXI@Z 1000147e f i  CIL library: CIL module
 0001:0000049b       ?ui_newframes@RTest1_Shell@test1@test@modules@UModSys@@QAE?AU?$TRefObject@UICollector@libui@UModSys@@U?$TRefObjectFunc@UICollector@libui@UModSys@@@tl@3@@tl@5@ABU?$TString@U?$TSCoreConst@D@su@tl@UModSys@@U?$TComparerBinaryHash@D@234@@75@ABUSParameters@core@5@@Z 1000149b f   plugin_test1.obj
 0001:00000579       ?ui_newterm@RTest1_Shell@test1@test@modules@UModSys@@QAE?AU?$TRefObject@UITerminal@libui@UModSys@@U?$TRefObjectFunc@UITerminal@libui@UModSys@@@tl@3@@tl@5@ABU?$TString@U?$TSCoreConst@D@su@tl@UModSys@@U?$TComparerBinaryHash@D@234@@75@ABUSParameters@core@5@@Z 10001579 f   plugin_test1.obj
 0001:00000657       ?key_pressed@RTest1_Shell@test1@test@modules@UModSys@@UAE_NABUSKeyboardInputRaw@libui@5@@Z 10001657 f   plugin_test1.obj
 0001:00000698       ?key_text@RTest1_Shell@test1@test@modules@UModSys@@UAE_NABUSKeyboardInputText@libui@5@@Z 10001698 f   plugin_test1.obj
 0001:000006d1       ?mouse_event@RTest1_Shell@test1@test@modules@UModSys@@UAE_NABUSMouseInput@libui@5@@Z 100016d1 f   plugin_test1.obj
 0001:0000073e       ?command@RTest1_Shell@test1@test@modules@UModSys@@UAE_NABUSController@libui@5@HABUSFrameDataIn@75@@Z 1000173e f   plugin_test1.obj
 0001:00000779       ?db_get@RTest1_Shell@test1@test@modules@UModSys@@UAE_NABUSController@libui@5@QBDABUSFrameDataOut@75@@Z 10001779 f   plugin_test1.obj
 0001:000007ce       ?db_get@RTest1_Shell@test1@test@modules@UModSys@@UAE_NABUSController@libui@5@QBDHABUSFrameDataOut@75@@Z 100017ce f   plugin_test1.obj
 0001:00000821       ?ui_test1@RTest1_Shell@test1@test@modules@UModSys@@QAEXXZ 10001821 f   plugin_test1.obj
 0001:00001506       ??1SFrameCreateParameters@libui@UModSys@@QAE@XZ 10002506 f i plugin_test1.obj
 0001:00001517       ?get_generated_names@RGenerator@test1@test@modules@UModSys@@UBEHAAUSUniquePtrList@core@5@@Z 10002517 f i plugin_test1.obj
 0001:00001530       ?get_generated_types@RGenerator@test1@test@modules@UModSys@@UBEHAAUSUniquePtrList@core@5@PBUSUniquePointerInfo@75@@Z 10002530 f i plugin_test1.obj
 0001:00001564       ?generate@RGenerator@test1@test@modules@UModSys@@UAE_NAAU?$TRefObject@UIRefObject@core@UModSys@@U?$TRefObjectFunc@UIRefObject@core@UModSys@@@tl@3@@tl@5@PBUSUniquePointerInfo@core@5@ABUSParameters@95@@Z 10002564 f i plugin_test1.obj
 0001:000015e6       ?root_get_interface_info@RGenerator@test1@test@modules@UModSys@@UBEABUSUniquePointerInfo@core@5@XZ 100025e6 f i plugin_test1.obj
 0001:000015ec       ?root_get_interface_type@RGenerator@test1@test@modules@UModSys@@UBEPBUSUniquePointerInfo@core@5@XZ 100025ec f i plugin_test1.obj
 0001:000015f2       ?root_get_other_interface@RGenerator@test1@test@modules@UModSys@@UBEPBUIRoot@core@5@PBUSUniquePointerInfo@75@@Z 100025f2 f i plugin_test1.obj
 0001:000015f2       ?root_get_other_interface@RGenerator@test1@test@modules@UModSys@@UAEPAUIRoot@core@5@PBUSUniquePointerInfo@75@@Z 100025f2 f i plugin_test1.obj
 0001:0000160b       ?root_is_interface_supported@RGenerator@test1@test@modules@UModSys@@UBE_NPBUSUniquePointerInfo@core@5@@Z 1000260b f i plugin_test1.obj
 0001:0000162a       ?get_uid@RGenerator@test1@test@modules@UModSys@@UBEPBUSUniquePointerInfo@core@5@XZ 1000262a f i plugin_test1.obj
 0001:00001630       ?do_open@RModuleReg@test1@test@modules@UModSys@@UAE_NXZ 10002630 f i plugin_test1.obj
 0001:0000168e       ?do_close@RModuleReg@test1@test@modules@UModSys@@UAE_NXZ 1000268e f i plugin_test1.obj
 0001:000016dd       ?get_module@RGenerator@test1@test@modules@UModSys@@UBEPAUIModule@base@5@XZ 100026dd f   plugin_test1.obj
 0001:000016e3       ?mod_inc@RGenerator@test1@test@modules@UModSys@@UBE_NXZ 100026e3 f   plugin_test1.obj
 0001:000016ee       ?mod_dec@RGenerator@test1@test@modules@UModSys@@UBE_NXZ 100026ee f   plugin_test1.obj
 0001:000016f9       ?s_holder@RGenerator@test1@test@modules@UModSys@@SAAAU?$TTypeStaticHolder@URGenerator@test1@test@modules@UModSys@@@tl@5@XZ 100026f9 f   plugin_test1.obj
 0001:0000172b       ??0?$TString@U?$TSCoreConst@D@su@tl@UModSys@@U?$TComparerBinaryHash@D@234@@tl@UModSys@@QAE@PBD@Z 1000272b f i plugin_test1.obj
 0001:00001745       ??8?$TString@U?$TSCoreConst@D@su@tl@UModSys@@U?$TComparerBinaryHash@D@234@@tl@UModSys@@QBE_NPBD@Z 10002745 f i plugin_test1.obj
 0001:00001767       ??0?$TParametersA@$0EAA@@core@UModSys@@QAE@XZ 10002767 f i plugin_test1.obj
 0001:00001796       ?set@?$TString@U?$TSCoreConst@D@su@tl@UModSys@@U?$TComparerBinaryHash@D@234@@tl@UModSys@@QAEXPBD@Z 10002796 f i plugin_test1.obj
 0001:000017bf       ?update@?$TComparerBinaryHash@D@su@tl@UModSys@@QAEXPBDI@Z 100027bf f i plugin_test1.obj
 0001:000017eb       ?info_release@?$TSCoreShared@USIMemAlloc@core@UModSys@@D@su@tl@UModSys@@QAEXXZ 100027eb f i plugin_test1.obj
 0001:0000181b       ?info_new@?$TSCoreShared@USIMemAlloc@core@UModSys@@D@su@tl@UModSys@@QAE_NPBDI@Z 1000281b f i plugin_test1.obj
 0001:0000187c       ??$t_generate@UICollector@libui@UModSys@@@SModuleContext@base@UModSys@@QAE_NAAU?$TRefObject@UICollector@libui@UModSys@@U?$TRefObjectFunc@UICollector@libui@UModSys@@@tl@3@@tl@2@PBUSUniquePointerInfo@core@2@ABUSParameters@62@@Z 1000287c f i plugin_test1.obj
 0001:00001918       ??$t_generate@UITerminal@libui@UModSys@@@SModuleContext@base@UModSys@@QAE_NAAU?$TRefObject@UITerminal@libui@UModSys@@U?$TRefObjectFunc@UITerminal@libui@UModSys@@@tl@3@@tl@2@PBUSUniquePointerInfo@core@2@ABUSParameters@62@@Z 10002918 f i plugin_test1.obj
 0001:000019b4       ??$t_create_handler@UIRenderDriver@lib2d@UModSys@@@ITerminal@libui@UModSys@@QAE_NAAU?$TRefObject@UIRenderDriver@lib2d@UModSys@@U?$TRefObjectFunc@UIRenderDriver@lib2d@UModSys@@@tl@3@@tl@2@PBDPBUSParameters@core@2@@Z 100029b4 f i plugin_test1.obj
 0001:00001a16       ??$t_create_handler@UIKeyboardController@libui@UModSys@@@ITerminal@libui@UModSys@@QAE_NAAU?$TRefObject@UIKeyboardController@libui@UModSys@@U?$TRefObjectFunc@UIKeyboardController@libui@UModSys@@@tl@3@@tl@2@PBDPBUSParameters@core@2@@Z 10002a16 f i plugin_test1.obj
 0001:00001a98       ??$t_create_handler@UIMouseController@libui@UModSys@@@ITerminal@libui@UModSys@@QAE_NAAU?$TRefObject@UIMouseController@libui@UModSys@@U?$TRefObjectFunc@UIMouseController@libui@UModSys@@@tl@3@@tl@2@PBDPBUSParameters@core@2@@Z 10002a98 f i plugin_test1.obj
 0001:00001b1a       ??1?$TRefObject@UIModObject@base@UModSys@@U?$TModObjectFunc@UIModObject@base@UModSys@@@tl@3@@tl@UModSys@@QAE@XZ 10002b1a f i plugin_test1.obj
 0001:00001b30       ?s_init@?$TModObjectFunc@UIModObject@base@UModSys@@@tl@UModSys@@SAXAAPAUIModObject@base@3@PAU453@@Z 10002b30 f i plugin_test1.obj
 0001:00001b49       ??$t_ref_get_other_interface@UIMultiImage@lib2d@UModSys@@U?$TRefObjectFunc@UIMultiImage@lib2d@UModSys@@@tl@3@@IRefObject@core@UModSys@@QAE_NAAU?$TRefObject@UIMultiImage@lib2d@UModSys@@U?$TRefObjectFunc@UIMultiImage@lib2d@UModSys@@@tl@3@@tl@2@@Z 10002b49 f i plugin_test1.obj
 0001:00001b78       ??$t_ref_get_other_interface@UIRenderDriver@lib2d@UModSys@@U?$TRefObjectFunc@UIRenderDriver@lib2d@UModSys@@@tl@3@@IRefObject@core@UModSys@@QAE_NAAU?$TRefObject@UIRenderDriver@lib2d@UModSys@@U?$TRefObjectFunc@UIRenderDriver@lib2d@UModSys@@@tl@3@@tl@2@@Z 10002b78 f i plugin_test1.obj
 0001:00001ba7       ?remove@WeakPointer@IRefObject@core@UModSys@@QAEXXZ 10002ba7 f i umodsys_lib_libui:umodsys.mod.ui.SDL_core.obj
 0001:00001bcd       ?utf_8to32@su@tl@UModSys@@YA_NAAHAAPBDAAI@Z 10002bcd f i umodsys_lib_libui:umodsys.mod.ui.SDL_core.obj
 0001:00001c8c       ?get@SParameters@core@UModSys@@QBE_NPBDAAH@Z 10002c8c f i umodsys_lib_libui:umodsys.mod.ui.SDL_core.obj
 0001:00001ca7       ?root_get_interface_info@RMultiImage2D_SDL_ttf@SDL_core@ui@modules@UModSys@@UBEABUSUniquePointerInfo@core@5@XZ 10002ca7 f i umodsys_lib_libui:umodsys.mod.ui.SDL_core.obj
 0001:00001cad       ?root_get_interface_type@RMultiImage2D_SDL_ttf@SDL_core@ui@modules@UModSys@@UBEPBUSUniquePointerInfo@core@5@XZ 10002cad f i umodsys_lib_libui:umodsys.mod.ui.SDL_core.obj
 0001:00001cb3       ?root_get_other_interface@RMultiImage2D_SDL_ttf@SDL_core@ui@modules@UModSys@@UBEPBUIRoot@core@5@PBUSUniquePointerInfo@75@@Z 10002cb3 f i umodsys_lib_libui:umodsys.mod.ui.SDL_core.obj
 0001:00001cb3       ?root_get_other_interface@RMultiImage2D_SDL_ttf@SDL_core@ui@modules@UModSys@@UAEPAUIRoot@core@5@PBUSUniquePointerInfo@75@@Z 10002cb3 f i umodsys_lib_libui:umodsys.mod.ui.SDL_core.obj
 0001:00001cd4       ?root_is_interface_supported@RMultiImage2D_SDL_ttf@SDL_core@ui@modules@UModSys@@UBE_NPBUSUniquePointerInfo@core@5@@Z 10002cd4 f i umodsys_lib_libui:umodsys.mod.ui.SDL_core.obj
 0001:00001cfb       ??0RMultiImage2D_SDL_ttf@SDL_core@ui@modules@UModSys@@QAE@PAURRenderDriver2D@1234@ABUSParameters@core@4@@Z 10002cfb f i umodsys_lib_libui:umodsys.mod.ui.SDL_core.obj
 0001:00001d5f       ?open@RMultiImage2D_SDL_ttf@SDL_core@ui@modules@UModSys@@QAE_NABUSParameters@core@5@@Z 10002d5f f i umodsys_lib_libui:umodsys.mod.ui.SDL_core.obj
 0001:00001dfd       ?generate_glyphs@RMultiImage2D_SDL_ttf@SDL_core@ui@modules@UModSys@@QAE_NXZ 10002dfd f i umodsys_lib_libui:umodsys.mod.ui.SDL_core.obj
 0001:00001f8e       ?get_layer@RMultiImage2D_SDL_ttf@SDL_core@ui@modules@UModSys@@UAEPAUIImage@lib2d@5@H@Z 10002f8e f i umodsys_lib_libui:umodsys.mod.ui.SDL_core.obj
 0001:00001f8e       ?get_controller@RRenderDriver2D@SDL_core@ui@modules@UModSys@@UBEPAUIRefObject@core@5@PBUSUniquePointerInfo@75@@Z 10002f8e f i umodsys_lib_libui:umodsys.mod.ui.SDL_core.obj
 0001:00001f93       ?set_hint@RMultiImage2D_SDL_ttf@SDL_core@ui@modules@UModSys@@UAE_NPBD0@Z 10002f93 f i umodsys_lib_libui:umodsys.mod.ui.SDL_core.obj
 0001:00001f93       ?key_setrepeat@RKeyboardController@SDL_core@ui@modules@UModSys@@UAE_NMM@Z 10002f93 f i umodsys_lib_libui:umodsys.mod.ui.SDL_core.obj
 0001:00001f93       ?output_attach_3d@RCollector@frames@ui@modules@UModSys@@UAE_NPAUIRenderDriver@lib3d@5@H@Z 10002f93 f i umodsys_lib_libui:umodsys.mod.ui.frames.obj
 0001:00001f93       ?filter_load@RMediaFilter@images_std@media@modules@UModSys@@UAE_NABUSInfo@IBinObjFilter@libmedia@5@AAU?$TRefObject@UIRefObject@core@UModSys@@U?$TRefObjectFunc@UIRefObject@core@UModSys@@@tl@3@@tl@5@@Z 10002f93 f i umodsys_lib_libmedia:umodsys.mod.media.images_std.obj
 0001:00001f93       ?mouse_setposition@RMouseController@SDL_core@ui@modules@UModSys@@UAE_NHH@Z 10002f93 f i umodsys_lib_libui:umodsys.mod.ui.SDL_core.obj
 0001:00001f93       ?set_parameters@RRenderDriver2D@SDL_core@ui@modules@UModSys@@UAE_NPBDABUSParameters@core@5@@Z 10002f93 f i umodsys_lib_libui:umodsys.mod.ui.SDL_core.obj
 0001:00001f93       ?set_repeater@RFrame_Common@frames@ui@modules@UModSys@@UAE_NHH@Z 10002f93 f i umodsys_lib_libui:umodsys.mod.ui.frames.obj
 0001:00001f93       ?set_fixed_cell@RMultiImage2D_SDL_ttf@SDL_core@ui@modules@UModSys@@UAE_NHH@Z 10002f93 f i umodsys_lib_libui:umodsys.mod.ui.SDL_core.obj
 0001:00001f93       ?filter_save@RMediaFilter@images_std@media@modules@UModSys@@UAE_NAAUSInfo@IBinObjFilter@libmedia@5@PBUIRefObject@core@5@@Z 10002f93 f i umodsys_lib_libmedia:umodsys.mod.media.images_std.obj
 0001:00001f98       ??_GRMultiImage2D_SDL_ttf@SDL_core@ui@modules@UModSys@@UAEPAXI@Z 10002f98 f i umodsys_lib_libui:umodsys.mod.ui.SDL_core.obj
 0001:00001f98       ??_ERMultiImage2D_SDL_ttf@SDL_core@ui@modules@UModSys@@UAEPAXI@Z 10002f98 f i  CIL library: CIL module
 0001:00002000       ?root_get_interface_info@RRenderDriver2D@SDL_core@ui@modules@UModSys@@UBEABUSUniquePointerInfo@core@5@XZ 10003000 f i umodsys_lib_libui:umodsys.mod.ui.SDL_core.obj
 0001:00002006       ?root_get_interface_type@RRenderDriver2D@SDL_core@ui@modules@UModSys@@UBEPBUSUniquePointerInfo@core@5@XZ 10003006 f i umodsys_lib_libui:umodsys.mod.ui.SDL_core.obj
 0001:0000200c       ?root_get_other_interface@RRenderDriver2D@SDL_core@ui@modules@UModSys@@UAEPAUIRoot@core@5@PBUSUniquePointerInfo@75@@Z 1000300c f i umodsys_lib_libui:umodsys.mod.ui.SDL_core.obj
 0001:0000200c       ?root_get_other_interface@RRenderDriver2D@SDL_core@ui@modules@UModSys@@UBEPBUIRoot@core@5@PBUSUniquePointerInfo@75@@Z 1000300c f i umodsys_lib_libui:umodsys.mod.ui.SDL_core.obj
 0001:0000202d       ?root_is_interface_supported@RRenderDriver2D@SDL_core@ui@modules@UModSys@@UBE_NPBUSUniquePointerInfo@core@5@@Z 1000302d f i umodsys_lib_libui:umodsys.mod.ui.SDL_core.obj
 0001:00002054       ??0RRenderDriver2D@SDL_core@ui@modules@UModSys@@QAE@PAURTerminal@1234@ABUSParameters@core@4@@Z 10003054 f i umodsys_lib_libui:umodsys.mod.ui.SDL_core.obj
 0001:000020f7       ?close@RRenderDriver2D@SDL_core@ui@modules@UModSys@@QAEXXZ 100030f7 f i umodsys_lib_libui:umodsys.mod.ui.SDL_core.obj
 0001:0000211c       ?open@RRenderDriver2D@SDL_core@ui@modules@UModSys@@QAE_NABUSParameters@core@5@@Z 1000311c f i umodsys_lib_libui:umodsys.mod.ui.SDL_core.obj
 0001:00002255       ?set_color@RRenderDriver2D@SDL_core@ui@modules@UModSys@@QAEXXZ 10003255 f i umodsys_lib_libui:umodsys.mod.ui.SDL_core.obj
 0001:000022b8       ?begin@RRenderDriver2D@SDL_core@ui@modules@UModSys@@UAEXXZ 100032b8 f i umodsys_lib_libui:umodsys.mod.ui.SDL_core.obj
 0001:00002315       ?end@RRenderDriver2D@SDL_core@ui@modules@UModSys@@UAEXXZ 10003315 f i umodsys_lib_libui:umodsys.mod.ui.SDL_core.obj
 0001:00002324       ?get_max_values@RRenderDriver2D@SDL_core@ui@modules@UModSys@@UBEPBUSParameters@core@5@XZ 10003324 f i umodsys_lib_libui:umodsys.mod.ui.SDL_core.obj
 0001:00002328       ?get_frame_values@RRenderDriver2D@SDL_core@ui@modules@UModSys@@UBEPBUSParameters@core@5@XZ 10003328 f i umodsys_lib_libui:umodsys.mod.ui.SDL_core.obj
 0001:0000232f       ?setup_font@RRenderDriver2D@SDL_core@ui@modules@UModSys@@UAE_NPAUIMultiImage@lib2d@5@PBU?$TVector2@M@math3d@5@@Z 1000332f f i umodsys_lib_libui:umodsys.mod.ui.SDL_core.obj
 0001:00002381       ?setup_color@RRenderDriver2D@SDL_core@ui@modules@UModSys@@UAEXABU?$TVector3@M@math3d@5@@Z 10003381 f i umodsys_lib_libui:umodsys.mod.ui.SDL_core.obj
 0001:000023a8       ?setup_color@RRenderDriver2D@SDL_core@ui@modules@UModSys@@UAEXABU?$TVector3@H@math3d@5@@Z 100033a8 f i umodsys_lib_libui:umodsys.mod.ui.SDL_core.obj
 0001:000023eb       ?setup_coloralpha@RRenderDriver2D@SDL_core@ui@modules@UModSys@@UAEXABU?$TVector4@M@math3d@5@H@Z 100033eb f i umodsys_lib_libui:umodsys.mod.ui.SDL_core.obj
 0001:00002411       ?setup_coloralpha@RRenderDriver2D@SDL_core@ui@modules@UModSys@@UAEXABU?$TVector4@H@math3d@5@H@Z 10003411 f i umodsys_lib_libui:umodsys.mod.ui.SDL_core.obj
 0001:00002469       ?setup_blendcolor@RRenderDriver2D@SDL_core@ui@modules@UModSys@@UAEXABUSBlendColor@lib2d@5@@Z 10003469 f i umodsys_lib_libui:umodsys.mod.ui.SDL_core.obj
 0001:000024c1       ?setup_blendcolor@RRenderDriver2D@SDL_core@ui@modules@UModSys@@UAEXABUSBlendColorf@lib2d@5@@Z 100034c1 f i umodsys_lib_libui:umodsys.mod.ui.SDL_core.obj
 0001:00002503       ?setup_alpha@RRenderDriver2D@SDL_core@ui@modules@UModSys@@UAEXHH@Z 10003503 f i umodsys_lib_libui:umodsys.mod.ui.SDL_core.obj
 0001:00002529       ?setup_alpha@RRenderDriver2D@SDL_core@ui@modules@UModSys@@UAEXMH@Z 10003529 f i umodsys_lib_libui:umodsys.mod.ui.SDL_core.obj
 0001:00002549       ?render_text_advanced@RRenderDriver2D@SDL_core@ui@modules@UModSys@@UAE_NAAUTextInfo@IRenderDriver@lib2d@5@PBHH@Z 10003549 f i umodsys_lib_libui:umodsys.mod.ui.SDL_core.obj
 0001:000026fd       ?render_box@RRenderDriver2D@SDL_core@ui@modules@UModSys@@UAEXABU?$TVector2@H@math3d@5@0@Z 100036fd f i umodsys_lib_libui:umodsys.mod.ui.SDL_core.obj
 0001:0000274a       ?render_tri@RRenderDriver2D@SDL_core@ui@modules@UModSys@@UAEXABU?$TVector2@H@math3d@5@00@Z 1000374a f i umodsys_lib_libui:umodsys.mod.ui.SDL_core.obj
 0001:0000279e       ?render_quad@RRenderDriver2D@SDL_core@ui@modules@UModSys@@UAEXABU?$TVector2@H@math3d@5@000@Z 1000379e f i umodsys_lib_libui:umodsys.mod.ui.SDL_core.obj
 0001:00002800       ?render_box@RRenderDriver2D@SDL_core@ui@modules@UModSys@@UAEXPAUIImage@lib2d@5@ABU?$TVector2@H@math3d@5@1ABU?$TVector2@M@95@2@Z 10003800 f i umodsys_lib_libui:umodsys.mod.ui.SDL_core.obj
 0001:00002803       ?render_line@RRenderDriver2D@SDL_core@ui@modules@UModSys@@UAEXABU?$TVector2@H@math3d@5@0@Z 10003803 f i umodsys_lib_libui:umodsys.mod.ui.SDL_core.obj
 0001:00002828       ?render_rect@RRenderDriver2D@SDL_core@ui@modules@UModSys@@UAEXABU?$TVector2@H@math3d@5@0@Z 10003828 f i umodsys_lib_libui:umodsys.mod.ui.SDL_core.obj
 0001:00002875       ??_ERRenderDriver2D@SDL_core@ui@modules@UModSys@@UAEPAXI@Z 10003875 f i  CIL library: CIL module
 0001:00002875       ??_GRRenderDriver2D@SDL_core@ui@modules@UModSys@@UAEPAXI@Z 10003875 f i umodsys_lib_libui:umodsys.mod.ui.SDL_core.obj
 0001:000028ec       ?root_get_interface_info@RMouseController@SDL_core@ui@modules@UModSys@@UBEABUSUniquePointerInfo@core@5@XZ 100038ec f i umodsys_lib_libui:umodsys.mod.ui.SDL_core.obj
 0001:000028f2       ?root_get_interface_type@RMouseController@SDL_core@ui@modules@UModSys@@UBEPBUSUniquePointerInfo@core@5@XZ 100038f2 f i umodsys_lib_libui:umodsys.mod.ui.SDL_core.obj
 0001:000028f8       ?root_get_other_interface@RMouseController@SDL_core@ui@modules@UModSys@@UAEPAUIRoot@core@5@PBUSUniquePointerInfo@75@@Z 100038f8 f i umodsys_lib_libui:umodsys.mod.ui.SDL_core.obj
 0001:000028f8       ?root_get_other_interface@RMouseController@SDL_core@ui@modules@UModSys@@UBEPBUIRoot@core@5@PBUSUniquePointerInfo@75@@Z 100038f8 f i umodsys_lib_libui:umodsys.mod.ui.SDL_core.obj
 0001:00002919       ?root_is_interface_supported@RMouseController@SDL_core@ui@modules@UModSys@@UBE_NPBUSUniquePointerInfo@core@5@@Z 10003919 f i umodsys_lib_libui:umodsys.mod.ui.SDL_core.obj
 0001:00002940       ?suicide@RKeyboardController@SDL_core@ui@modules@UModSys@@UAEXXZ 10003940 f i umodsys_lib_libui:umodsys.mod.ui.SDL_core.obj
 0001:00002940       ?suicide@RDialog@frames@ui@modules@UModSys@@UAEXXZ 10003940 f i umodsys_lib_libui:umodsys.mod.ui.frames.obj
 0001:00002940       ?suicide@RMultiImage2D_SDL_ttf@SDL_core@ui@modules@UModSys@@UAEXXZ 10003940 f i umodsys_lib_libui:umodsys.mod.ui.SDL_core.obj
 0001:00002940       ?suicide@RMouseController@SDL_core@ui@modules@UModSys@@UAEXXZ 10003940 f i umodsys_lib_libui:umodsys.mod.ui.SDL_core.obj
 0001:00002940       ?suicide@RRenderDriver2D@SDL_core@ui@modules@UModSys@@UAEXXZ 10003940 f i umodsys_lib_libui:umodsys.mod.ui.SDL_core.obj
 0001:00002980       ??0RMouseController@SDL_core@ui@modules@UModSys@@QAE@PAURTerminal@1234@ABUSParameters@core@4@@Z 10003980 f i umodsys_lib_libui:umodsys.mod.ui.SDL_core.obj
 0001:000029ce       ?process@RMouseController@SDL_core@ui@modules@UModSys@@QAE_NAAUSDL_MouseMotionEvent@@@Z 100039ce f i umodsys_lib_libui:umodsys.mod.ui.SDL_core.obj
 0001:00002ab5       ?process@RMouseController@SDL_core@ui@modules@UModSys@@QAE_NAAUSDL_MouseButtonEvent@@@Z 10003ab5 f i umodsys_lib_libui:umodsys.mod.ui.SDL_core.obj
 0001:00002b7c       ?process@RMouseController@SDL_core@ui@modules@UModSys@@QAE_NAAUSDL_MouseWheelEvent@@@Z 10003b7c f i umodsys_lib_libui:umodsys.mod.ui.SDL_core.obj
 0001:00002c1d       ?mouse_link@RMouseController@SDL_core@ui@modules@UModSys@@UAE_NHPAUIRefObject@core@5@PAUIMouseClient@libui@5@H@Z 10003c1d f i umodsys_lib_libui:umodsys.mod.ui.SDL_core.obj
 0001:00002c5c       ?mouse_reset@RMouseController@SDL_core@ui@modules@UModSys@@UAE_NXZ 10003c5c f i umodsys_lib_libui:umodsys.mod.ui.SDL_core.obj
 0001:00002c5c       ?key_reset@RKeyboardController@SDL_core@ui@modules@UModSys@@UAE_NXZ 10003c5c f i umodsys_lib_libui:umodsys.mod.ui.SDL_core.obj
 0001:00002c5f       ?set_layer_count@RMultiImage2D_SDL_ttf@SDL_core@ui@modules@UModSys@@UAE_NH@Z 10003c5f f i umodsys_lib_libui:umodsys.mod.ui.SDL_core.obj
 0001:00002c5f       ?mouse_setvisible@RMouseController@SDL_core@ui@modules@UModSys@@UAE_N_N@Z 10003c5f f i umodsys_lib_libui:umodsys.mod.ui.SDL_core.obj
 0001:00002c5f       ?key_event@RFrame_Common@frames@ui@modules@UModSys@@MAE_NABUSKeyboardInputText@libui@5@@Z 10003c5f f i umodsys_lib_libui:umodsys.mod.ui.frames.obj
 0001:00002c5f       ?frame_remove@RCollector@frames@ui@modules@UModSys@@UAE_NPAUIFrame@libui@5@@Z 10003c5f f i umodsys_lib_libui:umodsys.mod.ui.frames.obj
 0001:00002c5f       ?get_max_cell_size@RMultiImage2D_SDL_ttf@SDL_core@ui@modules@UModSys@@UAE_NAAU?$TVector2@H@math3d@5@@Z 10003c5f f i umodsys_lib_libui:umodsys.mod.ui.SDL_core.obj
 0001:00002c5f       ?mouse_event@RFrame_Common@frames@ui@modules@UModSys@@MAE_NPBUSMouseInput@libui@5@@Z 10003c5f f i umodsys_lib_libui:umodsys.mod.ui.frames.obj
 0001:00002c5f       ?get_maxbox@RCollector@frames@ui@modules@UModSys@@UAE_NAAU?$TBoundBox2@H@math3d@5@@Z 10003c5f f i umodsys_lib_libui:umodsys.mod.ui.frames.obj
 0001:00002c5f       ?set_insize@RFrame_Common@frames@ui@modules@UModSys@@UAE_NABU?$TVector2@H@math3d@5@@Z 10003c5f f i umodsys_lib_libui:umodsys.mod.ui.frames.obj
 0001:00002c5f       ?get_minsize@RCollector@frames@ui@modules@UModSys@@UAE_NAAU?$TVector2@H@math3d@5@@Z 10003c5f f i umodsys_lib_libui:umodsys.mod.ui.frames.obj
 0001:00002c5f       ?key_event@RFrame_Common@frames@ui@modules@UModSys@@MAE_NABUSKeyboardInputRaw@libui@5@@Z 10003c5f f i umodsys_lib_libui:umodsys.mod.ui.frames.obj
 0001:00002c64       ??_ERMouseController@SDL_core@ui@modules@UModSys@@UAEPAXI@Z 10003c64 f i  CIL library: CIL module
 0001:00002c64       ??_GRMouseController@SDL_core@ui@modules@UModSys@@UAEPAXI@Z 10003c64 f i umodsys_lib_libui:umodsys.mod.ui.SDL_core.obj
 0001:00002cba       ?root_get_interface_info@RKeyboardController@SDL_core@ui@modules@UModSys@@UBEABUSUniquePointerInfo@core@5@XZ 10003cba f i umodsys_lib_libui:umodsys.mod.ui.SDL_core.obj
 0001:00002cc0       ?root_get_interface_type@RKeyboardController@SDL_core@ui@modules@UModSys@@UBEPBUSUniquePointerInfo@core@5@XZ 10003cc0 f i umodsys_lib_libui:umodsys.mod.ui.SDL_core.obj
 0001:00002cc6       ?root_get_other_interface@RKeyboardController@SDL_core@ui@modules@UModSys@@UAEPAUIRoot@core@5@PBUSUniquePointerInfo@75@@Z 10003cc6 f i umodsys_lib_libui:umodsys.mod.ui.SDL_core.obj
 0001:00002cc6       ?root_get_other_interface@RKeyboardController@SDL_core@ui@modules@UModSys@@UBEPBUIRoot@core@5@PBUSUniquePointerInfo@75@@Z 10003cc6 f i umodsys_lib_libui:umodsys.mod.ui.SDL_core.obj
 0001:00002ce7       ?root_is_interface_supported@RKeyboardController@SDL_core@ui@modules@UModSys@@UBE_NPBUSUniquePointerInfo@core@5@@Z 10003ce7 f i umodsys_lib_libui:umodsys.mod.ui.SDL_core.obj
 0001:00002d0e       ?ref_weak@RRenderDriver2D@SDL_core@ui@modules@UModSys@@UBE_NAAUWeakPointer@IRefObject@core@5@@Z 10003d0e f i umodsys_lib_libui:umodsys.mod.ui.SDL_core.obj
 0001:00002d0e       ?ref_weak@RDialog@frames@ui@modules@UModSys@@UBE_NAAUWeakPointer@IRefObject@core@5@@Z 10003d0e f i umodsys_lib_libui:umodsys.mod.ui.frames.obj
 0001:00002d0e       ?ref_weak@RTerminal@SDL_core@ui@modules@UModSys@@UBE_NAAUWeakPointer@IRefObject@core@5@@Z 10003d0e f i umodsys_lib_libui:umodsys.mod.ui.SDL_core.obj
 0001:00002d0e       ?ref_weak@RMouseController@SDL_core@ui@modules@UModSys@@UBE_NAAUWeakPointer@IRefObject@core@5@@Z 10003d0e f i umodsys_lib_libui:umodsys.mod.ui.SDL_core.obj
 0001:00002d0e       ?ref_weak@RGenerator@test1@test@modules@UModSys@@UBE_NAAUWeakPointer@IRefObject@core@5@@Z 10003d0e f i plugin_test1.obj
 0001:00002d0e       ?ref_weak@RMultiImage2D_SDL_ttf@SDL_core@ui@modules@UModSys@@UBE_NAAUWeakPointer@IRefObject@core@5@@Z 10003d0e f i umodsys_lib_libui:umodsys.mod.ui.SDL_core.obj
 0001:00002d0e       ?ref_weak@RKeyboardController@SDL_core@ui@modules@UModSys@@UBE_NAAUWeakPointer@IRefObject@core@5@@Z 10003d0e f i umodsys_lib_libui:umodsys.mod.ui.SDL_core.obj
 0001:00002d0e       ?ref_weak@RGenerator@images_std@media@modules@UModSys@@UBE_NAAUWeakPointer@IRefObject@core@5@@Z 10003d0e f i umodsys_lib_libmedia:umodsys.mod.media.images_std.obj
 0001:00002d0e       ?ref_weak@RGenerator@frames@ui@modules@UModSys@@UBE_NAAUWeakPointer@IRefObject@core@5@@Z 10003d0e f i umodsys_lib_libui:umodsys.mod.ui.frames.obj
 0001:00002d0e       ?ref_weak@RGenerator@SDL_core@ui@modules@UModSys@@UBE_NAAUWeakPointer@IRefObject@core@5@@Z 10003d0e f i umodsys_lib_libui:umodsys.mod.ui.SDL_core.obj
 0001:00002d2d       ??0RKeyboardController@SDL_core@ui@modules@UModSys@@QAE@PAURTerminal@1234@ABUSParameters@core@4@@Z 10003d2d f i umodsys_lib_libui:umodsys.mod.ui.SDL_core.obj
 0001:00002d7b       ?process@RKeyboardController@SDL_core@ui@modules@UModSys@@QAE_NAAUSDL_KeyboardEvent@@@Z 10003d7b f i umodsys_lib_libui:umodsys.mod.ui.SDL_core.obj
 0001:00002e1c       ?process@RKeyboardController@SDL_core@ui@modules@UModSys@@QAE_NAAUSDL_TextInputEvent@@@Z 10003e1c f i umodsys_lib_libui:umodsys.mod.ui.SDL_core.obj
 0001:00002ec1       ?map_keycode@RKeyboardController@SDL_core@ui@modules@UModSys@@QAE?AW4eKeyCode@libui@5@H@Z 10003ec1 f i umodsys_lib_libui:umodsys.mod.ui.SDL_core.obj
 0001:0000333c       ?map_keyspecial@RKeyboardController@SDL_core@ui@modules@UModSys@@QAEFG@Z 1000433c f i umodsys_lib_libui:umodsys.mod.ui.SDL_core.obj
 0001:000033af       ?mouse_unlink@RMouseController@SDL_core@ui@modules@UModSys@@UAE_NH@Z 100043af f i umodsys_lib_libui:umodsys.mod.ui.SDL_core.obj
 0001:000033af       ?key_unlink@RKeyboardController@SDL_core@ui@modules@UModSys@@UAE_NH@Z 100043af f i umodsys_lib_libui:umodsys.mod.ui.SDL_core.obj
 0001:0000340e       ?key_link@RKeyboardController@SDL_core@ui@modules@UModSys@@UAE_NHPAUIRefObject@core@5@PAUIKeyboardClient@libui@5@@Z 1000440e f i umodsys_lib_libui:umodsys.mod.ui.SDL_core.obj
 0001:00003446       ?command_draw@RTest1_Shell@test1@test@modules@UModSys@@UAE_NABUSController@libui@5@PAUIRenderDriver@lib2d@5@ABU?$TBoundBox2@H@math3d@5@@Z 10004446 f i plugin_test1.obj
 0001:00003446       ?get_cell_size@RMultiImage2D_SDL_ttf@SDL_core@ui@modules@UModSys@@UAE_NHAAU?$TVector2@H@math3d@5@PAU675@@Z 10004446 f i umodsys_lib_libui:umodsys.mod.ui.SDL_core.obj
 0001:00003446       ?set_var_cell@RMultiImage2D_SDL_ttf@SDL_core@ui@modules@UModSys@@UAE_NPBUSImageCellInfo@lib2d@5@HH@Z 10004446 f i umodsys_lib_libui:umodsys.mod.ui.SDL_core.obj
 0001:00003446       ?key_setmodifier@RKeyboardController@SDL_core@ui@modules@UModSys@@UAE_NHHH@Z 10004446 f i umodsys_lib_libui:umodsys.mod.ui.SDL_core.obj
 0001:0000344b       ?key_setvisible@RKeyboardController@SDL_core@ui@modules@UModSys@@UAE_N_N@Z 1000444b f i umodsys_lib_libui:umodsys.mod.ui.SDL_core.obj
 0001:00003463       ??_GRKeyboardController@SDL_core@ui@modules@UModSys@@UAEPAXI@Z 10004463 f i umodsys_lib_libui:umodsys.mod.ui.SDL_core.obj
 0001:00003463       ??_ERKeyboardController@SDL_core@ui@modules@UModSys@@UAEPAXI@Z 10004463 f i  CIL library: CIL module
 0001:000034b9       ?root_get_interface_info@RTerminal@SDL_core@ui@modules@UModSys@@UBEABUSUniquePointerInfo@core@5@XZ 100044b9 f i umodsys_lib_libui:umodsys.mod.ui.SDL_core.obj
 0001:000034bf       ?root_get_interface_type@RTerminal@SDL_core@ui@modules@UModSys@@UBEPBUSUniquePointerInfo@core@5@XZ 100044bf f i umodsys_lib_libui:umodsys.mod.ui.SDL_core.obj
 0001:000034c5       ?root_get_other_interface@RTerminal@SDL_core@ui@modules@UModSys@@UBEPBUIRoot@core@5@PBUSUniquePointerInfo@75@@Z 100044c5 f i umodsys_lib_libui:umodsys.mod.ui.SDL_core.obj
 0001:000034c5       ?root_get_other_interface@RTerminal@SDL_core@ui@modules@UModSys@@UAEPAUIRoot@core@5@PBUSUniquePointerInfo@75@@Z 100044c5 f i umodsys_lib_libui:umodsys.mod.ui.SDL_core.obj
 0001:000034e6       ?root_is_interface_supported@RTerminal@SDL_core@ui@modules@UModSys@@UBE_NPBUSUniquePointerInfo@core@5@@Z 100044e6 f i umodsys_lib_libui:umodsys.mod.ui.SDL_core.obj
 0001:0000350d       ?ref_add@RMouseController@SDL_core@ui@modules@UModSys@@UBEXXZ 1000450d f i umodsys_lib_libui:umodsys.mod.ui.SDL_core.obj
 0001:0000350d       ?ref_add@RKeyboardController@SDL_core@ui@modules@UModSys@@UBEXXZ 1000450d f i umodsys_lib_libui:umodsys.mod.ui.SDL_core.obj
 0001:0000350d       ?ref_add@RGenerator@test1@test@modules@UModSys@@UBEXXZ 1000450d f i plugin_test1.obj
 0001:0000350d       ?ref_add@RGenerator@frames@ui@modules@UModSys@@UBEXXZ 1000450d f i umodsys_lib_libui:umodsys.mod.ui.frames.obj
 0001:0000350d       ?ref_add@RDialog@frames@ui@modules@UModSys@@UBEXXZ 1000450d f i umodsys_lib_libui:umodsys.mod.ui.frames.obj
 0001:0000350d       ?ref_add@RMultiImage2D_SDL_ttf@SDL_core@ui@modules@UModSys@@UBEXXZ 1000450d f i umodsys_lib_libui:umodsys.mod.ui.SDL_core.obj
 0001:0000350d       ?ref_add@RGenerator@SDL_core@ui@modules@UModSys@@UBEXXZ 1000450d f i umodsys_lib_libui:umodsys.mod.ui.SDL_core.obj
 0001:0000350d       ?ref_add@RTerminal@SDL_core@ui@modules@UModSys@@UBEXXZ 1000450d f i umodsys_lib_libui:umodsys.mod.ui.SDL_core.obj
 0001:0000350d       ?ref_add@RRenderDriver2D@SDL_core@ui@modules@UModSys@@UBEXXZ 1000450d f i umodsys_lib_libui:umodsys.mod.ui.SDL_core.obj
 0001:0000350d       ?ref_add@RGenerator@images_std@media@modules@UModSys@@UBEXXZ 1000450d f i umodsys_lib_libmedia:umodsys.mod.media.images_std.obj
 0001:00003511       ?suicide@RTerminal@SDL_core@ui@modules@UModSys@@UAEXXZ 10004511 f i umodsys_lib_libui:umodsys.mod.ui.SDL_core.obj
 0001:00003558       ??0RTerminal@SDL_core@ui@modules@UModSys@@QAE@PAUIModObject@base@4@ABUSParameters@core@4@@Z 10004558 f i umodsys_lib_libui:umodsys.mod.ui.SDL_core.obj
 0001:000035cb       ?poll_events@RTerminal@SDL_core@ui@modules@UModSys@@UAE_NH@Z 100045cb f i umodsys_lib_libui:umodsys.mod.ui.SDL_core.obj
 0001:000036ef       ?get_terminal_state@RTerminal@SDL_core@ui@modules@UModSys@@UAE_NW4eTerminalState@libui@5@@Z 100046ef f i umodsys_lib_libui:umodsys.mod.ui.SDL_core.obj
 0001:00003708       ?set_terminal_state@RTerminal@SDL_core@ui@modules@UModSys@@UAE_NW4eTerminalState@libui@5@_N@Z 10004708 f i umodsys_lib_libui:umodsys.mod.ui.SDL_core.obj
 0001:00003762       ?get_clock@RTerminal@SDL_core@ui@modules@UModSys@@UAENXZ 10004762 f i umodsys_lib_libui:umodsys.mod.ui.SDL_core.obj
 0001:0000377a       ?wait@RTerminal@SDL_core@ui@modules@UModSys@@UAE_NM@Z 1000477a f i umodsys_lib_libui:umodsys.mod.ui.SDL_core.obj
 0001:00003795       ?get_count@RTerminal@SDL_core@ui@modules@UModSys@@UBEIPBUSUniquePointerInfo@core@5@@Z 10004795 f i umodsys_lib_libui:umodsys.mod.ui.SDL_core.obj
 0001:000037c8       ?get_handler@RTerminal@SDL_core@ui@modules@UModSys@@UBEPAUIRefObject@core@5@PBUSUniquePointerInfo@75@I@Z 100047c8 f i umodsys_lib_libui:umodsys.mod.ui.SDL_core.obj
 0001:00003810       ?get_handler@RTerminal@SDL_core@ui@modules@UModSys@@UBEPAUIRefObject@core@5@PBUSUniquePointerInfo@75@PBD@Z 10004810 f i umodsys_lib_libui:umodsys.mod.ui.SDL_core.obj
 0001:00003819       ?get_sub@RFrame_Common@frames@ui@modules@UModSys@@UAEPAUIFrame@libui@5@PAU675@H@Z 10004819 f i umodsys_lib_libui:umodsys.mod.ui.frames.obj
 0001:00003819       ?get_friend_handler@RTerminal@SDL_core@ui@modules@UModSys@@UBEPAUIRefObject@core@5@PBUSUniquePointerInfo@75@PAU675@@Z 10004819 f i umodsys_lib_libui:umodsys.mod.ui.SDL_core.obj
 0001:0000381e       ?create_handler@RTerminal@SDL_core@ui@modules@UModSys@@UAE_NPBUSUniquePointerInfo@core@5@AAU?$TRefObject@UIRefObject@core@UModSys@@U?$TRefObjectFunc@UIRefObject@core@UModSys@@@tl@3@@tl@5@PBDPBUSParameters@75@@Z 1000481e f i umodsys_lib_libui:umodsys.mod.ui.SDL_core.obj
 0001:00003a57       ??_ERTerminal@SDL_core@ui@modules@UModSys@@UAEPAXI@Z 10004a57 f i  CIL library: CIL module
 0001:00003a57       ??_GRTerminal@SDL_core@ui@modules@UModSys@@UAEPAXI@Z 10004a57 f i umodsys_lib_libui:umodsys.mod.ui.SDL_core.obj
 0001:00003ac7       ?new_font@RRenderDriver2D@SDL_core@ui@modules@UModSys@@UAE?AU?$TRefObject@UIMultiImage@lib2d@UModSys@@U?$TRefObjectFunc@UIMultiImage@lib2d@UModSys@@@tl@3@@tl@5@ABUSParameters@core@5@ABU?$TString@U?$TSCoreConst@D@su@tl@UModSys@@U?$TComparerBinaryHash@D@234@@75@@Z 10004ac7 f   umodsys_lib_libui:umodsys.mod.ui.SDL_core.obj
 0001:00003b9d       ?new_picture@RRenderDriver2D@SDL_core@ui@modules@UModSys@@UAE?AU?$TRefObject@UIImage@lib2d@UModSys@@U?$TRefObjectFunc@UIImage@lib2d@UModSys@@@tl@3@@tl@5@ABUSParameters@core@5@ABU?$TString@U?$TSCoreConst@D@su@tl@UModSys@@U?$TComparerBinaryHash@D@234@@75@@Z 10004b9d f   umodsys_lib_libui:umodsys.mod.ui.SDL_core.obj
 0001:00003baf       ?get_generated_names@RGenerator@SDL_core@ui@modules@UModSys@@UBEHAAUSUniquePtrList@core@5@@Z 10004baf f i umodsys_lib_libui:umodsys.mod.ui.SDL_core.obj
 0001:00003bc8       ?get_generated_types@RGenerator@SDL_core@ui@modules@UModSys@@UBEHAAUSUniquePtrList@core@5@PBUSUniquePointerInfo@75@@Z 10004bc8 f i umodsys_lib_libui:umodsys.mod.ui.SDL_core.obj
 0001:00003bfa       ?generate@RGenerator@SDL_core@ui@modules@UModSys@@UAE_NAAU?$TRefObject@UIRefObject@core@UModSys@@U?$TRefObjectFunc@UIRefObject@core@UModSys@@@tl@3@@tl@5@PBUSUniquePointerInfo@core@5@ABUSParameters@95@@Z 10004bfa f i umodsys_lib_libui:umodsys.mod.ui.SDL_core.obj
 0001:00003c1b       ?root_get_interface_info@RGenerator@SDL_core@ui@modules@UModSys@@UBEABUSUniquePointerInfo@core@5@XZ 10004c1b f i umodsys_lib_libui:umodsys.mod.ui.SDL_core.obj
 0001:00003c21       ?root_get_interface_type@RGenerator@SDL_core@ui@modules@UModSys@@UBEPBUSUniquePointerInfo@core@5@XZ 10004c21 f i umodsys_lib_libui:umodsys.mod.ui.SDL_core.obj
 0001:00003c27       ?root_get_other_interface@RGenerator@SDL_core@ui@modules@UModSys@@UBEPBUIRoot@core@5@PBUSUniquePointerInfo@75@@Z 10004c27 f i umodsys_lib_libui:umodsys.mod.ui.SDL_core.obj
 0001:00003c27       ?root_get_other_interface@RGenerator@SDL_core@ui@modules@UModSys@@UAEPAUIRoot@core@5@PBUSUniquePointerInfo@75@@Z 10004c27 f i umodsys_lib_libui:umodsys.mod.ui.SDL_core.obj
 0001:00003c40       ?root_is_interface_supported@RGenerator@SDL_core@ui@modules@UModSys@@UBE_NPBUSUniquePointerInfo@core@5@@Z 10004c40 f i umodsys_lib_libui:umodsys.mod.ui.SDL_core.obj
 0001:00003c5f       ?ref_remove@RGenerator@test1@test@modules@UModSys@@UBEXXZ 10004c5f f i plugin_test1.obj
 0001:00003c5f       ?ref_remove@RKeyboardController@SDL_core@ui@modules@UModSys@@UBEXXZ 10004c5f f i umodsys_lib_libui:umodsys.mod.ui.SDL_core.obj
 0001:00003c5f       ?ref_remove@RGenerator@images_std@media@modules@UModSys@@UBEXXZ 10004c5f f i umodsys_lib_libmedia:umodsys.mod.media.images_std.obj
 0001:00003c5f       ?ref_remove@RGenerator@SDL_core@ui@modules@UModSys@@UBEXXZ 10004c5f f i umodsys_lib_libui:umodsys.mod.ui.SDL_core.obj
 0001:00003c5f       ?ref_remove@RGenerator@frames@ui@modules@UModSys@@UBEXXZ 10004c5f f i umodsys_lib_libui:umodsys.mod.ui.frames.obj
 0001:00003c5f       ?ref_remove@RDialog@frames@ui@modules@UModSys@@UBEXXZ 10004c5f f i umodsys_lib_libui:umodsys.mod.ui.frames.obj
 0001:00003c5f       ?ref_remove@RRenderDriver2D@SDL_core@ui@modules@UModSys@@UBEXXZ 10004c5f f i umodsys_lib_libui:umodsys.mod.ui.SDL_core.obj
 0001:00003c5f       ?ref_remove@RMouseController@SDL_core@ui@modules@UModSys@@UBEXXZ 10004c5f f i umodsys_lib_libui:umodsys.mod.ui.SDL_core.obj
 0001:00003c5f       ?ref_remove@RMultiImage2D_SDL_ttf@SDL_core@ui@modules@UModSys@@UBEXXZ 10004c5f f i umodsys_lib_libui:umodsys.mod.ui.SDL_core.obj
 0001:00003c5f       ?ref_remove@RTerminal@SDL_core@ui@modules@UModSys@@UBEXXZ 10004c5f f i umodsys_lib_libui:umodsys.mod.ui.SDL_core.obj
 0001:00003c6a       ?get_uid@RGenerator@SDL_core@ui@modules@UModSys@@UBEPBUSUniquePointerInfo@core@5@XZ 10004c6a f i umodsys_lib_libui:umodsys.mod.ui.SDL_core.obj
 0001:00003c70       ?do_open@RModuleReg@SDL_core@ui@modules@UModSys@@UAE_NXZ 10004c70 f i umodsys_lib_libui:umodsys.mod.ui.SDL_core.obj
 0001:00003cbe       ?do_close@RModuleReg@SDL_core@ui@modules@UModSys@@UAE_NXZ 10004cbe f i umodsys_lib_libui:umodsys.mod.ui.SDL_core.obj
 0001:00003cf9       ??_GRModuleReg@frames@ui@modules@UModSys@@UAEPAXI@Z 10004cf9 f i umodsys_lib_libui:umodsys.mod.ui.frames.obj
 0001:00003cf9       ??_ERModuleReg@images_std@media@modules@UModSys@@UAEPAXI@Z 10004cf9 f i  CIL library: CIL module
 0001:00003cf9       ??_ERModuleReg@SDL_core@ui@modules@UModSys@@UAEPAXI@Z 10004cf9 f i  CIL library: CIL module
 0001:00003cf9       ??_GIModuleReg@base@UModSys@@UAEPAXI@Z 10004cf9 f i umodsys_lib_base:umodsys.base.modulereg.obj
 0001:00003cf9       ??_EIModuleReg@base@UModSys@@UAEPAXI@Z 10004cf9 f i  CIL library: CIL module
 0001:00003cf9       ??_GRModuleReg@images_std@media@modules@UModSys@@UAEPAXI@Z 10004cf9 f i umodsys_lib_libmedia:umodsys.mod.media.images_std.obj
 0001:00003cf9       ??_GRModuleReg@test1@test@modules@UModSys@@UAEPAXI@Z 10004cf9 f i plugin_test1.obj
 0001:00003cf9       ??_ERModuleReg@frames@ui@modules@UModSys@@UAEPAXI@Z 10004cf9 f i  CIL library: CIL module
 0001:00003cf9       ??_GRModuleReg@SDL_core@ui@modules@UModSys@@UAEPAXI@Z 10004cf9 f i umodsys_lib_libui:umodsys.mod.ui.SDL_core.obj
 0001:00003cf9       ??_ERModuleReg@test1@test@modules@UModSys@@UAEPAXI@Z 10004cf9 f i  CIL library: CIL module
 0001:00003d16       ?get_module@RGenerator@SDL_core@ui@modules@UModSys@@UBEPAUIModule@base@5@XZ 10004d16 f   umodsys_lib_libui:umodsys.mod.ui.SDL_core.obj
 0001:00003d1c       ?mod_inc@RGenerator@SDL_core@ui@modules@UModSys@@UBE_NXZ 10004d1c f   umodsys_lib_libui:umodsys.mod.ui.SDL_core.obj
 0001:00003d27       ?mod_dec@RGenerator@SDL_core@ui@modules@UModSys@@UBE_NXZ 10004d27 f   umodsys_lib_libui:umodsys.mod.ui.SDL_core.obj
 0001:00003d32       ?s_holder@RGenerator@SDL_core@ui@modules@UModSys@@SAAAU?$TTypeStaticHolder@URGenerator@SDL_core@ui@modules@UModSys@@@tl@5@XZ 10004d32 f   umodsys_lib_libui:umodsys.mod.ui.SDL_core.obj
 0001:00003d64       ??1?$TScatterArray@UGlyph@RMultiImage2D_SDL_ttf@SDL_core@ui@modules@UModSys@@HU?$TScalarCompare@H@core@6@U?$TNodeDeleter0@U?$TScatterArrayNode@UGlyph@RMultiImage2D_SDL_ttf@SDL_core@ui@modules@UModSys@@H@tl@UModSys@@@tl@6@@tl@UModSys@@QAE@XZ 10004d64 f i umodsys_lib_libui:umodsys.mod.ui.SDL_core.obj
 0001:00003d7a       ??0?$TParametersA@$0BAA@@core@UModSys@@QAE@XZ 10004d7a f i umodsys_lib_libui:umodsys.mod.ui.SDL_core.obj
 0001:00003da9       ??1?$TRefObject@URMultiImage2D_SDL_ttf@SDL_core@ui@modules@UModSys@@U?$TRefObjectWeakFunc@URMultiImage2D_SDL_ttf@SDL_core@ui@modules@UModSys@@@tl@5@@tl@UModSys@@QAE@XZ 10004da9 f i umodsys_lib_libui:umodsys.mod.ui.SDL_core.obj
 0001:00003da9       ??1?$TRefObject@URRenderDriver2D@SDL_core@ui@modules@UModSys@@U?$TRefObjectWeakFunc@URRenderDriver2D@SDL_core@ui@modules@UModSys@@@tl@5@@tl@UModSys@@QAE@XZ 10004da9 f i umodsys_lib_libui:umodsys.mod.ui.SDL_core.obj
 0001:00003dae       ??F?$TTreeIterRB@$$CBU?$TScatterArrayNode@U?$TRefObjectCompositeExtra@UIMouseClient@libui@UModSys@@HUIRefObject@core@3@U?$TRefObjectFunc@UIRefObject@core@UModSys@@@tl@3@@tl@UModSys@@H@tl@UModSys@@$$CBU?$TPair@HU?$TRefObjectCompositeExtra@UIMouseClient@libui@UModSys@@HUIRefObject@core@3@U?$TRefObjectFunc@UIRefObject@core@UModSys@@@tl@3@@tl@UModSys@@@23@@tl@UModSys@@QAE?AU012@XZ 10004dae f i umodsys_lib_libui:umodsys.mod.ui.SDL_core.obj
 0001:00003dae       ??F?$TTreeIterRB@$$CBU?$TScatterArrayNode@U?$TRefObjectComposite@UIKeyboardClient@libui@UModSys@@UIRefObject@core@3@U?$TRefObjectFunc@UIRefObject@core@UModSys@@@tl@3@@tl@UModSys@@H@tl@UModSys@@$$CBU?$TPair@HU?$TRefObjectComposite@UIKeyboardClient@libui@UModSys@@UIRefObject@core@3@U?$TRefObjectFunc@UIRefObject@core@UModSys@@@tl@3@@tl@UModSys@@@23@@tl@UModSys@@QAE?AU012@XZ 10004dae f i umodsys_lib_libui:umodsys.mod.ui.SDL_core.obj
 0001:00003dd8       ?remove_node@?$TTreeHoldRB@U?$TScatterArrayNode@U?$TRefObjectCompositeExtra@UIMouseClient@libui@UModSys@@HUIRefObject@core@3@U?$TRefObjectFunc@UIRefObject@core@UModSys@@@tl@3@@tl@UModSys@@H@tl@UModSys@@@tl@UModSys@@QAEXPAU?$TScatterArrayNode@U?$TRefObjectCompositeExtra@UIMouseClient@libui@UModSys@@HUIRefObject@core@3@U?$TRefObjectFunc@UIRefObject@core@UModSys@@@tl@3@@tl@UModSys@@H@23@@Z 10004dd8 f i umodsys_lib_libui:umodsys.mod.ui.SDL_core.obj
 0001:00003dd8       ?remove_node@?$TTreeHoldRB@U?$TScatterArrayNode@U?$TRefObjectComposite@UIKeyboardClient@libui@UModSys@@UIRefObject@core@3@U?$TRefObjectFunc@UIRefObject@core@UModSys@@@tl@3@@tl@UModSys@@H@tl@UModSys@@@tl@UModSys@@QAEXPAU?$TScatterArrayNode@U?$TRefObjectComposite@UIKeyboardClient@libui@UModSys@@UIRefObject@core@3@U?$TRefObjectFunc@UIRefObject@core@UModSys@@@tl@3@@tl@UModSys@@H@23@@Z 10004dd8 f i umodsys_lib_libui:umodsys.mod.ui.SDL_core.obj
 0001:00003eb5       ??1?$TPair@HU?$TRefObjectComposite@UIKeyboardClient@libui@UModSys@@UIRefObject@core@3@U?$TRefObjectFunc@UIRefObject@core@UModSys@@@tl@3@@tl@UModSys@@@tl@UModSys@@QAE@XZ 10004eb5 f i umodsys_lib_libui:umodsys.mod.ui.SDL_core.obj
 0001:00003eb5       ??1?$TPair@HU?$TRefObjectCompositeExtra@UIMouseClient@libui@UModSys@@HUIRefObject@core@3@U?$TRefObjectFunc@UIRefObject@core@UModSys@@@tl@3@@tl@UModSys@@@tl@UModSys@@QAE@XZ 10004eb5 f i umodsys_lib_libui:umodsys.mod.ui.SDL_core.obj
 0001:00003ebf       ??1?$TRefObjectComposite@UIKeyboardClient@libui@UModSys@@UIRefObject@core@3@U?$TRefObjectFunc@UIRefObject@core@UModSys@@@tl@3@@tl@UModSys@@QAE@XZ 10004ebf f i umodsys_lib_libui:umodsys.mod.ui.SDL_core.obj
 0001:00003ebf       ??1?$TRefObjectCompositeExtra@UIMouseClient@libui@UModSys@@HUIRefObject@core@3@U?$TRefObjectFunc@UIRefObject@core@UModSys@@@tl@3@@tl@UModSys@@QAE@XZ 10004ebf f i umodsys_lib_libui:umodsys.mod.ui.SDL_core.obj
 0001:00003ebf       ??1?$TRefObjectComposite@UIController@libui@UModSys@@UIRefObject@core@3@U?$TRefObjectFunc@UIRefObject@core@UModSys@@@tl@3@@tl@UModSys@@QAE@XZ 10004ebf f i umodsys_lib_libui:umodsys.mod.ui.frames.obj
 0001:00003f04       ?remove_color@?$TTreeHoldRB@U?$TScatterArrayNode@U?$TRefObjectComposite@UIKeyboardClient@libui@UModSys@@UIRefObject@core@3@U?$TRefObjectFunc@UIRefObject@core@UModSys@@@tl@3@@tl@UModSys@@H@tl@UModSys@@@tl@UModSys@@IAEXPAU?$TScatterArrayNode@U?$TRefObjectComposite@UIKeyboardClient@libui@UModSys@@UIRefObject@core@3@U?$TRefObjectFunc@UIRefObject@core@UModSys@@@tl@3@@tl@UModSys@@H@23@0@Z 10004f04 f i umodsys_lib_libui:umodsys.mod.ui.SDL_core.obj
 0001:00003f04       ?remove_color@?$TTreeHoldRB@U?$TScatterArrayNode@U?$TRefObjectCompositeExtra@UIMouseClient@libui@UModSys@@HUIRefObject@core@3@U?$TRefObjectFunc@UIRefObject@core@UModSys@@@tl@3@@tl@UModSys@@H@tl@UModSys@@@tl@UModSys@@IAEXPAU?$TScatterArrayNode@U?$TRefObjectCompositeExtra@UIMouseClient@libui@UModSys@@HUIRefObject@core@3@U?$TRefObjectFunc@UIRefObject@core@UModSys@@@tl@3@@tl@UModSys@@H@23@0@Z 10004f04 f i umodsys_lib_libui:umodsys.mod.ui.SDL_core.obj
 0001:00004006       ??$t_close@U?$TRefObject@URRenderDriver2D@SDL_core@ui@modules@UModSys@@U?$TRefObjectWeakFunc@URRenderDriver2D@SDL_core@ui@modules@UModSys@@@tl@5@@tl@UModSys@@@SDL_core@ui@modules@UModSys@@YA_NAAU?$TScatterArray@U?$TRefObject@URRenderDriver2D@SDL_core@ui@modules@UModSys@@U?$TRefObjectWeakFunc@URRenderDriver2D@SDL_core@ui@modules@UModSys@@@tl@5@@tl@UModSys@@HU?$TScalarCompare@H@core@3@U?$TNodeDeleter0@U?$TScatterArrayNode@U?$TRefObject@URRenderDriver2D@SDL_core@ui@modules@UModSys@@U?$TRefObjectWeakFunc@URRenderDriver2D@SDL_core@ui@modules@UModSys@@@tl@5@@tl@UModSys@@H@tl@UModSys@@@23@@tl@3@@Z 10005006 f i umodsys_lib_libui:umodsys.mod.ui.SDL_core.obj
 0001:0000405f       ??$t_count@U?$TRefObject@URRenderDriver2D@SDL_core@ui@modules@UModSys@@U?$TRefObjectWeakFunc@URRenderDriver2D@SDL_core@ui@modules@UModSys@@@tl@5@@tl@UModSys@@@SDL_core@ui@modules@UModSys@@YAIABU?$TScatterArray@U?$TRefObject@URRenderDriver2D@SDL_core@ui@modules@UModSys@@U?$TRefObjectWeakFunc@URRenderDriver2D@SDL_core@ui@modules@UModSys@@@tl@5@@tl@UModSys@@HU?$TScalarCompare@H@core@3@U?$TNodeDeleter0@U?$TScatterArrayNode@U?$TRefObject@URRenderDriver2D@SDL_core@ui@modules@UModSys@@U?$TRefObjectWeakFunc@URRenderDriver2D@SDL_core@ui@modules@UModSys@@@tl@5@@tl@UModSys@@H@tl@UModSys@@@23@@tl@3@@Z 1000505f f i umodsys_lib_libui:umodsys.mod.ui.SDL_core.obj
 0001:000040aa       ??$t_get@U?$TRefObject@URRenderDriver2D@SDL_core@ui@modules@UModSys@@U?$TRefObjectWeakFunc@URRenderDriver2D@SDL_core@ui@modules@UModSys@@@tl@5@@tl@UModSys@@@SDL_core@ui@modules@UModSys@@YAPAUIRefObject@core@3@ABU?$TScatterArray@U?$TRefObject@URRenderDriver2D@SDL_core@ui@modules@UModSys@@U?$TRefObjectWeakFunc@URRenderDriver2D@SDL_core@ui@modules@UModSys@@@tl@5@@tl@UModSys@@HU?$TScalarCompare@H@core@3@U?$TNodeDeleter0@U?$TScatterArrayNode@U?$TRefObject@URRenderDriver2D@SDL_core@ui@modules@UModSys@@U?$TRefObjectWeakFunc@URRenderDriver2D@SDL_core@ui@modules@UModSys@@@tl@5@@tl@UModSys@@H@tl@UModSys@@@23@@tl@3@I@Z 100050aa f i umodsys_lib_libui:umodsys.mod.ui.SDL_core.obj
 0001:00004109       ??$ValidateConstruction@UIRefObject@core@UModSys@@URRenderDriver2D@SDL_core@ui@modules@3@@core@UModSys@@YA_NAAU?$TRefObject@UIRefObject@core@UModSys@@U?$TRefObjectFunc@UIRefObject@core@UModSys@@@tl@3@@tl@1@U?$TRefObject@URRenderDriver2D@SDL_core@ui@modules@UModSys@@U?$TRefObjectFunc@URRenderDriver2D@SDL_core@ui@modules@UModSys@@@tl@5@@31@@Z 10005109 f i umodsys_lib_libui:umodsys.mod.ui.SDL_core.obj
 0001:00004160       ??$t_add@U?$TRefObject@URRenderDriver2D@SDL_core@ui@modules@UModSys@@U?$TRefObjectWeakFunc@URRenderDriver2D@SDL_core@ui@modules@UModSys@@@tl@5@@tl@UModSys@@URRenderDriver2D@SDL_core@ui@modules@3@@SDL_core@ui@modules@UModSys@@YA_NAAU?$TScatterArray@U?$TRefObject@URRenderDriver2D@SDL_core@ui@modules@UModSys@@U?$TRefObjectWeakFunc@URRenderDriver2D@SDL_core@ui@modules@UModSys@@@tl@5@@tl@UModSys@@HU?$TScalarCompare@H@core@3@U?$TNodeDeleter0@U?$TScatterArrayNode@U?$TRefObject@URRenderDriver2D@SDL_core@ui@modules@UModSys@@U?$TRefObjectWeakFunc@URRenderDriver2D@SDL_core@ui@modules@UModSys@@@tl@5@@tl@UModSys@@H@tl@UModSys@@@23@@tl@3@PAURRenderDriver2D@0123@@Z 10005160 f i umodsys_lib_libui:umodsys.mod.ui.SDL_core.obj
 0001:000041bf       ??$ValidateConstruction@UIRefObject@core@UModSys@@URKeyboardController@SDL_core@ui@modules@3@@core@UModSys@@YA_NAAU?$TRefObject@UIRefObject@core@UModSys@@U?$TRefObjectFunc@UIRefObject@core@UModSys@@@tl@3@@tl@1@U?$TRefObject@URKeyboardController@SDL_core@ui@modules@UModSys@@U?$TRefObjectFunc@URKeyboardController@SDL_core@ui@modules@UModSys@@@tl@5@@31@@Z 100051bf f i umodsys_lib_libui:umodsys.mod.ui.SDL_core.obj
 0001:000041bf       ??$ValidateConstruction@UIRefObject@core@UModSys@@URMouseController@SDL_core@ui@modules@3@@core@UModSys@@YA_NAAU?$TRefObject@UIRefObject@core@UModSys@@U?$TRefObjectFunc@UIRefObject@core@UModSys@@@tl@3@@tl@1@U?$TRefObject@URMouseController@SDL_core@ui@modules@UModSys@@U?$TRefObjectFunc@URMouseController@SDL_core@ui@modules@UModSys@@@tl@5@@31@@Z 100051bf f i umodsys_lib_libui:umodsys.mod.ui.SDL_core.obj
 0001:000041fd       ??$t_gen_param@URTerminal@SDL_core@ui@modules@UModSys@@URGenerator@2345@@IGenerator@base@UModSys@@IAE_NPAURGenerator@SDL_core@ui@modules@2@AAU?$TRefObject@UIRefObject@core@UModSys@@U?$TRefObjectFunc@UIRefObject@core@UModSys@@@tl@3@@tl@2@PBUSUniquePointerInfo@core@2@ABUSParameters@core@2@@Z 100051fd f i umodsys_lib_libui:umodsys.mod.ui.SDL_core.obj
 0001:0000428f       ??$genx_node@UCmp@?$TScatterArray@U?$TRefObjectCompositeExtra@UIMouseClient@libui@UModSys@@HUIRefObject@core@3@U?$TRefObjectFunc@UIRefObject@core@UModSys@@@tl@3@@tl@UModSys@@HU?$TScalarCompare@H@core@3@U?$TNodeDeleter0@U?$TScatterArrayNode@U?$TRefObjectCompositeExtra@UIMouseClient@libui@UModSys@@HUIRefObject@core@3@U?$TRefObjectFunc@UIRefObject@core@UModSys@@@tl@3@@tl@UModSys@@H@tl@UModSys@@@23@@tl@UModSys@@UGen0@234@@?$TTreeHoldRBD@U?$TScatterArrayNode@U?$TRefObjectCompositeExtra@UIMouseClient@libui@UModSys@@HUIRefObject@core@3@U?$TRefObjectFunc@UIRefObject@core@UModSys@@@tl@3@@tl@UModSys@@H@tl@UModSys@@U?$TNodeDeleter0@U?$TScatterArrayNode@U?$TRefObjectCompositeExtra@UIMouseClient@libui@UModSys@@HUIRefObject@core@3@U?$TRefObjectFunc@UIRefObject@core@UModSys@@@tl@3@@tl@UModSys@@H@tl@UModSys@@@23@@tl@UModSys@@QAEPAU?$TScatterArrayNode@U?$TRefObjectCompositeExtra@UIMouseClient@libui@UModSys@@HUIRefObject@core@3@U?$TRefObjectFunc@UIRefObject@core@UModSys@@@tl@3@@tl@UModSys@@H@12@UCmp@?$TScatterArray@U?$TRefObjectCompositeExtra@UIMouseClient@libui@UModSys@@HUIRefObject@core@3@U?$TRefObjectFunc@UIRefObject@core@UModSys@@@tl@3@@tl@UModSys@@HU?$TScalarCompare@H@core@3@U?$TNodeDeleter0@U?$TScatterArrayNode@U?$TRefObjectCompositeExtra@UIMouseClient@libui@UModSys@@HUIRefObject@core@3@U?$TRefObjectFunc@UIRefObject@core@UModSys@@@tl@3@@tl@UModSys@@H@tl@UModSys@@@23@@12@ABUGen0@512@PAPAU312@2_N@Z 1000528f f i umodsys_lib_libui:umodsys.mod.ui.SDL_core.obj
 0001:0000431d       ??$genx_node@UCmp@?$TScatterArray@U?$TRefObjectComposite@UIKeyboardClient@libui@UModSys@@UIRefObject@core@3@U?$TRefObjectFunc@UIRefObject@core@UModSys@@@tl@3@@tl@UModSys@@HU?$TScalarCompare@H@core@3@U?$TNodeDeleter0@U?$TScatterArrayNode@U?$TRefObjectComposite@UIKeyboardClient@libui@UModSys@@UIRefObject@core@3@U?$TRefObjectFunc@UIRefObject@core@UModSys@@@tl@3@@tl@UModSys@@H@tl@UModSys@@@23@@tl@UModSys@@UGen0@234@@?$TTreeHoldRBD@U?$TScatterArrayNode@U?$TRefObjectComposite@UIKeyboardClient@libui@UModSys@@UIRefObject@core@3@U?$TRefObjectFunc@UIRefObject@core@UModSys@@@tl@3@@tl@UModSys@@H@tl@UModSys@@U?$TNodeDeleter0@U?$TScatterArrayNode@U?$TRefObjectComposite@UIKeyboardClient@libui@UModSys@@UIRefObject@core@3@U?$TRefObjectFunc@UIRefObject@core@UModSys@@@tl@3@@tl@UModSys@@H@tl@UModSys@@@23@@tl@UModSys@@QAEPAU?$TScatterArrayNode@U?$TRefObjectComposite@UIKeyboardClient@libui@UModSys@@UIRefObject@core@3@U?$TRefObjectFunc@UIRefObject@core@UModSys@@@tl@3@@tl@UModSys@@H@12@UCmp@?$TScatterArray@U?$TRefObjectComposite@UIKeyboardClient@libui@UModSys@@UIRefObject@core@3@U?$TRefObjectFunc@UIRefObject@core@UModSys@@@tl@3@@tl@UModSys@@HU?$TScalarCompare@H@core@3@U?$TNodeDeleter0@U?$TScatterArrayNode@U?$TRefObjectComposite@UIKeyboardClient@libui@UModSys@@UIRefObject@core@3@U?$TRefObjectFunc@UIRefObject@core@UModSys@@@tl@3@@tl@UModSys@@H@tl@UModSys@@@23@@12@ABUGen0@512@PAPAU312@2_N@Z 1000531d f i umodsys_lib_libui:umodsys.mod.ui.SDL_core.obj
 0001:000043ab       ??E?$TTreeIterRB@$$CBU?$TScatterArrayNode@U?$TRefObject@URRenderDriver2D@SDL_core@ui@modules@UModSys@@U?$TRefObjectWeakFunc@URRenderDriver2D@SDL_core@ui@modules@UModSys@@@tl@5@@tl@UModSys@@H@tl@UModSys@@$$CBU?$TPair@HU?$TRefObject@URRenderDriver2D@SDL_core@ui@modules@UModSys@@U?$TRefObjectWeakFunc@URRenderDriver2D@SDL_core@ui@modules@UModSys@@@tl@5@@tl@UModSys@@@23@@tl@UModSys@@QAE?AU012@XZ 100053ab f i umodsys_lib_libui:umodsys.mod.ui.SDL_core.obj
 0001:000043d5       ??0?$TScatterArrayNode@U?$TRefObjectCompositeExtra@UIMouseClient@libui@UModSys@@HUIRefObject@core@3@U?$TRefObjectFunc@UIRefObject@core@UModSys@@@tl@3@@tl@UModSys@@H@tl@UModSys@@QAE@ABH@Z 100053d5 f i umodsys_lib_libui:umodsys.mod.ui.SDL_core.obj
 0001:0000442b       ??0?$TScatterArrayNode@U?$TRefObjectComposite@UIKeyboardClient@libui@UModSys@@UIRefObject@core@3@U?$TRefObjectFunc@UIRefObject@core@UModSys@@@tl@3@@tl@UModSys@@H@tl@UModSys@@QAE@ABH@Z 1000542b f i umodsys_lib_libui:umodsys.mod.ui.SDL_core.obj
 0001:0000447a       ??$process_nodes_r@U?$TNodeDeleter0@U?$TScatterArrayNode@UGlyph@RMultiImage2D_SDL_ttf@SDL_core@ui@modules@UModSys@@H@tl@UModSys@@@tl@UModSys@@@?$TTreeHoldRB@U?$TScatterArrayNode@UGlyph@RMultiImage2D_SDL_ttf@SDL_core@ui@modules@UModSys@@H@tl@UModSys@@@tl@UModSys@@KAHPAU?$TScatterArrayNode@UGlyph@RMultiImage2D_SDL_ttf@SDL_core@ui@modules@UModSys@@H@12@ABU?$TNodeDeleter0@U?$TScatterArrayNode@UGlyph@RMultiImage2D_SDL_ttf@SDL_core@ui@modules@UModSys@@H@tl@UModSys@@@12@@Z 1000547a f i umodsys_lib_libui:umodsys.mod.ui.SDL_core.obj
 0001:000044cd       ??$process_nodes_r@U?$TNodeDeleter0@U?$TScatterArrayNode@U?$TRefObjectComposite@UIKeyboardClient@libui@UModSys@@UIRefObject@core@3@U?$TRefObjectFunc@UIRefObject@core@UModSys@@@tl@3@@tl@UModSys@@H@tl@UModSys@@@tl@UModSys@@@?$TTreeHoldRB@U?$TScatterArrayNode@U?$TRefObjectComposite@UIKeyboardClient@libui@UModSys@@UIRefObject@core@3@U?$TRefObjectFunc@UIRefObject@core@UModSys@@@tl@3@@tl@UModSys@@H@tl@UModSys@@@tl@UModSys@@KAHPAU?$TScatterArrayNode@U?$TRefObjectComposite@UIKeyboardClient@libui@UModSys@@UIRefObject@core@3@U?$TRefObjectFunc@UIRefObject@core@UModSys@@@tl@3@@tl@UModSys@@H@12@ABU?$TNodeDeleter0@U?$TScatterArrayNode@U?$TRefObjectComposite@UIKeyboardClient@libui@UModSys@@UIRefObject@core@3@U?$TRefObjectFunc@UIRefObject@core@UModSys@@@tl@3@@tl@UModSys@@H@tl@UModSys@@@12@@Z 100054cd f i umodsys_lib_libui:umodsys.mod.ui.SDL_core.obj
 0001:000044cd       ??$process_nodes_r@U?$TNodeDeleter0@U?$TScatterArrayNode@U?$TRefObjectCompositeExtra@UIMouseClient@libui@UModSys@@HUIRefObject@core@3@U?$TRefObjectFunc@UIRefObject@core@UModSys@@@tl@3@@tl@UModSys@@H@tl@UModSys@@@tl@UModSys@@@?$TTreeHoldRB@U?$TScatterArrayNode@U?$TRefObjectCompositeExtra@UIMouseClient@libui@UModSys@@HUIRefObject@core@3@U?$TRefObjectFunc@UIRefObject@core@UModSys@@@tl@3@@tl@UModSys@@H@tl@UModSys@@@tl@UModSys@@KAHPAU?$TScatterArrayNode@U?$TRefObjectCompositeExtra@UIMouseClient@libui@UModSys@@HUIRefObject@core@3@U?$TRefObjectFunc@UIRefObject@core@UModSys@@@tl@3@@tl@UModSys@@H@12@ABU?$TNodeDeleter0@U?$TScatterArrayNode@U?$TRefObjectCompositeExtra@UIMouseClient@libui@UModSys@@HUIRefObject@core@3@U?$TRefObjectFunc@UIRefObject@core@UModSys@@@tl@3@@tl@UModSys@@H@tl@UModSys@@@12@@Z 100054cd f i umodsys_lib_libui:umodsys.mod.ui.SDL_core.obj
 0001:00004517       ??$process_nodes_r@U?$TNodeDeleter0@U?$TScatterArrayNode@U?$TRefObject@URRenderDriver2D@SDL_core@ui@modules@UModSys@@U?$TRefObjectWeakFunc@URRenderDriver2D@SDL_core@ui@modules@UModSys@@@tl@5@@tl@UModSys@@H@tl@UModSys@@@tl@UModSys@@@?$TTreeHoldRB@U?$TScatterArrayNode@U?$TRefObject@URRenderDriver2D@SDL_core@ui@modules@UModSys@@U?$TRefObjectWeakFunc@URRenderDriver2D@SDL_core@ui@modules@UModSys@@@tl@5@@tl@UModSys@@H@tl@UModSys@@@tl@UModSys@@KAHPAU?$TScatterArrayNode@U?$TRefObject@URRenderDriver2D@SDL_core@ui@modules@UModSys@@U?$TRefObjectWeakFunc@URRenderDriver2D@SDL_core@ui@modules@UModSys@@@tl@5@@tl@UModSys@@H@12@ABU?$TNodeDeleter0@U?$TScatterArrayNode@U?$TRefObject@URRenderDriver2D@SDL_core@ui@modules@UModSys@@U?$TRefObjectWeakFunc@URRenderDriver2D@SDL_core@ui@modules@UModSys@@@tl@5@@tl@UModSys@@H@tl@UModSys@@@12@@Z 10005517 f i umodsys_lib_libui:umodsys.mod.ui.SDL_core.obj
 0001:00004560       ??$genx_node@UCmp@?$TScatterArray@U?$TRefObject@URRenderDriver2D@SDL_core@ui@modules@UModSys@@U?$TRefObjectWeakFunc@URRenderDriver2D@SDL_core@ui@modules@UModSys@@@tl@5@@tl@UModSys@@HU?$TScalarCompare@H@core@3@U?$TNodeDeleter0@U?$TScatterArrayNode@U?$TRefObject@URRenderDriver2D@SDL_core@ui@modules@UModSys@@U?$TRefObjectWeakFunc@URRenderDriver2D@SDL_core@ui@modules@UModSys@@@tl@5@@tl@UModSys@@H@tl@UModSys@@@23@@tl@UModSys@@UGen0@234@@?$TTreeHoldRBD@U?$TScatterArrayNode@U?$TRefObject@URRenderDriver2D@SDL_core@ui@modules@UModSys@@U?$TRefObjectWeakFunc@URRenderDriver2D@SDL_core@ui@modules@UModSys@@@tl@5@@tl@UModSys@@H@tl@UModSys@@U?$TNodeDeleter0@U?$TScatterArrayNode@U?$TRefObject@URRenderDriver2D@SDL_core@ui@modules@UModSys@@U?$TRefObjectWeakFunc@URRenderDriver2D@SDL_core@ui@modules@UModSys@@@tl@5@@tl@UModSys@@H@tl@UModSys@@@23@@tl@UModSys@@QAEPAU?$TScatterArrayNode@U?$TRefObject@URRenderDriver2D@SDL_core@ui@modules@UModSys@@U?$TRefObjectWeakFunc@URRenderDriver2D@SDL_core@ui@modules@UModSys@@@tl@5@@tl@UModSys@@H@12@UCmp@?$TScatterArray@U?$TRefObject@URRenderDriver2D@SDL_core@ui@modules@UModSys@@U?$TRefObjectWeakFunc@URRenderDriver2D@SDL_core@ui@modules@UModSys@@@tl@5@@tl@UModSys@@HU?$TScalarCompare@H@core@3@U?$TNodeDeleter0@U?$TScatterArrayNode@U?$TRefObject@URRenderDriver2D@SDL_core@ui@modules@UModSys@@U?$TRefObjectWeakFunc@URRenderDriver2D@SDL_core@ui@modules@UModSys@@@tl@5@@tl@UModSys@@H@tl@UModSys@@@23@@12@ABUGen0@512@PAPAU312@2_N@Z 10005560 f i umodsys_lib_libui:umodsys.mod.ui.SDL_core.obj
 0001:000045ef       ??0?$TScatterArrayNode@U?$TRefObject@URRenderDriver2D@SDL_core@ui@modules@UModSys@@U?$TRefObjectWeakFunc@URRenderDriver2D@SDL_core@ui@modules@UModSys@@@tl@5@@tl@UModSys@@H@tl@UModSys@@QAE@ABH@Z 100055ef f i umodsys_lib_libui:umodsys.mod.ui.SDL_core.obj
 0001:00004636       ?alloc@SMemShared@core@UModSys@@QAE_NIPAUSSourceContext@23@@Z 10005636 f i umodsys_lib_libui:umodsys.mod.ui.frames.obj
 0001:00004660       ?get@SParameters@core@UModSys@@QBE_NPBDAA_N@Z 10005660 f i umodsys_lib_libui:umodsys.mod.ui.frames.obj
 0001:00004692       ?ss@SFrameDataOut@libui@UModSys@@QBEXQBD@Z 10005692 f i umodsys_lib_libui:umodsys.mod.ui.frames.obj
 0001:000046d6       ??1SController@libui@UModSys@@QAE@XZ 100056d6 f i umodsys_lib_libui:umodsys.mod.ui.frames.obj
 0001:000046e0       ?db_get_i@SController@libui@UModSys@@QAEHQBD@Z 100056e0 f i umodsys_lib_libui:umodsys.mod.ui.frames.obj
 0001:00004718       ?update_size@libui@UModSys@@YA_NAAU?$TBoundBox2@H@math3d@2@ABUSFrameSize@12@ABU342@@Z 10005718 f i umodsys_lib_libui:umodsys.mod.ui.frames.obj
 0001:000047ec       ?command@SController@libui@UModSys@@QAE_NHABUSFrameDataIn@23@@Z 100057ec f i umodsys_lib_libui:umodsys.mod.ui.frames.obj
 0001:00004832       ?db_get@SController@libui@UModSys@@QAE_NQBDABUSFrameDataOut@23@@Z 10005832 f i umodsys_lib_libui:umodsys.mod.ui.frames.obj
 0001:0000487d       ?cast@ICollectorThemeTemplate@libui@UModSys@@KAXAAU?$TVector4@H@math3d@3@ABU?$TVector4@M@53@@Z 1000587d f i umodsys_lib_libui:umodsys.mod.ui.frames.obj
 0001:000048ce       ?get_property@ICollectorThemeTemplate@libui@UModSys@@UBE_NHHAAU?$TVector4@M@math3d@3@@Z 100058ce f i umodsys_lib_libui:umodsys.mod.ui.frames.obj
 0001:0000492b       ?get_property@ICollectorThemeTemplate@libui@UModSys@@UBE_NHHAAU?$TVector4@H@math3d@3@@Z 1000592b f i umodsys_lib_libui:umodsys.mod.ui.frames.obj
 0001:00004986       ?get_property@ICollectorThemeTemplate@libui@UModSys@@UBE_NHHAAU?$TVector2@M@math3d@3@@Z 10005986 f i umodsys_lib_libui:umodsys.mod.ui.frames.obj
 0001:000049e5       ?get_property@ICollectorThemeTemplate@libui@UModSys@@UBE_NHHAAU?$TVector2@H@math3d@3@@Z 100059e5 f i umodsys_lib_libui:umodsys.mod.ui.frames.obj
 0001:00004a54       ?get_property@ICollectorThemeTemplate@libui@UModSys@@UBE_NHHAAH@Z 10005a54 f i umodsys_lib_libui:umodsys.mod.ui.frames.obj
 0001:00004a6f       ?set_property@ICollectorThemeTemplate@libui@UModSys@@UAE_NHHABU?$TVector4@M@math3d@3@@Z 10005a6f f i umodsys_lib_libui:umodsys.mod.ui.frames.obj
 0001:00004ab5       ?set_property@ICollectorThemeTemplate@libui@UModSys@@UAE_NHHABU?$TVector4@H@math3d@3@@Z 10005ab5 f i umodsys_lib_libui:umodsys.mod.ui.frames.obj
 0001:00004b26       ?set_property@ICollectorThemeTemplate@libui@UModSys@@UAE_NHHABU?$TVector2@M@math3d@3@@Z 10005b26 f i umodsys_lib_libui:umodsys.mod.ui.frames.obj
 0001:00004b6c       ?set_property@ICollectorThemeTemplate@libui@UModSys@@UAE_NHHABU?$TVector2@H@math3d@3@@Z 10005b6c f i umodsys_lib_libui:umodsys.mod.ui.frames.obj
 0001:00004bc0       ?set_property@ICollectorThemeTemplate@libui@UModSys@@UAE_NHHH@Z 10005bc0 f i umodsys_lib_libui:umodsys.mod.ui.frames.obj
 0001:00004bfe       ??1ICollectorThemeTemplate@libui@UModSys@@QAE@XZ 10005bfe f i umodsys_lib_libui:umodsys.mod.ui.frames.obj
 0001:00004c75       ?get_max_int@IRenderDriver@lib2d@UModSys@@QAEHPBD@Z 10005c75 f i umodsys_lib_libui:umodsys.mod.ui.frames.obj
 0001:00004c95       ?render_textbox@IRenderDriver@lib2d@UModSys@@QAE_NABU?$TVector2@H@math3d@3@0PBHHHPBU?$TVector2@M@53@@Z 10005c95 f i umodsys_lib_libui:umodsys.mod.ui.frames.obj
 0001:00004cc9       ??0SDrawState@frames@ui@modules@UModSys@@QAE@ABU01234@ABU?$TBoundBox2@H@math3d@4@PAUIMultiImage@lib2d@4@@Z 10005cc9 f i umodsys_lib_libui:umodsys.mod.ui.frames.obj
 0001:00004cf6       ?get_group_index@RCollectorTheme@frames@ui@modules@UModSys@@UAEHPBD@Z 10005cf6 f   umodsys_lib_libui:umodsys.mod.ui.frames.obj
 0001:00004d9e       ?get_elem_index@RCollectorTheme@frames@ui@modules@UModSys@@UAEHPBD@Z 10005d9e f   umodsys_lib_libui:umodsys.mod.ui.frames.obj
 0001:00004edf       ??1RCollectorTheme@frames@ui@modules@UModSys@@QAE@XZ 10005edf f   umodsys_lib_libui:umodsys.mod.ui.frames.obj
 0001:00004eec       ?set_controller@RFrame_Common@frames@ui@modules@UModSys@@UAE_NHPAUIController@libui@5@PAUIRefObject@core@5@@Z 10005eec f i umodsys_lib_libui:umodsys.mod.ui.frames.obj
 0001:00004f21       ?get_controller@RFrame_Common@frames@ui@modules@UModSys@@UAEPAUIController@libui@5@XZ 10005f21 f i umodsys_lib_libui:umodsys.mod.ui.frames.obj
 0001:00004f25       ?get_controller_context@RFrame_Common@frames@ui@modules@UModSys@@UAEHXZ 10005f25 f i umodsys_lib_libui:umodsys.mod.ui.frames.obj
 0001:00004f29       ?controller_update@RFrame_Common@frames@ui@modules@UModSys@@UAE_NXZ 10005f29 f i umodsys_lib_libui:umodsys.mod.ui.frames.obj
 0001:00004f2c       ?get_box@RFrame_Common@frames@ui@modules@UModSys@@UAEABU?$TBoundBox2@H@math3d@5@XZ 10005f2c f i umodsys_lib_libui:umodsys.mod.ui.frames.obj
 0001:00004f2c       ?get_theme@RCollector@frames@ui@modules@UModSys@@UAEPAUICollectorTheme@libui@5@XZ 10005f2c f i umodsys_lib_libui:umodsys.mod.ui.frames.obj
 0001:00004f30       ?get_framesize@RFrame_Common@frames@ui@modules@UModSys@@UAEABUSFrameSize@libui@5@XZ 10005f30 f i umodsys_lib_libui:umodsys.mod.ui.frames.obj
 0001:00004f34       ?set_framesize@RFrame_Common@frames@ui@modules@UModSys@@UAE_NABUSFrameSize@libui@5@@Z 10005f34 f i umodsys_lib_libui:umodsys.mod.ui.frames.obj
 0001:00004f4f       ?get_insize@RFrame_Common@frames@ui@modules@UModSys@@UAE?AU?$TVector2@H@math3d@5@XZ 10005f4f f i umodsys_lib_libui:umodsys.mod.ui.frames.obj
 0001:00004f67       ?get_theme@RFrame_Common@frames@ui@modules@UModSys@@UAEPAUICollectorTheme@libui@5@XZ 10005f67 f i umodsys_lib_libui:umodsys.mod.ui.frames.obj
 0001:00004f6b       ?draw_pre@RFrame_Common@frames@ui@modules@UModSys@@MAE_NABUSDrawState@2345@@Z 10005f6b f i umodsys_lib_libui:umodsys.mod.ui.frames.obj
 0001:00004f6b       ?draw_post@RFrame_Common@frames@ui@modules@UModSys@@MAE_NABUSDrawState@2345@@Z 10005f6b f i umodsys_lib_libui:umodsys.mod.ui.frames.obj
 0001:00004f70       ?button_cmd@RFrame_Common@frames@ui@modules@UModSys@@MAE_NPAUSButton@2345@HH@Z 10005f70 f i umodsys_lib_libui:umodsys.mod.ui.frames.obj
 0001:00004f70       ?button_draw@RFrame_Common@frames@ui@modules@UModSys@@MAE_NPAUSButton@2345@ABUSDrawState@2345@H@Z 10005f70 f i umodsys_lib_libui:umodsys.mod.ui.frames.obj
 0001:00004f75       ?tclr@RFrame_Common@frames@ui@modules@UModSys@@IAE?AU?$TVector4@M@math3d@5@HH@Z 10005f75 f i umodsys_lib_libui:umodsys.mod.ui.frames.obj
 0001:00004f98       ?tptr@RFrame_Common@frames@ui@modules@UModSys@@IAE?AU?$TVector2@M@math3d@5@HH@Z 10005f98 f i umodsys_lib_libui:umodsys.mod.ui.frames.obj
 0001:00004fb6       ?_root_get_other_interface@RFrame_Common@frames@ui@modules@UModSys@@IAEPAUIRoot@core@5@PBUSUniquePointerInfo@75@@Z 10005fb6 f i umodsys_lib_libui:umodsys.mod.ui.frames.obj
 0001:00004fb6       ?_root_get_other_interface@RFrame_Common@frames@ui@modules@UModSys@@IBEPBUIRoot@core@5@PBUSUniquePointerInfo@75@@Z 10005fb6 f i umodsys_lib_libui:umodsys.mod.ui.frames.obj
 0001:00004fd2       ?_root_is_interface_supported@RFrame_Common@frames@ui@modules@UModSys@@SA_NPBUSUniquePointerInfo@core@5@@Z 10005fd2 f i umodsys_lib_libui:umodsys.mod.ui.frames.obj
 0001:00004ff2       ?set_flag@RFrame_Common@frames@ui@modules@UModSys@@UAE_NH_N@Z 10005ff2 f   umodsys_lib_libui:umodsys.mod.ui.frames.obj
 0001:00005069       ?get_flag@RFrame_Common@frames@ui@modules@UModSys@@UAE_NH@Z 10006069 f   umodsys_lib_libui:umodsys.mod.ui.frames.obj
 0001:000050ac       ?get_parent@RFrame_Common@frames@ui@modules@UModSys@@UAEPAUIFrame@libui@5@XZ 100060ac f   umodsys_lib_libui:umodsys.mod.ui.frames.obj
 0001:000050b0       ?find_context@RFrame_Common@frames@ui@modules@UModSys@@UAEPAUIFrame@libui@5@HPAUIController@75@@Z 100060b0 f   umodsys_lib_libui:umodsys.mod.ui.frames.obj
 0001:00005105       ?configure@RFrame_Common@frames@ui@modules@UModSys@@UAE_NPBD0ABUSParameters@core@5@@Z 10006105 f   umodsys_lib_libui:umodsys.mod.ui.frames.obj
 0001:0000518b       ?draw@RFrame_Common@frames@ui@modules@UModSys@@MAE_NABUSDrawState@2345@@Z 1000618b f   umodsys_lib_libui:umodsys.mod.ui.frames.obj
 0001:000051f5       ?draw_focus@RFrame_Common@frames@ui@modules@UModSys@@MAE_NABUSDrawState@2345@@Z 100061f5 f   umodsys_lib_libui:umodsys.mod.ui.frames.obj
 0001:00005256       ?update_size@RFrame_Common@frames@ui@modules@UModSys@@MAE_NABU?$TBoundBox2@H@math3d@5@@Z 10006256 f   umodsys_lib_libui:umodsys.mod.ui.frames.obj
 0001:0000527d       ?set_fcp@RFrame_Common@frames@ui@modules@UModSys@@MAE_NABUSFrameCreateParameters@libui@5@PBUSParameters@core@5@@Z 1000627d f   umodsys_lib_libui:umodsys.mod.ui.frames.obj
 0001:000052f8       ?is_enabled@RFrame_Common@frames@ui@modules@UModSys@@MAE_NXZ 100062f8 f   umodsys_lib_libui:umodsys.mod.ui.frames.obj
 0001:00005326       ??0RFrame_Common@frames@ui@modules@UModSys@@QAE@PAURCollector@1234@PAU01234@@Z 10006326 f   umodsys_lib_libui:umodsys.mod.ui.frames.obj
 0001:000053f1       ??_GRFrame_Common@frames@ui@modules@UModSys@@UAEPAXI@Z 100063f1 f i umodsys_lib_libui:umodsys.mod.ui.frames.obj
 0001:000053f1       ??_ERFrame_Common@frames@ui@modules@UModSys@@UAEPAXI@Z 100063f1 f i  CIL library: CIL module
 0001:0000540e       ??1RFrame_Common@frames@ui@modules@UModSys@@UAE@XZ 1000640e f   umodsys_lib_libui:umodsys.mod.ui.frames.obj
 0001:00005486       ?root_get_interface_info@RDialog@frames@ui@modules@UModSys@@UBEABUSUniquePointerInfo@core@5@XZ 10006486 f i umodsys_lib_libui:umodsys.mod.ui.frames.obj
 0001:0000548c       ?root_get_interface_type@RDialog@frames@ui@modules@UModSys@@UBEPBUSUniquePointerInfo@core@5@XZ 1000648c f i umodsys_lib_libui:umodsys.mod.ui.frames.obj
 0001:00005492       ?root_get_other_interface@RDialog@frames@ui@modules@UModSys@@UAEPAUIRoot@core@5@PBUSUniquePointerInfo@75@@Z 10006492 f i umodsys_lib_libui:umodsys.mod.ui.frames.obj
 0001:00005492       ?root_get_other_interface@RDialog@frames@ui@modules@UModSys@@UBEPBUIRoot@core@5@PBUSUniquePointerInfo@75@@Z 10006492 f i umodsys_lib_libui:umodsys.mod.ui.frames.obj
 0001:000054b3       ?root_is_interface_supported@RDialog@frames@ui@modules@UModSys@@UBE_NPBUSUniquePointerInfo@core@5@@Z 100064b3 f i umodsys_lib_libui:umodsys.mod.ui.frames.obj
 0001:000054da       ?ref_links@RGenerator@images_std@media@modules@UModSys@@UBEHXZ 100064da f i umodsys_lib_libmedia:umodsys.mod.media.images_std.obj
 0001:000054da       ?ref_links@RGenerator@SDL_core@ui@modules@UModSys@@UBEHXZ 100064da f i umodsys_lib_libui:umodsys.mod.ui.SDL_core.obj
 0001:000054da       ?ref_links@RKeyboardController@SDL_core@ui@modules@UModSys@@UBEHXZ 100064da f i umodsys_lib_libui:umodsys.mod.ui.SDL_core.obj
 0001:000054da       ?ref_links@RTerminal@SDL_core@ui@modules@UModSys@@UBEHXZ 100064da f i umodsys_lib_libui:umodsys.mod.ui.SDL_core.obj
 0001:000054da       ?ref_links@RGenerator@test1@test@modules@UModSys@@UBEHXZ 100064da f i plugin_test1.obj
 0001:000054da       ?ref_links@RDialog@frames@ui@modules@UModSys@@UBEHXZ 100064da f i umodsys_lib_libui:umodsys.mod.ui.frames.obj
 0001:000054da       ?ref_links@RMultiImage2D_SDL_ttf@SDL_core@ui@modules@UModSys@@UBEHXZ 100064da f i umodsys_lib_libui:umodsys.mod.ui.SDL_core.obj
 0001:000054da       ?ref_links@RMouseController@SDL_core@ui@modules@UModSys@@UBEHXZ 100064da f i umodsys_lib_libui:umodsys.mod.ui.SDL_core.obj
 0001:000054da       ?ref_links@RGenerator@frames@ui@modules@UModSys@@UBEHXZ 100064da f i umodsys_lib_libui:umodsys.mod.ui.frames.obj
 0001:000054da       ?ref_links@RRenderDriver2D@SDL_core@ui@modules@UModSys@@UBEHXZ 100064da f i umodsys_lib_libui:umodsys.mod.ui.SDL_core.obj
 0001:000054de       ?get_root@RDialog@frames@ui@modules@UModSys@@UAEPAUIFrame@libui@5@XZ 100064de f   umodsys_lib_libui:umodsys.mod.ui.frames.obj
 0001:000054e2       ?get_focused@RDialog@frames@ui@modules@UModSys@@UAEPAUIFrame@libui@5@XZ 100064e2 f   umodsys_lib_libui:umodsys.mod.ui.frames.obj
 0001:000054e6       ?set_focused@RDialog@frames@ui@modules@UModSys@@UAE_NPAUIFrame@libui@5@@Z 100064e6 f   umodsys_lib_libui:umodsys.mod.ui.frames.obj
 0001:00005537       ??0RDialog@frames@ui@modules@UModSys@@QAE@PAURCollector@1234@PAURFrame_Common@1234@@Z 10006537 f   umodsys_lib_libui:umodsys.mod.ui.frames.obj
 0001:0000559e       ??_ERDialog@frames@ui@modules@UModSys@@UAEPAXI@Z 1000659e f i  CIL library: CIL module
 0001:0000559e       ??_GRDialog@frames@ui@modules@UModSys@@UAEPAXI@Z 1000659e f i umodsys_lib_libui:umodsys.mod.ui.frames.obj
 0001:0000560b       ?root_get_interface_info@RFrame_Frame@frames@ui@modules@UModSys@@UBEABUSUniquePointerInfo@core@5@XZ 1000660b f i umodsys_lib_libui:umodsys.mod.ui.frames.obj
 0001:00005611       ?root_get_interface_type@RFrame_Frame@frames@ui@modules@UModSys@@UBEPBUSUniquePointerInfo@core@5@XZ 10006611 f i umodsys_lib_libui:umodsys.mod.ui.frames.obj
 0001:00005617       ?root_get_interface_types@RGenerator@SDL_core@ui@modules@UModSys@@UBEIAAUSUniquePtrList@core@5@@Z 10006617 f i umodsys_lib_libui:umodsys.mod.ui.SDL_core.obj
 0001:00005617       ?root_get_interface_types@RGenerator@test1@test@modules@UModSys@@UBEIAAUSUniquePtrList@core@5@@Z 10006617 f i plugin_test1.obj
 0001:00005617       ?root_get_interface_types@RFrame_List@frames@ui@modules@UModSys@@UBEIAAUSUniquePtrList@core@5@@Z 10006617 f i umodsys_lib_libui:umodsys.mod.ui.frames.obj
 0001:00005617       ?root_get_interface_types@RFrame_Frame@frames@ui@modules@UModSys@@UBEIAAUSUniquePtrList@core@5@@Z 10006617 f i umodsys_lib_libui:umodsys.mod.ui.frames.obj
 0001:00005617       ?root_get_interface_types@RTerminal@SDL_core@ui@modules@UModSys@@UBEIAAUSUniquePtrList@core@5@@Z 10006617 f i umodsys_lib_libui:umodsys.mod.ui.SDL_core.obj
 0001:00005617       ?root_get_interface_types@RKeyboardController@SDL_core@ui@modules@UModSys@@UBEIAAUSUniquePtrList@core@5@@Z 10006617 f i umodsys_lib_libui:umodsys.mod.ui.SDL_core.obj
 0001:00005617       ?root_get_interface_types@RMultiImage2D_SDL_ttf@SDL_core@ui@modules@UModSys@@UBEIAAUSUniquePtrList@core@5@@Z 10006617 f i umodsys_lib_libui:umodsys.mod.ui.SDL_core.obj
 0001:00005617       ?root_get_interface_types@RCollector@frames@ui@modules@UModSys@@UBEIAAUSUniquePtrList@core@5@@Z 10006617 f i umodsys_lib_libui:umodsys.mod.ui.frames.obj
 0001:00005617       ?root_get_interface_types@RGenerator@frames@ui@modules@UModSys@@UBEIAAUSUniquePtrList@core@5@@Z 10006617 f i umodsys_lib_libui:umodsys.mod.ui.frames.obj
 0001:00005617       ?root_get_interface_types@RFrame_Edit@frames@ui@modules@UModSys@@UBEIAAUSUniquePtrList@core@5@@Z 10006617 f i umodsys_lib_libui:umodsys.mod.ui.frames.obj
 0001:00005617       ?root_get_interface_types@RMediaFilter@images_std@media@modules@UModSys@@UBEIAAUSUniquePtrList@core@5@@Z 10006617 f i umodsys_lib_libmedia:umodsys.mod.media.images_std.obj
 0001:00005617       ?root_get_interface_types@RFrame_Button@frames@ui@modules@UModSys@@UBEIAAUSUniquePtrList@core@5@@Z 10006617 f i umodsys_lib_libui:umodsys.mod.ui.frames.obj
 0001:00005617       ?root_get_interface_types@RRenderDriver2D@SDL_core@ui@modules@UModSys@@UBEIAAUSUniquePtrList@core@5@@Z 10006617 f i umodsys_lib_libui:umodsys.mod.ui.SDL_core.obj
 0001:00005617       ?root_get_interface_types@RFrame_Image@frames@ui@modules@UModSys@@UBEIAAUSUniquePtrList@core@5@@Z 10006617 f i umodsys_lib_libui:umodsys.mod.ui.frames.obj
 0001:00005617       ?root_get_interface_types@RGenerator@images_std@media@modules@UModSys@@UBEIAAUSUniquePtrList@core@5@@Z 10006617 f i umodsys_lib_libmedia:umodsys.mod.media.images_std.obj
 0001:00005617       ?root_get_interface_types@RMouseController@SDL_core@ui@modules@UModSys@@UBEIAAUSUniquePtrList@core@5@@Z 10006617 f i umodsys_lib_libui:umodsys.mod.ui.SDL_core.obj
 0001:00005617       ?root_get_interface_types@RFrame_Text@frames@ui@modules@UModSys@@UBEIAAUSUniquePtrList@core@5@@Z 10006617 f i umodsys_lib_libui:umodsys.mod.ui.frames.obj
 0001:00005617       ?root_get_interface_types@RTest1_Shell@test1@test@modules@UModSys@@UBEIAAUSUniquePtrList@core@5@@Z 10006617 f i plugin_test1.obj
 0001:00005617       ?root_get_interface_types@RDialog@frames@ui@modules@UModSys@@UBEIAAUSUniquePtrList@core@5@@Z 10006617 f i umodsys_lib_libui:umodsys.mod.ui.frames.obj
 0001:0000561c       ?root_get_other_interface@RFrame_Frame@frames@ui@modules@UModSys@@UAEPAUIRoot@core@5@PBUSUniquePointerInfo@75@@Z 1000661c f i umodsys_lib_libui:umodsys.mod.ui.frames.obj
 0001:0000561c       ?root_get_other_interface@RFrame_Frame@frames@ui@modules@UModSys@@UBEPBUIRoot@core@5@PBUSUniquePointerInfo@75@@Z 1000661c f i umodsys_lib_libui:umodsys.mod.ui.frames.obj
 0001:00005635       ?root_is_interface_supported@RFrame_Frame@frames@ui@modules@UModSys@@UBE_NPBUSUniquePointerInfo@core@5@@Z 10006635 f i umodsys_lib_libui:umodsys.mod.ui.frames.obj
 0001:00005654       ?ref_weak@RFrame_Frame@frames@ui@modules@UModSys@@UBE_NAAUWeakPointer@IRefObject@core@5@@Z 10006654 f i umodsys_lib_libui:umodsys.mod.ui.frames.obj
[...]
 0001:0000c645       ??__E?s_id@?$TObjectUniqueID@UIImage@lib2d@UModSys@@@tl@UModSys@@2USUniquePointer@core@3@A@@YAXXZ 1000d645 f    CIL library: CIL module
 0001:0000c667       ??__E?s_id@?$TObjectUniqueID@UIMultiImage@lib2d@UModSys@@@tl@UModSys@@2USUniquePointer@core@3@A@@YAXXZ 1000d667 f    CIL library: CIL module
 0001:0000c689       ??__E?s_id@?$TObjectUniqueID@UIRenderDriver@lib2d@UModSys@@@tl@UModSys@@2USUniquePointer@core@3@A@@YAXXZ 1000d689 f    CIL library: CIL module
 0001:0000c6ab       ??__E?s_id@?$TObjectUniqueID@UILines@test1@test@modules@UModSys@@@tl@UModSys@@2USUniquePointer@core@3@A@@YAXXZ 1000d6ab f    CIL library: CIL module
 0001:0000c6cd       ??__E?s_id@?$TObjectUniqueID@URLines@test1@test@modules@UModSys@@@tl@UModSys@@2USUniquePointer@core@3@A@@YAXXZ 1000d6cd f    CIL library: CIL module
 0001:0000c6ef       ??__E?s_id@?$TObjectUniqueID@URLines_Filter@test1@test@modules@UModSys@@@tl@UModSys@@2USUniquePointer@core@3@A@@YAXXZ 1000d6ef f    CIL library: CIL module
 0001:0000c711       ??__E?s_id@?$TObjectUniqueID@URTest1_Shell@test1@test@modules@UModSys@@@tl@UModSys@@2USUniquePointer@core@3@A@@YAXXZ 1000d711 f    CIL library: CIL module
 0001:0000c733       ??__E?s_id@?$TObjectUniqueID@URGenerator@test1@test@modules@UModSys@@@tl@UModSys@@2USUniquePointer@core@3@A@@YAXXZ 1000d733 f    CIL library: CIL module
 0001:0000c755       ??__E?s_modreg@RModuleReg@SDL_core@ui@modules@UModSys@@2U12345@A@@YAXXZ 1000d755 f    CIL library: CIL module
 0001:0000c785       ??__E?s_modreg_chain@RModuleReg@SDL_core@ui@modules@UModSys@@2USModuleRegChain@base@5@A@@YAXXZ 1000d785 f    CIL library: CIL module
 0001:0000c7a0       ??__E?s_uid@RGenerator@SDL_core@ui@modules@UModSys@@2USUniquePointer@core@5@A@@YAXXZ 1000d7a0 f    CIL library: CIL module
 0001:0000c7c2       ??__E?s_id@?$TObjectUniqueID@URMultiImage2D_SDL_ttf@SDL_core@ui@modules@UModSys@@@tl@UModSys@@2USUniquePointer@core@3@A@@YAXXZ 1000d7c2 f    CIL library: CIL module
 0001:0000c7e4       ??__E?s_id@?$TObjectUniqueID@URRenderDriver2D@SDL_core@ui@modules@UModSys@@@tl@UModSys@@2USUniquePointer@core@3@A@@YAXXZ 1000d7e4 f    CIL library: CIL module
 0001:0000c806       ??__E?s_id@?$TObjectUniqueID@URMouseController@SDL_core@ui@modules@UModSys@@@tl@UModSys@@2USUniquePointer@core@3@A@@YAXXZ 1000d806 f    CIL library: CIL module
 0001:0000c828       ??__E?s_id@?$TObjectUniqueID@URKeyboardController@SDL_core@ui@modules@UModSys@@@tl@UModSys@@2USUniquePointer@core@3@A@@YAXXZ 1000d828 f    CIL library: CIL module
 0001:0000c84a       ??__E?s_id@?$TObjectUniqueID@URTerminal@SDL_core@ui@modules@UModSys@@@tl@UModSys@@2USUniquePointer@core@3@A@@YAXXZ 1000d84a f    CIL library: CIL module
 0001:0000c86c       ??__E?s_id@?$TObjectUniqueID@URGenerator@SDL_core@ui@modules@UModSys@@@tl@UModSys@@2USUniquePointer@core@3@A@@YAXXZ 1000d86c f    CIL library: CIL module
 0001:0000c88e       ??__E?s_modreg@RModuleReg@frames@ui@modules@UModSys@@2U12345@A@@YAXXZ 1000d88e f    CIL library: CIL module
 0001:0000c8be       ??__E?s_modreg_chain@RModuleReg@frames@ui@modules@UModSys@@2USModuleRegChain@base@5@A@@YAXXZ 1000d8be f    CIL library: CIL module
 0001:0000c8d9       ??__E?s_uid@RGenerator@frames@ui@modules@UModSys@@2USUniquePointer@core@5@A@@YAXXZ 1000d8d9 f    CIL library: CIL module
 0001:0000c8fb       ??__E?s_id@?$TObjectUniqueID@URFrame_Common@frames@ui@modules@UModSys@@@tl@UModSys@@2USUniquePointer@core@3@A@@YAXXZ 1000d8fb f    CIL library: CIL module
 0001:0000c91d       ??__E?s_id@?$TObjectUniqueID@URDialog@frames@ui@modules@UModSys@@@tl@UModSys@@2USUniquePointer@core@3@A@@YAXXZ 1000d91d f    CIL library: CIL module
 0001:0000c93f       ??__E?s_id@?$TObjectUniqueID@URFrame_Frame@frames@ui@modules@UModSys@@@tl@UModSys@@2USUniquePointer@core@3@A@@YAXXZ 1000d93f f    CIL library: CIL module
 0001:0000c961       ??__E?s_id@?$TObjectUniqueID@URFrame_Image@frames@ui@modules@UModSys@@@tl@UModSys@@2USUniquePointer@core@3@A@@YAXXZ 1000d961 f    CIL library: CIL module
 0001:0000c983       ??__E?s_id@?$TObjectUniqueID@URFrame_Text@frames@ui@modules@UModSys@@@tl@UModSys@@2USUniquePointer@core@3@A@@YAXXZ 1000d983 f    CIL library: CIL module
 0001:0000c9a5       ??__E?s_id@?$TObjectUniqueID@URFrame_Button@frames@ui@modules@UModSys@@@tl@UModSys@@2USUniquePointer@core@3@A@@YAXXZ 1000d9a5 f    CIL library: CIL module
 0001:0000c9c7       ??__E?s_id@?$TObjectUniqueID@URFrame_Edit@frames@ui@modules@UModSys@@@tl@UModSys@@2USUniquePointer@core@3@A@@YAXXZ 1000d9c7 f    CIL library: CIL module
 0001:0000c9e9       ??__E?s_id@?$TObjectUniqueID@URFrame_List@frames@ui@modules@UModSys@@@tl@UModSys@@2USUniquePointer@core@3@A@@YAXXZ 1000d9e9 f    CIL library: CIL module
 0001:0000ca0b       ??__E?s_id@?$TObjectUniqueID@URCollector@frames@ui@modules@UModSys@@@tl@UModSys@@2USUniquePointer@core@3@A@@YAXXZ 1000da0b f    CIL library: CIL module
 0001:0000ca2d       ??__E?s_id@?$TObjectUniqueID@URGenerator@frames@ui@modules@UModSys@@@tl@UModSys@@2USUniquePointer@core@3@A@@YAXXZ 1000da2d f    CIL library: CIL module
 0001:0000ca4f       ??__E?s_modreg@RModuleReg@images_std@media@modules@UModSys@@2U12345@A@@YAXXZ 1000da4f f    CIL library: CIL module
 0001:0000ca7f       ??__E?s_modreg_chain@RModuleReg@images_std@media@modules@UModSys@@2USModuleRegChain@base@5@A@@YAXXZ 1000da7f f    CIL library: CIL module
 0001:0000ca9a       ??__E?s_uid@RGenerator@images_std@media@modules@UModSys@@2USUniquePointer@core@5@A@@YAXXZ 1000da9a f    CIL library: CIL module
 0001:0000cabc       ??__E?s_id@?$TObjectUniqueID@URMediaFilter@images_std@media@modules@UModSys@@@tl@UModSys@@2USUniquePointer@core@3@A@@YAXXZ 1000dabc f    CIL library: CIL module
 0001:0000cade       ??__E?s_id@?$TObjectUniqueID@URGenerator@images_std@media@modules@UModSys@@@tl@UModSys@@2USUniquePointer@core@3@A@@YAXXZ 1000dade f    CIL library: CIL module
 0001:0000cb00       ??__EM@UModSys@@YAXXZ      1000db00 f    CIL library: CIL module
 0001:0000cb0c       ??__E?root@SModuleRegChain@base@UModSys@@2U123@A@@YAXXZ 1000db0c f    CIL library: CIL module
 0001:0000cb18       ??__E?s_library@RModuleLibraryReg_Chain@base@UModSys@@2U123@A@@YAXXZ 1000db18 f    CIL library: CIL module
 0001:0000cb24       ??__E?root@SUniquePointer@core@UModSys@@2U123@A@@YAXXZ 1000db24 f    CIL library: CIL module
 0001:0000cb30       ??__F?s_modreg@RModuleReg@test1@test@modules@UModSys@@2U12345@A@@YAXXZ 1000db30 f    CIL library: CIL module
 0001:0000cb3b       ??__F?s_modreg_chain@RModuleReg@test1@test@modules@UModSys@@2USModuleRegChain@base@5@A@@YAXXZ 1000db3b f    CIL library: CIL module
 0001:0000cb45       ??__F?s_uid@RGenerator@test1@test@modules@UModSys@@2USUniquePointer@core@5@A@@YAXXZ 1000db45 f    CIL library: CIL module
 0001:0000cb4f       ??__Fh@?1??s_holder@RGenerator@test1@test@modules@UModSys@@SAAAU?$TTypeStaticHolder@URGenerator@test1@test@modules@UModSys@@@tl@5@XZ@YAXXZ 1000db4f f    CIL library: CIL module
 0001:0000cb6c       ??__F?s_id@?$TObjectUniqueID@URGenerator@test1@test@modules@UModSys@@@tl@UModSys@@2USUniquePointer@core@3@A@@YAXXZ 1000db6c f    CIL library: CIL module
 0001:0000cb76       ??__F?s_id@?$TObjectUniqueID@URTest1_Shell@test1@test@modules@UModSys@@@tl@UModSys@@2USUniquePointer@core@3@A@@YAXXZ 1000db76 f    CIL library: CIL module
 0001:0000cb80       ??__F?s_id@?$TObjectUniqueID@URLines_Filter@test1@test@modules@UModSys@@@tl@UModSys@@2USUniquePointer@core@3@A@@YAXXZ 1000db80 f    CIL library: CIL module
 0001:0000cb8a       ??__F?s_id@?$TObjectUniqueID@URLines@test1@test@modules@UModSys@@@tl@UModSys@@2USUniquePointer@core@3@A@@YAXXZ 1000db8a f    CIL library: CIL module
 0001:0000cb94       ??__F?s_id@?$TObjectUniqueID@UILines@test1@test@modules@UModSys@@@tl@UModSys@@2USUniquePointer@core@3@A@@YAXXZ 1000db94 f    CIL library: CIL module
 0001:0000cb9e       ??__F?s_id@?$TObjectUniqueID@UIRenderDriver@lib2d@UModSys@@@tl@UModSys@@2USUniquePointer@core@3@A@@YAXXZ 1000db9e f    CIL library: CIL module
 0001:0000cba8       ??__F?s_id@?$TObjectUniqueID@UIMultiImage@lib2d@UModSys@@@tl@UModSys@@2USUniquePointer@core@3@A@@YAXXZ 1000dba8 f    CIL library: CIL module
 0001:0000cbb2       ??__F?s_id@?$TObjectUniqueID@UIImage@lib2d@UModSys@@@tl@UModSys@@2USUniquePointer@core@3@A@@YAXXZ 1000dbb2 f    CIL library: CIL module
 0001:0000cbbc       ??__F?s_id@?$TObjectUniqueID@UIDialog@libui@UModSys@@@tl@UModSys@@2USUniquePointer@core@3@A@@YAXXZ 1000dbbc f    CIL library: CIL module
 0001:0000cbc6       ??__F?s_id@?$TObjectUniqueID@UIFrame@libui@UModSys@@@tl@UModSys@@2USUniquePointer@core@3@A@@YAXXZ 1000dbc6 f    CIL library: CIL module
 0001:0000cbd0       ??__F?s_id@?$TObjectUniqueID@UIAsyncCollector@libui@UModSys@@@tl@UModSys@@2USUniquePointer@core@3@A@@YAXXZ 1000dbd0 f    CIL library: CIL module
 0001:0000cbda       ??__F?s_id@?$TObjectUniqueID@UIAsyncController@libui@UModSys@@@tl@UModSys@@2USUniquePointer@core@3@A@@YAXXZ 1000dbda f    CIL library: CIL module
 0001:0000cbe4       ??__F?s_id@?$TObjectUniqueID@UICollector@libui@UModSys@@@tl@UModSys@@2USUniquePointer@core@3@A@@YAXXZ 1000dbe4 f    CIL library: CIL module
 0001:0000cbee       ??__F?s_id@?$TObjectUniqueID@UIConsoleHelperInput_UIKey@libui@UModSys@@@tl@UModSys@@2USUniquePointer@core@3@A@@YAXXZ 1000dbee f    CIL library: CIL module
 0001:0000cbf8       ??__F?s_id@?$TObjectUniqueID@UITerminal@libui@UModSys@@@tl@UModSys@@2USUniquePointer@core@3@A@@YAXXZ 1000dbf8 f    CIL library: CIL module
 0001:0000cc02       ??__F?s_id@?$TObjectUniqueID@UIJoystickController@libui@UModSys@@@tl@UModSys@@2USUniquePointer@core@3@A@@YAXXZ 1000dc02 f    CIL library: CIL module
 0001:0000cc0c       ??__F?s_id@?$TObjectUniqueID@UIMouseController@libui@UModSys@@@tl@UModSys@@2USUniquePointer@core@3@A@@YAXXZ 1000dc0c f    CIL library: CIL module
 0001:0000cc16       ??__F?s_id@?$TObjectUniqueID@UIKeyboardController@libui@UModSys@@@tl@UModSys@@2USUniquePointer@core@3@A@@YAXXZ 1000dc16 f    CIL library: CIL module
 0001:0000cc20       ??__F?s_id@?$TObjectUniqueID@UIConsoleHelperOutputFCS@base@UModSys@@@tl@UModSys@@2USUniquePointer@core@3@A@@YAXXZ 1000dc20 f    CIL library: CIL module
 0001:0000cc2a       ??__F?s_id@?$TObjectUniqueID@UIConsoleHelperOutput@base@UModSys@@@tl@UModSys@@2USUniquePointer@core@3@A@@YAXXZ 1000dc2a f    CIL library: CIL module
 0001:0000cc34       ??__F?s_id@?$TObjectUniqueID@UIConsoleHelperInput@base@UModSys@@@tl@UModSys@@2USUniquePointer@core@3@A@@YAXXZ 1000dc34 f    CIL library: CIL module
 0001:0000cc3e       ??__F?s_id@?$TObjectUniqueID@UIConsoleHelperHistory@base@UModSys@@@tl@UModSys@@2USUniquePointer@core@3@A@@YAXXZ 1000dc3e f    CIL library: CIL module
 0001:0000cc48       ??__F?s_id@?$TObjectUniqueID@UIConsoleHelper@base@UModSys@@@tl@UModSys@@2USUniquePointer@core@3@A@@YAXXZ 1000dc48 f    CIL library: CIL module
 0001:0000cc52       ??__F?s_id@?$TObjectUniqueID@UIConsoleExt@base@UModSys@@@tl@UModSys@@2USUniquePointer@core@3@A@@YAXXZ 1000dc52 f    CIL library: CIL module
 0001:0000cc5c       ??__F?s_id@?$TObjectUniqueID@UILibraryLayered@libmedia@UModSys@@@tl@UModSys@@2USUniquePointer@core@3@A@@YAXXZ 1000dc5c f    CIL library: CIL module
 0001:0000cc66       ??__F?s_id@?$TObjectUniqueID@UILibraryObjCache@libmedia@UModSys@@@tl@UModSys@@2USUniquePointer@core@3@A@@YAXXZ 1000dc66 f    CIL library: CIL module
 0001:0000cc70       ??__F?s_id@?$TObjectUniqueID@UILibraryObjFilter@libmedia@UModSys@@@tl@UModSys@@2USUniquePointer@core@3@A@@YAXXZ 1000dc70 f    CIL library: CIL module
 0001:0000cc7a       ??__F?s_id@?$TObjectUniqueID@UILibraryBinCache@libmedia@UModSys@@@tl@UModSys@@2USUniquePointer@core@3@A@@YAXXZ 1000dc7a f    CIL library: CIL module
 0001:0000cc84       ??__F?s_id@?$TObjectUniqueID@UILibraryBinTree@libmedia@UModSys@@@tl@UModSys@@2USUniquePointer@core@3@A@@YAXXZ 1000dc84 f    CIL library: CIL module
 0001:0000cc8e       ??__F?s_id@?$TObjectUniqueID@UILibrary@libmedia@UModSys@@@tl@UModSys@@2USUniquePointer@core@3@A@@YAXXZ 1000dc8e f    CIL library: CIL module
 0001:0000cc98       ??__F?s_id@?$TObjectUniqueID@UIBinObjFilter@libmedia@UModSys@@@tl@UModSys@@2USUniquePointer@core@3@A@@YAXXZ 1000dc98 f    CIL library: CIL module
 0001:0000cca2       ??__F?s_id@?$TObjectUniqueID@UIBinArchive@libmedia@UModSys@@@tl@UModSys@@2USUniquePointer@core@3@A@@YAXXZ 1000dca2 f    CIL library: CIL module
 0001:0000ccac       ??__F?s_id@?$TObjectUniqueID@UIStreamWriter@libmedia@UModSys@@@tl@UModSys@@2USUniquePointer@core@3@A@@YAXXZ 1000dcac f    CIL library: CIL module
 0001:0000ccb6       ??__F?s_id@?$TObjectUniqueID@UIStreamReader@libmedia@UModSys@@@tl@UModSys@@2USUniquePointer@core@3@A@@YAXXZ 1000dcb6 f    CIL library: CIL module
 0001:0000ccc0       ??__F?s_id@?$TObjectUniqueID@UISystem@base@UModSys@@@tl@UModSys@@2USUniquePointer@core@3@A@@YAXXZ 1000dcc0 f    CIL library: CIL module
 0001:0000ccca       ??__F?s_id@?$TObjectUniqueID@UIConsole@base@UModSys@@@tl@UModSys@@2USUniquePointer@core@3@A@@YAXXZ 1000dcca f    CIL library: CIL module
 0001:0000ccd4       ??__F?s_id@?$TObjectUniqueID@UIShell@base@UModSys@@@tl@UModSys@@2USUniquePointer@core@3@A@@YAXXZ 1000dcd4 f    CIL library: CIL module
 0001:0000ccde       ??__F?s_id@?$TObjectUniqueID@UIGenerator@base@UModSys@@@tl@UModSys@@2USUniquePointer@core@3@A@@YAXXZ 1000dcde f    CIL library: CIL module
 0001:0000cce8       ??__F?s_id@?$TObjectUniqueID@UIModObject@base@UModSys@@@tl@UModSys@@2USUniquePointer@core@3@A@@YAXXZ 1000dce8 f    CIL library: CIL module
 0001:0000ccf2       ??__F?s_id@?$TObjectUniqueID@UIModuleLibrary@base@UModSys@@@tl@UModSys@@2USUniquePointer@core@3@A@@YAXXZ 1000dcf2 f    CIL library: CIL module
 0001:0000ccfc       ??__F?s_id@?$TObjectUniqueID@UIModule@base@UModSys@@@tl@UModSys@@2USUniquePointer@core@3@A@@YAXXZ 1000dcfc f    CIL library: CIL module
 0001:0000cd06       ??__F?s_id@?$TObjectUniqueID@UIParameters@core@UModSys@@@tl@UModSys@@2USUniquePointer@core@3@A@@YAXXZ 1000dd06 f    CIL library: CIL module
 0001:0000cd10       ??__F?s_id@?$TObjectUniqueID@UIRefObject@core@UModSys@@@tl@UModSys@@2USUniquePointer@core@3@A@@YAXXZ 1000dd10 f    CIL library: CIL module
 0001:0000cd1a       ??__F?s_id@?$TObjectUniqueID@UIRoot@core@UModSys@@@tl@UModSys@@2USUniquePointer@core@3@A@@YAXXZ 1000dd1a f    CIL library: CIL module
 0001:0000cd24       ??__F?s_modreg@RModuleReg@SDL_core@ui@modules@UModSys@@2U12345@A@@YAXXZ 1000dd24 f    CIL library: CIL module
 0001:0000cd2f       ??__F?s_modreg_chain@RModuleReg@SDL_core@ui@modules@UModSys@@2USModuleRegChain@base@5@A@@YAXXZ 1000dd2f f    CIL library: CIL module
 0001:0000cd39       ??__F?s_uid@RGenerator@SDL_core@ui@modules@UModSys@@2USUniquePointer@core@5@A@@YAXXZ 1000dd39 f    CIL library: CIL module
 0001:0000cd43       ??__Fh@?1??s_holder@RGenerator@SDL_core@ui@modules@UModSys@@SAAAU?$TTypeStaticHolder@URGenerator@SDL_core@ui@modules@UModSys@@@tl@5@XZ@YAXXZ 1000dd43 f    CIL library: CIL module
 0001:0000cd60       ??__F?s_id@?$TObjectUniqueID@URGenerator@SDL_core@ui@modules@UModSys@@@tl@UModSys@@2USUniquePointer@core@3@A@@YAXXZ 1000dd60 f    CIL library: CIL module
 0001:0000cd6a       ??__F?s_id@?$TObjectUniqueID@URTerminal@SDL_core@ui@modules@UModSys@@@tl@UModSys@@2USUniquePointer@core@3@A@@YAXXZ 1000dd6a f    CIL library: CIL module
 0001:0000cd74       ??__F?s_id@?$TObjectUniqueID@URKeyboardController@SDL_core@ui@modules@UModSys@@@tl@UModSys@@2USUniquePointer@core@3@A@@YAXXZ 1000dd74 f    CIL library: CIL module
 0001:0000cd7e       ??__F?s_id@?$TObjectUniqueID@URMouseController@SDL_core@ui@modules@UModSys@@@tl@UModSys@@2USUniquePointer@core@3@A@@YAXXZ 1000dd7e f    CIL library: CIL module
 0001:0000cd88       ??__F?s_id@?$TObjectUniqueID@URRenderDriver2D@SDL_core@ui@modules@UModSys@@@tl@UModSys@@2USUniquePointer@core@3@A@@YAXXZ 1000dd88 f    CIL library: CIL module
 0001:0000cd92       ??__F?s_id@?$TObjectUniqueID@URMultiImage2D_SDL_ttf@SDL_core@ui@modules@UModSys@@@tl@UModSys@@2USUniquePointer@core@3@A@@YAXXZ 1000dd92 f    CIL library: CIL module
 0001:0000cd9c       ??__F?s_modreg@RModuleReg@frames@ui@modules@UModSys@@2U12345@A@@YAXXZ 1000dd9c f    CIL library: CIL module
 0001:0000cda7       ??__F?s_modreg_chain@RModuleReg@frames@ui@modules@UModSys@@2USModuleRegChain@base@5@A@@YAXXZ 1000dda7 f    CIL library: CIL module
 0001:0000cdb1       ??__F?s_uid@RGenerator@frames@ui@modules@UModSys@@2USUniquePointer@core@5@A@@YAXXZ 1000ddb1 f    CIL library: CIL module
 0001:0000cdbb       ??__Fh@?1??s_holder@RGenerator@frames@ui@modules@UModSys@@SAAAU?$TTypeStaticHolder@URGenerator@frames@ui@modules@UModSys@@@tl@5@XZ@YAXXZ 1000ddbb f    CIL library: CIL module
 0001:0000cdd8       ??__F?s_id@?$TObjectUniqueID@URGenerator@frames@ui@modules@UModSys@@@tl@UModSys@@2USUniquePointer@core@3@A@@YAXXZ 1000ddd8 f    CIL library: CIL module
 0001:0000cde2       ??__F?s_id@?$TObjectUniqueID@URCollector@frames@ui@modules@UModSys@@@tl@UModSys@@2USUniquePointer@core@3@A@@YAXXZ 1000dde2 f    CIL library: CIL module
 0001:0000cdec       ??__F?s_id@?$TObjectUniqueID@URFrame_List@frames@ui@modules@UModSys@@@tl@UModSys@@2USUniquePointer@core@3@A@@YAXXZ 1000ddec f    CIL library: CIL module
 0001:0000cdf6       ??__F?s_id@?$TObjectUniqueID@URFrame_Edit@frames@ui@modules@UModSys@@@tl@UModSys@@2USUniquePointer@core@3@A@@YAXXZ 1000ddf6 f    CIL library: CIL module
 0001:0000ce00       ??__F?s_id@?$TObjectUniqueID@URFrame_Button@frames@ui@modules@UModSys@@@tl@UModSys@@2USUniquePointer@core@3@A@@YAXXZ 1000de00 f    CIL library: CIL module
 0001:0000ce0a       ??__F?s_id@?$TObjectUniqueID@URFrame_Text@frames@ui@modules@UModSys@@@tl@UModSys@@2USUniquePointer@core@3@A@@YAXXZ 1000de0a f    CIL library: CIL module
 0001:0000ce14       ??__F?s_id@?$TObjectUniqueID@URFrame_Image@frames@ui@modules@UModSys@@@tl@UModSys@@2USUniquePointer@core@3@A@@YAXXZ 1000de14 f    CIL library: CIL module
 0001:0000ce1e       ??__F?s_id@?$TObjectUniqueID@URFrame_Frame@frames@ui@modules@UModSys@@@tl@UModSys@@2USUniquePointer@core@3@A@@YAXXZ 1000de1e f    CIL library: CIL module
 0001:0000ce28       ??__F?s_id@?$TObjectUniqueID@URDialog@frames@ui@modules@UModSys@@@tl@UModSys@@2USUniquePointer@core@3@A@@YAXXZ 1000de28 f    CIL library: CIL module
 0001:0000ce32       ??__F?s_id@?$TObjectUniqueID@URFrame_Common@frames@ui@modules@UModSys@@@tl@UModSys@@2USUniquePointer@core@3@A@@YAXXZ 1000de32 f    CIL library: CIL module
 0001:0000ce3c       ??__F?s_modreg@RModuleReg@images_std@media@modules@UModSys@@2U12345@A@@YAXXZ 1000de3c f    CIL library: CIL module
 0001:0000ce47       ??__F?s_modreg_chain@RModuleReg@images_std@media@modules@UModSys@@2USModuleRegChain@base@5@A@@YAXXZ 1000de47 f    CIL library: CIL module
 0001:0000ce51       ??__F?s_uid@RGenerator@images_std@media@modules@UModSys@@2USUniquePointer@core@5@A@@YAXXZ 1000de51 f    CIL library: CIL module
 0001:0000ce5b       ??__Fh@?1??s_holder@RGenerator@images_std@media@modules@UModSys@@SAAAU?$TTypeStaticHolder@URGenerator@images_std@media@modules@UModSys@@@tl@5@XZ@YAXXZ 1000de5b f    CIL library: CIL module
 0001:0000ce78       ??__F?s_id@?$TObjectUniqueID@URGenerator@images_std@media@modules@UModSys@@@tl@UModSys@@2USUniquePointer@core@3@A@@YAXXZ 1000de78 f    CIL library: CIL module
 0001:0000ce82       ??__F?s_id@?$TObjectUniqueID@URMediaFilter@images_std@media@modules@UModSys@@@tl@UModSys@@2USUniquePointer@core@3@A@@YAXXZ 1000de82 f    CIL library: CIL module
 0001:0000ce8c       ??__FM@UModSys@@YAXXZ      1000de8c f    CIL library: CIL module
 0001:0000ce8d       ??__F?root@SModuleRegChain@base@UModSys@@2U123@A@@YAXXZ 1000de8d f    CIL library: CIL module
 0001:0000ce97       ??__F?s_library@RModuleLibraryReg_Chain@base@UModSys@@2U123@A@@YAXXZ 1000de97 f    CIL library: CIL module
 0001:0000cea2       ??__F?root@SUniquePointer@core@UModSys@@2U123@A@@YAXXZ 1000dea2 f    CIL library: CIL module

 Exports

  ordinal    name

        1    _UModSys_Plugin_Entry2@0
