 plugin_test1

 Timestamp is 52a1ba16 (Fri Dec 06 14:50:46 2013)

 Preferred load address is 10000000

 Start         Length     Name                   Class
 0001:00000000 0000cbfaH .text                   CODE
 0001:0000cbfa 0000065dH .text$x                 CODE
 0001:0000d257 00000ad1H .text$yc                CODE
 0001:0000dd28 000003ccH .text$yd                CODE
 0002:00000000 000001bcH .idata$5                DATA
 0002:000001bc 00000004H .CRT$XCA                DATA
 0002:000001c0 000006bcH .CRT$XCU                DATA
 0002:0000087c 00000004H .CRT$XCZ                DATA
 0002:00000880 00000004H .CRT$XIA                DATA
 0002:00000884 00000004H .CRT$XIAA               DATA
 0002:00000888 00000004H .CRT$XIC                DATA
 0002:0000088c 00000004H .CRT$XIZ                DATA
 0002:00000890 00001de8H .rdata                  DATA
 0002:00002678 000014f4H .rdata$r                DATA
 0002:00003b70 000000b8H .rdata$sxdata           DATA
 0002:00003c28 00000004H .rtc$IAA                DATA
 0002:00003c2c 00000004H .rtc$IZZ                DATA
 0002:00003c30 00000004H .rtc$TAA                DATA
 0002:00003c34 00000004H .rtc$TZZ                DATA
 0002:00003c38 00000ab4H .xdata$x                DATA
 0002:000046ec 00000064H .idata$2                DATA
 0002:00004750 00000014H .idata$3                DATA
 0002:00004764 000001bcH .idata$4                DATA
 0002:00004920 00000848H .idata$6                DATA
 0002:00005170 0000005cH .edata                  DATA
 0003:00000000 00000c30H .data                   DATA
 0003:00000c30 00000bacH .bss                    DATA

  Address         Publics by Value              Rva+Base       Lib:Object

 0000:00000000       __except_list              00000000     <absolute>
 0000:0000002e       ___safe_se_handler_count   0000002e     <absolute>
 0000:00009876       __fltused                  00009876     <absolute>
 0000:00009876       __ldused                   00009876     <absolute>
 0000:00000000       ___ImageBase               10000000     <linker-defined>
 0001:00000000       ?new_data@SMemorySharedData@core@UModSys@@SAPAU123@IPBUSSourceContext@23@@Z 10001000 f i plugin_test1.obj
 0001:00000024       ??1State@RImage_Memory@stdlib@lib2d@modules@UModSys@@QAE@XZ 10001024 f i umodsys_lib_lib2d:umodsys.mod.2d.stdlib.obj
 0001:00000024       ??1SMemShared@core@UModSys@@QAE@XZ 10001024 f i plugin_test1.obj
 0001:0000002e       ?link@SCMemShared@core@UModSys@@QAE_NPAUSMemorySharedData@23@PAUSSourceContext@23@@Z 1000102e f i plugin_test1.obj
 0001:0000002e       ?link@SMemShared@core@UModSys@@QAE_NPAUSMemorySharedData@23@PAUSSourceContext@23@@Z 1000102e f i plugin_test1.obj
 0001:00000053       ??BSCMemShared@core@UModSys@@QBE?AUSCMem@12@XZ 10001053 f i plugin_test1.obj
 0001:00000053       ?get@SMemShared@core@UModSys@@QBE?AUSMem@23@XZ 10001053 f i umodsys_lib_libmedia:umodsys.mod.media.images_std.obj
 0001:00000053       ??BSMemShared@core@UModSys@@QBE?AUSMem@12@XZ 10001053 f i umodsys_lib_lib2d:umodsys.mod.2d.stdlib.obj
 0001:00000083       ??6SUniquePtrList@core@UModSys@@QAEAAU012@PBUSUniquePointerInfo@12@@Z 10001083 f i plugin_test1.obj
 0001:000000b4       ??3IRoot@core@UModSys@@SAXPAXABUSIMemAlloc@12@@Z 100010b4 f i plugin_test1.obj
 0001:000000cd       ?_root_get_other_interface@IRefObject@core@UModSys@@IAEPAUIRoot@23@PBUSUniquePointerInfo@23@@Z 100010cd f i plugin_test1.obj
 0001:000000cd       ?_root_get_other_interface@IRefObject@core@UModSys@@IBEPBUIRoot@23@PBUSUniquePointerInfo@23@@Z 100010cd f i plugin_test1.obj
 0001:000000ee       ?_root_get_interface_types@IRefObject@core@UModSys@@SAIAAUSUniquePtrList@23@@Z 100010ee f i plugin_test1.obj
 0001:0000010e       ?_root_is_interface_supported@IRefObject@core@UModSys@@SA_NPBUSUniquePointerInfo@23@@Z 1000110e f i plugin_test1.obj
 0001:00000125       ??$seq@D@su@tl@UModSys@@YA_NPBD0@Z 10001125 f i plugin_test1.obj
 0001:00000152       ?add@SParameters@core@UModSys@@QAE_NPBD0@Z 10001152 f i plugin_test1.obj
 0001:0000016e       ?_root_get_other_interface@IGenerator@base@UModSys@@IAEPAUIRoot@core@3@PBUSUniquePointerInfo@53@@Z 1000116e f i plugin_test1.obj
 0001:0000016e       ?_root_get_other_interface@IGenerator@base@UModSys@@IBEPBUIRoot@core@3@PBUSUniquePointerInfo@53@@Z 1000116e f i plugin_test1.obj
 0001:0000018a       ?_root_is_interface_supported@IGenerator@base@UModSys@@SA_NPBUSUniquePointerInfo@core@3@@Z 1000118a f i plugin_test1.obj
 0001:000001aa       ?mount_add@ILibraryBinTree@libmedia@UModSys@@QAE_NABU?$TString@U?$TSCoreConst@D@su@tl@UModSys@@U?$TComparerBinaryHash@D@234@@tl@3@PAUIBinArchive@23@H@Z 100011aa f i plugin_test1.obj
 0001:00000218       ?mount_add@ILibraryBinTree@libmedia@UModSys@@QAE_NABU?$TString@U?$TSCoreConst@D@su@tl@UModSys@@U?$TComparerBinaryHash@D@234@@tl@3@HPAUIBinArchive@23@H@Z 10001218 f i plugin_test1.obj
 0001:00000289       ??1SPoint@ILibraryBinTree@libmedia@UModSys@@QAE@XZ 10001289 f i plugin_test1.obj
 0001:00000289       ??1SLayer@ILibraryLayered@libmedia@UModSys@@QAE@XZ 10001289 f i plugin_test1.obj
 0001:0000029a       ?layer_push@ILibraryLayered@libmedia@UModSys@@QAE_NPAUILibrary@23@HABU?$TString@U?$TSCoreConst@D@su@tl@UModSys@@U?$TComparerBinaryHash@D@234@@tl@3@@Z 1000129a f i plugin_test1.obj
 0001:00000302       ?render_text@IRenderDriver@lib2d@UModSys@@QAE_NABU?$TVector2@H@math3d@3@PBHHPBU?$TVector2@M@53@@Z 10001302 f i plugin_test1.obj
 0001:00000330       ?root_get_interface_info@RTest1_Shell@test1@test@modules@UModSys@@UBEABUSUniquePointerInfo@core@5@XZ 10001330 f i plugin_test1.obj
 0001:00000336       ?root_get_interface_type@RTest1_Shell@test1@test@modules@UModSys@@UBEPBUSUniquePointerInfo@core@5@XZ 10001336 f i plugin_test1.obj
 0001:0000033c       ?root_get_other_interface@RTest1_Shell@test1@test@modules@UModSys@@UAEPAUIRoot@core@5@PBUSUniquePointerInfo@75@@Z 1000133c f i plugin_test1.obj
 0001:0000033c       ?root_get_other_interface@RTest1_Shell@test1@test@modules@UModSys@@UBEPBUIRoot@core@5@PBUSUniquePointerInfo@75@@Z 1000133c f i plugin_test1.obj
 0001:0000035d       ?root_is_interface_supported@RTest1_Shell@test1@test@modules@UModSys@@UBE_NPBUSUniquePointerInfo@core@5@@Z 1000135d f i plugin_test1.obj
 0001:00000384       ?ref_add@RTest1_Shell@test1@test@modules@UModSys@@UBEXXZ 10001384 f i plugin_test1.obj
 0001:00000388       ?ref_remove@RTest1_Shell@test1@test@modules@UModSys@@UBEXXZ 10001388 f i plugin_test1.obj
 0001:00000393       ?ref_weak@RTest1_Shell@test1@test@modules@UModSys@@UBE_NAAUWeakPointer@IRefObject@core@5@@Z 10001393 f i plugin_test1.obj
 0001:000003b2       ?suicide@RTest1_Shell@test1@test@modules@UModSys@@UAEXXZ 100013b2 f i plugin_test1.obj
 0001:000003f9       ??0RTest1_Shell@test1@test@modules@UModSys@@QAE@PAUIModObject@base@4@@Z 100013f9 f i plugin_test1.obj
 0001:00000501       ??1RTest1_Shell@test1@test@modules@UModSys@@UAE@XZ 10001501 f i plugin_test1.obj
 0001:00000589       ?connect@RTest1_Shell@test1@test@modules@UModSys@@UAE_NXZ 10001589 f i plugin_test1.obj
 0001:000005a1       ?disconnect@RTest1_Shell@test1@test@modules@UModSys@@UAE_NXZ 100015a1 f i plugin_test1.obj
 0001:000005b9       ?process_tick@RTest1_Shell@test1@test@modules@UModSys@@UAE_NABUSTimeMsec@core@5@@Z 100015b9 f i plugin_test1.obj
 0001:000005e4       ?process_command@RTest1_Shell@test1@test@modules@UModSys@@UAE_NHQBU?$TString@U?$TSCoreConst@D@su@tl@UModSys@@U?$TComparerBinaryHash@D@234@@tl@5@@Z 100015e4 f i plugin_test1.obj
 0001:00000602       ??_ERTest1_Shell@test1@test@modules@UModSys@@UAEPAXI@Z 10001602 f i  CIL library: CIL module
 0001:00000602       ??_GRTest1_Shell@test1@test@modules@UModSys@@UAEPAXI@Z 10001602 f i plugin_test1.obj
 0001:0000061f       ?new_mem_image@RTest1_Shell@test1@test@modules@UModSys@@QAE?AU?$TRefObject@UIImage@lib2d@UModSys@@U?$TRefObjectFunc@UIImage@lib2d@UModSys@@@tl@3@@tl@5@XZ 1000161f f   plugin_test1.obj
 0001:0000069f       ??1?$TParametersA@$0BAA@@core@UModSys@@QAE@XZ 1000169f f i umodsys_lib_libui:umodsys.mod.ui.SDL_core.obj
 0001:0000069f       ??1?$TParametersA@$0EAA@@core@UModSys@@QAE@XZ 1000169f f i plugin_test1.obj
 0001:0000069f       ??1SParameters@core@UModSys@@QAE@XZ 1000169f f i plugin_test1.obj
 0001:000006ac       ?media_arch_stdio@RTest1_Shell@test1@test@modules@UModSys@@QAE?AU?$TRefObject@UIBinArchive@libmedia@UModSys@@U?$TRefObjectFunc@UIBinArchive@libmedia@UModSys@@@tl@3@@tl@5@ABU?$TString@U?$TSCoreConst@D@su@tl@UModSys@@U?$TComparerBinaryHash@D@234@@75@@Z 100016ac f   plugin_test1.obj
 0001:0000073b       ?media_filter_new@RTest1_Shell@test1@test@modules@UModSys@@QAE?AU?$TRefObject@UIBinObjFilter@libmedia@UModSys@@U?$TRefObjectFunc@UIBinObjFilter@libmedia@UModSys@@@tl@3@@tl@5@ABU?$TString@U?$TSCoreConst@D@su@tl@UModSys@@U?$TComparerBinaryHash@D@234@@75@ABUSParameters@core@5@@Z 1000173b f   plugin_test1.obj
 0001:000007bb       ?media_vfs@RTest1_Shell@test1@test@modules@UModSys@@QAE?AU?$TRefObject@UILibraryBinTree@libmedia@UModSys@@U?$TRefObjectFunc@UILibraryBinTree@libmedia@UModSys@@@tl@3@@tl@5@XZ 100017bb f   plugin_test1.obj
 0001:0000083b       ?media_flt@RTest1_Shell@test1@test@modules@UModSys@@QAE?AU?$TRefObject@UILibraryObjFilter@libmedia@UModSys@@U?$TRefObjectFunc@UILibraryObjFilter@libmedia@UModSys@@@tl@3@@tl@5@XZ 1000183b f   plugin_test1.obj
 0001:000008bb       ?media_lay@RTest1_Shell@test1@test@modules@UModSys@@QAE?AU?$TRefObject@UILibraryLayered@libmedia@UModSys@@U?$TRefObjectFunc@UILibraryLayered@libmedia@UModSys@@@tl@3@@tl@5@XZ 100018bb f   plugin_test1.obj
 0001:0000093b       ?media_cache@RTest1_Shell@test1@test@modules@UModSys@@QAE?AU?$TRefObject@UILibrary@libmedia@UModSys@@U?$TRefObjectFunc@UILibrary@libmedia@UModSys@@@tl@3@@tl@5@_N@Z 1000193b f   plugin_test1.obj
 0001:00000a1a       ?file_test6@RTest1_Shell@test1@test@modules@UModSys@@QAEXXZ 10001a1a f   plugin_test1.obj
 0001:00000d8e       ?key_pressed@RTest1_Shell@test1@test@modules@UModSys@@UAE_NABUSKeyboardInputRaw@libui@5@@Z 10001d8e f   plugin_test1.obj
 0001:00000dcf       ?key_text@RTest1_Shell@test1@test@modules@UModSys@@UAE_NABUSKeyboardInputText@libui@5@@Z 10001dcf f   plugin_test1.obj
 0001:00000e08       ?mouse_event@RTest1_Shell@test1@test@modules@UModSys@@UAE_NABUSMouseInput@libui@5@@Z 10001e08 f   plugin_test1.obj
 0001:00000e75       ?command@RTest1_Shell@test1@test@modules@UModSys@@UAE_NABUSController@libui@5@HABUSFrameDataIn@75@@Z 10001e75 f   plugin_test1.obj
 0001:00000eb0       ?db_get@RTest1_Shell@test1@test@modules@UModSys@@UAE_NABUSController@libui@5@QBDABUSFrameDataOut@75@@Z 10001eb0 f   plugin_test1.obj
 0001:00000f05       ?db_get@RTest1_Shell@test1@test@modules@UModSys@@UAE_NABUSController@libui@5@QBDHABUSFrameDataOut@75@@Z 10001f05 f   plugin_test1.obj
 0001:00000f58       ?get_generated_names@RGenerator@test1@test@modules@UModSys@@UBEHAAUSUniquePtrList@core@5@@Z 10001f58 f i plugin_test1.obj
 0001:00000f71       ?get_generated_types@RGenerator@test1@test@modules@UModSys@@UBEHAAUSUniquePtrList@core@5@PBUSUniquePointerInfo@75@@Z 10001f71 f i plugin_test1.obj
 0001:00000fa5       ?generate@RGenerator@test1@test@modules@UModSys@@UAE_NAAU?$TRefObject@UIRefObject@core@UModSys@@U?$TRefObjectFunc@UIRefObject@core@UModSys@@@tl@3@@tl@5@PBUSUniquePointerInfo@core@5@ABUSParameters@95@@Z 10001fa5 f i plugin_test1.obj
 0001:00001027       ?root_get_interface_info@RGenerator@test1@test@modules@UModSys@@UBEABUSUniquePointerInfo@core@5@XZ 10002027 f i plugin_test1.obj
 0001:0000102d       ?root_get_interface_type@RGenerator@test1@test@modules@UModSys@@UBEPBUSUniquePointerInfo@core@5@XZ 1000202d f i plugin_test1.obj
 0001:00001033       ?root_get_other_interface@RGenerator@test1@test@modules@UModSys@@UAEPAUIRoot@core@5@PBUSUniquePointerInfo@75@@Z 10002033 f i plugin_test1.obj
 0001:00001033       ?root_get_other_interface@RGenerator@test1@test@modules@UModSys@@UBEPBUIRoot@core@5@PBUSUniquePointerInfo@75@@Z 10002033 f i plugin_test1.obj
 0001:0000104c       ?root_is_interface_supported@RGenerator@test1@test@modules@UModSys@@UBE_NPBUSUniquePointerInfo@core@5@@Z 1000204c f i plugin_test1.obj
 0001:0000106b       ?get_uid@RGenerator@test1@test@modules@UModSys@@UBEPBUSUniquePointerInfo@core@5@XZ 1000206b f i plugin_test1.obj
 0001:00001071       ?do_open@RModuleReg@test1@test@modules@UModSys@@UAE_NXZ 10002071 f i plugin_test1.obj
 0001:000010cf       ?do_close@RModuleReg@test1@test@modules@UModSys@@UAE_NXZ 100020cf f i plugin_test1.obj
 0001:0000111e       ?get_module@RGenerator@test1@test@modules@UModSys@@UBEPAUIModule@base@5@XZ 1000211e f   plugin_test1.obj
 0001:00001124       ?mod_inc@RGenerator@test1@test@modules@UModSys@@UBE_NXZ 10002124 f   plugin_test1.obj
 0001:0000112f       ?mod_dec@RGenerator@test1@test@modules@UModSys@@UBE_NXZ 1000212f f   plugin_test1.obj
 0001:0000113a       ?s_holder@RGenerator@test1@test@modules@UModSys@@SAAAU?$TTypeStaticHolder@URGenerator@test1@test@modules@UModSys@@@tl@5@XZ 1000213a f   plugin_test1.obj
 0001:0000116c       ??0?$TString@U?$TSCoreConst@D@su@tl@UModSys@@U?$TComparerBinaryHash@D@234@@tl@UModSys@@QAE@PBD@Z 1000216c f i plugin_test1.obj
 0001:00001186       ??8?$TString@U?$TSCoreConst@D@su@tl@UModSys@@U?$TComparerBinaryHash@D@234@@tl@UModSys@@QBE_NPBD@Z 10002186 f i plugin_test1.obj
 0001:000011a8       ??4?$TRefObject@UIRefObject@core@UModSys@@U?$TRefObjectFunc@UIRefObject@core@UModSys@@@tl@3@@tl@UModSys@@QAEABU012@PAUIRefObject@core@2@@Z 100021a8 f i plugin_test1.obj
 0001:000011a8       ??4?$TRefObject@URFrame_Common@frames@ui@modules@UModSys@@U?$TRefObjectFunc@URFrame_Common@frames@ui@modules@UModSys@@@tl@5@@tl@UModSys@@QAEABU012@PAURFrame_Common@frames@ui@modules@2@@Z 100021a8 f i umodsys_lib_libui:umodsys.mod.ui.frames.obj
 0001:000011c3       ??0?$TParametersA@$0EAA@@core@UModSys@@QAE@XZ 100021c3 f i plugin_test1.obj
 0001:000011f2       ??1?$TRefObject@UIRefObject@core@UModSys@@U?$TRefObjectFunc@UIRefObject@core@UModSys@@@tl@3@@tl@UModSys@@QAE@XZ 100021f2 f i plugin_test1.obj
 0001:000011f2       ??1?$TRefObject@URDialog@frames@ui@modules@UModSys@@U?$TRefObjectFunc@URDialog@frames@ui@modules@UModSys@@@tl@5@@tl@UModSys@@QAE@XZ 100021f2 f i umodsys_lib_libui:umodsys.mod.ui.frames.obj
 0001:000011f2       ??1?$TRefObject@UIMultiImage@lib2d@UModSys@@U?$TRefObjectFunc@UIMultiImage@lib2d@UModSys@@@tl@3@@tl@UModSys@@QAE@XZ 100021f2 f i plugin_test1.obj
 0001:000011f2       ??1?$TRefObject@UIFrame@libui@UModSys@@U?$TRefObjectFunc@UIFrame@libui@UModSys@@@tl@3@@tl@UModSys@@QAE@XZ 100021f2 f i umodsys_lib_libui:umodsys.mod.ui.frames.obj
 0001:000011f2       ??1?$TRefObject@URRenderDriver2D@SDL_core@ui@modules@UModSys@@U?$TRefObjectFunc@URRenderDriver2D@SDL_core@ui@modules@UModSys@@@tl@5@@tl@UModSys@@QAE@XZ 100021f2 f i umodsys_lib_libui:umodsys.mod.ui.SDL_core.obj
 0001:000011f2       ??1?$TRefObject@UIBinObjFilter@libmedia@UModSys@@U?$TRefObjectFunc@UIBinObjFilter@libmedia@UModSys@@@tl@3@@tl@UModSys@@QAE@XZ 100021f2 f i plugin_test1.obj
 0001:000011f2       ??1?$TRefObject@UILibraryLayered@libmedia@UModSys@@U?$TRefObjectFunc@UILibraryLayered@libmedia@UModSys@@@tl@3@@tl@UModSys@@QAE@XZ 100021f2 f i plugin_test1.obj
 0001:000011f2       ??1?$TRefObject@URKeyboardController@SDL_core@ui@modules@UModSys@@U?$TRefObjectFunc@URKeyboardController@SDL_core@ui@modules@UModSys@@@tl@5@@tl@UModSys@@QAE@XZ 100021f2 f i umodsys_lib_libui:umodsys.mod.ui.SDL_core.obj
 0001:000011f2       ??1?$TRefObject@UIMouseController@libui@UModSys@@U?$TRefObjectFunc@UIMouseController@libui@UModSys@@@tl@3@@tl@UModSys@@QAE@XZ 100021f2 f i plugin_test1.obj
 0001:000011f2       ??1?$TRefObject@URTerminal@SDL_core@ui@modules@UModSys@@U?$TRefObjectFunc@URTerminal@SDL_core@ui@modules@UModSys@@@tl@5@@tl@UModSys@@QAE@XZ 100021f2 f i umodsys_lib_libui:umodsys.mod.ui.SDL_core.obj
 0001:000011f2       ??1?$TRefObject@URMouseController@SDL_core@ui@modules@UModSys@@U?$TRefObjectFunc@URMouseController@SDL_core@ui@modules@UModSys@@@tl@5@@tl@UModSys@@QAE@XZ 100021f2 f i umodsys_lib_libui:umodsys.mod.ui.SDL_core.obj
 0001:000011f2       ??1?$TRefObject@URMediaFilter@images_std@media@modules@UModSys@@U?$TRefObjectFunc@URMediaFilter@images_std@media@modules@UModSys@@@tl@5@@tl@UModSys@@QAE@XZ 100021f2 f i umodsys_lib_libmedia:umodsys.mod.media.images_std.obj
 0001:000011f2       ??1?$TRefObject@UIKeyboardController@libui@UModSys@@U?$TRefObjectFunc@UIKeyboardController@libui@UModSys@@@tl@3@@tl@UModSys@@QAE@XZ 100021f2 f i plugin_test1.obj
 0001:000011f2       ??1?$TRefObject@UILibraryObjCache@libmedia@UModSys@@U?$TRefObjectFunc@UILibraryObjCache@libmedia@UModSys@@@tl@3@@tl@UModSys@@QAE@XZ 100021f2 f i plugin_test1.obj
 0001:000011f2       ??1?$TRefObject@UILibrary@libmedia@UModSys@@U?$TRefObjectFunc@UILibrary@libmedia@UModSys@@@tl@3@@tl@UModSys@@QAE@XZ 100021f2 f i plugin_test1.obj
 0001:000011f2       ??1?$TRefObject@UILibraryBinTree@libmedia@UModSys@@U?$TRefObjectFunc@UILibraryBinTree@libmedia@UModSys@@@tl@3@@tl@UModSys@@QAE@XZ 100021f2 f i plugin_test1.obj
 0001:000011f2       ??1?$TRefObject@URMultiImage2D_SDL_ttf@SDL_core@ui@modules@UModSys@@U?$TRefObjectFunc@URMultiImage2D_SDL_ttf@SDL_core@ui@modules@UModSys@@@tl@5@@tl@UModSys@@QAE@XZ 100021f2 f i umodsys_lib_libui:umodsys.mod.ui.SDL_core.obj
 0001:000011f2       ??1?$TRefObject@UIImage@lib2d@UModSys@@U?$TRefObjectFunc@UIImage@lib2d@UModSys@@@tl@3@@tl@UModSys@@QAE@XZ 100021f2 f i plugin_test1.obj
 0001:000011f2       ??1?$TRefObject@UIRenderDriver@lib2d@UModSys@@U?$TRefObjectFunc@UIRenderDriver@lib2d@UModSys@@@tl@3@@tl@UModSys@@QAE@XZ 100021f2 f i plugin_test1.obj
 0001:000011f2       ??1?$TRefObject@URImage_Memory@stdlib@lib2d@modules@UModSys@@U?$TRefObjectFunc@URImage_Memory@stdlib@lib2d@modules@UModSys@@@tl@5@@tl@UModSys@@QAE@XZ 100021f2 f i umodsys_lib_lib2d:umodsys.mod.2d.stdlib.obj
 0001:000011f2       ??1?$TRefObject@UITerminal@libui@UModSys@@U?$TRefObjectFunc@UITerminal@libui@UModSys@@@tl@3@@tl@UModSys@@QAE@XZ 100021f2 f i plugin_test1.obj
 0001:000011f2       ??1?$TRefObject@UILibraryObjFilter@libmedia@UModSys@@U?$TRefObjectFunc@UILibraryObjFilter@libmedia@UModSys@@@tl@3@@tl@UModSys@@QAE@XZ 100021f2 f i plugin_test1.obj
 0001:000011f2       ??1?$TRefObject@URFrame_Common@frames@ui@modules@UModSys@@U?$TRefObjectFunc@URFrame_Common@frames@ui@modules@UModSys@@@tl@5@@tl@UModSys@@QAE@XZ 100021f2 f i umodsys_lib_libui:umodsys.mod.ui.frames.obj
 0001:000011f2       ??1?$TRefObject@UIBinArchive@libmedia@UModSys@@U?$TRefObjectFunc@UIBinArchive@libmedia@UModSys@@@tl@3@@tl@UModSys@@QAE@XZ 100021f2 f i plugin_test1.obj
 0001:000011f2       ??1?$TRefObject@URCollector@frames@ui@modules@UModSys@@U?$TRefObjectFunc@URCollector@frames@ui@modules@UModSys@@@tl@5@@tl@UModSys@@QAE@XZ 100021f2 f i umodsys_lib_libui:umodsys.mod.ui.frames.obj
 0001:000011f2       ??1?$TRefObject@UILibraryBinCache@libmedia@UModSys@@U?$TRefObjectFunc@UILibraryBinCache@libmedia@UModSys@@@tl@3@@tl@UModSys@@QAE@XZ 100021f2 f i plugin_test1.obj
 0001:00001201       ?set@?$TString@U?$TSCoreConst@D@su@tl@UModSys@@U?$TComparerBinaryHash@D@234@@tl@UModSys@@QAEXPBD@Z 10002201 f i plugin_test1.obj
 0001:0000122a       ?update@?$TComparerBinaryHash@D@su@tl@UModSys@@QAEXPBDI@Z 1000222a f i plugin_test1.obj
 0001:00001256       ?info_release@?$TSCoreShared@USIMemAlloc@core@UModSys@@D@su@tl@UModSys@@QAEXXZ 10002256 f i plugin_test1.obj
 0001:00001286       ?info_new@?$TSCoreShared@USIMemAlloc@core@UModSys@@D@su@tl@UModSys@@QAE_NPBDI@Z 10002286 f i plugin_test1.obj
 0001:000012e7       ??$generate_type@UIImage@lib2d@UModSys@@@RTest1_Shell@test1@test@modules@UModSys@@QAE?AU?$TRefObject@UIImage@lib2d@UModSys@@U?$TRefObjectFunc@UIImage@lib2d@UModSys@@@tl@3@@tl@4@ABU?$TString@U?$TSCoreConst@D@su@tl@UModSys@@U?$TComparerBinaryHash@D@234@@64@ABUSParameters@core@4@PBD@Z 100022e7 f i plugin_test1.obj
 0001:000013f3       ??$generate_type@UIBinArchive@libmedia@UModSys@@@RTest1_Shell@test1@test@modules@UModSys@@QAE?AU?$TRefObject@UIBinArchive@libmedia@UModSys@@U?$TRefObjectFunc@UIBinArchive@libmedia@UModSys@@@tl@3@@tl@4@ABU?$TString@U?$TSCoreConst@D@su@tl@UModSys@@U?$TComparerBinaryHash@D@234@@64@ABUSParameters@core@4@PBD@Z 100023f3 f i plugin_test1.obj
 0001:000014fb       ??$generate_type@UIBinObjFilter@libmedia@UModSys@@@RTest1_Shell@test1@test@modules@UModSys@@QAE?AU?$TRefObject@UIBinObjFilter@libmedia@UModSys@@U?$TRefObjectFunc@UIBinObjFilter@libmedia@UModSys@@@tl@3@@tl@4@ABU?$TString@U?$TSCoreConst@D@su@tl@UModSys@@U?$TComparerBinaryHash@D@234@@64@ABUSParameters@core@4@PBD@Z 100024fb f i plugin_test1.obj
 0001:00001607       ??$generate_type@UILibraryBinTree@libmedia@UModSys@@@RTest1_Shell@test1@test@modules@UModSys@@QAE?AU?$TRefObject@UILibraryBinTree@libmedia@UModSys@@U?$TRefObjectFunc@UILibraryBinTree@libmedia@UModSys@@@tl@3@@tl@4@ABU?$TString@U?$TSCoreConst@D@su@tl@UModSys@@U?$TComparerBinaryHash@D@234@@64@ABUSParameters@core@4@PBD@Z 10002607 f i plugin_test1.obj
 0001:00001713       ??$generate_type@UILibraryObjFilter@libmedia@UModSys@@@RTest1_Shell@test1@test@modules@UModSys@@QAE?AU?$TRefObject@UILibraryObjFilter@libmedia@UModSys@@U?$TRefObjectFunc@UILibraryObjFilter@libmedia@UModSys@@@tl@3@@tl@4@ABU?$TString@U?$TSCoreConst@D@su@tl@UModSys@@U?$TComparerBinaryHash@D@234@@64@ABUSParameters@core@4@PBD@Z 10002713 f i plugin_test1.obj
 0001:0000181f       ??$generate_type@UILibraryLayered@libmedia@UModSys@@@RTest1_Shell@test1@test@modules@UModSys@@QAE?AU?$TRefObject@UILibraryLayered@libmedia@UModSys@@U?$TRefObjectFunc@UILibraryLayered@libmedia@UModSys@@@tl@3@@tl@4@ABU?$TString@U?$TSCoreConst@D@su@tl@UModSys@@U?$TComparerBinaryHash@D@234@@64@ABUSParameters@core@4@PBD@Z 1000281f f i plugin_test1.obj
 0001:0000192b       ??$generate_type@UILibraryObjCache@libmedia@UModSys@@@RTest1_Shell@test1@test@modules@UModSys@@QAE?AU?$TRefObject@UILibraryObjCache@libmedia@UModSys@@U?$TRefObjectFunc@UILibraryObjCache@libmedia@UModSys@@@tl@3@@tl@4@ABU?$TString@U?$TSCoreConst@D@su@tl@UModSys@@U?$TComparerBinaryHash@D@234@@64@ABUSParameters@core@4@PBD@Z 1000292b f i plugin_test1.obj
 0001:00001a37       ??$generate_type@UILibraryBinCache@libmedia@UModSys@@@RTest1_Shell@test1@test@modules@UModSys@@QAE?AU?$TRefObject@UILibraryBinCache@libmedia@UModSys@@U?$TRefObjectFunc@UILibraryBinCache@libmedia@UModSys@@@tl@3@@tl@4@ABU?$TString@U?$TSCoreConst@D@su@tl@UModSys@@U?$TComparerBinaryHash@D@234@@64@ABUSParameters@core@4@PBD@Z 10002a37 f i plugin_test1.obj
 0001:00001b43       ??1?$TRefObject@UIModObject@base@UModSys@@U?$TModObjectFunc@UIModObject@base@UModSys@@@tl@3@@tl@UModSys@@QAE@XZ 10002b43 f i plugin_test1.obj
 0001:00001b59       ?s_init@?$TModObjectFunc@UIModObject@base@UModSys@@@tl@UModSys@@SAXAAPAUIModObject@base@3@PAU453@@Z 10002b59 f i plugin_test1.obj
 0001:00001b72       ??$t_ref_get_other_interface@UIMultiImage@lib2d@UModSys@@U?$TRefObjectFunc@UIMultiImage@lib2d@UModSys@@@tl@3@@IRefObject@core@UModSys@@QAE_NAAU?$TRefObject@UIMultiImage@lib2d@UModSys@@U?$TRefObjectFunc@UIMultiImage@lib2d@UModSys@@@tl@3@@tl@2@@Z 10002b72 f i plugin_test1.obj
 0001:00001ba1       ??$t_ref_get_other_interface@UIRenderDriver@lib2d@UModSys@@U?$TRefObjectFunc@UIRenderDriver@lib2d@UModSys@@@tl@3@@IRefObject@core@UModSys@@QAE_NAAU?$TRefObject@UIRenderDriver@lib2d@UModSys@@U?$TRefObjectFunc@UIRenderDriver@lib2d@UModSys@@@tl@3@@tl@2@@Z 10002ba1 f i plugin_test1.obj
 0001:00001bd0       ??$t_generate@UIImage@lib2d@UModSys@@@SModuleContext@base@UModSys@@QAE_NAAU?$TRefObject@UIImage@lib2d@UModSys@@U?$TRefObjectFunc@UIImage@lib2d@UModSys@@@tl@3@@tl@2@PBUSUniquePointerInfo@core@2@ABUSParameters@62@@Z 10002bd0 f i plugin_test1.obj
 0001:00001c41       ??$t_generate@UIBinArchive@libmedia@UModSys@@@SModuleContext@base@UModSys@@QAE_NAAU?$TRefObject@UIBinArchive@libmedia@UModSys@@U?$TRefObjectFunc@UIBinArchive@libmedia@UModSys@@@tl@3@@tl@2@PBUSUniquePointerInfo@core@2@ABUSParameters@62@@Z 10002c41 f i plugin_test1.obj
 0001:00001cdd       ??$t_generate@UIBinObjFilter@libmedia@UModSys@@@SModuleContext@base@UModSys@@QAE_NAAU?$TRefObject@UIBinObjFilter@libmedia@UModSys@@U?$TRefObjectFunc@UIBinObjFilter@libmedia@UModSys@@@tl@3@@tl@2@PBUSUniquePointerInfo@core@2@ABUSParameters@62@@Z 10002cdd f i plugin_test1.obj
 0001:00001d79       ??$t_generate@UILibraryBinTree@libmedia@UModSys@@@SModuleContext@base@UModSys@@QAE_NAAU?$TRefObject@UILibraryBinTree@libmedia@UModSys@@U?$TRefObjectFunc@UILibraryBinTree@libmedia@UModSys@@@tl@3@@tl@2@PBUSUniquePointerInfo@core@2@ABUSParameters@62@@Z 10002d79 f i plugin_test1.obj
 0001:00001e15       ??$t_generate@UILibraryObjFilter@libmedia@UModSys@@@SModuleContext@base@UModSys@@QAE_NAAU?$TRefObject@UILibraryObjFilter@libmedia@UModSys@@U?$TRefObjectFunc@UILibraryObjFilter@libmedia@UModSys@@@tl@3@@tl@2@PBUSUniquePointerInfo@core@2@ABUSParameters@62@@Z 10002e15 f i plugin_test1.obj
 0001:00001eb1       ??$t_generate@UILibraryLayered@libmedia@UModSys@@@SModuleContext@base@UModSys@@QAE_NAAU?$TRefObject@UILibraryLayered@libmedia@UModSys@@U?$TRefObjectFunc@UILibraryLayered@libmedia@UModSys@@@tl@3@@tl@2@PBUSUniquePointerInfo@core@2@ABUSParameters@62@@Z 10002eb1 f i plugin_test1.obj
 0001:00001f4d       ??$t_generate@UILibraryObjCache@libmedia@UModSys@@@SModuleContext@base@UModSys@@QAE_NAAU?$TRefObject@UILibraryObjCache@libmedia@UModSys@@U?$TRefObjectFunc@UILibraryObjCache@libmedia@UModSys@@@tl@3@@tl@2@PBUSUniquePointerInfo@core@2@ABUSParameters@62@@Z 10002f4d f i plugin_test1.obj
 0001:00001fe9       ??$t_generate@UILibraryBinCache@libmedia@UModSys@@@SModuleContext@base@UModSys@@QAE_NAAU?$TRefObject@UILibraryBinCache@libmedia@UModSys@@U?$TRefObjectFunc@UILibraryBinCache@libmedia@UModSys@@@tl@3@@tl@2@PBUSUniquePointerInfo@core@2@ABUSParameters@62@@Z 10002fe9 f i plugin_test1.obj
 0001:00002085       ??$t_ref_get_other_interface@UIImage@lib2d@UModSys@@U?$TRefObjectFunc@UIImage@lib2d@UModSys@@@tl@3@@IRefObject@core@UModSys@@QAE_NAAU?$TRefObject@UIImage@lib2d@UModSys@@U?$TRefObjectFunc@UIImage@lib2d@UModSys@@@tl@3@@tl@2@@Z 10003085 f i plugin_test1.obj
 0001:000020b4       ?ConvertSameSize@stdlib@lib2d@modules@UModSys@@YA_NW4eImageType@24@ABU?$TVector2@H@math3d@4@11ABUSMem@core@4@11ABUSCMem@94@@Z 100030b4 f i umodsys_lib_lib2d:umodsys.mod.2d.stdlib.obj
 0001:00002137       ?ConvertSame@stdlib@lib2d@modules@UModSys@@YA_NW4eImageType@24@ABU?$TBoundBox2@H@math3d@4@ABU?$TVector2@H@74@ABUSMem@core@4@12ABUSCMem@core@4@@Z 10003137 f i umodsys_lib_lib2d:umodsys.mod.2d.stdlib.obj
 0001:0000219a       ?Convert@stdlib@lib2d@modules@UModSys@@YA_NABU?$TBoundBox2@H@math3d@4@ABUSImageInfo@24@ABUSMem@core@4@01ABUSCMem@94@@Z 1000319a f i umodsys_lib_lib2d:umodsys.mod.2d.stdlib.obj
 0001:000021fc       ?root_get_interface_info@RImage_Memory@stdlib@lib2d@modules@UModSys@@UBEABUSUniquePointerInfo@core@5@XZ 100031fc f i umodsys_lib_lib2d:umodsys.mod.2d.stdlib.obj
 0001:00002202       ?root_get_interface_type@RImage_Memory@stdlib@lib2d@modules@UModSys@@UBEPBUSUniquePointerInfo@core@5@XZ 10003202 f i umodsys_lib_lib2d:umodsys.mod.2d.stdlib.obj
 0001:00002208       ?root_get_other_interface@RImage_Memory@stdlib@lib2d@modules@UModSys@@UBEPBUIRoot@core@5@PBUSUniquePointerInfo@75@@Z 10003208 f i umodsys_lib_lib2d:umodsys.mod.2d.stdlib.obj
 0001:00002208       ?root_get_other_interface@RImage_Memory@stdlib@lib2d@modules@UModSys@@UAEPAUIRoot@core@5@PBUSUniquePointerInfo@75@@Z 10003208 f i umodsys_lib_lib2d:umodsys.mod.2d.stdlib.obj
 0001:00002229       ?root_is_interface_supported@RImage_Memory@stdlib@lib2d@modules@UModSys@@UBE_NPBUSUniquePointerInfo@core@5@@Z 10003229 f i umodsys_lib_lib2d:umodsys.mod.2d.stdlib.obj
 0001:00002250       ??0State@RImage_Memory@stdlib@lib2d@modules@UModSys@@QAE@XZ 10003250 f i umodsys_lib_lib2d:umodsys.mod.2d.stdlib.obj
 0001:00002282       ?set_info@RImage_Memory@stdlib@lib2d@modules@UModSys@@UAE_NABUSImagePatchInfo@35@PBD@Z 10003282 f i umodsys_lib_lib2d:umodsys.mod.2d.stdlib.obj
 0001:000023ea       ?set_data@RImage_Memory@stdlib@lib2d@modules@UModSys@@UAE_NABUSImagePatchInfo@35@ABUSCMem@core@5@H@Z 100033ea f i umodsys_lib_lib2d:umodsys.mod.2d.stdlib.obj
 0001:00002454       ?get_info@RImage_Memory@stdlib@lib2d@modules@UModSys@@UBEABUSImageInfo@35@XZ 10003454 f i umodsys_lib_lib2d:umodsys.mod.2d.stdlib.obj
 0001:00002458       ?get_data@RImage_Memory@stdlib@lib2d@modules@UModSys@@UBE_NABUSImagePatchInfo@35@ABUSMem@core@5@H@Z 10003458 f i umodsys_lib_lib2d:umodsys.mod.2d.stdlib.obj
 0001:000024de       ?get_hwcinfo@RImage_Memory@stdlib@lib2d@modules@UModSys@@UBEPBXPBUSUniquePointerInfo@core@5@@Z 100034de f i umodsys_lib_lib2d:umodsys.mod.2d.stdlib.obj
 0001:000024de       ?get_controller@RRenderDriver2D@SDL_core@ui@modules@UModSys@@UBEPAUIRefObject@core@5@PBUSUniquePointerInfo@75@@Z 100034de f i umodsys_lib_libui:umodsys.mod.ui.SDL_core.obj
 0001:000024de       ?get_layer@RMultiImage2D_SDL_ttf@SDL_core@ui@modules@UModSys@@UAEPAUIImage@lib2d@5@H@Z 100034de f i umodsys_lib_libui:umodsys.mod.ui.SDL_core.obj
 0001:000024de       ?get_hwinfo@RImage_Memory@stdlib@lib2d@modules@UModSys@@UAEPAXPBUSUniquePointerInfo@core@5@@Z 100034de f i umodsys_lib_lib2d:umodsys.mod.2d.stdlib.obj
 0001:000024e3       ??0RImage_Memory@stdlib@lib2d@modules@UModSys@@QAE@PAUIModObject@base@4@ABUSParameters@core@4@@Z 100034e3 f i umodsys_lib_lib2d:umodsys.mod.2d.stdlib.obj
 0001:0000252f       ??4State@RImage_Memory@stdlib@lib2d@modules@UModSys@@QAEAAU012345@ABU012345@@Z 1000352f f i umodsys_lib_lib2d:umodsys.mod.2d.stdlib.obj
 0001:0000257f       ??_GRImage_Memory@stdlib@lib2d@modules@UModSys@@UAEPAXI@Z 1000357f f i umodsys_lib_lib2d:umodsys.mod.2d.stdlib.obj
 0001:0000257f       ??_ERImage_Memory@stdlib@lib2d@modules@UModSys@@UAEPAXI@Z 1000357f f i  CIL library: CIL module
 0001:000025c6       ?get_generated_names@RGenerator@stdlib@lib2d@modules@UModSys@@UBEHAAUSUniquePtrList@core@5@@Z 100035c6 f i umodsys_lib_lib2d:umodsys.mod.2d.stdlib.obj
 0001:000025df       ?get_generated_types@RGenerator@stdlib@lib2d@modules@UModSys@@UBEHAAUSUniquePtrList@core@5@PBUSUniquePointerInfo@75@@Z 100035df f i umodsys_lib_lib2d:umodsys.mod.2d.stdlib.obj
 0001:00002611       ?generate@RGenerator@stdlib@lib2d@modules@UModSys@@UAE_NAAU?$TRefObject@UIRefObject@core@UModSys@@U?$TRefObjectFunc@UIRefObject@core@UModSys@@@tl@3@@tl@5@PBUSUniquePointerInfo@core@5@ABUSParameters@95@@Z 10003611 f i umodsys_lib_lib2d:umodsys.mod.2d.stdlib.obj
 0001:00002632       ?root_get_interface_info@RGenerator@stdlib@lib2d@modules@UModSys@@UBEABUSUniquePointerInfo@core@5@XZ 10003632 f i umodsys_lib_lib2d:umodsys.mod.2d.stdlib.obj
 0001:00002638       ?root_get_interface_type@RGenerator@stdlib@lib2d@modules@UModSys@@UBEPBUSUniquePointerInfo@core@5@XZ 10003638 f i umodsys_lib_lib2d:umodsys.mod.2d.stdlib.obj
 0001:0000263e       ?root_get_other_interface@RGenerator@stdlib@lib2d@modules@UModSys@@UBEPBUIRoot@core@5@PBUSUniquePointerInfo@75@@Z 1000363e f i umodsys_lib_lib2d:umodsys.mod.2d.stdlib.obj
 0001:0000263e       ?root_get_other_interface@RGenerator@stdlib@lib2d@modules@UModSys@@UAEPAUIRoot@core@5@PBUSUniquePointerInfo@75@@Z 1000363e f i umodsys_lib_lib2d:umodsys.mod.2d.stdlib.obj
 0001:00002657       ?root_is_interface_supported@RGenerator@stdlib@lib2d@modules@UModSys@@UBE_NPBUSUniquePointerInfo@core@5@@Z 10003657 f i umodsys_lib_lib2d:umodsys.mod.2d.stdlib.obj
 0001:00002676       ?get_uid@RGenerator@stdlib@lib2d@modules@UModSys@@UBEPBUSUniquePointerInfo@core@5@XZ 10003676 f i umodsys_lib_lib2d:umodsys.mod.2d.stdlib.obj
 0001:0000267c       ?do_open@RModuleReg@stdlib@lib2d@modules@UModSys@@UAE_NXZ 1000367c f i umodsys_lib_lib2d:umodsys.mod.2d.stdlib.obj
 0001:000026ca       ?do_close@RModuleReg@stdlib@lib2d@modules@UModSys@@UAE_NXZ 100036ca f i umodsys_lib_lib2d:umodsys.mod.2d.stdlib.obj
 0001:00002705       ?get_module@RGenerator@stdlib@lib2d@modules@UModSys@@UBEPAUIModule@base@5@XZ 10003705 f   umodsys_lib_lib2d:umodsys.mod.2d.stdlib.obj
 0001:0000270b       ?mod_inc@RGenerator@stdlib@lib2d@modules@UModSys@@UBE_NXZ 1000370b f   umodsys_lib_lib2d:umodsys.mod.2d.stdlib.obj
 0001:00002716       ?mod_dec@RGenerator@stdlib@lib2d@modules@UModSys@@UBE_NXZ 10003716 f   umodsys_lib_lib2d:umodsys.mod.2d.stdlib.obj
 0001:00002721       ?s_holder@RGenerator@stdlib@lib2d@modules@UModSys@@SAAAU?$TTypeStaticHolder@URGenerator@stdlib@lib2d@modules@UModSys@@@tl@5@XZ 10003721 f   umodsys_lib_lib2d:umodsys.mod.2d.stdlib.obj
 0001:00002753       ??$t_gen_param@URImage_Memory@stdlib@lib2d@modules@UModSys@@URGenerator@2345@@IGenerator@base@UModSys@@IAE_NPAURGenerator@stdlib@lib2d@modules@2@AAU?$TRefObject@UIRefObject@core@UModSys@@U?$TRefObjectFunc@UIRefObject@core@UModSys@@@tl@3@@tl@2@PBUSUniquePointerInfo@core@2@ABUSParameters@core@2@@Z 10003753 f i umodsys_lib_lib2d:umodsys.mod.2d.stdlib.obj
 0001:000027e5       ?remove@WeakPointer@IRefObject@core@UModSys@@QAEXXZ 100037e5 f i umodsys_lib_libui:umodsys.mod.ui.SDL_core.obj
 0001:0000280b       ?utf_8to32@su@tl@UModSys@@YA_NAAHAAPBDAAI@Z 1000380b f i umodsys_lib_libui:umodsys.mod.ui.SDL_core.obj
 0001:000028ca       ?get@SParameters@core@UModSys@@QBE_NPBDAAPBD@Z 100038ca f i umodsys_lib_libui:umodsys.mod.ui.SDL_core.obj
 0001:000028e5       ?get@SParameters@core@UModSys@@QBE_NPBDAAH@Z 100038e5 f i umodsys_lib_libui:umodsys.mod.ui.SDL_core.obj
 0001:00002900       ?root_get_interface_info@RMultiImage2D_SDL_ttf@SDL_core@ui@modules@UModSys@@UBEABUSUniquePointerInfo@core@5@XZ 10003900 f i umodsys_lib_libui:umodsys.mod.ui.SDL_core.obj
 0001:00002906       ?root_get_interface_type@RMultiImage2D_SDL_ttf@SDL_core@ui@modules@UModSys@@UBEPBUSUniquePointerInfo@core@5@XZ 10003906 f i umodsys_lib_libui:umodsys.mod.ui.SDL_core.obj
 0001:0000290c       ?root_get_other_interface@RMultiImage2D_SDL_ttf@SDL_core@ui@modules@UModSys@@UBEPBUIRoot@core@5@PBUSUniquePointerInfo@75@@Z 1000390c f i umodsys_lib_libui:umodsys.mod.ui.SDL_core.obj
 0001:0000290c       ?root_get_other_interface@RMultiImage2D_SDL_ttf@SDL_core@ui@modules@UModSys@@UAEPAUIRoot@core@5@PBUSUniquePointerInfo@75@@Z 1000390c f i umodsys_lib_libui:umodsys.mod.ui.SDL_core.obj
 0001:0000292d       ?root_is_interface_supported@RMultiImage2D_SDL_ttf@SDL_core@ui@modules@UModSys@@UBE_NPBUSUniquePointerInfo@core@5@@Z 1000392d f i umodsys_lib_libui:umodsys.mod.ui.SDL_core.obj
 0001:00002954       ??0RMultiImage2D_SDL_ttf@SDL_core@ui@modules@UModSys@@QAE@PAURRenderDriver2D@1234@ABUSParameters@core@4@@Z 10003954 f i umodsys_lib_libui:umodsys.mod.ui.SDL_core.obj
 0001:000029b8       ?open@RMultiImage2D_SDL_ttf@SDL_core@ui@modules@UModSys@@QAE_NABUSParameters@core@5@@Z 100039b8 f i umodsys_lib_libui:umodsys.mod.ui.SDL_core.obj
 0001:00002a56       ?generate_glyphs@RMultiImage2D_SDL_ttf@SDL_core@ui@modules@UModSys@@QAE_NXZ 10003a56 f i umodsys_lib_libui:umodsys.mod.ui.SDL_core.obj
 0001:00002be7       ?set_repeater@RFrame_Common@frames@ui@modules@UModSys@@UAE_NHH@Z 10003be7 f i umodsys_lib_libui:umodsys.mod.ui.frames.obj
 0001:00002be7       ?set_parameters@RRenderDriver2D@SDL_core@ui@modules@UModSys@@UAE_NPBDABUSParameters@core@5@@Z 10003be7 f i umodsys_lib_libui:umodsys.mod.ui.SDL_core.obj
 0001:00002be7       ?key_setrepeat@RKeyboardController@SDL_core@ui@modules@UModSys@@UAE_NMM@Z 10003be7 f i umodsys_lib_libui:umodsys.mod.ui.SDL_core.obj
 0001:00002be7       ?set_hint@RMultiImage2D_SDL_ttf@SDL_core@ui@modules@UModSys@@UAE_NPBD0@Z 10003be7 f i umodsys_lib_libui:umodsys.mod.ui.SDL_core.obj
 0001:00002be7       ?output_attach_3d@RCollector@frames@ui@modules@UModSys@@UAE_NPAUIRenderDriver@lib3d@5@H@Z 10003be7 f i umodsys_lib_libui:umodsys.mod.ui.frames.obj
 0001:00002be7       ?mouse_setposition@RMouseController@SDL_core@ui@modules@UModSys@@UAE_NHH@Z 10003be7 f i umodsys_lib_libui:umodsys.mod.ui.SDL_core.obj
 0001:00002be7       ?set_fixed_cell@RMultiImage2D_SDL_ttf@SDL_core@ui@modules@UModSys@@UAE_NHH@Z 10003be7 f i umodsys_lib_libui:umodsys.mod.ui.SDL_core.obj
 0001:00002be7       ?filter_load@RMediaFilter@images_std@media@modules@UModSys@@UAE_NABUSInfo@IBinObjFilter@libmedia@5@AAU?$TRefObject@UIRefObject@core@UModSys@@U?$TRefObjectFunc@UIRefObject@core@UModSys@@@tl@3@@tl@5@@Z 10003be7 f i umodsys_lib_libmedia:umodsys.mod.media.images_std.obj
 0001:00002bec       ?command_draw@RTest1_Shell@test1@test@modules@UModSys@@UAE_NABUSController@libui@5@PAUIRenderDriver@lib2d@5@ABU?$TBoundBox2@H@math3d@5@@Z 10003bec f i plugin_test1.obj
 0001:00002bec       ?set_var_cell@RMultiImage2D_SDL_ttf@SDL_core@ui@modules@UModSys@@UAE_NPBUSImageCellInfo@lib2d@5@HH@Z 10003bec f i umodsys_lib_libui:umodsys.mod.ui.SDL_core.obj
 0001:00002bec       ?key_setmodifier@RKeyboardController@SDL_core@ui@modules@UModSys@@UAE_NHHH@Z 10003bec f i umodsys_lib_libui:umodsys.mod.ui.SDL_core.obj
 0001:00002bec       ?get_cell_size@RMultiImage2D_SDL_ttf@SDL_core@ui@modules@UModSys@@UAE_NHAAU?$TVector2@H@math3d@5@PAU675@@Z 10003bec f i umodsys_lib_libui:umodsys.mod.ui.SDL_core.obj
 0001:00002bf1       ??_GRMultiImage2D_SDL_ttf@SDL_core@ui@modules@UModSys@@UAEPAXI@Z 10003bf1 f i umodsys_lib_libui:umodsys.mod.ui.SDL_core.obj
 0001:00002bf1       ??_ERMultiImage2D_SDL_ttf@SDL_core@ui@modules@UModSys@@UAEPAXI@Z 10003bf1 f i  CIL library: CIL module
 0001:00002c59       ?root_get_interface_info@RRenderDriver2D@SDL_core@ui@modules@UModSys@@UBEABUSUniquePointerInfo@core@5@XZ 10003c59 f i umodsys_lib_libui:umodsys.mod.ui.SDL_core.obj
 0001:00002c5f       ?root_get_interface_type@RRenderDriver2D@SDL_core@ui@modules@UModSys@@UBEPBUSUniquePointerInfo@core@5@XZ 10003c5f f i umodsys_lib_libui:umodsys.mod.ui.SDL_core.obj
 0001:00002c65       ?root_get_other_interface@RRenderDriver2D@SDL_core@ui@modules@UModSys@@UAEPAUIRoot@core@5@PBUSUniquePointerInfo@75@@Z 10003c65 f i umodsys_lib_libui:umodsys.mod.ui.SDL_core.obj
 0001:00002c65       ?root_get_other_interface@RRenderDriver2D@SDL_core@ui@modules@UModSys@@UBEPBUIRoot@core@5@PBUSUniquePointerInfo@75@@Z 10003c65 f i umodsys_lib_libui:umodsys.mod.ui.SDL_core.obj
 0001:00002c86       ?root_is_interface_supported@RRenderDriver2D@SDL_core@ui@modules@UModSys@@UBE_NPBUSUniquePointerInfo@core@5@@Z 10003c86 f i umodsys_lib_libui:umodsys.mod.ui.SDL_core.obj
 0001:00002cad       ??0RRenderDriver2D@SDL_core@ui@modules@UModSys@@QAE@PAURTerminal@1234@ABUSParameters@core@4@@Z 10003cad f i umodsys_lib_libui:umodsys.mod.ui.SDL_core.obj
 0001:00002d50       ?close@RRenderDriver2D@SDL_core@ui@modules@UModSys@@QAEXXZ 10003d50 f i umodsys_lib_libui:umodsys.mod.ui.SDL_core.obj
 0001:00002d75       ?open@RRenderDriver2D@SDL_core@ui@modules@UModSys@@QAE_NABUSParameters@core@5@@Z 10003d75 f i umodsys_lib_libui:umodsys.mod.ui.SDL_core.obj
 0001:00002eae       ?set_color@RRenderDriver2D@SDL_core@ui@modules@UModSys@@QAEXXZ 10003eae f i umodsys_lib_libui:umodsys.mod.ui.SDL_core.obj
 0001:00002f11       ?begin@RRenderDriver2D@SDL_core@ui@modules@UModSys@@UAEXXZ 10003f11 f i umodsys_lib_libui:umodsys.mod.ui.SDL_core.obj
 0001:00002f6e       ?end@RRenderDriver2D@SDL_core@ui@modules@UModSys@@UAEXXZ 10003f6e f i umodsys_lib_libui:umodsys.mod.ui.SDL_core.obj
 0001:00002f7d       ?get_max_values@RRenderDriver2D@SDL_core@ui@modules@UModSys@@UBEPBUSParameters@core@5@XZ 10003f7d f i umodsys_lib_libui:umodsys.mod.ui.SDL_core.obj
 0001:00002f81       ?get_frame_values@RRenderDriver2D@SDL_core@ui@modules@UModSys@@UBEPBUSParameters@core@5@XZ 10003f81 f i umodsys_lib_libui:umodsys.mod.ui.SDL_core.obj
 0001:00002f88       ?setup_font@RRenderDriver2D@SDL_core@ui@modules@UModSys@@UAE_NPAUIMultiImage@lib2d@5@PBU?$TVector2@M@math3d@5@@Z 10003f88 f i umodsys_lib_libui:umodsys.mod.ui.SDL_core.obj
 0001:00002fda       ?setup_color@RRenderDriver2D@SDL_core@ui@modules@UModSys@@UAEXABU?$TVector3@M@math3d@5@@Z 10003fda f i umodsys_lib_libui:umodsys.mod.ui.SDL_core.obj
 0001:00003001       ?setup_color@RRenderDriver2D@SDL_core@ui@modules@UModSys@@UAEXABU?$TVector3@H@math3d@5@@Z 10004001 f i umodsys_lib_libui:umodsys.mod.ui.SDL_core.obj
 0001:00003044       ?setup_coloralpha@RRenderDriver2D@SDL_core@ui@modules@UModSys@@UAEXABU?$TVector4@M@math3d@5@H@Z 10004044 f i umodsys_lib_libui:umodsys.mod.ui.SDL_core.obj
 0001:0000306a       ?setup_coloralpha@RRenderDriver2D@SDL_core@ui@modules@UModSys@@UAEXABU?$TVector4@H@math3d@5@H@Z 1000406a f i umodsys_lib_libui:umodsys.mod.ui.SDL_core.obj
 0001:000030c2       ?setup_blendcolor@RRenderDriver2D@SDL_core@ui@modules@UModSys@@UAEXABUSBlendColor@lib2d@5@@Z 100040c2 f i umodsys_lib_libui:umodsys.mod.ui.SDL_core.obj
 0001:0000311a       ?setup_blendcolor@RRenderDriver2D@SDL_core@ui@modules@UModSys@@UAEXABUSBlendColorf@lib2d@5@@Z 1000411a f i umodsys_lib_libui:umodsys.mod.ui.SDL_core.obj
 0001:0000315c       ?setup_alpha@RRenderDriver2D@SDL_core@ui@modules@UModSys@@UAEXHH@Z 1000415c f i umodsys_lib_libui:umodsys.mod.ui.SDL_core.obj
 0001:00003182       ?setup_alpha@RRenderDriver2D@SDL_core@ui@modules@UModSys@@UAEXMH@Z 10004182 f i umodsys_lib_libui:umodsys.mod.ui.SDL_core.obj
 0001:000031a2       ?render_text_advanced@RRenderDriver2D@SDL_core@ui@modules@UModSys@@UAE_NAAUTextInfo@IRenderDriver@lib2d@5@PBHH@Z 100041a2 f i umodsys_lib_libui:umodsys.mod.ui.SDL_core.obj
 0001:00003356       ?render_box@RRenderDriver2D@SDL_core@ui@modules@UModSys@@UAEXABU?$TVector2@H@math3d@5@0@Z 10004356 f i umodsys_lib_libui:umodsys.mod.ui.SDL_core.obj
 0001:000033a3       ?render_tri@RRenderDriver2D@SDL_core@ui@modules@UModSys@@UAEXABU?$TVector2@H@math3d@5@00@Z 100043a3 f i umodsys_lib_libui:umodsys.mod.ui.SDL_core.obj
 0001:000033f7       ?render_quad@RRenderDriver2D@SDL_core@ui@modules@UModSys@@UAEXABU?$TVector2@H@math3d@5@000@Z 100043f7 f i umodsys_lib_libui:umodsys.mod.ui.SDL_core.obj
 0001:00003459       ?render_box@RRenderDriver2D@SDL_core@ui@modules@UModSys@@UAEXPAUIImage@lib2d@5@ABU?$TVector2@H@math3d@5@1ABU?$TVector2@M@95@2@Z 10004459 f i umodsys_lib_libui:umodsys.mod.ui.SDL_core.obj
 0001:0000345c       ?render_line@RRenderDriver2D@SDL_core@ui@modules@UModSys@@UAEXABU?$TVector2@H@math3d@5@0@Z 1000445c f i umodsys_lib_libui:umodsys.mod.ui.SDL_core.obj
 0001:00003481       ?render_rect@RRenderDriver2D@SDL_core@ui@modules@UModSys@@UAEXABU?$TVector2@H@math3d@5@0@Z 10004481 f i umodsys_lib_libui:umodsys.mod.ui.SDL_core.obj
 0001:000034ce       ??_GRRenderDriver2D@SDL_core@ui@modules@UModSys@@UAEPAXI@Z 100044ce f i umodsys_lib_libui:umodsys.mod.ui.SDL_core.obj
 0001:000034ce       ??_ERRenderDriver2D@SDL_core@ui@modules@UModSys@@UAEPAXI@Z 100044ce f i  CIL library: CIL module
 0001:00003545       ?root_get_interface_info@RMouseController@SDL_core@ui@modules@UModSys@@UBEABUSUniquePointerInfo@core@5@XZ 10004545 f i umodsys_lib_libui:umodsys.mod.ui.SDL_core.obj
 0001:0000354b       ?root_get_interface_type@RMouseController@SDL_core@ui@modules@UModSys@@UBEPBUSUniquePointerInfo@core@5@XZ 1000454b f i umodsys_lib_libui:umodsys.mod.ui.SDL_core.obj
 0001:00003551       ?root_get_other_interface@RMouseController@SDL_core@ui@modules@UModSys@@UAEPAUIRoot@core@5@PBUSUniquePointerInfo@75@@Z 10004551 f i umodsys_lib_libui:umodsys.mod.ui.SDL_core.obj
 0001:00003551       ?root_get_other_interface@RMouseController@SDL_core@ui@modules@UModSys@@UBEPBUIRoot@core@5@PBUSUniquePointerInfo@75@@Z 10004551 f i umodsys_lib_libui:umodsys.mod.ui.SDL_core.obj
 0001:00003572       ?root_is_interface_supported@RMouseController@SDL_core@ui@modules@UModSys@@UBE_NPBUSUniquePointerInfo@core@5@@Z 10004572 f i umodsys_lib_libui:umodsys.mod.ui.SDL_core.obj
 0001:00003599       ?suicide@RMultiImage2D_SDL_ttf@SDL_core@ui@modules@UModSys@@UAEXXZ 10004599 f i umodsys_lib_libui:umodsys.mod.ui.SDL_core.obj
 0001:00003599       ?suicide@RDialog@frames@ui@modules@UModSys@@UAEXXZ 10004599 f i umodsys_lib_libui:umodsys.mod.ui.frames.obj
 0001:00003599       ?suicide@RRenderDriver2D@SDL_core@ui@modules@UModSys@@UAEXXZ 10004599 f i umodsys_lib_libui:umodsys.mod.ui.SDL_core.obj
 0001:00003599       ?suicide@RMouseController@SDL_core@ui@modules@UModSys@@UAEXXZ 10004599 f i umodsys_lib_libui:umodsys.mod.ui.SDL_core.obj
 0001:00003599       ?suicide@RKeyboardController@SDL_core@ui@modules@UModSys@@UAEXXZ 10004599 f i umodsys_lib_libui:umodsys.mod.ui.SDL_core.obj
 0001:000035d9       ??0RMouseController@SDL_core@ui@modules@UModSys@@QAE@PAURTerminal@1234@ABUSParameters@core@4@@Z 100045d9 f i umodsys_lib_libui:umodsys.mod.ui.SDL_core.obj
 0001:00003627       ?process@RMouseController@SDL_core@ui@modules@UModSys@@QAE_NAAUSDL_MouseMotionEvent@@@Z 10004627 f i umodsys_lib_libui:umodsys.mod.ui.SDL_core.obj
 0001:0000370e       ?process@RMouseController@SDL_core@ui@modules@UModSys@@QAE_NAAUSDL_MouseButtonEvent@@@Z 1000470e f i umodsys_lib_libui:umodsys.mod.ui.SDL_core.obj
 0001:000037d5       ?process@RMouseController@SDL_core@ui@modules@UModSys@@QAE_NAAUSDL_MouseWheelEvent@@@Z 100047d5 f i umodsys_lib_libui:umodsys.mod.ui.SDL_core.obj
 0001:00003876       ?mouse_link@RMouseController@SDL_core@ui@modules@UModSys@@UAE_NHPAUIRefObject@core@5@PAUIMouseClient@libui@5@H@Z 10004876 f i umodsys_lib_libui:umodsys.mod.ui.SDL_core.obj
 0001:000038b5       ??_GRMouseController@SDL_core@ui@modules@UModSys@@UAEPAXI@Z 100048b5 f i umodsys_lib_libui:umodsys.mod.ui.SDL_core.obj
 0001:000038b5       ??_ERMouseController@SDL_core@ui@modules@UModSys@@UAEPAXI@Z 100048b5 f i  CIL library: CIL module
 0001:0000390b       ?root_get_interface_info@RKeyboardController@SDL_core@ui@modules@UModSys@@UBEABUSUniquePointerInfo@core@5@XZ 1000490b f i umodsys_lib_libui:umodsys.mod.ui.SDL_core.obj
 0001:00003911       ?root_get_interface_type@RKeyboardController@SDL_core@ui@modules@UModSys@@UBEPBUSUniquePointerInfo@core@5@XZ 10004911 f i umodsys_lib_libui:umodsys.mod.ui.SDL_core.obj
 0001:00003917       ?root_get_other_interface@RKeyboardController@SDL_core@ui@modules@UModSys@@UAEPAUIRoot@core@5@PBUSUniquePointerInfo@75@@Z 10004917 f i umodsys_lib_libui:umodsys.mod.ui.SDL_core.obj
 0001:00003917       ?root_get_other_interface@RKeyboardController@SDL_core@ui@modules@UModSys@@UBEPBUIRoot@core@5@PBUSUniquePointerInfo@75@@Z 10004917 f i umodsys_lib_libui:umodsys.mod.ui.SDL_core.obj
 0001:00003938       ?root_is_interface_supported@RKeyboardController@SDL_core@ui@modules@UModSys@@UBE_NPBUSUniquePointerInfo@core@5@@Z 10004938 f i umodsys_lib_libui:umodsys.mod.ui.SDL_core.obj
 0001:0000395f       ?ref_add@RKeyboardController@SDL_core@ui@modules@UModSys@@UBEXXZ 1000495f f i umodsys_lib_libui:umodsys.mod.ui.SDL_core.obj
 0001:0000395f       ?ref_add@RGenerator@images_std@media@modules@UModSys@@UBEXXZ 1000495f f i umodsys_lib_libmedia:umodsys.mod.media.images_std.obj
 0001:0000395f       ?ref_add@RGenerator@SDL_core@ui@modules@UModSys@@UBEXXZ 1000495f f i umodsys_lib_libui:umodsys.mod.ui.SDL_core.obj
 0001:0000395f       ?ref_add@RImage_Memory@stdlib@lib2d@modules@UModSys@@UBEXXZ 1000495f f i umodsys_lib_lib2d:umodsys.mod.2d.stdlib.obj
 0001:0000395f       ?ref_add@RDialog@frames@ui@modules@UModSys@@UBEXXZ 1000495f f i umodsys_lib_libui:umodsys.mod.ui.frames.obj
 0001:0000395f       ?ref_add@RGenerator@frames@ui@modules@UModSys@@UBEXXZ 1000495f f i umodsys_lib_libui:umodsys.mod.ui.frames.obj
 0001:0000395f       ?ref_add@RGenerator@test1@test@modules@UModSys@@UBEXXZ 1000495f f i plugin_test1.obj
 0001:0000395f       ?ref_add@RMouseController@SDL_core@ui@modules@UModSys@@UBEXXZ 1000495f f i umodsys_lib_libui:umodsys.mod.ui.SDL_core.obj
 0001:0000395f       ?ref_add@RTerminal@SDL_core@ui@modules@UModSys@@UBEXXZ 1000495f f i umodsys_lib_libui:umodsys.mod.ui.SDL_core.obj
 0001:0000395f       ?ref_add@RGenerator@stdlib@lib2d@modules@UModSys@@UBEXXZ 1000495f f i umodsys_lib_lib2d:umodsys.mod.2d.stdlib.obj
 0001:0000395f       ?ref_add@RMultiImage2D_SDL_ttf@SDL_core@ui@modules@UModSys@@UBEXXZ 1000495f f i umodsys_lib_libui:umodsys.mod.ui.SDL_core.obj
 0001:0000395f       ?ref_add@RRenderDriver2D@SDL_core@ui@modules@UModSys@@UBEXXZ 1000495f f i umodsys_lib_libui:umodsys.mod.ui.SDL_core.obj
 0001:00003963       ??0RKeyboardController@SDL_core@ui@modules@UModSys@@QAE@PAURTerminal@1234@ABUSParameters@core@4@@Z 10004963 f i umodsys_lib_libui:umodsys.mod.ui.SDL_core.obj
 0001:000039b1       ?process@RKeyboardController@SDL_core@ui@modules@UModSys@@QAE_NAAUSDL_KeyboardEvent@@@Z 100049b1 f i umodsys_lib_libui:umodsys.mod.ui.SDL_core.obj
 0001:00003a52       ?process@RKeyboardController@SDL_core@ui@modules@UModSys@@QAE_NAAUSDL_TextInputEvent@@@Z 10004a52 f i umodsys_lib_libui:umodsys.mod.ui.SDL_core.obj
 0001:00003af7       ?map_keycode@RKeyboardController@SDL_core@ui@modules@UModSys@@QAE?AW4eKeyCode@libui@5@H@Z 10004af7 f i umodsys_lib_libui:umodsys.mod.ui.SDL_core.obj
 0001:00003f72       ?map_keyspecial@RKeyboardController@SDL_core@ui@modules@UModSys@@QAEFG@Z 10004f72 f i umodsys_lib_libui:umodsys.mod.ui.SDL_core.obj
 0001:00003fe5       ?mouse_unlink@RMouseController@SDL_core@ui@modules@UModSys@@UAE_NH@Z 10004fe5 f i umodsys_lib_libui:umodsys.mod.ui.SDL_core.obj
 0001:00003fe5       ?key_unlink@RKeyboardController@SDL_core@ui@modules@UModSys@@UAE_NH@Z 10004fe5 f i umodsys_lib_libui:umodsys.mod.ui.SDL_core.obj
 0001:00004044       ?key_link@RKeyboardController@SDL_core@ui@modules@UModSys@@UAE_NHPAUIRefObject@core@5@PAUIKeyboardClient@libui@5@@Z 10005044 f i umodsys_lib_libui:umodsys.mod.ui.SDL_core.obj
 0001:0000407c       ?mouse_reset@RMouseController@SDL_core@ui@modules@UModSys@@UAE_NXZ 1000507c f i umodsys_lib_libui:umodsys.mod.ui.SDL_core.obj
 0001:0000407c       ?key_reset@RKeyboardController@SDL_core@ui@modules@UModSys@@UAE_NXZ 1000507c f i umodsys_lib_libui:umodsys.mod.ui.SDL_core.obj
 0001:0000407f       ?key_setvisible@RKeyboardController@SDL_core@ui@modules@UModSys@@UAE_N_N@Z 1000507f f i umodsys_lib_libui:umodsys.mod.ui.SDL_core.obj
 0001:00004097       ??_ERKeyboardController@SDL_core@ui@modules@UModSys@@UAEPAXI@Z 10005097 f i  CIL library: CIL module
 0001:00004097       ??_GRKeyboardController@SDL_core@ui@modules@UModSys@@UAEPAXI@Z 10005097 f i umodsys_lib_libui:umodsys.mod.ui.SDL_core.obj
 0001:000040ed       ?root_get_interface_info@RTerminal@SDL_core@ui@modules@UModSys@@UBEABUSUniquePointerInfo@core@5@XZ 100050ed f i umodsys_lib_libui:umodsys.mod.ui.SDL_core.obj
 0001:000040f3       ?root_get_interface_type@RTerminal@SDL_core@ui@modules@UModSys@@UBEPBUSUniquePointerInfo@core@5@XZ 100050f3 f i umodsys_lib_libui:umodsys.mod.ui.SDL_core.obj
 0001:000040f9       ?root_get_other_interface@RTerminal@SDL_core@ui@modules@UModSys@@UBEPBUIRoot@core@5@PBUSUniquePointerInfo@75@@Z 100050f9 f i umodsys_lib_libui:umodsys.mod.ui.SDL_core.obj
 0001:000040f9       ?root_get_other_interface@RTerminal@SDL_core@ui@modules@UModSys@@UAEPAUIRoot@core@5@PBUSUniquePointerInfo@75@@Z 100050f9 f i umodsys_lib_libui:umodsys.mod.ui.SDL_core.obj
 0001:0000411a       ?root_is_interface_supported@RTerminal@SDL_core@ui@modules@UModSys@@UBE_NPBUSUniquePointerInfo@core@5@@Z 1000511a f i umodsys_lib_libui:umodsys.mod.ui.SDL_core.obj
 0001:00004141       ?ref_weak@RGenerator@SDL_core@ui@modules@UModSys@@UBE_NAAUWeakPointer@IRefObject@core@5@@Z 10005141 f i umodsys_lib_libui:umodsys.mod.ui.SDL_core.obj
 0001:00004141       ?ref_weak@RGenerator@test1@test@modules@UModSys@@UBE_NAAUWeakPointer@IRefObject@core@5@@Z 10005141 f i plugin_test1.obj
 0001:00004141       ?ref_weak@RGenerator@stdlib@lib2d@modules@UModSys@@UBE_NAAUWeakPointer@IRefObject@core@5@@Z 10005141 f i umodsys_lib_lib2d:umodsys.mod.2d.stdlib.obj
 0001:00004141       ?ref_weak@RTerminal@SDL_core@ui@modules@UModSys@@UBE_NAAUWeakPointer@IRefObject@core@5@@Z 10005141 f i umodsys_lib_libui:umodsys.mod.ui.SDL_core.obj
 0001:00004141       ?ref_weak@RImage_Memory@stdlib@lib2d@modules@UModSys@@UBE_NAAUWeakPointer@IRefObject@core@5@@Z 10005141 f i umodsys_lib_lib2d:umodsys.mod.2d.stdlib.obj
 0001:00004141       ?ref_weak@RGenerator@frames@ui@modules@UModSys@@UBE_NAAUWeakPointer@IRefObject@core@5@@Z 10005141 f i umodsys_lib_libui:umodsys.mod.ui.frames.obj
 0001:00004141       ?ref_weak@RKeyboardController@SDL_core@ui@modules@UModSys@@UBE_NAAUWeakPointer@IRefObject@core@5@@Z 10005141 f i umodsys_lib_libui:umodsys.mod.ui.SDL_core.obj
 0001:00004141       ?ref_weak@RRenderDriver2D@SDL_core@ui@modules@UModSys@@UBE_NAAUWeakPointer@IRefObject@core@5@@Z 10005141 f i umodsys_lib_libui:umodsys.mod.ui.SDL_core.obj
 0001:00004141       ?ref_weak@RMultiImage2D_SDL_ttf@SDL_core@ui@modules@UModSys@@UBE_NAAUWeakPointer@IRefObject@core@5@@Z 10005141 f i umodsys_lib_libui:umodsys.mod.ui.SDL_core.obj
 0001:00004141       ?ref_weak@RMouseController@SDL_core@ui@modules@UModSys@@UBE_NAAUWeakPointer@IRefObject@core@5@@Z 10005141 f i umodsys_lib_libui:umodsys.mod.ui.SDL_core.obj
 0001:00004141       ?ref_weak@RDialog@frames@ui@modules@UModSys@@UBE_NAAUWeakPointer@IRefObject@core@5@@Z 10005141 f i umodsys_lib_libui:umodsys.mod.ui.frames.obj
 0001:00004141       ?ref_weak@RGenerator@images_std@media@modules@UModSys@@UBE_NAAUWeakPointer@IRefObject@core@5@@Z 10005141 f i umodsys_lib_libmedia:umodsys.mod.media.images_std.obj
 0001:00004160       ?suicide@RTerminal@SDL_core@ui@modules@UModSys@@UAEXXZ 10005160 f i umodsys_lib_libui:umodsys.mod.ui.SDL_core.obj
 0001:00004160       ?suicide@RImage_Memory@stdlib@lib2d@modules@UModSys@@UAEXXZ 10005160 f i umodsys_lib_lib2d:umodsys.mod.2d.stdlib.obj
 0001:000041a7       ??0RTerminal@SDL_core@ui@modules@UModSys@@QAE@PAUIModObject@base@4@ABUSParameters@core@4@@Z 100051a7 f i umodsys_lib_libui:umodsys.mod.ui.SDL_core.obj
 0001:0000421a       ?poll_events@RTerminal@SDL_core@ui@modules@UModSys@@UAE_NH@Z 1000521a f i umodsys_lib_libui:umodsys.mod.ui.SDL_core.obj
 0001:0000433e       ?get_terminal_state@RTerminal@SDL_core@ui@modules@UModSys@@UAE_NW4eTerminalState@libui@5@@Z 1000533e f i umodsys_lib_libui:umodsys.mod.ui.SDL_core.obj
 0001:00004357       ?set_terminal_state@RTerminal@SDL_core@ui@modules@UModSys@@UAE_NW4eTerminalState@libui@5@_N@Z 10005357 f i umodsys_lib_libui:umodsys.mod.ui.SDL_core.obj
 0001:000043b1       ?get_clock@RTerminal@SDL_core@ui@modules@UModSys@@UAENXZ 100053b1 f i umodsys_lib_libui:umodsys.mod.ui.SDL_core.obj
 0001:000043c9       ?wait@RTerminal@SDL_core@ui@modules@UModSys@@UAE_NM@Z 100053c9 f i umodsys_lib_libui:umodsys.mod.ui.SDL_core.obj
 0001:000043e4       ?get_count@RTerminal@SDL_core@ui@modules@UModSys@@UBEIPBUSUniquePointerInfo@core@5@@Z 100053e4 f i umodsys_lib_libui:umodsys.mod.ui.SDL_core.obj
 0001:00004417       ?get_handler@RTerminal@SDL_core@ui@modules@UModSys@@UBEPAUIRefObject@core@5@PBUSUniquePointerInfo@75@I@Z 10005417 f i umodsys_lib_libui:umodsys.mod.ui.SDL_core.obj
 0001:0000445f       ?get_handler@RTerminal@SDL_core@ui@modules@UModSys@@UBEPAUIRefObject@core@5@PBUSUniquePointerInfo@75@PBD@Z 1000545f f i umodsys_lib_libui:umodsys.mod.ui.SDL_core.obj
 0001:00004468       ?create_handler@RTerminal@SDL_core@ui@modules@UModSys@@UAE_NPBUSUniquePointerInfo@core@5@AAU?$TRefObject@UIRefObject@core@UModSys@@U?$TRefObjectFunc@UIRefObject@core@UModSys@@@tl@3@@tl@5@PBDPBUSParameters@75@@Z 10005468 f i umodsys_lib_libui:umodsys.mod.ui.SDL_core.obj
 0001:000046a1       ??_ERTerminal@SDL_core@ui@modules@UModSys@@UAEPAXI@Z 100056a1 f i  CIL library: CIL module
 0001:000046a1       ??_GRTerminal@SDL_core@ui@modules@UModSys@@UAEPAXI@Z 100056a1 f i umodsys_lib_libui:umodsys.mod.ui.SDL_core.obj
 0001:00004711       ?get_terminal@RRenderDriver2D@SDL_core@ui@modules@UModSys@@UBEPAUITerminal@libui@5@XZ 10005711 f   umodsys_lib_libui:umodsys.mod.ui.SDL_core.obj
 0001:00004711       ?ref_links@RTest1_Shell@test1@test@modules@UModSys@@UBEHXZ 10005711 f   plugin_test1.obj
 0001:00004715       ?new_font@RRenderDriver2D@SDL_core@ui@modules@UModSys@@UAE?AU?$TRefObject@UIMultiImage@lib2d@UModSys@@U?$TRefObjectFunc@UIMultiImage@lib2d@UModSys@@@tl@3@@tl@5@ABUSParameters@core@5@ABU?$TString@U?$TSCoreConst@D@su@tl@UModSys@@U?$TComparerBinaryHash@D@234@@75@@Z 10005715 f   umodsys_lib_libui:umodsys.mod.ui.SDL_core.obj
 0001:000047eb       ?new_picture@RRenderDriver2D@SDL_core@ui@modules@UModSys@@UAE?AU?$TRefObject@UIImage@lib2d@UModSys@@U?$TRefObjectFunc@UIImage@lib2d@UModSys@@@tl@3@@tl@5@ABUSParameters@core@5@ABU?$TString@U?$TSCoreConst@D@su@tl@UModSys@@U?$TComparerBinaryHash@D@234@@75@@Z 100057eb f   umodsys_lib_libui:umodsys.mod.ui.SDL_core.obj
 0001:000047fd       ?get_generated_names@RGenerator@SDL_core@ui@modules@UModSys@@UBEHAAUSUniquePtrList@core@5@@Z 100057fd f i umodsys_lib_libui:umodsys.mod.ui.SDL_core.obj
 0001:00004816       ?get_generated_types@RGenerator@SDL_core@ui@modules@UModSys@@UBEHAAUSUniquePtrList@core@5@PBUSUniquePointerInfo@75@@Z 10005816 f i umodsys_lib_libui:umodsys.mod.ui.SDL_core.obj
 0001:00004848       ?generate@RGenerator@SDL_core@ui@modules@UModSys@@UAE_NAAU?$TRefObject@UIRefObject@core@UModSys@@U?$TRefObjectFunc@UIRefObject@core@UModSys@@@tl@3@@tl@5@PBUSUniquePointerInfo@core@5@ABUSParameters@95@@Z 10005848 f i umodsys_lib_libui:umodsys.mod.ui.SDL_core.obj
 0001:00004869       ?root_get_interface_info@RGenerator@SDL_core@ui@modules@UModSys@@UBEABUSUniquePointerInfo@core@5@XZ 10005869 f i umodsys_lib_libui:umodsys.mod.ui.SDL_core.obj
 0001:0000486f       ?root_get_interface_type@RGenerator@SDL_core@ui@modules@UModSys@@UBEPBUSUniquePointerInfo@core@5@XZ 1000586f f i umodsys_lib_libui:umodsys.mod.ui.SDL_core.obj
 0001:00004875       ?root_get_other_interface@RGenerator@SDL_core@ui@modules@UModSys@@UBEPBUIRoot@core@5@PBUSUniquePointerInfo@75@@Z 10005875 f i umodsys_lib_libui:umodsys.mod.ui.SDL_core.obj
 0001:00004875       ?root_get_other_interface@RGenerator@SDL_core@ui@modules@UModSys@@UAEPAUIRoot@core@5@PBUSUniquePointerInfo@75@@Z 10005875 f i umodsys_lib_libui:umodsys.mod.ui.SDL_core.obj
 0001:0000488e       ?root_is_interface_supported@RGenerator@SDL_core@ui@modules@UModSys@@UBE_NPBUSUniquePointerInfo@core@5@@Z 1000588e f i umodsys_lib_libui:umodsys.mod.ui.SDL_core.obj
 0001:000048ad       ?get_uid@RGenerator@SDL_core@ui@modules@UModSys@@UBEPBUSUniquePointerInfo@core@5@XZ 100058ad f i umodsys_lib_libui:umodsys.mod.ui.SDL_core.obj
 0001:000048b3       ?do_open@RModuleReg@SDL_core@ui@modules@UModSys@@UAE_NXZ 100058b3 f i umodsys_lib_libui:umodsys.mod.ui.SDL_core.obj
 0001:00004901       ?do_close@RModuleReg@SDL_core@ui@modules@UModSys@@UAE_NXZ 10005901 f i umodsys_lib_libui:umodsys.mod.ui.SDL_core.obj
 0001:0000493c       ?get_module@RGenerator@SDL_core@ui@modules@UModSys@@UBEPAUIModule@base@5@XZ 1000593c f   umodsys_lib_libui:umodsys.mod.ui.SDL_core.obj
 0001:00004942       ?mod_inc@RGenerator@SDL_core@ui@modules@UModSys@@UBE_NXZ 10005942 f   umodsys_lib_libui:umodsys.mod.ui.SDL_core.obj
 0001:0000494d       ?mod_dec@RGenerator@SDL_core@ui@modules@UModSys@@UBE_NXZ 1000594d f   umodsys_lib_libui:umodsys.mod.ui.SDL_core.obj
 0001:00004958       ?s_holder@RGenerator@SDL_core@ui@modules@UModSys@@SAAAU?$TTypeStaticHolder@URGenerator@SDL_core@ui@modules@UModSys@@@tl@5@XZ 10005958 f   umodsys_lib_libui:umodsys.mod.ui.SDL_core.obj
 0001:0000498a       ??1?$TScatterArray@UGlyph@RMultiImage2D_SDL_ttf@SDL_core@ui@modules@UModSys@@HU?$TScalarCompare@H@core@6@U?$TNodeDeleter0@U?$TScatterArrayNode@UGlyph@RMultiImage2D_SDL_ttf@SDL_core@ui@modules@UModSys@@H@tl@UModSys@@@tl@6@@tl@UModSys@@QAE@XZ 1000598a f i umodsys_lib_libui:umodsys.mod.ui.SDL_core.obj
 0001:000049a0       ??0?$TParametersA@$0BAA@@core@UModSys@@QAE@XZ 100059a0 f i umodsys_lib_libui:umodsys.mod.ui.SDL_core.obj
 0001:000049cf       ??1?$TRefObject@URRenderDriver2D@SDL_core@ui@modules@UModSys@@U?$TRefObjectWeakFunc@URRenderDriver2D@SDL_core@ui@modules@UModSys@@@tl@5@@tl@UModSys@@QAE@XZ 100059cf f i umodsys_lib_libui:umodsys.mod.ui.SDL_core.obj
 0001:000049cf       ??1?$TRefObject@URMultiImage2D_SDL_ttf@SDL_core@ui@modules@UModSys@@U?$TRefObjectWeakFunc@URMultiImage2D_SDL_ttf@SDL_core@ui@modules@UModSys@@@tl@5@@tl@UModSys@@QAE@XZ 100059cf f i umodsys_lib_libui:umodsys.mod.ui.SDL_core.obj
 0001:000049d4       ??F?$TTreeIterRB@$$CBU?$TScatterArrayNode@U?$TRefObjectComposite@UIKeyboardClient@libui@UModSys@@UIRefObject@core@3@U?$TRefObjectFunc@UIRefObject@core@UModSys@@@tl@3@@tl@UModSys@@H@tl@UModSys@@$$CBU?$TPair@HU?$TRefObjectComposite@UIKeyboardClient@libui@UModSys@@UIRefObject@core@3@U?$TRefObjectFunc@UIRefObject@core@UModSys@@@tl@3@@tl@UModSys@@@23@@tl@UModSys@@QAE?AU012@XZ 100059d4 f i umodsys_lib_libui:umodsys.mod.ui.SDL_core.obj
 0001:000049d4       ??F?$TTreeIterRB@$$CBU?$TScatterArrayNode@U?$TRefObjectCompositeExtra@UIMouseClient@libui@UModSys@@HUIRefObject@core@3@U?$TRefObjectFunc@UIRefObject@core@UModSys@@@tl@3@@tl@UModSys@@H@tl@UModSys@@$$CBU?$TPair@HU?$TRefObjectCompositeExtra@UIMouseClient@libui@UModSys@@HUIRefObject@core@3@U?$TRefObjectFunc@UIRefObject@core@UModSys@@@tl@3@@tl@UModSys@@@23@@tl@UModSys@@QAE?AU012@XZ 100059d4 f i umodsys_lib_libui:umodsys.mod.ui.SDL_core.obj
 0001:000049fe       ?remove_node@?$TTreeHoldRB@U?$TScatterArrayNode@U?$TRefObjectComposite@UIKeyboardClient@libui@UModSys@@UIRefObject@core@3@U?$TRefObjectFunc@UIRefObject@core@UModSys@@@tl@3@@tl@UModSys@@H@tl@UModSys@@@tl@UModSys@@QAEXPAU?$TScatterArrayNode@U?$TRefObjectComposite@UIKeyboardClient@libui@UModSys@@UIRefObject@core@3@U?$TRefObjectFunc@UIRefObject@core@UModSys@@@tl@3@@tl@UModSys@@H@23@@Z 100059fe f i umodsys_lib_libui:umodsys.mod.ui.SDL_core.obj
 0001:000049fe       ?remove_node@?$TTreeHoldRB@U?$TScatterArrayNode@U?$TRefObjectCompositeExtra@UIMouseClient@libui@UModSys@@HUIRefObject@core@3@U?$TRefObjectFunc@UIRefObject@core@UModSys@@@tl@3@@tl@UModSys@@H@tl@UModSys@@@tl@UModSys@@QAEXPAU?$TScatterArrayNode@U?$TRefObjectCompositeExtra@UIMouseClient@libui@UModSys@@HUIRefObject@core@3@U?$TRefObjectFunc@UIRefObject@core@UModSys@@@tl@3@@tl@UModSys@@H@23@@Z 100059fe f i umodsys_lib_libui:umodsys.mod.ui.SDL_core.obj
 0001:00004adb       ??1?$TPair@HU?$TRefObjectCompositeExtra@UIMouseClient@libui@UModSys@@HUIRefObject@core@3@U?$TRefObjectFunc@UIRefObject@core@UModSys@@@tl@3@@tl@UModSys@@@tl@UModSys@@QAE@XZ 10005adb f i umodsys_lib_libui:umodsys.mod.ui.SDL_core.obj
 0001:00004adb       ??1?$TPair@HU?$TRefObjectComposite@UIKeyboardClient@libui@UModSys@@UIRefObject@core@3@U?$TRefObjectFunc@UIRefObject@core@UModSys@@@tl@3@@tl@UModSys@@@tl@UModSys@@QAE@XZ 10005adb f i umodsys_lib_libui:umodsys.mod.ui.SDL_core.obj
 0001:00004ae5       ??1?$TRefObjectCompositeExtra@UIMouseClient@libui@UModSys@@HUIRefObject@core@3@U?$TRefObjectFunc@UIRefObject@core@UModSys@@@tl@3@@tl@UModSys@@QAE@XZ 10005ae5 f i umodsys_lib_libui:umodsys.mod.ui.SDL_core.obj
 0001:00004ae5       ??1?$TRefObjectComposite@UIController@libui@UModSys@@UIRefObject@core@3@U?$TRefObjectFunc@UIRefObject@core@UModSys@@@tl@3@@tl@UModSys@@QAE@XZ 10005ae5 f i umodsys_lib_libui:umodsys.mod.ui.frames.obj
 0001:00004ae5       ??1?$TRefObjectComposite@UIKeyboardClient@libui@UModSys@@UIRefObject@core@3@U?$TRefObjectFunc@UIRefObject@core@UModSys@@@tl@3@@tl@UModSys@@QAE@XZ 10005ae5 f i umodsys_lib_libui:umodsys.mod.ui.SDL_core.obj
 0001:00004b2a       ?remove_color@?$TTreeHoldRB@U?$TScatterArrayNode@U?$TRefObjectComposite@UIKeyboardClient@libui@UModSys@@UIRefObject@core@3@U?$TRefObjectFunc@UIRefObject@core@UModSys@@@tl@3@@tl@UModSys@@H@tl@UModSys@@@tl@UModSys@@IAEXPAU?$TScatterArrayNode@U?$TRefObjectComposite@UIKeyboardClient@libui@UModSys@@UIRefObject@core@3@U?$TRefObjectFunc@UIRefObject@core@UModSys@@@tl@3@@tl@UModSys@@H@23@0@Z 10005b2a f i umodsys_lib_libui:umodsys.mod.ui.SDL_core.obj
 0001:00004b2a       ?remove_color@?$TTreeHoldRB@U?$TScatterArrayNode@U?$TRefObjectCompositeExtra@UIMouseClient@libui@UModSys@@HUIRefObject@core@3@U?$TRefObjectFunc@UIRefObject@core@UModSys@@@tl@3@@tl@UModSys@@H@tl@UModSys@@@tl@UModSys@@IAEXPAU?$TScatterArrayNode@U?$TRefObjectCompositeExtra@UIMouseClient@libui@UModSys@@HUIRefObject@core@3@U?$TRefObjectFunc@UIRefObject@core@UModSys@@@tl@3@@tl@UModSys@@H@23@0@Z 10005b2a f i umodsys_lib_libui:umodsys.mod.ui.SDL_core.obj
 0001:00004c2c       ??$t_close@U?$TRefObject@URRenderDriver2D@SDL_core@ui@modules@UModSys@@U?$TRefObjectWeakFunc@URRenderDriver2D@SDL_core@ui@modules@UModSys@@@tl@5@@tl@UModSys@@@SDL_core@ui@modules@UModSys@@YA_NAAU?$TScatterArray@U?$TRefObject@URRenderDriver2D@SDL_core@ui@modules@UModSys@@U?$TRefObjectWeakFunc@URRenderDriver2D@SDL_core@ui@modules@UModSys@@@tl@5@@tl@UModSys@@HU?$TScalarCompare@H@core@3@U?$TNodeDeleter0@U?$TScatterArrayNode@U?$TRefObject@URRenderDriver2D@SDL_core@ui@modules@UModSys@@U?$TRefObjectWeakFunc@URRenderDriver2D@SDL_core@ui@modules@UModSys@@@tl@5@@tl@UModSys@@H@tl@UModSys@@@23@@tl@3@@Z 10005c2c f i umodsys_lib_libui:umodsys.mod.ui.SDL_core.obj
 0001:00004c85       ??$t_count@U?$TRefObject@URRenderDriver2D@SDL_core@ui@modules@UModSys@@U?$TRefObjectWeakFunc@URRenderDriver2D@SDL_core@ui@modules@UModSys@@@tl@5@@tl@UModSys@@@SDL_core@ui@modules@UModSys@@YAIABU?$TScatterArray@U?$TRefObject@URRenderDriver2D@SDL_core@ui@modules@UModSys@@U?$TRefObjectWeakFunc@URRenderDriver2D@SDL_core@ui@modules@UModSys@@@tl@5@@tl@UModSys@@HU?$TScalarCompare@H@core@3@U?$TNodeDeleter0@U?$TScatterArrayNode@U?$TRefObject@URRenderDriver2D@SDL_core@ui@modules@UModSys@@U?$TRefObjectWeakFunc@URRenderDriver2D@SDL_core@ui@modules@UModSys@@@tl@5@@tl@UModSys@@H@tl@UModSys@@@23@@tl@3@@Z 10005c85 f i umodsys_lib_libui:umodsys.mod.ui.SDL_core.obj
 0001:00004cd0       ??$t_get@U?$TRefObject@URRenderDriver2D@SDL_core@ui@modules@UModSys@@U?$TRefObjectWeakFunc@URRenderDriver2D@SDL_core@ui@modules@UModSys@@@tl@5@@tl@UModSys@@@SDL_core@ui@modules@UModSys@@YAPAUIRefObject@core@3@ABU?$TScatterArray@U?$TRefObject@URRenderDriver2D@SDL_core@ui@modules@UModSys@@U?$TRefObjectWeakFunc@URRenderDriver2D@SDL_core@ui@modules@UModSys@@@tl@5@@tl@UModSys@@HU?$TScalarCompare@H@core@3@U?$TNodeDeleter0@U?$TScatterArrayNode@U?$TRefObject@URRenderDriver2D@SDL_core@ui@modules@UModSys@@U?$TRefObjectWeakFunc@URRenderDriver2D@SDL_core@ui@modules@UModSys@@@tl@5@@tl@UModSys@@H@tl@UModSys@@@23@@tl@3@I@Z 10005cd0 f i umodsys_lib_libui:umodsys.mod.ui.SDL_core.obj
 0001:00004d2f       ??$ValidateConstruction@UIRefObject@core@UModSys@@URRenderDriver2D@SDL_core@ui@modules@3@@core@UModSys@@YA_NAAU?$TRefObject@UIRefObject@core@UModSys@@U?$TRefObjectFunc@UIRefObject@core@UModSys@@@tl@3@@tl@1@U?$TRefObject@URRenderDriver2D@SDL_core@ui@modules@UModSys@@U?$TRefObjectFunc@URRenderDriver2D@SDL_core@ui@modules@UModSys@@@tl@5@@31@@Z 10005d2f f i umodsys_lib_libui:umodsys.mod.ui.SDL_core.obj
 0001:00004d86       ??$t_add@U?$TRefObject@URRenderDriver2D@SDL_core@ui@modules@UModSys@@U?$TRefObjectWeakFunc@URRenderDriver2D@SDL_core@ui@modules@UModSys@@@tl@5@@tl@UModSys@@URRenderDriver2D@SDL_core@ui@modules@3@@SDL_core@ui@modules@UModSys@@YA_NAAU?$TScatterArray@U?$TRefObject@URRenderDriver2D@SDL_core@ui@modules@UModSys@@U?$TRefObjectWeakFunc@URRenderDriver2D@SDL_core@ui@modules@UModSys@@@tl@5@@tl@UModSys@@HU?$TScalarCompare@H@core@3@U?$TNodeDeleter0@U?$TScatterArrayNode@U?$TRefObject@URRenderDriver2D@SDL_core@ui@modules@UModSys@@U?$TRefObjectWeakFunc@URRenderDriver2D@SDL_core@ui@modules@UModSys@@@tl@5@@tl@UModSys@@H@tl@UModSys@@@23@@tl@3@PAURRenderDriver2D@0123@@Z 10005d86 f i umodsys_lib_libui:umodsys.mod.ui.SDL_core.obj
 0001:00004de5       ??$ValidateConstruction@UIRefObject@core@UModSys@@URMouseController@SDL_core@ui@modules@3@@core@UModSys@@YA_NAAU?$TRefObject@UIRefObject@core@UModSys@@U?$TRefObjectFunc@UIRefObject@core@UModSys@@@tl@3@@tl@1@U?$TRefObject@URMouseController@SDL_core@ui@modules@UModSys@@U?$TRefObjectFunc@URMouseController@SDL_core@ui@modules@UModSys@@@tl@5@@31@@Z 10005de5 f i umodsys_lib_libui:umodsys.mod.ui.SDL_core.obj
 0001:00004de5       ??$ValidateConstruction@UIRefObject@core@UModSys@@URKeyboardController@SDL_core@ui@modules@3@@core@UModSys@@YA_NAAU?$TRefObject@UIRefObject@core@UModSys@@U?$TRefObjectFunc@UIRefObject@core@UModSys@@@tl@3@@tl@1@U?$TRefObject@URKeyboardController@SDL_core@ui@modules@UModSys@@U?$TRefObjectFunc@URKeyboardController@SDL_core@ui@modules@UModSys@@@tl@5@@31@@Z 10005de5 f i umodsys_lib_libui:umodsys.mod.ui.SDL_core.obj
 0001:00004e23       ??$t_gen_param@URTerminal@SDL_core@ui@modules@UModSys@@URGenerator@2345@@IGenerator@base@UModSys@@IAE_NPAURGenerator@SDL_core@ui@modules@2@AAU?$TRefObject@UIRefObject@core@UModSys@@U?$TRefObjectFunc@UIRefObject@core@UModSys@@@tl@3@@tl@2@PBUSUniquePointerInfo@core@2@ABUSParameters@core@2@@Z 10005e23 f i umodsys_lib_libui:umodsys.mod.ui.SDL_core.obj
 0001:00004eb5       ??$genx_node@UCmp@?$TScatterArray@U?$TRefObjectCompositeExtra@UIMouseClient@libui@UModSys@@HUIRefObject@core@3@U?$TRefObjectFunc@UIRefObject@core@UModSys@@@tl@3@@tl@UModSys@@HU?$TScalarCompare@H@core@3@U?$TNodeDeleter0@U?$TScatterArrayNode@U?$TRefObjectCompositeExtra@UIMouseClient@libui@UModSys@@HUIRefObject@core@3@U?$TRefObjectFunc@UIRefObject@core@UModSys@@@tl@3@@tl@UModSys@@H@tl@UModSys@@@23@@tl@UModSys@@UGen0@234@@?$TTreeHoldRBD@U?$TScatterArrayNode@U?$TRefObjectCompositeExtra@UIMouseClient@libui@UModSys@@HUIRefObject@core@3@U?$TRefObjectFunc@UIRefObject@core@UModSys@@@tl@3@@tl@UModSys@@H@tl@UModSys@@U?$TNodeDeleter0@U?$TScatterArrayNode@U?$TRefObjectCompositeExtra@UIMouseClient@libui@UModSys@@HUIRefObject@core@3@U?$TRefObjectFunc@UIRefObject@core@UModSys@@@tl@3@@tl@UModSys@@H@tl@UModSys@@@23@@tl@UModSys@@QAEPAU?$TScatterArrayNode@U?$TRefObjectCompositeExtra@UIMouseClient@libui@UModSys@@HUIRefObject@core@3@U?$TRefObjectFunc@UIRefObject@core@UModSys@@@tl@3@@tl@UModSys@@H@12@UCmp@?$TScatterArray@U?$TRefObjectCompositeExtra@UIMouseClient@libui@UModSys@@HUIRefObject@core@3@U?$TRefObjectFunc@UIRefObject@core@UModSys@@@tl@3@@tl@UModSys@@HU?$TScalarCompare@H@core@3@U?$TNodeDeleter0@U?$TScatterArrayNode@U?$TRefObjectCompositeExtra@UIMouseClient@libui@UModSys@@HUIRefObject@core@3@U?$TRefObjectFunc@UIRefObject@core@UModSys@@@tl@3@@tl@UModSys@@H@tl@UModSys@@@23@@12@ABUGen0@512@PAPAU312@2_N@Z 10005eb5 f i umodsys_lib_libui:umodsys.mod.ui.SDL_core.obj
 0001:00004f43       ??$genx_node@UCmp@?$TScatterArray@U?$TRefObjectComposite@UIKeyboardClient@libui@UModSys@@UIRefObject@core@3@U?$TRefObjectFunc@UIRefObject@core@UModSys@@@tl@3@@tl@UModSys@@HU?$TScalarCompare@H@core@3@U?$TNodeDeleter0@U?$TScatterArrayNode@U?$TRefObjectComposite@UIKeyboardClient@libui@UModSys@@UIRefObject@core@3@U?$TRefObjectFunc@UIRefObject@core@UModSys@@@tl@3@@tl@UModSys@@H@tl@UModSys@@@23@@tl@UModSys@@UGen0@234@@?$TTreeHoldRBD@U?$TScatterArrayNode@U?$TRefObjectComposite@UIKeyboardClient@libui@UModSys@@UIRefObject@core@3@U?$TRefObjectFunc@UIRefObject@core@UModSys@@@tl@3@@tl@UModSys@@H@tl@UModSys@@U?$TNodeDeleter0@U?$TScatterArrayNode@U?$TRefObjectComposite@UIKeyboardClient@libui@UModSys@@UIRefObject@core@3@U?$TRefObjectFunc@UIRefObject@core@UModSys@@@tl@3@@tl@UModSys@@H@tl@UModSys@@@23@@tl@UModSys@@QAEPAU?$TScatterArrayNode@U?$TRefObjectComposite@UIKeyboardClient@libui@UModSys@@UIRefObject@core@3@U?$TRefObjectFunc@UIRefObject@core@UModSys@@@tl@3@@tl@UModSys@@H@12@UCmp@?$TScatterArray@U?$TRefObjectComposite@UIKeyboardClient@libui@UModSys@@UIRefObject@core@3@U?$TRefObjectFunc@UIRefObject@core@UModSys@@@tl@3@@tl@UModSys@@HU?$TScalarCompare@H@core@3@U?$TNodeDeleter0@U?$TScatterArrayNode@U?$TRefObjectComposite@UIKeyboardClient@libui@UModSys@@UIRefObject@core@3@U?$TRefObjectFunc@UIRefObject@core@UModSys@@@tl@3@@tl@UModSys@@H@tl@UModSys@@@23@@12@ABUGen0@512@PAPAU312@2_N@Z 10005f43 f i umodsys_lib_libui:umodsys.mod.ui.SDL_core.obj
 0001:00004fd1       ??E?$TTreeIterRB@$$CBU?$TScatterArrayNode@U?$TRefObject@URRenderDriver2D@SDL_core@ui@modules@UModSys@@U?$TRefObjectWeakFunc@URRenderDriver2D@SDL_core@ui@modules@UModSys@@@tl@5@@tl@UModSys@@H@tl@UModSys@@$$CBU?$TPair@HU?$TRefObject@URRenderDriver2D@SDL_core@ui@modules@UModSys@@U?$TRefObjectWeakFunc@URRenderDriver2D@SDL_core@ui@modules@UModSys@@@tl@5@@tl@UModSys@@@23@@tl@UModSys@@QAE?AU012@XZ 10005fd1 f i umodsys_lib_libui:umodsys.mod.ui.SDL_core.obj
 0001:00004ffb       ??0?$TScatterArrayNode@U?$TRefObjectCompositeExtra@UIMouseClient@libui@UModSys@@HUIRefObject@core@3@U?$TRefObjectFunc@UIRefObject@core@UModSys@@@tl@3@@tl@UModSys@@H@tl@UModSys@@QAE@ABH@Z 10005ffb f i umodsys_lib_libui:umodsys.mod.ui.SDL_core.obj
 0001:00005051       ??0?$TScatterArrayNode@U?$TRefObjectComposite@UIKeyboardClient@libui@UModSys@@UIRefObject@core@3@U?$TRefObjectFunc@UIRefObject@core@UModSys@@@tl@3@@tl@UModSys@@H@tl@UModSys@@QAE@ABH@Z 10006051 f i umodsys_lib_libui:umodsys.mod.ui.SDL_core.obj
 0001:000050a0       ??$process_nodes_r@U?$TNodeDeleter0@U?$TScatterArrayNode@UGlyph@RMultiImage2D_SDL_ttf@SDL_core@ui@modules@UModSys@@H@tl@UModSys@@@tl@UModSys@@@?$TTreeHoldRB@U?$TScatterArrayNode@UGlyph@RMultiImage2D_SDL_ttf@SDL_core@ui@modules@UModSys@@H@tl@UModSys@@@tl@UModSys@@KAHPAU?$TScatterArrayNode@UGlyph@RMultiImage2D_SDL_ttf@SDL_core@ui@modules@UModSys@@H@12@ABU?$TNodeDeleter0@U?$TScatterArrayNode@UGlyph@RMultiImage2D_SDL_ttf@SDL_core@ui@modules@UModSys@@H@tl@UModSys@@@12@@Z 100060a0 f i umodsys_lib_libui:umodsys.mod.ui.SDL_core.obj
 0001:000050f3       ??$process_nodes_r@U?$TNodeDeleter0@U?$TScatterArrayNode@U?$TRefObjectComposite@UIKeyboardClient@libui@UModSys@@UIRefObject@core@3@U?$TRefObjectFunc@UIRefObject@core@UModSys@@@tl@3@@tl@UModSys@@H@tl@UModSys@@@tl@UModSys@@@?$TTreeHoldRB@U?$TScatterArrayNode@U?$TRefObjectComposite@UIKeyboardClient@libui@UModSys@@UIRefObject@core@3@U?$TRefObjectFunc@UIRefObject@core@UModSys@@@tl@3@@tl@UModSys@@H@tl@UModSys@@@tl@UModSys@@KAHPAU?$TScatterArrayNode@U?$TRefObjectComposite@UIKeyboardClient@libui@UModSys@@UIRefObject@core@3@U?$TRefObjectFunc@UIRefObject@core@UModSys@@@tl@3@@tl@UModSys@@H@12@ABU?$TNodeDeleter0@U?$TScatterArrayNode@U?$TRefObjectComposite@UIKeyboardClient@libui@UModSys@@UIRefObject@core@3@U?$TRefObjectFunc@UIRefObject@core@UModSys@@@tl@3@@tl@UModSys@@H@tl@UModSys@@@12@@Z 100060f3 f i umodsys_lib_libui:umodsys.mod.ui.SDL_core.obj
 0001:000050f3       ??$process_nodes_r@U?$TNodeDeleter0@U?$TScatterArrayNode@U?$TRefObjectCompositeExtra@UIMouseClient@libui@UModSys@@HUIRefObject@core@3@U?$TRefObjectFunc@UIRefObject@core@UModSys@@@tl@3@@tl@UModSys@@H@tl@UModSys@@@tl@UModSys@@@?$TTreeHoldRB@U?$TScatterArrayNode@U?$TRefObjectCompositeExtra@UIMouseClient@libui@UModSys@@HUIRefObject@core@3@U?$TRefObjectFunc@UIRefObject@core@UModSys@@@tl@3@@tl@UModSys@@H@tl@UModSys@@@tl@UModSys@@KAHPAU?$TScatterArrayNode@U?$TRefObjectCompositeExtra@UIMouseClient@libui@UModSys@@HUIRefObject@core@3@U?$TRefObjectFunc@UIRefObject@core@UModSys@@@tl@3@@tl@UModSys@@H@12@ABU?$TNodeDeleter0@U?$TScatterArrayNode@U?$TRefObjectCompositeExtra@UIMouseClient@libui@UModSys@@HUIRefObject@core@3@U?$TRefObjectFunc@UIRefObject@core@UModSys@@@tl@3@@tl@UModSys@@H@tl@UModSys@@@12@@Z 100060f3 f i umodsys_lib_libui:umodsys.mod.ui.SDL_core.obj
 0001:0000513d       ??$process_nodes_r@U?$TNodeDeleter0@U?$TScatterArrayNode@U?$TRefObject@URRenderDriver2D@SDL_core@ui@modules@UModSys@@U?$TRefObjectWeakFunc@URRenderDriver2D@SDL_core@ui@modules@UModSys@@@tl@5@@tl@UModSys@@H@tl@UModSys@@@tl@UModSys@@@?$TTreeHoldRB@U?$TScatterArrayNode@U?$TRefObject@URRenderDriver2D@SDL_core@ui@modules@UModSys@@U?$TRefObjectWeakFunc@URRenderDriver2D@SDL_core@ui@modules@UModSys@@@tl@5@@tl@UModSys@@H@tl@UModSys@@@tl@UModSys@@KAHPAU?$TScatterArrayNode@U?$TRefObject@URRenderDriver2D@SDL_core@ui@modules@UModSys@@U?$TRefObjectWeakFunc@URRenderDriver2D@SDL_core@ui@modules@UModSys@@@tl@5@@tl@UModSys@@H@12@ABU?$TNodeDeleter0@U?$TScatterArrayNode@U?$TRefObject@URRenderDriver2D@SDL_core@ui@modules@UModSys@@U?$TRefObjectWeakFunc@URRenderDriver2D@SDL_core@ui@modules@UModSys@@@tl@5@@tl@UModSys@@H@tl@UModSys@@@12@@Z 1000613d f i umodsys_lib_libui:umodsys.mod.ui.SDL_core.obj
 0001:00005186       ??$genx_node@UCmp@?$TScatterArray@U?$TRefObject@URRenderDriver2D@SDL_core@ui@modules@UModSys@@U?$TRefObjectWeakFunc@URRenderDriver2D@SDL_core@ui@modules@UModSys@@@tl@5@@tl@UModSys@@HU?$TScalarCompare@H@core@3@U?$TNodeDeleter0@U?$TScatterArrayNode@U?$TRefObject@URRenderDriver2D@SDL_core@ui@modules@UModSys@@U?$TRefObjectWeakFunc@URRenderDriver2D@SDL_core@ui@modules@UModSys@@@tl@5@@tl@UModSys@@H@tl@UModSys@@@23@@tl@UModSys@@UGen0@234@@?$TTreeHoldRBD@U?$TScatterArrayNode@U?$TRefObject@URRenderDriver2D@SDL_core@ui@modules@UModSys@@U?$TRefObjectWeakFunc@URRenderDriver2D@SDL_core@ui@modules@UModSys@@@tl@5@@tl@UModSys@@H@tl@UModSys@@U?$TNodeDeleter0@U?$TScatterArrayNode@U?$TRefObject@URRenderDriver2D@SDL_core@ui@modules@UModSys@@U?$TRefObjectWeakFunc@URRenderDriver2D@SDL_core@ui@modules@UModSys@@@tl@5@@tl@UModSys@@H@tl@UModSys@@@23@@tl@UModSys@@QAEPAU?$TScatterArrayNode@U?$TRefObject@URRenderDriver2D@SDL_core@ui@modules@UModSys@@U?$TRefObjectWeakFunc@URRenderDriver2D@SDL_core@ui@modules@UModSys@@@tl@5@@tl@UModSys@@H@12@UCmp@?$TScatterArray@U?$TRefObject@URRenderDriver2D@SDL_core@ui@modules@UModSys@@U?$TRefObjectWeakFunc@URRenderDriver2D@SDL_core@ui@modules@UModSys@@@tl@5@@tl@UModSys@@HU?$TScalarCompare@H@core@3@U?$TNodeDeleter0@U?$TScatterArrayNode@U?$TRefObject@URRenderDriver2D@SDL_core@ui@modules@UModSys@@U?$TRefObjectWeakFunc@URRenderDriver2D@SDL_core@ui@modules@UModSys@@@tl@5@@tl@UModSys@@H@tl@UModSys@@@23@@12@ABUGen0@512@PAPAU312@2_N@Z 10006186 f i umodsys_lib_libui:umodsys.mod.ui.SDL_core.obj
 0001:00005215       ?sub_insert_node@?$TTreeHoldRB@U?$TScatterArrayNode@U?$TVector2@M@math3d@UModSys@@H@tl@UModSys@@@tl@UModSys@@QAEXPAU?$TScatterArrayNode@U?$TVector2@M@math3d@UModSys@@H@23@0H@Z 10006215 f i umodsys_lib_libui:umodsys.mod.ui.frames.obj
 0001:00005215       ?sub_insert_node@?$TTreeHoldRB@U?$TScatterArrayNode@U?$TVector4@M@math3d@UModSys@@H@tl@UModSys@@@tl@UModSys@@QAEXPAU?$TScatterArrayNode@U?$TVector4@M@math3d@UModSys@@H@23@0H@Z 10006215 f i umodsys_lib_libui:umodsys.mod.ui.frames.obj
 0001:00005215       ?sub_insert_node@?$TTreeHoldRB@U?$TScatterArrayNode@U?$TRefObject@URRenderDriver2D@SDL_core@ui@modules@UModSys@@U?$TRefObjectWeakFunc@URRenderDriver2D@SDL_core@ui@modules@UModSys@@@tl@5@@tl@UModSys@@H@tl@UModSys@@@tl@UModSys@@QAEXPAU?$TScatterArrayNode@U?$TRefObject@URRenderDriver2D@SDL_core@ui@modules@UModSys@@U?$TRefObjectWeakFunc@URRenderDriver2D@SDL_core@ui@modules@UModSys@@@tl@5@@tl@UModSys@@H@23@0H@Z 10006215 f i umodsys_lib_libui:umodsys.mod.ui.SDL_core.obj
 0001:00005215       ?sub_insert_node@?$TTreeHoldRB@U?$TScatterArrayNode@HH@tl@UModSys@@@tl@UModSys@@QAEXPAU?$TScatterArrayNode@HH@23@0H@Z 10006215 f i umodsys_lib_libui:umodsys.mod.ui.frames.obj
 0001:00005215       ?sub_insert_node@?$TTreeHoldRB@U?$TScatterArrayNode@U?$TRefObjectCompositeExtra@UIMouseClient@libui@UModSys@@HUIRefObject@core@3@U?$TRefObjectFunc@UIRefObject@core@UModSys@@@tl@3@@tl@UModSys@@H@tl@UModSys@@@tl@UModSys@@QAEXPAU?$TScatterArrayNode@U?$TRefObjectCompositeExtra@UIMouseClient@libui@UModSys@@HUIRefObject@core@3@U?$TRefObjectFunc@UIRefObject@core@UModSys@@@tl@3@@tl@UModSys@@H@23@0H@Z 10006215 f i umodsys_lib_libui:umodsys.mod.ui.SDL_core.obj
 0001:00005215       ?sub_insert_node@?$TTreeHoldRB@U?$TScatterArrayNode@UGlyph@RMultiImage2D_SDL_ttf@SDL_core@ui@modules@UModSys@@H@tl@UModSys@@@tl@UModSys@@QAEXPAU?$TScatterArrayNode@UGlyph@RMultiImage2D_SDL_ttf@SDL_core@ui@modules@UModSys@@H@23@0H@Z 10006215 f i umodsys_lib_libui:umodsys.mod.ui.SDL_core.obj
 0001:00005215       ?sub_insert_node@?$TTreeHoldRB@U?$TScatterArrayNode@U?$TRefObjectComposite@UIKeyboardClient@libui@UModSys@@UIRefObject@core@3@U?$TRefObjectFunc@UIRefObject@core@UModSys@@@tl@3@@tl@UModSys@@H@tl@UModSys@@@tl@UModSys@@QAEXPAU?$TScatterArrayNode@U?$TRefObjectComposite@UIKeyboardClient@libui@UModSys@@UIRefObject@core@3@U?$TRefObjectFunc@UIRefObject@core@UModSys@@@tl@3@@tl@UModSys@@H@23@0H@Z 10006215 f i umodsys_lib_libui:umodsys.mod.ui.SDL_core.obj
 0001:00005263       ??0?$TScatterArrayNode@U?$TRefObject@URRenderDriver2D@SDL_core@ui@modules@UModSys@@U?$TRefObjectWeakFunc@URRenderDriver2D@SDL_core@ui@modules@UModSys@@@tl@5@@tl@UModSys@@H@tl@UModSys@@QAE@ABH@Z 10006263 f i umodsys_lib_libui:umodsys.mod.ui.SDL_core.obj
 0001:000052aa       ?insert_color@?$TTreeHoldRB@U?$TScatterArrayNode@U?$TVector4@M@math3d@UModSys@@H@tl@UModSys@@@tl@UModSys@@IAEXPAU?$TScatterArrayNode@U?$TVector4@M@math3d@UModSys@@H@23@@Z 100062aa f i umodsys_lib_libui:umodsys.mod.ui.frames.obj
[...]
 0001:0000d909       ??__E?s_id@?$TObjectUniqueID@URImage_Memory@stdlib@lib2d@modules@UModSys@@@tl@UModSys@@2USUniquePointer@core@3@A@@YAXXZ 1000e909 f    CIL library: CIL module
 0001:0000d92b       ??__E?s_id@?$TObjectUniqueID@URGenerator@stdlib@lib2d@modules@UModSys@@@tl@UModSys@@2USUniquePointer@core@3@A@@YAXXZ 1000e92b f    CIL library: CIL module
 0001:0000d94d       ??__E?s_modreg@RModuleReg@SDL_core@ui@modules@UModSys@@2U12345@A@@YAXXZ 1000e94d f    CIL library: CIL module
 0001:0000d97d       ??__E?s_modreg_chain@RModuleReg@SDL_core@ui@modules@UModSys@@2USModuleRegChain@base@5@A@@YAXXZ 1000e97d f    CIL library: CIL module
 0001:0000d998       ??__E?s_uid@RGenerator@SDL_core@ui@modules@UModSys@@2USUniquePointer@core@5@A@@YAXXZ 1000e998 f    CIL library: CIL module
 0001:0000d9ba       ??__E?s_id@?$TObjectUniqueID@URMultiImage2D_SDL_ttf@SDL_core@ui@modules@UModSys@@@tl@UModSys@@2USUniquePointer@core@3@A@@YAXXZ 1000e9ba f    CIL library: CIL module
 0001:0000d9dc       ??__E?s_id@?$TObjectUniqueID@URRenderDriver2D@SDL_core@ui@modules@UModSys@@@tl@UModSys@@2USUniquePointer@core@3@A@@YAXXZ 1000e9dc f    CIL library: CIL module
 0001:0000d9fe       ??__E?s_id@?$TObjectUniqueID@URMouseController@SDL_core@ui@modules@UModSys@@@tl@UModSys@@2USUniquePointer@core@3@A@@YAXXZ 1000e9fe f    CIL library: CIL module
 0001:0000da20       ??__E?s_id@?$TObjectUniqueID@URKeyboardController@SDL_core@ui@modules@UModSys@@@tl@UModSys@@2USUniquePointer@core@3@A@@YAXXZ 1000ea20 f    CIL library: CIL module
 0001:0000da42       ??__E?s_id@?$TObjectUniqueID@URTerminal@SDL_core@ui@modules@UModSys@@@tl@UModSys@@2USUniquePointer@core@3@A@@YAXXZ 1000ea42 f    CIL library: CIL module
 0001:0000da64       ??__E?s_id@?$TObjectUniqueID@URGenerator@SDL_core@ui@modules@UModSys@@@tl@UModSys@@2USUniquePointer@core@3@A@@YAXXZ 1000ea64 f    CIL library: CIL module
 0001:0000da86       ??__E?s_modreg@RModuleReg@frames@ui@modules@UModSys@@2U12345@A@@YAXXZ 1000ea86 f    CIL library: CIL module
 0001:0000dab6       ??__E?s_modreg_chain@RModuleReg@frames@ui@modules@UModSys@@2USModuleRegChain@base@5@A@@YAXXZ 1000eab6 f    CIL library: CIL module
 0001:0000dad1       ??__E?s_uid@RGenerator@frames@ui@modules@UModSys@@2USUniquePointer@core@5@A@@YAXXZ 1000ead1 f    CIL library: CIL module
 0001:0000daf3       ??__E?s_id@?$TObjectUniqueID@URFrame_Common@frames@ui@modules@UModSys@@@tl@UModSys@@2USUniquePointer@core@3@A@@YAXXZ 1000eaf3 f    CIL library: CIL module
 0001:0000db15       ??__E?s_id@?$TObjectUniqueID@URDialog@frames@ui@modules@UModSys@@@tl@UModSys@@2USUniquePointer@core@3@A@@YAXXZ 1000eb15 f    CIL library: CIL module
 0001:0000db37       ??__E?s_id@?$TObjectUniqueID@URFrame_Frame@frames@ui@modules@UModSys@@@tl@UModSys@@2USUniquePointer@core@3@A@@YAXXZ 1000eb37 f    CIL library: CIL module
 0001:0000db59       ??__E?s_id@?$TObjectUniqueID@URFrame_Image@frames@ui@modules@UModSys@@@tl@UModSys@@2USUniquePointer@core@3@A@@YAXXZ 1000eb59 f    CIL library: CIL module
 0001:0000db7b       ??__E?s_id@?$TObjectUniqueID@URFrame_Text@frames@ui@modules@UModSys@@@tl@UModSys@@2USUniquePointer@core@3@A@@YAXXZ 1000eb7b f    CIL library: CIL module
 0001:0000db9d       ??__E?s_id@?$TObjectUniqueID@URFrame_Button@frames@ui@modules@UModSys@@@tl@UModSys@@2USUniquePointer@core@3@A@@YAXXZ 1000eb9d f    CIL library: CIL module
 0001:0000dbbf       ??__E?s_id@?$TObjectUniqueID@URFrame_Edit@frames@ui@modules@UModSys@@@tl@UModSys@@2USUniquePointer@core@3@A@@YAXXZ 1000ebbf f    CIL library: CIL module
 0001:0000dbe1       ??__E?s_id@?$TObjectUniqueID@URFrame_List@frames@ui@modules@UModSys@@@tl@UModSys@@2USUniquePointer@core@3@A@@YAXXZ 1000ebe1 f    CIL library: CIL module
 0001:0000dc03       ??__E?s_id@?$TObjectUniqueID@URCollector@frames@ui@modules@UModSys@@@tl@UModSys@@2USUniquePointer@core@3@A@@YAXXZ 1000ec03 f    CIL library: CIL module
 0001:0000dc25       ??__E?s_id@?$TObjectUniqueID@URGenerator@frames@ui@modules@UModSys@@@tl@UModSys@@2USUniquePointer@core@3@A@@YAXXZ 1000ec25 f    CIL library: CIL module
 0001:0000dc47       ??__E?s_modreg@RModuleReg@images_std@media@modules@UModSys@@2U12345@A@@YAXXZ 1000ec47 f    CIL library: CIL module
 0001:0000dc77       ??__E?s_modreg_chain@RModuleReg@images_std@media@modules@UModSys@@2USModuleRegChain@base@5@A@@YAXXZ 1000ec77 f    CIL library: CIL module
 0001:0000dc92       ??__E?s_uid@RGenerator@images_std@media@modules@UModSys@@2USUniquePointer@core@5@A@@YAXXZ 1000ec92 f    CIL library: CIL module
 0001:0000dcb4       ??__E?s_id@?$TObjectUniqueID@URMediaFilter@images_std@media@modules@UModSys@@@tl@UModSys@@2USUniquePointer@core@3@A@@YAXXZ 1000ecb4 f    CIL library: CIL module
 0001:0000dcd6       ??__E?s_id@?$TObjectUniqueID@URGenerator@images_std@media@modules@UModSys@@@tl@UModSys@@2USUniquePointer@core@3@A@@YAXXZ 1000ecd6 f    CIL library: CIL module
 0001:0000dcf8       ??__EM@UModSys@@YAXXZ      1000ecf8 f    CIL library: CIL module
 0001:0000dd04       ??__E?root@SModuleRegChain@base@UModSys@@2U123@A@@YAXXZ 1000ed04 f    CIL library: CIL module
 0001:0000dd10       ??__E?s_library@RModuleLibraryReg_Chain@base@UModSys@@2U123@A@@YAXXZ 1000ed10 f    CIL library: CIL module
 0001:0000dd1c       ??__E?root@SUniquePointer@core@UModSys@@2U123@A@@YAXXZ 1000ed1c f    CIL library: CIL module
 0001:0000dd28       ??__F?s_modreg@RModuleReg@test1@test@modules@UModSys@@2U12345@A@@YAXXZ 1000ed28 f    CIL library: CIL module
 0001:0000dd33       ??__F?s_modreg_chain@RModuleReg@test1@test@modules@UModSys@@2USModuleRegChain@base@5@A@@YAXXZ 1000ed33 f    CIL library: CIL module
 0001:0000dd3d       ??__F?s_uid@RGenerator@test1@test@modules@UModSys@@2USUniquePointer@core@5@A@@YAXXZ 1000ed3d f    CIL library: CIL module
 0001:0000dd47       ??__Fh@?1??s_holder@RGenerator@test1@test@modules@UModSys@@SAAAU?$TTypeStaticHolder@URGenerator@test1@test@modules@UModSys@@@tl@5@XZ@YAXXZ 1000ed47 f    CIL library: CIL module
 0001:0000dd64       ??__F?s_id@?$TObjectUniqueID@URGenerator@test1@test@modules@UModSys@@@tl@UModSys@@2USUniquePointer@core@3@A@@YAXXZ 1000ed64 f    CIL library: CIL module
 0001:0000dd6e       ??__F?s_id@?$TObjectUniqueID@URTest1_Shell@test1@test@modules@UModSys@@@tl@UModSys@@2USUniquePointer@core@3@A@@YAXXZ 1000ed6e f    CIL library: CIL module
 0001:0000dd78       ??__F?s_id@?$TObjectUniqueID@URLines_Filter@test1@test@modules@UModSys@@@tl@UModSys@@2USUniquePointer@core@3@A@@YAXXZ 1000ed78 f    CIL library: CIL module
 0001:0000dd82       ??__F?s_id@?$TObjectUniqueID@URLines@test1@test@modules@UModSys@@@tl@UModSys@@2USUniquePointer@core@3@A@@YAXXZ 1000ed82 f    CIL library: CIL module
 0001:0000dd8c       ??__F?s_id@?$TObjectUniqueID@UILines@test1@test@modules@UModSys@@@tl@UModSys@@2USUniquePointer@core@3@A@@YAXXZ 1000ed8c f    CIL library: CIL module
 0001:0000dd96       ??__F?s_id@?$TObjectUniqueID@UIRenderDriver@lib2d@UModSys@@@tl@UModSys@@2USUniquePointer@core@3@A@@YAXXZ 1000ed96 f    CIL library: CIL module
 0001:0000dda0       ??__F?s_id@?$TObjectUniqueID@UIMultiImage@lib2d@UModSys@@@tl@UModSys@@2USUniquePointer@core@3@A@@YAXXZ 1000eda0 f    CIL library: CIL module
 0001:0000ddaa       ??__F?s_id@?$TObjectUniqueID@UIImage@lib2d@UModSys@@@tl@UModSys@@2USUniquePointer@core@3@A@@YAXXZ 1000edaa f    CIL library: CIL module
 0001:0000ddb4       ??__F?s_id@?$TObjectUniqueID@UIDialog@libui@UModSys@@@tl@UModSys@@2USUniquePointer@core@3@A@@YAXXZ 1000edb4 f    CIL library: CIL module
 0001:0000ddbe       ??__F?s_id@?$TObjectUniqueID@UIFrame@libui@UModSys@@@tl@UModSys@@2USUniquePointer@core@3@A@@YAXXZ 1000edbe f    CIL library: CIL module
 0001:0000ddc8       ??__F?s_id@?$TObjectUniqueID@UIAsyncCollector@libui@UModSys@@@tl@UModSys@@2USUniquePointer@core@3@A@@YAXXZ 1000edc8 f    CIL library: CIL module
 0001:0000ddd2       ??__F?s_id@?$TObjectUniqueID@UIAsyncController@libui@UModSys@@@tl@UModSys@@2USUniquePointer@core@3@A@@YAXXZ 1000edd2 f    CIL library: CIL module
 0001:0000dddc       ??__F?s_id@?$TObjectUniqueID@UICollector@libui@UModSys@@@tl@UModSys@@2USUniquePointer@core@3@A@@YAXXZ 1000eddc f    CIL library: CIL module
 0001:0000dde6       ??__F?s_id@?$TObjectUniqueID@UIConsoleHelperInput_UIKey@libui@UModSys@@@tl@UModSys@@2USUniquePointer@core@3@A@@YAXXZ 1000ede6 f    CIL library: CIL module
 0001:0000ddf0       ??__F?s_id@?$TObjectUniqueID@UITerminal@libui@UModSys@@@tl@UModSys@@2USUniquePointer@core@3@A@@YAXXZ 1000edf0 f    CIL library: CIL module
 0001:0000ddfa       ??__F?s_id@?$TObjectUniqueID@UIJoystickController@libui@UModSys@@@tl@UModSys@@2USUniquePointer@core@3@A@@YAXXZ 1000edfa f    CIL library: CIL module
 0001:0000de04       ??__F?s_id@?$TObjectUniqueID@UIMouseController@libui@UModSys@@@tl@UModSys@@2USUniquePointer@core@3@A@@YAXXZ 1000ee04 f    CIL library: CIL module
 0001:0000de0e       ??__F?s_id@?$TObjectUniqueID@UIKeyboardController@libui@UModSys@@@tl@UModSys@@2USUniquePointer@core@3@A@@YAXXZ 1000ee0e f    CIL library: CIL module
 0001:0000de18       ??__F?s_id@?$TObjectUniqueID@UIConsoleHelperOutputFCS@base@UModSys@@@tl@UModSys@@2USUniquePointer@core@3@A@@YAXXZ 1000ee18 f    CIL library: CIL module
 0001:0000de22       ??__F?s_id@?$TObjectUniqueID@UIConsoleHelperOutput@base@UModSys@@@tl@UModSys@@2USUniquePointer@core@3@A@@YAXXZ 1000ee22 f    CIL library: CIL module
 0001:0000de2c       ??__F?s_id@?$TObjectUniqueID@UIConsoleHelperInput@base@UModSys@@@tl@UModSys@@2USUniquePointer@core@3@A@@YAXXZ 1000ee2c f    CIL library: CIL module
 0001:0000de36       ??__F?s_id@?$TObjectUniqueID@UIConsoleHelperHistory@base@UModSys@@@tl@UModSys@@2USUniquePointer@core@3@A@@YAXXZ 1000ee36 f    CIL library: CIL module
 0001:0000de40       ??__F?s_id@?$TObjectUniqueID@UIConsoleHelper@base@UModSys@@@tl@UModSys@@2USUniquePointer@core@3@A@@YAXXZ 1000ee40 f    CIL library: CIL module
 0001:0000de4a       ??__F?s_id@?$TObjectUniqueID@UIConsoleExt@base@UModSys@@@tl@UModSys@@2USUniquePointer@core@3@A@@YAXXZ 1000ee4a f    CIL library: CIL module
 0001:0000de54       ??__F?s_id@?$TObjectUniqueID@UILibraryLayered@libmedia@UModSys@@@tl@UModSys@@2USUniquePointer@core@3@A@@YAXXZ 1000ee54 f    CIL library: CIL module
 0001:0000de5e       ??__F?s_id@?$TObjectUniqueID@UILibraryObjCache@libmedia@UModSys@@@tl@UModSys@@2USUniquePointer@core@3@A@@YAXXZ 1000ee5e f    CIL library: CIL module
 0001:0000de68       ??__F?s_id@?$TObjectUniqueID@UILibraryObjFilter@libmedia@UModSys@@@tl@UModSys@@2USUniquePointer@core@3@A@@YAXXZ 1000ee68 f    CIL library: CIL module
 0001:0000de72       ??__F?s_id@?$TObjectUniqueID@UILibraryBinCache@libmedia@UModSys@@@tl@UModSys@@2USUniquePointer@core@3@A@@YAXXZ 1000ee72 f    CIL library: CIL module
 0001:0000de7c       ??__F?s_id@?$TObjectUniqueID@UILibraryBinTree@libmedia@UModSys@@@tl@UModSys@@2USUniquePointer@core@3@A@@YAXXZ 1000ee7c f    CIL library: CIL module
 0001:0000de86       ??__F?s_id@?$TObjectUniqueID@UILibrary@libmedia@UModSys@@@tl@UModSys@@2USUniquePointer@core@3@A@@YAXXZ 1000ee86 f    CIL library: CIL module
 0001:0000de90       ??__F?s_id@?$TObjectUniqueID@UIBinObjFilter@libmedia@UModSys@@@tl@UModSys@@2USUniquePointer@core@3@A@@YAXXZ 1000ee90 f    CIL library: CIL module
 0001:0000de9a       ??__F?s_id@?$TObjectUniqueID@UIBinArchive@libmedia@UModSys@@@tl@UModSys@@2USUniquePointer@core@3@A@@YAXXZ 1000ee9a f    CIL library: CIL module
 0001:0000dea4       ??__F?s_id@?$TObjectUniqueID@UIStreamWriter@libmedia@UModSys@@@tl@UModSys@@2USUniquePointer@core@3@A@@YAXXZ 1000eea4 f    CIL library: CIL module
 0001:0000deae       ??__F?s_id@?$TObjectUniqueID@UIStreamReader@libmedia@UModSys@@@tl@UModSys@@2USUniquePointer@core@3@A@@YAXXZ 1000eeae f    CIL library: CIL module
 0001:0000deb8       ??__F?s_id@?$TObjectUniqueID@UISystem@base@UModSys@@@tl@UModSys@@2USUniquePointer@core@3@A@@YAXXZ 1000eeb8 f    CIL library: CIL module
 0001:0000dec2       ??__F?s_id@?$TObjectUniqueID@UIConsole@base@UModSys@@@tl@UModSys@@2USUniquePointer@core@3@A@@YAXXZ 1000eec2 f    CIL library: CIL module
 0001:0000decc       ??__F?s_id@?$TObjectUniqueID@UIShell@base@UModSys@@@tl@UModSys@@2USUniquePointer@core@3@A@@YAXXZ 1000eecc f    CIL library: CIL module
 0001:0000ded6       ??__F?s_id@?$TObjectUniqueID@UIGenerator@base@UModSys@@@tl@UModSys@@2USUniquePointer@core@3@A@@YAXXZ 1000eed6 f    CIL library: CIL module
 0001:0000dee0       ??__F?s_id@?$TObjectUniqueID@UIModObject@base@UModSys@@@tl@UModSys@@2USUniquePointer@core@3@A@@YAXXZ 1000eee0 f    CIL library: CIL module
 0001:0000deea       ??__F?s_id@?$TObjectUniqueID@UIModuleLibrary@base@UModSys@@@tl@UModSys@@2USUniquePointer@core@3@A@@YAXXZ 1000eeea f    CIL library: CIL module
 0001:0000def4       ??__F?s_id@?$TObjectUniqueID@UIModule@base@UModSys@@@tl@UModSys@@2USUniquePointer@core@3@A@@YAXXZ 1000eef4 f    CIL library: CIL module
 0001:0000defe       ??__F?s_id@?$TObjectUniqueID@UIParameters@core@UModSys@@@tl@UModSys@@2USUniquePointer@core@3@A@@YAXXZ 1000eefe f    CIL library: CIL module
 0001:0000df08       ??__F?s_id@?$TObjectUniqueID@UIRefObject@core@UModSys@@@tl@UModSys@@2USUniquePointer@core@3@A@@YAXXZ 1000ef08 f    CIL library: CIL module
 0001:0000df12       ??__F?s_id@?$TObjectUniqueID@UIRoot@core@UModSys@@@tl@UModSys@@2USUniquePointer@core@3@A@@YAXXZ 1000ef12 f    CIL library: CIL module
 0001:0000df1c       ??__F?s_modreg@RModuleReg@stdlib@lib2d@modules@UModSys@@2U12345@A@@YAXXZ 1000ef1c f    CIL library: CIL module
 0001:0000df27       ??__F?s_modreg_chain@RModuleReg@stdlib@lib2d@modules@UModSys@@2USModuleRegChain@base@5@A@@YAXXZ 1000ef27 f    CIL library: CIL module
 0001:0000df31       ??__F?s_uid@RGenerator@stdlib@lib2d@modules@UModSys@@2USUniquePointer@core@5@A@@YAXXZ 1000ef31 f    CIL library: CIL module
 0001:0000df3b       ??__Fh@?1??s_holder@RGenerator@stdlib@lib2d@modules@UModSys@@SAAAU?$TTypeStaticHolder@URGenerator@stdlib@lib2d@modules@UModSys@@@tl@5@XZ@YAXXZ 1000ef3b f    CIL library: CIL module
 0001:0000df58       ??__F?s_id@?$TObjectUniqueID@URGenerator@stdlib@lib2d@modules@UModSys@@@tl@UModSys@@2USUniquePointer@core@3@A@@YAXXZ 1000ef58 f    CIL library: CIL module
 0001:0000df62       ??__F?s_id@?$TObjectUniqueID@URImage_Memory@stdlib@lib2d@modules@UModSys@@@tl@UModSys@@2USUniquePointer@core@3@A@@YAXXZ 1000ef62 f    CIL library: CIL module
 0001:0000df6c       ??__F?s_modreg@RModuleReg@SDL_core@ui@modules@UModSys@@2U12345@A@@YAXXZ 1000ef6c f    CIL library: CIL module
 0001:0000df77       ??__F?s_modreg_chain@RModuleReg@SDL_core@ui@modules@UModSys@@2USModuleRegChain@base@5@A@@YAXXZ 1000ef77 f    CIL library: CIL module
 0001:0000df81       ??__F?s_uid@RGenerator@SDL_core@ui@modules@UModSys@@2USUniquePointer@core@5@A@@YAXXZ 1000ef81 f    CIL library: CIL module
 0001:0000df8b       ??__Fh@?1??s_holder@RGenerator@SDL_core@ui@modules@UModSys@@SAAAU?$TTypeStaticHolder@URGenerator@SDL_core@ui@modules@UModSys@@@tl@5@XZ@YAXXZ 1000ef8b f    CIL library: CIL module
 0001:0000dfa8       ??__F?s_id@?$TObjectUniqueID@URGenerator@SDL_core@ui@modules@UModSys@@@tl@UModSys@@2USUniquePointer@core@3@A@@YAXXZ 1000efa8 f    CIL library: CIL module
 0001:0000dfb2       ??__F?s_id@?$TObjectUniqueID@URTerminal@SDL_core@ui@modules@UModSys@@@tl@UModSys@@2USUniquePointer@core@3@A@@YAXXZ 1000efb2 f    CIL library: CIL module
 0001:0000dfbc       ??__F?s_id@?$TObjectUniqueID@URKeyboardController@SDL_core@ui@modules@UModSys@@@tl@UModSys@@2USUniquePointer@core@3@A@@YAXXZ 1000efbc f    CIL library: CIL module
 0001:0000dfc6       ??__F?s_id@?$TObjectUniqueID@URMouseController@SDL_core@ui@modules@UModSys@@@tl@UModSys@@2USUniquePointer@core@3@A@@YAXXZ 1000efc6 f    CIL library: CIL module
 0001:0000dfd0       ??__F?s_id@?$TObjectUniqueID@URRenderDriver2D@SDL_core@ui@modules@UModSys@@@tl@UModSys@@2USUniquePointer@core@3@A@@YAXXZ 1000efd0 f    CIL library: CIL module
 0001:0000dfda       ??__F?s_id@?$TObjectUniqueID@URMultiImage2D_SDL_ttf@SDL_core@ui@modules@UModSys@@@tl@UModSys@@2USUniquePointer@core@3@A@@YAXXZ 1000efda f    CIL library: CIL module
 0001:0000dfe4       ??__F?s_modreg@RModuleReg@frames@ui@modules@UModSys@@2U12345@A@@YAXXZ 1000efe4 f    CIL library: CIL module
 0001:0000dfef       ??__F?s_modreg_chain@RModuleReg@frames@ui@modules@UModSys@@2USModuleRegChain@base@5@A@@YAXXZ 1000efef f    CIL library: CIL module
 0001:0000dff9       ??__F?s_uid@RGenerator@frames@ui@modules@UModSys@@2USUniquePointer@core@5@A@@YAXXZ 1000eff9 f    CIL library: CIL module
 0001:0000e003       ??__Fh@?1??s_holder@RGenerator@frames@ui@modules@UModSys@@SAAAU?$TTypeStaticHolder@URGenerator@frames@ui@modules@UModSys@@@tl@5@XZ@YAXXZ 1000f003 f    CIL library: CIL module
 0001:0000e020       ??__F?s_id@?$TObjectUniqueID@URGenerator@frames@ui@modules@UModSys@@@tl@UModSys@@2USUniquePointer@core@3@A@@YAXXZ 1000f020 f    CIL library: CIL module
 0001:0000e02a       ??__F?s_id@?$TObjectUniqueID@URCollector@frames@ui@modules@UModSys@@@tl@UModSys@@2USUniquePointer@core@3@A@@YAXXZ 1000f02a f    CIL library: CIL module
 0001:0000e034       ??__F?s_id@?$TObjectUniqueID@URFrame_List@frames@ui@modules@UModSys@@@tl@UModSys@@2USUniquePointer@core@3@A@@YAXXZ 1000f034 f    CIL library: CIL module
 0001:0000e03e       ??__F?s_id@?$TObjectUniqueID@URFrame_Edit@frames@ui@modules@UModSys@@@tl@UModSys@@2USUniquePointer@core@3@A@@YAXXZ 1000f03e f    CIL library: CIL module
 0001:0000e048       ??__F?s_id@?$TObjectUniqueID@URFrame_Button@frames@ui@modules@UModSys@@@tl@UModSys@@2USUniquePointer@core@3@A@@YAXXZ 1000f048 f    CIL library: CIL module
 0001:0000e052       ??__F?s_id@?$TObjectUniqueID@URFrame_Text@frames@ui@modules@UModSys@@@tl@UModSys@@2USUniquePointer@core@3@A@@YAXXZ 1000f052 f    CIL library: CIL module
 0001:0000e05c       ??__F?s_id@?$TObjectUniqueID@URFrame_Image@frames@ui@modules@UModSys@@@tl@UModSys@@2USUniquePointer@core@3@A@@YAXXZ 1000f05c f    CIL library: CIL module
 0001:0000e066       ??__F?s_id@?$TObjectUniqueID@URFrame_Frame@frames@ui@modules@UModSys@@@tl@UModSys@@2USUniquePointer@core@3@A@@YAXXZ 1000f066 f    CIL library: CIL module
 0001:0000e070       ??__F?s_id@?$TObjectUniqueID@URDialog@frames@ui@modules@UModSys@@@tl@UModSys@@2USUniquePointer@core@3@A@@YAXXZ 1000f070 f    CIL library: CIL module
 0001:0000e07a       ??__F?s_id@?$TObjectUniqueID@URFrame_Common@frames@ui@modules@UModSys@@@tl@UModSys@@2USUniquePointer@core@3@A@@YAXXZ 1000f07a f    CIL library: CIL module
 0001:0000e084       ??__F?s_modreg@RModuleReg@images_std@media@modules@UModSys@@2U12345@A@@YAXXZ 1000f084 f    CIL library: CIL module
 0001:0000e08f       ??__F?s_modreg_chain@RModuleReg@images_std@media@modules@UModSys@@2USModuleRegChain@base@5@A@@YAXXZ 1000f08f f    CIL library: CIL module
 0001:0000e099       ??__F?s_uid@RGenerator@images_std@media@modules@UModSys@@2USUniquePointer@core@5@A@@YAXXZ 1000f099 f    CIL library: CIL module
 0001:0000e0a3       ??__Fh@?1??s_holder@RGenerator@images_std@media@modules@UModSys@@SAAAU?$TTypeStaticHolder@URGenerator@images_std@media@modules@UModSys@@@tl@5@XZ@YAXXZ 1000f0a3 f    CIL library: CIL module
 0001:0000e0c0       ??__F?s_id@?$TObjectUniqueID@URGenerator@images_std@media@modules@UModSys@@@tl@UModSys@@2USUniquePointer@core@3@A@@YAXXZ 1000f0c0 f    CIL library: CIL module
 0001:0000e0ca       ??__F?s_id@?$TObjectUniqueID@URMediaFilter@images_std@media@modules@UModSys@@@tl@UModSys@@2USUniquePointer@core@3@A@@YAXXZ 1000f0ca f    CIL library: CIL module
 0001:0000e0d4       ??__FM@UModSys@@YAXXZ      1000f0d4 f    CIL library: CIL module
 0001:0000e0d5       ??__F?root@SModuleRegChain@base@UModSys@@2U123@A@@YAXXZ 1000f0d5 f    CIL library: CIL module
 0001:0000e0df       ??__F?s_library@RModuleLibraryReg_Chain@base@UModSys@@2U123@A@@YAXXZ 1000f0df f    CIL library: CIL module
 0001:0000e0ea       ??__F?root@SUniquePointer@core@UModSys@@2U123@A@@YAXXZ 1000f0ea f    CIL library: CIL module

 Exports

  ordinal    name

        1    _UModSys_Plugin_Entry2@0
