 plugin_test1

 Timestamp is 52a1f34d (Fri Dec 06 18:54:53 2013)

 Preferred load address is 10000000

 Start         Length     Name                   Class
 0001:00000000 0000cd5aH .text                   CODE
 0001:0000cd5a 00000668H .text$x                 CODE
 0001:0000d3c2 00000ad1H .text$yc                CODE
 0001:0000de93 000003ccH .text$yd                CODE
 0002:00000000 000001bcH .idata$5                DATA
 0002:000001bc 00000004H .CRT$XCA                DATA
 0002:000001c0 000006bcH .CRT$XCU                DATA
 0002:0000087c 00000004H .CRT$XCZ                DATA
 0002:00000880 00000004H .CRT$XIA                DATA
 0002:00000884 00000004H .CRT$XIAA               DATA
 0002:00000888 00000004H .CRT$XIC                DATA
 0002:0000088c 00000004H .CRT$XIZ                DATA
 0002:00000890 00001e38H .rdata                  DATA
 0002:000026c8 000014f4H .rdata$r                DATA
 0002:00003bc0 000000b8H .rdata$sxdata           DATA
 0002:00003c78 00000004H .rtc$IAA                DATA
 0002:00003c7c 00000004H .rtc$IZZ                DATA
 0002:00003c80 00000004H .rtc$TAA                DATA
 0002:00003c84 00000004H .rtc$TZZ                DATA
 0002:00003c88 00000abcH .xdata$x                DATA
 0002:00004744 00000064H .idata$2                DATA
 0002:000047a8 00000014H .idata$3                DATA
 0002:000047bc 000001bcH .idata$4                DATA
 0002:00004978 00000848H .idata$6                DATA
 0002:000051c0 0000005cH .edata                  DATA
 0003:00000000 00000c30H .data                   DATA
 0003:00000c30 00000bacH .bss                    DATA

  Address         Publics by Value              Rva+Base       Lib:Object

 0000:00000000       __except_list              00000000     <absolute>
 0000:0000002e       ___safe_se_handler_count   0000002e     <absolute>
 0000:00009876       __fltused                  00009876     <absolute>
 0000:00009876       __ldused                   00009876     <absolute>
 0000:00000000       ___ImageBase               10000000     <linker-defined>
 0001:00000000       ?new_data@SMemorySharedData@core@UModSys@@SAPAU123@IPBUSSourceContext@23@@Z 10001000 f i plugin_test1.obj
 0001:00000024       ??1SMemShared@core@UModSys@@QAE@XZ 10001024 f i plugin_test1.obj
 0001:00000024       ??1State@RImage_Memory@stdlib@lib2d@modules@UModSys@@QAE@XZ 10001024 f i umodsys_lib_lib2d:umodsys.mod.2d.stdlib.obj
 0001:0000002e       ?link@SMemShared@core@UModSys@@QAE_NPAUSMemorySharedData@23@PAUSSourceContext@23@@Z 1000102e f i plugin_test1.obj
 0001:0000002e       ?link@SCMemShared@core@UModSys@@QAE_NPAUSMemorySharedData@23@PAUSSourceContext@23@@Z 1000102e f i plugin_test1.obj
 0001:00000053       ?get@SMemShared@core@UModSys@@QBE?AUSMem@23@XZ 10001053 f i umodsys_lib_libmedia:umodsys.mod.media.images_std.obj
 0001:00000053       ??BSMemShared@core@UModSys@@QBE?AUSMem@12@XZ 10001053 f i umodsys_lib_lib2d:umodsys.mod.2d.stdlib.obj
 0001:00000053       ??BSCMemShared@core@UModSys@@QBE?AUSCMem@12@XZ 10001053 f i plugin_test1.obj
 0001:00000083       ??6SUniquePtrList@core@UModSys@@QAEAAU012@PBUSUniquePointerInfo@12@@Z 10001083 f i plugin_test1.obj
 0001:000000b4       ??3IRoot@core@UModSys@@SAXPAXABUSIMemAlloc@12@@Z 100010b4 f i plugin_test1.obj
 0001:000000cd       ?_root_get_other_interface@IRefObject@core@UModSys@@IBEPBUIRoot@23@PBUSUniquePointerInfo@23@@Z 100010cd f i plugin_test1.obj
 0001:000000cd       ?_root_get_other_interface@IRefObject@core@UModSys@@IAEPAUIRoot@23@PBUSUniquePointerInfo@23@@Z 100010cd f i plugin_test1.obj
 0001:000000ee       ?_root_get_interface_types@IRefObject@core@UModSys@@SAIAAUSUniquePtrList@23@@Z 100010ee f i plugin_test1.obj
 0001:0000010e       ?_root_is_interface_supported@IRefObject@core@UModSys@@SA_NPBUSUniquePointerInfo@23@@Z 1000110e f i plugin_test1.obj
 0001:00000125       ??$seq@D@su@tl@UModSys@@YA_NPBD0@Z 10001125 f i plugin_test1.obj
 0001:00000152       ??1SParameters@core@UModSys@@QAE@XZ 10001152 f i plugin_test1.obj
 0001:00000152       ??1?$TParametersA@$0EAA@@core@UModSys@@QAE@XZ 10001152 f i plugin_test1.obj
 0001:00000152       ??1?$TParametersA@$0BAA@@core@UModSys@@QAE@XZ 10001152 f i umodsys_lib_libui:umodsys.mod.ui.SDL_core.obj
 0001:0000015f       ?add@SParameters@core@UModSys@@QAE_NPBD0@Z 1000115f f i plugin_test1.obj
 0001:0000017b       ?_root_get_other_interface@IGenerator@base@UModSys@@IAEPAUIRoot@core@3@PBUSUniquePointerInfo@53@@Z 1000117b f i plugin_test1.obj
 0001:0000017b       ?_root_get_other_interface@IGenerator@base@UModSys@@IBEPBUIRoot@core@3@PBUSUniquePointerInfo@53@@Z 1000117b f i plugin_test1.obj
 0001:00000197       ?_root_is_interface_supported@IGenerator@base@UModSys@@SA_NPBUSUniquePointerInfo@core@3@@Z 10001197 f i plugin_test1.obj
 0001:000001b7       ?obj_save@ILibrary@libmedia@UModSys@@QAE_NABU?$TString@U?$TSCoreConst@D@su@tl@UModSys@@U?$TComparerBinaryHash@D@234@@tl@3@PBUIRefObject@core@3@0PBUSParameters@73@ABU?$TFlags4State@USMediaFlagUid@libmedia@UModSys@@I@53@@Z 100011b7 f i plugin_test1.obj
 0001:00000201       ?mount_add@ILibraryBinTree@libmedia@UModSys@@QAE_NABU?$TString@U?$TSCoreConst@D@su@tl@UModSys@@U?$TComparerBinaryHash@D@234@@tl@3@PAUIBinArchive@23@H@Z 10001201 f i plugin_test1.obj
 0001:0000026f       ?mount_add@ILibraryBinTree@libmedia@UModSys@@QAE_NABU?$TString@U?$TSCoreConst@D@su@tl@UModSys@@U?$TComparerBinaryHash@D@234@@tl@3@HPAUIBinArchive@23@H@Z 1000126f f i plugin_test1.obj
 0001:000002e0       ?layer_push@ILibraryLayered@libmedia@UModSys@@QAE_NPAUILibrary@23@HABU?$TString@U?$TSCoreConst@D@su@tl@UModSys@@U?$TComparerBinaryHash@D@234@@tl@3@@Z 100012e0 f i plugin_test1.obj
 0001:00000348       ??1SPoint@ILibraryBinTree@libmedia@UModSys@@QAE@XZ 10001348 f i plugin_test1.obj
 0001:00000348       ??1SLayer@ILibraryLayered@libmedia@UModSys@@QAE@XZ 10001348 f i plugin_test1.obj
 0001:00000359       ?render_text@IRenderDriver@lib2d@UModSys@@QAE_NABU?$TVector2@H@math3d@3@PBHHPBU?$TVector2@M@53@@Z 10001359 f i plugin_test1.obj
 0001:00000387       ??_ERGenerator@images_std@media@modules@UModSys@@UAEPAXI@Z 10001387 f i  CIL library: CIL module
 0001:00000387       ??_ERGenerator@frames@ui@modules@UModSys@@UAEPAXI@Z 10001387 f i  CIL library: CIL module
 0001:00000387       ??_ERGenerator@SDL_core@ui@modules@UModSys@@UAEPAXI@Z 10001387 f i  CIL library: CIL module
 0001:00000387       ??_GRGenerator@SDL_core@ui@modules@UModSys@@UAEPAXI@Z 10001387 f i umodsys_lib_libui:umodsys.mod.ui.SDL_core.obj
 0001:00000387       ??_GRGenerator@frames@ui@modules@UModSys@@UAEPAXI@Z 10001387 f i umodsys_lib_libui:umodsys.mod.ui.frames.obj
 0001:00000387       ??_ERGenerator@test1@test@modules@UModSys@@UAEPAXI@Z 10001387 f i  CIL library: CIL module
 0001:00000387       ??_GRGenerator@test1@test@modules@UModSys@@UAEPAXI@Z 10001387 f i plugin_test1.obj
 0001:00000387       ??_GRGenerator@images_std@media@modules@UModSys@@UAEPAXI@Z 10001387 f i umodsys_lib_libmedia:umodsys.mod.media.images_std.obj
 0001:00000387       ??_EIRoot@core@UModSys@@UAEPAXI@Z 10001387 f i  CIL library: CIL module
 0001:00000387       ??_GIRoot@core@UModSys@@UAEPAXI@Z 10001387 f i plugin_test1.obj
 0001:00000387       ??_GRGenerator@stdlib@lib2d@modules@UModSys@@UAEPAXI@Z 10001387 f i umodsys_lib_lib2d:umodsys.mod.2d.stdlib.obj
 0001:00000387       ??_ERGenerator@stdlib@lib2d@modules@UModSys@@UAEPAXI@Z 10001387 f i  CIL library: CIL module
 0001:000003a4       ?root_get_interface_info@RTest1_Shell@test1@test@modules@UModSys@@UBEABUSUniquePointerInfo@core@5@XZ 100013a4 f i plugin_test1.obj
 0001:000003aa       ?root_get_interface_type@RTest1_Shell@test1@test@modules@UModSys@@UBEPBUSUniquePointerInfo@core@5@XZ 100013aa f i plugin_test1.obj
 0001:000003b0       ?root_get_other_interface@RTest1_Shell@test1@test@modules@UModSys@@UBEPBUIRoot@core@5@PBUSUniquePointerInfo@75@@Z 100013b0 f i plugin_test1.obj
 0001:000003b0       ?root_get_other_interface@RTest1_Shell@test1@test@modules@UModSys@@UAEPAUIRoot@core@5@PBUSUniquePointerInfo@75@@Z 100013b0 f i plugin_test1.obj
 0001:000003d1       ?root_is_interface_supported@RTest1_Shell@test1@test@modules@UModSys@@UBE_NPBUSUniquePointerInfo@core@5@@Z 100013d1 f i plugin_test1.obj
 0001:000003f8       ?ref_add@RTest1_Shell@test1@test@modules@UModSys@@UBEXXZ 100013f8 f i plugin_test1.obj
 0001:000003fc       ?ref_remove@RTest1_Shell@test1@test@modules@UModSys@@UBEXXZ 100013fc f i plugin_test1.obj
 0001:00000407       ?ref_links@RTest1_Shell@test1@test@modules@UModSys@@UBEHXZ 10001407 f i plugin_test1.obj
 0001:00000407       ?get_terminal@RRenderDriver2D@SDL_core@ui@modules@UModSys@@UBEPAUITerminal@libui@5@XZ 10001407 f i umodsys_lib_libui:umodsys.mod.ui.SDL_core.obj
 0001:0000040b       ?ref_weak@RTest1_Shell@test1@test@modules@UModSys@@UBE_NAAUWeakPointer@IRefObject@core@5@@Z 1000140b f i plugin_test1.obj
 0001:0000042a       ?suicide@RTest1_Shell@test1@test@modules@UModSys@@UAEXXZ 1000142a f i plugin_test1.obj
 0001:00000471       ??0RTest1_Shell@test1@test@modules@UModSys@@QAE@PAUIModObject@base@4@@Z 10001471 f i plugin_test1.obj
 0001:00000579       ??1RTest1_Shell@test1@test@modules@UModSys@@UAE@XZ 10001579 f i plugin_test1.obj
 0001:00000601       ?connect@RTest1_Shell@test1@test@modules@UModSys@@UAE_NXZ 10001601 f i plugin_test1.obj
 0001:00000619       ?disconnect@RTest1_Shell@test1@test@modules@UModSys@@UAE_NXZ 10001619 f i plugin_test1.obj
 0001:00000631       ?process_tick@RTest1_Shell@test1@test@modules@UModSys@@UAE_NABUSTimeMsec@core@5@@Z 10001631 f i plugin_test1.obj
 0001:0000065c       ?process_command@RTest1_Shell@test1@test@modules@UModSys@@UAE_NHQBU?$TString@U?$TSCoreConst@D@su@tl@UModSys@@U?$TComparerBinaryHash@D@234@@tl@5@@Z 1000165c f i plugin_test1.obj
 0001:0000067a       ??_GRTest1_Shell@test1@test@modules@UModSys@@UAEPAXI@Z 1000167a f i plugin_test1.obj
 0001:0000067a       ??_ERTest1_Shell@test1@test@modules@UModSys@@UAEPAXI@Z 1000167a f i  CIL library: CIL module
 0001:00000697       ?new_mem_image@RTest1_Shell@test1@test@modules@UModSys@@QAE?AU?$TRefObject@UIImage@lib2d@UModSys@@U?$TRefObjectFunc@UIImage@lib2d@UModSys@@@tl@3@@tl@5@XZ 10001697 f   plugin_test1.obj
 0001:00000717       ?media_arch_stdio@RTest1_Shell@test1@test@modules@UModSys@@QAE?AU?$TRefObject@UIBinArchive@libmedia@UModSys@@U?$TRefObjectFunc@UIBinArchive@libmedia@UModSys@@@tl@3@@tl@5@ABU?$TString@U?$TSCoreConst@D@su@tl@UModSys@@U?$TComparerBinaryHash@D@234@@75@@Z 10001717 f   plugin_test1.obj
 0001:000007a6       ?media_filter_new@RTest1_Shell@test1@test@modules@UModSys@@QAE?AU?$TRefObject@UIBinObjFilter@libmedia@UModSys@@U?$TRefObjectFunc@UIBinObjFilter@libmedia@UModSys@@@tl@3@@tl@5@ABU?$TString@U?$TSCoreConst@D@su@tl@UModSys@@U?$TComparerBinaryHash@D@234@@75@ABUSParameters@core@5@@Z 100017a6 f   plugin_test1.obj
 0001:00000826       ?media_vfs@RTest1_Shell@test1@test@modules@UModSys@@QAE?AU?$TRefObject@UILibraryBinTree@libmedia@UModSys@@U?$TRefObjectFunc@UILibraryBinTree@libmedia@UModSys@@@tl@3@@tl@5@XZ 10001826 f   plugin_test1.obj
 0001:000008a6       ?media_flt@RTest1_Shell@test1@test@modules@UModSys@@QAE?AU?$TRefObject@UILibraryObjFilter@libmedia@UModSys@@U?$TRefObjectFunc@UILibraryObjFilter@libmedia@UModSys@@@tl@3@@tl@5@XZ 100018a6 f   plugin_test1.obj
 0001:00000926       ?media_lay@RTest1_Shell@test1@test@modules@UModSys@@QAE?AU?$TRefObject@UILibraryLayered@libmedia@UModSys@@U?$TRefObjectFunc@UILibraryLayered@libmedia@UModSys@@@tl@3@@tl@5@XZ 10001926 f   plugin_test1.obj
 0001:000009a6       ?media_cache@RTest1_Shell@test1@test@modules@UModSys@@QAE?AU?$TRefObject@UILibrary@libmedia@UModSys@@U?$TRefObjectFunc@UILibrary@libmedia@UModSys@@@tl@3@@tl@5@_N@Z 100019a6 f   plugin_test1.obj
 0001:00000a85       ?file_test6@RTest1_Shell@test1@test@modules@UModSys@@QAEXXZ 10001a85 f   plugin_test1.obj
 0001:00000f06       ?key_pressed@RTest1_Shell@test1@test@modules@UModSys@@UAE_NABUSKeyboardInputRaw@libui@5@@Z 10001f06 f   plugin_test1.obj
 0001:00000f47       ?key_text@RTest1_Shell@test1@test@modules@UModSys@@UAE_NABUSKeyboardInputText@libui@5@@Z 10001f47 f   plugin_test1.obj
 0001:00000f80       ?mouse_event@RTest1_Shell@test1@test@modules@UModSys@@UAE_NABUSMouseInput@libui@5@@Z 10001f80 f   plugin_test1.obj
 0001:00000fed       ?command@RTest1_Shell@test1@test@modules@UModSys@@UAE_NABUSController@libui@5@HABUSFrameDataIn@75@@Z 10001fed f   plugin_test1.obj
 0001:00001028       ?db_get@RTest1_Shell@test1@test@modules@UModSys@@UAE_NABUSController@libui@5@QBDABUSFrameDataOut@75@@Z 10002028 f   plugin_test1.obj
 0001:0000107d       ?db_get@RTest1_Shell@test1@test@modules@UModSys@@UAE_NABUSController@libui@5@QBDHABUSFrameDataOut@75@@Z 1000207d f   plugin_test1.obj
 0001:000010d0       ?get_generated_names@RGenerator@test1@test@modules@UModSys@@UBEHAAUSUniquePtrList@core@5@@Z 100020d0 f i plugin_test1.obj
 0001:000010e9       ?get_generated_types@RGenerator@test1@test@modules@UModSys@@UBEHAAUSUniquePtrList@core@5@PBUSUniquePointerInfo@75@@Z 100020e9 f i plugin_test1.obj
 0001:0000111d       ?generate@RGenerator@test1@test@modules@UModSys@@UAE_NAAU?$TRefObject@UIRefObject@core@UModSys@@U?$TRefObjectFunc@UIRefObject@core@UModSys@@@tl@3@@tl@5@PBUSUniquePointerInfo@core@5@ABUSParameters@95@@Z 1000211d f i plugin_test1.obj
 0001:0000119f       ?root_get_interface_info@RGenerator@test1@test@modules@UModSys@@UBEABUSUniquePointerInfo@core@5@XZ 1000219f f i plugin_test1.obj
 0001:000011a5       ?root_get_interface_type@RGenerator@test1@test@modules@UModSys@@UBEPBUSUniquePointerInfo@core@5@XZ 100021a5 f i plugin_test1.obj
 0001:000011ab       ?root_get_other_interface@RGenerator@test1@test@modules@UModSys@@UAEPAUIRoot@core@5@PBUSUniquePointerInfo@75@@Z 100021ab f i plugin_test1.obj
 0001:000011ab       ?root_get_other_interface@RGenerator@test1@test@modules@UModSys@@UBEPBUIRoot@core@5@PBUSUniquePointerInfo@75@@Z 100021ab f i plugin_test1.obj
 0001:000011c4       ?root_is_interface_supported@RGenerator@test1@test@modules@UModSys@@UBE_NPBUSUniquePointerInfo@core@5@@Z 100021c4 f i plugin_test1.obj
 0001:000011e3       ?get_uid@RGenerator@test1@test@modules@UModSys@@UBEPBUSUniquePointerInfo@core@5@XZ 100021e3 f i plugin_test1.obj
 0001:000011e9       ?do_open@RModuleReg@test1@test@modules@UModSys@@UAE_NXZ 100021e9 f i plugin_test1.obj
 0001:00001247       ?do_close@RModuleReg@test1@test@modules@UModSys@@UAE_NXZ 10002247 f i plugin_test1.obj
 0001:00001296       ?get_module@RGenerator@test1@test@modules@UModSys@@UBEPAUIModule@base@5@XZ 10002296 f   plugin_test1.obj
 0001:0000129c       ?mod_inc@RGenerator@test1@test@modules@UModSys@@UBE_NXZ 1000229c f   plugin_test1.obj
 0001:000012a7       ?mod_dec@RGenerator@test1@test@modules@UModSys@@UBE_NXZ 100022a7 f   plugin_test1.obj
 0001:000012b2       ?s_holder@RGenerator@test1@test@modules@UModSys@@SAAAU?$TTypeStaticHolder@URGenerator@test1@test@modules@UModSys@@@tl@5@XZ 100022b2 f   plugin_test1.obj
 0001:000012e4       ??0?$TString@U?$TSCoreConst@D@su@tl@UModSys@@U?$TComparerBinaryHash@D@234@@tl@UModSys@@QAE@PBD@Z 100022e4 f i plugin_test1.obj
 0001:000012fe       ??8?$TString@U?$TSCoreConst@D@su@tl@UModSys@@U?$TComparerBinaryHash@D@234@@tl@UModSys@@QBE_NPBD@Z 100022fe f i plugin_test1.obj
 0001:00001320       ??0?$TParametersA@$0EAA@@core@UModSys@@QAE@XZ 10002320 f i plugin_test1.obj
 0001:0000134f       ??1?$TRefObject@UIImage@lib2d@UModSys@@U?$TRefObjectFunc@UIImage@lib2d@UModSys@@@tl@3@@tl@UModSys@@QAE@XZ 1000234f f i plugin_test1.obj
 0001:0000134f       ??1?$TRefObject@UITerminal@libui@UModSys@@U?$TRefObjectFunc@UITerminal@libui@UModSys@@@tl@3@@tl@UModSys@@QAE@XZ 1000234f f i plugin_test1.obj
 0001:0000134f       ??1?$TRefObject@UILibraryBinCache@libmedia@UModSys@@U?$TRefObjectFunc@UILibraryBinCache@libmedia@UModSys@@@tl@3@@tl@UModSys@@QAE@XZ 1000234f f i plugin_test1.obj
 0001:0000134f       ??1?$TRefObject@UIBinArchive@libmedia@UModSys@@U?$TRefObjectFunc@UIBinArchive@libmedia@UModSys@@@tl@3@@tl@UModSys@@QAE@XZ 1000234f f i plugin_test1.obj
 0001:0000134f       ??1?$TRefObject@URMediaFilter@images_std@media@modules@UModSys@@U?$TRefObjectFunc@URMediaFilter@images_std@media@modules@UModSys@@@tl@5@@tl@UModSys@@QAE@XZ 1000234f f i umodsys_lib_libmedia:umodsys.mod.media.images_std.obj
 0001:0000134f       ??1?$TRefObject@URKeyboardController@SDL_core@ui@modules@UModSys@@U?$TRefObjectFunc@URKeyboardController@SDL_core@ui@modules@UModSys@@@tl@5@@tl@UModSys@@QAE@XZ 1000234f f i umodsys_lib_libui:umodsys.mod.ui.SDL_core.obj
 0001:0000134f       ??1?$TRefObject@URMultiImage2D_SDL_ttf@SDL_core@ui@modules@UModSys@@U?$TRefObjectFunc@URMultiImage2D_SDL_ttf@SDL_core@ui@modules@UModSys@@@tl@5@@tl@UModSys@@QAE@XZ 1000234f f i umodsys_lib_libui:umodsys.mod.ui.SDL_core.obj
 0001:0000134f       ??1?$TRefObject@UIBinObjFilter@libmedia@UModSys@@U?$TRefObjectFunc@UIBinObjFilter@libmedia@UModSys@@@tl@3@@tl@UModSys@@QAE@XZ 1000234f f i plugin_test1.obj
 0001:0000134f       ??1?$TRefObject@URImage_Memory@stdlib@lib2d@modules@UModSys@@U?$TRefObjectFunc@URImage_Memory@stdlib@lib2d@modules@UModSys@@@tl@5@@tl@UModSys@@QAE@XZ 1000234f f i umodsys_lib_lib2d:umodsys.mod.2d.stdlib.obj
 0001:0000134f       ??1?$TRefObject@URFrame_Common@frames@ui@modules@UModSys@@U?$TRefObjectFunc@URFrame_Common@frames@ui@modules@UModSys@@@tl@5@@tl@UModSys@@QAE@XZ 1000234f f i umodsys_lib_libui:umodsys.mod.ui.frames.obj
 0001:0000134f       ??1?$TRefObject@UIMultiImage@lib2d@UModSys@@U?$TRefObjectFunc@UIMultiImage@lib2d@UModSys@@@tl@3@@tl@UModSys@@QAE@XZ 1000234f f i plugin_test1.obj
 0001:0000134f       ??1?$TRefObject@UIRefObject@core@UModSys@@U?$TRefObjectFunc@UIRefObject@core@UModSys@@@tl@3@@tl@UModSys@@QAE@XZ 1000234f f i plugin_test1.obj
 0001:0000134f       ??1?$TRefObject@UILibraryObjCache@libmedia@UModSys@@U?$TRefObjectFunc@UILibraryObjCache@libmedia@UModSys@@@tl@3@@tl@UModSys@@QAE@XZ 1000234f f i plugin_test1.obj
 0001:0000134f       ??1?$TRefObject@URMouseController@SDL_core@ui@modules@UModSys@@U?$TRefObjectFunc@URMouseController@SDL_core@ui@modules@UModSys@@@tl@5@@tl@UModSys@@QAE@XZ 1000234f f i umodsys_lib_libui:umodsys.mod.ui.SDL_core.obj
 0001:0000134f       ??1?$TRefObject@UILibrary@libmedia@UModSys@@U?$TRefObjectFunc@UILibrary@libmedia@UModSys@@@tl@3@@tl@UModSys@@QAE@XZ 1000234f f i plugin_test1.obj
 0001:0000134f       ??1?$TRefObject@URDialog@frames@ui@modules@UModSys@@U?$TRefObjectFunc@URDialog@frames@ui@modules@UModSys@@@tl@5@@tl@UModSys@@QAE@XZ 1000234f f i umodsys_lib_libui:umodsys.mod.ui.frames.obj
 0001:0000134f       ??1?$TRefObject@URRenderDriver2D@SDL_core@ui@modules@UModSys@@U?$TRefObjectFunc@URRenderDriver2D@SDL_core@ui@modules@UModSys@@@tl@5@@tl@UModSys@@QAE@XZ 1000234f f i umodsys_lib_libui:umodsys.mod.ui.SDL_core.obj
 0001:0000134f       ??1?$TRefObject@UIRenderDriver@lib2d@UModSys@@U?$TRefObjectFunc@UIRenderDriver@lib2d@UModSys@@@tl@3@@tl@UModSys@@QAE@XZ 1000234f f i plugin_test1.obj
 0001:0000134f       ??1?$TRefObject@URTerminal@SDL_core@ui@modules@UModSys@@U?$TRefObjectFunc@URTerminal@SDL_core@ui@modules@UModSys@@@tl@5@@tl@UModSys@@QAE@XZ 1000234f f i umodsys_lib_libui:umodsys.mod.ui.SDL_core.obj
 0001:0000134f       ??1?$TRefObject@UILibraryObjFilter@libmedia@UModSys@@U?$TRefObjectFunc@UILibraryObjFilter@libmedia@UModSys@@@tl@3@@tl@UModSys@@QAE@XZ 1000234f f i plugin_test1.obj
 0001:0000134f       ??1?$TRefObject@UILibraryBinTree@libmedia@UModSys@@U?$TRefObjectFunc@UILibraryBinTree@libmedia@UModSys@@@tl@3@@tl@UModSys@@QAE@XZ 1000234f f i plugin_test1.obj
 0001:0000134f       ??1?$TRefObject@UIMouseController@libui@UModSys@@U?$TRefObjectFunc@UIMouseController@libui@UModSys@@@tl@3@@tl@UModSys@@QAE@XZ 1000234f f i plugin_test1.obj
 0001:0000134f       ??1?$TRefObject@UIFrame@libui@UModSys@@U?$TRefObjectFunc@UIFrame@libui@UModSys@@@tl@3@@tl@UModSys@@QAE@XZ 1000234f f i umodsys_lib_libui:umodsys.mod.ui.frames.obj
 0001:0000134f       ??1?$TRefObject@URCollector@frames@ui@modules@UModSys@@U?$TRefObjectFunc@URCollector@frames@ui@modules@UModSys@@@tl@5@@tl@UModSys@@QAE@XZ 1000234f f i umodsys_lib_libui:umodsys.mod.ui.frames.obj
 0001:0000134f       ??1?$TRefObject@UILibraryLayered@libmedia@UModSys@@U?$TRefObjectFunc@UILibraryLayered@libmedia@UModSys@@@tl@3@@tl@UModSys@@QAE@XZ 1000234f f i plugin_test1.obj
 0001:0000134f       ??1?$TRefObject@UIKeyboardController@libui@UModSys@@U?$TRefObjectFunc@UIKeyboardController@libui@UModSys@@@tl@3@@tl@UModSys@@QAE@XZ 1000234f f i plugin_test1.obj
 0001:0000135e       ?set@?$TString@U?$TSCoreConst@D@su@tl@UModSys@@U?$TComparerBinaryHash@D@234@@tl@UModSys@@QAEXPBD@Z 1000235e f i plugin_test1.obj
 0001:00001387       ?update@?$TComparerBinaryHash@D@su@tl@UModSys@@QAEXPBDI@Z 10002387 f i plugin_test1.obj
 0001:000013b3       ?info_release@?$TSCoreShared@USIMemAlloc@core@UModSys@@D@su@tl@UModSys@@QAEXXZ 100023b3 f i plugin_test1.obj
 0001:000013e3       ?info_new@?$TSCoreShared@USIMemAlloc@core@UModSys@@D@su@tl@UModSys@@QAE_NPBDI@Z 100023e3 f i plugin_test1.obj
 0001:00001444       ??$generate_type@UIImage@lib2d@UModSys@@@RTest1_Shell@test1@test@modules@UModSys@@QAE?AU?$TRefObject@UIImage@lib2d@UModSys@@U?$TRefObjectFunc@UIImage@lib2d@UModSys@@@tl@3@@tl@4@ABU?$TString@U?$TSCoreConst@D@su@tl@UModSys@@U?$TComparerBinaryHash@D@234@@64@ABUSParameters@core@4@PBD@Z 10002444 f i plugin_test1.obj
 0001:00001550       ??$generate_type@UIBinArchive@libmedia@UModSys@@@RTest1_Shell@test1@test@modules@UModSys@@QAE?AU?$TRefObject@UIBinArchive@libmedia@UModSys@@U?$TRefObjectFunc@UIBinArchive@libmedia@UModSys@@@tl@3@@tl@4@ABU?$TString@U?$TSCoreConst@D@su@tl@UModSys@@U?$TComparerBinaryHash@D@234@@64@ABUSParameters@core@4@PBD@Z 10002550 f i plugin_test1.obj
 0001:00001658       ??$generate_type@UIBinObjFilter@libmedia@UModSys@@@RTest1_Shell@test1@test@modules@UModSys@@QAE?AU?$TRefObject@UIBinObjFilter@libmedia@UModSys@@U?$TRefObjectFunc@UIBinObjFilter@libmedia@UModSys@@@tl@3@@tl@4@ABU?$TString@U?$TSCoreConst@D@su@tl@UModSys@@U?$TComparerBinaryHash@D@234@@64@ABUSParameters@core@4@PBD@Z 10002658 f i plugin_test1.obj
 0001:00001764       ??$generate_type@UILibraryBinTree@libmedia@UModSys@@@RTest1_Shell@test1@test@modules@UModSys@@QAE?AU?$TRefObject@UILibraryBinTree@libmedia@UModSys@@U?$TRefObjectFunc@UILibraryBinTree@libmedia@UModSys@@@tl@3@@tl@4@ABU?$TString@U?$TSCoreConst@D@su@tl@UModSys@@U?$TComparerBinaryHash@D@234@@64@ABUSParameters@core@4@PBD@Z 10002764 f i plugin_test1.obj
 0001:00001870       ??$generate_type@UILibraryObjFilter@libmedia@UModSys@@@RTest1_Shell@test1@test@modules@UModSys@@QAE?AU?$TRefObject@UILibraryObjFilter@libmedia@UModSys@@U?$TRefObjectFunc@UILibraryObjFilter@libmedia@UModSys@@@tl@3@@tl@4@ABU?$TString@U?$TSCoreConst@D@su@tl@UModSys@@U?$TComparerBinaryHash@D@234@@64@ABUSParameters@core@4@PBD@Z 10002870 f i plugin_test1.obj
 0001:0000197c       ??$generate_type@UILibraryLayered@libmedia@UModSys@@@RTest1_Shell@test1@test@modules@UModSys@@QAE?AU?$TRefObject@UILibraryLayered@libmedia@UModSys@@U?$TRefObjectFunc@UILibraryLayered@libmedia@UModSys@@@tl@3@@tl@4@ABU?$TString@U?$TSCoreConst@D@su@tl@UModSys@@U?$TComparerBinaryHash@D@234@@64@ABUSParameters@core@4@PBD@Z 1000297c f i plugin_test1.obj
 0001:00001a88       ??$generate_type@UILibraryObjCache@libmedia@UModSys@@@RTest1_Shell@test1@test@modules@UModSys@@QAE?AU?$TRefObject@UILibraryObjCache@libmedia@UModSys@@U?$TRefObjectFunc@UILibraryObjCache@libmedia@UModSys@@@tl@3@@tl@4@ABU?$TString@U?$TSCoreConst@D@su@tl@UModSys@@U?$TComparerBinaryHash@D@234@@64@ABUSParameters@core@4@PBD@Z 10002a88 f i plugin_test1.obj
 0001:00001b94       ??$generate_type@UILibraryBinCache@libmedia@UModSys@@@RTest1_Shell@test1@test@modules@UModSys@@QAE?AU?$TRefObject@UILibraryBinCache@libmedia@UModSys@@U?$TRefObjectFunc@UILibraryBinCache@libmedia@UModSys@@@tl@3@@tl@4@ABU?$TString@U?$TSCoreConst@D@su@tl@UModSys@@U?$TComparerBinaryHash@D@234@@64@ABUSParameters@core@4@PBD@Z 10002b94 f i plugin_test1.obj
 0001:00001ca0       ??1?$TRefObject@UIModObject@base@UModSys@@U?$TModObjectFunc@UIModObject@base@UModSys@@@tl@3@@tl@UModSys@@QAE@XZ 10002ca0 f i plugin_test1.obj
 0001:00001cb6       ?s_init@?$TModObjectFunc@UIModObject@base@UModSys@@@tl@UModSys@@SAXAAPAUIModObject@base@3@PAU453@@Z 10002cb6 f i plugin_test1.obj
 0001:00001ccf       ??$t_ref_get_other_interface@UIMultiImage@lib2d@UModSys@@U?$TRefObjectFunc@UIMultiImage@lib2d@UModSys@@@tl@3@@IRefObject@core@UModSys@@QAE_NAAU?$TRefObject@UIMultiImage@lib2d@UModSys@@U?$TRefObjectFunc@UIMultiImage@lib2d@UModSys@@@tl@3@@tl@2@@Z 10002ccf f i plugin_test1.obj
 0001:00001cfe       ??$t_ref_get_other_interface@UIRenderDriver@lib2d@UModSys@@U?$TRefObjectFunc@UIRenderDriver@lib2d@UModSys@@@tl@3@@IRefObject@core@UModSys@@QAE_NAAU?$TRefObject@UIRenderDriver@lib2d@UModSys@@U?$TRefObjectFunc@UIRenderDriver@lib2d@UModSys@@@tl@3@@tl@2@@Z 10002cfe f i plugin_test1.obj
 0001:00001d2d       ??$t_generate@UIImage@lib2d@UModSys@@@SModuleContext@base@UModSys@@QAE_NAAU?$TRefObject@UIImage@lib2d@UModSys@@U?$TRefObjectFunc@UIImage@lib2d@UModSys@@@tl@3@@tl@2@PBUSUniquePointerInfo@core@2@ABUSParameters@62@@Z 10002d2d f i plugin_test1.obj
 0001:00001d9e       ??$t_generate@UIBinArchive@libmedia@UModSys@@@SModuleContext@base@UModSys@@QAE_NAAU?$TRefObject@UIBinArchive@libmedia@UModSys@@U?$TRefObjectFunc@UIBinArchive@libmedia@UModSys@@@tl@3@@tl@2@PBUSUniquePointerInfo@core@2@ABUSParameters@62@@Z 10002d9e f i plugin_test1.obj
 0001:00001e3a       ??$t_generate@UIBinObjFilter@libmedia@UModSys@@@SModuleContext@base@UModSys@@QAE_NAAU?$TRefObject@UIBinObjFilter@libmedia@UModSys@@U?$TRefObjectFunc@UIBinObjFilter@libmedia@UModSys@@@tl@3@@tl@2@PBUSUniquePointerInfo@core@2@ABUSParameters@62@@Z 10002e3a f i plugin_test1.obj
 0001:00001ed6       ??$t_generate@UILibraryBinTree@libmedia@UModSys@@@SModuleContext@base@UModSys@@QAE_NAAU?$TRefObject@UILibraryBinTree@libmedia@UModSys@@U?$TRefObjectFunc@UILibraryBinTree@libmedia@UModSys@@@tl@3@@tl@2@PBUSUniquePointerInfo@core@2@ABUSParameters@62@@Z 10002ed6 f i plugin_test1.obj
 0001:00001f72       ??$t_generate@UILibraryObjFilter@libmedia@UModSys@@@SModuleContext@base@UModSys@@QAE_NAAU?$TRefObject@UILibraryObjFilter@libmedia@UModSys@@U?$TRefObjectFunc@UILibraryObjFilter@libmedia@UModSys@@@tl@3@@tl@2@PBUSUniquePointerInfo@core@2@ABUSParameters@62@@Z 10002f72 f i plugin_test1.obj
 0001:0000200e       ??$t_generate@UILibraryLayered@libmedia@UModSys@@@SModuleContext@base@UModSys@@QAE_NAAU?$TRefObject@UILibraryLayered@libmedia@UModSys@@U?$TRefObjectFunc@UILibraryLayered@libmedia@UModSys@@@tl@3@@tl@2@PBUSUniquePointerInfo@core@2@ABUSParameters@62@@Z 1000300e f i plugin_test1.obj
 0001:000020aa       ??$t_generate@UILibraryObjCache@libmedia@UModSys@@@SModuleContext@base@UModSys@@QAE_NAAU?$TRefObject@UILibraryObjCache@libmedia@UModSys@@U?$TRefObjectFunc@UILibraryObjCache@libmedia@UModSys@@@tl@3@@tl@2@PBUSUniquePointerInfo@core@2@ABUSParameters@62@@Z 100030aa f i plugin_test1.obj
 0001:00002146       ??$t_generate@UILibraryBinCache@libmedia@UModSys@@@SModuleContext@base@UModSys@@QAE_NAAU?$TRefObject@UILibraryBinCache@libmedia@UModSys@@U?$TRefObjectFunc@UILibraryBinCache@libmedia@UModSys@@@tl@3@@tl@2@PBUSUniquePointerInfo@core@2@ABUSParameters@62@@Z 10003146 f i plugin_test1.obj
 0001:000021e2       ??$t_ref_get_other_interface@UIImage@lib2d@UModSys@@U?$TRefObjectFunc@UIImage@lib2d@UModSys@@@tl@3@@IRefObject@core@UModSys@@QAE_NAAU?$TRefObject@UIImage@lib2d@UModSys@@U?$TRefObjectFunc@UIImage@lib2d@UModSys@@@tl@3@@tl@2@@Z 100031e2 f i plugin_test1.obj
 0001:00002211       ?ConvertSameSize@stdlib@lib2d@modules@UModSys@@YA_NW4eImageType@24@ABU?$TVector2@H@math3d@4@11ABUSMem@core@4@11ABUSCMem@94@@Z 10003211 f i umodsys_lib_lib2d:umodsys.mod.2d.stdlib.obj
 0001:00002294       ?ConvertSame@stdlib@lib2d@modules@UModSys@@YA_NW4eImageType@24@ABU?$TBoundBox2@H@math3d@4@ABU?$TVector2@H@74@ABUSMem@core@4@12ABUSCMem@core@4@@Z 10003294 f i umodsys_lib_lib2d:umodsys.mod.2d.stdlib.obj
 0001:000022f7       ?Convert@stdlib@lib2d@modules@UModSys@@YA_NABU?$TBoundBox2@H@math3d@4@ABUSImageInfo@24@ABUSMem@core@4@01ABUSCMem@94@@Z 100032f7 f i umodsys_lib_lib2d:umodsys.mod.2d.stdlib.obj
 0001:00002359       ?root_get_interface_info@RImage_Memory@stdlib@lib2d@modules@UModSys@@UBEABUSUniquePointerInfo@core@5@XZ 10003359 f i umodsys_lib_lib2d:umodsys.mod.2d.stdlib.obj
 0001:0000235f       ?root_get_interface_type@RImage_Memory@stdlib@lib2d@modules@UModSys@@UBEPBUSUniquePointerInfo@core@5@XZ 1000335f f i umodsys_lib_lib2d:umodsys.mod.2d.stdlib.obj
 0001:00002365       ?root_get_other_interface@RImage_Memory@stdlib@lib2d@modules@UModSys@@UBEPBUIRoot@core@5@PBUSUniquePointerInfo@75@@Z 10003365 f i umodsys_lib_lib2d:umodsys.mod.2d.stdlib.obj
 0001:00002365       ?root_get_other_interface@RImage_Memory@stdlib@lib2d@modules@UModSys@@UAEPAUIRoot@core@5@PBUSUniquePointerInfo@75@@Z 10003365 f i umodsys_lib_lib2d:umodsys.mod.2d.stdlib.obj
 0001:00002386       ?root_is_interface_supported@RImage_Memory@stdlib@lib2d@modules@UModSys@@UBE_NPBUSUniquePointerInfo@core@5@@Z 10003386 f i umodsys_lib_lib2d:umodsys.mod.2d.stdlib.obj
 0001:000023ad       ??0State@RImage_Memory@stdlib@lib2d@modules@UModSys@@QAE@XZ 100033ad f i umodsys_lib_lib2d:umodsys.mod.2d.stdlib.obj
 0001:000023df       ?set_info@RImage_Memory@stdlib@lib2d@modules@UModSys@@UAE_NABUSImagePatchInfo@35@PBD@Z 100033df f i umodsys_lib_lib2d:umodsys.mod.2d.stdlib.obj
 0001:00002547       ?set_data@RImage_Memory@stdlib@lib2d@modules@UModSys@@UAE_NABUSImagePatchInfo@35@ABUSCMem@core@5@H@Z 10003547 f i umodsys_lib_lib2d:umodsys.mod.2d.stdlib.obj
 0001:000025b1       ?get_info@RImage_Memory@stdlib@lib2d@modules@UModSys@@UBEABUSImageInfo@35@XZ 100035b1 f i umodsys_lib_lib2d:umodsys.mod.2d.stdlib.obj
 0001:000025b5       ?get_data@RImage_Memory@stdlib@lib2d@modules@UModSys@@UBE_NABUSImagePatchInfo@35@ABUSMem@core@5@H@Z 100035b5 f i umodsys_lib_lib2d:umodsys.mod.2d.stdlib.obj
 0001:0000263b       ?get_controller@RRenderDriver2D@SDL_core@ui@modules@UModSys@@UBEPAUIRefObject@core@5@PBUSUniquePointerInfo@75@@Z 1000363b f i umodsys_lib_libui:umodsys.mod.ui.SDL_core.obj
 0001:0000263b       ?get_hwinfo@RImage_Memory@stdlib@lib2d@modules@UModSys@@UAEPAXPBUSUniquePointerInfo@core@5@@Z 1000363b f i umodsys_lib_lib2d:umodsys.mod.2d.stdlib.obj
 0001:0000263b       ?get_layer@RMultiImage2D_SDL_ttf@SDL_core@ui@modules@UModSys@@UAEPAUIImage@lib2d@5@H@Z 1000363b f i umodsys_lib_libui:umodsys.mod.ui.SDL_core.obj
 0001:0000263b       ?get_hwcinfo@RImage_Memory@stdlib@lib2d@modules@UModSys@@UBEPBXPBUSUniquePointerInfo@core@5@@Z 1000363b f i umodsys_lib_lib2d:umodsys.mod.2d.stdlib.obj
 0001:00002640       ??0RImage_Memory@stdlib@lib2d@modules@UModSys@@QAE@PAUIModObject@base@4@ABUSParameters@core@4@@Z 10003640 f i umodsys_lib_lib2d:umodsys.mod.2d.stdlib.obj
 0001:0000268c       ??4State@RImage_Memory@stdlib@lib2d@modules@UModSys@@QAEAAU012345@ABU012345@@Z 1000368c f i umodsys_lib_lib2d:umodsys.mod.2d.stdlib.obj
 0001:000026dc       ??_ERImage_Memory@stdlib@lib2d@modules@UModSys@@UAEPAXI@Z 100036dc f i  CIL library: CIL module
 0001:000026dc       ??_GRImage_Memory@stdlib@lib2d@modules@UModSys@@UAEPAXI@Z 100036dc f i umodsys_lib_lib2d:umodsys.mod.2d.stdlib.obj
 0001:00002723       ?get_generated_names@RGenerator@stdlib@lib2d@modules@UModSys@@UBEHAAUSUniquePtrList@core@5@@Z 10003723 f i umodsys_lib_lib2d:umodsys.mod.2d.stdlib.obj
 0001:0000273c       ?get_generated_types@RGenerator@stdlib@lib2d@modules@UModSys@@UBEHAAUSUniquePtrList@core@5@PBUSUniquePointerInfo@75@@Z 1000373c f i umodsys_lib_lib2d:umodsys.mod.2d.stdlib.obj
 0001:0000276e       ?generate@RGenerator@stdlib@lib2d@modules@UModSys@@UAE_NAAU?$TRefObject@UIRefObject@core@UModSys@@U?$TRefObjectFunc@UIRefObject@core@UModSys@@@tl@3@@tl@5@PBUSUniquePointerInfo@core@5@ABUSParameters@95@@Z 1000376e f i umodsys_lib_lib2d:umodsys.mod.2d.stdlib.obj
 0001:0000278f       ?root_get_interface_info@RGenerator@stdlib@lib2d@modules@UModSys@@UBEABUSUniquePointerInfo@core@5@XZ 1000378f f i umodsys_lib_lib2d:umodsys.mod.2d.stdlib.obj
 0001:00002795       ?root_get_interface_type@RGenerator@stdlib@lib2d@modules@UModSys@@UBEPBUSUniquePointerInfo@core@5@XZ 10003795 f i umodsys_lib_lib2d:umodsys.mod.2d.stdlib.obj
 0001:0000279b       ?root_get_other_interface@RGenerator@stdlib@lib2d@modules@UModSys@@UAEPAUIRoot@core@5@PBUSUniquePointerInfo@75@@Z 1000379b f i umodsys_lib_lib2d:umodsys.mod.2d.stdlib.obj
 0001:0000279b       ?root_get_other_interface@RGenerator@stdlib@lib2d@modules@UModSys@@UBEPBUIRoot@core@5@PBUSUniquePointerInfo@75@@Z 1000379b f i umodsys_lib_lib2d:umodsys.mod.2d.stdlib.obj
 0001:000027b4       ?root_is_interface_supported@RGenerator@stdlib@lib2d@modules@UModSys@@UBE_NPBUSUniquePointerInfo@core@5@@Z 100037b4 f i umodsys_lib_lib2d:umodsys.mod.2d.stdlib.obj
 0001:000027d3       ?ref_weak@RDialog@frames@ui@modules@UModSys@@UBE_NAAUWeakPointer@IRefObject@core@5@@Z 100037d3 f i umodsys_lib_libui:umodsys.mod.ui.frames.obj
 0001:000027d3       ?ref_weak@RRenderDriver2D@SDL_core@ui@modules@UModSys@@UBE_NAAUWeakPointer@IRefObject@core@5@@Z 100037d3 f i umodsys_lib_libui:umodsys.mod.ui.SDL_core.obj
 0001:000027d3       ?ref_weak@RGenerator@test1@test@modules@UModSys@@UBE_NAAUWeakPointer@IRefObject@core@5@@Z 100037d3 f i plugin_test1.obj
 0001:000027d3       ?ref_weak@RKeyboardController@SDL_core@ui@modules@UModSys@@UBE_NAAUWeakPointer@IRefObject@core@5@@Z 100037d3 f i umodsys_lib_libui:umodsys.mod.ui.SDL_core.obj
 0001:000027d3       ?ref_weak@RGenerator@images_std@media@modules@UModSys@@UBE_NAAUWeakPointer@IRefObject@core@5@@Z 100037d3 f i umodsys_lib_libmedia:umodsys.mod.media.images_std.obj
 0001:000027d3       ?ref_weak@RImage_Memory@stdlib@lib2d@modules@UModSys@@UBE_NAAUWeakPointer@IRefObject@core@5@@Z 100037d3 f i umodsys_lib_lib2d:umodsys.mod.2d.stdlib.obj
 0001:000027d3       ?ref_weak@RGenerator@stdlib@lib2d@modules@UModSys@@UBE_NAAUWeakPointer@IRefObject@core@5@@Z 100037d3 f i umodsys_lib_lib2d:umodsys.mod.2d.stdlib.obj
 0001:000027d3       ?ref_weak@RMouseController@SDL_core@ui@modules@UModSys@@UBE_NAAUWeakPointer@IRefObject@core@5@@Z 100037d3 f i umodsys_lib_libui:umodsys.mod.ui.SDL_core.obj
 0001:000027d3       ?ref_weak@RGenerator@SDL_core@ui@modules@UModSys@@UBE_NAAUWeakPointer@IRefObject@core@5@@Z 100037d3 f i umodsys_lib_libui:umodsys.mod.ui.SDL_core.obj
 0001:000027d3       ?ref_weak@RTerminal@SDL_core@ui@modules@UModSys@@UBE_NAAUWeakPointer@IRefObject@core@5@@Z 100037d3 f i umodsys_lib_libui:umodsys.mod.ui.SDL_core.obj
 0001:000027d3       ?ref_weak@RGenerator@frames@ui@modules@UModSys@@UBE_NAAUWeakPointer@IRefObject@core@5@@Z 100037d3 f i umodsys_lib_libui:umodsys.mod.ui.frames.obj
 0001:000027d3       ?ref_weak@RMultiImage2D_SDL_ttf@SDL_core@ui@modules@UModSys@@UBE_NAAUWeakPointer@IRefObject@core@5@@Z 100037d3 f i umodsys_lib_libui:umodsys.mod.ui.SDL_core.obj
 0001:000027f2       ?get_uid@RGenerator@stdlib@lib2d@modules@UModSys@@UBEPBUSUniquePointerInfo@core@5@XZ 100037f2 f i umodsys_lib_lib2d:umodsys.mod.2d.stdlib.obj
 0001:000027f8       ?do_open@RModuleReg@stdlib@lib2d@modules@UModSys@@UAE_NXZ 100037f8 f i umodsys_lib_lib2d:umodsys.mod.2d.stdlib.obj
 0001:00002846       ?do_close@RModuleReg@stdlib@lib2d@modules@UModSys@@UAE_NXZ 10003846 f i umodsys_lib_lib2d:umodsys.mod.2d.stdlib.obj
 0001:00002881       ?get_module@RGenerator@stdlib@lib2d@modules@UModSys@@UBEPAUIModule@base@5@XZ 10003881 f   umodsys_lib_lib2d:umodsys.mod.2d.stdlib.obj
 0001:00002887       ?mod_inc@RGenerator@stdlib@lib2d@modules@UModSys@@UBE_NXZ 10003887 f   umodsys_lib_lib2d:umodsys.mod.2d.stdlib.obj
 0001:00002892       ?mod_dec@RGenerator@stdlib@lib2d@modules@UModSys@@UBE_NXZ 10003892 f   umodsys_lib_lib2d:umodsys.mod.2d.stdlib.obj
 0001:0000289d       ?s_holder@RGenerator@stdlib@lib2d@modules@UModSys@@SAAAU?$TTypeStaticHolder@URGenerator@stdlib@lib2d@modules@UModSys@@@tl@5@XZ 1000389d f   umodsys_lib_lib2d:umodsys.mod.2d.stdlib.obj
 0001:000028cf       ??$t_gen_param@URImage_Memory@stdlib@lib2d@modules@UModSys@@URGenerator@2345@@IGenerator@base@UModSys@@IAE_NPAURGenerator@stdlib@lib2d@modules@2@AAU?$TRefObject@UIRefObject@core@UModSys@@U?$TRefObjectFunc@UIRefObject@core@UModSys@@@tl@3@@tl@2@PBUSUniquePointerInfo@core@2@ABUSParameters@core@2@@Z 100038cf f i umodsys_lib_lib2d:umodsys.mod.2d.stdlib.obj
 0001:00002961       ?remove@WeakPointer@IRefObject@core@UModSys@@QAEXXZ 10003961 f i umodsys_lib_libui:umodsys.mod.ui.SDL_core.obj
 0001:00002987       ?utf_8to32@su@tl@UModSys@@YA_NAAHAAPBDAAI@Z 10003987 f i umodsys_lib_libui:umodsys.mod.ui.SDL_core.obj
 0001:00002a46       ?get@SParameters@core@UModSys@@QBE_NPBDAAPBD@Z 10003a46 f i umodsys_lib_libui:umodsys.mod.ui.SDL_core.obj
 0001:00002a61       ?get@SParameters@core@UModSys@@QBE_NPBDAAH@Z 10003a61 f i umodsys_lib_libui:umodsys.mod.ui.SDL_core.obj
 0001:00002a7c       ?root_get_interface_info@RMultiImage2D_SDL_ttf@SDL_core@ui@modules@UModSys@@UBEABUSUniquePointerInfo@core@5@XZ 10003a7c f i umodsys_lib_libui:umodsys.mod.ui.SDL_core.obj
 0001:00002a82       ?root_get_interface_type@RMultiImage2D_SDL_ttf@SDL_core@ui@modules@UModSys@@UBEPBUSUniquePointerInfo@core@5@XZ 10003a82 f i umodsys_lib_libui:umodsys.mod.ui.SDL_core.obj
 0001:00002a88       ?root_get_other_interface@RMultiImage2D_SDL_ttf@SDL_core@ui@modules@UModSys@@UBEPBUIRoot@core@5@PBUSUniquePointerInfo@75@@Z 10003a88 f i umodsys_lib_libui:umodsys.mod.ui.SDL_core.obj
 0001:00002a88       ?root_get_other_interface@RMultiImage2D_SDL_ttf@SDL_core@ui@modules@UModSys@@UAEPAUIRoot@core@5@PBUSUniquePointerInfo@75@@Z 10003a88 f i umodsys_lib_libui:umodsys.mod.ui.SDL_core.obj
 0001:00002aa9       ?root_is_interface_supported@RMultiImage2D_SDL_ttf@SDL_core@ui@modules@UModSys@@UBE_NPBUSUniquePointerInfo@core@5@@Z 10003aa9 f i umodsys_lib_libui:umodsys.mod.ui.SDL_core.obj
 0001:00002ad0       ??0RMultiImage2D_SDL_ttf@SDL_core@ui@modules@UModSys@@QAE@PAURRenderDriver2D@1234@ABUSParameters@core@4@@Z 10003ad0 f i umodsys_lib_libui:umodsys.mod.ui.SDL_core.obj
 0001:00002b34       ?open@RMultiImage2D_SDL_ttf@SDL_core@ui@modules@UModSys@@QAE_NABUSParameters@core@5@@Z 10003b34 f i umodsys_lib_libui:umodsys.mod.ui.SDL_core.obj
 0001:00002bd2       ?generate_glyphs@RMultiImage2D_SDL_ttf@SDL_core@ui@modules@UModSys@@QAE_NXZ 10003bd2 f i umodsys_lib_libui:umodsys.mod.ui.SDL_core.obj
 0001:00002d63       ?command_draw@RTest1_Shell@test1@test@modules@UModSys@@UAE_NABUSController@libui@5@PAUIRenderDriver@lib2d@5@ABU?$TBoundBox2@H@math3d@5@@Z 10003d63 f i plugin_test1.obj
 0001:00002d63       ?set_var_cell@RMultiImage2D_SDL_ttf@SDL_core@ui@modules@UModSys@@UAE_NPBUSImageCellInfo@lib2d@5@HH@Z 10003d63 f i umodsys_lib_libui:umodsys.mod.ui.SDL_core.obj
 0001:00002d63       ?get_cell_size@RMultiImage2D_SDL_ttf@SDL_core@ui@modules@UModSys@@UAE_NHAAU?$TVector2@H@math3d@5@PAU675@@Z 10003d63 f i umodsys_lib_libui:umodsys.mod.ui.SDL_core.obj
 0001:00002d63       ?key_setmodifier@RKeyboardController@SDL_core@ui@modules@UModSys@@UAE_NHHH@Z 10003d63 f i umodsys_lib_libui:umodsys.mod.ui.SDL_core.obj
 0001:00002d68       ??_ERMultiImage2D_SDL_ttf@SDL_core@ui@modules@UModSys@@UAEPAXI@Z 10003d68 f i  CIL library: CIL module
 0001:00002d68       ??_GRMultiImage2D_SDL_ttf@SDL_core@ui@modules@UModSys@@UAEPAXI@Z 10003d68 f i umodsys_lib_libui:umodsys.mod.ui.SDL_core.obj
 0001:00002dd0       ?root_get_interface_info@RRenderDriver2D@SDL_core@ui@modules@UModSys@@UBEABUSUniquePointerInfo@core@5@XZ 10003dd0 f i umodsys_lib_libui:umodsys.mod.ui.SDL_core.obj
 0001:00002dd6       ?root_get_interface_type@RRenderDriver2D@SDL_core@ui@modules@UModSys@@UBEPBUSUniquePointerInfo@core@5@XZ 10003dd6 f i umodsys_lib_libui:umodsys.mod.ui.SDL_core.obj
 0001:00002ddc       ?root_get_other_interface@RRenderDriver2D@SDL_core@ui@modules@UModSys@@UBEPBUIRoot@core@5@PBUSUniquePointerInfo@75@@Z 10003ddc f i umodsys_lib_libui:umodsys.mod.ui.SDL_core.obj
 0001:00002ddc       ?root_get_other_interface@RRenderDriver2D@SDL_core@ui@modules@UModSys@@UAEPAUIRoot@core@5@PBUSUniquePointerInfo@75@@Z 10003ddc f i umodsys_lib_libui:umodsys.mod.ui.SDL_core.obj
 0001:00002dfd       ?root_is_interface_supported@RRenderDriver2D@SDL_core@ui@modules@UModSys@@UBE_NPBUSUniquePointerInfo@core@5@@Z 10003dfd f i umodsys_lib_libui:umodsys.mod.ui.SDL_core.obj
 0001:00002e24       ?ref_add@RGenerator@stdlib@lib2d@modules@UModSys@@UBEXXZ 10003e24 f i umodsys_lib_lib2d:umodsys.mod.2d.stdlib.obj
 0001:00002e24       ?ref_add@RImage_Memory@stdlib@lib2d@modules@UModSys@@UBEXXZ 10003e24 f i umodsys_lib_lib2d:umodsys.mod.2d.stdlib.obj
 0001:00002e24       ?ref_add@RKeyboardController@SDL_core@ui@modules@UModSys@@UBEXXZ 10003e24 f i umodsys_lib_libui:umodsys.mod.ui.SDL_core.obj
 0001:00002e24       ?ref_add@RRenderDriver2D@SDL_core@ui@modules@UModSys@@UBEXXZ 10003e24 f i umodsys_lib_libui:umodsys.mod.ui.SDL_core.obj
 0001:00002e24       ?ref_add@RMouseController@SDL_core@ui@modules@UModSys@@UBEXXZ 10003e24 f i umodsys_lib_libui:umodsys.mod.ui.SDL_core.obj
 0001:00002e24       ?ref_add@RTerminal@SDL_core@ui@modules@UModSys@@UBEXXZ 10003e24 f i umodsys_lib_libui:umodsys.mod.ui.SDL_core.obj
 0001:00002e24       ?ref_add@RGenerator@test1@test@modules@UModSys@@UBEXXZ 10003e24 f i plugin_test1.obj
 0001:00002e24       ?ref_add@RDialog@frames@ui@modules@UModSys@@UBEXXZ 10003e24 f i umodsys_lib_libui:umodsys.mod.ui.frames.obj
 0001:00002e24       ?ref_add@RGenerator@frames@ui@modules@UModSys@@UBEXXZ 10003e24 f i umodsys_lib_libui:umodsys.mod.ui.frames.obj
 0001:00002e24       ?ref_add@RMultiImage2D_SDL_ttf@SDL_core@ui@modules@UModSys@@UBEXXZ 10003e24 f i umodsys_lib_libui:umodsys.mod.ui.SDL_core.obj
 0001:00002e24       ?ref_add@RGenerator@images_std@media@modules@UModSys@@UBEXXZ 10003e24 f i umodsys_lib_libmedia:umodsys.mod.media.images_std.obj
 0001:00002e24       ?ref_add@RGenerator@SDL_core@ui@modules@UModSys@@UBEXXZ 10003e24 f i umodsys_lib_libui:umodsys.mod.ui.SDL_core.obj
 0001:00002e28       ?suicide@RMouseController@SDL_core@ui@modules@UModSys@@UAEXXZ 10003e28 f i umodsys_lib_libui:umodsys.mod.ui.SDL_core.obj
 0001:00002e28       ?suicide@RRenderDriver2D@SDL_core@ui@modules@UModSys@@UAEXXZ 10003e28 f i umodsys_lib_libui:umodsys.mod.ui.SDL_core.obj
 0001:00002e28       ?suicide@RKeyboardController@SDL_core@ui@modules@UModSys@@UAEXXZ 10003e28 f i umodsys_lib_libui:umodsys.mod.ui.SDL_core.obj
 0001:00002e28       ?suicide@RMultiImage2D_SDL_ttf@SDL_core@ui@modules@UModSys@@UAEXXZ 10003e28 f i umodsys_lib_libui:umodsys.mod.ui.SDL_core.obj
 0001:00002e28       ?suicide@RDialog@frames@ui@modules@UModSys@@UAEXXZ 10003e28 f i umodsys_lib_libui:umodsys.mod.ui.frames.obj
 0001:00002e68       ??0RRenderDriver2D@SDL_core@ui@modules@UModSys@@QAE@PAURTerminal@1234@ABUSParameters@core@4@@Z 10003e68 f i umodsys_lib_libui:umodsys.mod.ui.SDL_core.obj
 0001:00002f0b       ?close@RRenderDriver2D@SDL_core@ui@modules@UModSys@@QAEXXZ 10003f0b f i umodsys_lib_libui:umodsys.mod.ui.SDL_core.obj
 0001:00002f30       ?open@RRenderDriver2D@SDL_core@ui@modules@UModSys@@QAE_NABUSParameters@core@5@@Z 10003f30 f i umodsys_lib_libui:umodsys.mod.ui.SDL_core.obj
 0001:00003069       ?set_color@RRenderDriver2D@SDL_core@ui@modules@UModSys@@QAEXXZ 10004069 f i umodsys_lib_libui:umodsys.mod.ui.SDL_core.obj
 0001:000030cc       ?begin@RRenderDriver2D@SDL_core@ui@modules@UModSys@@UAEXXZ 100040cc f i umodsys_lib_libui:umodsys.mod.ui.SDL_core.obj
 0001:00003129       ?end@RRenderDriver2D@SDL_core@ui@modules@UModSys@@UAEXXZ 10004129 f i umodsys_lib_libui:umodsys.mod.ui.SDL_core.obj
 0001:00003138       ?get_max_values@RRenderDriver2D@SDL_core@ui@modules@UModSys@@UBEPBUSParameters@core@5@XZ 10004138 f i umodsys_lib_libui:umodsys.mod.ui.SDL_core.obj
 0001:0000313c       ?get_frame_values@RRenderDriver2D@SDL_core@ui@modules@UModSys@@UBEPBUSParameters@core@5@XZ 1000413c f i umodsys_lib_libui:umodsys.mod.ui.SDL_core.obj
 0001:00003143       ?setup_font@RRenderDriver2D@SDL_core@ui@modules@UModSys@@UAE_NPAUIMultiImage@lib2d@5@PBU?$TVector2@M@math3d@5@@Z 10004143 f i umodsys_lib_libui:umodsys.mod.ui.SDL_core.obj
 0001:00003195       ?setup_color@RRenderDriver2D@SDL_core@ui@modules@UModSys@@UAEXABU?$TVector3@M@math3d@5@@Z 10004195 f i umodsys_lib_libui:umodsys.mod.ui.SDL_core.obj
 0001:000031bc       ?setup_color@RRenderDriver2D@SDL_core@ui@modules@UModSys@@UAEXABU?$TVector3@H@math3d@5@@Z 100041bc f i umodsys_lib_libui:umodsys.mod.ui.SDL_core.obj
 0001:000031ff       ?setup_coloralpha@RRenderDriver2D@SDL_core@ui@modules@UModSys@@UAEXABU?$TVector4@M@math3d@5@H@Z 100041ff f i umodsys_lib_libui:umodsys.mod.ui.SDL_core.obj
 0001:00003225       ?setup_coloralpha@RRenderDriver2D@SDL_core@ui@modules@UModSys@@UAEXABU?$TVector4@H@math3d@5@H@Z 10004225 f i umodsys_lib_libui:umodsys.mod.ui.SDL_core.obj
 0001:0000327d       ?setup_blendcolor@RRenderDriver2D@SDL_core@ui@modules@UModSys@@UAEXABUSBlendColor@lib2d@5@@Z 1000427d f i umodsys_lib_libui:umodsys.mod.ui.SDL_core.obj
 0001:000032d5       ?setup_blendcolor@RRenderDriver2D@SDL_core@ui@modules@UModSys@@UAEXABUSBlendColorf@lib2d@5@@Z 100042d5 f i umodsys_lib_libui:umodsys.mod.ui.SDL_core.obj
 0001:00003317       ?setup_alpha@RRenderDriver2D@SDL_core@ui@modules@UModSys@@UAEXHH@Z 10004317 f i umodsys_lib_libui:umodsys.mod.ui.SDL_core.obj
 0001:0000333d       ?setup_alpha@RRenderDriver2D@SDL_core@ui@modules@UModSys@@UAEXMH@Z 1000433d f i umodsys_lib_libui:umodsys.mod.ui.SDL_core.obj
 0001:0000335d       ?render_text_advanced@RRenderDriver2D@SDL_core@ui@modules@UModSys@@UAE_NAAUTextInfo@IRenderDriver@lib2d@5@PBHH@Z 1000435d f i umodsys_lib_libui:umodsys.mod.ui.SDL_core.obj
 0001:00003511       ?render_box@RRenderDriver2D@SDL_core@ui@modules@UModSys@@UAEXABU?$TVector2@H@math3d@5@0@Z 10004511 f i umodsys_lib_libui:umodsys.mod.ui.SDL_core.obj
 0001:0000355e       ?render_tri@RRenderDriver2D@SDL_core@ui@modules@UModSys@@UAEXABU?$TVector2@H@math3d@5@00@Z 1000455e f i umodsys_lib_libui:umodsys.mod.ui.SDL_core.obj
 0001:000035b2       ?render_quad@RRenderDriver2D@SDL_core@ui@modules@UModSys@@UAEXABU?$TVector2@H@math3d@5@000@Z 100045b2 f i umodsys_lib_libui:umodsys.mod.ui.SDL_core.obj
 0001:00003614       ?render_box@RRenderDriver2D@SDL_core@ui@modules@UModSys@@UAEXPAUIImage@lib2d@5@ABU?$TVector2@H@math3d@5@1ABU?$TVector2@M@95@2@Z 10004614 f i umodsys_lib_libui:umodsys.mod.ui.SDL_core.obj
 0001:00003617       ?render_line@RRenderDriver2D@SDL_core@ui@modules@UModSys@@UAEXABU?$TVector2@H@math3d@5@0@Z 10004617 f i umodsys_lib_libui:umodsys.mod.ui.SDL_core.obj
 0001:0000363c       ?render_rect@RRenderDriver2D@SDL_core@ui@modules@UModSys@@UAEXABU?$TVector2@H@math3d@5@0@Z 1000463c f i umodsys_lib_libui:umodsys.mod.ui.SDL_core.obj
 0001:00003689       ??_ERRenderDriver2D@SDL_core@ui@modules@UModSys@@UAEPAXI@Z 10004689 f i  CIL library: CIL module
 0001:00003689       ??_GRRenderDriver2D@SDL_core@ui@modules@UModSys@@UAEPAXI@Z 10004689 f i umodsys_lib_libui:umodsys.mod.ui.SDL_core.obj
 0001:00003700       ?root_get_interface_info@RMouseController@SDL_core@ui@modules@UModSys@@UBEABUSUniquePointerInfo@core@5@XZ 10004700 f i umodsys_lib_libui:umodsys.mod.ui.SDL_core.obj
 0001:00003706       ?root_get_interface_type@RMouseController@SDL_core@ui@modules@UModSys@@UBEPBUSUniquePointerInfo@core@5@XZ 10004706 f i umodsys_lib_libui:umodsys.mod.ui.SDL_core.obj
 0001:0000370c       ?root_get_other_interface@RMouseController@SDL_core@ui@modules@UModSys@@UAEPAUIRoot@core@5@PBUSUniquePointerInfo@75@@Z 1000470c f i umodsys_lib_libui:umodsys.mod.ui.SDL_core.obj
 0001:0000370c       ?root_get_other_interface@RMouseController@SDL_core@ui@modules@UModSys@@UBEPBUIRoot@core@5@PBUSUniquePointerInfo@75@@Z 1000470c f i umodsys_lib_libui:umodsys.mod.ui.SDL_core.obj
 0001:0000372d       ?root_is_interface_supported@RMouseController@SDL_core@ui@modules@UModSys@@UBE_NPBUSUniquePointerInfo@core@5@@Z 1000472d f i umodsys_lib_libui:umodsys.mod.ui.SDL_core.obj
 0001:00003754       ?ref_links@RRenderDriver2D@SDL_core@ui@modules@UModSys@@UBEHXZ 10004754 f i umodsys_lib_libui:umodsys.mod.ui.SDL_core.obj
 0001:00003754       ?ref_links@RTerminal@SDL_core@ui@modules@UModSys@@UBEHXZ 10004754 f i umodsys_lib_libui:umodsys.mod.ui.SDL_core.obj
 0001:00003754       ?ref_links@RImage_Memory@stdlib@lib2d@modules@UModSys@@UBEHXZ 10004754 f i umodsys_lib_lib2d:umodsys.mod.2d.stdlib.obj
 0001:00003754       ?ref_links@RKeyboardController@SDL_core@ui@modules@UModSys@@UBEHXZ 10004754 f i umodsys_lib_libui:umodsys.mod.ui.SDL_core.obj
 0001:00003754       ?ref_links@RGenerator@stdlib@lib2d@modules@UModSys@@UBEHXZ 10004754 f i umodsys_lib_lib2d:umodsys.mod.2d.stdlib.obj
 0001:00003754       ?ref_links@RMouseController@SDL_core@ui@modules@UModSys@@UBEHXZ 10004754 f i umodsys_lib_libui:umodsys.mod.ui.SDL_core.obj
 0001:00003754       ?ref_links@RGenerator@images_std@media@modules@UModSys@@UBEHXZ 10004754 f i umodsys_lib_libmedia:umodsys.mod.media.images_std.obj
 0001:00003754       ?ref_links@RMultiImage2D_SDL_ttf@SDL_core@ui@modules@UModSys@@UBEHXZ 10004754 f i umodsys_lib_libui:umodsys.mod.ui.SDL_core.obj
 0001:00003754       ?ref_links@RDialog@frames@ui@modules@UModSys@@UBEHXZ 10004754 f i umodsys_lib_libui:umodsys.mod.ui.frames.obj
 0001:00003754       ?ref_links@RGenerator@SDL_core@ui@modules@UModSys@@UBEHXZ 10004754 f i umodsys_lib_libui:umodsys.mod.ui.SDL_core.obj
 0001:00003754       ?ref_links@RGenerator@frames@ui@modules@UModSys@@UBEHXZ 10004754 f i umodsys_lib_libui:umodsys.mod.ui.frames.obj
 0001:00003754       ?ref_links@RGenerator@test1@test@modules@UModSys@@UBEHXZ 10004754 f i plugin_test1.obj
 0001:00003758       ??0RMouseController@SDL_core@ui@modules@UModSys@@QAE@PAURTerminal@1234@ABUSParameters@core@4@@Z 10004758 f i umodsys_lib_libui:umodsys.mod.ui.SDL_core.obj
 0001:000037a6       ?process@RMouseController@SDL_core@ui@modules@UModSys@@QAE_NAAUSDL_MouseMotionEvent@@@Z 100047a6 f i umodsys_lib_libui:umodsys.mod.ui.SDL_core.obj
 0001:0000388d       ?process@RMouseController@SDL_core@ui@modules@UModSys@@QAE_NAAUSDL_MouseButtonEvent@@@Z 1000488d f i umodsys_lib_libui:umodsys.mod.ui.SDL_core.obj
 0001:00003954       ?process@RMouseController@SDL_core@ui@modules@UModSys@@QAE_NAAUSDL_MouseWheelEvent@@@Z 10004954 f i umodsys_lib_libui:umodsys.mod.ui.SDL_core.obj
 0001:000039f5       ?mouse_unlink@RMouseController@SDL_core@ui@modules@UModSys@@UAE_NH@Z 100049f5 f i umodsys_lib_libui:umodsys.mod.ui.SDL_core.obj
 0001:000039f5       ?key_unlink@RKeyboardController@SDL_core@ui@modules@UModSys@@UAE_NH@Z 100049f5 f i umodsys_lib_libui:umodsys.mod.ui.SDL_core.obj
 0001:00003a54       ?mouse_link@RMouseController@SDL_core@ui@modules@UModSys@@UAE_NHPAUIRefObject@core@5@PAUIMouseClient@libui@5@H@Z 10004a54 f i umodsys_lib_libui:umodsys.mod.ui.SDL_core.obj
 0001:00003a93       ?set_fixed_cell@RMultiImage2D_SDL_ttf@SDL_core@ui@modules@UModSys@@UAE_NHH@Z 10004a93 f i umodsys_lib_libui:umodsys.mod.ui.SDL_core.obj
 0001:00003a93       ?mouse_setposition@RMouseController@SDL_core@ui@modules@UModSys@@UAE_NHH@Z 10004a93 f i umodsys_lib_libui:umodsys.mod.ui.SDL_core.obj
 0001:00003a93       ?output_attach_3d@RCollector@frames@ui@modules@UModSys@@UAE_NPAUIRenderDriver@lib3d@5@H@Z 10004a93 f i umodsys_lib_libui:umodsys.mod.ui.frames.obj
 0001:00003a93       ?set_parameters@RRenderDriver2D@SDL_core@ui@modules@UModSys@@UAE_NPBDABUSParameters@core@5@@Z 10004a93 f i umodsys_lib_libui:umodsys.mod.ui.SDL_core.obj
 0001:00003a93       ?set_repeater@RFrame_Common@frames@ui@modules@UModSys@@UAE_NHH@Z 10004a93 f i umodsys_lib_libui:umodsys.mod.ui.frames.obj
 0001:00003a93       ?key_setrepeat@RKeyboardController@SDL_core@ui@modules@UModSys@@UAE_NMM@Z 10004a93 f i umodsys_lib_libui:umodsys.mod.ui.SDL_core.obj
 0001:00003a93       ?filter_load@RMediaFilter@images_std@media@modules@UModSys@@UAE_NABUSInfo@IBinObjFilter@libmedia@5@AAU?$TRefObject@UIRefObject@core@UModSys@@U?$TRefObjectFunc@UIRefObject@core@UModSys@@@tl@3@@tl@5@@Z 10004a93 f i umodsys_lib_libmedia:umodsys.mod.media.images_std.obj
 0001:00003a93       ?set_hint@RMultiImage2D_SDL_ttf@SDL_core@ui@modules@UModSys@@UAE_NPBD0@Z 10004a93 f i umodsys_lib_libui:umodsys.mod.ui.SDL_core.obj
 0001:00003a98       ??_ERMouseController@SDL_core@ui@modules@UModSys@@UAEPAXI@Z 10004a98 f i  CIL library: CIL module
 0001:00003a98       ??_GRMouseController@SDL_core@ui@modules@UModSys@@UAEPAXI@Z 10004a98 f i umodsys_lib_libui:umodsys.mod.ui.SDL_core.obj
 0001:00003aee       ?root_get_interface_info@RKeyboardController@SDL_core@ui@modules@UModSys@@UBEABUSUniquePointerInfo@core@5@XZ 10004aee f i umodsys_lib_libui:umodsys.mod.ui.SDL_core.obj
 0001:00003af4       ?root_get_interface_type@RKeyboardController@SDL_core@ui@modules@UModSys@@UBEPBUSUniquePointerInfo@core@5@XZ 10004af4 f i umodsys_lib_libui:umodsys.mod.ui.SDL_core.obj
 0001:00003afa       ?root_get_other_interface@RKeyboardController@SDL_core@ui@modules@UModSys@@UAEPAUIRoot@core@5@PBUSUniquePointerInfo@75@@Z 10004afa f i umodsys_lib_libui:umodsys.mod.ui.SDL_core.obj
 0001:00003afa       ?root_get_other_interface@RKeyboardController@SDL_core@ui@modules@UModSys@@UBEPBUIRoot@core@5@PBUSUniquePointerInfo@75@@Z 10004afa f i umodsys_lib_libui:umodsys.mod.ui.SDL_core.obj
 0001:00003b1b       ?root_is_interface_supported@RKeyboardController@SDL_core@ui@modules@UModSys@@UBE_NPBUSUniquePointerInfo@core@5@@Z 10004b1b f i umodsys_lib_libui:umodsys.mod.ui.SDL_core.obj
 0001:00003b42       ??0RKeyboardController@SDL_core@ui@modules@UModSys@@QAE@PAURTerminal@1234@ABUSParameters@core@4@@Z 10004b42 f i umodsys_lib_libui:umodsys.mod.ui.SDL_core.obj
 0001:00003b90       ?process@RKeyboardController@SDL_core@ui@modules@UModSys@@QAE_NAAUSDL_KeyboardEvent@@@Z 10004b90 f i umodsys_lib_libui:umodsys.mod.ui.SDL_core.obj
 0001:00003c31       ?process@RKeyboardController@SDL_core@ui@modules@UModSys@@QAE_NAAUSDL_TextInputEvent@@@Z 10004c31 f i umodsys_lib_libui:umodsys.mod.ui.SDL_core.obj
 0001:00003cd8       ?map_keycode@RKeyboardController@SDL_core@ui@modules@UModSys@@QAE?AW4eKeyCode@libui@5@H@Z 10004cd8 f i umodsys_lib_libui:umodsys.mod.ui.SDL_core.obj
 0001:00004153       ?map_keyspecial@RKeyboardController@SDL_core@ui@modules@UModSys@@QAEFG@Z 10005153 f i umodsys_lib_libui:umodsys.mod.ui.SDL_core.obj
 0001:000041c6       ?key_link@RKeyboardController@SDL_core@ui@modules@UModSys@@UAE_NHPAUIRefObject@core@5@PAUIKeyboardClient@libui@5@@Z 100051c6 f i umodsys_lib_libui:umodsys.mod.ui.SDL_core.obj
 0001:000041fe       ?mouse_reset@RMouseController@SDL_core@ui@modules@UModSys@@UAE_NXZ 100051fe f i umodsys_lib_libui:umodsys.mod.ui.SDL_core.obj
 0001:000041fe       ?key_reset@RKeyboardController@SDL_core@ui@modules@UModSys@@UAE_NXZ 100051fe f i umodsys_lib_libui:umodsys.mod.ui.SDL_core.obj
 0001:00004201       ?key_setvisible@RKeyboardController@SDL_core@ui@modules@UModSys@@UAE_N_N@Z 10005201 f i umodsys_lib_libui:umodsys.mod.ui.SDL_core.obj
 0001:00004219       ??_ERKeyboardController@SDL_core@ui@modules@UModSys@@UAEPAXI@Z 10005219 f i  CIL library: CIL module
 0001:00004219       ??_GRKeyboardController@SDL_core@ui@modules@UModSys@@UAEPAXI@Z 10005219 f i umodsys_lib_libui:umodsys.mod.ui.SDL_core.obj
 0001:0000426f       ??1IBinObjFilter@libmedia@UModSys@@UAE@XZ 1000526f f i plugin_test1.obj
 0001:0000426f       ??1ICollector@libui@UModSys@@UAE@XZ 1000526f f i umodsys_lib_libui:umodsys.mod.ui.frames.obj
 0001:0000426f       ??1IImage@lib2d@UModSys@@UAE@XZ 1000526f f i umodsys_lib_lib2d:umodsys.mod.2d.stdlib.obj
 0001:0000426f       ??1IMouseController@libui@UModSys@@UAE@XZ 1000526f f i umodsys_lib_libui:umodsys.mod.ui.SDL_core.obj
 0001:0000426f       ??1IKeyboardController@libui@UModSys@@UAE@XZ 1000526f f i umodsys_lib_libui:umodsys.mod.ui.SDL_core.obj
 0001:0000426f       ??1IMultiImage@lib2d@UModSys@@UAE@XZ 1000526f f i umodsys_lib_libui:umodsys.mod.ui.SDL_core.obj
 0001:0000426f       ??1IFrame@libui@UModSys@@UAE@XZ 1000526f f i umodsys_lib_libui:umodsys.mod.ui.frames.obj
 0001:0000426f       ??1IDialog@libui@UModSys@@UAE@XZ 1000526f f i umodsys_lib_libui:umodsys.mod.ui.frames.obj
 0001:0000426f       ??1IShell@base@UModSys@@UAE@XZ 1000526f f i plugin_test1.obj
 0001:0000426f       ??1IRenderDriver@lib2d@UModSys@@UAE@XZ 1000526f f i umodsys_lib_libui:umodsys.mod.ui.SDL_core.obj
 0001:0000426f       ??1ITerminal@libui@UModSys@@UAE@XZ 1000526f f i umodsys_lib_libui:umodsys.mod.ui.SDL_core.obj
 0001:00004276       ?root_get_interface_info@RTerminal@SDL_core@ui@modules@UModSys@@UBEABUSUniquePointerInfo@core@5@XZ 10005276 f i umodsys_lib_libui:umodsys.mod.ui.SDL_core.obj
 0001:0000427c       ?root_get_interface_type@RTerminal@SDL_core@ui@modules@UModSys@@UBEPBUSUniquePointerInfo@core@5@XZ 1000527c f i umodsys_lib_libui:umodsys.mod.ui.SDL_core.obj
 0001:00004282       ?root_get_other_interface@RTerminal@SDL_core@ui@modules@UModSys@@UBEPBUIRoot@core@5@PBUSUniquePointerInfo@75@@Z 10005282 f i umodsys_lib_libui:umodsys.mod.ui.SDL_core.obj
 0001:00004282       ?root_get_other_interface@RTerminal@SDL_core@ui@modules@UModSys@@UAEPAUIRoot@core@5@PBUSUniquePointerInfo@75@@Z 10005282 f i umodsys_lib_libui:umodsys.mod.ui.SDL_core.obj
 0001:000042a3       ?root_is_interface_supported@RTerminal@SDL_core@ui@modules@UModSys@@UBE_NPBUSUniquePointerInfo@core@5@@Z 100052a3 f i umodsys_lib_libui:umodsys.mod.ui.SDL_core.obj
 0001:000042ca       ?suicide@RImage_Memory@stdlib@lib2d@modules@UModSys@@UAEXXZ 100052ca f i umodsys_lib_lib2d:umodsys.mod.2d.stdlib.obj
 0001:000042ca       ?suicide@RTerminal@SDL_core@ui@modules@UModSys@@UAEXXZ 100052ca f i umodsys_lib_libui:umodsys.mod.ui.SDL_core.obj
 0001:00004311       ??0RTerminal@SDL_core@ui@modules@UModSys@@QAE@PAUIModObject@base@4@ABUSParameters@core@4@@Z 10005311 f i umodsys_lib_libui:umodsys.mod.ui.SDL_core.obj
 0001:00004384       ?poll_events@RTerminal@SDL_core@ui@modules@UModSys@@UAE_NH@Z 10005384 f i umodsys_lib_libui:umodsys.mod.ui.SDL_core.obj
 0001:000044a8       ?get_terminal_state@RTerminal@SDL_core@ui@modules@UModSys@@UAE_NW4eTerminalState@libui@5@@Z 100054a8 f i umodsys_lib_libui:umodsys.mod.ui.SDL_core.obj
 0001:000044c1       ?set_terminal_state@RTerminal@SDL_core@ui@modules@UModSys@@UAE_NW4eTerminalState@libui@5@_N@Z 100054c1 f i umodsys_lib_libui:umodsys.mod.ui.SDL_core.obj
 0001:0000451b       ?get_clock@RTerminal@SDL_core@ui@modules@UModSys@@UAENXZ 1000551b f i umodsys_lib_libui:umodsys.mod.ui.SDL_core.obj
 0001:00004533       ?wait@RTerminal@SDL_core@ui@modules@UModSys@@UAE_NM@Z 10005533 f i umodsys_lib_libui:umodsys.mod.ui.SDL_core.obj
 0001:0000454e       ?get_count@RTerminal@SDL_core@ui@modules@UModSys@@UBEIPBUSUniquePointerInfo@core@5@@Z 1000554e f i umodsys_lib_libui:umodsys.mod.ui.SDL_core.obj
 0001:00004581       ?get_handler@RTerminal@SDL_core@ui@modules@UModSys@@UBEPAUIRefObject@core@5@PBUSUniquePointerInfo@75@I@Z 10005581 f i umodsys_lib_libui:umodsys.mod.ui.SDL_core.obj
 0001:000045c9       ?get_handler@RTerminal@SDL_core@ui@modules@UModSys@@UBEPAUIRefObject@core@5@PBUSUniquePointerInfo@75@PBD@Z 100055c9 f i umodsys_lib_libui:umodsys.mod.ui.SDL_core.obj
 0001:000045d2       ?get_friend_handler@RTerminal@SDL_core@ui@modules@UModSys@@UBEPAUIRefObject@core@5@PBUSUniquePointerInfo@75@PAU675@@Z 100055d2 f i umodsys_lib_libui:umodsys.mod.ui.SDL_core.obj
 0001:000045d2       ?get_sub@RFrame_Common@frames@ui@modules@UModSys@@UAEPAUIFrame@libui@5@PAU675@H@Z 100055d2 f i umodsys_lib_libui:umodsys.mod.ui.frames.obj
 0001:000045d7       ?create_handler@RTerminal@SDL_core@ui@modules@UModSys@@UAE_NPBUSUniquePointerInfo@core@5@AAU?$TRefObject@UIRefObject@core@UModSys@@U?$TRefObjectFunc@UIRefObject@core@UModSys@@@tl@3@@tl@5@PBDPBUSParameters@75@@Z 100055d7 f i umodsys_lib_libui:umodsys.mod.ui.SDL_core.obj
 0001:00004810       ??_ERTerminal@SDL_core@ui@modules@UModSys@@UAEPAXI@Z 10005810 f i  CIL library: CIL module
 0001:00004810       ??_GRTerminal@SDL_core@ui@modules@UModSys@@UAEPAXI@Z 10005810 f i umodsys_lib_libui:umodsys.mod.ui.SDL_core.obj
 0001:00004880       ?new_font@RRenderDriver2D@SDL_core@ui@modules@UModSys@@UAE?AU?$TRefObject@UIMultiImage@lib2d@UModSys@@U?$TRefObjectFunc@UIMultiImage@lib2d@UModSys@@@tl@3@@tl@5@ABUSParameters@core@5@ABU?$TString@U?$TSCoreConst@D@su@tl@UModSys@@U?$TComparerBinaryHash@D@234@@75@@Z 10005880 f   umodsys_lib_libui:umodsys.mod.ui.SDL_core.obj
 0001:00004956       ?new_picture@RRenderDriver2D@SDL_core@ui@modules@UModSys@@UAE?AU?$TRefObject@UIImage@lib2d@UModSys@@U?$TRefObjectFunc@UIImage@lib2d@UModSys@@@tl@3@@tl@5@ABUSParameters@core@5@ABU?$TString@U?$TSCoreConst@D@su@tl@UModSys@@U?$TComparerBinaryHash@D@234@@75@@Z 10005956 f   umodsys_lib_libui:umodsys.mod.ui.SDL_core.obj
 0001:00004968       ?get_generated_names@RGenerator@SDL_core@ui@modules@UModSys@@UBEHAAUSUniquePtrList@core@5@@Z 10005968 f i umodsys_lib_libui:umodsys.mod.ui.SDL_core.obj
 0001:00004981       ?get_generated_types@RGenerator@SDL_core@ui@modules@UModSys@@UBEHAAUSUniquePtrList@core@5@PBUSUniquePointerInfo@75@@Z 10005981 f i umodsys_lib_libui:umodsys.mod.ui.SDL_core.obj
 0001:000049b3       ?generate@RGenerator@SDL_core@ui@modules@UModSys@@UAE_NAAU?$TRefObject@UIRefObject@core@UModSys@@U?$TRefObjectFunc@UIRefObject@core@UModSys@@@tl@3@@tl@5@PBUSUniquePointerInfo@core@5@ABUSParameters@95@@Z 100059b3 f i umodsys_lib_libui:umodsys.mod.ui.SDL_core.obj
 0001:000049d4       ?root_get_interface_info@RGenerator@SDL_core@ui@modules@UModSys@@UBEABUSUniquePointerInfo@core@5@XZ 100059d4 f i umodsys_lib_libui:umodsys.mod.ui.SDL_core.obj
 0001:000049da       ?root_get_interface_type@RGenerator@SDL_core@ui@modules@UModSys@@UBEPBUSUniquePointerInfo@core@5@XZ 100059da f i umodsys_lib_libui:umodsys.mod.ui.SDL_core.obj
 0001:000049e0       ?root_get_other_interface@RGenerator@SDL_core@ui@modules@UModSys@@UAEPAUIRoot@core@5@PBUSUniquePointerInfo@75@@Z 100059e0 f i umodsys_lib_libui:umodsys.mod.ui.SDL_core.obj
 0001:000049e0       ?root_get_other_interface@RGenerator@SDL_core@ui@modules@UModSys@@UBEPBUIRoot@core@5@PBUSUniquePointerInfo@75@@Z 100059e0 f i umodsys_lib_libui:umodsys.mod.ui.SDL_core.obj
 0001:000049f9       ?root_is_interface_supported@RGenerator@SDL_core@ui@modules@UModSys@@UBE_NPBUSUniquePointerInfo@core@5@@Z 100059f9 f i umodsys_lib_libui:umodsys.mod.ui.SDL_core.obj
 0001:00004a18       ??3@YAXPAX0@Z              10005a18 f i plugin_test1.obj
 0001:00004a18       ?suicide@RGenerator@test1@test@modules@UModSys@@UAEXXZ 10005a18 f i plugin_test1.obj
 0001:00004a18       ?suicide@RGenerator@images_std@media@modules@UModSys@@UAEXXZ 10005a18 f i umodsys_lib_libmedia:umodsys.mod.media.images_std.obj
 0001:00004a18       ?suicide@RGenerator@frames@ui@modules@UModSys@@UAEXXZ 10005a18 f i umodsys_lib_libui:umodsys.mod.ui.frames.obj
 0001:00004a18       ?suicide@RGenerator@stdlib@lib2d@modules@UModSys@@UAEXXZ 10005a18 f i umodsys_lib_lib2d:umodsys.mod.2d.stdlib.obj
 0001:00004a18       ?suicide@RGenerator@SDL_core@ui@modules@UModSys@@UAEXXZ 10005a18 f i umodsys_lib_libui:umodsys.mod.ui.SDL_core.obj
 0001:00004a19       ?get_uid@RGenerator@SDL_core@ui@modules@UModSys@@UBEPBUSUniquePointerInfo@core@5@XZ 10005a19 f i umodsys_lib_libui:umodsys.mod.ui.SDL_core.obj
 0001:00004a1f       ?do_open@RModuleReg@SDL_core@ui@modules@UModSys@@UAE_NXZ 10005a1f f i umodsys_lib_libui:umodsys.mod.ui.SDL_core.obj
 0001:00004a6d       ?do_close@RModuleReg@SDL_core@ui@modules@UModSys@@UAE_NXZ 10005a6d f i umodsys_lib_libui:umodsys.mod.ui.SDL_core.obj
 0001:00004aa8       ?get_module@RGenerator@SDL_core@ui@modules@UModSys@@UBEPAUIModule@base@5@XZ 10005aa8 f   umodsys_lib_libui:umodsys.mod.ui.SDL_core.obj
 0001:00004aae       ?mod_inc@RGenerator@SDL_core@ui@modules@UModSys@@UBE_NXZ 10005aae f   umodsys_lib_libui:umodsys.mod.ui.SDL_core.obj
 0001:00004ab9       ?mod_dec@RGenerator@SDL_core@ui@modules@UModSys@@UBE_NXZ 10005ab9 f   umodsys_lib_libui:umodsys.mod.ui.SDL_core.obj
 0001:00004ac4       ?s_holder@RGenerator@SDL_core@ui@modules@UModSys@@SAAAU?$TTypeStaticHolder@URGenerator@SDL_core@ui@modules@UModSys@@@tl@5@XZ 10005ac4 f   umodsys_lib_libui:umodsys.mod.ui.SDL_core.obj
 0001:00004af6       ??1?$TScatterArray@UGlyph@RMultiImage2D_SDL_ttf@SDL_core@ui@modules@UModSys@@HU?$TScalarCompare@H@core@6@U?$TNodeDeleter0@U?$TScatterArrayNode@UGlyph@RMultiImage2D_SDL_ttf@SDL_core@ui@modules@UModSys@@H@tl@UModSys@@@tl@6@@tl@UModSys@@QAE@XZ 10005af6 f i umodsys_lib_libui:umodsys.mod.ui.SDL_core.obj
 0001:00004b0c       ??0?$TParametersA@$0BAA@@core@UModSys@@QAE@XZ 10005b0c f i umodsys_lib_libui:umodsys.mod.ui.SDL_core.obj
 0001:00004b3b       ??1?$TRefObject@URMultiImage2D_SDL_ttf@SDL_core@ui@modules@UModSys@@U?$TRefObjectWeakFunc@URMultiImage2D_SDL_ttf@SDL_core@ui@modules@UModSys@@@tl@5@@tl@UModSys@@QAE@XZ 10005b3b f i umodsys_lib_libui:umodsys.mod.ui.SDL_core.obj
 0001:00004b3b       ??1?$TRefObject@URRenderDriver2D@SDL_core@ui@modules@UModSys@@U?$TRefObjectWeakFunc@URRenderDriver2D@SDL_core@ui@modules@UModSys@@@tl@5@@tl@UModSys@@QAE@XZ 10005b3b f i umodsys_lib_libui:umodsys.mod.ui.SDL_core.obj
 0001:00004b40       ??F?$TTreeIterRB@$$CBU?$TScatterArrayNode@U?$TRefObjectCompositeExtra@UIMouseClient@libui@UModSys@@HUIRefObject@core@3@U?$TRefObjectFunc@UIRefObject@core@UModSys@@@tl@3@@tl@UModSys@@H@tl@UModSys@@$$CBU?$TPair@HU?$TRefObjectCompositeExtra@UIMouseClient@libui@UModSys@@HUIRefObject@core@3@U?$TRefObjectFunc@UIRefObject@core@UModSys@@@tl@3@@tl@UModSys@@@23@@tl@UModSys@@QAE?AU012@XZ 10005b40 f i umodsys_lib_libui:umodsys.mod.ui.SDL_core.obj
 0001:00004b40       ??F?$TTreeIterRB@$$CBU?$TScatterArrayNode@U?$TRefObjectComposite@UIKeyboardClient@libui@UModSys@@UIRefObject@core@3@U?$TRefObjectFunc@UIRefObject@core@UModSys@@@tl@3@@tl@UModSys@@H@tl@UModSys@@$$CBU?$TPair@HU?$TRefObjectComposite@UIKeyboardClient@libui@UModSys@@UIRefObject@core@3@U?$TRefObjectFunc@UIRefObject@core@UModSys@@@tl@3@@tl@UModSys@@@23@@tl@UModSys@@QAE?AU012@XZ 10005b40 f i umodsys_lib_libui:umodsys.mod.ui.SDL_core.obj
 0001:00004b6a       ?remove_node@?$TTreeHoldRB@U?$TScatterArrayNode@U?$TRefObjectComposite@UIKeyboardClient@libui@UModSys@@UIRefObject@core@3@U?$TRefObjectFunc@UIRefObject@core@UModSys@@@tl@3@@tl@UModSys@@H@tl@UModSys@@@tl@UModSys@@QAEXPAU?$TScatterArrayNode@U?$TRefObjectComposite@UIKeyboardClient@libui@UModSys@@UIRefObject@core@3@U?$TRefObjectFunc@UIRefObject@core@UModSys@@@tl@3@@tl@UModSys@@H@23@@Z 10005b6a f i umodsys_lib_libui:umodsys.mod.ui.SDL_core.obj
 0001:00004b6a       ?remove_node@?$TTreeHoldRB@U?$TScatterArrayNode@U?$TRefObjectCompositeExtra@UIMouseClient@libui@UModSys@@HUIRefObject@core@3@U?$TRefObjectFunc@UIRefObject@core@UModSys@@@tl@3@@tl@UModSys@@H@tl@UModSys@@@tl@UModSys@@QAEXPAU?$TScatterArrayNode@U?$TRefObjectCompositeExtra@UIMouseClient@libui@UModSys@@HUIRefObject@core@3@U?$TRefObjectFunc@UIRefObject@core@UModSys@@@tl@3@@tl@UModSys@@H@23@@Z 10005b6a f i umodsys_lib_libui:umodsys.mod.ui.SDL_core.obj
 0001:00004c47       ??1?$TPair@HU?$TRefObjectCompositeExtra@UIMouseClient@libui@UModSys@@HUIRefObject@core@3@U?$TRefObjectFunc@UIRefObject@core@UModSys@@@tl@3@@tl@UModSys@@@tl@UModSys@@QAE@XZ 10005c47 f i umodsys_lib_libui:umodsys.mod.ui.SDL_core.obj
 0001:00004c47       ??1?$TPair@HU?$TRefObjectComposite@UIKeyboardClient@libui@UModSys@@UIRefObject@core@3@U?$TRefObjectFunc@UIRefObject@core@UModSys@@@tl@3@@tl@UModSys@@@tl@UModSys@@QAE@XZ 10005c47 f i umodsys_lib_libui:umodsys.mod.ui.SDL_core.obj
 0001:00004c51       ??1?$TRefObjectComposite@UIKeyboardClient@libui@UModSys@@UIRefObject@core@3@U?$TRefObjectFunc@UIRefObject@core@UModSys@@@tl@3@@tl@UModSys@@QAE@XZ 10005c51 f i umodsys_lib_libui:umodsys.mod.ui.SDL_core.obj
 0001:00004c51       ??1?$TRefObjectComposite@UIController@libui@UModSys@@UIRefObject@core@3@U?$TRefObjectFunc@UIRefObject@core@UModSys@@@tl@3@@tl@UModSys@@QAE@XZ 10005c51 f i umodsys_lib_libui:umodsys.mod.ui.frames.obj
 0001:00004c51       ??1?$TRefObjectCompositeExtra@UIMouseClient@libui@UModSys@@HUIRefObject@core@3@U?$TRefObjectFunc@UIRefObject@core@UModSys@@@tl@3@@tl@UModSys@@QAE@XZ 10005c51 f i umodsys_lib_libui:umodsys.mod.ui.SDL_core.obj
 0001:00004c96       ?remove_color@?$TTreeHoldRB@U?$TScatterArrayNode@U?$TRefObjectCompositeExtra@UIMouseClient@libui@UModSys@@HUIRefObject@core@3@U?$TRefObjectFunc@UIRefObject@core@UModSys@@@tl@3@@tl@UModSys@@H@tl@UModSys@@@tl@UModSys@@IAEXPAU?$TScatterArrayNode@U?$TRefObjectCompositeExtra@UIMouseClient@libui@UModSys@@HUIRefObject@core@3@U?$TRefObjectFunc@UIRefObject@core@UModSys@@@tl@3@@tl@UModSys@@H@23@0@Z 10005c96 f i umodsys_lib_libui:umodsys.mod.ui.SDL_core.obj
 0001:00004c96       ?remove_color@?$TTreeHoldRB@U?$TScatterArrayNode@U?$TRefObjectComposite@UIKeyboardClient@libui@UModSys@@UIRefObject@core@3@U?$TRefObjectFunc@UIRefObject@core@UModSys@@@tl@3@@tl@UModSys@@H@tl@UModSys@@@tl@UModSys@@IAEXPAU?$TScatterArrayNode@U?$TRefObjectComposite@UIKeyboardClient@libui@UModSys@@UIRefObject@core@3@U?$TRefObjectFunc@UIRefObject@core@UModSys@@@tl@3@@tl@UModSys@@H@23@0@Z 10005c96 f i umodsys_lib_libui:umodsys.mod.ui.SDL_core.obj
 0001:00004d98       ??$t_close@U?$TRefObject@URRenderDriver2D@SDL_core@ui@modules@UModSys@@U?$TRefObjectWeakFunc@URRenderDriver2D@SDL_core@ui@modules@UModSys@@@tl@5@@tl@UModSys@@@SDL_core@ui@modules@UModSys@@YA_NAAU?$TScatterArray@U?$TRefObject@URRenderDriver2D@SDL_core@ui@modules@UModSys@@U?$TRefObjectWeakFunc@URRenderDriver2D@SDL_core@ui@modules@UModSys@@@tl@5@@tl@UModSys@@HU?$TScalarCompare@H@core@3@U?$TNodeDeleter0@U?$TScatterArrayNode@U?$TRefObject@URRenderDriver2D@SDL_core@ui@modules@UModSys@@U?$TRefObjectWeakFunc@URRenderDriver2D@SDL_core@ui@modules@UModSys@@@tl@5@@tl@UModSys@@H@tl@UModSys@@@23@@tl@3@@Z 10005d98 f i umodsys_lib_libui:umodsys.mod.ui.SDL_core.obj
 0001:00004df1       ??$t_count@U?$TRefObject@URRenderDriver2D@SDL_core@ui@modules@UModSys@@U?$TRefObjectWeakFunc@URRenderDriver2D@SDL_core@ui@modules@UModSys@@@tl@5@@tl@UModSys@@@SDL_core@ui@modules@UModSys@@YAIABU?$TScatterArray@U?$TRefObject@URRenderDriver2D@SDL_core@ui@modules@UModSys@@U?$TRefObjectWeakFunc@URRenderDriver2D@SDL_core@ui@modules@UModSys@@@tl@5@@tl@UModSys@@HU?$TScalarCompare@H@core@3@U?$TNodeDeleter0@U?$TScatterArrayNode@U?$TRefObject@URRenderDriver2D@SDL_core@ui@modules@UModSys@@U?$TRefObjectWeakFunc@URRenderDriver2D@SDL_core@ui@modules@UModSys@@@tl@5@@tl@UModSys@@H@tl@UModSys@@@23@@tl@3@@Z 10005df1 f i umodsys_lib_libui:umodsys.mod.ui.SDL_core.obj
 0001:00004e3c       ??$t_get@U?$TRefObject@URRenderDriver2D@SDL_core@ui@modules@UModSys@@U?$TRefObjectWeakFunc@URRenderDriver2D@SDL_core@ui@modules@UModSys@@@tl@5@@tl@UModSys@@@SDL_core@ui@modules@UModSys@@YAPAUIRefObject@core@3@ABU?$TScatterArray@U?$TRefObject@URRenderDriver2D@SDL_core@ui@modules@UModSys@@U?$TRefObjectWeakFunc@URRenderDriver2D@SDL_core@ui@modules@UModSys@@@tl@5@@tl@UModSys@@HU?$TScalarCompare@H@core@3@U?$TNodeDeleter0@U?$TScatterArrayNode@U?$TRefObject@URRenderDriver2D@SDL_core@ui@modules@UModSys@@U?$TRefObjectWeakFunc@URRenderDriver2D@SDL_core@ui@modules@UModSys@@@tl@5@@tl@UModSys@@H@tl@UModSys@@@23@@tl@3@I@Z 10005e3c f i umodsys_lib_libui:umodsys.mod.ui.SDL_core.obj
 0001:00004e9b       ??$ValidateConstruction@UIRefObject@core@UModSys@@URRenderDriver2D@SDL_core@ui@modules@3@@core@UModSys@@YA_NAAU?$TRefObject@UIRefObject@core@UModSys@@U?$TRefObjectFunc@UIRefObject@core@UModSys@@@tl@3@@tl@1@U?$TRefObject@URRenderDriver2D@SDL_core@ui@modules@UModSys@@U?$TRefObjectFunc@URRenderDriver2D@SDL_core@ui@modules@UModSys@@@tl@5@@31@@Z 10005e9b f i umodsys_lib_libui:umodsys.mod.ui.SDL_core.obj
 0001:00004ef2       ??$t_add@U?$TRefObject@URRenderDriver2D@SDL_core@ui@modules@UModSys@@U?$TRefObjectWeakFunc@URRenderDriver2D@SDL_core@ui@modules@UModSys@@@tl@5@@tl@UModSys@@URRenderDriver2D@SDL_core@ui@modules@3@@SDL_core@ui@modules@UModSys@@YA_NAAU?$TScatterArray@U?$TRefObject@URRenderDriver2D@SDL_core@ui@modules@UModSys@@U?$TRefObjectWeakFunc@URRenderDriver2D@SDL_core@ui@modules@UModSys@@@tl@5@@tl@UModSys@@HU?$TScalarCompare@H@core@3@U?$TNodeDeleter0@U?$TScatterArrayNode@U?$TRefObject@URRenderDriver2D@SDL_core@ui@modules@UModSys@@U?$TRefObjectWeakFunc@URRenderDriver2D@SDL_core@ui@modules@UModSys@@@tl@5@@tl@UModSys@@H@tl@UModSys@@@23@@tl@3@PAURRenderDriver2D@0123@@Z 10005ef2 f i umodsys_lib_libui:umodsys.mod.ui.SDL_core.obj
 0001:00004f51       ??$ValidateConstruction@UIRefObject@core@UModSys@@URMouseController@SDL_core@ui@modules@3@@core@UModSys@@YA_NAAU?$TRefObject@UIRefObject@core@UModSys@@U?$TRefObjectFunc@UIRefObject@core@UModSys@@@tl@3@@tl@1@U?$TRefObject@URMouseController@SDL_core@ui@modules@UModSys@@U?$TRefObjectFunc@URMouseController@SDL_core@ui@modules@UModSys@@@tl@5@@31@@Z 10005f51 f i umodsys_lib_libui:umodsys.mod.ui.SDL_core.obj
 0001:00004f51       ??$ValidateConstruction@UIRefObject@core@UModSys@@URKeyboardController@SDL_core@ui@modules@3@@core@UModSys@@YA_NAAU?$TRefObject@UIRefObject@core@UModSys@@U?$TRefObjectFunc@UIRefObject@core@UModSys@@@tl@3@@tl@1@U?$TRefObject@URKeyboardController@SDL_core@ui@modules@UModSys@@U?$TRefObjectFunc@URKeyboardController@SDL_core@ui@modules@UModSys@@@tl@5@@31@@Z 10005f51 f i umodsys_lib_libui:umodsys.mod.ui.SDL_core.obj
 0001:00004f8f       ??$t_gen_param@URTerminal@SDL_core@ui@modules@UModSys@@URGenerator@2345@@IGenerator@base@UModSys@@IAE_NPAURGenerator@SDL_core@ui@modules@2@AAU?$TRefObject@UIRefObject@core@UModSys@@U?$TRefObjectFunc@UIRefObject@core@UModSys@@@tl@3@@tl@2@PBUSUniquePointerInfo@core@2@ABUSParameters@core@2@@Z 10005f8f f i umodsys_lib_libui:umodsys.mod.ui.SDL_core.obj
 0001:00005021       ??$genx_node@UCmp@?$TScatterArray@U?$TRefObjectCompositeExtra@UIMouseClient@libui@UModSys@@HUIRefObject@core@3@U?$TRefObjectFunc@UIRefObject@core@UModSys@@@tl@3@@tl@UModSys@@HU?$TScalarCompare@H@core@3@U?$TNodeDeleter0@U?$TScatterArrayNode@U?$TRefObjectCompositeExtra@UIMouseClient@libui@UModSys@@HUIRefObject@core@3@U?$TRefObjectFunc@UIRefObject@core@UModSys@@@tl@3@@tl@UModSys@@H@tl@UModSys@@@23@@tl@UModSys@@UGen0@234@@?$TTreeHoldRBD@U?$TScatterArrayNode@U?$TRefObjectCompositeExtra@UIMouseClient@libui@UModSys@@HUIRefObject@core@3@U?$TRefObjectFunc@UIRefObject@core@UModSys@@@tl@3@@tl@UModSys@@H@tl@UModSys@@U?$TNodeDeleter0@U?$TScatterArrayNode@U?$TRefObjectCompositeExtra@UIMouseClient@libui@UModSys@@HUIRefObject@core@3@U?$TRefObjectFunc@UIRefObject@core@UModSys@@@tl@3@@tl@UModSys@@H@tl@UModSys@@@23@@tl@UModSys@@QAEPAU?$TScatterArrayNode@U?$TRefObjectCompositeExtra@UIMouseClient@libui@UModSys@@HUIRefObject@core@3@U?$TRefObjectFunc@UIRefObject@core@UModSys@@@tl@3@@tl@UModSys@@H@12@UCmp@?$TScatterArray@U?$TRefObjectCompositeExtra@UIMouseClient@libui@UModSys@@HUIRefObject@core@3@U?$TRefObjectFunc@UIRefObject@core@UModSys@@@tl@3@@tl@UModSys@@HU?$TScalarCompare@H@core@3@U?$TNodeDeleter0@U?$TScatterArrayNode@U?$TRefObjectCompositeExtra@UIMouseClient@libui@UModSys@@HUIRefObject@core@3@U?$TRefObjectFunc@UIRefObject@core@UModSys@@@tl@3@@tl@UModSys@@H@tl@UModSys@@@23@@12@ABUGen0@512@PAPAU312@2_N@Z 10006021 f i umodsys_lib_libui:umodsys.mod.ui.SDL_core.obj
 0001:000050af       ??$genx_node@UCmp@?$TScatterArray@U?$TRefObjectComposite@UIKeyboardClient@libui@UModSys@@UIRefObject@core@3@U?$TRefObjectFunc@UIRefObject@core@UModSys@@@tl@3@@tl@UModSys@@HU?$TScalarCompare@H@core@3@U?$TNodeDeleter0@U?$TScatterArrayNode@U?$TRefObjectComposite@UIKeyboardClient@libui@UModSys@@UIRefObject@core@3@U?$TRefObjectFunc@UIRefObject@core@UModSys@@@tl@3@@tl@UModSys@@H@tl@UModSys@@@23@@tl@UModSys@@UGen0@234@@?$TTreeHoldRBD@U?$TScatterArrayNode@U?$TRefObjectComposite@UIKeyboardClient@libui@UModSys@@UIRefObject@core@3@U?$TRefObjectFunc@UIRefObject@core@UModSys@@@tl@3@@tl@UModSys@@H@tl@UModSys@@U?$TNodeDeleter0@U?$TScatterArrayNode@U?$TRefObjectComposite@UIKeyboardClient@libui@UModSys@@UIRefObject@core@3@U?$TRefObjectFunc@UIRefObject@core@UModSys@@@tl@3@@tl@UModSys@@H@tl@UModSys@@@23@@tl@UModSys@@QAEPAU?$TScatterArrayNode@U?$TRefObjectComposite@UIKeyboardClient@libui@UModSys@@UIRefObject@core@3@U?$TRefObjectFunc@UIRefObject@core@UModSys@@@tl@3@@tl@UModSys@@H@12@UCmp@?$TScatterArray@U?$TRefObjectComposite@UIKeyboardClient@libui@UModSys@@UIRefObject@core@3@U?$TRefObjectFunc@UIRefObject@core@UModSys@@@tl@3@@tl@UModSys@@HU?$TScalarCompare@H@core@3@U?$TNodeDeleter0@U?$TScatterArrayNode@U?$TRefObjectComposite@UIKeyboardClient@libui@UModSys@@UIRefObject@core@3@U?$TRefObjectFunc@UIRefObject@core@UModSys@@@tl@3@@tl@UModSys@@H@tl@UModSys@@@23@@12@ABUGen0@512@PAPAU312@2_N@Z 100060af f i umodsys_lib_libui:umodsys.mod.ui.SDL_core.obj
 0001:0000513d       ?rotate_left@?$TTreeHoldRB@U?$TScatterArrayNode@U?$TRefObjectComposite@UIKeyboardClient@libui@UModSys@@UIRefObject@core@3@U?$TRefObjectFunc@UIRefObject@core@UModSys@@@tl@3@@tl@UModSys@@H@tl@UModSys@@@tl@UModSys@@IAEXPAU?$TScatterArrayNode@U?$TRefObjectComposite@UIKeyboardClient@libui@UModSys@@UIRefObject@core@3@U?$TRefObjectFunc@UIRefObject@core@UModSys@@@tl@3@@tl@UModSys@@H@23@@Z 1000613d f i umodsys_lib_libui:umodsys.mod.ui.SDL_core.obj
 0001:0000513d       ?rotate_left@?$TTreeHoldRB@U?$TScatterArrayNode@HH@tl@UModSys@@@tl@UModSys@@IAEXPAU?$TScatterArrayNode@HH@23@@Z 1000613d f i umodsys_lib_libui:umodsys.mod.ui.frames.obj
 0001:0000513d       ?rotate_left@?$TTreeHoldRB@U?$TScatterArrayNode@U?$TVector2@M@math3d@UModSys@@H@tl@UModSys@@@tl@UModSys@@IAEXPAU?$TScatterArrayNode@U?$TVector2@M@math3d@UModSys@@H@23@@Z 1000613d f i umodsys_lib_libui:umodsys.mod.ui.frames.obj
 0001:0000513d       ?rotate_left@?$TTreeHoldRB@U?$TScatterArrayNode@UGlyph@RMultiImage2D_SDL_ttf@SDL_core@ui@modules@UModSys@@H@tl@UModSys@@@tl@UModSys@@IAEXPAU?$TScatterArrayNode@UGlyph@RMultiImage2D_SDL_ttf@SDL_core@ui@modules@UModSys@@H@23@@Z 1000613d f i umodsys_lib_libui:umodsys.mod.ui.SDL_core.obj
 0001:0000513d       ?rotate_left@?$TTreeHoldRB@U?$TScatterArrayNode@U?$TRefObjectCompositeExtra@UIMouseClient@libui@UModSys@@HUIRefObject@core@3@U?$TRefObjectFunc@UIRefObject@core@UModSys@@@tl@3@@tl@UModSys@@H@tl@UModSys@@@tl@UModSys@@IAEXPAU?$TScatterArrayNode@U?$TRefObjectCompositeExtra@UIMouseClient@libui@UModSys@@HUIRefObject@core@3@U?$TRefObjectFunc@UIRefObject@core@UModSys@@@tl@3@@tl@UModSys@@H@23@@Z 1000613d f i umodsys_lib_libui:umodsys.mod.ui.SDL_core.obj
 0001:0000513d       ?rotate_left@?$TTreeHoldRB@U?$TScatterArrayNode@U?$TVector4@M@math3d@UModSys@@H@tl@UModSys@@@tl@UModSys@@IAEXPAU?$TScatterArrayNode@U?$TVector4@M@math3d@UModSys@@H@23@@Z 1000613d f i umodsys_lib_libui:umodsys.mod.ui.frames.obj
 0001:0000513d       ?rotate_left@?$TTreeHoldRB@U?$TScatterArrayNode@U?$TRefObject@URRenderDriver2D@SDL_core@ui@modules@UModSys@@U?$TRefObjectWeakFunc@URRenderDriver2D@SDL_core@ui@modules@UModSys@@@tl@5@@tl@UModSys@@H@tl@UModSys@@@tl@UModSys@@IAEXPAU?$TScatterArrayNode@U?$TRefObject@URRenderDriver2D@SDL_core@ui@modules@UModSys@@U?$TRefObjectWeakFunc@URRenderDriver2D@SDL_core@ui@modules@UModSys@@@tl@5@@tl@UModSys@@H@23@@Z 1000613d f i umodsys_lib_libui:umodsys.mod.ui.SDL_core.obj
 0001:0000517c       ??E?$TTreeIterRB@$$CBU?$TScatterArrayNode@U?$TRefObject@URRenderDriver2D@SDL_core@ui@modules@UModSys@@U?$TRefObjectWeakFunc@URRenderDriver2D@SDL_core@ui@modules@UModSys@@@tl@5@@tl@UModSys@@H@tl@UModSys@@$$CBU?$TPair@HU?$TRefObject@URRenderDriver2D@SDL_core@ui@modules@UModSys@@U?$TRefObjectWeakFunc@URRenderDriver2D@SDL_core@ui@modules@UModSys@@@tl@5@@tl@UModSys@@@23@@tl@UModSys@@QAE?AU012@XZ 1000617c f i umodsys_lib_libui:umodsys.mod.ui.SDL_core.obj
 0001:000051a6       ??0?$TScatterArrayNode@U?$TRefObjectCompositeExtra@UIMouseClient@libui@UModSys@@HUIRefObject@core@3@U?$TRefObjectFunc@UIRefObject@core@UModSys@@@tl@3@@tl@UModSys@@H@tl@UModSys@@QAE@ABH@Z 100061a6 f i umodsys_lib_libui:umodsys.mod.ui.SDL_core.obj
 0001:000051fc       ??0?$TScatterArrayNode@U?$TRefObjectComposite@UIKeyboardClient@libui@UModSys@@UIRefObject@core@3@U?$TRefObjectFunc@UIRefObject@core@UModSys@@@tl@3@@tl@UModSys@@H@tl@UModSys@@QAE@ABH@Z 100061fc f i umodsys_lib_libui:umodsys.mod.ui.SDL_core.obj
[...]
 0001:0000da74       ??__E?s_id@?$TObjectUniqueID@URImage_Memory@stdlib@lib2d@modules@UModSys@@@tl@UModSys@@2USUniquePointer@core@3@A@@YAXXZ 1000ea74 f    CIL library: CIL module
 0001:0000da96       ??__E?s_id@?$TObjectUniqueID@URGenerator@stdlib@lib2d@modules@UModSys@@@tl@UModSys@@2USUniquePointer@core@3@A@@YAXXZ 1000ea96 f    CIL library: CIL module
 0001:0000dab8       ??__E?s_modreg@RModuleReg@SDL_core@ui@modules@UModSys@@2U12345@A@@YAXXZ 1000eab8 f    CIL library: CIL module
 0001:0000dae8       ??__E?s_modreg_chain@RModuleReg@SDL_core@ui@modules@UModSys@@2USModuleRegChain@base@5@A@@YAXXZ 1000eae8 f    CIL library: CIL module
 0001:0000db03       ??__E?s_uid@RGenerator@SDL_core@ui@modules@UModSys@@2USUniquePointer@core@5@A@@YAXXZ 1000eb03 f    CIL library: CIL module
 0001:0000db25       ??__E?s_id@?$TObjectUniqueID@URMultiImage2D_SDL_ttf@SDL_core@ui@modules@UModSys@@@tl@UModSys@@2USUniquePointer@core@3@A@@YAXXZ 1000eb25 f    CIL library: CIL module
 0001:0000db47       ??__E?s_id@?$TObjectUniqueID@URRenderDriver2D@SDL_core@ui@modules@UModSys@@@tl@UModSys@@2USUniquePointer@core@3@A@@YAXXZ 1000eb47 f    CIL library: CIL module
 0001:0000db69       ??__E?s_id@?$TObjectUniqueID@URMouseController@SDL_core@ui@modules@UModSys@@@tl@UModSys@@2USUniquePointer@core@3@A@@YAXXZ 1000eb69 f    CIL library: CIL module
 0001:0000db8b       ??__E?s_id@?$TObjectUniqueID@URKeyboardController@SDL_core@ui@modules@UModSys@@@tl@UModSys@@2USUniquePointer@core@3@A@@YAXXZ 1000eb8b f    CIL library: CIL module
 0001:0000dbad       ??__E?s_id@?$TObjectUniqueID@URTerminal@SDL_core@ui@modules@UModSys@@@tl@UModSys@@2USUniquePointer@core@3@A@@YAXXZ 1000ebad f    CIL library: CIL module
 0001:0000dbcf       ??__E?s_id@?$TObjectUniqueID@URGenerator@SDL_core@ui@modules@UModSys@@@tl@UModSys@@2USUniquePointer@core@3@A@@YAXXZ 1000ebcf f    CIL library: CIL module
 0001:0000dbf1       ??__E?s_modreg@RModuleReg@frames@ui@modules@UModSys@@2U12345@A@@YAXXZ 1000ebf1 f    CIL library: CIL module
 0001:0000dc21       ??__E?s_modreg_chain@RModuleReg@frames@ui@modules@UModSys@@2USModuleRegChain@base@5@A@@YAXXZ 1000ec21 f    CIL library: CIL module
 0001:0000dc3c       ??__E?s_uid@RGenerator@frames@ui@modules@UModSys@@2USUniquePointer@core@5@A@@YAXXZ 1000ec3c f    CIL library: CIL module
 0001:0000dc5e       ??__E?s_id@?$TObjectUniqueID@URFrame_Common@frames@ui@modules@UModSys@@@tl@UModSys@@2USUniquePointer@core@3@A@@YAXXZ 1000ec5e f    CIL library: CIL module
 0001:0000dc80       ??__E?s_id@?$TObjectUniqueID@URDialog@frames@ui@modules@UModSys@@@tl@UModSys@@2USUniquePointer@core@3@A@@YAXXZ 1000ec80 f    CIL library: CIL module
 0001:0000dca2       ??__E?s_id@?$TObjectUniqueID@URFrame_Frame@frames@ui@modules@UModSys@@@tl@UModSys@@2USUniquePointer@core@3@A@@YAXXZ 1000eca2 f    CIL library: CIL module
 0001:0000dcc4       ??__E?s_id@?$TObjectUniqueID@URFrame_Image@frames@ui@modules@UModSys@@@tl@UModSys@@2USUniquePointer@core@3@A@@YAXXZ 1000ecc4 f    CIL library: CIL module
 0001:0000dce6       ??__E?s_id@?$TObjectUniqueID@URFrame_Text@frames@ui@modules@UModSys@@@tl@UModSys@@2USUniquePointer@core@3@A@@YAXXZ 1000ece6 f    CIL library: CIL module
 0001:0000dd08       ??__E?s_id@?$TObjectUniqueID@URFrame_Button@frames@ui@modules@UModSys@@@tl@UModSys@@2USUniquePointer@core@3@A@@YAXXZ 1000ed08 f    CIL library: CIL module
 0001:0000dd2a       ??__E?s_id@?$TObjectUniqueID@URFrame_Edit@frames@ui@modules@UModSys@@@tl@UModSys@@2USUniquePointer@core@3@A@@YAXXZ 1000ed2a f    CIL library: CIL module
 0001:0000dd4c       ??__E?s_id@?$TObjectUniqueID@URFrame_List@frames@ui@modules@UModSys@@@tl@UModSys@@2USUniquePointer@core@3@A@@YAXXZ 1000ed4c f    CIL library: CIL module
 0001:0000dd6e       ??__E?s_id@?$TObjectUniqueID@URCollector@frames@ui@modules@UModSys@@@tl@UModSys@@2USUniquePointer@core@3@A@@YAXXZ 1000ed6e f    CIL library: CIL module
 0001:0000dd90       ??__E?s_id@?$TObjectUniqueID@URGenerator@frames@ui@modules@UModSys@@@tl@UModSys@@2USUniquePointer@core@3@A@@YAXXZ 1000ed90 f    CIL library: CIL module
 0001:0000ddb2       ??__E?s_modreg@RModuleReg@images_std@media@modules@UModSys@@2U12345@A@@YAXXZ 1000edb2 f    CIL library: CIL module
 0001:0000dde2       ??__E?s_modreg_chain@RModuleReg@images_std@media@modules@UModSys@@2USModuleRegChain@base@5@A@@YAXXZ 1000ede2 f    CIL library: CIL module
 0001:0000ddfd       ??__E?s_uid@RGenerator@images_std@media@modules@UModSys@@2USUniquePointer@core@5@A@@YAXXZ 1000edfd f    CIL library: CIL module
 0001:0000de1f       ??__E?s_id@?$TObjectUniqueID@URMediaFilter@images_std@media@modules@UModSys@@@tl@UModSys@@2USUniquePointer@core@3@A@@YAXXZ 1000ee1f f    CIL library: CIL module
 0001:0000de41       ??__E?s_id@?$TObjectUniqueID@URGenerator@images_std@media@modules@UModSys@@@tl@UModSys@@2USUniquePointer@core@3@A@@YAXXZ 1000ee41 f    CIL library: CIL module
 0001:0000de63       ??__EM@UModSys@@YAXXZ      1000ee63 f    CIL library: CIL module
 0001:0000de6f       ??__E?root@SModuleRegChain@base@UModSys@@2U123@A@@YAXXZ 1000ee6f f    CIL library: CIL module
 0001:0000de7b       ??__E?s_library@RModuleLibraryReg_Chain@base@UModSys@@2U123@A@@YAXXZ 1000ee7b f    CIL library: CIL module
 0001:0000de87       ??__E?root@SUniquePointer@core@UModSys@@2U123@A@@YAXXZ 1000ee87 f    CIL library: CIL module
 0001:0000de93       ??__F?s_modreg@RModuleReg@test1@test@modules@UModSys@@2U12345@A@@YAXXZ 1000ee93 f    CIL library: CIL module
 0001:0000de9e       ??__F?s_modreg_chain@RModuleReg@test1@test@modules@UModSys@@2USModuleRegChain@base@5@A@@YAXXZ 1000ee9e f    CIL library: CIL module
 0001:0000dea8       ??__F?s_uid@RGenerator@test1@test@modules@UModSys@@2USUniquePointer@core@5@A@@YAXXZ 1000eea8 f    CIL library: CIL module
 0001:0000deb2       ??__Fh@?1??s_holder@RGenerator@test1@test@modules@UModSys@@SAAAU?$TTypeStaticHolder@URGenerator@test1@test@modules@UModSys@@@tl@5@XZ@YAXXZ 1000eeb2 f    CIL library: CIL module
 0001:0000decf       ??__F?s_id@?$TObjectUniqueID@URGenerator@test1@test@modules@UModSys@@@tl@UModSys@@2USUniquePointer@core@3@A@@YAXXZ 1000eecf f    CIL library: CIL module
 0001:0000ded9       ??__F?s_id@?$TObjectUniqueID@URTest1_Shell@test1@test@modules@UModSys@@@tl@UModSys@@2USUniquePointer@core@3@A@@YAXXZ 1000eed9 f    CIL library: CIL module
 0001:0000dee3       ??__F?s_id@?$TObjectUniqueID@URLines_Filter@test1@test@modules@UModSys@@@tl@UModSys@@2USUniquePointer@core@3@A@@YAXXZ 1000eee3 f    CIL library: CIL module
 0001:0000deed       ??__F?s_id@?$TObjectUniqueID@URLines@test1@test@modules@UModSys@@@tl@UModSys@@2USUniquePointer@core@3@A@@YAXXZ 1000eeed f    CIL library: CIL module
 0001:0000def7       ??__F?s_id@?$TObjectUniqueID@UILines@test1@test@modules@UModSys@@@tl@UModSys@@2USUniquePointer@core@3@A@@YAXXZ 1000eef7 f    CIL library: CIL module
 0001:0000df01       ??__F?s_id@?$TObjectUniqueID@UIRenderDriver@lib2d@UModSys@@@tl@UModSys@@2USUniquePointer@core@3@A@@YAXXZ 1000ef01 f    CIL library: CIL module
 0001:0000df0b       ??__F?s_id@?$TObjectUniqueID@UIMultiImage@lib2d@UModSys@@@tl@UModSys@@2USUniquePointer@core@3@A@@YAXXZ 1000ef0b f    CIL library: CIL module
 0001:0000df15       ??__F?s_id@?$TObjectUniqueID@UIImage@lib2d@UModSys@@@tl@UModSys@@2USUniquePointer@core@3@A@@YAXXZ 1000ef15 f    CIL library: CIL module
 0001:0000df1f       ??__F?s_id@?$TObjectUniqueID@UIDialog@libui@UModSys@@@tl@UModSys@@2USUniquePointer@core@3@A@@YAXXZ 1000ef1f f    CIL library: CIL module
 0001:0000df29       ??__F?s_id@?$TObjectUniqueID@UIFrame@libui@UModSys@@@tl@UModSys@@2USUniquePointer@core@3@A@@YAXXZ 1000ef29 f    CIL library: CIL module
 0001:0000df33       ??__F?s_id@?$TObjectUniqueID@UIAsyncCollector@libui@UModSys@@@tl@UModSys@@2USUniquePointer@core@3@A@@YAXXZ 1000ef33 f    CIL library: CIL module
 0001:0000df3d       ??__F?s_id@?$TObjectUniqueID@UIAsyncController@libui@UModSys@@@tl@UModSys@@2USUniquePointer@core@3@A@@YAXXZ 1000ef3d f    CIL library: CIL module
 0001:0000df47       ??__F?s_id@?$TObjectUniqueID@UICollector@libui@UModSys@@@tl@UModSys@@2USUniquePointer@core@3@A@@YAXXZ 1000ef47 f    CIL library: CIL module
 0001:0000df51       ??__F?s_id@?$TObjectUniqueID@UIConsoleHelperInput_UIKey@libui@UModSys@@@tl@UModSys@@2USUniquePointer@core@3@A@@YAXXZ 1000ef51 f    CIL library: CIL module
 0001:0000df5b       ??__F?s_id@?$TObjectUniqueID@UITerminal@libui@UModSys@@@tl@UModSys@@2USUniquePointer@core@3@A@@YAXXZ 1000ef5b f    CIL library: CIL module
 0001:0000df65       ??__F?s_id@?$TObjectUniqueID@UIJoystickController@libui@UModSys@@@tl@UModSys@@2USUniquePointer@core@3@A@@YAXXZ 1000ef65 f    CIL library: CIL module
 0001:0000df6f       ??__F?s_id@?$TObjectUniqueID@UIMouseController@libui@UModSys@@@tl@UModSys@@2USUniquePointer@core@3@A@@YAXXZ 1000ef6f f    CIL library: CIL module
 0001:0000df79       ??__F?s_id@?$TObjectUniqueID@UIKeyboardController@libui@UModSys@@@tl@UModSys@@2USUniquePointer@core@3@A@@YAXXZ 1000ef79 f    CIL library: CIL module
 0001:0000df83       ??__F?s_id@?$TObjectUniqueID@UIConsoleHelperOutputFCS@base@UModSys@@@tl@UModSys@@2USUniquePointer@core@3@A@@YAXXZ 1000ef83 f    CIL library: CIL module
 0001:0000df8d       ??__F?s_id@?$TObjectUniqueID@UIConsoleHelperOutput@base@UModSys@@@tl@UModSys@@2USUniquePointer@core@3@A@@YAXXZ 1000ef8d f    CIL library: CIL module
 0001:0000df97       ??__F?s_id@?$TObjectUniqueID@UIConsoleHelperInput@base@UModSys@@@tl@UModSys@@2USUniquePointer@core@3@A@@YAXXZ 1000ef97 f    CIL library: CIL module
 0001:0000dfa1       ??__F?s_id@?$TObjectUniqueID@UIConsoleHelperHistory@base@UModSys@@@tl@UModSys@@2USUniquePointer@core@3@A@@YAXXZ 1000efa1 f    CIL library: CIL module
 0001:0000dfab       ??__F?s_id@?$TObjectUniqueID@UIConsoleHelper@base@UModSys@@@tl@UModSys@@2USUniquePointer@core@3@A@@YAXXZ 1000efab f    CIL library: CIL module
 0001:0000dfb5       ??__F?s_id@?$TObjectUniqueID@UIConsoleExt@base@UModSys@@@tl@UModSys@@2USUniquePointer@core@3@A@@YAXXZ 1000efb5 f    CIL library: CIL module
 0001:0000dfbf       ??__F?s_id@?$TObjectUniqueID@UILibraryLayered@libmedia@UModSys@@@tl@UModSys@@2USUniquePointer@core@3@A@@YAXXZ 1000efbf f    CIL library: CIL module
 0001:0000dfc9       ??__F?s_id@?$TObjectUniqueID@UILibraryObjCache@libmedia@UModSys@@@tl@UModSys@@2USUniquePointer@core@3@A@@YAXXZ 1000efc9 f    CIL library: CIL module
 0001:0000dfd3       ??__F?s_id@?$TObjectUniqueID@UILibraryObjFilter@libmedia@UModSys@@@tl@UModSys@@2USUniquePointer@core@3@A@@YAXXZ 1000efd3 f    CIL library: CIL module
 0001:0000dfdd       ??__F?s_id@?$TObjectUniqueID@UILibraryBinCache@libmedia@UModSys@@@tl@UModSys@@2USUniquePointer@core@3@A@@YAXXZ 1000efdd f    CIL library: CIL module
 0001:0000dfe7       ??__F?s_id@?$TObjectUniqueID@UILibraryBinTree@libmedia@UModSys@@@tl@UModSys@@2USUniquePointer@core@3@A@@YAXXZ 1000efe7 f    CIL library: CIL module
 0001:0000dff1       ??__F?s_id@?$TObjectUniqueID@UILibrary@libmedia@UModSys@@@tl@UModSys@@2USUniquePointer@core@3@A@@YAXXZ 1000eff1 f    CIL library: CIL module
 0001:0000dffb       ??__F?s_id@?$TObjectUniqueID@UIBinObjFilter@libmedia@UModSys@@@tl@UModSys@@2USUniquePointer@core@3@A@@YAXXZ 1000effb f    CIL library: CIL module
 0001:0000e005       ??__F?s_id@?$TObjectUniqueID@UIBinArchive@libmedia@UModSys@@@tl@UModSys@@2USUniquePointer@core@3@A@@YAXXZ 1000f005 f    CIL library: CIL module
 0001:0000e00f       ??__F?s_id@?$TObjectUniqueID@UIStreamWriter@libmedia@UModSys@@@tl@UModSys@@2USUniquePointer@core@3@A@@YAXXZ 1000f00f f    CIL library: CIL module
 0001:0000e019       ??__F?s_id@?$TObjectUniqueID@UIStreamReader@libmedia@UModSys@@@tl@UModSys@@2USUniquePointer@core@3@A@@YAXXZ 1000f019 f    CIL library: CIL module
 0001:0000e023       ??__F?s_id@?$TObjectUniqueID@UISystem@base@UModSys@@@tl@UModSys@@2USUniquePointer@core@3@A@@YAXXZ 1000f023 f    CIL library: CIL module
 0001:0000e02d       ??__F?s_id@?$TObjectUniqueID@UIConsole@base@UModSys@@@tl@UModSys@@2USUniquePointer@core@3@A@@YAXXZ 1000f02d f    CIL library: CIL module
 0001:0000e037       ??__F?s_id@?$TObjectUniqueID@UIShell@base@UModSys@@@tl@UModSys@@2USUniquePointer@core@3@A@@YAXXZ 1000f037 f    CIL library: CIL module
 0001:0000e041       ??__F?s_id@?$TObjectUniqueID@UIGenerator@base@UModSys@@@tl@UModSys@@2USUniquePointer@core@3@A@@YAXXZ 1000f041 f    CIL library: CIL module
 0001:0000e04b       ??__F?s_id@?$TObjectUniqueID@UIModObject@base@UModSys@@@tl@UModSys@@2USUniquePointer@core@3@A@@YAXXZ 1000f04b f    CIL library: CIL module
 0001:0000e055       ??__F?s_id@?$TObjectUniqueID@UIModuleLibrary@base@UModSys@@@tl@UModSys@@2USUniquePointer@core@3@A@@YAXXZ 1000f055 f    CIL library: CIL module
 0001:0000e05f       ??__F?s_id@?$TObjectUniqueID@UIModule@base@UModSys@@@tl@UModSys@@2USUniquePointer@core@3@A@@YAXXZ 1000f05f f    CIL library: CIL module
 0001:0000e069       ??__F?s_id@?$TObjectUniqueID@UIParameters@core@UModSys@@@tl@UModSys@@2USUniquePointer@core@3@A@@YAXXZ 1000f069 f    CIL library: CIL module
 0001:0000e073       ??__F?s_id@?$TObjectUniqueID@UIRefObject@core@UModSys@@@tl@UModSys@@2USUniquePointer@core@3@A@@YAXXZ 1000f073 f    CIL library: CIL module
 0001:0000e07d       ??__F?s_id@?$TObjectUniqueID@UIRoot@core@UModSys@@@tl@UModSys@@2USUniquePointer@core@3@A@@YAXXZ 1000f07d f    CIL library: CIL module
 0001:0000e087       ??__F?s_modreg@RModuleReg@stdlib@lib2d@modules@UModSys@@2U12345@A@@YAXXZ 1000f087 f    CIL library: CIL module
 0001:0000e092       ??__F?s_modreg_chain@RModuleReg@stdlib@lib2d@modules@UModSys@@2USModuleRegChain@base@5@A@@YAXXZ 1000f092 f    CIL library: CIL module
 0001:0000e09c       ??__F?s_uid@RGenerator@stdlib@lib2d@modules@UModSys@@2USUniquePointer@core@5@A@@YAXXZ 1000f09c f    CIL library: CIL module
 0001:0000e0a6       ??__Fh@?1??s_holder@RGenerator@stdlib@lib2d@modules@UModSys@@SAAAU?$TTypeStaticHolder@URGenerator@stdlib@lib2d@modules@UModSys@@@tl@5@XZ@YAXXZ 1000f0a6 f    CIL library: CIL module
 0001:0000e0c3       ??__F?s_id@?$TObjectUniqueID@URGenerator@stdlib@lib2d@modules@UModSys@@@tl@UModSys@@2USUniquePointer@core@3@A@@YAXXZ 1000f0c3 f    CIL library: CIL module
 0001:0000e0cd       ??__F?s_id@?$TObjectUniqueID@URImage_Memory@stdlib@lib2d@modules@UModSys@@@tl@UModSys@@2USUniquePointer@core@3@A@@YAXXZ 1000f0cd f    CIL library: CIL module
 0001:0000e0d7       ??__F?s_modreg@RModuleReg@SDL_core@ui@modules@UModSys@@2U12345@A@@YAXXZ 1000f0d7 f    CIL library: CIL module
 0001:0000e0e2       ??__F?s_modreg_chain@RModuleReg@SDL_core@ui@modules@UModSys@@2USModuleRegChain@base@5@A@@YAXXZ 1000f0e2 f    CIL library: CIL module
 0001:0000e0ec       ??__F?s_uid@RGenerator@SDL_core@ui@modules@UModSys@@2USUniquePointer@core@5@A@@YAXXZ 1000f0ec f    CIL library: CIL module
 0001:0000e0f6       ??__Fh@?1??s_holder@RGenerator@SDL_core@ui@modules@UModSys@@SAAAU?$TTypeStaticHolder@URGenerator@SDL_core@ui@modules@UModSys@@@tl@5@XZ@YAXXZ 1000f0f6 f    CIL library: CIL module
 0001:0000e113       ??__F?s_id@?$TObjectUniqueID@URGenerator@SDL_core@ui@modules@UModSys@@@tl@UModSys@@2USUniquePointer@core@3@A@@YAXXZ 1000f113 f    CIL library: CIL module
 0001:0000e11d       ??__F?s_id@?$TObjectUniqueID@URTerminal@SDL_core@ui@modules@UModSys@@@tl@UModSys@@2USUniquePointer@core@3@A@@YAXXZ 1000f11d f    CIL library: CIL module
 0001:0000e127       ??__F?s_id@?$TObjectUniqueID@URKeyboardController@SDL_core@ui@modules@UModSys@@@tl@UModSys@@2USUniquePointer@core@3@A@@YAXXZ 1000f127 f    CIL library: CIL module
 0001:0000e131       ??__F?s_id@?$TObjectUniqueID@URMouseController@SDL_core@ui@modules@UModSys@@@tl@UModSys@@2USUniquePointer@core@3@A@@YAXXZ 1000f131 f    CIL library: CIL module
 0001:0000e13b       ??__F?s_id@?$TObjectUniqueID@URRenderDriver2D@SDL_core@ui@modules@UModSys@@@tl@UModSys@@2USUniquePointer@core@3@A@@YAXXZ 1000f13b f    CIL library: CIL module
 0001:0000e145       ??__F?s_id@?$TObjectUniqueID@URMultiImage2D_SDL_ttf@SDL_core@ui@modules@UModSys@@@tl@UModSys@@2USUniquePointer@core@3@A@@YAXXZ 1000f145 f    CIL library: CIL module
 0001:0000e14f       ??__F?s_modreg@RModuleReg@frames@ui@modules@UModSys@@2U12345@A@@YAXXZ 1000f14f f    CIL library: CIL module
 0001:0000e15a       ??__F?s_modreg_chain@RModuleReg@frames@ui@modules@UModSys@@2USModuleRegChain@base@5@A@@YAXXZ 1000f15a f    CIL library: CIL module
 0001:0000e164       ??__F?s_uid@RGenerator@frames@ui@modules@UModSys@@2USUniquePointer@core@5@A@@YAXXZ 1000f164 f    CIL library: CIL module
 0001:0000e16e       ??__Fh@?1??s_holder@RGenerator@frames@ui@modules@UModSys@@SAAAU?$TTypeStaticHolder@URGenerator@frames@ui@modules@UModSys@@@tl@5@XZ@YAXXZ 1000f16e f    CIL library: CIL module
 0001:0000e18b       ??__F?s_id@?$TObjectUniqueID@URGenerator@frames@ui@modules@UModSys@@@tl@UModSys@@2USUniquePointer@core@3@A@@YAXXZ 1000f18b f    CIL library: CIL module
 0001:0000e195       ??__F?s_id@?$TObjectUniqueID@URCollector@frames@ui@modules@UModSys@@@tl@UModSys@@2USUniquePointer@core@3@A@@YAXXZ 1000f195 f    CIL library: CIL module
 0001:0000e19f       ??__F?s_id@?$TObjectUniqueID@URFrame_List@frames@ui@modules@UModSys@@@tl@UModSys@@2USUniquePointer@core@3@A@@YAXXZ 1000f19f f    CIL library: CIL module
 0001:0000e1a9       ??__F?s_id@?$TObjectUniqueID@URFrame_Edit@frames@ui@modules@UModSys@@@tl@UModSys@@2USUniquePointer@core@3@A@@YAXXZ 1000f1a9 f    CIL library: CIL module
 0001:0000e1b3       ??__F?s_id@?$TObjectUniqueID@URFrame_Button@frames@ui@modules@UModSys@@@tl@UModSys@@2USUniquePointer@core@3@A@@YAXXZ 1000f1b3 f    CIL library: CIL module
 0001:0000e1bd       ??__F?s_id@?$TObjectUniqueID@URFrame_Text@frames@ui@modules@UModSys@@@tl@UModSys@@2USUniquePointer@core@3@A@@YAXXZ 1000f1bd f    CIL library: CIL module
 0001:0000e1c7       ??__F?s_id@?$TObjectUniqueID@URFrame_Image@frames@ui@modules@UModSys@@@tl@UModSys@@2USUniquePointer@core@3@A@@YAXXZ 1000f1c7 f    CIL library: CIL module
 0001:0000e1d1       ??__F?s_id@?$TObjectUniqueID@URFrame_Frame@frames@ui@modules@UModSys@@@tl@UModSys@@2USUniquePointer@core@3@A@@YAXXZ 1000f1d1 f    CIL library: CIL module
 0001:0000e1db       ??__F?s_id@?$TObjectUniqueID@URDialog@frames@ui@modules@UModSys@@@tl@UModSys@@2USUniquePointer@core@3@A@@YAXXZ 1000f1db f    CIL library: CIL module
 0001:0000e1e5       ??__F?s_id@?$TObjectUniqueID@URFrame_Common@frames@ui@modules@UModSys@@@tl@UModSys@@2USUniquePointer@core@3@A@@YAXXZ 1000f1e5 f    CIL library: CIL module
 0001:0000e1ef       ??__F?s_modreg@RModuleReg@images_std@media@modules@UModSys@@2U12345@A@@YAXXZ 1000f1ef f    CIL library: CIL module
 0001:0000e1fa       ??__F?s_modreg_chain@RModuleReg@images_std@media@modules@UModSys@@2USModuleRegChain@base@5@A@@YAXXZ 1000f1fa f    CIL library: CIL module
 0001:0000e204       ??__F?s_uid@RGenerator@images_std@media@modules@UModSys@@2USUniquePointer@core@5@A@@YAXXZ 1000f204 f    CIL library: CIL module
 0001:0000e20e       ??__Fh@?1??s_holder@RGenerator@images_std@media@modules@UModSys@@SAAAU?$TTypeStaticHolder@URGenerator@images_std@media@modules@UModSys@@@tl@5@XZ@YAXXZ 1000f20e f    CIL library: CIL module
 0001:0000e22b       ??__F?s_id@?$TObjectUniqueID@URGenerator@images_std@media@modules@UModSys@@@tl@UModSys@@2USUniquePointer@core@3@A@@YAXXZ 1000f22b f    CIL library: CIL module
 0001:0000e235       ??__F?s_id@?$TObjectUniqueID@URMediaFilter@images_std@media@modules@UModSys@@@tl@UModSys@@2USUniquePointer@core@3@A@@YAXXZ 1000f235 f    CIL library: CIL module
 0001:0000e23f       ??__FM@UModSys@@YAXXZ      1000f23f f    CIL library: CIL module
 0001:0000e240       ??__F?root@SModuleRegChain@base@UModSys@@2U123@A@@YAXXZ 1000f240 f    CIL library: CIL module
 0001:0000e24a       ??__F?s_library@RModuleLibraryReg_Chain@base@UModSys@@2U123@A@@YAXXZ 1000f24a f    CIL library: CIL module
 0001:0000e255       ??__F?root@SUniquePointer@core@UModSys@@2U123@A@@YAXXZ 1000f255 f    CIL library: CIL module

 Exports

  ordinal    name

        1    _UModSys_Plugin_Entry2@0
