 plugin_test1

 Timestamp is 5335911f (Fri Mar 28 18:11:27 2014)

 Preferred load address is 10000000

 Start         Length     Name                   Class
 0001:00000000 0002dae1H .text                   CODE
 0001:0002dae1 00000addH .text$x                 CODE
 0001:0002e5be 000015c3H .text$yc                CODE
 0001:0002fb81 000007eeH .text$yd                CODE
 0002:00000000 00000234H .idata$5                DATA
 0002:00000234 00000004H .CRT$XCA                DATA
 0002:00000238 0000159cH .CRT$XCU                DATA
 0002:000017d4 00000004H .CRT$XCZ                DATA
 0002:000017d8 00000004H .CRT$XIA                DATA
 0002:000017dc 00000004H .CRT$XIAA               DATA
 0002:000017e0 00000004H .CRT$XIC                DATA
 0002:000017e4 00000004H .CRT$XIZ                DATA
 0002:000017e8 0000d7d8H .rdata                  DATA
 0002:0000efc0 00002610H .rdata$r                DATA
 0002:000115d0 00000138H .rdata$sxdata           DATA
 0002:00011708 00000004H .rtc$IAA                DATA
 0002:0001170c 00000004H .rtc$IZZ                DATA
 0002:00011710 00000004H .rtc$TAA                DATA
 0002:00011714 00000004H .rtc$TZZ                DATA
 0002:00011718 000011c4H .xdata$x                DATA
 0002:000128dc 0000008cH .idata$2                DATA
 0002:00012968 00000014H .idata$3                DATA
 0002:0001297c 00000234H .idata$4                DATA
 0002:00012bb0 00000a0cH .idata$6                DATA
 0002:000135c0 0000005cH .edata                  DATA
 0003:00000000 00001c70H .data                   DATA
 0003:00001c70 00001c3cH .bss                    DATA

  Address         Publics by Value              Rva+Base       Lib:Object

 0000:00000000       __except_list              00000000     <absolute>
 0000:0000004e       ___safe_se_handler_count   0000004e     <absolute>
 0000:00009876       __fltused                  00009876     <absolute>
 0000:00009876       __ldused                   00009876     <absolute>
 0000:00000000       ___ImageBase               10000000     <linker-defined>
 0001:00000000       ?new_data@SMemorySharedData@core@UModSys@@SAPAU123@IPBUSSourceContext@23@@Z 10001000 f i plugin_test1.obj
 0001:00000024       ??1State@RImage_Memory@stdlib@lib2d@modules@UModSys@@QAE@XZ 10001024 f i umodsys_lib_lib2d:umodsys.mod.2d.stdlib.obj
 0001:00000024       ??1SMemShared@core@UModSys@@QAE@XZ 10001024 f i plugin_test1.obj
 0001:00000024       ??1SCMemShared@core@UModSys@@QAE@XZ 10001024 f i plugin_test1.obj
 0001:0000002e       ?link@SMemShared@core@UModSys@@QAE_NPAUSMemorySharedData@23@PAUSSourceContext@23@@Z 1000102e f i plugin_test1.obj
 0001:0000002e       ?link@SCMemShared@core@UModSys@@QAE_NPAUSMemorySharedData@23@PAUSSourceContext@23@@Z 1000102e f i plugin_test1.obj
 0001:00000053       ??BSMemShared@core@UModSys@@QBE?AUSMem@12@XZ 10001053 f i umodsys_lib_lib2d:umodsys.mod.2d.stdlib.obj
 0001:00000053       ?get@SMemShared@core@UModSys@@QBE?AUSMem@23@XZ 10001053 f i umodsys_lib_libmedia:umodsys.mod.media.images_std.obj
 0001:00000053       ??BSCMemShared@core@UModSys@@QBE?AUSCMem@12@XZ 10001053 f i plugin_test1.obj
 0001:00000083       ??6SUniquePtrList@core@UModSys@@QAEAAU012@PBUSUniquePointerInfo@12@@Z 10001083 f i plugin_test1.obj
 0001:000000b4       ??3IRoot@core@UModSys@@SAXPAXABUSIMemAlloc@12@@Z 100010b4 f i plugin_test1.obj
 0001:000000cd       ?_root_get_other_interface@IRefObject@core@UModSys@@IBEPBUIRoot@23@PBUSUniquePointerInfo@23@@Z 100010cd f i plugin_test1.obj
 0001:000000cd       ?_root_get_other_interface@IRefObject@core@UModSys@@IAEPAUIRoot@23@PBUSUniquePointerInfo@23@@Z 100010cd f i plugin_test1.obj
 0001:000000ee       ?_root_get_interface_types@IRefObject@core@UModSys@@SAIAAUSUniquePtrList@23@@Z 100010ee f i plugin_test1.obj
 0001:0000010e       ?_root_is_interface_supported@IRefObject@core@UModSys@@SA_NPBUSUniquePointerInfo@23@@Z 1000110e f i plugin_test1.obj
 0001:00000125       ??$slen@D@su@tl@UModSys@@YAIPBD@Z 10001125 f i plugin_test1.obj
 0001:0000013e       ??$seq@D@su@tl@UModSys@@YA_NPBD0@Z 1000113e f i plugin_test1.obj
 0001:0000016b       ??1?$TParametersA@$0EAA@@core@UModSys@@QAE@XZ 1000116b f i plugin_test1.obj
 0001:0000016b       ??1SParameters@core@UModSys@@QAE@XZ 1000116b f i plugin_test1.obj
 0001:0000016b       ??1?$TParametersA@$0BAL@@core@UModSys@@QAE@XZ 1000116b f i umodsys_lib_lib2d:umodsys.mod.2d.stdlib.obj
 0001:0000016b       ??1?$TParametersA@$0BAA@@core@UModSys@@QAE@XZ 1000116b f i umodsys_lib_libui:umodsys.mod.ui.SDL_core.obj
 0001:00000178       ??0SParameters@core@UModSys@@QAE@PAUIParameters@12@PAXH@Z 10001178 f i plugin_test1.obj
 0001:0000019b       ?add@SParameters@core@UModSys@@QAE_NPBDH@Z 1000119b f i plugin_test1.obj
 0001:000001b6       ?_root_get_other_interface@IGenerator@base@UModSys@@IBEPBUIRoot@core@3@PBUSUniquePointerInfo@53@@Z 100011b6 f i plugin_test1.obj
 0001:000001b6       ?_root_get_other_interface@IGenerator@base@UModSys@@IAEPAUIRoot@core@3@PBUSUniquePointerInfo@53@@Z 100011b6 f i plugin_test1.obj
 0001:000001d2       ?_root_is_interface_supported@IGenerator@base@UModSys@@SA_NPBUSUniquePointerInfo@core@3@@Z 100011d2 f i plugin_test1.obj
 0001:000001f2       ?_root_is_interface_supported@IBinObjFilter@libmedia@UModSys@@SA_NPBUSUniquePointerInfo@core@3@@Z 100011f2 f i plugin_test1.obj
 0001:00000212       ?nps@STimeMeasureNum@libutils@UModSys@@QBENXZ 10001212 f i plugin_test1.obj
 0001:00000242       ?spn@STimeMeasureNum@libutils@UModSys@@QBENXZ 10001242 f i plugin_test1.obj
 0001:00000275       ?get_buttonmask@SMouseInput@libui@UModSys@@QBEIW4eButtonInputStatus@23@@Z 10001275 f i plugin_test1.obj
 0001:0000029c       ?set_info@IImage@lib2d@UModSys@@QAE_NW4eImageType@23@HHPBD@Z 1000129c f i plugin_test1.obj
 0001:000002c7       ?render_text@IRenderDriver@lib2d@UModSys@@QAE_NABU?$TVector2@H@math3d@3@PBHHPBU?$TVector2@M@53@@Z 100012c7 f i plugin_test1.obj
 0001:000002f5       ?render@SRenderState@lib3d@UModSys@@QAE_NPAUIVisualObject@23@@Z 100012f5 f i plugin_test1.obj
 0001:00000334       ??0SRenderState@lib3d@UModSys@@QAE@PAUIRenderer@12@PAUIRenderDriver@12@@Z 10001334 f i plugin_test1.obj
 0001:00000372       ?root_get_interface_info@RTest1_Shell@test1@test@modules@UModSys@@UBEABUSUniquePointerInfo@core@5@XZ 10001372 f i plugin_test1.obj
 0001:00000378       ?root_get_interface_type@RTest1_Shell@test1@test@modules@UModSys@@UBEPBUSUniquePointerInfo@core@5@XZ 10001378 f i plugin_test1.obj
 0001:0000037e       ?root_get_other_interface@RTest1_Shell@test1@test@modules@UModSys@@UAEPAUIRoot@core@5@PBUSUniquePointerInfo@75@@Z 1000137e f i plugin_test1.obj
 0001:0000037e       ?root_get_other_interface@RTest1_Shell@test1@test@modules@UModSys@@UBEPBUIRoot@core@5@PBUSUniquePointerInfo@75@@Z 1000137e f i plugin_test1.obj
 0001:0000039f       ?root_is_interface_supported@RTest1_Shell@test1@test@modules@UModSys@@UBE_NPBUSUniquePointerInfo@core@5@@Z 1000139f f i plugin_test1.obj
 0001:000003c6       ?ref_add@RTest1_Shell@test1@test@modules@UModSys@@UBEXXZ 100013c6 f i plugin_test1.obj
 0001:000003ca       ?ref_remove@RTest1_Shell@test1@test@modules@UModSys@@UBEXXZ 100013ca f i plugin_test1.obj
 0001:000003d5       ?ref_links@RTest1_Shell@test1@test@modules@UModSys@@UBEHXZ 100013d5 f i plugin_test1.obj
 0001:000003d9       ?ref_weak@RTest1_Shell@test1@test@modules@UModSys@@UBE_NAAUWeakPointer@IRefObject@core@5@@Z 100013d9 f i plugin_test1.obj
 0001:000003f8       ?suicide@RTest1_Shell@test1@test@modules@UModSys@@UAEXXZ 100013f8 f i plugin_test1.obj
 0001:00000435       ?set@VertexPC@UI_Info@RTest1_Shell@test1@test@modules@UModSys@@QAEXABU?$TVector3@N@math3d@7@ABU?$TVector3@M@97@@Z 10001435 f i plugin_test1.obj
 0001:0000047f       ??0RTest1_Shell@test1@test@modules@UModSys@@QAE@PAUIModObject@base@4@@Z 1000147f f i plugin_test1.obj
 0001:00000596       ??1RTest1_Shell@test1@test@modules@UModSys@@UAE@XZ 10001596 f i plugin_test1.obj
 0001:0000061e       ?connect@RTest1_Shell@test1@test@modules@UModSys@@UAE_NXZ 1000161e f i plugin_test1.obj
 0001:00000636       ?disconnect@RTest1_Shell@test1@test@modules@UModSys@@UAE_NXZ 10001636 f i plugin_test1.obj
 0001:0000064e       ?process_tick@RTest1_Shell@test1@test@modules@UModSys@@UAE_NABUSTimeMsec@core@5@@Z 1000164e f i plugin_test1.obj
 0001:0000067a       ?process_command@RTest1_Shell@test1@test@modules@UModSys@@UAE_NHQBU?$TString@U?$TSCoreConst@D@su@tl@UModSys@@U?$TComparerBinaryHash@D@234@@tl@5@@Z 1000167a f i plugin_test1.obj
 0001:00000699       ??_GRTest1_Shell@test1@test@modules@UModSys@@UAEPAXI@Z 10001699 f i plugin_test1.obj
 0001:00000699       ??_ERTest1_Shell@test1@test@modules@UModSys@@UAEPAXI@Z 10001699 f i  CIL library: CIL module
 0001:000006b6       ?set_value@Prop@Aux@RTest1_Shell@test1@test@modules@UModSys@@UAE_NABUSPropValueR@core@7@@Z 100016b6 f i plugin_test1.obj
 0001:00000744       ?set_value@PropX@Aux@RTest1_Shell@test1@test@modules@UModSys@@UAE_NPBUSUniquePointerInfo@core@7@ABUSPropValueR@97@@Z 10001744 f i plugin_test1.obj
 0001:0000086e       ?aux_tests@RTest1_Shell@test1@test@modules@UModSys@@QAEXXZ 1000186e f   plugin_test1.obj
 0001:000009e3       ?ui_newframes@RTest1_Shell@test1@test@modules@UModSys@@SA?AU?$TRefObject@UICollector@libui@UModSys@@U?$TRefObjectFunc@UICollector@libui@UModSys@@@tl@3@@tl@5@ABU?$TString@U?$TSCoreConst@D@su@tl@UModSys@@U?$TComparerBinaryHash@D@234@@75@ABUSParameters@core@5@@Z 100019e3 f   plugin_test1.obj
 0001:00000a01       ?ui_newterm@RTest1_Shell@test1@test@modules@UModSys@@SA?AU?$TRefObject@UITerminal@libui@UModSys@@U?$TRefObjectFunc@UITerminal@libui@UModSys@@@tl@3@@tl@5@ABU?$TString@U?$TSCoreConst@D@su@tl@UModSys@@U?$TComparerBinaryHash@D@234@@75@ABUSParameters@core@5@@Z 10001a01 f   plugin_test1.obj
 0001:00000a1f       ?key_pressed@RTest1_Shell@test1@test@modules@UModSys@@UAE_NABUSKeyboardInputRaw@libui@5@@Z 10001a1f f   plugin_test1.obj
 0001:00000a61       ?key_text@RTest1_Shell@test1@test@modules@UModSys@@UAE_NABUSKeyboardInputText@libui@5@@Z 10001a61 f   plugin_test1.obj
 0001:00000a9a       ?mouse_event@RTest1_Shell@test1@test@modules@UModSys@@UAE_NABUSMouseInput@libui@5@@Z 10001a9a f   plugin_test1.obj
 0001:00000ade       ?command@RTest1_Shell@test1@test@modules@UModSys@@UAE_NABUSController@libui@5@HABUSFrameDataIn@75@@Z 10001ade f   plugin_test1.obj
 0001:00000b19       ?db_get@RTest1_Shell@test1@test@modules@UModSys@@UAE_NABUSController@libui@5@QBDABUSFrameDataOut@75@@Z 10001b19 f   plugin_test1.obj
 0001:00000b6e       ?db_get@RTest1_Shell@test1@test@modules@UModSys@@UAE_NABUSController@libui@5@QBDHABUSFrameDataOut@75@@Z 10001b6e f   plugin_test1.obj
 0001:00000bc3       ?font_2d@UI_Info@RTest1_Shell@test1@test@modules@UModSys@@QAE_NXZ 10001bc3 f   plugin_test1.obj
 0001:00000cfa       ?init_term@UI_Info@RTest1_Shell@test1@test@modules@UModSys@@QAE_NPBD@Z 10001cfa f   plugin_test1.obj
 0001:00000ee5       ?new_frames@UI_Info@RTest1_Shell@test1@test@modules@UModSys@@QAE_NPAUIController@libui@6@@Z 10001ee5 f   plugin_test1.obj
 0001:00001375       ??1SFrameCreateParameters@libui@UModSys@@QAE@XZ 10002375 f i plugin_test1.obj
 0001:00001386       ?shutdown@UI_Info@RTest1_Shell@test1@test@modules@UModSys@@QAEXXZ 10002386 f   plugin_test1.obj
 0001:000013bb       ?create_3d@UI_Info@RTest1_Shell@test1@test@modules@UModSys@@QAE_NPBD@Z 100023bb f   plugin_test1.obj
 0001:000018ae       ?cycle3d_b@UI_Info@RTest1_Shell@test1@test@modules@UModSys@@QAEXXZ 100028ae f   plugin_test1.obj
 0001:00001ba6       ?new_va_1@UI_Info@RTest1_Shell@test1@test@modules@UModSys@@QAE_NXZ 10002ba6 f   plugin_test1.obj
 0001:00001f1f       ?new_va_qc@UI_Info@RTest1_Shell@test1@test@modules@UModSys@@QAE_NXZ 10002f1f f   plugin_test1.obj
 0001:0000227d       ?fps2_move@UI_Info@RTest1_Shell@test1@test@modules@UModSys@@QAEXHN@Z 1000327d f   plugin_test1.obj
 0001:000022e0       ?fps2_add_rot@UI_Info@RTest1_Shell@test1@test@modules@UModSys@@QAEXNN@Z 100032e0 f   plugin_test1.obj
 0001:000023f6       ?key_pressed@UI_Info@RTest1_Shell@test1@test@modules@UModSys@@UAE_NABUSKeyboardInputRaw@libui@6@@Z 100033f6 f   plugin_test1.obj
 0001:00002498       ?mouse_event@UI_Info@RTest1_Shell@test1@test@modules@UModSys@@UAE_NABUSMouseInput@libui@6@@Z 10003498 f   plugin_test1.obj
 0001:000024e8       ??0UI_Info@RTest1_Shell@test1@test@modules@UModSys@@QAE@XZ 100034e8 f i plugin_test1.obj
 0001:0000252c       ??1UI_Info@RTest1_Shell@test1@test@modules@UModSys@@QAE@XZ 1000352c f i plugin_test1.obj
 0001:0000266c       ?ui_test2@RTest1_Shell@test1@test@modules@UModSys@@QAEXXZ 1000366c f   plugin_test1.obj
 0001:00002785       ?get_generated_names@RGenerator@test1@test@modules@UModSys@@UBEHAAUSUniquePtrList@core@5@@Z 10003785 f i plugin_test1.obj
 0001:0000279e       ?get_generated_types@RGenerator@test1@test@modules@UModSys@@UBEHAAUSUniquePtrList@core@5@PBUSUniquePointerInfo@75@@Z 1000379e f i plugin_test1.obj
 0001:000027d2       ?generate@RGenerator@test1@test@modules@UModSys@@UAE_NAAU?$TRefObject@UIRefObject@core@UModSys@@U?$TRefObjectFunc@UIRefObject@core@UModSys@@@tl@3@@tl@5@PBUSUniquePointerInfo@core@5@ABUSParameters@95@@Z 100037d2 f i plugin_test1.obj
 0001:00002854       ?root_get_interface_info@RGenerator@test1@test@modules@UModSys@@UBEABUSUniquePointerInfo@core@5@XZ 10003854 f i plugin_test1.obj
 0001:0000285a       ?root_get_interface_type@RGenerator@test1@test@modules@UModSys@@UBEPBUSUniquePointerInfo@core@5@XZ 1000385a f i plugin_test1.obj
 0001:00002860       ?root_get_other_interface@RGenerator@test1@test@modules@UModSys@@UBEPBUIRoot@core@5@PBUSUniquePointerInfo@75@@Z 10003860 f i plugin_test1.obj
 0001:00002860       ?root_get_other_interface@RGenerator@test1@test@modules@UModSys@@UAEPAUIRoot@core@5@PBUSUniquePointerInfo@75@@Z 10003860 f i plugin_test1.obj
 0001:00002879       ?root_is_interface_supported@RGenerator@test1@test@modules@UModSys@@UBE_NPBUSUniquePointerInfo@core@5@@Z 10003879 f i plugin_test1.obj
 0001:00002898       ?suicide@RGenerator@stdlib@lib3d@modules@UModSys@@UAEXXZ 10003898 f i umodsys_lib_lib3d:umodsys.mod.3d.stdlib.obj
 0001:00002898       ?suicide@RGenerator@SDL_core@ui@modules@UModSys@@UAEXXZ 10003898 f i umodsys_lib_libui:umodsys.mod.ui.SDL_core.obj
 0001:00002898       ?suicide@RGenerator@stdlib@lib2d@modules@UModSys@@UAEXXZ 10003898 f i umodsys_lib_lib2d:umodsys.mod.2d.stdlib.obj
 0001:00002898       ??3@YAXPAX0@Z              10003898 f i plugin_test1.obj
 0001:00002898       ?suicide@RGenerator@serialize_json@media@modules@UModSys@@UAEXXZ 10003898 f i umodsys_lib_libmedia:umodsys.mod.media.serialize_json.obj
 0001:00002898       ?suicide@RGenerator@zlib@media@modules@UModSys@@UAEXXZ 10003898 f i umodsys_lib_libmedia:umodsys.mod.media.zlib.obj
 0001:00002898       ?suicide@RGenerator@images_std@media@modules@UModSys@@UAEXXZ 10003898 f i umodsys_lib_libmedia:umodsys.mod.media.images_std.obj
 0001:00002898       ?suicide@RGenerator@SDL_GL@ui@modules@UModSys@@UAEXXZ 10003898 f i umodsys_lib_libui:umodsys.mod.ui.SDL_GL.obj
 0001:00002898       ?suicide@RGenerator@frames@ui@modules@UModSys@@UAEXXZ 10003898 f i umodsys_lib_libui:umodsys.mod.ui.frames.obj
 0001:00002898       ?suicide@RGenerator@test1@test@modules@UModSys@@UAEXXZ 10003898 f i plugin_test1.obj
 0001:00002899       ?get_uid@RGenerator@test1@test@modules@UModSys@@UBEPBUSUniquePointerInfo@core@5@XZ 10003899 f i plugin_test1.obj
 0001:0000289f       ?do_open@RModuleReg@test1@test@modules@UModSys@@UAE_NXZ 1000389f f i plugin_test1.obj
 0001:00002902       ?do_close@RModuleReg@test1@test@modules@UModSys@@UAE_NXZ 10003902 f i plugin_test1.obj
 0001:00002952       ?get_module@RGenerator@test1@test@modules@UModSys@@UBEPAUIModule@base@5@XZ 10003952 f   plugin_test1.obj
 0001:00002958       ?mod_inc@RGenerator@test1@test@modules@UModSys@@UBE_NXZ 10003958 f   plugin_test1.obj
 0001:00002963       ?mod_dec@RGenerator@test1@test@modules@UModSys@@UBE_NXZ 10003963 f   plugin_test1.obj
 0001:0000296e       ?s_holder@RGenerator@test1@test@modules@UModSys@@SAAAU?$TTypeStaticHolder@URGenerator@test1@test@modules@UModSys@@@tl@5@XZ 1000396e f   plugin_test1.obj
 0001:000029a0       ??0?$TString@U?$TSCoreConst@D@su@tl@UModSys@@U?$TComparerBinaryHash@D@234@@tl@UModSys@@QAE@PBD@Z 100039a0 f i plugin_test1.obj
 0001:000029c5       ??8?$TString@U?$TSCoreConst@D@su@tl@UModSys@@U?$TComparerBinaryHash@D@234@@tl@UModSys@@QBE_NPBD@Z 100039c5 f i plugin_test1.obj
 0001:000029e7       ??4?$TString@U?$TSCoreConst@D@su@tl@UModSys@@U?$TComparerBinaryHash@D@234@@tl@UModSys@@QAEABU012@PBD@Z 100039e7 f i plugin_test1.obj
 0001:00002a03       ??0?$TString@U?$TSCoreShared@USIMemAlloc@core@UModSys@@D@su@tl@UModSys@@U?$TComparerBinaryHash@D@234@@tl@UModSys@@QAE@XZ 10003a03 f i plugin_test1.obj
 0001:00002a19       ??4?$TString@U?$TSCoreShared@USIMemAlloc@core@UModSys@@D@su@tl@UModSys@@U?$TComparerBinaryHash@D@234@@tl@UModSys@@QAEABU012@ABU012@@Z 10003a19 f i plugin_test1.obj
 0001:00002a3b       ?normalize@?$TVector3@N@math3d@UModSys@@QAENXZ 10003a3b f i plugin_test1.obj
 0001:00002a92       ??4?$TRefObject@UIVertexArray@lib3d@UModSys@@U?$TRefObjectFunc@UIVertexArray@lib3d@UModSys@@@tl@3@@tl@UModSys@@QAEABU012@ABU012@@Z 10003a92 f i plugin_test1.obj
 0001:00002ab1       ??0?$TParametersA@$0EAA@@core@UModSys@@QAE@XZ 10003ab1 f i plugin_test1.obj
 0001:00002ad3       ??1?$TDynarrayDynamic@UVertexPC@UI_Info@RTest1_Shell@test1@test@modules@UModSys@@U?$TAllocator@USIMemAlloc@core@UModSys@@USCountCalcPower2@23@@tl@7@@tl@UModSys@@QAE@XZ 10003ad3 f i plugin_test1.obj
 0001:00002ad8       ?update@?$TComparerBinaryHash@D@su@tl@UModSys@@QAEXPBDI@Z 10003ad8 f i plugin_test1.obj
 0001:00002b0f       ??1?$TDynarray@U?$TDynarrayHolderDynamic@UVertexPC@UI_Info@RTest1_Shell@test1@test@modules@UModSys@@U?$TAllocator@USIMemAlloc@core@UModSys@@USCountCalcPower2@23@@tl@7@@tl@UModSys@@@tl@UModSys@@QAE@XZ 10003b0f f i plugin_test1.obj
 0001:00002b56       ?info_release@?$TSCoreShared@USIMemAlloc@core@UModSys@@D@su@tl@UModSys@@QAEXXZ 10003b56 f i plugin_test1.obj
 0001:00002b8f       ?info_new@?$TSCoreShared@USIMemAlloc@core@UModSys@@D@su@tl@UModSys@@QAE_NPBDI@Z 10003b8f f i plugin_test1.obj
 0001:00002bf3       ?get_null@?$TSCoreShared@USIMemAlloc@core@UModSys@@D@su@tl@UModSys@@SAPAU?$TSharedStringInfo@DUSIMemAlloc@core@UModSys@@@234@XZ 10003bf3 f i plugin_test1.obj
 0001:00002c2b       ?mult3@?$TMatrix44@N@math3d@UModSys@@QAEXABU123@0@Z 10003c2b f i plugin_test1.obj
 0001:00002d06       ?set_rotate_about@?$TMatrix44@N@math3d@UModSys@@QAEXABU?$TVector3@N@23@N@Z 10003d06 f i plugin_test1.obj
 0001:00002e34       ?set_ER@?$TMatrix44@N@math3d@UModSys@@QAEXN@Z 10003e34 f i plugin_test1.obj
 0001:00002e68       ?set_inversed@?$TMatrix44@N@math3d@UModSys@@QAE_NABU123@@Z 10003e68 f i plugin_test1.obj
 0001:0000323f       ??$get_as@H@SPropValueR@core@UModSys@@QBE_NAAPBH@Z 1000423f f i plugin_test1.obj
 0001:00003265       ??$get_as@M@SPropValueR@core@UModSys@@QBE_NAAPBM@Z 10004265 f i plugin_test1.obj
 0001:0000328b       ??$generate_type@UICollector@libui@UModSys@@@RTest1_Shell@test1@test@modules@UModSys@@SA?AU?$TRefObject@UICollector@libui@UModSys@@U?$TRefObjectFunc@UICollector@libui@UModSys@@@tl@3@@tl@4@ABU?$TString@U?$TSCoreConst@D@su@tl@UModSys@@U?$TComparerBinaryHash@D@234@@64@ABUSParameters@core@4@PBD@Z 1000428b f i plugin_test1.obj
 0001:00003385       ??$generate_type@UITerminal@libui@UModSys@@@RTest1_Shell@test1@test@modules@UModSys@@SA?AU?$TRefObject@UITerminal@libui@UModSys@@U?$TRefObjectFunc@UITerminal@libui@UModSys@@@tl@3@@tl@4@ABU?$TString@U?$TSCoreConst@D@su@tl@UModSys@@U?$TComparerBinaryHash@D@234@@64@ABUSParameters@core@4@PBD@Z 10004385 f i plugin_test1.obj
 0001:0000347f       ??$t_create_handler@UIKeyboardController@libui@UModSys@@@ITerminal@libui@UModSys@@QAE_NAAU?$TRefObject@UIKeyboardController@libui@UModSys@@U?$TRefObjectFunc@UIKeyboardController@libui@UModSys@@@tl@3@@tl@2@PBDPBUSParameters@core@2@@Z 1000447f f i plugin_test1.obj
 0001:00003501       ??$t_create_handler@UIMouseController@libui@UModSys@@@ITerminal@libui@UModSys@@QAE_NAAU?$TRefObject@UIMouseController@libui@UModSys@@U?$TRefObjectFunc@UIMouseController@libui@UModSys@@@tl@3@@tl@2@PBDPBUSParameters@core@2@@Z 10004501 f i plugin_test1.obj
 0001:00003583       ??$generate_type@UIRenderer@lib3d@UModSys@@@RTest1_Shell@test1@test@modules@UModSys@@SA?AU?$TRefObject@UIRenderer@lib3d@UModSys@@U?$TRefObjectFunc@UIRenderer@lib3d@UModSys@@@tl@3@@tl@4@ABU?$TString@U?$TSCoreConst@D@su@tl@UModSys@@U?$TComparerBinaryHash@D@234@@64@ABUSParameters@core@4@PBD@Z 10004583 f i plugin_test1.obj
 0001:0000367e       ??$t_create_handler@UIRenderDriver@lib3d@UModSys@@@ITerminal@libui@UModSys@@QAE_NAAU?$TRefObject@UIRenderDriver@lib3d@UModSys@@U?$TRefObjectFunc@UIRenderDriver@lib3d@UModSys@@@tl@3@@tl@2@PBDPBUSParameters@core@2@@Z 1000467e f i plugin_test1.obj
 0001:00003702       ??$generate_type@UIVisualizerScene@lib3d@UModSys@@@RTest1_Shell@test1@test@modules@UModSys@@SA?AU?$TRefObject@UIVisualizerScene@lib3d@UModSys@@U?$TRefObjectFunc@UIVisualizerScene@lib3d@UModSys@@@tl@3@@tl@4@ABU?$TString@U?$TSCoreConst@D@su@tl@UModSys@@U?$TComparerBinaryHash@D@234@@64@ABUSParameters@core@4@PBD@Z 10004702 f i plugin_test1.obj
 0001:000037fc       ??$generate_type@UIGeneralObject@lib3d@UModSys@@@RTest1_Shell@test1@test@modules@UModSys@@SA?AU?$TRefObject@UIGeneralObject@lib3d@UModSys@@U?$TRefObjectFunc@UIGeneralObject@lib3d@UModSys@@@tl@3@@tl@4@ABU?$TString@U?$TSCoreConst@D@su@tl@UModSys@@U?$TComparerBinaryHash@D@234@@64@ABUSParameters@core@4@PBD@Z 100047fc f i plugin_test1.obj
 0001:000038f6       ?ResizeRel@?$TDynarray@U?$TDynarrayHolderDynamic@UVertexPC@UI_Info@RTest1_Shell@test1@test@modules@UModSys@@U?$TAllocator@USIMemAlloc@core@UModSys@@USCountCalcPower2@23@@tl@7@@tl@UModSys@@@tl@UModSys@@QAE_NH@Z 100048f6 f i plugin_test1.obj
 0001:00003921       ?ReLink@?$TDynarray@U?$TDynarrayHolderDynamic@UVertexPC@UI_Info@RTest1_Shell@test1@test@modules@UModSys@@U?$TAllocator@USIMemAlloc@core@UModSys@@USCountCalcPower2@23@@tl@7@@tl@UModSys@@@tl@UModSys@@IAE_NI@Z 10004921 f i plugin_test1.obj
 0001:00003963       ??1?$TRefObject@UIModObject@base@UModSys@@U?$TModObjectFunc@UIModObject@base@UModSys@@@tl@3@@tl@UModSys@@QAE@XZ 10004963 f i plugin_test1.obj
 0001:00003979       ?mult@?$TMatrix44@N@math3d@UModSys@@QAEXABU123@0@Z 10004979 f i plugin_test1.obj
 0001:00003b81       ?get_determinant@?$TMatrix44@N@math3d@UModSys@@QBENXZ 10004b81 f i plugin_test1.obj
 0001:00003c3d       ?s_init@?$TModObjectFunc@UIModObject@base@UModSys@@@tl@UModSys@@SAXAAPAUIModObject@base@3@PAU453@@Z 10004c3d f i plugin_test1.obj
 0001:00003c56       ??$t_ref_get_other_interface@UIStreamReader@libmedia@UModSys@@U?$TRefObjectFunc@UIStreamReader@libmedia@UModSys@@@tl@3@@IRefObject@core@UModSys@@QAE_NAAU?$TRefObject@UIStreamReader@libmedia@UModSys@@U?$TRefObjectFunc@UIStreamReader@libmedia@UModSys@@@tl@3@@tl@2@@Z 10004c56 f i plugin_test1.obj
 0001:00003c85       ??$t_ref_get_other_interface@UIStreamWriter@libmedia@UModSys@@U?$TRefObjectFunc@UIStreamWriter@libmedia@UModSys@@@tl@3@@IRefObject@core@UModSys@@QAE_NAAU?$TRefObject@UIStreamWriter@libmedia@UModSys@@U?$TRefObjectFunc@UIStreamWriter@libmedia@UModSys@@@tl@3@@tl@2@@Z 10004c85 f i plugin_test1.obj
 0001:00003cb4       ??$t_generate@UICollector@libui@UModSys@@@SModuleContext@base@UModSys@@QAE_NAAU?$TRefObject@UICollector@libui@UModSys@@U?$TRefObjectFunc@UICollector@libui@UModSys@@@tl@3@@tl@2@PBUSUniquePointerInfo@core@2@ABUSParameters@62@@Z 10004cb4 f i plugin_test1.obj
 0001:00003d50       ??$t_generate@UITerminal@libui@UModSys@@@SModuleContext@base@UModSys@@QAE_NAAU?$TRefObject@UITerminal@libui@UModSys@@U?$TRefObjectFunc@UITerminal@libui@UModSys@@@tl@3@@tl@2@PBUSUniquePointerInfo@core@2@ABUSParameters@62@@Z 10004d50 f i plugin_test1.obj
 0001:00003dec       ??$t_generate@UIRenderer@lib3d@UModSys@@@SModuleContext@base@UModSys@@QAE_NAAU?$TRefObject@UIRenderer@lib3d@UModSys@@U?$TRefObjectFunc@UIRenderer@lib3d@UModSys@@@tl@3@@tl@2@PBUSUniquePointerInfo@core@2@ABUSParameters@62@@Z 10004dec f i plugin_test1.obj
 0001:00003e7a       ??$t_generate@UIVisualizerScene@lib3d@UModSys@@@SModuleContext@base@UModSys@@QAE_NAAU?$TRefObject@UIVisualizerScene@lib3d@UModSys@@U?$TRefObjectFunc@UIVisualizerScene@lib3d@UModSys@@@tl@3@@tl@2@PBUSUniquePointerInfo@core@2@ABUSParameters@62@@Z 10004e7a f i plugin_test1.obj
 0001:00003f16       ??$t_generate@UIGeneralObject@lib3d@UModSys@@@SModuleContext@base@UModSys@@QAE_NAAU?$TRefObject@UIGeneralObject@lib3d@UModSys@@U?$TRefObjectFunc@UIGeneralObject@lib3d@UModSys@@@tl@3@@tl@2@PBUSUniquePointerInfo@core@2@ABUSParameters@62@@Z 10004f16 f i plugin_test1.obj
 0001:00003fb2       ??$t_ref_get_other_interface@UIImageFactory@lib2d@UModSys@@U?$TRefObjectFunc@UIImageFactory@lib2d@UModSys@@@tl@3@@IRefObject@core@UModSys@@QAE_NAAU?$TRefObject@UIImageFactory@lib2d@UModSys@@U?$TRefObjectFunc@UIImageFactory@lib2d@UModSys@@@tl@3@@tl@2@@Z 10004fb2 f i plugin_test1.obj
 0001:00003fe1       ??$t_ref_get_other_interface@UIMultiImage@lib2d@UModSys@@U?$TRefObjectFunc@UIMultiImage@lib2d@UModSys@@@tl@3@@IRefObject@core@UModSys@@QAE_NAAU?$TRefObject@UIMultiImage@lib2d@UModSys@@U?$TRefObjectFunc@UIMultiImage@lib2d@UModSys@@@tl@3@@tl@2@@Z 10004fe1 f i plugin_test1.obj
 0001:00004001       ??4?$TRefObject@UIMultiImage@lib2d@UModSys@@U?$TRefObjectFunc@UIMultiImage@lib2d@UModSys@@@tl@3@@tl@UModSys@@QAEABU012@PAUIMultiImage@lib2d@2@@Z 10005001 f i plugin_test1.obj
 0001:00004001       ??4?$TRefObject@UIRefObject@core@UModSys@@U?$TRefObjectFunc@UIRefObject@core@UModSys@@@tl@3@@tl@UModSys@@QAEABU012@PAUIRefObject@core@2@@Z 10005001 f i plugin_test1.obj
 0001:00004001       ??4?$TRefObject@UIImage@lib2d@UModSys@@U?$TRefObjectFunc@UIImage@lib2d@UModSys@@@tl@3@@tl@UModSys@@QAEABU012@PAUIImage@lib2d@2@@Z 10005001 f i plugin_test1.obj
 0001:00004001       ??4?$TRefObject@URFrame_Common@frames@ui@modules@UModSys@@U?$TRefObjectFunc@URFrame_Common@frames@ui@modules@UModSys@@@tl@5@@tl@UModSys@@QAEABU012@PAURFrame_Common@frames@ui@modules@2@@Z 10005001 f i umodsys_lib_libui:umodsys.mod.ui.frames.obj
 0001:00004001       ??4?$TRefObject@UIRenderDriver@lib2d@UModSys@@U?$TRefObjectFunc@UIRenderDriver@lib2d@UModSys@@@tl@3@@tl@UModSys@@QAEABU012@PAUIRenderDriver@lib2d@2@@Z 10005001 f i plugin_test1.obj
 0001:00004001       ??4?$TRefObject@UIRenderer@lib3d@UModSys@@U?$TRefObjectFunc@UIRenderer@lib3d@UModSys@@@tl@3@@tl@UModSys@@QAEABU012@PAUIRenderer@lib3d@2@@Z 10005001 f i plugin_test1.obj
 0001:0000401c       ??1Scene@IVisualizerScene@lib3d@UModSys@@QAE@XZ 1000501c f i umodsys_lib_lib3d:umodsys.mod.3d.stdlib.obj
 0001:0000405f       ?root_get_interface_info@RRenderer@stdlib@lib3d@modules@UModSys@@UBEABUSUniquePointerInfo@core@5@XZ 1000505f f i umodsys_lib_lib3d:umodsys.mod.3d.stdlib.obj
 0001:00004065       ?root_get_interface_type@RRenderer@stdlib@lib3d@modules@UModSys@@UBEPBUSUniquePointerInfo@core@5@XZ 10005065 f i umodsys_lib_lib3d:umodsys.mod.3d.stdlib.obj
 0001:0000406b       ?root_get_other_interface@RRenderer@stdlib@lib3d@modules@UModSys@@UAEPAUIRoot@core@5@PBUSUniquePointerInfo@75@@Z 1000506b f i umodsys_lib_lib3d:umodsys.mod.3d.stdlib.obj
 0001:0000406b       ?root_get_other_interface@RRenderer@stdlib@lib3d@modules@UModSys@@UBEPBUIRoot@core@5@PBUSUniquePointerInfo@75@@Z 1000506b f i umodsys_lib_lib3d:umodsys.mod.3d.stdlib.obj
 0001:0000408c       ?root_is_interface_supported@RRenderer@stdlib@lib3d@modules@UModSys@@UBE_NPBUSUniquePointerInfo@core@5@@Z 1000508c f i umodsys_lib_lib3d:umodsys.mod.3d.stdlib.obj
 0001:000040b3       ?ref_remove@RVisualSceneMapper_Direct@stdlib@lib3d@modules@UModSys@@UBEXXZ 100050b3 f i umodsys_lib_lib3d:umodsys.mod.3d.stdlib.obj
 0001:000040b3       ?ref_remove@RRenderer@stdlib@lib3d@modules@UModSys@@UBEXXZ 100050b3 f i umodsys_lib_lib3d:umodsys.mod.3d.stdlib.obj
 0001:000040b3       ?ref_remove@RSerializeWriter@serialize_json@media@modules@UModSys@@UBEXXZ 100050b3 f i umodsys_lib_libmedia:umodsys.mod.media.serialize_json.obj
 0001:000040be       ?root_get_interface_info@RVisualizerScene@stdlib@lib3d@modules@UModSys@@UBEABUSUniquePointerInfo@core@5@XZ 100050be f i umodsys_lib_lib3d:umodsys.mod.3d.stdlib.obj
 0001:000040c4       ?root_get_interface_type@RVisualizerScene@stdlib@lib3d@modules@UModSys@@UBEPBUSUniquePointerInfo@core@5@XZ 100050c4 f i umodsys_lib_lib3d:umodsys.mod.3d.stdlib.obj
 0001:000040ca       ?root_get_other_interface@RVisualizerScene@stdlib@lib3d@modules@UModSys@@UBEPBUIRoot@core@5@PBUSUniquePointerInfo@75@@Z 100050ca f i umodsys_lib_lib3d:umodsys.mod.3d.stdlib.obj
 0001:000040ca       ?root_get_other_interface@RVisualizerScene@stdlib@lib3d@modules@UModSys@@UAEPAUIRoot@core@5@PBUSUniquePointerInfo@75@@Z 100050ca f i umodsys_lib_lib3d:umodsys.mod.3d.stdlib.obj
 0001:000040f3       ?root_is_interface_supported@RVisualizerScene@stdlib@lib3d@modules@UModSys@@UBE_NPBUSUniquePointerInfo@core@5@@Z 100050f3 f i umodsys_lib_lib3d:umodsys.mod.3d.stdlib.obj
 0001:00004122       ?root_get_interface_info@RVisualSceneMapper_Direct@stdlib@lib3d@modules@UModSys@@UBEABUSUniquePointerInfo@core@5@XZ 10005122 f i umodsys_lib_lib3d:umodsys.mod.3d.stdlib.obj
 0001:00004128       ?root_get_interface_type@RVisualSceneMapper_Direct@stdlib@lib3d@modules@UModSys@@UBEPBUSUniquePointerInfo@core@5@XZ 10005128 f i umodsys_lib_lib3d:umodsys.mod.3d.stdlib.obj
 0001:0000412e       ?root_get_other_interface@RVisualSceneMapper_Direct@stdlib@lib3d@modules@UModSys@@UAEPAUIRoot@core@5@PBUSUniquePointerInfo@75@@Z 1000512e f i umodsys_lib_lib3d:umodsys.mod.3d.stdlib.obj
 0001:0000412e       ?root_get_other_interface@RVisualSceneMapper_Direct@stdlib@lib3d@modules@UModSys@@UBEPBUIRoot@core@5@PBUSUniquePointerInfo@75@@Z 1000512e f i umodsys_lib_lib3d:umodsys.mod.3d.stdlib.obj
 0001:0000414f       ?root_is_interface_supported@RVisualSceneMapper_Direct@stdlib@lib3d@modules@UModSys@@UBE_NPBUSUniquePointerInfo@core@5@@Z 1000514f f i umodsys_lib_lib3d:umodsys.mod.3d.stdlib.obj
 0001:00004176       ?ref_links@RRenderer@stdlib@lib3d@modules@UModSys@@UBEHXZ 10005176 f i umodsys_lib_lib3d:umodsys.mod.3d.stdlib.obj
 0001:00004176       ?ref_links@RVisualSceneMapper_Direct@stdlib@lib3d@modules@UModSys@@UBEHXZ 10005176 f i umodsys_lib_lib3d:umodsys.mod.3d.stdlib.obj
 0001:00004176       ?ref_links@RSerializeWriter@serialize_json@media@modules@UModSys@@UBEHXZ 10005176 f i umodsys_lib_libmedia:umodsys.mod.media.serialize_json.obj
 0001:0000417a       ?suicide@RRenderer@stdlib@lib3d@modules@UModSys@@UAEXXZ 1000517a f i umodsys_lib_lib3d:umodsys.mod.3d.stdlib.obj
 0001:0000417a       ?suicide@RVisualSceneMapper_Direct@stdlib@lib3d@modules@UModSys@@UAEXXZ 1000517a f i umodsys_lib_lib3d:umodsys.mod.3d.stdlib.obj
 0001:0000417a       ?suicide@RSerializeWriter@serialize_json@media@modules@UModSys@@UAEXXZ 1000517a f i umodsys_lib_libmedia:umodsys.mod.media.serialize_json.obj
 0001:000041b7       ?root_get_interface_info@RGeneral@object_primitive@stdlib@lib3d@modules@UModSys@@UBEABUSUniquePointerInfo@core@6@XZ 100051b7 f i umodsys_lib_lib3d:umodsys.mod.3d.stdlib.obj
 0001:000041bd       ?root_get_interface_type@RGeneral@object_primitive@stdlib@lib3d@modules@UModSys@@UBEPBUSUniquePointerInfo@core@6@XZ 100051bd f i umodsys_lib_lib3d:umodsys.mod.3d.stdlib.obj
 0001:000041c3       ?root_get_other_interface@RGeneral@object_primitive@stdlib@lib3d@modules@UModSys@@UBEPBUIRoot@core@6@PBUSUniquePointerInfo@86@@Z 100051c3 f i umodsys_lib_lib3d:umodsys.mod.3d.stdlib.obj
 0001:000041c3       ?root_get_other_interface@RGeneral@object_primitive@stdlib@lib3d@modules@UModSys@@UAEPAUIRoot@core@6@PBUSUniquePointerInfo@86@@Z 100051c3 f i umodsys_lib_lib3d:umodsys.mod.3d.stdlib.obj
 0001:000041e4       ?root_is_interface_supported@RGeneral@object_primitive@stdlib@lib3d@modules@UModSys@@UBE_NPBUSUniquePointerInfo@core@6@@Z 100051e4 f i umodsys_lib_lib3d:umodsys.mod.3d.stdlib.obj
 0001:0000420b       ?root_get_interface_info@RRender@object_primitive@stdlib@lib3d@modules@UModSys@@UBEABUSUniquePointerInfo@core@6@XZ 1000520b f i umodsys_lib_lib3d:umodsys.mod.3d.stdlib.obj
 0001:00004211       ?root_get_interface_type@RRender@object_primitive@stdlib@lib3d@modules@UModSys@@UBEPBUSUniquePointerInfo@core@6@XZ 10005211 f i umodsys_lib_lib3d:umodsys.mod.3d.stdlib.obj
 0001:00004217       ?root_get_other_interface@RRender@object_primitive@stdlib@lib3d@modules@UModSys@@UAEPAUIRoot@core@6@PBUSUniquePointerInfo@86@@Z 10005217 f i umodsys_lib_lib3d:umodsys.mod.3d.stdlib.obj
 0001:00004217       ?root_get_other_interface@RRender@object_primitive@stdlib@lib3d@modules@UModSys@@UBEPBUIRoot@core@6@PBUSUniquePointerInfo@86@@Z 10005217 f i umodsys_lib_lib3d:umodsys.mod.3d.stdlib.obj
 0001:00004240       ?root_is_interface_supported@RRender@object_primitive@stdlib@lib3d@modules@UModSys@@UBE_NPBUSUniquePointerInfo@core@6@@Z 10005240 f i umodsys_lib_lib3d:umodsys.mod.3d.stdlib.obj
 0001:0000426f       ?ref_add@RRender@object_primitive@stdlib@lib3d@modules@UModSys@@UBEXXZ 1000526f f i umodsys_lib_lib3d:umodsys.mod.3d.stdlib.obj
 0001:0000426f       ?ref_add@RCollector@frames@ui@modules@UModSys@@UBEXXZ 1000526f f i umodsys_lib_libui:umodsys.mod.ui.frames.obj
 0001:00004273       ?ref_weak@RCollector@frames@ui@modules@UModSys@@UBE_NAAUWeakPointer@IRefObject@core@5@@Z 10005273 f i umodsys_lib_libui:umodsys.mod.ui.frames.obj
 0001:00004273       ?ref_weak@RRender@object_primitive@stdlib@lib3d@modules@UModSys@@UBE_NAAUWeakPointer@IRefObject@core@6@@Z 10005273 f i umodsys_lib_lib3d:umodsys.mod.3d.stdlib.obj
 0001:00004292       ?suicide@RRender@object_primitive@stdlib@lib3d@modules@UModSys@@UAEXXZ 10005292 f i umodsys_lib_lib3d:umodsys.mod.3d.stdlib.obj
 0001:000042d2       ?root_get_interface_info@RVisual@object_primitive@stdlib@lib3d@modules@UModSys@@UBEABUSUniquePointerInfo@core@6@XZ 100052d2 f i umodsys_lib_lib3d:umodsys.mod.3d.stdlib.obj
 0001:000042d8       ?root_get_interface_type@RVisual@object_primitive@stdlib@lib3d@modules@UModSys@@UBEPBUSUniquePointerInfo@core@6@XZ 100052d8 f i umodsys_lib_lib3d:umodsys.mod.3d.stdlib.obj
 0001:000042de       ?root_get_other_interface@RVisual@object_primitive@stdlib@lib3d@modules@UModSys@@UBEPBUIRoot@core@6@PBUSUniquePointerInfo@86@@Z 100052de f i umodsys_lib_lib3d:umodsys.mod.3d.stdlib.obj
 0001:000042de       ?root_get_other_interface@RVisual@object_primitive@stdlib@lib3d@modules@UModSys@@UAEPAUIRoot@core@6@PBUSUniquePointerInfo@86@@Z 100052de f i umodsys_lib_lib3d:umodsys.mod.3d.stdlib.obj
 0001:00004307       ?root_is_interface_supported@RVisual@object_primitive@stdlib@lib3d@modules@UModSys@@UBE_NPBUSUniquePointerInfo@core@6@@Z 10005307 f i umodsys_lib_lib3d:umodsys.mod.3d.stdlib.obj
 0001:00004336       ?ref_remove@RVisual@object_primitive@stdlib@lib3d@modules@UModSys@@UBEXXZ 10005336 f i umodsys_lib_lib3d:umodsys.mod.3d.stdlib.obj
 0001:00004336       ?ref_remove@RVisual@object_camera@stdlib@lib3d@modules@UModSys@@UBEXXZ 10005336 f i umodsys_lib_lib3d:umodsys.mod.3d.stdlib.obj
 0001:00004344       ?ref_links@RVisual@object_camera@stdlib@lib3d@modules@UModSys@@UBEHXZ 10005344 f i umodsys_lib_lib3d:umodsys.mod.3d.stdlib.obj
 0001:00004344       ?ref_links@RVisual@object_primitive@stdlib@lib3d@modules@UModSys@@UBEHXZ 10005344 f i umodsys_lib_lib3d:umodsys.mod.3d.stdlib.obj
 0001:0000434b       ?ref_weak@RVisual@object_camera@stdlib@lib3d@modules@UModSys@@UBE_NAAUWeakPointer@IRefObject@core@6@@Z 1000534b f i umodsys_lib_lib3d:umodsys.mod.3d.stdlib.obj
 0001:0000434b       ?ref_weak@RVisual@object_primitive@stdlib@lib3d@modules@UModSys@@UBE_NAAUWeakPointer@IRefObject@core@6@@Z 1000534b f i umodsys_lib_lib3d:umodsys.mod.3d.stdlib.obj
 0001:0000436d       ?root_get_interface_info@RGeneral@object_camera@stdlib@lib3d@modules@UModSys@@UBEABUSUniquePointerInfo@core@6@XZ 1000536d f i umodsys_lib_lib3d:umodsys.mod.3d.stdlib.obj
 0001:00004373       ?root_get_interface_type@RGeneral@object_camera@stdlib@lib3d@modules@UModSys@@UBEPBUSUniquePointerInfo@core@6@XZ 10005373 f i umodsys_lib_lib3d:umodsys.mod.3d.stdlib.obj
 0001:00004379       ?root_get_other_interface@RGeneral@object_camera@stdlib@lib3d@modules@UModSys@@UBEPBUIRoot@core@6@PBUSUniquePointerInfo@86@@Z 10005379 f i umodsys_lib_lib3d:umodsys.mod.3d.stdlib.obj
 0001:00004379       ?root_get_other_interface@RGeneral@object_camera@stdlib@lib3d@modules@UModSys@@UAEPAUIRoot@core@6@PBUSUniquePointerInfo@86@@Z 10005379 f i umodsys_lib_lib3d:umodsys.mod.3d.stdlib.obj
 0001:0000439a       ?root_is_interface_supported@RGeneral@object_camera@stdlib@lib3d@modules@UModSys@@UBE_NPBUSUniquePointerInfo@core@6@@Z 1000539a f i umodsys_lib_lib3d:umodsys.mod.3d.stdlib.obj
 0001:000043c1       ?suicide@RImage_Memory@stdlib@lib2d@modules@UModSys@@UAEXXZ 100053c1 f i umodsys_lib_lib2d:umodsys.mod.2d.stdlib.obj
 0001:000043c1       ?suicide@RVisualizerScene@stdlib@lib3d@modules@UModSys@@UAEXXZ 100053c1 f i umodsys_lib_lib3d:umodsys.mod.3d.stdlib.obj
 0001:000043c1       ?suicide@RMultiImage@stdlib@lib2d@modules@UModSys@@UAEXXZ 100053c1 f i umodsys_lib_lib2d:umodsys.mod.2d.stdlib.obj
 0001:000043c1       ?suicide@RGeneral@object_primitive@stdlib@lib3d@modules@UModSys@@UAEXXZ 100053c1 f i umodsys_lib_lib3d:umodsys.mod.3d.stdlib.obj
 0001:000043c1       ?suicide@RGeneral@object_camera@stdlib@lib3d@modules@UModSys@@UAEXXZ 100053c1 f i umodsys_lib_lib3d:umodsys.mod.3d.stdlib.obj
 0001:000043c1       ?suicide@RTerminal@SDL_GL@ui@modules@UModSys@@UAEXXZ 100053c1 f i umodsys_lib_libui:umodsys.mod.ui.SDL_GL.obj
 0001:000043c1       ?suicide@RImageFactory_Memory@stdlib@lib2d@modules@UModSys@@UAEXXZ 100053c1 f i umodsys_lib_lib2d:umodsys.mod.2d.stdlib.obj
 0001:000043c1       ?suicide@RSerializeReader@serialize_json@media@modules@UModSys@@UAEXXZ 100053c1 f i umodsys_lib_libmedia:umodsys.mod.media.serialize_json.obj
 0001:000043c1       ?suicide@RBinArchiveFrameClient_ZIP@zlib@media@modules@UModSys@@UAEXXZ 100053c1 f i umodsys_lib_libmedia:umodsys.mod.media.zlib.obj
 0001:000043c1       ?suicide@RTerminal@SDL_core@ui@modules@UModSys@@UAEXXZ 100053c1 f i umodsys_lib_libui:umodsys.mod.ui.SDL_core.obj
 0001:000043fe       ?root_get_interface_info@RVisual@object_camera@stdlib@lib3d@modules@UModSys@@UBEABUSUniquePointerInfo@core@6@XZ 100053fe f i umodsys_lib_lib3d:umodsys.mod.3d.stdlib.obj
 0001:00004404       ?root_get_interface_type@RVisual@object_camera@stdlib@lib3d@modules@UModSys@@UBEPBUSUniquePointerInfo@core@6@XZ 10005404 f i umodsys_lib_lib3d:umodsys.mod.3d.stdlib.obj
 0001:0000440a       ?root_get_other_interface@RVisual@object_camera@stdlib@lib3d@modules@UModSys@@UBEPBUIRoot@core@6@PBUSUniquePointerInfo@86@@Z 1000540a f i umodsys_lib_lib3d:umodsys.mod.3d.stdlib.obj
 0001:0000440a       ?root_get_other_interface@RVisual@object_camera@stdlib@lib3d@modules@UModSys@@UAEPAUIRoot@core@6@PBUSUniquePointerInfo@86@@Z 1000540a f i umodsys_lib_lib3d:umodsys.mod.3d.stdlib.obj
 0001:00004433       ?root_is_interface_supported@RVisual@object_camera@stdlib@lib3d@modules@UModSys@@UBE_NPBUSUniquePointerInfo@core@6@@Z 10005433 f i umodsys_lib_lib3d:umodsys.mod.3d.stdlib.obj
 0001:00004462       ?ref_add@RVisual@object_primitive@stdlib@lib3d@modules@UModSys@@UBEXXZ 10005462 f i umodsys_lib_lib3d:umodsys.mod.3d.stdlib.obj
 0001:00004462       ?ref_add@RVisual@object_camera@stdlib@lib3d@modules@UModSys@@UBEXXZ 10005462 f i umodsys_lib_lib3d:umodsys.mod.3d.stdlib.obj
 0001:00004469       ?suicide@RVisual@object_primitive@stdlib@lib3d@modules@UModSys@@UAEXXZ 10005469 f i umodsys_lib_lib3d:umodsys.mod.3d.stdlib.obj
 0001:00004469       ?suicide@RVisual@object_camera@stdlib@lib3d@modules@UModSys@@UAEXXZ 10005469 f i umodsys_lib_lib3d:umodsys.mod.3d.stdlib.obj
 0001:000044ad       ?get_generated_names@RGenerator@stdlib@lib3d@modules@UModSys@@UBEHAAUSUniquePtrList@core@5@@Z 100054ad f i umodsys_lib_lib3d:umodsys.mod.3d.stdlib.obj
 0001:000044f2       ?get_generated_types@RGenerator@stdlib@lib3d@modules@UModSys@@UBEHAAUSUniquePtrList@core@5@PBUSUniquePointerInfo@75@@Z 100054f2 f i umodsys_lib_lib3d:umodsys.mod.3d.stdlib.obj
 0001:0000459a       ?generate@RGenerator@stdlib@lib3d@modules@UModSys@@UAE_NAAU?$TRefObject@UIRefObject@core@UModSys@@U?$TRefObjectFunc@UIRefObject@core@UModSys@@@tl@3@@tl@5@PBUSUniquePointerInfo@core@5@ABUSParameters@95@@Z 1000559a f i umodsys_lib_lib3d:umodsys.mod.3d.stdlib.obj
 0001:0000463c       ?root_get_interface_info@RGenerator@stdlib@lib3d@modules@UModSys@@UBEABUSUniquePointerInfo@core@5@XZ 1000563c f i umodsys_lib_lib3d:umodsys.mod.3d.stdlib.obj
 0001:00004642       ?root_get_interface_type@RGenerator@stdlib@lib3d@modules@UModSys@@UBEPBUSUniquePointerInfo@core@5@XZ 10005642 f i umodsys_lib_lib3d:umodsys.mod.3d.stdlib.obj
 0001:00004648       ?root_get_other_interface@RGenerator@stdlib@lib3d@modules@UModSys@@UAEPAUIRoot@core@5@PBUSUniquePointerInfo@75@@Z 10005648 f i umodsys_lib_lib3d:umodsys.mod.3d.stdlib.obj
 0001:00004648       ?root_get_other_interface@RGenerator@stdlib@lib3d@modules@UModSys@@UBEPBUIRoot@core@5@PBUSUniquePointerInfo@75@@Z 10005648 f i umodsys_lib_lib3d:umodsys.mod.3d.stdlib.obj
 0001:00004661       ?root_is_interface_supported@RGenerator@stdlib@lib3d@modules@UModSys@@UBE_NPBUSUniquePointerInfo@core@5@@Z 10005661 f i umodsys_lib_lib3d:umodsys.mod.3d.stdlib.obj
 0001:00004680       ?ref_weak@RGenerator@test1@test@modules@UModSys@@UBE_NAAUWeakPointer@IRefObject@core@5@@Z 10005680 f i plugin_test1.obj
 0001:00004680       ?ref_weak@RGeneral@object_camera@stdlib@lib3d@modules@UModSys@@UBE_NAAUWeakPointer@IRefObject@core@6@@Z 10005680 f i umodsys_lib_lib3d:umodsys.mod.3d.stdlib.obj
 0001:00004680       ?ref_weak@RGenerator@SDL_core@ui@modules@UModSys@@UBE_NAAUWeakPointer@IRefObject@core@5@@Z 10005680 f i umodsys_lib_libui:umodsys.mod.ui.SDL_core.obj
 0001:00004680       ?ref_weak@RGeneral@object_primitive@stdlib@lib3d@modules@UModSys@@UBE_NAAUWeakPointer@IRefObject@core@6@@Z 10005680 f i umodsys_lib_lib3d:umodsys.mod.3d.stdlib.obj
 0001:00004680       ?ref_weak@RImage_Memory@stdlib@lib2d@modules@UModSys@@UBE_NAAUWeakPointer@IRefObject@core@5@@Z 10005680 f i umodsys_lib_lib2d:umodsys.mod.2d.stdlib.obj
 0001:00004680       ?ref_weak@RImageFactory_Memory@stdlib@lib2d@modules@UModSys@@UBE_NAAUWeakPointer@IRefObject@core@5@@Z 10005680 f i umodsys_lib_lib2d:umodsys.mod.2d.stdlib.obj
 0001:00004680       ?ref_weak@RMultiImage@stdlib@lib2d@modules@UModSys@@UBE_NAAUWeakPointer@IRefObject@core@5@@Z 10005680 f i umodsys_lib_lib2d:umodsys.mod.2d.stdlib.obj
 0001:00004680       ?ref_weak@RVisualizerScene@stdlib@lib3d@modules@UModSys@@UBE_NAAUWeakPointer@IRefObject@core@5@@Z 10005680 f i umodsys_lib_lib3d:umodsys.mod.3d.stdlib.obj
 0001:00004680       ?ref_weak@RTerminal@SDL_GL@ui@modules@UModSys@@UBE_NAAUWeakPointer@IRefObject@core@5@@Z 10005680 f i umodsys_lib_libui:umodsys.mod.ui.SDL_GL.obj
 0001:00004680       ?ref_weak@RMultiImage2D_SDL_ttf@SDL_GL@ui@modules@UModSys@@UBE_NAAUWeakPointer@IRefObject@core@5@@Z 10005680 f i umodsys_lib_libui:umodsys.mod.ui.SDL_GL.obj
 0001:00004680       ?ref_weak@RGenerator@SDL_GL@ui@modules@UModSys@@UBE_NAAUWeakPointer@IRefObject@core@5@@Z 10005680 f i umodsys_lib_libui:umodsys.mod.ui.SDL_GL.obj
 0001:00004680       ?ref_weak@RGenerator@stdlib@lib2d@modules@UModSys@@UBE_NAAUWeakPointer@IRefObject@core@5@@Z 10005680 f i umodsys_lib_lib2d:umodsys.mod.2d.stdlib.obj
 0001:00004680       ?ref_weak@RGenerator@frames@ui@modules@UModSys@@UBE_NAAUWeakPointer@IRefObject@core@5@@Z 10005680 f i umodsys_lib_libui:umodsys.mod.ui.frames.obj
 0001:00004680       ?ref_weak@RTerminal@SDL_core@ui@modules@UModSys@@UBE_NAAUWeakPointer@IRefObject@core@5@@Z 10005680 f i umodsys_lib_libui:umodsys.mod.ui.SDL_core.obj
 0001:00004680       ?ref_weak@RVertexArray@SDL_GL@ui@modules@UModSys@@UBE_NAAUWeakPointer@IRefObject@core@5@@Z 10005680 f i umodsys_lib_libui:umodsys.mod.ui.SDL_GL.obj
 0001:00004680       ?ref_weak@RDialog@frames@ui@modules@UModSys@@UBE_NAAUWeakPointer@IRefObject@core@5@@Z 10005680 f i umodsys_lib_libui:umodsys.mod.ui.frames.obj
 0001:00004680       ?ref_weak@RGenerator@serialize_json@media@modules@UModSys@@UBE_NAAUWeakPointer@IRefObject@core@5@@Z 10005680 f i umodsys_lib_libmedia:umodsys.mod.media.serialize_json.obj
 0001:00004680       ?ref_weak@RBinArchiveFrameClient_ZIP@zlib@media@modules@UModSys@@UBE_NAAUWeakPointer@IRefObject@core@5@@Z 10005680 f i umodsys_lib_libmedia:umodsys.mod.media.zlib.obj
 0001:00004680       ?ref_weak@RGenerator@images_std@media@modules@UModSys@@UBE_NAAUWeakPointer@IRefObject@core@5@@Z 10005680 f i umodsys_lib_libmedia:umodsys.mod.media.images_std.obj
 0001:00004680       ?ref_weak@RSerializeReader@serialize_json@media@modules@UModSys@@UBE_NAAUWeakPointer@IRefObject@core@5@@Z 10005680 f i umodsys_lib_libmedia:umodsys.mod.media.serialize_json.obj
 0001:00004680       ?ref_weak@RMultiImage2D_SDL_ttf@SDL_core@ui@modules@UModSys@@UBE_NAAUWeakPointer@IRefObject@core@5@@Z 10005680 f i umodsys_lib_libui:umodsys.mod.ui.SDL_core.obj
 0001:00004680       ?ref_weak@RGenerator@stdlib@lib3d@modules@UModSys@@UBE_NAAUWeakPointer@IRefObject@core@5@@Z 10005680 f i umodsys_lib_lib3d:umodsys.mod.3d.stdlib.obj
 0001:00004680       ?ref_weak@RGenerator@zlib@media@modules@UModSys@@UBE_NAAUWeakPointer@IRefObject@core@5@@Z 10005680 f i umodsys_lib_libmedia:umodsys.mod.media.zlib.obj
 0001:0000469f       ?get_uid@RGenerator@stdlib@lib3d@modules@UModSys@@UBEPBUSUniquePointerInfo@core@5@XZ 1000569f f i umodsys_lib_lib3d:umodsys.mod.3d.stdlib.obj
 0001:000046a5       ?library_get@RRenderer@stdlib@lib3d@modules@UModSys@@UBEPAUISharedLibrary@35@XZ 100056a5 f   umodsys_lib_lib3d:umodsys.mod.3d.stdlib.obj
 0001:000046a9       ?driver_set@RRenderer@stdlib@lib3d@modules@UModSys@@UAE_NPAUIRenderDriver@35@PAUILibrary@libmedia@5@@Z 100056a9 f   umodsys_lib_lib3d:umodsys.mod.3d.stdlib.obj
 0001:000046d2       ?texture_load@RRenderer@stdlib@lib3d@modules@UModSys@@UAEPAUITexture@35@ABU?$TString@U?$TSCoreConst@D@su@tl@UModSys@@U?$TComparerBinaryHash@D@234@@tl@5@0H@Z 100056d2 f   umodsys_lib_lib3d:umodsys.mod.3d.stdlib.obj
 0001:000046d2       ?font_load@RRenderer@stdlib@lib3d@modules@UModSys@@UAEPAUITextureCells@35@ABU?$TString@U?$TSCoreConst@D@su@tl@UModSys@@U?$TComparerBinaryHash@D@234@@tl@5@0H@Z 100056d2 f   umodsys_lib_lib3d:umodsys.mod.3d.stdlib.obj
 0001:000046d2       ?texture_alloc@RRenderer@stdlib@lib3d@modules@UModSys@@UAEPAUITexture@35@PAUSRenderDriverTexBox@35@ABU?$TVector2@H@math3d@5@W4eImageType@lib2d@5@@Z 100056d2 f   umodsys_lib_lib3d:umodsys.mod.3d.stdlib.obj
 0001:000046d7       ?get_cell@RMultiImage2D_SDL_ttf@SDL_core@ui@modules@UModSys@@UBE_NIAAU?$TVector2@H@math3d@5@PAU675@PAG@Z 100056d7 f   umodsys_lib_libui:umodsys.mod.ui.SDL_core.obj
 0001:000046d7       ?cast_ray@RRenderer@stdlib@lib3d@modules@UModSys@@UBE_NPAUIScene@35@ABU?$TVector2@M@math3d@5@AAU?$TVector3@N@85@2@Z 100056d7 f   umodsys_lib_lib3d:umodsys.mod.3d.stdlib.obj
 0001:000046d7       ?cast_ray@RRenderer@stdlib@lib3d@modules@UModSys@@UBE_NPAUIScene@35@ABU?$TVector2@H@math3d@5@AAU?$TVector3@N@85@2@Z 100056d7 f   umodsys_lib_lib3d:umodsys.mod.3d.stdlib.obj
 0001:000046d7       ?get_cell@RMultiImage2D_SDL_ttf@SDL_GL@ui@modules@UModSys@@UBE_NIAAU?$TVector2@H@math3d@5@PAU675@PAG@Z 100056d7 f   umodsys_lib_libui:umodsys.mod.ui.SDL_GL.obj
 0001:000046d7       ?setup_setlight@RRenderDriver3D@SDL_GL@ui@modules@UModSys@@UAE_NHW4eLightType@lib3d@5@ABUSLight@75@ABU?$TMatrix44@N@math3d@5@@Z 100056d7 f   umodsys_lib_libui:umodsys.mod.ui.SDL_GL.obj
 0001:000046dc       ?set_hint@RMultiImage2D_SDL_ttf@SDL_core@ui@modules@UModSys@@UAE_NPBD0@Z 100056dc f   umodsys_lib_libui:umodsys.mod.ui.SDL_core.obj
 0001:000046dc       ?key_setrepeat@RKeyboardController@SDL_GL@ui@modules@UModSys@@UAE_NMM@Z 100056dc f   umodsys_lib_libui:umodsys.mod.ui.SDL_GL.obj
 0001:000046dc       ?setup_fixed_cell@RMultiImage2D_SDL_ttf@SDL_core@ui@modules@UModSys@@UAE_NHH@Z 100056dc f   umodsys_lib_libui:umodsys.mod.ui.SDL_core.obj
 0001:000046dc       ?set_hint@RMultiImage2D_SDL_ttf@SDL_GL@ui@modules@UModSys@@UAE_NPBD0@Z 100056dc f   umodsys_lib_libui:umodsys.mod.ui.SDL_GL.obj
 0001:000046dc       ?key_setrepeat@RKeyboardController@SDL_core@ui@modules@UModSys@@UAE_NMM@Z 100056dc f   umodsys_lib_libui:umodsys.mod.ui.SDL_core.obj
 0001:000046dc       ?on_scene_node_remove@RVisualSceneMapper_Direct@stdlib@lib3d@modules@UModSys@@UAE_NPAUIScene@35@PBUISceneNode@35@@Z 100056dc f   umodsys_lib_lib3d:umodsys.mod.3d.stdlib.obj
 0001:000046dc       ?on_scene_node_change@RVisualSceneMapper_Direct@stdlib@lib3d@modules@UModSys@@UAE_NPAUIScene@35@PBUISceneNode@35@@Z 100056dc f   umodsys_lib_lib3d:umodsys.mod.3d.stdlib.obj
 0001:000046dc       ?mouse_setposition@RMouseController@SDL_core@ui@modules@UModSys@@UAE_NHH@Z 100056dc f   umodsys_lib_libui:umodsys.mod.ui.SDL_core.obj
 0001:000046dc       ?setup_setlight@RRenderDriver3D@SDL_GL@ui@modules@UModSys@@UAE_NH_N@Z 100056dc f   umodsys_lib_libui:umodsys.mod.ui.SDL_GL.obj
 0001:000046dc       ?cast_ray_center@RRenderer@stdlib@lib3d@modules@UModSys@@UBE_NABU?$TVector2@H@math3d@5@AAU?$TVector3@N@75@@Z 100056dc f   umodsys_lib_lib3d:umodsys.mod.3d.stdlib.obj
 0001:000046dc       ?set_value@RRenderer@stdlib@lib3d@modules@UModSys@@UAE_NABU?$TString@U?$TSCoreConst@D@su@tl@UModSys@@U?$TComparerBinaryHash@D@234@@tl@5@ABUSPropValueR@core@5@@Z 100056dc f   umodsys_lib_lib3d:umodsys.mod.3d.stdlib.obj
 0001:000046dc       ?map_3d_to_2d@RRenderDriver3D@SDL_GL@ui@modules@UModSys@@UAE_NAAU?$TVector2@H@math3d@5@ABU?$TVector2@M@75@@Z 100056dc f   umodsys_lib_libui:umodsys.mod.ui.SDL_GL.obj
 0001:000046dc       ?filter_load@RMediaFilter@images_std@media@modules@UModSys@@UAE_NABUSInfo@IBinObjFilter@libmedia@5@AAU?$TRefObject@UIRefObject@core@UModSys@@U?$TRefObjectFunc@UIRefObject@core@UModSys@@@tl@3@@tl@5@@Z 100056dc f   umodsys_lib_libmedia:umodsys.mod.media.images_std.obj
 0001:000046dc       ?mouse_setposition@RMouseController@SDL_GL@ui@modules@UModSys@@UAE_NHH@Z 100056dc f   umodsys_lib_libui:umodsys.mod.ui.SDL_GL.obj
 0001:000046dc       ?map_2d_to_3d@RRenderDriver3D@SDL_GL@ui@modules@UModSys@@UAE_NAAU?$TVector3@N@math3d@5@ABU?$TVector2@H@75@@Z 100056dc f   umodsys_lib_libui:umodsys.mod.ui.SDL_GL.obj
 0001:000046dc       ?get_cell@RMultiImage2D_SDL_ttf@SDL_core@ui@modules@UModSys@@UBE_NIAAUSImageCellInfo@lib2d@5@@Z 100056dc f   umodsys_lib_libui:umodsys.mod.ui.SDL_core.obj
 0001:000046dc       ?setup_fixed_cell@RMultiImage2D_SDL_ttf@SDL_GL@ui@modules@UModSys@@UAE_NHH@Z 100056dc f   umodsys_lib_libui:umodsys.mod.ui.SDL_GL.obj
 0001:000046dc       ?map_3d_to_2d@RRenderDriver3D@SDL_GL@ui@modules@UModSys@@UAE_NAAU?$TVector2@H@math3d@5@ABU?$TVector3@N@75@@Z 100056dc f   umodsys_lib_libui:umodsys.mod.ui.SDL_GL.obj
 0001:000046dc       ?on_scene_node_add@RVisualSceneMapper_Direct@stdlib@lib3d@modules@UModSys@@UAE_NPAUIScene@35@PBUISceneNode@35@@Z 100056dc f   umodsys_lib_lib3d:umodsys.mod.3d.stdlib.obj
 0001:000046dc       ?set_parameters@RRenderDriver3D@SDL_GL@ui@modules@UModSys@@UAE_NPBDABUSParameters@core@5@@Z 100056dc f   umodsys_lib_libui:umodsys.mod.ui.SDL_GL.obj
 0001:000046dc       ?get_value@RRenderer@stdlib@lib3d@modules@UModSys@@UBE_NABU?$TString@U?$TSCoreConst@D@su@tl@UModSys@@U?$TComparerBinaryHash@D@234@@tl@5@ABUSPropValueW@core@5@@Z 100056dc f   umodsys_lib_lib3d:umodsys.mod.3d.stdlib.obj
 0001:000046dc       ?output_attach_3d@RCollector@frames@ui@modules@UModSys@@UAE_NPAUIRenderDriver@lib3d@5@H@Z 100056dc f   umodsys_lib_libui:umodsys.mod.ui.frames.obj
 0001:000046dc       ?get_cell@RMultiImage2D_SDL_ttf@SDL_GL@ui@modules@UModSys@@UBE_NIAAUSImageCellInfo@lib2d@5@@Z 100056dc f   umodsys_lib_libui:umodsys.mod.ui.SDL_GL.obj
 0001:000046dc       ?set_parameters@RRenderDriver2D@SDL_core@ui@modules@UModSys@@UAE_NPBDABUSParameters@core@5@@Z 100056dc f   umodsys_lib_libui:umodsys.mod.ui.SDL_core.obj
 0001:000046dc       ?set_hint@RMultiImage@stdlib@lib2d@modules@UModSys@@UAE_NPBD0@Z 100056dc f   umodsys_lib_lib2d:umodsys.mod.2d.stdlib.obj
 0001:000046dc       ?set_repeater@RFrame_Common@frames@ui@modules@UModSys@@UAE_NHH@Z 100056dc f   umodsys_lib_libui:umodsys.mod.ui.frames.obj
 0001:000046e1       ?hints@RRenderer@stdlib@lib3d@modules@UModSys@@UAEAAUIPropNamedAdapter@core@5@XZ 100056e1 f   umodsys_lib_lib3d:umodsys.mod.3d.stdlib.obj
 0001:000046e1       ?hints@RRenderer@stdlib@lib3d@modules@UModSys@@UBEABUIPropNamedAdapter@core@5@XZ 100056e1 f   umodsys_lib_lib3d:umodsys.mod.3d.stdlib.obj
 0001:000046ec       ?render_begin@RRenderer@stdlib@lib3d@modules@UModSys@@UAE_NXZ 100056ec f   umodsys_lib_lib3d:umodsys.mod.3d.stdlib.obj
 0001:000046fe       ?render_3d@RRenderer@stdlib@lib3d@modules@UModSys@@UAE_NPAUIVisualizer@35@H_N@Z 100056fe f   umodsys_lib_lib3d:umodsys.mod.3d.stdlib.obj
 0001:0000473a       ?render_2d@RRenderer@stdlib@lib3d@modules@UModSys@@UAE_NPAUIVisualizer@35@@Z 1000573a f   umodsys_lib_lib3d:umodsys.mod.3d.stdlib.obj
 0001:00004767       ?render_extra@RRenderer@stdlib@lib3d@modules@UModSys@@UAE_NABUSRenderState@35@H@Z 10005767 f   umodsys_lib_lib3d:umodsys.mod.3d.stdlib.obj
 0001:00004851       ?render_reset@RRenderer@stdlib@lib3d@modules@UModSys@@UAE_NABUSRenderState@35@@Z 10005851 f   umodsys_lib_lib3d:umodsys.mod.3d.stdlib.obj
 0001:00004869       ?render_end@RRenderer@stdlib@lib3d@modules@UModSys@@UAE_NXZ 10005869 f   umodsys_lib_lib3d:umodsys.mod.3d.stdlib.obj
 0001:0000487b       ??0RRenderer@stdlib@lib3d@modules@UModSys@@QAE@PAUIModObject@base@4@ABUSParameters@core@4@@Z 1000587b f   umodsys_lib_lib3d:umodsys.mod.3d.stdlib.obj
 0001:000048d5       ??_ERRenderer@stdlib@lib3d@modules@UModSys@@UAEPAXI@Z 100058d5 f i  CIL library: CIL module
 0001:000048d5       ??_GRRenderer@stdlib@lib3d@modules@UModSys@@UAEPAXI@Z 100058d5 f i umodsys_lib_lib3d:umodsys.mod.3d.stdlib.obj
 0001:00004942       ?get_root@RDialog@frames@ui@modules@UModSys@@UAEPAUIFrame@libui@5@XZ 10005942 f   umodsys_lib_libui:umodsys.mod.ui.frames.obj
 0001:00004942       ?renderer_get@RVisualizerScene@stdlib@lib3d@modules@UModSys@@UBEPAUIRenderer@35@XZ 10005942 f   umodsys_lib_lib3d:umodsys.mod.3d.stdlib.obj
 0001:00004946       ?renderer_set@RVisualizerScene@stdlib@lib3d@modules@UModSys@@UAE_NPAUIRenderer@35@@Z 10005946 f   umodsys_lib_lib3d:umodsys.mod.3d.stdlib.obj
 0001:00004988       ?render_3d@RVisualizerScene@stdlib@lib3d@modules@UModSys@@UAE_NH_NPAUIRenderDriver@35@@Z 10005988 f   umodsys_lib_lib3d:umodsys.mod.3d.stdlib.obj
 0001:00004a73       ?scene_count@RVisualizerScene@stdlib@lib3d@modules@UModSys@@UBEIXZ 10005a73 f   umodsys_lib_lib3d:umodsys.mod.3d.stdlib.obj
 0001:00004a73       ?get_layer_count@RVertexArray@SDL_GL@ui@modules@UModSys@@UBEHXZ 10005a73 f   umodsys_lib_libui:umodsys.mod.ui.SDL_GL.obj
 0001:00004a77       ?scene_get@RVisualizerScene@stdlib@lib3d@modules@UModSys@@UBE?AUScene@IVisualizerScene@35@I@Z 10005a77 f   umodsys_lib_lib3d:umodsys.mod.3d.stdlib.obj
 0001:00004abd       ??0Scene@IVisualizerScene@lib3d@UModSys@@QAE@ABU0123@@Z 10005abd f i umodsys_lib_lib3d:umodsys.mod.3d.stdlib.obj
 0001:00004b02       ?scene_index@RVisualizerScene@stdlib@lib3d@modules@UModSys@@UBEIABUScene@IVisualizerScene@35@@Z 10005b02 f   umodsys_lib_lib3d:umodsys.mod.3d.stdlib.obj
 0001:00004b3d       ?scene_add@RVisualizerScene@stdlib@lib3d@modules@UModSys@@UAE_NABUScene@IVisualizerScene@35@@Z 10005b3d f   umodsys_lib_lib3d:umodsys.mod.3d.stdlib.obj
 0001:00004ba9       ?scene_remove@RVisualizerScene@stdlib@lib3d@modules@UModSys@@UAE_NABUScene@IVisualizerScene@35@@Z 10005ba9 f   umodsys_lib_lib3d:umodsys.mod.3d.stdlib.obj
 0001:00004c0c       ??0RVisualizerScene@stdlib@lib3d@modules@UModSys@@QAE@PAUIModObject@base@4@ABUSParameters@core@4@@Z 10005c0c f   umodsys_lib_lib3d:umodsys.mod.3d.stdlib.obj
 0001:00004c80       ??_GRVisualizerScene@stdlib@lib3d@modules@UModSys@@UAEPAXI@Z 10005c80 f i umodsys_lib_lib3d:umodsys.mod.3d.stdlib.obj
 0001:00004c80       ??_ERVisualizerScene@stdlib@lib3d@modules@UModSys@@UAEPAXI@Z 10005c80 f i  CIL library: CIL module
 0001:00004c9d       ??1RVisualizerScene@stdlib@lib3d@modules@UModSys@@UAE@XZ 10005c9d f   umodsys_lib_lib3d:umodsys.mod.3d.stdlib.obj
 0001:00004d03       ??0RVisualSceneMapper_Direct@stdlib@lib3d@modules@UModSys@@QAE@PAUIModObject@base@4@ABUSParameters@core@4@@Z 10005d03 f   umodsys_lib_lib3d:umodsys.mod.3d.stdlib.obj
 0001:00004d5a       ??_ERVisualSceneMapper_Direct@stdlib@lib3d@modules@UModSys@@UAEPAXI@Z 10005d5a f i  CIL library: CIL module
 0001:00004d5a       ??_GRVisualSceneMapper_Direct@stdlib@lib3d@modules@UModSys@@UAEPAXI@Z 10005d5a f i umodsys_lib_lib3d:umodsys.mod.3d.stdlib.obj
 0001:00004db7       ?visual_new@RGeneral@object_camera@stdlib@lib3d@modules@UModSys@@UAE?AU?$TRefObject@UIVisualObject@lib3d@UModSys@@U?$TRefObjectFunc@UIVisualObject@lib3d@UModSys@@@tl@3@@tl@6@PAUIRenderer@46@PAUIRenderObject@46@@Z 10005db7 f   umodsys_lib_lib3d:umodsys.mod.3d.stdlib.obj
 0001:00004e29       ?render_new@RGeneral@object_camera@stdlib@lib3d@modules@UModSys@@UAE?AU?$TRefObject@UIRenderObject@lib3d@UModSys@@U?$TRefObjectFunc@UIRenderObject@lib3d@UModSys@@@tl@3@@tl@6@PAUIRenderer@46@@Z 10005e29 f   umodsys_lib_lib3d:umodsys.mod.3d.stdlib.obj
 0001:00004e3b       ?get_root@RGeneral@object_camera@stdlib@lib3d@modules@UModSys@@UAEPAUIGeneralObject@46@XZ 10005e3b f   umodsys_lib_lib3d:umodsys.mod.3d.stdlib.obj
 0001:00004e3b       ?get_root@RGeneral@object_primitive@stdlib@lib3d@modules@UModSys@@UAEPAUIGeneralObject@46@XZ 10005e3b f   umodsys_lib_lib3d:umodsys.mod.3d.stdlib.obj
 0001:00004e3e       ??0RGeneral@object_camera@stdlib@lib3d@modules@UModSys@@QAE@PAUIModObject@base@5@ABUSParameters@core@5@@Z 10005e3e f   umodsys_lib_lib3d:umodsys.mod.3d.stdlib.obj
 0001:00004fa6       ?object_get@RVisual@object_camera@stdlib@lib3d@modules@UModSys@@UBE?AU?$TRefObject@UIGeneralObject@lib3d@UModSys@@U?$TRefObjectFunc@UIGeneralObject@lib3d@UModSys@@@tl@3@@tl@6@XZ 10005fa6 f   umodsys_lib_lib3d:umodsys.mod.3d.stdlib.obj
 0001:00004fa6       ?render_get@RVisual@object_primitive@stdlib@lib3d@modules@UModSys@@UBE?AU?$TRefObject@UIRenderObject@lib3d@UModSys@@U?$TRefObjectFunc@UIRenderObject@lib3d@UModSys@@@tl@3@@tl@6@XZ 10005fa6 f   umodsys_lib_lib3d:umodsys.mod.3d.stdlib.obj
 0001:00004fca       ?valid@RGeneral@object_camera@stdlib@lib3d@modules@UModSys@@UBE_NXZ 10005fca f   umodsys_lib_lib3d:umodsys.mod.3d.stdlib.obj
 0001:00004fca       ?valid@RVisual@object_primitive@stdlib@lib3d@modules@UModSys@@UBE_NXZ 10005fca f   umodsys_lib_lib3d:umodsys.mod.3d.stdlib.obj
 0001:00004fca       ?controller_update@RFrame_Common@frames@ui@modules@UModSys@@UAE_NXZ 10005fca f   umodsys_lib_libui:umodsys.mod.ui.frames.obj
 0001:00004fca       ?visual_update@RVisual@object_camera@stdlib@lib3d@modules@UModSys@@UAE_NXZ 10005fca f   umodsys_lib_lib3d:umodsys.mod.3d.stdlib.obj
 0001:00004fca       ?valid@RVisual@object_camera@stdlib@lib3d@modules@UModSys@@UBE_NXZ 10005fca f   umodsys_lib_lib3d:umodsys.mod.3d.stdlib.obj
 0001:00004fca       ?valid@RGeneral@object_primitive@stdlib@lib3d@modules@UModSys@@UBE_NXZ 10005fca f   umodsys_lib_lib3d:umodsys.mod.3d.stdlib.obj
 0001:00004fca       ?valid@RRender@object_primitive@stdlib@lib3d@modules@UModSys@@UBE_NXZ 10005fca f   umodsys_lib_lib3d:umodsys.mod.3d.stdlib.obj
 0001:00004fca       ?visual_update@RVisual@object_primitive@stdlib@lib3d@modules@UModSys@@UAE_NXZ 10005fca f   umodsys_lib_lib3d:umodsys.mod.3d.stdlib.obj
 0001:00004fcd       ?render_state@RVisual@object_camera@stdlib@lib3d@modules@UModSys@@UAE_NABUSRenderState@46@@Z 10005fcd f   umodsys_lib_lib3d:umodsys.mod.3d.stdlib.obj
 0001:00004ffc       ?camera_get_fov@RVisual@object_camera@stdlib@lib3d@modules@UModSys@@UBE?AU?$TVector2@M@math3d@6@XZ 10005ffc f   umodsys_lib_lib3d:umodsys.mod.3d.stdlib.obj
 0001:00005014       ?camera_get_xyz@RVisual@object_camera@stdlib@lib3d@modules@UModSys@@UBE_NPAU?$TVector3@N@math3d@6@00@Z 10006014 f   umodsys_lib_lib3d:umodsys.mod.3d.stdlib.obj
 0001:00005058       ?camera_get_planes@RVisual@object_camera@stdlib@lib3d@modules@UModSys@@UBEHPAU?$TPlane3@N@math3d@6@@Z 10006058 f   umodsys_lib_lib3d:umodsys.mod.3d.stdlib.obj
 0001:00005312       ?camera_cast_ray@RVisual@object_camera@stdlib@lib3d@modules@UModSys@@UBE_NABU?$TVector2@M@math3d@6@AAU?$TVector3@N@86@1@Z 10006312 f   umodsys_lib_lib3d:umodsys.mod.3d.stdlib.obj
 0001:00005407       ?camera_setup@RVisual@object_camera@stdlib@lib3d@modules@UModSys@@UAE_NPAUIRenderDriver@46@@Z 10006407 f   umodsys_lib_lib3d:umodsys.mod.3d.stdlib.obj
 0001:00005446       ??0RVisual@object_camera@stdlib@lib3d@modules@UModSys@@QAE@PAURGeneral@12345@PAUIRenderer@35@@Z 10006446 f   umodsys_lib_lib3d:umodsys.mod.3d.stdlib.obj
 0001:000054ef       ??_GRVisual@object_camera@stdlib@lib3d@modules@UModSys@@UAEPAXI@Z 100064ef f i umodsys_lib_lib3d:umodsys.mod.3d.stdlib.obj
 0001:000054ef       ??_ERVisual@object_camera@stdlib@lib3d@modules@UModSys@@UAEPAXI@Z 100064ef f i  CIL library: CIL module
 0001:00005512       ??1IVisualObject@lib3d@UModSys@@UAE@XZ 10006512 f i umodsys_lib_lib3d:umodsys.mod.3d.stdlib.obj
 0001:00005512       ??1ILibObject@libmedia@UModSys@@UAE@XZ 10006512 f i plugin_test1.obj
 0001:00005549       ?visual_new@RGeneral@object_primitive@stdlib@lib3d@modules@UModSys@@UAE?AU?$TRefObject@UIVisualObject@lib3d@UModSys@@U?$TRefObjectFunc@UIVisualObject@lib3d@UModSys@@@tl@3@@tl@6@PAUIRenderer@46@PAUIRenderObject@46@@Z 10006549 f   umodsys_lib_lib3d:umodsys.mod.3d.stdlib.obj
 0001:000055e0       ?render_new@RGeneral@object_primitive@stdlib@lib3d@modules@UModSys@@UAE?AU?$TRefObject@UIRenderObject@lib3d@UModSys@@U?$TRefObjectFunc@UIRenderObject@lib3d@UModSys@@@tl@3@@tl@6@PAUIRenderer@46@@Z 100065e0 f   umodsys_lib_lib3d:umodsys.mod.3d.stdlib.obj
 0001:00005653       ?render_get@RVisual@object_camera@stdlib@lib3d@modules@UModSys@@UBE?AU?$TRefObject@UIRenderObject@lib3d@UModSys@@U?$TRefObjectFunc@UIRenderObject@lib3d@UModSys@@@tl@3@@tl@6@XZ 10006653 f   umodsys_lib_lib3d:umodsys.mod.3d.stdlib.obj
 0001:00005653       ?logic_new@RGeneral@object_primitive@stdlib@lib3d@modules@UModSys@@UAE?AU?$TRefObject@UILogicObject@lib3d@UModSys@@U?$TRefObjectFunc@UILogicObject@lib3d@UModSys@@@tl@3@@tl@6@XZ 10006653 f   umodsys_lib_lib3d:umodsys.mod.3d.stdlib.obj
 0001:00005653       ?logic_new@RGeneral@object_camera@stdlib@lib3d@modules@UModSys@@UAE?AU?$TRefObject@UILogicObject@lib3d@UModSys@@U?$TRefObjectFunc@UILogicObject@lib3d@UModSys@@@tl@3@@tl@6@XZ 10006653 f   umodsys_lib_lib3d:umodsys.mod.3d.stdlib.obj
 0001:00005665       ??0RGeneral@object_primitive@stdlib@lib3d@modules@UModSys@@QAE@PAUIModObject@base@5@ABUSParameters@core@5@@Z 10006665 f   umodsys_lib_lib3d:umodsys.mod.3d.stdlib.obj
 0001:00005762       ?render_update@RRender@object_primitive@stdlib@lib3d@modules@UModSys@@UAE_NXZ 10006762 f   umodsys_lib_lib3d:umodsys.mod.3d.stdlib.obj
 0001:000057a8       ?object_get@RRender@object_primitive@stdlib@lib3d@modules@UModSys@@UBE?AU?$TRefObject@UIGeneralObject@lib3d@UModSys@@U?$TRefObjectFunc@UIGeneralObject@lib3d@UModSys@@@tl@3@@tl@6@XZ 100067a8 f   umodsys_lib_lib3d:umodsys.mod.3d.stdlib.obj
 0001:000057c9       ?visual_new@RRender@object_primitive@stdlib@lib3d@modules@UModSys@@UAE?AU?$TRefObject@UIVisualObject@lib3d@UModSys@@U?$TRefObjectFunc@UIVisualObject@lib3d@UModSys@@@tl@3@@tl@6@XZ 100067c9 f   umodsys_lib_lib3d:umodsys.mod.3d.stdlib.obj
 0001:0000583b       ?render@RRender@object_primitive@stdlib@lib3d@modules@UModSys@@QAE_NABUSRenderState@46@@Z 1000683b f   umodsys_lib_lib3d:umodsys.mod.3d.stdlib.obj
 0001:000058cf       ?build_cube@RRender@object_primitive@stdlib@lib3d@modules@UModSys@@QAE_NXZ 100068cf f   umodsys_lib_lib3d:umodsys.mod.3d.stdlib.obj
 0001:000059f9       ??0RRender@object_primitive@stdlib@lib3d@modules@UModSys@@QAE@PAURGeneral@12345@PAUIRenderer@35@@Z 100069f9 f   umodsys_lib_lib3d:umodsys.mod.3d.stdlib.obj
 0001:00005a64       ??_ERRender@object_primitive@stdlib@lib3d@modules@UModSys@@UAEPAXI@Z 10006a64 f i  CIL library: CIL module
 0001:00005a64       ??_GRRender@object_primitive@stdlib@lib3d@modules@UModSys@@UAEPAXI@Z 10006a64 f i umodsys_lib_lib3d:umodsys.mod.3d.stdlib.obj
 0001:00005ace       ??1IRenderObject_Brush@lib3d@UModSys@@UAE@XZ 10006ace f i umodsys_lib_lib3d:umodsys.mod.3d.stdlib.obj
 0001:00005ad3       ??1IRenderObject@lib3d@UModSys@@UAE@XZ 10006ad3 f i umodsys_lib_lib3d:umodsys.mod.3d.stdlib.obj
 0001:00005b0a       ?object_get@RVisual@object_primitive@stdlib@lib3d@modules@UModSys@@UBE?AU?$TRefObject@UIGeneralObject@lib3d@UModSys@@U?$TRefObjectFunc@UIGeneralObject@lib3d@UModSys@@@tl@3@@tl@6@XZ 10006b0a f   umodsys_lib_lib3d:umodsys.mod.3d.stdlib.obj
 0001:00005b27       ?driver_is_reset@RRenderDriver3D@SDL_GL@ui@modules@UModSys@@UAE_NXZ 10006b27 f   umodsys_lib_libui:umodsys.mod.ui.SDL_GL.obj
 0001:00005b27       ?isfull@?$TRStackSocket@PAUIVisualObject@lib3d@UModSys@@U?$TDynarrayDynamic@PAUIVisualObject@lib3d@UModSys@@U?$TAllocator@USIMemAlloc@core@UModSys@@USCountCalcPower2@23@@tl@3@@tl@3@@tl@UModSys@@UBE_NXZ 10006b27 f   umodsys_lib_lib3d:umodsys.mod.3d.stdlib.obj
 0001:00005b27       ?logic_sync@RVisual@object_primitive@stdlib@lib3d@modules@UModSys@@UAE_NXZ 10006b27 f   umodsys_lib_lib3d:umodsys.mod.3d.stdlib.obj
 0001:00005b27       ?logic_sync@RVisual@object_camera@stdlib@lib3d@modules@UModSys@@UAE_NXZ 10006b27 f   umodsys_lib_lib3d:umodsys.mod.3d.stdlib.obj
 0001:00005b27       ?key_reset@RKeyboardController@SDL_core@ui@modules@UModSys@@UAE_NXZ 10006b27 f   umodsys_lib_libui:umodsys.mod.ui.SDL_core.obj
 0001:00005b27       ?key_reset@RKeyboardController@SDL_GL@ui@modules@UModSys@@UAE_NXZ 10006b27 f   umodsys_lib_libui:umodsys.mod.ui.SDL_GL.obj
 0001:00005b27       ?setup_array_none@RRenderDriver3D@SDL_GL@ui@modules@UModSys@@UAE_NXZ 10006b27 f   umodsys_lib_libui:umodsys.mod.ui.SDL_GL.obj
 0001:00005b2a       ?render_state@RVisual@object_primitive@stdlib@lib3d@modules@UModSys@@UAE_NABUSRenderState@46@@Z 10006b2a f   umodsys_lib_lib3d:umodsys.mod.3d.stdlib.obj
 0001:00005b40       ??0RVisual@object_primitive@stdlib@lib3d@modules@UModSys@@QAE@PAURRender@12345@@Z 10006b40 f   umodsys_lib_lib3d:umodsys.mod.3d.stdlib.obj
 0001:00005b93       ??_ERVisual@object_primitive@stdlib@lib3d@modules@UModSys@@UAEPAXI@Z 10006b93 f i  CIL library: CIL module
 0001:00005b93       ??_GRVisual@object_primitive@stdlib@lib3d@modules@UModSys@@UAEPAXI@Z 10006b93 f i umodsys_lib_lib3d:umodsys.mod.3d.stdlib.obj
 0001:00005bb6       ??1IBinObjFilter@libmedia@UModSys@@UAE@XZ 10006bb6 f i plugin_test1.obj
 0001:00005bb6       ??1IVisualObject_Brush@lib3d@UModSys@@UAE@XZ 10006bb6 f i umodsys_lib_lib3d:umodsys.mod.3d.stdlib.obj
 0001:00005bb6       ??1IVisualObject_Camera@lib3d@UModSys@@UAE@XZ 10006bb6 f i umodsys_lib_lib3d:umodsys.mod.3d.stdlib.obj
 0001:00005bbb       ?do_open@RModuleReg@stdlib@lib3d@modules@UModSys@@UAE_NXZ 10006bbb f i umodsys_lib_lib3d:umodsys.mod.3d.stdlib.obj
 0001:00005c09       ?do_close@RModuleReg@stdlib@lib3d@modules@UModSys@@UAE_NXZ 10006c09 f i umodsys_lib_lib3d:umodsys.mod.3d.stdlib.obj
 0001:00005c44       ?get_module@RGenerator@stdlib@lib3d@modules@UModSys@@UBEPAUIModule@base@5@XZ 10006c44 f   umodsys_lib_lib3d:umodsys.mod.3d.stdlib.obj
 0001:00005c4a       ?mod_inc@RGenerator@stdlib@lib3d@modules@UModSys@@UBE_NXZ 10006c4a f   umodsys_lib_lib3d:umodsys.mod.3d.stdlib.obj
 0001:00005c55       ?mod_dec@RGenerator@stdlib@lib3d@modules@UModSys@@UBE_NXZ 10006c55 f   umodsys_lib_lib3d:umodsys.mod.3d.stdlib.obj
 0001:00005c60       ?s_holder@RGenerator@stdlib@lib3d@modules@UModSys@@SAAAU?$TTypeStaticHolder@URGenerator@stdlib@lib3d@modules@UModSys@@@tl@5@XZ 10006c60 f   umodsys_lib_lib3d:umodsys.mod.3d.stdlib.obj
 0001:00005c92       ?from_3pr@?$TPlane3@N@math3d@UModSys@@QAEXABU?$TVector3@N@23@00@Z 10006c92 f i umodsys_lib_lib3d:umodsys.mod.3d.stdlib.obj
 0001:00005cf9       ??1?$TRStackSocket@PAUIVisualObject@lib3d@UModSys@@U?$TDynarrayDynamic@PAUIVisualObject@lib3d@UModSys@@U?$TAllocator@USIMemAlloc@core@UModSys@@USCountCalcPower2@23@@tl@3@@tl@3@@tl@UModSys@@QAE@XZ 10006cf9 f i umodsys_lib_lib3d:umodsys.mod.3d.stdlib.obj
 0001:00005d00       ?isempty@?$TRStackSocket@PAUIVisualObject@lib3d@UModSys@@U?$TDynarrayDynamic@PAUIVisualObject@lib3d@UModSys@@U?$TAllocator@USIMemAlloc@core@UModSys@@USCountCalcPower2@23@@tl@3@@tl@3@@tl@UModSys@@UBE_NXZ 10006d00 f i umodsys_lib_lib3d:umodsys.mod.3d.stdlib.obj
 0001:00005d0e       ?push@?$TRStackSocket@PAUIVisualObject@lib3d@UModSys@@U?$TDynarrayDynamic@PAUIVisualObject@lib3d@UModSys@@U?$TAllocator@USIMemAlloc@core@UModSys@@USCountCalcPower2@23@@tl@3@@tl@3@@tl@UModSys@@UAE_NABQAUIVisualObject@lib3d@3@@Z 10006d0e f i umodsys_lib_lib3d:umodsys.mod.3d.stdlib.obj
 0001:00005d3f       ?pop@?$TRStackSocket@PAUIVisualObject@lib3d@UModSys@@U?$TDynarrayDynamic@PAUIVisualObject@lib3d@UModSys@@U?$TAllocator@USIMemAlloc@core@UModSys@@USCountCalcPower2@23@@tl@3@@tl@3@@tl@UModSys@@UAE_NAAPAUIVisualObject@lib3d@3@@Z 10006d3f f i umodsys_lib_lib3d:umodsys.mod.3d.stdlib.obj
 0001:00005d62       ??1?$TDynarray@U?$TDynarrayHolderDynamic@UScene@IVisualizerScene@lib3d@UModSys@@U?$TAllocator@USIMemAlloc@core@UModSys@@USCountCalcPower2@23@@tl@4@@tl@UModSys@@@tl@UModSys@@QAE@XZ 10006d62 f i umodsys_lib_lib3d:umodsys.mod.3d.stdlib.obj
 0001:00005da5       ??1?$TDynarray@U?$TDynarrayHolderDynamic@PAUIVisualObject@lib3d@UModSys@@U?$TAllocator@USIMemAlloc@core@UModSys@@USCountCalcPower2@23@@tl@3@@tl@UModSys@@@tl@UModSys@@QAE@XZ 10006da5 f i umodsys_lib_lib3d:umodsys.mod.3d.stdlib.obj
 0001:00005dec       ?ResizeRel@?$TDynarray@U?$TDynarrayHolderDynamic@UScene@IVisualizerScene@lib3d@UModSys@@U?$TAllocator@USIMemAlloc@core@UModSys@@USCountCalcPower2@23@@tl@4@@tl@UModSys@@@tl@UModSys@@QAE_NH@Z 10006dec f i umodsys_lib_lib3d:umodsys.mod.3d.stdlib.obj
 0001:00005e62       ?ResizeRel@?$TDynarray@U?$TDynarrayHolderDynamic@PAUIVisualObject@lib3d@UModSys@@U?$TAllocator@USIMemAlloc@core@UModSys@@USCountCalcPower2@23@@tl@3@@tl@UModSys@@@tl@UModSys@@QAE_NH@Z 10006e62 f i umodsys_lib_lib3d:umodsys.mod.3d.stdlib.obj
 0001:00005e8d       ??$t_gen_param@URRenderer@stdlib@lib3d@modules@UModSys@@URGenerator@2345@@IGenerator@base@UModSys@@IAE_NPAURGenerator@stdlib@lib3d@modules@2@AAU?$TRefObject@UIRefObject@core@UModSys@@U?$TRefObjectFunc@UIRefObject@core@UModSys@@@tl@3@@tl@2@PBUSUniquePointerInfo@core@2@ABUSParameters@core@2@@Z 10006e8d f i umodsys_lib_lib3d:umodsys.mod.3d.stdlib.obj
 0001:00005f1f       ??$t_gen_param@URVisualizerScene@stdlib@lib3d@modules@UModSys@@URGenerator@2345@@IGenerator@base@UModSys@@IAE_NPAURGenerator@stdlib@lib3d@modules@2@AAU?$TRefObject@UIRefObject@core@UModSys@@U?$TRefObjectFunc@UIRefObject@core@UModSys@@@tl@3@@tl@2@PBUSUniquePointerInfo@core@2@ABUSParameters@core@2@@Z 10006f1f f i umodsys_lib_lib3d:umodsys.mod.3d.stdlib.obj
 0001:00005fb1       ??$t_gen_param@URVisualSceneMapper_Direct@stdlib@lib3d@modules@UModSys@@URGenerator@2345@@IGenerator@base@UModSys@@IAE_NPAURGenerator@stdlib@lib3d@modules@2@AAU?$TRefObject@UIRefObject@core@UModSys@@U?$TRefObjectFunc@UIRefObject@core@UModSys@@@tl@3@@tl@2@PBUSUniquePointerInfo@core@2@ABUSParameters@core@2@@Z 10006fb1 f i umodsys_lib_lib3d:umodsys.mod.3d.stdlib.obj
 0001:00006043       ??$t_gen_param@URGeneral@object_camera@stdlib@lib3d@modules@UModSys@@URGenerator@3456@@IGenerator@base@UModSys@@IAE_NPAURGenerator@stdlib@lib3d@modules@2@AAU?$TRefObject@UIRefObject@core@UModSys@@U?$TRefObjectFunc@UIRefObject@core@UModSys@@@tl@3@@tl@2@PBUSUniquePointerInfo@core@2@ABUSParameters@core@2@@Z 10007043 f i umodsys_lib_lib3d:umodsys.mod.3d.stdlib.obj
 0001:000060d1       ??$t_gen_param@URGeneral@object_primitive@stdlib@lib3d@modules@UModSys@@URGenerator@3456@@IGenerator@base@UModSys@@IAE_NPAURGenerator@stdlib@lib3d@modules@2@AAU?$TRefObject@UIRefObject@core@UModSys@@U?$TRefObjectFunc@UIRefObject@core@UModSys@@@tl@3@@tl@2@PBUSUniquePointerInfo@core@2@ABUSParameters@core@2@@Z 100070d1 f i umodsys_lib_lib3d:umodsys.mod.3d.stdlib.obj
 0001:00006166       ?ReLink@?$TDynarray@U?$TDynarrayHolderDynamic@U?$TRefObject@UIImage@lib2d@UModSys@@U?$TRefObjectFunc@UIImage@lib2d@UModSys@@@tl@3@@tl@UModSys@@U?$TAllocator@USIMemAlloc@core@UModSys@@USCountCalcPower2@23@@23@@tl@UModSys@@@tl@UModSys@@IAE_NI@Z 10007166 f i umodsys_lib_lib2d:umodsys.mod.2d.stdlib.obj
 0001:00006166       ?ReLink@?$TDynarray@U?$TDynarrayHolderDynamic@U?$TRefObject@URDialog@frames@ui@modules@UModSys@@U?$TRefObjectFunc@URDialog@frames@ui@modules@UModSys@@@tl@5@@tl@UModSys@@U?$TAllocator@USIMemAlloc@core@UModSys@@USCountCalcPower2@23@@23@@tl@UModSys@@@tl@UModSys@@IAE_NI@Z 10007166 f i umodsys_lib_libui:umodsys.mod.ui.frames.obj
 0001:00006166       ?ReLink@?$TDynarray@U?$TDynarrayHolderDynamic@U?$TRefObject@URFrame_Common@frames@ui@modules@UModSys@@U?$TRefObjectFunc@URFrame_Common@frames@ui@modules@UModSys@@@tl@5@@tl@UModSys@@U?$TAllocator@USIMemAlloc@core@UModSys@@USCountCalcPower2@23@@23@@tl@UModSys@@@tl@UModSys@@IAE_NI@Z 10007166 f i umodsys_lib_libui:umodsys.mod.ui.frames.obj
 0001:00006166       ?ReLink@?$TDynarray@U?$TDynarrayHolderDynamic@PAUIVisualObject@lib3d@UModSys@@U?$TAllocator@USIMemAlloc@core@UModSys@@USCountCalcPower2@23@@tl@3@@tl@UModSys@@@tl@UModSys@@IAE_NI@Z 10007166 f i umodsys_lib_lib3d:umodsys.mod.3d.stdlib.obj
 0001:000061a8       ?amoveleft@?$TTypeConstructor@UScene@IVisualizerScene@lib3d@UModSys@@@tl@UModSys@@SAXPAUScene@IVisualizerScene@lib3d@3@III@Z 100071a8 f i umodsys_lib_lib3d:umodsys.mod.3d.stdlib.obj
 0001:000061fa       ??$process_nodes_r@U?$TNodeDeleter0@U?$TScatterArrayNode@U?$TRefObject@UIVisualObject@lib3d@UModSys@@U?$TRefObjectFunc@UIVisualObject@lib3d@UModSys@@@tl@3@@tl@UModSys@@PBUISceneNode@lib3d@3@@tl@UModSys@@@tl@UModSys@@@?$TTreeHoldRB@U?$TScatterArrayNode@U?$TRefObject@UIVisualObject@lib3d@UModSys@@U?$TRefObjectFunc@UIVisualObject@lib3d@UModSys@@@tl@3@@tl@UModSys@@PBUISceneNode@lib3d@3@@tl@UModSys@@@tl@UModSys@@KAHPAU?$TScatterArrayNode@U?$TRefObject@UIVisualObject@lib3d@UModSys@@U?$TRefObjectFunc@UIVisualObject@lib3d@UModSys@@@tl@3@@tl@UModSys@@PBUISceneNode@lib3d@3@@12@ABU?$TNodeDeleter0@U?$TScatterArrayNode@U?$TRefObject@UIVisualObject@lib3d@UModSys@@U?$TRefObjectFunc@UIVisualObject@lib3d@UModSys@@@tl@3@@tl@UModSys@@PBUISceneNode@lib3d@3@@tl@UModSys@@@12@@Z 100071fa f i umodsys_lib_lib3d:umodsys.mod.3d.stdlib.obj
 0001:0000624b       ?alloc@SMemShared@core@UModSys@@QAE_NIPAUSSourceContext@23@@Z 1000724b f i umodsys_lib_lib2d:umodsys.mod.2d.stdlib.obj
 0001:00006264       ?ConvertSameSize@stdlib@lib2d@modules@UModSys@@YA_NW4eImageType@24@ABU?$TVector2@H@math3d@4@11ABUSMem@core@4@11ABUSCMem@94@@Z 10007264 f i umodsys_lib_lib2d:umodsys.mod.2d.stdlib.obj
 0001:000062e7       ?ConvertSame@stdlib@lib2d@modules@UModSys@@YA_NW4eImageType@24@ABU?$TBoundBox2@H@math3d@4@ABU?$TVector2@H@74@ABUSMem@core@4@12ABUSCMem@core@4@@Z 100072e7 f i umodsys_lib_lib2d:umodsys.mod.2d.stdlib.obj
 0001:0000634a       ?Convert@stdlib@lib2d@modules@UModSys@@YA_NABU?$TBoundBox2@H@math3d@4@ABUSImageInfo@24@ABUSMem@core@4@01ABUSCMem@94@@Z 1000734a f i umodsys_lib_lib2d:umodsys.mod.2d.stdlib.obj
 0001:000063ac       ?root_get_interface_info@RImage_Memory@stdlib@lib2d@modules@UModSys@@UBEABUSUniquePointerInfo@core@5@XZ 100073ac f i umodsys_lib_lib2d:umodsys.mod.2d.stdlib.obj
 0001:000063b2       ?root_get_interface_type@RImage_Memory@stdlib@lib2d@modules@UModSys@@UBEPBUSUniquePointerInfo@core@5@XZ 100073b2 f i umodsys_lib_lib2d:umodsys.mod.2d.stdlib.obj
 0001:000063b8       ?root_get_other_interface@RImage_Memory@stdlib@lib2d@modules@UModSys@@UAEPAUIRoot@core@5@PBUSUniquePointerInfo@75@@Z 100073b8 f i umodsys_lib_lib2d:umodsys.mod.2d.stdlib.obj
 0001:000063b8       ?root_get_other_interface@RImage_Memory@stdlib@lib2d@modules@UModSys@@UBEPBUIRoot@core@5@PBUSUniquePointerInfo@75@@Z 100073b8 f i umodsys_lib_lib2d:umodsys.mod.2d.stdlib.obj
 0001:000063d9       ?root_is_interface_supported@RImage_Memory@stdlib@lib2d@modules@UModSys@@UBE_NPBUSUniquePointerInfo@core@5@@Z 100073d9 f i umodsys_lib_lib2d:umodsys.mod.2d.stdlib.obj
 0001:00006400       ??0State@RImage_Memory@stdlib@lib2d@modules@UModSys@@QAE@XZ 10007400 f i umodsys_lib_lib2d:umodsys.mod.2d.stdlib.obj
 0001:00006432       ?root_get_interface_info@RImageFactory_Memory@stdlib@lib2d@modules@UModSys@@UBEABUSUniquePointerInfo@core@5@XZ 10007432 f i umodsys_lib_lib2d:umodsys.mod.2d.stdlib.obj
 0001:00006438       ?root_get_interface_type@RImageFactory_Memory@stdlib@lib2d@modules@UModSys@@UBEPBUSUniquePointerInfo@core@5@XZ 10007438 f i umodsys_lib_lib2d:umodsys.mod.2d.stdlib.obj
 0001:0000643e       ?root_get_other_interface@RImageFactory_Memory@stdlib@lib2d@modules@UModSys@@UBEPBUIRoot@core@5@PBUSUniquePointerInfo@75@@Z 1000743e f i umodsys_lib_lib2d:umodsys.mod.2d.stdlib.obj
 0001:0000643e       ?root_get_other_interface@RImageFactory_Memory@stdlib@lib2d@modules@UModSys@@UAEPAUIRoot@core@5@PBUSUniquePointerInfo@75@@Z 1000743e f i umodsys_lib_lib2d:umodsys.mod.2d.stdlib.obj
 0001:0000645f       ?root_is_interface_supported@RImageFactory_Memory@stdlib@lib2d@modules@UModSys@@UBE_NPBUSUniquePointerInfo@core@5@@Z 1000745f f i umodsys_lib_lib2d:umodsys.mod.2d.stdlib.obj
 0001:00006486       ?root_get_interface_info@RMultiImage@stdlib@lib2d@modules@UModSys@@UBEABUSUniquePointerInfo@core@5@XZ 10007486 f i umodsys_lib_lib2d:umodsys.mod.2d.stdlib.obj
 0001:0000648c       ?root_get_interface_type@RMultiImage@stdlib@lib2d@modules@UModSys@@UBEPBUSUniquePointerInfo@core@5@XZ 1000748c f i umodsys_lib_lib2d:umodsys.mod.2d.stdlib.obj
 0001:00006492       ?root_get_other_interface@RMultiImage@stdlib@lib2d@modules@UModSys@@UAEPAUIRoot@core@5@PBUSUniquePointerInfo@75@@Z 10007492 f i umodsys_lib_lib2d:umodsys.mod.2d.stdlib.obj
 0001:00006492       ?root_get_other_interface@RMultiImage@stdlib@lib2d@modules@UModSys@@UBEPBUIRoot@core@5@PBUSUniquePointerInfo@75@@Z 10007492 f i umodsys_lib_lib2d:umodsys.mod.2d.stdlib.obj
 0001:000064b3       ?root_is_interface_supported@RMultiImage@stdlib@lib2d@modules@UModSys@@UBE_NPBUSUniquePointerInfo@core@5@@Z 100074b3 f i umodsys_lib_lib2d:umodsys.mod.2d.stdlib.obj
 0001:000064da       ?get_generated_names@RGenerator@stdlib@lib2d@modules@UModSys@@UBEHAAUSUniquePtrList@core@5@@Z 100074da f i umodsys_lib_lib2d:umodsys.mod.2d.stdlib.obj
 0001:00006509       ?get_generated_types@RGenerator@stdlib@lib2d@modules@UModSys@@UBEHAAUSUniquePtrList@core@5@PBUSUniquePointerInfo@75@@Z 10007509 f i umodsys_lib_lib2d:umodsys.mod.2d.stdlib.obj
 0001:00006573       ?generate@RGenerator@stdlib@lib2d@modules@UModSys@@UAE_NAAU?$TRefObject@UIRefObject@core@UModSys@@U?$TRefObjectFunc@UIRefObject@core@UModSys@@@tl@3@@tl@5@PBUSUniquePointerInfo@core@5@ABUSParameters@95@@Z 10007573 f i umodsys_lib_lib2d:umodsys.mod.2d.stdlib.obj
 0001:000065de       ?root_get_interface_info@RGenerator@stdlib@lib2d@modules@UModSys@@UBEABUSUniquePointerInfo@core@5@XZ 100075de f i umodsys_lib_lib2d:umodsys.mod.2d.stdlib.obj
 0001:000065e4       ?root_get_interface_type@RGenerator@stdlib@lib2d@modules@UModSys@@UBEPBUSUniquePointerInfo@core@5@XZ 100075e4 f i umodsys_lib_lib2d:umodsys.mod.2d.stdlib.obj
 0001:000065ea       ?root_get_other_interface@RGenerator@stdlib@lib2d@modules@UModSys@@UAEPAUIRoot@core@5@PBUSUniquePointerInfo@75@@Z 100075ea f i umodsys_lib_lib2d:umodsys.mod.2d.stdlib.obj
 0001:000065ea       ?root_get_other_interface@RGenerator@stdlib@lib2d@modules@UModSys@@UBEPBUIRoot@core@5@PBUSUniquePointerInfo@75@@Z 100075ea f i umodsys_lib_lib2d:umodsys.mod.2d.stdlib.obj
 0001:00006603       ?root_is_interface_supported@RGenerator@stdlib@lib2d@modules@UModSys@@UBE_NPBUSUniquePointerInfo@core@5@@Z 10007603 f i umodsys_lib_lib2d:umodsys.mod.2d.stdlib.obj
 0001:00006622       ?get_uid@RGenerator@stdlib@lib2d@modules@UModSys@@UBEPBUSUniquePointerInfo@core@5@XZ 10007622 f i umodsys_lib_lib2d:umodsys.mod.2d.stdlib.obj
 0001:00006628       ?set_info@RImage_Memory@stdlib@lib2d@modules@UModSys@@UAE_NABUSImagePatchInfo@35@PBD@Z 10007628 f   umodsys_lib_lib2d:umodsys.mod.2d.stdlib.obj
[...]
 0001:0002fdb4       ??__F?s_id@?$TObjectUniqueID@UIConsoleHelper@base@UModSys@@@tl@UModSys@@2USUniquePointer@core@3@A@@YAXXZ 10030db4 f    CIL library: CIL module
 0001:0002fdbe       ??__F?s_id@?$TObjectUniqueID@UIConsoleExt@base@UModSys@@@tl@UModSys@@2USUniquePointer@core@3@A@@YAXXZ 10030dbe f    CIL library: CIL module
 0001:0002fdc8       ??__F?s_id@?$TObjectUniqueID@UISerializeWriter@libmedia@UModSys@@@tl@UModSys@@2USUniquePointer@core@3@A@@YAXXZ 10030dc8 f    CIL library: CIL module
 0001:0002fdd2       ??__F?s_id@?$TObjectUniqueID@UISerializeReader@libmedia@UModSys@@@tl@UModSys@@2USUniquePointer@core@3@A@@YAXXZ 10030dd2 f    CIL library: CIL module
 0001:0002fddc       ??__F?s_id@?$TObjectUniqueID@UIClient@IBinArchiveFrame@libmedia@UModSys@@@tl@UModSys@@2USUniquePointer@core@3@A@@YAXXZ 10030ddc f    CIL library: CIL module
 0001:0002fde6       ??__F?s_id@?$TObjectUniqueID@UIBinArchiveFrame@libmedia@UModSys@@@tl@UModSys@@2USUniquePointer@core@3@A@@YAXXZ 10030de6 f    CIL library: CIL module
 0001:0002fdf0       ??__F?s_id@?$TObjectUniqueID@UILibraryLayered@libmedia@UModSys@@@tl@UModSys@@2USUniquePointer@core@3@A@@YAXXZ 10030df0 f    CIL library: CIL module
 0001:0002fdfa       ??__F?s_id@?$TObjectUniqueID@UILibraryObjCache@libmedia@UModSys@@@tl@UModSys@@2USUniquePointer@core@3@A@@YAXXZ 10030dfa f    CIL library: CIL module
 0001:0002fe04       ??__F?s_id@?$TObjectUniqueID@UILibraryObjFilter@libmedia@UModSys@@@tl@UModSys@@2USUniquePointer@core@3@A@@YAXXZ 10030e04 f    CIL library: CIL module
 0001:0002fe0e       ??__F?s_id@?$TObjectUniqueID@UILibraryBinCache@libmedia@UModSys@@@tl@UModSys@@2USUniquePointer@core@3@A@@YAXXZ 10030e0e f    CIL library: CIL module
 0001:0002fe18       ??__F?s_id@?$TObjectUniqueID@UILibraryBinTree@libmedia@UModSys@@@tl@UModSys@@2USUniquePointer@core@3@A@@YAXXZ 10030e18 f    CIL library: CIL module
 0001:0002fe22       ??__F?s_id@?$TObjectUniqueID@UILibrary@libmedia@UModSys@@@tl@UModSys@@2USUniquePointer@core@3@A@@YAXXZ 10030e22 f    CIL library: CIL module
 0001:0002fe2c       ??__F?s_id@?$TObjectUniqueID@UIBinObjFilter@libmedia@UModSys@@@tl@UModSys@@2USUniquePointer@core@3@A@@YAXXZ 10030e2c f    CIL library: CIL module
 0001:0002fe36       ??__F?s_id@?$TObjectUniqueID@UIBinArchive@libmedia@UModSys@@@tl@UModSys@@2USUniquePointer@core@3@A@@YAXXZ 10030e36 f    CIL library: CIL module
 0001:0002fe40       ??__F?s_id@?$TObjectUniqueID@UILibObject@libmedia@UModSys@@@tl@UModSys@@2USUniquePointer@core@3@A@@YAXXZ 10030e40 f    CIL library: CIL module
 0001:0002fe4a       ??__F?s_id@?$TObjectUniqueID@UIUtilities@libmedia@UModSys@@@tl@UModSys@@2USUniquePointer@core@3@A@@YAXXZ 10030e4a f    CIL library: CIL module
 0001:0002fe54       ??__F?s_id@?$TObjectUniqueID@UIStreamWriter@libmedia@UModSys@@@tl@UModSys@@2USUniquePointer@core@3@A@@YAXXZ 10030e54 f    CIL library: CIL module
 0001:0002fe5e       ??__F?s_id@?$TObjectUniqueID@UIStreamReader@libmedia@UModSys@@@tl@UModSys@@2USUniquePointer@core@3@A@@YAXXZ 10030e5e f    CIL library: CIL module
 0001:0002fe68       ??__F?s_id@?$TObjectUniqueID@UISystem@base@UModSys@@@tl@UModSys@@2USUniquePointer@core@3@A@@YAXXZ 10030e68 f    CIL library: CIL module
 0001:0002fe72       ??__F?s_id@?$TObjectUniqueID@UIShell@base@UModSys@@@tl@UModSys@@2USUniquePointer@core@3@A@@YAXXZ 10030e72 f    CIL library: CIL module
 0001:0002fe7c       ??__F?s_id@?$TObjectUniqueID@UIGenerator@base@UModSys@@@tl@UModSys@@2USUniquePointer@core@3@A@@YAXXZ 10030e7c f    CIL library: CIL module
 0001:0002fe86       ??__F?s_id@?$TObjectUniqueID@UIModObject@base@UModSys@@@tl@UModSys@@2USUniquePointer@core@3@A@@YAXXZ 10030e86 f    CIL library: CIL module
 0001:0002fe90       ??__F?s_id@?$TObjectUniqueID@UIModuleLibrary@base@UModSys@@@tl@UModSys@@2USUniquePointer@core@3@A@@YAXXZ 10030e90 f    CIL library: CIL module
 0001:0002fe9a       ??__F?s_id@?$TObjectUniqueID@UIModule@base@UModSys@@@tl@UModSys@@2USUniquePointer@core@3@A@@YAXXZ 10030e9a f    CIL library: CIL module
 0001:0002fea4       ??__F?s_id@?$TObjectUniqueID@UIConsole@base@UModSys@@@tl@UModSys@@2USUniquePointer@core@3@A@@YAXXZ 10030ea4 f    CIL library: CIL module
 0001:0002feae       ??__F?s_id@?$TObjectUniqueID@UIParameters@core@UModSys@@@tl@UModSys@@2USUniquePointer@core@3@A@@YAXXZ 10030eae f    CIL library: CIL module
 0001:0002feb8       ??__F?s_id@?$TObjectUniqueID@UIRefObject@core@UModSys@@@tl@UModSys@@2USUniquePointer@core@3@A@@YAXXZ 10030eb8 f    CIL library: CIL module
 0001:0002fec2       ??__F?s_id@?$TObjectUniqueID@UIRoot@core@UModSys@@@tl@UModSys@@2USUniquePointer@core@3@A@@YAXXZ 10030ec2 f    CIL library: CIL module
 0001:0002fecc       ??__F?s_id@?$TDataUniqueID@F@tl@UModSys@@2USUniquePointer@core@3@A@@YAXXZ 10030ecc f    CIL library: CIL module
 0001:0002fed6       ??__F?s_id@?$TDataUniqueID@M@tl@UModSys@@2USUniquePointer@core@3@A@@YAXXZ 10030ed6 f    CIL library: CIL module
 0001:0002fee0       ??__F?s_id@?$TDataUniqueID@H@tl@UModSys@@2USUniquePointer@core@3@A@@YAXXZ 10030ee0 f    CIL library: CIL module
 0001:0002feea       ??__F?s_id@?$TConstUniqueID@W4eConsoleLevels@base@UModSys@@$00@tl@UModSys@@2USUniquePointer@core@3@A@@YAXXZ 10030eea f    CIL library: CIL module
 0001:0002fef4       ??__Fs_dbg@stdlib@lib3d@modules@UModSys@@YAXXZ 10030ef4 f    CIL library: CIL module
 0001:0002ff0b       ??__F?s_modreg@RModuleReg@stdlib@lib3d@modules@UModSys@@2U12345@A@@YAXXZ 10030f0b f    CIL library: CIL module
 0001:0002ff16       ??__F?s_modreg_chain@RModuleReg@stdlib@lib3d@modules@UModSys@@2USModuleRegChain@base@5@A@@YAXXZ 10030f16 f    CIL library: CIL module
 0001:0002ff20       ??__F?s_uid@RGenerator@stdlib@lib3d@modules@UModSys@@2USUniquePointer@core@5@A@@YAXXZ 10030f20 f    CIL library: CIL module
 0001:0002ff2a       ??__Fh@?1??s_holder@RGenerator@stdlib@lib3d@modules@UModSys@@SAAAU?$TTypeStaticHolder@URGenerator@stdlib@lib3d@modules@UModSys@@@tl@5@XZ@YAXXZ 10030f2a f    CIL library: CIL module
 0001:0002ff47       ??__F?s_id@?$TObjectUniqueID@URGenerator@stdlib@lib3d@modules@UModSys@@@tl@UModSys@@2USUniquePointer@core@3@A@@YAXXZ 10030f47 f    CIL library: CIL module
 0001:0002ff51       ??__F?s_id@?$TObjectUniqueID@URVisual@object_camera@stdlib@lib3d@modules@UModSys@@@tl@UModSys@@2USUniquePointer@core@3@A@@YAXXZ 10030f51 f    CIL library: CIL module
 0001:0002ff5b       ??__F?s_id@?$TObjectUniqueID@URGeneral@object_camera@stdlib@lib3d@modules@UModSys@@@tl@UModSys@@2USUniquePointer@core@3@A@@YAXXZ 10030f5b f    CIL library: CIL module
 0001:0002ff65       ??__F?s_id@?$TObjectUniqueID@URVisual@object_primitive@stdlib@lib3d@modules@UModSys@@@tl@UModSys@@2USUniquePointer@core@3@A@@YAXXZ 10030f65 f    CIL library: CIL module
 0001:0002ff6f       ??__F?s_id@?$TObjectUniqueID@URRender@object_primitive@stdlib@lib3d@modules@UModSys@@@tl@UModSys@@2USUniquePointer@core@3@A@@YAXXZ 10030f6f f    CIL library: CIL module
 0001:0002ff79       ??__F?s_id@?$TObjectUniqueID@URGeneral@object_primitive@stdlib@lib3d@modules@UModSys@@@tl@UModSys@@2USUniquePointer@core@3@A@@YAXXZ 10030f79 f    CIL library: CIL module
 0001:0002ff83       ??__F?s_id@?$TObjectUniqueID@URVisualSceneMapper_Direct@stdlib@lib3d@modules@UModSys@@@tl@UModSys@@2USUniquePointer@core@3@A@@YAXXZ 10030f83 f    CIL library: CIL module
 0001:0002ff8d       ??__F?s_id@?$TObjectUniqueID@URVisualizerScene@stdlib@lib3d@modules@UModSys@@@tl@UModSys@@2USUniquePointer@core@3@A@@YAXXZ 10030f8d f    CIL library: CIL module
 0001:0002ff97       ??__F?s_id@?$TObjectUniqueID@URRenderer@stdlib@lib3d@modules@UModSys@@@tl@UModSys@@2USUniquePointer@core@3@A@@YAXXZ 10030f97 f    CIL library: CIL module
 0001:0002ffa1       ??__Fs_dbg@stdlib@lib2d@modules@UModSys@@YAXXZ 10030fa1 f    CIL library: CIL module
 0001:0002ffb8       ??__F?s_modreg@RModuleReg@stdlib@lib2d@modules@UModSys@@2U12345@A@@YAXXZ 10030fb8 f    CIL library: CIL module
 0001:0002ffc3       ??__F?s_modreg_chain@RModuleReg@stdlib@lib2d@modules@UModSys@@2USModuleRegChain@base@5@A@@YAXXZ 10030fc3 f    CIL library: CIL module
 0001:0002ffcd       ??__F?s_uid@RGenerator@stdlib@lib2d@modules@UModSys@@2USUniquePointer@core@5@A@@YAXXZ 10030fcd f    CIL library: CIL module
 0001:0002ffd7       ??__Fh@?1??s_holder@RGenerator@stdlib@lib2d@modules@UModSys@@SAAAU?$TTypeStaticHolder@URGenerator@stdlib@lib2d@modules@UModSys@@@tl@5@XZ@YAXXZ 10030fd7 f    CIL library: CIL module
 0001:0002fff4       ??__F?s_id@?$TObjectUniqueID@URGenerator@stdlib@lib2d@modules@UModSys@@@tl@UModSys@@2USUniquePointer@core@3@A@@YAXXZ 10030ff4 f    CIL library: CIL module
 0001:0002ffff       ??__F?s_id@?$TObjectUniqueID@URMultiImage@stdlib@lib2d@modules@UModSys@@@tl@UModSys@@2USUniquePointer@core@3@A@@YAXXZ 10030fff f    CIL library: CIL module
 0001:00030009       ??__F?s_id@?$TObjectUniqueID@URImageFactory_Memory@stdlib@lib2d@modules@UModSys@@@tl@UModSys@@2USUniquePointer@core@3@A@@YAXXZ 10031009 f    CIL library: CIL module
 0001:00030013       ??__F?s_id@?$TObjectUniqueID@URImage_Memory@stdlib@lib2d@modules@UModSys@@@tl@UModSys@@2USUniquePointer@core@3@A@@YAXXZ 10031013 f    CIL library: CIL module
 0001:0003001d       ??__Fs_dbg@SDL_GL@ui@modules@UModSys@@YAXXZ 1003101d f    CIL library: CIL module
 0001:00030034       ??__F?s_modreg@RModuleReg@SDL_GL@ui@modules@UModSys@@2U12345@A@@YAXXZ 10031034 f    CIL library: CIL module
 0001:0003003f       ??__F?s_modreg_chain@RModuleReg@SDL_GL@ui@modules@UModSys@@2USModuleRegChain@base@5@A@@YAXXZ 1003103f f    CIL library: CIL module
 0001:00030049       ??__F?s_uid@RGenerator@SDL_GL@ui@modules@UModSys@@2USUniquePointer@core@5@A@@YAXXZ 10031049 f    CIL library: CIL module
 0001:00030053       ??__Fh@?1??s_holder@RGenerator@SDL_GL@ui@modules@UModSys@@SAAAU?$TTypeStaticHolder@URGenerator@SDL_GL@ui@modules@UModSys@@@tl@5@XZ@YAXXZ 10031053 f    CIL library: CIL module
 0001:00030070       ??__F?s_id@?$TObjectUniqueID@URGenerator@SDL_GL@ui@modules@UModSys@@@tl@UModSys@@2USUniquePointer@core@3@A@@YAXXZ 10031070 f    CIL library: CIL module
 0001:0003007a       ??__F?s_id@?$TObjectUniqueID@URVertexArray@SDL_GL@ui@modules@UModSys@@@tl@UModSys@@2USUniquePointer@core@3@A@@YAXXZ 1003107a f    CIL library: CIL module
 0001:00030084       ??__F?s_id@?$TObjectUniqueID@URTerminalX@SDL_GL@ui@modules@UModSys@@@tl@UModSys@@2USUniquePointer@core@3@A@@YAXXZ 10031084 f    CIL library: CIL module
 0001:0003008e       ??__F?s_id@?$TObjectUniqueID@URRenderDriver3D@SDL_GL@ui@modules@UModSys@@@tl@UModSys@@2USUniquePointer@core@3@A@@YAXXZ 1003108e f    CIL library: CIL module
 0001:00030098       ??__F?s_id@?$TObjectUniqueID@URMultiImage2D_SDL_ttf@SDL_GL@ui@modules@UModSys@@@tl@UModSys@@2USUniquePointer@core@3@A@@YAXXZ 10031098 f    CIL library: CIL module
 0001:000300a2       ??__F?s_id@?$TObjectUniqueID@URTerminal@SDL_GL@ui@modules@UModSys@@@tl@UModSys@@2USUniquePointer@core@3@A@@YAXXZ 100310a2 f    CIL library: CIL module
 0001:000300ac       ??__F?s_id@?$TObjectUniqueID@URMouseController@SDL_GL@ui@modules@UModSys@@@tl@UModSys@@2USUniquePointer@core@3@A@@YAXXZ 100310ac f    CIL library: CIL module
 0001:000300b6       ??__F?s_id@?$TObjectUniqueID@URKeyboardController@SDL_GL@ui@modules@UModSys@@@tl@UModSys@@2USUniquePointer@core@3@A@@YAXXZ 100310b6 f    CIL library: CIL module
 0001:000300c0       ??__Fs_dbg@SDL_core@ui@modules@UModSys@@YAXXZ 100310c0 f    CIL library: CIL module
 0001:000300d7       ??__F?s_modreg@RModuleReg@SDL_core@ui@modules@UModSys@@2U12345@A@@YAXXZ 100310d7 f    CIL library: CIL module
 0001:000300e2       ??__F?s_modreg_chain@RModuleReg@SDL_core@ui@modules@UModSys@@2USModuleRegChain@base@5@A@@YAXXZ 100310e2 f    CIL library: CIL module
 0001:000300ec       ??__F?s_uid@RGenerator@SDL_core@ui@modules@UModSys@@2USUniquePointer@core@5@A@@YAXXZ 100310ec f    CIL library: CIL module
 0001:000300f6       ??__Fh@?1??s_holder@RGenerator@SDL_core@ui@modules@UModSys@@SAAAU?$TTypeStaticHolder@URGenerator@SDL_core@ui@modules@UModSys@@@tl@5@XZ@YAXXZ 100310f6 f    CIL library: CIL module
 0001:00030113       ??__F?s_id@?$TObjectUniqueID@URGenerator@SDL_core@ui@modules@UModSys@@@tl@UModSys@@2USUniquePointer@core@3@A@@YAXXZ 10031113 f    CIL library: CIL module
 0001:0003011d       ??__F?s_id@?$TObjectUniqueID@URTerminalX@SDL_core@ui@modules@UModSys@@@tl@UModSys@@2USUniquePointer@core@3@A@@YAXXZ 1003111d f    CIL library: CIL module
 0001:00030127       ??__F?s_id@?$TObjectUniqueID@URRenderDriver2D@SDL_core@ui@modules@UModSys@@@tl@UModSys@@2USUniquePointer@core@3@A@@YAXXZ 10031127 f    CIL library: CIL module
 0001:00030131       ??__F?s_id@?$TObjectUniqueID@URMultiImage2D_SDL_ttf@SDL_core@ui@modules@UModSys@@@tl@UModSys@@2USUniquePointer@core@3@A@@YAXXZ 10031131 f    CIL library: CIL module
 0001:0003013b       ??__F?s_id@?$TObjectUniqueID@URTerminal@SDL_core@ui@modules@UModSys@@@tl@UModSys@@2USUniquePointer@core@3@A@@YAXXZ 1003113b f    CIL library: CIL module
 0001:00030145       ??__F?s_id@?$TObjectUniqueID@URMouseController@SDL_core@ui@modules@UModSys@@@tl@UModSys@@2USUniquePointer@core@3@A@@YAXXZ 10031145 f    CIL library: CIL module
 0001:0003014f       ??__F?s_id@?$TObjectUniqueID@URKeyboardController@SDL_core@ui@modules@UModSys@@@tl@UModSys@@2USUniquePointer@core@3@A@@YAXXZ 1003114f f    CIL library: CIL module
 0001:00030159       ??__Fs_dbg@frames@ui@modules@UModSys@@YAXXZ 10031159 f    CIL library: CIL module
 0001:00030170       ??__F?s_modreg@RModuleReg@frames@ui@modules@UModSys@@2U12345@A@@YAXXZ 10031170 f    CIL library: CIL module
 0001:0003017b       ??__F?s_modreg_chain@RModuleReg@frames@ui@modules@UModSys@@2USModuleRegChain@base@5@A@@YAXXZ 1003117b f    CIL library: CIL module
 0001:00030185       ??__F?s_uid@RGenerator@frames@ui@modules@UModSys@@2USUniquePointer@core@5@A@@YAXXZ 10031185 f    CIL library: CIL module
 0001:0003018f       ??__Fh@?1??s_holder@RGenerator@frames@ui@modules@UModSys@@SAAAU?$TTypeStaticHolder@URGenerator@frames@ui@modules@UModSys@@@tl@5@XZ@YAXXZ 1003118f f    CIL library: CIL module
 0001:000301ac       ??__F?s_id@?$TObjectUniqueID@URGenerator@frames@ui@modules@UModSys@@@tl@UModSys@@2USUniquePointer@core@3@A@@YAXXZ 100311ac f    CIL library: CIL module
 0001:000301b6       ??__F?s_id@?$TObjectUniqueID@URCollector@frames@ui@modules@UModSys@@@tl@UModSys@@2USUniquePointer@core@3@A@@YAXXZ 100311b6 f    CIL library: CIL module
 0001:000301c0       ??__F?s_id@?$TObjectUniqueID@URFrame_List@frames@ui@modules@UModSys@@@tl@UModSys@@2USUniquePointer@core@3@A@@YAXXZ 100311c0 f    CIL library: CIL module
 0001:000301ca       ??__F?s_id@?$TObjectUniqueID@URFrame_Edit@frames@ui@modules@UModSys@@@tl@UModSys@@2USUniquePointer@core@3@A@@YAXXZ 100311ca f    CIL library: CIL module
 0001:000301d4       ??__F?s_id@?$TObjectUniqueID@URFrame_Button@frames@ui@modules@UModSys@@@tl@UModSys@@2USUniquePointer@core@3@A@@YAXXZ 100311d4 f    CIL library: CIL module
 0001:000301de       ??__F?s_id@?$TObjectUniqueID@URFrame_Text@frames@ui@modules@UModSys@@@tl@UModSys@@2USUniquePointer@core@3@A@@YAXXZ 100311de f    CIL library: CIL module
 0001:000301e8       ??__F?s_id@?$TObjectUniqueID@URFrame_Image@frames@ui@modules@UModSys@@@tl@UModSys@@2USUniquePointer@core@3@A@@YAXXZ 100311e8 f    CIL library: CIL module
 0001:000301f2       ??__F?s_id@?$TObjectUniqueID@URFrame_Frame@frames@ui@modules@UModSys@@@tl@UModSys@@2USUniquePointer@core@3@A@@YAXXZ 100311f2 f    CIL library: CIL module
 0001:000301fc       ??__F?s_id@?$TObjectUniqueID@URDialog@frames@ui@modules@UModSys@@@tl@UModSys@@2USUniquePointer@core@3@A@@YAXXZ 100311fc f    CIL library: CIL module
 0001:00030206       ??__F?s_id@?$TObjectUniqueID@URFrame_Common@frames@ui@modules@UModSys@@@tl@UModSys@@2USUniquePointer@core@3@A@@YAXXZ 10031206 f    CIL library: CIL module
 0001:00030210       ??__Fs_dbg@images_std@media@modules@UModSys@@YAXXZ 10031210 f    CIL library: CIL module
 0001:00030227       ??__F?s_modreg@RModuleReg@images_std@media@modules@UModSys@@2U12345@A@@YAXXZ 10031227 f    CIL library: CIL module
 0001:00030232       ??__F?s_modreg_chain@RModuleReg@images_std@media@modules@UModSys@@2USModuleRegChain@base@5@A@@YAXXZ 10031232 f    CIL library: CIL module
 0001:0003023c       ??__F?s_uid@RGenerator@images_std@media@modules@UModSys@@2USUniquePointer@core@5@A@@YAXXZ 1003123c f    CIL library: CIL module
 0001:00030246       ??__Fh@?1??s_holder@RGenerator@images_std@media@modules@UModSys@@SAAAU?$TTypeStaticHolder@URGenerator@images_std@media@modules@UModSys@@@tl@5@XZ@YAXXZ 10031246 f    CIL library: CIL module
 0001:00030263       ??__F?s_id@?$TObjectUniqueID@URGenerator@images_std@media@modules@UModSys@@@tl@UModSys@@2USUniquePointer@core@3@A@@YAXXZ 10031263 f    CIL library: CIL module
 0001:0003026d       ??__F?s_id@?$TObjectUniqueID@URMediaFilter@images_std@media@modules@UModSys@@@tl@UModSys@@2USUniquePointer@core@3@A@@YAXXZ 1003126d f    CIL library: CIL module
 0001:00030277       ??__Fs_dbg@serialize_json@media@modules@UModSys@@YAXXZ 10031277 f    CIL library: CIL module
 0001:0003028e       ??__F?s_modreg@RModuleReg@serialize_json@media@modules@UModSys@@2U12345@A@@YAXXZ 1003128e f    CIL library: CIL module
 0001:00030299       ??__F?s_modreg_chain@RModuleReg@serialize_json@media@modules@UModSys@@2USModuleRegChain@base@5@A@@YAXXZ 10031299 f    CIL library: CIL module
 0001:000302a3       ??__F?s_uid@RGenerator@serialize_json@media@modules@UModSys@@2USUniquePointer@core@5@A@@YAXXZ 100312a3 f    CIL library: CIL module
 0001:000302ad       ??__Fh@?1??s_holder@RGenerator@serialize_json@media@modules@UModSys@@SAAAU?$TTypeStaticHolder@URGenerator@serialize_json@media@modules@UModSys@@@tl@5@XZ@YAXXZ 100312ad f    CIL library: CIL module
 0001:000302ca       ??__F?s_id@?$TObjectUniqueID@URGenerator@serialize_json@media@modules@UModSys@@@tl@UModSys@@2USUniquePointer@core@3@A@@YAXXZ 100312ca f    CIL library: CIL module
 0001:000302d4       ??__F?s_id@?$TObjectUniqueID@URSerializeWriter@serialize_json@media@modules@UModSys@@@tl@UModSys@@2USUniquePointer@core@3@A@@YAXXZ 100312d4 f    CIL library: CIL module
 0001:000302de       ??__F?s_id@?$TObjectUniqueID@URSerializeReader@serialize_json@media@modules@UModSys@@@tl@UModSys@@2USUniquePointer@core@3@A@@YAXXZ 100312de f    CIL library: CIL module
 0001:000302e8       ??__Fs_dbg@zlib@media@modules@UModSys@@YAXXZ 100312e8 f    CIL library: CIL module
 0001:000302ff       ??__F?s_modreg@RModuleReg@zlib@media@modules@UModSys@@2U12345@A@@YAXXZ 100312ff f    CIL library: CIL module
 0001:0003030a       ??__F?s_modreg_chain@RModuleReg@zlib@media@modules@UModSys@@2USModuleRegChain@base@5@A@@YAXXZ 1003130a f    CIL library: CIL module
 0001:00030314       ??__F?s_uid@RGenerator@zlib@media@modules@UModSys@@2USUniquePointer@core@5@A@@YAXXZ 10031314 f    CIL library: CIL module
 0001:0003031e       ??__Fh@?1??s_holder@RGenerator@zlib@media@modules@UModSys@@SAAAU?$TTypeStaticHolder@URGenerator@zlib@media@modules@UModSys@@@tl@5@XZ@YAXXZ 1003131e f    CIL library: CIL module
 0001:0003033b       ??__F?s_id@?$TObjectUniqueID@URGenerator@zlib@media@modules@UModSys@@@tl@UModSys@@2USUniquePointer@core@3@A@@YAXXZ 1003133b f    CIL library: CIL module
 0001:00030345       ??__F?s_id@?$TObjectUniqueID@URBinArchiveFrameClient_ZIP@zlib@media@modules@UModSys@@@tl@UModSys@@2USUniquePointer@core@3@A@@YAXXZ 10031345 f    CIL library: CIL module
 0001:0003034f       ??__FM@UModSys@@YAXXZ      1003134f f    CIL library: CIL module
 0001:00030350       ??__F?root@SModuleRegChain@base@UModSys@@2U123@A@@YAXXZ 10031350 f    CIL library: CIL module
 0001:0003035a       ??__F?s_library@RModuleLibraryReg_Chain@base@UModSys@@2U123@A@@YAXXZ 1003135a f    CIL library: CIL module
 0001:00030365       ??__F?root@SUniquePointer@core@UModSys@@2U123@A@@YAXXZ 10031365 f    CIL library: CIL module

 Exports

  ordinal    name

        1    _UModSys_Plugin_Entry2@0
