 plugin_test1

 Timestamp is 5329b418 (Wed Mar 19 18:13:28 2014)

 Preferred load address is 10000000

 Start         Length     Name                   Class
 0001:00000000 00029501H .text                   CODE
 0001:00029501 0000092fH .text$x                 CODE
 0001:00029e30 0000111fH .text$yc                CODE
 0001:0002af4f 0000067bH .text$yd                CODE
 0002:00000000 00000218H .idata$5                DATA
 0002:00000218 00000004H .CRT$XCA                DATA
 0002:0000021c 00000fc0H .CRT$XCU                DATA
 0002:000011dc 00000004H .CRT$XCZ                DATA
 0002:000011e0 00000004H .CRT$XIA                DATA
 0002:000011e4 00000004H .CRT$XIAA               DATA
 0002:000011e8 00000004H .CRT$XIC                DATA
 0002:000011ec 00000004H .CRT$XIZ                DATA
 0002:000011f0 0000cca8H .rdata                  DATA
 0002:0000de98 00001e58H .rdata$r                DATA
 0002:0000fcf0 00000114H .rdata$sxdata           DATA
 0002:0000fe04 00000004H .rtc$IAA                DATA
 0002:0000fe08 00000004H .rtc$IZZ                DATA
 0002:0000fe0c 00000004H .rtc$TAA                DATA
 0002:0000fe10 00000004H .rtc$TZZ                DATA
 0002:0000fe18 00000f6cH .xdata$x                DATA
 0002:00010d84 00000078H .idata$2                DATA
 0002:00010dfc 00000014H .idata$3                DATA
 0002:00010e10 00000218H .idata$4                DATA
 0002:00011028 000009a8H .idata$6                DATA
 0002:000119d0 0000005cH .edata                  DATA
 0003:00000000 00001470H .data                   DATA
 0003:00001470 00001900H .bss                    DATA

  Address         Publics by Value              Rva+Base       Lib:Object

 0000:00000000       __except_list              00000000     <absolute>
 0000:00000045       ___safe_se_handler_count   00000045     <absolute>
 0000:00009876       __ldused                   00009876     <absolute>
 0000:00009876       __fltused                  00009876     <absolute>
 0000:00000000       ___ImageBase               10000000     <linker-defined>
 0001:00000000       ?new_data@SMemorySharedData@core@UModSys@@SAPAU123@IPBUSSourceContext@23@@Z 10001000 f i plugin_test1.obj
 0001:00000024       ?link@SCMemShared@core@UModSys@@QAE_NPAUSMemorySharedData@23@PAUSSourceContext@23@@Z 10001024 f i plugin_test1.obj
 0001:00000024       ?link@SMemShared@core@UModSys@@QAE_NPAUSMemorySharedData@23@PAUSSourceContext@23@@Z 10001024 f i plugin_test1.obj
 0001:00000049       ??1SMemShared@core@UModSys@@QAE@XZ 10001049 f i plugin_test1.obj
 0001:00000049       ??1State@RImage_Memory@stdlib@lib2d@modules@UModSys@@QAE@XZ 10001049 f i umodsys_lib_lib2d:umodsys.mod.2d.stdlib.obj
 0001:00000049       ??1SCMemShared@core@UModSys@@QAE@XZ 10001049 f i plugin_test1.obj
 0001:00000053       ??6SUniquePtrList@core@UModSys@@QAEAAU012@PBUSUniquePointerInfo@12@@Z 10001053 f i plugin_test1.obj
 0001:00000084       ??3IRoot@core@UModSys@@SAXPAXABUSIMemAlloc@12@@Z 10001084 f i plugin_test1.obj
 0001:0000009d       ?_root_get_other_interface@IRefObject@core@UModSys@@IBEPBUIRoot@23@PBUSUniquePointerInfo@23@@Z 1000109d f i plugin_test1.obj
 0001:0000009d       ?_root_get_other_interface@IRefObject@core@UModSys@@IAEPAUIRoot@23@PBUSUniquePointerInfo@23@@Z 1000109d f i plugin_test1.obj
 0001:000000be       ?_root_get_interface_types@IRefObject@core@UModSys@@SAIAAUSUniquePtrList@23@@Z 100010be f i plugin_test1.obj
 0001:000000de       ?_root_is_interface_supported@IRefObject@core@UModSys@@SA_NPBUSUniquePointerInfo@23@@Z 100010de f i plugin_test1.obj
 0001:000000f5       ??$slen@D@su@tl@UModSys@@YAIPBD@Z 100010f5 f i plugin_test1.obj
 0001:0000010e       ??$seq@D@su@tl@UModSys@@YA_NPBD0@Z 1000110e f i plugin_test1.obj
 0001:0000013b       ??0SParameters@core@UModSys@@QAE@PAUIParameters@12@PAXH@Z 1000113b f i plugin_test1.obj
 0001:0000015e       ?add@SParameters@core@UModSys@@QAE_NPBDH@Z 1000115e f i plugin_test1.obj
 0001:00000179       ?_root_get_other_interface@IGenerator@base@UModSys@@IBEPBUIRoot@core@3@PBUSUniquePointerInfo@53@@Z 10001179 f i plugin_test1.obj
 0001:00000179       ?_root_get_other_interface@IGenerator@base@UModSys@@IAEPAUIRoot@core@3@PBUSUniquePointerInfo@53@@Z 10001179 f i plugin_test1.obj
 0001:00000195       ?_root_is_interface_supported@IGenerator@base@UModSys@@SA_NPBUSUniquePointerInfo@core@3@@Z 10001195 f i plugin_test1.obj
 0001:000001b5       ?_root_is_interface_supported@IBinObjFilter@libmedia@UModSys@@SA_NPBUSUniquePointerInfo@core@3@@Z 100011b5 f i plugin_test1.obj
 0001:000001d5       ?set_info@IImage@lib2d@UModSys@@QAE_NW4eImageType@23@HHPBD@Z 100011d5 f i plugin_test1.obj
 0001:00000200       ?render_text@IRenderDriver@lib2d@UModSys@@QAE_NABU?$TVector2@H@math3d@3@PBHHPBU?$TVector2@M@53@@Z 10001200 f i plugin_test1.obj
 0001:0000022e       ??1IBinObjFilter@libmedia@UModSys@@UAE@XZ 1000122e f i plugin_test1.obj
 0001:00000233       ??1ILibObject@libmedia@UModSys@@UAE@XZ 10001233 f i plugin_test1.obj
 0001:0000026a       ?root_get_interface_info@RTest1_Shell@test1@test@modules@UModSys@@UBEABUSUniquePointerInfo@core@5@XZ 1000126a f i plugin_test1.obj
 0001:00000270       ?root_get_interface_type@RTest1_Shell@test1@test@modules@UModSys@@UBEPBUSUniquePointerInfo@core@5@XZ 10001270 f i plugin_test1.obj
 0001:00000276       ?root_get_other_interface@RTest1_Shell@test1@test@modules@UModSys@@UBEPBUIRoot@core@5@PBUSUniquePointerInfo@75@@Z 10001276 f i plugin_test1.obj
 0001:00000276       ?root_get_other_interface@RTest1_Shell@test1@test@modules@UModSys@@UAEPAUIRoot@core@5@PBUSUniquePointerInfo@75@@Z 10001276 f i plugin_test1.obj
 0001:00000297       ?root_is_interface_supported@RTest1_Shell@test1@test@modules@UModSys@@UBE_NPBUSUniquePointerInfo@core@5@@Z 10001297 f i plugin_test1.obj
 0001:000002be       ?ref_add@RTest1_Shell@test1@test@modules@UModSys@@UBEXXZ 100012be f i plugin_test1.obj
 0001:000002c2       ?ref_remove@RTest1_Shell@test1@test@modules@UModSys@@UBEXXZ 100012c2 f i plugin_test1.obj
 0001:000002cd       ?ref_links@RTest1_Shell@test1@test@modules@UModSys@@UBEHXZ 100012cd f i plugin_test1.obj
 0001:000002d1       ?ref_weak@RTest1_Shell@test1@test@modules@UModSys@@UBE_NAAUWeakPointer@IRefObject@core@5@@Z 100012d1 f i plugin_test1.obj
 0001:000002f0       ?suicide@RTest1_Shell@test1@test@modules@UModSys@@UAEXXZ 100012f0 f i plugin_test1.obj
 0001:0000032d       ??0RTest1_Shell@test1@test@modules@UModSys@@QAE@PAUIModObject@base@4@@Z 1000132d f i plugin_test1.obj
 0001:0000043f       ??1RTest1_Shell@test1@test@modules@UModSys@@UAE@XZ 1000143f f i plugin_test1.obj
 0001:000004c7       ?connect@RTest1_Shell@test1@test@modules@UModSys@@UAE_NXZ 100014c7 f i plugin_test1.obj
 0001:000004df       ?disconnect@RTest1_Shell@test1@test@modules@UModSys@@UAE_NXZ 100014df f i plugin_test1.obj
 0001:000004f7       ?process_tick@RTest1_Shell@test1@test@modules@UModSys@@UAE_NABUSTimeMsec@core@5@@Z 100014f7 f i plugin_test1.obj
 0001:00000523       ?process_command@RTest1_Shell@test1@test@modules@UModSys@@UAE_NHQBU?$TString@U?$TSCoreConst@D@su@tl@UModSys@@U?$TComparerBinaryHash@D@234@@tl@5@@Z 10001523 f i plugin_test1.obj
 0001:00000542       ??_GRTest1_Shell@test1@test@modules@UModSys@@UAEPAXI@Z 10001542 f i plugin_test1.obj
 0001:00000542       ??_ERTest1_Shell@test1@test@modules@UModSys@@UAEPAXI@Z 10001542 f i  CIL library: CIL module
 0001:0000055f       ??1ITerminal@libui@UModSys@@UAE@XZ 1000155f f i umodsys_lib_libui:umodsys.mod.ui.SDL_GL.obj
 0001:0000055f       ??1IImageFactory@lib2d@UModSys@@UAE@XZ 1000155f f i umodsys_lib_lib2d:umodsys.mod.2d.stdlib.obj
 0001:0000055f       ??1ICollector@libui@UModSys@@UAE@XZ 1000155f f i umodsys_lib_libui:umodsys.mod.ui.frames.obj
 0001:0000055f       ??1IVertexArray@lib3d@UModSys@@UAE@XZ 1000155f f i umodsys_lib_libui:umodsys.mod.ui.SDL_GL.obj
 0001:0000055f       ??1IMouseController@libui@UModSys@@UAE@XZ 1000155f f i umodsys_lib_libui:umodsys.mod.ui.SDL_GL.obj
 0001:0000055f       ??1IRenderDriver@lib3d@UModSys@@UAE@XZ 1000155f f i umodsys_lib_libui:umodsys.mod.ui.SDL_GL.obj
 0001:0000055f       ??1ISerializeReader@libmedia@UModSys@@UAE@XZ 1000155f f i umodsys_lib_libmedia:umodsys.mod.media.serialize_json.obj
 0001:0000055f       ??1IRenderDriver@lib2d@UModSys@@UAE@XZ 1000155f f i umodsys_lib_libui:umodsys.mod.ui.SDL_GL.obj
 0001:0000055f       ??1IRefObject@core@UModSys@@UAE@XZ 1000155f f i umodsys_lib_core:umodsys.core.objects.obj
 0001:0000055f       ??1IClient@IBinArchiveFrame@libmedia@UModSys@@UAE@XZ 1000155f f i umodsys_lib_libmedia:umodsys.mod.media.zlib.obj
 0001:0000055f       ??1IFrame@libui@UModSys@@UAE@XZ 1000155f f i umodsys_lib_libui:umodsys.mod.ui.frames.obj
 0001:0000055f       ??1IDialog@libui@UModSys@@UAE@XZ 1000155f f i umodsys_lib_libui:umodsys.mod.ui.frames.obj
 0001:0000055f       ??1ISerializeWriter@libmedia@UModSys@@UAE@XZ 1000155f f i umodsys_lib_libmedia:umodsys.mod.media.serialize_json.obj
 0001:0000055f       ??1IKeyboardController@libui@UModSys@@UAE@XZ 1000155f f i umodsys_lib_libui:umodsys.mod.ui.SDL_GL.obj
 0001:0000055f       ??1IImage@lib2d@UModSys@@UAE@XZ 1000155f f i umodsys_lib_lib2d:umodsys.mod.2d.stdlib.obj
 0001:0000055f       ??1IShell@base@UModSys@@UAE@XZ 1000155f f i plugin_test1.obj
 0001:0000055f       ??1IMultiImage@lib2d@UModSys@@UAE@XZ 1000155f f i umodsys_lib_lib2d:umodsys.mod.2d.stdlib.obj
 0001:00000566       ?ui_newframes@RTest1_Shell@test1@test@modules@UModSys@@SA?AU?$TRefObject@UICollector@libui@UModSys@@U?$TRefObjectFunc@UICollector@libui@UModSys@@@tl@3@@tl@5@ABU?$TString@U?$TSCoreConst@D@su@tl@UModSys@@U?$TComparerBinaryHash@D@234@@75@ABUSParameters@core@5@@Z 10001566 f   plugin_test1.obj
 0001:00000584       ?ui_newterm@RTest1_Shell@test1@test@modules@UModSys@@SA?AU?$TRefObject@UITerminal@libui@UModSys@@U?$TRefObjectFunc@UITerminal@libui@UModSys@@@tl@3@@tl@5@ABU?$TString@U?$TSCoreConst@D@su@tl@UModSys@@U?$TComparerBinaryHash@D@234@@75@ABUSParameters@core@5@@Z 10001584 f   plugin_test1.obj
 0001:000005a2       ?key_pressed@RTest1_Shell@test1@test@modules@UModSys@@UAE_NABUSKeyboardInputRaw@libui@5@@Z 100015a2 f   plugin_test1.obj
 0001:000005e4       ?key_text@RTest1_Shell@test1@test@modules@UModSys@@UAE_NABUSKeyboardInputText@libui@5@@Z 100015e4 f   plugin_test1.obj
 0001:0000061d       ?mouse_event@RTest1_Shell@test1@test@modules@UModSys@@UAE_NABUSMouseInput@libui@5@@Z 1000161d f   plugin_test1.obj
 0001:00000682       ?command@RTest1_Shell@test1@test@modules@UModSys@@UAE_NABUSController@libui@5@HABUSFrameDataIn@75@@Z 10001682 f   plugin_test1.obj
 0001:000006bd       ?db_get@RTest1_Shell@test1@test@modules@UModSys@@UAE_NABUSController@libui@5@QBDABUSFrameDataOut@75@@Z 100016bd f   plugin_test1.obj
 0001:00000712       ?db_get@RTest1_Shell@test1@test@modules@UModSys@@UAE_NABUSController@libui@5@QBDHABUSFrameDataOut@75@@Z 10001712 f   plugin_test1.obj
 0001:00000767       ?font_2d@UI_Info@RTest1_Shell@test1@test@modules@UModSys@@QAE_NXZ 10001767 f   plugin_test1.obj
 0001:0000089d       ?init_term@UI_Info@RTest1_Shell@test1@test@modules@UModSys@@QAE_NPBD@Z 1000189d f   plugin_test1.obj
 0001:00000a88       ?create_3d@UI_Info@RTest1_Shell@test1@test@modules@UModSys@@QAE_NPBD@Z 10001a88 f   plugin_test1.obj
 0001:00000b66       ?new_frames@UI_Info@RTest1_Shell@test1@test@modules@UModSys@@QAE_NPAUIController@libui@6@@Z 10001b66 f   plugin_test1.obj
 0001:00000ff4       ??1SFrameCreateParameters@libui@UModSys@@QAE@XZ 10001ff4 f i plugin_test1.obj
 0001:00001005       ?shutdown@UI_Info@RTest1_Shell@test1@test@modules@UModSys@@QAEXXZ 10002005 f   plugin_test1.obj
 0001:0000103a       ?cycle3d@UI_Info@RTest1_Shell@test1@test@modules@UModSys@@QAEXXZ 1000203a f   plugin_test1.obj
 0001:0000131b       ??1UI_Info@RTest1_Shell@test1@test@modules@UModSys@@QAE@XZ 1000231b f i plugin_test1.obj
 0001:000013d4       ?ui_test2@RTest1_Shell@test1@test@modules@UModSys@@QAEXXZ 100023d4 f   plugin_test1.obj
 0001:000014f4       ?get_generated_names@RGenerator@test1@test@modules@UModSys@@UBEHAAUSUniquePtrList@core@5@@Z 100024f4 f i plugin_test1.obj
 0001:0000150d       ?get_generated_types@RGenerator@test1@test@modules@UModSys@@UBEHAAUSUniquePtrList@core@5@PBUSUniquePointerInfo@75@@Z 1000250d f i plugin_test1.obj
 0001:00001541       ?generate@RGenerator@test1@test@modules@UModSys@@UAE_NAAU?$TRefObject@UIRefObject@core@UModSys@@U?$TRefObjectFunc@UIRefObject@core@UModSys@@@tl@3@@tl@5@PBUSUniquePointerInfo@core@5@ABUSParameters@95@@Z 10002541 f i plugin_test1.obj
 0001:000015c3       ?root_get_interface_info@RGenerator@test1@test@modules@UModSys@@UBEABUSUniquePointerInfo@core@5@XZ 100025c3 f i plugin_test1.obj
 0001:000015c9       ?root_get_interface_type@RGenerator@test1@test@modules@UModSys@@UBEPBUSUniquePointerInfo@core@5@XZ 100025c9 f i plugin_test1.obj
 0001:000015cf       ?root_get_other_interface@RGenerator@test1@test@modules@UModSys@@UBEPBUIRoot@core@5@PBUSUniquePointerInfo@75@@Z 100025cf f i plugin_test1.obj
 0001:000015cf       ?root_get_other_interface@RGenerator@test1@test@modules@UModSys@@UAEPAUIRoot@core@5@PBUSUniquePointerInfo@75@@Z 100025cf f i plugin_test1.obj
 0001:000015e8       ?root_is_interface_supported@RGenerator@test1@test@modules@UModSys@@UBE_NPBUSUniquePointerInfo@core@5@@Z 100025e8 f i plugin_test1.obj
 0001:00001607       ?get_uid@RGenerator@test1@test@modules@UModSys@@UBEPBUSUniquePointerInfo@core@5@XZ 10002607 f i plugin_test1.obj
 0001:0000160d       ?do_open@RModuleReg@test1@test@modules@UModSys@@UAE_NXZ 1000260d f i plugin_test1.obj
 0001:00001670       ?do_close@RModuleReg@test1@test@modules@UModSys@@UAE_NXZ 10002670 f i plugin_test1.obj
 0001:000016c0       ??_ERModuleReg@images_std@media@modules@UModSys@@UAEPAXI@Z 100026c0 f i  CIL library: CIL module
 0001:000016c0       ??_GRModuleReg@frames@ui@modules@UModSys@@UAEPAXI@Z 100026c0 f i umodsys_lib_libui:umodsys.mod.ui.frames.obj
 0001:000016c0       ??_ERModuleReg@stdlib@lib2d@modules@UModSys@@UAEPAXI@Z 100026c0 f i  CIL library: CIL module
 0001:000016c0       ??_GRModuleReg@test1@test@modules@UModSys@@UAEPAXI@Z 100026c0 f i plugin_test1.obj
 0001:000016c0       ??_GRModuleReg@SDL_GL@ui@modules@UModSys@@UAEPAXI@Z 100026c0 f i umodsys_lib_libui:umodsys.mod.ui.SDL_GL.obj
 0001:000016c0       ??_EIModuleReg@base@UModSys@@UAEPAXI@Z 100026c0 f i  CIL library: CIL module
 0001:000016c0       ??_GRModuleReg@zlib@media@modules@UModSys@@UAEPAXI@Z 100026c0 f i umodsys_lib_libmedia:umodsys.mod.media.zlib.obj
 0001:000016c0       ??_ERModuleReg@SDL_core@ui@modules@UModSys@@UAEPAXI@Z 100026c0 f i  CIL library: CIL module
 0001:000016c0       ??_GRModuleReg@SDL_core@ui@modules@UModSys@@UAEPAXI@Z 100026c0 f i umodsys_lib_libui:umodsys.mod.ui.SDL_core.obj
 0001:000016c0       ??_GRModuleReg@serialize_json@media@modules@UModSys@@UAEPAXI@Z 100026c0 f i umodsys_lib_libmedia:umodsys.mod.media.serialize_json.obj
 0001:000016c0       ??_ERModuleReg@zlib@media@modules@UModSys@@UAEPAXI@Z 100026c0 f i  CIL library: CIL module
 0001:000016c0       ??_GRModuleReg@stdlib@lib2d@modules@UModSys@@UAEPAXI@Z 100026c0 f i umodsys_lib_lib2d:umodsys.mod.2d.stdlib.obj
 0001:000016c0       ??_ERModuleReg@SDL_GL@ui@modules@UModSys@@UAEPAXI@Z 100026c0 f i  CIL library: CIL module
 0001:000016c0       ??_GIModuleReg@base@UModSys@@UAEPAXI@Z 100026c0 f i umodsys_lib_base:umodsys.base.modulereg.obj
 0001:000016c0       ??_ERModuleReg@frames@ui@modules@UModSys@@UAEPAXI@Z 100026c0 f i  CIL library: CIL module
 0001:000016c0       ??_ERModuleReg@serialize_json@media@modules@UModSys@@UAEPAXI@Z 100026c0 f i  CIL library: CIL module
 0001:000016c0       ??_GRModuleReg@images_std@media@modules@UModSys@@UAEPAXI@Z 100026c0 f i umodsys_lib_libmedia:umodsys.mod.media.images_std.obj
 0001:000016c0       ??_ERModuleReg@test1@test@modules@UModSys@@UAEPAXI@Z 100026c0 f i  CIL library: CIL module
 0001:000016dd       ?get_module@RGenerator@test1@test@modules@UModSys@@UBEPAUIModule@base@5@XZ 100026dd f   plugin_test1.obj
 0001:000016e3       ?mod_inc@RGenerator@test1@test@modules@UModSys@@UBE_NXZ 100026e3 f   plugin_test1.obj
 0001:000016ee       ?mod_dec@RGenerator@test1@test@modules@UModSys@@UBE_NXZ 100026ee f   plugin_test1.obj
 0001:000016f9       ?s_holder@RGenerator@test1@test@modules@UModSys@@SAAAU?$TTypeStaticHolder@URGenerator@test1@test@modules@UModSys@@@tl@5@XZ 100026f9 f   plugin_test1.obj
 0001:0000172b       ??0?$TString@U?$TSCoreConst@D@su@tl@UModSys@@U?$TComparerBinaryHash@D@234@@tl@UModSys@@QAE@PBD@Z 1000272b f i plugin_test1.obj
 0001:00001750       ??8?$TString@U?$TSCoreConst@D@su@tl@UModSys@@U?$TComparerBinaryHash@D@234@@tl@UModSys@@QBE_NPBD@Z 10002750 f i plugin_test1.obj
 0001:00001772       ??4?$TString@U?$TSCoreConst@D@su@tl@UModSys@@U?$TComparerBinaryHash@D@234@@tl@UModSys@@QAEABU012@PBD@Z 10002772 f i plugin_test1.obj
 0001:0000178e       ??0?$TString@U?$TSCoreShared@USIMemAlloc@core@UModSys@@D@su@tl@UModSys@@U?$TComparerBinaryHash@D@234@@tl@UModSys@@QAE@XZ 1000278e f i plugin_test1.obj
 0001:000017a4       ??4?$TString@U?$TSCoreShared@USIMemAlloc@core@UModSys@@D@su@tl@UModSys@@U?$TComparerBinaryHash@D@234@@tl@UModSys@@QAEABU012@ABU012@@Z 100027a4 f i plugin_test1.obj
 0001:000017c6       ??0?$TParametersA@$0EAA@@core@UModSys@@QAE@XZ 100027c6 f i plugin_test1.obj
 0001:000017e8       ?update@?$TComparerBinaryHash@D@su@tl@UModSys@@QAEXPBDI@Z 100027e8 f i plugin_test1.obj
 0001:0000181f       ?info_release@?$TSCoreShared@USIMemAlloc@core@UModSys@@D@su@tl@UModSys@@QAEXXZ 1000281f f i plugin_test1.obj
 0001:00001858       ?info_new@?$TSCoreShared@USIMemAlloc@core@UModSys@@D@su@tl@UModSys@@QAE_NPBDI@Z 10002858 f i plugin_test1.obj
 0001:000018bc       ?get_null@?$TSCoreShared@USIMemAlloc@core@UModSys@@D@su@tl@UModSys@@SAPAU?$TSharedStringInfo@DUSIMemAlloc@core@UModSys@@@234@XZ 100028bc f i plugin_test1.obj
 0001:000018f4       ??$generate_type@UICollector@libui@UModSys@@@RTest1_Shell@test1@test@modules@UModSys@@SA?AU?$TRefObject@UICollector@libui@UModSys@@U?$TRefObjectFunc@UICollector@libui@UModSys@@@tl@3@@tl@4@ABU?$TString@U?$TSCoreConst@D@su@tl@UModSys@@U?$TComparerBinaryHash@D@234@@64@ABUSParameters@core@4@PBD@Z 100028f4 f i plugin_test1.obj
 0001:000019ee       ??$generate_type@UITerminal@libui@UModSys@@@RTest1_Shell@test1@test@modules@UModSys@@SA?AU?$TRefObject@UITerminal@libui@UModSys@@U?$TRefObjectFunc@UITerminal@libui@UModSys@@@tl@3@@tl@4@ABU?$TString@U?$TSCoreConst@D@su@tl@UModSys@@U?$TComparerBinaryHash@D@234@@64@ABUSParameters@core@4@PBD@Z 100029ee f i plugin_test1.obj
 0001:00001ae8       ??$t_create_handler@UIKeyboardController@libui@UModSys@@@ITerminal@libui@UModSys@@QAE_NAAU?$TRefObject@UIKeyboardController@libui@UModSys@@U?$TRefObjectFunc@UIKeyboardController@libui@UModSys@@@tl@3@@tl@2@PBDPBUSParameters@core@2@@Z 10002ae8 f i plugin_test1.obj
 0001:00001b6a       ??$t_create_handler@UIMouseController@libui@UModSys@@@ITerminal@libui@UModSys@@QAE_NAAU?$TRefObject@UIMouseController@libui@UModSys@@U?$TRefObjectFunc@UIMouseController@libui@UModSys@@@tl@3@@tl@2@PBDPBUSParameters@core@2@@Z 10002b6a f i plugin_test1.obj
 0001:00001bec       ??$t_create_handler@UIRenderDriver@lib3d@UModSys@@@ITerminal@libui@UModSys@@QAE_NAAU?$TRefObject@UIRenderDriver@lib3d@UModSys@@U?$TRefObjectFunc@UIRenderDriver@lib3d@UModSys@@@tl@3@@tl@2@PBDPBUSParameters@core@2@@Z 10002bec f i plugin_test1.obj
 0001:00001c70       ??1?$TRefObject@UIModObject@base@UModSys@@U?$TModObjectFunc@UIModObject@base@UModSys@@@tl@3@@tl@UModSys@@QAE@XZ 10002c70 f i plugin_test1.obj
 0001:00001c86       ?s_init@?$TModObjectFunc@UIModObject@base@UModSys@@@tl@UModSys@@SAXAAPAUIModObject@base@3@PAU453@@Z 10002c86 f i plugin_test1.obj
 0001:00001c9f       ??$t_ref_get_other_interface@UIStreamReader@libmedia@UModSys@@U?$TRefObjectFunc@UIStreamReader@libmedia@UModSys@@@tl@3@@IRefObject@core@UModSys@@QAE_NAAU?$TRefObject@UIStreamReader@libmedia@UModSys@@U?$TRefObjectFunc@UIStreamReader@libmedia@UModSys@@@tl@3@@tl@2@@Z 10002c9f f i plugin_test1.obj
 0001:00001cce       ??$t_ref_get_other_interface@UIStreamWriter@libmedia@UModSys@@U?$TRefObjectFunc@UIStreamWriter@libmedia@UModSys@@@tl@3@@IRefObject@core@UModSys@@QAE_NAAU?$TRefObject@UIStreamWriter@libmedia@UModSys@@U?$TRefObjectFunc@UIStreamWriter@libmedia@UModSys@@@tl@3@@tl@2@@Z 10002cce f i plugin_test1.obj
 0001:00001cfd       ??$t_generate@UICollector@libui@UModSys@@@SModuleContext@base@UModSys@@QAE_NAAU?$TRefObject@UICollector@libui@UModSys@@U?$TRefObjectFunc@UICollector@libui@UModSys@@@tl@3@@tl@2@PBUSUniquePointerInfo@core@2@ABUSParameters@62@@Z 10002cfd f i plugin_test1.obj
 0001:00001d99       ??$t_generate@UITerminal@libui@UModSys@@@SModuleContext@base@UModSys@@QAE_NAAU?$TRefObject@UITerminal@libui@UModSys@@U?$TRefObjectFunc@UITerminal@libui@UModSys@@@tl@3@@tl@2@PBUSUniquePointerInfo@core@2@ABUSParameters@62@@Z 10002d99 f i plugin_test1.obj
 0001:00001e35       ??$t_ref_get_other_interface@UIImageFactory@lib2d@UModSys@@U?$TRefObjectFunc@UIImageFactory@lib2d@UModSys@@@tl@3@@IRefObject@core@UModSys@@QAE_NAAU?$TRefObject@UIImageFactory@lib2d@UModSys@@U?$TRefObjectFunc@UIImageFactory@lib2d@UModSys@@@tl@3@@tl@2@@Z 10002e35 f i plugin_test1.obj
 0001:00001e64       ??$t_ref_get_other_interface@UIMultiImage@lib2d@UModSys@@U?$TRefObjectFunc@UIMultiImage@lib2d@UModSys@@@tl@3@@IRefObject@core@UModSys@@QAE_NAAU?$TRefObject@UIMultiImage@lib2d@UModSys@@U?$TRefObjectFunc@UIMultiImage@lib2d@UModSys@@@tl@3@@tl@2@@Z 10002e64 f i plugin_test1.obj
 0001:00001e84       ??4?$TRefObject@UIImage@lib2d@UModSys@@U?$TRefObjectFunc@UIImage@lib2d@UModSys@@@tl@3@@tl@UModSys@@QAEABU012@PAUIImage@lib2d@2@@Z 10002e84 f i plugin_test1.obj
 0001:00001e84       ??4?$TRefObject@UIRefObject@core@UModSys@@U?$TRefObjectFunc@UIRefObject@core@UModSys@@@tl@3@@tl@UModSys@@QAEABU012@PAUIRefObject@core@2@@Z 10002e84 f i plugin_test1.obj
 0001:00001e84       ??4?$TRefObject@UIMultiImage@lib2d@UModSys@@U?$TRefObjectFunc@UIMultiImage@lib2d@UModSys@@@tl@3@@tl@UModSys@@QAEABU012@PAUIMultiImage@lib2d@2@@Z 10002e84 f i plugin_test1.obj
 0001:00001e84       ??4?$TRefObject@UIRenderDriver@lib2d@UModSys@@U?$TRefObjectFunc@UIRenderDriver@lib2d@UModSys@@@tl@3@@tl@UModSys@@QAEABU012@PAUIRenderDriver@lib2d@2@@Z 10002e84 f i plugin_test1.obj
 0001:00001e84       ??4?$TRefObject@URFrame_Common@frames@ui@modules@UModSys@@U?$TRefObjectFunc@URFrame_Common@frames@ui@modules@UModSys@@@tl@5@@tl@UModSys@@QAEABU012@PAURFrame_Common@frames@ui@modules@2@@Z 10002e84 f i umodsys_lib_libui:umodsys.mod.ui.frames.obj
 0001:00001e9f       ?alloc@SMemShared@core@UModSys@@QAE_NIPAUSSourceContext@23@@Z 10002e9f f i umodsys_lib_lib2d:umodsys.mod.2d.stdlib.obj
 0001:00001eb8       ??BSCMemShared@core@UModSys@@QBE?AUSCMem@12@XZ 10002eb8 f i plugin_test1.obj
 0001:00001eb8       ??BSMemShared@core@UModSys@@QBE?AUSMem@12@XZ 10002eb8 f i umodsys_lib_lib2d:umodsys.mod.2d.stdlib.obj
 0001:00001eb8       ?get@SMemShared@core@UModSys@@QBE?AUSMem@23@XZ 10002eb8 f i umodsys_lib_libmedia:umodsys.mod.media.images_std.obj
 0001:00001ee8       ?ConvertSameSize@stdlib@lib2d@modules@UModSys@@YA_NW4eImageType@24@ABU?$TVector2@H@math3d@4@11ABUSMem@core@4@11ABUSCMem@94@@Z 10002ee8 f i umodsys_lib_lib2d:umodsys.mod.2d.stdlib.obj
 0001:00001f6b       ?ConvertSame@stdlib@lib2d@modules@UModSys@@YA_NW4eImageType@24@ABU?$TBoundBox2@H@math3d@4@ABU?$TVector2@H@74@ABUSMem@core@4@12ABUSCMem@core@4@@Z 10002f6b f i umodsys_lib_lib2d:umodsys.mod.2d.stdlib.obj
 0001:00001fce       ?Convert@stdlib@lib2d@modules@UModSys@@YA_NABU?$TBoundBox2@H@math3d@4@ABUSImageInfo@24@ABUSMem@core@4@01ABUSCMem@94@@Z 10002fce f i umodsys_lib_lib2d:umodsys.mod.2d.stdlib.obj
 0001:00002030       ?root_get_interface_info@RImage_Memory@stdlib@lib2d@modules@UModSys@@UBEABUSUniquePointerInfo@core@5@XZ 10003030 f i umodsys_lib_lib2d:umodsys.mod.2d.stdlib.obj
 0001:00002036       ?root_get_interface_type@RImage_Memory@stdlib@lib2d@modules@UModSys@@UBEPBUSUniquePointerInfo@core@5@XZ 10003036 f i umodsys_lib_lib2d:umodsys.mod.2d.stdlib.obj
 0001:0000203c       ?root_get_other_interface@RImage_Memory@stdlib@lib2d@modules@UModSys@@UBEPBUIRoot@core@5@PBUSUniquePointerInfo@75@@Z 1000303c f i umodsys_lib_lib2d:umodsys.mod.2d.stdlib.obj
 0001:0000203c       ?root_get_other_interface@RImage_Memory@stdlib@lib2d@modules@UModSys@@UAEPAUIRoot@core@5@PBUSUniquePointerInfo@75@@Z 1000303c f i umodsys_lib_lib2d:umodsys.mod.2d.stdlib.obj
 0001:0000205d       ?root_is_interface_supported@RImage_Memory@stdlib@lib2d@modules@UModSys@@UBE_NPBUSUniquePointerInfo@core@5@@Z 1000305d f i umodsys_lib_lib2d:umodsys.mod.2d.stdlib.obj
 0001:00002084       ?ref_add@RGenerator@zlib@media@modules@UModSys@@UBEXXZ 10003084 f i umodsys_lib_libmedia:umodsys.mod.media.zlib.obj
 0001:00002084       ?ref_add@RMultiImage2D_SDL_ttf@SDL_GL@ui@modules@UModSys@@UBEXXZ 10003084 f i umodsys_lib_libui:umodsys.mod.ui.SDL_GL.obj
 0001:00002084       ?ref_add@RImage_Memory@stdlib@lib2d@modules@UModSys@@UBEXXZ 10003084 f i umodsys_lib_lib2d:umodsys.mod.2d.stdlib.obj
 0001:00002084       ?ref_add@RGenerator@test1@test@modules@UModSys@@UBEXXZ 10003084 f i plugin_test1.obj
 0001:00002084       ?ref_add@RMultiImage2D_SDL_ttf@SDL_core@ui@modules@UModSys@@UBEXXZ 10003084 f i umodsys_lib_libui:umodsys.mod.ui.SDL_core.obj
 0001:00002084       ?ref_add@RGenerator@frames@ui@modules@UModSys@@UBEXXZ 10003084 f i umodsys_lib_libui:umodsys.mod.ui.frames.obj
 0001:00002084       ?ref_add@RVertexArray@SDL_GL@ui@modules@UModSys@@UBEXXZ 10003084 f i umodsys_lib_libui:umodsys.mod.ui.SDL_GL.obj
 0001:00002084       ?ref_add@RGenerator@serialize_json@media@modules@UModSys@@UBEXXZ 10003084 f i umodsys_lib_libmedia:umodsys.mod.media.serialize_json.obj
 0001:00002084       ?ref_add@RMultiImage@stdlib@lib2d@modules@UModSys@@UBEXXZ 10003084 f i umodsys_lib_lib2d:umodsys.mod.2d.stdlib.obj
 0001:00002084       ?ref_add@RSerializeReader@serialize_json@media@modules@UModSys@@UBEXXZ 10003084 f i umodsys_lib_libmedia:umodsys.mod.media.serialize_json.obj
 0001:00002084       ?ref_add@RGenerator@SDL_core@ui@modules@UModSys@@UBEXXZ 10003084 f i umodsys_lib_libui:umodsys.mod.ui.SDL_core.obj
 0001:00002084       ?ref_add@RImageFactory_Memory@stdlib@lib2d@modules@UModSys@@UBEXXZ 10003084 f i umodsys_lib_lib2d:umodsys.mod.2d.stdlib.obj
 0001:00002084       ?ref_add@RGenerator@SDL_GL@ui@modules@UModSys@@UBEXXZ 10003084 f i umodsys_lib_libui:umodsys.mod.ui.SDL_GL.obj
 0001:00002084       ?ref_add@RDialog@frames@ui@modules@UModSys@@UBEXXZ 10003084 f i umodsys_lib_libui:umodsys.mod.ui.frames.obj
 0001:00002084       ?ref_add@RGenerator@images_std@media@modules@UModSys@@UBEXXZ 10003084 f i umodsys_lib_libmedia:umodsys.mod.media.images_std.obj
 0001:00002084       ?ref_add@RTerminal@SDL_GL@ui@modules@UModSys@@UBEXXZ 10003084 f i umodsys_lib_libui:umodsys.mod.ui.SDL_GL.obj
 0001:00002084       ?ref_add@RBinArchiveFrameClient_ZIP@zlib@media@modules@UModSys@@UBEXXZ 10003084 f i umodsys_lib_libmedia:umodsys.mod.media.zlib.obj
 0001:00002084       ?ref_add@RGenerator@stdlib@lib2d@modules@UModSys@@UBEXXZ 10003084 f i umodsys_lib_lib2d:umodsys.mod.2d.stdlib.obj
 0001:00002084       ?ref_add@RTerminal@SDL_core@ui@modules@UModSys@@UBEXXZ 10003084 f i umodsys_lib_libui:umodsys.mod.ui.SDL_core.obj
 0001:00002088       ??0State@RImage_Memory@stdlib@lib2d@modules@UModSys@@QAE@XZ 10003088 f i umodsys_lib_lib2d:umodsys.mod.2d.stdlib.obj
 0001:000020ba       ?root_get_interface_info@RImageFactory_Memory@stdlib@lib2d@modules@UModSys@@UBEABUSUniquePointerInfo@core@5@XZ 100030ba f i umodsys_lib_lib2d:umodsys.mod.2d.stdlib.obj
 0001:000020c0       ?root_get_interface_type@RImageFactory_Memory@stdlib@lib2d@modules@UModSys@@UBEPBUSUniquePointerInfo@core@5@XZ 100030c0 f i umodsys_lib_lib2d:umodsys.mod.2d.stdlib.obj
 0001:000020c6       ?root_get_other_interface@RImageFactory_Memory@stdlib@lib2d@modules@UModSys@@UAEPAUIRoot@core@5@PBUSUniquePointerInfo@75@@Z 100030c6 f i umodsys_lib_lib2d:umodsys.mod.2d.stdlib.obj
 0001:000020c6       ?root_get_other_interface@RImageFactory_Memory@stdlib@lib2d@modules@UModSys@@UBEPBUIRoot@core@5@PBUSUniquePointerInfo@75@@Z 100030c6 f i umodsys_lib_lib2d:umodsys.mod.2d.stdlib.obj
 0001:000020e7       ?root_is_interface_supported@RImageFactory_Memory@stdlib@lib2d@modules@UModSys@@UBE_NPBUSUniquePointerInfo@core@5@@Z 100030e7 f i umodsys_lib_lib2d:umodsys.mod.2d.stdlib.obj
 0001:0000210e       ?root_get_interface_info@RMultiImage@stdlib@lib2d@modules@UModSys@@UBEABUSUniquePointerInfo@core@5@XZ 1000310e f i umodsys_lib_lib2d:umodsys.mod.2d.stdlib.obj
 0001:00002114       ?root_get_interface_type@RMultiImage@stdlib@lib2d@modules@UModSys@@UBEPBUSUniquePointerInfo@core@5@XZ 10003114 f i umodsys_lib_lib2d:umodsys.mod.2d.stdlib.obj
 0001:0000211a       ?root_get_other_interface@RMultiImage@stdlib@lib2d@modules@UModSys@@UAEPAUIRoot@core@5@PBUSUniquePointerInfo@75@@Z 1000311a f i umodsys_lib_lib2d:umodsys.mod.2d.stdlib.obj
 0001:0000211a       ?root_get_other_interface@RMultiImage@stdlib@lib2d@modules@UModSys@@UBEPBUIRoot@core@5@PBUSUniquePointerInfo@75@@Z 1000311a f i umodsys_lib_lib2d:umodsys.mod.2d.stdlib.obj
 0001:0000213b       ?root_is_interface_supported@RMultiImage@stdlib@lib2d@modules@UModSys@@UBE_NPBUSUniquePointerInfo@core@5@@Z 1000313b f i umodsys_lib_lib2d:umodsys.mod.2d.stdlib.obj
 0001:00002162       ?ref_remove@RVertexArray@SDL_GL@ui@modules@UModSys@@UBEXXZ 10003162 f i umodsys_lib_libui:umodsys.mod.ui.SDL_GL.obj
 0001:00002162       ?ref_remove@RGenerator@zlib@media@modules@UModSys@@UBEXXZ 10003162 f i umodsys_lib_libmedia:umodsys.mod.media.zlib.obj
 0001:00002162       ?ref_remove@RTerminal@SDL_core@ui@modules@UModSys@@UBEXXZ 10003162 f i umodsys_lib_libui:umodsys.mod.ui.SDL_core.obj
 0001:00002162       ?ref_remove@RMultiImage@stdlib@lib2d@modules@UModSys@@UBEXXZ 10003162 f i umodsys_lib_lib2d:umodsys.mod.2d.stdlib.obj
 0001:00002162       ?ref_remove@RImageFactory_Memory@stdlib@lib2d@modules@UModSys@@UBEXXZ 10003162 f i umodsys_lib_lib2d:umodsys.mod.2d.stdlib.obj
 0001:00002162       ?ref_remove@RGenerator@stdlib@lib2d@modules@UModSys@@UBEXXZ 10003162 f i umodsys_lib_lib2d:umodsys.mod.2d.stdlib.obj
 0001:00002162       ?ref_remove@RGenerator@serialize_json@media@modules@UModSys@@UBEXXZ 10003162 f i umodsys_lib_libmedia:umodsys.mod.media.serialize_json.obj
 0001:00002162       ?ref_remove@RMultiImage2D_SDL_ttf@SDL_GL@ui@modules@UModSys@@UBEXXZ 10003162 f i umodsys_lib_libui:umodsys.mod.ui.SDL_GL.obj
 0001:00002162       ?ref_remove@RBinArchiveFrameClient_ZIP@zlib@media@modules@UModSys@@UBEXXZ 10003162 f i umodsys_lib_libmedia:umodsys.mod.media.zlib.obj
 0001:00002162       ?ref_remove@RGenerator@test1@test@modules@UModSys@@UBEXXZ 10003162 f i plugin_test1.obj
 0001:00002162       ?ref_remove@RTerminal@SDL_GL@ui@modules@UModSys@@UBEXXZ 10003162 f i umodsys_lib_libui:umodsys.mod.ui.SDL_GL.obj
 0001:00002162       ?ref_remove@RGenerator@images_std@media@modules@UModSys@@UBEXXZ 10003162 f i umodsys_lib_libmedia:umodsys.mod.media.images_std.obj
 0001:00002162       ?ref_remove@RGenerator@frames@ui@modules@UModSys@@UBEXXZ 10003162 f i umodsys_lib_libui:umodsys.mod.ui.frames.obj
 0001:00002162       ?ref_remove@RImage_Memory@stdlib@lib2d@modules@UModSys@@UBEXXZ 10003162 f i umodsys_lib_lib2d:umodsys.mod.2d.stdlib.obj
 0001:00002162       ?ref_remove@RGenerator@SDL_core@ui@modules@UModSys@@UBEXXZ 10003162 f i umodsys_lib_libui:umodsys.mod.ui.SDL_core.obj
 0001:00002162       ?ref_remove@RGenerator@SDL_GL@ui@modules@UModSys@@UBEXXZ 10003162 f i umodsys_lib_libui:umodsys.mod.ui.SDL_GL.obj
 0001:00002162       ?ref_remove@RMultiImage2D_SDL_ttf@SDL_core@ui@modules@UModSys@@UBEXXZ 10003162 f i umodsys_lib_libui:umodsys.mod.ui.SDL_core.obj
 0001:00002162       ?ref_remove@RDialog@frames@ui@modules@UModSys@@UBEXXZ 10003162 f i umodsys_lib_libui:umodsys.mod.ui.frames.obj
 0001:00002162       ?ref_remove@RSerializeReader@serialize_json@media@modules@UModSys@@UBEXXZ 10003162 f i umodsys_lib_libmedia:umodsys.mod.media.serialize_json.obj
 0001:0000216d       ?get_generated_names@RGenerator@stdlib@lib2d@modules@UModSys@@UBEHAAUSUniquePtrList@core@5@@Z 1000316d f i umodsys_lib_lib2d:umodsys.mod.2d.stdlib.obj
 0001:0000219c       ?get_generated_types@RGenerator@stdlib@lib2d@modules@UModSys@@UBEHAAUSUniquePtrList@core@5@PBUSUniquePointerInfo@75@@Z 1000319c f i umodsys_lib_lib2d:umodsys.mod.2d.stdlib.obj
 0001:00002206       ?generate@RGenerator@stdlib@lib2d@modules@UModSys@@UAE_NAAU?$TRefObject@UIRefObject@core@UModSys@@U?$TRefObjectFunc@UIRefObject@core@UModSys@@@tl@3@@tl@5@PBUSUniquePointerInfo@core@5@ABUSParameters@95@@Z 10003206 f i umodsys_lib_lib2d:umodsys.mod.2d.stdlib.obj
 0001:00002271       ?root_get_interface_info@RGenerator@stdlib@lib2d@modules@UModSys@@UBEABUSUniquePointerInfo@core@5@XZ 10003271 f i umodsys_lib_lib2d:umodsys.mod.2d.stdlib.obj
 0001:00002277       ?root_get_interface_type@RGenerator@stdlib@lib2d@modules@UModSys@@UBEPBUSUniquePointerInfo@core@5@XZ 10003277 f i umodsys_lib_lib2d:umodsys.mod.2d.stdlib.obj
 0001:0000227d       ?root_get_other_interface@RGenerator@stdlib@lib2d@modules@UModSys@@UAEPAUIRoot@core@5@PBUSUniquePointerInfo@75@@Z 1000327d f i umodsys_lib_lib2d:umodsys.mod.2d.stdlib.obj
 0001:0000227d       ?root_get_other_interface@RGenerator@stdlib@lib2d@modules@UModSys@@UBEPBUIRoot@core@5@PBUSUniquePointerInfo@75@@Z 1000327d f i umodsys_lib_lib2d:umodsys.mod.2d.stdlib.obj
 0001:00002296       ?root_is_interface_supported@RGenerator@stdlib@lib2d@modules@UModSys@@UBE_NPBUSUniquePointerInfo@core@5@@Z 10003296 f i umodsys_lib_lib2d:umodsys.mod.2d.stdlib.obj
 0001:000022b5       ?get_uid@RGenerator@stdlib@lib2d@modules@UModSys@@UBEPBUSUniquePointerInfo@core@5@XZ 100032b5 f i umodsys_lib_lib2d:umodsys.mod.2d.stdlib.obj
 0001:000022bb       ?set_info@RImage_Memory@stdlib@lib2d@modules@UModSys@@UAE_NABUSImagePatchInfo@35@PBD@Z 100032bb f   umodsys_lib_lib2d:umodsys.mod.2d.stdlib.obj
 0001:00002423       ??4State@RImage_Memory@stdlib@lib2d@modules@UModSys@@QAEAAU012345@ABU012345@@Z 10003423 f i umodsys_lib_lib2d:umodsys.mod.2d.stdlib.obj
 0001:00002473       ?set_data@RImage_Memory@stdlib@lib2d@modules@UModSys@@UAE_NABUSImagePatchInfo@35@ABUSCMem@core@5@H@Z 10003473 f   umodsys_lib_lib2d:umodsys.mod.2d.stdlib.obj
 0001:000024dd       ?get_info@RImage_Memory@stdlib@lib2d@modules@UModSys@@UBEABUSImageInfo@35@XZ 100034dd f   umodsys_lib_lib2d:umodsys.mod.2d.stdlib.obj
 0001:000024e1       ?get_data@RImage_Memory@stdlib@lib2d@modules@UModSys@@UBE_NABUSImagePatchInfo@35@ABUSMem@core@5@H@Z 100034e1 f   umodsys_lib_lib2d:umodsys.mod.2d.stdlib.obj
 0001:00002567       ??0RImage_Memory@stdlib@lib2d@modules@UModSys@@QAE@PAUIModObject@base@4@ABUSParameters@core@4@@Z 10003567 f   umodsys_lib_lib2d:umodsys.mod.2d.stdlib.obj
 0001:000025b3       ??_GRImage_Memory@stdlib@lib2d@modules@UModSys@@UAEPAXI@Z 100035b3 f i umodsys_lib_lib2d:umodsys.mod.2d.stdlib.obj
 0001:000025b3       ??_ERImage_Memory@stdlib@lib2d@modules@UModSys@@UAEPAXI@Z 100035b3 f i  CIL library: CIL module
 0001:00002600       ?image_new@RImageFactory_Memory@stdlib@lib2d@modules@UModSys@@UAE?AU?$TRefObject@UIImage@lib2d@UModSys@@U?$TRefObjectFunc@UIImage@lib2d@UModSys@@@tl@3@@tl@5@XZ 10003600 f   umodsys_lib_lib2d:umodsys.mod.2d.stdlib.obj
 0001:00002746       ??1?$TParametersA@$0EAA@@core@UModSys@@QAE@XZ 10003746 f i plugin_test1.obj
 0001:00002746       ??1SParameters@core@UModSys@@QAE@XZ 10003746 f i plugin_test1.obj
 0001:00002746       ??1?$TParametersA@$0BAA@@core@UModSys@@QAE@XZ 10003746 f i umodsys_lib_libui:umodsys.mod.ui.SDL_core.obj
 0001:00002746       ??1?$TParametersA@$0BAL@@core@UModSys@@QAE@XZ 10003746 f i umodsys_lib_lib2d:umodsys.mod.2d.stdlib.obj
 0001:00002753       ?image_new@RImageFactory_Memory@stdlib@lib2d@modules@UModSys@@UAE?AU?$TRefObject@UIImage@lib2d@UModSys@@U?$TRefObjectFunc@UIImage@lib2d@UModSys@@@tl@3@@tl@5@ABUSImagePatchInfo@35@PBD@Z 10003753 f   umodsys_lib_lib2d:umodsys.mod.2d.stdlib.obj
 0001:000028a9       ??0RImageFactory_Memory@stdlib@lib2d@modules@UModSys@@QAE@PAUIModObject@base@4@ABUSParameters@core@4@@Z 100038a9 f   umodsys_lib_lib2d:umodsys.mod.2d.stdlib.obj
 0001:000028ed       ?get_max_cell_size@RMultiImage@stdlib@lib2d@modules@UModSys@@UBE?AU?$TVector2@H@math3d@5@XZ 100038ed f   umodsys_lib_lib2d:umodsys.mod.2d.stdlib.obj
 0001:000028ed       ?get_max_layer_size@RMultiImage@stdlib@lib2d@modules@UModSys@@UBE?AU?$TVector2@H@math3d@5@XZ 100038ed f   umodsys_lib_lib2d:umodsys.mod.2d.stdlib.obj
 0001:0000290f       ?get_fixed_cell_size@RMultiImage@stdlib@lib2d@modules@UModSys@@UBE?AU?$TVector2@H@math3d@5@XZ 1000390f f   umodsys_lib_lib2d:umodsys.mod.2d.stdlib.obj
 0001:0000292d       ?get_layer_count@RMultiImage@stdlib@lib2d@modules@UModSys@@UBEGXZ 1000392d f   umodsys_lib_lib2d:umodsys.mod.2d.stdlib.obj
 0001:0000293b       ?get_layer@RMultiImage@stdlib@lib2d@modules@UModSys@@UBEPAUIImage@35@G@Z 1000393b f   umodsys_lib_lib2d:umodsys.mod.2d.stdlib.obj
 0001:00002958       ?get_cell_count@RMultiImage@stdlib@lib2d@modules@UModSys@@UBEIXZ 10003958 f   umodsys_lib_lib2d:umodsys.mod.2d.stdlib.obj
 0001:00002965       ?get_cell@RMultiImage@stdlib@lib2d@modules@UModSys@@UBE_NIAAU?$TVector2@H@math3d@5@PAU675@PAG@Z 10003965 f   umodsys_lib_lib2d:umodsys.mod.2d.stdlib.obj
 0001:000029c3       ?get_cell@RMultiImage@stdlib@lib2d@modules@UModSys@@UBE_NIAAUSImageCellInfo@35@@Z 100039c3 f   umodsys_lib_lib2d:umodsys.mod.2d.stdlib.obj
 0001:000029e9       ?set_layer_count@RMultiImage@stdlib@lib2d@modules@UModSys@@UAE_NG@Z 100039e9 f   umodsys_lib_lib2d:umodsys.mod.2d.stdlib.obj
 0001:00002ac9       ?setup_fixed_cell@RMultiImage@stdlib@lib2d@modules@UModSys@@UAE_NHH@Z 10003ac9 f   umodsys_lib_lib2d:umodsys.mod.2d.stdlib.obj
 0001:00002aea       ?setup_variable_cell@RMultiImage@stdlib@lib2d@modules@UModSys@@UAE_NPBUSImageCellInfo@35@KK@Z 10003aea f   umodsys_lib_lib2d:umodsys.mod.2d.stdlib.obj
 0001:00002b5c       ??0RMultiImage@stdlib@lib2d@modules@UModSys@@QAE@PAUIModObject@base@4@ABUSParameters@core@4@@Z 10003b5c f   umodsys_lib_lib2d:umodsys.mod.2d.stdlib.obj
 0001:00002c03       ??_ERMultiImage@stdlib@lib2d@modules@UModSys@@UAEPAXI@Z 10003c03 f i  CIL library: CIL module
 0001:00002c03       ??_GRMultiImage@stdlib@lib2d@modules@UModSys@@UAEPAXI@Z 10003c03 f i umodsys_lib_lib2d:umodsys.mod.2d.stdlib.obj
 0001:00002c67       ?do_open@RModuleReg@stdlib@lib2d@modules@UModSys@@UAE_NXZ 10003c67 f i umodsys_lib_lib2d:umodsys.mod.2d.stdlib.obj
 0001:00002cb5       ?do_close@RModuleReg@stdlib@lib2d@modules@UModSys@@UAE_NXZ 10003cb5 f i umodsys_lib_lib2d:umodsys.mod.2d.stdlib.obj
 0001:00002cf0       ?get_module@RGenerator@stdlib@lib2d@modules@UModSys@@UBEPAUIModule@base@5@XZ 10003cf0 f   umodsys_lib_lib2d:umodsys.mod.2d.stdlib.obj
 0001:00002cf6       ?mod_inc@RGenerator@stdlib@lib2d@modules@UModSys@@UBE_NXZ 10003cf6 f   umodsys_lib_lib2d:umodsys.mod.2d.stdlib.obj
 0001:00002d01       ?mod_dec@RGenerator@stdlib@lib2d@modules@UModSys@@UBE_NXZ 10003d01 f   umodsys_lib_lib2d:umodsys.mod.2d.stdlib.obj
 0001:00002d0c       ?s_holder@RGenerator@stdlib@lib2d@modules@UModSys@@SAAAU?$TTypeStaticHolder@URGenerator@stdlib@lib2d@modules@UModSys@@@tl@5@XZ 10003d0c f   umodsys_lib_lib2d:umodsys.mod.2d.stdlib.obj
 0001:00002d3e       ??1?$TDynarrayDynamic@USImageCellInfo@lib2d@UModSys@@U?$TAllocator@USIMemAlloc@core@UModSys@@USCountCalcPower2@23@@tl@3@@tl@UModSys@@QAE@XZ 10003d3e f i umodsys_lib_lib2d:umodsys.mod.2d.stdlib.obj
 0001:00002d43       ?Resize@?$TDynarray@U?$TDynarrayHolderDynamic@USImageCellInfo@lib2d@UModSys@@U?$TAllocator@USIMemAlloc@core@UModSys@@USCountCalcPower2@23@@tl@3@@tl@UModSys@@@tl@UModSys@@QAE_NI@Z 10003d43 f i umodsys_lib_lib2d:umodsys.mod.2d.stdlib.obj
 0001:00002d70       ??1?$TDynarrayDynamic@U?$TRefObject@UIImage@lib2d@UModSys@@U?$TRefObjectFunc@UIImage@lib2d@UModSys@@@tl@3@@tl@UModSys@@U?$TAllocator@USIMemAlloc@core@UModSys@@USCountCalcPower2@23@@23@@tl@UModSys@@QAE@XZ 10003d70 f i umodsys_lib_lib2d:umodsys.mod.2d.stdlib.obj
 0001:00002d75       ??1?$TDynarray@U?$TDynarrayHolderDynamic@USImageCellInfo@lib2d@UModSys@@U?$TAllocator@USIMemAlloc@core@UModSys@@USCountCalcPower2@23@@tl@3@@tl@UModSys@@@tl@UModSys@@QAE@XZ 10003d75 f i umodsys_lib_lib2d:umodsys.mod.2d.stdlib.obj
 0001:00002dd1       ??1?$TDynarray@U?$TDynarrayHolderDynamic@U?$TRefObject@UIImage@lib2d@UModSys@@U?$TRefObjectFunc@UIImage@lib2d@UModSys@@@tl@3@@tl@UModSys@@U?$TAllocator@USIMemAlloc@core@UModSys@@USCountCalcPower2@23@@23@@tl@UModSys@@@tl@UModSys@@QAE@XZ 10003dd1 f i umodsys_lib_lib2d:umodsys.mod.2d.stdlib.obj
 0001:00002e14       ??_GRGenerator@test1@test@modules@UModSys@@UAEPAXI@Z 10003e14 f i plugin_test1.obj
 0001:00002e14       ??_ERGenerator@test1@test@modules@UModSys@@UAEPAXI@Z 10003e14 f i  CIL library: CIL module
 0001:00002e14       ??_GRImageFactory_Memory@stdlib@lib2d@modules@UModSys@@UAEPAXI@Z 10003e14 f i umodsys_lib_lib2d:umodsys.mod.2d.stdlib.obj
 0001:00002e14       ??_GRGenerator@SDL_GL@ui@modules@UModSys@@UAEPAXI@Z 10003e14 f i umodsys_lib_libui:umodsys.mod.ui.SDL_GL.obj
 0001:00002e14       ??_ERImageFactory_Memory@stdlib@lib2d@modules@UModSys@@UAEPAXI@Z 10003e14 f i  CIL library: CIL module
 0001:00002e14       ??_GRBinArchiveFrameClient_ZIP@zlib@media@modules@UModSys@@UAEPAXI@Z 10003e14 f i umodsys_lib_libmedia:umodsys.mod.media.zlib.obj
 0001:00002e14       ??_GRGenerator@serialize_json@media@modules@UModSys@@UAEPAXI@Z 10003e14 f i umodsys_lib_libmedia:umodsys.mod.media.serialize_json.obj
 0001:00002e14       ??_ERGenerator@SDL_GL@ui@modules@UModSys@@UAEPAXI@Z 10003e14 f i  CIL library: CIL module
 0001:00002e14       ??_GRGenerator@stdlib@lib2d@modules@UModSys@@UAEPAXI@Z 10003e14 f i umodsys_lib_lib2d:umodsys.mod.2d.stdlib.obj
 0001:00002e14       ??_ERGenerator@images_std@media@modules@UModSys@@UAEPAXI@Z 10003e14 f i  CIL library: CIL module
 0001:00002e14       ??_GRGenerator@frames@ui@modules@UModSys@@UAEPAXI@Z 10003e14 f i umodsys_lib_libui:umodsys.mod.ui.frames.obj
 0001:00002e14       ??_ERBinArchiveFrameClient_ZIP@zlib@media@modules@UModSys@@UAEPAXI@Z 10003e14 f i  CIL library: CIL module
 0001:00002e14       ??_ERGenerator@SDL_core@ui@modules@UModSys@@UAEPAXI@Z 10003e14 f i  CIL library: CIL module
 0001:00002e14       ??_GRGenerator@images_std@media@modules@UModSys@@UAEPAXI@Z 10003e14 f i umodsys_lib_libmedia:umodsys.mod.media.images_std.obj
 0001:00002e14       ??_ERGenerator@serialize_json@media@modules@UModSys@@UAEPAXI@Z 10003e14 f i  CIL library: CIL module
 0001:00002e14       ??_ERGenerator@frames@ui@modules@UModSys@@UAEPAXI@Z 10003e14 f i  CIL library: CIL module
 0001:00002e14       ??_EIRoot@core@UModSys@@UAEPAXI@Z 10003e14 f i  CIL library: CIL module
 0001:00002e14       ??_GRGenerator@SDL_core@ui@modules@UModSys@@UAEPAXI@Z 10003e14 f i umodsys_lib_libui:umodsys.mod.ui.SDL_core.obj
 0001:00002e14       ??_ERGenerator@zlib@media@modules@UModSys@@UAEPAXI@Z 10003e14 f i  CIL library: CIL module
 0001:00002e14       ??_GRGenerator@zlib@media@modules@UModSys@@UAEPAXI@Z 10003e14 f i umodsys_lib_libmedia:umodsys.mod.media.zlib.obj
 0001:00002e14       ??_ERGenerator@stdlib@lib2d@modules@UModSys@@UAEPAXI@Z 10003e14 f i  CIL library: CIL module
 0001:00002e14       ??_GIRoot@core@UModSys@@UAEPAXI@Z 10003e14 f i plugin_test1.obj
 0001:00002e31       ?ResizeRel@?$TDynarray@U?$TDynarrayHolderDynamic@U?$TRefObject@UIImage@lib2d@UModSys@@U?$TRefObjectFunc@UIImage@lib2d@UModSys@@@tl@3@@tl@UModSys@@U?$TAllocator@USIMemAlloc@core@UModSys@@USCountCalcPower2@23@@23@@tl@UModSys@@@tl@UModSys@@QAE_NH@Z 10003e31 f i umodsys_lib_lib2d:umodsys.mod.2d.stdlib.obj
 0001:00002eb1       ??$t_gen_param@URImage_Memory@stdlib@lib2d@modules@UModSys@@URGenerator@2345@@IGenerator@base@UModSys@@IAE_NPAURGenerator@stdlib@lib2d@modules@2@AAU?$TRefObject@UIRefObject@core@UModSys@@U?$TRefObjectFunc@UIRefObject@core@UModSys@@@tl@3@@tl@2@PBUSUniquePointerInfo@core@2@ABUSParameters@core@2@@Z 10003eb1 f i umodsys_lib_lib2d:umodsys.mod.2d.stdlib.obj
 0001:00002f43       ??$t_gen_param@URImageFactory_Memory@stdlib@lib2d@modules@UModSys@@URGenerator@2345@@IGenerator@base@UModSys@@IAE_NPAURGenerator@stdlib@lib2d@modules@2@AAU?$TRefObject@UIRefObject@core@UModSys@@U?$TRefObjectFunc@UIRefObject@core@UModSys@@@tl@3@@tl@2@PBUSUniquePointerInfo@core@2@ABUSParameters@core@2@@Z 10003f43 f i umodsys_lib_lib2d:umodsys.mod.2d.stdlib.obj
 0001:00002fd5       ??$t_gen_param@URMultiImage@stdlib@lib2d@modules@UModSys@@URGenerator@2345@@IGenerator@base@UModSys@@IAE_NPAURGenerator@stdlib@lib2d@modules@2@AAU?$TRefObject@UIRefObject@core@UModSys@@U?$TRefObjectFunc@UIRefObject@core@UModSys@@@tl@3@@tl@2@PBUSUniquePointerInfo@core@2@ABUSParameters@core@2@@Z 10003fd5 f i umodsys_lib_lib2d:umodsys.mod.2d.stdlib.obj
 0001:0000307d       ??$ValidateConstruction@UIImage@lib2d@UModSys@@URImage_Memory@stdlib@2modules@3@@core@UModSys@@YA_NAAU?$TRefObject@UIImage@lib2d@UModSys@@U?$TRefObjectFunc@UIImage@lib2d@UModSys@@@tl@3@@tl@1@PAURImage_Memory@stdlib@lib2d@modules@1@@Z 1000407d f i umodsys_lib_lib2d:umodsys.mod.2d.stdlib.obj
 0001:000030be       ?remove@WeakPointer@IRefObject@core@UModSys@@QAEXXZ 100040be f i umodsys_lib_libui:umodsys.mod.ui.SDL_GL.obj
 0001:000030e4       ?get@SParameters@core@UModSys@@QBE_NPBDAAPBD@Z 100040e4 f i umodsys_lib_libui:umodsys.mod.ui.SDL_GL.obj
 0001:000030ff       ?get@SParameters@core@UModSys@@QBE_NPBDAAH@Z 100040ff f i umodsys_lib_libui:umodsys.mod.ui.SDL_GL.obj
 0001:0000311a       ?check_ext@SGLFuncsBase@SDL_GL@ui@modules@UModSys@@QAE_NPBD@Z 1000411a f i umodsys_lib_libui:umodsys.mod.ui.SDL_GL.obj
 0001:0000312d       ?set_blend@SGLFuncs@SDL_GL@ui@modules@UModSys@@QBEX_N@Z 1000412d f i umodsys_lib_libui:umodsys.mod.ui.SDL_GL.obj
 0001:00003159       ?set_blend@SGLFuncs@SDL_GL@ui@modules@UModSys@@QBEXII@Z 10004159 f i umodsys_lib_libui:umodsys.mod.ui.SDL_GL.obj
 0001:00003183       ?set_stage@SGLFuncs@SDL_GL@ui@modules@UModSys@@QBEXH@Z 10004183 f i umodsys_lib_libui:umodsys.mod.ui.SDL_GL.obj
 0001:000031b6       ?set_tex2d@SGLFuncs@SDL_GL@ui@modules@UModSys@@QBEX_N@Z 100041b6 f i umodsys_lib_libui:umodsys.mod.ui.SDL_GL.obj
 0001:000031e2       ?set_bound@SGLFuncs@SDL_GL@ui@modules@UModSys@@QBEXI@Z 100041e2 f i umodsys_lib_libui:umodsys.mod.ui.SDL_GL.obj
 0001:00003207       ?set_ctc@SGLFuncsLegacy@SDL_GL@ui@modules@UModSys@@QBEX_N@Z 10004207 f i umodsys_lib_libui:umodsys.mod.ui.SDL_GL.obj
 0001:0000322f       ?set_composite@SGLFuncsLegacy@SDL_GL@ui@modules@UModSys@@QBEXH@Z 1000422f f i umodsys_lib_libui:umodsys.mod.ui.SDL_GL.obj
 0001:00003257       ?set_composite_all@SGLFuncsLegacy@SDL_GL@ui@modules@UModSys@@QBEXH@Z 10004257 f i umodsys_lib_libui:umodsys.mod.ui.SDL_GL.obj
 0001:000032b8       ?force@TextureInfo@SGLFuncs@SDL_GL@ui@modules@UModSys@@QBEXABU23456@@Z 100042b8 f i umodsys_lib_libui:umodsys.mod.ui.SDL_GL.obj
 0001:000032fc       ?crebind@STextureGL@SDL_GL@ui@modules@UModSys@@QAEX_N@Z 100042fc f i umodsys_lib_libui:umodsys.mod.ui.SDL_GL.obj
 0001:00003329       ?root_get_interface_info@RKeyboardController@SDL_GL@ui@modules@UModSys@@UBEABUSUniquePointerInfo@core@5@XZ 10004329 f i umodsys_lib_libui:umodsys.mod.ui.SDL_GL.obj
 0001:0000332f       ?root_get_interface_type@RKeyboardController@SDL_GL@ui@modules@UModSys@@UBEPBUSUniquePointerInfo@core@5@XZ 1000432f f i umodsys_lib_libui:umodsys.mod.ui.SDL_GL.obj
 0001:00003335       ?root_get_other_interface@RKeyboardController@SDL_GL@ui@modules@UModSys@@UAEPAUIRoot@core@5@PBUSUniquePointerInfo@75@@Z 10004335 f i umodsys_lib_libui:umodsys.mod.ui.SDL_GL.obj
 0001:00003335       ?root_get_other_interface@RKeyboardController@SDL_GL@ui@modules@UModSys@@UBEPBUIRoot@core@5@PBUSUniquePointerInfo@75@@Z 10004335 f i umodsys_lib_libui:umodsys.mod.ui.SDL_GL.obj
 0001:00003356       ?root_is_interface_supported@RKeyboardController@SDL_GL@ui@modules@UModSys@@UBE_NPBUSUniquePointerInfo@core@5@@Z 10004356 f i umodsys_lib_libui:umodsys.mod.ui.SDL_GL.obj
 0001:0000337d       ?root_get_interface_info@RMouseController@SDL_GL@ui@modules@UModSys@@UBEABUSUniquePointerInfo@core@5@XZ 1000437d f i umodsys_lib_libui:umodsys.mod.ui.SDL_GL.obj
 0001:00003383       ?root_get_interface_type@RMouseController@SDL_GL@ui@modules@UModSys@@UBEPBUSUniquePointerInfo@core@5@XZ 10004383 f i umodsys_lib_libui:umodsys.mod.ui.SDL_GL.obj
 0001:00003389       ?root_get_other_interface@RMouseController@SDL_GL@ui@modules@UModSys@@UBEPBUIRoot@core@5@PBUSUniquePointerInfo@75@@Z 10004389 f i umodsys_lib_libui:umodsys.mod.ui.SDL_GL.obj
 0001:00003389       ?root_get_other_interface@RMouseController@SDL_GL@ui@modules@UModSys@@UAEPAUIRoot@core@5@PBUSUniquePointerInfo@75@@Z 10004389 f i umodsys_lib_libui:umodsys.mod.ui.SDL_GL.obj
 0001:000033aa       ?root_is_interface_supported@RMouseController@SDL_GL@ui@modules@UModSys@@UBE_NPBUSUniquePointerInfo@core@5@@Z 100043aa f i umodsys_lib_libui:umodsys.mod.ui.SDL_GL.obj
 0001:000033d1       ?_root_is_interface_supported@RTerminal@SDL_GL@ui@modules@UModSys@@SA_NPBUSUniquePointerInfo@core@5@@Z 100043d1 f i umodsys_lib_libui:umodsys.mod.ui.SDL_GL.obj
 0001:000033f1       ?root_get_interface_info@RTerminal@SDL_GL@ui@modules@UModSys@@UBEABUSUniquePointerInfo@core@5@XZ 100043f1 f i umodsys_lib_libui:umodsys.mod.ui.SDL_GL.obj
 0001:000033f7       ?root_get_interface_type@RTerminal@SDL_GL@ui@modules@UModSys@@UBEPBUSUniquePointerInfo@core@5@XZ 100043f7 f i umodsys_lib_libui:umodsys.mod.ui.SDL_GL.obj
 0001:000033fd       ?root_get_other_interface@RTerminal@SDL_GL@ui@modules@UModSys@@UAEPAUIRoot@core@5@PBUSUniquePointerInfo@75@@Z 100043fd f i umodsys_lib_libui:umodsys.mod.ui.SDL_GL.obj
 0001:000033fd       ?root_get_other_interface@RTerminal@SDL_GL@ui@modules@UModSys@@UBEPBUIRoot@core@5@PBUSUniquePointerInfo@75@@Z 100043fd f i umodsys_lib_libui:umodsys.mod.ui.SDL_GL.obj
 0001:0000341e       ?root_is_interface_supported@RTerminal@SDL_GL@ui@modules@UModSys@@UBE_NPBUSUniquePointerInfo@core@5@@Z 1000441e f i umodsys_lib_libui:umodsys.mod.ui.SDL_GL.obj
 0001:0000342a       ?suicide@RBinArchiveFrameClient_ZIP@zlib@media@modules@UModSys@@UAEXXZ 1000442a f i umodsys_lib_libmedia:umodsys.mod.media.zlib.obj
 0001:0000342a       ?suicide@RImage_Memory@stdlib@lib2d@modules@UModSys@@UAEXXZ 1000442a f i umodsys_lib_lib2d:umodsys.mod.2d.stdlib.obj
 0001:0000342a       ?suicide@RImageFactory_Memory@stdlib@lib2d@modules@UModSys@@UAEXXZ 1000442a f i umodsys_lib_lib2d:umodsys.mod.2d.stdlib.obj
 0001:0000342a       ?suicide@RTerminal@SDL_GL@ui@modules@UModSys@@UAEXXZ 1000442a f i umodsys_lib_libui:umodsys.mod.ui.SDL_GL.obj
 0001:0000342a       ?suicide@RSerializeReader@serialize_json@media@modules@UModSys@@UAEXXZ 1000442a f i umodsys_lib_libmedia:umodsys.mod.media.serialize_json.obj
 0001:0000342a       ?suicide@RMultiImage@stdlib@lib2d@modules@UModSys@@UAEXXZ 1000442a f i umodsys_lib_lib2d:umodsys.mod.2d.stdlib.obj
 0001:0000342a       ?suicide@RTerminal@SDL_core@ui@modules@UModSys@@UAEXXZ 1000442a f i umodsys_lib_libui:umodsys.mod.ui.SDL_core.obj
 0001:00003467       ?root_get_interface_info@RMultiImage2D_SDL_ttf@SDL_GL@ui@modules@UModSys@@UBEABUSUniquePointerInfo@core@5@XZ 10004467 f i umodsys_lib_libui:umodsys.mod.ui.SDL_GL.obj
 0001:0000346d       ?root_get_interface_type@RMultiImage2D_SDL_ttf@SDL_GL@ui@modules@UModSys@@UBEPBUSUniquePointerInfo@core@5@XZ 1000446d f i umodsys_lib_libui:umodsys.mod.ui.SDL_GL.obj
 0001:00003473       ?root_get_other_interface@RMultiImage2D_SDL_ttf@SDL_GL@ui@modules@UModSys@@UBEPBUIRoot@core@5@PBUSUniquePointerInfo@75@@Z 10004473 f i umodsys_lib_libui:umodsys.mod.ui.SDL_GL.obj
 0001:00003473       ?root_get_other_interface@RMultiImage2D_SDL_ttf@SDL_GL@ui@modules@UModSys@@UAEPAUIRoot@core@5@PBUSUniquePointerInfo@75@@Z 10004473 f i umodsys_lib_libui:umodsys.mod.ui.SDL_GL.obj
 0001:00003494       ?root_is_interface_supported@RMultiImage2D_SDL_ttf@SDL_GL@ui@modules@UModSys@@UBE_NPBUSUniquePointerInfo@core@5@@Z 10004494 f i umodsys_lib_libui:umodsys.mod.ui.SDL_GL.obj
 0001:000034bb       ??1Glyph@RMultiImage2D_SDL_ttf@SDL_GL@ui@modules@UModSys@@QAE@XZ 100044bb f i umodsys_lib_libui:umodsys.mod.ui.SDL_GL.obj
 0001:000034f3       ?get_max_layer_size@RMultiImage2D_SDL_ttf@SDL_GL@ui@modules@UModSys@@UBE?AU?$TVector2@H@math3d@5@XZ 100044f3 f i umodsys_lib_libui:umodsys.mod.ui.SDL_GL.obj
 0001:000034f3       ?get_max_cell_size@RMultiImage2D_SDL_ttf@SDL_core@ui@modules@UModSys@@UBE?AU?$TVector2@H@math3d@5@XZ 100044f3 f i umodsys_lib_libui:umodsys.mod.ui.SDL_core.obj
 0001:000034f3       ?get_max_layer_size@RMultiImage2D_SDL_ttf@SDL_core@ui@modules@UModSys@@UBE?AU?$TVector2@H@math3d@5@XZ 100044f3 f i umodsys_lib_libui:umodsys.mod.ui.SDL_core.obj
 0001:000034f3       ?get_max_cell_size@RMultiImage2D_SDL_ttf@SDL_GL@ui@modules@UModSys@@UBE?AU?$TVector2@H@math3d@5@XZ 100044f3 f i umodsys_lib_libui:umodsys.mod.ui.SDL_GL.obj
 0001:000034f3       ?get_fixed_cell_size@RMultiImage2D_SDL_ttf@SDL_core@ui@modules@UModSys@@UBE?AU?$TVector2@H@math3d@5@XZ 100044f3 f i umodsys_lib_libui:umodsys.mod.ui.SDL_core.obj
 0001:000034f3       ?get_fixed_cell_size@RMultiImage2D_SDL_ttf@SDL_GL@ui@modules@UModSys@@UBE?AU?$TVector2@H@math3d@5@XZ 100044f3 f i umodsys_lib_libui:umodsys.mod.ui.SDL_GL.obj
 0001:000034f3       ?image_get_maxsize@RImageFactory_Memory@stdlib@lib2d@modules@UModSys@@UBE?AU?$TVector2@H@math3d@5@XZ 100044f3 f i umodsys_lib_lib2d:umodsys.mod.2d.stdlib.obj
 0001:00003501       ?output_attach_3d@RCollector@frames@ui@modules@UModSys@@UAE_NPAUIRenderDriver@lib3d@5@H@Z 10004501 f i umodsys_lib_libui:umodsys.mod.ui.frames.obj
 0001:00003501       ?set_hint@RMultiImage@stdlib@lib2d@modules@UModSys@@UAE_NPBD0@Z 10004501 f i umodsys_lib_lib2d:umodsys.mod.2d.stdlib.obj
 0001:00003501       ?get_cell@RMultiImage2D_SDL_ttf@SDL_GL@ui@modules@UModSys@@UBE_NIAAUSImageCellInfo@lib2d@5@@Z 10004501 f i umodsys_lib_libui:umodsys.mod.ui.SDL_GL.obj
 0001:00003501       ?setup_fixed_cell@RMultiImage2D_SDL_ttf@SDL_core@ui@modules@UModSys@@UAE_NHH@Z 10004501 f i umodsys_lib_libui:umodsys.mod.ui.SDL_core.obj
 0001:00003501       ?mouse_setposition@RMouseController@SDL_core@ui@modules@UModSys@@UAE_NHH@Z 10004501 f i umodsys_lib_libui:umodsys.mod.ui.SDL_core.obj
 0001:00003501       ?set_repeater@RFrame_Common@frames@ui@modules@UModSys@@UAE_NHH@Z 10004501 f i umodsys_lib_libui:umodsys.mod.ui.frames.obj
 0001:00003501       ?setup_setlight@RRenderDriver3D@SDL_GL@ui@modules@UModSys@@UAE_NH_N@Z 10004501 f i umodsys_lib_libui:umodsys.mod.ui.SDL_GL.obj
 0001:00003501       ?setup_fixed_cell@RMultiImage2D_SDL_ttf@SDL_GL@ui@modules@UModSys@@UAE_NHH@Z 10004501 f i umodsys_lib_libui:umodsys.mod.ui.SDL_GL.obj
 0001:00003501       ?map_2d_to_3d@RRenderDriver3D@SDL_GL@ui@modules@UModSys@@UAE_NAAU?$TVector3@N@math3d@5@ABU?$TVector2@H@75@@Z 10004501 f i umodsys_lib_libui:umodsys.mod.ui.SDL_GL.obj
 0001:00003501       ?key_setrepeat@RKeyboardController@SDL_GL@ui@modules@UModSys@@UAE_NMM@Z 10004501 f i umodsys_lib_libui:umodsys.mod.ui.SDL_GL.obj
 0001:00003501       ?filter_load@RMediaFilter@images_std@media@modules@UModSys@@UAE_NABUSInfo@IBinObjFilter@libmedia@5@AAU?$TRefObject@UIRefObject@core@UModSys@@U?$TRefObjectFunc@UIRefObject@core@UModSys@@@tl@3@@tl@5@@Z 10004501 f i umodsys_lib_libmedia:umodsys.mod.media.images_std.obj
 0001:00003501       ?map_3d_to_2d@RRenderDriver3D@SDL_GL@ui@modules@UModSys@@UAE_NAAU?$TVector2@H@math3d@5@ABU?$TVector3@N@75@@Z 10004501 f i umodsys_lib_libui:umodsys.mod.ui.SDL_GL.obj
 0001:00003501       ?set_parameters@RRenderDriver2D@SDL_core@ui@modules@UModSys@@UAE_NPBDABUSParameters@core@5@@Z 10004501 f i umodsys_lib_libui:umodsys.mod.ui.SDL_core.obj
 0001:00003501       ?mouse_setposition@RMouseController@SDL_GL@ui@modules@UModSys@@UAE_NHH@Z 10004501 f i umodsys_lib_libui:umodsys.mod.ui.SDL_GL.obj
 0001:00003501       ?key_setrepeat@RKeyboardController@SDL_core@ui@modules@UModSys@@UAE_NMM@Z 10004501 f i umodsys_lib_libui:umodsys.mod.ui.SDL_core.obj
 0001:00003501       ?set_hint@RMultiImage2D_SDL_ttf@SDL_GL@ui@modules@UModSys@@UAE_NPBD0@Z 10004501 f i umodsys_lib_libui:umodsys.mod.ui.SDL_GL.obj
 0001:00003501       ?get_cell@RMultiImage2D_SDL_ttf@SDL_core@ui@modules@UModSys@@UBE_NIAAUSImageCellInfo@lib2d@5@@Z 10004501 f i umodsys_lib_libui:umodsys.mod.ui.SDL_core.obj
 0001:00003501       ?map_3d_to_2d@RRenderDriver3D@SDL_GL@ui@modules@UModSys@@UAE_NAAU?$TVector2@H@math3d@5@ABU?$TVector2@M@75@@Z 10004501 f i umodsys_lib_libui:umodsys.mod.ui.SDL_GL.obj
 0001:00003501       ?set_hint@RMultiImage2D_SDL_ttf@SDL_core@ui@modules@UModSys@@UAE_NPBD0@Z 10004501 f i umodsys_lib_libui:umodsys.mod.ui.SDL_core.obj
 0001:00003501       ?set_parameters@RRenderDriver3D@SDL_GL@ui@modules@UModSys@@UAE_NPBDABUSParameters@core@5@@Z 10004501 f i umodsys_lib_libui:umodsys.mod.ui.SDL_GL.obj
 0001:00003506       ?root_get_interface_info@RRenderDriver3D@SDL_GL@ui@modules@UModSys@@UBEABUSUniquePointerInfo@core@5@XZ 10004506 f i umodsys_lib_libui:umodsys.mod.ui.SDL_GL.obj
 0001:0000350c       ?root_get_interface_type@RRenderDriver3D@SDL_GL@ui@modules@UModSys@@UBEPBUSUniquePointerInfo@core@5@XZ 1000450c f i umodsys_lib_libui:umodsys.mod.ui.SDL_GL.obj
 0001:00003512       ?root_get_other_interface@RRenderDriver3D@SDL_GL@ui@modules@UModSys@@UBEPBUIRoot@core@5@PBUSUniquePointerInfo@75@@Z 10004512 f i umodsys_lib_libui:umodsys.mod.ui.SDL_GL.obj
 0001:00003512       ?root_get_other_interface@RRenderDriver3D@SDL_GL@ui@modules@UModSys@@UAEPAUIRoot@core@5@PBUSUniquePointerInfo@75@@Z 10004512 f i umodsys_lib_libui:umodsys.mod.ui.SDL_GL.obj
 0001:0000353b       ?root_is_interface_supported@RRenderDriver3D@SDL_GL@ui@modules@UModSys@@UBE_NPBUSUniquePointerInfo@core@5@@Z 1000453b f i umodsys_lib_libui:umodsys.mod.ui.SDL_GL.obj
 0001:0000356a       ?is_phmv@RRenderDriver3D@SDL_GL@ui@modules@UModSys@@QAE_NW4ePhaseMode@2345@@Z 1000456a f i umodsys_lib_libui:umodsys.mod.ui.SDL_GL.obj
 0001:000035a5       ?root_get_interface_info@RTerminalX@SDL_GL@ui@modules@UModSys@@UBEABUSUniquePointerInfo@core@5@XZ 100045a5 f i umodsys_lib_libui:umodsys.mod.ui.SDL_GL.obj
 0001:000035ab       ?root_get_interface_type@RTerminalX@SDL_GL@ui@modules@UModSys@@UBEPBUSUniquePointerInfo@core@5@XZ 100045ab f i umodsys_lib_libui:umodsys.mod.ui.SDL_GL.obj
 0001:000035b1       ?root_get_other_interface@RTerminalX@SDL_GL@ui@modules@UModSys@@UAEPAUIRoot@core@5@PBUSUniquePointerInfo@75@@Z 100045b1 f i umodsys_lib_libui:umodsys.mod.ui.SDL_GL.obj
 0001:000035b1       ?root_get_other_interface@RTerminalX@SDL_GL@ui@modules@UModSys@@UBEPBUIRoot@core@5@PBUSUniquePointerInfo@75@@Z 100045b1 f i umodsys_lib_libui:umodsys.mod.ui.SDL_GL.obj
 0001:000035d2       ?root_is_interface_supported@RTerminalX@SDL_GL@ui@modules@UModSys@@UBE_NPBUSUniquePointerInfo@core@5@@Z 100045d2 f i umodsys_lib_libui:umodsys.mod.ui.SDL_GL.obj
 0001:000035f1       ?root_get_interface_info@RVertexArray@SDL_GL@ui@modules@UModSys@@UBEABUSUniquePointerInfo@core@5@XZ 100045f1 f i umodsys_lib_libui:umodsys.mod.ui.SDL_GL.obj
 0001:000035f7       ?root_get_interface_type@RVertexArray@SDL_GL@ui@modules@UModSys@@UBEPBUSUniquePointerInfo@core@5@XZ 100045f7 f i umodsys_lib_libui:umodsys.mod.ui.SDL_GL.obj
 0001:000035fd       ?root_get_other_interface@RVertexArray@SDL_GL@ui@modules@UModSys@@UAEPAUIRoot@core@5@PBUSUniquePointerInfo@75@@Z 100045fd f i umodsys_lib_libui:umodsys.mod.ui.SDL_GL.obj
 0001:000035fd       ?root_get_other_interface@RVertexArray@SDL_GL@ui@modules@UModSys@@UBEPBUIRoot@core@5@PBUSUniquePointerInfo@75@@Z 100045fd f i umodsys_lib_libui:umodsys.mod.ui.SDL_GL.obj
 0001:0000361e       ?root_is_interface_supported@RVertexArray@SDL_GL@ui@modules@UModSys@@UBE_NPBUSUniquePointerInfo@core@5@@Z 1000461e f i umodsys_lib_libui:umodsys.mod.ui.SDL_GL.obj
 0001:00003645       ?get_generated_names@RGenerator@SDL_GL@ui@modules@UModSys@@UBEHAAUSUniquePtrList@core@5@@Z 10004645 f i umodsys_lib_libui:umodsys.mod.ui.SDL_GL.obj
 0001:0000365e       ?get_generated_types@RGenerator@SDL_GL@ui@modules@UModSys@@UBEHAAUSUniquePtrList@core@5@PBUSUniquePointerInfo@75@@Z 1000465e f i umodsys_lib_libui:umodsys.mod.ui.SDL_GL.obj
 0001:0000369c       ?generate@RGenerator@SDL_GL@ui@modules@UModSys@@UAE_NAAU?$TRefObject@UIRefObject@core@UModSys@@U?$TRefObjectFunc@UIRefObject@core@UModSys@@@tl@3@@tl@5@PBUSUniquePointerInfo@core@5@ABUSParameters@95@@Z 1000469c f i umodsys_lib_libui:umodsys.mod.ui.SDL_GL.obj
 0001:000036bd       ?root_get_interface_info@RGenerator@SDL_GL@ui@modules@UModSys@@UBEABUSUniquePointerInfo@core@5@XZ 100046bd f i umodsys_lib_libui:umodsys.mod.ui.SDL_GL.obj
 0001:000036c3       ?root_get_interface_type@RGenerator@SDL_GL@ui@modules@UModSys@@UBEPBUSUniquePointerInfo@core@5@XZ 100046c3 f i umodsys_lib_libui:umodsys.mod.ui.SDL_GL.obj
 0001:000036c9       ?root_get_other_interface@RGenerator@SDL_GL@ui@modules@UModSys@@UBEPBUIRoot@core@5@PBUSUniquePointerInfo@75@@Z 100046c9 f i umodsys_lib_libui:umodsys.mod.ui.SDL_GL.obj
 0001:000036c9       ?root_get_other_interface@RGenerator@SDL_GL@ui@modules@UModSys@@UAEPAUIRoot@core@5@PBUSUniquePointerInfo@75@@Z 100046c9 f i umodsys_lib_libui:umodsys.mod.ui.SDL_GL.obj
 0001:000036e2       ?root_is_interface_supported@RGenerator@SDL_GL@ui@modules@UModSys@@UBE_NPBUSUniquePointerInfo@core@5@@Z 100046e2 f i umodsys_lib_libui:umodsys.mod.ui.SDL_GL.obj
 0001:00003701       ?ref_weak@RGenerator@images_std@media@modules@UModSys@@UBE_NAAUWeakPointer@IRefObject@core@5@@Z 10004701 f i umodsys_lib_libmedia:umodsys.mod.media.images_std.obj
 0001:00003701       ?ref_weak@RGenerator@stdlib@lib2d@modules@UModSys@@UBE_NAAUWeakPointer@IRefObject@core@5@@Z 10004701 f i umodsys_lib_lib2d:umodsys.mod.2d.stdlib.obj
 0001:00003701       ?ref_weak@RGenerator@SDL_GL@ui@modules@UModSys@@UBE_NAAUWeakPointer@IRefObject@core@5@@Z 10004701 f i umodsys_lib_libui:umodsys.mod.ui.SDL_GL.obj
 0001:00003701       ?ref_weak@RGenerator@serialize_json@media@modules@UModSys@@UBE_NAAUWeakPointer@IRefObject@core@5@@Z 10004701 f i umodsys_lib_libmedia:umodsys.mod.media.serialize_json.obj
 0001:00003701       ?ref_weak@RSerializeReader@serialize_json@media@modules@UModSys@@UBE_NAAUWeakPointer@IRefObject@core@5@@Z 10004701 f i umodsys_lib_libmedia:umodsys.mod.media.serialize_json.obj
 0001:00003701       ?ref_weak@RTerminal@SDL_GL@ui@modules@UModSys@@UBE_NAAUWeakPointer@IRefObject@core@5@@Z 10004701 f i umodsys_lib_libui:umodsys.mod.ui.SDL_GL.obj
 0001:00003701       ?ref_weak@RGenerator@frames@ui@modules@UModSys@@UBE_NAAUWeakPointer@IRefObject@core@5@@Z 10004701 f i umodsys_lib_libui:umodsys.mod.ui.frames.obj
 0001:00003701       ?ref_weak@RMultiImage2D_SDL_ttf@SDL_GL@ui@modules@UModSys@@UBE_NAAUWeakPointer@IRefObject@core@5@@Z 10004701 f i umodsys_lib_libui:umodsys.mod.ui.SDL_GL.obj
 0001:00003701       ?ref_weak@RImage_Memory@stdlib@lib2d@modules@UModSys@@UBE_NAAUWeakPointer@IRefObject@core@5@@Z 10004701 f i umodsys_lib_lib2d:umodsys.mod.2d.stdlib.obj
 0001:00003701       ?ref_weak@RMultiImage@stdlib@lib2d@modules@UModSys@@UBE_NAAUWeakPointer@IRefObject@core@5@@Z 10004701 f i umodsys_lib_lib2d:umodsys.mod.2d.stdlib.obj
 0001:00003701       ?ref_weak@RTerminal@SDL_core@ui@modules@UModSys@@UBE_NAAUWeakPointer@IRefObject@core@5@@Z 10004701 f i umodsys_lib_libui:umodsys.mod.ui.SDL_core.obj
 0001:00003701       ?ref_weak@RBinArchiveFrameClient_ZIP@zlib@media@modules@UModSys@@UBE_NAAUWeakPointer@IRefObject@core@5@@Z 10004701 f i umodsys_lib_libmedia:umodsys.mod.media.zlib.obj
 0001:00003701       ?ref_weak@RImageFactory_Memory@stdlib@lib2d@modules@UModSys@@UBE_NAAUWeakPointer@IRefObject@core@5@@Z 10004701 f i umodsys_lib_lib2d:umodsys.mod.2d.stdlib.obj
 0001:00003701       ?ref_weak@RMultiImage2D_SDL_ttf@SDL_core@ui@modules@UModSys@@UBE_NAAUWeakPointer@IRefObject@core@5@@Z 10004701 f i umodsys_lib_libui:umodsys.mod.ui.SDL_core.obj
 0001:00003701       ?ref_weak@RDialog@frames@ui@modules@UModSys@@UBE_NAAUWeakPointer@IRefObject@core@5@@Z 10004701 f i umodsys_lib_libui:umodsys.mod.ui.frames.obj
 0001:00003701       ?ref_weak@RGenerator@SDL_core@ui@modules@UModSys@@UBE_NAAUWeakPointer@IRefObject@core@5@@Z 10004701 f i umodsys_lib_libui:umodsys.mod.ui.SDL_core.obj
 0001:00003701       ?ref_weak@RVertexArray@SDL_GL@ui@modules@UModSys@@UBE_NAAUWeakPointer@IRefObject@core@5@@Z 10004701 f i umodsys_lib_libui:umodsys.mod.ui.SDL_GL.obj
 0001:00003701       ?ref_weak@RGenerator@test1@test@modules@UModSys@@UBE_NAAUWeakPointer@IRefObject@core@5@@Z 10004701 f i plugin_test1.obj
 0001:00003701       ?ref_weak@RGenerator@zlib@media@modules@UModSys@@UBE_NAAUWeakPointer@IRefObject@core@5@@Z 10004701 f i umodsys_lib_libmedia:umodsys.mod.media.zlib.obj
 0001:00003720       ?suicide@RGenerator@SDL_core@ui@modules@UModSys@@UAEXXZ 10004720 f i umodsys_lib_libui:umodsys.mod.ui.SDL_core.obj
 0001:00003720       ?suicide@RGenerator@SDL_GL@ui@modules@UModSys@@UAEXXZ 10004720 f i umodsys_lib_libui:umodsys.mod.ui.SDL_GL.obj
 0001:00003720       ?suicide@RGenerator@zlib@media@modules@UModSys@@UAEXXZ 10004720 f i umodsys_lib_libmedia:umodsys.mod.media.zlib.obj
 0001:00003720       ??3@YAXPAX0@Z              10004720 f i plugin_test1.obj
 0001:00003720       ?suicide@RGenerator@serialize_json@media@modules@UModSys@@UAEXXZ 10004720 f i umodsys_lib_libmedia:umodsys.mod.media.serialize_json.obj
 0001:00003720       ?suicide@RGenerator@frames@ui@modules@UModSys@@UAEXXZ 10004720 f i umodsys_lib_libui:umodsys.mod.ui.frames.obj
 0001:00003720       ?suicide@RGenerator@images_std@media@modules@UModSys@@UAEXXZ 10004720 f i umodsys_lib_libmedia:umodsys.mod.media.images_std.obj
 0001:00003720       ?suicide@RGenerator@test1@test@modules@UModSys@@UAEXXZ 10004720 f i plugin_test1.obj
 0001:00003720       ?suicide@RGenerator@stdlib@lib2d@modules@UModSys@@UAEXXZ 10004720 f i umodsys_lib_lib2d:umodsys.mod.2d.stdlib.obj
 0001:00003721       ?get_uid@RGenerator@SDL_GL@ui@modules@UModSys@@UBEPBUSUniquePointerInfo@core@5@XZ 10004721 f i umodsys_lib_libui:umodsys.mod.ui.SDL_GL.obj
 0001:00003727       ??_GRKeyboardController@SDL_GL@ui@modules@UModSys@@UAEPAXI@Z 10004727 f i umodsys_lib_libui:umodsys.mod.ui.SDL_GL.obj
 0001:00003727       ??_ERKeyboardController@SDL_GL@ui@modules@UModSys@@UAEPAXI@Z 10004727 f i  CIL library: CIL module
 0001:00003744       ??1RKeyboardController@SDL_GL@ui@modules@UModSys@@UAE@XZ 10004744 f   umodsys_lib_libui:umodsys.mod.ui.SDL_GL.obj
 0001:00003788       ?map_keyspecial@RKeyboardController@SDL_core@ui@modules@UModSys@@QAEFG@Z 10004788 f   umodsys_lib_libui:umodsys.mod.ui.SDL_core.obj
 0001:00003788       ?map_keyspecial@RKeyboardController@SDL_GL@ui@modules@UModSys@@QAEFG@Z 10004788 f   umodsys_lib_libui:umodsys.mod.ui.SDL_GL.obj
 0001:000037fb       ?key_link@RKeyboardController@SDL_core@ui@modules@UModSys@@UAE_NHPAUIRefObject@core@5@PAUIKeyboardClient@libui@5@@Z 100047fb f   umodsys_lib_libui:umodsys.mod.ui.SDL_core.obj
 0001:000037fb       ?key_link@RKeyboardController@SDL_GL@ui@modules@UModSys@@UAE_NHPAUIRefObject@core@5@PAUIKeyboardClient@libui@5@@Z 100047fb f   umodsys_lib_libui:umodsys.mod.ui.SDL_GL.obj
 0001:00003833       ?key_setvisible@RKeyboardController@SDL_GL@ui@modules@UModSys@@UAE_N_N@Z 10004833 f   umodsys_lib_libui:umodsys.mod.ui.SDL_GL.obj
 0001:00003833       ?key_setvisible@RKeyboardController@SDL_core@ui@modules@UModSys@@UAE_N_N@Z 10004833 f   umodsys_lib_libui:umodsys.mod.ui.SDL_core.obj
 0001:0000384b       ??_GRMouseController@SDL_GL@ui@modules@UModSys@@UAEPAXI@Z 1000484b f i umodsys_lib_libui:umodsys.mod.ui.SDL_GL.obj
 0001:0000384b       ??_ERMouseController@SDL_GL@ui@modules@UModSys@@UAEPAXI@Z 1000484b f i  CIL library: CIL module
 0001:00003868       ??1RMouseController@SDL_GL@ui@modules@UModSys@@UAE@XZ 10004868 f   umodsys_lib_libui:umodsys.mod.ui.SDL_GL.obj
 0001:000038ac       ?process@RMouseController@SDL_core@ui@modules@UModSys@@QAE_NAAUSDL_MouseMotionEvent@@@Z 100048ac f   umodsys_lib_libui:umodsys.mod.ui.SDL_core.obj
 0001:000038ac       ?process@RMouseController@SDL_GL@ui@modules@UModSys@@QAE_NAAUSDL_MouseMotionEvent@@@Z 100048ac f   umodsys_lib_libui:umodsys.mod.ui.SDL_GL.obj
 0001:00003993       ?process@RMouseController@SDL_GL@ui@modules@UModSys@@QAE_NAAUSDL_MouseButtonEvent@@@Z 10004993 f   umodsys_lib_libui:umodsys.mod.ui.SDL_GL.obj
 0001:00003993       ?process@RMouseController@SDL_core@ui@modules@UModSys@@QAE_NAAUSDL_MouseButtonEvent@@@Z 10004993 f   umodsys_lib_libui:umodsys.mod.ui.SDL_core.obj
 0001:00003a5a       ?process@RMouseController@SDL_GL@ui@modules@UModSys@@QAE_NAAUSDL_MouseWheelEvent@@@Z 10004a5a f   umodsys_lib_libui:umodsys.mod.ui.SDL_GL.obj
 0001:00003a5a       ?process@RMouseController@SDL_core@ui@modules@UModSys@@QAE_NAAUSDL_MouseWheelEvent@@@Z 10004a5a f   umodsys_lib_libui:umodsys.mod.ui.SDL_core.obj
 0001:00003afb       ?key_unlink@RKeyboardController@SDL_core@ui@modules@UModSys@@UAE_NH@Z 10004afb f   umodsys_lib_libui:umodsys.mod.ui.SDL_core.obj
 0001:00003afb       ?mouse_unlink@RMouseController@SDL_core@ui@modules@UModSys@@UAE_NH@Z 10004afb f   umodsys_lib_libui:umodsys.mod.ui.SDL_core.obj
 0001:00003afb       ?key_unlink@RKeyboardController@SDL_GL@ui@modules@UModSys@@UAE_NH@Z 10004afb f   umodsys_lib_libui:umodsys.mod.ui.SDL_GL.obj
 0001:00003afb       ?mouse_unlink@RMouseController@SDL_GL@ui@modules@UModSys@@UAE_NH@Z 10004afb f   umodsys_lib_libui:umodsys.mod.ui.SDL_GL.obj
 0001:00003b0a       ??0RTerminal@SDL_GL@ui@modules@UModSys@@QAE@PAUIModObject@base@4@@Z 10004b0a f   umodsys_lib_libui:umodsys.mod.ui.SDL_GL.obj
 0001:00003b94       ??_ERTerminal@SDL_GL@ui@modules@UModSys@@UAEPAXI@Z 10004b94 f i  CIL library: CIL module
 0001:00003b94       ??_GRTerminal@SDL_GL@ui@modules@UModSys@@UAEPAXI@Z 10004b94 f i umodsys_lib_libui:umodsys.mod.ui.SDL_GL.obj
 0001:00003bb1       ??1RTerminal@SDL_GL@ui@modules@UModSys@@UAE@XZ 10004bb1 f   umodsys_lib_libui:umodsys.mod.ui.SDL_GL.obj
 0001:00003c01       ?get_terminal_state@RTerminal@SDL_core@ui@modules@UModSys@@UAE_NW4eTerminalState@libui@5@@Z 10004c01 f   umodsys_lib_libui:umodsys.mod.ui.SDL_core.obj
 0001:00003c01       ?get_terminal_state@RTerminal@SDL_GL@ui@modules@UModSys@@UAE_NW4eTerminalState@libui@5@@Z 10004c01 f   umodsys_lib_libui:umodsys.mod.ui.SDL_GL.obj
 0001:00003c1a       ?get_clock@RTerminal@SDL_core@ui@modules@UModSys@@UAENXZ 10004c1a f   umodsys_lib_libui:umodsys.mod.ui.SDL_core.obj
 0001:00003c1a       ?get_clock@RTerminal@SDL_GL@ui@modules@UModSys@@UAENXZ 10004c1a f   umodsys_lib_libui:umodsys.mod.ui.SDL_GL.obj
 0001:00003c32       ?create_handler@RTerminal@SDL_GL@ui@modules@UModSys@@UAE_NPBUSUniquePointerInfo@core@5@AAU?$TRefObject@UIRefObject@core@UModSys@@U?$TRefObjectFunc@UIRefObject@core@UModSys@@@tl@3@@tl@5@PBDPBUSParameters@75@@Z 10004c32 f   umodsys_lib_libui:umodsys.mod.ui.SDL_GL.obj
 0001:00003c32       ?create_handler@RTerminal@SDL_core@ui@modules@UModSys@@UAE_NPBUSUniquePointerInfo@core@5@AAU?$TRefObject@UIRefObject@core@UModSys@@U?$TRefObjectFunc@UIRefObject@core@UModSys@@@tl@3@@tl@5@PBDPBUSParameters@75@@Z 10004c32 f   umodsys_lib_libui:umodsys.mod.ui.SDL_core.obj
 0001:00003c90       ??0RMultiImage2D_SDL_ttf@SDL_GL@ui@modules@UModSys@@QAE@PAURRenderDriver3D@1234@ABUSParameters@core@4@@Z 10004c90 f   umodsys_lib_libui:umodsys.mod.ui.SDL_GL.obj
 0001:00003cf8       ??_ERMultiImage2D_SDL_ttf@SDL_GL@ui@modules@UModSys@@UAEPAXI@Z 10004cf8 f i  CIL library: CIL module
 0001:00003cf8       ??_GRMultiImage2D_SDL_ttf@SDL_GL@ui@modules@UModSys@@UAEPAXI@Z 10004cf8 f i umodsys_lib_libui:umodsys.mod.ui.SDL_GL.obj
 0001:00003d53       ?open@RMultiImage2D_SDL_ttf@SDL_GL@ui@modules@UModSys@@QAE_NABUSParameters@core@5@@Z 10004d53 f   umodsys_lib_libui:umodsys.mod.ui.SDL_GL.obj
 0001:00003dde       ?generate_glyphs@RMultiImage2D_SDL_ttf@SDL_GL@ui@modules@UModSys@@QAE_NXZ 10004dde f   umodsys_lib_libui:umodsys.mod.ui.SDL_GL.obj
 0001:00003ecd       ?set_flags@SGLFuncs@SDL_GL@ui@modules@UModSys@@QBEXPBUTextureInfo@12345@ABUSRenderMapFlags@lib3d@5@@Z 10004ecd f i umodsys_lib_libui:umodsys.mod.ui.SDL_GL.obj
 0001:00003f83       ??1STextureGL@SDL_GL@ui@modules@UModSys@@QAE@XZ 10004f83 f   umodsys_lib_libui:umodsys.mod.ui.SDL_GL.obj
 0001:00003fcc       ?gen@STextureGL@SDL_GL@ui@modules@UModSys@@QAE_NXZ 10004fcc f   umodsys_lib_libui:umodsys.mod.ui.SDL_GL.obj
 0001:00004003       ?clear@STextureGL@SDL_GL@ui@modules@UModSys@@QAEXXZ 10005003 f   umodsys_lib_libui:umodsys.mod.ui.SDL_GL.obj
 0001:00004026       ?dorebind@STextureGL@SDL_GL@ui@modules@UModSys@@QAEX_N@Z 10005026 f   umodsys_lib_libui:umodsys.mod.ui.SDL_GL.obj
 0001:0000407c       ?alloc@STextureGL@SDL_GL@ui@modules@UModSys@@QAE_NXZ 1000507c f   umodsys_lib_libui:umodsys.mod.ui.SDL_GL.obj
 0001:000040cf       ?set_size@STextureGL@SDL_GL@ui@modules@UModSys@@QAEXHH@Z 100050cf f   umodsys_lib_libui:umodsys.mod.ui.SDL_GL.obj
 0001:00004194       ?reupload@STextureGL@SDL_GL@ui@modules@UModSys@@QAE_NXZ 10005194 f   umodsys_lib_libui:umodsys.mod.ui.SDL_GL.obj
 0001:00004202       ?upload@STextureGL@SDL_GL@ui@modules@UModSys@@QAE_NXZ 10005202 f   umodsys_lib_libui:umodsys.mod.ui.SDL_GL.obj
 0001:0000429c       ?set_reallocate@STextureGL@SDL_GL@ui@modules@UModSys@@QAE_NW4eImageType@lib2d@5@HHPBD@Z 1000529c f   umodsys_lib_libui:umodsys.mod.ui.SDL_GL.obj
 0001:000042fc       ?new_texture@RMultiImage2D_SDL_ttf@SDL_GL@ui@modules@UModSys@@SA_NAAUSTextureGL@2345@PAUSDL_Surface@@PAURRenderDriver3D@2345@@Z 100052fc f   umodsys_lib_libui:umodsys.mod.ui.SDL_GL.obj
 0001:00004388       ??0RRenderDriver3D@SDL_GL@ui@modules@UModSys@@QAE@PAURTerminalX@1234@@Z 10005388 f   umodsys_lib_libui:umodsys.mod.ui.SDL_GL.obj
 0001:0000445f       ??_ERRenderDriver3D@SDL_GL@ui@modules@UModSys@@UAEPAXI@Z 1000545f f i  CIL library: CIL module
 0001:0000445f       ??_GRRenderDriver3D@SDL_GL@ui@modules@UModSys@@UAEPAXI@Z 1000545f f i umodsys_lib_libui:umodsys.mod.ui.SDL_GL.obj
 0001:0000447c       ??1RRenderDriver3D@SDL_GL@ui@modules@UModSys@@UAE@XZ 1000547c f   umodsys_lib_libui:umodsys.mod.ui.SDL_GL.obj
 0001:000044eb       ?close@RRenderDriver3D@SDL_GL@ui@modules@UModSys@@QAEXXZ 100054eb f   umodsys_lib_libui:umodsys.mod.ui.SDL_GL.obj
 0001:0000450c       ?open@RRenderDriver3D@SDL_GL@ui@modules@UModSys@@QAE_NABUSParameters@core@5@@Z 1000550c f   umodsys_lib_libui:umodsys.mod.ui.SDL_GL.obj
 0001:000045fe       ?next_phm@RRenderDriver3D@SDL_GL@ui@modules@UModSys@@QAE_NW4ePhaseMode@2345@@Z 100055fe f   umodsys_lib_libui:umodsys.mod.ui.SDL_GL.obj
 0001:00004653       ?new_font@RRenderDriver3D@SDL_GL@ui@modules@UModSys@@UAE?AU?$TRefObject@UIMultiImage@lib2d@UModSys@@U?$TRefObjectFunc@UIMultiImage@lib2d@UModSys@@@tl@3@@tl@5@ABUSParameters@core@5@ABU?$TString@U?$TSCoreConst@D@su@tl@UModSys@@U?$TComparerBinaryHash@D@234@@75@@Z 10005653 f   umodsys_lib_libui:umodsys.mod.ui.SDL_GL.obj
 0001:0000478e       ?new_picture@RRenderDriver3D@SDL_GL@ui@modules@UModSys@@UAE?AU?$TRefObject@UIImage@lib2d@UModSys@@U?$TRefObjectFunc@UIImage@lib2d@UModSys@@@tl@3@@tl@5@ABUSParameters@core@5@ABU?$TString@U?$TSCoreConst@D@su@tl@UModSys@@U?$TComparerBinaryHash@D@234@@75@@Z 1000578e f   umodsys_lib_libui:umodsys.mod.ui.SDL_GL.obj
 0001:0000478e       ?new_picture@RRenderDriver2D@SDL_core@ui@modules@UModSys@@UAE?AU?$TRefObject@UIImage@lib2d@UModSys@@U?$TRefObjectFunc@UIImage@lib2d@UModSys@@@tl@3@@tl@5@ABUSParameters@core@5@ABU?$TString@U?$TSCoreConst@D@su@tl@UModSys@@U?$TComparerBinaryHash@D@234@@75@@Z 1000578e f   umodsys_lib_libui:umodsys.mod.ui.SDL_core.obj
 0001:000047a0       ?get_frame_values@RRenderDriver3D@SDL_GL@ui@modules@UModSys@@UBEPBUSParameters@core@5@XZ 100057a0 f   umodsys_lib_libui:umodsys.mod.ui.SDL_GL.obj
 0001:000047a7       ?setup_font@RRenderDriver3D@SDL_GL@ui@modules@UModSys@@UAE_NPAUIMultiImage@lib2d@5@PBU?$TVector2@M@math3d@5@@Z 100057a7 f   umodsys_lib_libui:umodsys.mod.ui.SDL_GL.obj
 0001:000047f9       ?setup_color@RRenderDriver3D@SDL_GL@ui@modules@UModSys@@UAEXABU?$TVector3@M@math3d@5@@Z 100057f9 f   umodsys_lib_libui:umodsys.mod.ui.SDL_GL.obj
 0001:00004820       ?setup_color@RRenderDriver3D@SDL_GL@ui@modules@UModSys@@UAEXABU?$TVector3@H@math3d@5@@Z 10005820 f   umodsys_lib_libui:umodsys.mod.ui.SDL_GL.obj
 0001:00004863       ?setup_coloralpha@RRenderDriver3D@SDL_GL@ui@modules@UModSys@@UAEXABU?$TVector4@M@math3d@5@H@Z 10005863 f   umodsys_lib_libui:umodsys.mod.ui.SDL_GL.obj
 0001:0000488b       ?setup_coloralpha@RRenderDriver3D@SDL_GL@ui@modules@UModSys@@UAEXABU?$TVector4@H@math3d@5@H@Z 1000588b f   umodsys_lib_libui:umodsys.mod.ui.SDL_GL.obj
 0001:000048e3       ?setup_blendcolor@RRenderDriver3D@SDL_GL@ui@modules@UModSys@@UAEXABUSBlendColor@lib2d@5@@Z 100058e3 f   umodsys_lib_libui:umodsys.mod.ui.SDL_GL.obj
 0001:0000493b       ?setup_blendcolor@RRenderDriver3D@SDL_GL@ui@modules@UModSys@@UAEXABUSBlendColorf@lib2d@5@@Z 1000593b f   umodsys_lib_libui:umodsys.mod.ui.SDL_GL.obj
 0001:0000497f       ?setup_alpha@RRenderDriver3D@SDL_GL@ui@modules@UModSys@@UAEXHH@Z 1000597f f   umodsys_lib_libui:umodsys.mod.ui.SDL_GL.obj
 0001:000049a6       ?setup_alpha@RRenderDriver3D@SDL_GL@ui@modules@UModSys@@UAEXMH@Z 100059a6 f   umodsys_lib_libui:umodsys.mod.ui.SDL_GL.obj
 0001:000049c7       ?render_text_advanced@RRenderDriver3D@SDL_GL@ui@modules@UModSys@@UAE_NAAUTextInfo@IRenderDriver@lib2d@5@PBHH@Z 100059c7 f   umodsys_lib_libui:umodsys.mod.ui.SDL_GL.obj
 0001:00004b85       ?render_box@RRenderDriver3D@SDL_GL@ui@modules@UModSys@@UAEXABU?$TVector2@H@math3d@5@0@Z 10005b85 f   umodsys_lib_libui:umodsys.mod.ui.SDL_GL.obj
 0001:00004be0       ?render_tri@RRenderDriver3D@SDL_GL@ui@modules@UModSys@@UAEXABU?$TVector2@H@math3d@5@00@Z 10005be0 f   umodsys_lib_libui:umodsys.mod.ui.SDL_GL.obj
 0001:00004c30       ?render_quad@RRenderDriver3D@SDL_GL@ui@modules@UModSys@@UAEXABU?$TVector2@H@math3d@5@000@Z 10005c30 f   umodsys_lib_libui:umodsys.mod.ui.SDL_GL.obj
 0001:00004c8f       ?render_box@RRenderDriver3D@SDL_GL@ui@modules@UModSys@@UAEXPAUIImage@lib2d@5@ABU?$TVector2@H@math3d@5@1ABU?$TVector2@M@95@2@Z 10005c8f f   umodsys_lib_libui:umodsys.mod.ui.SDL_GL.obj
 0001:00004c9c       ?render_line@RRenderDriver3D@SDL_GL@ui@modules@UModSys@@UAEXABU?$TVector2@H@math3d@5@0@Z 10005c9c f   umodsys_lib_libui:umodsys.mod.ui.SDL_GL.obj
 0001:00004cdd       ?render_rect@RRenderDriver3D@SDL_GL@ui@modules@UModSys@@UAEXABU?$TVector2@H@math3d@5@0@Z 10005cdd f   umodsys_lib_libui:umodsys.mod.ui.SDL_GL.obj
 0001:00004d6e       ?begin@RRenderDriver3D@SDL_GL@ui@modules@UModSys@@UAEXXZ 10005d6e f   umodsys_lib_libui:umodsys.mod.ui.SDL_GL.obj
 0001:00004e9b       ?end@RRenderDriver3D@SDL_GL@ui@modules@UModSys@@UAEXXZ 10005e9b f   umodsys_lib_libui:umodsys.mod.ui.SDL_GL.obj
 0001:00004ef3       ?Mode_2d_begin@RRenderDriver3D@SDL_GL@ui@modules@UModSys@@QAE_NXZ 10005ef3 f   umodsys_lib_libui:umodsys.mod.ui.SDL_GL.obj
 0001:00004fee       ?Mode_2d_end@RRenderDriver3D@SDL_GL@ui@modules@UModSys@@QAE_NXZ 10005fee f   umodsys_lib_libui:umodsys.mod.ui.SDL_GL.obj
 0001:00005019       ?register_tex@RRenderDriver3D@SDL_GL@ui@modules@UModSys@@UAE?AU?$TRefObject@UITexture@lib3d@UModSys@@U?$TRefObjectFunc@UITexture@lib3d@UModSys@@@tl@3@@tl@5@PAUILibrary@libmedia@5@ABU?$TString@U?$TSCoreConst@D@su@tl@UModSys@@U?$TComparerBinaryHash@D@234@@75@ABUSRenderMapFlags@lib3d@5@@Z 10006019 f   umodsys_lib_libui:umodsys.mod.ui.SDL_GL.obj
 0001:00005019       ?register_texcells@RRenderDriver3D@SDL_GL@ui@modules@UModSys@@UAE?AU?$TRefObject@UITextureCells@lib3d@UModSys@@U?$TRefObjectFunc@UITextureCells@lib3d@UModSys@@@tl@3@@tl@5@PAUILibrary@libmedia@5@ABU?$TString@U?$TSCoreConst@D@su@tl@UModSys@@U?$TComparerBinaryHash@D@234@@75@ABUSRenderMapFlags@lib3d@5@@Z 10006019 f   umodsys_lib_libui:umodsys.mod.ui.SDL_GL.obj
 0001:00005019       ?register_tex@RRenderDriver3D@SDL_GL@ui@modules@UModSys@@UAE?AU?$TRefObject@UITexture@lib3d@UModSys@@U?$TRefObjectFunc@UITexture@lib3d@UModSys@@@tl@3@@tl@5@ABU?$TVector2@H@math3d@5@ABUSRenderMapFlags@lib3d@5@W4eImageType@lib2d@5@@Z 10006019 f   umodsys_lib_libui:umodsys.mod.ui.SDL_GL.obj
[...]
 0001:0002b031       ??__F?s_id@?$TObjectUniqueID@UIRenderDriver@lib2d@UModSys@@@tl@UModSys@@2USUniquePointer@core@3@A@@YAXXZ 1002c031 f    CIL library: CIL module
 0001:0002b03b       ??__F?s_id@?$TObjectUniqueID@UIMultiImage@lib2d@UModSys@@@tl@UModSys@@2USUniquePointer@core@3@A@@YAXXZ 1002c03b f    CIL library: CIL module
 0001:0002b045       ??__F?s_id@?$TObjectUniqueID@UIImageFactory@lib2d@UModSys@@@tl@UModSys@@2USUniquePointer@core@3@A@@YAXXZ 1002c045 f    CIL library: CIL module
 0001:0002b04f       ??__F?s_id@?$TObjectUniqueID@UIImage@lib2d@UModSys@@@tl@UModSys@@2USUniquePointer@core@3@A@@YAXXZ 1002c04f f    CIL library: CIL module
 0001:0002b059       ??__F?s_id@?$TObjectUniqueID@UIDialog@libui@UModSys@@@tl@UModSys@@2USUniquePointer@core@3@A@@YAXXZ 1002c059 f    CIL library: CIL module
 0001:0002b063       ??__F?s_id@?$TObjectUniqueID@UIFrame@libui@UModSys@@@tl@UModSys@@2USUniquePointer@core@3@A@@YAXXZ 1002c063 f    CIL library: CIL module
 0001:0002b06d       ??__F?s_id@?$TObjectUniqueID@UIAsyncCollector@libui@UModSys@@@tl@UModSys@@2USUniquePointer@core@3@A@@YAXXZ 1002c06d f    CIL library: CIL module
 0001:0002b077       ??__F?s_id@?$TObjectUniqueID@UIAsyncController@libui@UModSys@@@tl@UModSys@@2USUniquePointer@core@3@A@@YAXXZ 1002c077 f    CIL library: CIL module
 0001:0002b081       ??__F?s_id@?$TObjectUniqueID@UICollector@libui@UModSys@@@tl@UModSys@@2USUniquePointer@core@3@A@@YAXXZ 1002c081 f    CIL library: CIL module
 0001:0002b08b       ??__F?s_id@?$TObjectUniqueID@UIConsoleHelperInput_UIKey@libui@UModSys@@@tl@UModSys@@2USUniquePointer@core@3@A@@YAXXZ 1002c08b f    CIL library: CIL module
 0001:0002b095       ??__F?s_id@?$TObjectUniqueID@UITerminal@libui@UModSys@@@tl@UModSys@@2USUniquePointer@core@3@A@@YAXXZ 1002c095 f    CIL library: CIL module
 0001:0002b09f       ??__F?s_id@?$TObjectUniqueID@UIJoystickController@libui@UModSys@@@tl@UModSys@@2USUniquePointer@core@3@A@@YAXXZ 1002c09f f    CIL library: CIL module
 0001:0002b0a9       ??__F?s_id@?$TObjectUniqueID@UIMouseController@libui@UModSys@@@tl@UModSys@@2USUniquePointer@core@3@A@@YAXXZ 1002c0a9 f    CIL library: CIL module
 0001:0002b0b3       ??__F?s_id@?$TObjectUniqueID@UIKeyboardController@libui@UModSys@@@tl@UModSys@@2USUniquePointer@core@3@A@@YAXXZ 1002c0b3 f    CIL library: CIL module
 0001:0002b0bd       ??__F?s_id@?$TObjectUniqueID@UIConsoleHelperOutputFCS@base@UModSys@@@tl@UModSys@@2USUniquePointer@core@3@A@@YAXXZ 1002c0bd f    CIL library: CIL module
 0001:0002b0c7       ??__F?s_id@?$TObjectUniqueID@UIConsoleHelperOutput@base@UModSys@@@tl@UModSys@@2USUniquePointer@core@3@A@@YAXXZ 1002c0c7 f    CIL library: CIL module
 0001:0002b0d1       ??__F?s_id@?$TObjectUniqueID@UIConsoleHelperInput@base@UModSys@@@tl@UModSys@@2USUniquePointer@core@3@A@@YAXXZ 1002c0d1 f    CIL library: CIL module
 0001:0002b0db       ??__F?s_id@?$TObjectUniqueID@UIConsoleHelperHistory@base@UModSys@@@tl@UModSys@@2USUniquePointer@core@3@A@@YAXXZ 1002c0db f    CIL library: CIL module
 0001:0002b0e5       ??__F?s_id@?$TObjectUniqueID@UIConsoleHelper@base@UModSys@@@tl@UModSys@@2USUniquePointer@core@3@A@@YAXXZ 1002c0e5 f    CIL library: CIL module
 0001:0002b0ef       ??__F?s_id@?$TObjectUniqueID@UIConsoleExt@base@UModSys@@@tl@UModSys@@2USUniquePointer@core@3@A@@YAXXZ 1002c0ef f    CIL library: CIL module
 0001:0002b0f9       ??__F?s_id@?$TObjectUniqueID@UISerializeWriter@libmedia@UModSys@@@tl@UModSys@@2USUniquePointer@core@3@A@@YAXXZ 1002c0f9 f    CIL library: CIL module
 0001:0002b103       ??__F?s_id@?$TObjectUniqueID@UISerializeReader@libmedia@UModSys@@@tl@UModSys@@2USUniquePointer@core@3@A@@YAXXZ 1002c103 f    CIL library: CIL module
 0001:0002b10d       ??__F?s_id@?$TObjectUniqueID@UIClient@IBinArchiveFrame@libmedia@UModSys@@@tl@UModSys@@2USUniquePointer@core@3@A@@YAXXZ 1002c10d f    CIL library: CIL module
 0001:0002b117       ??__F?s_id@?$TObjectUniqueID@UIBinArchiveFrame@libmedia@UModSys@@@tl@UModSys@@2USUniquePointer@core@3@A@@YAXXZ 1002c117 f    CIL library: CIL module
 0001:0002b121       ??__F?s_id@?$TObjectUniqueID@UILibraryLayered@libmedia@UModSys@@@tl@UModSys@@2USUniquePointer@core@3@A@@YAXXZ 1002c121 f    CIL library: CIL module
 0001:0002b12b       ??__F?s_id@?$TObjectUniqueID@UILibraryObjCache@libmedia@UModSys@@@tl@UModSys@@2USUniquePointer@core@3@A@@YAXXZ 1002c12b f    CIL library: CIL module
 0001:0002b135       ??__F?s_id@?$TObjectUniqueID@UILibraryObjFilter@libmedia@UModSys@@@tl@UModSys@@2USUniquePointer@core@3@A@@YAXXZ 1002c135 f    CIL library: CIL module
 0001:0002b13f       ??__F?s_id@?$TObjectUniqueID@UILibraryBinCache@libmedia@UModSys@@@tl@UModSys@@2USUniquePointer@core@3@A@@YAXXZ 1002c13f f    CIL library: CIL module
 0001:0002b149       ??__F?s_id@?$TObjectUniqueID@UILibraryBinTree@libmedia@UModSys@@@tl@UModSys@@2USUniquePointer@core@3@A@@YAXXZ 1002c149 f    CIL library: CIL module
 0001:0002b153       ??__F?s_id@?$TObjectUniqueID@UILibrary@libmedia@UModSys@@@tl@UModSys@@2USUniquePointer@core@3@A@@YAXXZ 1002c153 f    CIL library: CIL module
 0001:0002b15d       ??__F?s_id@?$TObjectUniqueID@UIBinObjFilter@libmedia@UModSys@@@tl@UModSys@@2USUniquePointer@core@3@A@@YAXXZ 1002c15d f    CIL library: CIL module
 0001:0002b167       ??__F?s_id@?$TObjectUniqueID@UIBinArchive@libmedia@UModSys@@@tl@UModSys@@2USUniquePointer@core@3@A@@YAXXZ 1002c167 f    CIL library: CIL module
 0001:0002b171       ??__F?s_id@?$TObjectUniqueID@UILibObject@libmedia@UModSys@@@tl@UModSys@@2USUniquePointer@core@3@A@@YAXXZ 1002c171 f    CIL library: CIL module
 0001:0002b17b       ??__F?s_id@?$TObjectUniqueID@UIUtilities@libmedia@UModSys@@@tl@UModSys@@2USUniquePointer@core@3@A@@YAXXZ 1002c17b f    CIL library: CIL module
 0001:0002b185       ??__F?s_id@?$TObjectUniqueID@UIStreamWriter@libmedia@UModSys@@@tl@UModSys@@2USUniquePointer@core@3@A@@YAXXZ 1002c185 f    CIL library: CIL module
 0001:0002b18f       ??__F?s_id@?$TObjectUniqueID@UIStreamReader@libmedia@UModSys@@@tl@UModSys@@2USUniquePointer@core@3@A@@YAXXZ 1002c18f f    CIL library: CIL module
 0001:0002b199       ??__F?s_id@?$TObjectUniqueID@UISystem@base@UModSys@@@tl@UModSys@@2USUniquePointer@core@3@A@@YAXXZ 1002c199 f    CIL library: CIL module
 0001:0002b1a3       ??__F?s_id@?$TObjectUniqueID@UIShell@base@UModSys@@@tl@UModSys@@2USUniquePointer@core@3@A@@YAXXZ 1002c1a3 f    CIL library: CIL module
 0001:0002b1ad       ??__F?s_id@?$TObjectUniqueID@UIGenerator@base@UModSys@@@tl@UModSys@@2USUniquePointer@core@3@A@@YAXXZ 1002c1ad f    CIL library: CIL module
 0001:0002b1b7       ??__F?s_id@?$TObjectUniqueID@UIModObject@base@UModSys@@@tl@UModSys@@2USUniquePointer@core@3@A@@YAXXZ 1002c1b7 f    CIL library: CIL module
 0001:0002b1c1       ??__F?s_id@?$TObjectUniqueID@UIModuleLibrary@base@UModSys@@@tl@UModSys@@2USUniquePointer@core@3@A@@YAXXZ 1002c1c1 f    CIL library: CIL module
 0001:0002b1cb       ??__F?s_id@?$TObjectUniqueID@UIModule@base@UModSys@@@tl@UModSys@@2USUniquePointer@core@3@A@@YAXXZ 1002c1cb f    CIL library: CIL module
 0001:0002b1d5       ??__F?s_id@?$TObjectUniqueID@UIConsole@base@UModSys@@@tl@UModSys@@2USUniquePointer@core@3@A@@YAXXZ 1002c1d5 f    CIL library: CIL module
 0001:0002b1df       ??__F?s_id@?$TObjectUniqueID@UIParameters@core@UModSys@@@tl@UModSys@@2USUniquePointer@core@3@A@@YAXXZ 1002c1df f    CIL library: CIL module
 0001:0002b1e9       ??__F?s_id@?$TObjectUniqueID@UIRefObject@core@UModSys@@@tl@UModSys@@2USUniquePointer@core@3@A@@YAXXZ 1002c1e9 f    CIL library: CIL module
 0001:0002b1f3       ??__F?s_id@?$TObjectUniqueID@UIRoot@core@UModSys@@@tl@UModSys@@2USUniquePointer@core@3@A@@YAXXZ 1002c1f3 f    CIL library: CIL module
 0001:0002b1fd       ??__Fs_dbg@stdlib@lib2d@modules@UModSys@@YAXXZ 1002c1fd f    CIL library: CIL module
 0001:0002b214       ??__F?s_modreg@RModuleReg@stdlib@lib2d@modules@UModSys@@2U12345@A@@YAXXZ 1002c214 f    CIL library: CIL module
 0001:0002b21f       ??__F?s_modreg_chain@RModuleReg@stdlib@lib2d@modules@UModSys@@2USModuleRegChain@base@5@A@@YAXXZ 1002c21f f    CIL library: CIL module
 0001:0002b229       ??__F?s_uid@RGenerator@stdlib@lib2d@modules@UModSys@@2USUniquePointer@core@5@A@@YAXXZ 1002c229 f    CIL library: CIL module
 0001:0002b233       ??__Fh@?1??s_holder@RGenerator@stdlib@lib2d@modules@UModSys@@SAAAU?$TTypeStaticHolder@URGenerator@stdlib@lib2d@modules@UModSys@@@tl@5@XZ@YAXXZ 1002c233 f    CIL library: CIL module
 0001:0002b250       ??__F?s_id@?$TObjectUniqueID@URGenerator@stdlib@lib2d@modules@UModSys@@@tl@UModSys@@2USUniquePointer@core@3@A@@YAXXZ 1002c250 f    CIL library: CIL module
 0001:0002b25a       ??__F?s_id@?$TObjectUniqueID@URMultiImage@stdlib@lib2d@modules@UModSys@@@tl@UModSys@@2USUniquePointer@core@3@A@@YAXXZ 1002c25a f    CIL library: CIL module
 0001:0002b264       ??__F?s_id@?$TObjectUniqueID@URImageFactory_Memory@stdlib@lib2d@modules@UModSys@@@tl@UModSys@@2USUniquePointer@core@3@A@@YAXXZ 1002c264 f    CIL library: CIL module
 0001:0002b26e       ??__F?s_id@?$TObjectUniqueID@URImage_Memory@stdlib@lib2d@modules@UModSys@@@tl@UModSys@@2USUniquePointer@core@3@A@@YAXXZ 1002c26e f    CIL library: CIL module
 0001:0002b278       ??__Fs_dbg@SDL_GL@ui@modules@UModSys@@YAXXZ 1002c278 f    CIL library: CIL module
 0001:0002b28f       ??__F?s_modreg@RModuleReg@SDL_GL@ui@modules@UModSys@@2U12345@A@@YAXXZ 1002c28f f    CIL library: CIL module
 0001:0002b29a       ??__F?s_modreg_chain@RModuleReg@SDL_GL@ui@modules@UModSys@@2USModuleRegChain@base@5@A@@YAXXZ 1002c29a f    CIL library: CIL module
 0001:0002b2a4       ??__F?s_uid@RGenerator@SDL_GL@ui@modules@UModSys@@2USUniquePointer@core@5@A@@YAXXZ 1002c2a4 f    CIL library: CIL module
 0001:0002b2ae       ??__Fh@?1??s_holder@RGenerator@SDL_GL@ui@modules@UModSys@@SAAAU?$TTypeStaticHolder@URGenerator@SDL_GL@ui@modules@UModSys@@@tl@5@XZ@YAXXZ 1002c2ae f    CIL library: CIL module
 0001:0002b2cb       ??__F?s_id@?$TObjectUniqueID@URGenerator@SDL_GL@ui@modules@UModSys@@@tl@UModSys@@2USUniquePointer@core@3@A@@YAXXZ 1002c2cb f    CIL library: CIL module
 0001:0002b2d5       ??__F?s_id@?$TObjectUniqueID@URVertexArray@SDL_GL@ui@modules@UModSys@@@tl@UModSys@@2USUniquePointer@core@3@A@@YAXXZ 1002c2d5 f    CIL library: CIL module
 0001:0002b2df       ??__F?s_id@?$TObjectUniqueID@URTerminalX@SDL_GL@ui@modules@UModSys@@@tl@UModSys@@2USUniquePointer@core@3@A@@YAXXZ 1002c2df f    CIL library: CIL module
 0001:0002b2e9       ??__F?s_id@?$TObjectUniqueID@URRenderDriver3D@SDL_GL@ui@modules@UModSys@@@tl@UModSys@@2USUniquePointer@core@3@A@@YAXXZ 1002c2e9 f    CIL library: CIL module
 0001:0002b2f3       ??__F?s_id@?$TObjectUniqueID@URMultiImage2D_SDL_ttf@SDL_GL@ui@modules@UModSys@@@tl@UModSys@@2USUniquePointer@core@3@A@@YAXXZ 1002c2f3 f    CIL library: CIL module
 0001:0002b2fd       ??__F?s_id@?$TObjectUniqueID@URTerminal@SDL_GL@ui@modules@UModSys@@@tl@UModSys@@2USUniquePointer@core@3@A@@YAXXZ 1002c2fd f    CIL library: CIL module
 0001:0002b307       ??__F?s_id@?$TObjectUniqueID@URMouseController@SDL_GL@ui@modules@UModSys@@@tl@UModSys@@2USUniquePointer@core@3@A@@YAXXZ 1002c307 f    CIL library: CIL module
 0001:0002b311       ??__F?s_id@?$TObjectUniqueID@URKeyboardController@SDL_GL@ui@modules@UModSys@@@tl@UModSys@@2USUniquePointer@core@3@A@@YAXXZ 1002c311 f    CIL library: CIL module
 0001:0002b31b       ??__Fs_dbg@SDL_core@ui@modules@UModSys@@YAXXZ 1002c31b f    CIL library: CIL module
 0001:0002b332       ??__F?s_modreg@RModuleReg@SDL_core@ui@modules@UModSys@@2U12345@A@@YAXXZ 1002c332 f    CIL library: CIL module
 0001:0002b33d       ??__F?s_modreg_chain@RModuleReg@SDL_core@ui@modules@UModSys@@2USModuleRegChain@base@5@A@@YAXXZ 1002c33d f    CIL library: CIL module
 0001:0002b347       ??__F?s_uid@RGenerator@SDL_core@ui@modules@UModSys@@2USUniquePointer@core@5@A@@YAXXZ 1002c347 f    CIL library: CIL module
 0001:0002b351       ??__Fh@?1??s_holder@RGenerator@SDL_core@ui@modules@UModSys@@SAAAU?$TTypeStaticHolder@URGenerator@SDL_core@ui@modules@UModSys@@@tl@5@XZ@YAXXZ 1002c351 f    CIL library: CIL module
 0001:0002b36e       ??__F?s_id@?$TObjectUniqueID@URGenerator@SDL_core@ui@modules@UModSys@@@tl@UModSys@@2USUniquePointer@core@3@A@@YAXXZ 1002c36e f    CIL library: CIL module
 0001:0002b378       ??__F?s_id@?$TObjectUniqueID@URTerminalX@SDL_core@ui@modules@UModSys@@@tl@UModSys@@2USUniquePointer@core@3@A@@YAXXZ 1002c378 f    CIL library: CIL module
 0001:0002b382       ??__F?s_id@?$TObjectUniqueID@URRenderDriver2D@SDL_core@ui@modules@UModSys@@@tl@UModSys@@2USUniquePointer@core@3@A@@YAXXZ 1002c382 f    CIL library: CIL module
 0001:0002b38c       ??__F?s_id@?$TObjectUniqueID@URMultiImage2D_SDL_ttf@SDL_core@ui@modules@UModSys@@@tl@UModSys@@2USUniquePointer@core@3@A@@YAXXZ 1002c38c f    CIL library: CIL module
 0001:0002b396       ??__F?s_id@?$TObjectUniqueID@URTerminal@SDL_core@ui@modules@UModSys@@@tl@UModSys@@2USUniquePointer@core@3@A@@YAXXZ 1002c396 f    CIL library: CIL module
 0001:0002b3a0       ??__F?s_id@?$TObjectUniqueID@URMouseController@SDL_core@ui@modules@UModSys@@@tl@UModSys@@2USUniquePointer@core@3@A@@YAXXZ 1002c3a0 f    CIL library: CIL module
 0001:0002b3aa       ??__F?s_id@?$TObjectUniqueID@URKeyboardController@SDL_core@ui@modules@UModSys@@@tl@UModSys@@2USUniquePointer@core@3@A@@YAXXZ 1002c3aa f    CIL library: CIL module
 0001:0002b3b4       ??__Fs_dbg@frames@ui@modules@UModSys@@YAXXZ 1002c3b4 f    CIL library: CIL module
 0001:0002b3cb       ??__F?s_modreg@RModuleReg@frames@ui@modules@UModSys@@2U12345@A@@YAXXZ 1002c3cb f    CIL library: CIL module
 0001:0002b3d6       ??__F?s_modreg_chain@RModuleReg@frames@ui@modules@UModSys@@2USModuleRegChain@base@5@A@@YAXXZ 1002c3d6 f    CIL library: CIL module
 0001:0002b3e0       ??__F?s_uid@RGenerator@frames@ui@modules@UModSys@@2USUniquePointer@core@5@A@@YAXXZ 1002c3e0 f    CIL library: CIL module
 0001:0002b3ea       ??__Fh@?1??s_holder@RGenerator@frames@ui@modules@UModSys@@SAAAU?$TTypeStaticHolder@URGenerator@frames@ui@modules@UModSys@@@tl@5@XZ@YAXXZ 1002c3ea f    CIL library: CIL module
 0001:0002b407       ??__F?s_id@?$TObjectUniqueID@URGenerator@frames@ui@modules@UModSys@@@tl@UModSys@@2USUniquePointer@core@3@A@@YAXXZ 1002c407 f    CIL library: CIL module
 0001:0002b411       ??__F?s_id@?$TObjectUniqueID@URCollector@frames@ui@modules@UModSys@@@tl@UModSys@@2USUniquePointer@core@3@A@@YAXXZ 1002c411 f    CIL library: CIL module
 0001:0002b41b       ??__F?s_id@?$TObjectUniqueID@URFrame_List@frames@ui@modules@UModSys@@@tl@UModSys@@2USUniquePointer@core@3@A@@YAXXZ 1002c41b f    CIL library: CIL module
 0001:0002b425       ??__F?s_id@?$TObjectUniqueID@URFrame_Edit@frames@ui@modules@UModSys@@@tl@UModSys@@2USUniquePointer@core@3@A@@YAXXZ 1002c425 f    CIL library: CIL module
 0001:0002b42f       ??__F?s_id@?$TObjectUniqueID@URFrame_Button@frames@ui@modules@UModSys@@@tl@UModSys@@2USUniquePointer@core@3@A@@YAXXZ 1002c42f f    CIL library: CIL module
 0001:0002b439       ??__F?s_id@?$TObjectUniqueID@URFrame_Text@frames@ui@modules@UModSys@@@tl@UModSys@@2USUniquePointer@core@3@A@@YAXXZ 1002c439 f    CIL library: CIL module
 0001:0002b443       ??__F?s_id@?$TObjectUniqueID@URFrame_Image@frames@ui@modules@UModSys@@@tl@UModSys@@2USUniquePointer@core@3@A@@YAXXZ 1002c443 f    CIL library: CIL module
 0001:0002b44d       ??__F?s_id@?$TObjectUniqueID@URFrame_Frame@frames@ui@modules@UModSys@@@tl@UModSys@@2USUniquePointer@core@3@A@@YAXXZ 1002c44d f    CIL library: CIL module
 0001:0002b457       ??__F?s_id@?$TObjectUniqueID@URDialog@frames@ui@modules@UModSys@@@tl@UModSys@@2USUniquePointer@core@3@A@@YAXXZ 1002c457 f    CIL library: CIL module
 0001:0002b461       ??__F?s_id@?$TObjectUniqueID@URFrame_Common@frames@ui@modules@UModSys@@@tl@UModSys@@2USUniquePointer@core@3@A@@YAXXZ 1002c461 f    CIL library: CIL module
 0001:0002b46b       ??__Fs_dbg@images_std@media@modules@UModSys@@YAXXZ 1002c46b f    CIL library: CIL module
 0001:0002b482       ??__F?s_modreg@RModuleReg@images_std@media@modules@UModSys@@2U12345@A@@YAXXZ 1002c482 f    CIL library: CIL module
 0001:0002b48d       ??__F?s_modreg_chain@RModuleReg@images_std@media@modules@UModSys@@2USModuleRegChain@base@5@A@@YAXXZ 1002c48d f    CIL library: CIL module
 0001:0002b497       ??__F?s_uid@RGenerator@images_std@media@modules@UModSys@@2USUniquePointer@core@5@A@@YAXXZ 1002c497 f    CIL library: CIL module
 0001:0002b4a1       ??__Fh@?1??s_holder@RGenerator@images_std@media@modules@UModSys@@SAAAU?$TTypeStaticHolder@URGenerator@images_std@media@modules@UModSys@@@tl@5@XZ@YAXXZ 1002c4a1 f    CIL library: CIL module
 0001:0002b4be       ??__F?s_id@?$TObjectUniqueID@URGenerator@images_std@media@modules@UModSys@@@tl@UModSys@@2USUniquePointer@core@3@A@@YAXXZ 1002c4be f    CIL library: CIL module
 0001:0002b4c8       ??__F?s_id@?$TObjectUniqueID@URMediaFilter@images_std@media@modules@UModSys@@@tl@UModSys@@2USUniquePointer@core@3@A@@YAXXZ 1002c4c8 f    CIL library: CIL module
 0001:0002b4d2       ??__Fs_dbg@serialize_json@media@modules@UModSys@@YAXXZ 1002c4d2 f    CIL library: CIL module
 0001:0002b4e9       ??__F?s_modreg@RModuleReg@serialize_json@media@modules@UModSys@@2U12345@A@@YAXXZ 1002c4e9 f    CIL library: CIL module
 0001:0002b4f4       ??__F?s_modreg_chain@RModuleReg@serialize_json@media@modules@UModSys@@2USModuleRegChain@base@5@A@@YAXXZ 1002c4f4 f    CIL library: CIL module
 0001:0002b4fe       ??__F?s_uid@RGenerator@serialize_json@media@modules@UModSys@@2USUniquePointer@core@5@A@@YAXXZ 1002c4fe f    CIL library: CIL module
 0001:0002b508       ??__Fh@?1??s_holder@RGenerator@serialize_json@media@modules@UModSys@@SAAAU?$TTypeStaticHolder@URGenerator@serialize_json@media@modules@UModSys@@@tl@5@XZ@YAXXZ 1002c508 f    CIL library: CIL module
 0001:0002b525       ??__F?s_id@?$TObjectUniqueID@URGenerator@serialize_json@media@modules@UModSys@@@tl@UModSys@@2USUniquePointer@core@3@A@@YAXXZ 1002c525 f    CIL library: CIL module
 0001:0002b52f       ??__F?s_id@?$TObjectUniqueID@URSerializeWriter@serialize_json@media@modules@UModSys@@@tl@UModSys@@2USUniquePointer@core@3@A@@YAXXZ 1002c52f f    CIL library: CIL module
 0001:0002b539       ??__F?s_id@?$TObjectUniqueID@URSerializeReader@serialize_json@media@modules@UModSys@@@tl@UModSys@@2USUniquePointer@core@3@A@@YAXXZ 1002c539 f    CIL library: CIL module
 0001:0002b543       ??__Fs_dbg@zlib@media@modules@UModSys@@YAXXZ 1002c543 f    CIL library: CIL module
 0001:0002b55a       ??__F?s_modreg@RModuleReg@zlib@media@modules@UModSys@@2U12345@A@@YAXXZ 1002c55a f    CIL library: CIL module
 0001:0002b565       ??__F?s_modreg_chain@RModuleReg@zlib@media@modules@UModSys@@2USModuleRegChain@base@5@A@@YAXXZ 1002c565 f    CIL library: CIL module
 0001:0002b56f       ??__F?s_uid@RGenerator@zlib@media@modules@UModSys@@2USUniquePointer@core@5@A@@YAXXZ 1002c56f f    CIL library: CIL module
 0001:0002b579       ??__Fh@?1??s_holder@RGenerator@zlib@media@modules@UModSys@@SAAAU?$TTypeStaticHolder@URGenerator@zlib@media@modules@UModSys@@@tl@5@XZ@YAXXZ 1002c579 f    CIL library: CIL module
 0001:0002b596       ??__F?s_id@?$TObjectUniqueID@URGenerator@zlib@media@modules@UModSys@@@tl@UModSys@@2USUniquePointer@core@3@A@@YAXXZ 1002c596 f    CIL library: CIL module
 0001:0002b5a0       ??__F?s_id@?$TObjectUniqueID@URBinArchiveFrameClient_ZIP@zlib@media@modules@UModSys@@@tl@UModSys@@2USUniquePointer@core@3@A@@YAXXZ 1002c5a0 f    CIL library: CIL module
 0001:0002b5aa       ??__FM@UModSys@@YAXXZ      1002c5aa f    CIL library: CIL module
 0001:0002b5ab       ??__F?root@SModuleRegChain@base@UModSys@@2U123@A@@YAXXZ 1002c5ab f    CIL library: CIL module
 0001:0002b5b5       ??__F?s_library@RModuleLibraryReg_Chain@base@UModSys@@2U123@A@@YAXXZ 1002c5b5 f    CIL library: CIL module
 0001:0002b5c0       ??__F?root@SUniquePointer@core@UModSys@@2U123@A@@YAXXZ 1002c5c0 f    CIL library: CIL module

 Exports

  ordinal    name

        1    _UModSys_Plugin_Entry2@0
