 plugin_test1

 Timestamp is 5273689c (Fri Nov 01 11:38:52 2013)

 Preferred load address is 10000000

 Start         Length     Name                   Class
 0001:00000000 00004007H .text                   CODE
 0001:00004007 000002bfH .text$x                 CODE
 0001:000042c6 0000043eH .text$yc                CODE
 0001:00004704 00000156H .text$yd                CODE
 0002:00000000 000000a0H .idata$5                DATA
 0002:000000a0 00000004H .CRT$XCA                DATA
 0002:000000a4 000001acH .CRT$XCU                DATA
 0002:00000250 00000004H .CRT$XCZ                DATA
 0002:00000254 00000004H .CRT$XIA                DATA
 0002:00000258 00000004H .CRT$XIAA               DATA
 0002:0000025c 00000004H .CRT$XIZ                DATA
 0002:00000260 00000bb0H .rdata                  DATA
 0002:00000e10 000005c4H .rdata$r                DATA
 0002:000013e0 00000054H .rdata$sxdata           DATA
 0002:00001434 00000004H .rtc$IAA                DATA
 0002:00001438 00000004H .rtc$IZZ                DATA
 0002:0000143c 00000004H .rtc$TAA                DATA
 0002:00001440 00000004H .rtc$TZZ                DATA
 0002:00001448 0000050cH .xdata$x                DATA
 0002:00001954 00000028H .idata$2                DATA
 0002:0000197c 00000014H .idata$3                DATA
 0002:00001990 000000a0H .idata$4                DATA
 0002:00001a30 000002faH .idata$6                DATA
 0002:00001d30 0000005cH .edata                  DATA
 0003:00000000 000003f0H .data                   DATA
 0003:000003f0 00000614H .bss                    DATA

  Address         Publics by Value              Rva+Base       Lib:Object

 0000:00000000       __except_list              00000000     <absolute>
 0000:00000015       ___safe_se_handler_count   00000015     <absolute>
 0000:00009876       __ldused                   00009876     <absolute>
 0000:00009876       __fltused                  00009876     <absolute>
 0000:00000000       ___ImageBase               10000000     <linker-defined>
 0001:00000000       ??0SMemShared@core@UModSys@@QAE@I@Z 10001000 f i plugin_test1.obj
 0001:0000002d       ??1SMemShared@core@UModSys@@QAE@XZ 1000102d f i plugin_test1.obj
 0001:0000002d       ??1SCMemShared@core@UModSys@@QAE@XZ 1000102d f i plugin_test1.obj
 0001:00000043       ??BSCMemShared@core@UModSys@@QBE?AUSCMem@12@XZ 10001043 f i plugin_test1.obj
 0001:00000073       ??6SUniquePtrList@core@UModSys@@QAEAAU012@PBUSUniquePointerInfo@12@@Z 10001073 f i plugin_test1.obj
 0001:000000a4       ??3IRoot@core@UModSys@@SAXPAXABUSIMemAlloc@12@@Z 100010a4 f i plugin_test1.obj
 0001:000000bd       ?_root_get_other_interface@IRefObject@core@UModSys@@IAEPAUIRoot@23@PBUSUniquePointerInfo@23@@Z 100010bd f i plugin_test1.obj
 0001:000000bd       ?_root_get_other_interface@IRefObject@core@UModSys@@IBEPBUIRoot@23@PBUSUniquePointerInfo@23@@Z 100010bd f i plugin_test1.obj
 0001:000000de       ?_root_is_interface_supported@IRefObject@core@UModSys@@SA_NPBUSUniquePointerInfo@23@@Z 100010de f i plugin_test1.obj
 0001:000000f5       ?bin_load@ILibrary@libmedia@UModSys@@QAE_NABU?$TString@U?$TSCoreConst@D@su@tl@UModSys@@U?$TComparerBinaryHash@D@234@@tl@3@AAUSCMemShared@core@3@ABU?$TFlags4State@USMediaFlagUid@libmedia@UModSys@@I@53@@Z 100010f5 f i plugin_test1.obj
 0001:00000120       ?bin_save@ILibrary@libmedia@UModSys@@QAE_NABU?$TString@U?$TSCoreConst@D@su@tl@UModSys@@U?$TComparerBinaryHash@D@234@@tl@3@ABUSCMemShared@core@3@ABU?$TFlags4State@USMediaFlagUid@libmedia@UModSys@@I@53@@Z 10001120 f i plugin_test1.obj
 0001:0000015c       ?mount_add@ILibraryBinTree@libmedia@UModSys@@QAE_NABU?$TString@U?$TSCoreConst@D@su@tl@UModSys@@U?$TComparerBinaryHash@D@234@@tl@3@PAUIBinArchive@23@H@Z 1000115c f i plugin_test1.obj
 0001:000001ca       ?mount_add@ILibraryBinTree@libmedia@UModSys@@QAE_NABU?$TString@U?$TSCoreConst@D@su@tl@UModSys@@U?$TComparerBinaryHash@D@234@@tl@3@HPAUIBinArchive@23@H@Z 100011ca f i plugin_test1.obj
 0001:0000023b       ?layer_push@ILibraryLayered@libmedia@UModSys@@QAE_NPAUILibrary@23@HABU?$TString@U?$TSCoreConst@D@su@tl@UModSys@@U?$TComparerBinaryHash@D@234@@tl@3@@Z 1000123b f i plugin_test1.obj
 0001:000002a3       ??1SLayer@ILibraryLayered@libmedia@UModSys@@QAE@XZ 100012a3 f i plugin_test1.obj
 0001:000002a3       ??1SPoint@ILibraryBinTree@libmedia@UModSys@@QAE@XZ 100012a3 f i plugin_test1.obj
 0001:000002b4       ?root_get_interface_info@RLines@test1@test@modules@UModSys@@UBEABUSUniquePointerInfo@core@5@XZ 100012b4 f i plugin_test1.obj
 0001:000002ba       ?root_get_interface_type@RLines@test1@test@modules@UModSys@@UBEPBUSUniquePointerInfo@core@5@XZ 100012ba f i plugin_test1.obj
 0001:000002c0       ?root_get_other_interface@RLines@test1@test@modules@UModSys@@UBEPBUIRoot@core@5@PBUSUniquePointerInfo@75@@Z 100012c0 f i plugin_test1.obj
 0001:000002c0       ?root_get_other_interface@RLines@test1@test@modules@UModSys@@UAEPAUIRoot@core@5@PBUSUniquePointerInfo@75@@Z 100012c0 f i plugin_test1.obj
 0001:000002e1       ?root_is_interface_supported@RLines@test1@test@modules@UModSys@@UBE_NPBUSUniquePointerInfo@core@5@@Z 100012e1 f i plugin_test1.obj
 0001:00000308       ?ref_add@RLines@test1@test@modules@UModSys@@UBEXXZ 10001308 f i plugin_test1.obj
 0001:0000030c       ?ref_remove@RLines@test1@test@modules@UModSys@@UBEXXZ 1000130c f i plugin_test1.obj
 0001:00000317       ?ref_links@RLines@test1@test@modules@UModSys@@UBEHXZ 10001317 f i plugin_test1.obj
 0001:0000031b       ?ref_weak@RLines@test1@test@modules@UModSys@@UBE_NAAUWeakPointer@IRefObject@core@5@@Z 1000131b f i plugin_test1.obj
 0001:0000033a       ?suicide@RLines@test1@test@modules@UModSys@@UAEXXZ 1000133a f i plugin_test1.obj
 0001:00000381       ??0RLines@test1@test@modules@UModSys@@QAE@PAUIModObject@base@4@ABUSParameters@core@4@@Z 10001381 f i plugin_test1.obj
 0001:000003e9       ??_ERLines@test1@test@modules@UModSys@@UAEPAXI@Z 100013e9 f i  CIL library: CIL module
 0001:000003e9       ??_GRLines@test1@test@modules@UModSys@@UAEPAXI@Z 100013e9 f i plugin_test1.obj
 0001:00000414       ??1ILines@test1@test@modules@UModSys@@UAE@XZ 10001414 f i plugin_test1.obj
 0001:00000423       ??_GILines@test1@test@modules@UModSys@@UAEPAXI@Z 10001423 f i plugin_test1.obj
 0001:00000423       ??_EILines@test1@test@modules@UModSys@@UAEPAXI@Z 10001423 f i  CIL library: CIL module
 0001:00000448       ??_EIRoot@core@UModSys@@UAEPAXI@Z 10001448 f i  CIL library: CIL module
 0001:00000448       ??_ERGenerator@test1@test@modules@UModSys@@UAEPAXI@Z 10001448 f i  CIL library: CIL module
 0001:00000448       ??_GRGenerator@test1@test@modules@UModSys@@UAEPAXI@Z 10001448 f i plugin_test1.obj
 0001:00000448       ??_GIRoot@core@UModSys@@UAEPAXI@Z 10001448 f i plugin_test1.obj
 0001:00000465       ?root_get_interface_info@RLines_Filter@test1@test@modules@UModSys@@UBEABUSUniquePointerInfo@core@5@XZ 10001465 f i plugin_test1.obj
 0001:0000046b       ?root_get_interface_type@RLines_Filter@test1@test@modules@UModSys@@UBEPBUSUniquePointerInfo@core@5@XZ 1000146b f i plugin_test1.obj
 0001:00000471       ?root_get_other_interface@RLines_Filter@test1@test@modules@UModSys@@UAEPAUIRoot@core@5@PBUSUniquePointerInfo@75@@Z 10001471 f i plugin_test1.obj
 0001:00000471       ?root_get_other_interface@RLines_Filter@test1@test@modules@UModSys@@UBEPBUIRoot@core@5@PBUSUniquePointerInfo@75@@Z 10001471 f i plugin_test1.obj
 0001:00000492       ?root_is_interface_supported@RLines_Filter@test1@test@modules@UModSys@@UBE_NPBUSUniquePointerInfo@core@5@@Z 10001492 f i plugin_test1.obj
 0001:000004b9       ?ref_add@RLines_Filter@test1@test@modules@UModSys@@UBEXXZ 100014b9 f i plugin_test1.obj
 0001:000004bd       ?ref_remove@RLines_Filter@test1@test@modules@UModSys@@UBEXXZ 100014bd f i plugin_test1.obj
 0001:000004c8       ?ref_links@RLines_Filter@test1@test@modules@UModSys@@UBEHXZ 100014c8 f i plugin_test1.obj
 0001:000004cc       ?ref_weak@RLines_Filter@test1@test@modules@UModSys@@UBE_NAAUWeakPointer@IRefObject@core@5@@Z 100014cc f i plugin_test1.obj
 0001:000004eb       ?suicide@RLines_Filter@test1@test@modules@UModSys@@UAEXXZ 100014eb f i plugin_test1.obj
 0001:00000532       ??0RLines_Filter@test1@test@modules@UModSys@@QAE@PAUIModObject@base@4@ABUSParameters@core@4@U?$TFlags4State@USMediaFlagUid@libmedia@UModSys@@I@tl@4@@Z 10001532 f i plugin_test1.obj
 0001:00000594       ?get_flag@RLines_Filter@test1@test@modules@UModSys@@UBE?AW4eStates@?$TFlags4State@USMediaFlagUid@libmedia@UModSys@@I@tl@5@H@Z 10001594 f i plugin_test1.obj
 0001:000005a7       ?get_flags_auto@RLines_Filter@test1@test@modules@UModSys@@UBE?AU?$TFlags4State@USMediaFlagUid@libmedia@UModSys@@I@tl@5@XZ 100015a7 f i plugin_test1.obj
 0001:000005b6       ?set_flag@RLines_Filter@test1@test@modules@UModSys@@UAE?AW4eStates@?$TFlags4State@USMediaFlagUid@libmedia@UModSys@@I@tl@5@HW46785@@Z 100015b6 f i plugin_test1.obj
 0001:000005e3       ?filter_load@RLines_Filter@test1@test@modules@UModSys@@UAE_NABUSInfo@IBinObjFilter@libmedia@5@AAU?$TRefObject@UIRefObject@core@UModSys@@U?$TRefObjectFunc@UIRefObject@core@UModSys@@@tl@3@@tl@5@@Z 100015e3 f i plugin_test1.obj
 0001:000006dc       ?filter_load@RLines_Filter@test1@test@modules@UModSys@@UAE_NABUSInfo@IBinObjFilter@libmedia@5@PAUIRefObject@core@5@@Z 100016dc f i plugin_test1.obj
 0001:000007b7       ?filter_save@RLines_Filter@test1@test@modules@UModSys@@UAE_NAAUSInfo@IBinObjFilter@libmedia@5@PBUIRefObject@core@5@@Z 100017b7 f i plugin_test1.obj
 0001:000008e6       ??_GRLines_Filter@test1@test@modules@UModSys@@UAEPAXI@Z 100018e6 f i plugin_test1.obj
 0001:000008e6       ??_ERLines_Filter@test1@test@modules@UModSys@@UAEPAXI@Z 100018e6 f i  CIL library: CIL module
 0001:0000090a       ??1IShell@base@UModSys@@UAE@XZ 1000190a f i plugin_test1.obj
 0001:0000090a       ??1IBinObjFilter@libmedia@UModSys@@UAE@XZ 1000190a f i plugin_test1.obj
 0001:00000911       ?root_get_interface_info@RTest1_Shell@test1@test@modules@UModSys@@UBEABUSUniquePointerInfo@core@5@XZ 10001911 f i plugin_test1.obj
 0001:00000917       ?root_get_interface_type@RTest1_Shell@test1@test@modules@UModSys@@UBEPBUSUniquePointerInfo@core@5@XZ 10001917 f i plugin_test1.obj
 0001:0000091d       ?root_get_other_interface@RTest1_Shell@test1@test@modules@UModSys@@UBEPBUIRoot@core@5@PBUSUniquePointerInfo@75@@Z 1000191d f i plugin_test1.obj
 0001:0000091d       ?root_get_other_interface@RTest1_Shell@test1@test@modules@UModSys@@UAEPAUIRoot@core@5@PBUSUniquePointerInfo@75@@Z 1000191d f i plugin_test1.obj
 0001:0000093e       ?root_is_interface_supported@RTest1_Shell@test1@test@modules@UModSys@@UBE_NPBUSUniquePointerInfo@core@5@@Z 1000193e f i plugin_test1.obj
 0001:00000965       ?ref_add@RTest1_Shell@test1@test@modules@UModSys@@UBEXXZ 10001965 f i plugin_test1.obj
 0001:00000965       ?ref_add@RGenerator@test1@test@modules@UModSys@@UBEXXZ 10001965 f i plugin_test1.obj
 0001:00000969       ?ref_remove@RTest1_Shell@test1@test@modules@UModSys@@UBEXXZ 10001969 f i plugin_test1.obj
 0001:00000969       ?ref_remove@RGenerator@test1@test@modules@UModSys@@UBEXXZ 10001969 f i plugin_test1.obj
 0001:00000974       ?ref_links@RGenerator@test1@test@modules@UModSys@@UBEHXZ 10001974 f i plugin_test1.obj
 0001:00000974       ?ref_links@RTest1_Shell@test1@test@modules@UModSys@@UBEHXZ 10001974 f i plugin_test1.obj
 0001:00000978       ?ref_weak@RTest1_Shell@test1@test@modules@UModSys@@UBE_NAAUWeakPointer@IRefObject@core@5@@Z 10001978 f i plugin_test1.obj
 0001:00000978       ?ref_weak@RGenerator@test1@test@modules@UModSys@@UBE_NAAUWeakPointer@IRefObject@core@5@@Z 10001978 f i plugin_test1.obj
 0001:00000997       ?suicide@RTest1_Shell@test1@test@modules@UModSys@@UAEXXZ 10001997 f i plugin_test1.obj
 0001:000009de       ??0RTest1_Shell@test1@test@modules@UModSys@@QAE@PAUIModObject@base@4@@Z 100019de f i plugin_test1.obj
 0001:00000ac3       ?connect@RTest1_Shell@test1@test@modules@UModSys@@UAE_NXZ 10001ac3 f i plugin_test1.obj
 0001:00000adb       ?disconnect@RTest1_Shell@test1@test@modules@UModSys@@UAE_NXZ 10001adb f i plugin_test1.obj
 0001:00000af3       ?process_tick@RTest1_Shell@test1@test@modules@UModSys@@UAE_NABUSTimeMsec@core@5@@Z 10001af3 f i plugin_test1.obj
 0001:00000b1e       ?process_command@RTest1_Shell@test1@test@modules@UModSys@@UAE_NHQBU?$TString@U?$TSCoreConst@D@su@tl@UModSys@@U?$TComparerBinaryHash@D@234@@tl@5@@Z 10001b1e f i plugin_test1.obj
 0001:00000b3c       ??_GRTest1_Shell@test1@test@modules@UModSys@@UAEPAXI@Z 10001b3c f i plugin_test1.obj
 0001:00000b3c       ??_ERTest1_Shell@test1@test@modules@UModSys@@UAEPAXI@Z 10001b3c f i  CIL library: CIL module
 0001:00000bb9       ?dump_str@RTest1_Shell@test1@test@modules@UModSys@@QAEXPBDI@Z 10001bb9 f   plugin_test1.obj
 0001:00000e4d       ?media_arch_stdio@RTest1_Shell@test1@test@modules@UModSys@@QAE?AU?$TRefObject@UIBinArchive@libmedia@UModSys@@U?$TRefObjectFunc@UIBinArchive@libmedia@UModSys@@@tl@3@@tl@5@ABU?$TString@U?$TSCoreConst@D@su@tl@UModSys@@U?$TComparerBinaryHash@D@234@@75@@Z 10001e4d f   plugin_test1.obj
 0001:00000f9c       ??1?$TParametersA@$0EAA@@core@UModSys@@QAE@XZ 10001f9c f i plugin_test1.obj
 0001:00000fa9       ?media_vfs@RTest1_Shell@test1@test@modules@UModSys@@QAE?AU?$TRefObject@UILibraryBinTree@libmedia@UModSys@@U?$TRefObjectFunc@UILibraryBinTree@libmedia@UModSys@@@tl@3@@tl@5@XZ 10001fa9 f   plugin_test1.obj
 0001:000010da       ?media_flt@RTest1_Shell@test1@test@modules@UModSys@@QAE?AU?$TRefObject@UILibraryObjFilter@libmedia@UModSys@@U?$TRefObjectFunc@UILibraryObjFilter@libmedia@UModSys@@@tl@3@@tl@5@XZ 100020da f   plugin_test1.obj
 0001:0000120b       ?media_lay@RTest1_Shell@test1@test@modules@UModSys@@QAE?AU?$TRefObject@UILibraryLayered@libmedia@UModSys@@U?$TRefObjectFunc@UILibraryLayered@libmedia@UModSys@@@tl@3@@tl@5@XZ 1000220b f   plugin_test1.obj
 0001:0000133c       ?media_cache@RTest1_Shell@test1@test@modules@UModSys@@QAE?AU?$TRefObject@UILibrary@libmedia@UModSys@@U?$TRefObjectFunc@UILibrary@libmedia@UModSys@@@tl@3@@tl@5@_N@Z 1000233c f   plugin_test1.obj
 0001:00001536       ?test_op_file@RTest1_Shell@test1@test@modules@UModSys@@QAEX_NABU?$TString@U?$TSCoreConst@D@su@tl@UModSys@@U?$TComparerBinaryHash@D@234@@tl@5@1@Z 10002536 f   plugin_test1.obj
 0001:00001562       ?test_op_file@RTest1_Shell@test1@test@modules@UModSys@@QAEX_NABU?$TString@U?$TSCoreConst@D@su@tl@UModSys@@U?$TComparerBinaryHash@D@234@@tl@5@AAUSCMemShared@core@5@0@Z 10002562 f   plugin_test1.obj
 0001:00001614       ?file_test1@RTest1_Shell@test1@test@modules@UModSys@@QAEXXZ 10002614 f   plugin_test1.obj
 0001:000018ca       ?file_test2@RTest1_Shell@test1@test@modules@UModSys@@QAEXXZ 100028ca f   plugin_test1.obj
 0001:00001b46       ?file_test3@RTest1_Shell@test1@test@modules@UModSys@@QAEXXZ 10002b46 f   plugin_test1.obj
 0001:00001cd6       ?file_test4@RTest1_Shell@test1@test@modules@UModSys@@QAEXXZ 10002cd6 f   plugin_test1.obj
 0001:0000209a       ?file_test5@RTest1_Shell@test1@test@modules@UModSys@@QAEXXZ 1000309a f   plugin_test1.obj
 0001:00002859       ?get_generated_names@RGenerator@test1@test@modules@UModSys@@UBEHAAUSUniquePtrList@core@5@@Z 10003859 f i plugin_test1.obj
 0001:00002872       ?get_generated_types@RGenerator@test1@test@modules@UModSys@@UBEHAAUSUniquePtrList@core@5@PBUSUniquePointerInfo@75@@Z 10003872 f i plugin_test1.obj
 0001:000028b6       ?generate@RGenerator@test1@test@modules@UModSys@@UAE_NAAU?$TRefObject@UIRefObject@core@UModSys@@U?$TRefObjectFunc@UIRefObject@core@UModSys@@@tl@3@@tl@5@PBUSUniquePointerInfo@core@5@ABUSParameters@95@@Z 100038b6 f i plugin_test1.obj
 0001:0000294b       ?root_get_interface_info@RGenerator@test1@test@modules@UModSys@@UBEABUSUniquePointerInfo@core@5@XZ 1000394b f i plugin_test1.obj
 0001:00002951       ?root_get_interface_type@RGenerator@test1@test@modules@UModSys@@UBEPBUSUniquePointerInfo@core@5@XZ 10003951 f i plugin_test1.obj
 0001:00002957       ?root_get_interface_types@RTest1_Shell@test1@test@modules@UModSys@@UBEIAAUSUniquePtrList@core@5@@Z 10003957 f i plugin_test1.obj
 0001:00002957       ?root_get_interface_types@RLines_Filter@test1@test@modules@UModSys@@UBEIAAUSUniquePtrList@core@5@@Z 10003957 f i plugin_test1.obj
 0001:00002957       ?root_get_interface_types@RGenerator@test1@test@modules@UModSys@@UBEIAAUSUniquePtrList@core@5@@Z 10003957 f i plugin_test1.obj
 0001:00002957       ?root_get_interface_types@RLines@test1@test@modules@UModSys@@UBEIAAUSUniquePtrList@core@5@@Z 10003957 f i plugin_test1.obj
 0001:0000295c       ?root_get_other_interface@RGenerator@test1@test@modules@UModSys@@UAEPAUIRoot@core@5@PBUSUniquePointerInfo@75@@Z 1000395c f i plugin_test1.obj
 0001:0000295c       ?root_get_other_interface@RGenerator@test1@test@modules@UModSys@@UBEPBUIRoot@core@5@PBUSUniquePointerInfo@75@@Z 1000395c f i plugin_test1.obj
 0001:00002985       ?root_is_interface_supported@RGenerator@test1@test@modules@UModSys@@UBE_NPBUSUniquePointerInfo@core@5@@Z 10003985 f i plugin_test1.obj
 0001:000029b4       ?suicide@RGenerator@test1@test@modules@UModSys@@UAEXXZ 100039b4 f i plugin_test1.obj
 0001:000029b5       ?get_uid@RGenerator@test1@test@modules@UModSys@@UBEPBUSUniquePointerInfo@core@5@XZ 100039b5 f i plugin_test1.obj
 0001:000029bb       ?do_open@RModuleReg@test1@test@modules@UModSys@@UAE_NXZ 100039bb f i plugin_test1.obj
 0001:00002a1b       ?do_close@RModuleReg@test1@test@modules@UModSys@@UAE_NXZ 10003a1b f i plugin_test1.obj
 0001:00002a6a       ??_EIModuleReg@base@UModSys@@UAEPAXI@Z 10003a6a f i  CIL library: CIL module
 0001:00002a6a       ??_GIModuleReg@base@UModSys@@UAEPAXI@Z 10003a6a f i umodsys_lib_base:umodsys.base.modulereg.obj
 0001:00002a6a       ??_GRModuleReg@test1@test@modules@UModSys@@UAEPAXI@Z 10003a6a f i plugin_test1.obj
 0001:00002a6a       ??_ERModuleReg@test1@test@modules@UModSys@@UAEPAXI@Z 10003a6a f i  CIL library: CIL module
 0001:00002a87       ?get_module@RGenerator@test1@test@modules@UModSys@@UBEPAUIModule@base@5@XZ 10003a87 f   plugin_test1.obj
 0001:00002a8d       ?mod_inc@RGenerator@test1@test@modules@UModSys@@UBE_NXZ 10003a8d f   plugin_test1.obj
 0001:00002a98       ?mod_dec@RGenerator@test1@test@modules@UModSys@@UBE_NXZ 10003a98 f   plugin_test1.obj
 0001:00002aa3       ?s_holder@RGenerator@test1@test@modules@UModSys@@SAAAU?$TTypeStaticHolder@URGenerator@test1@test@modules@UModSys@@@tl@5@XZ 10003aa3 f   plugin_test1.obj
 0001:00002ad5       ??0?$TString@U?$TSCoreShared@USIMemAlloc@core@UModSys@@D@su@tl@UModSys@@U?$TComparerBinaryHash@D@234@@tl@UModSys@@QAE@PBDI@Z 10003ad5 f i plugin_test1.obj
 0001:00002b6f       ??1?$TSCoreShared@USIMemAlloc@core@UModSys@@D@su@tl@UModSys@@QAE@XZ 10003b6f f i plugin_test1.obj
 0001:00002b74       ??0?$TParametersA@$0EAA@@core@UModSys@@QAE@XZ 10003b74 f i plugin_test1.obj
 0001:00002ba3       ??1?$TRefObject@UIBinArchive@libmedia@UModSys@@U?$TRefObjectFunc@UIBinArchive@libmedia@UModSys@@@tl@3@@tl@UModSys@@QAE@XZ 10003ba3 f i plugin_test1.obj
 0001:00002ba3       ??1?$TRefObject@UILibraryLayered@libmedia@UModSys@@U?$TRefObjectFunc@UILibraryLayered@libmedia@UModSys@@@tl@3@@tl@UModSys@@QAE@XZ 10003ba3 f i plugin_test1.obj
 0001:00002ba3       ??1?$TRefObject@UILines@test1@test@modules@UModSys@@U?$TRefObjectFunc@UILines@test1@test@modules@UModSys@@@tl@5@@tl@UModSys@@QAE@XZ 10003ba3 f i plugin_test1.obj
 0001:00002ba3       ??1?$TRefObject@UILibraryObjFilter@libmedia@UModSys@@U?$TRefObjectFunc@UILibraryObjFilter@libmedia@UModSys@@@tl@3@@tl@UModSys@@QAE@XZ 10003ba3 f i plugin_test1.obj
 0001:00002ba3       ??1?$TRefObject@UILibraryBinTree@libmedia@UModSys@@U?$TRefObjectFunc@UILibraryBinTree@libmedia@UModSys@@@tl@3@@tl@UModSys@@QAE@XZ 10003ba3 f i plugin_test1.obj
 0001:00002ba3       ??1?$TRefObject@UIStreamReader@libmedia@UModSys@@U?$TRefObjectFunc@UIStreamReader@libmedia@UModSys@@@tl@3@@tl@UModSys@@QAE@XZ 10003ba3 f i plugin_test1.obj
 0001:00002ba3       ??1?$TRefObject@UILibraryBinCache@libmedia@UModSys@@U?$TRefObjectFunc@UILibraryBinCache@libmedia@UModSys@@@tl@3@@tl@UModSys@@QAE@XZ 10003ba3 f i plugin_test1.obj
 0001:00002ba3       ??1?$TRefObject@UILibrary@libmedia@UModSys@@U?$TRefObjectFunc@UILibrary@libmedia@UModSys@@@tl@3@@tl@UModSys@@QAE@XZ 10003ba3 f i plugin_test1.obj
 0001:00002ba3       ??1?$TRefObject@UIRefObject@core@UModSys@@U?$TRefObjectFunc@UIRefObject@core@UModSys@@@tl@3@@tl@UModSys@@QAE@XZ 10003ba3 f i plugin_test1.obj
 0001:00002ba3       ??1?$TRefObject@UIStreamWriter@libmedia@UModSys@@U?$TRefObjectFunc@UIStreamWriter@libmedia@UModSys@@@tl@3@@tl@UModSys@@QAE@XZ 10003ba3 f i plugin_test1.obj
 0001:00002ba3       ??1?$TRefObject@UIBinObjFilter@libmedia@UModSys@@U?$TRefObjectFunc@UIBinObjFilter@libmedia@UModSys@@@tl@3@@tl@UModSys@@QAE@XZ 10003ba3 f i plugin_test1.obj
 0001:00002ba3       ??1?$TRefObject@UILibraryObjCache@libmedia@UModSys@@U?$TRefObjectFunc@UILibraryObjCache@libmedia@UModSys@@@tl@3@@tl@UModSys@@QAE@XZ 10003ba3 f i plugin_test1.obj
 0001:00002bb2       ?set@?$TString@U?$TSCoreConst@D@su@tl@UModSys@@U?$TComparerBinaryHash@D@234@@tl@UModSys@@QAEXPBD@Z 10003bb2 f i plugin_test1.obj
 0001:00002bdb       ??1?$TDynarray@U?$TDynarrayHolderDynamic@U?$TString@U?$TSCoreShared@USIMemAlloc@core@UModSys@@D@su@tl@UModSys@@U?$TComparerBinaryHash@D@234@@tl@UModSys@@U?$TAllocator@USIMemAlloc@core@UModSys@@USCountCalcPower2@23@@23@@tl@UModSys@@@tl@UModSys@@QAE@XZ 10003bdb f i plugin_test1.obj
 0001:00002c20       ?update@?$TComparerBinaryHash@D@su@tl@UModSys@@QAEXPBDI@Z 10003c20 f i plugin_test1.obj
 0001:00002c4c       ?info_release@?$TSCoreShared@USIMemAlloc@core@UModSys@@D@su@tl@UModSys@@QAEXXZ 10003c4c f i plugin_test1.obj
 0001:00002c7c       ?Push@?$TDynarray@U?$TDynarrayHolderDynamic@U?$TString@U?$TSCoreShared@USIMemAlloc@core@UModSys@@D@su@tl@UModSys@@U?$TComparerBinaryHash@D@234@@tl@UModSys@@U?$TAllocator@USIMemAlloc@core@UModSys@@USCountCalcPower2@23@@23@@tl@UModSys@@@tl@UModSys@@QAE_NABU?$TString@U?$TSCoreShared@USIMemAlloc@core@UModSys@@D@su@tl@UModSys@@U?$TComparerBinaryHash@D@234@@23@@Z 10003c7c f i plugin_test1.obj
 0001:00002cd6       ?ResizeRel@?$TDynarray@U?$TDynarrayHolderDynamic@U?$TString@U?$TSCoreShared@USIMemAlloc@core@UModSys@@D@su@tl@UModSys@@U?$TComparerBinaryHash@D@234@@tl@UModSys@@U?$TAllocator@USIMemAlloc@core@UModSys@@USCountCalcPower2@23@@23@@tl@UModSys@@@tl@UModSys@@QAE_NH@Z 10003cd6 f i plugin_test1.obj
 0001:00002d65       ??$t_generate@UIBinArchive@libmedia@UModSys@@@SModuleContext@base@UModSys@@QAE_NAAU?$TRefObject@UIBinArchive@libmedia@UModSys@@U?$TRefObjectFunc@UIBinArchive@libmedia@UModSys@@@tl@3@@tl@2@PBUSUniquePointerInfo@core@2@ABUSParameters@62@@Z 10003d65 f i plugin_test1.obj
 0001:00002e01       ??$t_generate@UILibraryBinTree@libmedia@UModSys@@@SModuleContext@base@UModSys@@QAE_NAAU?$TRefObject@UILibraryBinTree@libmedia@UModSys@@U?$TRefObjectFunc@UILibraryBinTree@libmedia@UModSys@@@tl@3@@tl@2@PBUSUniquePointerInfo@core@2@ABUSParameters@62@@Z 10003e01 f i plugin_test1.obj
 0001:00002e9d       ??$t_generate@UILibraryObjFilter@libmedia@UModSys@@@SModuleContext@base@UModSys@@QAE_NAAU?$TRefObject@UILibraryObjFilter@libmedia@UModSys@@U?$TRefObjectFunc@UILibraryObjFilter@libmedia@UModSys@@@tl@3@@tl@2@PBUSUniquePointerInfo@core@2@ABUSParameters@62@@Z 10003e9d f i plugin_test1.obj
 0001:00002f39       ??$t_generate@UILibraryLayered@libmedia@UModSys@@@SModuleContext@base@UModSys@@QAE_NAAU?$TRefObject@UILibraryLayered@libmedia@UModSys@@U?$TRefObjectFunc@UILibraryLayered@libmedia@UModSys@@@tl@3@@tl@2@PBUSUniquePointerInfo@core@2@ABUSParameters@62@@Z 10003f39 f i plugin_test1.obj
 0001:00002fd5       ??$t_generate@UILibraryObjCache@libmedia@UModSys@@@SModuleContext@base@UModSys@@QAE_NAAU?$TRefObject@UILibraryObjCache@libmedia@UModSys@@U?$TRefObjectFunc@UILibraryObjCache@libmedia@UModSys@@@tl@3@@tl@2@PBUSUniquePointerInfo@core@2@ABUSParameters@62@@Z 10003fd5 f i plugin_test1.obj
 0001:00003071       ??$t_generate@UILibraryBinCache@libmedia@UModSys@@@SModuleContext@base@UModSys@@QAE_NAAU?$TRefObject@UILibraryBinCache@libmedia@UModSys@@U?$TRefObjectFunc@UILibraryBinCache@libmedia@UModSys@@@tl@3@@tl@2@PBUSUniquePointerInfo@core@2@ABUSParameters@62@@Z 10004071 f i plugin_test1.obj
 0001:0000310d       ??$t_generate@UIStreamReader@libmedia@UModSys@@@SModuleContext@base@UModSys@@QAE_NAAU?$TRefObject@UIStreamReader@libmedia@UModSys@@U?$TRefObjectFunc@UIStreamReader@libmedia@UModSys@@@tl@3@@tl@2@PBUSUniquePointerInfo@core@2@ABUSParameters@62@@Z 1000410d f i plugin_test1.obj
 0001:000031a9       ??$t_generate@UIStreamWriter@libmedia@UModSys@@@SModuleContext@base@UModSys@@QAE_NAAU?$TRefObject@UIStreamWriter@libmedia@UModSys@@U?$TRefObjectFunc@UIStreamWriter@libmedia@UModSys@@@tl@3@@tl@2@PBUSUniquePointerInfo@core@2@ABUSParameters@62@@Z 100041a9 f i plugin_test1.obj
 0001:00003245       ??$t_obj_get@UILines@test1@test@modules@UModSys@@@ILibrary@libmedia@UModSys@@QAE_NABU?$TString@U?$TSCoreConst@D@su@tl@UModSys@@U?$TComparerBinaryHash@D@234@@tl@2@AAU?$TRefObject@UILines@test1@test@modules@UModSys@@U?$TRefObjectFunc@UILines@test1@test@modules@UModSys@@@tl@5@@42@U?$TFlags4State@USMediaFlagUid@libmedia@UModSys@@I@42@PBUSParameters@core@2@0@Z 10004245 f i plugin_test1.obj
 0001:00003304       ?ReLink@?$TDynarray@U?$TDynarrayHolderDynamic@U?$TString@U?$TSCoreShared@USIMemAlloc@core@UModSys@@D@su@tl@UModSys@@U?$TComparerBinaryHash@D@234@@tl@UModSys@@U?$TAllocator@USIMemAlloc@core@UModSys@@USCountCalcPower2@23@@23@@tl@UModSys@@@tl@UModSys@@IAE_NI@Z 10004304 f i plugin_test1.obj
 0001:00003346       ??1?$TRefObject@UIModObject@base@UModSys@@U?$TModObjectFunc@UIModObject@base@UModSys@@@tl@3@@tl@UModSys@@QAE@XZ 10004346 f i plugin_test1.obj
 0001:0000335c       ?Link@SModuleContext@base@UModSys@@QAEXPAUISystem@23@PAUIMemAlloc@core@3@@Z 1000435c f   umodsys_lib_base:umodsys.base.modulecontext.obj
 0001:000033a8       ?s_get@SModuleRegChain@base@UModSys@@SAPAUIModuleReg@23@I@Z 100043a8 f   umodsys_lib_base:umodsys.base.moduleregchain.obj
 0001:000033cc       ?mlr_count@RModuleLibraryReg_Chain@base@UModSys@@UBEIXZ 100043cc f   umodsys_lib_base:umodsys.base.moduleregchain.obj
 0001:000033df       ?mlr_get@RModuleLibraryReg_Chain@base@UModSys@@UBEPAUIModuleReg@23@I@Z 100043df f   umodsys_lib_base:umodsys.base.moduleregchain.obj
 0001:000033ec       ?mlr_open@RModuleLibraryReg_Chain@base@UModSys@@UAE_NPAUISystem@23@PAUIMemAlloc@core@3@@Z 100043ec f   umodsys_lib_base:umodsys.base.moduleregchain.obj
 0001:00003449       ?mlr_close@RModuleLibraryReg_Chain@base@UModSys@@UAE_NXZ 10004449 f   umodsys_lib_base:umodsys.base.moduleregchain.obj
 0001:000034a6       ?mlr_isopen@RModuleLibraryReg_Chain@base@UModSys@@UBE_NXZ 100044a6 f   umodsys_lib_base:umodsys.base.moduleregchain.obj
 0001:000034b2       ??_GIModuleLibraryReg@base@UModSys@@UAEPAXI@Z 100044b2 f i umodsys_lib_base:umodsys.base.modulereg.obj
 0001:000034b2       ??_EIModuleLibraryReg@base@UModSys@@UAEPAXI@Z 100044b2 f i  CIL library: CIL module
 0001:000034b2       ??_GRModuleLibraryReg_Chain@base@UModSys@@UAEPAXI@Z 100044b2 f i umodsys_lib_base:umodsys.base.moduleregchain.obj
 0001:000034b2       ??_ERModuleLibraryReg_Chain@base@UModSys@@UAEPAXI@Z 100044b2 f i  CIL library: CIL module
 0001:000034cf       _UModSys_Plugin_Entry2@0   100044cf f   umodsys_lib_base:umodsys.so_main.win32.obj
 0001:000034d5       ?mr_isopen@IModuleReg@base@UModSys@@UBE_NXZ 100044d5 f   umodsys_lib_base:umodsys.base.modulereg.obj
 0001:000034de       ?mr_open@IModuleReg@base@UModSys@@UAE_NXZ 100044de f   umodsys_lib_base:umodsys.base.modulereg.obj
 0001:000034f9       ?mr_close@IModuleReg@base@UModSys@@UAE_NXZ 100044f9 f   umodsys_lib_base:umodsys.base.modulereg.obj
 0001:00003506       ??0SUniquePointer@core@UModSys@@QAE@PBD0H@Z 10004506 f   umodsys_lib_core:umodsys.core.uniqueptr.obj
 0001:00003549       ??1SModuleRegChain@base@UModSys@@QAE@XZ 10004549 f   umodsys_lib_base:umodsys.base.moduleregchain.obj
 0001:00003549       ??1SUniquePointer@core@UModSys@@QAE@XZ 10004549 f   umodsys_lib_core:umodsys.core.uniqueptr.obj
 0001:00003567       ?suicide@IRoot@core@UModSys@@UAEXXZ 10004567 f   umodsys_lib_core:umodsys.core.objects.obj
 0001:00003572       ??3IRoot@core@UModSys@@SAXPAX@Z 10004572 f   umodsys_lib_core:umodsys.core.objects.obj
 0001:0000358b       ?Find@?$TSet@U?$TArray@PBUSUniquePointerInfo@core@UModSys@@@tl@UModSys@@U?$TScalarCompare@PBUSUniquePointerInfo@core@UModSys@@@core@3@@tl@UModSys@@QBEPBQBUSUniquePointerInfo@core@3@ABQBU453@@Z 1000458b f i umodsys_lib_core:umodsys.core.uniqueptrlist.obj
 0001:00003612       __onexit                   10004612 f   MSVCRT:atonexit.obj
 0001:000036b7       _atexit                    100046b7 f   MSVCRT:atonexit.obj
 0001:000036ce       __purecall                 100046ce f   MSVCRT:MSVCR90.dll
 0001:000036d4       ??3@YAXPAX@Z               100046d4 f   MSVCRT:MSVCR90.dll
 0001:000036da       ??_Etype_info@@UAEPAXI@Z   100046da f i MSVCRT:ti_inst.obj
 0001:00003775       __CRT_INIT@12              10004775 f   MSVCRT:crtdll.obj
 0001:00003ab1       __DllMainCRTStartup@12     10004ab1 f   MSVCRT:crtdll.obj
 0001:00003ad4       __unlock                   10004ad4 f   MSVCRT:MSVCR90.dll
 0001:00003ada       ___dllonexit               10004ada f   MSVCRT:MSVCR90.dll
 0001:00003ae0       __lock                     10004ae0 f   MSVCRT:MSVCR90.dll
 0001:00003ae8       __SEH_prolog4              10004ae8 f   MSVCRT:sehprolg4.obj
 0001:00003b2d       __SEH_epilog4              10004b2d f   MSVCRT:sehprolg4.obj
 0001:00003b41       __except_handler4          10004b41 f   MSVCRT:chandler4gs.obj
 0001:00003b66       ?__ArrayUnwind@@YGXPAXIHP6EX0@Z@Z 10004b66 f   MSVCRT:ehvecdtr.obj
 0001:00003bc4       ??_M@YGXPAXIHP6EX0@Z@Z     10004bc4 f   MSVCRT:ehvecdtr.obj
 0001:00003c27       ___clean_type_info_names   10004c27 f   MSVCRT:tncleanup.obj
 0001:00003c33       __RTC_Initialize           10004c33 f   MSVCRT:_initsect_.obj
 0001:00003c59       __RTC_Terminate            10004c59 f   MSVCRT:_initsect_.obj
 0001:00003c80       __ValidateImageBase        10004c80 f   MSVCRT:pesect.obj
 0001:00003cc0       __FindPESection            10004cc0 f   MSVCRT:pesect.obj
 0001:00003d10       __IsNonwritableInCurrentImage 10004d10 f   MSVCRT:pesect.obj
 0001:00003dce       __initterm                 10004dce f   MSVCRT:MSVCR90.dll
 0001:00003dd4       __initterm_e               10004dd4 f   MSVCRT:MSVCR90.dll
 0001:00003dda       __amsg_exit                10004dda f   MSVCRT:MSVCR90.dll
 0001:00003de0       ___CppXcptFilter           10004de0 f   MSVCRT:MSVCR90.dll
 0001:00003de6       _DllMain@12                10004de6 f   MSVCRT:dllmain.obj
 0001:00003e0a       ___security_init_cookie    10004e0a f   MSVCRT:gs_support.obj
 0001:00003ea0       @__security_check_cookie@4 10004ea0 f   MSVCRT:secchk.obj
 0001:00003eb0       __except_handler4_common   10004eb0 f   MSVCRT:MSVCR90.dll
 0001:00003eb6       ?terminate@@YAXXZ          10004eb6 f   MSVCRT:MSVCR90.dll
 0001:00003ebc       ?_type_info_dtor_internal_method@type_info@@QAEXXZ 10004ebc f   MSVCRT:MSVCR90.dll
 0001:00003ebc       ??1type_info@@UAE@XZ       10004ebc f   MSVCRT:MSVCR90.dll
 0001:00003ec2       ___clean_type_info_names_internal 10004ec2 f   MSVCRT:MSVCR90.dll
 0001:00003ec8       ___report_gsfailure        10004ec8 f   MSVCRT:gs_report.obj
 0001:00003fce       __crt_debugger_hook        10004fce f   MSVCRT:MSVCR90.dll
 0001:00003fd4       _memcpy                    10004fd4 f   MSVCRT:MSVCR90.dll
 0001:00003fe0       ___CxxFrameHandler3        10004fe0 f   MSVCRT:MSVCR90.dll
 0001:00003fe8       __EH_prolog                10004fe8 f   MSVCRT:ehprolog.obj
 0002:00000000       __imp__SetUnhandledExceptionFilter@4 10006000     kernel32:KERNEL32.dll
 0002:00000004       __imp__UnhandledExceptionFilter@4 10006004     kernel32:KERNEL32.dll
 0002:00000008       __imp__GetCurrentProcess@0 10006008     kernel32:KERNEL32.dll
 0002:0000000c       __imp__TerminateProcess@8  1000600c     kernel32:KERNEL32.dll
 0002:00000010       __imp__GetSystemTimeAsFileTime@4 10006010     kernel32:KERNEL32.dll
 0002:00000014       __imp__GetCurrentProcessId@0 10006014     kernel32:KERNEL32.dll
 0002:00000018       __imp__GetCurrentThreadId@0 10006018     kernel32:KERNEL32.dll
 0002:0000001c       __imp__GetTickCount@0      1000601c     kernel32:KERNEL32.dll
 0002:00000020       __imp__QueryPerformanceCounter@4 10006020     kernel32:KERNEL32.dll
 0002:00000024       __imp__DisableThreadLibraryCalls@4 10006024     kernel32:KERNEL32.dll
 0002:00000028       __imp__InterlockedCompareExchange@12 10006028     kernel32:KERNEL32.dll
 0002:0000002c       __imp__Sleep@4             1000602c     kernel32:KERNEL32.dll
 0002:00000030       __imp__InterlockedExchange@8 10006030     kernel32:KERNEL32.dll
 0002:00000034       __imp__IsDebuggerPresent@0 10006034     kernel32:KERNEL32.dll
 0002:00000038       \177KERNEL32_NULL_THUNK_DATA 10006038     kernel32:KERNEL32.dll
 0002:0000003c       __imp___adjust_fdiv        1000603c     MSVCRT:MSVCR90.dll
 0002:00000040       __imp____CppXcptFilter     10006040     MSVCRT:MSVCR90.dll
 0002:00000044       __imp___amsg_exit          10006044     MSVCRT:MSVCR90.dll
 0002:00000048       __imp_?terminate@@YAXXZ    10006048     MSVCRT:MSVCR90.dll
 0002:0000004c       __imp_?_type_info_dtor_internal_method@type_info@@QAEXXZ 1000604c     MSVCRT:MSVCR90.dll
 0002:00000050       __imp____clean_type_info_names_internal 10006050     MSVCRT:MSVCR90.dll
 0002:00000054       __imp___crt_debugger_hook  10006054     MSVCRT:MSVCR90.dll
 0002:00000058       __imp___initterm_e         10006058     MSVCRT:MSVCR90.dll
 0002:0000005c       __imp___initterm           1000605c     MSVCRT:MSVCR90.dll
 0002:00000060       __imp___encoded_null       10006060     MSVCRT:MSVCR90.dll
 0002:00000064       __imp__free                10006064     MSVCRT:MSVCR90.dll
 0002:00000068       __imp___malloc_crt         10006068     MSVCRT:MSVCR90.dll
 0002:0000006c       __imp___decode_pointer     1000606c     MSVCRT:MSVCR90.dll
 0002:00000070       __imp___onexit             10006070     MSVCRT:MSVCR90.dll
 0002:00000074       __imp___lock               10006074     MSVCRT:MSVCR90.dll
 0002:00000078       __imp___encode_pointer     10006078     MSVCRT:MSVCR90.dll
 0002:0000007c       __imp____dllonexit         1000607c     MSVCRT:MSVCR90.dll
 0002:00000080       __imp___unlock             10006080     MSVCRT:MSVCR90.dll
 0002:00000084       __imp_??3@YAXPAX@Z         10006084     MSVCRT:MSVCR90.dll
 0002:00000088       __imp___purecall           10006088     MSVCRT:MSVCR90.dll
 0002:0000008c       __imp___except_handler4_common 1000608c     MSVCRT:MSVCR90.dll
 0002:00000090       __imp__strncmp             10006090     MSVCRT:MSVCR90.dll
 0002:00000094       __imp__memcpy              10006094     MSVCRT:MSVCR90.dll
 0002:00000098       __imp____CxxFrameHandler3  10006098     MSVCRT:MSVCR90.dll
 0002:0000009c       \177MSVCR90_NULL_THUNK_DATA 1000609c     MSVCRT:MSVCR90.dll
 0002:000000a0       ___xc_a                    100060a0     MSVCRT:cinitexe.obj
 0002:00000250       ___xc_z                    10006250     MSVCRT:cinitexe.obj
 0002:00000254       ___xi_a                    10006254     MSVCRT:cinitexe.obj
 0002:0000025c       ___xi_z                    1000625c     MSVCRT:cinitexe.obj
 0002:00000264       ??_7type_info@@6B@         10006264     MSVCRT:ti_inst.obj
 0002:00000268       __pDefaultRawDllMain       10006268     MSVCRT:crtdll.obj
 0002:00000268       __pRawDllMain              10006268     MSVCRT:crtdll.obj
 0002:00000274       ??_C@_0P@GHFPNOJB@bad?5allocation?$AA@ 10006274     plugin_test1.obj
 0002:00000284       ??_C@_0BF@OCNNAADO@UModSys?3?3core?3?3IRoot?$AA@ 10006284     plugin_test1.obj
 0002:0000029c       ??_C@_0BK@EMIJFOPA@UModSys?3?3core?3?3IRefObject?$AA@ 1000629c     plugin_test1.obj
 0002:000002b8       ??_C@_0BL@IOMMHELF@UModSys?3?3core?3?3IParameters?$AA@ 100062b8     plugin_test1.obj
 0002:000002d4       ??_C@_0BH@LKDEEPPM@UModSys?3?3base?3?3IModule?$AA@ 100062d4     plugin_test1.obj
 0002:000002ec       ??_C@_0BO@PHJOHFCB@UModSys?3?3base?3?3IModuleLibrary?$AA@ 100062ec     plugin_test1.obj
 0002:0000030c       ??_C@_0BK@FDPIOPHG@UModSys?3?3base?3?3IModObject?$AA@ 1000630c     plugin_test1.obj
 0002:00000328       ??_C@_0BK@OIBKNCKJ@UModSys?3?3base?3?3IGenerator?$AA@ 10006328     plugin_test1.obj
 0002:00000344       ??_C@_0BG@PJBGCMEC@UModSys?3?3base?3?3IShell?$AA@ 10006344     plugin_test1.obj
 0002:0000035c       ??_C@_0BI@IKAOEFAP@UModSys?3?3base?3?3IConsole?$AA@ 1000635c     plugin_test1.obj
 0002:00000374       ??_C@_0BH@PFCONEJJ@UModSys?3?3base?3?3ISystem?$AA@ 10006374     plugin_test1.obj
 0002:0000038c       ??_C@_0CB@CLGNFEGF@UModSys?3?3libmedia?3?3IStreamReader@ 1000638c     plugin_test1.obj
 0002:000003b0       ??_C@_0CB@HOPFFLP@UModSys?3?3libmedia?3?3IStreamWriter@ 100063b0     plugin_test1.obj
 0002:000003d4       ??_C@_0BP@KCJMEDNO@UModSys?3?3libmedia?3?3IBinArchive?$AA@ 100063d4     plugin_test1.obj
 0002:000003f4       ??_C@_0CB@FDEKNMGJ@UModSys?3?3libmedia?3?3IBinObjFilter@ 100063f4     plugin_test1.obj
 0002:00000418       ??_C@_0BM@DPCMOAPM@UModSys?3?3libmedia?3?3ILibrary?$AA@ 10006418     plugin_test1.obj
 0002:00000434       ??_C@_0CD@ELIFEGE@UModSys?3?3libmedia?3?3ILibraryBinTr@ 10006434     plugin_test1.obj
 0002:00000458       ??_C@_0CE@EGHBJBAJ@UModSys?3?3libmedia?3?3ILibraryBinCa@ 10006458     plugin_test1.obj
 0002:0000047c       ??_C@_0CF@LBIGBLOK@UModSys?3?3libmedia?3?3ILibraryObjFi@ 1000647c     plugin_test1.obj
 0002:000004a4       ??_C@_0CE@BOBLEOBL@UModSys?3?3libmedia?3?3ILibraryObjCa@ 100064a4     plugin_test1.obj
 0002:000004c8       ??_C@_0CD@LJFEJKGF@UModSys?3?3libmedia?3?3ILibraryLayer@ 100064c8     plugin_test1.obj
 0002:000004ec       ??_C@_0CG@DNABKNDD@UModSys?3?3modules?3?3test?3?3test1?3?3I@ 100064ec     plugin_test1.obj
 0002:00000514       ??_C@_0CG@FINIGFAH@UModSys?3?3modules?3?3test?3?3test1?3?3R@ 10006514     plugin_test1.obj
 0002:0000053c       ??_C@_0CN@EFAOPDDB@UModSys?3?3modules?3?3test?3?3test1?3?3R@ 1000653c     plugin_test1.obj
 0002:0000056c       ??_C@_0O@FHILABOO@test1?3?3ILines?$AA@ 1000656c     plugin_test1.obj
 0002:0000057c       ??_C@_0CM@LNHNHIJB@UModSys?3?3modules?3?3test?3?3test1?3?3R@ 1000657c     plugin_test1.obj
 0002:000005a8       ??_C@_0BC@NIGGCDMG@RTest1_Shell?$CI?$CJ?5?$HL?6?$AA@ 100065a8     plugin_test1.obj
 0002:000005bc       ??_C@_0DK@JIEMIEKA@UModSys?3?3modules?3?3test?3?3test1?3?3R@ 100065bc     plugin_test1.obj
 0002:000005f8       ??_C@_0CK@OICDGBDJ@?4?4?2?4?4?2?4?4?2src?2plugin?2test?2plugin_@ 100065f8     plugin_test1.obj
 0002:00000624       ??_C@_0BF@BMCPNMPN@?$HN?5?1?1?5RTest1_Shell?$CI?$CJ?6?$AA@ 10006624     plugin_test1.obj
 0002:0000063c       ??_C@_0DL@OIAHAJF@UModSys?3?3modules?3?3test?3?3test1?3?3R@ 1000663c     plugin_test1.obj
 0002:00000678       ??_C@_0BB@MLDFLEML@?$HORTest1_Shell?$CI?$CJ?6?$AA@ 10006678     plugin_test1.obj
 0002:0000068c       ??_C@_0BJ@CCPCJEPP@RTest1_Shell?3?3connect?$CI?$CJ?6?$AA@ 1000668c     plugin_test1.obj
 0002:000006a8       ??_C@_0BM@KBDBHLN@RTest1_Shell?3?3disconnect?$CI?$CJ?6?$AA@ 100066a8     plugin_test1.obj
 0002:000006c4       ??_C@_0BI@PGLACHLJ@RTest1_Shell?3?3tick?$CI?$CFg?$CJ?6?$AA@ 100066c4     plugin_test1.obj
 0002:000006dc       ??_C@_0BM@JFIEEBE@RTest1_Shell?3?3command?$CI?$CD?$CFd?$CJ?6?$AA@ 100066dc     plugin_test1.obj
 0002:000006f8       ??_C@_06FIJELGDL@?2x?$CF02x?$AA@ 100066f8     plugin_test1.obj
 0002:00000700       ??_C@_01KICIPPFI@?2?$AA@   10006700     plugin_test1.obj
 0002:00000704       ??_C@_02HAOIJKIC@?$CFc?$AA@ 10006704     plugin_test1.obj
 0002:00000708       ??_C@_02DKCKIIND@?$CFs?$AA@ 10006708     plugin_test1.obj
 0002:0000070c       ??_C@_0M@LAGNAJEJ@?$CK?3?3stdio?3?3?$CK?$AA@ 1000670c     plugin_test1.obj
 0002:00000718       ??_C@_08PEIJGPHF@pathname?$AA@ 10006718     plugin_test1.obj
 0002:00000724       ??_C@_0CE@DDDCOPAP@?5?5found?5sys?5archive?5?$HL?$CFs?$HN?3?5?$CFs?5?$DN?$DO?5@ 10006724     plugin_test1.obj
 0002:00000748       ??_C@_0BJ@IMDALNCM@?5?5fail?5sys?5archive?5?$HL?$CFs?$HN?6?$AA@ 10006748     plugin_test1.obj
 0002:00000764       ??_C@_09BDJIOBCO@?$CK?3?3std?3?3?$CK?$AA@ 10006764     plugin_test1.obj
 0002:00000770       ??_C@_0CB@FNBGJIKO@?5?5found?5lib?$CIbin?9tree?$CJ?3?5?$CFs?5?$DN?$DO?5?$CFp?6@ 10006770     plugin_test1.obj
 0002:00000794       ??_C@_0BG@PJBMFLKD@?5?5fail?5lib?$CIbin?9tree?$CJ?6?$AA@ 10006794     plugin_test1.obj
 0002:000007ac       ??_C@_0CD@CHNIFODL@?5?5found?5lib?$CIobj?9filter?$CJ?3?5?$CFs?5?$DN?$DO?5?$CF@ 100067ac     plugin_test1.obj
 0002:000007d0       ??_C@_0BI@PPPKFCAB@?5?5fail?5lib?$CIobj?9filter?$CJ?6?$AA@ 100067d0     plugin_test1.obj
 0002:000007e8       ??_C@_0CA@BADNNAAP@?5?5found?5lib?$CIlayered?$CJ?3?5?$CFs?5?$DN?$DO?5?$CFp?6?$AA@ 100067e8     plugin_test1.obj
 0002:00000808       ??_C@_0BF@JKNGHICK@?5?5fail?5lib?$CIlayered?$CJ?6?$AA@ 10006808     plugin_test1.obj
 0002:00000820       ??_C@_0CC@IFDNAANN@?5?5found?5lib?$CIobj?9cache?$CJ?3?5?$CFs?5?$DN?$DO?5?$CFp@ 10006820     plugin_test1.obj
 0002:00000844       ??_C@_0BH@OEOEKGKC@?5?5fail?5lib?$CIobj?9cache?$CJ?6?$AA@ 10006844     plugin_test1.obj
 0002:0000085c       ??_C@_0CC@GHPGLBNB@?5?5found?5lib?$CIbin?9cache?$CJ?3?5?$CFs?5?$DN?$DO?5?$CFp@ 1000685c     plugin_test1.obj
 0002:00000880       ??_C@_0BH@FAIBIAHC@?5?5fail?5lib?$CIbin?9cache?$CJ?6?$AA@ 10006880     plugin_test1.obj
 0002:00000898       ??_C@_0BD@PBBJPCDE@?5?5?$CFs?5file?5?$HL?$CFs?$HN?5ok?6?$AA@ 10006898     plugin_test1.obj
 0002:000008ac       ??_C@_0BG@CIDNJACF@?5?5ERROR?5?$CFs?5file?5?$HL?$CFs?$HN?6?$AA@ 100068ac     plugin_test1.obj
 0002:000008c4       ??_C@_0BP@NKNCNOOM@?5?5load?5file?5?$HL?$CFs?$HN?5ok?0?5size?3?$CFu?5?$HL?$AA@ 100068c4     plugin_test1.obj
 0002:000008e4       ??_C@_02KGHIDFGE@?$HN?6?$AA@ 100068e4     plugin_test1.obj
 0002:000008e8       ??_C@_0BI@FELDDFOD@?5?5ERROR?5load?5file?5?$HL?$CFs?$HN?6?$AA@ 100068e8     plugin_test1.obj
 0002:00000900       ??_C@_0BO@KBOCKJIB@?5?5save?5file?5?$HL?$CFs?$HN?5ok?0?5size?3?$CFu?6?$AA@ 10006900     plugin_test1.obj
 0002:00000920       ??_C@_0BI@POEDLBL@?5?5ERROR?5save?5file?5?$HL?$CFs?$HN?6?$AA@ 10006920     plugin_test1.obj
 0002:00000938       ??_C@_0BG@GBKKPOOO@?$CK?$CK?$CK?$CK?$CK?$CK?$CK?$CK?5file?5test?51?6?$AA@ 10006938     plugin_test1.obj
 0002:00000950       ??_C@_0O@CMKKEPPD@read?9test?4txt?$AA@ 10006950     plugin_test1.obj
 0002:00000960       ??_C@_08BABJIOEM@filename?$AA@ 10006960     plugin_test1.obj
 0002:0000096c       ??_C@_0BK@JMHCEPK@?5?5found?5reader?3?5?$CFs?5?$DN?$DO?5?$CFp?6?$AA@ 1000696c     plugin_test1.obj
 0002:00000988       ??_C@_0P@HIBABMLC@write?9test?4txt?$AA@ 10006988     plugin_test1.obj
 0002:00000998       ??_C@_04FAOFCKOL@safe?$AA@ 10006998     plugin_test1.obj
 0002:000009a0       ??_C@_0BK@ONIPKACL@?5?5found?5writer?3?5?$CFs?5?$DN?$DO?5?$CFp?6?$AA@ 100069a0     plugin_test1.obj
 0002:000009bc       ??_C@_09CCCIBADP@?5?5read?3?5?$HL?$AA@ 100069bc     plugin_test1.obj
 0002:000009c8       ??_C@_0L@BBJPPDJK@?5?5written?6?$AA@ 100069c8     plugin_test1.obj
 0002:000009d4       ??_C@_0BG@GDOMEALH@?$CK?$CK?$CK?$CK?$CK?$CK?$CK?$CK?5file?5test?52?6?$AA@ 100069d4     plugin_test1.obj
 0002:000009ec       ??_C@_01LFCBOECM@?4?$AA@   100069ec     plugin_test1.obj
 0002:000009f0       ??_C@_0BC@MCEOIEIN@?5?5gen?5reader?3?5?$CFp?6?$AA@ 100069f0     plugin_test1.obj
 0002:00000a04       ??_C@_0BC@GCDHCAFA@?5?5gen?5writer?3?5?$CFp?6?$AA@ 10006a04     plugin_test1.obj
 0002:00000a18       ??_C@_0BG@GCCOCKIA@?$CK?$CK?$CK?$CK?$CK?$CK?$CK?$CK?5file?5test?53?6?$AA@ 10006a18     plugin_test1.obj
 0002:00000a30       ??_C@_0BG@GHGBDMAF@?$CK?$CK?$CK?$CK?$CK?$CK?$CK?$CK?5file?5test?54?6?$AA@ 10006a30     plugin_test1.obj
 0002:00000a48       ??_C@_01KMDKNFGN@?1?$AA@   10006a48     plugin_test1.obj
 0002:00000a4c       ??_C@_0M@PCCOIOKO@?4?1write?9dir?$AA@ 10006a4c     plugin_test1.obj
 0002:00000a58       ??_C@_0P@PGIPMINA@?1read?9test?4txt?$AA@ 10006a58     plugin_test1.obj
 0002:00000a68       ??_C@_0BA@NKKNEIEH@?1write?9test?4txt?$AA@ 10006a68     plugin_test1.obj
 0002:00000a78       ??_C@_0BG@GGKDFGDC@?$CK?$CK?$CK?$CK?$CK?$CK?$CK?$CK?5file?5test?55?6?$AA@ 10006a78     plugin_test1.obj
 0002:00000a90       ??_C@_0BE@MCKHKGMO@new?5object?5?$FLILines?$FN?$AA@ 10006a90     plugin_test1.obj
 0002:00000aa4       ??_C@_0BA@HKKFMIEN@?5?5ILines?3?5?$CFp?5?$HL?6?$AA@ 10006aa4     plugin_test1.obj
 0002:00000ab4       ??_C@_0BB@IMFADNOI@?5?5?5?5line?5?$CFu?3?5?$CFs?6?$AA@ 10006ab4     plugin_test1.obj
 0002:00000ac8       ??_C@_0BB@EMFEGJMB@?5?5?$HN?5ILines?3?5?$CFp?5?6?$AA@ 10006ac8     plugin_test1.obj
 0002:00000adc       ??_C@_0BF@DIFJPKPH@save?5object?5?$FLILines?$FN?$AA@ 10006adc     plugin_test1.obj
 0002:00000af4       ??_C@_0BC@IJDEIGFA@?1write?9test?92?4txt?$AA@ 10006af4     plugin_test1.obj
 0002:00000b08       ??_C@_0CK@DEJPICLK@UModSys?3?3modules?3?3test?3?3test1?3?3R@ 10006b08     plugin_test1.obj
 0002:00000b34       ??_C@_0DD@HMBJLEH@UMODSYS_MODULE_NAME?$CItest?0test1?$CJ?3@ 10006b34     plugin_test1.obj
 0002:00000b68       ??_C@_0BA@NMEBLMNE@Test?51?5?9?5module?$AA@ 10006b68     plugin_test1.obj
 0002:00000b78       ??_C@_0N@FOCLJAHI@tests?3?3test1?$AA@ 10006b78     plugin_test1.obj
 0002:00000b88       ??_C@_0BE@HJEBHPIG@RModuleReg?3?3open?$CI?$CJ?6?$AA@ 10006b88     plugin_test1.obj
 0002:00000b9c       ??_C@_0BF@KIBBFLP@RModuleReg?3?3close?$CI?$CJ?6?$AA@ 10006b9c     plugin_test1.obj
 0002:00000bb4       ??_C@_09JGNMLHG@modobject?$AA@ 10006bb4     plugin_test1.obj
 0002:00000bc0       ??_C@_08FCBDOIAH@typeinfo?$AA@ 10006bc0     plugin_test1.obj
 0002:00000bd0       ??_7IRoot@core@UModSys@@6B@ 10006bd0     plugin_test1.obj
 0002:00000bf4       ??_7ISetter@SFlags@libmedia@UModSys@@6B@ 10006bf4     plugin_test1.obj
 0002:00000c04       ??_7ILines@test1@test@modules@UModSys@@6B@ 10006c04     plugin_test1.obj
 0002:00000c38       ??_7RLines@test1@test@modules@UModSys@@6B@ 10006c38     plugin_test1.obj
 0002:00000c6c       ??_7RLines_Filter@test1@test@modules@UModSys@@6BIRefObject@core@4@@ 10006c6c     plugin_test1.obj
 0002:00000cac       ??_7RLines_Filter@test1@test@modules@UModSys@@6BISetter@SFlags@libmedia@4@@ 10006cac     plugin_test1.obj
 0002:00000cbc       ??_7RTest1_Shell@test1@test@modules@UModSys@@6B@ 10006cbc     plugin_test1.obj
 0002:00000d04       ??_7RGenerator@test1@test@modules@UModSys@@6B@ 10006d04     plugin_test1.obj
 0002:00000d54       ??_7RModuleReg@test1@test@modules@UModSys@@6B@ 10006d54     plugin_test1.obj
 0002:00000d70       ??_7RModuleLibraryReg_Chain@base@UModSys@@6B@ 10006d70     umodsys_lib_base:umodsys.base.moduleregchain.obj
 0002:00000d8c       ??_7IModuleReg@base@UModSys@@6B@ 10006d8c     umodsys_lib_base:umodsys.base.modulereg.obj
 0002:00000da8       ??_7IModuleLibraryReg@base@UModSys@@6B@ 10006da8     umodsys_lib_base:umodsys.base.modulereg.obj
 0002:00000dc0       __real@3f50624dd2f1a9fc    10006dc0      CIL library: CIL module
 0002:00000dc8       __load_config_used         10006dc8     MSVCRT:loadcfg.obj
 0002:00000e10       ??_R4type_info@@6B@        10006e10     MSVCRT:ti_inst.obj
 0002:00000e24       ??_R3type_info@@8          10006e24     MSVCRT:ti_inst.obj
 0002:00000e34       ??_R2type_info@@8          10006e34     MSVCRT:ti_inst.obj
 0002:00000e3c       ??_R1A@?0A@EA@type_info@@8 10006e3c     MSVCRT:ti_inst.obj
 0002:00000e58       ??_R4RModuleReg@test1@test@modules@UModSys@@6B@ 10006e58     plugin_test1.obj
 0002:00000e6c       ??_R3RModuleReg@test1@test@modules@UModSys@@8 10006e6c     plugin_test1.obj
 0002:00000e7c       ??_R2RModuleReg@test1@test@modules@UModSys@@8 10006e7c     plugin_test1.obj
 0002:00000e88       ??_R1A@?0A@EA@IModuleReg@base@UModSys@@8 10006e88     plugin_test1.obj
 0002:00000ea4       ??_R3IModuleReg@base@UModSys@@8 10006ea4     plugin_test1.obj
 0002:00000eb4       ??_R2IModuleReg@base@UModSys@@8 10006eb4     plugin_test1.obj
 0002:00000ebc       ??_R1A@?0A@EA@RModuleReg@test1@test@modules@UModSys@@8 10006ebc     plugin_test1.obj
 0002:00000ed8       ??_R4RGenerator@test1@test@modules@UModSys@@6B@ 10006ed8     plugin_test1.obj
 0002:00000eec       ??_R3RGenerator@test1@test@modules@UModSys@@8 10006eec     plugin_test1.obj
 0002:00000efc       ??_R2RGenerator@test1@test@modules@UModSys@@8 10006efc     plugin_test1.obj
 0002:00000f14       ??_R1A@?0A@EA@RGenerator@test1@test@modules@UModSys@@8 10006f14     plugin_test1.obj
 0002:00000f30       ??_R4RTest1_Shell@test1@test@modules@UModSys@@6B@ 10006f30     plugin_test1.obj
 0002:00000f44       ??_R3RTest1_Shell@test1@test@modules@UModSys@@8 10006f44     plugin_test1.obj
 0002:00000f54       ??_R2RTest1_Shell@test1@test@modules@UModSys@@8 10006f54     plugin_test1.obj
 0002:00000f68       ??_R1A@?0A@EA@RTest1_Shell@test1@test@modules@UModSys@@8 10006f68     plugin_test1.obj
 0002:00000f84       ??_R4RLines_Filter@test1@test@modules@UModSys@@6BISetter@SFlags@libmedia@4@@ 10006f84     plugin_test1.obj
 0002:00000f98       ??_R4RLines_Filter@test1@test@modules@UModSys@@6BIRefObject@core@4@@ 10006f98     plugin_test1.obj
 0002:00000fac       ??_R3RLines_Filter@test1@test@modules@UModSys@@8 10006fac     plugin_test1.obj
 0002:00000fbc       ??_R2RLines_Filter@test1@test@modules@UModSys@@8 10006fbc     plugin_test1.obj
 0002:00000fdc       ??_R1A@?0A@EA@RLines_Filter@test1@test@modules@UModSys@@8 10006fdc     plugin_test1.obj
 0002:00000ff8       ??_R4RLines@test1@test@modules@UModSys@@6B@ 10006ff8     plugin_test1.obj
 0002:0000100c       ??_R3RLines@test1@test@modules@UModSys@@8 1000700c     plugin_test1.obj
 0002:0000101c       ??_R2RLines@test1@test@modules@UModSys@@8 1000701c     plugin_test1.obj
 0002:00001030       ??_R1A@?0A@EA@RLines@test1@test@modules@UModSys@@8 10007030     plugin_test1.obj
 0002:0000104c       ??_R4ILines@test1@test@modules@UModSys@@6B@ 1000704c     plugin_test1.obj
 0002:00001060       ??_R3ILines@test1@test@modules@UModSys@@8 10007060     plugin_test1.obj
 0002:00001070       ??_R2ILines@test1@test@modules@UModSys@@8 10007070     plugin_test1.obj
 0002:00001080       ??_R1A@?0A@EA@ILines@test1@test@modules@UModSys@@8 10007080     plugin_test1.obj
 0002:0000109c       ??_R4ISetter@SFlags@libmedia@UModSys@@6B@ 1000709c     plugin_test1.obj
 0002:000010b0       ??_R3IBinObjFilter@libmedia@UModSys@@8 100070b0     plugin_test1.obj
 0002:000010c0       ??_R2IBinObjFilter@libmedia@UModSys@@8 100070c0     plugin_test1.obj
 0002:000010dc       ??_R13?0A@EA@IResolver@SFlags@libmedia@UModSys@@8 100070dc     plugin_test1.obj
 0002:000010f8       ??_R13?0A@EA@IResolverAuto@SFlags@libmedia@UModSys@@8 100070f8     plugin_test1.obj
 0002:00001114       ??_R13?0A@EA@ISetter@SFlags@libmedia@UModSys@@8 10007114     plugin_test1.obj
 0002:00001130       ??_R3ISetter@SFlags@libmedia@UModSys@@8 10007130     plugin_test1.obj
 0002:00001140       ??_R2ISetter@SFlags@libmedia@UModSys@@8 10007140     plugin_test1.obj
 0002:00001150       ??_R1A@?0A@EA@IResolverAuto@SFlags@libmedia@UModSys@@8 10007150     plugin_test1.obj
 0002:0000116c       ??_R3IResolverAuto@SFlags@libmedia@UModSys@@8 1000716c     plugin_test1.obj
 0002:0000117c       ??_R2IResolverAuto@SFlags@libmedia@UModSys@@8 1000717c     plugin_test1.obj
 0002:00001188       ??_R1A@?0A@EA@IResolver@SFlags@libmedia@UModSys@@8 10007188     plugin_test1.obj
 0002:000011a4       ??_R3IResolver@SFlags@libmedia@UModSys@@8 100071a4     plugin_test1.obj
 0002:000011b4       ??_R2IResolver@SFlags@libmedia@UModSys@@8 100071b4     plugin_test1.obj
 0002:000011bc       ??_R1A@?0A@EA@ISetter@SFlags@libmedia@UModSys@@8 100071bc     plugin_test1.obj
 0002:000011d8       ??_R1A@?0A@EA@IBinObjFilter@libmedia@UModSys@@8 100071d8     plugin_test1.obj
 0002:000011f4       ??_R3IShell@base@UModSys@@8 100071f4     plugin_test1.obj
 0002:00001204       ??_R2IShell@base@UModSys@@8 10007204     plugin_test1.obj
 0002:00001214       ??_R1A@?0A@EA@IShell@base@UModSys@@8 10007214     plugin_test1.obj
 0002:00001230       ??_R3IGenerator@base@UModSys@@8 10007230     plugin_test1.obj
 0002:00001240       ??_R2IGenerator@base@UModSys@@8 10007240     plugin_test1.obj
 0002:00001254       ??_R1A@?0A@EA@IGenerator@base@UModSys@@8 10007254     plugin_test1.obj
 0002:00001270       ??_R3IModObject@base@UModSys@@8 10007270     plugin_test1.obj
 0002:00001280       ??_R2IModObject@base@UModSys@@8 10007280     plugin_test1.obj
 0002:00001290       ??_R1A@?0A@EA@IModObject@base@UModSys@@8 10007290     plugin_test1.obj
 0002:000012ac       ??_R3IRefObject@core@UModSys@@8 100072ac     plugin_test1.obj
 0002:000012bc       ??_R2IRefObject@core@UModSys@@8 100072bc     plugin_test1.obj
 0002:000012c8       ??_R1A@?0A@EA@IRefObject@core@UModSys@@8 100072c8     plugin_test1.obj
 0002:000012e4       ??_R4IRoot@core@UModSys@@6B@ 100072e4     plugin_test1.obj
 0002:000012f8       ??_R3IRoot@core@UModSys@@8 100072f8     plugin_test1.obj
 0002:00001308       ??_R2IRoot@core@UModSys@@8 10007308     plugin_test1.obj
 0002:00001310       ??_R1A@?0A@EA@IRoot@core@UModSys@@8 10007310     plugin_test1.obj
 0002:0000132c       ??_R4RModuleLibraryReg_Chain@base@UModSys@@6B@ 1000732c     umodsys_lib_base:umodsys.base.moduleregchain.obj
 0002:00001340       ??_R3RModuleLibraryReg_Chain@base@UModSys@@8 10007340     umodsys_lib_base:umodsys.base.moduleregchain.obj
 0002:00001350       ??_R2RModuleLibraryReg_Chain@base@UModSys@@8 10007350     umodsys_lib_base:umodsys.base.moduleregchain.obj
 0002:0000135c       ??_R1A@?0A@EA@IModuleLibraryReg@base@UModSys@@8 1000735c     umodsys_lib_base:umodsys.base.moduleregchain.obj
 0002:00001378       ??_R3IModuleLibraryReg@base@UModSys@@8 10007378     umodsys_lib_base:umodsys.base.moduleregchain.obj
 0002:00001388       ??_R2IModuleLibraryReg@base@UModSys@@8 10007388     umodsys_lib_base:umodsys.base.moduleregchain.obj
 0002:00001390       ??_R1A@?0A@EA@RModuleLibraryReg_Chain@base@UModSys@@8 10007390     umodsys_lib_base:umodsys.base.moduleregchain.obj
 0002:000013ac       ??_R4IModuleLibraryReg@base@UModSys@@6B@ 100073ac     umodsys_lib_base:umodsys.base.modulereg.obj
 0002:000013c0       ??_R4IModuleReg@base@UModSys@@6B@ 100073c0     umodsys_lib_base:umodsys.base.modulereg.obj
 0002:000013e0       ___safe_se_handler_table   100073e0     <linker-defined>
 0002:00001434       ___rtc_iaa                 10007434     MSVCRT:_initsect_.obj
 0002:00001438       ___rtc_izz                 10007438     MSVCRT:_initsect_.obj
 0002:0000143c       ___rtc_taa                 1000743c     MSVCRT:_initsect_.obj
 0002:00001440       ___rtc_tzz                 10007440     MSVCRT:_initsect_.obj
 0002:00001954       __IMPORT_DESCRIPTOR_MSVCR90 10007954     MSVCRT:MSVCR90.dll
 0002:00001968       __IMPORT_DESCRIPTOR_KERNEL32 10007968     kernel32:KERNEL32.dll
 0002:0000197c       __NULL_IMPORT_DESCRIPTOR   1000797c     MSVCRT:MSVCR90.dll
 0003:00000000       ??_R0?AVtype_info@@@8      10008000     MSVCRT:ti_inst.obj
 0003:00000018       ___native_dllmain_reason   10008018     MSVCRT:natstart.obj
 0003:0000001c       ___native_vcclrit_reason   1000801c     MSVCRT:natstart.obj
 0003:00000020       ___security_cookie         10008020     MSVCRT:gs_cookie.obj
 0003:00000024       ___security_cookie_complement 10008024     MSVCRT:gs_cookie.obj
 0003:00000028       ??_R0?AUIModuleReg@base@UModSys@@@8 10008028     plugin_test1.obj
 0003:00000050       ??_R0?AURModuleReg@test1@test@modules@UModSys@@@8 10008050     plugin_test1.obj
 0003:00000084       ??_R0?AURGenerator@test1@test@modules@UModSys@@@8 10008084     plugin_test1.obj
 0003:000000b8       ??_R0?AURTest1_Shell@test1@test@modules@UModSys@@@8 100080b8     plugin_test1.obj
 0003:000000f0       ??_R0?AURLines_Filter@test1@test@modules@UModSys@@@8 100080f0     plugin_test1.obj
 0003:00000128       ??_R0?AURLines@test1@test@modules@UModSys@@@8 10008128     plugin_test1.obj
 0003:00000158       ??_R0?AUILines@test1@test@modules@UModSys@@@8 10008158     plugin_test1.obj
 0003:00000188       ??_R0?AUIResolver@SFlags@libmedia@UModSys@@@8 10008188     plugin_test1.obj
 0003:000001b8       ??_R0?AUIResolverAuto@SFlags@libmedia@UModSys@@@8 100081b8     plugin_test1.obj
 0003:000001ec       ??_R0?AUISetter@SFlags@libmedia@UModSys@@@8 100081ec     plugin_test1.obj
 0003:0000021c       ??_R0?AUIBinObjFilter@libmedia@UModSys@@@8 1000821c     plugin_test1.obj
 0003:0000024c       ??_R0?AUIShell@base@UModSys@@@8 1000824c     plugin_test1.obj
 0003:00000270       ??_R0?AUIGenerator@base@UModSys@@@8 10008270     plugin_test1.obj
 0003:00000298       ??_R0?AUIModObject@base@UModSys@@@8 10008298     plugin_test1.obj
 0003:000002c0       ??_R0?AUIRefObject@core@UModSys@@@8 100082c0     plugin_test1.obj
 0003:000002e8       ??_R0?AUIRoot@core@UModSys@@@8 100082e8     plugin_test1.obj
 0003:00000328       ?so_entry_enabled_flag@base@UModSys@@3HA 10008328     umodsys_lib_base:umodsys.so_main.win32.obj
 0003:00000338       ?auto_flags@RLines_Filter@test1@test@modules@UModSys@@2U?$TFlags4State@USMediaFlagUid@libmedia@UModSys@@I@tl@5@A 10008338     plugin_test1.obj
 0003:0000033c       ?s_modreg@RModuleReg@test1@test@modules@UModSys@@2U12345@A 1000833c     plugin_test1.obj
 0003:00000364       ?s_modreg_chain@RModuleReg@test1@test@modules@UModSys@@2USModuleRegChain@base@5@A 10008364     plugin_test1.obj
 0003:00000370       ?s_library@RModuleLibraryReg_Chain@base@UModSys@@2U123@A 10008370     umodsys_lib_base:umodsys.base.moduleregchain.obj
 0003:00000374       ?s_null@?1??get_null@?$TSCoreShared@USIMemAlloc@core@UModSys@@D@su@tl@UModSys@@SAPAU?$TSharedStringInfo@D@345@XZ@4U6345@A 10008374     plugin_test1.obj
 0003:00000384       ??_R0?AUIModuleLibraryReg@base@UModSys@@@8 10008384     umodsys_lib_base:umodsys.base.moduleregchain.obj
 0003:000003b4       ??_R0?AURModuleLibraryReg_Chain@base@UModSys@@@8 100083b4     umodsys_lib_base:umodsys.base.moduleregchain.obj
 0003:000003f4       __forceCRTManifestRTM      100083f4     MSVCRT:crtmanifestrtm.obj
 0003:000003f8       ?__type_info_root_node@@3U__type_info_node@@A 100083f8     MSVCRT:tncleanup.obj
 0003:00000744       ?s_uid@RGenerator@test1@test@modules@UModSys@@2USUniquePointer@core@5@A 10008744     plugin_test1.obj
 0003:0000075c       ?M@UModSys@@3USModuleContext@base@1@A 1000875c     umodsys_lib_base:umodsys.base.modulecontext.obj
 0003:00000770       ?root@SModuleRegChain@base@UModSys@@2U123@A 10008770     umodsys_lib_base:umodsys.base.moduleregchain.obj
 0003:0000077c       ?root@SUniquePointer@core@UModSys@@2U123@A 1000877c     umodsys_lib_core:umodsys.core.uniqueptr.obj
 0003:00000794       ?s_id@?$TObjectUniqueID@UILibraryLayered@libmedia@UModSys@@@tl@UModSys@@2USUniquePointer@core@3@A 10008794     plugin_test1.obj
 0003:000007ac       ?s_id@?$TObjectUniqueID@UIRefObject@core@UModSys@@@tl@UModSys@@2USUniquePointer@core@3@A 100087ac     plugin_test1.obj
 0003:000007c4       ?s_id@?$TObjectUniqueID@UILibrary@libmedia@UModSys@@@tl@UModSys@@2USUniquePointer@core@3@A 100087c4     plugin_test1.obj
 0003:000007dc       ?s_id@?$TObjectUniqueID@UIRoot@core@UModSys@@@tl@UModSys@@2USUniquePointer@core@3@A 100087dc     plugin_test1.obj
 0003:000007f4       ?s_id@?$TObjectUniqueID@UIBinArchive@libmedia@UModSys@@@tl@UModSys@@2USUniquePointer@core@3@A 100087f4     plugin_test1.obj
 0003:0000080c       ?s_id@?$TObjectUniqueID@UILibraryObjCache@libmedia@UModSys@@@tl@UModSys@@2USUniquePointer@core@3@A 1000880c     plugin_test1.obj
 0003:00000824       ?s_id@?$TObjectUniqueID@UIModule@base@UModSys@@@tl@UModSys@@2USUniquePointer@core@3@A 10008824     plugin_test1.obj
 0003:0000083c       ?s_id@?$TObjectUniqueID@UIStreamWriter@libmedia@UModSys@@@tl@UModSys@@2USUniquePointer@core@3@A 1000883c     plugin_test1.obj
 0003:00000854       ?s_id@?$TObjectUniqueID@UIGenerator@base@UModSys@@@tl@UModSys@@2USUniquePointer@core@3@A 10008854     plugin_test1.obj
 0003:0000086c       ?s_id@?$TObjectUniqueID@UIBinObjFilter@libmedia@UModSys@@@tl@UModSys@@2USUniquePointer@core@3@A 1000886c     plugin_test1.obj
 0003:00000884       ?s_id@?$TObjectUniqueID@UIModuleLibrary@base@UModSys@@@tl@UModSys@@2USUniquePointer@core@3@A 10008884     plugin_test1.obj
 0003:0000089c       ?s_id@?$TObjectUniqueID@URLines@test1@test@modules@UModSys@@@tl@UModSys@@2USUniquePointer@core@3@A 1000889c     plugin_test1.obj
 0003:000008b4       ?s_id@?$TObjectUniqueID@UIParameters@core@UModSys@@@tl@UModSys@@2USUniquePointer@core@3@A 100088b4     plugin_test1.obj
 0003:000008cc       ?s_id@?$TObjectUniqueID@UISystem@base@UModSys@@@tl@UModSys@@2USUniquePointer@core@3@A 100088cc     plugin_test1.obj
 0003:000008e4       ?s_id@?$TObjectUniqueID@UILibraryBinCache@libmedia@UModSys@@@tl@UModSys@@2USUniquePointer@core@3@A 100088e4     plugin_test1.obj
 0003:000008fc       ?s_id@?$TObjectUniqueID@UILines@test1@test@modules@UModSys@@@tl@UModSys@@2USUniquePointer@core@3@A 100088fc     plugin_test1.obj
 0003:00000914       ?s_id@?$TObjectUniqueID@URTest1_Shell@test1@test@modules@UModSys@@@tl@UModSys@@2USUniquePointer@core@3@A 10008914     plugin_test1.obj
 0003:0000092c       ?s_id@?$TObjectUniqueID@UILibraryBinTree@libmedia@UModSys@@@tl@UModSys@@2USUniquePointer@core@3@A 1000892c     plugin_test1.obj
 0003:00000944       ?s_id@?$TObjectUniqueID@UIModObject@base@UModSys@@@tl@UModSys@@2USUniquePointer@core@3@A 10008944     plugin_test1.obj
 0003:0000095c       ?s_id@?$TObjectUniqueID@UILibraryObjFilter@libmedia@UModSys@@@tl@UModSys@@2USUniquePointer@core@3@A 1000895c     plugin_test1.obj
 0003:00000974       ?s_id@?$TObjectUniqueID@UIStreamReader@libmedia@UModSys@@@tl@UModSys@@2USUniquePointer@core@3@A 10008974     plugin_test1.obj
 0003:0000098c       ?s_id@?$TObjectUniqueID@URGenerator@test1@test@modules@UModSys@@@tl@UModSys@@2USUniquePointer@core@3@A 1000898c     plugin_test1.obj
 0003:000009a4       ?s_id@?$TObjectUniqueID@UIShell@base@UModSys@@@tl@UModSys@@2USUniquePointer@core@3@A 100089a4     plugin_test1.obj
 0003:000009bc       ?s_id@?$TObjectUniqueID@URLines_Filter@test1@test@modules@UModSys@@@tl@UModSys@@2USUniquePointer@core@3@A 100089bc     plugin_test1.obj
 0003:000009d4       ?s_id@?$TObjectUniqueID@UIConsole@base@UModSys@@@tl@UModSys@@2USUniquePointer@core@3@A 100089d4     plugin_test1.obj
 0003:000009ec       __adjust_fdiv              100089ec     <common>
 0003:000009f0       ___native_startup_state    100089f0     <common>
 0003:000009f4       ___native_startup_lock     100089f4     <common>
 0003:000009f8       ___dyn_tls_init_callback   100089f8     <common>
 0003:000009fc       ___onexitend               100089fc     <common>
 0003:00000a00       ___onexitbegin             10008a00     <common>

 entry point at        0001:00003ab1

 Static symbols

 0001:00003726       _pre_c_init                10004726 f   MSVCRT:crtdll.obj
 0001:0000399b       ___DllMainCRTStartup       1000499b f   MSVCRT:crtdll.obj
 0001:00004007       __unwindfunclet$??0RTest1_Shell@test1@test@modules@UModSys@@QAE@PAUIModObject@base@4@@Z$0 10005007 f    CIL library: CIL module
 0001:00004007       __unwindfunclet$??0RLines_Filter@test1@test@modules@UModSys@@QAE@PAUIModObject@base@4@ABUSParameters@core@4@U?$TFlags4State@USMediaFlagUid@libmedia@UModSys@@I@tl@4@@Z$0 10005007 f    CIL library: CIL module
 0001:0000400f       __ehhandler$??0RTest1_Shell@test1@test@modules@UModSys@@QAE@PAUIModObject@base@4@@Z 1000500f f    CIL library: CIL module
 0001:0000400f       __ehhandler$??0RLines_Filter@test1@test@modules@UModSys@@QAE@PAUIModObject@base@4@ABUSParameters@core@4@U?$TFlags4State@USMediaFlagUid@libmedia@UModSys@@I@tl@4@@Z 1000500f f    CIL library: CIL module
 0001:00004019       __unwindfunclet$?suicide@RLines@test1@test@modules@UModSys@@UAEXXZ$0 10005019 f    CIL library: CIL module
 0001:00004019       __unwindfunclet$?suicide@RLines_Filter@test1@test@modules@UModSys@@UAEXXZ$0 10005019 f    CIL library: CIL module
 0001:00004019       __unwindfunclet$?suicide@RTest1_Shell@test1@test@modules@UModSys@@UAEXXZ$0 10005019 f    CIL library: CIL module
 0001:00004021       __ehhandler$?suicide@RTest1_Shell@test1@test@modules@UModSys@@UAEXXZ 10005021 f    CIL library: CIL module
 0001:00004021       __ehhandler$?suicide@RLines_Filter@test1@test@modules@UModSys@@UAEXXZ 10005021 f    CIL library: CIL module
 0001:00004021       __ehhandler$?suicide@RLines@test1@test@modules@UModSys@@UAEXXZ 10005021 f    CIL library: CIL module
 0001:0000402b       __unwindfunclet$?layer_push@ILibraryLayered@libmedia@UModSys@@QAE_NPAUILibrary@23@HABU?$TString@U?$TSCoreConst@D@su@tl@UModSys@@U?$TComparerBinaryHash@D@234@@tl@3@@Z$0 1000502b f    CIL library: CIL module
 0001:00004033       __ehhandler$?layer_push@ILibraryLayered@libmedia@UModSys@@QAE_NPAUILibrary@23@HABU?$TString@U?$TSCoreConst@D@su@tl@UModSys@@U?$TComparerBinaryHash@D@234@@tl@3@@Z 10005033 f    CIL library: CIL module
 0001:0000403d       __unwindfunclet$?mount_add@ILibraryBinTree@libmedia@UModSys@@QAE_NABU?$TString@U?$TSCoreConst@D@su@tl@UModSys@@U?$TComparerBinaryHash@D@234@@tl@3@HPAUIBinArchive@23@H@Z$0 1000503d f    CIL library: CIL module
 0001:0000403d       __unwindfunclet$?mount_add@ILibraryBinTree@libmedia@UModSys@@QAE_NABU?$TString@U?$TSCoreConst@D@su@tl@UModSys@@U?$TComparerBinaryHash@D@234@@tl@3@PAUIBinArchive@23@H@Z$0 1000503d f    CIL library: CIL module
 0001:00004045       __ehhandler$?mount_add@ILibraryBinTree@libmedia@UModSys@@QAE_NABU?$TString@U?$TSCoreConst@D@su@tl@UModSys@@U?$TComparerBinaryHash@D@234@@tl@3@HPAUIBinArchive@23@H@Z 10005045 f    CIL library: CIL module
 0001:00004045       __ehhandler$?mount_add@ILibraryBinTree@libmedia@UModSys@@QAE_NABU?$TString@U?$TSCoreConst@D@su@tl@UModSys@@U?$TComparerBinaryHash@D@234@@tl@3@PAUIBinArchive@23@H@Z 10005045 f    CIL library: CIL module
 0001:0000404f       __unwindfunclet$??$t_obj_get@UILines@test1@test@modules@UModSys@@@ILibrary@libmedia@UModSys@@QAE_NABU?$TString@U?$TSCoreConst@D@su@tl@UModSys@@U?$TComparerBinaryHash@D@234@@tl@2@AAU?$TRefObject@UILines@test1@test@modules@UModSys@@U?$TRefObjectFunc@UILines@test1@test@modules@UModSys@@@tl@5@@42@U?$TFlags4State@USMediaFlagUid@libmedia@UModSys@@I@42@PBUSParameters@core@2@0@Z$0 1000504f f    CIL library: CIL module
 0001:00004057       __ehhandler$??$t_obj_get@UILines@test1@test@modules@UModSys@@@ILibrary@libmedia@UModSys@@QAE_NABU?$TString@U?$TSCoreConst@D@su@tl@UModSys@@U?$TComparerBinaryHash@D@234@@tl@2@AAU?$TRefObject@UILines@test1@test@modules@UModSys@@U?$TRefObjectFunc@UILines@test1@test@modules@UModSys@@@tl@5@@42@U?$TFlags4State@USMediaFlagUid@libmedia@UModSys@@I@42@PBUSParameters@core@2@0@Z 10005057 f    CIL library: CIL module
 0001:00004061       __unwindfunclet$??$t_generate@UILibraryBinCache@libmedia@UModSys@@@SModuleContext@base@UModSys@@QAE_NAAU?$TRefObject@UILibraryBinCache@libmedia@UModSys@@U?$TRefObjectFunc@UILibraryBinCache@libmedia@UModSys@@@tl@3@@tl@2@PBUSUniquePointerInfo@core@2@ABUSParameters@62@@Z$0 10005061 f    CIL library: CIL module
 0001:00004061       __unwindfunclet$??$t_generate@UILibraryBinTree@libmedia@UModSys@@@SModuleContext@base@UModSys@@QAE_NAAU?$TRefObject@UILibraryBinTree@libmedia@UModSys@@U?$TRefObjectFunc@UILibraryBinTree@libmedia@UModSys@@@tl@3@@tl@2@PBUSUniquePointerInfo@core@2@ABUSParameters@62@@Z$0 10005061 f    CIL library: CIL module
 0001:00004061       __unwindfunclet$??$t_generate@UILibraryObjCache@libmedia@UModSys@@@SModuleContext@base@UModSys@@QAE_NAAU?$TRefObject@UILibraryObjCache@libmedia@UModSys@@U?$TRefObjectFunc@UILibraryObjCache@libmedia@UModSys@@@tl@3@@tl@2@PBUSUniquePointerInfo@core@2@ABUSParameters@62@@Z$0 10005061 f    CIL library: CIL module
 0001:00004061       __unwindfunclet$??$t_generate@UIStreamReader@libmedia@UModSys@@@SModuleContext@base@UModSys@@QAE_NAAU?$TRefObject@UIStreamReader@libmedia@UModSys@@U?$TRefObjectFunc@UIStreamReader@libmedia@UModSys@@@tl@3@@tl@2@PBUSUniquePointerInfo@core@2@ABUSParameters@62@@Z$0 10005061 f    CIL library: CIL module
 0001:00004061       __unwindfunclet$??$t_generate@UILibraryLayered@libmedia@UModSys@@@SModuleContext@base@UModSys@@QAE_NAAU?$TRefObject@UILibraryLayered@libmedia@UModSys@@U?$TRefObjectFunc@UILibraryLayered@libmedia@UModSys@@@tl@3@@tl@2@PBUSUniquePointerInfo@core@2@ABUSParameters@62@@Z$0 10005061 f    CIL library: CIL module
 0001:00004061       __unwindfunclet$??$t_generate@UIBinArchive@libmedia@UModSys@@@SModuleContext@base@UModSys@@QAE_NAAU?$TRefObject@UIBinArchive@libmedia@UModSys@@U?$TRefObjectFunc@UIBinArchive@libmedia@UModSys@@@tl@3@@tl@2@PBUSUniquePointerInfo@core@2@ABUSParameters@62@@Z$0 10005061 f    CIL library: CIL module
 0001:00004061       __unwindfunclet$??$t_generate@UILibraryObjFilter@libmedia@UModSys@@@SModuleContext@base@UModSys@@QAE_NAAU?$TRefObject@UILibraryObjFilter@libmedia@UModSys@@U?$TRefObjectFunc@UILibraryObjFilter@libmedia@UModSys@@@tl@3@@tl@2@PBUSUniquePointerInfo@core@2@ABUSParameters@62@@Z$0 10005061 f    CIL library: CIL module
 0001:00004061       __unwindfunclet$??$t_generate@UIStreamWriter@libmedia@UModSys@@@SModuleContext@base@UModSys@@QAE_NAAU?$TRefObject@UIStreamWriter@libmedia@UModSys@@U?$TRefObjectFunc@UIStreamWriter@libmedia@UModSys@@@tl@3@@tl@2@PBUSUniquePointerInfo@core@2@ABUSParameters@62@@Z$0 10005061 f    CIL library: CIL module
 0001:00004069       __ehhandler$??$t_generate@UILibraryBinTree@libmedia@UModSys@@@SModuleContext@base@UModSys@@QAE_NAAU?$TRefObject@UILibraryBinTree@libmedia@UModSys@@U?$TRefObjectFunc@UILibraryBinTree@libmedia@UModSys@@@tl@3@@tl@2@PBUSUniquePointerInfo@core@2@ABUSParameters@62@@Z 10005069 f    CIL library: CIL module
 0001:00004069       __ehhandler$??$t_generate@UILibraryLayered@libmedia@UModSys@@@SModuleContext@base@UModSys@@QAE_NAAU?$TRefObject@UILibraryLayered@libmedia@UModSys@@U?$TRefObjectFunc@UILibraryLayered@libmedia@UModSys@@@tl@3@@tl@2@PBUSUniquePointerInfo@core@2@ABUSParameters@62@@Z 10005069 f    CIL library: CIL module
 0001:00004069       __ehhandler$??$t_generate@UIBinArchive@libmedia@UModSys@@@SModuleContext@base@UModSys@@QAE_NAAU?$TRefObject@UIBinArchive@libmedia@UModSys@@U?$TRefObjectFunc@UIBinArchive@libmedia@UModSys@@@tl@3@@tl@2@PBUSUniquePointerInfo@core@2@ABUSParameters@62@@Z 10005069 f    CIL library: CIL module
 0001:00004069       __ehhandler$??$t_generate@UILibraryObjCache@libmedia@UModSys@@@SModuleContext@base@UModSys@@QAE_NAAU?$TRefObject@UILibraryObjCache@libmedia@UModSys@@U?$TRefObjectFunc@UILibraryObjCache@libmedia@UModSys@@@tl@3@@tl@2@PBUSUniquePointerInfo@core@2@ABUSParameters@62@@Z 10005069 f    CIL library: CIL module
 0001:00004069       __ehhandler$??$t_generate@UILibraryBinCache@libmedia@UModSys@@@SModuleContext@base@UModSys@@QAE_NAAU?$TRefObject@UILibraryBinCache@libmedia@UModSys@@U?$TRefObjectFunc@UILibraryBinCache@libmedia@UModSys@@@tl@3@@tl@2@PBUSUniquePointerInfo@core@2@ABUSParameters@62@@Z 10005069 f    CIL library: CIL module
 0001:00004069       __ehhandler$??$t_generate@UILibraryObjFilter@libmedia@UModSys@@@SModuleContext@base@UModSys@@QAE_NAAU?$TRefObject@UILibraryObjFilter@libmedia@UModSys@@U?$TRefObjectFunc@UILibraryObjFilter@libmedia@UModSys@@@tl@3@@tl@2@PBUSUniquePointerInfo@core@2@ABUSParameters@62@@Z 10005069 f    CIL library: CIL module
 0001:00004069       __ehhandler$??$t_generate@UIStreamReader@libmedia@UModSys@@@SModuleContext@base@UModSys@@QAE_NAAU?$TRefObject@UIStreamReader@libmedia@UModSys@@U?$TRefObjectFunc@UIStreamReader@libmedia@UModSys@@@tl@3@@tl@2@PBUSUniquePointerInfo@core@2@ABUSParameters@62@@Z 10005069 f    CIL library: CIL module
 0001:00004069       __ehhandler$??$t_generate@UIStreamWriter@libmedia@UModSys@@@SModuleContext@base@UModSys@@QAE_NAAU?$TRefObject@UIStreamWriter@libmedia@UModSys@@U?$TRefObjectFunc@UIStreamWriter@libmedia@UModSys@@@tl@3@@tl@2@PBUSUniquePointerInfo@core@2@ABUSParameters@62@@Z 10005069 f    CIL library: CIL module
 0001:00004073       __unwindfunclet$??0?$TString@U?$TSCoreShared@USIMemAlloc@core@UModSys@@D@su@tl@UModSys@@U?$TComparerBinaryHash@D@234@@tl@UModSys@@QAE@PBDI@Z$0 10005073 f    CIL library: CIL module
 0001:0000407b       __ehhandler$??0?$TString@U?$TSCoreShared@USIMemAlloc@core@UModSys@@D@su@tl@UModSys@@U?$TComparerBinaryHash@D@234@@tl@UModSys@@QAE@PBDI@Z 1000507b f    CIL library: CIL module
 0001:00004085       __unwindfunclet$??_GRTest1_Shell@test1@test@modules@UModSys@@UAEPAXI@Z$0 10005085 f    CIL library: CIL module
 0001:0000408d       __ehhandler$??_GRTest1_Shell@test1@test@modules@UModSys@@UAEPAXI@Z 1000508d f    CIL library: CIL module
 0001:00004097       __unwindfunclet$?filter_save@RLines_Filter@test1@test@modules@UModSys@@UAE_NAAUSInfo@IBinObjFilter@libmedia@5@PBUIRefObject@core@5@@Z$0 10005097 f    CIL library: CIL module
 0001:0000409f       __ehhandler$?filter_save@RLines_Filter@test1@test@modules@UModSys@@UAE_NAAUSInfo@IBinObjFilter@libmedia@5@PBUIRefObject@core@5@@Z 1000509f f    CIL library: CIL module
 0001:000040a9       __unwindfunclet$??0RLines@test1@test@modules@UModSys@@QAE@PAUIModObject@base@4@ABUSParameters@core@4@@Z$0 100050a9 f    CIL library: CIL module
 0001:000040b1       __ehhandler$??0RLines@test1@test@modules@UModSys@@QAE@PAUIModObject@base@4@ABUSParameters@core@4@@Z 100050b1 f    CIL library: CIL module
 0001:000040bb       __unwindfunclet$?file_test1@RTest1_Shell@test1@test@modules@UModSys@@QAEXXZ$0 100050bb f    CIL library: CIL module
 0001:000040c6       __unwindfunclet$?file_test1@RTest1_Shell@test1@test@modules@UModSys@@QAEXXZ$1 100050c6 f    CIL library: CIL module
 0001:000040d1       __unwindfunclet$?file_test1@RTest1_Shell@test1@test@modules@UModSys@@QAEXXZ$2 100050d1 f    CIL library: CIL module
 0001:000040dc       __unwindfunclet$?file_test1@RTest1_Shell@test1@test@modules@UModSys@@QAEXXZ$3 100050dc f    CIL library: CIL module
 0001:000040e7       __ehhandler$?file_test1@RTest1_Shell@test1@test@modules@UModSys@@QAEXXZ 100050e7 f    CIL library: CIL module
 0001:000040f1       __unwindfunclet$?media_cache@RTest1_Shell@test1@test@modules@UModSys@@QAE?AU?$TRefObject@UILibrary@libmedia@UModSys@@U?$TRefObjectFunc@UILibrary@libmedia@UModSys@@@tl@3@@tl@5@_N@Z$0 100050f1 f    CIL library: CIL module
 0001:000040f9       __unwindfunclet$?media_cache@RTest1_Shell@test1@test@modules@UModSys@@QAE?AU?$TRefObject@UILibrary@libmedia@UModSys@@U?$TRefObjectFunc@UILibrary@libmedia@UModSys@@@tl@3@@tl@5@_N@Z$1 100050f9 f    CIL library: CIL module
 0001:00004104       __unwindfunclet$?media_cache@RTest1_Shell@test1@test@modules@UModSys@@QAE?AU?$TRefObject@UILibrary@libmedia@UModSys@@U?$TRefObjectFunc@UILibrary@libmedia@UModSys@@@tl@3@@tl@5@_N@Z$3 10005104 f    CIL library: CIL module
 0001:0000410c       __unwindfunclet$?media_cache@RTest1_Shell@test1@test@modules@UModSys@@QAE?AU?$TRefObject@UILibrary@libmedia@UModSys@@U?$TRefObjectFunc@UILibrary@libmedia@UModSys@@@tl@3@@tl@5@_N@Z$4 1000510c f    CIL library: CIL module
 0001:00004117       __ehhandler$?media_cache@RTest1_Shell@test1@test@modules@UModSys@@QAE?AU?$TRefObject@UILibrary@libmedia@UModSys@@U?$TRefObjectFunc@UILibrary@libmedia@UModSys@@@tl@3@@tl@5@_N@Z 10005117 f    CIL library: CIL module
 0001:00004121       __unwindfunclet$?media_vfs@RTest1_Shell@test1@test@modules@UModSys@@QAE?AU?$TRefObject@UILibraryBinTree@libmedia@UModSys@@U?$TRefObjectFunc@UILibraryBinTree@libmedia@UModSys@@@tl@3@@tl@5@XZ$0 10005121 f    CIL library: CIL module
 0001:00004121       __unwindfunclet$?media_lay@RTest1_Shell@test1@test@modules@UModSys@@QAE?AU?$TRefObject@UILibraryLayered@libmedia@UModSys@@U?$TRefObjectFunc@UILibraryLayered@libmedia@UModSys@@@tl@3@@tl@5@XZ$0 10005121 f    CIL library: CIL module
 0001:00004121       __unwindfunclet$?media_flt@RTest1_Shell@test1@test@modules@UModSys@@QAE?AU?$TRefObject@UILibraryObjFilter@libmedia@UModSys@@U?$TRefObjectFunc@UILibraryObjFilter@libmedia@UModSys@@@tl@3@@tl@5@XZ$0 10005121 f    CIL library: CIL module
 0001:00004129       __unwindfunclet$?media_lay@RTest1_Shell@test1@test@modules@UModSys@@QAE?AU?$TRefObject@UILibraryLayered@libmedia@UModSys@@U?$TRefObjectFunc@UILibraryLayered@libmedia@UModSys@@@tl@3@@tl@5@XZ$1 10005129 f    CIL library: CIL module
 0001:00004129       __unwindfunclet$?media_vfs@RTest1_Shell@test1@test@modules@UModSys@@QAE?AU?$TRefObject@UILibraryBinTree@libmedia@UModSys@@U?$TRefObjectFunc@UILibraryBinTree@libmedia@UModSys@@@tl@3@@tl@5@XZ$1 10005129 f    CIL library: CIL module
 0001:00004129       __unwindfunclet$?media_flt@RTest1_Shell@test1@test@modules@UModSys@@QAE?AU?$TRefObject@UILibraryObjFilter@libmedia@UModSys@@U?$TRefObjectFunc@UILibraryObjFilter@libmedia@UModSys@@@tl@3@@tl@5@XZ$1 10005129 f    CIL library: CIL module
 0001:00004134       __unwindfunclet$?media_flt@RTest1_Shell@test1@test@modules@UModSys@@QAE?AU?$TRefObject@UILibraryObjFilter@libmedia@UModSys@@U?$TRefObjectFunc@UILibraryObjFilter@libmedia@UModSys@@@tl@3@@tl@5@XZ$2 10005134 f    CIL library: CIL module
 0001:00004134       __unwindfunclet$?media_vfs@RTest1_Shell@test1@test@modules@UModSys@@QAE?AU?$TRefObject@UILibraryBinTree@libmedia@UModSys@@U?$TRefObjectFunc@UILibraryBinTree@libmedia@UModSys@@@tl@3@@tl@5@XZ$2 10005134 f    CIL library: CIL module
 0001:00004134       __unwindfunclet$?media_lay@RTest1_Shell@test1@test@modules@UModSys@@QAE?AU?$TRefObject@UILibraryLayered@libmedia@UModSys@@U?$TRefObjectFunc@UILibraryLayered@libmedia@UModSys@@@tl@3@@tl@5@XZ$2 10005134 f    CIL library: CIL module
 0001:0000414d       __ehhandler$?media_lay@RTest1_Shell@test1@test@modules@UModSys@@QAE?AU?$TRefObject@UILibraryLayered@libmedia@UModSys@@U?$TRefObjectFunc@UILibraryLayered@libmedia@UModSys@@@tl@3@@tl@5@XZ 1000514d f    CIL library: CIL module
 0001:0000414d       __ehhandler$?media_flt@RTest1_Shell@test1@test@modules@UModSys@@QAE?AU?$TRefObject@UILibraryObjFilter@libmedia@UModSys@@U?$TRefObjectFunc@UILibraryObjFilter@libmedia@UModSys@@@tl@3@@tl@5@XZ 1000514d f    CIL library: CIL module
 0001:0000414d       __ehhandler$?media_vfs@RTest1_Shell@test1@test@modules@UModSys@@QAE?AU?$TRefObject@UILibraryBinTree@libmedia@UModSys@@U?$TRefObjectFunc@UILibraryBinTree@libmedia@UModSys@@@tl@3@@tl@5@XZ 1000514d f    CIL library: CIL module
 0001:00004157       __unwindfunclet$?media_arch_stdio@RTest1_Shell@test1@test@modules@UModSys@@QAE?AU?$TRefObject@UIBinArchive@libmedia@UModSys@@U?$TRefObjectFunc@UIBinArchive@libmedia@UModSys@@@tl@3@@tl@5@ABU?$TString@U?$TSCoreConst@D@su@tl@UModSys@@U?$TComparerBinaryHash@D@234@@75@@Z$0 10005157 f    CIL library: CIL module
 0001:00004162       __unwindfunclet$?media_arch_stdio@RTest1_Shell@test1@test@modules@UModSys@@QAE?AU?$TRefObject@UIBinArchive@libmedia@UModSys@@U?$TRefObjectFunc@UIBinArchive@libmedia@UModSys@@@tl@3@@tl@5@ABU?$TString@U?$TSCoreConst@D@su@tl@UModSys@@U?$TComparerBinaryHash@D@234@@75@@Z$1 10005162 f    CIL library: CIL module
 0001:0000416a       __ehhandler$?media_arch_stdio@RTest1_Shell@test1@test@modules@UModSys@@QAE?AU?$TRefObject@UIBinArchive@libmedia@UModSys@@U?$TRefObjectFunc@UIBinArchive@libmedia@UModSys@@@tl@3@@tl@5@ABU?$TString@U?$TSCoreConst@D@su@tl@UModSys@@U?$TComparerBinaryHash@D@234@@75@@Z 1000516a f    CIL library: CIL module
 0001:00004174       __unwindfunclet$?filter_load@RLines_Filter@test1@test@modules@UModSys@@UAE_NABUSInfo@IBinObjFilter@libmedia@5@AAU?$TRefObject@UIRefObject@core@UModSys@@U?$TRefObjectFunc@UIRefObject@core@UModSys@@@tl@3@@tl@5@@Z$0 10005174 f    CIL library: CIL module
 0001:0000417f       __unwindfunclet$?filter_load@RLines_Filter@test1@test@modules@UModSys@@UAE_NABUSInfo@IBinObjFilter@libmedia@5@AAU?$TRefObject@UIRefObject@core@UModSys@@U?$TRefObjectFunc@UIRefObject@core@UModSys@@@tl@3@@tl@5@@Z$1 1000517f f    CIL library: CIL module
 0001:00004187       __ehhandler$?filter_load@RLines_Filter@test1@test@modules@UModSys@@UAE_NABUSInfo@IBinObjFilter@libmedia@5@AAU?$TRefObject@UIRefObject@core@UModSys@@U?$TRefObjectFunc@UIRefObject@core@UModSys@@@tl@3@@tl@5@@Z 10005187 f    CIL library: CIL module
 0001:00004191       __unwindfunclet$?file_test5@RTest1_Shell@test1@test@modules@UModSys@@QAEXXZ$0 10005191 f    CIL library: CIL module
 0001:0000419c       __unwindfunclet$?file_test5@RTest1_Shell@test1@test@modules@UModSys@@QAEXXZ$1 1000519c f    CIL library: CIL module
 0001:000041a7       __unwindfunclet$?file_test5@RTest1_Shell@test1@test@modules@UModSys@@QAEXXZ$2 100051a7 f    CIL library: CIL module
 0001:000041b2       __unwindfunclet$?file_test5@RTest1_Shell@test1@test@modules@UModSys@@QAEXXZ$3 100051b2 f    CIL library: CIL module
 0001:000041bd       __unwindfunclet$?file_test5@RTest1_Shell@test1@test@modules@UModSys@@QAEXXZ$4 100051bd f    CIL library: CIL module
 0001:000041c8       __unwindfunclet$?file_test5@RTest1_Shell@test1@test@modules@UModSys@@QAEXXZ$5 100051c8 f    CIL library: CIL module
 0001:000041d3       __unwindfunclet$?file_test5@RTest1_Shell@test1@test@modules@UModSys@@QAEXXZ$6 100051d3 f    CIL library: CIL module
 0001:000041de       __unwindfunclet$?file_test5@RTest1_Shell@test1@test@modules@UModSys@@QAEXXZ$7 100051de f    CIL library: CIL module
 0001:000041e9       __unwindfunclet$?file_test5@RTest1_Shell@test1@test@modules@UModSys@@QAEXXZ$9 100051e9 f    CIL library: CIL module
 0001:000041f4       __unwindfunclet$?file_test5@RTest1_Shell@test1@test@modules@UModSys@@QAEXXZ$10 100051f4 f    CIL library: CIL module
 0001:000041ff       __unwindfunclet$?file_test5@RTest1_Shell@test1@test@modules@UModSys@@QAEXXZ$11 100051ff f    CIL library: CIL module
 0001:0000420a       __unwindfunclet$?file_test5@RTest1_Shell@test1@test@modules@UModSys@@QAEXXZ$13 1000520a f    CIL library: CIL module
 0001:00004215       __unwindfunclet$?file_test5@RTest1_Shell@test1@test@modules@UModSys@@QAEXXZ$14 10005215 f    CIL library: CIL module
 0001:00004220       __ehhandler$?file_test5@RTest1_Shell@test1@test@modules@UModSys@@QAEXXZ 10005220 f    CIL library: CIL module
 0001:0000422a       __unwindfunclet$?file_test4@RTest1_Shell@test1@test@modules@UModSys@@QAEXXZ$0 1000522a f    CIL library: CIL module
 0001:00004232       __unwindfunclet$?file_test4@RTest1_Shell@test1@test@modules@UModSys@@QAEXXZ$1 10005232 f    CIL library: CIL module
 0001:0000423a       __unwindfunclet$?file_test4@RTest1_Shell@test1@test@modules@UModSys@@QAEXXZ$2 1000523a f    CIL library: CIL module
 0001:00004242       __unwindfunclet$?file_test4@RTest1_Shell@test1@test@modules@UModSys@@QAEXXZ$3 10005242 f    CIL library: CIL module
 0001:0000424a       __unwindfunclet$?file_test4@RTest1_Shell@test1@test@modules@UModSys@@QAEXXZ$4 1000524a f    CIL library: CIL module
 0001:00004252       __unwindfunclet$?file_test4@RTest1_Shell@test1@test@modules@UModSys@@QAEXXZ$5 10005252 f    CIL library: CIL module
 0001:0000425a       __unwindfunclet$?file_test4@RTest1_Shell@test1@test@modules@UModSys@@QAEXXZ$7 1000525a f    CIL library: CIL module
 0001:00004262       __ehhandler$?file_test4@RTest1_Shell@test1@test@modules@UModSys@@QAEXXZ 10005262 f    CIL library: CIL module
 0001:0000426c       __unwindfunclet$?file_test3@RTest1_Shell@test1@test@modules@UModSys@@QAEXXZ$0 1000526c f    CIL library: CIL module
 0001:00004274       __unwindfunclet$?file_test3@RTest1_Shell@test1@test@modules@UModSys@@QAEXXZ$1 10005274 f    CIL library: CIL module
 0001:0000427c       __ehhandler$?file_test3@RTest1_Shell@test1@test@modules@UModSys@@QAEXXZ 1000527c f    CIL library: CIL module
 0001:00004286       __unwindfunclet$?file_test2@RTest1_Shell@test1@test@modules@UModSys@@QAEXXZ$0 10005286 f    CIL library: CIL module
 0001:00004291       __unwindfunclet$?file_test2@RTest1_Shell@test1@test@modules@UModSys@@QAEXXZ$1 10005291 f    CIL library: CIL module
 0001:0000429c       __unwindfunclet$?file_test2@RTest1_Shell@test1@test@modules@UModSys@@QAEXXZ$2 1000529c f    CIL library: CIL module
 0001:000042a7       __ehhandler$?file_test2@RTest1_Shell@test1@test@modules@UModSys@@QAEXXZ 100052a7 f    CIL library: CIL module
 0001:000042b1       __unwindfunclet$?generate@RGenerator@test1@test@modules@UModSys@@UAE_NAAU?$TRefObject@UIRefObject@core@UModSys@@U?$TRefObjectFunc@UIRefObject@core@UModSys@@@tl@3@@tl@5@PBUSUniquePointerInfo@core@5@ABUSParameters@95@@Z$0 100052b1 f    CIL library: CIL module
 0001:000042bc       __ehhandler$?generate@RGenerator@test1@test@modules@UModSys@@UAE_NAAU?$TRefObject@UIRefObject@core@UModSys@@U?$TRefObjectFunc@UIRefObject@core@UModSys@@@tl@3@@tl@5@PBUSUniquePointerInfo@core@5@ABUSParameters@95@@Z 100052bc f    CIL library: CIL module
 0001:000042c6       ??__E?s_modreg@RModuleReg@test1@test@modules@UModSys@@2U12345@A@@YAXXZ 100052c6 f    CIL library: CIL module
 0001:0000432e       ??__E?s_modreg_chain@RModuleReg@test1@test@modules@UModSys@@2USModuleRegChain@base@5@A@@YAXXZ 1000532e f    CIL library: CIL module
 0001:00004360       ??__E?s_uid@RGenerator@test1@test@modules@UModSys@@2USUniquePointer@core@5@A@@YAXXZ 10005360 f    CIL library: CIL module
 0001:00004382       ??__E?s_id@?$TObjectUniqueID@UIRoot@core@UModSys@@@tl@UModSys@@2USUniquePointer@core@3@A@@YAXXZ 10005382 f    CIL library: CIL module
 0001:000043a4       ??__E?s_id@?$TObjectUniqueID@UIRefObject@core@UModSys@@@tl@UModSys@@2USUniquePointer@core@3@A@@YAXXZ 100053a4 f    CIL library: CIL module
 0001:000043c6       ??__E?s_id@?$TObjectUniqueID@UIParameters@core@UModSys@@@tl@UModSys@@2USUniquePointer@core@3@A@@YAXXZ 100053c6 f    CIL library: CIL module
 0001:000043e8       ??__E?s_id@?$TObjectUniqueID@UIModule@base@UModSys@@@tl@UModSys@@2USUniquePointer@core@3@A@@YAXXZ 100053e8 f    CIL library: CIL module
 0001:0000440a       ??__E?s_id@?$TObjectUniqueID@UIModuleLibrary@base@UModSys@@@tl@UModSys@@2USUniquePointer@core@3@A@@YAXXZ 1000540a f    CIL library: CIL module
 0001:0000442c       ??__E?s_id@?$TObjectUniqueID@UIModObject@base@UModSys@@@tl@UModSys@@2USUniquePointer@core@3@A@@YAXXZ 1000542c f    CIL library: CIL module
 0001:0000444e       ??__E?s_id@?$TObjectUniqueID@UIGenerator@base@UModSys@@@tl@UModSys@@2USUniquePointer@core@3@A@@YAXXZ 1000544e f    CIL library: CIL module
 0001:00004470       ??__E?s_id@?$TObjectUniqueID@UIShell@base@UModSys@@@tl@UModSys@@2USUniquePointer@core@3@A@@YAXXZ 10005470 f    CIL library: CIL module
 0001:00004492       ??__E?s_id@?$TObjectUniqueID@UIConsole@base@UModSys@@@tl@UModSys@@2USUniquePointer@core@3@A@@YAXXZ 10005492 f    CIL library: CIL module
 0001:000044b4       ??__E?s_id@?$TObjectUniqueID@UISystem@base@UModSys@@@tl@UModSys@@2USUniquePointer@core@3@A@@YAXXZ 100054b4 f    CIL library: CIL module
 0001:000044d6       ??__E?s_id@?$TObjectUniqueID@UIStreamReader@libmedia@UModSys@@@tl@UModSys@@2USUniquePointer@core@3@A@@YAXXZ 100054d6 f    CIL library: CIL module
 0001:000044f8       ??__E?s_id@?$TObjectUniqueID@UIStreamWriter@libmedia@UModSys@@@tl@UModSys@@2USUniquePointer@core@3@A@@YAXXZ 100054f8 f    CIL library: CIL module
 0001:0000451a       ??__E?s_id@?$TObjectUniqueID@UIBinArchive@libmedia@UModSys@@@tl@UModSys@@2USUniquePointer@core@3@A@@YAXXZ 1000551a f    CIL library: CIL module
 0001:0000453c       ??__E?s_id@?$TObjectUniqueID@UIBinObjFilter@libmedia@UModSys@@@tl@UModSys@@2USUniquePointer@core@3@A@@YAXXZ 1000553c f    CIL library: CIL module
 0001:0000455e       ??__E?s_id@?$TObjectUniqueID@UILibrary@libmedia@UModSys@@@tl@UModSys@@2USUniquePointer@core@3@A@@YAXXZ 1000555e f    CIL library: CIL module
 0001:00004580       ??__E?s_id@?$TObjectUniqueID@UILibraryBinTree@libmedia@UModSys@@@tl@UModSys@@2USUniquePointer@core@3@A@@YAXXZ 10005580 f    CIL library: CIL module
 0001:000045a2       ??__E?s_id@?$TObjectUniqueID@UILibraryBinCache@libmedia@UModSys@@@tl@UModSys@@2USUniquePointer@core@3@A@@YAXXZ 100055a2 f    CIL library: CIL module
 0001:000045c4       ??__E?s_id@?$TObjectUniqueID@UILibraryObjFilter@libmedia@UModSys@@@tl@UModSys@@2USUniquePointer@core@3@A@@YAXXZ 100055c4 f    CIL library: CIL module
 0001:000045e6       ??__E?s_id@?$TObjectUniqueID@UILibraryObjCache@libmedia@UModSys@@@tl@UModSys@@2USUniquePointer@core@3@A@@YAXXZ 100055e6 f    CIL library: CIL module
 0001:00004608       ??__E?s_id@?$TObjectUniqueID@UILibraryLayered@libmedia@UModSys@@@tl@UModSys@@2USUniquePointer@core@3@A@@YAXXZ 10005608 f    CIL library: CIL module
 0001:0000462a       ??__E?s_id@?$TObjectUniqueID@UILines@test1@test@modules@UModSys@@@tl@UModSys@@2USUniquePointer@core@3@A@@YAXXZ 1000562a f    CIL library: CIL module
 0001:0000464c       ??__E?s_id@?$TObjectUniqueID@URLines@test1@test@modules@UModSys@@@tl@UModSys@@2USUniquePointer@core@3@A@@YAXXZ 1000564c f    CIL library: CIL module
 0001:0000466e       ??__E?s_id@?$TObjectUniqueID@URLines_Filter@test1@test@modules@UModSys@@@tl@UModSys@@2USUniquePointer@core@3@A@@YAXXZ 1000566e f    CIL library: CIL module
 0001:00004690       ??__E?s_id@?$TObjectUniqueID@URTest1_Shell@test1@test@modules@UModSys@@@tl@UModSys@@2USUniquePointer@core@3@A@@YAXXZ 10005690 f    CIL library: CIL module
 0001:000046b2       ??__E?s_id@?$TObjectUniqueID@URGenerator@test1@test@modules@UModSys@@@tl@UModSys@@2USUniquePointer@core@3@A@@YAXXZ 100056b2 f    CIL library: CIL module
 0001:000046d4       ??__EM@UModSys@@YAXXZ      100056d4 f    CIL library: CIL module
 0001:000046e0       ??__E?root@SModuleRegChain@base@UModSys@@2U123@A@@YAXXZ 100056e0 f    CIL library: CIL module
 0001:000046ec       ??__E?s_library@RModuleLibraryReg_Chain@base@UModSys@@2U123@A@@YAXXZ 100056ec f    CIL library: CIL module
 0001:000046f8       ??__E?root@SUniquePointer@core@UModSys@@2U123@A@@YAXXZ 100056f8 f    CIL library: CIL module
 0001:00004704       ??__F?s_modreg@RModuleReg@test1@test@modules@UModSys@@2U12345@A@@YAXXZ 10005704 f    CIL library: CIL module
 0001:0000470f       ??__F?s_modreg_chain@RModuleReg@test1@test@modules@UModSys@@2USModuleRegChain@base@5@A@@YAXXZ 1000570f f    CIL library: CIL module
 0001:00004719       ??__F?s_uid@RGenerator@test1@test@modules@UModSys@@2USUniquePointer@core@5@A@@YAXXZ 10005719 f    CIL library: CIL module
 0001:00004723       ??__Fh@?1??s_holder@RGenerator@test1@test@modules@UModSys@@SAAAU?$TTypeStaticHolder@URGenerator@test1@test@modules@UModSys@@@tl@5@XZ@YAXXZ 10005723 f    CIL library: CIL module
 0001:00004740       ??__F?s_id@?$TObjectUniqueID@URGenerator@test1@test@modules@UModSys@@@tl@UModSys@@2USUniquePointer@core@3@A@@YAXXZ 10005740 f    CIL library: CIL module
 0001:0000474a       ??__F?s_id@?$TObjectUniqueID@URTest1_Shell@test1@test@modules@UModSys@@@tl@UModSys@@2USUniquePointer@core@3@A@@YAXXZ 1000574a f    CIL library: CIL module
 0001:00004754       ??__F?s_id@?$TObjectUniqueID@URLines_Filter@test1@test@modules@UModSys@@@tl@UModSys@@2USUniquePointer@core@3@A@@YAXXZ 10005754 f    CIL library: CIL module
 0001:0000475e       ??__F?s_id@?$TObjectUniqueID@URLines@test1@test@modules@UModSys@@@tl@UModSys@@2USUniquePointer@core@3@A@@YAXXZ 1000575e f    CIL library: CIL module
 0001:00004768       ??__F?s_id@?$TObjectUniqueID@UILines@test1@test@modules@UModSys@@@tl@UModSys@@2USUniquePointer@core@3@A@@YAXXZ 10005768 f    CIL library: CIL module
 0001:00004772       ??__F?s_id@?$TObjectUniqueID@UILibraryLayered@libmedia@UModSys@@@tl@UModSys@@2USUniquePointer@core@3@A@@YAXXZ 10005772 f    CIL library: CIL module
 0001:0000477c       ??__F?s_id@?$TObjectUniqueID@UILibraryObjCache@libmedia@UModSys@@@tl@UModSys@@2USUniquePointer@core@3@A@@YAXXZ 1000577c f    CIL library: CIL module
 0001:00004786       ??__F?s_id@?$TObjectUniqueID@UILibraryObjFilter@libmedia@UModSys@@@tl@UModSys@@2USUniquePointer@core@3@A@@YAXXZ 10005786 f    CIL library: CIL module
 0001:00004790       ??__F?s_id@?$TObjectUniqueID@UILibraryBinCache@libmedia@UModSys@@@tl@UModSys@@2USUniquePointer@core@3@A@@YAXXZ 10005790 f    CIL library: CIL module
 0001:0000479a       ??__F?s_id@?$TObjectUniqueID@UILibraryBinTree@libmedia@UModSys@@@tl@UModSys@@2USUniquePointer@core@3@A@@YAXXZ 1000579a f    CIL library: CIL module
 0001:000047a4       ??__F?s_id@?$TObjectUniqueID@UILibrary@libmedia@UModSys@@@tl@UModSys@@2USUniquePointer@core@3@A@@YAXXZ 100057a4 f    CIL library: CIL module
 0001:000047ae       ??__F?s_id@?$TObjectUniqueID@UIBinObjFilter@libmedia@UModSys@@@tl@UModSys@@2USUniquePointer@core@3@A@@YAXXZ 100057ae f    CIL library: CIL module
 0001:000047b8       ??__F?s_id@?$TObjectUniqueID@UIBinArchive@libmedia@UModSys@@@tl@UModSys@@2USUniquePointer@core@3@A@@YAXXZ 100057b8 f    CIL library: CIL module
 0001:000047c2       ??__F?s_id@?$TObjectUniqueID@UIStreamWriter@libmedia@UModSys@@@tl@UModSys@@2USUniquePointer@core@3@A@@YAXXZ 100057c2 f    CIL library: CIL module
 0001:000047cc       ??__F?s_id@?$TObjectUniqueID@UIStreamReader@libmedia@UModSys@@@tl@UModSys@@2USUniquePointer@core@3@A@@YAXXZ 100057cc f    CIL library: CIL module
 0001:000047d6       ??__F?s_id@?$TObjectUniqueID@UISystem@base@UModSys@@@tl@UModSys@@2USUniquePointer@core@3@A@@YAXXZ 100057d6 f    CIL library: CIL module
 0001:000047e0       ??__F?s_id@?$TObjectUniqueID@UIConsole@base@UModSys@@@tl@UModSys@@2USUniquePointer@core@3@A@@YAXXZ 100057e0 f    CIL library: CIL module
 0001:000047ea       ??__F?s_id@?$TObjectUniqueID@UIShell@base@UModSys@@@tl@UModSys@@2USUniquePointer@core@3@A@@YAXXZ 100057ea f    CIL library: CIL module
 0001:000047f4       ??__F?s_id@?$TObjectUniqueID@UIGenerator@base@UModSys@@@tl@UModSys@@2USUniquePointer@core@3@A@@YAXXZ 100057f4 f    CIL library: CIL module
 0001:000047fe       ??__F?s_id@?$TObjectUniqueID@UIModObject@base@UModSys@@@tl@UModSys@@2USUniquePointer@core@3@A@@YAXXZ 100057fe f    CIL library: CIL module
 0001:00004808       ??__F?s_id@?$TObjectUniqueID@UIModuleLibrary@base@UModSys@@@tl@UModSys@@2USUniquePointer@core@3@A@@YAXXZ 10005808 f    CIL library: CIL module
 0001:00004812       ??__F?s_id@?$TObjectUniqueID@UIModule@base@UModSys@@@tl@UModSys@@2USUniquePointer@core@3@A@@YAXXZ 10005812 f    CIL library: CIL module
 0001:0000481c       ??__F?s_id@?$TObjectUniqueID@UIParameters@core@UModSys@@@tl@UModSys@@2USUniquePointer@core@3@A@@YAXXZ 1000581c f    CIL library: CIL module
 0001:00004826       ??__F?s_id@?$TObjectUniqueID@UIRefObject@core@UModSys@@@tl@UModSys@@2USUniquePointer@core@3@A@@YAXXZ 10005826 f    CIL library: CIL module
 0001:00004830       ??__F?s_id@?$TObjectUniqueID@UIRoot@core@UModSys@@@tl@UModSys@@2USUniquePointer@core@3@A@@YAXXZ 10005830 f    CIL library: CIL module
 0001:0000483a       ??__FM@UModSys@@YAXXZ      1000583a f    CIL library: CIL module
 0001:0000483b       ??__F?root@SModuleRegChain@base@UModSys@@2U123@A@@YAXXZ 1000583b f    CIL library: CIL module
 0001:00004845       ??__F?s_library@RModuleLibraryReg_Chain@base@UModSys@@2U123@A@@YAXXZ 10005845 f    CIL library: CIL module
 0001:00004850       ??__F?root@SUniquePointer@core@UModSys@@2U123@A@@YAXXZ 10005850 f    CIL library: CIL module

 Exports

  ordinal    name

        1    _UModSys_Plugin_Entry2@0
