 plugin_test1

 Timestamp is 53304078 (Mon Mar 24 17:26:00 2014)

 Preferred load address is 10000000

 Start         Length     Name                   Class
 0001:00000000 0002ab31H .text                   CODE
 0001:0002ab31 00000966H .text$x                 CODE
 0001:0002b497 000012fbH .text$yc                CODE
 0001:0002c792 00000704H .text$yd                CODE
 0002:00000000 00000230H .idata$5                DATA
 0002:00000230 00000004H .CRT$XCA                DATA
 0002:00000234 000010d8H .CRT$XCU                DATA
 0002:0000130c 00000004H .CRT$XCZ                DATA
 0002:00001310 00000004H .CRT$XIA                DATA
 0002:00001314 00000004H .CRT$XIAA               DATA
 0002:00001318 00000004H .CRT$XIC                DATA
 0002:0000131c 00000004H .CRT$XIZ                DATA
 0002:00001320 0000d058H .rdata                  DATA
 0002:0000e378 00001ed8H .rdata$r                DATA
 0002:00010250 00000114H .rdata$sxdata           DATA
 0002:00010364 00000004H .rtc$IAA                DATA
 0002:00010368 00000004H .rtc$IZZ                DATA
 0002:0001036c 00000004H .rtc$TAA                DATA
 0002:00010370 00000004H .rtc$TZZ                DATA
 0002:00010378 00000f94H .xdata$x                DATA
 0002:0001130c 00000078H .idata$2                DATA
 0002:00011384 00000014H .idata$3                DATA
 0002:00011398 00000230H .idata$4                DATA
 0002:000115c8 000009feH .idata$6                DATA
 0002:00011fd0 0000005cH .edata                  DATA
 0003:00000000 00001680H .data                   DATA
 0003:00001680 00001a34H .bss                    DATA

  Address         Publics by Value              Rva+Base       Lib:Object

 0000:00000000       __except_list              00000000     <absolute>
 0000:00000045       ___safe_se_handler_count   00000045     <absolute>
 0000:00009876       __ldused                   00009876     <absolute>
 0000:00009876       __fltused                  00009876     <absolute>
 0000:00000000       ___ImageBase               10000000     <linker-defined>
 0001:00000000       ?new_data@SMemorySharedData@core@UModSys@@SAPAU123@IPBUSSourceContext@23@@Z 10001000 f i plugin_test1.obj
 0001:00000024       ??1SCMemShared@core@UModSys@@QAE@XZ 10001024 f i plugin_test1.obj
 0001:00000024       ??1SMemShared@core@UModSys@@QAE@XZ 10001024 f i plugin_test1.obj
 0001:00000024       ??1State@RImage_Memory@stdlib@lib2d@modules@UModSys@@QAE@XZ 10001024 f i umodsys_lib_lib2d:umodsys.mod.2d.stdlib.obj
 0001:0000002e       ?link@SMemShared@core@UModSys@@QAE_NPAUSMemorySharedData@23@PAUSSourceContext@23@@Z 1000102e f i plugin_test1.obj
 0001:0000002e       ?link@SCMemShared@core@UModSys@@QAE_NPAUSMemorySharedData@23@PAUSSourceContext@23@@Z 1000102e f i plugin_test1.obj
 0001:00000053       ??6SUniquePtrList@core@UModSys@@QAEAAU012@PBUSUniquePointerInfo@12@@Z 10001053 f i plugin_test1.obj
 0001:00000084       ??3IRoot@core@UModSys@@SAXPAXABUSIMemAlloc@12@@Z 10001084 f i plugin_test1.obj
 0001:0000009d       ?_root_get_other_interface@IRefObject@core@UModSys@@IBEPBUIRoot@23@PBUSUniquePointerInfo@23@@Z 1000109d f i plugin_test1.obj
 0001:0000009d       ?_root_get_other_interface@IRefObject@core@UModSys@@IAEPAUIRoot@23@PBUSUniquePointerInfo@23@@Z 1000109d f i plugin_test1.obj
 0001:000000be       ?_root_get_interface_types@IRefObject@core@UModSys@@SAIAAUSUniquePtrList@23@@Z 100010be f i plugin_test1.obj
 0001:000000de       ?_root_is_interface_supported@IRefObject@core@UModSys@@SA_NPBUSUniquePointerInfo@23@@Z 100010de f i plugin_test1.obj
 0001:000000f5       ??$slen@D@su@tl@UModSys@@YAIPBD@Z 100010f5 f i plugin_test1.obj
 0001:0000010e       ??$seq@D@su@tl@UModSys@@YA_NPBD0@Z 1000110e f i plugin_test1.obj
 0001:0000013b       ??0SParameters@core@UModSys@@QAE@PAUIParameters@12@PAXH@Z 1000113b f i plugin_test1.obj
 0001:0000015e       ?add@SParameters@core@UModSys@@QAE_NPBDH@Z 1000115e f i plugin_test1.obj
 0001:00000179       ?_root_get_other_interface@IGenerator@base@UModSys@@IAEPAUIRoot@core@3@PBUSUniquePointerInfo@53@@Z 10001179 f i plugin_test1.obj
 0001:00000179       ?_root_get_other_interface@IGenerator@base@UModSys@@IBEPBUIRoot@core@3@PBUSUniquePointerInfo@53@@Z 10001179 f i plugin_test1.obj
 0001:00000195       ?_root_is_interface_supported@IGenerator@base@UModSys@@SA_NPBUSUniquePointerInfo@core@3@@Z 10001195 f i plugin_test1.obj
 0001:000001b5       ?_root_is_interface_supported@IBinObjFilter@libmedia@UModSys@@SA_NPBUSUniquePointerInfo@core@3@@Z 100011b5 f i plugin_test1.obj
 0001:000001d5       ?get_buttonmask@SMouseInput@libui@UModSys@@QBEIW4eButtonInputStatus@23@@Z 100011d5 f i plugin_test1.obj
 0001:000001fc       ?set_info@IImage@lib2d@UModSys@@QAE_NW4eImageType@23@HHPBD@Z 100011fc f i plugin_test1.obj
 0001:00000227       ?render_text@IRenderDriver@lib2d@UModSys@@QAE_NABU?$TVector2@H@math3d@3@PBHHPBU?$TVector2@M@53@@Z 10001227 f i plugin_test1.obj
 0001:00000255       ??1IBinObjFilter@libmedia@UModSys@@UAE@XZ 10001255 f i plugin_test1.obj
 0001:0000025a       ??1ILibObject@libmedia@UModSys@@UAE@XZ 1000125a f i plugin_test1.obj
 0001:00000291       ?root_get_interface_info@RTest1_Shell@test1@test@modules@UModSys@@UBEABUSUniquePointerInfo@core@5@XZ 10001291 f i plugin_test1.obj
 0001:00000297       ?root_get_interface_type@RTest1_Shell@test1@test@modules@UModSys@@UBEPBUSUniquePointerInfo@core@5@XZ 10001297 f i plugin_test1.obj
 0001:0000029d       ?root_get_other_interface@RTest1_Shell@test1@test@modules@UModSys@@UAEPAUIRoot@core@5@PBUSUniquePointerInfo@75@@Z 1000129d f i plugin_test1.obj
 0001:0000029d       ?root_get_other_interface@RTest1_Shell@test1@test@modules@UModSys@@UBEPBUIRoot@core@5@PBUSUniquePointerInfo@75@@Z 1000129d f i plugin_test1.obj
 0001:000002be       ?root_is_interface_supported@RTest1_Shell@test1@test@modules@UModSys@@UBE_NPBUSUniquePointerInfo@core@5@@Z 100012be f i plugin_test1.obj
 0001:000002e5       ?ref_add@RTest1_Shell@test1@test@modules@UModSys@@UBEXXZ 100012e5 f i plugin_test1.obj
 0001:000002e9       ?ref_remove@RTest1_Shell@test1@test@modules@UModSys@@UBEXXZ 100012e9 f i plugin_test1.obj
 0001:000002f4       ?ref_links@RTest1_Shell@test1@test@modules@UModSys@@UBEHXZ 100012f4 f i plugin_test1.obj
 0001:000002f8       ?ref_weak@RTest1_Shell@test1@test@modules@UModSys@@UBE_NAAUWeakPointer@IRefObject@core@5@@Z 100012f8 f i plugin_test1.obj
 0001:00000317       ?suicide@RTest1_Shell@test1@test@modules@UModSys@@UAEXXZ 10001317 f i plugin_test1.obj
 0001:00000354       ?set@VertexPC@UI_Info@RTest1_Shell@test1@test@modules@UModSys@@QAEXABU?$TVector3@N@math3d@7@ABU?$TVector3@M@97@@Z 10001354 f i plugin_test1.obj
 0001:0000039e       ??0RTest1_Shell@test1@test@modules@UModSys@@QAE@PAUIModObject@base@4@@Z 1000139e f i plugin_test1.obj
 0001:000004b5       ??1RTest1_Shell@test1@test@modules@UModSys@@UAE@XZ 100014b5 f i plugin_test1.obj
 0001:0000053d       ?connect@RTest1_Shell@test1@test@modules@UModSys@@UAE_NXZ 1000153d f i plugin_test1.obj
 0001:00000555       ?disconnect@RTest1_Shell@test1@test@modules@UModSys@@UAE_NXZ 10001555 f i plugin_test1.obj
 0001:0000056d       ?process_tick@RTest1_Shell@test1@test@modules@UModSys@@UAE_NABUSTimeMsec@core@5@@Z 1000156d f i plugin_test1.obj
 0001:00000599       ?process_command@RTest1_Shell@test1@test@modules@UModSys@@UAE_NHQBU?$TString@U?$TSCoreConst@D@su@tl@UModSys@@U?$TComparerBinaryHash@D@234@@tl@5@@Z 10001599 f i plugin_test1.obj
 0001:000005b8       ??_GRTest1_Shell@test1@test@modules@UModSys@@UAEPAXI@Z 100015b8 f i plugin_test1.obj
 0001:000005b8       ??_ERTest1_Shell@test1@test@modules@UModSys@@UAEPAXI@Z 100015b8 f i  CIL library: CIL module
 0001:000005d5       ?set_value@Prop@Aux@RTest1_Shell@test1@test@modules@UModSys@@UAE_NABUSPropValueR@core@7@@Z 100015d5 f i plugin_test1.obj
 0001:00000663       ?set_value@PropX@Aux@RTest1_Shell@test1@test@modules@UModSys@@UAE_NPBUSUniquePointerInfo@core@7@ABUSPropValueR@97@@Z 10001663 f i plugin_test1.obj
 0001:0000078d       ?aux_tests@RTest1_Shell@test1@test@modules@UModSys@@QAEXXZ 1000178d f   plugin_test1.obj
 0001:00000902       ??1?$TParametersA@$0BAA@@core@UModSys@@QAE@XZ 10001902 f i umodsys_lib_libui:umodsys.mod.ui.SDL_core.obj
 0001:00000902       ??1?$TParametersA@$0EAA@@core@UModSys@@QAE@XZ 10001902 f i plugin_test1.obj
 0001:00000902       ??1SParameters@core@UModSys@@QAE@XZ 10001902 f i plugin_test1.obj
 0001:00000902       ??1?$TParametersA@$0BAL@@core@UModSys@@QAE@XZ 10001902 f i umodsys_lib_lib2d:umodsys.mod.2d.stdlib.obj
 0001:0000090f       ?ui_newframes@RTest1_Shell@test1@test@modules@UModSys@@SA?AU?$TRefObject@UICollector@libui@UModSys@@U?$TRefObjectFunc@UICollector@libui@UModSys@@@tl@3@@tl@5@ABU?$TString@U?$TSCoreConst@D@su@tl@UModSys@@U?$TComparerBinaryHash@D@234@@75@ABUSParameters@core@5@@Z 1000190f f   plugin_test1.obj
 0001:0000092d       ?ui_newterm@RTest1_Shell@test1@test@modules@UModSys@@SA?AU?$TRefObject@UITerminal@libui@UModSys@@U?$TRefObjectFunc@UITerminal@libui@UModSys@@@tl@3@@tl@5@ABU?$TString@U?$TSCoreConst@D@su@tl@UModSys@@U?$TComparerBinaryHash@D@234@@75@ABUSParameters@core@5@@Z 1000192d f   plugin_test1.obj
 0001:0000094b       ?key_pressed@RTest1_Shell@test1@test@modules@UModSys@@UAE_NABUSKeyboardInputRaw@libui@5@@Z 1000194b f   plugin_test1.obj
 0001:0000098d       ?key_text@RTest1_Shell@test1@test@modules@UModSys@@UAE_NABUSKeyboardInputText@libui@5@@Z 1000198d f   plugin_test1.obj
 0001:000009c6       ?mouse_event@RTest1_Shell@test1@test@modules@UModSys@@UAE_NABUSMouseInput@libui@5@@Z 100019c6 f   plugin_test1.obj
 0001:00000a0a       ?command@RTest1_Shell@test1@test@modules@UModSys@@UAE_NABUSController@libui@5@HABUSFrameDataIn@75@@Z 10001a0a f   plugin_test1.obj
 0001:00000a45       ?db_get@RTest1_Shell@test1@test@modules@UModSys@@UAE_NABUSController@libui@5@QBDABUSFrameDataOut@75@@Z 10001a45 f   plugin_test1.obj
 0001:00000a9a       ?db_get@RTest1_Shell@test1@test@modules@UModSys@@UAE_NABUSController@libui@5@QBDHABUSFrameDataOut@75@@Z 10001a9a f   plugin_test1.obj
 0001:00000aef       ?setup_array@RRenderDriver3D@SDL_GL@ui@modules@UModSys@@UAE_NPAUIVertexArray@lib3d@5@W4eVertexClass@75@H@Z 10001aef f   umodsys_lib_libui:umodsys.mod.ui.SDL_GL.obj
 0001:00000aef       ?setup_variable_cell@RMultiImage2D_SDL_ttf@SDL_GL@ui@modules@UModSys@@UAE_NPBUSImageCellInfo@lib2d@5@KK@Z 10001aef f   umodsys_lib_libui:umodsys.mod.ui.SDL_GL.obj
 0001:00000aef       ?key_setmodifier@RKeyboardController@SDL_core@ui@modules@UModSys@@UAE_NHHH@Z 10001aef f   umodsys_lib_libui:umodsys.mod.ui.SDL_core.obj
 0001:00000aef       ?setup_clearlights@RRenderDriver3D@SDL_GL@ui@modules@UModSys@@UAE_NW4eLightType@lib3d@5@_N1@Z 10001aef f   umodsys_lib_libui:umodsys.mod.ui.SDL_GL.obj
 0001:00000aef       ?setup_variable_cell@RMultiImage2D_SDL_ttf@SDL_core@ui@modules@UModSys@@UAE_NPBUSImageCellInfo@lib2d@5@KK@Z 10001aef f   umodsys_lib_libui:umodsys.mod.ui.SDL_core.obj
 0001:00000aef       ?command_draw@RTest1_Shell@test1@test@modules@UModSys@@UAE_NABUSController@libui@5@PAUIRenderDriver@lib2d@5@ABU?$TBoundBox2@H@math3d@5@@Z 10001aef f   plugin_test1.obj
 0001:00000aef       ?key_setmodifier@RKeyboardController@SDL_GL@ui@modules@UModSys@@UAE_NHHH@Z 10001aef f   umodsys_lib_libui:umodsys.mod.ui.SDL_GL.obj
 0001:00000af4       ?font_2d@UI_Info@RTest1_Shell@test1@test@modules@UModSys@@QAE_NXZ 10001af4 f   plugin_test1.obj
 0001:00000c2b       ?init_term@UI_Info@RTest1_Shell@test1@test@modules@UModSys@@QAE_NPBD@Z 10001c2b f   plugin_test1.obj
 0001:00000e16       ?create_3d@UI_Info@RTest1_Shell@test1@test@modules@UModSys@@QAE_NPBD@Z 10001e16 f   plugin_test1.obj
 0001:00000ef7       ?new_frames@UI_Info@RTest1_Shell@test1@test@modules@UModSys@@QAE_NPAUIController@libui@6@@Z 10001ef7 f   plugin_test1.obj
 0001:00001387       ??1SFrameCreateParameters@libui@UModSys@@QAE@XZ 10002387 f i plugin_test1.obj
 0001:00001398       ?shutdown@UI_Info@RTest1_Shell@test1@test@modules@UModSys@@QAEXXZ 10002398 f   plugin_test1.obj
 0001:000013cd       ?new_va_1@UI_Info@RTest1_Shell@test1@test@modules@UModSys@@QAE_NXZ 100023cd f   plugin_test1.obj
 0001:00001746       ?fps_move@UI_Info@RTest1_Shell@test1@test@modules@UModSys@@QAEXNNN@Z 10002746 f   plugin_test1.obj
 0001:00001854       ?fps2_move@UI_Info@RTest1_Shell@test1@test@modules@UModSys@@QAEXHN@Z 10002854 f   plugin_test1.obj
 0001:000018ae       ?fps2_add_rot@UI_Info@RTest1_Shell@test1@test@modules@UModSys@@QAEXNN@Z 100028ae f   plugin_test1.obj
 0001:000019a8       ?fps_add_rot@UI_Info@RTest1_Shell@test1@test@modules@UModSys@@QAEXNN@Z 100029a8 f   plugin_test1.obj
 0001:00001a37       ?key_pressed@UI_Info@RTest1_Shell@test1@test@modules@UModSys@@UAE_NABUSKeyboardInputRaw@libui@6@@Z 10002a37 f   plugin_test1.obj
 0001:00001ad9       ?mouse_event@UI_Info@RTest1_Shell@test1@test@modules@UModSys@@UAE_NABUSMouseInput@libui@6@@Z 10002ad9 f   plugin_test1.obj
 0001:00001b29       ?cycle3d@UI_Info@RTest1_Shell@test1@test@modules@UModSys@@QAEXXZ 10002b29 f   plugin_test1.obj
 0001:00001e4e       ??0UI_Info@RTest1_Shell@test1@test@modules@UModSys@@QAE@XZ 10002e4e f i plugin_test1.obj
 0001:00001e86       ??1UI_Info@RTest1_Shell@test1@test@modules@UModSys@@QAE@XZ 10002e86 f i plugin_test1.obj
 0001:00001f7a       ?ui_test2@RTest1_Shell@test1@test@modules@UModSys@@QAEXXZ 10002f7a f   plugin_test1.obj
 0001:00002092       ?get_generated_names@RGenerator@test1@test@modules@UModSys@@UBEHAAUSUniquePtrList@core@5@@Z 10003092 f i plugin_test1.obj
 0001:000020ab       ?get_generated_types@RGenerator@test1@test@modules@UModSys@@UBEHAAUSUniquePtrList@core@5@PBUSUniquePointerInfo@75@@Z 100030ab f i plugin_test1.obj
 0001:000020df       ?generate@RGenerator@test1@test@modules@UModSys@@UAE_NAAU?$TRefObject@UIRefObject@core@UModSys@@U?$TRefObjectFunc@UIRefObject@core@UModSys@@@tl@3@@tl@5@PBUSUniquePointerInfo@core@5@ABUSParameters@95@@Z 100030df f i plugin_test1.obj
 0001:00002161       ?root_get_interface_info@RGenerator@test1@test@modules@UModSys@@UBEABUSUniquePointerInfo@core@5@XZ 10003161 f i plugin_test1.obj
 0001:00002167       ?root_get_interface_type@RGenerator@test1@test@modules@UModSys@@UBEPBUSUniquePointerInfo@core@5@XZ 10003167 f i plugin_test1.obj
 0001:0000216d       ?root_get_other_interface@RGenerator@test1@test@modules@UModSys@@UAEPAUIRoot@core@5@PBUSUniquePointerInfo@75@@Z 1000316d f i plugin_test1.obj
 0001:0000216d       ?root_get_other_interface@RGenerator@test1@test@modules@UModSys@@UBEPBUIRoot@core@5@PBUSUniquePointerInfo@75@@Z 1000316d f i plugin_test1.obj
 0001:00002186       ?root_is_interface_supported@RGenerator@test1@test@modules@UModSys@@UBE_NPBUSUniquePointerInfo@core@5@@Z 10003186 f i plugin_test1.obj
 0001:000021a5       ?get_uid@RGenerator@test1@test@modules@UModSys@@UBEPBUSUniquePointerInfo@core@5@XZ 100031a5 f i plugin_test1.obj
 0001:000021ab       ?do_open@RModuleReg@test1@test@modules@UModSys@@UAE_NXZ 100031ab f i plugin_test1.obj
 0001:0000220e       ?do_close@RModuleReg@test1@test@modules@UModSys@@UAE_NXZ 1000320e f i plugin_test1.obj
 0001:0000225e       ?get_module@RGenerator@test1@test@modules@UModSys@@UBEPAUIModule@base@5@XZ 1000325e f   plugin_test1.obj
 0001:00002264       ?mod_inc@RGenerator@test1@test@modules@UModSys@@UBE_NXZ 10003264 f   plugin_test1.obj
 0001:0000226f       ?mod_dec@RGenerator@test1@test@modules@UModSys@@UBE_NXZ 1000326f f   plugin_test1.obj
 0001:0000227a       ?s_holder@RGenerator@test1@test@modules@UModSys@@SAAAU?$TTypeStaticHolder@URGenerator@test1@test@modules@UModSys@@@tl@5@XZ 1000327a f   plugin_test1.obj
 0001:000022ac       ??0?$TString@U?$TSCoreConst@D@su@tl@UModSys@@U?$TComparerBinaryHash@D@234@@tl@UModSys@@QAE@PBD@Z 100032ac f i plugin_test1.obj
 0001:000022d1       ??8?$TString@U?$TSCoreConst@D@su@tl@UModSys@@U?$TComparerBinaryHash@D@234@@tl@UModSys@@QBE_NPBD@Z 100032d1 f i plugin_test1.obj
 0001:000022f3       ??4?$TString@U?$TSCoreConst@D@su@tl@UModSys@@U?$TComparerBinaryHash@D@234@@tl@UModSys@@QAEABU012@PBD@Z 100032f3 f i plugin_test1.obj
 0001:0000230f       ??0?$TString@U?$TSCoreShared@USIMemAlloc@core@UModSys@@D@su@tl@UModSys@@U?$TComparerBinaryHash@D@234@@tl@UModSys@@QAE@XZ 1000330f f i plugin_test1.obj
 0001:00002325       ??4?$TString@U?$TSCoreShared@USIMemAlloc@core@UModSys@@D@su@tl@UModSys@@U?$TComparerBinaryHash@D@234@@tl@UModSys@@QAEABU012@ABU012@@Z 10003325 f i plugin_test1.obj
 0001:00002347       ?normalize@?$TVector3@N@math3d@UModSys@@QAENXZ 10003347 f i plugin_test1.obj
 0001:0000239e       ??4?$TRefObject@UIImage@lib2d@UModSys@@U?$TRefObjectFunc@UIImage@lib2d@UModSys@@@tl@3@@tl@UModSys@@QAEABU012@PAUIImage@lib2d@2@@Z 1000339e f i plugin_test1.obj
 0001:0000239e       ??4?$TRefObject@URFrame_Common@frames@ui@modules@UModSys@@U?$TRefObjectFunc@URFrame_Common@frames@ui@modules@UModSys@@@tl@5@@tl@UModSys@@QAEABU012@PAURFrame_Common@frames@ui@modules@2@@Z 1000339e f i umodsys_lib_libui:umodsys.mod.ui.frames.obj
 0001:0000239e       ??4?$TRefObject@UIMultiImage@lib2d@UModSys@@U?$TRefObjectFunc@UIMultiImage@lib2d@UModSys@@@tl@3@@tl@UModSys@@QAEABU012@PAUIMultiImage@lib2d@2@@Z 1000339e f i plugin_test1.obj
 0001:0000239e       ??4?$TRefObject@UIRenderDriver@lib2d@UModSys@@U?$TRefObjectFunc@UIRenderDriver@lib2d@UModSys@@@tl@3@@tl@UModSys@@QAEABU012@PAUIRenderDriver@lib2d@2@@Z 1000339e f i plugin_test1.obj
 0001:0000239e       ??4?$TRefObject@UIRefObject@core@UModSys@@U?$TRefObjectFunc@UIRefObject@core@UModSys@@@tl@3@@tl@UModSys@@QAEABU012@PAUIRefObject@core@2@@Z 1000339e f i plugin_test1.obj
 0001:000023b9       ??4?$TRefObject@UIVertexArray@lib3d@UModSys@@U?$TRefObjectFunc@UIVertexArray@lib3d@UModSys@@@tl@3@@tl@UModSys@@QAEABU012@ABU012@@Z 100033b9 f i plugin_test1.obj
 0001:000023d8       ??0?$TParametersA@$0EAA@@core@UModSys@@QAE@XZ 100033d8 f i plugin_test1.obj
 0001:000023fa       ?update@?$TComparerBinaryHash@D@su@tl@UModSys@@QAEXPBDI@Z 100033fa f i plugin_test1.obj
 0001:00002431       ?info_release@?$TSCoreShared@USIMemAlloc@core@UModSys@@D@su@tl@UModSys@@QAEXXZ 10003431 f i plugin_test1.obj
 0001:0000246a       ?info_new@?$TSCoreShared@USIMemAlloc@core@UModSys@@D@su@tl@UModSys@@QAE_NPBDI@Z 1000346a f i plugin_test1.obj
 0001:000024ce       ?get_null@?$TSCoreShared@USIMemAlloc@core@UModSys@@D@su@tl@UModSys@@SAPAU?$TSharedStringInfo@DUSIMemAlloc@core@UModSys@@@234@XZ 100034ce f i plugin_test1.obj
 0001:00002506       ?mult3@?$TMatrix44@N@math3d@UModSys@@QAEXABU123@0@Z 10003506 f i plugin_test1.obj
 0001:000025e1       ?set_rotate_about@?$TMatrix44@N@math3d@UModSys@@QAEXABU?$TVector3@N@23@N@Z 100035e1 f i plugin_test1.obj
 0001:0000270f       ?set_inversed@?$TMatrix44@N@math3d@UModSys@@QAE_NABU123@@Z 1000370f f i plugin_test1.obj
 0001:00002ae6       ??$get_as@H@SPropValueR@core@UModSys@@QBE_NAAPBH@Z 10003ae6 f i plugin_test1.obj
 0001:00002b0c       ??$get_as@M@SPropValueR@core@UModSys@@QBE_NAAPBM@Z 10003b0c f i plugin_test1.obj
 0001:00002b32       ??$generate_type@UICollector@libui@UModSys@@@RTest1_Shell@test1@test@modules@UModSys@@SA?AU?$TRefObject@UICollector@libui@UModSys@@U?$TRefObjectFunc@UICollector@libui@UModSys@@@tl@3@@tl@4@ABU?$TString@U?$TSCoreConst@D@su@tl@UModSys@@U?$TComparerBinaryHash@D@234@@64@ABUSParameters@core@4@PBD@Z 10003b32 f i plugin_test1.obj
 0001:00002c2c       ??$generate_type@UITerminal@libui@UModSys@@@RTest1_Shell@test1@test@modules@UModSys@@SA?AU?$TRefObject@UITerminal@libui@UModSys@@U?$TRefObjectFunc@UITerminal@libui@UModSys@@@tl@3@@tl@4@ABU?$TString@U?$TSCoreConst@D@su@tl@UModSys@@U?$TComparerBinaryHash@D@234@@64@ABUSParameters@core@4@PBD@Z 10003c2c f i plugin_test1.obj
 0001:00002d26       ??$t_create_handler@UIKeyboardController@libui@UModSys@@@ITerminal@libui@UModSys@@QAE_NAAU?$TRefObject@UIKeyboardController@libui@UModSys@@U?$TRefObjectFunc@UIKeyboardController@libui@UModSys@@@tl@3@@tl@2@PBDPBUSParameters@core@2@@Z 10003d26 f i plugin_test1.obj
 0001:00002da8       ??$t_create_handler@UIMouseController@libui@UModSys@@@ITerminal@libui@UModSys@@QAE_NAAU?$TRefObject@UIMouseController@libui@UModSys@@U?$TRefObjectFunc@UIMouseController@libui@UModSys@@@tl@3@@tl@2@PBDPBUSParameters@core@2@@Z 10003da8 f i plugin_test1.obj
 0001:00002e2a       ??$t_create_handler@UIRenderDriver@lib3d@UModSys@@@ITerminal@libui@UModSys@@QAE_NAAU?$TRefObject@UIRenderDriver@lib3d@UModSys@@U?$TRefObjectFunc@UIRenderDriver@lib3d@UModSys@@@tl@3@@tl@2@PBDPBUSParameters@core@2@@Z 10003e2a f i plugin_test1.obj
 0001:00002eae       ??1?$TRefObject@UIModObject@base@UModSys@@U?$TModObjectFunc@UIModObject@base@UModSys@@@tl@3@@tl@UModSys@@QAE@XZ 10003eae f i plugin_test1.obj
 0001:00002ec4       ?get_determinant@?$TMatrix44@N@math3d@UModSys@@QBENXZ 10003ec4 f i plugin_test1.obj
 0001:00002f80       ?s_init@?$TModObjectFunc@UIModObject@base@UModSys@@@tl@UModSys@@SAXAAPAUIModObject@base@3@PAU453@@Z 10003f80 f i plugin_test1.obj
 0001:00002f99       ??$t_ref_get_other_interface@UIStreamReader@libmedia@UModSys@@U?$TRefObjectFunc@UIStreamReader@libmedia@UModSys@@@tl@3@@IRefObject@core@UModSys@@QAE_NAAU?$TRefObject@UIStreamReader@libmedia@UModSys@@U?$TRefObjectFunc@UIStreamReader@libmedia@UModSys@@@tl@3@@tl@2@@Z 10003f99 f i plugin_test1.obj
 0001:00002fc8       ??$t_ref_get_other_interface@UIStreamWriter@libmedia@UModSys@@U?$TRefObjectFunc@UIStreamWriter@libmedia@UModSys@@@tl@3@@IRefObject@core@UModSys@@QAE_NAAU?$TRefObject@UIStreamWriter@libmedia@UModSys@@U?$TRefObjectFunc@UIStreamWriter@libmedia@UModSys@@@tl@3@@tl@2@@Z 10003fc8 f i plugin_test1.obj
 0001:00002ff7       ??$t_generate@UICollector@libui@UModSys@@@SModuleContext@base@UModSys@@QAE_NAAU?$TRefObject@UICollector@libui@UModSys@@U?$TRefObjectFunc@UICollector@libui@UModSys@@@tl@3@@tl@2@PBUSUniquePointerInfo@core@2@ABUSParameters@62@@Z 10003ff7 f i plugin_test1.obj
 0001:00003093       ??$t_generate@UITerminal@libui@UModSys@@@SModuleContext@base@UModSys@@QAE_NAAU?$TRefObject@UITerminal@libui@UModSys@@U?$TRefObjectFunc@UITerminal@libui@UModSys@@@tl@3@@tl@2@PBUSUniquePointerInfo@core@2@ABUSParameters@62@@Z 10004093 f i plugin_test1.obj
 0001:0000312f       ??$t_ref_get_other_interface@UIImageFactory@lib2d@UModSys@@U?$TRefObjectFunc@UIImageFactory@lib2d@UModSys@@@tl@3@@IRefObject@core@UModSys@@QAE_NAAU?$TRefObject@UIImageFactory@lib2d@UModSys@@U?$TRefObjectFunc@UIImageFactory@lib2d@UModSys@@@tl@3@@tl@2@@Z 1000412f f i plugin_test1.obj
 0001:0000315e       ??$t_ref_get_other_interface@UIMultiImage@lib2d@UModSys@@U?$TRefObjectFunc@UIMultiImage@lib2d@UModSys@@@tl@3@@IRefObject@core@UModSys@@QAE_NAAU?$TRefObject@UIMultiImage@lib2d@UModSys@@U?$TRefObjectFunc@UIMultiImage@lib2d@UModSys@@@tl@3@@tl@2@@Z 1000415e f i plugin_test1.obj
 0001:0000317e       ?alloc@SMemShared@core@UModSys@@QAE_NIPAUSSourceContext@23@@Z 1000417e f i umodsys_lib_lib2d:umodsys.mod.2d.stdlib.obj
 0001:00003197       ?get@SMemShared@core@UModSys@@QBE?AUSMem@23@XZ 10004197 f i umodsys_lib_libmedia:umodsys.mod.media.images_std.obj
 0001:00003197       ??BSCMemShared@core@UModSys@@QBE?AUSCMem@12@XZ 10004197 f i plugin_test1.obj
 0001:00003197       ??BSMemShared@core@UModSys@@QBE?AUSMem@12@XZ 10004197 f i umodsys_lib_lib2d:umodsys.mod.2d.stdlib.obj
 0001:000031c7       ?ConvertSameSize@stdlib@lib2d@modules@UModSys@@YA_NW4eImageType@24@ABU?$TVector2@H@math3d@4@11ABUSMem@core@4@11ABUSCMem@94@@Z 100041c7 f i umodsys_lib_lib2d:umodsys.mod.2d.stdlib.obj
 0001:0000324a       ?ConvertSame@stdlib@lib2d@modules@UModSys@@YA_NW4eImageType@24@ABU?$TBoundBox2@H@math3d@4@ABU?$TVector2@H@74@ABUSMem@core@4@12ABUSCMem@core@4@@Z 1000424a f i umodsys_lib_lib2d:umodsys.mod.2d.stdlib.obj
 0001:000032ad       ?Convert@stdlib@lib2d@modules@UModSys@@YA_NABU?$TBoundBox2@H@math3d@4@ABUSImageInfo@24@ABUSMem@core@4@01ABUSCMem@94@@Z 100042ad f i umodsys_lib_lib2d:umodsys.mod.2d.stdlib.obj
 0001:0000330f       ?root_get_interface_info@RImage_Memory@stdlib@lib2d@modules@UModSys@@UBEABUSUniquePointerInfo@core@5@XZ 1000430f f i umodsys_lib_lib2d:umodsys.mod.2d.stdlib.obj
 0001:00003315       ?root_get_interface_type@RImage_Memory@stdlib@lib2d@modules@UModSys@@UBEPBUSUniquePointerInfo@core@5@XZ 10004315 f i umodsys_lib_lib2d:umodsys.mod.2d.stdlib.obj
 0001:0000331b       ?root_get_other_interface@RImage_Memory@stdlib@lib2d@modules@UModSys@@UAEPAUIRoot@core@5@PBUSUniquePointerInfo@75@@Z 1000431b f i umodsys_lib_lib2d:umodsys.mod.2d.stdlib.obj
 0001:0000331b       ?root_get_other_interface@RImage_Memory@stdlib@lib2d@modules@UModSys@@UBEPBUIRoot@core@5@PBUSUniquePointerInfo@75@@Z 1000431b f i umodsys_lib_lib2d:umodsys.mod.2d.stdlib.obj
 0001:0000333c       ?root_is_interface_supported@RImage_Memory@stdlib@lib2d@modules@UModSys@@UBE_NPBUSUniquePointerInfo@core@5@@Z 1000433c f i umodsys_lib_lib2d:umodsys.mod.2d.stdlib.obj
 0001:00003363       ??0State@RImage_Memory@stdlib@lib2d@modules@UModSys@@QAE@XZ 10004363 f i umodsys_lib_lib2d:umodsys.mod.2d.stdlib.obj
 0001:00003395       ?root_get_interface_info@RImageFactory_Memory@stdlib@lib2d@modules@UModSys@@UBEABUSUniquePointerInfo@core@5@XZ 10004395 f i umodsys_lib_lib2d:umodsys.mod.2d.stdlib.obj
 0001:0000339b       ?root_get_interface_type@RImageFactory_Memory@stdlib@lib2d@modules@UModSys@@UBEPBUSUniquePointerInfo@core@5@XZ 1000439b f i umodsys_lib_lib2d:umodsys.mod.2d.stdlib.obj
 0001:000033a1       ?root_get_other_interface@RImageFactory_Memory@stdlib@lib2d@modules@UModSys@@UBEPBUIRoot@core@5@PBUSUniquePointerInfo@75@@Z 100043a1 f i umodsys_lib_lib2d:umodsys.mod.2d.stdlib.obj
 0001:000033a1       ?root_get_other_interface@RImageFactory_Memory@stdlib@lib2d@modules@UModSys@@UAEPAUIRoot@core@5@PBUSUniquePointerInfo@75@@Z 100043a1 f i umodsys_lib_lib2d:umodsys.mod.2d.stdlib.obj
 0001:000033c2       ?root_is_interface_supported@RImageFactory_Memory@stdlib@lib2d@modules@UModSys@@UBE_NPBUSUniquePointerInfo@core@5@@Z 100043c2 f i umodsys_lib_lib2d:umodsys.mod.2d.stdlib.obj
 0001:000033e9       ?ref_remove@RBinArchiveFrameClient_ZIP@zlib@media@modules@UModSys@@UBEXXZ 100043e9 f i umodsys_lib_libmedia:umodsys.mod.media.zlib.obj
 0001:000033e9       ?ref_remove@RMultiImage@stdlib@lib2d@modules@UModSys@@UBEXXZ 100043e9 f i umodsys_lib_lib2d:umodsys.mod.2d.stdlib.obj
 0001:000033e9       ?ref_remove@RMultiImage2D_SDL_ttf@SDL_GL@ui@modules@UModSys@@UBEXXZ 100043e9 f i umodsys_lib_libui:umodsys.mod.ui.SDL_GL.obj
 0001:000033e9       ?ref_remove@RDialog@frames@ui@modules@UModSys@@UBEXXZ 100043e9 f i umodsys_lib_libui:umodsys.mod.ui.frames.obj
 0001:000033e9       ?ref_remove@RGenerator@serialize_json@media@modules@UModSys@@UBEXXZ 100043e9 f i umodsys_lib_libmedia:umodsys.mod.media.serialize_json.obj
 0001:000033e9       ?ref_remove@RGenerator@zlib@media@modules@UModSys@@UBEXXZ 100043e9 f i umodsys_lib_libmedia:umodsys.mod.media.zlib.obj
 0001:000033e9       ?ref_remove@RImageFactory_Memory@stdlib@lib2d@modules@UModSys@@UBEXXZ 100043e9 f i umodsys_lib_lib2d:umodsys.mod.2d.stdlib.obj
 0001:000033e9       ?ref_remove@RTerminal@SDL_core@ui@modules@UModSys@@UBEXXZ 100043e9 f i umodsys_lib_libui:umodsys.mod.ui.SDL_core.obj
 0001:000033e9       ?ref_remove@RMultiImage2D_SDL_ttf@SDL_core@ui@modules@UModSys@@UBEXXZ 100043e9 f i umodsys_lib_libui:umodsys.mod.ui.SDL_core.obj
 0001:000033e9       ?ref_remove@RSerializeReader@serialize_json@media@modules@UModSys@@UBEXXZ 100043e9 f i umodsys_lib_libmedia:umodsys.mod.media.serialize_json.obj
 0001:000033e9       ?ref_remove@RTerminal@SDL_GL@ui@modules@UModSys@@UBEXXZ 100043e9 f i umodsys_lib_libui:umodsys.mod.ui.SDL_GL.obj
 0001:000033e9       ?ref_remove@RGenerator@SDL_GL@ui@modules@UModSys@@UBEXXZ 100043e9 f i umodsys_lib_libui:umodsys.mod.ui.SDL_GL.obj
 0001:000033e9       ?ref_remove@RGenerator@images_std@media@modules@UModSys@@UBEXXZ 100043e9 f i umodsys_lib_libmedia:umodsys.mod.media.images_std.obj
 0001:000033e9       ?ref_remove@RGenerator@test1@test@modules@UModSys@@UBEXXZ 100043e9 f i plugin_test1.obj
 0001:000033e9       ?ref_remove@RVertexArray@SDL_GL@ui@modules@UModSys@@UBEXXZ 100043e9 f i umodsys_lib_libui:umodsys.mod.ui.SDL_GL.obj
 0001:000033e9       ?ref_remove@RImage_Memory@stdlib@lib2d@modules@UModSys@@UBEXXZ 100043e9 f i umodsys_lib_lib2d:umodsys.mod.2d.stdlib.obj
 0001:000033e9       ?ref_remove@RGenerator@SDL_core@ui@modules@UModSys@@UBEXXZ 100043e9 f i umodsys_lib_libui:umodsys.mod.ui.SDL_core.obj
 0001:000033e9       ?ref_remove@RGenerator@stdlib@lib2d@modules@UModSys@@UBEXXZ 100043e9 f i umodsys_lib_lib2d:umodsys.mod.2d.stdlib.obj
 0001:000033e9       ?ref_remove@RGenerator@frames@ui@modules@UModSys@@UBEXXZ 100043e9 f i umodsys_lib_libui:umodsys.mod.ui.frames.obj
 0001:000033f4       ?suicide@RImageFactory_Memory@stdlib@lib2d@modules@UModSys@@UAEXXZ 100043f4 f i umodsys_lib_lib2d:umodsys.mod.2d.stdlib.obj
 0001:000033f4       ?suicide@RTerminal@SDL_GL@ui@modules@UModSys@@UAEXXZ 100043f4 f i umodsys_lib_libui:umodsys.mod.ui.SDL_GL.obj
 0001:000033f4       ?suicide@RTerminal@SDL_core@ui@modules@UModSys@@UAEXXZ 100043f4 f i umodsys_lib_libui:umodsys.mod.ui.SDL_core.obj
 0001:000033f4       ?suicide@RSerializeReader@serialize_json@media@modules@UModSys@@UAEXXZ 100043f4 f i umodsys_lib_libmedia:umodsys.mod.media.serialize_json.obj
 0001:000033f4       ?suicide@RImage_Memory@stdlib@lib2d@modules@UModSys@@UAEXXZ 100043f4 f i umodsys_lib_lib2d:umodsys.mod.2d.stdlib.obj
 0001:000033f4       ?suicide@RBinArchiveFrameClient_ZIP@zlib@media@modules@UModSys@@UAEXXZ 100043f4 f i umodsys_lib_libmedia:umodsys.mod.media.zlib.obj
 0001:000033f4       ?suicide@RMultiImage@stdlib@lib2d@modules@UModSys@@UAEXXZ 100043f4 f i umodsys_lib_lib2d:umodsys.mod.2d.stdlib.obj
 0001:00003431       ?root_get_interface_info@RMultiImage@stdlib@lib2d@modules@UModSys@@UBEABUSUniquePointerInfo@core@5@XZ 10004431 f i umodsys_lib_lib2d:umodsys.mod.2d.stdlib.obj
 0001:00003437       ?root_get_interface_type@RMultiImage@stdlib@lib2d@modules@UModSys@@UBEPBUSUniquePointerInfo@core@5@XZ 10004437 f i umodsys_lib_lib2d:umodsys.mod.2d.stdlib.obj
 0001:0000343d       ?root_get_other_interface@RMultiImage@stdlib@lib2d@modules@UModSys@@UAEPAUIRoot@core@5@PBUSUniquePointerInfo@75@@Z 1000443d f i umodsys_lib_lib2d:umodsys.mod.2d.stdlib.obj
 0001:0000343d       ?root_get_other_interface@RMultiImage@stdlib@lib2d@modules@UModSys@@UBEPBUIRoot@core@5@PBUSUniquePointerInfo@75@@Z 1000443d f i umodsys_lib_lib2d:umodsys.mod.2d.stdlib.obj
 0001:0000345e       ?root_is_interface_supported@RMultiImage@stdlib@lib2d@modules@UModSys@@UBE_NPBUSUniquePointerInfo@core@5@@Z 1000445e f i umodsys_lib_lib2d:umodsys.mod.2d.stdlib.obj
 0001:00003485       ?get_generated_names@RGenerator@stdlib@lib2d@modules@UModSys@@UBEHAAUSUniquePtrList@core@5@@Z 10004485 f i umodsys_lib_lib2d:umodsys.mod.2d.stdlib.obj
 0001:000034b4       ?get_generated_types@RGenerator@stdlib@lib2d@modules@UModSys@@UBEHAAUSUniquePtrList@core@5@PBUSUniquePointerInfo@75@@Z 100044b4 f i umodsys_lib_lib2d:umodsys.mod.2d.stdlib.obj
 0001:0000351e       ?generate@RGenerator@stdlib@lib2d@modules@UModSys@@UAE_NAAU?$TRefObject@UIRefObject@core@UModSys@@U?$TRefObjectFunc@UIRefObject@core@UModSys@@@tl@3@@tl@5@PBUSUniquePointerInfo@core@5@ABUSParameters@95@@Z 1000451e f i umodsys_lib_lib2d:umodsys.mod.2d.stdlib.obj
 0001:00003589       ?root_get_interface_info@RGenerator@stdlib@lib2d@modules@UModSys@@UBEABUSUniquePointerInfo@core@5@XZ 10004589 f i umodsys_lib_lib2d:umodsys.mod.2d.stdlib.obj
 0001:0000358f       ?root_get_interface_type@RGenerator@stdlib@lib2d@modules@UModSys@@UBEPBUSUniquePointerInfo@core@5@XZ 1000458f f i umodsys_lib_lib2d:umodsys.mod.2d.stdlib.obj
 0001:00003595       ?root_get_other_interface@RGenerator@stdlib@lib2d@modules@UModSys@@UAEPAUIRoot@core@5@PBUSUniquePointerInfo@75@@Z 10004595 f i umodsys_lib_lib2d:umodsys.mod.2d.stdlib.obj
 0001:00003595       ?root_get_other_interface@RGenerator@stdlib@lib2d@modules@UModSys@@UBEPBUIRoot@core@5@PBUSUniquePointerInfo@75@@Z 10004595 f i umodsys_lib_lib2d:umodsys.mod.2d.stdlib.obj
 0001:000035ae       ?root_is_interface_supported@RGenerator@stdlib@lib2d@modules@UModSys@@UBE_NPBUSUniquePointerInfo@core@5@@Z 100045ae f i umodsys_lib_lib2d:umodsys.mod.2d.stdlib.obj
 0001:000035cd       ?get_uid@RGenerator@stdlib@lib2d@modules@UModSys@@UBEPBUSUniquePointerInfo@core@5@XZ 100045cd f i umodsys_lib_lib2d:umodsys.mod.2d.stdlib.obj
 0001:000035d3       ?set_info@RImage_Memory@stdlib@lib2d@modules@UModSys@@UAE_NABUSImagePatchInfo@35@PBD@Z 100045d3 f   umodsys_lib_lib2d:umodsys.mod.2d.stdlib.obj
 0001:0000373b       ??4State@RImage_Memory@stdlib@lib2d@modules@UModSys@@QAEAAU012345@ABU012345@@Z 1000473b f i umodsys_lib_lib2d:umodsys.mod.2d.stdlib.obj
 0001:0000378b       ?set_data@RImage_Memory@stdlib@lib2d@modules@UModSys@@UAE_NABUSImagePatchInfo@35@ABUSCMem@core@5@H@Z 1000478b f   umodsys_lib_lib2d:umodsys.mod.2d.stdlib.obj
 0001:000037f5       ?get_info@RImage_Memory@stdlib@lib2d@modules@UModSys@@UBEABUSImageInfo@35@XZ 100047f5 f   umodsys_lib_lib2d:umodsys.mod.2d.stdlib.obj
 0001:000037f9       ?get_data@RImage_Memory@stdlib@lib2d@modules@UModSys@@UBE_NABUSImagePatchInfo@35@ABUSMem@core@5@H@Z 100047f9 f   umodsys_lib_lib2d:umodsys.mod.2d.stdlib.obj
 0001:0000387f       ?get_hwcinfo@RImage_Memory@stdlib@lib2d@modules@UModSys@@UBEPBXPBUSUniquePointerInfo@core@5@@Z 1000487f f   umodsys_lib_lib2d:umodsys.mod.2d.stdlib.obj
 0001:0000387f       ?get_hwinfo@RImage_Memory@stdlib@lib2d@modules@UModSys@@UAEPAXPBUSUniquePointerInfo@core@5@@Z 1000487f f   umodsys_lib_lib2d:umodsys.mod.2d.stdlib.obj
 0001:0000387f       ?get_layer@RMultiImage2D_SDL_ttf@SDL_core@ui@modules@UModSys@@UBEPAUIImage@lib2d@5@G@Z 1000487f f   umodsys_lib_libui:umodsys.mod.ui.SDL_core.obj
 0001:0000387f       ?get_controller@RRenderDriver3D@SDL_GL@ui@modules@UModSys@@UBEPAUIRefObject@core@5@PBUSUniquePointerInfo@75@@Z 1000487f f   umodsys_lib_libui:umodsys.mod.ui.SDL_GL.obj
 0001:0000387f       ?get_layer@RMultiImage2D_SDL_ttf@SDL_GL@ui@modules@UModSys@@UBEPAUIImage@lib2d@5@G@Z 1000487f f   umodsys_lib_libui:umodsys.mod.ui.SDL_GL.obj
 0001:0000387f       ?get_controller@RRenderDriver2D@SDL_core@ui@modules@UModSys@@UBEPAUIRefObject@core@5@PBUSUniquePointerInfo@75@@Z 1000487f f   umodsys_lib_libui:umodsys.mod.ui.SDL_core.obj
 0001:0000387f       ?open_drv3d@RTerminalX@SDL_core@ui@modules@UModSys@@UAEPAUIRenderDriver@lib3d@5@PBUSParameters@core@5@@Z 1000487f f   umodsys_lib_libui:umodsys.mod.ui.SDL_core.obj
 0001:00003884       ??0RImage_Memory@stdlib@lib2d@modules@UModSys@@QAE@PAUIModObject@base@4@ABUSParameters@core@4@@Z 10004884 f   umodsys_lib_lib2d:umodsys.mod.2d.stdlib.obj
 0001:000038d0       ??_ERImage_Memory@stdlib@lib2d@modules@UModSys@@UAEPAXI@Z 100048d0 f i  CIL library: CIL module
 0001:000038d0       ??_GRImage_Memory@stdlib@lib2d@modules@UModSys@@UAEPAXI@Z 100048d0 f i umodsys_lib_lib2d:umodsys.mod.2d.stdlib.obj
 0001:0000391d       ?get_fixed_cell_size@RMultiImage2D_SDL_ttf@SDL_core@ui@modules@UModSys@@UBE?AU?$TVector2@H@math3d@5@XZ 1000491d f   umodsys_lib_libui:umodsys.mod.ui.SDL_core.obj
 0001:0000391d       ?image_get_maxsize@RImageFactory_Memory@stdlib@lib2d@modules@UModSys@@UBE?AU?$TVector2@H@math3d@5@XZ 1000491d f   umodsys_lib_lib2d:umodsys.mod.2d.stdlib.obj
 0001:0000391d       ?get_max_cell_size@RMultiImage2D_SDL_ttf@SDL_GL@ui@modules@UModSys@@UBE?AU?$TVector2@H@math3d@5@XZ 1000491d f   umodsys_lib_libui:umodsys.mod.ui.SDL_GL.obj
 0001:0000391d       ?get_fixed_cell_size@RMultiImage2D_SDL_ttf@SDL_GL@ui@modules@UModSys@@UBE?AU?$TVector2@H@math3d@5@XZ 1000491d f   umodsys_lib_libui:umodsys.mod.ui.SDL_GL.obj
 0001:0000391d       ?get_max_cell_size@RMultiImage2D_SDL_ttf@SDL_core@ui@modules@UModSys@@UBE?AU?$TVector2@H@math3d@5@XZ 1000491d f   umodsys_lib_libui:umodsys.mod.ui.SDL_core.obj
 0001:0000391d       ?get_max_layer_size@RMultiImage2D_SDL_ttf@SDL_core@ui@modules@UModSys@@UBE?AU?$TVector2@H@math3d@5@XZ 1000491d f   umodsys_lib_libui:umodsys.mod.ui.SDL_core.obj
 0001:0000391d       ?get_max_layer_size@RMultiImage2D_SDL_ttf@SDL_GL@ui@modules@UModSys@@UBE?AU?$TVector2@H@math3d@5@XZ 1000491d f   umodsys_lib_libui:umodsys.mod.ui.SDL_GL.obj
 0001:0000392b       ?image_new@RImageFactory_Memory@stdlib@lib2d@modules@UModSys@@UAE?AU?$TRefObject@UIImage@lib2d@UModSys@@U?$TRefObjectFunc@UIImage@lib2d@UModSys@@@tl@3@@tl@5@XZ 1000492b f   umodsys_lib_lib2d:umodsys.mod.2d.stdlib.obj
 0001:00003a71       ?image_new@RImageFactory_Memory@stdlib@lib2d@modules@UModSys@@UAE?AU?$TRefObject@UIImage@lib2d@UModSys@@U?$TRefObjectFunc@UIImage@lib2d@UModSys@@@tl@3@@tl@5@ABUSImagePatchInfo@35@PBD@Z 10004a71 f   umodsys_lib_lib2d:umodsys.mod.2d.stdlib.obj
 0001:00003bc7       ??0RImageFactory_Memory@stdlib@lib2d@modules@UModSys@@QAE@PAUIModObject@base@4@ABUSParameters@core@4@@Z 10004bc7 f   umodsys_lib_lib2d:umodsys.mod.2d.stdlib.obj
 0001:00003c0b       ?get_max_layer_size@RMultiImage@stdlib@lib2d@modules@UModSys@@UBE?AU?$TVector2@H@math3d@5@XZ 10004c0b f   umodsys_lib_lib2d:umodsys.mod.2d.stdlib.obj
 0001:00003c0b       ?get_max_cell_size@RMultiImage@stdlib@lib2d@modules@UModSys@@UBE?AU?$TVector2@H@math3d@5@XZ 10004c0b f   umodsys_lib_lib2d:umodsys.mod.2d.stdlib.obj
 0001:00003c2d       ?get_fixed_cell_size@RMultiImage@stdlib@lib2d@modules@UModSys@@UBE?AU?$TVector2@H@math3d@5@XZ 10004c2d f   umodsys_lib_lib2d:umodsys.mod.2d.stdlib.obj
 0001:00003c4b       ?get_layer_count@RMultiImage@stdlib@lib2d@modules@UModSys@@UBEGXZ 10004c4b f   umodsys_lib_lib2d:umodsys.mod.2d.stdlib.obj
 0001:00003c59       ?get_layer@RMultiImage@stdlib@lib2d@modules@UModSys@@UBEPAUIImage@35@G@Z 10004c59 f   umodsys_lib_lib2d:umodsys.mod.2d.stdlib.obj
 0001:00003c76       ?get_cell_count@RMultiImage@stdlib@lib2d@modules@UModSys@@UBEIXZ 10004c76 f   umodsys_lib_lib2d:umodsys.mod.2d.stdlib.obj
 0001:00003c83       ?get_cell@RMultiImage@stdlib@lib2d@modules@UModSys@@UBE_NIAAU?$TVector2@H@math3d@5@PAU675@PAG@Z 10004c83 f   umodsys_lib_lib2d:umodsys.mod.2d.stdlib.obj
 0001:00003ce1       ?get_cell@RMultiImage@stdlib@lib2d@modules@UModSys@@UBE_NIAAUSImageCellInfo@35@@Z 10004ce1 f   umodsys_lib_lib2d:umodsys.mod.2d.stdlib.obj
 0001:00003d07       ?set_layer_count@RMultiImage@stdlib@lib2d@modules@UModSys@@UAE_NG@Z 10004d07 f   umodsys_lib_lib2d:umodsys.mod.2d.stdlib.obj
 0001:00003de7       ?setup_fixed_cell@RMultiImage@stdlib@lib2d@modules@UModSys@@UAE_NHH@Z 10004de7 f   umodsys_lib_lib2d:umodsys.mod.2d.stdlib.obj
 0001:00003e08       ?setup_variable_cell@RMultiImage@stdlib@lib2d@modules@UModSys@@UAE_NPBUSImageCellInfo@35@KK@Z 10004e08 f   umodsys_lib_lib2d:umodsys.mod.2d.stdlib.obj
 0001:00003e7a       ??0RMultiImage@stdlib@lib2d@modules@UModSys@@QAE@PAUIModObject@base@4@ABUSParameters@core@4@@Z 10004e7a f   umodsys_lib_lib2d:umodsys.mod.2d.stdlib.obj
 0001:00003f21       ??_GRMultiImage@stdlib@lib2d@modules@UModSys@@UAEPAXI@Z 10004f21 f i umodsys_lib_lib2d:umodsys.mod.2d.stdlib.obj
 0001:00003f21       ??_ERMultiImage@stdlib@lib2d@modules@UModSys@@UAEPAXI@Z 10004f21 f i  CIL library: CIL module
 0001:00003f85       ?do_open@RModuleReg@stdlib@lib2d@modules@UModSys@@UAE_NXZ 10004f85 f i umodsys_lib_lib2d:umodsys.mod.2d.stdlib.obj
 0001:00003fd3       ?do_close@RModuleReg@stdlib@lib2d@modules@UModSys@@UAE_NXZ 10004fd3 f i umodsys_lib_lib2d:umodsys.mod.2d.stdlib.obj
 0001:0000400e       ?get_module@RGenerator@stdlib@lib2d@modules@UModSys@@UBEPAUIModule@base@5@XZ 1000500e f   umodsys_lib_lib2d:umodsys.mod.2d.stdlib.obj
 0001:00004014       ?mod_inc@RGenerator@stdlib@lib2d@modules@UModSys@@UBE_NXZ 10005014 f   umodsys_lib_lib2d:umodsys.mod.2d.stdlib.obj
 0001:0000401f       ?mod_dec@RGenerator@stdlib@lib2d@modules@UModSys@@UBE_NXZ 1000501f f   umodsys_lib_lib2d:umodsys.mod.2d.stdlib.obj
 0001:0000402a       ?s_holder@RGenerator@stdlib@lib2d@modules@UModSys@@SAAAU?$TTypeStaticHolder@URGenerator@stdlib@lib2d@modules@UModSys@@@tl@5@XZ 1000502a f   umodsys_lib_lib2d:umodsys.mod.2d.stdlib.obj
 0001:0000405c       ??1?$TDynarrayDynamic@USImageCellInfo@lib2d@UModSys@@U?$TAllocator@USIMemAlloc@core@UModSys@@USCountCalcPower2@23@@tl@3@@tl@UModSys@@QAE@XZ 1000505c f i umodsys_lib_lib2d:umodsys.mod.2d.stdlib.obj
 0001:00004061       ?Resize@?$TDynarray@U?$TDynarrayHolderDynamic@USImageCellInfo@lib2d@UModSys@@U?$TAllocator@USIMemAlloc@core@UModSys@@USCountCalcPower2@23@@tl@3@@tl@UModSys@@@tl@UModSys@@QAE_NI@Z 10005061 f i umodsys_lib_lib2d:umodsys.mod.2d.stdlib.obj
 0001:0000408e       ??1?$TDynarrayDynamic@U?$TRefObject@UIImage@lib2d@UModSys@@U?$TRefObjectFunc@UIImage@lib2d@UModSys@@@tl@3@@tl@UModSys@@U?$TAllocator@USIMemAlloc@core@UModSys@@USCountCalcPower2@23@@23@@tl@UModSys@@QAE@XZ 1000508e f i umodsys_lib_lib2d:umodsys.mod.2d.stdlib.obj
 0001:00004093       ??1?$TDynarray@U?$TDynarrayHolderDynamic@USImageCellInfo@lib2d@UModSys@@U?$TAllocator@USIMemAlloc@core@UModSys@@USCountCalcPower2@23@@tl@3@@tl@UModSys@@@tl@UModSys@@QAE@XZ 10005093 f i umodsys_lib_lib2d:umodsys.mod.2d.stdlib.obj
 0001:000040ef       ??1?$TDynarray@U?$TDynarrayHolderDynamic@U?$TRefObject@UIImage@lib2d@UModSys@@U?$TRefObjectFunc@UIImage@lib2d@UModSys@@@tl@3@@tl@UModSys@@U?$TAllocator@USIMemAlloc@core@UModSys@@USCountCalcPower2@23@@23@@tl@UModSys@@@tl@UModSys@@QAE@XZ 100050ef f i umodsys_lib_lib2d:umodsys.mod.2d.stdlib.obj
 0001:00004132       ??_GRGenerator@serialize_json@media@modules@UModSys@@UAEPAXI@Z 10005132 f i umodsys_lib_libmedia:umodsys.mod.media.serialize_json.obj
 0001:00004132       ??_ERImageFactory_Memory@stdlib@lib2d@modules@UModSys@@UAEPAXI@Z 10005132 f i  CIL library: CIL module
 0001:00004132       ??_ERGenerator@frames@ui@modules@UModSys@@UAEPAXI@Z 10005132 f i  CIL library: CIL module
 0001:00004132       ??_ERGenerator@zlib@media@modules@UModSys@@UAEPAXI@Z 10005132 f i  CIL library: CIL module
 0001:00004132       ??_GRGenerator@stdlib@lib2d@modules@UModSys@@UAEPAXI@Z 10005132 f i umodsys_lib_lib2d:umodsys.mod.2d.stdlib.obj
 0001:00004132       ??_GRGenerator@SDL_GL@ui@modules@UModSys@@UAEPAXI@Z 10005132 f i umodsys_lib_libui:umodsys.mod.ui.SDL_GL.obj
 0001:00004132       ??_GRBinArchiveFrameClient_ZIP@zlib@media@modules@UModSys@@UAEPAXI@Z 10005132 f i umodsys_lib_libmedia:umodsys.mod.media.zlib.obj
 0001:00004132       ??_GRGenerator@zlib@media@modules@UModSys@@UAEPAXI@Z 10005132 f i umodsys_lib_libmedia:umodsys.mod.media.zlib.obj
 0001:00004132       ??_GRGenerator@frames@ui@modules@UModSys@@UAEPAXI@Z 10005132 f i umodsys_lib_libui:umodsys.mod.ui.frames.obj
 0001:00004132       ??_GRGenerator@SDL_core@ui@modules@UModSys@@UAEPAXI@Z 10005132 f i umodsys_lib_libui:umodsys.mod.ui.SDL_core.obj
 0001:00004132       ??_GRGenerator@images_std@media@modules@UModSys@@UAEPAXI@Z 10005132 f i umodsys_lib_libmedia:umodsys.mod.media.images_std.obj
 0001:00004132       ??_ERGenerator@serialize_json@media@modules@UModSys@@UAEPAXI@Z 10005132 f i  CIL library: CIL module
 0001:00004132       ??_ERGenerator@test1@test@modules@UModSys@@UAEPAXI@Z 10005132 f i  CIL library: CIL module
 0001:00004132       ??_GRGenerator@test1@test@modules@UModSys@@UAEPAXI@Z 10005132 f i plugin_test1.obj
 0001:00004132       ??_GIRoot@core@UModSys@@UAEPAXI@Z 10005132 f i plugin_test1.obj
 0001:00004132       ??_ERGenerator@stdlib@lib2d@modules@UModSys@@UAEPAXI@Z 10005132 f i  CIL library: CIL module
 0001:00004132       ??_ERGenerator@images_std@media@modules@UModSys@@UAEPAXI@Z 10005132 f i  CIL library: CIL module
 0001:00004132       ??_ERGenerator@SDL_GL@ui@modules@UModSys@@UAEPAXI@Z 10005132 f i  CIL library: CIL module
 0001:00004132       ??_ERGenerator@SDL_core@ui@modules@UModSys@@UAEPAXI@Z 10005132 f i  CIL library: CIL module
 0001:00004132       ??_EIRoot@core@UModSys@@UAEPAXI@Z 10005132 f i  CIL library: CIL module
 0001:00004132       ??_GRImageFactory_Memory@stdlib@lib2d@modules@UModSys@@UAEPAXI@Z 10005132 f i umodsys_lib_lib2d:umodsys.mod.2d.stdlib.obj
 0001:00004132       ??_ERBinArchiveFrameClient_ZIP@zlib@media@modules@UModSys@@UAEPAXI@Z 10005132 f i  CIL library: CIL module
 0001:0000414f       ?ResizeRel@?$TDynarray@U?$TDynarrayHolderDynamic@U?$TRefObject@UIImage@lib2d@UModSys@@U?$TRefObjectFunc@UIImage@lib2d@UModSys@@@tl@3@@tl@UModSys@@U?$TAllocator@USIMemAlloc@core@UModSys@@USCountCalcPower2@23@@23@@tl@UModSys@@@tl@UModSys@@QAE_NH@Z 1000514f f i umodsys_lib_lib2d:umodsys.mod.2d.stdlib.obj
 0001:000041cf       ??$t_gen_param@URImage_Memory@stdlib@lib2d@modules@UModSys@@URGenerator@2345@@IGenerator@base@UModSys@@IAE_NPAURGenerator@stdlib@lib2d@modules@2@AAU?$TRefObject@UIRefObject@core@UModSys@@U?$TRefObjectFunc@UIRefObject@core@UModSys@@@tl@3@@tl@2@PBUSUniquePointerInfo@core@2@ABUSParameters@core@2@@Z 100051cf f i umodsys_lib_lib2d:umodsys.mod.2d.stdlib.obj
 0001:00004261       ??$t_gen_param@URImageFactory_Memory@stdlib@lib2d@modules@UModSys@@URGenerator@2345@@IGenerator@base@UModSys@@IAE_NPAURGenerator@stdlib@lib2d@modules@2@AAU?$TRefObject@UIRefObject@core@UModSys@@U?$TRefObjectFunc@UIRefObject@core@UModSys@@@tl@3@@tl@2@PBUSUniquePointerInfo@core@2@ABUSParameters@core@2@@Z 10005261 f i umodsys_lib_lib2d:umodsys.mod.2d.stdlib.obj
 0001:000042f3       ??$t_gen_param@URMultiImage@stdlib@lib2d@modules@UModSys@@URGenerator@2345@@IGenerator@base@UModSys@@IAE_NPAURGenerator@stdlib@lib2d@modules@2@AAU?$TRefObject@UIRefObject@core@UModSys@@U?$TRefObjectFunc@UIRefObject@core@UModSys@@@tl@3@@tl@2@PBUSUniquePointerInfo@core@2@ABUSParameters@core@2@@Z 100052f3 f i umodsys_lib_lib2d:umodsys.mod.2d.stdlib.obj
 0001:0000439b       ??$ValidateConstruction@UIImage@lib2d@UModSys@@URImage_Memory@stdlib@2modules@3@@core@UModSys@@YA_NAAU?$TRefObject@UIImage@lib2d@UModSys@@U?$TRefObjectFunc@UIImage@lib2d@UModSys@@@tl@3@@tl@1@PAURImage_Memory@stdlib@lib2d@modules@1@@Z 1000539b f i umodsys_lib_lib2d:umodsys.mod.2d.stdlib.obj
 0001:000043dc       ?ReLink@?$TDynarray@U?$TDynarrayHolderDynamic@UNode@RSerializeWriter@serialize_json@media@modules@UModSys@@U?$TAllocator@USIMemAlloc@core@UModSys@@USCountCalcPower2@23@@tl@6@@tl@UModSys@@@tl@UModSys@@IAE_NI@Z 100053dc f i umodsys_lib_libmedia:umodsys.mod.media.serialize_json.obj
 0001:000043dc       ?ReLink@?$TDynarray@U?$TDynarrayHolderDynamic@USImageCellInfo@lib2d@UModSys@@U?$TAllocator@USIMemAlloc@core@UModSys@@USCountCalcPower2@23@@tl@3@@tl@UModSys@@@tl@UModSys@@IAE_NI@Z 100053dc f i umodsys_lib_lib2d:umodsys.mod.2d.stdlib.obj
 0001:0000441e       ??1?$TRefObject@URImageFactory_Memory@stdlib@lib2d@modules@UModSys@@U?$TRefObjectFunc@URImageFactory_Memory@stdlib@lib2d@modules@UModSys@@@tl@5@@tl@UModSys@@QAE@XZ 1000541e f i umodsys_lib_lib2d:umodsys.mod.2d.stdlib.obj
 0001:0000441e       ??1?$TRefObject@UIRenderDriver@lib2d@UModSys@@U?$TRefObjectFunc@UIRenderDriver@lib2d@UModSys@@@tl@3@@tl@UModSys@@QAE@XZ 1000541e f i plugin_test1.obj
 0001:0000441e       ??1?$TRefObject@URBinArchiveFrameClient_ZIP@zlib@media@modules@UModSys@@U?$TRefObjectFunc@URBinArchiveFrameClient_ZIP@zlib@media@modules@UModSys@@@tl@5@@tl@UModSys@@QAE@XZ 1000541e f i umodsys_lib_libmedia:umodsys.mod.media.zlib.obj
 0001:0000441e       ??1?$TRefObject@URImage_Memory@stdlib@lib2d@modules@UModSys@@U?$TRefObjectFunc@URImage_Memory@stdlib@lib2d@modules@UModSys@@@tl@5@@tl@UModSys@@QAE@XZ 1000541e f i umodsys_lib_lib2d:umodsys.mod.2d.stdlib.obj
 0001:0000441e       ??1?$TRefObject@UIRefObject@core@UModSys@@U?$TRefObjectFunc@UIRefObject@core@UModSys@@@tl@3@@tl@UModSys@@QAE@XZ 1000541e f i plugin_test1.obj
 0001:0000441e       ??1?$TRefObject@UIMultiImage@lib2d@UModSys@@U?$TRefObjectFunc@UIMultiImage@lib2d@UModSys@@@tl@3@@tl@UModSys@@QAE@XZ 1000541e f i plugin_test1.obj
 0001:0000441e       ??1?$TRefObject@UIImageFactory@lib2d@UModSys@@U?$TRefObjectFunc@UIImageFactory@lib2d@UModSys@@@tl@3@@tl@UModSys@@QAE@XZ 1000541e f i plugin_test1.obj
 0001:0000441e       ??1?$TRefObject@URRenderDriver3D@SDL_GL@ui@modules@UModSys@@U?$TRefObjectFunc@URRenderDriver3D@SDL_GL@ui@modules@UModSys@@@tl@5@@tl@UModSys@@QAE@XZ 1000541e f i umodsys_lib_libui:umodsys.mod.ui.SDL_GL.obj
 0001:0000441e       ??1?$TRefObject@URSerializeReader@serialize_json@media@modules@UModSys@@U?$TRefObjectFunc@URSerializeReader@serialize_json@media@modules@UModSys@@@tl@5@@tl@UModSys@@QAE@XZ 1000541e f i umodsys_lib_libmedia:umodsys.mod.media.serialize_json.obj
 0001:0000441e       ??1?$TRefObject@URFrame_Common@frames@ui@modules@UModSys@@U?$TRefObjectFunc@URFrame_Common@frames@ui@modules@UModSys@@@tl@5@@tl@UModSys@@QAE@XZ 1000541e f i umodsys_lib_libui:umodsys.mod.ui.frames.obj
 0001:0000441e       ??1?$TRefObject@URSerializeWriter@serialize_json@media@modules@UModSys@@U?$TRefObjectFunc@URSerializeWriter@serialize_json@media@modules@UModSys@@@tl@5@@tl@UModSys@@QAE@XZ 1000541e f i umodsys_lib_libmedia:umodsys.mod.media.serialize_json.obj
 0001:0000441e       ??1?$TRefObject@UIStreamReader@libmedia@UModSys@@U?$TRefObjectFunc@UIStreamReader@libmedia@UModSys@@@tl@3@@tl@UModSys@@QAE@XZ 1000541e f i plugin_test1.obj
 0001:0000441e       ??1?$TRefObject@URTerminalX@SDL_core@ui@modules@UModSys@@U?$TRefObjectFunc@URTerminalX@SDL_core@ui@modules@UModSys@@@tl@5@@tl@UModSys@@QAE@XZ 1000541e f i umodsys_lib_libui:umodsys.mod.ui.SDL_core.obj
 0001:0000441e       ??1?$TRefObject@URMultiImage2D_SDL_ttf@SDL_core@ui@modules@UModSys@@U?$TRefObjectFunc@URMultiImage2D_SDL_ttf@SDL_core@ui@modules@UModSys@@@tl@5@@tl@UModSys@@QAE@XZ 1000541e f i umodsys_lib_libui:umodsys.mod.ui.SDL_core.obj
 0001:0000441e       ??1?$TRefObject@UIMouseController@libui@UModSys@@U?$TRefObjectFunc@UIMouseController@libui@UModSys@@@tl@3@@tl@UModSys@@QAE@XZ 1000541e f i plugin_test1.obj
 0001:0000441e       ??1?$TRefObject@UIVertexArray@lib3d@UModSys@@U?$TRefObjectFunc@UIVertexArray@lib3d@UModSys@@@tl@3@@tl@UModSys@@QAE@XZ 1000541e f i plugin_test1.obj
 0001:0000441e       ??1?$TRefObject@URMultiImage2D_SDL_ttf@SDL_GL@ui@modules@UModSys@@U?$TRefObjectFunc@URMultiImage2D_SDL_ttf@SDL_GL@ui@modules@UModSys@@@tl@5@@tl@UModSys@@QAE@XZ 1000541e f i umodsys_lib_libui:umodsys.mod.ui.SDL_GL.obj
 0001:0000441e       ??1?$TRefObject@URTerminalX@SDL_GL@ui@modules@UModSys@@U?$TRefObjectFunc@URTerminalX@SDL_GL@ui@modules@UModSys@@@tl@5@@tl@UModSys@@QAE@XZ 1000541e f i umodsys_lib_libui:umodsys.mod.ui.SDL_GL.obj
 0001:0000441e       ??1?$TRefObject@UIImage@lib2d@UModSys@@U?$TRefObjectFunc@UIImage@lib2d@UModSys@@@tl@3@@tl@UModSys@@QAE@XZ 1000541e f i plugin_test1.obj
 0001:0000441e       ??1?$TRefObject@URMediaFilter@images_std@media@modules@UModSys@@U?$TRefObjectFunc@URMediaFilter@images_std@media@modules@UModSys@@@tl@5@@tl@UModSys@@QAE@XZ 1000541e f i umodsys_lib_libmedia:umodsys.mod.media.images_std.obj
 0001:0000441e       ??1?$TRefObject@URDialog@frames@ui@modules@UModSys@@U?$TRefObjectFunc@URDialog@frames@ui@modules@UModSys@@@tl@5@@tl@UModSys@@QAE@XZ 1000541e f i umodsys_lib_libui:umodsys.mod.ui.frames.obj
 0001:0000441e       ??1?$TRefObject@URRenderDriver2D@SDL_core@ui@modules@UModSys@@U?$TRefObjectFunc@URRenderDriver2D@SDL_core@ui@modules@UModSys@@@tl@5@@tl@UModSys@@QAE@XZ 1000541e f i umodsys_lib_libui:umodsys.mod.ui.SDL_core.obj
 0001:0000441e       ??1?$TRefObject@UIKeyboardController@libui@UModSys@@U?$TRefObjectFunc@UIKeyboardController@libui@UModSys@@@tl@3@@tl@UModSys@@QAE@XZ 1000541e f i plugin_test1.obj
 0001:0000441e       ??1?$TRefObject@UIStreamWriter@libmedia@UModSys@@U?$TRefObjectFunc@UIStreamWriter@libmedia@UModSys@@@tl@3@@tl@UModSys@@QAE@XZ 1000541e f i plugin_test1.obj
 0001:0000441e       ??1?$TRefObject@UIUtilities@libmedia@UModSys@@U?$TRefObjectFunc@UIUtilities@libmedia@UModSys@@@tl@3@@tl@UModSys@@QAE@XZ 1000541e f i plugin_test1.obj
 0001:0000441e       ??1?$TRefObject@UIRenderDriver@lib3d@UModSys@@U?$TRefObjectFunc@UIRenderDriver@lib3d@UModSys@@@tl@3@@tl@UModSys@@QAE@XZ 1000541e f i plugin_test1.obj
 0001:0000441e       ??1?$TRefObject@URVertexArray@SDL_GL@ui@modules@UModSys@@U?$TRefObjectFunc@URVertexArray@SDL_GL@ui@modules@UModSys@@@tl@5@@tl@UModSys@@QAE@XZ 1000541e f i umodsys_lib_libui:umodsys.mod.ui.SDL_GL.obj
 0001:0000441e       ??1?$TRefObject@UIFrame@libui@UModSys@@U?$TRefObjectFunc@UIFrame@libui@UModSys@@@tl@3@@tl@UModSys@@QAE@XZ 1000541e f i umodsys_lib_libui:umodsys.mod.ui.frames.obj
 0001:0000441e       ??1?$TRefObject@URCollector@frames@ui@modules@UModSys@@U?$TRefObjectFunc@URCollector@frames@ui@modules@UModSys@@@tl@5@@tl@UModSys@@QAE@XZ 1000541e f i umodsys_lib_libui:umodsys.mod.ui.frames.obj
 0001:0000441e       ??1?$TRefObject@URMultiImage@stdlib@lib2d@modules@UModSys@@U?$TRefObjectFunc@URMultiImage@stdlib@lib2d@modules@UModSys@@@tl@5@@tl@UModSys@@QAE@XZ 1000541e f i umodsys_lib_lib2d:umodsys.mod.2d.stdlib.obj
 0001:0000441e       ??1?$TRefObject@UITerminal@libui@UModSys@@U?$TRefObjectFunc@UITerminal@libui@UModSys@@@tl@3@@tl@UModSys@@QAE@XZ 1000541e f i plugin_test1.obj
 0001:0000441e       ??1?$TRefObject@UICollector@libui@UModSys@@U?$TRefObjectFunc@UICollector@libui@UModSys@@@tl@3@@tl@UModSys@@QAE@XZ 1000541e f i plugin_test1.obj
 0001:0000442d       ?remove@WeakPointer@IRefObject@core@UModSys@@QAEXXZ 1000542d f i umodsys_lib_libui:umodsys.mod.ui.SDL_GL.obj
 0001:00004453       ?get@SParameters@core@UModSys@@QBE_NPBDAAPBD@Z 10005453 f i umodsys_lib_libui:umodsys.mod.ui.SDL_GL.obj
 0001:0000446e       ?get@SParameters@core@UModSys@@QBE_NPBDAAH@Z 1000546e f i umodsys_lib_libui:umodsys.mod.ui.SDL_GL.obj
 0001:00004489       ?check_ext@SGLFuncsBase@SDL_GL@ui@modules@UModSys@@QAE_NPBD@Z 10005489 f i umodsys_lib_libui:umodsys.mod.ui.SDL_GL.obj
 0001:0000449c       ?set_blend@SGLFuncs@SDL_GL@ui@modules@UModSys@@QBEX_N@Z 1000549c f i umodsys_lib_libui:umodsys.mod.ui.SDL_GL.obj
 0001:000044c8       ?set_blend@SGLFuncs@SDL_GL@ui@modules@UModSys@@QBEXII@Z 100054c8 f i umodsys_lib_libui:umodsys.mod.ui.SDL_GL.obj
 0001:000044f2       ?set_stage@SGLFuncs@SDL_GL@ui@modules@UModSys@@QBEXH@Z 100054f2 f i umodsys_lib_libui:umodsys.mod.ui.SDL_GL.obj
 0001:00004525       ?set_tex2d@SGLFuncs@SDL_GL@ui@modules@UModSys@@QBEX_N@Z 10005525 f i umodsys_lib_libui:umodsys.mod.ui.SDL_GL.obj
 0001:00004551       ?set_bound@SGLFuncs@SDL_GL@ui@modules@UModSys@@QBEXI@Z 10005551 f i umodsys_lib_libui:umodsys.mod.ui.SDL_GL.obj
 0001:00004576       ?set_ctc@SGLFuncsLegacy@SDL_GL@ui@modules@UModSys@@QBEX_N@Z 10005576 f i umodsys_lib_libui:umodsys.mod.ui.SDL_GL.obj
 0001:0000459e       ?set_composite@SGLFuncsLegacy@SDL_GL@ui@modules@UModSys@@QBEXH@Z 1000559e f i umodsys_lib_libui:umodsys.mod.ui.SDL_GL.obj
 0001:000045c6       ?set_composite_all@SGLFuncsLegacy@SDL_GL@ui@modules@UModSys@@QBEXH@Z 100055c6 f i umodsys_lib_libui:umodsys.mod.ui.SDL_GL.obj
 0001:00004627       ?force@TextureInfo@SGLFuncs@SDL_GL@ui@modules@UModSys@@QBEXABU23456@@Z 10005627 f i umodsys_lib_libui:umodsys.mod.ui.SDL_GL.obj
 0001:0000466b       ?crebind@STextureGL@SDL_GL@ui@modules@UModSys@@QAEX_N@Z 1000566b f i umodsys_lib_libui:umodsys.mod.ui.SDL_GL.obj
 0001:00004698       ?root_get_interface_info@RKeyboardController@SDL_GL@ui@modules@UModSys@@UBEABUSUniquePointerInfo@core@5@XZ 10005698 f i umodsys_lib_libui:umodsys.mod.ui.SDL_GL.obj
 0001:0000469e       ?root_get_interface_type@RKeyboardController@SDL_GL@ui@modules@UModSys@@UBEPBUSUniquePointerInfo@core@5@XZ 1000569e f i umodsys_lib_libui:umodsys.mod.ui.SDL_GL.obj
 0001:000046a4       ?root_get_other_interface@RKeyboardController@SDL_GL@ui@modules@UModSys@@UBEPBUIRoot@core@5@PBUSUniquePointerInfo@75@@Z 100056a4 f i umodsys_lib_libui:umodsys.mod.ui.SDL_GL.obj
 0001:000046a4       ?root_get_other_interface@RKeyboardController@SDL_GL@ui@modules@UModSys@@UAEPAUIRoot@core@5@PBUSUniquePointerInfo@75@@Z 100056a4 f i umodsys_lib_libui:umodsys.mod.ui.SDL_GL.obj
 0001:000046c5       ?root_is_interface_supported@RKeyboardController@SDL_GL@ui@modules@UModSys@@UBE_NPBUSUniquePointerInfo@core@5@@Z 100056c5 f i umodsys_lib_libui:umodsys.mod.ui.SDL_GL.obj
 0001:000046ec       ?root_get_interface_info@RMouseController@SDL_GL@ui@modules@UModSys@@UBEABUSUniquePointerInfo@core@5@XZ 100056ec f i umodsys_lib_libui:umodsys.mod.ui.SDL_GL.obj
 0001:000046f2       ?root_get_interface_type@RMouseController@SDL_GL@ui@modules@UModSys@@UBEPBUSUniquePointerInfo@core@5@XZ 100056f2 f i umodsys_lib_libui:umodsys.mod.ui.SDL_GL.obj
 0001:000046f8       ?root_get_other_interface@RMouseController@SDL_GL@ui@modules@UModSys@@UAEPAUIRoot@core@5@PBUSUniquePointerInfo@75@@Z 100056f8 f i umodsys_lib_libui:umodsys.mod.ui.SDL_GL.obj
 0001:000046f8       ?root_get_other_interface@RMouseController@SDL_GL@ui@modules@UModSys@@UBEPBUIRoot@core@5@PBUSUniquePointerInfo@75@@Z 100056f8 f i umodsys_lib_libui:umodsys.mod.ui.SDL_GL.obj
 0001:00004719       ?root_is_interface_supported@RMouseController@SDL_GL@ui@modules@UModSys@@UBE_NPBUSUniquePointerInfo@core@5@@Z 10005719 f i umodsys_lib_libui:umodsys.mod.ui.SDL_GL.obj
 0001:00004740       ?ref_weak@RRenderDriver3D@SDL_GL@ui@modules@UModSys@@UBE_NAAUWeakPointer@IRefObject@core@5@@Z 10005740 f i umodsys_lib_libui:umodsys.mod.ui.SDL_GL.obj
 0001:00004740       ?ref_weak@RKeyboardController@SDL_core@ui@modules@UModSys@@UBE_NAAUWeakPointer@IRefObject@core@5@@Z 10005740 f i umodsys_lib_libui:umodsys.mod.ui.SDL_core.obj
 0001:00004740       ?ref_weak@RMouseController@SDL_GL@ui@modules@UModSys@@UBE_NAAUWeakPointer@IRefObject@core@5@@Z 10005740 f i umodsys_lib_libui:umodsys.mod.ui.SDL_GL.obj
 0001:00004740       ?ref_weak@RRenderDriver2D@SDL_core@ui@modules@UModSys@@UBE_NAAUWeakPointer@IRefObject@core@5@@Z 10005740 f i umodsys_lib_libui:umodsys.mod.ui.SDL_core.obj
 0001:00004740       ?ref_weak@RMouseController@SDL_core@ui@modules@UModSys@@UBE_NAAUWeakPointer@IRefObject@core@5@@Z 10005740 f i umodsys_lib_libui:umodsys.mod.ui.SDL_core.obj
 0001:00004740       ?ref_weak@RKeyboardController@SDL_GL@ui@modules@UModSys@@UBE_NAAUWeakPointer@IRefObject@core@5@@Z 10005740 f i umodsys_lib_libui:umodsys.mod.ui.SDL_GL.obj
 0001:0000475f       ?_root_is_interface_supported@RTerminal@SDL_GL@ui@modules@UModSys@@SA_NPBUSUniquePointerInfo@core@5@@Z 1000575f f i umodsys_lib_libui:umodsys.mod.ui.SDL_GL.obj
 0001:0000477f       ?root_get_interface_info@RTerminal@SDL_GL@ui@modules@UModSys@@UBEABUSUniquePointerInfo@core@5@XZ 1000577f f i umodsys_lib_libui:umodsys.mod.ui.SDL_GL.obj
 0001:00004785       ?root_get_interface_type@RTerminal@SDL_GL@ui@modules@UModSys@@UBEPBUSUniquePointerInfo@core@5@XZ 10005785 f i umodsys_lib_libui:umodsys.mod.ui.SDL_GL.obj
 0001:0000478b       ?root_get_other_interface@RTerminal@SDL_GL@ui@modules@UModSys@@UBEPBUIRoot@core@5@PBUSUniquePointerInfo@75@@Z 1000578b f i umodsys_lib_libui:umodsys.mod.ui.SDL_GL.obj
 0001:0000478b       ?root_get_other_interface@RTerminal@SDL_GL@ui@modules@UModSys@@UAEPAUIRoot@core@5@PBUSUniquePointerInfo@75@@Z 1000578b f i umodsys_lib_libui:umodsys.mod.ui.SDL_GL.obj
 0001:000047ac       ?root_is_interface_supported@RTerminal@SDL_GL@ui@modules@UModSys@@UBE_NPBUSUniquePointerInfo@core@5@@Z 100057ac f i umodsys_lib_libui:umodsys.mod.ui.SDL_GL.obj
 0001:000047b8       ?root_get_interface_info@RMultiImage2D_SDL_ttf@SDL_GL@ui@modules@UModSys@@UBEABUSUniquePointerInfo@core@5@XZ 100057b8 f i umodsys_lib_libui:umodsys.mod.ui.SDL_GL.obj
 0001:000047be       ?root_get_interface_type@RMultiImage2D_SDL_ttf@SDL_GL@ui@modules@UModSys@@UBEPBUSUniquePointerInfo@core@5@XZ 100057be f i umodsys_lib_libui:umodsys.mod.ui.SDL_GL.obj
 0001:000047c4       ?root_get_other_interface@RMultiImage2D_SDL_ttf@SDL_GL@ui@modules@UModSys@@UBEPBUIRoot@core@5@PBUSUniquePointerInfo@75@@Z 100057c4 f i umodsys_lib_libui:umodsys.mod.ui.SDL_GL.obj
 0001:000047c4       ?root_get_other_interface@RMultiImage2D_SDL_ttf@SDL_GL@ui@modules@UModSys@@UAEPAUIRoot@core@5@PBUSUniquePointerInfo@75@@Z 100057c4 f i umodsys_lib_libui:umodsys.mod.ui.SDL_GL.obj
 0001:000047e5       ?root_is_interface_supported@RMultiImage2D_SDL_ttf@SDL_GL@ui@modules@UModSys@@UBE_NPBUSUniquePointerInfo@core@5@@Z 100057e5 f i umodsys_lib_libui:umodsys.mod.ui.SDL_GL.obj
 0001:0000480c       ??1Glyph@RMultiImage2D_SDL_ttf@SDL_GL@ui@modules@UModSys@@QAE@XZ 1000580c f i umodsys_lib_libui:umodsys.mod.ui.SDL_GL.obj
 0001:00004844       ?setup_setlight@RRenderDriver3D@SDL_GL@ui@modules@UModSys@@UAE_NHW4eLightType@lib3d@5@ABUSLight@75@ABU?$TMatrix44@N@math3d@5@@Z 10005844 f i umodsys_lib_libui:umodsys.mod.ui.SDL_GL.obj
 0001:00004844       ?get_cell@RMultiImage2D_SDL_ttf@SDL_core@ui@modules@UModSys@@UBE_NIAAU?$TVector2@H@math3d@5@PAU675@PAG@Z 10005844 f i umodsys_lib_libui:umodsys.mod.ui.SDL_core.obj
 0001:00004844       ?get_cell@RMultiImage2D_SDL_ttf@SDL_GL@ui@modules@UModSys@@UBE_NIAAU?$TVector2@H@math3d@5@PAU675@PAG@Z 10005844 f i umodsys_lib_libui:umodsys.mod.ui.SDL_GL.obj
 0001:00004849       ?root_get_interface_info@RRenderDriver3D@SDL_GL@ui@modules@UModSys@@UBEABUSUniquePointerInfo@core@5@XZ 10005849 f i umodsys_lib_libui:umodsys.mod.ui.SDL_GL.obj
 0001:0000484f       ?root_get_interface_type@RRenderDriver3D@SDL_GL@ui@modules@UModSys@@UBEPBUSUniquePointerInfo@core@5@XZ 1000584f f i umodsys_lib_libui:umodsys.mod.ui.SDL_GL.obj
 0001:00004855       ?root_get_other_interface@RRenderDriver3D@SDL_GL@ui@modules@UModSys@@UAEPAUIRoot@core@5@PBUSUniquePointerInfo@75@@Z 10005855 f i umodsys_lib_libui:umodsys.mod.ui.SDL_GL.obj
 0001:00004855       ?root_get_other_interface@RRenderDriver3D@SDL_GL@ui@modules@UModSys@@UBEPBUIRoot@core@5@PBUSUniquePointerInfo@75@@Z 10005855 f i umodsys_lib_libui:umodsys.mod.ui.SDL_GL.obj
 0001:0000487e       ?root_is_interface_supported@RRenderDriver3D@SDL_GL@ui@modules@UModSys@@UBE_NPBUSUniquePointerInfo@core@5@@Z 1000587e f i umodsys_lib_libui:umodsys.mod.ui.SDL_GL.obj
 0001:000048ad       ?IsPhmV@RRenderDriver3D@SDL_GL@ui@modules@UModSys@@QAE_NW4ePhaseMode@2345@@Z 100058ad f i umodsys_lib_libui:umodsys.mod.ui.SDL_GL.obj
 0001:000048e8       ?root_get_interface_info@RTerminalX@SDL_GL@ui@modules@UModSys@@UBEABUSUniquePointerInfo@core@5@XZ 100058e8 f i umodsys_lib_libui:umodsys.mod.ui.SDL_GL.obj
 0001:000048ee       ?root_get_interface_type@RTerminalX@SDL_GL@ui@modules@UModSys@@UBEPBUSUniquePointerInfo@core@5@XZ 100058ee f i umodsys_lib_libui:umodsys.mod.ui.SDL_GL.obj
 0001:000048f4       ?root_get_other_interface@RTerminalX@SDL_GL@ui@modules@UModSys@@UBEPBUIRoot@core@5@PBUSUniquePointerInfo@75@@Z 100058f4 f i umodsys_lib_libui:umodsys.mod.ui.SDL_GL.obj
 0001:000048f4       ?root_get_other_interface@RTerminalX@SDL_GL@ui@modules@UModSys@@UAEPAUIRoot@core@5@PBUSUniquePointerInfo@75@@Z 100058f4 f i umodsys_lib_libui:umodsys.mod.ui.SDL_GL.obj
 0001:00004915       ?root_is_interface_supported@RTerminalX@SDL_GL@ui@modules@UModSys@@UBE_NPBUSUniquePointerInfo@core@5@@Z 10005915 f i umodsys_lib_libui:umodsys.mod.ui.SDL_GL.obj
 0001:00004934       ?root_get_interface_info@RVertexArray@SDL_GL@ui@modules@UModSys@@UBEABUSUniquePointerInfo@core@5@XZ 10005934 f i umodsys_lib_libui:umodsys.mod.ui.SDL_GL.obj
 0001:0000493a       ?root_get_interface_type@RVertexArray@SDL_GL@ui@modules@UModSys@@UBEPBUSUniquePointerInfo@core@5@XZ 1000593a f i umodsys_lib_libui:umodsys.mod.ui.SDL_GL.obj
 0001:00004940       ?root_get_other_interface@RVertexArray@SDL_GL@ui@modules@UModSys@@UAEPAUIRoot@core@5@PBUSUniquePointerInfo@75@@Z 10005940 f i umodsys_lib_libui:umodsys.mod.ui.SDL_GL.obj
 0001:00004940       ?root_get_other_interface@RVertexArray@SDL_GL@ui@modules@UModSys@@UBEPBUIRoot@core@5@PBUSUniquePointerInfo@75@@Z 10005940 f i umodsys_lib_libui:umodsys.mod.ui.SDL_GL.obj
 0001:00004961       ?root_is_interface_supported@RVertexArray@SDL_GL@ui@modules@UModSys@@UBE_NPBUSUniquePointerInfo@core@5@@Z 10005961 f i umodsys_lib_libui:umodsys.mod.ui.SDL_GL.obj
 0001:00004988       ?get_generated_names@RGenerator@SDL_GL@ui@modules@UModSys@@UBEHAAUSUniquePtrList@core@5@@Z 10005988 f i umodsys_lib_libui:umodsys.mod.ui.SDL_GL.obj
 0001:000049a1       ?get_generated_types@RGenerator@SDL_GL@ui@modules@UModSys@@UBEHAAUSUniquePtrList@core@5@PBUSUniquePointerInfo@75@@Z 100059a1 f i umodsys_lib_libui:umodsys.mod.ui.SDL_GL.obj
 0001:000049df       ?generate@RGenerator@SDL_GL@ui@modules@UModSys@@UAE_NAAU?$TRefObject@UIRefObject@core@UModSys@@U?$TRefObjectFunc@UIRefObject@core@UModSys@@@tl@3@@tl@5@PBUSUniquePointerInfo@core@5@ABUSParameters@95@@Z 100059df f i umodsys_lib_libui:umodsys.mod.ui.SDL_GL.obj
 0001:00004a00       ?root_get_interface_info@RGenerator@SDL_GL@ui@modules@UModSys@@UBEABUSUniquePointerInfo@core@5@XZ 10005a00 f i umodsys_lib_libui:umodsys.mod.ui.SDL_GL.obj
 0001:00004a06       ?root_get_interface_type@RGenerator@SDL_GL@ui@modules@UModSys@@UBEPBUSUniquePointerInfo@core@5@XZ 10005a06 f i umodsys_lib_libui:umodsys.mod.ui.SDL_GL.obj
 0001:00004a0c       ?root_get_other_interface@RGenerator@SDL_GL@ui@modules@UModSys@@UBEPBUIRoot@core@5@PBUSUniquePointerInfo@75@@Z 10005a0c f i umodsys_lib_libui:umodsys.mod.ui.SDL_GL.obj
 0001:00004a0c       ?root_get_other_interface@RGenerator@SDL_GL@ui@modules@UModSys@@UAEPAUIRoot@core@5@PBUSUniquePointerInfo@75@@Z 10005a0c f i umodsys_lib_libui:umodsys.mod.ui.SDL_GL.obj
 0001:00004a25       ?root_is_interface_supported@RGenerator@SDL_GL@ui@modules@UModSys@@UBE_NPBUSUniquePointerInfo@core@5@@Z 10005a25 f i umodsys_lib_libui:umodsys.mod.ui.SDL_GL.obj
 0001:00004a44       ?get_uid@RGenerator@SDL_GL@ui@modules@UModSys@@UBEPBUSUniquePointerInfo@core@5@XZ 10005a44 f i umodsys_lib_libui:umodsys.mod.ui.SDL_GL.obj
 0001:00004a4a       ?open@SWindow@SDL_GL@ui@modules@UModSys@@QAE_NABUSParameters@core@5@@Z 10005a4a f   umodsys_lib_libui:umodsys.mod.ui.SDL_GL.obj
 0001:00004a4a       ?open@SWindow@SDL_core@ui@modules@UModSys@@QAE_NABUSParameters@core@5@@Z 10005a4a f   umodsys_lib_libui:umodsys.mod.ui.SDL_core.obj
 0001:00004ad0       ??_GRKeyboardController@SDL_GL@ui@modules@UModSys@@UAEPAXI@Z 10005ad0 f i umodsys_lib_libui:umodsys.mod.ui.SDL_GL.obj
 0001:00004ad0       ??_ERKeyboardController@SDL_GL@ui@modules@UModSys@@UAEPAXI@Z 10005ad0 f i  CIL library: CIL module
 0001:00004aed       ??1RKeyboardController@SDL_GL@ui@modules@UModSys@@UAE@XZ 10005aed f   umodsys_lib_libui:umodsys.mod.ui.SDL_GL.obj
 0001:00004b31       ?map_keyspecial@RKeyboardController@SDL_core@ui@modules@UModSys@@QAEFG@Z 10005b31 f   umodsys_lib_libui:umodsys.mod.ui.SDL_core.obj
 0001:00004b31       ?map_keyspecial@RKeyboardController@SDL_GL@ui@modules@UModSys@@QAEFG@Z 10005b31 f   umodsys_lib_libui:umodsys.mod.ui.SDL_GL.obj
 0001:00004ba4       ??_ERMouseController@SDL_GL@ui@modules@UModSys@@UAEPAXI@Z 10005ba4 f i  CIL library: CIL module
 0001:00004ba4       ??_GRMouseController@SDL_GL@ui@modules@UModSys@@UAEPAXI@Z 10005ba4 f i umodsys_lib_libui:umodsys.mod.ui.SDL_GL.obj
 0001:00004bc1       ??1RMouseController@SDL_GL@ui@modules@UModSys@@UAE@XZ 10005bc1 f   umodsys_lib_libui:umodsys.mod.ui.SDL_GL.obj
 0001:00004c05       ?process@RMouseController@SDL_GL@ui@modules@UModSys@@QAE_NAAUSDL_MouseButtonEvent@@@Z 10005c05 f   umodsys_lib_libui:umodsys.mod.ui.SDL_GL.obj
 0001:00004c05       ?process@RMouseController@SDL_core@ui@modules@UModSys@@QAE_NAAUSDL_MouseButtonEvent@@@Z 10005c05 f   umodsys_lib_libui:umodsys.mod.ui.SDL_core.obj
 0001:00004ccc       ?key_unlink@RKeyboardController@SDL_GL@ui@modules@UModSys@@UAE_NH@Z 10005ccc f   umodsys_lib_libui:umodsys.mod.ui.SDL_GL.obj
 0001:00004ccc       ?mouse_unlink@RMouseController@SDL_GL@ui@modules@UModSys@@UAE_NH@Z 10005ccc f   umodsys_lib_libui:umodsys.mod.ui.SDL_GL.obj
 0001:00004ccc       ?key_unlink@RKeyboardController@SDL_core@ui@modules@UModSys@@UAE_NH@Z 10005ccc f   umodsys_lib_libui:umodsys.mod.ui.SDL_core.obj
 0001:00004ccc       ?mouse_unlink@RMouseController@SDL_core@ui@modules@UModSys@@UAE_NH@Z 10005ccc f   umodsys_lib_libui:umodsys.mod.ui.SDL_core.obj
 0001:00004cdb       ?mouse_link@RMouseController@SDL_GL@ui@modules@UModSys@@UAE_NHPAUIRefObject@core@5@PAUIMouseClient@libui@5@H@Z 10005cdb f   umodsys_lib_libui:umodsys.mod.ui.SDL_GL.obj
 0001:00004cdb       ?mouse_link@RMouseController@SDL_core@ui@modules@UModSys@@UAE_NHPAUIRefObject@core@5@PAUIMouseClient@libui@5@H@Z 10005cdb f   umodsys_lib_libui:umodsys.mod.ui.SDL_core.obj
 0001:00004d1a       ??0RTerminal@SDL_GL@ui@modules@UModSys@@QAE@PAUIModObject@base@4@@Z 10005d1a f   umodsys_lib_libui:umodsys.mod.ui.SDL_GL.obj
 0001:00004da4       ??_ERTerminal@SDL_GL@ui@modules@UModSys@@UAEPAXI@Z 10005da4 f i  CIL library: CIL module
 0001:00004da4       ??_GRTerminal@SDL_GL@ui@modules@UModSys@@UAEPAXI@Z 10005da4 f i umodsys_lib_libui:umodsys.mod.ui.SDL_GL.obj
 0001:00004dc1       ??1RTerminal@SDL_GL@ui@modules@UModSys@@UAE@XZ 10005dc1 f   umodsys_lib_libui:umodsys.mod.ui.SDL_GL.obj
 0001:00004e11       ?poll_events@RTerminal@SDL_GL@ui@modules@UModSys@@UAE_NH@Z 10005e11 f   umodsys_lib_libui:umodsys.mod.ui.SDL_GL.obj
 0001:00004e11       ?poll_events@RTerminal@SDL_core@ui@modules@UModSys@@UAE_NH@Z 10005e11 f   umodsys_lib_libui:umodsys.mod.ui.SDL_core.obj
 0001:00004f1e       ?wait@RTerminal@SDL_GL@ui@modules@UModSys@@UAE_NM@Z 10005f1e f   umodsys_lib_libui:umodsys.mod.ui.SDL_GL.obj
 0001:00004f1e       ?wait@RTerminal@SDL_core@ui@modules@UModSys@@UAE_NM@Z 10005f1e f   umodsys_lib_libui:umodsys.mod.ui.SDL_core.obj
 0001:00004f39       ?get_handler@RTerminal@SDL_GL@ui@modules@UModSys@@UBEPAUIRefObject@core@5@PBUSUniquePointerInfo@75@I@Z 10005f39 f   umodsys_lib_libui:umodsys.mod.ui.SDL_GL.obj
 0001:00004f39       ?get_handler@RTerminal@SDL_core@ui@modules@UModSys@@UBEPAUIRefObject@core@5@PBUSUniquePointerInfo@75@I@Z 10005f39 f   umodsys_lib_libui:umodsys.mod.ui.SDL_core.obj
 0001:00004f94       ?create_handler@RTerminal@SDL_core@ui@modules@UModSys@@UAE_NPBUSUniquePointerInfo@core@5@AAU?$TRefObject@UIRefObject@core@UModSys@@U?$TRefObjectFunc@UIRefObject@core@UModSys@@@tl@3@@tl@5@PBDPBUSParameters@75@@Z 10005f94 f   umodsys_lib_libui:umodsys.mod.ui.SDL_core.obj
 0001:00004f94       ?create_handler@RTerminal@SDL_GL@ui@modules@UModSys@@UAE_NPBUSUniquePointerInfo@core@5@AAU?$TRefObject@UIRefObject@core@UModSys@@U?$TRefObjectFunc@UIRefObject@core@UModSys@@@tl@3@@tl@5@PBDPBUSParameters@75@@Z 10005f94 f   umodsys_lib_libui:umodsys.mod.ui.SDL_GL.obj
 0001:00004ff2       ??0RMultiImage2D_SDL_ttf@SDL_GL@ui@modules@UModSys@@QAE@PAURRenderDriver3D@1234@ABUSParameters@core@4@@Z 10005ff2 f   umodsys_lib_libui:umodsys.mod.ui.SDL_GL.obj
 0001:0000505a       ??_GRMultiImage2D_SDL_ttf@SDL_GL@ui@modules@UModSys@@UAEPAXI@Z 1000605a f i umodsys_lib_libui:umodsys.mod.ui.SDL_GL.obj
 0001:0000505a       ??_ERMultiImage2D_SDL_ttf@SDL_GL@ui@modules@UModSys@@UAEPAXI@Z 1000605a f i  CIL library: CIL module
 0001:000050b5       ?close@RMultiImage2D_SDL_ttf@SDL_GL@ui@modules@UModSys@@QAEXXZ 100060b5 f   umodsys_lib_libui:umodsys.mod.ui.SDL_GL.obj
 0001:000050b5       ?close@RMultiImage2D_SDL_ttf@SDL_core@ui@modules@UModSys@@QAEXXZ 100060b5 f   umodsys_lib_libui:umodsys.mod.ui.SDL_core.obj
 0001:000050c8       ?open@RMultiImage2D_SDL_ttf@SDL_GL@ui@modules@UModSys@@QAE_NABUSParameters@core@5@@Z 100060c8 f   umodsys_lib_libui:umodsys.mod.ui.SDL_GL.obj
 0001:00005153       ?generate_glyphs@RMultiImage2D_SDL_ttf@SDL_GL@ui@modules@UModSys@@QAE_NXZ 10006153 f   umodsys_lib_libui:umodsys.mod.ui.SDL_GL.obj
 0001:00005242       ?set_flags@SGLFuncs@SDL_GL@ui@modules@UModSys@@QBEXPBUTextureInfo@12345@ABUSRenderMapFlags@lib3d@5@@Z 10006242 f i umodsys_lib_libui:umodsys.mod.ui.SDL_GL.obj
 0001:000052f8       ??1STextureGL@SDL_GL@ui@modules@UModSys@@QAE@XZ 100062f8 f   umodsys_lib_libui:umodsys.mod.ui.SDL_GL.obj
 0001:00005341       ?gen@STextureGL@SDL_GL@ui@modules@UModSys@@QAE_NXZ 10006341 f   umodsys_lib_libui:umodsys.mod.ui.SDL_GL.obj
 0001:00005378       ?clear@STextureGL@SDL_GL@ui@modules@UModSys@@QAEXXZ 10006378 f   umodsys_lib_libui:umodsys.mod.ui.SDL_GL.obj
 0001:0000539b       ?dorebind@STextureGL@SDL_GL@ui@modules@UModSys@@QAEX_N@Z 1000639b f   umodsys_lib_libui:umodsys.mod.ui.SDL_GL.obj
 0001:000053f1       ?alloc@STextureGL@SDL_GL@ui@modules@UModSys@@QAE_NXZ 100063f1 f   umodsys_lib_libui:umodsys.mod.ui.SDL_GL.obj
 0001:00005444       ?set_size@STextureGL@SDL_GL@ui@modules@UModSys@@QAEXHH@Z 10006444 f   umodsys_lib_libui:umodsys.mod.ui.SDL_GL.obj
 0001:00005509       ?reupload@STextureGL@SDL_GL@ui@modules@UModSys@@QAE_NXZ 10006509 f   umodsys_lib_libui:umodsys.mod.ui.SDL_GL.obj
 0001:00005577       ?upload@STextureGL@SDL_GL@ui@modules@UModSys@@QAE_NXZ 10006577 f   umodsys_lib_libui:umodsys.mod.ui.SDL_GL.obj
 0001:00005611       ?set_reallocate@STextureGL@SDL_GL@ui@modules@UModSys@@QAE_NW4eImageType@lib2d@5@HHPBD@Z 10006611 f   umodsys_lib_libui:umodsys.mod.ui.SDL_GL.obj
 0001:00005671       ?new_texture@RMultiImage2D_SDL_ttf@SDL_GL@ui@modules@UModSys@@SA_NAAUSTextureGL@2345@PAUSDL_Surface@@PAURRenderDriver3D@2345@@Z 10006671 f   umodsys_lib_libui:umodsys.mod.ui.SDL_GL.obj
 0001:000056fd       ??0RRenderDriver3D@SDL_GL@ui@modules@UModSys@@QAE@PAURTerminalX@1234@@Z 100066fd f   umodsys_lib_libui:umodsys.mod.ui.SDL_GL.obj
 0001:000057db       ??_ERRenderDriver3D@SDL_GL@ui@modules@UModSys@@UAEPAXI@Z 100067db f i  CIL library: CIL module
 0001:000057db       ??_GRRenderDriver3D@SDL_GL@ui@modules@UModSys@@UAEPAXI@Z 100067db f i umodsys_lib_libui:umodsys.mod.ui.SDL_GL.obj
 0001:000057f8       ??1RRenderDriver3D@SDL_GL@ui@modules@UModSys@@UAE@XZ 100067f8 f   umodsys_lib_libui:umodsys.mod.ui.SDL_GL.obj
 0001:00005867       ?Close@RRenderDriver3D@SDL_GL@ui@modules@UModSys@@QAEXXZ 10006867 f   umodsys_lib_libui:umodsys.mod.ui.SDL_GL.obj
 0001:00005888       ?Open@RRenderDriver3D@SDL_GL@ui@modules@UModSys@@QAE_NABUSParameters@core@5@@Z 10006888 f   umodsys_lib_libui:umodsys.mod.ui.SDL_GL.obj
 0001:0000597a       ?NextPhm@RRenderDriver3D@SDL_GL@ui@modules@UModSys@@QAE_NW4ePhaseMode@2345@@Z 1000697a f   umodsys_lib_libui:umodsys.mod.ui.SDL_GL.obj
 0001:000059cf       ?new_font@RRenderDriver3D@SDL_GL@ui@modules@UModSys@@UAE?AU?$TRefObject@UIMultiImage@lib2d@UModSys@@U?$TRefObjectFunc@UIMultiImage@lib2d@UModSys@@@tl@3@@tl@5@ABUSParameters@core@5@ABU?$TString@U?$TSCoreConst@D@su@tl@UModSys@@U?$TComparerBinaryHash@D@234@@75@@Z 100069cf f   umodsys_lib_libui:umodsys.mod.ui.SDL_GL.obj
 0001:00005b0a       ?get_max_values@RRenderDriver3D@SDL_GL@ui@modules@UModSys@@UBEPBUSParameters@core@5@XZ 10006b0a f   umodsys_lib_libui:umodsys.mod.ui.SDL_GL.obj
 0001:00005b0a       ?get_max_values@RRenderDriver2D@SDL_core@ui@modules@UModSys@@UBEPBUSParameters@core@5@XZ 10006b0a f   umodsys_lib_libui:umodsys.mod.ui.SDL_core.obj
 0001:00005b0e       ?get_frame_values@RRenderDriver3D@SDL_GL@ui@modules@UModSys@@UBEPBUSParameters@core@5@XZ 10006b0e f   umodsys_lib_libui:umodsys.mod.ui.SDL_GL.obj
 0001:00005b15       ?setup_font@RRenderDriver3D@SDL_GL@ui@modules@UModSys@@UAE_NPAUIMultiImage@lib2d@5@PBU?$TVector2@M@math3d@5@@Z 10006b15 f   umodsys_lib_libui:umodsys.mod.ui.SDL_GL.obj
 0001:00005b67       ?setup_color@RRenderDriver3D@SDL_GL@ui@modules@UModSys@@UAEXABU?$TVector3@M@math3d@5@@Z 10006b67 f   umodsys_lib_libui:umodsys.mod.ui.SDL_GL.obj
 0001:00005b8e       ?setup_color@RRenderDriver3D@SDL_GL@ui@modules@UModSys@@UAEXABU?$TVector3@H@math3d@5@@Z 10006b8e f   umodsys_lib_libui:umodsys.mod.ui.SDL_GL.obj
 0001:00005bd1       ?setup_coloralpha@RRenderDriver3D@SDL_GL@ui@modules@UModSys@@UAEXABU?$TVector4@M@math3d@5@H@Z 10006bd1 f   umodsys_lib_libui:umodsys.mod.ui.SDL_GL.obj
 0001:00005bf9       ?setup_coloralpha@RRenderDriver3D@SDL_GL@ui@modules@UModSys@@UAEXABU?$TVector4@H@math3d@5@H@Z 10006bf9 f   umodsys_lib_libui:umodsys.mod.ui.SDL_GL.obj
 0001:00005c51       ?setup_blendcolor@RRenderDriver3D@SDL_GL@ui@modules@UModSys@@UAEXABUSBlendColor@lib2d@5@@Z 10006c51 f   umodsys_lib_libui:umodsys.mod.ui.SDL_GL.obj
 0001:00005ca9       ?setup_blendcolor@RRenderDriver3D@SDL_GL@ui@modules@UModSys@@UAEXABUSBlendColorf@lib2d@5@@Z 10006ca9 f   umodsys_lib_libui:umodsys.mod.ui.SDL_GL.obj
 0001:00005ced       ?setup_alpha@RRenderDriver3D@SDL_GL@ui@modules@UModSys@@UAEXHH@Z 10006ced f   umodsys_lib_libui:umodsys.mod.ui.SDL_GL.obj
 0001:00005d14       ?setup_alpha@RRenderDriver3D@SDL_GL@ui@modules@UModSys@@UAEXMH@Z 10006d14 f   umodsys_lib_libui:umodsys.mod.ui.SDL_GL.obj
 0001:00005d35       ?render_text_advanced@RRenderDriver3D@SDL_GL@ui@modules@UModSys@@UAE_NAAUTextInfo@IRenderDriver@lib2d@5@PBHH@Z 10006d35 f   umodsys_lib_libui:umodsys.mod.ui.SDL_GL.obj
 0001:00005ef3       ?render_box@RRenderDriver3D@SDL_GL@ui@modules@UModSys@@UAEXABU?$TVector2@H@math3d@5@0@Z 10006ef3 f   umodsys_lib_libui:umodsys.mod.ui.SDL_GL.obj
 0001:00005f4e       ?render_tri@RRenderDriver3D@SDL_GL@ui@modules@UModSys@@UAEXABU?$TVector2@H@math3d@5@00@Z 10006f4e f   umodsys_lib_libui:umodsys.mod.ui.SDL_GL.obj
 0001:00005f9e       ?render_quad@RRenderDriver3D@SDL_GL@ui@modules@UModSys@@UAEXABU?$TVector2@H@math3d@5@000@Z 10006f9e f   umodsys_lib_libui:umodsys.mod.ui.SDL_GL.obj
 0001:00005ffd       ?render_box@RRenderDriver3D@SDL_GL@ui@modules@UModSys@@UAEXPAUIImage@lib2d@5@ABU?$TVector2@H@math3d@5@1ABU?$TVector2@M@95@2@Z 10006ffd f   umodsys_lib_libui:umodsys.mod.ui.SDL_GL.obj
 0001:0000600a       ?render_line@RRenderDriver3D@SDL_GL@ui@modules@UModSys@@UAEXABU?$TVector2@H@math3d@5@0@Z 1000700a f   umodsys_lib_libui:umodsys.mod.ui.SDL_GL.obj
 0001:0000604b       ?render_rect@RRenderDriver3D@SDL_GL@ui@modules@UModSys@@UAEXABU?$TVector2@H@math3d@5@0@Z 1000704b f   umodsys_lib_libui:umodsys.mod.ui.SDL_GL.obj
 0001:000060dc       ?begin@RRenderDriver3D@SDL_GL@ui@modules@UModSys@@UAEXXZ 100070dc f   umodsys_lib_libui:umodsys.mod.ui.SDL_GL.obj
 0001:00006209       ?end@RRenderDriver3D@SDL_GL@ui@modules@UModSys@@UAEXXZ 10007209 f   umodsys_lib_libui:umodsys.mod.ui.SDL_GL.obj
 0001:00006261       ?Mode_2d_begin@RRenderDriver3D@SDL_GL@ui@modules@UModSys@@QAE_NXZ 10007261 f   umodsys_lib_libui:umodsys.mod.ui.SDL_GL.obj
 0001:0000635c       ?Mode_2d_end@RRenderDriver3D@SDL_GL@ui@modules@UModSys@@QAE_NXZ 1000735c f   umodsys_lib_libui:umodsys.mod.ui.SDL_GL.obj
 0001:00006387       ?setup_array_none@RRenderDriver3D@SDL_GL@ui@modules@UModSys@@UAE_NXZ 10007387 f   umodsys_lib_libui:umodsys.mod.ui.SDL_GL.obj
 0001:00006387       ?key_reset@RKeyboardController@SDL_core@ui@modules@UModSys@@UAE_NXZ 10007387 f   umodsys_lib_libui:umodsys.mod.ui.SDL_core.obj
 0001:00006387       ?key_reset@RKeyboardController@SDL_GL@ui@modules@UModSys@@UAE_NXZ 10007387 f   umodsys_lib_libui:umodsys.mod.ui.SDL_GL.obj
 0001:00006387       ?driver_is_reset@RRenderDriver3D@SDL_GL@ui@modules@UModSys@@UAE_NXZ 10007387 f   umodsys_lib_libui:umodsys.mod.ui.SDL_GL.obj
 0001:0000638a       ?data_writer@RBinArchiveFrameClient_ZIP@zlib@media@modules@UModSys@@UAE?AU?$TRefObject@UIStreamWriter@libmedia@UModSys@@U?$TRefObjectFunc@UIStreamWriter@libmedia@UModSys@@@tl@3@@tl@5@PAUIBinArchiveFrame@libmedia@5@ABU?$TString@U?$TSCoreConst@D@su@tl@UModSys@@U?$TComparerBinaryHash@D@234@@75@ABUSFlags@95@@Z 1000738a f   umodsys_lib_libmedia:umodsys.mod.media.zlib.obj
 0001:0000638a       ?register_texcells@RRenderDriver3D@SDL_GL@ui@modules@UModSys@@UAE?AU?$TRefObject@UITextureCells@lib3d@UModSys@@U?$TRefObjectFunc@UITextureCells@lib3d@UModSys@@@tl@3@@tl@5@PAUILibrary@libmedia@5@ABU?$TString@U?$TSCoreConst@D@su@tl@UModSys@@U?$TComparerBinaryHash@D@234@@75@ABUSRenderMapFlags@lib3d@5@@Z 1000738a f   umodsys_lib_libui:umodsys.mod.ui.SDL_GL.obj
 0001:0000638a       ?register_tex@RRenderDriver3D@SDL_GL@ui@modules@UModSys@@UAE?AU?$TRefObject@UITexture@lib3d@UModSys@@U?$TRefObjectFunc@UITexture@lib3d@UModSys@@@tl@3@@tl@5@PAUILibrary@libmedia@5@ABU?$TString@U?$TSCoreConst@D@su@tl@UModSys@@U?$TComparerBinaryHash@D@234@@75@ABUSRenderMapFlags@lib3d@5@@Z 1000738a f   umodsys_lib_libui:umodsys.mod.ui.SDL_GL.obj
 0001:0000638a       ?register_tex@RRenderDriver3D@SDL_GL@ui@modules@UModSys@@UAE?AU?$TRefObject@UITexture@lib3d@UModSys@@U?$TRefObjectFunc@UITexture@lib3d@UModSys@@@tl@3@@tl@5@ABU?$TVector2@H@math3d@5@ABUSRenderMapFlags@lib3d@5@W4eImageType@lib2d@5@@Z 1000738a f   umodsys_lib_libui:umodsys.mod.ui.SDL_GL.obj
 0001:0000639c       ?create_array@RRenderDriver3D@SDL_GL@ui@modules@UModSys@@UAE?AU?$TRefObject@UIVertexArray@lib3d@UModSys@@U?$TRefObjectFunc@UIVertexArray@lib3d@UModSys@@@tl@3@@tl@5@HQBUSVertexElemInfo@lib3d@5@H@Z 1000739c f   umodsys_lib_libui:umodsys.mod.ui.SDL_GL.obj
[...]
 0001:0002c8f3       ??__F?s_id@?$TObjectUniqueID@UIJoystickController@libui@UModSys@@@tl@UModSys@@2USUniquePointer@core@3@A@@YAXXZ 1002d8f3 f    CIL library: CIL module
 0001:0002c8fd       ??__F?s_id@?$TObjectUniqueID@UIMouseController@libui@UModSys@@@tl@UModSys@@2USUniquePointer@core@3@A@@YAXXZ 1002d8fd f    CIL library: CIL module
 0001:0002c907       ??__F?s_id@?$TObjectUniqueID@UIKeyboardController@libui@UModSys@@@tl@UModSys@@2USUniquePointer@core@3@A@@YAXXZ 1002d907 f    CIL library: CIL module
 0001:0002c911       ??__F?s_id@?$TObjectUniqueID@UIConsoleHelperOutputFCS@base@UModSys@@@tl@UModSys@@2USUniquePointer@core@3@A@@YAXXZ 1002d911 f    CIL library: CIL module
 0001:0002c91b       ??__F?s_id@?$TObjectUniqueID@UIConsoleHelperOutput@base@UModSys@@@tl@UModSys@@2USUniquePointer@core@3@A@@YAXXZ 1002d91b f    CIL library: CIL module
 0001:0002c925       ??__F?s_id@?$TObjectUniqueID@UIConsoleHelperInput@base@UModSys@@@tl@UModSys@@2USUniquePointer@core@3@A@@YAXXZ 1002d925 f    CIL library: CIL module
 0001:0002c92f       ??__F?s_id@?$TObjectUniqueID@UIConsoleHelperHistory@base@UModSys@@@tl@UModSys@@2USUniquePointer@core@3@A@@YAXXZ 1002d92f f    CIL library: CIL module
 0001:0002c939       ??__F?s_id@?$TObjectUniqueID@UIConsoleHelper@base@UModSys@@@tl@UModSys@@2USUniquePointer@core@3@A@@YAXXZ 1002d939 f    CIL library: CIL module
 0001:0002c943       ??__F?s_id@?$TObjectUniqueID@UIConsoleExt@base@UModSys@@@tl@UModSys@@2USUniquePointer@core@3@A@@YAXXZ 1002d943 f    CIL library: CIL module
 0001:0002c94d       ??__F?s_id@?$TObjectUniqueID@UISerializeWriter@libmedia@UModSys@@@tl@UModSys@@2USUniquePointer@core@3@A@@YAXXZ 1002d94d f    CIL library: CIL module
 0001:0002c957       ??__F?s_id@?$TObjectUniqueID@UISerializeReader@libmedia@UModSys@@@tl@UModSys@@2USUniquePointer@core@3@A@@YAXXZ 1002d957 f    CIL library: CIL module
 0001:0002c961       ??__F?s_id@?$TObjectUniqueID@UIClient@IBinArchiveFrame@libmedia@UModSys@@@tl@UModSys@@2USUniquePointer@core@3@A@@YAXXZ 1002d961 f    CIL library: CIL module
 0001:0002c96b       ??__F?s_id@?$TObjectUniqueID@UIBinArchiveFrame@libmedia@UModSys@@@tl@UModSys@@2USUniquePointer@core@3@A@@YAXXZ 1002d96b f    CIL library: CIL module
 0001:0002c975       ??__F?s_id@?$TObjectUniqueID@UILibraryLayered@libmedia@UModSys@@@tl@UModSys@@2USUniquePointer@core@3@A@@YAXXZ 1002d975 f    CIL library: CIL module
 0001:0002c97f       ??__F?s_id@?$TObjectUniqueID@UILibraryObjCache@libmedia@UModSys@@@tl@UModSys@@2USUniquePointer@core@3@A@@YAXXZ 1002d97f f    CIL library: CIL module
 0001:0002c989       ??__F?s_id@?$TObjectUniqueID@UILibraryObjFilter@libmedia@UModSys@@@tl@UModSys@@2USUniquePointer@core@3@A@@YAXXZ 1002d989 f    CIL library: CIL module
 0001:0002c993       ??__F?s_id@?$TObjectUniqueID@UILibraryBinCache@libmedia@UModSys@@@tl@UModSys@@2USUniquePointer@core@3@A@@YAXXZ 1002d993 f    CIL library: CIL module
 0001:0002c99d       ??__F?s_id@?$TObjectUniqueID@UILibraryBinTree@libmedia@UModSys@@@tl@UModSys@@2USUniquePointer@core@3@A@@YAXXZ 1002d99d f    CIL library: CIL module
 0001:0002c9a7       ??__F?s_id@?$TObjectUniqueID@UILibrary@libmedia@UModSys@@@tl@UModSys@@2USUniquePointer@core@3@A@@YAXXZ 1002d9a7 f    CIL library: CIL module
 0001:0002c9b1       ??__F?s_id@?$TObjectUniqueID@UIBinObjFilter@libmedia@UModSys@@@tl@UModSys@@2USUniquePointer@core@3@A@@YAXXZ 1002d9b1 f    CIL library: CIL module
 0001:0002c9bb       ??__F?s_id@?$TObjectUniqueID@UIBinArchive@libmedia@UModSys@@@tl@UModSys@@2USUniquePointer@core@3@A@@YAXXZ 1002d9bb f    CIL library: CIL module
 0001:0002c9c5       ??__F?s_id@?$TObjectUniqueID@UILibObject@libmedia@UModSys@@@tl@UModSys@@2USUniquePointer@core@3@A@@YAXXZ 1002d9c5 f    CIL library: CIL module
 0001:0002c9cf       ??__F?s_id@?$TObjectUniqueID@UIUtilities@libmedia@UModSys@@@tl@UModSys@@2USUniquePointer@core@3@A@@YAXXZ 1002d9cf f    CIL library: CIL module
 0001:0002c9d9       ??__F?s_id@?$TObjectUniqueID@UIStreamWriter@libmedia@UModSys@@@tl@UModSys@@2USUniquePointer@core@3@A@@YAXXZ 1002d9d9 f    CIL library: CIL module
 0001:0002c9e3       ??__F?s_id@?$TObjectUniqueID@UIStreamReader@libmedia@UModSys@@@tl@UModSys@@2USUniquePointer@core@3@A@@YAXXZ 1002d9e3 f    CIL library: CIL module
 0001:0002c9ed       ??__F?s_id@?$TObjectUniqueID@UISystem@base@UModSys@@@tl@UModSys@@2USUniquePointer@core@3@A@@YAXXZ 1002d9ed f    CIL library: CIL module
 0001:0002c9f7       ??__F?s_id@?$TObjectUniqueID@UIShell@base@UModSys@@@tl@UModSys@@2USUniquePointer@core@3@A@@YAXXZ 1002d9f7 f    CIL library: CIL module
 0001:0002ca01       ??__F?s_id@?$TObjectUniqueID@UIGenerator@base@UModSys@@@tl@UModSys@@2USUniquePointer@core@3@A@@YAXXZ 1002da01 f    CIL library: CIL module
 0001:0002ca0b       ??__F?s_id@?$TObjectUniqueID@UIModObject@base@UModSys@@@tl@UModSys@@2USUniquePointer@core@3@A@@YAXXZ 1002da0b f    CIL library: CIL module
 0001:0002ca15       ??__F?s_id@?$TObjectUniqueID@UIModuleLibrary@base@UModSys@@@tl@UModSys@@2USUniquePointer@core@3@A@@YAXXZ 1002da15 f    CIL library: CIL module
 0001:0002ca1f       ??__F?s_id@?$TObjectUniqueID@UIModule@base@UModSys@@@tl@UModSys@@2USUniquePointer@core@3@A@@YAXXZ 1002da1f f    CIL library: CIL module
 0001:0002ca29       ??__F?s_id@?$TObjectUniqueID@UIConsole@base@UModSys@@@tl@UModSys@@2USUniquePointer@core@3@A@@YAXXZ 1002da29 f    CIL library: CIL module
 0001:0002ca33       ??__F?s_id@?$TObjectUniqueID@UIParameters@core@UModSys@@@tl@UModSys@@2USUniquePointer@core@3@A@@YAXXZ 1002da33 f    CIL library: CIL module
 0001:0002ca3d       ??__F?s_id@?$TObjectUniqueID@UIRefObject@core@UModSys@@@tl@UModSys@@2USUniquePointer@core@3@A@@YAXXZ 1002da3d f    CIL library: CIL module
 0001:0002ca47       ??__F?s_id@?$TObjectUniqueID@UIRoot@core@UModSys@@@tl@UModSys@@2USUniquePointer@core@3@A@@YAXXZ 1002da47 f    CIL library: CIL module
 0001:0002ca51       ??__F?s_id@?$TDataUniqueID@M@tl@UModSys@@2USUniquePointer@core@3@A@@YAXXZ 1002da51 f    CIL library: CIL module
 0001:0002ca5b       ??__F?s_id@?$TDataUniqueID@F@tl@UModSys@@2USUniquePointer@core@3@A@@YAXXZ 1002da5b f    CIL library: CIL module
 0001:0002ca65       ??__F?s_id@?$TDataUniqueID@H@tl@UModSys@@2USUniquePointer@core@3@A@@YAXXZ 1002da65 f    CIL library: CIL module
 0001:0002ca6f       ??__F?s_id@?$TConstUniqueID@W4eConsoleLevels@base@UModSys@@$00@tl@UModSys@@2USUniquePointer@core@3@A@@YAXXZ 1002da6f f    CIL library: CIL module
 0001:0002ca79       ??__F?s_id@?$TObjectUniqueID@UINodeObject_Light@lib3d@UModSys@@@tl@UModSys@@2USUniquePointer@core@3@A@@YAXXZ 1002da79 f    CIL library: CIL module
 0001:0002ca83       ??__F?s_id@?$TObjectUniqueID@UINodeObject_Camera@lib3d@UModSys@@@tl@UModSys@@2USUniquePointer@core@3@A@@YAXXZ 1002da83 f    CIL library: CIL module
 0001:0002ca8d       ??__F?s_id@?$TObjectUniqueID@UINodeObject_Particles@lib3d@UModSys@@@tl@UModSys@@2USUniquePointer@core@3@A@@YAXXZ 1002da8d f    CIL library: CIL module
 0001:0002ca97       ??__F?s_id@?$TObjectUniqueID@UINodeObject_Picture@lib3d@UModSys@@@tl@UModSys@@2USUniquePointer@core@3@A@@YAXXZ 1002da97 f    CIL library: CIL module
 0001:0002caa1       ??__F?s_id@?$TObjectUniqueID@UINodeObject_Mesh@lib3d@UModSys@@@tl@UModSys@@2USUniquePointer@core@3@A@@YAXXZ 1002daa1 f    CIL library: CIL module
 0001:0002caab       ??__F?s_id@?$TObjectUniqueID@UINodeObject_Brush@lib3d@UModSys@@@tl@UModSys@@2USUniquePointer@core@3@A@@YAXXZ 1002daab f    CIL library: CIL module
 0001:0002cab5       ??__F?s_id@?$TObjectUniqueID@UIScene@lib3d@UModSys@@@tl@UModSys@@2USUniquePointer@core@3@A@@YAXXZ 1002dab5 f    CIL library: CIL module
 0001:0002cabf       ??__F?s_id@?$TObjectUniqueID@UISceneController@lib3d@UModSys@@@tl@UModSys@@2USUniquePointer@core@3@A@@YAXXZ 1002dabf f    CIL library: CIL module
 0001:0002cac9       ??__Fs_dbg@stdlib@lib2d@modules@UModSys@@YAXXZ 1002dac9 f    CIL library: CIL module
 0001:0002cae0       ??__F?s_modreg@RModuleReg@stdlib@lib2d@modules@UModSys@@2U12345@A@@YAXXZ 1002dae0 f    CIL library: CIL module
 0001:0002caeb       ??__F?s_modreg_chain@RModuleReg@stdlib@lib2d@modules@UModSys@@2USModuleRegChain@base@5@A@@YAXXZ 1002daeb f    CIL library: CIL module
 0001:0002caf5       ??__F?s_uid@RGenerator@stdlib@lib2d@modules@UModSys@@2USUniquePointer@core@5@A@@YAXXZ 1002daf5 f    CIL library: CIL module
 0001:0002caff       ??__Fh@?1??s_holder@RGenerator@stdlib@lib2d@modules@UModSys@@SAAAU?$TTypeStaticHolder@URGenerator@stdlib@lib2d@modules@UModSys@@@tl@5@XZ@YAXXZ 1002daff f    CIL library: CIL module
 0001:0002cb1c       ??__F?s_id@?$TObjectUniqueID@URGenerator@stdlib@lib2d@modules@UModSys@@@tl@UModSys@@2USUniquePointer@core@3@A@@YAXXZ 1002db1c f    CIL library: CIL module
 0001:0002cb26       ??__F?s_id@?$TObjectUniqueID@URMultiImage@stdlib@lib2d@modules@UModSys@@@tl@UModSys@@2USUniquePointer@core@3@A@@YAXXZ 1002db26 f    CIL library: CIL module
 0001:0002cb30       ??__F?s_id@?$TObjectUniqueID@URImageFactory_Memory@stdlib@lib2d@modules@UModSys@@@tl@UModSys@@2USUniquePointer@core@3@A@@YAXXZ 1002db30 f    CIL library: CIL module
 0001:0002cb3a       ??__F?s_id@?$TObjectUniqueID@URImage_Memory@stdlib@lib2d@modules@UModSys@@@tl@UModSys@@2USUniquePointer@core@3@A@@YAXXZ 1002db3a f    CIL library: CIL module
 0001:0002cb44       ??__Fs_dbg@SDL_GL@ui@modules@UModSys@@YAXXZ 1002db44 f    CIL library: CIL module
 0001:0002cb5b       ??__F?s_modreg@RModuleReg@SDL_GL@ui@modules@UModSys@@2U12345@A@@YAXXZ 1002db5b f    CIL library: CIL module
 0001:0002cb66       ??__F?s_modreg_chain@RModuleReg@SDL_GL@ui@modules@UModSys@@2USModuleRegChain@base@5@A@@YAXXZ 1002db66 f    CIL library: CIL module
 0001:0002cb70       ??__F?s_uid@RGenerator@SDL_GL@ui@modules@UModSys@@2USUniquePointer@core@5@A@@YAXXZ 1002db70 f    CIL library: CIL module
 0001:0002cb7a       ??__Fh@?1??s_holder@RGenerator@SDL_GL@ui@modules@UModSys@@SAAAU?$TTypeStaticHolder@URGenerator@SDL_GL@ui@modules@UModSys@@@tl@5@XZ@YAXXZ 1002db7a f    CIL library: CIL module
 0001:0002cb97       ??__F?s_id@?$TObjectUniqueID@URGenerator@SDL_GL@ui@modules@UModSys@@@tl@UModSys@@2USUniquePointer@core@3@A@@YAXXZ 1002db97 f    CIL library: CIL module
 0001:0002cba1       ??__F?s_id@?$TObjectUniqueID@URVertexArray@SDL_GL@ui@modules@UModSys@@@tl@UModSys@@2USUniquePointer@core@3@A@@YAXXZ 1002dba1 f    CIL library: CIL module
 0001:0002cbab       ??__F?s_id@?$TObjectUniqueID@URTerminalX@SDL_GL@ui@modules@UModSys@@@tl@UModSys@@2USUniquePointer@core@3@A@@YAXXZ 1002dbab f    CIL library: CIL module
 0001:0002cbb5       ??__F?s_id@?$TObjectUniqueID@URRenderDriver3D@SDL_GL@ui@modules@UModSys@@@tl@UModSys@@2USUniquePointer@core@3@A@@YAXXZ 1002dbb5 f    CIL library: CIL module
 0001:0002cbbf       ??__F?s_id@?$TObjectUniqueID@URMultiImage2D_SDL_ttf@SDL_GL@ui@modules@UModSys@@@tl@UModSys@@2USUniquePointer@core@3@A@@YAXXZ 1002dbbf f    CIL library: CIL module
 0001:0002cbc9       ??__F?s_id@?$TObjectUniqueID@URTerminal@SDL_GL@ui@modules@UModSys@@@tl@UModSys@@2USUniquePointer@core@3@A@@YAXXZ 1002dbc9 f    CIL library: CIL module
 0001:0002cbd3       ??__F?s_id@?$TObjectUniqueID@URMouseController@SDL_GL@ui@modules@UModSys@@@tl@UModSys@@2USUniquePointer@core@3@A@@YAXXZ 1002dbd3 f    CIL library: CIL module
 0001:0002cbdd       ??__F?s_id@?$TObjectUniqueID@URKeyboardController@SDL_GL@ui@modules@UModSys@@@tl@UModSys@@2USUniquePointer@core@3@A@@YAXXZ 1002dbdd f    CIL library: CIL module
 0001:0002cbe7       ??__Fs_dbg@SDL_core@ui@modules@UModSys@@YAXXZ 1002dbe7 f    CIL library: CIL module
 0001:0002cbfe       ??__F?s_modreg@RModuleReg@SDL_core@ui@modules@UModSys@@2U12345@A@@YAXXZ 1002dbfe f    CIL library: CIL module
 0001:0002cc09       ??__F?s_modreg_chain@RModuleReg@SDL_core@ui@modules@UModSys@@2USModuleRegChain@base@5@A@@YAXXZ 1002dc09 f    CIL library: CIL module
 0001:0002cc13       ??__F?s_uid@RGenerator@SDL_core@ui@modules@UModSys@@2USUniquePointer@core@5@A@@YAXXZ 1002dc13 f    CIL library: CIL module
 0001:0002cc1d       ??__Fh@?1??s_holder@RGenerator@SDL_core@ui@modules@UModSys@@SAAAU?$TTypeStaticHolder@URGenerator@SDL_core@ui@modules@UModSys@@@tl@5@XZ@YAXXZ 1002dc1d f    CIL library: CIL module
 0001:0002cc3a       ??__F?s_id@?$TObjectUniqueID@URGenerator@SDL_core@ui@modules@UModSys@@@tl@UModSys@@2USUniquePointer@core@3@A@@YAXXZ 1002dc3a f    CIL library: CIL module
 0001:0002cc44       ??__F?s_id@?$TObjectUniqueID@URTerminalX@SDL_core@ui@modules@UModSys@@@tl@UModSys@@2USUniquePointer@core@3@A@@YAXXZ 1002dc44 f    CIL library: CIL module
 0001:0002cc4e       ??__F?s_id@?$TObjectUniqueID@URRenderDriver2D@SDL_core@ui@modules@UModSys@@@tl@UModSys@@2USUniquePointer@core@3@A@@YAXXZ 1002dc4e f    CIL library: CIL module
 0001:0002cc58       ??__F?s_id@?$TObjectUniqueID@URMultiImage2D_SDL_ttf@SDL_core@ui@modules@UModSys@@@tl@UModSys@@2USUniquePointer@core@3@A@@YAXXZ 1002dc58 f    CIL library: CIL module
 0001:0002cc62       ??__F?s_id@?$TObjectUniqueID@URTerminal@SDL_core@ui@modules@UModSys@@@tl@UModSys@@2USUniquePointer@core@3@A@@YAXXZ 1002dc62 f    CIL library: CIL module
 0001:0002cc6c       ??__F?s_id@?$TObjectUniqueID@URMouseController@SDL_core@ui@modules@UModSys@@@tl@UModSys@@2USUniquePointer@core@3@A@@YAXXZ 1002dc6c f    CIL library: CIL module
 0001:0002cc76       ??__F?s_id@?$TObjectUniqueID@URKeyboardController@SDL_core@ui@modules@UModSys@@@tl@UModSys@@2USUniquePointer@core@3@A@@YAXXZ 1002dc76 f    CIL library: CIL module
 0001:0002cc80       ??__Fs_dbg@frames@ui@modules@UModSys@@YAXXZ 1002dc80 f    CIL library: CIL module
 0001:0002cc97       ??__F?s_modreg@RModuleReg@frames@ui@modules@UModSys@@2U12345@A@@YAXXZ 1002dc97 f    CIL library: CIL module
 0001:0002cca2       ??__F?s_modreg_chain@RModuleReg@frames@ui@modules@UModSys@@2USModuleRegChain@base@5@A@@YAXXZ 1002dca2 f    CIL library: CIL module
 0001:0002ccac       ??__F?s_uid@RGenerator@frames@ui@modules@UModSys@@2USUniquePointer@core@5@A@@YAXXZ 1002dcac f    CIL library: CIL module
 0001:0002ccb6       ??__Fh@?1??s_holder@RGenerator@frames@ui@modules@UModSys@@SAAAU?$TTypeStaticHolder@URGenerator@frames@ui@modules@UModSys@@@tl@5@XZ@YAXXZ 1002dcb6 f    CIL library: CIL module
 0001:0002ccd3       ??__F?s_id@?$TObjectUniqueID@URGenerator@frames@ui@modules@UModSys@@@tl@UModSys@@2USUniquePointer@core@3@A@@YAXXZ 1002dcd3 f    CIL library: CIL module
 0001:0002ccdd       ??__F?s_id@?$TObjectUniqueID@URCollector@frames@ui@modules@UModSys@@@tl@UModSys@@2USUniquePointer@core@3@A@@YAXXZ 1002dcdd f    CIL library: CIL module
 0001:0002cce7       ??__F?s_id@?$TObjectUniqueID@URFrame_List@frames@ui@modules@UModSys@@@tl@UModSys@@2USUniquePointer@core@3@A@@YAXXZ 1002dce7 f    CIL library: CIL module
 0001:0002ccf1       ??__F?s_id@?$TObjectUniqueID@URFrame_Edit@frames@ui@modules@UModSys@@@tl@UModSys@@2USUniquePointer@core@3@A@@YAXXZ 1002dcf1 f    CIL library: CIL module
 0001:0002ccfb       ??__F?s_id@?$TObjectUniqueID@URFrame_Button@frames@ui@modules@UModSys@@@tl@UModSys@@2USUniquePointer@core@3@A@@YAXXZ 1002dcfb f    CIL library: CIL module
 0001:0002cd05       ??__F?s_id@?$TObjectUniqueID@URFrame_Text@frames@ui@modules@UModSys@@@tl@UModSys@@2USUniquePointer@core@3@A@@YAXXZ 1002dd05 f    CIL library: CIL module
 0001:0002cd0f       ??__F?s_id@?$TObjectUniqueID@URFrame_Image@frames@ui@modules@UModSys@@@tl@UModSys@@2USUniquePointer@core@3@A@@YAXXZ 1002dd0f f    CIL library: CIL module
 0001:0002cd19       ??__F?s_id@?$TObjectUniqueID@URFrame_Frame@frames@ui@modules@UModSys@@@tl@UModSys@@2USUniquePointer@core@3@A@@YAXXZ 1002dd19 f    CIL library: CIL module
 0001:0002cd23       ??__F?s_id@?$TObjectUniqueID@URDialog@frames@ui@modules@UModSys@@@tl@UModSys@@2USUniquePointer@core@3@A@@YAXXZ 1002dd23 f    CIL library: CIL module
 0001:0002cd2d       ??__F?s_id@?$TObjectUniqueID@URFrame_Common@frames@ui@modules@UModSys@@@tl@UModSys@@2USUniquePointer@core@3@A@@YAXXZ 1002dd2d f    CIL library: CIL module
 0001:0002cd37       ??__Fs_dbg@images_std@media@modules@UModSys@@YAXXZ 1002dd37 f    CIL library: CIL module
 0001:0002cd4e       ??__F?s_modreg@RModuleReg@images_std@media@modules@UModSys@@2U12345@A@@YAXXZ 1002dd4e f    CIL library: CIL module
 0001:0002cd59       ??__F?s_modreg_chain@RModuleReg@images_std@media@modules@UModSys@@2USModuleRegChain@base@5@A@@YAXXZ 1002dd59 f    CIL library: CIL module
 0001:0002cd63       ??__F?s_uid@RGenerator@images_std@media@modules@UModSys@@2USUniquePointer@core@5@A@@YAXXZ 1002dd63 f    CIL library: CIL module
 0001:0002cd6d       ??__Fh@?1??s_holder@RGenerator@images_std@media@modules@UModSys@@SAAAU?$TTypeStaticHolder@URGenerator@images_std@media@modules@UModSys@@@tl@5@XZ@YAXXZ 1002dd6d f    CIL library: CIL module
 0001:0002cd8a       ??__F?s_id@?$TObjectUniqueID@URGenerator@images_std@media@modules@UModSys@@@tl@UModSys@@2USUniquePointer@core@3@A@@YAXXZ 1002dd8a f    CIL library: CIL module
 0001:0002cd94       ??__F?s_id@?$TObjectUniqueID@URMediaFilter@images_std@media@modules@UModSys@@@tl@UModSys@@2USUniquePointer@core@3@A@@YAXXZ 1002dd94 f    CIL library: CIL module
 0001:0002cd9e       ??__Fs_dbg@serialize_json@media@modules@UModSys@@YAXXZ 1002dd9e f    CIL library: CIL module
 0001:0002cdb5       ??__F?s_modreg@RModuleReg@serialize_json@media@modules@UModSys@@2U12345@A@@YAXXZ 1002ddb5 f    CIL library: CIL module
 0001:0002cdc0       ??__F?s_modreg_chain@RModuleReg@serialize_json@media@modules@UModSys@@2USModuleRegChain@base@5@A@@YAXXZ 1002ddc0 f    CIL library: CIL module
 0001:0002cdca       ??__F?s_uid@RGenerator@serialize_json@media@modules@UModSys@@2USUniquePointer@core@5@A@@YAXXZ 1002ddca f    CIL library: CIL module
 0001:0002cdd4       ??__Fh@?1??s_holder@RGenerator@serialize_json@media@modules@UModSys@@SAAAU?$TTypeStaticHolder@URGenerator@serialize_json@media@modules@UModSys@@@tl@5@XZ@YAXXZ 1002ddd4 f    CIL library: CIL module
 0001:0002cdf1       ??__F?s_id@?$TObjectUniqueID@URGenerator@serialize_json@media@modules@UModSys@@@tl@UModSys@@2USUniquePointer@core@3@A@@YAXXZ 1002ddf1 f    CIL library: CIL module
 0001:0002cdfb       ??__F?s_id@?$TObjectUniqueID@URSerializeWriter@serialize_json@media@modules@UModSys@@@tl@UModSys@@2USUniquePointer@core@3@A@@YAXXZ 1002ddfb f    CIL library: CIL module
 0001:0002ce05       ??__F?s_id@?$TObjectUniqueID@URSerializeReader@serialize_json@media@modules@UModSys@@@tl@UModSys@@2USUniquePointer@core@3@A@@YAXXZ 1002de05 f    CIL library: CIL module
 0001:0002ce0f       ??__Fs_dbg@zlib@media@modules@UModSys@@YAXXZ 1002de0f f    CIL library: CIL module
 0001:0002ce26       ??__F?s_modreg@RModuleReg@zlib@media@modules@UModSys@@2U12345@A@@YAXXZ 1002de26 f    CIL library: CIL module
 0001:0002ce31       ??__F?s_modreg_chain@RModuleReg@zlib@media@modules@UModSys@@2USModuleRegChain@base@5@A@@YAXXZ 1002de31 f    CIL library: CIL module
 0001:0002ce3b       ??__F?s_uid@RGenerator@zlib@media@modules@UModSys@@2USUniquePointer@core@5@A@@YAXXZ 1002de3b f    CIL library: CIL module
 0001:0002ce45       ??__Fh@?1??s_holder@RGenerator@zlib@media@modules@UModSys@@SAAAU?$TTypeStaticHolder@URGenerator@zlib@media@modules@UModSys@@@tl@5@XZ@YAXXZ 1002de45 f    CIL library: CIL module
 0001:0002ce62       ??__F?s_id@?$TObjectUniqueID@URGenerator@zlib@media@modules@UModSys@@@tl@UModSys@@2USUniquePointer@core@3@A@@YAXXZ 1002de62 f    CIL library: CIL module
 0001:0002ce6c       ??__F?s_id@?$TObjectUniqueID@URBinArchiveFrameClient_ZIP@zlib@media@modules@UModSys@@@tl@UModSys@@2USUniquePointer@core@3@A@@YAXXZ 1002de6c f    CIL library: CIL module
 0001:0002ce76       ??__FM@UModSys@@YAXXZ      1002de76 f    CIL library: CIL module
 0001:0002ce77       ??__F?root@SModuleRegChain@base@UModSys@@2U123@A@@YAXXZ 1002de77 f    CIL library: CIL module
 0001:0002ce81       ??__F?s_library@RModuleLibraryReg_Chain@base@UModSys@@2U123@A@@YAXXZ 1002de81 f    CIL library: CIL module
 0001:0002ce8c       ??__F?root@SUniquePointer@core@UModSys@@2U123@A@@YAXXZ 1002de8c f    CIL library: CIL module

 Exports

  ordinal    name

        1    _UModSys_Plugin_Entry2@0
