 plugin_test1

 Timestamp is 53327d44 (Wed Mar 26 10:09:56 2014)

 Preferred load address is 10000000

 Start         Length     Name                   Class
 0001:00000000 0002c941H .text                   CODE
 0001:0002c941 00000a3eH .text$x                 CODE
 0001:0002d37f 00001518H .text$yc                CODE
 0001:0002e897 000007cfH .text$yd                CODE
 0002:00000000 00000230H .idata$5                DATA
 0002:00000230 00000004H .CRT$XCA                DATA
 0002:00000234 00001488H .CRT$XCU                DATA
 0002:000016bc 00000004H .CRT$XCZ                DATA
 0002:000016c0 00000004H .CRT$XIA                DATA
 0002:000016c4 00000004H .CRT$XIAA               DATA
 0002:000016c8 00000004H .CRT$XIC                DATA
 0002:000016cc 00000004H .CRT$XIZ                DATA
 0002:000016d0 0000d5e8H .rdata                  DATA
 0002:0000ecb8 00002450H .rdata$r                DATA
 0002:00011110 00000128H .rdata$sxdata           DATA
 0002:00011238 00000004H .rtc$IAA                DATA
 0002:0001123c 00000004H .rtc$IZZ                DATA
 0002:00011240 00000004H .rtc$TAA                DATA
 0002:00011244 00000004H .rtc$TZZ                DATA
 0002:00011248 000010ccH .xdata$x                DATA
 0002:00012314 00000078H .idata$2                DATA
 0002:0001238c 00000014H .idata$3                DATA
 0002:000123a0 00000230H .idata$4                DATA
 0002:000125d0 000009feH .idata$6                DATA
 0002:00012fd0 0000005cH .edata                  DATA
 0003:00000000 00001b20H .data                   DATA
 0003:00001b20 00001bdcH .bss                    DATA

  Address         Publics by Value              Rva+Base       Lib:Object

 0000:00000000       __except_list              00000000     <absolute>
 0000:0000004a       ___safe_se_handler_count   0000004a     <absolute>
 0000:00009876       __fltused                  00009876     <absolute>
 0000:00009876       __ldused                   00009876     <absolute>
 0000:00000000       ___ImageBase               10000000     <linker-defined>
 0001:00000000       ?new_data@SMemorySharedData@core@UModSys@@SAPAU123@IPBUSSourceContext@23@@Z 10001000 f i plugin_test1.obj
 0001:00000024       ?link@SCMemShared@core@UModSys@@QAE_NPAUSMemorySharedData@23@PAUSSourceContext@23@@Z 10001024 f i plugin_test1.obj
 0001:00000024       ?link@SMemShared@core@UModSys@@QAE_NPAUSMemorySharedData@23@PAUSSourceContext@23@@Z 10001024 f i plugin_test1.obj
 0001:00000049       ??BSMemShared@core@UModSys@@QBE?AUSMem@12@XZ 10001049 f i umodsys_lib_lib2d:umodsys.mod.2d.stdlib.obj
 0001:00000049       ??BSCMemShared@core@UModSys@@QBE?AUSCMem@12@XZ 10001049 f i plugin_test1.obj
 0001:00000049       ?get@SMemShared@core@UModSys@@QBE?AUSMem@23@XZ 10001049 f i umodsys_lib_libmedia:umodsys.mod.media.images_std.obj
 0001:00000079       ??6SUniquePtrList@core@UModSys@@QAEAAU012@PBUSUniquePointerInfo@12@@Z 10001079 f i plugin_test1.obj
 0001:000000aa       ??3IRoot@core@UModSys@@SAXPAXABUSIMemAlloc@12@@Z 100010aa f i plugin_test1.obj
 0001:000000c3       ?_root_get_other_interface@IRefObject@core@UModSys@@IBEPBUIRoot@23@PBUSUniquePointerInfo@23@@Z 100010c3 f i plugin_test1.obj
 0001:000000c3       ?_root_get_other_interface@IRefObject@core@UModSys@@IAEPAUIRoot@23@PBUSUniquePointerInfo@23@@Z 100010c3 f i plugin_test1.obj
 0001:000000e4       ?_root_get_interface_types@IRefObject@core@UModSys@@SAIAAUSUniquePtrList@23@@Z 100010e4 f i plugin_test1.obj
 0001:00000104       ?_root_is_interface_supported@IRefObject@core@UModSys@@SA_NPBUSUniquePointerInfo@23@@Z 10001104 f i plugin_test1.obj
 0001:0000011b       ??$slen@D@su@tl@UModSys@@YAIPBD@Z 1000111b f i plugin_test1.obj
 0001:00000134       ??$seq@D@su@tl@UModSys@@YA_NPBD0@Z 10001134 f i plugin_test1.obj
 0001:00000161       ??0SParameters@core@UModSys@@QAE@PAUIParameters@12@PAXH@Z 10001161 f i plugin_test1.obj
 0001:00000184       ?add@SParameters@core@UModSys@@QAE_NPBDH@Z 10001184 f i plugin_test1.obj
 0001:0000019f       ?_root_get_other_interface@IGenerator@base@UModSys@@IAEPAUIRoot@core@3@PBUSUniquePointerInfo@53@@Z 1000119f f i plugin_test1.obj
 0001:0000019f       ?_root_get_other_interface@IGenerator@base@UModSys@@IBEPBUIRoot@core@3@PBUSUniquePointerInfo@53@@Z 1000119f f i plugin_test1.obj
 0001:000001bb       ?_root_is_interface_supported@IGenerator@base@UModSys@@SA_NPBUSUniquePointerInfo@core@3@@Z 100011bb f i plugin_test1.obj
 0001:000001db       ?_root_is_interface_supported@IBinObjFilter@libmedia@UModSys@@SA_NPBUSUniquePointerInfo@core@3@@Z 100011db f i plugin_test1.obj
 0001:000001fb       ?get_buttonmask@SMouseInput@libui@UModSys@@QBEIW4eButtonInputStatus@23@@Z 100011fb f i plugin_test1.obj
 0001:00000222       ?set_info@IImage@lib2d@UModSys@@QAE_NW4eImageType@23@HHPBD@Z 10001222 f i plugin_test1.obj
 0001:0000024d       ?render_text@IRenderDriver@lib2d@UModSys@@QAE_NABU?$TVector2@H@math3d@3@PBHHPBU?$TVector2@M@53@@Z 1000124d f i plugin_test1.obj
 0001:0000027b       ??1IVisualObject_Camera@lib3d@UModSys@@UAE@XZ 1000127b f i umodsys_lib_lib3d:umodsys.mod.3d.stdlib.obj
 0001:0000027b       ??1IBinObjFilter@libmedia@UModSys@@UAE@XZ 1000127b f i plugin_test1.obj
 0001:00000280       ??1ILibObject@libmedia@UModSys@@UAE@XZ 10001280 f i plugin_test1.obj
 0001:00000280       ??1IVisualObject@lib3d@UModSys@@UAE@XZ 10001280 f i umodsys_lib_lib3d:umodsys.mod.3d.stdlib.obj
 0001:000002b7       ?root_get_interface_info@RTest1_Shell@test1@test@modules@UModSys@@UBEABUSUniquePointerInfo@core@5@XZ 100012b7 f i plugin_test1.obj
 0001:000002bd       ?root_get_interface_type@RTest1_Shell@test1@test@modules@UModSys@@UBEPBUSUniquePointerInfo@core@5@XZ 100012bd f i plugin_test1.obj
 0001:000002c3       ?root_get_other_interface@RTest1_Shell@test1@test@modules@UModSys@@UBEPBUIRoot@core@5@PBUSUniquePointerInfo@75@@Z 100012c3 f i plugin_test1.obj
 0001:000002c3       ?root_get_other_interface@RTest1_Shell@test1@test@modules@UModSys@@UAEPAUIRoot@core@5@PBUSUniquePointerInfo@75@@Z 100012c3 f i plugin_test1.obj
 0001:000002e4       ?root_is_interface_supported@RTest1_Shell@test1@test@modules@UModSys@@UBE_NPBUSUniquePointerInfo@core@5@@Z 100012e4 f i plugin_test1.obj
 0001:0000030b       ?ref_add@RTest1_Shell@test1@test@modules@UModSys@@UBEXXZ 1000130b f i plugin_test1.obj
 0001:0000030f       ?ref_remove@RTest1_Shell@test1@test@modules@UModSys@@UBEXXZ 1000130f f i plugin_test1.obj
 0001:0000031a       ?ref_links@RTest1_Shell@test1@test@modules@UModSys@@UBEHXZ 1000131a f i plugin_test1.obj
 0001:0000031e       ?ref_weak@RTest1_Shell@test1@test@modules@UModSys@@UBE_NAAUWeakPointer@IRefObject@core@5@@Z 1000131e f i plugin_test1.obj
 0001:0000033d       ?suicide@RTest1_Shell@test1@test@modules@UModSys@@UAEXXZ 1000133d f i plugin_test1.obj
 0001:0000037a       ?set@VertexPC@UI_Info@RTest1_Shell@test1@test@modules@UModSys@@QAEXABU?$TVector3@N@math3d@7@ABU?$TVector3@M@97@@Z 1000137a f i plugin_test1.obj
 0001:000003c4       ??0RTest1_Shell@test1@test@modules@UModSys@@QAE@PAUIModObject@base@4@@Z 100013c4 f i plugin_test1.obj
 0001:000004db       ??1RTest1_Shell@test1@test@modules@UModSys@@UAE@XZ 100014db f i plugin_test1.obj
 0001:00000563       ?connect@RTest1_Shell@test1@test@modules@UModSys@@UAE_NXZ 10001563 f i plugin_test1.obj
 0001:0000057b       ?disconnect@RTest1_Shell@test1@test@modules@UModSys@@UAE_NXZ 1000157b f i plugin_test1.obj
 0001:00000593       ?process_tick@RTest1_Shell@test1@test@modules@UModSys@@UAE_NABUSTimeMsec@core@5@@Z 10001593 f i plugin_test1.obj
 0001:000005bf       ?process_command@RTest1_Shell@test1@test@modules@UModSys@@UAE_NHQBU?$TString@U?$TSCoreConst@D@su@tl@UModSys@@U?$TComparerBinaryHash@D@234@@tl@5@@Z 100015bf f i plugin_test1.obj
 0001:000005de       ??_ERTest1_Shell@test1@test@modules@UModSys@@UAEPAXI@Z 100015de f i  CIL library: CIL module
 0001:000005de       ??_GRTest1_Shell@test1@test@modules@UModSys@@UAEPAXI@Z 100015de f i plugin_test1.obj
 0001:000005fb       ?set_value@Prop@Aux@RTest1_Shell@test1@test@modules@UModSys@@UAE_NABUSPropValueR@core@7@@Z 100015fb f i plugin_test1.obj
 0001:00000689       ?set_value@PropX@Aux@RTest1_Shell@test1@test@modules@UModSys@@UAE_NPBUSUniquePointerInfo@core@7@ABUSPropValueR@97@@Z 10001689 f i plugin_test1.obj
 0001:000007b3       ?aux_tests@RTest1_Shell@test1@test@modules@UModSys@@QAEXXZ 100017b3 f   plugin_test1.obj
 0001:00000928       ??1?$TParametersA@$0BAL@@core@UModSys@@QAE@XZ 10001928 f i umodsys_lib_lib2d:umodsys.mod.2d.stdlib.obj
 0001:00000928       ??1?$TParametersA@$0BAA@@core@UModSys@@QAE@XZ 10001928 f i umodsys_lib_libui:umodsys.mod.ui.SDL_core.obj
 0001:00000928       ??1?$TParametersA@$0EAA@@core@UModSys@@QAE@XZ 10001928 f i plugin_test1.obj
 0001:00000928       ??1SParameters@core@UModSys@@QAE@XZ 10001928 f i plugin_test1.obj
 0001:00000935       ?ui_newframes@RTest1_Shell@test1@test@modules@UModSys@@SA?AU?$TRefObject@UICollector@libui@UModSys@@U?$TRefObjectFunc@UICollector@libui@UModSys@@@tl@3@@tl@5@ABU?$TString@U?$TSCoreConst@D@su@tl@UModSys@@U?$TComparerBinaryHash@D@234@@75@ABUSParameters@core@5@@Z 10001935 f   plugin_test1.obj
 0001:00000953       ?ui_newterm@RTest1_Shell@test1@test@modules@UModSys@@SA?AU?$TRefObject@UITerminal@libui@UModSys@@U?$TRefObjectFunc@UITerminal@libui@UModSys@@@tl@3@@tl@5@ABU?$TString@U?$TSCoreConst@D@su@tl@UModSys@@U?$TComparerBinaryHash@D@234@@75@ABUSParameters@core@5@@Z 10001953 f   plugin_test1.obj
 0001:00000971       ?key_pressed@RTest1_Shell@test1@test@modules@UModSys@@UAE_NABUSKeyboardInputRaw@libui@5@@Z 10001971 f   plugin_test1.obj
 0001:000009b3       ?key_text@RTest1_Shell@test1@test@modules@UModSys@@UAE_NABUSKeyboardInputText@libui@5@@Z 100019b3 f   plugin_test1.obj
 0001:000009ec       ?mouse_event@RTest1_Shell@test1@test@modules@UModSys@@UAE_NABUSMouseInput@libui@5@@Z 100019ec f   plugin_test1.obj
 0001:00000a30       ?command@RTest1_Shell@test1@test@modules@UModSys@@UAE_NABUSController@libui@5@HABUSFrameDataIn@75@@Z 10001a30 f   plugin_test1.obj
 0001:00000a6b       ?db_get@RTest1_Shell@test1@test@modules@UModSys@@UAE_NABUSController@libui@5@QBDABUSFrameDataOut@75@@Z 10001a6b f   plugin_test1.obj
 0001:00000ac0       ?db_get@RTest1_Shell@test1@test@modules@UModSys@@UAE_NABUSController@libui@5@QBDHABUSFrameDataOut@75@@Z 10001ac0 f   plugin_test1.obj
 0001:00000b15       ?font_2d@UI_Info@RTest1_Shell@test1@test@modules@UModSys@@QAE_NXZ 10001b15 f   plugin_test1.obj
 0001:00000c4c       ?init_term@UI_Info@RTest1_Shell@test1@test@modules@UModSys@@QAE_NPBD@Z 10001c4c f   plugin_test1.obj
 0001:00000e37       ?new_frames@UI_Info@RTest1_Shell@test1@test@modules@UModSys@@QAE_NPAUIController@libui@6@@Z 10001e37 f   plugin_test1.obj
 0001:000012c7       ??1SFrameCreateParameters@libui@UModSys@@QAE@XZ 100022c7 f i plugin_test1.obj
 0001:000012d8       ?shutdown@UI_Info@RTest1_Shell@test1@test@modules@UModSys@@QAEXXZ 100022d8 f   plugin_test1.obj
 0001:0000130d       ?create_3d@UI_Info@RTest1_Shell@test1@test@modules@UModSys@@QAE_NPBD@Z 1000230d f   plugin_test1.obj
 0001:00001692       ?cycle3d_b@UI_Info@RTest1_Shell@test1@test@modules@UModSys@@QAEXXZ 10002692 f   plugin_test1.obj
 0001:0000195f       ?new_va_1@UI_Info@RTest1_Shell@test1@test@modules@UModSys@@QAE_NXZ 1000295f f   plugin_test1.obj
 0001:00001cd8       ?fps_move@UI_Info@RTest1_Shell@test1@test@modules@UModSys@@QAEXNNN@Z 10002cd8 f   plugin_test1.obj
 0001:00001de9       ?fps2_move@UI_Info@RTest1_Shell@test1@test@modules@UModSys@@QAEXHN@Z 10002de9 f   plugin_test1.obj
 0001:00001e46       ?fps2_add_rot@UI_Info@RTest1_Shell@test1@test@modules@UModSys@@QAEXNN@Z 10002e46 f   plugin_test1.obj
 0001:00001f43       ?fps_add_rot@UI_Info@RTest1_Shell@test1@test@modules@UModSys@@QAEXNN@Z 10002f43 f   plugin_test1.obj
 0001:00001fd8       ?key_pressed@UI_Info@RTest1_Shell@test1@test@modules@UModSys@@UAE_NABUSKeyboardInputRaw@libui@6@@Z 10002fd8 f   plugin_test1.obj
 0001:0000207a       ?mouse_event@UI_Info@RTest1_Shell@test1@test@modules@UModSys@@UAE_NABUSMouseInput@libui@6@@Z 1000307a f   plugin_test1.obj
 0001:000020ca       ??0UI_Info@RTest1_Shell@test1@test@modules@UModSys@@QAE@XZ 100030ca f i plugin_test1.obj
 0001:0000210b       ??1UI_Info@RTest1_Shell@test1@test@modules@UModSys@@QAE@XZ 1000310b f i plugin_test1.obj
 0001:00002238       ?ui_test2@RTest1_Shell@test1@test@modules@UModSys@@QAEXXZ 10003238 f   plugin_test1.obj
 0001:00002351       ?get_generated_names@RGenerator@test1@test@modules@UModSys@@UBEHAAUSUniquePtrList@core@5@@Z 10003351 f i plugin_test1.obj
 0001:0000236a       ?get_generated_types@RGenerator@test1@test@modules@UModSys@@UBEHAAUSUniquePtrList@core@5@PBUSUniquePointerInfo@75@@Z 1000336a f i plugin_test1.obj
 0001:0000239e       ?generate@RGenerator@test1@test@modules@UModSys@@UAE_NAAU?$TRefObject@UIRefObject@core@UModSys@@U?$TRefObjectFunc@UIRefObject@core@UModSys@@@tl@3@@tl@5@PBUSUniquePointerInfo@core@5@ABUSParameters@95@@Z 1000339e f i plugin_test1.obj
 0001:00002420       ?root_get_interface_info@RGenerator@test1@test@modules@UModSys@@UBEABUSUniquePointerInfo@core@5@XZ 10003420 f i plugin_test1.obj
 0001:00002426       ?root_get_interface_type@RGenerator@test1@test@modules@UModSys@@UBEPBUSUniquePointerInfo@core@5@XZ 10003426 f i plugin_test1.obj
 0001:0000242c       ?root_get_other_interface@RGenerator@test1@test@modules@UModSys@@UBEPBUIRoot@core@5@PBUSUniquePointerInfo@75@@Z 1000342c f i plugin_test1.obj
 0001:0000242c       ?root_get_other_interface@RGenerator@test1@test@modules@UModSys@@UAEPAUIRoot@core@5@PBUSUniquePointerInfo@75@@Z 1000342c f i plugin_test1.obj
 0001:00002445       ?root_is_interface_supported@RGenerator@test1@test@modules@UModSys@@UBE_NPBUSUniquePointerInfo@core@5@@Z 10003445 f i plugin_test1.obj
 0001:00002464       ?get_uid@RGenerator@test1@test@modules@UModSys@@UBEPBUSUniquePointerInfo@core@5@XZ 10003464 f i plugin_test1.obj
 0001:0000246a       ?do_open@RModuleReg@test1@test@modules@UModSys@@UAE_NXZ 1000346a f i plugin_test1.obj
 0001:000024cd       ?do_close@RModuleReg@test1@test@modules@UModSys@@UAE_NXZ 100034cd f i plugin_test1.obj
 0001:0000251d       ?get_module@RGenerator@test1@test@modules@UModSys@@UBEPAUIModule@base@5@XZ 1000351d f   plugin_test1.obj
 0001:00002523       ?mod_inc@RGenerator@test1@test@modules@UModSys@@UBE_NXZ 10003523 f   plugin_test1.obj
 0001:0000252e       ?mod_dec@RGenerator@test1@test@modules@UModSys@@UBE_NXZ 1000352e f   plugin_test1.obj
 0001:00002539       ?s_holder@RGenerator@test1@test@modules@UModSys@@SAAAU?$TTypeStaticHolder@URGenerator@test1@test@modules@UModSys@@@tl@5@XZ 10003539 f   plugin_test1.obj
 0001:0000256b       ??0?$TString@U?$TSCoreConst@D@su@tl@UModSys@@U?$TComparerBinaryHash@D@234@@tl@UModSys@@QAE@PBD@Z 1000356b f i plugin_test1.obj
 0001:00002590       ??8?$TString@U?$TSCoreConst@D@su@tl@UModSys@@U?$TComparerBinaryHash@D@234@@tl@UModSys@@QBE_NPBD@Z 10003590 f i plugin_test1.obj
 0001:000025b2       ??4?$TString@U?$TSCoreConst@D@su@tl@UModSys@@U?$TComparerBinaryHash@D@234@@tl@UModSys@@QAEABU012@PBD@Z 100035b2 f i plugin_test1.obj
 0001:000025ce       ??0?$TString@U?$TSCoreShared@USIMemAlloc@core@UModSys@@D@su@tl@UModSys@@U?$TComparerBinaryHash@D@234@@tl@UModSys@@QAE@XZ 100035ce f i plugin_test1.obj
 0001:000025e4       ??4?$TString@U?$TSCoreShared@USIMemAlloc@core@UModSys@@D@su@tl@UModSys@@U?$TComparerBinaryHash@D@234@@tl@UModSys@@QAEABU012@ABU012@@Z 100035e4 f i plugin_test1.obj
 0001:00002606       ?normalize@?$TVector3@N@math3d@UModSys@@QAENXZ 10003606 f i plugin_test1.obj
 0001:0000265d       ??4?$TRefObject@UIVertexArray@lib3d@UModSys@@U?$TRefObjectFunc@UIVertexArray@lib3d@UModSys@@@tl@3@@tl@UModSys@@QAEABU012@ABU012@@Z 1000365d f i plugin_test1.obj
 0001:0000267c       ??0?$TParametersA@$0EAA@@core@UModSys@@QAE@XZ 1000367c f i plugin_test1.obj
 0001:0000269e       ?update@?$TComparerBinaryHash@D@su@tl@UModSys@@QAEXPBDI@Z 1000369e f i plugin_test1.obj
 0001:000026d5       ?info_release@?$TSCoreShared@USIMemAlloc@core@UModSys@@D@su@tl@UModSys@@QAEXXZ 100036d5 f i plugin_test1.obj
 0001:0000270e       ?info_new@?$TSCoreShared@USIMemAlloc@core@UModSys@@D@su@tl@UModSys@@QAE_NPBDI@Z 1000370e f i plugin_test1.obj
 0001:00002772       ?get_null@?$TSCoreShared@USIMemAlloc@core@UModSys@@D@su@tl@UModSys@@SAPAU?$TSharedStringInfo@DUSIMemAlloc@core@UModSys@@@234@XZ 10003772 f i plugin_test1.obj
 0001:000027aa       ?mult3@?$TMatrix44@N@math3d@UModSys@@QAEXABU123@0@Z 100037aa f i plugin_test1.obj
 0001:00002885       ?set_rotate_about@?$TMatrix44@N@math3d@UModSys@@QAEXABU?$TVector3@N@23@N@Z 10003885 f i plugin_test1.obj
 0001:000029b3       ?set_inversed@?$TMatrix44@N@math3d@UModSys@@QAE_NABU123@@Z 100039b3 f i plugin_test1.obj
 0001:00002d8a       ??$get_as@H@SPropValueR@core@UModSys@@QBE_NAAPBH@Z 10003d8a f i plugin_test1.obj
 0001:00002db0       ??$get_as@M@SPropValueR@core@UModSys@@QBE_NAAPBM@Z 10003db0 f i plugin_test1.obj
 0001:00002dd6       ??$generate_type@UICollector@libui@UModSys@@@RTest1_Shell@test1@test@modules@UModSys@@SA?AU?$TRefObject@UICollector@libui@UModSys@@U?$TRefObjectFunc@UICollector@libui@UModSys@@@tl@3@@tl@4@ABU?$TString@U?$TSCoreConst@D@su@tl@UModSys@@U?$TComparerBinaryHash@D@234@@64@ABUSParameters@core@4@PBD@Z 10003dd6 f i plugin_test1.obj
 0001:00002ed0       ??$generate_type@UITerminal@libui@UModSys@@@RTest1_Shell@test1@test@modules@UModSys@@SA?AU?$TRefObject@UITerminal@libui@UModSys@@U?$TRefObjectFunc@UITerminal@libui@UModSys@@@tl@3@@tl@4@ABU?$TString@U?$TSCoreConst@D@su@tl@UModSys@@U?$TComparerBinaryHash@D@234@@64@ABUSParameters@core@4@PBD@Z 10003ed0 f i plugin_test1.obj
 0001:00002fcd       ??$t_create_handler@UIKeyboardController@libui@UModSys@@@ITerminal@libui@UModSys@@QAE_NAAU?$TRefObject@UIKeyboardController@libui@UModSys@@U?$TRefObjectFunc@UIKeyboardController@libui@UModSys@@@tl@3@@tl@2@PBDPBUSParameters@core@2@@Z 10003fcd f i plugin_test1.obj
 0001:0000304f       ??$t_create_handler@UIMouseController@libui@UModSys@@@ITerminal@libui@UModSys@@QAE_NAAU?$TRefObject@UIMouseController@libui@UModSys@@U?$TRefObjectFunc@UIMouseController@libui@UModSys@@@tl@3@@tl@2@PBDPBUSParameters@core@2@@Z 1000404f f i plugin_test1.obj
 0001:000030d1       ??$generate_type@UIRenderer@lib3d@UModSys@@@RTest1_Shell@test1@test@modules@UModSys@@SA?AU?$TRefObject@UIRenderer@lib3d@UModSys@@U?$TRefObjectFunc@UIRenderer@lib3d@UModSys@@@tl@3@@tl@4@ABU?$TString@U?$TSCoreConst@D@su@tl@UModSys@@U?$TComparerBinaryHash@D@234@@64@ABUSParameters@core@4@PBD@Z 100040d1 f i plugin_test1.obj
 0001:000031cb       ??$generate_type@UIVisualizerScene@lib3d@UModSys@@@RTest1_Shell@test1@test@modules@UModSys@@SA?AU?$TRefObject@UIVisualizerScene@lib3d@UModSys@@U?$TRefObjectFunc@UIVisualizerScene@lib3d@UModSys@@@tl@3@@tl@4@ABU?$TString@U?$TSCoreConst@D@su@tl@UModSys@@U?$TComparerBinaryHash@D@234@@64@ABUSParameters@core@4@PBD@Z 100041cb f i plugin_test1.obj
 0001:000032c5       ??$generate_type@UIGeneralObject@lib3d@UModSys@@@RTest1_Shell@test1@test@modules@UModSys@@SA?AU?$TRefObject@UIGeneralObject@lib3d@UModSys@@U?$TRefObjectFunc@UIGeneralObject@lib3d@UModSys@@@tl@3@@tl@4@ABU?$TString@U?$TSCoreConst@D@su@tl@UModSys@@U?$TComparerBinaryHash@D@234@@64@ABUSParameters@core@4@PBD@Z 100042c5 f i plugin_test1.obj
 0001:000033bf       ??$t_create_handler@UIRenderDriver@lib3d@UModSys@@@ITerminal@libui@UModSys@@QAE_NAAU?$TRefObject@UIRenderDriver@lib3d@UModSys@@U?$TRefObjectFunc@UIRenderDriver@lib3d@UModSys@@@tl@3@@tl@2@PBDPBUSParameters@core@2@@Z 100043bf f i plugin_test1.obj
 0001:00003443       ??1?$TRefObject@UIModObject@base@UModSys@@U?$TModObjectFunc@UIModObject@base@UModSys@@@tl@3@@tl@UModSys@@QAE@XZ 10004443 f i plugin_test1.obj
 0001:00003459       ?get_determinant@?$TMatrix44@N@math3d@UModSys@@QBENXZ 10004459 f i plugin_test1.obj
 0001:00003515       ?s_init@?$TModObjectFunc@UIModObject@base@UModSys@@@tl@UModSys@@SAXAAPAUIModObject@base@3@PAU453@@Z 10004515 f i plugin_test1.obj
 0001:0000352e       ??$t_ref_get_other_interface@UIStreamReader@libmedia@UModSys@@U?$TRefObjectFunc@UIStreamReader@libmedia@UModSys@@@tl@3@@IRefObject@core@UModSys@@QAE_NAAU?$TRefObject@UIStreamReader@libmedia@UModSys@@U?$TRefObjectFunc@UIStreamReader@libmedia@UModSys@@@tl@3@@tl@2@@Z 1000452e f i plugin_test1.obj
 0001:0000355d       ??$t_ref_get_other_interface@UIStreamWriter@libmedia@UModSys@@U?$TRefObjectFunc@UIStreamWriter@libmedia@UModSys@@@tl@3@@IRefObject@core@UModSys@@QAE_NAAU?$TRefObject@UIStreamWriter@libmedia@UModSys@@U?$TRefObjectFunc@UIStreamWriter@libmedia@UModSys@@@tl@3@@tl@2@@Z 1000455d f i plugin_test1.obj
 0001:0000358c       ??$t_generate@UICollector@libui@UModSys@@@SModuleContext@base@UModSys@@QAE_NAAU?$TRefObject@UICollector@libui@UModSys@@U?$TRefObjectFunc@UICollector@libui@UModSys@@@tl@3@@tl@2@PBUSUniquePointerInfo@core@2@ABUSParameters@62@@Z 1000458c f i plugin_test1.obj
 0001:00003628       ??$t_generate@UITerminal@libui@UModSys@@@SModuleContext@base@UModSys@@QAE_NAAU?$TRefObject@UITerminal@libui@UModSys@@U?$TRefObjectFunc@UITerminal@libui@UModSys@@@tl@3@@tl@2@PBUSUniquePointerInfo@core@2@ABUSParameters@62@@Z 10004628 f i plugin_test1.obj
 0001:000036c4       ??$t_generate@UIRenderer@lib3d@UModSys@@@SModuleContext@base@UModSys@@QAE_NAAU?$TRefObject@UIRenderer@lib3d@UModSys@@U?$TRefObjectFunc@UIRenderer@lib3d@UModSys@@@tl@3@@tl@2@PBUSUniquePointerInfo@core@2@ABUSParameters@62@@Z 100046c4 f i plugin_test1.obj
 0001:00003760       ??$t_generate@UIVisualizerScene@lib3d@UModSys@@@SModuleContext@base@UModSys@@QAE_NAAU?$TRefObject@UIVisualizerScene@lib3d@UModSys@@U?$TRefObjectFunc@UIVisualizerScene@lib3d@UModSys@@@tl@3@@tl@2@PBUSUniquePointerInfo@core@2@ABUSParameters@62@@Z 10004760 f i plugin_test1.obj
 0001:000037fc       ??$t_generate@UIGeneralObject@lib3d@UModSys@@@SModuleContext@base@UModSys@@QAE_NAAU?$TRefObject@UIGeneralObject@lib3d@UModSys@@U?$TRefObjectFunc@UIGeneralObject@lib3d@UModSys@@@tl@3@@tl@2@PBUSUniquePointerInfo@core@2@ABUSParameters@62@@Z 100047fc f i plugin_test1.obj
 0001:00003898       ??$t_ref_get_other_interface@UIImageFactory@lib2d@UModSys@@U?$TRefObjectFunc@UIImageFactory@lib2d@UModSys@@@tl@3@@IRefObject@core@UModSys@@QAE_NAAU?$TRefObject@UIImageFactory@lib2d@UModSys@@U?$TRefObjectFunc@UIImageFactory@lib2d@UModSys@@@tl@3@@tl@2@@Z 10004898 f i plugin_test1.obj
 0001:000038c7       ??$t_ref_get_other_interface@UIMultiImage@lib2d@UModSys@@U?$TRefObjectFunc@UIMultiImage@lib2d@UModSys@@@tl@3@@IRefObject@core@UModSys@@QAE_NAAU?$TRefObject@UIMultiImage@lib2d@UModSys@@U?$TRefObjectFunc@UIMultiImage@lib2d@UModSys@@@tl@3@@tl@2@@Z 100048c7 f i plugin_test1.obj
 0001:000038e7       ??1Scene@IVisualizerScene@lib3d@UModSys@@QAE@XZ 100048e7 f i umodsys_lib_lib3d:umodsys.mod.3d.stdlib.obj
 0001:0000392a       ?root_get_interface_info@RRenderer@stdlib@lib3d@modules@UModSys@@UBEABUSUniquePointerInfo@core@5@XZ 1000492a f i umodsys_lib_lib3d:umodsys.mod.3d.stdlib.obj
 0001:00003930       ?root_get_interface_type@RRenderer@stdlib@lib3d@modules@UModSys@@UBEPBUSUniquePointerInfo@core@5@XZ 10004930 f i umodsys_lib_lib3d:umodsys.mod.3d.stdlib.obj
 0001:00003936       ?root_get_other_interface@RRenderer@stdlib@lib3d@modules@UModSys@@UBEPBUIRoot@core@5@PBUSUniquePointerInfo@75@@Z 10004936 f i umodsys_lib_lib3d:umodsys.mod.3d.stdlib.obj
 0001:00003936       ?root_get_other_interface@RRenderer@stdlib@lib3d@modules@UModSys@@UAEPAUIRoot@core@5@PBUSUniquePointerInfo@75@@Z 10004936 f i umodsys_lib_lib3d:umodsys.mod.3d.stdlib.obj
 0001:00003957       ?root_is_interface_supported@RRenderer@stdlib@lib3d@modules@UModSys@@UBE_NPBUSUniquePointerInfo@core@5@@Z 10004957 f i umodsys_lib_lib3d:umodsys.mod.3d.stdlib.obj
 0001:0000397e       ?ref_add@RSerializeWriter@serialize_json@media@modules@UModSys@@UBEXXZ 1000497e f i umodsys_lib_libmedia:umodsys.mod.media.serialize_json.obj
 0001:0000397e       ?ref_add@RRenderer@stdlib@lib3d@modules@UModSys@@UBEXXZ 1000497e f i umodsys_lib_lib3d:umodsys.mod.3d.stdlib.obj
 0001:0000397e       ?ref_add@RVisualSceneMapper_Direct@stdlib@lib3d@modules@UModSys@@UBEXXZ 1000497e f i umodsys_lib_lib3d:umodsys.mod.3d.stdlib.obj
 0001:00003982       ?ref_links@RRenderer@stdlib@lib3d@modules@UModSys@@UBEHXZ 10004982 f i umodsys_lib_lib3d:umodsys.mod.3d.stdlib.obj
 0001:00003982       ?ref_links@RVisualSceneMapper_Direct@stdlib@lib3d@modules@UModSys@@UBEHXZ 10004982 f i umodsys_lib_lib3d:umodsys.mod.3d.stdlib.obj
 0001:00003982       ?ref_links@RSerializeWriter@serialize_json@media@modules@UModSys@@UBEHXZ 10004982 f i umodsys_lib_libmedia:umodsys.mod.media.serialize_json.obj
 0001:00003986       ?ref_weak@RVisualSceneMapper_Direct@stdlib@lib3d@modules@UModSys@@UBE_NAAUWeakPointer@IRefObject@core@5@@Z 10004986 f i umodsys_lib_lib3d:umodsys.mod.3d.stdlib.obj
 0001:00003986       ?ref_weak@RRenderer@stdlib@lib3d@modules@UModSys@@UBE_NAAUWeakPointer@IRefObject@core@5@@Z 10004986 f i umodsys_lib_lib3d:umodsys.mod.3d.stdlib.obj
 0001:00003986       ?ref_weak@RSerializeWriter@serialize_json@media@modules@UModSys@@UBE_NAAUWeakPointer@IRefObject@core@5@@Z 10004986 f i umodsys_lib_libmedia:umodsys.mod.media.serialize_json.obj
 0001:000039a5       ?suicide@RSerializeWriter@serialize_json@media@modules@UModSys@@UAEXXZ 100049a5 f i umodsys_lib_libmedia:umodsys.mod.media.serialize_json.obj
 0001:000039a5       ?suicide@RVisualSceneMapper_Direct@stdlib@lib3d@modules@UModSys@@UAEXXZ 100049a5 f i umodsys_lib_lib3d:umodsys.mod.3d.stdlib.obj
 0001:000039a5       ?suicide@RRenderer@stdlib@lib3d@modules@UModSys@@UAEXXZ 100049a5 f i umodsys_lib_lib3d:umodsys.mod.3d.stdlib.obj
 0001:000039e2       ?root_get_interface_info@RVisualizerScene@stdlib@lib3d@modules@UModSys@@UBEABUSUniquePointerInfo@core@5@XZ 100049e2 f i umodsys_lib_lib3d:umodsys.mod.3d.stdlib.obj
 0001:000039e8       ?root_get_interface_type@RVisualizerScene@stdlib@lib3d@modules@UModSys@@UBEPBUSUniquePointerInfo@core@5@XZ 100049e8 f i umodsys_lib_lib3d:umodsys.mod.3d.stdlib.obj
 0001:000039ee       ?root_get_other_interface@RVisualizerScene@stdlib@lib3d@modules@UModSys@@UBEPBUIRoot@core@5@PBUSUniquePointerInfo@75@@Z 100049ee f i umodsys_lib_lib3d:umodsys.mod.3d.stdlib.obj
 0001:000039ee       ?root_get_other_interface@RVisualizerScene@stdlib@lib3d@modules@UModSys@@UAEPAUIRoot@core@5@PBUSUniquePointerInfo@75@@Z 100049ee f i umodsys_lib_lib3d:umodsys.mod.3d.stdlib.obj
 0001:00003a17       ?root_is_interface_supported@RVisualizerScene@stdlib@lib3d@modules@UModSys@@UBE_NPBUSUniquePointerInfo@core@5@@Z 10004a17 f i umodsys_lib_lib3d:umodsys.mod.3d.stdlib.obj
 0001:00003a46       ?root_get_interface_info@RVisualSceneMapper_Direct@stdlib@lib3d@modules@UModSys@@UBEABUSUniquePointerInfo@core@5@XZ 10004a46 f i umodsys_lib_lib3d:umodsys.mod.3d.stdlib.obj
 0001:00003a4c       ?root_get_interface_type@RVisualSceneMapper_Direct@stdlib@lib3d@modules@UModSys@@UBEPBUSUniquePointerInfo@core@5@XZ 10004a4c f i umodsys_lib_lib3d:umodsys.mod.3d.stdlib.obj
 0001:00003a52       ?root_get_other_interface@RVisualSceneMapper_Direct@stdlib@lib3d@modules@UModSys@@UBEPBUIRoot@core@5@PBUSUniquePointerInfo@75@@Z 10004a52 f i umodsys_lib_lib3d:umodsys.mod.3d.stdlib.obj
 0001:00003a52       ?root_get_other_interface@RVisualSceneMapper_Direct@stdlib@lib3d@modules@UModSys@@UAEPAUIRoot@core@5@PBUSUniquePointerInfo@75@@Z 10004a52 f i umodsys_lib_lib3d:umodsys.mod.3d.stdlib.obj
 0001:00003a73       ?root_is_interface_supported@RVisualSceneMapper_Direct@stdlib@lib3d@modules@UModSys@@UBE_NPBUSUniquePointerInfo@core@5@@Z 10004a73 f i umodsys_lib_lib3d:umodsys.mod.3d.stdlib.obj
 0001:00003a9a       ?ref_remove@RSerializeWriter@serialize_json@media@modules@UModSys@@UBEXXZ 10004a9a f i umodsys_lib_libmedia:umodsys.mod.media.serialize_json.obj
 0001:00003a9a       ?ref_remove@RRenderer@stdlib@lib3d@modules@UModSys@@UBEXXZ 10004a9a f i umodsys_lib_lib3d:umodsys.mod.3d.stdlib.obj
 0001:00003a9a       ?ref_remove@RVisualSceneMapper_Direct@stdlib@lib3d@modules@UModSys@@UBEXXZ 10004a9a f i umodsys_lib_lib3d:umodsys.mod.3d.stdlib.obj
 0001:00003aa5       ?root_get_interface_info@RGeneralObject_Camera@stdlib@lib3d@modules@UModSys@@UBEABUSUniquePointerInfo@core@5@XZ 10004aa5 f i umodsys_lib_lib3d:umodsys.mod.3d.stdlib.obj
 0001:00003aab       ?root_get_interface_type@RGeneralObject_Camera@stdlib@lib3d@modules@UModSys@@UBEPBUSUniquePointerInfo@core@5@XZ 10004aab f i umodsys_lib_lib3d:umodsys.mod.3d.stdlib.obj
 0001:00003ab1       ?root_get_other_interface@RGeneralObject_Camera@stdlib@lib3d@modules@UModSys@@UAEPAUIRoot@core@5@PBUSUniquePointerInfo@75@@Z 10004ab1 f i umodsys_lib_lib3d:umodsys.mod.3d.stdlib.obj
 0001:00003ab1       ?root_get_other_interface@RGeneralObject_Camera@stdlib@lib3d@modules@UModSys@@UBEPBUIRoot@core@5@PBUSUniquePointerInfo@75@@Z 10004ab1 f i umodsys_lib_lib3d:umodsys.mod.3d.stdlib.obj
 0001:00003ad2       ?root_is_interface_supported@RGeneralObject_Camera@stdlib@lib3d@modules@UModSys@@UBE_NPBUSUniquePointerInfo@core@5@@Z 10004ad2 f i umodsys_lib_lib3d:umodsys.mod.3d.stdlib.obj
 0001:00003af9       ?suicide@RTerminal@SDL_GL@ui@modules@UModSys@@UAEXXZ 10004af9 f i umodsys_lib_libui:umodsys.mod.ui.SDL_GL.obj
 0001:00003af9       ?suicide@RBinArchiveFrameClient_ZIP@zlib@media@modules@UModSys@@UAEXXZ 10004af9 f i umodsys_lib_libmedia:umodsys.mod.media.zlib.obj
 0001:00003af9       ?suicide@RGeneralObject_Camera@stdlib@lib3d@modules@UModSys@@UAEXXZ 10004af9 f i umodsys_lib_lib3d:umodsys.mod.3d.stdlib.obj
 0001:00003af9       ?suicide@RSerializeReader@serialize_json@media@modules@UModSys@@UAEXXZ 10004af9 f i umodsys_lib_libmedia:umodsys.mod.media.serialize_json.obj
 0001:00003af9       ?suicide@RMultiImage@stdlib@lib2d@modules@UModSys@@UAEXXZ 10004af9 f i umodsys_lib_lib2d:umodsys.mod.2d.stdlib.obj
 0001:00003af9       ?suicide@RImageFactory_Memory@stdlib@lib2d@modules@UModSys@@UAEXXZ 10004af9 f i umodsys_lib_lib2d:umodsys.mod.2d.stdlib.obj
 0001:00003af9       ?suicide@RVisualizerScene@stdlib@lib3d@modules@UModSys@@UAEXXZ 10004af9 f i umodsys_lib_lib3d:umodsys.mod.3d.stdlib.obj
 0001:00003af9       ?suicide@RImage_Memory@stdlib@lib2d@modules@UModSys@@UAEXXZ 10004af9 f i umodsys_lib_lib2d:umodsys.mod.2d.stdlib.obj
 0001:00003af9       ?suicide@RTerminal@SDL_core@ui@modules@UModSys@@UAEXXZ 10004af9 f i umodsys_lib_libui:umodsys.mod.ui.SDL_core.obj
 0001:00003b36       ?root_get_interface_info@VisualState@RGeneralObject_Camera@stdlib@lib3d@modules@UModSys@@UBEABUSUniquePointerInfo@core@6@XZ 10004b36 f i umodsys_lib_lib3d:umodsys.mod.3d.stdlib.obj
 0001:00003b3c       ?root_get_interface_type@VisualState@RGeneralObject_Camera@stdlib@lib3d@modules@UModSys@@UBEPBUSUniquePointerInfo@core@6@XZ 10004b3c f i umodsys_lib_lib3d:umodsys.mod.3d.stdlib.obj
 0001:00003b42       ?root_get_other_interface@VisualState@RGeneralObject_Camera@stdlib@lib3d@modules@UModSys@@UBEPBUIRoot@core@6@PBUSUniquePointerInfo@86@@Z 10004b42 f i umodsys_lib_lib3d:umodsys.mod.3d.stdlib.obj
 0001:00003b42       ?root_get_other_interface@VisualState@RGeneralObject_Camera@stdlib@lib3d@modules@UModSys@@UAEPAUIRoot@core@6@PBUSUniquePointerInfo@86@@Z 10004b42 f i umodsys_lib_lib3d:umodsys.mod.3d.stdlib.obj
 0001:00003b6b       ?root_is_interface_supported@VisualState@RGeneralObject_Camera@stdlib@lib3d@modules@UModSys@@UBE_NPBUSUniquePointerInfo@core@6@@Z 10004b6b f i umodsys_lib_lib3d:umodsys.mod.3d.stdlib.obj
 0001:00003b9a       ?ref_remove@VisualState@RGeneralObject_Camera@stdlib@lib3d@modules@UModSys@@UBEXXZ 10004b9a f i umodsys_lib_lib3d:umodsys.mod.3d.stdlib.obj
 0001:00003b9a       ?ref_remove@RMediaFilter@images_std@media@modules@UModSys@@UBEXXZ 10004b9a f i umodsys_lib_libmedia:umodsys.mod.media.images_std.obj
 0001:00003ba5       ?ref_weak@RMediaFilter@images_std@media@modules@UModSys@@UBE_NAAUWeakPointer@IRefObject@core@5@@Z 10004ba5 f i umodsys_lib_libmedia:umodsys.mod.media.images_std.obj
 0001:00003ba5       ?ref_weak@VisualState@RGeneralObject_Camera@stdlib@lib3d@modules@UModSys@@UBE_NAAUWeakPointer@IRefObject@core@6@@Z 10004ba5 f i umodsys_lib_lib3d:umodsys.mod.3d.stdlib.obj
 0001:00003bc4       ?suicide@VisualState@RGeneralObject_Camera@stdlib@lib3d@modules@UModSys@@UAEXXZ 10004bc4 f i umodsys_lib_lib3d:umodsys.mod.3d.stdlib.obj
 0001:00003c04       ?get_generated_names@RGenerator@stdlib@lib3d@modules@UModSys@@UBEHAAUSUniquePtrList@core@5@@Z 10004c04 f i umodsys_lib_lib3d:umodsys.mod.3d.stdlib.obj
 0001:00003c3e       ?get_generated_types@RGenerator@stdlib@lib3d@modules@UModSys@@UBEHAAUSUniquePtrList@core@5@PBUSUniquePointerInfo@75@@Z 10004c3e f i umodsys_lib_lib3d:umodsys.mod.3d.stdlib.obj
 0001:00003cdc       ?generate@RGenerator@stdlib@lib3d@modules@UModSys@@UAE_NAAU?$TRefObject@UIRefObject@core@UModSys@@U?$TRefObjectFunc@UIRefObject@core@UModSys@@@tl@3@@tl@5@PBUSUniquePointerInfo@core@5@ABUSParameters@95@@Z 10004cdc f i umodsys_lib_lib3d:umodsys.mod.3d.stdlib.obj
 0001:00003d63       ?root_get_interface_info@RGenerator@stdlib@lib3d@modules@UModSys@@UBEABUSUniquePointerInfo@core@5@XZ 10004d63 f i umodsys_lib_lib3d:umodsys.mod.3d.stdlib.obj
 0001:00003d69       ?root_get_interface_type@RGenerator@stdlib@lib3d@modules@UModSys@@UBEPBUSUniquePointerInfo@core@5@XZ 10004d69 f i umodsys_lib_lib3d:umodsys.mod.3d.stdlib.obj
 0001:00003d6f       ?root_get_other_interface@RGenerator@stdlib@lib3d@modules@UModSys@@UAEPAUIRoot@core@5@PBUSUniquePointerInfo@75@@Z 10004d6f f i umodsys_lib_lib3d:umodsys.mod.3d.stdlib.obj
 0001:00003d6f       ?root_get_other_interface@RGenerator@stdlib@lib3d@modules@UModSys@@UBEPBUIRoot@core@5@PBUSUniquePointerInfo@75@@Z 10004d6f f i umodsys_lib_lib3d:umodsys.mod.3d.stdlib.obj
 0001:00003d88       ?root_is_interface_supported@RGenerator@stdlib@lib3d@modules@UModSys@@UBE_NPBUSUniquePointerInfo@core@5@@Z 10004d88 f i umodsys_lib_lib3d:umodsys.mod.3d.stdlib.obj
 0001:00003da7       ?get_uid@RGenerator@stdlib@lib3d@modules@UModSys@@UBEPBUSUniquePointerInfo@core@5@XZ 10004da7 f i umodsys_lib_lib3d:umodsys.mod.3d.stdlib.obj
 0001:00003dad       ?library_get@RRenderer@stdlib@lib3d@modules@UModSys@@UBEPAUISharedLibrary@35@XZ 10004dad f   umodsys_lib_lib3d:umodsys.mod.3d.stdlib.obj
 0001:00003db1       ?driver_set@RRenderer@stdlib@lib3d@modules@UModSys@@UAE_NPAUIRenderDriver@35@PAUILibrary@libmedia@5@@Z 10004db1 f   umodsys_lib_lib3d:umodsys.mod.3d.stdlib.obj
 0001:00003dda       ?texture_load@RRenderer@stdlib@lib3d@modules@UModSys@@UAEPAUITexture@35@ABU?$TString@U?$TSCoreConst@D@su@tl@UModSys@@U?$TComparerBinaryHash@D@234@@tl@5@0H@Z 10004dda f   umodsys_lib_lib3d:umodsys.mod.3d.stdlib.obj
 0001:00003dda       ?font_load@RRenderer@stdlib@lib3d@modules@UModSys@@UAEPAUITextureCells@35@ABU?$TString@U?$TSCoreConst@D@su@tl@UModSys@@U?$TComparerBinaryHash@D@234@@tl@5@0H@Z 10004dda f   umodsys_lib_lib3d:umodsys.mod.3d.stdlib.obj
 0001:00003dda       ?texture_alloc@RRenderer@stdlib@lib3d@modules@UModSys@@UAEPAUITexture@35@PAUSRenderDriverTexBox@35@ABU?$TVector2@H@math3d@5@W4eImageType@lib2d@5@@Z 10004dda f   umodsys_lib_lib3d:umodsys.mod.3d.stdlib.obj
 0001:00003ddf       ?cast_ray@RRenderer@stdlib@lib3d@modules@UModSys@@UBE_NPAUIScene@35@ABU?$TVector2@H@math3d@5@AAU?$TVector3@N@85@2@Z 10004ddf f   umodsys_lib_lib3d:umodsys.mod.3d.stdlib.obj
 0001:00003ddf       ?cast_ray@RRenderer@stdlib@lib3d@modules@UModSys@@UBE_NPAUIScene@35@ABU?$TVector2@M@math3d@5@AAU?$TVector3@N@85@2@Z 10004ddf f   umodsys_lib_lib3d:umodsys.mod.3d.stdlib.obj
 0001:00003ddf       ?get_cell@RMultiImage2D_SDL_ttf@SDL_core@ui@modules@UModSys@@UBE_NIAAU?$TVector2@H@math3d@5@PAU675@PAG@Z 10004ddf f   umodsys_lib_libui:umodsys.mod.ui.SDL_core.obj
 0001:00003ddf       ?get_cell@RMultiImage2D_SDL_ttf@SDL_GL@ui@modules@UModSys@@UBE_NIAAU?$TVector2@H@math3d@5@PAU675@PAG@Z 10004ddf f   umodsys_lib_libui:umodsys.mod.ui.SDL_GL.obj
 0001:00003ddf       ?setup_setlight@RRenderDriver3D@SDL_GL@ui@modules@UModSys@@UAE_NHW4eLightType@lib3d@5@ABUSLight@75@ABU?$TMatrix44@N@math3d@5@@Z 10004ddf f   umodsys_lib_libui:umodsys.mod.ui.SDL_GL.obj
 0001:00003de4       ?hints@RRenderer@stdlib@lib3d@modules@UModSys@@UBEABUIPropNamedAdapter@core@5@XZ 10004de4 f   umodsys_lib_lib3d:umodsys.mod.3d.stdlib.obj
 0001:00003de4       ?hints@RRenderer@stdlib@lib3d@modules@UModSys@@UAEAAUIPropNamedAdapter@core@5@XZ 10004de4 f   umodsys_lib_lib3d:umodsys.mod.3d.stdlib.obj
 0001:00003def       ?render_begin@RRenderer@stdlib@lib3d@modules@UModSys@@UAE_NXZ 10004def f   umodsys_lib_lib3d:umodsys.mod.3d.stdlib.obj
 0001:00003e01       ?render_3d@RRenderer@stdlib@lib3d@modules@UModSys@@UAE_NPAUIVisualizer@35@H_N@Z 10004e01 f   umodsys_lib_lib3d:umodsys.mod.3d.stdlib.obj
 0001:00003e3d       ?render_2d@RRenderer@stdlib@lib3d@modules@UModSys@@UAE_NPAUIVisualizer@35@@Z 10004e3d f   umodsys_lib_lib3d:umodsys.mod.3d.stdlib.obj
 0001:00003e6a       ?render_end@RRenderer@stdlib@lib3d@modules@UModSys@@UAE_NXZ 10004e6a f   umodsys_lib_lib3d:umodsys.mod.3d.stdlib.obj
 0001:00003e7c       ??0RRenderer@stdlib@lib3d@modules@UModSys@@QAE@PAUIModObject@base@4@ABUSParameters@core@4@@Z 10004e7c f   umodsys_lib_lib3d:umodsys.mod.3d.stdlib.obj
 0001:00003ed6       ??_GRRenderer@stdlib@lib3d@modules@UModSys@@UAEPAXI@Z 10004ed6 f i umodsys_lib_lib3d:umodsys.mod.3d.stdlib.obj
 0001:00003ed6       ??_ERRenderer@stdlib@lib3d@modules@UModSys@@UAEPAXI@Z 10004ed6 f i  CIL library: CIL module
 0001:00003f43       ?get_root@RDialog@frames@ui@modules@UModSys@@UAEPAUIFrame@libui@5@XZ 10004f43 f   umodsys_lib_libui:umodsys.mod.ui.frames.obj
 0001:00003f43       ?renderer_get@RVisualizerScene@stdlib@lib3d@modules@UModSys@@UBEPAUIRenderer@35@XZ 10004f43 f   umodsys_lib_lib3d:umodsys.mod.3d.stdlib.obj
 0001:00003f47       ?renderer_set@RVisualizerScene@stdlib@lib3d@modules@UModSys@@UAE_NPAUIRenderer@35@@Z 10004f47 f   umodsys_lib_lib3d:umodsys.mod.3d.stdlib.obj
 0001:00003f9a       ?render_3d@RVisualizerScene@stdlib@lib3d@modules@UModSys@@UAE_NH_NPAUIRenderDriver@35@@Z 10004f9a f   umodsys_lib_lib3d:umodsys.mod.3d.stdlib.obj
 0001:000040c2       ?scene_count@RVisualizerScene@stdlib@lib3d@modules@UModSys@@UBEIXZ 100050c2 f   umodsys_lib_lib3d:umodsys.mod.3d.stdlib.obj
 0001:000040c2       ?get_layer_count@RVertexArray@SDL_GL@ui@modules@UModSys@@UBEHXZ 100050c2 f   umodsys_lib_libui:umodsys.mod.ui.SDL_GL.obj
 0001:000040c6       ?scene_get@RVisualizerScene@stdlib@lib3d@modules@UModSys@@UBE?AUScene@IVisualizerScene@35@I@Z 100050c6 f   umodsys_lib_lib3d:umodsys.mod.3d.stdlib.obj
 0001:0000410c       ??0Scene@IVisualizerScene@lib3d@UModSys@@QAE@ABU0123@@Z 1000510c f i umodsys_lib_lib3d:umodsys.mod.3d.stdlib.obj
 0001:00004151       ?scene_index@RVisualizerScene@stdlib@lib3d@modules@UModSys@@UBEIABUScene@IVisualizerScene@35@@Z 10005151 f   umodsys_lib_lib3d:umodsys.mod.3d.stdlib.obj
 0001:0000418c       ?scene_add@RVisualizerScene@stdlib@lib3d@modules@UModSys@@UAE_NABUScene@IVisualizerScene@35@@Z 1000518c f   umodsys_lib_lib3d:umodsys.mod.3d.stdlib.obj
 0001:000041f8       ?scene_remove@RVisualizerScene@stdlib@lib3d@modules@UModSys@@UAE_NABUScene@IVisualizerScene@35@@Z 100051f8 f   umodsys_lib_lib3d:umodsys.mod.3d.stdlib.obj
 0001:0000425b       ??0RVisualizerScene@stdlib@lib3d@modules@UModSys@@QAE@PAUIModObject@base@4@ABUSParameters@core@4@@Z 1000525b f   umodsys_lib_lib3d:umodsys.mod.3d.stdlib.obj
 0001:000042cf       ??_GRVisualizerScene@stdlib@lib3d@modules@UModSys@@UAEPAXI@Z 100052cf f i umodsys_lib_lib3d:umodsys.mod.3d.stdlib.obj
 0001:000042cf       ??_ERVisualizerScene@stdlib@lib3d@modules@UModSys@@UAEPAXI@Z 100052cf f i  CIL library: CIL module
 0001:000042ec       ??1RVisualizerScene@stdlib@lib3d@modules@UModSys@@UAE@XZ 100052ec f   umodsys_lib_lib3d:umodsys.mod.3d.stdlib.obj
 0001:00004352       ?mouse_setposition@RMouseController@SDL_GL@ui@modules@UModSys@@UAE_NHH@Z 10005352 f   umodsys_lib_libui:umodsys.mod.ui.SDL_GL.obj
 0001:00004352       ?get_cell@RMultiImage2D_SDL_ttf@SDL_GL@ui@modules@UModSys@@UBE_NIAAUSImageCellInfo@lib2d@5@@Z 10005352 f   umodsys_lib_libui:umodsys.mod.ui.SDL_GL.obj
 0001:00004352       ?filter_load@RMediaFilter@images_std@media@modules@UModSys@@UAE_NABUSInfo@IBinObjFilter@libmedia@5@AAU?$TRefObject@UIRefObject@core@UModSys@@U?$TRefObjectFunc@UIRefObject@core@UModSys@@@tl@3@@tl@5@@Z 10005352 f   umodsys_lib_libmedia:umodsys.mod.media.images_std.obj
 0001:00004352       ?map_3d_to_2d@RRenderDriver3D@SDL_GL@ui@modules@UModSys@@UAE_NAAU?$TVector2@H@math3d@5@ABU?$TVector2@M@75@@Z 10005352 f   umodsys_lib_libui:umodsys.mod.ui.SDL_GL.obj
 0001:00004352       ?setup_setlight@RRenderDriver3D@SDL_GL@ui@modules@UModSys@@UAE_NH_N@Z 10005352 f   umodsys_lib_libui:umodsys.mod.ui.SDL_GL.obj
 0001:00004352       ?render_extra@RRenderer@stdlib@lib3d@modules@UModSys@@UAE_NABUSRenderState@35@H@Z 10005352 f   umodsys_lib_lib3d:umodsys.mod.3d.stdlib.obj
 0001:00004352       ?cast_ray_center@RRenderer@stdlib@lib3d@modules@UModSys@@UBE_NABU?$TVector2@H@math3d@5@AAU?$TVector3@N@75@@Z 10005352 f   umodsys_lib_lib3d:umodsys.mod.3d.stdlib.obj
 0001:00004352       ?set_parameters@RRenderDriver2D@SDL_core@ui@modules@UModSys@@UAE_NPBDABUSParameters@core@5@@Z 10005352 f   umodsys_lib_libui:umodsys.mod.ui.SDL_core.obj
 0001:00004352       ?on_scene_node_change@RVisualSceneMapper_Direct@stdlib@lib3d@modules@UModSys@@UAE_NPAUIScene@35@PBUISceneNode@35@@Z 10005352 f   umodsys_lib_lib3d:umodsys.mod.3d.stdlib.obj
 0001:00004352       ?get_cell@RMultiImage2D_SDL_ttf@SDL_core@ui@modules@UModSys@@UBE_NIAAUSImageCellInfo@lib2d@5@@Z 10005352 f   umodsys_lib_libui:umodsys.mod.ui.SDL_core.obj
 0001:00004352       ?get_value@RRenderer@stdlib@lib3d@modules@UModSys@@UBE_NABU?$TString@U?$TSCoreConst@D@su@tl@UModSys@@U?$TComparerBinaryHash@D@234@@tl@5@ABUSPropValueW@core@5@@Z 10005352 f   umodsys_lib_lib3d:umodsys.mod.3d.stdlib.obj
 0001:00004352       ?set_repeater@RFrame_Common@frames@ui@modules@UModSys@@UAE_NHH@Z 10005352 f   umodsys_lib_libui:umodsys.mod.ui.frames.obj
 0001:00004352       ?set_hint@RMultiImage2D_SDL_ttf@SDL_core@ui@modules@UModSys@@UAE_NPBD0@Z 10005352 f   umodsys_lib_libui:umodsys.mod.ui.SDL_core.obj
 0001:00004352       ?on_scene_node_remove@RVisualSceneMapper_Direct@stdlib@lib3d@modules@UModSys@@UAE_NPAUIScene@35@PBUISceneNode@35@@Z 10005352 f   umodsys_lib_lib3d:umodsys.mod.3d.stdlib.obj
 0001:00004352       ?map_2d_to_3d@RRenderDriver3D@SDL_GL@ui@modules@UModSys@@UAE_NAAU?$TVector3@N@math3d@5@ABU?$TVector2@H@75@@Z 10005352 f   umodsys_lib_libui:umodsys.mod.ui.SDL_GL.obj
 0001:00004352       ?setup_fixed_cell@RMultiImage2D_SDL_ttf@SDL_GL@ui@modules@UModSys@@UAE_NHH@Z 10005352 f   umodsys_lib_libui:umodsys.mod.ui.SDL_GL.obj
 0001:00004352       ?on_scene_node_add@RVisualSceneMapper_Direct@stdlib@lib3d@modules@UModSys@@UAE_NPAUIScene@35@PBUISceneNode@35@@Z 10005352 f   umodsys_lib_lib3d:umodsys.mod.3d.stdlib.obj
 0001:00004352       ?set_value@RRenderer@stdlib@lib3d@modules@UModSys@@UAE_NABU?$TString@U?$TSCoreConst@D@su@tl@UModSys@@U?$TComparerBinaryHash@D@234@@tl@5@ABUSPropValueR@core@5@@Z 10005352 f   umodsys_lib_lib3d:umodsys.mod.3d.stdlib.obj
 0001:00004352       ?map_3d_to_2d@RRenderDriver3D@SDL_GL@ui@modules@UModSys@@UAE_NAAU?$TVector2@H@math3d@5@ABU?$TVector3@N@75@@Z 10005352 f   umodsys_lib_libui:umodsys.mod.ui.SDL_GL.obj
 0001:00004352       ?mouse_setposition@RMouseController@SDL_core@ui@modules@UModSys@@UAE_NHH@Z 10005352 f   umodsys_lib_libui:umodsys.mod.ui.SDL_core.obj
 0001:00004352       ?set_hint@RMultiImage@stdlib@lib2d@modules@UModSys@@UAE_NPBD0@Z 10005352 f   umodsys_lib_lib2d:umodsys.mod.2d.stdlib.obj
 0001:00004352       ?output_attach_3d@RCollector@frames@ui@modules@UModSys@@UAE_NPAUIRenderDriver@lib3d@5@H@Z 10005352 f   umodsys_lib_libui:umodsys.mod.ui.frames.obj
 0001:00004352       ?set_parameters@RRenderDriver3D@SDL_GL@ui@modules@UModSys@@UAE_NPBDABUSParameters@core@5@@Z 10005352 f   umodsys_lib_libui:umodsys.mod.ui.SDL_GL.obj
 0001:00004352       ?key_setrepeat@RKeyboardController@SDL_GL@ui@modules@UModSys@@UAE_NMM@Z 10005352 f   umodsys_lib_libui:umodsys.mod.ui.SDL_GL.obj
 0001:00004352       ?set_hint@RMultiImage2D_SDL_ttf@SDL_GL@ui@modules@UModSys@@UAE_NPBD0@Z 10005352 f   umodsys_lib_libui:umodsys.mod.ui.SDL_GL.obj
 0001:00004352       ?setup_fixed_cell@RMultiImage2D_SDL_ttf@SDL_core@ui@modules@UModSys@@UAE_NHH@Z 10005352 f   umodsys_lib_libui:umodsys.mod.ui.SDL_core.obj
 0001:00004352       ?key_setrepeat@RKeyboardController@SDL_core@ui@modules@UModSys@@UAE_NMM@Z 10005352 f   umodsys_lib_libui:umodsys.mod.ui.SDL_core.obj
 0001:00004357       ??0RVisualSceneMapper_Direct@stdlib@lib3d@modules@UModSys@@QAE@PAUIModObject@base@4@ABUSParameters@core@4@@Z 10005357 f   umodsys_lib_lib3d:umodsys.mod.3d.stdlib.obj
 0001:000043ae       ??_GRVisualSceneMapper_Direct@stdlib@lib3d@modules@UModSys@@UAEPAXI@Z 100053ae f i umodsys_lib_lib3d:umodsys.mod.3d.stdlib.obj
 0001:000043ae       ??_ERVisualSceneMapper_Direct@stdlib@lib3d@modules@UModSys@@UAEPAXI@Z 100053ae f i  CIL library: CIL module
 0001:0000440b       ?visual_new@RGeneralObject_Camera@stdlib@lib3d@modules@UModSys@@UAE?AU?$TRefObject@UIVisualObject@lib3d@UModSys@@U?$TRefObjectFunc@UIVisualObject@lib3d@UModSys@@@tl@3@@tl@5@PAUIRenderer@35@PAUIRenderObject@35@@Z 1000540b f   umodsys_lib_lib3d:umodsys.mod.3d.stdlib.obj
 0001:0000447d       ?render_new@RGeneralObject_Camera@stdlib@lib3d@modules@UModSys@@UAE?AU?$TRefObject@UIRenderObject@lib3d@UModSys@@U?$TRefObjectFunc@UIRenderObject@lib3d@UModSys@@@tl@3@@tl@5@PAUIRenderer@35@@Z 1000547d f   umodsys_lib_lib3d:umodsys.mod.3d.stdlib.obj
 0001:0000448f       ?logic_new@RGeneralObject_Camera@stdlib@lib3d@modules@UModSys@@UAE?AU?$TRefObject@UILogicObject@lib3d@UModSys@@U?$TRefObjectFunc@UILogicObject@lib3d@UModSys@@@tl@3@@tl@5@XZ 1000548f f   umodsys_lib_lib3d:umodsys.mod.3d.stdlib.obj
 0001:0000448f       ?render_get@VisualState@RGeneralObject_Camera@stdlib@lib3d@modules@UModSys@@UBE?AU?$TRefObject@UIRenderObject@lib3d@UModSys@@U?$TRefObjectFunc@UIRenderObject@lib3d@UModSys@@@tl@3@@tl@6@XZ 1000548f f   umodsys_lib_lib3d:umodsys.mod.3d.stdlib.obj
 0001:000044a1       ?get_root@RGeneralObject_Camera@stdlib@lib3d@modules@UModSys@@UAEPAUIGeneralObject@35@XZ 100054a1 f   umodsys_lib_lib3d:umodsys.mod.3d.stdlib.obj
 0001:000044a4       ??0RGeneralObject_Camera@stdlib@lib3d@modules@UModSys@@QAE@PAUIModObject@base@4@ABUSParameters@core@4@@Z 100054a4 f   umodsys_lib_lib3d:umodsys.mod.3d.stdlib.obj
 0001:0000460c       ??_GRGenerator@images_std@media@modules@UModSys@@UAEPAXI@Z 1000560c f i umodsys_lib_libmedia:umodsys.mod.media.images_std.obj
 0001:0000460c       ??_ERGenerator@SDL_core@ui@modules@UModSys@@UAEPAXI@Z 1000560c f i  CIL library: CIL module
 0001:0000460c       ??_ERGenerator@test1@test@modules@UModSys@@UAEPAXI@Z 1000560c f i  CIL library: CIL module
 0001:0000460c       ??_GRImageFactory_Memory@stdlib@lib2d@modules@UModSys@@UAEPAXI@Z 1000560c f i umodsys_lib_lib2d:umodsys.mod.2d.stdlib.obj
 0001:0000460c       ??_GRGenerator@serialize_json@media@modules@UModSys@@UAEPAXI@Z 1000560c f i umodsys_lib_libmedia:umodsys.mod.media.serialize_json.obj
 0001:0000460c       ??_GIRoot@core@UModSys@@UAEPAXI@Z 1000560c f i plugin_test1.obj
 0001:0000460c       ??_GRGenerator@frames@ui@modules@UModSys@@UAEPAXI@Z 1000560c f i umodsys_lib_libui:umodsys.mod.ui.frames.obj
 0001:0000460c       ??_ERGenerator@frames@ui@modules@UModSys@@UAEPAXI@Z 1000560c f i  CIL library: CIL module
 0001:0000460c       ??_ERGenerator@serialize_json@media@modules@UModSys@@UAEPAXI@Z 1000560c f i  CIL library: CIL module
 0001:0000460c       ??_EIRoot@core@UModSys@@UAEPAXI@Z 1000560c f i  CIL library: CIL module
 0001:0000460c       ??_GRGenerator@zlib@media@modules@UModSys@@UAEPAXI@Z 1000560c f i umodsys_lib_libmedia:umodsys.mod.media.zlib.obj
 0001:0000460c       ??_ERGenerator@SDL_GL@ui@modules@UModSys@@UAEPAXI@Z 1000560c f i  CIL library: CIL module
 0001:0000460c       ??_GRGenerator@stdlib@lib3d@modules@UModSys@@UAEPAXI@Z 1000560c f i umodsys_lib_lib3d:umodsys.mod.3d.stdlib.obj
 0001:0000460c       ??_ERImageFactory_Memory@stdlib@lib2d@modules@UModSys@@UAEPAXI@Z 1000560c f i  CIL library: CIL module
 0001:0000460c       ??_GRGenerator@SDL_core@ui@modules@UModSys@@UAEPAXI@Z 1000560c f i umodsys_lib_libui:umodsys.mod.ui.SDL_core.obj
 0001:0000460c       ??_GRGenerator@SDL_GL@ui@modules@UModSys@@UAEPAXI@Z 1000560c f i umodsys_lib_libui:umodsys.mod.ui.SDL_GL.obj
 0001:0000460c       ??_GRBinArchiveFrameClient_ZIP@zlib@media@modules@UModSys@@UAEPAXI@Z 1000560c f i umodsys_lib_libmedia:umodsys.mod.media.zlib.obj
 0001:0000460c       ??_ERGenerator@stdlib@lib2d@modules@UModSys@@UAEPAXI@Z 1000560c f i  CIL library: CIL module
 0001:0000460c       ??_ERGenerator@stdlib@lib3d@modules@UModSys@@UAEPAXI@Z 1000560c f i  CIL library: CIL module
 0001:0000460c       ??_GRGeneralObject_Camera@stdlib@lib3d@modules@UModSys@@UAEPAXI@Z 1000560c f i umodsys_lib_lib3d:umodsys.mod.3d.stdlib.obj
 0001:0000460c       ??_ERGeneralObject_Camera@stdlib@lib3d@modules@UModSys@@UAEPAXI@Z 1000560c f i  CIL library: CIL module
 0001:0000460c       ??_ERGenerator@zlib@media@modules@UModSys@@UAEPAXI@Z 1000560c f i  CIL library: CIL module
 0001:0000460c       ??_ERGenerator@images_std@media@modules@UModSys@@UAEPAXI@Z 1000560c f i  CIL library: CIL module
 0001:0000460c       ??_GRGenerator@stdlib@lib2d@modules@UModSys@@UAEPAXI@Z 1000560c f i umodsys_lib_lib2d:umodsys.mod.2d.stdlib.obj
 0001:0000460c       ??_ERBinArchiveFrameClient_ZIP@zlib@media@modules@UModSys@@UAEPAXI@Z 1000560c f i  CIL library: CIL module
 0001:0000460c       ??_GRGenerator@test1@test@modules@UModSys@@UAEPAXI@Z 1000560c f i plugin_test1.obj
 0001:00004629       ?object_get@VisualState@RGeneralObject_Camera@stdlib@lib3d@modules@UModSys@@UBE?AU?$TRefObject@UIGeneralObject@lib3d@UModSys@@U?$TRefObjectFunc@UIGeneralObject@lib3d@UModSys@@@tl@3@@tl@6@XZ 10005629 f   umodsys_lib_lib3d:umodsys.mod.3d.stdlib.obj
 0001:0000464a       ?isfull@?$TRStackSocket@PAUIVisualObject@lib3d@UModSys@@U?$TDynarrayDynamic@PAUIVisualObject@lib3d@UModSys@@U?$TAllocator@USIMemAlloc@core@UModSys@@USCountCalcPower2@23@@tl@3@@tl@3@@tl@UModSys@@UBE_NXZ 1000564a f   umodsys_lib_lib3d:umodsys.mod.3d.stdlib.obj
 0001:0000464a       ?driver_is_reset@RRenderDriver3D@SDL_GL@ui@modules@UModSys@@UAE_NXZ 1000564a f   umodsys_lib_libui:umodsys.mod.ui.SDL_GL.obj
 0001:0000464a       ?key_reset@RKeyboardController@SDL_GL@ui@modules@UModSys@@UAE_NXZ 1000564a f   umodsys_lib_libui:umodsys.mod.ui.SDL_GL.obj
 0001:0000464a       ?setup_array_none@RRenderDriver3D@SDL_GL@ui@modules@UModSys@@UAE_NXZ 1000564a f   umodsys_lib_libui:umodsys.mod.ui.SDL_GL.obj
 0001:0000464a       ?key_reset@RKeyboardController@SDL_core@ui@modules@UModSys@@UAE_NXZ 1000564a f   umodsys_lib_libui:umodsys.mod.ui.SDL_core.obj
 0001:0000464a       ?logic_sync@VisualState@RGeneralObject_Camera@stdlib@lib3d@modules@UModSys@@UAE_NXZ 1000564a f   umodsys_lib_lib3d:umodsys.mod.3d.stdlib.obj
 0001:0000464d       ?camera_get_fov@VisualState@RGeneralObject_Camera@stdlib@lib3d@modules@UModSys@@UBE?AU?$TVector2@M@math3d@6@XZ 1000564d f   umodsys_lib_lib3d:umodsys.mod.3d.stdlib.obj
 0001:0000465f       ?camera_get_xyz@VisualState@RGeneralObject_Camera@stdlib@lib3d@modules@UModSys@@UBE_NPAU?$TVector3@N@math3d@6@00@Z 1000565f f   umodsys_lib_lib3d:umodsys.mod.3d.stdlib.obj
 0001:0000469a       ?camera_get_planes@VisualState@RGeneralObject_Camera@stdlib@lib3d@modules@UModSys@@UBEHPAU?$TPlane3@N@math3d@6@@Z 1000569a f   umodsys_lib_lib3d:umodsys.mod.3d.stdlib.obj
 0001:0000491e       ?camera_cast_ray@VisualState@RGeneralObject_Camera@stdlib@lib3d@modules@UModSys@@UBE_NABU?$TVector2@M@math3d@6@AAU?$TVector3@N@86@1@Z 1000591e f   umodsys_lib_lib3d:umodsys.mod.3d.stdlib.obj
 0001:00004a04       ?camera_setup@VisualState@RGeneralObject_Camera@stdlib@lib3d@modules@UModSys@@UAE_NPAUIRenderDriver@46@@Z 10005a04 f   umodsys_lib_lib3d:umodsys.mod.3d.stdlib.obj
 0001:00004a3e       ??0VisualState@RGeneralObject_Camera@stdlib@lib3d@modules@UModSys@@QAE@PAU12345@PAUIRenderer@35@@Z 10005a3e f   umodsys_lib_lib3d:umodsys.mod.3d.stdlib.obj
 0001:00004ac5       ??_EVisualState@RGeneralObject_Camera@stdlib@lib3d@modules@UModSys@@UAEPAXI@Z 10005ac5 f i  CIL library: CIL module
 0001:00004ac5       ??_GVisualState@RGeneralObject_Camera@stdlib@lib3d@modules@UModSys@@UAEPAXI@Z 10005ac5 f i umodsys_lib_lib3d:umodsys.mod.3d.stdlib.obj
 0001:00004ae8       ?do_open@RModuleReg@stdlib@lib3d@modules@UModSys@@UAE_NXZ 10005ae8 f i umodsys_lib_lib3d:umodsys.mod.3d.stdlib.obj
 0001:00004b36       ?do_close@RModuleReg@stdlib@lib3d@modules@UModSys@@UAE_NXZ 10005b36 f i umodsys_lib_lib3d:umodsys.mod.3d.stdlib.obj
 0001:00004b71       ??_ERModuleReg@stdlib@lib2d@modules@UModSys@@UAEPAXI@Z 10005b71 f i  CIL library: CIL module
 0001:00004b71       ??_ERModuleReg@SDL_core@ui@modules@UModSys@@UAEPAXI@Z 10005b71 f i  CIL library: CIL module
 0001:00004b71       ??_GIModuleReg@base@UModSys@@UAEPAXI@Z 10005b71 f i umodsys_lib_base:umodsys.base.modulereg.obj
 0001:00004b71       ??_GRModuleReg@images_std@media@modules@UModSys@@UAEPAXI@Z 10005b71 f i umodsys_lib_libmedia:umodsys.mod.media.images_std.obj
 0001:00004b71       ??_ERModuleReg@stdlib@lib3d@modules@UModSys@@UAEPAXI@Z 10005b71 f i  CIL library: CIL module
 0001:00004b71       ??_GRModuleReg@frames@ui@modules@UModSys@@UAEPAXI@Z 10005b71 f i umodsys_lib_libui:umodsys.mod.ui.frames.obj
 0001:00004b71       ??_ERModuleReg@SDL_GL@ui@modules@UModSys@@UAEPAXI@Z 10005b71 f i  CIL library: CIL module
 0001:00004b71       ??_ERModuleReg@test1@test@modules@UModSys@@UAEPAXI@Z 10005b71 f i  CIL library: CIL module
 0001:00004b71       ??_ERModuleReg@serialize_json@media@modules@UModSys@@UAEPAXI@Z 10005b71 f i  CIL library: CIL module
 0001:00004b71       ??_EIModuleReg@base@UModSys@@UAEPAXI@Z 10005b71 f i  CIL library: CIL module
 0001:00004b71       ??_GRModuleReg@stdlib@lib3d@modules@UModSys@@UAEPAXI@Z 10005b71 f i umodsys_lib_lib3d:umodsys.mod.3d.stdlib.obj
 0001:00004b71       ??_GRModuleReg@stdlib@lib2d@modules@UModSys@@UAEPAXI@Z 10005b71 f i umodsys_lib_lib2d:umodsys.mod.2d.stdlib.obj
 0001:00004b71       ??_GRModuleReg@serialize_json@media@modules@UModSys@@UAEPAXI@Z 10005b71 f i umodsys_lib_libmedia:umodsys.mod.media.serialize_json.obj
 0001:00004b71       ??_ERModuleReg@images_std@media@modules@UModSys@@UAEPAXI@Z 10005b71 f i  CIL library: CIL module
 0001:00004b71       ??_GRModuleReg@SDL_GL@ui@modules@UModSys@@UAEPAXI@Z 10005b71 f i umodsys_lib_libui:umodsys.mod.ui.SDL_GL.obj
 0001:00004b71       ??_GRModuleReg@SDL_core@ui@modules@UModSys@@UAEPAXI@Z 10005b71 f i umodsys_lib_libui:umodsys.mod.ui.SDL_core.obj
 0001:00004b71       ??_ERModuleReg@zlib@media@modules@UModSys@@UAEPAXI@Z 10005b71 f i  CIL library: CIL module
 0001:00004b71       ??_ERModuleReg@frames@ui@modules@UModSys@@UAEPAXI@Z 10005b71 f i  CIL library: CIL module
 0001:00004b71       ??_GRModuleReg@test1@test@modules@UModSys@@UAEPAXI@Z 10005b71 f i plugin_test1.obj
 0001:00004b71       ??_GRModuleReg@zlib@media@modules@UModSys@@UAEPAXI@Z 10005b71 f i umodsys_lib_libmedia:umodsys.mod.media.zlib.obj
 0001:00004b8e       ?get_module@RGenerator@stdlib@lib3d@modules@UModSys@@UBEPAUIModule@base@5@XZ 10005b8e f   umodsys_lib_lib3d:umodsys.mod.3d.stdlib.obj
 0001:00004b94       ?mod_inc@RGenerator@stdlib@lib3d@modules@UModSys@@UBE_NXZ 10005b94 f   umodsys_lib_lib3d:umodsys.mod.3d.stdlib.obj
 0001:00004b9f       ?mod_dec@RGenerator@stdlib@lib3d@modules@UModSys@@UBE_NXZ 10005b9f f   umodsys_lib_lib3d:umodsys.mod.3d.stdlib.obj
 0001:00004baa       ?s_holder@RGenerator@stdlib@lib3d@modules@UModSys@@SAAAU?$TTypeStaticHolder@URGenerator@stdlib@lib3d@modules@UModSys@@@tl@5@XZ 10005baa f   umodsys_lib_lib3d:umodsys.mod.3d.stdlib.obj
 0001:00004bdc       ?from_3pr@?$TPlane3@N@math3d@UModSys@@QAEXABU?$TVector3@N@23@00@Z 10005bdc f i umodsys_lib_lib3d:umodsys.mod.3d.stdlib.obj
 0001:00004c43       ??1?$TRefObject@URVertexArray@SDL_GL@ui@modules@UModSys@@U?$TRefObjectFunc@URVertexArray@SDL_GL@ui@modules@UModSys@@@tl@5@@tl@UModSys@@QAE@XZ 10005c43 f i umodsys_lib_libui:umodsys.mod.ui.SDL_GL.obj
 0001:00004c43       ??1?$TRefObject@UIMultiImage@lib2d@UModSys@@U?$TRefObjectFunc@UIMultiImage@lib2d@UModSys@@@tl@3@@tl@UModSys@@QAE@XZ 10005c43 f i plugin_test1.obj
 0001:00004c43       ??1?$TRefObject@URSerializeWriter@serialize_json@media@modules@UModSys@@U?$TRefObjectFunc@URSerializeWriter@serialize_json@media@modules@UModSys@@@tl@5@@tl@UModSys@@QAE@XZ 10005c43 f i umodsys_lib_libmedia:umodsys.mod.media.serialize_json.obj
 0001:00004c43       ??1?$TRefObject@URTerminalX@SDL_GL@ui@modules@UModSys@@U?$TRefObjectFunc@URTerminalX@SDL_GL@ui@modules@UModSys@@@tl@5@@tl@UModSys@@QAE@XZ 10005c43 f i umodsys_lib_libui:umodsys.mod.ui.SDL_GL.obj
 0001:00004c43       ??1?$TRefObject@URBinArchiveFrameClient_ZIP@zlib@media@modules@UModSys@@U?$TRefObjectFunc@URBinArchiveFrameClient_ZIP@zlib@media@modules@UModSys@@@tl@5@@tl@UModSys@@QAE@XZ 10005c43 f i umodsys_lib_libmedia:umodsys.mod.media.zlib.obj
 0001:00004c43       ??1?$TRefObject@UIGeneralObject@lib3d@UModSys@@U?$TRefObjectFunc@UIGeneralObject@lib3d@UModSys@@@tl@3@@tl@UModSys@@QAE@XZ 10005c43 f i plugin_test1.obj
 0001:00004c43       ??1?$TRefObject@UIRenderer@lib3d@UModSys@@U?$TRefObjectFunc@UIRenderer@lib3d@UModSys@@@tl@3@@tl@UModSys@@QAE@XZ 10005c43 f i plugin_test1.obj
 0001:00004c43       ??1?$TRefObject@URMediaFilter@images_std@media@modules@UModSys@@U?$TRefObjectFunc@URMediaFilter@images_std@media@modules@UModSys@@@tl@5@@tl@UModSys@@QAE@XZ 10005c43 f i umodsys_lib_libmedia:umodsys.mod.media.images_std.obj
 0001:00004c43       ??1?$TRefObject@URImageFactory_Memory@stdlib@lib2d@modules@UModSys@@U?$TRefObjectFunc@URImageFactory_Memory@stdlib@lib2d@modules@UModSys@@@tl@5@@tl@UModSys@@QAE@XZ 10005c43 f i umodsys_lib_lib2d:umodsys.mod.2d.stdlib.obj
 0001:00004c43       ??1?$TRefObject@URVisualizerScene@stdlib@lib3d@modules@UModSys@@U?$TRefObjectFunc@URVisualizerScene@stdlib@lib3d@modules@UModSys@@@tl@5@@tl@UModSys@@QAE@XZ 10005c43 f i umodsys_lib_lib3d:umodsys.mod.3d.stdlib.obj
 0001:00004c43       ??1?$TRefObject@URDialog@frames@ui@modules@UModSys@@U?$TRefObjectFunc@URDialog@frames@ui@modules@UModSys@@@tl@5@@tl@UModSys@@QAE@XZ 10005c43 f i umodsys_lib_libui:umodsys.mod.ui.frames.obj
 0001:00004c43       ??1?$TRefObject@URRenderer@stdlib@lib3d@modules@UModSys@@U?$TRefObjectFunc@URRenderer@stdlib@lib3d@modules@UModSys@@@tl@5@@tl@UModSys@@QAE@XZ 10005c43 f i umodsys_lib_lib3d:umodsys.mod.3d.stdlib.obj
 0001:00004c43       ??1?$TRefObject@UIVisualizerScene@lib3d@UModSys@@U?$TRefObjectFunc@UIVisualizerScene@lib3d@UModSys@@@tl@3@@tl@UModSys@@QAE@XZ 10005c43 f i plugin_test1.obj
 0001:00004c43       ??1?$TRefObject@URRenderDriver2D@SDL_core@ui@modules@UModSys@@U?$TRefObjectFunc@URRenderDriver2D@SDL_core@ui@modules@UModSys@@@tl@5@@tl@UModSys@@QAE@XZ 10005c43 f i umodsys_lib_libui:umodsys.mod.ui.SDL_core.obj
 0001:00004c43       ??1?$TRefObject@URMultiImage2D_SDL_ttf@SDL_core@ui@modules@UModSys@@U?$TRefObjectFunc@URMultiImage2D_SDL_ttf@SDL_core@ui@modules@UModSys@@@tl@5@@tl@UModSys@@QAE@XZ 10005c43 f i umodsys_lib_libui:umodsys.mod.ui.SDL_core.obj
 0001:00004c43       ??1?$TRefObject@UIRefObject@core@UModSys@@U?$TRefObjectFunc@UIRefObject@core@UModSys@@@tl@3@@tl@UModSys@@QAE@XZ 10005c43 f i plugin_test1.obj
 0001:00004c43       ??1?$TRefObject@URSerializeReader@serialize_json@media@modules@UModSys@@U?$TRefObjectFunc@URSerializeReader@serialize_json@media@modules@UModSys@@@tl@5@@tl@UModSys@@QAE@XZ 10005c43 f i umodsys_lib_libmedia:umodsys.mod.media.serialize_json.obj
 0001:00004c43       ??1?$TRefObject@URGeneralObject_Camera@stdlib@lib3d@modules@UModSys@@U?$TRefObjectFunc@URGeneralObject_Camera@stdlib@lib3d@modules@UModSys@@@tl@5@@tl@UModSys@@QAE@XZ 10005c43 f i umodsys_lib_lib3d:umodsys.mod.3d.stdlib.obj
 0001:00004c43       ??1?$TRefObject@URImage_Memory@stdlib@lib2d@modules@UModSys@@U?$TRefObjectFunc@URImage_Memory@stdlib@lib2d@modules@UModSys@@@tl@5@@tl@UModSys@@QAE@XZ 10005c43 f i umodsys_lib_lib2d:umodsys.mod.2d.stdlib.obj
 0001:00004c43       ??1?$TRefObject@UIKeyboardController@libui@UModSys@@U?$TRefObjectFunc@UIKeyboardController@libui@UModSys@@@tl@3@@tl@UModSys@@QAE@XZ 10005c43 f i plugin_test1.obj
 0001:00004c43       ??1?$TRefObject@UIVisualObject@lib3d@UModSys@@U?$TRefObjectFunc@UIVisualObject@lib3d@UModSys@@@tl@3@@tl@UModSys@@QAE@XZ 10005c43 f i plugin_test1.obj
 0001:00004c43       ??1?$TRefObject@UIStreamWriter@libmedia@UModSys@@U?$TRefObjectFunc@UIStreamWriter@libmedia@UModSys@@@tl@3@@tl@UModSys@@QAE@XZ 10005c43 f i plugin_test1.obj
 0001:00004c43       ??1?$TRefObject@UIScene@lib3d@UModSys@@U?$TRefObjectFunc@UIScene@lib3d@UModSys@@@tl@3@@tl@UModSys@@QAE@XZ 10005c43 f i umodsys_lib_lib3d:umodsys.mod.3d.stdlib.obj
 0001:00004c43       ??1?$TRefObject@UIUtilities@libmedia@UModSys@@U?$TRefObjectFunc@UIUtilities@libmedia@UModSys@@@tl@3@@tl@UModSys@@QAE@XZ 10005c43 f i plugin_test1.obj
 0001:00004c43       ??1?$TRefObject@UIImage@lib2d@UModSys@@U?$TRefObjectFunc@UIImage@lib2d@UModSys@@@tl@3@@tl@UModSys@@QAE@XZ 10005c43 f i plugin_test1.obj
 0001:00004c43       ??1?$TRefObject@UIVertexArray@lib3d@UModSys@@U?$TRefObjectFunc@UIVertexArray@lib3d@UModSys@@@tl@3@@tl@UModSys@@QAE@XZ 10005c43 f i plugin_test1.obj
 0001:00004c43       ??1?$TRefObject@URMultiImage@stdlib@lib2d@modules@UModSys@@U?$TRefObjectFunc@URMultiImage@stdlib@lib2d@modules@UModSys@@@tl@5@@tl@UModSys@@QAE@XZ 10005c43 f i umodsys_lib_lib2d:umodsys.mod.2d.stdlib.obj
 0001:00004c43       ??1?$TRefObject@URRenderDriver3D@SDL_GL@ui@modules@UModSys@@U?$TRefObjectFunc@URRenderDriver3D@SDL_GL@ui@modules@UModSys@@@tl@5@@tl@UModSys@@QAE@XZ 10005c43 f i umodsys_lib_libui:umodsys.mod.ui.SDL_GL.obj
 0001:00004c43       ??1?$TRefObject@URCollector@frames@ui@modules@UModSys@@U?$TRefObjectFunc@URCollector@frames@ui@modules@UModSys@@@tl@5@@tl@UModSys@@QAE@XZ 10005c43 f i umodsys_lib_libui:umodsys.mod.ui.frames.obj
 0001:00004c43       ??1?$TRefObject@UIMouseController@libui@UModSys@@U?$TRefObjectFunc@UIMouseController@libui@UModSys@@@tl@3@@tl@UModSys@@QAE@XZ 10005c43 f i plugin_test1.obj
 0001:00004c43       ??1?$TRefObject@UIRenderDriver@lib2d@UModSys@@U?$TRefObjectFunc@UIRenderDriver@lib2d@UModSys@@@tl@3@@tl@UModSys@@QAE@XZ 10005c43 f i plugin_test1.obj
 0001:00004c43       ??1?$TRefObject@URTerminalX@SDL_core@ui@modules@UModSys@@U?$TRefObjectFunc@URTerminalX@SDL_core@ui@modules@UModSys@@@tl@5@@tl@UModSys@@QAE@XZ 10005c43 f i umodsys_lib_libui:umodsys.mod.ui.SDL_core.obj
 0001:00004c43       ??1?$TRefObject@UIRenderDriver@lib3d@UModSys@@U?$TRefObjectFunc@UIRenderDriver@lib3d@UModSys@@@tl@3@@tl@UModSys@@QAE@XZ 10005c43 f i plugin_test1.obj
 0001:00004c43       ??1?$TRefObject@UIStreamReader@libmedia@UModSys@@U?$TRefObjectFunc@UIStreamReader@libmedia@UModSys@@@tl@3@@tl@UModSys@@QAE@XZ 10005c43 f i plugin_test1.obj
 0001:00004c43       ??1?$TRefObject@URFrame_Common@frames@ui@modules@UModSys@@U?$TRefObjectFunc@URFrame_Common@frames@ui@modules@UModSys@@@tl@5@@tl@UModSys@@QAE@XZ 10005c43 f i umodsys_lib_libui:umodsys.mod.ui.frames.obj
 0001:00004c43       ??1?$TRefObject@UICollector@libui@UModSys@@U?$TRefObjectFunc@UICollector@libui@UModSys@@@tl@3@@tl@UModSys@@QAE@XZ 10005c43 f i plugin_test1.obj
 0001:00004c43       ??1?$TRefObject@UIFrame@libui@UModSys@@U?$TRefObjectFunc@UIFrame@libui@UModSys@@@tl@3@@tl@UModSys@@QAE@XZ 10005c43 f i umodsys_lib_libui:umodsys.mod.ui.frames.obj
 0001:00004c43       ??1?$TRefObject@URVisualSceneMapper_Direct@stdlib@lib3d@modules@UModSys@@U?$TRefObjectFunc@URVisualSceneMapper_Direct@stdlib@lib3d@modules@UModSys@@@tl@5@@tl@UModSys@@QAE@XZ 10005c43 f i umodsys_lib_lib3d:umodsys.mod.3d.stdlib.obj
 0001:00004c43       ??1?$TRefObject@UITerminal@libui@UModSys@@U?$TRefObjectFunc@UITerminal@libui@UModSys@@@tl@3@@tl@UModSys@@QAE@XZ 10005c43 f i plugin_test1.obj
 0001:00004c43       ??1?$TRefObject@UIImageFactory@lib2d@UModSys@@U?$TRefObjectFunc@UIImageFactory@lib2d@UModSys@@@tl@3@@tl@UModSys@@QAE@XZ 10005c43 f i plugin_test1.obj
 0001:00004c43       ??1?$TRefObject@URMultiImage2D_SDL_ttf@SDL_GL@ui@modules@UModSys@@U?$TRefObjectFunc@URMultiImage2D_SDL_ttf@SDL_GL@ui@modules@UModSys@@@tl@5@@tl@UModSys@@QAE@XZ 10005c43 f i umodsys_lib_libui:umodsys.mod.ui.SDL_GL.obj
 0001:00004c52       ??1?$TRStackSocket@PAUIVisualObject@lib3d@UModSys@@U?$TDynarrayDynamic@PAUIVisualObject@lib3d@UModSys@@U?$TAllocator@USIMemAlloc@core@UModSys@@USCountCalcPower2@23@@tl@3@@tl@3@@tl@UModSys@@QAE@XZ 10005c52 f i umodsys_lib_lib3d:umodsys.mod.3d.stdlib.obj
 0001:00004c59       ?isempty@?$TRStackSocket@PAUIVisualObject@lib3d@UModSys@@U?$TDynarrayDynamic@PAUIVisualObject@lib3d@UModSys@@U?$TAllocator@USIMemAlloc@core@UModSys@@USCountCalcPower2@23@@tl@3@@tl@3@@tl@UModSys@@UBE_NXZ 10005c59 f i umodsys_lib_lib3d:umodsys.mod.3d.stdlib.obj
 0001:00004c67       ?push@?$TRStackSocket@PAUIVisualObject@lib3d@UModSys@@U?$TDynarrayDynamic@PAUIVisualObject@lib3d@UModSys@@U?$TAllocator@USIMemAlloc@core@UModSys@@USCountCalcPower2@23@@tl@3@@tl@3@@tl@UModSys@@UAE_NABQAUIVisualObject@lib3d@3@@Z 10005c67 f i umodsys_lib_lib3d:umodsys.mod.3d.stdlib.obj
 0001:00004c98       ?pop@?$TRStackSocket@PAUIVisualObject@lib3d@UModSys@@U?$TDynarrayDynamic@PAUIVisualObject@lib3d@UModSys@@U?$TAllocator@USIMemAlloc@core@UModSys@@USCountCalcPower2@23@@tl@3@@tl@3@@tl@UModSys@@UAE_NAAPAUIVisualObject@lib3d@3@@Z 10005c98 f i umodsys_lib_lib3d:umodsys.mod.3d.stdlib.obj
 0001:00004cbb       ??1?$TDynarray@U?$TDynarrayHolderDynamic@UScene@IVisualizerScene@lib3d@UModSys@@U?$TAllocator@USIMemAlloc@core@UModSys@@USCountCalcPower2@23@@tl@4@@tl@UModSys@@@tl@UModSys@@QAE@XZ 10005cbb f i umodsys_lib_lib3d:umodsys.mod.3d.stdlib.obj
 0001:00004cfe       ??1?$TDynarray@U?$TDynarrayHolderDynamic@PAUIVisualObject@lib3d@UModSys@@U?$TAllocator@USIMemAlloc@core@UModSys@@USCountCalcPower2@23@@tl@3@@tl@UModSys@@@tl@UModSys@@QAE@XZ 10005cfe f i umodsys_lib_lib3d:umodsys.mod.3d.stdlib.obj
 0001:00004d45       ?ResizeRel@?$TDynarray@U?$TDynarrayHolderDynamic@UScene@IVisualizerScene@lib3d@UModSys@@U?$TAllocator@USIMemAlloc@core@UModSys@@USCountCalcPower2@23@@tl@4@@tl@UModSys@@@tl@UModSys@@QAE_NH@Z 10005d45 f i umodsys_lib_lib3d:umodsys.mod.3d.stdlib.obj
 0001:00004dbb       ?ResizeRel@?$TDynarray@U?$TDynarrayHolderDynamic@PAUIVisualObject@lib3d@UModSys@@U?$TAllocator@USIMemAlloc@core@UModSys@@USCountCalcPower2@23@@tl@3@@tl@UModSys@@@tl@UModSys@@QAE_NH@Z 10005dbb f i umodsys_lib_lib3d:umodsys.mod.3d.stdlib.obj
 0001:00004de6       ??$t_gen_param@URRenderer@stdlib@lib3d@modules@UModSys@@URGenerator@2345@@IGenerator@base@UModSys@@IAE_NPAURGenerator@stdlib@lib3d@modules@2@AAU?$TRefObject@UIRefObject@core@UModSys@@U?$TRefObjectFunc@UIRefObject@core@UModSys@@@tl@3@@tl@2@PBUSUniquePointerInfo@core@2@ABUSParameters@core@2@@Z 10005de6 f i umodsys_lib_lib3d:umodsys.mod.3d.stdlib.obj
 0001:00004e78       ??$t_gen_param@URVisualizerScene@stdlib@lib3d@modules@UModSys@@URGenerator@2345@@IGenerator@base@UModSys@@IAE_NPAURGenerator@stdlib@lib3d@modules@2@AAU?$TRefObject@UIRefObject@core@UModSys@@U?$TRefObjectFunc@UIRefObject@core@UModSys@@@tl@3@@tl@2@PBUSUniquePointerInfo@core@2@ABUSParameters@core@2@@Z 10005e78 f i umodsys_lib_lib3d:umodsys.mod.3d.stdlib.obj
 0001:00004f0a       ??$t_gen_param@URVisualSceneMapper_Direct@stdlib@lib3d@modules@UModSys@@URGenerator@2345@@IGenerator@base@UModSys@@IAE_NPAURGenerator@stdlib@lib3d@modules@2@AAU?$TRefObject@UIRefObject@core@UModSys@@U?$TRefObjectFunc@UIRefObject@core@UModSys@@@tl@3@@tl@2@PBUSUniquePointerInfo@core@2@ABUSParameters@core@2@@Z 10005f0a f i umodsys_lib_lib3d:umodsys.mod.3d.stdlib.obj
 0001:00004f9c       ??$t_gen_param@URGeneralObject_Camera@stdlib@lib3d@modules@UModSys@@URGenerator@2345@@IGenerator@base@UModSys@@IAE_NPAURGenerator@stdlib@lib3d@modules@2@AAU?$TRefObject@UIRefObject@core@UModSys@@U?$TRefObjectFunc@UIRefObject@core@UModSys@@@tl@3@@tl@2@PBUSUniquePointerInfo@core@2@ABUSParameters@core@2@@Z 10005f9c f i umodsys_lib_lib3d:umodsys.mod.3d.stdlib.obj
 0001:0000502a       ?ReLink@?$TDynarray@U?$TDynarrayHolderDynamic@UNode@RSerializeReader@serialize_json@media@modules@UModSys@@U?$TAllocator@USIMemAlloc@core@UModSys@@USCountCalcPower2@23@@tl@6@@tl@UModSys@@@tl@UModSys@@IAE_NI@Z 1000602a f i umodsys_lib_libmedia:umodsys.mod.media.serialize_json.obj
 0001:0000502a       ?ReLink@?$TDynarray@U?$TDynarrayHolderDynamic@UScene@IVisualizerScene@lib3d@UModSys@@U?$TAllocator@USIMemAlloc@core@UModSys@@USCountCalcPower2@23@@tl@4@@tl@UModSys@@@tl@UModSys@@IAE_NI@Z 1000602a f i umodsys_lib_lib3d:umodsys.mod.3d.stdlib.obj
 0001:0000506c       ?ReLink@?$TDynarray@U?$TDynarrayHolderDynamic@U?$TRefObject@UIImage@lib2d@UModSys@@U?$TRefObjectFunc@UIImage@lib2d@UModSys@@@tl@3@@tl@UModSys@@U?$TAllocator@USIMemAlloc@core@UModSys@@USCountCalcPower2@23@@23@@tl@UModSys@@@tl@UModSys@@IAE_NI@Z 1000606c f i umodsys_lib_lib2d:umodsys.mod.2d.stdlib.obj
 0001:0000506c       ?ReLink@?$TDynarray@U?$TDynarrayHolderDynamic@PAUIVisualObject@lib3d@UModSys@@U?$TAllocator@USIMemAlloc@core@UModSys@@USCountCalcPower2@23@@tl@3@@tl@UModSys@@@tl@UModSys@@IAE_NI@Z 1000606c f i umodsys_lib_lib3d:umodsys.mod.3d.stdlib.obj
 0001:0000506c       ?ReLink@?$TDynarray@U?$TDynarrayHolderDynamic@U?$TRefObject@URFrame_Common@frames@ui@modules@UModSys@@U?$TRefObjectFunc@URFrame_Common@frames@ui@modules@UModSys@@@tl@5@@tl@UModSys@@U?$TAllocator@USIMemAlloc@core@UModSys@@USCountCalcPower2@23@@23@@tl@UModSys@@@tl@UModSys@@IAE_NI@Z 1000606c f i umodsys_lib_libui:umodsys.mod.ui.frames.obj
 0001:0000506c       ?ReLink@?$TDynarray@U?$TDynarrayHolderDynamic@U?$TRefObject@URDialog@frames@ui@modules@UModSys@@U?$TRefObjectFunc@URDialog@frames@ui@modules@UModSys@@@tl@5@@tl@UModSys@@U?$TAllocator@USIMemAlloc@core@UModSys@@USCountCalcPower2@23@@23@@tl@UModSys@@@tl@UModSys@@IAE_NI@Z 1000606c f i umodsys_lib_libui:umodsys.mod.ui.frames.obj
 0001:000050ae       ?amoveleft@?$TTypeConstructor@UScene@IVisualizerScene@lib3d@UModSys@@@tl@UModSys@@SAXPAUScene@IVisualizerScene@lib3d@3@III@Z 100060ae f i umodsys_lib_lib3d:umodsys.mod.3d.stdlib.obj
 0001:00005100       ??$process_nodes_r@U?$TNodeDeleter0@U?$TScatterArrayNode@U?$TRefObject@UIVisualObject@lib3d@UModSys@@U?$TRefObjectFunc@UIVisualObject@lib3d@UModSys@@@tl@3@@tl@UModSys@@PBUISceneNode@lib3d@3@@tl@UModSys@@@tl@UModSys@@@?$TTreeHoldRB@U?$TScatterArrayNode@U?$TRefObject@UIVisualObject@lib3d@UModSys@@U?$TRefObjectFunc@UIVisualObject@lib3d@UModSys@@@tl@3@@tl@UModSys@@PBUISceneNode@lib3d@3@@tl@UModSys@@@tl@UModSys@@KAHPAU?$TScatterArrayNode@U?$TRefObject@UIVisualObject@lib3d@UModSys@@U?$TRefObjectFunc@UIVisualObject@lib3d@UModSys@@@tl@3@@tl@UModSys@@PBUISceneNode@lib3d@3@@12@ABU?$TNodeDeleter0@U?$TScatterArrayNode@U?$TRefObject@UIVisualObject@lib3d@UModSys@@U?$TRefObjectFunc@UIVisualObject@lib3d@UModSys@@@tl@3@@tl@UModSys@@PBUISceneNode@lib3d@3@@tl@UModSys@@@12@@Z 10006100 f i umodsys_lib_lib3d:umodsys.mod.3d.stdlib.obj
 0001:00005151       ?alloc@SMemShared@core@UModSys@@QAE_NIPAUSSourceContext@23@@Z 10006151 f i umodsys_lib_lib2d:umodsys.mod.2d.stdlib.obj
 0001:0000516a       ?ConvertSameSize@stdlib@lib2d@modules@UModSys@@YA_NW4eImageType@24@ABU?$TVector2@H@math3d@4@11ABUSMem@core@4@11ABUSCMem@94@@Z 1000616a f i umodsys_lib_lib2d:umodsys.mod.2d.stdlib.obj
 0001:000051ed       ?ConvertSame@stdlib@lib2d@modules@UModSys@@YA_NW4eImageType@24@ABU?$TBoundBox2@H@math3d@4@ABU?$TVector2@H@74@ABUSMem@core@4@12ABUSCMem@core@4@@Z 100061ed f i umodsys_lib_lib2d:umodsys.mod.2d.stdlib.obj
 0001:00005250       ?Convert@stdlib@lib2d@modules@UModSys@@YA_NABU?$TBoundBox2@H@math3d@4@ABUSImageInfo@24@ABUSMem@core@4@01ABUSCMem@94@@Z 10006250 f i umodsys_lib_lib2d:umodsys.mod.2d.stdlib.obj
 0001:000052b2       ?root_get_interface_info@RImage_Memory@stdlib@lib2d@modules@UModSys@@UBEABUSUniquePointerInfo@core@5@XZ 100062b2 f i umodsys_lib_lib2d:umodsys.mod.2d.stdlib.obj
 0001:000052b8       ?root_get_interface_type@RImage_Memory@stdlib@lib2d@modules@UModSys@@UBEPBUSUniquePointerInfo@core@5@XZ 100062b8 f i umodsys_lib_lib2d:umodsys.mod.2d.stdlib.obj
 0001:000052be       ?root_get_other_interface@RImage_Memory@stdlib@lib2d@modules@UModSys@@UBEPBUIRoot@core@5@PBUSUniquePointerInfo@75@@Z 100062be f i umodsys_lib_lib2d:umodsys.mod.2d.stdlib.obj
 0001:000052be       ?root_get_other_interface@RImage_Memory@stdlib@lib2d@modules@UModSys@@UAEPAUIRoot@core@5@PBUSUniquePointerInfo@75@@Z 100062be f i umodsys_lib_lib2d:umodsys.mod.2d.stdlib.obj
 0001:000052df       ?root_is_interface_supported@RImage_Memory@stdlib@lib2d@modules@UModSys@@UBE_NPBUSUniquePointerInfo@core@5@@Z 100062df f i umodsys_lib_lib2d:umodsys.mod.2d.stdlib.obj
 0001:00005306       ??0State@RImage_Memory@stdlib@lib2d@modules@UModSys@@QAE@XZ 10006306 f i umodsys_lib_lib2d:umodsys.mod.2d.stdlib.obj
 0001:00005338       ?root_get_interface_info@RImageFactory_Memory@stdlib@lib2d@modules@UModSys@@UBEABUSUniquePointerInfo@core@5@XZ 10006338 f i umodsys_lib_lib2d:umodsys.mod.2d.stdlib.obj
 0001:0000533e       ?root_get_interface_type@RImageFactory_Memory@stdlib@lib2d@modules@UModSys@@UBEPBUSUniquePointerInfo@core@5@XZ 1000633e f i umodsys_lib_lib2d:umodsys.mod.2d.stdlib.obj
 0001:00005344       ?root_get_other_interface@RImageFactory_Memory@stdlib@lib2d@modules@UModSys@@UBEPBUIRoot@core@5@PBUSUniquePointerInfo@75@@Z 10006344 f i umodsys_lib_lib2d:umodsys.mod.2d.stdlib.obj
 0001:00005344       ?root_get_other_interface@RImageFactory_Memory@stdlib@lib2d@modules@UModSys@@UAEPAUIRoot@core@5@PBUSUniquePointerInfo@75@@Z 10006344 f i umodsys_lib_lib2d:umodsys.mod.2d.stdlib.obj
 0001:00005365       ?root_is_interface_supported@RImageFactory_Memory@stdlib@lib2d@modules@UModSys@@UBE_NPBUSUniquePointerInfo@core@5@@Z 10006365 f i umodsys_lib_lib2d:umodsys.mod.2d.stdlib.obj
 0001:0000538c       ?root_get_interface_info@RMultiImage@stdlib@lib2d@modules@UModSys@@UBEABUSUniquePointerInfo@core@5@XZ 1000638c f i umodsys_lib_lib2d:umodsys.mod.2d.stdlib.obj
 0001:00005392       ?root_get_interface_type@RMultiImage@stdlib@lib2d@modules@UModSys@@UBEPBUSUniquePointerInfo@core@5@XZ 10006392 f i umodsys_lib_lib2d:umodsys.mod.2d.stdlib.obj
 0001:00005398       ?root_get_other_interface@RMultiImage@stdlib@lib2d@modules@UModSys@@UBEPBUIRoot@core@5@PBUSUniquePointerInfo@75@@Z 10006398 f i umodsys_lib_lib2d:umodsys.mod.2d.stdlib.obj
 0001:00005398       ?root_get_other_interface@RMultiImage@stdlib@lib2d@modules@UModSys@@UAEPAUIRoot@core@5@PBUSUniquePointerInfo@75@@Z 10006398 f i umodsys_lib_lib2d:umodsys.mod.2d.stdlib.obj
 0001:000053b9       ?root_is_interface_supported@RMultiImage@stdlib@lib2d@modules@UModSys@@UBE_NPBUSUniquePointerInfo@core@5@@Z 100063b9 f i umodsys_lib_lib2d:umodsys.mod.2d.stdlib.obj
 0001:000053e0       ?get_generated_names@RGenerator@stdlib@lib2d@modules@UModSys@@UBEHAAUSUniquePtrList@core@5@@Z 100063e0 f i umodsys_lib_lib2d:umodsys.mod.2d.stdlib.obj
 0001:0000540f       ?get_generated_types@RGenerator@stdlib@lib2d@modules@UModSys@@UBEHAAUSUniquePtrList@core@5@PBUSUniquePointerInfo@75@@Z 1000640f f i umodsys_lib_lib2d:umodsys.mod.2d.stdlib.obj
 0001:00005479       ?generate@RGenerator@stdlib@lib2d@modules@UModSys@@UAE_NAAU?$TRefObject@UIRefObject@core@UModSys@@U?$TRefObjectFunc@UIRefObject@core@UModSys@@@tl@3@@tl@5@PBUSUniquePointerInfo@core@5@ABUSParameters@95@@Z 10006479 f i umodsys_lib_lib2d:umodsys.mod.2d.stdlib.obj
 0001:000054e4       ?root_get_interface_info@RGenerator@stdlib@lib2d@modules@UModSys@@UBEABUSUniquePointerInfo@core@5@XZ 100064e4 f i umodsys_lib_lib2d:umodsys.mod.2d.stdlib.obj
 0001:000054ea       ?root_get_interface_type@RGenerator@stdlib@lib2d@modules@UModSys@@UBEPBUSUniquePointerInfo@core@5@XZ 100064ea f i umodsys_lib_lib2d:umodsys.mod.2d.stdlib.obj
 0001:000054f0       ?root_get_other_interface@RGenerator@stdlib@lib2d@modules@UModSys@@UAEPAUIRoot@core@5@PBUSUniquePointerInfo@75@@Z 100064f0 f i umodsys_lib_lib2d:umodsys.mod.2d.stdlib.obj
 0001:000054f0       ?root_get_other_interface@RGenerator@stdlib@lib2d@modules@UModSys@@UBEPBUIRoot@core@5@PBUSUniquePointerInfo@75@@Z 100064f0 f i umodsys_lib_lib2d:umodsys.mod.2d.stdlib.obj
 0001:00005509       ?root_is_interface_supported@RGenerator@stdlib@lib2d@modules@UModSys@@UBE_NPBUSUniquePointerInfo@core@5@@Z 10006509 f i umodsys_lib_lib2d:umodsys.mod.2d.stdlib.obj
 0001:00005528       ?ref_remove@RTerminal@SDL_GL@ui@modules@UModSys@@UBEXXZ 10006528 f i umodsys_lib_libui:umodsys.mod.ui.SDL_GL.obj
 0001:00005528       ?ref_remove@RDialog@frames@ui@modules@UModSys@@UBEXXZ 10006528 f i umodsys_lib_libui:umodsys.mod.ui.frames.obj
 0001:00005528       ?ref_remove@RGenerator@SDL_GL@ui@modules@UModSys@@UBEXXZ 10006528 f i umodsys_lib_libui:umodsys.mod.ui.SDL_GL.obj
 0001:00005528       ?ref_remove@RVisualizerScene@stdlib@lib3d@modules@UModSys@@UBEXXZ 10006528 f i umodsys_lib_lib3d:umodsys.mod.3d.stdlib.obj
 0001:00005528       ?ref_remove@RImageFactory_Memory@stdlib@lib2d@modules@UModSys@@UBEXXZ 10006528 f i umodsys_lib_lib2d:umodsys.mod.2d.stdlib.obj
 0001:00005528       ?ref_remove@RGenerator@stdlib@lib2d@modules@UModSys@@UBEXXZ 10006528 f i umodsys_lib_lib2d:umodsys.mod.2d.stdlib.obj
 0001:00005528       ?ref_remove@RGeneralObject_Camera@stdlib@lib3d@modules@UModSys@@UBEXXZ 10006528 f i umodsys_lib_lib3d:umodsys.mod.3d.stdlib.obj
 0001:00005528       ?ref_remove@RGenerator@images_std@media@modules@UModSys@@UBEXXZ 10006528 f i umodsys_lib_libmedia:umodsys.mod.media.images_std.obj
 0001:00005528       ?ref_remove@RMultiImage@stdlib@lib2d@modules@UModSys@@UBEXXZ 10006528 f i umodsys_lib_lib2d:umodsys.mod.2d.stdlib.obj
 0001:00005528       ?ref_remove@RMultiImage2D_SDL_ttf@SDL_GL@ui@modules@UModSys@@UBEXXZ 10006528 f i umodsys_lib_libui:umodsys.mod.ui.SDL_GL.obj
 0001:00005528       ?ref_remove@RBinArchiveFrameClient_ZIP@zlib@media@modules@UModSys@@UBEXXZ 10006528 f i umodsys_lib_libmedia:umodsys.mod.media.zlib.obj
 0001:00005528       ?ref_remove@RTerminal@SDL_core@ui@modules@UModSys@@UBEXXZ 10006528 f i umodsys_lib_libui:umodsys.mod.ui.SDL_core.obj
 0001:00005528       ?ref_remove@RVertexArray@SDL_GL@ui@modules@UModSys@@UBEXXZ 10006528 f i umodsys_lib_libui:umodsys.mod.ui.SDL_GL.obj
 0001:00005528       ?ref_remove@RGenerator@test1@test@modules@UModSys@@UBEXXZ 10006528 f i plugin_test1.obj
 0001:00005528       ?ref_remove@RMultiImage2D_SDL_ttf@SDL_core@ui@modules@UModSys@@UBEXXZ 10006528 f i umodsys_lib_libui:umodsys.mod.ui.SDL_core.obj
 0001:00005528       ?ref_remove@RGenerator@serialize_json@media@modules@UModSys@@UBEXXZ 10006528 f i umodsys_lib_libmedia:umodsys.mod.media.serialize_json.obj
 0001:00005528       ?ref_remove@RSerializeReader@serialize_json@media@modules@UModSys@@UBEXXZ 10006528 f i umodsys_lib_libmedia:umodsys.mod.media.serialize_json.obj
 0001:00005528       ?ref_remove@RGenerator@zlib@media@modules@UModSys@@UBEXXZ 10006528 f i umodsys_lib_libmedia:umodsys.mod.media.zlib.obj
 0001:00005528       ?ref_remove@RGenerator@frames@ui@modules@UModSys@@UBEXXZ 10006528 f i umodsys_lib_libui:umodsys.mod.ui.frames.obj
 0001:00005528       ?ref_remove@RImage_Memory@stdlib@lib2d@modules@UModSys@@UBEXXZ 10006528 f i umodsys_lib_lib2d:umodsys.mod.2d.stdlib.obj
 0001:00005528       ?ref_remove@RGenerator@SDL_core@ui@modules@UModSys@@UBEXXZ 10006528 f i umodsys_lib_libui:umodsys.mod.ui.SDL_core.obj
 0001:00005528       ?ref_remove@RGenerator@stdlib@lib3d@modules@UModSys@@UBEXXZ 10006528 f i umodsys_lib_lib3d:umodsys.mod.3d.stdlib.obj
 0001:00005533       ?get_uid@RGenerator@stdlib@lib2d@modules@UModSys@@UBEPBUSUniquePointerInfo@core@5@XZ 10006533 f i umodsys_lib_lib2d:umodsys.mod.2d.stdlib.obj
 0001:00005539       ?set_info@RImage_Memory@stdlib@lib2d@modules@UModSys@@UAE_NABUSImagePatchInfo@35@PBD@Z 10006539 f   umodsys_lib_lib2d:umodsys.mod.2d.stdlib.obj
 0001:000056a1       ??1SMemShared@core@UModSys@@QAE@XZ 100066a1 f i plugin_test1.obj
 0001:000056a1       ??1SCMemShared@core@UModSys@@QAE@XZ 100066a1 f i plugin_test1.obj
[...]
 0001:0002eaa2       ??__F?s_id@?$TObjectUniqueID@UIConsoleHelperOutput@base@UModSys@@@tl@UModSys@@2USUniquePointer@core@3@A@@YAXXZ 1002faa2 f    CIL library: CIL module
 0001:0002eaac       ??__F?s_id@?$TObjectUniqueID@UIConsoleHelperInput@base@UModSys@@@tl@UModSys@@2USUniquePointer@core@3@A@@YAXXZ 1002faac f    CIL library: CIL module
 0001:0002eab6       ??__F?s_id@?$TObjectUniqueID@UIConsoleHelperHistory@base@UModSys@@@tl@UModSys@@2USUniquePointer@core@3@A@@YAXXZ 1002fab6 f    CIL library: CIL module
 0001:0002eac0       ??__F?s_id@?$TObjectUniqueID@UIConsoleHelper@base@UModSys@@@tl@UModSys@@2USUniquePointer@core@3@A@@YAXXZ 1002fac0 f    CIL library: CIL module
 0001:0002eaca       ??__F?s_id@?$TObjectUniqueID@UIConsoleExt@base@UModSys@@@tl@UModSys@@2USUniquePointer@core@3@A@@YAXXZ 1002faca f    CIL library: CIL module
 0001:0002ead4       ??__F?s_id@?$TObjectUniqueID@UISerializeWriter@libmedia@UModSys@@@tl@UModSys@@2USUniquePointer@core@3@A@@YAXXZ 1002fad4 f    CIL library: CIL module
 0001:0002eade       ??__F?s_id@?$TObjectUniqueID@UISerializeReader@libmedia@UModSys@@@tl@UModSys@@2USUniquePointer@core@3@A@@YAXXZ 1002fade f    CIL library: CIL module
 0001:0002eae8       ??__F?s_id@?$TObjectUniqueID@UIClient@IBinArchiveFrame@libmedia@UModSys@@@tl@UModSys@@2USUniquePointer@core@3@A@@YAXXZ 1002fae8 f    CIL library: CIL module
 0001:0002eaf2       ??__F?s_id@?$TObjectUniqueID@UIBinArchiveFrame@libmedia@UModSys@@@tl@UModSys@@2USUniquePointer@core@3@A@@YAXXZ 1002faf2 f    CIL library: CIL module
 0001:0002eafc       ??__F?s_id@?$TObjectUniqueID@UILibraryLayered@libmedia@UModSys@@@tl@UModSys@@2USUniquePointer@core@3@A@@YAXXZ 1002fafc f    CIL library: CIL module
 0001:0002eb06       ??__F?s_id@?$TObjectUniqueID@UILibraryObjCache@libmedia@UModSys@@@tl@UModSys@@2USUniquePointer@core@3@A@@YAXXZ 1002fb06 f    CIL library: CIL module
 0001:0002eb10       ??__F?s_id@?$TObjectUniqueID@UILibraryObjFilter@libmedia@UModSys@@@tl@UModSys@@2USUniquePointer@core@3@A@@YAXXZ 1002fb10 f    CIL library: CIL module
 0001:0002eb1a       ??__F?s_id@?$TObjectUniqueID@UILibraryBinCache@libmedia@UModSys@@@tl@UModSys@@2USUniquePointer@core@3@A@@YAXXZ 1002fb1a f    CIL library: CIL module
 0001:0002eb24       ??__F?s_id@?$TObjectUniqueID@UILibraryBinTree@libmedia@UModSys@@@tl@UModSys@@2USUniquePointer@core@3@A@@YAXXZ 1002fb24 f    CIL library: CIL module
 0001:0002eb2e       ??__F?s_id@?$TObjectUniqueID@UILibrary@libmedia@UModSys@@@tl@UModSys@@2USUniquePointer@core@3@A@@YAXXZ 1002fb2e f    CIL library: CIL module
 0001:0002eb38       ??__F?s_id@?$TObjectUniqueID@UIBinObjFilter@libmedia@UModSys@@@tl@UModSys@@2USUniquePointer@core@3@A@@YAXXZ 1002fb38 f    CIL library: CIL module
 0001:0002eb42       ??__F?s_id@?$TObjectUniqueID@UIBinArchive@libmedia@UModSys@@@tl@UModSys@@2USUniquePointer@core@3@A@@YAXXZ 1002fb42 f    CIL library: CIL module
 0001:0002eb4c       ??__F?s_id@?$TObjectUniqueID@UILibObject@libmedia@UModSys@@@tl@UModSys@@2USUniquePointer@core@3@A@@YAXXZ 1002fb4c f    CIL library: CIL module
 0001:0002eb56       ??__F?s_id@?$TObjectUniqueID@UIUtilities@libmedia@UModSys@@@tl@UModSys@@2USUniquePointer@core@3@A@@YAXXZ 1002fb56 f    CIL library: CIL module
 0001:0002eb60       ??__F?s_id@?$TObjectUniqueID@UIStreamWriter@libmedia@UModSys@@@tl@UModSys@@2USUniquePointer@core@3@A@@YAXXZ 1002fb60 f    CIL library: CIL module
 0001:0002eb6a       ??__F?s_id@?$TObjectUniqueID@UIStreamReader@libmedia@UModSys@@@tl@UModSys@@2USUniquePointer@core@3@A@@YAXXZ 1002fb6a f    CIL library: CIL module
 0001:0002eb74       ??__F?s_id@?$TObjectUniqueID@UISystem@base@UModSys@@@tl@UModSys@@2USUniquePointer@core@3@A@@YAXXZ 1002fb74 f    CIL library: CIL module
 0001:0002eb7e       ??__F?s_id@?$TObjectUniqueID@UIShell@base@UModSys@@@tl@UModSys@@2USUniquePointer@core@3@A@@YAXXZ 1002fb7e f    CIL library: CIL module
 0001:0002eb88       ??__F?s_id@?$TObjectUniqueID@UIGenerator@base@UModSys@@@tl@UModSys@@2USUniquePointer@core@3@A@@YAXXZ 1002fb88 f    CIL library: CIL module
 0001:0002eb92       ??__F?s_id@?$TObjectUniqueID@UIModObject@base@UModSys@@@tl@UModSys@@2USUniquePointer@core@3@A@@YAXXZ 1002fb92 f    CIL library: CIL module
 0001:0002eb9c       ??__F?s_id@?$TObjectUniqueID@UIModuleLibrary@base@UModSys@@@tl@UModSys@@2USUniquePointer@core@3@A@@YAXXZ 1002fb9c f    CIL library: CIL module
 0001:0002eba6       ??__F?s_id@?$TObjectUniqueID@UIModule@base@UModSys@@@tl@UModSys@@2USUniquePointer@core@3@A@@YAXXZ 1002fba6 f    CIL library: CIL module
 0001:0002ebb0       ??__F?s_id@?$TObjectUniqueID@UIConsole@base@UModSys@@@tl@UModSys@@2USUniquePointer@core@3@A@@YAXXZ 1002fbb0 f    CIL library: CIL module
 0001:0002ebba       ??__F?s_id@?$TObjectUniqueID@UIParameters@core@UModSys@@@tl@UModSys@@2USUniquePointer@core@3@A@@YAXXZ 1002fbba f    CIL library: CIL module
 0001:0002ebc4       ??__F?s_id@?$TObjectUniqueID@UIRefObject@core@UModSys@@@tl@UModSys@@2USUniquePointer@core@3@A@@YAXXZ 1002fbc4 f    CIL library: CIL module
 0001:0002ebce       ??__F?s_id@?$TObjectUniqueID@UIRoot@core@UModSys@@@tl@UModSys@@2USUniquePointer@core@3@A@@YAXXZ 1002fbce f    CIL library: CIL module
 0001:0002ebd8       ??__F?s_id@?$TDataUniqueID@F@tl@UModSys@@2USUniquePointer@core@3@A@@YAXXZ 1002fbd8 f    CIL library: CIL module
 0001:0002ebe2       ??__F?s_id@?$TDataUniqueID@M@tl@UModSys@@2USUniquePointer@core@3@A@@YAXXZ 1002fbe2 f    CIL library: CIL module
 0001:0002ebec       ??__F?s_id@?$TDataUniqueID@H@tl@UModSys@@2USUniquePointer@core@3@A@@YAXXZ 1002fbec f    CIL library: CIL module
 0001:0002ebf6       ??__F?s_id@?$TConstUniqueID@W4eConsoleLevels@base@UModSys@@$00@tl@UModSys@@2USUniquePointer@core@3@A@@YAXXZ 1002fbf6 f    CIL library: CIL module
 0001:0002ec00       ??__Fs_dbg@stdlib@lib3d@modules@UModSys@@YAXXZ 1002fc00 f    CIL library: CIL module
 0001:0002ec17       ??__F?s_modreg@RModuleReg@stdlib@lib3d@modules@UModSys@@2U12345@A@@YAXXZ 1002fc17 f    CIL library: CIL module
 0001:0002ec22       ??__F?s_modreg_chain@RModuleReg@stdlib@lib3d@modules@UModSys@@2USModuleRegChain@base@5@A@@YAXXZ 1002fc22 f    CIL library: CIL module
 0001:0002ec2c       ??__F?s_uid@RGenerator@stdlib@lib3d@modules@UModSys@@2USUniquePointer@core@5@A@@YAXXZ 1002fc2c f    CIL library: CIL module
 0001:0002ec36       ??__Fh@?1??s_holder@RGenerator@stdlib@lib3d@modules@UModSys@@SAAAU?$TTypeStaticHolder@URGenerator@stdlib@lib3d@modules@UModSys@@@tl@5@XZ@YAXXZ 1002fc36 f    CIL library: CIL module
 0001:0002ec53       ??__F?s_id@?$TObjectUniqueID@URGenerator@stdlib@lib3d@modules@UModSys@@@tl@UModSys@@2USUniquePointer@core@3@A@@YAXXZ 1002fc53 f    CIL library: CIL module
 0001:0002ec5d       ??__F?s_id@?$TObjectUniqueID@UVisualState@RGeneralObject_Camera@stdlib@lib3d@modules@UModSys@@@tl@UModSys@@2USUniquePointer@core@3@A@@YAXXZ 1002fc5d f    CIL library: CIL module
 0001:0002ec67       ??__F?s_id@?$TObjectUniqueID@URGeneralObject_Camera@stdlib@lib3d@modules@UModSys@@@tl@UModSys@@2USUniquePointer@core@3@A@@YAXXZ 1002fc67 f    CIL library: CIL module
 0001:0002ec71       ??__F?s_id@?$TObjectUniqueID@URGeneralObject_Primitive@stdlib@lib3d@modules@UModSys@@@tl@UModSys@@2USUniquePointer@core@3@A@@YAXXZ 1002fc71 f    CIL library: CIL module
 0001:0002ec7b       ??__F?s_id@?$TObjectUniqueID@URVisualSceneMapper_Direct@stdlib@lib3d@modules@UModSys@@@tl@UModSys@@2USUniquePointer@core@3@A@@YAXXZ 1002fc7b f    CIL library: CIL module
 0001:0002ec85       ??__F?s_id@?$TObjectUniqueID@URVisualizerScene@stdlib@lib3d@modules@UModSys@@@tl@UModSys@@2USUniquePointer@core@3@A@@YAXXZ 1002fc85 f    CIL library: CIL module
 0001:0002ec8f       ??__F?s_id@?$TObjectUniqueID@URRenderer@stdlib@lib3d@modules@UModSys@@@tl@UModSys@@2USUniquePointer@core@3@A@@YAXXZ 1002fc8f f    CIL library: CIL module
 0001:0002ec99       ??__Fs_dbg@stdlib@lib2d@modules@UModSys@@YAXXZ 1002fc99 f    CIL library: CIL module
 0001:0002ecb0       ??__F?s_modreg@RModuleReg@stdlib@lib2d@modules@UModSys@@2U12345@A@@YAXXZ 1002fcb0 f    CIL library: CIL module
 0001:0002ecbb       ??__F?s_modreg_chain@RModuleReg@stdlib@lib2d@modules@UModSys@@2USModuleRegChain@base@5@A@@YAXXZ 1002fcbb f    CIL library: CIL module
 0001:0002ecc5       ??__F?s_uid@RGenerator@stdlib@lib2d@modules@UModSys@@2USUniquePointer@core@5@A@@YAXXZ 1002fcc5 f    CIL library: CIL module
 0001:0002eccf       ??__Fh@?1??s_holder@RGenerator@stdlib@lib2d@modules@UModSys@@SAAAU?$TTypeStaticHolder@URGenerator@stdlib@lib2d@modules@UModSys@@@tl@5@XZ@YAXXZ 1002fccf f    CIL library: CIL module
 0001:0002ecec       ??__F?s_id@?$TObjectUniqueID@URGenerator@stdlib@lib2d@modules@UModSys@@@tl@UModSys@@2USUniquePointer@core@3@A@@YAXXZ 1002fcec f    CIL library: CIL module
 0001:0002ecf6       ??__F?s_id@?$TObjectUniqueID@URMultiImage@stdlib@lib2d@modules@UModSys@@@tl@UModSys@@2USUniquePointer@core@3@A@@YAXXZ 1002fcf6 f    CIL library: CIL module
 0001:0002ed00       ??__F?s_id@?$TObjectUniqueID@URImageFactory_Memory@stdlib@lib2d@modules@UModSys@@@tl@UModSys@@2USUniquePointer@core@3@A@@YAXXZ 1002fd00 f    CIL library: CIL module
 0001:0002ed0a       ??__F?s_id@?$TObjectUniqueID@URImage_Memory@stdlib@lib2d@modules@UModSys@@@tl@UModSys@@2USUniquePointer@core@3@A@@YAXXZ 1002fd0a f    CIL library: CIL module
 0001:0002ed14       ??__Fs_dbg@SDL_GL@ui@modules@UModSys@@YAXXZ 1002fd14 f    CIL library: CIL module
 0001:0002ed2b       ??__F?s_modreg@RModuleReg@SDL_GL@ui@modules@UModSys@@2U12345@A@@YAXXZ 1002fd2b f    CIL library: CIL module
 0001:0002ed36       ??__F?s_modreg_chain@RModuleReg@SDL_GL@ui@modules@UModSys@@2USModuleRegChain@base@5@A@@YAXXZ 1002fd36 f    CIL library: CIL module
 0001:0002ed40       ??__F?s_uid@RGenerator@SDL_GL@ui@modules@UModSys@@2USUniquePointer@core@5@A@@YAXXZ 1002fd40 f    CIL library: CIL module
 0001:0002ed4a       ??__Fh@?1??s_holder@RGenerator@SDL_GL@ui@modules@UModSys@@SAAAU?$TTypeStaticHolder@URGenerator@SDL_GL@ui@modules@UModSys@@@tl@5@XZ@YAXXZ 1002fd4a f    CIL library: CIL module
 0001:0002ed67       ??__F?s_id@?$TObjectUniqueID@URGenerator@SDL_GL@ui@modules@UModSys@@@tl@UModSys@@2USUniquePointer@core@3@A@@YAXXZ 1002fd67 f    CIL library: CIL module
 0001:0002ed71       ??__F?s_id@?$TObjectUniqueID@URVertexArray@SDL_GL@ui@modules@UModSys@@@tl@UModSys@@2USUniquePointer@core@3@A@@YAXXZ 1002fd71 f    CIL library: CIL module
 0001:0002ed7b       ??__F?s_id@?$TObjectUniqueID@URTerminalX@SDL_GL@ui@modules@UModSys@@@tl@UModSys@@2USUniquePointer@core@3@A@@YAXXZ 1002fd7b f    CIL library: CIL module
 0001:0002ed85       ??__F?s_id@?$TObjectUniqueID@URRenderDriver3D@SDL_GL@ui@modules@UModSys@@@tl@UModSys@@2USUniquePointer@core@3@A@@YAXXZ 1002fd85 f    CIL library: CIL module
 0001:0002ed8f       ??__F?s_id@?$TObjectUniqueID@URMultiImage2D_SDL_ttf@SDL_GL@ui@modules@UModSys@@@tl@UModSys@@2USUniquePointer@core@3@A@@YAXXZ 1002fd8f f    CIL library: CIL module
 0001:0002ed99       ??__F?s_id@?$TObjectUniqueID@URTerminal@SDL_GL@ui@modules@UModSys@@@tl@UModSys@@2USUniquePointer@core@3@A@@YAXXZ 1002fd99 f    CIL library: CIL module
 0001:0002eda3       ??__F?s_id@?$TObjectUniqueID@URMouseController@SDL_GL@ui@modules@UModSys@@@tl@UModSys@@2USUniquePointer@core@3@A@@YAXXZ 1002fda3 f    CIL library: CIL module
 0001:0002edad       ??__F?s_id@?$TObjectUniqueID@URKeyboardController@SDL_GL@ui@modules@UModSys@@@tl@UModSys@@2USUniquePointer@core@3@A@@YAXXZ 1002fdad f    CIL library: CIL module
 0001:0002edb7       ??__Fs_dbg@SDL_core@ui@modules@UModSys@@YAXXZ 1002fdb7 f    CIL library: CIL module
 0001:0002edce       ??__F?s_modreg@RModuleReg@SDL_core@ui@modules@UModSys@@2U12345@A@@YAXXZ 1002fdce f    CIL library: CIL module
 0001:0002edd9       ??__F?s_modreg_chain@RModuleReg@SDL_core@ui@modules@UModSys@@2USModuleRegChain@base@5@A@@YAXXZ 1002fdd9 f    CIL library: CIL module
 0001:0002ede3       ??__F?s_uid@RGenerator@SDL_core@ui@modules@UModSys@@2USUniquePointer@core@5@A@@YAXXZ 1002fde3 f    CIL library: CIL module
 0001:0002eded       ??__Fh@?1??s_holder@RGenerator@SDL_core@ui@modules@UModSys@@SAAAU?$TTypeStaticHolder@URGenerator@SDL_core@ui@modules@UModSys@@@tl@5@XZ@YAXXZ 1002fded f    CIL library: CIL module
 0001:0002ee0a       ??__F?s_id@?$TObjectUniqueID@URGenerator@SDL_core@ui@modules@UModSys@@@tl@UModSys@@2USUniquePointer@core@3@A@@YAXXZ 1002fe0a f    CIL library: CIL module
 0001:0002ee14       ??__F?s_id@?$TObjectUniqueID@URTerminalX@SDL_core@ui@modules@UModSys@@@tl@UModSys@@2USUniquePointer@core@3@A@@YAXXZ 1002fe14 f    CIL library: CIL module
 0001:0002ee1e       ??__F?s_id@?$TObjectUniqueID@URRenderDriver2D@SDL_core@ui@modules@UModSys@@@tl@UModSys@@2USUniquePointer@core@3@A@@YAXXZ 1002fe1e f    CIL library: CIL module
 0001:0002ee28       ??__F?s_id@?$TObjectUniqueID@URMultiImage2D_SDL_ttf@SDL_core@ui@modules@UModSys@@@tl@UModSys@@2USUniquePointer@core@3@A@@YAXXZ 1002fe28 f    CIL library: CIL module
 0001:0002ee32       ??__F?s_id@?$TObjectUniqueID@URTerminal@SDL_core@ui@modules@UModSys@@@tl@UModSys@@2USUniquePointer@core@3@A@@YAXXZ 1002fe32 f    CIL library: CIL module
 0001:0002ee3c       ??__F?s_id@?$TObjectUniqueID@URMouseController@SDL_core@ui@modules@UModSys@@@tl@UModSys@@2USUniquePointer@core@3@A@@YAXXZ 1002fe3c f    CIL library: CIL module
 0001:0002ee46       ??__F?s_id@?$TObjectUniqueID@URKeyboardController@SDL_core@ui@modules@UModSys@@@tl@UModSys@@2USUniquePointer@core@3@A@@YAXXZ 1002fe46 f    CIL library: CIL module
 0001:0002ee50       ??__Fs_dbg@frames@ui@modules@UModSys@@YAXXZ 1002fe50 f    CIL library: CIL module
 0001:0002ee67       ??__F?s_modreg@RModuleReg@frames@ui@modules@UModSys@@2U12345@A@@YAXXZ 1002fe67 f    CIL library: CIL module
 0001:0002ee72       ??__F?s_modreg_chain@RModuleReg@frames@ui@modules@UModSys@@2USModuleRegChain@base@5@A@@YAXXZ 1002fe72 f    CIL library: CIL module
 0001:0002ee7c       ??__F?s_uid@RGenerator@frames@ui@modules@UModSys@@2USUniquePointer@core@5@A@@YAXXZ 1002fe7c f    CIL library: CIL module
 0001:0002ee86       ??__Fh@?1??s_holder@RGenerator@frames@ui@modules@UModSys@@SAAAU?$TTypeStaticHolder@URGenerator@frames@ui@modules@UModSys@@@tl@5@XZ@YAXXZ 1002fe86 f    CIL library: CIL module
 0001:0002eea3       ??__F?s_id@?$TObjectUniqueID@URGenerator@frames@ui@modules@UModSys@@@tl@UModSys@@2USUniquePointer@core@3@A@@YAXXZ 1002fea3 f    CIL library: CIL module
 0001:0002eead       ??__F?s_id@?$TObjectUniqueID@URCollector@frames@ui@modules@UModSys@@@tl@UModSys@@2USUniquePointer@core@3@A@@YAXXZ 1002fead f    CIL library: CIL module
 0001:0002eeb7       ??__F?s_id@?$TObjectUniqueID@URFrame_List@frames@ui@modules@UModSys@@@tl@UModSys@@2USUniquePointer@core@3@A@@YAXXZ 1002feb7 f    CIL library: CIL module
 0001:0002eec1       ??__F?s_id@?$TObjectUniqueID@URFrame_Edit@frames@ui@modules@UModSys@@@tl@UModSys@@2USUniquePointer@core@3@A@@YAXXZ 1002fec1 f    CIL library: CIL module
 0001:0002eecb       ??__F?s_id@?$TObjectUniqueID@URFrame_Button@frames@ui@modules@UModSys@@@tl@UModSys@@2USUniquePointer@core@3@A@@YAXXZ 1002fecb f    CIL library: CIL module
 0001:0002eed5       ??__F?s_id@?$TObjectUniqueID@URFrame_Text@frames@ui@modules@UModSys@@@tl@UModSys@@2USUniquePointer@core@3@A@@YAXXZ 1002fed5 f    CIL library: CIL module
 0001:0002eedf       ??__F?s_id@?$TObjectUniqueID@URFrame_Image@frames@ui@modules@UModSys@@@tl@UModSys@@2USUniquePointer@core@3@A@@YAXXZ 1002fedf f    CIL library: CIL module
 0001:0002eee9       ??__F?s_id@?$TObjectUniqueID@URFrame_Frame@frames@ui@modules@UModSys@@@tl@UModSys@@2USUniquePointer@core@3@A@@YAXXZ 1002fee9 f    CIL library: CIL module
 0001:0002eef3       ??__F?s_id@?$TObjectUniqueID@URDialog@frames@ui@modules@UModSys@@@tl@UModSys@@2USUniquePointer@core@3@A@@YAXXZ 1002fef3 f    CIL library: CIL module
 0001:0002eefd       ??__F?s_id@?$TObjectUniqueID@URFrame_Common@frames@ui@modules@UModSys@@@tl@UModSys@@2USUniquePointer@core@3@A@@YAXXZ 1002fefd f    CIL library: CIL module
 0001:0002ef07       ??__Fs_dbg@images_std@media@modules@UModSys@@YAXXZ 1002ff07 f    CIL library: CIL module
 0001:0002ef1e       ??__F?s_modreg@RModuleReg@images_std@media@modules@UModSys@@2U12345@A@@YAXXZ 1002ff1e f    CIL library: CIL module
 0001:0002ef29       ??__F?s_modreg_chain@RModuleReg@images_std@media@modules@UModSys@@2USModuleRegChain@base@5@A@@YAXXZ 1002ff29 f    CIL library: CIL module
 0001:0002ef33       ??__F?s_uid@RGenerator@images_std@media@modules@UModSys@@2USUniquePointer@core@5@A@@YAXXZ 1002ff33 f    CIL library: CIL module
 0001:0002ef3d       ??__Fh@?1??s_holder@RGenerator@images_std@media@modules@UModSys@@SAAAU?$TTypeStaticHolder@URGenerator@images_std@media@modules@UModSys@@@tl@5@XZ@YAXXZ 1002ff3d f    CIL library: CIL module
 0001:0002ef5a       ??__F?s_id@?$TObjectUniqueID@URGenerator@images_std@media@modules@UModSys@@@tl@UModSys@@2USUniquePointer@core@3@A@@YAXXZ 1002ff5a f    CIL library: CIL module
 0001:0002ef64       ??__F?s_id@?$TObjectUniqueID@URMediaFilter@images_std@media@modules@UModSys@@@tl@UModSys@@2USUniquePointer@core@3@A@@YAXXZ 1002ff64 f    CIL library: CIL module
 0001:0002ef6e       ??__Fs_dbg@serialize_json@media@modules@UModSys@@YAXXZ 1002ff6e f    CIL library: CIL module
 0001:0002ef85       ??__F?s_modreg@RModuleReg@serialize_json@media@modules@UModSys@@2U12345@A@@YAXXZ 1002ff85 f    CIL library: CIL module
 0001:0002ef90       ??__F?s_modreg_chain@RModuleReg@serialize_json@media@modules@UModSys@@2USModuleRegChain@base@5@A@@YAXXZ 1002ff90 f    CIL library: CIL module
 0001:0002ef9a       ??__F?s_uid@RGenerator@serialize_json@media@modules@UModSys@@2USUniquePointer@core@5@A@@YAXXZ 1002ff9a f    CIL library: CIL module
 0001:0002efa4       ??__Fh@?1??s_holder@RGenerator@serialize_json@media@modules@UModSys@@SAAAU?$TTypeStaticHolder@URGenerator@serialize_json@media@modules@UModSys@@@tl@5@XZ@YAXXZ 1002ffa4 f    CIL library: CIL module
 0001:0002efc1       ??__F?s_id@?$TObjectUniqueID@URGenerator@serialize_json@media@modules@UModSys@@@tl@UModSys@@2USUniquePointer@core@3@A@@YAXXZ 1002ffc1 f    CIL library: CIL module
 0001:0002efcb       ??__F?s_id@?$TObjectUniqueID@URSerializeWriter@serialize_json@media@modules@UModSys@@@tl@UModSys@@2USUniquePointer@core@3@A@@YAXXZ 1002ffcb f    CIL library: CIL module
 0001:0002efd5       ??__F?s_id@?$TObjectUniqueID@URSerializeReader@serialize_json@media@modules@UModSys@@@tl@UModSys@@2USUniquePointer@core@3@A@@YAXXZ 1002ffd5 f    CIL library: CIL module
 0001:0002efdf       ??__Fs_dbg@zlib@media@modules@UModSys@@YAXXZ 1002ffdf f    CIL library: CIL module
 0001:0002eff6       ??__F?s_modreg@RModuleReg@zlib@media@modules@UModSys@@2U12345@A@@YAXXZ 1002fff6 f    CIL library: CIL module
 0001:0002f001       ??__F?s_modreg_chain@RModuleReg@zlib@media@modules@UModSys@@2USModuleRegChain@base@5@A@@YAXXZ 10030001 f    CIL library: CIL module
 0001:0002f00b       ??__F?s_uid@RGenerator@zlib@media@modules@UModSys@@2USUniquePointer@core@5@A@@YAXXZ 1003000b f    CIL library: CIL module
 0001:0002f015       ??__Fh@?1??s_holder@RGenerator@zlib@media@modules@UModSys@@SAAAU?$TTypeStaticHolder@URGenerator@zlib@media@modules@UModSys@@@tl@5@XZ@YAXXZ 10030015 f    CIL library: CIL module
 0001:0002f032       ??__F?s_id@?$TObjectUniqueID@URGenerator@zlib@media@modules@UModSys@@@tl@UModSys@@2USUniquePointer@core@3@A@@YAXXZ 10030032 f    CIL library: CIL module
 0001:0002f03c       ??__F?s_id@?$TObjectUniqueID@URBinArchiveFrameClient_ZIP@zlib@media@modules@UModSys@@@tl@UModSys@@2USUniquePointer@core@3@A@@YAXXZ 1003003c f    CIL library: CIL module
 0001:0002f046       ??__FM@UModSys@@YAXXZ      10030046 f    CIL library: CIL module
 0001:0002f047       ??__F?root@SModuleRegChain@base@UModSys@@2U123@A@@YAXXZ 10030047 f    CIL library: CIL module
 0001:0002f051       ??__F?s_library@RModuleLibraryReg_Chain@base@UModSys@@2U123@A@@YAXXZ 10030051 f    CIL library: CIL module
 0001:0002f05c       ??__F?root@SUniquePointer@core@UModSys@@2U123@A@@YAXXZ 1003005c f    CIL library: CIL module

 Exports

  ordinal    name

        1    _UModSys_Plugin_Entry2@0
