 plugin_test2

 Timestamp is 526e649c (Mon Oct 28 16:20:28 2013)

 Preferred load address is 10000000

 Start         Length     Name                   Class
 0001:00000000 00000cd4H .text                   CODE
 0001:00000cd4 000001d7H .text$yc                CODE
 0001:00000eab 00000099H .text$yd                CODE
 0002:00000000 00000094H .idata$5                DATA
 0002:00000094 00000004H .CRT$XCA                DATA
 0002:00000098 00000090H .CRT$XCU                DATA
 0002:00000128 00000004H .CRT$XCZ                DATA
 0002:0000012c 00000004H .CRT$XIA                DATA
 0002:00000130 00000004H .CRT$XIAA               DATA
 0002:00000134 00000004H .CRT$XIZ                DATA
 0002:00000138 00000250H .rdata                  DATA
 0002:00000388 00000170H .rdata$r                DATA
 0002:00000500 00000004H .rdata$sxdata           DATA
 0002:00000504 00000004H .rtc$IAA                DATA
 0002:00000508 00000004H .rtc$IZZ                DATA
 0002:0000050c 00000004H .rtc$TAA                DATA
 0002:00000510 00000004H .rtc$TZZ                DATA
 0002:00000518 000000a4H .xdata$x                DATA
 0002:000005bc 00000028H .idata$2                DATA
 0002:000005e4 00000014H .idata$3                DATA
 0002:000005f8 00000094H .idata$4                DATA
 0002:0000068c 000002d0H .idata$6                DATA
 0002:00000960 0000005cH .edata                  DATA
 0003:00000000 00000117H .data                   DATA
 0003:00000118 0000049cH .bss                    DATA

  Address         Publics by Value              Rva+Base       Lib:Object

 0000:00000001       ___safe_se_handler_count   00000001     <absolute>
 0000:00000000       ___ImageBase               10000000     <linker-defined>
 0001:00000000       ?do_open@RTest2_ModuleReg@test2@UModSys@@UAE_NXZ 10001000 f i plugin_test2.obj
 0001:00000018       ?do_close@RTest2_ModuleReg@test2@UModSys@@UAE_NXZ 10001018 f i plugin_test2.obj
 0001:00000030       ??_GIModuleReg@base@UModSys@@UAEPAXI@Z 10001030 f i umodsys_lib_base:umodsys.base.modulereg.obj
 0001:00000030       ??_GRTest2_ModuleReg@test2@UModSys@@UAEPAXI@Z 10001030 f i plugin_test2.obj
 0001:00000030       ??_ERTest2_ModuleReg@test2@UModSys@@UAEPAXI@Z 10001030 f i  CIL library: CIL module
 0001:00000030       ??_EIModuleReg@base@UModSys@@UAEPAXI@Z 10001030 f i  CIL library: CIL module
 0001:0000004d       ?Link@SModuleContext@base@UModSys@@QAEXPAUISystem@23@PAUIMemAlloc@core@3@@Z 1000104d f   umodsys_lib_base:umodsys.base.modulecontext.obj
 0001:00000099       ?set@?$TString@U?$TSCoreConst@D@su@tl@UModSys@@U?$TComparerBinaryHash@D@234@@tl@UModSys@@QAEXPBD@Z 10001099 f i umodsys_lib_base:umodsys.base.moduleinfo.obj
 0001:000000db       ?s_get@SModuleRegChain@base@UModSys@@SAPAUIModuleReg@23@I@Z 100010db f   umodsys_lib_base:umodsys.base.moduleregchain.obj
 0001:000000ff       ?mlr_count@RModuleLibraryReg_Chain@base@UModSys@@UBEIXZ 100010ff f   umodsys_lib_base:umodsys.base.moduleregchain.obj
 0001:00000112       ?mlr_get@RModuleLibraryReg_Chain@base@UModSys@@UBEPAUIModuleReg@23@I@Z 10001112 f   umodsys_lib_base:umodsys.base.moduleregchain.obj
 0001:0000011f       ?mlr_open@RModuleLibraryReg_Chain@base@UModSys@@UAE_NPAUISystem@23@PAUIMemAlloc@core@3@@Z 1000111f f   umodsys_lib_base:umodsys.base.moduleregchain.obj
 0001:0000017c       ?mlr_close@RModuleLibraryReg_Chain@base@UModSys@@UAE_NXZ 1000117c f   umodsys_lib_base:umodsys.base.moduleregchain.obj
 0001:000001d9       ?mlr_isopen@RModuleLibraryReg_Chain@base@UModSys@@UBE_NXZ 100011d9 f   umodsys_lib_base:umodsys.base.moduleregchain.obj
 0001:000001e5       _UModSys_Plugin_Entry2@0   100011e5 f   umodsys_lib_base:umodsys.so_main.win32.obj
 0001:000001eb       ??0IModuleReg@base@UModSys@@QAE@PBDHH0@Z 100011eb f   umodsys_lib_base:umodsys.base.modulereg.obj
 0001:00000260       ?mr_isopen@IModuleReg@base@UModSys@@UBE_NXZ 10001260 f   umodsys_lib_base:umodsys.base.modulereg.obj
 0001:00000269       ?mr_open@IModuleReg@base@UModSys@@UAE_NXZ 10001269 f   umodsys_lib_base:umodsys.base.modulereg.obj
 0001:00000284       ?mr_close@IModuleReg@base@UModSys@@UAE_NXZ 10001284 f   umodsys_lib_base:umodsys.base.modulereg.obj
 0001:00000291       ??_GIModuleLibraryReg@base@UModSys@@UAEPAXI@Z 10001291 f i umodsys_lib_base:umodsys.base.modulereg.obj
 0001:00000291       ??_ERModuleLibraryReg_Chain@base@UModSys@@UAEPAXI@Z 10001291 f i  CIL library: CIL module
 0001:00000291       ??_EIModuleLibraryReg@base@UModSys@@UAEPAXI@Z 10001291 f i  CIL library: CIL module
 0001:00000291       ??_GRModuleLibraryReg_Chain@base@UModSys@@UAEPAXI@Z 10001291 f i umodsys_lib_base:umodsys.base.moduleregchain.obj
 0001:000002ae       ??0SUniquePointer@core@UModSys@@QAE@PBD0H@Z 100012ae f   umodsys_lib_core:umodsys.core.uniqueptr.obj
 0001:000002f1       ??1SModuleRegChain@base@UModSys@@QAE@XZ 100012f1 f   umodsys_lib_base:umodsys.base.moduleregchain.obj
 0001:000002f1       ??1SUniquePointer@core@UModSys@@QAE@XZ 100012f1 f   umodsys_lib_core:umodsys.core.uniqueptr.obj
 0001:0000030f       __onexit                   1000130f f   MSVCRT:atonexit.obj
 0001:000003b4       _atexit                    100013b4 f   MSVCRT:atonexit.obj
 0001:000003cc       ??3@YAXPAX@Z               100013cc f   MSVCRT:MSVCR90.dll
 0001:000003d2       ??_Etype_info@@UAEPAXI@Z   100013d2 f i MSVCRT:ti_inst.obj
 0001:0000046d       __CRT_INIT@12              1000146d f   MSVCRT:crtdll.obj
 0001:000007a9       __DllMainCRTStartup@12     100017a9 f   MSVCRT:crtdll.obj
 0001:000007cc       __purecall                 100017cc f   MSVCRT:MSVCR90.dll
 0001:000007d2       __unlock                   100017d2 f   MSVCRT:MSVCR90.dll
 0001:000007d8       ___dllonexit               100017d8 f   MSVCRT:MSVCR90.dll
 0001:000007de       __lock                     100017de f   MSVCRT:MSVCR90.dll
 0001:000007e4       __SEH_prolog4              100017e4 f   MSVCRT:sehprolg4.obj
 0001:00000829       __SEH_epilog4              10001829 f   MSVCRT:sehprolg4.obj
 0001:0000083d       __except_handler4          1000183d f   MSVCRT:chandler4gs.obj
 0001:00000862       ?__ArrayUnwind@@YGXPAXIHP6EX0@Z@Z 10001862 f   MSVCRT:ehvecdtr.obj
 0001:000008c0       ??_M@YGXPAXIHP6EX0@Z@Z     100018c0 f   MSVCRT:ehvecdtr.obj
 0001:00000923       ___clean_type_info_names   10001923 f   MSVCRT:tncleanup.obj
 0001:0000092f       __RTC_Initialize           1000192f f   MSVCRT:_initsect_.obj
 0001:00000955       __RTC_Terminate            10001955 f   MSVCRT:_initsect_.obj
 0001:00000980       __ValidateImageBase        10001980 f   MSVCRT:pesect.obj
 0001:000009c0       __FindPESection            100019c0 f   MSVCRT:pesect.obj
 0001:00000a10       __IsNonwritableInCurrentImage 10001a10 f   MSVCRT:pesect.obj
 0001:00000ace       __initterm                 10001ace f   MSVCRT:MSVCR90.dll
 0001:00000ad4       __initterm_e               10001ad4 f   MSVCRT:MSVCR90.dll
 0001:00000ada       __amsg_exit                10001ada f   MSVCRT:MSVCR90.dll
 0001:00000ae0       ___CppXcptFilter           10001ae0 f   MSVCRT:MSVCR90.dll
 0001:00000ae6       _DllMain@12                10001ae6 f   MSVCRT:dllmain.obj
 0001:00000b0a       ___security_init_cookie    10001b0a f   MSVCRT:gs_support.obj
 0001:00000ba0       @__security_check_cookie@4 10001ba0 f   MSVCRT:secchk.obj
 0001:00000bb0       __except_handler4_common   10001bb0 f   MSVCRT:MSVCR90.dll
 0001:00000bb6       ?terminate@@YAXXZ          10001bb6 f   MSVCRT:MSVCR90.dll
 0001:00000bbc       ??1type_info@@UAE@XZ       10001bbc f   MSVCRT:MSVCR90.dll
 0001:00000bbc       ?_type_info_dtor_internal_method@type_info@@QAEXXZ 10001bbc f   MSVCRT:MSVCR90.dll
 0001:00000bc2       ___clean_type_info_names_internal 10001bc2 f   MSVCRT:MSVCR90.dll
 0001:00000bc8       ___report_gsfailure        10001bc8 f   MSVCRT:gs_report.obj
 0001:00000cce       __crt_debugger_hook        10001cce f   MSVCRT:MSVCR90.dll
 0002:00000000       __imp__SetUnhandledExceptionFilter@4 10002000     kernel32:KERNEL32.dll
 0002:00000004       __imp__UnhandledExceptionFilter@4 10002004     kernel32:KERNEL32.dll
 0002:00000008       __imp__GetCurrentProcess@0 10002008     kernel32:KERNEL32.dll
 0002:0000000c       __imp__TerminateProcess@8  1000200c     kernel32:KERNEL32.dll
 0002:00000010       __imp__GetSystemTimeAsFileTime@4 10002010     kernel32:KERNEL32.dll
 0002:00000014       __imp__GetCurrentProcessId@0 10002014     kernel32:KERNEL32.dll
 0002:00000018       __imp__GetCurrentThreadId@0 10002018     kernel32:KERNEL32.dll
 0002:0000001c       __imp__GetTickCount@0      1000201c     kernel32:KERNEL32.dll
 0002:00000020       __imp__QueryPerformanceCounter@4 10002020     kernel32:KERNEL32.dll
 0002:00000024       __imp__DisableThreadLibraryCalls@4 10002024     kernel32:KERNEL32.dll
 0002:00000028       __imp__InterlockedCompareExchange@12 10002028     kernel32:KERNEL32.dll
 0002:0000002c       __imp__Sleep@4             1000202c     kernel32:KERNEL32.dll
 0002:00000030       __imp__InterlockedExchange@8 10002030     kernel32:KERNEL32.dll
 0002:00000034       __imp__IsDebuggerPresent@0 10002034     kernel32:KERNEL32.dll
 0002:00000038       \177KERNEL32_NULL_THUNK_DATA 10002038     kernel32:KERNEL32.dll
 0002:0000003c       __imp____CppXcptFilter     1000203c     MSVCRT:MSVCR90.dll
 0002:00000040       __imp___except_handler4_common 10002040     MSVCRT:MSVCR90.dll
 0002:00000044       __imp___adjust_fdiv        10002044     MSVCRT:MSVCR90.dll
 0002:00000048       __imp_?_type_info_dtor_internal_method@type_info@@QAEXXZ 10002048     MSVCRT:MSVCR90.dll
 0002:0000004c       __imp____clean_type_info_names_internal 1000204c     MSVCRT:MSVCR90.dll
 0002:00000050       __imp___crt_debugger_hook  10002050     MSVCRT:MSVCR90.dll
 0002:00000054       __imp___amsg_exit          10002054     MSVCRT:MSVCR90.dll
 0002:00000058       __imp___initterm_e         10002058     MSVCRT:MSVCR90.dll
 0002:0000005c       __imp___initterm           1000205c     MSVCRT:MSVCR90.dll
 0002:00000060       __imp___encoded_null       10002060     MSVCRT:MSVCR90.dll
 0002:00000064       __imp__free                10002064     MSVCRT:MSVCR90.dll
 0002:00000068       __imp___malloc_crt         10002068     MSVCRT:MSVCR90.dll
 0002:0000006c       __imp___decode_pointer     1000206c     MSVCRT:MSVCR90.dll
 0002:00000070       __imp___onexit             10002070     MSVCRT:MSVCR90.dll
 0002:00000074       __imp___lock               10002074     MSVCRT:MSVCR90.dll
 0002:00000078       __imp___encode_pointer     10002078     MSVCRT:MSVCR90.dll
 0002:0000007c       __imp____dllonexit         1000207c     MSVCRT:MSVCR90.dll
 0002:00000080       __imp___unlock             10002080     MSVCRT:MSVCR90.dll
 0002:00000084       __imp___purecall           10002084     MSVCRT:MSVCR90.dll
 0002:00000088       __imp_?terminate@@YAXXZ    10002088     MSVCRT:MSVCR90.dll
 0002:0000008c       __imp_??3@YAXPAX@Z         1000208c     MSVCRT:MSVCR90.dll
 0002:00000090       \177MSVCR90_NULL_THUNK_DATA 10002090     MSVCRT:MSVCR90.dll
 0002:00000094       ___xc_a                    10002094     MSVCRT:cinitexe.obj
 0002:00000128       ___xc_z                    10002128     MSVCRT:cinitexe.obj
 0002:0000012c       ___xi_a                    1000212c     MSVCRT:cinitexe.obj
 0002:00000134       ___xi_z                    10002134     MSVCRT:cinitexe.obj
 0002:0000013c       ??_7type_info@@6B@         1000213c     MSVCRT:ti_inst.obj
 0002:00000140       __pRawDllMain              10002140     MSVCRT:crtdll.obj
 0002:00000140       __pDefaultRawDllMain       10002140     MSVCRT:crtdll.obj
 0002:0000014c       ??_C@_0P@GHFPNOJB@bad?5allocation?$AA@ 1000214c     plugin_test2.obj
 0002:0000015c       ??_C@_0BF@OCNNAADO@UModSys?3?3core?3?3IRoot?$AA@ 1000215c     plugin_test2.obj
 0002:00000174       ??_C@_0BK@EMIJFOPA@UModSys?3?3core?3?3IRefObject?$AA@ 10002174     plugin_test2.obj
 0002:00000190       ??_C@_0BL@IOMMHELF@UModSys?3?3core?3?3IParameters?$AA@ 10002190     plugin_test2.obj
 0002:000001ac       ??_C@_0BI@IKAOEFAP@UModSys?3?3base?3?3IConsole?$AA@ 100021ac     plugin_test2.obj
 0002:000001c4       ??_C@_0BH@LKDEEPPM@UModSys?3?3base?3?3IModule?$AA@ 100021c4     plugin_test2.obj
 0002:000001dc       ??_C@_0BO@PHJOHFCB@UModSys?3?3base?3?3IModuleLibrary?$AA@ 100021dc     plugin_test2.obj
 0002:000001fc       ??_C@_0BH@PFCONEJJ@UModSys?3?3base?3?3ISystem?$AA@ 100021fc     plugin_test2.obj
 0002:00000214       ??_C@_0BK@FDPIOPHG@UModSys?3?3base?3?3IModObject?$AA@ 10002214     plugin_test2.obj
 0002:00000230       ??_C@_0BK@OIBKNCKJ@UModSys?3?3base?3?3IGenerator?$AA@ 10002230     plugin_test2.obj
 0002:0000024c       ??_C@_0BG@PJBGCMEC@UModSys?3?3base?3?3IShell?$AA@ 1000224c     plugin_test2.obj
 0002:00000262       ??_C@_00CNPNBAHC@?$AA@     10002262     plugin_test2.obj
 0002:00000264       ??_C@_0N@HFAGMDLL@tests?3?3test2?$AA@ 10002264     plugin_test2.obj
 0002:00000274       ??_C@_0BA@EFKDNKNF@Test?52?5?9?5module?$AA@ 10002274     plugin_test2.obj
 0002:00000284       ??_C@_05EPPCHHAP@Test2?$AA@ 10002284     plugin_test2.obj
 0002:0000028c       ??_C@_0BK@MDJCNGKO@RTest2_ModuleReg?3?3open?$CI?$CJ?6?$AA@ 1000228c     plugin_test2.obj
 0002:000002a8       ??_C@_0BL@DPIOGOOM@RTest2_ModuleReg?3?3close?$CI?$CJ?6?$AA@ 100022a8     plugin_test2.obj
 0002:000002c4       ??_C@_08FCBDOIAH@typeinfo?$AA@ 100022c4     plugin_test2.obj
 0002:000002d4       ??_7RTest2_ModuleReg@test2@UModSys@@6B@ 100022d4     plugin_test2.obj
 0002:000002f0       ??_7RModuleLibraryReg_Chain@base@UModSys@@6B@ 100022f0     umodsys_lib_base:umodsys.base.moduleregchain.obj
 0002:0000030c       ??_7IModuleReg@base@UModSys@@6B@ 1000230c     umodsys_lib_base:umodsys.base.modulereg.obj
 0002:00000328       ??_7IModuleLibraryReg@base@UModSys@@6B@ 10002328     umodsys_lib_base:umodsys.base.modulereg.obj
 0002:00000340       __load_config_used         10002340     MSVCRT:loadcfg.obj
 0002:00000388       ??_R4type_info@@6B@        10002388     MSVCRT:ti_inst.obj
 0002:0000039c       ??_R3type_info@@8          1000239c     MSVCRT:ti_inst.obj
 0002:000003ac       ??_R2type_info@@8          100023ac     MSVCRT:ti_inst.obj
 0002:000003b4       ??_R1A@?0A@EA@type_info@@8 100023b4     MSVCRT:ti_inst.obj
 0002:000003d0       ??_R4RTest2_ModuleReg@test2@UModSys@@6B@ 100023d0     plugin_test2.obj
 0002:000003e4       ??_R3RTest2_ModuleReg@test2@UModSys@@8 100023e4     plugin_test2.obj
 0002:000003f4       ??_R2RTest2_ModuleReg@test2@UModSys@@8 100023f4     plugin_test2.obj
 0002:00000400       ??_R1A@?0A@EA@IModuleReg@base@UModSys@@8 10002400     plugin_test2.obj
 0002:0000041c       ??_R3IModuleReg@base@UModSys@@8 1000241c     plugin_test2.obj
 0002:0000042c       ??_R2IModuleReg@base@UModSys@@8 1000242c     plugin_test2.obj
 0002:00000434       ??_R1A@?0A@EA@RTest2_ModuleReg@test2@UModSys@@8 10002434     plugin_test2.obj
 0002:00000450       ??_R4RModuleLibraryReg_Chain@base@UModSys@@6B@ 10002450     umodsys_lib_base:umodsys.base.moduleregchain.obj
 0002:00000464       ??_R3RModuleLibraryReg_Chain@base@UModSys@@8 10002464     umodsys_lib_base:umodsys.base.moduleregchain.obj
 0002:00000474       ??_R2RModuleLibraryReg_Chain@base@UModSys@@8 10002474     umodsys_lib_base:umodsys.base.moduleregchain.obj
 0002:00000480       ??_R1A@?0A@EA@IModuleLibraryReg@base@UModSys@@8 10002480     umodsys_lib_base:umodsys.base.moduleregchain.obj
 0002:0000049c       ??_R3IModuleLibraryReg@base@UModSys@@8 1000249c     umodsys_lib_base:umodsys.base.moduleregchain.obj
 0002:000004ac       ??_R2IModuleLibraryReg@base@UModSys@@8 100024ac     umodsys_lib_base:umodsys.base.moduleregchain.obj
 0002:000004b4       ??_R1A@?0A@EA@RModuleLibraryReg_Chain@base@UModSys@@8 100024b4     umodsys_lib_base:umodsys.base.moduleregchain.obj
 0002:000004d0       ??_R4IModuleLibraryReg@base@UModSys@@6B@ 100024d0     umodsys_lib_base:umodsys.base.modulereg.obj
 0002:000004e4       ??_R4IModuleReg@base@UModSys@@6B@ 100024e4     umodsys_lib_base:umodsys.base.modulereg.obj
 0002:00000500       ___safe_se_handler_table   10002500     <linker-defined>
 0002:00000504       ___rtc_iaa                 10002504     MSVCRT:_initsect_.obj
 0002:00000508       ___rtc_izz                 10002508     MSVCRT:_initsect_.obj
 0002:0000050c       ___rtc_taa                 1000250c     MSVCRT:_initsect_.obj
 0002:00000510       ___rtc_tzz                 10002510     MSVCRT:_initsect_.obj
 0002:000005bc       __IMPORT_DESCRIPTOR_MSVCR90 100025bc     MSVCRT:MSVCR90.dll
 0002:000005d0       __IMPORT_DESCRIPTOR_KERNEL32 100025d0     kernel32:KERNEL32.dll
 0002:000005e4       __NULL_IMPORT_DESCRIPTOR   100025e4     MSVCRT:MSVCR90.dll
 0003:00000000       ??_R0?AVtype_info@@@8      10003000     MSVCRT:ti_inst.obj
 0003:00000018       ___native_dllmain_reason   10003018     MSVCRT:natstart.obj
 0003:0000001c       ___native_vcclrit_reason   1000301c     MSVCRT:natstart.obj
 0003:00000020       ___security_cookie         10003020     MSVCRT:gs_cookie.obj
 0003:00000024       ___security_cookie_complement 10003024     MSVCRT:gs_cookie.obj
 0003:00000028       ??_R0?AUIModuleReg@base@UModSys@@@8 10003028     plugin_test2.obj
 0003:00000050       ??_R0?AURTest2_ModuleReg@test2@UModSys@@@8 10003050     plugin_test2.obj
 0003:00000090       ?so_entry_enabled_flag@base@UModSys@@3HA 10003090     umodsys_lib_base:umodsys.so_main.win32.obj
 0003:000000a4       ?s_modreg_chain@RTest2_ModuleReg@test2@UModSys@@2USModuleRegChain@base@3@A 100030a4     plugin_test2.obj
 0003:000000b0       ?s_library@RModuleLibraryReg_Chain@base@UModSys@@2U123@A 100030b0     umodsys_lib_base:umodsys.base.moduleregchain.obj
 0003:000000b4       ??_R0?AUIModuleLibraryReg@base@UModSys@@@8 100030b4     umodsys_lib_base:umodsys.base.moduleregchain.obj
 0003:000000e4       ??_R0?AURModuleLibraryReg_Chain@base@UModSys@@@8 100030e4     umodsys_lib_base:umodsys.base.moduleregchain.obj
 0003:0000011c       __forceCRTManifestRTM      1000311c     MSVCRT:crtmanifestrtm.obj
 0003:00000120       ?__type_info_root_node@@3U__type_info_node@@A 10003120     MSVCRT:tncleanup.obj
 0003:0000044c       ?s_id@?$TObjectUniqueID@UIRefObject@core@UModSys@@@tl@UModSys@@2USUniquePointer@core@3@A 1000344c     plugin_test2.obj
 0003:00000464       ?s_id@?$TObjectUniqueID@UIRoot@core@UModSys@@@tl@UModSys@@2USUniquePointer@core@3@A 10003464     plugin_test2.obj
 0003:0000047c       ?s_id@?$TObjectUniqueID@UIModule@base@UModSys@@@tl@UModSys@@2USUniquePointer@core@3@A 1000347c     plugin_test2.obj
 0003:00000494       ?s_id@?$TObjectUniqueID@UIGenerator@base@UModSys@@@tl@UModSys@@2USUniquePointer@core@3@A 10003494     plugin_test2.obj
 0003:000004ac       ?s_id@?$TObjectUniqueID@UIModuleLibrary@base@UModSys@@@tl@UModSys@@2USUniquePointer@core@3@A 100034ac     plugin_test2.obj
 0003:000004c4       ?s_modreg@RTest2_ModuleReg@test2@UModSys@@2U123@A 100034c4     plugin_test2.obj
 0003:000004ec       ?M@UModSys@@3USModuleContext@base@1@A 100034ec     umodsys_lib_base:umodsys.base.modulecontext.obj
 0003:00000500       ?root@SModuleRegChain@base@UModSys@@2U123@A 10003500     umodsys_lib_base:umodsys.base.moduleregchain.obj
 0003:0000050c       ?root@SUniquePointer@core@UModSys@@2U123@A 1000350c     umodsys_lib_core:umodsys.core.uniqueptr.obj
 0003:00000524       ?s_id@?$TObjectUniqueID@UIParameters@core@UModSys@@@tl@UModSys@@2USUniquePointer@core@3@A 10003524     plugin_test2.obj
 0003:0000053c       ?s_id@?$TObjectUniqueID@UISystem@base@UModSys@@@tl@UModSys@@2USUniquePointer@core@3@A 1000353c     plugin_test2.obj
 0003:00000554       ?s_id@?$TObjectUniqueID@UIModObject@base@UModSys@@@tl@UModSys@@2USUniquePointer@core@3@A 10003554     plugin_test2.obj
 0003:0000056c       ?s_id@?$TObjectUniqueID@UIShell@base@UModSys@@@tl@UModSys@@2USUniquePointer@core@3@A 1000356c     plugin_test2.obj
 0003:00000584       ?s_id@?$TObjectUniqueID@UIConsole@base@UModSys@@@tl@UModSys@@2USUniquePointer@core@3@A 10003584     plugin_test2.obj
 0003:0000059c       __adjust_fdiv              1000359c     <common>
 0003:000005a0       ___native_startup_state    100035a0     <common>
 0003:000005a4       ___native_startup_lock     100035a4     <common>
 0003:000005a8       ___dyn_tls_init_callback   100035a8     <common>
 0003:000005ac       ___onexitend               100035ac     <common>
 0003:000005b0       ___onexitbegin             100035b0     <common>

 entry point at        0001:000007a9

 Static symbols

 0001:0000041e       _pre_c_init                1000141e f   MSVCRT:crtdll.obj
 0001:00000693       ___DllMainCRTStartup       10001693 f   MSVCRT:crtdll.obj
 0001:00000cd4       ??__E?s_modreg@RTest2_ModuleReg@test2@UModSys@@2U123@A@@YAXXZ 10001cd4 f    CIL library: CIL module
 0001:00000d27       ??__E?s_modreg_chain@RTest2_ModuleReg@test2@UModSys@@2USModuleRegChain@base@3@A@@YAXXZ 10001d27 f    CIL library: CIL module
 0001:00000d59       ??__E?s_id@?$TObjectUniqueID@UIRoot@core@UModSys@@@tl@UModSys@@2USUniquePointer@core@3@A@@YAXXZ 10001d59 f    CIL library: CIL module
 0001:00000d76       ??__E?s_id@?$TObjectUniqueID@UIRefObject@core@UModSys@@@tl@UModSys@@2USUniquePointer@core@3@A@@YAXXZ 10001d76 f    CIL library: CIL module
 0001:00000d93       ??__E?s_id@?$TObjectUniqueID@UIParameters@core@UModSys@@@tl@UModSys@@2USUniquePointer@core@3@A@@YAXXZ 10001d93 f    CIL library: CIL module
 0001:00000db0       ??__E?s_id@?$TObjectUniqueID@UIConsole@base@UModSys@@@tl@UModSys@@2USUniquePointer@core@3@A@@YAXXZ 10001db0 f    CIL library: CIL module
 0001:00000dcd       ??__E?s_id@?$TObjectUniqueID@UIModule@base@UModSys@@@tl@UModSys@@2USUniquePointer@core@3@A@@YAXXZ 10001dcd f    CIL library: CIL module
 0001:00000dea       ??__E?s_id@?$TObjectUniqueID@UIModuleLibrary@base@UModSys@@@tl@UModSys@@2USUniquePointer@core@3@A@@YAXXZ 10001dea f    CIL library: CIL module
 0001:00000e07       ??__E?s_id@?$TObjectUniqueID@UISystem@base@UModSys@@@tl@UModSys@@2USUniquePointer@core@3@A@@YAXXZ 10001e07 f    CIL library: CIL module
 0001:00000e24       ??__E?s_id@?$TObjectUniqueID@UIModObject@base@UModSys@@@tl@UModSys@@2USUniquePointer@core@3@A@@YAXXZ 10001e24 f    CIL library: CIL module
 0001:00000e41       ??__E?s_id@?$TObjectUniqueID@UIGenerator@base@UModSys@@@tl@UModSys@@2USUniquePointer@core@3@A@@YAXXZ 10001e41 f    CIL library: CIL module
 0001:00000e5e       ??__E?s_id@?$TObjectUniqueID@UIShell@base@UModSys@@@tl@UModSys@@2USUniquePointer@core@3@A@@YAXXZ 10001e5e f    CIL library: CIL module
 0001:00000e7b       ??__EM@UModSys@@YAXXZ      10001e7b f    CIL library: CIL module
 0001:00000e87       ??__E?root@SModuleRegChain@base@UModSys@@2U123@A@@YAXXZ 10001e87 f    CIL library: CIL module
 0001:00000e93       ??__E?s_library@RModuleLibraryReg_Chain@base@UModSys@@2U123@A@@YAXXZ 10001e93 f    CIL library: CIL module
 0001:00000e9f       ??__E?root@SUniquePointer@core@UModSys@@2U123@A@@YAXXZ 10001e9f f    CIL library: CIL module
 0001:00000eab       ??__F?s_modreg@RTest2_ModuleReg@test2@UModSys@@2U123@A@@YAXXZ 10001eab f    CIL library: CIL module
 0001:00000eb6       ??__F?s_modreg_chain@RTest2_ModuleReg@test2@UModSys@@2USModuleRegChain@base@3@A@@YAXXZ 10001eb6 f    CIL library: CIL module
 0001:00000ec0       ??__F?s_id@?$TObjectUniqueID@UIShell@base@UModSys@@@tl@UModSys@@2USUniquePointer@core@3@A@@YAXXZ 10001ec0 f    CIL library: CIL module
 0001:00000eca       ??__F?s_id@?$TObjectUniqueID@UIGenerator@base@UModSys@@@tl@UModSys@@2USUniquePointer@core@3@A@@YAXXZ 10001eca f    CIL library: CIL module
 0001:00000ed4       ??__F?s_id@?$TObjectUniqueID@UIModObject@base@UModSys@@@tl@UModSys@@2USUniquePointer@core@3@A@@YAXXZ 10001ed4 f    CIL library: CIL module
 0001:00000ede       ??__F?s_id@?$TObjectUniqueID@UISystem@base@UModSys@@@tl@UModSys@@2USUniquePointer@core@3@A@@YAXXZ 10001ede f    CIL library: CIL module
 0001:00000ee8       ??__F?s_id@?$TObjectUniqueID@UIModuleLibrary@base@UModSys@@@tl@UModSys@@2USUniquePointer@core@3@A@@YAXXZ 10001ee8 f    CIL library: CIL module
 0001:00000ef2       ??__F?s_id@?$TObjectUniqueID@UIModule@base@UModSys@@@tl@UModSys@@2USUniquePointer@core@3@A@@YAXXZ 10001ef2 f    CIL library: CIL module
 0001:00000efc       ??__F?s_id@?$TObjectUniqueID@UIConsole@base@UModSys@@@tl@UModSys@@2USUniquePointer@core@3@A@@YAXXZ 10001efc f    CIL library: CIL module
 0001:00000f06       ??__F?s_id@?$TObjectUniqueID@UIParameters@core@UModSys@@@tl@UModSys@@2USUniquePointer@core@3@A@@YAXXZ 10001f06 f    CIL library: CIL module
 0001:00000f10       ??__F?s_id@?$TObjectUniqueID@UIRefObject@core@UModSys@@@tl@UModSys@@2USUniquePointer@core@3@A@@YAXXZ 10001f10 f    CIL library: CIL module
 0001:00000f1a       ??__F?s_id@?$TObjectUniqueID@UIRoot@core@UModSys@@@tl@UModSys@@2USUniquePointer@core@3@A@@YAXXZ 10001f1a f    CIL library: CIL module
 0001:00000f24       ??__FM@UModSys@@YAXXZ      10001f24 f    CIL library: CIL module
 0001:00000f25       ??__F?root@SModuleRegChain@base@UModSys@@2U123@A@@YAXXZ 10001f25 f    CIL library: CIL module
 0001:00000f2f       ??__F?s_library@RModuleLibraryReg_Chain@base@UModSys@@2U123@A@@YAXXZ 10001f2f f    CIL library: CIL module
 0001:00000f3a       ??__F?root@SUniquePointer@core@UModSys@@2U123@A@@YAXXZ 10001f3a f    CIL library: CIL module

 Exports

  ordinal    name

        1    _UModSys_Plugin_Entry2@0
