 plugin_test1

 Timestamp is 532c2045 (Fri Mar 21 14:19:33 2014)

 Preferred load address is 10000000

 Start         Length     Name                   Class
 0001:00000000 0002a921H .text                   CODE
 0001:0002a921 0000097dH .text$x                 CODE
 0001:0002b29e 0000122fH .text$yc                CODE
 0001:0002c4cd 000006c8H .text$yd                CODE
 0002:00000000 00000224H .idata$5                DATA
 0002:00000224 00000004H .CRT$XCA                DATA
 0002:00000228 00001060H .CRT$XCU                DATA
 0002:00001288 00000004H .CRT$XCZ                DATA
 0002:0000128c 00000004H .CRT$XIA                DATA
 0002:00001290 00000004H .CRT$XIAA               DATA
 0002:00001294 00000004H .CRT$XIC                DATA
 0002:00001298 00000004H .CRT$XIZ                DATA
 0002:000012a0 0000cea0H .rdata                  DATA
 0002:0000e140 00001e58H .rdata$r                DATA
 0002:0000ffa0 00000118H .rdata$sxdata           DATA
 0002:000100b8 00000004H .rtc$IAA                DATA
 0002:000100bc 00000004H .rtc$IZZ                DATA
 0002:000100c0 00000004H .rtc$TAA                DATA
 0002:000100c4 00000004H .rtc$TZZ                DATA
 0002:000100c8 00000fc4H .xdata$x                DATA
 0002:0001108c 0000008cH .idata$2                DATA
 0002:00011118 00000014H .idata$3                DATA
 0002:0001112c 00000224H .idata$4                DATA
 0002:00011350 000009caH .idata$6                DATA
 0002:00011d20 0000005cH .edata                  DATA
 0003:00000000 00001640H .data                   DATA
 0003:00001640 000019a4H .bss                    DATA

  Address         Publics by Value              Rva+Base       Lib:Object

 0000:00000000       __except_list              00000000     <absolute>
 0000:00000046       ___safe_se_handler_count   00000046     <absolute>
 0000:00009876       __ldused                   00009876     <absolute>
 0000:00009876       __fltused                  00009876     <absolute>
 0000:00000000       ___ImageBase               10000000     <linker-defined>
 0001:00000000       ?new_data@SMemorySharedData@core@UModSys@@SAPAU123@IPBUSSourceContext@23@@Z 10001000 f i plugin_test1.obj
 0001:00000024       ?link@SMemShared@core@UModSys@@QAE_NPAUSMemorySharedData@23@PAUSSourceContext@23@@Z 10001024 f i plugin_test1.obj
 0001:00000024       ?link@SCMemShared@core@UModSys@@QAE_NPAUSMemorySharedData@23@PAUSSourceContext@23@@Z 10001024 f i plugin_test1.obj
 0001:00000049       ??6SUniquePtrList@core@UModSys@@QAEAAU012@PBUSUniquePointerInfo@12@@Z 10001049 f i plugin_test1.obj
 0001:0000007a       ??3IRoot@core@UModSys@@SAXPAXABUSIMemAlloc@12@@Z 1000107a f i plugin_test1.obj
 0001:00000093       ?_root_get_other_interface@IRefObject@core@UModSys@@IAEPAUIRoot@23@PBUSUniquePointerInfo@23@@Z 10001093 f i plugin_test1.obj
 0001:00000093       ?_root_get_other_interface@IRefObject@core@UModSys@@IBEPBUIRoot@23@PBUSUniquePointerInfo@23@@Z 10001093 f i plugin_test1.obj
 0001:000000b4       ?_root_get_interface_types@IRefObject@core@UModSys@@SAIAAUSUniquePtrList@23@@Z 100010b4 f i plugin_test1.obj
 0001:000000d4       ?_root_is_interface_supported@IRefObject@core@UModSys@@SA_NPBUSUniquePointerInfo@23@@Z 100010d4 f i plugin_test1.obj
 0001:000000eb       ??$slen@D@su@tl@UModSys@@YAIPBD@Z 100010eb f i plugin_test1.obj
 0001:00000104       ??$seq@D@su@tl@UModSys@@YA_NPBD0@Z 10001104 f i plugin_test1.obj
 0001:00000131       ??0SParameters@core@UModSys@@QAE@PAUIParameters@12@PAXH@Z 10001131 f i plugin_test1.obj
 0001:00000154       ?add@SParameters@core@UModSys@@QAE_NPBDH@Z 10001154 f i plugin_test1.obj
 0001:0000016f       ?_root_get_other_interface@IGenerator@base@UModSys@@IAEPAUIRoot@core@3@PBUSUniquePointerInfo@53@@Z 1000116f f i plugin_test1.obj
 0001:0000016f       ?_root_get_other_interface@IGenerator@base@UModSys@@IBEPBUIRoot@core@3@PBUSUniquePointerInfo@53@@Z 1000116f f i plugin_test1.obj
 0001:0000018b       ?_root_is_interface_supported@IGenerator@base@UModSys@@SA_NPBUSUniquePointerInfo@core@3@@Z 1000118b f i plugin_test1.obj
 0001:000001ab       ?_root_is_interface_supported@IBinObjFilter@libmedia@UModSys@@SA_NPBUSUniquePointerInfo@core@3@@Z 100011ab f i plugin_test1.obj
 0001:000001cb       ?nps@STimeMeasureNum@libutils@UModSys@@QBENXZ 100011cb f i plugin_test1.obj
 0001:000001fb       ?spn@STimeMeasureNum@libutils@UModSys@@QBENXZ 100011fb f i plugin_test1.obj
 0001:0000022e       ?set_info@IImage@lib2d@UModSys@@QAE_NW4eImageType@23@HHPBD@Z 1000122e f i plugin_test1.obj
 0001:00000259       ?render_text@IRenderDriver@lib2d@UModSys@@QAE_NABU?$TVector2@H@math3d@3@PBHHPBU?$TVector2@M@53@@Z 10001259 f i plugin_test1.obj
 0001:00000287       ??1IBinObjFilter@libmedia@UModSys@@UAE@XZ 10001287 f i plugin_test1.obj
 0001:0000028c       ??1ILibObject@libmedia@UModSys@@UAE@XZ 1000128c f i plugin_test1.obj
 0001:000002c3       ?root_get_interface_info@RTest1_Shell@test1@test@modules@UModSys@@UBEABUSUniquePointerInfo@core@5@XZ 100012c3 f i plugin_test1.obj
 0001:000002c9       ?root_get_interface_type@RTest1_Shell@test1@test@modules@UModSys@@UBEPBUSUniquePointerInfo@core@5@XZ 100012c9 f i plugin_test1.obj
 0001:000002cf       ?root_get_other_interface@RTest1_Shell@test1@test@modules@UModSys@@UAEPAUIRoot@core@5@PBUSUniquePointerInfo@75@@Z 100012cf f i plugin_test1.obj
 0001:000002cf       ?root_get_other_interface@RTest1_Shell@test1@test@modules@UModSys@@UBEPBUIRoot@core@5@PBUSUniquePointerInfo@75@@Z 100012cf f i plugin_test1.obj
 0001:000002f0       ?root_is_interface_supported@RTest1_Shell@test1@test@modules@UModSys@@UBE_NPBUSUniquePointerInfo@core@5@@Z 100012f0 f i plugin_test1.obj
 0001:00000317       ?ref_add@RTest1_Shell@test1@test@modules@UModSys@@UBEXXZ 10001317 f i plugin_test1.obj
 0001:0000031b       ?ref_remove@RTest1_Shell@test1@test@modules@UModSys@@UBEXXZ 1000131b f i plugin_test1.obj
 0001:00000326       ?ref_links@RTest1_Shell@test1@test@modules@UModSys@@UBEHXZ 10001326 f i plugin_test1.obj
 0001:0000032a       ?ref_weak@RTest1_Shell@test1@test@modules@UModSys@@UBE_NAAUWeakPointer@IRefObject@core@5@@Z 1000132a f i plugin_test1.obj
 0001:00000349       ?suicide@RTest1_Shell@test1@test@modules@UModSys@@UAEXXZ 10001349 f i plugin_test1.obj
 0001:00000386       ?set@VertexPC@UI_Info@RTest1_Shell@test1@test@modules@UModSys@@QAEXABU?$TVector3@N@math3d@7@ABU?$TVector3@M@97@@Z 10001386 f i plugin_test1.obj
 0001:000003d0       ??0RTest1_Shell@test1@test@modules@UModSys@@QAE@PAUIModObject@base@4@@Z 100013d0 f i plugin_test1.obj
 0001:000004e2       ??1RTest1_Shell@test1@test@modules@UModSys@@UAE@XZ 100014e2 f i plugin_test1.obj
 0001:0000056a       ?connect@RTest1_Shell@test1@test@modules@UModSys@@UAE_NXZ 1000156a f i plugin_test1.obj
 0001:00000582       ?disconnect@RTest1_Shell@test1@test@modules@UModSys@@UAE_NXZ 10001582 f i plugin_test1.obj
 0001:0000059a       ?process_tick@RTest1_Shell@test1@test@modules@UModSys@@UAE_NABUSTimeMsec@core@5@@Z 1000159a f i plugin_test1.obj
 0001:000005c6       ?process_command@RTest1_Shell@test1@test@modules@UModSys@@UAE_NHQBU?$TString@U?$TSCoreConst@D@su@tl@UModSys@@U?$TComparerBinaryHash@D@234@@tl@5@@Z 100015c6 f i plugin_test1.obj
 0001:000005e5       ??_ERTest1_Shell@test1@test@modules@UModSys@@UAEPAXI@Z 100015e5 f i  CIL library: CIL module
 0001:000005e5       ??_GRTest1_Shell@test1@test@modules@UModSys@@UAEPAXI@Z 100015e5 f i plugin_test1.obj
 0001:00000602       ?ui_newframes@RTest1_Shell@test1@test@modules@UModSys@@SA?AU?$TRefObject@UICollector@libui@UModSys@@U?$TRefObjectFunc@UICollector@libui@UModSys@@@tl@3@@tl@5@ABU?$TString@U?$TSCoreConst@D@su@tl@UModSys@@U?$TComparerBinaryHash@D@234@@75@ABUSParameters@core@5@@Z 10001602 f   plugin_test1.obj
 0001:00000620       ?ui_newterm@RTest1_Shell@test1@test@modules@UModSys@@SA?AU?$TRefObject@UITerminal@libui@UModSys@@U?$TRefObjectFunc@UITerminal@libui@UModSys@@@tl@3@@tl@5@ABU?$TString@U?$TSCoreConst@D@su@tl@UModSys@@U?$TComparerBinaryHash@D@234@@75@ABUSParameters@core@5@@Z 10001620 f   plugin_test1.obj
 0001:0000063e       ?key_pressed@RTest1_Shell@test1@test@modules@UModSys@@UAE_NABUSKeyboardInputRaw@libui@5@@Z 1000163e f   plugin_test1.obj
 0001:00000680       ?key_text@RTest1_Shell@test1@test@modules@UModSys@@UAE_NABUSKeyboardInputText@libui@5@@Z 10001680 f   plugin_test1.obj
 0001:000006b9       ?mouse_event@RTest1_Shell@test1@test@modules@UModSys@@UAE_NABUSMouseInput@libui@5@@Z 100016b9 f   plugin_test1.obj
 0001:0000071e       ?command@RTest1_Shell@test1@test@modules@UModSys@@UAE_NABUSController@libui@5@HABUSFrameDataIn@75@@Z 1000171e f   plugin_test1.obj
 0001:00000759       ?db_get@RTest1_Shell@test1@test@modules@UModSys@@UAE_NABUSController@libui@5@QBDABUSFrameDataOut@75@@Z 10001759 f   plugin_test1.obj
 0001:000007ae       ?db_get@RTest1_Shell@test1@test@modules@UModSys@@UAE_NABUSController@libui@5@QBDHABUSFrameDataOut@75@@Z 100017ae f   plugin_test1.obj
 0001:00000803       ?font_2d@UI_Info@RTest1_Shell@test1@test@modules@UModSys@@QAE_NXZ 10001803 f   plugin_test1.obj
 0001:0000093a       ?init_term@UI_Info@RTest1_Shell@test1@test@modules@UModSys@@QAE_NPBD@Z 1000193a f   plugin_test1.obj
 0001:00000b25       ?create_3d@UI_Info@RTest1_Shell@test1@test@modules@UModSys@@QAE_NPBD@Z 10001b25 f   plugin_test1.obj
 0001:00000c06       ?new_frames@UI_Info@RTest1_Shell@test1@test@modules@UModSys@@QAE_NPAUIController@libui@6@@Z 10001c06 f   plugin_test1.obj
 0001:00001096       ??1SFrameCreateParameters@libui@UModSys@@QAE@XZ 10002096 f i plugin_test1.obj
 0001:000010a7       ?shutdown@UI_Info@RTest1_Shell@test1@test@modules@UModSys@@QAEXXZ 100020a7 f   plugin_test1.obj
 0001:000010dc       ?new_va_1@UI_Info@RTest1_Shell@test1@test@modules@UModSys@@QAE_NXZ 100020dc f   plugin_test1.obj
 0001:00001455       ?new_va_qc@UI_Info@RTest1_Shell@test1@test@modules@UModSys@@QAE_NXZ 10002455 f   plugin_test1.obj
 0001:0000177c       ?cycle3d@UI_Info@RTest1_Shell@test1@test@modules@UModSys@@QAEXXZ 1000277c f   plugin_test1.obj
 0001:00001ab4       ??1UI_Info@RTest1_Shell@test1@test@modules@UModSys@@QAE@XZ 10002ab4 f i plugin_test1.obj
 0001:00001ba8       ?ui_test2@RTest1_Shell@test1@test@modules@UModSys@@QAEXXZ 10002ba8 f   plugin_test1.obj
 0001:00001cd9       ?get_generated_names@RGenerator@test1@test@modules@UModSys@@UBEHAAUSUniquePtrList@core@5@@Z 10002cd9 f i plugin_test1.obj
 0001:00001cf2       ?get_generated_types@RGenerator@test1@test@modules@UModSys@@UBEHAAUSUniquePtrList@core@5@PBUSUniquePointerInfo@75@@Z 10002cf2 f i plugin_test1.obj
 0001:00001d26       ?generate@RGenerator@test1@test@modules@UModSys@@UAE_NAAU?$TRefObject@UIRefObject@core@UModSys@@U?$TRefObjectFunc@UIRefObject@core@UModSys@@@tl@3@@tl@5@PBUSUniquePointerInfo@core@5@ABUSParameters@95@@Z 10002d26 f i plugin_test1.obj
 0001:00001da8       ?root_get_interface_info@RGenerator@test1@test@modules@UModSys@@UBEABUSUniquePointerInfo@core@5@XZ 10002da8 f i plugin_test1.obj
 0001:00001dae       ?root_get_interface_type@RGenerator@test1@test@modules@UModSys@@UBEPBUSUniquePointerInfo@core@5@XZ 10002dae f i plugin_test1.obj
 0001:00001db4       ?root_get_other_interface@RGenerator@test1@test@modules@UModSys@@UAEPAUIRoot@core@5@PBUSUniquePointerInfo@75@@Z 10002db4 f i plugin_test1.obj
 0001:00001db4       ?root_get_other_interface@RGenerator@test1@test@modules@UModSys@@UBEPBUIRoot@core@5@PBUSUniquePointerInfo@75@@Z 10002db4 f i plugin_test1.obj
 0001:00001dcd       ?root_is_interface_supported@RGenerator@test1@test@modules@UModSys@@UBE_NPBUSUniquePointerInfo@core@5@@Z 10002dcd f i plugin_test1.obj
 0001:00001dec       ?get_uid@RGenerator@test1@test@modules@UModSys@@UBEPBUSUniquePointerInfo@core@5@XZ 10002dec f i plugin_test1.obj
 0001:00001df2       ?do_open@RModuleReg@test1@test@modules@UModSys@@UAE_NXZ 10002df2 f i plugin_test1.obj
 0001:00001e55       ?do_close@RModuleReg@test1@test@modules@UModSys@@UAE_NXZ 10002e55 f i plugin_test1.obj
 0001:00001ea5       ?get_module@RGenerator@test1@test@modules@UModSys@@UBEPAUIModule@base@5@XZ 10002ea5 f   plugin_test1.obj
 0001:00001eab       ?mod_inc@RGenerator@test1@test@modules@UModSys@@UBE_NXZ 10002eab f   plugin_test1.obj
 0001:00001eb6       ?mod_dec@RGenerator@test1@test@modules@UModSys@@UBE_NXZ 10002eb6 f   plugin_test1.obj
 0001:00001ec1       ?s_holder@RGenerator@test1@test@modules@UModSys@@SAAAU?$TTypeStaticHolder@URGenerator@test1@test@modules@UModSys@@@tl@5@XZ 10002ec1 f   plugin_test1.obj
 0001:00001ef3       ??0?$TString@U?$TSCoreConst@D@su@tl@UModSys@@U?$TComparerBinaryHash@D@234@@tl@UModSys@@QAE@PBD@Z 10002ef3 f i plugin_test1.obj
 0001:00001f18       ??8?$TString@U?$TSCoreConst@D@su@tl@UModSys@@U?$TComparerBinaryHash@D@234@@tl@UModSys@@QBE_NPBD@Z 10002f18 f i plugin_test1.obj
 0001:00001f3a       ??4?$TString@U?$TSCoreConst@D@su@tl@UModSys@@U?$TComparerBinaryHash@D@234@@tl@UModSys@@QAEABU012@PBD@Z 10002f3a f i plugin_test1.obj
 0001:00001f56       ??0?$TString@U?$TSCoreShared@USIMemAlloc@core@UModSys@@D@su@tl@UModSys@@U?$TComparerBinaryHash@D@234@@tl@UModSys@@QAE@XZ 10002f56 f i plugin_test1.obj
 0001:00001f6c       ??4?$TString@U?$TSCoreShared@USIMemAlloc@core@UModSys@@D@su@tl@UModSys@@U?$TComparerBinaryHash@D@234@@tl@UModSys@@QAEABU012@ABU012@@Z 10002f6c f i plugin_test1.obj
 0001:00001f8e       ??4?$TRefObject@UIVertexArray@lib3d@UModSys@@U?$TRefObjectFunc@UIVertexArray@lib3d@UModSys@@@tl@3@@tl@UModSys@@QAEABU012@ABU012@@Z 10002f8e f i plugin_test1.obj
 0001:00001fad       ??4?$TRefObject@UIMultiImage@lib2d@UModSys@@U?$TRefObjectFunc@UIMultiImage@lib2d@UModSys@@@tl@3@@tl@UModSys@@QAEABU012@PAUIMultiImage@lib2d@2@@Z 10002fad f i plugin_test1.obj
 0001:00001fad       ??4?$TRefObject@UIRenderDriver@lib2d@UModSys@@U?$TRefObjectFunc@UIRenderDriver@lib2d@UModSys@@@tl@3@@tl@UModSys@@QAEABU012@PAUIRenderDriver@lib2d@2@@Z 10002fad f i plugin_test1.obj
 0001:00001fad       ??4?$TRefObject@URFrame_Common@frames@ui@modules@UModSys@@U?$TRefObjectFunc@URFrame_Common@frames@ui@modules@UModSys@@@tl@5@@tl@UModSys@@QAEABU012@PAURFrame_Common@frames@ui@modules@2@@Z 10002fad f i umodsys_lib_libui:umodsys.mod.ui.frames.obj
 0001:00001fad       ??4?$TRefObject@UIRefObject@core@UModSys@@U?$TRefObjectFunc@UIRefObject@core@UModSys@@@tl@3@@tl@UModSys@@QAEABU012@PAUIRefObject@core@2@@Z 10002fad f i plugin_test1.obj
 0001:00001fad       ??4?$TRefObject@UIImage@lib2d@UModSys@@U?$TRefObjectFunc@UIImage@lib2d@UModSys@@@tl@3@@tl@UModSys@@QAEABU012@PAUIImage@lib2d@2@@Z 10002fad f i plugin_test1.obj
 0001:00001fc8       ??0?$TParametersA@$0EAA@@core@UModSys@@QAE@XZ 10002fc8 f i plugin_test1.obj
 0001:00001fea       ??1?$TRefObject@URCollector@frames@ui@modules@UModSys@@U?$TRefObjectFunc@URCollector@frames@ui@modules@UModSys@@@tl@5@@tl@UModSys@@QAE@XZ 10002fea f i umodsys_lib_libui:umodsys.mod.ui.frames.obj
 0001:00001fea       ??1?$TRefObject@URMultiImage@stdlib@lib2d@modules@UModSys@@U?$TRefObjectFunc@URMultiImage@stdlib@lib2d@modules@UModSys@@@tl@5@@tl@UModSys@@QAE@XZ 10002fea f i umodsys_lib_lib2d:umodsys.mod.2d.stdlib.obj
 0001:00001fea       ??1?$TRefObject@URFrame_Common@frames@ui@modules@UModSys@@U?$TRefObjectFunc@URFrame_Common@frames@ui@modules@UModSys@@@tl@5@@tl@UModSys@@QAE@XZ 10002fea f i umodsys_lib_libui:umodsys.mod.ui.frames.obj
 0001:00001fea       ??1?$TRefObject@UIRefObject@core@UModSys@@U?$TRefObjectFunc@UIRefObject@core@UModSys@@@tl@3@@tl@UModSys@@QAE@XZ 10002fea f i plugin_test1.obj
 0001:00001fea       ??1?$TRefObject@URImageFactory_Memory@stdlib@lib2d@modules@UModSys@@U?$TRefObjectFunc@URImageFactory_Memory@stdlib@lib2d@modules@UModSys@@@tl@5@@tl@UModSys@@QAE@XZ 10002fea f i umodsys_lib_lib2d:umodsys.mod.2d.stdlib.obj
 0001:00001fea       ??1?$TRefObject@URRenderDriver2D@SDL_core@ui@modules@UModSys@@U?$TRefObjectFunc@URRenderDriver2D@SDL_core@ui@modules@UModSys@@@tl@5@@tl@UModSys@@QAE@XZ 10002fea f i umodsys_lib_libui:umodsys.mod.ui.SDL_core.obj
 0001:00001fea       ??1?$TRefObject@UIStreamReader@libmedia@UModSys@@U?$TRefObjectFunc@UIStreamReader@libmedia@UModSys@@@tl@3@@tl@UModSys@@QAE@XZ 10002fea f i plugin_test1.obj
 0001:00001fea       ??1?$TRefObject@UIStreamWriter@libmedia@UModSys@@U?$TRefObjectFunc@UIStreamWriter@libmedia@UModSys@@@tl@3@@tl@UModSys@@QAE@XZ 10002fea f i plugin_test1.obj
 0001:00001fea       ??1?$TRefObject@UICollector@libui@UModSys@@U?$TRefObjectFunc@UICollector@libui@UModSys@@@tl@3@@tl@UModSys@@QAE@XZ 10002fea f i plugin_test1.obj
 0001:00001fea       ??1?$TRefObject@UIMouseController@libui@UModSys@@U?$TRefObjectFunc@UIMouseController@libui@UModSys@@@tl@3@@tl@UModSys@@QAE@XZ 10002fea f i plugin_test1.obj
 0001:00001fea       ??1?$TRefObject@UIImageFactory@lib2d@UModSys@@U?$TRefObjectFunc@UIImageFactory@lib2d@UModSys@@@tl@3@@tl@UModSys@@QAE@XZ 10002fea f i plugin_test1.obj
 0001:00001fea       ??1?$TRefObject@UIRenderDriver@lib3d@UModSys@@U?$TRefObjectFunc@UIRenderDriver@lib3d@UModSys@@@tl@3@@tl@UModSys@@QAE@XZ 10002fea f i plugin_test1.obj
 0001:00001fea       ??1?$TRefObject@UIMultiImage@lib2d@UModSys@@U?$TRefObjectFunc@UIMultiImage@lib2d@UModSys@@@tl@3@@tl@UModSys@@QAE@XZ 10002fea f i plugin_test1.obj
 0001:00001fea       ??1?$TRefObject@URMediaFilter@images_std@media@modules@UModSys@@U?$TRefObjectFunc@URMediaFilter@images_std@media@modules@UModSys@@@tl@5@@tl@UModSys@@QAE@XZ 10002fea f i umodsys_lib_libmedia:umodsys.mod.media.images_std.obj
 0001:00001fea       ??1?$TRefObject@UIKeyboardController@libui@UModSys@@U?$TRefObjectFunc@UIKeyboardController@libui@UModSys@@@tl@3@@tl@UModSys@@QAE@XZ 10002fea f i plugin_test1.obj
 0001:00001fea       ??1?$TRefObject@URTerminalX@SDL_GL@ui@modules@UModSys@@U?$TRefObjectFunc@URTerminalX@SDL_GL@ui@modules@UModSys@@@tl@5@@tl@UModSys@@QAE@XZ 10002fea f i umodsys_lib_libui:umodsys.mod.ui.SDL_GL.obj
 0001:00001fea       ??1?$TRefObject@URTerminalX@SDL_core@ui@modules@UModSys@@U?$TRefObjectFunc@URTerminalX@SDL_core@ui@modules@UModSys@@@tl@5@@tl@UModSys@@QAE@XZ 10002fea f i umodsys_lib_libui:umodsys.mod.ui.SDL_core.obj
 0001:00001fea       ??1?$TRefObject@URDialog@frames@ui@modules@UModSys@@U?$TRefObjectFunc@URDialog@frames@ui@modules@UModSys@@@tl@5@@tl@UModSys@@QAE@XZ 10002fea f i umodsys_lib_libui:umodsys.mod.ui.frames.obj
 0001:00001fea       ??1?$TRefObject@UIUtilities@libmedia@UModSys@@U?$TRefObjectFunc@UIUtilities@libmedia@UModSys@@@tl@3@@tl@UModSys@@QAE@XZ 10002fea f i plugin_test1.obj
 0001:00001fea       ??1?$TRefObject@URImage_Memory@stdlib@lib2d@modules@UModSys@@U?$TRefObjectFunc@URImage_Memory@stdlib@lib2d@modules@UModSys@@@tl@5@@tl@UModSys@@QAE@XZ 10002fea f i umodsys_lib_lib2d:umodsys.mod.2d.stdlib.obj
 0001:00001fea       ??1?$TRefObject@UIRenderDriver@lib2d@UModSys@@U?$TRefObjectFunc@UIRenderDriver@lib2d@UModSys@@@tl@3@@tl@UModSys@@QAE@XZ 10002fea f i plugin_test1.obj
 0001:00001fea       ??1?$TRefObject@URVertexArray@SDL_GL@ui@modules@UModSys@@U?$TRefObjectFunc@URVertexArray@SDL_GL@ui@modules@UModSys@@@tl@5@@tl@UModSys@@QAE@XZ 10002fea f i umodsys_lib_libui:umodsys.mod.ui.SDL_GL.obj
 0001:00001fea       ??1?$TRefObject@UITerminal@libui@UModSys@@U?$TRefObjectFunc@UITerminal@libui@UModSys@@@tl@3@@tl@UModSys@@QAE@XZ 10002fea f i plugin_test1.obj
 0001:00001fea       ??1?$TRefObject@URSerializeReader@serialize_json@media@modules@UModSys@@U?$TRefObjectFunc@URSerializeReader@serialize_json@media@modules@UModSys@@@tl@5@@tl@UModSys@@QAE@XZ 10002fea f i umodsys_lib_libmedia:umodsys.mod.media.serialize_json.obj
 0001:00001fea       ??1?$TRefObject@URSerializeWriter@serialize_json@media@modules@UModSys@@U?$TRefObjectFunc@URSerializeWriter@serialize_json@media@modules@UModSys@@@tl@5@@tl@UModSys@@QAE@XZ 10002fea f i umodsys_lib_libmedia:umodsys.mod.media.serialize_json.obj
 0001:00001fea       ??1?$TRefObject@URMultiImage2D_SDL_ttf@SDL_core@ui@modules@UModSys@@U?$TRefObjectFunc@URMultiImage2D_SDL_ttf@SDL_core@ui@modules@UModSys@@@tl@5@@tl@UModSys@@QAE@XZ 10002fea f i umodsys_lib_libui:umodsys.mod.ui.SDL_core.obj
 0001:00001fea       ??1?$TRefObject@UIImage@lib2d@UModSys@@U?$TRefObjectFunc@UIImage@lib2d@UModSys@@@tl@3@@tl@UModSys@@QAE@XZ 10002fea f i plugin_test1.obj
 0001:00001fea       ??1?$TRefObject@UIVertexArray@lib3d@UModSys@@U?$TRefObjectFunc@UIVertexArray@lib3d@UModSys@@@tl@3@@tl@UModSys@@QAE@XZ 10002fea f i plugin_test1.obj
 0001:00001fea       ??1?$TRefObject@URBinArchiveFrameClient_ZIP@zlib@media@modules@UModSys@@U?$TRefObjectFunc@URBinArchiveFrameClient_ZIP@zlib@media@modules@UModSys@@@tl@5@@tl@UModSys@@QAE@XZ 10002fea f i umodsys_lib_libmedia:umodsys.mod.media.zlib.obj
 0001:00001fea       ??1?$TRefObject@UIFrame@libui@UModSys@@U?$TRefObjectFunc@UIFrame@libui@UModSys@@@tl@3@@tl@UModSys@@QAE@XZ 10002fea f i umodsys_lib_libui:umodsys.mod.ui.frames.obj
 0001:00001fea       ??1?$TRefObject@URMultiImage2D_SDL_ttf@SDL_GL@ui@modules@UModSys@@U?$TRefObjectFunc@URMultiImage2D_SDL_ttf@SDL_GL@ui@modules@UModSys@@@tl@5@@tl@UModSys@@QAE@XZ 10002fea f i umodsys_lib_libui:umodsys.mod.ui.SDL_GL.obj
 0001:00001fea       ??1?$TRefObject@URRenderDriver3D@SDL_GL@ui@modules@UModSys@@U?$TRefObjectFunc@URRenderDriver3D@SDL_GL@ui@modules@UModSys@@@tl@5@@tl@UModSys@@QAE@XZ 10002fea f i umodsys_lib_libui:umodsys.mod.ui.SDL_GL.obj
 0001:00001ff9       ??1?$TDynarrayDynamic@UVertexPC@UI_Info@RTest1_Shell@test1@test@modules@UModSys@@U?$TAllocator@USIMemAlloc@core@UModSys@@USCountCalcPower2@23@@tl@7@@tl@UModSys@@QAE@XZ 10002ff9 f i plugin_test1.obj
 0001:00001ffe       ?update@?$TComparerBinaryHash@D@su@tl@UModSys@@QAEXPBDI@Z 10002ffe f i plugin_test1.obj
 0001:00002035       ??1?$TDynarray@U?$TDynarrayHolderDynamic@UVertexPC@UI_Info@RTest1_Shell@test1@test@modules@UModSys@@U?$TAllocator@USIMemAlloc@core@UModSys@@USCountCalcPower2@23@@tl@7@@tl@UModSys@@@tl@UModSys@@QAE@XZ 10003035 f i plugin_test1.obj
 0001:0000207c       ?info_release@?$TSCoreShared@USIMemAlloc@core@UModSys@@D@su@tl@UModSys@@QAEXXZ 1000307c f i plugin_test1.obj
 0001:000020b5       ?info_new@?$TSCoreShared@USIMemAlloc@core@UModSys@@D@su@tl@UModSys@@QAE_NPBDI@Z 100030b5 f i plugin_test1.obj
 0001:00002119       ?get_null@?$TSCoreShared@USIMemAlloc@core@UModSys@@D@su@tl@UModSys@@SAPAU?$TSharedStringInfo@DUSIMemAlloc@core@UModSys@@@234@XZ 10003119 f i plugin_test1.obj
 0001:00002151       ?set_look_at@?$TMatrix44@N@math3d@UModSys@@QAE_NABU?$TVector3@N@23@00@Z 10003151 f i plugin_test1.obj
 0001:000022ba       ?set_inversed@?$TMatrix44@N@math3d@UModSys@@QAE_NABU123@@Z 100032ba f i plugin_test1.obj
 0001:00002691       ??$generate_type@UICollector@libui@UModSys@@@RTest1_Shell@test1@test@modules@UModSys@@SA?AU?$TRefObject@UICollector@libui@UModSys@@U?$TRefObjectFunc@UICollector@libui@UModSys@@@tl@3@@tl@4@ABU?$TString@U?$TSCoreConst@D@su@tl@UModSys@@U?$TComparerBinaryHash@D@234@@64@ABUSParameters@core@4@PBD@Z 10003691 f i plugin_test1.obj
 0001:0000278b       ??$generate_type@UITerminal@libui@UModSys@@@RTest1_Shell@test1@test@modules@UModSys@@SA?AU?$TRefObject@UITerminal@libui@UModSys@@U?$TRefObjectFunc@UITerminal@libui@UModSys@@@tl@3@@tl@4@ABU?$TString@U?$TSCoreConst@D@su@tl@UModSys@@U?$TComparerBinaryHash@D@234@@64@ABUSParameters@core@4@PBD@Z 1000378b f i plugin_test1.obj
 0001:00002885       ??$t_create_handler@UIKeyboardController@libui@UModSys@@@ITerminal@libui@UModSys@@QAE_NAAU?$TRefObject@UIKeyboardController@libui@UModSys@@U?$TRefObjectFunc@UIKeyboardController@libui@UModSys@@@tl@3@@tl@2@PBDPBUSParameters@core@2@@Z 10003885 f i plugin_test1.obj
 0001:00002907       ??$t_create_handler@UIMouseController@libui@UModSys@@@ITerminal@libui@UModSys@@QAE_NAAU?$TRefObject@UIMouseController@libui@UModSys@@U?$TRefObjectFunc@UIMouseController@libui@UModSys@@@tl@3@@tl@2@PBDPBUSParameters@core@2@@Z 10003907 f i plugin_test1.obj
 0001:00002989       ??$t_create_handler@UIRenderDriver@lib3d@UModSys@@@ITerminal@libui@UModSys@@QAE_NAAU?$TRefObject@UIRenderDriver@lib3d@UModSys@@U?$TRefObjectFunc@UIRenderDriver@lib3d@UModSys@@@tl@3@@tl@2@PBDPBUSParameters@core@2@@Z 10003989 f i plugin_test1.obj
 0001:00002a0d       ?ResizeRel@?$TDynarray@U?$TDynarrayHolderDynamic@UVertexPC@UI_Info@RTest1_Shell@test1@test@modules@UModSys@@U?$TAllocator@USIMemAlloc@core@UModSys@@USCountCalcPower2@23@@tl@7@@tl@UModSys@@@tl@UModSys@@QAE_NH@Z 10003a0d f i plugin_test1.obj
 0001:00002a38       ?normalize@?$TVector3@N@math3d@UModSys@@QAENXZ 10003a38 f i plugin_test1.obj
 0001:00002a8f       ?ReLink@?$TDynarray@U?$TDynarrayHolderDynamic@UVertexPC@UI_Info@RTest1_Shell@test1@test@modules@UModSys@@U?$TAllocator@USIMemAlloc@core@UModSys@@USCountCalcPower2@23@@tl@7@@tl@UModSys@@@tl@UModSys@@IAE_NI@Z 10003a8f f i plugin_test1.obj
 0001:00002ad1       ??1?$TRefObject@UIModObject@base@UModSys@@U?$TModObjectFunc@UIModObject@base@UModSys@@@tl@3@@tl@UModSys@@QAE@XZ 10003ad1 f i plugin_test1.obj
 0001:00002ae7       ?mult@?$TMatrix44@N@math3d@UModSys@@QAEXABU123@0@Z 10003ae7 f i plugin_test1.obj
 0001:00002cef       ?get_determinant@?$TMatrix44@N@math3d@UModSys@@QBENXZ 10003cef f i plugin_test1.obj
 0001:00002dab       ?s_init@?$TModObjectFunc@UIModObject@base@UModSys@@@tl@UModSys@@SAXAAPAUIModObject@base@3@PAU453@@Z 10003dab f i plugin_test1.obj
 0001:00002dc4       ??$t_ref_get_other_interface@UIStreamReader@libmedia@UModSys@@U?$TRefObjectFunc@UIStreamReader@libmedia@UModSys@@@tl@3@@IRefObject@core@UModSys@@QAE_NAAU?$TRefObject@UIStreamReader@libmedia@UModSys@@U?$TRefObjectFunc@UIStreamReader@libmedia@UModSys@@@tl@3@@tl@2@@Z 10003dc4 f i plugin_test1.obj
 0001:00002df3       ??$t_ref_get_other_interface@UIStreamWriter@libmedia@UModSys@@U?$TRefObjectFunc@UIStreamWriter@libmedia@UModSys@@@tl@3@@IRefObject@core@UModSys@@QAE_NAAU?$TRefObject@UIStreamWriter@libmedia@UModSys@@U?$TRefObjectFunc@UIStreamWriter@libmedia@UModSys@@@tl@3@@tl@2@@Z 10003df3 f i plugin_test1.obj
 0001:00002e22       ??$t_generate@UICollector@libui@UModSys@@@SModuleContext@base@UModSys@@QAE_NAAU?$TRefObject@UICollector@libui@UModSys@@U?$TRefObjectFunc@UICollector@libui@UModSys@@@tl@3@@tl@2@PBUSUniquePointerInfo@core@2@ABUSParameters@62@@Z 10003e22 f i plugin_test1.obj
 0001:00002ebe       ??$t_generate@UITerminal@libui@UModSys@@@SModuleContext@base@UModSys@@QAE_NAAU?$TRefObject@UITerminal@libui@UModSys@@U?$TRefObjectFunc@UITerminal@libui@UModSys@@@tl@3@@tl@2@PBUSUniquePointerInfo@core@2@ABUSParameters@62@@Z 10003ebe f i plugin_test1.obj
 0001:00002f5a       ??$t_ref_get_other_interface@UIImageFactory@lib2d@UModSys@@U?$TRefObjectFunc@UIImageFactory@lib2d@UModSys@@@tl@3@@IRefObject@core@UModSys@@QAE_NAAU?$TRefObject@UIImageFactory@lib2d@UModSys@@U?$TRefObjectFunc@UIImageFactory@lib2d@UModSys@@@tl@3@@tl@2@@Z 10003f5a f i plugin_test1.obj
 0001:00002f89       ??$t_ref_get_other_interface@UIMultiImage@lib2d@UModSys@@U?$TRefObjectFunc@UIMultiImage@lib2d@UModSys@@@tl@3@@IRefObject@core@UModSys@@QAE_NAAU?$TRefObject@UIMultiImage@lib2d@UModSys@@U?$TRefObjectFunc@UIMultiImage@lib2d@UModSys@@@tl@3@@tl@2@@Z 10003f89 f i plugin_test1.obj
 0001:00002fa9       ?alloc@SMemShared@core@UModSys@@QAE_NIPAUSSourceContext@23@@Z 10003fa9 f i umodsys_lib_lib2d:umodsys.mod.2d.stdlib.obj
 0001:00002fc2       ?ConvertSameSize@stdlib@lib2d@modules@UModSys@@YA_NW4eImageType@24@ABU?$TVector2@H@math3d@4@11ABUSMem@core@4@11ABUSCMem@94@@Z 10003fc2 f i umodsys_lib_lib2d:umodsys.mod.2d.stdlib.obj
 0001:00003045       ?ConvertSame@stdlib@lib2d@modules@UModSys@@YA_NW4eImageType@24@ABU?$TBoundBox2@H@math3d@4@ABU?$TVector2@H@74@ABUSMem@core@4@12ABUSCMem@core@4@@Z 10004045 f i umodsys_lib_lib2d:umodsys.mod.2d.stdlib.obj
 0001:000030a8       ?Convert@stdlib@lib2d@modules@UModSys@@YA_NABU?$TBoundBox2@H@math3d@4@ABUSImageInfo@24@ABUSMem@core@4@01ABUSCMem@94@@Z 100040a8 f i umodsys_lib_lib2d:umodsys.mod.2d.stdlib.obj
 0001:0000310a       ?root_get_interface_info@RImage_Memory@stdlib@lib2d@modules@UModSys@@UBEABUSUniquePointerInfo@core@5@XZ 1000410a f i umodsys_lib_lib2d:umodsys.mod.2d.stdlib.obj
 0001:00003110       ?root_get_interface_type@RImage_Memory@stdlib@lib2d@modules@UModSys@@UBEPBUSUniquePointerInfo@core@5@XZ 10004110 f i umodsys_lib_lib2d:umodsys.mod.2d.stdlib.obj
 0001:00003116       ?root_get_other_interface@RImage_Memory@stdlib@lib2d@modules@UModSys@@UAEPAUIRoot@core@5@PBUSUniquePointerInfo@75@@Z 10004116 f i umodsys_lib_lib2d:umodsys.mod.2d.stdlib.obj
 0001:00003116       ?root_get_other_interface@RImage_Memory@stdlib@lib2d@modules@UModSys@@UBEPBUIRoot@core@5@PBUSUniquePointerInfo@75@@Z 10004116 f i umodsys_lib_lib2d:umodsys.mod.2d.stdlib.obj
 0001:00003137       ?root_is_interface_supported@RImage_Memory@stdlib@lib2d@modules@UModSys@@UBE_NPBUSUniquePointerInfo@core@5@@Z 10004137 f i umodsys_lib_lib2d:umodsys.mod.2d.stdlib.obj
 0001:0000315e       ??0State@RImage_Memory@stdlib@lib2d@modules@UModSys@@QAE@XZ 1000415e f i umodsys_lib_lib2d:umodsys.mod.2d.stdlib.obj
 0001:00003190       ?root_get_interface_info@RImageFactory_Memory@stdlib@lib2d@modules@UModSys@@UBEABUSUniquePointerInfo@core@5@XZ 10004190 f i umodsys_lib_lib2d:umodsys.mod.2d.stdlib.obj
 0001:00003196       ?root_get_interface_type@RImageFactory_Memory@stdlib@lib2d@modules@UModSys@@UBEPBUSUniquePointerInfo@core@5@XZ 10004196 f i umodsys_lib_lib2d:umodsys.mod.2d.stdlib.obj
 0001:0000319c       ?root_get_other_interface@RImageFactory_Memory@stdlib@lib2d@modules@UModSys@@UBEPBUIRoot@core@5@PBUSUniquePointerInfo@75@@Z 1000419c f i umodsys_lib_lib2d:umodsys.mod.2d.stdlib.obj
 0001:0000319c       ?root_get_other_interface@RImageFactory_Memory@stdlib@lib2d@modules@UModSys@@UAEPAUIRoot@core@5@PBUSUniquePointerInfo@75@@Z 1000419c f i umodsys_lib_lib2d:umodsys.mod.2d.stdlib.obj
 0001:000031bd       ?root_is_interface_supported@RImageFactory_Memory@stdlib@lib2d@modules@UModSys@@UBE_NPBUSUniquePointerInfo@core@5@@Z 100041bd f i umodsys_lib_lib2d:umodsys.mod.2d.stdlib.obj
 0001:000031e4       ?root_get_interface_info@RMultiImage@stdlib@lib2d@modules@UModSys@@UBEABUSUniquePointerInfo@core@5@XZ 100041e4 f i umodsys_lib_lib2d:umodsys.mod.2d.stdlib.obj
 0001:000031ea       ?root_get_interface_type@RMultiImage@stdlib@lib2d@modules@UModSys@@UBEPBUSUniquePointerInfo@core@5@XZ 100041ea f i umodsys_lib_lib2d:umodsys.mod.2d.stdlib.obj
 0001:000031f0       ?root_get_other_interface@RMultiImage@stdlib@lib2d@modules@UModSys@@UBEPBUIRoot@core@5@PBUSUniquePointerInfo@75@@Z 100041f0 f i umodsys_lib_lib2d:umodsys.mod.2d.stdlib.obj
 0001:000031f0       ?root_get_other_interface@RMultiImage@stdlib@lib2d@modules@UModSys@@UAEPAUIRoot@core@5@PBUSUniquePointerInfo@75@@Z 100041f0 f i umodsys_lib_lib2d:umodsys.mod.2d.stdlib.obj
 0001:00003211       ?root_is_interface_supported@RMultiImage@stdlib@lib2d@modules@UModSys@@UBE_NPBUSUniquePointerInfo@core@5@@Z 10004211 f i umodsys_lib_lib2d:umodsys.mod.2d.stdlib.obj
 0001:00003238       ?get_generated_names@RGenerator@stdlib@lib2d@modules@UModSys@@UBEHAAUSUniquePtrList@core@5@@Z 10004238 f i umodsys_lib_lib2d:umodsys.mod.2d.stdlib.obj
 0001:00003267       ?get_generated_types@RGenerator@stdlib@lib2d@modules@UModSys@@UBEHAAUSUniquePtrList@core@5@PBUSUniquePointerInfo@75@@Z 10004267 f i umodsys_lib_lib2d:umodsys.mod.2d.stdlib.obj
 0001:000032d1       ?generate@RGenerator@stdlib@lib2d@modules@UModSys@@UAE_NAAU?$TRefObject@UIRefObject@core@UModSys@@U?$TRefObjectFunc@UIRefObject@core@UModSys@@@tl@3@@tl@5@PBUSUniquePointerInfo@core@5@ABUSParameters@95@@Z 100042d1 f i umodsys_lib_lib2d:umodsys.mod.2d.stdlib.obj
 0001:0000333c       ?root_get_interface_info@RGenerator@stdlib@lib2d@modules@UModSys@@UBEABUSUniquePointerInfo@core@5@XZ 1000433c f i umodsys_lib_lib2d:umodsys.mod.2d.stdlib.obj
 0001:00003342       ?root_get_interface_type@RGenerator@stdlib@lib2d@modules@UModSys@@UBEPBUSUniquePointerInfo@core@5@XZ 10004342 f i umodsys_lib_lib2d:umodsys.mod.2d.stdlib.obj
 0001:00003348       ?root_get_other_interface@RGenerator@stdlib@lib2d@modules@UModSys@@UBEPBUIRoot@core@5@PBUSUniquePointerInfo@75@@Z 10004348 f i umodsys_lib_lib2d:umodsys.mod.2d.stdlib.obj
 0001:00003348       ?root_get_other_interface@RGenerator@stdlib@lib2d@modules@UModSys@@UAEPAUIRoot@core@5@PBUSUniquePointerInfo@75@@Z 10004348 f i umodsys_lib_lib2d:umodsys.mod.2d.stdlib.obj
 0001:00003361       ?root_is_interface_supported@RGenerator@stdlib@lib2d@modules@UModSys@@UBE_NPBUSUniquePointerInfo@core@5@@Z 10004361 f i umodsys_lib_lib2d:umodsys.mod.2d.stdlib.obj
 0001:00003380       ?get_uid@RGenerator@stdlib@lib2d@modules@UModSys@@UBEPBUSUniquePointerInfo@core@5@XZ 10004380 f i umodsys_lib_lib2d:umodsys.mod.2d.stdlib.obj
 0001:00003386       ?set_info@RImage_Memory@stdlib@lib2d@modules@UModSys@@UAE_NABUSImagePatchInfo@35@PBD@Z 10004386 f   umodsys_lib_lib2d:umodsys.mod.2d.stdlib.obj
 0001:000034ee       ??1SMemShared@core@UModSys@@QAE@XZ 100044ee f i plugin_test1.obj
 0001:000034ee       ??1SCMemShared@core@UModSys@@QAE@XZ 100044ee f i plugin_test1.obj
 0001:000034ee       ??1State@RImage_Memory@stdlib@lib2d@modules@UModSys@@QAE@XZ 100044ee f i umodsys_lib_lib2d:umodsys.mod.2d.stdlib.obj
 0001:000034f8       ??4State@RImage_Memory@stdlib@lib2d@modules@UModSys@@QAEAAU012345@ABU012345@@Z 100044f8 f i umodsys_lib_lib2d:umodsys.mod.2d.stdlib.obj
 0001:00003548       ?set_data@RImage_Memory@stdlib@lib2d@modules@UModSys@@UAE_NABUSImagePatchInfo@35@ABUSCMem@core@5@H@Z 10004548 f   umodsys_lib_lib2d:umodsys.mod.2d.stdlib.obj
 0001:000035b2       ?get_info@RImage_Memory@stdlib@lib2d@modules@UModSys@@UBEABUSImageInfo@35@XZ 100045b2 f   umodsys_lib_lib2d:umodsys.mod.2d.stdlib.obj
 0001:000035b6       ?get_data@RImage_Memory@stdlib@lib2d@modules@UModSys@@UBE_NABUSImagePatchInfo@35@ABUSMem@core@5@H@Z 100045b6 f   umodsys_lib_lib2d:umodsys.mod.2d.stdlib.obj
 0001:0000363c       ??0RImage_Memory@stdlib@lib2d@modules@UModSys@@QAE@PAUIModObject@base@4@ABUSParameters@core@4@@Z 1000463c f   umodsys_lib_lib2d:umodsys.mod.2d.stdlib.obj
 0001:00003688       ??_GRImage_Memory@stdlib@lib2d@modules@UModSys@@UAEPAXI@Z 10004688 f i umodsys_lib_lib2d:umodsys.mod.2d.stdlib.obj
 0001:00003688       ??_ERImage_Memory@stdlib@lib2d@modules@UModSys@@UAEPAXI@Z 10004688 f i  CIL library: CIL module
 0001:000036d5       ?image_new@RImageFactory_Memory@stdlib@lib2d@modules@UModSys@@UAE?AU?$TRefObject@UIImage@lib2d@UModSys@@U?$TRefObjectFunc@UIImage@lib2d@UModSys@@@tl@3@@tl@5@XZ 100046d5 f   umodsys_lib_lib2d:umodsys.mod.2d.stdlib.obj
 0001:0000381b       ?image_new@RImageFactory_Memory@stdlib@lib2d@modules@UModSys@@UAE?AU?$TRefObject@UIImage@lib2d@UModSys@@U?$TRefObjectFunc@UIImage@lib2d@UModSys@@@tl@3@@tl@5@ABUSImagePatchInfo@35@PBD@Z 1000481b f   umodsys_lib_lib2d:umodsys.mod.2d.stdlib.obj
 0001:00003971       ??0RImageFactory_Memory@stdlib@lib2d@modules@UModSys@@QAE@PAUIModObject@base@4@ABUSParameters@core@4@@Z 10004971 f   umodsys_lib_lib2d:umodsys.mod.2d.stdlib.obj
 0001:000039b5       ?get_max_cell_size@RMultiImage@stdlib@lib2d@modules@UModSys@@UBE?AU?$TVector2@H@math3d@5@XZ 100049b5 f   umodsys_lib_lib2d:umodsys.mod.2d.stdlib.obj
 0001:000039b5       ?get_max_layer_size@RMultiImage@stdlib@lib2d@modules@UModSys@@UBE?AU?$TVector2@H@math3d@5@XZ 100049b5 f   umodsys_lib_lib2d:umodsys.mod.2d.stdlib.obj
 0001:000039d7       ?get_fixed_cell_size@RMultiImage@stdlib@lib2d@modules@UModSys@@UBE?AU?$TVector2@H@math3d@5@XZ 100049d7 f   umodsys_lib_lib2d:umodsys.mod.2d.stdlib.obj
 0001:000039f5       ?get_layer_count@RMultiImage@stdlib@lib2d@modules@UModSys@@UBEGXZ 100049f5 f   umodsys_lib_lib2d:umodsys.mod.2d.stdlib.obj
 0001:00003a03       ?get_layer@RMultiImage@stdlib@lib2d@modules@UModSys@@UBEPAUIImage@35@G@Z 10004a03 f   umodsys_lib_lib2d:umodsys.mod.2d.stdlib.obj
 0001:00003a20       ?get_cell_count@RMultiImage@stdlib@lib2d@modules@UModSys@@UBEIXZ 10004a20 f   umodsys_lib_lib2d:umodsys.mod.2d.stdlib.obj
 0001:00003a2d       ?get_cell@RMultiImage@stdlib@lib2d@modules@UModSys@@UBE_NIAAU?$TVector2@H@math3d@5@PAU675@PAG@Z 10004a2d f   umodsys_lib_lib2d:umodsys.mod.2d.stdlib.obj
 0001:00003a8b       ?get_cell@RMultiImage@stdlib@lib2d@modules@UModSys@@UBE_NIAAUSImageCellInfo@35@@Z 10004a8b f   umodsys_lib_lib2d:umodsys.mod.2d.stdlib.obj
 0001:00003ab1       ?set_layer_count@RMultiImage@stdlib@lib2d@modules@UModSys@@UAE_NG@Z 10004ab1 f   umodsys_lib_lib2d:umodsys.mod.2d.stdlib.obj
 0001:00003b91       ?setup_fixed_cell@RMultiImage@stdlib@lib2d@modules@UModSys@@UAE_NHH@Z 10004b91 f   umodsys_lib_lib2d:umodsys.mod.2d.stdlib.obj
 0001:00003bb2       ?setup_variable_cell@RMultiImage@stdlib@lib2d@modules@UModSys@@UAE_NPBUSImageCellInfo@35@KK@Z 10004bb2 f   umodsys_lib_lib2d:umodsys.mod.2d.stdlib.obj
 0001:00003c24       ??0RMultiImage@stdlib@lib2d@modules@UModSys@@QAE@PAUIModObject@base@4@ABUSParameters@core@4@@Z 10004c24 f   umodsys_lib_lib2d:umodsys.mod.2d.stdlib.obj
 0001:00003ccb       ??_ERMultiImage@stdlib@lib2d@modules@UModSys@@UAEPAXI@Z 10004ccb f i  CIL library: CIL module
 0001:00003ccb       ??_GRMultiImage@stdlib@lib2d@modules@UModSys@@UAEPAXI@Z 10004ccb f i umodsys_lib_lib2d:umodsys.mod.2d.stdlib.obj
 0001:00003d2f       ?do_open@RModuleReg@stdlib@lib2d@modules@UModSys@@UAE_NXZ 10004d2f f i umodsys_lib_lib2d:umodsys.mod.2d.stdlib.obj
 0001:00003d7d       ?do_close@RModuleReg@stdlib@lib2d@modules@UModSys@@UAE_NXZ 10004d7d f i umodsys_lib_lib2d:umodsys.mod.2d.stdlib.obj
 0001:00003db8       ?get_module@RGenerator@stdlib@lib2d@modules@UModSys@@UBEPAUIModule@base@5@XZ 10004db8 f   umodsys_lib_lib2d:umodsys.mod.2d.stdlib.obj
 0001:00003dbe       ?mod_inc@RGenerator@stdlib@lib2d@modules@UModSys@@UBE_NXZ 10004dbe f   umodsys_lib_lib2d:umodsys.mod.2d.stdlib.obj
 0001:00003dc9       ?mod_dec@RGenerator@stdlib@lib2d@modules@UModSys@@UBE_NXZ 10004dc9 f   umodsys_lib_lib2d:umodsys.mod.2d.stdlib.obj
 0001:00003dd4       ?s_holder@RGenerator@stdlib@lib2d@modules@UModSys@@SAAAU?$TTypeStaticHolder@URGenerator@stdlib@lib2d@modules@UModSys@@@tl@5@XZ 10004dd4 f   umodsys_lib_lib2d:umodsys.mod.2d.stdlib.obj
 0001:00003e06       ??1?$TDynarrayDynamic@USImageCellInfo@lib2d@UModSys@@U?$TAllocator@USIMemAlloc@core@UModSys@@USCountCalcPower2@23@@tl@3@@tl@UModSys@@QAE@XZ 10004e06 f i umodsys_lib_lib2d:umodsys.mod.2d.stdlib.obj
 0001:00003e0b       ?Resize@?$TDynarray@U?$TDynarrayHolderDynamic@USImageCellInfo@lib2d@UModSys@@U?$TAllocator@USIMemAlloc@core@UModSys@@USCountCalcPower2@23@@tl@3@@tl@UModSys@@@tl@UModSys@@QAE_NI@Z 10004e0b f i umodsys_lib_lib2d:umodsys.mod.2d.stdlib.obj
 0001:00003e38       ??1?$TDynarrayDynamic@U?$TRefObject@UIImage@lib2d@UModSys@@U?$TRefObjectFunc@UIImage@lib2d@UModSys@@@tl@3@@tl@UModSys@@U?$TAllocator@USIMemAlloc@core@UModSys@@USCountCalcPower2@23@@23@@tl@UModSys@@QAE@XZ 10004e38 f i umodsys_lib_lib2d:umodsys.mod.2d.stdlib.obj
 0001:00003e3d       ??1?$TDynarray@U?$TDynarrayHolderDynamic@USImageCellInfo@lib2d@UModSys@@U?$TAllocator@USIMemAlloc@core@UModSys@@USCountCalcPower2@23@@tl@3@@tl@UModSys@@@tl@UModSys@@QAE@XZ 10004e3d f i umodsys_lib_lib2d:umodsys.mod.2d.stdlib.obj
 0001:00003e99       ??1?$TDynarray@U?$TDynarrayHolderDynamic@U?$TRefObject@UIImage@lib2d@UModSys@@U?$TRefObjectFunc@UIImage@lib2d@UModSys@@@tl@3@@tl@UModSys@@U?$TAllocator@USIMemAlloc@core@UModSys@@USCountCalcPower2@23@@23@@tl@UModSys@@@tl@UModSys@@QAE@XZ 10004e99 f i umodsys_lib_lib2d:umodsys.mod.2d.stdlib.obj
 0001:00003edc       ?ResizeRel@?$TDynarray@U?$TDynarrayHolderDynamic@U?$TRefObject@UIImage@lib2d@UModSys@@U?$TRefObjectFunc@UIImage@lib2d@UModSys@@@tl@3@@tl@UModSys@@U?$TAllocator@USIMemAlloc@core@UModSys@@USCountCalcPower2@23@@23@@tl@UModSys@@@tl@UModSys@@QAE_NH@Z 10004edc f i umodsys_lib_lib2d:umodsys.mod.2d.stdlib.obj
 0001:00003f5c       ??$t_gen_param@URImage_Memory@stdlib@lib2d@modules@UModSys@@URGenerator@2345@@IGenerator@base@UModSys@@IAE_NPAURGenerator@stdlib@lib2d@modules@2@AAU?$TRefObject@UIRefObject@core@UModSys@@U?$TRefObjectFunc@UIRefObject@core@UModSys@@@tl@3@@tl@2@PBUSUniquePointerInfo@core@2@ABUSParameters@core@2@@Z 10004f5c f i umodsys_lib_lib2d:umodsys.mod.2d.stdlib.obj
 0001:00003fee       ??$t_gen_param@URImageFactory_Memory@stdlib@lib2d@modules@UModSys@@URGenerator@2345@@IGenerator@base@UModSys@@IAE_NPAURGenerator@stdlib@lib2d@modules@2@AAU?$TRefObject@UIRefObject@core@UModSys@@U?$TRefObjectFunc@UIRefObject@core@UModSys@@@tl@3@@tl@2@PBUSUniquePointerInfo@core@2@ABUSParameters@core@2@@Z 10004fee f i umodsys_lib_lib2d:umodsys.mod.2d.stdlib.obj
 0001:00004080       ??$t_gen_param@URMultiImage@stdlib@lib2d@modules@UModSys@@URGenerator@2345@@IGenerator@base@UModSys@@IAE_NPAURGenerator@stdlib@lib2d@modules@2@AAU?$TRefObject@UIRefObject@core@UModSys@@U?$TRefObjectFunc@UIRefObject@core@UModSys@@@tl@3@@tl@2@PBUSUniquePointerInfo@core@2@ABUSParameters@core@2@@Z 10005080 f i umodsys_lib_lib2d:umodsys.mod.2d.stdlib.obj
 0001:00004128       ??$ValidateConstruction@UIImage@lib2d@UModSys@@URImage_Memory@stdlib@2modules@3@@core@UModSys@@YA_NAAU?$TRefObject@UIImage@lib2d@UModSys@@U?$TRefObjectFunc@UIImage@lib2d@UModSys@@@tl@3@@tl@1@PAURImage_Memory@stdlib@lib2d@modules@1@@Z 10005128 f i umodsys_lib_lib2d:umodsys.mod.2d.stdlib.obj
 0001:00004169       ?ReLink@?$TDynarray@U?$TDynarrayHolderDynamic@UNode@RSerializeWriter@serialize_json@media@modules@UModSys@@U?$TAllocator@USIMemAlloc@core@UModSys@@USCountCalcPower2@23@@tl@6@@tl@UModSys@@@tl@UModSys@@IAE_NI@Z 10005169 f i umodsys_lib_libmedia:umodsys.mod.media.serialize_json.obj
 0001:00004169       ?ReLink@?$TDynarray@U?$TDynarrayHolderDynamic@USImageCellInfo@lib2d@UModSys@@U?$TAllocator@USIMemAlloc@core@UModSys@@USCountCalcPower2@23@@tl@3@@tl@UModSys@@@tl@UModSys@@IAE_NI@Z 10005169 f i umodsys_lib_lib2d:umodsys.mod.2d.stdlib.obj
 0001:000041ab       ?ReLink@?$TDynarray@U?$TDynarrayHolderDynamic@U?$TRefObject@UIImage@lib2d@UModSys@@U?$TRefObjectFunc@UIImage@lib2d@UModSys@@@tl@3@@tl@UModSys@@U?$TAllocator@USIMemAlloc@core@UModSys@@USCountCalcPower2@23@@23@@tl@UModSys@@@tl@UModSys@@IAE_NI@Z 100051ab f i umodsys_lib_lib2d:umodsys.mod.2d.stdlib.obj
 0001:000041ab       ?ReLink@?$TDynarray@U?$TDynarrayHolderDynamic@U?$TRefObject@URFrame_Common@frames@ui@modules@UModSys@@U?$TRefObjectFunc@URFrame_Common@frames@ui@modules@UModSys@@@tl@5@@tl@UModSys@@U?$TAllocator@USIMemAlloc@core@UModSys@@USCountCalcPower2@23@@23@@tl@UModSys@@@tl@UModSys@@IAE_NI@Z 100051ab f i umodsys_lib_libui:umodsys.mod.ui.frames.obj
 0001:000041ab       ?ReLink@?$TDynarray@U?$TDynarrayHolderDynamic@U?$TRefObject@URDialog@frames@ui@modules@UModSys@@U?$TRefObjectFunc@URDialog@frames@ui@modules@UModSys@@@tl@5@@tl@UModSys@@U?$TAllocator@USIMemAlloc@core@UModSys@@USCountCalcPower2@23@@23@@tl@UModSys@@@tl@UModSys@@IAE_NI@Z 100051ab f i umodsys_lib_libui:umodsys.mod.ui.frames.obj
 0001:000041ed       ?remove@WeakPointer@IRefObject@core@UModSys@@QAEXXZ 100051ed f i umodsys_lib_libui:umodsys.mod.ui.SDL_GL.obj
 0001:00004213       ?get@SParameters@core@UModSys@@QBE_NPBDAAPBD@Z 10005213 f i umodsys_lib_libui:umodsys.mod.ui.SDL_GL.obj
 0001:0000422e       ?get@SParameters@core@UModSys@@QBE_NPBDAAH@Z 1000522e f i umodsys_lib_libui:umodsys.mod.ui.SDL_GL.obj
 0001:00004249       ?check_ext@SGLFuncsBase@SDL_GL@ui@modules@UModSys@@QAE_NPBD@Z 10005249 f i umodsys_lib_libui:umodsys.mod.ui.SDL_GL.obj
 0001:0000425c       ?set_blend@SGLFuncs@SDL_GL@ui@modules@UModSys@@QBEX_N@Z 1000525c f i umodsys_lib_libui:umodsys.mod.ui.SDL_GL.obj
 0001:00004288       ?set_blend@SGLFuncs@SDL_GL@ui@modules@UModSys@@QBEXII@Z 10005288 f i umodsys_lib_libui:umodsys.mod.ui.SDL_GL.obj
 0001:000042b2       ?set_stage@SGLFuncs@SDL_GL@ui@modules@UModSys@@QBEXH@Z 100052b2 f i umodsys_lib_libui:umodsys.mod.ui.SDL_GL.obj
 0001:000042e5       ?set_tex2d@SGLFuncs@SDL_GL@ui@modules@UModSys@@QBEX_N@Z 100052e5 f i umodsys_lib_libui:umodsys.mod.ui.SDL_GL.obj
 0001:00004311       ?set_bound@SGLFuncs@SDL_GL@ui@modules@UModSys@@QBEXI@Z 10005311 f i umodsys_lib_libui:umodsys.mod.ui.SDL_GL.obj
 0001:00004336       ?set_ctc@SGLFuncsLegacy@SDL_GL@ui@modules@UModSys@@QBEX_N@Z 10005336 f i umodsys_lib_libui:umodsys.mod.ui.SDL_GL.obj
 0001:0000435e       ?set_composite@SGLFuncsLegacy@SDL_GL@ui@modules@UModSys@@QBEXH@Z 1000535e f i umodsys_lib_libui:umodsys.mod.ui.SDL_GL.obj
 0001:00004386       ?set_composite_all@SGLFuncsLegacy@SDL_GL@ui@modules@UModSys@@QBEXH@Z 10005386 f i umodsys_lib_libui:umodsys.mod.ui.SDL_GL.obj
 0001:000043e7       ?force@TextureInfo@SGLFuncs@SDL_GL@ui@modules@UModSys@@QBEXABU23456@@Z 100053e7 f i umodsys_lib_libui:umodsys.mod.ui.SDL_GL.obj
 0001:0000442b       ?crebind@STextureGL@SDL_GL@ui@modules@UModSys@@QAEX_N@Z 1000542b f i umodsys_lib_libui:umodsys.mod.ui.SDL_GL.obj
 0001:00004458       ?root_get_interface_info@RKeyboardController@SDL_GL@ui@modules@UModSys@@UBEABUSUniquePointerInfo@core@5@XZ 10005458 f i umodsys_lib_libui:umodsys.mod.ui.SDL_GL.obj
 0001:0000445e       ?root_get_interface_type@RKeyboardController@SDL_GL@ui@modules@UModSys@@UBEPBUSUniquePointerInfo@core@5@XZ 1000545e f i umodsys_lib_libui:umodsys.mod.ui.SDL_GL.obj
 0001:00004464       ?root_get_other_interface@RKeyboardController@SDL_GL@ui@modules@UModSys@@UBEPBUIRoot@core@5@PBUSUniquePointerInfo@75@@Z 10005464 f i umodsys_lib_libui:umodsys.mod.ui.SDL_GL.obj
 0001:00004464       ?root_get_other_interface@RKeyboardController@SDL_GL@ui@modules@UModSys@@UAEPAUIRoot@core@5@PBUSUniquePointerInfo@75@@Z 10005464 f i umodsys_lib_libui:umodsys.mod.ui.SDL_GL.obj
 0001:00004485       ?root_is_interface_supported@RKeyboardController@SDL_GL@ui@modules@UModSys@@UBE_NPBUSUniquePointerInfo@core@5@@Z 10005485 f i umodsys_lib_libui:umodsys.mod.ui.SDL_GL.obj
 0001:000044ac       ?root_get_interface_info@RMouseController@SDL_GL@ui@modules@UModSys@@UBEABUSUniquePointerInfo@core@5@XZ 100054ac f i umodsys_lib_libui:umodsys.mod.ui.SDL_GL.obj
 0001:000044b2       ?root_get_interface_type@RMouseController@SDL_GL@ui@modules@UModSys@@UBEPBUSUniquePointerInfo@core@5@XZ 100054b2 f i umodsys_lib_libui:umodsys.mod.ui.SDL_GL.obj
 0001:000044b8       ?root_get_other_interface@RMouseController@SDL_GL@ui@modules@UModSys@@UBEPBUIRoot@core@5@PBUSUniquePointerInfo@75@@Z 100054b8 f i umodsys_lib_libui:umodsys.mod.ui.SDL_GL.obj
 0001:000044b8       ?root_get_other_interface@RMouseController@SDL_GL@ui@modules@UModSys@@UAEPAUIRoot@core@5@PBUSUniquePointerInfo@75@@Z 100054b8 f i umodsys_lib_libui:umodsys.mod.ui.SDL_GL.obj
 0001:000044d9       ?root_is_interface_supported@RMouseController@SDL_GL@ui@modules@UModSys@@UBE_NPBUSUniquePointerInfo@core@5@@Z 100054d9 f i umodsys_lib_libui:umodsys.mod.ui.SDL_GL.obj
 0001:00004500       ?suicide@RMouseController@SDL_core@ui@modules@UModSys@@UAEXXZ 10005500 f i umodsys_lib_libui:umodsys.mod.ui.SDL_core.obj
 0001:00004500       ?suicide@RKeyboardController@SDL_GL@ui@modules@UModSys@@UAEXXZ 10005500 f i umodsys_lib_libui:umodsys.mod.ui.SDL_GL.obj
 0001:00004500       ?suicide@RRenderDriver2D@SDL_core@ui@modules@UModSys@@UAEXXZ 10005500 f i umodsys_lib_libui:umodsys.mod.ui.SDL_core.obj
 0001:00004500       ?suicide@RRenderDriver3D@SDL_GL@ui@modules@UModSys@@UAEXXZ 10005500 f i umodsys_lib_libui:umodsys.mod.ui.SDL_GL.obj
 0001:00004500       ?suicide@IRoot@core@UModSys@@UAEXXZ 10005500 f i umodsys_lib_core:umodsys.core.objects.obj
 0001:00004500       ?suicide@RKeyboardController@SDL_core@ui@modules@UModSys@@UAEXXZ 10005500 f i umodsys_lib_libui:umodsys.mod.ui.SDL_core.obj
 0001:00004500       ?suicide@RMouseController@SDL_GL@ui@modules@UModSys@@UAEXXZ 10005500 f i umodsys_lib_libui:umodsys.mod.ui.SDL_GL.obj
 0001:0000450b       ?_root_is_interface_supported@RTerminal@SDL_GL@ui@modules@UModSys@@SA_NPBUSUniquePointerInfo@core@5@@Z 1000550b f i umodsys_lib_libui:umodsys.mod.ui.SDL_GL.obj
 0001:0000452b       ?root_get_interface_info@RTerminal@SDL_GL@ui@modules@UModSys@@UBEABUSUniquePointerInfo@core@5@XZ 1000552b f i umodsys_lib_libui:umodsys.mod.ui.SDL_GL.obj
 0001:00004531       ?root_get_interface_type@RTerminal@SDL_GL@ui@modules@UModSys@@UBEPBUSUniquePointerInfo@core@5@XZ 10005531 f i umodsys_lib_libui:umodsys.mod.ui.SDL_GL.obj
 0001:00004537       ?root_get_other_interface@RTerminal@SDL_GL@ui@modules@UModSys@@UAEPAUIRoot@core@5@PBUSUniquePointerInfo@75@@Z 10005537 f i umodsys_lib_libui:umodsys.mod.ui.SDL_GL.obj
 0001:00004537       ?root_get_other_interface@RTerminal@SDL_GL@ui@modules@UModSys@@UBEPBUIRoot@core@5@PBUSUniquePointerInfo@75@@Z 10005537 f i umodsys_lib_libui:umodsys.mod.ui.SDL_GL.obj
 0001:00004558       ?root_is_interface_supported@RTerminal@SDL_GL@ui@modules@UModSys@@UBE_NPBUSUniquePointerInfo@core@5@@Z 10005558 f i umodsys_lib_libui:umodsys.mod.ui.SDL_GL.obj
 0001:00004564       ?root_get_interface_info@RMultiImage2D_SDL_ttf@SDL_GL@ui@modules@UModSys@@UBEABUSUniquePointerInfo@core@5@XZ 10005564 f i umodsys_lib_libui:umodsys.mod.ui.SDL_GL.obj
 0001:0000456a       ?root_get_interface_type@RMultiImage2D_SDL_ttf@SDL_GL@ui@modules@UModSys@@UBEPBUSUniquePointerInfo@core@5@XZ 1000556a f i umodsys_lib_libui:umodsys.mod.ui.SDL_GL.obj
 0001:00004570       ?root_get_other_interface@RMultiImage2D_SDL_ttf@SDL_GL@ui@modules@UModSys@@UAEPAUIRoot@core@5@PBUSUniquePointerInfo@75@@Z 10005570 f i umodsys_lib_libui:umodsys.mod.ui.SDL_GL.obj
 0001:00004570       ?root_get_other_interface@RMultiImage2D_SDL_ttf@SDL_GL@ui@modules@UModSys@@UBEPBUIRoot@core@5@PBUSUniquePointerInfo@75@@Z 10005570 f i umodsys_lib_libui:umodsys.mod.ui.SDL_GL.obj
 0001:00004591       ?root_is_interface_supported@RMultiImage2D_SDL_ttf@SDL_GL@ui@modules@UModSys@@UBE_NPBUSUniquePointerInfo@core@5@@Z 10005591 f i umodsys_lib_libui:umodsys.mod.ui.SDL_GL.obj
 0001:000045b8       ??1Glyph@RMultiImage2D_SDL_ttf@SDL_GL@ui@modules@UModSys@@QAE@XZ 100055b8 f i umodsys_lib_libui:umodsys.mod.ui.SDL_GL.obj
 0001:000045f0       ?image_get_maxsize@RImageFactory_Memory@stdlib@lib2d@modules@UModSys@@UBE?AU?$TVector2@H@math3d@5@XZ 100055f0 f i umodsys_lib_lib2d:umodsys.mod.2d.stdlib.obj
 0001:000045f0       ?get_max_cell_size@RMultiImage2D_SDL_ttf@SDL_core@ui@modules@UModSys@@UBE?AU?$TVector2@H@math3d@5@XZ 100055f0 f i umodsys_lib_libui:umodsys.mod.ui.SDL_core.obj
 0001:000045f0       ?get_fixed_cell_size@RMultiImage2D_SDL_ttf@SDL_core@ui@modules@UModSys@@UBE?AU?$TVector2@H@math3d@5@XZ 100055f0 f i umodsys_lib_libui:umodsys.mod.ui.SDL_core.obj
 0001:000045f0       ?get_max_layer_size@RMultiImage2D_SDL_ttf@SDL_core@ui@modules@UModSys@@UBE?AU?$TVector2@H@math3d@5@XZ 100055f0 f i umodsys_lib_libui:umodsys.mod.ui.SDL_core.obj
 0001:000045f0       ?get_max_layer_size@RMultiImage2D_SDL_ttf@SDL_GL@ui@modules@UModSys@@UBE?AU?$TVector2@H@math3d@5@XZ 100055f0 f i umodsys_lib_libui:umodsys.mod.ui.SDL_GL.obj
 0001:000045f0       ?get_max_cell_size@RMultiImage2D_SDL_ttf@SDL_GL@ui@modules@UModSys@@UBE?AU?$TVector2@H@math3d@5@XZ 100055f0 f i umodsys_lib_libui:umodsys.mod.ui.SDL_GL.obj
 0001:000045f0       ?get_fixed_cell_size@RMultiImage2D_SDL_ttf@SDL_GL@ui@modules@UModSys@@UBE?AU?$TVector2@H@math3d@5@XZ 100055f0 f i umodsys_lib_libui:umodsys.mod.ui.SDL_GL.obj
 0001:000045fe       ?get_hwcinfo@RImage_Memory@stdlib@lib2d@modules@UModSys@@UBEPBXPBUSUniquePointerInfo@core@5@@Z 100055fe f i umodsys_lib_lib2d:umodsys.mod.2d.stdlib.obj
 0001:000045fe       ?get_controller@RRenderDriver2D@SDL_core@ui@modules@UModSys@@UBEPAUIRefObject@core@5@PBUSUniquePointerInfo@75@@Z 100055fe f i umodsys_lib_libui:umodsys.mod.ui.SDL_core.obj
 0001:000045fe       ?get_hwinfo@RImage_Memory@stdlib@lib2d@modules@UModSys@@UAEPAXPBUSUniquePointerInfo@core@5@@Z 100055fe f i umodsys_lib_lib2d:umodsys.mod.2d.stdlib.obj
 0001:000045fe       ?get_controller@RRenderDriver3D@SDL_GL@ui@modules@UModSys@@UBEPAUIRefObject@core@5@PBUSUniquePointerInfo@75@@Z 100055fe f i umodsys_lib_libui:umodsys.mod.ui.SDL_GL.obj
 0001:000045fe       ?open_drv3d@RTerminalX@SDL_core@ui@modules@UModSys@@UAEPAUIRenderDriver@lib3d@5@PBUSParameters@core@5@@Z 100055fe f i umodsys_lib_libui:umodsys.mod.ui.SDL_core.obj
 0001:000045fe       ?get_layer@RMultiImage2D_SDL_ttf@SDL_core@ui@modules@UModSys@@UBEPAUIImage@lib2d@5@G@Z 100055fe f i umodsys_lib_libui:umodsys.mod.ui.SDL_core.obj
 0001:000045fe       ?get_layer@RMultiImage2D_SDL_ttf@SDL_GL@ui@modules@UModSys@@UBEPAUIImage@lib2d@5@G@Z 100055fe f i umodsys_lib_libui:umodsys.mod.ui.SDL_GL.obj
 0001:00004603       ?get_cell@RMultiImage2D_SDL_ttf@SDL_core@ui@modules@UModSys@@UBE_NIAAU?$TVector2@H@math3d@5@PAU675@PAG@Z 10005603 f i umodsys_lib_libui:umodsys.mod.ui.SDL_core.obj
 0001:00004603       ?get_cell@RMultiImage2D_SDL_ttf@SDL_GL@ui@modules@UModSys@@UBE_NIAAU?$TVector2@H@math3d@5@PAU675@PAG@Z 10005603 f i umodsys_lib_libui:umodsys.mod.ui.SDL_GL.obj
 0001:00004603       ?setup_setlight@RRenderDriver3D@SDL_GL@ui@modules@UModSys@@UAE_NHW4eLightType@lib3d@5@ABUSLight@75@ABU?$TMatrix44@N@math3d@5@@Z 10005603 f i umodsys_lib_libui:umodsys.mod.ui.SDL_GL.obj
 0001:00004608       ?root_get_interface_info@RRenderDriver3D@SDL_GL@ui@modules@UModSys@@UBEABUSUniquePointerInfo@core@5@XZ 10005608 f i umodsys_lib_libui:umodsys.mod.ui.SDL_GL.obj
 0001:0000460e       ?root_get_interface_type@RRenderDriver3D@SDL_GL@ui@modules@UModSys@@UBEPBUSUniquePointerInfo@core@5@XZ 1000560e f i umodsys_lib_libui:umodsys.mod.ui.SDL_GL.obj
 0001:00004614       ?root_get_other_interface@RRenderDriver3D@SDL_GL@ui@modules@UModSys@@UBEPBUIRoot@core@5@PBUSUniquePointerInfo@75@@Z 10005614 f i umodsys_lib_libui:umodsys.mod.ui.SDL_GL.obj
 0001:00004614       ?root_get_other_interface@RRenderDriver3D@SDL_GL@ui@modules@UModSys@@UAEPAUIRoot@core@5@PBUSUniquePointerInfo@75@@Z 10005614 f i umodsys_lib_libui:umodsys.mod.ui.SDL_GL.obj
 0001:0000463d       ?root_is_interface_supported@RRenderDriver3D@SDL_GL@ui@modules@UModSys@@UBE_NPBUSUniquePointerInfo@core@5@@Z 1000563d f i umodsys_lib_libui:umodsys.mod.ui.SDL_GL.obj
 0001:0000466c       ?ref_weak@RRenderDriver2D@SDL_core@ui@modules@UModSys@@UBE_NAAUWeakPointer@IRefObject@core@5@@Z 1000566c f i umodsys_lib_libui:umodsys.mod.ui.SDL_core.obj
 0001:0000466c       ?ref_weak@RKeyboardController@SDL_GL@ui@modules@UModSys@@UBE_NAAUWeakPointer@IRefObject@core@5@@Z 1000566c f i umodsys_lib_libui:umodsys.mod.ui.SDL_GL.obj
 0001:0000466c       ?ref_weak@RRenderDriver3D@SDL_GL@ui@modules@UModSys@@UBE_NAAUWeakPointer@IRefObject@core@5@@Z 1000566c f i umodsys_lib_libui:umodsys.mod.ui.SDL_GL.obj
 0001:0000466c       ?ref_weak@RKeyboardController@SDL_core@ui@modules@UModSys@@UBE_NAAUWeakPointer@IRefObject@core@5@@Z 1000566c f i umodsys_lib_libui:umodsys.mod.ui.SDL_core.obj
 0001:0000466c       ?ref_weak@RMouseController@SDL_core@ui@modules@UModSys@@UBE_NAAUWeakPointer@IRefObject@core@5@@Z 1000566c f i umodsys_lib_libui:umodsys.mod.ui.SDL_core.obj
 0001:0000466c       ?ref_weak@RMouseController@SDL_GL@ui@modules@UModSys@@UBE_NAAUWeakPointer@IRefObject@core@5@@Z 1000566c f i umodsys_lib_libui:umodsys.mod.ui.SDL_GL.obj
 0001:0000468b       ?IsPhmV@RRenderDriver3D@SDL_GL@ui@modules@UModSys@@QAE_NW4ePhaseMode@2345@@Z 1000568b f i umodsys_lib_libui:umodsys.mod.ui.SDL_GL.obj
 0001:000046c6       ?root_get_interface_info@RTerminalX@SDL_GL@ui@modules@UModSys@@UBEABUSUniquePointerInfo@core@5@XZ 100056c6 f i umodsys_lib_libui:umodsys.mod.ui.SDL_GL.obj
 0001:000046cc       ?root_get_interface_type@RTerminalX@SDL_GL@ui@modules@UModSys@@UBEPBUSUniquePointerInfo@core@5@XZ 100056cc f i umodsys_lib_libui:umodsys.mod.ui.SDL_GL.obj
 0001:000046d2       ?root_get_other_interface@RTerminalX@SDL_GL@ui@modules@UModSys@@UAEPAUIRoot@core@5@PBUSUniquePointerInfo@75@@Z 100056d2 f i umodsys_lib_libui:umodsys.mod.ui.SDL_GL.obj
 0001:000046d2       ?root_get_other_interface@RTerminalX@SDL_GL@ui@modules@UModSys@@UBEPBUIRoot@core@5@PBUSUniquePointerInfo@75@@Z 100056d2 f i umodsys_lib_libui:umodsys.mod.ui.SDL_GL.obj
 0001:000046f3       ?root_is_interface_supported@RTerminalX@SDL_GL@ui@modules@UModSys@@UBE_NPBUSUniquePointerInfo@core@5@@Z 100056f3 f i umodsys_lib_libui:umodsys.mod.ui.SDL_GL.obj
 0001:00004712       ?root_get_interface_info@RVertexArray@SDL_GL@ui@modules@UModSys@@UBEABUSUniquePointerInfo@core@5@XZ 10005712 f i umodsys_lib_libui:umodsys.mod.ui.SDL_GL.obj
 0001:00004718       ?root_get_interface_type@RVertexArray@SDL_GL@ui@modules@UModSys@@UBEPBUSUniquePointerInfo@core@5@XZ 10005718 f i umodsys_lib_libui:umodsys.mod.ui.SDL_GL.obj
 0001:0000471e       ?root_get_other_interface@RVertexArray@SDL_GL@ui@modules@UModSys@@UAEPAUIRoot@core@5@PBUSUniquePointerInfo@75@@Z 1000571e f i umodsys_lib_libui:umodsys.mod.ui.SDL_GL.obj
 0001:0000471e       ?root_get_other_interface@RVertexArray@SDL_GL@ui@modules@UModSys@@UBEPBUIRoot@core@5@PBUSUniquePointerInfo@75@@Z 1000571e f i umodsys_lib_libui:umodsys.mod.ui.SDL_GL.obj
 0001:0000473f       ?root_is_interface_supported@RVertexArray@SDL_GL@ui@modules@UModSys@@UBE_NPBUSUniquePointerInfo@core@5@@Z 1000573f f i umodsys_lib_libui:umodsys.mod.ui.SDL_GL.obj
 0001:00004766       ?get_generated_names@RGenerator@SDL_GL@ui@modules@UModSys@@UBEHAAUSUniquePtrList@core@5@@Z 10005766 f i umodsys_lib_libui:umodsys.mod.ui.SDL_GL.obj
 0001:0000477f       ?get_generated_types@RGenerator@SDL_GL@ui@modules@UModSys@@UBEHAAUSUniquePtrList@core@5@PBUSUniquePointerInfo@75@@Z 1000577f f i umodsys_lib_libui:umodsys.mod.ui.SDL_GL.obj
 0001:000047bd       ?generate@RGenerator@SDL_GL@ui@modules@UModSys@@UAE_NAAU?$TRefObject@UIRefObject@core@UModSys@@U?$TRefObjectFunc@UIRefObject@core@UModSys@@@tl@3@@tl@5@PBUSUniquePointerInfo@core@5@ABUSParameters@95@@Z 100057bd f i umodsys_lib_libui:umodsys.mod.ui.SDL_GL.obj
 0001:000047de       ?root_get_interface_info@RGenerator@SDL_GL@ui@modules@UModSys@@UBEABUSUniquePointerInfo@core@5@XZ 100057de f i umodsys_lib_libui:umodsys.mod.ui.SDL_GL.obj
 0001:000047e4       ?root_get_interface_type@RGenerator@SDL_GL@ui@modules@UModSys@@UBEPBUSUniquePointerInfo@core@5@XZ 100057e4 f i umodsys_lib_libui:umodsys.mod.ui.SDL_GL.obj
 0001:000047ea       ?root_get_other_interface@RGenerator@SDL_GL@ui@modules@UModSys@@UAEPAUIRoot@core@5@PBUSUniquePointerInfo@75@@Z 100057ea f i umodsys_lib_libui:umodsys.mod.ui.SDL_GL.obj
 0001:000047ea       ?root_get_other_interface@RGenerator@SDL_GL@ui@modules@UModSys@@UBEPBUIRoot@core@5@PBUSUniquePointerInfo@75@@Z 100057ea f i umodsys_lib_libui:umodsys.mod.ui.SDL_GL.obj
 0001:00004803       ?root_is_interface_supported@RGenerator@SDL_GL@ui@modules@UModSys@@UBE_NPBUSUniquePointerInfo@core@5@@Z 10005803 f i umodsys_lib_libui:umodsys.mod.ui.SDL_GL.obj
 0001:00004822       ?get_uid@RGenerator@SDL_GL@ui@modules@UModSys@@UBEPBUSUniquePointerInfo@core@5@XZ 10005822 f i umodsys_lib_libui:umodsys.mod.ui.SDL_GL.obj
 0001:00004828       ?open@SWindow@SDL_core@ui@modules@UModSys@@QAE_NABUSParameters@core@5@@Z 10005828 f   umodsys_lib_libui:umodsys.mod.ui.SDL_core.obj
 0001:00004828       ?open@SWindow@SDL_GL@ui@modules@UModSys@@QAE_NABUSParameters@core@5@@Z 10005828 f   umodsys_lib_libui:umodsys.mod.ui.SDL_GL.obj
 0001:000048ae       ??_GRKeyboardController@SDL_GL@ui@modules@UModSys@@UAEPAXI@Z 100058ae f i umodsys_lib_libui:umodsys.mod.ui.SDL_GL.obj
 0001:000048ae       ??_ERKeyboardController@SDL_GL@ui@modules@UModSys@@UAEPAXI@Z 100058ae f i  CIL library: CIL module
 0001:000048cb       ??1RKeyboardController@SDL_GL@ui@modules@UModSys@@UAE@XZ 100058cb f   umodsys_lib_libui:umodsys.mod.ui.SDL_GL.obj
 0001:0000490f       ?map_keyspecial@RKeyboardController@SDL_core@ui@modules@UModSys@@QAEFG@Z 1000590f f   umodsys_lib_libui:umodsys.mod.ui.SDL_core.obj
 0001:0000490f       ?map_keyspecial@RKeyboardController@SDL_GL@ui@modules@UModSys@@QAEFG@Z 1000590f f   umodsys_lib_libui:umodsys.mod.ui.SDL_GL.obj
 0001:00004982       ?key_setvisible@RKeyboardController@SDL_core@ui@modules@UModSys@@UAE_N_N@Z 10005982 f   umodsys_lib_libui:umodsys.mod.ui.SDL_core.obj
 0001:00004982       ?key_setvisible@RKeyboardController@SDL_GL@ui@modules@UModSys@@UAE_N_N@Z 10005982 f   umodsys_lib_libui:umodsys.mod.ui.SDL_GL.obj
 0001:0000499a       ??_ERMouseController@SDL_GL@ui@modules@UModSys@@UAEPAXI@Z 1000599a f i  CIL library: CIL module
 0001:0000499a       ??_GRMouseController@SDL_GL@ui@modules@UModSys@@UAEPAXI@Z 1000599a f i umodsys_lib_libui:umodsys.mod.ui.SDL_GL.obj
 0001:000049b7       ??1IClient@IBinArchiveFrame@libmedia@UModSys@@UAE@XZ 100059b7 f i umodsys_lib_libmedia:umodsys.mod.media.zlib.obj
 0001:000049b7       ??1IVertexArray@lib3d@UModSys@@UAE@XZ 100059b7 f i umodsys_lib_libui:umodsys.mod.ui.SDL_GL.obj
 0001:000049b7       ??1ITerminal@libui@UModSys@@UAE@XZ 100059b7 f i umodsys_lib_libui:umodsys.mod.ui.SDL_GL.obj
 0001:000049b7       ??1IDialog@libui@UModSys@@UAE@XZ 100059b7 f i umodsys_lib_libui:umodsys.mod.ui.frames.obj
 0001:000049b7       ??1IRenderDriver@lib2d@UModSys@@UAE@XZ 100059b7 f i umodsys_lib_libui:umodsys.mod.ui.SDL_GL.obj
 0001:000049b7       ??1IFrame@libui@UModSys@@UAE@XZ 100059b7 f i umodsys_lib_libui:umodsys.mod.ui.frames.obj
 0001:000049b7       ??1ICollector@libui@UModSys@@UAE@XZ 100059b7 f i umodsys_lib_libui:umodsys.mod.ui.frames.obj
 0001:000049b7       ??1ISerializeWriter@libmedia@UModSys@@UAE@XZ 100059b7 f i umodsys_lib_libmedia:umodsys.mod.media.serialize_json.obj
 0001:000049b7       ??1IRefObject@core@UModSys@@UAE@XZ 100059b7 f i umodsys_lib_core:umodsys.core.objects.obj
 0001:000049b7       ??1IMultiImage@lib2d@UModSys@@UAE@XZ 100059b7 f i umodsys_lib_lib2d:umodsys.mod.2d.stdlib.obj
 0001:000049b7       ??1IShell@base@UModSys@@UAE@XZ 100059b7 f i plugin_test1.obj
 0001:000049b7       ??1ISerializeReader@libmedia@UModSys@@UAE@XZ 100059b7 f i umodsys_lib_libmedia:umodsys.mod.media.serialize_json.obj
 0001:000049b7       ??1IImageFactory@lib2d@UModSys@@UAE@XZ 100059b7 f i umodsys_lib_lib2d:umodsys.mod.2d.stdlib.obj
 0001:000049b7       ??1IKeyboardController@libui@UModSys@@UAE@XZ 100059b7 f i umodsys_lib_libui:umodsys.mod.ui.SDL_GL.obj
 0001:000049b7       ??1IMouseController@libui@UModSys@@UAE@XZ 100059b7 f i umodsys_lib_libui:umodsys.mod.ui.SDL_GL.obj
 0001:000049b7       ??1IImage@lib2d@UModSys@@UAE@XZ 100059b7 f i umodsys_lib_lib2d:umodsys.mod.2d.stdlib.obj
 0001:000049b7       ??1IRenderDriver@lib3d@UModSys@@UAE@XZ 100059b7 f i umodsys_lib_libui:umodsys.mod.ui.SDL_GL.obj
 0001:000049be       ??1RMouseController@SDL_GL@ui@modules@UModSys@@UAE@XZ 100059be f   umodsys_lib_libui:umodsys.mod.ui.SDL_GL.obj
 0001:00004a02       ?process@RMouseController@SDL_core@ui@modules@UModSys@@QAE_NAAUSDL_MouseButtonEvent@@@Z 10005a02 f   umodsys_lib_libui:umodsys.mod.ui.SDL_core.obj
 0001:00004a02       ?process@RMouseController@SDL_GL@ui@modules@UModSys@@QAE_NAAUSDL_MouseButtonEvent@@@Z 10005a02 f   umodsys_lib_libui:umodsys.mod.ui.SDL_GL.obj
 0001:00004ac9       ??0RTerminal@SDL_GL@ui@modules@UModSys@@QAE@PAUIModObject@base@4@@Z 10005ac9 f   umodsys_lib_libui:umodsys.mod.ui.SDL_GL.obj
 0001:00004b53       ??_GRTerminal@SDL_GL@ui@modules@UModSys@@UAEPAXI@Z 10005b53 f i umodsys_lib_libui:umodsys.mod.ui.SDL_GL.obj
 0001:00004b53       ??_ERTerminal@SDL_GL@ui@modules@UModSys@@UAEPAXI@Z 10005b53 f i  CIL library: CIL module
 0001:00004b70       ??1RTerminal@SDL_GL@ui@modules@UModSys@@UAE@XZ 10005b70 f   umodsys_lib_libui:umodsys.mod.ui.SDL_GL.obj
 0001:00004bc0       ?get_terminal_state@RTerminal@SDL_GL@ui@modules@UModSys@@UAE_NW4eTerminalState@libui@5@@Z 10005bc0 f   umodsys_lib_libui:umodsys.mod.ui.SDL_GL.obj
 0001:00004bc0       ?get_terminal_state@RTerminal@SDL_core@ui@modules@UModSys@@UAE_NW4eTerminalState@libui@5@@Z 10005bc0 f   umodsys_lib_libui:umodsys.mod.ui.SDL_core.obj
 0001:00004bd9       ?set_terminal_state@RTerminal@SDL_core@ui@modules@UModSys@@UAE_NW4eTerminalState@libui@5@_N@Z 10005bd9 f   umodsys_lib_libui:umodsys.mod.ui.SDL_core.obj
 0001:00004bd9       ?set_terminal_state@RTerminal@SDL_GL@ui@modules@UModSys@@UAE_NW4eTerminalState@libui@5@_N@Z 10005bd9 f   umodsys_lib_libui:umodsys.mod.ui.SDL_GL.obj
 0001:00004c22       ?get_clock@RTerminal@SDL_core@ui@modules@UModSys@@UAENXZ 10005c22 f   umodsys_lib_libui:umodsys.mod.ui.SDL_core.obj
 0001:00004c22       ?get_clock@RTerminal@SDL_GL@ui@modules@UModSys@@UAENXZ 10005c22 f   umodsys_lib_libui:umodsys.mod.ui.SDL_GL.obj
 0001:00004c3a       ?get_count@RTerminal@SDL_GL@ui@modules@UModSys@@UBEIPBUSUniquePointerInfo@core@5@@Z 10005c3a f   umodsys_lib_libui:umodsys.mod.ui.SDL_GL.obj
 0001:00004c3a       ?get_count@RTerminal@SDL_core@ui@modules@UModSys@@UBEIPBUSUniquePointerInfo@core@5@@Z 10005c3a f   umodsys_lib_libui:umodsys.mod.ui.SDL_core.obj
 0001:00004c7f       ?get_handler@RTerminal@SDL_GL@ui@modules@UModSys@@UBEPAUIRefObject@core@5@PBUSUniquePointerInfo@75@PBD@Z 10005c7f f   umodsys_lib_libui:umodsys.mod.ui.SDL_GL.obj
 0001:00004c7f       ?get_friend_handler@RTerminal@SDL_GL@ui@modules@UModSys@@UBEPAUIRefObject@core@5@PBUSUniquePointerInfo@75@PAU675@@Z 10005c7f f   umodsys_lib_libui:umodsys.mod.ui.SDL_GL.obj
 0001:00004c7f       ?get_handler@RTerminal@SDL_core@ui@modules@UModSys@@UBEPAUIRefObject@core@5@PBUSUniquePointerInfo@75@PBD@Z 10005c7f f   umodsys_lib_libui:umodsys.mod.ui.SDL_core.obj
 0001:00004c7f       ?get_friend_handler@RTerminal@SDL_core@ui@modules@UModSys@@UBEPAUIRefObject@core@5@PBUSUniquePointerInfo@75@PAU675@@Z 10005c7f f   umodsys_lib_libui:umodsys.mod.ui.SDL_core.obj
 0001:00004c88       ?create_handler@RTerminal@SDL_core@ui@modules@UModSys@@UAE_NPBUSUniquePointerInfo@core@5@AAU?$TRefObject@UIRefObject@core@UModSys@@U?$TRefObjectFunc@UIRefObject@core@UModSys@@@tl@3@@tl@5@PBDPBUSParameters@75@@Z 10005c88 f   umodsys_lib_libui:umodsys.mod.ui.SDL_core.obj
 0001:00004c88       ?create_handler@RTerminal@SDL_GL@ui@modules@UModSys@@UAE_NPBUSUniquePointerInfo@core@5@AAU?$TRefObject@UIRefObject@core@UModSys@@U?$TRefObjectFunc@UIRefObject@core@UModSys@@@tl@3@@tl@5@PBDPBUSParameters@75@@Z 10005c88 f   umodsys_lib_libui:umodsys.mod.ui.SDL_GL.obj
 0001:00004ce6       ??0RMultiImage2D_SDL_ttf@SDL_GL@ui@modules@UModSys@@QAE@PAURRenderDriver3D@1234@ABUSParameters@core@4@@Z 10005ce6 f   umodsys_lib_libui:umodsys.mod.ui.SDL_GL.obj
 0001:00004d4e       ??_GRMultiImage2D_SDL_ttf@SDL_GL@ui@modules@UModSys@@UAEPAXI@Z 10005d4e f i umodsys_lib_libui:umodsys.mod.ui.SDL_GL.obj
 0001:00004d4e       ??_ERMultiImage2D_SDL_ttf@SDL_GL@ui@modules@UModSys@@UAEPAXI@Z 10005d4e f i  CIL library: CIL module
 0001:00004da9       ?close@RMultiImage2D_SDL_ttf@SDL_GL@ui@modules@UModSys@@QAEXXZ 10005da9 f   umodsys_lib_libui:umodsys.mod.ui.SDL_GL.obj
 0001:00004da9       ?close@RMultiImage2D_SDL_ttf@SDL_core@ui@modules@UModSys@@QAEXXZ 10005da9 f   umodsys_lib_libui:umodsys.mod.ui.SDL_core.obj
 0001:00004dbc       ?open@RMultiImage2D_SDL_ttf@SDL_GL@ui@modules@UModSys@@QAE_NABUSParameters@core@5@@Z 10005dbc f   umodsys_lib_libui:umodsys.mod.ui.SDL_GL.obj
 0001:00004e47       ?generate_glyphs@RMultiImage2D_SDL_ttf@SDL_GL@ui@modules@UModSys@@QAE_NXZ 10005e47 f   umodsys_lib_libui:umodsys.mod.ui.SDL_GL.obj
 0001:00004f36       ?set_flags@SGLFuncs@SDL_GL@ui@modules@UModSys@@QBEXPBUTextureInfo@12345@ABUSRenderMapFlags@lib3d@5@@Z 10005f36 f i umodsys_lib_libui:umodsys.mod.ui.SDL_GL.obj
 0001:00004fec       ??1STextureGL@SDL_GL@ui@modules@UModSys@@QAE@XZ 10005fec f   umodsys_lib_libui:umodsys.mod.ui.SDL_GL.obj
 0001:00005035       ?gen@STextureGL@SDL_GL@ui@modules@UModSys@@QAE_NXZ 10006035 f   umodsys_lib_libui:umodsys.mod.ui.SDL_GL.obj
 0001:0000506c       ?clear@STextureGL@SDL_GL@ui@modules@UModSys@@QAEXXZ 1000606c f   umodsys_lib_libui:umodsys.mod.ui.SDL_GL.obj
 0001:0000508f       ?dorebind@STextureGL@SDL_GL@ui@modules@UModSys@@QAEX_N@Z 1000608f f   umodsys_lib_libui:umodsys.mod.ui.SDL_GL.obj
 0001:000050e5       ?alloc@STextureGL@SDL_GL@ui@modules@UModSys@@QAE_NXZ 100060e5 f   umodsys_lib_libui:umodsys.mod.ui.SDL_GL.obj
 0001:00005138       ?set_size@STextureGL@SDL_GL@ui@modules@UModSys@@QAEXHH@Z 10006138 f   umodsys_lib_libui:umodsys.mod.ui.SDL_GL.obj
 0001:000051fd       ?reupload@STextureGL@SDL_GL@ui@modules@UModSys@@QAE_NXZ 100061fd f   umodsys_lib_libui:umodsys.mod.ui.SDL_GL.obj
 0001:0000526b       ?upload@STextureGL@SDL_GL@ui@modules@UModSys@@QAE_NXZ 1000626b f   umodsys_lib_libui:umodsys.mod.ui.SDL_GL.obj
 0001:00005305       ?set_reallocate@STextureGL@SDL_GL@ui@modules@UModSys@@QAE_NW4eImageType@lib2d@5@HHPBD@Z 10006305 f   umodsys_lib_libui:umodsys.mod.ui.SDL_GL.obj
 0001:00005365       ?new_texture@RMultiImage2D_SDL_ttf@SDL_GL@ui@modules@UModSys@@SA_NAAUSTextureGL@2345@PAUSDL_Surface@@PAURRenderDriver3D@2345@@Z 10006365 f   umodsys_lib_libui:umodsys.mod.ui.SDL_GL.obj
 0001:000053f1       ??0RRenderDriver3D@SDL_GL@ui@modules@UModSys@@QAE@PAURTerminalX@1234@@Z 100063f1 f   umodsys_lib_libui:umodsys.mod.ui.SDL_GL.obj
 0001:000054cf       ??_GRRenderDriver3D@SDL_GL@ui@modules@UModSys@@UAEPAXI@Z 100064cf f i umodsys_lib_libui:umodsys.mod.ui.SDL_GL.obj
 0001:000054cf       ??_ERRenderDriver3D@SDL_GL@ui@modules@UModSys@@UAEPAXI@Z 100064cf f i  CIL library: CIL module
 0001:000054ec       ??1RRenderDriver3D@SDL_GL@ui@modules@UModSys@@UAE@XZ 100064ec f   umodsys_lib_libui:umodsys.mod.ui.SDL_GL.obj
 0001:0000555b       ?Close@RRenderDriver3D@SDL_GL@ui@modules@UModSys@@QAEXXZ 1000655b f   umodsys_lib_libui:umodsys.mod.ui.SDL_GL.obj
 0001:0000557c       ?Open@RRenderDriver3D@SDL_GL@ui@modules@UModSys@@QAE_NABUSParameters@core@5@@Z 1000657c f   umodsys_lib_libui:umodsys.mod.ui.SDL_GL.obj
 0001:0000566e       ?NextPhm@RRenderDriver3D@SDL_GL@ui@modules@UModSys@@QAE_NW4ePhaseMode@2345@@Z 1000666e f   umodsys_lib_libui:umodsys.mod.ui.SDL_GL.obj
 0001:000056c3       ?get_terminal@RRenderDriver2D@SDL_core@ui@modules@UModSys@@UBEPAUITerminal@libui@5@XZ 100066c3 f   umodsys_lib_libui:umodsys.mod.ui.SDL_core.obj
 0001:000056c3       ?get_terminal@RRenderDriver3D@SDL_GL@ui@modules@UModSys@@UBEPAUITerminal@libui@5@XZ 100066c3 f   umodsys_lib_libui:umodsys.mod.ui.SDL_GL.obj
 0001:000056c3       ?ref_links@RCollector@frames@ui@modules@UModSys@@UBEHXZ 100066c3 f   umodsys_lib_libui:umodsys.mod.ui.frames.obj
 0001:000056c7       ?new_font@RRenderDriver3D@SDL_GL@ui@modules@UModSys@@UAE?AU?$TRefObject@UIMultiImage@lib2d@UModSys@@U?$TRefObjectFunc@UIMultiImage@lib2d@UModSys@@@tl@3@@tl@5@ABUSParameters@core@5@ABU?$TString@U?$TSCoreConst@D@su@tl@UModSys@@U?$TComparerBinaryHash@D@234@@75@@Z 100066c7 f   umodsys_lib_libui:umodsys.mod.ui.SDL_GL.obj
 0001:00005802       ?new_picture@RRenderDriver2D@SDL_core@ui@modules@UModSys@@UAE?AU?$TRefObject@UIImage@lib2d@UModSys@@U?$TRefObjectFunc@UIImage@lib2d@UModSys@@@tl@3@@tl@5@ABUSParameters@core@5@ABU?$TString@U?$TSCoreConst@D@su@tl@UModSys@@U?$TComparerBinaryHash@D@234@@75@@Z 10006802 f   umodsys_lib_libui:umodsys.mod.ui.SDL_core.obj
 0001:00005802       ?new_picture@RRenderDriver3D@SDL_GL@ui@modules@UModSys@@UAE?AU?$TRefObject@UIImage@lib2d@UModSys@@U?$TRefObjectFunc@UIImage@lib2d@UModSys@@@tl@3@@tl@5@ABUSParameters@core@5@ABU?$TString@U?$TSCoreConst@D@su@tl@UModSys@@U?$TComparerBinaryHash@D@234@@75@@Z 10006802 f   umodsys_lib_libui:umodsys.mod.ui.SDL_GL.obj
 0001:00005814       ?get_frame_values@RRenderDriver3D@SDL_GL@ui@modules@UModSys@@UBEPBUSParameters@core@5@XZ 10006814 f   umodsys_lib_libui:umodsys.mod.ui.SDL_GL.obj
 0001:0000581b       ?setup_font@RRenderDriver3D@SDL_GL@ui@modules@UModSys@@UAE_NPAUIMultiImage@lib2d@5@PBU?$TVector2@M@math3d@5@@Z 1000681b f   umodsys_lib_libui:umodsys.mod.ui.SDL_GL.obj
 0001:0000586d       ?setup_color@RRenderDriver3D@SDL_GL@ui@modules@UModSys@@UAEXABU?$TVector3@M@math3d@5@@Z 1000686d f   umodsys_lib_libui:umodsys.mod.ui.SDL_GL.obj
 0001:00005894       ?setup_color@RRenderDriver3D@SDL_GL@ui@modules@UModSys@@UAEXABU?$TVector3@H@math3d@5@@Z 10006894 f   umodsys_lib_libui:umodsys.mod.ui.SDL_GL.obj
 0001:000058d7       ?setup_coloralpha@RRenderDriver3D@SDL_GL@ui@modules@UModSys@@UAEXABU?$TVector4@M@math3d@5@H@Z 100068d7 f   umodsys_lib_libui:umodsys.mod.ui.SDL_GL.obj
 0001:000058ff       ?setup_coloralpha@RRenderDriver3D@SDL_GL@ui@modules@UModSys@@UAEXABU?$TVector4@H@math3d@5@H@Z 100068ff f   umodsys_lib_libui:umodsys.mod.ui.SDL_GL.obj
 0001:00005957       ?setup_blendcolor@RRenderDriver3D@SDL_GL@ui@modules@UModSys@@UAEXABUSBlendColor@lib2d@5@@Z 10006957 f   umodsys_lib_libui:umodsys.mod.ui.SDL_GL.obj
 0001:000059af       ?setup_blendcolor@RRenderDriver3D@SDL_GL@ui@modules@UModSys@@UAEXABUSBlendColorf@lib2d@5@@Z 100069af f   umodsys_lib_libui:umodsys.mod.ui.SDL_GL.obj
 0001:000059f3       ?setup_alpha@RRenderDriver3D@SDL_GL@ui@modules@UModSys@@UAEXHH@Z 100069f3 f   umodsys_lib_libui:umodsys.mod.ui.SDL_GL.obj
 0001:00005a1a       ?setup_alpha@RRenderDriver3D@SDL_GL@ui@modules@UModSys@@UAEXMH@Z 10006a1a f   umodsys_lib_libui:umodsys.mod.ui.SDL_GL.obj
 0001:00005a3b       ?render_text_advanced@RRenderDriver3D@SDL_GL@ui@modules@UModSys@@UAE_NAAUTextInfo@IRenderDriver@lib2d@5@PBHH@Z 10006a3b f   umodsys_lib_libui:umodsys.mod.ui.SDL_GL.obj
 0001:00005bf9       ?render_box@RRenderDriver3D@SDL_GL@ui@modules@UModSys@@UAEXABU?$TVector2@H@math3d@5@0@Z 10006bf9 f   umodsys_lib_libui:umodsys.mod.ui.SDL_GL.obj
 0001:00005c54       ?render_tri@RRenderDriver3D@SDL_GL@ui@modules@UModSys@@UAEXABU?$TVector2@H@math3d@5@00@Z 10006c54 f   umodsys_lib_libui:umodsys.mod.ui.SDL_GL.obj
 0001:00005ca4       ?render_quad@RRenderDriver3D@SDL_GL@ui@modules@UModSys@@UAEXABU?$TVector2@H@math3d@5@000@Z 10006ca4 f   umodsys_lib_libui:umodsys.mod.ui.SDL_GL.obj
 0001:00005d03       ?render_box@RRenderDriver3D@SDL_GL@ui@modules@UModSys@@UAEXPAUIImage@lib2d@5@ABU?$TVector2@H@math3d@5@1ABU?$TVector2@M@95@2@Z 10006d03 f   umodsys_lib_libui:umodsys.mod.ui.SDL_GL.obj
 0001:00005d10       ?render_line@RRenderDriver3D@SDL_GL@ui@modules@UModSys@@UAEXABU?$TVector2@H@math3d@5@0@Z 10006d10 f   umodsys_lib_libui:umodsys.mod.ui.SDL_GL.obj
 0001:00005d51       ?render_rect@RRenderDriver3D@SDL_GL@ui@modules@UModSys@@UAEXABU?$TVector2@H@math3d@5@0@Z 10006d51 f   umodsys_lib_libui:umodsys.mod.ui.SDL_GL.obj
 0001:00005de2       ?begin@RRenderDriver3D@SDL_GL@ui@modules@UModSys@@UAEXXZ 10006de2 f   umodsys_lib_libui:umodsys.mod.ui.SDL_GL.obj
 0001:00005f0f       ?end@RRenderDriver3D@SDL_GL@ui@modules@UModSys@@UAEXXZ 10006f0f f   umodsys_lib_libui:umodsys.mod.ui.SDL_GL.obj
 0001:00005f67       ?Mode_2d_begin@RRenderDriver3D@SDL_GL@ui@modules@UModSys@@QAE_NXZ 10006f67 f   umodsys_lib_libui:umodsys.mod.ui.SDL_GL.obj
 0001:00006062       ?Mode_2d_end@RRenderDriver3D@SDL_GL@ui@modules@UModSys@@QAE_NXZ 10007062 f   umodsys_lib_libui:umodsys.mod.ui.SDL_GL.obj
 0001:0000608d       ?register_tex@RRenderDriver3D@SDL_GL@ui@modules@UModSys@@UAE?AU?$TRefObject@UITexture@lib3d@UModSys@@U?$TRefObjectFunc@UITexture@lib3d@UModSys@@@tl@3@@tl@5@ABU?$TVector2@H@math3d@5@ABUSRenderMapFlags@lib3d@5@W4eImageType@lib2d@5@@Z 1000708d f   umodsys_lib_libui:umodsys.mod.ui.SDL_GL.obj
 0001:0000608d       ?register_texcells@RRenderDriver3D@SDL_GL@ui@modules@UModSys@@UAE?AU?$TRefObject@UITextureCells@lib3d@UModSys@@U?$TRefObjectFunc@UITextureCells@lib3d@UModSys@@@tl@3@@tl@5@PAUILibrary@libmedia@5@ABU?$TString@U?$TSCoreConst@D@su@tl@UModSys@@U?$TComparerBinaryHash@D@234@@75@ABUSRenderMapFlags@lib3d@5@@Z 1000708d f   umodsys_lib_libui:umodsys.mod.ui.SDL_GL.obj
 0001:0000608d       ?register_tex@RRenderDriver3D@SDL_GL@ui@modules@UModSys@@UAE?AU?$TRefObject@UITexture@lib3d@UModSys@@U?$TRefObjectFunc@UITexture@lib3d@UModSys@@@tl@3@@tl@5@PAUILibrary@libmedia@5@ABU?$TString@U?$TSCoreConst@D@su@tl@UModSys@@U?$TComparerBinaryHash@D@234@@75@ABUSRenderMapFlags@lib3d@5@@Z 1000708d f   umodsys_lib_libui:umodsys.mod.ui.SDL_GL.obj
 0001:0000608d       ?data_writer@RBinArchiveFrameClient_ZIP@zlib@media@modules@UModSys@@UAE?AU?$TRefObject@UIStreamWriter@libmedia@UModSys@@U?$TRefObjectFunc@UIStreamWriter@libmedia@UModSys@@@tl@3@@tl@5@PAUIBinArchiveFrame@libmedia@5@ABU?$TString@U?$TSCoreConst@D@su@tl@UModSys@@U?$TComparerBinaryHash@D@234@@75@ABUSFlags@95@@Z 1000708d f   umodsys_lib_libmedia:umodsys.mod.media.zlib.obj
 0001:0000609f       ?create_array@RRenderDriver3D@SDL_GL@ui@modules@UModSys@@UAE?AU?$TRefObject@UIVertexArray@lib3d@UModSys@@U?$TRefObjectFunc@UIVertexArray@lib3d@UModSys@@@tl@3@@tl@5@HQBUSVertexElemInfo@lib3d@5@H@Z 1000709f f   umodsys_lib_libui:umodsys.mod.ui.SDL_GL.obj
 0001:0000617a       ?create_array@RRenderDriver3D@SDL_GL@ui@modules@UModSys@@UAE?AU?$TRefObject@UIVertexArray@lib3d@UModSys@@U?$TRefObjectFunc@UIVertexArray@lib3d@UModSys@@@tl@3@@tl@5@HQBUSVertexElemInfo@lib3d@5@HPBXI@Z 1000717a f   umodsys_lib_libui:umodsys.mod.ui.SDL_GL.obj
 0001:0000626b       ?map_2d_to_3d@RRenderDriver3D@SDL_GL@ui@modules@UModSys@@UAE_NAAU?$TVector2@M@math3d@5@ABU?$TVector2@H@75@@Z 1000726b f   umodsys_lib_libui:umodsys.mod.ui.SDL_GL.obj
 0001:0000631b       ?SetT@RRenderDriver3D@SDL_GL@ui@modules@UModSys@@QAEXABU?$TMatrix44@N@math3d@5@_N@Z 1000731b f   umodsys_lib_libui:umodsys.mod.ui.SDL_GL.obj
 0001:00006462       ?SetFrustum@RRenderDriver3D@SDL_GL@ui@modules@UModSys@@QAE_NABU?$TVector3@N@math3d@5@NNNN_N@Z 10007462 f   umodsys_lib_libui:umodsys.mod.ui.SDL_GL.obj
 0001:0000652c       ?camera_ortho@RRenderDriver3D@SDL_GL@ui@modules@UModSys@@UAE_NABU?$TVector3@N@math3d@5@0@Z 1000752c f   umodsys_lib_libui:umodsys.mod.ui.SDL_GL.obj
 0001:000065cd       ?camera_frustum@RRenderDriver3D@SDL_GL@ui@modules@UModSys@@UAE_NABU?$TVector3@N@math3d@5@0@Z 100075cd f   umodsys_lib_libui:umodsys.mod.ui.SDL_GL.obj
 0001:0000662a       ?camera_frustum@RRenderDriver3D@SDL_GL@ui@modules@UModSys@@UAE_NABU?$TVector3@N@math3d@5@ABU?$TVector2@M@75@NN@Z 1000762a f   umodsys_lib_libui:umodsys.mod.ui.SDL_GL.obj
 0001:00006721       ?setup_addlight@RRenderDriver3D@SDL_GL@ui@modules@UModSys@@UAEHW4eLightType@lib3d@5@ABUSLight@75@ABU?$TMatrix44@N@math3d@5@@Z 10007721 f   umodsys_lib_libui:umodsys.mod.ui.SDL_GL.obj
 0001:00006727       ?setup_T@RRenderDriver3D@SDL_GL@ui@modules@UModSys@@UAEXABU?$TMatrix44@N@math3d@5@@Z 10007727 f   umodsys_lib_libui:umodsys.mod.ui.SDL_GL.obj
 0001:0000674f       ?setup_array@RRenderDriver3D@SDL_GL@ui@modules@UModSys@@UAE_NPAUIVertexArray@lib3d@5@HH@Z 1000774f f   umodsys_lib_libui:umodsys.mod.ui.SDL_GL.obj
 0001:000067c6       ?key_setmodifier@RKeyboardController@SDL_GL@ui@modules@UModSys@@UAE_NHHH@Z 100077c6 f   umodsys_lib_libui:umodsys.mod.ui.SDL_GL.obj
 0001:000067c6       ?key_setmodifier@RKeyboardController@SDL_core@ui@modules@UModSys@@UAE_NHHH@Z 100077c6 f   umodsys_lib_libui:umodsys.mod.ui.SDL_core.obj
 0001:000067c6       ?setup_clearlights@RRenderDriver3D@SDL_GL@ui@modules@UModSys@@UAE_NW4eLightType@lib3d@5@_N1@Z 100077c6 f   umodsys_lib_libui:umodsys.mod.ui.SDL_GL.obj
 0001:000067c6       ?setup_array@RRenderDriver3D@SDL_GL@ui@modules@UModSys@@UAE_NPAUIVertexArray@lib3d@5@W4eVertexClass@75@H@Z 100077c6 f   umodsys_lib_libui:umodsys.mod.ui.SDL_GL.obj
 0001:000067c6       ?setup_variable_cell@RMultiImage2D_SDL_ttf@SDL_core@ui@modules@UModSys@@UAE_NPBUSImageCellInfo@lib2d@5@KK@Z 100077c6 f   umodsys_lib_libui:umodsys.mod.ui.SDL_core.obj
 0001:000067c6       ?command_draw@RTest1_Shell@test1@test@modules@UModSys@@UAE_NABUSController@libui@5@PAUIRenderDriver@lib2d@5@ABU?$TBoundBox2@H@math3d@5@@Z 100077c6 f   plugin_test1.obj
 0001:000067c6       ?setup_variable_cell@RMultiImage2D_SDL_ttf@SDL_GL@ui@modules@UModSys@@UAE_NPBUSImageCellInfo@lib2d@5@KK@Z 100077c6 f   umodsys_lib_libui:umodsys.mod.ui.SDL_GL.obj
 0001:000067cb       ?key_reset@RKeyboardController@SDL_GL@ui@modules@UModSys@@UAE_NXZ 100077cb f   umodsys_lib_libui:umodsys.mod.ui.SDL_GL.obj
 0001:000067cb       ?mouse_reset@RMouseController@SDL_GL@ui@modules@UModSys@@UAE_NXZ 100077cb f   umodsys_lib_libui:umodsys.mod.ui.SDL_GL.obj
 0001:000067cb       ?setup_array_none@RRenderDriver3D@SDL_GL@ui@modules@UModSys@@UAE_NXZ 100077cb f   umodsys_lib_libui:umodsys.mod.ui.SDL_GL.obj
 0001:000067cb       ?key_reset@RKeyboardController@SDL_core@ui@modules@UModSys@@UAE_NXZ 100077cb f   umodsys_lib_libui:umodsys.mod.ui.SDL_core.obj
 0001:000067cb       ?driver_is_reset@RRenderDriver3D@SDL_GL@ui@modules@UModSys@@UAE_NXZ 100077cb f   umodsys_lib_libui:umodsys.mod.ui.SDL_GL.obj
 0001:000067cb       ?mouse_reset@RMouseController@SDL_core@ui@modules@UModSys@@UAE_NXZ 100077cb f   umodsys_lib_libui:umodsys.mod.ui.SDL_core.obj
 0001:000067ce       ?render_primitive@RRenderDriver3D@SDL_GL@ui@modules@UModSys@@UAE_NW4eRenderPrimitiveType@lib3d@5@HH@Z 100077ce f   umodsys_lib_libui:umodsys.mod.ui.SDL_GL.obj
[...]
 0001:0002c5fc       ??__F?s_id@?$TObjectUniqueID@UICollector@libui@UModSys@@@tl@UModSys@@2USUniquePointer@core@3@A@@YAXXZ 1002d5fc f    CIL library: CIL module
 0001:0002c606       ??__F?s_id@?$TObjectUniqueID@UIConsoleHelperInput_UIKey@libui@UModSys@@@tl@UModSys@@2USUniquePointer@core@3@A@@YAXXZ 1002d606 f    CIL library: CIL module
 0001:0002c610       ??__F?s_id@?$TObjectUniqueID@UITerminal@libui@UModSys@@@tl@UModSys@@2USUniquePointer@core@3@A@@YAXXZ 1002d610 f    CIL library: CIL module
 0001:0002c61a       ??__F?s_id@?$TObjectUniqueID@UIJoystickController@libui@UModSys@@@tl@UModSys@@2USUniquePointer@core@3@A@@YAXXZ 1002d61a f    CIL library: CIL module
 0001:0002c624       ??__F?s_id@?$TObjectUniqueID@UIMouseController@libui@UModSys@@@tl@UModSys@@2USUniquePointer@core@3@A@@YAXXZ 1002d624 f    CIL library: CIL module
 0001:0002c62e       ??__F?s_id@?$TObjectUniqueID@UIKeyboardController@libui@UModSys@@@tl@UModSys@@2USUniquePointer@core@3@A@@YAXXZ 1002d62e f    CIL library: CIL module
 0001:0002c638       ??__F?s_id@?$TObjectUniqueID@UIConsoleHelperOutputFCS@base@UModSys@@@tl@UModSys@@2USUniquePointer@core@3@A@@YAXXZ 1002d638 f    CIL library: CIL module
 0001:0002c642       ??__F?s_id@?$TObjectUniqueID@UIConsoleHelperOutput@base@UModSys@@@tl@UModSys@@2USUniquePointer@core@3@A@@YAXXZ 1002d642 f    CIL library: CIL module
 0001:0002c64c       ??__F?s_id@?$TObjectUniqueID@UIConsoleHelperInput@base@UModSys@@@tl@UModSys@@2USUniquePointer@core@3@A@@YAXXZ 1002d64c f    CIL library: CIL module
 0001:0002c656       ??__F?s_id@?$TObjectUniqueID@UIConsoleHelperHistory@base@UModSys@@@tl@UModSys@@2USUniquePointer@core@3@A@@YAXXZ 1002d656 f    CIL library: CIL module
 0001:0002c660       ??__F?s_id@?$TObjectUniqueID@UIConsoleHelper@base@UModSys@@@tl@UModSys@@2USUniquePointer@core@3@A@@YAXXZ 1002d660 f    CIL library: CIL module
 0001:0002c66a       ??__F?s_id@?$TObjectUniqueID@UIConsoleExt@base@UModSys@@@tl@UModSys@@2USUniquePointer@core@3@A@@YAXXZ 1002d66a f    CIL library: CIL module
 0001:0002c674       ??__F?s_id@?$TObjectUniqueID@UISerializeWriter@libmedia@UModSys@@@tl@UModSys@@2USUniquePointer@core@3@A@@YAXXZ 1002d674 f    CIL library: CIL module
 0001:0002c67e       ??__F?s_id@?$TObjectUniqueID@UISerializeReader@libmedia@UModSys@@@tl@UModSys@@2USUniquePointer@core@3@A@@YAXXZ 1002d67e f    CIL library: CIL module
 0001:0002c688       ??__F?s_id@?$TObjectUniqueID@UIClient@IBinArchiveFrame@libmedia@UModSys@@@tl@UModSys@@2USUniquePointer@core@3@A@@YAXXZ 1002d688 f    CIL library: CIL module
 0001:0002c692       ??__F?s_id@?$TObjectUniqueID@UIBinArchiveFrame@libmedia@UModSys@@@tl@UModSys@@2USUniquePointer@core@3@A@@YAXXZ 1002d692 f    CIL library: CIL module
 0001:0002c69c       ??__F?s_id@?$TObjectUniqueID@UILibraryLayered@libmedia@UModSys@@@tl@UModSys@@2USUniquePointer@core@3@A@@YAXXZ 1002d69c f    CIL library: CIL module
 0001:0002c6a6       ??__F?s_id@?$TObjectUniqueID@UILibraryObjCache@libmedia@UModSys@@@tl@UModSys@@2USUniquePointer@core@3@A@@YAXXZ 1002d6a6 f    CIL library: CIL module
 0001:0002c6b0       ??__F?s_id@?$TObjectUniqueID@UILibraryObjFilter@libmedia@UModSys@@@tl@UModSys@@2USUniquePointer@core@3@A@@YAXXZ 1002d6b0 f    CIL library: CIL module
 0001:0002c6ba       ??__F?s_id@?$TObjectUniqueID@UILibraryBinCache@libmedia@UModSys@@@tl@UModSys@@2USUniquePointer@core@3@A@@YAXXZ 1002d6ba f    CIL library: CIL module
 0001:0002c6c4       ??__F?s_id@?$TObjectUniqueID@UILibraryBinTree@libmedia@UModSys@@@tl@UModSys@@2USUniquePointer@core@3@A@@YAXXZ 1002d6c4 f    CIL library: CIL module
 0001:0002c6ce       ??__F?s_id@?$TObjectUniqueID@UILibrary@libmedia@UModSys@@@tl@UModSys@@2USUniquePointer@core@3@A@@YAXXZ 1002d6ce f    CIL library: CIL module
 0001:0002c6d8       ??__F?s_id@?$TObjectUniqueID@UIBinObjFilter@libmedia@UModSys@@@tl@UModSys@@2USUniquePointer@core@3@A@@YAXXZ 1002d6d8 f    CIL library: CIL module
 0001:0002c6e2       ??__F?s_id@?$TObjectUniqueID@UIBinArchive@libmedia@UModSys@@@tl@UModSys@@2USUniquePointer@core@3@A@@YAXXZ 1002d6e2 f    CIL library: CIL module
 0001:0002c6ec       ??__F?s_id@?$TObjectUniqueID@UILibObject@libmedia@UModSys@@@tl@UModSys@@2USUniquePointer@core@3@A@@YAXXZ 1002d6ec f    CIL library: CIL module
 0001:0002c6f6       ??__F?s_id@?$TObjectUniqueID@UIUtilities@libmedia@UModSys@@@tl@UModSys@@2USUniquePointer@core@3@A@@YAXXZ 1002d6f6 f    CIL library: CIL module
 0001:0002c700       ??__F?s_id@?$TObjectUniqueID@UIStreamWriter@libmedia@UModSys@@@tl@UModSys@@2USUniquePointer@core@3@A@@YAXXZ 1002d700 f    CIL library: CIL module
 0001:0002c70a       ??__F?s_id@?$TObjectUniqueID@UIStreamReader@libmedia@UModSys@@@tl@UModSys@@2USUniquePointer@core@3@A@@YAXXZ 1002d70a f    CIL library: CIL module
 0001:0002c714       ??__F?s_id@?$TObjectUniqueID@UISystem@base@UModSys@@@tl@UModSys@@2USUniquePointer@core@3@A@@YAXXZ 1002d714 f    CIL library: CIL module
 0001:0002c71e       ??__F?s_id@?$TObjectUniqueID@UIShell@base@UModSys@@@tl@UModSys@@2USUniquePointer@core@3@A@@YAXXZ 1002d71e f    CIL library: CIL module
 0001:0002c728       ??__F?s_id@?$TObjectUniqueID@UIGenerator@base@UModSys@@@tl@UModSys@@2USUniquePointer@core@3@A@@YAXXZ 1002d728 f    CIL library: CIL module
 0001:0002c732       ??__F?s_id@?$TObjectUniqueID@UIModObject@base@UModSys@@@tl@UModSys@@2USUniquePointer@core@3@A@@YAXXZ 1002d732 f    CIL library: CIL module
 0001:0002c73c       ??__F?s_id@?$TObjectUniqueID@UIModuleLibrary@base@UModSys@@@tl@UModSys@@2USUniquePointer@core@3@A@@YAXXZ 1002d73c f    CIL library: CIL module
 0001:0002c746       ??__F?s_id@?$TObjectUniqueID@UIModule@base@UModSys@@@tl@UModSys@@2USUniquePointer@core@3@A@@YAXXZ 1002d746 f    CIL library: CIL module
 0001:0002c750       ??__F?s_id@?$TObjectUniqueID@UIConsole@base@UModSys@@@tl@UModSys@@2USUniquePointer@core@3@A@@YAXXZ 1002d750 f    CIL library: CIL module
 0001:0002c75a       ??__F?s_id@?$TObjectUniqueID@UIParameters@core@UModSys@@@tl@UModSys@@2USUniquePointer@core@3@A@@YAXXZ 1002d75a f    CIL library: CIL module
 0001:0002c764       ??__F?s_id@?$TObjectUniqueID@UIRefObject@core@UModSys@@@tl@UModSys@@2USUniquePointer@core@3@A@@YAXXZ 1002d764 f    CIL library: CIL module
 0001:0002c76e       ??__F?s_id@?$TObjectUniqueID@UIRoot@core@UModSys@@@tl@UModSys@@2USUniquePointer@core@3@A@@YAXXZ 1002d76e f    CIL library: CIL module
 0001:0002c778       ??__F?s_id@?$TObjectUniqueID@UIScene@lib3d@UModSys@@@tl@UModSys@@2USUniquePointer@core@3@A@@YAXXZ 1002d778 f    CIL library: CIL module
 0001:0002c782       ??__F?s_id@?$TObjectUniqueID@UISceneController@lib3d@UModSys@@@tl@UModSys@@2USUniquePointer@core@3@A@@YAXXZ 1002d782 f    CIL library: CIL module
 0001:0002c78c       ??__F?s_id@?$TObjectUniqueID@UINodeObject_Light@lib3d@UModSys@@@tl@UModSys@@2USUniquePointer@core@3@A@@YAXXZ 1002d78c f    CIL library: CIL module
 0001:0002c796       ??__F?s_id@?$TObjectUniqueID@UINodeObject_Camera@lib3d@UModSys@@@tl@UModSys@@2USUniquePointer@core@3@A@@YAXXZ 1002d796 f    CIL library: CIL module
 0001:0002c7a0       ??__F?s_id@?$TObjectUniqueID@UINodeObject_Particles@lib3d@UModSys@@@tl@UModSys@@2USUniquePointer@core@3@A@@YAXXZ 1002d7a0 f    CIL library: CIL module
 0001:0002c7aa       ??__F?s_id@?$TObjectUniqueID@UINodeObject_Picture@lib3d@UModSys@@@tl@UModSys@@2USUniquePointer@core@3@A@@YAXXZ 1002d7aa f    CIL library: CIL module
 0001:0002c7b4       ??__F?s_id@?$TObjectUniqueID@UINodeObject_Mesh@lib3d@UModSys@@@tl@UModSys@@2USUniquePointer@core@3@A@@YAXXZ 1002d7b4 f    CIL library: CIL module
 0001:0002c7be       ??__F?s_id@?$TObjectUniqueID@UINodeObject_Brush@lib3d@UModSys@@@tl@UModSys@@2USUniquePointer@core@3@A@@YAXXZ 1002d7be f    CIL library: CIL module
 0001:0002c7c8       ??__Fs_dbg@stdlib@lib2d@modules@UModSys@@YAXXZ 1002d7c8 f    CIL library: CIL module
 0001:0002c7df       ??__F?s_modreg@RModuleReg@stdlib@lib2d@modules@UModSys@@2U12345@A@@YAXXZ 1002d7df f    CIL library: CIL module
 0001:0002c7ea       ??__F?s_modreg_chain@RModuleReg@stdlib@lib2d@modules@UModSys@@2USModuleRegChain@base@5@A@@YAXXZ 1002d7ea f    CIL library: CIL module
 0001:0002c7f4       ??__F?s_uid@RGenerator@stdlib@lib2d@modules@UModSys@@2USUniquePointer@core@5@A@@YAXXZ 1002d7f4 f    CIL library: CIL module
 0001:0002c7fe       ??__Fh@?1??s_holder@RGenerator@stdlib@lib2d@modules@UModSys@@SAAAU?$TTypeStaticHolder@URGenerator@stdlib@lib2d@modules@UModSys@@@tl@5@XZ@YAXXZ 1002d7fe f    CIL library: CIL module
 0001:0002c81b       ??__F?s_id@?$TObjectUniqueID@URGenerator@stdlib@lib2d@modules@UModSys@@@tl@UModSys@@2USUniquePointer@core@3@A@@YAXXZ 1002d81b f    CIL library: CIL module
 0001:0002c825       ??__F?s_id@?$TObjectUniqueID@URMultiImage@stdlib@lib2d@modules@UModSys@@@tl@UModSys@@2USUniquePointer@core@3@A@@YAXXZ 1002d825 f    CIL library: CIL module
 0001:0002c82f       ??__F?s_id@?$TObjectUniqueID@URImageFactory_Memory@stdlib@lib2d@modules@UModSys@@@tl@UModSys@@2USUniquePointer@core@3@A@@YAXXZ 1002d82f f    CIL library: CIL module
 0001:0002c839       ??__F?s_id@?$TObjectUniqueID@URImage_Memory@stdlib@lib2d@modules@UModSys@@@tl@UModSys@@2USUniquePointer@core@3@A@@YAXXZ 1002d839 f    CIL library: CIL module
 0001:0002c843       ??__Fs_dbg@SDL_GL@ui@modules@UModSys@@YAXXZ 1002d843 f    CIL library: CIL module
 0001:0002c85a       ??__F?s_modreg@RModuleReg@SDL_GL@ui@modules@UModSys@@2U12345@A@@YAXXZ 1002d85a f    CIL library: CIL module
 0001:0002c865       ??__F?s_modreg_chain@RModuleReg@SDL_GL@ui@modules@UModSys@@2USModuleRegChain@base@5@A@@YAXXZ 1002d865 f    CIL library: CIL module
 0001:0002c86f       ??__F?s_uid@RGenerator@SDL_GL@ui@modules@UModSys@@2USUniquePointer@core@5@A@@YAXXZ 1002d86f f    CIL library: CIL module
 0001:0002c879       ??__Fh@?1??s_holder@RGenerator@SDL_GL@ui@modules@UModSys@@SAAAU?$TTypeStaticHolder@URGenerator@SDL_GL@ui@modules@UModSys@@@tl@5@XZ@YAXXZ 1002d879 f    CIL library: CIL module
 0001:0002c896       ??__F?s_id@?$TObjectUniqueID@URGenerator@SDL_GL@ui@modules@UModSys@@@tl@UModSys@@2USUniquePointer@core@3@A@@YAXXZ 1002d896 f    CIL library: CIL module
 0001:0002c8a0       ??__F?s_id@?$TObjectUniqueID@URVertexArray@SDL_GL@ui@modules@UModSys@@@tl@UModSys@@2USUniquePointer@core@3@A@@YAXXZ 1002d8a0 f    CIL library: CIL module
 0001:0002c8aa       ??__F?s_id@?$TObjectUniqueID@URTerminalX@SDL_GL@ui@modules@UModSys@@@tl@UModSys@@2USUniquePointer@core@3@A@@YAXXZ 1002d8aa f    CIL library: CIL module
 0001:0002c8b4       ??__F?s_id@?$TObjectUniqueID@URRenderDriver3D@SDL_GL@ui@modules@UModSys@@@tl@UModSys@@2USUniquePointer@core@3@A@@YAXXZ 1002d8b4 f    CIL library: CIL module
 0001:0002c8be       ??__F?s_id@?$TObjectUniqueID@URMultiImage2D_SDL_ttf@SDL_GL@ui@modules@UModSys@@@tl@UModSys@@2USUniquePointer@core@3@A@@YAXXZ 1002d8be f    CIL library: CIL module
 0001:0002c8c8       ??__F?s_id@?$TObjectUniqueID@URTerminal@SDL_GL@ui@modules@UModSys@@@tl@UModSys@@2USUniquePointer@core@3@A@@YAXXZ 1002d8c8 f    CIL library: CIL module
 0001:0002c8d2       ??__F?s_id@?$TObjectUniqueID@URMouseController@SDL_GL@ui@modules@UModSys@@@tl@UModSys@@2USUniquePointer@core@3@A@@YAXXZ 1002d8d2 f    CIL library: CIL module
 0001:0002c8dc       ??__F?s_id@?$TObjectUniqueID@URKeyboardController@SDL_GL@ui@modules@UModSys@@@tl@UModSys@@2USUniquePointer@core@3@A@@YAXXZ 1002d8dc f    CIL library: CIL module
 0001:0002c8e6       ??__Fs_dbg@SDL_core@ui@modules@UModSys@@YAXXZ 1002d8e6 f    CIL library: CIL module
 0001:0002c8fd       ??__F?s_modreg@RModuleReg@SDL_core@ui@modules@UModSys@@2U12345@A@@YAXXZ 1002d8fd f    CIL library: CIL module
 0001:0002c908       ??__F?s_modreg_chain@RModuleReg@SDL_core@ui@modules@UModSys@@2USModuleRegChain@base@5@A@@YAXXZ 1002d908 f    CIL library: CIL module
 0001:0002c912       ??__F?s_uid@RGenerator@SDL_core@ui@modules@UModSys@@2USUniquePointer@core@5@A@@YAXXZ 1002d912 f    CIL library: CIL module
 0001:0002c91c       ??__Fh@?1??s_holder@RGenerator@SDL_core@ui@modules@UModSys@@SAAAU?$TTypeStaticHolder@URGenerator@SDL_core@ui@modules@UModSys@@@tl@5@XZ@YAXXZ 1002d91c f    CIL library: CIL module
 0001:0002c939       ??__F?s_id@?$TObjectUniqueID@URGenerator@SDL_core@ui@modules@UModSys@@@tl@UModSys@@2USUniquePointer@core@3@A@@YAXXZ 1002d939 f    CIL library: CIL module
 0001:0002c943       ??__F?s_id@?$TObjectUniqueID@URTerminalX@SDL_core@ui@modules@UModSys@@@tl@UModSys@@2USUniquePointer@core@3@A@@YAXXZ 1002d943 f    CIL library: CIL module
 0001:0002c94d       ??__F?s_id@?$TObjectUniqueID@URRenderDriver2D@SDL_core@ui@modules@UModSys@@@tl@UModSys@@2USUniquePointer@core@3@A@@YAXXZ 1002d94d f    CIL library: CIL module
 0001:0002c957       ??__F?s_id@?$TObjectUniqueID@URMultiImage2D_SDL_ttf@SDL_core@ui@modules@UModSys@@@tl@UModSys@@2USUniquePointer@core@3@A@@YAXXZ 1002d957 f    CIL library: CIL module
 0001:0002c961       ??__F?s_id@?$TObjectUniqueID@URTerminal@SDL_core@ui@modules@UModSys@@@tl@UModSys@@2USUniquePointer@core@3@A@@YAXXZ 1002d961 f    CIL library: CIL module
 0001:0002c96b       ??__F?s_id@?$TObjectUniqueID@URMouseController@SDL_core@ui@modules@UModSys@@@tl@UModSys@@2USUniquePointer@core@3@A@@YAXXZ 1002d96b f    CIL library: CIL module
 0001:0002c975       ??__F?s_id@?$TObjectUniqueID@URKeyboardController@SDL_core@ui@modules@UModSys@@@tl@UModSys@@2USUniquePointer@core@3@A@@YAXXZ 1002d975 f    CIL library: CIL module
 0001:0002c97f       ??__Fs_dbg@frames@ui@modules@UModSys@@YAXXZ 1002d97f f    CIL library: CIL module
 0001:0002c996       ??__F?s_modreg@RModuleReg@frames@ui@modules@UModSys@@2U12345@A@@YAXXZ 1002d996 f    CIL library: CIL module
 0001:0002c9a1       ??__F?s_modreg_chain@RModuleReg@frames@ui@modules@UModSys@@2USModuleRegChain@base@5@A@@YAXXZ 1002d9a1 f    CIL library: CIL module
 0001:0002c9ab       ??__F?s_uid@RGenerator@frames@ui@modules@UModSys@@2USUniquePointer@core@5@A@@YAXXZ 1002d9ab f    CIL library: CIL module
 0001:0002c9b5       ??__Fh@?1??s_holder@RGenerator@frames@ui@modules@UModSys@@SAAAU?$TTypeStaticHolder@URGenerator@frames@ui@modules@UModSys@@@tl@5@XZ@YAXXZ 1002d9b5 f    CIL library: CIL module
 0001:0002c9d2       ??__F?s_id@?$TObjectUniqueID@URGenerator@frames@ui@modules@UModSys@@@tl@UModSys@@2USUniquePointer@core@3@A@@YAXXZ 1002d9d2 f    CIL library: CIL module
 0001:0002c9dc       ??__F?s_id@?$TObjectUniqueID@URCollector@frames@ui@modules@UModSys@@@tl@UModSys@@2USUniquePointer@core@3@A@@YAXXZ 1002d9dc f    CIL library: CIL module
 0001:0002c9e6       ??__F?s_id@?$TObjectUniqueID@URFrame_List@frames@ui@modules@UModSys@@@tl@UModSys@@2USUniquePointer@core@3@A@@YAXXZ 1002d9e6 f    CIL library: CIL module
 0001:0002c9f0       ??__F?s_id@?$TObjectUniqueID@URFrame_Edit@frames@ui@modules@UModSys@@@tl@UModSys@@2USUniquePointer@core@3@A@@YAXXZ 1002d9f0 f    CIL library: CIL module
 0001:0002c9fa       ??__F?s_id@?$TObjectUniqueID@URFrame_Button@frames@ui@modules@UModSys@@@tl@UModSys@@2USUniquePointer@core@3@A@@YAXXZ 1002d9fa f    CIL library: CIL module
 0001:0002ca04       ??__F?s_id@?$TObjectUniqueID@URFrame_Text@frames@ui@modules@UModSys@@@tl@UModSys@@2USUniquePointer@core@3@A@@YAXXZ 1002da04 f    CIL library: CIL module
 0001:0002ca0e       ??__F?s_id@?$TObjectUniqueID@URFrame_Image@frames@ui@modules@UModSys@@@tl@UModSys@@2USUniquePointer@core@3@A@@YAXXZ 1002da0e f    CIL library: CIL module
 0001:0002ca18       ??__F?s_id@?$TObjectUniqueID@URFrame_Frame@frames@ui@modules@UModSys@@@tl@UModSys@@2USUniquePointer@core@3@A@@YAXXZ 1002da18 f    CIL library: CIL module
 0001:0002ca22       ??__F?s_id@?$TObjectUniqueID@URDialog@frames@ui@modules@UModSys@@@tl@UModSys@@2USUniquePointer@core@3@A@@YAXXZ 1002da22 f    CIL library: CIL module
 0001:0002ca2c       ??__F?s_id@?$TObjectUniqueID@URFrame_Common@frames@ui@modules@UModSys@@@tl@UModSys@@2USUniquePointer@core@3@A@@YAXXZ 1002da2c f    CIL library: CIL module
 0001:0002ca36       ??__Fs_dbg@images_std@media@modules@UModSys@@YAXXZ 1002da36 f    CIL library: CIL module
 0001:0002ca4d       ??__F?s_modreg@RModuleReg@images_std@media@modules@UModSys@@2U12345@A@@YAXXZ 1002da4d f    CIL library: CIL module
 0001:0002ca58       ??__F?s_modreg_chain@RModuleReg@images_std@media@modules@UModSys@@2USModuleRegChain@base@5@A@@YAXXZ 1002da58 f    CIL library: CIL module
 0001:0002ca62       ??__F?s_uid@RGenerator@images_std@media@modules@UModSys@@2USUniquePointer@core@5@A@@YAXXZ 1002da62 f    CIL library: CIL module
 0001:0002ca6c       ??__Fh@?1??s_holder@RGenerator@images_std@media@modules@UModSys@@SAAAU?$TTypeStaticHolder@URGenerator@images_std@media@modules@UModSys@@@tl@5@XZ@YAXXZ 1002da6c f    CIL library: CIL module
 0001:0002ca89       ??__F?s_id@?$TObjectUniqueID@URGenerator@images_std@media@modules@UModSys@@@tl@UModSys@@2USUniquePointer@core@3@A@@YAXXZ 1002da89 f    CIL library: CIL module
 0001:0002ca93       ??__F?s_id@?$TObjectUniqueID@URMediaFilter@images_std@media@modules@UModSys@@@tl@UModSys@@2USUniquePointer@core@3@A@@YAXXZ 1002da93 f    CIL library: CIL module
 0001:0002ca9d       ??__Fs_dbg@serialize_json@media@modules@UModSys@@YAXXZ 1002da9d f    CIL library: CIL module
 0001:0002cab4       ??__F?s_modreg@RModuleReg@serialize_json@media@modules@UModSys@@2U12345@A@@YAXXZ 1002dab4 f    CIL library: CIL module
 0001:0002cabf       ??__F?s_modreg_chain@RModuleReg@serialize_json@media@modules@UModSys@@2USModuleRegChain@base@5@A@@YAXXZ 1002dabf f    CIL library: CIL module
 0001:0002cac9       ??__F?s_uid@RGenerator@serialize_json@media@modules@UModSys@@2USUniquePointer@core@5@A@@YAXXZ 1002dac9 f    CIL library: CIL module
 0001:0002cad3       ??__Fh@?1??s_holder@RGenerator@serialize_json@media@modules@UModSys@@SAAAU?$TTypeStaticHolder@URGenerator@serialize_json@media@modules@UModSys@@@tl@5@XZ@YAXXZ 1002dad3 f    CIL library: CIL module
 0001:0002caf0       ??__F?s_id@?$TObjectUniqueID@URGenerator@serialize_json@media@modules@UModSys@@@tl@UModSys@@2USUniquePointer@core@3@A@@YAXXZ 1002daf0 f    CIL library: CIL module
 0001:0002cafa       ??__F?s_id@?$TObjectUniqueID@URSerializeWriter@serialize_json@media@modules@UModSys@@@tl@UModSys@@2USUniquePointer@core@3@A@@YAXXZ 1002dafa f    CIL library: CIL module
 0001:0002cb04       ??__F?s_id@?$TObjectUniqueID@URSerializeReader@serialize_json@media@modules@UModSys@@@tl@UModSys@@2USUniquePointer@core@3@A@@YAXXZ 1002db04 f    CIL library: CIL module
 0001:0002cb0e       ??__Fs_dbg@zlib@media@modules@UModSys@@YAXXZ 1002db0e f    CIL library: CIL module
 0001:0002cb25       ??__F?s_modreg@RModuleReg@zlib@media@modules@UModSys@@2U12345@A@@YAXXZ 1002db25 f    CIL library: CIL module
 0001:0002cb30       ??__F?s_modreg_chain@RModuleReg@zlib@media@modules@UModSys@@2USModuleRegChain@base@5@A@@YAXXZ 1002db30 f    CIL library: CIL module
 0001:0002cb3a       ??__F?s_uid@RGenerator@zlib@media@modules@UModSys@@2USUniquePointer@core@5@A@@YAXXZ 1002db3a f    CIL library: CIL module
 0001:0002cb44       ??__Fh@?1??s_holder@RGenerator@zlib@media@modules@UModSys@@SAAAU?$TTypeStaticHolder@URGenerator@zlib@media@modules@UModSys@@@tl@5@XZ@YAXXZ 1002db44 f    CIL library: CIL module
 0001:0002cb61       ??__F?s_id@?$TObjectUniqueID@URGenerator@zlib@media@modules@UModSys@@@tl@UModSys@@2USUniquePointer@core@3@A@@YAXXZ 1002db61 f    CIL library: CIL module
 0001:0002cb6b       ??__F?s_id@?$TObjectUniqueID@URBinArchiveFrameClient_ZIP@zlib@media@modules@UModSys@@@tl@UModSys@@2USUniquePointer@core@3@A@@YAXXZ 1002db6b f    CIL library: CIL module
 0001:0002cb75       ??__FM@UModSys@@YAXXZ      1002db75 f    CIL library: CIL module
 0001:0002cb76       ??__F?root@SModuleRegChain@base@UModSys@@2U123@A@@YAXXZ 1002db76 f    CIL library: CIL module
 0001:0002cb80       ??__F?s_library@RModuleLibraryReg_Chain@base@UModSys@@2U123@A@@YAXXZ 1002db80 f    CIL library: CIL module
 0001:0002cb8b       ??__F?root@SUniquePointer@core@UModSys@@2U123@A@@YAXXZ 1002db8b f    CIL library: CIL module

 Exports

  ordinal    name

        1    _UModSys_Plugin_Entry2@0
