 plugin_test1

 Timestamp is 525e99db (Wed Oct 16 16:51:23 2013)

 Preferred load address is 10000000

 Start         Length     Name                   Class
 0001:00000000 000018d7H .text                   CODE
 0001:000018d7 00000088H .text$x                 CODE
 0001:0000195f 00000293H .text$yc                CODE
 0001:00001bf2 000000f2H .text$yd                CODE
 0002:00000000 00000098H .idata$5                DATA
 0002:00000098 00000004H .CRT$XCA                DATA
 0002:0000009c 0000010cH .CRT$XCU                DATA
 0002:000001a8 00000004H .CRT$XCZ                DATA
 0002:000001ac 00000004H .CRT$XIA                DATA
 0002:000001b0 00000004H .CRT$XIAA               DATA
 0002:000001b4 00000004H .CRT$XIZ                DATA
 0002:000001b8 00000608H .rdata                  DATA
 0002:000007c0 00000354H .rdata$r                DATA
 0002:00000b20 0000001cH .rdata$sxdata           DATA
 0002:00000b3c 00000004H .rtc$IAA                DATA
 0002:00000b40 00000004H .rtc$IZZ                DATA
 0002:00000b44 00000004H .rtc$TAA                DATA
 0002:00000b48 00000004H .rtc$TZZ                DATA
 0002:00000b50 000001bcH .xdata$x                DATA
 0002:00000d0c 00000028H .idata$2                DATA
 0002:00000d34 00000014H .idata$3                DATA
 0002:00000d48 00000098H .idata$4                DATA
 0002:00000de0 000002e6H .idata$6                DATA
 0002:000010d0 0000005cH .edata                  DATA
 0003:00000000 00000250H .data                   DATA
 0003:00000250 0000054cH .bss                    DATA

  Address         Publics by Value              Rva+Base       Lib:Object

 0000:00000000       __except_list              00000000     <absolute>
 0000:00000007       ___safe_se_handler_count   00000007     <absolute>
 0000:00009876       __ldused                   00009876     <absolute>
 0000:00009876       __fltused                  00009876     <absolute>
 0000:00000000       ___ImageBase               10000000     <linker-defined>
 0001:00000000       ??1SCMemShared@core@UModSys@@QAE@XZ 10001000 f i plugin_test1.obj
 0001:00000016       ??6SUniquePtrList@core@UModSys@@QAEAAU012@PBUSUniquePointerInfo@12@@Z 10001016 f i plugin_test1.obj
 0001:00000047       ??3IRoot@core@UModSys@@SAXPAXABUSIMemAlloc@12@@Z 10001047 f i plugin_test1.obj
 0001:00000060       ?get_interface_info@RTest1_Shell@test1@test@modules@UModSys@@UBEABUSUniquePointerInfo@core@5@XZ 10001060 f i plugin_test1.obj
 0001:00000066       ?get_interface_type@RTest1_Shell@test1@test@modules@UModSys@@UBEPBUSUniquePointerInfo@core@5@XZ 10001066 f i plugin_test1.obj
 0001:0000006c       ?get_interface_types@RGenerator@test1@test@modules@UModSys@@UBEIAAUSUniquePtrList@core@5@@Z 1000106c f i plugin_test1.obj
 0001:0000006c       ?get_interface_types@RTest1_Shell@test1@test@modules@UModSys@@UBEIAAUSUniquePtrList@core@5@@Z 1000106c f i plugin_test1.obj
 0001:00000071       ?get_other_interface@RTest1_Shell@test1@test@modules@UModSys@@UAEPAUIRoot@core@5@PBUSUniquePointerInfo@75@@Z 10001071 f i plugin_test1.obj
 0001:00000071       ?get_other_interface@RTest1_Shell@test1@test@modules@UModSys@@UBEPBUIRoot@core@5@PBUSUniquePointerInfo@75@@Z 10001071 f i plugin_test1.obj
 0001:000000a2       ?ref_add@RTest1_Shell@test1@test@modules@UModSys@@UBEXXZ 100010a2 f i plugin_test1.obj
 0001:000000a2       ?ref_add@RGenerator@test1@test@modules@UModSys@@UBEXXZ 100010a2 f i plugin_test1.obj
 0001:000000a6       ?ref_remove@RGenerator@test1@test@modules@UModSys@@UBEXXZ 100010a6 f i plugin_test1.obj
 0001:000000a6       ?ref_remove@RTest1_Shell@test1@test@modules@UModSys@@UBEXXZ 100010a6 f i plugin_test1.obj
 0001:000000b1       ?ref_weak@RTest1_Shell@test1@test@modules@UModSys@@UBE_NAAUWeakPointer@IRefObject@core@5@@Z 100010b1 f i plugin_test1.obj
 0001:000000b1       ?ref_weak@RGenerator@test1@test@modules@UModSys@@UBE_NAAUWeakPointer@IRefObject@core@5@@Z 100010b1 f i plugin_test1.obj
 0001:000000d0       ?suicide@RTest1_Shell@test1@test@modules@UModSys@@UAEXXZ 100010d0 f i plugin_test1.obj
 0001:00000117       ?dump_str@RTest1_Shell@test1@test@modules@UModSys@@QAEXPBDI@Z 10001117 f i plugin_test1.obj
 0001:000003ab       ?file_test3@RTest1_Shell@test1@test@modules@UModSys@@QAEXXZ 100013ab f i plugin_test1.obj
 0001:00000651       ??0RTest1_Shell@test1@test@modules@UModSys@@QAE@PAUIModObject@base@4@@Z 10001651 f i plugin_test1.obj
 0001:00000721       ?connect@RTest1_Shell@test1@test@modules@UModSys@@UAE_NXZ 10001721 f i plugin_test1.obj
 0001:00000739       ?disconnect@RTest1_Shell@test1@test@modules@UModSys@@UAE_NXZ 10001739 f i plugin_test1.obj
 0001:00000751       ?process_tick@RTest1_Shell@test1@test@modules@UModSys@@UAE_NABUSTimeMsec@core@5@@Z 10001751 f i plugin_test1.obj
 0001:0000077c       ?process_command@RTest1_Shell@test1@test@modules@UModSys@@UAE_NHQBU?$TString@U?$TSCoreConst@D@su@tl@UModSys@@U?$TComparerBinaryHash@D@234@@tl@5@@Z 1000177c f i plugin_test1.obj
 0001:0000079a       ??1?$TParametersA@$0EAA@@core@UModSys@@QAE@XZ 1000179a f i plugin_test1.obj
 0001:000007a7       ??_GRTest1_Shell@test1@test@modules@UModSys@@UAEPAXI@Z 100017a7 f i plugin_test1.obj
 0001:000007a7       ??_ERTest1_Shell@test1@test@modules@UModSys@@UAEPAXI@Z 100017a7 f i  CIL library: CIL module
 0001:00000824       ??1IShell@base@UModSys@@UAE@XZ 10001824 f i plugin_test1.obj
 0001:0000082b       ?get_generated_names@RGenerator@test1@test@modules@UModSys@@UBEHAAUSUniquePtrList@core@5@@Z 1000182b f i plugin_test1.obj
 0001:00000844       ?get_generated_types@RGenerator@test1@test@modules@UModSys@@UBEHAAUSUniquePtrList@core@5@PBUSUniquePointerInfo@75@@Z 10001844 f i plugin_test1.obj
 0001:00000888       ?generate@RGenerator@test1@test@modules@UModSys@@UAE_NAAU?$TRefObject@UIRefObject@core@UModSys@@U?$TRefObjectFunc@UIRefObject@core@UModSys@@@tl@3@@tl@5@PBUSUniquePointerInfo@core@5@ABUSParameters@95@@Z 10001888 f i plugin_test1.obj
 0001:0000091d       ?get_interface_info@RGenerator@test1@test@modules@UModSys@@UBEABUSUniquePointerInfo@core@5@XZ 1000191d f i plugin_test1.obj
 0001:00000923       ?get_interface_type@RGenerator@test1@test@modules@UModSys@@UBEPBUSUniquePointerInfo@core@5@XZ 10001923 f i plugin_test1.obj
 0001:00000929       ?get_other_interface@RGenerator@test1@test@modules@UModSys@@UAEPAUIRoot@core@5@PBUSUniquePointerInfo@75@@Z 10001929 f i plugin_test1.obj
 0001:00000929       ?get_other_interface@RGenerator@test1@test@modules@UModSys@@UBEPBUIRoot@core@5@PBUSUniquePointerInfo@75@@Z 10001929 f i plugin_test1.obj
 0001:00000962       ?ref_links@RGenerator@test1@test@modules@UModSys@@UBEHXZ 10001962 f i plugin_test1.obj
 0001:00000962       ?ref_links@RTest1_Shell@test1@test@modules@UModSys@@UBEHXZ 10001962 f i plugin_test1.obj
 0001:00000966       ?suicide@RGenerator@test1@test@modules@UModSys@@UAEXXZ 10001966 f i plugin_test1.obj
 0001:00000967       ?get_uid@RGenerator@test1@test@modules@UModSys@@UBEPBUSUniquePointerInfo@core@5@XZ 10001967 f i plugin_test1.obj
 0001:0000096d       ??0RModuleReg@test1@test@modules@UModSys@@QAE@XZ 1000196d f i plugin_test1.obj
 0001:000009ef       ?do_open@RModuleReg@test1@test@modules@UModSys@@UAE_NXZ 100019ef f i plugin_test1.obj
 0001:00000a4f       ?do_close@RModuleReg@test1@test@modules@UModSys@@UAE_NXZ 10001a4f f i plugin_test1.obj
 0001:00000a9e       ?get_module@RGenerator@test1@test@modules@UModSys@@UBEPAUIModule@base@5@XZ 10001a9e f   plugin_test1.obj
 0001:00000aa4       ?mod_inc@RGenerator@test1@test@modules@UModSys@@UBE_NXZ 10001aa4 f   plugin_test1.obj
 0001:00000aaf       ?mod_dec@RGenerator@test1@test@modules@UModSys@@UBE_NXZ 10001aaf f   plugin_test1.obj
 0001:00000aba       ?s_holder@RGenerator@test1@test@modules@UModSys@@SAAAU?$TTypeStaticHolder@URGenerator@test1@test@modules@UModSys@@@tl@5@XZ 10001aba f   plugin_test1.obj
 0001:00000aec       ?set@?$TString@U?$TSCoreConst@D@su@tl@UModSys@@U?$TComparerBinaryHash@D@234@@tl@UModSys@@QAEXPBD@Z 10001aec f i plugin_test1.obj
 0001:00000b25       ??_GRGenerator@test1@test@modules@UModSys@@UAEPAXI@Z 10001b25 f i plugin_test1.obj
 0001:00000b25       ??_EIRoot@core@UModSys@@UAEPAXI@Z 10001b25 f i  CIL library: CIL module
 0001:00000b25       ??_GIRoot@core@UModSys@@UAEPAXI@Z 10001b25 f i plugin_test1.obj
 0001:00000b25       ??_ERGenerator@test1@test@modules@UModSys@@UAEPAXI@Z 10001b25 f i  CIL library: CIL module
 0001:00000b42       ??$t_generate@UIDataArchive@libmedia@UModSys@@@SModuleContext@base@UModSys@@QAE_NAAU?$TRefObject@UIDataArchive@libmedia@UModSys@@U?$TRefObjectFunc@UIDataArchive@libmedia@UModSys@@@tl@3@@tl@2@PBUSUniquePointerInfo@core@2@ABUSParameters@62@@Z 10001b42 f i plugin_test1.obj
 0001:00000bde       ??1?$TRefObject@UIRefObject@core@UModSys@@U?$TRefObjectFunc@UIRefObject@core@UModSys@@@tl@3@@tl@UModSys@@QAE@XZ 10001bde f i plugin_test1.obj
 0001:00000bde       ??1?$TRefObject@UIDataArchive@libmedia@UModSys@@U?$TRefObjectFunc@UIDataArchive@libmedia@UModSys@@@tl@3@@tl@UModSys@@QAE@XZ 10001bde f i plugin_test1.obj
 0001:00000bed       ??1?$TRefObject@UIModObject@base@UModSys@@U?$TModObjectFunc@UIModObject@base@UModSys@@@tl@3@@tl@UModSys@@QAE@XZ 10001bed f i plugin_test1.obj
 0001:00000c03       ?Link@SModuleContext@base@UModSys@@QAEXPAUISystem@23@PAUIMemAlloc@core@3@@Z 10001c03 f   umodsys_lib_base:umodsys.base.modulecontext.obj
 0001:00000c4f       ?s_get@SModuleRegChain@base@UModSys@@SAPAUIModuleReg@23@I@Z 10001c4f f   umodsys_lib_base:umodsys.base.moduleregchain.obj
 0001:00000c73       ?mlr_count@RModuleLibraryReg_Chain@base@UModSys@@UBEIXZ 10001c73 f   umodsys_lib_base:umodsys.base.moduleregchain.obj
 0001:00000c86       ?mlr_get@RModuleLibraryReg_Chain@base@UModSys@@UBEPAUIModuleReg@23@I@Z 10001c86 f   umodsys_lib_base:umodsys.base.moduleregchain.obj
 0001:00000c93       ?mlr_open@RModuleLibraryReg_Chain@base@UModSys@@UAE_NPAUISystem@23@PAUIMemAlloc@core@3@@Z 10001c93 f   umodsys_lib_base:umodsys.base.moduleregchain.obj
 0001:00000cf0       ?mlr_close@RModuleLibraryReg_Chain@base@UModSys@@UAE_NXZ 10001cf0 f   umodsys_lib_base:umodsys.base.moduleregchain.obj
 0001:00000d4d       ?mlr_isopen@RModuleLibraryReg_Chain@base@UModSys@@UBE_NXZ 10001d4d f   umodsys_lib_base:umodsys.base.moduleregchain.obj
 0001:00000d59       ??_GRModuleLibraryReg_Chain@base@UModSys@@UAEPAXI@Z 10001d59 f i umodsys_lib_base:umodsys.base.moduleregchain.obj
 0001:00000d59       ??_EIModuleLibraryReg@base@UModSys@@UAEPAXI@Z 10001d59 f i  CIL library: CIL module
 0001:00000d59       ??_GIModuleLibraryReg@base@UModSys@@UAEPAXI@Z 10001d59 f i umodsys_lib_base:umodsys.base.modulereg.obj
 0001:00000d59       ??_ERModuleLibraryReg_Chain@base@UModSys@@UAEPAXI@Z 10001d59 f i  CIL library: CIL module
 0001:00000d76       _UModSys_Plugin_Entry2@0   10001d76 f   umodsys_lib_base:umodsys.so_main.win32.obj
 0001:00000d7c       ??_ERModuleReg@test1@test@modules@UModSys@@UAEPAXI@Z 10001d7c f i  CIL library: CIL module
 0001:00000d7c       ??_GIModuleReg@base@UModSys@@UAEPAXI@Z 10001d7c f i umodsys_lib_base:umodsys.base.modulereg.obj
 0001:00000d7c       ??_EIModuleReg@base@UModSys@@UAEPAXI@Z 10001d7c f i  CIL library: CIL module
 0001:00000d7c       ??_GRModuleReg@test1@test@modules@UModSys@@UAEPAXI@Z 10001d7c f i plugin_test1.obj
 0001:00000d99       ?mr_isopen@IModuleReg@base@UModSys@@UBE_NXZ 10001d99 f   umodsys_lib_base:umodsys.base.modulereg.obj
 0001:00000da2       ?mr_open@IModuleReg@base@UModSys@@UAE_NXZ 10001da2 f   umodsys_lib_base:umodsys.base.modulereg.obj
 0001:00000dbd       ?mr_close@IModuleReg@base@UModSys@@UAE_NXZ 10001dbd f   umodsys_lib_base:umodsys.base.modulereg.obj
 0001:00000dca       ??0SUniquePointer@core@UModSys@@QAE@PBD0H@Z 10001dca f   umodsys_lib_core:umodsys.core.uniqueptr.obj
 0001:00000e0d       ??1SUniquePointer@core@UModSys@@QAE@XZ 10001e0d f   umodsys_lib_core:umodsys.core.uniqueptr.obj
 0001:00000e0d       ??1SModuleRegChain@base@UModSys@@QAE@XZ 10001e0d f   umodsys_lib_base:umodsys.base.moduleregchain.obj
 0001:00000e2b       ?suicide@IRoot@core@UModSys@@UAEXXZ 10001e2b f   umodsys_lib_core:umodsys.core.objects.obj
 0001:00000e36       ??3IRoot@core@UModSys@@SAXPAX@Z 10001e36 f   umodsys_lib_core:umodsys.core.objects.obj
 0001:00000e4f       ?Find@?$TSet@U?$TArray@PBUSUniquePointerInfo@core@UModSys@@@tl@UModSys@@U?$TScalarCompare@PBUSUniquePointerInfo@core@UModSys@@@core@3@@tl@UModSys@@QBEPBQBUSUniquePointerInfo@core@3@ABQBU453@@Z 10001e4f f i umodsys_lib_core:umodsys.core.uniqueptrlist.obj
 0001:00000ed6       __onexit                   10001ed6 f   MSVCRT:atonexit.obj
 0001:00000f7b       _atexit                    10001f7b f   MSVCRT:atonexit.obj
 0001:00000f92       __purecall                 10001f92 f   MSVCRT:MSVCR90.dll
 0001:00000f98       ??3@YAXPAX@Z               10001f98 f   MSVCRT:MSVCR90.dll
 0001:00000f9e       ??_Etype_info@@UAEPAXI@Z   10001f9e f i MSVCRT:ti_inst.obj
 0001:0000103c       __CRT_INIT@12              1000203c f   MSVCRT:crtdll.obj
 0001:00001378       __DllMainCRTStartup@12     10002378 f   MSVCRT:crtdll.obj
 0001:0000139c       __unlock                   1000239c f   MSVCRT:MSVCR90.dll
 0001:000013a2       ___dllonexit               100023a2 f   MSVCRT:MSVCR90.dll
 0001:000013a8       __lock                     100023a8 f   MSVCRT:MSVCR90.dll
 0001:000013b0       __SEH_prolog4              100023b0 f   MSVCRT:sehprolg4.obj
 0001:000013f5       __SEH_epilog4              100023f5 f   MSVCRT:sehprolg4.obj
 0001:00001409       __except_handler4          10002409 f   MSVCRT:chandler4gs.obj
 0001:0000142e       ?__ArrayUnwind@@YGXPAXIHP6EX0@Z@Z 1000242e f   MSVCRT:ehvecdtr.obj
 0001:0000148c       ??_M@YGXPAXIHP6EX0@Z@Z     1000248c f   MSVCRT:ehvecdtr.obj
 0001:000014ef       ___clean_type_info_names   100024ef f   MSVCRT:tncleanup.obj
 0001:000014fb       __RTC_Initialize           100024fb f   MSVCRT:_initsect_.obj
 0001:00001521       __RTC_Terminate            10002521 f   MSVCRT:_initsect_.obj
 0001:00001550       __ValidateImageBase        10002550 f   MSVCRT:pesect.obj
 0001:00001590       __FindPESection            10002590 f   MSVCRT:pesect.obj
 0001:000015e0       __IsNonwritableInCurrentImage 100025e0 f   MSVCRT:pesect.obj
 0001:0000169e       __initterm                 1000269e f   MSVCRT:MSVCR90.dll
 0001:000016a4       __initterm_e               100026a4 f   MSVCRT:MSVCR90.dll
 0001:000016aa       __amsg_exit                100026aa f   MSVCRT:MSVCR90.dll
 0001:000016b0       ___CppXcptFilter           100026b0 f   MSVCRT:MSVCR90.dll
 0001:000016b6       _DllMain@12                100026b6 f   MSVCRT:dllmain.obj
 0001:000016da       ___security_init_cookie    100026da f   MSVCRT:gs_support.obj
 0001:00001770       @__security_check_cookie@4 10002770 f   MSVCRT:secchk.obj
 0001:00001780       __except_handler4_common   10002780 f   MSVCRT:MSVCR90.dll
 0001:00001786       ?terminate@@YAXXZ          10002786 f   MSVCRT:MSVCR90.dll
 0001:0000178c       ?_type_info_dtor_internal_method@type_info@@QAEXXZ 1000278c f   MSVCRT:MSVCR90.dll
 0001:0000178c       ??1type_info@@UAE@XZ       1000278c f   MSVCRT:MSVCR90.dll
 0001:00001792       ___clean_type_info_names_internal 10002792 f   MSVCRT:MSVCR90.dll
 0001:00001798       ___report_gsfailure        10002798 f   MSVCRT:gs_report.obj
 0001:0000189e       __crt_debugger_hook        1000289e f   MSVCRT:MSVCR90.dll
 0001:000018b0       ___CxxFrameHandler3        100028b0 f   MSVCRT:MSVCR90.dll
 0001:000018b8       __EH_prolog                100028b8 f   MSVCRT:ehprolog.obj
 0002:00000000       __imp__SetUnhandledExceptionFilter@4 10003000     kernel32:KERNEL32.dll
 0002:00000004       __imp__UnhandledExceptionFilter@4 10003004     kernel32:KERNEL32.dll
 0002:00000008       __imp__GetCurrentProcess@0 10003008     kernel32:KERNEL32.dll
 0002:0000000c       __imp__TerminateProcess@8  1000300c     kernel32:KERNEL32.dll
 0002:00000010       __imp__GetSystemTimeAsFileTime@4 10003010     kernel32:KERNEL32.dll
 0002:00000014       __imp__GetCurrentProcessId@0 10003014     kernel32:KERNEL32.dll
 0002:00000018       __imp__GetCurrentThreadId@0 10003018     kernel32:KERNEL32.dll
 0002:0000001c       __imp__GetTickCount@0      1000301c     kernel32:KERNEL32.dll
 0002:00000020       __imp__QueryPerformanceCounter@4 10003020     kernel32:KERNEL32.dll
 0002:00000024       __imp__DisableThreadLibraryCalls@4 10003024     kernel32:KERNEL32.dll
 0002:00000028       __imp__InterlockedCompareExchange@12 10003028     kernel32:KERNEL32.dll
 0002:0000002c       __imp__Sleep@4             1000302c     kernel32:KERNEL32.dll
 0002:00000030       __imp__InterlockedExchange@8 10003030     kernel32:KERNEL32.dll
 0002:00000034       __imp__IsDebuggerPresent@0 10003034     kernel32:KERNEL32.dll
 0002:00000038       \177KERNEL32_NULL_THUNK_DATA 10003038     kernel32:KERNEL32.dll
 0002:0000003c       __imp____CppXcptFilter     1000303c     MSVCRT:MSVCR90.dll
 0002:00000040       __imp___except_handler4_common 10003040     MSVCRT:MSVCR90.dll
 0002:00000044       __imp___adjust_fdiv        10003044     MSVCRT:MSVCR90.dll
 0002:00000048       __imp_?_type_info_dtor_internal_method@type_info@@QAEXXZ 10003048     MSVCRT:MSVCR90.dll
 0002:0000004c       __imp____clean_type_info_names_internal 1000304c     MSVCRT:MSVCR90.dll
 0002:00000050       __imp___crt_debugger_hook  10003050     MSVCRT:MSVCR90.dll
 0002:00000054       __imp___amsg_exit          10003054     MSVCRT:MSVCR90.dll
 0002:00000058       __imp___initterm_e         10003058     MSVCRT:MSVCR90.dll
 0002:0000005c       __imp___initterm           1000305c     MSVCRT:MSVCR90.dll
 0002:00000060       __imp___encoded_null       10003060     MSVCRT:MSVCR90.dll
 0002:00000064       __imp__free                10003064     MSVCRT:MSVCR90.dll
 0002:00000068       __imp___malloc_crt         10003068     MSVCRT:MSVCR90.dll
 0002:0000006c       __imp___decode_pointer     1000306c     MSVCRT:MSVCR90.dll
 0002:00000070       __imp___onexit             10003070     MSVCRT:MSVCR90.dll
 0002:00000074       __imp___lock               10003074     MSVCRT:MSVCR90.dll
 0002:00000078       __imp___encode_pointer     10003078     MSVCRT:MSVCR90.dll
 0002:0000007c       __imp____dllonexit         1000307c     MSVCRT:MSVCR90.dll
 0002:00000080       __imp___unlock             10003080     MSVCRT:MSVCR90.dll
 0002:00000084       __imp_??3@YAXPAX@Z         10003084     MSVCRT:MSVCR90.dll
 0002:00000088       __imp_?terminate@@YAXXZ    10003088     MSVCRT:MSVCR90.dll
 0002:0000008c       __imp___purecall           1000308c     MSVCRT:MSVCR90.dll
 0002:00000090       __imp____CxxFrameHandler3  10003090     MSVCRT:MSVCR90.dll
 0002:00000094       \177MSVCR90_NULL_THUNK_DATA 10003094     MSVCRT:MSVCR90.dll
 0002:00000098       ___xc_a                    10003098     MSVCRT:cinitexe.obj
 0002:000001a8       ___xc_z                    100031a8     MSVCRT:cinitexe.obj
 0002:000001ac       ___xi_a                    100031ac     MSVCRT:cinitexe.obj
 0002:000001b4       ___xi_z                    100031b4     MSVCRT:cinitexe.obj
 0002:000001bc       ??_7type_info@@6B@         100031bc     MSVCRT:ti_inst.obj
 0002:000001c0       __pRawDllMain              100031c0     MSVCRT:crtdll.obj
 0002:000001c0       __pDefaultRawDllMain       100031c0     MSVCRT:crtdll.obj
 0002:000001cc       ??_C@_0P@GHFPNOJB@bad?5allocation?$AA@ 100031cc     plugin_test1.obj
 0002:000001dc       ??_C@_0BF@OCNNAADO@UModSys?3?3core?3?3IRoot?$AA@ 100031dc     plugin_test1.obj
 0002:000001f4       ??_C@_0BK@EMIJFOPA@UModSys?3?3core?3?3IRefObject?$AA@ 100031f4     plugin_test1.obj
 0002:00000210       ??_C@_0BL@IOMMHELF@UModSys?3?3core?3?3IParameters?$AA@ 10003210     plugin_test1.obj
 0002:0000022c       ??_C@_0BH@LKDEEPPM@UModSys?3?3base?3?3IModule?$AA@ 1000322c     plugin_test1.obj
 0002:00000244       ??_C@_0BO@PHJOHFCB@UModSys?3?3base?3?3IModuleLibrary?$AA@ 10003244     plugin_test1.obj
 0002:00000264       ??_C@_0BK@FDPIOPHG@UModSys?3?3base?3?3IModObject?$AA@ 10003264     plugin_test1.obj
 0002:00000280       ??_C@_0BK@OIBKNCKJ@UModSys?3?3base?3?3IGenerator?$AA@ 10003280     plugin_test1.obj
 0002:0000029c       ??_C@_0BG@PJBGCMEC@UModSys?3?3base?3?3IShell?$AA@ 1000329c     plugin_test1.obj
 0002:000002b4       ??_C@_0BI@IKAOEFAP@UModSys?3?3base?3?3IConsole?$AA@ 100032b4     plugin_test1.obj
 0002:000002cc       ??_C@_0BH@PFCONEJJ@UModSys?3?3base?3?3ISystem?$AA@ 100032cc     plugin_test1.obj
 0002:000002e4       ??_C@_0CB@CLGNFEGF@UModSys?3?3libmedia?3?3IStreamReader@ 100032e4     plugin_test1.obj
 0002:00000308       ??_C@_0CB@HOPFFLP@UModSys?3?3libmedia?3?3IStreamWriter@ 10003308     plugin_test1.obj
 0002:0000032c       ??_C@_0CA@BFJGGLCC@UModSys?3?3libmedia?3?3IDataArchive?$AA@ 1000332c     plugin_test1.obj
 0002:0000034c       ??_C@_0CM@LNHNHIJB@UModSys?3?3modules?3?3test?3?3test1?3?3R@ 1000334c     plugin_test1.obj
 0002:00000378       ??_C@_06FIJELGDL@?2x?$CF02x?$AA@ 10003378     plugin_test1.obj
 0002:00000380       ??_C@_01KICIPPFI@?2?$AA@   10003380     plugin_test1.obj
 0002:00000384       ??_C@_02HAOIJKIC@?$CFc?$AA@ 10003384     plugin_test1.obj
 0002:00000388       ??_C@_02DKCKIIND@?$CFs?$AA@ 10003388     plugin_test1.obj
 0002:0000038c       ??_C@_0M@LAGNAJEJ@?$CK?3?3stdio?3?3?$CK?$AA@ 1000338c     plugin_test1.obj
 0002:00000398       ??_C@_0O@CMKKEPPD@read?9test?4txt?$AA@ 10003398     plugin_test1.obj
 0002:000003a8       ??_C@_0P@HIBABMLC@write?9test?4txt?$AA@ 100033a8     plugin_test1.obj
 0002:000003b8       ??_C@_02KGHIDFGE@?$HN?6?$AA@ 100033b8     plugin_test1.obj
 0002:000003bc       ??_C@_01LFCBOECM@?4?$AA@   100033bc     plugin_test1.obj
 0002:000003c0       ??_C@_08PEIJGPHF@pathname?$AA@ 100033c0     plugin_test1.obj
 0002:000003cc       ??_C@_0BL@DDNILKEO@?5?5found?5archive?3?5?$CFs?5?$DN?$DO?5?$CFp?6?$AA@ 100033cc     plugin_test1.obj
 0002:000003e8       ??_C@_0BG@GOIHIOKN@?5?5load?5file?5size?3?$CFu?5?$HL?$AA@ 100033e8     plugin_test1.obj
 0002:00000400       ??_C@_0BB@DNFOOFNP@?5?5not?5load?5file?6?$AA@ 10003400     plugin_test1.obj
 0002:00000414       ??_C@_0BG@DLNALKIP@?5?5size?5file?5size?3?$CFu?5?$HL?$AA@ 10003414     plugin_test1.obj
 0002:0000042c       ??_C@_0BB@BKJCMKEH@?5?5not?5save?5file?6?$AA@ 1000342c     plugin_test1.obj
 0002:00000440       ??_C@_0BC@NIGGCDMG@RTest1_Shell?$CI?$CJ?5?$HL?6?$AA@ 10003440     plugin_test1.obj
 0002:00000454       ??_C@_0DK@JIEMIEKA@UModSys?3?3modules?3?3test?3?3test1?3?3R@ 10003454     plugin_test1.obj
 0002:00000490       ??_C@_0CK@OICDGBDJ@?4?4?2?4?4?2?4?4?2src?2plugin?2test?2plugin_@ 10003490     plugin_test1.obj
 0002:000004bc       ??_C@_0BF@BMCPNMPN@?$HN?5?1?1?5RTest1_Shell?$CI?$CJ?6?$AA@ 100034bc     plugin_test1.obj
 0002:000004d4       ??_C@_0DL@OIAHAJF@UModSys?3?3modules?3?3test?3?3test1?3?3R@ 100034d4     plugin_test1.obj
 0002:00000510       ??_C@_0BB@MLDFLEML@?$HORTest1_Shell?$CI?$CJ?6?$AA@ 10003510     plugin_test1.obj
 0002:00000524       ??_C@_0BJ@CCPCJEPP@RTest1_Shell?3?3connect?$CI?$CJ?6?$AA@ 10003524     plugin_test1.obj
 0002:00000540       ??_C@_0BM@KBDBHLN@RTest1_Shell?3?3disconnect?$CI?$CJ?6?$AA@ 10003540     plugin_test1.obj
 0002:0000055c       ??_C@_0BI@PGLACHLJ@RTest1_Shell?3?3tick?$CI?$CFg?$CJ?6?$AA@ 1000355c     plugin_test1.obj
 0002:00000574       ??_C@_0BM@JFIEEBE@RTest1_Shell?3?3command?$CI?$CD?$CFd?$CJ?6?$AA@ 10003574     plugin_test1.obj
 0002:00000590       ??_C@_0CK@DEJPICLK@UModSys?3?3modules?3?3test?3?3test1?3?3R@ 10003590     plugin_test1.obj
 0002:000005bc       ??_C@_0DD@HMBJLEH@UMODSYS_MODULE_NAME?$CItest?0test1?$CJ?3@ 100035bc     plugin_test1.obj
 0002:000005f0       ??_C@_0BA@NMEBLMNE@Test?51?5?9?5module?$AA@ 100035f0     plugin_test1.obj
 0002:00000600       ??_C@_05GENPCEMM@Test1?$AA@ 10003600     plugin_test1.obj
 0002:00000608       ??_C@_0BE@HJEBHPIG@RModuleReg?3?3open?$CI?$CJ?6?$AA@ 10003608     plugin_test1.obj
 0002:0000061c       ??_C@_0BF@KIBBFLP@RModuleReg?3?3close?$CI?$CJ?6?$AA@ 1000361c     plugin_test1.obj
 0002:00000634       ??_C@_09JGNMLHG@modobject?$AA@ 10003634     plugin_test1.obj
 0002:00000640       ??_C@_08FCBDOIAH@typeinfo?$AA@ 10003640     plugin_test1.obj
 0002:00000650       ??_7IRoot@core@UModSys@@6B@ 10003650     plugin_test1.obj
 0002:00000674       ??_7RTest1_Shell@test1@test@modules@UModSys@@6B@ 10003674     plugin_test1.obj
 0002:000006b4       ??_7RGenerator@test1@test@modules@UModSys@@6B@ 100036b4     plugin_test1.obj
 0002:00000700       ??_7RModuleReg@test1@test@modules@UModSys@@6B@ 10003700     plugin_test1.obj
 0002:0000071c       ??_7RModuleLibraryReg_Chain@base@UModSys@@6B@ 1000371c     umodsys_lib_base:umodsys.base.moduleregchain.obj
 0002:00000738       ??_7IModuleReg@base@UModSys@@6B@ 10003738     umodsys_lib_base:umodsys.base.modulereg.obj
 0002:00000754       ??_7IModuleLibraryReg@base@UModSys@@6B@ 10003754     umodsys_lib_base:umodsys.base.modulereg.obj
 0002:00000770       __real@3f50624dd2f1a9fc    10003770      CIL library: CIL module
 0002:00000778       __load_config_used         10003778     MSVCRT:loadcfg.obj
 0002:000007c0       ??_R4type_info@@6B@        100037c0     MSVCRT:ti_inst.obj
 0002:000007d4       ??_R3type_info@@8          100037d4     MSVCRT:ti_inst.obj
 0002:000007e4       ??_R2type_info@@8          100037e4     MSVCRT:ti_inst.obj
 0002:000007ec       ??_R1A@?0A@EA@type_info@@8 100037ec     MSVCRT:ti_inst.obj
 0002:00000808       ??_R4RModuleReg@test1@test@modules@UModSys@@6B@ 10003808     plugin_test1.obj
 0002:0000081c       ??_R3RModuleReg@test1@test@modules@UModSys@@8 1000381c     plugin_test1.obj
 0002:0000082c       ??_R2RModuleReg@test1@test@modules@UModSys@@8 1000382c     plugin_test1.obj
 0002:00000838       ??_R1A@?0A@EA@IModuleReg@base@UModSys@@8 10003838     plugin_test1.obj
 0002:00000854       ??_R3IModuleReg@base@UModSys@@8 10003854     plugin_test1.obj
 0002:00000864       ??_R2IModuleReg@base@UModSys@@8 10003864     plugin_test1.obj
 0002:0000086c       ??_R1A@?0A@EA@RModuleReg@test1@test@modules@UModSys@@8 1000386c     plugin_test1.obj
 0002:00000888       ??_R4RGenerator@test1@test@modules@UModSys@@6B@ 10003888     plugin_test1.obj
 0002:0000089c       ??_R3RGenerator@test1@test@modules@UModSys@@8 1000389c     plugin_test1.obj
 0002:000008ac       ??_R2RGenerator@test1@test@modules@UModSys@@8 100038ac     plugin_test1.obj
 0002:000008c4       ??_R1A@?0A@EA@RGenerator@test1@test@modules@UModSys@@8 100038c4     plugin_test1.obj
 0002:000008e0       ??_R4RTest1_Shell@test1@test@modules@UModSys@@6B@ 100038e0     plugin_test1.obj
 0002:000008f4       ??_R3RTest1_Shell@test1@test@modules@UModSys@@8 100038f4     plugin_test1.obj
 0002:00000904       ??_R2RTest1_Shell@test1@test@modules@UModSys@@8 10003904     plugin_test1.obj
 0002:00000918       ??_R1A@?0A@EA@RTest1_Shell@test1@test@modules@UModSys@@8 10003918     plugin_test1.obj
 0002:00000934       ??_R3IShell@base@UModSys@@8 10003934     plugin_test1.obj
 0002:00000944       ??_R2IShell@base@UModSys@@8 10003944     plugin_test1.obj
 0002:00000954       ??_R1A@?0A@EA@IShell@base@UModSys@@8 10003954     plugin_test1.obj
 0002:00000970       ??_R3IGenerator@base@UModSys@@8 10003970     plugin_test1.obj
 0002:00000980       ??_R2IGenerator@base@UModSys@@8 10003980     plugin_test1.obj
 0002:00000994       ??_R1A@?0A@EA@IGenerator@base@UModSys@@8 10003994     plugin_test1.obj
 0002:000009b0       ??_R3IModObject@base@UModSys@@8 100039b0     plugin_test1.obj
 0002:000009c0       ??_R2IModObject@base@UModSys@@8 100039c0     plugin_test1.obj
 0002:000009d0       ??_R1A@?0A@EA@IModObject@base@UModSys@@8 100039d0     plugin_test1.obj
 0002:000009ec       ??_R3IRefObject@core@UModSys@@8 100039ec     plugin_test1.obj
 0002:000009fc       ??_R2IRefObject@core@UModSys@@8 100039fc     plugin_test1.obj
 0002:00000a08       ??_R1A@?0A@EA@IRefObject@core@UModSys@@8 10003a08     plugin_test1.obj
 0002:00000a24       ??_R4IRoot@core@UModSys@@6B@ 10003a24     plugin_test1.obj
 0002:00000a38       ??_R3IRoot@core@UModSys@@8 10003a38     plugin_test1.obj
 0002:00000a48       ??_R2IRoot@core@UModSys@@8 10003a48     plugin_test1.obj
 0002:00000a50       ??_R1A@?0A@EA@IRoot@core@UModSys@@8 10003a50     plugin_test1.obj
 0002:00000a6c       ??_R4RModuleLibraryReg_Chain@base@UModSys@@6B@ 10003a6c     umodsys_lib_base:umodsys.base.moduleregchain.obj
 0002:00000a80       ??_R3RModuleLibraryReg_Chain@base@UModSys@@8 10003a80     umodsys_lib_base:umodsys.base.moduleregchain.obj
 0002:00000a90       ??_R2RModuleLibraryReg_Chain@base@UModSys@@8 10003a90     umodsys_lib_base:umodsys.base.moduleregchain.obj
 0002:00000a9c       ??_R1A@?0A@EA@IModuleLibraryReg@base@UModSys@@8 10003a9c     umodsys_lib_base:umodsys.base.moduleregchain.obj
 0002:00000ab8       ??_R3IModuleLibraryReg@base@UModSys@@8 10003ab8     umodsys_lib_base:umodsys.base.moduleregchain.obj
 0002:00000ac8       ??_R2IModuleLibraryReg@base@UModSys@@8 10003ac8     umodsys_lib_base:umodsys.base.moduleregchain.obj
 0002:00000ad0       ??_R1A@?0A@EA@RModuleLibraryReg_Chain@base@UModSys@@8 10003ad0     umodsys_lib_base:umodsys.base.moduleregchain.obj
 0002:00000aec       ??_R4IModuleLibraryReg@base@UModSys@@6B@ 10003aec     umodsys_lib_base:umodsys.base.modulereg.obj
 0002:00000b00       ??_R4IModuleReg@base@UModSys@@6B@ 10003b00     umodsys_lib_base:umodsys.base.modulereg.obj
 0002:00000b20       ___safe_se_handler_table   10003b20     <linker-defined>
 0002:00000b3c       ___rtc_iaa                 10003b3c     MSVCRT:_initsect_.obj
 0002:00000b40       ___rtc_izz                 10003b40     MSVCRT:_initsect_.obj
 0002:00000b44       ___rtc_taa                 10003b44     MSVCRT:_initsect_.obj
 0002:00000b48       ___rtc_tzz                 10003b48     MSVCRT:_initsect_.obj
 0002:00000d0c       __IMPORT_DESCRIPTOR_MSVCR90 10003d0c     MSVCRT:MSVCR90.dll
 0002:00000d20       __IMPORT_DESCRIPTOR_KERNEL32 10003d20     kernel32:KERNEL32.dll
 0002:00000d34       __NULL_IMPORT_DESCRIPTOR   10003d34     MSVCRT:MSVCR90.dll
 0003:00000000       ??_R0?AVtype_info@@@8      10005000     MSVCRT:ti_inst.obj
 0003:00000018       ___native_dllmain_reason   10005018     MSVCRT:natstart.obj
 0003:0000001c       ___native_vcclrit_reason   1000501c     MSVCRT:natstart.obj
 0003:00000020       ___security_cookie         10005020     MSVCRT:gs_cookie.obj
 0003:00000024       ___security_cookie_complement 10005024     MSVCRT:gs_cookie.obj
 0003:00000028       ??_R0?AUIModuleReg@base@UModSys@@@8 10005028     plugin_test1.obj
 0003:00000050       ??_R0?AURModuleReg@test1@test@modules@UModSys@@@8 10005050     plugin_test1.obj
 0003:00000084       ??_R0?AURGenerator@test1@test@modules@UModSys@@@8 10005084     plugin_test1.obj
 0003:000000b8       ??_R0?AURTest1_Shell@test1@test@modules@UModSys@@@8 100050b8     plugin_test1.obj
 0003:000000f0       ??_R0?AUIShell@base@UModSys@@@8 100050f0     plugin_test1.obj
 0003:00000114       ??_R0?AUIGenerator@base@UModSys@@@8 10005114     plugin_test1.obj
 0003:0000013c       ??_R0?AUIModObject@base@UModSys@@@8 1000513c     plugin_test1.obj
 0003:00000164       ??_R0?AUIRefObject@core@UModSys@@@8 10005164     plugin_test1.obj
 0003:0000018c       ??_R0?AUIRoot@core@UModSys@@@8 1000518c     plugin_test1.obj
 0003:000001c8       ?so_entry_enabled_flag@base@UModSys@@3HA 100051c8     umodsys_lib_base:umodsys.so_main.win32.obj
 0003:000001dc       ?s_modreg_chain@RModuleReg@test1@test@modules@UModSys@@2USModuleRegChain@base@5@A 100051dc     plugin_test1.obj
 0003:000001e8       ?s_library@RModuleLibraryReg_Chain@base@UModSys@@2U123@A 100051e8     umodsys_lib_base:umodsys.base.moduleregchain.obj
 0003:000001ec       ??_R0?AUIModuleLibraryReg@base@UModSys@@@8 100051ec     umodsys_lib_base:umodsys.base.moduleregchain.obj
 0003:0000021c       ??_R0?AURModuleLibraryReg_Chain@base@UModSys@@@8 1000521c     umodsys_lib_base:umodsys.base.moduleregchain.obj
 0003:00000254       __forceCRTManifestRTM      10005254     MSVCRT:crtmanifestrtm.obj
 0003:00000258       ?__type_info_root_node@@3U__type_info_node@@A 10005258     MSVCRT:tncleanup.obj
 0003:000005a4       ?s_modreg@RModuleReg@test1@test@modules@UModSys@@2U12345@A 100055a4     plugin_test1.obj
 0003:000005cc       ?s_uid@RGenerator@test1@test@modules@UModSys@@2USUniquePointer@core@5@A 100055cc     plugin_test1.obj
 0003:000005e4       ?M@UModSys@@3USModuleContext@base@1@A 100055e4     umodsys_lib_base:umodsys.base.modulecontext.obj
 0003:000005f8       ?root@SModuleRegChain@base@UModSys@@2U123@A 100055f8     umodsys_lib_base:umodsys.base.moduleregchain.obj
 0003:00000604       ?root@SUniquePointer@core@UModSys@@2U123@A 10005604     umodsys_lib_core:umodsys.core.uniqueptr.obj
 0003:0000061c       ?s_id@?$TObjectUniqueID@UIRefObject@core@UModSys@@@tl@UModSys@@2USUniquePointer@core@3@A 1000561c     plugin_test1.obj
 0003:00000634       ?s_id@?$TObjectUniqueID@UIRoot@core@UModSys@@@tl@UModSys@@2USUniquePointer@core@3@A 10005634     plugin_test1.obj
 0003:0000064c       ?s_id@?$TObjectUniqueID@UIModule@base@UModSys@@@tl@UModSys@@2USUniquePointer@core@3@A 1000564c     plugin_test1.obj
 0003:00000664       ?s_id@?$TObjectUniqueID@UIStreamWriter@libmedia@UModSys@@@tl@UModSys@@2USUniquePointer@core@3@A 10005664     plugin_test1.obj
 0003:0000067c       ?s_id@?$TObjectUniqueID@UIGenerator@base@UModSys@@@tl@UModSys@@2USUniquePointer@core@3@A 1000567c     plugin_test1.obj
 0003:00000694       ?s_id@?$TObjectUniqueID@UIModuleLibrary@base@UModSys@@@tl@UModSys@@2USUniquePointer@core@3@A 10005694     plugin_test1.obj
 0003:000006ac       ?s_id@?$TObjectUniqueID@UIParameters@core@UModSys@@@tl@UModSys@@2USUniquePointer@core@3@A 100056ac     plugin_test1.obj
 0003:000006c4       ?s_id@?$TObjectUniqueID@UISystem@base@UModSys@@@tl@UModSys@@2USUniquePointer@core@3@A 100056c4     plugin_test1.obj
 0003:000006dc       ?s_id@?$TObjectUniqueID@UIDataArchive@libmedia@UModSys@@@tl@UModSys@@2USUniquePointer@core@3@A 100056dc     plugin_test1.obj
 0003:000006f4       ?s_id@?$TObjectUniqueID@URTest1_Shell@test1@test@modules@UModSys@@@tl@UModSys@@2USUniquePointer@core@3@A 100056f4     plugin_test1.obj
 0003:0000070c       ?s_id@?$TObjectUniqueID@UIModObject@base@UModSys@@@tl@UModSys@@2USUniquePointer@core@3@A 1000570c     plugin_test1.obj
 0003:00000724       ?s_id@?$TObjectUniqueID@UIStreamReader@libmedia@UModSys@@@tl@UModSys@@2USUniquePointer@core@3@A 10005724     plugin_test1.obj
 0003:0000073c       ?s_id@?$TObjectUniqueID@URGenerator@test1@test@modules@UModSys@@@tl@UModSys@@2USUniquePointer@core@3@A 1000573c     plugin_test1.obj
 0003:00000754       ?s_id@?$TObjectUniqueID@UIShell@base@UModSys@@@tl@UModSys@@2USUniquePointer@core@3@A 10005754     plugin_test1.obj
 0003:0000076c       ?s_id@?$TObjectUniqueID@UIConsole@base@UModSys@@@tl@UModSys@@2USUniquePointer@core@3@A 1000576c     plugin_test1.obj
 0003:00000784       __adjust_fdiv              10005784     <common>
 0003:00000788       ___native_startup_state    10005788     <common>
 0003:0000078c       ___native_startup_lock     1000578c     <common>
 0003:00000790       ___dyn_tls_init_callback   10005790     <common>
 0003:00000794       ___onexitend               10005794     <common>
 0003:00000798       ___onexitbegin             10005798     <common>

 entry point at        0001:00001378

 Static symbols

 0001:00000fed       _pre_c_init                10001fed f   MSVCRT:crtdll.obj
 0001:00001262       ___DllMainCRTStartup       10002262 f   MSVCRT:crtdll.obj
 0001:000018d7       __unwindfunclet$?suicide@RTest1_Shell@test1@test@modules@UModSys@@UAEXXZ$0 100028d7 f    CIL library: CIL module
 0001:000018df       __ehhandler$?suicide@RTest1_Shell@test1@test@modules@UModSys@@UAEXXZ 100028df f    CIL library: CIL module
 0001:000018e9       __unwindfunclet$??$t_generate@UIDataArchive@libmedia@UModSys@@@SModuleContext@base@UModSys@@QAE_NAAU?$TRefObject@UIDataArchive@libmedia@UModSys@@U?$TRefObjectFunc@UIDataArchive@libmedia@UModSys@@@tl@3@@tl@2@PBUSUniquePointerInfo@core@2@ABUSParameters@62@@Z$0 100028e9 f    CIL library: CIL module
 0001:000018f1       __ehhandler$??$t_generate@UIDataArchive@libmedia@UModSys@@@SModuleContext@base@UModSys@@QAE_NAAU?$TRefObject@UIDataArchive@libmedia@UModSys@@U?$TRefObjectFunc@UIDataArchive@libmedia@UModSys@@@tl@3@@tl@2@PBUSUniquePointerInfo@core@2@ABUSParameters@62@@Z 100028f1 f    CIL library: CIL module
 0001:000018fb       __unwindfunclet$??_GRTest1_Shell@test1@test@modules@UModSys@@UAEPAXI@Z$0 100028fb f    CIL library: CIL module
 0001:00001903       __ehhandler$??_GRTest1_Shell@test1@test@modules@UModSys@@UAEPAXI@Z 10002903 f    CIL library: CIL module
 0001:0000190d       __unwindfunclet$?file_test3@RTest1_Shell@test1@test@modules@UModSys@@QAEXXZ$0 1000290d f    CIL library: CIL module
 0001:00001918       __unwindfunclet$?file_test3@RTest1_Shell@test1@test@modules@UModSys@@QAEXXZ$1 10002918 f    CIL library: CIL module
 0001:00001923       __unwindfunclet$?file_test3@RTest1_Shell@test1@test@modules@UModSys@@QAEXXZ$2 10002923 f    CIL library: CIL module
 0001:0000192e       __ehhandler$?file_test3@RTest1_Shell@test1@test@modules@UModSys@@QAEXXZ 1000292e f    CIL library: CIL module
 0001:00001938       __unwindfunclet$??0RTest1_Shell@test1@test@modules@UModSys@@QAE@PAUIModObject@base@4@@Z$0 10002938 f    CIL library: CIL module
 0001:00001940       __ehhandler$??0RTest1_Shell@test1@test@modules@UModSys@@QAE@PAUIModObject@base@4@@Z 10002940 f    CIL library: CIL module
 0001:0000194a       __unwindfunclet$?generate@RGenerator@test1@test@modules@UModSys@@UAE_NAAU?$TRefObject@UIRefObject@core@UModSys@@U?$TRefObjectFunc@UIRefObject@core@UModSys@@@tl@3@@tl@5@PBUSUniquePointerInfo@core@5@ABUSParameters@95@@Z$0 1000294a f    CIL library: CIL module
 0001:00001955       __ehhandler$?generate@RGenerator@test1@test@modules@UModSys@@UAE_NAAU?$TRefObject@UIRefObject@core@UModSys@@U?$TRefObjectFunc@UIRefObject@core@UModSys@@@tl@3@@tl@5@PBUSUniquePointerInfo@core@5@ABUSParameters@95@@Z 10002955 f    CIL library: CIL module
 0001:0000195f       ??__E?s_modreg@RModuleReg@test1@test@modules@UModSys@@2U12345@A@@YAXXZ 1000295f f    CIL library: CIL module
 0001:00001970       ??__E?s_modreg_chain@RModuleReg@test1@test@modules@UModSys@@2USModuleRegChain@base@5@A@@YAXXZ 10002970 f    CIL library: CIL module
 0001:000019a2       ??__E?s_uid@RGenerator@test1@test@modules@UModSys@@2USUniquePointer@core@5@A@@YAXXZ 100029a2 f    CIL library: CIL module
 0001:000019c4       ??__E?s_id@?$TObjectUniqueID@UIRoot@core@UModSys@@@tl@UModSys@@2USUniquePointer@core@3@A@@YAXXZ 100029c4 f    CIL library: CIL module
 0001:000019e6       ??__E?s_id@?$TObjectUniqueID@UIRefObject@core@UModSys@@@tl@UModSys@@2USUniquePointer@core@3@A@@YAXXZ 100029e6 f    CIL library: CIL module
 0001:00001a08       ??__E?s_id@?$TObjectUniqueID@UIParameters@core@UModSys@@@tl@UModSys@@2USUniquePointer@core@3@A@@YAXXZ 10002a08 f    CIL library: CIL module
 0001:00001a2a       ??__E?s_id@?$TObjectUniqueID@UIModule@base@UModSys@@@tl@UModSys@@2USUniquePointer@core@3@A@@YAXXZ 10002a2a f    CIL library: CIL module
 0001:00001a4c       ??__E?s_id@?$TObjectUniqueID@UIModuleLibrary@base@UModSys@@@tl@UModSys@@2USUniquePointer@core@3@A@@YAXXZ 10002a4c f    CIL library: CIL module
 0001:00001a6e       ??__E?s_id@?$TObjectUniqueID@UIModObject@base@UModSys@@@tl@UModSys@@2USUniquePointer@core@3@A@@YAXXZ 10002a6e f    CIL library: CIL module
 0001:00001a90       ??__E?s_id@?$TObjectUniqueID@UIGenerator@base@UModSys@@@tl@UModSys@@2USUniquePointer@core@3@A@@YAXXZ 10002a90 f    CIL library: CIL module
 0001:00001ab2       ??__E?s_id@?$TObjectUniqueID@UIShell@base@UModSys@@@tl@UModSys@@2USUniquePointer@core@3@A@@YAXXZ 10002ab2 f    CIL library: CIL module
 0001:00001ad4       ??__E?s_id@?$TObjectUniqueID@UIConsole@base@UModSys@@@tl@UModSys@@2USUniquePointer@core@3@A@@YAXXZ 10002ad4 f    CIL library: CIL module
 0001:00001af6       ??__E?s_id@?$TObjectUniqueID@UISystem@base@UModSys@@@tl@UModSys@@2USUniquePointer@core@3@A@@YAXXZ 10002af6 f    CIL library: CIL module
 0001:00001b18       ??__E?s_id@?$TObjectUniqueID@UIStreamReader@libmedia@UModSys@@@tl@UModSys@@2USUniquePointer@core@3@A@@YAXXZ 10002b18 f    CIL library: CIL module
 0001:00001b3a       ??__E?s_id@?$TObjectUniqueID@UIStreamWriter@libmedia@UModSys@@@tl@UModSys@@2USUniquePointer@core@3@A@@YAXXZ 10002b3a f    CIL library: CIL module
 0001:00001b5c       ??__E?s_id@?$TObjectUniqueID@UIDataArchive@libmedia@UModSys@@@tl@UModSys@@2USUniquePointer@core@3@A@@YAXXZ 10002b5c f    CIL library: CIL module
 0001:00001b7e       ??__E?s_id@?$TObjectUniqueID@URTest1_Shell@test1@test@modules@UModSys@@@tl@UModSys@@2USUniquePointer@core@3@A@@YAXXZ 10002b7e f    CIL library: CIL module
 0001:00001ba0       ??__E?s_id@?$TObjectUniqueID@URGenerator@test1@test@modules@UModSys@@@tl@UModSys@@2USUniquePointer@core@3@A@@YAXXZ 10002ba0 f    CIL library: CIL module
 0001:00001bc2       ??__EM@UModSys@@YAXXZ      10002bc2 f    CIL library: CIL module
 0001:00001bce       ??__E?root@SModuleRegChain@base@UModSys@@2U123@A@@YAXXZ 10002bce f    CIL library: CIL module
 0001:00001bda       ??__E?s_library@RModuleLibraryReg_Chain@base@UModSys@@2U123@A@@YAXXZ 10002bda f    CIL library: CIL module
 0001:00001be6       ??__E?root@SUniquePointer@core@UModSys@@2U123@A@@YAXXZ 10002be6 f    CIL library: CIL module
 0001:00001bf2       ??__F?s_modreg@RModuleReg@test1@test@modules@UModSys@@2U12345@A@@YAXXZ 10002bf2 f    CIL library: CIL module
 0001:00001bfd       ??__F?s_modreg_chain@RModuleReg@test1@test@modules@UModSys@@2USModuleRegChain@base@5@A@@YAXXZ 10002bfd f    CIL library: CIL module
 0001:00001c07       ??__F?s_uid@RGenerator@test1@test@modules@UModSys@@2USUniquePointer@core@5@A@@YAXXZ 10002c07 f    CIL library: CIL module
 0001:00001c11       ??__Fh@?1??s_holder@RGenerator@test1@test@modules@UModSys@@SAAAU?$TTypeStaticHolder@URGenerator@test1@test@modules@UModSys@@@tl@5@XZ@YAXXZ 10002c11 f    CIL library: CIL module
 0001:00001c2e       ??__F?s_id@?$TObjectUniqueID@URGenerator@test1@test@modules@UModSys@@@tl@UModSys@@2USUniquePointer@core@3@A@@YAXXZ 10002c2e f    CIL library: CIL module
 0001:00001c38       ??__F?s_id@?$TObjectUniqueID@URTest1_Shell@test1@test@modules@UModSys@@@tl@UModSys@@2USUniquePointer@core@3@A@@YAXXZ 10002c38 f    CIL library: CIL module
 0001:00001c42       ??__F?s_id@?$TObjectUniqueID@UIDataArchive@libmedia@UModSys@@@tl@UModSys@@2USUniquePointer@core@3@A@@YAXXZ 10002c42 f    CIL library: CIL module
 0001:00001c4c       ??__F?s_id@?$TObjectUniqueID@UIStreamWriter@libmedia@UModSys@@@tl@UModSys@@2USUniquePointer@core@3@A@@YAXXZ 10002c4c f    CIL library: CIL module
 0001:00001c56       ??__F?s_id@?$TObjectUniqueID@UIStreamReader@libmedia@UModSys@@@tl@UModSys@@2USUniquePointer@core@3@A@@YAXXZ 10002c56 f    CIL library: CIL module
 0001:00001c60       ??__F?s_id@?$TObjectUniqueID@UISystem@base@UModSys@@@tl@UModSys@@2USUniquePointer@core@3@A@@YAXXZ 10002c60 f    CIL library: CIL module
 0001:00001c6a       ??__F?s_id@?$TObjectUniqueID@UIConsole@base@UModSys@@@tl@UModSys@@2USUniquePointer@core@3@A@@YAXXZ 10002c6a f    CIL library: CIL module
 0001:00001c74       ??__F?s_id@?$TObjectUniqueID@UIShell@base@UModSys@@@tl@UModSys@@2USUniquePointer@core@3@A@@YAXXZ 10002c74 f    CIL library: CIL module
 0001:00001c7e       ??__F?s_id@?$TObjectUniqueID@UIGenerator@base@UModSys@@@tl@UModSys@@2USUniquePointer@core@3@A@@YAXXZ 10002c7e f    CIL library: CIL module
 0001:00001c88       ??__F?s_id@?$TObjectUniqueID@UIModObject@base@UModSys@@@tl@UModSys@@2USUniquePointer@core@3@A@@YAXXZ 10002c88 f    CIL library: CIL module
 0001:00001c92       ??__F?s_id@?$TObjectUniqueID@UIModuleLibrary@base@UModSys@@@tl@UModSys@@2USUniquePointer@core@3@A@@YAXXZ 10002c92 f    CIL library: CIL module
 0001:00001c9c       ??__F?s_id@?$TObjectUniqueID@UIModule@base@UModSys@@@tl@UModSys@@2USUniquePointer@core@3@A@@YAXXZ 10002c9c f    CIL library: CIL module
 0001:00001ca6       ??__F?s_id@?$TObjectUniqueID@UIParameters@core@UModSys@@@tl@UModSys@@2USUniquePointer@core@3@A@@YAXXZ 10002ca6 f    CIL library: CIL module
 0001:00001cb0       ??__F?s_id@?$TObjectUniqueID@UIRefObject@core@UModSys@@@tl@UModSys@@2USUniquePointer@core@3@A@@YAXXZ 10002cb0 f    CIL library: CIL module
 0001:00001cba       ??__F?s_id@?$TObjectUniqueID@UIRoot@core@UModSys@@@tl@UModSys@@2USUniquePointer@core@3@A@@YAXXZ 10002cba f    CIL library: CIL module
 0001:00001cc4       ??__FM@UModSys@@YAXXZ      10002cc4 f    CIL library: CIL module
 0001:00001cc5       ??__F?root@SModuleRegChain@base@UModSys@@2U123@A@@YAXXZ 10002cc5 f    CIL library: CIL module
 0001:00001ccf       ??__F?s_library@RModuleLibraryReg_Chain@base@UModSys@@2U123@A@@YAXXZ 10002ccf f    CIL library: CIL module
 0001:00001cda       ??__F?root@SUniquePointer@core@UModSys@@2U123@A@@YAXXZ 10002cda f    CIL library: CIL module

 Exports

  ordinal    name

        1    _UModSys_Plugin_Entry2@0
