 plugin_test1

 Timestamp is 52666491 (Tue Oct 22 14:42:09 2013)

 Preferred load address is 10000000

 Start         Length     Name                   Class
 0001:00000000 000019f7H .text                   CODE
 0001:000019f7 000000a9H .text$x                 CODE
 0001:00001aa0 000003a1H .text$yc                CODE
 0001:00001e41 0000012eH .text$yd                CODE
 0002:00000000 00000098H .idata$5                DATA
 0002:00000098 00000004H .CRT$XCA                DATA
 0002:0000009c 0000016cH .CRT$XCU                DATA
 0002:00000208 00000004H .CRT$XCZ                DATA
 0002:0000020c 00000004H .CRT$XIA                DATA
 0002:00000210 00000004H .CRT$XIAA               DATA
 0002:00000214 00000004H .CRT$XIZ                DATA
 0002:00000218 000006e0H .rdata                  DATA
 0002:000008f8 00000354H .rdata$r                DATA
 0002:00000c50 0000001cH .rdata$sxdata           DATA
 0002:00000c6c 00000004H .rtc$IAA                DATA
 0002:00000c70 00000004H .rtc$IZZ                DATA
 0002:00000c74 00000004H .rtc$TAA                DATA
 0002:00000c78 00000004H .rtc$TZZ                DATA
 0002:00000c80 000001d4H .xdata$x                DATA
 0002:00000e54 00000028H .idata$2                DATA
 0002:00000e7c 00000014H .idata$3                DATA
 0002:00000e90 00000098H .idata$4                DATA
 0002:00000f28 000002e6H .idata$6                DATA
 0002:00001210 0000005cH .edata                  DATA
 0003:00000000 00000250H .data                   DATA
 0003:00000250 000005dcH .bss                    DATA

  Address         Publics by Value              Rva+Base       Lib:Object

 0000:00000000       __except_list              00000000     <absolute>
 0000:00000007       ___safe_se_handler_count   00000007     <absolute>
 0000:00009876       __ldused                   00009876     <absolute>
 0000:00009876       __fltused                  00009876     <absolute>
 0000:00000000       ___ImageBase               10000000     <linker-defined>
 0001:00000000       ??1SCMemShared@core@UModSys@@QAE@XZ 10001000 f i plugin_test1.obj
 0001:00000016       ??6SUniquePtrList@core@UModSys@@QAEAAU012@PBUSUniquePointerInfo@12@@Z 10001016 f i plugin_test1.obj
 0001:00000047       ??3IRoot@core@UModSys@@SAXPAXABUSIMemAlloc@12@@Z 10001047 f i plugin_test1.obj
 0001:00000060       ?get_interface_info@RTest1_Shell@test1@test@modules@UModSys@@UBEABUSUniquePointerInfo@core@5@XZ 10001060 f i plugin_test1.obj
 0001:00000066       ?get_interface_type@RTest1_Shell@test1@test@modules@UModSys@@UBEPBUSUniquePointerInfo@core@5@XZ 10001066 f i plugin_test1.obj
 0001:0000006c       ?get_other_interface@RTest1_Shell@test1@test@modules@UModSys@@UAEPAUIRoot@core@5@PBUSUniquePointerInfo@75@@Z 1000106c f i plugin_test1.obj
 0001:0000006c       ?get_other_interface@RTest1_Shell@test1@test@modules@UModSys@@UBEPBUIRoot@core@5@PBUSUniquePointerInfo@75@@Z 1000106c f i plugin_test1.obj
 0001:0000009d       ?ref_links@RTest1_Shell@test1@test@modules@UModSys@@UBEHXZ 1000109d f i plugin_test1.obj
 0001:0000009d       ?ref_links@RGenerator@test1@test@modules@UModSys@@UBEHXZ 1000109d f i plugin_test1.obj
 0001:000000a1       ?suicide@RTest1_Shell@test1@test@modules@UModSys@@UAEXXZ 100010a1 f i plugin_test1.obj
 0001:000000e8       ?dump_str@RTest1_Shell@test1@test@modules@UModSys@@QAEXPBDI@Z 100010e8 f i plugin_test1.obj
 0001:0000037c       ?file_test4@RTest1_Shell@test1@test@modules@UModSys@@QAEXXZ 1000137c f i plugin_test1.obj
 0001:0000067e       ??0RTest1_Shell@test1@test@modules@UModSys@@QAE@PAUIModObject@base@4@@Z 1000167e f i plugin_test1.obj
 0001:0000074e       ?connect@RTest1_Shell@test1@test@modules@UModSys@@UAE_NXZ 1000174e f i plugin_test1.obj
 0001:00000766       ?disconnect@RTest1_Shell@test1@test@modules@UModSys@@UAE_NXZ 10001766 f i plugin_test1.obj
 0001:0000077e       ?process_tick@RTest1_Shell@test1@test@modules@UModSys@@UAE_NABUSTimeMsec@core@5@@Z 1000177e f i plugin_test1.obj
 0001:000007a9       ?process_command@RTest1_Shell@test1@test@modules@UModSys@@UAE_NHQBU?$TString@U?$TSCoreConst@D@su@tl@UModSys@@U?$TComparerBinaryHash@D@234@@tl@5@@Z 100017a9 f i plugin_test1.obj
 0001:000007c7       ??1?$TParametersA@$0EAA@@core@UModSys@@QAE@XZ 100017c7 f i plugin_test1.obj
 0001:000007d4       ??1SMountPoint@ILibraryBinTree@libmedia@UModSys@@QAE@XZ 100017d4 f i plugin_test1.obj
 0001:000007e5       ??_GRTest1_Shell@test1@test@modules@UModSys@@UAEPAXI@Z 100017e5 f i plugin_test1.obj
 0001:000007e5       ??_ERTest1_Shell@test1@test@modules@UModSys@@UAEPAXI@Z 100017e5 f i  CIL library: CIL module
 0001:00000862       ??1IShell@base@UModSys@@UAE@XZ 10001862 f i plugin_test1.obj
 0001:00000869       ??_ERGenerator@test1@test@modules@UModSys@@UAEPAXI@Z 10001869 f i  CIL library: CIL module
 0001:00000869       ??_GIRoot@core@UModSys@@UAEPAXI@Z 10001869 f i plugin_test1.obj
 0001:00000869       ??_EIRoot@core@UModSys@@UAEPAXI@Z 10001869 f i  CIL library: CIL module
 0001:00000869       ??_GRGenerator@test1@test@modules@UModSys@@UAEPAXI@Z 10001869 f i plugin_test1.obj
 0001:00000886       ?get_generated_names@RGenerator@test1@test@modules@UModSys@@UBEHAAUSUniquePtrList@core@5@@Z 10001886 f i plugin_test1.obj
 0001:0000089f       ?get_generated_types@RGenerator@test1@test@modules@UModSys@@UBEHAAUSUniquePtrList@core@5@PBUSUniquePointerInfo@75@@Z 1000189f f i plugin_test1.obj
 0001:000008e3       ?generate@RGenerator@test1@test@modules@UModSys@@UAE_NAAU?$TRefObject@UIRefObject@core@UModSys@@U?$TRefObjectFunc@UIRefObject@core@UModSys@@@tl@3@@tl@5@PBUSUniquePointerInfo@core@5@ABUSParameters@95@@Z 100018e3 f i plugin_test1.obj
 0001:00000978       ?get_interface_info@RGenerator@test1@test@modules@UModSys@@UBEABUSUniquePointerInfo@core@5@XZ 10001978 f i plugin_test1.obj
 0001:0000097e       ?get_interface_type@RGenerator@test1@test@modules@UModSys@@UBEPBUSUniquePointerInfo@core@5@XZ 1000197e f i plugin_test1.obj
 0001:00000984       ?get_interface_types@RGenerator@test1@test@modules@UModSys@@UBEIAAUSUniquePtrList@core@5@@Z 10001984 f i plugin_test1.obj
 0001:00000984       ?get_interface_types@RTest1_Shell@test1@test@modules@UModSys@@UBEIAAUSUniquePtrList@core@5@@Z 10001984 f i plugin_test1.obj
 0001:00000989       ?get_other_interface@RGenerator@test1@test@modules@UModSys@@UBEPBUIRoot@core@5@PBUSUniquePointerInfo@75@@Z 10001989 f i plugin_test1.obj
 0001:00000989       ?get_other_interface@RGenerator@test1@test@modules@UModSys@@UAEPAUIRoot@core@5@PBUSUniquePointerInfo@75@@Z 10001989 f i plugin_test1.obj
 0001:000009c2       ?ref_add@RGenerator@test1@test@modules@UModSys@@UBEXXZ 100019c2 f i plugin_test1.obj
 0001:000009c2       ?ref_add@RTest1_Shell@test1@test@modules@UModSys@@UBEXXZ 100019c2 f i plugin_test1.obj
 0001:000009c6       ?ref_remove@RGenerator@test1@test@modules@UModSys@@UBEXXZ 100019c6 f i plugin_test1.obj
 0001:000009c6       ?ref_remove@RTest1_Shell@test1@test@modules@UModSys@@UBEXXZ 100019c6 f i plugin_test1.obj
 0001:000009d1       ?ref_weak@RGenerator@test1@test@modules@UModSys@@UBE_NAAUWeakPointer@IRefObject@core@5@@Z 100019d1 f i plugin_test1.obj
 0001:000009d1       ?ref_weak@RTest1_Shell@test1@test@modules@UModSys@@UBE_NAAUWeakPointer@IRefObject@core@5@@Z 100019d1 f i plugin_test1.obj
 0001:000009f0       ?suicide@RGenerator@test1@test@modules@UModSys@@UAEXXZ 100019f0 f i plugin_test1.obj
 0001:000009f1       ?get_uid@RGenerator@test1@test@modules@UModSys@@UBEPBUSUniquePointerInfo@core@5@XZ 100019f1 f i plugin_test1.obj
 0001:000009f7       ?do_open@RModuleReg@test1@test@modules@UModSys@@UAE_NXZ 100019f7 f i plugin_test1.obj
 0001:00000a57       ?do_close@RModuleReg@test1@test@modules@UModSys@@UAE_NXZ 10001a57 f i plugin_test1.obj
 0001:00000aa6       ?get_module@RGenerator@test1@test@modules@UModSys@@UBEPAUIModule@base@5@XZ 10001aa6 f   plugin_test1.obj
 0001:00000aac       ?mod_inc@RGenerator@test1@test@modules@UModSys@@UBE_NXZ 10001aac f   plugin_test1.obj
 0001:00000ab7       ?mod_dec@RGenerator@test1@test@modules@UModSys@@UBE_NXZ 10001ab7 f   plugin_test1.obj
 0001:00000ac2       ?s_holder@RGenerator@test1@test@modules@UModSys@@SAAAU?$TTypeStaticHolder@URGenerator@test1@test@modules@UModSys@@@tl@5@XZ 10001ac2 f   plugin_test1.obj
 0001:00000af4       ??0?$TParametersA@$0EAA@@core@UModSys@@QAE@XZ 10001af4 f i plugin_test1.obj
 0001:00000b23       ??1?$TRefObject@UIRefObject@core@UModSys@@U?$TRefObjectFunc@UIRefObject@core@UModSys@@@tl@3@@tl@UModSys@@QAE@XZ 10001b23 f i plugin_test1.obj
 0001:00000b23       ??1?$TRefObject@UIBinArchive@libmedia@UModSys@@U?$TRefObjectFunc@UIBinArchive@libmedia@UModSys@@@tl@3@@tl@UModSys@@QAE@XZ 10001b23 f i plugin_test1.obj
 0001:00000b23       ??1?$TRefObject@UILibraryBinTree@libmedia@UModSys@@U?$TRefObjectFunc@UILibraryBinTree@libmedia@UModSys@@@tl@3@@tl@UModSys@@QAE@XZ 10001b23 f i plugin_test1.obj
 0001:00000b32       ?set@?$TString@U?$TSCoreConst@D@su@tl@UModSys@@U?$TComparerBinaryHash@D@234@@tl@UModSys@@QAEXPBD@Z 10001b32 f i plugin_test1.obj
 0001:00000b6b       ??$t_generate@UIBinArchive@libmedia@UModSys@@@SModuleContext@base@UModSys@@QAE_NAAU?$TRefObject@UIBinArchive@libmedia@UModSys@@U?$TRefObjectFunc@UIBinArchive@libmedia@UModSys@@@tl@3@@tl@2@PBUSUniquePointerInfo@core@2@ABUSParameters@62@@Z 10001b6b f i plugin_test1.obj
 0001:00000c07       ??$t_generate@UILibraryBinTree@libmedia@UModSys@@@SModuleContext@base@UModSys@@QAE_NAAU?$TRefObject@UILibraryBinTree@libmedia@UModSys@@U?$TRefObjectFunc@UILibraryBinTree@libmedia@UModSys@@@tl@3@@tl@2@PBUSUniquePointerInfo@core@2@ABUSParameters@62@@Z 10001c07 f i plugin_test1.obj
 0001:00000ca3       ??1?$TRefObject@UIModObject@base@UModSys@@U?$TModObjectFunc@UIModObject@base@UModSys@@@tl@3@@tl@UModSys@@QAE@XZ 10001ca3 f i plugin_test1.obj
 0001:00000cb9       ?Link@SModuleContext@base@UModSys@@QAEXPAUISystem@23@PAUIMemAlloc@core@3@@Z 10001cb9 f   umodsys_lib_base:umodsys.base.modulecontext.obj
 0001:00000d05       ??1SUniquePointer@core@UModSys@@QAE@XZ 10001d05 f   umodsys_lib_core:umodsys.core.uniqueptr.obj
 0001:00000d05       ??1SModuleRegChain@base@UModSys@@QAE@XZ 10001d05 f   umodsys_lib_base:umodsys.base.moduleregchain.obj
 0001:00000d23       ?s_get@SModuleRegChain@base@UModSys@@SAPAUIModuleReg@23@I@Z 10001d23 f   umodsys_lib_base:umodsys.base.moduleregchain.obj
 0001:00000d47       ?mlr_count@RModuleLibraryReg_Chain@base@UModSys@@UBEIXZ 10001d47 f   umodsys_lib_base:umodsys.base.moduleregchain.obj
 0001:00000d5a       ?mlr_get@RModuleLibraryReg_Chain@base@UModSys@@UBEPAUIModuleReg@23@I@Z 10001d5a f   umodsys_lib_base:umodsys.base.moduleregchain.obj
 0001:00000d67       ?mlr_open@RModuleLibraryReg_Chain@base@UModSys@@UAE_NPAUISystem@23@PAUIMemAlloc@core@3@@Z 10001d67 f   umodsys_lib_base:umodsys.base.moduleregchain.obj
 0001:00000dc4       ?mlr_close@RModuleLibraryReg_Chain@base@UModSys@@UAE_NXZ 10001dc4 f   umodsys_lib_base:umodsys.base.moduleregchain.obj
 0001:00000e21       ?mlr_isopen@RModuleLibraryReg_Chain@base@UModSys@@UBE_NXZ 10001e21 f   umodsys_lib_base:umodsys.base.moduleregchain.obj
 0001:00000e2d       _UModSys_Plugin_Entry2@0   10001e2d f   umodsys_lib_base:umodsys.so_main.win32.obj
 0001:00000e33       ??_GIModuleReg@base@UModSys@@UAEPAXI@Z 10001e33 f i umodsys_lib_base:umodsys.base.modulereg.obj
 0001:00000e33       ??_ERModuleReg@test1@test@modules@UModSys@@UAEPAXI@Z 10001e33 f i  CIL library: CIL module
 0001:00000e33       ??_EIModuleReg@base@UModSys@@UAEPAXI@Z 10001e33 f i  CIL library: CIL module
 0001:00000e33       ??_GRModuleReg@test1@test@modules@UModSys@@UAEPAXI@Z 10001e33 f i plugin_test1.obj
 0001:00000e50       ??0IModuleReg@base@UModSys@@QAE@PBDHH0@Z 10001e50 f   umodsys_lib_base:umodsys.base.modulereg.obj
 0001:00000ec5       ?mr_isopen@IModuleReg@base@UModSys@@UBE_NXZ 10001ec5 f   umodsys_lib_base:umodsys.base.modulereg.obj
 0001:00000ece       ?mr_open@IModuleReg@base@UModSys@@UAE_NXZ 10001ece f   umodsys_lib_base:umodsys.base.modulereg.obj
 0001:00000ee9       ?mr_close@IModuleReg@base@UModSys@@UAE_NXZ 10001ee9 f   umodsys_lib_base:umodsys.base.modulereg.obj
 0001:00000ef6       ??_GRModuleLibraryReg_Chain@base@UModSys@@UAEPAXI@Z 10001ef6 f i umodsys_lib_base:umodsys.base.moduleregchain.obj
 0001:00000ef6       ??_ERModuleLibraryReg_Chain@base@UModSys@@UAEPAXI@Z 10001ef6 f i  CIL library: CIL module
 0001:00000ef6       ??_EIModuleLibraryReg@base@UModSys@@UAEPAXI@Z 10001ef6 f i  CIL library: CIL module
 0001:00000ef6       ??_GIModuleLibraryReg@base@UModSys@@UAEPAXI@Z 10001ef6 f i umodsys_lib_base:umodsys.base.modulereg.obj
 0001:00000f13       ??0SUniquePointer@core@UModSys@@QAE@PBD0H@Z 10001f13 f   umodsys_lib_core:umodsys.core.uniqueptr.obj
 0001:00000f56       ?suicide@IRoot@core@UModSys@@UAEXXZ 10001f56 f   umodsys_lib_core:umodsys.core.objects.obj
 0001:00000f61       ??3IRoot@core@UModSys@@SAXPAX@Z 10001f61 f   umodsys_lib_core:umodsys.core.objects.obj
 0001:00000f7a       ?Find@?$TSet@U?$TArray@PBUSUniquePointerInfo@core@UModSys@@@tl@UModSys@@U?$TScalarCompare@PBUSUniquePointerInfo@core@UModSys@@@core@3@@tl@UModSys@@QBEPBQBUSUniquePointerInfo@core@3@ABQBU453@@Z 10001f7a f i umodsys_lib_core:umodsys.core.uniqueptrlist.obj
 0001:00001001       __onexit                   10002001 f   MSVCRT:atonexit.obj
 0001:000010a6       _atexit                    100020a6 f   MSVCRT:atonexit.obj
 0001:000010be       __purecall                 100020be f   MSVCRT:MSVCR90.dll
 0001:000010c4       ??3@YAXPAX@Z               100020c4 f   MSVCRT:MSVCR90.dll
 0001:000010ca       ??_Etype_info@@UAEPAXI@Z   100020ca f i MSVCRT:ti_inst.obj
 0001:00001165       __CRT_INIT@12              10002165 f   MSVCRT:crtdll.obj
 0001:000014a1       __DllMainCRTStartup@12     100024a1 f   MSVCRT:crtdll.obj
 0001:000014c4       __unlock                   100024c4 f   MSVCRT:MSVCR90.dll
 0001:000014ca       ___dllonexit               100024ca f   MSVCRT:MSVCR90.dll
 0001:000014d0       __lock                     100024d0 f   MSVCRT:MSVCR90.dll
 0001:000014d8       __SEH_prolog4              100024d8 f   MSVCRT:sehprolg4.obj
 0001:0000151d       __SEH_epilog4              1000251d f   MSVCRT:sehprolg4.obj
 0001:00001531       __except_handler4          10002531 f   MSVCRT:chandler4gs.obj
 0001:00001556       ?__ArrayUnwind@@YGXPAXIHP6EX0@Z@Z 10002556 f   MSVCRT:ehvecdtr.obj
 0001:000015b4       ??_M@YGXPAXIHP6EX0@Z@Z     100025b4 f   MSVCRT:ehvecdtr.obj
 0001:00001617       ___clean_type_info_names   10002617 f   MSVCRT:tncleanup.obj
 0001:00001623       __RTC_Initialize           10002623 f   MSVCRT:_initsect_.obj
 0001:00001649       __RTC_Terminate            10002649 f   MSVCRT:_initsect_.obj
 0001:00001670       __ValidateImageBase        10002670 f   MSVCRT:pesect.obj
 0001:000016b0       __FindPESection            100026b0 f   MSVCRT:pesect.obj
 0001:00001700       __IsNonwritableInCurrentImage 10002700 f   MSVCRT:pesect.obj
 0001:000017be       __initterm                 100027be f   MSVCRT:MSVCR90.dll
 0001:000017c4       __initterm_e               100027c4 f   MSVCRT:MSVCR90.dll
 0001:000017ca       __amsg_exit                100027ca f   MSVCRT:MSVCR90.dll
 0001:000017d0       ___CppXcptFilter           100027d0 f   MSVCRT:MSVCR90.dll
 0001:000017d6       _DllMain@12                100027d6 f   MSVCRT:dllmain.obj
 0001:000017fa       ___security_init_cookie    100027fa f   MSVCRT:gs_support.obj
 0001:00001890       @__security_check_cookie@4 10002890 f   MSVCRT:secchk.obj
 0001:000018a0       __except_handler4_common   100028a0 f   MSVCRT:MSVCR90.dll
 0001:000018a6       ?terminate@@YAXXZ          100028a6 f   MSVCRT:MSVCR90.dll
 0001:000018ac       ?_type_info_dtor_internal_method@type_info@@QAEXXZ 100028ac f   MSVCRT:MSVCR90.dll
 0001:000018ac       ??1type_info@@UAE@XZ       100028ac f   MSVCRT:MSVCR90.dll
 0001:000018b2       ___clean_type_info_names_internal 100028b2 f   MSVCRT:MSVCR90.dll
 0001:000018b8       ___report_gsfailure        100028b8 f   MSVCRT:gs_report.obj
 0001:000019be       __crt_debugger_hook        100029be f   MSVCRT:MSVCR90.dll
 0001:000019d0       ___CxxFrameHandler3        100029d0 f   MSVCRT:MSVCR90.dll
 0001:000019d8       __EH_prolog                100029d8 f   MSVCRT:ehprolog.obj
 0002:00000000       __imp__SetUnhandledExceptionFilter@4 10003000     kernel32:KERNEL32.dll
 0002:00000004       __imp__UnhandledExceptionFilter@4 10003004     kernel32:KERNEL32.dll
 0002:00000008       __imp__GetCurrentProcess@0 10003008     kernel32:KERNEL32.dll
 0002:0000000c       __imp__TerminateProcess@8  1000300c     kernel32:KERNEL32.dll
 0002:00000010       __imp__GetSystemTimeAsFileTime@4 10003010     kernel32:KERNEL32.dll
 0002:00000014       __imp__GetCurrentProcessId@0 10003014     kernel32:KERNEL32.dll
 0002:00000018       __imp__GetCurrentThreadId@0 10003018     kernel32:KERNEL32.dll
 0002:0000001c       __imp__GetTickCount@0      1000301c     kernel32:KERNEL32.dll
 0002:00000020       __imp__QueryPerformanceCounter@4 10003020     kernel32:KERNEL32.dll
 0002:00000024       __imp__DisableThreadLibraryCalls@4 10003024     kernel32:KERNEL32.dll
 0002:00000028       __imp__InterlockedCompareExchange@12 10003028     kernel32:KERNEL32.dll
 0002:0000002c       __imp__Sleep@4             1000302c     kernel32:KERNEL32.dll
 0002:00000030       __imp__InterlockedExchange@8 10003030     kernel32:KERNEL32.dll
 0002:00000034       __imp__IsDebuggerPresent@0 10003034     kernel32:KERNEL32.dll
 0002:00000038       \177KERNEL32_NULL_THUNK_DATA 10003038     kernel32:KERNEL32.dll
 0002:0000003c       __imp____CppXcptFilter     1000303c     MSVCRT:MSVCR90.dll
 0002:00000040       __imp___except_handler4_common 10003040     MSVCRT:MSVCR90.dll
 0002:00000044       __imp___adjust_fdiv        10003044     MSVCRT:MSVCR90.dll
 0002:00000048       __imp_?_type_info_dtor_internal_method@type_info@@QAEXXZ 10003048     MSVCRT:MSVCR90.dll
 0002:0000004c       __imp____clean_type_info_names_internal 1000304c     MSVCRT:MSVCR90.dll
 0002:00000050       __imp___crt_debugger_hook  10003050     MSVCRT:MSVCR90.dll
 0002:00000054       __imp___amsg_exit          10003054     MSVCRT:MSVCR90.dll
 0002:00000058       __imp___initterm_e         10003058     MSVCRT:MSVCR90.dll
 0002:0000005c       __imp___initterm           1000305c     MSVCRT:MSVCR90.dll
 0002:00000060       __imp___encoded_null       10003060     MSVCRT:MSVCR90.dll
 0002:00000064       __imp__free                10003064     MSVCRT:MSVCR90.dll
 0002:00000068       __imp___malloc_crt         10003068     MSVCRT:MSVCR90.dll
 0002:0000006c       __imp___decode_pointer     1000306c     MSVCRT:MSVCR90.dll
 0002:00000070       __imp___onexit             10003070     MSVCRT:MSVCR90.dll
 0002:00000074       __imp___lock               10003074     MSVCRT:MSVCR90.dll
 0002:00000078       __imp___encode_pointer     10003078     MSVCRT:MSVCR90.dll
 0002:0000007c       __imp____dllonexit         1000307c     MSVCRT:MSVCR90.dll
 0002:00000080       __imp___unlock             10003080     MSVCRT:MSVCR90.dll
 0002:00000084       __imp_??3@YAXPAX@Z         10003084     MSVCRT:MSVCR90.dll
 0002:00000088       __imp_?terminate@@YAXXZ    10003088     MSVCRT:MSVCR90.dll
 0002:0000008c       __imp___purecall           1000308c     MSVCRT:MSVCR90.dll
 0002:00000090       __imp____CxxFrameHandler3  10003090     MSVCRT:MSVCR90.dll
 0002:00000094       \177MSVCR90_NULL_THUNK_DATA 10003094     MSVCRT:MSVCR90.dll
 0002:00000098       ___xc_a                    10003098     MSVCRT:cinitexe.obj
 0002:00000208       ___xc_z                    10003208     MSVCRT:cinitexe.obj
 0002:0000020c       ___xi_a                    1000320c     MSVCRT:cinitexe.obj
 0002:00000214       ___xi_z                    10003214     MSVCRT:cinitexe.obj
 0002:0000021c       ??_7type_info@@6B@         1000321c     MSVCRT:ti_inst.obj
 0002:00000220       __pRawDllMain              10003220     MSVCRT:crtdll.obj
 0002:00000220       __pDefaultRawDllMain       10003220     MSVCRT:crtdll.obj
 0002:0000022c       ??_C@_0P@GHFPNOJB@bad?5allocation?$AA@ 1000322c     plugin_test1.obj
 0002:0000023c       ??_C@_0BF@OCNNAADO@UModSys?3?3core?3?3IRoot?$AA@ 1000323c     plugin_test1.obj
 0002:00000254       ??_C@_0BK@EMIJFOPA@UModSys?3?3core?3?3IRefObject?$AA@ 10003254     plugin_test1.obj
 0002:00000270       ??_C@_0BL@IOMMHELF@UModSys?3?3core?3?3IParameters?$AA@ 10003270     plugin_test1.obj
 0002:0000028c       ??_C@_0BH@LKDEEPPM@UModSys?3?3base?3?3IModule?$AA@ 1000328c     plugin_test1.obj
 0002:000002a4       ??_C@_0BO@PHJOHFCB@UModSys?3?3base?3?3IModuleLibrary?$AA@ 100032a4     plugin_test1.obj
 0002:000002c4       ??_C@_0BK@FDPIOPHG@UModSys?3?3base?3?3IModObject?$AA@ 100032c4     plugin_test1.obj
 0002:000002e0       ??_C@_0BK@OIBKNCKJ@UModSys?3?3base?3?3IGenerator?$AA@ 100032e0     plugin_test1.obj
 0002:000002fc       ??_C@_0BG@PJBGCMEC@UModSys?3?3base?3?3IShell?$AA@ 100032fc     plugin_test1.obj
 0002:00000314       ??_C@_0BI@IKAOEFAP@UModSys?3?3base?3?3IConsole?$AA@ 10003314     plugin_test1.obj
 0002:0000032c       ??_C@_0BH@PFCONEJJ@UModSys?3?3base?3?3ISystem?$AA@ 1000332c     plugin_test1.obj
 0002:00000344       ??_C@_0CB@CLGNFEGF@UModSys?3?3libmedia?3?3IStreamReader@ 10003344     plugin_test1.obj
 0002:00000368       ??_C@_0CB@HOPFFLP@UModSys?3?3libmedia?3?3IStreamWriter@ 10003368     plugin_test1.obj
 0002:0000038c       ??_C@_0BP@KCJMEDNO@UModSys?3?3libmedia?3?3IBinArchive?$AA@ 1000338c     plugin_test1.obj
 0002:000003ac       ??_C@_0CB@FDEKNMGJ@UModSys?3?3libmedia?3?3IBinObjFilter@ 100033ac     plugin_test1.obj
 0002:000003d0       ??_C@_0BM@DPCMOAPM@UModSys?3?3libmedia?3?3ILibrary?$AA@ 100033d0     plugin_test1.obj
 0002:000003ec       ??_C@_0CD@ELIFEGE@UModSys?3?3libmedia?3?3ILibraryBinTr@ 100033ec     plugin_test1.obj
 0002:00000410       ??_C@_0CE@EGHBJBAJ@UModSys?3?3libmedia?3?3ILibraryBinCa@ 10003410     plugin_test1.obj
 0002:00000434       ??_C@_0CF@LBIGBLOK@UModSys?3?3libmedia?3?3ILibraryObjFi@ 10003434     plugin_test1.obj
 0002:0000045c       ??_C@_0CD@LJFEJKGF@UModSys?3?3libmedia?3?3ILibraryLayer@ 1000345c     plugin_test1.obj
 0002:00000480       ??_C@_0CM@LNHNHIJB@UModSys?3?3modules?3?3test?3?3test1?3?3R@ 10003480     plugin_test1.obj
 0002:000004ac       ??_C@_06FIJELGDL@?2x?$CF02x?$AA@ 100034ac     plugin_test1.obj
 0002:000004b4       ??_C@_01KICIPPFI@?2?$AA@   100034b4     plugin_test1.obj
 0002:000004b8       ??_C@_02HAOIJKIC@?$CFc?$AA@ 100034b8     plugin_test1.obj
 0002:000004bc       ??_C@_02DKCKIIND@?$CFs?$AA@ 100034bc     plugin_test1.obj
 0002:000004c0       ??_C@_0M@LAGNAJEJ@?$CK?3?3stdio?3?3?$CK?$AA@ 100034c0     plugin_test1.obj
 0002:000004cc       ??_C@_02KGHIDFGE@?$HN?6?$AA@ 100034cc     plugin_test1.obj
 0002:000004d0       ??_C@_01LFCBOECM@?4?$AA@   100034d0     plugin_test1.obj
 0002:000004d4       ??_C@_08PEIJGPHF@pathname?$AA@ 100034d4     plugin_test1.obj
 0002:000004e0       ??_C@_0BL@DDNILKEO@?5?5found?5archive?3?5?$CFs?5?$DN?$DO?5?$CFp?6?$AA@ 100034e0     plugin_test1.obj
 0002:000004fc       ??_C@_0BG@GOIHIOKN@?5?5load?5file?5size?3?$CFu?5?$HL?$AA@ 100034fc     plugin_test1.obj
 0002:00000514       ??_C@_0BB@DNFOOFNP@?5?5not?5load?5file?6?$AA@ 10003514     plugin_test1.obj
 0002:00000528       ??_C@_09BDJIOBCO@?$CK?3?3std?3?3?$CK?$AA@ 10003528     plugin_test1.obj
 0002:00000534       ??_C@_0CB@FNBGJIKO@?5?5found?5lib?$CIbin?9tree?$CJ?3?5?$CFs?5?$DN?$DO?5?$CFp?6@ 10003534     plugin_test1.obj
 0002:00000558       ??_C@_01KMDKNFGN@?1?$AA@   10003558     plugin_test1.obj
 0002:0000055c       ??_C@_0P@PGIPMINA@?1read?9test?4txt?$AA@ 1000355c     plugin_test1.obj
 0002:0000056c       ??_C@_0BC@NIGGCDMG@RTest1_Shell?$CI?$CJ?5?$HL?6?$AA@ 1000356c     plugin_test1.obj
 0002:00000580       ??_C@_0DK@JIEMIEKA@UModSys?3?3modules?3?3test?3?3test1?3?3R@ 10003580     plugin_test1.obj
 0002:000005bc       ??_C@_0CK@OICDGBDJ@?4?4?2?4?4?2?4?4?2src?2plugin?2test?2plugin_@ 100035bc     plugin_test1.obj
 0002:000005e8       ??_C@_0BF@BMCPNMPN@?$HN?5?1?1?5RTest1_Shell?$CI?$CJ?6?$AA@ 100035e8     plugin_test1.obj
 0002:00000600       ??_C@_0DL@OIAHAJF@UModSys?3?3modules?3?3test?3?3test1?3?3R@ 10003600     plugin_test1.obj
 0002:0000063c       ??_C@_0BB@MLDFLEML@?$HORTest1_Shell?$CI?$CJ?6?$AA@ 1000363c     plugin_test1.obj
 0002:00000650       ??_C@_0BJ@CCPCJEPP@RTest1_Shell?3?3connect?$CI?$CJ?6?$AA@ 10003650     plugin_test1.obj
 0002:0000066c       ??_C@_0BM@KBDBHLN@RTest1_Shell?3?3disconnect?$CI?$CJ?6?$AA@ 1000366c     plugin_test1.obj
 0002:00000688       ??_C@_0BI@PGLACHLJ@RTest1_Shell?3?3tick?$CI?$CFg?$CJ?6?$AA@ 10003688     plugin_test1.obj
 0002:000006a0       ??_C@_0BM@JFIEEBE@RTest1_Shell?3?3command?$CI?$CD?$CFd?$CJ?6?$AA@ 100036a0     plugin_test1.obj
 0002:000006bc       ??_C@_0CK@DEJPICLK@UModSys?3?3modules?3?3test?3?3test1?3?3R@ 100036bc     plugin_test1.obj
 0002:000006e8       ??_C@_0DD@HMBJLEH@UMODSYS_MODULE_NAME?$CItest?0test1?$CJ?3@ 100036e8     plugin_test1.obj
 0002:0000071b       ??_C@_00CNPNBAHC@?$AA@     1000371b     plugin_test1.obj
 0002:0000071c       ??_C@_0N@FOCLJAHI@tests?3?3test1?$AA@ 1000371c     plugin_test1.obj
 0002:0000072c       ??_C@_0BA@NMEBLMNE@Test?51?5?9?5module?$AA@ 1000372c     plugin_test1.obj
 0002:0000073c       ??_C@_05GENPCEMM@Test1?$AA@ 1000373c     plugin_test1.obj
 0002:00000744       ??_C@_0BE@HJEBHPIG@RModuleReg?3?3open?$CI?$CJ?6?$AA@ 10003744     plugin_test1.obj
 0002:00000758       ??_C@_0BF@KIBBFLP@RModuleReg?3?3close?$CI?$CJ?6?$AA@ 10003758     plugin_test1.obj
 0002:00000770       ??_C@_09JGNMLHG@modobject?$AA@ 10003770     plugin_test1.obj
 0002:0000077c       ??_C@_08FCBDOIAH@typeinfo?$AA@ 1000377c     plugin_test1.obj
 0002:0000078c       ??_7IRoot@core@UModSys@@6B@ 1000378c     plugin_test1.obj
 0002:000007ac       ??_7RTest1_Shell@test1@test@modules@UModSys@@6B@ 100037ac     plugin_test1.obj
 0002:000007ec       ??_7RGenerator@test1@test@modules@UModSys@@6B@ 100037ec     plugin_test1.obj
 0002:00000838       ??_7RModuleReg@test1@test@modules@UModSys@@6B@ 10003838     plugin_test1.obj
 0002:00000854       ??_7RModuleLibraryReg_Chain@base@UModSys@@6B@ 10003854     umodsys_lib_base:umodsys.base.moduleregchain.obj
 0002:00000870       ??_7IModuleReg@base@UModSys@@6B@ 10003870     umodsys_lib_base:umodsys.base.modulereg.obj
 0002:0000088c       ??_7IModuleLibraryReg@base@UModSys@@6B@ 1000388c     umodsys_lib_base:umodsys.base.modulereg.obj
 0002:000008a8       __real@3f50624dd2f1a9fc    100038a8      CIL library: CIL module
 0002:000008b0       __load_config_used         100038b0     MSVCRT:loadcfg.obj
 0002:000008f8       ??_R4type_info@@6B@        100038f8     MSVCRT:ti_inst.obj
 0002:0000090c       ??_R3type_info@@8          1000390c     MSVCRT:ti_inst.obj
 0002:0000091c       ??_R2type_info@@8          1000391c     MSVCRT:ti_inst.obj
 0002:00000924       ??_R1A@?0A@EA@type_info@@8 10003924     MSVCRT:ti_inst.obj
 0002:00000940       ??_R4RModuleReg@test1@test@modules@UModSys@@6B@ 10003940     plugin_test1.obj
 0002:00000954       ??_R3RModuleReg@test1@test@modules@UModSys@@8 10003954     plugin_test1.obj
 0002:00000964       ??_R2RModuleReg@test1@test@modules@UModSys@@8 10003964     plugin_test1.obj
 0002:00000970       ??_R1A@?0A@EA@IModuleReg@base@UModSys@@8 10003970     plugin_test1.obj
 0002:0000098c       ??_R3IModuleReg@base@UModSys@@8 1000398c     plugin_test1.obj
 0002:0000099c       ??_R2IModuleReg@base@UModSys@@8 1000399c     plugin_test1.obj
 0002:000009a4       ??_R1A@?0A@EA@RModuleReg@test1@test@modules@UModSys@@8 100039a4     plugin_test1.obj
 0002:000009c0       ??_R4RGenerator@test1@test@modules@UModSys@@6B@ 100039c0     plugin_test1.obj
 0002:000009d4       ??_R3RGenerator@test1@test@modules@UModSys@@8 100039d4     plugin_test1.obj
 0002:000009e4       ??_R2RGenerator@test1@test@modules@UModSys@@8 100039e4     plugin_test1.obj
 0002:000009fc       ??_R1A@?0A@EA@RGenerator@test1@test@modules@UModSys@@8 100039fc     plugin_test1.obj
 0002:00000a18       ??_R4RTest1_Shell@test1@test@modules@UModSys@@6B@ 10003a18     plugin_test1.obj
 0002:00000a2c       ??_R3RTest1_Shell@test1@test@modules@UModSys@@8 10003a2c     plugin_test1.obj
 0002:00000a3c       ??_R2RTest1_Shell@test1@test@modules@UModSys@@8 10003a3c     plugin_test1.obj
 0002:00000a50       ??_R1A@?0A@EA@RTest1_Shell@test1@test@modules@UModSys@@8 10003a50     plugin_test1.obj
 0002:00000a6c       ??_R3IShell@base@UModSys@@8 10003a6c     plugin_test1.obj
 0002:00000a7c       ??_R2IShell@base@UModSys@@8 10003a7c     plugin_test1.obj
 0002:00000a8c       ??_R1A@?0A@EA@IShell@base@UModSys@@8 10003a8c     plugin_test1.obj
 0002:00000aa8       ??_R3IGenerator@base@UModSys@@8 10003aa8     plugin_test1.obj
 0002:00000ab8       ??_R2IGenerator@base@UModSys@@8 10003ab8     plugin_test1.obj
 0002:00000acc       ??_R1A@?0A@EA@IGenerator@base@UModSys@@8 10003acc     plugin_test1.obj
 0002:00000ae8       ??_R3IModObject@base@UModSys@@8 10003ae8     plugin_test1.obj
 0002:00000af8       ??_R2IModObject@base@UModSys@@8 10003af8     plugin_test1.obj
 0002:00000b08       ??_R1A@?0A@EA@IModObject@base@UModSys@@8 10003b08     plugin_test1.obj
 0002:00000b24       ??_R3IRefObject@core@UModSys@@8 10003b24     plugin_test1.obj
 0002:00000b34       ??_R2IRefObject@core@UModSys@@8 10003b34     plugin_test1.obj
 0002:00000b40       ??_R1A@?0A@EA@IRefObject@core@UModSys@@8 10003b40     plugin_test1.obj
 0002:00000b5c       ??_R4IRoot@core@UModSys@@6B@ 10003b5c     plugin_test1.obj
 0002:00000b70       ??_R3IRoot@core@UModSys@@8 10003b70     plugin_test1.obj
 0002:00000b80       ??_R2IRoot@core@UModSys@@8 10003b80     plugin_test1.obj
 0002:00000b88       ??_R1A@?0A@EA@IRoot@core@UModSys@@8 10003b88     plugin_test1.obj
 0002:00000ba4       ??_R4RModuleLibraryReg_Chain@base@UModSys@@6B@ 10003ba4     umodsys_lib_base:umodsys.base.moduleregchain.obj
 0002:00000bb8       ??_R3RModuleLibraryReg_Chain@base@UModSys@@8 10003bb8     umodsys_lib_base:umodsys.base.moduleregchain.obj
 0002:00000bc8       ??_R2RModuleLibraryReg_Chain@base@UModSys@@8 10003bc8     umodsys_lib_base:umodsys.base.moduleregchain.obj
 0002:00000bd4       ??_R1A@?0A@EA@IModuleLibraryReg@base@UModSys@@8 10003bd4     umodsys_lib_base:umodsys.base.moduleregchain.obj
 0002:00000bf0       ??_R3IModuleLibraryReg@base@UModSys@@8 10003bf0     umodsys_lib_base:umodsys.base.moduleregchain.obj
 0002:00000c00       ??_R2IModuleLibraryReg@base@UModSys@@8 10003c00     umodsys_lib_base:umodsys.base.moduleregchain.obj
 0002:00000c08       ??_R1A@?0A@EA@RModuleLibraryReg_Chain@base@UModSys@@8 10003c08     umodsys_lib_base:umodsys.base.moduleregchain.obj
 0002:00000c24       ??_R4IModuleLibraryReg@base@UModSys@@6B@ 10003c24     umodsys_lib_base:umodsys.base.modulereg.obj
 0002:00000c38       ??_R4IModuleReg@base@UModSys@@6B@ 10003c38     umodsys_lib_base:umodsys.base.modulereg.obj
 0002:00000c50       ___safe_se_handler_table   10003c50     <linker-defined>
 0002:00000c6c       ___rtc_iaa                 10003c6c     MSVCRT:_initsect_.obj
 0002:00000c70       ___rtc_izz                 10003c70     MSVCRT:_initsect_.obj
 0002:00000c74       ___rtc_taa                 10003c74     MSVCRT:_initsect_.obj
 0002:00000c78       ___rtc_tzz                 10003c78     MSVCRT:_initsect_.obj
 0002:00000e54       __IMPORT_DESCRIPTOR_MSVCR90 10003e54     MSVCRT:MSVCR90.dll
 0002:00000e68       __IMPORT_DESCRIPTOR_KERNEL32 10003e68     kernel32:KERNEL32.dll
 0002:00000e7c       __NULL_IMPORT_DESCRIPTOR   10003e7c     MSVCRT:MSVCR90.dll
 0003:00000000       ??_R0?AVtype_info@@@8      10005000     MSVCRT:ti_inst.obj
 0003:00000018       ___native_dllmain_reason   10005018     MSVCRT:natstart.obj
 0003:0000001c       ___native_vcclrit_reason   1000501c     MSVCRT:natstart.obj
 0003:00000020       ___security_cookie         10005020     MSVCRT:gs_cookie.obj
 0003:00000024       ___security_cookie_complement 10005024     MSVCRT:gs_cookie.obj
 0003:00000028       ??_R0?AUIModuleReg@base@UModSys@@@8 10005028     plugin_test1.obj
 0003:00000050       ??_R0?AURModuleReg@test1@test@modules@UModSys@@@8 10005050     plugin_test1.obj
 0003:00000084       ??_R0?AURGenerator@test1@test@modules@UModSys@@@8 10005084     plugin_test1.obj
 0003:000000b8       ??_R0?AURTest1_Shell@test1@test@modules@UModSys@@@8 100050b8     plugin_test1.obj
 0003:000000f0       ??_R0?AUIShell@base@UModSys@@@8 100050f0     plugin_test1.obj
 0003:00000114       ??_R0?AUIGenerator@base@UModSys@@@8 10005114     plugin_test1.obj
 0003:0000013c       ??_R0?AUIModObject@base@UModSys@@@8 1000513c     plugin_test1.obj
 0003:00000164       ??_R0?AUIRefObject@core@UModSys@@@8 10005164     plugin_test1.obj
 0003:0000018c       ??_R0?AUIRoot@core@UModSys@@@8 1000518c     plugin_test1.obj
 0003:000001c8       ?so_entry_enabled_flag@base@UModSys@@3HA 100051c8     umodsys_lib_base:umodsys.so_main.win32.obj
 0003:000001dc       ?s_modreg_chain@RModuleReg@test1@test@modules@UModSys@@2USModuleRegChain@base@5@A 100051dc     plugin_test1.obj
 0003:000001e8       ?s_library@RModuleLibraryReg_Chain@base@UModSys@@2U123@A 100051e8     umodsys_lib_base:umodsys.base.moduleregchain.obj
 0003:000001ec       ??_R0?AUIModuleLibraryReg@base@UModSys@@@8 100051ec     umodsys_lib_base:umodsys.base.moduleregchain.obj
 0003:0000021c       ??_R0?AURModuleLibraryReg_Chain@base@UModSys@@@8 1000521c     umodsys_lib_base:umodsys.base.moduleregchain.obj
 0003:00000254       __forceCRTManifestRTM      10005254     MSVCRT:crtmanifestrtm.obj
 0003:00000258       ?__type_info_root_node@@3U__type_info_node@@A 10005258     MSVCRT:tncleanup.obj
 0003:000005a4       ?s_modreg@RModuleReg@test1@test@modules@UModSys@@2U12345@A 100055a4     plugin_test1.obj
 0003:000005cc       ?s_uid@RGenerator@test1@test@modules@UModSys@@2USUniquePointer@core@5@A 100055cc     plugin_test1.obj
 0003:000005e4       ?M@UModSys@@3USModuleContext@base@1@A 100055e4     umodsys_lib_base:umodsys.base.modulecontext.obj
 0003:000005f8       ?root@SModuleRegChain@base@UModSys@@2U123@A 100055f8     umodsys_lib_base:umodsys.base.moduleregchain.obj
 0003:00000604       ?root@SUniquePointer@core@UModSys@@2U123@A 10005604     umodsys_lib_core:umodsys.core.uniqueptr.obj
 0003:0000061c       ?s_id@?$TObjectUniqueID@UILibraryLayered@libmedia@UModSys@@@tl@UModSys@@2USUniquePointer@core@3@A 1000561c     plugin_test1.obj
 0003:00000634       ?s_id@?$TObjectUniqueID@UIRefObject@core@UModSys@@@tl@UModSys@@2USUniquePointer@core@3@A 10005634     plugin_test1.obj
 0003:0000064c       ?s_id@?$TObjectUniqueID@UILibrary@libmedia@UModSys@@@tl@UModSys@@2USUniquePointer@core@3@A 1000564c     plugin_test1.obj
 0003:00000664       ?s_id@?$TObjectUniqueID@UIRoot@core@UModSys@@@tl@UModSys@@2USUniquePointer@core@3@A 10005664     plugin_test1.obj
 0003:0000067c       ?s_id@?$TObjectUniqueID@UIBinArchive@libmedia@UModSys@@@tl@UModSys@@2USUniquePointer@core@3@A 1000567c     plugin_test1.obj
 0003:00000694       ?s_id@?$TObjectUniqueID@UIModule@base@UModSys@@@tl@UModSys@@2USUniquePointer@core@3@A 10005694     plugin_test1.obj
 0003:000006ac       ?s_id@?$TObjectUniqueID@UIStreamWriter@libmedia@UModSys@@@tl@UModSys@@2USUniquePointer@core@3@A 100056ac     plugin_test1.obj
 0003:000006c4       ?s_id@?$TObjectUniqueID@UIGenerator@base@UModSys@@@tl@UModSys@@2USUniquePointer@core@3@A 100056c4     plugin_test1.obj
 0003:000006dc       ?s_id@?$TObjectUniqueID@UIBinObjFilter@libmedia@UModSys@@@tl@UModSys@@2USUniquePointer@core@3@A 100056dc     plugin_test1.obj
 0003:000006f4       ?s_id@?$TObjectUniqueID@UIModuleLibrary@base@UModSys@@@tl@UModSys@@2USUniquePointer@core@3@A 100056f4     plugin_test1.obj
 0003:0000070c       ?s_id@?$TObjectUniqueID@UIParameters@core@UModSys@@@tl@UModSys@@2USUniquePointer@core@3@A 1000570c     plugin_test1.obj
 0003:00000724       ?s_id@?$TObjectUniqueID@UISystem@base@UModSys@@@tl@UModSys@@2USUniquePointer@core@3@A 10005724     plugin_test1.obj
 0003:0000073c       ?s_id@?$TObjectUniqueID@UILibraryBinCache@libmedia@UModSys@@@tl@UModSys@@2USUniquePointer@core@3@A 1000573c     plugin_test1.obj
 0003:00000754       ?s_id@?$TObjectUniqueID@URTest1_Shell@test1@test@modules@UModSys@@@tl@UModSys@@2USUniquePointer@core@3@A 10005754     plugin_test1.obj
 0003:0000076c       ?s_id@?$TObjectUniqueID@UILibraryBinTree@libmedia@UModSys@@@tl@UModSys@@2USUniquePointer@core@3@A 1000576c     plugin_test1.obj
 0003:00000784       ?s_id@?$TObjectUniqueID@UIModObject@base@UModSys@@@tl@UModSys@@2USUniquePointer@core@3@A 10005784     plugin_test1.obj
 0003:0000079c       ?s_id@?$TObjectUniqueID@UILibraryObjFilter@libmedia@UModSys@@@tl@UModSys@@2USUniquePointer@core@3@A 1000579c     plugin_test1.obj
 0003:000007b4       ?s_id@?$TObjectUniqueID@UIStreamReader@libmedia@UModSys@@@tl@UModSys@@2USUniquePointer@core@3@A 100057b4     plugin_test1.obj
 0003:000007cc       ?s_id@?$TObjectUniqueID@URGenerator@test1@test@modules@UModSys@@@tl@UModSys@@2USUniquePointer@core@3@A 100057cc     plugin_test1.obj
 0003:000007e4       ?s_id@?$TObjectUniqueID@UIShell@base@UModSys@@@tl@UModSys@@2USUniquePointer@core@3@A 100057e4     plugin_test1.obj
 0003:000007fc       ?s_id@?$TObjectUniqueID@UIConsole@base@UModSys@@@tl@UModSys@@2USUniquePointer@core@3@A 100057fc     plugin_test1.obj
 0003:00000814       __adjust_fdiv              10005814     <common>
 0003:00000818       ___native_startup_state    10005818     <common>
 0003:0000081c       ___native_startup_lock     1000581c     <common>
 0003:00000820       ___dyn_tls_init_callback   10005820     <common>
 0003:00000824       ___onexitend               10005824     <common>
 0003:00000828       ___onexitbegin             10005828     <common>

 entry point at        0001:000014a1

 Static symbols

 0001:00001116       _pre_c_init                10002116 f   MSVCRT:crtdll.obj
 0001:0000138b       ___DllMainCRTStartup       1000238b f   MSVCRT:crtdll.obj
 0001:000019f7       __unwindfunclet$?suicide@RTest1_Shell@test1@test@modules@UModSys@@UAEXXZ$0 100029f7 f    CIL library: CIL module
 0001:000019ff       __ehhandler$?suicide@RTest1_Shell@test1@test@modules@UModSys@@UAEXXZ 100029ff f    CIL library: CIL module
 0001:00001a09       __unwindfunclet$??$t_generate@UILibraryBinTree@libmedia@UModSys@@@SModuleContext@base@UModSys@@QAE_NAAU?$TRefObject@UILibraryBinTree@libmedia@UModSys@@U?$TRefObjectFunc@UILibraryBinTree@libmedia@UModSys@@@tl@3@@tl@2@PBUSUniquePointerInfo@core@2@ABUSParameters@62@@Z$0 10002a09 f    CIL library: CIL module
 0001:00001a09       __unwindfunclet$??$t_generate@UIBinArchive@libmedia@UModSys@@@SModuleContext@base@UModSys@@QAE_NAAU?$TRefObject@UIBinArchive@libmedia@UModSys@@U?$TRefObjectFunc@UIBinArchive@libmedia@UModSys@@@tl@3@@tl@2@PBUSUniquePointerInfo@core@2@ABUSParameters@62@@Z$0 10002a09 f    CIL library: CIL module
 0001:00001a11       __ehhandler$??$t_generate@UIBinArchive@libmedia@UModSys@@@SModuleContext@base@UModSys@@QAE_NAAU?$TRefObject@UIBinArchive@libmedia@UModSys@@U?$TRefObjectFunc@UIBinArchive@libmedia@UModSys@@@tl@3@@tl@2@PBUSUniquePointerInfo@core@2@ABUSParameters@62@@Z 10002a11 f    CIL library: CIL module
 0001:00001a11       __ehhandler$??$t_generate@UILibraryBinTree@libmedia@UModSys@@@SModuleContext@base@UModSys@@QAE_NAAU?$TRefObject@UILibraryBinTree@libmedia@UModSys@@U?$TRefObjectFunc@UILibraryBinTree@libmedia@UModSys@@@tl@3@@tl@2@PBUSUniquePointerInfo@core@2@ABUSParameters@62@@Z 10002a11 f    CIL library: CIL module
 0001:00001a1b       __unwindfunclet$??_GRTest1_Shell@test1@test@modules@UModSys@@UAEPAXI@Z$0 10002a1b f    CIL library: CIL module
 0001:00001a23       __ehhandler$??_GRTest1_Shell@test1@test@modules@UModSys@@UAEPAXI@Z 10002a23 f    CIL library: CIL module
 0001:00001a2d       __unwindfunclet$?file_test4@RTest1_Shell@test1@test@modules@UModSys@@QAEXXZ$0 10002a2d f    CIL library: CIL module
 0001:00001a38       __unwindfunclet$?file_test4@RTest1_Shell@test1@test@modules@UModSys@@QAEXXZ$1 10002a38 f    CIL library: CIL module
 0001:00001a43       __unwindfunclet$?file_test4@RTest1_Shell@test1@test@modules@UModSys@@QAEXXZ$2 10002a43 f    CIL library: CIL module
 0001:00001a4e       __unwindfunclet$?file_test4@RTest1_Shell@test1@test@modules@UModSys@@QAEXXZ$3 10002a4e f    CIL library: CIL module
 0001:00001a59       __unwindfunclet$?file_test4@RTest1_Shell@test1@test@modules@UModSys@@QAEXXZ$4 10002a59 f    CIL library: CIL module
 0001:00001a64       __unwindfunclet$?file_test4@RTest1_Shell@test1@test@modules@UModSys@@QAEXXZ$5 10002a64 f    CIL library: CIL module
 0001:00001a6f       __ehhandler$?file_test4@RTest1_Shell@test1@test@modules@UModSys@@QAEXXZ 10002a6f f    CIL library: CIL module
 0001:00001a79       __unwindfunclet$??0RTest1_Shell@test1@test@modules@UModSys@@QAE@PAUIModObject@base@4@@Z$0 10002a79 f    CIL library: CIL module
 0001:00001a81       __ehhandler$??0RTest1_Shell@test1@test@modules@UModSys@@QAE@PAUIModObject@base@4@@Z 10002a81 f    CIL library: CIL module
 0001:00001a8b       __unwindfunclet$?generate@RGenerator@test1@test@modules@UModSys@@UAE_NAAU?$TRefObject@UIRefObject@core@UModSys@@U?$TRefObjectFunc@UIRefObject@core@UModSys@@@tl@3@@tl@5@PBUSUniquePointerInfo@core@5@ABUSParameters@95@@Z$0 10002a8b f    CIL library: CIL module
 0001:00001a96       __ehhandler$?generate@RGenerator@test1@test@modules@UModSys@@UAE_NAAU?$TRefObject@UIRefObject@core@UModSys@@U?$TRefObjectFunc@UIRefObject@core@UModSys@@@tl@3@@tl@5@PBUSUniquePointerInfo@core@5@ABUSParameters@95@@Z 10002a96 f    CIL library: CIL module
 0001:00001aa0       ??__E?s_modreg@RModuleReg@test1@test@modules@UModSys@@2U12345@A@@YAXXZ 10002aa0 f    CIL library: CIL module
 0001:00001af3       ??__E?s_modreg_chain@RModuleReg@test1@test@modules@UModSys@@2USModuleRegChain@base@5@A@@YAXXZ 10002af3 f    CIL library: CIL module
 0001:00001b25       ??__E?s_uid@RGenerator@test1@test@modules@UModSys@@2USUniquePointer@core@5@A@@YAXXZ 10002b25 f    CIL library: CIL module
 0001:00001b47       ??__E?s_id@?$TObjectUniqueID@UIRoot@core@UModSys@@@tl@UModSys@@2USUniquePointer@core@3@A@@YAXXZ 10002b47 f    CIL library: CIL module
 0001:00001b69       ??__E?s_id@?$TObjectUniqueID@UIRefObject@core@UModSys@@@tl@UModSys@@2USUniquePointer@core@3@A@@YAXXZ 10002b69 f    CIL library: CIL module
 0001:00001b8b       ??__E?s_id@?$TObjectUniqueID@UIParameters@core@UModSys@@@tl@UModSys@@2USUniquePointer@core@3@A@@YAXXZ 10002b8b f    CIL library: CIL module
 0001:00001bad       ??__E?s_id@?$TObjectUniqueID@UIModule@base@UModSys@@@tl@UModSys@@2USUniquePointer@core@3@A@@YAXXZ 10002bad f    CIL library: CIL module
 0001:00001bcf       ??__E?s_id@?$TObjectUniqueID@UIModuleLibrary@base@UModSys@@@tl@UModSys@@2USUniquePointer@core@3@A@@YAXXZ 10002bcf f    CIL library: CIL module
 0001:00001bf1       ??__E?s_id@?$TObjectUniqueID@UIModObject@base@UModSys@@@tl@UModSys@@2USUniquePointer@core@3@A@@YAXXZ 10002bf1 f    CIL library: CIL module
 0001:00001c13       ??__E?s_id@?$TObjectUniqueID@UIGenerator@base@UModSys@@@tl@UModSys@@2USUniquePointer@core@3@A@@YAXXZ 10002c13 f    CIL library: CIL module
 0001:00001c35       ??__E?s_id@?$TObjectUniqueID@UIShell@base@UModSys@@@tl@UModSys@@2USUniquePointer@core@3@A@@YAXXZ 10002c35 f    CIL library: CIL module
 0001:00001c57       ??__E?s_id@?$TObjectUniqueID@UIConsole@base@UModSys@@@tl@UModSys@@2USUniquePointer@core@3@A@@YAXXZ 10002c57 f    CIL library: CIL module
 0001:00001c79       ??__E?s_id@?$TObjectUniqueID@UISystem@base@UModSys@@@tl@UModSys@@2USUniquePointer@core@3@A@@YAXXZ 10002c79 f    CIL library: CIL module
 0001:00001c9b       ??__E?s_id@?$TObjectUniqueID@UIStreamReader@libmedia@UModSys@@@tl@UModSys@@2USUniquePointer@core@3@A@@YAXXZ 10002c9b f    CIL library: CIL module
 0001:00001cbd       ??__E?s_id@?$TObjectUniqueID@UIStreamWriter@libmedia@UModSys@@@tl@UModSys@@2USUniquePointer@core@3@A@@YAXXZ 10002cbd f    CIL library: CIL module
 0001:00001cdf       ??__E?s_id@?$TObjectUniqueID@UIBinArchive@libmedia@UModSys@@@tl@UModSys@@2USUniquePointer@core@3@A@@YAXXZ 10002cdf f    CIL library: CIL module
 0001:00001d01       ??__E?s_id@?$TObjectUniqueID@UIBinObjFilter@libmedia@UModSys@@@tl@UModSys@@2USUniquePointer@core@3@A@@YAXXZ 10002d01 f    CIL library: CIL module
 0001:00001d23       ??__E?s_id@?$TObjectUniqueID@UILibrary@libmedia@UModSys@@@tl@UModSys@@2USUniquePointer@core@3@A@@YAXXZ 10002d23 f    CIL library: CIL module
 0001:00001d45       ??__E?s_id@?$TObjectUniqueID@UILibraryBinTree@libmedia@UModSys@@@tl@UModSys@@2USUniquePointer@core@3@A@@YAXXZ 10002d45 f    CIL library: CIL module
 0001:00001d67       ??__E?s_id@?$TObjectUniqueID@UILibraryBinCache@libmedia@UModSys@@@tl@UModSys@@2USUniquePointer@core@3@A@@YAXXZ 10002d67 f    CIL library: CIL module
 0001:00001d89       ??__E?s_id@?$TObjectUniqueID@UILibraryObjFilter@libmedia@UModSys@@@tl@UModSys@@2USUniquePointer@core@3@A@@YAXXZ 10002d89 f    CIL library: CIL module
 0001:00001dab       ??__E?s_id@?$TObjectUniqueID@UILibraryLayered@libmedia@UModSys@@@tl@UModSys@@2USUniquePointer@core@3@A@@YAXXZ 10002dab f    CIL library: CIL module
 0001:00001dcd       ??__E?s_id@?$TObjectUniqueID@URTest1_Shell@test1@test@modules@UModSys@@@tl@UModSys@@2USUniquePointer@core@3@A@@YAXXZ 10002dcd f    CIL library: CIL module
 0001:00001def       ??__E?s_id@?$TObjectUniqueID@URGenerator@test1@test@modules@UModSys@@@tl@UModSys@@2USUniquePointer@core@3@A@@YAXXZ 10002def f    CIL library: CIL module
 0001:00001e11       ??__EM@UModSys@@YAXXZ      10002e11 f    CIL library: CIL module
 0001:00001e1d       ??__E?root@SModuleRegChain@base@UModSys@@2U123@A@@YAXXZ 10002e1d f    CIL library: CIL module
 0001:00001e29       ??__E?s_library@RModuleLibraryReg_Chain@base@UModSys@@2U123@A@@YAXXZ 10002e29 f    CIL library: CIL module
 0001:00001e35       ??__E?root@SUniquePointer@core@UModSys@@2U123@A@@YAXXZ 10002e35 f    CIL library: CIL module
 0001:00001e41       ??__F?s_modreg@RModuleReg@test1@test@modules@UModSys@@2U12345@A@@YAXXZ 10002e41 f    CIL library: CIL module
 0001:00001e4c       ??__F?s_modreg_chain@RModuleReg@test1@test@modules@UModSys@@2USModuleRegChain@base@5@A@@YAXXZ 10002e4c f    CIL library: CIL module
 0001:00001e56       ??__F?s_uid@RGenerator@test1@test@modules@UModSys@@2USUniquePointer@core@5@A@@YAXXZ 10002e56 f    CIL library: CIL module
 0001:00001e60       ??__Fh@?1??s_holder@RGenerator@test1@test@modules@UModSys@@SAAAU?$TTypeStaticHolder@URGenerator@test1@test@modules@UModSys@@@tl@5@XZ@YAXXZ 10002e60 f    CIL library: CIL module
 0001:00001e7d       ??__F?s_id@?$TObjectUniqueID@URGenerator@test1@test@modules@UModSys@@@tl@UModSys@@2USUniquePointer@core@3@A@@YAXXZ 10002e7d f    CIL library: CIL module
 0001:00001e87       ??__F?s_id@?$TObjectUniqueID@URTest1_Shell@test1@test@modules@UModSys@@@tl@UModSys@@2USUniquePointer@core@3@A@@YAXXZ 10002e87 f    CIL library: CIL module
 0001:00001e91       ??__F?s_id@?$TObjectUniqueID@UILibraryLayered@libmedia@UModSys@@@tl@UModSys@@2USUniquePointer@core@3@A@@YAXXZ 10002e91 f    CIL library: CIL module
 0001:00001e9b       ??__F?s_id@?$TObjectUniqueID@UILibraryObjFilter@libmedia@UModSys@@@tl@UModSys@@2USUniquePointer@core@3@A@@YAXXZ 10002e9b f    CIL library: CIL module
 0001:00001ea5       ??__F?s_id@?$TObjectUniqueID@UILibraryBinCache@libmedia@UModSys@@@tl@UModSys@@2USUniquePointer@core@3@A@@YAXXZ 10002ea5 f    CIL library: CIL module
 0001:00001eaf       ??__F?s_id@?$TObjectUniqueID@UILibraryBinTree@libmedia@UModSys@@@tl@UModSys@@2USUniquePointer@core@3@A@@YAXXZ 10002eaf f    CIL library: CIL module
 0001:00001eb9       ??__F?s_id@?$TObjectUniqueID@UILibrary@libmedia@UModSys@@@tl@UModSys@@2USUniquePointer@core@3@A@@YAXXZ 10002eb9 f    CIL library: CIL module
 0001:00001ec3       ??__F?s_id@?$TObjectUniqueID@UIBinObjFilter@libmedia@UModSys@@@tl@UModSys@@2USUniquePointer@core@3@A@@YAXXZ 10002ec3 f    CIL library: CIL module
 0001:00001ecd       ??__F?s_id@?$TObjectUniqueID@UIBinArchive@libmedia@UModSys@@@tl@UModSys@@2USUniquePointer@core@3@A@@YAXXZ 10002ecd f    CIL library: CIL module
 0001:00001ed7       ??__F?s_id@?$TObjectUniqueID@UIStreamWriter@libmedia@UModSys@@@tl@UModSys@@2USUniquePointer@core@3@A@@YAXXZ 10002ed7 f    CIL library: CIL module
 0001:00001ee1       ??__F?s_id@?$TObjectUniqueID@UIStreamReader@libmedia@UModSys@@@tl@UModSys@@2USUniquePointer@core@3@A@@YAXXZ 10002ee1 f    CIL library: CIL module
 0001:00001eeb       ??__F?s_id@?$TObjectUniqueID@UISystem@base@UModSys@@@tl@UModSys@@2USUniquePointer@core@3@A@@YAXXZ 10002eeb f    CIL library: CIL module
 0001:00001ef5       ??__F?s_id@?$TObjectUniqueID@UIConsole@base@UModSys@@@tl@UModSys@@2USUniquePointer@core@3@A@@YAXXZ 10002ef5 f    CIL library: CIL module
 0001:00001eff       ??__F?s_id@?$TObjectUniqueID@UIShell@base@UModSys@@@tl@UModSys@@2USUniquePointer@core@3@A@@YAXXZ 10002eff f    CIL library: CIL module
 0001:00001f09       ??__F?s_id@?$TObjectUniqueID@UIGenerator@base@UModSys@@@tl@UModSys@@2USUniquePointer@core@3@A@@YAXXZ 10002f09 f    CIL library: CIL module
 0001:00001f13       ??__F?s_id@?$TObjectUniqueID@UIModObject@base@UModSys@@@tl@UModSys@@2USUniquePointer@core@3@A@@YAXXZ 10002f13 f    CIL library: CIL module
 0001:00001f1d       ??__F?s_id@?$TObjectUniqueID@UIModuleLibrary@base@UModSys@@@tl@UModSys@@2USUniquePointer@core@3@A@@YAXXZ 10002f1d f    CIL library: CIL module
 0001:00001f27       ??__F?s_id@?$TObjectUniqueID@UIModule@base@UModSys@@@tl@UModSys@@2USUniquePointer@core@3@A@@YAXXZ 10002f27 f    CIL library: CIL module
 0001:00001f31       ??__F?s_id@?$TObjectUniqueID@UIParameters@core@UModSys@@@tl@UModSys@@2USUniquePointer@core@3@A@@YAXXZ 10002f31 f    CIL library: CIL module
 0001:00001f3b       ??__F?s_id@?$TObjectUniqueID@UIRefObject@core@UModSys@@@tl@UModSys@@2USUniquePointer@core@3@A@@YAXXZ 10002f3b f    CIL library: CIL module
 0001:00001f45       ??__F?s_id@?$TObjectUniqueID@UIRoot@core@UModSys@@@tl@UModSys@@2USUniquePointer@core@3@A@@YAXXZ 10002f45 f    CIL library: CIL module
 0001:00001f4f       ??__FM@UModSys@@YAXXZ      10002f4f f    CIL library: CIL module
 0001:00001f50       ??__F?root@SModuleRegChain@base@UModSys@@2U123@A@@YAXXZ 10002f50 f    CIL library: CIL module
 0001:00001f5a       ??__F?s_library@RModuleLibraryReg_Chain@base@UModSys@@2U123@A@@YAXXZ 10002f5a f    CIL library: CIL module
 0001:00001f65       ??__F?root@SUniquePointer@core@UModSys@@2U123@A@@YAXXZ 10002f65 f    CIL library: CIL module

 Exports

  ordinal    name

        1    _UModSys_Plugin_Entry2@0
