 plugin_test1

 Timestamp is 52b29b5b (Thu Dec 19 10:08:11 2013)

 Preferred load address is 10000000

 Start         Length     Name                   Class
 0001:00000000 000127eaH .text                   CODE
 0001:000127ea 000007bbH .text$x                 CODE
 0001:00012fa5 00000d59H .text$yc                CODE
 0001:00013cfe 000004b2H .text$yd                CODE
 0002:00000000 000001f0H .idata$5                DATA
 0002:000001f0 00000004H .CRT$XCA                DATA
 0002:000001f4 000008c8H .CRT$XCU                DATA
 0002:00000abc 00000004H .CRT$XCZ                DATA
 0002:00000ac0 00000004H .CRT$XIA                DATA
 0002:00000ac4 00000004H .CRT$XIAA               DATA
 0002:00000ac8 00000004H .CRT$XIC                DATA
 0002:00000acc 00000004H .CRT$XIZ                DATA
 0002:00000ad0 00002320H .rdata                  DATA
 0002:00002df0 000018bcH .rdata$r                DATA
 0002:000046b0 000000dcH .rdata$sxdata           DATA
 0002:0000478c 00000004H .rtc$IAA                DATA
 0002:00004790 00000004H .rtc$IZZ                DATA
 0002:00004794 00000004H .rtc$TAA                DATA
 0002:00004798 00000004H .rtc$TZZ                DATA
 0002:000047a0 00000cb4H .xdata$x                DATA
 0002:00005454 00000078H .idata$2                DATA
 0002:000054cc 00000014H .idata$3                DATA
 0002:000054e0 000001f0H .idata$4                DATA
 0002:000056d0 000008e6H .idata$6                DATA
 0002:00005fc0 0000005cH .edata                  DATA
 0003:00000000 00000ef0H .data                   DATA
 0003:00000ef0 0000160cH .bss                    DATA

  Address         Publics by Value              Rva+Base       Lib:Object

 0000:00000000       __except_list              00000000     <absolute>
 0000:00000037       ___safe_se_handler_count   00000037     <absolute>
 0000:00009876       __ldused                   00009876     <absolute>
 0000:00009876       __fltused                  00009876     <absolute>
 0000:00000000       ___ImageBase               10000000     <linker-defined>
 0001:00000000       ?new_data@SMemorySharedData@core@UModSys@@SAPAU123@IPBUSSourceContext@23@@Z 10001000 f i plugin_test1.obj
 0001:00000024       ?link@SMemShared@core@UModSys@@QAE_NPAUSMemorySharedData@23@PAUSSourceContext@23@@Z 10001024 f i plugin_test1.obj
 0001:00000024       ?link@SCMemShared@core@UModSys@@QAE_NPAUSMemorySharedData@23@PAUSSourceContext@23@@Z 10001024 f i plugin_test1.obj
 0001:00000049       ??6SUniquePtrList@core@UModSys@@QAEAAU012@PBUSUniquePointerInfo@12@@Z 10001049 f i plugin_test1.obj
 0001:0000007a       ??3IRoot@core@UModSys@@SAXPAXABUSIMemAlloc@12@@Z 1000107a f i plugin_test1.obj
 0001:00000093       ?_root_get_other_interface@IRefObject@core@UModSys@@IAEPAUIRoot@23@PBUSUniquePointerInfo@23@@Z 10001093 f i plugin_test1.obj
 0001:00000093       ?_root_get_other_interface@IRefObject@core@UModSys@@IBEPBUIRoot@23@PBUSUniquePointerInfo@23@@Z 10001093 f i plugin_test1.obj
 0001:000000b4       ?_root_get_interface_types@IRefObject@core@UModSys@@SAIAAUSUniquePtrList@23@@Z 100010b4 f i plugin_test1.obj
 0001:000000d4       ?_root_is_interface_supported@IRefObject@core@UModSys@@SA_NPBUSUniquePointerInfo@23@@Z 100010d4 f i plugin_test1.obj
 0001:000000eb       ??$slen@D@su@tl@UModSys@@YAIPBD@Z 100010eb f i plugin_test1.obj
 0001:00000104       ??$seq@D@su@tl@UModSys@@YA_NPBD0@Z 10001104 f i plugin_test1.obj
 0001:00000131       ??1SParameters@core@UModSys@@QAE@XZ 10001131 f i plugin_test1.obj
 0001:00000131       ??1?$TParametersA@$0EAA@@core@UModSys@@QAE@XZ 10001131 f i plugin_test1.obj
 0001:00000131       ??1?$TParametersA@$0BAA@@core@UModSys@@QAE@XZ 10001131 f i umodsys_lib_libui:umodsys.mod.ui.SDL_core.obj
 0001:0000013e       ?_root_get_other_interface@IGenerator@base@UModSys@@IBEPBUIRoot@core@3@PBUSUniquePointerInfo@53@@Z 1000113e f i plugin_test1.obj
 0001:0000013e       ?_root_get_other_interface@IGenerator@base@UModSys@@IAEPAUIRoot@core@3@PBUSUniquePointerInfo@53@@Z 1000113e f i plugin_test1.obj
 0001:0000015a       ?_root_is_interface_supported@IGenerator@base@UModSys@@SA_NPBUSUniquePointerInfo@core@3@@Z 1000115a f i plugin_test1.obj
 0001:0000017a       ?_root_is_interface_supported@IBinObjFilter@libmedia@UModSys@@SA_NPBUSUniquePointerInfo@core@3@@Z 1000117a f i plugin_test1.obj
 0001:0000019a       ?obj_load@ILibrary@libmedia@UModSys@@QAE_NABU?$TString@U?$TSCoreConst@D@su@tl@UModSys@@U?$TComparerBinaryHash@D@234@@tl@3@PAUIRefObject@core@3@0PBUSParameters@73@ABU?$TFlags4State@USMediaFlagUid@libmedia@UModSys@@I@53@@Z 1000119a f i plugin_test1.obj
 0001:000001e4       ?mount_add@ILibraryBinTree@libmedia@UModSys@@QAE_NABU?$TString@U?$TSCoreConst@D@su@tl@UModSys@@U?$TComparerBinaryHash@D@234@@tl@3@PAUIBinArchive@23@H@Z 100011e4 f i plugin_test1.obj
 0001:00000252       ?mount_add@ILibraryBinTree@libmedia@UModSys@@QAE_NABU?$TString@U?$TSCoreConst@D@su@tl@UModSys@@U?$TComparerBinaryHash@D@234@@tl@3@HPAUIBinArchive@23@H@Z 10001252 f i plugin_test1.obj
 0001:000002c3       ??1SLayer@ILibraryLayered@libmedia@UModSys@@QAE@XZ 100012c3 f i plugin_test1.obj
 0001:000002c3       ??1SPoint@ILibraryBinTree@libmedia@UModSys@@QAE@XZ 100012c3 f i plugin_test1.obj
 0001:000002d4       ?layer_push@ILibraryLayered@libmedia@UModSys@@QAE_NPAUILibrary@23@HABU?$TString@U?$TSCoreConst@D@su@tl@UModSys@@U?$TComparerBinaryHash@D@234@@tl@3@@Z 100012d4 f i plugin_test1.obj
 0001:0000033c       ?render_text@IRenderDriver@lib2d@UModSys@@QAE_NABU?$TVector2@H@math3d@3@PBHHPBU?$TVector2@M@53@@Z 1000133c f i plugin_test1.obj
 0001:0000036a       ??1IBinObjFilter@libmedia@UModSys@@UAE@XZ 1000136a f i plugin_test1.obj
 0001:0000036f       ??1ILibObject@libmedia@UModSys@@UAE@XZ 1000136f f i plugin_test1.obj
 0001:000003a6       ?root_get_interface_info@RTest1_Shell@test1@test@modules@UModSys@@UBEABUSUniquePointerInfo@core@5@XZ 100013a6 f i plugin_test1.obj
 0001:000003ac       ?root_get_interface_type@RTest1_Shell@test1@test@modules@UModSys@@UBEPBUSUniquePointerInfo@core@5@XZ 100013ac f i plugin_test1.obj
 0001:000003b2       ?root_get_other_interface@RTest1_Shell@test1@test@modules@UModSys@@UAEPAUIRoot@core@5@PBUSUniquePointerInfo@75@@Z 100013b2 f i plugin_test1.obj
 0001:000003b2       ?root_get_other_interface@RTest1_Shell@test1@test@modules@UModSys@@UBEPBUIRoot@core@5@PBUSUniquePointerInfo@75@@Z 100013b2 f i plugin_test1.obj
 0001:000003d3       ?root_is_interface_supported@RTest1_Shell@test1@test@modules@UModSys@@UBE_NPBUSUniquePointerInfo@core@5@@Z 100013d3 f i plugin_test1.obj
 0001:000003fa       ?ref_add@RTest1_Shell@test1@test@modules@UModSys@@UBEXXZ 100013fa f i plugin_test1.obj
 0001:000003fe       ?ref_remove@RTest1_Shell@test1@test@modules@UModSys@@UBEXXZ 100013fe f i plugin_test1.obj
 0001:00000409       ?ref_weak@RTest1_Shell@test1@test@modules@UModSys@@UBE_NAAUWeakPointer@IRefObject@core@5@@Z 10001409 f i plugin_test1.obj
 0001:00000428       ?suicide@RTest1_Shell@test1@test@modules@UModSys@@UAEXXZ 10001428 f i plugin_test1.obj
 0001:00000465       ??0RTest1_Shell@test1@test@modules@UModSys@@QAE@PAUIModObject@base@4@@Z 10001465 f i plugin_test1.obj
 0001:0000056d       ??1RTest1_Shell@test1@test@modules@UModSys@@UAE@XZ 1000156d f i plugin_test1.obj
 0001:000005f5       ?connect@RTest1_Shell@test1@test@modules@UModSys@@UAE_NXZ 100015f5 f i plugin_test1.obj
 0001:0000060d       ?disconnect@RTest1_Shell@test1@test@modules@UModSys@@UAE_NXZ 1000160d f i plugin_test1.obj
 0001:00000625       ?process_tick@RTest1_Shell@test1@test@modules@UModSys@@UAE_NABUSTimeMsec@core@5@@Z 10001625 f i plugin_test1.obj
 0001:00000650       ?process_command@RTest1_Shell@test1@test@modules@UModSys@@UAE_NHQBU?$TString@U?$TSCoreConst@D@su@tl@UModSys@@U?$TComparerBinaryHash@D@234@@tl@5@@Z 10001650 f i plugin_test1.obj
 0001:0000066e       ??_GRTest1_Shell@test1@test@modules@UModSys@@UAEPAXI@Z 1000166e f i plugin_test1.obj
 0001:0000066e       ??_ERTest1_Shell@test1@test@modules@UModSys@@UAEPAXI@Z 1000166e f i  CIL library: CIL module
 0001:0000068b       ?new_mem_image@RTest1_Shell@test1@test@modules@UModSys@@QAE?AU?$TRefObject@UIImage@lib2d@UModSys@@U?$TRefObjectFunc@UIImage@lib2d@UModSys@@@tl@3@@tl@5@XZ 1000168b f   plugin_test1.obj
 0001:00000703       ?media_arch_stdio@RTest1_Shell@test1@test@modules@UModSys@@QAE?AU?$TRefObject@UIBinArchive@libmedia@UModSys@@U?$TRefObjectFunc@UIBinArchive@libmedia@UModSys@@@tl@3@@tl@5@ABU?$TString@U?$TSCoreConst@D@su@tl@UModSys@@U?$TComparerBinaryHash@D@234@@75@@Z 10001703 f   plugin_test1.obj
 0001:0000079a       ?media_arch_zip@RTest1_Shell@test1@test@modules@UModSys@@QAE?AU?$TRefObject@UIBinArchive@libmedia@UModSys@@U?$TRefObjectFunc@UIBinArchive@libmedia@UModSys@@@tl@3@@tl@5@PAUILibrary@libmedia@5@PAUIUtilities@95@ABU?$TString@U?$TSCoreConst@D@su@tl@UModSys@@U?$TComparerBinaryHash@D@234@@75@_N@Z 1000179a f   plugin_test1.obj
 0001:00000983       ?media_filter_new@RTest1_Shell@test1@test@modules@UModSys@@QAE?AU?$TRefObject@UIBinObjFilter@libmedia@UModSys@@U?$TRefObjectFunc@UIBinObjFilter@libmedia@UModSys@@@tl@3@@tl@5@ABU?$TString@U?$TSCoreConst@D@su@tl@UModSys@@U?$TComparerBinaryHash@D@234@@75@ABUSParameters@core@5@@Z 10001983 f   plugin_test1.obj
 0001:000009f7       ?media_utils@RTest1_Shell@test1@test@modules@UModSys@@QAE?AU?$TRefObject@UIUtilities@libmedia@UModSys@@U?$TRefObjectFunc@UIUtilities@libmedia@UModSys@@@tl@3@@tl@5@XZ 100019f7 f   plugin_test1.obj
 0001:00000a6f       ?media_vfs@RTest1_Shell@test1@test@modules@UModSys@@QAE?AU?$TRefObject@UILibraryBinTree@libmedia@UModSys@@U?$TRefObjectFunc@UILibraryBinTree@libmedia@UModSys@@@tl@3@@tl@5@XZ 10001a6f f   plugin_test1.obj
 0001:00000ae7       ?media_flt@RTest1_Shell@test1@test@modules@UModSys@@QAE?AU?$TRefObject@UILibraryObjFilter@libmedia@UModSys@@U?$TRefObjectFunc@UILibraryObjFilter@libmedia@UModSys@@@tl@3@@tl@5@XZ 10001ae7 f   plugin_test1.obj
 0001:00000b5f       ?media_lay@RTest1_Shell@test1@test@modules@UModSys@@QAE?AU?$TRefObject@UILibraryLayered@libmedia@UModSys@@U?$TRefObjectFunc@UILibraryLayered@libmedia@UModSys@@@tl@3@@tl@5@XZ 10001b5f f   plugin_test1.obj
 0001:00000bd7       ?media_cache@RTest1_Shell@test1@test@modules@UModSys@@QAE?AU?$TRefObject@UILibrary@libmedia@UModSys@@U?$TRefObjectFunc@UILibrary@libmedia@UModSys@@@tl@3@@tl@5@_N@Z 10001bd7 f   plugin_test1.obj
 0001:00000cb3       ?file_test7@RTest1_Shell@test1@test@modules@UModSys@@QAEXXZ 10001cb3 f   plugin_test1.obj
 0001:000010a5       ?key_pressed@RTest1_Shell@test1@test@modules@UModSys@@UAE_NABUSKeyboardInputRaw@libui@5@@Z 100020a5 f   plugin_test1.obj
 0001:000010e6       ?key_text@RTest1_Shell@test1@test@modules@UModSys@@UAE_NABUSKeyboardInputText@libui@5@@Z 100020e6 f   plugin_test1.obj
 0001:0000111e       ?mouse_event@RTest1_Shell@test1@test@modules@UModSys@@UAE_NABUSMouseInput@libui@5@@Z 1000211e f   plugin_test1.obj
 0001:0000118b       ?command@RTest1_Shell@test1@test@modules@UModSys@@UAE_NABUSController@libui@5@HABUSFrameDataIn@75@@Z 1000218b f   plugin_test1.obj
 0001:000011c6       ?db_get@RTest1_Shell@test1@test@modules@UModSys@@UAE_NABUSController@libui@5@QBDABUSFrameDataOut@75@@Z 100021c6 f   plugin_test1.obj
 0001:0000121b       ?db_get@RTest1_Shell@test1@test@modules@UModSys@@UAE_NABUSController@libui@5@QBDHABUSFrameDataOut@75@@Z 1000221b f   plugin_test1.obj
 0001:00001270       ?get_generated_names@RGenerator@test1@test@modules@UModSys@@UBEHAAUSUniquePtrList@core@5@@Z 10002270 f i plugin_test1.obj
 0001:00001289       ?get_generated_types@RGenerator@test1@test@modules@UModSys@@UBEHAAUSUniquePtrList@core@5@PBUSUniquePointerInfo@75@@Z 10002289 f i plugin_test1.obj
 0001:000012bd       ?generate@RGenerator@test1@test@modules@UModSys@@UAE_NAAU?$TRefObject@UIRefObject@core@UModSys@@U?$TRefObjectFunc@UIRefObject@core@UModSys@@@tl@3@@tl@5@PBUSUniquePointerInfo@core@5@ABUSParameters@95@@Z 100022bd f i plugin_test1.obj
 0001:0000133f       ?root_get_interface_info@RGenerator@test1@test@modules@UModSys@@UBEABUSUniquePointerInfo@core@5@XZ 1000233f f i plugin_test1.obj
 0001:00001345       ?root_get_interface_type@RGenerator@test1@test@modules@UModSys@@UBEPBUSUniquePointerInfo@core@5@XZ 10002345 f i plugin_test1.obj
 0001:0000134b       ?root_get_other_interface@RGenerator@test1@test@modules@UModSys@@UAEPAUIRoot@core@5@PBUSUniquePointerInfo@75@@Z 1000234b f i plugin_test1.obj
 0001:0000134b       ?root_get_other_interface@RGenerator@test1@test@modules@UModSys@@UBEPBUIRoot@core@5@PBUSUniquePointerInfo@75@@Z 1000234b f i plugin_test1.obj
 0001:00001364       ?root_is_interface_supported@RGenerator@test1@test@modules@UModSys@@UBE_NPBUSUniquePointerInfo@core@5@@Z 10002364 f i plugin_test1.obj
 0001:00001383       ?get_uid@RGenerator@test1@test@modules@UModSys@@UBEPBUSUniquePointerInfo@core@5@XZ 10002383 f i plugin_test1.obj
 0001:00001389       ?do_open@RModuleReg@test1@test@modules@UModSys@@UAE_NXZ 10002389 f i plugin_test1.obj
 0001:000013e7       ?do_close@RModuleReg@test1@test@modules@UModSys@@UAE_NXZ 100023e7 f i plugin_test1.obj
 0001:00001436       ?get_module@RGenerator@test1@test@modules@UModSys@@UBEPAUIModule@base@5@XZ 10002436 f   plugin_test1.obj
 0001:0000143c       ?mod_inc@RGenerator@test1@test@modules@UModSys@@UBE_NXZ 1000243c f   plugin_test1.obj
 0001:00001447       ?mod_dec@RGenerator@test1@test@modules@UModSys@@UBE_NXZ 10002447 f   plugin_test1.obj
 0001:00001452       ?s_holder@RGenerator@test1@test@modules@UModSys@@SAAAU?$TTypeStaticHolder@URGenerator@test1@test@modules@UModSys@@@tl@5@XZ 10002452 f   plugin_test1.obj
 0001:00001484       ??0?$TString@U?$TSCoreConst@D@su@tl@UModSys@@U?$TComparerBinaryHash@D@234@@tl@UModSys@@QAE@PBD@Z 10002484 f i plugin_test1.obj
 0001:000014a9       ??8?$TString@U?$TSCoreConst@D@su@tl@UModSys@@U?$TComparerBinaryHash@D@234@@tl@UModSys@@QBE_NPBD@Z 100024a9 f i plugin_test1.obj
 0001:000014cb       ??4?$TString@U?$TSCoreConst@D@su@tl@UModSys@@U?$TComparerBinaryHash@D@234@@tl@UModSys@@QAEABU012@PBD@Z 100024cb f i plugin_test1.obj
 0001:000014e7       ??4?$TRefObject@URFrame_Common@frames@ui@modules@UModSys@@U?$TRefObjectFunc@URFrame_Common@frames@ui@modules@UModSys@@@tl@5@@tl@UModSys@@QAEABU012@PAURFrame_Common@frames@ui@modules@2@@Z 100024e7 f i umodsys_lib_libui:umodsys.mod.ui.frames.obj
 0001:000014e7       ??4?$TRefObject@UIRefObject@core@UModSys@@U?$TRefObjectFunc@UIRefObject@core@UModSys@@@tl@3@@tl@UModSys@@QAEABU012@PAUIRefObject@core@2@@Z 100024e7 f i plugin_test1.obj
 0001:00001502       ??0?$TParametersA@$0EAA@@core@UModSys@@QAE@XZ 10002502 f i plugin_test1.obj
 0001:00001531       ?update@?$TComparerBinaryHash@D@su@tl@UModSys@@QAEXPBDI@Z 10002531 f i plugin_test1.obj
 0001:00001568       ?info_release@?$TSCoreShared@USIMemAlloc@core@UModSys@@D@su@tl@UModSys@@QAEXXZ 10002568 f i plugin_test1.obj
 0001:00001598       ?info_new@?$TSCoreShared@USIMemAlloc@core@UModSys@@D@su@tl@UModSys@@QAE_NPBDI@Z 10002598 f i plugin_test1.obj
 0001:000015f9       ??$generate_type@UIImage@lib2d@UModSys@@@RTest1_Shell@test1@test@modules@UModSys@@QAE?AU?$TRefObject@UIImage@lib2d@UModSys@@U?$TRefObjectFunc@UIImage@lib2d@UModSys@@@tl@3@@tl@4@ABU?$TString@U?$TSCoreConst@D@su@tl@UModSys@@U?$TComparerBinaryHash@D@234@@64@ABUSParameters@core@4@PBD@Z 100025f9 f i plugin_test1.obj
 0001:00001705       ??$generate_type@UIBinArchive@libmedia@UModSys@@@RTest1_Shell@test1@test@modules@UModSys@@QAE?AU?$TRefObject@UIBinArchive@libmedia@UModSys@@U?$TRefObjectFunc@UIBinArchive@libmedia@UModSys@@@tl@3@@tl@4@ABU?$TString@U?$TSCoreConst@D@su@tl@UModSys@@U?$TComparerBinaryHash@D@234@@64@ABUSParameters@core@4@PBD@Z 10002705 f i plugin_test1.obj
 0001:0000180d       ??$generate_type@UIClient@IBinArchiveFrame@libmedia@UModSys@@@RTest1_Shell@test1@test@modules@UModSys@@QAE?AU?$TRefObject@UIClient@IBinArchiveFrame@libmedia@UModSys@@U?$TRefObjectFunc@UIClient@IBinArchiveFrame@libmedia@UModSys@@@tl@4@@tl@4@ABU?$TString@U?$TSCoreConst@D@su@tl@UModSys@@U?$TComparerBinaryHash@D@234@@64@ABUSParameters@core@4@PBD@Z 1000280d f i plugin_test1.obj
 0001:00001919       ??$generate_type@UIBinArchiveFrame@libmedia@UModSys@@@RTest1_Shell@test1@test@modules@UModSys@@QAE?AU?$TRefObject@UIBinArchiveFrame@libmedia@UModSys@@U?$TRefObjectFunc@UIBinArchiveFrame@libmedia@UModSys@@@tl@3@@tl@4@ABU?$TString@U?$TSCoreConst@D@su@tl@UModSys@@U?$TComparerBinaryHash@D@234@@64@ABUSParameters@core@4@PBD@Z 10002919 f i plugin_test1.obj
 0001:00001a21       ??$generate_type@UIBinObjFilter@libmedia@UModSys@@@RTest1_Shell@test1@test@modules@UModSys@@QAE?AU?$TRefObject@UIBinObjFilter@libmedia@UModSys@@U?$TRefObjectFunc@UIBinObjFilter@libmedia@UModSys@@@tl@3@@tl@4@ABU?$TString@U?$TSCoreConst@D@su@tl@UModSys@@U?$TComparerBinaryHash@D@234@@64@ABUSParameters@core@4@PBD@Z 10002a21 f i plugin_test1.obj
 0001:00001b2d       ??$generate_type@UIUtilities@libmedia@UModSys@@@RTest1_Shell@test1@test@modules@UModSys@@QAE?AU?$TRefObject@UIUtilities@libmedia@UModSys@@U?$TRefObjectFunc@UIUtilities@libmedia@UModSys@@@tl@3@@tl@4@ABU?$TString@U?$TSCoreConst@D@su@tl@UModSys@@U?$TComparerBinaryHash@D@234@@64@ABUSParameters@core@4@PBD@Z 10002b2d f i plugin_test1.obj
 0001:00001c39       ??$generate_type@UILibraryBinTree@libmedia@UModSys@@@RTest1_Shell@test1@test@modules@UModSys@@QAE?AU?$TRefObject@UILibraryBinTree@libmedia@UModSys@@U?$TRefObjectFunc@UILibraryBinTree@libmedia@UModSys@@@tl@3@@tl@4@ABU?$TString@U?$TSCoreConst@D@su@tl@UModSys@@U?$TComparerBinaryHash@D@234@@64@ABUSParameters@core@4@PBD@Z 10002c39 f i plugin_test1.obj
 0001:00001d45       ??$generate_type@UILibraryObjFilter@libmedia@UModSys@@@RTest1_Shell@test1@test@modules@UModSys@@QAE?AU?$TRefObject@UILibraryObjFilter@libmedia@UModSys@@U?$TRefObjectFunc@UILibraryObjFilter@libmedia@UModSys@@@tl@3@@tl@4@ABU?$TString@U?$TSCoreConst@D@su@tl@UModSys@@U?$TComparerBinaryHash@D@234@@64@ABUSParameters@core@4@PBD@Z 10002d45 f i plugin_test1.obj
 0001:00001e51       ??$generate_type@UILibraryLayered@libmedia@UModSys@@@RTest1_Shell@test1@test@modules@UModSys@@QAE?AU?$TRefObject@UILibraryLayered@libmedia@UModSys@@U?$TRefObjectFunc@UILibraryLayered@libmedia@UModSys@@@tl@3@@tl@4@ABU?$TString@U?$TSCoreConst@D@su@tl@UModSys@@U?$TComparerBinaryHash@D@234@@64@ABUSParameters@core@4@PBD@Z 10002e51 f i plugin_test1.obj
 0001:00001f5d       ??$generate_type@UILibraryObjCache@libmedia@UModSys@@@RTest1_Shell@test1@test@modules@UModSys@@QAE?AU?$TRefObject@UILibraryObjCache@libmedia@UModSys@@U?$TRefObjectFunc@UILibraryObjCache@libmedia@UModSys@@@tl@3@@tl@4@ABU?$TString@U?$TSCoreConst@D@su@tl@UModSys@@U?$TComparerBinaryHash@D@234@@64@ABUSParameters@core@4@PBD@Z 10002f5d f i plugin_test1.obj
 0001:00002069       ??$generate_type@UILibraryBinCache@libmedia@UModSys@@@RTest1_Shell@test1@test@modules@UModSys@@QAE?AU?$TRefObject@UILibraryBinCache@libmedia@UModSys@@U?$TRefObjectFunc@UILibraryBinCache@libmedia@UModSys@@@tl@3@@tl@4@ABU?$TString@U?$TSCoreConst@D@su@tl@UModSys@@U?$TComparerBinaryHash@D@234@@64@ABUSParameters@core@4@PBD@Z 10003069 f i plugin_test1.obj
 0001:00002175       ??1?$TRefObject@UIModObject@base@UModSys@@U?$TModObjectFunc@UIModObject@base@UModSys@@@tl@3@@tl@UModSys@@QAE@XZ 10003175 f i plugin_test1.obj
 0001:0000218b       ?s_init@?$TModObjectFunc@UIModObject@base@UModSys@@@tl@UModSys@@SAXAAPAUIModObject@base@3@PAU453@@Z 1000318b f i plugin_test1.obj
 0001:000021a4       ??$t_ref_get_other_interface@UIStreamReader@libmedia@UModSys@@U?$TRefObjectFunc@UIStreamReader@libmedia@UModSys@@@tl@3@@IRefObject@core@UModSys@@QAE_NAAU?$TRefObject@UIStreamReader@libmedia@UModSys@@U?$TRefObjectFunc@UIStreamReader@libmedia@UModSys@@@tl@3@@tl@2@@Z 100031a4 f i plugin_test1.obj
 0001:000021d3       ??$t_ref_get_other_interface@UIStreamWriter@libmedia@UModSys@@U?$TRefObjectFunc@UIStreamWriter@libmedia@UModSys@@@tl@3@@IRefObject@core@UModSys@@QAE_NAAU?$TRefObject@UIStreamWriter@libmedia@UModSys@@U?$TRefObjectFunc@UIStreamWriter@libmedia@UModSys@@@tl@3@@tl@2@@Z 100031d3 f i plugin_test1.obj
 0001:00002202       ??$t_ref_get_other_interface@UIMultiImage@lib2d@UModSys@@U?$TRefObjectFunc@UIMultiImage@lib2d@UModSys@@@tl@3@@IRefObject@core@UModSys@@QAE_NAAU?$TRefObject@UIMultiImage@lib2d@UModSys@@U?$TRefObjectFunc@UIMultiImage@lib2d@UModSys@@@tl@3@@tl@2@@Z 10003202 f i plugin_test1.obj
 0001:00002231       ??$t_ref_get_other_interface@UIRenderDriver@lib2d@UModSys@@U?$TRefObjectFunc@UIRenderDriver@lib2d@UModSys@@@tl@3@@IRefObject@core@UModSys@@QAE_NAAU?$TRefObject@UIRenderDriver@lib2d@UModSys@@U?$TRefObjectFunc@UIRenderDriver@lib2d@UModSys@@@tl@3@@tl@2@@Z 10003231 f i plugin_test1.obj
 0001:00002260       ??$t_generate@UIImage@lib2d@UModSys@@@SModuleContext@base@UModSys@@QAE_NAAU?$TRefObject@UIImage@lib2d@UModSys@@U?$TRefObjectFunc@UIImage@lib2d@UModSys@@@tl@3@@tl@2@PBUSUniquePointerInfo@core@2@ABUSParameters@62@@Z 10003260 f i plugin_test1.obj
 0001:000022d1       ??$t_generate@UIBinArchive@libmedia@UModSys@@@SModuleContext@base@UModSys@@QAE_NAAU?$TRefObject@UIBinArchive@libmedia@UModSys@@U?$TRefObjectFunc@UIBinArchive@libmedia@UModSys@@@tl@3@@tl@2@PBUSUniquePointerInfo@core@2@ABUSParameters@62@@Z 100032d1 f i plugin_test1.obj
 0001:0000236d       ??$t_generate@UIClient@IBinArchiveFrame@libmedia@UModSys@@@SModuleContext@base@UModSys@@QAE_NAAU?$TRefObject@UIClient@IBinArchiveFrame@libmedia@UModSys@@U?$TRefObjectFunc@UIClient@IBinArchiveFrame@libmedia@UModSys@@@tl@4@@tl@2@PBUSUniquePointerInfo@core@2@ABUSParameters@62@@Z 1000336d f i plugin_test1.obj
 0001:00002409       ??$t_generate@UIBinArchiveFrame@libmedia@UModSys@@@SModuleContext@base@UModSys@@QAE_NAAU?$TRefObject@UIBinArchiveFrame@libmedia@UModSys@@U?$TRefObjectFunc@UIBinArchiveFrame@libmedia@UModSys@@@tl@3@@tl@2@PBUSUniquePointerInfo@core@2@ABUSParameters@62@@Z 10003409 f i plugin_test1.obj
 0001:000024a5       ??$t_generate@UIBinObjFilter@libmedia@UModSys@@@SModuleContext@base@UModSys@@QAE_NAAU?$TRefObject@UIBinObjFilter@libmedia@UModSys@@U?$TRefObjectFunc@UIBinObjFilter@libmedia@UModSys@@@tl@3@@tl@2@PBUSUniquePointerInfo@core@2@ABUSParameters@62@@Z 100034a5 f i plugin_test1.obj
 0001:00002541       ??$t_generate@UIUtilities@libmedia@UModSys@@@SModuleContext@base@UModSys@@QAE_NAAU?$TRefObject@UIUtilities@libmedia@UModSys@@U?$TRefObjectFunc@UIUtilities@libmedia@UModSys@@@tl@3@@tl@2@PBUSUniquePointerInfo@core@2@ABUSParameters@62@@Z 10003541 f i plugin_test1.obj
 0001:000025dd       ??$t_generate@UILibraryBinTree@libmedia@UModSys@@@SModuleContext@base@UModSys@@QAE_NAAU?$TRefObject@UILibraryBinTree@libmedia@UModSys@@U?$TRefObjectFunc@UILibraryBinTree@libmedia@UModSys@@@tl@3@@tl@2@PBUSUniquePointerInfo@core@2@ABUSParameters@62@@Z 100035dd f i plugin_test1.obj
 0001:00002679       ??$t_generate@UILibraryObjFilter@libmedia@UModSys@@@SModuleContext@base@UModSys@@QAE_NAAU?$TRefObject@UILibraryObjFilter@libmedia@UModSys@@U?$TRefObjectFunc@UILibraryObjFilter@libmedia@UModSys@@@tl@3@@tl@2@PBUSUniquePointerInfo@core@2@ABUSParameters@62@@Z 10003679 f i plugin_test1.obj
 0001:00002715       ??$t_generate@UILibraryLayered@libmedia@UModSys@@@SModuleContext@base@UModSys@@QAE_NAAU?$TRefObject@UILibraryLayered@libmedia@UModSys@@U?$TRefObjectFunc@UILibraryLayered@libmedia@UModSys@@@tl@3@@tl@2@PBUSUniquePointerInfo@core@2@ABUSParameters@62@@Z 10003715 f i plugin_test1.obj
 0001:000027b1       ??$t_generate@UILibraryObjCache@libmedia@UModSys@@@SModuleContext@base@UModSys@@QAE_NAAU?$TRefObject@UILibraryObjCache@libmedia@UModSys@@U?$TRefObjectFunc@UILibraryObjCache@libmedia@UModSys@@@tl@3@@tl@2@PBUSUniquePointerInfo@core@2@ABUSParameters@62@@Z 100037b1 f i plugin_test1.obj
 0001:0000284d       ??$t_generate@UILibraryBinCache@libmedia@UModSys@@@SModuleContext@base@UModSys@@QAE_NAAU?$TRefObject@UILibraryBinCache@libmedia@UModSys@@U?$TRefObjectFunc@UILibraryBinCache@libmedia@UModSys@@@tl@3@@tl@2@PBUSUniquePointerInfo@core@2@ABUSParameters@62@@Z 1000384d f i plugin_test1.obj
 0001:000028e9       ??$t_ref_get_other_interface@UIImage@lib2d@UModSys@@U?$TRefObjectFunc@UIImage@lib2d@UModSys@@@tl@3@@IRefObject@core@UModSys@@QAE_NAAU?$TRefObject@UIImage@lib2d@UModSys@@U?$TRefObjectFunc@UIImage@lib2d@UModSys@@@tl@3@@tl@2@@Z 100038e9 f i plugin_test1.obj
 0001:00002918       ?ConvertSameSize@stdlib@lib2d@modules@UModSys@@YA_NW4eImageType@24@ABU?$TVector2@H@math3d@4@11ABUSMem@core@4@11ABUSCMem@94@@Z 10003918 f i umodsys_lib_lib2d:umodsys.mod.2d.stdlib.obj
 0001:0000299b       ?ConvertSame@stdlib@lib2d@modules@UModSys@@YA_NW4eImageType@24@ABU?$TBoundBox2@H@math3d@4@ABU?$TVector2@H@74@ABUSMem@core@4@12ABUSCMem@core@4@@Z 1000399b f i umodsys_lib_lib2d:umodsys.mod.2d.stdlib.obj
 0001:000029fe       ?Convert@stdlib@lib2d@modules@UModSys@@YA_NABU?$TBoundBox2@H@math3d@4@ABUSImageInfo@24@ABUSMem@core@4@01ABUSCMem@94@@Z 100039fe f i umodsys_lib_lib2d:umodsys.mod.2d.stdlib.obj
 0001:00002a60       ?root_get_interface_info@RImage_Memory@stdlib@lib2d@modules@UModSys@@UBEABUSUniquePointerInfo@core@5@XZ 10003a60 f i umodsys_lib_lib2d:umodsys.mod.2d.stdlib.obj
 0001:00002a66       ?root_get_interface_type@RImage_Memory@stdlib@lib2d@modules@UModSys@@UBEPBUSUniquePointerInfo@core@5@XZ 10003a66 f i umodsys_lib_lib2d:umodsys.mod.2d.stdlib.obj
 0001:00002a6c       ?root_get_other_interface@RImage_Memory@stdlib@lib2d@modules@UModSys@@UBEPBUIRoot@core@5@PBUSUniquePointerInfo@75@@Z 10003a6c f i umodsys_lib_lib2d:umodsys.mod.2d.stdlib.obj
 0001:00002a6c       ?root_get_other_interface@RImage_Memory@stdlib@lib2d@modules@UModSys@@UAEPAUIRoot@core@5@PBUSUniquePointerInfo@75@@Z 10003a6c f i umodsys_lib_lib2d:umodsys.mod.2d.stdlib.obj
 0001:00002a8d       ?root_is_interface_supported@RImage_Memory@stdlib@lib2d@modules@UModSys@@UBE_NPBUSUniquePointerInfo@core@5@@Z 10003a8d f i umodsys_lib_lib2d:umodsys.mod.2d.stdlib.obj
 0001:00002ab4       ??0State@RImage_Memory@stdlib@lib2d@modules@UModSys@@QAE@XZ 10003ab4 f i umodsys_lib_lib2d:umodsys.mod.2d.stdlib.obj
 0001:00002ae6       ?set_info@RImage_Memory@stdlib@lib2d@modules@UModSys@@UAE_NABUSImagePatchInfo@35@PBD@Z 10003ae6 f i umodsys_lib_lib2d:umodsys.mod.2d.stdlib.obj
 0001:00002c4e       ?set_data@RImage_Memory@stdlib@lib2d@modules@UModSys@@UAE_NABUSImagePatchInfo@35@ABUSCMem@core@5@H@Z 10003c4e f i umodsys_lib_lib2d:umodsys.mod.2d.stdlib.obj
 0001:00002cb8       ?get_info@RImage_Memory@stdlib@lib2d@modules@UModSys@@UBEABUSImageInfo@35@XZ 10003cb8 f i umodsys_lib_lib2d:umodsys.mod.2d.stdlib.obj
 0001:00002cbc       ?get_data@RImage_Memory@stdlib@lib2d@modules@UModSys@@UBE_NABUSImagePatchInfo@35@ABUSMem@core@5@H@Z 10003cbc f i umodsys_lib_lib2d:umodsys.mod.2d.stdlib.obj
 0001:00002d42       ??0RImage_Memory@stdlib@lib2d@modules@UModSys@@QAE@PAUIModObject@base@4@ABUSParameters@core@4@@Z 10003d42 f i umodsys_lib_lib2d:umodsys.mod.2d.stdlib.obj
 0001:00002d8e       ??1State@RImage_Memory@stdlib@lib2d@modules@UModSys@@QAE@XZ 10003d8e f i umodsys_lib_lib2d:umodsys.mod.2d.stdlib.obj
 0001:00002d8e       ??1SCMemShared@core@UModSys@@QAE@XZ 10003d8e f i plugin_test1.obj
 0001:00002d8e       ??1SMemShared@core@UModSys@@QAE@XZ 10003d8e f i plugin_test1.obj
 0001:00002d98       ??4State@RImage_Memory@stdlib@lib2d@modules@UModSys@@QAEAAU012345@ABU012345@@Z 10003d98 f i umodsys_lib_lib2d:umodsys.mod.2d.stdlib.obj
 0001:00002de8       ??_GRImage_Memory@stdlib@lib2d@modules@UModSys@@UAEPAXI@Z 10003de8 f i umodsys_lib_lib2d:umodsys.mod.2d.stdlib.obj
 0001:00002de8       ??_ERImage_Memory@stdlib@lib2d@modules@UModSys@@UAEPAXI@Z 10003de8 f i  CIL library: CIL module
 0001:00002e2f       ?get_generated_names@RGenerator@stdlib@lib2d@modules@UModSys@@UBEHAAUSUniquePtrList@core@5@@Z 10003e2f f i umodsys_lib_lib2d:umodsys.mod.2d.stdlib.obj
 0001:00002e48       ?get_generated_types@RGenerator@stdlib@lib2d@modules@UModSys@@UBEHAAUSUniquePtrList@core@5@PBUSUniquePointerInfo@75@@Z 10003e48 f i umodsys_lib_lib2d:umodsys.mod.2d.stdlib.obj
 0001:00002e7a       ?generate@RGenerator@stdlib@lib2d@modules@UModSys@@UAE_NAAU?$TRefObject@UIRefObject@core@UModSys@@U?$TRefObjectFunc@UIRefObject@core@UModSys@@@tl@3@@tl@5@PBUSUniquePointerInfo@core@5@ABUSParameters@95@@Z 10003e7a f i umodsys_lib_lib2d:umodsys.mod.2d.stdlib.obj
 0001:00002e9b       ?root_get_interface_info@RGenerator@stdlib@lib2d@modules@UModSys@@UBEABUSUniquePointerInfo@core@5@XZ 10003e9b f i umodsys_lib_lib2d:umodsys.mod.2d.stdlib.obj
 0001:00002ea1       ?root_get_interface_type@RGenerator@stdlib@lib2d@modules@UModSys@@UBEPBUSUniquePointerInfo@core@5@XZ 10003ea1 f i umodsys_lib_lib2d:umodsys.mod.2d.stdlib.obj
 0001:00002ea7       ?root_get_other_interface@RGenerator@stdlib@lib2d@modules@UModSys@@UAEPAUIRoot@core@5@PBUSUniquePointerInfo@75@@Z 10003ea7 f i umodsys_lib_lib2d:umodsys.mod.2d.stdlib.obj
 0001:00002ea7       ?root_get_other_interface@RGenerator@stdlib@lib2d@modules@UModSys@@UBEPBUIRoot@core@5@PBUSUniquePointerInfo@75@@Z 10003ea7 f i umodsys_lib_lib2d:umodsys.mod.2d.stdlib.obj
 0001:00002ec0       ?root_is_interface_supported@RGenerator@stdlib@lib2d@modules@UModSys@@UBE_NPBUSUniquePointerInfo@core@5@@Z 10003ec0 f i umodsys_lib_lib2d:umodsys.mod.2d.stdlib.obj
 0001:00002edf       ?get_uid@RGenerator@stdlib@lib2d@modules@UModSys@@UBEPBUSUniquePointerInfo@core@5@XZ 10003edf f i umodsys_lib_lib2d:umodsys.mod.2d.stdlib.obj
 0001:00002ee5       ?do_open@RModuleReg@stdlib@lib2d@modules@UModSys@@UAE_NXZ 10003ee5 f i umodsys_lib_lib2d:umodsys.mod.2d.stdlib.obj
 0001:00002f33       ?do_close@RModuleReg@stdlib@lib2d@modules@UModSys@@UAE_NXZ 10003f33 f i umodsys_lib_lib2d:umodsys.mod.2d.stdlib.obj
 0001:00002f6e       ??_GIModuleReg@base@UModSys@@UAEPAXI@Z 10003f6e f i umodsys_lib_base:umodsys.base.modulereg.obj
 0001:00002f6e       ??_GRModuleReg@stdlib@lib2d@modules@UModSys@@UAEPAXI@Z 10003f6e f i umodsys_lib_lib2d:umodsys.mod.2d.stdlib.obj
 0001:00002f6e       ??_GRModuleReg@SDL_core@ui@modules@UModSys@@UAEPAXI@Z 10003f6e f i umodsys_lib_libui:umodsys.mod.ui.SDL_core.obj
 0001:00002f6e       ??_GRModuleReg@frames@ui@modules@UModSys@@UAEPAXI@Z 10003f6e f i umodsys_lib_libui:umodsys.mod.ui.frames.obj
 0001:00002f6e       ??_GRModuleReg@test1@test@modules@UModSys@@UAEPAXI@Z 10003f6e f i plugin_test1.obj
 0001:00002f6e       ??_GRModuleReg@images_std@media@modules@UModSys@@UAEPAXI@Z 10003f6e f i umodsys_lib_libmedia:umodsys.mod.media.images_std.obj
 0001:00002f6e       ??_EIModuleReg@base@UModSys@@UAEPAXI@Z 10003f6e f i  CIL library: CIL module
 0001:00002f6e       ??_ERModuleReg@zlib@media@modules@UModSys@@UAEPAXI@Z 10003f6e f i  CIL library: CIL module
 0001:00002f6e       ??_ERModuleReg@frames@ui@modules@UModSys@@UAEPAXI@Z 10003f6e f i  CIL library: CIL module
 0001:00002f6e       ??_GRModuleReg@zlib@media@modules@UModSys@@UAEPAXI@Z 10003f6e f i umodsys_lib_libmedia:umodsys.mod.media.zlib.obj
 0001:00002f6e       ??_ERModuleReg@test1@test@modules@UModSys@@UAEPAXI@Z 10003f6e f i  CIL library: CIL module
 0001:00002f6e       ??_ERModuleReg@stdlib@lib2d@modules@UModSys@@UAEPAXI@Z 10003f6e f i  CIL library: CIL module
 0001:00002f6e       ??_ERModuleReg@images_std@media@modules@UModSys@@UAEPAXI@Z 10003f6e f i  CIL library: CIL module
 0001:00002f6e       ??_ERModuleReg@serialize_json@media@modules@UModSys@@UAEPAXI@Z 10003f6e f i  CIL library: CIL module
 0001:00002f6e       ??_GRModuleReg@serialize_json@media@modules@UModSys@@UAEPAXI@Z 10003f6e f i umodsys_lib_libmedia:umodsys.mod.media.serialize_json.obj
 0001:00002f6e       ??_ERModuleReg@SDL_core@ui@modules@UModSys@@UAEPAXI@Z 10003f6e f i  CIL library: CIL module
 0001:00002f8b       ?get_module@RGenerator@stdlib@lib2d@modules@UModSys@@UBEPAUIModule@base@5@XZ 10003f8b f   umodsys_lib_lib2d:umodsys.mod.2d.stdlib.obj
 0001:00002f91       ?mod_inc@RGenerator@stdlib@lib2d@modules@UModSys@@UBE_NXZ 10003f91 f   umodsys_lib_lib2d:umodsys.mod.2d.stdlib.obj
 0001:00002f9c       ?mod_dec@RGenerator@stdlib@lib2d@modules@UModSys@@UBE_NXZ 10003f9c f   umodsys_lib_lib2d:umodsys.mod.2d.stdlib.obj
 0001:00002fa7       ?s_holder@RGenerator@stdlib@lib2d@modules@UModSys@@SAAAU?$TTypeStaticHolder@URGenerator@stdlib@lib2d@modules@UModSys@@@tl@5@XZ 10003fa7 f   umodsys_lib_lib2d:umodsys.mod.2d.stdlib.obj
 0001:00002fd9       ??$t_gen_param@URImage_Memory@stdlib@lib2d@modules@UModSys@@URGenerator@2345@@IGenerator@base@UModSys@@IAE_NPAURGenerator@stdlib@lib2d@modules@2@AAU?$TRefObject@UIRefObject@core@UModSys@@U?$TRefObjectFunc@UIRefObject@core@UModSys@@@tl@3@@tl@2@PBUSUniquePointerInfo@core@2@ABUSParameters@core@2@@Z 10003fd9 f i umodsys_lib_lib2d:umodsys.mod.2d.stdlib.obj
 0001:0000306b       ??1?$TRefObject@URFrame_Common@frames@ui@modules@UModSys@@U?$TRefObjectFunc@URFrame_Common@frames@ui@modules@UModSys@@@tl@5@@tl@UModSys@@QAE@XZ 1000406b f i umodsys_lib_libui:umodsys.mod.ui.frames.obj
 0001:0000306b       ??1?$TRefObject@UIMultiImage@lib2d@UModSys@@U?$TRefObjectFunc@UIMultiImage@lib2d@UModSys@@@tl@3@@tl@UModSys@@QAE@XZ 1000406b f i plugin_test1.obj
 0001:0000306b       ??1?$TRefObject@UIRenderDriver@lib2d@UModSys@@U?$TRefObjectFunc@UIRenderDriver@lib2d@UModSys@@@tl@3@@tl@UModSys@@QAE@XZ 1000406b f i plugin_test1.obj
 0001:0000306b       ??1?$TRefObject@UIUtilities@libmedia@UModSys@@U?$TRefObjectFunc@UIUtilities@libmedia@UModSys@@@tl@3@@tl@UModSys@@QAE@XZ 1000406b f i plugin_test1.obj
 0001:0000306b       ??1?$TRefObject@URSerializeWriter@serialize_json@media@modules@UModSys@@U?$TRefObjectFunc@URSerializeWriter@serialize_json@media@modules@UModSys@@@tl@5@@tl@UModSys@@QAE@XZ 1000406b f i umodsys_lib_libmedia:umodsys.mod.media.serialize_json.obj
 0001:0000306b       ??1?$TRefObject@URRenderDriver2D@SDL_core@ui@modules@UModSys@@U?$TRefObjectFunc@URRenderDriver2D@SDL_core@ui@modules@UModSys@@@tl@5@@tl@UModSys@@QAE@XZ 1000406b f i umodsys_lib_libui:umodsys.mod.ui.SDL_core.obj
 0001:0000306b       ??1?$TRefObject@URCollector@frames@ui@modules@UModSys@@U?$TRefObjectFunc@URCollector@frames@ui@modules@UModSys@@@tl@5@@tl@UModSys@@QAE@XZ 1000406b f i umodsys_lib_libui:umodsys.mod.ui.frames.obj
 0001:0000306b       ??1?$TRefObject@UIKeyboardController@libui@UModSys@@U?$TRefObjectFunc@UIKeyboardController@libui@UModSys@@@tl@3@@tl@UModSys@@QAE@XZ 1000406b f i plugin_test1.obj
 0001:0000306b       ??1?$TRefObject@UITerminal@libui@UModSys@@U?$TRefObjectFunc@UITerminal@libui@UModSys@@@tl@3@@tl@UModSys@@QAE@XZ 1000406b f i plugin_test1.obj
 0001:0000306b       ??1?$TRefObject@UILibraryObjCache@libmedia@UModSys@@U?$TRefObjectFunc@UILibraryObjCache@libmedia@UModSys@@@tl@3@@tl@UModSys@@QAE@XZ 1000406b f i plugin_test1.obj
 0001:0000306b       ??1?$TRefObject@UIImage@lib2d@UModSys@@U?$TRefObjectFunc@UIImage@lib2d@UModSys@@@tl@3@@tl@UModSys@@QAE@XZ 1000406b f i plugin_test1.obj
 0001:0000306b       ??1?$TRefObject@URKeyboardController@SDL_core@ui@modules@UModSys@@U?$TRefObjectFunc@URKeyboardController@SDL_core@ui@modules@UModSys@@@tl@5@@tl@UModSys@@QAE@XZ 1000406b f i umodsys_lib_libui:umodsys.mod.ui.SDL_core.obj
 0001:0000306b       ??1?$TRefObject@UIMouseController@libui@UModSys@@U?$TRefObjectFunc@UIMouseController@libui@UModSys@@@tl@3@@tl@UModSys@@QAE@XZ 1000406b f i plugin_test1.obj
 0001:0000306b       ??1?$TRefObject@UILibrary@libmedia@UModSys@@U?$TRefObjectFunc@UILibrary@libmedia@UModSys@@@tl@3@@tl@UModSys@@QAE@XZ 1000406b f i plugin_test1.obj
 0001:0000306b       ??1?$TRefObject@UIFrame@libui@UModSys@@U?$TRefObjectFunc@UIFrame@libui@UModSys@@@tl@3@@tl@UModSys@@QAE@XZ 1000406b f i umodsys_lib_libui:umodsys.mod.ui.frames.obj
 0001:0000306b       ??1?$TRefObject@URBinArchiveFrameClient_ZIP@zlib@media@modules@UModSys@@U?$TRefObjectFunc@URBinArchiveFrameClient_ZIP@zlib@media@modules@UModSys@@@tl@5@@tl@UModSys@@QAE@XZ 1000406b f i umodsys_lib_libmedia:umodsys.mod.media.zlib.obj
 0001:0000306b       ??1?$TRefObject@URMouseController@SDL_core@ui@modules@UModSys@@U?$TRefObjectFunc@URMouseController@SDL_core@ui@modules@UModSys@@@tl@5@@tl@UModSys@@QAE@XZ 1000406b f i umodsys_lib_libui:umodsys.mod.ui.SDL_core.obj
 0001:0000306b       ??1?$TRefObject@UIRefObject@core@UModSys@@U?$TRefObjectFunc@UIRefObject@core@UModSys@@@tl@3@@tl@UModSys@@QAE@XZ 1000406b f i plugin_test1.obj
 0001:0000306b       ??1?$TRefObject@URTerminal@SDL_core@ui@modules@UModSys@@U?$TRefObjectFunc@URTerminal@SDL_core@ui@modules@UModSys@@@tl@5@@tl@UModSys@@QAE@XZ 1000406b f i umodsys_lib_libui:umodsys.mod.ui.SDL_core.obj
 0001:0000306b       ??1?$TRefObject@URImage_Memory@stdlib@lib2d@modules@UModSys@@U?$TRefObjectFunc@URImage_Memory@stdlib@lib2d@modules@UModSys@@@tl@5@@tl@UModSys@@QAE@XZ 1000406b f i umodsys_lib_lib2d:umodsys.mod.2d.stdlib.obj
 0001:0000306b       ??1?$TRefObject@UILibraryBinCache@libmedia@UModSys@@U?$TRefObjectFunc@UILibraryBinCache@libmedia@UModSys@@@tl@3@@tl@UModSys@@QAE@XZ 1000406b f i plugin_test1.obj
 0001:0000306b       ??1?$TRefObject@URMultiImage2D_SDL_ttf@SDL_core@ui@modules@UModSys@@U?$TRefObjectFunc@URMultiImage2D_SDL_ttf@SDL_core@ui@modules@UModSys@@@tl@5@@tl@UModSys@@QAE@XZ 1000406b f i umodsys_lib_libui:umodsys.mod.ui.SDL_core.obj
 0001:0000306b       ??1?$TRefObject@UILibraryObjFilter@libmedia@UModSys@@U?$TRefObjectFunc@UILibraryObjFilter@libmedia@UModSys@@@tl@3@@tl@UModSys@@QAE@XZ 1000406b f i plugin_test1.obj
 0001:0000306b       ??1?$TRefObject@URDialog@frames@ui@modules@UModSys@@U?$TRefObjectFunc@URDialog@frames@ui@modules@UModSys@@@tl@5@@tl@UModSys@@QAE@XZ 1000406b f i umodsys_lib_libui:umodsys.mod.ui.frames.obj
 0001:0000306b       ??1?$TRefObject@URMediaFilter@images_std@media@modules@UModSys@@U?$TRefObjectFunc@URMediaFilter@images_std@media@modules@UModSys@@@tl@5@@tl@UModSys@@QAE@XZ 1000406b f i umodsys_lib_libmedia:umodsys.mod.media.images_std.obj
 0001:0000306b       ??1?$TRefObject@UIBinObjFilter@libmedia@UModSys@@U?$TRefObjectFunc@UIBinObjFilter@libmedia@UModSys@@@tl@3@@tl@UModSys@@QAE@XZ 1000406b f i plugin_test1.obj
 0001:0000306b       ??1?$TRefObject@UIClient@IBinArchiveFrame@libmedia@UModSys@@U?$TRefObjectFunc@UIClient@IBinArchiveFrame@libmedia@UModSys@@@tl@4@@tl@UModSys@@QAE@XZ 1000406b f i plugin_test1.obj
 0001:0000306b       ??1?$TRefObject@UIStreamReader@libmedia@UModSys@@U?$TRefObjectFunc@UIStreamReader@libmedia@UModSys@@@tl@3@@tl@UModSys@@QAE@XZ 1000406b f i plugin_test1.obj
 0001:0000306b       ??1?$TRefObject@UILibraryLayered@libmedia@UModSys@@U?$TRefObjectFunc@UILibraryLayered@libmedia@UModSys@@@tl@3@@tl@UModSys@@QAE@XZ 1000406b f i plugin_test1.obj
 0001:0000306b       ??1?$TRefObject@UIStreamWriter@libmedia@UModSys@@U?$TRefObjectFunc@UIStreamWriter@libmedia@UModSys@@@tl@3@@tl@UModSys@@QAE@XZ 1000406b f i plugin_test1.obj
 0001:0000306b       ??1?$TRefObject@UILibraryBinTree@libmedia@UModSys@@U?$TRefObjectFunc@UILibraryBinTree@libmedia@UModSys@@@tl@3@@tl@UModSys@@QAE@XZ 1000406b f i plugin_test1.obj
 0001:0000306b       ??1?$TRefObject@URSerializeReader@serialize_json@media@modules@UModSys@@U?$TRefObjectFunc@URSerializeReader@serialize_json@media@modules@UModSys@@@tl@5@@tl@UModSys@@QAE@XZ 1000406b f i umodsys_lib_libmedia:umodsys.mod.media.serialize_json.obj
 0001:0000306b       ??1?$TRefObject@UIBinArchiveFrame@libmedia@UModSys@@U?$TRefObjectFunc@UIBinArchiveFrame@libmedia@UModSys@@@tl@3@@tl@UModSys@@QAE@XZ 1000406b f i plugin_test1.obj
 0001:0000306b       ??1?$TRefObject@UIBinArchive@libmedia@UModSys@@U?$TRefObjectFunc@UIBinArchive@libmedia@UModSys@@@tl@3@@tl@UModSys@@QAE@XZ 1000406b f i plugin_test1.obj
 0001:0000307a       ?remove@WeakPointer@IRefObject@core@UModSys@@QAEXXZ 1000407a f i umodsys_lib_libui:umodsys.mod.ui.SDL_core.obj
 0001:000030a0       ?get@SParameters@core@UModSys@@QBE_NPBDAAPBD@Z 100040a0 f i umodsys_lib_libui:umodsys.mod.ui.SDL_core.obj
 0001:000030bb       ?get@SParameters@core@UModSys@@QBE_NPBDAAH@Z 100040bb f i umodsys_lib_libui:umodsys.mod.ui.SDL_core.obj
 0001:000030d6       ?root_get_interface_info@RMultiImage2D_SDL_ttf@SDL_core@ui@modules@UModSys@@UBEABUSUniquePointerInfo@core@5@XZ 100040d6 f i umodsys_lib_libui:umodsys.mod.ui.SDL_core.obj
 0001:000030dc       ?root_get_interface_type@RMultiImage2D_SDL_ttf@SDL_core@ui@modules@UModSys@@UBEPBUSUniquePointerInfo@core@5@XZ 100040dc f i umodsys_lib_libui:umodsys.mod.ui.SDL_core.obj
 0001:000030e2       ?root_get_other_interface@RMultiImage2D_SDL_ttf@SDL_core@ui@modules@UModSys@@UAEPAUIRoot@core@5@PBUSUniquePointerInfo@75@@Z 100040e2 f i umodsys_lib_libui:umodsys.mod.ui.SDL_core.obj
 0001:000030e2       ?root_get_other_interface@RMultiImage2D_SDL_ttf@SDL_core@ui@modules@UModSys@@UBEPBUIRoot@core@5@PBUSUniquePointerInfo@75@@Z 100040e2 f i umodsys_lib_libui:umodsys.mod.ui.SDL_core.obj
 0001:00003103       ?root_is_interface_supported@RMultiImage2D_SDL_ttf@SDL_core@ui@modules@UModSys@@UBE_NPBUSUniquePointerInfo@core@5@@Z 10004103 f i umodsys_lib_libui:umodsys.mod.ui.SDL_core.obj
 0001:0000312a       ?suicide@RDialog@frames@ui@modules@UModSys@@UAEXXZ 1000412a f i umodsys_lib_libui:umodsys.mod.ui.frames.obj
 0001:0000312a       ?suicide@RMouseController@SDL_core@ui@modules@UModSys@@UAEXXZ 1000412a f i umodsys_lib_libui:umodsys.mod.ui.SDL_core.obj
 0001:0000312a       ?suicide@RMultiImage2D_SDL_ttf@SDL_core@ui@modules@UModSys@@UAEXXZ 1000412a f i umodsys_lib_libui:umodsys.mod.ui.SDL_core.obj
 0001:0000312a       ?suicide@RKeyboardController@SDL_core@ui@modules@UModSys@@UAEXXZ 1000412a f i umodsys_lib_libui:umodsys.mod.ui.SDL_core.obj
 0001:0000312a       ?suicide@RRenderDriver2D@SDL_core@ui@modules@UModSys@@UAEXXZ 1000412a f i umodsys_lib_libui:umodsys.mod.ui.SDL_core.obj
 0001:0000316a       ??0RMultiImage2D_SDL_ttf@SDL_core@ui@modules@UModSys@@QAE@PAURRenderDriver2D@1234@ABUSParameters@core@4@@Z 1000416a f i umodsys_lib_libui:umodsys.mod.ui.SDL_core.obj
 0001:000031ce       ?open@RMultiImage2D_SDL_ttf@SDL_core@ui@modules@UModSys@@QAE_NABUSParameters@core@5@@Z 100041ce f i umodsys_lib_libui:umodsys.mod.ui.SDL_core.obj
 0001:0000326c       ?generate_glyphs@RMultiImage2D_SDL_ttf@SDL_core@ui@modules@UModSys@@QAE_NXZ 1000426c f i umodsys_lib_libui:umodsys.mod.ui.SDL_core.obj
 0001:000033fd       ??_GRMultiImage2D_SDL_ttf@SDL_core@ui@modules@UModSys@@UAEPAXI@Z 100043fd f i umodsys_lib_libui:umodsys.mod.ui.SDL_core.obj
 0001:000033fd       ??_ERMultiImage2D_SDL_ttf@SDL_core@ui@modules@UModSys@@UAEPAXI@Z 100043fd f i  CIL library: CIL module
 0001:00003465       ?root_get_interface_info@RRenderDriver2D@SDL_core@ui@modules@UModSys@@UBEABUSUniquePointerInfo@core@5@XZ 10004465 f i umodsys_lib_libui:umodsys.mod.ui.SDL_core.obj
 0001:0000346b       ?root_get_interface_type@RRenderDriver2D@SDL_core@ui@modules@UModSys@@UBEPBUSUniquePointerInfo@core@5@XZ 1000446b f i umodsys_lib_libui:umodsys.mod.ui.SDL_core.obj
 0001:00003471       ?root_get_other_interface@RRenderDriver2D@SDL_core@ui@modules@UModSys@@UAEPAUIRoot@core@5@PBUSUniquePointerInfo@75@@Z 10004471 f i umodsys_lib_libui:umodsys.mod.ui.SDL_core.obj
 0001:00003471       ?root_get_other_interface@RRenderDriver2D@SDL_core@ui@modules@UModSys@@UBEPBUIRoot@core@5@PBUSUniquePointerInfo@75@@Z 10004471 f i umodsys_lib_libui:umodsys.mod.ui.SDL_core.obj
 0001:00003492       ?root_is_interface_supported@RRenderDriver2D@SDL_core@ui@modules@UModSys@@UBE_NPBUSUniquePointerInfo@core@5@@Z 10004492 f i umodsys_lib_libui:umodsys.mod.ui.SDL_core.obj
 0001:000034b9       ??0RRenderDriver2D@SDL_core@ui@modules@UModSys@@QAE@PAURTerminal@1234@ABUSParameters@core@4@@Z 100044b9 f i umodsys_lib_libui:umodsys.mod.ui.SDL_core.obj
 0001:0000355c       ?close@RRenderDriver2D@SDL_core@ui@modules@UModSys@@QAEXXZ 1000455c f i umodsys_lib_libui:umodsys.mod.ui.SDL_core.obj
 0001:00003581       ?open@RRenderDriver2D@SDL_core@ui@modules@UModSys@@QAE_NABUSParameters@core@5@@Z 10004581 f i umodsys_lib_libui:umodsys.mod.ui.SDL_core.obj
 0001:000036ba       ?set_color@RRenderDriver2D@SDL_core@ui@modules@UModSys@@QAEXXZ 100046ba f i umodsys_lib_libui:umodsys.mod.ui.SDL_core.obj
 0001:0000371d       ?get_layer@RMultiImage2D_SDL_ttf@SDL_core@ui@modules@UModSys@@UAEPAUIImage@lib2d@5@H@Z 1000471d f i umodsys_lib_libui:umodsys.mod.ui.SDL_core.obj
 0001:0000371d       ?get_controller@RRenderDriver2D@SDL_core@ui@modules@UModSys@@UBEPAUIRefObject@core@5@PBUSUniquePointerInfo@75@@Z 1000471d f i umodsys_lib_libui:umodsys.mod.ui.SDL_core.obj
 0001:0000371d       ?get_hwcinfo@RImage_Memory@stdlib@lib2d@modules@UModSys@@UBEPBXPBUSUniquePointerInfo@core@5@@Z 1000471d f i umodsys_lib_lib2d:umodsys.mod.2d.stdlib.obj
 0001:0000371d       ?get_hwinfo@RImage_Memory@stdlib@lib2d@modules@UModSys@@UAEPAXPBUSUniquePointerInfo@core@5@@Z 1000471d f i umodsys_lib_lib2d:umodsys.mod.2d.stdlib.obj
 0001:00003722       ?begin@RRenderDriver2D@SDL_core@ui@modules@UModSys@@UAEXXZ 10004722 f i umodsys_lib_libui:umodsys.mod.ui.SDL_core.obj
 0001:0000377f       ?end@RRenderDriver2D@SDL_core@ui@modules@UModSys@@UAEXXZ 1000477f f i umodsys_lib_libui:umodsys.mod.ui.SDL_core.obj
 0001:0000378e       ?get_max_values@RRenderDriver2D@SDL_core@ui@modules@UModSys@@UBEPBUSParameters@core@5@XZ 1000478e f i umodsys_lib_libui:umodsys.mod.ui.SDL_core.obj
 0001:00003792       ?get_frame_values@RRenderDriver2D@SDL_core@ui@modules@UModSys@@UBEPBUSParameters@core@5@XZ 10004792 f i umodsys_lib_libui:umodsys.mod.ui.SDL_core.obj
 0001:00003799       ?setup_font@RRenderDriver2D@SDL_core@ui@modules@UModSys@@UAE_NPAUIMultiImage@lib2d@5@PBU?$TVector2@M@math3d@5@@Z 10004799 f i umodsys_lib_libui:umodsys.mod.ui.SDL_core.obj
 0001:000037eb       ?setup_color@RRenderDriver2D@SDL_core@ui@modules@UModSys@@UAEXABU?$TVector3@M@math3d@5@@Z 100047eb f i umodsys_lib_libui:umodsys.mod.ui.SDL_core.obj
 0001:00003812       ?setup_color@RRenderDriver2D@SDL_core@ui@modules@UModSys@@UAEXABU?$TVector3@H@math3d@5@@Z 10004812 f i umodsys_lib_libui:umodsys.mod.ui.SDL_core.obj
 0001:00003855       ?setup_coloralpha@RRenderDriver2D@SDL_core@ui@modules@UModSys@@UAEXABU?$TVector4@M@math3d@5@H@Z 10004855 f i umodsys_lib_libui:umodsys.mod.ui.SDL_core.obj
 0001:0000387b       ?setup_coloralpha@RRenderDriver2D@SDL_core@ui@modules@UModSys@@UAEXABU?$TVector4@H@math3d@5@H@Z 1000487b f i umodsys_lib_libui:umodsys.mod.ui.SDL_core.obj
 0001:000038d3       ?setup_blendcolor@RRenderDriver2D@SDL_core@ui@modules@UModSys@@UAEXABUSBlendColor@lib2d@5@@Z 100048d3 f i umodsys_lib_libui:umodsys.mod.ui.SDL_core.obj
 0001:0000392b       ?setup_blendcolor@RRenderDriver2D@SDL_core@ui@modules@UModSys@@UAEXABUSBlendColorf@lib2d@5@@Z 1000492b f i umodsys_lib_libui:umodsys.mod.ui.SDL_core.obj
 0001:0000396d       ?setup_alpha@RRenderDriver2D@SDL_core@ui@modules@UModSys@@UAEXHH@Z 1000496d f i umodsys_lib_libui:umodsys.mod.ui.SDL_core.obj
 0001:00003993       ?setup_alpha@RRenderDriver2D@SDL_core@ui@modules@UModSys@@UAEXMH@Z 10004993 f i umodsys_lib_libui:umodsys.mod.ui.SDL_core.obj
 0001:000039b3       ?render_text_advanced@RRenderDriver2D@SDL_core@ui@modules@UModSys@@UAE_NAAUTextInfo@IRenderDriver@lib2d@5@PBHH@Z 100049b3 f i umodsys_lib_libui:umodsys.mod.ui.SDL_core.obj
 0001:00003b67       ?render_box@RRenderDriver2D@SDL_core@ui@modules@UModSys@@UAEXABU?$TVector2@H@math3d@5@0@Z 10004b67 f i umodsys_lib_libui:umodsys.mod.ui.SDL_core.obj
 0001:00003bb4       ?render_tri@RRenderDriver2D@SDL_core@ui@modules@UModSys@@UAEXABU?$TVector2@H@math3d@5@00@Z 10004bb4 f i umodsys_lib_libui:umodsys.mod.ui.SDL_core.obj
 0001:00003c08       ?render_quad@RRenderDriver2D@SDL_core@ui@modules@UModSys@@UAEXABU?$TVector2@H@math3d@5@000@Z 10004c08 f i umodsys_lib_libui:umodsys.mod.ui.SDL_core.obj
 0001:00003c6a       ?render_box@RRenderDriver2D@SDL_core@ui@modules@UModSys@@UAEXPAUIImage@lib2d@5@ABU?$TVector2@H@math3d@5@1ABU?$TVector2@M@95@2@Z 10004c6a f i umodsys_lib_libui:umodsys.mod.ui.SDL_core.obj
 0001:00003c6d       ?render_line@RRenderDriver2D@SDL_core@ui@modules@UModSys@@UAEXABU?$TVector2@H@math3d@5@0@Z 10004c6d f i umodsys_lib_libui:umodsys.mod.ui.SDL_core.obj
 0001:00003c92       ?render_rect@RRenderDriver2D@SDL_core@ui@modules@UModSys@@UAEXABU?$TVector2@H@math3d@5@0@Z 10004c92 f i umodsys_lib_libui:umodsys.mod.ui.SDL_core.obj
 0001:00003cdf       ??_ERRenderDriver2D@SDL_core@ui@modules@UModSys@@UAEPAXI@Z 10004cdf f i  CIL library: CIL module
 0001:00003cdf       ??_GRRenderDriver2D@SDL_core@ui@modules@UModSys@@UAEPAXI@Z 10004cdf f i umodsys_lib_libui:umodsys.mod.ui.SDL_core.obj
 0001:00003d56       ?root_get_interface_info@RMouseController@SDL_core@ui@modules@UModSys@@UBEABUSUniquePointerInfo@core@5@XZ 10004d56 f i umodsys_lib_libui:umodsys.mod.ui.SDL_core.obj
 0001:00003d5c       ?root_get_interface_type@RMouseController@SDL_core@ui@modules@UModSys@@UBEPBUSUniquePointerInfo@core@5@XZ 10004d5c f i umodsys_lib_libui:umodsys.mod.ui.SDL_core.obj
 0001:00003d62       ?root_get_other_interface@RMouseController@SDL_core@ui@modules@UModSys@@UAEPAUIRoot@core@5@PBUSUniquePointerInfo@75@@Z 10004d62 f i umodsys_lib_libui:umodsys.mod.ui.SDL_core.obj
 0001:00003d62       ?root_get_other_interface@RMouseController@SDL_core@ui@modules@UModSys@@UBEPBUIRoot@core@5@PBUSUniquePointerInfo@75@@Z 10004d62 f i umodsys_lib_libui:umodsys.mod.ui.SDL_core.obj
 0001:00003d83       ?root_is_interface_supported@RMouseController@SDL_core@ui@modules@UModSys@@UBE_NPBUSUniquePointerInfo@core@5@@Z 10004d83 f i umodsys_lib_libui:umodsys.mod.ui.SDL_core.obj
 0001:00003daa       ??0RMouseController@SDL_core@ui@modules@UModSys@@QAE@PAURTerminal@1234@ABUSParameters@core@4@@Z 10004daa f i umodsys_lib_libui:umodsys.mod.ui.SDL_core.obj
 0001:00003df8       ?process@RMouseController@SDL_core@ui@modules@UModSys@@QAE_NAAUSDL_MouseMotionEvent@@@Z 10004df8 f i umodsys_lib_libui:umodsys.mod.ui.SDL_core.obj
 0001:00003edf       ?process@RMouseController@SDL_core@ui@modules@UModSys@@QAE_NAAUSDL_MouseButtonEvent@@@Z 10004edf f i umodsys_lib_libui:umodsys.mod.ui.SDL_core.obj
 0001:00003fa6       ?process@RMouseController@SDL_core@ui@modules@UModSys@@QAE_NAAUSDL_MouseWheelEvent@@@Z 10004fa6 f i umodsys_lib_libui:umodsys.mod.ui.SDL_core.obj
 0001:00004047       ?mouse_link@RMouseController@SDL_core@ui@modules@UModSys@@UAE_NHPAUIRefObject@core@5@PAUIMouseClient@libui@5@H@Z 10005047 f i umodsys_lib_libui:umodsys.mod.ui.SDL_core.obj
 0001:00004086       ??_ERMouseController@SDL_core@ui@modules@UModSys@@UAEPAXI@Z 10005086 f i  CIL library: CIL module
 0001:00004086       ??_GRMouseController@SDL_core@ui@modules@UModSys@@UAEPAXI@Z 10005086 f i umodsys_lib_libui:umodsys.mod.ui.SDL_core.obj
 0001:000040dc       ?root_get_interface_info@RKeyboardController@SDL_core@ui@modules@UModSys@@UBEABUSUniquePointerInfo@core@5@XZ 100050dc f i umodsys_lib_libui:umodsys.mod.ui.SDL_core.obj
 0001:000040e2       ?root_get_interface_type@RKeyboardController@SDL_core@ui@modules@UModSys@@UBEPBUSUniquePointerInfo@core@5@XZ 100050e2 f i umodsys_lib_libui:umodsys.mod.ui.SDL_core.obj
 0001:000040e8       ?root_get_interface_types@RBinArchiveFrameClient_ZIP@zlib@media@modules@UModSys@@UBEIAAUSUniquePtrList@core@5@@Z 100050e8 f i umodsys_lib_libmedia:umodsys.mod.media.zlib.obj
 0001:000040e8       ?root_get_interface_types@RFrame_Edit@frames@ui@modules@UModSys@@UBEIAAUSUniquePtrList@core@5@@Z 100050e8 f i umodsys_lib_libui:umodsys.mod.ui.frames.obj
 0001:000040e8       ?root_get_interface_types@RTest1_Shell@test1@test@modules@UModSys@@UBEIAAUSUniquePtrList@core@5@@Z 100050e8 f i plugin_test1.obj
 0001:000040e8       ?root_get_interface_types@RGenerator@serialize_json@media@modules@UModSys@@UBEIAAUSUniquePtrList@core@5@@Z 100050e8 f i umodsys_lib_libmedia:umodsys.mod.media.serialize_json.obj
 0001:000040e8       ?root_get_interface_types@RCollector@frames@ui@modules@UModSys@@UBEIAAUSUniquePtrList@core@5@@Z 100050e8 f i umodsys_lib_libui:umodsys.mod.ui.frames.obj
 0001:000040e8       ?root_get_interface_types@RMouseController@SDL_core@ui@modules@UModSys@@UBEIAAUSUniquePtrList@core@5@@Z 100050e8 f i umodsys_lib_libui:umodsys.mod.ui.SDL_core.obj
 0001:000040e8       ?root_get_interface_types@RGenerator@SDL_core@ui@modules@UModSys@@UBEIAAUSUniquePtrList@core@5@@Z 100050e8 f i umodsys_lib_libui:umodsys.mod.ui.SDL_core.obj
 0001:000040e8       ?root_get_interface_types@RTerminal@SDL_core@ui@modules@UModSys@@UBEIAAUSUniquePtrList@core@5@@Z 100050e8 f i umodsys_lib_libui:umodsys.mod.ui.SDL_core.obj
 0001:000040e8       ?root_get_interface_types@RImage_Memory@stdlib@lib2d@modules@UModSys@@UBEIAAUSUniquePtrList@core@5@@Z 100050e8 f i umodsys_lib_lib2d:umodsys.mod.2d.stdlib.obj
 0001:000040e8       ?root_get_interface_types@RFrame_Button@frames@ui@modules@UModSys@@UBEIAAUSUniquePtrList@core@5@@Z 100050e8 f i umodsys_lib_libui:umodsys.mod.ui.frames.obj
 0001:000040e8       ?root_get_interface_types@RSerializeReader@serialize_json@media@modules@UModSys@@UBEIAAUSUniquePtrList@core@5@@Z 100050e8 f i umodsys_lib_libmedia:umodsys.mod.media.serialize_json.obj
 0001:000040e8       ?root_get_interface_types@RKeyboardController@SDL_core@ui@modules@UModSys@@UBEIAAUSUniquePtrList@core@5@@Z 100050e8 f i umodsys_lib_libui:umodsys.mod.ui.SDL_core.obj
 0001:000040e8       ?root_get_interface_types@RMultiImage2D_SDL_ttf@SDL_core@ui@modules@UModSys@@UBEIAAUSUniquePtrList@core@5@@Z 100050e8 f i umodsys_lib_libui:umodsys.mod.ui.SDL_core.obj
 0001:000040e8       ?root_get_interface_types@RRenderDriver2D@SDL_core@ui@modules@UModSys@@UBEIAAUSUniquePtrList@core@5@@Z 100050e8 f i umodsys_lib_libui:umodsys.mod.ui.SDL_core.obj
 0001:000040e8       ?root_get_interface_types@RMediaFilter@images_std@media@modules@UModSys@@UBEIAAUSUniquePtrList@core@5@@Z 100050e8 f i umodsys_lib_libmedia:umodsys.mod.media.images_std.obj
 0001:000040e8       ?root_get_interface_types@RGenerator@stdlib@lib2d@modules@UModSys@@UBEIAAUSUniquePtrList@core@5@@Z 100050e8 f i umodsys_lib_lib2d:umodsys.mod.2d.stdlib.obj
 0001:000040e8       ?root_get_interface_types@RSerializeWriter@serialize_json@media@modules@UModSys@@UBEIAAUSUniquePtrList@core@5@@Z 100050e8 f i umodsys_lib_libmedia:umodsys.mod.media.serialize_json.obj
 0001:000040e8       ?root_get_interface_types@RGenerator@frames@ui@modules@UModSys@@UBEIAAUSUniquePtrList@core@5@@Z 100050e8 f i umodsys_lib_libui:umodsys.mod.ui.frames.obj
 0001:000040e8       ?root_get_interface_types@RGenerator@images_std@media@modules@UModSys@@UBEIAAUSUniquePtrList@core@5@@Z 100050e8 f i umodsys_lib_libmedia:umodsys.mod.media.images_std.obj
 0001:000040e8       ?root_get_interface_types@RFrame_List@frames@ui@modules@UModSys@@UBEIAAUSUniquePtrList@core@5@@Z 100050e8 f i umodsys_lib_libui:umodsys.mod.ui.frames.obj
 0001:000040e8       ?root_get_interface_types@RFrame_Image@frames@ui@modules@UModSys@@UBEIAAUSUniquePtrList@core@5@@Z 100050e8 f i umodsys_lib_libui:umodsys.mod.ui.frames.obj
 0001:000040e8       ?root_get_interface_types@RDialog@frames@ui@modules@UModSys@@UBEIAAUSUniquePtrList@core@5@@Z 100050e8 f i umodsys_lib_libui:umodsys.mod.ui.frames.obj
 0001:000040e8       ?root_get_interface_types@RGenerator@zlib@media@modules@UModSys@@UBEIAAUSUniquePtrList@core@5@@Z 100050e8 f i umodsys_lib_libmedia:umodsys.mod.media.zlib.obj
 0001:000040e8       ?root_get_interface_types@RFrame_Text@frames@ui@modules@UModSys@@UBEIAAUSUniquePtrList@core@5@@Z 100050e8 f i umodsys_lib_libui:umodsys.mod.ui.frames.obj
 0001:000040e8       ?root_get_interface_types@RGenerator@test1@test@modules@UModSys@@UBEIAAUSUniquePtrList@core@5@@Z 100050e8 f i plugin_test1.obj
 0001:000040e8       ?root_get_interface_types@RFrame_Frame@frames@ui@modules@UModSys@@UBEIAAUSUniquePtrList@core@5@@Z 100050e8 f i umodsys_lib_libui:umodsys.mod.ui.frames.obj
 0001:000040ed       ?root_get_other_interface@RKeyboardController@SDL_core@ui@modules@UModSys@@UBEPBUIRoot@core@5@PBUSUniquePointerInfo@75@@Z 100050ed f i umodsys_lib_libui:umodsys.mod.ui.SDL_core.obj
 0001:000040ed       ?root_get_other_interface@RKeyboardController@SDL_core@ui@modules@UModSys@@UAEPAUIRoot@core@5@PBUSUniquePointerInfo@75@@Z 100050ed f i umodsys_lib_libui:umodsys.mod.ui.SDL_core.obj
 0001:0000410e       ?root_is_interface_supported@RKeyboardController@SDL_core@ui@modules@UModSys@@UBE_NPBUSUniquePointerInfo@core@5@@Z 1000510e f i umodsys_lib_libui:umodsys.mod.ui.SDL_core.obj
 0001:00004135       ??0RKeyboardController@SDL_core@ui@modules@UModSys@@QAE@PAURTerminal@1234@ABUSParameters@core@4@@Z 10005135 f i umodsys_lib_libui:umodsys.mod.ui.SDL_core.obj
 0001:00004183       ?process@RKeyboardController@SDL_core@ui@modules@UModSys@@QAE_NAAUSDL_KeyboardEvent@@@Z 10005183 f i umodsys_lib_libui:umodsys.mod.ui.SDL_core.obj
 0001:00004224       ?process@RKeyboardController@SDL_core@ui@modules@UModSys@@QAE_NAAUSDL_TextInputEvent@@@Z 10005224 f i umodsys_lib_libui:umodsys.mod.ui.SDL_core.obj
 0001:000042c9       ?map_keycode@RKeyboardController@SDL_core@ui@modules@UModSys@@QAE?AW4eKeyCode@libui@5@H@Z 100052c9 f i umodsys_lib_libui:umodsys.mod.ui.SDL_core.obj
 0001:00004744       ?map_keyspecial@RKeyboardController@SDL_core@ui@modules@UModSys@@QAEFG@Z 10005744 f i umodsys_lib_libui:umodsys.mod.ui.SDL_core.obj
 0001:000047b7       ?key_unlink@RKeyboardController@SDL_core@ui@modules@UModSys@@UAE_NH@Z 100057b7 f i umodsys_lib_libui:umodsys.mod.ui.SDL_core.obj
 0001:000047b7       ?mouse_unlink@RMouseController@SDL_core@ui@modules@UModSys@@UAE_NH@Z 100057b7 f i umodsys_lib_libui:umodsys.mod.ui.SDL_core.obj
 0001:00004816       ?key_link@RKeyboardController@SDL_core@ui@modules@UModSys@@UAE_NHPAUIRefObject@core@5@PAUIKeyboardClient@libui@5@@Z 10005816 f i umodsys_lib_libui:umodsys.mod.ui.SDL_core.obj
 0001:0000484e       ?command_draw@RTest1_Shell@test1@test@modules@UModSys@@UAE_NABUSController@libui@5@PAUIRenderDriver@lib2d@5@ABU?$TBoundBox2@H@math3d@5@@Z 1000584e f i plugin_test1.obj
 0001:0000484e       ?get_cell_size@RMultiImage2D_SDL_ttf@SDL_core@ui@modules@UModSys@@UAE_NHAAU?$TVector2@H@math3d@5@PAU675@@Z 1000584e f i umodsys_lib_libui:umodsys.mod.ui.SDL_core.obj
 0001:0000484e       ?key_setmodifier@RKeyboardController@SDL_core@ui@modules@UModSys@@UAE_NHHH@Z 1000584e f i umodsys_lib_libui:umodsys.mod.ui.SDL_core.obj
 0001:0000484e       ?set_var_cell@RMultiImage2D_SDL_ttf@SDL_core@ui@modules@UModSys@@UAE_NPBUSImageCellInfo@lib2d@5@HH@Z 1000584e f i umodsys_lib_libui:umodsys.mod.ui.SDL_core.obj
 0001:00004853       ?key_reset@RKeyboardController@SDL_core@ui@modules@UModSys@@UAE_NXZ 10005853 f i umodsys_lib_libui:umodsys.mod.ui.SDL_core.obj
 0001:00004853       ?mouse_reset@RMouseController@SDL_core@ui@modules@UModSys@@UAE_NXZ 10005853 f i umodsys_lib_libui:umodsys.mod.ui.SDL_core.obj
 0001:00004856       ?key_setvisible@RKeyboardController@SDL_core@ui@modules@UModSys@@UAE_N_N@Z 10005856 f i umodsys_lib_libui:umodsys.mod.ui.SDL_core.obj
 0001:0000486e       ??_GRKeyboardController@SDL_core@ui@modules@UModSys@@UAEPAXI@Z 1000586e f i umodsys_lib_libui:umodsys.mod.ui.SDL_core.obj
 0001:0000486e       ??_ERKeyboardController@SDL_core@ui@modules@UModSys@@UAEPAXI@Z 1000586e f i  CIL library: CIL module
 0001:000048c4       ?root_get_interface_info@RTerminal@SDL_core@ui@modules@UModSys@@UBEABUSUniquePointerInfo@core@5@XZ 100058c4 f i umodsys_lib_libui:umodsys.mod.ui.SDL_core.obj
 0001:000048ca       ?root_get_interface_type@RTerminal@SDL_core@ui@modules@UModSys@@UBEPBUSUniquePointerInfo@core@5@XZ 100058ca f i umodsys_lib_libui:umodsys.mod.ui.SDL_core.obj
 0001:000048d0       ?root_get_other_interface@RTerminal@SDL_core@ui@modules@UModSys@@UAEPAUIRoot@core@5@PBUSUniquePointerInfo@75@@Z 100058d0 f i umodsys_lib_libui:umodsys.mod.ui.SDL_core.obj
 0001:000048d0       ?root_get_other_interface@RTerminal@SDL_core@ui@modules@UModSys@@UBEPBUIRoot@core@5@PBUSUniquePointerInfo@75@@Z 100058d0 f i umodsys_lib_libui:umodsys.mod.ui.SDL_core.obj
 0001:000048f1       ?root_is_interface_supported@RTerminal@SDL_core@ui@modules@UModSys@@UBE_NPBUSUniquePointerInfo@core@5@@Z 100058f1 f i umodsys_lib_libui:umodsys.mod.ui.SDL_core.obj
 0001:00004918       ?ref_weak@RGenerator@frames@ui@modules@UModSys@@UBE_NAAUWeakPointer@IRefObject@core@5@@Z 10005918 f i umodsys_lib_libui:umodsys.mod.ui.frames.obj
 0001:00004918       ?ref_weak@RImage_Memory@stdlib@lib2d@modules@UModSys@@UBE_NAAUWeakPointer@IRefObject@core@5@@Z 10005918 f i umodsys_lib_lib2d:umodsys.mod.2d.stdlib.obj
 0001:00004918       ?ref_weak@RGenerator@stdlib@lib2d@modules@UModSys@@UBE_NAAUWeakPointer@IRefObject@core@5@@Z 10005918 f i umodsys_lib_lib2d:umodsys.mod.2d.stdlib.obj
 0001:00004918       ?ref_weak@RKeyboardController@SDL_core@ui@modules@UModSys@@UBE_NAAUWeakPointer@IRefObject@core@5@@Z 10005918 f i umodsys_lib_libui:umodsys.mod.ui.SDL_core.obj
 0001:00004918       ?ref_weak@RGenerator@serialize_json@media@modules@UModSys@@UBE_NAAUWeakPointer@IRefObject@core@5@@Z 10005918 f i umodsys_lib_libmedia:umodsys.mod.media.serialize_json.obj
 0001:00004918       ?ref_weak@RDialog@frames@ui@modules@UModSys@@UBE_NAAUWeakPointer@IRefObject@core@5@@Z 10005918 f i umodsys_lib_libui:umodsys.mod.ui.frames.obj
 0001:00004918       ?ref_weak@RTerminal@SDL_core@ui@modules@UModSys@@UBE_NAAUWeakPointer@IRefObject@core@5@@Z 10005918 f i umodsys_lib_libui:umodsys.mod.ui.SDL_core.obj
 0001:00004918       ?ref_weak@RGenerator@zlib@media@modules@UModSys@@UBE_NAAUWeakPointer@IRefObject@core@5@@Z 10005918 f i umodsys_lib_libmedia:umodsys.mod.media.zlib.obj
 0001:00004918       ?ref_weak@RGenerator@SDL_core@ui@modules@UModSys@@UBE_NAAUWeakPointer@IRefObject@core@5@@Z 10005918 f i umodsys_lib_libui:umodsys.mod.ui.SDL_core.obj
 0001:00004918       ?ref_weak@RMouseController@SDL_core@ui@modules@UModSys@@UBE_NAAUWeakPointer@IRefObject@core@5@@Z 10005918 f i umodsys_lib_libui:umodsys.mod.ui.SDL_core.obj
 0001:00004918       ?ref_weak@RRenderDriver2D@SDL_core@ui@modules@UModSys@@UBE_NAAUWeakPointer@IRefObject@core@5@@Z 10005918 f i umodsys_lib_libui:umodsys.mod.ui.SDL_core.obj
 0001:00004918       ?ref_weak@RSerializeReader@serialize_json@media@modules@UModSys@@UBE_NAAUWeakPointer@IRefObject@core@5@@Z 10005918 f i umodsys_lib_libmedia:umodsys.mod.media.serialize_json.obj
 0001:00004918       ?ref_weak@RBinArchiveFrameClient_ZIP@zlib@media@modules@UModSys@@UBE_NAAUWeakPointer@IRefObject@core@5@@Z 10005918 f i umodsys_lib_libmedia:umodsys.mod.media.zlib.obj
 0001:00004918       ?ref_weak@RMultiImage2D_SDL_ttf@SDL_core@ui@modules@UModSys@@UBE_NAAUWeakPointer@IRefObject@core@5@@Z 10005918 f i umodsys_lib_libui:umodsys.mod.ui.SDL_core.obj
 0001:00004918       ?ref_weak@RGenerator@test1@test@modules@UModSys@@UBE_NAAUWeakPointer@IRefObject@core@5@@Z 10005918 f i plugin_test1.obj
 0001:00004918       ?ref_weak@RGenerator@images_std@media@modules@UModSys@@UBE_NAAUWeakPointer@IRefObject@core@5@@Z 10005918 f i umodsys_lib_libmedia:umodsys.mod.media.images_std.obj
 0001:00004937       ??0RTerminal@SDL_core@ui@modules@UModSys@@QAE@PAUIModObject@base@4@ABUSParameters@core@4@@Z 10005937 f i umodsys_lib_libui:umodsys.mod.ui.SDL_core.obj
 0001:000049aa       ?poll_events@RTerminal@SDL_core@ui@modules@UModSys@@UAE_NH@Z 100059aa f i umodsys_lib_libui:umodsys.mod.ui.SDL_core.obj
 0001:00004ace       ?get_terminal_state@RTerminal@SDL_core@ui@modules@UModSys@@UAE_NW4eTerminalState@libui@5@@Z 10005ace f i umodsys_lib_libui:umodsys.mod.ui.SDL_core.obj
 0001:00004ae7       ?set_terminal_state@RTerminal@SDL_core@ui@modules@UModSys@@UAE_NW4eTerminalState@libui@5@_N@Z 10005ae7 f i umodsys_lib_libui:umodsys.mod.ui.SDL_core.obj
 0001:00004b41       ?get_clock@RTerminal@SDL_core@ui@modules@UModSys@@UAENXZ 10005b41 f i umodsys_lib_libui:umodsys.mod.ui.SDL_core.obj
 0001:00004b59       ?wait@RTerminal@SDL_core@ui@modules@UModSys@@UAE_NM@Z 10005b59 f i umodsys_lib_libui:umodsys.mod.ui.SDL_core.obj
 0001:00004b74       ?get_count@RTerminal@SDL_core@ui@modules@UModSys@@UBEIPBUSUniquePointerInfo@core@5@@Z 10005b74 f i umodsys_lib_libui:umodsys.mod.ui.SDL_core.obj
 0001:00004ba7       ?get_handler@RTerminal@SDL_core@ui@modules@UModSys@@UBEPAUIRefObject@core@5@PBUSUniquePointerInfo@75@I@Z 10005ba7 f i umodsys_lib_libui:umodsys.mod.ui.SDL_core.obj
 0001:00004bef       ?get_handler@RTerminal@SDL_core@ui@modules@UModSys@@UBEPAUIRefObject@core@5@PBUSUniquePointerInfo@75@PBD@Z 10005bef f i umodsys_lib_libui:umodsys.mod.ui.SDL_core.obj
 0001:00004bf8       ?create_handler@RTerminal@SDL_core@ui@modules@UModSys@@UAE_NPBUSUniquePointerInfo@core@5@AAU?$TRefObject@UIRefObject@core@UModSys@@U?$TRefObjectFunc@UIRefObject@core@UModSys@@@tl@3@@tl@5@PBDPBUSParameters@75@@Z 10005bf8 f i umodsys_lib_libui:umodsys.mod.ui.SDL_core.obj
 0001:00004e31       ??_ERTerminal@SDL_core@ui@modules@UModSys@@UAEPAXI@Z 10005e31 f i  CIL library: CIL module
 0001:00004e31       ??_GRTerminal@SDL_core@ui@modules@UModSys@@UAEPAXI@Z 10005e31 f i umodsys_lib_libui:umodsys.mod.ui.SDL_core.obj
 0001:00004ea1       ?get_terminal@RRenderDriver2D@SDL_core@ui@modules@UModSys@@UBEPAUITerminal@libui@5@XZ 10005ea1 f   umodsys_lib_libui:umodsys.mod.ui.SDL_core.obj
 0001:00004ea1       ?ref_links@RTest1_Shell@test1@test@modules@UModSys@@UBEHXZ 10005ea1 f   plugin_test1.obj
 0001:00004ea5       ?new_font@RRenderDriver2D@SDL_core@ui@modules@UModSys@@UAE?AU?$TRefObject@UIMultiImage@lib2d@UModSys@@U?$TRefObjectFunc@UIMultiImage@lib2d@UModSys@@@tl@3@@tl@5@ABUSParameters@core@5@ABU?$TString@U?$TSCoreConst@D@su@tl@UModSys@@U?$TComparerBinaryHash@D@234@@75@@Z 10005ea5 f   umodsys_lib_libui:umodsys.mod.ui.SDL_core.obj
 0001:00004f7b       ?new_picture@RRenderDriver2D@SDL_core@ui@modules@UModSys@@UAE?AU?$TRefObject@UIImage@lib2d@UModSys@@U?$TRefObjectFunc@UIImage@lib2d@UModSys@@@tl@3@@tl@5@ABUSParameters@core@5@ABU?$TString@U?$TSCoreConst@D@su@tl@UModSys@@U?$TComparerBinaryHash@D@234@@75@@Z 10005f7b f   umodsys_lib_libui:umodsys.mod.ui.SDL_core.obj
 0001:00004f8d       ?get_generated_names@RGenerator@SDL_core@ui@modules@UModSys@@UBEHAAUSUniquePtrList@core@5@@Z 10005f8d f i umodsys_lib_libui:umodsys.mod.ui.SDL_core.obj
 0001:00004fa6       ?get_generated_types@RGenerator@SDL_core@ui@modules@UModSys@@UBEHAAUSUniquePtrList@core@5@PBUSUniquePointerInfo@75@@Z 10005fa6 f i umodsys_lib_libui:umodsys.mod.ui.SDL_core.obj
 0001:00004fd8       ?generate@RGenerator@SDL_core@ui@modules@UModSys@@UAE_NAAU?$TRefObject@UIRefObject@core@UModSys@@U?$TRefObjectFunc@UIRefObject@core@UModSys@@@tl@3@@tl@5@PBUSUniquePointerInfo@core@5@ABUSParameters@95@@Z 10005fd8 f i umodsys_lib_libui:umodsys.mod.ui.SDL_core.obj
 0001:00004ff9       ?root_get_interface_info@RGenerator@SDL_core@ui@modules@UModSys@@UBEABUSUniquePointerInfo@core@5@XZ 10005ff9 f i umodsys_lib_libui:umodsys.mod.ui.SDL_core.obj
 0001:00004fff       ?root_get_interface_type@RGenerator@SDL_core@ui@modules@UModSys@@UBEPBUSUniquePointerInfo@core@5@XZ 10005fff f i umodsys_lib_libui:umodsys.mod.ui.SDL_core.obj
 0001:00005005       ?root_get_other_interface@RGenerator@SDL_core@ui@modules@UModSys@@UAEPAUIRoot@core@5@PBUSUniquePointerInfo@75@@Z 10006005 f i umodsys_lib_libui:umodsys.mod.ui.SDL_core.obj
 0001:00005005       ?root_get_other_interface@RGenerator@SDL_core@ui@modules@UModSys@@UBEPBUIRoot@core@5@PBUSUniquePointerInfo@75@@Z 10006005 f i umodsys_lib_libui:umodsys.mod.ui.SDL_core.obj
 0001:0000501e       ?root_is_interface_supported@RGenerator@SDL_core@ui@modules@UModSys@@UBE_NPBUSUniquePointerInfo@core@5@@Z 1000601e f i umodsys_lib_libui:umodsys.mod.ui.SDL_core.obj
 0001:0000503d       ?ref_links@RGenerator@stdlib@lib2d@modules@UModSys@@UBEHXZ 1000603d f i umodsys_lib_lib2d:umodsys.mod.2d.stdlib.obj
 0001:0000503d       ?ref_links@RDialog@frames@ui@modules@UModSys@@UBEHXZ 1000603d f i umodsys_lib_libui:umodsys.mod.ui.frames.obj
 0001:0000503d       ?ref_links@RGenerator@serialize_json@media@modules@UModSys@@UBEHXZ 1000603d f i umodsys_lib_libmedia:umodsys.mod.media.serialize_json.obj
 0001:0000503d       ?ref_links@RMouseController@SDL_core@ui@modules@UModSys@@UBEHXZ 1000603d f i umodsys_lib_libui:umodsys.mod.ui.SDL_core.obj
 0001:0000503d       ?ref_links@RGenerator@images_std@media@modules@UModSys@@UBEHXZ 1000603d f i umodsys_lib_libmedia:umodsys.mod.media.images_std.obj
 0001:0000503d       ?ref_links@RMultiImage2D_SDL_ttf@SDL_core@ui@modules@UModSys@@UBEHXZ 1000603d f i umodsys_lib_libui:umodsys.mod.ui.SDL_core.obj
 0001:0000503d       ?ref_links@RTerminal@SDL_core@ui@modules@UModSys@@UBEHXZ 1000603d f i umodsys_lib_libui:umodsys.mod.ui.SDL_core.obj
 0001:0000503d       ?ref_links@RGenerator@frames@ui@modules@UModSys@@UBEHXZ 1000603d f i umodsys_lib_libui:umodsys.mod.ui.frames.obj
 0001:0000503d       ?ref_links@RGenerator@SDL_core@ui@modules@UModSys@@UBEHXZ 1000603d f i umodsys_lib_libui:umodsys.mod.ui.SDL_core.obj
 0001:0000503d       ?ref_links@RKeyboardController@SDL_core@ui@modules@UModSys@@UBEHXZ 1000603d f i umodsys_lib_libui:umodsys.mod.ui.SDL_core.obj
 0001:0000503d       ?ref_links@RBinArchiveFrameClient_ZIP@zlib@media@modules@UModSys@@UBEHXZ 1000603d f i umodsys_lib_libmedia:umodsys.mod.media.zlib.obj
 0001:0000503d       ?ref_links@RImage_Memory@stdlib@lib2d@modules@UModSys@@UBEHXZ 1000603d f i umodsys_lib_lib2d:umodsys.mod.2d.stdlib.obj
 0001:0000503d       ?ref_links@RSerializeReader@serialize_json@media@modules@UModSys@@UBEHXZ 1000603d f i umodsys_lib_libmedia:umodsys.mod.media.serialize_json.obj
 0001:0000503d       ?ref_links@RRenderDriver2D@SDL_core@ui@modules@UModSys@@UBEHXZ 1000603d f i umodsys_lib_libui:umodsys.mod.ui.SDL_core.obj
 0001:0000503d       ?ref_links@RGenerator@test1@test@modules@UModSys@@UBEHXZ 1000603d f i plugin_test1.obj
 0001:0000503d       ?ref_links@RGenerator@zlib@media@modules@UModSys@@UBEHXZ 1000603d f i umodsys_lib_libmedia:umodsys.mod.media.zlib.obj
 0001:00005041       ?get_uid@RGenerator@SDL_core@ui@modules@UModSys@@UBEPBUSUniquePointerInfo@core@5@XZ 10006041 f i umodsys_lib_libui:umodsys.mod.ui.SDL_core.obj
 0001:00005047       ?do_open@RModuleReg@SDL_core@ui@modules@UModSys@@UAE_NXZ 10006047 f i umodsys_lib_libui:umodsys.mod.ui.SDL_core.obj
 0001:00005095       ?do_close@RModuleReg@SDL_core@ui@modules@UModSys@@UAE_NXZ 10006095 f i umodsys_lib_libui:umodsys.mod.ui.SDL_core.obj
 0001:000050d0       ?get_module@RGenerator@SDL_core@ui@modules@UModSys@@UBEPAUIModule@base@5@XZ 100060d0 f   umodsys_lib_libui:umodsys.mod.ui.SDL_core.obj
 0001:000050d6       ?mod_inc@RGenerator@SDL_core@ui@modules@UModSys@@UBE_NXZ 100060d6 f   umodsys_lib_libui:umodsys.mod.ui.SDL_core.obj
 0001:000050e1       ?mod_dec@RGenerator@SDL_core@ui@modules@UModSys@@UBE_NXZ 100060e1 f   umodsys_lib_libui:umodsys.mod.ui.SDL_core.obj
 0001:000050ec       ?s_holder@RGenerator@SDL_core@ui@modules@UModSys@@SAAAU?$TTypeStaticHolder@URGenerator@SDL_core@ui@modules@UModSys@@@tl@5@XZ 100060ec f   umodsys_lib_libui:umodsys.mod.ui.SDL_core.obj
 0001:0000511e       ??1?$TScatterArray@UGlyph@RMultiImage2D_SDL_ttf@SDL_core@ui@modules@UModSys@@HU?$TScalarCompare@H@core@6@U?$TNodeDeleter0@U?$TScatterArrayNode@UGlyph@RMultiImage2D_SDL_ttf@SDL_core@ui@modules@UModSys@@H@tl@UModSys@@@tl@6@@tl@UModSys@@QAE@XZ 1000611e f i umodsys_lib_libui:umodsys.mod.ui.SDL_core.obj
 0001:00005134       ??0?$TParametersA@$0BAA@@core@UModSys@@QAE@XZ 10006134 f i umodsys_lib_libui:umodsys.mod.ui.SDL_core.obj
 0001:00005163       ??1?$TRefObject@URMultiImage2D_SDL_ttf@SDL_core@ui@modules@UModSys@@U?$TRefObjectWeakFunc@URMultiImage2D_SDL_ttf@SDL_core@ui@modules@UModSys@@@tl@5@@tl@UModSys@@QAE@XZ 10006163 f i umodsys_lib_libui:umodsys.mod.ui.SDL_core.obj
 0001:00005163       ??1?$TRefObject@URRenderDriver2D@SDL_core@ui@modules@UModSys@@U?$TRefObjectWeakFunc@URRenderDriver2D@SDL_core@ui@modules@UModSys@@@tl@5@@tl@UModSys@@QAE@XZ 10006163 f i umodsys_lib_libui:umodsys.mod.ui.SDL_core.obj
 0001:00005168       ??F?$TTreeIterRB@$$CBU?$TScatterArrayNode@U?$TRefObjectComposite@UIKeyboardClient@libui@UModSys@@UIRefObject@core@3@U?$TRefObjectFunc@UIRefObject@core@UModSys@@@tl@3@@tl@UModSys@@H@tl@UModSys@@$$CBU?$TPair@HU?$TRefObjectComposite@UIKeyboardClient@libui@UModSys@@UIRefObject@core@3@U?$TRefObjectFunc@UIRefObject@core@UModSys@@@tl@3@@tl@UModSys@@@23@@tl@UModSys@@QAE?AU012@XZ 10006168 f i umodsys_lib_libui:umodsys.mod.ui.SDL_core.obj
 0001:00005168       ??F?$TTreeIterRB@$$CBU?$TScatterArrayNode@U?$TRefObjectCompositeExtra@UIMouseClient@libui@UModSys@@HUIRefObject@core@3@U?$TRefObjectFunc@UIRefObject@core@UModSys@@@tl@3@@tl@UModSys@@H@tl@UModSys@@$$CBU?$TPair@HU?$TRefObjectCompositeExtra@UIMouseClient@libui@UModSys@@HUIRefObject@core@3@U?$TRefObjectFunc@UIRefObject@core@UModSys@@@tl@3@@tl@UModSys@@@23@@tl@UModSys@@QAE?AU012@XZ 10006168 f i umodsys_lib_libui:umodsys.mod.ui.SDL_core.obj
 0001:00005192       ?remove_node@?$TTreeHoldRB@U?$TScatterArrayNode@U?$TRefObjectComposite@UIKeyboardClient@libui@UModSys@@UIRefObject@core@3@U?$TRefObjectFunc@UIRefObject@core@UModSys@@@tl@3@@tl@UModSys@@H@tl@UModSys@@@tl@UModSys@@QAEXPAU?$TScatterArrayNode@U?$TRefObjectComposite@UIKeyboardClient@libui@UModSys@@UIRefObject@core@3@U?$TRefObjectFunc@UIRefObject@core@UModSys@@@tl@3@@tl@UModSys@@H@23@@Z 10006192 f i umodsys_lib_libui:umodsys.mod.ui.SDL_core.obj
 0001:00005192       ?remove_node@?$TTreeHoldRB@U?$TScatterArrayNode@U?$TRefObjectCompositeExtra@UIMouseClient@libui@UModSys@@HUIRefObject@core@3@U?$TRefObjectFunc@UIRefObject@core@UModSys@@@tl@3@@tl@UModSys@@H@tl@UModSys@@@tl@UModSys@@QAEXPAU?$TScatterArrayNode@U?$TRefObjectCompositeExtra@UIMouseClient@libui@UModSys@@HUIRefObject@core@3@U?$TRefObjectFunc@UIRefObject@core@UModSys@@@tl@3@@tl@UModSys@@H@23@@Z 10006192 f i umodsys_lib_libui:umodsys.mod.ui.SDL_core.obj
 0001:0000526f       ??1?$TPair@HU?$TRefObjectCompositeExtra@UIMouseClient@libui@UModSys@@HUIRefObject@core@3@U?$TRefObjectFunc@UIRefObject@core@UModSys@@@tl@3@@tl@UModSys@@@tl@UModSys@@QAE@XZ 1000626f f i umodsys_lib_libui:umodsys.mod.ui.SDL_core.obj
 0001:0000526f       ??1?$TPair@HU?$TRefObjectComposite@UIKeyboardClient@libui@UModSys@@UIRefObject@core@3@U?$TRefObjectFunc@UIRefObject@core@UModSys@@@tl@3@@tl@UModSys@@@tl@UModSys@@QAE@XZ 1000626f f i umodsys_lib_libui:umodsys.mod.ui.SDL_core.obj
 0001:00005279       ??1?$TRefObjectCompositeExtra@UIMouseClient@libui@UModSys@@HUIRefObject@core@3@U?$TRefObjectFunc@UIRefObject@core@UModSys@@@tl@3@@tl@UModSys@@QAE@XZ 10006279 f i umodsys_lib_libui:umodsys.mod.ui.SDL_core.obj
 0001:00005279       ??1?$TRefObjectComposite@UIController@libui@UModSys@@UIRefObject@core@3@U?$TRefObjectFunc@UIRefObject@core@UModSys@@@tl@3@@tl@UModSys@@QAE@XZ 10006279 f i umodsys_lib_libui:umodsys.mod.ui.frames.obj
 0001:00005279       ??1?$TRefObjectComposite@UIKeyboardClient@libui@UModSys@@UIRefObject@core@3@U?$TRefObjectFunc@UIRefObject@core@UModSys@@@tl@3@@tl@UModSys@@QAE@XZ 10006279 f i umodsys_lib_libui:umodsys.mod.ui.SDL_core.obj
 0001:000052be       ?remove_color@?$TTreeHoldRB@U?$TScatterArrayNode@U?$TRefObjectComposite@UIKeyboardClient@libui@UModSys@@UIRefObject@core@3@U?$TRefObjectFunc@UIRefObject@core@UModSys@@@tl@3@@tl@UModSys@@H@tl@UModSys@@@tl@UModSys@@IAEXPAU?$TScatterArrayNode@U?$TRefObjectComposite@UIKeyboardClient@libui@UModSys@@UIRefObject@core@3@U?$TRefObjectFunc@UIRefObject@core@UModSys@@@tl@3@@tl@UModSys@@H@23@0@Z 100062be f i umodsys_lib_libui:umodsys.mod.ui.SDL_core.obj
 0001:000052be       ?remove_color@?$TTreeHoldRB@U?$TScatterArrayNode@U?$TRefObjectCompositeExtra@UIMouseClient@libui@UModSys@@HUIRefObject@core@3@U?$TRefObjectFunc@UIRefObject@core@UModSys@@@tl@3@@tl@UModSys@@H@tl@UModSys@@@tl@UModSys@@IAEXPAU?$TScatterArrayNode@U?$TRefObjectCompositeExtra@UIMouseClient@libui@UModSys@@HUIRefObject@core@3@U?$TRefObjectFunc@UIRefObject@core@UModSys@@@tl@3@@tl@UModSys@@H@23@0@Z 100062be f i umodsys_lib_libui:umodsys.mod.ui.SDL_core.obj
 0001:000053c0       ??$t_close@U?$TRefObject@URRenderDriver2D@SDL_core@ui@modules@UModSys@@U?$TRefObjectWeakFunc@URRenderDriver2D@SDL_core@ui@modules@UModSys@@@tl@5@@tl@UModSys@@@SDL_core@ui@modules@UModSys@@YA_NAAU?$TScatterArray@U?$TRefObject@URRenderDriver2D@SDL_core@ui@modules@UModSys@@U?$TRefObjectWeakFunc@URRenderDriver2D@SDL_core@ui@modules@UModSys@@@tl@5@@tl@UModSys@@HU?$TScalarCompare@H@core@3@U?$TNodeDeleter0@U?$TScatterArrayNode@U?$TRefObject@URRenderDriver2D@SDL_core@ui@modules@UModSys@@U?$TRefObjectWeakFunc@URRenderDriver2D@SDL_core@ui@modules@UModSys@@@tl@5@@tl@UModSys@@H@tl@UModSys@@@23@@tl@3@@Z 100063c0 f i umodsys_lib_libui:umodsys.mod.ui.SDL_core.obj
 0001:00005419       ??$t_count@U?$TRefObject@URRenderDriver2D@SDL_core@ui@modules@UModSys@@U?$TRefObjectWeakFunc@URRenderDriver2D@SDL_core@ui@modules@UModSys@@@tl@5@@tl@UModSys@@@SDL_core@ui@modules@UModSys@@YAIABU?$TScatterArray@U?$TRefObject@URRenderDriver2D@SDL_core@ui@modules@UModSys@@U?$TRefObjectWeakFunc@URRenderDriver2D@SDL_core@ui@modules@UModSys@@@tl@5@@tl@UModSys@@HU?$TScalarCompare@H@core@3@U?$TNodeDeleter0@U?$TScatterArrayNode@U?$TRefObject@URRenderDriver2D@SDL_core@ui@modules@UModSys@@U?$TRefObjectWeakFunc@URRenderDriver2D@SDL_core@ui@modules@UModSys@@@tl@5@@tl@UModSys@@H@tl@UModSys@@@23@@tl@3@@Z 10006419 f i umodsys_lib_libui:umodsys.mod.ui.SDL_core.obj
 0001:00005464       ??$t_get@U?$TRefObject@URRenderDriver2D@SDL_core@ui@modules@UModSys@@U?$TRefObjectWeakFunc@URRenderDriver2D@SDL_core@ui@modules@UModSys@@@tl@5@@tl@UModSys@@@SDL_core@ui@modules@UModSys@@YAPAUIRefObject@core@3@ABU?$TScatterArray@U?$TRefObject@URRenderDriver2D@SDL_core@ui@modules@UModSys@@U?$TRefObjectWeakFunc@URRenderDriver2D@SDL_core@ui@modules@UModSys@@@tl@5@@tl@UModSys@@HU?$TScalarCompare@H@core@3@U?$TNodeDeleter0@U?$TScatterArrayNode@U?$TRefObject@URRenderDriver2D@SDL_core@ui@modules@UModSys@@U?$TRefObjectWeakFunc@URRenderDriver2D@SDL_core@ui@modules@UModSys@@@tl@5@@tl@UModSys@@H@tl@UModSys@@@23@@tl@3@I@Z 10006464 f i umodsys_lib_libui:umodsys.mod.ui.SDL_core.obj
 0001:000054c3       ??$ValidateConstruction@UIRefObject@core@UModSys@@URRenderDriver2D@SDL_core@ui@modules@3@@core@UModSys@@YA_NAAU?$TRefObject@UIRefObject@core@UModSys@@U?$TRefObjectFunc@UIRefObject@core@UModSys@@@tl@3@@tl@1@U?$TRefObject@URRenderDriver2D@SDL_core@ui@modules@UModSys@@U?$TRefObjectFunc@URRenderDriver2D@SDL_core@ui@modules@UModSys@@@tl@5@@31@@Z 100064c3 f i umodsys_lib_libui:umodsys.mod.ui.SDL_core.obj
 0001:0000551a       ??$t_add@U?$TRefObject@URRenderDriver2D@SDL_core@ui@modules@UModSys@@U?$TRefObjectWeakFunc@URRenderDriver2D@SDL_core@ui@modules@UModSys@@@tl@5@@tl@UModSys@@URRenderDriver2D@SDL_core@ui@modules@3@@SDL_core@ui@modules@UModSys@@YA_NAAU?$TScatterArray@U?$TRefObject@URRenderDriver2D@SDL_core@ui@modules@UModSys@@U?$TRefObjectWeakFunc@URRenderDriver2D@SDL_core@ui@modules@UModSys@@@tl@5@@tl@UModSys@@HU?$TScalarCompare@H@core@3@U?$TNodeDeleter0@U?$TScatterArrayNode@U?$TRefObject@URRenderDriver2D@SDL_core@ui@modules@UModSys@@U?$TRefObjectWeakFunc@URRenderDriver2D@SDL_core@ui@modules@UModSys@@@tl@5@@tl@UModSys@@H@tl@UModSys@@@23@@tl@3@PAURRenderDriver2D@0123@@Z 1000651a f i umodsys_lib_libui:umodsys.mod.ui.SDL_core.obj
 0001:00005579       ??$ValidateConstruction@UIRefObject@core@UModSys@@URMouseController@SDL_core@ui@modules@3@@core@UModSys@@YA_NAAU?$TRefObject@UIRefObject@core@UModSys@@U?$TRefObjectFunc@UIRefObject@core@UModSys@@@tl@3@@tl@1@U?$TRefObject@URMouseController@SDL_core@ui@modules@UModSys@@U?$TRefObjectFunc@URMouseController@SDL_core@ui@modules@UModSys@@@tl@5@@31@@Z 10006579 f i umodsys_lib_libui:umodsys.mod.ui.SDL_core.obj
 0001:00005579       ??$ValidateConstruction@UIRefObject@core@UModSys@@URKeyboardController@SDL_core@ui@modules@3@@core@UModSys@@YA_NAAU?$TRefObject@UIRefObject@core@UModSys@@U?$TRefObjectFunc@UIRefObject@core@UModSys@@@tl@3@@tl@1@U?$TRefObject@URKeyboardController@SDL_core@ui@modules@UModSys@@U?$TRefObjectFunc@URKeyboardController@SDL_core@ui@modules@UModSys@@@tl@5@@31@@Z 10006579 f i umodsys_lib_libui:umodsys.mod.ui.SDL_core.obj
 0001:000055b7       ??$t_gen_param@URTerminal@SDL_core@ui@modules@UModSys@@URGenerator@2345@@IGenerator@base@UModSys@@IAE_NPAURGenerator@SDL_core@ui@modules@2@AAU?$TRefObject@UIRefObject@core@UModSys@@U?$TRefObjectFunc@UIRefObject@core@UModSys@@@tl@3@@tl@2@PBUSUniquePointerInfo@core@2@ABUSParameters@core@2@@Z 100065b7 f i umodsys_lib_libui:umodsys.mod.ui.SDL_core.obj
[...]
 0001:00013b74       ??__E?s_modreg_chain@RModuleReg@serialize_json@media@modules@UModSys@@2USModuleRegChain@base@5@A@@YAXXZ 10014b74 f    CIL library: CIL module
 0001:00013b8f       ??__E?s_uid@RGenerator@serialize_json@media@modules@UModSys@@2USUniquePointer@core@5@A@@YAXXZ 10014b8f f    CIL library: CIL module
 0001:00013bb1       ??__E?s_id@?$TObjectUniqueID@URSerializeReader@serialize_json@media@modules@UModSys@@@tl@UModSys@@2USUniquePointer@core@3@A@@YAXXZ 10014bb1 f    CIL library: CIL module
 0001:00013bd3       ??__E?s_id@?$TObjectUniqueID@URSerializeWriter@serialize_json@media@modules@UModSys@@@tl@UModSys@@2USUniquePointer@core@3@A@@YAXXZ 10014bd3 f    CIL library: CIL module
 0001:00013bf5       ??__E?s_id@?$TObjectUniqueID@URGenerator@serialize_json@media@modules@UModSys@@@tl@UModSys@@2USUniquePointer@core@3@A@@YAXXZ 10014bf5 f    CIL library: CIL module
 0001:00013c17       ??__E?s_modreg@RModuleReg@zlib@media@modules@UModSys@@2U12345@A@@YAXXZ 10014c17 f    CIL library: CIL module
 0001:00013c4d       ??__E?s_modreg_chain@RModuleReg@zlib@media@modules@UModSys@@2USModuleRegChain@base@5@A@@YAXXZ 10014c4d f    CIL library: CIL module
 0001:00013c68       ??__E?s_uid@RGenerator@zlib@media@modules@UModSys@@2USUniquePointer@core@5@A@@YAXXZ 10014c68 f    CIL library: CIL module
 0001:00013c8a       ??__E?s_id@?$TObjectUniqueID@URBinArchiveFrameClient_ZIP@zlib@media@modules@UModSys@@@tl@UModSys@@2USUniquePointer@core@3@A@@YAXXZ 10014c8a f    CIL library: CIL module
 0001:00013cac       ??__E?s_id@?$TObjectUniqueID@URGenerator@zlib@media@modules@UModSys@@@tl@UModSys@@2USUniquePointer@core@3@A@@YAXXZ 10014cac f    CIL library: CIL module
 0001:00013cce       ??__EM@UModSys@@YAXXZ      10014cce f    CIL library: CIL module
 0001:00013cda       ??__E?root@SModuleRegChain@base@UModSys@@2U123@A@@YAXXZ 10014cda f    CIL library: CIL module
 0001:00013ce6       ??__E?s_library@RModuleLibraryReg_Chain@base@UModSys@@2U123@A@@YAXXZ 10014ce6 f    CIL library: CIL module
 0001:00013cf2       ??__E?root@SUniquePointer@core@UModSys@@2U123@A@@YAXXZ 10014cf2 f    CIL library: CIL module
 0001:00013cfe       ??__F?s_modreg@RModuleReg@test1@test@modules@UModSys@@2U12345@A@@YAXXZ 10014cfe f    CIL library: CIL module
 0001:00013d09       ??__F?s_modreg_chain@RModuleReg@test1@test@modules@UModSys@@2USModuleRegChain@base@5@A@@YAXXZ 10014d09 f    CIL library: CIL module
 0001:00013d13       ??__F?s_uid@RGenerator@test1@test@modules@UModSys@@2USUniquePointer@core@5@A@@YAXXZ 10014d13 f    CIL library: CIL module
 0001:00013d1d       ??__Fh@?1??s_holder@RGenerator@test1@test@modules@UModSys@@SAAAU?$TTypeStaticHolder@URGenerator@test1@test@modules@UModSys@@@tl@5@XZ@YAXXZ 10014d1d f    CIL library: CIL module
 0001:00013d3a       ??__F?s_id@?$TObjectUniqueID@URGenerator@test1@test@modules@UModSys@@@tl@UModSys@@2USUniquePointer@core@3@A@@YAXXZ 10014d3a f    CIL library: CIL module
 0001:00013d44       ??__F?s_id@?$TObjectUniqueID@URTest1_Shell@test1@test@modules@UModSys@@@tl@UModSys@@2USUniquePointer@core@3@A@@YAXXZ 10014d44 f    CIL library: CIL module
 0001:00013d4e       ??__F?s_id@?$TObjectUniqueID@URLines_Filter@test1@test@modules@UModSys@@@tl@UModSys@@2USUniquePointer@core@3@A@@YAXXZ 10014d4e f    CIL library: CIL module
 0001:00013d58       ??__F?s_id@?$TObjectUniqueID@URLines@test1@test@modules@UModSys@@@tl@UModSys@@2USUniquePointer@core@3@A@@YAXXZ 10014d58 f    CIL library: CIL module
 0001:00013d62       ??__F?s_id@?$TObjectUniqueID@UILines@test1@test@modules@UModSys@@@tl@UModSys@@2USUniquePointer@core@3@A@@YAXXZ 10014d62 f    CIL library: CIL module
 0001:00013d6c       ??__F?s_id@?$TObjectUniqueID@UIRenderDriver@lib2d@UModSys@@@tl@UModSys@@2USUniquePointer@core@3@A@@YAXXZ 10014d6c f    CIL library: CIL module
 0001:00013d76       ??__F?s_id@?$TObjectUniqueID@UIMultiImage@lib2d@UModSys@@@tl@UModSys@@2USUniquePointer@core@3@A@@YAXXZ 10014d76 f    CIL library: CIL module
 0001:00013d80       ??__F?s_id@?$TObjectUniqueID@UIImage@lib2d@UModSys@@@tl@UModSys@@2USUniquePointer@core@3@A@@YAXXZ 10014d80 f    CIL library: CIL module
 0001:00013d8a       ??__F?s_id@?$TObjectUniqueID@UIDialog@libui@UModSys@@@tl@UModSys@@2USUniquePointer@core@3@A@@YAXXZ 10014d8a f    CIL library: CIL module
 0001:00013d94       ??__F?s_id@?$TObjectUniqueID@UIFrame@libui@UModSys@@@tl@UModSys@@2USUniquePointer@core@3@A@@YAXXZ 10014d94 f    CIL library: CIL module
 0001:00013d9e       ??__F?s_id@?$TObjectUniqueID@UIAsyncCollector@libui@UModSys@@@tl@UModSys@@2USUniquePointer@core@3@A@@YAXXZ 10014d9e f    CIL library: CIL module
 0001:00013da8       ??__F?s_id@?$TObjectUniqueID@UIAsyncController@libui@UModSys@@@tl@UModSys@@2USUniquePointer@core@3@A@@YAXXZ 10014da8 f    CIL library: CIL module
 0001:00013db2       ??__F?s_id@?$TObjectUniqueID@UICollector@libui@UModSys@@@tl@UModSys@@2USUniquePointer@core@3@A@@YAXXZ 10014db2 f    CIL library: CIL module
 0001:00013dbc       ??__F?s_id@?$TObjectUniqueID@UIConsoleHelperInput_UIKey@libui@UModSys@@@tl@UModSys@@2USUniquePointer@core@3@A@@YAXXZ 10014dbc f    CIL library: CIL module
 0001:00013dc6       ??__F?s_id@?$TObjectUniqueID@UITerminal@libui@UModSys@@@tl@UModSys@@2USUniquePointer@core@3@A@@YAXXZ 10014dc6 f    CIL library: CIL module
 0001:00013dd0       ??__F?s_id@?$TObjectUniqueID@UIJoystickController@libui@UModSys@@@tl@UModSys@@2USUniquePointer@core@3@A@@YAXXZ 10014dd0 f    CIL library: CIL module
 0001:00013dda       ??__F?s_id@?$TObjectUniqueID@UIMouseController@libui@UModSys@@@tl@UModSys@@2USUniquePointer@core@3@A@@YAXXZ 10014dda f    CIL library: CIL module
 0001:00013de4       ??__F?s_id@?$TObjectUniqueID@UIKeyboardController@libui@UModSys@@@tl@UModSys@@2USUniquePointer@core@3@A@@YAXXZ 10014de4 f    CIL library: CIL module
 0001:00013dee       ??__F?s_id@?$TObjectUniqueID@UIConsoleHelperOutputFCS@base@UModSys@@@tl@UModSys@@2USUniquePointer@core@3@A@@YAXXZ 10014dee f    CIL library: CIL module
 0001:00013df8       ??__F?s_id@?$TObjectUniqueID@UIConsoleHelperOutput@base@UModSys@@@tl@UModSys@@2USUniquePointer@core@3@A@@YAXXZ 10014df8 f    CIL library: CIL module
 0001:00013e02       ??__F?s_id@?$TObjectUniqueID@UIConsoleHelperInput@base@UModSys@@@tl@UModSys@@2USUniquePointer@core@3@A@@YAXXZ 10014e02 f    CIL library: CIL module
 0001:00013e0c       ??__F?s_id@?$TObjectUniqueID@UIConsoleHelperHistory@base@UModSys@@@tl@UModSys@@2USUniquePointer@core@3@A@@YAXXZ 10014e0c f    CIL library: CIL module
 0001:00013e16       ??__F?s_id@?$TObjectUniqueID@UIConsoleHelper@base@UModSys@@@tl@UModSys@@2USUniquePointer@core@3@A@@YAXXZ 10014e16 f    CIL library: CIL module
 0001:00013e20       ??__F?s_id@?$TObjectUniqueID@UIConsoleExt@base@UModSys@@@tl@UModSys@@2USUniquePointer@core@3@A@@YAXXZ 10014e20 f    CIL library: CIL module
 0001:00013e2a       ??__F?s_id@?$TObjectUniqueID@UISerializeWriter@libmedia@UModSys@@@tl@UModSys@@2USUniquePointer@core@3@A@@YAXXZ 10014e2a f    CIL library: CIL module
 0001:00013e34       ??__F?s_id@?$TObjectUniqueID@UISerializeReader@libmedia@UModSys@@@tl@UModSys@@2USUniquePointer@core@3@A@@YAXXZ 10014e34 f    CIL library: CIL module
 0001:00013e3e       ??__F?s_id@?$TObjectUniqueID@UIClient@IBinArchiveFrame@libmedia@UModSys@@@tl@UModSys@@2USUniquePointer@core@3@A@@YAXXZ 10014e3e f    CIL library: CIL module
 0001:00013e48       ??__F?s_id@?$TObjectUniqueID@UIBinArchiveFrame@libmedia@UModSys@@@tl@UModSys@@2USUniquePointer@core@3@A@@YAXXZ 10014e48 f    CIL library: CIL module
 0001:00013e52       ??__F?s_id@?$TObjectUniqueID@UILibraryLayered@libmedia@UModSys@@@tl@UModSys@@2USUniquePointer@core@3@A@@YAXXZ 10014e52 f    CIL library: CIL module
 0001:00013e5c       ??__F?s_id@?$TObjectUniqueID@UILibraryObjCache@libmedia@UModSys@@@tl@UModSys@@2USUniquePointer@core@3@A@@YAXXZ 10014e5c f    CIL library: CIL module
 0001:00013e66       ??__F?s_id@?$TObjectUniqueID@UILibraryObjFilter@libmedia@UModSys@@@tl@UModSys@@2USUniquePointer@core@3@A@@YAXXZ 10014e66 f    CIL library: CIL module
 0001:00013e70       ??__F?s_id@?$TObjectUniqueID@UILibraryBinCache@libmedia@UModSys@@@tl@UModSys@@2USUniquePointer@core@3@A@@YAXXZ 10014e70 f    CIL library: CIL module
 0001:00013e7a       ??__F?s_id@?$TObjectUniqueID@UILibraryBinTree@libmedia@UModSys@@@tl@UModSys@@2USUniquePointer@core@3@A@@YAXXZ 10014e7a f    CIL library: CIL module
 0001:00013e84       ??__F?s_id@?$TObjectUniqueID@UILibrary@libmedia@UModSys@@@tl@UModSys@@2USUniquePointer@core@3@A@@YAXXZ 10014e84 f    CIL library: CIL module
 0001:00013e8e       ??__F?s_id@?$TObjectUniqueID@UIBinObjFilter@libmedia@UModSys@@@tl@UModSys@@2USUniquePointer@core@3@A@@YAXXZ 10014e8e f    CIL library: CIL module
 0001:00013e98       ??__F?s_id@?$TObjectUniqueID@UIBinArchive@libmedia@UModSys@@@tl@UModSys@@2USUniquePointer@core@3@A@@YAXXZ 10014e98 f    CIL library: CIL module
 0001:00013ea2       ??__F?s_id@?$TObjectUniqueID@UILibObject@libmedia@UModSys@@@tl@UModSys@@2USUniquePointer@core@3@A@@YAXXZ 10014ea2 f    CIL library: CIL module
 0001:00013eac       ??__F?s_id@?$TObjectUniqueID@UIUtilities@libmedia@UModSys@@@tl@UModSys@@2USUniquePointer@core@3@A@@YAXXZ 10014eac f    CIL library: CIL module
 0001:00013eb6       ??__F?s_id@?$TObjectUniqueID@UIStreamWriter@libmedia@UModSys@@@tl@UModSys@@2USUniquePointer@core@3@A@@YAXXZ 10014eb6 f    CIL library: CIL module
 0001:00013ec0       ??__F?s_id@?$TObjectUniqueID@UIStreamReader@libmedia@UModSys@@@tl@UModSys@@2USUniquePointer@core@3@A@@YAXXZ 10014ec0 f    CIL library: CIL module
 0001:00013eca       ??__F?s_id@?$TObjectUniqueID@UISystem@base@UModSys@@@tl@UModSys@@2USUniquePointer@core@3@A@@YAXXZ 10014eca f    CIL library: CIL module
 0001:00013ed4       ??__F?s_id@?$TObjectUniqueID@UIConsole@base@UModSys@@@tl@UModSys@@2USUniquePointer@core@3@A@@YAXXZ 10014ed4 f    CIL library: CIL module
 0001:00013ede       ??__F?s_id@?$TObjectUniqueID@UIShell@base@UModSys@@@tl@UModSys@@2USUniquePointer@core@3@A@@YAXXZ 10014ede f    CIL library: CIL module
 0001:00013ee8       ??__F?s_id@?$TObjectUniqueID@UIGenerator@base@UModSys@@@tl@UModSys@@2USUniquePointer@core@3@A@@YAXXZ 10014ee8 f    CIL library: CIL module
 0001:00013ef2       ??__F?s_id@?$TObjectUniqueID@UIModObject@base@UModSys@@@tl@UModSys@@2USUniquePointer@core@3@A@@YAXXZ 10014ef2 f    CIL library: CIL module
 0001:00013efc       ??__F?s_id@?$TObjectUniqueID@UIModuleLibrary@base@UModSys@@@tl@UModSys@@2USUniquePointer@core@3@A@@YAXXZ 10014efc f    CIL library: CIL module
 0001:00013f06       ??__F?s_id@?$TObjectUniqueID@UIModule@base@UModSys@@@tl@UModSys@@2USUniquePointer@core@3@A@@YAXXZ 10014f06 f    CIL library: CIL module
 0001:00013f10       ??__F?s_id@?$TObjectUniqueID@UIParameters@core@UModSys@@@tl@UModSys@@2USUniquePointer@core@3@A@@YAXXZ 10014f10 f    CIL library: CIL module
 0001:00013f1a       ??__F?s_id@?$TObjectUniqueID@UIRefObject@core@UModSys@@@tl@UModSys@@2USUniquePointer@core@3@A@@YAXXZ 10014f1a f    CIL library: CIL module
 0001:00013f24       ??__F?s_id@?$TObjectUniqueID@UIRoot@core@UModSys@@@tl@UModSys@@2USUniquePointer@core@3@A@@YAXXZ 10014f24 f    CIL library: CIL module
 0001:00013f2e       ??__F?s_modreg@RModuleReg@stdlib@lib2d@modules@UModSys@@2U12345@A@@YAXXZ 10014f2e f    CIL library: CIL module
 0001:00013f39       ??__F?s_modreg_chain@RModuleReg@stdlib@lib2d@modules@UModSys@@2USModuleRegChain@base@5@A@@YAXXZ 10014f39 f    CIL library: CIL module
 0001:00013f43       ??__F?s_uid@RGenerator@stdlib@lib2d@modules@UModSys@@2USUniquePointer@core@5@A@@YAXXZ 10014f43 f    CIL library: CIL module
 0001:00013f4d       ??__Fh@?1??s_holder@RGenerator@stdlib@lib2d@modules@UModSys@@SAAAU?$TTypeStaticHolder@URGenerator@stdlib@lib2d@modules@UModSys@@@tl@5@XZ@YAXXZ 10014f4d f    CIL library: CIL module
 0001:00013f6a       ??__F?s_id@?$TObjectUniqueID@URGenerator@stdlib@lib2d@modules@UModSys@@@tl@UModSys@@2USUniquePointer@core@3@A@@YAXXZ 10014f6a f    CIL library: CIL module
 0001:00013f74       ??__F?s_id@?$TObjectUniqueID@URImage_Memory@stdlib@lib2d@modules@UModSys@@@tl@UModSys@@2USUniquePointer@core@3@A@@YAXXZ 10014f74 f    CIL library: CIL module
 0001:00013f7e       ??__F?s_modreg@RModuleReg@SDL_core@ui@modules@UModSys@@2U12345@A@@YAXXZ 10014f7e f    CIL library: CIL module
 0001:00013f89       ??__F?s_modreg_chain@RModuleReg@SDL_core@ui@modules@UModSys@@2USModuleRegChain@base@5@A@@YAXXZ 10014f89 f    CIL library: CIL module
 0001:00013f93       ??__F?s_uid@RGenerator@SDL_core@ui@modules@UModSys@@2USUniquePointer@core@5@A@@YAXXZ 10014f93 f    CIL library: CIL module
 0001:00013f9d       ??__Fh@?1??s_holder@RGenerator@SDL_core@ui@modules@UModSys@@SAAAU?$TTypeStaticHolder@URGenerator@SDL_core@ui@modules@UModSys@@@tl@5@XZ@YAXXZ 10014f9d f    CIL library: CIL module
 0001:00013fba       ??__F?s_id@?$TObjectUniqueID@URGenerator@SDL_core@ui@modules@UModSys@@@tl@UModSys@@2USUniquePointer@core@3@A@@YAXXZ 10014fba f    CIL library: CIL module
 0001:00013fc4       ??__F?s_id@?$TObjectUniqueID@URTerminal@SDL_core@ui@modules@UModSys@@@tl@UModSys@@2USUniquePointer@core@3@A@@YAXXZ 10014fc4 f    CIL library: CIL module
 0001:00013fce       ??__F?s_id@?$TObjectUniqueID@URKeyboardController@SDL_core@ui@modules@UModSys@@@tl@UModSys@@2USUniquePointer@core@3@A@@YAXXZ 10014fce f    CIL library: CIL module
 0001:00013fd8       ??__F?s_id@?$TObjectUniqueID@URMouseController@SDL_core@ui@modules@UModSys@@@tl@UModSys@@2USUniquePointer@core@3@A@@YAXXZ 10014fd8 f    CIL library: CIL module
 0001:00013fe2       ??__F?s_id@?$TObjectUniqueID@URRenderDriver2D@SDL_core@ui@modules@UModSys@@@tl@UModSys@@2USUniquePointer@core@3@A@@YAXXZ 10014fe2 f    CIL library: CIL module
 0001:00013fec       ??__F?s_id@?$TObjectUniqueID@URMultiImage2D_SDL_ttf@SDL_core@ui@modules@UModSys@@@tl@UModSys@@2USUniquePointer@core@3@A@@YAXXZ 10014fec f    CIL library: CIL module
 0001:00013ff6       ??__F?s_modreg@RModuleReg@frames@ui@modules@UModSys@@2U12345@A@@YAXXZ 10014ff6 f    CIL library: CIL module
 0001:00014001       ??__F?s_modreg_chain@RModuleReg@frames@ui@modules@UModSys@@2USModuleRegChain@base@5@A@@YAXXZ 10015001 f    CIL library: CIL module
 0001:0001400b       ??__F?s_uid@RGenerator@frames@ui@modules@UModSys@@2USUniquePointer@core@5@A@@YAXXZ 1001500b f    CIL library: CIL module
 0001:00014015       ??__Fh@?1??s_holder@RGenerator@frames@ui@modules@UModSys@@SAAAU?$TTypeStaticHolder@URGenerator@frames@ui@modules@UModSys@@@tl@5@XZ@YAXXZ 10015015 f    CIL library: CIL module
 0001:00014032       ??__F?s_id@?$TObjectUniqueID@URGenerator@frames@ui@modules@UModSys@@@tl@UModSys@@2USUniquePointer@core@3@A@@YAXXZ 10015032 f    CIL library: CIL module
 0001:0001403c       ??__F?s_id@?$TObjectUniqueID@URCollector@frames@ui@modules@UModSys@@@tl@UModSys@@2USUniquePointer@core@3@A@@YAXXZ 1001503c f    CIL library: CIL module
 0001:00014046       ??__F?s_id@?$TObjectUniqueID@URFrame_List@frames@ui@modules@UModSys@@@tl@UModSys@@2USUniquePointer@core@3@A@@YAXXZ 10015046 f    CIL library: CIL module
 0001:00014050       ??__F?s_id@?$TObjectUniqueID@URFrame_Edit@frames@ui@modules@UModSys@@@tl@UModSys@@2USUniquePointer@core@3@A@@YAXXZ 10015050 f    CIL library: CIL module
 0001:0001405a       ??__F?s_id@?$TObjectUniqueID@URFrame_Button@frames@ui@modules@UModSys@@@tl@UModSys@@2USUniquePointer@core@3@A@@YAXXZ 1001505a f    CIL library: CIL module
 0001:00014064       ??__F?s_id@?$TObjectUniqueID@URFrame_Text@frames@ui@modules@UModSys@@@tl@UModSys@@2USUniquePointer@core@3@A@@YAXXZ 10015064 f    CIL library: CIL module
 0001:0001406e       ??__F?s_id@?$TObjectUniqueID@URFrame_Image@frames@ui@modules@UModSys@@@tl@UModSys@@2USUniquePointer@core@3@A@@YAXXZ 1001506e f    CIL library: CIL module
 0001:00014078       ??__F?s_id@?$TObjectUniqueID@URFrame_Frame@frames@ui@modules@UModSys@@@tl@UModSys@@2USUniquePointer@core@3@A@@YAXXZ 10015078 f    CIL library: CIL module
 0001:00014082       ??__F?s_id@?$TObjectUniqueID@URDialog@frames@ui@modules@UModSys@@@tl@UModSys@@2USUniquePointer@core@3@A@@YAXXZ 10015082 f    CIL library: CIL module
 0001:0001408c       ??__F?s_id@?$TObjectUniqueID@URFrame_Common@frames@ui@modules@UModSys@@@tl@UModSys@@2USUniquePointer@core@3@A@@YAXXZ 1001508c f    CIL library: CIL module
 0001:00014096       ??__F?s_modreg@RModuleReg@images_std@media@modules@UModSys@@2U12345@A@@YAXXZ 10015096 f    CIL library: CIL module
 0001:000140a1       ??__F?s_modreg_chain@RModuleReg@images_std@media@modules@UModSys@@2USModuleRegChain@base@5@A@@YAXXZ 100150a1 f    CIL library: CIL module
 0001:000140ab       ??__F?s_uid@RGenerator@images_std@media@modules@UModSys@@2USUniquePointer@core@5@A@@YAXXZ 100150ab f    CIL library: CIL module
 0001:000140b5       ??__Fh@?1??s_holder@RGenerator@images_std@media@modules@UModSys@@SAAAU?$TTypeStaticHolder@URGenerator@images_std@media@modules@UModSys@@@tl@5@XZ@YAXXZ 100150b5 f    CIL library: CIL module
 0001:000140d2       ??__F?s_id@?$TObjectUniqueID@URGenerator@images_std@media@modules@UModSys@@@tl@UModSys@@2USUniquePointer@core@3@A@@YAXXZ 100150d2 f    CIL library: CIL module
 0001:000140dc       ??__F?s_id@?$TObjectUniqueID@URMediaFilter@images_std@media@modules@UModSys@@@tl@UModSys@@2USUniquePointer@core@3@A@@YAXXZ 100150dc f    CIL library: CIL module
 0001:000140e6       ??__F?s_modreg@RModuleReg@serialize_json@media@modules@UModSys@@2U12345@A@@YAXXZ 100150e6 f    CIL library: CIL module
 0001:000140f1       ??__F?s_modreg_chain@RModuleReg@serialize_json@media@modules@UModSys@@2USModuleRegChain@base@5@A@@YAXXZ 100150f1 f    CIL library: CIL module
 0001:000140fb       ??__F?s_uid@RGenerator@serialize_json@media@modules@UModSys@@2USUniquePointer@core@5@A@@YAXXZ 100150fb f    CIL library: CIL module
 0001:00014105       ??__Fh@?1??s_holder@RGenerator@serialize_json@media@modules@UModSys@@SAAAU?$TTypeStaticHolder@URGenerator@serialize_json@media@modules@UModSys@@@tl@5@XZ@YAXXZ 10015105 f    CIL library: CIL module
 0001:00014122       ??__F?s_id@?$TObjectUniqueID@URGenerator@serialize_json@media@modules@UModSys@@@tl@UModSys@@2USUniquePointer@core@3@A@@YAXXZ 10015122 f    CIL library: CIL module
 0001:0001412c       ??__F?s_id@?$TObjectUniqueID@URSerializeWriter@serialize_json@media@modules@UModSys@@@tl@UModSys@@2USUniquePointer@core@3@A@@YAXXZ 1001512c f    CIL library: CIL module
 0001:00014136       ??__F?s_id@?$TObjectUniqueID@URSerializeReader@serialize_json@media@modules@UModSys@@@tl@UModSys@@2USUniquePointer@core@3@A@@YAXXZ 10015136 f    CIL library: CIL module
 0001:00014140       ??__F?s_modreg@RModuleReg@zlib@media@modules@UModSys@@2U12345@A@@YAXXZ 10015140 f    CIL library: CIL module
 0001:0001414b       ??__F?s_modreg_chain@RModuleReg@zlib@media@modules@UModSys@@2USModuleRegChain@base@5@A@@YAXXZ 1001514b f    CIL library: CIL module
 0001:00014155       ??__F?s_uid@RGenerator@zlib@media@modules@UModSys@@2USUniquePointer@core@5@A@@YAXXZ 10015155 f    CIL library: CIL module
 0001:0001415f       ??__Fh@?1??s_holder@RGenerator@zlib@media@modules@UModSys@@SAAAU?$TTypeStaticHolder@URGenerator@zlib@media@modules@UModSys@@@tl@5@XZ@YAXXZ 1001515f f    CIL library: CIL module
 0001:0001417c       ??__F?s_id@?$TObjectUniqueID@URGenerator@zlib@media@modules@UModSys@@@tl@UModSys@@2USUniquePointer@core@3@A@@YAXXZ 1001517c f    CIL library: CIL module
 0001:00014186       ??__F?s_id@?$TObjectUniqueID@URBinArchiveFrameClient_ZIP@zlib@media@modules@UModSys@@@tl@UModSys@@2USUniquePointer@core@3@A@@YAXXZ 10015186 f    CIL library: CIL module
 0001:00014190       ??__FM@UModSys@@YAXXZ      10015190 f    CIL library: CIL module
 0001:00014191       ??__F?root@SModuleRegChain@base@UModSys@@2U123@A@@YAXXZ 10015191 f    CIL library: CIL module
 0001:0001419b       ??__F?s_library@RModuleLibraryReg_Chain@base@UModSys@@2U123@A@@YAXXZ 1001519b f    CIL library: CIL module
 0001:000141a6       ??__F?root@SUniquePointer@core@UModSys@@2U123@A@@YAXXZ 100151a6 f    CIL library: CIL module

 Exports

  ordinal    name

        1    _UModSys_Plugin_Entry2@0
