 plugin_test1

 Timestamp is 532ff085 (Mon Mar 24 11:44:53 2014)

 Preferred load address is 10000000

 Start         Length     Name                   Class
 0001:00000000 0002a7b1H .text                   CODE
 0001:0002a7b1 00000966H .text$x                 CODE
 0001:0002b117 00001231H .text$yc                CODE
 0001:0002c348 000006c8H .text$yd                CODE
 0002:00000000 00000230H .idata$5                DATA
 0002:00000230 00000004H .CRT$XCA                DATA
 0002:00000234 00001060H .CRT$XCU                DATA
 0002:00001294 00000004H .CRT$XCZ                DATA
 0002:00001298 00000004H .CRT$XIA                DATA
 0002:0000129c 00000004H .CRT$XIAA               DATA
 0002:000012a0 00000004H .CRT$XIC                DATA
 0002:000012a4 00000004H .CRT$XIZ                DATA
 0002:000012a8 0000cea8H .rdata                  DATA
 0002:0000e150 00001ed8H .rdata$r                DATA
 0002:00010030 00000114H .rdata$sxdata           DATA
 0002:00010144 00000004H .rtc$IAA                DATA
 0002:00010148 00000004H .rtc$IZZ                DATA
 0002:0001014c 00000004H .rtc$TAA                DATA
 0002:00010150 00000004H .rtc$TZZ                DATA
 0002:00010158 00000f94H .xdata$x                DATA
 0002:000110ec 00000078H .idata$2                DATA
 0002:00011164 00000014H .idata$3                DATA
 0002:00011178 00000230H .idata$4                DATA
 0002:000113a8 000009feH .idata$6                DATA
 0002:00011db0 0000005cH .edata                  DATA
 0003:00000000 00001680H .data                   DATA
 0003:00001680 000019a4H .bss                    DATA

  Address         Publics by Value              Rva+Base       Lib:Object

 0000:00000000       __except_list              00000000     <absolute>
 0000:00000045       ___safe_se_handler_count   00000045     <absolute>
 0000:00009876       __ldused                   00009876     <absolute>
 0000:00009876       __fltused                  00009876     <absolute>
 0000:00000000       ___ImageBase               10000000     <linker-defined>
 0001:00000000       ?new_data@SMemorySharedData@core@UModSys@@SAPAU123@IPBUSSourceContext@23@@Z 10001000 f i plugin_test1.obj
 0001:00000024       ??1State@RImage_Memory@stdlib@lib2d@modules@UModSys@@QAE@XZ 10001024 f i umodsys_lib_lib2d:umodsys.mod.2d.stdlib.obj
 0001:00000024       ??1SMemShared@core@UModSys@@QAE@XZ 10001024 f i plugin_test1.obj
 0001:00000024       ??1SCMemShared@core@UModSys@@QAE@XZ 10001024 f i plugin_test1.obj
 0001:0000002e       ?link@SCMemShared@core@UModSys@@QAE_NPAUSMemorySharedData@23@PAUSSourceContext@23@@Z 1000102e f i plugin_test1.obj
 0001:0000002e       ?link@SMemShared@core@UModSys@@QAE_NPAUSMemorySharedData@23@PAUSSourceContext@23@@Z 1000102e f i plugin_test1.obj
 0001:00000053       ??6SUniquePtrList@core@UModSys@@QAEAAU012@PBUSUniquePointerInfo@12@@Z 10001053 f i plugin_test1.obj
 0001:00000084       ??3IRoot@core@UModSys@@SAXPAXABUSIMemAlloc@12@@Z 10001084 f i plugin_test1.obj
 0001:0000009d       ?_root_get_other_interface@IRefObject@core@UModSys@@IBEPBUIRoot@23@PBUSUniquePointerInfo@23@@Z 1000109d f i plugin_test1.obj
 0001:0000009d       ?_root_get_other_interface@IRefObject@core@UModSys@@IAEPAUIRoot@23@PBUSUniquePointerInfo@23@@Z 1000109d f i plugin_test1.obj
 0001:000000be       ?_root_get_interface_types@IRefObject@core@UModSys@@SAIAAUSUniquePtrList@23@@Z 100010be f i plugin_test1.obj
 0001:000000de       ?_root_is_interface_supported@IRefObject@core@UModSys@@SA_NPBUSUniquePointerInfo@23@@Z 100010de f i plugin_test1.obj
 0001:000000f5       ??$slen@D@su@tl@UModSys@@YAIPBD@Z 100010f5 f i plugin_test1.obj
 0001:0000010e       ??$seq@D@su@tl@UModSys@@YA_NPBD0@Z 1000110e f i plugin_test1.obj
 0001:0000013b       ??0SParameters@core@UModSys@@QAE@PAUIParameters@12@PAXH@Z 1000113b f i plugin_test1.obj
 0001:0000015e       ?add@SParameters@core@UModSys@@QAE_NPBDH@Z 1000115e f i plugin_test1.obj
 0001:00000179       ?_root_get_other_interface@IGenerator@base@UModSys@@IBEPBUIRoot@core@3@PBUSUniquePointerInfo@53@@Z 10001179 f i plugin_test1.obj
 0001:00000179       ?_root_get_other_interface@IGenerator@base@UModSys@@IAEPAUIRoot@core@3@PBUSUniquePointerInfo@53@@Z 10001179 f i plugin_test1.obj
 0001:00000195       ?_root_is_interface_supported@IGenerator@base@UModSys@@SA_NPBUSUniquePointerInfo@core@3@@Z 10001195 f i plugin_test1.obj
 0001:000001b5       ?_root_is_interface_supported@IBinObjFilter@libmedia@UModSys@@SA_NPBUSUniquePointerInfo@core@3@@Z 100011b5 f i plugin_test1.obj
 0001:000001d5       ?get_buttonmask@SMouseInput@libui@UModSys@@QBEIW4eButtonInputStatus@23@@Z 100011d5 f i plugin_test1.obj
 0001:000001fc       ?set_info@IImage@lib2d@UModSys@@QAE_NW4eImageType@23@HHPBD@Z 100011fc f i plugin_test1.obj
 0001:00000227       ?render_text@IRenderDriver@lib2d@UModSys@@QAE_NABU?$TVector2@H@math3d@3@PBHHPBU?$TVector2@M@53@@Z 10001227 f i plugin_test1.obj
 0001:00000255       ??1IBinObjFilter@libmedia@UModSys@@UAE@XZ 10001255 f i plugin_test1.obj
 0001:0000025a       ??1ILibObject@libmedia@UModSys@@UAE@XZ 1000125a f i plugin_test1.obj
 0001:00000291       ?root_get_interface_info@RTest1_Shell@test1@test@modules@UModSys@@UBEABUSUniquePointerInfo@core@5@XZ 10001291 f i plugin_test1.obj
 0001:00000297       ?root_get_interface_type@RTest1_Shell@test1@test@modules@UModSys@@UBEPBUSUniquePointerInfo@core@5@XZ 10001297 f i plugin_test1.obj
 0001:0000029d       ?root_get_other_interface@RTest1_Shell@test1@test@modules@UModSys@@UBEPBUIRoot@core@5@PBUSUniquePointerInfo@75@@Z 1000129d f i plugin_test1.obj
 0001:0000029d       ?root_get_other_interface@RTest1_Shell@test1@test@modules@UModSys@@UAEPAUIRoot@core@5@PBUSUniquePointerInfo@75@@Z 1000129d f i plugin_test1.obj
 0001:000002be       ?root_is_interface_supported@RTest1_Shell@test1@test@modules@UModSys@@UBE_NPBUSUniquePointerInfo@core@5@@Z 100012be f i plugin_test1.obj
 0001:000002e5       ?ref_add@RTest1_Shell@test1@test@modules@UModSys@@UBEXXZ 100012e5 f i plugin_test1.obj
 0001:000002e9       ?ref_remove@RTest1_Shell@test1@test@modules@UModSys@@UBEXXZ 100012e9 f i plugin_test1.obj
 0001:000002f4       ?ref_links@RTest1_Shell@test1@test@modules@UModSys@@UBEHXZ 100012f4 f i plugin_test1.obj
 0001:000002f8       ?ref_weak@RTest1_Shell@test1@test@modules@UModSys@@UBE_NAAUWeakPointer@IRefObject@core@5@@Z 100012f8 f i plugin_test1.obj
 0001:00000317       ?suicide@RTest1_Shell@test1@test@modules@UModSys@@UAEXXZ 10001317 f i plugin_test1.obj
 0001:00000354       ?set@VertexPC@UI_Info@RTest1_Shell@test1@test@modules@UModSys@@QAEXABU?$TVector3@N@math3d@7@ABU?$TVector3@M@97@@Z 10001354 f i plugin_test1.obj
 0001:0000039e       ??0RTest1_Shell@test1@test@modules@UModSys@@QAE@PAUIModObject@base@4@@Z 1000139e f i plugin_test1.obj
 0001:000004b0       ??1RTest1_Shell@test1@test@modules@UModSys@@UAE@XZ 100014b0 f i plugin_test1.obj
 0001:00000538       ?connect@RTest1_Shell@test1@test@modules@UModSys@@UAE_NXZ 10001538 f i plugin_test1.obj
 0001:00000550       ?disconnect@RTest1_Shell@test1@test@modules@UModSys@@UAE_NXZ 10001550 f i plugin_test1.obj
 0001:00000568       ?process_tick@RTest1_Shell@test1@test@modules@UModSys@@UAE_NABUSTimeMsec@core@5@@Z 10001568 f i plugin_test1.obj
 0001:00000594       ?process_command@RTest1_Shell@test1@test@modules@UModSys@@UAE_NHQBU?$TString@U?$TSCoreConst@D@su@tl@UModSys@@U?$TComparerBinaryHash@D@234@@tl@5@@Z 10001594 f i plugin_test1.obj
 0001:000005b3       ??_GRTest1_Shell@test1@test@modules@UModSys@@UAEPAXI@Z 100015b3 f i plugin_test1.obj
 0001:000005b3       ??_ERTest1_Shell@test1@test@modules@UModSys@@UAEPAXI@Z 100015b3 f i  CIL library: CIL module
 0001:000005d0       ?ui_newframes@RTest1_Shell@test1@test@modules@UModSys@@SA?AU?$TRefObject@UICollector@libui@UModSys@@U?$TRefObjectFunc@UICollector@libui@UModSys@@@tl@3@@tl@5@ABU?$TString@U?$TSCoreConst@D@su@tl@UModSys@@U?$TComparerBinaryHash@D@234@@75@ABUSParameters@core@5@@Z 100015d0 f   plugin_test1.obj
 0001:000005ee       ?ui_newterm@RTest1_Shell@test1@test@modules@UModSys@@SA?AU?$TRefObject@UITerminal@libui@UModSys@@U?$TRefObjectFunc@UITerminal@libui@UModSys@@@tl@3@@tl@5@ABU?$TString@U?$TSCoreConst@D@su@tl@UModSys@@U?$TComparerBinaryHash@D@234@@75@ABUSParameters@core@5@@Z 100015ee f   plugin_test1.obj
 0001:0000060c       ?key_pressed@RTest1_Shell@test1@test@modules@UModSys@@UAE_NABUSKeyboardInputRaw@libui@5@@Z 1000160c f   plugin_test1.obj
 0001:0000064e       ?key_text@RTest1_Shell@test1@test@modules@UModSys@@UAE_NABUSKeyboardInputText@libui@5@@Z 1000164e f   plugin_test1.obj
 0001:00000687       ?mouse_event@RTest1_Shell@test1@test@modules@UModSys@@UAE_NABUSMouseInput@libui@5@@Z 10001687 f   plugin_test1.obj
 0001:000006cb       ?command@RTest1_Shell@test1@test@modules@UModSys@@UAE_NABUSController@libui@5@HABUSFrameDataIn@75@@Z 100016cb f   plugin_test1.obj
 0001:00000706       ?db_get@RTest1_Shell@test1@test@modules@UModSys@@UAE_NABUSController@libui@5@QBDABUSFrameDataOut@75@@Z 10001706 f   plugin_test1.obj
 0001:0000075b       ?db_get@RTest1_Shell@test1@test@modules@UModSys@@UAE_NABUSController@libui@5@QBDHABUSFrameDataOut@75@@Z 1000175b f   plugin_test1.obj
 0001:000007b0       ?font_2d@UI_Info@RTest1_Shell@test1@test@modules@UModSys@@QAE_NXZ 100017b0 f   plugin_test1.obj
 0001:000008e7       ?init_term@UI_Info@RTest1_Shell@test1@test@modules@UModSys@@QAE_NPBD@Z 100018e7 f   plugin_test1.obj
 0001:00000ad2       ?create_3d@UI_Info@RTest1_Shell@test1@test@modules@UModSys@@QAE_NPBD@Z 10001ad2 f   plugin_test1.obj
 0001:00000bb3       ?new_frames@UI_Info@RTest1_Shell@test1@test@modules@UModSys@@QAE_NPAUIController@libui@6@@Z 10001bb3 f   plugin_test1.obj
 0001:00001043       ??1SFrameCreateParameters@libui@UModSys@@QAE@XZ 10002043 f i plugin_test1.obj
 0001:00001054       ?shutdown@UI_Info@RTest1_Shell@test1@test@modules@UModSys@@QAEXXZ 10002054 f   plugin_test1.obj
 0001:00001089       ?new_va_1@UI_Info@RTest1_Shell@test1@test@modules@UModSys@@QAE_NXZ 10002089 f   plugin_test1.obj
 0001:00001402       ?fps_move@UI_Info@RTest1_Shell@test1@test@modules@UModSys@@QAEXNNN@Z 10002402 f   plugin_test1.obj
 0001:00001510       ?fps2_move@UI_Info@RTest1_Shell@test1@test@modules@UModSys@@QAEXHN@Z 10002510 f   plugin_test1.obj
 0001:0000156a       ?fps2_add_rot@UI_Info@RTest1_Shell@test1@test@modules@UModSys@@QAEXNN@Z 1000256a f   plugin_test1.obj
 0001:00001664       ?fps_add_rot@UI_Info@RTest1_Shell@test1@test@modules@UModSys@@QAEXNN@Z 10002664 f   plugin_test1.obj
 0001:000016f3       ?key_pressed@UI_Info@RTest1_Shell@test1@test@modules@UModSys@@UAE_NABUSKeyboardInputRaw@libui@6@@Z 100026f3 f   plugin_test1.obj
 0001:00001795       ?mouse_event@UI_Info@RTest1_Shell@test1@test@modules@UModSys@@UAE_NABUSMouseInput@libui@6@@Z 10002795 f   plugin_test1.obj
 0001:000017e5       ?cycle3d@UI_Info@RTest1_Shell@test1@test@modules@UModSys@@QAEXXZ 100027e5 f   plugin_test1.obj
 0001:00001b0a       ??0UI_Info@RTest1_Shell@test1@test@modules@UModSys@@QAE@XZ 10002b0a f i plugin_test1.obj
 0001:00001b42       ??1UI_Info@RTest1_Shell@test1@test@modules@UModSys@@QAE@XZ 10002b42 f i plugin_test1.obj
 0001:00001c36       ?ui_test2@RTest1_Shell@test1@test@modules@UModSys@@QAEXXZ 10002c36 f   plugin_test1.obj
 0001:00001d4e       ?get_generated_names@RGenerator@test1@test@modules@UModSys@@UBEHAAUSUniquePtrList@core@5@@Z 10002d4e f i plugin_test1.obj
 0001:00001d67       ?get_generated_types@RGenerator@test1@test@modules@UModSys@@UBEHAAUSUniquePtrList@core@5@PBUSUniquePointerInfo@75@@Z 10002d67 f i plugin_test1.obj
 0001:00001d9b       ?generate@RGenerator@test1@test@modules@UModSys@@UAE_NAAU?$TRefObject@UIRefObject@core@UModSys@@U?$TRefObjectFunc@UIRefObject@core@UModSys@@@tl@3@@tl@5@PBUSUniquePointerInfo@core@5@ABUSParameters@95@@Z 10002d9b f i plugin_test1.obj
 0001:00001e1d       ?root_get_interface_info@RGenerator@test1@test@modules@UModSys@@UBEABUSUniquePointerInfo@core@5@XZ 10002e1d f i plugin_test1.obj
 0001:00001e23       ?root_get_interface_type@RGenerator@test1@test@modules@UModSys@@UBEPBUSUniquePointerInfo@core@5@XZ 10002e23 f i plugin_test1.obj
 0001:00001e29       ?root_get_other_interface@RGenerator@test1@test@modules@UModSys@@UBEPBUIRoot@core@5@PBUSUniquePointerInfo@75@@Z 10002e29 f i plugin_test1.obj
 0001:00001e29       ?root_get_other_interface@RGenerator@test1@test@modules@UModSys@@UAEPAUIRoot@core@5@PBUSUniquePointerInfo@75@@Z 10002e29 f i plugin_test1.obj
 0001:00001e42       ?root_is_interface_supported@RGenerator@test1@test@modules@UModSys@@UBE_NPBUSUniquePointerInfo@core@5@@Z 10002e42 f i plugin_test1.obj
 0001:00001e61       ?ref_remove@RTerminal@SDL_GL@ui@modules@UModSys@@UBEXXZ 10002e61 f i umodsys_lib_libui:umodsys.mod.ui.SDL_GL.obj
 0001:00001e61       ?ref_remove@RGenerator@test1@test@modules@UModSys@@UBEXXZ 10002e61 f i plugin_test1.obj
 0001:00001e61       ?ref_remove@RTerminal@SDL_core@ui@modules@UModSys@@UBEXXZ 10002e61 f i umodsys_lib_libui:umodsys.mod.ui.SDL_core.obj
 0001:00001e61       ?ref_remove@RMultiImage2D_SDL_ttf@SDL_GL@ui@modules@UModSys@@UBEXXZ 10002e61 f i umodsys_lib_libui:umodsys.mod.ui.SDL_GL.obj
 0001:00001e61       ?ref_remove@RGenerator@SDL_GL@ui@modules@UModSys@@UBEXXZ 10002e61 f i umodsys_lib_libui:umodsys.mod.ui.SDL_GL.obj
 0001:00001e61       ?ref_remove@RGenerator@stdlib@lib2d@modules@UModSys@@UBEXXZ 10002e61 f i umodsys_lib_lib2d:umodsys.mod.2d.stdlib.obj
 0001:00001e61       ?ref_remove@RImage_Memory@stdlib@lib2d@modules@UModSys@@UBEXXZ 10002e61 f i umodsys_lib_lib2d:umodsys.mod.2d.stdlib.obj
 0001:00001e61       ?ref_remove@RGenerator@SDL_core@ui@modules@UModSys@@UBEXXZ 10002e61 f i umodsys_lib_libui:umodsys.mod.ui.SDL_core.obj
 0001:00001e61       ?ref_remove@RGenerator@images_std@media@modules@UModSys@@UBEXXZ 10002e61 f i umodsys_lib_libmedia:umodsys.mod.media.images_std.obj
 0001:00001e61       ?ref_remove@RDialog@frames@ui@modules@UModSys@@UBEXXZ 10002e61 f i umodsys_lib_libui:umodsys.mod.ui.frames.obj
 0001:00001e61       ?ref_remove@RImageFactory_Memory@stdlib@lib2d@modules@UModSys@@UBEXXZ 10002e61 f i umodsys_lib_lib2d:umodsys.mod.2d.stdlib.obj
 0001:00001e61       ?ref_remove@RMultiImage@stdlib@lib2d@modules@UModSys@@UBEXXZ 10002e61 f i umodsys_lib_lib2d:umodsys.mod.2d.stdlib.obj
 0001:00001e61       ?ref_remove@RGenerator@frames@ui@modules@UModSys@@UBEXXZ 10002e61 f i umodsys_lib_libui:umodsys.mod.ui.frames.obj
 0001:00001e61       ?ref_remove@RSerializeReader@serialize_json@media@modules@UModSys@@UBEXXZ 10002e61 f i umodsys_lib_libmedia:umodsys.mod.media.serialize_json.obj
 0001:00001e61       ?ref_remove@RBinArchiveFrameClient_ZIP@zlib@media@modules@UModSys@@UBEXXZ 10002e61 f i umodsys_lib_libmedia:umodsys.mod.media.zlib.obj
 0001:00001e61       ?ref_remove@RGenerator@serialize_json@media@modules@UModSys@@UBEXXZ 10002e61 f i umodsys_lib_libmedia:umodsys.mod.media.serialize_json.obj
 0001:00001e61       ?ref_remove@RVertexArray@SDL_GL@ui@modules@UModSys@@UBEXXZ 10002e61 f i umodsys_lib_libui:umodsys.mod.ui.SDL_GL.obj
 0001:00001e61       ?ref_remove@RGenerator@zlib@media@modules@UModSys@@UBEXXZ 10002e61 f i umodsys_lib_libmedia:umodsys.mod.media.zlib.obj
 0001:00001e61       ?ref_remove@RMultiImage2D_SDL_ttf@SDL_core@ui@modules@UModSys@@UBEXXZ 10002e61 f i umodsys_lib_libui:umodsys.mod.ui.SDL_core.obj
 0001:00001e6c       ?get_uid@RGenerator@test1@test@modules@UModSys@@UBEPBUSUniquePointerInfo@core@5@XZ 10002e6c f i plugin_test1.obj
 0001:00001e72       ?do_open@RModuleReg@test1@test@modules@UModSys@@UAE_NXZ 10002e72 f i plugin_test1.obj
 0001:00001ed5       ?do_close@RModuleReg@test1@test@modules@UModSys@@UAE_NXZ 10002ed5 f i plugin_test1.obj
 0001:00001f25       ?get_module@RGenerator@test1@test@modules@UModSys@@UBEPAUIModule@base@5@XZ 10002f25 f   plugin_test1.obj
 0001:00001f2b       ?mod_inc@RGenerator@test1@test@modules@UModSys@@UBE_NXZ 10002f2b f   plugin_test1.obj
 0001:00001f36       ?mod_dec@RGenerator@test1@test@modules@UModSys@@UBE_NXZ 10002f36 f   plugin_test1.obj
 0001:00001f41       ?s_holder@RGenerator@test1@test@modules@UModSys@@SAAAU?$TTypeStaticHolder@URGenerator@test1@test@modules@UModSys@@@tl@5@XZ 10002f41 f   plugin_test1.obj
 0001:00001f73       ??0?$TString@U?$TSCoreConst@D@su@tl@UModSys@@U?$TComparerBinaryHash@D@234@@tl@UModSys@@QAE@PBD@Z 10002f73 f i plugin_test1.obj
 0001:00001f98       ??8?$TString@U?$TSCoreConst@D@su@tl@UModSys@@U?$TComparerBinaryHash@D@234@@tl@UModSys@@QBE_NPBD@Z 10002f98 f i plugin_test1.obj
 0001:00001fba       ??4?$TString@U?$TSCoreConst@D@su@tl@UModSys@@U?$TComparerBinaryHash@D@234@@tl@UModSys@@QAEABU012@PBD@Z 10002fba f i plugin_test1.obj
 0001:00001fd6       ??0?$TString@U?$TSCoreShared@USIMemAlloc@core@UModSys@@D@su@tl@UModSys@@U?$TComparerBinaryHash@D@234@@tl@UModSys@@QAE@XZ 10002fd6 f i plugin_test1.obj
 0001:00001fec       ??4?$TString@U?$TSCoreShared@USIMemAlloc@core@UModSys@@D@su@tl@UModSys@@U?$TComparerBinaryHash@D@234@@tl@UModSys@@QAEABU012@ABU012@@Z 10002fec f i plugin_test1.obj
 0001:0000200e       ?normalize@?$TVector3@N@math3d@UModSys@@QAENXZ 1000300e f i plugin_test1.obj
 0001:00002065       ??4?$TRefObject@UIMultiImage@lib2d@UModSys@@U?$TRefObjectFunc@UIMultiImage@lib2d@UModSys@@@tl@3@@tl@UModSys@@QAEABU012@PAUIMultiImage@lib2d@2@@Z 10003065 f i plugin_test1.obj
 0001:00002065       ??4?$TRefObject@UIRefObject@core@UModSys@@U?$TRefObjectFunc@UIRefObject@core@UModSys@@@tl@3@@tl@UModSys@@QAEABU012@PAUIRefObject@core@2@@Z 10003065 f i plugin_test1.obj
 0001:00002065       ??4?$TRefObject@URFrame_Common@frames@ui@modules@UModSys@@U?$TRefObjectFunc@URFrame_Common@frames@ui@modules@UModSys@@@tl@5@@tl@UModSys@@QAEABU012@PAURFrame_Common@frames@ui@modules@2@@Z 10003065 f i umodsys_lib_libui:umodsys.mod.ui.frames.obj
 0001:00002065       ??4?$TRefObject@UIRenderDriver@lib2d@UModSys@@U?$TRefObjectFunc@UIRenderDriver@lib2d@UModSys@@@tl@3@@tl@UModSys@@QAEABU012@PAUIRenderDriver@lib2d@2@@Z 10003065 f i plugin_test1.obj
 0001:00002065       ??4?$TRefObject@UIImage@lib2d@UModSys@@U?$TRefObjectFunc@UIImage@lib2d@UModSys@@@tl@3@@tl@UModSys@@QAEABU012@PAUIImage@lib2d@2@@Z 10003065 f i plugin_test1.obj
 0001:00002080       ??4?$TRefObject@UIVertexArray@lib3d@UModSys@@U?$TRefObjectFunc@UIVertexArray@lib3d@UModSys@@@tl@3@@tl@UModSys@@QAEABU012@ABU012@@Z 10003080 f i plugin_test1.obj
 0001:0000209f       ??0?$TParametersA@$0EAA@@core@UModSys@@QAE@XZ 1000309f f i plugin_test1.obj
 0001:000020c1       ?update@?$TComparerBinaryHash@D@su@tl@UModSys@@QAEXPBDI@Z 100030c1 f i plugin_test1.obj
 0001:000020f8       ?info_release@?$TSCoreShared@USIMemAlloc@core@UModSys@@D@su@tl@UModSys@@QAEXXZ 100030f8 f i plugin_test1.obj
 0001:00002131       ?info_new@?$TSCoreShared@USIMemAlloc@core@UModSys@@D@su@tl@UModSys@@QAE_NPBDI@Z 10003131 f i plugin_test1.obj
 0001:00002195       ?get_null@?$TSCoreShared@USIMemAlloc@core@UModSys@@D@su@tl@UModSys@@SAPAU?$TSharedStringInfo@DUSIMemAlloc@core@UModSys@@@234@XZ 10003195 f i plugin_test1.obj
 0001:000021cd       ?mult3@?$TMatrix44@N@math3d@UModSys@@QAEXABU123@0@Z 100031cd f i plugin_test1.obj
 0001:000022a8       ?set_rotate_about@?$TMatrix44@N@math3d@UModSys@@QAEXABU?$TVector3@N@23@N@Z 100032a8 f i plugin_test1.obj
 0001:000023d6       ?set_inversed@?$TMatrix44@N@math3d@UModSys@@QAE_NABU123@@Z 100033d6 f i plugin_test1.obj
 0001:000027ad       ??$generate_type@UICollector@libui@UModSys@@@RTest1_Shell@test1@test@modules@UModSys@@SA?AU?$TRefObject@UICollector@libui@UModSys@@U?$TRefObjectFunc@UICollector@libui@UModSys@@@tl@3@@tl@4@ABU?$TString@U?$TSCoreConst@D@su@tl@UModSys@@U?$TComparerBinaryHash@D@234@@64@ABUSParameters@core@4@PBD@Z 100037ad f i plugin_test1.obj
 0001:000028a7       ??$generate_type@UITerminal@libui@UModSys@@@RTest1_Shell@test1@test@modules@UModSys@@SA?AU?$TRefObject@UITerminal@libui@UModSys@@U?$TRefObjectFunc@UITerminal@libui@UModSys@@@tl@3@@tl@4@ABU?$TString@U?$TSCoreConst@D@su@tl@UModSys@@U?$TComparerBinaryHash@D@234@@64@ABUSParameters@core@4@PBD@Z 100038a7 f i plugin_test1.obj
 0001:000029a1       ??$t_create_handler@UIKeyboardController@libui@UModSys@@@ITerminal@libui@UModSys@@QAE_NAAU?$TRefObject@UIKeyboardController@libui@UModSys@@U?$TRefObjectFunc@UIKeyboardController@libui@UModSys@@@tl@3@@tl@2@PBDPBUSParameters@core@2@@Z 100039a1 f i plugin_test1.obj
 0001:00002a23       ??$t_create_handler@UIMouseController@libui@UModSys@@@ITerminal@libui@UModSys@@QAE_NAAU?$TRefObject@UIMouseController@libui@UModSys@@U?$TRefObjectFunc@UIMouseController@libui@UModSys@@@tl@3@@tl@2@PBDPBUSParameters@core@2@@Z 10003a23 f i plugin_test1.obj
 0001:00002aa5       ??$t_create_handler@UIRenderDriver@lib3d@UModSys@@@ITerminal@libui@UModSys@@QAE_NAAU?$TRefObject@UIRenderDriver@lib3d@UModSys@@U?$TRefObjectFunc@UIRenderDriver@lib3d@UModSys@@@tl@3@@tl@2@PBDPBUSParameters@core@2@@Z 10003aa5 f i plugin_test1.obj
 0001:00002b29       ??1?$TRefObject@UIModObject@base@UModSys@@U?$TModObjectFunc@UIModObject@base@UModSys@@@tl@3@@tl@UModSys@@QAE@XZ 10003b29 f i plugin_test1.obj
 0001:00002b3f       ?get_determinant@?$TMatrix44@N@math3d@UModSys@@QBENXZ 10003b3f f i plugin_test1.obj
 0001:00002bfb       ?s_init@?$TModObjectFunc@UIModObject@base@UModSys@@@tl@UModSys@@SAXAAPAUIModObject@base@3@PAU453@@Z 10003bfb f i plugin_test1.obj
 0001:00002c14       ??$t_ref_get_other_interface@UIStreamReader@libmedia@UModSys@@U?$TRefObjectFunc@UIStreamReader@libmedia@UModSys@@@tl@3@@IRefObject@core@UModSys@@QAE_NAAU?$TRefObject@UIStreamReader@libmedia@UModSys@@U?$TRefObjectFunc@UIStreamReader@libmedia@UModSys@@@tl@3@@tl@2@@Z 10003c14 f i plugin_test1.obj
 0001:00002c43       ??$t_ref_get_other_interface@UIStreamWriter@libmedia@UModSys@@U?$TRefObjectFunc@UIStreamWriter@libmedia@UModSys@@@tl@3@@IRefObject@core@UModSys@@QAE_NAAU?$TRefObject@UIStreamWriter@libmedia@UModSys@@U?$TRefObjectFunc@UIStreamWriter@libmedia@UModSys@@@tl@3@@tl@2@@Z 10003c43 f i plugin_test1.obj
 0001:00002c72       ??$t_generate@UICollector@libui@UModSys@@@SModuleContext@base@UModSys@@QAE_NAAU?$TRefObject@UICollector@libui@UModSys@@U?$TRefObjectFunc@UICollector@libui@UModSys@@@tl@3@@tl@2@PBUSUniquePointerInfo@core@2@ABUSParameters@62@@Z 10003c72 f i plugin_test1.obj
 0001:00002d0e       ??$t_generate@UITerminal@libui@UModSys@@@SModuleContext@base@UModSys@@QAE_NAAU?$TRefObject@UITerminal@libui@UModSys@@U?$TRefObjectFunc@UITerminal@libui@UModSys@@@tl@3@@tl@2@PBUSUniquePointerInfo@core@2@ABUSParameters@62@@Z 10003d0e f i plugin_test1.obj
 0001:00002daa       ??$t_ref_get_other_interface@UIImageFactory@lib2d@UModSys@@U?$TRefObjectFunc@UIImageFactory@lib2d@UModSys@@@tl@3@@IRefObject@core@UModSys@@QAE_NAAU?$TRefObject@UIImageFactory@lib2d@UModSys@@U?$TRefObjectFunc@UIImageFactory@lib2d@UModSys@@@tl@3@@tl@2@@Z 10003daa f i plugin_test1.obj
 0001:00002dd9       ??$t_ref_get_other_interface@UIMultiImage@lib2d@UModSys@@U?$TRefObjectFunc@UIMultiImage@lib2d@UModSys@@@tl@3@@IRefObject@core@UModSys@@QAE_NAAU?$TRefObject@UIMultiImage@lib2d@UModSys@@U?$TRefObjectFunc@UIMultiImage@lib2d@UModSys@@@tl@3@@tl@2@@Z 10003dd9 f i plugin_test1.obj
 0001:00002df9       ?alloc@SMemShared@core@UModSys@@QAE_NIPAUSSourceContext@23@@Z 10003df9 f i umodsys_lib_lib2d:umodsys.mod.2d.stdlib.obj
 0001:00002e12       ?get@SMemShared@core@UModSys@@QBE?AUSMem@23@XZ 10003e12 f i umodsys_lib_libmedia:umodsys.mod.media.images_std.obj
 0001:00002e12       ??BSMemShared@core@UModSys@@QBE?AUSMem@12@XZ 10003e12 f i umodsys_lib_lib2d:umodsys.mod.2d.stdlib.obj
 0001:00002e12       ??BSCMemShared@core@UModSys@@QBE?AUSCMem@12@XZ 10003e12 f i plugin_test1.obj
 0001:00002e42       ?ConvertSameSize@stdlib@lib2d@modules@UModSys@@YA_NW4eImageType@24@ABU?$TVector2@H@math3d@4@11ABUSMem@core@4@11ABUSCMem@94@@Z 10003e42 f i umodsys_lib_lib2d:umodsys.mod.2d.stdlib.obj
 0001:00002ec5       ?ConvertSame@stdlib@lib2d@modules@UModSys@@YA_NW4eImageType@24@ABU?$TBoundBox2@H@math3d@4@ABU?$TVector2@H@74@ABUSMem@core@4@12ABUSCMem@core@4@@Z 10003ec5 f i umodsys_lib_lib2d:umodsys.mod.2d.stdlib.obj
 0001:00002f28       ?Convert@stdlib@lib2d@modules@UModSys@@YA_NABU?$TBoundBox2@H@math3d@4@ABUSImageInfo@24@ABUSMem@core@4@01ABUSCMem@94@@Z 10003f28 f i umodsys_lib_lib2d:umodsys.mod.2d.stdlib.obj
 0001:00002f8a       ?root_get_interface_info@RImage_Memory@stdlib@lib2d@modules@UModSys@@UBEABUSUniquePointerInfo@core@5@XZ 10003f8a f i umodsys_lib_lib2d:umodsys.mod.2d.stdlib.obj
 0001:00002f90       ?root_get_interface_type@RImage_Memory@stdlib@lib2d@modules@UModSys@@UBEPBUSUniquePointerInfo@core@5@XZ 10003f90 f i umodsys_lib_lib2d:umodsys.mod.2d.stdlib.obj
 0001:00002f96       ?root_get_other_interface@RImage_Memory@stdlib@lib2d@modules@UModSys@@UBEPBUIRoot@core@5@PBUSUniquePointerInfo@75@@Z 10003f96 f i umodsys_lib_lib2d:umodsys.mod.2d.stdlib.obj
 0001:00002f96       ?root_get_other_interface@RImage_Memory@stdlib@lib2d@modules@UModSys@@UAEPAUIRoot@core@5@PBUSUniquePointerInfo@75@@Z 10003f96 f i umodsys_lib_lib2d:umodsys.mod.2d.stdlib.obj
 0001:00002fb7       ?root_is_interface_supported@RImage_Memory@stdlib@lib2d@modules@UModSys@@UBE_NPBUSUniquePointerInfo@core@5@@Z 10003fb7 f i umodsys_lib_lib2d:umodsys.mod.2d.stdlib.obj
 0001:00002fde       ??0State@RImage_Memory@stdlib@lib2d@modules@UModSys@@QAE@XZ 10003fde f i umodsys_lib_lib2d:umodsys.mod.2d.stdlib.obj
 0001:00003010       ?root_get_interface_info@RImageFactory_Memory@stdlib@lib2d@modules@UModSys@@UBEABUSUniquePointerInfo@core@5@XZ 10004010 f i umodsys_lib_lib2d:umodsys.mod.2d.stdlib.obj
 0001:00003016       ?root_get_interface_type@RImageFactory_Memory@stdlib@lib2d@modules@UModSys@@UBEPBUSUniquePointerInfo@core@5@XZ 10004016 f i umodsys_lib_lib2d:umodsys.mod.2d.stdlib.obj
 0001:0000301c       ?root_get_other_interface@RImageFactory_Memory@stdlib@lib2d@modules@UModSys@@UAEPAUIRoot@core@5@PBUSUniquePointerInfo@75@@Z 1000401c f i umodsys_lib_lib2d:umodsys.mod.2d.stdlib.obj
 0001:0000301c       ?root_get_other_interface@RImageFactory_Memory@stdlib@lib2d@modules@UModSys@@UBEPBUIRoot@core@5@PBUSUniquePointerInfo@75@@Z 1000401c f i umodsys_lib_lib2d:umodsys.mod.2d.stdlib.obj
 0001:0000303d       ?root_is_interface_supported@RImageFactory_Memory@stdlib@lib2d@modules@UModSys@@UBE_NPBUSUniquePointerInfo@core@5@@Z 1000403d f i umodsys_lib_lib2d:umodsys.mod.2d.stdlib.obj
 0001:00003064       ?root_get_interface_info@RMultiImage@stdlib@lib2d@modules@UModSys@@UBEABUSUniquePointerInfo@core@5@XZ 10004064 f i umodsys_lib_lib2d:umodsys.mod.2d.stdlib.obj
 0001:0000306a       ?root_get_interface_type@RMultiImage@stdlib@lib2d@modules@UModSys@@UBEPBUSUniquePointerInfo@core@5@XZ 1000406a f i umodsys_lib_lib2d:umodsys.mod.2d.stdlib.obj
 0001:00003070       ?root_get_other_interface@RMultiImage@stdlib@lib2d@modules@UModSys@@UAEPAUIRoot@core@5@PBUSUniquePointerInfo@75@@Z 10004070 f i umodsys_lib_lib2d:umodsys.mod.2d.stdlib.obj
 0001:00003070       ?root_get_other_interface@RMultiImage@stdlib@lib2d@modules@UModSys@@UBEPBUIRoot@core@5@PBUSUniquePointerInfo@75@@Z 10004070 f i umodsys_lib_lib2d:umodsys.mod.2d.stdlib.obj
 0001:00003091       ?root_is_interface_supported@RMultiImage@stdlib@lib2d@modules@UModSys@@UBE_NPBUSUniquePointerInfo@core@5@@Z 10004091 f i umodsys_lib_lib2d:umodsys.mod.2d.stdlib.obj
 0001:000030b8       ?suicide@RTerminal@SDL_core@ui@modules@UModSys@@UAEXXZ 100040b8 f i umodsys_lib_libui:umodsys.mod.ui.SDL_core.obj
 0001:000030b8       ?suicide@RImageFactory_Memory@stdlib@lib2d@modules@UModSys@@UAEXXZ 100040b8 f i umodsys_lib_lib2d:umodsys.mod.2d.stdlib.obj
 0001:000030b8       ?suicide@RBinArchiveFrameClient_ZIP@zlib@media@modules@UModSys@@UAEXXZ 100040b8 f i umodsys_lib_libmedia:umodsys.mod.media.zlib.obj
 0001:000030b8       ?suicide@RMultiImage@stdlib@lib2d@modules@UModSys@@UAEXXZ 100040b8 f i umodsys_lib_lib2d:umodsys.mod.2d.stdlib.obj
 0001:000030b8       ?suicide@RTerminal@SDL_GL@ui@modules@UModSys@@UAEXXZ 100040b8 f i umodsys_lib_libui:umodsys.mod.ui.SDL_GL.obj
 0001:000030b8       ?suicide@RSerializeReader@serialize_json@media@modules@UModSys@@UAEXXZ 100040b8 f i umodsys_lib_libmedia:umodsys.mod.media.serialize_json.obj
 0001:000030b8       ?suicide@RImage_Memory@stdlib@lib2d@modules@UModSys@@UAEXXZ 100040b8 f i umodsys_lib_lib2d:umodsys.mod.2d.stdlib.obj
 0001:000030f5       ?get_generated_names@RGenerator@stdlib@lib2d@modules@UModSys@@UBEHAAUSUniquePtrList@core@5@@Z 100040f5 f i umodsys_lib_lib2d:umodsys.mod.2d.stdlib.obj
 0001:00003124       ?get_generated_types@RGenerator@stdlib@lib2d@modules@UModSys@@UBEHAAUSUniquePtrList@core@5@PBUSUniquePointerInfo@75@@Z 10004124 f i umodsys_lib_lib2d:umodsys.mod.2d.stdlib.obj
 0001:0000318e       ?generate@RGenerator@stdlib@lib2d@modules@UModSys@@UAE_NAAU?$TRefObject@UIRefObject@core@UModSys@@U?$TRefObjectFunc@UIRefObject@core@UModSys@@@tl@3@@tl@5@PBUSUniquePointerInfo@core@5@ABUSParameters@95@@Z 1000418e f i umodsys_lib_lib2d:umodsys.mod.2d.stdlib.obj
 0001:000031f9       ?root_get_interface_info@RGenerator@stdlib@lib2d@modules@UModSys@@UBEABUSUniquePointerInfo@core@5@XZ 100041f9 f i umodsys_lib_lib2d:umodsys.mod.2d.stdlib.obj
 0001:000031ff       ?root_get_interface_type@RGenerator@stdlib@lib2d@modules@UModSys@@UBEPBUSUniquePointerInfo@core@5@XZ 100041ff f i umodsys_lib_lib2d:umodsys.mod.2d.stdlib.obj
 0001:00003205       ?root_get_other_interface@RGenerator@stdlib@lib2d@modules@UModSys@@UAEPAUIRoot@core@5@PBUSUniquePointerInfo@75@@Z 10004205 f i umodsys_lib_lib2d:umodsys.mod.2d.stdlib.obj
 0001:00003205       ?root_get_other_interface@RGenerator@stdlib@lib2d@modules@UModSys@@UBEPBUIRoot@core@5@PBUSUniquePointerInfo@75@@Z 10004205 f i umodsys_lib_lib2d:umodsys.mod.2d.stdlib.obj
 0001:0000321e       ?root_is_interface_supported@RGenerator@stdlib@lib2d@modules@UModSys@@UBE_NPBUSUniquePointerInfo@core@5@@Z 1000421e f i umodsys_lib_lib2d:umodsys.mod.2d.stdlib.obj
 0001:0000323d       ?get_uid@RGenerator@stdlib@lib2d@modules@UModSys@@UBEPBUSUniquePointerInfo@core@5@XZ 1000423d f i umodsys_lib_lib2d:umodsys.mod.2d.stdlib.obj
 0001:00003243       ?set_info@RImage_Memory@stdlib@lib2d@modules@UModSys@@UAE_NABUSImagePatchInfo@35@PBD@Z 10004243 f   umodsys_lib_lib2d:umodsys.mod.2d.stdlib.obj
 0001:000033ab       ??4State@RImage_Memory@stdlib@lib2d@modules@UModSys@@QAEAAU012345@ABU012345@@Z 100043ab f i umodsys_lib_lib2d:umodsys.mod.2d.stdlib.obj
 0001:000033fb       ?set_data@RImage_Memory@stdlib@lib2d@modules@UModSys@@UAE_NABUSImagePatchInfo@35@ABUSCMem@core@5@H@Z 100043fb f   umodsys_lib_lib2d:umodsys.mod.2d.stdlib.obj
 0001:00003465       ?get_info@RImage_Memory@stdlib@lib2d@modules@UModSys@@UBEABUSImageInfo@35@XZ 10004465 f   umodsys_lib_lib2d:umodsys.mod.2d.stdlib.obj
 0001:00003469       ?get_data@RImage_Memory@stdlib@lib2d@modules@UModSys@@UBE_NABUSImagePatchInfo@35@ABUSMem@core@5@H@Z 10004469 f   umodsys_lib_lib2d:umodsys.mod.2d.stdlib.obj
 0001:000034ef       ??0RImage_Memory@stdlib@lib2d@modules@UModSys@@QAE@PAUIModObject@base@4@ABUSParameters@core@4@@Z 100044ef f   umodsys_lib_lib2d:umodsys.mod.2d.stdlib.obj
 0001:0000353b       ??_ERImage_Memory@stdlib@lib2d@modules@UModSys@@UAEPAXI@Z 1000453b f i  CIL library: CIL module
 0001:0000353b       ??_GRImage_Memory@stdlib@lib2d@modules@UModSys@@UAEPAXI@Z 1000453b f i umodsys_lib_lib2d:umodsys.mod.2d.stdlib.obj
 0001:00003588       ?image_new@RImageFactory_Memory@stdlib@lib2d@modules@UModSys@@UAE?AU?$TRefObject@UIImage@lib2d@UModSys@@U?$TRefObjectFunc@UIImage@lib2d@UModSys@@@tl@3@@tl@5@XZ 10004588 f   umodsys_lib_lib2d:umodsys.mod.2d.stdlib.obj
 0001:000036ce       ??1?$TParametersA@$0BAL@@core@UModSys@@QAE@XZ 100046ce f i umodsys_lib_lib2d:umodsys.mod.2d.stdlib.obj
 0001:000036ce       ??1?$TParametersA@$0EAA@@core@UModSys@@QAE@XZ 100046ce f i plugin_test1.obj
 0001:000036ce       ??1SParameters@core@UModSys@@QAE@XZ 100046ce f i plugin_test1.obj
 0001:000036ce       ??1?$TParametersA@$0BAA@@core@UModSys@@QAE@XZ 100046ce f i umodsys_lib_libui:umodsys.mod.ui.SDL_core.obj
 0001:000036db       ?image_new@RImageFactory_Memory@stdlib@lib2d@modules@UModSys@@UAE?AU?$TRefObject@UIImage@lib2d@UModSys@@U?$TRefObjectFunc@UIImage@lib2d@UModSys@@@tl@3@@tl@5@ABUSImagePatchInfo@35@PBD@Z 100046db f   umodsys_lib_lib2d:umodsys.mod.2d.stdlib.obj
 0001:00003831       ??0RImageFactory_Memory@stdlib@lib2d@modules@UModSys@@QAE@PAUIModObject@base@4@ABUSParameters@core@4@@Z 10004831 f   umodsys_lib_lib2d:umodsys.mod.2d.stdlib.obj
 0001:00003875       ?get_max_layer_size@RMultiImage@stdlib@lib2d@modules@UModSys@@UBE?AU?$TVector2@H@math3d@5@XZ 10004875 f   umodsys_lib_lib2d:umodsys.mod.2d.stdlib.obj
 0001:00003875       ?get_max_cell_size@RMultiImage@stdlib@lib2d@modules@UModSys@@UBE?AU?$TVector2@H@math3d@5@XZ 10004875 f   umodsys_lib_lib2d:umodsys.mod.2d.stdlib.obj
 0001:00003897       ?get_fixed_cell_size@RMultiImage@stdlib@lib2d@modules@UModSys@@UBE?AU?$TVector2@H@math3d@5@XZ 10004897 f   umodsys_lib_lib2d:umodsys.mod.2d.stdlib.obj
 0001:000038b5       ?get_layer_count@RMultiImage@stdlib@lib2d@modules@UModSys@@UBEGXZ 100048b5 f   umodsys_lib_lib2d:umodsys.mod.2d.stdlib.obj
 0001:000038c3       ?get_layer@RMultiImage@stdlib@lib2d@modules@UModSys@@UBEPAUIImage@35@G@Z 100048c3 f   umodsys_lib_lib2d:umodsys.mod.2d.stdlib.obj
 0001:000038e0       ?get_cell_count@RMultiImage@stdlib@lib2d@modules@UModSys@@UBEIXZ 100048e0 f   umodsys_lib_lib2d:umodsys.mod.2d.stdlib.obj
 0001:000038ed       ?get_cell@RMultiImage@stdlib@lib2d@modules@UModSys@@UBE_NIAAU?$TVector2@H@math3d@5@PAU675@PAG@Z 100048ed f   umodsys_lib_lib2d:umodsys.mod.2d.stdlib.obj
 0001:0000394b       ?get_cell@RMultiImage@stdlib@lib2d@modules@UModSys@@UBE_NIAAUSImageCellInfo@35@@Z 1000494b f   umodsys_lib_lib2d:umodsys.mod.2d.stdlib.obj
 0001:00003971       ?set_layer_count@RMultiImage@stdlib@lib2d@modules@UModSys@@UAE_NG@Z 10004971 f   umodsys_lib_lib2d:umodsys.mod.2d.stdlib.obj
 0001:00003a51       ?setup_fixed_cell@RMultiImage@stdlib@lib2d@modules@UModSys@@UAE_NHH@Z 10004a51 f   umodsys_lib_lib2d:umodsys.mod.2d.stdlib.obj
 0001:00003a72       ?setup_variable_cell@RMultiImage@stdlib@lib2d@modules@UModSys@@UAE_NPBUSImageCellInfo@35@KK@Z 10004a72 f   umodsys_lib_lib2d:umodsys.mod.2d.stdlib.obj
 0001:00003ae4       ??0RMultiImage@stdlib@lib2d@modules@UModSys@@QAE@PAUIModObject@base@4@ABUSParameters@core@4@@Z 10004ae4 f   umodsys_lib_lib2d:umodsys.mod.2d.stdlib.obj
 0001:00003b8b       ??_ERMultiImage@stdlib@lib2d@modules@UModSys@@UAEPAXI@Z 10004b8b f i  CIL library: CIL module
 0001:00003b8b       ??_GRMultiImage@stdlib@lib2d@modules@UModSys@@UAEPAXI@Z 10004b8b f i umodsys_lib_lib2d:umodsys.mod.2d.stdlib.obj
 0001:00003bef       ?do_open@RModuleReg@stdlib@lib2d@modules@UModSys@@UAE_NXZ 10004bef f i umodsys_lib_lib2d:umodsys.mod.2d.stdlib.obj
 0001:00003c3d       ?do_close@RModuleReg@stdlib@lib2d@modules@UModSys@@UAE_NXZ 10004c3d f i umodsys_lib_lib2d:umodsys.mod.2d.stdlib.obj
 0001:00003c78       ??_GRModuleReg@zlib@media@modules@UModSys@@UAEPAXI@Z 10004c78 f i umodsys_lib_libmedia:umodsys.mod.media.zlib.obj
 0001:00003c78       ??_GRModuleReg@SDL_core@ui@modules@UModSys@@UAEPAXI@Z 10004c78 f i umodsys_lib_libui:umodsys.mod.ui.SDL_core.obj
 0001:00003c78       ??_ERModuleReg@test1@test@modules@UModSys@@UAEPAXI@Z 10004c78 f i  CIL library: CIL module
 0001:00003c78       ??_GRModuleReg@frames@ui@modules@UModSys@@UAEPAXI@Z 10004c78 f i umodsys_lib_libui:umodsys.mod.ui.frames.obj
 0001:00003c78       ??_ERModuleReg@stdlib@lib2d@modules@UModSys@@UAEPAXI@Z 10004c78 f i  CIL library: CIL module
 0001:00003c78       ??_ERModuleReg@frames@ui@modules@UModSys@@UAEPAXI@Z 10004c78 f i  CIL library: CIL module
 0001:00003c78       ??_GRModuleReg@images_std@media@modules@UModSys@@UAEPAXI@Z 10004c78 f i umodsys_lib_libmedia:umodsys.mod.media.images_std.obj
 0001:00003c78       ??_ERModuleReg@SDL_core@ui@modules@UModSys@@UAEPAXI@Z 10004c78 f i  CIL library: CIL module
 0001:00003c78       ??_EIModuleReg@base@UModSys@@UAEPAXI@Z 10004c78 f i  CIL library: CIL module
 0001:00003c78       ??_GRModuleReg@serialize_json@media@modules@UModSys@@UAEPAXI@Z 10004c78 f i umodsys_lib_libmedia:umodsys.mod.media.serialize_json.obj
 0001:00003c78       ??_ERModuleReg@SDL_GL@ui@modules@UModSys@@UAEPAXI@Z 10004c78 f i  CIL library: CIL module
 0001:00003c78       ??_GIModuleReg@base@UModSys@@UAEPAXI@Z 10004c78 f i umodsys_lib_base:umodsys.base.modulereg.obj
 0001:00003c78       ??_ERModuleReg@images_std@media@modules@UModSys@@UAEPAXI@Z 10004c78 f i  CIL library: CIL module
 0001:00003c78       ??_ERModuleReg@zlib@media@modules@UModSys@@UAEPAXI@Z 10004c78 f i  CIL library: CIL module
 0001:00003c78       ??_GRModuleReg@test1@test@modules@UModSys@@UAEPAXI@Z 10004c78 f i plugin_test1.obj
 0001:00003c78       ??_GRModuleReg@stdlib@lib2d@modules@UModSys@@UAEPAXI@Z 10004c78 f i umodsys_lib_lib2d:umodsys.mod.2d.stdlib.obj
 0001:00003c78       ??_ERModuleReg@serialize_json@media@modules@UModSys@@UAEPAXI@Z 10004c78 f i  CIL library: CIL module
 0001:00003c78       ??_GRModuleReg@SDL_GL@ui@modules@UModSys@@UAEPAXI@Z 10004c78 f i umodsys_lib_libui:umodsys.mod.ui.SDL_GL.obj
 0001:00003c95       ?get_module@RGenerator@stdlib@lib2d@modules@UModSys@@UBEPAUIModule@base@5@XZ 10004c95 f   umodsys_lib_lib2d:umodsys.mod.2d.stdlib.obj
 0001:00003c9b       ?mod_inc@RGenerator@stdlib@lib2d@modules@UModSys@@UBE_NXZ 10004c9b f   umodsys_lib_lib2d:umodsys.mod.2d.stdlib.obj
 0001:00003ca6       ?mod_dec@RGenerator@stdlib@lib2d@modules@UModSys@@UBE_NXZ 10004ca6 f   umodsys_lib_lib2d:umodsys.mod.2d.stdlib.obj
 0001:00003cb1       ?s_holder@RGenerator@stdlib@lib2d@modules@UModSys@@SAAAU?$TTypeStaticHolder@URGenerator@stdlib@lib2d@modules@UModSys@@@tl@5@XZ 10004cb1 f   umodsys_lib_lib2d:umodsys.mod.2d.stdlib.obj
 0001:00003ce3       ??1?$TDynarrayDynamic@USImageCellInfo@lib2d@UModSys@@U?$TAllocator@USIMemAlloc@core@UModSys@@USCountCalcPower2@23@@tl@3@@tl@UModSys@@QAE@XZ 10004ce3 f i umodsys_lib_lib2d:umodsys.mod.2d.stdlib.obj
 0001:00003ce8       ?Resize@?$TDynarray@U?$TDynarrayHolderDynamic@USImageCellInfo@lib2d@UModSys@@U?$TAllocator@USIMemAlloc@core@UModSys@@USCountCalcPower2@23@@tl@3@@tl@UModSys@@@tl@UModSys@@QAE_NI@Z 10004ce8 f i umodsys_lib_lib2d:umodsys.mod.2d.stdlib.obj
 0001:00003d15       ??1?$TDynarrayDynamic@U?$TRefObject@UIImage@lib2d@UModSys@@U?$TRefObjectFunc@UIImage@lib2d@UModSys@@@tl@3@@tl@UModSys@@U?$TAllocator@USIMemAlloc@core@UModSys@@USCountCalcPower2@23@@23@@tl@UModSys@@QAE@XZ 10004d15 f i umodsys_lib_lib2d:umodsys.mod.2d.stdlib.obj
 0001:00003d1a       ??1?$TDynarray@U?$TDynarrayHolderDynamic@USImageCellInfo@lib2d@UModSys@@U?$TAllocator@USIMemAlloc@core@UModSys@@USCountCalcPower2@23@@tl@3@@tl@UModSys@@@tl@UModSys@@QAE@XZ 10004d1a f i umodsys_lib_lib2d:umodsys.mod.2d.stdlib.obj
 0001:00003d76       ??1?$TDynarray@U?$TDynarrayHolderDynamic@U?$TRefObject@UIImage@lib2d@UModSys@@U?$TRefObjectFunc@UIImage@lib2d@UModSys@@@tl@3@@tl@UModSys@@U?$TAllocator@USIMemAlloc@core@UModSys@@USCountCalcPower2@23@@23@@tl@UModSys@@@tl@UModSys@@QAE@XZ 10004d76 f i umodsys_lib_lib2d:umodsys.mod.2d.stdlib.obj
 0001:00003db9       ?ResizeRel@?$TDynarray@U?$TDynarrayHolderDynamic@U?$TRefObject@UIImage@lib2d@UModSys@@U?$TRefObjectFunc@UIImage@lib2d@UModSys@@@tl@3@@tl@UModSys@@U?$TAllocator@USIMemAlloc@core@UModSys@@USCountCalcPower2@23@@23@@tl@UModSys@@@tl@UModSys@@QAE_NH@Z 10004db9 f i umodsys_lib_lib2d:umodsys.mod.2d.stdlib.obj
 0001:00003e39       ??$t_gen_param@URImage_Memory@stdlib@lib2d@modules@UModSys@@URGenerator@2345@@IGenerator@base@UModSys@@IAE_NPAURGenerator@stdlib@lib2d@modules@2@AAU?$TRefObject@UIRefObject@core@UModSys@@U?$TRefObjectFunc@UIRefObject@core@UModSys@@@tl@3@@tl@2@PBUSUniquePointerInfo@core@2@ABUSParameters@core@2@@Z 10004e39 f i umodsys_lib_lib2d:umodsys.mod.2d.stdlib.obj
 0001:00003ecb       ??$t_gen_param@URImageFactory_Memory@stdlib@lib2d@modules@UModSys@@URGenerator@2345@@IGenerator@base@UModSys@@IAE_NPAURGenerator@stdlib@lib2d@modules@2@AAU?$TRefObject@UIRefObject@core@UModSys@@U?$TRefObjectFunc@UIRefObject@core@UModSys@@@tl@3@@tl@2@PBUSUniquePointerInfo@core@2@ABUSParameters@core@2@@Z 10004ecb f i umodsys_lib_lib2d:umodsys.mod.2d.stdlib.obj
 0001:00003f5d       ??$t_gen_param@URMultiImage@stdlib@lib2d@modules@UModSys@@URGenerator@2345@@IGenerator@base@UModSys@@IAE_NPAURGenerator@stdlib@lib2d@modules@2@AAU?$TRefObject@UIRefObject@core@UModSys@@U?$TRefObjectFunc@UIRefObject@core@UModSys@@@tl@3@@tl@2@PBUSUniquePointerInfo@core@2@ABUSParameters@core@2@@Z 10004f5d f i umodsys_lib_lib2d:umodsys.mod.2d.stdlib.obj
 0001:00004005       ??$ValidateConstruction@UIImage@lib2d@UModSys@@URImage_Memory@stdlib@2modules@3@@core@UModSys@@YA_NAAU?$TRefObject@UIImage@lib2d@UModSys@@U?$TRefObjectFunc@UIImage@lib2d@UModSys@@@tl@3@@tl@1@PAURImage_Memory@stdlib@lib2d@modules@1@@Z 10005005 f i umodsys_lib_lib2d:umodsys.mod.2d.stdlib.obj
 0001:00004046       ?remove@WeakPointer@IRefObject@core@UModSys@@QAEXXZ 10005046 f i umodsys_lib_libui:umodsys.mod.ui.SDL_GL.obj
 0001:0000406c       ?get@SParameters@core@UModSys@@QBE_NPBDAAPBD@Z 1000506c f i umodsys_lib_libui:umodsys.mod.ui.SDL_GL.obj
 0001:00004087       ?get@SParameters@core@UModSys@@QBE_NPBDAAH@Z 10005087 f i umodsys_lib_libui:umodsys.mod.ui.SDL_GL.obj
 0001:000040a2       ?check_ext@SGLFuncsBase@SDL_GL@ui@modules@UModSys@@QAE_NPBD@Z 100050a2 f i umodsys_lib_libui:umodsys.mod.ui.SDL_GL.obj
 0001:000040b5       ?set_blend@SGLFuncs@SDL_GL@ui@modules@UModSys@@QBEX_N@Z 100050b5 f i umodsys_lib_libui:umodsys.mod.ui.SDL_GL.obj
 0001:000040e1       ?set_blend@SGLFuncs@SDL_GL@ui@modules@UModSys@@QBEXII@Z 100050e1 f i umodsys_lib_libui:umodsys.mod.ui.SDL_GL.obj
 0001:0000410b       ?set_stage@SGLFuncs@SDL_GL@ui@modules@UModSys@@QBEXH@Z 1000510b f i umodsys_lib_libui:umodsys.mod.ui.SDL_GL.obj
 0001:0000413e       ?set_tex2d@SGLFuncs@SDL_GL@ui@modules@UModSys@@QBEX_N@Z 1000513e f i umodsys_lib_libui:umodsys.mod.ui.SDL_GL.obj
 0001:0000416a       ?set_bound@SGLFuncs@SDL_GL@ui@modules@UModSys@@QBEXI@Z 1000516a f i umodsys_lib_libui:umodsys.mod.ui.SDL_GL.obj
 0001:0000418f       ?set_ctc@SGLFuncsLegacy@SDL_GL@ui@modules@UModSys@@QBEX_N@Z 1000518f f i umodsys_lib_libui:umodsys.mod.ui.SDL_GL.obj
 0001:000041b7       ?set_composite@SGLFuncsLegacy@SDL_GL@ui@modules@UModSys@@QBEXH@Z 100051b7 f i umodsys_lib_libui:umodsys.mod.ui.SDL_GL.obj
 0001:000041df       ?set_composite_all@SGLFuncsLegacy@SDL_GL@ui@modules@UModSys@@QBEXH@Z 100051df f i umodsys_lib_libui:umodsys.mod.ui.SDL_GL.obj
 0001:00004240       ?force@TextureInfo@SGLFuncs@SDL_GL@ui@modules@UModSys@@QBEXABU23456@@Z 10005240 f i umodsys_lib_libui:umodsys.mod.ui.SDL_GL.obj
 0001:00004284       ?crebind@STextureGL@SDL_GL@ui@modules@UModSys@@QAEX_N@Z 10005284 f i umodsys_lib_libui:umodsys.mod.ui.SDL_GL.obj
 0001:000042b1       ?root_get_interface_info@RKeyboardController@SDL_GL@ui@modules@UModSys@@UBEABUSUniquePointerInfo@core@5@XZ 100052b1 f i umodsys_lib_libui:umodsys.mod.ui.SDL_GL.obj
 0001:000042b7       ?root_get_interface_type@RKeyboardController@SDL_GL@ui@modules@UModSys@@UBEPBUSUniquePointerInfo@core@5@XZ 100052b7 f i umodsys_lib_libui:umodsys.mod.ui.SDL_GL.obj
 0001:000042bd       ?root_get_other_interface@RKeyboardController@SDL_GL@ui@modules@UModSys@@UAEPAUIRoot@core@5@PBUSUniquePointerInfo@75@@Z 100052bd f i umodsys_lib_libui:umodsys.mod.ui.SDL_GL.obj
 0001:000042bd       ?root_get_other_interface@RKeyboardController@SDL_GL@ui@modules@UModSys@@UBEPBUIRoot@core@5@PBUSUniquePointerInfo@75@@Z 100052bd f i umodsys_lib_libui:umodsys.mod.ui.SDL_GL.obj
 0001:000042de       ?root_is_interface_supported@RKeyboardController@SDL_GL@ui@modules@UModSys@@UBE_NPBUSUniquePointerInfo@core@5@@Z 100052de f i umodsys_lib_libui:umodsys.mod.ui.SDL_GL.obj
 0001:00004305       ?ref_add@RMouseController@SDL_GL@ui@modules@UModSys@@UBEXXZ 10005305 f i umodsys_lib_libui:umodsys.mod.ui.SDL_GL.obj
 0001:00004305       ?ref_add@RRenderDriver3D@SDL_GL@ui@modules@UModSys@@UBEXXZ 10005305 f i umodsys_lib_libui:umodsys.mod.ui.SDL_GL.obj
 0001:00004305       ?ref_add@RKeyboardController@SDL_core@ui@modules@UModSys@@UBEXXZ 10005305 f i umodsys_lib_libui:umodsys.mod.ui.SDL_core.obj
 0001:00004305       ?ref_add@RRenderDriver2D@SDL_core@ui@modules@UModSys@@UBEXXZ 10005305 f i umodsys_lib_libui:umodsys.mod.ui.SDL_core.obj
 0001:00004305       ?ref_add@RMouseController@SDL_core@ui@modules@UModSys@@UBEXXZ 10005305 f i umodsys_lib_libui:umodsys.mod.ui.SDL_core.obj
 0001:00004305       ?ref_add@RKeyboardController@SDL_GL@ui@modules@UModSys@@UBEXXZ 10005305 f i umodsys_lib_libui:umodsys.mod.ui.SDL_GL.obj
 0001:0000430d       ?root_get_interface_info@RMouseController@SDL_GL@ui@modules@UModSys@@UBEABUSUniquePointerInfo@core@5@XZ 1000530d f i umodsys_lib_libui:umodsys.mod.ui.SDL_GL.obj
 0001:00004313       ?root_get_interface_type@RMouseController@SDL_GL@ui@modules@UModSys@@UBEPBUSUniquePointerInfo@core@5@XZ 10005313 f i umodsys_lib_libui:umodsys.mod.ui.SDL_GL.obj
 0001:00004319       ?root_get_other_interface@RMouseController@SDL_GL@ui@modules@UModSys@@UBEPBUIRoot@core@5@PBUSUniquePointerInfo@75@@Z 10005319 f i umodsys_lib_libui:umodsys.mod.ui.SDL_GL.obj
 0001:00004319       ?root_get_other_interface@RMouseController@SDL_GL@ui@modules@UModSys@@UAEPAUIRoot@core@5@PBUSUniquePointerInfo@75@@Z 10005319 f i umodsys_lib_libui:umodsys.mod.ui.SDL_GL.obj
 0001:0000433a       ?root_is_interface_supported@RMouseController@SDL_GL@ui@modules@UModSys@@UBE_NPBUSUniquePointerInfo@core@5@@Z 1000533a f i umodsys_lib_libui:umodsys.mod.ui.SDL_GL.obj
 0001:00004361       ?_root_is_interface_supported@RTerminal@SDL_GL@ui@modules@UModSys@@SA_NPBUSUniquePointerInfo@core@5@@Z 10005361 f i umodsys_lib_libui:umodsys.mod.ui.SDL_GL.obj
 0001:00004381       ?root_get_interface_info@RTerminal@SDL_GL@ui@modules@UModSys@@UBEABUSUniquePointerInfo@core@5@XZ 10005381 f i umodsys_lib_libui:umodsys.mod.ui.SDL_GL.obj
 0001:00004387       ?root_get_interface_type@RTerminal@SDL_GL@ui@modules@UModSys@@UBEPBUSUniquePointerInfo@core@5@XZ 10005387 f i umodsys_lib_libui:umodsys.mod.ui.SDL_GL.obj
 0001:0000438d       ?root_get_other_interface@RTerminal@SDL_GL@ui@modules@UModSys@@UAEPAUIRoot@core@5@PBUSUniquePointerInfo@75@@Z 1000538d f i umodsys_lib_libui:umodsys.mod.ui.SDL_GL.obj
 0001:0000438d       ?root_get_other_interface@RTerminal@SDL_GL@ui@modules@UModSys@@UBEPBUIRoot@core@5@PBUSUniquePointerInfo@75@@Z 1000538d f i umodsys_lib_libui:umodsys.mod.ui.SDL_GL.obj
 0001:000043ae       ?root_is_interface_supported@RTerminal@SDL_GL@ui@modules@UModSys@@UBE_NPBUSUniquePointerInfo@core@5@@Z 100053ae f i umodsys_lib_libui:umodsys.mod.ui.SDL_GL.obj
 0001:000043ba       ?root_get_interface_info@RMultiImage2D_SDL_ttf@SDL_GL@ui@modules@UModSys@@UBEABUSUniquePointerInfo@core@5@XZ 100053ba f i umodsys_lib_libui:umodsys.mod.ui.SDL_GL.obj
 0001:000043c0       ?root_get_interface_type@RMultiImage2D_SDL_ttf@SDL_GL@ui@modules@UModSys@@UBEPBUSUniquePointerInfo@core@5@XZ 100053c0 f i umodsys_lib_libui:umodsys.mod.ui.SDL_GL.obj
 0001:000043c6       ?root_get_other_interface@RMultiImage2D_SDL_ttf@SDL_GL@ui@modules@UModSys@@UBEPBUIRoot@core@5@PBUSUniquePointerInfo@75@@Z 100053c6 f i umodsys_lib_libui:umodsys.mod.ui.SDL_GL.obj
 0001:000043c6       ?root_get_other_interface@RMultiImage2D_SDL_ttf@SDL_GL@ui@modules@UModSys@@UAEPAUIRoot@core@5@PBUSUniquePointerInfo@75@@Z 100053c6 f i umodsys_lib_libui:umodsys.mod.ui.SDL_GL.obj
 0001:000043e7       ?root_is_interface_supported@RMultiImage2D_SDL_ttf@SDL_GL@ui@modules@UModSys@@UBE_NPBUSUniquePointerInfo@core@5@@Z 100053e7 f i umodsys_lib_libui:umodsys.mod.ui.SDL_GL.obj
 0001:0000440e       ??1Glyph@RMultiImage2D_SDL_ttf@SDL_GL@ui@modules@UModSys@@QAE@XZ 1000540e f i umodsys_lib_libui:umodsys.mod.ui.SDL_GL.obj
 0001:00004446       ?setup_setlight@RRenderDriver3D@SDL_GL@ui@modules@UModSys@@UAE_NHW4eLightType@lib3d@5@ABUSLight@75@ABU?$TMatrix44@N@math3d@5@@Z 10005446 f i umodsys_lib_libui:umodsys.mod.ui.SDL_GL.obj
 0001:00004446       ?get_cell@RMultiImage2D_SDL_ttf@SDL_GL@ui@modules@UModSys@@UBE_NIAAU?$TVector2@H@math3d@5@PAU675@PAG@Z 10005446 f i umodsys_lib_libui:umodsys.mod.ui.SDL_GL.obj
 0001:00004446       ?get_cell@RMultiImage2D_SDL_ttf@SDL_core@ui@modules@UModSys@@UBE_NIAAU?$TVector2@H@math3d@5@PAU675@PAG@Z 10005446 f i umodsys_lib_libui:umodsys.mod.ui.SDL_core.obj
 0001:0000444b       ?map_3d_to_2d@RRenderDriver3D@SDL_GL@ui@modules@UModSys@@UAE_NAAU?$TVector2@H@math3d@5@ABU?$TVector2@M@75@@Z 1000544b f i umodsys_lib_libui:umodsys.mod.ui.SDL_GL.obj
 0001:0000444b       ?map_3d_to_2d@RRenderDriver3D@SDL_GL@ui@modules@UModSys@@UAE_NAAU?$TVector2@H@math3d@5@ABU?$TVector3@N@75@@Z 1000544b f i umodsys_lib_libui:umodsys.mod.ui.SDL_GL.obj
 0001:0000444b       ?set_hint@RMultiImage2D_SDL_ttf@SDL_core@ui@modules@UModSys@@UAE_NPBD0@Z 1000544b f i umodsys_lib_libui:umodsys.mod.ui.SDL_core.obj
 0001:0000444b       ?set_parameters@RRenderDriver2D@SDL_core@ui@modules@UModSys@@UAE_NPBDABUSParameters@core@5@@Z 1000544b f i umodsys_lib_libui:umodsys.mod.ui.SDL_core.obj
 0001:0000444b       ?get_cell@RMultiImage2D_SDL_ttf@SDL_GL@ui@modules@UModSys@@UBE_NIAAUSImageCellInfo@lib2d@5@@Z 1000544b f i umodsys_lib_libui:umodsys.mod.ui.SDL_GL.obj
 0001:0000444b       ?set_repeater@RFrame_Common@frames@ui@modules@UModSys@@UAE_NHH@Z 1000544b f i umodsys_lib_libui:umodsys.mod.ui.frames.obj
 0001:0000444b       ?map_2d_to_3d@RRenderDriver3D@SDL_GL@ui@modules@UModSys@@UAE_NAAU?$TVector3@N@math3d@5@ABU?$TVector2@H@75@@Z 1000544b f i umodsys_lib_libui:umodsys.mod.ui.SDL_GL.obj
 0001:0000444b       ?setup_fixed_cell@RMultiImage2D_SDL_ttf@SDL_GL@ui@modules@UModSys@@UAE_NHH@Z 1000544b f i umodsys_lib_libui:umodsys.mod.ui.SDL_GL.obj
 0001:0000444b       ?key_setrepeat@RKeyboardController@SDL_core@ui@modules@UModSys@@UAE_NMM@Z 1000544b f i umodsys_lib_libui:umodsys.mod.ui.SDL_core.obj
 0001:0000444b       ?mouse_setposition@RMouseController@SDL_GL@ui@modules@UModSys@@UAE_NHH@Z 1000544b f i umodsys_lib_libui:umodsys.mod.ui.SDL_GL.obj
 0001:0000444b       ?get_cell@RMultiImage2D_SDL_ttf@SDL_core@ui@modules@UModSys@@UBE_NIAAUSImageCellInfo@lib2d@5@@Z 1000544b f i umodsys_lib_libui:umodsys.mod.ui.SDL_core.obj
 0001:0000444b       ?mouse_setposition@RMouseController@SDL_core@ui@modules@UModSys@@UAE_NHH@Z 1000544b f i umodsys_lib_libui:umodsys.mod.ui.SDL_core.obj
 0001:0000444b       ?set_hint@RMultiImage@stdlib@lib2d@modules@UModSys@@UAE_NPBD0@Z 1000544b f i umodsys_lib_lib2d:umodsys.mod.2d.stdlib.obj
 0001:0000444b       ?setup_fixed_cell@RMultiImage2D_SDL_ttf@SDL_core@ui@modules@UModSys@@UAE_NHH@Z 1000544b f i umodsys_lib_libui:umodsys.mod.ui.SDL_core.obj
 0001:0000444b       ?set_parameters@RRenderDriver3D@SDL_GL@ui@modules@UModSys@@UAE_NPBDABUSParameters@core@5@@Z 1000544b f i umodsys_lib_libui:umodsys.mod.ui.SDL_GL.obj
 0001:0000444b       ?key_setrepeat@RKeyboardController@SDL_GL@ui@modules@UModSys@@UAE_NMM@Z 1000544b f i umodsys_lib_libui:umodsys.mod.ui.SDL_GL.obj
 0001:0000444b       ?output_attach_3d@RCollector@frames@ui@modules@UModSys@@UAE_NPAUIRenderDriver@lib3d@5@H@Z 1000544b f i umodsys_lib_libui:umodsys.mod.ui.frames.obj
 0001:0000444b       ?set_hint@RMultiImage2D_SDL_ttf@SDL_GL@ui@modules@UModSys@@UAE_NPBD0@Z 1000544b f i umodsys_lib_libui:umodsys.mod.ui.SDL_GL.obj
 0001:0000444b       ?filter_load@RMediaFilter@images_std@media@modules@UModSys@@UAE_NABUSInfo@IBinObjFilter@libmedia@5@AAU?$TRefObject@UIRefObject@core@UModSys@@U?$TRefObjectFunc@UIRefObject@core@UModSys@@@tl@3@@tl@5@@Z 1000544b f i umodsys_lib_libmedia:umodsys.mod.media.images_std.obj
 0001:0000444b       ?setup_setlight@RRenderDriver3D@SDL_GL@ui@modules@UModSys@@UAE_NH_N@Z 1000544b f i umodsys_lib_libui:umodsys.mod.ui.SDL_GL.obj
 0001:00004450       ?command_draw@RTest1_Shell@test1@test@modules@UModSys@@UAE_NABUSController@libui@5@PAUIRenderDriver@lib2d@5@ABU?$TBoundBox2@H@math3d@5@@Z 10005450 f i plugin_test1.obj
 0001:00004450       ?setup_clearlights@RRenderDriver3D@SDL_GL@ui@modules@UModSys@@UAE_NW4eLightType@lib3d@5@_N1@Z 10005450 f i umodsys_lib_libui:umodsys.mod.ui.SDL_GL.obj
 0001:00004450       ?setup_array@RRenderDriver3D@SDL_GL@ui@modules@UModSys@@UAE_NPAUIVertexArray@lib3d@5@W4eVertexClass@75@H@Z 10005450 f i umodsys_lib_libui:umodsys.mod.ui.SDL_GL.obj
 0001:00004450       ?setup_variable_cell@RMultiImage2D_SDL_ttf@SDL_core@ui@modules@UModSys@@UAE_NPBUSImageCellInfo@lib2d@5@KK@Z 10005450 f i umodsys_lib_libui:umodsys.mod.ui.SDL_core.obj
 0001:00004450       ?setup_variable_cell@RMultiImage2D_SDL_ttf@SDL_GL@ui@modules@UModSys@@UAE_NPBUSImageCellInfo@lib2d@5@KK@Z 10005450 f i umodsys_lib_libui:umodsys.mod.ui.SDL_GL.obj
 0001:00004450       ?key_setmodifier@RKeyboardController@SDL_GL@ui@modules@UModSys@@UAE_NHHH@Z 10005450 f i umodsys_lib_libui:umodsys.mod.ui.SDL_GL.obj
 0001:00004450       ?key_setmodifier@RKeyboardController@SDL_core@ui@modules@UModSys@@UAE_NHHH@Z 10005450 f i umodsys_lib_libui:umodsys.mod.ui.SDL_core.obj
 0001:00004455       ?root_get_interface_info@RRenderDriver3D@SDL_GL@ui@modules@UModSys@@UBEABUSUniquePointerInfo@core@5@XZ 10005455 f i umodsys_lib_libui:umodsys.mod.ui.SDL_GL.obj
 0001:0000445b       ?root_get_interface_type@RRenderDriver3D@SDL_GL@ui@modules@UModSys@@UBEPBUSUniquePointerInfo@core@5@XZ 1000545b f i umodsys_lib_libui:umodsys.mod.ui.SDL_GL.obj
 0001:00004461       ?root_get_other_interface@RRenderDriver3D@SDL_GL@ui@modules@UModSys@@UBEPBUIRoot@core@5@PBUSUniquePointerInfo@75@@Z 10005461 f i umodsys_lib_libui:umodsys.mod.ui.SDL_GL.obj
 0001:00004461       ?root_get_other_interface@RRenderDriver3D@SDL_GL@ui@modules@UModSys@@UAEPAUIRoot@core@5@PBUSUniquePointerInfo@75@@Z 10005461 f i umodsys_lib_libui:umodsys.mod.ui.SDL_GL.obj
 0001:0000448a       ?root_is_interface_supported@RRenderDriver3D@SDL_GL@ui@modules@UModSys@@UBE_NPBUSUniquePointerInfo@core@5@@Z 1000548a f i umodsys_lib_libui:umodsys.mod.ui.SDL_GL.obj
 0001:000044b9       ?IsPhmV@RRenderDriver3D@SDL_GL@ui@modules@UModSys@@QAE_NW4ePhaseMode@2345@@Z 100054b9 f i umodsys_lib_libui:umodsys.mod.ui.SDL_GL.obj
 0001:000044f4       ?root_get_interface_info@RTerminalX@SDL_GL@ui@modules@UModSys@@UBEABUSUniquePointerInfo@core@5@XZ 100054f4 f i umodsys_lib_libui:umodsys.mod.ui.SDL_GL.obj
 0001:000044fa       ?root_get_interface_type@RTerminalX@SDL_GL@ui@modules@UModSys@@UBEPBUSUniquePointerInfo@core@5@XZ 100054fa f i umodsys_lib_libui:umodsys.mod.ui.SDL_GL.obj
 0001:00004500       ?root_get_other_interface@RTerminalX@SDL_GL@ui@modules@UModSys@@UBEPBUIRoot@core@5@PBUSUniquePointerInfo@75@@Z 10005500 f i umodsys_lib_libui:umodsys.mod.ui.SDL_GL.obj
 0001:00004500       ?root_get_other_interface@RTerminalX@SDL_GL@ui@modules@UModSys@@UAEPAUIRoot@core@5@PBUSUniquePointerInfo@75@@Z 10005500 f i umodsys_lib_libui:umodsys.mod.ui.SDL_GL.obj
 0001:00004521       ?root_is_interface_supported@RTerminalX@SDL_GL@ui@modules@UModSys@@UBE_NPBUSUniquePointerInfo@core@5@@Z 10005521 f i umodsys_lib_libui:umodsys.mod.ui.SDL_GL.obj
 0001:00004540       ?root_get_interface_info@RVertexArray@SDL_GL@ui@modules@UModSys@@UBEABUSUniquePointerInfo@core@5@XZ 10005540 f i umodsys_lib_libui:umodsys.mod.ui.SDL_GL.obj
 0001:00004546       ?root_get_interface_type@RVertexArray@SDL_GL@ui@modules@UModSys@@UBEPBUSUniquePointerInfo@core@5@XZ 10005546 f i umodsys_lib_libui:umodsys.mod.ui.SDL_GL.obj
 0001:0000454c       ?root_get_other_interface@RVertexArray@SDL_GL@ui@modules@UModSys@@UBEPBUIRoot@core@5@PBUSUniquePointerInfo@75@@Z 1000554c f i umodsys_lib_libui:umodsys.mod.ui.SDL_GL.obj
 0001:0000454c       ?root_get_other_interface@RVertexArray@SDL_GL@ui@modules@UModSys@@UAEPAUIRoot@core@5@PBUSUniquePointerInfo@75@@Z 1000554c f i umodsys_lib_libui:umodsys.mod.ui.SDL_GL.obj
 0001:0000456d       ?root_is_interface_supported@RVertexArray@SDL_GL@ui@modules@UModSys@@UBE_NPBUSUniquePointerInfo@core@5@@Z 1000556d f i umodsys_lib_libui:umodsys.mod.ui.SDL_GL.obj
 0001:00004594       ?get_generated_names@RGenerator@SDL_GL@ui@modules@UModSys@@UBEHAAUSUniquePtrList@core@5@@Z 10005594 f i umodsys_lib_libui:umodsys.mod.ui.SDL_GL.obj
 0001:000045ad       ?get_generated_types@RGenerator@SDL_GL@ui@modules@UModSys@@UBEHAAUSUniquePtrList@core@5@PBUSUniquePointerInfo@75@@Z 100055ad f i umodsys_lib_libui:umodsys.mod.ui.SDL_GL.obj
 0001:000045eb       ?generate@RGenerator@SDL_GL@ui@modules@UModSys@@UAE_NAAU?$TRefObject@UIRefObject@core@UModSys@@U?$TRefObjectFunc@UIRefObject@core@UModSys@@@tl@3@@tl@5@PBUSUniquePointerInfo@core@5@ABUSParameters@95@@Z 100055eb f i umodsys_lib_libui:umodsys.mod.ui.SDL_GL.obj
 0001:0000460c       ?root_get_interface_info@RGenerator@SDL_GL@ui@modules@UModSys@@UBEABUSUniquePointerInfo@core@5@XZ 1000560c f i umodsys_lib_libui:umodsys.mod.ui.SDL_GL.obj
 0001:00004612       ?root_get_interface_type@RGenerator@SDL_GL@ui@modules@UModSys@@UBEPBUSUniquePointerInfo@core@5@XZ 10005612 f i umodsys_lib_libui:umodsys.mod.ui.SDL_GL.obj
 0001:00004618       ?root_get_other_interface@RGenerator@SDL_GL@ui@modules@UModSys@@UAEPAUIRoot@core@5@PBUSUniquePointerInfo@75@@Z 10005618 f i umodsys_lib_libui:umodsys.mod.ui.SDL_GL.obj
 0001:00004618       ?root_get_other_interface@RGenerator@SDL_GL@ui@modules@UModSys@@UBEPBUIRoot@core@5@PBUSUniquePointerInfo@75@@Z 10005618 f i umodsys_lib_libui:umodsys.mod.ui.SDL_GL.obj
 0001:00004631       ?root_is_interface_supported@RGenerator@SDL_GL@ui@modules@UModSys@@UBE_NPBUSUniquePointerInfo@core@5@@Z 10005631 f i umodsys_lib_libui:umodsys.mod.ui.SDL_GL.obj
 0001:00004650       ?get_uid@RGenerator@SDL_GL@ui@modules@UModSys@@UBEPBUSUniquePointerInfo@core@5@XZ 10005650 f i umodsys_lib_libui:umodsys.mod.ui.SDL_GL.obj
 0001:00004656       ??1SWindow@SDL_GL@ui@modules@UModSys@@QAE@XZ 10005656 f   umodsys_lib_libui:umodsys.mod.ui.SDL_GL.obj
 0001:00004656       ??1SWindow@SDL_core@ui@modules@UModSys@@QAE@XZ 10005656 f   umodsys_lib_libui:umodsys.mod.ui.SDL_core.obj
 0001:0000465b       ?close@SWindow@SDL_GL@ui@modules@UModSys@@QAEXXZ 1000565b f   umodsys_lib_libui:umodsys.mod.ui.SDL_GL.obj
 0001:0000465b       ?close@SWindow@SDL_core@ui@modules@UModSys@@QAEXXZ 1000565b f   umodsys_lib_libui:umodsys.mod.ui.SDL_core.obj
 0001:0000466e       ?open@SWindow@SDL_core@ui@modules@UModSys@@QAE_NABUSParameters@core@5@@Z 1000566e f   umodsys_lib_libui:umodsys.mod.ui.SDL_core.obj
 0001:0000466e       ?open@SWindow@SDL_GL@ui@modules@UModSys@@QAE_NABUSParameters@core@5@@Z 1000566e f   umodsys_lib_libui:umodsys.mod.ui.SDL_GL.obj
 0001:000046f4       ??_GRKeyboardController@SDL_GL@ui@modules@UModSys@@UAEPAXI@Z 100056f4 f i umodsys_lib_libui:umodsys.mod.ui.SDL_GL.obj
 0001:000046f4       ??_ERKeyboardController@SDL_GL@ui@modules@UModSys@@UAEPAXI@Z 100056f4 f i  CIL library: CIL module
 0001:00004711       ??1RKeyboardController@SDL_GL@ui@modules@UModSys@@UAE@XZ 10005711 f   umodsys_lib_libui:umodsys.mod.ui.SDL_GL.obj
 0001:00004755       ?process@RKeyboardController@SDL_GL@ui@modules@UModSys@@QAE_NAAUSDL_KeyboardEvent@@@Z 10005755 f   umodsys_lib_libui:umodsys.mod.ui.SDL_GL.obj
 0001:00004755       ?process@RKeyboardController@SDL_core@ui@modules@UModSys@@QAE_NAAUSDL_KeyboardEvent@@@Z 10005755 f   umodsys_lib_libui:umodsys.mod.ui.SDL_core.obj
 0001:000047f4       ?map_keycode@RKeyboardController@SDL_GL@ui@modules@UModSys@@QAE?AW4eKeyCode@libui@5@H@Z 100057f4 f   umodsys_lib_libui:umodsys.mod.ui.SDL_GL.obj
 0001:000047f4       ?map_keycode@RKeyboardController@SDL_core@ui@modules@UModSys@@QAE?AW4eKeyCode@libui@5@H@Z 100057f4 f   umodsys_lib_libui:umodsys.mod.ui.SDL_core.obj
 0001:00004c6f       ?map_keyspecial@RKeyboardController@SDL_core@ui@modules@UModSys@@QAEFG@Z 10005c6f f   umodsys_lib_libui:umodsys.mod.ui.SDL_core.obj
 0001:00004c6f       ?map_keyspecial@RKeyboardController@SDL_GL@ui@modules@UModSys@@QAEFG@Z 10005c6f f   umodsys_lib_libui:umodsys.mod.ui.SDL_GL.obj
 0001:00004ce2       ??_ERMouseController@SDL_GL@ui@modules@UModSys@@UAEPAXI@Z 10005ce2 f i  CIL library: CIL module
 0001:00004ce2       ??_GRMouseController@SDL_GL@ui@modules@UModSys@@UAEPAXI@Z 10005ce2 f i umodsys_lib_libui:umodsys.mod.ui.SDL_GL.obj
 0001:00004cff       ??1RMouseController@SDL_GL@ui@modules@UModSys@@UAE@XZ 10005cff f   umodsys_lib_libui:umodsys.mod.ui.SDL_GL.obj
 0001:00004d43       ?process@RMouseController@SDL_GL@ui@modules@UModSys@@QAE_NAAUSDL_MouseMotionEvent@@@Z 10005d43 f   umodsys_lib_libui:umodsys.mod.ui.SDL_GL.obj
 0001:00004d43       ?process@RMouseController@SDL_core@ui@modules@UModSys@@QAE_NAAUSDL_MouseMotionEvent@@@Z 10005d43 f   umodsys_lib_libui:umodsys.mod.ui.SDL_core.obj
 0001:00004e2a       ?process@RMouseController@SDL_core@ui@modules@UModSys@@QAE_NAAUSDL_MouseButtonEvent@@@Z 10005e2a f   umodsys_lib_libui:umodsys.mod.ui.SDL_core.obj
 0001:00004e2a       ?process@RMouseController@SDL_GL@ui@modules@UModSys@@QAE_NAAUSDL_MouseButtonEvent@@@Z 10005e2a f   umodsys_lib_libui:umodsys.mod.ui.SDL_GL.obj
 0001:00004ef1       ?process@RMouseController@SDL_GL@ui@modules@UModSys@@QAE_NAAUSDL_MouseWheelEvent@@@Z 10005ef1 f   umodsys_lib_libui:umodsys.mod.ui.SDL_GL.obj
 0001:00004ef1       ?process@RMouseController@SDL_core@ui@modules@UModSys@@QAE_NAAUSDL_MouseWheelEvent@@@Z 10005ef1 f   umodsys_lib_libui:umodsys.mod.ui.SDL_core.obj
 0001:00004f92       ?mouse_link@RMouseController@SDL_core@ui@modules@UModSys@@UAE_NHPAUIRefObject@core@5@PAUIMouseClient@libui@5@H@Z 10005f92 f   umodsys_lib_libui:umodsys.mod.ui.SDL_core.obj
 0001:00004f92       ?mouse_link@RMouseController@SDL_GL@ui@modules@UModSys@@UAE_NHPAUIRefObject@core@5@PAUIMouseClient@libui@5@H@Z 10005f92 f   umodsys_lib_libui:umodsys.mod.ui.SDL_GL.obj
 0001:00004fd1       ?mouse_reset@RMouseController@SDL_core@ui@modules@UModSys@@UAE_NXZ 10005fd1 f   umodsys_lib_libui:umodsys.mod.ui.SDL_core.obj
 0001:00004fd1       ?mouse_reset@RMouseController@SDL_GL@ui@modules@UModSys@@UAE_NXZ 10005fd1 f   umodsys_lib_libui:umodsys.mod.ui.SDL_GL.obj
 0001:00004fdb       ?mouse_setvisible@RMouseController@SDL_core@ui@modules@UModSys@@UAE_N_N@Z 10005fdb f   umodsys_lib_libui:umodsys.mod.ui.SDL_core.obj
 0001:00004fdb       ?mouse_setvisible@RMouseController@SDL_GL@ui@modules@UModSys@@UAE_N_N@Z 10005fdb f   umodsys_lib_libui:umodsys.mod.ui.SDL_GL.obj
 0001:00005002       ??0RTerminal@SDL_GL@ui@modules@UModSys@@QAE@PAUIModObject@base@4@@Z 10006002 f   umodsys_lib_libui:umodsys.mod.ui.SDL_GL.obj
 0001:0000508c       ??_GRTerminal@SDL_GL@ui@modules@UModSys@@UAEPAXI@Z 1000608c f i umodsys_lib_libui:umodsys.mod.ui.SDL_GL.obj
 0001:0000508c       ??_ERTerminal@SDL_GL@ui@modules@UModSys@@UAEPAXI@Z 1000608c f i  CIL library: CIL module
 0001:000050a9       ??1RTerminal@SDL_GL@ui@modules@UModSys@@UAE@XZ 100060a9 f   umodsys_lib_libui:umodsys.mod.ui.SDL_GL.obj
 0001:000050f9       ?set_terminal_state@RTerminal@SDL_core@ui@modules@UModSys@@UAE_NW4eTerminalState@libui@5@_N@Z 100060f9 f   umodsys_lib_libui:umodsys.mod.ui.SDL_core.obj
 0001:000050f9       ?set_terminal_state@RTerminal@SDL_GL@ui@modules@UModSys@@UAE_NW4eTerminalState@libui@5@_N@Z 100060f9 f   umodsys_lib_libui:umodsys.mod.ui.SDL_GL.obj
 0001:00005142       ?get_clock@RTerminal@SDL_core@ui@modules@UModSys@@UAENXZ 10006142 f   umodsys_lib_libui:umodsys.mod.ui.SDL_core.obj
 0001:00005142       ?get_clock@RTerminal@SDL_GL@ui@modules@UModSys@@UAENXZ 10006142 f   umodsys_lib_libui:umodsys.mod.ui.SDL_GL.obj
 0001:0000515a       ?get_count@RTerminal@SDL_core@ui@modules@UModSys@@UBEIPBUSUniquePointerInfo@core@5@@Z 1000615a f   umodsys_lib_libui:umodsys.mod.ui.SDL_core.obj
 0001:0000515a       ?get_count@RTerminal@SDL_GL@ui@modules@UModSys@@UBEIPBUSUniquePointerInfo@core@5@@Z 1000615a f   umodsys_lib_libui:umodsys.mod.ui.SDL_GL.obj
 0001:0000519f       ??0RMultiImage2D_SDL_ttf@SDL_GL@ui@modules@UModSys@@QAE@PAURRenderDriver3D@1234@ABUSParameters@core@4@@Z 1000619f f   umodsys_lib_libui:umodsys.mod.ui.SDL_GL.obj
 0001:00005207       ??_ERMultiImage2D_SDL_ttf@SDL_GL@ui@modules@UModSys@@UAEPAXI@Z 10006207 f i  CIL library: CIL module
 0001:00005207       ??_GRMultiImage2D_SDL_ttf@SDL_GL@ui@modules@UModSys@@UAEPAXI@Z 10006207 f i umodsys_lib_libui:umodsys.mod.ui.SDL_GL.obj
 0001:00005262       ?open@RMultiImage2D_SDL_ttf@SDL_GL@ui@modules@UModSys@@QAE_NABUSParameters@core@5@@Z 10006262 f   umodsys_lib_libui:umodsys.mod.ui.SDL_GL.obj
 0001:000052ed       ?generate_glyphs@RMultiImage2D_SDL_ttf@SDL_GL@ui@modules@UModSys@@QAE_NXZ 100062ed f   umodsys_lib_libui:umodsys.mod.ui.SDL_GL.obj
 0001:000053dc       ?set_flags@SGLFuncs@SDL_GL@ui@modules@UModSys@@QBEXPBUTextureInfo@12345@ABUSRenderMapFlags@lib3d@5@@Z 100063dc f i umodsys_lib_libui:umodsys.mod.ui.SDL_GL.obj
 0001:00005492       ??1STextureGL@SDL_GL@ui@modules@UModSys@@QAE@XZ 10006492 f   umodsys_lib_libui:umodsys.mod.ui.SDL_GL.obj
 0001:000054db       ?gen@STextureGL@SDL_GL@ui@modules@UModSys@@QAE_NXZ 100064db f   umodsys_lib_libui:umodsys.mod.ui.SDL_GL.obj
 0001:00005512       ?clear@STextureGL@SDL_GL@ui@modules@UModSys@@QAEXXZ 10006512 f   umodsys_lib_libui:umodsys.mod.ui.SDL_GL.obj
 0001:00005535       ?dorebind@STextureGL@SDL_GL@ui@modules@UModSys@@QAEX_N@Z 10006535 f   umodsys_lib_libui:umodsys.mod.ui.SDL_GL.obj
 0001:0000558b       ?alloc@STextureGL@SDL_GL@ui@modules@UModSys@@QAE_NXZ 1000658b f   umodsys_lib_libui:umodsys.mod.ui.SDL_GL.obj
 0001:000055de       ?set_size@STextureGL@SDL_GL@ui@modules@UModSys@@QAEXHH@Z 100065de f   umodsys_lib_libui:umodsys.mod.ui.SDL_GL.obj
 0001:000056a3       ?reupload@STextureGL@SDL_GL@ui@modules@UModSys@@QAE_NXZ 100066a3 f   umodsys_lib_libui:umodsys.mod.ui.SDL_GL.obj
 0001:00005711       ?upload@STextureGL@SDL_GL@ui@modules@UModSys@@QAE_NXZ 10006711 f   umodsys_lib_libui:umodsys.mod.ui.SDL_GL.obj
 0001:000057ab       ?set_reallocate@STextureGL@SDL_GL@ui@modules@UModSys@@QAE_NW4eImageType@lib2d@5@HHPBD@Z 100067ab f   umodsys_lib_libui:umodsys.mod.ui.SDL_GL.obj
 0001:0000580b       ?new_texture@RMultiImage2D_SDL_ttf@SDL_GL@ui@modules@UModSys@@SA_NAAUSTextureGL@2345@PAUSDL_Surface@@PAURRenderDriver3D@2345@@Z 1000680b f   umodsys_lib_libui:umodsys.mod.ui.SDL_GL.obj
 0001:00005897       ??0RRenderDriver3D@SDL_GL@ui@modules@UModSys@@QAE@PAURTerminalX@1234@@Z 10006897 f   umodsys_lib_libui:umodsys.mod.ui.SDL_GL.obj
 0001:00005975       ??_GRRenderDriver3D@SDL_GL@ui@modules@UModSys@@UAEPAXI@Z 10006975 f i umodsys_lib_libui:umodsys.mod.ui.SDL_GL.obj
 0001:00005975       ??_ERRenderDriver3D@SDL_GL@ui@modules@UModSys@@UAEPAXI@Z 10006975 f i  CIL library: CIL module
 0001:00005992       ??1RRenderDriver3D@SDL_GL@ui@modules@UModSys@@UAE@XZ 10006992 f   umodsys_lib_libui:umodsys.mod.ui.SDL_GL.obj
 0001:00005a01       ?Close@RRenderDriver3D@SDL_GL@ui@modules@UModSys@@QAEXXZ 10006a01 f   umodsys_lib_libui:umodsys.mod.ui.SDL_GL.obj
 0001:00005a22       ?Open@RRenderDriver3D@SDL_GL@ui@modules@UModSys@@QAE_NABUSParameters@core@5@@Z 10006a22 f   umodsys_lib_libui:umodsys.mod.ui.SDL_GL.obj
 0001:00005b14       ?NextPhm@RRenderDriver3D@SDL_GL@ui@modules@UModSys@@QAE_NW4ePhaseMode@2345@@Z 10006b14 f   umodsys_lib_libui:umodsys.mod.ui.SDL_GL.obj
 0001:00005b69       ?new_font@RRenderDriver3D@SDL_GL@ui@modules@UModSys@@UAE?AU?$TRefObject@UIMultiImage@lib2d@UModSys@@U?$TRefObjectFunc@UIMultiImage@lib2d@UModSys@@@tl@3@@tl@5@ABUSParameters@core@5@ABU?$TString@U?$TSCoreConst@D@su@tl@UModSys@@U?$TComparerBinaryHash@D@234@@75@@Z 10006b69 f   umodsys_lib_libui:umodsys.mod.ui.SDL_GL.obj
 0001:00005ca4       ?new_picture@RRenderDriver3D@SDL_GL@ui@modules@UModSys@@UAE?AU?$TRefObject@UIImage@lib2d@UModSys@@U?$TRefObjectFunc@UIImage@lib2d@UModSys@@@tl@3@@tl@5@ABUSParameters@core@5@ABU?$TString@U?$TSCoreConst@D@su@tl@UModSys@@U?$TComparerBinaryHash@D@234@@75@@Z 10006ca4 f   umodsys_lib_libui:umodsys.mod.ui.SDL_GL.obj
 0001:00005ca4       ?new_picture@RRenderDriver2D@SDL_core@ui@modules@UModSys@@UAE?AU?$TRefObject@UIImage@lib2d@UModSys@@U?$TRefObjectFunc@UIImage@lib2d@UModSys@@@tl@3@@tl@5@ABUSParameters@core@5@ABU?$TString@U?$TSCoreConst@D@su@tl@UModSys@@U?$TComparerBinaryHash@D@234@@75@@Z 10006ca4 f   umodsys_lib_libui:umodsys.mod.ui.SDL_core.obj
 0001:00005cb6       ?get_max_values@RRenderDriver3D@SDL_GL@ui@modules@UModSys@@UBEPBUSParameters@core@5@XZ 10006cb6 f   umodsys_lib_libui:umodsys.mod.ui.SDL_GL.obj
 0001:00005cb6       ?get_max_values@RRenderDriver2D@SDL_core@ui@modules@UModSys@@UBEPBUSParameters@core@5@XZ 10006cb6 f   umodsys_lib_libui:umodsys.mod.ui.SDL_core.obj
 0001:00005cba       ?get_frame_values@RRenderDriver3D@SDL_GL@ui@modules@UModSys@@UBEPBUSParameters@core@5@XZ 10006cba f   umodsys_lib_libui:umodsys.mod.ui.SDL_GL.obj
 0001:00005cc1       ?setup_font@RRenderDriver3D@SDL_GL@ui@modules@UModSys@@UAE_NPAUIMultiImage@lib2d@5@PBU?$TVector2@M@math3d@5@@Z 10006cc1 f   umodsys_lib_libui:umodsys.mod.ui.SDL_GL.obj
 0001:00005d13       ?setup_color@RRenderDriver3D@SDL_GL@ui@modules@UModSys@@UAEXABU?$TVector3@M@math3d@5@@Z 10006d13 f   umodsys_lib_libui:umodsys.mod.ui.SDL_GL.obj
 0001:00005d3a       ?setup_color@RRenderDriver3D@SDL_GL@ui@modules@UModSys@@UAEXABU?$TVector3@H@math3d@5@@Z 10006d3a f   umodsys_lib_libui:umodsys.mod.ui.SDL_GL.obj
 0001:00005d7d       ?setup_coloralpha@RRenderDriver3D@SDL_GL@ui@modules@UModSys@@UAEXABU?$TVector4@M@math3d@5@H@Z 10006d7d f   umodsys_lib_libui:umodsys.mod.ui.SDL_GL.obj
 0001:00005da5       ?setup_coloralpha@RRenderDriver3D@SDL_GL@ui@modules@UModSys@@UAEXABU?$TVector4@H@math3d@5@H@Z 10006da5 f   umodsys_lib_libui:umodsys.mod.ui.SDL_GL.obj
 0001:00005dfd       ?setup_blendcolor@RRenderDriver3D@SDL_GL@ui@modules@UModSys@@UAEXABUSBlendColor@lib2d@5@@Z 10006dfd f   umodsys_lib_libui:umodsys.mod.ui.SDL_GL.obj
 0001:00005e55       ?setup_blendcolor@RRenderDriver3D@SDL_GL@ui@modules@UModSys@@UAEXABUSBlendColorf@lib2d@5@@Z 10006e55 f   umodsys_lib_libui:umodsys.mod.ui.SDL_GL.obj
 0001:00005e99       ?setup_alpha@RRenderDriver3D@SDL_GL@ui@modules@UModSys@@UAEXHH@Z 10006e99 f   umodsys_lib_libui:umodsys.mod.ui.SDL_GL.obj
 0001:00005ec0       ?setup_alpha@RRenderDriver3D@SDL_GL@ui@modules@UModSys@@UAEXMH@Z 10006ec0 f   umodsys_lib_libui:umodsys.mod.ui.SDL_GL.obj
 0001:00005ee1       ?render_text_advanced@RRenderDriver3D@SDL_GL@ui@modules@UModSys@@UAE_NAAUTextInfo@IRenderDriver@lib2d@5@PBHH@Z 10006ee1 f   umodsys_lib_libui:umodsys.mod.ui.SDL_GL.obj
 0001:0000609f       ?render_box@RRenderDriver3D@SDL_GL@ui@modules@UModSys@@UAEXABU?$TVector2@H@math3d@5@0@Z 1000709f f   umodsys_lib_libui:umodsys.mod.ui.SDL_GL.obj
 0001:000060fa       ?render_tri@RRenderDriver3D@SDL_GL@ui@modules@UModSys@@UAEXABU?$TVector2@H@math3d@5@00@Z 100070fa f   umodsys_lib_libui:umodsys.mod.ui.SDL_GL.obj
 0001:0000614a       ?render_quad@RRenderDriver3D@SDL_GL@ui@modules@UModSys@@UAEXABU?$TVector2@H@math3d@5@000@Z 1000714a f   umodsys_lib_libui:umodsys.mod.ui.SDL_GL.obj
 0001:000061a9       ?render_box@RRenderDriver3D@SDL_GL@ui@modules@UModSys@@UAEXPAUIImage@lib2d@5@ABU?$TVector2@H@math3d@5@1ABU?$TVector2@M@95@2@Z 100071a9 f   umodsys_lib_libui:umodsys.mod.ui.SDL_GL.obj
 0001:000061b6       ?render_line@RRenderDriver3D@SDL_GL@ui@modules@UModSys@@UAEXABU?$TVector2@H@math3d@5@0@Z 100071b6 f   umodsys_lib_libui:umodsys.mod.ui.SDL_GL.obj
 0001:000061f7       ?render_rect@RRenderDriver3D@SDL_GL@ui@modules@UModSys@@UAEXABU?$TVector2@H@math3d@5@0@Z 100071f7 f   umodsys_lib_libui:umodsys.mod.ui.SDL_GL.obj
 0001:00006288       ?begin@RRenderDriver3D@SDL_GL@ui@modules@UModSys@@UAEXXZ 10007288 f   umodsys_lib_libui:umodsys.mod.ui.SDL_GL.obj
 0001:000063b5       ?end@RRenderDriver3D@SDL_GL@ui@modules@UModSys@@UAEXXZ 100073b5 f   umodsys_lib_libui:umodsys.mod.ui.SDL_GL.obj
 0001:0000640d       ?Mode_2d_begin@RRenderDriver3D@SDL_GL@ui@modules@UModSys@@QAE_NXZ 1000740d f   umodsys_lib_libui:umodsys.mod.ui.SDL_GL.obj
 0001:00006508       ?Mode_2d_end@RRenderDriver3D@SDL_GL@ui@modules@UModSys@@QAE_NXZ 10007508 f   umodsys_lib_libui:umodsys.mod.ui.SDL_GL.obj
 0001:00006533       ?setup_array_none@RRenderDriver3D@SDL_GL@ui@modules@UModSys@@UAE_NXZ 10007533 f   umodsys_lib_libui:umodsys.mod.ui.SDL_GL.obj
 0001:00006533       ?driver_is_reset@RRenderDriver3D@SDL_GL@ui@modules@UModSys@@UAE_NXZ 10007533 f   umodsys_lib_libui:umodsys.mod.ui.SDL_GL.obj
 0001:00006533       ?key_reset@RKeyboardController@SDL_GL@ui@modules@UModSys@@UAE_NXZ 10007533 f   umodsys_lib_libui:umodsys.mod.ui.SDL_GL.obj
 0001:00006533       ?key_reset@RKeyboardController@SDL_core@ui@modules@UModSys@@UAE_NXZ 10007533 f   umodsys_lib_libui:umodsys.mod.ui.SDL_core.obj
 0001:00006536       ?register_texcells@RRenderDriver3D@SDL_GL@ui@modules@UModSys@@UAE?AU?$TRefObject@UITextureCells@lib3d@UModSys@@U?$TRefObjectFunc@UITextureCells@lib3d@UModSys@@@tl@3@@tl@5@PAUILibrary@libmedia@5@ABU?$TString@U?$TSCoreConst@D@su@tl@UModSys@@U?$TComparerBinaryHash@D@234@@75@ABUSRenderMapFlags@lib3d@5@@Z 10007536 f   umodsys_lib_libui:umodsys.mod.ui.SDL_GL.obj
 0001:00006536       ?data_writer@RBinArchiveFrameClient_ZIP@zlib@media@modules@UModSys@@UAE?AU?$TRefObject@UIStreamWriter@libmedia@UModSys@@U?$TRefObjectFunc@UIStreamWriter@libmedia@UModSys@@@tl@3@@tl@5@PAUIBinArchiveFrame@libmedia@5@ABU?$TString@U?$TSCoreConst@D@su@tl@UModSys@@U?$TComparerBinaryHash@D@234@@75@ABUSFlags@95@@Z 10007536 f   umodsys_lib_libmedia:umodsys.mod.media.zlib.obj
 0001:00006536       ?register_tex@RRenderDriver3D@SDL_GL@ui@modules@UModSys@@UAE?AU?$TRefObject@UITexture@lib3d@UModSys@@U?$TRefObjectFunc@UITexture@lib3d@UModSys@@@tl@3@@tl@5@PAUILibrary@libmedia@5@ABU?$TString@U?$TSCoreConst@D@su@tl@UModSys@@U?$TComparerBinaryHash@D@234@@75@ABUSRenderMapFlags@lib3d@5@@Z 10007536 f   umodsys_lib_libui:umodsys.mod.ui.SDL_GL.obj
 0001:00006536       ?register_tex@RRenderDriver3D@SDL_GL@ui@modules@UModSys@@UAE?AU?$TRefObject@UITexture@lib3d@UModSys@@U?$TRefObjectFunc@UITexture@lib3d@UModSys@@@tl@3@@tl@5@ABU?$TVector2@H@math3d@5@ABUSRenderMapFlags@lib3d@5@W4eImageType@lib2d@5@@Z 10007536 f   umodsys_lib_libui:umodsys.mod.ui.SDL_GL.obj
 0001:00006548       ?create_array@RRenderDriver3D@SDL_GL@ui@modules@UModSys@@UAE?AU?$TRefObject@UIVertexArray@lib3d@UModSys@@U?$TRefObjectFunc@UIVertexArray@lib3d@UModSys@@@tl@3@@tl@5@HQBUSVertexElemInfo@lib3d@5@H@Z 10007548 f   umodsys_lib_libui:umodsys.mod.ui.SDL_GL.obj
 0001:00006623       ?create_array@RRenderDriver3D@SDL_GL@ui@modules@UModSys@@UAE?AU?$TRefObject@UIVertexArray@lib3d@UModSys@@U?$TRefObjectFunc@UIVertexArray@lib3d@UModSys@@@tl@3@@tl@5@HQBUSVertexElemInfo@lib3d@5@HPBXI@Z 10007623 f   umodsys_lib_libui:umodsys.mod.ui.SDL_GL.obj
 0001:00006714       ?map_2d_to_3d@RRenderDriver3D@SDL_GL@ui@modules@UModSys@@UAE_NAAU?$TVector2@M@math3d@5@ABU?$TVector2@H@75@@Z 10007714 f   umodsys_lib_libui:umodsys.mod.ui.SDL_GL.obj
 0001:000067c4       ?SetT@RRenderDriver3D@SDL_GL@ui@modules@UModSys@@QAEXABU?$TMatrix44@N@math3d@5@_N@Z 100077c4 f   umodsys_lib_libui:umodsys.mod.ui.SDL_GL.obj
 0001:0000690b       ?SetFrustum@RRenderDriver3D@SDL_GL@ui@modules@UModSys@@QAE_NABU?$TVector3@N@math3d@5@NNNN_N@Z 1000790b f   umodsys_lib_libui:umodsys.mod.ui.SDL_GL.obj
 0001:000069d5       ?camera_ortho@RRenderDriver3D@SDL_GL@ui@modules@UModSys@@UAE_NABU?$TVector3@N@math3d@5@0@Z 100079d5 f   umodsys_lib_libui:umodsys.mod.ui.SDL_GL.obj
 0001:00006a76       ?camera_frustum@RRenderDriver3D@SDL_GL@ui@modules@UModSys@@UAE_NABU?$TVector3@N@math3d@5@0@Z 10007a76 f   umodsys_lib_libui:umodsys.mod.ui.SDL_GL.obj
 0001:00006ad3       ?camera_frustum@RRenderDriver3D@SDL_GL@ui@modules@UModSys@@UAE_NABU?$TVector3@N@math3d@5@ABU?$TVector2@M@75@NN@Z 10007ad3 f   umodsys_lib_libui:umodsys.mod.ui.SDL_GL.obj
 0001:00006bca       ?setup_addlight@RRenderDriver3D@SDL_GL@ui@modules@UModSys@@UAEHW4eLightType@lib3d@5@ABUSLight@75@ABU?$TMatrix44@N@math3d@5@@Z 10007bca f   umodsys_lib_libui:umodsys.mod.ui.SDL_GL.obj
 0001:00006bd0       ?setup_T@RRenderDriver3D@SDL_GL@ui@modules@UModSys@@UAEXABU?$TMatrix44@N@math3d@5@@Z 10007bd0 f   umodsys_lib_libui:umodsys.mod.ui.SDL_GL.obj
 0001:00006bf8       ?get_maxbox@RCollector@frames@ui@modules@UModSys@@UAE_NAAU?$TBoundBox2@H@math3d@5@@Z 10007bf8 f   umodsys_lib_libui:umodsys.mod.ui.frames.obj
 0001:00006bf8       ?mouse_event@RFrame_Common@frames@ui@modules@UModSys@@MAE_NPBUSMouseInput@libui@5@@Z 10007bf8 f   umodsys_lib_libui:umodsys.mod.ui.frames.obj
 0001:00006bf8       ?key_event@RFrame_Common@frames@ui@modules@UModSys@@MAE_NABUSKeyboardInputRaw@libui@5@@Z 10007bf8 f   umodsys_lib_libui:umodsys.mod.ui.frames.obj
 0001:00006bf8       ?setup_material@RRenderDriver3D@SDL_GL@ui@modules@UModSys@@UAE_NPBUSMaterial@lib3d@5@@Z 10007bf8 f   umodsys_lib_libui:umodsys.mod.ui.SDL_GL.obj
 0001:00006bf8       ?get_minsize@RCollector@frames@ui@modules@UModSys@@UAE_NAAU?$TVector2@H@math3d@5@@Z 10007bf8 f   umodsys_lib_libui:umodsys.mod.ui.frames.obj
 0001:00006bf8       ?key_event@RFrame_Common@frames@ui@modules@UModSys@@MAE_NABUSKeyboardInputText@libui@5@@Z 10007bf8 f   umodsys_lib_libui:umodsys.mod.ui.frames.obj
 0001:00006bf8       ?set_layer_count@RMultiImage2D_SDL_ttf@SDL_core@ui@modules@UModSys@@UAE_NG@Z 10007bf8 f   umodsys_lib_libui:umodsys.mod.ui.SDL_core.obj
 0001:00006bf8       ?arc_deinit@RBinArchiveFrameClient_ZIP@zlib@media@modules@UModSys@@UAE_NPAUIBinArchiveFrame@libmedia@5@@Z 10007bf8 f   umodsys_lib_libmedia:umodsys.mod.media.zlib.obj
 0001:00006bf8       ?setup_state@RRenderDriver3D@SDL_GL@ui@modules@UModSys@@UAE_NABUSRenderState@lib3d@5@@Z 10007bf8 f   umodsys_lib_libui:umodsys.mod.ui.SDL_GL.obj
 0001:00006bf8       ?key_text@UI_Info@RTest1_Shell@test1@test@modules@UModSys@@UAE_NABUSKeyboardInputText@libui@6@@Z 10007bf8 f   plugin_test1.obj
 0001:00006bf8       ?set_layer_count@RMultiImage2D_SDL_ttf@SDL_GL@ui@modules@UModSys@@UAE_NG@Z 10007bf8 f   umodsys_lib_libui:umodsys.mod.ui.SDL_GL.obj
 0001:00006bf8       ?set_insize@RFrame_Common@frames@ui@modules@UModSys@@UAE_NABU?$TVector2@H@math3d@5@@Z 10007bf8 f   umodsys_lib_libui:umodsys.mod.ui.frames.obj
 0001:00006bf8       ?frame_remove@RCollector@frames@ui@modules@UModSys@@UAE_NPAUIFrame@libui@5@@Z 10007bf8 f   umodsys_lib_libui:umodsys.mod.ui.frames.obj
 0001:00006bfd       ?setup_array@RRenderDriver3D@SDL_GL@ui@modules@UModSys@@UAE_NPAUIVertexArray@lib3d@5@HH@Z 10007bfd f   umodsys_lib_libui:umodsys.mod.ui.SDL_GL.obj
 0001:00006c74       ?render_primitive@RRenderDriver3D@SDL_GL@ui@modules@UModSys@@UAE_NW4eRenderPrimitiveType@lib3d@5@HH@Z 10007c74 f   umodsys_lib_libui:umodsys.mod.ui.SDL_GL.obj
 0001:00006ce9       ?render_picture@RRenderDriver3D@SDL_GL@ui@modules@UModSys@@UAEXABUSPicture@lib3d@5@0M@Z 10007ce9 f   umodsys_lib_libui:umodsys.mod.ui.SDL_GL.obj
 0001:00006cec       ?render_text_3d@RRenderDriver3D@SDL_GL@ui@modules@UModSys@@UAEXPBHH@Z 10007cec f   umodsys_lib_libui:umodsys.mod.ui.SDL_GL.obj
 0001:00006cef       ?phase_start@RRenderDriver3D@SDL_GL@ui@modules@UModSys@@UAEXHH@Z 10007cef f   umodsys_lib_libui:umodsys.mod.ui.SDL_GL.obj
 0001:00006da9       ?phase_2d@RRenderDriver3D@SDL_GL@ui@modules@UModSys@@UAEX_N@Z 10007da9 f   umodsys_lib_libui:umodsys.mod.ui.SDL_GL.obj
 0001:00006de3       ?render_start@RRenderDriver3D@SDL_GL@ui@modules@UModSys@@UAEXXZ 10007de3 f   umodsys_lib_libui:umodsys.mod.ui.SDL_GL.obj
 0001:00006e8a       ?render_stop@RRenderDriver3D@SDL_GL@ui@modules@UModSys@@UAEXXZ 10007e8a f   umodsys_lib_libui:umodsys.mod.ui.SDL_GL.obj
 0001:00006f02       ?setup_2d@RRenderDriver3D@SDL_GL@ui@modules@UModSys@@UAE_NPBU?$TVector2@H@math3d@5@0PBU?$TVector2@M@75@1@Z 10007f02 f   umodsys_lib_libui:umodsys.mod.ui.SDL_GL.obj
 0001:00006f8a       ?gl_type@RVertexArray@SDL_GL@ui@modules@UModSys@@SAIW4eVertexAType@lib3d@5@@Z 10007f8a f   umodsys_lib_libui:umodsys.mod.ui.SDL_GL.obj
 0001:00006fea       ??0RVertexArray@SDL_GL@ui@modules@UModSys@@QAE@PAURRenderDriver3D@1234@_N1@Z 10007fea f   umodsys_lib_libui:umodsys.mod.ui.SDL_GL.obj
 0001:0000708a       ??_ERVertexArray@SDL_GL@ui@modules@UModSys@@UAEPAXI@Z 1000808a f i  CIL library: CIL module
 0001:0000708a       ??_GRVertexArray@SDL_GL@ui@modules@UModSys@@UAEPAXI@Z 1000808a f i umodsys_lib_libui:umodsys.mod.ui.SDL_GL.obj
 0001:000070d9       ?Free@RVertexArray@SDL_GL@ui@modules@UModSys@@QAE_NXZ 100080d9 f   umodsys_lib_libui:umodsys.mod.ui.SDL_GL.obj
[...]
 0001:0002c477       ??__F?s_id@?$TObjectUniqueID@UICollector@libui@UModSys@@@tl@UModSys@@2USUniquePointer@core@3@A@@YAXXZ 1002d477 f    CIL library: CIL module
 0001:0002c481       ??__F?s_id@?$TObjectUniqueID@UIConsoleHelperInput_UIKey@libui@UModSys@@@tl@UModSys@@2USUniquePointer@core@3@A@@YAXXZ 1002d481 f    CIL library: CIL module
 0001:0002c48b       ??__F?s_id@?$TObjectUniqueID@UITerminal@libui@UModSys@@@tl@UModSys@@2USUniquePointer@core@3@A@@YAXXZ 1002d48b f    CIL library: CIL module
 0001:0002c495       ??__F?s_id@?$TObjectUniqueID@UIJoystickController@libui@UModSys@@@tl@UModSys@@2USUniquePointer@core@3@A@@YAXXZ 1002d495 f    CIL library: CIL module
 0001:0002c49f       ??__F?s_id@?$TObjectUniqueID@UIMouseController@libui@UModSys@@@tl@UModSys@@2USUniquePointer@core@3@A@@YAXXZ 1002d49f f    CIL library: CIL module
 0001:0002c4a9       ??__F?s_id@?$TObjectUniqueID@UIKeyboardController@libui@UModSys@@@tl@UModSys@@2USUniquePointer@core@3@A@@YAXXZ 1002d4a9 f    CIL library: CIL module
 0001:0002c4b3       ??__F?s_id@?$TObjectUniqueID@UIConsoleHelperOutputFCS@base@UModSys@@@tl@UModSys@@2USUniquePointer@core@3@A@@YAXXZ 1002d4b3 f    CIL library: CIL module
 0001:0002c4bd       ??__F?s_id@?$TObjectUniqueID@UIConsoleHelperOutput@base@UModSys@@@tl@UModSys@@2USUniquePointer@core@3@A@@YAXXZ 1002d4bd f    CIL library: CIL module
 0001:0002c4c7       ??__F?s_id@?$TObjectUniqueID@UIConsoleHelperInput@base@UModSys@@@tl@UModSys@@2USUniquePointer@core@3@A@@YAXXZ 1002d4c7 f    CIL library: CIL module
 0001:0002c4d1       ??__F?s_id@?$TObjectUniqueID@UIConsoleHelperHistory@base@UModSys@@@tl@UModSys@@2USUniquePointer@core@3@A@@YAXXZ 1002d4d1 f    CIL library: CIL module
 0001:0002c4db       ??__F?s_id@?$TObjectUniqueID@UIConsoleHelper@base@UModSys@@@tl@UModSys@@2USUniquePointer@core@3@A@@YAXXZ 1002d4db f    CIL library: CIL module
 0001:0002c4e5       ??__F?s_id@?$TObjectUniqueID@UIConsoleExt@base@UModSys@@@tl@UModSys@@2USUniquePointer@core@3@A@@YAXXZ 1002d4e5 f    CIL library: CIL module
 0001:0002c4ef       ??__F?s_id@?$TObjectUniqueID@UISerializeWriter@libmedia@UModSys@@@tl@UModSys@@2USUniquePointer@core@3@A@@YAXXZ 1002d4ef f    CIL library: CIL module
 0001:0002c4f9       ??__F?s_id@?$TObjectUniqueID@UISerializeReader@libmedia@UModSys@@@tl@UModSys@@2USUniquePointer@core@3@A@@YAXXZ 1002d4f9 f    CIL library: CIL module
 0001:0002c503       ??__F?s_id@?$TObjectUniqueID@UIClient@IBinArchiveFrame@libmedia@UModSys@@@tl@UModSys@@2USUniquePointer@core@3@A@@YAXXZ 1002d503 f    CIL library: CIL module
 0001:0002c50d       ??__F?s_id@?$TObjectUniqueID@UIBinArchiveFrame@libmedia@UModSys@@@tl@UModSys@@2USUniquePointer@core@3@A@@YAXXZ 1002d50d f    CIL library: CIL module
 0001:0002c517       ??__F?s_id@?$TObjectUniqueID@UILibraryLayered@libmedia@UModSys@@@tl@UModSys@@2USUniquePointer@core@3@A@@YAXXZ 1002d517 f    CIL library: CIL module
 0001:0002c521       ??__F?s_id@?$TObjectUniqueID@UILibraryObjCache@libmedia@UModSys@@@tl@UModSys@@2USUniquePointer@core@3@A@@YAXXZ 1002d521 f    CIL library: CIL module
 0001:0002c52b       ??__F?s_id@?$TObjectUniqueID@UILibraryObjFilter@libmedia@UModSys@@@tl@UModSys@@2USUniquePointer@core@3@A@@YAXXZ 1002d52b f    CIL library: CIL module
 0001:0002c535       ??__F?s_id@?$TObjectUniqueID@UILibraryBinCache@libmedia@UModSys@@@tl@UModSys@@2USUniquePointer@core@3@A@@YAXXZ 1002d535 f    CIL library: CIL module
 0001:0002c53f       ??__F?s_id@?$TObjectUniqueID@UILibraryBinTree@libmedia@UModSys@@@tl@UModSys@@2USUniquePointer@core@3@A@@YAXXZ 1002d53f f    CIL library: CIL module
 0001:0002c549       ??__F?s_id@?$TObjectUniqueID@UILibrary@libmedia@UModSys@@@tl@UModSys@@2USUniquePointer@core@3@A@@YAXXZ 1002d549 f    CIL library: CIL module
 0001:0002c553       ??__F?s_id@?$TObjectUniqueID@UIBinObjFilter@libmedia@UModSys@@@tl@UModSys@@2USUniquePointer@core@3@A@@YAXXZ 1002d553 f    CIL library: CIL module
 0001:0002c55d       ??__F?s_id@?$TObjectUniqueID@UIBinArchive@libmedia@UModSys@@@tl@UModSys@@2USUniquePointer@core@3@A@@YAXXZ 1002d55d f    CIL library: CIL module
 0001:0002c567       ??__F?s_id@?$TObjectUniqueID@UILibObject@libmedia@UModSys@@@tl@UModSys@@2USUniquePointer@core@3@A@@YAXXZ 1002d567 f    CIL library: CIL module
 0001:0002c571       ??__F?s_id@?$TObjectUniqueID@UIUtilities@libmedia@UModSys@@@tl@UModSys@@2USUniquePointer@core@3@A@@YAXXZ 1002d571 f    CIL library: CIL module
 0001:0002c57b       ??__F?s_id@?$TObjectUniqueID@UIStreamWriter@libmedia@UModSys@@@tl@UModSys@@2USUniquePointer@core@3@A@@YAXXZ 1002d57b f    CIL library: CIL module
 0001:0002c585       ??__F?s_id@?$TObjectUniqueID@UIStreamReader@libmedia@UModSys@@@tl@UModSys@@2USUniquePointer@core@3@A@@YAXXZ 1002d585 f    CIL library: CIL module
 0001:0002c58f       ??__F?s_id@?$TObjectUniqueID@UISystem@base@UModSys@@@tl@UModSys@@2USUniquePointer@core@3@A@@YAXXZ 1002d58f f    CIL library: CIL module
 0001:0002c599       ??__F?s_id@?$TObjectUniqueID@UIShell@base@UModSys@@@tl@UModSys@@2USUniquePointer@core@3@A@@YAXXZ 1002d599 f    CIL library: CIL module
 0001:0002c5a3       ??__F?s_id@?$TObjectUniqueID@UIGenerator@base@UModSys@@@tl@UModSys@@2USUniquePointer@core@3@A@@YAXXZ 1002d5a3 f    CIL library: CIL module
 0001:0002c5ad       ??__F?s_id@?$TObjectUniqueID@UIModObject@base@UModSys@@@tl@UModSys@@2USUniquePointer@core@3@A@@YAXXZ 1002d5ad f    CIL library: CIL module
 0001:0002c5b7       ??__F?s_id@?$TObjectUniqueID@UIModuleLibrary@base@UModSys@@@tl@UModSys@@2USUniquePointer@core@3@A@@YAXXZ 1002d5b7 f    CIL library: CIL module
 0001:0002c5c1       ??__F?s_id@?$TObjectUniqueID@UIModule@base@UModSys@@@tl@UModSys@@2USUniquePointer@core@3@A@@YAXXZ 1002d5c1 f    CIL library: CIL module
 0001:0002c5cb       ??__F?s_id@?$TObjectUniqueID@UIConsole@base@UModSys@@@tl@UModSys@@2USUniquePointer@core@3@A@@YAXXZ 1002d5cb f    CIL library: CIL module
 0001:0002c5d5       ??__F?s_id@?$TObjectUniqueID@UIParameters@core@UModSys@@@tl@UModSys@@2USUniquePointer@core@3@A@@YAXXZ 1002d5d5 f    CIL library: CIL module
 0001:0002c5df       ??__F?s_id@?$TObjectUniqueID@UIRefObject@core@UModSys@@@tl@UModSys@@2USUniquePointer@core@3@A@@YAXXZ 1002d5df f    CIL library: CIL module
 0001:0002c5e9       ??__F?s_id@?$TObjectUniqueID@UIRoot@core@UModSys@@@tl@UModSys@@2USUniquePointer@core@3@A@@YAXXZ 1002d5e9 f    CIL library: CIL module
 0001:0002c5f3       ??__F?s_id@?$TObjectUniqueID@UIScene@lib3d@UModSys@@@tl@UModSys@@2USUniquePointer@core@3@A@@YAXXZ 1002d5f3 f    CIL library: CIL module
 0001:0002c5fd       ??__F?s_id@?$TObjectUniqueID@UISceneController@lib3d@UModSys@@@tl@UModSys@@2USUniquePointer@core@3@A@@YAXXZ 1002d5fd f    CIL library: CIL module
 0001:0002c607       ??__F?s_id@?$TObjectUniqueID@UINodeObject_Light@lib3d@UModSys@@@tl@UModSys@@2USUniquePointer@core@3@A@@YAXXZ 1002d607 f    CIL library: CIL module
 0001:0002c611       ??__F?s_id@?$TObjectUniqueID@UINodeObject_Camera@lib3d@UModSys@@@tl@UModSys@@2USUniquePointer@core@3@A@@YAXXZ 1002d611 f    CIL library: CIL module
 0001:0002c61b       ??__F?s_id@?$TObjectUniqueID@UINodeObject_Particles@lib3d@UModSys@@@tl@UModSys@@2USUniquePointer@core@3@A@@YAXXZ 1002d61b f    CIL library: CIL module
 0001:0002c625       ??__F?s_id@?$TObjectUniqueID@UINodeObject_Picture@lib3d@UModSys@@@tl@UModSys@@2USUniquePointer@core@3@A@@YAXXZ 1002d625 f    CIL library: CIL module
 0001:0002c62f       ??__F?s_id@?$TObjectUniqueID@UINodeObject_Mesh@lib3d@UModSys@@@tl@UModSys@@2USUniquePointer@core@3@A@@YAXXZ 1002d62f f    CIL library: CIL module
 0001:0002c639       ??__F?s_id@?$TObjectUniqueID@UINodeObject_Brush@lib3d@UModSys@@@tl@UModSys@@2USUniquePointer@core@3@A@@YAXXZ 1002d639 f    CIL library: CIL module
 0001:0002c643       ??__Fs_dbg@stdlib@lib2d@modules@UModSys@@YAXXZ 1002d643 f    CIL library: CIL module
 0001:0002c65a       ??__F?s_modreg@RModuleReg@stdlib@lib2d@modules@UModSys@@2U12345@A@@YAXXZ 1002d65a f    CIL library: CIL module
 0001:0002c665       ??__F?s_modreg_chain@RModuleReg@stdlib@lib2d@modules@UModSys@@2USModuleRegChain@base@5@A@@YAXXZ 1002d665 f    CIL library: CIL module
 0001:0002c66f       ??__F?s_uid@RGenerator@stdlib@lib2d@modules@UModSys@@2USUniquePointer@core@5@A@@YAXXZ 1002d66f f    CIL library: CIL module
 0001:0002c679       ??__Fh@?1??s_holder@RGenerator@stdlib@lib2d@modules@UModSys@@SAAAU?$TTypeStaticHolder@URGenerator@stdlib@lib2d@modules@UModSys@@@tl@5@XZ@YAXXZ 1002d679 f    CIL library: CIL module
 0001:0002c696       ??__F?s_id@?$TObjectUniqueID@URGenerator@stdlib@lib2d@modules@UModSys@@@tl@UModSys@@2USUniquePointer@core@3@A@@YAXXZ 1002d696 f    CIL library: CIL module
 0001:0002c6a0       ??__F?s_id@?$TObjectUniqueID@URMultiImage@stdlib@lib2d@modules@UModSys@@@tl@UModSys@@2USUniquePointer@core@3@A@@YAXXZ 1002d6a0 f    CIL library: CIL module
 0001:0002c6aa       ??__F?s_id@?$TObjectUniqueID@URImageFactory_Memory@stdlib@lib2d@modules@UModSys@@@tl@UModSys@@2USUniquePointer@core@3@A@@YAXXZ 1002d6aa f    CIL library: CIL module
 0001:0002c6b4       ??__F?s_id@?$TObjectUniqueID@URImage_Memory@stdlib@lib2d@modules@UModSys@@@tl@UModSys@@2USUniquePointer@core@3@A@@YAXXZ 1002d6b4 f    CIL library: CIL module
 0001:0002c6be       ??__Fs_dbg@SDL_GL@ui@modules@UModSys@@YAXXZ 1002d6be f    CIL library: CIL module
 0001:0002c6d5       ??__F?s_modreg@RModuleReg@SDL_GL@ui@modules@UModSys@@2U12345@A@@YAXXZ 1002d6d5 f    CIL library: CIL module
 0001:0002c6e0       ??__F?s_modreg_chain@RModuleReg@SDL_GL@ui@modules@UModSys@@2USModuleRegChain@base@5@A@@YAXXZ 1002d6e0 f    CIL library: CIL module
 0001:0002c6ea       ??__F?s_uid@RGenerator@SDL_GL@ui@modules@UModSys@@2USUniquePointer@core@5@A@@YAXXZ 1002d6ea f    CIL library: CIL module
 0001:0002c6f4       ??__Fh@?1??s_holder@RGenerator@SDL_GL@ui@modules@UModSys@@SAAAU?$TTypeStaticHolder@URGenerator@SDL_GL@ui@modules@UModSys@@@tl@5@XZ@YAXXZ 1002d6f4 f    CIL library: CIL module
 0001:0002c711       ??__F?s_id@?$TObjectUniqueID@URGenerator@SDL_GL@ui@modules@UModSys@@@tl@UModSys@@2USUniquePointer@core@3@A@@YAXXZ 1002d711 f    CIL library: CIL module
 0001:0002c71b       ??__F?s_id@?$TObjectUniqueID@URVertexArray@SDL_GL@ui@modules@UModSys@@@tl@UModSys@@2USUniquePointer@core@3@A@@YAXXZ 1002d71b f    CIL library: CIL module
 0001:0002c725       ??__F?s_id@?$TObjectUniqueID@URTerminalX@SDL_GL@ui@modules@UModSys@@@tl@UModSys@@2USUniquePointer@core@3@A@@YAXXZ 1002d725 f    CIL library: CIL module
 0001:0002c72f       ??__F?s_id@?$TObjectUniqueID@URRenderDriver3D@SDL_GL@ui@modules@UModSys@@@tl@UModSys@@2USUniquePointer@core@3@A@@YAXXZ 1002d72f f    CIL library: CIL module
 0001:0002c739       ??__F?s_id@?$TObjectUniqueID@URMultiImage2D_SDL_ttf@SDL_GL@ui@modules@UModSys@@@tl@UModSys@@2USUniquePointer@core@3@A@@YAXXZ 1002d739 f    CIL library: CIL module
 0001:0002c743       ??__F?s_id@?$TObjectUniqueID@URTerminal@SDL_GL@ui@modules@UModSys@@@tl@UModSys@@2USUniquePointer@core@3@A@@YAXXZ 1002d743 f    CIL library: CIL module
 0001:0002c74d       ??__F?s_id@?$TObjectUniqueID@URMouseController@SDL_GL@ui@modules@UModSys@@@tl@UModSys@@2USUniquePointer@core@3@A@@YAXXZ 1002d74d f    CIL library: CIL module
 0001:0002c757       ??__F?s_id@?$TObjectUniqueID@URKeyboardController@SDL_GL@ui@modules@UModSys@@@tl@UModSys@@2USUniquePointer@core@3@A@@YAXXZ 1002d757 f    CIL library: CIL module
 0001:0002c761       ??__Fs_dbg@SDL_core@ui@modules@UModSys@@YAXXZ 1002d761 f    CIL library: CIL module
 0001:0002c778       ??__F?s_modreg@RModuleReg@SDL_core@ui@modules@UModSys@@2U12345@A@@YAXXZ 1002d778 f    CIL library: CIL module
 0001:0002c783       ??__F?s_modreg_chain@RModuleReg@SDL_core@ui@modules@UModSys@@2USModuleRegChain@base@5@A@@YAXXZ 1002d783 f    CIL library: CIL module
 0001:0002c78d       ??__F?s_uid@RGenerator@SDL_core@ui@modules@UModSys@@2USUniquePointer@core@5@A@@YAXXZ 1002d78d f    CIL library: CIL module
 0001:0002c797       ??__Fh@?1??s_holder@RGenerator@SDL_core@ui@modules@UModSys@@SAAAU?$TTypeStaticHolder@URGenerator@SDL_core@ui@modules@UModSys@@@tl@5@XZ@YAXXZ 1002d797 f    CIL library: CIL module
 0001:0002c7b4       ??__F?s_id@?$TObjectUniqueID@URGenerator@SDL_core@ui@modules@UModSys@@@tl@UModSys@@2USUniquePointer@core@3@A@@YAXXZ 1002d7b4 f    CIL library: CIL module
 0001:0002c7be       ??__F?s_id@?$TObjectUniqueID@URTerminalX@SDL_core@ui@modules@UModSys@@@tl@UModSys@@2USUniquePointer@core@3@A@@YAXXZ 1002d7be f    CIL library: CIL module
 0001:0002c7c8       ??__F?s_id@?$TObjectUniqueID@URRenderDriver2D@SDL_core@ui@modules@UModSys@@@tl@UModSys@@2USUniquePointer@core@3@A@@YAXXZ 1002d7c8 f    CIL library: CIL module
 0001:0002c7d2       ??__F?s_id@?$TObjectUniqueID@URMultiImage2D_SDL_ttf@SDL_core@ui@modules@UModSys@@@tl@UModSys@@2USUniquePointer@core@3@A@@YAXXZ 1002d7d2 f    CIL library: CIL module
 0001:0002c7dc       ??__F?s_id@?$TObjectUniqueID@URTerminal@SDL_core@ui@modules@UModSys@@@tl@UModSys@@2USUniquePointer@core@3@A@@YAXXZ 1002d7dc f    CIL library: CIL module
 0001:0002c7e6       ??__F?s_id@?$TObjectUniqueID@URMouseController@SDL_core@ui@modules@UModSys@@@tl@UModSys@@2USUniquePointer@core@3@A@@YAXXZ 1002d7e6 f    CIL library: CIL module
 0001:0002c7f0       ??__F?s_id@?$TObjectUniqueID@URKeyboardController@SDL_core@ui@modules@UModSys@@@tl@UModSys@@2USUniquePointer@core@3@A@@YAXXZ 1002d7f0 f    CIL library: CIL module
 0001:0002c7fa       ??__Fs_dbg@frames@ui@modules@UModSys@@YAXXZ 1002d7fa f    CIL library: CIL module
 0001:0002c811       ??__F?s_modreg@RModuleReg@frames@ui@modules@UModSys@@2U12345@A@@YAXXZ 1002d811 f    CIL library: CIL module
 0001:0002c81c       ??__F?s_modreg_chain@RModuleReg@frames@ui@modules@UModSys@@2USModuleRegChain@base@5@A@@YAXXZ 1002d81c f    CIL library: CIL module
 0001:0002c826       ??__F?s_uid@RGenerator@frames@ui@modules@UModSys@@2USUniquePointer@core@5@A@@YAXXZ 1002d826 f    CIL library: CIL module
 0001:0002c830       ??__Fh@?1??s_holder@RGenerator@frames@ui@modules@UModSys@@SAAAU?$TTypeStaticHolder@URGenerator@frames@ui@modules@UModSys@@@tl@5@XZ@YAXXZ 1002d830 f    CIL library: CIL module
 0001:0002c84d       ??__F?s_id@?$TObjectUniqueID@URGenerator@frames@ui@modules@UModSys@@@tl@UModSys@@2USUniquePointer@core@3@A@@YAXXZ 1002d84d f    CIL library: CIL module
 0001:0002c857       ??__F?s_id@?$TObjectUniqueID@URCollector@frames@ui@modules@UModSys@@@tl@UModSys@@2USUniquePointer@core@3@A@@YAXXZ 1002d857 f    CIL library: CIL module
 0001:0002c861       ??__F?s_id@?$TObjectUniqueID@URFrame_List@frames@ui@modules@UModSys@@@tl@UModSys@@2USUniquePointer@core@3@A@@YAXXZ 1002d861 f    CIL library: CIL module
 0001:0002c86b       ??__F?s_id@?$TObjectUniqueID@URFrame_Edit@frames@ui@modules@UModSys@@@tl@UModSys@@2USUniquePointer@core@3@A@@YAXXZ 1002d86b f    CIL library: CIL module
 0001:0002c875       ??__F?s_id@?$TObjectUniqueID@URFrame_Button@frames@ui@modules@UModSys@@@tl@UModSys@@2USUniquePointer@core@3@A@@YAXXZ 1002d875 f    CIL library: CIL module
 0001:0002c87f       ??__F?s_id@?$TObjectUniqueID@URFrame_Text@frames@ui@modules@UModSys@@@tl@UModSys@@2USUniquePointer@core@3@A@@YAXXZ 1002d87f f    CIL library: CIL module
 0001:0002c889       ??__F?s_id@?$TObjectUniqueID@URFrame_Image@frames@ui@modules@UModSys@@@tl@UModSys@@2USUniquePointer@core@3@A@@YAXXZ 1002d889 f    CIL library: CIL module
 0001:0002c893       ??__F?s_id@?$TObjectUniqueID@URFrame_Frame@frames@ui@modules@UModSys@@@tl@UModSys@@2USUniquePointer@core@3@A@@YAXXZ 1002d893 f    CIL library: CIL module
 0001:0002c89d       ??__F?s_id@?$TObjectUniqueID@URDialog@frames@ui@modules@UModSys@@@tl@UModSys@@2USUniquePointer@core@3@A@@YAXXZ 1002d89d f    CIL library: CIL module
 0001:0002c8a7       ??__F?s_id@?$TObjectUniqueID@URFrame_Common@frames@ui@modules@UModSys@@@tl@UModSys@@2USUniquePointer@core@3@A@@YAXXZ 1002d8a7 f    CIL library: CIL module
 0001:0002c8b1       ??__Fs_dbg@images_std@media@modules@UModSys@@YAXXZ 1002d8b1 f    CIL library: CIL module
 0001:0002c8c8       ??__F?s_modreg@RModuleReg@images_std@media@modules@UModSys@@2U12345@A@@YAXXZ 1002d8c8 f    CIL library: CIL module
 0001:0002c8d3       ??__F?s_modreg_chain@RModuleReg@images_std@media@modules@UModSys@@2USModuleRegChain@base@5@A@@YAXXZ 1002d8d3 f    CIL library: CIL module
 0001:0002c8dd       ??__F?s_uid@RGenerator@images_std@media@modules@UModSys@@2USUniquePointer@core@5@A@@YAXXZ 1002d8dd f    CIL library: CIL module
 0001:0002c8e7       ??__Fh@?1??s_holder@RGenerator@images_std@media@modules@UModSys@@SAAAU?$TTypeStaticHolder@URGenerator@images_std@media@modules@UModSys@@@tl@5@XZ@YAXXZ 1002d8e7 f    CIL library: CIL module
 0001:0002c904       ??__F?s_id@?$TObjectUniqueID@URGenerator@images_std@media@modules@UModSys@@@tl@UModSys@@2USUniquePointer@core@3@A@@YAXXZ 1002d904 f    CIL library: CIL module
 0001:0002c90e       ??__F?s_id@?$TObjectUniqueID@URMediaFilter@images_std@media@modules@UModSys@@@tl@UModSys@@2USUniquePointer@core@3@A@@YAXXZ 1002d90e f    CIL library: CIL module
 0001:0002c918       ??__Fs_dbg@serialize_json@media@modules@UModSys@@YAXXZ 1002d918 f    CIL library: CIL module
 0001:0002c92f       ??__F?s_modreg@RModuleReg@serialize_json@media@modules@UModSys@@2U12345@A@@YAXXZ 1002d92f f    CIL library: CIL module
 0001:0002c93a       ??__F?s_modreg_chain@RModuleReg@serialize_json@media@modules@UModSys@@2USModuleRegChain@base@5@A@@YAXXZ 1002d93a f    CIL library: CIL module
 0001:0002c944       ??__F?s_uid@RGenerator@serialize_json@media@modules@UModSys@@2USUniquePointer@core@5@A@@YAXXZ 1002d944 f    CIL library: CIL module
 0001:0002c94e       ??__Fh@?1??s_holder@RGenerator@serialize_json@media@modules@UModSys@@SAAAU?$TTypeStaticHolder@URGenerator@serialize_json@media@modules@UModSys@@@tl@5@XZ@YAXXZ 1002d94e f    CIL library: CIL module
 0001:0002c96b       ??__F?s_id@?$TObjectUniqueID@URGenerator@serialize_json@media@modules@UModSys@@@tl@UModSys@@2USUniquePointer@core@3@A@@YAXXZ 1002d96b f    CIL library: CIL module
 0001:0002c975       ??__F?s_id@?$TObjectUniqueID@URSerializeWriter@serialize_json@media@modules@UModSys@@@tl@UModSys@@2USUniquePointer@core@3@A@@YAXXZ 1002d975 f    CIL library: CIL module
 0001:0002c97f       ??__F?s_id@?$TObjectUniqueID@URSerializeReader@serialize_json@media@modules@UModSys@@@tl@UModSys@@2USUniquePointer@core@3@A@@YAXXZ 1002d97f f    CIL library: CIL module
 0001:0002c989       ??__Fs_dbg@zlib@media@modules@UModSys@@YAXXZ 1002d989 f    CIL library: CIL module
 0001:0002c9a0       ??__F?s_modreg@RModuleReg@zlib@media@modules@UModSys@@2U12345@A@@YAXXZ 1002d9a0 f    CIL library: CIL module
 0001:0002c9ab       ??__F?s_modreg_chain@RModuleReg@zlib@media@modules@UModSys@@2USModuleRegChain@base@5@A@@YAXXZ 1002d9ab f    CIL library: CIL module
 0001:0002c9b5       ??__F?s_uid@RGenerator@zlib@media@modules@UModSys@@2USUniquePointer@core@5@A@@YAXXZ 1002d9b5 f    CIL library: CIL module
 0001:0002c9bf       ??__Fh@?1??s_holder@RGenerator@zlib@media@modules@UModSys@@SAAAU?$TTypeStaticHolder@URGenerator@zlib@media@modules@UModSys@@@tl@5@XZ@YAXXZ 1002d9bf f    CIL library: CIL module
 0001:0002c9dc       ??__F?s_id@?$TObjectUniqueID@URGenerator@zlib@media@modules@UModSys@@@tl@UModSys@@2USUniquePointer@core@3@A@@YAXXZ 1002d9dc f    CIL library: CIL module
 0001:0002c9e6       ??__F?s_id@?$TObjectUniqueID@URBinArchiveFrameClient_ZIP@zlib@media@modules@UModSys@@@tl@UModSys@@2USUniquePointer@core@3@A@@YAXXZ 1002d9e6 f    CIL library: CIL module
 0001:0002c9f0       ??__FM@UModSys@@YAXXZ      1002d9f0 f    CIL library: CIL module
 0001:0002c9f1       ??__F?root@SModuleRegChain@base@UModSys@@2U123@A@@YAXXZ 1002d9f1 f    CIL library: CIL module
 0001:0002c9fb       ??__F?s_library@RModuleLibraryReg_Chain@base@UModSys@@2U123@A@@YAXXZ 1002d9fb f    CIL library: CIL module
 0001:0002ca06       ??__F?root@SUniquePointer@core@UModSys@@2U123@A@@YAXXZ 1002da06 f    CIL library: CIL module

 Exports

  ordinal    name

        1    _UModSys_Plugin_Entry2@0
