 plugin_test1

 Timestamp is 53481de7 (Fri Apr 11 19:52:55 2014)

 Preferred load address is 10000000

 Start         Length     Name                   Class
 0001:00000000 0002fb21H .text                   CODE
 0001:0002fb21 00000c81H .text$x                 CODE
 0001:000307a2 000015e5H .text$yc                CODE
 0001:00031d87 000007f7H .text$yd                CODE
 0002:00000000 0000022cH .idata$5                DATA
 0002:0000022c 00000004H .CRT$XCA                DATA
 0002:00000230 000015e4H .CRT$XCU                DATA
 0002:00001814 00000004H .CRT$XCZ                DATA
 0002:00001818 00000004H .CRT$XIA                DATA
 0002:0000181c 00000004H .CRT$XIAA               DATA
 0002:00001820 00000004H .CRT$XIC                DATA
 0002:00001824 00000004H .CRT$XIZ                DATA
 0002:00001828 0000d8d0H .rdata                  DATA
 0002:0000f0f8 000026a8H .rdata$r                DATA
 0002:000117a0 00000154H .rdata$sxdata           DATA
 0002:000118f4 00000004H .rtc$IAA                DATA
 0002:000118f8 00000004H .rtc$IZZ                DATA
 0002:000118fc 00000004H .rtc$TAA                DATA
 0002:00011900 00000004H .rtc$TZZ                DATA
 0002:00011908 000013ecH .xdata$x                DATA
 0002:00012cf4 00000078H .idata$2                DATA
 0002:00012d6c 00000014H .idata$3                DATA
 0002:00012d80 0000022cH .idata$4                DATA
 0002:00012fac 000009f4H .idata$6                DATA
 0002:000139a0 0000005cH .edata                  DATA
 0003:00000000 00001cc0H .data                   DATA
 0003:00001cc0 00001c54H .bss                    DATA

  Address         Publics by Value              Rva+Base       Lib:Object

 0000:00000000       __except_list              00000000     <absolute>
 0000:00000055       ___safe_se_handler_count   00000055     <absolute>
 0000:00009876       __ldused                   00009876     <absolute>
 0000:00009876       __fltused                  00009876     <absolute>
 0000:00000000       ___ImageBase               10000000     <linker-defined>
 0001:00000000       ?new_data@SMemorySharedData@core@UModSys@@SAPAU123@IPBUSSourceContext@23@@Z 10001000 f i plugin_test1.obj
 0001:00000024       ?link@SMemShared@core@UModSys@@QAE_NPAUSMemorySharedData@23@PAUSSourceContext@23@@Z 10001024 f i plugin_test1.obj
 0001:00000024       ?link@SCMemShared@core@UModSys@@QAE_NPAUSMemorySharedData@23@PAUSSourceContext@23@@Z 10001024 f i plugin_test1.obj
 0001:00000049       ??BSCMemShared@core@UModSys@@QBE?AUSCMem@12@XZ 10001049 f i plugin_test1.obj
 0001:00000049       ??BSMemShared@core@UModSys@@QBE?AUSMem@12@XZ 10001049 f i umodsys_lib_lib2d:umodsys.mod.2d.stdlib.obj
 0001:00000049       ?get@SMemShared@core@UModSys@@QBE?AUSMem@23@XZ 10001049 f i umodsys_lib_libmedia:umodsys.mod.media.images_std.obj
 0001:00000079       ??6SUniquePtrList@core@UModSys@@QAEAAU012@PBUSUniquePointerInfo@12@@Z 10001079 f i plugin_test1.obj
 0001:000000aa       ??3IRoot@core@UModSys@@SAXPAXABUSIMemAlloc@12@@Z 100010aa f i plugin_test1.obj
 0001:000000c3       ?_root_get_other_interface@IRefObject@core@UModSys@@IAEPAUIRoot@23@PBUSUniquePointerInfo@23@@Z 100010c3 f i plugin_test1.obj
 0001:000000c3       ?_root_get_other_interface@IRefObject@core@UModSys@@IBEPBUIRoot@23@PBUSUniquePointerInfo@23@@Z 100010c3 f i plugin_test1.obj
 0001:000000e4       ?_root_get_interface_types@IRefObject@core@UModSys@@SAIAAUSUniquePtrList@23@@Z 100010e4 f i plugin_test1.obj
 0001:00000104       ?_root_is_interface_supported@IRefObject@core@UModSys@@SA_NPBUSUniquePointerInfo@23@@Z 10001104 f i plugin_test1.obj
 0001:0000011b       ??$slen@D@su@tl@UModSys@@YAIPBD@Z 1000111b f i plugin_test1.obj
 0001:00000134       ??$seq@D@su@tl@UModSys@@YA_NPBD0@Z 10001134 f i plugin_test1.obj
 0001:00000161       ??1?$TParametersA@$0EAA@@core@UModSys@@QAE@XZ 10001161 f i plugin_test1.obj
 0001:00000161       ??1?$TParametersA@$0BAA@@core@UModSys@@QAE@XZ 10001161 f i umodsys_lib_libui:umodsys.mod.ui.SDL_core.obj
 0001:00000161       ??1SParameters@core@UModSys@@QAE@XZ 10001161 f i plugin_test1.obj
 0001:00000161       ??1?$TParametersA@$0BAL@@core@UModSys@@QAE@XZ 10001161 f i umodsys_lib_lib2d:umodsys.mod.2d.stdlib.obj
 0001:0000016e       ??0SParameters@core@UModSys@@QAE@PAUIParameters@12@PAXH@Z 1000116e f i plugin_test1.obj
 0001:00000191       ?add@SParameters@core@UModSys@@QAE_NPBDH@Z 10001191 f i plugin_test1.obj
 0001:000001ac       ?_root_get_other_interface@IGenerator@base@UModSys@@IBEPBUIRoot@core@3@PBUSUniquePointerInfo@53@@Z 100011ac f i plugin_test1.obj
 0001:000001ac       ?_root_get_other_interface@IGenerator@base@UModSys@@IAEPAUIRoot@core@3@PBUSUniquePointerInfo@53@@Z 100011ac f i plugin_test1.obj
 0001:000001c8       ?_root_is_interface_supported@IGenerator@base@UModSys@@SA_NPBUSUniquePointerInfo@core@3@@Z 100011c8 f i plugin_test1.obj
 0001:000001e8       ?_root_is_interface_supported@IBinObjFilter@libmedia@UModSys@@SA_NPBUSUniquePointerInfo@core@3@@Z 100011e8 f i plugin_test1.obj
 0001:00000208       ?obj_load@ILibrary@libmedia@UModSys@@QAE_NABU?$TString@U?$TSCoreConst@D@su@tl@UModSys@@U?$TComparerBinaryHash@D@234@@tl@3@PAUIRefObject@core@3@0PBUSParameters@73@ABU?$TFlags4State@USMediaFlagUid@libmedia@UModSys@@I@53@@Z 10001208 f i plugin_test1.obj
 0001:00000252       ?mount_add@ILibraryBinTree@libmedia@UModSys@@QAE_NABU?$TString@U?$TSCoreConst@D@su@tl@UModSys@@U?$TComparerBinaryHash@D@234@@tl@3@PAUIBinArchive@23@H@Z 10001252 f i plugin_test1.obj
 0001:000002c0       ?mount_add@ILibraryBinTree@libmedia@UModSys@@QAE_NABU?$TString@U?$TSCoreConst@D@su@tl@UModSys@@U?$TComparerBinaryHash@D@234@@tl@3@HPAUIBinArchive@23@H@Z 100012c0 f i plugin_test1.obj
 0001:00000331       ??1SPoint@ILibraryBinTree@libmedia@UModSys@@QAE@XZ 10001331 f i plugin_test1.obj
 0001:00000331       ??1SLayer@ILibraryLayered@libmedia@UModSys@@QAE@XZ 10001331 f i plugin_test1.obj
 0001:00000342       ?layer_push@ILibraryLayered@libmedia@UModSys@@QAE_NPAUILibrary@23@HABU?$TString@U?$TSCoreConst@D@su@tl@UModSys@@U?$TComparerBinaryHash@D@234@@tl@3@@Z 10001342 f i plugin_test1.obj
 0001:000003aa       ?get_buttonmask@SMouseInput@libui@UModSys@@QBEIW4eButtonInputStatus@23@@Z 100013aa f i plugin_test1.obj
 0001:000003d1       ?set_info@IImage@lib2d@UModSys@@QAE_NW4eImageType@23@HHPBD@Z 100013d1 f i plugin_test1.obj
 0001:000003fc       ?render_text@IRenderDriver@lib2d@UModSys@@QAE_NABU?$TVector2@H@math3d@3@PBHHPBU?$TVector2@M@53@@Z 100013fc f i plugin_test1.obj
 0001:0000042a       ??1SMaterialTexture@lib3d@UModSys@@QAE@XZ 1000142a f i plugin_test1.obj
 0001:0000043d       ??0SMaterialTexture@lib3d@UModSys@@QAE@XZ 1000143d f i plugin_test1.obj
 0001:0000046e       ?render@SRenderState@lib3d@UModSys@@QAE_NPAUIVisualObject@23@@Z 1000146e f i plugin_test1.obj
 0001:000004ad       ??0SRenderState@lib3d@UModSys@@QAE@PAUIRenderer@12@PAUIRenderDriver@12@@Z 100014ad f i plugin_test1.obj
 0001:000004eb       ?root_get_interface_info@RTest1_Shell@test1@test@modules@UModSys@@UBEABUSUniquePointerInfo@core@5@XZ 100014eb f i plugin_test1.obj
 0001:000004f1       ?root_get_interface_type@RTest1_Shell@test1@test@modules@UModSys@@UBEPBUSUniquePointerInfo@core@5@XZ 100014f1 f i plugin_test1.obj
 0001:000004f7       ?root_get_other_interface@RTest1_Shell@test1@test@modules@UModSys@@UBEPBUIRoot@core@5@PBUSUniquePointerInfo@75@@Z 100014f7 f i plugin_test1.obj
 0001:000004f7       ?root_get_other_interface@RTest1_Shell@test1@test@modules@UModSys@@UAEPAUIRoot@core@5@PBUSUniquePointerInfo@75@@Z 100014f7 f i plugin_test1.obj
 0001:00000518       ?root_is_interface_supported@RTest1_Shell@test1@test@modules@UModSys@@UBE_NPBUSUniquePointerInfo@core@5@@Z 10001518 f i plugin_test1.obj
 0001:0000053f       ?ref_add@RTest1_Shell@test1@test@modules@UModSys@@UBEXXZ 1000153f f i plugin_test1.obj
 0001:00000543       ?ref_remove@RTest1_Shell@test1@test@modules@UModSys@@UBEXXZ 10001543 f i plugin_test1.obj
 0001:0000054e       ?ref_weak@RTest1_Shell@test1@test@modules@UModSys@@UBE_NAAUWeakPointer@IRefObject@core@5@@Z 1000154e f i plugin_test1.obj
 0001:0000056d       ?suicide@RTest1_Shell@test1@test@modules@UModSys@@UAEXXZ 1000156d f i plugin_test1.obj
 0001:000005aa       ?set@VertexPC@UI_Info@RTest1_Shell@test1@test@modules@UModSys@@QAEXABU?$TVector3@N@math3d@7@ABU?$TVector3@M@97@@Z 100015aa f i plugin_test1.obj
 0001:000005f4       ??0UI_Info@RTest1_Shell@test1@test@modules@UModSys@@QAE@AAU12345@@Z 100015f4 f i plugin_test1.obj
 0001:00000673       ??0RTest1_Shell@test1@test@modules@UModSys@@QAE@PAUIModObject@base@4@@Z 10001673 f i plugin_test1.obj
 0001:0000078a       ??1RTest1_Shell@test1@test@modules@UModSys@@UAE@XZ 1000178a f i plugin_test1.obj
 0001:00000812       ?connect@RTest1_Shell@test1@test@modules@UModSys@@UAE_NXZ 10001812 f i plugin_test1.obj
 0001:0000082a       ?disconnect@RTest1_Shell@test1@test@modules@UModSys@@UAE_NXZ 1000182a f i plugin_test1.obj
 0001:00000842       ?process_tick@RTest1_Shell@test1@test@modules@UModSys@@UAE_NABUSTimeMsec@core@5@@Z 10001842 f i plugin_test1.obj
 0001:0000086e       ?process_command@RTest1_Shell@test1@test@modules@UModSys@@UAE_NHQBU?$TString@U?$TSCoreConst@D@su@tl@UModSys@@U?$TComparerBinaryHash@D@234@@tl@5@@Z 1000186e f i plugin_test1.obj
 0001:0000088d       ??_GRTest1_Shell@test1@test@modules@UModSys@@UAEPAXI@Z 1000188d f i plugin_test1.obj
 0001:0000088d       ??_ERTest1_Shell@test1@test@modules@UModSys@@UAEPAXI@Z 1000188d f i  CIL library: CIL module
 0001:000008aa       ?set_value@Prop@Aux@RTest1_Shell@test1@test@modules@UModSys@@UAE_NABUSPropValueR@core@7@@Z 100018aa f i plugin_test1.obj
 0001:00000938       ?set_value@PropX@Aux@RTest1_Shell@test1@test@modules@UModSys@@UAE_NPBUSUniquePointerInfo@core@7@ABUSPropValueR@97@@Z 10001938 f i plugin_test1.obj
 0001:00000a62       ?aux_tests@RTest1_Shell@test1@test@modules@UModSys@@QAEXXZ 10001a62 f   plugin_test1.obj
 0001:00000bd7       ?media_arch_stdio@RTest1_Shell@test1@test@modules@UModSys@@QAE?AU?$TRefObject@UIBinArchive@libmedia@UModSys@@U?$TRefObjectFunc@UIBinArchive@libmedia@UModSys@@@tl@3@@tl@5@ABU?$TString@U?$TSCoreConst@D@su@tl@UModSys@@U?$TComparerBinaryHash@D@234@@75@@Z 10001bd7 f   plugin_test1.obj
 0001:00000c75       ?media_arch_zip@RTest1_Shell@test1@test@modules@UModSys@@QAE?AU?$TRefObject@UIBinArchive@libmedia@UModSys@@U?$TRefObjectFunc@UIBinArchive@libmedia@UModSys@@@tl@3@@tl@5@PAUILibrary@libmedia@5@PAUIUtilities@95@ABU?$TString@U?$TSCoreConst@D@su@tl@UModSys@@U?$TComparerBinaryHash@D@234@@75@_N@Z 10001c75 f   plugin_test1.obj
 0001:00000e91       ?media_filter_new@RTest1_Shell@test1@test@modules@UModSys@@QAE?AU?$TRefObject@UIBinObjFilter@libmedia@UModSys@@U?$TRefObjectFunc@UIBinObjFilter@libmedia@UModSys@@@tl@3@@tl@5@ABU?$TString@U?$TSCoreConst@D@su@tl@UModSys@@U?$TComparerBinaryHash@D@234@@75@ABUSParameters@core@5@@Z 10001e91 f   plugin_test1.obj
 0001:00000f08       ?media_utils@RTest1_Shell@test1@test@modules@UModSys@@QAE?AU?$TRefObject@UIUtilities@libmedia@UModSys@@U?$TRefObjectFunc@UIUtilities@libmedia@UModSys@@@tl@3@@tl@5@XZ 10001f08 f   plugin_test1.obj
 0001:00000f83       ?media_vfs@RTest1_Shell@test1@test@modules@UModSys@@QAE?AU?$TRefObject@UILibraryBinTree@libmedia@UModSys@@U?$TRefObjectFunc@UILibraryBinTree@libmedia@UModSys@@@tl@3@@tl@5@XZ 10001f83 f   plugin_test1.obj
 0001:00000fff       ?media_flt@RTest1_Shell@test1@test@modules@UModSys@@QAE?AU?$TRefObject@UILibraryObjFilter@libmedia@UModSys@@U?$TRefObjectFunc@UILibraryObjFilter@libmedia@UModSys@@@tl@3@@tl@5@XZ 10001fff f   plugin_test1.obj
 0001:0000107a       ?media_lay@RTest1_Shell@test1@test@modules@UModSys@@QAE?AU?$TRefObject@UILibraryLayered@libmedia@UModSys@@U?$TRefObjectFunc@UILibraryLayered@libmedia@UModSys@@@tl@3@@tl@5@XZ 1000207a f   plugin_test1.obj
 0001:000010f5       ?media_cache@RTest1_Shell@test1@test@modules@UModSys@@QAE?AU?$TRefObject@UILibrary@libmedia@UModSys@@U?$TRefObjectFunc@UILibrary@libmedia@UModSys@@@tl@3@@tl@5@_N@Z 100020f5 f   plugin_test1.obj
 0001:000011d6       ?ui_newframes@RTest1_Shell@test1@test@modules@UModSys@@SA?AU?$TRefObject@UICollector@libui@UModSys@@U?$TRefObjectFunc@UICollector@libui@UModSys@@@tl@3@@tl@5@ABU?$TString@U?$TSCoreConst@D@su@tl@UModSys@@U?$TComparerBinaryHash@D@234@@75@ABUSParameters@core@5@@Z 100021d6 f   plugin_test1.obj
 0001:000011f4       ?ui_newterm@RTest1_Shell@test1@test@modules@UModSys@@SA?AU?$TRefObject@UITerminal@libui@UModSys@@U?$TRefObjectFunc@UITerminal@libui@UModSys@@@tl@3@@tl@5@ABU?$TString@U?$TSCoreConst@D@su@tl@UModSys@@U?$TComparerBinaryHash@D@234@@75@ABUSParameters@core@5@@Z 100021f4 f   plugin_test1.obj
 0001:00001212       ?key_pressed@RTest1_Shell@test1@test@modules@UModSys@@UAE_NABUSKeyboardInputRaw@libui@5@@Z 10002212 f   plugin_test1.obj
 0001:00001254       ?key_text@RTest1_Shell@test1@test@modules@UModSys@@UAE_NABUSKeyboardInputText@libui@5@@Z 10002254 f   plugin_test1.obj
 0001:0000128d       ?mouse_event@RTest1_Shell@test1@test@modules@UModSys@@UAE_NABUSMouseInput@libui@5@@Z 1000228d f   plugin_test1.obj
 0001:000012d1       ?command@RTest1_Shell@test1@test@modules@UModSys@@UAE_NABUSController@libui@5@HABUSFrameDataIn@75@@Z 100022d1 f   plugin_test1.obj
 0001:0000130c       ?db_get@RTest1_Shell@test1@test@modules@UModSys@@UAE_NABUSController@libui@5@QBDABUSFrameDataOut@75@@Z 1000230c f   plugin_test1.obj
 0001:00001361       ?db_get@RTest1_Shell@test1@test@modules@UModSys@@UAE_NABUSController@libui@5@QBDHABUSFrameDataOut@75@@Z 10002361 f   plugin_test1.obj
 0001:000013b6       ?font_2d@UI_Info@RTest1_Shell@test1@test@modules@UModSys@@QAE_NXZ 100023b6 f   plugin_test1.obj
 0001:000014ed       ?init_term@UI_Info@RTest1_Shell@test1@test@modules@UModSys@@QAE_NPBD@Z 100024ed f   plugin_test1.obj
 0001:000016d8       ?new_frames@UI_Info@RTest1_Shell@test1@test@modules@UModSys@@QAE_NPAUIController@libui@6@@Z 100026d8 f   plugin_test1.obj
 0001:00001b68       ??1SFrameCreateParameters@libui@UModSys@@QAE@XZ 10002b68 f i plugin_test1.obj
 0001:00001b79       ?shutdown@UI_Info@RTest1_Shell@test1@test@modules@UModSys@@QAEXXZ 10002b79 f   plugin_test1.obj
 0001:00001bae       ?create_3d@UI_Info@RTest1_Shell@test1@test@modules@UModSys@@QAE_NPBD@Z 10002bae f   plugin_test1.obj
 0001:00002461       ?cycle3d_b@UI_Info@RTest1_Shell@test1@test@modules@UModSys@@QAEXXZ 10003461 f   plugin_test1.obj
 0001:0000276a       ?new_va_1@UI_Info@RTest1_Shell@test1@test@modules@UModSys@@QAE_NXZ 1000376a f   plugin_test1.obj
 0001:00002b98       ?fps2_move@UI_Info@RTest1_Shell@test1@test@modules@UModSys@@QAEXHN@Z 10003b98 f   plugin_test1.obj
 0001:00002bfb       ?fps2_add_rot@UI_Info@RTest1_Shell@test1@test@modules@UModSys@@QAEXNN@Z 10003bfb f   plugin_test1.obj
 0001:00002d11       ?key_pressed@UI_Info@RTest1_Shell@test1@test@modules@UModSys@@UAE_NABUSKeyboardInputRaw@libui@6@@Z 10003d11 f   plugin_test1.obj
 0001:00002db3       ?mouse_event@UI_Info@RTest1_Shell@test1@test@modules@UModSys@@UAE_NABUSMouseInput@libui@6@@Z 10003db3 f   plugin_test1.obj
 0001:00002e03       ??1UI_Info@RTest1_Shell@test1@test@modules@UModSys@@QAE@XZ 10003e03 f i plugin_test1.obj
 0001:00002f6f       ?ui_test2@RTest1_Shell@test1@test@modules@UModSys@@QAEXXZ 10003f6f f   plugin_test1.obj
 0001:0000308a       ?get_generated_names@RGenerator@test1@test@modules@UModSys@@UBEHAAUSUniquePtrList@core@5@@Z 1000408a f i plugin_test1.obj
 0001:000030a3       ?get_generated_types@RGenerator@test1@test@modules@UModSys@@UBEHAAUSUniquePtrList@core@5@PBUSUniquePointerInfo@75@@Z 100040a3 f i plugin_test1.obj
 0001:000030d7       ?generate@RGenerator@test1@test@modules@UModSys@@UAE_NAAU?$TRefObject@UIRefObject@core@UModSys@@U?$TRefObjectFunc@UIRefObject@core@UModSys@@@tl@3@@tl@5@PBUSUniquePointerInfo@core@5@ABUSParameters@95@@Z 100040d7 f i plugin_test1.obj
 0001:00003159       ?root_get_interface_info@RGenerator@test1@test@modules@UModSys@@UBEABUSUniquePointerInfo@core@5@XZ 10004159 f i plugin_test1.obj
 0001:0000315f       ?root_get_interface_type@RGenerator@test1@test@modules@UModSys@@UBEPBUSUniquePointerInfo@core@5@XZ 1000415f f i plugin_test1.obj
 0001:00003165       ?root_get_other_interface@RGenerator@test1@test@modules@UModSys@@UAEPAUIRoot@core@5@PBUSUniquePointerInfo@75@@Z 10004165 f i plugin_test1.obj
 0001:00003165       ?root_get_other_interface@RGenerator@test1@test@modules@UModSys@@UBEPBUIRoot@core@5@PBUSUniquePointerInfo@75@@Z 10004165 f i plugin_test1.obj
 0001:0000317e       ?root_is_interface_supported@RGenerator@test1@test@modules@UModSys@@UBE_NPBUSUniquePointerInfo@core@5@@Z 1000417e f i plugin_test1.obj
 0001:0000319d       ?get_uid@RGenerator@test1@test@modules@UModSys@@UBEPBUSUniquePointerInfo@core@5@XZ 1000419d f i plugin_test1.obj
 0001:000031a3       ?do_open@RModuleReg@test1@test@modules@UModSys@@UAE_NXZ 100041a3 f i plugin_test1.obj
 0001:00003206       ?do_close@RModuleReg@test1@test@modules@UModSys@@UAE_NXZ 10004206 f i plugin_test1.obj
 0001:00003256       ?get_module@RGenerator@test1@test@modules@UModSys@@UBEPAUIModule@base@5@XZ 10004256 f   plugin_test1.obj
 0001:0000325c       ?mod_inc@RGenerator@test1@test@modules@UModSys@@UBE_NXZ 1000425c f   plugin_test1.obj
 0001:00003267       ?mod_dec@RGenerator@test1@test@modules@UModSys@@UBE_NXZ 10004267 f   plugin_test1.obj
 0001:00003272       ?s_holder@RGenerator@test1@test@modules@UModSys@@SAAAU?$TTypeStaticHolder@URGenerator@test1@test@modules@UModSys@@@tl@5@XZ 10004272 f   plugin_test1.obj
 0001:000032a4       ??0?$TString@U?$TSCoreConst@D@su@tl@UModSys@@U?$TComparerBinaryHash@D@234@@tl@UModSys@@QAE@PBD@Z 100042a4 f i plugin_test1.obj
 0001:000032c9       ??8?$TString@U?$TSCoreConst@D@su@tl@UModSys@@U?$TComparerBinaryHash@D@234@@tl@UModSys@@QBE_NPBD@Z 100042c9 f i plugin_test1.obj
 0001:000032eb       ??4?$TString@U?$TSCoreConst@D@su@tl@UModSys@@U?$TComparerBinaryHash@D@234@@tl@UModSys@@QAEABU012@PBD@Z 100042eb f i plugin_test1.obj
 0001:00003307       ??0?$TString@U?$TSCoreShared@USIMemAlloc@core@UModSys@@D@su@tl@UModSys@@U?$TComparerBinaryHash@D@234@@tl@UModSys@@QAE@XZ 10004307 f i plugin_test1.obj
 0001:0000331d       ??4?$TString@U?$TSCoreShared@USIMemAlloc@core@UModSys@@D@su@tl@UModSys@@U?$TComparerBinaryHash@D@234@@tl@UModSys@@QAEABU012@ABU012@@Z 1000431d f i plugin_test1.obj
 0001:0000333f       ?normalize@?$TVector3@N@math3d@UModSys@@QAENXZ 1000433f f i plugin_test1.obj
 0001:00003396       ??4?$TRefObject@UIVertexArray@lib3d@UModSys@@U?$TRefObjectFunc@UIVertexArray@lib3d@UModSys@@@tl@3@@tl@UModSys@@QAEABU012@ABU012@@Z 10004396 f i plugin_test1.obj
 0001:000033b5       ??0?$TMaterialST@$00@lib3d@UModSys@@QAE@XZ 100043b5 f i plugin_test1.obj
 0001:00003427       ??4?$TRefObject@UIMultiImage@lib2d@UModSys@@U?$TRefObjectFunc@UIMultiImage@lib2d@UModSys@@@tl@3@@tl@UModSys@@QAEABU012@PAUIMultiImage@lib2d@2@@Z 10004427 f i plugin_test1.obj
 0001:00003427       ??4?$TRefObject@UIRefObject@core@UModSys@@U?$TRefObjectFunc@UIRefObject@core@UModSys@@@tl@3@@tl@UModSys@@QAEABU012@PAUIRefObject@core@2@@Z 10004427 f i plugin_test1.obj
 0001:00003427       ??4?$TRefObject@UIImage@lib2d@UModSys@@U?$TRefObjectFunc@UIImage@lib2d@UModSys@@@tl@3@@tl@UModSys@@QAEABU012@PAUIImage@lib2d@2@@Z 10004427 f i plugin_test1.obj
 0001:00003427       ??4?$TRefObject@URFrame_Common@frames@ui@modules@UModSys@@U?$TRefObjectFunc@URFrame_Common@frames@ui@modules@UModSys@@@tl@5@@tl@UModSys@@QAEABU012@PAURFrame_Common@frames@ui@modules@2@@Z 10004427 f i umodsys_lib_libui:umodsys.mod.ui.frames.obj
 0001:00003427       ??4?$TRefObject@UIRenderer@lib3d@UModSys@@U?$TRefObjectFunc@UIRenderer@lib3d@UModSys@@@tl@3@@tl@UModSys@@QAEABU012@PAUIRenderer@lib3d@2@@Z 10004427 f i plugin_test1.obj
 0001:00003427       ??4?$TRefObject@UIRenderDriver@lib2d@UModSys@@U?$TRefObjectFunc@UIRenderDriver@lib2d@UModSys@@@tl@3@@tl@UModSys@@QAEABU012@PAUIRenderDriver@lib2d@2@@Z 10004427 f i plugin_test1.obj
 0001:00003442       ??0?$TParametersA@$0EAA@@core@UModSys@@QAE@XZ 10004442 f i plugin_test1.obj
 0001:00003464       ??1?$TRefObject@UIMouseController@libui@UModSys@@U?$TRefObjectFunc@UIMouseController@libui@UModSys@@@tl@3@@tl@UModSys@@QAE@XZ 10004464 f i plugin_test1.obj
 0001:00003464       ??1?$TRefObject@URSerializeReader@serialize_json@media@modules@UModSys@@U?$TRefObjectFunc@URSerializeReader@serialize_json@media@modules@UModSys@@@tl@5@@tl@UModSys@@QAE@XZ 10004464 f i umodsys_lib_libmedia:umodsys.mod.media.serialize_json.obj
 0001:00003464       ??1?$TRefObject@UIStreamReader@libmedia@UModSys@@U?$TRefObjectFunc@UIStreamReader@libmedia@UModSys@@@tl@3@@tl@UModSys@@QAE@XZ 10004464 f i plugin_test1.obj
 0001:00003464       ??1?$TRefObject@URMultiImage2D_SDL_ttf@SDL_GL@ui@modules@UModSys@@U?$TRefObjectFunc@URMultiImage2D_SDL_ttf@SDL_GL@ui@modules@UModSys@@@tl@5@@tl@UModSys@@QAE@XZ 10004464 f i umodsys_lib_libui:umodsys.mod.ui.SDL_GL.obj
 0001:00003464       ??1?$TRefObject@UIBinArchiveFrame@libmedia@UModSys@@U?$TRefObjectFunc@UIBinArchiveFrame@libmedia@UModSys@@@tl@3@@tl@UModSys@@QAE@XZ 10004464 f i plugin_test1.obj
 0001:00003464       ??1?$TRefObject@UIImage@lib2d@UModSys@@U?$TRefObjectFunc@UIImage@lib2d@UModSys@@@tl@3@@tl@UModSys@@QAE@XZ 10004464 f i plugin_test1.obj
 0001:00003464       ??1?$TRefObject@URGeneral@object_camera@stdlib@lib3d@modules@UModSys@@U?$TRefObjectFunc@URGeneral@object_camera@stdlib@lib3d@modules@UModSys@@@tl@6@@tl@UModSys@@QAE@XZ 10004464 f i umodsys_lib_lib3d:umodsys.mod.3d.stdlib.obj
 0001:00003464       ??1?$TRefObject@UIRenderDriver@lib3d@UModSys@@U?$TRefObjectFunc@UIRenderDriver@lib3d@UModSys@@@tl@3@@tl@UModSys@@QAE@XZ 10004464 f i plugin_test1.obj
 0001:00003464       ??1?$TRefObject@UIFrame@libui@UModSys@@U?$TRefObjectFunc@UIFrame@libui@UModSys@@@tl@3@@tl@UModSys@@QAE@XZ 10004464 f i umodsys_lib_libui:umodsys.mod.ui.frames.obj
 0001:00003464       ??1?$TRefObject@URBinArchiveFrameClient_ZIP@zlib@media@modules@UModSys@@U?$TRefObjectFunc@URBinArchiveFrameClient_ZIP@zlib@media@modules@UModSys@@@tl@5@@tl@UModSys@@QAE@XZ 10004464 f i umodsys_lib_libmedia:umodsys.mod.media.zlib.obj
 0001:00003464       ??1?$TRefObject@URTextureGL@SDL_GL@ui@modules@UModSys@@U?$TRefObjectFunc@URTextureGL@SDL_GL@ui@modules@UModSys@@@tl@5@@tl@UModSys@@QAE@XZ 10004464 f i umodsys_lib_libui:umodsys.mod.ui.SDL_GL.obj
 0001:00003464       ??1?$TRefObject@URRender@object_primitive@stdlib@lib3d@modules@UModSys@@U?$TRefObjectFunc@URRender@object_primitive@stdlib@lib3d@modules@UModSys@@@tl@6@@tl@UModSys@@QAE@XZ 10004464 f i umodsys_lib_lib3d:umodsys.mod.3d.stdlib.obj
 0001:00003464       ??1?$TRefObject@URGeneral@object_primitive@stdlib@lib3d@modules@UModSys@@U?$TRefObjectFunc@URGeneral@object_primitive@stdlib@lib3d@modules@UModSys@@@tl@6@@tl@UModSys@@QAE@XZ 10004464 f i umodsys_lib_lib3d:umodsys.mod.3d.stdlib.obj
 0001:00003464       ??1?$TRefObject@UILibraryObjCache@libmedia@UModSys@@U?$TRefObjectFunc@UILibraryObjCache@libmedia@UModSys@@@tl@3@@tl@UModSys@@QAE@XZ 10004464 f i plugin_test1.obj
 0001:00003464       ??1?$TRefObject@UILibraryBinCache@libmedia@UModSys@@U?$TRefObjectFunc@UILibraryBinCache@libmedia@UModSys@@@tl@3@@tl@UModSys@@QAE@XZ 10004464 f i plugin_test1.obj
 0001:00003464       ??1?$TRefObject@UIVisualizerScene@lib3d@UModSys@@U?$TRefObjectFunc@UIVisualizerScene@lib3d@UModSys@@@tl@3@@tl@UModSys@@QAE@XZ 10004464 f i plugin_test1.obj
 0001:00003464       ??1?$TRefObject@UILibraryBinTree@libmedia@UModSys@@U?$TRefObjectFunc@UILibraryBinTree@libmedia@UModSys@@@tl@3@@tl@UModSys@@QAE@XZ 10004464 f i plugin_test1.obj
 0001:00003464       ??1?$TRefObject@UIClient@IBinArchiveFrame@libmedia@UModSys@@U?$TRefObjectFunc@UIClient@IBinArchiveFrame@libmedia@UModSys@@@tl@4@@tl@UModSys@@QAE@XZ 10004464 f i plugin_test1.obj
 0001:00003464       ??1?$TRefObject@UIBinObjFilter@libmedia@UModSys@@U?$TRefObjectFunc@UIBinObjFilter@libmedia@UModSys@@@tl@3@@tl@UModSys@@QAE@XZ 10004464 f i plugin_test1.obj
 0001:00003464       ??1?$TRefObject@URVisualSceneMapper_Direct@stdlib@lib3d@modules@UModSys@@U?$TRefObjectFunc@URVisualSceneMapper_Direct@stdlib@lib3d@modules@UModSys@@@tl@5@@tl@UModSys@@QAE@XZ 10004464 f i umodsys_lib_lib3d:umodsys.mod.3d.stdlib.obj
 0001:00003464       ??1?$TRefObject@UIRenderer@lib3d@UModSys@@U?$TRefObjectFunc@UIRenderer@lib3d@UModSys@@@tl@3@@tl@UModSys@@QAE@XZ 10004464 f i plugin_test1.obj
 0001:00003464       ??1?$TRefObject@URVisualizerScene@stdlib@lib3d@modules@UModSys@@U?$TRefObjectFunc@URVisualizerScene@stdlib@lib3d@modules@UModSys@@@tl@5@@tl@UModSys@@QAE@XZ 10004464 f i umodsys_lib_lib3d:umodsys.mod.3d.stdlib.obj
 0001:00003464       ??1?$TRefObject@URImageFactory_Memory@stdlib@lib2d@modules@UModSys@@U?$TRefObjectFunc@URImageFactory_Memory@stdlib@lib2d@modules@UModSys@@@tl@5@@tl@UModSys@@QAE@XZ 10004464 f i umodsys_lib_lib2d:umodsys.mod.2d.stdlib.obj
 0001:00003464       ??1?$TRefObject@URImage_Memory@stdlib@lib2d@modules@UModSys@@U?$TRefObjectFunc@URImage_Memory@stdlib@lib2d@modules@UModSys@@@tl@5@@tl@UModSys@@QAE@XZ 10004464 f i umodsys_lib_lib2d:umodsys.mod.2d.stdlib.obj
 0001:00003464       ??1?$TRefObject@UIMultiImage@lib2d@UModSys@@U?$TRefObjectFunc@UIMultiImage@lib2d@UModSys@@@tl@3@@tl@UModSys@@QAE@XZ 10004464 f i plugin_test1.obj
 0001:00003464       ??1?$TRefObject@URTerminalX@SDL_core@ui@modules@UModSys@@U?$TRefObjectFunc@URTerminalX@SDL_core@ui@modules@UModSys@@@tl@5@@tl@UModSys@@QAE@XZ 10004464 f i umodsys_lib_libui:umodsys.mod.ui.SDL_core.obj
 0001:00003464       ??1?$TRefObject@URCollector@frames@ui@modules@UModSys@@U?$TRefObjectFunc@URCollector@frames@ui@modules@UModSys@@@tl@5@@tl@UModSys@@QAE@XZ 10004464 f i umodsys_lib_libui:umodsys.mod.ui.frames.obj
 0001:00003464       ??1?$TRefObject@UIGeneralObject@lib3d@UModSys@@U?$TRefObjectFunc@UIGeneralObject@lib3d@UModSys@@@tl@3@@tl@UModSys@@QAE@XZ 10004464 f i plugin_test1.obj
 0001:00003464       ??1?$TRefObject@UIRenderObject@lib3d@UModSys@@U?$TRefObjectFunc@UIRenderObject@lib3d@UModSys@@@tl@3@@tl@UModSys@@QAE@XZ 10004464 f i plugin_test1.obj
 0001:00003464       ??1?$TRefObject@UIImageFactory@lib2d@UModSys@@U?$TRefObjectFunc@UIImageFactory@lib2d@UModSys@@@tl@3@@tl@UModSys@@QAE@XZ 10004464 f i plugin_test1.obj
 0001:00003464       ??1?$TRefObject@UIScene@lib3d@UModSys@@U?$TRefObjectFunc@UIScene@lib3d@UModSys@@@tl@3@@tl@UModSys@@QAE@XZ 10004464 f i umodsys_lib_lib3d:umodsys.mod.3d.stdlib.obj
 0001:00003464       ??1?$TRefObject@UITerminal@libui@UModSys@@U?$TRefObjectFunc@UITerminal@libui@UModSys@@@tl@3@@tl@UModSys@@QAE@XZ 10004464 f i plugin_test1.obj
 0001:00003464       ??1?$TRefObject@URRenderDriver3D@SDL_GL@ui@modules@UModSys@@U?$TRefObjectFunc@URRenderDriver3D@SDL_GL@ui@modules@UModSys@@@tl@5@@tl@UModSys@@QAE@XZ 10004464 f i umodsys_lib_libui:umodsys.mod.ui.SDL_GL.obj
 0001:00003464       ??1?$TRefObject@UICollector@libui@UModSys@@U?$TRefObjectFunc@UICollector@libui@UModSys@@@tl@3@@tl@UModSys@@QAE@XZ 10004464 f i plugin_test1.obj
 0001:00003464       ??1?$TRefObject@UIKeyboardController@libui@UModSys@@U?$TRefObjectFunc@UIKeyboardController@libui@UModSys@@@tl@3@@tl@UModSys@@QAE@XZ 10004464 f i plugin_test1.obj
 0001:00003464       ??1?$TRefObject@UIRefObject@core@UModSys@@U?$TRefObjectFunc@UIRefObject@core@UModSys@@@tl@3@@tl@UModSys@@QAE@XZ 10004464 f i plugin_test1.obj
 0001:00003464       ??1?$TRefObject@URMediaFilter@images_std@media@modules@UModSys@@U?$TRefObjectFunc@URMediaFilter@images_std@media@modules@UModSys@@@tl@5@@tl@UModSys@@QAE@XZ 10004464 f i umodsys_lib_libmedia:umodsys.mod.media.images_std.obj
 0001:00003464       ??1?$TRefObject@UILibrary@libmedia@UModSys@@U?$TRefObjectFunc@UILibrary@libmedia@UModSys@@@tl@3@@tl@UModSys@@QAE@XZ 10004464 f i plugin_test1.obj
 0001:00003464       ??1?$TRefObject@UIRenderDriver@lib2d@UModSys@@U?$TRefObjectFunc@UIRenderDriver@lib2d@UModSys@@@tl@3@@tl@UModSys@@QAE@XZ 10004464 f i plugin_test1.obj
 0001:00003464       ??1?$TRefObject@UITexture@lib3d@UModSys@@U?$TRefObjectFunc@UITexture@lib3d@UModSys@@@tl@3@@tl@UModSys@@QAE@XZ 10004464 f i plugin_test1.obj
 0001:00003464       ??1?$TRefObject@UIStreamWriter@libmedia@UModSys@@U?$TRefObjectFunc@UIStreamWriter@libmedia@UModSys@@@tl@3@@tl@UModSys@@QAE@XZ 10004464 f i plugin_test1.obj
 0001:00003464       ??1?$TRefObject@URTerminalX@SDL_GL@ui@modules@UModSys@@U?$TRefObjectFunc@URTerminalX@SDL_GL@ui@modules@UModSys@@@tl@5@@tl@UModSys@@QAE@XZ 10004464 f i umodsys_lib_libui:umodsys.mod.ui.SDL_GL.obj
 0001:00003464       ??1?$TRefObject@UILibraryLayered@libmedia@UModSys@@U?$TRefObjectFunc@UILibraryLayered@libmedia@UModSys@@@tl@3@@tl@UModSys@@QAE@XZ 10004464 f i plugin_test1.obj
 0001:00003464       ??1?$TRefObject@UIVertexArray@lib3d@UModSys@@U?$TRefObjectFunc@UIVertexArray@lib3d@UModSys@@@tl@3@@tl@UModSys@@QAE@XZ 10004464 f i plugin_test1.obj
 0001:00003464       ??1?$TRefObject@UILibraryObjFilter@libmedia@UModSys@@U?$TRefObjectFunc@UILibraryObjFilter@libmedia@UModSys@@@tl@3@@tl@UModSys@@QAE@XZ 10004464 f i plugin_test1.obj
 0001:00003464       ??1?$TRefObject@URDialog@frames@ui@modules@UModSys@@U?$TRefObjectFunc@URDialog@frames@ui@modules@UModSys@@@tl@5@@tl@UModSys@@QAE@XZ 10004464 f i umodsys_lib_libui:umodsys.mod.ui.frames.obj
 0001:00003464       ??1?$TRefObject@URRenderDriver2D@SDL_core@ui@modules@UModSys@@U?$TRefObjectFunc@URRenderDriver2D@SDL_core@ui@modules@UModSys@@@tl@5@@tl@UModSys@@QAE@XZ 10004464 f i umodsys_lib_libui:umodsys.mod.ui.SDL_core.obj
 0001:00003464       ??1?$TRefObject@URSerializeWriter@serialize_json@media@modules@UModSys@@U?$TRefObjectFunc@URSerializeWriter@serialize_json@media@modules@UModSys@@@tl@5@@tl@UModSys@@QAE@XZ 10004464 f i umodsys_lib_libmedia:umodsys.mod.media.serialize_json.obj
 0001:00003464       ??1?$TRefObject@URMultiImage@stdlib@lib2d@modules@UModSys@@U?$TRefObjectFunc@URMultiImage@stdlib@lib2d@modules@UModSys@@@tl@5@@tl@UModSys@@QAE@XZ 10004464 f i umodsys_lib_lib2d:umodsys.mod.2d.stdlib.obj
 0001:00003464       ??1?$TRefObject@URFrame_Common@frames@ui@modules@UModSys@@U?$TRefObjectFunc@URFrame_Common@frames@ui@modules@UModSys@@@tl@5@@tl@UModSys@@QAE@XZ 10004464 f i umodsys_lib_libui:umodsys.mod.ui.frames.obj
 0001:00003464       ??1?$TRefObject@UIVisualObject@lib3d@UModSys@@U?$TRefObjectFunc@UIVisualObject@lib3d@UModSys@@@tl@3@@tl@UModSys@@QAE@XZ 10004464 f i plugin_test1.obj
 0001:00003464       ??1?$TRefObject@URRenderer@stdlib@lib3d@modules@UModSys@@U?$TRefObjectFunc@URRenderer@stdlib@lib3d@modules@UModSys@@@tl@5@@tl@UModSys@@QAE@XZ 10004464 f i umodsys_lib_lib3d:umodsys.mod.3d.stdlib.obj
 0001:00003464       ??1?$TRefObject@UIUtilities@libmedia@UModSys@@U?$TRefObjectFunc@UIUtilities@libmedia@UModSys@@@tl@3@@tl@UModSys@@QAE@XZ 10004464 f i plugin_test1.obj
 0001:00003464       ??1?$TRefObject@UIVisualObject_Camera@lib3d@UModSys@@U?$TRefObjectFunc@UIVisualObject_Camera@lib3d@UModSys@@@tl@3@@tl@UModSys@@QAE@XZ 10004464 f i plugin_test1.obj
 0001:00003464       ??1?$TRefObject@UIBinArchive@libmedia@UModSys@@U?$TRefObjectFunc@UIBinArchive@libmedia@UModSys@@@tl@3@@tl@UModSys@@QAE@XZ 10004464 f i plugin_test1.obj
 0001:00003464       ??1?$TRefObject@URVertexArray@SDL_GL@ui@modules@UModSys@@U?$TRefObjectFunc@URVertexArray@SDL_GL@ui@modules@UModSys@@@tl@5@@tl@UModSys@@QAE@XZ 10004464 f i umodsys_lib_libui:umodsys.mod.ui.SDL_GL.obj
 0001:00003464       ??1?$TRefObject@URMultiImage2D_SDL_ttf@SDL_core@ui@modules@UModSys@@U?$TRefObjectFunc@URMultiImage2D_SDL_ttf@SDL_core@ui@modules@UModSys@@@tl@5@@tl@UModSys@@QAE@XZ 10004464 f i umodsys_lib_libui:umodsys.mod.ui.SDL_core.obj
 0001:00003473       ?update@?$TComparerBinaryHash@D@su@tl@UModSys@@QAEXPBDI@Z 10004473 f i plugin_test1.obj
 0001:000034aa       ?info_release@?$TSCoreShared@USIMemAlloc@core@UModSys@@D@su@tl@UModSys@@QAEXXZ 100044aa f i plugin_test1.obj
 0001:000034e3       ?info_new@?$TSCoreShared@USIMemAlloc@core@UModSys@@D@su@tl@UModSys@@QAE_NPBDI@Z 100044e3 f i plugin_test1.obj
 0001:00003547       ?get_null@?$TSCoreShared@USIMemAlloc@core@UModSys@@D@su@tl@UModSys@@SAPAU?$TSharedStringInfo@DUSIMemAlloc@core@UModSys@@@234@XZ 10004547 f i plugin_test1.obj
 0001:0000357f       ?mult3@?$TMatrix44@N@math3d@UModSys@@QAEXABU123@0@Z 1000457f f i plugin_test1.obj
 0001:0000365a       ?set_rotate_about@?$TMatrix44@N@math3d@UModSys@@QAEXABU?$TVector3@N@23@N@Z 1000465a f i plugin_test1.obj
 0001:00003788       ?set_ER@?$TMatrix44@N@math3d@UModSys@@QAEXN@Z 10004788 f i plugin_test1.obj
 0001:000037bc       ?set_inversed@?$TMatrix44@N@math3d@UModSys@@QAE_NABU123@@Z 100047bc f i plugin_test1.obj
 0001:00003b93       ??$get_as@H@SPropValueR@core@UModSys@@QBE_NAAPBH@Z 10004b93 f i plugin_test1.obj
 0001:00003bb9       ??$get_as@M@SPropValueR@core@UModSys@@QBE_NAAPBM@Z 10004bb9 f i plugin_test1.obj
 0001:00003bdf       ??$generate_type@UIBinArchive@libmedia@UModSys@@@RTest1_Shell@test1@test@modules@UModSys@@SA?AU?$TRefObject@UIBinArchive@libmedia@UModSys@@U?$TRefObjectFunc@UIBinArchive@libmedia@UModSys@@@tl@3@@tl@4@ABU?$TString@U?$TSCoreConst@D@su@tl@UModSys@@U?$TComparerBinaryHash@D@234@@64@ABUSParameters@core@4@PBD@Z 10004bdf f i plugin_test1.obj
 0001:00003cd5       ??$generate_type@UIClient@IBinArchiveFrame@libmedia@UModSys@@@RTest1_Shell@test1@test@modules@UModSys@@SA?AU?$TRefObject@UIClient@IBinArchiveFrame@libmedia@UModSys@@U?$TRefObjectFunc@UIClient@IBinArchiveFrame@libmedia@UModSys@@@tl@4@@tl@4@ABU?$TString@U?$TSCoreConst@D@su@tl@UModSys@@U?$TComparerBinaryHash@D@234@@64@ABUSParameters@core@4@PBD@Z 10004cd5 f i plugin_test1.obj
 0001:00003dcf       ??$generate_type@UIBinArchiveFrame@libmedia@UModSys@@@RTest1_Shell@test1@test@modules@UModSys@@SA?AU?$TRefObject@UIBinArchiveFrame@libmedia@UModSys@@U?$TRefObjectFunc@UIBinArchiveFrame@libmedia@UModSys@@@tl@3@@tl@4@ABU?$TString@U?$TSCoreConst@D@su@tl@UModSys@@U?$TComparerBinaryHash@D@234@@64@ABUSParameters@core@4@PBD@Z 10004dcf f i plugin_test1.obj
 0001:00003ec5       ??$generate_type@UIBinObjFilter@libmedia@UModSys@@@RTest1_Shell@test1@test@modules@UModSys@@SA?AU?$TRefObject@UIBinObjFilter@libmedia@UModSys@@U?$TRefObjectFunc@UIBinObjFilter@libmedia@UModSys@@@tl@3@@tl@4@ABU?$TString@U?$TSCoreConst@D@su@tl@UModSys@@U?$TComparerBinaryHash@D@234@@64@ABUSParameters@core@4@PBD@Z 10004ec5 f i plugin_test1.obj
 0001:00003fbf       ??$generate_type@UIUtilities@libmedia@UModSys@@@RTest1_Shell@test1@test@modules@UModSys@@SA?AU?$TRefObject@UIUtilities@libmedia@UModSys@@U?$TRefObjectFunc@UIUtilities@libmedia@UModSys@@@tl@3@@tl@4@ABU?$TString@U?$TSCoreConst@D@su@tl@UModSys@@U?$TComparerBinaryHash@D@234@@64@ABUSParameters@core@4@PBD@Z 10004fbf f i plugin_test1.obj
 0001:000040b9       ??$generate_type@UILibraryBinTree@libmedia@UModSys@@@RTest1_Shell@test1@test@modules@UModSys@@SA?AU?$TRefObject@UILibraryBinTree@libmedia@UModSys@@U?$TRefObjectFunc@UILibraryBinTree@libmedia@UModSys@@@tl@3@@tl@4@ABU?$TString@U?$TSCoreConst@D@su@tl@UModSys@@U?$TComparerBinaryHash@D@234@@64@ABUSParameters@core@4@PBD@Z 100050b9 f i plugin_test1.obj
 0001:000041b3       ??$generate_type@UILibraryObjFilter@libmedia@UModSys@@@RTest1_Shell@test1@test@modules@UModSys@@SA?AU?$TRefObject@UILibraryObjFilter@libmedia@UModSys@@U?$TRefObjectFunc@UILibraryObjFilter@libmedia@UModSys@@@tl@3@@tl@4@ABU?$TString@U?$TSCoreConst@D@su@tl@UModSys@@U?$TComparerBinaryHash@D@234@@64@ABUSParameters@core@4@PBD@Z 100051b3 f i plugin_test1.obj
 0001:000042ad       ??$generate_type@UILibraryLayered@libmedia@UModSys@@@RTest1_Shell@test1@test@modules@UModSys@@SA?AU?$TRefObject@UILibraryLayered@libmedia@UModSys@@U?$TRefObjectFunc@UILibraryLayered@libmedia@UModSys@@@tl@3@@tl@4@ABU?$TString@U?$TSCoreConst@D@su@tl@UModSys@@U?$TComparerBinaryHash@D@234@@64@ABUSParameters@core@4@PBD@Z 100052ad f i plugin_test1.obj
 0001:000043a7       ??$generate_type@UILibraryObjCache@libmedia@UModSys@@@RTest1_Shell@test1@test@modules@UModSys@@SA?AU?$TRefObject@UILibraryObjCache@libmedia@UModSys@@U?$TRefObjectFunc@UILibraryObjCache@libmedia@UModSys@@@tl@3@@tl@4@ABU?$TString@U?$TSCoreConst@D@su@tl@UModSys@@U?$TComparerBinaryHash@D@234@@64@ABUSParameters@core@4@PBD@Z 100053a7 f i plugin_test1.obj
 0001:000044a1       ??$generate_type@UILibraryBinCache@libmedia@UModSys@@@RTest1_Shell@test1@test@modules@UModSys@@SA?AU?$TRefObject@UILibraryBinCache@libmedia@UModSys@@U?$TRefObjectFunc@UILibraryBinCache@libmedia@UModSys@@@tl@3@@tl@4@ABU?$TString@U?$TSCoreConst@D@su@tl@UModSys@@U?$TComparerBinaryHash@D@234@@64@ABUSParameters@core@4@PBD@Z 100054a1 f i plugin_test1.obj
 0001:0000459b       ??$generate_type@UICollector@libui@UModSys@@@RTest1_Shell@test1@test@modules@UModSys@@SA?AU?$TRefObject@UICollector@libui@UModSys@@U?$TRefObjectFunc@UICollector@libui@UModSys@@@tl@3@@tl@4@ABU?$TString@U?$TSCoreConst@D@su@tl@UModSys@@U?$TComparerBinaryHash@D@234@@64@ABUSParameters@core@4@PBD@Z 1000559b f i plugin_test1.obj
 0001:00004695       ??$generate_type@UITerminal@libui@UModSys@@@RTest1_Shell@test1@test@modules@UModSys@@SA?AU?$TRefObject@UITerminal@libui@UModSys@@U?$TRefObjectFunc@UITerminal@libui@UModSys@@@tl@3@@tl@4@ABU?$TString@U?$TSCoreConst@D@su@tl@UModSys@@U?$TComparerBinaryHash@D@234@@64@ABUSParameters@core@4@PBD@Z 10005695 f i plugin_test1.obj
 0001:0000478f       ??$t_create_handler@UIKeyboardController@libui@UModSys@@@ITerminal@libui@UModSys@@QAE_NAAU?$TRefObject@UIKeyboardController@libui@UModSys@@U?$TRefObjectFunc@UIKeyboardController@libui@UModSys@@@tl@3@@tl@2@PBDPBUSParameters@core@2@@Z 1000578f f i plugin_test1.obj
 0001:00004811       ??$t_create_handler@UIMouseController@libui@UModSys@@@ITerminal@libui@UModSys@@QAE_NAAU?$TRefObject@UIMouseController@libui@UModSys@@U?$TRefObjectFunc@UIMouseController@libui@UModSys@@@tl@3@@tl@2@PBDPBUSParameters@core@2@@Z 10005811 f i plugin_test1.obj
 0001:00004893       ??$generate_type@UIRenderer@lib3d@UModSys@@@RTest1_Shell@test1@test@modules@UModSys@@SA?AU?$TRefObject@UIRenderer@lib3d@UModSys@@U?$TRefObjectFunc@UIRenderer@lib3d@UModSys@@@tl@3@@tl@4@ABU?$TString@U?$TSCoreConst@D@su@tl@UModSys@@U?$TComparerBinaryHash@D@234@@64@ABUSParameters@core@4@PBD@Z 10005893 f i plugin_test1.obj
 0001:0000498e       ??$t_create_handler@UIRenderDriver@lib3d@UModSys@@@ITerminal@libui@UModSys@@QAE_NAAU?$TRefObject@UIRenderDriver@lib3d@UModSys@@U?$TRefObjectFunc@UIRenderDriver@lib3d@UModSys@@@tl@3@@tl@2@PBDPBUSParameters@core@2@@Z 1000598e f i plugin_test1.obj
 0001:00004a12       ??$generate_type@UIVisualizerScene@lib3d@UModSys@@@RTest1_Shell@test1@test@modules@UModSys@@SA?AU?$TRefObject@UIVisualizerScene@lib3d@UModSys@@U?$TRefObjectFunc@UIVisualizerScene@lib3d@UModSys@@@tl@3@@tl@4@ABU?$TString@U?$TSCoreConst@D@su@tl@UModSys@@U?$TComparerBinaryHash@D@234@@64@ABUSParameters@core@4@PBD@Z 10005a12 f i plugin_test1.obj
 0001:00004b0c       ??$generate_type@UIGeneralObject@lib3d@UModSys@@@RTest1_Shell@test1@test@modules@UModSys@@SA?AU?$TRefObject@UIGeneralObject@lib3d@UModSys@@U?$TRefObjectFunc@UIGeneralObject@lib3d@UModSys@@@tl@3@@tl@4@ABU?$TString@U?$TSCoreConst@D@su@tl@UModSys@@U?$TComparerBinaryHash@D@234@@64@ABUSParameters@core@4@PBD@Z 10005b0c f i plugin_test1.obj
 0001:00004c06       ??1?$TRefObject@UIModObject@base@UModSys@@U?$TModObjectFunc@UIModObject@base@UModSys@@@tl@3@@tl@UModSys@@QAE@XZ 10005c06 f i plugin_test1.obj
 0001:00004c1c       ?mult@?$TMatrix44@N@math3d@UModSys@@QAEXABU123@0@Z 10005c1c f i plugin_test1.obj
 0001:00004e24       ?get_determinant@?$TMatrix44@N@math3d@UModSys@@QBENXZ 10005e24 f i plugin_test1.obj
 0001:00004ee0       ?s_init@?$TModObjectFunc@UIModObject@base@UModSys@@@tl@UModSys@@SAXAAPAUIModObject@base@3@PAU453@@Z 10005ee0 f i plugin_test1.obj
 0001:00004ef9       ??$t_ref_get_other_interface@UIStreamReader@libmedia@UModSys@@U?$TRefObjectFunc@UIStreamReader@libmedia@UModSys@@@tl@3@@IRefObject@core@UModSys@@QAE_NAAU?$TRefObject@UIStreamReader@libmedia@UModSys@@U?$TRefObjectFunc@UIStreamReader@libmedia@UModSys@@@tl@3@@tl@2@@Z 10005ef9 f i plugin_test1.obj
 0001:00004f28       ??$t_ref_get_other_interface@UIStreamWriter@libmedia@UModSys@@U?$TRefObjectFunc@UIStreamWriter@libmedia@UModSys@@@tl@3@@IRefObject@core@UModSys@@QAE_NAAU?$TRefObject@UIStreamWriter@libmedia@UModSys@@U?$TRefObjectFunc@UIStreamWriter@libmedia@UModSys@@@tl@3@@tl@2@@Z 10005f28 f i plugin_test1.obj
 0001:00004f57       ??$t_generate@UIBinArchive@libmedia@UModSys@@@SModuleContext@base@UModSys@@QAE_NAAU?$TRefObject@UIBinArchive@libmedia@UModSys@@U?$TRefObjectFunc@UIBinArchive@libmedia@UModSys@@@tl@3@@tl@2@PBUSUniquePointerInfo@core@2@ABUSParameters@62@@Z 10005f57 f i plugin_test1.obj
 0001:00004ff3       ??$t_generate@UIClient@IBinArchiveFrame@libmedia@UModSys@@@SModuleContext@base@UModSys@@QAE_NAAU?$TRefObject@UIClient@IBinArchiveFrame@libmedia@UModSys@@U?$TRefObjectFunc@UIClient@IBinArchiveFrame@libmedia@UModSys@@@tl@4@@tl@2@PBUSUniquePointerInfo@core@2@ABUSParameters@62@@Z 10005ff3 f i plugin_test1.obj
 0001:0000508f       ??$t_generate@UIBinArchiveFrame@libmedia@UModSys@@@SModuleContext@base@UModSys@@QAE_NAAU?$TRefObject@UIBinArchiveFrame@libmedia@UModSys@@U?$TRefObjectFunc@UIBinArchiveFrame@libmedia@UModSys@@@tl@3@@tl@2@PBUSUniquePointerInfo@core@2@ABUSParameters@62@@Z 1000608f f i plugin_test1.obj
 0001:0000512b       ??$t_generate@UIBinObjFilter@libmedia@UModSys@@@SModuleContext@base@UModSys@@QAE_NAAU?$TRefObject@UIBinObjFilter@libmedia@UModSys@@U?$TRefObjectFunc@UIBinObjFilter@libmedia@UModSys@@@tl@3@@tl@2@PBUSUniquePointerInfo@core@2@ABUSParameters@62@@Z 1000612b f i plugin_test1.obj
 0001:000051c7       ??$t_generate@UIUtilities@libmedia@UModSys@@@SModuleContext@base@UModSys@@QAE_NAAU?$TRefObject@UIUtilities@libmedia@UModSys@@U?$TRefObjectFunc@UIUtilities@libmedia@UModSys@@@tl@3@@tl@2@PBUSUniquePointerInfo@core@2@ABUSParameters@62@@Z 100061c7 f i plugin_test1.obj
 0001:00005263       ??$t_generate@UILibraryBinTree@libmedia@UModSys@@@SModuleContext@base@UModSys@@QAE_NAAU?$TRefObject@UILibraryBinTree@libmedia@UModSys@@U?$TRefObjectFunc@UILibraryBinTree@libmedia@UModSys@@@tl@3@@tl@2@PBUSUniquePointerInfo@core@2@ABUSParameters@62@@Z 10006263 f i plugin_test1.obj
 0001:000052ff       ??$t_generate@UILibraryObjFilter@libmedia@UModSys@@@SModuleContext@base@UModSys@@QAE_NAAU?$TRefObject@UILibraryObjFilter@libmedia@UModSys@@U?$TRefObjectFunc@UILibraryObjFilter@libmedia@UModSys@@@tl@3@@tl@2@PBUSUniquePointerInfo@core@2@ABUSParameters@62@@Z 100062ff f i plugin_test1.obj
 0001:0000539b       ??$t_generate@UILibraryLayered@libmedia@UModSys@@@SModuleContext@base@UModSys@@QAE_NAAU?$TRefObject@UILibraryLayered@libmedia@UModSys@@U?$TRefObjectFunc@UILibraryLayered@libmedia@UModSys@@@tl@3@@tl@2@PBUSUniquePointerInfo@core@2@ABUSParameters@62@@Z 1000639b f i plugin_test1.obj
 0001:00005437       ??$t_generate@UILibraryObjCache@libmedia@UModSys@@@SModuleContext@base@UModSys@@QAE_NAAU?$TRefObject@UILibraryObjCache@libmedia@UModSys@@U?$TRefObjectFunc@UILibraryObjCache@libmedia@UModSys@@@tl@3@@tl@2@PBUSUniquePointerInfo@core@2@ABUSParameters@62@@Z 10006437 f i plugin_test1.obj
 0001:000054d3       ??$t_generate@UILibraryBinCache@libmedia@UModSys@@@SModuleContext@base@UModSys@@QAE_NAAU?$TRefObject@UILibraryBinCache@libmedia@UModSys@@U?$TRefObjectFunc@UILibraryBinCache@libmedia@UModSys@@@tl@3@@tl@2@PBUSUniquePointerInfo@core@2@ABUSParameters@62@@Z 100064d3 f i plugin_test1.obj
 0001:0000556f       ??$t_generate@UICollector@libui@UModSys@@@SModuleContext@base@UModSys@@QAE_NAAU?$TRefObject@UICollector@libui@UModSys@@U?$TRefObjectFunc@UICollector@libui@UModSys@@@tl@3@@tl@2@PBUSUniquePointerInfo@core@2@ABUSParameters@62@@Z 1000656f f i plugin_test1.obj
 0001:0000560b       ??$t_generate@UITerminal@libui@UModSys@@@SModuleContext@base@UModSys@@QAE_NAAU?$TRefObject@UITerminal@libui@UModSys@@U?$TRefObjectFunc@UITerminal@libui@UModSys@@@tl@3@@tl@2@PBUSUniquePointerInfo@core@2@ABUSParameters@62@@Z 1000660b f i plugin_test1.obj
 0001:000056a7       ??$t_generate@UIRenderer@lib3d@UModSys@@@SModuleContext@base@UModSys@@QAE_NAAU?$TRefObject@UIRenderer@lib3d@UModSys@@U?$TRefObjectFunc@UIRenderer@lib3d@UModSys@@@tl@3@@tl@2@PBUSUniquePointerInfo@core@2@ABUSParameters@62@@Z 100066a7 f i plugin_test1.obj
 0001:00005735       ??$t_generate@UIVisualizerScene@lib3d@UModSys@@@SModuleContext@base@UModSys@@QAE_NAAU?$TRefObject@UIVisualizerScene@lib3d@UModSys@@U?$TRefObjectFunc@UIVisualizerScene@lib3d@UModSys@@@tl@3@@tl@2@PBUSUniquePointerInfo@core@2@ABUSParameters@62@@Z 10006735 f i plugin_test1.obj
 0001:000057d1       ??$t_generate@UIGeneralObject@lib3d@UModSys@@@SModuleContext@base@UModSys@@QAE_NAAU?$TRefObject@UIGeneralObject@lib3d@UModSys@@U?$TRefObjectFunc@UIGeneralObject@lib3d@UModSys@@@tl@3@@tl@2@PBUSUniquePointerInfo@core@2@ABUSParameters@62@@Z 100067d1 f i plugin_test1.obj
 0001:0000586d       ??$t_ref_get_other_interface@UIImageFactory@lib2d@UModSys@@U?$TRefObjectFunc@UIImageFactory@lib2d@UModSys@@@tl@3@@IRefObject@core@UModSys@@QAE_NAAU?$TRefObject@UIImageFactory@lib2d@UModSys@@U?$TRefObjectFunc@UIImageFactory@lib2d@UModSys@@@tl@3@@tl@2@@Z 1000686d f i plugin_test1.obj
 0001:0000589c       ??$t_ref_get_other_interface@UIMultiImage@lib2d@UModSys@@U?$TRefObjectFunc@UIMultiImage@lib2d@UModSys@@@tl@3@@IRefObject@core@UModSys@@QAE_NAAU?$TRefObject@UIMultiImage@lib2d@UModSys@@U?$TRefObjectFunc@UIMultiImage@lib2d@UModSys@@@tl@3@@tl@2@@Z 1000689c f i plugin_test1.obj
 0001:000058bc       ??1Scene@IVisualizerScene@lib3d@UModSys@@QAE@XZ 100068bc f i umodsys_lib_lib3d:umodsys.mod.3d.stdlib.obj
 0001:000058ff       ?root_get_interface_info@RRenderer@stdlib@lib3d@modules@UModSys@@UBEABUSUniquePointerInfo@core@5@XZ 100068ff f i umodsys_lib_lib3d:umodsys.mod.3d.stdlib.obj
 0001:00005905       ?root_get_interface_type@RRenderer@stdlib@lib3d@modules@UModSys@@UBEPBUSUniquePointerInfo@core@5@XZ 10006905 f i umodsys_lib_lib3d:umodsys.mod.3d.stdlib.obj
 0001:0000590b       ?root_get_other_interface@RRenderer@stdlib@lib3d@modules@UModSys@@UBEPBUIRoot@core@5@PBUSUniquePointerInfo@75@@Z 1000690b f i umodsys_lib_lib3d:umodsys.mod.3d.stdlib.obj
 0001:0000590b       ?root_get_other_interface@RRenderer@stdlib@lib3d@modules@UModSys@@UAEPAUIRoot@core@5@PBUSUniquePointerInfo@75@@Z 1000690b f i umodsys_lib_lib3d:umodsys.mod.3d.stdlib.obj
 0001:0000592c       ?root_is_interface_supported@RRenderer@stdlib@lib3d@modules@UModSys@@UBE_NPBUSUniquePointerInfo@core@5@@Z 1000692c f i umodsys_lib_lib3d:umodsys.mod.3d.stdlib.obj
 0001:00005953       ?ref_add@RVisualSceneMapper_Direct@stdlib@lib3d@modules@UModSys@@UBEXXZ 10006953 f i umodsys_lib_lib3d:umodsys.mod.3d.stdlib.obj
 0001:00005953       ?ref_add@RSerializeWriter@serialize_json@media@modules@UModSys@@UBEXXZ 10006953 f i umodsys_lib_libmedia:umodsys.mod.media.serialize_json.obj
 0001:00005953       ?ref_add@RRenderer@stdlib@lib3d@modules@UModSys@@UBEXXZ 10006953 f i umodsys_lib_lib3d:umodsys.mod.3d.stdlib.obj
 0001:00005957       ?root_get_interface_info@RVisualizerScene@stdlib@lib3d@modules@UModSys@@UBEABUSUniquePointerInfo@core@5@XZ 10006957 f i umodsys_lib_lib3d:umodsys.mod.3d.stdlib.obj
 0001:0000595d       ?root_get_interface_type@RVisualizerScene@stdlib@lib3d@modules@UModSys@@UBEPBUSUniquePointerInfo@core@5@XZ 1000695d f i umodsys_lib_lib3d:umodsys.mod.3d.stdlib.obj
 0001:00005963       ?root_get_interface_types@RMouseController@SDL_GL@ui@modules@UModSys@@UBEIAAUSUniquePtrList@core@5@@Z 10006963 f i umodsys_lib_libui:umodsys.mod.ui.SDL_GL.obj
 0001:00005963       ?root_get_interface_types@RFrame_Frame@frames@ui@modules@UModSys@@UBEIAAUSUniquePtrList@core@5@@Z 10006963 f i umodsys_lib_libui:umodsys.mod.ui.frames.obj
 0001:00005963       ?root_get_interface_types@RRenderer@stdlib@lib3d@modules@UModSys@@UBEIAAUSUniquePtrList@core@5@@Z 10006963 f i umodsys_lib_lib3d:umodsys.mod.3d.stdlib.obj
 0001:00005963       ?root_get_interface_types@RImageFactory_Memory@stdlib@lib2d@modules@UModSys@@UBEIAAUSUniquePtrList@core@5@@Z 10006963 f i umodsys_lib_lib2d:umodsys.mod.2d.stdlib.obj
 0001:00005963       ?root_get_interface_types@RGeneral@object_primitive@stdlib@lib3d@modules@UModSys@@UBEIAAUSUniquePtrList@core@6@@Z 10006963 f i umodsys_lib_lib3d:umodsys.mod.3d.stdlib.obj
 0001:00005963       ?root_get_interface_types@RTerminalX@SDL_GL@ui@modules@UModSys@@UBEIAAUSUniquePtrList@core@5@@Z 10006963 f i umodsys_lib_libui:umodsys.mod.ui.SDL_GL.obj
 0001:00005963       ?root_get_interface_types@RGenerator@stdlib@lib3d@modules@UModSys@@UBEIAAUSUniquePtrList@core@5@@Z 10006963 f i umodsys_lib_lib3d:umodsys.mod.3d.stdlib.obj
 0001:00005963       ?root_get_interface_types@RVertexArray@SDL_GL@ui@modules@UModSys@@UBEIAAUSUniquePtrList@core@5@@Z 10006963 f i umodsys_lib_libui:umodsys.mod.ui.SDL_GL.obj
 0001:00005963       ?root_get_interface_types@RGenerator@zlib@media@modules@UModSys@@UBEIAAUSUniquePtrList@core@5@@Z 10006963 f i umodsys_lib_libmedia:umodsys.mod.media.zlib.obj
 0001:00005963       ?root_get_interface_types@RGenerator@SDL_GL@ui@modules@UModSys@@UBEIAAUSUniquePtrList@core@5@@Z 10006963 f i umodsys_lib_libui:umodsys.mod.ui.SDL_GL.obj
 0001:00005963       ?root_get_interface_types@RGenerator@serialize_json@media@modules@UModSys@@UBEIAAUSUniquePtrList@core@5@@Z 10006963 f i umodsys_lib_libmedia:umodsys.mod.media.serialize_json.obj
 0001:00005963       ?root_get_interface_types@RMouseController@SDL_core@ui@modules@UModSys@@UBEIAAUSUniquePtrList@core@5@@Z 10006963 f i umodsys_lib_libui:umodsys.mod.ui.SDL_core.obj
 0001:00005963       ?root_get_interface_types@RMultiImage@stdlib@lib2d@modules@UModSys@@UBEIAAUSUniquePtrList@core@5@@Z 10006963 f i umodsys_lib_lib2d:umodsys.mod.2d.stdlib.obj
 0001:00005963       ?root_get_interface_types@RMultiImage2D_SDL_ttf@SDL_core@ui@modules@UModSys@@UBEIAAUSUniquePtrList@core@5@@Z 10006963 f i umodsys_lib_libui:umodsys.mod.ui.SDL_core.obj
 0001:00005963       ?root_get_interface_types@RMediaFilter@images_std@media@modules@UModSys@@UBEIAAUSUniquePtrList@core@5@@Z 10006963 f i umodsys_lib_libmedia:umodsys.mod.media.images_std.obj
 0001:00005963       ?root_get_interface_types@RRender@object_primitive@stdlib@lib3d@modules@UModSys@@UBEIAAUSUniquePtrList@core@6@@Z 10006963 f i umodsys_lib_lib3d:umodsys.mod.3d.stdlib.obj
 0001:00005963       ?root_get_interface_types@RDialog@frames@ui@modules@UModSys@@UBEIAAUSUniquePtrList@core@5@@Z 10006963 f i umodsys_lib_libui:umodsys.mod.ui.frames.obj
 0001:00005963       ?root_get_interface_types@RSerializeReader@serialize_json@media@modules@UModSys@@UBEIAAUSUniquePtrList@core@5@@Z 10006963 f i umodsys_lib_libmedia:umodsys.mod.media.serialize_json.obj
 0001:00005963       ?root_get_interface_types@RBinArchiveFrameClient_ZIP@zlib@media@modules@UModSys@@UBEIAAUSUniquePtrList@core@5@@Z 10006963 f i umodsys_lib_libmedia:umodsys.mod.media.zlib.obj
 0001:00005963       ?root_get_interface_types@RRenderDriver3D@SDL_GL@ui@modules@UModSys@@UBEIAAUSUniquePtrList@core@5@@Z 10006963 f i umodsys_lib_libui:umodsys.mod.ui.SDL_GL.obj
 0001:00005963       ?root_get_interface_types@RFrame_Text@frames@ui@modules@UModSys@@UBEIAAUSUniquePtrList@core@5@@Z 10006963 f i umodsys_lib_libui:umodsys.mod.ui.frames.obj
 0001:00005963       ?root_get_interface_types@RGenerator@SDL_core@ui@modules@UModSys@@UBEIAAUSUniquePtrList@core@5@@Z 10006963 f i umodsys_lib_libui:umodsys.mod.ui.SDL_core.obj
 0001:00005963       ?root_get_interface_types@RFrame_Button@frames@ui@modules@UModSys@@UBEIAAUSUniquePtrList@core@5@@Z 10006963 f i umodsys_lib_libui:umodsys.mod.ui.frames.obj
 0001:00005963       ?root_get_interface_types@RTest1_Shell@test1@test@modules@UModSys@@UBEIAAUSUniquePtrList@core@5@@Z 10006963 f i plugin_test1.obj
 0001:00005963       ?root_get_interface_types@RFrame_List@frames@ui@modules@UModSys@@UBEIAAUSUniquePtrList@core@5@@Z 10006963 f i umodsys_lib_libui:umodsys.mod.ui.frames.obj
 0001:00005963       ?root_get_interface_types@RFrame_Edit@frames@ui@modules@UModSys@@UBEIAAUSUniquePtrList@core@5@@Z 10006963 f i umodsys_lib_libui:umodsys.mod.ui.frames.obj
 0001:00005963       ?root_get_interface_types@RGenerator@stdlib@lib2d@modules@UModSys@@UBEIAAUSUniquePtrList@core@5@@Z 10006963 f i umodsys_lib_lib2d:umodsys.mod.2d.stdlib.obj
 0001:00005963       ?root_get_interface_types@RGeneral@object_camera@stdlib@lib3d@modules@UModSys@@UBEIAAUSUniquePtrList@core@6@@Z 10006963 f i umodsys_lib_lib3d:umodsys.mod.3d.stdlib.obj
 0001:00005963       ?root_get_interface_types@RVisualSceneMapper_Direct@stdlib@lib3d@modules@UModSys@@UBEIAAUSUniquePtrList@core@5@@Z 10006963 f i umodsys_lib_lib3d:umodsys.mod.3d.stdlib.obj
 0001:00005963       ?root_get_interface_types@RVisual@object_camera@stdlib@lib3d@modules@UModSys@@UBEIAAUSUniquePtrList@core@6@@Z 10006963 f i umodsys_lib_lib3d:umodsys.mod.3d.stdlib.obj
 0001:00005963       ?root_get_interface_types@RTerminal@SDL_core@ui@modules@UModSys@@UBEIAAUSUniquePtrList@core@5@@Z 10006963 f i umodsys_lib_libui:umodsys.mod.ui.SDL_core.obj
 0001:00005963       ?root_get_interface_types@RKeyboardController@SDL_core@ui@modules@UModSys@@UBEIAAUSUniquePtrList@core@5@@Z 10006963 f i umodsys_lib_libui:umodsys.mod.ui.SDL_core.obj
 0001:00005963       ?root_get_interface_types@RImage_Memory@stdlib@lib2d@modules@UModSys@@UBEIAAUSUniquePtrList@core@5@@Z 10006963 f i umodsys_lib_lib2d:umodsys.mod.2d.stdlib.obj
 0001:00005963       ?root_get_interface_types@RFrame_Image@frames@ui@modules@UModSys@@UBEIAAUSUniquePtrList@core@5@@Z 10006963 f i umodsys_lib_libui:umodsys.mod.ui.frames.obj
 0001:00005963       ?root_get_interface_types@RGenerator@frames@ui@modules@UModSys@@UBEIAAUSUniquePtrList@core@5@@Z 10006963 f i umodsys_lib_libui:umodsys.mod.ui.frames.obj
 0001:00005963       ?root_get_interface_types@RRenderDriver2D@SDL_core@ui@modules@UModSys@@UBEIAAUSUniquePtrList@core@5@@Z 10006963 f i umodsys_lib_libui:umodsys.mod.ui.SDL_core.obj
 0001:00005963       ?root_get_interface_types@RTerminalX@SDL_core@ui@modules@UModSys@@UBEIAAUSUniquePtrList@core@5@@Z 10006963 f i umodsys_lib_libui:umodsys.mod.ui.SDL_core.obj
 0001:00005963       ?root_get_interface_types@RCollector@frames@ui@modules@UModSys@@UBEIAAUSUniquePtrList@core@5@@Z 10006963 f i umodsys_lib_libui:umodsys.mod.ui.frames.obj
 0001:00005963       ?root_get_interface_types@RTextureGL@SDL_GL@ui@modules@UModSys@@UBEIAAUSUniquePtrList@core@5@@Z 10006963 f i umodsys_lib_libui:umodsys.mod.ui.SDL_GL.obj
 0001:00005963       ?root_get_interface_types@RVisual@object_primitive@stdlib@lib3d@modules@UModSys@@UBEIAAUSUniquePtrList@core@6@@Z 10006963 f i umodsys_lib_lib3d:umodsys.mod.3d.stdlib.obj
 0001:00005963       ?root_get_interface_types@RGenerator@test1@test@modules@UModSys@@UBEIAAUSUniquePtrList@core@5@@Z 10006963 f i plugin_test1.obj
 0001:00005963       ?root_get_interface_types@RMultiImage2D_SDL_ttf@SDL_GL@ui@modules@UModSys@@UBEIAAUSUniquePtrList@core@5@@Z 10006963 f i umodsys_lib_libui:umodsys.mod.ui.SDL_GL.obj
 0001:00005963       ?root_get_interface_types@RKeyboardController@SDL_GL@ui@modules@UModSys@@UBEIAAUSUniquePtrList@core@5@@Z 10006963 f i umodsys_lib_libui:umodsys.mod.ui.SDL_GL.obj
 0001:00005963       ?root_get_interface_types@RVisualizerScene@stdlib@lib3d@modules@UModSys@@UBEIAAUSUniquePtrList@core@5@@Z 10006963 f i umodsys_lib_lib3d:umodsys.mod.3d.stdlib.obj
 0001:00005963       ?root_get_interface_types@RSerializeWriter@serialize_json@media@modules@UModSys@@UBEIAAUSUniquePtrList@core@5@@Z 10006963 f i umodsys_lib_libmedia:umodsys.mod.media.serialize_json.obj
 0001:00005963       ?root_get_interface_types@RGenerator@images_std@media@modules@UModSys@@UBEIAAUSUniquePtrList@core@5@@Z 10006963 f i umodsys_lib_libmedia:umodsys.mod.media.images_std.obj
 0001:00005963       ?root_get_interface_types@RTerminal@SDL_GL@ui@modules@UModSys@@UBEIAAUSUniquePtrList@core@5@@Z 10006963 f i umodsys_lib_libui:umodsys.mod.ui.SDL_GL.obj
 0001:00005968       ?root_get_other_interface@RVisualizerScene@stdlib@lib3d@modules@UModSys@@UAEPAUIRoot@core@5@PBUSUniquePointerInfo@75@@Z 10006968 f i umodsys_lib_lib3d:umodsys.mod.3d.stdlib.obj
 0001:00005968       ?root_get_other_interface@RVisualizerScene@stdlib@lib3d@modules@UModSys@@UBEPBUIRoot@core@5@PBUSUniquePointerInfo@75@@Z 10006968 f i umodsys_lib_lib3d:umodsys.mod.3d.stdlib.obj
 0001:00005991       ?root_is_interface_supported@RVisualizerScene@stdlib@lib3d@modules@UModSys@@UBE_NPBUSUniquePointerInfo@core@5@@Z 10006991 f i umodsys_lib_lib3d:umodsys.mod.3d.stdlib.obj
 0001:000059c0       ?root_get_interface_info@RVisualSceneMapper_Direct@stdlib@lib3d@modules@UModSys@@UBEABUSUniquePointerInfo@core@5@XZ 100069c0 f i umodsys_lib_lib3d:umodsys.mod.3d.stdlib.obj
 0001:000059c6       ?root_get_interface_type@RVisualSceneMapper_Direct@stdlib@lib3d@modules@UModSys@@UBEPBUSUniquePointerInfo@core@5@XZ 100069c6 f i umodsys_lib_lib3d:umodsys.mod.3d.stdlib.obj
 0001:000059cc       ?root_get_other_interface@RVisualSceneMapper_Direct@stdlib@lib3d@modules@UModSys@@UAEPAUIRoot@core@5@PBUSUniquePointerInfo@75@@Z 100069cc f i umodsys_lib_lib3d:umodsys.mod.3d.stdlib.obj
 0001:000059cc       ?root_get_other_interface@RVisualSceneMapper_Direct@stdlib@lib3d@modules@UModSys@@UBEPBUIRoot@core@5@PBUSUniquePointerInfo@75@@Z 100069cc f i umodsys_lib_lib3d:umodsys.mod.3d.stdlib.obj
 0001:000059ed       ?root_is_interface_supported@RVisualSceneMapper_Direct@stdlib@lib3d@modules@UModSys@@UBE_NPBUSUniquePointerInfo@core@5@@Z 100069ed f i umodsys_lib_lib3d:umodsys.mod.3d.stdlib.obj
 0001:00005a14       ?ref_remove@RVisualSceneMapper_Direct@stdlib@lib3d@modules@UModSys@@UBEXXZ 10006a14 f i umodsys_lib_lib3d:umodsys.mod.3d.stdlib.obj
 0001:00005a14       ?ref_remove@RRenderer@stdlib@lib3d@modules@UModSys@@UBEXXZ 10006a14 f i umodsys_lib_lib3d:umodsys.mod.3d.stdlib.obj
 0001:00005a14       ?ref_remove@RSerializeWriter@serialize_json@media@modules@UModSys@@UBEXXZ 10006a14 f i umodsys_lib_libmedia:umodsys.mod.media.serialize_json.obj
 0001:00005a1f       ?suicide@RSerializeWriter@serialize_json@media@modules@UModSys@@UAEXXZ 10006a1f f i umodsys_lib_libmedia:umodsys.mod.media.serialize_json.obj
 0001:00005a1f       ?suicide@RVisualSceneMapper_Direct@stdlib@lib3d@modules@UModSys@@UAEXXZ 10006a1f f i umodsys_lib_lib3d:umodsys.mod.3d.stdlib.obj
 0001:00005a1f       ?suicide@RRenderer@stdlib@lib3d@modules@UModSys@@UAEXXZ 10006a1f f i umodsys_lib_lib3d:umodsys.mod.3d.stdlib.obj
 0001:00005a5c       ?root_get_interface_info@RGeneral@object_primitive@stdlib@lib3d@modules@UModSys@@UBEABUSUniquePointerInfo@core@6@XZ 10006a5c f i umodsys_lib_lib3d:umodsys.mod.3d.stdlib.obj
 0001:00005a62       ?root_get_interface_type@RGeneral@object_primitive@stdlib@lib3d@modules@UModSys@@UBEPBUSUniquePointerInfo@core@6@XZ 10006a62 f i umodsys_lib_lib3d:umodsys.mod.3d.stdlib.obj
 0001:00005a68       ?root_get_other_interface@RGeneral@object_primitive@stdlib@lib3d@modules@UModSys@@UAEPAUIRoot@core@6@PBUSUniquePointerInfo@86@@Z 10006a68 f i umodsys_lib_lib3d:umodsys.mod.3d.stdlib.obj
 0001:00005a68       ?root_get_other_interface@RGeneral@object_primitive@stdlib@lib3d@modules@UModSys@@UBEPBUIRoot@core@6@PBUSUniquePointerInfo@86@@Z 10006a68 f i umodsys_lib_lib3d:umodsys.mod.3d.stdlib.obj
 0001:00005a89       ?root_is_interface_supported@RGeneral@object_primitive@stdlib@lib3d@modules@UModSys@@UBE_NPBUSUniquePointerInfo@core@6@@Z 10006a89 f i umodsys_lib_lib3d:umodsys.mod.3d.stdlib.obj
 0001:00005ab0       ?root_get_interface_info@RRender@object_primitive@stdlib@lib3d@modules@UModSys@@UBEABUSUniquePointerInfo@core@6@XZ 10006ab0 f i umodsys_lib_lib3d:umodsys.mod.3d.stdlib.obj
 0001:00005ab6       ?root_get_interface_type@RRender@object_primitive@stdlib@lib3d@modules@UModSys@@UBEPBUSUniquePointerInfo@core@6@XZ 10006ab6 f i umodsys_lib_lib3d:umodsys.mod.3d.stdlib.obj
 0001:00005abc       ?root_get_other_interface@RRender@object_primitive@stdlib@lib3d@modules@UModSys@@UAEPAUIRoot@core@6@PBUSUniquePointerInfo@86@@Z 10006abc f i umodsys_lib_lib3d:umodsys.mod.3d.stdlib.obj
 0001:00005abc       ?root_get_other_interface@RRender@object_primitive@stdlib@lib3d@modules@UModSys@@UBEPBUIRoot@core@6@PBUSUniquePointerInfo@86@@Z 10006abc f i umodsys_lib_lib3d:umodsys.mod.3d.stdlib.obj
 0001:00005ae5       ?root_is_interface_supported@RRender@object_primitive@stdlib@lib3d@modules@UModSys@@UBE_NPBUSUniquePointerInfo@core@6@@Z 10006ae5 f i umodsys_lib_lib3d:umodsys.mod.3d.stdlib.obj
 0001:00005b14       ?ref_weak@RRender@object_primitive@stdlib@lib3d@modules@UModSys@@UBE_NAAUWeakPointer@IRefObject@core@6@@Z 10006b14 f i umodsys_lib_lib3d:umodsys.mod.3d.stdlib.obj
 0001:00005b14       ?ref_weak@RCollector@frames@ui@modules@UModSys@@UBE_NAAUWeakPointer@IRefObject@core@5@@Z 10006b14 f i umodsys_lib_libui:umodsys.mod.ui.frames.obj
 0001:00005b33       ?suicide@RRender@object_primitive@stdlib@lib3d@modules@UModSys@@UAEXXZ 10006b33 f i umodsys_lib_lib3d:umodsys.mod.3d.stdlib.obj
 0001:00005b73       ?root_get_interface_info@RVisual@object_primitive@stdlib@lib3d@modules@UModSys@@UBEABUSUniquePointerInfo@core@6@XZ 10006b73 f i umodsys_lib_lib3d:umodsys.mod.3d.stdlib.obj
 0001:00005b79       ?root_get_interface_type@RVisual@object_primitive@stdlib@lib3d@modules@UModSys@@UBEPBUSUniquePointerInfo@core@6@XZ 10006b79 f i umodsys_lib_lib3d:umodsys.mod.3d.stdlib.obj
 0001:00005b7f       ?root_get_other_interface@RVisual@object_primitive@stdlib@lib3d@modules@UModSys@@UAEPAUIRoot@core@6@PBUSUniquePointerInfo@86@@Z 10006b7f f i umodsys_lib_lib3d:umodsys.mod.3d.stdlib.obj
 0001:00005b7f       ?root_get_other_interface@RVisual@object_primitive@stdlib@lib3d@modules@UModSys@@UBEPBUIRoot@core@6@PBUSUniquePointerInfo@86@@Z 10006b7f f i umodsys_lib_lib3d:umodsys.mod.3d.stdlib.obj
 0001:00005ba8       ?root_is_interface_supported@RVisual@object_primitive@stdlib@lib3d@modules@UModSys@@UBE_NPBUSUniquePointerInfo@core@6@@Z 10006ba8 f i umodsys_lib_lib3d:umodsys.mod.3d.stdlib.obj
 0001:00005bd7       ?ref_add@RVisual@object_primitive@stdlib@lib3d@modules@UModSys@@UBEXXZ 10006bd7 f i umodsys_lib_lib3d:umodsys.mod.3d.stdlib.obj
 0001:00005bd7       ?ref_add@RVisual@object_camera@stdlib@lib3d@modules@UModSys@@UBEXXZ 10006bd7 f i umodsys_lib_lib3d:umodsys.mod.3d.stdlib.obj
 0001:00005bde       ?ref_remove@RVisual@object_primitive@stdlib@lib3d@modules@UModSys@@UBEXXZ 10006bde f i umodsys_lib_lib3d:umodsys.mod.3d.stdlib.obj
 0001:00005bde       ?ref_remove@RVisual@object_camera@stdlib@lib3d@modules@UModSys@@UBEXXZ 10006bde f i umodsys_lib_lib3d:umodsys.mod.3d.stdlib.obj
 0001:00005bec       ?ref_links@RVisual@object_camera@stdlib@lib3d@modules@UModSys@@UBEHXZ 10006bec f i umodsys_lib_lib3d:umodsys.mod.3d.stdlib.obj
 0001:00005bec       ?ref_links@RVisual@object_primitive@stdlib@lib3d@modules@UModSys@@UBEHXZ 10006bec f i umodsys_lib_lib3d:umodsys.mod.3d.stdlib.obj
 0001:00005bf3       ?ref_weak@RVisual@object_camera@stdlib@lib3d@modules@UModSys@@UBE_NAAUWeakPointer@IRefObject@core@6@@Z 10006bf3 f i umodsys_lib_lib3d:umodsys.mod.3d.stdlib.obj
 0001:00005bf3       ?ref_weak@RVisual@object_primitive@stdlib@lib3d@modules@UModSys@@UBE_NAAUWeakPointer@IRefObject@core@6@@Z 10006bf3 f i umodsys_lib_lib3d:umodsys.mod.3d.stdlib.obj
 0001:00005c15       ?root_get_interface_info@RGeneral@object_camera@stdlib@lib3d@modules@UModSys@@UBEABUSUniquePointerInfo@core@6@XZ 10006c15 f i umodsys_lib_lib3d:umodsys.mod.3d.stdlib.obj
 0001:00005c1b       ?root_get_interface_type@RGeneral@object_camera@stdlib@lib3d@modules@UModSys@@UBEPBUSUniquePointerInfo@core@6@XZ 10006c1b f i umodsys_lib_lib3d:umodsys.mod.3d.stdlib.obj
 0001:00005c21       ?root_get_other_interface@RGeneral@object_camera@stdlib@lib3d@modules@UModSys@@UAEPAUIRoot@core@6@PBUSUniquePointerInfo@86@@Z 10006c21 f i umodsys_lib_lib3d:umodsys.mod.3d.stdlib.obj
 0001:00005c21       ?root_get_other_interface@RGeneral@object_camera@stdlib@lib3d@modules@UModSys@@UBEPBUIRoot@core@6@PBUSUniquePointerInfo@86@@Z 10006c21 f i umodsys_lib_lib3d:umodsys.mod.3d.stdlib.obj
 0001:00005c42       ?root_is_interface_supported@RGeneral@object_camera@stdlib@lib3d@modules@UModSys@@UBE_NPBUSUniquePointerInfo@core@6@@Z 10006c42 f i umodsys_lib_lib3d:umodsys.mod.3d.stdlib.obj
 0001:00005c69       ?root_get_interface_info@RVisual@object_camera@stdlib@lib3d@modules@UModSys@@UBEABUSUniquePointerInfo@core@6@XZ 10006c69 f i umodsys_lib_lib3d:umodsys.mod.3d.stdlib.obj
 0001:00005c6f       ?root_get_interface_type@RVisual@object_camera@stdlib@lib3d@modules@UModSys@@UBEPBUSUniquePointerInfo@core@6@XZ 10006c6f f i umodsys_lib_lib3d:umodsys.mod.3d.stdlib.obj
 0001:00005c75       ?root_get_other_interface@RVisual@object_camera@stdlib@lib3d@modules@UModSys@@UAEPAUIRoot@core@6@PBUSUniquePointerInfo@86@@Z 10006c75 f i umodsys_lib_lib3d:umodsys.mod.3d.stdlib.obj
 0001:00005c75       ?root_get_other_interface@RVisual@object_camera@stdlib@lib3d@modules@UModSys@@UBEPBUIRoot@core@6@PBUSUniquePointerInfo@86@@Z 10006c75 f i umodsys_lib_lib3d:umodsys.mod.3d.stdlib.obj
 0001:00005c9e       ?root_is_interface_supported@RVisual@object_camera@stdlib@lib3d@modules@UModSys@@UBE_NPBUSUniquePointerInfo@core@6@@Z 10006c9e f i umodsys_lib_lib3d:umodsys.mod.3d.stdlib.obj
 0001:00005ccd       ?suicide@RVisual@object_primitive@stdlib@lib3d@modules@UModSys@@UAEXXZ 10006ccd f i umodsys_lib_lib3d:umodsys.mod.3d.stdlib.obj
 0001:00005ccd       ?suicide@RVisual@object_camera@stdlib@lib3d@modules@UModSys@@UAEXXZ 10006ccd f i umodsys_lib_lib3d:umodsys.mod.3d.stdlib.obj
 0001:00005d11       ?get_generated_names@RGenerator@stdlib@lib3d@modules@UModSys@@UBEHAAUSUniquePtrList@core@5@@Z 10006d11 f i umodsys_lib_lib3d:umodsys.mod.3d.stdlib.obj
 0001:00005d56       ?get_generated_types@RGenerator@stdlib@lib3d@modules@UModSys@@UBEHAAUSUniquePtrList@core@5@PBUSUniquePointerInfo@75@@Z 10006d56 f i umodsys_lib_lib3d:umodsys.mod.3d.stdlib.obj
 0001:00005dfe       ?generate@RGenerator@stdlib@lib3d@modules@UModSys@@UAE_NAAU?$TRefObject@UIRefObject@core@UModSys@@U?$TRefObjectFunc@UIRefObject@core@UModSys@@@tl@3@@tl@5@PBUSUniquePointerInfo@core@5@ABUSParameters@95@@Z 10006dfe f i umodsys_lib_lib3d:umodsys.mod.3d.stdlib.obj
 0001:00005ea0       ?root_get_interface_info@RGenerator@stdlib@lib3d@modules@UModSys@@UBEABUSUniquePointerInfo@core@5@XZ 10006ea0 f i umodsys_lib_lib3d:umodsys.mod.3d.stdlib.obj
 0001:00005ea6       ?root_get_interface_type@RGenerator@stdlib@lib3d@modules@UModSys@@UBEPBUSUniquePointerInfo@core@5@XZ 10006ea6 f i umodsys_lib_lib3d:umodsys.mod.3d.stdlib.obj
 0001:00005eac       ?root_get_other_interface@RGenerator@stdlib@lib3d@modules@UModSys@@UBEPBUIRoot@core@5@PBUSUniquePointerInfo@75@@Z 10006eac f i umodsys_lib_lib3d:umodsys.mod.3d.stdlib.obj
 0001:00005eac       ?root_get_other_interface@RGenerator@stdlib@lib3d@modules@UModSys@@UAEPAUIRoot@core@5@PBUSUniquePointerInfo@75@@Z 10006eac f i umodsys_lib_lib3d:umodsys.mod.3d.stdlib.obj
 0001:00005ec5       ?root_is_interface_supported@RGenerator@stdlib@lib3d@modules@UModSys@@UBE_NPBUSUniquePointerInfo@core@5@@Z 10006ec5 f i umodsys_lib_lib3d:umodsys.mod.3d.stdlib.obj
 0001:00005ee4       ?get_uid@RGenerator@stdlib@lib3d@modules@UModSys@@UBEPBUSUniquePointerInfo@core@5@XZ 10006ee4 f i umodsys_lib_lib3d:umodsys.mod.3d.stdlib.obj
 0001:00005eea       ?map_3d_to_2d@RRenderDriver3D@SDL_GL@ui@modules@UModSys@@UAE_NAAU?$TVector2@H@math3d@5@ABU?$TVector2@M@75@@Z 10006eea f   umodsys_lib_libui:umodsys.mod.ui.SDL_GL.obj
 0001:00005eea       ?map_2d_to_3d@RRenderDriver3D@SDL_GL@ui@modules@UModSys@@UAE_NAAU?$TVector3@N@math3d@5@ABU?$TVector2@H@75@@Z 10006eea f   umodsys_lib_libui:umodsys.mod.ui.SDL_GL.obj
 0001:00005eea       ?output_attach_3d@RCollector@frames@ui@modules@UModSys@@UAE_NPAUIRenderDriver@lib3d@5@H@Z 10006eea f   umodsys_lib_libui:umodsys.mod.ui.frames.obj
 0001:00005eea       ?map_3d_to_2d@RRenderDriver3D@SDL_GL@ui@modules@UModSys@@UAE_NAAU?$TVector2@H@math3d@5@ABU?$TVector3@N@75@@Z 10006eea f   umodsys_lib_libui:umodsys.mod.ui.SDL_GL.obj
 0001:00005eea       ?set_repeater@RFrame_Common@frames@ui@modules@UModSys@@UAE_NHH@Z 10006eea f   umodsys_lib_libui:umodsys.mod.ui.frames.obj
 0001:00005eea       ?mouse_setposition@RMouseController@SDL_core@ui@modules@UModSys@@UAE_NHH@Z 10006eea f   umodsys_lib_libui:umodsys.mod.ui.SDL_core.obj
 0001:00005eea       ?setup_fixed_cell@RMultiImage2D_SDL_ttf@SDL_GL@ui@modules@UModSys@@UAE_NHH@Z 10006eea f   umodsys_lib_libui:umodsys.mod.ui.SDL_GL.obj
 0001:00005eea       ?on_scene_node_change@RVisualSceneMapper_Direct@stdlib@lib3d@modules@UModSys@@UAE_NPAUIScene@35@PBUISceneNode@35@@Z 10006eea f   umodsys_lib_lib3d:umodsys.mod.3d.stdlib.obj
 0001:00005eea       ?setup_fixed_cell@RMultiImage2D_SDL_ttf@SDL_core@ui@modules@UModSys@@UAE_NHH@Z 10006eea f   umodsys_lib_libui:umodsys.mod.ui.SDL_core.obj
 0001:00005eea       ?set_hint@RMultiImage2D_SDL_ttf@SDL_core@ui@modules@UModSys@@UAE_NPBD0@Z 10006eea f   umodsys_lib_libui:umodsys.mod.ui.SDL_core.obj
 0001:00005eea       ?set_hint@RMultiImage2D_SDL_ttf@SDL_GL@ui@modules@UModSys@@UAE_NPBD0@Z 10006eea f   umodsys_lib_libui:umodsys.mod.ui.SDL_GL.obj
 0001:00005eea       ?set_hint@RMultiImage@stdlib@lib2d@modules@UModSys@@UAE_NPBD0@Z 10006eea f   umodsys_lib_lib2d:umodsys.mod.2d.stdlib.obj
 0001:00005eea       ?key_setrepeat@RKeyboardController@SDL_core@ui@modules@UModSys@@UAE_NMM@Z 10006eea f   umodsys_lib_libui:umodsys.mod.ui.SDL_core.obj
 0001:00005eea       ?setup_setlight@RRenderDriver3D@SDL_GL@ui@modules@UModSys@@UAE_NH_N@Z 10006eea f   umodsys_lib_libui:umodsys.mod.ui.SDL_GL.obj
 0001:00005eea       ?set_parameters@RRenderDriver2D@SDL_core@ui@modules@UModSys@@UAE_NPBDABUSParameters@core@5@@Z 10006eea f   umodsys_lib_libui:umodsys.mod.ui.SDL_core.obj
 0001:00005eea       ?get_cell@RMultiImage2D_SDL_ttf@SDL_GL@ui@modules@UModSys@@UBE_NIAAUSImageCellInfo@lib2d@5@@Z 10006eea f   umodsys_lib_libui:umodsys.mod.ui.SDL_GL.obj
 0001:00005eea       ?get_cell@RMultiImage2D_SDL_ttf@SDL_core@ui@modules@UModSys@@UBE_NIAAUSImageCellInfo@lib2d@5@@Z 10006eea f   umodsys_lib_libui:umodsys.mod.ui.SDL_core.obj
 0001:00005eea       ?get_value@RRenderer@stdlib@lib3d@modules@UModSys@@UBE_NABU?$TString@U?$TSCoreConst@D@su@tl@UModSys@@U?$TComparerBinaryHash@D@234@@tl@5@ABUSPropValueW@core@5@@Z 10006eea f   umodsys_lib_lib3d:umodsys.mod.3d.stdlib.obj
 0001:00005eea       ?set_parameters@RRenderDriver3D@SDL_GL@ui@modules@UModSys@@UAE_NPBDABUSParameters@core@5@@Z 10006eea f   umodsys_lib_libui:umodsys.mod.ui.SDL_GL.obj
 0001:00005eea       ?on_scene_node_remove@RVisualSceneMapper_Direct@stdlib@lib3d@modules@UModSys@@UAE_NPAUIScene@35@PBUISceneNode@35@@Z 10006eea f   umodsys_lib_lib3d:umodsys.mod.3d.stdlib.obj
 0001:00005eea       ?mouse_setposition@RMouseController@SDL_GL@ui@modules@UModSys@@UAE_NHH@Z 10006eea f   umodsys_lib_libui:umodsys.mod.ui.SDL_GL.obj
 0001:00005eea       ?cast_ray_center@RRenderer@stdlib@lib3d@modules@UModSys@@UBE_NABU?$TVector2@H@math3d@5@AAU?$TVector3@N@75@@Z 10006eea f   umodsys_lib_lib3d:umodsys.mod.3d.stdlib.obj
 0001:00005eea       ?on_scene_node_add@RVisualSceneMapper_Direct@stdlib@lib3d@modules@UModSys@@UAE_NPAUIScene@35@PBUISceneNode@35@@Z 10006eea f   umodsys_lib_lib3d:umodsys.mod.3d.stdlib.obj
 0001:00005eea       ?key_setrepeat@RKeyboardController@SDL_GL@ui@modules@UModSys@@UAE_NMM@Z 10006eea f   umodsys_lib_libui:umodsys.mod.ui.SDL_GL.obj
 0001:00005eea       ?set_value@RRenderer@stdlib@lib3d@modules@UModSys@@UAE_NABU?$TString@U?$TSCoreConst@D@su@tl@UModSys@@U?$TComparerBinaryHash@D@234@@tl@5@ABUSPropValueR@core@5@@Z 10006eea f   umodsys_lib_lib3d:umodsys.mod.3d.stdlib.obj
 0001:00005eea       ?filter_load@RMediaFilter@images_std@media@modules@UModSys@@UAE_NABUSInfo@IBinObjFilter@libmedia@5@AAU?$TRefObject@UIRefObject@core@UModSys@@U?$TRefObjectFunc@UIRefObject@core@UModSys@@@tl@3@@tl@5@@Z 10006eea f   umodsys_lib_libmedia:umodsys.mod.media.images_std.obj
 0001:00005eef       ?library_get@RRenderer@stdlib@lib3d@modules@UModSys@@UBEPAUISharedLibrary@35@XZ 10006eef f   umodsys_lib_lib3d:umodsys.mod.3d.stdlib.obj
 0001:00005ef3       ?driver_set@RRenderer@stdlib@lib3d@modules@UModSys@@UAE_NPAUIRenderDriver@35@PAUILibrary@libmedia@5@@Z 10006ef3 f   umodsys_lib_lib3d:umodsys.mod.3d.stdlib.obj
 0001:00005f1c       ?texture_alloc@RRenderer@stdlib@lib3d@modules@UModSys@@UAEPAU?$TIResource@UITexture@lib3d@UModSys@@@core@5@PAUSRenderDriverTexBox@35@ABU?$TVector2@H@math3d@5@W4eImageType@lib2d@5@@Z 10006f1c f   umodsys_lib_lib3d:umodsys.mod.3d.stdlib.obj
 0001:00005f1c       ?texture_load@RRenderer@stdlib@lib3d@modules@UModSys@@UAEPAU?$TIResource@UITexture@lib3d@UModSys@@@core@5@ABU?$TString@U?$TSCoreConst@D@su@tl@UModSys@@U?$TComparerBinaryHash@D@234@@tl@5@0H@Z 10006f1c f   umodsys_lib_lib3d:umodsys.mod.3d.stdlib.obj
 0001:00005f1c       ?font_load@RRenderer@stdlib@lib3d@modules@UModSys@@UAEPAU?$TIResource@UITextureCells@lib3d@UModSys@@@core@5@ABU?$TString@U?$TSCoreConst@D@su@tl@UModSys@@U?$TComparerBinaryHash@D@234@@tl@5@0H@Z 10006f1c f   umodsys_lib_lib3d:umodsys.mod.3d.stdlib.obj
 0001:00005f21       ?hints@RRenderer@stdlib@lib3d@modules@UModSys@@UBEABUIPropNamedAdapter@core@5@XZ 10006f21 f   umodsys_lib_lib3d:umodsys.mod.3d.stdlib.obj
 0001:00005f21       ?hints@RRenderer@stdlib@lib3d@modules@UModSys@@UAEAAUIPropNamedAdapter@core@5@XZ 10006f21 f   umodsys_lib_lib3d:umodsys.mod.3d.stdlib.obj
 0001:00005f2c       ?render_begin@RRenderer@stdlib@lib3d@modules@UModSys@@UAE_NXZ 10006f2c f   umodsys_lib_lib3d:umodsys.mod.3d.stdlib.obj
 0001:00005f3e       ?render_3d@RRenderer@stdlib@lib3d@modules@UModSys@@UAE_NPAUIVisualizer@35@H_N@Z 10006f3e f   umodsys_lib_lib3d:umodsys.mod.3d.stdlib.obj
 0001:00005f7a       ?render_2d@RRenderer@stdlib@lib3d@modules@UModSys@@UAE_NPAUIVisualizer@35@@Z 10006f7a f   umodsys_lib_lib3d:umodsys.mod.3d.stdlib.obj
 0001:00005fa7       ?render_extra@RRenderer@stdlib@lib3d@modules@UModSys@@UAE_NABUSRenderState@35@H@Z 10006fa7 f   umodsys_lib_lib3d:umodsys.mod.3d.stdlib.obj
 0001:00006091       ?render_reset@RRenderer@stdlib@lib3d@modules@UModSys@@UAE_NABUSRenderState@35@@Z 10007091 f   umodsys_lib_lib3d:umodsys.mod.3d.stdlib.obj
 0001:000060a9       ?render_end@RRenderer@stdlib@lib3d@modules@UModSys@@UAE_NXZ 100070a9 f   umodsys_lib_lib3d:umodsys.mod.3d.stdlib.obj
 0001:000060bb       ??0RRenderer@stdlib@lib3d@modules@UModSys@@QAE@PAUIModObject@base@4@ABUSParameters@core@4@@Z 100070bb f   umodsys_lib_lib3d:umodsys.mod.3d.stdlib.obj
 0001:00006115       ??_ERRenderer@stdlib@lib3d@modules@UModSys@@UAEPAXI@Z 10007115 f i  CIL library: CIL module
 0001:00006115       ??_GRRenderer@stdlib@lib3d@modules@UModSys@@UAEPAXI@Z 10007115 f i umodsys_lib_lib3d:umodsys.mod.3d.stdlib.obj
 0001:00006182       ?renderer_set@RVisualizerScene@stdlib@lib3d@modules@UModSys@@UAE_NPAUIRenderer@35@@Z 10007182 f   umodsys_lib_lib3d:umodsys.mod.3d.stdlib.obj
 0001:000061c4       ?render_3d@RVisualizerScene@stdlib@lib3d@modules@UModSys@@UAE_NH_NPAUIRenderDriver@35@@Z 100071c4 f   umodsys_lib_lib3d:umodsys.mod.3d.stdlib.obj
 0001:000062af       ?scene_count@RVisualizerScene@stdlib@lib3d@modules@UModSys@@UBEIXZ 100072af f   umodsys_lib_lib3d:umodsys.mod.3d.stdlib.obj
 0001:000062af       ?get_layer_count@RVertexArray@SDL_GL@ui@modules@UModSys@@UBEHXZ 100072af f   umodsys_lib_libui:umodsys.mod.ui.SDL_GL.obj
 0001:000062b3       ?scene_get@RVisualizerScene@stdlib@lib3d@modules@UModSys@@UBE?AUScene@IVisualizerScene@35@I@Z 100072b3 f   umodsys_lib_lib3d:umodsys.mod.3d.stdlib.obj
 0001:000062f9       ??0Scene@IVisualizerScene@lib3d@UModSys@@QAE@ABU0123@@Z 100072f9 f i umodsys_lib_lib3d:umodsys.mod.3d.stdlib.obj
 0001:0000633e       ?scene_index@RVisualizerScene@stdlib@lib3d@modules@UModSys@@UBEIABUScene@IVisualizerScene@35@@Z 1000733e f   umodsys_lib_lib3d:umodsys.mod.3d.stdlib.obj
 0001:00006379       ?scene_add@RVisualizerScene@stdlib@lib3d@modules@UModSys@@UAE_NABUScene@IVisualizerScene@35@@Z 10007379 f   umodsys_lib_lib3d:umodsys.mod.3d.stdlib.obj
 0001:000063e5       ?scene_remove@RVisualizerScene@stdlib@lib3d@modules@UModSys@@UAE_NABUScene@IVisualizerScene@35@@Z 100073e5 f   umodsys_lib_lib3d:umodsys.mod.3d.stdlib.obj
 0001:00006448       ??0RVisualizerScene@stdlib@lib3d@modules@UModSys@@QAE@PAUIModObject@base@4@ABUSParameters@core@4@@Z 10007448 f   umodsys_lib_lib3d:umodsys.mod.3d.stdlib.obj
 0001:000064bc       ??_ERVisualizerScene@stdlib@lib3d@modules@UModSys@@UAEPAXI@Z 100074bc f i  CIL library: CIL module
 0001:000064bc       ??_GRVisualizerScene@stdlib@lib3d@modules@UModSys@@UAEPAXI@Z 100074bc f i umodsys_lib_lib3d:umodsys.mod.3d.stdlib.obj
 0001:000064d9       ??1RVisualizerScene@stdlib@lib3d@modules@UModSys@@UAE@XZ 100074d9 f   umodsys_lib_lib3d:umodsys.mod.3d.stdlib.obj
 0001:0000653f       ??0RVisualSceneMapper_Direct@stdlib@lib3d@modules@UModSys@@QAE@PAUIModObject@base@4@ABUSParameters@core@4@@Z 1000753f f   umodsys_lib_lib3d:umodsys.mod.3d.stdlib.obj
 0001:00006596       ??_ERVisualSceneMapper_Direct@stdlib@lib3d@modules@UModSys@@UAEPAXI@Z 10007596 f i  CIL library: CIL module
 0001:00006596       ??_GRVisualSceneMapper_Direct@stdlib@lib3d@modules@UModSys@@UAEPAXI@Z 10007596 f i umodsys_lib_lib3d:umodsys.mod.3d.stdlib.obj
 0001:000065f3       ?visual_new@RGeneral@object_camera@stdlib@lib3d@modules@UModSys@@UAE?AU?$TRefObject@UIVisualObject@lib3d@UModSys@@U?$TRefObjectFunc@UIVisualObject@lib3d@UModSys@@@tl@3@@tl@6@PAUIRenderer@46@PAUIRenderObject@46@@Z 100075f3 f   umodsys_lib_lib3d:umodsys.mod.3d.stdlib.obj
 0001:00006665       ?render_new@RGeneral@object_camera@stdlib@lib3d@modules@UModSys@@UAE?AU?$TRefObject@UIRenderObject@lib3d@UModSys@@U?$TRefObjectFunc@UIRenderObject@lib3d@UModSys@@@tl@3@@tl@6@PAUIRenderer@46@@Z 10007665 f   umodsys_lib_lib3d:umodsys.mod.3d.stdlib.obj
 0001:00006677       ?get_root@RGeneral@object_primitive@stdlib@lib3d@modules@UModSys@@UAEPAUIGeneralObject@46@XZ 10007677 f   umodsys_lib_lib3d:umodsys.mod.3d.stdlib.obj
 0001:00006677       ?get_root@RGeneral@object_camera@stdlib@lib3d@modules@UModSys@@UAEPAUIGeneralObject@46@XZ 10007677 f   umodsys_lib_lib3d:umodsys.mod.3d.stdlib.obj
 0001:0000667a       ??0RGeneral@object_camera@stdlib@lib3d@modules@UModSys@@QAE@PAUIModObject@base@5@ABUSParameters@core@5@@Z 1000767a f   umodsys_lib_lib3d:umodsys.mod.3d.stdlib.obj
 0001:000067e2       ?controller_update@RFrame_Common@frames@ui@modules@UModSys@@UAE_NXZ 100077e2 f   umodsys_lib_libui:umodsys.mod.ui.frames.obj
 0001:000067e2       ?valid@RVisual@object_camera@stdlib@lib3d@modules@UModSys@@UBE_NXZ 100077e2 f   umodsys_lib_lib3d:umodsys.mod.3d.stdlib.obj
 0001:000067e2       ?valid@RVisual@object_primitive@stdlib@lib3d@modules@UModSys@@UBE_NXZ 100077e2 f   umodsys_lib_lib3d:umodsys.mod.3d.stdlib.obj
 0001:000067e2       ?valid@RGeneral@object_camera@stdlib@lib3d@modules@UModSys@@UBE_NXZ 100077e2 f   umodsys_lib_lib3d:umodsys.mod.3d.stdlib.obj
 0001:000067e2       ?visual_update@RVisual@object_camera@stdlib@lib3d@modules@UModSys@@UAE_NXZ 100077e2 f   umodsys_lib_lib3d:umodsys.mod.3d.stdlib.obj
 0001:000067e2       ?visual_update@RVisual@object_primitive@stdlib@lib3d@modules@UModSys@@UAE_NXZ 100077e2 f   umodsys_lib_lib3d:umodsys.mod.3d.stdlib.obj
 0001:000067e2       ?valid@RGeneral@object_primitive@stdlib@lib3d@modules@UModSys@@UBE_NXZ 100077e2 f   umodsys_lib_lib3d:umodsys.mod.3d.stdlib.obj
 0001:000067e2       ?valid@RRender@object_primitive@stdlib@lib3d@modules@UModSys@@UBE_NXZ 100077e2 f   umodsys_lib_lib3d:umodsys.mod.3d.stdlib.obj
 0001:000067e5       ?render_state@RVisual@object_camera@stdlib@lib3d@modules@UModSys@@UAE_NABUSRenderState@46@@Z 100077e5 f   umodsys_lib_lib3d:umodsys.mod.3d.stdlib.obj
 0001:00006814       ?camera_get_fov@RVisual@object_camera@stdlib@lib3d@modules@UModSys@@UBE?AU?$TVector2@M@math3d@6@XZ 10007814 f   umodsys_lib_lib3d:umodsys.mod.3d.stdlib.obj
 0001:0000682c       ?camera_get_xyz@RVisual@object_camera@stdlib@lib3d@modules@UModSys@@UBE_NPAU?$TVector3@N@math3d@6@00@Z 1000782c f   umodsys_lib_lib3d:umodsys.mod.3d.stdlib.obj
 0001:00006870       ?camera_get_planes@RVisual@object_camera@stdlib@lib3d@modules@UModSys@@UBEHPAU?$TPlane3@N@math3d@6@@Z 10007870 f   umodsys_lib_lib3d:umodsys.mod.3d.stdlib.obj
[...]
 0001:00031fc4       ??__F?s_id@?$TObjectUniqueID@UIConsoleExt@base@UModSys@@@tl@UModSys@@2USUniquePointer@core@3@A@@YAXXZ 10032fc4 f    CIL library: CIL module
 0001:00031fce       ??__F?s_id@?$TObjectUniqueID@UISerializeWriter@libmedia@UModSys@@@tl@UModSys@@2USUniquePointer@core@3@A@@YAXXZ 10032fce f    CIL library: CIL module
 0001:00031fd8       ??__F?s_id@?$TObjectUniqueID@UISerializeReader@libmedia@UModSys@@@tl@UModSys@@2USUniquePointer@core@3@A@@YAXXZ 10032fd8 f    CIL library: CIL module
 0001:00031fe2       ??__F?s_id@?$TObjectUniqueID@UIClient@IBinArchiveFrame@libmedia@UModSys@@@tl@UModSys@@2USUniquePointer@core@3@A@@YAXXZ 10032fe2 f    CIL library: CIL module
 0001:00031fec       ??__F?s_id@?$TObjectUniqueID@UIBinArchiveFrame@libmedia@UModSys@@@tl@UModSys@@2USUniquePointer@core@3@A@@YAXXZ 10032fec f    CIL library: CIL module
 0001:00031ff6       ??__F?s_id@?$TObjectUniqueID@UILibraryLayered@libmedia@UModSys@@@tl@UModSys@@2USUniquePointer@core@3@A@@YAXXZ 10032ff6 f    CIL library: CIL module
 0001:00032000       ??__F?s_id@?$TObjectUniqueID@UILibraryObjCache@libmedia@UModSys@@@tl@UModSys@@2USUniquePointer@core@3@A@@YAXXZ 10033000 f    CIL library: CIL module
 0001:0003200a       ??__F?s_id@?$TObjectUniqueID@UILibraryObjFilter@libmedia@UModSys@@@tl@UModSys@@2USUniquePointer@core@3@A@@YAXXZ 1003300a f    CIL library: CIL module
 0001:00032014       ??__F?s_id@?$TObjectUniqueID@UILibraryBinCache@libmedia@UModSys@@@tl@UModSys@@2USUniquePointer@core@3@A@@YAXXZ 10033014 f    CIL library: CIL module
 0001:0003201e       ??__F?s_id@?$TObjectUniqueID@UILibraryBinTree@libmedia@UModSys@@@tl@UModSys@@2USUniquePointer@core@3@A@@YAXXZ 1003301e f    CIL library: CIL module
 0001:00032028       ??__F?s_id@?$TObjectUniqueID@UILibrary@libmedia@UModSys@@@tl@UModSys@@2USUniquePointer@core@3@A@@YAXXZ 10033028 f    CIL library: CIL module
 0001:00032032       ??__F?s_id@?$TObjectUniqueID@UIBinObjFilter@libmedia@UModSys@@@tl@UModSys@@2USUniquePointer@core@3@A@@YAXXZ 10033032 f    CIL library: CIL module
 0001:0003203c       ??__F?s_id@?$TObjectUniqueID@UIBinArchive@libmedia@UModSys@@@tl@UModSys@@2USUniquePointer@core@3@A@@YAXXZ 1003303c f    CIL library: CIL module
 0001:00032046       ??__F?s_id@?$TObjectUniqueID@UILibObject@libmedia@UModSys@@@tl@UModSys@@2USUniquePointer@core@3@A@@YAXXZ 10033046 f    CIL library: CIL module
 0001:00032050       ??__F?s_id@?$TObjectUniqueID@UIUtilities@libmedia@UModSys@@@tl@UModSys@@2USUniquePointer@core@3@A@@YAXXZ 10033050 f    CIL library: CIL module
 0001:0003205a       ??__F?s_id@?$TObjectUniqueID@UIStreamWriter@libmedia@UModSys@@@tl@UModSys@@2USUniquePointer@core@3@A@@YAXXZ 1003305a f    CIL library: CIL module
 0001:00032064       ??__F?s_id@?$TObjectUniqueID@UIStreamReader@libmedia@UModSys@@@tl@UModSys@@2USUniquePointer@core@3@A@@YAXXZ 10033064 f    CIL library: CIL module
 0001:0003206e       ??__F?s_id@?$TObjectUniqueID@UISystem@base@UModSys@@@tl@UModSys@@2USUniquePointer@core@3@A@@YAXXZ 1003306e f    CIL library: CIL module
 0001:00032078       ??__F?s_id@?$TObjectUniqueID@UIShell@base@UModSys@@@tl@UModSys@@2USUniquePointer@core@3@A@@YAXXZ 10033078 f    CIL library: CIL module
 0001:00032082       ??__F?s_id@?$TObjectUniqueID@UIGenerator@base@UModSys@@@tl@UModSys@@2USUniquePointer@core@3@A@@YAXXZ 10033082 f    CIL library: CIL module
 0001:0003208c       ??__F?s_id@?$TObjectUniqueID@UIModObject@base@UModSys@@@tl@UModSys@@2USUniquePointer@core@3@A@@YAXXZ 1003308c f    CIL library: CIL module
 0001:00032096       ??__F?s_id@?$TObjectUniqueID@UIModuleLibrary@base@UModSys@@@tl@UModSys@@2USUniquePointer@core@3@A@@YAXXZ 10033096 f    CIL library: CIL module
 0001:000320a0       ??__F?s_id@?$TObjectUniqueID@UIModule@base@UModSys@@@tl@UModSys@@2USUniquePointer@core@3@A@@YAXXZ 100330a0 f    CIL library: CIL module
 0001:000320aa       ??__F?s_id@?$TObjectUniqueID@UIConsole@base@UModSys@@@tl@UModSys@@2USUniquePointer@core@3@A@@YAXXZ 100330aa f    CIL library: CIL module
 0001:000320b4       ??__F?s_id@?$TObjectUniqueID@UIParameters@core@UModSys@@@tl@UModSys@@2USUniquePointer@core@3@A@@YAXXZ 100330b4 f    CIL library: CIL module
 0001:000320be       ??__F?s_id@?$TObjectUniqueID@UIRefObject@core@UModSys@@@tl@UModSys@@2USUniquePointer@core@3@A@@YAXXZ 100330be f    CIL library: CIL module
 0001:000320c8       ??__F?s_id@?$TObjectUniqueID@UIRoot@core@UModSys@@@tl@UModSys@@2USUniquePointer@core@3@A@@YAXXZ 100330c8 f    CIL library: CIL module
 0001:000320d2       ??__F?s_id@?$TDataUniqueID@F@tl@UModSys@@2USUniquePointer@core@3@A@@YAXXZ 100330d2 f    CIL library: CIL module
 0001:000320dc       ??__F?s_id@?$TDataUniqueID@M@tl@UModSys@@2USUniquePointer@core@3@A@@YAXXZ 100330dc f    CIL library: CIL module
 0001:000320e6       ??__F?s_id@?$TDataUniqueID@H@tl@UModSys@@2USUniquePointer@core@3@A@@YAXXZ 100330e6 f    CIL library: CIL module
 0001:000320f0       ??__F?s_id@?$TConstUniqueID@W4eConsoleLevels@base@UModSys@@$00@tl@UModSys@@2USUniquePointer@core@3@A@@YAXXZ 100330f0 f    CIL library: CIL module
 0001:000320fa       ??__Fs_dbg@stdlib@lib3d@modules@UModSys@@YAXXZ 100330fa f    CIL library: CIL module
 0001:00032111       ??__F?s_modreg@RModuleReg@stdlib@lib3d@modules@UModSys@@2U12345@A@@YAXXZ 10033111 f    CIL library: CIL module
 0001:0003211c       ??__F?s_modreg_chain@RModuleReg@stdlib@lib3d@modules@UModSys@@2USModuleRegChain@base@5@A@@YAXXZ 1003311c f    CIL library: CIL module
 0001:00032126       ??__F?s_uid@RGenerator@stdlib@lib3d@modules@UModSys@@2USUniquePointer@core@5@A@@YAXXZ 10033126 f    CIL library: CIL module
 0001:00032130       ??__Fh@?1??s_holder@RGenerator@stdlib@lib3d@modules@UModSys@@SAAAU?$TTypeStaticHolder@URGenerator@stdlib@lib3d@modules@UModSys@@@tl@5@XZ@YAXXZ 10033130 f    CIL library: CIL module
 0001:0003214d       ??__F?s_id@?$TObjectUniqueID@URGenerator@stdlib@lib3d@modules@UModSys@@@tl@UModSys@@2USUniquePointer@core@3@A@@YAXXZ 1003314d f    CIL library: CIL module
 0001:00032157       ??__F?s_id@?$TObjectUniqueID@URVisual@object_camera@stdlib@lib3d@modules@UModSys@@@tl@UModSys@@2USUniquePointer@core@3@A@@YAXXZ 10033157 f    CIL library: CIL module
 0001:00032161       ??__F?s_id@?$TObjectUniqueID@URGeneral@object_camera@stdlib@lib3d@modules@UModSys@@@tl@UModSys@@2USUniquePointer@core@3@A@@YAXXZ 10033161 f    CIL library: CIL module
 0001:0003216b       ??__F?s_id@?$TObjectUniqueID@URVisual@object_primitive@stdlib@lib3d@modules@UModSys@@@tl@UModSys@@2USUniquePointer@core@3@A@@YAXXZ 1003316b f    CIL library: CIL module
 0001:00032175       ??__F?s_id@?$TObjectUniqueID@URRender@object_primitive@stdlib@lib3d@modules@UModSys@@@tl@UModSys@@2USUniquePointer@core@3@A@@YAXXZ 10033175 f    CIL library: CIL module
 0001:0003217f       ??__F?s_id@?$TObjectUniqueID@URGeneral@object_primitive@stdlib@lib3d@modules@UModSys@@@tl@UModSys@@2USUniquePointer@core@3@A@@YAXXZ 1003317f f    CIL library: CIL module
 0001:00032189       ??__F?s_id@?$TObjectUniqueID@URVisualSceneMapper_Direct@stdlib@lib3d@modules@UModSys@@@tl@UModSys@@2USUniquePointer@core@3@A@@YAXXZ 10033189 f    CIL library: CIL module
 0001:00032193       ??__F?s_id@?$TObjectUniqueID@URVisualizerScene@stdlib@lib3d@modules@UModSys@@@tl@UModSys@@2USUniquePointer@core@3@A@@YAXXZ 10033193 f    CIL library: CIL module
 0001:0003219d       ??__F?s_id@?$TObjectUniqueID@URRenderer@stdlib@lib3d@modules@UModSys@@@tl@UModSys@@2USUniquePointer@core@3@A@@YAXXZ 1003319d f    CIL library: CIL module
 0001:000321a7       ??__Fs_dbg@stdlib@lib2d@modules@UModSys@@YAXXZ 100331a7 f    CIL library: CIL module
 0001:000321be       ??__F?s_modreg@RModuleReg@stdlib@lib2d@modules@UModSys@@2U12345@A@@YAXXZ 100331be f    CIL library: CIL module
 0001:000321c9       ??__F?s_modreg_chain@RModuleReg@stdlib@lib2d@modules@UModSys@@2USModuleRegChain@base@5@A@@YAXXZ 100331c9 f    CIL library: CIL module
 0001:000321d3       ??__F?s_uid@RGenerator@stdlib@lib2d@modules@UModSys@@2USUniquePointer@core@5@A@@YAXXZ 100331d3 f    CIL library: CIL module
 0001:000321dd       ??__Fh@?1??s_holder@RGenerator@stdlib@lib2d@modules@UModSys@@SAAAU?$TTypeStaticHolder@URGenerator@stdlib@lib2d@modules@UModSys@@@tl@5@XZ@YAXXZ 100331dd f    CIL library: CIL module
 0001:000321fa       ??__F?s_id@?$TObjectUniqueID@URGenerator@stdlib@lib2d@modules@UModSys@@@tl@UModSys@@2USUniquePointer@core@3@A@@YAXXZ 100331fa f    CIL library: CIL module
 0001:00032204       ??__F?s_id@?$TObjectUniqueID@URMultiImage@stdlib@lib2d@modules@UModSys@@@tl@UModSys@@2USUniquePointer@core@3@A@@YAXXZ 10033204 f    CIL library: CIL module
 0001:0003220e       ??__F?s_id@?$TObjectUniqueID@URImageFactory_Memory@stdlib@lib2d@modules@UModSys@@@tl@UModSys@@2USUniquePointer@core@3@A@@YAXXZ 1003320e f    CIL library: CIL module
 0001:00032218       ??__F?s_id@?$TObjectUniqueID@URImage_Memory@stdlib@lib2d@modules@UModSys@@@tl@UModSys@@2USUniquePointer@core@3@A@@YAXXZ 10033218 f    CIL library: CIL module
 0001:00032222       ??__Fs_dbg@SDL_GL@ui@modules@UModSys@@YAXXZ 10033222 f    CIL library: CIL module
 0001:00032239       ??__F?s_modreg@RModuleReg@SDL_GL@ui@modules@UModSys@@2U12345@A@@YAXXZ 10033239 f    CIL library: CIL module
 0001:00032244       ??__F?s_modreg_chain@RModuleReg@SDL_GL@ui@modules@UModSys@@2USModuleRegChain@base@5@A@@YAXXZ 10033244 f    CIL library: CIL module
 0001:0003224e       ??__F?s_uid@RGenerator@SDL_GL@ui@modules@UModSys@@2USUniquePointer@core@5@A@@YAXXZ 1003324e f    CIL library: CIL module
 0001:00032258       ??__Fh@?1??s_holder@RGenerator@SDL_GL@ui@modules@UModSys@@SAAAU?$TTypeStaticHolder@URGenerator@SDL_GL@ui@modules@UModSys@@@tl@5@XZ@YAXXZ 10033258 f    CIL library: CIL module
 0001:00032275       ??__F?s_id@?$TObjectUniqueID@URGenerator@SDL_GL@ui@modules@UModSys@@@tl@UModSys@@2USUniquePointer@core@3@A@@YAXXZ 10033275 f    CIL library: CIL module
 0001:0003227f       ??__F?s_id@?$TObjectUniqueID@URTextureGL@SDL_GL@ui@modules@UModSys@@@tl@UModSys@@2USUniquePointer@core@3@A@@YAXXZ 1003327f f    CIL library: CIL module
 0001:00032289       ??__F?s_id@?$TObjectUniqueID@URVertexArray@SDL_GL@ui@modules@UModSys@@@tl@UModSys@@2USUniquePointer@core@3@A@@YAXXZ 10033289 f    CIL library: CIL module
 0001:00032293       ??__F?s_id@?$TObjectUniqueID@URTerminalX@SDL_GL@ui@modules@UModSys@@@tl@UModSys@@2USUniquePointer@core@3@A@@YAXXZ 10033293 f    CIL library: CIL module
 0001:0003229d       ??__F?s_id@?$TObjectUniqueID@URRenderDriver3D@SDL_GL@ui@modules@UModSys@@@tl@UModSys@@2USUniquePointer@core@3@A@@YAXXZ 1003329d f    CIL library: CIL module
 0001:000322a7       ??__F?s_id@?$TObjectUniqueID@URMultiImage2D_SDL_ttf@SDL_GL@ui@modules@UModSys@@@tl@UModSys@@2USUniquePointer@core@3@A@@YAXXZ 100332a7 f    CIL library: CIL module
 0001:000322b1       ??__F?s_id@?$TObjectUniqueID@URTerminal@SDL_GL@ui@modules@UModSys@@@tl@UModSys@@2USUniquePointer@core@3@A@@YAXXZ 100332b1 f    CIL library: CIL module
 0001:000322bb       ??__F?s_id@?$TObjectUniqueID@URMouseController@SDL_GL@ui@modules@UModSys@@@tl@UModSys@@2USUniquePointer@core@3@A@@YAXXZ 100332bb f    CIL library: CIL module
 0001:000322c5       ??__F?s_id@?$TObjectUniqueID@URKeyboardController@SDL_GL@ui@modules@UModSys@@@tl@UModSys@@2USUniquePointer@core@3@A@@YAXXZ 100332c5 f    CIL library: CIL module
 0001:000322cf       ??__Fs_dbg@SDL_core@ui@modules@UModSys@@YAXXZ 100332cf f    CIL library: CIL module
 0001:000322e6       ??__F?s_modreg@RModuleReg@SDL_core@ui@modules@UModSys@@2U12345@A@@YAXXZ 100332e6 f    CIL library: CIL module
 0001:000322f1       ??__F?s_modreg_chain@RModuleReg@SDL_core@ui@modules@UModSys@@2USModuleRegChain@base@5@A@@YAXXZ 100332f1 f    CIL library: CIL module
 0001:000322fb       ??__F?s_uid@RGenerator@SDL_core@ui@modules@UModSys@@2USUniquePointer@core@5@A@@YAXXZ 100332fb f    CIL library: CIL module
 0001:00032305       ??__Fh@?1??s_holder@RGenerator@SDL_core@ui@modules@UModSys@@SAAAU?$TTypeStaticHolder@URGenerator@SDL_core@ui@modules@UModSys@@@tl@5@XZ@YAXXZ 10033305 f    CIL library: CIL module
 0001:00032322       ??__F?s_id@?$TObjectUniqueID@URGenerator@SDL_core@ui@modules@UModSys@@@tl@UModSys@@2USUniquePointer@core@3@A@@YAXXZ 10033322 f    CIL library: CIL module
 0001:0003232c       ??__F?s_id@?$TObjectUniqueID@URTerminalX@SDL_core@ui@modules@UModSys@@@tl@UModSys@@2USUniquePointer@core@3@A@@YAXXZ 1003332c f    CIL library: CIL module
 0001:00032336       ??__F?s_id@?$TObjectUniqueID@URRenderDriver2D@SDL_core@ui@modules@UModSys@@@tl@UModSys@@2USUniquePointer@core@3@A@@YAXXZ 10033336 f    CIL library: CIL module
 0001:00032340       ??__F?s_id@?$TObjectUniqueID@URMultiImage2D_SDL_ttf@SDL_core@ui@modules@UModSys@@@tl@UModSys@@2USUniquePointer@core@3@A@@YAXXZ 10033340 f    CIL library: CIL module
 0001:0003234a       ??__F?s_id@?$TObjectUniqueID@URTerminal@SDL_core@ui@modules@UModSys@@@tl@UModSys@@2USUniquePointer@core@3@A@@YAXXZ 1003334a f    CIL library: CIL module
 0001:00032354       ??__F?s_id@?$TObjectUniqueID@URMouseController@SDL_core@ui@modules@UModSys@@@tl@UModSys@@2USUniquePointer@core@3@A@@YAXXZ 10033354 f    CIL library: CIL module
 0001:0003235e       ??__F?s_id@?$TObjectUniqueID@URKeyboardController@SDL_core@ui@modules@UModSys@@@tl@UModSys@@2USUniquePointer@core@3@A@@YAXXZ 1003335e f    CIL library: CIL module
 0001:00032368       ??__Fs_dbg@frames@ui@modules@UModSys@@YAXXZ 10033368 f    CIL library: CIL module
 0001:0003237f       ??__F?s_modreg@RModuleReg@frames@ui@modules@UModSys@@2U12345@A@@YAXXZ 1003337f f    CIL library: CIL module
 0001:0003238a       ??__F?s_modreg_chain@RModuleReg@frames@ui@modules@UModSys@@2USModuleRegChain@base@5@A@@YAXXZ 1003338a f    CIL library: CIL module
 0001:00032394       ??__F?s_uid@RGenerator@frames@ui@modules@UModSys@@2USUniquePointer@core@5@A@@YAXXZ 10033394 f    CIL library: CIL module
 0001:0003239e       ??__Fh@?1??s_holder@RGenerator@frames@ui@modules@UModSys@@SAAAU?$TTypeStaticHolder@URGenerator@frames@ui@modules@UModSys@@@tl@5@XZ@YAXXZ 1003339e f    CIL library: CIL module
 0001:000323bb       ??__F?s_id@?$TObjectUniqueID@URGenerator@frames@ui@modules@UModSys@@@tl@UModSys@@2USUniquePointer@core@3@A@@YAXXZ 100333bb f    CIL library: CIL module
 0001:000323c5       ??__F?s_id@?$TObjectUniqueID@URCollector@frames@ui@modules@UModSys@@@tl@UModSys@@2USUniquePointer@core@3@A@@YAXXZ 100333c5 f    CIL library: CIL module
 0001:000323cf       ??__F?s_id@?$TObjectUniqueID@URFrame_List@frames@ui@modules@UModSys@@@tl@UModSys@@2USUniquePointer@core@3@A@@YAXXZ 100333cf f    CIL library: CIL module
 0001:000323d9       ??__F?s_id@?$TObjectUniqueID@URFrame_Edit@frames@ui@modules@UModSys@@@tl@UModSys@@2USUniquePointer@core@3@A@@YAXXZ 100333d9 f    CIL library: CIL module
 0001:000323e3       ??__F?s_id@?$TObjectUniqueID@URFrame_Button@frames@ui@modules@UModSys@@@tl@UModSys@@2USUniquePointer@core@3@A@@YAXXZ 100333e3 f    CIL library: CIL module
 0001:000323ed       ??__F?s_id@?$TObjectUniqueID@URFrame_Text@frames@ui@modules@UModSys@@@tl@UModSys@@2USUniquePointer@core@3@A@@YAXXZ 100333ed f    CIL library: CIL module
 0001:000323f7       ??__F?s_id@?$TObjectUniqueID@URFrame_Image@frames@ui@modules@UModSys@@@tl@UModSys@@2USUniquePointer@core@3@A@@YAXXZ 100333f7 f    CIL library: CIL module
 0001:00032401       ??__F?s_id@?$TObjectUniqueID@URFrame_Frame@frames@ui@modules@UModSys@@@tl@UModSys@@2USUniquePointer@core@3@A@@YAXXZ 10033401 f    CIL library: CIL module
 0001:0003240b       ??__F?s_id@?$TObjectUniqueID@URDialog@frames@ui@modules@UModSys@@@tl@UModSys@@2USUniquePointer@core@3@A@@YAXXZ 1003340b f    CIL library: CIL module
 0001:00032415       ??__F?s_id@?$TObjectUniqueID@URFrame_Common@frames@ui@modules@UModSys@@@tl@UModSys@@2USUniquePointer@core@3@A@@YAXXZ 10033415 f    CIL library: CIL module
 0001:0003241f       ??__Fs_dbg@images_std@media@modules@UModSys@@YAXXZ 1003341f f    CIL library: CIL module
 0001:00032436       ??__F?s_modreg@RModuleReg@images_std@media@modules@UModSys@@2U12345@A@@YAXXZ 10033436 f    CIL library: CIL module
 0001:00032441       ??__F?s_modreg_chain@RModuleReg@images_std@media@modules@UModSys@@2USModuleRegChain@base@5@A@@YAXXZ 10033441 f    CIL library: CIL module
 0001:0003244b       ??__F?s_uid@RGenerator@images_std@media@modules@UModSys@@2USUniquePointer@core@5@A@@YAXXZ 1003344b f    CIL library: CIL module
 0001:00032455       ??__Fh@?1??s_holder@RGenerator@images_std@media@modules@UModSys@@SAAAU?$TTypeStaticHolder@URGenerator@images_std@media@modules@UModSys@@@tl@5@XZ@YAXXZ 10033455 f    CIL library: CIL module
 0001:00032472       ??__F?s_id@?$TObjectUniqueID@URGenerator@images_std@media@modules@UModSys@@@tl@UModSys@@2USUniquePointer@core@3@A@@YAXXZ 10033472 f    CIL library: CIL module
 0001:0003247c       ??__F?s_id@?$TObjectUniqueID@URMediaFilter@images_std@media@modules@UModSys@@@tl@UModSys@@2USUniquePointer@core@3@A@@YAXXZ 1003347c f    CIL library: CIL module
 0001:00032486       ??__Fs_dbg@serialize_json@media@modules@UModSys@@YAXXZ 10033486 f    CIL library: CIL module
 0001:0003249d       ??__F?s_modreg@RModuleReg@serialize_json@media@modules@UModSys@@2U12345@A@@YAXXZ 1003349d f    CIL library: CIL module
 0001:000324a8       ??__F?s_modreg_chain@RModuleReg@serialize_json@media@modules@UModSys@@2USModuleRegChain@base@5@A@@YAXXZ 100334a8 f    CIL library: CIL module
 0001:000324b2       ??__F?s_uid@RGenerator@serialize_json@media@modules@UModSys@@2USUniquePointer@core@5@A@@YAXXZ 100334b2 f    CIL library: CIL module
 0001:000324bc       ??__Fh@?1??s_holder@RGenerator@serialize_json@media@modules@UModSys@@SAAAU?$TTypeStaticHolder@URGenerator@serialize_json@media@modules@UModSys@@@tl@5@XZ@YAXXZ 100334bc f    CIL library: CIL module
 0001:000324d9       ??__F?s_id@?$TObjectUniqueID@URGenerator@serialize_json@media@modules@UModSys@@@tl@UModSys@@2USUniquePointer@core@3@A@@YAXXZ 100334d9 f    CIL library: CIL module
 0001:000324e3       ??__F?s_id@?$TObjectUniqueID@URSerializeWriter@serialize_json@media@modules@UModSys@@@tl@UModSys@@2USUniquePointer@core@3@A@@YAXXZ 100334e3 f    CIL library: CIL module
 0001:000324ed       ??__F?s_id@?$TObjectUniqueID@URSerializeReader@serialize_json@media@modules@UModSys@@@tl@UModSys@@2USUniquePointer@core@3@A@@YAXXZ 100334ed f    CIL library: CIL module
 0001:000324f7       ??__Fs_dbg@zlib@media@modules@UModSys@@YAXXZ 100334f7 f    CIL library: CIL module
 0001:0003250e       ??__F?s_modreg@RModuleReg@zlib@media@modules@UModSys@@2U12345@A@@YAXXZ 1003350e f    CIL library: CIL module
 0001:00032519       ??__F?s_modreg_chain@RModuleReg@zlib@media@modules@UModSys@@2USModuleRegChain@base@5@A@@YAXXZ 10033519 f    CIL library: CIL module
 0001:00032523       ??__F?s_uid@RGenerator@zlib@media@modules@UModSys@@2USUniquePointer@core@5@A@@YAXXZ 10033523 f    CIL library: CIL module
 0001:0003252d       ??__Fh@?1??s_holder@RGenerator@zlib@media@modules@UModSys@@SAAAU?$TTypeStaticHolder@URGenerator@zlib@media@modules@UModSys@@@tl@5@XZ@YAXXZ 1003352d f    CIL library: CIL module
 0001:0003254a       ??__F?s_id@?$TObjectUniqueID@URGenerator@zlib@media@modules@UModSys@@@tl@UModSys@@2USUniquePointer@core@3@A@@YAXXZ 1003354a f    CIL library: CIL module
 0001:00032554       ??__F?s_id@?$TObjectUniqueID@URBinArchiveFrameClient_ZIP@zlib@media@modules@UModSys@@@tl@UModSys@@2USUniquePointer@core@3@A@@YAXXZ 10033554 f    CIL library: CIL module
 0001:0003255e       ??__FM@UModSys@@YAXXZ      1003355e f    CIL library: CIL module
 0001:0003255f       ??__F?root@SModuleRegChain@base@UModSys@@2U123@A@@YAXXZ 1003355f f    CIL library: CIL module
 0001:00032569       ??__F?s_library@RModuleLibraryReg_Chain@base@UModSys@@2U123@A@@YAXXZ 10033569 f    CIL library: CIL module
 0001:00032574       ??__F?root@SUniquePointer@core@UModSys@@2U123@A@@YAXXZ 10033574 f    CIL library: CIL module

 Exports

  ordinal    name

        1    _UModSys_Plugin_Entry2@0
