 plugin_test1

 Timestamp is 52b2f612 (Thu Dec 19 16:35:14 2013)

 Preferred load address is 10000000

 Start         Length     Name                   Class
 0001:00000000 00012b4aH .text                   CODE
 0001:00012b4a 000007d4H .text$x                 CODE
 0001:0001331e 00000d56H .text$yc                CODE
 0001:00014074 000004b2H .text$yd                CODE
 0002:00000000 000001f0H .idata$5                DATA
 0002:000001f0 00000004H .CRT$XCA                DATA
 0002:000001f4 000008c8H .CRT$XCU                DATA
 0002:00000abc 00000004H .CRT$XCZ                DATA
 0002:00000ac0 00000004H .CRT$XIA                DATA
 0002:00000ac4 00000004H .CRT$XIAA               DATA
 0002:00000ac8 00000004H .CRT$XIC                DATA
 0002:00000acc 00000004H .CRT$XIZ                DATA
 0002:00000ad0 00002368H .rdata                  DATA
 0002:00002e38 0000193cH .rdata$r                DATA
 0002:00004780 000000dcH .rdata$sxdata           DATA
 0002:0000485c 00000004H .rtc$IAA                DATA
 0002:00004860 00000004H .rtc$IZZ                DATA
 0002:00004864 00000004H .rtc$TAA                DATA
 0002:00004868 00000004H .rtc$TZZ                DATA
 0002:00004870 00000cc4H .xdata$x                DATA
 0002:00005534 00000078H .idata$2                DATA
 0002:000055ac 00000014H .idata$3                DATA
 0002:000055c0 000001f0H .idata$4                DATA
 0002:000057b0 000008e6H .idata$6                DATA
 0002:000060a0 0000005cH .edata                  DATA
 0003:00000000 00000ff0H .data                   DATA
 0003:00000ff0 0000162cH .bss                    DATA

  Address         Publics by Value              Rva+Base       Lib:Object

 0000:00000000       __except_list              00000000     <absolute>
 0000:00000037       ___safe_se_handler_count   00000037     <absolute>
 0000:00009876       __ldused                   00009876     <absolute>
 0000:00009876       __fltused                  00009876     <absolute>
 0000:00000000       ___ImageBase               10000000     <linker-defined>
 0001:00000000       ?new_data@SMemorySharedData@core@UModSys@@SAPAU123@IPBUSSourceContext@23@@Z 10001000 f i plugin_test1.obj
 0001:00000024       ?link@SCMemShared@core@UModSys@@QAE_NPAUSMemorySharedData@23@PAUSSourceContext@23@@Z 10001024 f i plugin_test1.obj
 0001:00000024       ?link@SMemShared@core@UModSys@@QAE_NPAUSMemorySharedData@23@PAUSSourceContext@23@@Z 10001024 f i plugin_test1.obj
 0001:00000049       ??6SUniquePtrList@core@UModSys@@QAEAAU012@PBUSUniquePointerInfo@12@@Z 10001049 f i plugin_test1.obj
 0001:0000007a       ??3IRoot@core@UModSys@@SAXPAXABUSIMemAlloc@12@@Z 1000107a f i plugin_test1.obj
 0001:00000093       ?_root_get_other_interface@IRefObject@core@UModSys@@IAEPAUIRoot@23@PBUSUniquePointerInfo@23@@Z 10001093 f i plugin_test1.obj
 0001:00000093       ?_root_get_other_interface@IRefObject@core@UModSys@@IBEPBUIRoot@23@PBUSUniquePointerInfo@23@@Z 10001093 f i plugin_test1.obj
 0001:000000b4       ?_root_get_interface_types@IRefObject@core@UModSys@@SAIAAUSUniquePtrList@23@@Z 100010b4 f i plugin_test1.obj
 0001:000000d4       ?_root_is_interface_supported@IRefObject@core@UModSys@@SA_NPBUSUniquePointerInfo@23@@Z 100010d4 f i plugin_test1.obj
 0001:000000eb       ??$slen@D@su@tl@UModSys@@YAIPBD@Z 100010eb f i plugin_test1.obj
 0001:00000104       ??$seq@D@su@tl@UModSys@@YA_NPBD0@Z 10001104 f i plugin_test1.obj
 0001:00000131       ?_root_get_other_interface@IGenerator@base@UModSys@@IAEPAUIRoot@core@3@PBUSUniquePointerInfo@53@@Z 10001131 f i plugin_test1.obj
 0001:00000131       ?_root_get_other_interface@IGenerator@base@UModSys@@IBEPBUIRoot@core@3@PBUSUniquePointerInfo@53@@Z 10001131 f i plugin_test1.obj
 0001:0000014d       ?_root_is_interface_supported@IGenerator@base@UModSys@@SA_NPBUSUniquePointerInfo@core@3@@Z 1000114d f i plugin_test1.obj
 0001:0000016d       ??4SFileInfo@libmedia@UModSys@@QAEABU012@ABU012@@Z 1000116d f i plugin_test1.obj
 0001:000001c6       ?_root_is_interface_supported@IBinObjFilter@libmedia@UModSys@@SA_NPBUSUniquePointerInfo@core@3@@Z 100011c6 f i plugin_test1.obj
 0001:000001e6       ?obj_load@ILibrary@libmedia@UModSys@@QAE_NABU?$TString@U?$TSCoreConst@D@su@tl@UModSys@@U?$TComparerBinaryHash@D@234@@tl@3@PAUIRefObject@core@3@0PBUSParameters@73@ABU?$TFlags4State@USMediaFlagUid@libmedia@UModSys@@I@53@@Z 100011e6 f i plugin_test1.obj
 0001:00000230       ?mount_add@ILibraryBinTree@libmedia@UModSys@@QAE_NABU?$TString@U?$TSCoreConst@D@su@tl@UModSys@@U?$TComparerBinaryHash@D@234@@tl@3@PAUIBinArchive@23@H@Z 10001230 f i plugin_test1.obj
 0001:0000029e       ?mount_add@ILibraryBinTree@libmedia@UModSys@@QAE_NABU?$TString@U?$TSCoreConst@D@su@tl@UModSys@@U?$TComparerBinaryHash@D@234@@tl@3@HPAUIBinArchive@23@H@Z 1000129e f i plugin_test1.obj
 0001:0000030f       ?layer_push@ILibraryLayered@libmedia@UModSys@@QAE_NPAUILibrary@23@HABU?$TString@U?$TSCoreConst@D@su@tl@UModSys@@U?$TComparerBinaryHash@D@234@@tl@3@@Z 1000130f f i plugin_test1.obj
 0001:00000377       ??1SPoint@ILibraryBinTree@libmedia@UModSys@@QAE@XZ 10001377 f i plugin_test1.obj
 0001:00000377       ??1SLayer@ILibraryLayered@libmedia@UModSys@@QAE@XZ 10001377 f i plugin_test1.obj
 0001:00000388       ?render_text@IRenderDriver@lib2d@UModSys@@QAE_NABU?$TVector2@H@math3d@3@PBHHPBU?$TVector2@M@53@@Z 10001388 f i plugin_test1.obj
 0001:000003b6       ??1IBinObjFilter@libmedia@UModSys@@UAE@XZ 100013b6 f i plugin_test1.obj
 0001:000003bb       ??1ILibObject@libmedia@UModSys@@UAE@XZ 100013bb f i plugin_test1.obj
 0001:000003f2       ?root_get_interface_info@RTest1_Shell@test1@test@modules@UModSys@@UBEABUSUniquePointerInfo@core@5@XZ 100013f2 f i plugin_test1.obj
 0001:000003f8       ?root_get_interface_type@RTest1_Shell@test1@test@modules@UModSys@@UBEPBUSUniquePointerInfo@core@5@XZ 100013f8 f i plugin_test1.obj
 0001:000003fe       ?root_get_other_interface@RTest1_Shell@test1@test@modules@UModSys@@UAEPAUIRoot@core@5@PBUSUniquePointerInfo@75@@Z 100013fe f i plugin_test1.obj
 0001:000003fe       ?root_get_other_interface@RTest1_Shell@test1@test@modules@UModSys@@UBEPBUIRoot@core@5@PBUSUniquePointerInfo@75@@Z 100013fe f i plugin_test1.obj
 0001:0000041f       ?root_is_interface_supported@RTest1_Shell@test1@test@modules@UModSys@@UBE_NPBUSUniquePointerInfo@core@5@@Z 1000141f f i plugin_test1.obj
 0001:00000446       ?ref_add@RTest1_Shell@test1@test@modules@UModSys@@UBEXXZ 10001446 f i plugin_test1.obj
 0001:0000044a       ?ref_remove@RTest1_Shell@test1@test@modules@UModSys@@UBEXXZ 1000144a f i plugin_test1.obj
 0001:00000455       ?ref_weak@RTest1_Shell@test1@test@modules@UModSys@@UBE_NAAUWeakPointer@IRefObject@core@5@@Z 10001455 f i plugin_test1.obj
 0001:00000474       ?suicide@RTest1_Shell@test1@test@modules@UModSys@@UAEXXZ 10001474 f i plugin_test1.obj
 0001:000004b1       ??0RTest1_Shell@test1@test@modules@UModSys@@QAE@PAUIModObject@base@4@@Z 100014b1 f i plugin_test1.obj
 0001:000005b9       ??1RTest1_Shell@test1@test@modules@UModSys@@UAE@XZ 100015b9 f i plugin_test1.obj
 0001:00000641       ?connect@RTest1_Shell@test1@test@modules@UModSys@@UAE_NXZ 10001641 f i plugin_test1.obj
 0001:00000659       ?disconnect@RTest1_Shell@test1@test@modules@UModSys@@UAE_NXZ 10001659 f i plugin_test1.obj
 0001:00000671       ?process_tick@RTest1_Shell@test1@test@modules@UModSys@@UAE_NABUSTimeMsec@core@5@@Z 10001671 f i plugin_test1.obj
 0001:0000069c       ?process_command@RTest1_Shell@test1@test@modules@UModSys@@UAE_NHQBU?$TString@U?$TSCoreConst@D@su@tl@UModSys@@U?$TComparerBinaryHash@D@234@@tl@5@@Z 1000169c f i plugin_test1.obj
 0001:000006ba       ??_ERTest1_Shell@test1@test@modules@UModSys@@UAEPAXI@Z 100016ba f i  CIL library: CIL module
 0001:000006ba       ??_GRTest1_Shell@test1@test@modules@UModSys@@UAEPAXI@Z 100016ba f i plugin_test1.obj
 0001:000006d7       ??1IClient@IBinArchiveFrame@libmedia@UModSys@@UAE@XZ 100016d7 f i umodsys_lib_libmedia:umodsys.mod.media.zlib.obj
 0001:000006d7       ??1IImage@lib2d@UModSys@@UAE@XZ 100016d7 f i umodsys_lib_lib2d:umodsys.mod.2d.stdlib.obj
 0001:000006d7       ??1IKeyboardController@libui@UModSys@@UAE@XZ 100016d7 f i umodsys_lib_libui:umodsys.mod.ui.SDL_core.obj
 0001:000006d7       ??1IMultiImage@lib2d@UModSys@@UAE@XZ 100016d7 f i umodsys_lib_libui:umodsys.mod.ui.SDL_core.obj
 0001:000006d7       ??1IFrame@libui@UModSys@@UAE@XZ 100016d7 f i umodsys_lib_libui:umodsys.mod.ui.frames.obj
 0001:000006d7       ??1IMouseController@libui@UModSys@@UAE@XZ 100016d7 f i umodsys_lib_libui:umodsys.mod.ui.SDL_core.obj
 0001:000006d7       ??1ISerializeWriter@libmedia@UModSys@@UAE@XZ 100016d7 f i umodsys_lib_libmedia:umodsys.mod.media.serialize_json.obj
 0001:000006d7       ??1IRenderDriver@lib2d@UModSys@@UAE@XZ 100016d7 f i umodsys_lib_libui:umodsys.mod.ui.SDL_core.obj
 0001:000006d7       ??1IDialog@libui@UModSys@@UAE@XZ 100016d7 f i umodsys_lib_libui:umodsys.mod.ui.frames.obj
 0001:000006d7       ??1ICollector@libui@UModSys@@UAE@XZ 100016d7 f i umodsys_lib_libui:umodsys.mod.ui.frames.obj
 0001:000006d7       ??1ISerializeReader@libmedia@UModSys@@UAE@XZ 100016d7 f i umodsys_lib_libmedia:umodsys.mod.media.serialize_json.obj
 0001:000006d7       ??1ITerminal@libui@UModSys@@UAE@XZ 100016d7 f i umodsys_lib_libui:umodsys.mod.ui.SDL_core.obj
 0001:000006d7       ??1IShell@base@UModSys@@UAE@XZ 100016d7 f i plugin_test1.obj
 0001:000006d7       ??1IRefObject@core@UModSys@@UAE@XZ 100016d7 f i umodsys_lib_core:umodsys.core.objects.obj
 0001:000006de       ?new_mem_image@RTest1_Shell@test1@test@modules@UModSys@@QAE?AU?$TRefObject@UIImage@lib2d@UModSys@@U?$TRefObjectFunc@UIImage@lib2d@UModSys@@@tl@3@@tl@5@XZ 100016de f   plugin_test1.obj
 0001:00000756       ??1SParameters@core@UModSys@@QAE@XZ 10001756 f i plugin_test1.obj
 0001:00000756       ??1?$TParametersA@$0EAA@@core@UModSys@@QAE@XZ 10001756 f i plugin_test1.obj
 0001:00000756       ??1?$TParametersA@$0BAA@@core@UModSys@@QAE@XZ 10001756 f i umodsys_lib_libui:umodsys.mod.ui.SDL_core.obj
 0001:00000763       ?media_arch_stdio@RTest1_Shell@test1@test@modules@UModSys@@QAE?AU?$TRefObject@UIBinArchive@libmedia@UModSys@@U?$TRefObjectFunc@UIBinArchive@libmedia@UModSys@@@tl@3@@tl@5@ABU?$TString@U?$TSCoreConst@D@su@tl@UModSys@@U?$TComparerBinaryHash@D@234@@75@@Z 10001763 f   plugin_test1.obj
 0001:000007fa       ?media_arch_zip@RTest1_Shell@test1@test@modules@UModSys@@QAE?AU?$TRefObject@UIBinArchive@libmedia@UModSys@@U?$TRefObjectFunc@UIBinArchive@libmedia@UModSys@@@tl@3@@tl@5@PAUILibrary@libmedia@5@PAUIUtilities@95@ABU?$TString@U?$TSCoreConst@D@su@tl@UModSys@@U?$TComparerBinaryHash@D@234@@75@_N@Z 100017fa f   plugin_test1.obj
 0001:000009e3       ?media_filter_new@RTest1_Shell@test1@test@modules@UModSys@@QAE?AU?$TRefObject@UIBinObjFilter@libmedia@UModSys@@U?$TRefObjectFunc@UIBinObjFilter@libmedia@UModSys@@@tl@3@@tl@5@ABU?$TString@U?$TSCoreConst@D@su@tl@UModSys@@U?$TComparerBinaryHash@D@234@@75@ABUSParameters@core@5@@Z 100019e3 f   plugin_test1.obj
 0001:00000a57       ?media_utils@RTest1_Shell@test1@test@modules@UModSys@@QAE?AU?$TRefObject@UIUtilities@libmedia@UModSys@@U?$TRefObjectFunc@UIUtilities@libmedia@UModSys@@@tl@3@@tl@5@XZ 10001a57 f   plugin_test1.obj
 0001:00000acf       ?media_vfs@RTest1_Shell@test1@test@modules@UModSys@@QAE?AU?$TRefObject@UILibraryBinTree@libmedia@UModSys@@U?$TRefObjectFunc@UILibraryBinTree@libmedia@UModSys@@@tl@3@@tl@5@XZ 10001acf f   plugin_test1.obj
 0001:00000b47       ?media_flt@RTest1_Shell@test1@test@modules@UModSys@@QAE?AU?$TRefObject@UILibraryObjFilter@libmedia@UModSys@@U?$TRefObjectFunc@UILibraryObjFilter@libmedia@UModSys@@@tl@3@@tl@5@XZ 10001b47 f   plugin_test1.obj
 0001:00000bbf       ?media_lay@RTest1_Shell@test1@test@modules@UModSys@@QAE?AU?$TRefObject@UILibraryLayered@libmedia@UModSys@@U?$TRefObjectFunc@UILibraryLayered@libmedia@UModSys@@@tl@3@@tl@5@XZ 10001bbf f   plugin_test1.obj
 0001:00000c37       ?media_cache@RTest1_Shell@test1@test@modules@UModSys@@QAE?AU?$TRefObject@UILibrary@libmedia@UModSys@@U?$TRefObjectFunc@UILibrary@libmedia@UModSys@@@tl@3@@tl@5@_N@Z 10001c37 f   plugin_test1.obj
 0001:00000d12       ?file_test7@RTest1_Shell@test1@test@modules@UModSys@@QAEXXZ 10001d12 f   plugin_test1.obj
 0001:000011dd       ?key_pressed@RTest1_Shell@test1@test@modules@UModSys@@UAE_NABUSKeyboardInputRaw@libui@5@@Z 100021dd f   plugin_test1.obj
 0001:0000121e       ?key_text@RTest1_Shell@test1@test@modules@UModSys@@UAE_NABUSKeyboardInputText@libui@5@@Z 1000221e f   plugin_test1.obj
 0001:00001256       ?mouse_event@RTest1_Shell@test1@test@modules@UModSys@@UAE_NABUSMouseInput@libui@5@@Z 10002256 f   plugin_test1.obj
 0001:000012c3       ?command@RTest1_Shell@test1@test@modules@UModSys@@UAE_NABUSController@libui@5@HABUSFrameDataIn@75@@Z 100022c3 f   plugin_test1.obj
 0001:000012fe       ?db_get@RTest1_Shell@test1@test@modules@UModSys@@UAE_NABUSController@libui@5@QBDABUSFrameDataOut@75@@Z 100022fe f   plugin_test1.obj
 0001:00001353       ?db_get@RTest1_Shell@test1@test@modules@UModSys@@UAE_NABUSController@libui@5@QBDHABUSFrameDataOut@75@@Z 10002353 f   plugin_test1.obj
 0001:000013a8       ?get_generated_names@RGenerator@test1@test@modules@UModSys@@UBEHAAUSUniquePtrList@core@5@@Z 100023a8 f i plugin_test1.obj
 0001:000013c1       ?get_generated_types@RGenerator@test1@test@modules@UModSys@@UBEHAAUSUniquePtrList@core@5@PBUSUniquePointerInfo@75@@Z 100023c1 f i plugin_test1.obj
 0001:000013f5       ?generate@RGenerator@test1@test@modules@UModSys@@UAE_NAAU?$TRefObject@UIRefObject@core@UModSys@@U?$TRefObjectFunc@UIRefObject@core@UModSys@@@tl@3@@tl@5@PBUSUniquePointerInfo@core@5@ABUSParameters@95@@Z 100023f5 f i plugin_test1.obj
 0001:00001477       ?root_get_interface_info@RGenerator@test1@test@modules@UModSys@@UBEABUSUniquePointerInfo@core@5@XZ 10002477 f i plugin_test1.obj
 0001:0000147d       ?root_get_interface_type@RGenerator@test1@test@modules@UModSys@@UBEPBUSUniquePointerInfo@core@5@XZ 1000247d f i plugin_test1.obj
 0001:00001483       ?root_get_other_interface@RGenerator@test1@test@modules@UModSys@@UBEPBUIRoot@core@5@PBUSUniquePointerInfo@75@@Z 10002483 f i plugin_test1.obj
 0001:00001483       ?root_get_other_interface@RGenerator@test1@test@modules@UModSys@@UAEPAUIRoot@core@5@PBUSUniquePointerInfo@75@@Z 10002483 f i plugin_test1.obj
 0001:0000149c       ?root_is_interface_supported@RGenerator@test1@test@modules@UModSys@@UBE_NPBUSUniquePointerInfo@core@5@@Z 1000249c f i plugin_test1.obj
 0001:000014bb       ?get_uid@RGenerator@test1@test@modules@UModSys@@UBEPBUSUniquePointerInfo@core@5@XZ 100024bb f i plugin_test1.obj
 0001:000014c1       ?do_open@RModuleReg@test1@test@modules@UModSys@@UAE_NXZ 100024c1 f i plugin_test1.obj
 0001:0000151f       ?do_close@RModuleReg@test1@test@modules@UModSys@@UAE_NXZ 1000251f f i plugin_test1.obj
 0001:0000156e       ?get_module@RGenerator@test1@test@modules@UModSys@@UBEPAUIModule@base@5@XZ 1000256e f   plugin_test1.obj
 0001:00001574       ?mod_inc@RGenerator@test1@test@modules@UModSys@@UBE_NXZ 10002574 f   plugin_test1.obj
 0001:0000157f       ?mod_dec@RGenerator@test1@test@modules@UModSys@@UBE_NXZ 1000257f f   plugin_test1.obj
 0001:0000158a       ?s_holder@RGenerator@test1@test@modules@UModSys@@SAAAU?$TTypeStaticHolder@URGenerator@test1@test@modules@UModSys@@@tl@5@XZ 1000258a f   plugin_test1.obj
 0001:000015bc       ??0?$TString@U?$TSCoreConst@D@su@tl@UModSys@@U?$TComparerBinaryHash@D@234@@tl@UModSys@@QAE@PBD@Z 100025bc f i plugin_test1.obj
 0001:000015e1       ??8?$TString@U?$TSCoreConst@D@su@tl@UModSys@@U?$TComparerBinaryHash@D@234@@tl@UModSys@@QBE_NPBD@Z 100025e1 f i plugin_test1.obj
 0001:00001603       ??4?$TString@U?$TSCoreConst@D@su@tl@UModSys@@U?$TComparerBinaryHash@D@234@@tl@UModSys@@QAEABU012@PBD@Z 10002603 f i plugin_test1.obj
 0001:0000161f       ??0?$TString@U?$TSCoreShared@USIMemAlloc@core@UModSys@@D@su@tl@UModSys@@U?$TComparerBinaryHash@D@234@@tl@UModSys@@QAE@XZ 1000261f f i plugin_test1.obj
 0001:00001635       ??4?$TString@U?$TSCoreShared@USIMemAlloc@core@UModSys@@D@su@tl@UModSys@@U?$TComparerBinaryHash@D@234@@tl@UModSys@@QAEABU012@ABU012@@Z 10002635 f i plugin_test1.obj
 0001:00001657       ??0?$TParametersA@$0EAA@@core@UModSys@@QAE@XZ 10002657 f i plugin_test1.obj
 0001:00001686       ??1?$TDynarrayDynamic@USFileInfo@libmedia@UModSys@@U?$TAllocator@USIMemAlloc@core@UModSys@@USCountCalcPower2@23@@tl@3@@tl@UModSys@@QAE@XZ 10002686 f i plugin_test1.obj
 0001:0000168b       ??1?$TRStackSocket@USFileInfo@libmedia@UModSys@@U?$TDynarrayDynamic@USFileInfo@libmedia@UModSys@@U?$TAllocator@USIMemAlloc@core@UModSys@@USCountCalcPower2@23@@tl@3@@tl@3@@tl@UModSys@@QAE@XZ 1000268b f i plugin_test1.obj
 0001:00001692       ?isempty@?$TRStackSocket@USFileInfo@libmedia@UModSys@@U?$TDynarrayDynamic@USFileInfo@libmedia@UModSys@@U?$TAllocator@USIMemAlloc@core@UModSys@@USCountCalcPower2@23@@tl@3@@tl@3@@tl@UModSys@@UBE_NXZ 10002692 f i plugin_test1.obj
 0001:000016a0       ?isfull@?$TRStackSocket@USFileInfo@libmedia@UModSys@@U?$TDynarrayDynamic@USFileInfo@libmedia@UModSys@@U?$TAllocator@USIMemAlloc@core@UModSys@@USCountCalcPower2@23@@tl@3@@tl@3@@tl@UModSys@@UBE_NXZ 100026a0 f i plugin_test1.obj
 0001:000016a0       ?mouse_reset@RMouseController@SDL_core@ui@modules@UModSys@@UAE_NXZ 100026a0 f i umodsys_lib_libui:umodsys.mod.ui.SDL_core.obj
 0001:000016a0       ?key_reset@RKeyboardController@SDL_core@ui@modules@UModSys@@UAE_NXZ 100026a0 f i umodsys_lib_libui:umodsys.mod.ui.SDL_core.obj
 0001:000016a3       ?push@?$TRStackSocket@USFileInfo@libmedia@UModSys@@U?$TDynarrayDynamic@USFileInfo@libmedia@UModSys@@U?$TAllocator@USIMemAlloc@core@UModSys@@USCountCalcPower2@23@@tl@3@@tl@3@@tl@UModSys@@UAE_NABUSFileInfo@libmedia@3@@Z 100026a3 f i plugin_test1.obj
 0001:000016d1       ?pop@?$TRStackSocket@USFileInfo@libmedia@UModSys@@U?$TDynarrayDynamic@USFileInfo@libmedia@UModSys@@U?$TAllocator@USIMemAlloc@core@UModSys@@USCountCalcPower2@23@@tl@3@@tl@3@@tl@UModSys@@UAE_NAAUSFileInfo@libmedia@3@@Z 100026d1 f i plugin_test1.obj
 0001:0000170e       ?update@?$TComparerBinaryHash@D@su@tl@UModSys@@QAEXPBDI@Z 1000270e f i plugin_test1.obj
 0001:00001745       ??1?$TDynarray@U?$TDynarrayHolderDynamic@USFileInfo@libmedia@UModSys@@U?$TAllocator@USIMemAlloc@core@UModSys@@USCountCalcPower2@23@@tl@3@@tl@UModSys@@@tl@UModSys@@QAE@XZ 10002745 f i plugin_test1.obj
 0001:0000178e       ?info_release@?$TSCoreShared@USIMemAlloc@core@UModSys@@D@su@tl@UModSys@@QAEXXZ 1000278e f i plugin_test1.obj
 0001:000017c7       ?info_new@?$TSCoreShared@USIMemAlloc@core@UModSys@@D@su@tl@UModSys@@QAE_NPBDI@Z 100027c7 f i plugin_test1.obj
 0001:0000182b       ?get_null@?$TSCoreShared@USIMemAlloc@core@UModSys@@D@su@tl@UModSys@@SAPAU?$TSharedStringInfo@DUSIMemAlloc@core@UModSys@@@234@XZ 1000282b f i plugin_test1.obj
 0001:00001863       ??$generate_type@UIImage@lib2d@UModSys@@@RTest1_Shell@test1@test@modules@UModSys@@QAE?AU?$TRefObject@UIImage@lib2d@UModSys@@U?$TRefObjectFunc@UIImage@lib2d@UModSys@@@tl@3@@tl@4@ABU?$TString@U?$TSCoreConst@D@su@tl@UModSys@@U?$TComparerBinaryHash@D@234@@64@ABUSParameters@core@4@PBD@Z 10002863 f i plugin_test1.obj
 0001:0000196f       ??$generate_type@UIBinArchive@libmedia@UModSys@@@RTest1_Shell@test1@test@modules@UModSys@@QAE?AU?$TRefObject@UIBinArchive@libmedia@UModSys@@U?$TRefObjectFunc@UIBinArchive@libmedia@UModSys@@@tl@3@@tl@4@ABU?$TString@U?$TSCoreConst@D@su@tl@UModSys@@U?$TComparerBinaryHash@D@234@@64@ABUSParameters@core@4@PBD@Z 1000296f f i plugin_test1.obj
 0001:00001a77       ??$generate_type@UIClient@IBinArchiveFrame@libmedia@UModSys@@@RTest1_Shell@test1@test@modules@UModSys@@QAE?AU?$TRefObject@UIClient@IBinArchiveFrame@libmedia@UModSys@@U?$TRefObjectFunc@UIClient@IBinArchiveFrame@libmedia@UModSys@@@tl@4@@tl@4@ABU?$TString@U?$TSCoreConst@D@su@tl@UModSys@@U?$TComparerBinaryHash@D@234@@64@ABUSParameters@core@4@PBD@Z 10002a77 f i plugin_test1.obj
 0001:00001b83       ??$generate_type@UIBinArchiveFrame@libmedia@UModSys@@@RTest1_Shell@test1@test@modules@UModSys@@QAE?AU?$TRefObject@UIBinArchiveFrame@libmedia@UModSys@@U?$TRefObjectFunc@UIBinArchiveFrame@libmedia@UModSys@@@tl@3@@tl@4@ABU?$TString@U?$TSCoreConst@D@su@tl@UModSys@@U?$TComparerBinaryHash@D@234@@64@ABUSParameters@core@4@PBD@Z 10002b83 f i plugin_test1.obj
 0001:00001c8b       ??$generate_type@UIBinObjFilter@libmedia@UModSys@@@RTest1_Shell@test1@test@modules@UModSys@@QAE?AU?$TRefObject@UIBinObjFilter@libmedia@UModSys@@U?$TRefObjectFunc@UIBinObjFilter@libmedia@UModSys@@@tl@3@@tl@4@ABU?$TString@U?$TSCoreConst@D@su@tl@UModSys@@U?$TComparerBinaryHash@D@234@@64@ABUSParameters@core@4@PBD@Z 10002c8b f i plugin_test1.obj
 0001:00001d97       ??$generate_type@UIUtilities@libmedia@UModSys@@@RTest1_Shell@test1@test@modules@UModSys@@QAE?AU?$TRefObject@UIUtilities@libmedia@UModSys@@U?$TRefObjectFunc@UIUtilities@libmedia@UModSys@@@tl@3@@tl@4@ABU?$TString@U?$TSCoreConst@D@su@tl@UModSys@@U?$TComparerBinaryHash@D@234@@64@ABUSParameters@core@4@PBD@Z 10002d97 f i plugin_test1.obj
 0001:00001ea3       ??$generate_type@UILibraryBinTree@libmedia@UModSys@@@RTest1_Shell@test1@test@modules@UModSys@@QAE?AU?$TRefObject@UILibraryBinTree@libmedia@UModSys@@U?$TRefObjectFunc@UILibraryBinTree@libmedia@UModSys@@@tl@3@@tl@4@ABU?$TString@U?$TSCoreConst@D@su@tl@UModSys@@U?$TComparerBinaryHash@D@234@@64@ABUSParameters@core@4@PBD@Z 10002ea3 f i plugin_test1.obj
 0001:00001faf       ??$generate_type@UILibraryObjFilter@libmedia@UModSys@@@RTest1_Shell@test1@test@modules@UModSys@@QAE?AU?$TRefObject@UILibraryObjFilter@libmedia@UModSys@@U?$TRefObjectFunc@UILibraryObjFilter@libmedia@UModSys@@@tl@3@@tl@4@ABU?$TString@U?$TSCoreConst@D@su@tl@UModSys@@U?$TComparerBinaryHash@D@234@@64@ABUSParameters@core@4@PBD@Z 10002faf f i plugin_test1.obj
 0001:000020bb       ??$generate_type@UILibraryLayered@libmedia@UModSys@@@RTest1_Shell@test1@test@modules@UModSys@@QAE?AU?$TRefObject@UILibraryLayered@libmedia@UModSys@@U?$TRefObjectFunc@UILibraryLayered@libmedia@UModSys@@@tl@3@@tl@4@ABU?$TString@U?$TSCoreConst@D@su@tl@UModSys@@U?$TComparerBinaryHash@D@234@@64@ABUSParameters@core@4@PBD@Z 100030bb f i plugin_test1.obj
 0001:000021c7       ??$generate_type@UILibraryObjCache@libmedia@UModSys@@@RTest1_Shell@test1@test@modules@UModSys@@QAE?AU?$TRefObject@UILibraryObjCache@libmedia@UModSys@@U?$TRefObjectFunc@UILibraryObjCache@libmedia@UModSys@@@tl@3@@tl@4@ABU?$TString@U?$TSCoreConst@D@su@tl@UModSys@@U?$TComparerBinaryHash@D@234@@64@ABUSParameters@core@4@PBD@Z 100031c7 f i plugin_test1.obj
 0001:000022d3       ??$generate_type@UILibraryBinCache@libmedia@UModSys@@@RTest1_Shell@test1@test@modules@UModSys@@QAE?AU?$TRefObject@UILibraryBinCache@libmedia@UModSys@@U?$TRefObjectFunc@UILibraryBinCache@libmedia@UModSys@@@tl@3@@tl@4@ABU?$TString@U?$TSCoreConst@D@su@tl@UModSys@@U?$TComparerBinaryHash@D@234@@64@ABUSParameters@core@4@PBD@Z 100032d3 f i plugin_test1.obj
 0001:000023df       ?ResizeRel@?$TDynarray@U?$TDynarrayHolderDynamic@USFileInfo@libmedia@UModSys@@U?$TAllocator@USIMemAlloc@core@UModSys@@USCountCalcPower2@23@@tl@3@@tl@UModSys@@@tl@UModSys@@QAE_NH@Z 100033df f i plugin_test1.obj
 0001:0000241d       ?ReLink@?$TDynarray@U?$TDynarrayHolderDynamic@USFileInfo@libmedia@UModSys@@U?$TAllocator@USIMemAlloc@core@UModSys@@USCountCalcPower2@23@@tl@3@@tl@UModSys@@@tl@UModSys@@IAE_NI@Z 1000341d f i plugin_test1.obj
 0001:0000245f       ?items_construct@?$TDynarray@U?$TDynarrayHolderDynamic@USFileInfo@libmedia@UModSys@@U?$TAllocator@USIMemAlloc@core@UModSys@@USCountCalcPower2@23@@tl@3@@tl@UModSys@@@tl@UModSys@@IAEXII@Z 1000345f f i plugin_test1.obj
 0001:000024b9       ?items_construct@?$TDynarray@U?$TDynarrayHolderDynamic@USFileInfo@libmedia@UModSys@@U?$TAllocator@USIMemAlloc@core@UModSys@@USCountCalcPower2@23@@tl@3@@tl@UModSys@@@tl@UModSys@@IAEXIIABUSFileInfo@libmedia@3@@Z 100034b9 f i plugin_test1.obj
 0001:00002507       ?items_destruct@?$TDynarray@U?$TDynarrayHolderDynamic@USFileInfo@libmedia@UModSys@@U?$TAllocator@USIMemAlloc@core@UModSys@@USCountCalcPower2@23@@tl@3@@tl@UModSys@@@tl@UModSys@@IAEXII@Z 10003507 f i plugin_test1.obj
 0001:0000254d       ??1?$TRefObject@UIModObject@base@UModSys@@U?$TModObjectFunc@UIModObject@base@UModSys@@@tl@3@@tl@UModSys@@QAE@XZ 1000354d f i plugin_test1.obj
 0001:00002563       ?s_init@?$TModObjectFunc@UIModObject@base@UModSys@@@tl@UModSys@@SAXAAPAUIModObject@base@3@PAU453@@Z 10003563 f i plugin_test1.obj
 0001:0000257c       ??$t_ref_get_other_interface@UIStreamReader@libmedia@UModSys@@U?$TRefObjectFunc@UIStreamReader@libmedia@UModSys@@@tl@3@@IRefObject@core@UModSys@@QAE_NAAU?$TRefObject@UIStreamReader@libmedia@UModSys@@U?$TRefObjectFunc@UIStreamReader@libmedia@UModSys@@@tl@3@@tl@2@@Z 1000357c f i plugin_test1.obj
 0001:000025ab       ??$t_ref_get_other_interface@UIStreamWriter@libmedia@UModSys@@U?$TRefObjectFunc@UIStreamWriter@libmedia@UModSys@@@tl@3@@IRefObject@core@UModSys@@QAE_NAAU?$TRefObject@UIStreamWriter@libmedia@UModSys@@U?$TRefObjectFunc@UIStreamWriter@libmedia@UModSys@@@tl@3@@tl@2@@Z 100035ab f i plugin_test1.obj
 0001:000025da       ??$t_ref_get_other_interface@UIMultiImage@lib2d@UModSys@@U?$TRefObjectFunc@UIMultiImage@lib2d@UModSys@@@tl@3@@IRefObject@core@UModSys@@QAE_NAAU?$TRefObject@UIMultiImage@lib2d@UModSys@@U?$TRefObjectFunc@UIMultiImage@lib2d@UModSys@@@tl@3@@tl@2@@Z 100035da f i plugin_test1.obj
 0001:00002609       ??$t_ref_get_other_interface@UIRenderDriver@lib2d@UModSys@@U?$TRefObjectFunc@UIRenderDriver@lib2d@UModSys@@@tl@3@@IRefObject@core@UModSys@@QAE_NAAU?$TRefObject@UIRenderDriver@lib2d@UModSys@@U?$TRefObjectFunc@UIRenderDriver@lib2d@UModSys@@@tl@3@@tl@2@@Z 10003609 f i plugin_test1.obj
 0001:00002638       ??$t_generate@UIImage@lib2d@UModSys@@@SModuleContext@base@UModSys@@QAE_NAAU?$TRefObject@UIImage@lib2d@UModSys@@U?$TRefObjectFunc@UIImage@lib2d@UModSys@@@tl@3@@tl@2@PBUSUniquePointerInfo@core@2@ABUSParameters@62@@Z 10003638 f i plugin_test1.obj
 0001:000026a9       ??$t_generate@UIBinArchive@libmedia@UModSys@@@SModuleContext@base@UModSys@@QAE_NAAU?$TRefObject@UIBinArchive@libmedia@UModSys@@U?$TRefObjectFunc@UIBinArchive@libmedia@UModSys@@@tl@3@@tl@2@PBUSUniquePointerInfo@core@2@ABUSParameters@62@@Z 100036a9 f i plugin_test1.obj
 0001:00002745       ??$t_generate@UIClient@IBinArchiveFrame@libmedia@UModSys@@@SModuleContext@base@UModSys@@QAE_NAAU?$TRefObject@UIClient@IBinArchiveFrame@libmedia@UModSys@@U?$TRefObjectFunc@UIClient@IBinArchiveFrame@libmedia@UModSys@@@tl@4@@tl@2@PBUSUniquePointerInfo@core@2@ABUSParameters@62@@Z 10003745 f i plugin_test1.obj
 0001:000027e1       ??$t_generate@UIBinArchiveFrame@libmedia@UModSys@@@SModuleContext@base@UModSys@@QAE_NAAU?$TRefObject@UIBinArchiveFrame@libmedia@UModSys@@U?$TRefObjectFunc@UIBinArchiveFrame@libmedia@UModSys@@@tl@3@@tl@2@PBUSUniquePointerInfo@core@2@ABUSParameters@62@@Z 100037e1 f i plugin_test1.obj
 0001:0000287d       ??$t_generate@UIBinObjFilter@libmedia@UModSys@@@SModuleContext@base@UModSys@@QAE_NAAU?$TRefObject@UIBinObjFilter@libmedia@UModSys@@U?$TRefObjectFunc@UIBinObjFilter@libmedia@UModSys@@@tl@3@@tl@2@PBUSUniquePointerInfo@core@2@ABUSParameters@62@@Z 1000387d f i plugin_test1.obj
 0001:00002919       ??$t_generate@UIUtilities@libmedia@UModSys@@@SModuleContext@base@UModSys@@QAE_NAAU?$TRefObject@UIUtilities@libmedia@UModSys@@U?$TRefObjectFunc@UIUtilities@libmedia@UModSys@@@tl@3@@tl@2@PBUSUniquePointerInfo@core@2@ABUSParameters@62@@Z 10003919 f i plugin_test1.obj
 0001:000029b5       ??$t_generate@UILibraryBinTree@libmedia@UModSys@@@SModuleContext@base@UModSys@@QAE_NAAU?$TRefObject@UILibraryBinTree@libmedia@UModSys@@U?$TRefObjectFunc@UILibraryBinTree@libmedia@UModSys@@@tl@3@@tl@2@PBUSUniquePointerInfo@core@2@ABUSParameters@62@@Z 100039b5 f i plugin_test1.obj
 0001:00002a51       ??$t_generate@UILibraryObjFilter@libmedia@UModSys@@@SModuleContext@base@UModSys@@QAE_NAAU?$TRefObject@UILibraryObjFilter@libmedia@UModSys@@U?$TRefObjectFunc@UILibraryObjFilter@libmedia@UModSys@@@tl@3@@tl@2@PBUSUniquePointerInfo@core@2@ABUSParameters@62@@Z 10003a51 f i plugin_test1.obj
 0001:00002aed       ??$t_generate@UILibraryLayered@libmedia@UModSys@@@SModuleContext@base@UModSys@@QAE_NAAU?$TRefObject@UILibraryLayered@libmedia@UModSys@@U?$TRefObjectFunc@UILibraryLayered@libmedia@UModSys@@@tl@3@@tl@2@PBUSUniquePointerInfo@core@2@ABUSParameters@62@@Z 10003aed f i plugin_test1.obj
 0001:00002b89       ??$t_generate@UILibraryObjCache@libmedia@UModSys@@@SModuleContext@base@UModSys@@QAE_NAAU?$TRefObject@UILibraryObjCache@libmedia@UModSys@@U?$TRefObjectFunc@UILibraryObjCache@libmedia@UModSys@@@tl@3@@tl@2@PBUSUniquePointerInfo@core@2@ABUSParameters@62@@Z 10003b89 f i plugin_test1.obj
 0001:00002c25       ??$t_generate@UILibraryBinCache@libmedia@UModSys@@@SModuleContext@base@UModSys@@QAE_NAAU?$TRefObject@UILibraryBinCache@libmedia@UModSys@@U?$TRefObjectFunc@UILibraryBinCache@libmedia@UModSys@@@tl@3@@tl@2@PBUSUniquePointerInfo@core@2@ABUSParameters@62@@Z 10003c25 f i plugin_test1.obj
 0001:00002cc1       ??$t_ref_get_other_interface@UIImage@lib2d@UModSys@@U?$TRefObjectFunc@UIImage@lib2d@UModSys@@@tl@3@@IRefObject@core@UModSys@@QAE_NAAU?$TRefObject@UIImage@lib2d@UModSys@@U?$TRefObjectFunc@UIImage@lib2d@UModSys@@@tl@3@@tl@2@@Z 10003cc1 f i plugin_test1.obj
 0001:00002cf0       ??BSCMemShared@core@UModSys@@QBE?AUSCMem@12@XZ 10003cf0 f i plugin_test1.obj
 0001:00002cf0       ??BSMemShared@core@UModSys@@QBE?AUSMem@12@XZ 10003cf0 f i umodsys_lib_lib2d:umodsys.mod.2d.stdlib.obj
 0001:00002cf0       ?get@SMemShared@core@UModSys@@QBE?AUSMem@23@XZ 10003cf0 f i umodsys_lib_libmedia:umodsys.mod.media.images_std.obj
 0001:00002d20       ?ConvertSameSize@stdlib@lib2d@modules@UModSys@@YA_NW4eImageType@24@ABU?$TVector2@H@math3d@4@11ABUSMem@core@4@11ABUSCMem@94@@Z 10003d20 f i umodsys_lib_lib2d:umodsys.mod.2d.stdlib.obj
 0001:00002da3       ?ConvertSame@stdlib@lib2d@modules@UModSys@@YA_NW4eImageType@24@ABU?$TBoundBox2@H@math3d@4@ABU?$TVector2@H@74@ABUSMem@core@4@12ABUSCMem@core@4@@Z 10003da3 f i umodsys_lib_lib2d:umodsys.mod.2d.stdlib.obj
 0001:00002e06       ?Convert@stdlib@lib2d@modules@UModSys@@YA_NABU?$TBoundBox2@H@math3d@4@ABUSImageInfo@24@ABUSMem@core@4@01ABUSCMem@94@@Z 10003e06 f i umodsys_lib_lib2d:umodsys.mod.2d.stdlib.obj
 0001:00002e68       ?root_get_interface_info@RImage_Memory@stdlib@lib2d@modules@UModSys@@UBEABUSUniquePointerInfo@core@5@XZ 10003e68 f i umodsys_lib_lib2d:umodsys.mod.2d.stdlib.obj
 0001:00002e6e       ?root_get_interface_type@RImage_Memory@stdlib@lib2d@modules@UModSys@@UBEPBUSUniquePointerInfo@core@5@XZ 10003e6e f i umodsys_lib_lib2d:umodsys.mod.2d.stdlib.obj
 0001:00002e74       ?root_get_other_interface@RImage_Memory@stdlib@lib2d@modules@UModSys@@UAEPAUIRoot@core@5@PBUSUniquePointerInfo@75@@Z 10003e74 f i umodsys_lib_lib2d:umodsys.mod.2d.stdlib.obj
 0001:00002e74       ?root_get_other_interface@RImage_Memory@stdlib@lib2d@modules@UModSys@@UBEPBUIRoot@core@5@PBUSUniquePointerInfo@75@@Z 10003e74 f i umodsys_lib_lib2d:umodsys.mod.2d.stdlib.obj
 0001:00002e95       ?root_is_interface_supported@RImage_Memory@stdlib@lib2d@modules@UModSys@@UBE_NPBUSUniquePointerInfo@core@5@@Z 10003e95 f i umodsys_lib_lib2d:umodsys.mod.2d.stdlib.obj
 0001:00002ebc       ?ref_weak@RGenerator@test1@test@modules@UModSys@@UBE_NAAUWeakPointer@IRefObject@core@5@@Z 10003ebc f i plugin_test1.obj
 0001:00002ebc       ?ref_weak@RRenderDriver2D@SDL_core@ui@modules@UModSys@@UBE_NAAUWeakPointer@IRefObject@core@5@@Z 10003ebc f i umodsys_lib_libui:umodsys.mod.ui.SDL_core.obj
 0001:00002ebc       ?ref_weak@RBinArchiveFrameClient_ZIP@zlib@media@modules@UModSys@@UBE_NAAUWeakPointer@IRefObject@core@5@@Z 10003ebc f i umodsys_lib_libmedia:umodsys.mod.media.zlib.obj
 0001:00002ebc       ?ref_weak@RGenerator@images_std@media@modules@UModSys@@UBE_NAAUWeakPointer@IRefObject@core@5@@Z 10003ebc f i umodsys_lib_libmedia:umodsys.mod.media.images_std.obj
 0001:00002ebc       ?ref_weak@RImage_Memory@stdlib@lib2d@modules@UModSys@@UBE_NAAUWeakPointer@IRefObject@core@5@@Z 10003ebc f i umodsys_lib_lib2d:umodsys.mod.2d.stdlib.obj
 0001:00002ebc       ?ref_weak@RTerminal@SDL_core@ui@modules@UModSys@@UBE_NAAUWeakPointer@IRefObject@core@5@@Z 10003ebc f i umodsys_lib_libui:umodsys.mod.ui.SDL_core.obj
 0001:00002ebc       ?ref_weak@RGenerator@serialize_json@media@modules@UModSys@@UBE_NAAUWeakPointer@IRefObject@core@5@@Z 10003ebc f i umodsys_lib_libmedia:umodsys.mod.media.serialize_json.obj
 0001:00002ebc       ?ref_weak@RGenerator@frames@ui@modules@UModSys@@UBE_NAAUWeakPointer@IRefObject@core@5@@Z 10003ebc f i umodsys_lib_libui:umodsys.mod.ui.frames.obj
 0001:00002ebc       ?ref_weak@RGenerator@zlib@media@modules@UModSys@@UBE_NAAUWeakPointer@IRefObject@core@5@@Z 10003ebc f i umodsys_lib_libmedia:umodsys.mod.media.zlib.obj
 0001:00002ebc       ?ref_weak@RMouseController@SDL_core@ui@modules@UModSys@@UBE_NAAUWeakPointer@IRefObject@core@5@@Z 10003ebc f i umodsys_lib_libui:umodsys.mod.ui.SDL_core.obj
 0001:00002ebc       ?ref_weak@RGenerator@stdlib@lib2d@modules@UModSys@@UBE_NAAUWeakPointer@IRefObject@core@5@@Z 10003ebc f i umodsys_lib_lib2d:umodsys.mod.2d.stdlib.obj
 0001:00002ebc       ?ref_weak@RDialog@frames@ui@modules@UModSys@@UBE_NAAUWeakPointer@IRefObject@core@5@@Z 10003ebc f i umodsys_lib_libui:umodsys.mod.ui.frames.obj
 0001:00002ebc       ?ref_weak@RGenerator@SDL_core@ui@modules@UModSys@@UBE_NAAUWeakPointer@IRefObject@core@5@@Z 10003ebc f i umodsys_lib_libui:umodsys.mod.ui.SDL_core.obj
 0001:00002ebc       ?ref_weak@RMultiImage2D_SDL_ttf@SDL_core@ui@modules@UModSys@@UBE_NAAUWeakPointer@IRefObject@core@5@@Z 10003ebc f i umodsys_lib_libui:umodsys.mod.ui.SDL_core.obj
 0001:00002ebc       ?ref_weak@RKeyboardController@SDL_core@ui@modules@UModSys@@UBE_NAAUWeakPointer@IRefObject@core@5@@Z 10003ebc f i umodsys_lib_libui:umodsys.mod.ui.SDL_core.obj
 0001:00002ebc       ?ref_weak@RSerializeReader@serialize_json@media@modules@UModSys@@UBE_NAAUWeakPointer@IRefObject@core@5@@Z 10003ebc f i umodsys_lib_libmedia:umodsys.mod.media.serialize_json.obj
 0001:00002edb       ??0State@RImage_Memory@stdlib@lib2d@modules@UModSys@@QAE@XZ 10003edb f i umodsys_lib_lib2d:umodsys.mod.2d.stdlib.obj
 0001:00002f0d       ?set_info@RImage_Memory@stdlib@lib2d@modules@UModSys@@UAE_NABUSImagePatchInfo@35@PBD@Z 10003f0d f i umodsys_lib_lib2d:umodsys.mod.2d.stdlib.obj
 0001:00003075       ?set_data@RImage_Memory@stdlib@lib2d@modules@UModSys@@UAE_NABUSImagePatchInfo@35@ABUSCMem@core@5@H@Z 10004075 f i umodsys_lib_lib2d:umodsys.mod.2d.stdlib.obj
 0001:000030df       ?get_info@RImage_Memory@stdlib@lib2d@modules@UModSys@@UBEABUSImageInfo@35@XZ 100040df f i umodsys_lib_lib2d:umodsys.mod.2d.stdlib.obj
 0001:000030e3       ?get_data@RImage_Memory@stdlib@lib2d@modules@UModSys@@UBE_NABUSImagePatchInfo@35@ABUSMem@core@5@H@Z 100040e3 f i umodsys_lib_lib2d:umodsys.mod.2d.stdlib.obj
 0001:00003169       ??0RImage_Memory@stdlib@lib2d@modules@UModSys@@QAE@PAUIModObject@base@4@ABUSParameters@core@4@@Z 10004169 f i umodsys_lib_lib2d:umodsys.mod.2d.stdlib.obj
 0001:000031b5       ??1SMemShared@core@UModSys@@QAE@XZ 100041b5 f i plugin_test1.obj
 0001:000031b5       ??1State@RImage_Memory@stdlib@lib2d@modules@UModSys@@QAE@XZ 100041b5 f i umodsys_lib_lib2d:umodsys.mod.2d.stdlib.obj
 0001:000031b5       ??1SCMemShared@core@UModSys@@QAE@XZ 100041b5 f i plugin_test1.obj
 0001:000031bf       ??4State@RImage_Memory@stdlib@lib2d@modules@UModSys@@QAEAAU012345@ABU012345@@Z 100041bf f i umodsys_lib_lib2d:umodsys.mod.2d.stdlib.obj
 0001:0000320f       ??_ERImage_Memory@stdlib@lib2d@modules@UModSys@@UAEPAXI@Z 1000420f f i  CIL library: CIL module
 0001:0000320f       ??_GRImage_Memory@stdlib@lib2d@modules@UModSys@@UAEPAXI@Z 1000420f f i umodsys_lib_lib2d:umodsys.mod.2d.stdlib.obj
 0001:00003256       ?get_generated_names@RGenerator@stdlib@lib2d@modules@UModSys@@UBEHAAUSUniquePtrList@core@5@@Z 10004256 f i umodsys_lib_lib2d:umodsys.mod.2d.stdlib.obj
 0001:0000326f       ?get_generated_types@RGenerator@stdlib@lib2d@modules@UModSys@@UBEHAAUSUniquePtrList@core@5@PBUSUniquePointerInfo@75@@Z 1000426f f i umodsys_lib_lib2d:umodsys.mod.2d.stdlib.obj
 0001:000032a1       ?generate@RGenerator@stdlib@lib2d@modules@UModSys@@UAE_NAAU?$TRefObject@UIRefObject@core@UModSys@@U?$TRefObjectFunc@UIRefObject@core@UModSys@@@tl@3@@tl@5@PBUSUniquePointerInfo@core@5@ABUSParameters@95@@Z 100042a1 f i umodsys_lib_lib2d:umodsys.mod.2d.stdlib.obj
 0001:000032c2       ?root_get_interface_info@RGenerator@stdlib@lib2d@modules@UModSys@@UBEABUSUniquePointerInfo@core@5@XZ 100042c2 f i umodsys_lib_lib2d:umodsys.mod.2d.stdlib.obj
 0001:000032c8       ?root_get_interface_type@RGenerator@stdlib@lib2d@modules@UModSys@@UBEPBUSUniquePointerInfo@core@5@XZ 100042c8 f i umodsys_lib_lib2d:umodsys.mod.2d.stdlib.obj
 0001:000032ce       ?root_get_other_interface@RGenerator@stdlib@lib2d@modules@UModSys@@UAEPAUIRoot@core@5@PBUSUniquePointerInfo@75@@Z 100042ce f i umodsys_lib_lib2d:umodsys.mod.2d.stdlib.obj
 0001:000032ce       ?root_get_other_interface@RGenerator@stdlib@lib2d@modules@UModSys@@UBEPBUIRoot@core@5@PBUSUniquePointerInfo@75@@Z 100042ce f i umodsys_lib_lib2d:umodsys.mod.2d.stdlib.obj
 0001:000032e7       ?root_is_interface_supported@RGenerator@stdlib@lib2d@modules@UModSys@@UBE_NPBUSUniquePointerInfo@core@5@@Z 100042e7 f i umodsys_lib_lib2d:umodsys.mod.2d.stdlib.obj
 0001:00003306       ?get_uid@RGenerator@stdlib@lib2d@modules@UModSys@@UBEPBUSUniquePointerInfo@core@5@XZ 10004306 f i umodsys_lib_lib2d:umodsys.mod.2d.stdlib.obj
 0001:0000330c       ?do_open@RModuleReg@stdlib@lib2d@modules@UModSys@@UAE_NXZ 1000430c f i umodsys_lib_lib2d:umodsys.mod.2d.stdlib.obj
 0001:0000335a       ?do_close@RModuleReg@stdlib@lib2d@modules@UModSys@@UAE_NXZ 1000435a f i umodsys_lib_lib2d:umodsys.mod.2d.stdlib.obj
 0001:00003395       ?get_module@RGenerator@stdlib@lib2d@modules@UModSys@@UBEPAUIModule@base@5@XZ 10004395 f   umodsys_lib_lib2d:umodsys.mod.2d.stdlib.obj
 0001:0000339b       ?mod_inc@RGenerator@stdlib@lib2d@modules@UModSys@@UBE_NXZ 1000439b f   umodsys_lib_lib2d:umodsys.mod.2d.stdlib.obj
 0001:000033a6       ?mod_dec@RGenerator@stdlib@lib2d@modules@UModSys@@UBE_NXZ 100043a6 f   umodsys_lib_lib2d:umodsys.mod.2d.stdlib.obj
 0001:000033b1       ?s_holder@RGenerator@stdlib@lib2d@modules@UModSys@@SAAAU?$TTypeStaticHolder@URGenerator@stdlib@lib2d@modules@UModSys@@@tl@5@XZ 100043b1 f   umodsys_lib_lib2d:umodsys.mod.2d.stdlib.obj
 0001:000033e3       ??$t_gen_param@URImage_Memory@stdlib@lib2d@modules@UModSys@@URGenerator@2345@@IGenerator@base@UModSys@@IAE_NPAURGenerator@stdlib@lib2d@modules@2@AAU?$TRefObject@UIRefObject@core@UModSys@@U?$TRefObjectFunc@UIRefObject@core@UModSys@@@tl@3@@tl@2@PBUSUniquePointerInfo@core@2@ABUSParameters@core@2@@Z 100043e3 f i umodsys_lib_lib2d:umodsys.mod.2d.stdlib.obj
 0001:00003475       ?remove@WeakPointer@IRefObject@core@UModSys@@QAEXXZ 10004475 f i umodsys_lib_libui:umodsys.mod.ui.SDL_core.obj
 0001:0000349b       ?get@SParameters@core@UModSys@@QBE_NPBDAAPBD@Z 1000449b f i umodsys_lib_libui:umodsys.mod.ui.SDL_core.obj
 0001:000034b6       ?get@SParameters@core@UModSys@@QBE_NPBDAAH@Z 100044b6 f i umodsys_lib_libui:umodsys.mod.ui.SDL_core.obj
 0001:000034d1       ?root_get_interface_info@RMultiImage2D_SDL_ttf@SDL_core@ui@modules@UModSys@@UBEABUSUniquePointerInfo@core@5@XZ 100044d1 f i umodsys_lib_libui:umodsys.mod.ui.SDL_core.obj
 0001:000034d7       ?root_get_interface_type@RMultiImage2D_SDL_ttf@SDL_core@ui@modules@UModSys@@UBEPBUSUniquePointerInfo@core@5@XZ 100044d7 f i umodsys_lib_libui:umodsys.mod.ui.SDL_core.obj
 0001:000034dd       ?root_get_other_interface@RMultiImage2D_SDL_ttf@SDL_core@ui@modules@UModSys@@UAEPAUIRoot@core@5@PBUSUniquePointerInfo@75@@Z 100044dd f i umodsys_lib_libui:umodsys.mod.ui.SDL_core.obj
 0001:000034dd       ?root_get_other_interface@RMultiImage2D_SDL_ttf@SDL_core@ui@modules@UModSys@@UBEPBUIRoot@core@5@PBUSUniquePointerInfo@75@@Z 100044dd f i umodsys_lib_libui:umodsys.mod.ui.SDL_core.obj
 0001:000034fe       ?root_is_interface_supported@RMultiImage2D_SDL_ttf@SDL_core@ui@modules@UModSys@@UBE_NPBUSUniquePointerInfo@core@5@@Z 100044fe f i umodsys_lib_libui:umodsys.mod.ui.SDL_core.obj
 0001:00003525       ?suicide@RRenderDriver2D@SDL_core@ui@modules@UModSys@@UAEXXZ 10004525 f i umodsys_lib_libui:umodsys.mod.ui.SDL_core.obj
 0001:00003525       ?suicide@RDialog@frames@ui@modules@UModSys@@UAEXXZ 10004525 f i umodsys_lib_libui:umodsys.mod.ui.frames.obj
 0001:00003525       ?suicide@RMouseController@SDL_core@ui@modules@UModSys@@UAEXXZ 10004525 f i umodsys_lib_libui:umodsys.mod.ui.SDL_core.obj
 0001:00003525       ?suicide@RKeyboardController@SDL_core@ui@modules@UModSys@@UAEXXZ 10004525 f i umodsys_lib_libui:umodsys.mod.ui.SDL_core.obj
 0001:00003525       ?suicide@RMultiImage2D_SDL_ttf@SDL_core@ui@modules@UModSys@@UAEXXZ 10004525 f i umodsys_lib_libui:umodsys.mod.ui.SDL_core.obj
 0001:00003565       ??0RMultiImage2D_SDL_ttf@SDL_core@ui@modules@UModSys@@QAE@PAURRenderDriver2D@1234@ABUSParameters@core@4@@Z 10004565 f i umodsys_lib_libui:umodsys.mod.ui.SDL_core.obj
 0001:000035c9       ?open@RMultiImage2D_SDL_ttf@SDL_core@ui@modules@UModSys@@QAE_NABUSParameters@core@5@@Z 100045c9 f i umodsys_lib_libui:umodsys.mod.ui.SDL_core.obj
 0001:00003667       ?generate_glyphs@RMultiImage2D_SDL_ttf@SDL_core@ui@modules@UModSys@@QAE_NXZ 10004667 f i umodsys_lib_libui:umodsys.mod.ui.SDL_core.obj
 0001:000037f8       ?get_cell_size@RMultiImage2D_SDL_ttf@SDL_core@ui@modules@UModSys@@UAE_NHAAU?$TVector2@H@math3d@5@PAU675@@Z 100047f8 f i umodsys_lib_libui:umodsys.mod.ui.SDL_core.obj
 0001:000037f8       ?key_setmodifier@RKeyboardController@SDL_core@ui@modules@UModSys@@UAE_NHHH@Z 100047f8 f i umodsys_lib_libui:umodsys.mod.ui.SDL_core.obj
 0001:000037f8       ?set_var_cell@RMultiImage2D_SDL_ttf@SDL_core@ui@modules@UModSys@@UAE_NPBUSImageCellInfo@lib2d@5@HH@Z 100047f8 f i umodsys_lib_libui:umodsys.mod.ui.SDL_core.obj
 0001:000037f8       ?command_draw@RTest1_Shell@test1@test@modules@UModSys@@UAE_NABUSController@libui@5@PAUIRenderDriver@lib2d@5@ABU?$TBoundBox2@H@math3d@5@@Z 100047f8 f i plugin_test1.obj
 0001:000037fd       ??_GRMultiImage2D_SDL_ttf@SDL_core@ui@modules@UModSys@@UAEPAXI@Z 100047fd f i umodsys_lib_libui:umodsys.mod.ui.SDL_core.obj
 0001:000037fd       ??_ERMultiImage2D_SDL_ttf@SDL_core@ui@modules@UModSys@@UAEPAXI@Z 100047fd f i  CIL library: CIL module
 0001:00003865       ?root_get_interface_info@RRenderDriver2D@SDL_core@ui@modules@UModSys@@UBEABUSUniquePointerInfo@core@5@XZ 10004865 f i umodsys_lib_libui:umodsys.mod.ui.SDL_core.obj
 0001:0000386b       ?root_get_interface_type@RRenderDriver2D@SDL_core@ui@modules@UModSys@@UBEPBUSUniquePointerInfo@core@5@XZ 1000486b f i umodsys_lib_libui:umodsys.mod.ui.SDL_core.obj
 0001:00003871       ?root_get_other_interface@RRenderDriver2D@SDL_core@ui@modules@UModSys@@UBEPBUIRoot@core@5@PBUSUniquePointerInfo@75@@Z 10004871 f i umodsys_lib_libui:umodsys.mod.ui.SDL_core.obj
 0001:00003871       ?root_get_other_interface@RRenderDriver2D@SDL_core@ui@modules@UModSys@@UAEPAUIRoot@core@5@PBUSUniquePointerInfo@75@@Z 10004871 f i umodsys_lib_libui:umodsys.mod.ui.SDL_core.obj
 0001:00003892       ?root_is_interface_supported@RRenderDriver2D@SDL_core@ui@modules@UModSys@@UBE_NPBUSUniquePointerInfo@core@5@@Z 10004892 f i umodsys_lib_libui:umodsys.mod.ui.SDL_core.obj
 0001:000038b9       ??0RRenderDriver2D@SDL_core@ui@modules@UModSys@@QAE@PAURTerminal@1234@ABUSParameters@core@4@@Z 100048b9 f i umodsys_lib_libui:umodsys.mod.ui.SDL_core.obj
 0001:0000395c       ?close@RRenderDriver2D@SDL_core@ui@modules@UModSys@@QAEXXZ 1000495c f i umodsys_lib_libui:umodsys.mod.ui.SDL_core.obj
 0001:00003981       ?open@RRenderDriver2D@SDL_core@ui@modules@UModSys@@QAE_NABUSParameters@core@5@@Z 10004981 f i umodsys_lib_libui:umodsys.mod.ui.SDL_core.obj
 0001:00003aba       ?set_color@RRenderDriver2D@SDL_core@ui@modules@UModSys@@QAEXXZ 10004aba f i umodsys_lib_libui:umodsys.mod.ui.SDL_core.obj
 0001:00003b1d       ?get_hwinfo@RImage_Memory@stdlib@lib2d@modules@UModSys@@UAEPAXPBUSUniquePointerInfo@core@5@@Z 10004b1d f i umodsys_lib_lib2d:umodsys.mod.2d.stdlib.obj
 0001:00003b1d       ?get_hwcinfo@RImage_Memory@stdlib@lib2d@modules@UModSys@@UBEPBXPBUSUniquePointerInfo@core@5@@Z 10004b1d f i umodsys_lib_lib2d:umodsys.mod.2d.stdlib.obj
 0001:00003b1d       ?get_layer@RMultiImage2D_SDL_ttf@SDL_core@ui@modules@UModSys@@UAEPAUIImage@lib2d@5@H@Z 10004b1d f i umodsys_lib_libui:umodsys.mod.ui.SDL_core.obj
 0001:00003b1d       ?get_controller@RRenderDriver2D@SDL_core@ui@modules@UModSys@@UBEPAUIRefObject@core@5@PBUSUniquePointerInfo@75@@Z 10004b1d f i umodsys_lib_libui:umodsys.mod.ui.SDL_core.obj
 0001:00003b22       ?begin@RRenderDriver2D@SDL_core@ui@modules@UModSys@@UAEXXZ 10004b22 f i umodsys_lib_libui:umodsys.mod.ui.SDL_core.obj
 0001:00003b7f       ?end@RRenderDriver2D@SDL_core@ui@modules@UModSys@@UAEXXZ 10004b7f f i umodsys_lib_libui:umodsys.mod.ui.SDL_core.obj
 0001:00003b8e       ?get_max_values@RRenderDriver2D@SDL_core@ui@modules@UModSys@@UBEPBUSParameters@core@5@XZ 10004b8e f i umodsys_lib_libui:umodsys.mod.ui.SDL_core.obj
 0001:00003b92       ?get_frame_values@RRenderDriver2D@SDL_core@ui@modules@UModSys@@UBEPBUSParameters@core@5@XZ 10004b92 f i umodsys_lib_libui:umodsys.mod.ui.SDL_core.obj
 0001:00003b99       ?setup_font@RRenderDriver2D@SDL_core@ui@modules@UModSys@@UAE_NPAUIMultiImage@lib2d@5@PBU?$TVector2@M@math3d@5@@Z 10004b99 f i umodsys_lib_libui:umodsys.mod.ui.SDL_core.obj
 0001:00003beb       ?setup_color@RRenderDriver2D@SDL_core@ui@modules@UModSys@@UAEXABU?$TVector3@M@math3d@5@@Z 10004beb f i umodsys_lib_libui:umodsys.mod.ui.SDL_core.obj
 0001:00003c12       ?setup_color@RRenderDriver2D@SDL_core@ui@modules@UModSys@@UAEXABU?$TVector3@H@math3d@5@@Z 10004c12 f i umodsys_lib_libui:umodsys.mod.ui.SDL_core.obj
 0001:00003c55       ?setup_coloralpha@RRenderDriver2D@SDL_core@ui@modules@UModSys@@UAEXABU?$TVector4@M@math3d@5@H@Z 10004c55 f i umodsys_lib_libui:umodsys.mod.ui.SDL_core.obj
 0001:00003c7b       ?setup_coloralpha@RRenderDriver2D@SDL_core@ui@modules@UModSys@@UAEXABU?$TVector4@H@math3d@5@H@Z 10004c7b f i umodsys_lib_libui:umodsys.mod.ui.SDL_core.obj
 0001:00003cd3       ?setup_blendcolor@RRenderDriver2D@SDL_core@ui@modules@UModSys@@UAEXABUSBlendColor@lib2d@5@@Z 10004cd3 f i umodsys_lib_libui:umodsys.mod.ui.SDL_core.obj
 0001:00003d2b       ?setup_blendcolor@RRenderDriver2D@SDL_core@ui@modules@UModSys@@UAEXABUSBlendColorf@lib2d@5@@Z 10004d2b f i umodsys_lib_libui:umodsys.mod.ui.SDL_core.obj
 0001:00003d6d       ?setup_alpha@RRenderDriver2D@SDL_core@ui@modules@UModSys@@UAEXHH@Z 10004d6d f i umodsys_lib_libui:umodsys.mod.ui.SDL_core.obj
 0001:00003d93       ?setup_alpha@RRenderDriver2D@SDL_core@ui@modules@UModSys@@UAEXMH@Z 10004d93 f i umodsys_lib_libui:umodsys.mod.ui.SDL_core.obj
 0001:00003db3       ?render_text_advanced@RRenderDriver2D@SDL_core@ui@modules@UModSys@@UAE_NAAUTextInfo@IRenderDriver@lib2d@5@PBHH@Z 10004db3 f i umodsys_lib_libui:umodsys.mod.ui.SDL_core.obj
 0001:00003f67       ?render_box@RRenderDriver2D@SDL_core@ui@modules@UModSys@@UAEXABU?$TVector2@H@math3d@5@0@Z 10004f67 f i umodsys_lib_libui:umodsys.mod.ui.SDL_core.obj
 0001:00003fb4       ?render_tri@RRenderDriver2D@SDL_core@ui@modules@UModSys@@UAEXABU?$TVector2@H@math3d@5@00@Z 10004fb4 f i umodsys_lib_libui:umodsys.mod.ui.SDL_core.obj
 0001:00004008       ?render_quad@RRenderDriver2D@SDL_core@ui@modules@UModSys@@UAEXABU?$TVector2@H@math3d@5@000@Z 10005008 f i umodsys_lib_libui:umodsys.mod.ui.SDL_core.obj
 0001:0000406a       ?render_box@RRenderDriver2D@SDL_core@ui@modules@UModSys@@UAEXPAUIImage@lib2d@5@ABU?$TVector2@H@math3d@5@1ABU?$TVector2@M@95@2@Z 1000506a f i umodsys_lib_libui:umodsys.mod.ui.SDL_core.obj
 0001:0000406d       ?render_line@RRenderDriver2D@SDL_core@ui@modules@UModSys@@UAEXABU?$TVector2@H@math3d@5@0@Z 1000506d f i umodsys_lib_libui:umodsys.mod.ui.SDL_core.obj
 0001:00004092       ?render_rect@RRenderDriver2D@SDL_core@ui@modules@UModSys@@UAEXABU?$TVector2@H@math3d@5@0@Z 10005092 f i umodsys_lib_libui:umodsys.mod.ui.SDL_core.obj
 0001:000040df       ??_GRRenderDriver2D@SDL_core@ui@modules@UModSys@@UAEPAXI@Z 100050df f i umodsys_lib_libui:umodsys.mod.ui.SDL_core.obj
 0001:000040df       ??_ERRenderDriver2D@SDL_core@ui@modules@UModSys@@UAEPAXI@Z 100050df f i  CIL library: CIL module
 0001:00004156       ?root_get_interface_info@RMouseController@SDL_core@ui@modules@UModSys@@UBEABUSUniquePointerInfo@core@5@XZ 10005156 f i umodsys_lib_libui:umodsys.mod.ui.SDL_core.obj
 0001:0000415c       ?root_get_interface_type@RMouseController@SDL_core@ui@modules@UModSys@@UBEPBUSUniquePointerInfo@core@5@XZ 1000515c f i umodsys_lib_libui:umodsys.mod.ui.SDL_core.obj
 0001:00004162       ?root_get_other_interface@RMouseController@SDL_core@ui@modules@UModSys@@UBEPBUIRoot@core@5@PBUSUniquePointerInfo@75@@Z 10005162 f i umodsys_lib_libui:umodsys.mod.ui.SDL_core.obj
 0001:00004162       ?root_get_other_interface@RMouseController@SDL_core@ui@modules@UModSys@@UAEPAUIRoot@core@5@PBUSUniquePointerInfo@75@@Z 10005162 f i umodsys_lib_libui:umodsys.mod.ui.SDL_core.obj
 0001:00004183       ?root_is_interface_supported@RMouseController@SDL_core@ui@modules@UModSys@@UBE_NPBUSUniquePointerInfo@core@5@@Z 10005183 f i umodsys_lib_libui:umodsys.mod.ui.SDL_core.obj
 0001:000041aa       ??0RMouseController@SDL_core@ui@modules@UModSys@@QAE@PAURTerminal@1234@ABUSParameters@core@4@@Z 100051aa f i umodsys_lib_libui:umodsys.mod.ui.SDL_core.obj
 0001:000041f8       ?process@RMouseController@SDL_core@ui@modules@UModSys@@QAE_NAAUSDL_MouseMotionEvent@@@Z 100051f8 f i umodsys_lib_libui:umodsys.mod.ui.SDL_core.obj
 0001:000042df       ?process@RMouseController@SDL_core@ui@modules@UModSys@@QAE_NAAUSDL_MouseButtonEvent@@@Z 100052df f i umodsys_lib_libui:umodsys.mod.ui.SDL_core.obj
 0001:000043a6       ?process@RMouseController@SDL_core@ui@modules@UModSys@@QAE_NAAUSDL_MouseWheelEvent@@@Z 100053a6 f i umodsys_lib_libui:umodsys.mod.ui.SDL_core.obj
 0001:00004447       ?mouse_unlink@RMouseController@SDL_core@ui@modules@UModSys@@UAE_NH@Z 10005447 f i umodsys_lib_libui:umodsys.mod.ui.SDL_core.obj
 0001:00004447       ?key_unlink@RKeyboardController@SDL_core@ui@modules@UModSys@@UAE_NH@Z 10005447 f i umodsys_lib_libui:umodsys.mod.ui.SDL_core.obj
 0001:000044a6       ?mouse_link@RMouseController@SDL_core@ui@modules@UModSys@@UAE_NHPAUIRefObject@core@5@PAUIMouseClient@libui@5@H@Z 100054a6 f i umodsys_lib_libui:umodsys.mod.ui.SDL_core.obj
 0001:000044e5       ??_ERMouseController@SDL_core@ui@modules@UModSys@@UAEPAXI@Z 100054e5 f i  CIL library: CIL module
 0001:000044e5       ??_GRMouseController@SDL_core@ui@modules@UModSys@@UAEPAXI@Z 100054e5 f i umodsys_lib_libui:umodsys.mod.ui.SDL_core.obj
 0001:0000453b       ?root_get_interface_info@RKeyboardController@SDL_core@ui@modules@UModSys@@UBEABUSUniquePointerInfo@core@5@XZ 1000553b f i umodsys_lib_libui:umodsys.mod.ui.SDL_core.obj
 0001:00004541       ?root_get_interface_type@RKeyboardController@SDL_core@ui@modules@UModSys@@UBEPBUSUniquePointerInfo@core@5@XZ 10005541 f i umodsys_lib_libui:umodsys.mod.ui.SDL_core.obj
 0001:00004547       ?root_get_other_interface@RKeyboardController@SDL_core@ui@modules@UModSys@@UAEPAUIRoot@core@5@PBUSUniquePointerInfo@75@@Z 10005547 f i umodsys_lib_libui:umodsys.mod.ui.SDL_core.obj
 0001:00004547       ?root_get_other_interface@RKeyboardController@SDL_core@ui@modules@UModSys@@UBEPBUIRoot@core@5@PBUSUniquePointerInfo@75@@Z 10005547 f i umodsys_lib_libui:umodsys.mod.ui.SDL_core.obj
 0001:00004568       ?root_is_interface_supported@RKeyboardController@SDL_core@ui@modules@UModSys@@UBE_NPBUSUniquePointerInfo@core@5@@Z 10005568 f i umodsys_lib_libui:umodsys.mod.ui.SDL_core.obj
 0001:0000458f       ??0RKeyboardController@SDL_core@ui@modules@UModSys@@QAE@PAURTerminal@1234@ABUSParameters@core@4@@Z 1000558f f i umodsys_lib_libui:umodsys.mod.ui.SDL_core.obj
 0001:000045dd       ?process@RKeyboardController@SDL_core@ui@modules@UModSys@@QAE_NAAUSDL_KeyboardEvent@@@Z 100055dd f i umodsys_lib_libui:umodsys.mod.ui.SDL_core.obj
 0001:0000467e       ?process@RKeyboardController@SDL_core@ui@modules@UModSys@@QAE_NAAUSDL_TextInputEvent@@@Z 1000567e f i umodsys_lib_libui:umodsys.mod.ui.SDL_core.obj
 0001:00004723       ?map_keycode@RKeyboardController@SDL_core@ui@modules@UModSys@@QAE?AW4eKeyCode@libui@5@H@Z 10005723 f i umodsys_lib_libui:umodsys.mod.ui.SDL_core.obj
 0001:00004b9e       ?map_keyspecial@RKeyboardController@SDL_core@ui@modules@UModSys@@QAEFG@Z 10005b9e f i umodsys_lib_libui:umodsys.mod.ui.SDL_core.obj
 0001:00004c11       ?key_link@RKeyboardController@SDL_core@ui@modules@UModSys@@UAE_NHPAUIRefObject@core@5@PAUIKeyboardClient@libui@5@@Z 10005c11 f i umodsys_lib_libui:umodsys.mod.ui.SDL_core.obj
 0001:00004c49       ?key_setrepeat@RKeyboardController@SDL_core@ui@modules@UModSys@@UAE_NMM@Z 10005c49 f i umodsys_lib_libui:umodsys.mod.ui.SDL_core.obj
 0001:00004c49       ?set_hint@RMultiImage2D_SDL_ttf@SDL_core@ui@modules@UModSys@@UAE_NPBD0@Z 10005c49 f i umodsys_lib_libui:umodsys.mod.ui.SDL_core.obj
 0001:00004c49       ?set_fixed_cell@RMultiImage2D_SDL_ttf@SDL_core@ui@modules@UModSys@@UAE_NHH@Z 10005c49 f i umodsys_lib_libui:umodsys.mod.ui.SDL_core.obj
 0001:00004c49       ?filter_load@RMediaFilter@images_std@media@modules@UModSys@@UAE_NABUSInfo@IBinObjFilter@libmedia@5@AAU?$TRefObject@UIRefObject@core@UModSys@@U?$TRefObjectFunc@UIRefObject@core@UModSys@@@tl@3@@tl@5@@Z 10005c49 f i umodsys_lib_libmedia:umodsys.mod.media.images_std.obj
 0001:00004c49       ?output_attach_3d@RCollector@frames@ui@modules@UModSys@@UAE_NPAUIRenderDriver@lib3d@5@H@Z 10005c49 f i umodsys_lib_libui:umodsys.mod.ui.frames.obj
 0001:00004c49       ?mouse_setposition@RMouseController@SDL_core@ui@modules@UModSys@@UAE_NHH@Z 10005c49 f i umodsys_lib_libui:umodsys.mod.ui.SDL_core.obj
 0001:00004c49       ?set_parameters@RRenderDriver2D@SDL_core@ui@modules@UModSys@@UAE_NPBDABUSParameters@core@5@@Z 10005c49 f i umodsys_lib_libui:umodsys.mod.ui.SDL_core.obj
 0001:00004c49       ?set_repeater@RFrame_Common@frames@ui@modules@UModSys@@UAE_NHH@Z 10005c49 f i umodsys_lib_libui:umodsys.mod.ui.frames.obj
 0001:00004c4e       ?key_setvisible@RKeyboardController@SDL_core@ui@modules@UModSys@@UAE_N_N@Z 10005c4e f i umodsys_lib_libui:umodsys.mod.ui.SDL_core.obj
 0001:00004c66       ??_GRKeyboardController@SDL_core@ui@modules@UModSys@@UAEPAXI@Z 10005c66 f i umodsys_lib_libui:umodsys.mod.ui.SDL_core.obj
 0001:00004c66       ??_ERKeyboardController@SDL_core@ui@modules@UModSys@@UAEPAXI@Z 10005c66 f i  CIL library: CIL module
 0001:00004cbc       ?root_get_interface_info@RTerminal@SDL_core@ui@modules@UModSys@@UBEABUSUniquePointerInfo@core@5@XZ 10005cbc f i umodsys_lib_libui:umodsys.mod.ui.SDL_core.obj
 0001:00004cc2       ?root_get_interface_type@RTerminal@SDL_core@ui@modules@UModSys@@UBEPBUSUniquePointerInfo@core@5@XZ 10005cc2 f i umodsys_lib_libui:umodsys.mod.ui.SDL_core.obj
 0001:00004cc8       ?root_get_other_interface@RTerminal@SDL_core@ui@modules@UModSys@@UAEPAUIRoot@core@5@PBUSUniquePointerInfo@75@@Z 10005cc8 f i umodsys_lib_libui:umodsys.mod.ui.SDL_core.obj
 0001:00004cc8       ?root_get_other_interface@RTerminal@SDL_core@ui@modules@UModSys@@UBEPBUIRoot@core@5@PBUSUniquePointerInfo@75@@Z 10005cc8 f i umodsys_lib_libui:umodsys.mod.ui.SDL_core.obj
 0001:00004ce9       ?root_is_interface_supported@RTerminal@SDL_core@ui@modules@UModSys@@UBE_NPBUSUniquePointerInfo@core@5@@Z 10005ce9 f i umodsys_lib_libui:umodsys.mod.ui.SDL_core.obj
 0001:00004d10       ?ref_links@RDialog@frames@ui@modules@UModSys@@UBEHXZ 10005d10 f i umodsys_lib_libui:umodsys.mod.ui.frames.obj
 0001:00004d10       ?ref_links@RRenderDriver2D@SDL_core@ui@modules@UModSys@@UBEHXZ 10005d10 f i umodsys_lib_libui:umodsys.mod.ui.SDL_core.obj
 0001:00004d10       ?ref_links@RSerializeReader@serialize_json@media@modules@UModSys@@UBEHXZ 10005d10 f i umodsys_lib_libmedia:umodsys.mod.media.serialize_json.obj
 0001:00004d10       ?ref_links@RGenerator@images_std@media@modules@UModSys@@UBEHXZ 10005d10 f i umodsys_lib_libmedia:umodsys.mod.media.images_std.obj
 0001:00004d10       ?ref_links@RImage_Memory@stdlib@lib2d@modules@UModSys@@UBEHXZ 10005d10 f i umodsys_lib_lib2d:umodsys.mod.2d.stdlib.obj
 0001:00004d10       ?ref_links@RMultiImage2D_SDL_ttf@SDL_core@ui@modules@UModSys@@UBEHXZ 10005d10 f i umodsys_lib_libui:umodsys.mod.ui.SDL_core.obj
 0001:00004d10       ?ref_links@RTerminal@SDL_core@ui@modules@UModSys@@UBEHXZ 10005d10 f i umodsys_lib_libui:umodsys.mod.ui.SDL_core.obj
 0001:00004d10       ?ref_links@RGenerator@SDL_core@ui@modules@UModSys@@UBEHXZ 10005d10 f i umodsys_lib_libui:umodsys.mod.ui.SDL_core.obj
 0001:00004d10       ?ref_links@RGenerator@frames@ui@modules@UModSys@@UBEHXZ 10005d10 f i umodsys_lib_libui:umodsys.mod.ui.frames.obj
 0001:00004d10       ?ref_links@RGenerator@stdlib@lib2d@modules@UModSys@@UBEHXZ 10005d10 f i umodsys_lib_lib2d:umodsys.mod.2d.stdlib.obj
 0001:00004d10       ?ref_links@RGenerator@serialize_json@media@modules@UModSys@@UBEHXZ 10005d10 f i umodsys_lib_libmedia:umodsys.mod.media.serialize_json.obj
 0001:00004d10       ?ref_links@RGenerator@test1@test@modules@UModSys@@UBEHXZ 10005d10 f i plugin_test1.obj
 0001:00004d10       ?ref_links@RMouseController@SDL_core@ui@modules@UModSys@@UBEHXZ 10005d10 f i umodsys_lib_libui:umodsys.mod.ui.SDL_core.obj
 0001:00004d10       ?ref_links@RBinArchiveFrameClient_ZIP@zlib@media@modules@UModSys@@UBEHXZ 10005d10 f i umodsys_lib_libmedia:umodsys.mod.media.zlib.obj
 0001:00004d10       ?ref_links@RKeyboardController@SDL_core@ui@modules@UModSys@@UBEHXZ 10005d10 f i umodsys_lib_libui:umodsys.mod.ui.SDL_core.obj
 0001:00004d10       ?ref_links@RGenerator@zlib@media@modules@UModSys@@UBEHXZ 10005d10 f i umodsys_lib_libmedia:umodsys.mod.media.zlib.obj
 0001:00004d14       ?suicide@RTerminal@SDL_core@ui@modules@UModSys@@UAEXXZ 10005d14 f i umodsys_lib_libui:umodsys.mod.ui.SDL_core.obj
 0001:00004d14       ?suicide@RSerializeReader@serialize_json@media@modules@UModSys@@UAEXXZ 10005d14 f i umodsys_lib_libmedia:umodsys.mod.media.serialize_json.obj
 0001:00004d14       ?suicide@RImage_Memory@stdlib@lib2d@modules@UModSys@@UAEXXZ 10005d14 f i umodsys_lib_lib2d:umodsys.mod.2d.stdlib.obj
 0001:00004d14       ?suicide@RBinArchiveFrameClient_ZIP@zlib@media@modules@UModSys@@UAEXXZ 10005d14 f i umodsys_lib_libmedia:umodsys.mod.media.zlib.obj
 0001:00004d51       ??0RTerminal@SDL_core@ui@modules@UModSys@@QAE@PAUIModObject@base@4@ABUSParameters@core@4@@Z 10005d51 f i umodsys_lib_libui:umodsys.mod.ui.SDL_core.obj
 0001:00004dc4       ?poll_events@RTerminal@SDL_core@ui@modules@UModSys@@UAE_NH@Z 10005dc4 f i umodsys_lib_libui:umodsys.mod.ui.SDL_core.obj
 0001:00004ee8       ?get_terminal_state@RTerminal@SDL_core@ui@modules@UModSys@@UAE_NW4eTerminalState@libui@5@@Z 10005ee8 f i umodsys_lib_libui:umodsys.mod.ui.SDL_core.obj
 0001:00004f01       ?set_terminal_state@RTerminal@SDL_core@ui@modules@UModSys@@UAE_NW4eTerminalState@libui@5@_N@Z 10005f01 f i umodsys_lib_libui:umodsys.mod.ui.SDL_core.obj
 0001:00004f5b       ?get_clock@RTerminal@SDL_core@ui@modules@UModSys@@UAENXZ 10005f5b f i umodsys_lib_libui:umodsys.mod.ui.SDL_core.obj
 0001:00004f73       ?wait@RTerminal@SDL_core@ui@modules@UModSys@@UAE_NM@Z 10005f73 f i umodsys_lib_libui:umodsys.mod.ui.SDL_core.obj
 0001:00004f8e       ?get_count@RTerminal@SDL_core@ui@modules@UModSys@@UBEIPBUSUniquePointerInfo@core@5@@Z 10005f8e f i umodsys_lib_libui:umodsys.mod.ui.SDL_core.obj
 0001:00004fc1       ?get_handler@RTerminal@SDL_core@ui@modules@UModSys@@UBEPAUIRefObject@core@5@PBUSUniquePointerInfo@75@I@Z 10005fc1 f i umodsys_lib_libui:umodsys.mod.ui.SDL_core.obj
 0001:00005009       ?get_handler@RTerminal@SDL_core@ui@modules@UModSys@@UBEPAUIRefObject@core@5@PBUSUniquePointerInfo@75@PBD@Z 10006009 f i umodsys_lib_libui:umodsys.mod.ui.SDL_core.obj
 0001:00005012       ?get_friend_handler@RTerminal@SDL_core@ui@modules@UModSys@@UBEPAUIRefObject@core@5@PBUSUniquePointerInfo@75@PAU675@@Z 10006012 f i umodsys_lib_libui:umodsys.mod.ui.SDL_core.obj
 0001:00005012       ?get_sub@RFrame_Common@frames@ui@modules@UModSys@@UAEPAUIFrame@libui@5@PAU675@H@Z 10006012 f i umodsys_lib_libui:umodsys.mod.ui.frames.obj
 0001:00005017       ?create_handler@RTerminal@SDL_core@ui@modules@UModSys@@UAE_NPBUSUniquePointerInfo@core@5@AAU?$TRefObject@UIRefObject@core@UModSys@@U?$TRefObjectFunc@UIRefObject@core@UModSys@@@tl@3@@tl@5@PBDPBUSParameters@75@@Z 10006017 f i umodsys_lib_libui:umodsys.mod.ui.SDL_core.obj
 0001:00005250       ??_ERTerminal@SDL_core@ui@modules@UModSys@@UAEPAXI@Z 10006250 f i  CIL library: CIL module
 0001:00005250       ??_GRTerminal@SDL_core@ui@modules@UModSys@@UAEPAXI@Z 10006250 f i umodsys_lib_libui:umodsys.mod.ui.SDL_core.obj
 0001:000052c0       ?get_terminal@RRenderDriver2D@SDL_core@ui@modules@UModSys@@UBEPAUITerminal@libui@5@XZ 100062c0 f   umodsys_lib_libui:umodsys.mod.ui.SDL_core.obj
 0001:000052c0       ?ref_links@RTest1_Shell@test1@test@modules@UModSys@@UBEHXZ 100062c0 f   plugin_test1.obj
 0001:000052c4       ?new_font@RRenderDriver2D@SDL_core@ui@modules@UModSys@@UAE?AU?$TRefObject@UIMultiImage@lib2d@UModSys@@U?$TRefObjectFunc@UIMultiImage@lib2d@UModSys@@@tl@3@@tl@5@ABUSParameters@core@5@ABU?$TString@U?$TSCoreConst@D@su@tl@UModSys@@U?$TComparerBinaryHash@D@234@@75@@Z 100062c4 f   umodsys_lib_libui:umodsys.mod.ui.SDL_core.obj
 0001:0000539a       ?new_picture@RRenderDriver2D@SDL_core@ui@modules@UModSys@@UAE?AU?$TRefObject@UIImage@lib2d@UModSys@@U?$TRefObjectFunc@UIImage@lib2d@UModSys@@@tl@3@@tl@5@ABUSParameters@core@5@ABU?$TString@U?$TSCoreConst@D@su@tl@UModSys@@U?$TComparerBinaryHash@D@234@@75@@Z 1000639a f   umodsys_lib_libui:umodsys.mod.ui.SDL_core.obj
 0001:000053ac       ?get_generated_names@RGenerator@SDL_core@ui@modules@UModSys@@UBEHAAUSUniquePtrList@core@5@@Z 100063ac f i umodsys_lib_libui:umodsys.mod.ui.SDL_core.obj
 0001:000053c5       ?get_generated_types@RGenerator@SDL_core@ui@modules@UModSys@@UBEHAAUSUniquePtrList@core@5@PBUSUniquePointerInfo@75@@Z 100063c5 f i umodsys_lib_libui:umodsys.mod.ui.SDL_core.obj
 0001:000053f7       ?generate@RGenerator@SDL_core@ui@modules@UModSys@@UAE_NAAU?$TRefObject@UIRefObject@core@UModSys@@U?$TRefObjectFunc@UIRefObject@core@UModSys@@@tl@3@@tl@5@PBUSUniquePointerInfo@core@5@ABUSParameters@95@@Z 100063f7 f i umodsys_lib_libui:umodsys.mod.ui.SDL_core.obj
 0001:00005418       ?root_get_interface_info@RGenerator@SDL_core@ui@modules@UModSys@@UBEABUSUniquePointerInfo@core@5@XZ 10006418 f i umodsys_lib_libui:umodsys.mod.ui.SDL_core.obj
 0001:0000541e       ?root_get_interface_type@RGenerator@SDL_core@ui@modules@UModSys@@UBEPBUSUniquePointerInfo@core@5@XZ 1000641e f i umodsys_lib_libui:umodsys.mod.ui.SDL_core.obj
 0001:00005424       ?root_get_other_interface@RGenerator@SDL_core@ui@modules@UModSys@@UBEPBUIRoot@core@5@PBUSUniquePointerInfo@75@@Z 10006424 f i umodsys_lib_libui:umodsys.mod.ui.SDL_core.obj
 0001:00005424       ?root_get_other_interface@RGenerator@SDL_core@ui@modules@UModSys@@UAEPAUIRoot@core@5@PBUSUniquePointerInfo@75@@Z 10006424 f i umodsys_lib_libui:umodsys.mod.ui.SDL_core.obj
 0001:0000543d       ?root_is_interface_supported@RGenerator@SDL_core@ui@modules@UModSys@@UBE_NPBUSUniquePointerInfo@core@5@@Z 1000643d f i umodsys_lib_libui:umodsys.mod.ui.SDL_core.obj
 0001:0000545c       ?ref_remove@RMultiImage2D_SDL_ttf@SDL_core@ui@modules@UModSys@@UBEXXZ 1000645c f i umodsys_lib_libui:umodsys.mod.ui.SDL_core.obj
 0001:0000545c       ?ref_remove@RImage_Memory@stdlib@lib2d@modules@UModSys@@UBEXXZ 1000645c f i umodsys_lib_lib2d:umodsys.mod.2d.stdlib.obj
 0001:0000545c       ?ref_remove@RBinArchiveFrameClient_ZIP@zlib@media@modules@UModSys@@UBEXXZ 1000645c f i umodsys_lib_libmedia:umodsys.mod.media.zlib.obj
 0001:0000545c       ?ref_remove@RGenerator@test1@test@modules@UModSys@@UBEXXZ 1000645c f i plugin_test1.obj
 0001:0000545c       ?ref_remove@RRenderDriver2D@SDL_core@ui@modules@UModSys@@UBEXXZ 1000645c f i umodsys_lib_libui:umodsys.mod.ui.SDL_core.obj
 0001:0000545c       ?ref_remove@RGenerator@SDL_core@ui@modules@UModSys@@UBEXXZ 1000645c f i umodsys_lib_libui:umodsys.mod.ui.SDL_core.obj
 0001:0000545c       ?ref_remove@RTerminal@SDL_core@ui@modules@UModSys@@UBEXXZ 1000645c f i umodsys_lib_libui:umodsys.mod.ui.SDL_core.obj
 0001:0000545c       ?ref_remove@RDialog@frames@ui@modules@UModSys@@UBEXXZ 1000645c f i umodsys_lib_libui:umodsys.mod.ui.frames.obj
 0001:0000545c       ?ref_remove@RGenerator@zlib@media@modules@UModSys@@UBEXXZ 1000645c f i umodsys_lib_libmedia:umodsys.mod.media.zlib.obj
 0001:0000545c       ?ref_remove@RSerializeReader@serialize_json@media@modules@UModSys@@UBEXXZ 1000645c f i umodsys_lib_libmedia:umodsys.mod.media.serialize_json.obj
 0001:0000545c       ?ref_remove@RKeyboardController@SDL_core@ui@modules@UModSys@@UBEXXZ 1000645c f i umodsys_lib_libui:umodsys.mod.ui.SDL_core.obj
 0001:0000545c       ?ref_remove@RGenerator@frames@ui@modules@UModSys@@UBEXXZ 1000645c f i umodsys_lib_libui:umodsys.mod.ui.frames.obj
 0001:0000545c       ?ref_remove@RMouseController@SDL_core@ui@modules@UModSys@@UBEXXZ 1000645c f i umodsys_lib_libui:umodsys.mod.ui.SDL_core.obj
 0001:0000545c       ?ref_remove@RGenerator@images_std@media@modules@UModSys@@UBEXXZ 1000645c f i umodsys_lib_libmedia:umodsys.mod.media.images_std.obj
 0001:0000545c       ?ref_remove@RGenerator@serialize_json@media@modules@UModSys@@UBEXXZ 1000645c f i umodsys_lib_libmedia:umodsys.mod.media.serialize_json.obj
 0001:0000545c       ?ref_remove@RGenerator@stdlib@lib2d@modules@UModSys@@UBEXXZ 1000645c f i umodsys_lib_lib2d:umodsys.mod.2d.stdlib.obj
 0001:00005467       ?get_uid@RGenerator@SDL_core@ui@modules@UModSys@@UBEPBUSUniquePointerInfo@core@5@XZ 10006467 f i umodsys_lib_libui:umodsys.mod.ui.SDL_core.obj
 0001:0000546d       ?do_open@RModuleReg@SDL_core@ui@modules@UModSys@@UAE_NXZ 1000646d f i umodsys_lib_libui:umodsys.mod.ui.SDL_core.obj
 0001:000054bb       ?do_close@RModuleReg@SDL_core@ui@modules@UModSys@@UAE_NXZ 100064bb f i umodsys_lib_libui:umodsys.mod.ui.SDL_core.obj
 0001:000054f6       ?get_module@RGenerator@SDL_core@ui@modules@UModSys@@UBEPAUIModule@base@5@XZ 100064f6 f   umodsys_lib_libui:umodsys.mod.ui.SDL_core.obj
 0001:000054fc       ?mod_inc@RGenerator@SDL_core@ui@modules@UModSys@@UBE_NXZ 100064fc f   umodsys_lib_libui:umodsys.mod.ui.SDL_core.obj
 0001:00005507       ?mod_dec@RGenerator@SDL_core@ui@modules@UModSys@@UBE_NXZ 10006507 f   umodsys_lib_libui:umodsys.mod.ui.SDL_core.obj
 0001:00005512       ?s_holder@RGenerator@SDL_core@ui@modules@UModSys@@SAAAU?$TTypeStaticHolder@URGenerator@SDL_core@ui@modules@UModSys@@@tl@5@XZ 10006512 f   umodsys_lib_libui:umodsys.mod.ui.SDL_core.obj
 0001:00005544       ??1?$TScatterArray@UGlyph@RMultiImage2D_SDL_ttf@SDL_core@ui@modules@UModSys@@HU?$TScalarCompare@H@core@6@U?$TNodeDeleter0@U?$TScatterArrayNode@UGlyph@RMultiImage2D_SDL_ttf@SDL_core@ui@modules@UModSys@@H@tl@UModSys@@@tl@6@@tl@UModSys@@QAE@XZ 10006544 f i umodsys_lib_libui:umodsys.mod.ui.SDL_core.obj
 0001:0000555a       ??0?$TParametersA@$0BAA@@core@UModSys@@QAE@XZ 1000655a f i umodsys_lib_libui:umodsys.mod.ui.SDL_core.obj
 0001:00005589       ??1?$TRefObject@URRenderDriver2D@SDL_core@ui@modules@UModSys@@U?$TRefObjectWeakFunc@URRenderDriver2D@SDL_core@ui@modules@UModSys@@@tl@5@@tl@UModSys@@QAE@XZ 10006589 f i umodsys_lib_libui:umodsys.mod.ui.SDL_core.obj
 0001:00005589       ??1?$TRefObject@URMultiImage2D_SDL_ttf@SDL_core@ui@modules@UModSys@@U?$TRefObjectWeakFunc@URMultiImage2D_SDL_ttf@SDL_core@ui@modules@UModSys@@@tl@5@@tl@UModSys@@QAE@XZ 10006589 f i umodsys_lib_libui:umodsys.mod.ui.SDL_core.obj
 0001:0000558e       ??F?$TTreeIterRB@$$CBU?$TScatterArrayNode@U?$TRefObjectCompositeExtra@UIMouseClient@libui@UModSys@@HUIRefObject@core@3@U?$TRefObjectFunc@UIRefObject@core@UModSys@@@tl@3@@tl@UModSys@@H@tl@UModSys@@$$CBU?$TPair@HU?$TRefObjectCompositeExtra@UIMouseClient@libui@UModSys@@HUIRefObject@core@3@U?$TRefObjectFunc@UIRefObject@core@UModSys@@@tl@3@@tl@UModSys@@@23@@tl@UModSys@@QAE?AU012@XZ 1000658e f i umodsys_lib_libui:umodsys.mod.ui.SDL_core.obj
 0001:0000558e       ??F?$TTreeIterRB@$$CBU?$TScatterArrayNode@U?$TRefObjectComposite@UIKeyboardClient@libui@UModSys@@UIRefObject@core@3@U?$TRefObjectFunc@UIRefObject@core@UModSys@@@tl@3@@tl@UModSys@@H@tl@UModSys@@$$CBU?$TPair@HU?$TRefObjectComposite@UIKeyboardClient@libui@UModSys@@UIRefObject@core@3@U?$TRefObjectFunc@UIRefObject@core@UModSys@@@tl@3@@tl@UModSys@@@23@@tl@UModSys@@QAE?AU012@XZ 1000658e f i umodsys_lib_libui:umodsys.mod.ui.SDL_core.obj
 0001:000055b8       ?remove_node@?$TTreeHoldRB@U?$TScatterArrayNode@U?$TRefObjectComposite@UIKeyboardClient@libui@UModSys@@UIRefObject@core@3@U?$TRefObjectFunc@UIRefObject@core@UModSys@@@tl@3@@tl@UModSys@@H@tl@UModSys@@@tl@UModSys@@QAEXPAU?$TScatterArrayNode@U?$TRefObjectComposite@UIKeyboardClient@libui@UModSys@@UIRefObject@core@3@U?$TRefObjectFunc@UIRefObject@core@UModSys@@@tl@3@@tl@UModSys@@H@23@@Z 100065b8 f i umodsys_lib_libui:umodsys.mod.ui.SDL_core.obj
 0001:000055b8       ?remove_node@?$TTreeHoldRB@U?$TScatterArrayNode@U?$TRefObjectCompositeExtra@UIMouseClient@libui@UModSys@@HUIRefObject@core@3@U?$TRefObjectFunc@UIRefObject@core@UModSys@@@tl@3@@tl@UModSys@@H@tl@UModSys@@@tl@UModSys@@QAEXPAU?$TScatterArrayNode@U?$TRefObjectCompositeExtra@UIMouseClient@libui@UModSys@@HUIRefObject@core@3@U?$TRefObjectFunc@UIRefObject@core@UModSys@@@tl@3@@tl@UModSys@@H@23@@Z 100065b8 f i umodsys_lib_libui:umodsys.mod.ui.SDL_core.obj
 0001:00005695       ??1?$TPair@HU?$TRefObjectComposite@UIKeyboardClient@libui@UModSys@@UIRefObject@core@3@U?$TRefObjectFunc@UIRefObject@core@UModSys@@@tl@3@@tl@UModSys@@@tl@UModSys@@QAE@XZ 10006695 f i umodsys_lib_libui:umodsys.mod.ui.SDL_core.obj
 0001:00005695       ??1?$TPair@HU?$TRefObjectCompositeExtra@UIMouseClient@libui@UModSys@@HUIRefObject@core@3@U?$TRefObjectFunc@UIRefObject@core@UModSys@@@tl@3@@tl@UModSys@@@tl@UModSys@@QAE@XZ 10006695 f i umodsys_lib_libui:umodsys.mod.ui.SDL_core.obj
 0001:0000569f       ??1?$TRefObjectCompositeExtra@UIMouseClient@libui@UModSys@@HUIRefObject@core@3@U?$TRefObjectFunc@UIRefObject@core@UModSys@@@tl@3@@tl@UModSys@@QAE@XZ 1000669f f i umodsys_lib_libui:umodsys.mod.ui.SDL_core.obj
 0001:0000569f       ??1?$TRefObjectComposite@UIKeyboardClient@libui@UModSys@@UIRefObject@core@3@U?$TRefObjectFunc@UIRefObject@core@UModSys@@@tl@3@@tl@UModSys@@QAE@XZ 1000669f f i umodsys_lib_libui:umodsys.mod.ui.SDL_core.obj
 0001:0000569f       ??1?$TRefObjectComposite@UIController@libui@UModSys@@UIRefObject@core@3@U?$TRefObjectFunc@UIRefObject@core@UModSys@@@tl@3@@tl@UModSys@@QAE@XZ 1000669f f i umodsys_lib_libui:umodsys.mod.ui.frames.obj
 0001:000056e4       ?remove_color@?$TTreeHoldRB@U?$TScatterArrayNode@U?$TRefObjectCompositeExtra@UIMouseClient@libui@UModSys@@HUIRefObject@core@3@U?$TRefObjectFunc@UIRefObject@core@UModSys@@@tl@3@@tl@UModSys@@H@tl@UModSys@@@tl@UModSys@@IAEXPAU?$TScatterArrayNode@U?$TRefObjectCompositeExtra@UIMouseClient@libui@UModSys@@HUIRefObject@core@3@U?$TRefObjectFunc@UIRefObject@core@UModSys@@@tl@3@@tl@UModSys@@H@23@0@Z 100066e4 f i umodsys_lib_libui:umodsys.mod.ui.SDL_core.obj
 0001:000056e4       ?remove_color@?$TTreeHoldRB@U?$TScatterArrayNode@U?$TRefObjectComposite@UIKeyboardClient@libui@UModSys@@UIRefObject@core@3@U?$TRefObjectFunc@UIRefObject@core@UModSys@@@tl@3@@tl@UModSys@@H@tl@UModSys@@@tl@UModSys@@IAEXPAU?$TScatterArrayNode@U?$TRefObjectComposite@UIKeyboardClient@libui@UModSys@@UIRefObject@core@3@U?$TRefObjectFunc@UIRefObject@core@UModSys@@@tl@3@@tl@UModSys@@H@23@0@Z 100066e4 f i umodsys_lib_libui:umodsys.mod.ui.SDL_core.obj
 0001:000057e6       ??$t_close@U?$TRefObject@URRenderDriver2D@SDL_core@ui@modules@UModSys@@U?$TRefObjectWeakFunc@URRenderDriver2D@SDL_core@ui@modules@UModSys@@@tl@5@@tl@UModSys@@@SDL_core@ui@modules@UModSys@@YA_NAAU?$TScatterArray@U?$TRefObject@URRenderDriver2D@SDL_core@ui@modules@UModSys@@U?$TRefObjectWeakFunc@URRenderDriver2D@SDL_core@ui@modules@UModSys@@@tl@5@@tl@UModSys@@HU?$TScalarCompare@H@core@3@U?$TNodeDeleter0@U?$TScatterArrayNode@U?$TRefObject@URRenderDriver2D@SDL_core@ui@modules@UModSys@@U?$TRefObjectWeakFunc@URRenderDriver2D@SDL_core@ui@modules@UModSys@@@tl@5@@tl@UModSys@@H@tl@UModSys@@@23@@tl@3@@Z 100067e6 f i umodsys_lib_libui:umodsys.mod.ui.SDL_core.obj
 0001:0000583f       ??$t_count@U?$TRefObject@URRenderDriver2D@SDL_core@ui@modules@UModSys@@U?$TRefObjectWeakFunc@URRenderDriver2D@SDL_core@ui@modules@UModSys@@@tl@5@@tl@UModSys@@@SDL_core@ui@modules@UModSys@@YAIABU?$TScatterArray@U?$TRefObject@URRenderDriver2D@SDL_core@ui@modules@UModSys@@U?$TRefObjectWeakFunc@URRenderDriver2D@SDL_core@ui@modules@UModSys@@@tl@5@@tl@UModSys@@HU?$TScalarCompare@H@core@3@U?$TNodeDeleter0@U?$TScatterArrayNode@U?$TRefObject@URRenderDriver2D@SDL_core@ui@modules@UModSys@@U?$TRefObjectWeakFunc@URRenderDriver2D@SDL_core@ui@modules@UModSys@@@tl@5@@tl@UModSys@@H@tl@UModSys@@@23@@tl@3@@Z 1000683f f i umodsys_lib_libui:umodsys.mod.ui.SDL_core.obj
 0001:0000588a       ??$t_get@U?$TRefObject@URRenderDriver2D@SDL_core@ui@modules@UModSys@@U?$TRefObjectWeakFunc@URRenderDriver2D@SDL_core@ui@modules@UModSys@@@tl@5@@tl@UModSys@@@SDL_core@ui@modules@UModSys@@YAPAUIRefObject@core@3@ABU?$TScatterArray@U?$TRefObject@URRenderDriver2D@SDL_core@ui@modules@UModSys@@U?$TRefObjectWeakFunc@URRenderDriver2D@SDL_core@ui@modules@UModSys@@@tl@5@@tl@UModSys@@HU?$TScalarCompare@H@core@3@U?$TNodeDeleter0@U?$TScatterArrayNode@U?$TRefObject@URRenderDriver2D@SDL_core@ui@modules@UModSys@@U?$TRefObjectWeakFunc@URRenderDriver2D@SDL_core@ui@modules@UModSys@@@tl@5@@tl@UModSys@@H@tl@UModSys@@@23@@tl@3@I@Z 1000688a f i umodsys_lib_libui:umodsys.mod.ui.SDL_core.obj
 0001:000058e9       ??$ValidateConstruction@UIRefObject@core@UModSys@@URRenderDriver2D@SDL_core@ui@modules@3@@core@UModSys@@YA_NAAU?$TRefObject@UIRefObject@core@UModSys@@U?$TRefObjectFunc@UIRefObject@core@UModSys@@@tl@3@@tl@1@U?$TRefObject@URRenderDriver2D@SDL_core@ui@modules@UModSys@@U?$TRefObjectFunc@URRenderDriver2D@SDL_core@ui@modules@UModSys@@@tl@5@@31@@Z 100068e9 f i umodsys_lib_libui:umodsys.mod.ui.SDL_core.obj
 0001:00005940       ??$t_add@U?$TRefObject@URRenderDriver2D@SDL_core@ui@modules@UModSys@@U?$TRefObjectWeakFunc@URRenderDriver2D@SDL_core@ui@modules@UModSys@@@tl@5@@tl@UModSys@@URRenderDriver2D@SDL_core@ui@modules@3@@SDL_core@ui@modules@UModSys@@YA_NAAU?$TScatterArray@U?$TRefObject@URRenderDriver2D@SDL_core@ui@modules@UModSys@@U?$TRefObjectWeakFunc@URRenderDriver2D@SDL_core@ui@modules@UModSys@@@tl@5@@tl@UModSys@@HU?$TScalarCompare@H@core@3@U?$TNodeDeleter0@U?$TScatterArrayNode@U?$TRefObject@URRenderDriver2D@SDL_core@ui@modules@UModSys@@U?$TRefObjectWeakFunc@URRenderDriver2D@SDL_core@ui@modules@UModSys@@@tl@5@@tl@UModSys@@H@tl@UModSys@@@23@@tl@3@PAURRenderDriver2D@0123@@Z 10006940 f i umodsys_lib_libui:umodsys.mod.ui.SDL_core.obj
 0001:0000599f       ??$ValidateConstruction@UIRefObject@core@UModSys@@URKeyboardController@SDL_core@ui@modules@3@@core@UModSys@@YA_NAAU?$TRefObject@UIRefObject@core@UModSys@@U?$TRefObjectFunc@UIRefObject@core@UModSys@@@tl@3@@tl@1@U?$TRefObject@URKeyboardController@SDL_core@ui@modules@UModSys@@U?$TRefObjectFunc@URKeyboardController@SDL_core@ui@modules@UModSys@@@tl@5@@31@@Z 1000699f f i umodsys_lib_libui:umodsys.mod.ui.SDL_core.obj
 0001:0000599f       ??$ValidateConstruction@UIRefObject@core@UModSys@@URMouseController@SDL_core@ui@modules@3@@core@UModSys@@YA_NAAU?$TRefObject@UIRefObject@core@UModSys@@U?$TRefObjectFunc@UIRefObject@core@UModSys@@@tl@3@@tl@1@U?$TRefObject@URMouseController@SDL_core@ui@modules@UModSys@@U?$TRefObjectFunc@URMouseController@SDL_core@ui@modules@UModSys@@@tl@5@@31@@Z 1000699f f i umodsys_lib_libui:umodsys.mod.ui.SDL_core.obj
 0001:000059dd       ??$t_gen_param@URTerminal@SDL_core@ui@modules@UModSys@@URGenerator@2345@@IGenerator@base@UModSys@@IAE_NPAURGenerator@SDL_core@ui@modules@2@AAU?$TRefObject@UIRefObject@core@UModSys@@U?$TRefObjectFunc@UIRefObject@core@UModSys@@@tl@3@@tl@2@PBUSUniquePointerInfo@core@2@ABUSParameters@core@2@@Z 100069dd f i umodsys_lib_libui:umodsys.mod.ui.SDL_core.obj
 0001:00005a6f       ??$genx_node@UCmp@?$TScatterArray@U?$TRefObjectCompositeExtra@UIMouseClient@libui@UModSys@@HUIRefObject@core@3@U?$TRefObjectFunc@UIRefObject@core@UModSys@@@tl@3@@tl@UModSys@@HU?$TScalarCompare@H@core@3@U?$TNodeDeleter0@U?$TScatterArrayNode@U?$TRefObjectCompositeExtra@UIMouseClient@libui@UModSys@@HUIRefObject@core@3@U?$TRefObjectFunc@UIRefObject@core@UModSys@@@tl@3@@tl@UModSys@@H@tl@UModSys@@@23@@tl@UModSys@@UGen0@234@@?$TTreeHoldRBD@U?$TScatterArrayNode@U?$TRefObjectCompositeExtra@UIMouseClient@libui@UModSys@@HUIRefObject@core@3@U?$TRefObjectFunc@UIRefObject@core@UModSys@@@tl@3@@tl@UModSys@@H@tl@UModSys@@U?$TNodeDeleter0@U?$TScatterArrayNode@U?$TRefObjectCompositeExtra@UIMouseClient@libui@UModSys@@HUIRefObject@core@3@U?$TRefObjectFunc@UIRefObject@core@UModSys@@@tl@3@@tl@UModSys@@H@tl@UModSys@@@23@@tl@UModSys@@QAEPAU?$TScatterArrayNode@U?$TRefObjectCompositeExtra@UIMouseClient@libui@UModSys@@HUIRefObject@core@3@U?$TRefObjectFunc@UIRefObject@core@UModSys@@@tl@3@@tl@UModSys@@H@12@UCmp@?$TScatterArray@U?$TRefObjectCompositeExtra@UIMouseClient@libui@UModSys@@HUIRefObject@core@3@U?$TRefObjectFunc@UIRefObject@core@UModSys@@@tl@3@@tl@UModSys@@HU?$TScalarCompare@H@core@3@U?$TNodeDeleter0@U?$TScatterArrayNode@U?$TRefObjectCompositeExtra@UIMouseClient@libui@UModSys@@HUIRefObject@core@3@U?$TRefObjectFunc@UIRefObject@core@UModSys@@@tl@3@@tl@UModSys@@H@tl@UModSys@@@23@@12@ABUGen0@512@PAPAU312@2_N@Z 10006a6f f i umodsys_lib_libui:umodsys.mod.ui.SDL_core.obj
 0001:00005afd       ??$genx_node@UCmp@?$TScatterArray@U?$TRefObjectComposite@UIKeyboardClient@libui@UModSys@@UIRefObject@core@3@U?$TRefObjectFunc@UIRefObject@core@UModSys@@@tl@3@@tl@UModSys@@HU?$TScalarCompare@H@core@3@U?$TNodeDeleter0@U?$TScatterArrayNode@U?$TRefObjectComposite@UIKeyboardClient@libui@UModSys@@UIRefObject@core@3@U?$TRefObjectFunc@UIRefObject@core@UModSys@@@tl@3@@tl@UModSys@@H@tl@UModSys@@@23@@tl@UModSys@@UGen0@234@@?$TTreeHoldRBD@U?$TScatterArrayNode@U?$TRefObjectComposite@UIKeyboardClient@libui@UModSys@@UIRefObject@core@3@U?$TRefObjectFunc@UIRefObject@core@UModSys@@@tl@3@@tl@UModSys@@H@tl@UModSys@@U?$TNodeDeleter0@U?$TScatterArrayNode@U?$TRefObjectComposite@UIKeyboardClient@libui@UModSys@@UIRefObject@core@3@U?$TRefObjectFunc@UIRefObject@core@UModSys@@@tl@3@@tl@UModSys@@H@tl@UModSys@@@23@@tl@UModSys@@QAEPAU?$TScatterArrayNode@U?$TRefObjectComposite@UIKeyboardClient@libui@UModSys@@UIRefObject@core@3@U?$TRefObjectFunc@UIRefObject@core@UModSys@@@tl@3@@tl@UModSys@@H@12@UCmp@?$TScatterArray@U?$TRefObjectComposite@UIKeyboardClient@libui@UModSys@@UIRefObject@core@3@U?$TRefObjectFunc@UIRefObject@core@UModSys@@@tl@3@@tl@UModSys@@HU?$TScalarCompare@H@core@3@U?$TNodeDeleter0@U?$TScatterArrayNode@U?$TRefObjectComposite@UIKeyboardClient@libui@UModSys@@UIRefObject@core@3@U?$TRefObjectFunc@UIRefObject@core@UModSys@@@tl@3@@tl@UModSys@@H@tl@UModSys@@@23@@12@ABUGen0@512@PAPAU312@2_N@Z 10006afd f i umodsys_lib_libui:umodsys.mod.ui.SDL_core.obj
 0001:00005b8b       ?sub_insert_node@?$TTreeHoldRB@U?$TScatterArrayNode@HH@tl@UModSys@@@tl@UModSys@@QAEXPAU?$TScatterArrayNode@HH@23@0H@Z 10006b8b f i umodsys_lib_libui:umodsys.mod.ui.frames.obj
 0001:00005b8b       ?sub_insert_node@?$TTreeHoldRB@U?$TScatterArrayNode@U?$TRefObjectComposite@UIKeyboardClient@libui@UModSys@@UIRefObject@core@3@U?$TRefObjectFunc@UIRefObject@core@UModSys@@@tl@3@@tl@UModSys@@H@tl@UModSys@@@tl@UModSys@@QAEXPAU?$TScatterArrayNode@U?$TRefObjectComposite@UIKeyboardClient@libui@UModSys@@UIRefObject@core@3@U?$TRefObjectFunc@UIRefObject@core@UModSys@@@tl@3@@tl@UModSys@@H@23@0H@Z 10006b8b f i umodsys_lib_libui:umodsys.mod.ui.SDL_core.obj
 0001:00005b8b       ?sub_insert_node@?$TTreeHoldRB@U?$TScatterArrayNode@U?$TVector4@M@math3d@UModSys@@H@tl@UModSys@@@tl@UModSys@@QAEXPAU?$TScatterArrayNode@U?$TVector4@M@math3d@UModSys@@H@23@0H@Z 10006b8b f i umodsys_lib_libui:umodsys.mod.ui.frames.obj
[...]
 0001:00013eea       ??__E?s_modreg_chain@RModuleReg@serialize_json@media@modules@UModSys@@2USModuleRegChain@base@5@A@@YAXXZ 10014eea f    CIL library: CIL module
 0001:00013f05       ??__E?s_uid@RGenerator@serialize_json@media@modules@UModSys@@2USUniquePointer@core@5@A@@YAXXZ 10014f05 f    CIL library: CIL module
 0001:00013f27       ??__E?s_id@?$TObjectUniqueID@URSerializeReader@serialize_json@media@modules@UModSys@@@tl@UModSys@@2USUniquePointer@core@3@A@@YAXXZ 10014f27 f    CIL library: CIL module
 0001:00013f49       ??__E?s_id@?$TObjectUniqueID@URSerializeWriter@serialize_json@media@modules@UModSys@@@tl@UModSys@@2USUniquePointer@core@3@A@@YAXXZ 10014f49 f    CIL library: CIL module
 0001:00013f6b       ??__E?s_id@?$TObjectUniqueID@URGenerator@serialize_json@media@modules@UModSys@@@tl@UModSys@@2USUniquePointer@core@3@A@@YAXXZ 10014f6b f    CIL library: CIL module
 0001:00013f8d       ??__E?s_modreg@RModuleReg@zlib@media@modules@UModSys@@2U12345@A@@YAXXZ 10014f8d f    CIL library: CIL module
 0001:00013fc3       ??__E?s_modreg_chain@RModuleReg@zlib@media@modules@UModSys@@2USModuleRegChain@base@5@A@@YAXXZ 10014fc3 f    CIL library: CIL module
 0001:00013fde       ??__E?s_uid@RGenerator@zlib@media@modules@UModSys@@2USUniquePointer@core@5@A@@YAXXZ 10014fde f    CIL library: CIL module
 0001:00014000       ??__E?s_id@?$TObjectUniqueID@URBinArchiveFrameClient_ZIP@zlib@media@modules@UModSys@@@tl@UModSys@@2USUniquePointer@core@3@A@@YAXXZ 10015000 f    CIL library: CIL module
 0001:00014022       ??__E?s_id@?$TObjectUniqueID@URGenerator@zlib@media@modules@UModSys@@@tl@UModSys@@2USUniquePointer@core@3@A@@YAXXZ 10015022 f    CIL library: CIL module
 0001:00014044       ??__EM@UModSys@@YAXXZ      10015044 f    CIL library: CIL module
 0001:00014050       ??__E?root@SModuleRegChain@base@UModSys@@2U123@A@@YAXXZ 10015050 f    CIL library: CIL module
 0001:0001405c       ??__E?s_library@RModuleLibraryReg_Chain@base@UModSys@@2U123@A@@YAXXZ 1001505c f    CIL library: CIL module
 0001:00014068       ??__E?root@SUniquePointer@core@UModSys@@2U123@A@@YAXXZ 10015068 f    CIL library: CIL module
 0001:00014074       ??__F?s_modreg@RModuleReg@test1@test@modules@UModSys@@2U12345@A@@YAXXZ 10015074 f    CIL library: CIL module
 0001:0001407f       ??__F?s_modreg_chain@RModuleReg@test1@test@modules@UModSys@@2USModuleRegChain@base@5@A@@YAXXZ 1001507f f    CIL library: CIL module
 0001:00014089       ??__F?s_uid@RGenerator@test1@test@modules@UModSys@@2USUniquePointer@core@5@A@@YAXXZ 10015089 f    CIL library: CIL module
 0001:00014093       ??__Fh@?1??s_holder@RGenerator@test1@test@modules@UModSys@@SAAAU?$TTypeStaticHolder@URGenerator@test1@test@modules@UModSys@@@tl@5@XZ@YAXXZ 10015093 f    CIL library: CIL module
 0001:000140b0       ??__F?s_id@?$TObjectUniqueID@URGenerator@test1@test@modules@UModSys@@@tl@UModSys@@2USUniquePointer@core@3@A@@YAXXZ 100150b0 f    CIL library: CIL module
 0001:000140ba       ??__F?s_id@?$TObjectUniqueID@URTest1_Shell@test1@test@modules@UModSys@@@tl@UModSys@@2USUniquePointer@core@3@A@@YAXXZ 100150ba f    CIL library: CIL module
 0001:000140c4       ??__F?s_id@?$TObjectUniqueID@URLines_Filter@test1@test@modules@UModSys@@@tl@UModSys@@2USUniquePointer@core@3@A@@YAXXZ 100150c4 f    CIL library: CIL module
 0001:000140ce       ??__F?s_id@?$TObjectUniqueID@URLines@test1@test@modules@UModSys@@@tl@UModSys@@2USUniquePointer@core@3@A@@YAXXZ 100150ce f    CIL library: CIL module
 0001:000140d8       ??__F?s_id@?$TObjectUniqueID@UILines@test1@test@modules@UModSys@@@tl@UModSys@@2USUniquePointer@core@3@A@@YAXXZ 100150d8 f    CIL library: CIL module
 0001:000140e2       ??__F?s_id@?$TObjectUniqueID@UIRenderDriver@lib2d@UModSys@@@tl@UModSys@@2USUniquePointer@core@3@A@@YAXXZ 100150e2 f    CIL library: CIL module
 0001:000140ec       ??__F?s_id@?$TObjectUniqueID@UIMultiImage@lib2d@UModSys@@@tl@UModSys@@2USUniquePointer@core@3@A@@YAXXZ 100150ec f    CIL library: CIL module
 0001:000140f6       ??__F?s_id@?$TObjectUniqueID@UIImage@lib2d@UModSys@@@tl@UModSys@@2USUniquePointer@core@3@A@@YAXXZ 100150f6 f    CIL library: CIL module
 0001:00014100       ??__F?s_id@?$TObjectUniqueID@UIDialog@libui@UModSys@@@tl@UModSys@@2USUniquePointer@core@3@A@@YAXXZ 10015100 f    CIL library: CIL module
 0001:0001410a       ??__F?s_id@?$TObjectUniqueID@UIFrame@libui@UModSys@@@tl@UModSys@@2USUniquePointer@core@3@A@@YAXXZ 1001510a f    CIL library: CIL module
 0001:00014114       ??__F?s_id@?$TObjectUniqueID@UIAsyncCollector@libui@UModSys@@@tl@UModSys@@2USUniquePointer@core@3@A@@YAXXZ 10015114 f    CIL library: CIL module
 0001:0001411e       ??__F?s_id@?$TObjectUniqueID@UIAsyncController@libui@UModSys@@@tl@UModSys@@2USUniquePointer@core@3@A@@YAXXZ 1001511e f    CIL library: CIL module
 0001:00014128       ??__F?s_id@?$TObjectUniqueID@UICollector@libui@UModSys@@@tl@UModSys@@2USUniquePointer@core@3@A@@YAXXZ 10015128 f    CIL library: CIL module
 0001:00014132       ??__F?s_id@?$TObjectUniqueID@UIConsoleHelperInput_UIKey@libui@UModSys@@@tl@UModSys@@2USUniquePointer@core@3@A@@YAXXZ 10015132 f    CIL library: CIL module
 0001:0001413c       ??__F?s_id@?$TObjectUniqueID@UITerminal@libui@UModSys@@@tl@UModSys@@2USUniquePointer@core@3@A@@YAXXZ 1001513c f    CIL library: CIL module
 0001:00014146       ??__F?s_id@?$TObjectUniqueID@UIJoystickController@libui@UModSys@@@tl@UModSys@@2USUniquePointer@core@3@A@@YAXXZ 10015146 f    CIL library: CIL module
 0001:00014150       ??__F?s_id@?$TObjectUniqueID@UIMouseController@libui@UModSys@@@tl@UModSys@@2USUniquePointer@core@3@A@@YAXXZ 10015150 f    CIL library: CIL module
 0001:0001415a       ??__F?s_id@?$TObjectUniqueID@UIKeyboardController@libui@UModSys@@@tl@UModSys@@2USUniquePointer@core@3@A@@YAXXZ 1001515a f    CIL library: CIL module
 0001:00014164       ??__F?s_id@?$TObjectUniqueID@UIConsoleHelperOutputFCS@base@UModSys@@@tl@UModSys@@2USUniquePointer@core@3@A@@YAXXZ 10015164 f    CIL library: CIL module
 0001:0001416e       ??__F?s_id@?$TObjectUniqueID@UIConsoleHelperOutput@base@UModSys@@@tl@UModSys@@2USUniquePointer@core@3@A@@YAXXZ 1001516e f    CIL library: CIL module
 0001:00014178       ??__F?s_id@?$TObjectUniqueID@UIConsoleHelperInput@base@UModSys@@@tl@UModSys@@2USUniquePointer@core@3@A@@YAXXZ 10015178 f    CIL library: CIL module
 0001:00014182       ??__F?s_id@?$TObjectUniqueID@UIConsoleHelperHistory@base@UModSys@@@tl@UModSys@@2USUniquePointer@core@3@A@@YAXXZ 10015182 f    CIL library: CIL module
 0001:0001418c       ??__F?s_id@?$TObjectUniqueID@UIConsoleHelper@base@UModSys@@@tl@UModSys@@2USUniquePointer@core@3@A@@YAXXZ 1001518c f    CIL library: CIL module
 0001:00014196       ??__F?s_id@?$TObjectUniqueID@UIConsoleExt@base@UModSys@@@tl@UModSys@@2USUniquePointer@core@3@A@@YAXXZ 10015196 f    CIL library: CIL module
 0001:000141a0       ??__F?s_id@?$TObjectUniqueID@UISerializeWriter@libmedia@UModSys@@@tl@UModSys@@2USUniquePointer@core@3@A@@YAXXZ 100151a0 f    CIL library: CIL module
 0001:000141aa       ??__F?s_id@?$TObjectUniqueID@UISerializeReader@libmedia@UModSys@@@tl@UModSys@@2USUniquePointer@core@3@A@@YAXXZ 100151aa f    CIL library: CIL module
 0001:000141b4       ??__F?s_id@?$TObjectUniqueID@UIClient@IBinArchiveFrame@libmedia@UModSys@@@tl@UModSys@@2USUniquePointer@core@3@A@@YAXXZ 100151b4 f    CIL library: CIL module
 0001:000141be       ??__F?s_id@?$TObjectUniqueID@UIBinArchiveFrame@libmedia@UModSys@@@tl@UModSys@@2USUniquePointer@core@3@A@@YAXXZ 100151be f    CIL library: CIL module
 0001:000141c8       ??__F?s_id@?$TObjectUniqueID@UILibraryLayered@libmedia@UModSys@@@tl@UModSys@@2USUniquePointer@core@3@A@@YAXXZ 100151c8 f    CIL library: CIL module
 0001:000141d2       ??__F?s_id@?$TObjectUniqueID@UILibraryObjCache@libmedia@UModSys@@@tl@UModSys@@2USUniquePointer@core@3@A@@YAXXZ 100151d2 f    CIL library: CIL module
 0001:000141dc       ??__F?s_id@?$TObjectUniqueID@UILibraryObjFilter@libmedia@UModSys@@@tl@UModSys@@2USUniquePointer@core@3@A@@YAXXZ 100151dc f    CIL library: CIL module
 0001:000141e6       ??__F?s_id@?$TObjectUniqueID@UILibraryBinCache@libmedia@UModSys@@@tl@UModSys@@2USUniquePointer@core@3@A@@YAXXZ 100151e6 f    CIL library: CIL module
 0001:000141f0       ??__F?s_id@?$TObjectUniqueID@UILibraryBinTree@libmedia@UModSys@@@tl@UModSys@@2USUniquePointer@core@3@A@@YAXXZ 100151f0 f    CIL library: CIL module
 0001:000141fa       ??__F?s_id@?$TObjectUniqueID@UILibrary@libmedia@UModSys@@@tl@UModSys@@2USUniquePointer@core@3@A@@YAXXZ 100151fa f    CIL library: CIL module
 0001:00014204       ??__F?s_id@?$TObjectUniqueID@UIBinObjFilter@libmedia@UModSys@@@tl@UModSys@@2USUniquePointer@core@3@A@@YAXXZ 10015204 f    CIL library: CIL module
 0001:0001420e       ??__F?s_id@?$TObjectUniqueID@UIBinArchive@libmedia@UModSys@@@tl@UModSys@@2USUniquePointer@core@3@A@@YAXXZ 1001520e f    CIL library: CIL module
 0001:00014218       ??__F?s_id@?$TObjectUniqueID@UILibObject@libmedia@UModSys@@@tl@UModSys@@2USUniquePointer@core@3@A@@YAXXZ 10015218 f    CIL library: CIL module
 0001:00014222       ??__F?s_id@?$TObjectUniqueID@UIUtilities@libmedia@UModSys@@@tl@UModSys@@2USUniquePointer@core@3@A@@YAXXZ 10015222 f    CIL library: CIL module
 0001:0001422c       ??__F?s_id@?$TObjectUniqueID@UIStreamWriter@libmedia@UModSys@@@tl@UModSys@@2USUniquePointer@core@3@A@@YAXXZ 1001522c f    CIL library: CIL module
 0001:00014236       ??__F?s_id@?$TObjectUniqueID@UIStreamReader@libmedia@UModSys@@@tl@UModSys@@2USUniquePointer@core@3@A@@YAXXZ 10015236 f    CIL library: CIL module
 0001:00014240       ??__F?s_id@?$TObjectUniqueID@UISystem@base@UModSys@@@tl@UModSys@@2USUniquePointer@core@3@A@@YAXXZ 10015240 f    CIL library: CIL module
 0001:0001424a       ??__F?s_id@?$TObjectUniqueID@UIConsole@base@UModSys@@@tl@UModSys@@2USUniquePointer@core@3@A@@YAXXZ 1001524a f    CIL library: CIL module
 0001:00014254       ??__F?s_id@?$TObjectUniqueID@UIShell@base@UModSys@@@tl@UModSys@@2USUniquePointer@core@3@A@@YAXXZ 10015254 f    CIL library: CIL module
 0001:0001425e       ??__F?s_id@?$TObjectUniqueID@UIGenerator@base@UModSys@@@tl@UModSys@@2USUniquePointer@core@3@A@@YAXXZ 1001525e f    CIL library: CIL module
 0001:00014268       ??__F?s_id@?$TObjectUniqueID@UIModObject@base@UModSys@@@tl@UModSys@@2USUniquePointer@core@3@A@@YAXXZ 10015268 f    CIL library: CIL module
 0001:00014272       ??__F?s_id@?$TObjectUniqueID@UIModuleLibrary@base@UModSys@@@tl@UModSys@@2USUniquePointer@core@3@A@@YAXXZ 10015272 f    CIL library: CIL module
 0001:0001427c       ??__F?s_id@?$TObjectUniqueID@UIModule@base@UModSys@@@tl@UModSys@@2USUniquePointer@core@3@A@@YAXXZ 1001527c f    CIL library: CIL module
 0001:00014286       ??__F?s_id@?$TObjectUniqueID@UIParameters@core@UModSys@@@tl@UModSys@@2USUniquePointer@core@3@A@@YAXXZ 10015286 f    CIL library: CIL module
 0001:00014290       ??__F?s_id@?$TObjectUniqueID@UIRefObject@core@UModSys@@@tl@UModSys@@2USUniquePointer@core@3@A@@YAXXZ 10015290 f    CIL library: CIL module
 0001:0001429a       ??__F?s_id@?$TObjectUniqueID@UIRoot@core@UModSys@@@tl@UModSys@@2USUniquePointer@core@3@A@@YAXXZ 1001529a f    CIL library: CIL module
 0001:000142a4       ??__F?s_modreg@RModuleReg@stdlib@lib2d@modules@UModSys@@2U12345@A@@YAXXZ 100152a4 f    CIL library: CIL module
 0001:000142af       ??__F?s_modreg_chain@RModuleReg@stdlib@lib2d@modules@UModSys@@2USModuleRegChain@base@5@A@@YAXXZ 100152af f    CIL library: CIL module
 0001:000142b9       ??__F?s_uid@RGenerator@stdlib@lib2d@modules@UModSys@@2USUniquePointer@core@5@A@@YAXXZ 100152b9 f    CIL library: CIL module
 0001:000142c3       ??__Fh@?1??s_holder@RGenerator@stdlib@lib2d@modules@UModSys@@SAAAU?$TTypeStaticHolder@URGenerator@stdlib@lib2d@modules@UModSys@@@tl@5@XZ@YAXXZ 100152c3 f    CIL library: CIL module
 0001:000142e0       ??__F?s_id@?$TObjectUniqueID@URGenerator@stdlib@lib2d@modules@UModSys@@@tl@UModSys@@2USUniquePointer@core@3@A@@YAXXZ 100152e0 f    CIL library: CIL module
 0001:000142ea       ??__F?s_id@?$TObjectUniqueID@URImage_Memory@stdlib@lib2d@modules@UModSys@@@tl@UModSys@@2USUniquePointer@core@3@A@@YAXXZ 100152ea f    CIL library: CIL module
 0001:000142f4       ??__F?s_modreg@RModuleReg@SDL_core@ui@modules@UModSys@@2U12345@A@@YAXXZ 100152f4 f    CIL library: CIL module
 0001:000142ff       ??__F?s_modreg_chain@RModuleReg@SDL_core@ui@modules@UModSys@@2USModuleRegChain@base@5@A@@YAXXZ 100152ff f    CIL library: CIL module
 0001:00014309       ??__F?s_uid@RGenerator@SDL_core@ui@modules@UModSys@@2USUniquePointer@core@5@A@@YAXXZ 10015309 f    CIL library: CIL module
 0001:00014313       ??__Fh@?1??s_holder@RGenerator@SDL_core@ui@modules@UModSys@@SAAAU?$TTypeStaticHolder@URGenerator@SDL_core@ui@modules@UModSys@@@tl@5@XZ@YAXXZ 10015313 f    CIL library: CIL module
 0001:00014330       ??__F?s_id@?$TObjectUniqueID@URGenerator@SDL_core@ui@modules@UModSys@@@tl@UModSys@@2USUniquePointer@core@3@A@@YAXXZ 10015330 f    CIL library: CIL module
 0001:0001433a       ??__F?s_id@?$TObjectUniqueID@URTerminal@SDL_core@ui@modules@UModSys@@@tl@UModSys@@2USUniquePointer@core@3@A@@YAXXZ 1001533a f    CIL library: CIL module
 0001:00014344       ??__F?s_id@?$TObjectUniqueID@URKeyboardController@SDL_core@ui@modules@UModSys@@@tl@UModSys@@2USUniquePointer@core@3@A@@YAXXZ 10015344 f    CIL library: CIL module
 0001:0001434e       ??__F?s_id@?$TObjectUniqueID@URMouseController@SDL_core@ui@modules@UModSys@@@tl@UModSys@@2USUniquePointer@core@3@A@@YAXXZ 1001534e f    CIL library: CIL module
 0001:00014358       ??__F?s_id@?$TObjectUniqueID@URRenderDriver2D@SDL_core@ui@modules@UModSys@@@tl@UModSys@@2USUniquePointer@core@3@A@@YAXXZ 10015358 f    CIL library: CIL module
 0001:00014362       ??__F?s_id@?$TObjectUniqueID@URMultiImage2D_SDL_ttf@SDL_core@ui@modules@UModSys@@@tl@UModSys@@2USUniquePointer@core@3@A@@YAXXZ 10015362 f    CIL library: CIL module
 0001:0001436c       ??__F?s_modreg@RModuleReg@frames@ui@modules@UModSys@@2U12345@A@@YAXXZ 1001536c f    CIL library: CIL module
 0001:00014377       ??__F?s_modreg_chain@RModuleReg@frames@ui@modules@UModSys@@2USModuleRegChain@base@5@A@@YAXXZ 10015377 f    CIL library: CIL module
 0001:00014381       ??__F?s_uid@RGenerator@frames@ui@modules@UModSys@@2USUniquePointer@core@5@A@@YAXXZ 10015381 f    CIL library: CIL module
 0001:0001438b       ??__Fh@?1??s_holder@RGenerator@frames@ui@modules@UModSys@@SAAAU?$TTypeStaticHolder@URGenerator@frames@ui@modules@UModSys@@@tl@5@XZ@YAXXZ 1001538b f    CIL library: CIL module
 0001:000143a8       ??__F?s_id@?$TObjectUniqueID@URGenerator@frames@ui@modules@UModSys@@@tl@UModSys@@2USUniquePointer@core@3@A@@YAXXZ 100153a8 f    CIL library: CIL module
 0001:000143b2       ??__F?s_id@?$TObjectUniqueID@URCollector@frames@ui@modules@UModSys@@@tl@UModSys@@2USUniquePointer@core@3@A@@YAXXZ 100153b2 f    CIL library: CIL module
 0001:000143bc       ??__F?s_id@?$TObjectUniqueID@URFrame_List@frames@ui@modules@UModSys@@@tl@UModSys@@2USUniquePointer@core@3@A@@YAXXZ 100153bc f    CIL library: CIL module
 0001:000143c6       ??__F?s_id@?$TObjectUniqueID@URFrame_Edit@frames@ui@modules@UModSys@@@tl@UModSys@@2USUniquePointer@core@3@A@@YAXXZ 100153c6 f    CIL library: CIL module
 0001:000143d0       ??__F?s_id@?$TObjectUniqueID@URFrame_Button@frames@ui@modules@UModSys@@@tl@UModSys@@2USUniquePointer@core@3@A@@YAXXZ 100153d0 f    CIL library: CIL module
 0001:000143da       ??__F?s_id@?$TObjectUniqueID@URFrame_Text@frames@ui@modules@UModSys@@@tl@UModSys@@2USUniquePointer@core@3@A@@YAXXZ 100153da f    CIL library: CIL module
 0001:000143e4       ??__F?s_id@?$TObjectUniqueID@URFrame_Image@frames@ui@modules@UModSys@@@tl@UModSys@@2USUniquePointer@core@3@A@@YAXXZ 100153e4 f    CIL library: CIL module
 0001:000143ee       ??__F?s_id@?$TObjectUniqueID@URFrame_Frame@frames@ui@modules@UModSys@@@tl@UModSys@@2USUniquePointer@core@3@A@@YAXXZ 100153ee f    CIL library: CIL module
 0001:000143f8       ??__F?s_id@?$TObjectUniqueID@URDialog@frames@ui@modules@UModSys@@@tl@UModSys@@2USUniquePointer@core@3@A@@YAXXZ 100153f8 f    CIL library: CIL module
 0001:00014402       ??__F?s_id@?$TObjectUniqueID@URFrame_Common@frames@ui@modules@UModSys@@@tl@UModSys@@2USUniquePointer@core@3@A@@YAXXZ 10015402 f    CIL library: CIL module
 0001:0001440c       ??__F?s_modreg@RModuleReg@images_std@media@modules@UModSys@@2U12345@A@@YAXXZ 1001540c f    CIL library: CIL module
 0001:00014417       ??__F?s_modreg_chain@RModuleReg@images_std@media@modules@UModSys@@2USModuleRegChain@base@5@A@@YAXXZ 10015417 f    CIL library: CIL module
 0001:00014421       ??__F?s_uid@RGenerator@images_std@media@modules@UModSys@@2USUniquePointer@core@5@A@@YAXXZ 10015421 f    CIL library: CIL module
 0001:0001442b       ??__Fh@?1??s_holder@RGenerator@images_std@media@modules@UModSys@@SAAAU?$TTypeStaticHolder@URGenerator@images_std@media@modules@UModSys@@@tl@5@XZ@YAXXZ 1001542b f    CIL library: CIL module
 0001:00014448       ??__F?s_id@?$TObjectUniqueID@URGenerator@images_std@media@modules@UModSys@@@tl@UModSys@@2USUniquePointer@core@3@A@@YAXXZ 10015448 f    CIL library: CIL module
 0001:00014452       ??__F?s_id@?$TObjectUniqueID@URMediaFilter@images_std@media@modules@UModSys@@@tl@UModSys@@2USUniquePointer@core@3@A@@YAXXZ 10015452 f    CIL library: CIL module
 0001:0001445c       ??__F?s_modreg@RModuleReg@serialize_json@media@modules@UModSys@@2U12345@A@@YAXXZ 1001545c f    CIL library: CIL module
 0001:00014467       ??__F?s_modreg_chain@RModuleReg@serialize_json@media@modules@UModSys@@2USModuleRegChain@base@5@A@@YAXXZ 10015467 f    CIL library: CIL module
 0001:00014471       ??__F?s_uid@RGenerator@serialize_json@media@modules@UModSys@@2USUniquePointer@core@5@A@@YAXXZ 10015471 f    CIL library: CIL module
 0001:0001447b       ??__Fh@?1??s_holder@RGenerator@serialize_json@media@modules@UModSys@@SAAAU?$TTypeStaticHolder@URGenerator@serialize_json@media@modules@UModSys@@@tl@5@XZ@YAXXZ 1001547b f    CIL library: CIL module
 0001:00014498       ??__F?s_id@?$TObjectUniqueID@URGenerator@serialize_json@media@modules@UModSys@@@tl@UModSys@@2USUniquePointer@core@3@A@@YAXXZ 10015498 f    CIL library: CIL module
 0001:000144a2       ??__F?s_id@?$TObjectUniqueID@URSerializeWriter@serialize_json@media@modules@UModSys@@@tl@UModSys@@2USUniquePointer@core@3@A@@YAXXZ 100154a2 f    CIL library: CIL module
 0001:000144ac       ??__F?s_id@?$TObjectUniqueID@URSerializeReader@serialize_json@media@modules@UModSys@@@tl@UModSys@@2USUniquePointer@core@3@A@@YAXXZ 100154ac f    CIL library: CIL module
 0001:000144b6       ??__F?s_modreg@RModuleReg@zlib@media@modules@UModSys@@2U12345@A@@YAXXZ 100154b6 f    CIL library: CIL module
 0001:000144c1       ??__F?s_modreg_chain@RModuleReg@zlib@media@modules@UModSys@@2USModuleRegChain@base@5@A@@YAXXZ 100154c1 f    CIL library: CIL module
 0001:000144cb       ??__F?s_uid@RGenerator@zlib@media@modules@UModSys@@2USUniquePointer@core@5@A@@YAXXZ 100154cb f    CIL library: CIL module
 0001:000144d5       ??__Fh@?1??s_holder@RGenerator@zlib@media@modules@UModSys@@SAAAU?$TTypeStaticHolder@URGenerator@zlib@media@modules@UModSys@@@tl@5@XZ@YAXXZ 100154d5 f    CIL library: CIL module
 0001:000144f2       ??__F?s_id@?$TObjectUniqueID@URGenerator@zlib@media@modules@UModSys@@@tl@UModSys@@2USUniquePointer@core@3@A@@YAXXZ 100154f2 f    CIL library: CIL module
 0001:000144fc       ??__F?s_id@?$TObjectUniqueID@URBinArchiveFrameClient_ZIP@zlib@media@modules@UModSys@@@tl@UModSys@@2USUniquePointer@core@3@A@@YAXXZ 100154fc f    CIL library: CIL module
 0001:00014506       ??__FM@UModSys@@YAXXZ      10015506 f    CIL library: CIL module
 0001:00014507       ??__F?root@SModuleRegChain@base@UModSys@@2U123@A@@YAXXZ 10015507 f    CIL library: CIL module
 0001:00014511       ??__F?s_library@RModuleLibraryReg_Chain@base@UModSys@@2U123@A@@YAXXZ 10015511 f    CIL library: CIL module
 0001:0001451c       ??__F?root@SUniquePointer@core@UModSys@@2U123@A@@YAXXZ 1001551c f    CIL library: CIL module

 Exports

  ordinal    name

        1    _UModSys_Plugin_Entry2@0
