 plugin_test1

 Timestamp is 52d6929c (Wed Jan 15 16:52:28 2014)

 Preferred load address is 10000000

 Start         Length     Name                   Class
 0001:00000000 00012acaH .text                   CODE
 0001:00012aca 000007eeH .text$x                 CODE
 0001:000132b8 00001056H .text$yc                CODE
 0001:0001430e 0000063cH .text$yd                CODE
 0002:00000000 000001f0H .idata$5                DATA
 0002:000001f0 00000004H .CRT$XCA                DATA
 0002:000001f4 00000fa8H .CRT$XCU                DATA
 0002:0000119c 00000004H .CRT$XCZ                DATA
 0002:000011a0 00000004H .CRT$XIA                DATA
 0002:000011a4 00000004H .CRT$XIAA               DATA
 0002:000011a8 00000004H .CRT$XIC                DATA
 0002:000011ac 00000004H .CRT$XIZ                DATA
 0002:000011b0 00002b18H .rdata                  DATA
 0002:00003cc8 00001c88H .rdata$r                DATA
 0002:00005950 000000dcH .rdata$sxdata           DATA
 0002:00005a2c 00000004H .rtc$IAA                DATA
 0002:00005a30 00000004H .rtc$IZZ                DATA
 0002:00005a34 00000004H .rtc$TAA                DATA
 0002:00005a38 00000004H .rtc$TZZ                DATA
 0002:00005a40 00000cf4H .xdata$x                DATA
 0002:00006734 00000078H .idata$2                DATA
 0002:000067ac 00000014H .idata$3                DATA
 0002:000067c0 000001f0H .idata$4                DATA
 0002:000069b0 000008e6H .idata$6                DATA
 0002:000072a0 0000005cH .edata                  DATA
 0003:00000000 000011d0H .data                   DATA
 0003:000011d0 00001854H .bss                    DATA

  Address         Publics by Value              Rva+Base       Lib:Object

 0000:00000000       __except_list              00000000     <absolute>
 0000:00000037       ___safe_se_handler_count   00000037     <absolute>
 0000:00009876       __ldused                   00009876     <absolute>
 0000:00009876       __fltused                  00009876     <absolute>
 0000:00000000       ___ImageBase               10000000     <linker-defined>
 0001:00000000       ?new_data@SMemorySharedData@core@UModSys@@SAPAU123@IPBUSSourceContext@23@@Z 10001000 f i plugin_test1.obj
 0001:00000024       ??1SCMemShared@core@UModSys@@QAE@XZ 10001024 f i plugin_test1.obj
 0001:00000024       ??1State@RImage_Memory@stdlib@lib2d@modules@UModSys@@QAE@XZ 10001024 f i umodsys_lib_lib2d:umodsys.mod.2d.stdlib.obj
 0001:00000024       ??1SMemShared@core@UModSys@@QAE@XZ 10001024 f i plugin_test1.obj
 0001:0000002e       ?link@SCMemShared@core@UModSys@@QAE_NPAUSMemorySharedData@23@PAUSSourceContext@23@@Z 1000102e f i plugin_test1.obj
 0001:0000002e       ?link@SMemShared@core@UModSys@@QAE_NPAUSMemorySharedData@23@PAUSSourceContext@23@@Z 1000102e f i plugin_test1.obj
 0001:00000053       ??6SUniquePtrList@core@UModSys@@QAEAAU012@PBUSUniquePointerInfo@12@@Z 10001053 f i plugin_test1.obj
 0001:00000084       ??3IRoot@core@UModSys@@SAXPAXABUSIMemAlloc@12@@Z 10001084 f i plugin_test1.obj
 0001:0000009d       ?_root_get_other_interface@IRefObject@core@UModSys@@IAEPAUIRoot@23@PBUSUniquePointerInfo@23@@Z 1000109d f i plugin_test1.obj
 0001:0000009d       ?_root_get_other_interface@IRefObject@core@UModSys@@IBEPBUIRoot@23@PBUSUniquePointerInfo@23@@Z 1000109d f i plugin_test1.obj
 0001:000000be       ?_root_get_interface_types@IRefObject@core@UModSys@@SAIAAUSUniquePtrList@23@@Z 100010be f i plugin_test1.obj
 0001:000000de       ?_root_is_interface_supported@IRefObject@core@UModSys@@SA_NPBUSUniquePointerInfo@23@@Z 100010de f i plugin_test1.obj
 0001:000000f5       ??$slen@D@su@tl@UModSys@@YAIPBD@Z 100010f5 f i plugin_test1.obj
 0001:0000010e       ??$seq@D@su@tl@UModSys@@YA_NPBD0@Z 1000110e f i plugin_test1.obj
 0001:0000013b       ??1SParameters@core@UModSys@@QAE@XZ 1000113b f i plugin_test1.obj
 0001:0000013b       ??1?$TParametersA@$0BAL@@core@UModSys@@QAE@XZ 1000113b f i umodsys_lib_lib2d:umodsys.mod.2d.stdlib.obj
 0001:0000013b       ??1?$TParametersA@$0EAA@@core@UModSys@@QAE@XZ 1000113b f i plugin_test1.obj
 0001:0000013b       ??1?$TParametersA@$0BAA@@core@UModSys@@QAE@XZ 1000113b f i umodsys_lib_libui:umodsys.mod.ui.SDL_core.obj
 0001:00000148       ??0SParameters@core@UModSys@@QAE@PAUIParameters@12@PAXH@Z 10001148 f i plugin_test1.obj
 0001:0000016b       ?add@SParameters@core@UModSys@@QAE_NPBDH@Z 1000116b f i plugin_test1.obj
 0001:00000186       ?_root_get_other_interface@IGenerator@base@UModSys@@IBEPBUIRoot@core@3@PBUSUniquePointerInfo@53@@Z 10001186 f i plugin_test1.obj
 0001:00000186       ?_root_get_other_interface@IGenerator@base@UModSys@@IAEPAUIRoot@core@3@PBUSUniquePointerInfo@53@@Z 10001186 f i plugin_test1.obj
 0001:000001a2       ?_root_is_interface_supported@IGenerator@base@UModSys@@SA_NPBUSUniquePointerInfo@core@3@@Z 100011a2 f i plugin_test1.obj
 0001:000001c2       ?_root_is_interface_supported@IBinObjFilter@libmedia@UModSys@@SA_NPBUSUniquePointerInfo@core@3@@Z 100011c2 f i plugin_test1.obj
 0001:000001e2       ?set_info@IImage@lib2d@UModSys@@QAE_NW4eImageType@23@HHPBD@Z 100011e2 f i plugin_test1.obj
 0001:0000020d       ?render_text@IRenderDriver@lib2d@UModSys@@QAE_NABU?$TVector2@H@math3d@3@PBHHPBU?$TVector2@M@53@@Z 1000120d f i plugin_test1.obj
 0001:0000023b       ??1IBinObjFilter@libmedia@UModSys@@UAE@XZ 1000123b f i plugin_test1.obj
 0001:00000240       ??1ILibObject@libmedia@UModSys@@UAE@XZ 10001240 f i plugin_test1.obj
 0001:00000277       ?root_get_interface_info@RTest1_Shell@test1@test@modules@UModSys@@UBEABUSUniquePointerInfo@core@5@XZ 10001277 f i plugin_test1.obj
 0001:0000027d       ?root_get_interface_type@RTest1_Shell@test1@test@modules@UModSys@@UBEPBUSUniquePointerInfo@core@5@XZ 1000127d f i plugin_test1.obj
 0001:00000283       ?root_get_other_interface@RTest1_Shell@test1@test@modules@UModSys@@UAEPAUIRoot@core@5@PBUSUniquePointerInfo@75@@Z 10001283 f i plugin_test1.obj
 0001:00000283       ?root_get_other_interface@RTest1_Shell@test1@test@modules@UModSys@@UBEPBUIRoot@core@5@PBUSUniquePointerInfo@75@@Z 10001283 f i plugin_test1.obj
 0001:000002a4       ?root_is_interface_supported@RTest1_Shell@test1@test@modules@UModSys@@UBE_NPBUSUniquePointerInfo@core@5@@Z 100012a4 f i plugin_test1.obj
 0001:000002cb       ?ref_add@RTest1_Shell@test1@test@modules@UModSys@@UBEXXZ 100012cb f i plugin_test1.obj
 0001:000002cf       ?ref_remove@RTest1_Shell@test1@test@modules@UModSys@@UBEXXZ 100012cf f i plugin_test1.obj
 0001:000002da       ?ref_links@RTest1_Shell@test1@test@modules@UModSys@@UBEHXZ 100012da f i plugin_test1.obj
 0001:000002de       ?ref_weak@RTest1_Shell@test1@test@modules@UModSys@@UBE_NAAUWeakPointer@IRefObject@core@5@@Z 100012de f i plugin_test1.obj
 0001:000002fd       ?suicide@RTest1_Shell@test1@test@modules@UModSys@@UAEXXZ 100012fd f i plugin_test1.obj
 0001:0000033a       ??0RTest1_Shell@test1@test@modules@UModSys@@QAE@PAUIModObject@base@4@@Z 1000133a f i plugin_test1.obj
 0001:0000044b       ??1RTest1_Shell@test1@test@modules@UModSys@@UAE@XZ 1000144b f i plugin_test1.obj
 0001:000004d3       ?connect@RTest1_Shell@test1@test@modules@UModSys@@UAE_NXZ 100014d3 f i plugin_test1.obj
 0001:000004eb       ?disconnect@RTest1_Shell@test1@test@modules@UModSys@@UAE_NXZ 100014eb f i plugin_test1.obj
 0001:00000503       ?process_tick@RTest1_Shell@test1@test@modules@UModSys@@UAE_NABUSTimeMsec@core@5@@Z 10001503 f i plugin_test1.obj
 0001:0000052f       ?process_command@RTest1_Shell@test1@test@modules@UModSys@@UAE_NHQBU?$TString@U?$TSCoreConst@D@su@tl@UModSys@@U?$TComparerBinaryHash@D@234@@tl@5@@Z 1000152f f i plugin_test1.obj
 0001:0000054e       ??_ERTest1_Shell@test1@test@modules@UModSys@@UAEPAXI@Z 1000154e f i  CIL library: CIL module
 0001:0000054e       ??_GRTest1_Shell@test1@test@modules@UModSys@@UAEPAXI@Z 1000154e f i plugin_test1.obj
 0001:0000056b       ?ui_newframes@RTest1_Shell@test1@test@modules@UModSys@@QAE?AU?$TRefObject@UICollector@libui@UModSys@@U?$TRefObjectFunc@UICollector@libui@UModSys@@@tl@3@@tl@5@ABU?$TString@U?$TSCoreConst@D@su@tl@UModSys@@U?$TComparerBinaryHash@D@234@@75@ABUSParameters@core@5@@Z 1000156b f   plugin_test1.obj
 0001:00000588       ?ui_newterm@RTest1_Shell@test1@test@modules@UModSys@@QAE?AU?$TRefObject@UITerminal@libui@UModSys@@U?$TRefObjectFunc@UITerminal@libui@UModSys@@@tl@3@@tl@5@ABU?$TString@U?$TSCoreConst@D@su@tl@UModSys@@U?$TComparerBinaryHash@D@234@@75@ABUSParameters@core@5@@Z 10001588 f   plugin_test1.obj
 0001:000005a5       ?key_pressed@RTest1_Shell@test1@test@modules@UModSys@@UAE_NABUSKeyboardInputRaw@libui@5@@Z 100015a5 f   plugin_test1.obj
 0001:000005e7       ?key_text@RTest1_Shell@test1@test@modules@UModSys@@UAE_NABUSKeyboardInputText@libui@5@@Z 100015e7 f   plugin_test1.obj
 0001:00000620       ?mouse_event@RTest1_Shell@test1@test@modules@UModSys@@UAE_NABUSMouseInput@libui@5@@Z 10001620 f   plugin_test1.obj
 0001:00000685       ?command@RTest1_Shell@test1@test@modules@UModSys@@UAE_NABUSController@libui@5@HABUSFrameDataIn@75@@Z 10001685 f   plugin_test1.obj
 0001:000006c0       ?db_get@RTest1_Shell@test1@test@modules@UModSys@@UAE_NABUSController@libui@5@QBDABUSFrameDataOut@75@@Z 100016c0 f   plugin_test1.obj
 0001:00000715       ?db_get@RTest1_Shell@test1@test@modules@UModSys@@UAE_NABUSController@libui@5@QBDHABUSFrameDataOut@75@@Z 10001715 f   plugin_test1.obj
 0001:0000076a       ?ui_test1@RTest1_Shell@test1@test@modules@UModSys@@QAEXXZ 1000176a f   plugin_test1.obj
 0001:00001414       ??1SFrameCreateParameters@libui@UModSys@@QAE@XZ 10002414 f i plugin_test1.obj
 0001:00001425       ?get_generated_names@RGenerator@test1@test@modules@UModSys@@UBEHAAUSUniquePtrList@core@5@@Z 10002425 f i plugin_test1.obj
 0001:0000143e       ?get_generated_types@RGenerator@test1@test@modules@UModSys@@UBEHAAUSUniquePtrList@core@5@PBUSUniquePointerInfo@75@@Z 1000243e f i plugin_test1.obj
 0001:00001472       ?generate@RGenerator@test1@test@modules@UModSys@@UAE_NAAU?$TRefObject@UIRefObject@core@UModSys@@U?$TRefObjectFunc@UIRefObject@core@UModSys@@@tl@3@@tl@5@PBUSUniquePointerInfo@core@5@ABUSParameters@95@@Z 10002472 f i plugin_test1.obj
 0001:000014f4       ?root_get_interface_info@RGenerator@test1@test@modules@UModSys@@UBEABUSUniquePointerInfo@core@5@XZ 100024f4 f i plugin_test1.obj
 0001:000014fa       ?root_get_interface_type@RGenerator@test1@test@modules@UModSys@@UBEPBUSUniquePointerInfo@core@5@XZ 100024fa f i plugin_test1.obj
 0001:00001500       ?root_get_other_interface@RGenerator@test1@test@modules@UModSys@@UBEPBUIRoot@core@5@PBUSUniquePointerInfo@75@@Z 10002500 f i plugin_test1.obj
 0001:00001500       ?root_get_other_interface@RGenerator@test1@test@modules@UModSys@@UAEPAUIRoot@core@5@PBUSUniquePointerInfo@75@@Z 10002500 f i plugin_test1.obj
 0001:00001519       ?root_is_interface_supported@RGenerator@test1@test@modules@UModSys@@UBE_NPBUSUniquePointerInfo@core@5@@Z 10002519 f i plugin_test1.obj
 0001:00001538       ?ref_remove@RGenerator@zlib@media@modules@UModSys@@UBEXXZ 10002538 f i umodsys_lib_libmedia:umodsys.mod.media.zlib.obj
 0001:00001538       ?ref_remove@RDialog@frames@ui@modules@UModSys@@UBEXXZ 10002538 f i umodsys_lib_libui:umodsys.mod.ui.frames.obj
 0001:00001538       ?ref_remove@RGenerator@SDL_core@ui@modules@UModSys@@UBEXXZ 10002538 f i umodsys_lib_libui:umodsys.mod.ui.SDL_core.obj
 0001:00001538       ?ref_remove@RGenerator@images_std@media@modules@UModSys@@UBEXXZ 10002538 f i umodsys_lib_libmedia:umodsys.mod.media.images_std.obj
 0001:00001538       ?ref_remove@RImage_Memory@stdlib@lib2d@modules@UModSys@@UBEXXZ 10002538 f i umodsys_lib_lib2d:umodsys.mod.2d.stdlib.obj
 0001:00001538       ?ref_remove@RTerminal@SDL_core@ui@modules@UModSys@@UBEXXZ 10002538 f i umodsys_lib_libui:umodsys.mod.ui.SDL_core.obj
 0001:00001538       ?ref_remove@RGenerator@stdlib@lib2d@modules@UModSys@@UBEXXZ 10002538 f i umodsys_lib_lib2d:umodsys.mod.2d.stdlib.obj
 0001:00001538       ?ref_remove@RSerializeReader@serialize_json@media@modules@UModSys@@UBEXXZ 10002538 f i umodsys_lib_libmedia:umodsys.mod.media.serialize_json.obj
 0001:00001538       ?ref_remove@RImageFactory_Memory@stdlib@lib2d@modules@UModSys@@UBEXXZ 10002538 f i umodsys_lib_lib2d:umodsys.mod.2d.stdlib.obj
 0001:00001538       ?ref_remove@RGenerator@serialize_json@media@modules@UModSys@@UBEXXZ 10002538 f i umodsys_lib_libmedia:umodsys.mod.media.serialize_json.obj
 0001:00001538       ?ref_remove@RBinArchiveFrameClient_ZIP@zlib@media@modules@UModSys@@UBEXXZ 10002538 f i umodsys_lib_libmedia:umodsys.mod.media.zlib.obj
 0001:00001538       ?ref_remove@RGenerator@frames@ui@modules@UModSys@@UBEXXZ 10002538 f i umodsys_lib_libui:umodsys.mod.ui.frames.obj
 0001:00001538       ?ref_remove@RTerminal@SDL_GL@ui@modules@UModSys@@UBEXXZ 10002538 f i umodsys_lib_libui:umodsys.mod.ui.SDL_GL.obj
 0001:00001538       ?ref_remove@RMultiImage@stdlib@lib2d@modules@UModSys@@UBEXXZ 10002538 f i umodsys_lib_lib2d:umodsys.mod.2d.stdlib.obj
 0001:00001538       ?ref_remove@RGenerator@SDL_GL@ui@modules@UModSys@@UBEXXZ 10002538 f i umodsys_lib_libui:umodsys.mod.ui.SDL_GL.obj
 0001:00001538       ?ref_remove@RGenerator@test1@test@modules@UModSys@@UBEXXZ 10002538 f i plugin_test1.obj
 0001:00001538       ?ref_remove@RMultiImage2D_SDL_ttf@SDL_core@ui@modules@UModSys@@UBEXXZ 10002538 f i umodsys_lib_libui:umodsys.mod.ui.SDL_core.obj
 0001:00001543       ?ref_links@RMultiImage2D_SDL_ttf@SDL_core@ui@modules@UModSys@@UBEHXZ 10002543 f i umodsys_lib_libui:umodsys.mod.ui.SDL_core.obj
 0001:00001543       ?ref_links@RSerializeReader@serialize_json@media@modules@UModSys@@UBEHXZ 10002543 f i umodsys_lib_libmedia:umodsys.mod.media.serialize_json.obj
 0001:00001543       ?ref_links@RBinArchiveFrameClient_ZIP@zlib@media@modules@UModSys@@UBEHXZ 10002543 f i umodsys_lib_libmedia:umodsys.mod.media.zlib.obj
 0001:00001543       ?ref_links@RImage_Memory@stdlib@lib2d@modules@UModSys@@UBEHXZ 10002543 f i umodsys_lib_lib2d:umodsys.mod.2d.stdlib.obj
 0001:00001543       ?ref_links@RDialog@frames@ui@modules@UModSys@@UBEHXZ 10002543 f i umodsys_lib_libui:umodsys.mod.ui.frames.obj
 0001:00001543       ?ref_links@RTerminal@SDL_GL@ui@modules@UModSys@@UBEHXZ 10002543 f i umodsys_lib_libui:umodsys.mod.ui.SDL_GL.obj
 0001:00001543       ?ref_links@RImageFactory_Memory@stdlib@lib2d@modules@UModSys@@UBEHXZ 10002543 f i umodsys_lib_lib2d:umodsys.mod.2d.stdlib.obj
 0001:00001543       ?ref_links@RGenerator@SDL_core@ui@modules@UModSys@@UBEHXZ 10002543 f i umodsys_lib_libui:umodsys.mod.ui.SDL_core.obj
 0001:00001543       ?ref_links@RGenerator@images_std@media@modules@UModSys@@UBEHXZ 10002543 f i umodsys_lib_libmedia:umodsys.mod.media.images_std.obj
 0001:00001543       ?ref_links@RGenerator@serialize_json@media@modules@UModSys@@UBEHXZ 10002543 f i umodsys_lib_libmedia:umodsys.mod.media.serialize_json.obj
 0001:00001543       ?ref_links@RTerminal@SDL_core@ui@modules@UModSys@@UBEHXZ 10002543 f i umodsys_lib_libui:umodsys.mod.ui.SDL_core.obj
 0001:00001543       ?ref_links@RGenerator@zlib@media@modules@UModSys@@UBEHXZ 10002543 f i umodsys_lib_libmedia:umodsys.mod.media.zlib.obj
 0001:00001543       ?ref_links@RGenerator@frames@ui@modules@UModSys@@UBEHXZ 10002543 f i umodsys_lib_libui:umodsys.mod.ui.frames.obj
 0001:00001543       ?ref_links@RGenerator@SDL_GL@ui@modules@UModSys@@UBEHXZ 10002543 f i umodsys_lib_libui:umodsys.mod.ui.SDL_GL.obj
 0001:00001543       ?ref_links@RGenerator@stdlib@lib2d@modules@UModSys@@UBEHXZ 10002543 f i umodsys_lib_lib2d:umodsys.mod.2d.stdlib.obj
 0001:00001543       ?ref_links@RMultiImage@stdlib@lib2d@modules@UModSys@@UBEHXZ 10002543 f i umodsys_lib_lib2d:umodsys.mod.2d.stdlib.obj
 0001:00001543       ?ref_links@RGenerator@test1@test@modules@UModSys@@UBEHXZ 10002543 f i plugin_test1.obj
 0001:00001547       ?get_uid@RGenerator@test1@test@modules@UModSys@@UBEPBUSUniquePointerInfo@core@5@XZ 10002547 f i plugin_test1.obj
 0001:0000154d       ?do_open@RModuleReg@test1@test@modules@UModSys@@UAE_NXZ 1000254d f i plugin_test1.obj
 0001:000015b0       ?do_close@RModuleReg@test1@test@modules@UModSys@@UAE_NXZ 100025b0 f i plugin_test1.obj
 0001:00001600       ?get_module@RGenerator@test1@test@modules@UModSys@@UBEPAUIModule@base@5@XZ 10002600 f   plugin_test1.obj
 0001:00001606       ?mod_inc@RGenerator@test1@test@modules@UModSys@@UBE_NXZ 10002606 f   plugin_test1.obj
 0001:00001611       ?mod_dec@RGenerator@test1@test@modules@UModSys@@UBE_NXZ 10002611 f   plugin_test1.obj
 0001:0000161c       ?s_holder@RGenerator@test1@test@modules@UModSys@@SAAAU?$TTypeStaticHolder@URGenerator@test1@test@modules@UModSys@@@tl@5@XZ 1000261c f   plugin_test1.obj
 0001:0000164e       ??0?$TString@U?$TSCoreConst@D@su@tl@UModSys@@U?$TComparerBinaryHash@D@234@@tl@UModSys@@QAE@PBD@Z 1000264e f i plugin_test1.obj
 0001:00001673       ??8?$TString@U?$TSCoreConst@D@su@tl@UModSys@@U?$TComparerBinaryHash@D@234@@tl@UModSys@@QBE_NPBD@Z 10002673 f i plugin_test1.obj
 0001:00001695       ??4?$TString@U?$TSCoreConst@D@su@tl@UModSys@@U?$TComparerBinaryHash@D@234@@tl@UModSys@@QAEABU012@PBD@Z 10002695 f i plugin_test1.obj
 0001:000016b1       ??0?$TString@U?$TSCoreShared@USIMemAlloc@core@UModSys@@D@su@tl@UModSys@@U?$TComparerBinaryHash@D@234@@tl@UModSys@@QAE@XZ 100026b1 f i plugin_test1.obj
 0001:000016c7       ??4?$TString@U?$TSCoreShared@USIMemAlloc@core@UModSys@@D@su@tl@UModSys@@U?$TComparerBinaryHash@D@234@@tl@UModSys@@QAEABU012@ABU012@@Z 100026c7 f i plugin_test1.obj
 0001:000016e9       ??4?$TRefObject@URFrame_Common@frames@ui@modules@UModSys@@U?$TRefObjectFunc@URFrame_Common@frames@ui@modules@UModSys@@@tl@5@@tl@UModSys@@QAEABU012@PAURFrame_Common@frames@ui@modules@2@@Z 100026e9 f i umodsys_lib_libui:umodsys.mod.ui.frames.obj
 0001:000016e9       ??4?$TRefObject@UIRefObject@core@UModSys@@U?$TRefObjectFunc@UIRefObject@core@UModSys@@@tl@3@@tl@UModSys@@QAEABU012@PAUIRefObject@core@2@@Z 100026e9 f i plugin_test1.obj
 0001:000016e9       ??4?$TRefObject@UIImage@lib2d@UModSys@@U?$TRefObjectFunc@UIImage@lib2d@UModSys@@@tl@3@@tl@UModSys@@QAEABU012@PAUIImage@lib2d@2@@Z 100026e9 f i plugin_test1.obj
 0001:00001704       ??0?$TParametersA@$0EAA@@core@UModSys@@QAE@XZ 10002704 f i plugin_test1.obj
 0001:00001726       ??1?$TRefObject@URMultiImage@stdlib@lib2d@modules@UModSys@@U?$TRefObjectFunc@URMultiImage@stdlib@lib2d@modules@UModSys@@@tl@5@@tl@UModSys@@QAE@XZ 10002726 f i umodsys_lib_lib2d:umodsys.mod.2d.stdlib.obj
 0001:00001726       ??1?$TRefObject@URSerializeWriter@serialize_json@media@modules@UModSys@@U?$TRefObjectFunc@URSerializeWriter@serialize_json@media@modules@UModSys@@@tl@5@@tl@UModSys@@QAE@XZ 10002726 f i umodsys_lib_libmedia:umodsys.mod.media.serialize_json.obj
 0001:00001726       ??1?$TRefObject@UIFrame@libui@UModSys@@U?$TRefObjectFunc@UIFrame@libui@UModSys@@@tl@3@@tl@UModSys@@QAE@XZ 10002726 f i umodsys_lib_libui:umodsys.mod.ui.frames.obj
 0001:00001726       ??1?$TRefObject@URImage_Memory@stdlib@lib2d@modules@UModSys@@U?$TRefObjectFunc@URImage_Memory@stdlib@lib2d@modules@UModSys@@@tl@5@@tl@UModSys@@QAE@XZ 10002726 f i umodsys_lib_lib2d:umodsys.mod.2d.stdlib.obj
 0001:00001726       ??1?$TRefObject@URTerminalX@SDL_core@ui@modules@UModSys@@U?$TRefObjectFunc@URTerminalX@SDL_core@ui@modules@UModSys@@@tl@5@@tl@UModSys@@QAE@XZ 10002726 f i umodsys_lib_libui:umodsys.mod.ui.SDL_core.obj
 0001:00001726       ??1?$TRefObject@URSerializeReader@serialize_json@media@modules@UModSys@@U?$TRefObjectFunc@URSerializeReader@serialize_json@media@modules@UModSys@@@tl@5@@tl@UModSys@@QAE@XZ 10002726 f i umodsys_lib_libmedia:umodsys.mod.media.serialize_json.obj
 0001:00001726       ??1?$TRefObject@URMediaFilter@images_std@media@modules@UModSys@@U?$TRefObjectFunc@URMediaFilter@images_std@media@modules@UModSys@@@tl@5@@tl@UModSys@@QAE@XZ 10002726 f i umodsys_lib_libmedia:umodsys.mod.media.images_std.obj
 0001:00001726       ??1?$TRefObject@UIRenderDriver@lib2d@UModSys@@U?$TRefObjectFunc@UIRenderDriver@lib2d@UModSys@@@tl@3@@tl@UModSys@@QAE@XZ 10002726 f i plugin_test1.obj
 0001:00001726       ??1?$TRefObject@UIImageFactory@lib2d@UModSys@@U?$TRefObjectFunc@UIImageFactory@lib2d@UModSys@@@tl@3@@tl@UModSys@@QAE@XZ 10002726 f i plugin_test1.obj
 0001:00001726       ??1?$TRefObject@URMultiImage2D_SDL_ttf@SDL_core@ui@modules@UModSys@@U?$TRefObjectFunc@URMultiImage2D_SDL_ttf@SDL_core@ui@modules@UModSys@@@tl@5@@tl@UModSys@@QAE@XZ 10002726 f i umodsys_lib_libui:umodsys.mod.ui.SDL_core.obj
 0001:00001726       ??1?$TRefObject@UIKeyboardController@libui@UModSys@@U?$TRefObjectFunc@UIKeyboardController@libui@UModSys@@@tl@3@@tl@UModSys@@QAE@XZ 10002726 f i plugin_test1.obj
 0001:00001726       ??1?$TRefObject@URImageFactory_Memory@stdlib@lib2d@modules@UModSys@@U?$TRefObjectFunc@URImageFactory_Memory@stdlib@lib2d@modules@UModSys@@@tl@5@@tl@UModSys@@QAE@XZ 10002726 f i umodsys_lib_lib2d:umodsys.mod.2d.stdlib.obj
 0001:00001726       ??1?$TRefObject@URTerminalX@SDL_GL@ui@modules@UModSys@@U?$TRefObjectFunc@URTerminalX@SDL_GL@ui@modules@UModSys@@@tl@5@@tl@UModSys@@QAE@XZ 10002726 f i umodsys_lib_libui:umodsys.mod.ui.SDL_GL.obj
 0001:00001726       ??1?$TRefObject@URBinArchiveFrameClient_ZIP@zlib@media@modules@UModSys@@U?$TRefObjectFunc@URBinArchiveFrameClient_ZIP@zlib@media@modules@UModSys@@@tl@5@@tl@UModSys@@QAE@XZ 10002726 f i umodsys_lib_libmedia:umodsys.mod.media.zlib.obj
 0001:00001726       ??1?$TRefObject@URFrame_Common@frames@ui@modules@UModSys@@U?$TRefObjectFunc@URFrame_Common@frames@ui@modules@UModSys@@@tl@5@@tl@UModSys@@QAE@XZ 10002726 f i umodsys_lib_libui:umodsys.mod.ui.frames.obj
 0001:00001726       ??1?$TRefObject@UIStreamReader@libmedia@UModSys@@U?$TRefObjectFunc@UIStreamReader@libmedia@UModSys@@@tl@3@@tl@UModSys@@QAE@XZ 10002726 f i plugin_test1.obj
 0001:00001726       ??1?$TRefObject@UIStreamWriter@libmedia@UModSys@@U?$TRefObjectFunc@UIStreamWriter@libmedia@UModSys@@@tl@3@@tl@UModSys@@QAE@XZ 10002726 f i plugin_test1.obj
 0001:00001726       ??1?$TRefObject@URRenderDriver2D@SDL_core@ui@modules@UModSys@@U?$TRefObjectFunc@URRenderDriver2D@SDL_core@ui@modules@UModSys@@@tl@5@@tl@UModSys@@QAE@XZ 10002726 f i umodsys_lib_libui:umodsys.mod.ui.SDL_core.obj
 0001:00001726       ??1?$TRefObject@UIMultiImage@lib2d@UModSys@@U?$TRefObjectFunc@UIMultiImage@lib2d@UModSys@@@tl@3@@tl@UModSys@@QAE@XZ 10002726 f i plugin_test1.obj
 0001:00001726       ??1?$TRefObject@UIMouseController@libui@UModSys@@U?$TRefObjectFunc@UIMouseController@libui@UModSys@@@tl@3@@tl@UModSys@@QAE@XZ 10002726 f i plugin_test1.obj
 0001:00001726       ??1?$TRefObject@UIImage@lib2d@UModSys@@U?$TRefObjectFunc@UIImage@lib2d@UModSys@@@tl@3@@tl@UModSys@@QAE@XZ 10002726 f i plugin_test1.obj
 0001:00001726       ??1?$TRefObject@URDialog@frames@ui@modules@UModSys@@U?$TRefObjectFunc@URDialog@frames@ui@modules@UModSys@@@tl@5@@tl@UModSys@@QAE@XZ 10002726 f i umodsys_lib_libui:umodsys.mod.ui.frames.obj
 0001:00001726       ??1?$TRefObject@UIUtilities@libmedia@UModSys@@U?$TRefObjectFunc@UIUtilities@libmedia@UModSys@@@tl@3@@tl@UModSys@@QAE@XZ 10002726 f i plugin_test1.obj
 0001:00001726       ??1?$TRefObject@UITerminal@libui@UModSys@@U?$TRefObjectFunc@UITerminal@libui@UModSys@@@tl@3@@tl@UModSys@@QAE@XZ 10002726 f i plugin_test1.obj
 0001:00001726       ??1?$TRefObject@UICollector@libui@UModSys@@U?$TRefObjectFunc@UICollector@libui@UModSys@@@tl@3@@tl@UModSys@@QAE@XZ 10002726 f i plugin_test1.obj
 0001:00001726       ??1?$TRefObject@URCollector@frames@ui@modules@UModSys@@U?$TRefObjectFunc@URCollector@frames@ui@modules@UModSys@@@tl@5@@tl@UModSys@@QAE@XZ 10002726 f i umodsys_lib_libui:umodsys.mod.ui.frames.obj
 0001:00001726       ??1?$TRefObject@UIRefObject@core@UModSys@@U?$TRefObjectFunc@UIRefObject@core@UModSys@@@tl@3@@tl@UModSys@@QAE@XZ 10002726 f i plugin_test1.obj
 0001:00001735       ?update@?$TComparerBinaryHash@D@su@tl@UModSys@@QAEXPBDI@Z 10002735 f i plugin_test1.obj
 0001:0000176c       ?info_release@?$TSCoreShared@USIMemAlloc@core@UModSys@@D@su@tl@UModSys@@QAEXXZ 1000276c f i plugin_test1.obj
 0001:000017a5       ?info_new@?$TSCoreShared@USIMemAlloc@core@UModSys@@D@su@tl@UModSys@@QAE_NPBDI@Z 100027a5 f i plugin_test1.obj
 0001:00001809       ?get_null@?$TSCoreShared@USIMemAlloc@core@UModSys@@D@su@tl@UModSys@@SAPAU?$TSharedStringInfo@DUSIMemAlloc@core@UModSys@@@234@XZ 10002809 f i plugin_test1.obj
 0001:00001841       ??$generate_type@UICollector@libui@UModSys@@@RTest1_Shell@test1@test@modules@UModSys@@QAE?AU?$TRefObject@UICollector@libui@UModSys@@U?$TRefObjectFunc@UICollector@libui@UModSys@@@tl@3@@tl@4@ABU?$TString@U?$TSCoreConst@D@su@tl@UModSys@@U?$TComparerBinaryHash@D@234@@64@ABUSParameters@core@4@PBD@Z 10002841 f i plugin_test1.obj
 0001:0000193d       ??$generate_type@UITerminal@libui@UModSys@@@RTest1_Shell@test1@test@modules@UModSys@@QAE?AU?$TRefObject@UITerminal@libui@UModSys@@U?$TRefObjectFunc@UITerminal@libui@UModSys@@@tl@3@@tl@4@ABU?$TString@U?$TSCoreConst@D@su@tl@UModSys@@U?$TComparerBinaryHash@D@234@@64@ABUSParameters@core@4@PBD@Z 1000293d f i plugin_test1.obj
 0001:00001a39       ??$t_create_handler@UIRenderDriver@lib2d@UModSys@@@ITerminal@libui@UModSys@@QAE_NAAU?$TRefObject@UIRenderDriver@lib2d@UModSys@@U?$TRefObjectFunc@UIRenderDriver@lib2d@UModSys@@@tl@3@@tl@2@PBDPBUSParameters@core@2@@Z 10002a39 f i plugin_test1.obj
 0001:00001a9b       ??$t_create_handler@UIKeyboardController@libui@UModSys@@@ITerminal@libui@UModSys@@QAE_NAAU?$TRefObject@UIKeyboardController@libui@UModSys@@U?$TRefObjectFunc@UIKeyboardController@libui@UModSys@@@tl@3@@tl@2@PBDPBUSParameters@core@2@@Z 10002a9b f i plugin_test1.obj
 0001:00001b1d       ??$t_create_handler@UIMouseController@libui@UModSys@@@ITerminal@libui@UModSys@@QAE_NAAU?$TRefObject@UIMouseController@libui@UModSys@@U?$TRefObjectFunc@UIMouseController@libui@UModSys@@@tl@3@@tl@2@PBDPBUSParameters@core@2@@Z 10002b1d f i plugin_test1.obj
 0001:00001b9f       ??1?$TRefObject@UIModObject@base@UModSys@@U?$TModObjectFunc@UIModObject@base@UModSys@@@tl@3@@tl@UModSys@@QAE@XZ 10002b9f f i plugin_test1.obj
 0001:00001bb5       ?s_init@?$TModObjectFunc@UIModObject@base@UModSys@@@tl@UModSys@@SAXAAPAUIModObject@base@3@PAU453@@Z 10002bb5 f i plugin_test1.obj
 0001:00001bce       ??$t_ref_get_other_interface@UIStreamReader@libmedia@UModSys@@U?$TRefObjectFunc@UIStreamReader@libmedia@UModSys@@@tl@3@@IRefObject@core@UModSys@@QAE_NAAU?$TRefObject@UIStreamReader@libmedia@UModSys@@U?$TRefObjectFunc@UIStreamReader@libmedia@UModSys@@@tl@3@@tl@2@@Z 10002bce f i plugin_test1.obj
 0001:00001bfd       ??$t_ref_get_other_interface@UIStreamWriter@libmedia@UModSys@@U?$TRefObjectFunc@UIStreamWriter@libmedia@UModSys@@@tl@3@@IRefObject@core@UModSys@@QAE_NAAU?$TRefObject@UIStreamWriter@libmedia@UModSys@@U?$TRefObjectFunc@UIStreamWriter@libmedia@UModSys@@@tl@3@@tl@2@@Z 10002bfd f i plugin_test1.obj
 0001:00001c2c       ??$t_ref_get_other_interface@UIRenderDriver@lib2d@UModSys@@U?$TRefObjectFunc@UIRenderDriver@lib2d@UModSys@@@tl@3@@IRefObject@core@UModSys@@QAE_NAAU?$TRefObject@UIRenderDriver@lib2d@UModSys@@U?$TRefObjectFunc@UIRenderDriver@lib2d@UModSys@@@tl@3@@tl@2@@Z 10002c2c f i plugin_test1.obj
 0001:00001c5b       ??$t_generate@UICollector@libui@UModSys@@@SModuleContext@base@UModSys@@QAE_NAAU?$TRefObject@UICollector@libui@UModSys@@U?$TRefObjectFunc@UICollector@libui@UModSys@@@tl@3@@tl@2@PBUSUniquePointerInfo@core@2@ABUSParameters@62@@Z 10002c5b f i plugin_test1.obj
 0001:00001cf7       ??$t_generate@UITerminal@libui@UModSys@@@SModuleContext@base@UModSys@@QAE_NAAU?$TRefObject@UITerminal@libui@UModSys@@U?$TRefObjectFunc@UITerminal@libui@UModSys@@@tl@3@@tl@2@PBUSUniquePointerInfo@core@2@ABUSParameters@62@@Z 10002cf7 f i plugin_test1.obj
 0001:00001d93       ??$t_ref_get_other_interface@UIImageFactory@lib2d@UModSys@@U?$TRefObjectFunc@UIImageFactory@lib2d@UModSys@@@tl@3@@IRefObject@core@UModSys@@QAE_NAAU?$TRefObject@UIImageFactory@lib2d@UModSys@@U?$TRefObjectFunc@UIImageFactory@lib2d@UModSys@@@tl@3@@tl@2@@Z 10002d93 f i plugin_test1.obj
 0001:00001dc2       ??$t_ref_get_other_interface@UIMultiImage@lib2d@UModSys@@U?$TRefObjectFunc@UIMultiImage@lib2d@UModSys@@@tl@3@@IRefObject@core@UModSys@@QAE_NAAU?$TRefObject@UIMultiImage@lib2d@UModSys@@U?$TRefObjectFunc@UIMultiImage@lib2d@UModSys@@@tl@3@@tl@2@@Z 10002dc2 f i plugin_test1.obj
 0001:00001df1       ?ConvertSameSize@stdlib@lib2d@modules@UModSys@@YA_NW4eImageType@24@ABU?$TVector2@H@math3d@4@11ABUSMem@core@4@11ABUSCMem@94@@Z 10002df1 f i umodsys_lib_lib2d:umodsys.mod.2d.stdlib.obj
 0001:00001e74       ?ConvertSame@stdlib@lib2d@modules@UModSys@@YA_NW4eImageType@24@ABU?$TBoundBox2@H@math3d@4@ABU?$TVector2@H@74@ABUSMem@core@4@12ABUSCMem@core@4@@Z 10002e74 f i umodsys_lib_lib2d:umodsys.mod.2d.stdlib.obj
 0001:00001ed7       ?Convert@stdlib@lib2d@modules@UModSys@@YA_NABU?$TBoundBox2@H@math3d@4@ABUSImageInfo@24@ABUSMem@core@4@01ABUSCMem@94@@Z 10002ed7 f i umodsys_lib_lib2d:umodsys.mod.2d.stdlib.obj
 0001:00001f39       ?root_get_interface_info@RImage_Memory@stdlib@lib2d@modules@UModSys@@UBEABUSUniquePointerInfo@core@5@XZ 10002f39 f i umodsys_lib_lib2d:umodsys.mod.2d.stdlib.obj
 0001:00001f3f       ?root_get_interface_type@RImage_Memory@stdlib@lib2d@modules@UModSys@@UBEPBUSUniquePointerInfo@core@5@XZ 10002f3f f i umodsys_lib_lib2d:umodsys.mod.2d.stdlib.obj
 0001:00001f45       ?root_get_other_interface@RImage_Memory@stdlib@lib2d@modules@UModSys@@UBEPBUIRoot@core@5@PBUSUniquePointerInfo@75@@Z 10002f45 f i umodsys_lib_lib2d:umodsys.mod.2d.stdlib.obj
 0001:00001f45       ?root_get_other_interface@RImage_Memory@stdlib@lib2d@modules@UModSys@@UAEPAUIRoot@core@5@PBUSUniquePointerInfo@75@@Z 10002f45 f i umodsys_lib_lib2d:umodsys.mod.2d.stdlib.obj
 0001:00001f66       ?root_is_interface_supported@RImage_Memory@stdlib@lib2d@modules@UModSys@@UBE_NPBUSUniquePointerInfo@core@5@@Z 10002f66 f i umodsys_lib_lib2d:umodsys.mod.2d.stdlib.obj
 0001:00001f8d       ??0State@RImage_Memory@stdlib@lib2d@modules@UModSys@@QAE@XZ 10002f8d f i umodsys_lib_lib2d:umodsys.mod.2d.stdlib.obj
 0001:00001fbf       ?root_get_interface_info@RImageFactory_Memory@stdlib@lib2d@modules@UModSys@@UBEABUSUniquePointerInfo@core@5@XZ 10002fbf f i umodsys_lib_lib2d:umodsys.mod.2d.stdlib.obj
 0001:00001fc5       ?root_get_interface_type@RImageFactory_Memory@stdlib@lib2d@modules@UModSys@@UBEPBUSUniquePointerInfo@core@5@XZ 10002fc5 f i umodsys_lib_lib2d:umodsys.mod.2d.stdlib.obj
 0001:00001fcb       ?root_get_other_interface@RImageFactory_Memory@stdlib@lib2d@modules@UModSys@@UBEPBUIRoot@core@5@PBUSUniquePointerInfo@75@@Z 10002fcb f i umodsys_lib_lib2d:umodsys.mod.2d.stdlib.obj
 0001:00001fcb       ?root_get_other_interface@RImageFactory_Memory@stdlib@lib2d@modules@UModSys@@UAEPAUIRoot@core@5@PBUSUniquePointerInfo@75@@Z 10002fcb f i umodsys_lib_lib2d:umodsys.mod.2d.stdlib.obj
 0001:00001fec       ?root_is_interface_supported@RImageFactory_Memory@stdlib@lib2d@modules@UModSys@@UBE_NPBUSUniquePointerInfo@core@5@@Z 10002fec f i umodsys_lib_lib2d:umodsys.mod.2d.stdlib.obj
 0001:00002013       ?suicide@RTerminal@SDL_GL@ui@modules@UModSys@@UAEXXZ 10003013 f i umodsys_lib_libui:umodsys.mod.ui.SDL_GL.obj
 0001:00002013       ?suicide@RSerializeReader@serialize_json@media@modules@UModSys@@UAEXXZ 10003013 f i umodsys_lib_libmedia:umodsys.mod.media.serialize_json.obj
 0001:00002013       ?suicide@RBinArchiveFrameClient_ZIP@zlib@media@modules@UModSys@@UAEXXZ 10003013 f i umodsys_lib_libmedia:umodsys.mod.media.zlib.obj
 0001:00002013       ?suicide@RMultiImage@stdlib@lib2d@modules@UModSys@@UAEXXZ 10003013 f i umodsys_lib_lib2d:umodsys.mod.2d.stdlib.obj
 0001:00002013       ?suicide@RTerminal@SDL_core@ui@modules@UModSys@@UAEXXZ 10003013 f i umodsys_lib_libui:umodsys.mod.ui.SDL_core.obj
 0001:00002013       ?suicide@RImage_Memory@stdlib@lib2d@modules@UModSys@@UAEXXZ 10003013 f i umodsys_lib_lib2d:umodsys.mod.2d.stdlib.obj
 0001:00002013       ?suicide@RImageFactory_Memory@stdlib@lib2d@modules@UModSys@@UAEXXZ 10003013 f i umodsys_lib_lib2d:umodsys.mod.2d.stdlib.obj
 0001:00002050       ?root_get_interface_info@RMultiImage@stdlib@lib2d@modules@UModSys@@UBEABUSUniquePointerInfo@core@5@XZ 10003050 f i umodsys_lib_lib2d:umodsys.mod.2d.stdlib.obj
 0001:00002056       ?root_get_interface_type@RMultiImage@stdlib@lib2d@modules@UModSys@@UBEPBUSUniquePointerInfo@core@5@XZ 10003056 f i umodsys_lib_lib2d:umodsys.mod.2d.stdlib.obj
 0001:0000205c       ?root_get_other_interface@RMultiImage@stdlib@lib2d@modules@UModSys@@UAEPAUIRoot@core@5@PBUSUniquePointerInfo@75@@Z 1000305c f i umodsys_lib_lib2d:umodsys.mod.2d.stdlib.obj
 0001:0000205c       ?root_get_other_interface@RMultiImage@stdlib@lib2d@modules@UModSys@@UBEPBUIRoot@core@5@PBUSUniquePointerInfo@75@@Z 1000305c f i umodsys_lib_lib2d:umodsys.mod.2d.stdlib.obj
 0001:0000207d       ?root_is_interface_supported@RMultiImage@stdlib@lib2d@modules@UModSys@@UBE_NPBUSUniquePointerInfo@core@5@@Z 1000307d f i umodsys_lib_lib2d:umodsys.mod.2d.stdlib.obj
 0001:000020a4       ?ref_add@RGenerator@SDL_GL@ui@modules@UModSys@@UBEXXZ 100030a4 f i umodsys_lib_libui:umodsys.mod.ui.SDL_GL.obj
 0001:000020a4       ?ref_add@RImage_Memory@stdlib@lib2d@modules@UModSys@@UBEXXZ 100030a4 f i umodsys_lib_lib2d:umodsys.mod.2d.stdlib.obj
 0001:000020a4       ?ref_add@RSerializeReader@serialize_json@media@modules@UModSys@@UBEXXZ 100030a4 f i umodsys_lib_libmedia:umodsys.mod.media.serialize_json.obj
 0001:000020a4       ?ref_add@RGenerator@frames@ui@modules@UModSys@@UBEXXZ 100030a4 f i umodsys_lib_libui:umodsys.mod.ui.frames.obj
 0001:000020a4       ?ref_add@RTerminal@SDL_core@ui@modules@UModSys@@UBEXXZ 100030a4 f i umodsys_lib_libui:umodsys.mod.ui.SDL_core.obj
 0001:000020a4       ?ref_add@RBinArchiveFrameClient_ZIP@zlib@media@modules@UModSys@@UBEXXZ 100030a4 f i umodsys_lib_libmedia:umodsys.mod.media.zlib.obj
 0001:000020a4       ?ref_add@RImageFactory_Memory@stdlib@lib2d@modules@UModSys@@UBEXXZ 100030a4 f i umodsys_lib_lib2d:umodsys.mod.2d.stdlib.obj
 0001:000020a4       ?ref_add@RGenerator@images_std@media@modules@UModSys@@UBEXXZ 100030a4 f i umodsys_lib_libmedia:umodsys.mod.media.images_std.obj
 0001:000020a4       ?ref_add@RTerminal@SDL_GL@ui@modules@UModSys@@UBEXXZ 100030a4 f i umodsys_lib_libui:umodsys.mod.ui.SDL_GL.obj
 0001:000020a4       ?ref_add@RGenerator@test1@test@modules@UModSys@@UBEXXZ 100030a4 f i plugin_test1.obj
 0001:000020a4       ?ref_add@RMultiImage@stdlib@lib2d@modules@UModSys@@UBEXXZ 100030a4 f i umodsys_lib_lib2d:umodsys.mod.2d.stdlib.obj
 0001:000020a4       ?ref_add@RGenerator@stdlib@lib2d@modules@UModSys@@UBEXXZ 100030a4 f i umodsys_lib_lib2d:umodsys.mod.2d.stdlib.obj
 0001:000020a4       ?ref_add@RMultiImage2D_SDL_ttf@SDL_core@ui@modules@UModSys@@UBEXXZ 100030a4 f i umodsys_lib_libui:umodsys.mod.ui.SDL_core.obj
 0001:000020a4       ?ref_add@RGenerator@serialize_json@media@modules@UModSys@@UBEXXZ 100030a4 f i umodsys_lib_libmedia:umodsys.mod.media.serialize_json.obj
 0001:000020a4       ?ref_add@RDialog@frames@ui@modules@UModSys@@UBEXXZ 100030a4 f i umodsys_lib_libui:umodsys.mod.ui.frames.obj
 0001:000020a4       ?ref_add@RGenerator@zlib@media@modules@UModSys@@UBEXXZ 100030a4 f i umodsys_lib_libmedia:umodsys.mod.media.zlib.obj
 0001:000020a4       ?ref_add@RGenerator@SDL_core@ui@modules@UModSys@@UBEXXZ 100030a4 f i umodsys_lib_libui:umodsys.mod.ui.SDL_core.obj
 0001:000020a8       ?get_generated_names@RGenerator@stdlib@lib2d@modules@UModSys@@UBEHAAUSUniquePtrList@core@5@@Z 100030a8 f i umodsys_lib_lib2d:umodsys.mod.2d.stdlib.obj
 0001:000020d7       ?get_generated_types@RGenerator@stdlib@lib2d@modules@UModSys@@UBEHAAUSUniquePtrList@core@5@PBUSUniquePointerInfo@75@@Z 100030d7 f i umodsys_lib_lib2d:umodsys.mod.2d.stdlib.obj
 0001:00002141       ?generate@RGenerator@stdlib@lib2d@modules@UModSys@@UAE_NAAU?$TRefObject@UIRefObject@core@UModSys@@U?$TRefObjectFunc@UIRefObject@core@UModSys@@@tl@3@@tl@5@PBUSUniquePointerInfo@core@5@ABUSParameters@95@@Z 10003141 f i umodsys_lib_lib2d:umodsys.mod.2d.stdlib.obj
 0001:000021ac       ?root_get_interface_info@RGenerator@stdlib@lib2d@modules@UModSys@@UBEABUSUniquePointerInfo@core@5@XZ 100031ac f i umodsys_lib_lib2d:umodsys.mod.2d.stdlib.obj
 0001:000021b2       ?root_get_interface_type@RGenerator@stdlib@lib2d@modules@UModSys@@UBEPBUSUniquePointerInfo@core@5@XZ 100031b2 f i umodsys_lib_lib2d:umodsys.mod.2d.stdlib.obj
 0001:000021b8       ?root_get_other_interface@RGenerator@stdlib@lib2d@modules@UModSys@@UBEPBUIRoot@core@5@PBUSUniquePointerInfo@75@@Z 100031b8 f i umodsys_lib_lib2d:umodsys.mod.2d.stdlib.obj
 0001:000021b8       ?root_get_other_interface@RGenerator@stdlib@lib2d@modules@UModSys@@UAEPAUIRoot@core@5@PBUSUniquePointerInfo@75@@Z 100031b8 f i umodsys_lib_lib2d:umodsys.mod.2d.stdlib.obj
 0001:000021d1       ?root_is_interface_supported@RGenerator@stdlib@lib2d@modules@UModSys@@UBE_NPBUSUniquePointerInfo@core@5@@Z 100031d1 f i umodsys_lib_lib2d:umodsys.mod.2d.stdlib.obj
 0001:000021f0       ?get_uid@RGenerator@stdlib@lib2d@modules@UModSys@@UBEPBUSUniquePointerInfo@core@5@XZ 100031f0 f i umodsys_lib_lib2d:umodsys.mod.2d.stdlib.obj
 0001:000021f6       ?set_info@RImage_Memory@stdlib@lib2d@modules@UModSys@@UAE_NABUSImagePatchInfo@35@PBD@Z 100031f6 f   umodsys_lib_lib2d:umodsys.mod.2d.stdlib.obj
 0001:0000235e       ??4State@RImage_Memory@stdlib@lib2d@modules@UModSys@@QAEAAU012345@ABU012345@@Z 1000335e f i umodsys_lib_lib2d:umodsys.mod.2d.stdlib.obj
 0001:000023ae       ?set_data@RImage_Memory@stdlib@lib2d@modules@UModSys@@UAE_NABUSImagePatchInfo@35@ABUSCMem@core@5@H@Z 100033ae f   umodsys_lib_lib2d:umodsys.mod.2d.stdlib.obj
 0001:00002418       ?get_info@RImage_Memory@stdlib@lib2d@modules@UModSys@@UBEABUSImageInfo@35@XZ 10003418 f   umodsys_lib_lib2d:umodsys.mod.2d.stdlib.obj
 0001:0000241c       ?get_data@RImage_Memory@stdlib@lib2d@modules@UModSys@@UBE_NABUSImagePatchInfo@35@ABUSMem@core@5@H@Z 1000341c f   umodsys_lib_lib2d:umodsys.mod.2d.stdlib.obj
 0001:000024a2       ??0RImage_Memory@stdlib@lib2d@modules@UModSys@@QAE@PAUIModObject@base@4@ABUSParameters@core@4@@Z 100034a2 f   umodsys_lib_lib2d:umodsys.mod.2d.stdlib.obj
 0001:000024ee       ??_GRImage_Memory@stdlib@lib2d@modules@UModSys@@UAEPAXI@Z 100034ee f i umodsys_lib_lib2d:umodsys.mod.2d.stdlib.obj
 0001:000024ee       ??_ERImage_Memory@stdlib@lib2d@modules@UModSys@@UAEPAXI@Z 100034ee f i  CIL library: CIL module
 0001:0000253b       ?image_new@RImageFactory_Memory@stdlib@lib2d@modules@UModSys@@UAE?AU?$TRefObject@UIImage@lib2d@UModSys@@U?$TRefObjectFunc@UIImage@lib2d@UModSys@@@tl@3@@tl@5@XZ 1000353b f   umodsys_lib_lib2d:umodsys.mod.2d.stdlib.obj
 0001:00002681       ?image_new@RImageFactory_Memory@stdlib@lib2d@modules@UModSys@@UAE?AU?$TRefObject@UIImage@lib2d@UModSys@@U?$TRefObjectFunc@UIImage@lib2d@UModSys@@@tl@3@@tl@5@ABUSImagePatchInfo@35@PBD@Z 10003681 f   umodsys_lib_lib2d:umodsys.mod.2d.stdlib.obj
 0001:000027d7       ??0RImageFactory_Memory@stdlib@lib2d@modules@UModSys@@QAE@PAUIModObject@base@4@ABUSParameters@core@4@@Z 100037d7 f   umodsys_lib_lib2d:umodsys.mod.2d.stdlib.obj
 0001:0000281b       ?get_max_cell_size@RMultiImage@stdlib@lib2d@modules@UModSys@@UBE?AU?$TVector2@H@math3d@5@XZ 1000381b f   umodsys_lib_lib2d:umodsys.mod.2d.stdlib.obj
 0001:0000281b       ?get_max_layer_size@RMultiImage@stdlib@lib2d@modules@UModSys@@UBE?AU?$TVector2@H@math3d@5@XZ 1000381b f   umodsys_lib_lib2d:umodsys.mod.2d.stdlib.obj
 0001:0000283d       ?get_fixed_cell_size@RMultiImage@stdlib@lib2d@modules@UModSys@@UBE?AU?$TVector2@H@math3d@5@XZ 1000383d f   umodsys_lib_lib2d:umodsys.mod.2d.stdlib.obj
 0001:0000285b       ?get_layer_count@RMultiImage@stdlib@lib2d@modules@UModSys@@UBEGXZ 1000385b f   umodsys_lib_lib2d:umodsys.mod.2d.stdlib.obj
 0001:00002869       ?get_layer@RMultiImage@stdlib@lib2d@modules@UModSys@@UBEPAUIImage@35@G@Z 10003869 f   umodsys_lib_lib2d:umodsys.mod.2d.stdlib.obj
 0001:00002886       ?get_cell_count@RMultiImage@stdlib@lib2d@modules@UModSys@@UBEIXZ 10003886 f   umodsys_lib_lib2d:umodsys.mod.2d.stdlib.obj
 0001:00002893       ?get_cell@RMultiImage@stdlib@lib2d@modules@UModSys@@UBE_NIAAU?$TVector2@H@math3d@5@PAU675@PAG@Z 10003893 f   umodsys_lib_lib2d:umodsys.mod.2d.stdlib.obj
 0001:000028f1       ?get_cell@RMultiImage@stdlib@lib2d@modules@UModSys@@UBE_NIAAUSImageCellInfo@35@@Z 100038f1 f   umodsys_lib_lib2d:umodsys.mod.2d.stdlib.obj
 0001:00002917       ?set_layer_count@RMultiImage@stdlib@lib2d@modules@UModSys@@UAE_NG@Z 10003917 f   umodsys_lib_lib2d:umodsys.mod.2d.stdlib.obj
 0001:000029f7       ?setup_fixed_cell@RMultiImage@stdlib@lib2d@modules@UModSys@@UAE_NHH@Z 100039f7 f   umodsys_lib_lib2d:umodsys.mod.2d.stdlib.obj
 0001:00002a18       ?setup_variable_cell@RMultiImage@stdlib@lib2d@modules@UModSys@@UAE_NPBUSImageCellInfo@35@KK@Z 10003a18 f   umodsys_lib_lib2d:umodsys.mod.2d.stdlib.obj
 0001:00002a8a       ??0RMultiImage@stdlib@lib2d@modules@UModSys@@QAE@PAUIModObject@base@4@ABUSParameters@core@4@@Z 10003a8a f   umodsys_lib_lib2d:umodsys.mod.2d.stdlib.obj
 0001:00002b31       ??_ERMultiImage@stdlib@lib2d@modules@UModSys@@UAEPAXI@Z 10003b31 f i  CIL library: CIL module
 0001:00002b31       ??_GRMultiImage@stdlib@lib2d@modules@UModSys@@UAEPAXI@Z 10003b31 f i umodsys_lib_lib2d:umodsys.mod.2d.stdlib.obj
 0001:00002b95       ?do_open@RModuleReg@stdlib@lib2d@modules@UModSys@@UAE_NXZ 10003b95 f i umodsys_lib_lib2d:umodsys.mod.2d.stdlib.obj
 0001:00002be3       ?do_close@RModuleReg@stdlib@lib2d@modules@UModSys@@UAE_NXZ 10003be3 f i umodsys_lib_lib2d:umodsys.mod.2d.stdlib.obj
 0001:00002c1e       ?get_module@RGenerator@stdlib@lib2d@modules@UModSys@@UBEPAUIModule@base@5@XZ 10003c1e f   umodsys_lib_lib2d:umodsys.mod.2d.stdlib.obj
 0001:00002c24       ?mod_inc@RGenerator@stdlib@lib2d@modules@UModSys@@UBE_NXZ 10003c24 f   umodsys_lib_lib2d:umodsys.mod.2d.stdlib.obj
 0001:00002c2f       ?mod_dec@RGenerator@stdlib@lib2d@modules@UModSys@@UBE_NXZ 10003c2f f   umodsys_lib_lib2d:umodsys.mod.2d.stdlib.obj
 0001:00002c3a       ?s_holder@RGenerator@stdlib@lib2d@modules@UModSys@@SAAAU?$TTypeStaticHolder@URGenerator@stdlib@lib2d@modules@UModSys@@@tl@5@XZ 10003c3a f   umodsys_lib_lib2d:umodsys.mod.2d.stdlib.obj
 0001:00002c6c       ??1?$TDynarrayDynamic@USImageCellInfo@lib2d@UModSys@@U?$TAllocator@USIMemAlloc@core@UModSys@@USCountCalcPower2@23@@tl@3@@tl@UModSys@@QAE@XZ 10003c6c f i umodsys_lib_lib2d:umodsys.mod.2d.stdlib.obj
 0001:00002c71       ?Resize@?$TDynarray@U?$TDynarrayHolderDynamic@USImageCellInfo@lib2d@UModSys@@U?$TAllocator@USIMemAlloc@core@UModSys@@USCountCalcPower2@23@@tl@3@@tl@UModSys@@@tl@UModSys@@QAE_NI@Z 10003c71 f i umodsys_lib_lib2d:umodsys.mod.2d.stdlib.obj
 0001:00002c9e       ??1?$TDynarrayDynamic@U?$TRefObject@UIImage@lib2d@UModSys@@U?$TRefObjectFunc@UIImage@lib2d@UModSys@@@tl@3@@tl@UModSys@@U?$TAllocator@USIMemAlloc@core@UModSys@@USCountCalcPower2@23@@23@@tl@UModSys@@QAE@XZ 10003c9e f i umodsys_lib_lib2d:umodsys.mod.2d.stdlib.obj
 0001:00002ca3       ??1?$TDynarray@U?$TDynarrayHolderDynamic@USImageCellInfo@lib2d@UModSys@@U?$TAllocator@USIMemAlloc@core@UModSys@@USCountCalcPower2@23@@tl@3@@tl@UModSys@@@tl@UModSys@@QAE@XZ 10003ca3 f i umodsys_lib_lib2d:umodsys.mod.2d.stdlib.obj
 0001:00002cff       ??1?$TDynarray@U?$TDynarrayHolderDynamic@U?$TRefObject@UIImage@lib2d@UModSys@@U?$TRefObjectFunc@UIImage@lib2d@UModSys@@@tl@3@@tl@UModSys@@U?$TAllocator@USIMemAlloc@core@UModSys@@USCountCalcPower2@23@@23@@tl@UModSys@@@tl@UModSys@@QAE@XZ 10003cff f i umodsys_lib_lib2d:umodsys.mod.2d.stdlib.obj
 0001:00002d42       ?ResizeRel@?$TDynarray@U?$TDynarrayHolderDynamic@U?$TRefObject@UIImage@lib2d@UModSys@@U?$TRefObjectFunc@UIImage@lib2d@UModSys@@@tl@3@@tl@UModSys@@U?$TAllocator@USIMemAlloc@core@UModSys@@USCountCalcPower2@23@@23@@tl@UModSys@@@tl@UModSys@@QAE_NH@Z 10003d42 f i umodsys_lib_lib2d:umodsys.mod.2d.stdlib.obj
 0001:00002dc2       ??$t_gen_param@URImage_Memory@stdlib@lib2d@modules@UModSys@@URGenerator@2345@@IGenerator@base@UModSys@@IAE_NPAURGenerator@stdlib@lib2d@modules@2@AAU?$TRefObject@UIRefObject@core@UModSys@@U?$TRefObjectFunc@UIRefObject@core@UModSys@@@tl@3@@tl@2@PBUSUniquePointerInfo@core@2@ABUSParameters@core@2@@Z 10003dc2 f i umodsys_lib_lib2d:umodsys.mod.2d.stdlib.obj
 0001:00002e54       ??$t_gen_param@URImageFactory_Memory@stdlib@lib2d@modules@UModSys@@URGenerator@2345@@IGenerator@base@UModSys@@IAE_NPAURGenerator@stdlib@lib2d@modules@2@AAU?$TRefObject@UIRefObject@core@UModSys@@U?$TRefObjectFunc@UIRefObject@core@UModSys@@@tl@3@@tl@2@PBUSUniquePointerInfo@core@2@ABUSParameters@core@2@@Z 10003e54 f i umodsys_lib_lib2d:umodsys.mod.2d.stdlib.obj
 0001:00002ee6       ??$t_gen_param@URMultiImage@stdlib@lib2d@modules@UModSys@@URGenerator@2345@@IGenerator@base@UModSys@@IAE_NPAURGenerator@stdlib@lib2d@modules@2@AAU?$TRefObject@UIRefObject@core@UModSys@@U?$TRefObjectFunc@UIRefObject@core@UModSys@@@tl@3@@tl@2@PBUSUniquePointerInfo@core@2@ABUSParameters@core@2@@Z 10003ee6 f i umodsys_lib_lib2d:umodsys.mod.2d.stdlib.obj
 0001:00002f8e       ??$ValidateConstruction@UIImage@lib2d@UModSys@@URImage_Memory@stdlib@2modules@3@@core@UModSys@@YA_NAAU?$TRefObject@UIImage@lib2d@UModSys@@U?$TRefObjectFunc@UIImage@lib2d@UModSys@@@tl@3@@tl@1@PAURImage_Memory@stdlib@lib2d@modules@1@@Z 10003f8e f i umodsys_lib_lib2d:umodsys.mod.2d.stdlib.obj
 0001:00002fcf       ?get@SParameters@core@UModSys@@QBE_NPBDAAPBD@Z 10003fcf f i umodsys_lib_libui:umodsys.mod.ui.SDL_GL.obj
 0001:00002fea       ?get@SParameters@core@UModSys@@QBE_NPBDAAH@Z 10003fea f i umodsys_lib_libui:umodsys.mod.ui.SDL_GL.obj
 0001:00003005       ?root_get_interface_info@RKeyboardController@SDL_GL@ui@modules@UModSys@@UBEABUSUniquePointerInfo@core@5@XZ 10004005 f i umodsys_lib_libui:umodsys.mod.ui.SDL_GL.obj
 0001:0000300b       ?root_get_interface_type@RKeyboardController@SDL_GL@ui@modules@UModSys@@UBEPBUSUniquePointerInfo@core@5@XZ 1000400b f i umodsys_lib_libui:umodsys.mod.ui.SDL_GL.obj
 0001:00003011       ?root_get_other_interface@RKeyboardController@SDL_GL@ui@modules@UModSys@@UAEPAUIRoot@core@5@PBUSUniquePointerInfo@75@@Z 10004011 f i umodsys_lib_libui:umodsys.mod.ui.SDL_GL.obj
 0001:00003011       ?root_get_other_interface@RKeyboardController@SDL_GL@ui@modules@UModSys@@UBEPBUIRoot@core@5@PBUSUniquePointerInfo@75@@Z 10004011 f i umodsys_lib_libui:umodsys.mod.ui.SDL_GL.obj
 0001:00003032       ?root_is_interface_supported@RKeyboardController@SDL_GL@ui@modules@UModSys@@UBE_NPBUSUniquePointerInfo@core@5@@Z 10004032 f i umodsys_lib_libui:umodsys.mod.ui.SDL_GL.obj
 0001:00003059       ?root_get_interface_info@RMouseController@SDL_GL@ui@modules@UModSys@@UBEABUSUniquePointerInfo@core@5@XZ 10004059 f i umodsys_lib_libui:umodsys.mod.ui.SDL_GL.obj
 0001:0000305f       ?root_get_interface_type@RMouseController@SDL_GL@ui@modules@UModSys@@UBEPBUSUniquePointerInfo@core@5@XZ 1000405f f i umodsys_lib_libui:umodsys.mod.ui.SDL_GL.obj
 0001:00003065       ?root_get_other_interface@RMouseController@SDL_GL@ui@modules@UModSys@@UAEPAUIRoot@core@5@PBUSUniquePointerInfo@75@@Z 10004065 f i umodsys_lib_libui:umodsys.mod.ui.SDL_GL.obj
 0001:00003065       ?root_get_other_interface@RMouseController@SDL_GL@ui@modules@UModSys@@UBEPBUIRoot@core@5@PBUSUniquePointerInfo@75@@Z 10004065 f i umodsys_lib_libui:umodsys.mod.ui.SDL_GL.obj
 0001:00003086       ?root_is_interface_supported@RMouseController@SDL_GL@ui@modules@UModSys@@UBE_NPBUSUniquePointerInfo@core@5@@Z 10004086 f i umodsys_lib_libui:umodsys.mod.ui.SDL_GL.obj
 0001:000030ad       ?_root_is_interface_supported@RTerminal@SDL_GL@ui@modules@UModSys@@SA_NPBUSUniquePointerInfo@core@5@@Z 100040ad f i umodsys_lib_libui:umodsys.mod.ui.SDL_GL.obj
 0001:000030cd       ?root_get_interface_info@RTerminal@SDL_GL@ui@modules@UModSys@@UBEABUSUniquePointerInfo@core@5@XZ 100040cd f i umodsys_lib_libui:umodsys.mod.ui.SDL_GL.obj
 0001:000030d3       ?root_get_interface_type@RTerminal@SDL_GL@ui@modules@UModSys@@UBEPBUSUniquePointerInfo@core@5@XZ 100040d3 f i umodsys_lib_libui:umodsys.mod.ui.SDL_GL.obj
 0001:000030d9       ?root_get_other_interface@RTerminal@SDL_GL@ui@modules@UModSys@@UBEPBUIRoot@core@5@PBUSUniquePointerInfo@75@@Z 100040d9 f i umodsys_lib_libui:umodsys.mod.ui.SDL_GL.obj
 0001:000030d9       ?root_get_other_interface@RTerminal@SDL_GL@ui@modules@UModSys@@UAEPAUIRoot@core@5@PBUSUniquePointerInfo@75@@Z 100040d9 f i umodsys_lib_libui:umodsys.mod.ui.SDL_GL.obj
 0001:000030fa       ?root_is_interface_supported@RTerminal@SDL_GL@ui@modules@UModSys@@UBE_NPBUSUniquePointerInfo@core@5@@Z 100040fa f i umodsys_lib_libui:umodsys.mod.ui.SDL_GL.obj
 0001:00003106       ?root_get_interface_info@RRenderDriver3D@SDL_GL@ui@modules@UModSys@@UBEABUSUniquePointerInfo@core@5@XZ 10004106 f i umodsys_lib_libui:umodsys.mod.ui.SDL_GL.obj
 0001:0000310c       ?root_get_interface_type@RRenderDriver3D@SDL_GL@ui@modules@UModSys@@UBEPBUSUniquePointerInfo@core@5@XZ 1000410c f i umodsys_lib_libui:umodsys.mod.ui.SDL_GL.obj
 0001:00003112       ?root_get_other_interface@RRenderDriver3D@SDL_GL@ui@modules@UModSys@@UAEPAUIRoot@core@5@PBUSUniquePointerInfo@75@@Z 10004112 f i umodsys_lib_libui:umodsys.mod.ui.SDL_GL.obj
 0001:00003112       ?root_get_other_interface@RRenderDriver3D@SDL_GL@ui@modules@UModSys@@UBEPBUIRoot@core@5@PBUSUniquePointerInfo@75@@Z 10004112 f i umodsys_lib_libui:umodsys.mod.ui.SDL_GL.obj
 0001:0000313b       ?root_is_interface_supported@RRenderDriver3D@SDL_GL@ui@modules@UModSys@@UBE_NPBUSUniquePointerInfo@core@5@@Z 1000413b f i umodsys_lib_libui:umodsys.mod.ui.SDL_GL.obj
 0001:0000316a       ?ref_links@RKeyboardController@SDL_core@ui@modules@UModSys@@UBEHXZ 1000416a f i umodsys_lib_libui:umodsys.mod.ui.SDL_core.obj
 0001:0000316a       ?ref_links@RRenderDriver3D@SDL_GL@ui@modules@UModSys@@UBEHXZ 1000416a f i umodsys_lib_libui:umodsys.mod.ui.SDL_GL.obj
 0001:0000316a       ?ref_links@RRenderDriver2D@SDL_core@ui@modules@UModSys@@UBEHXZ 1000416a f i umodsys_lib_libui:umodsys.mod.ui.SDL_core.obj
 0001:0000316a       ?ref_links@RMouseController@SDL_GL@ui@modules@UModSys@@UBEHXZ 1000416a f i umodsys_lib_libui:umodsys.mod.ui.SDL_GL.obj
 0001:0000316a       ?ref_links@RKeyboardController@SDL_GL@ui@modules@UModSys@@UBEHXZ 1000416a f i umodsys_lib_libui:umodsys.mod.ui.SDL_GL.obj
 0001:0000316a       ?ref_links@RMouseController@SDL_core@ui@modules@UModSys@@UBEHXZ 1000416a f i umodsys_lib_libui:umodsys.mod.ui.SDL_core.obj
 0001:00003172       ?root_get_interface_info@RTerminalX@SDL_GL@ui@modules@UModSys@@UBEABUSUniquePointerInfo@core@5@XZ 10004172 f i umodsys_lib_libui:umodsys.mod.ui.SDL_GL.obj
 0001:00003178       ?root_get_interface_type@RTerminalX@SDL_GL@ui@modules@UModSys@@UBEPBUSUniquePointerInfo@core@5@XZ 10004178 f i umodsys_lib_libui:umodsys.mod.ui.SDL_GL.obj
 0001:0000317e       ?root_get_other_interface@RTerminalX@SDL_GL@ui@modules@UModSys@@UBEPBUIRoot@core@5@PBUSUniquePointerInfo@75@@Z 1000417e f i umodsys_lib_libui:umodsys.mod.ui.SDL_GL.obj
 0001:0000317e       ?root_get_other_interface@RTerminalX@SDL_GL@ui@modules@UModSys@@UAEPAUIRoot@core@5@PBUSUniquePointerInfo@75@@Z 1000417e f i umodsys_lib_libui:umodsys.mod.ui.SDL_GL.obj
 0001:0000319f       ?root_is_interface_supported@RTerminalX@SDL_GL@ui@modules@UModSys@@UBE_NPBUSUniquePointerInfo@core@5@@Z 1000419f f i umodsys_lib_libui:umodsys.mod.ui.SDL_GL.obj
 0001:000031be       ?get_generated_names@RGenerator@SDL_GL@ui@modules@UModSys@@UBEHAAUSUniquePtrList@core@5@@Z 100041be f i umodsys_lib_libui:umodsys.mod.ui.SDL_GL.obj
 0001:000031d7       ?get_generated_types@RGenerator@SDL_GL@ui@modules@UModSys@@UBEHAAUSUniquePtrList@core@5@PBUSUniquePointerInfo@75@@Z 100041d7 f i umodsys_lib_libui:umodsys.mod.ui.SDL_GL.obj
 0001:00003215       ?generate@RGenerator@SDL_GL@ui@modules@UModSys@@UAE_NAAU?$TRefObject@UIRefObject@core@UModSys@@U?$TRefObjectFunc@UIRefObject@core@UModSys@@@tl@3@@tl@5@PBUSUniquePointerInfo@core@5@ABUSParameters@95@@Z 10004215 f i umodsys_lib_libui:umodsys.mod.ui.SDL_GL.obj
 0001:00003236       ?root_get_interface_info@RGenerator@SDL_GL@ui@modules@UModSys@@UBEABUSUniquePointerInfo@core@5@XZ 10004236 f i umodsys_lib_libui:umodsys.mod.ui.SDL_GL.obj
 0001:0000323c       ?root_get_interface_type@RGenerator@SDL_GL@ui@modules@UModSys@@UBEPBUSUniquePointerInfo@core@5@XZ 1000423c f i umodsys_lib_libui:umodsys.mod.ui.SDL_GL.obj
 0001:00003242       ?root_get_other_interface@RGenerator@SDL_GL@ui@modules@UModSys@@UAEPAUIRoot@core@5@PBUSUniquePointerInfo@75@@Z 10004242 f i umodsys_lib_libui:umodsys.mod.ui.SDL_GL.obj
 0001:00003242       ?root_get_other_interface@RGenerator@SDL_GL@ui@modules@UModSys@@UBEPBUIRoot@core@5@PBUSUniquePointerInfo@75@@Z 10004242 f i umodsys_lib_libui:umodsys.mod.ui.SDL_GL.obj
 0001:0000325b       ?root_is_interface_supported@RGenerator@SDL_GL@ui@modules@UModSys@@UBE_NPBUSUniquePointerInfo@core@5@@Z 1000425b f i umodsys_lib_libui:umodsys.mod.ui.SDL_GL.obj
 0001:0000327a       ?render_start@RRenderDriver3D@SDL_GL@ui@modules@UModSys@@UAEXXZ 1000427a f i umodsys_lib_libui:umodsys.mod.ui.SDL_GL.obj
 0001:0000327a       ?suicide@RGenerator@test1@test@modules@UModSys@@UAEXXZ 1000427a f i plugin_test1.obj
 0001:0000327a       ?suicide@RGenerator@stdlib@lib2d@modules@UModSys@@UAEXXZ 1000427a f i umodsys_lib_lib2d:umodsys.mod.2d.stdlib.obj
 0001:0000327a       ?end@RRenderDriver3D@SDL_GL@ui@modules@UModSys@@UAEXXZ 1000427a f i umodsys_lib_libui:umodsys.mod.ui.SDL_GL.obj
 0001:0000327a       ?suicide@RGenerator@SDL_GL@ui@modules@UModSys@@UAEXXZ 1000427a f i umodsys_lib_libui:umodsys.mod.ui.SDL_GL.obj
 0001:0000327a       ?suicide@RGenerator@frames@ui@modules@UModSys@@UAEXXZ 1000427a f i umodsys_lib_libui:umodsys.mod.ui.frames.obj
 0001:0000327a       ?render_stop@RRenderDriver3D@SDL_GL@ui@modules@UModSys@@UAEXXZ 1000427a f i umodsys_lib_libui:umodsys.mod.ui.SDL_GL.obj
 0001:0000327a       ?suicide@RGenerator@serialize_json@media@modules@UModSys@@UAEXXZ 1000427a f i umodsys_lib_libmedia:umodsys.mod.media.serialize_json.obj
 0001:0000327a       ?suicide@RGenerator@zlib@media@modules@UModSys@@UAEXXZ 1000427a f i umodsys_lib_libmedia:umodsys.mod.media.zlib.obj
 0001:0000327a       ??3@YAXPAX0@Z              1000427a f i plugin_test1.obj
 0001:0000327a       ?begin@RRenderDriver3D@SDL_GL@ui@modules@UModSys@@UAEXXZ 1000427a f i umodsys_lib_libui:umodsys.mod.ui.SDL_GL.obj
 0001:0000327a       ?suicide@RGenerator@SDL_core@ui@modules@UModSys@@UAEXXZ 1000427a f i umodsys_lib_libui:umodsys.mod.ui.SDL_core.obj
 0001:0000327a       ?suicide@RGenerator@images_std@media@modules@UModSys@@UAEXXZ 1000427a f i umodsys_lib_libmedia:umodsys.mod.media.images_std.obj
 0001:0000327b       ?get_uid@RGenerator@SDL_GL@ui@modules@UModSys@@UBEPBUSUniquePointerInfo@core@5@XZ 1000427b f i umodsys_lib_libui:umodsys.mod.ui.SDL_GL.obj
 0001:00003281       ??1SWindow@SDL_core@ui@modules@UModSys@@QAE@XZ 10004281 f   umodsys_lib_libui:umodsys.mod.ui.SDL_core.obj
 0001:00003281       ??1SWindow@SDL_GL@ui@modules@UModSys@@QAE@XZ 10004281 f   umodsys_lib_libui:umodsys.mod.ui.SDL_GL.obj
 0001:00003286       ?close@SWindow@SDL_GL@ui@modules@UModSys@@QAEXXZ 10004286 f   umodsys_lib_libui:umodsys.mod.ui.SDL_GL.obj
 0001:00003286       ?close@SWindow@SDL_core@ui@modules@UModSys@@QAEXXZ 10004286 f   umodsys_lib_libui:umodsys.mod.ui.SDL_core.obj
 0001:00003299       ?open@SWindow@SDL_core@ui@modules@UModSys@@QAE_NABUSParameters@core@5@@Z 10004299 f   umodsys_lib_libui:umodsys.mod.ui.SDL_core.obj
 0001:00003299       ?open@SWindow@SDL_GL@ui@modules@UModSys@@QAE_NABUSParameters@core@5@@Z 10004299 f   umodsys_lib_libui:umodsys.mod.ui.SDL_GL.obj
 0001:0000331f       ??_ERKeyboardController@SDL_GL@ui@modules@UModSys@@UAEPAXI@Z 1000431f f i  CIL library: CIL module
 0001:0000331f       ??_GRKeyboardController@SDL_GL@ui@modules@UModSys@@UAEPAXI@Z 1000431f f i umodsys_lib_libui:umodsys.mod.ui.SDL_GL.obj
 0001:0000333c       ??1RKeyboardController@SDL_GL@ui@modules@UModSys@@UAE@XZ 1000433c f   umodsys_lib_libui:umodsys.mod.ui.SDL_GL.obj
 0001:00003380       ?process@RKeyboardController@SDL_GL@ui@modules@UModSys@@QAE_NAAUSDL_KeyboardEvent@@@Z 10004380 f   umodsys_lib_libui:umodsys.mod.ui.SDL_GL.obj
 0001:00003380       ?process@RKeyboardController@SDL_core@ui@modules@UModSys@@QAE_NAAUSDL_KeyboardEvent@@@Z 10004380 f   umodsys_lib_libui:umodsys.mod.ui.SDL_core.obj
 0001:0000341f       ?map_keycode@RKeyboardController@SDL_core@ui@modules@UModSys@@QAE?AW4eKeyCode@libui@5@H@Z 1000441f f   umodsys_lib_libui:umodsys.mod.ui.SDL_core.obj
 0001:0000341f       ?map_keycode@RKeyboardController@SDL_GL@ui@modules@UModSys@@QAE?AW4eKeyCode@libui@5@H@Z 1000441f f   umodsys_lib_libui:umodsys.mod.ui.SDL_GL.obj
 0001:0000389a       ?key_link@RKeyboardController@SDL_core@ui@modules@UModSys@@UAE_NHPAUIRefObject@core@5@PAUIKeyboardClient@libui@5@@Z 1000489a f   umodsys_lib_libui:umodsys.mod.ui.SDL_core.obj
 0001:0000389a       ?key_link@RKeyboardController@SDL_GL@ui@modules@UModSys@@UAE_NHPAUIRefObject@core@5@PAUIKeyboardClient@libui@5@@Z 1000489a f   umodsys_lib_libui:umodsys.mod.ui.SDL_GL.obj
 0001:000038d2       ??_GRMouseController@SDL_GL@ui@modules@UModSys@@UAEPAXI@Z 100048d2 f i umodsys_lib_libui:umodsys.mod.ui.SDL_GL.obj
 0001:000038d2       ??_ERMouseController@SDL_GL@ui@modules@UModSys@@UAEPAXI@Z 100048d2 f i  CIL library: CIL module
 0001:000038ef       ??1RMouseController@SDL_GL@ui@modules@UModSys@@UAE@XZ 100048ef f   umodsys_lib_libui:umodsys.mod.ui.SDL_GL.obj
 0001:00003933       ?process@RMouseController@SDL_core@ui@modules@UModSys@@QAE_NAAUSDL_MouseWheelEvent@@@Z 10004933 f   umodsys_lib_libui:umodsys.mod.ui.SDL_core.obj
 0001:00003933       ?process@RMouseController@SDL_GL@ui@modules@UModSys@@QAE_NAAUSDL_MouseWheelEvent@@@Z 10004933 f   umodsys_lib_libui:umodsys.mod.ui.SDL_GL.obj
 0001:000039d4       ?mouse_link@RMouseController@SDL_core@ui@modules@UModSys@@UAE_NHPAUIRefObject@core@5@PAUIMouseClient@libui@5@H@Z 100049d4 f   umodsys_lib_libui:umodsys.mod.ui.SDL_core.obj
 0001:000039d4       ?mouse_link@RMouseController@SDL_GL@ui@modules@UModSys@@UAE_NHPAUIRefObject@core@5@PAUIMouseClient@libui@5@H@Z 100049d4 f   umodsys_lib_libui:umodsys.mod.ui.SDL_GL.obj
 0001:00003a13       ??0RTerminal@SDL_GL@ui@modules@UModSys@@QAE@PAUIModObject@base@4@@Z 10004a13 f   umodsys_lib_libui:umodsys.mod.ui.SDL_GL.obj
 0001:00003a9d       ??_ERTerminal@SDL_GL@ui@modules@UModSys@@UAEPAXI@Z 10004a9d f i  CIL library: CIL module
 0001:00003a9d       ??_GRTerminal@SDL_GL@ui@modules@UModSys@@UAEPAXI@Z 10004a9d f i umodsys_lib_libui:umodsys.mod.ui.SDL_GL.obj
 0001:00003aba       ??1RTerminal@SDL_GL@ui@modules@UModSys@@UAE@XZ 10004aba f   umodsys_lib_libui:umodsys.mod.ui.SDL_GL.obj
 0001:00003b0a       ?get_clock@RTerminal@SDL_core@ui@modules@UModSys@@UAENXZ 10004b0a f   umodsys_lib_libui:umodsys.mod.ui.SDL_core.obj
 0001:00003b0a       ?get_clock@RTerminal@SDL_GL@ui@modules@UModSys@@UAENXZ 10004b0a f   umodsys_lib_libui:umodsys.mod.ui.SDL_GL.obj
 0001:00003b22       ?get_count@RTerminal@SDL_core@ui@modules@UModSys@@UBEIPBUSUniquePointerInfo@core@5@@Z 10004b22 f   umodsys_lib_libui:umodsys.mod.ui.SDL_core.obj
 0001:00003b22       ?get_count@RTerminal@SDL_GL@ui@modules@UModSys@@UBEIPBUSUniquePointerInfo@core@5@@Z 10004b22 f   umodsys_lib_libui:umodsys.mod.ui.SDL_GL.obj
 0001:00003b67       ??0RRenderDriver3D@SDL_GL@ui@modules@UModSys@@QAE@PAURTerminalX@1234@@Z 10004b67 f   umodsys_lib_libui:umodsys.mod.ui.SDL_GL.obj
 0001:00003bf9       ??_GRRenderDriver3D@SDL_GL@ui@modules@UModSys@@UAEPAXI@Z 10004bf9 f i umodsys_lib_libui:umodsys.mod.ui.SDL_GL.obj
 0001:00003bf9       ??_ERRenderDriver3D@SDL_GL@ui@modules@UModSys@@UAEPAXI@Z 10004bf9 f i  CIL library: CIL module
 0001:00003c16       ??1RRenderDriver3D@SDL_GL@ui@modules@UModSys@@UAE@XZ 10004c16 f   umodsys_lib_libui:umodsys.mod.ui.SDL_GL.obj
 0001:00003c7a       ?open@RRenderDriver3D@SDL_GL@ui@modules@UModSys@@QAE_NABUSParameters@core@5@@Z 10004c7a f   umodsys_lib_libui:umodsys.mod.ui.SDL_GL.obj
 0001:00003cda       ?get_controller@RRenderDriver3D@SDL_GL@ui@modules@UModSys@@UBEPAUIRefObject@core@5@PBUSUniquePointerInfo@75@@Z 10004cda f   umodsys_lib_libui:umodsys.mod.ui.SDL_GL.obj
 0001:00003cda       ?get_layer@RMultiImage2D_SDL_ttf@SDL_core@ui@modules@UModSys@@UBEPAUIImage@lib2d@5@G@Z 10004cda f   umodsys_lib_libui:umodsys.mod.ui.SDL_core.obj
 0001:00003cda       ?alloc_points@RRenderDriver3D@SDL_GL@ui@modules@UModSys@@UAEPAU?$TVector3@N@math3d@5@H@Z 10004cda f   umodsys_lib_libui:umodsys.mod.ui.SDL_GL.obj
 0001:00003cda       ?alloc_colors@RRenderDriver3D@SDL_GL@ui@modules@UModSys@@UAEPAU?$TVector3@M@math3d@5@H@Z 10004cda f   umodsys_lib_libui:umodsys.mod.ui.SDL_GL.obj
 0001:00003cda       ?get_hwcinfo@RImage_Memory@stdlib@lib2d@modules@UModSys@@UBEPBXPBUSUniquePointerInfo@core@5@@Z 10004cda f   umodsys_lib_lib2d:umodsys.mod.2d.stdlib.obj
 0001:00003cda       ?get_controller@RRenderDriver2D@SDL_core@ui@modules@UModSys@@UBEPAUIRefObject@core@5@PBUSUniquePointerInfo@75@@Z 10004cda f   umodsys_lib_libui:umodsys.mod.ui.SDL_core.obj
 0001:00003cda       ?alloc_coloralphas@RRenderDriver3D@SDL_GL@ui@modules@UModSys@@UAEPAU?$TVector4@M@math3d@5@H@Z 10004cda f   umodsys_lib_libui:umodsys.mod.ui.SDL_GL.obj
 0001:00003cda       ?alloc_normals@RRenderDriver3D@SDL_GL@ui@modules@UModSys@@UAEPAU?$TVector3@M@math3d@5@H@Z 10004cda f   umodsys_lib_libui:umodsys.mod.ui.SDL_GL.obj
 0001:00003cda       ?get_hwinfo@RImage_Memory@stdlib@lib2d@modules@UModSys@@UAEPAXPBUSUniquePointerInfo@core@5@@Z 10004cda f   umodsys_lib_lib2d:umodsys.mod.2d.stdlib.obj
 0001:00003cda       ?open_drv3d@RTerminalX@SDL_core@ui@modules@UModSys@@UAEPAUIRenderDriver@lib3d@5@PBUSParameters@core@5@@Z 10004cda f   umodsys_lib_libui:umodsys.mod.ui.SDL_core.obj
 0001:00003cdf       ?get_frame_values@RRenderDriver3D@SDL_GL@ui@modules@UModSys@@UBEPBUSParameters@core@5@XZ 10004cdf f   umodsys_lib_libui:umodsys.mod.ui.SDL_GL.obj
 0001:00003ce6       ?setup_color@RRenderDriver3D@SDL_GL@ui@modules@UModSys@@UAEXABU?$TVector3@M@math3d@5@@Z 10004ce6 f   umodsys_lib_libui:umodsys.mod.ui.SDL_GL.obj
 0001:00003d04       ?setup_color@RRenderDriver3D@SDL_GL@ui@modules@UModSys@@UAEXABU?$TVector3@H@math3d@5@@Z 10004d04 f   umodsys_lib_libui:umodsys.mod.ui.SDL_GL.obj
 0001:00003d3e       ?setup_coloralpha@RRenderDriver3D@SDL_GL@ui@modules@UModSys@@UAEXABU?$TVector4@M@math3d@5@H@Z 10004d3e f   umodsys_lib_libui:umodsys.mod.ui.SDL_GL.obj
 0001:00003d5d       ?setup_coloralpha@RRenderDriver3D@SDL_GL@ui@modules@UModSys@@UAEXABU?$TVector4@H@math3d@5@H@Z 10004d5d f   umodsys_lib_libui:umodsys.mod.ui.SDL_GL.obj
 0001:00003dac       ?setup_blendcolor@RRenderDriver3D@SDL_GL@ui@modules@UModSys@@UAEXABUSBlendColor@lib2d@5@@Z 10004dac f   umodsys_lib_libui:umodsys.mod.ui.SDL_GL.obj
 0001:00003dfb       ?setup_blendcolor@RRenderDriver3D@SDL_GL@ui@modules@UModSys@@UAEXABUSBlendColorf@lib2d@5@@Z 10004dfb f   umodsys_lib_libui:umodsys.mod.ui.SDL_GL.obj
 0001:00003e36       ?setup_alpha@RRenderDriver3D@SDL_GL@ui@modules@UModSys@@UAEXHH@Z 10004e36 f   umodsys_lib_libui:umodsys.mod.ui.SDL_GL.obj
 0001:00003e53       ?setup_alpha@RRenderDriver3D@SDL_GL@ui@modules@UModSys@@UAEXMH@Z 10004e53 f   umodsys_lib_libui:umodsys.mod.ui.SDL_GL.obj
 0001:00003e6a       ?render_quad@RRenderDriver3D@SDL_GL@ui@modules@UModSys@@UAEXABU?$TVector2@H@math3d@5@000@Z 10004e6a f   umodsys_lib_libui:umodsys.mod.ui.SDL_GL.obj
 0001:00003e6d       ?camera_frustum@RRenderDriver3D@SDL_GL@ui@modules@UModSys@@UAE_NABU?$TVector3@N@math3d@5@ABU?$TVector2@M@75@NN@Z 10004e6d f   umodsys_lib_libui:umodsys.mod.ui.SDL_GL.obj
 0001:00003e72       ?alloc_colors@RRenderDriver3D@SDL_GL@ui@modules@UModSys@@UAEXPBU?$TVector3@M@math3d@5@H@Z 10004e72 f   umodsys_lib_libui:umodsys.mod.ui.SDL_GL.obj
 0001:00003e72       ?render_rect@RRenderDriver3D@SDL_GL@ui@modules@UModSys@@UAEXABU?$TVector2@H@math3d@5@0@Z 10004e72 f   umodsys_lib_libui:umodsys.mod.ui.SDL_GL.obj
 0001:00003e72       ?alloc_coloralphas@RRenderDriver3D@SDL_GL@ui@modules@UModSys@@UAEXPBU?$TVector4@M@math3d@5@H@Z 10004e72 f   umodsys_lib_libui:umodsys.mod.ui.SDL_GL.obj
 0001:00003e72       ?render_box@RRenderDriver3D@SDL_GL@ui@modules@UModSys@@UAEXABU?$TVector2@H@math3d@5@0@Z 10004e72 f   umodsys_lib_libui:umodsys.mod.ui.SDL_GL.obj
 0001:00003e72       ?alloc_normals@RRenderDriver3D@SDL_GL@ui@modules@UModSys@@UAEXPBU?$TVector3@M@math3d@5@H@Z 10004e72 f   umodsys_lib_libui:umodsys.mod.ui.SDL_GL.obj
 0001:00003e72       ?render_line@RRenderDriver3D@SDL_GL@ui@modules@UModSys@@UAEXABU?$TVector2@H@math3d@5@0@Z 10004e72 f   umodsys_lib_libui:umodsys.mod.ui.SDL_GL.obj
 0001:00003e72       ?alloc_points@RRenderDriver3D@SDL_GL@ui@modules@UModSys@@UAEXPBU?$TVector3@N@math3d@5@H@Z 10004e72 f   umodsys_lib_libui:umodsys.mod.ui.SDL_GL.obj
 0001:00003e72       ?phase_start@RRenderDriver3D@SDL_GL@ui@modules@UModSys@@UAEXHH@Z 10004e72 f   umodsys_lib_libui:umodsys.mod.ui.SDL_GL.obj
 0001:00003e72       ?render_text_3d@RRenderDriver3D@SDL_GL@ui@modules@UModSys@@UAEXPBHH@Z 10004e72 f   umodsys_lib_libui:umodsys.mod.ui.SDL_GL.obj
 0001:00003e75       ?alloc_index@RRenderDriver3D@SDL_GL@ui@modules@UModSys@@UAEPAHHH@Z 10004e75 f   umodsys_lib_libui:umodsys.mod.ui.SDL_GL.obj
 0001:00003e75       ?get_sub@RFrame_Common@frames@ui@modules@UModSys@@UAEPAUIFrame@libui@5@PAU675@H@Z 10004e75 f   umodsys_lib_libui:umodsys.mod.ui.frames.obj
 0001:00003e75       ?alloc_texpoints@RRenderDriver3D@SDL_GL@ui@modules@UModSys@@UAEPAU?$TVector2@M@math3d@5@HH@Z 10004e75 f   umodsys_lib_libui:umodsys.mod.ui.SDL_GL.obj
 0001:00003e7a       ?driver_is_reset@RRenderDriver3D@SDL_GL@ui@modules@UModSys@@UAE_NXZ 10004e7a f   umodsys_lib_libui:umodsys.mod.ui.SDL_GL.obj
 0001:00003e7a       ?setup_lists2@RRenderDriver3D@SDL_GL@ui@modules@UModSys@@UAA_NHHPBHZZ 10004e7a f   umodsys_lib_libui:umodsys.mod.ui.SDL_GL.obj
 0001:00003e7a       ?mouse_reset@RMouseController@SDL_GL@ui@modules@UModSys@@UAE_NXZ 10004e7a f   umodsys_lib_libui:umodsys.mod.ui.SDL_GL.obj
 0001:00003e7a       ?render_primitive@RRenderDriver3D@SDL_GL@ui@modules@UModSys@@UAA_NW4eRenderPrimitiveType@lib3d@5@HHZZ 10004e7a f   umodsys_lib_libui:umodsys.mod.ui.SDL_GL.obj
 0001:00003e7a       ?key_reset@RKeyboardController@SDL_core@ui@modules@UModSys@@UAE_NXZ 10004e7a f   umodsys_lib_libui:umodsys.mod.ui.SDL_core.obj
 0001:00003e7a       ?key_reset@RKeyboardController@SDL_GL@ui@modules@UModSys@@UAE_NXZ 10004e7a f   umodsys_lib_libui:umodsys.mod.ui.SDL_GL.obj
 0001:00003e7a       ?mouse_reset@RMouseController@SDL_core@ui@modules@UModSys@@UAE_NXZ 10004e7a f   umodsys_lib_libui:umodsys.mod.ui.SDL_core.obj
 0001:00003e7d       ?setup_T@RRenderDriver3D@SDL_GL@ui@modules@UModSys@@UAEXABU?$TMatrix44@N@math3d@5@@Z 10004e7d f   umodsys_lib_libui:umodsys.mod.ui.SDL_GL.obj
 0001:00003e7d       ?phase_2d@RRenderDriver3D@SDL_GL@ui@modules@UModSys@@UAEX_N@Z 10004e7d f   umodsys_lib_libui:umodsys.mod.ui.SDL_GL.obj
 0001:00003e7d       ?render_particles@RRenderDriver3D@SDL_GL@ui@modules@UModSys@@UAEXPBUSObjectParticle@lib3d@5@@Z 10004e7d f   umodsys_lib_libui:umodsys.mod.ui.SDL_GL.obj
 0001:00003e7d       ?render_picture@RRenderDriver3D@SDL_GL@ui@modules@UModSys@@UAEXABUSPicture@lib3d@5@@Z 10004e7d f   umodsys_lib_libui:umodsys.mod.ui.SDL_GL.obj
 0001:00003e80       ?setup_addlight@RRenderDriver3D@SDL_GL@ui@modules@UModSys@@UAEHW4eLightType@lib3d@5@ABUSLight@75@ABU?$TMatrix44@N@math3d@5@@Z 10004e80 f   umodsys_lib_libui:umodsys.mod.ui.SDL_GL.obj
 0001:00003e86       ?set_insize@RFrame_Common@frames@ui@modules@UModSys@@UAE_NABU?$TVector2@H@math3d@5@@Z 10004e86 f   umodsys_lib_libui:umodsys.mod.ui.frames.obj
 0001:00003e86       ?set_layer_count@RMultiImage2D_SDL_ttf@SDL_core@ui@modules@UModSys@@UAE_NG@Z 10004e86 f   umodsys_lib_libui:umodsys.mod.ui.SDL_core.obj
 0001:00003e86       ?arc_deinit@RBinArchiveFrameClient_ZIP@zlib@media@modules@UModSys@@UAE_NPAUIBinArchiveFrame@libmedia@5@@Z 10004e86 f   umodsys_lib_libmedia:umodsys.mod.media.zlib.obj
 0001:00003e86       ?frame_remove@RCollector@frames@ui@modules@UModSys@@UAE_NPAUIFrame@libui@5@@Z 10004e86 f   umodsys_lib_libui:umodsys.mod.ui.frames.obj
 0001:00003e86       ?mouse_setvisible@RMouseController@SDL_GL@ui@modules@UModSys@@UAE_N_N@Z 10004e86 f   umodsys_lib_libui:umodsys.mod.ui.SDL_GL.obj
 0001:00003e86       ?get_maxbox@RCollector@frames@ui@modules@UModSys@@UAE_NAAU?$TBoundBox2@H@math3d@5@@Z 10004e86 f   umodsys_lib_libui:umodsys.mod.ui.frames.obj
 0001:00003e86       ?setup_material@RRenderDriver3D@SDL_GL@ui@modules@UModSys@@UAE_NPBUSMaterial@lib3d@5@@Z 10004e86 f   umodsys_lib_libui:umodsys.mod.ui.SDL_GL.obj
 0001:00003e86       ?key_event@RFrame_Common@frames@ui@modules@UModSys@@MAE_NABUSKeyboardInputRaw@libui@5@@Z 10004e86 f   umodsys_lib_libui:umodsys.mod.ui.frames.obj
 0001:00003e86       ?key_event@RFrame_Common@frames@ui@modules@UModSys@@MAE_NABUSKeyboardInputText@libui@5@@Z 10004e86 f   umodsys_lib_libui:umodsys.mod.ui.frames.obj
 0001:00003e86       ?setup_state@RRenderDriver3D@SDL_GL@ui@modules@UModSys@@UAE_NABUSRenderState@lib3d@5@@Z 10004e86 f   umodsys_lib_libui:umodsys.mod.ui.SDL_GL.obj
 0001:00003e86       ?get_minsize@RCollector@frames@ui@modules@UModSys@@UAE_NAAU?$TVector2@H@math3d@5@@Z 10004e86 f   umodsys_lib_libui:umodsys.mod.ui.frames.obj
 0001:00003e86       ?mouse_event@RFrame_Common@frames@ui@modules@UModSys@@MAE_NPBUSMouseInput@libui@5@@Z 10004e86 f   umodsys_lib_libui:umodsys.mod.ui.frames.obj
 0001:00003e86       ?mouse_setvisible@RMouseController@SDL_core@ui@modules@UModSys@@UAE_N_N@Z 10004e86 f   umodsys_lib_libui:umodsys.mod.ui.SDL_core.obj
 0001:00003e8b       ?render_tri@RRenderDriver3D@SDL_GL@ui@modules@UModSys@@UAEXABU?$TVector2@H@math3d@5@00@Z 10004e8b f   umodsys_lib_libui:umodsys.mod.ui.SDL_GL.obj
 0001:00003e8b       ?alloc_texpoints@RRenderDriver3D@SDL_GL@ui@modules@UModSys@@UAEXPBU?$TVector2@M@math3d@5@HH@Z 10004e8b f   umodsys_lib_libui:umodsys.mod.ui.SDL_GL.obj
 0001:00003e8b       ?render_picture@RRenderDriver3D@SDL_GL@ui@modules@UModSys@@UAEXABUSPicture@lib3d@5@0M@Z 10004e8b f   umodsys_lib_libui:umodsys.mod.ui.SDL_GL.obj
 0001:00003e8e       ??_GRTerminalX@SDL_GL@ui@modules@UModSys@@UAEPAXI@Z 10004e8e f i umodsys_lib_libui:umodsys.mod.ui.SDL_GL.obj
 0001:00003e8e       ??_ERTerminalX@SDL_GL@ui@modules@UModSys@@UAEPAXI@Z 10004e8e f i  CIL library: CIL module
 0001:00003eda       ?get_drv3d@RTerminalX@SDL_GL@ui@modules@UModSys@@UBEPAUIRenderDriver@lib3d@5@XZ 10004eda f   umodsys_lib_libui:umodsys.mod.ui.SDL_GL.obj
 0001:00003eda       ?get_max_values@RRenderDriver3D@SDL_GL@ui@modules@UModSys@@UBEPBUSParameters@core@5@XZ 10004eda f   umodsys_lib_libui:umodsys.mod.ui.SDL_GL.obj
 0001:00003eda       ?get_drv2d@RTerminalX@SDL_GL@ui@modules@UModSys@@UBEPAUIRenderDriver@lib2d@5@XZ 10004eda f   umodsys_lib_libui:umodsys.mod.ui.SDL_GL.obj
 0001:00003eda       ?get_drv2d@RTerminalX@SDL_core@ui@modules@UModSys@@UBEPAUIRenderDriver@lib2d@5@XZ 10004eda f   umodsys_lib_libui:umodsys.mod.ui.SDL_core.obj
 0001:00003ede       ?open_drv2d@RTerminalX@SDL_GL@ui@modules@UModSys@@UAEPAUIRenderDriver@lib2d@5@PBUSParameters@core@5@@Z 10004ede f   umodsys_lib_libui:umodsys.mod.ui.SDL_GL.obj
 0001:00003ede       ?open_drv3d@RTerminalX@SDL_GL@ui@modules@UModSys@@UAEPAUIRenderDriver@lib3d@5@PBUSParameters@core@5@@Z 10004ede f   umodsys_lib_libui:umodsys.mod.ui.SDL_GL.obj
 0001:00003efa       ?close_drvxd@RTerminalX@SDL_GL@ui@modules@UModSys@@UAE_NXZ 10004efa f   umodsys_lib_libui:umodsys.mod.ui.SDL_GL.obj
 0001:00003f07       ?do_open@RModuleReg@SDL_GL@ui@modules@UModSys@@UAE_NXZ 10004f07 f i umodsys_lib_libui:umodsys.mod.ui.SDL_GL.obj
 0001:00003f55       ?do_close@RModuleReg@SDL_GL@ui@modules@UModSys@@UAE_NXZ 10004f55 f i umodsys_lib_libui:umodsys.mod.ui.SDL_GL.obj
 0001:00003f90       ?get_module@RGenerator@SDL_GL@ui@modules@UModSys@@UBEPAUIModule@base@5@XZ 10004f90 f   umodsys_lib_libui:umodsys.mod.ui.SDL_GL.obj
 0001:00003f96       ?mod_inc@RGenerator@SDL_GL@ui@modules@UModSys@@UBE_NXZ 10004f96 f   umodsys_lib_libui:umodsys.mod.ui.SDL_GL.obj
 0001:00003fa1       ?mod_dec@RGenerator@SDL_GL@ui@modules@UModSys@@UBE_NXZ 10004fa1 f   umodsys_lib_libui:umodsys.mod.ui.SDL_GL.obj
 0001:00003fac       ?s_holder@RGenerator@SDL_GL@ui@modules@UModSys@@SAAAU?$TTypeStaticHolder@URGenerator@SDL_GL@ui@modules@UModSys@@@tl@5@XZ 10004fac f   umodsys_lib_libui:umodsys.mod.ui.SDL_GL.obj
 0001:00003fde       ?Remove@?$TScatterArray@U?$TRefObjectComposite@UIKeyboardClient@libui@UModSys@@UIRefObject@core@3@U?$TRefObjectFunc@UIRefObject@core@UModSys@@@tl@3@@tl@UModSys@@HU?$TScalarCompare@H@core@3@U?$TNodeDeleter0@U?$TScatterArrayNode@U?$TRefObjectComposite@UIKeyboardClient@libui@UModSys@@UIRefObject@core@3@U?$TRefObjectFunc@UIRefObject@core@UModSys@@@tl@3@@tl@UModSys@@H@tl@UModSys@@@23@@tl@UModSys@@QAE_NABH@Z 10004fde f i umodsys_lib_libui:umodsys.mod.ui.SDL_GL.obj
 0001:00003fde       ?Remove@?$TScatterArray@U?$TRefObjectCompositeExtra@UIMouseClient@libui@UModSys@@HUIRefObject@core@3@U?$TRefObjectFunc@UIRefObject@core@UModSys@@@tl@3@@tl@UModSys@@HU?$TScalarCompare@H@core@3@U?$TNodeDeleter0@U?$TScatterArrayNode@U?$TRefObjectCompositeExtra@UIMouseClient@libui@UModSys@@HUIRefObject@core@3@U?$TRefObjectFunc@UIRefObject@core@UModSys@@@tl@3@@tl@UModSys@@H@tl@UModSys@@@23@@tl@UModSys@@QAE_NABH@Z 10004fde f i umodsys_lib_libui:umodsys.mod.ui.SDL_GL.obj
 0001:0000403a       ??F?$TTreeIterRB@$$CBU?$TScatterArrayNode@U?$TRefObjectCompositeExtra@UIMouseClient@libui@UModSys@@HUIRefObject@core@3@U?$TRefObjectFunc@UIRefObject@core@UModSys@@@tl@3@@tl@UModSys@@H@tl@UModSys@@$$CBU?$TPair@HU?$TRefObjectCompositeExtra@UIMouseClient@libui@UModSys@@HUIRefObject@core@3@U?$TRefObjectFunc@UIRefObject@core@UModSys@@@tl@3@@tl@UModSys@@@23@@tl@UModSys@@QAE?AU012@XZ 1000503a f i umodsys_lib_libui:umodsys.mod.ui.SDL_GL.obj
 0001:0000403a       ??F?$TTreeIterRB@$$CBU?$TScatterArrayNode@U?$TRefObjectComposite@UIKeyboardClient@libui@UModSys@@UIRefObject@core@3@U?$TRefObjectFunc@UIRefObject@core@UModSys@@@tl@3@@tl@UModSys@@H@tl@UModSys@@$$CBU?$TPair@HU?$TRefObjectComposite@UIKeyboardClient@libui@UModSys@@UIRefObject@core@3@U?$TRefObjectFunc@UIRefObject@core@UModSys@@@tl@3@@tl@UModSys@@@23@@tl@UModSys@@QAE?AU012@XZ 1000503a f i umodsys_lib_libui:umodsys.mod.ui.SDL_GL.obj
 0001:00004064       ?remove_node@?$TTreeHoldRB@U?$TScatterArrayNode@U?$TRefObjectComposite@UIKeyboardClient@libui@UModSys@@UIRefObject@core@3@U?$TRefObjectFunc@UIRefObject@core@UModSys@@@tl@3@@tl@UModSys@@H@tl@UModSys@@@tl@UModSys@@QAEXPAU?$TScatterArrayNode@U?$TRefObjectComposite@UIKeyboardClient@libui@UModSys@@UIRefObject@core@3@U?$TRefObjectFunc@UIRefObject@core@UModSys@@@tl@3@@tl@UModSys@@H@23@@Z 10005064 f i umodsys_lib_libui:umodsys.mod.ui.SDL_GL.obj
 0001:00004064       ?remove_node@?$TTreeHoldRB@U?$TScatterArrayNode@U?$TRefObjectCompositeExtra@UIMouseClient@libui@UModSys@@HUIRefObject@core@3@U?$TRefObjectFunc@UIRefObject@core@UModSys@@@tl@3@@tl@UModSys@@H@tl@UModSys@@@tl@UModSys@@QAEXPAU?$TScatterArrayNode@U?$TRefObjectCompositeExtra@UIMouseClient@libui@UModSys@@HUIRefObject@core@3@U?$TRefObjectFunc@UIRefObject@core@UModSys@@@tl@3@@tl@UModSys@@H@23@@Z 10005064 f i umodsys_lib_libui:umodsys.mod.ui.SDL_GL.obj
 0001:00004141       ??1?$TPair@HU?$TRefObjectComposite@UIKeyboardClient@libui@UModSys@@UIRefObject@core@3@U?$TRefObjectFunc@UIRefObject@core@UModSys@@@tl@3@@tl@UModSys@@@tl@UModSys@@QAE@XZ 10005141 f i umodsys_lib_libui:umodsys.mod.ui.SDL_GL.obj
 0001:00004141       ??1?$TPair@HU?$TRefObjectCompositeExtra@UIMouseClient@libui@UModSys@@HUIRefObject@core@3@U?$TRefObjectFunc@UIRefObject@core@UModSys@@@tl@3@@tl@UModSys@@@tl@UModSys@@QAE@XZ 10005141 f i umodsys_lib_libui:umodsys.mod.ui.SDL_GL.obj
 0001:0000414b       ??1?$TRefObjectComposite@UIController@libui@UModSys@@UIRefObject@core@3@U?$TRefObjectFunc@UIRefObject@core@UModSys@@@tl@3@@tl@UModSys@@QAE@XZ 1000514b f i umodsys_lib_libui:umodsys.mod.ui.frames.obj
 0001:0000414b       ??1?$TRefObjectCompositeExtra@UIMouseClient@libui@UModSys@@HUIRefObject@core@3@U?$TRefObjectFunc@UIRefObject@core@UModSys@@@tl@3@@tl@UModSys@@QAE@XZ 1000514b f i umodsys_lib_libui:umodsys.mod.ui.SDL_GL.obj
 0001:0000414b       ??1?$TRefObjectComposite@UIKeyboardClient@libui@UModSys@@UIRefObject@core@3@U?$TRefObjectFunc@UIRefObject@core@UModSys@@@tl@3@@tl@UModSys@@QAE@XZ 1000514b f i umodsys_lib_libui:umodsys.mod.ui.SDL_GL.obj
 0001:00004190       ?remove_color@?$TTreeHoldRB@U?$TScatterArrayNode@U?$TRefObjectCompositeExtra@UIMouseClient@libui@UModSys@@HUIRefObject@core@3@U?$TRefObjectFunc@UIRefObject@core@UModSys@@@tl@3@@tl@UModSys@@H@tl@UModSys@@@tl@UModSys@@IAEXPAU?$TScatterArrayNode@U?$TRefObjectCompositeExtra@UIMouseClient@libui@UModSys@@HUIRefObject@core@3@U?$TRefObjectFunc@UIRefObject@core@UModSys@@@tl@3@@tl@UModSys@@H@23@0@Z 10005190 f i umodsys_lib_libui:umodsys.mod.ui.SDL_GL.obj
 0001:00004190       ?remove_color@?$TTreeHoldRB@U?$TScatterArrayNode@U?$TRefObjectComposite@UIKeyboardClient@libui@UModSys@@UIRefObject@core@3@U?$TRefObjectFunc@UIRefObject@core@UModSys@@@tl@3@@tl@UModSys@@H@tl@UModSys@@@tl@UModSys@@IAEXPAU?$TScatterArrayNode@U?$TRefObjectComposite@UIKeyboardClient@libui@UModSys@@UIRefObject@core@3@U?$TRefObjectFunc@UIRefObject@core@UModSys@@@tl@3@@tl@UModSys@@H@23@0@Z 10005190 f i umodsys_lib_libui:umodsys.mod.ui.SDL_GL.obj
 0001:00004292       ??$t_gen_param@URTerminalX@SDL_GL@ui@modules@UModSys@@URGenerator@2345@@IGenerator@base@UModSys@@IAE_NPAURGenerator@SDL_GL@ui@modules@2@AAU?$TRefObject@UIRefObject@core@UModSys@@U?$TRefObjectFunc@UIRefObject@core@UModSys@@@tl@3@@tl@2@PBUSUniquePointerInfo@core@2@ABUSParameters@core@2@@Z 10005292 f i umodsys_lib_libui:umodsys.mod.ui.SDL_GL.obj
 0001:0000433a       ??$genx_node@UCmp@?$TScatterArray@U?$TRefObjectComposite@UIKeyboardClient@libui@UModSys@@UIRefObject@core@3@U?$TRefObjectFunc@UIRefObject@core@UModSys@@@tl@3@@tl@UModSys@@HU?$TScalarCompare@H@core@3@U?$TNodeDeleter0@U?$TScatterArrayNode@U?$TRefObjectComposite@UIKeyboardClient@libui@UModSys@@UIRefObject@core@3@U?$TRefObjectFunc@UIRefObject@core@UModSys@@@tl@3@@tl@UModSys@@H@tl@UModSys@@@23@@tl@UModSys@@UGen0@234@@?$TTreeHoldRBD@U?$TScatterArrayNode@U?$TRefObjectComposite@UIKeyboardClient@libui@UModSys@@UIRefObject@core@3@U?$TRefObjectFunc@UIRefObject@core@UModSys@@@tl@3@@tl@UModSys@@H@tl@UModSys@@U?$TNodeDeleter0@U?$TScatterArrayNode@U?$TRefObjectComposite@UIKeyboardClient@libui@UModSys@@UIRefObject@core@3@U?$TRefObjectFunc@UIRefObject@core@UModSys@@@tl@3@@tl@UModSys@@H@tl@UModSys@@@23@@tl@UModSys@@QAEPAU?$TScatterArrayNode@U?$TRefObjectComposite@UIKeyboardClient@libui@UModSys@@UIRefObject@core@3@U?$TRefObjectFunc@UIRefObject@core@UModSys@@@tl@3@@tl@UModSys@@H@12@UCmp@?$TScatterArray@U?$TRefObjectComposite@UIKeyboardClient@libui@UModSys@@UIRefObject@core@3@U?$TRefObjectFunc@UIRefObject@core@UModSys@@@tl@3@@tl@UModSys@@HU?$TScalarCompare@H@core@3@U?$TNodeDeleter0@U?$TScatterArrayNode@U?$TRefObjectComposite@UIKeyboardClient@libui@UModSys@@UIRefObject@core@3@U?$TRefObjectFunc@UIRefObject@core@UModSys@@@tl@3@@tl@UModSys@@H@tl@UModSys@@@23@@12@ABUGen0@512@PAPAU312@2_N@Z 1000533a f i umodsys_lib_libui:umodsys.mod.ui.SDL_GL.obj
[...]
 0001:000143a7       ??__F?s_id@?$TObjectUniqueID@UIImageFactory@lib2d@UModSys@@@tl@UModSys@@2USUniquePointer@core@3@A@@YAXXZ 100153a7 f    CIL library: CIL module
 0001:000143b1       ??__F?s_id@?$TObjectUniqueID@UIImage@lib2d@UModSys@@@tl@UModSys@@2USUniquePointer@core@3@A@@YAXXZ 100153b1 f    CIL library: CIL module
 0001:000143bb       ??__F?s_id@?$TObjectUniqueID@UIDialog@libui@UModSys@@@tl@UModSys@@2USUniquePointer@core@3@A@@YAXXZ 100153bb f    CIL library: CIL module
 0001:000143c5       ??__F?s_id@?$TObjectUniqueID@UIFrame@libui@UModSys@@@tl@UModSys@@2USUniquePointer@core@3@A@@YAXXZ 100153c5 f    CIL library: CIL module
 0001:000143cf       ??__F?s_id@?$TObjectUniqueID@UIAsyncCollector@libui@UModSys@@@tl@UModSys@@2USUniquePointer@core@3@A@@YAXXZ 100153cf f    CIL library: CIL module
 0001:000143d9       ??__F?s_id@?$TObjectUniqueID@UIAsyncController@libui@UModSys@@@tl@UModSys@@2USUniquePointer@core@3@A@@YAXXZ 100153d9 f    CIL library: CIL module
 0001:000143e3       ??__F?s_id@?$TObjectUniqueID@UICollector@libui@UModSys@@@tl@UModSys@@2USUniquePointer@core@3@A@@YAXXZ 100153e3 f    CIL library: CIL module
 0001:000143ed       ??__F?s_id@?$TObjectUniqueID@UIConsoleHelperInput_UIKey@libui@UModSys@@@tl@UModSys@@2USUniquePointer@core@3@A@@YAXXZ 100153ed f    CIL library: CIL module
 0001:000143f7       ??__F?s_id@?$TObjectUniqueID@UITerminal@libui@UModSys@@@tl@UModSys@@2USUniquePointer@core@3@A@@YAXXZ 100153f7 f    CIL library: CIL module
 0001:00014401       ??__F?s_id@?$TObjectUniqueID@UIJoystickController@libui@UModSys@@@tl@UModSys@@2USUniquePointer@core@3@A@@YAXXZ 10015401 f    CIL library: CIL module
 0001:0001440b       ??__F?s_id@?$TObjectUniqueID@UIMouseController@libui@UModSys@@@tl@UModSys@@2USUniquePointer@core@3@A@@YAXXZ 1001540b f    CIL library: CIL module
 0001:00014415       ??__F?s_id@?$TObjectUniqueID@UIKeyboardController@libui@UModSys@@@tl@UModSys@@2USUniquePointer@core@3@A@@YAXXZ 10015415 f    CIL library: CIL module
 0001:0001441f       ??__F?s_id@?$TObjectUniqueID@UIConsoleHelperOutputFCS@base@UModSys@@@tl@UModSys@@2USUniquePointer@core@3@A@@YAXXZ 1001541f f    CIL library: CIL module
 0001:00014429       ??__F?s_id@?$TObjectUniqueID@UIConsoleHelperOutput@base@UModSys@@@tl@UModSys@@2USUniquePointer@core@3@A@@YAXXZ 10015429 f    CIL library: CIL module
 0001:00014433       ??__F?s_id@?$TObjectUniqueID@UIConsoleHelperInput@base@UModSys@@@tl@UModSys@@2USUniquePointer@core@3@A@@YAXXZ 10015433 f    CIL library: CIL module
 0001:0001443d       ??__F?s_id@?$TObjectUniqueID@UIConsoleHelperHistory@base@UModSys@@@tl@UModSys@@2USUniquePointer@core@3@A@@YAXXZ 1001543d f    CIL library: CIL module
 0001:00014447       ??__F?s_id@?$TObjectUniqueID@UIConsoleHelper@base@UModSys@@@tl@UModSys@@2USUniquePointer@core@3@A@@YAXXZ 10015447 f    CIL library: CIL module
 0001:00014451       ??__F?s_id@?$TObjectUniqueID@UIConsoleExt@base@UModSys@@@tl@UModSys@@2USUniquePointer@core@3@A@@YAXXZ 10015451 f    CIL library: CIL module
 0001:0001445b       ??__F?s_id@?$TObjectUniqueID@UISerializeWriter@libmedia@UModSys@@@tl@UModSys@@2USUniquePointer@core@3@A@@YAXXZ 1001545b f    CIL library: CIL module
 0001:00014465       ??__F?s_id@?$TObjectUniqueID@UISerializeReader@libmedia@UModSys@@@tl@UModSys@@2USUniquePointer@core@3@A@@YAXXZ 10015465 f    CIL library: CIL module
 0001:0001446f       ??__F?s_id@?$TObjectUniqueID@UIClient@IBinArchiveFrame@libmedia@UModSys@@@tl@UModSys@@2USUniquePointer@core@3@A@@YAXXZ 1001546f f    CIL library: CIL module
 0001:00014479       ??__F?s_id@?$TObjectUniqueID@UIBinArchiveFrame@libmedia@UModSys@@@tl@UModSys@@2USUniquePointer@core@3@A@@YAXXZ 10015479 f    CIL library: CIL module
 0001:00014483       ??__F?s_id@?$TObjectUniqueID@UILibraryLayered@libmedia@UModSys@@@tl@UModSys@@2USUniquePointer@core@3@A@@YAXXZ 10015483 f    CIL library: CIL module
 0001:0001448d       ??__F?s_id@?$TObjectUniqueID@UILibraryObjCache@libmedia@UModSys@@@tl@UModSys@@2USUniquePointer@core@3@A@@YAXXZ 1001548d f    CIL library: CIL module
 0001:00014497       ??__F?s_id@?$TObjectUniqueID@UILibraryObjFilter@libmedia@UModSys@@@tl@UModSys@@2USUniquePointer@core@3@A@@YAXXZ 10015497 f    CIL library: CIL module
 0001:000144a1       ??__F?s_id@?$TObjectUniqueID@UILibraryBinCache@libmedia@UModSys@@@tl@UModSys@@2USUniquePointer@core@3@A@@YAXXZ 100154a1 f    CIL library: CIL module
 0001:000144ab       ??__F?s_id@?$TObjectUniqueID@UILibraryBinTree@libmedia@UModSys@@@tl@UModSys@@2USUniquePointer@core@3@A@@YAXXZ 100154ab f    CIL library: CIL module
 0001:000144b5       ??__F?s_id@?$TObjectUniqueID@UILibrary@libmedia@UModSys@@@tl@UModSys@@2USUniquePointer@core@3@A@@YAXXZ 100154b5 f    CIL library: CIL module
 0001:000144bf       ??__F?s_id@?$TObjectUniqueID@UIBinObjFilter@libmedia@UModSys@@@tl@UModSys@@2USUniquePointer@core@3@A@@YAXXZ 100154bf f    CIL library: CIL module
 0001:000144c9       ??__F?s_id@?$TObjectUniqueID@UIBinArchive@libmedia@UModSys@@@tl@UModSys@@2USUniquePointer@core@3@A@@YAXXZ 100154c9 f    CIL library: CIL module
 0001:000144d3       ??__F?s_id@?$TObjectUniqueID@UILibObject@libmedia@UModSys@@@tl@UModSys@@2USUniquePointer@core@3@A@@YAXXZ 100154d3 f    CIL library: CIL module
 0001:000144dd       ??__F?s_id@?$TObjectUniqueID@UIUtilities@libmedia@UModSys@@@tl@UModSys@@2USUniquePointer@core@3@A@@YAXXZ 100154dd f    CIL library: CIL module
 0001:000144e7       ??__F?s_id@?$TObjectUniqueID@UIStreamWriter@libmedia@UModSys@@@tl@UModSys@@2USUniquePointer@core@3@A@@YAXXZ 100154e7 f    CIL library: CIL module
 0001:000144f1       ??__F?s_id@?$TObjectUniqueID@UIStreamReader@libmedia@UModSys@@@tl@UModSys@@2USUniquePointer@core@3@A@@YAXXZ 100154f1 f    CIL library: CIL module
 0001:000144fb       ??__F?s_id@?$TObjectUniqueID@UISystem@base@UModSys@@@tl@UModSys@@2USUniquePointer@core@3@A@@YAXXZ 100154fb f    CIL library: CIL module
 0001:00014505       ??__F?s_id@?$TObjectUniqueID@UIShell@base@UModSys@@@tl@UModSys@@2USUniquePointer@core@3@A@@YAXXZ 10015505 f    CIL library: CIL module
 0001:0001450f       ??__F?s_id@?$TObjectUniqueID@UIGenerator@base@UModSys@@@tl@UModSys@@2USUniquePointer@core@3@A@@YAXXZ 1001550f f    CIL library: CIL module
 0001:00014519       ??__F?s_id@?$TObjectUniqueID@UIModObject@base@UModSys@@@tl@UModSys@@2USUniquePointer@core@3@A@@YAXXZ 10015519 f    CIL library: CIL module
 0001:00014523       ??__F?s_id@?$TObjectUniqueID@UIModuleLibrary@base@UModSys@@@tl@UModSys@@2USUniquePointer@core@3@A@@YAXXZ 10015523 f    CIL library: CIL module
 0001:0001452d       ??__F?s_id@?$TObjectUniqueID@UIModule@base@UModSys@@@tl@UModSys@@2USUniquePointer@core@3@A@@YAXXZ 1001552d f    CIL library: CIL module
 0001:00014537       ??__F?s_id@?$TObjectUniqueID@UIConsole@base@UModSys@@@tl@UModSys@@2USUniquePointer@core@3@A@@YAXXZ 10015537 f    CIL library: CIL module
 0001:00014541       ??__F?s_id@?$TObjectUniqueID@UIParameters@core@UModSys@@@tl@UModSys@@2USUniquePointer@core@3@A@@YAXXZ 10015541 f    CIL library: CIL module
 0001:0001454b       ??__F?s_id@?$TObjectUniqueID@UIRefObject@core@UModSys@@@tl@UModSys@@2USUniquePointer@core@3@A@@YAXXZ 1001554b f    CIL library: CIL module
 0001:00014555       ??__F?s_id@?$TObjectUniqueID@UIRoot@core@UModSys@@@tl@UModSys@@2USUniquePointer@core@3@A@@YAXXZ 10015555 f    CIL library: CIL module
 0001:0001455f       ??__Fs_dbg@stdlib@lib2d@modules@UModSys@@YAXXZ 1001555f f    CIL library: CIL module
 0001:00014576       ??__F?s_modreg@RModuleReg@stdlib@lib2d@modules@UModSys@@2U12345@A@@YAXXZ 10015576 f    CIL library: CIL module
 0001:00014581       ??__F?s_modreg_chain@RModuleReg@stdlib@lib2d@modules@UModSys@@2USModuleRegChain@base@5@A@@YAXXZ 10015581 f    CIL library: CIL module
 0001:0001458b       ??__F?s_uid@RGenerator@stdlib@lib2d@modules@UModSys@@2USUniquePointer@core@5@A@@YAXXZ 1001558b f    CIL library: CIL module
 0001:00014595       ??__Fh@?1??s_holder@RGenerator@stdlib@lib2d@modules@UModSys@@SAAAU?$TTypeStaticHolder@URGenerator@stdlib@lib2d@modules@UModSys@@@tl@5@XZ@YAXXZ 10015595 f    CIL library: CIL module
 0001:000145b2       ??__F?s_id@?$TObjectUniqueID@URGenerator@stdlib@lib2d@modules@UModSys@@@tl@UModSys@@2USUniquePointer@core@3@A@@YAXXZ 100155b2 f    CIL library: CIL module
 0001:000145bc       ??__F?s_id@?$TObjectUniqueID@URMultiImage@stdlib@lib2d@modules@UModSys@@@tl@UModSys@@2USUniquePointer@core@3@A@@YAXXZ 100155bc f    CIL library: CIL module
 0001:000145c6       ??__F?s_id@?$TObjectUniqueID@URImageFactory_Memory@stdlib@lib2d@modules@UModSys@@@tl@UModSys@@2USUniquePointer@core@3@A@@YAXXZ 100155c6 f    CIL library: CIL module
 0001:000145d0       ??__F?s_id@?$TObjectUniqueID@URImage_Memory@stdlib@lib2d@modules@UModSys@@@tl@UModSys@@2USUniquePointer@core@3@A@@YAXXZ 100155d0 f    CIL library: CIL module
 0001:000145da       ??__Fs_dbg@SDL_GL@ui@modules@UModSys@@YAXXZ 100155da f    CIL library: CIL module
 0001:000145f1       ??__F?s_modreg@RModuleReg@SDL_GL@ui@modules@UModSys@@2U12345@A@@YAXXZ 100155f1 f    CIL library: CIL module
 0001:000145fc       ??__F?s_modreg_chain@RModuleReg@SDL_GL@ui@modules@UModSys@@2USModuleRegChain@base@5@A@@YAXXZ 100155fc f    CIL library: CIL module
 0001:00014606       ??__F?s_uid@RGenerator@SDL_GL@ui@modules@UModSys@@2USUniquePointer@core@5@A@@YAXXZ 10015606 f    CIL library: CIL module
 0001:00014610       ??__Fh@?1??s_holder@RGenerator@SDL_GL@ui@modules@UModSys@@SAAAU?$TTypeStaticHolder@URGenerator@SDL_GL@ui@modules@UModSys@@@tl@5@XZ@YAXXZ 10015610 f    CIL library: CIL module
 0001:0001462d       ??__F?s_id@?$TObjectUniqueID@URGenerator@SDL_GL@ui@modules@UModSys@@@tl@UModSys@@2USUniquePointer@core@3@A@@YAXXZ 1001562d f    CIL library: CIL module
 0001:00014637       ??__F?s_id@?$TObjectUniqueID@URTerminalX@SDL_GL@ui@modules@UModSys@@@tl@UModSys@@2USUniquePointer@core@3@A@@YAXXZ 10015637 f    CIL library: CIL module
 0001:00014641       ??__F?s_id@?$TObjectUniqueID@URRenderDriver3D@SDL_GL@ui@modules@UModSys@@@tl@UModSys@@2USUniquePointer@core@3@A@@YAXXZ 10015641 f    CIL library: CIL module
 0001:0001464b       ??__F?s_id@?$TObjectUniqueID@URTerminal@SDL_GL@ui@modules@UModSys@@@tl@UModSys@@2USUniquePointer@core@3@A@@YAXXZ 1001564b f    CIL library: CIL module
 0001:00014655       ??__F?s_id@?$TObjectUniqueID@URMouseController@SDL_GL@ui@modules@UModSys@@@tl@UModSys@@2USUniquePointer@core@3@A@@YAXXZ 10015655 f    CIL library: CIL module
 0001:0001465f       ??__F?s_id@?$TObjectUniqueID@URKeyboardController@SDL_GL@ui@modules@UModSys@@@tl@UModSys@@2USUniquePointer@core@3@A@@YAXXZ 1001565f f    CIL library: CIL module
 0001:00014669       ??__F?s_id@?$TObjectUniqueID@UIRenderDriver@lib3d@UModSys@@@tl@UModSys@@2USUniquePointer@core@3@A@@YAXXZ 10015669 f    CIL library: CIL module
 0001:00014673       ??__F?s_id@?$TObjectUniqueID@UITextureCells@lib3d@UModSys@@@tl@UModSys@@2USUniquePointer@core@3@A@@YAXXZ 10015673 f    CIL library: CIL module
 0001:0001467d       ??__F?s_id@?$TObjectUniqueID@UITexture@lib3d@UModSys@@@tl@UModSys@@2USUniquePointer@core@3@A@@YAXXZ 1001567d f    CIL library: CIL module
 0001:00014687       ??__F?s_id@?$TObjectUniqueID@UIRenderer@lib3d@UModSys@@@tl@UModSys@@2USUniquePointer@core@3@A@@YAXXZ 10015687 f    CIL library: CIL module
 0001:00014691       ??__F?s_id@?$TObjectUniqueID@UISharedLibrary@lib3d@UModSys@@@tl@UModSys@@2USUniquePointer@core@3@A@@YAXXZ 10015691 f    CIL library: CIL module
 0001:0001469b       ??__Fs_dbg@SDL_core@ui@modules@UModSys@@YAXXZ 1001569b f    CIL library: CIL module
 0001:000146b2       ??__F?s_modreg@RModuleReg@SDL_core@ui@modules@UModSys@@2U12345@A@@YAXXZ 100156b2 f    CIL library: CIL module
 0001:000146bd       ??__F?s_modreg_chain@RModuleReg@SDL_core@ui@modules@UModSys@@2USModuleRegChain@base@5@A@@YAXXZ 100156bd f    CIL library: CIL module
 0001:000146c7       ??__F?s_uid@RGenerator@SDL_core@ui@modules@UModSys@@2USUniquePointer@core@5@A@@YAXXZ 100156c7 f    CIL library: CIL module
 0001:000146d1       ??__Fh@?1??s_holder@RGenerator@SDL_core@ui@modules@UModSys@@SAAAU?$TTypeStaticHolder@URGenerator@SDL_core@ui@modules@UModSys@@@tl@5@XZ@YAXXZ 100156d1 f    CIL library: CIL module
 0001:000146ee       ??__F?s_id@?$TObjectUniqueID@URGenerator@SDL_core@ui@modules@UModSys@@@tl@UModSys@@2USUniquePointer@core@3@A@@YAXXZ 100156ee f    CIL library: CIL module
 0001:000146f8       ??__F?s_id@?$TObjectUniqueID@URTerminalX@SDL_core@ui@modules@UModSys@@@tl@UModSys@@2USUniquePointer@core@3@A@@YAXXZ 100156f8 f    CIL library: CIL module
 0001:00014702       ??__F?s_id@?$TObjectUniqueID@URRenderDriver2D@SDL_core@ui@modules@UModSys@@@tl@UModSys@@2USUniquePointer@core@3@A@@YAXXZ 10015702 f    CIL library: CIL module
 0001:0001470c       ??__F?s_id@?$TObjectUniqueID@URMultiImage2D_SDL_ttf@SDL_core@ui@modules@UModSys@@@tl@UModSys@@2USUniquePointer@core@3@A@@YAXXZ 1001570c f    CIL library: CIL module
 0001:00014716       ??__F?s_id@?$TObjectUniqueID@URTerminal@SDL_core@ui@modules@UModSys@@@tl@UModSys@@2USUniquePointer@core@3@A@@YAXXZ 10015716 f    CIL library: CIL module
 0001:00014720       ??__F?s_id@?$TObjectUniqueID@URMouseController@SDL_core@ui@modules@UModSys@@@tl@UModSys@@2USUniquePointer@core@3@A@@YAXXZ 10015720 f    CIL library: CIL module
 0001:0001472a       ??__F?s_id@?$TObjectUniqueID@URKeyboardController@SDL_core@ui@modules@UModSys@@@tl@UModSys@@2USUniquePointer@core@3@A@@YAXXZ 1001572a f    CIL library: CIL module
 0001:00014734       ??__Fs_dbg@frames@ui@modules@UModSys@@YAXXZ 10015734 f    CIL library: CIL module
 0001:0001474b       ??__F?s_modreg@RModuleReg@frames@ui@modules@UModSys@@2U12345@A@@YAXXZ 1001574b f    CIL library: CIL module
 0001:00014756       ??__F?s_modreg_chain@RModuleReg@frames@ui@modules@UModSys@@2USModuleRegChain@base@5@A@@YAXXZ 10015756 f    CIL library: CIL module
 0001:00014760       ??__F?s_uid@RGenerator@frames@ui@modules@UModSys@@2USUniquePointer@core@5@A@@YAXXZ 10015760 f    CIL library: CIL module
 0001:0001476a       ??__Fh@?1??s_holder@RGenerator@frames@ui@modules@UModSys@@SAAAU?$TTypeStaticHolder@URGenerator@frames@ui@modules@UModSys@@@tl@5@XZ@YAXXZ 1001576a f    CIL library: CIL module
 0001:00014787       ??__F?s_id@?$TObjectUniqueID@URGenerator@frames@ui@modules@UModSys@@@tl@UModSys@@2USUniquePointer@core@3@A@@YAXXZ 10015787 f    CIL library: CIL module
 0001:00014791       ??__F?s_id@?$TObjectUniqueID@URCollector@frames@ui@modules@UModSys@@@tl@UModSys@@2USUniquePointer@core@3@A@@YAXXZ 10015791 f    CIL library: CIL module
 0001:0001479b       ??__F?s_id@?$TObjectUniqueID@URFrame_List@frames@ui@modules@UModSys@@@tl@UModSys@@2USUniquePointer@core@3@A@@YAXXZ 1001579b f    CIL library: CIL module
 0001:000147a5       ??__F?s_id@?$TObjectUniqueID@URFrame_Edit@frames@ui@modules@UModSys@@@tl@UModSys@@2USUniquePointer@core@3@A@@YAXXZ 100157a5 f    CIL library: CIL module
 0001:000147af       ??__F?s_id@?$TObjectUniqueID@URFrame_Button@frames@ui@modules@UModSys@@@tl@UModSys@@2USUniquePointer@core@3@A@@YAXXZ 100157af f    CIL library: CIL module
 0001:000147b9       ??__F?s_id@?$TObjectUniqueID@URFrame_Text@frames@ui@modules@UModSys@@@tl@UModSys@@2USUniquePointer@core@3@A@@YAXXZ 100157b9 f    CIL library: CIL module
 0001:000147c3       ??__F?s_id@?$TObjectUniqueID@URFrame_Image@frames@ui@modules@UModSys@@@tl@UModSys@@2USUniquePointer@core@3@A@@YAXXZ 100157c3 f    CIL library: CIL module
 0001:000147cd       ??__F?s_id@?$TObjectUniqueID@URFrame_Frame@frames@ui@modules@UModSys@@@tl@UModSys@@2USUniquePointer@core@3@A@@YAXXZ 100157cd f    CIL library: CIL module
 0001:000147d7       ??__F?s_id@?$TObjectUniqueID@URDialog@frames@ui@modules@UModSys@@@tl@UModSys@@2USUniquePointer@core@3@A@@YAXXZ 100157d7 f    CIL library: CIL module
 0001:000147e1       ??__F?s_id@?$TObjectUniqueID@URFrame_Common@frames@ui@modules@UModSys@@@tl@UModSys@@2USUniquePointer@core@3@A@@YAXXZ 100157e1 f    CIL library: CIL module
 0001:000147eb       ??__Fs_dbg@images_std@media@modules@UModSys@@YAXXZ 100157eb f    CIL library: CIL module
 0001:00014802       ??__F?s_modreg@RModuleReg@images_std@media@modules@UModSys@@2U12345@A@@YAXXZ 10015802 f    CIL library: CIL module
 0001:0001480d       ??__F?s_modreg_chain@RModuleReg@images_std@media@modules@UModSys@@2USModuleRegChain@base@5@A@@YAXXZ 1001580d f    CIL library: CIL module
 0001:00014817       ??__F?s_uid@RGenerator@images_std@media@modules@UModSys@@2USUniquePointer@core@5@A@@YAXXZ 10015817 f    CIL library: CIL module
 0001:00014821       ??__Fh@?1??s_holder@RGenerator@images_std@media@modules@UModSys@@SAAAU?$TTypeStaticHolder@URGenerator@images_std@media@modules@UModSys@@@tl@5@XZ@YAXXZ 10015821 f    CIL library: CIL module
 0001:0001483e       ??__F?s_id@?$TObjectUniqueID@URGenerator@images_std@media@modules@UModSys@@@tl@UModSys@@2USUniquePointer@core@3@A@@YAXXZ 1001583e f    CIL library: CIL module
 0001:00014848       ??__F?s_id@?$TObjectUniqueID@URMediaFilter@images_std@media@modules@UModSys@@@tl@UModSys@@2USUniquePointer@core@3@A@@YAXXZ 10015848 f    CIL library: CIL module
 0001:00014852       ??__Fs_dbg@serialize_json@media@modules@UModSys@@YAXXZ 10015852 f    CIL library: CIL module
 0001:00014869       ??__F?s_modreg@RModuleReg@serialize_json@media@modules@UModSys@@2U12345@A@@YAXXZ 10015869 f    CIL library: CIL module
 0001:00014874       ??__F?s_modreg_chain@RModuleReg@serialize_json@media@modules@UModSys@@2USModuleRegChain@base@5@A@@YAXXZ 10015874 f    CIL library: CIL module
 0001:0001487e       ??__F?s_uid@RGenerator@serialize_json@media@modules@UModSys@@2USUniquePointer@core@5@A@@YAXXZ 1001587e f    CIL library: CIL module
 0001:00014888       ??__Fh@?1??s_holder@RGenerator@serialize_json@media@modules@UModSys@@SAAAU?$TTypeStaticHolder@URGenerator@serialize_json@media@modules@UModSys@@@tl@5@XZ@YAXXZ 10015888 f    CIL library: CIL module
 0001:000148a5       ??__F?s_id@?$TObjectUniqueID@URGenerator@serialize_json@media@modules@UModSys@@@tl@UModSys@@2USUniquePointer@core@3@A@@YAXXZ 100158a5 f    CIL library: CIL module
 0001:000148af       ??__F?s_id@?$TObjectUniqueID@URSerializeWriter@serialize_json@media@modules@UModSys@@@tl@UModSys@@2USUniquePointer@core@3@A@@YAXXZ 100158af f    CIL library: CIL module
 0001:000148b9       ??__F?s_id@?$TObjectUniqueID@URSerializeReader@serialize_json@media@modules@UModSys@@@tl@UModSys@@2USUniquePointer@core@3@A@@YAXXZ 100158b9 f    CIL library: CIL module
 0001:000148c3       ??__Fs_dbg@zlib@media@modules@UModSys@@YAXXZ 100158c3 f    CIL library: CIL module
 0001:000148da       ??__F?s_modreg@RModuleReg@zlib@media@modules@UModSys@@2U12345@A@@YAXXZ 100158da f    CIL library: CIL module
 0001:000148e5       ??__F?s_modreg_chain@RModuleReg@zlib@media@modules@UModSys@@2USModuleRegChain@base@5@A@@YAXXZ 100158e5 f    CIL library: CIL module
 0001:000148ef       ??__F?s_uid@RGenerator@zlib@media@modules@UModSys@@2USUniquePointer@core@5@A@@YAXXZ 100158ef f    CIL library: CIL module
 0001:000148f9       ??__Fh@?1??s_holder@RGenerator@zlib@media@modules@UModSys@@SAAAU?$TTypeStaticHolder@URGenerator@zlib@media@modules@UModSys@@@tl@5@XZ@YAXXZ 100158f9 f    CIL library: CIL module
 0001:00014916       ??__F?s_id@?$TObjectUniqueID@URGenerator@zlib@media@modules@UModSys@@@tl@UModSys@@2USUniquePointer@core@3@A@@YAXXZ 10015916 f    CIL library: CIL module
 0001:00014920       ??__F?s_id@?$TObjectUniqueID@URBinArchiveFrameClient_ZIP@zlib@media@modules@UModSys@@@tl@UModSys@@2USUniquePointer@core@3@A@@YAXXZ 10015920 f    CIL library: CIL module
 0001:0001492a       ??__FM@UModSys@@YAXXZ      1001592a f    CIL library: CIL module
 0001:0001492b       ??__F?root@SModuleRegChain@base@UModSys@@2U123@A@@YAXXZ 1001592b f    CIL library: CIL module
 0001:00014935       ??__F?s_library@RModuleLibraryReg_Chain@base@UModSys@@2U123@A@@YAXXZ 10015935 f    CIL library: CIL module
 0001:00014940       ??__F?root@SUniquePointer@core@UModSys@@2U123@A@@YAXXZ 10015940 f    CIL library: CIL module

 Exports

  ordinal    name

        1    _UModSys_Plugin_Entry2@0
