 plugin_test1

 Timestamp is 52d556b5 (Tue Jan 14 18:24:37 2014)

 Preferred load address is 10000000

 Start         Length     Name                   Class
 0001:00000000 00013b8aH .text                   CODE
 0001:00013b8a 00000899H .text$x                 CODE
 0001:00014423 00000dbcH .text$yc                CODE
 0001:000151df 000004d0H .text$yd                CODE
 0002:00000000 000001f0H .idata$5                DATA
 0002:000001f0 00000004H .CRT$XCA                DATA
 0002:000001f4 00000910H .CRT$XCU                DATA
 0002:00000b04 00000004H .CRT$XCZ                DATA
 0002:00000b08 00000004H .CRT$XIA                DATA
 0002:00000b0c 00000004H .CRT$XIAA               DATA
 0002:00000b10 00000004H .CRT$XIC                DATA
 0002:00000b14 00000004H .CRT$XIZ                DATA
 0002:00000b18 00002548H .rdata                  DATA
 0002:00003060 00001a20H .rdata$r                DATA
 0002:00004a80 000000e8H .rdata$sxdata           DATA
 0002:00004b68 00000004H .rtc$IAA                DATA
 0002:00004b6c 00000004H .rtc$IZZ                DATA
 0002:00004b70 00000004H .rtc$TAA                DATA
 0002:00004b74 00000004H .rtc$TZZ                DATA
 0002:00004b78 00000db4H .xdata$x                DATA
 0002:0000592c 00000078H .idata$2                DATA
 0002:000059a4 00000014H .idata$3                DATA
 0002:000059b8 000001f0H .idata$4                DATA
 0002:00005ba8 000008e6H .idata$6                DATA
 0002:00006490 0000005cH .edata                  DATA
 0003:00000000 000010a0H .data                   DATA
 0003:000010a0 00001674H .bss                    DATA

  Address         Publics by Value              Rva+Base       Lib:Object

 0000:00000000       __except_list              00000000     <absolute>
 0000:0000003a       ___safe_se_handler_count   0000003a     <absolute>
 0000:00009876       __ldused                   00009876     <absolute>
 0000:00009876       __fltused                  00009876     <absolute>
 0000:00000000       ___ImageBase               10000000     <linker-defined>
 0001:00000000       ?new_data@SMemorySharedData@core@UModSys@@SAPAU123@IPBUSSourceContext@23@@Z 10001000 f i plugin_test1.obj
 0001:00000024       ?link@SCMemShared@core@UModSys@@QAE_NPAUSMemorySharedData@23@PAUSSourceContext@23@@Z 10001024 f i plugin_test1.obj
 0001:00000024       ?link@SMemShared@core@UModSys@@QAE_NPAUSMemorySharedData@23@PAUSSourceContext@23@@Z 10001024 f i plugin_test1.obj
 0001:00000049       ??1SMemShared@core@UModSys@@QAE@XZ 10001049 f i plugin_test1.obj
 0001:00000049       ??1SCMemShared@core@UModSys@@QAE@XZ 10001049 f i plugin_test1.obj
 0001:00000049       ??1State@RImage_Memory@stdlib@lib2d@modules@UModSys@@QAE@XZ 10001049 f i umodsys_lib_lib2d:umodsys.mod.2d.stdlib.obj
 0001:00000053       ??6SUniquePtrList@core@UModSys@@QAEAAU012@PBUSUniquePointerInfo@12@@Z 10001053 f i plugin_test1.obj
 0001:00000084       ??3IRoot@core@UModSys@@SAXPAXABUSIMemAlloc@12@@Z 10001084 f i plugin_test1.obj
 0001:0000009d       ?_root_get_other_interface@IRefObject@core@UModSys@@IBEPBUIRoot@23@PBUSUniquePointerInfo@23@@Z 1000109d f i plugin_test1.obj
 0001:0000009d       ?_root_get_other_interface@IRefObject@core@UModSys@@IAEPAUIRoot@23@PBUSUniquePointerInfo@23@@Z 1000109d f i plugin_test1.obj
 0001:000000be       ?_root_get_interface_types@IRefObject@core@UModSys@@SAIAAUSUniquePtrList@23@@Z 100010be f i plugin_test1.obj
 0001:000000de       ?_root_is_interface_supported@IRefObject@core@UModSys@@SA_NPBUSUniquePointerInfo@23@@Z 100010de f i plugin_test1.obj
 0001:000000f5       ??$slen@D@su@tl@UModSys@@YAIPBD@Z 100010f5 f i plugin_test1.obj
 0001:0000010e       ??$seq@D@su@tl@UModSys@@YA_NPBD0@Z 1000110e f i plugin_test1.obj
 0001:0000013b       ??1?$TParametersA@$0EAA@@core@UModSys@@QAE@XZ 1000113b f i plugin_test1.obj
 0001:0000013b       ??1?$TParametersA@$0BAA@@core@UModSys@@QAE@XZ 1000113b f i umodsys_lib_libui:umodsys.mod.ui.SDL_core.obj
 0001:0000013b       ??1SParameters@core@UModSys@@QAE@XZ 1000113b f i plugin_test1.obj
 0001:0000013b       ??1?$TParametersA@$0BAL@@core@UModSys@@QAE@XZ 1000113b f i umodsys_lib_lib2d:umodsys.mod.2d.stdlib.obj
 0001:00000148       ??0SParameters@core@UModSys@@QAE@PAUIParameters@12@PAXH@Z 10001148 f i plugin_test1.obj
 0001:0000016b       ?_root_get_other_interface@IGenerator@base@UModSys@@IBEPBUIRoot@core@3@PBUSUniquePointerInfo@53@@Z 1000116b f i plugin_test1.obj
 0001:0000016b       ?_root_get_other_interface@IGenerator@base@UModSys@@IAEPAUIRoot@core@3@PBUSUniquePointerInfo@53@@Z 1000116b f i plugin_test1.obj
 0001:00000187       ?_root_is_interface_supported@IGenerator@base@UModSys@@SA_NPBUSUniquePointerInfo@core@3@@Z 10001187 f i plugin_test1.obj
 0001:000001a7       ??4SFileInfo@libmedia@UModSys@@QAEABU012@ABU012@@Z 100011a7 f i plugin_test1.obj
 0001:00000200       ?_root_is_interface_supported@IBinObjFilter@libmedia@UModSys@@SA_NPBUSUniquePointerInfo@core@3@@Z 10001200 f i plugin_test1.obj
 0001:00000220       ?obj_load@ILibrary@libmedia@UModSys@@QAE_NABU?$TString@U?$TSCoreConst@D@su@tl@UModSys@@U?$TComparerBinaryHash@D@234@@tl@3@PAUIRefObject@core@3@0PBUSParameters@73@ABU?$TFlags4State@USMediaFlagUid@libmedia@UModSys@@I@53@@Z 10001220 f i plugin_test1.obj
 0001:0000026a       ?obj_save@ILibrary@libmedia@UModSys@@QAE_NABU?$TString@U?$TSCoreConst@D@su@tl@UModSys@@U?$TComparerBinaryHash@D@234@@tl@3@PBUIRefObject@core@3@0PBUSParameters@73@ABU?$TFlags4State@USMediaFlagUid@libmedia@UModSys@@I@53@@Z 1000126a f i plugin_test1.obj
 0001:000002b4       ?mount_add@ILibraryBinTree@libmedia@UModSys@@QAE_NABU?$TString@U?$TSCoreConst@D@su@tl@UModSys@@U?$TComparerBinaryHash@D@234@@tl@3@PAUIBinArchive@23@H@Z 100012b4 f i plugin_test1.obj
 0001:00000322       ?mount_add@ILibraryBinTree@libmedia@UModSys@@QAE_NABU?$TString@U?$TSCoreConst@D@su@tl@UModSys@@U?$TComparerBinaryHash@D@234@@tl@3@HPAUIBinArchive@23@H@Z 10001322 f i plugin_test1.obj
 0001:00000393       ??1SLayer@ILibraryLayered@libmedia@UModSys@@QAE@XZ 10001393 f i plugin_test1.obj
 0001:00000393       ??1SPoint@ILibraryBinTree@libmedia@UModSys@@QAE@XZ 10001393 f i plugin_test1.obj
 0001:000003a4       ?layer_push@ILibraryLayered@libmedia@UModSys@@QAE_NPAUILibrary@23@HABU?$TString@U?$TSCoreConst@D@su@tl@UModSys@@U?$TComparerBinaryHash@D@234@@tl@3@@Z 100013a4 f i plugin_test1.obj
 0001:0000040c       ?set_info@IImage@lib2d@UModSys@@QAE_NW4eImageType@23@HHPBD@Z 1000140c f i plugin_test1.obj
 0001:00000437       ?render_text@IRenderDriver@lib2d@UModSys@@QAE_NABU?$TVector2@H@math3d@3@PBHHPBU?$TVector2@M@53@@Z 10001437 f i plugin_test1.obj
 0001:00000465       ??1IBinObjFilter@libmedia@UModSys@@UAE@XZ 10001465 f i plugin_test1.obj
 0001:0000046a       ??1ILibObject@libmedia@UModSys@@UAE@XZ 1000146a f i plugin_test1.obj
 0001:000004a1       ?root_get_interface_info@RTest1_Shell@test1@test@modules@UModSys@@UBEABUSUniquePointerInfo@core@5@XZ 100014a1 f i plugin_test1.obj
 0001:000004a7       ?root_get_interface_type@RTest1_Shell@test1@test@modules@UModSys@@UBEPBUSUniquePointerInfo@core@5@XZ 100014a7 f i plugin_test1.obj
 0001:000004ad       ?root_get_other_interface@RTest1_Shell@test1@test@modules@UModSys@@UAEPAUIRoot@core@5@PBUSUniquePointerInfo@75@@Z 100014ad f i plugin_test1.obj
 0001:000004ad       ?root_get_other_interface@RTest1_Shell@test1@test@modules@UModSys@@UBEPBUIRoot@core@5@PBUSUniquePointerInfo@75@@Z 100014ad f i plugin_test1.obj
 0001:000004ce       ?root_is_interface_supported@RTest1_Shell@test1@test@modules@UModSys@@UBE_NPBUSUniquePointerInfo@core@5@@Z 100014ce f i plugin_test1.obj
 0001:000004f5       ?ref_add@RTest1_Shell@test1@test@modules@UModSys@@UBEXXZ 100014f5 f i plugin_test1.obj
 0001:000004f9       ?ref_remove@RTest1_Shell@test1@test@modules@UModSys@@UBEXXZ 100014f9 f i plugin_test1.obj
 0001:00000504       ?ref_weak@RTest1_Shell@test1@test@modules@UModSys@@UBE_NAAUWeakPointer@IRefObject@core@5@@Z 10001504 f i plugin_test1.obj
 0001:00000523       ?suicide@RTest1_Shell@test1@test@modules@UModSys@@UAEXXZ 10001523 f i plugin_test1.obj
 0001:00000560       ??0RTest1_Shell@test1@test@modules@UModSys@@QAE@PAUIModObject@base@4@@Z 10001560 f i plugin_test1.obj
 0001:00000668       ??1RTest1_Shell@test1@test@modules@UModSys@@UAE@XZ 10001668 f i plugin_test1.obj
 0001:000006f0       ?connect@RTest1_Shell@test1@test@modules@UModSys@@UAE_NXZ 100016f0 f i plugin_test1.obj
 0001:00000708       ?disconnect@RTest1_Shell@test1@test@modules@UModSys@@UAE_NXZ 10001708 f i plugin_test1.obj
 0001:00000720       ?process_tick@RTest1_Shell@test1@test@modules@UModSys@@UAE_NABUSTimeMsec@core@5@@Z 10001720 f i plugin_test1.obj
 0001:0000074b       ?process_command@RTest1_Shell@test1@test@modules@UModSys@@UAE_NHQBU?$TString@U?$TSCoreConst@D@su@tl@UModSys@@U?$TComparerBinaryHash@D@234@@tl@5@@Z 1000174b f i plugin_test1.obj
 0001:00000769       ??_ERTest1_Shell@test1@test@modules@UModSys@@UAEPAXI@Z 10001769 f i  CIL library: CIL module
 0001:00000769       ??_GRTest1_Shell@test1@test@modules@UModSys@@UAEPAXI@Z 10001769 f i plugin_test1.obj
 0001:00000786       ?new_mem_imagefactory@RTest1_Shell@test1@test@modules@UModSys@@QAE?AU?$TRefObject@UIImageFactory@lib2d@UModSys@@U?$TRefObjectFunc@UIImageFactory@lib2d@UModSys@@@tl@3@@tl@5@XZ 10001786 f   plugin_test1.obj
 0001:000007fe       ?new_mem_multiimage@RTest1_Shell@test1@test@modules@UModSys@@QAE?AU?$TRefObject@UIMultiImage@lib2d@UModSys@@U?$TRefObjectFunc@UIMultiImage@lib2d@UModSys@@@tl@3@@tl@5@PAUIImageFactory@lib2d@5@@Z 100017fe f   plugin_test1.obj
 0001:00000894       ?media_arch_stdio@RTest1_Shell@test1@test@modules@UModSys@@QAE?AU?$TRefObject@UIBinArchive@libmedia@UModSys@@U?$TRefObjectFunc@UIBinArchive@libmedia@UModSys@@@tl@3@@tl@5@ABU?$TString@U?$TSCoreConst@D@su@tl@UModSys@@U?$TComparerBinaryHash@D@234@@75@@Z 10001894 f   plugin_test1.obj
 0001:0000092f       ?media_arch_zip@RTest1_Shell@test1@test@modules@UModSys@@QAE?AU?$TRefObject@UIBinArchive@libmedia@UModSys@@U?$TRefObjectFunc@UIBinArchive@libmedia@UModSys@@@tl@3@@tl@5@PAUILibrary@libmedia@5@PAUIUtilities@95@ABU?$TString@U?$TSCoreConst@D@su@tl@UModSys@@U?$TComparerBinaryHash@D@234@@75@_N@Z 1000192f f   plugin_test1.obj
 0001:00000b18       ?media_filter_new@RTest1_Shell@test1@test@modules@UModSys@@QAE?AU?$TRefObject@UIBinObjFilter@libmedia@UModSys@@U?$TRefObjectFunc@UIBinObjFilter@libmedia@UModSys@@@tl@3@@tl@5@ABU?$TString@U?$TSCoreConst@D@su@tl@UModSys@@U?$TComparerBinaryHash@D@234@@75@ABUSParameters@core@5@@Z 10001b18 f   plugin_test1.obj
 0001:00000b8c       ?media_utils@RTest1_Shell@test1@test@modules@UModSys@@QAE?AU?$TRefObject@UIUtilities@libmedia@UModSys@@U?$TRefObjectFunc@UIUtilities@libmedia@UModSys@@@tl@3@@tl@5@XZ 10001b8c f   plugin_test1.obj
 0001:00000c04       ?media_vfs@RTest1_Shell@test1@test@modules@UModSys@@QAE?AU?$TRefObject@UILibraryBinTree@libmedia@UModSys@@U?$TRefObjectFunc@UILibraryBinTree@libmedia@UModSys@@@tl@3@@tl@5@XZ 10001c04 f   plugin_test1.obj
 0001:00000c7c       ?media_flt@RTest1_Shell@test1@test@modules@UModSys@@QAE?AU?$TRefObject@UILibraryObjFilter@libmedia@UModSys@@U?$TRefObjectFunc@UILibraryObjFilter@libmedia@UModSys@@@tl@3@@tl@5@XZ 10001c7c f   plugin_test1.obj
 0001:00000cf4       ?media_lay@RTest1_Shell@test1@test@modules@UModSys@@QAE?AU?$TRefObject@UILibraryLayered@libmedia@UModSys@@U?$TRefObjectFunc@UILibraryLayered@libmedia@UModSys@@@tl@3@@tl@5@XZ 10001cf4 f   plugin_test1.obj
 0001:00000d6c       ?media_cache@RTest1_Shell@test1@test@modules@UModSys@@QAE?AU?$TRefObject@UILibrary@libmedia@UModSys@@U?$TRefObjectFunc@UILibrary@libmedia@UModSys@@@tl@3@@tl@5@_N@Z 10001d6c f   plugin_test1.obj
 0001:00000e47       ?file_test7@RTest1_Shell@test1@test@modules@UModSys@@QAEXXZ 10001e47 f   plugin_test1.obj
 0001:00001746       ?key_pressed@RTest1_Shell@test1@test@modules@UModSys@@UAE_NABUSKeyboardInputRaw@libui@5@@Z 10002746 f   plugin_test1.obj
 0001:00001787       ?key_text@RTest1_Shell@test1@test@modules@UModSys@@UAE_NABUSKeyboardInputText@libui@5@@Z 10002787 f   plugin_test1.obj
 0001:000017bf       ?mouse_event@RTest1_Shell@test1@test@modules@UModSys@@UAE_NABUSMouseInput@libui@5@@Z 100027bf f   plugin_test1.obj
 0001:0000182c       ?command@RTest1_Shell@test1@test@modules@UModSys@@UAE_NABUSController@libui@5@HABUSFrameDataIn@75@@Z 1000282c f   plugin_test1.obj
 0001:00001867       ?db_get@RTest1_Shell@test1@test@modules@UModSys@@UAE_NABUSController@libui@5@QBDABUSFrameDataOut@75@@Z 10002867 f   plugin_test1.obj
 0001:000018bc       ?db_get@RTest1_Shell@test1@test@modules@UModSys@@UAE_NABUSController@libui@5@QBDHABUSFrameDataOut@75@@Z 100028bc f   plugin_test1.obj
 0001:00001911       ?get_generated_names@RGenerator@test1@test@modules@UModSys@@UBEHAAUSUniquePtrList@core@5@@Z 10002911 f i plugin_test1.obj
 0001:0000192a       ?get_generated_types@RGenerator@test1@test@modules@UModSys@@UBEHAAUSUniquePtrList@core@5@PBUSUniquePointerInfo@75@@Z 1000292a f i plugin_test1.obj
 0001:0000195e       ?generate@RGenerator@test1@test@modules@UModSys@@UAE_NAAU?$TRefObject@UIRefObject@core@UModSys@@U?$TRefObjectFunc@UIRefObject@core@UModSys@@@tl@3@@tl@5@PBUSUniquePointerInfo@core@5@ABUSParameters@95@@Z 1000295e f i plugin_test1.obj
 0001:000019e0       ?root_get_interface_info@RGenerator@test1@test@modules@UModSys@@UBEABUSUniquePointerInfo@core@5@XZ 100029e0 f i plugin_test1.obj
 0001:000019e6       ?root_get_interface_type@RGenerator@test1@test@modules@UModSys@@UBEPBUSUniquePointerInfo@core@5@XZ 100029e6 f i plugin_test1.obj
 0001:000019ec       ?root_get_other_interface@RGenerator@test1@test@modules@UModSys@@UAEPAUIRoot@core@5@PBUSUniquePointerInfo@75@@Z 100029ec f i plugin_test1.obj
 0001:000019ec       ?root_get_other_interface@RGenerator@test1@test@modules@UModSys@@UBEPBUIRoot@core@5@PBUSUniquePointerInfo@75@@Z 100029ec f i plugin_test1.obj
 0001:00001a05       ?root_is_interface_supported@RGenerator@test1@test@modules@UModSys@@UBE_NPBUSUniquePointerInfo@core@5@@Z 10002a05 f i plugin_test1.obj
 0001:00001a24       ?get_uid@RGenerator@test1@test@modules@UModSys@@UBEPBUSUniquePointerInfo@core@5@XZ 10002a24 f i plugin_test1.obj
 0001:00001a2a       ?do_open@RModuleReg@test1@test@modules@UModSys@@UAE_NXZ 10002a2a f i plugin_test1.obj
 0001:00001a88       ?do_close@RModuleReg@test1@test@modules@UModSys@@UAE_NXZ 10002a88 f i plugin_test1.obj
 0001:00001ad7       ?get_module@RGenerator@test1@test@modules@UModSys@@UBEPAUIModule@base@5@XZ 10002ad7 f   plugin_test1.obj
 0001:00001add       ?mod_inc@RGenerator@test1@test@modules@UModSys@@UBE_NXZ 10002add f   plugin_test1.obj
 0001:00001ae8       ?mod_dec@RGenerator@test1@test@modules@UModSys@@UBE_NXZ 10002ae8 f   plugin_test1.obj
 0001:00001af3       ?s_holder@RGenerator@test1@test@modules@UModSys@@SAAAU?$TTypeStaticHolder@URGenerator@test1@test@modules@UModSys@@@tl@5@XZ 10002af3 f   plugin_test1.obj
 0001:00001b25       ??0?$TString@U?$TSCoreConst@D@su@tl@UModSys@@U?$TComparerBinaryHash@D@234@@tl@UModSys@@QAE@PBD@Z 10002b25 f i plugin_test1.obj
 0001:00001b4a       ??8?$TString@U?$TSCoreConst@D@su@tl@UModSys@@U?$TComparerBinaryHash@D@234@@tl@UModSys@@QBE_NPBD@Z 10002b4a f i plugin_test1.obj
 0001:00001b6c       ??4?$TString@U?$TSCoreConst@D@su@tl@UModSys@@U?$TComparerBinaryHash@D@234@@tl@UModSys@@QAEABU012@PBD@Z 10002b6c f i plugin_test1.obj
 0001:00001b88       ??0?$TString@U?$TSCoreShared@USIMemAlloc@core@UModSys@@D@su@tl@UModSys@@U?$TComparerBinaryHash@D@234@@tl@UModSys@@QAE@XZ 10002b88 f i plugin_test1.obj
 0001:00001b9e       ??4?$TString@U?$TSCoreShared@USIMemAlloc@core@UModSys@@D@su@tl@UModSys@@U?$TComparerBinaryHash@D@234@@tl@UModSys@@QAEABU012@ABU012@@Z 10002b9e f i plugin_test1.obj
 0001:00001bc0       ??1?$TRefObject@UIStreamReader@libmedia@UModSys@@U?$TRefObjectFunc@UIStreamReader@libmedia@UModSys@@@tl@3@@tl@UModSys@@QAE@XZ 10002bc0 f i plugin_test1.obj
 0001:00001bc0       ??1?$TRefObject@UIFrame@libui@UModSys@@U?$TRefObjectFunc@UIFrame@libui@UModSys@@@tl@3@@tl@UModSys@@QAE@XZ 10002bc0 f i umodsys_lib_libui:umodsys.mod.ui.frames.obj
 0001:00001bc0       ??1?$TRefObject@UIImage@lib2d@UModSys@@U?$TRefObjectFunc@UIImage@lib2d@UModSys@@@tl@3@@tl@UModSys@@QAE@XZ 10002bc0 f i plugin_test1.obj
 0001:00001bc0       ??1?$TRefObject@URBinArchiveFrameClient_ZIP@zlib@media@modules@UModSys@@U?$TRefObjectFunc@URBinArchiveFrameClient_ZIP@zlib@media@modules@UModSys@@@tl@5@@tl@UModSys@@QAE@XZ 10002bc0 f i umodsys_lib_libmedia:umodsys.mod.media.zlib.obj
 0001:00001bc0       ??1?$TRefObject@URRenderDriver2D@SDL_core@ui@modules@UModSys@@U?$TRefObjectFunc@URRenderDriver2D@SDL_core@ui@modules@UModSys@@@tl@5@@tl@UModSys@@QAE@XZ 10002bc0 f i umodsys_lib_libui:umodsys.mod.ui.SDL_core.obj
 0001:00001bc0       ??1?$TRefObject@URDialog@frames@ui@modules@UModSys@@U?$TRefObjectFunc@URDialog@frames@ui@modules@UModSys@@@tl@5@@tl@UModSys@@QAE@XZ 10002bc0 f i umodsys_lib_libui:umodsys.mod.ui.frames.obj
 0001:00001bc0       ??1?$TRefObject@URKeyboardController@SDL_core@ui@modules@UModSys@@U?$TRefObjectFunc@URKeyboardController@SDL_core@ui@modules@UModSys@@@tl@5@@tl@UModSys@@QAE@XZ 10002bc0 f i umodsys_lib_libui:umodsys.mod.ui.SDL_core.obj
 0001:00001bc0       ??1?$TRefObject@UIKeyboardController@libui@UModSys@@U?$TRefObjectFunc@UIKeyboardController@libui@UModSys@@@tl@3@@tl@UModSys@@QAE@XZ 10002bc0 f i plugin_test1.obj
 0001:00001bc0       ??1?$TRefObject@URMultiImage2D_SDL_ttf@SDL_core@ui@modules@UModSys@@U?$TRefObjectFunc@URMultiImage2D_SDL_ttf@SDL_core@ui@modules@UModSys@@@tl@5@@tl@UModSys@@QAE@XZ 10002bc0 f i umodsys_lib_libui:umodsys.mod.ui.SDL_core.obj
 0001:00001bc0       ??1?$TRefObject@UIUtilities@libmedia@UModSys@@U?$TRefObjectFunc@UIUtilities@libmedia@UModSys@@@tl@3@@tl@UModSys@@QAE@XZ 10002bc0 f i plugin_test1.obj
 0001:00001bc0       ??1?$TRefObject@UIRenderDriver@lib2d@UModSys@@U?$TRefObjectFunc@UIRenderDriver@lib2d@UModSys@@@tl@3@@tl@UModSys@@QAE@XZ 10002bc0 f i plugin_test1.obj
 0001:00001bc0       ??1?$TRefObject@URCollector@frames@ui@modules@UModSys@@U?$TRefObjectFunc@URCollector@frames@ui@modules@UModSys@@@tl@5@@tl@UModSys@@QAE@XZ 10002bc0 f i umodsys_lib_libui:umodsys.mod.ui.frames.obj
 0001:00001bc0       ??1?$TRefObject@URTerminal@SDL_core@ui@modules@UModSys@@U?$TRefObjectFunc@URTerminal@SDL_core@ui@modules@UModSys@@@tl@5@@tl@UModSys@@QAE@XZ 10002bc0 f i umodsys_lib_libui:umodsys.mod.ui.SDL_core.obj
 0001:00001bc0       ??1?$TRefObject@URFrame_Common@frames@ui@modules@UModSys@@U?$TRefObjectFunc@URFrame_Common@frames@ui@modules@UModSys@@@tl@5@@tl@UModSys@@QAE@XZ 10002bc0 f i umodsys_lib_libui:umodsys.mod.ui.frames.obj
 0001:00001bc0       ??1?$TRefObject@UILibraryObjCache@libmedia@UModSys@@U?$TRefObjectFunc@UILibraryObjCache@libmedia@UModSys@@@tl@3@@tl@UModSys@@QAE@XZ 10002bc0 f i plugin_test1.obj
 0001:00001bc0       ??1?$TRefObject@URImage_Memory@stdlib@lib2d@modules@UModSys@@U?$TRefObjectFunc@URImage_Memory@stdlib@lib2d@modules@UModSys@@@tl@5@@tl@UModSys@@QAE@XZ 10002bc0 f i umodsys_lib_lib2d:umodsys.mod.2d.stdlib.obj
 0001:00001bc0       ??1?$TRefObject@UILibrary@libmedia@UModSys@@U?$TRefObjectFunc@UILibrary@libmedia@UModSys@@@tl@3@@tl@UModSys@@QAE@XZ 10002bc0 f i plugin_test1.obj
 0001:00001bc0       ??1?$TRefObject@URMediaFilter@images_std@media@modules@UModSys@@U?$TRefObjectFunc@URMediaFilter@images_std@media@modules@UModSys@@@tl@5@@tl@UModSys@@QAE@XZ 10002bc0 f i umodsys_lib_libmedia:umodsys.mod.media.images_std.obj
 0001:00001bc0       ??1?$TRefObject@URMouseController@SDL_core@ui@modules@UModSys@@U?$TRefObjectFunc@URMouseController@SDL_core@ui@modules@UModSys@@@tl@5@@tl@UModSys@@QAE@XZ 10002bc0 f i umodsys_lib_libui:umodsys.mod.ui.SDL_core.obj
 0001:00001bc0       ??1?$TRefObject@UILibraryObjFilter@libmedia@UModSys@@U?$TRefObjectFunc@UILibraryObjFilter@libmedia@UModSys@@@tl@3@@tl@UModSys@@QAE@XZ 10002bc0 f i plugin_test1.obj
 0001:00001bc0       ??1?$TRefObject@UIStreamWriter@libmedia@UModSys@@U?$TRefObjectFunc@UIStreamWriter@libmedia@UModSys@@@tl@3@@tl@UModSys@@QAE@XZ 10002bc0 f i plugin_test1.obj
 0001:00001bc0       ??1?$TRefObject@UIBinArchive@libmedia@UModSys@@U?$TRefObjectFunc@UIBinArchive@libmedia@UModSys@@@tl@3@@tl@UModSys@@QAE@XZ 10002bc0 f i plugin_test1.obj
 0001:00001bc0       ??1?$TRefObject@UIImageFactory@lib2d@UModSys@@U?$TRefObjectFunc@UIImageFactory@lib2d@UModSys@@@tl@3@@tl@UModSys@@QAE@XZ 10002bc0 f i plugin_test1.obj
 0001:00001bc0       ??1?$TRefObject@UILibraryBinTree@libmedia@UModSys@@U?$TRefObjectFunc@UILibraryBinTree@libmedia@UModSys@@@tl@3@@tl@UModSys@@QAE@XZ 10002bc0 f i plugin_test1.obj
 0001:00001bc0       ??1?$TRefObject@UIClient@IBinArchiveFrame@libmedia@UModSys@@U?$TRefObjectFunc@UIClient@IBinArchiveFrame@libmedia@UModSys@@@tl@4@@tl@UModSys@@QAE@XZ 10002bc0 f i plugin_test1.obj
 0001:00001bc0       ??1?$TRefObject@UILibraryBinCache@libmedia@UModSys@@U?$TRefObjectFunc@UILibraryBinCache@libmedia@UModSys@@@tl@3@@tl@UModSys@@QAE@XZ 10002bc0 f i plugin_test1.obj
 0001:00001bc0       ??1?$TRefObject@UIMouseController@libui@UModSys@@U?$TRefObjectFunc@UIMouseController@libui@UModSys@@@tl@3@@tl@UModSys@@QAE@XZ 10002bc0 f i plugin_test1.obj
 0001:00001bc0       ??1?$TRefObject@UITerminal@libui@UModSys@@U?$TRefObjectFunc@UITerminal@libui@UModSys@@@tl@3@@tl@UModSys@@QAE@XZ 10002bc0 f i plugin_test1.obj
 0001:00001bc0       ??1?$TRefObject@UIMultiImage@lib2d@UModSys@@U?$TRefObjectFunc@UIMultiImage@lib2d@UModSys@@@tl@3@@tl@UModSys@@QAE@XZ 10002bc0 f i plugin_test1.obj
 0001:00001bc0       ??1?$TRefObject@UIRefObject@core@UModSys@@U?$TRefObjectFunc@UIRefObject@core@UModSys@@@tl@3@@tl@UModSys@@QAE@XZ 10002bc0 f i plugin_test1.obj
 0001:00001bc0       ??1?$TRefObject@UIBinObjFilter@libmedia@UModSys@@U?$TRefObjectFunc@UIBinObjFilter@libmedia@UModSys@@@tl@3@@tl@UModSys@@QAE@XZ 10002bc0 f i plugin_test1.obj
 0001:00001bc0       ??1?$TRefObject@URImageFactory_Memory@stdlib@lib2d@modules@UModSys@@U?$TRefObjectFunc@URImageFactory_Memory@stdlib@lib2d@modules@UModSys@@@tl@5@@tl@UModSys@@QAE@XZ 10002bc0 f i umodsys_lib_lib2d:umodsys.mod.2d.stdlib.obj
 0001:00001bc0       ??1?$TRefObject@URSerializeWriter@serialize_json@media@modules@UModSys@@U?$TRefObjectFunc@URSerializeWriter@serialize_json@media@modules@UModSys@@@tl@5@@tl@UModSys@@QAE@XZ 10002bc0 f i umodsys_lib_libmedia:umodsys.mod.media.serialize_json.obj
 0001:00001bc0       ??1?$TRefObject@URSerializeReader@serialize_json@media@modules@UModSys@@U?$TRefObjectFunc@URSerializeReader@serialize_json@media@modules@UModSys@@@tl@5@@tl@UModSys@@QAE@XZ 10002bc0 f i umodsys_lib_libmedia:umodsys.mod.media.serialize_json.obj
 0001:00001bc0       ??1?$TRefObject@URMultiImage@stdlib@lib2d@modules@UModSys@@U?$TRefObjectFunc@URMultiImage@stdlib@lib2d@modules@UModSys@@@tl@5@@tl@UModSys@@QAE@XZ 10002bc0 f i umodsys_lib_lib2d:umodsys.mod.2d.stdlib.obj
 0001:00001bc0       ??1?$TRefObject@UIBinArchiveFrame@libmedia@UModSys@@U?$TRefObjectFunc@UIBinArchiveFrame@libmedia@UModSys@@@tl@3@@tl@UModSys@@QAE@XZ 10002bc0 f i plugin_test1.obj
 0001:00001bc0       ??1?$TRefObject@UILibraryLayered@libmedia@UModSys@@U?$TRefObjectFunc@UILibraryLayered@libmedia@UModSys@@@tl@3@@tl@UModSys@@QAE@XZ 10002bc0 f i plugin_test1.obj
 0001:00001bcf       ??4?$TRefObject@URFrame_Common@frames@ui@modules@UModSys@@U?$TRefObjectFunc@URFrame_Common@frames@ui@modules@UModSys@@@tl@5@@tl@UModSys@@QAEABU012@PAURFrame_Common@frames@ui@modules@2@@Z 10002bcf f i umodsys_lib_libui:umodsys.mod.ui.frames.obj
 0001:00001bcf       ??4?$TRefObject@UIRefObject@core@UModSys@@U?$TRefObjectFunc@UIRefObject@core@UModSys@@@tl@3@@tl@UModSys@@QAEABU012@PAUIRefObject@core@2@@Z 10002bcf f i plugin_test1.obj
 0001:00001bcf       ??4?$TRefObject@UIImage@lib2d@UModSys@@U?$TRefObjectFunc@UIImage@lib2d@UModSys@@@tl@3@@tl@UModSys@@QAEABU012@PAUIImage@lib2d@2@@Z 10002bcf f i plugin_test1.obj
 0001:00001bea       ??0?$TParametersA@$0EAA@@core@UModSys@@QAE@XZ 10002bea f i plugin_test1.obj
 0001:00001c0c       ??1?$TDynarrayDynamic@USFileInfo@libmedia@UModSys@@U?$TAllocator@USIMemAlloc@core@UModSys@@USCountCalcPower2@23@@tl@3@@tl@UModSys@@QAE@XZ 10002c0c f i plugin_test1.obj
 0001:00001c11       ??1?$TRStackSocket@USFileInfo@libmedia@UModSys@@U?$TDynarrayDynamic@USFileInfo@libmedia@UModSys@@U?$TAllocator@USIMemAlloc@core@UModSys@@USCountCalcPower2@23@@tl@3@@tl@3@@tl@UModSys@@QAE@XZ 10002c11 f i plugin_test1.obj
 0001:00001c18       ?isempty@?$TRStackSocket@USFileInfo@libmedia@UModSys@@U?$TDynarrayDynamic@USFileInfo@libmedia@UModSys@@U?$TAllocator@USIMemAlloc@core@UModSys@@USCountCalcPower2@23@@tl@3@@tl@3@@tl@UModSys@@UBE_NXZ 10002c18 f i plugin_test1.obj
 0001:00001c26       ?push@?$TRStackSocket@USFileInfo@libmedia@UModSys@@U?$TDynarrayDynamic@USFileInfo@libmedia@UModSys@@U?$TAllocator@USIMemAlloc@core@UModSys@@USCountCalcPower2@23@@tl@3@@tl@3@@tl@UModSys@@UAE_NABUSFileInfo@libmedia@3@@Z 10002c26 f i plugin_test1.obj
 0001:00001c54       ?pop@?$TRStackSocket@USFileInfo@libmedia@UModSys@@U?$TDynarrayDynamic@USFileInfo@libmedia@UModSys@@U?$TAllocator@USIMemAlloc@core@UModSys@@USCountCalcPower2@23@@tl@3@@tl@3@@tl@UModSys@@UAE_NAAUSFileInfo@libmedia@3@@Z 10002c54 f i plugin_test1.obj
 0001:00001c91       ?update@?$TComparerBinaryHash@D@su@tl@UModSys@@QAEXPBDI@Z 10002c91 f i plugin_test1.obj
 0001:00001cc8       ??1?$TDynarray@U?$TDynarrayHolderDynamic@USFileInfo@libmedia@UModSys@@U?$TAllocator@USIMemAlloc@core@UModSys@@USCountCalcPower2@23@@tl@3@@tl@UModSys@@@tl@UModSys@@QAE@XZ 10002cc8 f i plugin_test1.obj
 0001:00001d11       ?info_release@?$TSCoreShared@USIMemAlloc@core@UModSys@@D@su@tl@UModSys@@QAEXXZ 10002d11 f i plugin_test1.obj
 0001:00001d4a       ?info_new@?$TSCoreShared@USIMemAlloc@core@UModSys@@D@su@tl@UModSys@@QAE_NPBDI@Z 10002d4a f i plugin_test1.obj
 0001:00001dae       ?get_null@?$TSCoreShared@USIMemAlloc@core@UModSys@@D@su@tl@UModSys@@SAPAU?$TSharedStringInfo@DUSIMemAlloc@core@UModSys@@@234@XZ 10002dae f i plugin_test1.obj
 0001:00001de6       ??$generate_type@UIImageFactory@lib2d@UModSys@@@RTest1_Shell@test1@test@modules@UModSys@@QAE?AU?$TRefObject@UIImageFactory@lib2d@UModSys@@U?$TRefObjectFunc@UIImageFactory@lib2d@UModSys@@@tl@3@@tl@4@ABU?$TString@U?$TSCoreConst@D@su@tl@UModSys@@U?$TComparerBinaryHash@D@234@@64@ABUSParameters@core@4@PBD@Z 10002de6 f i plugin_test1.obj
 0001:00001ef2       ??$generate_type@UIMultiImage@lib2d@UModSys@@@RTest1_Shell@test1@test@modules@UModSys@@QAE?AU?$TRefObject@UIMultiImage@lib2d@UModSys@@U?$TRefObjectFunc@UIMultiImage@lib2d@UModSys@@@tl@3@@tl@4@ABU?$TString@U?$TSCoreConst@D@su@tl@UModSys@@U?$TComparerBinaryHash@D@234@@64@ABUSParameters@core@4@PBD@Z 10002ef2 f i plugin_test1.obj
 0001:00001fff       ??$generate_type@UIBinArchive@libmedia@UModSys@@@RTest1_Shell@test1@test@modules@UModSys@@QAE?AU?$TRefObject@UIBinArchive@libmedia@UModSys@@U?$TRefObjectFunc@UIBinArchive@libmedia@UModSys@@@tl@3@@tl@4@ABU?$TString@U?$TSCoreConst@D@su@tl@UModSys@@U?$TComparerBinaryHash@D@234@@64@ABUSParameters@core@4@PBD@Z 10002fff f i plugin_test1.obj
 0001:00002107       ??$generate_type@UIClient@IBinArchiveFrame@libmedia@UModSys@@@RTest1_Shell@test1@test@modules@UModSys@@QAE?AU?$TRefObject@UIClient@IBinArchiveFrame@libmedia@UModSys@@U?$TRefObjectFunc@UIClient@IBinArchiveFrame@libmedia@UModSys@@@tl@4@@tl@4@ABU?$TString@U?$TSCoreConst@D@su@tl@UModSys@@U?$TComparerBinaryHash@D@234@@64@ABUSParameters@core@4@PBD@Z 10003107 f i plugin_test1.obj
 0001:00002213       ??$generate_type@UIBinArchiveFrame@libmedia@UModSys@@@RTest1_Shell@test1@test@modules@UModSys@@QAE?AU?$TRefObject@UIBinArchiveFrame@libmedia@UModSys@@U?$TRefObjectFunc@UIBinArchiveFrame@libmedia@UModSys@@@tl@3@@tl@4@ABU?$TString@U?$TSCoreConst@D@su@tl@UModSys@@U?$TComparerBinaryHash@D@234@@64@ABUSParameters@core@4@PBD@Z 10003213 f i plugin_test1.obj
 0001:0000231b       ??$generate_type@UIBinObjFilter@libmedia@UModSys@@@RTest1_Shell@test1@test@modules@UModSys@@QAE?AU?$TRefObject@UIBinObjFilter@libmedia@UModSys@@U?$TRefObjectFunc@UIBinObjFilter@libmedia@UModSys@@@tl@3@@tl@4@ABU?$TString@U?$TSCoreConst@D@su@tl@UModSys@@U?$TComparerBinaryHash@D@234@@64@ABUSParameters@core@4@PBD@Z 1000331b f i plugin_test1.obj
 0001:00002427       ??$generate_type@UIUtilities@libmedia@UModSys@@@RTest1_Shell@test1@test@modules@UModSys@@QAE?AU?$TRefObject@UIUtilities@libmedia@UModSys@@U?$TRefObjectFunc@UIUtilities@libmedia@UModSys@@@tl@3@@tl@4@ABU?$TString@U?$TSCoreConst@D@su@tl@UModSys@@U?$TComparerBinaryHash@D@234@@64@ABUSParameters@core@4@PBD@Z 10003427 f i plugin_test1.obj
 0001:00002533       ??$generate_type@UILibraryBinTree@libmedia@UModSys@@@RTest1_Shell@test1@test@modules@UModSys@@QAE?AU?$TRefObject@UILibraryBinTree@libmedia@UModSys@@U?$TRefObjectFunc@UILibraryBinTree@libmedia@UModSys@@@tl@3@@tl@4@ABU?$TString@U?$TSCoreConst@D@su@tl@UModSys@@U?$TComparerBinaryHash@D@234@@64@ABUSParameters@core@4@PBD@Z 10003533 f i plugin_test1.obj
 0001:0000263f       ??$generate_type@UILibraryObjFilter@libmedia@UModSys@@@RTest1_Shell@test1@test@modules@UModSys@@QAE?AU?$TRefObject@UILibraryObjFilter@libmedia@UModSys@@U?$TRefObjectFunc@UILibraryObjFilter@libmedia@UModSys@@@tl@3@@tl@4@ABU?$TString@U?$TSCoreConst@D@su@tl@UModSys@@U?$TComparerBinaryHash@D@234@@64@ABUSParameters@core@4@PBD@Z 1000363f f i plugin_test1.obj
 0001:0000274b       ??$generate_type@UILibraryLayered@libmedia@UModSys@@@RTest1_Shell@test1@test@modules@UModSys@@QAE?AU?$TRefObject@UILibraryLayered@libmedia@UModSys@@U?$TRefObjectFunc@UILibraryLayered@libmedia@UModSys@@@tl@3@@tl@4@ABU?$TString@U?$TSCoreConst@D@su@tl@UModSys@@U?$TComparerBinaryHash@D@234@@64@ABUSParameters@core@4@PBD@Z 1000374b f i plugin_test1.obj
 0001:00002857       ??$generate_type@UILibraryObjCache@libmedia@UModSys@@@RTest1_Shell@test1@test@modules@UModSys@@QAE?AU?$TRefObject@UILibraryObjCache@libmedia@UModSys@@U?$TRefObjectFunc@UILibraryObjCache@libmedia@UModSys@@@tl@3@@tl@4@ABU?$TString@U?$TSCoreConst@D@su@tl@UModSys@@U?$TComparerBinaryHash@D@234@@64@ABUSParameters@core@4@PBD@Z 10003857 f i plugin_test1.obj
 0001:00002963       ??$generate_type@UILibraryBinCache@libmedia@UModSys@@@RTest1_Shell@test1@test@modules@UModSys@@QAE?AU?$TRefObject@UILibraryBinCache@libmedia@UModSys@@U?$TRefObjectFunc@UILibraryBinCache@libmedia@UModSys@@@tl@3@@tl@4@ABU?$TString@U?$TSCoreConst@D@su@tl@UModSys@@U?$TComparerBinaryHash@D@234@@64@ABUSParameters@core@4@PBD@Z 10003963 f i plugin_test1.obj
 0001:00002a6f       ?ResizeRel@?$TDynarray@U?$TDynarrayHolderDynamic@USFileInfo@libmedia@UModSys@@U?$TAllocator@USIMemAlloc@core@UModSys@@USCountCalcPower2@23@@tl@3@@tl@UModSys@@@tl@UModSys@@QAE_NH@Z 10003a6f f i plugin_test1.obj
 0001:00002aad       ??$t_generate@UIMultiImage@lib2d@UModSys@@@SModuleContext@base@UModSys@@QAE_NAAU?$TRefObject@UIMultiImage@lib2d@UModSys@@U?$TRefObjectFunc@UIMultiImage@lib2d@UModSys@@@tl@3@@tl@2@PBUSUniquePointerInfo@core@2@ABUSParameters@62@@Z 10003aad f i plugin_test1.obj
 0001:00002b1e       ?ReLink@?$TDynarray@U?$TDynarrayHolderDynamic@USFileInfo@libmedia@UModSys@@U?$TAllocator@USIMemAlloc@core@UModSys@@USCountCalcPower2@23@@tl@3@@tl@UModSys@@@tl@UModSys@@IAE_NI@Z 10003b1e f i plugin_test1.obj
 0001:00002b60       ?items_construct@?$TDynarray@U?$TDynarrayHolderDynamic@USFileInfo@libmedia@UModSys@@U?$TAllocator@USIMemAlloc@core@UModSys@@USCountCalcPower2@23@@tl@3@@tl@UModSys@@@tl@UModSys@@IAEXII@Z 10003b60 f i plugin_test1.obj
 0001:00002bba       ?items_construct@?$TDynarray@U?$TDynarrayHolderDynamic@USFileInfo@libmedia@UModSys@@U?$TAllocator@USIMemAlloc@core@UModSys@@USCountCalcPower2@23@@tl@3@@tl@UModSys@@@tl@UModSys@@IAEXIIABUSFileInfo@libmedia@3@@Z 10003bba f i plugin_test1.obj
 0001:00002c08       ?items_destruct@?$TDynarray@U?$TDynarrayHolderDynamic@USFileInfo@libmedia@UModSys@@U?$TAllocator@USIMemAlloc@core@UModSys@@USCountCalcPower2@23@@tl@3@@tl@UModSys@@@tl@UModSys@@IAEXII@Z 10003c08 f i plugin_test1.obj
 0001:00002c4e       ??1?$TRefObject@UIModObject@base@UModSys@@U?$TModObjectFunc@UIModObject@base@UModSys@@@tl@3@@tl@UModSys@@QAE@XZ 10003c4e f i plugin_test1.obj
 0001:00002c64       ?s_init@?$TModObjectFunc@UIModObject@base@UModSys@@@tl@UModSys@@SAXAAPAUIModObject@base@3@PAU453@@Z 10003c64 f i plugin_test1.obj
 0001:00002c7d       ??$t_ref_get_other_interface@UIStreamReader@libmedia@UModSys@@U?$TRefObjectFunc@UIStreamReader@libmedia@UModSys@@@tl@3@@IRefObject@core@UModSys@@QAE_NAAU?$TRefObject@UIStreamReader@libmedia@UModSys@@U?$TRefObjectFunc@UIStreamReader@libmedia@UModSys@@@tl@3@@tl@2@@Z 10003c7d f i plugin_test1.obj
 0001:00002cac       ??$t_ref_get_other_interface@UIStreamWriter@libmedia@UModSys@@U?$TRefObjectFunc@UIStreamWriter@libmedia@UModSys@@@tl@3@@IRefObject@core@UModSys@@QAE_NAAU?$TRefObject@UIStreamWriter@libmedia@UModSys@@U?$TRefObjectFunc@UIStreamWriter@libmedia@UModSys@@@tl@3@@tl@2@@Z 10003cac f i plugin_test1.obj
 0001:00002cdb       ??$t_ref_get_other_interface@UIMultiImage@lib2d@UModSys@@U?$TRefObjectFunc@UIMultiImage@lib2d@UModSys@@@tl@3@@IRefObject@core@UModSys@@QAE_NAAU?$TRefObject@UIMultiImage@lib2d@UModSys@@U?$TRefObjectFunc@UIMultiImage@lib2d@UModSys@@@tl@3@@tl@2@@Z 10003cdb f i plugin_test1.obj
 0001:00002d0a       ??$t_ref_get_other_interface@UIRenderDriver@lib2d@UModSys@@U?$TRefObjectFunc@UIRenderDriver@lib2d@UModSys@@@tl@3@@IRefObject@core@UModSys@@QAE_NAAU?$TRefObject@UIRenderDriver@lib2d@UModSys@@U?$TRefObjectFunc@UIRenderDriver@lib2d@UModSys@@@tl@3@@tl@2@@Z 10003d0a f i plugin_test1.obj
 0001:00002d39       ??$t_generate@UIImageFactory@lib2d@UModSys@@@SModuleContext@base@UModSys@@QAE_NAAU?$TRefObject@UIImageFactory@lib2d@UModSys@@U?$TRefObjectFunc@UIImageFactory@lib2d@UModSys@@@tl@3@@tl@2@PBUSUniquePointerInfo@core@2@ABUSParameters@62@@Z 10003d39 f i plugin_test1.obj
 0001:00002daa       ??$t_generate@UIBinArchive@libmedia@UModSys@@@SModuleContext@base@UModSys@@QAE_NAAU?$TRefObject@UIBinArchive@libmedia@UModSys@@U?$TRefObjectFunc@UIBinArchive@libmedia@UModSys@@@tl@3@@tl@2@PBUSUniquePointerInfo@core@2@ABUSParameters@62@@Z 10003daa f i plugin_test1.obj
 0001:00002e46       ??$t_generate@UIClient@IBinArchiveFrame@libmedia@UModSys@@@SModuleContext@base@UModSys@@QAE_NAAU?$TRefObject@UIClient@IBinArchiveFrame@libmedia@UModSys@@U?$TRefObjectFunc@UIClient@IBinArchiveFrame@libmedia@UModSys@@@tl@4@@tl@2@PBUSUniquePointerInfo@core@2@ABUSParameters@62@@Z 10003e46 f i plugin_test1.obj
 0001:00002ee2       ??$t_generate@UIBinArchiveFrame@libmedia@UModSys@@@SModuleContext@base@UModSys@@QAE_NAAU?$TRefObject@UIBinArchiveFrame@libmedia@UModSys@@U?$TRefObjectFunc@UIBinArchiveFrame@libmedia@UModSys@@@tl@3@@tl@2@PBUSUniquePointerInfo@core@2@ABUSParameters@62@@Z 10003ee2 f i plugin_test1.obj
 0001:00002f7e       ??$t_generate@UIBinObjFilter@libmedia@UModSys@@@SModuleContext@base@UModSys@@QAE_NAAU?$TRefObject@UIBinObjFilter@libmedia@UModSys@@U?$TRefObjectFunc@UIBinObjFilter@libmedia@UModSys@@@tl@3@@tl@2@PBUSUniquePointerInfo@core@2@ABUSParameters@62@@Z 10003f7e f i plugin_test1.obj
 0001:0000301a       ??$t_generate@UIUtilities@libmedia@UModSys@@@SModuleContext@base@UModSys@@QAE_NAAU?$TRefObject@UIUtilities@libmedia@UModSys@@U?$TRefObjectFunc@UIUtilities@libmedia@UModSys@@@tl@3@@tl@2@PBUSUniquePointerInfo@core@2@ABUSParameters@62@@Z 1000401a f i plugin_test1.obj
 0001:000030b6       ??$t_generate@UILibraryBinTree@libmedia@UModSys@@@SModuleContext@base@UModSys@@QAE_NAAU?$TRefObject@UILibraryBinTree@libmedia@UModSys@@U?$TRefObjectFunc@UILibraryBinTree@libmedia@UModSys@@@tl@3@@tl@2@PBUSUniquePointerInfo@core@2@ABUSParameters@62@@Z 100040b6 f i plugin_test1.obj
 0001:00003152       ??$t_generate@UILibraryObjFilter@libmedia@UModSys@@@SModuleContext@base@UModSys@@QAE_NAAU?$TRefObject@UILibraryObjFilter@libmedia@UModSys@@U?$TRefObjectFunc@UILibraryObjFilter@libmedia@UModSys@@@tl@3@@tl@2@PBUSUniquePointerInfo@core@2@ABUSParameters@62@@Z 10004152 f i plugin_test1.obj
 0001:000031ee       ??$t_generate@UILibraryLayered@libmedia@UModSys@@@SModuleContext@base@UModSys@@QAE_NAAU?$TRefObject@UILibraryLayered@libmedia@UModSys@@U?$TRefObjectFunc@UILibraryLayered@libmedia@UModSys@@@tl@3@@tl@2@PBUSUniquePointerInfo@core@2@ABUSParameters@62@@Z 100041ee f i plugin_test1.obj
 0001:0000328a       ??$t_generate@UILibraryObjCache@libmedia@UModSys@@@SModuleContext@base@UModSys@@QAE_NAAU?$TRefObject@UILibraryObjCache@libmedia@UModSys@@U?$TRefObjectFunc@UILibraryObjCache@libmedia@UModSys@@@tl@3@@tl@2@PBUSUniquePointerInfo@core@2@ABUSParameters@62@@Z 1000428a f i plugin_test1.obj
 0001:00003326       ??$t_generate@UILibraryBinCache@libmedia@UModSys@@@SModuleContext@base@UModSys@@QAE_NAAU?$TRefObject@UILibraryBinCache@libmedia@UModSys@@U?$TRefObjectFunc@UILibraryBinCache@libmedia@UModSys@@@tl@3@@tl@2@PBUSUniquePointerInfo@core@2@ABUSParameters@62@@Z 10004326 f i plugin_test1.obj
 0001:000033c2       ??$t_ref_get_other_interface@UIImageFactory@lib2d@UModSys@@U?$TRefObjectFunc@UIImageFactory@lib2d@UModSys@@@tl@3@@IRefObject@core@UModSys@@QAE_NAAU?$TRefObject@UIImageFactory@lib2d@UModSys@@U?$TRefObjectFunc@UIImageFactory@lib2d@UModSys@@@tl@3@@tl@2@@Z 100043c2 f i plugin_test1.obj
 0001:000033f1       ?ConvertSameSize@stdlib@lib2d@modules@UModSys@@YA_NW4eImageType@24@ABU?$TVector2@H@math3d@4@11ABUSMem@core@4@11ABUSCMem@94@@Z 100043f1 f i umodsys_lib_lib2d:umodsys.mod.2d.stdlib.obj
 0001:00003474       ?ConvertSame@stdlib@lib2d@modules@UModSys@@YA_NW4eImageType@24@ABU?$TBoundBox2@H@math3d@4@ABU?$TVector2@H@74@ABUSMem@core@4@12ABUSCMem@core@4@@Z 10004474 f i umodsys_lib_lib2d:umodsys.mod.2d.stdlib.obj
 0001:000034d7       ?Convert@stdlib@lib2d@modules@UModSys@@YA_NABU?$TBoundBox2@H@math3d@4@ABUSImageInfo@24@ABUSMem@core@4@01ABUSCMem@94@@Z 100044d7 f i umodsys_lib_lib2d:umodsys.mod.2d.stdlib.obj
 0001:00003539       ?root_get_interface_info@RImage_Memory@stdlib@lib2d@modules@UModSys@@UBEABUSUniquePointerInfo@core@5@XZ 10004539 f i umodsys_lib_lib2d:umodsys.mod.2d.stdlib.obj
 0001:0000353f       ?root_get_interface_type@RImage_Memory@stdlib@lib2d@modules@UModSys@@UBEPBUSUniquePointerInfo@core@5@XZ 1000453f f i umodsys_lib_lib2d:umodsys.mod.2d.stdlib.obj
 0001:00003545       ?root_get_other_interface@RImage_Memory@stdlib@lib2d@modules@UModSys@@UAEPAUIRoot@core@5@PBUSUniquePointerInfo@75@@Z 10004545 f i umodsys_lib_lib2d:umodsys.mod.2d.stdlib.obj
 0001:00003545       ?root_get_other_interface@RImage_Memory@stdlib@lib2d@modules@UModSys@@UBEPBUIRoot@core@5@PBUSUniquePointerInfo@75@@Z 10004545 f i umodsys_lib_lib2d:umodsys.mod.2d.stdlib.obj
 0001:00003566       ?root_is_interface_supported@RImage_Memory@stdlib@lib2d@modules@UModSys@@UBE_NPBUSUniquePointerInfo@core@5@@Z 10004566 f i umodsys_lib_lib2d:umodsys.mod.2d.stdlib.obj
 0001:0000358d       ??0State@RImage_Memory@stdlib@lib2d@modules@UModSys@@QAE@XZ 1000458d f i umodsys_lib_lib2d:umodsys.mod.2d.stdlib.obj
 0001:000035bf       ?root_get_interface_info@RImageFactory_Memory@stdlib@lib2d@modules@UModSys@@UBEABUSUniquePointerInfo@core@5@XZ 100045bf f i umodsys_lib_lib2d:umodsys.mod.2d.stdlib.obj
 0001:000035c5       ?root_get_interface_type@RImageFactory_Memory@stdlib@lib2d@modules@UModSys@@UBEPBUSUniquePointerInfo@core@5@XZ 100045c5 f i umodsys_lib_lib2d:umodsys.mod.2d.stdlib.obj
 0001:000035cb       ?root_get_other_interface@RImageFactory_Memory@stdlib@lib2d@modules@UModSys@@UAEPAUIRoot@core@5@PBUSUniquePointerInfo@75@@Z 100045cb f i umodsys_lib_lib2d:umodsys.mod.2d.stdlib.obj
 0001:000035cb       ?root_get_other_interface@RImageFactory_Memory@stdlib@lib2d@modules@UModSys@@UBEPBUIRoot@core@5@PBUSUniquePointerInfo@75@@Z 100045cb f i umodsys_lib_lib2d:umodsys.mod.2d.stdlib.obj
 0001:000035ec       ?root_is_interface_supported@RImageFactory_Memory@stdlib@lib2d@modules@UModSys@@UBE_NPBUSUniquePointerInfo@core@5@@Z 100045ec f i umodsys_lib_lib2d:umodsys.mod.2d.stdlib.obj
 0001:00003613       ?root_get_interface_info@RMultiImage@stdlib@lib2d@modules@UModSys@@UBEABUSUniquePointerInfo@core@5@XZ 10004613 f i umodsys_lib_lib2d:umodsys.mod.2d.stdlib.obj
 0001:00003619       ?root_get_interface_type@RMultiImage@stdlib@lib2d@modules@UModSys@@UBEPBUSUniquePointerInfo@core@5@XZ 10004619 f i umodsys_lib_lib2d:umodsys.mod.2d.stdlib.obj
 0001:0000361f       ?root_get_other_interface@RMultiImage@stdlib@lib2d@modules@UModSys@@UBEPBUIRoot@core@5@PBUSUniquePointerInfo@75@@Z 1000461f f i umodsys_lib_lib2d:umodsys.mod.2d.stdlib.obj
 0001:0000361f       ?root_get_other_interface@RMultiImage@stdlib@lib2d@modules@UModSys@@UAEPAUIRoot@core@5@PBUSUniquePointerInfo@75@@Z 1000461f f i umodsys_lib_lib2d:umodsys.mod.2d.stdlib.obj
 0001:00003640       ?root_is_interface_supported@RMultiImage@stdlib@lib2d@modules@UModSys@@UBE_NPBUSUniquePointerInfo@core@5@@Z 10004640 f i umodsys_lib_lib2d:umodsys.mod.2d.stdlib.obj
 0001:00003667       ?ref_links@RGenerator@SDL_core@ui@modules@UModSys@@UBEHXZ 10004667 f i umodsys_lib_libui:umodsys.mod.ui.SDL_core.obj
 0001:00003667       ?ref_links@RGenerator@test1@test@modules@UModSys@@UBEHXZ 10004667 f i plugin_test1.obj
 0001:00003667       ?ref_links@RMouseController@SDL_core@ui@modules@UModSys@@UBEHXZ 10004667 f i umodsys_lib_libui:umodsys.mod.ui.SDL_core.obj
 0001:00003667       ?ref_links@RRenderDriver2D@SDL_core@ui@modules@UModSys@@UBEHXZ 10004667 f i umodsys_lib_libui:umodsys.mod.ui.SDL_core.obj
 0001:00003667       ?ref_links@RTerminal@SDL_core@ui@modules@UModSys@@UBEHXZ 10004667 f i umodsys_lib_libui:umodsys.mod.ui.SDL_core.obj
 0001:00003667       ?ref_links@RGenerator@zlib@media@modules@UModSys@@UBEHXZ 10004667 f i umodsys_lib_libmedia:umodsys.mod.media.zlib.obj
 0001:00003667       ?ref_links@RDialog@frames@ui@modules@UModSys@@UBEHXZ 10004667 f i umodsys_lib_libui:umodsys.mod.ui.frames.obj
 0001:00003667       ?ref_links@RGenerator@serialize_json@media@modules@UModSys@@UBEHXZ 10004667 f i umodsys_lib_libmedia:umodsys.mod.media.serialize_json.obj
 0001:00003667       ?ref_links@RGenerator@images_std@media@modules@UModSys@@UBEHXZ 10004667 f i umodsys_lib_libmedia:umodsys.mod.media.images_std.obj
 0001:00003667       ?ref_links@RMultiImage@stdlib@lib2d@modules@UModSys@@UBEHXZ 10004667 f i umodsys_lib_lib2d:umodsys.mod.2d.stdlib.obj
 0001:00003667       ?ref_links@RImage_Memory@stdlib@lib2d@modules@UModSys@@UBEHXZ 10004667 f i umodsys_lib_lib2d:umodsys.mod.2d.stdlib.obj
 0001:00003667       ?ref_links@RImageFactory_Memory@stdlib@lib2d@modules@UModSys@@UBEHXZ 10004667 f i umodsys_lib_lib2d:umodsys.mod.2d.stdlib.obj
 0001:00003667       ?ref_links@RBinArchiveFrameClient_ZIP@zlib@media@modules@UModSys@@UBEHXZ 10004667 f i umodsys_lib_libmedia:umodsys.mod.media.zlib.obj
 0001:00003667       ?ref_links@RGenerator@stdlib@lib2d@modules@UModSys@@UBEHXZ 10004667 f i umodsys_lib_lib2d:umodsys.mod.2d.stdlib.obj
 0001:00003667       ?ref_links@RKeyboardController@SDL_core@ui@modules@UModSys@@UBEHXZ 10004667 f i umodsys_lib_libui:umodsys.mod.ui.SDL_core.obj
 0001:00003667       ?ref_links@RGenerator@frames@ui@modules@UModSys@@UBEHXZ 10004667 f i umodsys_lib_libui:umodsys.mod.ui.frames.obj
 0001:00003667       ?ref_links@RSerializeReader@serialize_json@media@modules@UModSys@@UBEHXZ 10004667 f i umodsys_lib_libmedia:umodsys.mod.media.serialize_json.obj
 0001:00003667       ?ref_links@RMultiImage2D_SDL_ttf@SDL_core@ui@modules@UModSys@@UBEHXZ 10004667 f i umodsys_lib_libui:umodsys.mod.ui.SDL_core.obj
 0001:0000366b       ?get_generated_names@RGenerator@stdlib@lib2d@modules@UModSys@@UBEHAAUSUniquePtrList@core@5@@Z 1000466b f i umodsys_lib_lib2d:umodsys.mod.2d.stdlib.obj
 0001:0000369a       ?get_generated_types@RGenerator@stdlib@lib2d@modules@UModSys@@UBEHAAUSUniquePtrList@core@5@PBUSUniquePointerInfo@75@@Z 1000469a f i umodsys_lib_lib2d:umodsys.mod.2d.stdlib.obj
 0001:00003704       ?generate@RGenerator@stdlib@lib2d@modules@UModSys@@UAE_NAAU?$TRefObject@UIRefObject@core@UModSys@@U?$TRefObjectFunc@UIRefObject@core@UModSys@@@tl@3@@tl@5@PBUSUniquePointerInfo@core@5@ABUSParameters@95@@Z 10004704 f i umodsys_lib_lib2d:umodsys.mod.2d.stdlib.obj
 0001:0000376f       ?root_get_interface_info@RGenerator@stdlib@lib2d@modules@UModSys@@UBEABUSUniquePointerInfo@core@5@XZ 1000476f f i umodsys_lib_lib2d:umodsys.mod.2d.stdlib.obj
 0001:00003775       ?root_get_interface_type@RGenerator@stdlib@lib2d@modules@UModSys@@UBEPBUSUniquePointerInfo@core@5@XZ 10004775 f i umodsys_lib_lib2d:umodsys.mod.2d.stdlib.obj
 0001:0000377b       ?root_get_other_interface@RGenerator@stdlib@lib2d@modules@UModSys@@UBEPBUIRoot@core@5@PBUSUniquePointerInfo@75@@Z 1000477b f i umodsys_lib_lib2d:umodsys.mod.2d.stdlib.obj
 0001:0000377b       ?root_get_other_interface@RGenerator@stdlib@lib2d@modules@UModSys@@UAEPAUIRoot@core@5@PBUSUniquePointerInfo@75@@Z 1000477b f i umodsys_lib_lib2d:umodsys.mod.2d.stdlib.obj
 0001:00003794       ?root_is_interface_supported@RGenerator@stdlib@lib2d@modules@UModSys@@UBE_NPBUSUniquePointerInfo@core@5@@Z 10004794 f i umodsys_lib_lib2d:umodsys.mod.2d.stdlib.obj
 0001:000037b3       ?get_uid@RGenerator@stdlib@lib2d@modules@UModSys@@UBEPBUSUniquePointerInfo@core@5@XZ 100047b3 f i umodsys_lib_lib2d:umodsys.mod.2d.stdlib.obj
 0001:000037b9       ?set_info@RImage_Memory@stdlib@lib2d@modules@UModSys@@UAE_NABUSImagePatchInfo@35@PBD@Z 100047b9 f   umodsys_lib_lib2d:umodsys.mod.2d.stdlib.obj
 0001:00003921       ??4State@RImage_Memory@stdlib@lib2d@modules@UModSys@@QAEAAU012345@ABU012345@@Z 10004921 f i umodsys_lib_lib2d:umodsys.mod.2d.stdlib.obj
 0001:00003971       ?set_data@RImage_Memory@stdlib@lib2d@modules@UModSys@@UAE_NABUSImagePatchInfo@35@ABUSCMem@core@5@H@Z 10004971 f   umodsys_lib_lib2d:umodsys.mod.2d.stdlib.obj
 0001:000039db       ?get_info@RImage_Memory@stdlib@lib2d@modules@UModSys@@UBEABUSImageInfo@35@XZ 100049db f   umodsys_lib_lib2d:umodsys.mod.2d.stdlib.obj
 0001:000039df       ?get_data@RImage_Memory@stdlib@lib2d@modules@UModSys@@UBE_NABUSImagePatchInfo@35@ABUSMem@core@5@H@Z 100049df f   umodsys_lib_lib2d:umodsys.mod.2d.stdlib.obj
 0001:00003a65       ?get_controller@RRenderDriver2D@SDL_core@ui@modules@UModSys@@UBEPAUIRefObject@core@5@PBUSUniquePointerInfo@75@@Z 10004a65 f   umodsys_lib_libui:umodsys.mod.ui.SDL_core.obj
 0001:00003a65       ?get_hwcinfo@RImage_Memory@stdlib@lib2d@modules@UModSys@@UBEPBXPBUSUniquePointerInfo@core@5@@Z 10004a65 f   umodsys_lib_lib2d:umodsys.mod.2d.stdlib.obj
 0001:00003a65       ?get_layer@RMultiImage2D_SDL_ttf@SDL_core@ui@modules@UModSys@@UBEPAUIImage@lib2d@5@G@Z 10004a65 f   umodsys_lib_libui:umodsys.mod.ui.SDL_core.obj
 0001:00003a65       ?get_hwinfo@RImage_Memory@stdlib@lib2d@modules@UModSys@@UAEPAXPBUSUniquePointerInfo@core@5@@Z 10004a65 f   umodsys_lib_lib2d:umodsys.mod.2d.stdlib.obj
 0001:00003a6a       ??0RImage_Memory@stdlib@lib2d@modules@UModSys@@QAE@PAUIModObject@base@4@ABUSParameters@core@4@@Z 10004a6a f   umodsys_lib_lib2d:umodsys.mod.2d.stdlib.obj
 0001:00003ab6       ??_GRImage_Memory@stdlib@lib2d@modules@UModSys@@UAEPAXI@Z 10004ab6 f i umodsys_lib_lib2d:umodsys.mod.2d.stdlib.obj
 0001:00003ab6       ??_ERImage_Memory@stdlib@lib2d@modules@UModSys@@UAEPAXI@Z 10004ab6 f i  CIL library: CIL module
 0001:00003b03       ?image_new@RImageFactory_Memory@stdlib@lib2d@modules@UModSys@@UAE?AU?$TRefObject@UIImage@lib2d@UModSys@@U?$TRefObjectFunc@UIImage@lib2d@UModSys@@@tl@3@@tl@5@XZ 10004b03 f   umodsys_lib_lib2d:umodsys.mod.2d.stdlib.obj
 0001:00003c49       ?image_new@RImageFactory_Memory@stdlib@lib2d@modules@UModSys@@UAE?AU?$TRefObject@UIImage@lib2d@UModSys@@U?$TRefObjectFunc@UIImage@lib2d@UModSys@@@tl@3@@tl@5@ABUSImagePatchInfo@35@PBD@Z 10004c49 f   umodsys_lib_lib2d:umodsys.mod.2d.stdlib.obj
 0001:00003d9f       ??0RImageFactory_Memory@stdlib@lib2d@modules@UModSys@@QAE@PAUIModObject@base@4@ABUSParameters@core@4@@Z 10004d9f f   umodsys_lib_lib2d:umodsys.mod.2d.stdlib.obj
 0001:00003de3       ??_GRGenerator@test1@test@modules@UModSys@@UAEPAXI@Z 10004de3 f i plugin_test1.obj
 0001:00003de3       ??_ERGenerator@images_std@media@modules@UModSys@@UAEPAXI@Z 10004de3 f i  CIL library: CIL module
 0001:00003de3       ??_ERGenerator@frames@ui@modules@UModSys@@UAEPAXI@Z 10004de3 f i  CIL library: CIL module
 0001:00003de3       ??_ERBinArchiveFrameClient_ZIP@zlib@media@modules@UModSys@@UAEPAXI@Z 10004de3 f i  CIL library: CIL module
 0001:00003de3       ??_GRGenerator@frames@ui@modules@UModSys@@UAEPAXI@Z 10004de3 f i umodsys_lib_libui:umodsys.mod.ui.frames.obj
 0001:00003de3       ??_ERGenerator@zlib@media@modules@UModSys@@UAEPAXI@Z 10004de3 f i  CIL library: CIL module
 0001:00003de3       ??_GRImageFactory_Memory@stdlib@lib2d@modules@UModSys@@UAEPAXI@Z 10004de3 f i umodsys_lib_lib2d:umodsys.mod.2d.stdlib.obj
 0001:00003de3       ??_GRGenerator@serialize_json@media@modules@UModSys@@UAEPAXI@Z 10004de3 f i umodsys_lib_libmedia:umodsys.mod.media.serialize_json.obj
 0001:00003de3       ??_ERGenerator@test1@test@modules@UModSys@@UAEPAXI@Z 10004de3 f i  CIL library: CIL module
 0001:00003de3       ??_ERGenerator@serialize_json@media@modules@UModSys@@UAEPAXI@Z 10004de3 f i  CIL library: CIL module
 0001:00003de3       ??_ERGenerator@stdlib@lib2d@modules@UModSys@@UAEPAXI@Z 10004de3 f i  CIL library: CIL module
 0001:00003de3       ??_EIRoot@core@UModSys@@UAEPAXI@Z 10004de3 f i  CIL library: CIL module
 0001:00003de3       ??_GRGenerator@SDL_core@ui@modules@UModSys@@UAEPAXI@Z 10004de3 f i umodsys_lib_libui:umodsys.mod.ui.SDL_core.obj
 0001:00003de3       ??_ERImageFactory_Memory@stdlib@lib2d@modules@UModSys@@UAEPAXI@Z 10004de3 f i  CIL library: CIL module
 0001:00003de3       ??_GRBinArchiveFrameClient_ZIP@zlib@media@modules@UModSys@@UAEPAXI@Z 10004de3 f i umodsys_lib_libmedia:umodsys.mod.media.zlib.obj
 0001:00003de3       ??_ERGenerator@SDL_core@ui@modules@UModSys@@UAEPAXI@Z 10004de3 f i  CIL library: CIL module
 0001:00003de3       ??_GRGenerator@stdlib@lib2d@modules@UModSys@@UAEPAXI@Z 10004de3 f i umodsys_lib_lib2d:umodsys.mod.2d.stdlib.obj
 0001:00003de3       ??_GRGenerator@zlib@media@modules@UModSys@@UAEPAXI@Z 10004de3 f i umodsys_lib_libmedia:umodsys.mod.media.zlib.obj
 0001:00003de3       ??_GRGenerator@images_std@media@modules@UModSys@@UAEPAXI@Z 10004de3 f i umodsys_lib_libmedia:umodsys.mod.media.images_std.obj
 0001:00003de3       ??_GIRoot@core@UModSys@@UAEPAXI@Z 10004de3 f i plugin_test1.obj
 0001:00003e00       ?get_max_layer_size@RMultiImage@stdlib@lib2d@modules@UModSys@@UBE?AU?$TVector2@H@math3d@5@XZ 10004e00 f   umodsys_lib_lib2d:umodsys.mod.2d.stdlib.obj
 0001:00003e00       ?get_max_cell_size@RMultiImage@stdlib@lib2d@modules@UModSys@@UBE?AU?$TVector2@H@math3d@5@XZ 10004e00 f   umodsys_lib_lib2d:umodsys.mod.2d.stdlib.obj
 0001:00003e22       ?get_fixed_cell_size@RMultiImage@stdlib@lib2d@modules@UModSys@@UBE?AU?$TVector2@H@math3d@5@XZ 10004e22 f   umodsys_lib_lib2d:umodsys.mod.2d.stdlib.obj
 0001:00003e40       ?get_layer_count@RMultiImage@stdlib@lib2d@modules@UModSys@@UBEGXZ 10004e40 f   umodsys_lib_lib2d:umodsys.mod.2d.stdlib.obj
 0001:00003e4e       ?get_layer@RMultiImage@stdlib@lib2d@modules@UModSys@@UBEPAUIImage@35@G@Z 10004e4e f   umodsys_lib_lib2d:umodsys.mod.2d.stdlib.obj
 0001:00003e6b       ?get_cell_count@RMultiImage@stdlib@lib2d@modules@UModSys@@UBEIXZ 10004e6b f   umodsys_lib_lib2d:umodsys.mod.2d.stdlib.obj
 0001:00003e78       ?get_cell@RMultiImage@stdlib@lib2d@modules@UModSys@@UBE_NIAAU?$TVector2@H@math3d@5@PAU675@PAG@Z 10004e78 f   umodsys_lib_lib2d:umodsys.mod.2d.stdlib.obj
 0001:00003ed6       ?get_cell@RMultiImage@stdlib@lib2d@modules@UModSys@@UBE_NIAAUSImageCellInfo@35@@Z 10004ed6 f   umodsys_lib_lib2d:umodsys.mod.2d.stdlib.obj
 0001:00003efc       ?set_layer_count@RMultiImage@stdlib@lib2d@modules@UModSys@@UAE_NG@Z 10004efc f   umodsys_lib_lib2d:umodsys.mod.2d.stdlib.obj
 0001:00003fdc       ?setup_fixed_cell@RMultiImage@stdlib@lib2d@modules@UModSys@@UAE_NHH@Z 10004fdc f   umodsys_lib_lib2d:umodsys.mod.2d.stdlib.obj
 0001:00003ffd       ?setup_variable_cell@RMultiImage@stdlib@lib2d@modules@UModSys@@UAE_NPBUSImageCellInfo@35@KK@Z 10004ffd f   umodsys_lib_lib2d:umodsys.mod.2d.stdlib.obj
 0001:0000406f       ??0RMultiImage@stdlib@lib2d@modules@UModSys@@QAE@PAUIModObject@base@4@ABUSParameters@core@4@@Z 1000506f f   umodsys_lib_lib2d:umodsys.mod.2d.stdlib.obj
 0001:00004116       ??_ERMultiImage@stdlib@lib2d@modules@UModSys@@UAEPAXI@Z 10005116 f i  CIL library: CIL module
 0001:00004116       ??_GRMultiImage@stdlib@lib2d@modules@UModSys@@UAEPAXI@Z 10005116 f i umodsys_lib_lib2d:umodsys.mod.2d.stdlib.obj
 0001:0000417a       ?do_open@RModuleReg@stdlib@lib2d@modules@UModSys@@UAE_NXZ 1000517a f i umodsys_lib_lib2d:umodsys.mod.2d.stdlib.obj
 0001:000041c8       ?do_close@RModuleReg@stdlib@lib2d@modules@UModSys@@UAE_NXZ 100051c8 f i umodsys_lib_lib2d:umodsys.mod.2d.stdlib.obj
 0001:00004203       ?get_module@RGenerator@stdlib@lib2d@modules@UModSys@@UBEPAUIModule@base@5@XZ 10005203 f   umodsys_lib_lib2d:umodsys.mod.2d.stdlib.obj
 0001:00004209       ?mod_inc@RGenerator@stdlib@lib2d@modules@UModSys@@UBE_NXZ 10005209 f   umodsys_lib_lib2d:umodsys.mod.2d.stdlib.obj
 0001:00004214       ?mod_dec@RGenerator@stdlib@lib2d@modules@UModSys@@UBE_NXZ 10005214 f   umodsys_lib_lib2d:umodsys.mod.2d.stdlib.obj
 0001:0000421f       ?s_holder@RGenerator@stdlib@lib2d@modules@UModSys@@SAAAU?$TTypeStaticHolder@URGenerator@stdlib@lib2d@modules@UModSys@@@tl@5@XZ 1000521f f   umodsys_lib_lib2d:umodsys.mod.2d.stdlib.obj
 0001:00004251       ??1?$TDynarrayDynamic@USImageCellInfo@lib2d@UModSys@@U?$TAllocator@USIMemAlloc@core@UModSys@@USCountCalcPower2@23@@tl@3@@tl@UModSys@@QAE@XZ 10005251 f i umodsys_lib_lib2d:umodsys.mod.2d.stdlib.obj
 0001:00004256       ?Resize@?$TDynarray@U?$TDynarrayHolderDynamic@USImageCellInfo@lib2d@UModSys@@U?$TAllocator@USIMemAlloc@core@UModSys@@USCountCalcPower2@23@@tl@3@@tl@UModSys@@@tl@UModSys@@QAE_NI@Z 10005256 f i umodsys_lib_lib2d:umodsys.mod.2d.stdlib.obj
 0001:00004283       ??1?$TDynarrayDynamic@U?$TRefObject@UIImage@lib2d@UModSys@@U?$TRefObjectFunc@UIImage@lib2d@UModSys@@@tl@3@@tl@UModSys@@U?$TAllocator@USIMemAlloc@core@UModSys@@USCountCalcPower2@23@@23@@tl@UModSys@@QAE@XZ 10005283 f i umodsys_lib_lib2d:umodsys.mod.2d.stdlib.obj
 0001:00004288       ??1?$TDynarray@U?$TDynarrayHolderDynamic@USImageCellInfo@lib2d@UModSys@@U?$TAllocator@USIMemAlloc@core@UModSys@@USCountCalcPower2@23@@tl@3@@tl@UModSys@@@tl@UModSys@@QAE@XZ 10005288 f i umodsys_lib_lib2d:umodsys.mod.2d.stdlib.obj
 0001:000042e4       ??1?$TDynarray@U?$TDynarrayHolderDynamic@U?$TRefObject@UIImage@lib2d@UModSys@@U?$TRefObjectFunc@UIImage@lib2d@UModSys@@@tl@3@@tl@UModSys@@U?$TAllocator@USIMemAlloc@core@UModSys@@USCountCalcPower2@23@@23@@tl@UModSys@@@tl@UModSys@@QAE@XZ 100052e4 f i umodsys_lib_lib2d:umodsys.mod.2d.stdlib.obj
 0001:00004327       ?ResizeRel@?$TDynarray@U?$TDynarrayHolderDynamic@U?$TRefObject@UIImage@lib2d@UModSys@@U?$TRefObjectFunc@UIImage@lib2d@UModSys@@@tl@3@@tl@UModSys@@U?$TAllocator@USIMemAlloc@core@UModSys@@USCountCalcPower2@23@@23@@tl@UModSys@@@tl@UModSys@@QAE_NH@Z 10005327 f i umodsys_lib_lib2d:umodsys.mod.2d.stdlib.obj
 0001:000043a7       ??$t_gen_param@URImage_Memory@stdlib@lib2d@modules@UModSys@@URGenerator@2345@@IGenerator@base@UModSys@@IAE_NPAURGenerator@stdlib@lib2d@modules@2@AAU?$TRefObject@UIRefObject@core@UModSys@@U?$TRefObjectFunc@UIRefObject@core@UModSys@@@tl@3@@tl@2@PBUSUniquePointerInfo@core@2@ABUSParameters@core@2@@Z 100053a7 f i umodsys_lib_lib2d:umodsys.mod.2d.stdlib.obj
 0001:00004439       ??$t_gen_param@URImageFactory_Memory@stdlib@lib2d@modules@UModSys@@URGenerator@2345@@IGenerator@base@UModSys@@IAE_NPAURGenerator@stdlib@lib2d@modules@2@AAU?$TRefObject@UIRefObject@core@UModSys@@U?$TRefObjectFunc@UIRefObject@core@UModSys@@@tl@3@@tl@2@PBUSUniquePointerInfo@core@2@ABUSParameters@core@2@@Z 10005439 f i umodsys_lib_lib2d:umodsys.mod.2d.stdlib.obj
 0001:000044cb       ??$t_gen_param@URMultiImage@stdlib@lib2d@modules@UModSys@@URGenerator@2345@@IGenerator@base@UModSys@@IAE_NPAURGenerator@stdlib@lib2d@modules@2@AAU?$TRefObject@UIRefObject@core@UModSys@@U?$TRefObjectFunc@UIRefObject@core@UModSys@@@tl@3@@tl@2@PBUSUniquePointerInfo@core@2@ABUSParameters@core@2@@Z 100054cb f i umodsys_lib_lib2d:umodsys.mod.2d.stdlib.obj
 0001:00004573       ??$ValidateConstruction@UIImage@lib2d@UModSys@@URImage_Memory@stdlib@2modules@3@@core@UModSys@@YA_NAAU?$TRefObject@UIImage@lib2d@UModSys@@U?$TRefObjectFunc@UIImage@lib2d@UModSys@@@tl@3@@tl@1@PAURImage_Memory@stdlib@lib2d@modules@1@@Z 10005573 f i umodsys_lib_lib2d:umodsys.mod.2d.stdlib.obj
 0001:000045b4       ?remove@WeakPointer@IRefObject@core@UModSys@@QAEXXZ 100055b4 f i umodsys_lib_libui:umodsys.mod.ui.SDL_core.obj
 0001:000045da       ?get@SParameters@core@UModSys@@QBE_NPBDAAPBD@Z 100055da f i umodsys_lib_libui:umodsys.mod.ui.SDL_core.obj
 0001:000045f5       ?get@SParameters@core@UModSys@@QBE_NPBDAAH@Z 100055f5 f i umodsys_lib_libui:umodsys.mod.ui.SDL_core.obj
 0001:00004610       ?root_get_interface_info@RMultiImage2D_SDL_ttf@SDL_core@ui@modules@UModSys@@UBEABUSUniquePointerInfo@core@5@XZ 10005610 f i umodsys_lib_libui:umodsys.mod.ui.SDL_core.obj
 0001:00004616       ?root_get_interface_type@RMultiImage2D_SDL_ttf@SDL_core@ui@modules@UModSys@@UBEPBUSUniquePointerInfo@core@5@XZ 10005616 f i umodsys_lib_libui:umodsys.mod.ui.SDL_core.obj
 0001:0000461c       ?root_get_other_interface@RMultiImage2D_SDL_ttf@SDL_core@ui@modules@UModSys@@UBEPBUIRoot@core@5@PBUSUniquePointerInfo@75@@Z 1000561c f i umodsys_lib_libui:umodsys.mod.ui.SDL_core.obj
 0001:0000461c       ?root_get_other_interface@RMultiImage2D_SDL_ttf@SDL_core@ui@modules@UModSys@@UAEPAUIRoot@core@5@PBUSUniquePointerInfo@75@@Z 1000561c f i umodsys_lib_libui:umodsys.mod.ui.SDL_core.obj
 0001:0000463d       ?root_is_interface_supported@RMultiImage2D_SDL_ttf@SDL_core@ui@modules@UModSys@@UBE_NPBUSUniquePointerInfo@core@5@@Z 1000563d f i umodsys_lib_libui:umodsys.mod.ui.SDL_core.obj
 0001:00004664       ?suicide@RMouseController@SDL_core@ui@modules@UModSys@@UAEXXZ 10005664 f i umodsys_lib_libui:umodsys.mod.ui.SDL_core.obj
 0001:00004664       ?suicide@RDialog@frames@ui@modules@UModSys@@UAEXXZ 10005664 f i umodsys_lib_libui:umodsys.mod.ui.frames.obj
 0001:00004664       ?suicide@RMultiImage2D_SDL_ttf@SDL_core@ui@modules@UModSys@@UAEXXZ 10005664 f i umodsys_lib_libui:umodsys.mod.ui.SDL_core.obj
 0001:00004664       ?suicide@RRenderDriver2D@SDL_core@ui@modules@UModSys@@UAEXXZ 10005664 f i umodsys_lib_libui:umodsys.mod.ui.SDL_core.obj
 0001:00004664       ?suicide@RKeyboardController@SDL_core@ui@modules@UModSys@@UAEXXZ 10005664 f i umodsys_lib_libui:umodsys.mod.ui.SDL_core.obj
 0001:000046a4       ??0RMultiImage2D_SDL_ttf@SDL_core@ui@modules@UModSys@@QAE@PAURRenderDriver2D@1234@ABUSParameters@core@4@@Z 100056a4 f i umodsys_lib_libui:umodsys.mod.ui.SDL_core.obj
 0001:00004708       ?open@RMultiImage2D_SDL_ttf@SDL_core@ui@modules@UModSys@@QAE_NABUSParameters@core@5@@Z 10005708 f i umodsys_lib_libui:umodsys.mod.ui.SDL_core.obj
 0001:000047a6       ?generate_glyphs@RMultiImage2D_SDL_ttf@SDL_core@ui@modules@UModSys@@QAE_NXZ 100057a6 f i umodsys_lib_libui:umodsys.mod.ui.SDL_core.obj
 0001:00004937       ?get_max_cell_size@RMultiImage2D_SDL_ttf@SDL_core@ui@modules@UModSys@@UBE?AU?$TVector2@H@math3d@5@XZ 10005937 f i umodsys_lib_libui:umodsys.mod.ui.SDL_core.obj
 0001:00004937       ?get_fixed_cell_size@RMultiImage2D_SDL_ttf@SDL_core@ui@modules@UModSys@@UBE?AU?$TVector2@H@math3d@5@XZ 10005937 f i umodsys_lib_libui:umodsys.mod.ui.SDL_core.obj
 0001:00004937       ?get_max_layer_size@RMultiImage2D_SDL_ttf@SDL_core@ui@modules@UModSys@@UBE?AU?$TVector2@H@math3d@5@XZ 10005937 f i umodsys_lib_libui:umodsys.mod.ui.SDL_core.obj
 0001:00004937       ?image_get_maxsize@RImageFactory_Memory@stdlib@lib2d@modules@UModSys@@UBE?AU?$TVector2@H@math3d@5@XZ 10005937 f i umodsys_lib_lib2d:umodsys.mod.2d.stdlib.obj
 0001:00004945       ?get_cell@RMultiImage2D_SDL_ttf@SDL_core@ui@modules@UModSys@@UBE_NIAAU?$TVector2@H@math3d@5@PAU675@PAG@Z 10005945 f i umodsys_lib_libui:umodsys.mod.ui.SDL_core.obj
 0001:0000494a       ??_ERMultiImage2D_SDL_ttf@SDL_core@ui@modules@UModSys@@UAEPAXI@Z 1000594a f i  CIL library: CIL module
 0001:0000494a       ??_GRMultiImage2D_SDL_ttf@SDL_core@ui@modules@UModSys@@UAEPAXI@Z 1000594a f i umodsys_lib_libui:umodsys.mod.ui.SDL_core.obj
 0001:000049b2       ?root_get_interface_info@RRenderDriver2D@SDL_core@ui@modules@UModSys@@UBEABUSUniquePointerInfo@core@5@XZ 100059b2 f i umodsys_lib_libui:umodsys.mod.ui.SDL_core.obj
 0001:000049b8       ?root_get_interface_type@RRenderDriver2D@SDL_core@ui@modules@UModSys@@UBEPBUSUniquePointerInfo@core@5@XZ 100059b8 f i umodsys_lib_libui:umodsys.mod.ui.SDL_core.obj
 0001:000049be       ?root_get_other_interface@RRenderDriver2D@SDL_core@ui@modules@UModSys@@UBEPBUIRoot@core@5@PBUSUniquePointerInfo@75@@Z 100059be f i umodsys_lib_libui:umodsys.mod.ui.SDL_core.obj
 0001:000049be       ?root_get_other_interface@RRenderDriver2D@SDL_core@ui@modules@UModSys@@UAEPAUIRoot@core@5@PBUSUniquePointerInfo@75@@Z 100059be f i umodsys_lib_libui:umodsys.mod.ui.SDL_core.obj
 0001:000049df       ?root_is_interface_supported@RRenderDriver2D@SDL_core@ui@modules@UModSys@@UBE_NPBUSUniquePointerInfo@core@5@@Z 100059df f i umodsys_lib_libui:umodsys.mod.ui.SDL_core.obj
 0001:00004a06       ??0RRenderDriver2D@SDL_core@ui@modules@UModSys@@QAE@PAURTerminal@1234@ABUSParameters@core@4@@Z 10005a06 f i umodsys_lib_libui:umodsys.mod.ui.SDL_core.obj
 0001:00004aa7       ?close@RRenderDriver2D@SDL_core@ui@modules@UModSys@@QAEXXZ 10005aa7 f i umodsys_lib_libui:umodsys.mod.ui.SDL_core.obj
 0001:00004acc       ?open@RRenderDriver2D@SDL_core@ui@modules@UModSys@@QAE_NABUSParameters@core@5@@Z 10005acc f i umodsys_lib_libui:umodsys.mod.ui.SDL_core.obj
 0001:00004c05       ?set_color@RRenderDriver2D@SDL_core@ui@modules@UModSys@@QAEXXZ 10005c05 f i umodsys_lib_libui:umodsys.mod.ui.SDL_core.obj
 0001:00004c68       ?begin@RRenderDriver2D@SDL_core@ui@modules@UModSys@@UAEXXZ 10005c68 f i umodsys_lib_libui:umodsys.mod.ui.SDL_core.obj
 0001:00004cc5       ?end@RRenderDriver2D@SDL_core@ui@modules@UModSys@@UAEXXZ 10005cc5 f i umodsys_lib_libui:umodsys.mod.ui.SDL_core.obj
 0001:00004cd4       ?get_max_values@RRenderDriver2D@SDL_core@ui@modules@UModSys@@UBEPBUSParameters@core@5@XZ 10005cd4 f i umodsys_lib_libui:umodsys.mod.ui.SDL_core.obj
 0001:00004cd8       ?get_frame_values@RRenderDriver2D@SDL_core@ui@modules@UModSys@@UBEPBUSParameters@core@5@XZ 10005cd8 f i umodsys_lib_libui:umodsys.mod.ui.SDL_core.obj
 0001:00004cdf       ?filter_load@RMediaFilter@images_std@media@modules@UModSys@@UAE_NABUSInfo@IBinObjFilter@libmedia@5@AAU?$TRefObject@UIRefObject@core@UModSys@@U?$TRefObjectFunc@UIRefObject@core@UModSys@@@tl@3@@tl@5@@Z 10005cdf f i umodsys_lib_libmedia:umodsys.mod.media.images_std.obj
 0001:00004cdf       ?key_setrepeat@RKeyboardController@SDL_core@ui@modules@UModSys@@UAE_NMM@Z 10005cdf f i umodsys_lib_libui:umodsys.mod.ui.SDL_core.obj
 0001:00004cdf       ?set_repeater@RFrame_Common@frames@ui@modules@UModSys@@UAE_NHH@Z 10005cdf f i umodsys_lib_libui:umodsys.mod.ui.frames.obj
 0001:00004cdf       ?set_parameters@RRenderDriver2D@SDL_core@ui@modules@UModSys@@UAE_NPBDABUSParameters@core@5@@Z 10005cdf f i umodsys_lib_libui:umodsys.mod.ui.SDL_core.obj
 0001:00004cdf       ?set_hint@RMultiImage2D_SDL_ttf@SDL_core@ui@modules@UModSys@@UAE_NPBD0@Z 10005cdf f i umodsys_lib_libui:umodsys.mod.ui.SDL_core.obj
 0001:00004cdf       ?setup_fixed_cell@RMultiImage2D_SDL_ttf@SDL_core@ui@modules@UModSys@@UAE_NHH@Z 10005cdf f i umodsys_lib_libui:umodsys.mod.ui.SDL_core.obj
 0001:00004cdf       ?set_hint@RMultiImage@stdlib@lib2d@modules@UModSys@@UAE_NPBD0@Z 10005cdf f i umodsys_lib_lib2d:umodsys.mod.2d.stdlib.obj
 0001:00004cdf       ?mouse_setposition@RMouseController@SDL_core@ui@modules@UModSys@@UAE_NHH@Z 10005cdf f i umodsys_lib_libui:umodsys.mod.ui.SDL_core.obj
 0001:00004cdf       ?get_cell@RMultiImage2D_SDL_ttf@SDL_core@ui@modules@UModSys@@UBE_NIAAUSImageCellInfo@lib2d@5@@Z 10005cdf f i umodsys_lib_libui:umodsys.mod.ui.SDL_core.obj
 0001:00004cdf       ?output_attach_3d@RCollector@frames@ui@modules@UModSys@@UAE_NPAUIRenderDriver@lib3d@5@H@Z 10005cdf f i umodsys_lib_libui:umodsys.mod.ui.frames.obj
 0001:00004ce4       ?setup_font@RRenderDriver2D@SDL_core@ui@modules@UModSys@@UAE_NPAUIMultiImage@lib2d@5@PBU?$TVector2@M@math3d@5@@Z 10005ce4 f i umodsys_lib_libui:umodsys.mod.ui.SDL_core.obj
 0001:00004d36       ?setup_color@RRenderDriver2D@SDL_core@ui@modules@UModSys@@UAEXABU?$TVector3@M@math3d@5@@Z 10005d36 f i umodsys_lib_libui:umodsys.mod.ui.SDL_core.obj
 0001:00004d5d       ?setup_color@RRenderDriver2D@SDL_core@ui@modules@UModSys@@UAEXABU?$TVector3@H@math3d@5@@Z 10005d5d f i umodsys_lib_libui:umodsys.mod.ui.SDL_core.obj
 0001:00004da0       ?setup_coloralpha@RRenderDriver2D@SDL_core@ui@modules@UModSys@@UAEXABU?$TVector4@M@math3d@5@H@Z 10005da0 f i umodsys_lib_libui:umodsys.mod.ui.SDL_core.obj
 0001:00004dc6       ?setup_coloralpha@RRenderDriver2D@SDL_core@ui@modules@UModSys@@UAEXABU?$TVector4@H@math3d@5@H@Z 10005dc6 f i umodsys_lib_libui:umodsys.mod.ui.SDL_core.obj
 0001:00004e1e       ?setup_blendcolor@RRenderDriver2D@SDL_core@ui@modules@UModSys@@UAEXABUSBlendColor@lib2d@5@@Z 10005e1e f i umodsys_lib_libui:umodsys.mod.ui.SDL_core.obj
 0001:00004e76       ?setup_blendcolor@RRenderDriver2D@SDL_core@ui@modules@UModSys@@UAEXABUSBlendColorf@lib2d@5@@Z 10005e76 f i umodsys_lib_libui:umodsys.mod.ui.SDL_core.obj
 0001:00004eb8       ?setup_alpha@RRenderDriver2D@SDL_core@ui@modules@UModSys@@UAEXHH@Z 10005eb8 f i umodsys_lib_libui:umodsys.mod.ui.SDL_core.obj
 0001:00004ede       ?setup_alpha@RRenderDriver2D@SDL_core@ui@modules@UModSys@@UAEXMH@Z 10005ede f i umodsys_lib_libui:umodsys.mod.ui.SDL_core.obj
 0001:00004efe       ?render_text_advanced@RRenderDriver2D@SDL_core@ui@modules@UModSys@@UAE_NAAUTextInfo@IRenderDriver@lib2d@5@PBHH@Z 10005efe f i umodsys_lib_libui:umodsys.mod.ui.SDL_core.obj
 0001:00005090       ?render_box@RRenderDriver2D@SDL_core@ui@modules@UModSys@@UAEXABU?$TVector2@H@math3d@5@0@Z 10006090 f i umodsys_lib_libui:umodsys.mod.ui.SDL_core.obj
 0001:000050d1       ?render_tri@RRenderDriver2D@SDL_core@ui@modules@UModSys@@UAEXABU?$TVector2@H@math3d@5@00@Z 100060d1 f i umodsys_lib_libui:umodsys.mod.ui.SDL_core.obj
 0001:00005125       ?render_quad@RRenderDriver2D@SDL_core@ui@modules@UModSys@@UAEXABU?$TVector2@H@math3d@5@000@Z 10006125 f i umodsys_lib_libui:umodsys.mod.ui.SDL_core.obj
 0001:00005187       ?render_box@RRenderDriver2D@SDL_core@ui@modules@UModSys@@UAEXPAUIImage@lib2d@5@ABU?$TVector2@H@math3d@5@1ABU?$TVector2@M@95@2@Z 10006187 f i umodsys_lib_libui:umodsys.mod.ui.SDL_core.obj
 0001:0000518a       ?render_line@RRenderDriver2D@SDL_core@ui@modules@UModSys@@UAEXABU?$TVector2@H@math3d@5@0@Z 1000618a f i umodsys_lib_libui:umodsys.mod.ui.SDL_core.obj
 0001:000051af       ?render_rect@RRenderDriver2D@SDL_core@ui@modules@UModSys@@UAEXABU?$TVector2@H@math3d@5@0@Z 100061af f i umodsys_lib_libui:umodsys.mod.ui.SDL_core.obj
 0001:000051f0       ??_GRRenderDriver2D@SDL_core@ui@modules@UModSys@@UAEPAXI@Z 100061f0 f i umodsys_lib_libui:umodsys.mod.ui.SDL_core.obj
 0001:000051f0       ??_ERRenderDriver2D@SDL_core@ui@modules@UModSys@@UAEPAXI@Z 100061f0 f i  CIL library: CIL module
 0001:00005267       ?root_get_interface_info@RMouseController@SDL_core@ui@modules@UModSys@@UBEABUSUniquePointerInfo@core@5@XZ 10006267 f i umodsys_lib_libui:umodsys.mod.ui.SDL_core.obj
 0001:0000526d       ?root_get_interface_type@RMouseController@SDL_core@ui@modules@UModSys@@UBEPBUSUniquePointerInfo@core@5@XZ 1000626d f i umodsys_lib_libui:umodsys.mod.ui.SDL_core.obj
 0001:00005273       ?root_get_other_interface@RMouseController@SDL_core@ui@modules@UModSys@@UAEPAUIRoot@core@5@PBUSUniquePointerInfo@75@@Z 10006273 f i umodsys_lib_libui:umodsys.mod.ui.SDL_core.obj
 0001:00005273       ?root_get_other_interface@RMouseController@SDL_core@ui@modules@UModSys@@UBEPBUIRoot@core@5@PBUSUniquePointerInfo@75@@Z 10006273 f i umodsys_lib_libui:umodsys.mod.ui.SDL_core.obj
 0001:00005294       ?root_is_interface_supported@RMouseController@SDL_core@ui@modules@UModSys@@UBE_NPBUSUniquePointerInfo@core@5@@Z 10006294 f i umodsys_lib_libui:umodsys.mod.ui.SDL_core.obj
 0001:000052bb       ?ref_add@RGenerator@frames@ui@modules@UModSys@@UBEXXZ 100062bb f i umodsys_lib_libui:umodsys.mod.ui.frames.obj
 0001:000052bb       ?ref_add@RTerminal@SDL_core@ui@modules@UModSys@@UBEXXZ 100062bb f i umodsys_lib_libui:umodsys.mod.ui.SDL_core.obj
 0001:000052bb       ?ref_add@RGenerator@images_std@media@modules@UModSys@@UBEXXZ 100062bb f i umodsys_lib_libmedia:umodsys.mod.media.images_std.obj
 0001:000052bb       ?ref_add@RMultiImage@stdlib@lib2d@modules@UModSys@@UBEXXZ 100062bb f i umodsys_lib_lib2d:umodsys.mod.2d.stdlib.obj
 0001:000052bb       ?ref_add@RMouseController@SDL_core@ui@modules@UModSys@@UBEXXZ 100062bb f i umodsys_lib_libui:umodsys.mod.ui.SDL_core.obj
 0001:000052bb       ?ref_add@RGenerator@SDL_core@ui@modules@UModSys@@UBEXXZ 100062bb f i umodsys_lib_libui:umodsys.mod.ui.SDL_core.obj
 0001:000052bb       ?ref_add@RSerializeReader@serialize_json@media@modules@UModSys@@UBEXXZ 100062bb f i umodsys_lib_libmedia:umodsys.mod.media.serialize_json.obj
 0001:000052bb       ?ref_add@RGenerator@test1@test@modules@UModSys@@UBEXXZ 100062bb f i plugin_test1.obj
 0001:000052bb       ?ref_add@RImageFactory_Memory@stdlib@lib2d@modules@UModSys@@UBEXXZ 100062bb f i umodsys_lib_lib2d:umodsys.mod.2d.stdlib.obj
 0001:000052bb       ?ref_add@RGenerator@serialize_json@media@modules@UModSys@@UBEXXZ 100062bb f i umodsys_lib_libmedia:umodsys.mod.media.serialize_json.obj
 0001:000052bb       ?ref_add@RImage_Memory@stdlib@lib2d@modules@UModSys@@UBEXXZ 100062bb f i umodsys_lib_lib2d:umodsys.mod.2d.stdlib.obj
 0001:000052bb       ?ref_add@RGenerator@zlib@media@modules@UModSys@@UBEXXZ 100062bb f i umodsys_lib_libmedia:umodsys.mod.media.zlib.obj
 0001:000052bb       ?ref_add@RBinArchiveFrameClient_ZIP@zlib@media@modules@UModSys@@UBEXXZ 100062bb f i umodsys_lib_libmedia:umodsys.mod.media.zlib.obj
 0001:000052bb       ?ref_add@RDialog@frames@ui@modules@UModSys@@UBEXXZ 100062bb f i umodsys_lib_libui:umodsys.mod.ui.frames.obj
 0001:000052bb       ?ref_add@RKeyboardController@SDL_core@ui@modules@UModSys@@UBEXXZ 100062bb f i umodsys_lib_libui:umodsys.mod.ui.SDL_core.obj
 0001:000052bb       ?ref_add@RMultiImage2D_SDL_ttf@SDL_core@ui@modules@UModSys@@UBEXXZ 100062bb f i umodsys_lib_libui:umodsys.mod.ui.SDL_core.obj
 0001:000052bb       ?ref_add@RRenderDriver2D@SDL_core@ui@modules@UModSys@@UBEXXZ 100062bb f i umodsys_lib_libui:umodsys.mod.ui.SDL_core.obj
 0001:000052bb       ?ref_add@RGenerator@stdlib@lib2d@modules@UModSys@@UBEXXZ 100062bb f i umodsys_lib_lib2d:umodsys.mod.2d.stdlib.obj
 0001:000052bf       ??0RMouseController@SDL_core@ui@modules@UModSys@@QAE@PAURTerminal@1234@ABUSParameters@core@4@@Z 100062bf f i umodsys_lib_libui:umodsys.mod.ui.SDL_core.obj
 0001:0000530d       ?process@RMouseController@SDL_core@ui@modules@UModSys@@QAE_NAAUSDL_MouseMotionEvent@@@Z 1000630d f i umodsys_lib_libui:umodsys.mod.ui.SDL_core.obj
 0001:000053f4       ?process@RMouseController@SDL_core@ui@modules@UModSys@@QAE_NAAUSDL_MouseButtonEvent@@@Z 100063f4 f i umodsys_lib_libui:umodsys.mod.ui.SDL_core.obj
 0001:000054bb       ?process@RMouseController@SDL_core@ui@modules@UModSys@@QAE_NAAUSDL_MouseWheelEvent@@@Z 100064bb f i umodsys_lib_libui:umodsys.mod.ui.SDL_core.obj
 0001:0000555c       ?key_unlink@RKeyboardController@SDL_core@ui@modules@UModSys@@UAE_NH@Z 1000655c f i umodsys_lib_libui:umodsys.mod.ui.SDL_core.obj
 0001:0000555c       ?mouse_unlink@RMouseController@SDL_core@ui@modules@UModSys@@UAE_NH@Z 1000655c f i umodsys_lib_libui:umodsys.mod.ui.SDL_core.obj
 0001:000055bb       ?mouse_link@RMouseController@SDL_core@ui@modules@UModSys@@UAE_NHPAUIRefObject@core@5@PAUIMouseClient@libui@5@H@Z 100065bb f i umodsys_lib_libui:umodsys.mod.ui.SDL_core.obj
 0001:000055fa       ??_GRMouseController@SDL_core@ui@modules@UModSys@@UAEPAXI@Z 100065fa f i umodsys_lib_libui:umodsys.mod.ui.SDL_core.obj
 0001:000055fa       ??_ERMouseController@SDL_core@ui@modules@UModSys@@UAEPAXI@Z 100065fa f i  CIL library: CIL module
 0001:00005650       ?root_get_interface_info@RKeyboardController@SDL_core@ui@modules@UModSys@@UBEABUSUniquePointerInfo@core@5@XZ 10006650 f i umodsys_lib_libui:umodsys.mod.ui.SDL_core.obj
 0001:00005656       ?root_get_interface_type@RKeyboardController@SDL_core@ui@modules@UModSys@@UBEPBUSUniquePointerInfo@core@5@XZ 10006656 f i umodsys_lib_libui:umodsys.mod.ui.SDL_core.obj
 0001:0000565c       ?root_get_other_interface@RKeyboardController@SDL_core@ui@modules@UModSys@@UBEPBUIRoot@core@5@PBUSUniquePointerInfo@75@@Z 1000665c f i umodsys_lib_libui:umodsys.mod.ui.SDL_core.obj
 0001:0000565c       ?root_get_other_interface@RKeyboardController@SDL_core@ui@modules@UModSys@@UAEPAUIRoot@core@5@PBUSUniquePointerInfo@75@@Z 1000665c f i umodsys_lib_libui:umodsys.mod.ui.SDL_core.obj
 0001:0000567d       ?root_is_interface_supported@RKeyboardController@SDL_core@ui@modules@UModSys@@UBE_NPBUSUniquePointerInfo@core@5@@Z 1000667d f i umodsys_lib_libui:umodsys.mod.ui.SDL_core.obj
 0001:000056a4       ??0RKeyboardController@SDL_core@ui@modules@UModSys@@QAE@PAURTerminal@1234@ABUSParameters@core@4@@Z 100066a4 f i umodsys_lib_libui:umodsys.mod.ui.SDL_core.obj
 0001:000056f2       ?process@RKeyboardController@SDL_core@ui@modules@UModSys@@QAE_NAAUSDL_KeyboardEvent@@@Z 100066f2 f i umodsys_lib_libui:umodsys.mod.ui.SDL_core.obj
 0001:00005793       ?process@RKeyboardController@SDL_core@ui@modules@UModSys@@QAE_NAAUSDL_TextInputEvent@@@Z 10006793 f i umodsys_lib_libui:umodsys.mod.ui.SDL_core.obj
 0001:00005838       ?map_keycode@RKeyboardController@SDL_core@ui@modules@UModSys@@QAE?AW4eKeyCode@libui@5@H@Z 10006838 f i umodsys_lib_libui:umodsys.mod.ui.SDL_core.obj
 0001:00005cb3       ?map_keyspecial@RKeyboardController@SDL_core@ui@modules@UModSys@@QAEFG@Z 10006cb3 f i umodsys_lib_libui:umodsys.mod.ui.SDL_core.obj
 0001:00005d26       ?key_link@RKeyboardController@SDL_core@ui@modules@UModSys@@UAE_NHPAUIRefObject@core@5@PAUIKeyboardClient@libui@5@@Z 10006d26 f i umodsys_lib_libui:umodsys.mod.ui.SDL_core.obj
 0001:00005d5e       ?command_draw@RTest1_Shell@test1@test@modules@UModSys@@UAE_NABUSController@libui@5@PAUIRenderDriver@lib2d@5@ABU?$TBoundBox2@H@math3d@5@@Z 10006d5e f i plugin_test1.obj
 0001:00005d5e       ?key_setmodifier@RKeyboardController@SDL_core@ui@modules@UModSys@@UAE_NHHH@Z 10006d5e f i umodsys_lib_libui:umodsys.mod.ui.SDL_core.obj
 0001:00005d5e       ?setup_variable_cell@RMultiImage2D_SDL_ttf@SDL_core@ui@modules@UModSys@@UAE_NPBUSImageCellInfo@lib2d@5@KK@Z 10006d5e f i umodsys_lib_libui:umodsys.mod.ui.SDL_core.obj
 0001:00005d63       ?key_reset@RKeyboardController@SDL_core@ui@modules@UModSys@@UAE_NXZ 10006d63 f i umodsys_lib_libui:umodsys.mod.ui.SDL_core.obj
 0001:00005d63       ?mouse_reset@RMouseController@SDL_core@ui@modules@UModSys@@UAE_NXZ 10006d63 f i umodsys_lib_libui:umodsys.mod.ui.SDL_core.obj
 0001:00005d63       ?isfull@?$TRStackSocket@USFileInfo@libmedia@UModSys@@U?$TDynarrayDynamic@USFileInfo@libmedia@UModSys@@U?$TAllocator@USIMemAlloc@core@UModSys@@USCountCalcPower2@23@@tl@3@@tl@3@@tl@UModSys@@UBE_NXZ 10006d63 f i plugin_test1.obj
 0001:00005d66       ?key_setvisible@RKeyboardController@SDL_core@ui@modules@UModSys@@UAE_N_N@Z 10006d66 f i umodsys_lib_libui:umodsys.mod.ui.SDL_core.obj
 0001:00005d7e       ??_GRKeyboardController@SDL_core@ui@modules@UModSys@@UAEPAXI@Z 10006d7e f i umodsys_lib_libui:umodsys.mod.ui.SDL_core.obj
 0001:00005d7e       ??_ERKeyboardController@SDL_core@ui@modules@UModSys@@UAEPAXI@Z 10006d7e f i  CIL library: CIL module
 0001:00005dd4       ?root_get_interface_info@RTerminal@SDL_core@ui@modules@UModSys@@UBEABUSUniquePointerInfo@core@5@XZ 10006dd4 f i umodsys_lib_libui:umodsys.mod.ui.SDL_core.obj
 0001:00005dda       ?root_get_interface_type@RTerminal@SDL_core@ui@modules@UModSys@@UBEPBUSUniquePointerInfo@core@5@XZ 10006dda f i umodsys_lib_libui:umodsys.mod.ui.SDL_core.obj
 0001:00005de0       ?root_get_other_interface@RTerminal@SDL_core@ui@modules@UModSys@@UBEPBUIRoot@core@5@PBUSUniquePointerInfo@75@@Z 10006de0 f i umodsys_lib_libui:umodsys.mod.ui.SDL_core.obj
 0001:00005de0       ?root_get_other_interface@RTerminal@SDL_core@ui@modules@UModSys@@UAEPAUIRoot@core@5@PBUSUniquePointerInfo@75@@Z 10006de0 f i umodsys_lib_libui:umodsys.mod.ui.SDL_core.obj
 0001:00005e01       ?root_is_interface_supported@RTerminal@SDL_core@ui@modules@UModSys@@UBE_NPBUSUniquePointerInfo@core@5@@Z 10006e01 f i umodsys_lib_libui:umodsys.mod.ui.SDL_core.obj
 0001:00005e28       ??0RTerminal@SDL_core@ui@modules@UModSys@@QAE@PAUIModObject@base@4@ABUSParameters@core@4@@Z 10006e28 f i umodsys_lib_libui:umodsys.mod.ui.SDL_core.obj
 0001:00005e9b       ?poll_events@RTerminal@SDL_core@ui@modules@UModSys@@UAE_NH@Z 10006e9b f i umodsys_lib_libui:umodsys.mod.ui.SDL_core.obj
 0001:00005fbf       ?get_terminal_state@RTerminal@SDL_core@ui@modules@UModSys@@UAE_NW4eTerminalState@libui@5@@Z 10006fbf f i umodsys_lib_libui:umodsys.mod.ui.SDL_core.obj
 0001:00005fd8       ?set_terminal_state@RTerminal@SDL_core@ui@modules@UModSys@@UAE_NW4eTerminalState@libui@5@_N@Z 10006fd8 f i umodsys_lib_libui:umodsys.mod.ui.SDL_core.obj
 0001:00006032       ?get_clock@RTerminal@SDL_core@ui@modules@UModSys@@UAENXZ 10007032 f i umodsys_lib_libui:umodsys.mod.ui.SDL_core.obj
 0001:0000604a       ?wait@RTerminal@SDL_core@ui@modules@UModSys@@UAE_NM@Z 1000704a f i umodsys_lib_libui:umodsys.mod.ui.SDL_core.obj
 0001:00006065       ?get_count@RTerminal@SDL_core@ui@modules@UModSys@@UBEIPBUSUniquePointerInfo@core@5@@Z 10007065 f i umodsys_lib_libui:umodsys.mod.ui.SDL_core.obj
 0001:00006098       ?get_handler@RTerminal@SDL_core@ui@modules@UModSys@@UBEPAUIRefObject@core@5@PBUSUniquePointerInfo@75@I@Z 10007098 f i umodsys_lib_libui:umodsys.mod.ui.SDL_core.obj
 0001:000060e0       ?get_handler@RTerminal@SDL_core@ui@modules@UModSys@@UBEPAUIRefObject@core@5@PBUSUniquePointerInfo@75@PBD@Z 100070e0 f i umodsys_lib_libui:umodsys.mod.ui.SDL_core.obj
 0001:000060e9       ?get_sub@RFrame_Common@frames@ui@modules@UModSys@@UAEPAUIFrame@libui@5@PAU675@H@Z 100070e9 f i umodsys_lib_libui:umodsys.mod.ui.frames.obj
 0001:000060e9       ?get_friend_handler@RTerminal@SDL_core@ui@modules@UModSys@@UBEPAUIRefObject@core@5@PBUSUniquePointerInfo@75@PAU675@@Z 100070e9 f i umodsys_lib_libui:umodsys.mod.ui.SDL_core.obj
 0001:000060ee       ?create_handler@RTerminal@SDL_core@ui@modules@UModSys@@UAE_NPBUSUniquePointerInfo@core@5@AAU?$TRefObject@UIRefObject@core@UModSys@@U?$TRefObjectFunc@UIRefObject@core@UModSys@@@tl@3@@tl@5@PBDPBUSParameters@75@@Z 100070ee f i umodsys_lib_libui:umodsys.mod.ui.SDL_core.obj
 0001:00006323       ??_GRTerminal@SDL_core@ui@modules@UModSys@@UAEPAXI@Z 10007323 f i umodsys_lib_libui:umodsys.mod.ui.SDL_core.obj
 0001:00006323       ??_ERTerminal@SDL_core@ui@modules@UModSys@@UAEPAXI@Z 10007323 f i  CIL library: CIL module
 0001:00006393       ?ref_links@RTest1_Shell@test1@test@modules@UModSys@@UBEHXZ 10007393 f   plugin_test1.obj
 0001:00006393       ?get_terminal@RRenderDriver2D@SDL_core@ui@modules@UModSys@@UBEPAUITerminal@libui@5@XZ 10007393 f   umodsys_lib_libui:umodsys.mod.ui.SDL_core.obj
 0001:00006397       ?new_font@RRenderDriver2D@SDL_core@ui@modules@UModSys@@UAE?AU?$TRefObject@UIMultiImage@lib2d@UModSys@@U?$TRefObjectFunc@UIMultiImage@lib2d@UModSys@@@tl@3@@tl@5@ABUSParameters@core@5@ABU?$TString@U?$TSCoreConst@D@su@tl@UModSys@@U?$TComparerBinaryHash@D@234@@75@@Z 10007397 f   umodsys_lib_libui:umodsys.mod.ui.SDL_core.obj
 0001:0000646d       ?new_picture@RRenderDriver2D@SDL_core@ui@modules@UModSys@@UAE?AU?$TRefObject@UIImage@lib2d@UModSys@@U?$TRefObjectFunc@UIImage@lib2d@UModSys@@@tl@3@@tl@5@ABUSParameters@core@5@ABU?$TString@U?$TSCoreConst@D@su@tl@UModSys@@U?$TComparerBinaryHash@D@234@@75@@Z 1000746d f   umodsys_lib_libui:umodsys.mod.ui.SDL_core.obj
 0001:0000647f       ?get_generated_names@RGenerator@SDL_core@ui@modules@UModSys@@UBEHAAUSUniquePtrList@core@5@@Z 1000747f f i umodsys_lib_libui:umodsys.mod.ui.SDL_core.obj
[...]
 0001:000150b4       ??__E?s_id@?$TObjectUniqueID@URSerializeWriter@serialize_json@media@modules@UModSys@@@tl@UModSys@@2USUniquePointer@core@3@A@@YAXXZ 100160b4 f    CIL library: CIL module
 0001:000150d6       ??__E?s_id@?$TObjectUniqueID@URGenerator@serialize_json@media@modules@UModSys@@@tl@UModSys@@2USUniquePointer@core@3@A@@YAXXZ 100160d6 f    CIL library: CIL module
 0001:000150f8       ??__E?s_modreg@RModuleReg@zlib@media@modules@UModSys@@2U12345@A@@YAXXZ 100160f8 f    CIL library: CIL module
 0001:0001512e       ??__E?s_modreg_chain@RModuleReg@zlib@media@modules@UModSys@@2USModuleRegChain@base@5@A@@YAXXZ 1001612e f    CIL library: CIL module
 0001:00015149       ??__E?s_uid@RGenerator@zlib@media@modules@UModSys@@2USUniquePointer@core@5@A@@YAXXZ 10016149 f    CIL library: CIL module
 0001:0001516b       ??__E?s_id@?$TObjectUniqueID@URBinArchiveFrameClient_ZIP@zlib@media@modules@UModSys@@@tl@UModSys@@2USUniquePointer@core@3@A@@YAXXZ 1001616b f    CIL library: CIL module
 0001:0001518d       ??__E?s_id@?$TObjectUniqueID@URGenerator@zlib@media@modules@UModSys@@@tl@UModSys@@2USUniquePointer@core@3@A@@YAXXZ 1001618d f    CIL library: CIL module
 0001:000151af       ??__EM@UModSys@@YAXXZ      100161af f    CIL library: CIL module
 0001:000151bb       ??__E?root@SModuleRegChain@base@UModSys@@2U123@A@@YAXXZ 100161bb f    CIL library: CIL module
 0001:000151c7       ??__E?s_library@RModuleLibraryReg_Chain@base@UModSys@@2U123@A@@YAXXZ 100161c7 f    CIL library: CIL module
 0001:000151d3       ??__E?root@SUniquePointer@core@UModSys@@2U123@A@@YAXXZ 100161d3 f    CIL library: CIL module
 0001:000151df       ??__F?s_modreg@RModuleReg@test1@test@modules@UModSys@@2U12345@A@@YAXXZ 100161df f    CIL library: CIL module
 0001:000151ea       ??__F?s_modreg_chain@RModuleReg@test1@test@modules@UModSys@@2USModuleRegChain@base@5@A@@YAXXZ 100161ea f    CIL library: CIL module
 0001:000151f4       ??__F?s_uid@RGenerator@test1@test@modules@UModSys@@2USUniquePointer@core@5@A@@YAXXZ 100161f4 f    CIL library: CIL module
 0001:000151fe       ??__Fh@?1??s_holder@RGenerator@test1@test@modules@UModSys@@SAAAU?$TTypeStaticHolder@URGenerator@test1@test@modules@UModSys@@@tl@5@XZ@YAXXZ 100161fe f    CIL library: CIL module
 0001:0001521b       ??__F?s_id@?$TObjectUniqueID@URGenerator@test1@test@modules@UModSys@@@tl@UModSys@@2USUniquePointer@core@3@A@@YAXXZ 1001621b f    CIL library: CIL module
 0001:00015225       ??__F?s_id@?$TObjectUniqueID@URTest1_Shell@test1@test@modules@UModSys@@@tl@UModSys@@2USUniquePointer@core@3@A@@YAXXZ 10016225 f    CIL library: CIL module
 0001:0001522f       ??__F?s_id@?$TObjectUniqueID@URLines_Filter@test1@test@modules@UModSys@@@tl@UModSys@@2USUniquePointer@core@3@A@@YAXXZ 1001622f f    CIL library: CIL module
 0001:00015239       ??__F?s_id@?$TObjectUniqueID@URLines@test1@test@modules@UModSys@@@tl@UModSys@@2USUniquePointer@core@3@A@@YAXXZ 10016239 f    CIL library: CIL module
 0001:00015243       ??__F?s_id@?$TObjectUniqueID@UILines@test1@test@modules@UModSys@@@tl@UModSys@@2USUniquePointer@core@3@A@@YAXXZ 10016243 f    CIL library: CIL module
 0001:0001524d       ??__F?s_id@?$TObjectUniqueID@UIRenderDriver@lib2d@UModSys@@@tl@UModSys@@2USUniquePointer@core@3@A@@YAXXZ 1001624d f    CIL library: CIL module
 0001:00015257       ??__F?s_id@?$TObjectUniqueID@UIMultiImage@lib2d@UModSys@@@tl@UModSys@@2USUniquePointer@core@3@A@@YAXXZ 10016257 f    CIL library: CIL module
 0001:00015261       ??__F?s_id@?$TObjectUniqueID@UIImageFactory@lib2d@UModSys@@@tl@UModSys@@2USUniquePointer@core@3@A@@YAXXZ 10016261 f    CIL library: CIL module
 0001:0001526b       ??__F?s_id@?$TObjectUniqueID@UIImage@lib2d@UModSys@@@tl@UModSys@@2USUniquePointer@core@3@A@@YAXXZ 1001626b f    CIL library: CIL module
 0001:00015275       ??__F?s_id@?$TObjectUniqueID@UIDialog@libui@UModSys@@@tl@UModSys@@2USUniquePointer@core@3@A@@YAXXZ 10016275 f    CIL library: CIL module
 0001:0001527f       ??__F?s_id@?$TObjectUniqueID@UIFrame@libui@UModSys@@@tl@UModSys@@2USUniquePointer@core@3@A@@YAXXZ 1001627f f    CIL library: CIL module
 0001:00015289       ??__F?s_id@?$TObjectUniqueID@UIAsyncCollector@libui@UModSys@@@tl@UModSys@@2USUniquePointer@core@3@A@@YAXXZ 10016289 f    CIL library: CIL module
 0001:00015293       ??__F?s_id@?$TObjectUniqueID@UIAsyncController@libui@UModSys@@@tl@UModSys@@2USUniquePointer@core@3@A@@YAXXZ 10016293 f    CIL library: CIL module
 0001:0001529d       ??__F?s_id@?$TObjectUniqueID@UICollector@libui@UModSys@@@tl@UModSys@@2USUniquePointer@core@3@A@@YAXXZ 1001629d f    CIL library: CIL module
 0001:000152a7       ??__F?s_id@?$TObjectUniqueID@UIConsoleHelperInput_UIKey@libui@UModSys@@@tl@UModSys@@2USUniquePointer@core@3@A@@YAXXZ 100162a7 f    CIL library: CIL module
 0001:000152b1       ??__F?s_id@?$TObjectUniqueID@UITerminal@libui@UModSys@@@tl@UModSys@@2USUniquePointer@core@3@A@@YAXXZ 100162b1 f    CIL library: CIL module
 0001:000152bb       ??__F?s_id@?$TObjectUniqueID@UIJoystickController@libui@UModSys@@@tl@UModSys@@2USUniquePointer@core@3@A@@YAXXZ 100162bb f    CIL library: CIL module
 0001:000152c5       ??__F?s_id@?$TObjectUniqueID@UIMouseController@libui@UModSys@@@tl@UModSys@@2USUniquePointer@core@3@A@@YAXXZ 100162c5 f    CIL library: CIL module
 0001:000152cf       ??__F?s_id@?$TObjectUniqueID@UIKeyboardController@libui@UModSys@@@tl@UModSys@@2USUniquePointer@core@3@A@@YAXXZ 100162cf f    CIL library: CIL module
 0001:000152d9       ??__F?s_id@?$TObjectUniqueID@UIConsoleHelperOutputFCS@base@UModSys@@@tl@UModSys@@2USUniquePointer@core@3@A@@YAXXZ 100162d9 f    CIL library: CIL module
 0001:000152e3       ??__F?s_id@?$TObjectUniqueID@UIConsoleHelperOutput@base@UModSys@@@tl@UModSys@@2USUniquePointer@core@3@A@@YAXXZ 100162e3 f    CIL library: CIL module
 0001:000152ed       ??__F?s_id@?$TObjectUniqueID@UIConsoleHelperInput@base@UModSys@@@tl@UModSys@@2USUniquePointer@core@3@A@@YAXXZ 100162ed f    CIL library: CIL module
 0001:000152f7       ??__F?s_id@?$TObjectUniqueID@UIConsoleHelperHistory@base@UModSys@@@tl@UModSys@@2USUniquePointer@core@3@A@@YAXXZ 100162f7 f    CIL library: CIL module
 0001:00015301       ??__F?s_id@?$TObjectUniqueID@UIConsoleHelper@base@UModSys@@@tl@UModSys@@2USUniquePointer@core@3@A@@YAXXZ 10016301 f    CIL library: CIL module
 0001:0001530b       ??__F?s_id@?$TObjectUniqueID@UIConsoleExt@base@UModSys@@@tl@UModSys@@2USUniquePointer@core@3@A@@YAXXZ 1001630b f    CIL library: CIL module
 0001:00015315       ??__F?s_id@?$TObjectUniqueID@UISerializeWriter@libmedia@UModSys@@@tl@UModSys@@2USUniquePointer@core@3@A@@YAXXZ 10016315 f    CIL library: CIL module
 0001:0001531f       ??__F?s_id@?$TObjectUniqueID@UISerializeReader@libmedia@UModSys@@@tl@UModSys@@2USUniquePointer@core@3@A@@YAXXZ 1001631f f    CIL library: CIL module
 0001:00015329       ??__F?s_id@?$TObjectUniqueID@UIClient@IBinArchiveFrame@libmedia@UModSys@@@tl@UModSys@@2USUniquePointer@core@3@A@@YAXXZ 10016329 f    CIL library: CIL module
 0001:00015333       ??__F?s_id@?$TObjectUniqueID@UIBinArchiveFrame@libmedia@UModSys@@@tl@UModSys@@2USUniquePointer@core@3@A@@YAXXZ 10016333 f    CIL library: CIL module
 0001:0001533d       ??__F?s_id@?$TObjectUniqueID@UILibraryLayered@libmedia@UModSys@@@tl@UModSys@@2USUniquePointer@core@3@A@@YAXXZ 1001633d f    CIL library: CIL module
 0001:00015347       ??__F?s_id@?$TObjectUniqueID@UILibraryObjCache@libmedia@UModSys@@@tl@UModSys@@2USUniquePointer@core@3@A@@YAXXZ 10016347 f    CIL library: CIL module
 0001:00015351       ??__F?s_id@?$TObjectUniqueID@UILibraryObjFilter@libmedia@UModSys@@@tl@UModSys@@2USUniquePointer@core@3@A@@YAXXZ 10016351 f    CIL library: CIL module
 0001:0001535b       ??__F?s_id@?$TObjectUniqueID@UILibraryBinCache@libmedia@UModSys@@@tl@UModSys@@2USUniquePointer@core@3@A@@YAXXZ 1001635b f    CIL library: CIL module
 0001:00015365       ??__F?s_id@?$TObjectUniqueID@UILibraryBinTree@libmedia@UModSys@@@tl@UModSys@@2USUniquePointer@core@3@A@@YAXXZ 10016365 f    CIL library: CIL module
 0001:0001536f       ??__F?s_id@?$TObjectUniqueID@UILibrary@libmedia@UModSys@@@tl@UModSys@@2USUniquePointer@core@3@A@@YAXXZ 1001636f f    CIL library: CIL module
 0001:00015379       ??__F?s_id@?$TObjectUniqueID@UIBinObjFilter@libmedia@UModSys@@@tl@UModSys@@2USUniquePointer@core@3@A@@YAXXZ 10016379 f    CIL library: CIL module
 0001:00015383       ??__F?s_id@?$TObjectUniqueID@UIBinArchive@libmedia@UModSys@@@tl@UModSys@@2USUniquePointer@core@3@A@@YAXXZ 10016383 f    CIL library: CIL module
 0001:0001538d       ??__F?s_id@?$TObjectUniqueID@UILibObject@libmedia@UModSys@@@tl@UModSys@@2USUniquePointer@core@3@A@@YAXXZ 1001638d f    CIL library: CIL module
 0001:00015397       ??__F?s_id@?$TObjectUniqueID@UIUtilities@libmedia@UModSys@@@tl@UModSys@@2USUniquePointer@core@3@A@@YAXXZ 10016397 f    CIL library: CIL module
 0001:000153a1       ??__F?s_id@?$TObjectUniqueID@UIStreamWriter@libmedia@UModSys@@@tl@UModSys@@2USUniquePointer@core@3@A@@YAXXZ 100163a1 f    CIL library: CIL module
 0001:000153ab       ??__F?s_id@?$TObjectUniqueID@UIStreamReader@libmedia@UModSys@@@tl@UModSys@@2USUniquePointer@core@3@A@@YAXXZ 100163ab f    CIL library: CIL module
 0001:000153b5       ??__F?s_id@?$TObjectUniqueID@UISystem@base@UModSys@@@tl@UModSys@@2USUniquePointer@core@3@A@@YAXXZ 100163b5 f    CIL library: CIL module
 0001:000153bf       ??__F?s_id@?$TObjectUniqueID@UIConsole@base@UModSys@@@tl@UModSys@@2USUniquePointer@core@3@A@@YAXXZ 100163bf f    CIL library: CIL module
 0001:000153c9       ??__F?s_id@?$TObjectUniqueID@UIShell@base@UModSys@@@tl@UModSys@@2USUniquePointer@core@3@A@@YAXXZ 100163c9 f    CIL library: CIL module
 0001:000153d3       ??__F?s_id@?$TObjectUniqueID@UIGenerator@base@UModSys@@@tl@UModSys@@2USUniquePointer@core@3@A@@YAXXZ 100163d3 f    CIL library: CIL module
 0001:000153dd       ??__F?s_id@?$TObjectUniqueID@UIModObject@base@UModSys@@@tl@UModSys@@2USUniquePointer@core@3@A@@YAXXZ 100163dd f    CIL library: CIL module
 0001:000153e7       ??__F?s_id@?$TObjectUniqueID@UIModuleLibrary@base@UModSys@@@tl@UModSys@@2USUniquePointer@core@3@A@@YAXXZ 100163e7 f    CIL library: CIL module
 0001:000153f1       ??__F?s_id@?$TObjectUniqueID@UIModule@base@UModSys@@@tl@UModSys@@2USUniquePointer@core@3@A@@YAXXZ 100163f1 f    CIL library: CIL module
 0001:000153fb       ??__F?s_id@?$TObjectUniqueID@UIParameters@core@UModSys@@@tl@UModSys@@2USUniquePointer@core@3@A@@YAXXZ 100163fb f    CIL library: CIL module
 0001:00015405       ??__F?s_id@?$TObjectUniqueID@UIRefObject@core@UModSys@@@tl@UModSys@@2USUniquePointer@core@3@A@@YAXXZ 10016405 f    CIL library: CIL module
 0001:0001540f       ??__F?s_id@?$TObjectUniqueID@UIRoot@core@UModSys@@@tl@UModSys@@2USUniquePointer@core@3@A@@YAXXZ 1001640f f    CIL library: CIL module
 0001:00015419       ??__F?s_modreg@RModuleReg@stdlib@lib2d@modules@UModSys@@2U12345@A@@YAXXZ 10016419 f    CIL library: CIL module
 0001:00015424       ??__F?s_modreg_chain@RModuleReg@stdlib@lib2d@modules@UModSys@@2USModuleRegChain@base@5@A@@YAXXZ 10016424 f    CIL library: CIL module
 0001:0001542e       ??__F?s_uid@RGenerator@stdlib@lib2d@modules@UModSys@@2USUniquePointer@core@5@A@@YAXXZ 1001642e f    CIL library: CIL module
 0001:00015438       ??__Fh@?1??s_holder@RGenerator@stdlib@lib2d@modules@UModSys@@SAAAU?$TTypeStaticHolder@URGenerator@stdlib@lib2d@modules@UModSys@@@tl@5@XZ@YAXXZ 10016438 f    CIL library: CIL module
 0001:00015455       ??__F?s_id@?$TObjectUniqueID@URGenerator@stdlib@lib2d@modules@UModSys@@@tl@UModSys@@2USUniquePointer@core@3@A@@YAXXZ 10016455 f    CIL library: CIL module
 0001:0001545f       ??__F?s_id@?$TObjectUniqueID@URMultiImage@stdlib@lib2d@modules@UModSys@@@tl@UModSys@@2USUniquePointer@core@3@A@@YAXXZ 1001645f f    CIL library: CIL module
 0001:00015469       ??__F?s_id@?$TObjectUniqueID@URImageFactory_Memory@stdlib@lib2d@modules@UModSys@@@tl@UModSys@@2USUniquePointer@core@3@A@@YAXXZ 10016469 f    CIL library: CIL module
 0001:00015473       ??__F?s_id@?$TObjectUniqueID@URImage_Memory@stdlib@lib2d@modules@UModSys@@@tl@UModSys@@2USUniquePointer@core@3@A@@YAXXZ 10016473 f    CIL library: CIL module
 0001:0001547d       ??__F?s_modreg@RModuleReg@SDL_core@ui@modules@UModSys@@2U12345@A@@YAXXZ 1001647d f    CIL library: CIL module
 0001:00015488       ??__F?s_modreg_chain@RModuleReg@SDL_core@ui@modules@UModSys@@2USModuleRegChain@base@5@A@@YAXXZ 10016488 f    CIL library: CIL module
 0001:00015492       ??__F?s_uid@RGenerator@SDL_core@ui@modules@UModSys@@2USUniquePointer@core@5@A@@YAXXZ 10016492 f    CIL library: CIL module
 0001:0001549c       ??__Fh@?1??s_holder@RGenerator@SDL_core@ui@modules@UModSys@@SAAAU?$TTypeStaticHolder@URGenerator@SDL_core@ui@modules@UModSys@@@tl@5@XZ@YAXXZ 1001649c f    CIL library: CIL module
 0001:000154b9       ??__F?s_id@?$TObjectUniqueID@URGenerator@SDL_core@ui@modules@UModSys@@@tl@UModSys@@2USUniquePointer@core@3@A@@YAXXZ 100164b9 f    CIL library: CIL module
 0001:000154c3       ??__F?s_id@?$TObjectUniqueID@URTerminal@SDL_core@ui@modules@UModSys@@@tl@UModSys@@2USUniquePointer@core@3@A@@YAXXZ 100164c3 f    CIL library: CIL module
 0001:000154cd       ??__F?s_id@?$TObjectUniqueID@URKeyboardController@SDL_core@ui@modules@UModSys@@@tl@UModSys@@2USUniquePointer@core@3@A@@YAXXZ 100164cd f    CIL library: CIL module
 0001:000154d7       ??__F?s_id@?$TObjectUniqueID@URMouseController@SDL_core@ui@modules@UModSys@@@tl@UModSys@@2USUniquePointer@core@3@A@@YAXXZ 100164d7 f    CIL library: CIL module
 0001:000154e1       ??__F?s_id@?$TObjectUniqueID@URRenderDriver2D@SDL_core@ui@modules@UModSys@@@tl@UModSys@@2USUniquePointer@core@3@A@@YAXXZ 100164e1 f    CIL library: CIL module
 0001:000154eb       ??__F?s_id@?$TObjectUniqueID@URMultiImage2D_SDL_ttf@SDL_core@ui@modules@UModSys@@@tl@UModSys@@2USUniquePointer@core@3@A@@YAXXZ 100164eb f    CIL library: CIL module
 0001:000154f5       ??__F?s_modreg@RModuleReg@frames@ui@modules@UModSys@@2U12345@A@@YAXXZ 100164f5 f    CIL library: CIL module
 0001:00015500       ??__F?s_modreg_chain@RModuleReg@frames@ui@modules@UModSys@@2USModuleRegChain@base@5@A@@YAXXZ 10016500 f    CIL library: CIL module
 0001:0001550a       ??__F?s_uid@RGenerator@frames@ui@modules@UModSys@@2USUniquePointer@core@5@A@@YAXXZ 1001650a f    CIL library: CIL module
 0001:00015514       ??__Fh@?1??s_holder@RGenerator@frames@ui@modules@UModSys@@SAAAU?$TTypeStaticHolder@URGenerator@frames@ui@modules@UModSys@@@tl@5@XZ@YAXXZ 10016514 f    CIL library: CIL module
 0001:00015531       ??__F?s_id@?$TObjectUniqueID@URGenerator@frames@ui@modules@UModSys@@@tl@UModSys@@2USUniquePointer@core@3@A@@YAXXZ 10016531 f    CIL library: CIL module
 0001:0001553b       ??__F?s_id@?$TObjectUniqueID@URCollector@frames@ui@modules@UModSys@@@tl@UModSys@@2USUniquePointer@core@3@A@@YAXXZ 1001653b f    CIL library: CIL module
 0001:00015545       ??__F?s_id@?$TObjectUniqueID@URFrame_List@frames@ui@modules@UModSys@@@tl@UModSys@@2USUniquePointer@core@3@A@@YAXXZ 10016545 f    CIL library: CIL module
 0001:0001554f       ??__F?s_id@?$TObjectUniqueID@URFrame_Edit@frames@ui@modules@UModSys@@@tl@UModSys@@2USUniquePointer@core@3@A@@YAXXZ 1001654f f    CIL library: CIL module
 0001:00015559       ??__F?s_id@?$TObjectUniqueID@URFrame_Button@frames@ui@modules@UModSys@@@tl@UModSys@@2USUniquePointer@core@3@A@@YAXXZ 10016559 f    CIL library: CIL module
 0001:00015563       ??__F?s_id@?$TObjectUniqueID@URFrame_Text@frames@ui@modules@UModSys@@@tl@UModSys@@2USUniquePointer@core@3@A@@YAXXZ 10016563 f    CIL library: CIL module
 0001:0001556d       ??__F?s_id@?$TObjectUniqueID@URFrame_Image@frames@ui@modules@UModSys@@@tl@UModSys@@2USUniquePointer@core@3@A@@YAXXZ 1001656d f    CIL library: CIL module
 0001:00015577       ??__F?s_id@?$TObjectUniqueID@URFrame_Frame@frames@ui@modules@UModSys@@@tl@UModSys@@2USUniquePointer@core@3@A@@YAXXZ 10016577 f    CIL library: CIL module
 0001:00015581       ??__F?s_id@?$TObjectUniqueID@URDialog@frames@ui@modules@UModSys@@@tl@UModSys@@2USUniquePointer@core@3@A@@YAXXZ 10016581 f    CIL library: CIL module
 0001:0001558b       ??__F?s_id@?$TObjectUniqueID@URFrame_Common@frames@ui@modules@UModSys@@@tl@UModSys@@2USUniquePointer@core@3@A@@YAXXZ 1001658b f    CIL library: CIL module
 0001:00015595       ??__F?s_modreg@RModuleReg@images_std@media@modules@UModSys@@2U12345@A@@YAXXZ 10016595 f    CIL library: CIL module
 0001:000155a0       ??__F?s_modreg_chain@RModuleReg@images_std@media@modules@UModSys@@2USModuleRegChain@base@5@A@@YAXXZ 100165a0 f    CIL library: CIL module
 0001:000155aa       ??__F?s_uid@RGenerator@images_std@media@modules@UModSys@@2USUniquePointer@core@5@A@@YAXXZ 100165aa f    CIL library: CIL module
 0001:000155b4       ??__Fh@?1??s_holder@RGenerator@images_std@media@modules@UModSys@@SAAAU?$TTypeStaticHolder@URGenerator@images_std@media@modules@UModSys@@@tl@5@XZ@YAXXZ 100165b4 f    CIL library: CIL module
 0001:000155d1       ??__F?s_id@?$TObjectUniqueID@URGenerator@images_std@media@modules@UModSys@@@tl@UModSys@@2USUniquePointer@core@3@A@@YAXXZ 100165d1 f    CIL library: CIL module
 0001:000155db       ??__F?s_id@?$TObjectUniqueID@URMediaFilter@images_std@media@modules@UModSys@@@tl@UModSys@@2USUniquePointer@core@3@A@@YAXXZ 100165db f    CIL library: CIL module
 0001:000155e5       ??__F?s_modreg@RModuleReg@serialize_json@media@modules@UModSys@@2U12345@A@@YAXXZ 100165e5 f    CIL library: CIL module
 0001:000155f0       ??__F?s_modreg_chain@RModuleReg@serialize_json@media@modules@UModSys@@2USModuleRegChain@base@5@A@@YAXXZ 100165f0 f    CIL library: CIL module
 0001:000155fa       ??__F?s_uid@RGenerator@serialize_json@media@modules@UModSys@@2USUniquePointer@core@5@A@@YAXXZ 100165fa f    CIL library: CIL module
 0001:00015604       ??__Fh@?1??s_holder@RGenerator@serialize_json@media@modules@UModSys@@SAAAU?$TTypeStaticHolder@URGenerator@serialize_json@media@modules@UModSys@@@tl@5@XZ@YAXXZ 10016604 f    CIL library: CIL module
 0001:00015621       ??__F?s_id@?$TObjectUniqueID@URGenerator@serialize_json@media@modules@UModSys@@@tl@UModSys@@2USUniquePointer@core@3@A@@YAXXZ 10016621 f    CIL library: CIL module
 0001:0001562b       ??__F?s_id@?$TObjectUniqueID@URSerializeWriter@serialize_json@media@modules@UModSys@@@tl@UModSys@@2USUniquePointer@core@3@A@@YAXXZ 1001662b f    CIL library: CIL module
 0001:00015635       ??__F?s_id@?$TObjectUniqueID@URSerializeReader@serialize_json@media@modules@UModSys@@@tl@UModSys@@2USUniquePointer@core@3@A@@YAXXZ 10016635 f    CIL library: CIL module
 0001:0001563f       ??__F?s_modreg@RModuleReg@zlib@media@modules@UModSys@@2U12345@A@@YAXXZ 1001663f f    CIL library: CIL module
 0001:0001564a       ??__F?s_modreg_chain@RModuleReg@zlib@media@modules@UModSys@@2USModuleRegChain@base@5@A@@YAXXZ 1001664a f    CIL library: CIL module
 0001:00015654       ??__F?s_uid@RGenerator@zlib@media@modules@UModSys@@2USUniquePointer@core@5@A@@YAXXZ 10016654 f    CIL library: CIL module
 0001:0001565e       ??__Fh@?1??s_holder@RGenerator@zlib@media@modules@UModSys@@SAAAU?$TTypeStaticHolder@URGenerator@zlib@media@modules@UModSys@@@tl@5@XZ@YAXXZ 1001665e f    CIL library: CIL module
 0001:0001567b       ??__F?s_id@?$TObjectUniqueID@URGenerator@zlib@media@modules@UModSys@@@tl@UModSys@@2USUniquePointer@core@3@A@@YAXXZ 1001667b f    CIL library: CIL module
 0001:00015685       ??__F?s_id@?$TObjectUniqueID@URBinArchiveFrameClient_ZIP@zlib@media@modules@UModSys@@@tl@UModSys@@2USUniquePointer@core@3@A@@YAXXZ 10016685 f    CIL library: CIL module
 0001:0001568f       ??__FM@UModSys@@YAXXZ      1001668f f    CIL library: CIL module
 0001:00015690       ??__F?root@SModuleRegChain@base@UModSys@@2U123@A@@YAXXZ 10016690 f    CIL library: CIL module
 0001:0001569a       ??__F?s_library@RModuleLibraryReg_Chain@base@UModSys@@2U123@A@@YAXXZ 1001669a f    CIL library: CIL module
 0001:000156a5       ??__F?root@SUniquePointer@core@UModSys@@2U123@A@@YAXXZ 100166a5 f    CIL library: CIL module

 Exports

  ordinal    name

        1    _UModSys_Plugin_Entry2@0
