 plugin_test1

 Timestamp is 527cf7f0 (Fri Nov 08 17:40:48 2013)

 Preferred load address is 10000000

 Start         Length     Name                   Class
 0001:00000000 00004227H .text                   CODE
 0001:00004227 000001ffH .text$x                 CODE
 0001:00004426 00000771H .text$yc                CODE
 0001:00004b97 00000296H .text$yd                CODE
 0002:00000000 00000188H .idata$5                DATA
 0002:00000188 00000004H .CRT$XCA                DATA
 0002:0000018c 00000364H .CRT$XCU                DATA
 0002:000004f0 00000004H .CRT$XCZ                DATA
 0002:000004f4 00000004H .CRT$XIA                DATA
 0002:000004f8 00000004H .CRT$XIAA               DATA
 0002:000004fc 00000004H .CRT$XIC                DATA
 0002:00000500 00000004H .CRT$XIZ                DATA
 0002:00000508 00001008H .rdata                  DATA
 0002:00001510 00000818H .rdata$r                DATA
 0002:00001d30 0000004cH .rdata$sxdata           DATA
 0002:00001d7c 00000004H .rtc$IAA                DATA
 0002:00001d80 00000004H .rtc$IZZ                DATA
 0002:00001d84 00000004H .rtc$TAA                DATA
 0002:00001d88 00000004H .rtc$TZZ                DATA
 0002:00001d90 0000046cH .xdata$x                DATA
 0002:000021fc 00000064H .idata$2                DATA
 0002:00002260 00000014H .idata$3                DATA
 0002:00002274 00000188H .idata$4                DATA
 0002:000023fc 0000075cH .idata$6                DATA
 0002:00002b60 0000005cH .edata                  DATA
 0003:00000000 000005c0H .data                   DATA
 0003:000005c0 0000090cH .bss                    DATA

  Address         Publics by Value              Rva+Base       Lib:Object

 0000:00000000       __except_list              00000000     <absolute>
 0000:00000013       ___safe_se_handler_count   00000013     <absolute>
 0000:00009876       __fltused                  00009876     <absolute>
 0000:00009876       __ldused                   00009876     <absolute>
 0000:00000000       ___ImageBase               10000000     <linker-defined>
 0001:00000000       ??3@YAXPAX0@Z              10001000 f i plugin_test1.obj
 0001:00000000       ?suicide@RGenerator@images_std@media@modules@UModSys@@UAEXXZ 10001000 f i umodsys_lib_libmedia:umodsys.mod.media.images_std.obj
 0001:00000000       ?suicide@RGenerator@test1@test@modules@UModSys@@UAEXXZ 10001000 f i plugin_test1.obj
 0001:00000000       ?suicide@RGenerator@SDL_core@ui@modules@UModSys@@UAEXXZ 10001000 f i umodsys_lib_libui:umodsys.mod.ui.SDL_core.obj
 0001:00000001       ?new_data@SMemorySharedData@core@UModSys@@SAPAU123@IPBUSSourceContext@23@@Z 10001001 f i plugin_test1.obj
 0001:00000025       ??1SMemShared@core@UModSys@@QAE@XZ 10001025 f i plugin_test1.obj
 0001:00000031       ??6SUniquePtrList@core@UModSys@@QAEAAU012@PBUSUniquePointerInfo@12@@Z 10001031 f i plugin_test1.obj
 0001:00000062       ??3IRoot@core@UModSys@@SAXPAXABUSIMemAlloc@12@@Z 10001062 f i plugin_test1.obj
 0001:0000007b       ?_root_get_other_interface@IRefObject@core@UModSys@@IBEPBUIRoot@23@PBUSUniquePointerInfo@23@@Z 1000107b f i plugin_test1.obj
 0001:0000007b       ?_root_get_other_interface@IRefObject@core@UModSys@@IAEPAUIRoot@23@PBUSUniquePointerInfo@23@@Z 1000107b f i plugin_test1.obj
 0001:0000009c       ?_root_get_interface_types@IRefObject@core@UModSys@@SAIAAUSUniquePtrList@23@@Z 1000109c f i plugin_test1.obj
 0001:000000bc       ?_root_is_interface_supported@IRefObject@core@UModSys@@SA_NPBUSUniquePointerInfo@23@@Z 100010bc f i plugin_test1.obj
 0001:000000d3       ?_root_get_other_interface@IGenerator@base@UModSys@@IBEPBUIRoot@core@3@PBUSUniquePointerInfo@53@@Z 100010d3 f i plugin_test1.obj
 0001:000000d3       ?_root_get_other_interface@IGenerator@base@UModSys@@IAEPAUIRoot@core@3@PBUSUniquePointerInfo@53@@Z 100010d3 f i plugin_test1.obj
 0001:000000ef       ?_root_is_interface_supported@IGenerator@base@UModSys@@SA_NPBUSUniquePointerInfo@core@3@@Z 100010ef f i plugin_test1.obj
 0001:0000010f       ?root_get_interface_info@RTest1_Shell@test1@test@modules@UModSys@@UBEABUSUniquePointerInfo@core@5@XZ 1000110f f i plugin_test1.obj
 0001:00000115       ?root_get_interface_type@RTest1_Shell@test1@test@modules@UModSys@@UBEPBUSUniquePointerInfo@core@5@XZ 10001115 f i plugin_test1.obj
 0001:0000011b       ?root_get_other_interface@RTest1_Shell@test1@test@modules@UModSys@@UAEPAUIRoot@core@5@PBUSUniquePointerInfo@75@@Z 1000111b f i plugin_test1.obj
 0001:0000011b       ?root_get_other_interface@RTest1_Shell@test1@test@modules@UModSys@@UBEPBUIRoot@core@5@PBUSUniquePointerInfo@75@@Z 1000111b f i plugin_test1.obj
 0001:0000013c       ?root_is_interface_supported@RTest1_Shell@test1@test@modules@UModSys@@UBE_NPBUSUniquePointerInfo@core@5@@Z 1000113c f i plugin_test1.obj
 0001:00000163       ?ref_links@RTest1_Shell@test1@test@modules@UModSys@@UBEHXZ 10001163 f i plugin_test1.obj
 0001:00000163       ?ref_links@RMultiImage2D_SDL_ttf@SDL_core@ui@modules@UModSys@@UBEHXZ 10001163 f i umodsys_lib_libui:umodsys.mod.ui.SDL_core.obj
 0001:00000163       ?ref_links@RGenerator@SDL_core@ui@modules@UModSys@@UBEHXZ 10001163 f i umodsys_lib_libui:umodsys.mod.ui.SDL_core.obj
 0001:00000163       ?ref_links@RGenerator@images_std@media@modules@UModSys@@UBEHXZ 10001163 f i umodsys_lib_libmedia:umodsys.mod.media.images_std.obj
 0001:00000163       ?ref_links@RRenderDriver2D_SDL_core@SDL_core@ui@modules@UModSys@@UBEHXZ 10001163 f i umodsys_lib_libui:umodsys.mod.ui.SDL_core.obj
 0001:00000163       ?ref_links@RTerminal_SDL_core@SDL_core@ui@modules@UModSys@@UBEHXZ 10001163 f i umodsys_lib_libui:umodsys.mod.ui.SDL_core.obj
 0001:00000163       ?ref_links@RGenerator@test1@test@modules@UModSys@@UBEHXZ 10001163 f i plugin_test1.obj
 0001:00000167       ?suicide@RTest1_Shell@test1@test@modules@UModSys@@UAEXXZ 10001167 f i plugin_test1.obj
 0001:00000167       ?suicide@RTerminal_SDL_core@SDL_core@ui@modules@UModSys@@UAEXXZ 10001167 f i umodsys_lib_libui:umodsys.mod.ui.SDL_core.obj
 0001:000001ae       ??0RTest1_Shell@test1@test@modules@UModSys@@QAE@PAUIModObject@base@4@@Z 100011ae f i plugin_test1.obj
 0001:00000277       ?connect@RTest1_Shell@test1@test@modules@UModSys@@UAE_NXZ 10001277 f i plugin_test1.obj
 0001:0000028f       ?disconnect@RTest1_Shell@test1@test@modules@UModSys@@UAE_NXZ 1000128f f i plugin_test1.obj
 0001:000002a7       ?process_tick@RTest1_Shell@test1@test@modules@UModSys@@UAE_NABUSTimeMsec@core@5@@Z 100012a7 f i plugin_test1.obj
 0001:000002d2       ?process_command@RTest1_Shell@test1@test@modules@UModSys@@UAE_NHQBU?$TString@U?$TSCoreConst@D@su@tl@UModSys@@U?$TComparerBinaryHash@D@234@@tl@5@@Z 100012d2 f i plugin_test1.obj
 0001:000002f0       ??_GRTest1_Shell@test1@test@modules@UModSys@@UAEPAXI@Z 100012f0 f i plugin_test1.obj
 0001:000002f0       ??_ERTest1_Shell@test1@test@modules@UModSys@@UAEPAXI@Z 100012f0 f i  CIL library: CIL module
 0001:0000036d       ??1IBinObjFilter@libmedia@UModSys@@UAE@XZ 1000136d f i plugin_test1.obj
 0001:0000036d       ??1IShell@base@UModSys@@UAE@XZ 1000136d f i plugin_test1.obj
 0001:0000036d       ??1IMultiImage@lib2d@UModSys@@UAE@XZ 1000136d f i umodsys_lib_libui:umodsys.mod.ui.SDL_core.obj
 0001:0000036d       ??1ITerminal@libui@UModSys@@UAE@XZ 1000136d f i umodsys_lib_libui:umodsys.mod.ui.SDL_core.obj
 0001:0000036d       ??1IRenderDriver@lib2d@UModSys@@UAE@XZ 1000136d f i umodsys_lib_libui:umodsys.mod.ui.SDL_core.obj
 0001:00000374       ??1SParameters@core@UModSys@@QAE@XZ 10001374 f i plugin_test1.obj
 0001:00000374       ??1?$TParametersA@$0EAA@@core@UModSys@@QAE@XZ 10001374 f i plugin_test1.obj
 0001:00000381       ?ui_newterm@RTest1_Shell@test1@test@modules@UModSys@@QAE?AU?$TRefObject@UITerminal@libui@UModSys@@U?$TRefObjectFunc@UITerminal@libui@UModSys@@@tl@3@@tl@5@ABU?$TString@U?$TSCoreConst@D@su@tl@UModSys@@U?$TComparerBinaryHash@D@234@@75@ABUSParameters@core@5@@Z 10001381 f   plugin_test1.obj
 0001:0000045f       ?ui_test1@RTest1_Shell@test1@test@modules@UModSys@@QAEXXZ 1000145f f   plugin_test1.obj
 0001:00000902       ?get_generated_names@RGenerator@test1@test@modules@UModSys@@UBEHAAUSUniquePtrList@core@5@@Z 10001902 f i plugin_test1.obj
 0001:0000091b       ?get_generated_types@RGenerator@test1@test@modules@UModSys@@UBEHAAUSUniquePtrList@core@5@PBUSUniquePointerInfo@75@@Z 1000191b f i plugin_test1.obj
 0001:0000094f       ?generate@RGenerator@test1@test@modules@UModSys@@UAE_NAAU?$TRefObject@UIRefObject@core@UModSys@@U?$TRefObjectFunc@UIRefObject@core@UModSys@@@tl@3@@tl@5@PBUSUniquePointerInfo@core@5@ABUSParameters@95@@Z 1000194f f i plugin_test1.obj
 0001:000009d1       ?root_get_interface_info@RGenerator@test1@test@modules@UModSys@@UBEABUSUniquePointerInfo@core@5@XZ 100019d1 f i plugin_test1.obj
 0001:000009d7       ?root_get_interface_type@RGenerator@test1@test@modules@UModSys@@UBEPBUSUniquePointerInfo@core@5@XZ 100019d7 f i plugin_test1.obj
 0001:000009dd       ?root_get_other_interface@RGenerator@test1@test@modules@UModSys@@UAEPAUIRoot@core@5@PBUSUniquePointerInfo@75@@Z 100019dd f i plugin_test1.obj
 0001:000009dd       ?root_get_other_interface@RGenerator@test1@test@modules@UModSys@@UBEPBUIRoot@core@5@PBUSUniquePointerInfo@75@@Z 100019dd f i plugin_test1.obj
 0001:000009f6       ?root_is_interface_supported@RGenerator@test1@test@modules@UModSys@@UBE_NPBUSUniquePointerInfo@core@5@@Z 100019f6 f i plugin_test1.obj
 0001:00000a15       ?ref_weak@RRenderDriver2D_SDL_core@SDL_core@ui@modules@UModSys@@UBE_NAAUWeakPointer@IRefObject@core@5@@Z 10001a15 f i umodsys_lib_libui:umodsys.mod.ui.SDL_core.obj
 0001:00000a15       ?ref_weak@RGenerator@SDL_core@ui@modules@UModSys@@UBE_NAAUWeakPointer@IRefObject@core@5@@Z 10001a15 f i umodsys_lib_libui:umodsys.mod.ui.SDL_core.obj
 0001:00000a15       ?ref_weak@RGenerator@test1@test@modules@UModSys@@UBE_NAAUWeakPointer@IRefObject@core@5@@Z 10001a15 f i plugin_test1.obj
 0001:00000a15       ?ref_weak@RTest1_Shell@test1@test@modules@UModSys@@UBE_NAAUWeakPointer@IRefObject@core@5@@Z 10001a15 f i plugin_test1.obj
 0001:00000a15       ?ref_weak@RMultiImage2D_SDL_ttf@SDL_core@ui@modules@UModSys@@UBE_NAAUWeakPointer@IRefObject@core@5@@Z 10001a15 f i umodsys_lib_libui:umodsys.mod.ui.SDL_core.obj
 0001:00000a15       ?ref_weak@RTerminal_SDL_core@SDL_core@ui@modules@UModSys@@UBE_NAAUWeakPointer@IRefObject@core@5@@Z 10001a15 f i umodsys_lib_libui:umodsys.mod.ui.SDL_core.obj
 0001:00000a15       ?ref_weak@RGenerator@images_std@media@modules@UModSys@@UBE_NAAUWeakPointer@IRefObject@core@5@@Z 10001a15 f i umodsys_lib_libmedia:umodsys.mod.media.images_std.obj
 0001:00000a34       ?get_uid@RGenerator@test1@test@modules@UModSys@@UBEPBUSUniquePointerInfo@core@5@XZ 10001a34 f i plugin_test1.obj
 0001:00000a3a       ?do_open@RModuleReg@test1@test@modules@UModSys@@UAE_NXZ 10001a3a f i plugin_test1.obj
 0001:00000a98       ?do_close@RModuleReg@test1@test@modules@UModSys@@UAE_NXZ 10001a98 f i plugin_test1.obj
 0001:00000ae7       ??_ERModuleReg@test1@test@modules@UModSys@@UAEPAXI@Z 10001ae7 f i  CIL library: CIL module
 0001:00000ae7       ??_GIModuleReg@base@UModSys@@UAEPAXI@Z 10001ae7 f i umodsys_lib_base:umodsys.base.modulereg.obj
 0001:00000ae7       ??_GRModuleReg@images_std@media@modules@UModSys@@UAEPAXI@Z 10001ae7 f i umodsys_lib_libmedia:umodsys.mod.media.images_std.obj
 0001:00000ae7       ??_ERModuleReg@images_std@media@modules@UModSys@@UAEPAXI@Z 10001ae7 f i  CIL library: CIL module
 0001:00000ae7       ??_GRModuleReg@test1@test@modules@UModSys@@UAEPAXI@Z 10001ae7 f i plugin_test1.obj
 0001:00000ae7       ??_GRModuleReg@SDL_core@ui@modules@UModSys@@UAEPAXI@Z 10001ae7 f i umodsys_lib_libui:umodsys.mod.ui.SDL_core.obj
 0001:00000ae7       ??_EIModuleReg@base@UModSys@@UAEPAXI@Z 10001ae7 f i  CIL library: CIL module
 0001:00000ae7       ??_ERModuleReg@SDL_core@ui@modules@UModSys@@UAEPAXI@Z 10001ae7 f i  CIL library: CIL module
 0001:00000b04       ?get_module@RGenerator@test1@test@modules@UModSys@@UBEPAUIModule@base@5@XZ 10001b04 f   plugin_test1.obj
 0001:00000b0a       ?mod_inc@RGenerator@test1@test@modules@UModSys@@UBE_NXZ 10001b0a f   plugin_test1.obj
 0001:00000b15       ?mod_dec@RGenerator@test1@test@modules@UModSys@@UBE_NXZ 10001b15 f   plugin_test1.obj
 0001:00000b20       ?s_holder@RGenerator@test1@test@modules@UModSys@@SAAAU?$TTypeStaticHolder@URGenerator@test1@test@modules@UModSys@@@tl@5@XZ 10001b20 f   plugin_test1.obj
 0001:00000b52       ??0?$TString@U?$TSCoreConst@D@su@tl@UModSys@@U?$TComparerBinaryHash@D@234@@tl@UModSys@@QAE@PBD@Z 10001b52 f i plugin_test1.obj
 0001:00000b6c       ??4?$TRefObject@UIRefObject@core@UModSys@@U?$TRefObjectFunc@UIRefObject@core@UModSys@@@tl@3@@tl@UModSys@@QAEABU012@PAUIRefObject@core@2@@Z 10001b6c f i plugin_test1.obj
 0001:00000b87       ??0?$TParametersA@$0EAA@@core@UModSys@@QAE@XZ 10001b87 f i plugin_test1.obj
 0001:00000bb6       ?set@?$TString@U?$TSCoreConst@D@su@tl@UModSys@@U?$TComparerBinaryHash@D@234@@tl@UModSys@@QAEXPBD@Z 10001bb6 f i plugin_test1.obj
 0001:00000bdf       ??_GIRoot@core@UModSys@@UAEPAXI@Z 10001bdf f i plugin_test1.obj
 0001:00000bdf       ??_EIRoot@core@UModSys@@UAEPAXI@Z 10001bdf f i  CIL library: CIL module
 0001:00000bdf       ??_GRGenerator@images_std@media@modules@UModSys@@UAEPAXI@Z 10001bdf f i umodsys_lib_libmedia:umodsys.mod.media.images_std.obj
 0001:00000bdf       ??_GRGenerator@test1@test@modules@UModSys@@UAEPAXI@Z 10001bdf f i plugin_test1.obj
 0001:00000bdf       ??_ERGenerator@test1@test@modules@UModSys@@UAEPAXI@Z 10001bdf f i  CIL library: CIL module
 0001:00000bdf       ??_ERGenerator@images_std@media@modules@UModSys@@UAEPAXI@Z 10001bdf f i  CIL library: CIL module
 0001:00000bdf       ??_ERGenerator@SDL_core@ui@modules@UModSys@@UAEPAXI@Z 10001bdf f i  CIL library: CIL module
 0001:00000bdf       ??_GRGenerator@SDL_core@ui@modules@UModSys@@UAEPAXI@Z 10001bdf f i umodsys_lib_libui:umodsys.mod.ui.SDL_core.obj
 0001:00000bfc       ?update@?$TComparerBinaryHash@D@su@tl@UModSys@@QAEXPBDI@Z 10001bfc f i plugin_test1.obj
 0001:00000c28       ??$t_generate@UITerminal@libui@UModSys@@@SModuleContext@base@UModSys@@QAE_NAAU?$TRefObject@UITerminal@libui@UModSys@@U?$TRefObjectFunc@UITerminal@libui@UModSys@@@tl@3@@tl@2@PBUSUniquePointerInfo@core@2@ABUSParameters@62@@Z 10001c28 f i plugin_test1.obj
 0001:00000cc4       ??$t_create_handler@UIRenderDriver@lib2d@UModSys@@@ITerminal@libui@UModSys@@QAE_NAAU?$TRefObject@UIRenderDriver@lib2d@UModSys@@U?$TRefObjectFunc@UIRenderDriver@lib2d@UModSys@@@tl@3@@tl@2@PBDPBUSParameters@core@2@@Z 10001cc4 f i plugin_test1.obj
 0001:00000d48       ??1?$TRefObject@UIModObject@base@UModSys@@U?$TModObjectFunc@UIModObject@base@UModSys@@@tl@3@@tl@UModSys@@QAE@XZ 10001d48 f i plugin_test1.obj
 0001:00000d5e       ?s_init@?$TModObjectFunc@UIModObject@base@UModSys@@@tl@UModSys@@SAXAAPAUIModObject@base@3@PAU453@@Z 10001d5e f i plugin_test1.obj
 0001:00000d77       ?remove@WeakPointer@IRefObject@core@UModSys@@QAEXXZ 10001d77 f i umodsys_lib_libui:umodsys.mod.ui.SDL_core.obj
 0001:00000d9d       ?get@SParameters@core@UModSys@@QBE_NPBDAAH@Z 10001d9d f i umodsys_lib_libui:umodsys.mod.ui.SDL_core.obj
 0001:00000db8       ?root_get_interface_info@RMultiImage2D_SDL_ttf@SDL_core@ui@modules@UModSys@@UBEABUSUniquePointerInfo@core@5@XZ 10001db8 f i umodsys_lib_libui:umodsys.mod.ui.SDL_core.obj
 0001:00000dbe       ?root_get_interface_type@RMultiImage2D_SDL_ttf@SDL_core@ui@modules@UModSys@@UBEPBUSUniquePointerInfo@core@5@XZ 10001dbe f i umodsys_lib_libui:umodsys.mod.ui.SDL_core.obj
 0001:00000dc4       ?root_get_other_interface@RMultiImage2D_SDL_ttf@SDL_core@ui@modules@UModSys@@UAEPAUIRoot@core@5@PBUSUniquePointerInfo@75@@Z 10001dc4 f i umodsys_lib_libui:umodsys.mod.ui.SDL_core.obj
 0001:00000dc4       ?root_get_other_interface@RMultiImage2D_SDL_ttf@SDL_core@ui@modules@UModSys@@UBEPBUIRoot@core@5@PBUSUniquePointerInfo@75@@Z 10001dc4 f i umodsys_lib_libui:umodsys.mod.ui.SDL_core.obj
 0001:00000de5       ?root_is_interface_supported@RMultiImage2D_SDL_ttf@SDL_core@ui@modules@UModSys@@UBE_NPBUSUniquePointerInfo@core@5@@Z 10001de5 f i umodsys_lib_libui:umodsys.mod.ui.SDL_core.obj
 0001:00000e0c       ??0RMultiImage2D_SDL_ttf@SDL_core@ui@modules@UModSys@@QAE@PAURRenderDriver2D_SDL_core@1234@ABUSParameters@core@4@@Z 10001e0c f i umodsys_lib_libui:umodsys.mod.ui.SDL_core.obj
 0001:00000e70       ?open@RMultiImage2D_SDL_ttf@SDL_core@ui@modules@UModSys@@QAE_NABUSParameters@core@5@@Z 10001e70 f i umodsys_lib_libui:umodsys.mod.ui.SDL_core.obj
 0001:00000f0e       ?generate_glyphs@RMultiImage2D_SDL_ttf@SDL_core@ui@modules@UModSys@@QAE_NXZ 10001f0e f i umodsys_lib_libui:umodsys.mod.ui.SDL_core.obj
 0001:0000109f       ?get_cell_size@RMultiImage2D_SDL_ttf@SDL_core@ui@modules@UModSys@@UAE_NHAAU?$TVector2@H@math3d@5@PAU675@@Z 1000209f f i umodsys_lib_libui:umodsys.mod.ui.SDL_core.obj
 0001:0000109f       ?set_var_cell@RMultiImage2D_SDL_ttf@SDL_core@ui@modules@UModSys@@UAE_NPBUSImageCellInfo@lib2d@5@HH@Z 1000209f f i umodsys_lib_libui:umodsys.mod.ui.SDL_core.obj
 0001:000010a4       ?set_hint@RMultiImage2D_SDL_ttf@SDL_core@ui@modules@UModSys@@UAE_NPBD0@Z 100020a4 f i umodsys_lib_libui:umodsys.mod.ui.SDL_core.obj
 0001:000010a4       ?filter_save@RMediaFilter@images_std@media@modules@UModSys@@UAE_NAAUSInfo@IBinObjFilter@libmedia@5@PBUIRefObject@core@5@@Z 100020a4 f i umodsys_lib_libmedia:umodsys.mod.media.images_std.obj
 0001:000010a4       ?set_parameters@RRenderDriver2D_SDL_core@SDL_core@ui@modules@UModSys@@UAE_NPBDABUSParameters@core@5@@Z 100020a4 f i umodsys_lib_libui:umodsys.mod.ui.SDL_core.obj
 0001:000010a4       ?set_fixed_cell@RMultiImage2D_SDL_ttf@SDL_core@ui@modules@UModSys@@UAE_NHH@Z 100020a4 f i umodsys_lib_libui:umodsys.mod.ui.SDL_core.obj
 0001:000010a4       ?filter_load@RMediaFilter@images_std@media@modules@UModSys@@UAE_NABUSInfo@IBinObjFilter@libmedia@5@AAU?$TRefObject@UIRefObject@core@UModSys@@U?$TRefObjectFunc@UIRefObject@core@UModSys@@@tl@3@@tl@5@@Z 100020a4 f i umodsys_lib_libmedia:umodsys.mod.media.images_std.obj
 0001:000010a9       ?set_layer_count@RMultiImage2D_SDL_ttf@SDL_core@ui@modules@UModSys@@UAE_NH@Z 100020a9 f i umodsys_lib_libui:umodsys.mod.ui.SDL_core.obj
 0001:000010a9       ?get_max_cell_size@RMultiImage2D_SDL_ttf@SDL_core@ui@modules@UModSys@@UAE_NAAU?$TVector2@H@math3d@5@@Z 100020a9 f i umodsys_lib_libui:umodsys.mod.ui.SDL_core.obj
 0001:000010ae       ??_GRMultiImage2D_SDL_ttf@SDL_core@ui@modules@UModSys@@UAEPAXI@Z 100020ae f i umodsys_lib_libui:umodsys.mod.ui.SDL_core.obj
 0001:000010ae       ??_ERMultiImage2D_SDL_ttf@SDL_core@ui@modules@UModSys@@UAEPAXI@Z 100020ae f i  CIL library: CIL module
 0001:00001116       ?root_get_interface_info@RRenderDriver2D_SDL_core@SDL_core@ui@modules@UModSys@@UBEABUSUniquePointerInfo@core@5@XZ 10002116 f i umodsys_lib_libui:umodsys.mod.ui.SDL_core.obj
 0001:0000111c       ?root_get_interface_type@RRenderDriver2D_SDL_core@SDL_core@ui@modules@UModSys@@UBEPBUSUniquePointerInfo@core@5@XZ 1000211c f i umodsys_lib_libui:umodsys.mod.ui.SDL_core.obj
 0001:00001122       ?root_get_interface_types@RGenerator@test1@test@modules@UModSys@@UBEIAAUSUniquePtrList@core@5@@Z 10002122 f i plugin_test1.obj
 0001:00001122       ?root_get_interface_types@RGenerator@images_std@media@modules@UModSys@@UBEIAAUSUniquePtrList@core@5@@Z 10002122 f i umodsys_lib_libmedia:umodsys.mod.media.images_std.obj
 0001:00001122       ?root_get_interface_types@RMultiImage2D_SDL_ttf@SDL_core@ui@modules@UModSys@@UBEIAAUSUniquePtrList@core@5@@Z 10002122 f i umodsys_lib_libui:umodsys.mod.ui.SDL_core.obj
 0001:00001122       ?root_get_interface_types@RMediaFilter@images_std@media@modules@UModSys@@UBEIAAUSUniquePtrList@core@5@@Z 10002122 f i umodsys_lib_libmedia:umodsys.mod.media.images_std.obj
 0001:00001122       ?root_get_interface_types@RRenderDriver2D_SDL_core@SDL_core@ui@modules@UModSys@@UBEIAAUSUniquePtrList@core@5@@Z 10002122 f i umodsys_lib_libui:umodsys.mod.ui.SDL_core.obj
 0001:00001122       ?root_get_interface_types@RGenerator@SDL_core@ui@modules@UModSys@@UBEIAAUSUniquePtrList@core@5@@Z 10002122 f i umodsys_lib_libui:umodsys.mod.ui.SDL_core.obj
 0001:00001122       ?root_get_interface_types@RTest1_Shell@test1@test@modules@UModSys@@UBEIAAUSUniquePtrList@core@5@@Z 10002122 f i plugin_test1.obj
 0001:00001122       ?root_get_interface_types@RTerminal_SDL_core@SDL_core@ui@modules@UModSys@@UBEIAAUSUniquePtrList@core@5@@Z 10002122 f i umodsys_lib_libui:umodsys.mod.ui.SDL_core.obj
 0001:00001127       ?root_get_other_interface@RRenderDriver2D_SDL_core@SDL_core@ui@modules@UModSys@@UBEPBUIRoot@core@5@PBUSUniquePointerInfo@75@@Z 10002127 f i umodsys_lib_libui:umodsys.mod.ui.SDL_core.obj
 0001:00001127       ?root_get_other_interface@RRenderDriver2D_SDL_core@SDL_core@ui@modules@UModSys@@UAEPAUIRoot@core@5@PBUSUniquePointerInfo@75@@Z 10002127 f i umodsys_lib_libui:umodsys.mod.ui.SDL_core.obj
 0001:00001148       ?root_is_interface_supported@RRenderDriver2D_SDL_core@SDL_core@ui@modules@UModSys@@UBE_NPBUSUniquePointerInfo@core@5@@Z 10002148 f i umodsys_lib_libui:umodsys.mod.ui.SDL_core.obj
 0001:0000116f       ?suicide@RMultiImage2D_SDL_ttf@SDL_core@ui@modules@UModSys@@UAEXXZ 1000216f f i umodsys_lib_libui:umodsys.mod.ui.SDL_core.obj
 0001:0000116f       ?suicide@RRenderDriver2D_SDL_core@SDL_core@ui@modules@UModSys@@UAEXXZ 1000216f f i umodsys_lib_libui:umodsys.mod.ui.SDL_core.obj
 0001:000011af       ??0RRenderDriver2D_SDL_core@SDL_core@ui@modules@UModSys@@QAE@PAURTerminal_SDL_core@1234@ABUSParameters@core@4@@Z 100021af f i umodsys_lib_libui:umodsys.mod.ui.SDL_core.obj
 0001:0000122e       ?close@RRenderDriver2D_SDL_core@SDL_core@ui@modules@UModSys@@QAEXXZ 1000222e f i umodsys_lib_libui:umodsys.mod.ui.SDL_core.obj
 0001:00001253       ?open@RRenderDriver2D_SDL_core@SDL_core@ui@modules@UModSys@@QAE_NABUSParameters@core@5@@Z 10002253 f i umodsys_lib_libui:umodsys.mod.ui.SDL_core.obj
 0001:00001335       ?set_color@RRenderDriver2D_SDL_core@SDL_core@ui@modules@UModSys@@QAEXXZ 10002335 f i umodsys_lib_libui:umodsys.mod.ui.SDL_core.obj
 0001:00001398       ?get_layer@RMultiImage2D_SDL_ttf@SDL_core@ui@modules@UModSys@@UAEPAUIImage@lib2d@5@H@Z 10002398 f i umodsys_lib_libui:umodsys.mod.ui.SDL_core.obj
 0001:00001398       ?get_controller@RRenderDriver2D_SDL_core@SDL_core@ui@modules@UModSys@@UBEPAUIRefObject@core@5@PBUSUniquePointerInfo@75@@Z 10002398 f i umodsys_lib_libui:umodsys.mod.ui.SDL_core.obj
 0001:0000139d       ?begin@RRenderDriver2D_SDL_core@SDL_core@ui@modules@UModSys@@UAEXXZ 1000239d f i umodsys_lib_libui:umodsys.mod.ui.SDL_core.obj
 0001:000013fa       ?end@RRenderDriver2D_SDL_core@SDL_core@ui@modules@UModSys@@UAEXXZ 100023fa f i umodsys_lib_libui:umodsys.mod.ui.SDL_core.obj
 0001:00001409       ?get_frame_values@RRenderDriver2D_SDL_core@SDL_core@ui@modules@UModSys@@UBEPBUSParameters@core@5@XZ 10002409 f i umodsys_lib_libui:umodsys.mod.ui.SDL_core.obj
 0001:00001409       ?get_max_values@RRenderDriver2D_SDL_core@SDL_core@ui@modules@UModSys@@UBEPBUSParameters@core@5@XZ 10002409 f i umodsys_lib_libui:umodsys.mod.ui.SDL_core.obj
 0001:0000140c       ?setup_font@RRenderDriver2D_SDL_core@SDL_core@ui@modules@UModSys@@UAE_NPAUIMultiImage@lib2d@5@PBU?$TVector2@M@math3d@5@@Z 1000240c f i umodsys_lib_libui:umodsys.mod.ui.SDL_core.obj
 0001:00001467       ?setup_color@RRenderDriver2D_SDL_core@SDL_core@ui@modules@UModSys@@UAEXABU?$TVector3@M@math3d@5@@Z 10002467 f i umodsys_lib_libui:umodsys.mod.ui.SDL_core.obj
 0001:0000148e       ?setup_color@RRenderDriver2D_SDL_core@SDL_core@ui@modules@UModSys@@UAEXABU?$TVector3@H@math3d@5@@Z 1000248e f i umodsys_lib_libui:umodsys.mod.ui.SDL_core.obj
 0001:000014d1       ?setup_coloralpha@RRenderDriver2D_SDL_core@SDL_core@ui@modules@UModSys@@UAEXABU?$TVector4@M@math3d@5@H@Z 100024d1 f i umodsys_lib_libui:umodsys.mod.ui.SDL_core.obj
 0001:000014f7       ?setup_coloralpha@RRenderDriver2D_SDL_core@SDL_core@ui@modules@UModSys@@UAEXABU?$TVector4@H@math3d@5@H@Z 100024f7 f i umodsys_lib_libui:umodsys.mod.ui.SDL_core.obj
 0001:0000154f       ?setup_blendcolor@RRenderDriver2D_SDL_core@SDL_core@ui@modules@UModSys@@UAEXABUSBlendColor@lib2d@5@@Z 1000254f f i umodsys_lib_libui:umodsys.mod.ui.SDL_core.obj
 0001:000015a7       ?setup_blendcolor@RRenderDriver2D_SDL_core@SDL_core@ui@modules@UModSys@@UAEXABUSBlendColorf@lib2d@5@@Z 100025a7 f i umodsys_lib_libui:umodsys.mod.ui.SDL_core.obj
 0001:000015e9       ?setup_alpha@RRenderDriver2D_SDL_core@SDL_core@ui@modules@UModSys@@UAEXHH@Z 100025e9 f i umodsys_lib_libui:umodsys.mod.ui.SDL_core.obj
 0001:0000160f       ?setup_alpha@RRenderDriver2D_SDL_core@SDL_core@ui@modules@UModSys@@UAEXMH@Z 1000260f f i umodsys_lib_libui:umodsys.mod.ui.SDL_core.obj
 0001:0000162f       ?render_text_advanced@RRenderDriver2D_SDL_core@SDL_core@ui@modules@UModSys@@UAE_NAAUTextInfo@IRenderDriver@lib2d@5@PBHH@Z 1000262f f i umodsys_lib_libui:umodsys.mod.ui.SDL_core.obj
 0001:00001784       ?render_box@RRenderDriver2D_SDL_core@SDL_core@ui@modules@UModSys@@UAEXABU?$TVector2@H@math3d@5@0@Z 10002784 f i umodsys_lib_libui:umodsys.mod.ui.SDL_core.obj
 0001:000017d1       ?render_tri@RRenderDriver2D_SDL_core@SDL_core@ui@modules@UModSys@@UAEXABU?$TVector2@H@math3d@5@00@Z 100027d1 f i umodsys_lib_libui:umodsys.mod.ui.SDL_core.obj
 0001:00001825       ?render_quad@RRenderDriver2D_SDL_core@SDL_core@ui@modules@UModSys@@UAEXABU?$TVector2@H@math3d@5@000@Z 10002825 f i umodsys_lib_libui:umodsys.mod.ui.SDL_core.obj
 0001:00001887       ?render_box@RRenderDriver2D_SDL_core@SDL_core@ui@modules@UModSys@@UAEXPAUIImage@lib2d@5@ABU?$TVector2@H@math3d@5@1ABU?$TVector2@M@95@2@Z 10002887 f i umodsys_lib_libui:umodsys.mod.ui.SDL_core.obj
 0001:0000188a       ?render_line@RRenderDriver2D_SDL_core@SDL_core@ui@modules@UModSys@@UAEXABU?$TVector2@H@math3d@5@0@Z 1000288a f i umodsys_lib_libui:umodsys.mod.ui.SDL_core.obj
 0001:000018af       ?render_rect@RRenderDriver2D_SDL_core@SDL_core@ui@modules@UModSys@@UAEXABU?$TVector2@H@math3d@5@0@Z 100028af f i umodsys_lib_libui:umodsys.mod.ui.SDL_core.obj
 0001:000018fc       ??_ERRenderDriver2D_SDL_core@SDL_core@ui@modules@UModSys@@UAEPAXI@Z 100028fc f i  CIL library: CIL module
 0001:000018fc       ??_GRRenderDriver2D_SDL_core@SDL_core@ui@modules@UModSys@@UAEPAXI@Z 100028fc f i umodsys_lib_libui:umodsys.mod.ui.SDL_core.obj
 0001:00001950       ?root_get_interface_info@RTerminal_SDL_core@SDL_core@ui@modules@UModSys@@UBEABUSUniquePointerInfo@core@5@XZ 10002950 f i umodsys_lib_libui:umodsys.mod.ui.SDL_core.obj
 0001:00001956       ?root_get_interface_type@RTerminal_SDL_core@SDL_core@ui@modules@UModSys@@UBEPBUSUniquePointerInfo@core@5@XZ 10002956 f i umodsys_lib_libui:umodsys.mod.ui.SDL_core.obj
 0001:0000195c       ?root_get_other_interface@RTerminal_SDL_core@SDL_core@ui@modules@UModSys@@UAEPAUIRoot@core@5@PBUSUniquePointerInfo@75@@Z 1000295c f i umodsys_lib_libui:umodsys.mod.ui.SDL_core.obj
 0001:0000195c       ?root_get_other_interface@RTerminal_SDL_core@SDL_core@ui@modules@UModSys@@UBEPBUIRoot@core@5@PBUSUniquePointerInfo@75@@Z 1000295c f i umodsys_lib_libui:umodsys.mod.ui.SDL_core.obj
 0001:0000197d       ?root_is_interface_supported@RTerminal_SDL_core@SDL_core@ui@modules@UModSys@@UBE_NPBUSUniquePointerInfo@core@5@@Z 1000297d f i umodsys_lib_libui:umodsys.mod.ui.SDL_core.obj
 0001:000019a4       ?ref_remove@RTerminal_SDL_core@SDL_core@ui@modules@UModSys@@UBEXXZ 100029a4 f i umodsys_lib_libui:umodsys.mod.ui.SDL_core.obj
 0001:000019a4       ?ref_remove@RGenerator@test1@test@modules@UModSys@@UBEXXZ 100029a4 f i plugin_test1.obj
 0001:000019a4       ?ref_remove@RMultiImage2D_SDL_ttf@SDL_core@ui@modules@UModSys@@UBEXXZ 100029a4 f i umodsys_lib_libui:umodsys.mod.ui.SDL_core.obj
 0001:000019a4       ?ref_remove@RGenerator@images_std@media@modules@UModSys@@UBEXXZ 100029a4 f i umodsys_lib_libmedia:umodsys.mod.media.images_std.obj
 0001:000019a4       ?ref_remove@RTest1_Shell@test1@test@modules@UModSys@@UBEXXZ 100029a4 f i plugin_test1.obj
 0001:000019a4       ?ref_remove@RRenderDriver2D_SDL_core@SDL_core@ui@modules@UModSys@@UBEXXZ 100029a4 f i umodsys_lib_libui:umodsys.mod.ui.SDL_core.obj
 0001:000019a4       ?ref_remove@RGenerator@SDL_core@ui@modules@UModSys@@UBEXXZ 100029a4 f i umodsys_lib_libui:umodsys.mod.ui.SDL_core.obj
 0001:000019af       ??0RTerminal_SDL_core@SDL_core@ui@modules@UModSys@@QAE@PAUIModObject@base@4@ABUSParameters@core@4@@Z 100029af f i umodsys_lib_libui:umodsys.mod.ui.SDL_core.obj
 0001:00001a10       ?poll_events@RTerminal_SDL_core@SDL_core@ui@modules@UModSys@@UAE_NH@Z 10002a10 f i umodsys_lib_libui:umodsys.mod.ui.SDL_core.obj
 0001:00001a93       ?get_terminal_state@RTerminal_SDL_core@SDL_core@ui@modules@UModSys@@UAE_NW4eTerminalState@libui@5@@Z 10002a93 f i umodsys_lib_libui:umodsys.mod.ui.SDL_core.obj
 0001:00001aaa       ?set_terminal_state@RTerminal_SDL_core@SDL_core@ui@modules@UModSys@@UAE_NW4eTerminalState@libui@5@_N@Z 10002aaa f i umodsys_lib_libui:umodsys.mod.ui.SDL_core.obj
 0001:00001aeb       ?get_clock@RTerminal_SDL_core@SDL_core@ui@modules@UModSys@@UAENXZ 10002aeb f i umodsys_lib_libui:umodsys.mod.ui.SDL_core.obj
 0001:00001b03       ?wait@RTerminal_SDL_core@SDL_core@ui@modules@UModSys@@UAE_NM@Z 10002b03 f i umodsys_lib_libui:umodsys.mod.ui.SDL_core.obj
 0001:00001b1e       ?get_count@RTerminal_SDL_core@SDL_core@ui@modules@UModSys@@UBEIPBUSUniquePointerInfo@core@5@@Z 10002b1e f i umodsys_lib_libui:umodsys.mod.ui.SDL_core.obj
 0001:00001b39       ?get_handler@RTerminal_SDL_core@SDL_core@ui@modules@UModSys@@UBEPAUIRefObject@core@5@PBUSUniquePointerInfo@75@I@Z 10002b39 f i umodsys_lib_libui:umodsys.mod.ui.SDL_core.obj
 0001:00001b59       ?get_friend_handler@RTerminal_SDL_core@SDL_core@ui@modules@UModSys@@UBEPAUIRefObject@core@5@PBUSUniquePointerInfo@75@PAU675@@Z 10002b59 f i umodsys_lib_libui:umodsys.mod.ui.SDL_core.obj
 0001:00001b59       ?get_handler@RTerminal_SDL_core@SDL_core@ui@modules@UModSys@@UBEPAUIRefObject@core@5@PBUSUniquePointerInfo@75@PBD@Z 10002b59 f i umodsys_lib_libui:umodsys.mod.ui.SDL_core.obj
 0001:00001b5e       ?create_handler@RTerminal_SDL_core@SDL_core@ui@modules@UModSys@@UAE_NPBUSUniquePointerInfo@core@5@AAU?$TRefObject@UIRefObject@core@UModSys@@U?$TRefObjectFunc@UIRefObject@core@UModSys@@@tl@3@@tl@5@PBDPBUSParameters@75@@Z 10002b5e f i umodsys_lib_libui:umodsys.mod.ui.SDL_core.obj
 0001:00001c27       ??_ERTerminal_SDL_core@SDL_core@ui@modules@UModSys@@UAEPAXI@Z 10002c27 f i  CIL library: CIL module
 0001:00001c27       ??_GRTerminal_SDL_core@SDL_core@ui@modules@UModSys@@UAEPAXI@Z 10002c27 f i umodsys_lib_libui:umodsys.mod.ui.SDL_core.obj
 0001:00001c87       ?get_terminal@RRenderDriver2D_SDL_core@SDL_core@ui@modules@UModSys@@UBEPAUITerminal@libui@5@XZ 10002c87 f   umodsys_lib_libui:umodsys.mod.ui.SDL_core.obj
 0001:00001c8b       ?new_font@RRenderDriver2D_SDL_core@SDL_core@ui@modules@UModSys@@UAE?AU?$TRefObject@UIMultiImage@lib2d@UModSys@@U?$TRefObjectFunc@UIMultiImage@lib2d@UModSys@@@tl@3@@tl@5@ABUSParameters@core@5@ABU?$TString@U?$TSCoreConst@D@su@tl@UModSys@@U?$TComparerBinaryHash@D@234@@75@@Z 10002c8b f   umodsys_lib_libui:umodsys.mod.ui.SDL_core.obj
 0001:00001d61       ?new_picture@RRenderDriver2D_SDL_core@SDL_core@ui@modules@UModSys@@UAE?AU?$TRefObject@UIImage@lib2d@UModSys@@U?$TRefObjectFunc@UIImage@lib2d@UModSys@@@tl@3@@tl@5@ABUSParameters@core@5@ABU?$TString@U?$TSCoreConst@D@su@tl@UModSys@@U?$TComparerBinaryHash@D@234@@75@@Z 10002d61 f   umodsys_lib_libui:umodsys.mod.ui.SDL_core.obj
 0001:00001d73       ?get_generated_names@RGenerator@SDL_core@ui@modules@UModSys@@UBEHAAUSUniquePtrList@core@5@@Z 10002d73 f i umodsys_lib_libui:umodsys.mod.ui.SDL_core.obj
 0001:00001d8c       ?get_generated_types@RGenerator@SDL_core@ui@modules@UModSys@@UBEHAAUSUniquePtrList@core@5@PBUSUniquePointerInfo@75@@Z 10002d8c f i umodsys_lib_libui:umodsys.mod.ui.SDL_core.obj
 0001:00001dbe       ?generate@RGenerator@SDL_core@ui@modules@UModSys@@UAE_NAAU?$TRefObject@UIRefObject@core@UModSys@@U?$TRefObjectFunc@UIRefObject@core@UModSys@@@tl@3@@tl@5@PBUSUniquePointerInfo@core@5@ABUSParameters@95@@Z 10002dbe f i umodsys_lib_libui:umodsys.mod.ui.SDL_core.obj
 0001:00001ddf       ?root_get_interface_info@RGenerator@SDL_core@ui@modules@UModSys@@UBEABUSUniquePointerInfo@core@5@XZ 10002ddf f i umodsys_lib_libui:umodsys.mod.ui.SDL_core.obj
 0001:00001de5       ?root_get_interface_type@RGenerator@SDL_core@ui@modules@UModSys@@UBEPBUSUniquePointerInfo@core@5@XZ 10002de5 f i umodsys_lib_libui:umodsys.mod.ui.SDL_core.obj
 0001:00001deb       ?root_get_other_interface@RGenerator@SDL_core@ui@modules@UModSys@@UAEPAUIRoot@core@5@PBUSUniquePointerInfo@75@@Z 10002deb f i umodsys_lib_libui:umodsys.mod.ui.SDL_core.obj
 0001:00001deb       ?root_get_other_interface@RGenerator@SDL_core@ui@modules@UModSys@@UBEPBUIRoot@core@5@PBUSUniquePointerInfo@75@@Z 10002deb f i umodsys_lib_libui:umodsys.mod.ui.SDL_core.obj
 0001:00001e04       ?root_is_interface_supported@RGenerator@SDL_core@ui@modules@UModSys@@UBE_NPBUSUniquePointerInfo@core@5@@Z 10002e04 f i umodsys_lib_libui:umodsys.mod.ui.SDL_core.obj
 0001:00001e23       ?get_uid@RGenerator@SDL_core@ui@modules@UModSys@@UBEPBUSUniquePointerInfo@core@5@XZ 10002e23 f i umodsys_lib_libui:umodsys.mod.ui.SDL_core.obj
 0001:00001e29       ?do_open@RModuleReg@SDL_core@ui@modules@UModSys@@UAE_NXZ 10002e29 f i umodsys_lib_libui:umodsys.mod.ui.SDL_core.obj
 0001:00001e77       ?do_close@RModuleReg@SDL_core@ui@modules@UModSys@@UAE_NXZ 10002e77 f i umodsys_lib_libui:umodsys.mod.ui.SDL_core.obj
 0001:00001eb2       ?get_module@RGenerator@SDL_core@ui@modules@UModSys@@UBEPAUIModule@base@5@XZ 10002eb2 f   umodsys_lib_libui:umodsys.mod.ui.SDL_core.obj
 0001:00001eb8       ?mod_inc@RGenerator@SDL_core@ui@modules@UModSys@@UBE_NXZ 10002eb8 f   umodsys_lib_libui:umodsys.mod.ui.SDL_core.obj
 0001:00001ec3       ?mod_dec@RGenerator@SDL_core@ui@modules@UModSys@@UBE_NXZ 10002ec3 f   umodsys_lib_libui:umodsys.mod.ui.SDL_core.obj
 0001:00001ece       ?s_holder@RGenerator@SDL_core@ui@modules@UModSys@@SAAAU?$TTypeStaticHolder@URGenerator@SDL_core@ui@modules@UModSys@@@tl@5@XZ 10002ece f   umodsys_lib_libui:umodsys.mod.ui.SDL_core.obj
 0001:00001f00       ??1?$TScatterArray@UGlyph@RMultiImage2D_SDL_ttf@SDL_core@ui@modules@UModSys@@HU?$TScalarCompare@H@core@6@U?$TNodeDeleter0@U?$TScatterArrayNode@UGlyph@RMultiImage2D_SDL_ttf@SDL_core@ui@modules@UModSys@@H@tl@UModSys@@@tl@6@@tl@UModSys@@QAE@XZ 10002f00 f i umodsys_lib_libui:umodsys.mod.ui.SDL_core.obj
 0001:00001f16       ??$t_close@U?$TRefObject@URRenderDriver2D_SDL_core@SDL_core@ui@modules@UModSys@@U?$TRefObjectWeakFunc@URRenderDriver2D_SDL_core@SDL_core@ui@modules@UModSys@@@tl@5@@tl@UModSys@@@SDL_core@ui@modules@UModSys@@YA_NAAU?$TScatterArray@U?$TRefObject@URRenderDriver2D_SDL_core@SDL_core@ui@modules@UModSys@@U?$TRefObjectWeakFunc@URRenderDriver2D_SDL_core@SDL_core@ui@modules@UModSys@@@tl@5@@tl@UModSys@@HU?$TScalarCompare@H@core@3@U?$TNodeDeleter0@U?$TScatterArrayNode@U?$TRefObject@URRenderDriver2D_SDL_core@SDL_core@ui@modules@UModSys@@U?$TRefObjectWeakFunc@URRenderDriver2D_SDL_core@SDL_core@ui@modules@UModSys@@@tl@5@@tl@UModSys@@H@tl@UModSys@@@23@@tl@3@@Z 10002f16 f i umodsys_lib_libui:umodsys.mod.ui.SDL_core.obj
 0001:00001f6f       ??$t_count@U?$TRefObject@URRenderDriver2D_SDL_core@SDL_core@ui@modules@UModSys@@U?$TRefObjectWeakFunc@URRenderDriver2D_SDL_core@SDL_core@ui@modules@UModSys@@@tl@5@@tl@UModSys@@@SDL_core@ui@modules@UModSys@@YAIABU?$TScatterArray@U?$TRefObject@URRenderDriver2D_SDL_core@SDL_core@ui@modules@UModSys@@U?$TRefObjectWeakFunc@URRenderDriver2D_SDL_core@SDL_core@ui@modules@UModSys@@@tl@5@@tl@UModSys@@HU?$TScalarCompare@H@core@3@U?$TNodeDeleter0@U?$TScatterArrayNode@U?$TRefObject@URRenderDriver2D_SDL_core@SDL_core@ui@modules@UModSys@@U?$TRefObjectWeakFunc@URRenderDriver2D_SDL_core@SDL_core@ui@modules@UModSys@@@tl@5@@tl@UModSys@@H@tl@UModSys@@@23@@tl@3@@Z 10002f6f f i umodsys_lib_libui:umodsys.mod.ui.SDL_core.obj
 0001:00001fba       ??$t_get@U?$TRefObject@URRenderDriver2D_SDL_core@SDL_core@ui@modules@UModSys@@U?$TRefObjectWeakFunc@URRenderDriver2D_SDL_core@SDL_core@ui@modules@UModSys@@@tl@5@@tl@UModSys@@@SDL_core@ui@modules@UModSys@@YAPAUIRefObject@core@3@ABU?$TScatterArray@U?$TRefObject@URRenderDriver2D_SDL_core@SDL_core@ui@modules@UModSys@@U?$TRefObjectWeakFunc@URRenderDriver2D_SDL_core@SDL_core@ui@modules@UModSys@@@tl@5@@tl@UModSys@@HU?$TScalarCompare@H@core@3@U?$TNodeDeleter0@U?$TScatterArrayNode@U?$TRefObject@URRenderDriver2D_SDL_core@SDL_core@ui@modules@UModSys@@U?$TRefObjectWeakFunc@URRenderDriver2D_SDL_core@SDL_core@ui@modules@UModSys@@@tl@5@@tl@UModSys@@H@tl@UModSys@@@23@@tl@3@I@Z 10002fba f i umodsys_lib_libui:umodsys.mod.ui.SDL_core.obj
 0001:00002019       ??$ValidateConstruction@UIRefObject@core@UModSys@@URRenderDriver2D_SDL_core@SDL_core@ui@modules@3@@core@UModSys@@YA_NAAU?$TRefObject@UIRefObject@core@UModSys@@U?$TRefObjectFunc@UIRefObject@core@UModSys@@@tl@3@@tl@1@U?$TRefObject@URRenderDriver2D_SDL_core@SDL_core@ui@modules@UModSys@@U?$TRefObjectFunc@URRenderDriver2D_SDL_core@SDL_core@ui@modules@UModSys@@@tl@5@@31@@Z 10003019 f i umodsys_lib_libui:umodsys.mod.ui.SDL_core.obj
 0001:00002070       ??$t_add@U?$TRefObject@URRenderDriver2D_SDL_core@SDL_core@ui@modules@UModSys@@U?$TRefObjectWeakFunc@URRenderDriver2D_SDL_core@SDL_core@ui@modules@UModSys@@@tl@5@@tl@UModSys@@URRenderDriver2D_SDL_core@SDL_core@ui@modules@3@@SDL_core@ui@modules@UModSys@@YA_NAAU?$TScatterArray@U?$TRefObject@URRenderDriver2D_SDL_core@SDL_core@ui@modules@UModSys@@U?$TRefObjectWeakFunc@URRenderDriver2D_SDL_core@SDL_core@ui@modules@UModSys@@@tl@5@@tl@UModSys@@HU?$TScalarCompare@H@core@3@U?$TNodeDeleter0@U?$TScatterArrayNode@U?$TRefObject@URRenderDriver2D_SDL_core@SDL_core@ui@modules@UModSys@@U?$TRefObjectWeakFunc@URRenderDriver2D_SDL_core@SDL_core@ui@modules@UModSys@@@tl@5@@tl@UModSys@@H@tl@UModSys@@@23@@tl@3@PAURRenderDriver2D_SDL_core@0123@@Z 10003070 f i umodsys_lib_libui:umodsys.mod.ui.SDL_core.obj
 0001:000020cf       ??$t_gen_param@URTerminal_SDL_core@SDL_core@ui@modules@UModSys@@URGenerator@2345@@IGenerator@base@UModSys@@IAE_NPAURGenerator@SDL_core@ui@modules@2@AAU?$TRefObject@UIRefObject@core@UModSys@@U?$TRefObjectFunc@UIRefObject@core@UModSys@@@tl@3@@tl@2@PBUSUniquePointerInfo@core@2@ABUSParameters@core@2@@Z 100030cf f i umodsys_lib_libui:umodsys.mod.ui.SDL_core.obj
 0001:00002161       ??1?$TRefObject@URMultiImage2D_SDL_ttf@SDL_core@ui@modules@UModSys@@U?$TRefObjectFunc@URMultiImage2D_SDL_ttf@SDL_core@ui@modules@UModSys@@@tl@5@@tl@UModSys@@QAE@XZ 10003161 f i umodsys_lib_libui:umodsys.mod.ui.SDL_core.obj
 0001:00002161       ??1?$TRefObject@URMediaFilter@images_std@media@modules@UModSys@@U?$TRefObjectFunc@URMediaFilter@images_std@media@modules@UModSys@@@tl@5@@tl@UModSys@@QAE@XZ 10003161 f i umodsys_lib_libmedia:umodsys.mod.media.images_std.obj
 0001:00002161       ??1?$TRefObject@UIMultiImage@lib2d@UModSys@@U?$TRefObjectFunc@UIMultiImage@lib2d@UModSys@@@tl@3@@tl@UModSys@@QAE@XZ 10003161 f i plugin_test1.obj
 0001:00002161       ??1?$TRefObject@URRenderDriver2D_SDL_core@SDL_core@ui@modules@UModSys@@U?$TRefObjectFunc@URRenderDriver2D_SDL_core@SDL_core@ui@modules@UModSys@@@tl@5@@tl@UModSys@@QAE@XZ 10003161 f i umodsys_lib_libui:umodsys.mod.ui.SDL_core.obj
 0001:00002161       ??1?$TRefObject@UIRefObject@core@UModSys@@U?$TRefObjectFunc@UIRefObject@core@UModSys@@@tl@3@@tl@UModSys@@QAE@XZ 10003161 f i plugin_test1.obj
 0001:00002161       ??1?$TRefObject@URTerminal_SDL_core@SDL_core@ui@modules@UModSys@@U?$TRefObjectFunc@URTerminal_SDL_core@SDL_core@ui@modules@UModSys@@@tl@5@@tl@UModSys@@QAE@XZ 10003161 f i umodsys_lib_libui:umodsys.mod.ui.SDL_core.obj
 0001:00002161       ??1?$TRefObject@UIRenderDriver@lib2d@UModSys@@U?$TRefObjectFunc@UIRenderDriver@lib2d@UModSys@@@tl@3@@tl@UModSys@@QAE@XZ 10003161 f i plugin_test1.obj
 0001:00002161       ??1?$TRefObject@UITerminal@libui@UModSys@@U?$TRefObjectFunc@UITerminal@libui@UModSys@@@tl@3@@tl@UModSys@@QAE@XZ 10003161 f i plugin_test1.obj
 0001:00002170       ??E?$TTreeIterRB@$$CBU?$TScatterArrayNode@U?$TRefObject@URRenderDriver2D_SDL_core@SDL_core@ui@modules@UModSys@@U?$TRefObjectWeakFunc@URRenderDriver2D_SDL_core@SDL_core@ui@modules@UModSys@@@tl@5@@tl@UModSys@@H@tl@UModSys@@$$CBU?$TPair@HU?$TRefObject@URRenderDriver2D_SDL_core@SDL_core@ui@modules@UModSys@@U?$TRefObjectWeakFunc@URRenderDriver2D_SDL_core@SDL_core@ui@modules@UModSys@@@tl@5@@tl@UModSys@@@23@@tl@UModSys@@QAE?AU012@XZ 10003170 f i umodsys_lib_libui:umodsys.mod.ui.SDL_core.obj
 0001:0000219a       ??$process_nodes_r@U?$TNodeDeleter0@U?$TScatterArrayNode@UGlyph@RMultiImage2D_SDL_ttf@SDL_core@ui@modules@UModSys@@H@tl@UModSys@@@tl@UModSys@@@?$TTreeHoldRB@U?$TScatterArrayNode@UGlyph@RMultiImage2D_SDL_ttf@SDL_core@ui@modules@UModSys@@H@tl@UModSys@@@tl@UModSys@@KAHPAU?$TScatterArrayNode@UGlyph@RMultiImage2D_SDL_ttf@SDL_core@ui@modules@UModSys@@H@12@ABU?$TNodeDeleter0@U?$TScatterArrayNode@UGlyph@RMultiImage2D_SDL_ttf@SDL_core@ui@modules@UModSys@@H@tl@UModSys@@@12@@Z 1000319a f i umodsys_lib_libui:umodsys.mod.ui.SDL_core.obj
 0001:000021ed       ??$process_nodes_r@U?$TNodeDeleter0@U?$TScatterArrayNode@U?$TRefObject@URRenderDriver2D_SDL_core@SDL_core@ui@modules@UModSys@@U?$TRefObjectWeakFunc@URRenderDriver2D_SDL_core@SDL_core@ui@modules@UModSys@@@tl@5@@tl@UModSys@@H@tl@UModSys@@@tl@UModSys@@@?$TTreeHoldRB@U?$TScatterArrayNode@U?$TRefObject@URRenderDriver2D_SDL_core@SDL_core@ui@modules@UModSys@@U?$TRefObjectWeakFunc@URRenderDriver2D_SDL_core@SDL_core@ui@modules@UModSys@@@tl@5@@tl@UModSys@@H@tl@UModSys@@@tl@UModSys@@KAHPAU?$TScatterArrayNode@U?$TRefObject@URRenderDriver2D_SDL_core@SDL_core@ui@modules@UModSys@@U?$TRefObjectWeakFunc@URRenderDriver2D_SDL_core@SDL_core@ui@modules@UModSys@@@tl@5@@tl@UModSys@@H@12@ABU?$TNodeDeleter0@U?$TScatterArrayNode@U?$TRefObject@URRenderDriver2D_SDL_core@SDL_core@ui@modules@UModSys@@U?$TRefObjectWeakFunc@URRenderDriver2D_SDL_core@SDL_core@ui@modules@UModSys@@@tl@5@@tl@UModSys@@H@tl@UModSys@@@12@@Z 100031ed f i umodsys_lib_libui:umodsys.mod.ui.SDL_core.obj
 0001:00002236       ??$genx_node@UCmp@?$TScatterArray@U?$TRefObject@URRenderDriver2D_SDL_core@SDL_core@ui@modules@UModSys@@U?$TRefObjectWeakFunc@URRenderDriver2D_SDL_core@SDL_core@ui@modules@UModSys@@@tl@5@@tl@UModSys@@HU?$TScalarCompare@H@core@3@U?$TNodeDeleter0@U?$TScatterArrayNode@U?$TRefObject@URRenderDriver2D_SDL_core@SDL_core@ui@modules@UModSys@@U?$TRefObjectWeakFunc@URRenderDriver2D_SDL_core@SDL_core@ui@modules@UModSys@@@tl@5@@tl@UModSys@@H@tl@UModSys@@@23@@tl@UModSys@@UGen0@234@@?$TTreeHoldRBD@U?$TScatterArrayNode@U?$TRefObject@URRenderDriver2D_SDL_core@SDL_core@ui@modules@UModSys@@U?$TRefObjectWeakFunc@URRenderDriver2D_SDL_core@SDL_core@ui@modules@UModSys@@@tl@5@@tl@UModSys@@H@tl@UModSys@@U?$TNodeDeleter0@U?$TScatterArrayNode@U?$TRefObject@URRenderDriver2D_SDL_core@SDL_core@ui@modules@UModSys@@U?$TRefObjectWeakFunc@URRenderDriver2D_SDL_core@SDL_core@ui@modules@UModSys@@@tl@5@@tl@UModSys@@H@tl@UModSys@@@23@@tl@UModSys@@QAEPAU?$TScatterArrayNode@U?$TRefObject@URRenderDriver2D_SDL_core@SDL_core@ui@modules@UModSys@@U?$TRefObjectWeakFunc@URRenderDriver2D_SDL_core@SDL_core@ui@modules@UModSys@@@tl@5@@tl@UModSys@@H@12@UCmp@?$TScatterArray@U?$TRefObject@URRenderDriver2D_SDL_core@SDL_core@ui@modules@UModSys@@U?$TRefObjectWeakFunc@URRenderDriver2D_SDL_core@SDL_core@ui@modules@UModSys@@@tl@5@@tl@UModSys@@HU?$TScalarCompare@H@core@3@U?$TNodeDeleter0@U?$TScatterArrayNode@U?$TRefObject@URRenderDriver2D_SDL_core@SDL_core@ui@modules@UModSys@@U?$TRefObjectWeakFunc@URRenderDriver2D_SDL_core@SDL_core@ui@modules@UModSys@@@tl@5@@tl@UModSys@@H@tl@UModSys@@@23@@12@ABUGen0@512@PAPAU312@2_N@Z 10003236 f i umodsys_lib_libui:umodsys.mod.ui.SDL_core.obj
 0001:000022c5       ?rotate_right@?$TTreeHoldRB@U?$TScatterArrayNode@U?$TRefObject@URRenderDriver2D_SDL_core@SDL_core@ui@modules@UModSys@@U?$TRefObjectWeakFunc@URRenderDriver2D_SDL_core@SDL_core@ui@modules@UModSys@@@tl@5@@tl@UModSys@@H@tl@UModSys@@@tl@UModSys@@IAEXPAU?$TScatterArrayNode@U?$TRefObject@URRenderDriver2D_SDL_core@SDL_core@ui@modules@UModSys@@U?$TRefObjectWeakFunc@URRenderDriver2D_SDL_core@SDL_core@ui@modules@UModSys@@@tl@5@@tl@UModSys@@H@23@@Z 100032c5 f i umodsys_lib_libui:umodsys.mod.ui.SDL_core.obj
 0001:000022c5       ?rotate_right@?$TTreeHoldRB@U?$TScatterArrayNode@UGlyph@RMultiImage2D_SDL_ttf@SDL_core@ui@modules@UModSys@@H@tl@UModSys@@@tl@UModSys@@IAEXPAU?$TScatterArrayNode@UGlyph@RMultiImage2D_SDL_ttf@SDL_core@ui@modules@UModSys@@H@23@@Z 100032c5 f i umodsys_lib_libui:umodsys.mod.ui.SDL_core.obj
 0001:00002304       ?sub_insert_node@?$TTreeHoldRB@U?$TScatterArrayNode@U?$TRefObject@URRenderDriver2D_SDL_core@SDL_core@ui@modules@UModSys@@U?$TRefObjectWeakFunc@URRenderDriver2D_SDL_core@SDL_core@ui@modules@UModSys@@@tl@5@@tl@UModSys@@H@tl@UModSys@@@tl@UModSys@@QAEXPAU?$TScatterArrayNode@U?$TRefObject@URRenderDriver2D_SDL_core@SDL_core@ui@modules@UModSys@@U?$TRefObjectWeakFunc@URRenderDriver2D_SDL_core@SDL_core@ui@modules@UModSys@@@tl@5@@tl@UModSys@@H@23@0H@Z 10003304 f i umodsys_lib_libui:umodsys.mod.ui.SDL_core.obj
 0001:00002304       ?sub_insert_node@?$TTreeHoldRB@U?$TScatterArrayNode@UGlyph@RMultiImage2D_SDL_ttf@SDL_core@ui@modules@UModSys@@H@tl@UModSys@@@tl@UModSys@@QAEXPAU?$TScatterArrayNode@UGlyph@RMultiImage2D_SDL_ttf@SDL_core@ui@modules@UModSys@@H@23@0H@Z 10003304 f i umodsys_lib_libui:umodsys.mod.ui.SDL_core.obj
 0001:00002352       ??0?$TScatterArrayNode@U?$TRefObject@URRenderDriver2D_SDL_core@SDL_core@ui@modules@UModSys@@U?$TRefObjectWeakFunc@URRenderDriver2D_SDL_core@SDL_core@ui@modules@UModSys@@@tl@5@@tl@UModSys@@H@tl@UModSys@@QAE@ABH@Z 10003352 f i umodsys_lib_libui:umodsys.mod.ui.SDL_core.obj
 0001:00002399       ??1?$TRefObject@URRenderDriver2D_SDL_core@SDL_core@ui@modules@UModSys@@U?$TRefObjectWeakFunc@URRenderDriver2D_SDL_core@SDL_core@ui@modules@UModSys@@@tl@5@@tl@UModSys@@QAE@XZ 10003399 f i umodsys_lib_libui:umodsys.mod.ui.SDL_core.obj
 0001:0000239e       ?insert_color@?$TTreeHoldRB@U?$TScatterArrayNode@U?$TRefObject@URRenderDriver2D_SDL_core@SDL_core@ui@modules@UModSys@@U?$TRefObjectWeakFunc@URRenderDriver2D_SDL_core@SDL_core@ui@modules@UModSys@@@tl@5@@tl@UModSys@@H@tl@UModSys@@@tl@UModSys@@IAEXPAU?$TScatterArrayNode@U?$TRefObject@URRenderDriver2D_SDL_core@SDL_core@ui@modules@UModSys@@U?$TRefObjectWeakFunc@URRenderDriver2D_SDL_core@SDL_core@ui@modules@UModSys@@@tl@5@@tl@UModSys@@H@23@@Z 1000339e f i umodsys_lib_libui:umodsys.mod.ui.SDL_core.obj
 0001:0000239e       ?insert_color@?$TTreeHoldRB@U?$TScatterArrayNode@UGlyph@RMultiImage2D_SDL_ttf@SDL_core@ui@modules@UModSys@@H@tl@UModSys@@@tl@UModSys@@IAEXPAU?$TScatterArrayNode@UGlyph@RMultiImage2D_SDL_ttf@SDL_core@ui@modules@UModSys@@H@23@@Z 1000339e f i umodsys_lib_libui:umodsys.mod.ui.SDL_core.obj
 0001:0000244c       ?rotate_left@?$TTreeHoldRB@U?$TScatterArrayNode@UGlyph@RMultiImage2D_SDL_ttf@SDL_core@ui@modules@UModSys@@H@tl@UModSys@@@tl@UModSys@@IAEXPAU?$TScatterArrayNode@UGlyph@RMultiImage2D_SDL_ttf@SDL_core@ui@modules@UModSys@@H@23@@Z 1000344c f i umodsys_lib_libui:umodsys.mod.ui.SDL_core.obj
 0001:0000244c       ?rotate_left@?$TTreeHoldRB@U?$TScatterArrayNode@U?$TRefObject@URRenderDriver2D_SDL_core@SDL_core@ui@modules@UModSys@@U?$TRefObjectWeakFunc@URRenderDriver2D_SDL_core@SDL_core@ui@modules@UModSys@@@tl@5@@tl@UModSys@@H@tl@UModSys@@@tl@UModSys@@IAEXPAU?$TScatterArrayNode@U?$TRefObject@URRenderDriver2D_SDL_core@SDL_core@ui@modules@UModSys@@U?$TRefObjectWeakFunc@URRenderDriver2D_SDL_core@SDL_core@ui@modules@UModSys@@@tl@5@@tl@UModSys@@H@23@@Z 1000344c f i umodsys_lib_libui:umodsys.mod.ui.SDL_core.obj
 0001:0000248b       ?alloc@SMemShared@core@UModSys@@QAE_NIPAUSSourceContext@23@@Z 1000348b f i umodsys_lib_libmedia:umodsys.mod.media.images_std.obj
 0001:000024b5       ?get@SMemShared@core@UModSys@@QBE?AUSMem@23@XZ 100034b5 f i umodsys_lib_libmedia:umodsys.mod.media.images_std.obj
 0001:000024b5       ??BSCMemShared@core@UModSys@@QBE?AUSCMem@12@XZ 100034b5 f i plugin_test1.obj
 0001:000024e5       ??0SParameters@core@UModSys@@QAE@H@Z 100034e5 f i umodsys_lib_libmedia:umodsys.mod.media.images_std.obj
 0001:00002510       ?get@SParameters@core@UModSys@@QBE_NPBDAA_N@Z 10003510 f i umodsys_lib_libmedia:umodsys.mod.media.images_std.obj
 0001:00002545       ?is_extension_nocase@libmedia@UModSys@@YA_NABU?$TString@U?$TSCoreConst@D@su@tl@UModSys@@U?$TComparerBinaryHash@D@234@@tl@2@0@Z 10003545 f i umodsys_lib_libmedia:umodsys.mod.media.images_std.obj
 0001:00002573       ?root_get_interface_info@RMediaFilter@images_std@media@modules@UModSys@@UBEABUSUniquePointerInfo@core@5@XZ 10003573 f i umodsys_lib_libmedia:umodsys.mod.media.images_std.obj
 0001:00002579       ?root_get_interface_type@RMediaFilter@images_std@media@modules@UModSys@@UBEPBUSUniquePointerInfo@core@5@XZ 10003579 f i umodsys_lib_libmedia:umodsys.mod.media.images_std.obj
 0001:0000257f       ?root_get_other_interface@RMediaFilter@images_std@media@modules@UModSys@@UAEPAUIRoot@core@5@PBUSUniquePointerInfo@75@@Z 1000357f f i umodsys_lib_libmedia:umodsys.mod.media.images_std.obj
 0001:0000257f       ?root_get_other_interface@RMediaFilter@images_std@media@modules@UModSys@@UBEPBUIRoot@core@5@PBUSUniquePointerInfo@75@@Z 1000357f f i umodsys_lib_libmedia:umodsys.mod.media.images_std.obj
 0001:000025a0       ?root_is_interface_supported@RMediaFilter@images_std@media@modules@UModSys@@UBE_NPBUSUniquePointerInfo@core@5@@Z 100035a0 f i umodsys_lib_libmedia:umodsys.mod.media.images_std.obj
 0001:000025c7       ?ref_add@RMediaFilter@images_std@media@modules@UModSys@@UBEXXZ 100035c7 f i umodsys_lib_libmedia:umodsys.mod.media.images_std.obj
 0001:000025cb       ?ref_remove@RMediaFilter@images_std@media@modules@UModSys@@UBEXXZ 100035cb f i umodsys_lib_libmedia:umodsys.mod.media.images_std.obj
 0001:000025d6       ?ref_links@RMediaFilter@images_std@media@modules@UModSys@@UBEHXZ 100035d6 f i umodsys_lib_libmedia:umodsys.mod.media.images_std.obj
 0001:000025da       ?ref_weak@RMediaFilter@images_std@media@modules@UModSys@@UBE_NAAUWeakPointer@IRefObject@core@5@@Z 100035da f i umodsys_lib_libmedia:umodsys.mod.media.images_std.obj
 0001:000025f9       ?suicide@RMediaFilter@images_std@media@modules@UModSys@@UAEXXZ 100035f9 f i umodsys_lib_libmedia:umodsys.mod.media.images_std.obj
 0001:00002640       ?get_flag@RMediaFilter@images_std@media@modules@UModSys@@UBE?AW4eStates@?$TFlags4State@USMediaFlagUid@libmedia@UModSys@@I@tl@5@H@Z 10003640 f i umodsys_lib_libmedia:umodsys.mod.media.images_std.obj
 0001:00002653       ?get_flags_auto@RMediaFilter@images_std@media@modules@UModSys@@UBE?AU?$TFlags4State@USMediaFlagUid@libmedia@UModSys@@I@tl@5@XZ 10003653 f i umodsys_lib_libmedia:umodsys.mod.media.images_std.obj
 0001:00002662       ?set_flag@RMediaFilter@images_std@media@modules@UModSys@@UAE?AW4eStates@?$TFlags4State@USMediaFlagUid@libmedia@UModSys@@I@tl@5@HW46785@@Z 10003662 f i umodsys_lib_libmedia:umodsys.mod.media.images_std.obj
 0001:0000268f       ??0RMediaFilter@images_std@media@modules@UModSys@@QAE@PAUIModObject@base@4@ABUSParameters@core@4@@Z 1000368f f i umodsys_lib_libmedia:umodsys.mod.media.images_std.obj
 0001:000026fe       ??_ERMediaFilter@images_std@media@modules@UModSys@@UAEPAXI@Z 100036fe f i  CIL library: CIL module
 0001:000026fe       ??_GRMediaFilter@images_std@media@modules@UModSys@@UAEPAXI@Z 100036fe f i umodsys_lib_libmedia:umodsys.mod.media.images_std.obj
 0001:00002769       ?filter_load@RMediaFilter@images_std@media@modules@UModSys@@UAE_NABUSInfo@IBinObjFilter@libmedia@5@PAUIRefObject@core@5@@Z 10003769 f   umodsys_lib_libmedia:umodsys.mod.media.images_std.obj
 0001:00002997       ?loader_jpeg@RMediaFilter@images_std@media@modules@UModSys@@QAE_NPAUIImage@lib2d@5@ABUSInfo@IBinObjFilter@libmedia@5@ABUSParameters@core@5@HPBD_N@Z 10003997 f   umodsys_lib_libmedia:umodsys.mod.media.images_std.obj
 0001:00002c15       ?png_err@RMediaFilter@images_std@media@modules@UModSys@@KAXPAUpng_struct_def@@PBD@Z 10003c15 f   umodsys_lib_libmedia:umodsys.mod.media.images_std.obj
 0001:00002c36       ?png_read@RMediaFilter@images_std@media@modules@UModSys@@KAXPAUpng_struct_def@@PAEI@Z 10003c36 f   umodsys_lib_libmedia:umodsys.mod.media.images_std.obj
 0001:00002c72       ?loader_png@RMediaFilter@images_std@media@modules@UModSys@@QAE_NPAUIImage@lib2d@5@ABUSInfo@IBinObjFilter@libmedia@5@ABUSParameters@core@5@HPBD_N@Z 10003c72 f   umodsys_lib_libmedia:umodsys.mod.media.images_std.obj
 0001:00002f20       ?get_generated_names@RGenerator@images_std@media@modules@UModSys@@UBEHAAUSUniquePtrList@core@5@@Z 10003f20 f i umodsys_lib_libmedia:umodsys.mod.media.images_std.obj
 0001:00002f39       ?get_generated_types@RGenerator@images_std@media@modules@UModSys@@UBEHAAUSUniquePtrList@core@5@PBUSUniquePointerInfo@75@@Z 10003f39 f i umodsys_lib_libmedia:umodsys.mod.media.images_std.obj
 0001:00002f6b       ?generate@RGenerator@images_std@media@modules@UModSys@@UAE_NAAU?$TRefObject@UIRefObject@core@UModSys@@U?$TRefObjectFunc@UIRefObject@core@UModSys@@@tl@3@@tl@5@PBUSUniquePointerInfo@core@5@ABUSParameters@95@@Z 10003f6b f i umodsys_lib_libmedia:umodsys.mod.media.images_std.obj
 0001:00002f8c       ?root_get_interface_info@RGenerator@images_std@media@modules@UModSys@@UBEABUSUniquePointerInfo@core@5@XZ 10003f8c f i umodsys_lib_libmedia:umodsys.mod.media.images_std.obj
 0001:00002f92       ?root_get_interface_type@RGenerator@images_std@media@modules@UModSys@@UBEPBUSUniquePointerInfo@core@5@XZ 10003f92 f i umodsys_lib_libmedia:umodsys.mod.media.images_std.obj
 0001:00002f98       ?root_get_other_interface@RGenerator@images_std@media@modules@UModSys@@UAEPAUIRoot@core@5@PBUSUniquePointerInfo@75@@Z 10003f98 f i umodsys_lib_libmedia:umodsys.mod.media.images_std.obj
 0001:00002f98       ?root_get_other_interface@RGenerator@images_std@media@modules@UModSys@@UBEPBUIRoot@core@5@PBUSUniquePointerInfo@75@@Z 10003f98 f i umodsys_lib_libmedia:umodsys.mod.media.images_std.obj
 0001:00002fb1       ?root_is_interface_supported@RGenerator@images_std@media@modules@UModSys@@UBE_NPBUSUniquePointerInfo@core@5@@Z 10003fb1 f i umodsys_lib_libmedia:umodsys.mod.media.images_std.obj
 0001:00002fd0       ?ref_add@RTest1_Shell@test1@test@modules@UModSys@@UBEXXZ 10003fd0 f i plugin_test1.obj
 0001:00002fd0       ?ref_add@RGenerator@test1@test@modules@UModSys@@UBEXXZ 10003fd0 f i plugin_test1.obj
 0001:00002fd0       ?ref_add@RGenerator@SDL_core@ui@modules@UModSys@@UBEXXZ 10003fd0 f i umodsys_lib_libui:umodsys.mod.ui.SDL_core.obj
 0001:00002fd0       ?ref_add@RMultiImage2D_SDL_ttf@SDL_core@ui@modules@UModSys@@UBEXXZ 10003fd0 f i umodsys_lib_libui:umodsys.mod.ui.SDL_core.obj
 0001:00002fd0       ?ref_add@RTerminal_SDL_core@SDL_core@ui@modules@UModSys@@UBEXXZ 10003fd0 f i umodsys_lib_libui:umodsys.mod.ui.SDL_core.obj
 0001:00002fd0       ?ref_add@RRenderDriver2D_SDL_core@SDL_core@ui@modules@UModSys@@UBEXXZ 10003fd0 f i umodsys_lib_libui:umodsys.mod.ui.SDL_core.obj
 0001:00002fd0       ?ref_add@RGenerator@images_std@media@modules@UModSys@@UBEXXZ 10003fd0 f i umodsys_lib_libmedia:umodsys.mod.media.images_std.obj
 0001:00002fd4       ?get_uid@RGenerator@images_std@media@modules@UModSys@@UBEPBUSUniquePointerInfo@core@5@XZ 10003fd4 f i umodsys_lib_libmedia:umodsys.mod.media.images_std.obj
 0001:00002fda       ?do_open@RModuleReg@images_std@media@modules@UModSys@@UAE_NXZ 10003fda f i umodsys_lib_libmedia:umodsys.mod.media.images_std.obj
 0001:00003028       ?do_close@RModuleReg@images_std@media@modules@UModSys@@UAE_NXZ 10004028 f i umodsys_lib_libmedia:umodsys.mod.media.images_std.obj
 0001:00003063       ?get_module@RGenerator@images_std@media@modules@UModSys@@UBEPAUIModule@base@5@XZ 10004063 f   umodsys_lib_libmedia:umodsys.mod.media.images_std.obj
 0001:00003069       ?mod_inc@RGenerator@images_std@media@modules@UModSys@@UBE_NXZ 10004069 f   umodsys_lib_libmedia:umodsys.mod.media.images_std.obj
 0001:00003074       ?mod_dec@RGenerator@images_std@media@modules@UModSys@@UBE_NXZ 10004074 f   umodsys_lib_libmedia:umodsys.mod.media.images_std.obj
 0001:0000307f       ?s_holder@RGenerator@images_std@media@modules@UModSys@@SAAAU?$TTypeStaticHolder@URGenerator@images_std@media@modules@UModSys@@@tl@5@XZ 1000407f f   umodsys_lib_libmedia:umodsys.mod.media.images_std.obj
 0001:000030b1       ??$t_gen_param@URMediaFilter@images_std@media@modules@UModSys@@URGenerator@2345@@IGenerator@base@UModSys@@IAE_NPAURGenerator@images_std@media@modules@2@AAU?$TRefObject@UIRefObject@core@UModSys@@U?$TRefObjectFunc@UIRefObject@core@UModSys@@@tl@3@@tl@2@PBUSUniquePointerInfo@core@2@ABUSParameters@core@2@@Z 100040b1 f i umodsys_lib_libmedia:umodsys.mod.media.images_std.obj
 0001:00003143       ?Link@SModuleContext@base@UModSys@@QAEXPAUISystem@23@PAUIMemAlloc@core@3@@Z 10004143 f   umodsys_lib_base:umodsys.base.modulecontext.obj
 0001:0000318f       ?unlink@SMemorySharedData@core@UModSys@@QAEXPBUSSourceContext@23@@Z 1000418f f   umodsys_lib_base:umodsys.base.modulecontext.obj
 0001:0000319f       ??0SModuleRegChain@base@UModSys@@QAE@AAUIModuleReg@12@@Z 1000419f f   umodsys_lib_base:umodsys.base.moduleregchain.obj
 0001:000031ce       ?s_get@SModuleRegChain@base@UModSys@@SAPAUIModuleReg@23@I@Z 100041ce f   umodsys_lib_base:umodsys.base.moduleregchain.obj
 0001:000031f2       ?mlr_count@RModuleLibraryReg_Chain@base@UModSys@@UBEIXZ 100041f2 f   umodsys_lib_base:umodsys.base.moduleregchain.obj
 0001:00003205       ?mlr_get@RModuleLibraryReg_Chain@base@UModSys@@UBEPAUIModuleReg@23@I@Z 10004205 f   umodsys_lib_base:umodsys.base.moduleregchain.obj
 0001:00003212       ?mlr_open@RModuleLibraryReg_Chain@base@UModSys@@UAE_NPAUISystem@23@PAUIMemAlloc@core@3@@Z 10004212 f   umodsys_lib_base:umodsys.base.moduleregchain.obj
 0001:0000326f       ?mlr_close@RModuleLibraryReg_Chain@base@UModSys@@UAE_NXZ 1000426f f   umodsys_lib_base:umodsys.base.moduleregchain.obj
 0001:000032cc       ?mlr_isopen@RModuleLibraryReg_Chain@base@UModSys@@UBE_NXZ 100042cc f   umodsys_lib_base:umodsys.base.moduleregchain.obj
 0001:000032d8       _UModSys_Plugin_Entry2@0   100042d8 f   umodsys_lib_base:umodsys.so_main.win32.obj
 0001:000032de       ??0IModuleReg@base@UModSys@@QAE@PBDHH0@Z 100042de f   umodsys_lib_base:umodsys.base.modulereg.obj
 0001:0000331d       ?mr_isopen@IModuleReg@base@UModSys@@UBE_NXZ 1000431d f   umodsys_lib_base:umodsys.base.modulereg.obj
 0001:00003326       ?mr_open@IModuleReg@base@UModSys@@UAE_NXZ 10004326 f   umodsys_lib_base:umodsys.base.modulereg.obj
 0001:00003341       ?mr_close@IModuleReg@base@UModSys@@UAE_NXZ 10004341 f   umodsys_lib_base:umodsys.base.modulereg.obj
 0001:0000334e       ??_GIModuleLibraryReg@base@UModSys@@UAEPAXI@Z 1000434e f i umodsys_lib_base:umodsys.base.modulereg.obj
 0001:0000334e       ??_EIModuleLibraryReg@base@UModSys@@UAEPAXI@Z 1000434e f i  CIL library: CIL module
 0001:0000334e       ??_ERModuleLibraryReg_Chain@base@UModSys@@UAEPAXI@Z 1000434e f i  CIL library: CIL module
 0001:0000334e       ??_GRModuleLibraryReg_Chain@base@UModSys@@UAEPAXI@Z 1000434e f i umodsys_lib_base:umodsys.base.moduleregchain.obj
 0001:0000336b       ?utf_8to32@su@tl@UModSys@@YA_NAAHAAPBDAAI@Z 1000436b f i umodsys_lib_core:umodsys.tl.utf.obj
 0001:0000342a       ?utf_8to32@su@tl@UModSys@@YAIPAHIPBDI_N@Z 1000442a f   umodsys_lib_core:umodsys.tl.utf.obj
 0001:00003477       ??0SUniquePointer@core@UModSys@@QAE@PBD0H@Z 10004477 f   umodsys_lib_core:umodsys.core.uniqueptr.obj
 0001:000034ba       ??1SUniquePointer@core@UModSys@@QAE@XZ 100044ba f   umodsys_lib_core:umodsys.core.uniqueptr.obj
 0001:000034ba       ??1SModuleRegChain@base@UModSys@@QAE@XZ 100044ba f   umodsys_lib_base:umodsys.base.moduleregchain.obj
 0001:000034d8       ?suicide@IRoot@core@UModSys@@UAEXXZ 100044d8 f   umodsys_lib_core:umodsys.core.objects.obj
 0001:000034e3       ??3IRoot@core@UModSys@@SAXPAX@Z 100044e3 f   umodsys_lib_core:umodsys.core.objects.obj
 0001:000034fc       ?Find@?$TSet@U?$TArray@PBUSUniquePointerInfo@core@UModSys@@@tl@UModSys@@U?$TScalarCompare@PBUSUniquePointerInfo@core@UModSys@@@core@3@@tl@UModSys@@QBEPBQBUSUniquePointerInfo@core@3@ABQBU453@@Z 100044fc f i umodsys_lib_core:umodsys.core.uniqueptrlist.obj
 0001:00003583       __onexit                   10004583 f   MSVCRT:atonexit.obj
 0001:00003628       _atexit                    10004628 f   MSVCRT:atonexit.obj
 0001:00003640       __purecall                 10004640 f   MSVCRT:MSVCR90.dll
 0001:00003646       ??3@YAXPAX@Z               10004646 f   MSVCRT:MSVCR90.dll
 0001:0000364c       ??_Etype_info@@UAEPAXI@Z   1000464c f i MSVCRT:ti_inst.obj
 0001:000036e7       __CRT_INIT@12              100046e7 f   MSVCRT:crtdll.obj
 0001:00003a23       __DllMainCRTStartup@12     10004a23 f   MSVCRT:crtdll.obj
 0001:00003a46       ??2@YAPAXI@Z               10004a46 f   MSVCRT:MSVCR90.dll
 0001:00003a4c       __unlock                   10004a4c f   MSVCRT:MSVCR90.dll
 0001:00003a52       ___dllonexit               10004a52 f   MSVCRT:MSVCR90.dll
 0001:00003a58       __lock                     10004a58 f   MSVCRT:MSVCR90.dll
 0001:00003a60       __SEH_prolog4              10004a60 f   MSVCRT:sehprolg4.obj
 0001:00003aa5       __SEH_epilog4              10004aa5 f   MSVCRT:sehprolg4.obj
 0001:00003ab9       __except_handler4          10004ab9 f   MSVCRT:chandler4gs.obj
 0001:00003ade       ?__ArrayUnwind@@YGXPAXIHP6EX0@Z@Z 10004ade f   MSVCRT:ehvecdtr.obj
 0001:00003b3c       ??_M@YGXPAXIHP6EX0@Z@Z     10004b3c f   MSVCRT:ehvecdtr.obj
 0001:00003b9f       ___clean_type_info_names   10004b9f f   MSVCRT:tncleanup.obj
 0001:00003bab       __RTC_Initialize           10004bab f   MSVCRT:_initsect_.obj
 0001:00003bd1       __RTC_Terminate            10004bd1 f   MSVCRT:_initsect_.obj
 0001:00003c00       __ValidateImageBase        10004c00 f   MSVCRT:pesect.obj
 0001:00003c40       __FindPESection            10004c40 f   MSVCRT:pesect.obj
 0001:00003c90       __IsNonwritableInCurrentImage 10004c90 f   MSVCRT:pesect.obj
 0001:00003d4e       __initterm                 10004d4e f   MSVCRT:MSVCR90.dll
 0001:00003d54       __initterm_e               10004d54 f   MSVCRT:MSVCR90.dll
 0001:00003d5a       __amsg_exit                10004d5a f   MSVCRT:MSVCR90.dll
 0001:00003d60       ___CppXcptFilter           10004d60 f   MSVCRT:MSVCR90.dll
 0001:00003d66       _DllMain@12                10004d66 f   MSVCRT:dllmain.obj
 0001:00003d8a       ___security_init_cookie    10004d8a f   MSVCRT:gs_support.obj
 0001:00003e20       @__security_check_cookie@4 10004e20 f   MSVCRT:secchk.obj
 0001:00003e30       __except_handler4_common   10004e30 f   MSVCRT:MSVCR90.dll
 0001:00003e36       ?terminate@@YAXXZ          10004e36 f   MSVCRT:MSVCR90.dll
 0001:00003e3c       ??1type_info@@UAE@XZ       10004e3c f   MSVCRT:MSVCR90.dll
 0001:00003e3c       ?_type_info_dtor_internal_method@type_info@@QAEXXZ 10004e3c f   MSVCRT:MSVCR90.dll
 0001:00003e42       ___clean_type_info_names_internal 10004e42 f   MSVCRT:MSVCR90.dll
 0001:00003e48       ___report_gsfailure        10004e48 f   MSVCRT:gs_report.obj
 0001:00003f4e       __crt_debugger_hook        10004f4e f   MSVCRT:MSVCR90.dll
 0001:00003f54       _png_get_IHDR              10004f54 f   lib_libpng:lib_libpng.dll
 0001:00003f5a       _png_read_info             10004f5a f   lib_libpng:lib_libpng.dll
 0001:00003f60       _png_sig_cmp               10004f60 f   lib_libpng:lib_libpng.dll
 0001:00003f66       _png_create_read_struct    10004f66 f   lib_libpng:lib_libpng.dll
 0001:00003f6c       _png_get_io_ptr            10004f6c f   lib_libpng:lib_libpng.dll
 0001:00003f72       _png_create_info_struct    10004f72 f   lib_libpng:lib_libpng.dll
 0001:00003f78       _png_set_read_fn           10004f78 f   lib_libpng:lib_libpng.dll
 0001:00003f7e       _png_read_update_info      10004f7e f   lib_libpng:lib_libpng.dll
 0001:00003f84       _png_set_sig_bytes         10004f84 f   lib_libpng:lib_libpng.dll
 0001:00003f8a       _png_read_row              10004f8a f   lib_libpng:lib_libpng.dll
 0001:00003f90       _png_error                 10004f90 f   lib_libpng:lib_libpng.dll
 0001:00003f96       _png_destroy_read_struct   10004f96 f   lib_libpng:lib_libpng.dll
 0001:00003f9c       _SDL_RenderDrawLine        10004f9c f   lib_SDL2:lib_SDL2.dll
 0001:00003fa2       _SDL_RenderDrawLines       10004fa2 f   lib_SDL2:lib_SDL2.dll
 0001:00003fa8       _SDL_Init                  10004fa8 f   lib_SDL2:lib_SDL2.dll
 0001:00003fae       _SDL_DestroyWindow         10004fae f   lib_SDL2:lib_SDL2.dll
 0001:00003fb4       _TTF_GlyphMetrics          10004fb4 f   lib_SDL2:lib_SDL2.dll
 0001:00003fba       _SDL_CreateWindow          10004fba f   lib_SDL2:lib_SDL2.dll
 0001:00003fc0       _SDL_RenderCopy            10004fc0 f   lib_SDL2:lib_SDL2.dll
 0001:00003fc6       _SDL_DestroyRenderer       10004fc6 f   lib_SDL2:lib_SDL2.dll
 0001:00003fcc       _SDL_DestroyTexture        10004fcc f   lib_SDL2:lib_SDL2.dll
 0001:00003fd2       _SDL_CreateTextureFromSurface 10004fd2 f   lib_SDL2:lib_SDL2.dll
 0001:00003fd8       _SDL_RenderPresent         10004fd8 f   lib_SDL2:lib_SDL2.dll
 0001:00003fde       _SDL_SetRenderDrawBlendMode 10004fde f   lib_SDL2:lib_SDL2.dll
 0001:00003fe4       _SDL_SetRenderDrawColor    10004fe4 f   lib_SDL2:lib_SDL2.dll
 0001:00003fea       _TTF_OpenFont              10004fea f   lib_SDL2:lib_SDL2.dll
 0001:00003ff0       _TTF_CloseFont             10004ff0 f   lib_SDL2:lib_SDL2.dll
 0001:00003ff6       _TTF_Init                  10004ff6 f   lib_SDL2:lib_SDL2.dll
 0001:00003ffe       _SDL_PumpEvents            10004ffe f   lib_SDL2:lib_SDL2.dll
 0001:00004004       _TTF_RenderGlyph_Shaded    10005004 f   lib_SDL2:lib_SDL2.dll
 0001:0000400a       _SDL_Delay                 1000500a f   lib_SDL2:lib_SDL2.dll
 0001:00004010       _SDL_RenderClear           10005010 f   lib_SDL2:lib_SDL2.dll
 0001:00004016       _SDL_CreateRenderer        10005016 f   lib_SDL2:lib_SDL2.dll
 0001:0000401c       _SDL_SetTextureColorMod    1000501c f   lib_SDL2:lib_SDL2.dll
 0001:00004022       _SDL_PeepEvents            10005022 f   lib_SDL2:lib_SDL2.dll
 0001:00004028       _SDL_GetTicks              10005028 f   lib_SDL2:lib_SDL2.dll
 0001:0000402e       _SDL_RenderFillRect        1000502e f   lib_SDL2:lib_SDL2.dll
 0001:00004034       _SDL_RenderDrawRect        10005034 f   lib_SDL2:lib_SDL2.dll
 0001:0000403a       _TTF_Quit                  1000503a f   lib_SDL2:lib_SDL2.dll
 0001:00004040       _SDL_Quit                  10005040 f   lib_SDL2:lib_SDL2.dll
 0001:00004046       _SDL_FreeSurface           10005046 f   lib_SDL2:lib_SDL2.dll
 0001:00004050       __ftol2_sse                10005050 f   MSVCRT:ftol2.obj
 0001:00004059       __ftol2_pentium4           10005059 f   MSVCRT:ftol2.obj
 0001:0000406c       __ftol2_sse_excpt          1000506c f   MSVCRT:ftol2.obj
 0001:00004086       __ftol2                    10005086 f   MSVCRT:ftol2.obj
 0001:000040fc       _memcpy                    100050fc f   MSVCRT:MSVCR90.dll
 0001:00004102       ___CxxFrameHandler3        10005102 f   MSVCRT:MSVCR90.dll
 0001:00004108       __EH_prolog                10005108 f   MSVCRT:ehprolog.obj
 0001:00004130       __chkstk                   10005130 f   MSVCRT:chkstk.obj
 0001:00004130       __alloca_probe             10005130     MSVCRT:chkstk.obj
 0001:0000415c       __setjmp3                  1000515c f   MSVCRT:MSVCR90.dll
 0001:00004162       ___CxxLongjmpUnwind@4      10005162 f   MSVCRT:MSVCR90.dll
 0001:000041b8       __get_sse2_info            100051b8 f   MSVCRT:cpu_disp.obj
 0001:0000421a       ___sse2_available_init     1000521a f   MSVCRT:cpu_disp.obj
 0002:00000000       __imp__InterlockedExchange@8 10006000     kernel32:KERNEL32.dll
 0002:00000004       __imp__InterlockedCompareExchange@12 10006004     kernel32:KERNEL32.dll
 0002:00000008       __imp__DisableThreadLibraryCalls@4 10006008     kernel32:KERNEL32.dll
 0002:0000000c       __imp__QueryPerformanceCounter@4 1000600c     kernel32:KERNEL32.dll
 0002:00000010       __imp__GetTickCount@0      10006010     kernel32:KERNEL32.dll
 0002:00000014       __imp__GetCurrentThreadId@0 10006014     kernel32:KERNEL32.dll
 0002:00000018       __imp__GetCurrentProcessId@0 10006018     kernel32:KERNEL32.dll
 0002:0000001c       __imp__GetSystemTimeAsFileTime@4 1000601c     kernel32:KERNEL32.dll
 0002:00000020       __imp__TerminateProcess@8  10006020     kernel32:KERNEL32.dll
 0002:00000024       __imp__GetCurrentProcess@0 10006024     kernel32:KERNEL32.dll
 0002:00000028       __imp__UnhandledExceptionFilter@4 10006028     kernel32:KERNEL32.dll
 0002:0000002c       __imp__SetUnhandledExceptionFilter@4 1000602c     kernel32:KERNEL32.dll
 0002:00000030       __imp__IsDebuggerPresent@0 10006030     kernel32:KERNEL32.dll
 0002:00000034       __imp__Sleep@4             10006034     kernel32:KERNEL32.dll
 0002:00000038       \177KERNEL32_NULL_THUNK_DATA 10006038     kernel32:KERNEL32.dll
 0002:0000003c       __imp___initterm           1000603c     MSVCRT:MSVCR90.dll
 0002:00000040       __imp___initterm_e         10006040     MSVCRT:MSVCR90.dll
 0002:00000044       __imp___amsg_exit          10006044     MSVCRT:MSVCR90.dll
 0002:00000048       __imp___adjust_fdiv        10006048     MSVCRT:MSVCR90.dll
 0002:0000004c       __imp____CppXcptFilter     1000604c     MSVCRT:MSVCR90.dll
 0002:00000050       __imp___encoded_null       10006050     MSVCRT:MSVCR90.dll
 0002:00000054       __imp_?terminate@@YAXXZ    10006054     MSVCRT:MSVCR90.dll
 0002:00000058       __imp_?_type_info_dtor_internal_method@type_info@@QAEXXZ 10006058     MSVCRT:MSVCR90.dll
 0002:0000005c       __imp____clean_type_info_names_internal 1000605c     MSVCRT:MSVCR90.dll
 0002:00000060       __imp___crt_debugger_hook  10006060     MSVCRT:MSVCR90.dll
 0002:00000064       __imp___setjmp3            10006064     MSVCRT:MSVCR90.dll
 0002:00000068       __imp____CxxFrameHandler3  10006068     MSVCRT:MSVCR90.dll
 0002:0000006c       __imp__memcpy              1000606c     MSVCRT:MSVCR90.dll
 0002:00000070       __imp__free                10006070     MSVCRT:MSVCR90.dll
 0002:00000074       __imp___malloc_crt         10006074     MSVCRT:MSVCR90.dll
 0002:00000078       __imp___decode_pointer     10006078     MSVCRT:MSVCR90.dll
 0002:0000007c       __imp___onexit             1000607c     MSVCRT:MSVCR90.dll
 0002:00000080       __imp___lock               10006080     MSVCRT:MSVCR90.dll
 0002:00000084       __imp___encode_pointer     10006084     MSVCRT:MSVCR90.dll
 0002:00000088       __imp____dllonexit         10006088     MSVCRT:MSVCR90.dll
 0002:0000008c       __imp___unlock             1000608c     MSVCRT:MSVCR90.dll
 0002:00000090       __imp__longjmp             10006090     MSVCRT:MSVCR90.dll
 0002:00000094       __imp__strstr              10006094     MSVCRT:MSVCR90.dll
 0002:00000098       __imp_??2@YAPAXI@Z         10006098     MSVCRT:MSVCR90.dll
 0002:0000009c       __imp_??3@YAXPAX@Z         1000609c     MSVCRT:MSVCR90.dll
 0002:000000a0       __imp___purecall           100060a0     MSVCRT:MSVCR90.dll
 0002:000000a4       __imp___except_handler4_common 100060a4     MSVCRT:MSVCR90.dll
 0002:000000a8       __imp__strncmp             100060a8     MSVCRT:MSVCR90.dll
 0002:000000ac       __imp____CxxLongjmpUnwind@4 100060ac     MSVCRT:MSVCR90.dll
 0002:000000b0       \177MSVCR90_NULL_THUNK_DATA 100060b0     MSVCRT:MSVCR90.dll
 0002:000000b4       __imp__SDL_PeepEvents      100060b4     lib_SDL2:lib_SDL2.dll
 0002:000000b8       __imp__SDL_FreeSurface     100060b8     lib_SDL2:lib_SDL2.dll
 0002:000000bc       __imp__SDL_Quit            100060bc     lib_SDL2:lib_SDL2.dll
 0002:000000c0       __imp__TTF_Quit            100060c0     lib_SDL2:lib_SDL2.dll
 0002:000000c4       __imp__SDL_RenderDrawLines 100060c4     lib_SDL2:lib_SDL2.dll
 0002:000000c8       __imp__SDL_Init            100060c8     lib_SDL2:lib_SDL2.dll
 0002:000000cc       __imp__SDL_DestroyWindow   100060cc     lib_SDL2:lib_SDL2.dll
 0002:000000d0       __imp__TTF_GlyphMetrics    100060d0     lib_SDL2:lib_SDL2.dll
 0002:000000d4       __imp__SDL_CreateWindow    100060d4     lib_SDL2:lib_SDL2.dll
 0002:000000d8       __imp__SDL_RenderCopy      100060d8     lib_SDL2:lib_SDL2.dll
 0002:000000dc       __imp__SDL_DestroyRenderer 100060dc     lib_SDL2:lib_SDL2.dll
 0002:000000e0       __imp__SDL_DestroyTexture  100060e0     lib_SDL2:lib_SDL2.dll
 0002:000000e4       __imp__SDL_CreateTextureFromSurface 100060e4     lib_SDL2:lib_SDL2.dll
 0002:000000e8       __imp__SDL_RenderPresent   100060e8     lib_SDL2:lib_SDL2.dll
 0002:000000ec       __imp__SDL_SetRenderDrawBlendMode 100060ec     lib_SDL2:lib_SDL2.dll
 0002:000000f0       __imp__SDL_SetRenderDrawColor 100060f0     lib_SDL2:lib_SDL2.dll
 0002:000000f4       __imp__TTF_OpenFont        100060f4     lib_SDL2:lib_SDL2.dll
 0002:000000f8       __imp__TTF_CloseFont       100060f8     lib_SDL2:lib_SDL2.dll
 0002:000000fc       __imp__TTF_Init            100060fc     lib_SDL2:lib_SDL2.dll
 0002:00000100       __imp__SDL_PumpEvents      10006100     lib_SDL2:lib_SDL2.dll
 0002:00000104       __imp__TTF_RenderGlyph_Shaded 10006104     lib_SDL2:lib_SDL2.dll
 0002:00000108       __imp__SDL_Delay           10006108     lib_SDL2:lib_SDL2.dll
 0002:0000010c       __imp__SDL_RenderClear     1000610c     lib_SDL2:lib_SDL2.dll
 0002:00000110       __imp__SDL_CreateRenderer  10006110     lib_SDL2:lib_SDL2.dll
 0002:00000114       __imp__SDL_SetTextureColorMod 10006114     lib_SDL2:lib_SDL2.dll
 0002:00000118       __imp__SDL_RenderDrawLine  10006118     lib_SDL2:lib_SDL2.dll
 0002:0000011c       __imp__SDL_GetTicks        1000611c     lib_SDL2:lib_SDL2.dll
 0002:00000120       __imp__SDL_RenderFillRect  10006120     lib_SDL2:lib_SDL2.dll
 0002:00000124       __imp__SDL_RenderDrawRect  10006124     lib_SDL2:lib_SDL2.dll
 0002:00000128       \177lib_SDL2_NULL_THUNK_DATA 10006128     lib_SDL2:lib_SDL2.dll
 0002:0000012c       __imp__jpeg_read_header    1000612c     lib_jpeglib:lib_jpeglib.dll
 0002:00000130       __imp__jpeg_std_error      10006130     lib_jpeglib:lib_jpeglib.dll
 0002:00000134       __imp__jpeg_read_scanlines 10006134     lib_jpeglib:lib_jpeglib.dll
 0002:00000138       __imp__jpeg_resync_to_restart 10006138     lib_jpeglib:lib_jpeglib.dll
 0002:0000013c       __imp__jpeg_destroy_decompress 1000613c     lib_jpeglib:lib_jpeglib.dll
 0002:00000140       __imp__jpeg_CreateDecompress 10006140     lib_jpeglib:lib_jpeglib.dll
 0002:00000144       __imp__jpeg_start_decompress 10006144     lib_jpeglib:lib_jpeglib.dll
 0002:00000148       __imp__jpeg_destroy        10006148     lib_jpeglib:lib_jpeglib.dll
 0002:0000014c       __imp__jpeg_finish_decompress 1000614c     lib_jpeglib:lib_jpeglib.dll
 0002:00000150       \177lib_jpeglib_NULL_THUNK_DATA 10006150     lib_jpeglib:lib_jpeglib.dll
 0002:00000154       __imp__png_destroy_read_struct 10006154     lib_libpng:lib_libpng.dll
 0002:00000158       __imp__png_read_row        10006158     lib_libpng:lib_libpng.dll
 0002:0000015c       __imp__png_set_sig_bytes   1000615c     lib_libpng:lib_libpng.dll
 0002:00000160       __imp__png_read_update_info 10006160     lib_libpng:lib_libpng.dll
 0002:00000164       __imp__png_set_read_fn     10006164     lib_libpng:lib_libpng.dll
 0002:00000168       __imp__png_create_info_struct 10006168     lib_libpng:lib_libpng.dll
 0002:0000016c       __imp__png_get_io_ptr      1000616c     lib_libpng:lib_libpng.dll
 0002:00000170       __imp__png_create_read_struct 10006170     lib_libpng:lib_libpng.dll
 0002:00000174       __imp__png_sig_cmp         10006174     lib_libpng:lib_libpng.dll
 0002:00000178       __imp__png_read_info       10006178     lib_libpng:lib_libpng.dll
 0002:0000017c       __imp__png_get_IHDR        1000617c     lib_libpng:lib_libpng.dll
 0002:00000180       __imp__png_error           10006180     lib_libpng:lib_libpng.dll
 0002:00000184       \177lib_libpng_NULL_THUNK_DATA 10006184     lib_libpng:lib_libpng.dll
 0002:00000188       ___xc_a                    10006188     MSVCRT:cinitexe.obj
 0002:000004f0       ___xc_z                    100064f0     MSVCRT:cinitexe.obj
 0002:000004f4       ___xi_a                    100064f4     MSVCRT:cinitexe.obj
 0002:00000500       ___xi_z                    10006500     MSVCRT:cinitexe.obj
 0002:0000050c       ??_7type_info@@6B@         1000650c     MSVCRT:ti_inst.obj
 0002:00000510       __pDefaultRawDllMain       10006510     MSVCRT:crtdll.obj
 0002:00000510       __pRawDllMain              10006510     MSVCRT:crtdll.obj
 0002:0000051c       ??_C@_0P@GHFPNOJB@bad?5allocation?$AA@ 1000651c     plugin_test1.obj
 0002:0000052c       ??_C@_0BF@OCNNAADO@UModSys?3?3core?3?3IRoot?$AA@ 1000652c     plugin_test1.obj
 0002:00000544       ??_C@_0BK@EMIJFOPA@UModSys?3?3core?3?3IRefObject?$AA@ 10006544     plugin_test1.obj
 0002:00000560       ??_C@_0BL@IOMMHELF@UModSys?3?3core?3?3IParameters?$AA@ 10006560     plugin_test1.obj
 0002:0000057c       ??_C@_0BH@LKDEEPPM@UModSys?3?3base?3?3IModule?$AA@ 1000657c     plugin_test1.obj
 0002:00000594       ??_C@_0BO@PHJOHFCB@UModSys?3?3base?3?3IModuleLibrary?$AA@ 10006594     plugin_test1.obj
 0002:000005b4       ??_C@_0BK@FDPIOPHG@UModSys?3?3base?3?3IModObject?$AA@ 100065b4     plugin_test1.obj
 0002:000005d0       ??_C@_0BK@OIBKNCKJ@UModSys?3?3base?3?3IGenerator?$AA@ 100065d0     plugin_test1.obj
 0002:000005ec       ??_C@_0BG@PJBGCMEC@UModSys?3?3base?3?3IShell?$AA@ 100065ec     plugin_test1.obj
 0002:00000604       ??_C@_0BI@IKAOEFAP@UModSys?3?3base?3?3IConsole?$AA@ 10006604     plugin_test1.obj
 0002:0000061c       ??_C@_0BH@PFCONEJJ@UModSys?3?3base?3?3ISystem?$AA@ 1000661c     plugin_test1.obj
 0002:00000634       ??_C@_0CB@CLGNFEGF@UModSys?3?3libmedia?3?3IStreamReader@ 10006634     plugin_test1.obj
 0002:00000658       ??_C@_0CB@HOPFFLP@UModSys?3?3libmedia?3?3IStreamWriter@ 10006658     plugin_test1.obj
 0002:0000067c       ??_C@_0BP@KCJMEDNO@UModSys?3?3libmedia?3?3IBinArchive?$AA@ 1000667c     plugin_test1.obj
 0002:0000069c       ??_C@_0CB@FDEKNMGJ@UModSys?3?3libmedia?3?3IBinObjFilter@ 1000669c     plugin_test1.obj
 0002:000006c0       ??_C@_0BM@DPCMOAPM@UModSys?3?3libmedia?3?3ILibrary?$AA@ 100066c0     plugin_test1.obj
 0002:000006dc       ??_C@_0CD@ELIFEGE@UModSys?3?3libmedia?3?3ILibraryBinTr@ 100066dc     plugin_test1.obj
 0002:00000700       ??_C@_0CE@EGHBJBAJ@UModSys?3?3libmedia?3?3ILibraryBinCa@ 10006700     plugin_test1.obj
 0002:00000724       ??_C@_0CF@LBIGBLOK@UModSys?3?3libmedia?3?3ILibraryObjFi@ 10006724     plugin_test1.obj
 0002:0000074c       ??_C@_0CE@BOBLEOBL@UModSys?3?3libmedia?3?3ILibraryObjCa@ 1000674c     plugin_test1.obj
 0002:00000770       ??_C@_0CD@LJFEJKGF@UModSys?3?3libmedia?3?3ILibraryLayer@ 10006770     plugin_test1.obj
 0002:00000798       ?utf_bytesFromUTF8@su@tl@UModSys@@3QBEB 10006798     umodsys_lib_core:umodsys.tl.utf.obj
 0002:00000898       ?utf_firstByteMark@su@tl@UModSys@@3QBEB 10006898     umodsys_lib_core:umodsys.tl.utf.obj
 0002:000008a0       ?utf_offsetsFromUTF8@su@tl@UModSys@@3QBHB 100068a0     umodsys_lib_core:umodsys.tl.utf.obj
 0002:000008d0       ??_C@_0BL@NMJBPMOF@UModSys?3?3base?3?3IConsoleExt?$AA@ 100068d0     plugin_test1.obj
 0002:000008ec       ??_C@_0BO@CGANABBB@UModSys?3?3base?3?3IConsoleHelper?$AA@ 100068ec     plugin_test1.obj
 0002:0000090c       ??_C@_0CF@NIEDAAFG@UModSys?3?3base?3?3IConsoleHelperHis@ 1000690c     plugin_test1.obj
 0002:00000934       ??_C@_0CD@FCDJONHN@UModSys?3?3base?3?3IConsoleHelperInp@ 10006934     plugin_test1.obj
 0002:00000958       ??_C@_0CE@KMOIHDDJ@UModSys?3?3base?3?3IConsoleHelperOut@ 10006958     plugin_test1.obj
 0002:0000097c       ??_C@_0CH@NMEMKECD@UModSys?3?3base?3?3IConsoleHelperOut@ 1000697c     plugin_test1.obj
 0002:000009a4       ??_C@_0CE@DIFILHID@UModSys?3?3libui?3?3IKeyboardControl@ 100069a4     plugin_test1.obj
[...]
 0001:00004411       __unwindfunclet$?generate@RGenerator@test1@test@modules@UModSys@@UAE_NAAU?$TRefObject@UIRefObject@core@UModSys@@U?$TRefObjectFunc@UIRefObject@core@UModSys@@@tl@3@@tl@5@PBUSUniquePointerInfo@core@5@ABUSParameters@95@@Z$0 10005411 f    CIL library: CIL module
 0001:0000441c       __ehhandler$?generate@RGenerator@test1@test@modules@UModSys@@UAE_NAAU?$TRefObject@UIRefObject@core@UModSys@@U?$TRefObjectFunc@UIRefObject@core@UModSys@@@tl@3@@tl@5@PBUSUniquePointerInfo@core@5@ABUSParameters@95@@Z 1000541c f    CIL library: CIL module
 0001:00004426       ??__E?s_modreg@RModuleReg@test1@test@modules@UModSys@@2U12345@A@@YAXXZ 10005426 f    CIL library: CIL module
 0001:00004456       ??__E?s_modreg_chain@RModuleReg@test1@test@modules@UModSys@@2USModuleRegChain@base@5@A@@YAXXZ 10005456 f    CIL library: CIL module
 0001:00004471       ??__E?s_uid@RGenerator@test1@test@modules@UModSys@@2USUniquePointer@core@5@A@@YAXXZ 10005471 f    CIL library: CIL module
 0001:00004493       ??__E?s_id@?$TObjectUniqueID@UIRoot@core@UModSys@@@tl@UModSys@@2USUniquePointer@core@3@A@@YAXXZ 10005493 f    CIL library: CIL module
 0001:000044b5       ??__E?s_id@?$TObjectUniqueID@UIRefObject@core@UModSys@@@tl@UModSys@@2USUniquePointer@core@3@A@@YAXXZ 100054b5 f    CIL library: CIL module
 0001:000044d7       ??__E?s_id@?$TObjectUniqueID@UIParameters@core@UModSys@@@tl@UModSys@@2USUniquePointer@core@3@A@@YAXXZ 100054d7 f    CIL library: CIL module
 0001:000044f9       ??__E?s_id@?$TObjectUniqueID@UIModule@base@UModSys@@@tl@UModSys@@2USUniquePointer@core@3@A@@YAXXZ 100054f9 f    CIL library: CIL module
 0001:0000451b       ??__E?s_id@?$TObjectUniqueID@UIModuleLibrary@base@UModSys@@@tl@UModSys@@2USUniquePointer@core@3@A@@YAXXZ 1000551b f    CIL library: CIL module
 0001:0000453d       ??__E?s_id@?$TObjectUniqueID@UIModObject@base@UModSys@@@tl@UModSys@@2USUniquePointer@core@3@A@@YAXXZ 1000553d f    CIL library: CIL module
 0001:0000455f       ??__E?s_id@?$TObjectUniqueID@UIGenerator@base@UModSys@@@tl@UModSys@@2USUniquePointer@core@3@A@@YAXXZ 1000555f f    CIL library: CIL module
 0001:00004581       ??__E?s_id@?$TObjectUniqueID@UIShell@base@UModSys@@@tl@UModSys@@2USUniquePointer@core@3@A@@YAXXZ 10005581 f    CIL library: CIL module
 0001:000045a3       ??__E?s_id@?$TObjectUniqueID@UIConsole@base@UModSys@@@tl@UModSys@@2USUniquePointer@core@3@A@@YAXXZ 100055a3 f    CIL library: CIL module
 0001:000045c5       ??__E?s_id@?$TObjectUniqueID@UISystem@base@UModSys@@@tl@UModSys@@2USUniquePointer@core@3@A@@YAXXZ 100055c5 f    CIL library: CIL module
 0001:000045e7       ??__E?s_id@?$TObjectUniqueID@UIStreamReader@libmedia@UModSys@@@tl@UModSys@@2USUniquePointer@core@3@A@@YAXXZ 100055e7 f    CIL library: CIL module
 0001:00004609       ??__E?s_id@?$TObjectUniqueID@UIStreamWriter@libmedia@UModSys@@@tl@UModSys@@2USUniquePointer@core@3@A@@YAXXZ 10005609 f    CIL library: CIL module
 0001:0000462b       ??__E?s_id@?$TObjectUniqueID@UIBinArchive@libmedia@UModSys@@@tl@UModSys@@2USUniquePointer@core@3@A@@YAXXZ 1000562b f    CIL library: CIL module
 0001:0000464d       ??__E?s_id@?$TObjectUniqueID@UIBinObjFilter@libmedia@UModSys@@@tl@UModSys@@2USUniquePointer@core@3@A@@YAXXZ 1000564d f    CIL library: CIL module
 0001:0000466f       ??__E?s_id@?$TObjectUniqueID@UILibrary@libmedia@UModSys@@@tl@UModSys@@2USUniquePointer@core@3@A@@YAXXZ 1000566f f    CIL library: CIL module
 0001:00004691       ??__E?s_id@?$TObjectUniqueID@UILibraryBinTree@libmedia@UModSys@@@tl@UModSys@@2USUniquePointer@core@3@A@@YAXXZ 10005691 f    CIL library: CIL module
 0001:000046b3       ??__E?s_id@?$TObjectUniqueID@UILibraryBinCache@libmedia@UModSys@@@tl@UModSys@@2USUniquePointer@core@3@A@@YAXXZ 100056b3 f    CIL library: CIL module
 0001:000046d5       ??__E?s_id@?$TObjectUniqueID@UILibraryObjFilter@libmedia@UModSys@@@tl@UModSys@@2USUniquePointer@core@3@A@@YAXXZ 100056d5 f    CIL library: CIL module
 0001:000046f7       ??__E?s_id@?$TObjectUniqueID@UILibraryObjCache@libmedia@UModSys@@@tl@UModSys@@2USUniquePointer@core@3@A@@YAXXZ 100056f7 f    CIL library: CIL module
 0001:00004719       ??__E?s_id@?$TObjectUniqueID@UILibraryLayered@libmedia@UModSys@@@tl@UModSys@@2USUniquePointer@core@3@A@@YAXXZ 10005719 f    CIL library: CIL module
 0001:0000473b       ??__E?s_id@?$TObjectUniqueID@UIConsoleExt@base@UModSys@@@tl@UModSys@@2USUniquePointer@core@3@A@@YAXXZ 1000573b f    CIL library: CIL module
 0001:0000475d       ??__E?s_id@?$TObjectUniqueID@UIConsoleHelper@base@UModSys@@@tl@UModSys@@2USUniquePointer@core@3@A@@YAXXZ 1000575d f    CIL library: CIL module
 0001:0000477f       ??__E?s_id@?$TObjectUniqueID@UIConsoleHelperHistory@base@UModSys@@@tl@UModSys@@2USUniquePointer@core@3@A@@YAXXZ 1000577f f    CIL library: CIL module
 0001:000047a1       ??__E?s_id@?$TObjectUniqueID@UIConsoleHelperInput@base@UModSys@@@tl@UModSys@@2USUniquePointer@core@3@A@@YAXXZ 100057a1 f    CIL library: CIL module
 0001:000047c3       ??__E?s_id@?$TObjectUniqueID@UIConsoleHelperOutput@base@UModSys@@@tl@UModSys@@2USUniquePointer@core@3@A@@YAXXZ 100057c3 f    CIL library: CIL module
 0001:000047e5       ??__E?s_id@?$TObjectUniqueID@UIConsoleHelperOutputFCS@base@UModSys@@@tl@UModSys@@2USUniquePointer@core@3@A@@YAXXZ 100057e5 f    CIL library: CIL module
 0001:00004807       ??__E?s_id@?$TObjectUniqueID@UIKeyboardController@libui@UModSys@@@tl@UModSys@@2USUniquePointer@core@3@A@@YAXXZ 10005807 f    CIL library: CIL module
 0001:00004829       ??__E?s_id@?$TObjectUniqueID@UIMouseController@libui@UModSys@@@tl@UModSys@@2USUniquePointer@core@3@A@@YAXXZ 10005829 f    CIL library: CIL module
 0001:0000484b       ??__E?s_id@?$TObjectUniqueID@UIJoystickController@libui@UModSys@@@tl@UModSys@@2USUniquePointer@core@3@A@@YAXXZ 1000584b f    CIL library: CIL module
 0001:0000486d       ??__E?s_id@?$TObjectUniqueID@UITerminal@libui@UModSys@@@tl@UModSys@@2USUniquePointer@core@3@A@@YAXXZ 1000586d f    CIL library: CIL module
 0001:0000488f       ??__E?s_id@?$TObjectUniqueID@UIConsoleHelperInput_UIKey@libui@UModSys@@@tl@UModSys@@2USUniquePointer@core@3@A@@YAXXZ 1000588f f    CIL library: CIL module
 0001:000048b1       ??__E?s_id@?$TObjectUniqueID@UIImage@lib2d@UModSys@@@tl@UModSys@@2USUniquePointer@core@3@A@@YAXXZ 100058b1 f    CIL library: CIL module
 0001:000048d3       ??__E?s_id@?$TObjectUniqueID@UIMultiImage@lib2d@UModSys@@@tl@UModSys@@2USUniquePointer@core@3@A@@YAXXZ 100058d3 f    CIL library: CIL module
 0001:000048f5       ??__E?s_id@?$TObjectUniqueID@UIRenderDriver@lib2d@UModSys@@@tl@UModSys@@2USUniquePointer@core@3@A@@YAXXZ 100058f5 f    CIL library: CIL module
 0001:00004917       ??__E?s_id@?$TObjectUniqueID@UILines@test1@test@modules@UModSys@@@tl@UModSys@@2USUniquePointer@core@3@A@@YAXXZ 10005917 f    CIL library: CIL module
 0001:00004939       ??__E?s_id@?$TObjectUniqueID@URLines@test1@test@modules@UModSys@@@tl@UModSys@@2USUniquePointer@core@3@A@@YAXXZ 10005939 f    CIL library: CIL module
 0001:0000495b       ??__E?s_id@?$TObjectUniqueID@URLines_Filter@test1@test@modules@UModSys@@@tl@UModSys@@2USUniquePointer@core@3@A@@YAXXZ 1000595b f    CIL library: CIL module
 0001:0000497d       ??__E?s_id@?$TObjectUniqueID@URTest1_Shell@test1@test@modules@UModSys@@@tl@UModSys@@2USUniquePointer@core@3@A@@YAXXZ 1000597d f    CIL library: CIL module
 0001:0000499f       ??__E?s_id@?$TObjectUniqueID@URGenerator@test1@test@modules@UModSys@@@tl@UModSys@@2USUniquePointer@core@3@A@@YAXXZ 1000599f f    CIL library: CIL module
 0001:000049c1       ??__E?s_modreg@RModuleReg@SDL_core@ui@modules@UModSys@@2U12345@A@@YAXXZ 100059c1 f    CIL library: CIL module
 0001:000049f1       ??__E?s_modreg_chain@RModuleReg@SDL_core@ui@modules@UModSys@@2USModuleRegChain@base@5@A@@YAXXZ 100059f1 f    CIL library: CIL module
 0001:00004a0c       ??__E?s_uid@RGenerator@SDL_core@ui@modules@UModSys@@2USUniquePointer@core@5@A@@YAXXZ 10005a0c f    CIL library: CIL module
 0001:00004a2e       ??__E?s_id@?$TObjectUniqueID@URMultiImage2D_SDL_ttf@SDL_core@ui@modules@UModSys@@@tl@UModSys@@2USUniquePointer@core@3@A@@YAXXZ 10005a2e f    CIL library: CIL module
 0001:00004a50       ??__E?s_id@?$TObjectUniqueID@URRenderDriver2D_SDL_core@SDL_core@ui@modules@UModSys@@@tl@UModSys@@2USUniquePointer@core@3@A@@YAXXZ 10005a50 f    CIL library: CIL module
 0001:00004a72       ??__E?s_id@?$TObjectUniqueID@URTerminal_SDL_core@SDL_core@ui@modules@UModSys@@@tl@UModSys@@2USUniquePointer@core@3@A@@YAXXZ 10005a72 f    CIL library: CIL module
 0001:00004a94       ??__E?s_id@?$TObjectUniqueID@URGenerator@SDL_core@ui@modules@UModSys@@@tl@UModSys@@2USUniquePointer@core@3@A@@YAXXZ 10005a94 f    CIL library: CIL module
 0001:00004ab6       ??__E?s_modreg@RModuleReg@images_std@media@modules@UModSys@@2U12345@A@@YAXXZ 10005ab6 f    CIL library: CIL module
 0001:00004ae6       ??__E?s_modreg_chain@RModuleReg@images_std@media@modules@UModSys@@2USModuleRegChain@base@5@A@@YAXXZ 10005ae6 f    CIL library: CIL module
 0001:00004b01       ??__E?s_uid@RGenerator@images_std@media@modules@UModSys@@2USUniquePointer@core@5@A@@YAXXZ 10005b01 f    CIL library: CIL module
 0001:00004b23       ??__E?s_id@?$TObjectUniqueID@URMediaFilter@images_std@media@modules@UModSys@@@tl@UModSys@@2USUniquePointer@core@3@A@@YAXXZ 10005b23 f    CIL library: CIL module
 0001:00004b45       ??__E?s_id@?$TObjectUniqueID@URGenerator@images_std@media@modules@UModSys@@@tl@UModSys@@2USUniquePointer@core@3@A@@YAXXZ 10005b45 f    CIL library: CIL module
 0001:00004b67       ??__EM@UModSys@@YAXXZ      10005b67 f    CIL library: CIL module
 0001:00004b73       ??__E?root@SModuleRegChain@base@UModSys@@2U123@A@@YAXXZ 10005b73 f    CIL library: CIL module
 0001:00004b7f       ??__E?s_library@RModuleLibraryReg_Chain@base@UModSys@@2U123@A@@YAXXZ 10005b7f f    CIL library: CIL module
 0001:00004b8b       ??__E?root@SUniquePointer@core@UModSys@@2U123@A@@YAXXZ 10005b8b f    CIL library: CIL module
 0001:00004b97       ??__F?s_modreg@RModuleReg@test1@test@modules@UModSys@@2U12345@A@@YAXXZ 10005b97 f    CIL library: CIL module
 0001:00004ba2       ??__F?s_modreg_chain@RModuleReg@test1@test@modules@UModSys@@2USModuleRegChain@base@5@A@@YAXXZ 10005ba2 f    CIL library: CIL module
 0001:00004bac       ??__F?s_uid@RGenerator@test1@test@modules@UModSys@@2USUniquePointer@core@5@A@@YAXXZ 10005bac f    CIL library: CIL module
 0001:00004bb6       ??__Fh@?1??s_holder@RGenerator@test1@test@modules@UModSys@@SAAAU?$TTypeStaticHolder@URGenerator@test1@test@modules@UModSys@@@tl@5@XZ@YAXXZ 10005bb6 f    CIL library: CIL module
 0001:00004bd3       ??__F?s_id@?$TObjectUniqueID@URGenerator@test1@test@modules@UModSys@@@tl@UModSys@@2USUniquePointer@core@3@A@@YAXXZ 10005bd3 f    CIL library: CIL module
 0001:00004bdd       ??__F?s_id@?$TObjectUniqueID@URTest1_Shell@test1@test@modules@UModSys@@@tl@UModSys@@2USUniquePointer@core@3@A@@YAXXZ 10005bdd f    CIL library: CIL module
 0001:00004be7       ??__F?s_id@?$TObjectUniqueID@URLines_Filter@test1@test@modules@UModSys@@@tl@UModSys@@2USUniquePointer@core@3@A@@YAXXZ 10005be7 f    CIL library: CIL module
 0001:00004bf1       ??__F?s_id@?$TObjectUniqueID@URLines@test1@test@modules@UModSys@@@tl@UModSys@@2USUniquePointer@core@3@A@@YAXXZ 10005bf1 f    CIL library: CIL module
 0001:00004bfb       ??__F?s_id@?$TObjectUniqueID@UILines@test1@test@modules@UModSys@@@tl@UModSys@@2USUniquePointer@core@3@A@@YAXXZ 10005bfb f    CIL library: CIL module
 0001:00004c05       ??__F?s_id@?$TObjectUniqueID@UIRenderDriver@lib2d@UModSys@@@tl@UModSys@@2USUniquePointer@core@3@A@@YAXXZ 10005c05 f    CIL library: CIL module
 0001:00004c0f       ??__F?s_id@?$TObjectUniqueID@UIMultiImage@lib2d@UModSys@@@tl@UModSys@@2USUniquePointer@core@3@A@@YAXXZ 10005c0f f    CIL library: CIL module
 0001:00004c19       ??__F?s_id@?$TObjectUniqueID@UIImage@lib2d@UModSys@@@tl@UModSys@@2USUniquePointer@core@3@A@@YAXXZ 10005c19 f    CIL library: CIL module
 0001:00004c23       ??__F?s_id@?$TObjectUniqueID@UIConsoleHelperInput_UIKey@libui@UModSys@@@tl@UModSys@@2USUniquePointer@core@3@A@@YAXXZ 10005c23 f    CIL library: CIL module
 0001:00004c2d       ??__F?s_id@?$TObjectUniqueID@UITerminal@libui@UModSys@@@tl@UModSys@@2USUniquePointer@core@3@A@@YAXXZ 10005c2d f    CIL library: CIL module
 0001:00004c37       ??__F?s_id@?$TObjectUniqueID@UIJoystickController@libui@UModSys@@@tl@UModSys@@2USUniquePointer@core@3@A@@YAXXZ 10005c37 f    CIL library: CIL module
 0001:00004c41       ??__F?s_id@?$TObjectUniqueID@UIMouseController@libui@UModSys@@@tl@UModSys@@2USUniquePointer@core@3@A@@YAXXZ 10005c41 f    CIL library: CIL module
 0001:00004c4b       ??__F?s_id@?$TObjectUniqueID@UIKeyboardController@libui@UModSys@@@tl@UModSys@@2USUniquePointer@core@3@A@@YAXXZ 10005c4b f    CIL library: CIL module
 0001:00004c55       ??__F?s_id@?$TObjectUniqueID@UIConsoleHelperOutputFCS@base@UModSys@@@tl@UModSys@@2USUniquePointer@core@3@A@@YAXXZ 10005c55 f    CIL library: CIL module
 0001:00004c5f       ??__F?s_id@?$TObjectUniqueID@UIConsoleHelperOutput@base@UModSys@@@tl@UModSys@@2USUniquePointer@core@3@A@@YAXXZ 10005c5f f    CIL library: CIL module
 0001:00004c69       ??__F?s_id@?$TObjectUniqueID@UIConsoleHelperInput@base@UModSys@@@tl@UModSys@@2USUniquePointer@core@3@A@@YAXXZ 10005c69 f    CIL library: CIL module
 0001:00004c73       ??__F?s_id@?$TObjectUniqueID@UIConsoleHelperHistory@base@UModSys@@@tl@UModSys@@2USUniquePointer@core@3@A@@YAXXZ 10005c73 f    CIL library: CIL module
 0001:00004c7d       ??__F?s_id@?$TObjectUniqueID@UIConsoleHelper@base@UModSys@@@tl@UModSys@@2USUniquePointer@core@3@A@@YAXXZ 10005c7d f    CIL library: CIL module
 0001:00004c87       ??__F?s_id@?$TObjectUniqueID@UIConsoleExt@base@UModSys@@@tl@UModSys@@2USUniquePointer@core@3@A@@YAXXZ 10005c87 f    CIL library: CIL module
 0001:00004c91       ??__F?s_id@?$TObjectUniqueID@UILibraryLayered@libmedia@UModSys@@@tl@UModSys@@2USUniquePointer@core@3@A@@YAXXZ 10005c91 f    CIL library: CIL module
 0001:00004c9b       ??__F?s_id@?$TObjectUniqueID@UILibraryObjCache@libmedia@UModSys@@@tl@UModSys@@2USUniquePointer@core@3@A@@YAXXZ 10005c9b f    CIL library: CIL module
 0001:00004ca5       ??__F?s_id@?$TObjectUniqueID@UILibraryObjFilter@libmedia@UModSys@@@tl@UModSys@@2USUniquePointer@core@3@A@@YAXXZ 10005ca5 f    CIL library: CIL module
 0001:00004caf       ??__F?s_id@?$TObjectUniqueID@UILibraryBinCache@libmedia@UModSys@@@tl@UModSys@@2USUniquePointer@core@3@A@@YAXXZ 10005caf f    CIL library: CIL module
 0001:00004cb9       ??__F?s_id@?$TObjectUniqueID@UILibraryBinTree@libmedia@UModSys@@@tl@UModSys@@2USUniquePointer@core@3@A@@YAXXZ 10005cb9 f    CIL library: CIL module
 0001:00004cc3       ??__F?s_id@?$TObjectUniqueID@UILibrary@libmedia@UModSys@@@tl@UModSys@@2USUniquePointer@core@3@A@@YAXXZ 10005cc3 f    CIL library: CIL module
 0001:00004ccd       ??__F?s_id@?$TObjectUniqueID@UIBinObjFilter@libmedia@UModSys@@@tl@UModSys@@2USUniquePointer@core@3@A@@YAXXZ 10005ccd f    CIL library: CIL module
 0001:00004cd7       ??__F?s_id@?$TObjectUniqueID@UIBinArchive@libmedia@UModSys@@@tl@UModSys@@2USUniquePointer@core@3@A@@YAXXZ 10005cd7 f    CIL library: CIL module
 0001:00004ce1       ??__F?s_id@?$TObjectUniqueID@UIStreamWriter@libmedia@UModSys@@@tl@UModSys@@2USUniquePointer@core@3@A@@YAXXZ 10005ce1 f    CIL library: CIL module
 0001:00004ceb       ??__F?s_id@?$TObjectUniqueID@UIStreamReader@libmedia@UModSys@@@tl@UModSys@@2USUniquePointer@core@3@A@@YAXXZ 10005ceb f    CIL library: CIL module
 0001:00004cf5       ??__F?s_id@?$TObjectUniqueID@UISystem@base@UModSys@@@tl@UModSys@@2USUniquePointer@core@3@A@@YAXXZ 10005cf5 f    CIL library: CIL module
 0001:00004cff       ??__F?s_id@?$TObjectUniqueID@UIConsole@base@UModSys@@@tl@UModSys@@2USUniquePointer@core@3@A@@YAXXZ 10005cff f    CIL library: CIL module
 0001:00004d09       ??__F?s_id@?$TObjectUniqueID@UIShell@base@UModSys@@@tl@UModSys@@2USUniquePointer@core@3@A@@YAXXZ 10005d09 f    CIL library: CIL module
 0001:00004d13       ??__F?s_id@?$TObjectUniqueID@UIGenerator@base@UModSys@@@tl@UModSys@@2USUniquePointer@core@3@A@@YAXXZ 10005d13 f    CIL library: CIL module
 0001:00004d1d       ??__F?s_id@?$TObjectUniqueID@UIModObject@base@UModSys@@@tl@UModSys@@2USUniquePointer@core@3@A@@YAXXZ 10005d1d f    CIL library: CIL module
 0001:00004d27       ??__F?s_id@?$TObjectUniqueID@UIModuleLibrary@base@UModSys@@@tl@UModSys@@2USUniquePointer@core@3@A@@YAXXZ 10005d27 f    CIL library: CIL module
 0001:00004d31       ??__F?s_id@?$TObjectUniqueID@UIModule@base@UModSys@@@tl@UModSys@@2USUniquePointer@core@3@A@@YAXXZ 10005d31 f    CIL library: CIL module
 0001:00004d3b       ??__F?s_id@?$TObjectUniqueID@UIParameters@core@UModSys@@@tl@UModSys@@2USUniquePointer@core@3@A@@YAXXZ 10005d3b f    CIL library: CIL module
 0001:00004d45       ??__F?s_id@?$TObjectUniqueID@UIRefObject@core@UModSys@@@tl@UModSys@@2USUniquePointer@core@3@A@@YAXXZ 10005d45 f    CIL library: CIL module
 0001:00004d4f       ??__F?s_id@?$TObjectUniqueID@UIRoot@core@UModSys@@@tl@UModSys@@2USUniquePointer@core@3@A@@YAXXZ 10005d4f f    CIL library: CIL module
 0001:00004d59       ??__F?s_modreg@RModuleReg@SDL_core@ui@modules@UModSys@@2U12345@A@@YAXXZ 10005d59 f    CIL library: CIL module
 0001:00004d64       ??__F?s_modreg_chain@RModuleReg@SDL_core@ui@modules@UModSys@@2USModuleRegChain@base@5@A@@YAXXZ 10005d64 f    CIL library: CIL module
 0001:00004d6e       ??__F?s_uid@RGenerator@SDL_core@ui@modules@UModSys@@2USUniquePointer@core@5@A@@YAXXZ 10005d6e f    CIL library: CIL module
 0001:00004d78       ??__Fh@?1??s_holder@RGenerator@SDL_core@ui@modules@UModSys@@SAAAU?$TTypeStaticHolder@URGenerator@SDL_core@ui@modules@UModSys@@@tl@5@XZ@YAXXZ 10005d78 f    CIL library: CIL module
 0001:00004d95       ??__F?s_id@?$TObjectUniqueID@URGenerator@SDL_core@ui@modules@UModSys@@@tl@UModSys@@2USUniquePointer@core@3@A@@YAXXZ 10005d95 f    CIL library: CIL module
 0001:00004d9f       ??__F?s_id@?$TObjectUniqueID@URTerminal_SDL_core@SDL_core@ui@modules@UModSys@@@tl@UModSys@@2USUniquePointer@core@3@A@@YAXXZ 10005d9f f    CIL library: CIL module
 0001:00004da9       ??__F?s_id@?$TObjectUniqueID@URRenderDriver2D_SDL_core@SDL_core@ui@modules@UModSys@@@tl@UModSys@@2USUniquePointer@core@3@A@@YAXXZ 10005da9 f    CIL library: CIL module
 0001:00004db3       ??__F?s_id@?$TObjectUniqueID@URMultiImage2D_SDL_ttf@SDL_core@ui@modules@UModSys@@@tl@UModSys@@2USUniquePointer@core@3@A@@YAXXZ 10005db3 f    CIL library: CIL module
 0001:00004dbd       ??__F?s_modreg@RModuleReg@images_std@media@modules@UModSys@@2U12345@A@@YAXXZ 10005dbd f    CIL library: CIL module
 0001:00004dc8       ??__F?s_modreg_chain@RModuleReg@images_std@media@modules@UModSys@@2USModuleRegChain@base@5@A@@YAXXZ 10005dc8 f    CIL library: CIL module
 0001:00004dd2       ??__F?s_uid@RGenerator@images_std@media@modules@UModSys@@2USUniquePointer@core@5@A@@YAXXZ 10005dd2 f    CIL library: CIL module
 0001:00004ddc       ??__Fh@?1??s_holder@RGenerator@images_std@media@modules@UModSys@@SAAAU?$TTypeStaticHolder@URGenerator@images_std@media@modules@UModSys@@@tl@5@XZ@YAXXZ 10005ddc f    CIL library: CIL module
 0001:00004df9       ??__F?s_id@?$TObjectUniqueID@URGenerator@images_std@media@modules@UModSys@@@tl@UModSys@@2USUniquePointer@core@3@A@@YAXXZ 10005df9 f    CIL library: CIL module
 0001:00004e03       ??__F?s_id@?$TObjectUniqueID@URMediaFilter@images_std@media@modules@UModSys@@@tl@UModSys@@2USUniquePointer@core@3@A@@YAXXZ 10005e03 f    CIL library: CIL module
 0001:00004e0d       ??__FM@UModSys@@YAXXZ      10005e0d f    CIL library: CIL module
 0001:00004e0e       ??__F?root@SModuleRegChain@base@UModSys@@2U123@A@@YAXXZ 10005e0e f    CIL library: CIL module
 0001:00004e18       ??__F?s_library@RModuleLibraryReg_Chain@base@UModSys@@2U123@A@@YAXXZ 10005e18 f    CIL library: CIL module
 0001:00004e23       ??__F?root@SUniquePointer@core@UModSys@@2U123@A@@YAXXZ 10005e23 f    CIL library: CIL module

 Exports

  ordinal    name

        1    _UModSys_Plugin_Entry2@0
