 plugin_test1

 Timestamp is 52a5f2a3 (Mon Dec 09 19:41:07 2013)

 Preferred load address is 10000000

 Start         Length     Name                   Class
 0001:00000000 0000da2aH .text                   CODE
 0001:0000da2a 000006bcH .text$x                 CODE
 0001:0000e0e6 00000c2cH .text$yc                CODE
 0001:0000ed12 0000044eH .text$yd                CODE
 0002:00000000 000001c0H .idata$5                DATA
 0002:000001c0 00000004H .CRT$XCA                DATA
 0002:000001c4 000007ecH .CRT$XCU                DATA
 0002:000009b0 00000004H .CRT$XCZ                DATA
 0002:000009b4 00000004H .CRT$XIA                DATA
 0002:000009b8 00000004H .CRT$XIAA               DATA
 0002:000009bc 00000004H .CRT$XIC                DATA
 0002:000009c0 00000004H .CRT$XIZ                DATA
 0002:000009c8 000020b8H .rdata                  DATA
 0002:00002a80 00001738H .rdata$r                DATA
 0002:000041c0 000000bcH .rdata$sxdata           DATA
 0002:0000427c 00000004H .rtc$IAA                DATA
 0002:00004280 00000004H .rtc$IZZ                DATA
 0002:00004284 00000004H .rtc$TAA                DATA
 0002:00004288 00000004H .rtc$TZZ                DATA
 0002:00004290 00000b1cH .xdata$x                DATA
 0002:00004dac 00000064H .idata$2                DATA
 0002:00004e10 00000014H .idata$3                DATA
 0002:00004e24 000001c0H .idata$4                DATA
 0002:00004fe4 00000854H .idata$6                DATA
 0002:00005840 0000005cH .edata                  DATA
 0003:00000000 00000dd0H .data                   DATA
 0003:00000dd0 00000cc4H .bss                    DATA

  Address         Publics by Value              Rva+Base       Lib:Object

 0000:00000000       __except_list              00000000     <absolute>
 0000:0000002f       ___safe_se_handler_count   0000002f     <absolute>
 0000:00009876       __ldused                   00009876     <absolute>
 0000:00009876       __fltused                  00009876     <absolute>
 0000:00000000       ___ImageBase               10000000     <linker-defined>
 0001:00000000       ?suicide@RGenerator@test1@test@modules@UModSys@@UAEXXZ 10001000 f i plugin_test1.obj
 0001:00000000       ?suicide@RGenerator@SDL_core@ui@modules@UModSys@@UAEXXZ 10001000 f i umodsys_lib_libui:umodsys.mod.ui.SDL_core.obj
 0001:00000000       ?suicide@RGenerator@frames@ui@modules@UModSys@@UAEXXZ 10001000 f i umodsys_lib_libui:umodsys.mod.ui.frames.obj
 0001:00000000       ?suicide@RGenerator@serialize_json@media@modules@UModSys@@UAEXXZ 10001000 f i umodsys_lib_libmedia:umodsys.mod.media.serialize_json.obj
 0001:00000000       ?suicide@RGenerator@images_std@media@modules@UModSys@@UAEXXZ 10001000 f i umodsys_lib_libmedia:umodsys.mod.media.images_std.obj
 0001:00000000       ??3@YAXPAX0@Z              10001000 f i plugin_test1.obj
 0001:00000000       ?suicide@RGenerator@stdlib@lib2d@modules@UModSys@@UAEXXZ 10001000 f i umodsys_lib_lib2d:umodsys.mod.2d.stdlib.obj
 0001:00000001       ?new_data@SMemorySharedData@core@UModSys@@SAPAU123@IPBUSSourceContext@23@@Z 10001001 f i plugin_test1.obj
 0001:00000025       ??1State@RImage_Memory@stdlib@lib2d@modules@UModSys@@QAE@XZ 10001025 f i umodsys_lib_lib2d:umodsys.mod.2d.stdlib.obj
 0001:00000025       ??1SMemShared@core@UModSys@@QAE@XZ 10001025 f i plugin_test1.obj
 0001:0000002f       ?link@SCMemShared@core@UModSys@@QAE_NPAUSMemorySharedData@23@PAUSSourceContext@23@@Z 1000102f f i plugin_test1.obj
 0001:0000002f       ?link@SMemShared@core@UModSys@@QAE_NPAUSMemorySharedData@23@PAUSSourceContext@23@@Z 1000102f f i plugin_test1.obj
 0001:00000054       ?get@SMemShared@core@UModSys@@QBE?AUSMem@23@XZ 10001054 f i umodsys_lib_libmedia:umodsys.mod.media.images_std.obj
 0001:00000054       ??BSMemShared@core@UModSys@@QBE?AUSMem@12@XZ 10001054 f i umodsys_lib_lib2d:umodsys.mod.2d.stdlib.obj
 0001:00000054       ??BSCMemShared@core@UModSys@@QBE?AUSCMem@12@XZ 10001054 f i plugin_test1.obj
 0001:00000084       ??6SUniquePtrList@core@UModSys@@QAEAAU012@PBUSUniquePointerInfo@12@@Z 10001084 f i plugin_test1.obj
 0001:000000b5       ??3IRoot@core@UModSys@@SAXPAXABUSIMemAlloc@12@@Z 100010b5 f i plugin_test1.obj
 0001:000000ce       ?_root_get_other_interface@IRefObject@core@UModSys@@IBEPBUIRoot@23@PBUSUniquePointerInfo@23@@Z 100010ce f i plugin_test1.obj
 0001:000000ce       ?_root_get_other_interface@IRefObject@core@UModSys@@IAEPAUIRoot@23@PBUSUniquePointerInfo@23@@Z 100010ce f i plugin_test1.obj
 0001:000000ef       ?_root_get_interface_types@IRefObject@core@UModSys@@SAIAAUSUniquePtrList@23@@Z 100010ef f i plugin_test1.obj
 0001:0000010f       ?_root_is_interface_supported@IRefObject@core@UModSys@@SA_NPBUSUniquePointerInfo@23@@Z 1000110f f i plugin_test1.obj
 0001:00000126       ??$seq@D@su@tl@UModSys@@YA_NPBD0@Z 10001126 f i plugin_test1.obj
 0001:00000153       ??1?$TParametersA@$0EAA@@core@UModSys@@QAE@XZ 10001153 f i plugin_test1.obj
 0001:00000153       ??1SParameters@core@UModSys@@QAE@XZ 10001153 f i plugin_test1.obj
 0001:00000153       ??1?$TParametersA@$0BAA@@core@UModSys@@QAE@XZ 10001153 f i umodsys_lib_libui:umodsys.mod.ui.SDL_core.obj
 0001:00000160       ?add@SParameters@core@UModSys@@QAE_NPBD0@Z 10001160 f i plugin_test1.obj
 0001:0000017c       ?_root_get_other_interface@IGenerator@base@UModSys@@IBEPBUIRoot@core@3@PBUSUniquePointerInfo@53@@Z 1000117c f i plugin_test1.obj
 0001:0000017c       ?_root_get_other_interface@IGenerator@base@UModSys@@IAEPAUIRoot@core@3@PBUSUniquePointerInfo@53@@Z 1000117c f i plugin_test1.obj
 0001:00000198       ?_root_is_interface_supported@IGenerator@base@UModSys@@SA_NPBUSUniquePointerInfo@core@3@@Z 10001198 f i plugin_test1.obj
 0001:000001b8       ?bin_writer@ILibrary@libmedia@UModSys@@QAE?AU?$TRefObject@UIStreamWriter@libmedia@UModSys@@U?$TRefObjectFunc@UIStreamWriter@libmedia@UModSys@@@tl@3@@tl@3@ABU?$TString@U?$TSCoreConst@D@su@tl@UModSys@@U?$TComparerBinaryHash@D@234@@53@ABU?$TFlags4State@USMediaFlagUid@libmedia@UModSys@@I@53@@Z 100011b8 f i plugin_test1.obj
 0001:000001e7       ?obj_save@ILibrary@libmedia@UModSys@@QAE_NABU?$TString@U?$TSCoreConst@D@su@tl@UModSys@@U?$TComparerBinaryHash@D@234@@tl@3@PBUIRefObject@core@3@0PBUSParameters@73@ABU?$TFlags4State@USMediaFlagUid@libmedia@UModSys@@I@53@@Z 100011e7 f i plugin_test1.obj
 0001:00000231       ?mount_add@ILibraryBinTree@libmedia@UModSys@@QAE_NABU?$TString@U?$TSCoreConst@D@su@tl@UModSys@@U?$TComparerBinaryHash@D@234@@tl@3@PAUIBinArchive@23@H@Z 10001231 f i plugin_test1.obj
 0001:0000029f       ?mount_add@ILibraryBinTree@libmedia@UModSys@@QAE_NABU?$TString@U?$TSCoreConst@D@su@tl@UModSys@@U?$TComparerBinaryHash@D@234@@tl@3@HPAUIBinArchive@23@H@Z 1000129f f i plugin_test1.obj
 0001:00000310       ?layer_push@ILibraryLayered@libmedia@UModSys@@QAE_NPAUILibrary@23@HABU?$TString@U?$TSCoreConst@D@su@tl@UModSys@@U?$TComparerBinaryHash@D@234@@tl@3@@Z 10001310 f i plugin_test1.obj
 0001:00000378       ??1SPoint@ILibraryBinTree@libmedia@UModSys@@QAE@XZ 10001378 f i plugin_test1.obj
 0001:00000378       ??1SLayer@ILibraryLayered@libmedia@UModSys@@QAE@XZ 10001378 f i plugin_test1.obj
 0001:00000389       ?render_text@IRenderDriver@lib2d@UModSys@@QAE_NABU?$TVector2@H@math3d@3@PBHHPBU?$TVector2@M@53@@Z 10001389 f i plugin_test1.obj
 0001:000003b7       ?root_get_interface_info@RTest1_Shell@test1@test@modules@UModSys@@UBEABUSUniquePointerInfo@core@5@XZ 100013b7 f i plugin_test1.obj
 0001:000003bd       ?root_get_interface_type@RTest1_Shell@test1@test@modules@UModSys@@UBEPBUSUniquePointerInfo@core@5@XZ 100013bd f i plugin_test1.obj
 0001:000003c3       ?root_get_other_interface@RTest1_Shell@test1@test@modules@UModSys@@UAEPAUIRoot@core@5@PBUSUniquePointerInfo@75@@Z 100013c3 f i plugin_test1.obj
 0001:000003c3       ?root_get_other_interface@RTest1_Shell@test1@test@modules@UModSys@@UBEPBUIRoot@core@5@PBUSUniquePointerInfo@75@@Z 100013c3 f i plugin_test1.obj
 0001:000003e4       ?root_is_interface_supported@RTest1_Shell@test1@test@modules@UModSys@@UBE_NPBUSUniquePointerInfo@core@5@@Z 100013e4 f i plugin_test1.obj
 0001:0000040b       ?ref_add@RTest1_Shell@test1@test@modules@UModSys@@UBEXXZ 1000140b f i plugin_test1.obj
 0001:0000040f       ?ref_remove@RTest1_Shell@test1@test@modules@UModSys@@UBEXXZ 1000140f f i plugin_test1.obj
 0001:0000041a       ?ref_weak@RTest1_Shell@test1@test@modules@UModSys@@UBE_NAAUWeakPointer@IRefObject@core@5@@Z 1000141a f i plugin_test1.obj
 0001:00000439       ?suicide@RTest1_Shell@test1@test@modules@UModSys@@UAEXXZ 10001439 f i plugin_test1.obj
 0001:00000480       ??0RTest1_Shell@test1@test@modules@UModSys@@QAE@PAUIModObject@base@4@@Z 10001480 f i plugin_test1.obj
 0001:00000588       ??1RTest1_Shell@test1@test@modules@UModSys@@UAE@XZ 10001588 f i plugin_test1.obj
 0001:00000610       ?connect@RTest1_Shell@test1@test@modules@UModSys@@UAE_NXZ 10001610 f i plugin_test1.obj
 0001:00000628       ?disconnect@RTest1_Shell@test1@test@modules@UModSys@@UAE_NXZ 10001628 f i plugin_test1.obj
 0001:00000640       ?process_tick@RTest1_Shell@test1@test@modules@UModSys@@UAE_NABUSTimeMsec@core@5@@Z 10001640 f i plugin_test1.obj
 0001:0000066b       ?process_command@RTest1_Shell@test1@test@modules@UModSys@@UAE_NHQBU?$TString@U?$TSCoreConst@D@su@tl@UModSys@@U?$TComparerBinaryHash@D@234@@tl@5@@Z 1000166b f i plugin_test1.obj
 0001:00000689       ??_GRTest1_Shell@test1@test@modules@UModSys@@UAEPAXI@Z 10001689 f i plugin_test1.obj
 0001:00000689       ??_ERTest1_Shell@test1@test@modules@UModSys@@UAEPAXI@Z 10001689 f i  CIL library: CIL module
 0001:000006a6       ?new_mem_image@RTest1_Shell@test1@test@modules@UModSys@@QAE?AU?$TRefObject@UIImage@lib2d@UModSys@@U?$TRefObjectFunc@UIImage@lib2d@UModSys@@@tl@3@@tl@5@XZ 100016a6 f   plugin_test1.obj
 0001:00000726       ?media_arch_stdio@RTest1_Shell@test1@test@modules@UModSys@@QAE?AU?$TRefObject@UIBinArchive@libmedia@UModSys@@U?$TRefObjectFunc@UIBinArchive@libmedia@UModSys@@@tl@3@@tl@5@ABU?$TString@U?$TSCoreConst@D@su@tl@UModSys@@U?$TComparerBinaryHash@D@234@@75@@Z 10001726 f   plugin_test1.obj
 0001:000007b5       ?media_filter_new@RTest1_Shell@test1@test@modules@UModSys@@QAE?AU?$TRefObject@UIBinObjFilter@libmedia@UModSys@@U?$TRefObjectFunc@UIBinObjFilter@libmedia@UModSys@@@tl@3@@tl@5@ABU?$TString@U?$TSCoreConst@D@su@tl@UModSys@@U?$TComparerBinaryHash@D@234@@75@ABUSParameters@core@5@@Z 100017b5 f   plugin_test1.obj
 0001:00000835       ?media_vfs@RTest1_Shell@test1@test@modules@UModSys@@QAE?AU?$TRefObject@UILibraryBinTree@libmedia@UModSys@@U?$TRefObjectFunc@UILibraryBinTree@libmedia@UModSys@@@tl@3@@tl@5@XZ 10001835 f   plugin_test1.obj
 0001:000008b5       ?media_flt@RTest1_Shell@test1@test@modules@UModSys@@QAE?AU?$TRefObject@UILibraryObjFilter@libmedia@UModSys@@U?$TRefObjectFunc@UILibraryObjFilter@libmedia@UModSys@@@tl@3@@tl@5@XZ 100018b5 f   plugin_test1.obj
 0001:00000935       ?media_lay@RTest1_Shell@test1@test@modules@UModSys@@QAE?AU?$TRefObject@UILibraryLayered@libmedia@UModSys@@U?$TRefObjectFunc@UILibraryLayered@libmedia@UModSys@@@tl@3@@tl@5@XZ 10001935 f   plugin_test1.obj
 0001:000009b5       ?media_cache@RTest1_Shell@test1@test@modules@UModSys@@QAE?AU?$TRefObject@UILibrary@libmedia@UModSys@@U?$TRefObjectFunc@UILibrary@libmedia@UModSys@@@tl@3@@tl@5@_N@Z 100019b5 f   plugin_test1.obj
 0001:00000a94       ?file_test6@RTest1_Shell@test1@test@modules@UModSys@@QAEXXZ 10001a94 f   plugin_test1.obj
 0001:000010bf       ?key_pressed@RTest1_Shell@test1@test@modules@UModSys@@UAE_NABUSKeyboardInputRaw@libui@5@@Z 100020bf f   plugin_test1.obj
 0001:00001100       ?key_text@RTest1_Shell@test1@test@modules@UModSys@@UAE_NABUSKeyboardInputText@libui@5@@Z 10002100 f   plugin_test1.obj
 0001:00001139       ?mouse_event@RTest1_Shell@test1@test@modules@UModSys@@UAE_NABUSMouseInput@libui@5@@Z 10002139 f   plugin_test1.obj
 0001:000011a6       ?command@RTest1_Shell@test1@test@modules@UModSys@@UAE_NABUSController@libui@5@HABUSFrameDataIn@75@@Z 100021a6 f   plugin_test1.obj
 0001:000011e1       ?db_get@RTest1_Shell@test1@test@modules@UModSys@@UAE_NABUSController@libui@5@QBDABUSFrameDataOut@75@@Z 100021e1 f   plugin_test1.obj
 0001:00001236       ?db_get@RTest1_Shell@test1@test@modules@UModSys@@UAE_NABUSController@libui@5@QBDHABUSFrameDataOut@75@@Z 10002236 f   plugin_test1.obj
 0001:00001289       ?get_generated_names@RGenerator@test1@test@modules@UModSys@@UBEHAAUSUniquePtrList@core@5@@Z 10002289 f i plugin_test1.obj
 0001:000012a2       ?get_generated_types@RGenerator@test1@test@modules@UModSys@@UBEHAAUSUniquePtrList@core@5@PBUSUniquePointerInfo@75@@Z 100022a2 f i plugin_test1.obj
 0001:000012d6       ?generate@RGenerator@test1@test@modules@UModSys@@UAE_NAAU?$TRefObject@UIRefObject@core@UModSys@@U?$TRefObjectFunc@UIRefObject@core@UModSys@@@tl@3@@tl@5@PBUSUniquePointerInfo@core@5@ABUSParameters@95@@Z 100022d6 f i plugin_test1.obj
 0001:00001358       ?root_get_interface_info@RGenerator@test1@test@modules@UModSys@@UBEABUSUniquePointerInfo@core@5@XZ 10002358 f i plugin_test1.obj
 0001:0000135e       ?root_get_interface_type@RGenerator@test1@test@modules@UModSys@@UBEPBUSUniquePointerInfo@core@5@XZ 1000235e f i plugin_test1.obj
 0001:00001364       ?root_get_other_interface@RGenerator@test1@test@modules@UModSys@@UAEPAUIRoot@core@5@PBUSUniquePointerInfo@75@@Z 10002364 f i plugin_test1.obj
 0001:00001364       ?root_get_other_interface@RGenerator@test1@test@modules@UModSys@@UBEPBUIRoot@core@5@PBUSUniquePointerInfo@75@@Z 10002364 f i plugin_test1.obj
 0001:0000137d       ?root_is_interface_supported@RGenerator@test1@test@modules@UModSys@@UBE_NPBUSUniquePointerInfo@core@5@@Z 1000237d f i plugin_test1.obj
 0001:0000139c       ?get_uid@RGenerator@test1@test@modules@UModSys@@UBEPBUSUniquePointerInfo@core@5@XZ 1000239c f i plugin_test1.obj
 0001:000013a2       ?do_open@RModuleReg@test1@test@modules@UModSys@@UAE_NXZ 100023a2 f i plugin_test1.obj
 0001:00001400       ?do_close@RModuleReg@test1@test@modules@UModSys@@UAE_NXZ 10002400 f i plugin_test1.obj
 0001:0000144f       ?get_module@RGenerator@test1@test@modules@UModSys@@UBEPAUIModule@base@5@XZ 1000244f f   plugin_test1.obj
 0001:00001455       ?mod_inc@RGenerator@test1@test@modules@UModSys@@UBE_NXZ 10002455 f   plugin_test1.obj
 0001:00001460       ?mod_dec@RGenerator@test1@test@modules@UModSys@@UBE_NXZ 10002460 f   plugin_test1.obj
 0001:0000146b       ?s_holder@RGenerator@test1@test@modules@UModSys@@SAAAU?$TTypeStaticHolder@URGenerator@test1@test@modules@UModSys@@@tl@5@XZ 1000246b f   plugin_test1.obj
 0001:0000149d       ??0?$TString@U?$TSCoreConst@D@su@tl@UModSys@@U?$TComparerBinaryHash@D@234@@tl@UModSys@@QAE@PBD@Z 1000249d f i plugin_test1.obj
 0001:000014b7       ??8?$TString@U?$TSCoreConst@D@su@tl@UModSys@@U?$TComparerBinaryHash@D@234@@tl@UModSys@@QBE_NPBD@Z 100024b7 f i plugin_test1.obj
 0001:000014d9       ??4?$TRefObject@UIRefObject@core@UModSys@@U?$TRefObjectFunc@UIRefObject@core@UModSys@@@tl@3@@tl@UModSys@@QAEABU012@PAUIRefObject@core@2@@Z 100024d9 f i plugin_test1.obj
 0001:000014d9       ??4?$TRefObject@URFrame_Common@frames@ui@modules@UModSys@@U?$TRefObjectFunc@URFrame_Common@frames@ui@modules@UModSys@@@tl@5@@tl@UModSys@@QAEABU012@PAURFrame_Common@frames@ui@modules@2@@Z 100024d9 f i umodsys_lib_libui:umodsys.mod.ui.frames.obj
 0001:000014f4       ??0?$TParametersA@$0EAA@@core@UModSys@@QAE@XZ 100024f4 f i plugin_test1.obj
 0001:00001523       ??1?$TRefObject@URFrame_Common@frames@ui@modules@UModSys@@U?$TRefObjectFunc@URFrame_Common@frames@ui@modules@UModSys@@@tl@5@@tl@UModSys@@QAE@XZ 10002523 f i umodsys_lib_libui:umodsys.mod.ui.frames.obj
 0001:00001523       ??1?$TRefObject@UIBinArchive@libmedia@UModSys@@U?$TRefObjectFunc@UIBinArchive@libmedia@UModSys@@@tl@3@@tl@UModSys@@QAE@XZ 10002523 f i plugin_test1.obj
 0001:00001523       ??1?$TRefObject@UIRenderDriver@lib2d@UModSys@@U?$TRefObjectFunc@UIRenderDriver@lib2d@UModSys@@@tl@3@@tl@UModSys@@QAE@XZ 10002523 f i plugin_test1.obj
 0001:00001523       ??1?$TRefObject@UILibraryObjCache@libmedia@UModSys@@U?$TRefObjectFunc@UILibraryObjCache@libmedia@UModSys@@@tl@3@@tl@UModSys@@QAE@XZ 10002523 f i plugin_test1.obj
 0001:00001523       ??1?$TRefObject@UIKeyboardController@libui@UModSys@@U?$TRefObjectFunc@UIKeyboardController@libui@UModSys@@@tl@3@@tl@UModSys@@QAE@XZ 10002523 f i plugin_test1.obj
 0001:00001523       ??1?$TRefObject@URRenderDriver2D@SDL_core@ui@modules@UModSys@@U?$TRefObjectFunc@URRenderDriver2D@SDL_core@ui@modules@UModSys@@@tl@5@@tl@UModSys@@QAE@XZ 10002523 f i umodsys_lib_libui:umodsys.mod.ui.SDL_core.obj
 0001:00001523       ??1?$TRefObject@UIImage@lib2d@UModSys@@U?$TRefObjectFunc@UIImage@lib2d@UModSys@@@tl@3@@tl@UModSys@@QAE@XZ 10002523 f i plugin_test1.obj
 0001:00001523       ??1?$TRefObject@UITerminal@libui@UModSys@@U?$TRefObjectFunc@UITerminal@libui@UModSys@@@tl@3@@tl@UModSys@@QAE@XZ 10002523 f i plugin_test1.obj
 0001:00001523       ??1?$TRefObject@URSerializeWriter@serialize_json@media@modules@UModSys@@U?$TRefObjectFunc@URSerializeWriter@serialize_json@media@modules@UModSys@@@tl@5@@tl@UModSys@@QAE@XZ 10002523 f i umodsys_lib_libmedia:umodsys.mod.media.serialize_json.obj
 0001:00001523       ??1?$TRefObject@UIStreamWriter@libmedia@UModSys@@U?$TRefObjectFunc@UIStreamWriter@libmedia@UModSys@@@tl@3@@tl@UModSys@@QAE@XZ 10002523 f i plugin_test1.obj
 0001:00001523       ??1?$TRefObject@URMouseController@SDL_core@ui@modules@UModSys@@U?$TRefObjectFunc@URMouseController@SDL_core@ui@modules@UModSys@@@tl@5@@tl@UModSys@@QAE@XZ 10002523 f i umodsys_lib_libui:umodsys.mod.ui.SDL_core.obj
 0001:00001523       ??1?$TRefObject@URCollector@frames@ui@modules@UModSys@@U?$TRefObjectFunc@URCollector@frames@ui@modules@UModSys@@@tl@5@@tl@UModSys@@QAE@XZ 10002523 f i umodsys_lib_libui:umodsys.mod.ui.frames.obj
 0001:00001523       ??1?$TRefObject@URTerminal@SDL_core@ui@modules@UModSys@@U?$TRefObjectFunc@URTerminal@SDL_core@ui@modules@UModSys@@@tl@5@@tl@UModSys@@QAE@XZ 10002523 f i umodsys_lib_libui:umodsys.mod.ui.SDL_core.obj
 0001:00001523       ??1?$TRefObject@UILibraryBinCache@libmedia@UModSys@@U?$TRefObjectFunc@UILibraryBinCache@libmedia@UModSys@@@tl@3@@tl@UModSys@@QAE@XZ 10002523 f i plugin_test1.obj
 0001:00001523       ??1?$TRefObject@UILibrary@libmedia@UModSys@@U?$TRefObjectFunc@UILibrary@libmedia@UModSys@@@tl@3@@tl@UModSys@@QAE@XZ 10002523 f i plugin_test1.obj
 0001:00001523       ??1?$TRefObject@URImage_Memory@stdlib@lib2d@modules@UModSys@@U?$TRefObjectFunc@URImage_Memory@stdlib@lib2d@modules@UModSys@@@tl@5@@tl@UModSys@@QAE@XZ 10002523 f i umodsys_lib_lib2d:umodsys.mod.2d.stdlib.obj
 0001:00001523       ??1?$TRefObject@URDialog@frames@ui@modules@UModSys@@U?$TRefObjectFunc@URDialog@frames@ui@modules@UModSys@@@tl@5@@tl@UModSys@@QAE@XZ 10002523 f i umodsys_lib_libui:umodsys.mod.ui.frames.obj
 0001:00001523       ??1?$TRefObject@UILibraryObjFilter@libmedia@UModSys@@U?$TRefObjectFunc@UILibraryObjFilter@libmedia@UModSys@@@tl@3@@tl@UModSys@@QAE@XZ 10002523 f i plugin_test1.obj
 0001:00001523       ??1?$TRefObject@URSerializeReader@serialize_json@media@modules@UModSys@@U?$TRefObjectFunc@URSerializeReader@serialize_json@media@modules@UModSys@@@tl@5@@tl@UModSys@@QAE@XZ 10002523 f i umodsys_lib_libmedia:umodsys.mod.media.serialize_json.obj
 0001:00001523       ??1?$TRefObject@UIMouseController@libui@UModSys@@U?$TRefObjectFunc@UIMouseController@libui@UModSys@@@tl@3@@tl@UModSys@@QAE@XZ 10002523 f i plugin_test1.obj
 0001:00001523       ??1?$TRefObject@UISerializeWriter@libmedia@UModSys@@U?$TRefObjectFunc@UISerializeWriter@libmedia@UModSys@@@tl@3@@tl@UModSys@@QAE@XZ 10002523 f i plugin_test1.obj
 0001:00001523       ??1?$TRefObject@URKeyboardController@SDL_core@ui@modules@UModSys@@U?$TRefObjectFunc@URKeyboardController@SDL_core@ui@modules@UModSys@@@tl@5@@tl@UModSys@@QAE@XZ 10002523 f i umodsys_lib_libui:umodsys.mod.ui.SDL_core.obj
 0001:00001523       ??1?$TRefObject@URMediaFilter@images_std@media@modules@UModSys@@U?$TRefObjectFunc@URMediaFilter@images_std@media@modules@UModSys@@@tl@5@@tl@UModSys@@QAE@XZ 10002523 f i umodsys_lib_libmedia:umodsys.mod.media.images_std.obj
 0001:00001523       ??1?$TRefObject@UILibraryBinTree@libmedia@UModSys@@U?$TRefObjectFunc@UILibraryBinTree@libmedia@UModSys@@@tl@3@@tl@UModSys@@QAE@XZ 10002523 f i plugin_test1.obj
 0001:00001523       ??1?$TRefObject@UIMultiImage@lib2d@UModSys@@U?$TRefObjectFunc@UIMultiImage@lib2d@UModSys@@@tl@3@@tl@UModSys@@QAE@XZ 10002523 f i plugin_test1.obj
 0001:00001523       ??1?$TRefObject@URMultiImage2D_SDL_ttf@SDL_core@ui@modules@UModSys@@U?$TRefObjectFunc@URMultiImage2D_SDL_ttf@SDL_core@ui@modules@UModSys@@@tl@5@@tl@UModSys@@QAE@XZ 10002523 f i umodsys_lib_libui:umodsys.mod.ui.SDL_core.obj
 0001:00001523       ??1?$TRefObject@UIBinObjFilter@libmedia@UModSys@@U?$TRefObjectFunc@UIBinObjFilter@libmedia@UModSys@@@tl@3@@tl@UModSys@@QAE@XZ 10002523 f i plugin_test1.obj
 0001:00001523       ??1?$TRefObject@UILibraryLayered@libmedia@UModSys@@U?$TRefObjectFunc@UILibraryLayered@libmedia@UModSys@@@tl@3@@tl@UModSys@@QAE@XZ 10002523 f i plugin_test1.obj
 0001:00001523       ??1?$TRefObject@UIFrame@libui@UModSys@@U?$TRefObjectFunc@UIFrame@libui@UModSys@@@tl@3@@tl@UModSys@@QAE@XZ 10002523 f i umodsys_lib_libui:umodsys.mod.ui.frames.obj
 0001:00001523       ??1?$TRefObject@UIRefObject@core@UModSys@@U?$TRefObjectFunc@UIRefObject@core@UModSys@@@tl@3@@tl@UModSys@@QAE@XZ 10002523 f i plugin_test1.obj
 0001:00001532       ?set@?$TString@U?$TSCoreConst@D@su@tl@UModSys@@U?$TComparerBinaryHash@D@234@@tl@UModSys@@QAEXPBD@Z 10002532 f i plugin_test1.obj
 0001:0000155b       ?update@?$TComparerBinaryHash@D@su@tl@UModSys@@QAEXPBDI@Z 1000255b f i plugin_test1.obj
 0001:00001587       ?info_release@?$TSCoreShared@USIMemAlloc@core@UModSys@@D@su@tl@UModSys@@QAEXXZ 10002587 f i plugin_test1.obj
 0001:000015b7       ?info_new@?$TSCoreShared@USIMemAlloc@core@UModSys@@D@su@tl@UModSys@@QAE_NPBDI@Z 100025b7 f i plugin_test1.obj
 0001:00001618       ??$generate_type@UIImage@lib2d@UModSys@@@RTest1_Shell@test1@test@modules@UModSys@@QAE?AU?$TRefObject@UIImage@lib2d@UModSys@@U?$TRefObjectFunc@UIImage@lib2d@UModSys@@@tl@3@@tl@4@ABU?$TString@U?$TSCoreConst@D@su@tl@UModSys@@U?$TComparerBinaryHash@D@234@@64@ABUSParameters@core@4@PBD@Z 10002618 f i plugin_test1.obj
 0001:00001724       ??$generate_type@UIBinArchive@libmedia@UModSys@@@RTest1_Shell@test1@test@modules@UModSys@@QAE?AU?$TRefObject@UIBinArchive@libmedia@UModSys@@U?$TRefObjectFunc@UIBinArchive@libmedia@UModSys@@@tl@3@@tl@4@ABU?$TString@U?$TSCoreConst@D@su@tl@UModSys@@U?$TComparerBinaryHash@D@234@@64@ABUSParameters@core@4@PBD@Z 10002724 f i plugin_test1.obj
 0001:0000182c       ??$generate_type@UIBinObjFilter@libmedia@UModSys@@@RTest1_Shell@test1@test@modules@UModSys@@QAE?AU?$TRefObject@UIBinObjFilter@libmedia@UModSys@@U?$TRefObjectFunc@UIBinObjFilter@libmedia@UModSys@@@tl@3@@tl@4@ABU?$TString@U?$TSCoreConst@D@su@tl@UModSys@@U?$TComparerBinaryHash@D@234@@64@ABUSParameters@core@4@PBD@Z 1000282c f i plugin_test1.obj
 0001:00001938       ??$generate_type@UILibraryBinTree@libmedia@UModSys@@@RTest1_Shell@test1@test@modules@UModSys@@QAE?AU?$TRefObject@UILibraryBinTree@libmedia@UModSys@@U?$TRefObjectFunc@UILibraryBinTree@libmedia@UModSys@@@tl@3@@tl@4@ABU?$TString@U?$TSCoreConst@D@su@tl@UModSys@@U?$TComparerBinaryHash@D@234@@64@ABUSParameters@core@4@PBD@Z 10002938 f i plugin_test1.obj
 0001:00001a44       ??$generate_type@UILibraryObjFilter@libmedia@UModSys@@@RTest1_Shell@test1@test@modules@UModSys@@QAE?AU?$TRefObject@UILibraryObjFilter@libmedia@UModSys@@U?$TRefObjectFunc@UILibraryObjFilter@libmedia@UModSys@@@tl@3@@tl@4@ABU?$TString@U?$TSCoreConst@D@su@tl@UModSys@@U?$TComparerBinaryHash@D@234@@64@ABUSParameters@core@4@PBD@Z 10002a44 f i plugin_test1.obj
 0001:00001b50       ??$generate_type@UILibraryLayered@libmedia@UModSys@@@RTest1_Shell@test1@test@modules@UModSys@@QAE?AU?$TRefObject@UILibraryLayered@libmedia@UModSys@@U?$TRefObjectFunc@UILibraryLayered@libmedia@UModSys@@@tl@3@@tl@4@ABU?$TString@U?$TSCoreConst@D@su@tl@UModSys@@U?$TComparerBinaryHash@D@234@@64@ABUSParameters@core@4@PBD@Z 10002b50 f i plugin_test1.obj
 0001:00001c5c       ??$generate_type@UILibraryObjCache@libmedia@UModSys@@@RTest1_Shell@test1@test@modules@UModSys@@QAE?AU?$TRefObject@UILibraryObjCache@libmedia@UModSys@@U?$TRefObjectFunc@UILibraryObjCache@libmedia@UModSys@@@tl@3@@tl@4@ABU?$TString@U?$TSCoreConst@D@su@tl@UModSys@@U?$TComparerBinaryHash@D@234@@64@ABUSParameters@core@4@PBD@Z 10002c5c f i plugin_test1.obj
 0001:00001d68       ??$generate_type@UILibraryBinCache@libmedia@UModSys@@@RTest1_Shell@test1@test@modules@UModSys@@QAE?AU?$TRefObject@UILibraryBinCache@libmedia@UModSys@@U?$TRefObjectFunc@UILibraryBinCache@libmedia@UModSys@@@tl@3@@tl@4@ABU?$TString@U?$TSCoreConst@D@su@tl@UModSys@@U?$TComparerBinaryHash@D@234@@64@ABUSParameters@core@4@PBD@Z 10002d68 f i plugin_test1.obj
 0001:00001e74       ??$generate_type@UISerializeWriter@libmedia@UModSys@@@RTest1_Shell@test1@test@modules@UModSys@@QAE?AU?$TRefObject@UISerializeWriter@libmedia@UModSys@@U?$TRefObjectFunc@UISerializeWriter@libmedia@UModSys@@@tl@3@@tl@4@ABU?$TString@U?$TSCoreConst@D@su@tl@UModSys@@U?$TComparerBinaryHash@D@234@@64@ABUSParameters@core@4@PBD@Z 10002e74 f i plugin_test1.obj
 0001:00001f80       ??1?$TRefObject@UIModObject@base@UModSys@@U?$TModObjectFunc@UIModObject@base@UModSys@@@tl@3@@tl@UModSys@@QAE@XZ 10002f80 f i plugin_test1.obj
 0001:00001f96       ?s_init@?$TModObjectFunc@UIModObject@base@UModSys@@@tl@UModSys@@SAXAAPAUIModObject@base@3@PAU453@@Z 10002f96 f i plugin_test1.obj
 0001:00001faf       ??$t_ref_get_other_interface@UIStreamWriter@libmedia@UModSys@@U?$TRefObjectFunc@UIStreamWriter@libmedia@UModSys@@@tl@3@@IRefObject@core@UModSys@@QAE_NAAU?$TRefObject@UIStreamWriter@libmedia@UModSys@@U?$TRefObjectFunc@UIStreamWriter@libmedia@UModSys@@@tl@3@@tl@2@@Z 10002faf f i plugin_test1.obj
 0001:00001fde       ??$t_ref_get_other_interface@UIMultiImage@lib2d@UModSys@@U?$TRefObjectFunc@UIMultiImage@lib2d@UModSys@@@tl@3@@IRefObject@core@UModSys@@QAE_NAAU?$TRefObject@UIMultiImage@lib2d@UModSys@@U?$TRefObjectFunc@UIMultiImage@lib2d@UModSys@@@tl@3@@tl@2@@Z 10002fde f i plugin_test1.obj
 0001:0000200d       ??$t_ref_get_other_interface@UIRenderDriver@lib2d@UModSys@@U?$TRefObjectFunc@UIRenderDriver@lib2d@UModSys@@@tl@3@@IRefObject@core@UModSys@@QAE_NAAU?$TRefObject@UIRenderDriver@lib2d@UModSys@@U?$TRefObjectFunc@UIRenderDriver@lib2d@UModSys@@@tl@3@@tl@2@@Z 1000300d f i plugin_test1.obj
 0001:0000203c       ??$t_generate@UIImage@lib2d@UModSys@@@SModuleContext@base@UModSys@@QAE_NAAU?$TRefObject@UIImage@lib2d@UModSys@@U?$TRefObjectFunc@UIImage@lib2d@UModSys@@@tl@3@@tl@2@PBUSUniquePointerInfo@core@2@ABUSParameters@62@@Z 1000303c f i plugin_test1.obj
 0001:000020ad       ??$t_generate@UIBinArchive@libmedia@UModSys@@@SModuleContext@base@UModSys@@QAE_NAAU?$TRefObject@UIBinArchive@libmedia@UModSys@@U?$TRefObjectFunc@UIBinArchive@libmedia@UModSys@@@tl@3@@tl@2@PBUSUniquePointerInfo@core@2@ABUSParameters@62@@Z 100030ad f i plugin_test1.obj
 0001:00002149       ??$t_generate@UIBinObjFilter@libmedia@UModSys@@@SModuleContext@base@UModSys@@QAE_NAAU?$TRefObject@UIBinObjFilter@libmedia@UModSys@@U?$TRefObjectFunc@UIBinObjFilter@libmedia@UModSys@@@tl@3@@tl@2@PBUSUniquePointerInfo@core@2@ABUSParameters@62@@Z 10003149 f i plugin_test1.obj
 0001:000021e5       ??$t_generate@UILibraryBinTree@libmedia@UModSys@@@SModuleContext@base@UModSys@@QAE_NAAU?$TRefObject@UILibraryBinTree@libmedia@UModSys@@U?$TRefObjectFunc@UILibraryBinTree@libmedia@UModSys@@@tl@3@@tl@2@PBUSUniquePointerInfo@core@2@ABUSParameters@62@@Z 100031e5 f i plugin_test1.obj
 0001:00002281       ??$t_generate@UILibraryObjFilter@libmedia@UModSys@@@SModuleContext@base@UModSys@@QAE_NAAU?$TRefObject@UILibraryObjFilter@libmedia@UModSys@@U?$TRefObjectFunc@UILibraryObjFilter@libmedia@UModSys@@@tl@3@@tl@2@PBUSUniquePointerInfo@core@2@ABUSParameters@62@@Z 10003281 f i plugin_test1.obj
 0001:0000231d       ??$t_generate@UILibraryLayered@libmedia@UModSys@@@SModuleContext@base@UModSys@@QAE_NAAU?$TRefObject@UILibraryLayered@libmedia@UModSys@@U?$TRefObjectFunc@UILibraryLayered@libmedia@UModSys@@@tl@3@@tl@2@PBUSUniquePointerInfo@core@2@ABUSParameters@62@@Z 1000331d f i plugin_test1.obj
 0001:000023b9       ??$t_generate@UILibraryObjCache@libmedia@UModSys@@@SModuleContext@base@UModSys@@QAE_NAAU?$TRefObject@UILibraryObjCache@libmedia@UModSys@@U?$TRefObjectFunc@UILibraryObjCache@libmedia@UModSys@@@tl@3@@tl@2@PBUSUniquePointerInfo@core@2@ABUSParameters@62@@Z 100033b9 f i plugin_test1.obj
 0001:00002455       ??$t_generate@UILibraryBinCache@libmedia@UModSys@@@SModuleContext@base@UModSys@@QAE_NAAU?$TRefObject@UILibraryBinCache@libmedia@UModSys@@U?$TRefObjectFunc@UILibraryBinCache@libmedia@UModSys@@@tl@3@@tl@2@PBUSUniquePointerInfo@core@2@ABUSParameters@62@@Z 10003455 f i plugin_test1.obj
 0001:000024f1       ??$t_generate@UISerializeWriter@libmedia@UModSys@@@SModuleContext@base@UModSys@@QAE_NAAU?$TRefObject@UISerializeWriter@libmedia@UModSys@@U?$TRefObjectFunc@UISerializeWriter@libmedia@UModSys@@@tl@3@@tl@2@PBUSUniquePointerInfo@core@2@ABUSParameters@62@@Z 100034f1 f i plugin_test1.obj
 0001:0000258d       ??$t_ref_get_other_interface@UIImage@lib2d@UModSys@@U?$TRefObjectFunc@UIImage@lib2d@UModSys@@@tl@3@@IRefObject@core@UModSys@@QAE_NAAU?$TRefObject@UIImage@lib2d@UModSys@@U?$TRefObjectFunc@UIImage@lib2d@UModSys@@@tl@3@@tl@2@@Z 1000358d f i plugin_test1.obj
 0001:000025bc       ?ConvertSameSize@stdlib@lib2d@modules@UModSys@@YA_NW4eImageType@24@ABU?$TVector2@H@math3d@4@11ABUSMem@core@4@11ABUSCMem@94@@Z 100035bc f i umodsys_lib_lib2d:umodsys.mod.2d.stdlib.obj
 0001:0000263f       ?ConvertSame@stdlib@lib2d@modules@UModSys@@YA_NW4eImageType@24@ABU?$TBoundBox2@H@math3d@4@ABU?$TVector2@H@74@ABUSMem@core@4@12ABUSCMem@core@4@@Z 1000363f f i umodsys_lib_lib2d:umodsys.mod.2d.stdlib.obj
 0001:000026a2       ?Convert@stdlib@lib2d@modules@UModSys@@YA_NABU?$TBoundBox2@H@math3d@4@ABUSImageInfo@24@ABUSMem@core@4@01ABUSCMem@94@@Z 100036a2 f i umodsys_lib_lib2d:umodsys.mod.2d.stdlib.obj
 0001:00002704       ?root_get_interface_info@RImage_Memory@stdlib@lib2d@modules@UModSys@@UBEABUSUniquePointerInfo@core@5@XZ 10003704 f i umodsys_lib_lib2d:umodsys.mod.2d.stdlib.obj
 0001:0000270a       ?root_get_interface_type@RImage_Memory@stdlib@lib2d@modules@UModSys@@UBEPBUSUniquePointerInfo@core@5@XZ 1000370a f i umodsys_lib_lib2d:umodsys.mod.2d.stdlib.obj
 0001:00002710       ?root_get_other_interface@RImage_Memory@stdlib@lib2d@modules@UModSys@@UBEPBUIRoot@core@5@PBUSUniquePointerInfo@75@@Z 10003710 f i umodsys_lib_lib2d:umodsys.mod.2d.stdlib.obj
 0001:00002710       ?root_get_other_interface@RImage_Memory@stdlib@lib2d@modules@UModSys@@UAEPAUIRoot@core@5@PBUSUniquePointerInfo@75@@Z 10003710 f i umodsys_lib_lib2d:umodsys.mod.2d.stdlib.obj
 0001:00002731       ?root_is_interface_supported@RImage_Memory@stdlib@lib2d@modules@UModSys@@UBE_NPBUSUniquePointerInfo@core@5@@Z 10003731 f i umodsys_lib_lib2d:umodsys.mod.2d.stdlib.obj
 0001:00002758       ?ref_remove@RKeyboardController@SDL_core@ui@modules@UModSys@@UBEXXZ 10003758 f i umodsys_lib_libui:umodsys.mod.ui.SDL_core.obj
 0001:00002758       ?ref_remove@RGenerator@test1@test@modules@UModSys@@UBEXXZ 10003758 f i plugin_test1.obj
 0001:00002758       ?ref_remove@RTerminal@SDL_core@ui@modules@UModSys@@UBEXXZ 10003758 f i umodsys_lib_libui:umodsys.mod.ui.SDL_core.obj
 0001:00002758       ?ref_remove@RRenderDriver2D@SDL_core@ui@modules@UModSys@@UBEXXZ 10003758 f i umodsys_lib_libui:umodsys.mod.ui.SDL_core.obj
 0001:00002758       ?ref_remove@RGenerator@SDL_core@ui@modules@UModSys@@UBEXXZ 10003758 f i umodsys_lib_libui:umodsys.mod.ui.SDL_core.obj
 0001:00002758       ?ref_remove@RMultiImage2D_SDL_ttf@SDL_core@ui@modules@UModSys@@UBEXXZ 10003758 f i umodsys_lib_libui:umodsys.mod.ui.SDL_core.obj
 0001:00002758       ?ref_remove@RGenerator@images_std@media@modules@UModSys@@UBEXXZ 10003758 f i umodsys_lib_libmedia:umodsys.mod.media.images_std.obj
 0001:00002758       ?ref_remove@RDialog@frames@ui@modules@UModSys@@UBEXXZ 10003758 f i umodsys_lib_libui:umodsys.mod.ui.frames.obj
 0001:00002758       ?ref_remove@RMouseController@SDL_core@ui@modules@UModSys@@UBEXXZ 10003758 f i umodsys_lib_libui:umodsys.mod.ui.SDL_core.obj
 0001:00002758       ?ref_remove@RImage_Memory@stdlib@lib2d@modules@UModSys@@UBEXXZ 10003758 f i umodsys_lib_lib2d:umodsys.mod.2d.stdlib.obj
 0001:00002758       ?ref_remove@RGenerator@stdlib@lib2d@modules@UModSys@@UBEXXZ 10003758 f i umodsys_lib_lib2d:umodsys.mod.2d.stdlib.obj
 0001:00002758       ?ref_remove@RSerializeReader@serialize_json@media@modules@UModSys@@UBEXXZ 10003758 f i umodsys_lib_libmedia:umodsys.mod.media.serialize_json.obj
 0001:00002758       ?ref_remove@RGenerator@serialize_json@media@modules@UModSys@@UBEXXZ 10003758 f i umodsys_lib_libmedia:umodsys.mod.media.serialize_json.obj
 0001:00002758       ?ref_remove@RGenerator@frames@ui@modules@UModSys@@UBEXXZ 10003758 f i umodsys_lib_libui:umodsys.mod.ui.frames.obj
 0001:00002763       ?suicide@RSerializeReader@serialize_json@media@modules@UModSys@@UAEXXZ 10003763 f i umodsys_lib_libmedia:umodsys.mod.media.serialize_json.obj
 0001:00002763       ?suicide@RImage_Memory@stdlib@lib2d@modules@UModSys@@UAEXXZ 10003763 f i umodsys_lib_lib2d:umodsys.mod.2d.stdlib.obj
 0001:00002763       ?suicide@RTerminal@SDL_core@ui@modules@UModSys@@UAEXXZ 10003763 f i umodsys_lib_libui:umodsys.mod.ui.SDL_core.obj
 0001:000027aa       ??0State@RImage_Memory@stdlib@lib2d@modules@UModSys@@QAE@XZ 100037aa f i umodsys_lib_lib2d:umodsys.mod.2d.stdlib.obj
 0001:000027dc       ?set_info@RImage_Memory@stdlib@lib2d@modules@UModSys@@UAE_NABUSImagePatchInfo@35@PBD@Z 100037dc f i umodsys_lib_lib2d:umodsys.mod.2d.stdlib.obj
 0001:00002944       ?set_data@RImage_Memory@stdlib@lib2d@modules@UModSys@@UAE_NABUSImagePatchInfo@35@ABUSCMem@core@5@H@Z 10003944 f i umodsys_lib_lib2d:umodsys.mod.2d.stdlib.obj
 0001:000029ae       ?get_info@RImage_Memory@stdlib@lib2d@modules@UModSys@@UBEABUSImageInfo@35@XZ 100039ae f i umodsys_lib_lib2d:umodsys.mod.2d.stdlib.obj
 0001:000029b2       ?get_data@RImage_Memory@stdlib@lib2d@modules@UModSys@@UBE_NABUSImagePatchInfo@35@ABUSMem@core@5@H@Z 100039b2 f i umodsys_lib_lib2d:umodsys.mod.2d.stdlib.obj
 0001:00002a38       ?get_layer@RMultiImage2D_SDL_ttf@SDL_core@ui@modules@UModSys@@UAEPAUIImage@lib2d@5@H@Z 10003a38 f i umodsys_lib_libui:umodsys.mod.ui.SDL_core.obj
 0001:00002a38       ?get_hwinfo@RImage_Memory@stdlib@lib2d@modules@UModSys@@UAEPAXPBUSUniquePointerInfo@core@5@@Z 10003a38 f i umodsys_lib_lib2d:umodsys.mod.2d.stdlib.obj
 0001:00002a38       ?get_hwcinfo@RImage_Memory@stdlib@lib2d@modules@UModSys@@UBEPBXPBUSUniquePointerInfo@core@5@@Z 10003a38 f i umodsys_lib_lib2d:umodsys.mod.2d.stdlib.obj
 0001:00002a38       ?get_controller@RRenderDriver2D@SDL_core@ui@modules@UModSys@@UBEPAUIRefObject@core@5@PBUSUniquePointerInfo@75@@Z 10003a38 f i umodsys_lib_libui:umodsys.mod.ui.SDL_core.obj
 0001:00002a3d       ??0RImage_Memory@stdlib@lib2d@modules@UModSys@@QAE@PAUIModObject@base@4@ABUSParameters@core@4@@Z 10003a3d f i umodsys_lib_lib2d:umodsys.mod.2d.stdlib.obj
 0001:00002a89       ??4State@RImage_Memory@stdlib@lib2d@modules@UModSys@@QAEAAU012345@ABU012345@@Z 10003a89 f i umodsys_lib_lib2d:umodsys.mod.2d.stdlib.obj
 0001:00002ad9       ??_ERImage_Memory@stdlib@lib2d@modules@UModSys@@UAEPAXI@Z 10003ad9 f i  CIL library: CIL module
 0001:00002ad9       ??_GRImage_Memory@stdlib@lib2d@modules@UModSys@@UAEPAXI@Z 10003ad9 f i umodsys_lib_lib2d:umodsys.mod.2d.stdlib.obj
 0001:00002b20       ?get_generated_names@RGenerator@stdlib@lib2d@modules@UModSys@@UBEHAAUSUniquePtrList@core@5@@Z 10003b20 f i umodsys_lib_lib2d:umodsys.mod.2d.stdlib.obj
 0001:00002b39       ?get_generated_types@RGenerator@stdlib@lib2d@modules@UModSys@@UBEHAAUSUniquePtrList@core@5@PBUSUniquePointerInfo@75@@Z 10003b39 f i umodsys_lib_lib2d:umodsys.mod.2d.stdlib.obj
 0001:00002b6b       ?generate@RGenerator@stdlib@lib2d@modules@UModSys@@UAE_NAAU?$TRefObject@UIRefObject@core@UModSys@@U?$TRefObjectFunc@UIRefObject@core@UModSys@@@tl@3@@tl@5@PBUSUniquePointerInfo@core@5@ABUSParameters@95@@Z 10003b6b f i umodsys_lib_lib2d:umodsys.mod.2d.stdlib.obj
 0001:00002b8c       ?root_get_interface_info@RGenerator@stdlib@lib2d@modules@UModSys@@UBEABUSUniquePointerInfo@core@5@XZ 10003b8c f i umodsys_lib_lib2d:umodsys.mod.2d.stdlib.obj
 0001:00002b92       ?root_get_interface_type@RGenerator@stdlib@lib2d@modules@UModSys@@UBEPBUSUniquePointerInfo@core@5@XZ 10003b92 f i umodsys_lib_lib2d:umodsys.mod.2d.stdlib.obj
 0001:00002b98       ?root_get_other_interface@RGenerator@stdlib@lib2d@modules@UModSys@@UAEPAUIRoot@core@5@PBUSUniquePointerInfo@75@@Z 10003b98 f i umodsys_lib_lib2d:umodsys.mod.2d.stdlib.obj
 0001:00002b98       ?root_get_other_interface@RGenerator@stdlib@lib2d@modules@UModSys@@UBEPBUIRoot@core@5@PBUSUniquePointerInfo@75@@Z 10003b98 f i umodsys_lib_lib2d:umodsys.mod.2d.stdlib.obj
 0001:00002bb1       ?root_is_interface_supported@RGenerator@stdlib@lib2d@modules@UModSys@@UBE_NPBUSUniquePointerInfo@core@5@@Z 10003bb1 f i umodsys_lib_lib2d:umodsys.mod.2d.stdlib.obj
 0001:00002bd0       ?get_uid@RGenerator@stdlib@lib2d@modules@UModSys@@UBEPBUSUniquePointerInfo@core@5@XZ 10003bd0 f i umodsys_lib_lib2d:umodsys.mod.2d.stdlib.obj
 0001:00002bd6       ?do_open@RModuleReg@stdlib@lib2d@modules@UModSys@@UAE_NXZ 10003bd6 f i umodsys_lib_lib2d:umodsys.mod.2d.stdlib.obj
 0001:00002c24       ?do_close@RModuleReg@stdlib@lib2d@modules@UModSys@@UAE_NXZ 10003c24 f i umodsys_lib_lib2d:umodsys.mod.2d.stdlib.obj
 0001:00002c5f       ?get_module@RGenerator@stdlib@lib2d@modules@UModSys@@UBEPAUIModule@base@5@XZ 10003c5f f   umodsys_lib_lib2d:umodsys.mod.2d.stdlib.obj
 0001:00002c65       ?mod_inc@RGenerator@stdlib@lib2d@modules@UModSys@@UBE_NXZ 10003c65 f   umodsys_lib_lib2d:umodsys.mod.2d.stdlib.obj
 0001:00002c70       ?mod_dec@RGenerator@stdlib@lib2d@modules@UModSys@@UBE_NXZ 10003c70 f   umodsys_lib_lib2d:umodsys.mod.2d.stdlib.obj
 0001:00002c7b       ?s_holder@RGenerator@stdlib@lib2d@modules@UModSys@@SAAAU?$TTypeStaticHolder@URGenerator@stdlib@lib2d@modules@UModSys@@@tl@5@XZ 10003c7b f   umodsys_lib_lib2d:umodsys.mod.2d.stdlib.obj
 0001:00002cad       ??$t_gen_param@URImage_Memory@stdlib@lib2d@modules@UModSys@@URGenerator@2345@@IGenerator@base@UModSys@@IAE_NPAURGenerator@stdlib@lib2d@modules@2@AAU?$TRefObject@UIRefObject@core@UModSys@@U?$TRefObjectFunc@UIRefObject@core@UModSys@@@tl@3@@tl@2@PBUSUniquePointerInfo@core@2@ABUSParameters@core@2@@Z 10003cad f i umodsys_lib_lib2d:umodsys.mod.2d.stdlib.obj
 0001:00002d3f       ?remove@WeakPointer@IRefObject@core@UModSys@@QAEXXZ 10003d3f f i umodsys_lib_libui:umodsys.mod.ui.SDL_core.obj
 0001:00002d65       ?utf_8to32@su@tl@UModSys@@YA_NAAHAAPBDAAI@Z 10003d65 f i umodsys_lib_libui:umodsys.mod.ui.SDL_core.obj
 0001:00002e24       ?get@SParameters@core@UModSys@@QBE_NPBDAAPBD@Z 10003e24 f i umodsys_lib_libui:umodsys.mod.ui.SDL_core.obj
 0001:00002e3f       ?get@SParameters@core@UModSys@@QBE_NPBDAAH@Z 10003e3f f i umodsys_lib_libui:umodsys.mod.ui.SDL_core.obj
 0001:00002e5a       ?root_get_interface_info@RMultiImage2D_SDL_ttf@SDL_core@ui@modules@UModSys@@UBEABUSUniquePointerInfo@core@5@XZ 10003e5a f i umodsys_lib_libui:umodsys.mod.ui.SDL_core.obj
 0001:00002e60       ?root_get_interface_type@RMultiImage2D_SDL_ttf@SDL_core@ui@modules@UModSys@@UBEPBUSUniquePointerInfo@core@5@XZ 10003e60 f i umodsys_lib_libui:umodsys.mod.ui.SDL_core.obj
 0001:00002e66       ?root_get_other_interface@RMultiImage2D_SDL_ttf@SDL_core@ui@modules@UModSys@@UAEPAUIRoot@core@5@PBUSUniquePointerInfo@75@@Z 10003e66 f i umodsys_lib_libui:umodsys.mod.ui.SDL_core.obj
 0001:00002e66       ?root_get_other_interface@RMultiImage2D_SDL_ttf@SDL_core@ui@modules@UModSys@@UBEPBUIRoot@core@5@PBUSUniquePointerInfo@75@@Z 10003e66 f i umodsys_lib_libui:umodsys.mod.ui.SDL_core.obj
 0001:00002e87       ?root_is_interface_supported@RMultiImage2D_SDL_ttf@SDL_core@ui@modules@UModSys@@UBE_NPBUSUniquePointerInfo@core@5@@Z 10003e87 f i umodsys_lib_libui:umodsys.mod.ui.SDL_core.obj
 0001:00002eae       ??0RMultiImage2D_SDL_ttf@SDL_core@ui@modules@UModSys@@QAE@PAURRenderDriver2D@1234@ABUSParameters@core@4@@Z 10003eae f i umodsys_lib_libui:umodsys.mod.ui.SDL_core.obj
 0001:00002f12       ?open@RMultiImage2D_SDL_ttf@SDL_core@ui@modules@UModSys@@QAE_NABUSParameters@core@5@@Z 10003f12 f i umodsys_lib_libui:umodsys.mod.ui.SDL_core.obj
 0001:00002fb0       ?generate_glyphs@RMultiImage2D_SDL_ttf@SDL_core@ui@modules@UModSys@@QAE_NXZ 10003fb0 f i umodsys_lib_libui:umodsys.mod.ui.SDL_core.obj
 0001:00003141       ??_ERMultiImage2D_SDL_ttf@SDL_core@ui@modules@UModSys@@UAEPAXI@Z 10004141 f i  CIL library: CIL module
 0001:00003141       ??_GRMultiImage2D_SDL_ttf@SDL_core@ui@modules@UModSys@@UAEPAXI@Z 10004141 f i umodsys_lib_libui:umodsys.mod.ui.SDL_core.obj
 0001:000031a9       ?root_get_interface_info@RRenderDriver2D@SDL_core@ui@modules@UModSys@@UBEABUSUniquePointerInfo@core@5@XZ 100041a9 f i umodsys_lib_libui:umodsys.mod.ui.SDL_core.obj
 0001:000031af       ?root_get_interface_type@RRenderDriver2D@SDL_core@ui@modules@UModSys@@UBEPBUSUniquePointerInfo@core@5@XZ 100041af f i umodsys_lib_libui:umodsys.mod.ui.SDL_core.obj
 0001:000031b5       ?root_get_other_interface@RRenderDriver2D@SDL_core@ui@modules@UModSys@@UBEPBUIRoot@core@5@PBUSUniquePointerInfo@75@@Z 100041b5 f i umodsys_lib_libui:umodsys.mod.ui.SDL_core.obj
 0001:000031b5       ?root_get_other_interface@RRenderDriver2D@SDL_core@ui@modules@UModSys@@UAEPAUIRoot@core@5@PBUSUniquePointerInfo@75@@Z 100041b5 f i umodsys_lib_libui:umodsys.mod.ui.SDL_core.obj
 0001:000031d6       ?root_is_interface_supported@RRenderDriver2D@SDL_core@ui@modules@UModSys@@UBE_NPBUSUniquePointerInfo@core@5@@Z 100041d6 f i umodsys_lib_libui:umodsys.mod.ui.SDL_core.obj
 0001:000031fd       ??0RRenderDriver2D@SDL_core@ui@modules@UModSys@@QAE@PAURTerminal@1234@ABUSParameters@core@4@@Z 100041fd f i umodsys_lib_libui:umodsys.mod.ui.SDL_core.obj
 0001:000032a0       ?close@RRenderDriver2D@SDL_core@ui@modules@UModSys@@QAEXXZ 100042a0 f i umodsys_lib_libui:umodsys.mod.ui.SDL_core.obj
 0001:000032c5       ?open@RRenderDriver2D@SDL_core@ui@modules@UModSys@@QAE_NABUSParameters@core@5@@Z 100042c5 f i umodsys_lib_libui:umodsys.mod.ui.SDL_core.obj
 0001:000033fe       ?set_color@RRenderDriver2D@SDL_core@ui@modules@UModSys@@QAEXXZ 100043fe f i umodsys_lib_libui:umodsys.mod.ui.SDL_core.obj
 0001:00003461       ?begin@RRenderDriver2D@SDL_core@ui@modules@UModSys@@UAEXXZ 10004461 f i umodsys_lib_libui:umodsys.mod.ui.SDL_core.obj
 0001:000034be       ?end@RRenderDriver2D@SDL_core@ui@modules@UModSys@@UAEXXZ 100044be f i umodsys_lib_libui:umodsys.mod.ui.SDL_core.obj
 0001:000034cd       ?get_max_values@RRenderDriver2D@SDL_core@ui@modules@UModSys@@UBEPBUSParameters@core@5@XZ 100044cd f i umodsys_lib_libui:umodsys.mod.ui.SDL_core.obj
 0001:000034d1       ?get_frame_values@RRenderDriver2D@SDL_core@ui@modules@UModSys@@UBEPBUSParameters@core@5@XZ 100044d1 f i umodsys_lib_libui:umodsys.mod.ui.SDL_core.obj
 0001:000034d8       ?setup_font@RRenderDriver2D@SDL_core@ui@modules@UModSys@@UAE_NPAUIMultiImage@lib2d@5@PBU?$TVector2@M@math3d@5@@Z 100044d8 f i umodsys_lib_libui:umodsys.mod.ui.SDL_core.obj
 0001:0000352a       ?setup_color@RRenderDriver2D@SDL_core@ui@modules@UModSys@@UAEXABU?$TVector3@M@math3d@5@@Z 1000452a f i umodsys_lib_libui:umodsys.mod.ui.SDL_core.obj
 0001:00003551       ?setup_color@RRenderDriver2D@SDL_core@ui@modules@UModSys@@UAEXABU?$TVector3@H@math3d@5@@Z 10004551 f i umodsys_lib_libui:umodsys.mod.ui.SDL_core.obj
 0001:00003594       ?setup_coloralpha@RRenderDriver2D@SDL_core@ui@modules@UModSys@@UAEXABU?$TVector4@M@math3d@5@H@Z 10004594 f i umodsys_lib_libui:umodsys.mod.ui.SDL_core.obj
 0001:000035ba       ?setup_coloralpha@RRenderDriver2D@SDL_core@ui@modules@UModSys@@UAEXABU?$TVector4@H@math3d@5@H@Z 100045ba f i umodsys_lib_libui:umodsys.mod.ui.SDL_core.obj
 0001:00003612       ?setup_blendcolor@RRenderDriver2D@SDL_core@ui@modules@UModSys@@UAEXABUSBlendColor@lib2d@5@@Z 10004612 f i umodsys_lib_libui:umodsys.mod.ui.SDL_core.obj
 0001:0000366a       ?setup_blendcolor@RRenderDriver2D@SDL_core@ui@modules@UModSys@@UAEXABUSBlendColorf@lib2d@5@@Z 1000466a f i umodsys_lib_libui:umodsys.mod.ui.SDL_core.obj
 0001:000036ac       ?setup_alpha@RRenderDriver2D@SDL_core@ui@modules@UModSys@@UAEXHH@Z 100046ac f i umodsys_lib_libui:umodsys.mod.ui.SDL_core.obj
 0001:000036d2       ?setup_alpha@RRenderDriver2D@SDL_core@ui@modules@UModSys@@UAEXMH@Z 100046d2 f i umodsys_lib_libui:umodsys.mod.ui.SDL_core.obj
 0001:000036f2       ?render_text_advanced@RRenderDriver2D@SDL_core@ui@modules@UModSys@@UAE_NAAUTextInfo@IRenderDriver@lib2d@5@PBHH@Z 100046f2 f i umodsys_lib_libui:umodsys.mod.ui.SDL_core.obj
 0001:000038a6       ?render_box@RRenderDriver2D@SDL_core@ui@modules@UModSys@@UAEXABU?$TVector2@H@math3d@5@0@Z 100048a6 f i umodsys_lib_libui:umodsys.mod.ui.SDL_core.obj
 0001:000038f3       ?render_tri@RRenderDriver2D@SDL_core@ui@modules@UModSys@@UAEXABU?$TVector2@H@math3d@5@00@Z 100048f3 f i umodsys_lib_libui:umodsys.mod.ui.SDL_core.obj
 0001:00003947       ?render_quad@RRenderDriver2D@SDL_core@ui@modules@UModSys@@UAEXABU?$TVector2@H@math3d@5@000@Z 10004947 f i umodsys_lib_libui:umodsys.mod.ui.SDL_core.obj
 0001:000039a9       ?render_box@RRenderDriver2D@SDL_core@ui@modules@UModSys@@UAEXPAUIImage@lib2d@5@ABU?$TVector2@H@math3d@5@1ABU?$TVector2@M@95@2@Z 100049a9 f i umodsys_lib_libui:umodsys.mod.ui.SDL_core.obj
 0001:000039ac       ?render_line@RRenderDriver2D@SDL_core@ui@modules@UModSys@@UAEXABU?$TVector2@H@math3d@5@0@Z 100049ac f i umodsys_lib_libui:umodsys.mod.ui.SDL_core.obj
 0001:000039d1       ?render_rect@RRenderDriver2D@SDL_core@ui@modules@UModSys@@UAEXABU?$TVector2@H@math3d@5@0@Z 100049d1 f i umodsys_lib_libui:umodsys.mod.ui.SDL_core.obj
 0001:00003a1e       ??_ERRenderDriver2D@SDL_core@ui@modules@UModSys@@UAEPAXI@Z 10004a1e f i  CIL library: CIL module
 0001:00003a1e       ??_GRRenderDriver2D@SDL_core@ui@modules@UModSys@@UAEPAXI@Z 10004a1e f i umodsys_lib_libui:umodsys.mod.ui.SDL_core.obj
 0001:00003a95       ??1IImage@lib2d@UModSys@@UAE@XZ 10004a95 f i umodsys_lib_lib2d:umodsys.mod.2d.stdlib.obj
 0001:00003a95       ??1IKeyboardController@libui@UModSys@@UAE@XZ 10004a95 f i umodsys_lib_libui:umodsys.mod.ui.SDL_core.obj
 0001:00003a95       ??1IDialog@libui@UModSys@@UAE@XZ 10004a95 f i umodsys_lib_libui:umodsys.mod.ui.frames.obj
 0001:00003a95       ??1ISerializeReader@libmedia@UModSys@@UAE@XZ 10004a95 f i umodsys_lib_libmedia:umodsys.mod.media.serialize_json.obj
 0001:00003a95       ??1ITerminal@libui@UModSys@@UAE@XZ 10004a95 f i umodsys_lib_libui:umodsys.mod.ui.SDL_core.obj
 0001:00003a95       ??1IShell@base@UModSys@@UAE@XZ 10004a95 f i plugin_test1.obj
 0001:00003a95       ??1IMultiImage@lib2d@UModSys@@UAE@XZ 10004a95 f i umodsys_lib_libui:umodsys.mod.ui.SDL_core.obj
 0001:00003a95       ??1IMouseController@libui@UModSys@@UAE@XZ 10004a95 f i umodsys_lib_libui:umodsys.mod.ui.SDL_core.obj
 0001:00003a95       ??1IFrame@libui@UModSys@@UAE@XZ 10004a95 f i umodsys_lib_libui:umodsys.mod.ui.frames.obj
 0001:00003a95       ??1IBinObjFilter@libmedia@UModSys@@UAE@XZ 10004a95 f i plugin_test1.obj
 0001:00003a95       ??1ICollector@libui@UModSys@@UAE@XZ 10004a95 f i umodsys_lib_libui:umodsys.mod.ui.frames.obj
 0001:00003a95       ??1IRenderDriver@lib2d@UModSys@@UAE@XZ 10004a95 f i umodsys_lib_libui:umodsys.mod.ui.SDL_core.obj
 0001:00003a95       ??1ISerializeWriter@libmedia@UModSys@@UAE@XZ 10004a95 f i umodsys_lib_libmedia:umodsys.mod.media.serialize_json.obj
 0001:00003a9c       ?root_get_interface_info@RMouseController@SDL_core@ui@modules@UModSys@@UBEABUSUniquePointerInfo@core@5@XZ 10004a9c f i umodsys_lib_libui:umodsys.mod.ui.SDL_core.obj
 0001:00003aa2       ?root_get_interface_type@RMouseController@SDL_core@ui@modules@UModSys@@UBEPBUSUniquePointerInfo@core@5@XZ 10004aa2 f i umodsys_lib_libui:umodsys.mod.ui.SDL_core.obj
 0001:00003aa8       ?root_get_other_interface@RMouseController@SDL_core@ui@modules@UModSys@@UAEPAUIRoot@core@5@PBUSUniquePointerInfo@75@@Z 10004aa8 f i umodsys_lib_libui:umodsys.mod.ui.SDL_core.obj
 0001:00003aa8       ?root_get_other_interface@RMouseController@SDL_core@ui@modules@UModSys@@UBEPBUIRoot@core@5@PBUSUniquePointerInfo@75@@Z 10004aa8 f i umodsys_lib_libui:umodsys.mod.ui.SDL_core.obj
 0001:00003ac9       ?root_is_interface_supported@RMouseController@SDL_core@ui@modules@UModSys@@UBE_NPBUSUniquePointerInfo@core@5@@Z 10004ac9 f i umodsys_lib_libui:umodsys.mod.ui.SDL_core.obj
 0001:00003af0       ??0RMouseController@SDL_core@ui@modules@UModSys@@QAE@PAURTerminal@1234@ABUSParameters@core@4@@Z 10004af0 f i umodsys_lib_libui:umodsys.mod.ui.SDL_core.obj
 0001:00003b3e       ?process@RMouseController@SDL_core@ui@modules@UModSys@@QAE_NAAUSDL_MouseMotionEvent@@@Z 10004b3e f i umodsys_lib_libui:umodsys.mod.ui.SDL_core.obj
 0001:00003c25       ?process@RMouseController@SDL_core@ui@modules@UModSys@@QAE_NAAUSDL_MouseButtonEvent@@@Z 10004c25 f i umodsys_lib_libui:umodsys.mod.ui.SDL_core.obj
 0001:00003cec       ?process@RMouseController@SDL_core@ui@modules@UModSys@@QAE_NAAUSDL_MouseWheelEvent@@@Z 10004cec f i umodsys_lib_libui:umodsys.mod.ui.SDL_core.obj
 0001:00003d8d       ?key_unlink@RKeyboardController@SDL_core@ui@modules@UModSys@@UAE_NH@Z 10004d8d f i umodsys_lib_libui:umodsys.mod.ui.SDL_core.obj
 0001:00003d8d       ?mouse_unlink@RMouseController@SDL_core@ui@modules@UModSys@@UAE_NH@Z 10004d8d f i umodsys_lib_libui:umodsys.mod.ui.SDL_core.obj
 0001:00003dec       ?mouse_link@RMouseController@SDL_core@ui@modules@UModSys@@UAE_NHPAUIRefObject@core@5@PAUIMouseClient@libui@5@H@Z 10004dec f i umodsys_lib_libui:umodsys.mod.ui.SDL_core.obj
 0001:00003e2b       ??_GRMouseController@SDL_core@ui@modules@UModSys@@UAEPAXI@Z 10004e2b f i umodsys_lib_libui:umodsys.mod.ui.SDL_core.obj
 0001:00003e2b       ??_ERMouseController@SDL_core@ui@modules@UModSys@@UAEPAXI@Z 10004e2b f i  CIL library: CIL module
 0001:00003e81       ?root_get_interface_info@RKeyboardController@SDL_core@ui@modules@UModSys@@UBEABUSUniquePointerInfo@core@5@XZ 10004e81 f i umodsys_lib_libui:umodsys.mod.ui.SDL_core.obj
 0001:00003e87       ?root_get_interface_type@RKeyboardController@SDL_core@ui@modules@UModSys@@UBEPBUSUniquePointerInfo@core@5@XZ 10004e87 f i umodsys_lib_libui:umodsys.mod.ui.SDL_core.obj
 0001:00003e8d       ?root_get_other_interface@RKeyboardController@SDL_core@ui@modules@UModSys@@UBEPBUIRoot@core@5@PBUSUniquePointerInfo@75@@Z 10004e8d f i umodsys_lib_libui:umodsys.mod.ui.SDL_core.obj
 0001:00003e8d       ?root_get_other_interface@RKeyboardController@SDL_core@ui@modules@UModSys@@UAEPAUIRoot@core@5@PBUSUniquePointerInfo@75@@Z 10004e8d f i umodsys_lib_libui:umodsys.mod.ui.SDL_core.obj
 0001:00003eae       ?root_is_interface_supported@RKeyboardController@SDL_core@ui@modules@UModSys@@UBE_NPBUSUniquePointerInfo@core@5@@Z 10004eae f i umodsys_lib_libui:umodsys.mod.ui.SDL_core.obj
 0001:00003ed5       ??0RKeyboardController@SDL_core@ui@modules@UModSys@@QAE@PAURTerminal@1234@ABUSParameters@core@4@@Z 10004ed5 f i umodsys_lib_libui:umodsys.mod.ui.SDL_core.obj
 0001:00003f23       ?process@RKeyboardController@SDL_core@ui@modules@UModSys@@QAE_NAAUSDL_KeyboardEvent@@@Z 10004f23 f i umodsys_lib_libui:umodsys.mod.ui.SDL_core.obj
 0001:00003fc4       ?process@RKeyboardController@SDL_core@ui@modules@UModSys@@QAE_NAAUSDL_TextInputEvent@@@Z 10004fc4 f i umodsys_lib_libui:umodsys.mod.ui.SDL_core.obj
 0001:00004069       ?map_keycode@RKeyboardController@SDL_core@ui@modules@UModSys@@QAE?AW4eKeyCode@libui@5@H@Z 10005069 f i umodsys_lib_libui:umodsys.mod.ui.SDL_core.obj
 0001:000044e4       ?map_keyspecial@RKeyboardController@SDL_core@ui@modules@UModSys@@QAEFG@Z 100054e4 f i umodsys_lib_libui:umodsys.mod.ui.SDL_core.obj
 0001:00004557       ?key_link@RKeyboardController@SDL_core@ui@modules@UModSys@@UAE_NHPAUIRefObject@core@5@PAUIKeyboardClient@libui@5@@Z 10005557 f i umodsys_lib_libui:umodsys.mod.ui.SDL_core.obj
 0001:0000458f       ?command_draw@RTest1_Shell@test1@test@modules@UModSys@@UAE_NABUSController@libui@5@PAUIRenderDriver@lib2d@5@ABU?$TBoundBox2@H@math3d@5@@Z 1000558f f i plugin_test1.obj
 0001:0000458f       ?key_setmodifier@RKeyboardController@SDL_core@ui@modules@UModSys@@UAE_NHHH@Z 1000558f f i umodsys_lib_libui:umodsys.mod.ui.SDL_core.obj
 0001:0000458f       ?set_var_cell@RMultiImage2D_SDL_ttf@SDL_core@ui@modules@UModSys@@UAE_NPBUSImageCellInfo@lib2d@5@HH@Z 1000558f f i umodsys_lib_libui:umodsys.mod.ui.SDL_core.obj
 0001:0000458f       ?put_key@RSerializeWriter@serialize_json@media@modules@UModSys@@UAE_NABU?$TString@U?$TSCoreConst@D@su@tl@UModSys@@U?$TComparerBinaryHash@D@234@@tl@5@ABUSSerializeValue@libmedia@5@H@Z 1000558f f i umodsys_lib_libmedia:umodsys.mod.media.serialize_json.obj
 0001:0000458f       ?get_cell_size@RMultiImage2D_SDL_ttf@SDL_core@ui@modules@UModSys@@UAE_NHAAU?$TVector2@H@math3d@5@PAU675@@Z 1000558f f i umodsys_lib_libui:umodsys.mod.ui.SDL_core.obj
 0001:00004594       ?key_setrepeat@RKeyboardController@SDL_core@ui@modules@UModSys@@UAE_NMM@Z 10005594 f i umodsys_lib_libui:umodsys.mod.ui.SDL_core.obj
 0001:00004594       ?set_repeater@RFrame_Common@frames@ui@modules@UModSys@@UAE_NHH@Z 10005594 f i umodsys_lib_libui:umodsys.mod.ui.frames.obj
 0001:00004594       ?mouse_setposition@RMouseController@SDL_core@ui@modules@UModSys@@UAE_NHH@Z 10005594 f i umodsys_lib_libui:umodsys.mod.ui.SDL_core.obj
 0001:00004594       ?filter_load@RMediaFilter@images_std@media@modules@UModSys@@UAE_NABUSInfo@IBinObjFilter@libmedia@5@AAU?$TRefObject@UIRefObject@core@UModSys@@U?$TRefObjectFunc@UIRefObject@core@UModSys@@@tl@3@@tl@5@@Z 10005594 f i umodsys_lib_libmedia:umodsys.mod.media.images_std.obj
 0001:00004594       ?set_parameters@RRenderDriver2D@SDL_core@ui@modules@UModSys@@UAE_NPBDABUSParameters@core@5@@Z 10005594 f i umodsys_lib_libui:umodsys.mod.ui.SDL_core.obj
 0001:00004594       ?output_attach_3d@RCollector@frames@ui@modules@UModSys@@UAE_NPAUIRenderDriver@lib3d@5@H@Z 10005594 f i umodsys_lib_libui:umodsys.mod.ui.frames.obj
 0001:00004594       ?set_fixed_cell@RMultiImage2D_SDL_ttf@SDL_core@ui@modules@UModSys@@UAE_NHH@Z 10005594 f i umodsys_lib_libui:umodsys.mod.ui.SDL_core.obj
 0001:00004594       ?set_hint@RMultiImage2D_SDL_ttf@SDL_core@ui@modules@UModSys@@UAE_NPBD0@Z 10005594 f i umodsys_lib_libui:umodsys.mod.ui.SDL_core.obj
 0001:00004599       ?key_reset@RKeyboardController@SDL_core@ui@modules@UModSys@@UAE_NXZ 10005599 f i umodsys_lib_libui:umodsys.mod.ui.SDL_core.obj
 0001:00004599       ?mouse_reset@RMouseController@SDL_core@ui@modules@UModSys@@UAE_NXZ 10005599 f i umodsys_lib_libui:umodsys.mod.ui.SDL_core.obj
 0001:0000459c       ?key_setvisible@RKeyboardController@SDL_core@ui@modules@UModSys@@UAE_N_N@Z 1000559c f i umodsys_lib_libui:umodsys.mod.ui.SDL_core.obj
 0001:000045b4       ??_ERKeyboardController@SDL_core@ui@modules@UModSys@@UAEPAXI@Z 100055b4 f i  CIL library: CIL module
 0001:000045b4       ??_GRKeyboardController@SDL_core@ui@modules@UModSys@@UAEPAXI@Z 100055b4 f i umodsys_lib_libui:umodsys.mod.ui.SDL_core.obj
 0001:0000460a       ?root_get_interface_info@RTerminal@SDL_core@ui@modules@UModSys@@UBEABUSUniquePointerInfo@core@5@XZ 1000560a f i umodsys_lib_libui:umodsys.mod.ui.SDL_core.obj
 0001:00004610       ?root_get_interface_type@RTerminal@SDL_core@ui@modules@UModSys@@UBEPBUSUniquePointerInfo@core@5@XZ 10005610 f i umodsys_lib_libui:umodsys.mod.ui.SDL_core.obj
 0001:00004616       ?root_get_other_interface@RTerminal@SDL_core@ui@modules@UModSys@@UBEPBUIRoot@core@5@PBUSUniquePointerInfo@75@@Z 10005616 f i umodsys_lib_libui:umodsys.mod.ui.SDL_core.obj
 0001:00004616       ?root_get_other_interface@RTerminal@SDL_core@ui@modules@UModSys@@UAEPAUIRoot@core@5@PBUSUniquePointerInfo@75@@Z 10005616 f i umodsys_lib_libui:umodsys.mod.ui.SDL_core.obj
 0001:00004637       ?root_is_interface_supported@RTerminal@SDL_core@ui@modules@UModSys@@UBE_NPBUSUniquePointerInfo@core@5@@Z 10005637 f i umodsys_lib_libui:umodsys.mod.ui.SDL_core.obj
 0001:0000465e       ?ref_add@RImage_Memory@stdlib@lib2d@modules@UModSys@@UBEXXZ 1000565e f i umodsys_lib_lib2d:umodsys.mod.2d.stdlib.obj
 0001:0000465e       ?ref_add@RRenderDriver2D@SDL_core@ui@modules@UModSys@@UBEXXZ 1000565e f i umodsys_lib_libui:umodsys.mod.ui.SDL_core.obj
 0001:0000465e       ?ref_add@RGenerator@serialize_json@media@modules@UModSys@@UBEXXZ 1000565e f i umodsys_lib_libmedia:umodsys.mod.media.serialize_json.obj
 0001:0000465e       ?ref_add@RTerminal@SDL_core@ui@modules@UModSys@@UBEXXZ 1000565e f i umodsys_lib_libui:umodsys.mod.ui.SDL_core.obj
 0001:0000465e       ?ref_add@RGenerator@images_std@media@modules@UModSys@@UBEXXZ 1000565e f i umodsys_lib_libmedia:umodsys.mod.media.images_std.obj
 0001:0000465e       ?ref_add@RSerializeReader@serialize_json@media@modules@UModSys@@UBEXXZ 1000565e f i umodsys_lib_libmedia:umodsys.mod.media.serialize_json.obj
 0001:0000465e       ?ref_add@RMouseController@SDL_core@ui@modules@UModSys@@UBEXXZ 1000565e f i umodsys_lib_libui:umodsys.mod.ui.SDL_core.obj
 0001:0000465e       ?ref_add@RGenerator@frames@ui@modules@UModSys@@UBEXXZ 1000565e f i umodsys_lib_libui:umodsys.mod.ui.frames.obj
 0001:0000465e       ?ref_add@RKeyboardController@SDL_core@ui@modules@UModSys@@UBEXXZ 1000565e f i umodsys_lib_libui:umodsys.mod.ui.SDL_core.obj
 0001:0000465e       ?ref_add@RMultiImage2D_SDL_ttf@SDL_core@ui@modules@UModSys@@UBEXXZ 1000565e f i umodsys_lib_libui:umodsys.mod.ui.SDL_core.obj
 0001:0000465e       ?ref_add@RGenerator@test1@test@modules@UModSys@@UBEXXZ 1000565e f i plugin_test1.obj
 0001:0000465e       ?ref_add@RGenerator@SDL_core@ui@modules@UModSys@@UBEXXZ 1000565e f i umodsys_lib_libui:umodsys.mod.ui.SDL_core.obj
 0001:0000465e       ?ref_add@RDialog@frames@ui@modules@UModSys@@UBEXXZ 1000565e f i umodsys_lib_libui:umodsys.mod.ui.frames.obj
 0001:0000465e       ?ref_add@RGenerator@stdlib@lib2d@modules@UModSys@@UBEXXZ 1000565e f i umodsys_lib_lib2d:umodsys.mod.2d.stdlib.obj
 0001:00004662       ?ref_weak@RGenerator@serialize_json@media@modules@UModSys@@UBE_NAAUWeakPointer@IRefObject@core@5@@Z 10005662 f i umodsys_lib_libmedia:umodsys.mod.media.serialize_json.obj
 0001:00004662       ?ref_weak@RGenerator@frames@ui@modules@UModSys@@UBE_NAAUWeakPointer@IRefObject@core@5@@Z 10005662 f i umodsys_lib_libui:umodsys.mod.ui.frames.obj
 0001:00004662       ?ref_weak@RGenerator@stdlib@lib2d@modules@UModSys@@UBE_NAAUWeakPointer@IRefObject@core@5@@Z 10005662 f i umodsys_lib_lib2d:umodsys.mod.2d.stdlib.obj
 0001:00004662       ?ref_weak@RRenderDriver2D@SDL_core@ui@modules@UModSys@@UBE_NAAUWeakPointer@IRefObject@core@5@@Z 10005662 f i umodsys_lib_libui:umodsys.mod.ui.SDL_core.obj
 0001:00004662       ?ref_weak@RSerializeReader@serialize_json@media@modules@UModSys@@UBE_NAAUWeakPointer@IRefObject@core@5@@Z 10005662 f i umodsys_lib_libmedia:umodsys.mod.media.serialize_json.obj
 0001:00004662       ?ref_weak@RGenerator@test1@test@modules@UModSys@@UBE_NAAUWeakPointer@IRefObject@core@5@@Z 10005662 f i plugin_test1.obj
 0001:00004662       ?ref_weak@RTerminal@SDL_core@ui@modules@UModSys@@UBE_NAAUWeakPointer@IRefObject@core@5@@Z 10005662 f i umodsys_lib_libui:umodsys.mod.ui.SDL_core.obj
 0001:00004662       ?ref_weak@RGenerator@SDL_core@ui@modules@UModSys@@UBE_NAAUWeakPointer@IRefObject@core@5@@Z 10005662 f i umodsys_lib_libui:umodsys.mod.ui.SDL_core.obj
 0001:00004662       ?ref_weak@RGenerator@images_std@media@modules@UModSys@@UBE_NAAUWeakPointer@IRefObject@core@5@@Z 10005662 f i umodsys_lib_libmedia:umodsys.mod.media.images_std.obj
 0001:00004662       ?ref_weak@RMultiImage2D_SDL_ttf@SDL_core@ui@modules@UModSys@@UBE_NAAUWeakPointer@IRefObject@core@5@@Z 10005662 f i umodsys_lib_libui:umodsys.mod.ui.SDL_core.obj
 0001:00004662       ?ref_weak@RImage_Memory@stdlib@lib2d@modules@UModSys@@UBE_NAAUWeakPointer@IRefObject@core@5@@Z 10005662 f i umodsys_lib_lib2d:umodsys.mod.2d.stdlib.obj
 0001:00004662       ?ref_weak@RKeyboardController@SDL_core@ui@modules@UModSys@@UBE_NAAUWeakPointer@IRefObject@core@5@@Z 10005662 f i umodsys_lib_libui:umodsys.mod.ui.SDL_core.obj
 0001:00004662       ?ref_weak@RMouseController@SDL_core@ui@modules@UModSys@@UBE_NAAUWeakPointer@IRefObject@core@5@@Z 10005662 f i umodsys_lib_libui:umodsys.mod.ui.SDL_core.obj
 0001:00004662       ?ref_weak@RDialog@frames@ui@modules@UModSys@@UBE_NAAUWeakPointer@IRefObject@core@5@@Z 10005662 f i umodsys_lib_libui:umodsys.mod.ui.frames.obj
 0001:00004681       ??0RTerminal@SDL_core@ui@modules@UModSys@@QAE@PAUIModObject@base@4@ABUSParameters@core@4@@Z 10005681 f i umodsys_lib_libui:umodsys.mod.ui.SDL_core.obj
 0001:000046f4       ?poll_events@RTerminal@SDL_core@ui@modules@UModSys@@UAE_NH@Z 100056f4 f i umodsys_lib_libui:umodsys.mod.ui.SDL_core.obj
 0001:00004818       ?get_terminal_state@RTerminal@SDL_core@ui@modules@UModSys@@UAE_NW4eTerminalState@libui@5@@Z 10005818 f i umodsys_lib_libui:umodsys.mod.ui.SDL_core.obj
 0001:00004831       ?set_terminal_state@RTerminal@SDL_core@ui@modules@UModSys@@UAE_NW4eTerminalState@libui@5@_N@Z 10005831 f i umodsys_lib_libui:umodsys.mod.ui.SDL_core.obj
 0001:0000488b       ?get_clock@RTerminal@SDL_core@ui@modules@UModSys@@UAENXZ 1000588b f i umodsys_lib_libui:umodsys.mod.ui.SDL_core.obj
 0001:000048a3       ?wait@RTerminal@SDL_core@ui@modules@UModSys@@UAE_NM@Z 100058a3 f i umodsys_lib_libui:umodsys.mod.ui.SDL_core.obj
 0001:000048be       ?get_count@RTerminal@SDL_core@ui@modules@UModSys@@UBEIPBUSUniquePointerInfo@core@5@@Z 100058be f i umodsys_lib_libui:umodsys.mod.ui.SDL_core.obj
 0001:000048f1       ?get_handler@RTerminal@SDL_core@ui@modules@UModSys@@UBEPAUIRefObject@core@5@PBUSUniquePointerInfo@75@I@Z 100058f1 f i umodsys_lib_libui:umodsys.mod.ui.SDL_core.obj
 0001:00004939       ?get_handler@RTerminal@SDL_core@ui@modules@UModSys@@UBEPAUIRefObject@core@5@PBUSUniquePointerInfo@75@PBD@Z 10005939 f i umodsys_lib_libui:umodsys.mod.ui.SDL_core.obj
 0001:00004942       ?create_handler@RTerminal@SDL_core@ui@modules@UModSys@@UAE_NPBUSUniquePointerInfo@core@5@AAU?$TRefObject@UIRefObject@core@UModSys@@U?$TRefObjectFunc@UIRefObject@core@UModSys@@@tl@3@@tl@5@PBDPBUSParameters@75@@Z 10005942 f i umodsys_lib_libui:umodsys.mod.ui.SDL_core.obj
 0001:00004b7b       ??_ERTerminal@SDL_core@ui@modules@UModSys@@UAEPAXI@Z 10005b7b f i  CIL library: CIL module
 0001:00004b7b       ??_GRTerminal@SDL_core@ui@modules@UModSys@@UAEPAXI@Z 10005b7b f i umodsys_lib_libui:umodsys.mod.ui.SDL_core.obj
 0001:00004beb       ?ref_links@RTest1_Shell@test1@test@modules@UModSys@@UBEHXZ 10005beb f   plugin_test1.obj
 0001:00004beb       ?get_terminal@RRenderDriver2D@SDL_core@ui@modules@UModSys@@UBEPAUITerminal@libui@5@XZ 10005beb f   umodsys_lib_libui:umodsys.mod.ui.SDL_core.obj
 0001:00004bef       ?new_font@RRenderDriver2D@SDL_core@ui@modules@UModSys@@UAE?AU?$TRefObject@UIMultiImage@lib2d@UModSys@@U?$TRefObjectFunc@UIMultiImage@lib2d@UModSys@@@tl@3@@tl@5@ABUSParameters@core@5@ABU?$TString@U?$TSCoreConst@D@su@tl@UModSys@@U?$TComparerBinaryHash@D@234@@75@@Z 10005bef f   umodsys_lib_libui:umodsys.mod.ui.SDL_core.obj
 0001:00004cc5       ?new_picture@RRenderDriver2D@SDL_core@ui@modules@UModSys@@UAE?AU?$TRefObject@UIImage@lib2d@UModSys@@U?$TRefObjectFunc@UIImage@lib2d@UModSys@@@tl@3@@tl@5@ABUSParameters@core@5@ABU?$TString@U?$TSCoreConst@D@su@tl@UModSys@@U?$TComparerBinaryHash@D@234@@75@@Z 10005cc5 f   umodsys_lib_libui:umodsys.mod.ui.SDL_core.obj
 0001:00004cd7       ?get_generated_names@RGenerator@SDL_core@ui@modules@UModSys@@UBEHAAUSUniquePtrList@core@5@@Z 10005cd7 f i umodsys_lib_libui:umodsys.mod.ui.SDL_core.obj
 0001:00004cf0       ?get_generated_types@RGenerator@SDL_core@ui@modules@UModSys@@UBEHAAUSUniquePtrList@core@5@PBUSUniquePointerInfo@75@@Z 10005cf0 f i umodsys_lib_libui:umodsys.mod.ui.SDL_core.obj
 0001:00004d22       ?generate@RGenerator@SDL_core@ui@modules@UModSys@@UAE_NAAU?$TRefObject@UIRefObject@core@UModSys@@U?$TRefObjectFunc@UIRefObject@core@UModSys@@@tl@3@@tl@5@PBUSUniquePointerInfo@core@5@ABUSParameters@95@@Z 10005d22 f i umodsys_lib_libui:umodsys.mod.ui.SDL_core.obj
 0001:00004d43       ?root_get_interface_info@RGenerator@SDL_core@ui@modules@UModSys@@UBEABUSUniquePointerInfo@core@5@XZ 10005d43 f i umodsys_lib_libui:umodsys.mod.ui.SDL_core.obj
 0001:00004d49       ?root_get_interface_type@RGenerator@SDL_core@ui@modules@UModSys@@UBEPBUSUniquePointerInfo@core@5@XZ 10005d49 f i umodsys_lib_libui:umodsys.mod.ui.SDL_core.obj
 0001:00004d4f       ?root_get_other_interface@RGenerator@SDL_core@ui@modules@UModSys@@UAEPAUIRoot@core@5@PBUSUniquePointerInfo@75@@Z 10005d4f f i umodsys_lib_libui:umodsys.mod.ui.SDL_core.obj
 0001:00004d4f       ?root_get_other_interface@RGenerator@SDL_core@ui@modules@UModSys@@UBEPBUIRoot@core@5@PBUSUniquePointerInfo@75@@Z 10005d4f f i umodsys_lib_libui:umodsys.mod.ui.SDL_core.obj
 0001:00004d68       ?root_is_interface_supported@RGenerator@SDL_core@ui@modules@UModSys@@UBE_NPBUSUniquePointerInfo@core@5@@Z 10005d68 f i umodsys_lib_libui:umodsys.mod.ui.SDL_core.obj
 0001:00004d87       ?get_uid@RGenerator@SDL_core@ui@modules@UModSys@@UBEPBUSUniquePointerInfo@core@5@XZ 10005d87 f i umodsys_lib_libui:umodsys.mod.ui.SDL_core.obj
 0001:00004d8d       ?do_open@RModuleReg@SDL_core@ui@modules@UModSys@@UAE_NXZ 10005d8d f i umodsys_lib_libui:umodsys.mod.ui.SDL_core.obj
 0001:00004ddb       ?do_close@RModuleReg@SDL_core@ui@modules@UModSys@@UAE_NXZ 10005ddb f i umodsys_lib_libui:umodsys.mod.ui.SDL_core.obj
 0001:00004e16       ?get_module@RGenerator@SDL_core@ui@modules@UModSys@@UBEPAUIModule@base@5@XZ 10005e16 f   umodsys_lib_libui:umodsys.mod.ui.SDL_core.obj
 0001:00004e1c       ?mod_inc@RGenerator@SDL_core@ui@modules@UModSys@@UBE_NXZ 10005e1c f   umodsys_lib_libui:umodsys.mod.ui.SDL_core.obj
 0001:00004e27       ?mod_dec@RGenerator@SDL_core@ui@modules@UModSys@@UBE_NXZ 10005e27 f   umodsys_lib_libui:umodsys.mod.ui.SDL_core.obj
 0001:00004e32       ?s_holder@RGenerator@SDL_core@ui@modules@UModSys@@SAAAU?$TTypeStaticHolder@URGenerator@SDL_core@ui@modules@UModSys@@@tl@5@XZ 10005e32 f   umodsys_lib_libui:umodsys.mod.ui.SDL_core.obj
 0001:00004e64       ??1?$TScatterArray@UGlyph@RMultiImage2D_SDL_ttf@SDL_core@ui@modules@UModSys@@HU?$TScalarCompare@H@core@6@U?$TNodeDeleter0@U?$TScatterArrayNode@UGlyph@RMultiImage2D_SDL_ttf@SDL_core@ui@modules@UModSys@@H@tl@UModSys@@@tl@6@@tl@UModSys@@QAE@XZ 10005e64 f i umodsys_lib_libui:umodsys.mod.ui.SDL_core.obj
 0001:00004e7a       ??0?$TParametersA@$0BAA@@core@UModSys@@QAE@XZ 10005e7a f i umodsys_lib_libui:umodsys.mod.ui.SDL_core.obj
 0001:00004ea9       ??F?$TTreeIterRB@$$CBU?$TScatterArrayNode@U?$TRefObjectComposite@UIKeyboardClient@libui@UModSys@@UIRefObject@core@3@U?$TRefObjectFunc@UIRefObject@core@UModSys@@@tl@3@@tl@UModSys@@H@tl@UModSys@@$$CBU?$TPair@HU?$TRefObjectComposite@UIKeyboardClient@libui@UModSys@@UIRefObject@core@3@U?$TRefObjectFunc@UIRefObject@core@UModSys@@@tl@3@@tl@UModSys@@@23@@tl@UModSys@@QAE?AU012@XZ 10005ea9 f i umodsys_lib_libui:umodsys.mod.ui.SDL_core.obj
 0001:00004ea9       ??F?$TTreeIterRB@$$CBU?$TScatterArrayNode@U?$TRefObjectCompositeExtra@UIMouseClient@libui@UModSys@@HUIRefObject@core@3@U?$TRefObjectFunc@UIRefObject@core@UModSys@@@tl@3@@tl@UModSys@@H@tl@UModSys@@$$CBU?$TPair@HU?$TRefObjectCompositeExtra@UIMouseClient@libui@UModSys@@HUIRefObject@core@3@U?$TRefObjectFunc@UIRefObject@core@UModSys@@@tl@3@@tl@UModSys@@@23@@tl@UModSys@@QAE?AU012@XZ 10005ea9 f i umodsys_lib_libui:umodsys.mod.ui.SDL_core.obj
 0001:00004ed3       ?remove_node@?$TTreeHoldRB@U?$TScatterArrayNode@U?$TRefObjectCompositeExtra@UIMouseClient@libui@UModSys@@HUIRefObject@core@3@U?$TRefObjectFunc@UIRefObject@core@UModSys@@@tl@3@@tl@UModSys@@H@tl@UModSys@@@tl@UModSys@@QAEXPAU?$TScatterArrayNode@U?$TRefObjectCompositeExtra@UIMouseClient@libui@UModSys@@HUIRefObject@core@3@U?$TRefObjectFunc@UIRefObject@core@UModSys@@@tl@3@@tl@UModSys@@H@23@@Z 10005ed3 f i umodsys_lib_libui:umodsys.mod.ui.SDL_core.obj
 0001:00004ed3       ?remove_node@?$TTreeHoldRB@U?$TScatterArrayNode@U?$TRefObjectComposite@UIKeyboardClient@libui@UModSys@@UIRefObject@core@3@U?$TRefObjectFunc@UIRefObject@core@UModSys@@@tl@3@@tl@UModSys@@H@tl@UModSys@@@tl@UModSys@@QAEXPAU?$TScatterArrayNode@U?$TRefObjectComposite@UIKeyboardClient@libui@UModSys@@UIRefObject@core@3@U?$TRefObjectFunc@UIRefObject@core@UModSys@@@tl@3@@tl@UModSys@@H@23@@Z 10005ed3 f i umodsys_lib_libui:umodsys.mod.ui.SDL_core.obj
 0001:00004fb0       ??1?$TPair@HU?$TRefObjectComposite@UIKeyboardClient@libui@UModSys@@UIRefObject@core@3@U?$TRefObjectFunc@UIRefObject@core@UModSys@@@tl@3@@tl@UModSys@@@tl@UModSys@@QAE@XZ 10005fb0 f i umodsys_lib_libui:umodsys.mod.ui.SDL_core.obj
 0001:00004fb0       ??1?$TPair@HU?$TRefObjectCompositeExtra@UIMouseClient@libui@UModSys@@HUIRefObject@core@3@U?$TRefObjectFunc@UIRefObject@core@UModSys@@@tl@3@@tl@UModSys@@@tl@UModSys@@QAE@XZ 10005fb0 f i umodsys_lib_libui:umodsys.mod.ui.SDL_core.obj
 0001:00004fba       ?remove_color@?$TTreeHoldRB@U?$TScatterArrayNode@U?$TRefObjectComposite@UIKeyboardClient@libui@UModSys@@UIRefObject@core@3@U?$TRefObjectFunc@UIRefObject@core@UModSys@@@tl@3@@tl@UModSys@@H@tl@UModSys@@@tl@UModSys@@IAEXPAU?$TScatterArrayNode@U?$TRefObjectComposite@UIKeyboardClient@libui@UModSys@@UIRefObject@core@3@U?$TRefObjectFunc@UIRefObject@core@UModSys@@@tl@3@@tl@UModSys@@H@23@0@Z 10005fba f i umodsys_lib_libui:umodsys.mod.ui.SDL_core.obj
 0001:00004fba       ?remove_color@?$TTreeHoldRB@U?$TScatterArrayNode@U?$TRefObjectCompositeExtra@UIMouseClient@libui@UModSys@@HUIRefObject@core@3@U?$TRefObjectFunc@UIRefObject@core@UModSys@@@tl@3@@tl@UModSys@@H@tl@UModSys@@@tl@UModSys@@IAEXPAU?$TScatterArrayNode@U?$TRefObjectCompositeExtra@UIMouseClient@libui@UModSys@@HUIRefObject@core@3@U?$TRefObjectFunc@UIRefObject@core@UModSys@@@tl@3@@tl@UModSys@@H@23@0@Z 10005fba f i umodsys_lib_libui:umodsys.mod.ui.SDL_core.obj
 0001:000050bc       ??$t_close@U?$TRefObject@URRenderDriver2D@SDL_core@ui@modules@UModSys@@U?$TRefObjectWeakFunc@URRenderDriver2D@SDL_core@ui@modules@UModSys@@@tl@5@@tl@UModSys@@@SDL_core@ui@modules@UModSys@@YA_NAAU?$TScatterArray@U?$TRefObject@URRenderDriver2D@SDL_core@ui@modules@UModSys@@U?$TRefObjectWeakFunc@URRenderDriver2D@SDL_core@ui@modules@UModSys@@@tl@5@@tl@UModSys@@HU?$TScalarCompare@H@core@3@U?$TNodeDeleter0@U?$TScatterArrayNode@U?$TRefObject@URRenderDriver2D@SDL_core@ui@modules@UModSys@@U?$TRefObjectWeakFunc@URRenderDriver2D@SDL_core@ui@modules@UModSys@@@tl@5@@tl@UModSys@@H@tl@UModSys@@@23@@tl@3@@Z 100060bc f i umodsys_lib_libui:umodsys.mod.ui.SDL_core.obj
 0001:00005115       ??$t_count@U?$TRefObject@URRenderDriver2D@SDL_core@ui@modules@UModSys@@U?$TRefObjectWeakFunc@URRenderDriver2D@SDL_core@ui@modules@UModSys@@@tl@5@@tl@UModSys@@@SDL_core@ui@modules@UModSys@@YAIABU?$TScatterArray@U?$TRefObject@URRenderDriver2D@SDL_core@ui@modules@UModSys@@U?$TRefObjectWeakFunc@URRenderDriver2D@SDL_core@ui@modules@UModSys@@@tl@5@@tl@UModSys@@HU?$TScalarCompare@H@core@3@U?$TNodeDeleter0@U?$TScatterArrayNode@U?$TRefObject@URRenderDriver2D@SDL_core@ui@modules@UModSys@@U?$TRefObjectWeakFunc@URRenderDriver2D@SDL_core@ui@modules@UModSys@@@tl@5@@tl@UModSys@@H@tl@UModSys@@@23@@tl@3@@Z 10006115 f i umodsys_lib_libui:umodsys.mod.ui.SDL_core.obj
 0001:00005160       ??$t_get@U?$TRefObject@URRenderDriver2D@SDL_core@ui@modules@UModSys@@U?$TRefObjectWeakFunc@URRenderDriver2D@SDL_core@ui@modules@UModSys@@@tl@5@@tl@UModSys@@@SDL_core@ui@modules@UModSys@@YAPAUIRefObject@core@3@ABU?$TScatterArray@U?$TRefObject@URRenderDriver2D@SDL_core@ui@modules@UModSys@@U?$TRefObjectWeakFunc@URRenderDriver2D@SDL_core@ui@modules@UModSys@@@tl@5@@tl@UModSys@@HU?$TScalarCompare@H@core@3@U?$TNodeDeleter0@U?$TScatterArrayNode@U?$TRefObject@URRenderDriver2D@SDL_core@ui@modules@UModSys@@U?$TRefObjectWeakFunc@URRenderDriver2D@SDL_core@ui@modules@UModSys@@@tl@5@@tl@UModSys@@H@tl@UModSys@@@23@@tl@3@I@Z 10006160 f i umodsys_lib_libui:umodsys.mod.ui.SDL_core.obj
 0001:000051bf       ??$ValidateConstruction@UIRefObject@core@UModSys@@URRenderDriver2D@SDL_core@ui@modules@3@@core@UModSys@@YA_NAAU?$TRefObject@UIRefObject@core@UModSys@@U?$TRefObjectFunc@UIRefObject@core@UModSys@@@tl@3@@tl@1@U?$TRefObject@URRenderDriver2D@SDL_core@ui@modules@UModSys@@U?$TRefObjectFunc@URRenderDriver2D@SDL_core@ui@modules@UModSys@@@tl@5@@31@@Z 100061bf f i umodsys_lib_libui:umodsys.mod.ui.SDL_core.obj
 0001:00005216       ??$t_add@U?$TRefObject@URRenderDriver2D@SDL_core@ui@modules@UModSys@@U?$TRefObjectWeakFunc@URRenderDriver2D@SDL_core@ui@modules@UModSys@@@tl@5@@tl@UModSys@@URRenderDriver2D@SDL_core@ui@modules@3@@SDL_core@ui@modules@UModSys@@YA_NAAU?$TScatterArray@U?$TRefObject@URRenderDriver2D@SDL_core@ui@modules@UModSys@@U?$TRefObjectWeakFunc@URRenderDriver2D@SDL_core@ui@modules@UModSys@@@tl@5@@tl@UModSys@@HU?$TScalarCompare@H@core@3@U?$TNodeDeleter0@U?$TScatterArrayNode@U?$TRefObject@URRenderDriver2D@SDL_core@ui@modules@UModSys@@U?$TRefObjectWeakFunc@URRenderDriver2D@SDL_core@ui@modules@UModSys@@@tl@5@@tl@UModSys@@H@tl@UModSys@@@23@@tl@3@PAURRenderDriver2D@0123@@Z 10006216 f i umodsys_lib_libui:umodsys.mod.ui.SDL_core.obj
 0001:00005275       ??$ValidateConstruction@UIRefObject@core@UModSys@@URKeyboardController@SDL_core@ui@modules@3@@core@UModSys@@YA_NAAU?$TRefObject@UIRefObject@core@UModSys@@U?$TRefObjectFunc@UIRefObject@core@UModSys@@@tl@3@@tl@1@U?$TRefObject@URKeyboardController@SDL_core@ui@modules@UModSys@@U?$TRefObjectFunc@URKeyboardController@SDL_core@ui@modules@UModSys@@@tl@5@@31@@Z 10006275 f i umodsys_lib_libui:umodsys.mod.ui.SDL_core.obj
 0001:00005275       ??$ValidateConstruction@UIRefObject@core@UModSys@@URMouseController@SDL_core@ui@modules@3@@core@UModSys@@YA_NAAU?$TRefObject@UIRefObject@core@UModSys@@U?$TRefObjectFunc@UIRefObject@core@UModSys@@@tl@3@@tl@1@U?$TRefObject@URMouseController@SDL_core@ui@modules@UModSys@@U?$TRefObjectFunc@URMouseController@SDL_core@ui@modules@UModSys@@@tl@5@@31@@Z 10006275 f i umodsys_lib_libui:umodsys.mod.ui.SDL_core.obj
 0001:000052b3       ??$t_gen_param@URTerminal@SDL_core@ui@modules@UModSys@@URGenerator@2345@@IGenerator@base@UModSys@@IAE_NPAURGenerator@SDL_core@ui@modules@2@AAU?$TRefObject@UIRefObject@core@UModSys@@U?$TRefObjectFunc@UIRefObject@core@UModSys@@@tl@3@@tl@2@PBUSUniquePointerInfo@core@2@ABUSParameters@core@2@@Z 100062b3 f i umodsys_lib_libui:umodsys.mod.ui.SDL_core.obj
 0001:00005345       ??$genx_node@UCmp@?$TScatterArray@U?$TRefObjectCompositeExtra@UIMouseClient@libui@UModSys@@HUIRefObject@core@3@U?$TRefObjectFunc@UIRefObject@core@UModSys@@@tl@3@@tl@UModSys@@HU?$TScalarCompare@H@core@3@U?$TNodeDeleter0@U?$TScatterArrayNode@U?$TRefObjectCompositeExtra@UIMouseClient@libui@UModSys@@HUIRefObject@core@3@U?$TRefObjectFunc@UIRefObject@core@UModSys@@@tl@3@@tl@UModSys@@H@tl@UModSys@@@23@@tl@UModSys@@UGen0@234@@?$TTreeHoldRBD@U?$TScatterArrayNode@U?$TRefObjectCompositeExtra@UIMouseClient@libui@UModSys@@HUIRefObject@core@3@U?$TRefObjectFunc@UIRefObject@core@UModSys@@@tl@3@@tl@UModSys@@H@tl@UModSys@@U?$TNodeDeleter0@U?$TScatterArrayNode@U?$TRefObjectCompositeExtra@UIMouseClient@libui@UModSys@@HUIRefObject@core@3@U?$TRefObjectFunc@UIRefObject@core@UModSys@@@tl@3@@tl@UModSys@@H@tl@UModSys@@@23@@tl@UModSys@@QAEPAU?$TScatterArrayNode@U?$TRefObjectCompositeExtra@UIMouseClient@libui@UModSys@@HUIRefObject@core@3@U?$TRefObjectFunc@UIRefObject@core@UModSys@@@tl@3@@tl@UModSys@@H@12@UCmp@?$TScatterArray@U?$TRefObjectCompositeExtra@UIMouseClient@libui@UModSys@@HUIRefObject@core@3@U?$TRefObjectFunc@UIRefObject@core@UModSys@@@tl@3@@tl@UModSys@@HU?$TScalarCompare@H@core@3@U?$TNodeDeleter0@U?$TScatterArrayNode@U?$TRefObjectCompositeExtra@UIMouseClient@libui@UModSys@@HUIRefObject@core@3@U?$TRefObjectFunc@UIRefObject@core@UModSys@@@tl@3@@tl@UModSys@@H@tl@UModSys@@@23@@12@ABUGen0@512@PAPAU312@2_N@Z 10006345 f i umodsys_lib_libui:umodsys.mod.ui.SDL_core.obj
 0001:000053d3       ??$genx_node@UCmp@?$TScatterArray@U?$TRefObjectComposite@UIKeyboardClient@libui@UModSys@@UIRefObject@core@3@U?$TRefObjectFunc@UIRefObject@core@UModSys@@@tl@3@@tl@UModSys@@HU?$TScalarCompare@H@core@3@U?$TNodeDeleter0@U?$TScatterArrayNode@U?$TRefObjectComposite@UIKeyboardClient@libui@UModSys@@UIRefObject@core@3@U?$TRefObjectFunc@UIRefObject@core@UModSys@@@tl@3@@tl@UModSys@@H@tl@UModSys@@@23@@tl@UModSys@@UGen0@234@@?$TTreeHoldRBD@U?$TScatterArrayNode@U?$TRefObjectComposite@UIKeyboardClient@libui@UModSys@@UIRefObject@core@3@U?$TRefObjectFunc@UIRefObject@core@UModSys@@@tl@3@@tl@UModSys@@H@tl@UModSys@@U?$TNodeDeleter0@U?$TScatterArrayNode@U?$TRefObjectComposite@UIKeyboardClient@libui@UModSys@@UIRefObject@core@3@U?$TRefObjectFunc@UIRefObject@core@UModSys@@@tl@3@@tl@UModSys@@H@tl@UModSys@@@23@@tl@UModSys@@QAEPAU?$TScatterArrayNode@U?$TRefObjectComposite@UIKeyboardClient@libui@UModSys@@UIRefObject@core@3@U?$TRefObjectFunc@UIRefObject@core@UModSys@@@tl@3@@tl@UModSys@@H@12@UCmp@?$TScatterArray@U?$TRefObjectComposite@UIKeyboardClient@libui@UModSys@@UIRefObject@core@3@U?$TRefObjectFunc@UIRefObject@core@UModSys@@@tl@3@@tl@UModSys@@HU?$TScalarCompare@H@core@3@U?$TNodeDeleter0@U?$TScatterArrayNode@U?$TRefObjectComposite@UIKeyboardClient@libui@UModSys@@UIRefObject@core@3@U?$TRefObjectFunc@UIRefObject@core@UModSys@@@tl@3@@tl@UModSys@@H@tl@UModSys@@@23@@12@ABUGen0@512@PAPAU312@2_N@Z 100063d3 f i umodsys_lib_libui:umodsys.mod.ui.SDL_core.obj
 0001:00005461       ?sub_insert_node@?$TTreeHoldRB@U?$TScatterArrayNode@HH@tl@UModSys@@@tl@UModSys@@QAEXPAU?$TScatterArrayNode@HH@23@0H@Z 10006461 f i umodsys_lib_libui:umodsys.mod.ui.frames.obj
 0001:00005461       ?sub_insert_node@?$TTreeHoldRB@U?$TScatterArrayNode@U?$TRefObject@URRenderDriver2D@SDL_core@ui@modules@UModSys@@U?$TRefObjectWeakFunc@URRenderDriver2D@SDL_core@ui@modules@UModSys@@@tl@5@@tl@UModSys@@H@tl@UModSys@@@tl@UModSys@@QAEXPAU?$TScatterArrayNode@U?$TRefObject@URRenderDriver2D@SDL_core@ui@modules@UModSys@@U?$TRefObjectWeakFunc@URRenderDriver2D@SDL_core@ui@modules@UModSys@@@tl@5@@tl@UModSys@@H@23@0H@Z 10006461 f i umodsys_lib_libui:umodsys.mod.ui.SDL_core.obj
 0001:00005461       ?sub_insert_node@?$TTreeHoldRB@U?$TScatterArrayNode@U?$TVector4@M@math3d@UModSys@@H@tl@UModSys@@@tl@UModSys@@QAEXPAU?$TScatterArrayNode@U?$TVector4@M@math3d@UModSys@@H@23@0H@Z 10006461 f i umodsys_lib_libui:umodsys.mod.ui.frames.obj
 0001:00005461       ?sub_insert_node@?$TTreeHoldRB@U?$TScatterArrayNode@UGlyph@RMultiImage2D_SDL_ttf@SDL_core@ui@modules@UModSys@@H@tl@UModSys@@@tl@UModSys@@QAEXPAU?$TScatterArrayNode@UGlyph@RMultiImage2D_SDL_ttf@SDL_core@ui@modules@UModSys@@H@23@0H@Z 10006461 f i umodsys_lib_libui:umodsys.mod.ui.SDL_core.obj
 0001:00005461       ?sub_insert_node@?$TTreeHoldRB@U?$TScatterArrayNode@U?$TRefObjectComposite@UIKeyboardClient@libui@UModSys@@UIRefObject@core@3@U?$TRefObjectFunc@UIRefObject@core@UModSys@@@tl@3@@tl@UModSys@@H@tl@UModSys@@@tl@UModSys@@QAEXPAU?$TScatterArrayNode@U?$TRefObjectComposite@UIKeyboardClient@libui@UModSys@@UIRefObject@core@3@U?$TRefObjectFunc@UIRefObject@core@UModSys@@@tl@3@@tl@UModSys@@H@23@0H@Z 10006461 f i umodsys_lib_libui:umodsys.mod.ui.SDL_core.obj
 0001:00005461       ?sub_insert_node@?$TTreeHoldRB@U?$TScatterArrayNode@U?$TVector2@M@math3d@UModSys@@H@tl@UModSys@@@tl@UModSys@@QAEXPAU?$TScatterArrayNode@U?$TVector2@M@math3d@UModSys@@H@23@0H@Z 10006461 f i umodsys_lib_libui:umodsys.mod.ui.frames.obj
 0001:00005461       ?sub_insert_node@?$TTreeHoldRB@U?$TScatterArrayNode@U?$TRefObjectCompositeExtra@UIMouseClient@libui@UModSys@@HUIRefObject@core@3@U?$TRefObjectFunc@UIRefObject@core@UModSys@@@tl@3@@tl@UModSys@@H@tl@UModSys@@@tl@UModSys@@QAEXPAU?$TScatterArrayNode@U?$TRefObjectCompositeExtra@UIMouseClient@libui@UModSys@@HUIRefObject@core@3@U?$TRefObjectFunc@UIRefObject@core@UModSys@@@tl@3@@tl@UModSys@@H@23@0H@Z 10006461 f i umodsys_lib_libui:umodsys.mod.ui.SDL_core.obj
[...]
 0001:0000ea92       ??__E?s_id@?$TObjectUniqueID@URFrame_Text@frames@ui@modules@UModSys@@@tl@UModSys@@2USUniquePointer@core@3@A@@YAXXZ 1000fa92 f    CIL library: CIL module
 0001:0000eab4       ??__E?s_id@?$TObjectUniqueID@URFrame_Button@frames@ui@modules@UModSys@@@tl@UModSys@@2USUniquePointer@core@3@A@@YAXXZ 1000fab4 f    CIL library: CIL module
 0001:0000ead6       ??__E?s_id@?$TObjectUniqueID@URFrame_Edit@frames@ui@modules@UModSys@@@tl@UModSys@@2USUniquePointer@core@3@A@@YAXXZ 1000fad6 f    CIL library: CIL module
 0001:0000eaf8       ??__E?s_id@?$TObjectUniqueID@URFrame_List@frames@ui@modules@UModSys@@@tl@UModSys@@2USUniquePointer@core@3@A@@YAXXZ 1000faf8 f    CIL library: CIL module
 0001:0000eb1a       ??__E?s_id@?$TObjectUniqueID@URCollector@frames@ui@modules@UModSys@@@tl@UModSys@@2USUniquePointer@core@3@A@@YAXXZ 1000fb1a f    CIL library: CIL module
 0001:0000eb3c       ??__E?s_id@?$TObjectUniqueID@URGenerator@frames@ui@modules@UModSys@@@tl@UModSys@@2USUniquePointer@core@3@A@@YAXXZ 1000fb3c f    CIL library: CIL module
 0001:0000eb5e       ??__E?s_modreg@RModuleReg@images_std@media@modules@UModSys@@2U12345@A@@YAXXZ 1000fb5e f    CIL library: CIL module
 0001:0000eb8e       ??__E?s_modreg_chain@RModuleReg@images_std@media@modules@UModSys@@2USModuleRegChain@base@5@A@@YAXXZ 1000fb8e f    CIL library: CIL module
 0001:0000eba9       ??__E?s_uid@RGenerator@images_std@media@modules@UModSys@@2USUniquePointer@core@5@A@@YAXXZ 1000fba9 f    CIL library: CIL module
 0001:0000ebcb       ??__E?s_id@?$TObjectUniqueID@URMediaFilter@images_std@media@modules@UModSys@@@tl@UModSys@@2USUniquePointer@core@3@A@@YAXXZ 1000fbcb f    CIL library: CIL module
 0001:0000ebed       ??__E?s_id@?$TObjectUniqueID@URGenerator@images_std@media@modules@UModSys@@@tl@UModSys@@2USUniquePointer@core@3@A@@YAXXZ 1000fbed f    CIL library: CIL module
 0001:0000ec0f       ??__E?s_modreg@RModuleReg@serialize_json@media@modules@UModSys@@2U12345@A@@YAXXZ 1000fc0f f    CIL library: CIL module
 0001:0000ec3f       ??__E?s_modreg_chain@RModuleReg@serialize_json@media@modules@UModSys@@2USModuleRegChain@base@5@A@@YAXXZ 1000fc3f f    CIL library: CIL module
 0001:0000ec5a       ??__E?s_uid@RGenerator@serialize_json@media@modules@UModSys@@2USUniquePointer@core@5@A@@YAXXZ 1000fc5a f    CIL library: CIL module
 0001:0000ec7c       ??__E?s_id@?$TObjectUniqueID@URSerializeReader@serialize_json@media@modules@UModSys@@@tl@UModSys@@2USUniquePointer@core@3@A@@YAXXZ 1000fc7c f    CIL library: CIL module
 0001:0000ec9e       ??__E?s_id@?$TObjectUniqueID@URSerializeWriter@serialize_json@media@modules@UModSys@@@tl@UModSys@@2USUniquePointer@core@3@A@@YAXXZ 1000fc9e f    CIL library: CIL module
 0001:0000ecc0       ??__E?s_id@?$TObjectUniqueID@URGenerator@serialize_json@media@modules@UModSys@@@tl@UModSys@@2USUniquePointer@core@3@A@@YAXXZ 1000fcc0 f    CIL library: CIL module
 0001:0000ece2       ??__EM@UModSys@@YAXXZ      1000fce2 f    CIL library: CIL module
 0001:0000ecee       ??__E?root@SModuleRegChain@base@UModSys@@2U123@A@@YAXXZ 1000fcee f    CIL library: CIL module
 0001:0000ecfa       ??__E?s_library@RModuleLibraryReg_Chain@base@UModSys@@2U123@A@@YAXXZ 1000fcfa f    CIL library: CIL module
 0001:0000ed06       ??__E?root@SUniquePointer@core@UModSys@@2U123@A@@YAXXZ 1000fd06 f    CIL library: CIL module
 0001:0000ed12       ??__F?s_modreg@RModuleReg@test1@test@modules@UModSys@@2U12345@A@@YAXXZ 1000fd12 f    CIL library: CIL module
 0001:0000ed1d       ??__F?s_modreg_chain@RModuleReg@test1@test@modules@UModSys@@2USModuleRegChain@base@5@A@@YAXXZ 1000fd1d f    CIL library: CIL module
 0001:0000ed27       ??__F?s_uid@RGenerator@test1@test@modules@UModSys@@2USUniquePointer@core@5@A@@YAXXZ 1000fd27 f    CIL library: CIL module
 0001:0000ed31       ??__Fh@?1??s_holder@RGenerator@test1@test@modules@UModSys@@SAAAU?$TTypeStaticHolder@URGenerator@test1@test@modules@UModSys@@@tl@5@XZ@YAXXZ 1000fd31 f    CIL library: CIL module
 0001:0000ed4e       ??__F?s_id@?$TObjectUniqueID@URGenerator@test1@test@modules@UModSys@@@tl@UModSys@@2USUniquePointer@core@3@A@@YAXXZ 1000fd4e f    CIL library: CIL module
 0001:0000ed58       ??__F?s_id@?$TObjectUniqueID@URTest1_Shell@test1@test@modules@UModSys@@@tl@UModSys@@2USUniquePointer@core@3@A@@YAXXZ 1000fd58 f    CIL library: CIL module
 0001:0000ed62       ??__F?s_id@?$TObjectUniqueID@URLines_Filter@test1@test@modules@UModSys@@@tl@UModSys@@2USUniquePointer@core@3@A@@YAXXZ 1000fd62 f    CIL library: CIL module
 0001:0000ed6c       ??__F?s_id@?$TObjectUniqueID@URLines@test1@test@modules@UModSys@@@tl@UModSys@@2USUniquePointer@core@3@A@@YAXXZ 1000fd6c f    CIL library: CIL module
 0001:0000ed76       ??__F?s_id@?$TObjectUniqueID@UILines@test1@test@modules@UModSys@@@tl@UModSys@@2USUniquePointer@core@3@A@@YAXXZ 1000fd76 f    CIL library: CIL module
 0001:0000ed80       ??__F?s_id@?$TObjectUniqueID@UIRenderDriver@lib2d@UModSys@@@tl@UModSys@@2USUniquePointer@core@3@A@@YAXXZ 1000fd80 f    CIL library: CIL module
 0001:0000ed8a       ??__F?s_id@?$TObjectUniqueID@UIMultiImage@lib2d@UModSys@@@tl@UModSys@@2USUniquePointer@core@3@A@@YAXXZ 1000fd8a f    CIL library: CIL module
 0001:0000ed94       ??__F?s_id@?$TObjectUniqueID@UIImage@lib2d@UModSys@@@tl@UModSys@@2USUniquePointer@core@3@A@@YAXXZ 1000fd94 f    CIL library: CIL module
 0001:0000ed9e       ??__F?s_id@?$TObjectUniqueID@UIDialog@libui@UModSys@@@tl@UModSys@@2USUniquePointer@core@3@A@@YAXXZ 1000fd9e f    CIL library: CIL module
 0001:0000eda8       ??__F?s_id@?$TObjectUniqueID@UIFrame@libui@UModSys@@@tl@UModSys@@2USUniquePointer@core@3@A@@YAXXZ 1000fda8 f    CIL library: CIL module
 0001:0000edb2       ??__F?s_id@?$TObjectUniqueID@UIAsyncCollector@libui@UModSys@@@tl@UModSys@@2USUniquePointer@core@3@A@@YAXXZ 1000fdb2 f    CIL library: CIL module
 0001:0000edbc       ??__F?s_id@?$TObjectUniqueID@UIAsyncController@libui@UModSys@@@tl@UModSys@@2USUniquePointer@core@3@A@@YAXXZ 1000fdbc f    CIL library: CIL module
 0001:0000edc6       ??__F?s_id@?$TObjectUniqueID@UICollector@libui@UModSys@@@tl@UModSys@@2USUniquePointer@core@3@A@@YAXXZ 1000fdc6 f    CIL library: CIL module
 0001:0000edd0       ??__F?s_id@?$TObjectUniqueID@UIConsoleHelperInput_UIKey@libui@UModSys@@@tl@UModSys@@2USUniquePointer@core@3@A@@YAXXZ 1000fdd0 f    CIL library: CIL module
 0001:0000edda       ??__F?s_id@?$TObjectUniqueID@UITerminal@libui@UModSys@@@tl@UModSys@@2USUniquePointer@core@3@A@@YAXXZ 1000fdda f    CIL library: CIL module
 0001:0000ede4       ??__F?s_id@?$TObjectUniqueID@UIJoystickController@libui@UModSys@@@tl@UModSys@@2USUniquePointer@core@3@A@@YAXXZ 1000fde4 f    CIL library: CIL module
 0001:0000edee       ??__F?s_id@?$TObjectUniqueID@UIMouseController@libui@UModSys@@@tl@UModSys@@2USUniquePointer@core@3@A@@YAXXZ 1000fdee f    CIL library: CIL module
 0001:0000edf8       ??__F?s_id@?$TObjectUniqueID@UIKeyboardController@libui@UModSys@@@tl@UModSys@@2USUniquePointer@core@3@A@@YAXXZ 1000fdf8 f    CIL library: CIL module
 0001:0000ee02       ??__F?s_id@?$TObjectUniqueID@UIConsoleHelperOutputFCS@base@UModSys@@@tl@UModSys@@2USUniquePointer@core@3@A@@YAXXZ 1000fe02 f    CIL library: CIL module
 0001:0000ee0c       ??__F?s_id@?$TObjectUniqueID@UIConsoleHelperOutput@base@UModSys@@@tl@UModSys@@2USUniquePointer@core@3@A@@YAXXZ 1000fe0c f    CIL library: CIL module
 0001:0000ee16       ??__F?s_id@?$TObjectUniqueID@UIConsoleHelperInput@base@UModSys@@@tl@UModSys@@2USUniquePointer@core@3@A@@YAXXZ 1000fe16 f    CIL library: CIL module
 0001:0000ee20       ??__F?s_id@?$TObjectUniqueID@UIConsoleHelperHistory@base@UModSys@@@tl@UModSys@@2USUniquePointer@core@3@A@@YAXXZ 1000fe20 f    CIL library: CIL module
 0001:0000ee2a       ??__F?s_id@?$TObjectUniqueID@UIConsoleHelper@base@UModSys@@@tl@UModSys@@2USUniquePointer@core@3@A@@YAXXZ 1000fe2a f    CIL library: CIL module
 0001:0000ee34       ??__F?s_id@?$TObjectUniqueID@UIConsoleExt@base@UModSys@@@tl@UModSys@@2USUniquePointer@core@3@A@@YAXXZ 1000fe34 f    CIL library: CIL module
 0001:0000ee3e       ??__F?s_id@?$TObjectUniqueID@UISerializeWriter@libmedia@UModSys@@@tl@UModSys@@2USUniquePointer@core@3@A@@YAXXZ 1000fe3e f    CIL library: CIL module
 0001:0000ee48       ??__F?s_id@?$TObjectUniqueID@UISerializeReader@libmedia@UModSys@@@tl@UModSys@@2USUniquePointer@core@3@A@@YAXXZ 1000fe48 f    CIL library: CIL module
 0001:0000ee52       ??__F?s_id@?$TObjectUniqueID@UILibraryLayered@libmedia@UModSys@@@tl@UModSys@@2USUniquePointer@core@3@A@@YAXXZ 1000fe52 f    CIL library: CIL module
 0001:0000ee5c       ??__F?s_id@?$TObjectUniqueID@UILibraryObjCache@libmedia@UModSys@@@tl@UModSys@@2USUniquePointer@core@3@A@@YAXXZ 1000fe5c f    CIL library: CIL module
 0001:0000ee66       ??__F?s_id@?$TObjectUniqueID@UILibraryObjFilter@libmedia@UModSys@@@tl@UModSys@@2USUniquePointer@core@3@A@@YAXXZ 1000fe66 f    CIL library: CIL module
 0001:0000ee70       ??__F?s_id@?$TObjectUniqueID@UILibraryBinCache@libmedia@UModSys@@@tl@UModSys@@2USUniquePointer@core@3@A@@YAXXZ 1000fe70 f    CIL library: CIL module
 0001:0000ee7a       ??__F?s_id@?$TObjectUniqueID@UILibraryBinTree@libmedia@UModSys@@@tl@UModSys@@2USUniquePointer@core@3@A@@YAXXZ 1000fe7a f    CIL library: CIL module
 0001:0000ee84       ??__F?s_id@?$TObjectUniqueID@UILibrary@libmedia@UModSys@@@tl@UModSys@@2USUniquePointer@core@3@A@@YAXXZ 1000fe84 f    CIL library: CIL module
 0001:0000ee8e       ??__F?s_id@?$TObjectUniqueID@UIBinObjFilter@libmedia@UModSys@@@tl@UModSys@@2USUniquePointer@core@3@A@@YAXXZ 1000fe8e f    CIL library: CIL module
 0001:0000ee98       ??__F?s_id@?$TObjectUniqueID@UIBinArchive@libmedia@UModSys@@@tl@UModSys@@2USUniquePointer@core@3@A@@YAXXZ 1000fe98 f    CIL library: CIL module
 0001:0000eea2       ??__F?s_id@?$TObjectUniqueID@UITextWriter@libmedia@UModSys@@@tl@UModSys@@2USUniquePointer@core@3@A@@YAXXZ 1000fea2 f    CIL library: CIL module
 0001:0000eeac       ??__F?s_id@?$TObjectUniqueID@UITextReader@libmedia@UModSys@@@tl@UModSys@@2USUniquePointer@core@3@A@@YAXXZ 1000feac f    CIL library: CIL module
 0001:0000eeb6       ??__F?s_id@?$TObjectUniqueID@UIStreamWriter@libmedia@UModSys@@@tl@UModSys@@2USUniquePointer@core@3@A@@YAXXZ 1000feb6 f    CIL library: CIL module
 0001:0000eec0       ??__F?s_id@?$TObjectUniqueID@UIStreamReader@libmedia@UModSys@@@tl@UModSys@@2USUniquePointer@core@3@A@@YAXXZ 1000fec0 f    CIL library: CIL module
 0001:0000eeca       ??__F?s_id@?$TObjectUniqueID@UISystem@base@UModSys@@@tl@UModSys@@2USUniquePointer@core@3@A@@YAXXZ 1000feca f    CIL library: CIL module
 0001:0000eed4       ??__F?s_id@?$TObjectUniqueID@UIConsole@base@UModSys@@@tl@UModSys@@2USUniquePointer@core@3@A@@YAXXZ 1000fed4 f    CIL library: CIL module
 0001:0000eede       ??__F?s_id@?$TObjectUniqueID@UIShell@base@UModSys@@@tl@UModSys@@2USUniquePointer@core@3@A@@YAXXZ 1000fede f    CIL library: CIL module
 0001:0000eee8       ??__F?s_id@?$TObjectUniqueID@UIGenerator@base@UModSys@@@tl@UModSys@@2USUniquePointer@core@3@A@@YAXXZ 1000fee8 f    CIL library: CIL module
 0001:0000eef2       ??__F?s_id@?$TObjectUniqueID@UIModObject@base@UModSys@@@tl@UModSys@@2USUniquePointer@core@3@A@@YAXXZ 1000fef2 f    CIL library: CIL module
 0001:0000eefc       ??__F?s_id@?$TObjectUniqueID@UIModuleLibrary@base@UModSys@@@tl@UModSys@@2USUniquePointer@core@3@A@@YAXXZ 1000fefc f    CIL library: CIL module
 0001:0000ef06       ??__F?s_id@?$TObjectUniqueID@UIModule@base@UModSys@@@tl@UModSys@@2USUniquePointer@core@3@A@@YAXXZ 1000ff06 f    CIL library: CIL module
 0001:0000ef10       ??__F?s_id@?$TObjectUniqueID@UIParameters@core@UModSys@@@tl@UModSys@@2USUniquePointer@core@3@A@@YAXXZ 1000ff10 f    CIL library: CIL module
 0001:0000ef1a       ??__F?s_id@?$TObjectUniqueID@UIRefObject@core@UModSys@@@tl@UModSys@@2USUniquePointer@core@3@A@@YAXXZ 1000ff1a f    CIL library: CIL module
 0001:0000ef24       ??__F?s_id@?$TObjectUniqueID@UIRoot@core@UModSys@@@tl@UModSys@@2USUniquePointer@core@3@A@@YAXXZ 1000ff24 f    CIL library: CIL module
 0001:0000ef2e       ??__F?s_modreg@RModuleReg@stdlib@lib2d@modules@UModSys@@2U12345@A@@YAXXZ 1000ff2e f    CIL library: CIL module
 0001:0000ef39       ??__F?s_modreg_chain@RModuleReg@stdlib@lib2d@modules@UModSys@@2USModuleRegChain@base@5@A@@YAXXZ 1000ff39 f    CIL library: CIL module
 0001:0000ef43       ??__F?s_uid@RGenerator@stdlib@lib2d@modules@UModSys@@2USUniquePointer@core@5@A@@YAXXZ 1000ff43 f    CIL library: CIL module
 0001:0000ef4d       ??__Fh@?1??s_holder@RGenerator@stdlib@lib2d@modules@UModSys@@SAAAU?$TTypeStaticHolder@URGenerator@stdlib@lib2d@modules@UModSys@@@tl@5@XZ@YAXXZ 1000ff4d f    CIL library: CIL module
 0001:0000ef6a       ??__F?s_id@?$TObjectUniqueID@URGenerator@stdlib@lib2d@modules@UModSys@@@tl@UModSys@@2USUniquePointer@core@3@A@@YAXXZ 1000ff6a f    CIL library: CIL module
 0001:0000ef74       ??__F?s_id@?$TObjectUniqueID@URImage_Memory@stdlib@lib2d@modules@UModSys@@@tl@UModSys@@2USUniquePointer@core@3@A@@YAXXZ 1000ff74 f    CIL library: CIL module
 0001:0000ef7e       ??__F?s_modreg@RModuleReg@SDL_core@ui@modules@UModSys@@2U12345@A@@YAXXZ 1000ff7e f    CIL library: CIL module
 0001:0000ef89       ??__F?s_modreg_chain@RModuleReg@SDL_core@ui@modules@UModSys@@2USModuleRegChain@base@5@A@@YAXXZ 1000ff89 f    CIL library: CIL module
 0001:0000ef93       ??__F?s_uid@RGenerator@SDL_core@ui@modules@UModSys@@2USUniquePointer@core@5@A@@YAXXZ 1000ff93 f    CIL library: CIL module
 0001:0000ef9d       ??__Fh@?1??s_holder@RGenerator@SDL_core@ui@modules@UModSys@@SAAAU?$TTypeStaticHolder@URGenerator@SDL_core@ui@modules@UModSys@@@tl@5@XZ@YAXXZ 1000ff9d f    CIL library: CIL module
 0001:0000efba       ??__F?s_id@?$TObjectUniqueID@URGenerator@SDL_core@ui@modules@UModSys@@@tl@UModSys@@2USUniquePointer@core@3@A@@YAXXZ 1000ffba f    CIL library: CIL module
 0001:0000efc4       ??__F?s_id@?$TObjectUniqueID@URTerminal@SDL_core@ui@modules@UModSys@@@tl@UModSys@@2USUniquePointer@core@3@A@@YAXXZ 1000ffc4 f    CIL library: CIL module
 0001:0000efce       ??__F?s_id@?$TObjectUniqueID@URKeyboardController@SDL_core@ui@modules@UModSys@@@tl@UModSys@@2USUniquePointer@core@3@A@@YAXXZ 1000ffce f    CIL library: CIL module
 0001:0000efd8       ??__F?s_id@?$TObjectUniqueID@URMouseController@SDL_core@ui@modules@UModSys@@@tl@UModSys@@2USUniquePointer@core@3@A@@YAXXZ 1000ffd8 f    CIL library: CIL module
 0001:0000efe2       ??__F?s_id@?$TObjectUniqueID@URRenderDriver2D@SDL_core@ui@modules@UModSys@@@tl@UModSys@@2USUniquePointer@core@3@A@@YAXXZ 1000ffe2 f    CIL library: CIL module
 0001:0000efec       ??__F?s_id@?$TObjectUniqueID@URMultiImage2D_SDL_ttf@SDL_core@ui@modules@UModSys@@@tl@UModSys@@2USUniquePointer@core@3@A@@YAXXZ 1000ffec f    CIL library: CIL module
 0001:0000eff6       ??__F?s_modreg@RModuleReg@frames@ui@modules@UModSys@@2U12345@A@@YAXXZ 1000fff6 f    CIL library: CIL module
 0001:0000f001       ??__F?s_modreg_chain@RModuleReg@frames@ui@modules@UModSys@@2USModuleRegChain@base@5@A@@YAXXZ 10010001 f    CIL library: CIL module
 0001:0000f00b       ??__F?s_uid@RGenerator@frames@ui@modules@UModSys@@2USUniquePointer@core@5@A@@YAXXZ 1001000b f    CIL library: CIL module
 0001:0000f015       ??__Fh@?1??s_holder@RGenerator@frames@ui@modules@UModSys@@SAAAU?$TTypeStaticHolder@URGenerator@frames@ui@modules@UModSys@@@tl@5@XZ@YAXXZ 10010015 f    CIL library: CIL module
 0001:0000f032       ??__F?s_id@?$TObjectUniqueID@URGenerator@frames@ui@modules@UModSys@@@tl@UModSys@@2USUniquePointer@core@3@A@@YAXXZ 10010032 f    CIL library: CIL module
 0001:0000f03c       ??__F?s_id@?$TObjectUniqueID@URCollector@frames@ui@modules@UModSys@@@tl@UModSys@@2USUniquePointer@core@3@A@@YAXXZ 1001003c f    CIL library: CIL module
 0001:0000f046       ??__F?s_id@?$TObjectUniqueID@URFrame_List@frames@ui@modules@UModSys@@@tl@UModSys@@2USUniquePointer@core@3@A@@YAXXZ 10010046 f    CIL library: CIL module
 0001:0000f050       ??__F?s_id@?$TObjectUniqueID@URFrame_Edit@frames@ui@modules@UModSys@@@tl@UModSys@@2USUniquePointer@core@3@A@@YAXXZ 10010050 f    CIL library: CIL module
 0001:0000f05a       ??__F?s_id@?$TObjectUniqueID@URFrame_Button@frames@ui@modules@UModSys@@@tl@UModSys@@2USUniquePointer@core@3@A@@YAXXZ 1001005a f    CIL library: CIL module
 0001:0000f064       ??__F?s_id@?$TObjectUniqueID@URFrame_Text@frames@ui@modules@UModSys@@@tl@UModSys@@2USUniquePointer@core@3@A@@YAXXZ 10010064 f    CIL library: CIL module
 0001:0000f06e       ??__F?s_id@?$TObjectUniqueID@URFrame_Image@frames@ui@modules@UModSys@@@tl@UModSys@@2USUniquePointer@core@3@A@@YAXXZ 1001006e f    CIL library: CIL module
 0001:0000f078       ??__F?s_id@?$TObjectUniqueID@URFrame_Frame@frames@ui@modules@UModSys@@@tl@UModSys@@2USUniquePointer@core@3@A@@YAXXZ 10010078 f    CIL library: CIL module
 0001:0000f082       ??__F?s_id@?$TObjectUniqueID@URDialog@frames@ui@modules@UModSys@@@tl@UModSys@@2USUniquePointer@core@3@A@@YAXXZ 10010082 f    CIL library: CIL module
 0001:0000f08c       ??__F?s_id@?$TObjectUniqueID@URFrame_Common@frames@ui@modules@UModSys@@@tl@UModSys@@2USUniquePointer@core@3@A@@YAXXZ 1001008c f    CIL library: CIL module
 0001:0000f096       ??__F?s_modreg@RModuleReg@images_std@media@modules@UModSys@@2U12345@A@@YAXXZ 10010096 f    CIL library: CIL module
 0001:0000f0a1       ??__F?s_modreg_chain@RModuleReg@images_std@media@modules@UModSys@@2USModuleRegChain@base@5@A@@YAXXZ 100100a1 f    CIL library: CIL module
 0001:0000f0ab       ??__F?s_uid@RGenerator@images_std@media@modules@UModSys@@2USUniquePointer@core@5@A@@YAXXZ 100100ab f    CIL library: CIL module
 0001:0000f0b5       ??__Fh@?1??s_holder@RGenerator@images_std@media@modules@UModSys@@SAAAU?$TTypeStaticHolder@URGenerator@images_std@media@modules@UModSys@@@tl@5@XZ@YAXXZ 100100b5 f    CIL library: CIL module
 0001:0000f0d2       ??__F?s_id@?$TObjectUniqueID@URGenerator@images_std@media@modules@UModSys@@@tl@UModSys@@2USUniquePointer@core@3@A@@YAXXZ 100100d2 f    CIL library: CIL module
 0001:0000f0dc       ??__F?s_id@?$TObjectUniqueID@URMediaFilter@images_std@media@modules@UModSys@@@tl@UModSys@@2USUniquePointer@core@3@A@@YAXXZ 100100dc f    CIL library: CIL module
 0001:0000f0e6       ??__F?s_modreg@RModuleReg@serialize_json@media@modules@UModSys@@2U12345@A@@YAXXZ 100100e6 f    CIL library: CIL module
 0001:0000f0f1       ??__F?s_modreg_chain@RModuleReg@serialize_json@media@modules@UModSys@@2USModuleRegChain@base@5@A@@YAXXZ 100100f1 f    CIL library: CIL module
 0001:0000f0fb       ??__F?s_uid@RGenerator@serialize_json@media@modules@UModSys@@2USUniquePointer@core@5@A@@YAXXZ 100100fb f    CIL library: CIL module
 0001:0000f105       ??__Fh@?1??s_holder@RGenerator@serialize_json@media@modules@UModSys@@SAAAU?$TTypeStaticHolder@URGenerator@serialize_json@media@modules@UModSys@@@tl@5@XZ@YAXXZ 10010105 f    CIL library: CIL module
 0001:0000f122       ??__F?s_id@?$TObjectUniqueID@URGenerator@serialize_json@media@modules@UModSys@@@tl@UModSys@@2USUniquePointer@core@3@A@@YAXXZ 10010122 f    CIL library: CIL module
 0001:0000f12c       ??__F?s_id@?$TObjectUniqueID@URSerializeWriter@serialize_json@media@modules@UModSys@@@tl@UModSys@@2USUniquePointer@core@3@A@@YAXXZ 1001012c f    CIL library: CIL module
 0001:0000f136       ??__F?s_id@?$TObjectUniqueID@URSerializeReader@serialize_json@media@modules@UModSys@@@tl@UModSys@@2USUniquePointer@core@3@A@@YAXXZ 10010136 f    CIL library: CIL module
 0001:0000f140       ??__FM@UModSys@@YAXXZ      10010140 f    CIL library: CIL module
 0001:0000f141       ??__F?root@SModuleRegChain@base@UModSys@@2U123@A@@YAXXZ 10010141 f    CIL library: CIL module
 0001:0000f14b       ??__F?s_library@RModuleLibraryReg_Chain@base@UModSys@@2U123@A@@YAXXZ 1001014b f    CIL library: CIL module
 0001:0000f156       ??__F?root@SUniquePointer@core@UModSys@@2U123@A@@YAXXZ 10010156 f    CIL library: CIL module

 Exports

  ordinal    name

        1    _UModSys_Plugin_Entry2@0
