 plugin_test1

 Timestamp is 5257f04c (Fri Oct 11 15:34:20 2013)

 Preferred load address is 10000000

 Start         Length     Name                   Class
 0001:00000000 000015f7H .text                   CODE
 0001:000015f7 00000083H .text$x                 CODE
 0001:0000167a 0000028fH .text$yc                CODE
 0001:00001909 000000f2H .text$yd                CODE
 0002:00000000 00000098H .idata$5                DATA
 0002:00000098 00000004H .CRT$XCA                DATA
 0002:0000009c 0000010cH .CRT$XCU                DATA
 0002:000001a8 00000004H .CRT$XCZ                DATA
 0002:000001ac 00000004H .CRT$XIA                DATA
 0002:000001b0 00000004H .CRT$XIAA               DATA
 0002:000001b4 00000004H .CRT$XIZ                DATA
 0002:000001b8 000005c8H .rdata                  DATA
 0002:00000780 00000354H .rdata$r                DATA
 0002:00000ae0 00000018H .rdata$sxdata           DATA
 0002:00000af8 00000004H .rtc$IAA                DATA
 0002:00000afc 00000004H .rtc$IZZ                DATA
 0002:00000b00 00000004H .rtc$TAA                DATA
 0002:00000b04 00000004H .rtc$TZZ                DATA
 0002:00000b08 00000198H .xdata$x                DATA
 0002:00000ca0 00000028H .idata$2                DATA
 0002:00000cc8 00000014H .idata$3                DATA
 0002:00000cdc 00000098H .idata$4                DATA
 0002:00000d74 000002e6H .idata$6                DATA
 0002:00001060 0000005cH .edata                  DATA
 0003:00000000 00000250H .data                   DATA
 0003:00000250 00000540H .bss                    DATA

  Address         Publics by Value              Rva+Base       Lib:Object

 0000:00000000       __except_list              00000000     <absolute>
 0000:00000006       ___safe_se_handler_count   00000006     <absolute>
 0000:00009876       __fltused                  00009876     <absolute>
 0000:00009876       __ldused                   00009876     <absolute>
 0000:00000000       ___ImageBase               10000000     <linker-defined>
 0001:00000000       ??6SUniquePtrList@core@UModSys@@QAEAAU012@PBUSUniquePointerInfo@12@@Z 10001000 f i plugin_test1.obj
 0001:00000031       ?get_interface_info@RTest1_Shell@test1@test@modules@UModSys@@UBEABUSUniquePointerInfo@core@5@XZ 10001031 f i plugin_test1.obj
 0001:00000037       ?get_interface_type@RTest1_Shell@test1@test@modules@UModSys@@UBEPBUSUniquePointerInfo@core@5@XZ 10001037 f i plugin_test1.obj
 0001:0000003d       ?get_interface_types@RTest1_Shell@test1@test@modules@UModSys@@UBEIAAUSUniquePtrList@core@5@@Z 1000103d f i plugin_test1.obj
 0001:0000003d       ?get_interface_types@RGenerator@test1@test@modules@UModSys@@UBEIAAUSUniquePtrList@core@5@@Z 1000103d f i plugin_test1.obj
 0001:00000042       ?get_other_interface@RTest1_Shell@test1@test@modules@UModSys@@UAEPAUIRoot@core@5@PBUSUniquePointerInfo@75@@Z 10001042 f i plugin_test1.obj
 0001:00000042       ?get_other_interface@RTest1_Shell@test1@test@modules@UModSys@@UBEPBUIRoot@core@5@PBUSUniquePointerInfo@75@@Z 10001042 f i plugin_test1.obj
 0001:00000073       ?ref_remove@RGenerator@test1@test@modules@UModSys@@UBEXXZ 10001073 f i plugin_test1.obj
 0001:00000073       ?ref_remove@RTest1_Shell@test1@test@modules@UModSys@@UBEXXZ 10001073 f i plugin_test1.obj
 0001:0000007e       ?suicide@RTest1_Shell@test1@test@modules@UModSys@@UAEXXZ 1000107e f i plugin_test1.obj
 0001:000000cc       ?file_test@RTest1_Shell@test1@test@modules@UModSys@@QAEXXZ 100010cc f i plugin_test1.obj
 0001:0000034a       ??0RTest1_Shell@test1@test@modules@UModSys@@QAE@PAUIModObject@base@4@@Z 1000134a f i plugin_test1.obj
 0001:000003ec       ?connect@RTest1_Shell@test1@test@modules@UModSys@@UAE_NXZ 100013ec f i plugin_test1.obj
 0001:00000404       ?disconnect@RTest1_Shell@test1@test@modules@UModSys@@UAE_NXZ 10001404 f i plugin_test1.obj
 0001:0000041c       ?process_tick@RTest1_Shell@test1@test@modules@UModSys@@UAE_NABUSTimeMsec@core@5@@Z 1000141c f i plugin_test1.obj
 0001:00000447       ?process_command@RTest1_Shell@test1@test@modules@UModSys@@UAE_NHQBU?$TString@U?$TSCoreConst@D@su@tl@UModSys@@U?$TComparerBinaryHash@D@234@@tl@5@@Z 10001447 f i plugin_test1.obj
 0001:00000465       ??1?$TParametersA@$0EAA@@core@UModSys@@QAE@XZ 10001465 f i plugin_test1.obj
 0001:00000472       ??_ERTest1_Shell@test1@test@modules@UModSys@@UAEPAXI@Z 10001472 f i  CIL library: CIL module
 0001:00000472       ??_GRTest1_Shell@test1@test@modules@UModSys@@UAEPAXI@Z 10001472 f i plugin_test1.obj
 0001:000004e2       ??1IShell@base@UModSys@@UAE@XZ 100014e2 f i plugin_test1.obj
 0001:000004e9       ?get_generated_names@RGenerator@test1@test@modules@UModSys@@UBEHAAUSUniquePtrList@core@5@@Z 100014e9 f i plugin_test1.obj
 0001:00000502       ?get_generated_types@RGenerator@test1@test@modules@UModSys@@UBEHAAUSUniquePtrList@core@5@PBUSUniquePointerInfo@75@@Z 10001502 f i plugin_test1.obj
 0001:00000546       ?generate@RGenerator@test1@test@modules@UModSys@@UAE_NAAU?$TRefObject@UIRefObject@core@UModSys@@@tl@5@PBUSUniquePointerInfo@core@5@ABUSParameters@95@@Z 10001546 f i plugin_test1.obj
 0001:000005c8       ?get_interface_info@RGenerator@test1@test@modules@UModSys@@UBEABUSUniquePointerInfo@core@5@XZ 100015c8 f i plugin_test1.obj
 0001:000005ce       ?get_interface_type@RGenerator@test1@test@modules@UModSys@@UBEPBUSUniquePointerInfo@core@5@XZ 100015ce f i plugin_test1.obj
 0001:000005d4       ?get_other_interface@RGenerator@test1@test@modules@UModSys@@UBEPBUIRoot@core@5@PBUSUniquePointerInfo@75@@Z 100015d4 f i plugin_test1.obj
 0001:000005d4       ?get_other_interface@RGenerator@test1@test@modules@UModSys@@UAEPAUIRoot@core@5@PBUSUniquePointerInfo@75@@Z 100015d4 f i plugin_test1.obj
 0001:0000060d       ?ref_add@RGenerator@test1@test@modules@UModSys@@UBEXXZ 1000160d f i plugin_test1.obj
 0001:0000060d       ?ref_add@RTest1_Shell@test1@test@modules@UModSys@@UBEXXZ 1000160d f i plugin_test1.obj
 0001:00000611       ?ref_links@RGenerator@test1@test@modules@UModSys@@UBEHXZ 10001611 f i plugin_test1.obj
 0001:00000611       ?ref_links@RTest1_Shell@test1@test@modules@UModSys@@UBEHXZ 10001611 f i plugin_test1.obj
 0001:00000615       ?suicide@RGenerator@test1@test@modules@UModSys@@UAEXXZ 10001615 f i plugin_test1.obj
 0001:00000615       ?suicide@IRoot@core@UModSys@@UAEXXZ 10001615 f i umodsys_lib_core:umodsys.core.objects.obj
 0001:00000616       ?get_uid@RGenerator@test1@test@modules@UModSys@@UBEPBUSUniquePointerInfo@core@5@XZ 10001616 f i plugin_test1.obj
 0001:0000061c       ??0RModuleReg@test1@test@modules@UModSys@@QAE@XZ 1000161c f i plugin_test1.obj
 0001:0000069e       ?do_open@RModuleReg@test1@test@modules@UModSys@@UAE_NXZ 1000169e f i plugin_test1.obj
 0001:000006e2       ?do_close@RModuleReg@test1@test@modules@UModSys@@UAE_NXZ 100016e2 f i plugin_test1.obj
 0001:00000726       ??_EIModuleReg@base@UModSys@@UAEPAXI@Z 10001726 f i  CIL library: CIL module
 0001:00000726       ??_GIModuleReg@base@UModSys@@UAEPAXI@Z 10001726 f i umodsys_lib_base:umodsys.base.modulereg.obj
 0001:00000726       ??_ERModuleReg@test1@test@modules@UModSys@@UAEPAXI@Z 10001726 f i  CIL library: CIL module
 0001:00000726       ??_GRModuleReg@test1@test@modules@UModSys@@UAEPAXI@Z 10001726 f i plugin_test1.obj
 0001:00000743       ?get_module@RGenerator@test1@test@modules@UModSys@@UBEPAUIModule@base@5@XZ 10001743 f   plugin_test1.obj
 0001:00000749       ?mod_inc@RGenerator@test1@test@modules@UModSys@@UBE_NXZ 10001749 f   plugin_test1.obj
 0001:00000754       ?mod_dec@RGenerator@test1@test@modules@UModSys@@UBE_NXZ 10001754 f   plugin_test1.obj
 0001:0000075f       ?s_holder@RGenerator@test1@test@modules@UModSys@@SAAAU?$TTypeStaticHolder@URGenerator@test1@test@modules@UModSys@@@tl@5@XZ 1000175f f   plugin_test1.obj
 0001:00000791       ??1?$TRefObject@UIRefObject@core@UModSys@@@tl@UModSys@@QAE@XZ 10001791 f i plugin_test1.obj
 0001:00000791       ??1?$TRefObject@UIStreamReader@libmedia@UModSys@@@tl@UModSys@@QAE@XZ 10001791 f i plugin_test1.obj
 0001:00000791       ??1?$TRefObject@UIModObject@base@UModSys@@@tl@UModSys@@QAE@XZ 10001791 f i plugin_test1.obj
 0001:00000791       ??1?$TRefObject@UIStreamWriter@libmedia@UModSys@@@tl@UModSys@@QAE@XZ 10001791 f i plugin_test1.obj
 0001:000007a0       ??0?$TParametersA@$0EAA@@core@UModSys@@QAE@XZ 100017a0 f i plugin_test1.obj
 0001:000007cf       ?init@?$TTypeStaticHolder@URGenerator@test1@test@modules@UModSys@@@tl@UModSys@@QAEPAURGenerator@test1@test@modules@3@XZ 100017cf f i plugin_test1.obj
 0001:000007f5       ??_EIRoot@core@UModSys@@UAEPAXI@Z 100017f5 f i  CIL library: CIL module
 0001:000007f5       ??_GIRoot@core@UModSys@@UAEPAXI@Z 100017f5 f i plugin_test1.obj
 0001:000007f5       ??_ERGenerator@test1@test@modules@UModSys@@UAEPAXI@Z 100017f5 f i  CIL library: CIL module
 0001:000007f5       ??_GRGenerator@test1@test@modules@UModSys@@UAEPAXI@Z 100017f5 f i plugin_test1.obj
 0001:00000800       ??$t_generate@UIStreamReader@libmedia@UModSys@@@SModuleContext@base@UModSys@@QAE_NAAU?$TRefObject@UIStreamReader@libmedia@UModSys@@@tl@2@PBUSUniquePointerInfo@core@2@ABUSParameters@62@@Z 10001800 f i plugin_test1.obj
 0001:0000089c       ??$t_generate@UIStreamWriter@libmedia@UModSys@@@SModuleContext@base@UModSys@@QAE_NAAU?$TRefObject@UIStreamWriter@libmedia@UModSys@@@tl@2@PBUSUniquePointerInfo@core@2@ABUSParameters@62@@Z 1000189c f i plugin_test1.obj
 0001:00000938       ?Link@SModuleContext@base@UModSys@@QAEXPAUISystem@23@PAUIMemAlloc@core@3@@Z 10001938 f   umodsys_lib_base:umodsys.base.modulecontext.obj
 0001:00000978       ?set@?$TString@U?$TSCoreConst@D@su@tl@UModSys@@U?$TComparerBinaryHash@D@234@@tl@UModSys@@QAEXPBD@Z 10001978 f i umodsys_lib_base:umodsys.base.moduleinfo.obj
 0001:000009b1       ?s_get@SModuleRegChain@base@UModSys@@SAPAUIModuleReg@23@I@Z 100019b1 f   umodsys_lib_base:umodsys.base.moduleregchain.obj
 0001:000009d5       ?mlr_count@RModuleLibraryReg_Chain@base@UModSys@@UBEIXZ 100019d5 f   umodsys_lib_base:umodsys.base.moduleregchain.obj
 0001:000009e8       ?mlr_get@RModuleLibraryReg_Chain@base@UModSys@@UBEPAUIModuleReg@23@I@Z 100019e8 f   umodsys_lib_base:umodsys.base.moduleregchain.obj
 0001:000009f5       ?mlr_open@RModuleLibraryReg_Chain@base@UModSys@@UAE_NPAUISystem@23@PAUIMemAlloc@core@3@@Z 100019f5 f   umodsys_lib_base:umodsys.base.moduleregchain.obj
 0001:00000a52       ?mlr_close@RModuleLibraryReg_Chain@base@UModSys@@UAE_NXZ 10001a52 f   umodsys_lib_base:umodsys.base.moduleregchain.obj
 0001:00000aa9       ?mlr_isopen@RModuleLibraryReg_Chain@base@UModSys@@UBE_NXZ 10001aa9 f   umodsys_lib_base:umodsys.base.moduleregchain.obj
 0001:00000ab5       _UModSys_Plugin_Entry2@0   10001ab5 f   umodsys_lib_base:umodsys.so_main.win32.obj
 0001:00000abb       ?mr_isopen@IModuleReg@base@UModSys@@UBE_NXZ 10001abb f   umodsys_lib_base:umodsys.base.modulereg.obj
 0001:00000ac4       ?mr_open@IModuleReg@base@UModSys@@UAE_NXZ 10001ac4 f   umodsys_lib_base:umodsys.base.modulereg.obj
 0001:00000adf       ?mr_close@IModuleReg@base@UModSys@@UAE_NXZ 10001adf f   umodsys_lib_base:umodsys.base.modulereg.obj
 0001:00000aec       ??_GRModuleLibraryReg_Chain@base@UModSys@@UAEPAXI@Z 10001aec f i umodsys_lib_base:umodsys.base.moduleregchain.obj
 0001:00000aec       ??_EIModuleLibraryReg@base@UModSys@@UAEPAXI@Z 10001aec f i  CIL library: CIL module
 0001:00000aec       ??_ERModuleLibraryReg_Chain@base@UModSys@@UAEPAXI@Z 10001aec f i  CIL library: CIL module
 0001:00000aec       ??_GIModuleLibraryReg@base@UModSys@@UAEPAXI@Z 10001aec f i umodsys_lib_base:umodsys.base.modulereg.obj
 0001:00000b09       ??0SUniquePointer@core@UModSys@@QAE@PBD0H@Z 10001b09 f   umodsys_lib_core:umodsys.core.uniqueptr.obj
 0001:00000b49       ??1SModuleRegChain@base@UModSys@@QAE@XZ 10001b49 f   umodsys_lib_base:umodsys.base.moduleregchain.obj
 0001:00000b49       ??1SUniquePointer@core@UModSys@@QAE@XZ 10001b49 f   umodsys_lib_core:umodsys.core.uniqueptr.obj
 0001:00000b67       ??3IRoot@core@UModSys@@SAXPAXABUSIMemAlloc@12@@Z 10001b67 f   umodsys_lib_core:umodsys.core.objects.obj
 0001:00000b75       ?Find@?$TSet@U?$TArray@PBUSUniquePointerInfo@core@UModSys@@@tl@UModSys@@U?$TScalarCompare@PBUSUniquePointerInfo@core@UModSys@@@core@3@@tl@UModSys@@QBEPBQBUSUniquePointerInfo@core@3@ABQBU453@@Z 10001b75 f i umodsys_lib_core:umodsys.core.uniqueptrlist.obj
 0001:00000bfc       __onexit                   10001bfc f   MSVCRT:atonexit.obj
 0001:00000ca1       _atexit                    10001ca1 f   MSVCRT:atonexit.obj
 0001:00000cb8       __purecall                 10001cb8 f   MSVCRT:MSVCR90.dll
 0001:00000cbe       ??3@YAXPAX@Z               10001cbe f   MSVCRT:MSVCR90.dll
 0001:00000cc4       ??_Etype_info@@UAEPAXI@Z   10001cc4 f i MSVCRT:ti_inst.obj
 0001:00000d5f       __CRT_INIT@12              10001d5f f   MSVCRT:crtdll.obj
 0001:0000109b       __DllMainCRTStartup@12     1000209b f   MSVCRT:crtdll.obj
 0001:000010be       __unlock                   100020be f   MSVCRT:MSVCR90.dll
 0001:000010c4       ___dllonexit               100020c4 f   MSVCRT:MSVCR90.dll
 0001:000010ca       __lock                     100020ca f   MSVCRT:MSVCR90.dll
 0001:000010d0       __SEH_prolog4              100020d0 f   MSVCRT:sehprolg4.obj
 0001:00001115       __SEH_epilog4              10002115 f   MSVCRT:sehprolg4.obj
 0001:00001129       __except_handler4          10002129 f   MSVCRT:chandler4gs.obj
 0001:0000114e       ?__ArrayUnwind@@YGXPAXIHP6EX0@Z@Z 1000214e f   MSVCRT:ehvecdtr.obj
 0001:000011ac       ??_M@YGXPAXIHP6EX0@Z@Z     100021ac f   MSVCRT:ehvecdtr.obj
 0001:0000120f       ___clean_type_info_names   1000220f f   MSVCRT:tncleanup.obj
 0001:0000121b       __RTC_Initialize           1000221b f   MSVCRT:_initsect_.obj
 0001:00001241       __RTC_Terminate            10002241 f   MSVCRT:_initsect_.obj
 0001:00001270       __ValidateImageBase        10002270 f   MSVCRT:pesect.obj
 0001:000012b0       __FindPESection            100022b0 f   MSVCRT:pesect.obj
 0001:00001300       __IsNonwritableInCurrentImage 10002300 f   MSVCRT:pesect.obj
 0001:000013be       __initterm                 100023be f   MSVCRT:MSVCR90.dll
 0001:000013c4       __initterm_e               100023c4 f   MSVCRT:MSVCR90.dll
 0001:000013ca       __amsg_exit                100023ca f   MSVCRT:MSVCR90.dll
 0001:000013d0       ___CppXcptFilter           100023d0 f   MSVCRT:MSVCR90.dll
 0001:000013d6       _DllMain@12                100023d6 f   MSVCRT:dllmain.obj
 0001:000013fa       ___security_init_cookie    100023fa f   MSVCRT:gs_support.obj
 0001:00001490       @__security_check_cookie@4 10002490 f   MSVCRT:secchk.obj
 0001:000014a0       __except_handler4_common   100024a0 f   MSVCRT:MSVCR90.dll
 0001:000014a6       ?terminate@@YAXXZ          100024a6 f   MSVCRT:MSVCR90.dll
 0001:000014ac       ??1type_info@@UAE@XZ       100024ac f   MSVCRT:MSVCR90.dll
 0001:000014ac       ?_type_info_dtor_internal_method@type_info@@QAEXXZ 100024ac f   MSVCRT:MSVCR90.dll
 0001:000014b2       ___clean_type_info_names_internal 100024b2 f   MSVCRT:MSVCR90.dll
 0001:000014b8       ___report_gsfailure        100024b8 f   MSVCRT:gs_report.obj
 0001:000015be       __crt_debugger_hook        100025be f   MSVCRT:MSVCR90.dll
 0001:000015d0       ___CxxFrameHandler3        100025d0 f   MSVCRT:MSVCR90.dll
 0001:000015d8       __EH_prolog                100025d8 f   MSVCRT:ehprolog.obj
 0002:00000000       __imp__SetUnhandledExceptionFilter@4 10003000     kernel32:KERNEL32.dll
 0002:00000004       __imp__UnhandledExceptionFilter@4 10003004     kernel32:KERNEL32.dll
 0002:00000008       __imp__GetCurrentProcess@0 10003008     kernel32:KERNEL32.dll
 0002:0000000c       __imp__TerminateProcess@8  1000300c     kernel32:KERNEL32.dll
 0002:00000010       __imp__GetSystemTimeAsFileTime@4 10003010     kernel32:KERNEL32.dll
 0002:00000014       __imp__GetCurrentProcessId@0 10003014     kernel32:KERNEL32.dll
 0002:00000018       __imp__GetCurrentThreadId@0 10003018     kernel32:KERNEL32.dll
 0002:0000001c       __imp__GetTickCount@0      1000301c     kernel32:KERNEL32.dll
 0002:00000020       __imp__QueryPerformanceCounter@4 10003020     kernel32:KERNEL32.dll
 0002:00000024       __imp__DisableThreadLibraryCalls@4 10003024     kernel32:KERNEL32.dll
 0002:00000028       __imp__InterlockedCompareExchange@12 10003028     kernel32:KERNEL32.dll
 0002:0000002c       __imp__Sleep@4             1000302c     kernel32:KERNEL32.dll
 0002:00000030       __imp__InterlockedExchange@8 10003030     kernel32:KERNEL32.dll
 0002:00000034       __imp__IsDebuggerPresent@0 10003034     kernel32:KERNEL32.dll
 0002:00000038       \177KERNEL32_NULL_THUNK_DATA 10003038     kernel32:KERNEL32.dll
 0002:0000003c       __imp___adjust_fdiv        1000303c     MSVCRT:MSVCR90.dll
 0002:00000040       __imp____CppXcptFilter     10003040     MSVCRT:MSVCR90.dll
 0002:00000044       __imp___except_handler4_common 10003044     MSVCRT:MSVCR90.dll
 0002:00000048       __imp___amsg_exit          10003048     MSVCRT:MSVCR90.dll
 0002:0000004c       __imp_?terminate@@YAXXZ    1000304c     MSVCRT:MSVCR90.dll
 0002:00000050       __imp_?_type_info_dtor_internal_method@type_info@@QAEXXZ 10003050     MSVCRT:MSVCR90.dll
 0002:00000054       __imp____clean_type_info_names_internal 10003054     MSVCRT:MSVCR90.dll
 0002:00000058       __imp___crt_debugger_hook  10003058     MSVCRT:MSVCR90.dll
 0002:0000005c       __imp___initterm_e         1000305c     MSVCRT:MSVCR90.dll
 0002:00000060       __imp___initterm           10003060     MSVCRT:MSVCR90.dll
 0002:00000064       __imp___encoded_null       10003064     MSVCRT:MSVCR90.dll
 0002:00000068       __imp___malloc_crt         10003068     MSVCRT:MSVCR90.dll
 0002:0000006c       __imp___decode_pointer     1000306c     MSVCRT:MSVCR90.dll
 0002:00000070       __imp___onexit             10003070     MSVCRT:MSVCR90.dll
 0002:00000074       __imp___lock               10003074     MSVCRT:MSVCR90.dll
 0002:00000078       __imp___encode_pointer     10003078     MSVCRT:MSVCR90.dll
 0002:0000007c       __imp____dllonexit         1000307c     MSVCRT:MSVCR90.dll
 0002:00000080       __imp___unlock             10003080     MSVCRT:MSVCR90.dll
 0002:00000084       __imp__free                10003084     MSVCRT:MSVCR90.dll
 0002:00000088       __imp_??3@YAXPAX@Z         10003088     MSVCRT:MSVCR90.dll
 0002:0000008c       __imp___purecall           1000308c     MSVCRT:MSVCR90.dll
 0002:00000090       __imp____CxxFrameHandler3  10003090     MSVCRT:MSVCR90.dll
 0002:00000094       \177MSVCR90_NULL_THUNK_DATA 10003094     MSVCRT:MSVCR90.dll
 0002:00000098       ___xc_a                    10003098     MSVCRT:cinitexe.obj
 0002:000001a8       ___xc_z                    100031a8     MSVCRT:cinitexe.obj
 0002:000001ac       ___xi_a                    100031ac     MSVCRT:cinitexe.obj
 0002:000001b4       ___xi_z                    100031b4     MSVCRT:cinitexe.obj
 0002:000001bc       ??_7type_info@@6B@         100031bc     MSVCRT:ti_inst.obj
 0002:000001c0       __pRawDllMain              100031c0     MSVCRT:crtdll.obj
 0002:000001c0       __pDefaultRawDllMain       100031c0     MSVCRT:crtdll.obj
 0002:000001cc       ??_C@_0P@GHFPNOJB@bad?5allocation?$AA@ 100031cc     plugin_test1.obj
 0002:000001dc       ??_C@_0BF@OCNNAADO@UModSys?3?3core?3?3IRoot?$AA@ 100031dc     plugin_test1.obj
 0002:000001f4       ??_C@_0BK@EMIJFOPA@UModSys?3?3core?3?3IRefObject?$AA@ 100031f4     plugin_test1.obj
 0002:00000210       ??_C@_0BL@IOMMHELF@UModSys?3?3core?3?3IParameters?$AA@ 10003210     plugin_test1.obj
 0002:0000022c       ??_C@_0BH@LKDEEPPM@UModSys?3?3base?3?3IModule?$AA@ 1000322c     plugin_test1.obj
 0002:00000244       ??_C@_0BO@PHJOHFCB@UModSys?3?3base?3?3IModuleLibrary?$AA@ 10003244     plugin_test1.obj
 0002:00000264       ??_C@_0BK@FDPIOPHG@UModSys?3?3base?3?3IModObject?$AA@ 10003264     plugin_test1.obj
 0002:00000280       ??_C@_0BK@OIBKNCKJ@UModSys?3?3base?3?3IGenerator?$AA@ 10003280     plugin_test1.obj
 0002:0000029c       ??_C@_0BG@PJBGCMEC@UModSys?3?3base?3?3IShell?$AA@ 1000329c     plugin_test1.obj
 0002:000002b4       ??_C@_0BI@IKAOEFAP@UModSys?3?3base?3?3IConsole?$AA@ 100032b4     plugin_test1.obj
 0002:000002cc       ??_C@_0BH@PFCONEJJ@UModSys?3?3base?3?3ISystem?$AA@ 100032cc     plugin_test1.obj
 0002:000002e4       ??_C@_0CB@CLGNFEGF@UModSys?3?3libmedia?3?3IStreamReader@ 100032e4     plugin_test1.obj
 0002:00000308       ??_C@_0CB@HOPFFLP@UModSys?3?3libmedia?3?3IStreamWriter@ 10003308     plugin_test1.obj
 0002:0000032c       ??_C@_0CA@BFJGGLCC@UModSys?3?3libmedia?3?3IDataArchive?$AA@ 1000332c     plugin_test1.obj
 0002:0000034c       ??_C@_0CM@LNHNHIJB@UModSys?3?3modules?3?3test?3?3test1?3?3R@ 1000334c     plugin_test1.obj
 0002:00000378       ??_C@_0M@LAGNAJEJ@?$CK?3?3stdio?3?3?$CK?$AA@ 10003378     plugin_test1.obj
 0002:00000384       ??_C@_0O@CMKKEPPD@read?9test?4txt?$AA@ 10003384     plugin_test1.obj
 0002:00000394       ??_C@_08BABJIOEM@filename?$AA@ 10003394     plugin_test1.obj
 0002:000003a0       ??_C@_0BK@JMHCEPK@?5?5found?5reader?3?5?$CFs?5?$DN?$DO?5?$CFp?6?$AA@ 100033a0     plugin_test1.obj
 0002:000003bc       ??_C@_0P@HIBABMLC@write?9test?4txt?$AA@ 100033bc     plugin_test1.obj
 0002:000003cc       ??_C@_04FAOFCKOL@safe?$AA@ 100033cc     plugin_test1.obj
 0002:000003d4       ??_C@_0BK@ONIPKACL@?5?5found?5writer?3?5?$CFs?5?$DN?$DO?5?$CFp?6?$AA@ 100033d4     plugin_test1.obj
 0002:000003f0       ??_C@_0O@OKDOBIEG@?5?5read?3?5?$HL?$CFs?$HN?6?$AA@ 100033f0     plugin_test1.obj
 0002:00000400       ??_C@_0L@BBJPPDJK@?5?5written?6?$AA@ 10003400     plugin_test1.obj
 0002:0000040c       ??_C@_0BC@NIGGCDMG@RTest1_Shell?$CI?$CJ?5?$HL?6?$AA@ 1000340c     plugin_test1.obj
 0002:00000420       ??_C@_0DK@JIEMIEKA@UModSys?3?3modules?3?3test?3?3test1?3?3R@ 10003420     plugin_test1.obj
 0002:0000045c       ??_C@_0CK@OICDGBDJ@?4?4?2?4?4?2?4?4?2src?2plugin?2test?2plugin_@ 1000345c     plugin_test1.obj
 0002:00000488       ??_C@_0BF@BMCPNMPN@?$HN?5?1?1?5RTest1_Shell?$CI?$CJ?6?$AA@ 10003488     plugin_test1.obj
 0002:000004a0       ??_C@_0DL@OIAHAJF@UModSys?3?3modules?3?3test?3?3test1?3?3R@ 100034a0     plugin_test1.obj
 0002:000004dc       ??_C@_0BB@MLDFLEML@?$HORTest1_Shell?$CI?$CJ?6?$AA@ 100034dc     plugin_test1.obj
 0002:000004f0       ??_C@_0BJ@CCPCJEPP@RTest1_Shell?3?3connect?$CI?$CJ?6?$AA@ 100034f0     plugin_test1.obj
 0002:0000050c       ??_C@_0BM@KBDBHLN@RTest1_Shell?3?3disconnect?$CI?$CJ?6?$AA@ 1000350c     plugin_test1.obj
 0002:00000528       ??_C@_0BI@PGLACHLJ@RTest1_Shell?3?3tick?$CI?$CFg?$CJ?6?$AA@ 10003528     plugin_test1.obj
 0002:00000540       ??_C@_0BM@JFIEEBE@RTest1_Shell?3?3command?$CI?$CD?$CFd?$CJ?6?$AA@ 10003540     plugin_test1.obj
 0002:0000055c       ??_C@_0CK@DEJPICLK@UModSys?3?3modules?3?3test?3?3test1?3?3R@ 1000355c     plugin_test1.obj
 0002:00000588       ??_C@_0DD@HMBJLEH@UMODSYS_MODULE_NAME?$CItest?0test1?$CJ?3@ 10003588     plugin_test1.obj
 0002:000005bc       ??_C@_0BA@NMEBLMNE@Test?51?5?9?5module?$AA@ 100035bc     plugin_test1.obj
 0002:000005cc       ??_C@_05GENPCEMM@Test1?$AA@ 100035cc     plugin_test1.obj
 0002:000005d4       ??_C@_0BE@HJEBHPIG@RModuleReg?3?3open?$CI?$CJ?6?$AA@ 100035d4     plugin_test1.obj
 0002:000005e8       ??_C@_0BF@KIBBFLP@RModuleReg?3?3close?$CI?$CJ?6?$AA@ 100035e8     plugin_test1.obj
 0002:00000600       ??_C@_09JGNMLHG@modobject?$AA@ 10003600     plugin_test1.obj
 0002:0000060c       ??_C@_08FCBDOIAH@typeinfo?$AA@ 1000360c     plugin_test1.obj
 0002:0000061c       ??_7IRoot@core@UModSys@@6B@ 1000361c     plugin_test1.obj
 0002:0000063c       ??_7RTest1_Shell@test1@test@modules@UModSys@@6B@ 1000363c     plugin_test1.obj
 0002:0000067c       ??_7RGenerator@test1@test@modules@UModSys@@6B@ 1000367c     plugin_test1.obj
 0002:000006c4       ??_7RModuleReg@test1@test@modules@UModSys@@6B@ 100036c4     plugin_test1.obj
 0002:000006e0       ??_7RModuleLibraryReg_Chain@base@UModSys@@6B@ 100036e0     umodsys_lib_base:umodsys.base.moduleregchain.obj
 0002:000006fc       ??_7IModuleReg@base@UModSys@@6B@ 100036fc     umodsys_lib_base:umodsys.base.modulereg.obj
 0002:00000718       ??_7IModuleLibraryReg@base@UModSys@@6B@ 10003718     umodsys_lib_base:umodsys.base.modulereg.obj
 0002:00000730       __real@3f50624dd2f1a9fc    10003730      CIL library: CIL module
 0002:00000738       __load_config_used         10003738     MSVCRT:loadcfg.obj
 0002:00000780       ??_R4type_info@@6B@        10003780     MSVCRT:ti_inst.obj
 0002:00000794       ??_R3type_info@@8          10003794     MSVCRT:ti_inst.obj
 0002:000007a4       ??_R2type_info@@8          100037a4     MSVCRT:ti_inst.obj
 0002:000007ac       ??_R1A@?0A@EA@type_info@@8 100037ac     MSVCRT:ti_inst.obj
 0002:000007c8       ??_R4RModuleReg@test1@test@modules@UModSys@@6B@ 100037c8     plugin_test1.obj
 0002:000007dc       ??_R3RModuleReg@test1@test@modules@UModSys@@8 100037dc     plugin_test1.obj
 0002:000007ec       ??_R2RModuleReg@test1@test@modules@UModSys@@8 100037ec     plugin_test1.obj
 0002:000007f8       ??_R1A@?0A@EA@IModuleReg@base@UModSys@@8 100037f8     plugin_test1.obj
 0002:00000814       ??_R3IModuleReg@base@UModSys@@8 10003814     plugin_test1.obj
 0002:00000824       ??_R2IModuleReg@base@UModSys@@8 10003824     plugin_test1.obj
 0002:0000082c       ??_R1A@?0A@EA@RModuleReg@test1@test@modules@UModSys@@8 1000382c     plugin_test1.obj
 0002:00000848       ??_R4RGenerator@test1@test@modules@UModSys@@6B@ 10003848     plugin_test1.obj
 0002:0000085c       ??_R3RGenerator@test1@test@modules@UModSys@@8 1000385c     plugin_test1.obj
 0002:0000086c       ??_R2RGenerator@test1@test@modules@UModSys@@8 1000386c     plugin_test1.obj
 0002:00000884       ??_R1A@?0A@EA@RGenerator@test1@test@modules@UModSys@@8 10003884     plugin_test1.obj
 0002:000008a0       ??_R4RTest1_Shell@test1@test@modules@UModSys@@6B@ 100038a0     plugin_test1.obj
 0002:000008b4       ??_R3RTest1_Shell@test1@test@modules@UModSys@@8 100038b4     plugin_test1.obj
 0002:000008c4       ??_R2RTest1_Shell@test1@test@modules@UModSys@@8 100038c4     plugin_test1.obj
 0002:000008d8       ??_R1A@?0A@EA@RTest1_Shell@test1@test@modules@UModSys@@8 100038d8     plugin_test1.obj
 0002:000008f4       ??_R3IShell@base@UModSys@@8 100038f4     plugin_test1.obj
 0002:00000904       ??_R2IShell@base@UModSys@@8 10003904     plugin_test1.obj
 0002:00000914       ??_R1A@?0A@EA@IShell@base@UModSys@@8 10003914     plugin_test1.obj
 0002:00000930       ??_R3IGenerator@base@UModSys@@8 10003930     plugin_test1.obj
 0002:00000940       ??_R2IGenerator@base@UModSys@@8 10003940     plugin_test1.obj
 0002:00000954       ??_R1A@?0A@EA@IGenerator@base@UModSys@@8 10003954     plugin_test1.obj
 0002:00000970       ??_R3IModObject@base@UModSys@@8 10003970     plugin_test1.obj
 0002:00000980       ??_R2IModObject@base@UModSys@@8 10003980     plugin_test1.obj
 0002:00000990       ??_R1A@?0A@EA@IModObject@base@UModSys@@8 10003990     plugin_test1.obj
 0002:000009ac       ??_R3IRefObject@core@UModSys@@8 100039ac     plugin_test1.obj
 0002:000009bc       ??_R2IRefObject@core@UModSys@@8 100039bc     plugin_test1.obj
 0002:000009c8       ??_R1A@?0A@EA@IRefObject@core@UModSys@@8 100039c8     plugin_test1.obj
 0002:000009e4       ??_R4IRoot@core@UModSys@@6B@ 100039e4     plugin_test1.obj
 0002:000009f8       ??_R3IRoot@core@UModSys@@8 100039f8     plugin_test1.obj
 0002:00000a08       ??_R2IRoot@core@UModSys@@8 10003a08     plugin_test1.obj
 0002:00000a10       ??_R1A@?0A@EA@IRoot@core@UModSys@@8 10003a10     plugin_test1.obj
 0002:00000a2c       ??_R4RModuleLibraryReg_Chain@base@UModSys@@6B@ 10003a2c     umodsys_lib_base:umodsys.base.moduleregchain.obj
 0002:00000a40       ??_R3RModuleLibraryReg_Chain@base@UModSys@@8 10003a40     umodsys_lib_base:umodsys.base.moduleregchain.obj
 0002:00000a50       ??_R2RModuleLibraryReg_Chain@base@UModSys@@8 10003a50     umodsys_lib_base:umodsys.base.moduleregchain.obj
 0002:00000a5c       ??_R1A@?0A@EA@IModuleLibraryReg@base@UModSys@@8 10003a5c     umodsys_lib_base:umodsys.base.moduleregchain.obj
 0002:00000a78       ??_R3IModuleLibraryReg@base@UModSys@@8 10003a78     umodsys_lib_base:umodsys.base.moduleregchain.obj
 0002:00000a88       ??_R2IModuleLibraryReg@base@UModSys@@8 10003a88     umodsys_lib_base:umodsys.base.moduleregchain.obj
 0002:00000a90       ??_R1A@?0A@EA@RModuleLibraryReg_Chain@base@UModSys@@8 10003a90     umodsys_lib_base:umodsys.base.moduleregchain.obj
 0002:00000aac       ??_R4IModuleLibraryReg@base@UModSys@@6B@ 10003aac     umodsys_lib_base:umodsys.base.modulereg.obj
 0002:00000ac0       ??_R4IModuleReg@base@UModSys@@6B@ 10003ac0     umodsys_lib_base:umodsys.base.modulereg.obj
 0002:00000ae0       ___safe_se_handler_table   10003ae0     <linker-defined>
 0002:00000af8       ___rtc_iaa                 10003af8     MSVCRT:_initsect_.obj
 0002:00000afc       ___rtc_izz                 10003afc     MSVCRT:_initsect_.obj
 0002:00000b00       ___rtc_taa                 10003b00     MSVCRT:_initsect_.obj
 0002:00000b04       ___rtc_tzz                 10003b04     MSVCRT:_initsect_.obj
 0002:00000ca0       __IMPORT_DESCRIPTOR_MSVCR90 10003ca0     MSVCRT:MSVCR90.dll
 0002:00000cb4       __IMPORT_DESCRIPTOR_KERNEL32 10003cb4     kernel32:KERNEL32.dll
 0002:00000cc8       __NULL_IMPORT_DESCRIPTOR   10003cc8     MSVCRT:MSVCR90.dll
 0003:00000000       ??_R0?AVtype_info@@@8      10005000     MSVCRT:ti_inst.obj
 0003:00000018       ___native_dllmain_reason   10005018     MSVCRT:natstart.obj
 0003:0000001c       ___native_vcclrit_reason   1000501c     MSVCRT:natstart.obj
 0003:00000020       ___security_cookie         10005020     MSVCRT:gs_cookie.obj
 0003:00000024       ___security_cookie_complement 10005024     MSVCRT:gs_cookie.obj
 0003:00000028       ??_R0?AUIModuleReg@base@UModSys@@@8 10005028     plugin_test1.obj
 0003:00000050       ??_R0?AURModuleReg@test1@test@modules@UModSys@@@8 10005050     plugin_test1.obj
 0003:00000084       ??_R0?AURGenerator@test1@test@modules@UModSys@@@8 10005084     plugin_test1.obj
 0003:000000b8       ??_R0?AURTest1_Shell@test1@test@modules@UModSys@@@8 100050b8     plugin_test1.obj
 0003:000000f0       ??_R0?AUIShell@base@UModSys@@@8 100050f0     plugin_test1.obj
 0003:00000114       ??_R0?AUIGenerator@base@UModSys@@@8 10005114     plugin_test1.obj
 0003:0000013c       ??_R0?AUIModObject@base@UModSys@@@8 1000513c     plugin_test1.obj
 0003:00000164       ??_R0?AUIRefObject@core@UModSys@@@8 10005164     plugin_test1.obj
 0003:0000018c       ??_R0?AUIRoot@core@UModSys@@@8 1000518c     plugin_test1.obj
 0003:000001c8       ?so_entry_enabled_flag@base@UModSys@@3HA 100051c8     umodsys_lib_base:umodsys.so_main.win32.obj
 0003:000001dc       ?s_modreg_chain@RModuleReg@test1@test@modules@UModSys@@2USModuleRegChain@base@5@A 100051dc     plugin_test1.obj
 0003:000001e8       ?s_library@RModuleLibraryReg_Chain@base@UModSys@@2U123@A 100051e8     umodsys_lib_base:umodsys.base.moduleregchain.obj
 0003:000001ec       ??_R0?AUIModuleLibraryReg@base@UModSys@@@8 100051ec     umodsys_lib_base:umodsys.base.moduleregchain.obj
 0003:0000021c       ??_R0?AURModuleLibraryReg_Chain@base@UModSys@@@8 1000521c     umodsys_lib_base:umodsys.base.moduleregchain.obj
 0003:00000254       __forceCRTManifestRTM      10005254     MSVCRT:crtmanifestrtm.obj
 0003:00000258       ?__type_info_root_node@@3U__type_info_node@@A 10005258     MSVCRT:tncleanup.obj
 0003:0000059c       ?s_modreg@RModuleReg@test1@test@modules@UModSys@@2U12345@A 1000559c     plugin_test1.obj
 0003:000005c4       ?s_uid@RGenerator@test1@test@modules@UModSys@@2USUniquePointer@core@5@A 100055c4     plugin_test1.obj
 0003:000005dc       ?M@UModSys@@3USModuleContext@base@1@A 100055dc     umodsys_lib_base:umodsys.base.modulecontext.obj
 0003:000005ec       ?root@SModuleRegChain@base@UModSys@@2U123@A 100055ec     umodsys_lib_base:umodsys.base.moduleregchain.obj
 0003:000005f8       ?root@SUniquePointer@core@UModSys@@2U123@A 100055f8     umodsys_lib_core:umodsys.core.uniqueptr.obj
 0003:00000610       ?s_id@?$TObjectUniqueID@UIRefObject@core@UModSys@@@tl@UModSys@@2USUniquePointer@core@3@A 10005610     plugin_test1.obj
 0003:00000628       ?s_id@?$TObjectUniqueID@UIRoot@core@UModSys@@@tl@UModSys@@2USUniquePointer@core@3@A 10005628     plugin_test1.obj
 0003:00000640       ?s_id@?$TObjectUniqueID@UIModule@base@UModSys@@@tl@UModSys@@2USUniquePointer@core@3@A 10005640     plugin_test1.obj
 0003:00000658       ?s_id@?$TObjectUniqueID@UIStreamWriter@libmedia@UModSys@@@tl@UModSys@@2USUniquePointer@core@3@A 10005658     plugin_test1.obj
 0003:00000670       ?s_id@?$TObjectUniqueID@UIGenerator@base@UModSys@@@tl@UModSys@@2USUniquePointer@core@3@A 10005670     plugin_test1.obj
 0003:00000688       ?s_id@?$TObjectUniqueID@UIModuleLibrary@base@UModSys@@@tl@UModSys@@2USUniquePointer@core@3@A 10005688     plugin_test1.obj
 0003:000006a0       ?s_id@?$TObjectUniqueID@UIParameters@core@UModSys@@@tl@UModSys@@2USUniquePointer@core@3@A 100056a0     plugin_test1.obj
 0003:000006b8       ?s_id@?$TObjectUniqueID@UISystem@base@UModSys@@@tl@UModSys@@2USUniquePointer@core@3@A 100056b8     plugin_test1.obj
 0003:000006d0       ?s_id@?$TObjectUniqueID@UIDataArchive@libmedia@UModSys@@@tl@UModSys@@2USUniquePointer@core@3@A 100056d0     plugin_test1.obj
 0003:000006e8       ?s_id@?$TObjectUniqueID@URTest1_Shell@test1@test@modules@UModSys@@@tl@UModSys@@2USUniquePointer@core@3@A 100056e8     plugin_test1.obj
 0003:00000700       ?s_id@?$TObjectUniqueID@UIModObject@base@UModSys@@@tl@UModSys@@2USUniquePointer@core@3@A 10005700     plugin_test1.obj
 0003:00000718       ?s_id@?$TObjectUniqueID@UIStreamReader@libmedia@UModSys@@@tl@UModSys@@2USUniquePointer@core@3@A 10005718     plugin_test1.obj
 0003:00000730       ?s_id@?$TObjectUniqueID@URGenerator@test1@test@modules@UModSys@@@tl@UModSys@@2USUniquePointer@core@3@A 10005730     plugin_test1.obj
 0003:00000748       ?s_id@?$TObjectUniqueID@UIShell@base@UModSys@@@tl@UModSys@@2USUniquePointer@core@3@A 10005748     plugin_test1.obj
 0003:00000760       ?s_id@?$TObjectUniqueID@UIConsole@base@UModSys@@@tl@UModSys@@2USUniquePointer@core@3@A 10005760     plugin_test1.obj
 0003:00000778       __adjust_fdiv              10005778     <common>
 0003:0000077c       ___native_startup_state    1000577c     <common>
 0003:00000780       ___native_startup_lock     10005780     <common>
 0003:00000784       ___dyn_tls_init_callback   10005784     <common>
 0003:00000788       ___onexitend               10005788     <common>
 0003:0000078c       ___onexitbegin             1000578c     <common>

 entry point at        0001:0000109b

 Static symbols

 0001:00000d10       _pre_c_init                10001d10 f   MSVCRT:crtdll.obj
 0001:00000f85       ___DllMainCRTStartup       10001f85 f   MSVCRT:crtdll.obj
 0001:000015f7       __unwindfunclet$??$t_generate@UIStreamReader@libmedia@UModSys@@@SModuleContext@base@UModSys@@QAE_NAAU?$TRefObject@UIStreamReader@libmedia@UModSys@@@tl@2@PBUSUniquePointerInfo@core@2@ABUSParameters@62@@Z$0 100025f7 f    CIL library: CIL module
 0001:000015f7       __unwindfunclet$??$t_generate@UIStreamWriter@libmedia@UModSys@@@SModuleContext@base@UModSys@@QAE_NAAU?$TRefObject@UIStreamWriter@libmedia@UModSys@@@tl@2@PBUSUniquePointerInfo@core@2@ABUSParameters@62@@Z$0 100025f7 f    CIL library: CIL module
 0001:000015f7       __unwindfunclet$?suicide@RTest1_Shell@test1@test@modules@UModSys@@UAEXXZ$0 100025f7 f    CIL library: CIL module
 0001:000015ff       __ehhandler$??$t_generate@UIStreamReader@libmedia@UModSys@@@SModuleContext@base@UModSys@@QAE_NAAU?$TRefObject@UIStreamReader@libmedia@UModSys@@@tl@2@PBUSUniquePointerInfo@core@2@ABUSParameters@62@@Z 100025ff f    CIL library: CIL module
 0001:000015ff       __ehhandler$?suicide@RTest1_Shell@test1@test@modules@UModSys@@UAEXXZ 100025ff f    CIL library: CIL module
 0001:000015ff       __ehhandler$??$t_generate@UIStreamWriter@libmedia@UModSys@@@SModuleContext@base@UModSys@@QAE_NAAU?$TRefObject@UIStreamWriter@libmedia@UModSys@@@tl@2@PBUSUniquePointerInfo@core@2@ABUSParameters@62@@Z 100025ff f    CIL library: CIL module
 0001:00001609       __unwindfunclet$??_GRTest1_Shell@test1@test@modules@UModSys@@UAEPAXI@Z$0 10002609 f    CIL library: CIL module
 0001:00001611       __ehhandler$??_GRTest1_Shell@test1@test@modules@UModSys@@UAEPAXI@Z 10002611 f    CIL library: CIL module
 0001:0000161b       __unwindfunclet$?file_test@RTest1_Shell@test1@test@modules@UModSys@@QAEXXZ$0 1000261b f    CIL library: CIL module
 0001:00001626       __unwindfunclet$?file_test@RTest1_Shell@test1@test@modules@UModSys@@QAEXXZ$1 10002626 f    CIL library: CIL module
 0001:00001631       __unwindfunclet$?file_test@RTest1_Shell@test1@test@modules@UModSys@@QAEXXZ$2 10002631 f    CIL library: CIL module
 0001:0000163c       __unwindfunclet$?file_test@RTest1_Shell@test1@test@modules@UModSys@@QAEXXZ$3 1000263c f    CIL library: CIL module
 0001:00001647       __ehhandler$?file_test@RTest1_Shell@test1@test@modules@UModSys@@QAEXXZ 10002647 f    CIL library: CIL module
 0001:00001651       __unwindfunclet$??0RTest1_Shell@test1@test@modules@UModSys@@QAE@PAUIModObject@base@4@@Z$0 10002651 f    CIL library: CIL module
 0001:00001659       __ehhandler$??0RTest1_Shell@test1@test@modules@UModSys@@QAE@PAUIModObject@base@4@@Z 10002659 f    CIL library: CIL module
 0001:00001663       __unwindfunclet$?generate@RGenerator@test1@test@modules@UModSys@@UAE_NAAU?$TRefObject@UIRefObject@core@UModSys@@@tl@5@PBUSUniquePointerInfo@core@5@ABUSParameters@95@@Z$0 10002663 f    CIL library: CIL module
 0001:00001670       __ehhandler$?generate@RGenerator@test1@test@modules@UModSys@@UAE_NAAU?$TRefObject@UIRefObject@core@UModSys@@@tl@5@PBUSUniquePointerInfo@core@5@ABUSParameters@95@@Z 10002670 f    CIL library: CIL module
 0001:0000167a       ??__E?s_modreg@RModuleReg@test1@test@modules@UModSys@@2U12345@A@@YAXXZ 1000267a f    CIL library: CIL module
 0001:0000168b       ??__E?s_modreg_chain@RModuleReg@test1@test@modules@UModSys@@2USModuleRegChain@base@5@A@@YAXXZ 1000268b f    CIL library: CIL module
 0001:000016b9       ??__E?s_uid@RGenerator@test1@test@modules@UModSys@@2USUniquePointer@core@5@A@@YAXXZ 100026b9 f    CIL library: CIL module
 0001:000016db       ??__E?s_id@?$TObjectUniqueID@UIRoot@core@UModSys@@@tl@UModSys@@2USUniquePointer@core@3@A@@YAXXZ 100026db f    CIL library: CIL module
 0001:000016fd       ??__E?s_id@?$TObjectUniqueID@UIRefObject@core@UModSys@@@tl@UModSys@@2USUniquePointer@core@3@A@@YAXXZ 100026fd f    CIL library: CIL module
 0001:0000171f       ??__E?s_id@?$TObjectUniqueID@UIParameters@core@UModSys@@@tl@UModSys@@2USUniquePointer@core@3@A@@YAXXZ 1000271f f    CIL library: CIL module
 0001:00001741       ??__E?s_id@?$TObjectUniqueID@UIModule@base@UModSys@@@tl@UModSys@@2USUniquePointer@core@3@A@@YAXXZ 10002741 f    CIL library: CIL module
 0001:00001763       ??__E?s_id@?$TObjectUniqueID@UIModuleLibrary@base@UModSys@@@tl@UModSys@@2USUniquePointer@core@3@A@@YAXXZ 10002763 f    CIL library: CIL module
 0001:00001785       ??__E?s_id@?$TObjectUniqueID@UIModObject@base@UModSys@@@tl@UModSys@@2USUniquePointer@core@3@A@@YAXXZ 10002785 f    CIL library: CIL module
 0001:000017a7       ??__E?s_id@?$TObjectUniqueID@UIGenerator@base@UModSys@@@tl@UModSys@@2USUniquePointer@core@3@A@@YAXXZ 100027a7 f    CIL library: CIL module
 0001:000017c9       ??__E?s_id@?$TObjectUniqueID@UIShell@base@UModSys@@@tl@UModSys@@2USUniquePointer@core@3@A@@YAXXZ 100027c9 f    CIL library: CIL module
 0001:000017eb       ??__E?s_id@?$TObjectUniqueID@UIConsole@base@UModSys@@@tl@UModSys@@2USUniquePointer@core@3@A@@YAXXZ 100027eb f    CIL library: CIL module
 0001:0000180d       ??__E?s_id@?$TObjectUniqueID@UISystem@base@UModSys@@@tl@UModSys@@2USUniquePointer@core@3@A@@YAXXZ 1000280d f    CIL library: CIL module
 0001:0000182f       ??__E?s_id@?$TObjectUniqueID@UIStreamReader@libmedia@UModSys@@@tl@UModSys@@2USUniquePointer@core@3@A@@YAXXZ 1000282f f    CIL library: CIL module
 0001:00001851       ??__E?s_id@?$TObjectUniqueID@UIStreamWriter@libmedia@UModSys@@@tl@UModSys@@2USUniquePointer@core@3@A@@YAXXZ 10002851 f    CIL library: CIL module
 0001:00001873       ??__E?s_id@?$TObjectUniqueID@UIDataArchive@libmedia@UModSys@@@tl@UModSys@@2USUniquePointer@core@3@A@@YAXXZ 10002873 f    CIL library: CIL module
 0001:00001895       ??__E?s_id@?$TObjectUniqueID@URTest1_Shell@test1@test@modules@UModSys@@@tl@UModSys@@2USUniquePointer@core@3@A@@YAXXZ 10002895 f    CIL library: CIL module
 0001:000018b7       ??__E?s_id@?$TObjectUniqueID@URGenerator@test1@test@modules@UModSys@@@tl@UModSys@@2USUniquePointer@core@3@A@@YAXXZ 100028b7 f    CIL library: CIL module
 0001:000018d9       ??__EM@UModSys@@YAXXZ      100028d9 f    CIL library: CIL module
 0001:000018e5       ??__E?root@SModuleRegChain@base@UModSys@@2U123@A@@YAXXZ 100028e5 f    CIL library: CIL module
 0001:000018f1       ??__E?s_library@RModuleLibraryReg_Chain@base@UModSys@@2U123@A@@YAXXZ 100028f1 f    CIL library: CIL module
 0001:000018fd       ??__E?root@SUniquePointer@core@UModSys@@2U123@A@@YAXXZ 100028fd f    CIL library: CIL module
 0001:00001909       ??__F?s_modreg@RModuleReg@test1@test@modules@UModSys@@2U12345@A@@YAXXZ 10002909 f    CIL library: CIL module
 0001:00001914       ??__F?s_modreg_chain@RModuleReg@test1@test@modules@UModSys@@2USModuleRegChain@base@5@A@@YAXXZ 10002914 f    CIL library: CIL module
 0001:0000191e       ??__F?s_uid@RGenerator@test1@test@modules@UModSys@@2USUniquePointer@core@5@A@@YAXXZ 1000291e f    CIL library: CIL module
 0001:00001928       ??__Fh@?1??s_holder@RGenerator@test1@test@modules@UModSys@@SAAAU?$TTypeStaticHolder@URGenerator@test1@test@modules@UModSys@@@tl@5@XZ@YAXXZ 10002928 f    CIL library: CIL module
 0001:00001945       ??__F?s_id@?$TObjectUniqueID@URGenerator@test1@test@modules@UModSys@@@tl@UModSys@@2USUniquePointer@core@3@A@@YAXXZ 10002945 f    CIL library: CIL module
 0001:0000194f       ??__F?s_id@?$TObjectUniqueID@URTest1_Shell@test1@test@modules@UModSys@@@tl@UModSys@@2USUniquePointer@core@3@A@@YAXXZ 1000294f f    CIL library: CIL module
 0001:00001959       ??__F?s_id@?$TObjectUniqueID@UIDataArchive@libmedia@UModSys@@@tl@UModSys@@2USUniquePointer@core@3@A@@YAXXZ 10002959 f    CIL library: CIL module
 0001:00001963       ??__F?s_id@?$TObjectUniqueID@UIStreamWriter@libmedia@UModSys@@@tl@UModSys@@2USUniquePointer@core@3@A@@YAXXZ 10002963 f    CIL library: CIL module
 0001:0000196d       ??__F?s_id@?$TObjectUniqueID@UIStreamReader@libmedia@UModSys@@@tl@UModSys@@2USUniquePointer@core@3@A@@YAXXZ 1000296d f    CIL library: CIL module
 0001:00001977       ??__F?s_id@?$TObjectUniqueID@UISystem@base@UModSys@@@tl@UModSys@@2USUniquePointer@core@3@A@@YAXXZ 10002977 f    CIL library: CIL module
 0001:00001981       ??__F?s_id@?$TObjectUniqueID@UIConsole@base@UModSys@@@tl@UModSys@@2USUniquePointer@core@3@A@@YAXXZ 10002981 f    CIL library: CIL module
 0001:0000198b       ??__F?s_id@?$TObjectUniqueID@UIShell@base@UModSys@@@tl@UModSys@@2USUniquePointer@core@3@A@@YAXXZ 1000298b f    CIL library: CIL module
 0001:00001995       ??__F?s_id@?$TObjectUniqueID@UIGenerator@base@UModSys@@@tl@UModSys@@2USUniquePointer@core@3@A@@YAXXZ 10002995 f    CIL library: CIL module
 0001:0000199f       ??__F?s_id@?$TObjectUniqueID@UIModObject@base@UModSys@@@tl@UModSys@@2USUniquePointer@core@3@A@@YAXXZ 1000299f f    CIL library: CIL module
 0001:000019a9       ??__F?s_id@?$TObjectUniqueID@UIModuleLibrary@base@UModSys@@@tl@UModSys@@2USUniquePointer@core@3@A@@YAXXZ 100029a9 f    CIL library: CIL module
 0001:000019b3       ??__F?s_id@?$TObjectUniqueID@UIModule@base@UModSys@@@tl@UModSys@@2USUniquePointer@core@3@A@@YAXXZ 100029b3 f    CIL library: CIL module
 0001:000019bd       ??__F?s_id@?$TObjectUniqueID@UIParameters@core@UModSys@@@tl@UModSys@@2USUniquePointer@core@3@A@@YAXXZ 100029bd f    CIL library: CIL module
 0001:000019c7       ??__F?s_id@?$TObjectUniqueID@UIRefObject@core@UModSys@@@tl@UModSys@@2USUniquePointer@core@3@A@@YAXXZ 100029c7 f    CIL library: CIL module
 0001:000019d1       ??__F?s_id@?$TObjectUniqueID@UIRoot@core@UModSys@@@tl@UModSys@@2USUniquePointer@core@3@A@@YAXXZ 100029d1 f    CIL library: CIL module
 0001:000019db       ??__FM@UModSys@@YAXXZ      100029db f    CIL library: CIL module
 0001:000019dc       ??__F?root@SModuleRegChain@base@UModSys@@2U123@A@@YAXXZ 100029dc f    CIL library: CIL module
 0001:000019e6       ??__F?s_library@RModuleLibraryReg_Chain@base@UModSys@@2U123@A@@YAXXZ 100029e6 f    CIL library: CIL module
 0001:000019f1       ??__F?root@SUniquePointer@core@UModSys@@2U123@A@@YAXXZ 100029f1 f    CIL library: CIL module

 Exports

  ordinal    name

        1    _UModSys_Plugin_Entry2@0
