 plugin_test1

 Timestamp is 5280aaa6 (Mon Nov 11 13:00:06 2013)

 Preferred load address is 10000000

 Start         Length     Name                   Class
 0001:00000000 00005a17H .text                   CODE
 0001:00005a17 0000029bH .text$x                 CODE
 0001:00005cb2 000007b5H .text$yc                CODE
 0001:00006467 000002aaH .text$yd                CODE
 0002:00000000 00000190H .idata$5                DATA
 0002:00000190 00000004H .CRT$XCA                DATA
 0002:00000194 0000039cH .CRT$XCU                DATA
 0002:00000530 00000004H .CRT$XCZ                DATA
 0002:00000534 00000004H .CRT$XIA                DATA
 0002:00000538 00000004H .CRT$XIAA               DATA
 0002:0000053c 00000004H .CRT$XIC                DATA
 0002:00000540 00000004H .CRT$XIZ                DATA
 0002:00000548 00001218H .rdata                  DATA
 0002:00001760 00000a30H .rdata$r                DATA
 0002:00002190 00000058H .rdata$sxdata           DATA
 0002:000021e8 00000004H .rtc$IAA                DATA
 0002:000021ec 00000004H .rtc$IZZ                DATA
 0002:000021f0 00000004H .rtc$TAA                DATA
 0002:000021f4 00000004H .rtc$TZZ                DATA
 0002:000021f8 0000054cH .xdata$x                DATA
 0002:00002744 00000064H .idata$2                DATA
 0002:000027a8 00000014H .idata$3                DATA
 0002:000027bc 00000190H .idata$4                DATA
 0002:0000294c 00000786H .idata$6                DATA
 0002:000030e0 0000005cH .edata                  DATA
 0003:00000000 000006e0H .data                   DATA
 0003:000006e0 0000093cH .bss                    DATA

  Address         Publics by Value              Rva+Base       Lib:Object

 0000:00000000       __except_list              00000000     <absolute>
 0000:00000016       ___safe_se_handler_count   00000016     <absolute>
 0000:00009876       __ldused                   00009876     <absolute>
 0000:00009876       __fltused                  00009876     <absolute>
 0000:00000000       ___ImageBase               10000000     <linker-defined>
 0001:00000000       ?new_data@SMemorySharedData@core@UModSys@@SAPAU123@IPBUSSourceContext@23@@Z 10001000 f i plugin_test1.obj
 0001:00000024       ??1SMemShared@core@UModSys@@QAE@XZ 10001024 f i plugin_test1.obj
 0001:00000030       ??6SUniquePtrList@core@UModSys@@QAEAAU012@PBUSUniquePointerInfo@12@@Z 10001030 f i plugin_test1.obj
 0001:00000061       ??3IRoot@core@UModSys@@SAXPAXABUSIMemAlloc@12@@Z 10001061 f i plugin_test1.obj
 0001:0000007a       ?_root_get_other_interface@IRefObject@core@UModSys@@IBEPBUIRoot@23@PBUSUniquePointerInfo@23@@Z 1000107a f i plugin_test1.obj
 0001:0000007a       ?_root_get_other_interface@IRefObject@core@UModSys@@IAEPAUIRoot@23@PBUSUniquePointerInfo@23@@Z 1000107a f i plugin_test1.obj
 0001:0000009b       ?_root_get_interface_types@IRefObject@core@UModSys@@SAIAAUSUniquePtrList@23@@Z 1000109b f i plugin_test1.obj
 0001:000000bb       ?_root_is_interface_supported@IRefObject@core@UModSys@@SA_NPBUSUniquePointerInfo@23@@Z 100010bb f i plugin_test1.obj
 0001:000000d2       ?_root_get_other_interface@IGenerator@base@UModSys@@IBEPBUIRoot@core@3@PBUSUniquePointerInfo@53@@Z 100010d2 f i plugin_test1.obj
 0001:000000d2       ?_root_get_other_interface@IGenerator@base@UModSys@@IAEPAUIRoot@core@3@PBUSUniquePointerInfo@53@@Z 100010d2 f i plugin_test1.obj
 0001:000000ee       ?_root_is_interface_supported@IGenerator@base@UModSys@@SA_NPBUSUniquePointerInfo@core@3@@Z 100010ee f i plugin_test1.obj
 0001:0000010e       ?root_get_interface_info@RTest1_Shell@test1@test@modules@UModSys@@UBEABUSUniquePointerInfo@core@5@XZ 1000110e f i plugin_test1.obj
 0001:00000114       ?root_get_interface_type@RTest1_Shell@test1@test@modules@UModSys@@UBEPBUSUniquePointerInfo@core@5@XZ 10001114 f i plugin_test1.obj
 0001:0000011a       ?root_get_other_interface@RTest1_Shell@test1@test@modules@UModSys@@UAEPAUIRoot@core@5@PBUSUniquePointerInfo@75@@Z 1000111a f i plugin_test1.obj
 0001:0000011a       ?root_get_other_interface@RTest1_Shell@test1@test@modules@UModSys@@UBEPBUIRoot@core@5@PBUSUniquePointerInfo@75@@Z 1000111a f i plugin_test1.obj
 0001:0000013b       ?root_is_interface_supported@RTest1_Shell@test1@test@modules@UModSys@@UBE_NPBUSUniquePointerInfo@core@5@@Z 1000113b f i plugin_test1.obj
 0001:00000162       ?ref_add@RTest1_Shell@test1@test@modules@UModSys@@UBEXXZ 10001162 f i plugin_test1.obj
 0001:00000166       ?ref_remove@RTest1_Shell@test1@test@modules@UModSys@@UBEXXZ 10001166 f i plugin_test1.obj
 0001:00000171       ?ref_links@RTest1_Shell@test1@test@modules@UModSys@@UBEHXZ 10001171 f i plugin_test1.obj
 0001:00000175       ?ref_weak@RTest1_Shell@test1@test@modules@UModSys@@UBE_NAAUWeakPointer@IRefObject@core@5@@Z 10001175 f i plugin_test1.obj
 0001:00000194       ?suicide@RTest1_Shell@test1@test@modules@UModSys@@UAEXXZ 10001194 f i plugin_test1.obj
 0001:000001db       ??0RTest1_Shell@test1@test@modules@UModSys@@QAE@PAUIModObject@base@4@@Z 100011db f i plugin_test1.obj
 0001:000002c1       ??1RTest1_Shell@test1@test@modules@UModSys@@UAE@XZ 100012c1 f i plugin_test1.obj
 0001:0000033b       ?connect@RTest1_Shell@test1@test@modules@UModSys@@UAE_NXZ 1000133b f i plugin_test1.obj
 0001:00000353       ?disconnect@RTest1_Shell@test1@test@modules@UModSys@@UAE_NXZ 10001353 f i plugin_test1.obj
 0001:0000036b       ?process_tick@RTest1_Shell@test1@test@modules@UModSys@@UAE_NABUSTimeMsec@core@5@@Z 1000136b f i plugin_test1.obj
 0001:00000396       ?process_command@RTest1_Shell@test1@test@modules@UModSys@@UAE_NHQBU?$TString@U?$TSCoreConst@D@su@tl@UModSys@@U?$TComparerBinaryHash@D@234@@tl@5@@Z 10001396 f i plugin_test1.obj
 0001:000003b4       ??_ERTest1_Shell@test1@test@modules@UModSys@@UAEPAXI@Z 100013b4 f i  CIL library: CIL module
 0001:000003b4       ??_GRTest1_Shell@test1@test@modules@UModSys@@UAEPAXI@Z 100013b4 f i plugin_test1.obj
 0001:000003d1       ??1IMouseController@libui@UModSys@@UAE@XZ 100013d1 f i umodsys_lib_libui:umodsys.mod.ui.SDL_core.obj
 0001:000003d1       ??1IKeyboardController@libui@UModSys@@UAE@XZ 100013d1 f i umodsys_lib_libui:umodsys.mod.ui.SDL_core.obj
 0001:000003d1       ??1IRenderDriver@lib2d@UModSys@@UAE@XZ 100013d1 f i umodsys_lib_libui:umodsys.mod.ui.SDL_core.obj
 0001:000003d1       ??1IBinObjFilter@libmedia@UModSys@@UAE@XZ 100013d1 f i plugin_test1.obj
 0001:000003d1       ??1IMultiImage@lib2d@UModSys@@UAE@XZ 100013d1 f i umodsys_lib_libui:umodsys.mod.ui.SDL_core.obj
 0001:000003d1       ??1IShell@base@UModSys@@UAE@XZ 100013d1 f i plugin_test1.obj
 0001:000003d1       ??1ITerminal@libui@UModSys@@UAE@XZ 100013d1 f i umodsys_lib_libui:umodsys.mod.ui.SDL_core.obj
 0001:000003d8       ??1SParameters@core@UModSys@@QAE@XZ 100013d8 f i plugin_test1.obj
 0001:000003d8       ??1?$TParametersA@$0EAA@@core@UModSys@@QAE@XZ 100013d8 f i plugin_test1.obj
 0001:000003e5       ?ui_newterm@RTest1_Shell@test1@test@modules@UModSys@@QAE?AU?$TRefObject@UITerminal@libui@UModSys@@U?$TRefObjectFunc@UITerminal@libui@UModSys@@@tl@3@@tl@5@ABU?$TString@U?$TSCoreConst@D@su@tl@UModSys@@U?$TComparerBinaryHash@D@234@@75@ABUSParameters@core@5@@Z 100013e5 f   plugin_test1.obj
 0001:000004c3       ?key_pressed@RTest1_Shell@test1@test@modules@UModSys@@UAE_NABUSKeyboardInputRaw@libui@5@@Z 100014c3 f   plugin_test1.obj
 0001:00000504       ?key_text@RTest1_Shell@test1@test@modules@UModSys@@UAE_NABUSKeyboardInputText@libui@5@@Z 10001504 f   plugin_test1.obj
 0001:0000056a       ?mouse_event@RTest1_Shell@test1@test@modules@UModSys@@UAE_NABUSMouseInput@libui@5@@Z 1000156a f   plugin_test1.obj
 0001:000005d7       ?ui_test1@RTest1_Shell@test1@test@modules@UModSys@@QAEXXZ 100015d7 f   plugin_test1.obj
 0001:00000c91       ?get_generated_names@RGenerator@test1@test@modules@UModSys@@UBEHAAUSUniquePtrList@core@5@@Z 10001c91 f i plugin_test1.obj
 0001:00000caa       ?get_generated_types@RGenerator@test1@test@modules@UModSys@@UBEHAAUSUniquePtrList@core@5@PBUSUniquePointerInfo@75@@Z 10001caa f i plugin_test1.obj
 0001:00000cde       ?generate@RGenerator@test1@test@modules@UModSys@@UAE_NAAU?$TRefObject@UIRefObject@core@UModSys@@U?$TRefObjectFunc@UIRefObject@core@UModSys@@@tl@3@@tl@5@PBUSUniquePointerInfo@core@5@ABUSParameters@95@@Z 10001cde f i plugin_test1.obj
 0001:00000d60       ?root_get_interface_info@RGenerator@test1@test@modules@UModSys@@UBEABUSUniquePointerInfo@core@5@XZ 10001d60 f i plugin_test1.obj
 0001:00000d66       ?root_get_interface_type@RGenerator@test1@test@modules@UModSys@@UBEPBUSUniquePointerInfo@core@5@XZ 10001d66 f i plugin_test1.obj
 0001:00000d6c       ?root_get_other_interface@RGenerator@test1@test@modules@UModSys@@UBEPBUIRoot@core@5@PBUSUniquePointerInfo@75@@Z 10001d6c f i plugin_test1.obj
 0001:00000d6c       ?root_get_other_interface@RGenerator@test1@test@modules@UModSys@@UAEPAUIRoot@core@5@PBUSUniquePointerInfo@75@@Z 10001d6c f i plugin_test1.obj
 0001:00000d85       ?root_is_interface_supported@RGenerator@test1@test@modules@UModSys@@UBE_NPBUSUniquePointerInfo@core@5@@Z 10001d85 f i plugin_test1.obj
 0001:00000da4       ?ref_weak@RGenerator@images_std@media@modules@UModSys@@UBE_NAAUWeakPointer@IRefObject@core@5@@Z 10001da4 f i umodsys_lib_libmedia:umodsys.mod.media.images_std.obj
 0001:00000da4       ?ref_weak@RMouseController@SDL_core@ui@modules@UModSys@@UBE_NAAUWeakPointer@IRefObject@core@5@@Z 10001da4 f i umodsys_lib_libui:umodsys.mod.ui.SDL_core.obj
 0001:00000da4       ?ref_weak@RGenerator@test1@test@modules@UModSys@@UBE_NAAUWeakPointer@IRefObject@core@5@@Z 10001da4 f i plugin_test1.obj
 0001:00000da4       ?ref_weak@RTerminal@SDL_core@ui@modules@UModSys@@UBE_NAAUWeakPointer@IRefObject@core@5@@Z 10001da4 f i umodsys_lib_libui:umodsys.mod.ui.SDL_core.obj
 0001:00000da4       ?ref_weak@RRenderDriver2D@SDL_core@ui@modules@UModSys@@UBE_NAAUWeakPointer@IRefObject@core@5@@Z 10001da4 f i umodsys_lib_libui:umodsys.mod.ui.SDL_core.obj
 0001:00000da4       ?ref_weak@RKeyboardController@SDL_core@ui@modules@UModSys@@UBE_NAAUWeakPointer@IRefObject@core@5@@Z 10001da4 f i umodsys_lib_libui:umodsys.mod.ui.SDL_core.obj
 0001:00000da4       ?ref_weak@RMultiImage2D_SDL_ttf@SDL_core@ui@modules@UModSys@@UBE_NAAUWeakPointer@IRefObject@core@5@@Z 10001da4 f i umodsys_lib_libui:umodsys.mod.ui.SDL_core.obj
 0001:00000da4       ?ref_weak@RGenerator@SDL_core@ui@modules@UModSys@@UBE_NAAUWeakPointer@IRefObject@core@5@@Z 10001da4 f i umodsys_lib_libui:umodsys.mod.ui.SDL_core.obj
 0001:00000dc3       ?get_uid@RGenerator@test1@test@modules@UModSys@@UBEPBUSUniquePointerInfo@core@5@XZ 10001dc3 f i plugin_test1.obj
 0001:00000dc9       ?do_open@RModuleReg@test1@test@modules@UModSys@@UAE_NXZ 10001dc9 f i plugin_test1.obj
 0001:00000e27       ?do_close@RModuleReg@test1@test@modules@UModSys@@UAE_NXZ 10001e27 f i plugin_test1.obj
 0001:00000e76       ?get_module@RGenerator@test1@test@modules@UModSys@@UBEPAUIModule@base@5@XZ 10001e76 f   plugin_test1.obj
 0001:00000e7c       ?mod_inc@RGenerator@test1@test@modules@UModSys@@UBE_NXZ 10001e7c f   plugin_test1.obj
 0001:00000e87       ?mod_dec@RGenerator@test1@test@modules@UModSys@@UBE_NXZ 10001e87 f   plugin_test1.obj
 0001:00000e92       ?s_holder@RGenerator@test1@test@modules@UModSys@@SAAAU?$TTypeStaticHolder@URGenerator@test1@test@modules@UModSys@@@tl@5@XZ 10001e92 f   plugin_test1.obj
 0001:00000ec4       ??0?$TString@U?$TSCoreConst@D@su@tl@UModSys@@U?$TComparerBinaryHash@D@234@@tl@UModSys@@QAE@PBD@Z 10001ec4 f i plugin_test1.obj
 0001:00000ede       ??4?$TRefObject@UIRefObject@core@UModSys@@U?$TRefObjectFunc@UIRefObject@core@UModSys@@@tl@3@@tl@UModSys@@QAEABU012@PAUIRefObject@core@2@@Z 10001ede f i plugin_test1.obj
 0001:00000ef9       ??0?$TParametersA@$0EAA@@core@UModSys@@QAE@XZ 10001ef9 f i plugin_test1.obj
 0001:00000f28       ?set@?$TString@U?$TSCoreConst@D@su@tl@UModSys@@U?$TComparerBinaryHash@D@234@@tl@UModSys@@QAEXPBD@Z 10001f28 f i plugin_test1.obj
 0001:00000f51       ?update@?$TComparerBinaryHash@D@su@tl@UModSys@@QAEXPBDI@Z 10001f51 f i plugin_test1.obj
 0001:00000f7d       ??$t_generate@UITerminal@libui@UModSys@@@SModuleContext@base@UModSys@@QAE_NAAU?$TRefObject@UITerminal@libui@UModSys@@U?$TRefObjectFunc@UITerminal@libui@UModSys@@@tl@3@@tl@2@PBUSUniquePointerInfo@core@2@ABUSParameters@62@@Z 10001f7d f i plugin_test1.obj
 0001:00001019       ??$t_create_handler@UIRenderDriver@lib2d@UModSys@@@ITerminal@libui@UModSys@@QAE_NAAU?$TRefObject@UIRenderDriver@lib2d@UModSys@@U?$TRefObjectFunc@UIRenderDriver@lib2d@UModSys@@@tl@3@@tl@2@PBDPBUSParameters@core@2@@Z 10002019 f i plugin_test1.obj
 0001:0000109d       ??$t_create_handler@UIKeyboardController@libui@UModSys@@@ITerminal@libui@UModSys@@QAE_NAAU?$TRefObject@UIKeyboardController@libui@UModSys@@U?$TRefObjectFunc@UIKeyboardController@libui@UModSys@@@tl@3@@tl@2@PBDPBUSParameters@core@2@@Z 1000209d f i plugin_test1.obj
 0001:0000111f       ??$t_create_handler@UIMouseController@libui@UModSys@@@ITerminal@libui@UModSys@@QAE_NAAU?$TRefObject@UIMouseController@libui@UModSys@@U?$TRefObjectFunc@UIMouseController@libui@UModSys@@@tl@3@@tl@2@PBDPBUSParameters@core@2@@Z 1000211f f i plugin_test1.obj
 0001:000011a1       ??1?$TRefObject@UIModObject@base@UModSys@@U?$TModObjectFunc@UIModObject@base@UModSys@@@tl@3@@tl@UModSys@@QAE@XZ 100021a1 f i plugin_test1.obj
 0001:000011b7       ?s_init@?$TModObjectFunc@UIModObject@base@UModSys@@@tl@UModSys@@SAXAAPAUIModObject@base@3@PAU453@@Z 100021b7 f i plugin_test1.obj
 0001:000011d0       ?remove@WeakPointer@IRefObject@core@UModSys@@QAEXXZ 100021d0 f i umodsys_lib_libui:umodsys.mod.ui.SDL_core.obj
 0001:000011f6       ?utf_8to32@su@tl@UModSys@@YA_NAAHAAPBDAAI@Z 100021f6 f i umodsys_lib_libui:umodsys.mod.ui.SDL_core.obj
 0001:000012b5       ?get@SParameters@core@UModSys@@QBE_NPBDAAH@Z 100022b5 f i umodsys_lib_libui:umodsys.mod.ui.SDL_core.obj
 0001:000012d0       ?root_get_interface_info@RMultiImage2D_SDL_ttf@SDL_core@ui@modules@UModSys@@UBEABUSUniquePointerInfo@core@5@XZ 100022d0 f i umodsys_lib_libui:umodsys.mod.ui.SDL_core.obj
 0001:000012d6       ?root_get_interface_type@RMultiImage2D_SDL_ttf@SDL_core@ui@modules@UModSys@@UBEPBUSUniquePointerInfo@core@5@XZ 100022d6 f i umodsys_lib_libui:umodsys.mod.ui.SDL_core.obj
 0001:000012dc       ?root_get_other_interface@RMultiImage2D_SDL_ttf@SDL_core@ui@modules@UModSys@@UBEPBUIRoot@core@5@PBUSUniquePointerInfo@75@@Z 100022dc f i umodsys_lib_libui:umodsys.mod.ui.SDL_core.obj
 0001:000012dc       ?root_get_other_interface@RMultiImage2D_SDL_ttf@SDL_core@ui@modules@UModSys@@UAEPAUIRoot@core@5@PBUSUniquePointerInfo@75@@Z 100022dc f i umodsys_lib_libui:umodsys.mod.ui.SDL_core.obj
 0001:000012fd       ?root_is_interface_supported@RMultiImage2D_SDL_ttf@SDL_core@ui@modules@UModSys@@UBE_NPBUSUniquePointerInfo@core@5@@Z 100022fd f i umodsys_lib_libui:umodsys.mod.ui.SDL_core.obj
 0001:00001324       ?ref_add@RTerminal@SDL_core@ui@modules@UModSys@@UBEXXZ 10002324 f i umodsys_lib_libui:umodsys.mod.ui.SDL_core.obj
 0001:00001324       ?ref_add@RGenerator@test1@test@modules@UModSys@@UBEXXZ 10002324 f i plugin_test1.obj
 0001:00001324       ?ref_add@RMultiImage2D_SDL_ttf@SDL_core@ui@modules@UModSys@@UBEXXZ 10002324 f i umodsys_lib_libui:umodsys.mod.ui.SDL_core.obj
 0001:00001324       ?ref_add@RGenerator@images_std@media@modules@UModSys@@UBEXXZ 10002324 f i umodsys_lib_libmedia:umodsys.mod.media.images_std.obj
 0001:00001324       ?ref_add@RGenerator@SDL_core@ui@modules@UModSys@@UBEXXZ 10002324 f i umodsys_lib_libui:umodsys.mod.ui.SDL_core.obj
 0001:00001324       ?ref_add@RRenderDriver2D@SDL_core@ui@modules@UModSys@@UBEXXZ 10002324 f i umodsys_lib_libui:umodsys.mod.ui.SDL_core.obj
 0001:00001324       ?ref_add@RMouseController@SDL_core@ui@modules@UModSys@@UBEXXZ 10002324 f i umodsys_lib_libui:umodsys.mod.ui.SDL_core.obj
 0001:00001324       ?ref_add@RKeyboardController@SDL_core@ui@modules@UModSys@@UBEXXZ 10002324 f i umodsys_lib_libui:umodsys.mod.ui.SDL_core.obj
 0001:00001328       ?ref_remove@RMultiImage2D_SDL_ttf@SDL_core@ui@modules@UModSys@@UBEXXZ 10002328 f i umodsys_lib_libui:umodsys.mod.ui.SDL_core.obj
 0001:00001328       ?ref_remove@RGenerator@images_std@media@modules@UModSys@@UBEXXZ 10002328 f i umodsys_lib_libmedia:umodsys.mod.media.images_std.obj
 0001:00001328       ?ref_remove@RKeyboardController@SDL_core@ui@modules@UModSys@@UBEXXZ 10002328 f i umodsys_lib_libui:umodsys.mod.ui.SDL_core.obj
 0001:00001328       ?ref_remove@RRenderDriver2D@SDL_core@ui@modules@UModSys@@UBEXXZ 10002328 f i umodsys_lib_libui:umodsys.mod.ui.SDL_core.obj
 0001:00001328       ?ref_remove@RMouseController@SDL_core@ui@modules@UModSys@@UBEXXZ 10002328 f i umodsys_lib_libui:umodsys.mod.ui.SDL_core.obj
 0001:00001328       ?ref_remove@RGenerator@SDL_core@ui@modules@UModSys@@UBEXXZ 10002328 f i umodsys_lib_libui:umodsys.mod.ui.SDL_core.obj
 0001:00001328       ?ref_remove@RTerminal@SDL_core@ui@modules@UModSys@@UBEXXZ 10002328 f i umodsys_lib_libui:umodsys.mod.ui.SDL_core.obj
 0001:00001328       ?ref_remove@RGenerator@test1@test@modules@UModSys@@UBEXXZ 10002328 f i plugin_test1.obj
 0001:00001333       ?suicide@RKeyboardController@SDL_core@ui@modules@UModSys@@UAEXXZ 10002333 f i umodsys_lib_libui:umodsys.mod.ui.SDL_core.obj
 0001:00001333       ?suicide@RRenderDriver2D@SDL_core@ui@modules@UModSys@@UAEXXZ 10002333 f i umodsys_lib_libui:umodsys.mod.ui.SDL_core.obj
 0001:00001333       ?suicide@RMouseController@SDL_core@ui@modules@UModSys@@UAEXXZ 10002333 f i umodsys_lib_libui:umodsys.mod.ui.SDL_core.obj
 0001:00001333       ?suicide@RMultiImage2D_SDL_ttf@SDL_core@ui@modules@UModSys@@UAEXXZ 10002333 f i umodsys_lib_libui:umodsys.mod.ui.SDL_core.obj
 0001:00001373       ??0RMultiImage2D_SDL_ttf@SDL_core@ui@modules@UModSys@@QAE@PAURRenderDriver2D@1234@ABUSParameters@core@4@@Z 10002373 f i umodsys_lib_libui:umodsys.mod.ui.SDL_core.obj
 0001:000013d7       ?open@RMultiImage2D_SDL_ttf@SDL_core@ui@modules@UModSys@@QAE_NABUSParameters@core@5@@Z 100023d7 f i umodsys_lib_libui:umodsys.mod.ui.SDL_core.obj
 0001:00001475       ?generate_glyphs@RMultiImage2D_SDL_ttf@SDL_core@ui@modules@UModSys@@QAE_NXZ 10002475 f i umodsys_lib_libui:umodsys.mod.ui.SDL_core.obj
 0001:00001606       ?set_layer_count@RMultiImage2D_SDL_ttf@SDL_core@ui@modules@UModSys@@UAE_NH@Z 10002606 f i umodsys_lib_libui:umodsys.mod.ui.SDL_core.obj
 0001:00001606       ?get_max_cell_size@RMultiImage2D_SDL_ttf@SDL_core@ui@modules@UModSys@@UAE_NAAU?$TVector2@H@math3d@5@@Z 10002606 f i umodsys_lib_libui:umodsys.mod.ui.SDL_core.obj
 0001:00001606       ?mouse_setvisible@RMouseController@SDL_core@ui@modules@UModSys@@UAE_N_N@Z 10002606 f i umodsys_lib_libui:umodsys.mod.ui.SDL_core.obj
 0001:0000160b       ?mouse_setposition@RMouseController@SDL_core@ui@modules@UModSys@@UAE_NHH@Z 1000260b f i umodsys_lib_libui:umodsys.mod.ui.SDL_core.obj
 0001:0000160b       ?key_setrepeat@RKeyboardController@SDL_core@ui@modules@UModSys@@UAE_NMM@Z 1000260b f i umodsys_lib_libui:umodsys.mod.ui.SDL_core.obj
 0001:0000160b       ?filter_load@RMediaFilter@images_std@media@modules@UModSys@@UAE_NABUSInfo@IBinObjFilter@libmedia@5@AAU?$TRefObject@UIRefObject@core@UModSys@@U?$TRefObjectFunc@UIRefObject@core@UModSys@@@tl@3@@tl@5@@Z 1000260b f i umodsys_lib_libmedia:umodsys.mod.media.images_std.obj
 0001:0000160b       ?set_parameters@RRenderDriver2D@SDL_core@ui@modules@UModSys@@UAE_NPBDABUSParameters@core@5@@Z 1000260b f i umodsys_lib_libui:umodsys.mod.ui.SDL_core.obj
 0001:0000160b       ?set_hint@RMultiImage2D_SDL_ttf@SDL_core@ui@modules@UModSys@@UAE_NPBD0@Z 1000260b f i umodsys_lib_libui:umodsys.mod.ui.SDL_core.obj
 0001:0000160b       ?filter_save@RMediaFilter@images_std@media@modules@UModSys@@UAE_NAAUSInfo@IBinObjFilter@libmedia@5@PBUIRefObject@core@5@@Z 1000260b f i umodsys_lib_libmedia:umodsys.mod.media.images_std.obj
 0001:0000160b       ?set_fixed_cell@RMultiImage2D_SDL_ttf@SDL_core@ui@modules@UModSys@@UAE_NHH@Z 1000260b f i umodsys_lib_libui:umodsys.mod.ui.SDL_core.obj
 0001:00001610       ?key_setmodifier@RKeyboardController@SDL_core@ui@modules@UModSys@@UAE_NHHH@Z 10002610 f i umodsys_lib_libui:umodsys.mod.ui.SDL_core.obj
 0001:00001610       ?get_cell_size@RMultiImage2D_SDL_ttf@SDL_core@ui@modules@UModSys@@UAE_NHAAU?$TVector2@H@math3d@5@PAU675@@Z 10002610 f i umodsys_lib_libui:umodsys.mod.ui.SDL_core.obj
 0001:00001610       ?set_var_cell@RMultiImage2D_SDL_ttf@SDL_core@ui@modules@UModSys@@UAE_NPBUSImageCellInfo@lib2d@5@HH@Z 10002610 f i umodsys_lib_libui:umodsys.mod.ui.SDL_core.obj
 0001:00001615       ??_GRMultiImage2D_SDL_ttf@SDL_core@ui@modules@UModSys@@UAEPAXI@Z 10002615 f i umodsys_lib_libui:umodsys.mod.ui.SDL_core.obj
 0001:00001615       ??_ERMultiImage2D_SDL_ttf@SDL_core@ui@modules@UModSys@@UAEPAXI@Z 10002615 f i  CIL library: CIL module
 0001:0000167d       ?root_get_interface_info@RRenderDriver2D@SDL_core@ui@modules@UModSys@@UBEABUSUniquePointerInfo@core@5@XZ 1000267d f i umodsys_lib_libui:umodsys.mod.ui.SDL_core.obj
 0001:00001683       ?root_get_interface_type@RRenderDriver2D@SDL_core@ui@modules@UModSys@@UBEPBUSUniquePointerInfo@core@5@XZ 10002683 f i umodsys_lib_libui:umodsys.mod.ui.SDL_core.obj
 0001:00001689       ?root_get_other_interface@RRenderDriver2D@SDL_core@ui@modules@UModSys@@UBEPBUIRoot@core@5@PBUSUniquePointerInfo@75@@Z 10002689 f i umodsys_lib_libui:umodsys.mod.ui.SDL_core.obj
 0001:00001689       ?root_get_other_interface@RRenderDriver2D@SDL_core@ui@modules@UModSys@@UAEPAUIRoot@core@5@PBUSUniquePointerInfo@75@@Z 10002689 f i umodsys_lib_libui:umodsys.mod.ui.SDL_core.obj
 0001:000016aa       ?root_is_interface_supported@RRenderDriver2D@SDL_core@ui@modules@UModSys@@UBE_NPBUSUniquePointerInfo@core@5@@Z 100026aa f i umodsys_lib_libui:umodsys.mod.ui.SDL_core.obj
 0001:000016d1       ?ref_links@RMultiImage2D_SDL_ttf@SDL_core@ui@modules@UModSys@@UBEHXZ 100026d1 f i umodsys_lib_libui:umodsys.mod.ui.SDL_core.obj
 0001:000016d1       ?ref_links@RTerminal@SDL_core@ui@modules@UModSys@@UBEHXZ 100026d1 f i umodsys_lib_libui:umodsys.mod.ui.SDL_core.obj
 0001:000016d1       ?ref_links@RGenerator@SDL_core@ui@modules@UModSys@@UBEHXZ 100026d1 f i umodsys_lib_libui:umodsys.mod.ui.SDL_core.obj
 0001:000016d1       ?ref_links@RMouseController@SDL_core@ui@modules@UModSys@@UBEHXZ 100026d1 f i umodsys_lib_libui:umodsys.mod.ui.SDL_core.obj
 0001:000016d1       ?ref_links@RGenerator@test1@test@modules@UModSys@@UBEHXZ 100026d1 f i plugin_test1.obj
 0001:000016d1       ?ref_links@RRenderDriver2D@SDL_core@ui@modules@UModSys@@UBEHXZ 100026d1 f i umodsys_lib_libui:umodsys.mod.ui.SDL_core.obj
 0001:000016d1       ?ref_links@RKeyboardController@SDL_core@ui@modules@UModSys@@UBEHXZ 100026d1 f i umodsys_lib_libui:umodsys.mod.ui.SDL_core.obj
 0001:000016d1       ?ref_links@RGenerator@images_std@media@modules@UModSys@@UBEHXZ 100026d1 f i umodsys_lib_libmedia:umodsys.mod.media.images_std.obj
 0001:000016d5       ??0RRenderDriver2D@SDL_core@ui@modules@UModSys@@QAE@PAURTerminal@1234@ABUSParameters@core@4@@Z 100026d5 f i umodsys_lib_libui:umodsys.mod.ui.SDL_core.obj
 0001:0000175a       ?close@RRenderDriver2D@SDL_core@ui@modules@UModSys@@QAEXXZ 1000275a f i umodsys_lib_libui:umodsys.mod.ui.SDL_core.obj
 0001:0000177f       ?open@RRenderDriver2D@SDL_core@ui@modules@UModSys@@QAE_NABUSParameters@core@5@@Z 1000277f f i umodsys_lib_libui:umodsys.mod.ui.SDL_core.obj
 0001:00001861       ?set_color@RRenderDriver2D@SDL_core@ui@modules@UModSys@@QAEXXZ 10002861 f i umodsys_lib_libui:umodsys.mod.ui.SDL_core.obj
 0001:000018c4       ?get_layer@RMultiImage2D_SDL_ttf@SDL_core@ui@modules@UModSys@@UAEPAUIImage@lib2d@5@H@Z 100028c4 f i umodsys_lib_libui:umodsys.mod.ui.SDL_core.obj
 0001:000018c4       ?get_controller@RRenderDriver2D@SDL_core@ui@modules@UModSys@@UBEPAUIRefObject@core@5@PBUSUniquePointerInfo@75@@Z 100028c4 f i umodsys_lib_libui:umodsys.mod.ui.SDL_core.obj
 0001:000018c9       ?begin@RRenderDriver2D@SDL_core@ui@modules@UModSys@@UAEXXZ 100028c9 f i umodsys_lib_libui:umodsys.mod.ui.SDL_core.obj
 0001:00001926       ?end@RRenderDriver2D@SDL_core@ui@modules@UModSys@@UAEXXZ 10002926 f i umodsys_lib_libui:umodsys.mod.ui.SDL_core.obj
 0001:00001935       ?get_max_values@RRenderDriver2D@SDL_core@ui@modules@UModSys@@UBEPBUSParameters@core@5@XZ 10002935 f i umodsys_lib_libui:umodsys.mod.ui.SDL_core.obj
 0001:00001935       ?get_frame_values@RRenderDriver2D@SDL_core@ui@modules@UModSys@@UBEPBUSParameters@core@5@XZ 10002935 f i umodsys_lib_libui:umodsys.mod.ui.SDL_core.obj
 0001:00001938       ?setup_font@RRenderDriver2D@SDL_core@ui@modules@UModSys@@UAE_NPAUIMultiImage@lib2d@5@PBU?$TVector2@M@math3d@5@@Z 10002938 f i umodsys_lib_libui:umodsys.mod.ui.SDL_core.obj
 0001:00001987       ?setup_color@RRenderDriver2D@SDL_core@ui@modules@UModSys@@UAEXABU?$TVector3@M@math3d@5@@Z 10002987 f i umodsys_lib_libui:umodsys.mod.ui.SDL_core.obj
 0001:000019ae       ?setup_color@RRenderDriver2D@SDL_core@ui@modules@UModSys@@UAEXABU?$TVector3@H@math3d@5@@Z 100029ae f i umodsys_lib_libui:umodsys.mod.ui.SDL_core.obj
 0001:000019f1       ?setup_coloralpha@RRenderDriver2D@SDL_core@ui@modules@UModSys@@UAEXABU?$TVector4@M@math3d@5@H@Z 100029f1 f i umodsys_lib_libui:umodsys.mod.ui.SDL_core.obj
 0001:00001a17       ?setup_coloralpha@RRenderDriver2D@SDL_core@ui@modules@UModSys@@UAEXABU?$TVector4@H@math3d@5@H@Z 10002a17 f i umodsys_lib_libui:umodsys.mod.ui.SDL_core.obj
 0001:00001a6f       ?setup_blendcolor@RRenderDriver2D@SDL_core@ui@modules@UModSys@@UAEXABUSBlendColor@lib2d@5@@Z 10002a6f f i umodsys_lib_libui:umodsys.mod.ui.SDL_core.obj
 0001:00001ac7       ?setup_blendcolor@RRenderDriver2D@SDL_core@ui@modules@UModSys@@UAEXABUSBlendColorf@lib2d@5@@Z 10002ac7 f i umodsys_lib_libui:umodsys.mod.ui.SDL_core.obj
 0001:00001b09       ?setup_alpha@RRenderDriver2D@SDL_core@ui@modules@UModSys@@UAEXHH@Z 10002b09 f i umodsys_lib_libui:umodsys.mod.ui.SDL_core.obj
 0001:00001b2f       ?setup_alpha@RRenderDriver2D@SDL_core@ui@modules@UModSys@@UAEXMH@Z 10002b2f f i umodsys_lib_libui:umodsys.mod.ui.SDL_core.obj
 0001:00001b4f       ?render_text_advanced@RRenderDriver2D@SDL_core@ui@modules@UModSys@@UAE_NAAUTextInfo@IRenderDriver@lib2d@5@PBHH@Z 10002b4f f i umodsys_lib_libui:umodsys.mod.ui.SDL_core.obj
 0001:00001ca4       ?render_box@RRenderDriver2D@SDL_core@ui@modules@UModSys@@UAEXABU?$TVector2@H@math3d@5@0@Z 10002ca4 f i umodsys_lib_libui:umodsys.mod.ui.SDL_core.obj
 0001:00001cf1       ?render_tri@RRenderDriver2D@SDL_core@ui@modules@UModSys@@UAEXABU?$TVector2@H@math3d@5@00@Z 10002cf1 f i umodsys_lib_libui:umodsys.mod.ui.SDL_core.obj
 0001:00001d45       ?render_quad@RRenderDriver2D@SDL_core@ui@modules@UModSys@@UAEXABU?$TVector2@H@math3d@5@000@Z 10002d45 f i umodsys_lib_libui:umodsys.mod.ui.SDL_core.obj
 0001:00001da7       ?render_box@RRenderDriver2D@SDL_core@ui@modules@UModSys@@UAEXPAUIImage@lib2d@5@ABU?$TVector2@H@math3d@5@1ABU?$TVector2@M@95@2@Z 10002da7 f i umodsys_lib_libui:umodsys.mod.ui.SDL_core.obj
 0001:00001daa       ?render_line@RRenderDriver2D@SDL_core@ui@modules@UModSys@@UAEXABU?$TVector2@H@math3d@5@0@Z 10002daa f i umodsys_lib_libui:umodsys.mod.ui.SDL_core.obj
 0001:00001dcf       ?render_rect@RRenderDriver2D@SDL_core@ui@modules@UModSys@@UAEXABU?$TVector2@H@math3d@5@0@Z 10002dcf f i umodsys_lib_libui:umodsys.mod.ui.SDL_core.obj
 0001:00001e1c       ??_ERRenderDriver2D@SDL_core@ui@modules@UModSys@@UAEPAXI@Z 10002e1c f i  CIL library: CIL module
 0001:00001e1c       ??_GRRenderDriver2D@SDL_core@ui@modules@UModSys@@UAEPAXI@Z 10002e1c f i umodsys_lib_libui:umodsys.mod.ui.SDL_core.obj
 0001:00001e4c       ?root_get_interface_info@RMouseController@SDL_core@ui@modules@UModSys@@UBEABUSUniquePointerInfo@core@5@XZ 10002e4c f i umodsys_lib_libui:umodsys.mod.ui.SDL_core.obj
 0001:00001e52       ?root_get_interface_type@RMouseController@SDL_core@ui@modules@UModSys@@UBEPBUSUniquePointerInfo@core@5@XZ 10002e52 f i umodsys_lib_libui:umodsys.mod.ui.SDL_core.obj
 0001:00001e58       ?root_get_other_interface@RMouseController@SDL_core@ui@modules@UModSys@@UAEPAUIRoot@core@5@PBUSUniquePointerInfo@75@@Z 10002e58 f i umodsys_lib_libui:umodsys.mod.ui.SDL_core.obj
 0001:00001e58       ?root_get_other_interface@RMouseController@SDL_core@ui@modules@UModSys@@UBEPBUIRoot@core@5@PBUSUniquePointerInfo@75@@Z 10002e58 f i umodsys_lib_libui:umodsys.mod.ui.SDL_core.obj
 0001:00001e79       ?root_is_interface_supported@RMouseController@SDL_core@ui@modules@UModSys@@UBE_NPBUSUniquePointerInfo@core@5@@Z 10002e79 f i umodsys_lib_libui:umodsys.mod.ui.SDL_core.obj
 0001:00001ea0       ??0RMouseController@SDL_core@ui@modules@UModSys@@QAE@PAURTerminal@1234@ABUSParameters@core@4@@Z 10002ea0 f i umodsys_lib_libui:umodsys.mod.ui.SDL_core.obj
 0001:00001eee       ?process@RMouseController@SDL_core@ui@modules@UModSys@@QAE_NAAUSDL_MouseMotionEvent@@@Z 10002eee f i umodsys_lib_libui:umodsys.mod.ui.SDL_core.obj
 0001:00001fd5       ?process@RMouseController@SDL_core@ui@modules@UModSys@@QAE_NAAUSDL_MouseButtonEvent@@@Z 10002fd5 f i umodsys_lib_libui:umodsys.mod.ui.SDL_core.obj
 0001:0000209c       ?process@RMouseController@SDL_core@ui@modules@UModSys@@QAE_NAAUSDL_MouseWheelEvent@@@Z 1000309c f i umodsys_lib_libui:umodsys.mod.ui.SDL_core.obj
 0001:0000213d       ?mouse_unlink@RMouseController@SDL_core@ui@modules@UModSys@@UAE_NH@Z 1000313d f i umodsys_lib_libui:umodsys.mod.ui.SDL_core.obj
 0001:0000213d       ?key_unlink@RKeyboardController@SDL_core@ui@modules@UModSys@@UAE_NH@Z 1000313d f i umodsys_lib_libui:umodsys.mod.ui.SDL_core.obj
 0001:0000219c       ?mouse_link@RMouseController@SDL_core@ui@modules@UModSys@@UAE_NHPAUIRefObject@core@5@PAUIMouseClient@libui@5@H@Z 1000319c f i umodsys_lib_libui:umodsys.mod.ui.SDL_core.obj
 0001:000021db       ?key_reset@RKeyboardController@SDL_core@ui@modules@UModSys@@UAE_NXZ 100031db f i umodsys_lib_libui:umodsys.mod.ui.SDL_core.obj
 0001:000021db       ?mouse_reset@RMouseController@SDL_core@ui@modules@UModSys@@UAE_NXZ 100031db f i umodsys_lib_libui:umodsys.mod.ui.SDL_core.obj
 0001:000021de       ??_GRMouseController@SDL_core@ui@modules@UModSys@@UAEPAXI@Z 100031de f i umodsys_lib_libui:umodsys.mod.ui.SDL_core.obj
 0001:000021de       ??_ERMouseController@SDL_core@ui@modules@UModSys@@UAEPAXI@Z 100031de f i  CIL library: CIL module
 0001:00002234       ?root_get_interface_info@RKeyboardController@SDL_core@ui@modules@UModSys@@UBEABUSUniquePointerInfo@core@5@XZ 10003234 f i umodsys_lib_libui:umodsys.mod.ui.SDL_core.obj
 0001:0000223a       ?root_get_interface_type@RKeyboardController@SDL_core@ui@modules@UModSys@@UBEPBUSUniquePointerInfo@core@5@XZ 1000323a f i umodsys_lib_libui:umodsys.mod.ui.SDL_core.obj
 0001:00002240       ?root_get_other_interface@RKeyboardController@SDL_core@ui@modules@UModSys@@UBEPBUIRoot@core@5@PBUSUniquePointerInfo@75@@Z 10003240 f i umodsys_lib_libui:umodsys.mod.ui.SDL_core.obj
 0001:00002240       ?root_get_other_interface@RKeyboardController@SDL_core@ui@modules@UModSys@@UAEPAUIRoot@core@5@PBUSUniquePointerInfo@75@@Z 10003240 f i umodsys_lib_libui:umodsys.mod.ui.SDL_core.obj
 0001:00002261       ?root_is_interface_supported@RKeyboardController@SDL_core@ui@modules@UModSys@@UBE_NPBUSUniquePointerInfo@core@5@@Z 10003261 f i umodsys_lib_libui:umodsys.mod.ui.SDL_core.obj
 0001:00002288       ??0RKeyboardController@SDL_core@ui@modules@UModSys@@QAE@PAURTerminal@1234@ABUSParameters@core@4@@Z 10003288 f i umodsys_lib_libui:umodsys.mod.ui.SDL_core.obj
 0001:000022d6       ?process@RKeyboardController@SDL_core@ui@modules@UModSys@@QAE_NAAUSDL_KeyboardEvent@@@Z 100032d6 f i umodsys_lib_libui:umodsys.mod.ui.SDL_core.obj
 0001:0000236a       ?process@RKeyboardController@SDL_core@ui@modules@UModSys@@QAE_NAAUSDL_TextInputEvent@@@Z 1000336a f i umodsys_lib_libui:umodsys.mod.ui.SDL_core.obj
 0001:0000240f       ?map_keycode@RKeyboardController@SDL_core@ui@modules@UModSys@@QAE?AW4eKeyCode@libui@5@H@Z 1000340f f i umodsys_lib_libui:umodsys.mod.ui.SDL_core.obj
 0001:0000288a       ?map_keystatus@RKeyboardController@SDL_core@ui@modules@UModSys@@QAEFG@Z 1000388a f i umodsys_lib_libui:umodsys.mod.ui.SDL_core.obj
 0001:000028fd       ?key_link@RKeyboardController@SDL_core@ui@modules@UModSys@@UAE_NHPAUIRefObject@core@5@PAUIKeyboardClient@libui@5@@Z 100038fd f i umodsys_lib_libui:umodsys.mod.ui.SDL_core.obj
 0001:00002935       ??_ERKeyboardController@SDL_core@ui@modules@UModSys@@UAEPAXI@Z 10003935 f i  CIL library: CIL module
 0001:00002935       ??_GRKeyboardController@SDL_core@ui@modules@UModSys@@UAEPAXI@Z 10003935 f i umodsys_lib_libui:umodsys.mod.ui.SDL_core.obj
 0001:0000298b       ?root_get_interface_info@RTerminal@SDL_core@ui@modules@UModSys@@UBEABUSUniquePointerInfo@core@5@XZ 1000398b f i umodsys_lib_libui:umodsys.mod.ui.SDL_core.obj
 0001:00002991       ?root_get_interface_type@RTerminal@SDL_core@ui@modules@UModSys@@UBEPBUSUniquePointerInfo@core@5@XZ 10003991 f i umodsys_lib_libui:umodsys.mod.ui.SDL_core.obj
 0001:00002997       ?root_get_other_interface@RTerminal@SDL_core@ui@modules@UModSys@@UBEPBUIRoot@core@5@PBUSUniquePointerInfo@75@@Z 10003997 f i umodsys_lib_libui:umodsys.mod.ui.SDL_core.obj
 0001:00002997       ?root_get_other_interface@RTerminal@SDL_core@ui@modules@UModSys@@UAEPAUIRoot@core@5@PBUSUniquePointerInfo@75@@Z 10003997 f i umodsys_lib_libui:umodsys.mod.ui.SDL_core.obj
 0001:000029b8       ?root_is_interface_supported@RTerminal@SDL_core@ui@modules@UModSys@@UBE_NPBUSUniquePointerInfo@core@5@@Z 100039b8 f i umodsys_lib_libui:umodsys.mod.ui.SDL_core.obj
 0001:000029df       ?suicide@RTerminal@SDL_core@ui@modules@UModSys@@UAEXXZ 100039df f i umodsys_lib_libui:umodsys.mod.ui.SDL_core.obj
 0001:00002a26       ??0RTerminal@SDL_core@ui@modules@UModSys@@QAE@PAUIModObject@base@4@ABUSParameters@core@4@@Z 10003a26 f i umodsys_lib_libui:umodsys.mod.ui.SDL_core.obj
 0001:00002a99       ?poll_events@RTerminal@SDL_core@ui@modules@UModSys@@UAE_NH@Z 10003a99 f i umodsys_lib_libui:umodsys.mod.ui.SDL_core.obj
 0001:00002bbd       ?get_terminal_state@RTerminal@SDL_core@ui@modules@UModSys@@UAE_NW4eTerminalState@libui@5@@Z 10003bbd f i umodsys_lib_libui:umodsys.mod.ui.SDL_core.obj
 0001:00002bd6       ?set_terminal_state@RTerminal@SDL_core@ui@modules@UModSys@@UAE_NW4eTerminalState@libui@5@_N@Z 10003bd6 f i umodsys_lib_libui:umodsys.mod.ui.SDL_core.obj
 0001:00002c30       ?get_clock@RTerminal@SDL_core@ui@modules@UModSys@@UAENXZ 10003c30 f i umodsys_lib_libui:umodsys.mod.ui.SDL_core.obj
 0001:00002c48       ?wait@RTerminal@SDL_core@ui@modules@UModSys@@UAE_NM@Z 10003c48 f i umodsys_lib_libui:umodsys.mod.ui.SDL_core.obj
 0001:00002c63       ?get_count@RTerminal@SDL_core@ui@modules@UModSys@@UBEIPBUSUniquePointerInfo@core@5@@Z 10003c63 f i umodsys_lib_libui:umodsys.mod.ui.SDL_core.obj
 0001:00002c96       ?get_handler@RTerminal@SDL_core@ui@modules@UModSys@@UBEPAUIRefObject@core@5@PBUSUniquePointerInfo@75@I@Z 10003c96 f i umodsys_lib_libui:umodsys.mod.ui.SDL_core.obj
 0001:00002cde       ?get_handler@RTerminal@SDL_core@ui@modules@UModSys@@UBEPAUIRefObject@core@5@PBUSUniquePointerInfo@75@PBD@Z 10003cde f i umodsys_lib_libui:umodsys.mod.ui.SDL_core.obj
 0001:00002ce7       ?get_friend_handler@RTerminal@SDL_core@ui@modules@UModSys@@UBEPAUIRefObject@core@5@PBUSUniquePointerInfo@75@PAU675@@Z 10003ce7 f i umodsys_lib_libui:umodsys.mod.ui.SDL_core.obj
 0001:00002cec       ?create_handler@RTerminal@SDL_core@ui@modules@UModSys@@UAE_NPBUSUniquePointerInfo@core@5@AAU?$TRefObject@UIRefObject@core@UModSys@@U?$TRefObjectFunc@UIRefObject@core@UModSys@@@tl@3@@tl@5@PBDPBUSParameters@75@@Z 10003cec f i umodsys_lib_libui:umodsys.mod.ui.SDL_core.obj
 0001:00002f1e       ??_GRTerminal@SDL_core@ui@modules@UModSys@@UAEPAXI@Z 10003f1e f i umodsys_lib_libui:umodsys.mod.ui.SDL_core.obj
 0001:00002f1e       ??_ERTerminal@SDL_core@ui@modules@UModSys@@UAEPAXI@Z 10003f1e f i  CIL library: CIL module
 0001:00002f8e       ?get_terminal@RRenderDriver2D@SDL_core@ui@modules@UModSys@@UBEPAUITerminal@libui@5@XZ 10003f8e f   umodsys_lib_libui:umodsys.mod.ui.SDL_core.obj
 0001:00002f92       ?new_font@RRenderDriver2D@SDL_core@ui@modules@UModSys@@UAE?AU?$TRefObject@UIMultiImage@lib2d@UModSys@@U?$TRefObjectFunc@UIMultiImage@lib2d@UModSys@@@tl@3@@tl@5@ABUSParameters@core@5@ABU?$TString@U?$TSCoreConst@D@su@tl@UModSys@@U?$TComparerBinaryHash@D@234@@75@@Z 10003f92 f   umodsys_lib_libui:umodsys.mod.ui.SDL_core.obj
 0001:00003068       ?new_picture@RRenderDriver2D@SDL_core@ui@modules@UModSys@@UAE?AU?$TRefObject@UIImage@lib2d@UModSys@@U?$TRefObjectFunc@UIImage@lib2d@UModSys@@@tl@3@@tl@5@ABUSParameters@core@5@ABU?$TString@U?$TSCoreConst@D@su@tl@UModSys@@U?$TComparerBinaryHash@D@234@@75@@Z 10004068 f   umodsys_lib_libui:umodsys.mod.ui.SDL_core.obj
 0001:0000307a       ?get_generated_names@RGenerator@SDL_core@ui@modules@UModSys@@UBEHAAUSUniquePtrList@core@5@@Z 1000407a f i umodsys_lib_libui:umodsys.mod.ui.SDL_core.obj
 0001:00003093       ?get_generated_types@RGenerator@SDL_core@ui@modules@UModSys@@UBEHAAUSUniquePtrList@core@5@PBUSUniquePointerInfo@75@@Z 10004093 f i umodsys_lib_libui:umodsys.mod.ui.SDL_core.obj
 0001:000030c5       ?generate@RGenerator@SDL_core@ui@modules@UModSys@@UAE_NAAU?$TRefObject@UIRefObject@core@UModSys@@U?$TRefObjectFunc@UIRefObject@core@UModSys@@@tl@3@@tl@5@PBUSUniquePointerInfo@core@5@ABUSParameters@95@@Z 100040c5 f i umodsys_lib_libui:umodsys.mod.ui.SDL_core.obj
 0001:000030e6       ?root_get_interface_info@RGenerator@SDL_core@ui@modules@UModSys@@UBEABUSUniquePointerInfo@core@5@XZ 100040e6 f i umodsys_lib_libui:umodsys.mod.ui.SDL_core.obj
 0001:000030ec       ?root_get_interface_type@RGenerator@SDL_core@ui@modules@UModSys@@UBEPBUSUniquePointerInfo@core@5@XZ 100040ec f i umodsys_lib_libui:umodsys.mod.ui.SDL_core.obj
 0001:000030f2       ?root_get_other_interface@RGenerator@SDL_core@ui@modules@UModSys@@UAEPAUIRoot@core@5@PBUSUniquePointerInfo@75@@Z 100040f2 f i umodsys_lib_libui:umodsys.mod.ui.SDL_core.obj
 0001:000030f2       ?root_get_other_interface@RGenerator@SDL_core@ui@modules@UModSys@@UBEPBUIRoot@core@5@PBUSUniquePointerInfo@75@@Z 100040f2 f i umodsys_lib_libui:umodsys.mod.ui.SDL_core.obj
 0001:0000310b       ?root_is_interface_supported@RGenerator@SDL_core@ui@modules@UModSys@@UBE_NPBUSUniquePointerInfo@core@5@@Z 1000410b f i umodsys_lib_libui:umodsys.mod.ui.SDL_core.obj
 0001:0000312a       ?get_uid@RGenerator@SDL_core@ui@modules@UModSys@@UBEPBUSUniquePointerInfo@core@5@XZ 1000412a f i umodsys_lib_libui:umodsys.mod.ui.SDL_core.obj
 0001:00003130       ?do_open@RModuleReg@SDL_core@ui@modules@UModSys@@UAE_NXZ 10004130 f i umodsys_lib_libui:umodsys.mod.ui.SDL_core.obj
 0001:0000317e       ?do_close@RModuleReg@SDL_core@ui@modules@UModSys@@UAE_NXZ 1000417e f i umodsys_lib_libui:umodsys.mod.ui.SDL_core.obj
 0001:000031b9       ?get_module@RGenerator@SDL_core@ui@modules@UModSys@@UBEPAUIModule@base@5@XZ 100041b9 f   umodsys_lib_libui:umodsys.mod.ui.SDL_core.obj
 0001:000031bf       ?mod_inc@RGenerator@SDL_core@ui@modules@UModSys@@UBE_NXZ 100041bf f   umodsys_lib_libui:umodsys.mod.ui.SDL_core.obj
 0001:000031ca       ?mod_dec@RGenerator@SDL_core@ui@modules@UModSys@@UBE_NXZ 100041ca f   umodsys_lib_libui:umodsys.mod.ui.SDL_core.obj
 0001:000031d5       ?s_holder@RGenerator@SDL_core@ui@modules@UModSys@@SAAAU?$TTypeStaticHolder@URGenerator@SDL_core@ui@modules@UModSys@@@tl@5@XZ 100041d5 f   umodsys_lib_libui:umodsys.mod.ui.SDL_core.obj
 0001:00003207       ??1?$TScatterArray@UGlyph@RMultiImage2D_SDL_ttf@SDL_core@ui@modules@UModSys@@HU?$TScalarCompare@H@core@6@U?$TNodeDeleter0@U?$TScatterArrayNode@UGlyph@RMultiImage2D_SDL_ttf@SDL_core@ui@modules@UModSys@@H@tl@UModSys@@@tl@6@@tl@UModSys@@QAE@XZ 10004207 f i umodsys_lib_libui:umodsys.mod.ui.SDL_core.obj
 0001:0000321d       ??1?$TRefObject@URRenderDriver2D@SDL_core@ui@modules@UModSys@@U?$TRefObjectWeakFunc@URRenderDriver2D@SDL_core@ui@modules@UModSys@@@tl@5@@tl@UModSys@@QAE@XZ 1000421d f i umodsys_lib_libui:umodsys.mod.ui.SDL_core.obj
 0001:0000321d       ??1?$TRefObject@URMultiImage2D_SDL_ttf@SDL_core@ui@modules@UModSys@@U?$TRefObjectWeakFunc@URMultiImage2D_SDL_ttf@SDL_core@ui@modules@UModSys@@@tl@5@@tl@UModSys@@QAE@XZ 1000421d f i umodsys_lib_libui:umodsys.mod.ui.SDL_core.obj
 0001:00003222       ??F?$TTreeIterRB@$$CBU?$TScatterArrayNode@U?$TRefObjectComposite@UIKeyboardClient@libui@UModSys@@UIRefObject@core@3@U?$TRefObjectFunc@UIRefObject@core@UModSys@@@tl@3@@tl@UModSys@@H@tl@UModSys@@$$CBU?$TPair@HU?$TRefObjectComposite@UIKeyboardClient@libui@UModSys@@UIRefObject@core@3@U?$TRefObjectFunc@UIRefObject@core@UModSys@@@tl@3@@tl@UModSys@@@23@@tl@UModSys@@QAE?AU012@XZ 10004222 f i umodsys_lib_libui:umodsys.mod.ui.SDL_core.obj
 0001:00003222       ??F?$TTreeIterRB@$$CBU?$TScatterArrayNode@U?$TRefObjectCompositeExtra@UIMouseClient@libui@UModSys@@HUIRefObject@core@3@U?$TRefObjectFunc@UIRefObject@core@UModSys@@@tl@3@@tl@UModSys@@H@tl@UModSys@@$$CBU?$TPair@HU?$TRefObjectCompositeExtra@UIMouseClient@libui@UModSys@@HUIRefObject@core@3@U?$TRefObjectFunc@UIRefObject@core@UModSys@@@tl@3@@tl@UModSys@@@23@@tl@UModSys@@QAE?AU012@XZ 10004222 f i umodsys_lib_libui:umodsys.mod.ui.SDL_core.obj
 0001:0000324c       ??1?$TRefObject@UITerminal@libui@UModSys@@U?$TRefObjectFunc@UITerminal@libui@UModSys@@@tl@3@@tl@UModSys@@QAE@XZ 1000424c f i plugin_test1.obj
 0001:0000324c       ??1?$TRefObject@UIMultiImage@lib2d@UModSys@@U?$TRefObjectFunc@UIMultiImage@lib2d@UModSys@@@tl@3@@tl@UModSys@@QAE@XZ 1000424c f i plugin_test1.obj
 0001:0000324c       ??1?$TRefObject@URMultiImage2D_SDL_ttf@SDL_core@ui@modules@UModSys@@U?$TRefObjectFunc@URMultiImage2D_SDL_ttf@SDL_core@ui@modules@UModSys@@@tl@5@@tl@UModSys@@QAE@XZ 1000424c f i umodsys_lib_libui:umodsys.mod.ui.SDL_core.obj
 0001:0000324c       ??1?$TRefObject@UIRefObject@core@UModSys@@U?$TRefObjectFunc@UIRefObject@core@UModSys@@@tl@3@@tl@UModSys@@QAE@XZ 1000424c f i plugin_test1.obj
 0001:0000324c       ??1?$TRefObject@URRenderDriver2D@SDL_core@ui@modules@UModSys@@U?$TRefObjectFunc@URRenderDriver2D@SDL_core@ui@modules@UModSys@@@tl@5@@tl@UModSys@@QAE@XZ 1000424c f i umodsys_lib_libui:umodsys.mod.ui.SDL_core.obj
 0001:0000324c       ??1?$TRefObject@URTerminal@SDL_core@ui@modules@UModSys@@U?$TRefObjectFunc@URTerminal@SDL_core@ui@modules@UModSys@@@tl@5@@tl@UModSys@@QAE@XZ 1000424c f i umodsys_lib_libui:umodsys.mod.ui.SDL_core.obj
 0001:0000324c       ??1?$TRefObject@UIMouseController@libui@UModSys@@U?$TRefObjectFunc@UIMouseController@libui@UModSys@@@tl@3@@tl@UModSys@@QAE@XZ 1000424c f i plugin_test1.obj
 0001:0000324c       ??1?$TRefObject@UIKeyboardController@libui@UModSys@@U?$TRefObjectFunc@UIKeyboardController@libui@UModSys@@@tl@3@@tl@UModSys@@QAE@XZ 1000424c f i plugin_test1.obj
 0001:0000324c       ??1?$TRefObject@URKeyboardController@SDL_core@ui@modules@UModSys@@U?$TRefObjectFunc@URKeyboardController@SDL_core@ui@modules@UModSys@@@tl@5@@tl@UModSys@@QAE@XZ 1000424c f i umodsys_lib_libui:umodsys.mod.ui.SDL_core.obj
 0001:0000324c       ??1?$TRefObject@URMediaFilter@images_std@media@modules@UModSys@@U?$TRefObjectFunc@URMediaFilter@images_std@media@modules@UModSys@@@tl@5@@tl@UModSys@@QAE@XZ 1000424c f i umodsys_lib_libmedia:umodsys.mod.media.images_std.obj
 0001:0000324c       ??1?$TRefObject@UIRenderDriver@lib2d@UModSys@@U?$TRefObjectFunc@UIRenderDriver@lib2d@UModSys@@@tl@3@@tl@UModSys@@QAE@XZ 1000424c f i plugin_test1.obj
 0001:0000324c       ??1?$TRefObject@URMouseController@SDL_core@ui@modules@UModSys@@U?$TRefObjectFunc@URMouseController@SDL_core@ui@modules@UModSys@@@tl@5@@tl@UModSys@@QAE@XZ 1000424c f i umodsys_lib_libui:umodsys.mod.ui.SDL_core.obj
 0001:0000325b       ?remove_node@?$TTreeHoldRB@U?$TScatterArrayNode@U?$TRefObjectComposite@UIKeyboardClient@libui@UModSys@@UIRefObject@core@3@U?$TRefObjectFunc@UIRefObject@core@UModSys@@@tl@3@@tl@UModSys@@H@tl@UModSys@@@tl@UModSys@@QAEXPAU?$TScatterArrayNode@U?$TRefObjectComposite@UIKeyboardClient@libui@UModSys@@UIRefObject@core@3@U?$TRefObjectFunc@UIRefObject@core@UModSys@@@tl@3@@tl@UModSys@@H@23@@Z 1000425b f i umodsys_lib_libui:umodsys.mod.ui.SDL_core.obj
 0001:0000325b       ?remove_node@?$TTreeHoldRB@U?$TScatterArrayNode@U?$TRefObjectCompositeExtra@UIMouseClient@libui@UModSys@@HUIRefObject@core@3@U?$TRefObjectFunc@UIRefObject@core@UModSys@@@tl@3@@tl@UModSys@@H@tl@UModSys@@@tl@UModSys@@QAEXPAU?$TScatterArrayNode@U?$TRefObjectCompositeExtra@UIMouseClient@libui@UModSys@@HUIRefObject@core@3@U?$TRefObjectFunc@UIRefObject@core@UModSys@@@tl@3@@tl@UModSys@@H@23@@Z 1000425b f i umodsys_lib_libui:umodsys.mod.ui.SDL_core.obj
 0001:00003338       ??1?$TPair@HU?$TRefObjectComposite@UIKeyboardClient@libui@UModSys@@UIRefObject@core@3@U?$TRefObjectFunc@UIRefObject@core@UModSys@@@tl@3@@tl@UModSys@@@tl@UModSys@@QAE@XZ 10004338 f i umodsys_lib_libui:umodsys.mod.ui.SDL_core.obj
 0001:00003338       ??1?$TPair@HU?$TRefObjectCompositeExtra@UIMouseClient@libui@UModSys@@HUIRefObject@core@3@U?$TRefObjectFunc@UIRefObject@core@UModSys@@@tl@3@@tl@UModSys@@@tl@UModSys@@QAE@XZ 10004338 f i umodsys_lib_libui:umodsys.mod.ui.SDL_core.obj
 0001:00003342       ??1?$TRefObjectCompositeExtra@UIMouseClient@libui@UModSys@@HUIRefObject@core@3@U?$TRefObjectFunc@UIRefObject@core@UModSys@@@tl@3@@tl@UModSys@@QAE@XZ 10004342 f i umodsys_lib_libui:umodsys.mod.ui.SDL_core.obj
 0001:00003342       ??1?$TRefObjectComposite@UIKeyboardClient@libui@UModSys@@UIRefObject@core@3@U?$TRefObjectFunc@UIRefObject@core@UModSys@@@tl@3@@tl@UModSys@@QAE@XZ 10004342 f i umodsys_lib_libui:umodsys.mod.ui.SDL_core.obj
 0001:00003387       ?remove_color@?$TTreeHoldRB@U?$TScatterArrayNode@U?$TRefObjectCompositeExtra@UIMouseClient@libui@UModSys@@HUIRefObject@core@3@U?$TRefObjectFunc@UIRefObject@core@UModSys@@@tl@3@@tl@UModSys@@H@tl@UModSys@@@tl@UModSys@@IAEXPAU?$TScatterArrayNode@U?$TRefObjectCompositeExtra@UIMouseClient@libui@UModSys@@HUIRefObject@core@3@U?$TRefObjectFunc@UIRefObject@core@UModSys@@@tl@3@@tl@UModSys@@H@23@0@Z 10004387 f i umodsys_lib_libui:umodsys.mod.ui.SDL_core.obj
 0001:00003387       ?remove_color@?$TTreeHoldRB@U?$TScatterArrayNode@U?$TRefObjectComposite@UIKeyboardClient@libui@UModSys@@UIRefObject@core@3@U?$TRefObjectFunc@UIRefObject@core@UModSys@@@tl@3@@tl@UModSys@@H@tl@UModSys@@@tl@UModSys@@IAEXPAU?$TScatterArrayNode@U?$TRefObjectComposite@UIKeyboardClient@libui@UModSys@@UIRefObject@core@3@U?$TRefObjectFunc@UIRefObject@core@UModSys@@@tl@3@@tl@UModSys@@H@23@0@Z 10004387 f i umodsys_lib_libui:umodsys.mod.ui.SDL_core.obj
 0001:00003489       ??$t_close@U?$TRefObject@URRenderDriver2D@SDL_core@ui@modules@UModSys@@U?$TRefObjectWeakFunc@URRenderDriver2D@SDL_core@ui@modules@UModSys@@@tl@5@@tl@UModSys@@@SDL_core@ui@modules@UModSys@@YA_NAAU?$TScatterArray@U?$TRefObject@URRenderDriver2D@SDL_core@ui@modules@UModSys@@U?$TRefObjectWeakFunc@URRenderDriver2D@SDL_core@ui@modules@UModSys@@@tl@5@@tl@UModSys@@HU?$TScalarCompare@H@core@3@U?$TNodeDeleter0@U?$TScatterArrayNode@U?$TRefObject@URRenderDriver2D@SDL_core@ui@modules@UModSys@@U?$TRefObjectWeakFunc@URRenderDriver2D@SDL_core@ui@modules@UModSys@@@tl@5@@tl@UModSys@@H@tl@UModSys@@@23@@tl@3@@Z 10004489 f i umodsys_lib_libui:umodsys.mod.ui.SDL_core.obj
 0001:000034e2       ??$t_count@U?$TRefObject@URRenderDriver2D@SDL_core@ui@modules@UModSys@@U?$TRefObjectWeakFunc@URRenderDriver2D@SDL_core@ui@modules@UModSys@@@tl@5@@tl@UModSys@@@SDL_core@ui@modules@UModSys@@YAIABU?$TScatterArray@U?$TRefObject@URRenderDriver2D@SDL_core@ui@modules@UModSys@@U?$TRefObjectWeakFunc@URRenderDriver2D@SDL_core@ui@modules@UModSys@@@tl@5@@tl@UModSys@@HU?$TScalarCompare@H@core@3@U?$TNodeDeleter0@U?$TScatterArrayNode@U?$TRefObject@URRenderDriver2D@SDL_core@ui@modules@UModSys@@U?$TRefObjectWeakFunc@URRenderDriver2D@SDL_core@ui@modules@UModSys@@@tl@5@@tl@UModSys@@H@tl@UModSys@@@23@@tl@3@@Z 100044e2 f i umodsys_lib_libui:umodsys.mod.ui.SDL_core.obj
 0001:0000352d       ??$t_get@U?$TRefObject@URRenderDriver2D@SDL_core@ui@modules@UModSys@@U?$TRefObjectWeakFunc@URRenderDriver2D@SDL_core@ui@modules@UModSys@@@tl@5@@tl@UModSys@@@SDL_core@ui@modules@UModSys@@YAPAUIRefObject@core@3@ABU?$TScatterArray@U?$TRefObject@URRenderDriver2D@SDL_core@ui@modules@UModSys@@U?$TRefObjectWeakFunc@URRenderDriver2D@SDL_core@ui@modules@UModSys@@@tl@5@@tl@UModSys@@HU?$TScalarCompare@H@core@3@U?$TNodeDeleter0@U?$TScatterArrayNode@U?$TRefObject@URRenderDriver2D@SDL_core@ui@modules@UModSys@@U?$TRefObjectWeakFunc@URRenderDriver2D@SDL_core@ui@modules@UModSys@@@tl@5@@tl@UModSys@@H@tl@UModSys@@@23@@tl@3@I@Z 1000452d f i umodsys_lib_libui:umodsys.mod.ui.SDL_core.obj
 0001:0000358c       ??$ValidateConstruction@UIRefObject@core@UModSys@@URRenderDriver2D@SDL_core@ui@modules@3@@core@UModSys@@YA_NAAU?$TRefObject@UIRefObject@core@UModSys@@U?$TRefObjectFunc@UIRefObject@core@UModSys@@@tl@3@@tl@1@U?$TRefObject@URRenderDriver2D@SDL_core@ui@modules@UModSys@@U?$TRefObjectFunc@URRenderDriver2D@SDL_core@ui@modules@UModSys@@@tl@5@@31@@Z 1000458c f i umodsys_lib_libui:umodsys.mod.ui.SDL_core.obj
 0001:000035e3       ??$t_add@U?$TRefObject@URRenderDriver2D@SDL_core@ui@modules@UModSys@@U?$TRefObjectWeakFunc@URRenderDriver2D@SDL_core@ui@modules@UModSys@@@tl@5@@tl@UModSys@@URRenderDriver2D@SDL_core@ui@modules@3@@SDL_core@ui@modules@UModSys@@YA_NAAU?$TScatterArray@U?$TRefObject@URRenderDriver2D@SDL_core@ui@modules@UModSys@@U?$TRefObjectWeakFunc@URRenderDriver2D@SDL_core@ui@modules@UModSys@@@tl@5@@tl@UModSys@@HU?$TScalarCompare@H@core@3@U?$TNodeDeleter0@U?$TScatterArrayNode@U?$TRefObject@URRenderDriver2D@SDL_core@ui@modules@UModSys@@U?$TRefObjectWeakFunc@URRenderDriver2D@SDL_core@ui@modules@UModSys@@@tl@5@@tl@UModSys@@H@tl@UModSys@@@23@@tl@3@PAURRenderDriver2D@0123@@Z 100045e3 f i umodsys_lib_libui:umodsys.mod.ui.SDL_core.obj
 0001:00003642       ??$ValidateConstruction@UIRefObject@core@UModSys@@URMouseController@SDL_core@ui@modules@3@@core@UModSys@@YA_NAAU?$TRefObject@UIRefObject@core@UModSys@@U?$TRefObjectFunc@UIRefObject@core@UModSys@@@tl@3@@tl@1@U?$TRefObject@URMouseController@SDL_core@ui@modules@UModSys@@U?$TRefObjectFunc@URMouseController@SDL_core@ui@modules@UModSys@@@tl@5@@31@@Z 10004642 f i umodsys_lib_libui:umodsys.mod.ui.SDL_core.obj
 0001:00003642       ??$ValidateConstruction@UIRefObject@core@UModSys@@URKeyboardController@SDL_core@ui@modules@3@@core@UModSys@@YA_NAAU?$TRefObject@UIRefObject@core@UModSys@@U?$TRefObjectFunc@UIRefObject@core@UModSys@@@tl@3@@tl@1@U?$TRefObject@URKeyboardController@SDL_core@ui@modules@UModSys@@U?$TRefObjectFunc@URKeyboardController@SDL_core@ui@modules@UModSys@@@tl@5@@31@@Z 10004642 f i umodsys_lib_libui:umodsys.mod.ui.SDL_core.obj
 0001:00003680       ??$t_gen_param@URTerminal@SDL_core@ui@modules@UModSys@@URGenerator@2345@@IGenerator@base@UModSys@@IAE_NPAURGenerator@SDL_core@ui@modules@2@AAU?$TRefObject@UIRefObject@core@UModSys@@U?$TRefObjectFunc@UIRefObject@core@UModSys@@@tl@3@@tl@2@PBUSUniquePointerInfo@core@2@ABUSParameters@core@2@@Z 10004680 f i umodsys_lib_libui:umodsys.mod.ui.SDL_core.obj
 0001:00003712       ??$genx_node@UCmp@?$TScatterArray@U?$TRefObjectCompositeExtra@UIMouseClient@libui@UModSys@@HUIRefObject@core@3@U?$TRefObjectFunc@UIRefObject@core@UModSys@@@tl@3@@tl@UModSys@@HU?$TScalarCompare@H@core@3@U?$TNodeDeleter0@U?$TScatterArrayNode@U?$TRefObjectCompositeExtra@UIMouseClient@libui@UModSys@@HUIRefObject@core@3@U?$TRefObjectFunc@UIRefObject@core@UModSys@@@tl@3@@tl@UModSys@@H@tl@UModSys@@@23@@tl@UModSys@@UGen0@234@@?$TTreeHoldRBD@U?$TScatterArrayNode@U?$TRefObjectCompositeExtra@UIMouseClient@libui@UModSys@@HUIRefObject@core@3@U?$TRefObjectFunc@UIRefObject@core@UModSys@@@tl@3@@tl@UModSys@@H@tl@UModSys@@U?$TNodeDeleter0@U?$TScatterArrayNode@U?$TRefObjectCompositeExtra@UIMouseClient@libui@UModSys@@HUIRefObject@core@3@U?$TRefObjectFunc@UIRefObject@core@UModSys@@@tl@3@@tl@UModSys@@H@tl@UModSys@@@23@@tl@UModSys@@QAEPAU?$TScatterArrayNode@U?$TRefObjectCompositeExtra@UIMouseClient@libui@UModSys@@HUIRefObject@core@3@U?$TRefObjectFunc@UIRefObject@core@UModSys@@@tl@3@@tl@UModSys@@H@12@UCmp@?$TScatterArray@U?$TRefObjectCompositeExtra@UIMouseClient@libui@UModSys@@HUIRefObject@core@3@U?$TRefObjectFunc@UIRefObject@core@UModSys@@@tl@3@@tl@UModSys@@HU?$TScalarCompare@H@core@3@U?$TNodeDeleter0@U?$TScatterArrayNode@U?$TRefObjectCompositeExtra@UIMouseClient@libui@UModSys@@HUIRefObject@core@3@U?$TRefObjectFunc@UIRefObject@core@UModSys@@@tl@3@@tl@UModSys@@H@tl@UModSys@@@23@@12@ABUGen0@512@PAPAU312@2_N@Z 10004712 f i umodsys_lib_libui:umodsys.mod.ui.SDL_core.obj
 0001:000037a0       ??$genx_node@UCmp@?$TScatterArray@U?$TRefObjectComposite@UIKeyboardClient@libui@UModSys@@UIRefObject@core@3@U?$TRefObjectFunc@UIRefObject@core@UModSys@@@tl@3@@tl@UModSys@@HU?$TScalarCompare@H@core@3@U?$TNodeDeleter0@U?$TScatterArrayNode@U?$TRefObjectComposite@UIKeyboardClient@libui@UModSys@@UIRefObject@core@3@U?$TRefObjectFunc@UIRefObject@core@UModSys@@@tl@3@@tl@UModSys@@H@tl@UModSys@@@23@@tl@UModSys@@UGen0@234@@?$TTreeHoldRBD@U?$TScatterArrayNode@U?$TRefObjectComposite@UIKeyboardClient@libui@UModSys@@UIRefObject@core@3@U?$TRefObjectFunc@UIRefObject@core@UModSys@@@tl@3@@tl@UModSys@@H@tl@UModSys@@U?$TNodeDeleter0@U?$TScatterArrayNode@U?$TRefObjectComposite@UIKeyboardClient@libui@UModSys@@UIRefObject@core@3@U?$TRefObjectFunc@UIRefObject@core@UModSys@@@tl@3@@tl@UModSys@@H@tl@UModSys@@@23@@tl@UModSys@@QAEPAU?$TScatterArrayNode@U?$TRefObjectComposite@UIKeyboardClient@libui@UModSys@@UIRefObject@core@3@U?$TRefObjectFunc@UIRefObject@core@UModSys@@@tl@3@@tl@UModSys@@H@12@UCmp@?$TScatterArray@U?$TRefObjectComposite@UIKeyboardClient@libui@UModSys@@UIRefObject@core@3@U?$TRefObjectFunc@UIRefObject@core@UModSys@@@tl@3@@tl@UModSys@@HU?$TScalarCompare@H@core@3@U?$TNodeDeleter0@U?$TScatterArrayNode@U?$TRefObjectComposite@UIKeyboardClient@libui@UModSys@@UIRefObject@core@3@U?$TRefObjectFunc@UIRefObject@core@UModSys@@@tl@3@@tl@UModSys@@H@tl@UModSys@@@23@@12@ABUGen0@512@PAPAU312@2_N@Z 100047a0 f i umodsys_lib_libui:umodsys.mod.ui.SDL_core.obj
 0001:0000382e       ?sub_insert_node@?$TTreeHoldRB@U?$TScatterArrayNode@U?$TRefObjectCompositeExtra@UIMouseClient@libui@UModSys@@HUIRefObject@core@3@U?$TRefObjectFunc@UIRefObject@core@UModSys@@@tl@3@@tl@UModSys@@H@tl@UModSys@@@tl@UModSys@@QAEXPAU?$TScatterArrayNode@U?$TRefObjectCompositeExtra@UIMouseClient@libui@UModSys@@HUIRefObject@core@3@U?$TRefObjectFunc@UIRefObject@core@UModSys@@@tl@3@@tl@UModSys@@H@23@0H@Z 1000482e f i umodsys_lib_libui:umodsys.mod.ui.SDL_core.obj
 0001:0000382e       ?sub_insert_node@?$TTreeHoldRB@U?$TScatterArrayNode@UGlyph@RMultiImage2D_SDL_ttf@SDL_core@ui@modules@UModSys@@H@tl@UModSys@@@tl@UModSys@@QAEXPAU?$TScatterArrayNode@UGlyph@RMultiImage2D_SDL_ttf@SDL_core@ui@modules@UModSys@@H@23@0H@Z 1000482e f i umodsys_lib_libui:umodsys.mod.ui.SDL_core.obj
 0001:0000382e       ?sub_insert_node@?$TTreeHoldRB@U?$TScatterArrayNode@U?$TRefObjectComposite@UIKeyboardClient@libui@UModSys@@UIRefObject@core@3@U?$TRefObjectFunc@UIRefObject@core@UModSys@@@tl@3@@tl@UModSys@@H@tl@UModSys@@@tl@UModSys@@QAEXPAU?$TScatterArrayNode@U?$TRefObjectComposite@UIKeyboardClient@libui@UModSys@@UIRefObject@core@3@U?$TRefObjectFunc@UIRefObject@core@UModSys@@@tl@3@@tl@UModSys@@H@23@0H@Z 1000482e f i umodsys_lib_libui:umodsys.mod.ui.SDL_core.obj
 0001:0000382e       ?sub_insert_node@?$TTreeHoldRB@U?$TScatterArrayNode@U?$TRefObject@URRenderDriver2D@SDL_core@ui@modules@UModSys@@U?$TRefObjectWeakFunc@URRenderDriver2D@SDL_core@ui@modules@UModSys@@@tl@5@@tl@UModSys@@H@tl@UModSys@@@tl@UModSys@@QAEXPAU?$TScatterArrayNode@U?$TRefObject@URRenderDriver2D@SDL_core@ui@modules@UModSys@@U?$TRefObjectWeakFunc@URRenderDriver2D@SDL_core@ui@modules@UModSys@@@tl@5@@tl@UModSys@@H@23@0H@Z 1000482e f i umodsys_lib_libui:umodsys.mod.ui.SDL_core.obj
 0001:0000387c       ??E?$TTreeIterRB@$$CBU?$TScatterArrayNode@U?$TRefObject@URRenderDriver2D@SDL_core@ui@modules@UModSys@@U?$TRefObjectWeakFunc@URRenderDriver2D@SDL_core@ui@modules@UModSys@@@tl@5@@tl@UModSys@@H@tl@UModSys@@$$CBU?$TPair@HU?$TRefObject@URRenderDriver2D@SDL_core@ui@modules@UModSys@@U?$TRefObjectWeakFunc@URRenderDriver2D@SDL_core@ui@modules@UModSys@@@tl@5@@tl@UModSys@@@23@@tl@UModSys@@QAE?AU012@XZ 1000487c f i umodsys_lib_libui:umodsys.mod.ui.SDL_core.obj
 0001:000038a6       ??0?$TScatterArrayNode@U?$TRefObjectCompositeExtra@UIMouseClient@libui@UModSys@@HUIRefObject@core@3@U?$TRefObjectFunc@UIRefObject@core@UModSys@@@tl@3@@tl@UModSys@@H@tl@UModSys@@QAE@ABH@Z 100048a6 f i umodsys_lib_libui:umodsys.mod.ui.SDL_core.obj
 0001:000038fc       ??0?$TScatterArrayNode@U?$TRefObjectComposite@UIKeyboardClient@libui@UModSys@@UIRefObject@core@3@U?$TRefObjectFunc@UIRefObject@core@UModSys@@@tl@3@@tl@UModSys@@H@tl@UModSys@@QAE@ABH@Z 100048fc f i umodsys_lib_libui:umodsys.mod.ui.SDL_core.obj
 0001:0000394b       ?insert_color@?$TTreeHoldRB@U?$TScatterArrayNode@U?$TRefObjectComposite@UIKeyboardClient@libui@UModSys@@UIRefObject@core@3@U?$TRefObjectFunc@UIRefObject@core@UModSys@@@tl@3@@tl@UModSys@@H@tl@UModSys@@@tl@UModSys@@IAEXPAU?$TScatterArrayNode@U?$TRefObjectComposite@UIKeyboardClient@libui@UModSys@@UIRefObject@core@3@U?$TRefObjectFunc@UIRefObject@core@UModSys@@@tl@3@@tl@UModSys@@H@23@@Z 1000494b f i umodsys_lib_libui:umodsys.mod.ui.SDL_core.obj
 0001:0000394b       ?insert_color@?$TTreeHoldRB@U?$TScatterArrayNode@U?$TRefObject@URRenderDriver2D@SDL_core@ui@modules@UModSys@@U?$TRefObjectWeakFunc@URRenderDriver2D@SDL_core@ui@modules@UModSys@@@tl@5@@tl@UModSys@@H@tl@UModSys@@@tl@UModSys@@IAEXPAU?$TScatterArrayNode@U?$TRefObject@URRenderDriver2D@SDL_core@ui@modules@UModSys@@U?$TRefObjectWeakFunc@URRenderDriver2D@SDL_core@ui@modules@UModSys@@@tl@5@@tl@UModSys@@H@23@@Z 1000494b f i umodsys_lib_libui:umodsys.mod.ui.SDL_core.obj
 0001:0000394b       ?insert_color@?$TTreeHoldRB@U?$TScatterArrayNode@UGlyph@RMultiImage2D_SDL_ttf@SDL_core@ui@modules@UModSys@@H@tl@UModSys@@@tl@UModSys@@IAEXPAU?$TScatterArrayNode@UGlyph@RMultiImage2D_SDL_ttf@SDL_core@ui@modules@UModSys@@H@23@@Z 1000494b f i umodsys_lib_libui:umodsys.mod.ui.SDL_core.obj
 0001:0000394b       ?insert_color@?$TTreeHoldRB@U?$TScatterArrayNode@U?$TRefObjectCompositeExtra@UIMouseClient@libui@UModSys@@HUIRefObject@core@3@U?$TRefObjectFunc@UIRefObject@core@UModSys@@@tl@3@@tl@UModSys@@H@tl@UModSys@@@tl@UModSys@@IAEXPAU?$TScatterArrayNode@U?$TRefObjectCompositeExtra@UIMouseClient@libui@UModSys@@HUIRefObject@core@3@U?$TRefObjectFunc@UIRefObject@core@UModSys@@@tl@3@@tl@UModSys@@H@23@@Z 1000494b f i umodsys_lib_libui:umodsys.mod.ui.SDL_core.obj
 0001:000039f9       ??$process_nodes_r@U?$TNodeDeleter0@U?$TScatterArrayNode@UGlyph@RMultiImage2D_SDL_ttf@SDL_core@ui@modules@UModSys@@H@tl@UModSys@@@tl@UModSys@@@?$TTreeHoldRB@U?$TScatterArrayNode@UGlyph@RMultiImage2D_SDL_ttf@SDL_core@ui@modules@UModSys@@H@tl@UModSys@@@tl@UModSys@@KAHPAU?$TScatterArrayNode@UGlyph@RMultiImage2D_SDL_ttf@SDL_core@ui@modules@UModSys@@H@12@ABU?$TNodeDeleter0@U?$TScatterArrayNode@UGlyph@RMultiImage2D_SDL_ttf@SDL_core@ui@modules@UModSys@@H@tl@UModSys@@@12@@Z 100049f9 f i umodsys_lib_libui:umodsys.mod.ui.SDL_core.obj
 0001:00003a4c       ??$process_nodes_r@U?$TNodeDeleter0@U?$TScatterArrayNode@U?$TRefObjectComposite@UIKeyboardClient@libui@UModSys@@UIRefObject@core@3@U?$TRefObjectFunc@UIRefObject@core@UModSys@@@tl@3@@tl@UModSys@@H@tl@UModSys@@@tl@UModSys@@@?$TTreeHoldRB@U?$TScatterArrayNode@U?$TRefObjectComposite@UIKeyboardClient@libui@UModSys@@UIRefObject@core@3@U?$TRefObjectFunc@UIRefObject@core@UModSys@@@tl@3@@tl@UModSys@@H@tl@UModSys@@@tl@UModSys@@KAHPAU?$TScatterArrayNode@U?$TRefObjectComposite@UIKeyboardClient@libui@UModSys@@UIRefObject@core@3@U?$TRefObjectFunc@UIRefObject@core@UModSys@@@tl@3@@tl@UModSys@@H@12@ABU?$TNodeDeleter0@U?$TScatterArrayNode@U?$TRefObjectComposite@UIKeyboardClient@libui@UModSys@@UIRefObject@core@3@U?$TRefObjectFunc@UIRefObject@core@UModSys@@@tl@3@@tl@UModSys@@H@tl@UModSys@@@12@@Z 10004a4c f i umodsys_lib_libui:umodsys.mod.ui.SDL_core.obj
 0001:00003a4c       ??$process_nodes_r@U?$TNodeDeleter0@U?$TScatterArrayNode@U?$TRefObjectCompositeExtra@UIMouseClient@libui@UModSys@@HUIRefObject@core@3@U?$TRefObjectFunc@UIRefObject@core@UModSys@@@tl@3@@tl@UModSys@@H@tl@UModSys@@@tl@UModSys@@@?$TTreeHoldRB@U?$TScatterArrayNode@U?$TRefObjectCompositeExtra@UIMouseClient@libui@UModSys@@HUIRefObject@core@3@U?$TRefObjectFunc@UIRefObject@core@UModSys@@@tl@3@@tl@UModSys@@H@tl@UModSys@@@tl@UModSys@@KAHPAU?$TScatterArrayNode@U?$TRefObjectCompositeExtra@UIMouseClient@libui@UModSys@@HUIRefObject@core@3@U?$TRefObjectFunc@UIRefObject@core@UModSys@@@tl@3@@tl@UModSys@@H@12@ABU?$TNodeDeleter0@U?$TScatterArrayNode@U?$TRefObjectCompositeExtra@UIMouseClient@libui@UModSys@@HUIRefObject@core@3@U?$TRefObjectFunc@UIRefObject@core@UModSys@@@tl@3@@tl@UModSys@@H@tl@UModSys@@@12@@Z 10004a4c f i umodsys_lib_libui:umodsys.mod.ui.SDL_core.obj
 0001:00003a96       ??$process_nodes_r@U?$TNodeDeleter0@U?$TScatterArrayNode@U?$TRefObject@URRenderDriver2D@SDL_core@ui@modules@UModSys@@U?$TRefObjectWeakFunc@URRenderDriver2D@SDL_core@ui@modules@UModSys@@@tl@5@@tl@UModSys@@H@tl@UModSys@@@tl@UModSys@@@?$TTreeHoldRB@U?$TScatterArrayNode@U?$TRefObject@URRenderDriver2D@SDL_core@ui@modules@UModSys@@U?$TRefObjectWeakFunc@URRenderDriver2D@SDL_core@ui@modules@UModSys@@@tl@5@@tl@UModSys@@H@tl@UModSys@@@tl@UModSys@@KAHPAU?$TScatterArrayNode@U?$TRefObject@URRenderDriver2D@SDL_core@ui@modules@UModSys@@U?$TRefObjectWeakFunc@URRenderDriver2D@SDL_core@ui@modules@UModSys@@@tl@5@@tl@UModSys@@H@12@ABU?$TNodeDeleter0@U?$TScatterArrayNode@U?$TRefObject@URRenderDriver2D@SDL_core@ui@modules@UModSys@@U?$TRefObjectWeakFunc@URRenderDriver2D@SDL_core@ui@modules@UModSys@@@tl@5@@tl@UModSys@@H@tl@UModSys@@@12@@Z 10004a96 f i umodsys_lib_libui:umodsys.mod.ui.SDL_core.obj
 0001:00003adf       ??$genx_node@UCmp@?$TScatterArray@U?$TRefObject@URRenderDriver2D@SDL_core@ui@modules@UModSys@@U?$TRefObjectWeakFunc@URRenderDriver2D@SDL_core@ui@modules@UModSys@@@tl@5@@tl@UModSys@@HU?$TScalarCompare@H@core@3@U?$TNodeDeleter0@U?$TScatterArrayNode@U?$TRefObject@URRenderDriver2D@SDL_core@ui@modules@UModSys@@U?$TRefObjectWeakFunc@URRenderDriver2D@SDL_core@ui@modules@UModSys@@@tl@5@@tl@UModSys@@H@tl@UModSys@@@23@@tl@UModSys@@UGen0@234@@?$TTreeHoldRBD@U?$TScatterArrayNode@U?$TRefObject@URRenderDriver2D@SDL_core@ui@modules@UModSys@@U?$TRefObjectWeakFunc@URRenderDriver2D@SDL_core@ui@modules@UModSys@@@tl@5@@tl@UModSys@@H@tl@UModSys@@U?$TNodeDeleter0@U?$TScatterArrayNode@U?$TRefObject@URRenderDriver2D@SDL_core@ui@modules@UModSys@@U?$TRefObjectWeakFunc@URRenderDriver2D@SDL_core@ui@modules@UModSys@@@tl@5@@tl@UModSys@@H@tl@UModSys@@@23@@tl@UModSys@@QAEPAU?$TScatterArrayNode@U?$TRefObject@URRenderDriver2D@SDL_core@ui@modules@UModSys@@U?$TRefObjectWeakFunc@URRenderDriver2D@SDL_core@ui@modules@UModSys@@@tl@5@@tl@UModSys@@H@12@UCmp@?$TScatterArray@U?$TRefObject@URRenderDriver2D@SDL_core@ui@modules@UModSys@@U?$TRefObjectWeakFunc@URRenderDriver2D@SDL_core@ui@modules@UModSys@@@tl@5@@tl@UModSys@@HU?$TScalarCompare@H@core@3@U?$TNodeDeleter0@U?$TScatterArrayNode@U?$TRefObject@URRenderDriver2D@SDL_core@ui@modules@UModSys@@U?$TRefObjectWeakFunc@URRenderDriver2D@SDL_core@ui@modules@UModSys@@@tl@5@@tl@UModSys@@H@tl@UModSys@@@23@@12@ABUGen0@512@PAPAU312@2_N@Z 10004adf f i umodsys_lib_libui:umodsys.mod.ui.SDL_core.obj
 0001:00003b6e       ?rotate_right@?$TTreeHoldRB@U?$TScatterArrayNode@U?$TRefObjectCompositeExtra@UIMouseClient@libui@UModSys@@HUIRefObject@core@3@U?$TRefObjectFunc@UIRefObject@core@UModSys@@@tl@3@@tl@UModSys@@H@tl@UModSys@@@tl@UModSys@@IAEXPAU?$TScatterArrayNode@U?$TRefObjectCompositeExtra@UIMouseClient@libui@UModSys@@HUIRefObject@core@3@U?$TRefObjectFunc@UIRefObject@core@UModSys@@@tl@3@@tl@UModSys@@H@23@@Z 10004b6e f i umodsys_lib_libui:umodsys.mod.ui.SDL_core.obj
 0001:00003b6e       ?rotate_right@?$TTreeHoldRB@U?$TScatterArrayNode@UGlyph@RMultiImage2D_SDL_ttf@SDL_core@ui@modules@UModSys@@H@tl@UModSys@@@tl@UModSys@@IAEXPAU?$TScatterArrayNode@UGlyph@RMultiImage2D_SDL_ttf@SDL_core@ui@modules@UModSys@@H@23@@Z 10004b6e f i umodsys_lib_libui:umodsys.mod.ui.SDL_core.obj
 0001:00003b6e       ?rotate_right@?$TTreeHoldRB@U?$TScatterArrayNode@U?$TRefObjectComposite@UIKeyboardClient@libui@UModSys@@UIRefObject@core@3@U?$TRefObjectFunc@UIRefObject@core@UModSys@@@tl@3@@tl@UModSys@@H@tl@UModSys@@@tl@UModSys@@IAEXPAU?$TScatterArrayNode@U?$TRefObjectComposite@UIKeyboardClient@libui@UModSys@@UIRefObject@core@3@U?$TRefObjectFunc@UIRefObject@core@UModSys@@@tl@3@@tl@UModSys@@H@23@@Z 10004b6e f i umodsys_lib_libui:umodsys.mod.ui.SDL_core.obj
 0001:00003b6e       ?rotate_right@?$TTreeHoldRB@U?$TScatterArrayNode@U?$TRefObject@URRenderDriver2D@SDL_core@ui@modules@UModSys@@U?$TRefObjectWeakFunc@URRenderDriver2D@SDL_core@ui@modules@UModSys@@@tl@5@@tl@UModSys@@H@tl@UModSys@@@tl@UModSys@@IAEXPAU?$TScatterArrayNode@U?$TRefObject@URRenderDriver2D@SDL_core@ui@modules@UModSys@@U?$TRefObjectWeakFunc@URRenderDriver2D@SDL_core@ui@modules@UModSys@@@tl@5@@tl@UModSys@@H@23@@Z 10004b6e f i umodsys_lib_libui:umodsys.mod.ui.SDL_core.obj
 0001:00003bad       ??0?$TScatterArrayNode@U?$TRefObject@URRenderDriver2D@SDL_core@ui@modules@UModSys@@U?$TRefObjectWeakFunc@URRenderDriver2D@SDL_core@ui@modules@UModSys@@@tl@5@@tl@UModSys@@H@tl@UModSys@@QAE@ABH@Z 10004bad f i umodsys_lib_libui:umodsys.mod.ui.SDL_core.obj
 0001:00003bf4       ?rotate_left@?$TTreeHoldRB@U?$TScatterArrayNode@U?$TRefObjectCompositeExtra@UIMouseClient@libui@UModSys@@HUIRefObject@core@3@U?$TRefObjectFunc@UIRefObject@core@UModSys@@@tl@3@@tl@UModSys@@H@tl@UModSys@@@tl@UModSys@@IAEXPAU?$TScatterArrayNode@U?$TRefObjectCompositeExtra@UIMouseClient@libui@UModSys@@HUIRefObject@core@3@U?$TRefObjectFunc@UIRefObject@core@UModSys@@@tl@3@@tl@UModSys@@H@23@@Z 10004bf4 f i umodsys_lib_libui:umodsys.mod.ui.SDL_core.obj
 0001:00003bf4       ?rotate_left@?$TTreeHoldRB@U?$TScatterArrayNode@U?$TRefObjectComposite@UIKeyboardClient@libui@UModSys@@UIRefObject@core@3@U?$TRefObjectFunc@UIRefObject@core@UModSys@@@tl@3@@tl@UModSys@@H@tl@UModSys@@@tl@UModSys@@IAEXPAU?$TScatterArrayNode@U?$TRefObjectComposite@UIKeyboardClient@libui@UModSys@@UIRefObject@core@3@U?$TRefObjectFunc@UIRefObject@core@UModSys@@@tl@3@@tl@UModSys@@H@23@@Z 10004bf4 f i umodsys_lib_libui:umodsys.mod.ui.SDL_core.obj
 0001:00003bf4       ?rotate_left@?$TTreeHoldRB@U?$TScatterArrayNode@UGlyph@RMultiImage2D_SDL_ttf@SDL_core@ui@modules@UModSys@@H@tl@UModSys@@@tl@UModSys@@IAEXPAU?$TScatterArrayNode@UGlyph@RMultiImage2D_SDL_ttf@SDL_core@ui@modules@UModSys@@H@23@@Z 10004bf4 f i umodsys_lib_libui:umodsys.mod.ui.SDL_core.obj
 0001:00003bf4       ?rotate_left@?$TTreeHoldRB@U?$TScatterArrayNode@U?$TRefObject@URRenderDriver2D@SDL_core@ui@modules@UModSys@@U?$TRefObjectWeakFunc@URRenderDriver2D@SDL_core@ui@modules@UModSys@@@tl@5@@tl@UModSys@@H@tl@UModSys@@@tl@UModSys@@IAEXPAU?$TScatterArrayNode@U?$TRefObject@URRenderDriver2D@SDL_core@ui@modules@UModSys@@U?$TRefObjectWeakFunc@URRenderDriver2D@SDL_core@ui@modules@UModSys@@@tl@5@@tl@UModSys@@H@23@@Z 10004bf4 f i umodsys_lib_libui:umodsys.mod.ui.SDL_core.obj
 0001:00003c33       ?alloc@SMemShared@core@UModSys@@QAE_NIPAUSSourceContext@23@@Z 10004c33 f i umodsys_lib_libmedia:umodsys.mod.media.images_std.obj
 0001:00003c5d       ?get@SMemShared@core@UModSys@@QBE?AUSMem@23@XZ 10004c5d f i umodsys_lib_libmedia:umodsys.mod.media.images_std.obj
 0001:00003c5d       ??BSCMemShared@core@UModSys@@QBE?AUSCMem@12@XZ 10004c5d f i plugin_test1.obj
 0001:00003c8d       ??0SParameters@core@UModSys@@QAE@H@Z 10004c8d f i umodsys_lib_libmedia:umodsys.mod.media.images_std.obj
 0001:00003cb8       ?get@SParameters@core@UModSys@@QBE_NPBDAA_N@Z 10004cb8 f i umodsys_lib_libmedia:umodsys.mod.media.images_std.obj
 0001:00003ced       ?is_extension_nocase@libmedia@UModSys@@YA_NABU?$TString@U?$TSCoreConst@D@su@tl@UModSys@@U?$TComparerBinaryHash@D@234@@tl@2@0@Z 10004ced f i umodsys_lib_libmedia:umodsys.mod.media.images_std.obj
 0001:00003d1b       ?root_get_interface_info@RMediaFilter@images_std@media@modules@UModSys@@UBEABUSUniquePointerInfo@core@5@XZ 10004d1b f i umodsys_lib_libmedia:umodsys.mod.media.images_std.obj
 0001:00003d21       ?root_get_interface_type@RMediaFilter@images_std@media@modules@UModSys@@UBEPBUSUniquePointerInfo@core@5@XZ 10004d21 f i umodsys_lib_libmedia:umodsys.mod.media.images_std.obj
 0001:00003d27       ?root_get_interface_types@RKeyboardController@SDL_core@ui@modules@UModSys@@UBEIAAUSUniquePtrList@core@5@@Z 10004d27 f i umodsys_lib_libui:umodsys.mod.ui.SDL_core.obj
 0001:00003d27       ?root_get_interface_types@RGenerator@test1@test@modules@UModSys@@UBEIAAUSUniquePtrList@core@5@@Z 10004d27 f i plugin_test1.obj
 0001:00003d27       ?root_get_interface_types@RRenderDriver2D@SDL_core@ui@modules@UModSys@@UBEIAAUSUniquePtrList@core@5@@Z 10004d27 f i umodsys_lib_libui:umodsys.mod.ui.SDL_core.obj
 0001:00003d27       ?root_get_interface_types@RMultiImage2D_SDL_ttf@SDL_core@ui@modules@UModSys@@UBEIAAUSUniquePtrList@core@5@@Z 10004d27 f i umodsys_lib_libui:umodsys.mod.ui.SDL_core.obj
 0001:00003d27       ?root_get_interface_types@RTest1_Shell@test1@test@modules@UModSys@@UBEIAAUSUniquePtrList@core@5@@Z 10004d27 f i plugin_test1.obj
 0001:00003d27       ?root_get_interface_types@RMouseController@SDL_core@ui@modules@UModSys@@UBEIAAUSUniquePtrList@core@5@@Z 10004d27 f i umodsys_lib_libui:umodsys.mod.ui.SDL_core.obj
 0001:00003d27       ?root_get_interface_types@RMediaFilter@images_std@media@modules@UModSys@@UBEIAAUSUniquePtrList@core@5@@Z 10004d27 f i umodsys_lib_libmedia:umodsys.mod.media.images_std.obj
 0001:00003d27       ?root_get_interface_types@RGenerator@images_std@media@modules@UModSys@@UBEIAAUSUniquePtrList@core@5@@Z 10004d27 f i umodsys_lib_libmedia:umodsys.mod.media.images_std.obj
 0001:00003d27       ?root_get_interface_types@RTerminal@SDL_core@ui@modules@UModSys@@UBEIAAUSUniquePtrList@core@5@@Z 10004d27 f i umodsys_lib_libui:umodsys.mod.ui.SDL_core.obj
 0001:00003d27       ?root_get_interface_types@RGenerator@SDL_core@ui@modules@UModSys@@UBEIAAUSUniquePtrList@core@5@@Z 10004d27 f i umodsys_lib_libui:umodsys.mod.ui.SDL_core.obj
 0001:00003d2c       ?root_get_other_interface@RMediaFilter@images_std@media@modules@UModSys@@UAEPAUIRoot@core@5@PBUSUniquePointerInfo@75@@Z 10004d2c f i umodsys_lib_libmedia:umodsys.mod.media.images_std.obj
 0001:00003d2c       ?root_get_other_interface@RMediaFilter@images_std@media@modules@UModSys@@UBEPBUIRoot@core@5@PBUSUniquePointerInfo@75@@Z 10004d2c f i umodsys_lib_libmedia:umodsys.mod.media.images_std.obj
 0001:00003d4d       ?root_is_interface_supported@RMediaFilter@images_std@media@modules@UModSys@@UBE_NPBUSUniquePointerInfo@core@5@@Z 10004d4d f i umodsys_lib_libmedia:umodsys.mod.media.images_std.obj
 0001:00003d74       ?ref_add@RMediaFilter@images_std@media@modules@UModSys@@UBEXXZ 10004d74 f i umodsys_lib_libmedia:umodsys.mod.media.images_std.obj
 0001:00003d78       ?ref_remove@RMediaFilter@images_std@media@modules@UModSys@@UBEXXZ 10004d78 f i umodsys_lib_libmedia:umodsys.mod.media.images_std.obj
 0001:00003d83       ?ref_links@RMediaFilter@images_std@media@modules@UModSys@@UBEHXZ 10004d83 f i umodsys_lib_libmedia:umodsys.mod.media.images_std.obj
 0001:00003d87       ?ref_weak@RMediaFilter@images_std@media@modules@UModSys@@UBE_NAAUWeakPointer@IRefObject@core@5@@Z 10004d87 f i umodsys_lib_libmedia:umodsys.mod.media.images_std.obj
 0001:00003da6       ?suicide@RMediaFilter@images_std@media@modules@UModSys@@UAEXXZ 10004da6 f i umodsys_lib_libmedia:umodsys.mod.media.images_std.obj
 0001:00003ded       ?get_flag@RMediaFilter@images_std@media@modules@UModSys@@UBE?AW4eStates@?$TFlags4State@USMediaFlagUid@libmedia@UModSys@@I@tl@5@H@Z 10004ded f i umodsys_lib_libmedia:umodsys.mod.media.images_std.obj
 0001:00003e00       ?get_flags_auto@RMediaFilter@images_std@media@modules@UModSys@@UBE?AU?$TFlags4State@USMediaFlagUid@libmedia@UModSys@@I@tl@5@XZ 10004e00 f i umodsys_lib_libmedia:umodsys.mod.media.images_std.obj
 0001:00003e0f       ?set_flag@RMediaFilter@images_std@media@modules@UModSys@@UAE?AW4eStates@?$TFlags4State@USMediaFlagUid@libmedia@UModSys@@I@tl@5@HW46785@@Z 10004e0f f i umodsys_lib_libmedia:umodsys.mod.media.images_std.obj
 0001:00003e3c       ??0RMediaFilter@images_std@media@modules@UModSys@@QAE@PAUIModObject@base@4@ABUSParameters@core@4@@Z 10004e3c f i umodsys_lib_libmedia:umodsys.mod.media.images_std.obj
 0001:00003eab       ??_GRMediaFilter@images_std@media@modules@UModSys@@UAEPAXI@Z 10004eab f i umodsys_lib_libmedia:umodsys.mod.media.images_std.obj
 0001:00003eab       ??_ERMediaFilter@images_std@media@modules@UModSys@@UAEPAXI@Z 10004eab f i  CIL library: CIL module
 0001:00003f16       ?filter_load@RMediaFilter@images_std@media@modules@UModSys@@UAE_NABUSInfo@IBinObjFilter@libmedia@5@PAUIRefObject@core@5@@Z 10004f16 f   umodsys_lib_libmedia:umodsys.mod.media.images_std.obj
 0001:00004144       ?suicide@RGenerator@images_std@media@modules@UModSys@@UAEXXZ 10005144 f   umodsys_lib_libmedia:umodsys.mod.media.images_std.obj
 0001:00004144       ?suicide@RGenerator@SDL_core@ui@modules@UModSys@@UAEXXZ 10005144 f   umodsys_lib_libui:umodsys.mod.ui.SDL_core.obj
 0001:00004144       ?suicide@RGenerator@test1@test@modules@UModSys@@UAEXXZ 10005144 f   plugin_test1.obj
 0001:00004144       ??3@YAXPAX0@Z              10005144 f   plugin_test1.obj
 0001:00004145       ?loader_jpeg@RMediaFilter@images_std@media@modules@UModSys@@QAE_NPAUIImage@lib2d@5@ABUSInfo@IBinObjFilter@libmedia@5@ABUSParameters@core@5@HPBD_N@Z 10005145 f   umodsys_lib_libmedia:umodsys.mod.media.images_std.obj
 0001:000043c3       ?png_err@RMediaFilter@images_std@media@modules@UModSys@@KAXPAUpng_struct_def@@PBD@Z 100053c3 f   umodsys_lib_libmedia:umodsys.mod.media.images_std.obj
 0001:000043e4       ?png_read@RMediaFilter@images_std@media@modules@UModSys@@KAXPAUpng_struct_def@@PAEI@Z 100053e4 f   umodsys_lib_libmedia:umodsys.mod.media.images_std.obj
 0001:00004420       ?loader_png@RMediaFilter@images_std@media@modules@UModSys@@QAE_NPAUIImage@lib2d@5@ABUSInfo@IBinObjFilter@libmedia@5@ABUSParameters@core@5@HPBD_N@Z 10005420 f   umodsys_lib_libmedia:umodsys.mod.media.images_std.obj
 0001:000046ce       ?get_generated_names@RGenerator@images_std@media@modules@UModSys@@UBEHAAUSUniquePtrList@core@5@@Z 100056ce f i umodsys_lib_libmedia:umodsys.mod.media.images_std.obj
 0001:000046e7       ?get_generated_types@RGenerator@images_std@media@modules@UModSys@@UBEHAAUSUniquePtrList@core@5@PBUSUniquePointerInfo@75@@Z 100056e7 f i umodsys_lib_libmedia:umodsys.mod.media.images_std.obj
 0001:00004719       ?generate@RGenerator@images_std@media@modules@UModSys@@UAE_NAAU?$TRefObject@UIRefObject@core@UModSys@@U?$TRefObjectFunc@UIRefObject@core@UModSys@@@tl@3@@tl@5@PBUSUniquePointerInfo@core@5@ABUSParameters@95@@Z 10005719 f i umodsys_lib_libmedia:umodsys.mod.media.images_std.obj
 0001:0000473a       ?root_get_interface_info@RGenerator@images_std@media@modules@UModSys@@UBEABUSUniquePointerInfo@core@5@XZ 1000573a f i umodsys_lib_libmedia:umodsys.mod.media.images_std.obj
 0001:00004740       ?root_get_interface_type@RGenerator@images_std@media@modules@UModSys@@UBEPBUSUniquePointerInfo@core@5@XZ 10005740 f i umodsys_lib_libmedia:umodsys.mod.media.images_std.obj
 0001:00004746       ?root_get_other_interface@RGenerator@images_std@media@modules@UModSys@@UAEPAUIRoot@core@5@PBUSUniquePointerInfo@75@@Z 10005746 f i umodsys_lib_libmedia:umodsys.mod.media.images_std.obj
 0001:00004746       ?root_get_other_interface@RGenerator@images_std@media@modules@UModSys@@UBEPBUIRoot@core@5@PBUSUniquePointerInfo@75@@Z 10005746 f i umodsys_lib_libmedia:umodsys.mod.media.images_std.obj
 0001:0000475f       ?root_is_interface_supported@RGenerator@images_std@media@modules@UModSys@@UBE_NPBUSUniquePointerInfo@core@5@@Z 1000575f f i umodsys_lib_libmedia:umodsys.mod.media.images_std.obj
 0001:0000477e       ?get_uid@RGenerator@images_std@media@modules@UModSys@@UBEPBUSUniquePointerInfo@core@5@XZ 1000577e f i umodsys_lib_libmedia:umodsys.mod.media.images_std.obj
 0001:00004784       ?do_open@RModuleReg@images_std@media@modules@UModSys@@UAE_NXZ 10005784 f i umodsys_lib_libmedia:umodsys.mod.media.images_std.obj
 0001:000047d2       ?do_close@RModuleReg@images_std@media@modules@UModSys@@UAE_NXZ 100057d2 f i umodsys_lib_libmedia:umodsys.mod.media.images_std.obj
 0001:0000480d       ??_ERModuleReg@SDL_core@ui@modules@UModSys@@UAEPAXI@Z 1000580d f i  CIL library: CIL module
 0001:0000480d       ??_GRModuleReg@test1@test@modules@UModSys@@UAEPAXI@Z 1000580d f i plugin_test1.obj
 0001:0000480d       ??_GRModuleReg@images_std@media@modules@UModSys@@UAEPAXI@Z 1000580d f i umodsys_lib_libmedia:umodsys.mod.media.images_std.obj
 0001:0000480d       ??_GIModuleReg@base@UModSys@@UAEPAXI@Z 1000580d f i umodsys_lib_base:umodsys.base.modulereg.obj
 0001:0000480d       ??_ERModuleReg@test1@test@modules@UModSys@@UAEPAXI@Z 1000580d f i  CIL library: CIL module
 0001:0000480d       ??_ERModuleReg@images_std@media@modules@UModSys@@UAEPAXI@Z 1000580d f i  CIL library: CIL module
 0001:0000480d       ??_GRModuleReg@SDL_core@ui@modules@UModSys@@UAEPAXI@Z 1000580d f i umodsys_lib_libui:umodsys.mod.ui.SDL_core.obj
 0001:0000480d       ??_EIModuleReg@base@UModSys@@UAEPAXI@Z 1000580d f i  CIL library: CIL module
 0001:0000482a       ?get_module@RGenerator@images_std@media@modules@UModSys@@UBEPAUIModule@base@5@XZ 1000582a f   umodsys_lib_libmedia:umodsys.mod.media.images_std.obj
 0001:00004830       ?mod_inc@RGenerator@images_std@media@modules@UModSys@@UBE_NXZ 10005830 f   umodsys_lib_libmedia:umodsys.mod.media.images_std.obj
 0001:0000483b       ?mod_dec@RGenerator@images_std@media@modules@UModSys@@UBE_NXZ 1000583b f   umodsys_lib_libmedia:umodsys.mod.media.images_std.obj
 0001:00004846       ?s_holder@RGenerator@images_std@media@modules@UModSys@@SAAAU?$TTypeStaticHolder@URGenerator@images_std@media@modules@UModSys@@@tl@5@XZ 10005846 f   umodsys_lib_libmedia:umodsys.mod.media.images_std.obj
 0001:00004878       ??_EIRoot@core@UModSys@@UAEPAXI@Z 10005878 f i  CIL library: CIL module
 0001:00004878       ??_GRGenerator@test1@test@modules@UModSys@@UAEPAXI@Z 10005878 f i plugin_test1.obj
 0001:00004878       ??_ERGenerator@SDL_core@ui@modules@UModSys@@UAEPAXI@Z 10005878 f i  CIL library: CIL module
 0001:00004878       ??_ERGenerator@test1@test@modules@UModSys@@UAEPAXI@Z 10005878 f i  CIL library: CIL module
 0001:00004878       ??_ERGenerator@images_std@media@modules@UModSys@@UAEPAXI@Z 10005878 f i  CIL library: CIL module
 0001:00004878       ??_GRGenerator@images_std@media@modules@UModSys@@UAEPAXI@Z 10005878 f i umodsys_lib_libmedia:umodsys.mod.media.images_std.obj
 0001:00004878       ??_GRGenerator@SDL_core@ui@modules@UModSys@@UAEPAXI@Z 10005878 f i umodsys_lib_libui:umodsys.mod.ui.SDL_core.obj
 0001:00004878       ??_GIRoot@core@UModSys@@UAEPAXI@Z 10005878 f i plugin_test1.obj
 0001:00004895       ??$t_gen_param@URMediaFilter@images_std@media@modules@UModSys@@URGenerator@2345@@IGenerator@base@UModSys@@IAE_NPAURGenerator@images_std@media@modules@2@AAU?$TRefObject@UIRefObject@core@UModSys@@U?$TRefObjectFunc@UIRefObject@core@UModSys@@@tl@3@@tl@2@PBUSUniquePointerInfo@core@2@ABUSParameters@core@2@@Z 10005895 f i umodsys_lib_libmedia:umodsys.mod.media.images_std.obj
 0001:00004927       ?Link@SModuleContext@base@UModSys@@QAEXPAUISystem@23@PAUIMemAlloc@core@3@@Z 10005927 f   umodsys_lib_base:umodsys.base.modulecontext.obj
 0001:00004973       ?unlink@SMemorySharedData@core@UModSys@@QAEXPBUSSourceContext@23@@Z 10005973 f   umodsys_lib_base:umodsys.base.modulecontext.obj
 0001:00004983       ??0SModuleRegChain@base@UModSys@@QAE@AAUIModuleReg@12@@Z 10005983 f   umodsys_lib_base:umodsys.base.moduleregchain.obj
 0001:000049b2       ?s_get@SModuleRegChain@base@UModSys@@SAPAUIModuleReg@23@I@Z 100059b2 f   umodsys_lib_base:umodsys.base.moduleregchain.obj
 0001:000049d6       ?mlr_count@RModuleLibraryReg_Chain@base@UModSys@@UBEIXZ 100059d6 f   umodsys_lib_base:umodsys.base.moduleregchain.obj
 0001:000049e9       ?mlr_get@RModuleLibraryReg_Chain@base@UModSys@@UBEPAUIModuleReg@23@I@Z 100059e9 f   umodsys_lib_base:umodsys.base.moduleregchain.obj
[...]
 0001:00005ce2       ??__E?s_modreg_chain@RModuleReg@test1@test@modules@UModSys@@2USModuleRegChain@base@5@A@@YAXXZ 10006ce2 f    CIL library: CIL module
 0001:00005cfd       ??__E?s_uid@RGenerator@test1@test@modules@UModSys@@2USUniquePointer@core@5@A@@YAXXZ 10006cfd f    CIL library: CIL module
 0001:00005d1f       ??__E?s_id@?$TObjectUniqueID@UIRoot@core@UModSys@@@tl@UModSys@@2USUniquePointer@core@3@A@@YAXXZ 10006d1f f    CIL library: CIL module
 0001:00005d41       ??__E?s_id@?$TObjectUniqueID@UIRefObject@core@UModSys@@@tl@UModSys@@2USUniquePointer@core@3@A@@YAXXZ 10006d41 f    CIL library: CIL module
 0001:00005d63       ??__E?s_id@?$TObjectUniqueID@UIParameters@core@UModSys@@@tl@UModSys@@2USUniquePointer@core@3@A@@YAXXZ 10006d63 f    CIL library: CIL module
 0001:00005d85       ??__E?s_id@?$TObjectUniqueID@UIModule@base@UModSys@@@tl@UModSys@@2USUniquePointer@core@3@A@@YAXXZ 10006d85 f    CIL library: CIL module
 0001:00005da7       ??__E?s_id@?$TObjectUniqueID@UIModuleLibrary@base@UModSys@@@tl@UModSys@@2USUniquePointer@core@3@A@@YAXXZ 10006da7 f    CIL library: CIL module
 0001:00005dc9       ??__E?s_id@?$TObjectUniqueID@UIModObject@base@UModSys@@@tl@UModSys@@2USUniquePointer@core@3@A@@YAXXZ 10006dc9 f    CIL library: CIL module
 0001:00005deb       ??__E?s_id@?$TObjectUniqueID@UIGenerator@base@UModSys@@@tl@UModSys@@2USUniquePointer@core@3@A@@YAXXZ 10006deb f    CIL library: CIL module
 0001:00005e0d       ??__E?s_id@?$TObjectUniqueID@UIShell@base@UModSys@@@tl@UModSys@@2USUniquePointer@core@3@A@@YAXXZ 10006e0d f    CIL library: CIL module
 0001:00005e2f       ??__E?s_id@?$TObjectUniqueID@UIConsole@base@UModSys@@@tl@UModSys@@2USUniquePointer@core@3@A@@YAXXZ 10006e2f f    CIL library: CIL module
 0001:00005e51       ??__E?s_id@?$TObjectUniqueID@UISystem@base@UModSys@@@tl@UModSys@@2USUniquePointer@core@3@A@@YAXXZ 10006e51 f    CIL library: CIL module
 0001:00005e73       ??__E?s_id@?$TObjectUniqueID@UIStreamReader@libmedia@UModSys@@@tl@UModSys@@2USUniquePointer@core@3@A@@YAXXZ 10006e73 f    CIL library: CIL module
 0001:00005e95       ??__E?s_id@?$TObjectUniqueID@UIStreamWriter@libmedia@UModSys@@@tl@UModSys@@2USUniquePointer@core@3@A@@YAXXZ 10006e95 f    CIL library: CIL module
 0001:00005eb7       ??__E?s_id@?$TObjectUniqueID@UIBinArchive@libmedia@UModSys@@@tl@UModSys@@2USUniquePointer@core@3@A@@YAXXZ 10006eb7 f    CIL library: CIL module
 0001:00005ed9       ??__E?s_id@?$TObjectUniqueID@UIBinObjFilter@libmedia@UModSys@@@tl@UModSys@@2USUniquePointer@core@3@A@@YAXXZ 10006ed9 f    CIL library: CIL module
 0001:00005efb       ??__E?s_id@?$TObjectUniqueID@UILibrary@libmedia@UModSys@@@tl@UModSys@@2USUniquePointer@core@3@A@@YAXXZ 10006efb f    CIL library: CIL module
 0001:00005f1d       ??__E?s_id@?$TObjectUniqueID@UILibraryBinTree@libmedia@UModSys@@@tl@UModSys@@2USUniquePointer@core@3@A@@YAXXZ 10006f1d f    CIL library: CIL module
 0001:00005f3f       ??__E?s_id@?$TObjectUniqueID@UILibraryBinCache@libmedia@UModSys@@@tl@UModSys@@2USUniquePointer@core@3@A@@YAXXZ 10006f3f f    CIL library: CIL module
 0001:00005f61       ??__E?s_id@?$TObjectUniqueID@UILibraryObjFilter@libmedia@UModSys@@@tl@UModSys@@2USUniquePointer@core@3@A@@YAXXZ 10006f61 f    CIL library: CIL module
 0001:00005f83       ??__E?s_id@?$TObjectUniqueID@UILibraryObjCache@libmedia@UModSys@@@tl@UModSys@@2USUniquePointer@core@3@A@@YAXXZ 10006f83 f    CIL library: CIL module
 0001:00005fa5       ??__E?s_id@?$TObjectUniqueID@UILibraryLayered@libmedia@UModSys@@@tl@UModSys@@2USUniquePointer@core@3@A@@YAXXZ 10006fa5 f    CIL library: CIL module
 0001:00005fc7       ??__E?s_id@?$TObjectUniqueID@UIConsoleExt@base@UModSys@@@tl@UModSys@@2USUniquePointer@core@3@A@@YAXXZ 10006fc7 f    CIL library: CIL module
 0001:00005fe9       ??__E?s_id@?$TObjectUniqueID@UIConsoleHelper@base@UModSys@@@tl@UModSys@@2USUniquePointer@core@3@A@@YAXXZ 10006fe9 f    CIL library: CIL module
 0001:0000600b       ??__E?s_id@?$TObjectUniqueID@UIConsoleHelperHistory@base@UModSys@@@tl@UModSys@@2USUniquePointer@core@3@A@@YAXXZ 1000700b f    CIL library: CIL module
 0001:0000602d       ??__E?s_id@?$TObjectUniqueID@UIConsoleHelperInput@base@UModSys@@@tl@UModSys@@2USUniquePointer@core@3@A@@YAXXZ 1000702d f    CIL library: CIL module
 0001:0000604f       ??__E?s_id@?$TObjectUniqueID@UIConsoleHelperOutput@base@UModSys@@@tl@UModSys@@2USUniquePointer@core@3@A@@YAXXZ 1000704f f    CIL library: CIL module
 0001:00006071       ??__E?s_id@?$TObjectUniqueID@UIConsoleHelperOutputFCS@base@UModSys@@@tl@UModSys@@2USUniquePointer@core@3@A@@YAXXZ 10007071 f    CIL library: CIL module
 0001:00006093       ??__E?s_id@?$TObjectUniqueID@UIKeyboardController@libui@UModSys@@@tl@UModSys@@2USUniquePointer@core@3@A@@YAXXZ 10007093 f    CIL library: CIL module
 0001:000060b5       ??__E?s_id@?$TObjectUniqueID@UIMouseController@libui@UModSys@@@tl@UModSys@@2USUniquePointer@core@3@A@@YAXXZ 100070b5 f    CIL library: CIL module
 0001:000060d7       ??__E?s_id@?$TObjectUniqueID@UIJoystickController@libui@UModSys@@@tl@UModSys@@2USUniquePointer@core@3@A@@YAXXZ 100070d7 f    CIL library: CIL module
 0001:000060f9       ??__E?s_id@?$TObjectUniqueID@UITerminal@libui@UModSys@@@tl@UModSys@@2USUniquePointer@core@3@A@@YAXXZ 100070f9 f    CIL library: CIL module
 0001:0000611b       ??__E?s_id@?$TObjectUniqueID@UIConsoleHelperInput_UIKey@libui@UModSys@@@tl@UModSys@@2USUniquePointer@core@3@A@@YAXXZ 1000711b f    CIL library: CIL module
 0001:0000613d       ??__E?s_id@?$TObjectUniqueID@UIImage@lib2d@UModSys@@@tl@UModSys@@2USUniquePointer@core@3@A@@YAXXZ 1000713d f    CIL library: CIL module
 0001:0000615f       ??__E?s_id@?$TObjectUniqueID@UIMultiImage@lib2d@UModSys@@@tl@UModSys@@2USUniquePointer@core@3@A@@YAXXZ 1000715f f    CIL library: CIL module
 0001:00006181       ??__E?s_id@?$TObjectUniqueID@UIRenderDriver@lib2d@UModSys@@@tl@UModSys@@2USUniquePointer@core@3@A@@YAXXZ 10007181 f    CIL library: CIL module
 0001:000061a3       ??__E?s_id@?$TObjectUniqueID@UILines@test1@test@modules@UModSys@@@tl@UModSys@@2USUniquePointer@core@3@A@@YAXXZ 100071a3 f    CIL library: CIL module
 0001:000061c5       ??__E?s_id@?$TObjectUniqueID@URLines@test1@test@modules@UModSys@@@tl@UModSys@@2USUniquePointer@core@3@A@@YAXXZ 100071c5 f    CIL library: CIL module
 0001:000061e7       ??__E?s_id@?$TObjectUniqueID@URLines_Filter@test1@test@modules@UModSys@@@tl@UModSys@@2USUniquePointer@core@3@A@@YAXXZ 100071e7 f    CIL library: CIL module
 0001:00006209       ??__E?s_id@?$TObjectUniqueID@URTest1_Shell@test1@test@modules@UModSys@@@tl@UModSys@@2USUniquePointer@core@3@A@@YAXXZ 10007209 f    CIL library: CIL module
 0001:0000622b       ??__E?s_id@?$TObjectUniqueID@URGenerator@test1@test@modules@UModSys@@@tl@UModSys@@2USUniquePointer@core@3@A@@YAXXZ 1000722b f    CIL library: CIL module
 0001:0000624d       ??__E?s_modreg@RModuleReg@SDL_core@ui@modules@UModSys@@2U12345@A@@YAXXZ 1000724d f    CIL library: CIL module
 0001:0000627d       ??__E?s_modreg_chain@RModuleReg@SDL_core@ui@modules@UModSys@@2USModuleRegChain@base@5@A@@YAXXZ 1000727d f    CIL library: CIL module
 0001:00006298       ??__E?s_uid@RGenerator@SDL_core@ui@modules@UModSys@@2USUniquePointer@core@5@A@@YAXXZ 10007298 f    CIL library: CIL module
 0001:000062ba       ??__E?s_id@?$TObjectUniqueID@URMultiImage2D_SDL_ttf@SDL_core@ui@modules@UModSys@@@tl@UModSys@@2USUniquePointer@core@3@A@@YAXXZ 100072ba f    CIL library: CIL module
 0001:000062dc       ??__E?s_id@?$TObjectUniqueID@URRenderDriver2D@SDL_core@ui@modules@UModSys@@@tl@UModSys@@2USUniquePointer@core@3@A@@YAXXZ 100072dc f    CIL library: CIL module
 0001:000062fe       ??__E?s_id@?$TObjectUniqueID@URMouseController@SDL_core@ui@modules@UModSys@@@tl@UModSys@@2USUniquePointer@core@3@A@@YAXXZ 100072fe f    CIL library: CIL module
 0001:00006320       ??__E?s_id@?$TObjectUniqueID@URKeyboardController@SDL_core@ui@modules@UModSys@@@tl@UModSys@@2USUniquePointer@core@3@A@@YAXXZ 10007320 f    CIL library: CIL module
 0001:00006342       ??__E?s_id@?$TObjectUniqueID@URTerminal@SDL_core@ui@modules@UModSys@@@tl@UModSys@@2USUniquePointer@core@3@A@@YAXXZ 10007342 f    CIL library: CIL module
 0001:00006364       ??__E?s_id@?$TObjectUniqueID@URGenerator@SDL_core@ui@modules@UModSys@@@tl@UModSys@@2USUniquePointer@core@3@A@@YAXXZ 10007364 f    CIL library: CIL module
 0001:00006386       ??__E?s_modreg@RModuleReg@images_std@media@modules@UModSys@@2U12345@A@@YAXXZ 10007386 f    CIL library: CIL module
 0001:000063b6       ??__E?s_modreg_chain@RModuleReg@images_std@media@modules@UModSys@@2USModuleRegChain@base@5@A@@YAXXZ 100073b6 f    CIL library: CIL module
 0001:000063d1       ??__E?s_uid@RGenerator@images_std@media@modules@UModSys@@2USUniquePointer@core@5@A@@YAXXZ 100073d1 f    CIL library: CIL module
 0001:000063f3       ??__E?s_id@?$TObjectUniqueID@URMediaFilter@images_std@media@modules@UModSys@@@tl@UModSys@@2USUniquePointer@core@3@A@@YAXXZ 100073f3 f    CIL library: CIL module
 0001:00006415       ??__E?s_id@?$TObjectUniqueID@URGenerator@images_std@media@modules@UModSys@@@tl@UModSys@@2USUniquePointer@core@3@A@@YAXXZ 10007415 f    CIL library: CIL module
 0001:00006437       ??__EM@UModSys@@YAXXZ      10007437 f    CIL library: CIL module
 0001:00006443       ??__E?root@SModuleRegChain@base@UModSys@@2U123@A@@YAXXZ 10007443 f    CIL library: CIL module
 0001:0000644f       ??__E?s_library@RModuleLibraryReg_Chain@base@UModSys@@2U123@A@@YAXXZ 1000744f f    CIL library: CIL module
 0001:0000645b       ??__E?root@SUniquePointer@core@UModSys@@2U123@A@@YAXXZ 1000745b f    CIL library: CIL module
 0001:00006467       ??__F?s_modreg@RModuleReg@test1@test@modules@UModSys@@2U12345@A@@YAXXZ 10007467 f    CIL library: CIL module
 0001:00006472       ??__F?s_modreg_chain@RModuleReg@test1@test@modules@UModSys@@2USModuleRegChain@base@5@A@@YAXXZ 10007472 f    CIL library: CIL module
 0001:0000647c       ??__F?s_uid@RGenerator@test1@test@modules@UModSys@@2USUniquePointer@core@5@A@@YAXXZ 1000747c f    CIL library: CIL module
 0001:00006486       ??__Fh@?1??s_holder@RGenerator@test1@test@modules@UModSys@@SAAAU?$TTypeStaticHolder@URGenerator@test1@test@modules@UModSys@@@tl@5@XZ@YAXXZ 10007486 f    CIL library: CIL module
 0001:000064a3       ??__F?s_id@?$TObjectUniqueID@URGenerator@test1@test@modules@UModSys@@@tl@UModSys@@2USUniquePointer@core@3@A@@YAXXZ 100074a3 f    CIL library: CIL module
 0001:000064ad       ??__F?s_id@?$TObjectUniqueID@URTest1_Shell@test1@test@modules@UModSys@@@tl@UModSys@@2USUniquePointer@core@3@A@@YAXXZ 100074ad f    CIL library: CIL module
 0001:000064b7       ??__F?s_id@?$TObjectUniqueID@URLines_Filter@test1@test@modules@UModSys@@@tl@UModSys@@2USUniquePointer@core@3@A@@YAXXZ 100074b7 f    CIL library: CIL module
 0001:000064c1       ??__F?s_id@?$TObjectUniqueID@URLines@test1@test@modules@UModSys@@@tl@UModSys@@2USUniquePointer@core@3@A@@YAXXZ 100074c1 f    CIL library: CIL module
 0001:000064cb       ??__F?s_id@?$TObjectUniqueID@UILines@test1@test@modules@UModSys@@@tl@UModSys@@2USUniquePointer@core@3@A@@YAXXZ 100074cb f    CIL library: CIL module
 0001:000064d5       ??__F?s_id@?$TObjectUniqueID@UIRenderDriver@lib2d@UModSys@@@tl@UModSys@@2USUniquePointer@core@3@A@@YAXXZ 100074d5 f    CIL library: CIL module
 0001:000064df       ??__F?s_id@?$TObjectUniqueID@UIMultiImage@lib2d@UModSys@@@tl@UModSys@@2USUniquePointer@core@3@A@@YAXXZ 100074df f    CIL library: CIL module
 0001:000064e9       ??__F?s_id@?$TObjectUniqueID@UIImage@lib2d@UModSys@@@tl@UModSys@@2USUniquePointer@core@3@A@@YAXXZ 100074e9 f    CIL library: CIL module
 0001:000064f3       ??__F?s_id@?$TObjectUniqueID@UIConsoleHelperInput_UIKey@libui@UModSys@@@tl@UModSys@@2USUniquePointer@core@3@A@@YAXXZ 100074f3 f    CIL library: CIL module
 0001:000064fd       ??__F?s_id@?$TObjectUniqueID@UITerminal@libui@UModSys@@@tl@UModSys@@2USUniquePointer@core@3@A@@YAXXZ 100074fd f    CIL library: CIL module
 0001:00006507       ??__F?s_id@?$TObjectUniqueID@UIJoystickController@libui@UModSys@@@tl@UModSys@@2USUniquePointer@core@3@A@@YAXXZ 10007507 f    CIL library: CIL module
 0001:00006511       ??__F?s_id@?$TObjectUniqueID@UIMouseController@libui@UModSys@@@tl@UModSys@@2USUniquePointer@core@3@A@@YAXXZ 10007511 f    CIL library: CIL module
 0001:0000651b       ??__F?s_id@?$TObjectUniqueID@UIKeyboardController@libui@UModSys@@@tl@UModSys@@2USUniquePointer@core@3@A@@YAXXZ 1000751b f    CIL library: CIL module
 0001:00006525       ??__F?s_id@?$TObjectUniqueID@UIConsoleHelperOutputFCS@base@UModSys@@@tl@UModSys@@2USUniquePointer@core@3@A@@YAXXZ 10007525 f    CIL library: CIL module
 0001:0000652f       ??__F?s_id@?$TObjectUniqueID@UIConsoleHelperOutput@base@UModSys@@@tl@UModSys@@2USUniquePointer@core@3@A@@YAXXZ 1000752f f    CIL library: CIL module
 0001:00006539       ??__F?s_id@?$TObjectUniqueID@UIConsoleHelperInput@base@UModSys@@@tl@UModSys@@2USUniquePointer@core@3@A@@YAXXZ 10007539 f    CIL library: CIL module
 0001:00006543       ??__F?s_id@?$TObjectUniqueID@UIConsoleHelperHistory@base@UModSys@@@tl@UModSys@@2USUniquePointer@core@3@A@@YAXXZ 10007543 f    CIL library: CIL module
 0001:0000654d       ??__F?s_id@?$TObjectUniqueID@UIConsoleHelper@base@UModSys@@@tl@UModSys@@2USUniquePointer@core@3@A@@YAXXZ 1000754d f    CIL library: CIL module
 0001:00006557       ??__F?s_id@?$TObjectUniqueID@UIConsoleExt@base@UModSys@@@tl@UModSys@@2USUniquePointer@core@3@A@@YAXXZ 10007557 f    CIL library: CIL module
 0001:00006561       ??__F?s_id@?$TObjectUniqueID@UILibraryLayered@libmedia@UModSys@@@tl@UModSys@@2USUniquePointer@core@3@A@@YAXXZ 10007561 f    CIL library: CIL module
 0001:0000656b       ??__F?s_id@?$TObjectUniqueID@UILibraryObjCache@libmedia@UModSys@@@tl@UModSys@@2USUniquePointer@core@3@A@@YAXXZ 1000756b f    CIL library: CIL module
 0001:00006575       ??__F?s_id@?$TObjectUniqueID@UILibraryObjFilter@libmedia@UModSys@@@tl@UModSys@@2USUniquePointer@core@3@A@@YAXXZ 10007575 f    CIL library: CIL module
 0001:0000657f       ??__F?s_id@?$TObjectUniqueID@UILibraryBinCache@libmedia@UModSys@@@tl@UModSys@@2USUniquePointer@core@3@A@@YAXXZ 1000757f f    CIL library: CIL module
 0001:00006589       ??__F?s_id@?$TObjectUniqueID@UILibraryBinTree@libmedia@UModSys@@@tl@UModSys@@2USUniquePointer@core@3@A@@YAXXZ 10007589 f    CIL library: CIL module
 0001:00006593       ??__F?s_id@?$TObjectUniqueID@UILibrary@libmedia@UModSys@@@tl@UModSys@@2USUniquePointer@core@3@A@@YAXXZ 10007593 f    CIL library: CIL module
 0001:0000659d       ??__F?s_id@?$TObjectUniqueID@UIBinObjFilter@libmedia@UModSys@@@tl@UModSys@@2USUniquePointer@core@3@A@@YAXXZ 1000759d f    CIL library: CIL module
 0001:000065a7       ??__F?s_id@?$TObjectUniqueID@UIBinArchive@libmedia@UModSys@@@tl@UModSys@@2USUniquePointer@core@3@A@@YAXXZ 100075a7 f    CIL library: CIL module
 0001:000065b1       ??__F?s_id@?$TObjectUniqueID@UIStreamWriter@libmedia@UModSys@@@tl@UModSys@@2USUniquePointer@core@3@A@@YAXXZ 100075b1 f    CIL library: CIL module
 0001:000065bb       ??__F?s_id@?$TObjectUniqueID@UIStreamReader@libmedia@UModSys@@@tl@UModSys@@2USUniquePointer@core@3@A@@YAXXZ 100075bb f    CIL library: CIL module
 0001:000065c5       ??__F?s_id@?$TObjectUniqueID@UISystem@base@UModSys@@@tl@UModSys@@2USUniquePointer@core@3@A@@YAXXZ 100075c5 f    CIL library: CIL module
 0001:000065cf       ??__F?s_id@?$TObjectUniqueID@UIConsole@base@UModSys@@@tl@UModSys@@2USUniquePointer@core@3@A@@YAXXZ 100075cf f    CIL library: CIL module
 0001:000065d9       ??__F?s_id@?$TObjectUniqueID@UIShell@base@UModSys@@@tl@UModSys@@2USUniquePointer@core@3@A@@YAXXZ 100075d9 f    CIL library: CIL module
 0001:000065e3       ??__F?s_id@?$TObjectUniqueID@UIGenerator@base@UModSys@@@tl@UModSys@@2USUniquePointer@core@3@A@@YAXXZ 100075e3 f    CIL library: CIL module
 0001:000065ed       ??__F?s_id@?$TObjectUniqueID@UIModObject@base@UModSys@@@tl@UModSys@@2USUniquePointer@core@3@A@@YAXXZ 100075ed f    CIL library: CIL module
 0001:000065f7       ??__F?s_id@?$TObjectUniqueID@UIModuleLibrary@base@UModSys@@@tl@UModSys@@2USUniquePointer@core@3@A@@YAXXZ 100075f7 f    CIL library: CIL module
 0001:00006601       ??__F?s_id@?$TObjectUniqueID@UIModule@base@UModSys@@@tl@UModSys@@2USUniquePointer@core@3@A@@YAXXZ 10007601 f    CIL library: CIL module
 0001:0000660b       ??__F?s_id@?$TObjectUniqueID@UIParameters@core@UModSys@@@tl@UModSys@@2USUniquePointer@core@3@A@@YAXXZ 1000760b f    CIL library: CIL module
 0001:00006615       ??__F?s_id@?$TObjectUniqueID@UIRefObject@core@UModSys@@@tl@UModSys@@2USUniquePointer@core@3@A@@YAXXZ 10007615 f    CIL library: CIL module
 0001:0000661f       ??__F?s_id@?$TObjectUniqueID@UIRoot@core@UModSys@@@tl@UModSys@@2USUniquePointer@core@3@A@@YAXXZ 1000761f f    CIL library: CIL module
 0001:00006629       ??__F?s_modreg@RModuleReg@SDL_core@ui@modules@UModSys@@2U12345@A@@YAXXZ 10007629 f    CIL library: CIL module
 0001:00006634       ??__F?s_modreg_chain@RModuleReg@SDL_core@ui@modules@UModSys@@2USModuleRegChain@base@5@A@@YAXXZ 10007634 f    CIL library: CIL module
 0001:0000663e       ??__F?s_uid@RGenerator@SDL_core@ui@modules@UModSys@@2USUniquePointer@core@5@A@@YAXXZ 1000763e f    CIL library: CIL module
 0001:00006648       ??__Fh@?1??s_holder@RGenerator@SDL_core@ui@modules@UModSys@@SAAAU?$TTypeStaticHolder@URGenerator@SDL_core@ui@modules@UModSys@@@tl@5@XZ@YAXXZ 10007648 f    CIL library: CIL module
 0001:00006665       ??__F?s_id@?$TObjectUniqueID@URGenerator@SDL_core@ui@modules@UModSys@@@tl@UModSys@@2USUniquePointer@core@3@A@@YAXXZ 10007665 f    CIL library: CIL module
 0001:0000666f       ??__F?s_id@?$TObjectUniqueID@URTerminal@SDL_core@ui@modules@UModSys@@@tl@UModSys@@2USUniquePointer@core@3@A@@YAXXZ 1000766f f    CIL library: CIL module
 0001:00006679       ??__F?s_id@?$TObjectUniqueID@URKeyboardController@SDL_core@ui@modules@UModSys@@@tl@UModSys@@2USUniquePointer@core@3@A@@YAXXZ 10007679 f    CIL library: CIL module
 0001:00006683       ??__F?s_id@?$TObjectUniqueID@URMouseController@SDL_core@ui@modules@UModSys@@@tl@UModSys@@2USUniquePointer@core@3@A@@YAXXZ 10007683 f    CIL library: CIL module
 0001:0000668d       ??__F?s_id@?$TObjectUniqueID@URRenderDriver2D@SDL_core@ui@modules@UModSys@@@tl@UModSys@@2USUniquePointer@core@3@A@@YAXXZ 1000768d f    CIL library: CIL module
 0001:00006697       ??__F?s_id@?$TObjectUniqueID@URMultiImage2D_SDL_ttf@SDL_core@ui@modules@UModSys@@@tl@UModSys@@2USUniquePointer@core@3@A@@YAXXZ 10007697 f    CIL library: CIL module
 0001:000066a1       ??__F?s_modreg@RModuleReg@images_std@media@modules@UModSys@@2U12345@A@@YAXXZ 100076a1 f    CIL library: CIL module
 0001:000066ac       ??__F?s_modreg_chain@RModuleReg@images_std@media@modules@UModSys@@2USModuleRegChain@base@5@A@@YAXXZ 100076ac f    CIL library: CIL module
 0001:000066b6       ??__F?s_uid@RGenerator@images_std@media@modules@UModSys@@2USUniquePointer@core@5@A@@YAXXZ 100076b6 f    CIL library: CIL module
 0001:000066c0       ??__Fh@?1??s_holder@RGenerator@images_std@media@modules@UModSys@@SAAAU?$TTypeStaticHolder@URGenerator@images_std@media@modules@UModSys@@@tl@5@XZ@YAXXZ 100076c0 f    CIL library: CIL module
 0001:000066dd       ??__F?s_id@?$TObjectUniqueID@URGenerator@images_std@media@modules@UModSys@@@tl@UModSys@@2USUniquePointer@core@3@A@@YAXXZ 100076dd f    CIL library: CIL module
 0001:000066e7       ??__F?s_id@?$TObjectUniqueID@URMediaFilter@images_std@media@modules@UModSys@@@tl@UModSys@@2USUniquePointer@core@3@A@@YAXXZ 100076e7 f    CIL library: CIL module
 0001:000066f1       ??__FM@UModSys@@YAXXZ      100076f1 f    CIL library: CIL module
 0001:000066f2       ??__F?root@SModuleRegChain@base@UModSys@@2U123@A@@YAXXZ 100076f2 f    CIL library: CIL module
 0001:000066fc       ??__F?s_library@RModuleLibraryReg_Chain@base@UModSys@@2U123@A@@YAXXZ 100076fc f    CIL library: CIL module
 0001:00006707       ??__F?root@SUniquePointer@core@UModSys@@2U123@A@@YAXXZ 10007707 f    CIL library: CIL module

 Exports

  ordinal    name

        1    _UModSys_Plugin_Entry2@0
