 plugin_test2

 Timestamp is 52b0685b (Tue Dec 17 18:06:03 2013)

 Preferred load address is 10000000

 Start         Length     Name                   Class
 0001:00000000 00000ce4H .text                   CODE
 0001:00000ce4 0000019fH .text$yc                CODE
 0001:00000e83 00000099H .text$yd                CODE
 0002:00000000 00000094H .idata$5                DATA
 0002:00000094 00000004H .CRT$XCA                DATA
 0002:00000098 00000090H .CRT$XCU                DATA
 0002:00000128 00000004H .CRT$XCZ                DATA
 0002:0000012c 00000004H .CRT$XIA                DATA
 0002:00000130 00000004H .CRT$XIAA               DATA
 0002:00000134 00000004H .CRT$XIZ                DATA
 0002:00000138 00000248H .rdata                  DATA
 0002:00000380 00000170H .rdata$r                DATA
 0002:000004f0 00000004H .rdata$sxdata           DATA
 0002:000004f4 00000004H .rtc$IAA                DATA
 0002:000004f8 00000004H .rtc$IZZ                DATA
 0002:000004fc 00000004H .rtc$TAA                DATA
 0002:00000500 00000004H .rtc$TZZ                DATA
 0002:00000508 000000a4H .xdata$x                DATA
 0002:000005ac 00000028H .idata$2                DATA
 0002:000005d4 00000014H .idata$3                DATA
 0002:000005e8 00000094H .idata$4                DATA
 0002:0000067c 000002d0H .idata$6                DATA
 0002:00000950 0000005cH .edata                  DATA
 0003:00000000 00000117H .data                   DATA
 0003:00000118 0000049cH .bss                    DATA

  Address         Publics by Value              Rva+Base       Lib:Object

 0000:00000001       ___safe_se_handler_count   00000001     <absolute>
 0000:00000000       ___ImageBase               10000000     <linker-defined>
 0001:00000000       ?do_open@RTest2_ModuleReg@test2@UModSys@@UAE_NXZ 10001000 f i plugin_test2.obj
 0001:00000018       ?do_close@RTest2_ModuleReg@test2@UModSys@@UAE_NXZ 10001018 f i plugin_test2.obj
 0001:00000030       ??_GRTest2_ModuleReg@test2@UModSys@@UAEPAXI@Z 10001030 f i plugin_test2.obj
 0001:00000030       ??_ERTest2_ModuleReg@test2@UModSys@@UAEPAXI@Z 10001030 f i  CIL library: CIL module
 0001:00000030       ??_EIModuleReg@base@UModSys@@UAEPAXI@Z 10001030 f i  CIL library: CIL module
 0001:00000030       ??_GIModuleReg@base@UModSys@@UAEPAXI@Z 10001030 f i umodsys_lib_base:umodsys.base.modulereg.obj
 0001:0000004d       ?Link@SModuleContext@base@UModSys@@QAEXPAUISystem@23@PAUIMemAlloc@core@3@@Z 1000104d f   umodsys_lib_base:umodsys.base.modulecontext.obj
 0001:00000099       ??1SUniquePointer@core@UModSys@@QAE@XZ 10001099 f   umodsys_lib_core:umodsys.core.uniqueptr.obj
 0001:00000099       ??1SModuleRegChain@base@UModSys@@QAE@XZ 10001099 f   umodsys_lib_base:umodsys.base.moduleregchain.obj
 0001:000000b7       ?s_get@SModuleRegChain@base@UModSys@@SAPAUIModuleReg@23@I@Z 100010b7 f   umodsys_lib_base:umodsys.base.moduleregchain.obj
 0001:000000db       ?mlr_count@RModuleLibraryReg_Chain@base@UModSys@@UBEIXZ 100010db f   umodsys_lib_base:umodsys.base.moduleregchain.obj
 0001:000000ee       ?mlr_get@RModuleLibraryReg_Chain@base@UModSys@@UBEPAUIModuleReg@23@I@Z 100010ee f   umodsys_lib_base:umodsys.base.moduleregchain.obj
 0001:000000fb       ?mlr_open@RModuleLibraryReg_Chain@base@UModSys@@UAE_NPAUISystem@23@PAUIMemAlloc@core@3@@Z 100010fb f   umodsys_lib_base:umodsys.base.moduleregchain.obj
 0001:00000158       ?mlr_close@RModuleLibraryReg_Chain@base@UModSys@@UAE_NXZ 10001158 f   umodsys_lib_base:umodsys.base.moduleregchain.obj
 0001:000001b5       ?mlr_isopen@RModuleLibraryReg_Chain@base@UModSys@@UBE_NXZ 100011b5 f   umodsys_lib_base:umodsys.base.moduleregchain.obj
 0001:000001c1       ??_GIModuleLibraryReg@base@UModSys@@UAEPAXI@Z 100011c1 f i umodsys_lib_base:umodsys.base.modulereg.obj
 0001:000001c1       ??_EIModuleLibraryReg@base@UModSys@@UAEPAXI@Z 100011c1 f i  CIL library: CIL module
 0001:000001c1       ??_GRModuleLibraryReg_Chain@base@UModSys@@UAEPAXI@Z 100011c1 f i umodsys_lib_base:umodsys.base.moduleregchain.obj
 0001:000001c1       ??_ERModuleLibraryReg_Chain@base@UModSys@@UAEPAXI@Z 100011c1 f i  CIL library: CIL module
 0001:000001de       _UModSys_Plugin_Entry2@0   100011de f   umodsys_lib_base:umodsys.so_main.win32.obj
 0001:000001e4       ??0IModuleReg@base@UModSys@@QAE@PBDHH0@Z 100011e4 f   umodsys_lib_base:umodsys.base.modulereg.obj
 0001:0000025a       ?mr_isopen@IModuleReg@base@UModSys@@UBE_NXZ 1000125a f   umodsys_lib_base:umodsys.base.modulereg.obj
 0001:00000263       ?mr_open@IModuleReg@base@UModSys@@UAE_NXZ 10001263 f   umodsys_lib_base:umodsys.base.modulereg.obj
 0001:0000027e       ?mr_close@IModuleReg@base@UModSys@@UAE_NXZ 1000127e f   umodsys_lib_base:umodsys.base.modulereg.obj
 0001:0000028b       ?set@?$TString@U?$TSCoreConst@D@su@tl@UModSys@@U?$TComparerBinaryHash@D@234@@tl@UModSys@@QAEXPBD@Z 1000128b f i umodsys_lib_base:umodsys.base.moduleinfo.obj
 0001:000002d2       ??0SUniquePointer@core@UModSys@@QAE@PBD0H@Z 100012d2 f   umodsys_lib_core:umodsys.core.uniqueptr.obj
 0001:00000315       __onexit                   10001315 f   MSVCRT:atonexit.obj
 0001:000003ba       _atexit                    100013ba f   MSVCRT:atonexit.obj
 0001:000003d2       ??3@YAXPAX@Z               100013d2 f   MSVCRT:MSVCR90.dll
 0001:000003d8       ??_Etype_info@@UAEPAXI@Z   100013d8 f i MSVCRT:ti_inst.obj
 0001:00000473       __CRT_INIT@12              10001473 f   MSVCRT:crtdll.obj
 0001:000007af       __DllMainCRTStartup@12     100017af f   MSVCRT:crtdll.obj
 0001:000007d2       __purecall                 100017d2 f   MSVCRT:MSVCR90.dll
 0001:000007d8       __unlock                   100017d8 f   MSVCRT:MSVCR90.dll
 0001:000007de       ___dllonexit               100017de f   MSVCRT:MSVCR90.dll
 0001:000007e4       __lock                     100017e4 f   MSVCRT:MSVCR90.dll
 0001:000007ec       __SEH_prolog4              100017ec f   MSVCRT:sehprolg4.obj
 0001:00000831       __SEH_epilog4              10001831 f   MSVCRT:sehprolg4.obj
 0001:00000845       __except_handler4          10001845 f   MSVCRT:chandler4gs.obj
 0001:0000086a       ?__ArrayUnwind@@YGXPAXIHP6EX0@Z@Z 1000186a f   MSVCRT:ehvecdtr.obj
 0001:000008c8       ??_M@YGXPAXIHP6EX0@Z@Z     100018c8 f   MSVCRT:ehvecdtr.obj
 0001:0000092b       ___clean_type_info_names   1000192b f   MSVCRT:tncleanup.obj
 0001:00000937       __RTC_Initialize           10001937 f   MSVCRT:_initsect_.obj
 0001:0000095d       __RTC_Terminate            1000195d f   MSVCRT:_initsect_.obj
 0001:00000990       __ValidateImageBase        10001990 f   MSVCRT:pesect.obj
 0001:000009d0       __FindPESection            100019d0 f   MSVCRT:pesect.obj
 0001:00000a20       __IsNonwritableInCurrentImage 10001a20 f   MSVCRT:pesect.obj
 0001:00000ade       __initterm                 10001ade f   MSVCRT:MSVCR90.dll
 0001:00000ae4       __initterm_e               10001ae4 f   MSVCRT:MSVCR90.dll
 0001:00000aea       __amsg_exit                10001aea f   MSVCRT:MSVCR90.dll
 0001:00000af0       ___CppXcptFilter           10001af0 f   MSVCRT:MSVCR90.dll
 0001:00000af6       _DllMain@12                10001af6 f   MSVCRT:dllmain.obj
 0001:00000b1a       ___security_init_cookie    10001b1a f   MSVCRT:gs_support.obj
 0001:00000bb0       @__security_check_cookie@4 10001bb0 f   MSVCRT:secchk.obj
 0001:00000bc0       __except_handler4_common   10001bc0 f   MSVCRT:MSVCR90.dll
 0001:00000bc6       ?terminate@@YAXXZ          10001bc6 f   MSVCRT:MSVCR90.dll
 0001:00000bcc       ?_type_info_dtor_internal_method@type_info@@QAEXXZ 10001bcc f   MSVCRT:MSVCR90.dll
 0001:00000bcc       ??1type_info@@UAE@XZ       10001bcc f   MSVCRT:MSVCR90.dll
 0001:00000bd2       ___clean_type_info_names_internal 10001bd2 f   MSVCRT:MSVCR90.dll
 0001:00000bd8       ___report_gsfailure        10001bd8 f   MSVCRT:gs_report.obj
 0001:00000cde       __crt_debugger_hook        10001cde f   MSVCRT:MSVCR90.dll
 0002:00000000       __imp__SetUnhandledExceptionFilter@4 10002000     kernel32:KERNEL32.dll
 0002:00000004       __imp__UnhandledExceptionFilter@4 10002004     kernel32:KERNEL32.dll
 0002:00000008       __imp__GetCurrentProcess@0 10002008     kernel32:KERNEL32.dll
 0002:0000000c       __imp__TerminateProcess@8  1000200c     kernel32:KERNEL32.dll
 0002:00000010       __imp__GetSystemTimeAsFileTime@4 10002010     kernel32:KERNEL32.dll
 0002:00000014       __imp__GetCurrentProcessId@0 10002014     kernel32:KERNEL32.dll
 0002:00000018       __imp__GetCurrentThreadId@0 10002018     kernel32:KERNEL32.dll
 0002:0000001c       __imp__GetTickCount@0      1000201c     kernel32:KERNEL32.dll
 0002:00000020       __imp__QueryPerformanceCounter@4 10002020     kernel32:KERNEL32.dll
 0002:00000024       __imp__DisableThreadLibraryCalls@4 10002024     kernel32:KERNEL32.dll
 0002:00000028       __imp__InterlockedCompareExchange@12 10002028     kernel32:KERNEL32.dll
 0002:0000002c       __imp__Sleep@4             1000202c     kernel32:KERNEL32.dll
 0002:00000030       __imp__InterlockedExchange@8 10002030     kernel32:KERNEL32.dll
 0002:00000034       __imp__IsDebuggerPresent@0 10002034     kernel32:KERNEL32.dll
 0002:00000038       \177KERNEL32_NULL_THUNK_DATA 10002038     kernel32:KERNEL32.dll
 0002:0000003c       __imp____CppXcptFilter     1000203c     MSVCRT:MSVCR90.dll
 0002:00000040       __imp___except_handler4_common 10002040     MSVCRT:MSVCR90.dll
 0002:00000044       __imp___adjust_fdiv        10002044     MSVCRT:MSVCR90.dll
 0002:00000048       __imp_?_type_info_dtor_internal_method@type_info@@QAEXXZ 10002048     MSVCRT:MSVCR90.dll
 0002:0000004c       __imp____clean_type_info_names_internal 1000204c     MSVCRT:MSVCR90.dll
 0002:00000050       __imp___crt_debugger_hook  10002050     MSVCRT:MSVCR90.dll
 0002:00000054       __imp___amsg_exit          10002054     MSVCRT:MSVCR90.dll
 0002:00000058       __imp___initterm_e         10002058     MSVCRT:MSVCR90.dll
 0002:0000005c       __imp___initterm           1000205c     MSVCRT:MSVCR90.dll
 0002:00000060       __imp___encoded_null       10002060     MSVCRT:MSVCR90.dll
 0002:00000064       __imp__free                10002064     MSVCRT:MSVCR90.dll
 0002:00000068       __imp___malloc_crt         10002068     MSVCRT:MSVCR90.dll
 0002:0000006c       __imp___decode_pointer     1000206c     MSVCRT:MSVCR90.dll
 0002:00000070       __imp___onexit             10002070     MSVCRT:MSVCR90.dll
 0002:00000074       __imp___lock               10002074     MSVCRT:MSVCR90.dll
 0002:00000078       __imp___encode_pointer     10002078     MSVCRT:MSVCR90.dll
 0002:0000007c       __imp____dllonexit         1000207c     MSVCRT:MSVCR90.dll
 0002:00000080       __imp___unlock             10002080     MSVCRT:MSVCR90.dll
 0002:00000084       __imp___purecall           10002084     MSVCRT:MSVCR90.dll
 0002:00000088       __imp_?terminate@@YAXXZ    10002088     MSVCRT:MSVCR90.dll
 0002:0000008c       __imp_??3@YAXPAX@Z         1000208c     MSVCRT:MSVCR90.dll
 0002:00000090       \177MSVCR90_NULL_THUNK_DATA 10002090     MSVCRT:MSVCR90.dll
 0002:00000094       ___xc_a                    10002094     MSVCRT:cinitexe.obj
 0002:00000128       ___xc_z                    10002128     MSVCRT:cinitexe.obj
 0002:0000012c       ___xi_a                    1000212c     MSVCRT:cinitexe.obj
 0002:00000134       ___xi_z                    10002134     MSVCRT:cinitexe.obj
 0002:0000013c       ??_7type_info@@6B@         1000213c     MSVCRT:ti_inst.obj
 0002:00000140       __pRawDllMain              10002140     MSVCRT:crtdll.obj
 0002:00000140       __pDefaultRawDllMain       10002140     MSVCRT:crtdll.obj
 0002:0000014c       ??_C@_0P@GHFPNOJB@bad?5allocation?$AA@ 1000214c     plugin_test2.obj
 0002:0000015c       ??_C@_0BF@OCNNAADO@UModSys?3?3core?3?3IRoot?$AA@ 1000215c     plugin_test2.obj
 0002:00000174       ??_C@_0BK@EMIJFOPA@UModSys?3?3core?3?3IRefObject?$AA@ 10002174     plugin_test2.obj
 0002:00000190       ??_C@_0BL@IOMMHELF@UModSys?3?3core?3?3IParameters?$AA@ 10002190     plugin_test2.obj
 0002:000001ac       ??_C@_0BI@IKAOEFAP@UModSys?3?3base?3?3IConsole?$AA@ 100021ac     plugin_test2.obj
 0002:000001c4       ??_C@_0BH@LKDEEPPM@UModSys?3?3base?3?3IModule?$AA@ 100021c4     plugin_test2.obj
 0002:000001dc       ??_C@_0BO@PHJOHFCB@UModSys?3?3base?3?3IModuleLibrary?$AA@ 100021dc     plugin_test2.obj
 0002:000001fc       ??_C@_0BH@PFCONEJJ@UModSys?3?3base?3?3ISystem?$AA@ 100021fc     plugin_test2.obj
 0002:00000214       ??_C@_0BK@FDPIOPHG@UModSys?3?3base?3?3IModObject?$AA@ 10002214     plugin_test2.obj
 0002:00000230       ??_C@_0BK@OIBKNCKJ@UModSys?3?3base?3?3IGenerator?$AA@ 10002230     plugin_test2.obj
 0002:0000024c       ??_C@_0BG@PJBGCMEC@UModSys?3?3base?3?3IShell?$AA@ 1000224c     plugin_test2.obj
 0002:00000264       ??_C@_0BA@EFKDNKNF@Test?52?5?9?5module?$AA@ 10002264     plugin_test2.obj
 0002:00000274       ??_C@_0N@HFAGMDLL@tests?3?3test2?$AA@ 10002274     plugin_test2.obj
 0002:00000284       ??_C@_0BK@MDJCNGKO@RTest2_ModuleReg?3?3open?$CI?$CJ?6?$AA@ 10002284     plugin_test2.obj
 0002:000002a0       ??_C@_0BL@DPIOGOOM@RTest2_ModuleReg?3?3close?$CI?$CJ?6?$AA@ 100022a0     plugin_test2.obj
 0002:000002bc       ??_C@_08FCBDOIAH@typeinfo?$AA@ 100022bc     plugin_test2.obj
 0002:000002cc       ??_7RTest2_ModuleReg@test2@UModSys@@6B@ 100022cc     plugin_test2.obj
 0002:000002e8       ??_7RModuleLibraryReg_Chain@base@UModSys@@6B@ 100022e8     umodsys_lib_base:umodsys.base.moduleregchain.obj
 0002:00000304       ??_7IModuleReg@base@UModSys@@6B@ 10002304     umodsys_lib_base:umodsys.base.modulereg.obj
 0002:00000320       ??_7IModuleLibraryReg@base@UModSys@@6B@ 10002320     umodsys_lib_base:umodsys.base.modulereg.obj
 0002:00000338       __load_config_used         10002338     MSVCRT:loadcfg.obj
 0002:00000380       ??_R4type_info@@6B@        10002380     MSVCRT:ti_inst.obj
 0002:00000394       ??_R3type_info@@8          10002394     MSVCRT:ti_inst.obj
 0002:000003a4       ??_R2type_info@@8          100023a4     MSVCRT:ti_inst.obj
 0002:000003ac       ??_R1A@?0A@EA@type_info@@8 100023ac     MSVCRT:ti_inst.obj
 0002:000003c8       ??_R4RTest2_ModuleReg@test2@UModSys@@6B@ 100023c8     plugin_test2.obj
 0002:000003dc       ??_R3RTest2_ModuleReg@test2@UModSys@@8 100023dc     plugin_test2.obj
 0002:000003ec       ??_R2RTest2_ModuleReg@test2@UModSys@@8 100023ec     plugin_test2.obj
 0002:000003f8       ??_R1A@?0A@EA@IModuleReg@base@UModSys@@8 100023f8     plugin_test2.obj
 0002:00000414       ??_R3IModuleReg@base@UModSys@@8 10002414     plugin_test2.obj
 0002:00000424       ??_R2IModuleReg@base@UModSys@@8 10002424     plugin_test2.obj
 0002:0000042c       ??_R1A@?0A@EA@RTest2_ModuleReg@test2@UModSys@@8 1000242c     plugin_test2.obj
 0002:00000448       ??_R4RModuleLibraryReg_Chain@base@UModSys@@6B@ 10002448     umodsys_lib_base:umodsys.base.moduleregchain.obj
 0002:0000045c       ??_R3RModuleLibraryReg_Chain@base@UModSys@@8 1000245c     umodsys_lib_base:umodsys.base.moduleregchain.obj
 0002:0000046c       ??_R2RModuleLibraryReg_Chain@base@UModSys@@8 1000246c     umodsys_lib_base:umodsys.base.moduleregchain.obj
 0002:00000478       ??_R1A@?0A@EA@IModuleLibraryReg@base@UModSys@@8 10002478     umodsys_lib_base:umodsys.base.moduleregchain.obj
 0002:00000494       ??_R3IModuleLibraryReg@base@UModSys@@8 10002494     umodsys_lib_base:umodsys.base.moduleregchain.obj
 0002:000004a4       ??_R2IModuleLibraryReg@base@UModSys@@8 100024a4     umodsys_lib_base:umodsys.base.moduleregchain.obj
 0002:000004ac       ??_R1A@?0A@EA@RModuleLibraryReg_Chain@base@UModSys@@8 100024ac     umodsys_lib_base:umodsys.base.moduleregchain.obj
 0002:000004c8       ??_R4IModuleLibraryReg@base@UModSys@@6B@ 100024c8     umodsys_lib_base:umodsys.base.modulereg.obj
 0002:000004dc       ??_R4IModuleReg@base@UModSys@@6B@ 100024dc     umodsys_lib_base:umodsys.base.modulereg.obj
 0002:000004f0       ___safe_se_handler_table   100024f0     <linker-defined>
 0002:000004f4       ___rtc_iaa                 100024f4     MSVCRT:_initsect_.obj
 0002:000004f8       ___rtc_izz                 100024f8     MSVCRT:_initsect_.obj
 0002:000004fc       ___rtc_taa                 100024fc     MSVCRT:_initsect_.obj
 0002:00000500       ___rtc_tzz                 10002500     MSVCRT:_initsect_.obj
 0002:000005ac       __IMPORT_DESCRIPTOR_MSVCR90 100025ac     MSVCRT:MSVCR90.dll
 0002:000005c0       __IMPORT_DESCRIPTOR_KERNEL32 100025c0     kernel32:KERNEL32.dll
 0002:000005d4       __NULL_IMPORT_DESCRIPTOR   100025d4     MSVCRT:MSVCR90.dll
 0003:00000000       ??_R0?AVtype_info@@@8      10003000     MSVCRT:ti_inst.obj
 0003:00000018       ___native_dllmain_reason   10003018     MSVCRT:natstart.obj
 0003:0000001c       ___native_vcclrit_reason   1000301c     MSVCRT:natstart.obj
 0003:00000020       ___security_cookie         10003020     MSVCRT:gs_cookie.obj
 0003:00000024       ___security_cookie_complement 10003024     MSVCRT:gs_cookie.obj
 0003:00000028       ??_R0?AUIModuleReg@base@UModSys@@@8 10003028     plugin_test2.obj
 0003:00000050       ??_R0?AURTest2_ModuleReg@test2@UModSys@@@8 10003050     plugin_test2.obj
 0003:00000094       ?so_entry_enabled_flag@base@UModSys@@3HA 10003094     umodsys_lib_base:umodsys.so_main.win32.obj
 0003:000000a4       ?s_modreg_chain@RTest2_ModuleReg@test2@UModSys@@2USModuleRegChain@base@3@A 100030a4     plugin_test2.obj
 0003:000000b0       ?s_library@RModuleLibraryReg_Chain@base@UModSys@@2U123@A 100030b0     umodsys_lib_base:umodsys.base.moduleregchain.obj
 0003:000000b4       ??_R0?AUIModuleLibraryReg@base@UModSys@@@8 100030b4     umodsys_lib_base:umodsys.base.moduleregchain.obj
 0003:000000e4       ??_R0?AURModuleLibraryReg_Chain@base@UModSys@@@8 100030e4     umodsys_lib_base:umodsys.base.moduleregchain.obj
 0003:0000011c       __forceCRTManifestRTM      1000311c     MSVCRT:crtmanifestrtm.obj
 0003:00000120       ?__type_info_root_node@@3U__type_info_node@@A 10003120     MSVCRT:tncleanup.obj
 0003:0000044c       ?s_id@?$TObjectUniqueID@UIRefObject@core@UModSys@@@tl@UModSys@@2USUniquePointer@core@3@A 1000344c     plugin_test2.obj
 0003:00000464       ?s_id@?$TObjectUniqueID@UIRoot@core@UModSys@@@tl@UModSys@@2USUniquePointer@core@3@A 10003464     plugin_test2.obj
 0003:0000047c       ?s_id@?$TObjectUniqueID@UIModule@base@UModSys@@@tl@UModSys@@2USUniquePointer@core@3@A 1000347c     plugin_test2.obj
 0003:00000494       ?s_id@?$TObjectUniqueID@UIGenerator@base@UModSys@@@tl@UModSys@@2USUniquePointer@core@3@A 10003494     plugin_test2.obj
 0003:000004ac       ?s_id@?$TObjectUniqueID@UIModuleLibrary@base@UModSys@@@tl@UModSys@@2USUniquePointer@core@3@A 100034ac     plugin_test2.obj
 0003:000004c4       ?s_modreg@RTest2_ModuleReg@test2@UModSys@@2U123@A 100034c4     plugin_test2.obj
 0003:000004ec       ?M@UModSys@@3USModuleContext@base@1@A 100034ec     umodsys_lib_base:umodsys.base.modulecontext.obj
 0003:00000500       ?root@SModuleRegChain@base@UModSys@@2U123@A 10003500     umodsys_lib_base:umodsys.base.moduleregchain.obj
 0003:0000050c       ?root@SUniquePointer@core@UModSys@@2U123@A 1000350c     umodsys_lib_core:umodsys.core.uniqueptr.obj
 0003:00000524       ?s_id@?$TObjectUniqueID@UIParameters@core@UModSys@@@tl@UModSys@@2USUniquePointer@core@3@A 10003524     plugin_test2.obj
 0003:0000053c       ?s_id@?$TObjectUniqueID@UISystem@base@UModSys@@@tl@UModSys@@2USUniquePointer@core@3@A 1000353c     plugin_test2.obj
 0003:00000554       ?s_id@?$TObjectUniqueID@UIModObject@base@UModSys@@@tl@UModSys@@2USUniquePointer@core@3@A 10003554     plugin_test2.obj
 0003:0000056c       ?s_id@?$TObjectUniqueID@UIShell@base@UModSys@@@tl@UModSys@@2USUniquePointer@core@3@A 1000356c     plugin_test2.obj
 0003:00000584       ?s_id@?$TObjectUniqueID@UIConsole@base@UModSys@@@tl@UModSys@@2USUniquePointer@core@3@A 10003584     plugin_test2.obj
 0003:0000059c       __adjust_fdiv              1000359c     <common>
 0003:000005a0       ___native_startup_state    100035a0     <common>
 0003:000005a4       ___native_startup_lock     100035a4     <common>
 0003:000005a8       ___dyn_tls_init_callback   100035a8     <common>
 0003:000005ac       ___onexitend               100035ac     <common>
 0003:000005b0       ___onexitbegin             100035b0     <common>

 entry point at        0001:000007af

 Static symbols

 0001:00000424       _pre_c_init                10001424 f   MSVCRT:crtdll.obj
 0001:00000699       ___DllMainCRTStartup       10001699 f   MSVCRT:crtdll.obj
 0001:00000ce4       ??__E?s_modreg@RTest2_ModuleReg@test2@UModSys@@2U123@A@@YAXXZ 10001ce4 f    CIL library: CIL module
 0001:00000cff       ??__E?s_modreg_chain@RTest2_ModuleReg@test2@UModSys@@2USModuleRegChain@base@3@A@@YAXXZ 10001cff f    CIL library: CIL module
 0001:00000d31       ??__E?s_id@?$TObjectUniqueID@UIRoot@core@UModSys@@@tl@UModSys@@2USUniquePointer@core@3@A@@YAXXZ 10001d31 f    CIL library: CIL module
 0001:00000d4e       ??__E?s_id@?$TObjectUniqueID@UIRefObject@core@UModSys@@@tl@UModSys@@2USUniquePointer@core@3@A@@YAXXZ 10001d4e f    CIL library: CIL module
 0001:00000d6b       ??__E?s_id@?$TObjectUniqueID@UIParameters@core@UModSys@@@tl@UModSys@@2USUniquePointer@core@3@A@@YAXXZ 10001d6b f    CIL library: CIL module
 0001:00000d88       ??__E?s_id@?$TObjectUniqueID@UIConsole@base@UModSys@@@tl@UModSys@@2USUniquePointer@core@3@A@@YAXXZ 10001d88 f    CIL library: CIL module
 0001:00000da5       ??__E?s_id@?$TObjectUniqueID@UIModule@base@UModSys@@@tl@UModSys@@2USUniquePointer@core@3@A@@YAXXZ 10001da5 f    CIL library: CIL module
 0001:00000dc2       ??__E?s_id@?$TObjectUniqueID@UIModuleLibrary@base@UModSys@@@tl@UModSys@@2USUniquePointer@core@3@A@@YAXXZ 10001dc2 f    CIL library: CIL module
 0001:00000ddf       ??__E?s_id@?$TObjectUniqueID@UISystem@base@UModSys@@@tl@UModSys@@2USUniquePointer@core@3@A@@YAXXZ 10001ddf f    CIL library: CIL module
 0001:00000dfc       ??__E?s_id@?$TObjectUniqueID@UIModObject@base@UModSys@@@tl@UModSys@@2USUniquePointer@core@3@A@@YAXXZ 10001dfc f    CIL library: CIL module
 0001:00000e19       ??__E?s_id@?$TObjectUniqueID@UIGenerator@base@UModSys@@@tl@UModSys@@2USUniquePointer@core@3@A@@YAXXZ 10001e19 f    CIL library: CIL module
 0001:00000e36       ??__E?s_id@?$TObjectUniqueID@UIShell@base@UModSys@@@tl@UModSys@@2USUniquePointer@core@3@A@@YAXXZ 10001e36 f    CIL library: CIL module
 0001:00000e53       ??__EM@UModSys@@YAXXZ      10001e53 f    CIL library: CIL module
 0001:00000e5f       ??__E?root@SModuleRegChain@base@UModSys@@2U123@A@@YAXXZ 10001e5f f    CIL library: CIL module
 0001:00000e6b       ??__E?s_library@RModuleLibraryReg_Chain@base@UModSys@@2U123@A@@YAXXZ 10001e6b f    CIL library: CIL module
 0001:00000e77       ??__E?root@SUniquePointer@core@UModSys@@2U123@A@@YAXXZ 10001e77 f    CIL library: CIL module
 0001:00000e83       ??__F?s_modreg@RTest2_ModuleReg@test2@UModSys@@2U123@A@@YAXXZ 10001e83 f    CIL library: CIL module
 0001:00000e8e       ??__F?s_modreg_chain@RTest2_ModuleReg@test2@UModSys@@2USModuleRegChain@base@3@A@@YAXXZ 10001e8e f    CIL library: CIL module
 0001:00000e98       ??__F?s_id@?$TObjectUniqueID@UIShell@base@UModSys@@@tl@UModSys@@2USUniquePointer@core@3@A@@YAXXZ 10001e98 f    CIL library: CIL module
 0001:00000ea2       ??__F?s_id@?$TObjectUniqueID@UIGenerator@base@UModSys@@@tl@UModSys@@2USUniquePointer@core@3@A@@YAXXZ 10001ea2 f    CIL library: CIL module
 0001:00000eac       ??__F?s_id@?$TObjectUniqueID@UIModObject@base@UModSys@@@tl@UModSys@@2USUniquePointer@core@3@A@@YAXXZ 10001eac f    CIL library: CIL module
 0001:00000eb6       ??__F?s_id@?$TObjectUniqueID@UISystem@base@UModSys@@@tl@UModSys@@2USUniquePointer@core@3@A@@YAXXZ 10001eb6 f    CIL library: CIL module
 0001:00000ec0       ??__F?s_id@?$TObjectUniqueID@UIModuleLibrary@base@UModSys@@@tl@UModSys@@2USUniquePointer@core@3@A@@YAXXZ 10001ec0 f    CIL library: CIL module
 0001:00000eca       ??__F?s_id@?$TObjectUniqueID@UIModule@base@UModSys@@@tl@UModSys@@2USUniquePointer@core@3@A@@YAXXZ 10001eca f    CIL library: CIL module
 0001:00000ed4       ??__F?s_id@?$TObjectUniqueID@UIConsole@base@UModSys@@@tl@UModSys@@2USUniquePointer@core@3@A@@YAXXZ 10001ed4 f    CIL library: CIL module
 0001:00000ede       ??__F?s_id@?$TObjectUniqueID@UIParameters@core@UModSys@@@tl@UModSys@@2USUniquePointer@core@3@A@@YAXXZ 10001ede f    CIL library: CIL module
 0001:00000ee8       ??__F?s_id@?$TObjectUniqueID@UIRefObject@core@UModSys@@@tl@UModSys@@2USUniquePointer@core@3@A@@YAXXZ 10001ee8 f    CIL library: CIL module
 0001:00000ef2       ??__F?s_id@?$TObjectUniqueID@UIRoot@core@UModSys@@@tl@UModSys@@2USUniquePointer@core@3@A@@YAXXZ 10001ef2 f    CIL library: CIL module
 0001:00000efc       ??__FM@UModSys@@YAXXZ      10001efc f    CIL library: CIL module
 0001:00000efd       ??__F?root@SModuleRegChain@base@UModSys@@2U123@A@@YAXXZ 10001efd f    CIL library: CIL module
 0001:00000f07       ??__F?s_library@RModuleLibraryReg_Chain@base@UModSys@@2U123@A@@YAXXZ 10001f07 f    CIL library: CIL module
 0001:00000f12       ??__F?root@SUniquePointer@core@UModSys@@2U123@A@@YAXXZ 10001f12 f    CIL library: CIL module

 Exports

  ordinal    name

        1    _UModSys_Plugin_Entry2@0
