 plugin_test1

 Timestamp is 52a71f13 (Tue Dec 10 17:02:59 2013)

 Preferred load address is 10000000

 Start         Length     Name                   Class
 0001:00000000 0000f26aH .text                   CODE
 0001:0000f26a 00000768H .text$x                 CODE
 0001:0000f9d2 00000bebH .text$yc                CODE
 0001:000105bd 0000043aH .text$yd                CODE
 0002:00000000 000001d0H .idata$5                DATA
 0002:000001d0 00000004H .CRT$XCA                DATA
 0002:000001d4 000007ccH .CRT$XCU                DATA
 0002:000009a0 00000004H .CRT$XCZ                DATA
 0002:000009a4 00000004H .CRT$XIA                DATA
 0002:000009a8 00000004H .CRT$XIAA               DATA
 0002:000009ac 00000004H .CRT$XIC                DATA
 0002:000009b0 00000004H .CRT$XIZ                DATA
 0002:000009b8 00002180H .rdata                  DATA
 0002:00002b38 00001738H .rdata$r                DATA
 0002:00004270 000000c8H .rdata$sxdata           DATA
 0002:00004338 00000004H .rtc$IAA                DATA
 0002:0000433c 00000004H .rtc$IZZ                DATA
 0002:00004340 00000004H .rtc$TAA                DATA
 0002:00004344 00000004H .rtc$TZZ                DATA
 0002:00004348 00000becH .xdata$x                DATA
 0002:00004f34 00000064H .idata$2                DATA
 0002:00004f98 00000014H .idata$3                DATA
 0002:00004fac 000001d0H .idata$4                DATA
 0002:0000517c 00000880H .idata$6                DATA
 0002:00005a00 0000005cH .edata                  DATA
 0003:00000000 00000dd0H .data                   DATA
 0003:00000dd0 00001498H .bss                    DATA

  Address         Publics by Value              Rva+Base       Lib:Object

 0000:00000000       __except_list              00000000     <absolute>
 0000:00000032       ___safe_se_handler_count   00000032     <absolute>
 0000:00009876       __ldused                   00009876     <absolute>
 0000:00009876       __fltused                  00009876     <absolute>
 0000:00000000       ___ImageBase               10000000     <linker-defined>
 0001:00000000       ?new_data@SMemorySharedData@core@UModSys@@SAPAU123@IPBUSSourceContext@23@@Z 10001000 f i plugin_test1.obj
 0001:00000024       ?link@SCMemShared@core@UModSys@@QAE_NPAUSMemorySharedData@23@PAUSSourceContext@23@@Z 10001024 f i plugin_test1.obj
 0001:00000024       ?link@SMemShared@core@UModSys@@QAE_NPAUSMemorySharedData@23@PAUSSourceContext@23@@Z 10001024 f i plugin_test1.obj
 0001:00000049       ??6SUniquePtrList@core@UModSys@@QAEAAU012@PBUSUniquePointerInfo@12@@Z 10001049 f i plugin_test1.obj
 0001:0000007a       ??3IRoot@core@UModSys@@SAXPAXABUSIMemAlloc@12@@Z 1000107a f i plugin_test1.obj
 0001:00000093       ?_root_get_other_interface@IRefObject@core@UModSys@@IBEPBUIRoot@23@PBUSUniquePointerInfo@23@@Z 10001093 f i plugin_test1.obj
 0001:00000093       ?_root_get_other_interface@IRefObject@core@UModSys@@IAEPAUIRoot@23@PBUSUniquePointerInfo@23@@Z 10001093 f i plugin_test1.obj
 0001:000000b4       ?_root_get_interface_types@IRefObject@core@UModSys@@SAIAAUSUniquePtrList@23@@Z 100010b4 f i plugin_test1.obj
 0001:000000d4       ?_root_is_interface_supported@IRefObject@core@UModSys@@SA_NPBUSUniquePointerInfo@23@@Z 100010d4 f i plugin_test1.obj
 0001:000000eb       ??$seq@D@su@tl@UModSys@@YA_NPBD0@Z 100010eb f i plugin_test1.obj
 0001:00000118       ??1?$TParametersA@$0BAA@@core@UModSys@@QAE@XZ 10001118 f i umodsys_lib_libui:umodsys.mod.ui.SDL_core.obj
 0001:00000118       ??1?$TParametersA@$0EAA@@core@UModSys@@QAE@XZ 10001118 f i plugin_test1.obj
 0001:00000118       ??1SParameters@core@UModSys@@QAE@XZ 10001118 f i plugin_test1.obj
 0001:00000125       ?add@SParameters@core@UModSys@@QAE_NPBD0@Z 10001125 f i plugin_test1.obj
 0001:00000141       ?_root_get_other_interface@IGenerator@base@UModSys@@IBEPBUIRoot@core@3@PBUSUniquePointerInfo@53@@Z 10001141 f i plugin_test1.obj
 0001:00000141       ?_root_get_other_interface@IGenerator@base@UModSys@@IAEPAUIRoot@core@3@PBUSUniquePointerInfo@53@@Z 10001141 f i plugin_test1.obj
 0001:0000015d       ?_root_is_interface_supported@IGenerator@base@UModSys@@SA_NPBUSUniquePointerInfo@core@3@@Z 1000115d f i plugin_test1.obj
 0001:0000017d       ?bin_reader@ILibrary@libmedia@UModSys@@QAE?AU?$TRefObject@UIStreamReader@libmedia@UModSys@@U?$TRefObjectFunc@UIStreamReader@libmedia@UModSys@@@tl@3@@tl@3@ABU?$TString@U?$TSCoreConst@D@su@tl@UModSys@@U?$TComparerBinaryHash@D@234@@53@ABU?$TFlags4State@USMediaFlagUid@libmedia@UModSys@@I@53@@Z 1000117d f i plugin_test1.obj
 0001:000001ac       ?bin_writer@ILibrary@libmedia@UModSys@@QAE?AU?$TRefObject@UIStreamWriter@libmedia@UModSys@@U?$TRefObjectFunc@UIStreamWriter@libmedia@UModSys@@@tl@3@@tl@3@ABU?$TString@U?$TSCoreConst@D@su@tl@UModSys@@U?$TComparerBinaryHash@D@234@@53@ABU?$TFlags4State@USMediaFlagUid@libmedia@UModSys@@I@53@@Z 100011ac f i plugin_test1.obj
 0001:000001db       ?obj_save@ILibrary@libmedia@UModSys@@QAE_NABU?$TString@U?$TSCoreConst@D@su@tl@UModSys@@U?$TComparerBinaryHash@D@234@@tl@3@PBUIRefObject@core@3@0PBUSParameters@73@ABU?$TFlags4State@USMediaFlagUid@libmedia@UModSys@@I@53@@Z 100011db f i plugin_test1.obj
 0001:00000225       ?mount_add@ILibraryBinTree@libmedia@UModSys@@QAE_NABU?$TString@U?$TSCoreConst@D@su@tl@UModSys@@U?$TComparerBinaryHash@D@234@@tl@3@PAUIBinArchive@23@H@Z 10001225 f i plugin_test1.obj
 0001:00000293       ?mount_add@ILibraryBinTree@libmedia@UModSys@@QAE_NABU?$TString@U?$TSCoreConst@D@su@tl@UModSys@@U?$TComparerBinaryHash@D@234@@tl@3@HPAUIBinArchive@23@H@Z 10001293 f i plugin_test1.obj
 0001:00000304       ??1SLayer@ILibraryLayered@libmedia@UModSys@@QAE@XZ 10001304 f i plugin_test1.obj
 0001:00000304       ??1SPoint@ILibraryBinTree@libmedia@UModSys@@QAE@XZ 10001304 f i plugin_test1.obj
 0001:00000315       ?layer_push@ILibraryLayered@libmedia@UModSys@@QAE_NPAUILibrary@23@HABU?$TString@U?$TSCoreConst@D@su@tl@UModSys@@U?$TComparerBinaryHash@D@234@@tl@3@@Z 10001315 f i plugin_test1.obj
 0001:0000037d       ??0SSerializeValue@libmedia@UModSys@@QAE@PBD@Z 1000137d f i plugin_test1.obj
 0001:0000039c       ?render_text@IRenderDriver@lib2d@UModSys@@QAE_NABU?$TVector2@H@math3d@3@PBHHPBU?$TVector2@M@53@@Z 1000139c f i plugin_test1.obj
 0001:000003ca       ?root_get_interface_info@RTest1_Shell@test1@test@modules@UModSys@@UBEABUSUniquePointerInfo@core@5@XZ 100013ca f i plugin_test1.obj
 0001:000003d0       ?root_get_interface_type@RTest1_Shell@test1@test@modules@UModSys@@UBEPBUSUniquePointerInfo@core@5@XZ 100013d0 f i plugin_test1.obj
 0001:000003d6       ?root_get_other_interface@RTest1_Shell@test1@test@modules@UModSys@@UAEPAUIRoot@core@5@PBUSUniquePointerInfo@75@@Z 100013d6 f i plugin_test1.obj
 0001:000003d6       ?root_get_other_interface@RTest1_Shell@test1@test@modules@UModSys@@UBEPBUIRoot@core@5@PBUSUniquePointerInfo@75@@Z 100013d6 f i plugin_test1.obj
 0001:000003f7       ?root_is_interface_supported@RTest1_Shell@test1@test@modules@UModSys@@UBE_NPBUSUniquePointerInfo@core@5@@Z 100013f7 f i plugin_test1.obj
 0001:0000041e       ?ref_add@RTest1_Shell@test1@test@modules@UModSys@@UBEXXZ 1000141e f i plugin_test1.obj
 0001:00000422       ?ref_remove@RTest1_Shell@test1@test@modules@UModSys@@UBEXXZ 10001422 f i plugin_test1.obj
 0001:0000042d       ?ref_weak@RTest1_Shell@test1@test@modules@UModSys@@UBE_NAAUWeakPointer@IRefObject@core@5@@Z 1000142d f i plugin_test1.obj
 0001:0000044c       ?suicide@RTest1_Shell@test1@test@modules@UModSys@@UAEXXZ 1000144c f i plugin_test1.obj
 0001:00000493       ??0RTest1_Shell@test1@test@modules@UModSys@@QAE@PAUIModObject@base@4@@Z 10001493 f i plugin_test1.obj
 0001:0000059b       ??1RTest1_Shell@test1@test@modules@UModSys@@UAE@XZ 1000159b f i plugin_test1.obj
 0001:00000623       ?connect@RTest1_Shell@test1@test@modules@UModSys@@UAE_NXZ 10001623 f i plugin_test1.obj
 0001:0000063b       ?disconnect@RTest1_Shell@test1@test@modules@UModSys@@UAE_NXZ 1000163b f i plugin_test1.obj
 0001:00000653       ?process_tick@RTest1_Shell@test1@test@modules@UModSys@@UAE_NABUSTimeMsec@core@5@@Z 10001653 f i plugin_test1.obj
 0001:0000067e       ?process_command@RTest1_Shell@test1@test@modules@UModSys@@UAE_NHQBU?$TString@U?$TSCoreConst@D@su@tl@UModSys@@U?$TComparerBinaryHash@D@234@@tl@5@@Z 1000167e f i plugin_test1.obj
 0001:0000069c       ??_GRTest1_Shell@test1@test@modules@UModSys@@UAEPAXI@Z 1000169c f i plugin_test1.obj
 0001:0000069c       ??_ERTest1_Shell@test1@test@modules@UModSys@@UAEPAXI@Z 1000169c f i  CIL library: CIL module
 0001:000006b9       ?new_mem_image@RTest1_Shell@test1@test@modules@UModSys@@QAE?AU?$TRefObject@UIImage@lib2d@UModSys@@U?$TRefObjectFunc@UIImage@lib2d@UModSys@@@tl@3@@tl@5@XZ 100016b9 f   plugin_test1.obj
 0001:00000739       ?media_arch_stdio@RTest1_Shell@test1@test@modules@UModSys@@QAE?AU?$TRefObject@UIBinArchive@libmedia@UModSys@@U?$TRefObjectFunc@UIBinArchive@libmedia@UModSys@@@tl@3@@tl@5@ABU?$TString@U?$TSCoreConst@D@su@tl@UModSys@@U?$TComparerBinaryHash@D@234@@75@@Z 10001739 f   plugin_test1.obj
 0001:000007c8       ?media_filter_new@RTest1_Shell@test1@test@modules@UModSys@@QAE?AU?$TRefObject@UIBinObjFilter@libmedia@UModSys@@U?$TRefObjectFunc@UIBinObjFilter@libmedia@UModSys@@@tl@3@@tl@5@ABU?$TString@U?$TSCoreConst@D@su@tl@UModSys@@U?$TComparerBinaryHash@D@234@@75@ABUSParameters@core@5@@Z 100017c8 f   plugin_test1.obj
 0001:00000848       ?media_vfs@RTest1_Shell@test1@test@modules@UModSys@@QAE?AU?$TRefObject@UILibraryBinTree@libmedia@UModSys@@U?$TRefObjectFunc@UILibraryBinTree@libmedia@UModSys@@@tl@3@@tl@5@XZ 10001848 f   plugin_test1.obj
 0001:000008c8       ?media_flt@RTest1_Shell@test1@test@modules@UModSys@@QAE?AU?$TRefObject@UILibraryObjFilter@libmedia@UModSys@@U?$TRefObjectFunc@UILibraryObjFilter@libmedia@UModSys@@@tl@3@@tl@5@XZ 100018c8 f   plugin_test1.obj
 0001:00000948       ?media_lay@RTest1_Shell@test1@test@modules@UModSys@@QAE?AU?$TRefObject@UILibraryLayered@libmedia@UModSys@@U?$TRefObjectFunc@UILibraryLayered@libmedia@UModSys@@@tl@3@@tl@5@XZ 10001948 f   plugin_test1.obj
 0001:000009c8       ?media_cache@RTest1_Shell@test1@test@modules@UModSys@@QAE?AU?$TRefObject@UILibrary@libmedia@UModSys@@U?$TRefObjectFunc@UILibrary@libmedia@UModSys@@@tl@3@@tl@5@_N@Z 100019c8 f   plugin_test1.obj
 0001:00000aa7       ?file_test6@RTest1_Shell@test1@test@modules@UModSys@@QAEXXZ 10001aa7 f   plugin_test1.obj
 0001:00001631       ?key_pressed@RTest1_Shell@test1@test@modules@UModSys@@UAE_NABUSKeyboardInputRaw@libui@5@@Z 10002631 f   plugin_test1.obj
 0001:00001672       ?key_text@RTest1_Shell@test1@test@modules@UModSys@@UAE_NABUSKeyboardInputText@libui@5@@Z 10002672 f   plugin_test1.obj
 0001:000016ab       ?mouse_event@RTest1_Shell@test1@test@modules@UModSys@@UAE_NABUSMouseInput@libui@5@@Z 100026ab f   plugin_test1.obj
 0001:00001718       ?command@RTest1_Shell@test1@test@modules@UModSys@@UAE_NABUSController@libui@5@HABUSFrameDataIn@75@@Z 10002718 f   plugin_test1.obj
 0001:00001753       ?db_get@RTest1_Shell@test1@test@modules@UModSys@@UAE_NABUSController@libui@5@QBDABUSFrameDataOut@75@@Z 10002753 f   plugin_test1.obj
 0001:000017a8       ?db_get@RTest1_Shell@test1@test@modules@UModSys@@UAE_NABUSController@libui@5@QBDHABUSFrameDataOut@75@@Z 100027a8 f   plugin_test1.obj
 0001:000017fb       ?key_setmodifier@RKeyboardController@SDL_core@ui@modules@UModSys@@UAE_NHHH@Z 100027fb f   umodsys_lib_libui:umodsys.mod.ui.SDL_core.obj
 0001:000017fb       ?get_cell_size@RMultiImage2D_SDL_ttf@SDL_core@ui@modules@UModSys@@UAE_NHAAU?$TVector2@H@math3d@5@PAU675@@Z 100027fb f   umodsys_lib_libui:umodsys.mod.ui.SDL_core.obj
 0001:000017fb       ?set_var_cell@RMultiImage2D_SDL_ttf@SDL_core@ui@modules@UModSys@@UAE_NPBUSImageCellInfo@lib2d@5@HH@Z 100027fb f   umodsys_lib_libui:umodsys.mod.ui.SDL_core.obj
 0001:000017fb       ?command_draw@RTest1_Shell@test1@test@modules@UModSys@@UAE_NABUSController@libui@5@PAUIRenderDriver@lib2d@5@ABU?$TBoundBox2@H@math3d@5@@Z 100027fb f   plugin_test1.obj
 0001:00001800       ?get_generated_names@RGenerator@test1@test@modules@UModSys@@UBEHAAUSUniquePtrList@core@5@@Z 10002800 f i plugin_test1.obj
 0001:00001819       ?get_generated_types@RGenerator@test1@test@modules@UModSys@@UBEHAAUSUniquePtrList@core@5@PBUSUniquePointerInfo@75@@Z 10002819 f i plugin_test1.obj
 0001:0000184d       ?generate@RGenerator@test1@test@modules@UModSys@@UAE_NAAU?$TRefObject@UIRefObject@core@UModSys@@U?$TRefObjectFunc@UIRefObject@core@UModSys@@@tl@3@@tl@5@PBUSUniquePointerInfo@core@5@ABUSParameters@95@@Z 1000284d f i plugin_test1.obj
 0001:000018cf       ?root_get_interface_info@RGenerator@test1@test@modules@UModSys@@UBEABUSUniquePointerInfo@core@5@XZ 100028cf f i plugin_test1.obj
 0001:000018d5       ?root_get_interface_type@RGenerator@test1@test@modules@UModSys@@UBEPBUSUniquePointerInfo@core@5@XZ 100028d5 f i plugin_test1.obj
 0001:000018db       ?root_get_other_interface@RGenerator@test1@test@modules@UModSys@@UBEPBUIRoot@core@5@PBUSUniquePointerInfo@75@@Z 100028db f i plugin_test1.obj
 0001:000018db       ?root_get_other_interface@RGenerator@test1@test@modules@UModSys@@UAEPAUIRoot@core@5@PBUSUniquePointerInfo@75@@Z 100028db f i plugin_test1.obj
 0001:000018f4       ?root_is_interface_supported@RGenerator@test1@test@modules@UModSys@@UBE_NPBUSUniquePointerInfo@core@5@@Z 100028f4 f i plugin_test1.obj
 0001:00001913       ?get_uid@RGenerator@test1@test@modules@UModSys@@UBEPBUSUniquePointerInfo@core@5@XZ 10002913 f i plugin_test1.obj
 0001:00001919       ?do_open@RModuleReg@test1@test@modules@UModSys@@UAE_NXZ 10002919 f i plugin_test1.obj
 0001:00001977       ?do_close@RModuleReg@test1@test@modules@UModSys@@UAE_NXZ 10002977 f i plugin_test1.obj
 0001:000019c6       ?get_module@RGenerator@test1@test@modules@UModSys@@UBEPAUIModule@base@5@XZ 100029c6 f   plugin_test1.obj
 0001:000019cc       ?mod_inc@RGenerator@test1@test@modules@UModSys@@UBE_NXZ 100029cc f   plugin_test1.obj
 0001:000019d7       ?mod_dec@RGenerator@test1@test@modules@UModSys@@UBE_NXZ 100029d7 f   plugin_test1.obj
 0001:000019e2       ?s_holder@RGenerator@test1@test@modules@UModSys@@SAAAU?$TTypeStaticHolder@URGenerator@test1@test@modules@UModSys@@@tl@5@XZ 100029e2 f   plugin_test1.obj
 0001:00001a14       ??0?$TString@U?$TSCoreConst@D@su@tl@UModSys@@U?$TComparerBinaryHash@D@234@@tl@UModSys@@QAE@PBD@Z 10002a14 f i plugin_test1.obj
 0001:00001a2e       ??8?$TString@U?$TSCoreConst@D@su@tl@UModSys@@U?$TComparerBinaryHash@D@234@@tl@UModSys@@QBE_NPBD@Z 10002a2e f i plugin_test1.obj
 0001:00001a50       ??0?$TParametersA@$0EAA@@core@UModSys@@QAE@XZ 10002a50 f i plugin_test1.obj
 0001:00001a7f       ?set@?$TString@U?$TSCoreConst@D@su@tl@UModSys@@U?$TComparerBinaryHash@D@234@@tl@UModSys@@QAEXPBD@Z 10002a7f f i plugin_test1.obj
 0001:00001aa8       ?update@?$TComparerBinaryHash@D@su@tl@UModSys@@QAEXPBDI@Z 10002aa8 f i plugin_test1.obj
 0001:00001ad4       ?info_release@?$TSCoreShared@USIMemAlloc@core@UModSys@@D@su@tl@UModSys@@QAEXXZ 10002ad4 f i plugin_test1.obj
 0001:00001b04       ?info_new@?$TSCoreShared@USIMemAlloc@core@UModSys@@D@su@tl@UModSys@@QAE_NPBDI@Z 10002b04 f i plugin_test1.obj
 0001:00001b65       ??$generate_type@UIImage@lib2d@UModSys@@@RTest1_Shell@test1@test@modules@UModSys@@QAE?AU?$TRefObject@UIImage@lib2d@UModSys@@U?$TRefObjectFunc@UIImage@lib2d@UModSys@@@tl@3@@tl@4@ABU?$TString@U?$TSCoreConst@D@su@tl@UModSys@@U?$TComparerBinaryHash@D@234@@64@ABUSParameters@core@4@PBD@Z 10002b65 f i plugin_test1.obj
 0001:00001c71       ??$generate_type@UIBinArchive@libmedia@UModSys@@@RTest1_Shell@test1@test@modules@UModSys@@QAE?AU?$TRefObject@UIBinArchive@libmedia@UModSys@@U?$TRefObjectFunc@UIBinArchive@libmedia@UModSys@@@tl@3@@tl@4@ABU?$TString@U?$TSCoreConst@D@su@tl@UModSys@@U?$TComparerBinaryHash@D@234@@64@ABUSParameters@core@4@PBD@Z 10002c71 f i plugin_test1.obj
 0001:00001d79       ??$generate_type@UIBinObjFilter@libmedia@UModSys@@@RTest1_Shell@test1@test@modules@UModSys@@QAE?AU?$TRefObject@UIBinObjFilter@libmedia@UModSys@@U?$TRefObjectFunc@UIBinObjFilter@libmedia@UModSys@@@tl@3@@tl@4@ABU?$TString@U?$TSCoreConst@D@su@tl@UModSys@@U?$TComparerBinaryHash@D@234@@64@ABUSParameters@core@4@PBD@Z 10002d79 f i plugin_test1.obj
 0001:00001e85       ??$generate_type@UILibraryBinTree@libmedia@UModSys@@@RTest1_Shell@test1@test@modules@UModSys@@QAE?AU?$TRefObject@UILibraryBinTree@libmedia@UModSys@@U?$TRefObjectFunc@UILibraryBinTree@libmedia@UModSys@@@tl@3@@tl@4@ABU?$TString@U?$TSCoreConst@D@su@tl@UModSys@@U?$TComparerBinaryHash@D@234@@64@ABUSParameters@core@4@PBD@Z 10002e85 f i plugin_test1.obj
 0001:00001f94       ??$generate_type@UILibraryObjFilter@libmedia@UModSys@@@RTest1_Shell@test1@test@modules@UModSys@@QAE?AU?$TRefObject@UILibraryObjFilter@libmedia@UModSys@@U?$TRefObjectFunc@UILibraryObjFilter@libmedia@UModSys@@@tl@3@@tl@4@ABU?$TString@U?$TSCoreConst@D@su@tl@UModSys@@U?$TComparerBinaryHash@D@234@@64@ABUSParameters@core@4@PBD@Z 10002f94 f i plugin_test1.obj
 0001:000020a0       ??$generate_type@UILibraryLayered@libmedia@UModSys@@@RTest1_Shell@test1@test@modules@UModSys@@QAE?AU?$TRefObject@UILibraryLayered@libmedia@UModSys@@U?$TRefObjectFunc@UILibraryLayered@libmedia@UModSys@@@tl@3@@tl@4@ABU?$TString@U?$TSCoreConst@D@su@tl@UModSys@@U?$TComparerBinaryHash@D@234@@64@ABUSParameters@core@4@PBD@Z 100030a0 f i plugin_test1.obj
 0001:000021ac       ??$generate_type@UILibraryObjCache@libmedia@UModSys@@@RTest1_Shell@test1@test@modules@UModSys@@QAE?AU?$TRefObject@UILibraryObjCache@libmedia@UModSys@@U?$TRefObjectFunc@UILibraryObjCache@libmedia@UModSys@@@tl@3@@tl@4@ABU?$TString@U?$TSCoreConst@D@su@tl@UModSys@@U?$TComparerBinaryHash@D@234@@64@ABUSParameters@core@4@PBD@Z 100031ac f i plugin_test1.obj
 0001:000022b8       ??$generate_type@UILibraryBinCache@libmedia@UModSys@@@RTest1_Shell@test1@test@modules@UModSys@@QAE?AU?$TRefObject@UILibraryBinCache@libmedia@UModSys@@U?$TRefObjectFunc@UILibraryBinCache@libmedia@UModSys@@@tl@3@@tl@4@ABU?$TString@U?$TSCoreConst@D@su@tl@UModSys@@U?$TComparerBinaryHash@D@234@@64@ABUSParameters@core@4@PBD@Z 100032b8 f i plugin_test1.obj
 0001:000023c4       ??$generate_type@UISerializeWriter@libmedia@UModSys@@@RTest1_Shell@test1@test@modules@UModSys@@QAE?AU?$TRefObject@UISerializeWriter@libmedia@UModSys@@U?$TRefObjectFunc@UISerializeWriter@libmedia@UModSys@@@tl@3@@tl@4@ABU?$TString@U?$TSCoreConst@D@su@tl@UModSys@@U?$TComparerBinaryHash@D@234@@64@ABUSParameters@core@4@PBD@Z 100033c4 f i plugin_test1.obj
 0001:000024d0       ??$generate_type@UISerializeReader@libmedia@UModSys@@@RTest1_Shell@test1@test@modules@UModSys@@QAE?AU?$TRefObject@UISerializeReader@libmedia@UModSys@@U?$TRefObjectFunc@UISerializeReader@libmedia@UModSys@@@tl@3@@tl@4@ABU?$TString@U?$TSCoreConst@D@su@tl@UModSys@@U?$TComparerBinaryHash@D@234@@64@ABUSParameters@core@4@PBD@Z 100034d0 f i plugin_test1.obj
 0001:000025dc       ??1?$TRefObject@UIModObject@base@UModSys@@U?$TModObjectFunc@UIModObject@base@UModSys@@@tl@3@@tl@UModSys@@QAE@XZ 100035dc f i plugin_test1.obj
 0001:000025f2       ?s_init@?$TModObjectFunc@UIModObject@base@UModSys@@@tl@UModSys@@SAXAAPAUIModObject@base@3@PAU453@@Z 100035f2 f i plugin_test1.obj
 0001:0000260b       ??$t_ref_get_other_interface@UIStreamReader@libmedia@UModSys@@U?$TRefObjectFunc@UIStreamReader@libmedia@UModSys@@@tl@3@@IRefObject@core@UModSys@@QAE_NAAU?$TRefObject@UIStreamReader@libmedia@UModSys@@U?$TRefObjectFunc@UIStreamReader@libmedia@UModSys@@@tl@3@@tl@2@@Z 1000360b f i plugin_test1.obj
 0001:0000263a       ??$t_ref_get_other_interface@UIStreamWriter@libmedia@UModSys@@U?$TRefObjectFunc@UIStreamWriter@libmedia@UModSys@@@tl@3@@IRefObject@core@UModSys@@QAE_NAAU?$TRefObject@UIStreamWriter@libmedia@UModSys@@U?$TRefObjectFunc@UIStreamWriter@libmedia@UModSys@@@tl@3@@tl@2@@Z 1000363a f i plugin_test1.obj
 0001:00002669       ??$t_ref_get_other_interface@UIMultiImage@lib2d@UModSys@@U?$TRefObjectFunc@UIMultiImage@lib2d@UModSys@@@tl@3@@IRefObject@core@UModSys@@QAE_NAAU?$TRefObject@UIMultiImage@lib2d@UModSys@@U?$TRefObjectFunc@UIMultiImage@lib2d@UModSys@@@tl@3@@tl@2@@Z 10003669 f i plugin_test1.obj
 0001:00002698       ??$t_ref_get_other_interface@UIRenderDriver@lib2d@UModSys@@U?$TRefObjectFunc@UIRenderDriver@lib2d@UModSys@@@tl@3@@IRefObject@core@UModSys@@QAE_NAAU?$TRefObject@UIRenderDriver@lib2d@UModSys@@U?$TRefObjectFunc@UIRenderDriver@lib2d@UModSys@@@tl@3@@tl@2@@Z 10003698 f i plugin_test1.obj
 0001:000026c7       ??$t_generate@UIImage@lib2d@UModSys@@@SModuleContext@base@UModSys@@QAE_NAAU?$TRefObject@UIImage@lib2d@UModSys@@U?$TRefObjectFunc@UIImage@lib2d@UModSys@@@tl@3@@tl@2@PBUSUniquePointerInfo@core@2@ABUSParameters@62@@Z 100036c7 f i plugin_test1.obj
 0001:00002738       ??$t_generate@UIBinArchive@libmedia@UModSys@@@SModuleContext@base@UModSys@@QAE_NAAU?$TRefObject@UIBinArchive@libmedia@UModSys@@U?$TRefObjectFunc@UIBinArchive@libmedia@UModSys@@@tl@3@@tl@2@PBUSUniquePointerInfo@core@2@ABUSParameters@62@@Z 10003738 f i plugin_test1.obj
 0001:000027d4       ??$t_generate@UIBinObjFilter@libmedia@UModSys@@@SModuleContext@base@UModSys@@QAE_NAAU?$TRefObject@UIBinObjFilter@libmedia@UModSys@@U?$TRefObjectFunc@UIBinObjFilter@libmedia@UModSys@@@tl@3@@tl@2@PBUSUniquePointerInfo@core@2@ABUSParameters@62@@Z 100037d4 f i plugin_test1.obj
 0001:00002870       ??$t_generate@UILibraryBinTree@libmedia@UModSys@@@SModuleContext@base@UModSys@@QAE_NAAU?$TRefObject@UILibraryBinTree@libmedia@UModSys@@U?$TRefObjectFunc@UILibraryBinTree@libmedia@UModSys@@@tl@3@@tl@2@PBUSUniquePointerInfo@core@2@ABUSParameters@62@@Z 10003870 f i plugin_test1.obj
 0001:0000290c       ??$t_generate@UILibraryObjFilter@libmedia@UModSys@@@SModuleContext@base@UModSys@@QAE_NAAU?$TRefObject@UILibraryObjFilter@libmedia@UModSys@@U?$TRefObjectFunc@UILibraryObjFilter@libmedia@UModSys@@@tl@3@@tl@2@PBUSUniquePointerInfo@core@2@ABUSParameters@62@@Z 1000390c f i plugin_test1.obj
 0001:000029a8       ??$t_generate@UILibraryLayered@libmedia@UModSys@@@SModuleContext@base@UModSys@@QAE_NAAU?$TRefObject@UILibraryLayered@libmedia@UModSys@@U?$TRefObjectFunc@UILibraryLayered@libmedia@UModSys@@@tl@3@@tl@2@PBUSUniquePointerInfo@core@2@ABUSParameters@62@@Z 100039a8 f i plugin_test1.obj
 0001:00002a44       ??$t_generate@UILibraryObjCache@libmedia@UModSys@@@SModuleContext@base@UModSys@@QAE_NAAU?$TRefObject@UILibraryObjCache@libmedia@UModSys@@U?$TRefObjectFunc@UILibraryObjCache@libmedia@UModSys@@@tl@3@@tl@2@PBUSUniquePointerInfo@core@2@ABUSParameters@62@@Z 10003a44 f i plugin_test1.obj
 0001:00002ae0       ??$t_generate@UILibraryBinCache@libmedia@UModSys@@@SModuleContext@base@UModSys@@QAE_NAAU?$TRefObject@UILibraryBinCache@libmedia@UModSys@@U?$TRefObjectFunc@UILibraryBinCache@libmedia@UModSys@@@tl@3@@tl@2@PBUSUniquePointerInfo@core@2@ABUSParameters@62@@Z 10003ae0 f i plugin_test1.obj
 0001:00002b7c       ??$t_generate@UISerializeWriter@libmedia@UModSys@@@SModuleContext@base@UModSys@@QAE_NAAU?$TRefObject@UISerializeWriter@libmedia@UModSys@@U?$TRefObjectFunc@UISerializeWriter@libmedia@UModSys@@@tl@3@@tl@2@PBUSUniquePointerInfo@core@2@ABUSParameters@62@@Z 10003b7c f i plugin_test1.obj
 0001:00002c18       ??$t_generate@UISerializeReader@libmedia@UModSys@@@SModuleContext@base@UModSys@@QAE_NAAU?$TRefObject@UISerializeReader@libmedia@UModSys@@U?$TRefObjectFunc@UISerializeReader@libmedia@UModSys@@@tl@3@@tl@2@PBUSUniquePointerInfo@core@2@ABUSParameters@62@@Z 10003c18 f i plugin_test1.obj
 0001:00002cb4       ??$t_ref_get_other_interface@UIImage@lib2d@UModSys@@U?$TRefObjectFunc@UIImage@lib2d@UModSys@@@tl@3@@IRefObject@core@UModSys@@QAE_NAAU?$TRefObject@UIImage@lib2d@UModSys@@U?$TRefObjectFunc@UIImage@lib2d@UModSys@@@tl@3@@tl@2@@Z 10003cb4 f i plugin_test1.obj
 0001:00002ce3       ?ConvertSameSize@stdlib@lib2d@modules@UModSys@@YA_NW4eImageType@24@ABU?$TVector2@H@math3d@4@11ABUSMem@core@4@11ABUSCMem@94@@Z 10003ce3 f i umodsys_lib_lib2d:umodsys.mod.2d.stdlib.obj
 0001:00002d66       ?ConvertSame@stdlib@lib2d@modules@UModSys@@YA_NW4eImageType@24@ABU?$TBoundBox2@H@math3d@4@ABU?$TVector2@H@74@ABUSMem@core@4@12ABUSCMem@core@4@@Z 10003d66 f i umodsys_lib_lib2d:umodsys.mod.2d.stdlib.obj
 0001:00002dc9       ?Convert@stdlib@lib2d@modules@UModSys@@YA_NABU?$TBoundBox2@H@math3d@4@ABUSImageInfo@24@ABUSMem@core@4@01ABUSCMem@94@@Z 10003dc9 f i umodsys_lib_lib2d:umodsys.mod.2d.stdlib.obj
 0001:00002e2b       ?root_get_interface_info@RImage_Memory@stdlib@lib2d@modules@UModSys@@UBEABUSUniquePointerInfo@core@5@XZ 10003e2b f i umodsys_lib_lib2d:umodsys.mod.2d.stdlib.obj
 0001:00002e31       ?root_get_interface_type@RImage_Memory@stdlib@lib2d@modules@UModSys@@UBEPBUSUniquePointerInfo@core@5@XZ 10003e31 f i umodsys_lib_lib2d:umodsys.mod.2d.stdlib.obj
 0001:00002e37       ?root_get_other_interface@RImage_Memory@stdlib@lib2d@modules@UModSys@@UAEPAUIRoot@core@5@PBUSUniquePointerInfo@75@@Z 10003e37 f i umodsys_lib_lib2d:umodsys.mod.2d.stdlib.obj
 0001:00002e37       ?root_get_other_interface@RImage_Memory@stdlib@lib2d@modules@UModSys@@UBEPBUIRoot@core@5@PBUSUniquePointerInfo@75@@Z 10003e37 f i umodsys_lib_lib2d:umodsys.mod.2d.stdlib.obj
 0001:00002e58       ?root_is_interface_supported@RImage_Memory@stdlib@lib2d@modules@UModSys@@UBE_NPBUSUniquePointerInfo@core@5@@Z 10003e58 f i umodsys_lib_lib2d:umodsys.mod.2d.stdlib.obj
 0001:00002e7f       ?ref_weak@RMultiImage2D_SDL_ttf@SDL_core@ui@modules@UModSys@@UBE_NAAUWeakPointer@IRefObject@core@5@@Z 10003e7f f i umodsys_lib_libui:umodsys.mod.ui.SDL_core.obj
 0001:00002e7f       ?ref_weak@RKeyboardController@SDL_core@ui@modules@UModSys@@UBE_NAAUWeakPointer@IRefObject@core@5@@Z 10003e7f f i umodsys_lib_libui:umodsys.mod.ui.SDL_core.obj
 0001:00002e7f       ?ref_weak@RTerminal@SDL_core@ui@modules@UModSys@@UBE_NAAUWeakPointer@IRefObject@core@5@@Z 10003e7f f i umodsys_lib_libui:umodsys.mod.ui.SDL_core.obj
 0001:00002e7f       ?ref_weak@RGenerator@SDL_core@ui@modules@UModSys@@UBE_NAAUWeakPointer@IRefObject@core@5@@Z 10003e7f f i umodsys_lib_libui:umodsys.mod.ui.SDL_core.obj
 0001:00002e7f       ?ref_weak@RGenerator@images_std@media@modules@UModSys@@UBE_NAAUWeakPointer@IRefObject@core@5@@Z 10003e7f f i umodsys_lib_libmedia:umodsys.mod.media.images_std.obj
 0001:00002e7f       ?ref_weak@RGenerator@frames@ui@modules@UModSys@@UBE_NAAUWeakPointer@IRefObject@core@5@@Z 10003e7f f i umodsys_lib_libui:umodsys.mod.ui.frames.obj
 0001:00002e7f       ?ref_weak@RRenderDriver2D@SDL_core@ui@modules@UModSys@@UBE_NAAUWeakPointer@IRefObject@core@5@@Z 10003e7f f i umodsys_lib_libui:umodsys.mod.ui.SDL_core.obj
 0001:00002e7f       ?ref_weak@RMouseController@SDL_core@ui@modules@UModSys@@UBE_NAAUWeakPointer@IRefObject@core@5@@Z 10003e7f f i umodsys_lib_libui:umodsys.mod.ui.SDL_core.obj
 0001:00002e7f       ?ref_weak@RGenerator@serialize_json@media@modules@UModSys@@UBE_NAAUWeakPointer@IRefObject@core@5@@Z 10003e7f f i umodsys_lib_libmedia:umodsys.mod.media.serialize_json.obj
 0001:00002e7f       ?ref_weak@RGenerator@stdlib@lib2d@modules@UModSys@@UBE_NAAUWeakPointer@IRefObject@core@5@@Z 10003e7f f i umodsys_lib_lib2d:umodsys.mod.2d.stdlib.obj
 0001:00002e7f       ?ref_weak@RSerializeReader@serialize_json@media@modules@UModSys@@UBE_NAAUWeakPointer@IRefObject@core@5@@Z 10003e7f f i umodsys_lib_libmedia:umodsys.mod.media.serialize_json.obj
 0001:00002e7f       ?ref_weak@RDialog@frames@ui@modules@UModSys@@UBE_NAAUWeakPointer@IRefObject@core@5@@Z 10003e7f f i umodsys_lib_libui:umodsys.mod.ui.frames.obj
 0001:00002e7f       ?ref_weak@RImage_Memory@stdlib@lib2d@modules@UModSys@@UBE_NAAUWeakPointer@IRefObject@core@5@@Z 10003e7f f i umodsys_lib_lib2d:umodsys.mod.2d.stdlib.obj
 0001:00002e7f       ?ref_weak@RGenerator@test1@test@modules@UModSys@@UBE_NAAUWeakPointer@IRefObject@core@5@@Z 10003e7f f i plugin_test1.obj
 0001:00002e9e       ?suicide@RTerminal@SDL_core@ui@modules@UModSys@@UAEXXZ 10003e9e f i umodsys_lib_libui:umodsys.mod.ui.SDL_core.obj
 0001:00002e9e       ?suicide@RSerializeReader@serialize_json@media@modules@UModSys@@UAEXXZ 10003e9e f i umodsys_lib_libmedia:umodsys.mod.media.serialize_json.obj
 0001:00002e9e       ?suicide@RImage_Memory@stdlib@lib2d@modules@UModSys@@UAEXXZ 10003e9e f i umodsys_lib_lib2d:umodsys.mod.2d.stdlib.obj
 0001:00002ee5       ??0State@RImage_Memory@stdlib@lib2d@modules@UModSys@@QAE@XZ 10003ee5 f i umodsys_lib_lib2d:umodsys.mod.2d.stdlib.obj
 0001:00002f17       ?set_info@RImage_Memory@stdlib@lib2d@modules@UModSys@@UAE_NABUSImagePatchInfo@35@PBD@Z 10003f17 f i umodsys_lib_lib2d:umodsys.mod.2d.stdlib.obj
 0001:0000307f       ?set_data@RImage_Memory@stdlib@lib2d@modules@UModSys@@UAE_NABUSImagePatchInfo@35@ABUSCMem@core@5@H@Z 1000407f f i umodsys_lib_lib2d:umodsys.mod.2d.stdlib.obj
 0001:000030e9       ?get_info@RImage_Memory@stdlib@lib2d@modules@UModSys@@UBEABUSImageInfo@35@XZ 100040e9 f i umodsys_lib_lib2d:umodsys.mod.2d.stdlib.obj
 0001:000030ed       ?get_data@RImage_Memory@stdlib@lib2d@modules@UModSys@@UBE_NABUSImagePatchInfo@35@ABUSMem@core@5@H@Z 100040ed f i umodsys_lib_lib2d:umodsys.mod.2d.stdlib.obj
 0001:00003173       ??0RImage_Memory@stdlib@lib2d@modules@UModSys@@QAE@PAUIModObject@base@4@ABUSParameters@core@4@@Z 10004173 f i umodsys_lib_lib2d:umodsys.mod.2d.stdlib.obj
 0001:000031bf       ??1SMemShared@core@UModSys@@QAE@XZ 100041bf f i plugin_test1.obj
 0001:000031bf       ??1State@RImage_Memory@stdlib@lib2d@modules@UModSys@@QAE@XZ 100041bf f i umodsys_lib_lib2d:umodsys.mod.2d.stdlib.obj
 0001:000031c9       ??4State@RImage_Memory@stdlib@lib2d@modules@UModSys@@QAEAAU012345@ABU012345@@Z 100041c9 f i umodsys_lib_lib2d:umodsys.mod.2d.stdlib.obj
 0001:00003219       ??_ERImage_Memory@stdlib@lib2d@modules@UModSys@@UAEPAXI@Z 10004219 f i  CIL library: CIL module
 0001:00003219       ??_GRImage_Memory@stdlib@lib2d@modules@UModSys@@UAEPAXI@Z 10004219 f i umodsys_lib_lib2d:umodsys.mod.2d.stdlib.obj
 0001:00003260       ?get_generated_names@RGenerator@stdlib@lib2d@modules@UModSys@@UBEHAAUSUniquePtrList@core@5@@Z 10004260 f i umodsys_lib_lib2d:umodsys.mod.2d.stdlib.obj
 0001:00003279       ?get_generated_types@RGenerator@stdlib@lib2d@modules@UModSys@@UBEHAAUSUniquePtrList@core@5@PBUSUniquePointerInfo@75@@Z 10004279 f i umodsys_lib_lib2d:umodsys.mod.2d.stdlib.obj
 0001:000032ab       ?generate@RGenerator@stdlib@lib2d@modules@UModSys@@UAE_NAAU?$TRefObject@UIRefObject@core@UModSys@@U?$TRefObjectFunc@UIRefObject@core@UModSys@@@tl@3@@tl@5@PBUSUniquePointerInfo@core@5@ABUSParameters@95@@Z 100042ab f i umodsys_lib_lib2d:umodsys.mod.2d.stdlib.obj
 0001:000032cc       ?root_get_interface_info@RGenerator@stdlib@lib2d@modules@UModSys@@UBEABUSUniquePointerInfo@core@5@XZ 100042cc f i umodsys_lib_lib2d:umodsys.mod.2d.stdlib.obj
 0001:000032d2       ?root_get_interface_type@RGenerator@stdlib@lib2d@modules@UModSys@@UBEPBUSUniquePointerInfo@core@5@XZ 100042d2 f i umodsys_lib_lib2d:umodsys.mod.2d.stdlib.obj
 0001:000032d8       ?root_get_other_interface@RGenerator@stdlib@lib2d@modules@UModSys@@UBEPBUIRoot@core@5@PBUSUniquePointerInfo@75@@Z 100042d8 f i umodsys_lib_lib2d:umodsys.mod.2d.stdlib.obj
 0001:000032d8       ?root_get_other_interface@RGenerator@stdlib@lib2d@modules@UModSys@@UAEPAUIRoot@core@5@PBUSUniquePointerInfo@75@@Z 100042d8 f i umodsys_lib_lib2d:umodsys.mod.2d.stdlib.obj
 0001:000032f1       ?root_is_interface_supported@RGenerator@stdlib@lib2d@modules@UModSys@@UBE_NPBUSUniquePointerInfo@core@5@@Z 100042f1 f i umodsys_lib_lib2d:umodsys.mod.2d.stdlib.obj
 0001:00003310       ?get_uid@RGenerator@stdlib@lib2d@modules@UModSys@@UBEPBUSUniquePointerInfo@core@5@XZ 10004310 f i umodsys_lib_lib2d:umodsys.mod.2d.stdlib.obj
 0001:00003316       ?do_open@RModuleReg@stdlib@lib2d@modules@UModSys@@UAE_NXZ 10004316 f i umodsys_lib_lib2d:umodsys.mod.2d.stdlib.obj
 0001:00003364       ?do_close@RModuleReg@stdlib@lib2d@modules@UModSys@@UAE_NXZ 10004364 f i umodsys_lib_lib2d:umodsys.mod.2d.stdlib.obj
 0001:0000339f       ?get_module@RGenerator@stdlib@lib2d@modules@UModSys@@UBEPAUIModule@base@5@XZ 1000439f f   umodsys_lib_lib2d:umodsys.mod.2d.stdlib.obj
 0001:000033a5       ?mod_inc@RGenerator@stdlib@lib2d@modules@UModSys@@UBE_NXZ 100043a5 f   umodsys_lib_lib2d:umodsys.mod.2d.stdlib.obj
 0001:000033b0       ?mod_dec@RGenerator@stdlib@lib2d@modules@UModSys@@UBE_NXZ 100043b0 f   umodsys_lib_lib2d:umodsys.mod.2d.stdlib.obj
 0001:000033bb       ?s_holder@RGenerator@stdlib@lib2d@modules@UModSys@@SAAAU?$TTypeStaticHolder@URGenerator@stdlib@lib2d@modules@UModSys@@@tl@5@XZ 100043bb f   umodsys_lib_lib2d:umodsys.mod.2d.stdlib.obj
 0001:000033ed       ??$t_gen_param@URImage_Memory@stdlib@lib2d@modules@UModSys@@URGenerator@2345@@IGenerator@base@UModSys@@IAE_NPAURGenerator@stdlib@lib2d@modules@2@AAU?$TRefObject@UIRefObject@core@UModSys@@U?$TRefObjectFunc@UIRefObject@core@UModSys@@@tl@3@@tl@2@PBUSUniquePointerInfo@core@2@ABUSParameters@core@2@@Z 100043ed f i umodsys_lib_lib2d:umodsys.mod.2d.stdlib.obj
 0001:0000347f       ?remove@WeakPointer@IRefObject@core@UModSys@@QAEXXZ 1000447f f i umodsys_lib_libui:umodsys.mod.ui.SDL_core.obj
 0001:000034a5       ?utf_8to32@su@tl@UModSys@@YA_NAAHAAPBDAAI@Z 100044a5 f i umodsys_lib_libui:umodsys.mod.ui.SDL_core.obj
 0001:00003564       ?get@SParameters@core@UModSys@@QBE_NPBDAAPBD@Z 10004564 f i umodsys_lib_libui:umodsys.mod.ui.SDL_core.obj
 0001:0000357f       ?get@SParameters@core@UModSys@@QBE_NPBDAAH@Z 1000457f f i umodsys_lib_libui:umodsys.mod.ui.SDL_core.obj
 0001:0000359a       ?root_get_interface_info@RMultiImage2D_SDL_ttf@SDL_core@ui@modules@UModSys@@UBEABUSUniquePointerInfo@core@5@XZ 1000459a f i umodsys_lib_libui:umodsys.mod.ui.SDL_core.obj
 0001:000035a0       ?root_get_interface_type@RMultiImage2D_SDL_ttf@SDL_core@ui@modules@UModSys@@UBEPBUSUniquePointerInfo@core@5@XZ 100045a0 f i umodsys_lib_libui:umodsys.mod.ui.SDL_core.obj
 0001:000035a6       ?root_get_other_interface@RMultiImage2D_SDL_ttf@SDL_core@ui@modules@UModSys@@UAEPAUIRoot@core@5@PBUSUniquePointerInfo@75@@Z 100045a6 f i umodsys_lib_libui:umodsys.mod.ui.SDL_core.obj
 0001:000035a6       ?root_get_other_interface@RMultiImage2D_SDL_ttf@SDL_core@ui@modules@UModSys@@UBEPBUIRoot@core@5@PBUSUniquePointerInfo@75@@Z 100045a6 f i umodsys_lib_libui:umodsys.mod.ui.SDL_core.obj
 0001:000035c7       ?root_is_interface_supported@RMultiImage2D_SDL_ttf@SDL_core@ui@modules@UModSys@@UBE_NPBUSUniquePointerInfo@core@5@@Z 100045c7 f i umodsys_lib_libui:umodsys.mod.ui.SDL_core.obj
 0001:000035ee       ??0RMultiImage2D_SDL_ttf@SDL_core@ui@modules@UModSys@@QAE@PAURRenderDriver2D@1234@ABUSParameters@core@4@@Z 100045ee f i umodsys_lib_libui:umodsys.mod.ui.SDL_core.obj
 0001:00003652       ?open@RMultiImage2D_SDL_ttf@SDL_core@ui@modules@UModSys@@QAE_NABUSParameters@core@5@@Z 10004652 f i umodsys_lib_libui:umodsys.mod.ui.SDL_core.obj
 0001:000036f0       ?generate_glyphs@RMultiImage2D_SDL_ttf@SDL_core@ui@modules@UModSys@@QAE_NXZ 100046f0 f i umodsys_lib_libui:umodsys.mod.ui.SDL_core.obj
 0001:00003881       ??_ERMultiImage2D_SDL_ttf@SDL_core@ui@modules@UModSys@@UAEPAXI@Z 10004881 f i  CIL library: CIL module
 0001:00003881       ??_GRMultiImage2D_SDL_ttf@SDL_core@ui@modules@UModSys@@UAEPAXI@Z 10004881 f i umodsys_lib_libui:umodsys.mod.ui.SDL_core.obj
 0001:000038e9       ?root_get_interface_info@RRenderDriver2D@SDL_core@ui@modules@UModSys@@UBEABUSUniquePointerInfo@core@5@XZ 100048e9 f i umodsys_lib_libui:umodsys.mod.ui.SDL_core.obj
 0001:000038ef       ?root_get_interface_type@RRenderDriver2D@SDL_core@ui@modules@UModSys@@UBEPBUSUniquePointerInfo@core@5@XZ 100048ef f i umodsys_lib_libui:umodsys.mod.ui.SDL_core.obj
 0001:000038f5       ?root_get_other_interface@RRenderDriver2D@SDL_core@ui@modules@UModSys@@UAEPAUIRoot@core@5@PBUSUniquePointerInfo@75@@Z 100048f5 f i umodsys_lib_libui:umodsys.mod.ui.SDL_core.obj
 0001:000038f5       ?root_get_other_interface@RRenderDriver2D@SDL_core@ui@modules@UModSys@@UBEPBUIRoot@core@5@PBUSUniquePointerInfo@75@@Z 100048f5 f i umodsys_lib_libui:umodsys.mod.ui.SDL_core.obj
 0001:00003916       ?root_is_interface_supported@RRenderDriver2D@SDL_core@ui@modules@UModSys@@UBE_NPBUSUniquePointerInfo@core@5@@Z 10004916 f i umodsys_lib_libui:umodsys.mod.ui.SDL_core.obj
 0001:0000393d       ??0RRenderDriver2D@SDL_core@ui@modules@UModSys@@QAE@PAURTerminal@1234@ABUSParameters@core@4@@Z 1000493d f i umodsys_lib_libui:umodsys.mod.ui.SDL_core.obj
 0001:000039e0       ?close@RRenderDriver2D@SDL_core@ui@modules@UModSys@@QAEXXZ 100049e0 f i umodsys_lib_libui:umodsys.mod.ui.SDL_core.obj
 0001:00003a05       ?open@RRenderDriver2D@SDL_core@ui@modules@UModSys@@QAE_NABUSParameters@core@5@@Z 10004a05 f i umodsys_lib_libui:umodsys.mod.ui.SDL_core.obj
 0001:00003b3e       ?set_color@RRenderDriver2D@SDL_core@ui@modules@UModSys@@QAEXXZ 10004b3e f i umodsys_lib_libui:umodsys.mod.ui.SDL_core.obj
 0001:00003ba1       ?get_hwcinfo@RImage_Memory@stdlib@lib2d@modules@UModSys@@UBEPBXPBUSUniquePointerInfo@core@5@@Z 10004ba1 f i umodsys_lib_lib2d:umodsys.mod.2d.stdlib.obj
 0001:00003ba1       ?get_controller@RRenderDriver2D@SDL_core@ui@modules@UModSys@@UBEPAUIRefObject@core@5@PBUSUniquePointerInfo@75@@Z 10004ba1 f i umodsys_lib_libui:umodsys.mod.ui.SDL_core.obj
 0001:00003ba1       ?get_layer@RMultiImage2D_SDL_ttf@SDL_core@ui@modules@UModSys@@UAEPAUIImage@lib2d@5@H@Z 10004ba1 f i umodsys_lib_libui:umodsys.mod.ui.SDL_core.obj
 0001:00003ba1       ?get_hwinfo@RImage_Memory@stdlib@lib2d@modules@UModSys@@UAEPAXPBUSUniquePointerInfo@core@5@@Z 10004ba1 f i umodsys_lib_lib2d:umodsys.mod.2d.stdlib.obj
 0001:00003ba6       ?begin@RRenderDriver2D@SDL_core@ui@modules@UModSys@@UAEXXZ 10004ba6 f i umodsys_lib_libui:umodsys.mod.ui.SDL_core.obj
 0001:00003c03       ?end@RRenderDriver2D@SDL_core@ui@modules@UModSys@@UAEXXZ 10004c03 f i umodsys_lib_libui:umodsys.mod.ui.SDL_core.obj
 0001:00003c12       ?get_max_values@RRenderDriver2D@SDL_core@ui@modules@UModSys@@UBEPBUSParameters@core@5@XZ 10004c12 f i umodsys_lib_libui:umodsys.mod.ui.SDL_core.obj
 0001:00003c16       ?get_frame_values@RRenderDriver2D@SDL_core@ui@modules@UModSys@@UBEPBUSParameters@core@5@XZ 10004c16 f i umodsys_lib_libui:umodsys.mod.ui.SDL_core.obj
 0001:00003c1d       ?setup_font@RRenderDriver2D@SDL_core@ui@modules@UModSys@@UAE_NPAUIMultiImage@lib2d@5@PBU?$TVector2@M@math3d@5@@Z 10004c1d f i umodsys_lib_libui:umodsys.mod.ui.SDL_core.obj
 0001:00003c6f       ?setup_color@RRenderDriver2D@SDL_core@ui@modules@UModSys@@UAEXABU?$TVector3@M@math3d@5@@Z 10004c6f f i umodsys_lib_libui:umodsys.mod.ui.SDL_core.obj
 0001:00003c96       ?setup_color@RRenderDriver2D@SDL_core@ui@modules@UModSys@@UAEXABU?$TVector3@H@math3d@5@@Z 10004c96 f i umodsys_lib_libui:umodsys.mod.ui.SDL_core.obj
 0001:00003cd9       ?setup_coloralpha@RRenderDriver2D@SDL_core@ui@modules@UModSys@@UAEXABU?$TVector4@M@math3d@5@H@Z 10004cd9 f i umodsys_lib_libui:umodsys.mod.ui.SDL_core.obj
 0001:00003cff       ?setup_coloralpha@RRenderDriver2D@SDL_core@ui@modules@UModSys@@UAEXABU?$TVector4@H@math3d@5@H@Z 10004cff f i umodsys_lib_libui:umodsys.mod.ui.SDL_core.obj
 0001:00003d57       ?setup_blendcolor@RRenderDriver2D@SDL_core@ui@modules@UModSys@@UAEXABUSBlendColor@lib2d@5@@Z 10004d57 f i umodsys_lib_libui:umodsys.mod.ui.SDL_core.obj
 0001:00003daf       ?setup_blendcolor@RRenderDriver2D@SDL_core@ui@modules@UModSys@@UAEXABUSBlendColorf@lib2d@5@@Z 10004daf f i umodsys_lib_libui:umodsys.mod.ui.SDL_core.obj
 0001:00003df1       ?setup_alpha@RRenderDriver2D@SDL_core@ui@modules@UModSys@@UAEXHH@Z 10004df1 f i umodsys_lib_libui:umodsys.mod.ui.SDL_core.obj
 0001:00003e17       ?setup_alpha@RRenderDriver2D@SDL_core@ui@modules@UModSys@@UAEXMH@Z 10004e17 f i umodsys_lib_libui:umodsys.mod.ui.SDL_core.obj
 0001:00003e37       ?render_text_advanced@RRenderDriver2D@SDL_core@ui@modules@UModSys@@UAE_NAAUTextInfo@IRenderDriver@lib2d@5@PBHH@Z 10004e37 f i umodsys_lib_libui:umodsys.mod.ui.SDL_core.obj
 0001:00003feb       ?render_box@RRenderDriver2D@SDL_core@ui@modules@UModSys@@UAEXABU?$TVector2@H@math3d@5@0@Z 10004feb f i umodsys_lib_libui:umodsys.mod.ui.SDL_core.obj
 0001:00004038       ?render_tri@RRenderDriver2D@SDL_core@ui@modules@UModSys@@UAEXABU?$TVector2@H@math3d@5@00@Z 10005038 f i umodsys_lib_libui:umodsys.mod.ui.SDL_core.obj
 0001:0000408c       ?render_quad@RRenderDriver2D@SDL_core@ui@modules@UModSys@@UAEXABU?$TVector2@H@math3d@5@000@Z 1000508c f i umodsys_lib_libui:umodsys.mod.ui.SDL_core.obj
 0001:000040ee       ?render_box@RRenderDriver2D@SDL_core@ui@modules@UModSys@@UAEXPAUIImage@lib2d@5@ABU?$TVector2@H@math3d@5@1ABU?$TVector2@M@95@2@Z 100050ee f i umodsys_lib_libui:umodsys.mod.ui.SDL_core.obj
 0001:000040f1       ?render_line@RRenderDriver2D@SDL_core@ui@modules@UModSys@@UAEXABU?$TVector2@H@math3d@5@0@Z 100050f1 f i umodsys_lib_libui:umodsys.mod.ui.SDL_core.obj
 0001:00004116       ?render_rect@RRenderDriver2D@SDL_core@ui@modules@UModSys@@UAEXABU?$TVector2@H@math3d@5@0@Z 10005116 f i umodsys_lib_libui:umodsys.mod.ui.SDL_core.obj
 0001:00004163       ??_GRRenderDriver2D@SDL_core@ui@modules@UModSys@@UAEPAXI@Z 10005163 f i umodsys_lib_libui:umodsys.mod.ui.SDL_core.obj
 0001:00004163       ??_ERRenderDriver2D@SDL_core@ui@modules@UModSys@@UAEPAXI@Z 10005163 f i  CIL library: CIL module
 0001:000041da       ?root_get_interface_info@RMouseController@SDL_core@ui@modules@UModSys@@UBEABUSUniquePointerInfo@core@5@XZ 100051da f i umodsys_lib_libui:umodsys.mod.ui.SDL_core.obj
 0001:000041e0       ?root_get_interface_type@RMouseController@SDL_core@ui@modules@UModSys@@UBEPBUSUniquePointerInfo@core@5@XZ 100051e0 f i umodsys_lib_libui:umodsys.mod.ui.SDL_core.obj
 0001:000041e6       ?root_get_other_interface@RMouseController@SDL_core@ui@modules@UModSys@@UAEPAUIRoot@core@5@PBUSUniquePointerInfo@75@@Z 100051e6 f i umodsys_lib_libui:umodsys.mod.ui.SDL_core.obj
 0001:000041e6       ?root_get_other_interface@RMouseController@SDL_core@ui@modules@UModSys@@UBEPBUIRoot@core@5@PBUSUniquePointerInfo@75@@Z 100051e6 f i umodsys_lib_libui:umodsys.mod.ui.SDL_core.obj
 0001:00004207       ?root_is_interface_supported@RMouseController@SDL_core@ui@modules@UModSys@@UBE_NPBUSUniquePointerInfo@core@5@@Z 10005207 f i umodsys_lib_libui:umodsys.mod.ui.SDL_core.obj
 0001:0000422e       ??0RMouseController@SDL_core@ui@modules@UModSys@@QAE@PAURTerminal@1234@ABUSParameters@core@4@@Z 1000522e f i umodsys_lib_libui:umodsys.mod.ui.SDL_core.obj
 0001:0000427c       ?process@RMouseController@SDL_core@ui@modules@UModSys@@QAE_NAAUSDL_MouseMotionEvent@@@Z 1000527c f i umodsys_lib_libui:umodsys.mod.ui.SDL_core.obj
 0001:00004363       ?process@RMouseController@SDL_core@ui@modules@UModSys@@QAE_NAAUSDL_MouseButtonEvent@@@Z 10005363 f i umodsys_lib_libui:umodsys.mod.ui.SDL_core.obj
 0001:0000442a       ?process@RMouseController@SDL_core@ui@modules@UModSys@@QAE_NAAUSDL_MouseWheelEvent@@@Z 1000542a f i umodsys_lib_libui:umodsys.mod.ui.SDL_core.obj
 0001:000044cb       ?mouse_unlink@RMouseController@SDL_core@ui@modules@UModSys@@UAE_NH@Z 100054cb f i umodsys_lib_libui:umodsys.mod.ui.SDL_core.obj
 0001:000044cb       ?key_unlink@RKeyboardController@SDL_core@ui@modules@UModSys@@UAE_NH@Z 100054cb f i umodsys_lib_libui:umodsys.mod.ui.SDL_core.obj
 0001:0000452a       ?mouse_link@RMouseController@SDL_core@ui@modules@UModSys@@UAE_NHPAUIRefObject@core@5@PAUIMouseClient@libui@5@H@Z 1000552a f i umodsys_lib_libui:umodsys.mod.ui.SDL_core.obj
 0001:00004569       ?key_reset@RKeyboardController@SDL_core@ui@modules@UModSys@@UAE_NXZ 10005569 f i umodsys_lib_libui:umodsys.mod.ui.SDL_core.obj
 0001:00004569       ?mouse_reset@RMouseController@SDL_core@ui@modules@UModSys@@UAE_NXZ 10005569 f i umodsys_lib_libui:umodsys.mod.ui.SDL_core.obj
 0001:0000456c       ?key_event@RFrame_Common@frames@ui@modules@UModSys@@MAE_NABUSKeyboardInputRaw@libui@5@@Z 1000556c f i umodsys_lib_libui:umodsys.mod.ui.frames.obj
 0001:0000456c       ?get_maxbox@RCollector@frames@ui@modules@UModSys@@UAE_NAAU?$TBoundBox2@H@math3d@5@@Z 1000556c f i umodsys_lib_libui:umodsys.mod.ui.frames.obj
 0001:0000456c       ?get_max_cell_size@RMultiImage2D_SDL_ttf@SDL_core@ui@modules@UModSys@@UAE_NAAU?$TVector2@H@math3d@5@@Z 1000556c f i umodsys_lib_libui:umodsys.mod.ui.SDL_core.obj
 0001:0000456c       ?set_insize@RFrame_Common@frames@ui@modules@UModSys@@UAE_NABU?$TVector2@H@math3d@5@@Z 1000556c f i umodsys_lib_libui:umodsys.mod.ui.frames.obj
 0001:0000456c       ?key_event@RFrame_Common@frames@ui@modules@UModSys@@MAE_NABUSKeyboardInputText@libui@5@@Z 1000556c f i umodsys_lib_libui:umodsys.mod.ui.frames.obj
 0001:0000456c       ?set_layer_count@RMultiImage2D_SDL_ttf@SDL_core@ui@modules@UModSys@@UAE_NH@Z 1000556c f i umodsys_lib_libui:umodsys.mod.ui.SDL_core.obj
 0001:0000456c       ?mouse_setvisible@RMouseController@SDL_core@ui@modules@UModSys@@UAE_N_N@Z 1000556c f i umodsys_lib_libui:umodsys.mod.ui.SDL_core.obj
 0001:0000456c       ?frame_remove@RCollector@frames@ui@modules@UModSys@@UAE_NPAUIFrame@libui@5@@Z 1000556c f i umodsys_lib_libui:umodsys.mod.ui.frames.obj
 0001:0000456c       ?mouse_event@RFrame_Common@frames@ui@modules@UModSys@@MAE_NPBUSMouseInput@libui@5@@Z 1000556c f i umodsys_lib_libui:umodsys.mod.ui.frames.obj
 0001:0000456c       ?get_minsize@RCollector@frames@ui@modules@UModSys@@UAE_NAAU?$TVector2@H@math3d@5@@Z 1000556c f i umodsys_lib_libui:umodsys.mod.ui.frames.obj
 0001:00004571       ??_GRMouseController@SDL_core@ui@modules@UModSys@@UAEPAXI@Z 10005571 f i umodsys_lib_libui:umodsys.mod.ui.SDL_core.obj
 0001:00004571       ??_ERMouseController@SDL_core@ui@modules@UModSys@@UAEPAXI@Z 10005571 f i  CIL library: CIL module
 0001:000045c7       ??1IFrame@libui@UModSys@@UAE@XZ 100055c7 f i umodsys_lib_libui:umodsys.mod.ui.frames.obj
 0001:000045c7       ??1IMouseController@libui@UModSys@@UAE@XZ 100055c7 f i umodsys_lib_libui:umodsys.mod.ui.SDL_core.obj
 0001:000045c7       ??1IKeyboardController@libui@UModSys@@UAE@XZ 100055c7 f i umodsys_lib_libui:umodsys.mod.ui.SDL_core.obj
 0001:000045c7       ??1IShell@base@UModSys@@UAE@XZ 100055c7 f i plugin_test1.obj
 0001:000045c7       ??1ISerializeReader@libmedia@UModSys@@UAE@XZ 100055c7 f i umodsys_lib_libmedia:umodsys.mod.media.serialize_json.obj
 0001:000045c7       ??1IBinObjFilter@libmedia@UModSys@@UAE@XZ 100055c7 f i plugin_test1.obj
 0001:000045c7       ??1IImage@lib2d@UModSys@@UAE@XZ 100055c7 f i umodsys_lib_lib2d:umodsys.mod.2d.stdlib.obj
 0001:000045c7       ??1IRenderDriver@lib2d@UModSys@@UAE@XZ 100055c7 f i umodsys_lib_libui:umodsys.mod.ui.SDL_core.obj
 0001:000045c7       ??1ISerializeWriter@libmedia@UModSys@@UAE@XZ 100055c7 f i umodsys_lib_libmedia:umodsys.mod.media.serialize_json.obj
 0001:000045c7       ??1IDialog@libui@UModSys@@UAE@XZ 100055c7 f i umodsys_lib_libui:umodsys.mod.ui.frames.obj
 0001:000045c7       ??1ICollector@libui@UModSys@@UAE@XZ 100055c7 f i umodsys_lib_libui:umodsys.mod.ui.frames.obj
 0001:000045c7       ??1ITerminal@libui@UModSys@@UAE@XZ 100055c7 f i umodsys_lib_libui:umodsys.mod.ui.SDL_core.obj
 0001:000045c7       ??1IMultiImage@lib2d@UModSys@@UAE@XZ 100055c7 f i umodsys_lib_libui:umodsys.mod.ui.SDL_core.obj
 0001:000045ce       ?root_get_interface_info@RKeyboardController@SDL_core@ui@modules@UModSys@@UBEABUSUniquePointerInfo@core@5@XZ 100055ce f i umodsys_lib_libui:umodsys.mod.ui.SDL_core.obj
 0001:000045d4       ?root_get_interface_type@RKeyboardController@SDL_core@ui@modules@UModSys@@UBEPBUSUniquePointerInfo@core@5@XZ 100055d4 f i umodsys_lib_libui:umodsys.mod.ui.SDL_core.obj
 0001:000045da       ?root_get_other_interface@RKeyboardController@SDL_core@ui@modules@UModSys@@UAEPAUIRoot@core@5@PBUSUniquePointerInfo@75@@Z 100055da f i umodsys_lib_libui:umodsys.mod.ui.SDL_core.obj
 0001:000045da       ?root_get_other_interface@RKeyboardController@SDL_core@ui@modules@UModSys@@UBEPBUIRoot@core@5@PBUSUniquePointerInfo@75@@Z 100055da f i umodsys_lib_libui:umodsys.mod.ui.SDL_core.obj
 0001:000045fb       ?root_is_interface_supported@RKeyboardController@SDL_core@ui@modules@UModSys@@UBE_NPBUSUniquePointerInfo@core@5@@Z 100055fb f i umodsys_lib_libui:umodsys.mod.ui.SDL_core.obj
 0001:00004622       ??0RKeyboardController@SDL_core@ui@modules@UModSys@@QAE@PAURTerminal@1234@ABUSParameters@core@4@@Z 10005622 f i umodsys_lib_libui:umodsys.mod.ui.SDL_core.obj
 0001:00004670       ?process@RKeyboardController@SDL_core@ui@modules@UModSys@@QAE_NAAUSDL_KeyboardEvent@@@Z 10005670 f i umodsys_lib_libui:umodsys.mod.ui.SDL_core.obj
 0001:00004711       ?process@RKeyboardController@SDL_core@ui@modules@UModSys@@QAE_NAAUSDL_TextInputEvent@@@Z 10005711 f i umodsys_lib_libui:umodsys.mod.ui.SDL_core.obj
 0001:000047b6       ?map_keycode@RKeyboardController@SDL_core@ui@modules@UModSys@@QAE?AW4eKeyCode@libui@5@H@Z 100057b6 f i umodsys_lib_libui:umodsys.mod.ui.SDL_core.obj
 0001:00004c31       ?map_keyspecial@RKeyboardController@SDL_core@ui@modules@UModSys@@QAEFG@Z 10005c31 f i umodsys_lib_libui:umodsys.mod.ui.SDL_core.obj
 0001:00004ca4       ?key_link@RKeyboardController@SDL_core@ui@modules@UModSys@@UAE_NHPAUIRefObject@core@5@PAUIKeyboardClient@libui@5@@Z 10005ca4 f i umodsys_lib_libui:umodsys.mod.ui.SDL_core.obj
 0001:00004cdc       ?key_setvisible@RKeyboardController@SDL_core@ui@modules@UModSys@@UAE_N_N@Z 10005cdc f i umodsys_lib_libui:umodsys.mod.ui.SDL_core.obj
 0001:00004cf4       ??_ERKeyboardController@SDL_core@ui@modules@UModSys@@UAEPAXI@Z 10005cf4 f i  CIL library: CIL module
 0001:00004cf4       ??_GRKeyboardController@SDL_core@ui@modules@UModSys@@UAEPAXI@Z 10005cf4 f i umodsys_lib_libui:umodsys.mod.ui.SDL_core.obj
 0001:00004d4a       ?root_get_interface_info@RTerminal@SDL_core@ui@modules@UModSys@@UBEABUSUniquePointerInfo@core@5@XZ 10005d4a f i umodsys_lib_libui:umodsys.mod.ui.SDL_core.obj
 0001:00004d50       ?root_get_interface_type@RTerminal@SDL_core@ui@modules@UModSys@@UBEPBUSUniquePointerInfo@core@5@XZ 10005d50 f i umodsys_lib_libui:umodsys.mod.ui.SDL_core.obj
 0001:00004d56       ?root_get_other_interface@RTerminal@SDL_core@ui@modules@UModSys@@UAEPAUIRoot@core@5@PBUSUniquePointerInfo@75@@Z 10005d56 f i umodsys_lib_libui:umodsys.mod.ui.SDL_core.obj
 0001:00004d56       ?root_get_other_interface@RTerminal@SDL_core@ui@modules@UModSys@@UBEPBUIRoot@core@5@PBUSUniquePointerInfo@75@@Z 10005d56 f i umodsys_lib_libui:umodsys.mod.ui.SDL_core.obj
 0001:00004d77       ?root_is_interface_supported@RTerminal@SDL_core@ui@modules@UModSys@@UBE_NPBUSUniquePointerInfo@core@5@@Z 10005d77 f i umodsys_lib_libui:umodsys.mod.ui.SDL_core.obj
 0001:00004d9e       ??0RTerminal@SDL_core@ui@modules@UModSys@@QAE@PAUIModObject@base@4@ABUSParameters@core@4@@Z 10005d9e f i umodsys_lib_libui:umodsys.mod.ui.SDL_core.obj
 0001:00004e11       ?poll_events@RTerminal@SDL_core@ui@modules@UModSys@@UAE_NH@Z 10005e11 f i umodsys_lib_libui:umodsys.mod.ui.SDL_core.obj
 0001:00004f35       ?get_terminal_state@RTerminal@SDL_core@ui@modules@UModSys@@UAE_NW4eTerminalState@libui@5@@Z 10005f35 f i umodsys_lib_libui:umodsys.mod.ui.SDL_core.obj
 0001:00004f4e       ?set_terminal_state@RTerminal@SDL_core@ui@modules@UModSys@@UAE_NW4eTerminalState@libui@5@_N@Z 10005f4e f i umodsys_lib_libui:umodsys.mod.ui.SDL_core.obj
 0001:00004fa8       ?get_clock@RTerminal@SDL_core@ui@modules@UModSys@@UAENXZ 10005fa8 f i umodsys_lib_libui:umodsys.mod.ui.SDL_core.obj
 0001:00004fc0       ?wait@RTerminal@SDL_core@ui@modules@UModSys@@UAE_NM@Z 10005fc0 f i umodsys_lib_libui:umodsys.mod.ui.SDL_core.obj
 0001:00004fdb       ?get_count@RTerminal@SDL_core@ui@modules@UModSys@@UBEIPBUSUniquePointerInfo@core@5@@Z 10005fdb f i umodsys_lib_libui:umodsys.mod.ui.SDL_core.obj
 0001:0000500e       ?get_handler@RTerminal@SDL_core@ui@modules@UModSys@@UBEPAUIRefObject@core@5@PBUSUniquePointerInfo@75@I@Z 1000600e f i umodsys_lib_libui:umodsys.mod.ui.SDL_core.obj
 0001:00005056       ?get_handler@RTerminal@SDL_core@ui@modules@UModSys@@UBEPAUIRefObject@core@5@PBUSUniquePointerInfo@75@PBD@Z 10006056 f i umodsys_lib_libui:umodsys.mod.ui.SDL_core.obj
 0001:0000505f       ?create_handler@RTerminal@SDL_core@ui@modules@UModSys@@UAE_NPBUSUniquePointerInfo@core@5@AAU?$TRefObject@UIRefObject@core@UModSys@@U?$TRefObjectFunc@UIRefObject@core@UModSys@@@tl@3@@tl@5@PBDPBUSParameters@75@@Z 1000605f f i umodsys_lib_libui:umodsys.mod.ui.SDL_core.obj
 0001:00005298       ??_GRTerminal@SDL_core@ui@modules@UModSys@@UAEPAXI@Z 10006298 f i umodsys_lib_libui:umodsys.mod.ui.SDL_core.obj
 0001:00005298       ??_ERTerminal@SDL_core@ui@modules@UModSys@@UAEPAXI@Z 10006298 f i  CIL library: CIL module
 0001:00005308       ?get_terminal@RRenderDriver2D@SDL_core@ui@modules@UModSys@@UBEPAUITerminal@libui@5@XZ 10006308 f   umodsys_lib_libui:umodsys.mod.ui.SDL_core.obj
 0001:00005308       ?ref_links@RTest1_Shell@test1@test@modules@UModSys@@UBEHXZ 10006308 f   plugin_test1.obj
 0001:0000530c       ?new_font@RRenderDriver2D@SDL_core@ui@modules@UModSys@@UAE?AU?$TRefObject@UIMultiImage@lib2d@UModSys@@U?$TRefObjectFunc@UIMultiImage@lib2d@UModSys@@@tl@3@@tl@5@ABUSParameters@core@5@ABU?$TString@U?$TSCoreConst@D@su@tl@UModSys@@U?$TComparerBinaryHash@D@234@@75@@Z 1000630c f   umodsys_lib_libui:umodsys.mod.ui.SDL_core.obj
 0001:000053e2       ?new_picture@RRenderDriver2D@SDL_core@ui@modules@UModSys@@UAE?AU?$TRefObject@UIImage@lib2d@UModSys@@U?$TRefObjectFunc@UIImage@lib2d@UModSys@@@tl@3@@tl@5@ABUSParameters@core@5@ABU?$TString@U?$TSCoreConst@D@su@tl@UModSys@@U?$TComparerBinaryHash@D@234@@75@@Z 100063e2 f   umodsys_lib_libui:umodsys.mod.ui.SDL_core.obj
 0001:000053f4       ?get_generated_names@RGenerator@SDL_core@ui@modules@UModSys@@UBEHAAUSUniquePtrList@core@5@@Z 100063f4 f i umodsys_lib_libui:umodsys.mod.ui.SDL_core.obj
 0001:0000540d       ?get_generated_types@RGenerator@SDL_core@ui@modules@UModSys@@UBEHAAUSUniquePtrList@core@5@PBUSUniquePointerInfo@75@@Z 1000640d f i umodsys_lib_libui:umodsys.mod.ui.SDL_core.obj
 0001:0000543f       ?generate@RGenerator@SDL_core@ui@modules@UModSys@@UAE_NAAU?$TRefObject@UIRefObject@core@UModSys@@U?$TRefObjectFunc@UIRefObject@core@UModSys@@@tl@3@@tl@5@PBUSUniquePointerInfo@core@5@ABUSParameters@95@@Z 1000643f f i umodsys_lib_libui:umodsys.mod.ui.SDL_core.obj
 0001:00005460       ?root_get_interface_info@RGenerator@SDL_core@ui@modules@UModSys@@UBEABUSUniquePointerInfo@core@5@XZ 10006460 f i umodsys_lib_libui:umodsys.mod.ui.SDL_core.obj
 0001:00005466       ?root_get_interface_type@RGenerator@SDL_core@ui@modules@UModSys@@UBEPBUSUniquePointerInfo@core@5@XZ 10006466 f i umodsys_lib_libui:umodsys.mod.ui.SDL_core.obj
 0001:0000546c       ?root_get_other_interface@RGenerator@SDL_core@ui@modules@UModSys@@UBEPBUIRoot@core@5@PBUSUniquePointerInfo@75@@Z 1000646c f i umodsys_lib_libui:umodsys.mod.ui.SDL_core.obj
 0001:0000546c       ?root_get_other_interface@RGenerator@SDL_core@ui@modules@UModSys@@UAEPAUIRoot@core@5@PBUSUniquePointerInfo@75@@Z 1000646c f i umodsys_lib_libui:umodsys.mod.ui.SDL_core.obj
 0001:00005485       ?root_is_interface_supported@RGenerator@SDL_core@ui@modules@UModSys@@UBE_NPBUSUniquePointerInfo@core@5@@Z 10006485 f i umodsys_lib_libui:umodsys.mod.ui.SDL_core.obj
 0001:000054a4       ?ref_remove@RGenerator@serialize_json@media@modules@UModSys@@UBEXXZ 100064a4 f i umodsys_lib_libmedia:umodsys.mod.media.serialize_json.obj
 0001:000054a4       ?ref_remove@RTerminal@SDL_core@ui@modules@UModSys@@UBEXXZ 100064a4 f i umodsys_lib_libui:umodsys.mod.ui.SDL_core.obj
 0001:000054a4       ?ref_remove@RSerializeReader@serialize_json@media@modules@UModSys@@UBEXXZ 100064a4 f i umodsys_lib_libmedia:umodsys.mod.media.serialize_json.obj
 0001:000054a4       ?ref_remove@RDialog@frames@ui@modules@UModSys@@UBEXXZ 100064a4 f i umodsys_lib_libui:umodsys.mod.ui.frames.obj
 0001:000054a4       ?ref_remove@RKeyboardController@SDL_core@ui@modules@UModSys@@UBEXXZ 100064a4 f i umodsys_lib_libui:umodsys.mod.ui.SDL_core.obj
 0001:000054a4       ?ref_remove@RGenerator@stdlib@lib2d@modules@UModSys@@UBEXXZ 100064a4 f i umodsys_lib_lib2d:umodsys.mod.2d.stdlib.obj
 0001:000054a4       ?ref_remove@RRenderDriver2D@SDL_core@ui@modules@UModSys@@UBEXXZ 100064a4 f i umodsys_lib_libui:umodsys.mod.ui.SDL_core.obj
 0001:000054a4       ?ref_remove@RImage_Memory@stdlib@lib2d@modules@UModSys@@UBEXXZ 100064a4 f i umodsys_lib_lib2d:umodsys.mod.2d.stdlib.obj
 0001:000054a4       ?ref_remove@RMultiImage2D_SDL_ttf@SDL_core@ui@modules@UModSys@@UBEXXZ 100064a4 f i umodsys_lib_libui:umodsys.mod.ui.SDL_core.obj
 0001:000054a4       ?ref_remove@RGenerator@test1@test@modules@UModSys@@UBEXXZ 100064a4 f i plugin_test1.obj
 0001:000054a4       ?ref_remove@RMouseController@SDL_core@ui@modules@UModSys@@UBEXXZ 100064a4 f i umodsys_lib_libui:umodsys.mod.ui.SDL_core.obj
 0001:000054a4       ?ref_remove@RGenerator@SDL_core@ui@modules@UModSys@@UBEXXZ 100064a4 f i umodsys_lib_libui:umodsys.mod.ui.SDL_core.obj
 0001:000054a4       ?ref_remove@RGenerator@images_std@media@modules@UModSys@@UBEXXZ 100064a4 f i umodsys_lib_libmedia:umodsys.mod.media.images_std.obj
 0001:000054a4       ?ref_remove@RGenerator@frames@ui@modules@UModSys@@UBEXXZ 100064a4 f i umodsys_lib_libui:umodsys.mod.ui.frames.obj
 0001:000054af       ?get_uid@RGenerator@SDL_core@ui@modules@UModSys@@UBEPBUSUniquePointerInfo@core@5@XZ 100064af f i umodsys_lib_libui:umodsys.mod.ui.SDL_core.obj
 0001:000054b5       ?do_open@RModuleReg@SDL_core@ui@modules@UModSys@@UAE_NXZ 100064b5 f i umodsys_lib_libui:umodsys.mod.ui.SDL_core.obj
 0001:00005503       ?do_close@RModuleReg@SDL_core@ui@modules@UModSys@@UAE_NXZ 10006503 f i umodsys_lib_libui:umodsys.mod.ui.SDL_core.obj
 0001:0000553e       ?get_module@RGenerator@SDL_core@ui@modules@UModSys@@UBEPAUIModule@base@5@XZ 1000653e f   umodsys_lib_libui:umodsys.mod.ui.SDL_core.obj
 0001:00005544       ?mod_inc@RGenerator@SDL_core@ui@modules@UModSys@@UBE_NXZ 10006544 f   umodsys_lib_libui:umodsys.mod.ui.SDL_core.obj
 0001:0000554f       ?mod_dec@RGenerator@SDL_core@ui@modules@UModSys@@UBE_NXZ 1000654f f   umodsys_lib_libui:umodsys.mod.ui.SDL_core.obj
 0001:0000555a       ?s_holder@RGenerator@SDL_core@ui@modules@UModSys@@SAAAU?$TTypeStaticHolder@URGenerator@SDL_core@ui@modules@UModSys@@@tl@5@XZ 1000655a f   umodsys_lib_libui:umodsys.mod.ui.SDL_core.obj
 0001:0000558c       ??1?$TScatterArray@UGlyph@RMultiImage2D_SDL_ttf@SDL_core@ui@modules@UModSys@@HU?$TScalarCompare@H@core@6@U?$TNodeDeleter0@U?$TScatterArrayNode@UGlyph@RMultiImage2D_SDL_ttf@SDL_core@ui@modules@UModSys@@H@tl@UModSys@@@tl@6@@tl@UModSys@@QAE@XZ 1000658c f i umodsys_lib_libui:umodsys.mod.ui.SDL_core.obj
 0001:000055a2       ??0?$TParametersA@$0BAA@@core@UModSys@@QAE@XZ 100065a2 f i umodsys_lib_libui:umodsys.mod.ui.SDL_core.obj
 0001:000055d1       ??1?$TRefObject@URMultiImage2D_SDL_ttf@SDL_core@ui@modules@UModSys@@U?$TRefObjectWeakFunc@URMultiImage2D_SDL_ttf@SDL_core@ui@modules@UModSys@@@tl@5@@tl@UModSys@@QAE@XZ 100065d1 f i umodsys_lib_libui:umodsys.mod.ui.SDL_core.obj
 0001:000055d1       ??1?$TRefObject@URRenderDriver2D@SDL_core@ui@modules@UModSys@@U?$TRefObjectWeakFunc@URRenderDriver2D@SDL_core@ui@modules@UModSys@@@tl@5@@tl@UModSys@@QAE@XZ 100065d1 f i umodsys_lib_libui:umodsys.mod.ui.SDL_core.obj
 0001:000055d6       ??F?$TTreeIterRB@$$CBU?$TScatterArrayNode@U?$TRefObjectCompositeExtra@UIMouseClient@libui@UModSys@@HUIRefObject@core@3@U?$TRefObjectFunc@UIRefObject@core@UModSys@@@tl@3@@tl@UModSys@@H@tl@UModSys@@$$CBU?$TPair@HU?$TRefObjectCompositeExtra@UIMouseClient@libui@UModSys@@HUIRefObject@core@3@U?$TRefObjectFunc@UIRefObject@core@UModSys@@@tl@3@@tl@UModSys@@@23@@tl@UModSys@@QAE?AU012@XZ 100065d6 f i umodsys_lib_libui:umodsys.mod.ui.SDL_core.obj
 0001:000055d6       ??F?$TTreeIterRB@$$CBU?$TScatterArrayNode@U?$TRefObjectComposite@UIKeyboardClient@libui@UModSys@@UIRefObject@core@3@U?$TRefObjectFunc@UIRefObject@core@UModSys@@@tl@3@@tl@UModSys@@H@tl@UModSys@@$$CBU?$TPair@HU?$TRefObjectComposite@UIKeyboardClient@libui@UModSys@@UIRefObject@core@3@U?$TRefObjectFunc@UIRefObject@core@UModSys@@@tl@3@@tl@UModSys@@@23@@tl@UModSys@@QAE?AU012@XZ 100065d6 f i umodsys_lib_libui:umodsys.mod.ui.SDL_core.obj
 0001:00005600       ?remove_node@?$TTreeHoldRB@U?$TScatterArrayNode@U?$TRefObjectCompositeExtra@UIMouseClient@libui@UModSys@@HUIRefObject@core@3@U?$TRefObjectFunc@UIRefObject@core@UModSys@@@tl@3@@tl@UModSys@@H@tl@UModSys@@@tl@UModSys@@QAEXPAU?$TScatterArrayNode@U?$TRefObjectCompositeExtra@UIMouseClient@libui@UModSys@@HUIRefObject@core@3@U?$TRefObjectFunc@UIRefObject@core@UModSys@@@tl@3@@tl@UModSys@@H@23@@Z 10006600 f i umodsys_lib_libui:umodsys.mod.ui.SDL_core.obj
 0001:00005600       ?remove_node@?$TTreeHoldRB@U?$TScatterArrayNode@U?$TRefObjectComposite@UIKeyboardClient@libui@UModSys@@UIRefObject@core@3@U?$TRefObjectFunc@UIRefObject@core@UModSys@@@tl@3@@tl@UModSys@@H@tl@UModSys@@@tl@UModSys@@QAEXPAU?$TScatterArrayNode@U?$TRefObjectComposite@UIKeyboardClient@libui@UModSys@@UIRefObject@core@3@U?$TRefObjectFunc@UIRefObject@core@UModSys@@@tl@3@@tl@UModSys@@H@23@@Z 10006600 f i umodsys_lib_libui:umodsys.mod.ui.SDL_core.obj
 0001:000056dd       ??1?$TPair@HU?$TRefObjectComposite@UIKeyboardClient@libui@UModSys@@UIRefObject@core@3@U?$TRefObjectFunc@UIRefObject@core@UModSys@@@tl@3@@tl@UModSys@@@tl@UModSys@@QAE@XZ 100066dd f i umodsys_lib_libui:umodsys.mod.ui.SDL_core.obj
 0001:000056dd       ??1?$TPair@HU?$TRefObjectCompositeExtra@UIMouseClient@libui@UModSys@@HUIRefObject@core@3@U?$TRefObjectFunc@UIRefObject@core@UModSys@@@tl@3@@tl@UModSys@@@tl@UModSys@@QAE@XZ 100066dd f i umodsys_lib_libui:umodsys.mod.ui.SDL_core.obj
 0001:000056e7       ??1?$TRefObjectCompositeExtra@UIMouseClient@libui@UModSys@@HUIRefObject@core@3@U?$TRefObjectFunc@UIRefObject@core@UModSys@@@tl@3@@tl@UModSys@@QAE@XZ 100066e7 f i umodsys_lib_libui:umodsys.mod.ui.SDL_core.obj
 0001:000056e7       ??1?$TRefObjectComposite@UIController@libui@UModSys@@UIRefObject@core@3@U?$TRefObjectFunc@UIRefObject@core@UModSys@@@tl@3@@tl@UModSys@@QAE@XZ 100066e7 f i umodsys_lib_libui:umodsys.mod.ui.frames.obj
 0001:000056e7       ??1?$TRefObjectComposite@UIKeyboardClient@libui@UModSys@@UIRefObject@core@3@U?$TRefObjectFunc@UIRefObject@core@UModSys@@@tl@3@@tl@UModSys@@QAE@XZ 100066e7 f i umodsys_lib_libui:umodsys.mod.ui.SDL_core.obj
 0001:0000572c       ?remove_color@?$TTreeHoldRB@U?$TScatterArrayNode@U?$TRefObjectComposite@UIKeyboardClient@libui@UModSys@@UIRefObject@core@3@U?$TRefObjectFunc@UIRefObject@core@UModSys@@@tl@3@@tl@UModSys@@H@tl@UModSys@@@tl@UModSys@@IAEXPAU?$TScatterArrayNode@U?$TRefObjectComposite@UIKeyboardClient@libui@UModSys@@UIRefObject@core@3@U?$TRefObjectFunc@UIRefObject@core@UModSys@@@tl@3@@tl@UModSys@@H@23@0@Z 1000672c f i umodsys_lib_libui:umodsys.mod.ui.SDL_core.obj
 0001:0000572c       ?remove_color@?$TTreeHoldRB@U?$TScatterArrayNode@U?$TRefObjectCompositeExtra@UIMouseClient@libui@UModSys@@HUIRefObject@core@3@U?$TRefObjectFunc@UIRefObject@core@UModSys@@@tl@3@@tl@UModSys@@H@tl@UModSys@@@tl@UModSys@@IAEXPAU?$TScatterArrayNode@U?$TRefObjectCompositeExtra@UIMouseClient@libui@UModSys@@HUIRefObject@core@3@U?$TRefObjectFunc@UIRefObject@core@UModSys@@@tl@3@@tl@UModSys@@H@23@0@Z 1000672c f i umodsys_lib_libui:umodsys.mod.ui.SDL_core.obj
 0001:0000582e       ??$t_close@U?$TRefObject@URRenderDriver2D@SDL_core@ui@modules@UModSys@@U?$TRefObjectWeakFunc@URRenderDriver2D@SDL_core@ui@modules@UModSys@@@tl@5@@tl@UModSys@@@SDL_core@ui@modules@UModSys@@YA_NAAU?$TScatterArray@U?$TRefObject@URRenderDriver2D@SDL_core@ui@modules@UModSys@@U?$TRefObjectWeakFunc@URRenderDriver2D@SDL_core@ui@modules@UModSys@@@tl@5@@tl@UModSys@@HU?$TScalarCompare@H@core@3@U?$TNodeDeleter0@U?$TScatterArrayNode@U?$TRefObject@URRenderDriver2D@SDL_core@ui@modules@UModSys@@U?$TRefObjectWeakFunc@URRenderDriver2D@SDL_core@ui@modules@UModSys@@@tl@5@@tl@UModSys@@H@tl@UModSys@@@23@@tl@3@@Z 1000682e f i umodsys_lib_libui:umodsys.mod.ui.SDL_core.obj
 0001:00005887       ??$t_count@U?$TRefObject@URRenderDriver2D@SDL_core@ui@modules@UModSys@@U?$TRefObjectWeakFunc@URRenderDriver2D@SDL_core@ui@modules@UModSys@@@tl@5@@tl@UModSys@@@SDL_core@ui@modules@UModSys@@YAIABU?$TScatterArray@U?$TRefObject@URRenderDriver2D@SDL_core@ui@modules@UModSys@@U?$TRefObjectWeakFunc@URRenderDriver2D@SDL_core@ui@modules@UModSys@@@tl@5@@tl@UModSys@@HU?$TScalarCompare@H@core@3@U?$TNodeDeleter0@U?$TScatterArrayNode@U?$TRefObject@URRenderDriver2D@SDL_core@ui@modules@UModSys@@U?$TRefObjectWeakFunc@URRenderDriver2D@SDL_core@ui@modules@UModSys@@@tl@5@@tl@UModSys@@H@tl@UModSys@@@23@@tl@3@@Z 10006887 f i umodsys_lib_libui:umodsys.mod.ui.SDL_core.obj
 0001:000058d2       ??$t_get@U?$TRefObject@URRenderDriver2D@SDL_core@ui@modules@UModSys@@U?$TRefObjectWeakFunc@URRenderDriver2D@SDL_core@ui@modules@UModSys@@@tl@5@@tl@UModSys@@@SDL_core@ui@modules@UModSys@@YAPAUIRefObject@core@3@ABU?$TScatterArray@U?$TRefObject@URRenderDriver2D@SDL_core@ui@modules@UModSys@@U?$TRefObjectWeakFunc@URRenderDriver2D@SDL_core@ui@modules@UModSys@@@tl@5@@tl@UModSys@@HU?$TScalarCompare@H@core@3@U?$TNodeDeleter0@U?$TScatterArrayNode@U?$TRefObject@URRenderDriver2D@SDL_core@ui@modules@UModSys@@U?$TRefObjectWeakFunc@URRenderDriver2D@SDL_core@ui@modules@UModSys@@@tl@5@@tl@UModSys@@H@tl@UModSys@@@23@@tl@3@I@Z 100068d2 f i umodsys_lib_libui:umodsys.mod.ui.SDL_core.obj
 0001:00005931       ??$ValidateConstruction@UIRefObject@core@UModSys@@URRenderDriver2D@SDL_core@ui@modules@3@@core@UModSys@@YA_NAAU?$TRefObject@UIRefObject@core@UModSys@@U?$TRefObjectFunc@UIRefObject@core@UModSys@@@tl@3@@tl@1@U?$TRefObject@URRenderDriver2D@SDL_core@ui@modules@UModSys@@U?$TRefObjectFunc@URRenderDriver2D@SDL_core@ui@modules@UModSys@@@tl@5@@31@@Z 10006931 f i umodsys_lib_libui:umodsys.mod.ui.SDL_core.obj
 0001:00005988       ??$t_add@U?$TRefObject@URRenderDriver2D@SDL_core@ui@modules@UModSys@@U?$TRefObjectWeakFunc@URRenderDriver2D@SDL_core@ui@modules@UModSys@@@tl@5@@tl@UModSys@@URRenderDriver2D@SDL_core@ui@modules@3@@SDL_core@ui@modules@UModSys@@YA_NAAU?$TScatterArray@U?$TRefObject@URRenderDriver2D@SDL_core@ui@modules@UModSys@@U?$TRefObjectWeakFunc@URRenderDriver2D@SDL_core@ui@modules@UModSys@@@tl@5@@tl@UModSys@@HU?$TScalarCompare@H@core@3@U?$TNodeDeleter0@U?$TScatterArrayNode@U?$TRefObject@URRenderDriver2D@SDL_core@ui@modules@UModSys@@U?$TRefObjectWeakFunc@URRenderDriver2D@SDL_core@ui@modules@UModSys@@@tl@5@@tl@UModSys@@H@tl@UModSys@@@23@@tl@3@PAURRenderDriver2D@0123@@Z 10006988 f i umodsys_lib_libui:umodsys.mod.ui.SDL_core.obj
 0001:000059e7       ??$ValidateConstruction@UIRefObject@core@UModSys@@URMouseController@SDL_core@ui@modules@3@@core@UModSys@@YA_NAAU?$TRefObject@UIRefObject@core@UModSys@@U?$TRefObjectFunc@UIRefObject@core@UModSys@@@tl@3@@tl@1@U?$TRefObject@URMouseController@SDL_core@ui@modules@UModSys@@U?$TRefObjectFunc@URMouseController@SDL_core@ui@modules@UModSys@@@tl@5@@31@@Z 100069e7 f i umodsys_lib_libui:umodsys.mod.ui.SDL_core.obj
 0001:000059e7       ??$ValidateConstruction@UIRefObject@core@UModSys@@URKeyboardController@SDL_core@ui@modules@3@@core@UModSys@@YA_NAAU?$TRefObject@UIRefObject@core@UModSys@@U?$TRefObjectFunc@UIRefObject@core@UModSys@@@tl@3@@tl@1@U?$TRefObject@URKeyboardController@SDL_core@ui@modules@UModSys@@U?$TRefObjectFunc@URKeyboardController@SDL_core@ui@modules@UModSys@@@tl@5@@31@@Z 100069e7 f i umodsys_lib_libui:umodsys.mod.ui.SDL_core.obj
 0001:00005a25       ??$t_gen_param@URTerminal@SDL_core@ui@modules@UModSys@@URGenerator@2345@@IGenerator@base@UModSys@@IAE_NPAURGenerator@SDL_core@ui@modules@2@AAU?$TRefObject@UIRefObject@core@UModSys@@U?$TRefObjectFunc@UIRefObject@core@UModSys@@@tl@3@@tl@2@PBUSUniquePointerInfo@core@2@ABUSParameters@core@2@@Z 10006a25 f i umodsys_lib_libui:umodsys.mod.ui.SDL_core.obj
 0001:00005ab7       ??$genx_node@UCmp@?$TScatterArray@U?$TRefObjectCompositeExtra@UIMouseClient@libui@UModSys@@HUIRefObject@core@3@U?$TRefObjectFunc@UIRefObject@core@UModSys@@@tl@3@@tl@UModSys@@HU?$TScalarCompare@H@core@3@U?$TNodeDeleter0@U?$TScatterArrayNode@U?$TRefObjectCompositeExtra@UIMouseClient@libui@UModSys@@HUIRefObject@core@3@U?$TRefObjectFunc@UIRefObject@core@UModSys@@@tl@3@@tl@UModSys@@H@tl@UModSys@@@23@@tl@UModSys@@UGen0@234@@?$TTreeHoldRBD@U?$TScatterArrayNode@U?$TRefObjectCompositeExtra@UIMouseClient@libui@UModSys@@HUIRefObject@core@3@U?$TRefObjectFunc@UIRefObject@core@UModSys@@@tl@3@@tl@UModSys@@H@tl@UModSys@@U?$TNodeDeleter0@U?$TScatterArrayNode@U?$TRefObjectCompositeExtra@UIMouseClient@libui@UModSys@@HUIRefObject@core@3@U?$TRefObjectFunc@UIRefObject@core@UModSys@@@tl@3@@tl@UModSys@@H@tl@UModSys@@@23@@tl@UModSys@@QAEPAU?$TScatterArrayNode@U?$TRefObjectCompositeExtra@UIMouseClient@libui@UModSys@@HUIRefObject@core@3@U?$TRefObjectFunc@UIRefObject@core@UModSys@@@tl@3@@tl@UModSys@@H@12@UCmp@?$TScatterArray@U?$TRefObjectCompositeExtra@UIMouseClient@libui@UModSys@@HUIRefObject@core@3@U?$TRefObjectFunc@UIRefObject@core@UModSys@@@tl@3@@tl@UModSys@@HU?$TScalarCompare@H@core@3@U?$TNodeDeleter0@U?$TScatterArrayNode@U?$TRefObjectCompositeExtra@UIMouseClient@libui@UModSys@@HUIRefObject@core@3@U?$TRefObjectFunc@UIRefObject@core@UModSys@@@tl@3@@tl@UModSys@@H@tl@UModSys@@@23@@12@ABUGen0@512@PAPAU312@2_N@Z 10006ab7 f i umodsys_lib_libui:umodsys.mod.ui.SDL_core.obj
 0001:00005b45       ??$genx_node@UCmp@?$TScatterArray@U?$TRefObjectComposite@UIKeyboardClient@libui@UModSys@@UIRefObject@core@3@U?$TRefObjectFunc@UIRefObject@core@UModSys@@@tl@3@@tl@UModSys@@HU?$TScalarCompare@H@core@3@U?$TNodeDeleter0@U?$TScatterArrayNode@U?$TRefObjectComposite@UIKeyboardClient@libui@UModSys@@UIRefObject@core@3@U?$TRefObjectFunc@UIRefObject@core@UModSys@@@tl@3@@tl@UModSys@@H@tl@UModSys@@@23@@tl@UModSys@@UGen0@234@@?$TTreeHoldRBD@U?$TScatterArrayNode@U?$TRefObjectComposite@UIKeyboardClient@libui@UModSys@@UIRefObject@core@3@U?$TRefObjectFunc@UIRefObject@core@UModSys@@@tl@3@@tl@UModSys@@H@tl@UModSys@@U?$TNodeDeleter0@U?$TScatterArrayNode@U?$TRefObjectComposite@UIKeyboardClient@libui@UModSys@@UIRefObject@core@3@U?$TRefObjectFunc@UIRefObject@core@UModSys@@@tl@3@@tl@UModSys@@H@tl@UModSys@@@23@@tl@UModSys@@QAEPAU?$TScatterArrayNode@U?$TRefObjectComposite@UIKeyboardClient@libui@UModSys@@UIRefObject@core@3@U?$TRefObjectFunc@UIRefObject@core@UModSys@@@tl@3@@tl@UModSys@@H@12@UCmp@?$TScatterArray@U?$TRefObjectComposite@UIKeyboardClient@libui@UModSys@@UIRefObject@core@3@U?$TRefObjectFunc@UIRefObject@core@UModSys@@@tl@3@@tl@UModSys@@HU?$TScalarCompare@H@core@3@U?$TNodeDeleter0@U?$TScatterArrayNode@U?$TRefObjectComposite@UIKeyboardClient@libui@UModSys@@UIRefObject@core@3@U?$TRefObjectFunc@UIRefObject@core@UModSys@@@tl@3@@tl@UModSys@@H@tl@UModSys@@@23@@12@ABUGen0@512@PAPAU312@2_N@Z 10006b45 f i umodsys_lib_libui:umodsys.mod.ui.SDL_core.obj
 0001:00005bd3       ??E?$TTreeIterRB@$$CBU?$TScatterArrayNode@U?$TRefObject@URRenderDriver2D@SDL_core@ui@modules@UModSys@@U?$TRefObjectWeakFunc@URRenderDriver2D@SDL_core@ui@modules@UModSys@@@tl@5@@tl@UModSys@@H@tl@UModSys@@$$CBU?$TPair@HU?$TRefObject@URRenderDriver2D@SDL_core@ui@modules@UModSys@@U?$TRefObjectWeakFunc@URRenderDriver2D@SDL_core@ui@modules@UModSys@@@tl@5@@tl@UModSys@@@23@@tl@UModSys@@QAE?AU012@XZ 10006bd3 f i umodsys_lib_libui:umodsys.mod.ui.SDL_core.obj
 0001:00005bfd       ??0?$TScatterArrayNode@U?$TRefObjectCompositeExtra@UIMouseClient@libui@UModSys@@HUIRefObject@core@3@U?$TRefObjectFunc@UIRefObject@core@UModSys@@@tl@3@@tl@UModSys@@H@tl@UModSys@@QAE@ABH@Z 10006bfd f i umodsys_lib_libui:umodsys.mod.ui.SDL_core.obj
 0001:00005c53       ??0?$TScatterArrayNode@U?$TRefObjectComposite@UIKeyboardClient@libui@UModSys@@UIRefObject@core@3@U?$TRefObjectFunc@UIRefObject@core@UModSys@@@tl@3@@tl@UModSys@@H@tl@UModSys@@QAE@ABH@Z 10006c53 f i umodsys_lib_libui:umodsys.mod.ui.SDL_core.obj
 0001:00005ca2       ??$process_nodes_r@U?$TNodeDeleter0@U?$TScatterArrayNode@UGlyph@RMultiImage2D_SDL_ttf@SDL_core@ui@modules@UModSys@@H@tl@UModSys@@@tl@UModSys@@@?$TTreeHoldRB@U?$TScatterArrayNode@UGlyph@RMultiImage2D_SDL_ttf@SDL_core@ui@modules@UModSys@@H@tl@UModSys@@@tl@UModSys@@KAHPAU?$TScatterArrayNode@UGlyph@RMultiImage2D_SDL_ttf@SDL_core@ui@modules@UModSys@@H@12@ABU?$TNodeDeleter0@U?$TScatterArrayNode@UGlyph@RMultiImage2D_SDL_ttf@SDL_core@ui@modules@UModSys@@H@tl@UModSys@@@12@@Z 10006ca2 f i umodsys_lib_libui:umodsys.mod.ui.SDL_core.obj
 0001:00005cf5       ??$process_nodes_r@U?$TNodeDeleter0@U?$TScatterArrayNode@U?$TRefObjectCompositeExtra@UIMouseClient@libui@UModSys@@HUIRefObject@core@3@U?$TRefObjectFunc@UIRefObject@core@UModSys@@@tl@3@@tl@UModSys@@H@tl@UModSys@@@tl@UModSys@@@?$TTreeHoldRB@U?$TScatterArrayNode@U?$TRefObjectCompositeExtra@UIMouseClient@libui@UModSys@@HUIRefObject@core@3@U?$TRefObjectFunc@UIRefObject@core@UModSys@@@tl@3@@tl@UModSys@@H@tl@UModSys@@@tl@UModSys@@KAHPAU?$TScatterArrayNode@U?$TRefObjectCompositeExtra@UIMouseClient@libui@UModSys@@HUIRefObject@core@3@U?$TRefObjectFunc@UIRefObject@core@UModSys@@@tl@3@@tl@UModSys@@H@12@ABU?$TNodeDeleter0@U?$TScatterArrayNode@U?$TRefObjectCompositeExtra@UIMouseClient@libui@UModSys@@HUIRefObject@core@3@U?$TRefObjectFunc@UIRefObject@core@UModSys@@@tl@3@@tl@UModSys@@H@tl@UModSys@@@12@@Z 10006cf5 f i umodsys_lib_libui:umodsys.mod.ui.SDL_core.obj
 0001:00005cf5       ??$process_nodes_r@U?$TNodeDeleter0@U?$TScatterArrayNode@U?$TRefObjectComposite@UIKeyboardClient@libui@UModSys@@UIRefObject@core@3@U?$TRefObjectFunc@UIRefObject@core@UModSys@@@tl@3@@tl@UModSys@@H@tl@UModSys@@@tl@UModSys@@@?$TTreeHoldRB@U?$TScatterArrayNode@U?$TRefObjectComposite@UIKeyboardClient@libui@UModSys@@UIRefObject@core@3@U?$TRefObjectFunc@UIRefObject@core@UModSys@@@tl@3@@tl@UModSys@@H@tl@UModSys@@@tl@UModSys@@KAHPAU?$TScatterArrayNode@U?$TRefObjectComposite@UIKeyboardClient@libui@UModSys@@UIRefObject@core@3@U?$TRefObjectFunc@UIRefObject@core@UModSys@@@tl@3@@tl@UModSys@@H@12@ABU?$TNodeDeleter0@U?$TScatterArrayNode@U?$TRefObjectComposite@UIKeyboardClient@libui@UModSys@@UIRefObject@core@3@U?$TRefObjectFunc@UIRefObject@core@UModSys@@@tl@3@@tl@UModSys@@H@tl@UModSys@@@12@@Z 10006cf5 f i umodsys_lib_libui:umodsys.mod.ui.SDL_core.obj
 0001:00005d3f       ??$process_nodes_r@U?$TNodeDeleter0@U?$TScatterArrayNode@U?$TRefObject@URRenderDriver2D@SDL_core@ui@modules@UModSys@@U?$TRefObjectWeakFunc@URRenderDriver2D@SDL_core@ui@modules@UModSys@@@tl@5@@tl@UModSys@@H@tl@UModSys@@@tl@UModSys@@@?$TTreeHoldRB@U?$TScatterArrayNode@U?$TRefObject@URRenderDriver2D@SDL_core@ui@modules@UModSys@@U?$TRefObjectWeakFunc@URRenderDriver2D@SDL_core@ui@modules@UModSys@@@tl@5@@tl@UModSys@@H@tl@UModSys@@@tl@UModSys@@KAHPAU?$TScatterArrayNode@U?$TRefObject@URRenderDriver2D@SDL_core@ui@modules@UModSys@@U?$TRefObjectWeakFunc@URRenderDriver2D@SDL_core@ui@modules@UModSys@@@tl@5@@tl@UModSys@@H@12@ABU?$TNodeDeleter0@U?$TScatterArrayNode@U?$TRefObject@URRenderDriver2D@SDL_core@ui@modules@UModSys@@U?$TRefObjectWeakFunc@URRenderDriver2D@SDL_core@ui@modules@UModSys@@@tl@5@@tl@UModSys@@H@tl@UModSys@@@12@@Z 10006d3f f i umodsys_lib_libui:umodsys.mod.ui.SDL_core.obj
 0001:00005d88       ??$genx_node@UCmp@?$TScatterArray@U?$TRefObject@URRenderDriver2D@SDL_core@ui@modules@UModSys@@U?$TRefObjectWeakFunc@URRenderDriver2D@SDL_core@ui@modules@UModSys@@@tl@5@@tl@UModSys@@HU?$TScalarCompare@H@core@3@U?$TNodeDeleter0@U?$TScatterArrayNode@U?$TRefObject@URRenderDriver2D@SDL_core@ui@modules@UModSys@@U?$TRefObjectWeakFunc@URRenderDriver2D@SDL_core@ui@modules@UModSys@@@tl@5@@tl@UModSys@@H@tl@UModSys@@@23@@tl@UModSys@@UGen0@234@@?$TTreeHoldRBD@U?$TScatterArrayNode@U?$TRefObject@URRenderDriver2D@SDL_core@ui@modules@UModSys@@U?$TRefObjectWeakFunc@URRenderDriver2D@SDL_core@ui@modules@UModSys@@@tl@5@@tl@UModSys@@H@tl@UModSys@@U?$TNodeDeleter0@U?$TScatterArrayNode@U?$TRefObject@URRenderDriver2D@SDL_core@ui@modules@UModSys@@U?$TRefObjectWeakFunc@URRenderDriver2D@SDL_core@ui@modules@UModSys@@@tl@5@@tl@UModSys@@H@tl@UModSys@@@23@@tl@UModSys@@QAEPAU?$TScatterArrayNode@U?$TRefObject@URRenderDriver2D@SDL_core@ui@modules@UModSys@@U?$TRefObjectWeakFunc@URRenderDriver2D@SDL_core@ui@modules@UModSys@@@tl@5@@tl@UModSys@@H@12@UCmp@?$TScatterArray@U?$TRefObject@URRenderDriver2D@SDL_core@ui@modules@UModSys@@U?$TRefObjectWeakFunc@URRenderDriver2D@SDL_core@ui@modules@UModSys@@@tl@5@@tl@UModSys@@HU?$TScalarCompare@H@core@3@U?$TNodeDeleter0@U?$TScatterArrayNode@U?$TRefObject@URRenderDriver2D@SDL_core@ui@modules@UModSys@@U?$TRefObjectWeakFunc@URRenderDriver2D@SDL_core@ui@modules@UModSys@@@tl@5@@tl@UModSys@@H@tl@UModSys@@@23@@12@ABUGen0@512@PAPAU312@2_N@Z 10006d88 f i umodsys_lib_libui:umodsys.mod.ui.SDL_core.obj
 0001:00005e17       ?rotate_right@?$TTreeHoldRB@U?$TScatterArrayNode@U?$TVector2@M@math3d@UModSys@@H@tl@UModSys@@@tl@UModSys@@IAEXPAU?$TScatterArrayNode@U?$TVector2@M@math3d@UModSys@@H@23@@Z 10006e17 f i umodsys_lib_libui:umodsys.mod.ui.frames.obj
 0001:00005e17       ?rotate_right@?$TTreeHoldRB@U?$TScatterArrayNode@U?$TRefObjectComposite@UIKeyboardClient@libui@UModSys@@UIRefObject@core@3@U?$TRefObjectFunc@UIRefObject@core@UModSys@@@tl@3@@tl@UModSys@@H@tl@UModSys@@@tl@UModSys@@IAEXPAU?$TScatterArrayNode@U?$TRefObjectComposite@UIKeyboardClient@libui@UModSys@@UIRefObject@core@3@U?$TRefObjectFunc@UIRefObject@core@UModSys@@@tl@3@@tl@UModSys@@H@23@@Z 10006e17 f i umodsys_lib_libui:umodsys.mod.ui.SDL_core.obj
 0001:00005e17       ?rotate_right@?$TTreeHoldRB@U?$TScatterArrayNode@UGlyph@RMultiImage2D_SDL_ttf@SDL_core@ui@modules@UModSys@@H@tl@UModSys@@@tl@UModSys@@IAEXPAU?$TScatterArrayNode@UGlyph@RMultiImage2D_SDL_ttf@SDL_core@ui@modules@UModSys@@H@23@@Z 10006e17 f i umodsys_lib_libui:umodsys.mod.ui.SDL_core.obj
 0001:00005e17       ?rotate_right@?$TTreeHoldRB@U?$TScatterArrayNode@U?$TRefObject@URRenderDriver2D@SDL_core@ui@modules@UModSys@@U?$TRefObjectWeakFunc@URRenderDriver2D@SDL_core@ui@modules@UModSys@@@tl@5@@tl@UModSys@@H@tl@UModSys@@@tl@UModSys@@IAEXPAU?$TScatterArrayNode@U?$TRefObject@URRenderDriver2D@SDL_core@ui@modules@UModSys@@U?$TRefObjectWeakFunc@URRenderDriver2D@SDL_core@ui@modules@UModSys@@@tl@5@@tl@UModSys@@H@23@@Z 10006e17 f i umodsys_lib_libui:umodsys.mod.ui.SDL_core.obj
 0001:00005e17       ?rotate_right@?$TTreeHoldRB@U?$TScatterArrayNode@U?$TVector4@M@math3d@UModSys@@H@tl@UModSys@@@tl@UModSys@@IAEXPAU?$TScatterArrayNode@U?$TVector4@M@math3d@UModSys@@H@23@@Z 10006e17 f i umodsys_lib_libui:umodsys.mod.ui.frames.obj
 0001:00005e17       ?rotate_right@?$TTreeHoldRB@U?$TScatterArrayNode@HH@tl@UModSys@@@tl@UModSys@@IAEXPAU?$TScatterArrayNode@HH@23@@Z 10006e17 f i umodsys_lib_libui:umodsys.mod.ui.frames.obj
 0001:00005e17       ?rotate_right@?$TTreeHoldRB@U?$TScatterArrayNode@U?$TRefObjectCompositeExtra@UIMouseClient@libui@UModSys@@HUIRefObject@core@3@U?$TRefObjectFunc@UIRefObject@core@UModSys@@@tl@3@@tl@UModSys@@H@tl@UModSys@@@tl@UModSys@@IAEXPAU?$TScatterArrayNode@U?$TRefObjectCompositeExtra@UIMouseClient@libui@UModSys@@HUIRefObject@core@3@U?$TRefObjectFunc@UIRefObject@core@UModSys@@@tl@3@@tl@UModSys@@H@23@@Z 10006e17 f i umodsys_lib_libui:umodsys.mod.ui.SDL_core.obj
 0001:00005e56       ??0?$TScatterArrayNode@U?$TRefObject@URRenderDriver2D@SDL_core@ui@modules@UModSys@@U?$TRefObjectWeakFunc@URRenderDriver2D@SDL_core@ui@modules@UModSys@@@tl@5@@tl@UModSys@@H@tl@UModSys@@QAE@ABH@Z 10006e56 f i umodsys_lib_libui:umodsys.mod.ui.SDL_core.obj
 0001:00005e9d       ?rotate_left@?$TTreeHoldRB@U?$TScatterArrayNode@U?$TVector4@M@math3d@UModSys@@H@tl@UModSys@@@tl@UModSys@@IAEXPAU?$TScatterArrayNode@U?$TVector4@M@math3d@UModSys@@H@23@@Z 10006e9d f i umodsys_lib_libui:umodsys.mod.ui.frames.obj
 0001:00005e9d       ?rotate_left@?$TTreeHoldRB@U?$TScatterArrayNode@HH@tl@UModSys@@@tl@UModSys@@IAEXPAU?$TScatterArrayNode@HH@23@@Z 10006e9d f i umodsys_lib_libui:umodsys.mod.ui.frames.obj
 0001:00005e9d       ?rotate_left@?$TTreeHoldRB@U?$TScatterArrayNode@U?$TRefObjectCompositeExtra@UIMouseClient@libui@UModSys@@HUIRefObject@core@3@U?$TRefObjectFunc@UIRefObject@core@UModSys@@@tl@3@@tl@UModSys@@H@tl@UModSys@@@tl@UModSys@@IAEXPAU?$TScatterArrayNode@U?$TRefObjectCompositeExtra@UIMouseClient@libui@UModSys@@HUIRefObject@core@3@U?$TRefObjectFunc@UIRefObject@core@UModSys@@@tl@3@@tl@UModSys@@H@23@@Z 10006e9d f i umodsys_lib_libui:umodsys.mod.ui.SDL_core.obj
[...]
 0001:000102f9       ??__E?s_id@?$TObjectUniqueID@URFrame_Frame@frames@ui@modules@UModSys@@@tl@UModSys@@2USUniquePointer@core@3@A@@YAXXZ 100112f9 f    CIL library: CIL module
 0001:0001031b       ??__E?s_id@?$TObjectUniqueID@URFrame_Image@frames@ui@modules@UModSys@@@tl@UModSys@@2USUniquePointer@core@3@A@@YAXXZ 1001131b f    CIL library: CIL module
 0001:0001033d       ??__E?s_id@?$TObjectUniqueID@URFrame_Text@frames@ui@modules@UModSys@@@tl@UModSys@@2USUniquePointer@core@3@A@@YAXXZ 1001133d f    CIL library: CIL module
 0001:0001035f       ??__E?s_id@?$TObjectUniqueID@URFrame_Button@frames@ui@modules@UModSys@@@tl@UModSys@@2USUniquePointer@core@3@A@@YAXXZ 1001135f f    CIL library: CIL module
 0001:00010381       ??__E?s_id@?$TObjectUniqueID@URFrame_Edit@frames@ui@modules@UModSys@@@tl@UModSys@@2USUniquePointer@core@3@A@@YAXXZ 10011381 f    CIL library: CIL module
 0001:000103a3       ??__E?s_id@?$TObjectUniqueID@URFrame_List@frames@ui@modules@UModSys@@@tl@UModSys@@2USUniquePointer@core@3@A@@YAXXZ 100113a3 f    CIL library: CIL module
 0001:000103c5       ??__E?s_id@?$TObjectUniqueID@URCollector@frames@ui@modules@UModSys@@@tl@UModSys@@2USUniquePointer@core@3@A@@YAXXZ 100113c5 f    CIL library: CIL module
 0001:000103e7       ??__E?s_id@?$TObjectUniqueID@URGenerator@frames@ui@modules@UModSys@@@tl@UModSys@@2USUniquePointer@core@3@A@@YAXXZ 100113e7 f    CIL library: CIL module
 0001:00010409       ??__E?s_modreg@RModuleReg@images_std@media@modules@UModSys@@2U12345@A@@YAXXZ 10011409 f    CIL library: CIL module
 0001:00010439       ??__E?s_modreg_chain@RModuleReg@images_std@media@modules@UModSys@@2USModuleRegChain@base@5@A@@YAXXZ 10011439 f    CIL library: CIL module
 0001:00010454       ??__E?s_uid@RGenerator@images_std@media@modules@UModSys@@2USUniquePointer@core@5@A@@YAXXZ 10011454 f    CIL library: CIL module
 0001:00010476       ??__E?s_id@?$TObjectUniqueID@URMediaFilter@images_std@media@modules@UModSys@@@tl@UModSys@@2USUniquePointer@core@3@A@@YAXXZ 10011476 f    CIL library: CIL module
 0001:00010498       ??__E?s_id@?$TObjectUniqueID@URGenerator@images_std@media@modules@UModSys@@@tl@UModSys@@2USUniquePointer@core@3@A@@YAXXZ 10011498 f    CIL library: CIL module
 0001:000104ba       ??__E?s_modreg@RModuleReg@serialize_json@media@modules@UModSys@@2U12345@A@@YAXXZ 100114ba f    CIL library: CIL module
 0001:000104ea       ??__E?s_modreg_chain@RModuleReg@serialize_json@media@modules@UModSys@@2USModuleRegChain@base@5@A@@YAXXZ 100114ea f    CIL library: CIL module
 0001:00010505       ??__E?s_uid@RGenerator@serialize_json@media@modules@UModSys@@2USUniquePointer@core@5@A@@YAXXZ 10011505 f    CIL library: CIL module
 0001:00010527       ??__E?s_id@?$TObjectUniqueID@URSerializeReader@serialize_json@media@modules@UModSys@@@tl@UModSys@@2USUniquePointer@core@3@A@@YAXXZ 10011527 f    CIL library: CIL module
 0001:00010549       ??__E?s_id@?$TObjectUniqueID@URSerializeWriter@serialize_json@media@modules@UModSys@@@tl@UModSys@@2USUniquePointer@core@3@A@@YAXXZ 10011549 f    CIL library: CIL module
 0001:0001056b       ??__E?s_id@?$TObjectUniqueID@URGenerator@serialize_json@media@modules@UModSys@@@tl@UModSys@@2USUniquePointer@core@3@A@@YAXXZ 1001156b f    CIL library: CIL module
 0001:0001058d       ??__EM@UModSys@@YAXXZ      1001158d f    CIL library: CIL module
 0001:00010599       ??__E?root@SModuleRegChain@base@UModSys@@2U123@A@@YAXXZ 10011599 f    CIL library: CIL module
 0001:000105a5       ??__E?s_library@RModuleLibraryReg_Chain@base@UModSys@@2U123@A@@YAXXZ 100115a5 f    CIL library: CIL module
 0001:000105b1       ??__E?root@SUniquePointer@core@UModSys@@2U123@A@@YAXXZ 100115b1 f    CIL library: CIL module
 0001:000105bd       ??__F?s_modreg@RModuleReg@test1@test@modules@UModSys@@2U12345@A@@YAXXZ 100115bd f    CIL library: CIL module
 0001:000105c8       ??__F?s_modreg_chain@RModuleReg@test1@test@modules@UModSys@@2USModuleRegChain@base@5@A@@YAXXZ 100115c8 f    CIL library: CIL module
 0001:000105d2       ??__F?s_uid@RGenerator@test1@test@modules@UModSys@@2USUniquePointer@core@5@A@@YAXXZ 100115d2 f    CIL library: CIL module
 0001:000105dc       ??__Fh@?1??s_holder@RGenerator@test1@test@modules@UModSys@@SAAAU?$TTypeStaticHolder@URGenerator@test1@test@modules@UModSys@@@tl@5@XZ@YAXXZ 100115dc f    CIL library: CIL module
 0001:000105f9       ??__F?s_id@?$TObjectUniqueID@URGenerator@test1@test@modules@UModSys@@@tl@UModSys@@2USUniquePointer@core@3@A@@YAXXZ 100115f9 f    CIL library: CIL module
 0001:00010603       ??__F?s_id@?$TObjectUniqueID@URTest1_Shell@test1@test@modules@UModSys@@@tl@UModSys@@2USUniquePointer@core@3@A@@YAXXZ 10011603 f    CIL library: CIL module
 0001:0001060d       ??__F?s_id@?$TObjectUniqueID@URLines_Filter@test1@test@modules@UModSys@@@tl@UModSys@@2USUniquePointer@core@3@A@@YAXXZ 1001160d f    CIL library: CIL module
 0001:00010617       ??__F?s_id@?$TObjectUniqueID@URLines@test1@test@modules@UModSys@@@tl@UModSys@@2USUniquePointer@core@3@A@@YAXXZ 10011617 f    CIL library: CIL module
 0001:00010621       ??__F?s_id@?$TObjectUniqueID@UILines@test1@test@modules@UModSys@@@tl@UModSys@@2USUniquePointer@core@3@A@@YAXXZ 10011621 f    CIL library: CIL module
 0001:0001062b       ??__F?s_id@?$TObjectUniqueID@UIRenderDriver@lib2d@UModSys@@@tl@UModSys@@2USUniquePointer@core@3@A@@YAXXZ 1001162b f    CIL library: CIL module
 0001:00010635       ??__F?s_id@?$TObjectUniqueID@UIMultiImage@lib2d@UModSys@@@tl@UModSys@@2USUniquePointer@core@3@A@@YAXXZ 10011635 f    CIL library: CIL module
 0001:0001063f       ??__F?s_id@?$TObjectUniqueID@UIImage@lib2d@UModSys@@@tl@UModSys@@2USUniquePointer@core@3@A@@YAXXZ 1001163f f    CIL library: CIL module
 0001:00010649       ??__F?s_id@?$TObjectUniqueID@UIDialog@libui@UModSys@@@tl@UModSys@@2USUniquePointer@core@3@A@@YAXXZ 10011649 f    CIL library: CIL module
 0001:00010653       ??__F?s_id@?$TObjectUniqueID@UIFrame@libui@UModSys@@@tl@UModSys@@2USUniquePointer@core@3@A@@YAXXZ 10011653 f    CIL library: CIL module
 0001:0001065d       ??__F?s_id@?$TObjectUniqueID@UIAsyncCollector@libui@UModSys@@@tl@UModSys@@2USUniquePointer@core@3@A@@YAXXZ 1001165d f    CIL library: CIL module
 0001:00010667       ??__F?s_id@?$TObjectUniqueID@UIAsyncController@libui@UModSys@@@tl@UModSys@@2USUniquePointer@core@3@A@@YAXXZ 10011667 f    CIL library: CIL module
 0001:00010671       ??__F?s_id@?$TObjectUniqueID@UICollector@libui@UModSys@@@tl@UModSys@@2USUniquePointer@core@3@A@@YAXXZ 10011671 f    CIL library: CIL module
 0001:0001067b       ??__F?s_id@?$TObjectUniqueID@UIConsoleHelperInput_UIKey@libui@UModSys@@@tl@UModSys@@2USUniquePointer@core@3@A@@YAXXZ 1001167b f    CIL library: CIL module
 0001:00010685       ??__F?s_id@?$TObjectUniqueID@UITerminal@libui@UModSys@@@tl@UModSys@@2USUniquePointer@core@3@A@@YAXXZ 10011685 f    CIL library: CIL module
 0001:0001068f       ??__F?s_id@?$TObjectUniqueID@UIJoystickController@libui@UModSys@@@tl@UModSys@@2USUniquePointer@core@3@A@@YAXXZ 1001168f f    CIL library: CIL module
 0001:00010699       ??__F?s_id@?$TObjectUniqueID@UIMouseController@libui@UModSys@@@tl@UModSys@@2USUniquePointer@core@3@A@@YAXXZ 10011699 f    CIL library: CIL module
 0001:000106a3       ??__F?s_id@?$TObjectUniqueID@UIKeyboardController@libui@UModSys@@@tl@UModSys@@2USUniquePointer@core@3@A@@YAXXZ 100116a3 f    CIL library: CIL module
 0001:000106ad       ??__F?s_id@?$TObjectUniqueID@UIConsoleHelperOutputFCS@base@UModSys@@@tl@UModSys@@2USUniquePointer@core@3@A@@YAXXZ 100116ad f    CIL library: CIL module
 0001:000106b7       ??__F?s_id@?$TObjectUniqueID@UIConsoleHelperOutput@base@UModSys@@@tl@UModSys@@2USUniquePointer@core@3@A@@YAXXZ 100116b7 f    CIL library: CIL module
 0001:000106c1       ??__F?s_id@?$TObjectUniqueID@UIConsoleHelperInput@base@UModSys@@@tl@UModSys@@2USUniquePointer@core@3@A@@YAXXZ 100116c1 f    CIL library: CIL module
 0001:000106cb       ??__F?s_id@?$TObjectUniqueID@UIConsoleHelperHistory@base@UModSys@@@tl@UModSys@@2USUniquePointer@core@3@A@@YAXXZ 100116cb f    CIL library: CIL module
 0001:000106d5       ??__F?s_id@?$TObjectUniqueID@UIConsoleHelper@base@UModSys@@@tl@UModSys@@2USUniquePointer@core@3@A@@YAXXZ 100116d5 f    CIL library: CIL module
 0001:000106df       ??__F?s_id@?$TObjectUniqueID@UIConsoleExt@base@UModSys@@@tl@UModSys@@2USUniquePointer@core@3@A@@YAXXZ 100116df f    CIL library: CIL module
 0001:000106e9       ??__F?s_id@?$TObjectUniqueID@UISerializeWriter@libmedia@UModSys@@@tl@UModSys@@2USUniquePointer@core@3@A@@YAXXZ 100116e9 f    CIL library: CIL module
 0001:000106f3       ??__F?s_id@?$TObjectUniqueID@UISerializeReader@libmedia@UModSys@@@tl@UModSys@@2USUniquePointer@core@3@A@@YAXXZ 100116f3 f    CIL library: CIL module
 0001:000106fd       ??__F?s_id@?$TObjectUniqueID@UILibraryLayered@libmedia@UModSys@@@tl@UModSys@@2USUniquePointer@core@3@A@@YAXXZ 100116fd f    CIL library: CIL module
 0001:00010707       ??__F?s_id@?$TObjectUniqueID@UILibraryObjCache@libmedia@UModSys@@@tl@UModSys@@2USUniquePointer@core@3@A@@YAXXZ 10011707 f    CIL library: CIL module
 0001:00010711       ??__F?s_id@?$TObjectUniqueID@UILibraryObjFilter@libmedia@UModSys@@@tl@UModSys@@2USUniquePointer@core@3@A@@YAXXZ 10011711 f    CIL library: CIL module
 0001:0001071b       ??__F?s_id@?$TObjectUniqueID@UILibraryBinCache@libmedia@UModSys@@@tl@UModSys@@2USUniquePointer@core@3@A@@YAXXZ 1001171b f    CIL library: CIL module
 0001:00010725       ??__F?s_id@?$TObjectUniqueID@UILibraryBinTree@libmedia@UModSys@@@tl@UModSys@@2USUniquePointer@core@3@A@@YAXXZ 10011725 f    CIL library: CIL module
 0001:0001072f       ??__F?s_id@?$TObjectUniqueID@UILibrary@libmedia@UModSys@@@tl@UModSys@@2USUniquePointer@core@3@A@@YAXXZ 1001172f f    CIL library: CIL module
 0001:00010739       ??__F?s_id@?$TObjectUniqueID@UIBinObjFilter@libmedia@UModSys@@@tl@UModSys@@2USUniquePointer@core@3@A@@YAXXZ 10011739 f    CIL library: CIL module
 0001:00010743       ??__F?s_id@?$TObjectUniqueID@UIBinArchive@libmedia@UModSys@@@tl@UModSys@@2USUniquePointer@core@3@A@@YAXXZ 10011743 f    CIL library: CIL module
 0001:0001074d       ??__F?s_id@?$TObjectUniqueID@UIStreamWriter@libmedia@UModSys@@@tl@UModSys@@2USUniquePointer@core@3@A@@YAXXZ 1001174d f    CIL library: CIL module
 0001:00010757       ??__F?s_id@?$TObjectUniqueID@UIStreamReader@libmedia@UModSys@@@tl@UModSys@@2USUniquePointer@core@3@A@@YAXXZ 10011757 f    CIL library: CIL module
 0001:00010761       ??__F?s_id@?$TObjectUniqueID@UISystem@base@UModSys@@@tl@UModSys@@2USUniquePointer@core@3@A@@YAXXZ 10011761 f    CIL library: CIL module
 0001:0001076b       ??__F?s_id@?$TObjectUniqueID@UIConsole@base@UModSys@@@tl@UModSys@@2USUniquePointer@core@3@A@@YAXXZ 1001176b f    CIL library: CIL module
 0001:00010775       ??__F?s_id@?$TObjectUniqueID@UIShell@base@UModSys@@@tl@UModSys@@2USUniquePointer@core@3@A@@YAXXZ 10011775 f    CIL library: CIL module
 0001:0001077f       ??__F?s_id@?$TObjectUniqueID@UIGenerator@base@UModSys@@@tl@UModSys@@2USUniquePointer@core@3@A@@YAXXZ 1001177f f    CIL library: CIL module
 0001:00010789       ??__F?s_id@?$TObjectUniqueID@UIModObject@base@UModSys@@@tl@UModSys@@2USUniquePointer@core@3@A@@YAXXZ 10011789 f    CIL library: CIL module
 0001:00010793       ??__F?s_id@?$TObjectUniqueID@UIModuleLibrary@base@UModSys@@@tl@UModSys@@2USUniquePointer@core@3@A@@YAXXZ 10011793 f    CIL library: CIL module
 0001:0001079d       ??__F?s_id@?$TObjectUniqueID@UIModule@base@UModSys@@@tl@UModSys@@2USUniquePointer@core@3@A@@YAXXZ 1001179d f    CIL library: CIL module
 0001:000107a7       ??__F?s_id@?$TObjectUniqueID@UIParameters@core@UModSys@@@tl@UModSys@@2USUniquePointer@core@3@A@@YAXXZ 100117a7 f    CIL library: CIL module
 0001:000107b1       ??__F?s_id@?$TObjectUniqueID@UIRefObject@core@UModSys@@@tl@UModSys@@2USUniquePointer@core@3@A@@YAXXZ 100117b1 f    CIL library: CIL module
 0001:000107bb       ??__F?s_id@?$TObjectUniqueID@UIRoot@core@UModSys@@@tl@UModSys@@2USUniquePointer@core@3@A@@YAXXZ 100117bb f    CIL library: CIL module
 0001:000107c5       ??__F?s_modreg@RModuleReg@stdlib@lib2d@modules@UModSys@@2U12345@A@@YAXXZ 100117c5 f    CIL library: CIL module
 0001:000107d0       ??__F?s_modreg_chain@RModuleReg@stdlib@lib2d@modules@UModSys@@2USModuleRegChain@base@5@A@@YAXXZ 100117d0 f    CIL library: CIL module
 0001:000107da       ??__F?s_uid@RGenerator@stdlib@lib2d@modules@UModSys@@2USUniquePointer@core@5@A@@YAXXZ 100117da f    CIL library: CIL module
 0001:000107e4       ??__Fh@?1??s_holder@RGenerator@stdlib@lib2d@modules@UModSys@@SAAAU?$TTypeStaticHolder@URGenerator@stdlib@lib2d@modules@UModSys@@@tl@5@XZ@YAXXZ 100117e4 f    CIL library: CIL module
 0001:00010801       ??__F?s_id@?$TObjectUniqueID@URGenerator@stdlib@lib2d@modules@UModSys@@@tl@UModSys@@2USUniquePointer@core@3@A@@YAXXZ 10011801 f    CIL library: CIL module
 0001:0001080b       ??__F?s_id@?$TObjectUniqueID@URImage_Memory@stdlib@lib2d@modules@UModSys@@@tl@UModSys@@2USUniquePointer@core@3@A@@YAXXZ 1001180b f    CIL library: CIL module
 0001:00010815       ??__F?s_modreg@RModuleReg@SDL_core@ui@modules@UModSys@@2U12345@A@@YAXXZ 10011815 f    CIL library: CIL module
 0001:00010820       ??__F?s_modreg_chain@RModuleReg@SDL_core@ui@modules@UModSys@@2USModuleRegChain@base@5@A@@YAXXZ 10011820 f    CIL library: CIL module
 0001:0001082a       ??__F?s_uid@RGenerator@SDL_core@ui@modules@UModSys@@2USUniquePointer@core@5@A@@YAXXZ 1001182a f    CIL library: CIL module
 0001:00010834       ??__Fh@?1??s_holder@RGenerator@SDL_core@ui@modules@UModSys@@SAAAU?$TTypeStaticHolder@URGenerator@SDL_core@ui@modules@UModSys@@@tl@5@XZ@YAXXZ 10011834 f    CIL library: CIL module
 0001:00010851       ??__F?s_id@?$TObjectUniqueID@URGenerator@SDL_core@ui@modules@UModSys@@@tl@UModSys@@2USUniquePointer@core@3@A@@YAXXZ 10011851 f    CIL library: CIL module
 0001:0001085b       ??__F?s_id@?$TObjectUniqueID@URTerminal@SDL_core@ui@modules@UModSys@@@tl@UModSys@@2USUniquePointer@core@3@A@@YAXXZ 1001185b f    CIL library: CIL module
 0001:00010865       ??__F?s_id@?$TObjectUniqueID@URKeyboardController@SDL_core@ui@modules@UModSys@@@tl@UModSys@@2USUniquePointer@core@3@A@@YAXXZ 10011865 f    CIL library: CIL module
 0001:0001086f       ??__F?s_id@?$TObjectUniqueID@URMouseController@SDL_core@ui@modules@UModSys@@@tl@UModSys@@2USUniquePointer@core@3@A@@YAXXZ 1001186f f    CIL library: CIL module
 0001:00010879       ??__F?s_id@?$TObjectUniqueID@URRenderDriver2D@SDL_core@ui@modules@UModSys@@@tl@UModSys@@2USUniquePointer@core@3@A@@YAXXZ 10011879 f    CIL library: CIL module
 0001:00010883       ??__F?s_id@?$TObjectUniqueID@URMultiImage2D_SDL_ttf@SDL_core@ui@modules@UModSys@@@tl@UModSys@@2USUniquePointer@core@3@A@@YAXXZ 10011883 f    CIL library: CIL module
 0001:0001088d       ??__F?s_modreg@RModuleReg@frames@ui@modules@UModSys@@2U12345@A@@YAXXZ 1001188d f    CIL library: CIL module
 0001:00010898       ??__F?s_modreg_chain@RModuleReg@frames@ui@modules@UModSys@@2USModuleRegChain@base@5@A@@YAXXZ 10011898 f    CIL library: CIL module
 0001:000108a2       ??__F?s_uid@RGenerator@frames@ui@modules@UModSys@@2USUniquePointer@core@5@A@@YAXXZ 100118a2 f    CIL library: CIL module
 0001:000108ac       ??__Fh@?1??s_holder@RGenerator@frames@ui@modules@UModSys@@SAAAU?$TTypeStaticHolder@URGenerator@frames@ui@modules@UModSys@@@tl@5@XZ@YAXXZ 100118ac f    CIL library: CIL module
 0001:000108c9       ??__F?s_id@?$TObjectUniqueID@URGenerator@frames@ui@modules@UModSys@@@tl@UModSys@@2USUniquePointer@core@3@A@@YAXXZ 100118c9 f    CIL library: CIL module
 0001:000108d3       ??__F?s_id@?$TObjectUniqueID@URCollector@frames@ui@modules@UModSys@@@tl@UModSys@@2USUniquePointer@core@3@A@@YAXXZ 100118d3 f    CIL library: CIL module
 0001:000108dd       ??__F?s_id@?$TObjectUniqueID@URFrame_List@frames@ui@modules@UModSys@@@tl@UModSys@@2USUniquePointer@core@3@A@@YAXXZ 100118dd f    CIL library: CIL module
 0001:000108e7       ??__F?s_id@?$TObjectUniqueID@URFrame_Edit@frames@ui@modules@UModSys@@@tl@UModSys@@2USUniquePointer@core@3@A@@YAXXZ 100118e7 f    CIL library: CIL module
 0001:000108f1       ??__F?s_id@?$TObjectUniqueID@URFrame_Button@frames@ui@modules@UModSys@@@tl@UModSys@@2USUniquePointer@core@3@A@@YAXXZ 100118f1 f    CIL library: CIL module
 0001:000108fb       ??__F?s_id@?$TObjectUniqueID@URFrame_Text@frames@ui@modules@UModSys@@@tl@UModSys@@2USUniquePointer@core@3@A@@YAXXZ 100118fb f    CIL library: CIL module
 0001:00010905       ??__F?s_id@?$TObjectUniqueID@URFrame_Image@frames@ui@modules@UModSys@@@tl@UModSys@@2USUniquePointer@core@3@A@@YAXXZ 10011905 f    CIL library: CIL module
 0001:0001090f       ??__F?s_id@?$TObjectUniqueID@URFrame_Frame@frames@ui@modules@UModSys@@@tl@UModSys@@2USUniquePointer@core@3@A@@YAXXZ 1001190f f    CIL library: CIL module
 0001:00010919       ??__F?s_id@?$TObjectUniqueID@URDialog@frames@ui@modules@UModSys@@@tl@UModSys@@2USUniquePointer@core@3@A@@YAXXZ 10011919 f    CIL library: CIL module
 0001:00010923       ??__F?s_id@?$TObjectUniqueID@URFrame_Common@frames@ui@modules@UModSys@@@tl@UModSys@@2USUniquePointer@core@3@A@@YAXXZ 10011923 f    CIL library: CIL module
 0001:0001092d       ??__F?s_modreg@RModuleReg@images_std@media@modules@UModSys@@2U12345@A@@YAXXZ 1001192d f    CIL library: CIL module
 0001:00010938       ??__F?s_modreg_chain@RModuleReg@images_std@media@modules@UModSys@@2USModuleRegChain@base@5@A@@YAXXZ 10011938 f    CIL library: CIL module
 0001:00010942       ??__F?s_uid@RGenerator@images_std@media@modules@UModSys@@2USUniquePointer@core@5@A@@YAXXZ 10011942 f    CIL library: CIL module
 0001:0001094c       ??__Fh@?1??s_holder@RGenerator@images_std@media@modules@UModSys@@SAAAU?$TTypeStaticHolder@URGenerator@images_std@media@modules@UModSys@@@tl@5@XZ@YAXXZ 1001194c f    CIL library: CIL module
 0001:00010969       ??__F?s_id@?$TObjectUniqueID@URGenerator@images_std@media@modules@UModSys@@@tl@UModSys@@2USUniquePointer@core@3@A@@YAXXZ 10011969 f    CIL library: CIL module
 0001:00010973       ??__F?s_id@?$TObjectUniqueID@URMediaFilter@images_std@media@modules@UModSys@@@tl@UModSys@@2USUniquePointer@core@3@A@@YAXXZ 10011973 f    CIL library: CIL module
 0001:0001097d       ??__F?s_modreg@RModuleReg@serialize_json@media@modules@UModSys@@2U12345@A@@YAXXZ 1001197d f    CIL library: CIL module
 0001:00010988       ??__F?s_modreg_chain@RModuleReg@serialize_json@media@modules@UModSys@@2USModuleRegChain@base@5@A@@YAXXZ 10011988 f    CIL library: CIL module
 0001:00010992       ??__F?s_uid@RGenerator@serialize_json@media@modules@UModSys@@2USUniquePointer@core@5@A@@YAXXZ 10011992 f    CIL library: CIL module
 0001:0001099c       ??__Fh@?1??s_holder@RGenerator@serialize_json@media@modules@UModSys@@SAAAU?$TTypeStaticHolder@URGenerator@serialize_json@media@modules@UModSys@@@tl@5@XZ@YAXXZ 1001199c f    CIL library: CIL module
 0001:000109b9       ??__F?s_id@?$TObjectUniqueID@URGenerator@serialize_json@media@modules@UModSys@@@tl@UModSys@@2USUniquePointer@core@3@A@@YAXXZ 100119b9 f    CIL library: CIL module
 0001:000109c3       ??__F?s_id@?$TObjectUniqueID@URSerializeWriter@serialize_json@media@modules@UModSys@@@tl@UModSys@@2USUniquePointer@core@3@A@@YAXXZ 100119c3 f    CIL library: CIL module
 0001:000109cd       ??__F?s_id@?$TObjectUniqueID@URSerializeReader@serialize_json@media@modules@UModSys@@@tl@UModSys@@2USUniquePointer@core@3@A@@YAXXZ 100119cd f    CIL library: CIL module
 0001:000109d7       ??__FM@UModSys@@YAXXZ      100119d7 f    CIL library: CIL module
 0001:000109d8       ??__F?root@SModuleRegChain@base@UModSys@@2U123@A@@YAXXZ 100119d8 f    CIL library: CIL module
 0001:000109e2       ??__F?s_library@RModuleLibraryReg_Chain@base@UModSys@@2U123@A@@YAXXZ 100119e2 f    CIL library: CIL module
 0001:000109ed       ??__F?root@SUniquePointer@core@UModSys@@2U123@A@@YAXXZ 100119ed f    CIL library: CIL module

 Exports

  ordinal    name

        1    _UModSys_Plugin_Entry2@0
