 plugin_test1

 Timestamp is 52d63396 (Wed Jan 15 10:07:02 2014)

 Preferred load address is 10000000

 Start         Length     Name                   Class
 0001:00000000 000125eaH .text                   CODE
 0001:000125ea 000007a0H .text$x                 CODE
 0001:00012d8a 00000e33H .text$yc                CODE
 0001:00013bbd 00000571H .text$yd                CODE
 0002:00000000 000001f0H .idata$5                DATA
 0002:000001f0 00000004H .CRT$XCA                DATA
 0002:000001f4 00000ba8H .CRT$XCU                DATA
 0002:00000d9c 00000004H .CRT$XCZ                DATA
 0002:00000da0 00000004H .CRT$XIA                DATA
 0002:00000da4 00000004H .CRT$XIAA               DATA
 0002:00000da8 00000004H .CRT$XIC                DATA
 0002:00000dac 00000004H .CRT$XIZ                DATA
 0002:00000db0 00002568H .rdata                  DATA
 0002:00003318 000019a0H .rdata$r                DATA
 0002:00004cc0 000000d0H .rdata$sxdata           DATA
 0002:00004d90 00000004H .rtc$IAA                DATA
 0002:00004d94 00000004H .rtc$IZZ                DATA
 0002:00004d98 00000004H .rtc$TAA                DATA
 0002:00004d9c 00000004H .rtc$TZZ                DATA
 0002:00004da0 00000c64H .xdata$x                DATA
 0002:00005a04 00000078H .idata$2                DATA
 0002:00005a7c 00000014H .idata$3                DATA
 0002:00005a90 000001f0H .idata$4                DATA
 0002:00005c80 000008e6H .idata$6                DATA
 0002:00006570 0000005cH .edata                  DATA
 0003:00000000 00000fc0H .data                   DATA
 0003:00000fc0 000016acH .bss                    DATA

  Address         Publics by Value              Rva+Base       Lib:Object

 0000:00000000       __except_list              00000000     <absolute>
 0000:00000034       ___safe_se_handler_count   00000034     <absolute>
 0000:00009876       __ldused                   00009876     <absolute>
 0000:00009876       __fltused                  00009876     <absolute>
 0000:00000000       ___ImageBase               10000000     <linker-defined>
 0001:00000000       ?new_data@SMemorySharedData@core@UModSys@@SAPAU123@IPBUSSourceContext@23@@Z 10001000 f i plugin_test1.obj
 0001:00000024       ?link@SCMemShared@core@UModSys@@QAE_NPAUSMemorySharedData@23@PAUSSourceContext@23@@Z 10001024 f i plugin_test1.obj
 0001:00000024       ?link@SMemShared@core@UModSys@@QAE_NPAUSMemorySharedData@23@PAUSSourceContext@23@@Z 10001024 f i plugin_test1.obj
 0001:00000049       ??1SMemShared@core@UModSys@@QAE@XZ 10001049 f i plugin_test1.obj
 0001:00000049       ??1SCMemShared@core@UModSys@@QAE@XZ 10001049 f i plugin_test1.obj
 0001:00000049       ??1State@RImage_Memory@stdlib@lib2d@modules@UModSys@@QAE@XZ 10001049 f i umodsys_lib_lib2d:umodsys.mod.2d.stdlib.obj
 0001:00000053       ??BSMemShared@core@UModSys@@QBE?AUSMem@12@XZ 10001053 f i umodsys_lib_lib2d:umodsys.mod.2d.stdlib.obj
 0001:00000053       ?get@SMemShared@core@UModSys@@QBE?AUSMem@23@XZ 10001053 f i umodsys_lib_libmedia:umodsys.mod.media.images_std.obj
 0001:00000053       ??BSCMemShared@core@UModSys@@QBE?AUSCMem@12@XZ 10001053 f i plugin_test1.obj
 0001:00000083       ??6SUniquePtrList@core@UModSys@@QAEAAU012@PBUSUniquePointerInfo@12@@Z 10001083 f i plugin_test1.obj
 0001:000000b4       ??3IRoot@core@UModSys@@SAXPAXABUSIMemAlloc@12@@Z 100010b4 f i plugin_test1.obj
 0001:000000cd       ?_root_get_other_interface@IRefObject@core@UModSys@@IBEPBUIRoot@23@PBUSUniquePointerInfo@23@@Z 100010cd f i plugin_test1.obj
 0001:000000cd       ?_root_get_other_interface@IRefObject@core@UModSys@@IAEPAUIRoot@23@PBUSUniquePointerInfo@23@@Z 100010cd f i plugin_test1.obj
 0001:000000ee       ?_root_get_interface_types@IRefObject@core@UModSys@@SAIAAUSUniquePtrList@23@@Z 100010ee f i plugin_test1.obj
 0001:0000010e       ?_root_is_interface_supported@IRefObject@core@UModSys@@SA_NPBUSUniquePointerInfo@23@@Z 1000110e f i plugin_test1.obj
 0001:00000125       ??$slen@D@su@tl@UModSys@@YAIPBD@Z 10001125 f i plugin_test1.obj
 0001:0000013e       ??$seq@D@su@tl@UModSys@@YA_NPBD0@Z 1000113e f i plugin_test1.obj
 0001:0000016b       ??0SParameters@core@UModSys@@QAE@PAUIParameters@12@PAXH@Z 1000116b f i plugin_test1.obj
 0001:0000018e       ?_root_get_other_interface@IGenerator@base@UModSys@@IAEPAUIRoot@core@3@PBUSUniquePointerInfo@53@@Z 1000118e f i plugin_test1.obj
 0001:0000018e       ?_root_get_other_interface@IGenerator@base@UModSys@@IBEPBUIRoot@core@3@PBUSUniquePointerInfo@53@@Z 1000118e f i plugin_test1.obj
 0001:000001aa       ?_root_is_interface_supported@IGenerator@base@UModSys@@SA_NPBUSUniquePointerInfo@core@3@@Z 100011aa f i plugin_test1.obj
 0001:000001ca       ?_root_is_interface_supported@IBinObjFilter@libmedia@UModSys@@SA_NPBUSUniquePointerInfo@core@3@@Z 100011ca f i plugin_test1.obj
 0001:000001ea       ?set_info@IImage@lib2d@UModSys@@QAE_NW4eImageType@23@HHPBD@Z 100011ea f i plugin_test1.obj
 0001:00000215       ?render_text@IRenderDriver@lib2d@UModSys@@QAE_NABU?$TVector2@H@math3d@3@PBHHPBU?$TVector2@M@53@@Z 10001215 f i plugin_test1.obj
 0001:00000243       ??1IBinObjFilter@libmedia@UModSys@@UAE@XZ 10001243 f i plugin_test1.obj
 0001:00000248       ??1ILibObject@libmedia@UModSys@@UAE@XZ 10001248 f i plugin_test1.obj
 0001:0000027f       ?root_get_interface_info@RTest1_Shell@test1@test@modules@UModSys@@UBEABUSUniquePointerInfo@core@5@XZ 1000127f f i plugin_test1.obj
 0001:00000285       ?root_get_interface_type@RTest1_Shell@test1@test@modules@UModSys@@UBEPBUSUniquePointerInfo@core@5@XZ 10001285 f i plugin_test1.obj
 0001:0000028b       ?root_get_other_interface@RTest1_Shell@test1@test@modules@UModSys@@UBEPBUIRoot@core@5@PBUSUniquePointerInfo@75@@Z 1000128b f i plugin_test1.obj
 0001:0000028b       ?root_get_other_interface@RTest1_Shell@test1@test@modules@UModSys@@UAEPAUIRoot@core@5@PBUSUniquePointerInfo@75@@Z 1000128b f i plugin_test1.obj
 0001:000002ac       ?root_is_interface_supported@RTest1_Shell@test1@test@modules@UModSys@@UBE_NPBUSUniquePointerInfo@core@5@@Z 100012ac f i plugin_test1.obj
 0001:000002d3       ?ref_add@RTest1_Shell@test1@test@modules@UModSys@@UBEXXZ 100012d3 f i plugin_test1.obj
 0001:000002d7       ?ref_remove@RTest1_Shell@test1@test@modules@UModSys@@UBEXXZ 100012d7 f i plugin_test1.obj
 0001:000002e2       ?ref_weak@RTest1_Shell@test1@test@modules@UModSys@@UBE_NAAUWeakPointer@IRefObject@core@5@@Z 100012e2 f i plugin_test1.obj
 0001:00000301       ?suicide@RTest1_Shell@test1@test@modules@UModSys@@UAEXXZ 10001301 f i plugin_test1.obj
 0001:0000033e       ??0RTest1_Shell@test1@test@modules@UModSys@@QAE@PAUIModObject@base@4@@Z 1000133e f i plugin_test1.obj
 0001:0000044f       ??1RTest1_Shell@test1@test@modules@UModSys@@UAE@XZ 1000144f f i plugin_test1.obj
 0001:000004d7       ?connect@RTest1_Shell@test1@test@modules@UModSys@@UAE_NXZ 100014d7 f i plugin_test1.obj
 0001:000004ef       ?disconnect@RTest1_Shell@test1@test@modules@UModSys@@UAE_NXZ 100014ef f i plugin_test1.obj
 0001:00000507       ?process_tick@RTest1_Shell@test1@test@modules@UModSys@@UAE_NABUSTimeMsec@core@5@@Z 10001507 f i plugin_test1.obj
 0001:00000533       ?process_command@RTest1_Shell@test1@test@modules@UModSys@@UAE_NHQBU?$TString@U?$TSCoreConst@D@su@tl@UModSys@@U?$TComparerBinaryHash@D@234@@tl@5@@Z 10001533 f i plugin_test1.obj
 0001:00000552       ??_GRTest1_Shell@test1@test@modules@UModSys@@UAEPAXI@Z 10001552 f i plugin_test1.obj
 0001:00000552       ??_ERTest1_Shell@test1@test@modules@UModSys@@UAEPAXI@Z 10001552 f i  CIL library: CIL module
 0001:0000056f       ?ui_newframes@RTest1_Shell@test1@test@modules@UModSys@@QAE?AU?$TRefObject@UICollector@libui@UModSys@@U?$TRefObjectFunc@UICollector@libui@UModSys@@@tl@3@@tl@5@ABU?$TString@U?$TSCoreConst@D@su@tl@UModSys@@U?$TComparerBinaryHash@D@234@@75@ABUSParameters@core@5@@Z 1000156f f   plugin_test1.obj
 0001:0000058c       ?ui_newterm@RTest1_Shell@test1@test@modules@UModSys@@QAE?AU?$TRefObject@UITerminal@libui@UModSys@@U?$TRefObjectFunc@UITerminal@libui@UModSys@@@tl@3@@tl@5@ABU?$TString@U?$TSCoreConst@D@su@tl@UModSys@@U?$TComparerBinaryHash@D@234@@75@ABUSParameters@core@5@@Z 1000158c f   plugin_test1.obj
 0001:000005a9       ?key_pressed@RTest1_Shell@test1@test@modules@UModSys@@UAE_NABUSKeyboardInputRaw@libui@5@@Z 100015a9 f   plugin_test1.obj
 0001:000005eb       ?key_text@RTest1_Shell@test1@test@modules@UModSys@@UAE_NABUSKeyboardInputText@libui@5@@Z 100015eb f   plugin_test1.obj
 0001:00000624       ?mouse_event@RTest1_Shell@test1@test@modules@UModSys@@UAE_NABUSMouseInput@libui@5@@Z 10001624 f   plugin_test1.obj
 0001:00000689       ?command@RTest1_Shell@test1@test@modules@UModSys@@UAE_NABUSController@libui@5@HABUSFrameDataIn@75@@Z 10001689 f   plugin_test1.obj
 0001:000006c4       ?db_get@RTest1_Shell@test1@test@modules@UModSys@@UAE_NABUSController@libui@5@QBDABUSFrameDataOut@75@@Z 100016c4 f   plugin_test1.obj
 0001:00000719       ?db_get@RTest1_Shell@test1@test@modules@UModSys@@UAE_NABUSController@libui@5@QBDHABUSFrameDataOut@75@@Z 10001719 f   plugin_test1.obj
 0001:0000076e       ?key_setmodifier@RKeyboardController@SDL_core@ui@modules@UModSys@@UAE_NHHH@Z 1000176e f   umodsys_lib_libui:umodsys.mod.ui.SDL_core.obj
 0001:0000076e       ?setup_variable_cell@RMultiImage2D_SDL_ttf@SDL_core@ui@modules@UModSys@@UAE_NPBUSImageCellInfo@lib2d@5@KK@Z 1000176e f   umodsys_lib_libui:umodsys.mod.ui.SDL_core.obj
 0001:0000076e       ?command_draw@RTest1_Shell@test1@test@modules@UModSys@@UAE_NABUSController@libui@5@PAUIRenderDriver@lib2d@5@ABU?$TBoundBox2@H@math3d@5@@Z 1000176e f   plugin_test1.obj
 0001:00000773       ?ui_test1@RTest1_Shell@test1@test@modules@UModSys@@QAEXXZ 10001773 f   plugin_test1.obj
 0001:0000141a       ??1SFrameCreateParameters@libui@UModSys@@QAE@XZ 1000241a f i plugin_test1.obj
 0001:0000142b       ?get_generated_names@RGenerator@test1@test@modules@UModSys@@UBEHAAUSUniquePtrList@core@5@@Z 1000242b f i plugin_test1.obj
 0001:00001444       ?get_generated_types@RGenerator@test1@test@modules@UModSys@@UBEHAAUSUniquePtrList@core@5@PBUSUniquePointerInfo@75@@Z 10002444 f i plugin_test1.obj
 0001:00001478       ?generate@RGenerator@test1@test@modules@UModSys@@UAE_NAAU?$TRefObject@UIRefObject@core@UModSys@@U?$TRefObjectFunc@UIRefObject@core@UModSys@@@tl@3@@tl@5@PBUSUniquePointerInfo@core@5@ABUSParameters@95@@Z 10002478 f i plugin_test1.obj
 0001:000014fa       ?root_get_interface_info@RGenerator@test1@test@modules@UModSys@@UBEABUSUniquePointerInfo@core@5@XZ 100024fa f i plugin_test1.obj
 0001:00001500       ?root_get_interface_type@RGenerator@test1@test@modules@UModSys@@UBEPBUSUniquePointerInfo@core@5@XZ 10002500 f i plugin_test1.obj
 0001:00001506       ?root_get_other_interface@RGenerator@test1@test@modules@UModSys@@UAEPAUIRoot@core@5@PBUSUniquePointerInfo@75@@Z 10002506 f i plugin_test1.obj
 0001:00001506       ?root_get_other_interface@RGenerator@test1@test@modules@UModSys@@UBEPBUIRoot@core@5@PBUSUniquePointerInfo@75@@Z 10002506 f i plugin_test1.obj
 0001:0000151f       ?root_is_interface_supported@RGenerator@test1@test@modules@UModSys@@UBE_NPBUSUniquePointerInfo@core@5@@Z 1000251f f i plugin_test1.obj
 0001:0000153e       ?get_uid@RGenerator@test1@test@modules@UModSys@@UBEPBUSUniquePointerInfo@core@5@XZ 1000253e f i plugin_test1.obj
 0001:00001544       ?do_open@RModuleReg@test1@test@modules@UModSys@@UAE_NXZ 10002544 f i plugin_test1.obj
 0001:000015a2       ?do_close@RModuleReg@test1@test@modules@UModSys@@UAE_NXZ 100025a2 f i plugin_test1.obj
 0001:000015f1       ?get_module@RGenerator@test1@test@modules@UModSys@@UBEPAUIModule@base@5@XZ 100025f1 f   plugin_test1.obj
 0001:000015f7       ?mod_inc@RGenerator@test1@test@modules@UModSys@@UBE_NXZ 100025f7 f   plugin_test1.obj
 0001:00001602       ?mod_dec@RGenerator@test1@test@modules@UModSys@@UBE_NXZ 10002602 f   plugin_test1.obj
 0001:0000160d       ?s_holder@RGenerator@test1@test@modules@UModSys@@SAAAU?$TTypeStaticHolder@URGenerator@test1@test@modules@UModSys@@@tl@5@XZ 1000260d f   plugin_test1.obj
 0001:0000163f       ??0?$TString@U?$TSCoreConst@D@su@tl@UModSys@@U?$TComparerBinaryHash@D@234@@tl@UModSys@@QAE@PBD@Z 1000263f f i plugin_test1.obj
 0001:00001664       ??8?$TString@U?$TSCoreConst@D@su@tl@UModSys@@U?$TComparerBinaryHash@D@234@@tl@UModSys@@QBE_NPBD@Z 10002664 f i plugin_test1.obj
 0001:00001686       ??4?$TString@U?$TSCoreConst@D@su@tl@UModSys@@U?$TComparerBinaryHash@D@234@@tl@UModSys@@QAEABU012@PBD@Z 10002686 f i plugin_test1.obj
 0001:000016a2       ??0?$TString@U?$TSCoreShared@USIMemAlloc@core@UModSys@@D@su@tl@UModSys@@U?$TComparerBinaryHash@D@234@@tl@UModSys@@QAE@XZ 100026a2 f i plugin_test1.obj
 0001:000016b8       ??4?$TString@U?$TSCoreShared@USIMemAlloc@core@UModSys@@D@su@tl@UModSys@@U?$TComparerBinaryHash@D@234@@tl@UModSys@@QAEABU012@ABU012@@Z 100026b8 f i plugin_test1.obj
 0001:000016da       ??1?$TRefObject@URMouseController@SDL_core@ui@modules@UModSys@@U?$TRefObjectFunc@URMouseController@SDL_core@ui@modules@UModSys@@@tl@5@@tl@UModSys@@QAE@XZ 100026da f i umodsys_lib_libui:umodsys.mod.ui.SDL_core.obj
 0001:000016da       ??1?$TRefObject@URDialog@frames@ui@modules@UModSys@@U?$TRefObjectFunc@URDialog@frames@ui@modules@UModSys@@@tl@5@@tl@UModSys@@QAE@XZ 100026da f i umodsys_lib_libui:umodsys.mod.ui.frames.obj
 0001:000016da       ??1?$TRefObject@UIStreamWriter@libmedia@UModSys@@U?$TRefObjectFunc@UIStreamWriter@libmedia@UModSys@@@tl@3@@tl@UModSys@@QAE@XZ 100026da f i plugin_test1.obj
 0001:000016da       ??1?$TRefObject@UIRefObject@core@UModSys@@U?$TRefObjectFunc@UIRefObject@core@UModSys@@@tl@3@@tl@UModSys@@QAE@XZ 100026da f i plugin_test1.obj
 0001:000016da       ??1?$TRefObject@UIImage@lib2d@UModSys@@U?$TRefObjectFunc@UIImage@lib2d@UModSys@@@tl@3@@tl@UModSys@@QAE@XZ 100026da f i plugin_test1.obj
 0001:000016da       ??1?$TRefObject@UIRenderDriver@lib2d@UModSys@@U?$TRefObjectFunc@UIRenderDriver@lib2d@UModSys@@@tl@3@@tl@UModSys@@QAE@XZ 100026da f i plugin_test1.obj
 0001:000016da       ??1?$TRefObject@UIImageFactory@lib2d@UModSys@@U?$TRefObjectFunc@UIImageFactory@lib2d@UModSys@@@tl@3@@tl@UModSys@@QAE@XZ 100026da f i plugin_test1.obj
 0001:000016da       ??1?$TRefObject@URSerializeWriter@serialize_json@media@modules@UModSys@@U?$TRefObjectFunc@URSerializeWriter@serialize_json@media@modules@UModSys@@@tl@5@@tl@UModSys@@QAE@XZ 100026da f i umodsys_lib_libmedia:umodsys.mod.media.serialize_json.obj
 0001:000016da       ??1?$TRefObject@UIKeyboardController@libui@UModSys@@U?$TRefObjectFunc@UIKeyboardController@libui@UModSys@@@tl@3@@tl@UModSys@@QAE@XZ 100026da f i plugin_test1.obj
 0001:000016da       ??1?$TRefObject@URKeyboardController@SDL_core@ui@modules@UModSys@@U?$TRefObjectFunc@URKeyboardController@SDL_core@ui@modules@UModSys@@@tl@5@@tl@UModSys@@QAE@XZ 100026da f i umodsys_lib_libui:umodsys.mod.ui.SDL_core.obj
 0001:000016da       ??1?$TRefObject@UIFrame@libui@UModSys@@U?$TRefObjectFunc@UIFrame@libui@UModSys@@@tl@3@@tl@UModSys@@QAE@XZ 100026da f i umodsys_lib_libui:umodsys.mod.ui.frames.obj
 0001:000016da       ??1?$TRefObject@UIStreamReader@libmedia@UModSys@@U?$TRefObjectFunc@UIStreamReader@libmedia@UModSys@@@tl@3@@tl@UModSys@@QAE@XZ 100026da f i plugin_test1.obj
 0001:000016da       ??1?$TRefObject@URCollector@frames@ui@modules@UModSys@@U?$TRefObjectFunc@URCollector@frames@ui@modules@UModSys@@@tl@5@@tl@UModSys@@QAE@XZ 100026da f i umodsys_lib_libui:umodsys.mod.ui.frames.obj
 0001:000016da       ??1?$TRefObject@URTerminal@SDL_core@ui@modules@UModSys@@U?$TRefObjectFunc@URTerminal@SDL_core@ui@modules@UModSys@@@tl@5@@tl@UModSys@@QAE@XZ 100026da f i umodsys_lib_libui:umodsys.mod.ui.SDL_core.obj
 0001:000016da       ??1?$TRefObject@URImage_Memory@stdlib@lib2d@modules@UModSys@@U?$TRefObjectFunc@URImage_Memory@stdlib@lib2d@modules@UModSys@@@tl@5@@tl@UModSys@@QAE@XZ 100026da f i umodsys_lib_lib2d:umodsys.mod.2d.stdlib.obj
 0001:000016da       ??1?$TRefObject@URSerializeReader@serialize_json@media@modules@UModSys@@U?$TRefObjectFunc@URSerializeReader@serialize_json@media@modules@UModSys@@@tl@5@@tl@UModSys@@QAE@XZ 100026da f i umodsys_lib_libmedia:umodsys.mod.media.serialize_json.obj
 0001:000016da       ??1?$TRefObject@URMultiImage@stdlib@lib2d@modules@UModSys@@U?$TRefObjectFunc@URMultiImage@stdlib@lib2d@modules@UModSys@@@tl@5@@tl@UModSys@@QAE@XZ 100026da f i umodsys_lib_lib2d:umodsys.mod.2d.stdlib.obj
 0001:000016da       ??1?$TRefObject@UICollector@libui@UModSys@@U?$TRefObjectFunc@UICollector@libui@UModSys@@@tl@3@@tl@UModSys@@QAE@XZ 100026da f i plugin_test1.obj
 0001:000016da       ??1?$TRefObject@UIMultiImage@lib2d@UModSys@@U?$TRefObjectFunc@UIMultiImage@lib2d@UModSys@@@tl@3@@tl@UModSys@@QAE@XZ 100026da f i plugin_test1.obj
 0001:000016da       ??1?$TRefObject@URMediaFilter@images_std@media@modules@UModSys@@U?$TRefObjectFunc@URMediaFilter@images_std@media@modules@UModSys@@@tl@5@@tl@UModSys@@QAE@XZ 100026da f i umodsys_lib_libmedia:umodsys.mod.media.images_std.obj
 0001:000016da       ??1?$TRefObject@URRenderDriver2D@SDL_core@ui@modules@UModSys@@U?$TRefObjectFunc@URRenderDriver2D@SDL_core@ui@modules@UModSys@@@tl@5@@tl@UModSys@@QAE@XZ 100026da f i umodsys_lib_libui:umodsys.mod.ui.SDL_core.obj
 0001:000016da       ??1?$TRefObject@UITerminal@libui@UModSys@@U?$TRefObjectFunc@UITerminal@libui@UModSys@@@tl@3@@tl@UModSys@@QAE@XZ 100026da f i plugin_test1.obj
 0001:000016da       ??1?$TRefObject@URFrame_Common@frames@ui@modules@UModSys@@U?$TRefObjectFunc@URFrame_Common@frames@ui@modules@UModSys@@@tl@5@@tl@UModSys@@QAE@XZ 100026da f i umodsys_lib_libui:umodsys.mod.ui.frames.obj
 0001:000016da       ??1?$TRefObject@URBinArchiveFrameClient_ZIP@zlib@media@modules@UModSys@@U?$TRefObjectFunc@URBinArchiveFrameClient_ZIP@zlib@media@modules@UModSys@@@tl@5@@tl@UModSys@@QAE@XZ 100026da f i umodsys_lib_libmedia:umodsys.mod.media.zlib.obj
 0001:000016da       ??1?$TRefObject@URMultiImage2D_SDL_ttf@SDL_core@ui@modules@UModSys@@U?$TRefObjectFunc@URMultiImage2D_SDL_ttf@SDL_core@ui@modules@UModSys@@@tl@5@@tl@UModSys@@QAE@XZ 100026da f i umodsys_lib_libui:umodsys.mod.ui.SDL_core.obj
 0001:000016da       ??1?$TRefObject@UIMouseController@libui@UModSys@@U?$TRefObjectFunc@UIMouseController@libui@UModSys@@@tl@3@@tl@UModSys@@QAE@XZ 100026da f i plugin_test1.obj
 0001:000016da       ??1?$TRefObject@UIUtilities@libmedia@UModSys@@U?$TRefObjectFunc@UIUtilities@libmedia@UModSys@@@tl@3@@tl@UModSys@@QAE@XZ 100026da f i plugin_test1.obj
 0001:000016da       ??1?$TRefObject@URImageFactory_Memory@stdlib@lib2d@modules@UModSys@@U?$TRefObjectFunc@URImageFactory_Memory@stdlib@lib2d@modules@UModSys@@@tl@5@@tl@UModSys@@QAE@XZ 100026da f i umodsys_lib_lib2d:umodsys.mod.2d.stdlib.obj
 0001:000016e9       ??4?$TRefObject@UIImage@lib2d@UModSys@@U?$TRefObjectFunc@UIImage@lib2d@UModSys@@@tl@3@@tl@UModSys@@QAEABU012@PAUIImage@lib2d@2@@Z 100026e9 f i plugin_test1.obj
 0001:000016e9       ??4?$TRefObject@URFrame_Common@frames@ui@modules@UModSys@@U?$TRefObjectFunc@URFrame_Common@frames@ui@modules@UModSys@@@tl@5@@tl@UModSys@@QAEABU012@PAURFrame_Common@frames@ui@modules@2@@Z 100026e9 f i umodsys_lib_libui:umodsys.mod.ui.frames.obj
 0001:000016e9       ??4?$TRefObject@UIRefObject@core@UModSys@@U?$TRefObjectFunc@UIRefObject@core@UModSys@@@tl@3@@tl@UModSys@@QAEABU012@PAUIRefObject@core@2@@Z 100026e9 f i plugin_test1.obj
 0001:00001704       ??0?$TParametersA@$0EAA@@core@UModSys@@QAE@XZ 10002704 f i plugin_test1.obj
 0001:00001726       ?update@?$TComparerBinaryHash@D@su@tl@UModSys@@QAEXPBDI@Z 10002726 f i plugin_test1.obj
 0001:0000175d       ?info_release@?$TSCoreShared@USIMemAlloc@core@UModSys@@D@su@tl@UModSys@@QAEXXZ 1000275d f i plugin_test1.obj
 0001:00001796       ?info_new@?$TSCoreShared@USIMemAlloc@core@UModSys@@D@su@tl@UModSys@@QAE_NPBDI@Z 10002796 f i plugin_test1.obj
 0001:000017fa       ?get_null@?$TSCoreShared@USIMemAlloc@core@UModSys@@D@su@tl@UModSys@@SAPAU?$TSharedStringInfo@DUSIMemAlloc@core@UModSys@@@234@XZ 100027fa f i plugin_test1.obj
 0001:00001832       ??$generate_type@UICollector@libui@UModSys@@@RTest1_Shell@test1@test@modules@UModSys@@QAE?AU?$TRefObject@UICollector@libui@UModSys@@U?$TRefObjectFunc@UICollector@libui@UModSys@@@tl@3@@tl@4@ABU?$TString@U?$TSCoreConst@D@su@tl@UModSys@@U?$TComparerBinaryHash@D@234@@64@ABUSParameters@core@4@PBD@Z 10002832 f i plugin_test1.obj
 0001:0000192e       ??$generate_type@UITerminal@libui@UModSys@@@RTest1_Shell@test1@test@modules@UModSys@@QAE?AU?$TRefObject@UITerminal@libui@UModSys@@U?$TRefObjectFunc@UITerminal@libui@UModSys@@@tl@3@@tl@4@ABU?$TString@U?$TSCoreConst@D@su@tl@UModSys@@U?$TComparerBinaryHash@D@234@@64@ABUSParameters@core@4@PBD@Z 1000292e f i plugin_test1.obj
 0001:00001a2a       ??$t_create_handler@UIRenderDriver@lib2d@UModSys@@@ITerminal@libui@UModSys@@QAE_NAAU?$TRefObject@UIRenderDriver@lib2d@UModSys@@U?$TRefObjectFunc@UIRenderDriver@lib2d@UModSys@@@tl@3@@tl@2@PBDPBUSParameters@core@2@@Z 10002a2a f i plugin_test1.obj
 0001:00001a8c       ??$t_create_handler@UIKeyboardController@libui@UModSys@@@ITerminal@libui@UModSys@@QAE_NAAU?$TRefObject@UIKeyboardController@libui@UModSys@@U?$TRefObjectFunc@UIKeyboardController@libui@UModSys@@@tl@3@@tl@2@PBDPBUSParameters@core@2@@Z 10002a8c f i plugin_test1.obj
 0001:00001b0e       ??$t_create_handler@UIMouseController@libui@UModSys@@@ITerminal@libui@UModSys@@QAE_NAAU?$TRefObject@UIMouseController@libui@UModSys@@U?$TRefObjectFunc@UIMouseController@libui@UModSys@@@tl@3@@tl@2@PBDPBUSParameters@core@2@@Z 10002b0e f i plugin_test1.obj
 0001:00001b90       ??1?$TRefObject@UIModObject@base@UModSys@@U?$TModObjectFunc@UIModObject@base@UModSys@@@tl@3@@tl@UModSys@@QAE@XZ 10002b90 f i plugin_test1.obj
 0001:00001ba6       ?s_init@?$TModObjectFunc@UIModObject@base@UModSys@@@tl@UModSys@@SAXAAPAUIModObject@base@3@PAU453@@Z 10002ba6 f i plugin_test1.obj
 0001:00001bbf       ??$t_ref_get_other_interface@UIStreamReader@libmedia@UModSys@@U?$TRefObjectFunc@UIStreamReader@libmedia@UModSys@@@tl@3@@IRefObject@core@UModSys@@QAE_NAAU?$TRefObject@UIStreamReader@libmedia@UModSys@@U?$TRefObjectFunc@UIStreamReader@libmedia@UModSys@@@tl@3@@tl@2@@Z 10002bbf f i plugin_test1.obj
 0001:00001bee       ??$t_ref_get_other_interface@UIStreamWriter@libmedia@UModSys@@U?$TRefObjectFunc@UIStreamWriter@libmedia@UModSys@@@tl@3@@IRefObject@core@UModSys@@QAE_NAAU?$TRefObject@UIStreamWriter@libmedia@UModSys@@U?$TRefObjectFunc@UIStreamWriter@libmedia@UModSys@@@tl@3@@tl@2@@Z 10002bee f i plugin_test1.obj
 0001:00001c1d       ??$t_ref_get_other_interface@UIRenderDriver@lib2d@UModSys@@U?$TRefObjectFunc@UIRenderDriver@lib2d@UModSys@@@tl@3@@IRefObject@core@UModSys@@QAE_NAAU?$TRefObject@UIRenderDriver@lib2d@UModSys@@U?$TRefObjectFunc@UIRenderDriver@lib2d@UModSys@@@tl@3@@tl@2@@Z 10002c1d f i plugin_test1.obj
 0001:00001c4c       ??$t_generate@UICollector@libui@UModSys@@@SModuleContext@base@UModSys@@QAE_NAAU?$TRefObject@UICollector@libui@UModSys@@U?$TRefObjectFunc@UICollector@libui@UModSys@@@tl@3@@tl@2@PBUSUniquePointerInfo@core@2@ABUSParameters@62@@Z 10002c4c f i plugin_test1.obj
 0001:00001ce8       ??$t_generate@UITerminal@libui@UModSys@@@SModuleContext@base@UModSys@@QAE_NAAU?$TRefObject@UITerminal@libui@UModSys@@U?$TRefObjectFunc@UITerminal@libui@UModSys@@@tl@3@@tl@2@PBUSUniquePointerInfo@core@2@ABUSParameters@62@@Z 10002ce8 f i plugin_test1.obj
 0001:00001d84       ??$t_ref_get_other_interface@UIImageFactory@lib2d@UModSys@@U?$TRefObjectFunc@UIImageFactory@lib2d@UModSys@@@tl@3@@IRefObject@core@UModSys@@QAE_NAAU?$TRefObject@UIImageFactory@lib2d@UModSys@@U?$TRefObjectFunc@UIImageFactory@lib2d@UModSys@@@tl@3@@tl@2@@Z 10002d84 f i plugin_test1.obj
 0001:00001db3       ??$t_ref_get_other_interface@UIMultiImage@lib2d@UModSys@@U?$TRefObjectFunc@UIMultiImage@lib2d@UModSys@@@tl@3@@IRefObject@core@UModSys@@QAE_NAAU?$TRefObject@UIMultiImage@lib2d@UModSys@@U?$TRefObjectFunc@UIMultiImage@lib2d@UModSys@@@tl@3@@tl@2@@Z 10002db3 f i plugin_test1.obj
 0001:00001de2       ?ConvertSameSize@stdlib@lib2d@modules@UModSys@@YA_NW4eImageType@24@ABU?$TVector2@H@math3d@4@11ABUSMem@core@4@11ABUSCMem@94@@Z 10002de2 f i umodsys_lib_lib2d:umodsys.mod.2d.stdlib.obj
 0001:00001e65       ?ConvertSame@stdlib@lib2d@modules@UModSys@@YA_NW4eImageType@24@ABU?$TBoundBox2@H@math3d@4@ABU?$TVector2@H@74@ABUSMem@core@4@12ABUSCMem@core@4@@Z 10002e65 f i umodsys_lib_lib2d:umodsys.mod.2d.stdlib.obj
 0001:00001ec8       ?Convert@stdlib@lib2d@modules@UModSys@@YA_NABU?$TBoundBox2@H@math3d@4@ABUSImageInfo@24@ABUSMem@core@4@01ABUSCMem@94@@Z 10002ec8 f i umodsys_lib_lib2d:umodsys.mod.2d.stdlib.obj
 0001:00001f2a       ?root_get_interface_info@RImage_Memory@stdlib@lib2d@modules@UModSys@@UBEABUSUniquePointerInfo@core@5@XZ 10002f2a f i umodsys_lib_lib2d:umodsys.mod.2d.stdlib.obj
 0001:00001f30       ?root_get_interface_type@RImage_Memory@stdlib@lib2d@modules@UModSys@@UBEPBUSUniquePointerInfo@core@5@XZ 10002f30 f i umodsys_lib_lib2d:umodsys.mod.2d.stdlib.obj
 0001:00001f36       ?root_get_other_interface@RImage_Memory@stdlib@lib2d@modules@UModSys@@UBEPBUIRoot@core@5@PBUSUniquePointerInfo@75@@Z 10002f36 f i umodsys_lib_lib2d:umodsys.mod.2d.stdlib.obj
 0001:00001f36       ?root_get_other_interface@RImage_Memory@stdlib@lib2d@modules@UModSys@@UAEPAUIRoot@core@5@PBUSUniquePointerInfo@75@@Z 10002f36 f i umodsys_lib_lib2d:umodsys.mod.2d.stdlib.obj
 0001:00001f57       ?root_is_interface_supported@RImage_Memory@stdlib@lib2d@modules@UModSys@@UBE_NPBUSUniquePointerInfo@core@5@@Z 10002f57 f i umodsys_lib_lib2d:umodsys.mod.2d.stdlib.obj
 0001:00001f7e       ?ref_add@RMouseController@SDL_core@ui@modules@UModSys@@UBEXXZ 10002f7e f i umodsys_lib_libui:umodsys.mod.ui.SDL_core.obj
 0001:00001f7e       ?ref_add@RTerminal@SDL_core@ui@modules@UModSys@@UBEXXZ 10002f7e f i umodsys_lib_libui:umodsys.mod.ui.SDL_core.obj
 0001:00001f7e       ?ref_add@RDialog@frames@ui@modules@UModSys@@UBEXXZ 10002f7e f i umodsys_lib_libui:umodsys.mod.ui.frames.obj
 0001:00001f7e       ?ref_add@RBinArchiveFrameClient_ZIP@zlib@media@modules@UModSys@@UBEXXZ 10002f7e f i umodsys_lib_libmedia:umodsys.mod.media.zlib.obj
 0001:00001f7e       ?ref_add@RGenerator@serialize_json@media@modules@UModSys@@UBEXXZ 10002f7e f i umodsys_lib_libmedia:umodsys.mod.media.serialize_json.obj
 0001:00001f7e       ?ref_add@RRenderDriver2D@SDL_core@ui@modules@UModSys@@UBEXXZ 10002f7e f i umodsys_lib_libui:umodsys.mod.ui.SDL_core.obj
 0001:00001f7e       ?ref_add@RGenerator@SDL_core@ui@modules@UModSys@@UBEXXZ 10002f7e f i umodsys_lib_libui:umodsys.mod.ui.SDL_core.obj
 0001:00001f7e       ?ref_add@RKeyboardController@SDL_core@ui@modules@UModSys@@UBEXXZ 10002f7e f i umodsys_lib_libui:umodsys.mod.ui.SDL_core.obj
 0001:00001f7e       ?ref_add@RGenerator@zlib@media@modules@UModSys@@UBEXXZ 10002f7e f i umodsys_lib_libmedia:umodsys.mod.media.zlib.obj
 0001:00001f7e       ?ref_add@RMultiImage@stdlib@lib2d@modules@UModSys@@UBEXXZ 10002f7e f i umodsys_lib_lib2d:umodsys.mod.2d.stdlib.obj
 0001:00001f7e       ?ref_add@RGenerator@test1@test@modules@UModSys@@UBEXXZ 10002f7e f i plugin_test1.obj
 0001:00001f7e       ?ref_add@RImage_Memory@stdlib@lib2d@modules@UModSys@@UBEXXZ 10002f7e f i umodsys_lib_lib2d:umodsys.mod.2d.stdlib.obj
 0001:00001f7e       ?ref_add@RGenerator@images_std@media@modules@UModSys@@UBEXXZ 10002f7e f i umodsys_lib_libmedia:umodsys.mod.media.images_std.obj
 0001:00001f7e       ?ref_add@RGenerator@frames@ui@modules@UModSys@@UBEXXZ 10002f7e f i umodsys_lib_libui:umodsys.mod.ui.frames.obj
 0001:00001f7e       ?ref_add@RMultiImage2D_SDL_ttf@SDL_core@ui@modules@UModSys@@UBEXXZ 10002f7e f i umodsys_lib_libui:umodsys.mod.ui.SDL_core.obj
 0001:00001f7e       ?ref_add@RSerializeReader@serialize_json@media@modules@UModSys@@UBEXXZ 10002f7e f i umodsys_lib_libmedia:umodsys.mod.media.serialize_json.obj
 0001:00001f7e       ?ref_add@RGenerator@stdlib@lib2d@modules@UModSys@@UBEXXZ 10002f7e f i umodsys_lib_lib2d:umodsys.mod.2d.stdlib.obj
 0001:00001f7e       ?ref_add@RImageFactory_Memory@stdlib@lib2d@modules@UModSys@@UBEXXZ 10002f7e f i umodsys_lib_lib2d:umodsys.mod.2d.stdlib.obj
 0001:00001f82       ??0State@RImage_Memory@stdlib@lib2d@modules@UModSys@@QAE@XZ 10002f82 f i umodsys_lib_lib2d:umodsys.mod.2d.stdlib.obj
 0001:00001fb4       ?root_get_interface_info@RImageFactory_Memory@stdlib@lib2d@modules@UModSys@@UBEABUSUniquePointerInfo@core@5@XZ 10002fb4 f i umodsys_lib_lib2d:umodsys.mod.2d.stdlib.obj
 0001:00001fba       ?root_get_interface_type@RImageFactory_Memory@stdlib@lib2d@modules@UModSys@@UBEPBUSUniquePointerInfo@core@5@XZ 10002fba f i umodsys_lib_lib2d:umodsys.mod.2d.stdlib.obj
 0001:00001fc0       ?root_get_other_interface@RImageFactory_Memory@stdlib@lib2d@modules@UModSys@@UBEPBUIRoot@core@5@PBUSUniquePointerInfo@75@@Z 10002fc0 f i umodsys_lib_lib2d:umodsys.mod.2d.stdlib.obj
 0001:00001fc0       ?root_get_other_interface@RImageFactory_Memory@stdlib@lib2d@modules@UModSys@@UAEPAUIRoot@core@5@PBUSUniquePointerInfo@75@@Z 10002fc0 f i umodsys_lib_lib2d:umodsys.mod.2d.stdlib.obj
 0001:00001fe1       ?root_is_interface_supported@RImageFactory_Memory@stdlib@lib2d@modules@UModSys@@UBE_NPBUSUniquePointerInfo@core@5@@Z 10002fe1 f i umodsys_lib_lib2d:umodsys.mod.2d.stdlib.obj
 0001:00002008       ?root_get_interface_info@RMultiImage@stdlib@lib2d@modules@UModSys@@UBEABUSUniquePointerInfo@core@5@XZ 10003008 f i umodsys_lib_lib2d:umodsys.mod.2d.stdlib.obj
 0001:0000200e       ?root_get_interface_type@RMultiImage@stdlib@lib2d@modules@UModSys@@UBEPBUSUniquePointerInfo@core@5@XZ 1000300e f i umodsys_lib_lib2d:umodsys.mod.2d.stdlib.obj
 0001:00002014       ?root_get_other_interface@RMultiImage@stdlib@lib2d@modules@UModSys@@UAEPAUIRoot@core@5@PBUSUniquePointerInfo@75@@Z 10003014 f i umodsys_lib_lib2d:umodsys.mod.2d.stdlib.obj
 0001:00002014       ?root_get_other_interface@RMultiImage@stdlib@lib2d@modules@UModSys@@UBEPBUIRoot@core@5@PBUSUniquePointerInfo@75@@Z 10003014 f i umodsys_lib_lib2d:umodsys.mod.2d.stdlib.obj
 0001:00002035       ?root_is_interface_supported@RMultiImage@stdlib@lib2d@modules@UModSys@@UBE_NPBUSUniquePointerInfo@core@5@@Z 10003035 f i umodsys_lib_lib2d:umodsys.mod.2d.stdlib.obj
 0001:0000205c       ?get_generated_names@RGenerator@stdlib@lib2d@modules@UModSys@@UBEHAAUSUniquePtrList@core@5@@Z 1000305c f i umodsys_lib_lib2d:umodsys.mod.2d.stdlib.obj
 0001:0000208b       ?get_generated_types@RGenerator@stdlib@lib2d@modules@UModSys@@UBEHAAUSUniquePtrList@core@5@PBUSUniquePointerInfo@75@@Z 1000308b f i umodsys_lib_lib2d:umodsys.mod.2d.stdlib.obj
 0001:000020f5       ?generate@RGenerator@stdlib@lib2d@modules@UModSys@@UAE_NAAU?$TRefObject@UIRefObject@core@UModSys@@U?$TRefObjectFunc@UIRefObject@core@UModSys@@@tl@3@@tl@5@PBUSUniquePointerInfo@core@5@ABUSParameters@95@@Z 100030f5 f i umodsys_lib_lib2d:umodsys.mod.2d.stdlib.obj
 0001:00002160       ?root_get_interface_info@RGenerator@stdlib@lib2d@modules@UModSys@@UBEABUSUniquePointerInfo@core@5@XZ 10003160 f i umodsys_lib_lib2d:umodsys.mod.2d.stdlib.obj
 0001:00002166       ?root_get_interface_type@RGenerator@stdlib@lib2d@modules@UModSys@@UBEPBUSUniquePointerInfo@core@5@XZ 10003166 f i umodsys_lib_lib2d:umodsys.mod.2d.stdlib.obj
 0001:0000216c       ?root_get_other_interface@RGenerator@stdlib@lib2d@modules@UModSys@@UAEPAUIRoot@core@5@PBUSUniquePointerInfo@75@@Z 1000316c f i umodsys_lib_lib2d:umodsys.mod.2d.stdlib.obj
 0001:0000216c       ?root_get_other_interface@RGenerator@stdlib@lib2d@modules@UModSys@@UBEPBUIRoot@core@5@PBUSUniquePointerInfo@75@@Z 1000316c f i umodsys_lib_lib2d:umodsys.mod.2d.stdlib.obj
 0001:00002185       ?root_is_interface_supported@RGenerator@stdlib@lib2d@modules@UModSys@@UBE_NPBUSUniquePointerInfo@core@5@@Z 10003185 f i umodsys_lib_lib2d:umodsys.mod.2d.stdlib.obj
 0001:000021a4       ?suicide@RGenerator@test1@test@modules@UModSys@@UAEXXZ 100031a4 f i plugin_test1.obj
 0001:000021a4       ??3@YAXPAX0@Z              100031a4 f i plugin_test1.obj
 0001:000021a4       ?suicide@RGenerator@SDL_core@ui@modules@UModSys@@UAEXXZ 100031a4 f i umodsys_lib_libui:umodsys.mod.ui.SDL_core.obj
 0001:000021a4       ?suicide@RGenerator@zlib@media@modules@UModSys@@UAEXXZ 100031a4 f i umodsys_lib_libmedia:umodsys.mod.media.zlib.obj
 0001:000021a4       ?suicide@RGenerator@images_std@media@modules@UModSys@@UAEXXZ 100031a4 f i umodsys_lib_libmedia:umodsys.mod.media.images_std.obj
 0001:000021a4       ?suicide@RGenerator@stdlib@lib2d@modules@UModSys@@UAEXXZ 100031a4 f i umodsys_lib_lib2d:umodsys.mod.2d.stdlib.obj
 0001:000021a4       ?suicide@RGenerator@frames@ui@modules@UModSys@@UAEXXZ 100031a4 f i umodsys_lib_libui:umodsys.mod.ui.frames.obj
 0001:000021a4       ?suicide@RGenerator@serialize_json@media@modules@UModSys@@UAEXXZ 100031a4 f i umodsys_lib_libmedia:umodsys.mod.media.serialize_json.obj
 0001:000021a5       ?get_uid@RGenerator@stdlib@lib2d@modules@UModSys@@UBEPBUSUniquePointerInfo@core@5@XZ 100031a5 f i umodsys_lib_lib2d:umodsys.mod.2d.stdlib.obj
 0001:000021ab       ?set_info@RImage_Memory@stdlib@lib2d@modules@UModSys@@UAE_NABUSImagePatchInfo@35@PBD@Z 100031ab f   umodsys_lib_lib2d:umodsys.mod.2d.stdlib.obj
 0001:00002313       ??4State@RImage_Memory@stdlib@lib2d@modules@UModSys@@QAEAAU012345@ABU012345@@Z 10003313 f i umodsys_lib_lib2d:umodsys.mod.2d.stdlib.obj
 0001:00002363       ?set_data@RImage_Memory@stdlib@lib2d@modules@UModSys@@UAE_NABUSImagePatchInfo@35@ABUSCMem@core@5@H@Z 10003363 f   umodsys_lib_lib2d:umodsys.mod.2d.stdlib.obj
 0001:000023cd       ?get_info@RImage_Memory@stdlib@lib2d@modules@UModSys@@UBEABUSImageInfo@35@XZ 100033cd f   umodsys_lib_lib2d:umodsys.mod.2d.stdlib.obj
 0001:000023d1       ?get_data@RImage_Memory@stdlib@lib2d@modules@UModSys@@UBE_NABUSImagePatchInfo@35@ABUSMem@core@5@H@Z 100033d1 f   umodsys_lib_lib2d:umodsys.mod.2d.stdlib.obj
 0001:00002457       ??0RImage_Memory@stdlib@lib2d@modules@UModSys@@QAE@PAUIModObject@base@4@ABUSParameters@core@4@@Z 10003457 f   umodsys_lib_lib2d:umodsys.mod.2d.stdlib.obj
 0001:000024a3       ??_GRImage_Memory@stdlib@lib2d@modules@UModSys@@UAEPAXI@Z 100034a3 f i umodsys_lib_lib2d:umodsys.mod.2d.stdlib.obj
 0001:000024a3       ??_ERImage_Memory@stdlib@lib2d@modules@UModSys@@UAEPAXI@Z 100034a3 f i  CIL library: CIL module
 0001:000024f0       ?get_max_cell_size@RMultiImage2D_SDL_ttf@SDL_core@ui@modules@UModSys@@UBE?AU?$TVector2@H@math3d@5@XZ 100034f0 f   umodsys_lib_libui:umodsys.mod.ui.SDL_core.obj
 0001:000024f0       ?get_fixed_cell_size@RMultiImage2D_SDL_ttf@SDL_core@ui@modules@UModSys@@UBE?AU?$TVector2@H@math3d@5@XZ 100034f0 f   umodsys_lib_libui:umodsys.mod.ui.SDL_core.obj
 0001:000024f0       ?image_get_maxsize@RImageFactory_Memory@stdlib@lib2d@modules@UModSys@@UBE?AU?$TVector2@H@math3d@5@XZ 100034f0 f   umodsys_lib_lib2d:umodsys.mod.2d.stdlib.obj
 0001:000024f0       ?get_max_layer_size@RMultiImage2D_SDL_ttf@SDL_core@ui@modules@UModSys@@UBE?AU?$TVector2@H@math3d@5@XZ 100034f0 f   umodsys_lib_libui:umodsys.mod.ui.SDL_core.obj
 0001:000024fe       ?image_new@RImageFactory_Memory@stdlib@lib2d@modules@UModSys@@UAE?AU?$TRefObject@UIImage@lib2d@UModSys@@U?$TRefObjectFunc@UIImage@lib2d@UModSys@@@tl@3@@tl@5@XZ 100034fe f   umodsys_lib_lib2d:umodsys.mod.2d.stdlib.obj
 0001:00002644       ??1?$TParametersA@$0EAA@@core@UModSys@@QAE@XZ 10003644 f i plugin_test1.obj
 0001:00002644       ??1SParameters@core@UModSys@@QAE@XZ 10003644 f i plugin_test1.obj
 0001:00002644       ??1?$TParametersA@$0BAA@@core@UModSys@@QAE@XZ 10003644 f i umodsys_lib_libui:umodsys.mod.ui.SDL_core.obj
 0001:00002644       ??1?$TParametersA@$0BAL@@core@UModSys@@QAE@XZ 10003644 f i umodsys_lib_lib2d:umodsys.mod.2d.stdlib.obj
 0001:00002651       ?image_new@RImageFactory_Memory@stdlib@lib2d@modules@UModSys@@UAE?AU?$TRefObject@UIImage@lib2d@UModSys@@U?$TRefObjectFunc@UIImage@lib2d@UModSys@@@tl@3@@tl@5@ABUSImagePatchInfo@35@PBD@Z 10003651 f   umodsys_lib_lib2d:umodsys.mod.2d.stdlib.obj
 0001:000027a7       ??0RImageFactory_Memory@stdlib@lib2d@modules@UModSys@@QAE@PAUIModObject@base@4@ABUSParameters@core@4@@Z 100037a7 f   umodsys_lib_lib2d:umodsys.mod.2d.stdlib.obj
 0001:000027eb       ?get_max_cell_size@RMultiImage@stdlib@lib2d@modules@UModSys@@UBE?AU?$TVector2@H@math3d@5@XZ 100037eb f   umodsys_lib_lib2d:umodsys.mod.2d.stdlib.obj
 0001:000027eb       ?get_max_layer_size@RMultiImage@stdlib@lib2d@modules@UModSys@@UBE?AU?$TVector2@H@math3d@5@XZ 100037eb f   umodsys_lib_lib2d:umodsys.mod.2d.stdlib.obj
 0001:0000280d       ?get_fixed_cell_size@RMultiImage@stdlib@lib2d@modules@UModSys@@UBE?AU?$TVector2@H@math3d@5@XZ 1000380d f   umodsys_lib_lib2d:umodsys.mod.2d.stdlib.obj
 0001:0000282b       ?get_layer_count@RMultiImage@stdlib@lib2d@modules@UModSys@@UBEGXZ 1000382b f   umodsys_lib_lib2d:umodsys.mod.2d.stdlib.obj
 0001:00002839       ?get_layer@RMultiImage@stdlib@lib2d@modules@UModSys@@UBEPAUIImage@35@G@Z 10003839 f   umodsys_lib_lib2d:umodsys.mod.2d.stdlib.obj
 0001:00002856       ?get_cell_count@RMultiImage@stdlib@lib2d@modules@UModSys@@UBEIXZ 10003856 f   umodsys_lib_lib2d:umodsys.mod.2d.stdlib.obj
 0001:00002863       ?get_cell@RMultiImage@stdlib@lib2d@modules@UModSys@@UBE_NIAAU?$TVector2@H@math3d@5@PAU675@PAG@Z 10003863 f   umodsys_lib_lib2d:umodsys.mod.2d.stdlib.obj
 0001:000028c1       ?get_cell@RMultiImage@stdlib@lib2d@modules@UModSys@@UBE_NIAAUSImageCellInfo@35@@Z 100038c1 f   umodsys_lib_lib2d:umodsys.mod.2d.stdlib.obj
 0001:000028e7       ?set_layer_count@RMultiImage@stdlib@lib2d@modules@UModSys@@UAE_NG@Z 100038e7 f   umodsys_lib_lib2d:umodsys.mod.2d.stdlib.obj
 0001:000029c7       ?setup_fixed_cell@RMultiImage@stdlib@lib2d@modules@UModSys@@UAE_NHH@Z 100039c7 f   umodsys_lib_lib2d:umodsys.mod.2d.stdlib.obj
 0001:000029e8       ?setup_variable_cell@RMultiImage@stdlib@lib2d@modules@UModSys@@UAE_NPBUSImageCellInfo@35@KK@Z 100039e8 f   umodsys_lib_lib2d:umodsys.mod.2d.stdlib.obj
 0001:00002a5a       ??0RMultiImage@stdlib@lib2d@modules@UModSys@@QAE@PAUIModObject@base@4@ABUSParameters@core@4@@Z 10003a5a f   umodsys_lib_lib2d:umodsys.mod.2d.stdlib.obj
 0001:00002b01       ??_ERMultiImage@stdlib@lib2d@modules@UModSys@@UAEPAXI@Z 10003b01 f i  CIL library: CIL module
 0001:00002b01       ??_GRMultiImage@stdlib@lib2d@modules@UModSys@@UAEPAXI@Z 10003b01 f i umodsys_lib_lib2d:umodsys.mod.2d.stdlib.obj
 0001:00002b65       ?do_open@RModuleReg@stdlib@lib2d@modules@UModSys@@UAE_NXZ 10003b65 f i umodsys_lib_lib2d:umodsys.mod.2d.stdlib.obj
 0001:00002bb3       ?do_close@RModuleReg@stdlib@lib2d@modules@UModSys@@UAE_NXZ 10003bb3 f i umodsys_lib_lib2d:umodsys.mod.2d.stdlib.obj
 0001:00002bee       ?get_module@RGenerator@stdlib@lib2d@modules@UModSys@@UBEPAUIModule@base@5@XZ 10003bee f   umodsys_lib_lib2d:umodsys.mod.2d.stdlib.obj
 0001:00002bf4       ?mod_inc@RGenerator@stdlib@lib2d@modules@UModSys@@UBE_NXZ 10003bf4 f   umodsys_lib_lib2d:umodsys.mod.2d.stdlib.obj
 0001:00002bff       ?mod_dec@RGenerator@stdlib@lib2d@modules@UModSys@@UBE_NXZ 10003bff f   umodsys_lib_lib2d:umodsys.mod.2d.stdlib.obj
 0001:00002c0a       ?s_holder@RGenerator@stdlib@lib2d@modules@UModSys@@SAAAU?$TTypeStaticHolder@URGenerator@stdlib@lib2d@modules@UModSys@@@tl@5@XZ 10003c0a f   umodsys_lib_lib2d:umodsys.mod.2d.stdlib.obj
 0001:00002c3c       ??1?$TDynarrayDynamic@USImageCellInfo@lib2d@UModSys@@U?$TAllocator@USIMemAlloc@core@UModSys@@USCountCalcPower2@23@@tl@3@@tl@UModSys@@QAE@XZ 10003c3c f i umodsys_lib_lib2d:umodsys.mod.2d.stdlib.obj
 0001:00002c41       ?Resize@?$TDynarray@U?$TDynarrayHolderDynamic@USImageCellInfo@lib2d@UModSys@@U?$TAllocator@USIMemAlloc@core@UModSys@@USCountCalcPower2@23@@tl@3@@tl@UModSys@@@tl@UModSys@@QAE_NI@Z 10003c41 f i umodsys_lib_lib2d:umodsys.mod.2d.stdlib.obj
 0001:00002c6e       ??1?$TDynarrayDynamic@U?$TRefObject@UIImage@lib2d@UModSys@@U?$TRefObjectFunc@UIImage@lib2d@UModSys@@@tl@3@@tl@UModSys@@U?$TAllocator@USIMemAlloc@core@UModSys@@USCountCalcPower2@23@@23@@tl@UModSys@@QAE@XZ 10003c6e f i umodsys_lib_lib2d:umodsys.mod.2d.stdlib.obj
 0001:00002c73       ??1?$TDynarray@U?$TDynarrayHolderDynamic@USImageCellInfo@lib2d@UModSys@@U?$TAllocator@USIMemAlloc@core@UModSys@@USCountCalcPower2@23@@tl@3@@tl@UModSys@@@tl@UModSys@@QAE@XZ 10003c73 f i umodsys_lib_lib2d:umodsys.mod.2d.stdlib.obj
 0001:00002ccf       ??1?$TDynarray@U?$TDynarrayHolderDynamic@U?$TRefObject@UIImage@lib2d@UModSys@@U?$TRefObjectFunc@UIImage@lib2d@UModSys@@@tl@3@@tl@UModSys@@U?$TAllocator@USIMemAlloc@core@UModSys@@USCountCalcPower2@23@@23@@tl@UModSys@@@tl@UModSys@@QAE@XZ 10003ccf f i umodsys_lib_lib2d:umodsys.mod.2d.stdlib.obj
 0001:00002d12       ?ResizeRel@?$TDynarray@U?$TDynarrayHolderDynamic@U?$TRefObject@UIImage@lib2d@UModSys@@U?$TRefObjectFunc@UIImage@lib2d@UModSys@@@tl@3@@tl@UModSys@@U?$TAllocator@USIMemAlloc@core@UModSys@@USCountCalcPower2@23@@23@@tl@UModSys@@@tl@UModSys@@QAE_NH@Z 10003d12 f i umodsys_lib_lib2d:umodsys.mod.2d.stdlib.obj
 0001:00002d92       ??$t_gen_param@URImage_Memory@stdlib@lib2d@modules@UModSys@@URGenerator@2345@@IGenerator@base@UModSys@@IAE_NPAURGenerator@stdlib@lib2d@modules@2@AAU?$TRefObject@UIRefObject@core@UModSys@@U?$TRefObjectFunc@UIRefObject@core@UModSys@@@tl@3@@tl@2@PBUSUniquePointerInfo@core@2@ABUSParameters@core@2@@Z 10003d92 f i umodsys_lib_lib2d:umodsys.mod.2d.stdlib.obj
 0001:00002e24       ??$t_gen_param@URImageFactory_Memory@stdlib@lib2d@modules@UModSys@@URGenerator@2345@@IGenerator@base@UModSys@@IAE_NPAURGenerator@stdlib@lib2d@modules@2@AAU?$TRefObject@UIRefObject@core@UModSys@@U?$TRefObjectFunc@UIRefObject@core@UModSys@@@tl@3@@tl@2@PBUSUniquePointerInfo@core@2@ABUSParameters@core@2@@Z 10003e24 f i umodsys_lib_lib2d:umodsys.mod.2d.stdlib.obj
 0001:00002eb6       ??$t_gen_param@URMultiImage@stdlib@lib2d@modules@UModSys@@URGenerator@2345@@IGenerator@base@UModSys@@IAE_NPAURGenerator@stdlib@lib2d@modules@2@AAU?$TRefObject@UIRefObject@core@UModSys@@U?$TRefObjectFunc@UIRefObject@core@UModSys@@@tl@3@@tl@2@PBUSUniquePointerInfo@core@2@ABUSParameters@core@2@@Z 10003eb6 f i umodsys_lib_lib2d:umodsys.mod.2d.stdlib.obj
 0001:00002f5e       ??$ValidateConstruction@UIImage@lib2d@UModSys@@URImage_Memory@stdlib@2modules@3@@core@UModSys@@YA_NAAU?$TRefObject@UIImage@lib2d@UModSys@@U?$TRefObjectFunc@UIImage@lib2d@UModSys@@@tl@3@@tl@1@PAURImage_Memory@stdlib@lib2d@modules@1@@Z 10003f5e f i umodsys_lib_lib2d:umodsys.mod.2d.stdlib.obj
 0001:00002f9f       ?ReLink@?$TDynarray@U?$TDynarrayHolderDynamic@U?$TRefObject@URDialog@frames@ui@modules@UModSys@@U?$TRefObjectFunc@URDialog@frames@ui@modules@UModSys@@@tl@5@@tl@UModSys@@U?$TAllocator@USIMemAlloc@core@UModSys@@USCountCalcPower2@23@@23@@tl@UModSys@@@tl@UModSys@@IAE_NI@Z 10003f9f f i umodsys_lib_libui:umodsys.mod.ui.frames.obj
 0001:00002f9f       ?ReLink@?$TDynarray@U?$TDynarrayHolderDynamic@U?$TRefObject@UIImage@lib2d@UModSys@@U?$TRefObjectFunc@UIImage@lib2d@UModSys@@@tl@3@@tl@UModSys@@U?$TAllocator@USIMemAlloc@core@UModSys@@USCountCalcPower2@23@@23@@tl@UModSys@@@tl@UModSys@@IAE_NI@Z 10003f9f f i umodsys_lib_lib2d:umodsys.mod.2d.stdlib.obj
 0001:00002f9f       ?ReLink@?$TDynarray@U?$TDynarrayHolderDynamic@U?$TRefObject@URFrame_Common@frames@ui@modules@UModSys@@U?$TRefObjectFunc@URFrame_Common@frames@ui@modules@UModSys@@@tl@5@@tl@UModSys@@U?$TAllocator@USIMemAlloc@core@UModSys@@USCountCalcPower2@23@@23@@tl@UModSys@@@tl@UModSys@@IAE_NI@Z 10003f9f f i umodsys_lib_libui:umodsys.mod.ui.frames.obj
 0001:00002fe1       ?remove@WeakPointer@IRefObject@core@UModSys@@QAEXXZ 10003fe1 f i umodsys_lib_libui:umodsys.mod.ui.SDL_core.obj
 0001:00003007       ?get@SParameters@core@UModSys@@QBE_NPBDAAPBD@Z 10004007 f i umodsys_lib_libui:umodsys.mod.ui.SDL_core.obj
 0001:00003022       ?get@SParameters@core@UModSys@@QBE_NPBDAAH@Z 10004022 f i umodsys_lib_libui:umodsys.mod.ui.SDL_core.obj
 0001:0000303d       ?root_get_interface_info@RMultiImage2D_SDL_ttf@SDL_core@ui@modules@UModSys@@UBEABUSUniquePointerInfo@core@5@XZ 1000403d f i umodsys_lib_libui:umodsys.mod.ui.SDL_core.obj
 0001:00003043       ?root_get_interface_type@RMultiImage2D_SDL_ttf@SDL_core@ui@modules@UModSys@@UBEPBUSUniquePointerInfo@core@5@XZ 10004043 f i umodsys_lib_libui:umodsys.mod.ui.SDL_core.obj
 0001:00003049       ?root_get_other_interface@RMultiImage2D_SDL_ttf@SDL_core@ui@modules@UModSys@@UBEPBUIRoot@core@5@PBUSUniquePointerInfo@75@@Z 10004049 f i umodsys_lib_libui:umodsys.mod.ui.SDL_core.obj
 0001:00003049       ?root_get_other_interface@RMultiImage2D_SDL_ttf@SDL_core@ui@modules@UModSys@@UAEPAUIRoot@core@5@PBUSUniquePointerInfo@75@@Z 10004049 f i umodsys_lib_libui:umodsys.mod.ui.SDL_core.obj
 0001:0000306a       ?root_is_interface_supported@RMultiImage2D_SDL_ttf@SDL_core@ui@modules@UModSys@@UBE_NPBUSUniquePointerInfo@core@5@@Z 1000406a f i umodsys_lib_libui:umodsys.mod.ui.SDL_core.obj
 0001:00003091       ?ref_weak@RDialog@frames@ui@modules@UModSys@@UBE_NAAUWeakPointer@IRefObject@core@5@@Z 10004091 f i umodsys_lib_libui:umodsys.mod.ui.frames.obj
 0001:00003091       ?ref_weak@RMultiImage2D_SDL_ttf@SDL_core@ui@modules@UModSys@@UBE_NAAUWeakPointer@IRefObject@core@5@@Z 10004091 f i umodsys_lib_libui:umodsys.mod.ui.SDL_core.obj
 0001:00003091       ?ref_weak@RSerializeReader@serialize_json@media@modules@UModSys@@UBE_NAAUWeakPointer@IRefObject@core@5@@Z 10004091 f i umodsys_lib_libmedia:umodsys.mod.media.serialize_json.obj
 0001:00003091       ?ref_weak@RGenerator@zlib@media@modules@UModSys@@UBE_NAAUWeakPointer@IRefObject@core@5@@Z 10004091 f i umodsys_lib_libmedia:umodsys.mod.media.zlib.obj
 0001:00003091       ?ref_weak@RGenerator@test1@test@modules@UModSys@@UBE_NAAUWeakPointer@IRefObject@core@5@@Z 10004091 f i plugin_test1.obj
 0001:00003091       ?ref_weak@RImage_Memory@stdlib@lib2d@modules@UModSys@@UBE_NAAUWeakPointer@IRefObject@core@5@@Z 10004091 f i umodsys_lib_lib2d:umodsys.mod.2d.stdlib.obj
 0001:00003091       ?ref_weak@RMouseController@SDL_core@ui@modules@UModSys@@UBE_NAAUWeakPointer@IRefObject@core@5@@Z 10004091 f i umodsys_lib_libui:umodsys.mod.ui.SDL_core.obj
 0001:00003091       ?ref_weak@RGenerator@serialize_json@media@modules@UModSys@@UBE_NAAUWeakPointer@IRefObject@core@5@@Z 10004091 f i umodsys_lib_libmedia:umodsys.mod.media.serialize_json.obj
 0001:00003091       ?ref_weak@RRenderDriver2D@SDL_core@ui@modules@UModSys@@UBE_NAAUWeakPointer@IRefObject@core@5@@Z 10004091 f i umodsys_lib_libui:umodsys.mod.ui.SDL_core.obj
 0001:00003091       ?ref_weak@RGenerator@images_std@media@modules@UModSys@@UBE_NAAUWeakPointer@IRefObject@core@5@@Z 10004091 f i umodsys_lib_libmedia:umodsys.mod.media.images_std.obj
 0001:00003091       ?ref_weak@RBinArchiveFrameClient_ZIP@zlib@media@modules@UModSys@@UBE_NAAUWeakPointer@IRefObject@core@5@@Z 10004091 f i umodsys_lib_libmedia:umodsys.mod.media.zlib.obj
 0001:00003091       ?ref_weak@RMultiImage@stdlib@lib2d@modules@UModSys@@UBE_NAAUWeakPointer@IRefObject@core@5@@Z 10004091 f i umodsys_lib_lib2d:umodsys.mod.2d.stdlib.obj
 0001:00003091       ?ref_weak@RImageFactory_Memory@stdlib@lib2d@modules@UModSys@@UBE_NAAUWeakPointer@IRefObject@core@5@@Z 10004091 f i umodsys_lib_lib2d:umodsys.mod.2d.stdlib.obj
 0001:00003091       ?ref_weak@RGenerator@frames@ui@modules@UModSys@@UBE_NAAUWeakPointer@IRefObject@core@5@@Z 10004091 f i umodsys_lib_libui:umodsys.mod.ui.frames.obj
 0001:00003091       ?ref_weak@RTerminal@SDL_core@ui@modules@UModSys@@UBE_NAAUWeakPointer@IRefObject@core@5@@Z 10004091 f i umodsys_lib_libui:umodsys.mod.ui.SDL_core.obj
 0001:00003091       ?ref_weak@RGenerator@stdlib@lib2d@modules@UModSys@@UBE_NAAUWeakPointer@IRefObject@core@5@@Z 10004091 f i umodsys_lib_lib2d:umodsys.mod.2d.stdlib.obj
 0001:00003091       ?ref_weak@RKeyboardController@SDL_core@ui@modules@UModSys@@UBE_NAAUWeakPointer@IRefObject@core@5@@Z 10004091 f i umodsys_lib_libui:umodsys.mod.ui.SDL_core.obj
 0001:00003091       ?ref_weak@RGenerator@SDL_core@ui@modules@UModSys@@UBE_NAAUWeakPointer@IRefObject@core@5@@Z 10004091 f i umodsys_lib_libui:umodsys.mod.ui.SDL_core.obj
 0001:000030b0       ??0RMultiImage2D_SDL_ttf@SDL_core@ui@modules@UModSys@@QAE@PAURRenderDriver2D@1234@ABUSParameters@core@4@@Z 100040b0 f i umodsys_lib_libui:umodsys.mod.ui.SDL_core.obj
 0001:00003114       ?open@RMultiImage2D_SDL_ttf@SDL_core@ui@modules@UModSys@@QAE_NABUSParameters@core@5@@Z 10004114 f i umodsys_lib_libui:umodsys.mod.ui.SDL_core.obj
 0001:000031b2       ?generate_glyphs@RMultiImage2D_SDL_ttf@SDL_core@ui@modules@UModSys@@QAE_NXZ 100041b2 f i umodsys_lib_libui:umodsys.mod.ui.SDL_core.obj
 0001:00003343       ?get_cell@RMultiImage2D_SDL_ttf@SDL_core@ui@modules@UModSys@@UBE_NIAAU?$TVector2@H@math3d@5@PAU675@PAG@Z 10004343 f i umodsys_lib_libui:umodsys.mod.ui.SDL_core.obj
 0001:00003348       ??_ERMultiImage2D_SDL_ttf@SDL_core@ui@modules@UModSys@@UAEPAXI@Z 10004348 f i  CIL library: CIL module
 0001:00003348       ??_GRMultiImage2D_SDL_ttf@SDL_core@ui@modules@UModSys@@UAEPAXI@Z 10004348 f i umodsys_lib_libui:umodsys.mod.ui.SDL_core.obj
 0001:000033b0       ?root_get_interface_info@RRenderDriver2D@SDL_core@ui@modules@UModSys@@UBEABUSUniquePointerInfo@core@5@XZ 100043b0 f i umodsys_lib_libui:umodsys.mod.ui.SDL_core.obj
 0001:000033b6       ?root_get_interface_type@RRenderDriver2D@SDL_core@ui@modules@UModSys@@UBEPBUSUniquePointerInfo@core@5@XZ 100043b6 f i umodsys_lib_libui:umodsys.mod.ui.SDL_core.obj
 0001:000033bc       ?root_get_other_interface@RRenderDriver2D@SDL_core@ui@modules@UModSys@@UAEPAUIRoot@core@5@PBUSUniquePointerInfo@75@@Z 100043bc f i umodsys_lib_libui:umodsys.mod.ui.SDL_core.obj
 0001:000033bc       ?root_get_other_interface@RRenderDriver2D@SDL_core@ui@modules@UModSys@@UBEPBUIRoot@core@5@PBUSUniquePointerInfo@75@@Z 100043bc f i umodsys_lib_libui:umodsys.mod.ui.SDL_core.obj
 0001:000033dd       ?root_is_interface_supported@RRenderDriver2D@SDL_core@ui@modules@UModSys@@UBE_NPBUSUniquePointerInfo@core@5@@Z 100043dd f i umodsys_lib_libui:umodsys.mod.ui.SDL_core.obj
 0001:00003404       ??0RRenderDriver2D@SDL_core@ui@modules@UModSys@@QAE@PAURTerminal@1234@ABUSParameters@core@4@@Z 10004404 f i umodsys_lib_libui:umodsys.mod.ui.SDL_core.obj
 0001:000034a5       ?close@RRenderDriver2D@SDL_core@ui@modules@UModSys@@QAEXXZ 100044a5 f i umodsys_lib_libui:umodsys.mod.ui.SDL_core.obj
 0001:000034ca       ?open@RRenderDriver2D@SDL_core@ui@modules@UModSys@@QAE_NABUSParameters@core@5@@Z 100044ca f i umodsys_lib_libui:umodsys.mod.ui.SDL_core.obj
 0001:00003603       ?set_color@RRenderDriver2D@SDL_core@ui@modules@UModSys@@QAEXXZ 10004603 f i umodsys_lib_libui:umodsys.mod.ui.SDL_core.obj
 0001:00003666       ?get_layer@RMultiImage2D_SDL_ttf@SDL_core@ui@modules@UModSys@@UBEPAUIImage@lib2d@5@G@Z 10004666 f i umodsys_lib_libui:umodsys.mod.ui.SDL_core.obj
 0001:00003666       ?get_hwinfo@RImage_Memory@stdlib@lib2d@modules@UModSys@@UAEPAXPBUSUniquePointerInfo@core@5@@Z 10004666 f i umodsys_lib_lib2d:umodsys.mod.2d.stdlib.obj
 0001:00003666       ?get_controller@RRenderDriver2D@SDL_core@ui@modules@UModSys@@UBEPAUIRefObject@core@5@PBUSUniquePointerInfo@75@@Z 10004666 f i umodsys_lib_libui:umodsys.mod.ui.SDL_core.obj
 0001:00003666       ?get_hwcinfo@RImage_Memory@stdlib@lib2d@modules@UModSys@@UBEPBXPBUSUniquePointerInfo@core@5@@Z 10004666 f i umodsys_lib_lib2d:umodsys.mod.2d.stdlib.obj
 0001:0000366b       ?begin@RRenderDriver2D@SDL_core@ui@modules@UModSys@@UAEXXZ 1000466b f i umodsys_lib_libui:umodsys.mod.ui.SDL_core.obj
 0001:000036c8       ?end@RRenderDriver2D@SDL_core@ui@modules@UModSys@@UAEXXZ 100046c8 f i umodsys_lib_libui:umodsys.mod.ui.SDL_core.obj
 0001:000036d7       ?get_max_values@RRenderDriver2D@SDL_core@ui@modules@UModSys@@UBEPBUSParameters@core@5@XZ 100046d7 f i umodsys_lib_libui:umodsys.mod.ui.SDL_core.obj
 0001:000036db       ?get_frame_values@RRenderDriver2D@SDL_core@ui@modules@UModSys@@UBEPBUSParameters@core@5@XZ 100046db f i umodsys_lib_libui:umodsys.mod.ui.SDL_core.obj
 0001:000036e2       ?setup_font@RRenderDriver2D@SDL_core@ui@modules@UModSys@@UAE_NPAUIMultiImage@lib2d@5@PBU?$TVector2@M@math3d@5@@Z 100046e2 f i umodsys_lib_libui:umodsys.mod.ui.SDL_core.obj
 0001:00003734       ?setup_color@RRenderDriver2D@SDL_core@ui@modules@UModSys@@UAEXABU?$TVector3@M@math3d@5@@Z 10004734 f i umodsys_lib_libui:umodsys.mod.ui.SDL_core.obj
 0001:0000375b       ?setup_color@RRenderDriver2D@SDL_core@ui@modules@UModSys@@UAEXABU?$TVector3@H@math3d@5@@Z 1000475b f i umodsys_lib_libui:umodsys.mod.ui.SDL_core.obj
 0001:0000379e       ?setup_coloralpha@RRenderDriver2D@SDL_core@ui@modules@UModSys@@UAEXABU?$TVector4@M@math3d@5@H@Z 1000479e f i umodsys_lib_libui:umodsys.mod.ui.SDL_core.obj
 0001:000037c4       ?setup_coloralpha@RRenderDriver2D@SDL_core@ui@modules@UModSys@@UAEXABU?$TVector4@H@math3d@5@H@Z 100047c4 f i umodsys_lib_libui:umodsys.mod.ui.SDL_core.obj
 0001:0000381c       ?setup_blendcolor@RRenderDriver2D@SDL_core@ui@modules@UModSys@@UAEXABUSBlendColor@lib2d@5@@Z 1000481c f i umodsys_lib_libui:umodsys.mod.ui.SDL_core.obj
 0001:00003874       ?setup_blendcolor@RRenderDriver2D@SDL_core@ui@modules@UModSys@@UAEXABUSBlendColorf@lib2d@5@@Z 10004874 f i umodsys_lib_libui:umodsys.mod.ui.SDL_core.obj
 0001:000038b6       ?setup_alpha@RRenderDriver2D@SDL_core@ui@modules@UModSys@@UAEXHH@Z 100048b6 f i umodsys_lib_libui:umodsys.mod.ui.SDL_core.obj
 0001:000038dc       ?setup_alpha@RRenderDriver2D@SDL_core@ui@modules@UModSys@@UAEXMH@Z 100048dc f i umodsys_lib_libui:umodsys.mod.ui.SDL_core.obj
 0001:000038fc       ?render_text_advanced@RRenderDriver2D@SDL_core@ui@modules@UModSys@@UAE_NAAUTextInfo@IRenderDriver@lib2d@5@PBHH@Z 100048fc f i umodsys_lib_libui:umodsys.mod.ui.SDL_core.obj
 0001:00003aa0       ?render_box@RRenderDriver2D@SDL_core@ui@modules@UModSys@@UAEXABU?$TVector2@H@math3d@5@0@Z 10004aa0 f i umodsys_lib_libui:umodsys.mod.ui.SDL_core.obj
 0001:00003ae1       ?render_tri@RRenderDriver2D@SDL_core@ui@modules@UModSys@@UAEXABU?$TVector2@H@math3d@5@00@Z 10004ae1 f i umodsys_lib_libui:umodsys.mod.ui.SDL_core.obj
 0001:00003b35       ?render_quad@RRenderDriver2D@SDL_core@ui@modules@UModSys@@UAEXABU?$TVector2@H@math3d@5@000@Z 10004b35 f i umodsys_lib_libui:umodsys.mod.ui.SDL_core.obj
 0001:00003b97       ?render_box@RRenderDriver2D@SDL_core@ui@modules@UModSys@@UAEXPAUIImage@lib2d@5@ABU?$TVector2@H@math3d@5@1ABU?$TVector2@M@95@2@Z 10004b97 f i umodsys_lib_libui:umodsys.mod.ui.SDL_core.obj
 0001:00003b9a       ?render_line@RRenderDriver2D@SDL_core@ui@modules@UModSys@@UAEXABU?$TVector2@H@math3d@5@0@Z 10004b9a f i umodsys_lib_libui:umodsys.mod.ui.SDL_core.obj
 0001:00003bbf       ?render_rect@RRenderDriver2D@SDL_core@ui@modules@UModSys@@UAEXABU?$TVector2@H@math3d@5@0@Z 10004bbf f i umodsys_lib_libui:umodsys.mod.ui.SDL_core.obj
 0001:00003c00       ??_ERRenderDriver2D@SDL_core@ui@modules@UModSys@@UAEPAXI@Z 10004c00 f i  CIL library: CIL module
 0001:00003c00       ??_GRRenderDriver2D@SDL_core@ui@modules@UModSys@@UAEPAXI@Z 10004c00 f i umodsys_lib_libui:umodsys.mod.ui.SDL_core.obj
 0001:00003c77       ?root_get_interface_info@RMouseController@SDL_core@ui@modules@UModSys@@UBEABUSUniquePointerInfo@core@5@XZ 10004c77 f i umodsys_lib_libui:umodsys.mod.ui.SDL_core.obj
 0001:00003c7d       ?root_get_interface_type@RMouseController@SDL_core@ui@modules@UModSys@@UBEPBUSUniquePointerInfo@core@5@XZ 10004c7d f i umodsys_lib_libui:umodsys.mod.ui.SDL_core.obj
 0001:00003c83       ?root_get_other_interface@RMouseController@SDL_core@ui@modules@UModSys@@UAEPAUIRoot@core@5@PBUSUniquePointerInfo@75@@Z 10004c83 f i umodsys_lib_libui:umodsys.mod.ui.SDL_core.obj
 0001:00003c83       ?root_get_other_interface@RMouseController@SDL_core@ui@modules@UModSys@@UBEPBUIRoot@core@5@PBUSUniquePointerInfo@75@@Z 10004c83 f i umodsys_lib_libui:umodsys.mod.ui.SDL_core.obj
 0001:00003ca4       ?root_is_interface_supported@RMouseController@SDL_core@ui@modules@UModSys@@UBE_NPBUSUniquePointerInfo@core@5@@Z 10004ca4 f i umodsys_lib_libui:umodsys.mod.ui.SDL_core.obj
 0001:00003ccb       ??0RMouseController@SDL_core@ui@modules@UModSys@@QAE@PAURTerminal@1234@ABUSParameters@core@4@@Z 10004ccb f i umodsys_lib_libui:umodsys.mod.ui.SDL_core.obj
 0001:00003d19       ?process@RMouseController@SDL_core@ui@modules@UModSys@@QAE_NAAUSDL_MouseMotionEvent@@@Z 10004d19 f i umodsys_lib_libui:umodsys.mod.ui.SDL_core.obj
 0001:00003e00       ?process@RMouseController@SDL_core@ui@modules@UModSys@@QAE_NAAUSDL_MouseButtonEvent@@@Z 10004e00 f i umodsys_lib_libui:umodsys.mod.ui.SDL_core.obj
 0001:00003ec7       ?process@RMouseController@SDL_core@ui@modules@UModSys@@QAE_NAAUSDL_MouseWheelEvent@@@Z 10004ec7 f i umodsys_lib_libui:umodsys.mod.ui.SDL_core.obj
 0001:00003f68       ?key_unlink@RKeyboardController@SDL_core@ui@modules@UModSys@@UAE_NH@Z 10004f68 f i umodsys_lib_libui:umodsys.mod.ui.SDL_core.obj
 0001:00003f68       ?mouse_unlink@RMouseController@SDL_core@ui@modules@UModSys@@UAE_NH@Z 10004f68 f i umodsys_lib_libui:umodsys.mod.ui.SDL_core.obj
 0001:00003fc7       ?mouse_link@RMouseController@SDL_core@ui@modules@UModSys@@UAE_NHPAUIRefObject@core@5@PAUIMouseClient@libui@5@H@Z 10004fc7 f i umodsys_lib_libui:umodsys.mod.ui.SDL_core.obj
 0001:00004006       ?key_reset@RKeyboardController@SDL_core@ui@modules@UModSys@@UAE_NXZ 10005006 f i umodsys_lib_libui:umodsys.mod.ui.SDL_core.obj
 0001:00004006       ?mouse_reset@RMouseController@SDL_core@ui@modules@UModSys@@UAE_NXZ 10005006 f i umodsys_lib_libui:umodsys.mod.ui.SDL_core.obj
 0001:00004009       ??_ERMouseController@SDL_core@ui@modules@UModSys@@UAEPAXI@Z 10005009 f i  CIL library: CIL module
 0001:00004009       ??_GRMouseController@SDL_core@ui@modules@UModSys@@UAEPAXI@Z 10005009 f i umodsys_lib_libui:umodsys.mod.ui.SDL_core.obj
 0001:0000405f       ?root_get_interface_info@RKeyboardController@SDL_core@ui@modules@UModSys@@UBEABUSUniquePointerInfo@core@5@XZ 1000505f f i umodsys_lib_libui:umodsys.mod.ui.SDL_core.obj
 0001:00004065       ?root_get_interface_type@RKeyboardController@SDL_core@ui@modules@UModSys@@UBEPBUSUniquePointerInfo@core@5@XZ 10005065 f i umodsys_lib_libui:umodsys.mod.ui.SDL_core.obj
 0001:0000406b       ?root_get_other_interface@RKeyboardController@SDL_core@ui@modules@UModSys@@UAEPAUIRoot@core@5@PBUSUniquePointerInfo@75@@Z 1000506b f i umodsys_lib_libui:umodsys.mod.ui.SDL_core.obj
 0001:0000406b       ?root_get_other_interface@RKeyboardController@SDL_core@ui@modules@UModSys@@UBEPBUIRoot@core@5@PBUSUniquePointerInfo@75@@Z 1000506b f i umodsys_lib_libui:umodsys.mod.ui.SDL_core.obj
 0001:0000408c       ?root_is_interface_supported@RKeyboardController@SDL_core@ui@modules@UModSys@@UBE_NPBUSUniquePointerInfo@core@5@@Z 1000508c f i umodsys_lib_libui:umodsys.mod.ui.SDL_core.obj
 0001:000040b3       ??0RKeyboardController@SDL_core@ui@modules@UModSys@@QAE@PAURTerminal@1234@ABUSParameters@core@4@@Z 100050b3 f i umodsys_lib_libui:umodsys.mod.ui.SDL_core.obj
 0001:00004101       ?process@RKeyboardController@SDL_core@ui@modules@UModSys@@QAE_NAAUSDL_KeyboardEvent@@@Z 10005101 f i umodsys_lib_libui:umodsys.mod.ui.SDL_core.obj
 0001:000041a2       ?process@RKeyboardController@SDL_core@ui@modules@UModSys@@QAE_NAAUSDL_TextInputEvent@@@Z 100051a2 f i umodsys_lib_libui:umodsys.mod.ui.SDL_core.obj
 0001:00004247       ?map_keycode@RKeyboardController@SDL_core@ui@modules@UModSys@@QAE?AW4eKeyCode@libui@5@H@Z 10005247 f i umodsys_lib_libui:umodsys.mod.ui.SDL_core.obj
 0001:000046c2       ?map_keyspecial@RKeyboardController@SDL_core@ui@modules@UModSys@@QAEFG@Z 100056c2 f i umodsys_lib_libui:umodsys.mod.ui.SDL_core.obj
 0001:00004735       ?key_link@RKeyboardController@SDL_core@ui@modules@UModSys@@UAE_NHPAUIRefObject@core@5@PAUIKeyboardClient@libui@5@@Z 10005735 f i umodsys_lib_libui:umodsys.mod.ui.SDL_core.obj
 0001:0000476d       ?key_setvisible@RKeyboardController@SDL_core@ui@modules@UModSys@@UAE_N_N@Z 1000576d f i umodsys_lib_libui:umodsys.mod.ui.SDL_core.obj
 0001:00004785       ??_ERKeyboardController@SDL_core@ui@modules@UModSys@@UAEPAXI@Z 10005785 f i  CIL library: CIL module
 0001:00004785       ??_GRKeyboardController@SDL_core@ui@modules@UModSys@@UAEPAXI@Z 10005785 f i umodsys_lib_libui:umodsys.mod.ui.SDL_core.obj
 0001:000047db       ?root_get_interface_info@RTerminal@SDL_core@ui@modules@UModSys@@UBEABUSUniquePointerInfo@core@5@XZ 100057db f i umodsys_lib_libui:umodsys.mod.ui.SDL_core.obj
 0001:000047e1       ?root_get_interface_type@RTerminal@SDL_core@ui@modules@UModSys@@UBEPBUSUniquePointerInfo@core@5@XZ 100057e1 f i umodsys_lib_libui:umodsys.mod.ui.SDL_core.obj
 0001:000047e7       ?root_get_other_interface@RTerminal@SDL_core@ui@modules@UModSys@@UBEPBUIRoot@core@5@PBUSUniquePointerInfo@75@@Z 100057e7 f i umodsys_lib_libui:umodsys.mod.ui.SDL_core.obj
 0001:000047e7       ?root_get_other_interface@RTerminal@SDL_core@ui@modules@UModSys@@UAEPAUIRoot@core@5@PBUSUniquePointerInfo@75@@Z 100057e7 f i umodsys_lib_libui:umodsys.mod.ui.SDL_core.obj
 0001:00004808       ?root_is_interface_supported@RTerminal@SDL_core@ui@modules@UModSys@@UBE_NPBUSUniquePointerInfo@core@5@@Z 10005808 f i umodsys_lib_libui:umodsys.mod.ui.SDL_core.obj
 0001:0000482f       ?ref_remove@RSerializeReader@serialize_json@media@modules@UModSys@@UBEXXZ 1000582f f i umodsys_lib_libmedia:umodsys.mod.media.serialize_json.obj
 0001:0000482f       ?ref_remove@RGenerator@SDL_core@ui@modules@UModSys@@UBEXXZ 1000582f f i umodsys_lib_libui:umodsys.mod.ui.SDL_core.obj
 0001:0000482f       ?ref_remove@RKeyboardController@SDL_core@ui@modules@UModSys@@UBEXXZ 1000582f f i umodsys_lib_libui:umodsys.mod.ui.SDL_core.obj
 0001:0000482f       ?ref_remove@RDialog@frames@ui@modules@UModSys@@UBEXXZ 1000582f f i umodsys_lib_libui:umodsys.mod.ui.frames.obj
 0001:0000482f       ?ref_remove@RImageFactory_Memory@stdlib@lib2d@modules@UModSys@@UBEXXZ 1000582f f i umodsys_lib_lib2d:umodsys.mod.2d.stdlib.obj
 0001:0000482f       ?ref_remove@RGenerator@images_std@media@modules@UModSys@@UBEXXZ 1000582f f i umodsys_lib_libmedia:umodsys.mod.media.images_std.obj
 0001:0000482f       ?ref_remove@RGenerator@zlib@media@modules@UModSys@@UBEXXZ 1000582f f i umodsys_lib_libmedia:umodsys.mod.media.zlib.obj
 0001:0000482f       ?ref_remove@RGenerator@serialize_json@media@modules@UModSys@@UBEXXZ 1000582f f i umodsys_lib_libmedia:umodsys.mod.media.serialize_json.obj
 0001:0000482f       ?ref_remove@RImage_Memory@stdlib@lib2d@modules@UModSys@@UBEXXZ 1000582f f i umodsys_lib_lib2d:umodsys.mod.2d.stdlib.obj
 0001:0000482f       ?ref_remove@RMouseController@SDL_core@ui@modules@UModSys@@UBEXXZ 1000582f f i umodsys_lib_libui:umodsys.mod.ui.SDL_core.obj
 0001:0000482f       ?ref_remove@RMultiImage@stdlib@lib2d@modules@UModSys@@UBEXXZ 1000582f f i umodsys_lib_lib2d:umodsys.mod.2d.stdlib.obj
 0001:0000482f       ?ref_remove@RGenerator@stdlib@lib2d@modules@UModSys@@UBEXXZ 1000582f f i umodsys_lib_lib2d:umodsys.mod.2d.stdlib.obj
 0001:0000482f       ?ref_remove@RTerminal@SDL_core@ui@modules@UModSys@@UBEXXZ 1000582f f i umodsys_lib_libui:umodsys.mod.ui.SDL_core.obj
 0001:0000482f       ?ref_remove@RGenerator@test1@test@modules@UModSys@@UBEXXZ 1000582f f i plugin_test1.obj
 0001:0000482f       ?ref_remove@RBinArchiveFrameClient_ZIP@zlib@media@modules@UModSys@@UBEXXZ 1000582f f i umodsys_lib_libmedia:umodsys.mod.media.zlib.obj
 0001:0000482f       ?ref_remove@RMultiImage2D_SDL_ttf@SDL_core@ui@modules@UModSys@@UBEXXZ 1000582f f i umodsys_lib_libui:umodsys.mod.ui.SDL_core.obj
 0001:0000482f       ?ref_remove@RGenerator@frames@ui@modules@UModSys@@UBEXXZ 1000582f f i umodsys_lib_libui:umodsys.mod.ui.frames.obj
 0001:0000482f       ?ref_remove@RRenderDriver2D@SDL_core@ui@modules@UModSys@@UBEXXZ 1000582f f i umodsys_lib_libui:umodsys.mod.ui.SDL_core.obj
 0001:0000483a       ??0RTerminal@SDL_core@ui@modules@UModSys@@QAE@PAUIModObject@base@4@ABUSParameters@core@4@@Z 1000583a f i umodsys_lib_libui:umodsys.mod.ui.SDL_core.obj
 0001:000048ad       ?poll_events@RTerminal@SDL_core@ui@modules@UModSys@@UAE_NH@Z 100058ad f i umodsys_lib_libui:umodsys.mod.ui.SDL_core.obj
 0001:000049d1       ?get_terminal_state@RTerminal@SDL_core@ui@modules@UModSys@@UAE_NW4eTerminalState@libui@5@@Z 100059d1 f i umodsys_lib_libui:umodsys.mod.ui.SDL_core.obj
 0001:000049ea       ?set_terminal_state@RTerminal@SDL_core@ui@modules@UModSys@@UAE_NW4eTerminalState@libui@5@_N@Z 100059ea f i umodsys_lib_libui:umodsys.mod.ui.SDL_core.obj
 0001:00004a44       ?get_clock@RTerminal@SDL_core@ui@modules@UModSys@@UAENXZ 10005a44 f i umodsys_lib_libui:umodsys.mod.ui.SDL_core.obj
 0001:00004a5c       ?wait@RTerminal@SDL_core@ui@modules@UModSys@@UAE_NM@Z 10005a5c f i umodsys_lib_libui:umodsys.mod.ui.SDL_core.obj
 0001:00004a77       ?get_count@RTerminal@SDL_core@ui@modules@UModSys@@UBEIPBUSUniquePointerInfo@core@5@@Z 10005a77 f i umodsys_lib_libui:umodsys.mod.ui.SDL_core.obj
 0001:00004aaa       ?get_handler@RTerminal@SDL_core@ui@modules@UModSys@@UBEPAUIRefObject@core@5@PBUSUniquePointerInfo@75@I@Z 10005aaa f i umodsys_lib_libui:umodsys.mod.ui.SDL_core.obj
 0001:00004af2       ?get_handler@RTerminal@SDL_core@ui@modules@UModSys@@UBEPAUIRefObject@core@5@PBUSUniquePointerInfo@75@PBD@Z 10005af2 f i umodsys_lib_libui:umodsys.mod.ui.SDL_core.obj
 0001:00004afb       ?create_handler@RTerminal@SDL_core@ui@modules@UModSys@@UAE_NPBUSUniquePointerInfo@core@5@AAU?$TRefObject@UIRefObject@core@UModSys@@U?$TRefObjectFunc@UIRefObject@core@UModSys@@@tl@3@@tl@5@PBDPBUSParameters@75@@Z 10005afb f i umodsys_lib_libui:umodsys.mod.ui.SDL_core.obj
 0001:00004d30       ??_GRTerminal@SDL_core@ui@modules@UModSys@@UAEPAXI@Z 10005d30 f i umodsys_lib_libui:umodsys.mod.ui.SDL_core.obj
 0001:00004d30       ??_ERTerminal@SDL_core@ui@modules@UModSys@@UAEPAXI@Z 10005d30 f i  CIL library: CIL module
 0001:00004da0       ??1IRenderDriver@lib2d@UModSys@@UAE@XZ 10005da0 f i umodsys_lib_libui:umodsys.mod.ui.SDL_core.obj
 0001:00004da0       ??1ICollector@libui@UModSys@@UAE@XZ 10005da0 f i umodsys_lib_libui:umodsys.mod.ui.frames.obj
 0001:00004da0       ??1IImage@lib2d@UModSys@@UAE@XZ 10005da0 f i umodsys_lib_lib2d:umodsys.mod.2d.stdlib.obj
 0001:00004da0       ??1IDialog@libui@UModSys@@UAE@XZ 10005da0 f i umodsys_lib_libui:umodsys.mod.ui.frames.obj
 0001:00004da0       ??1IKeyboardController@libui@UModSys@@UAE@XZ 10005da0 f i umodsys_lib_libui:umodsys.mod.ui.SDL_core.obj
 0001:00004da0       ??1IMouseController@libui@UModSys@@UAE@XZ 10005da0 f i umodsys_lib_libui:umodsys.mod.ui.SDL_core.obj
 0001:00004da0       ??1ISerializeReader@libmedia@UModSys@@UAE@XZ 10005da0 f i umodsys_lib_libmedia:umodsys.mod.media.serialize_json.obj
 0001:00004da0       ??1IMultiImage@lib2d@UModSys@@UAE@XZ 10005da0 f i umodsys_lib_lib2d:umodsys.mod.2d.stdlib.obj
 0001:00004da0       ??1IShell@base@UModSys@@UAE@XZ 10005da0 f i plugin_test1.obj
 0001:00004da0       ??1IRefObject@core@UModSys@@UAE@XZ 10005da0 f i umodsys_lib_core:umodsys.core.objects.obj
 0001:00004da0       ??1IFrame@libui@UModSys@@UAE@XZ 10005da0 f i umodsys_lib_libui:umodsys.mod.ui.frames.obj
 0001:00004da0       ??1ITerminal@libui@UModSys@@UAE@XZ 10005da0 f i umodsys_lib_libui:umodsys.mod.ui.SDL_core.obj
 0001:00004da0       ??1IImageFactory@lib2d@UModSys@@UAE@XZ 10005da0 f i umodsys_lib_lib2d:umodsys.mod.2d.stdlib.obj
 0001:00004da0       ??1ISerializeWriter@libmedia@UModSys@@UAE@XZ 10005da0 f i umodsys_lib_libmedia:umodsys.mod.media.serialize_json.obj
 0001:00004da0       ??1IClient@IBinArchiveFrame@libmedia@UModSys@@UAE@XZ 10005da0 f i umodsys_lib_libmedia:umodsys.mod.media.zlib.obj
 0001:00004da7       ?ref_links@RTest1_Shell@test1@test@modules@UModSys@@UBEHXZ 10005da7 f   plugin_test1.obj
 0001:00004da7       ?get_terminal@RRenderDriver2D@SDL_core@ui@modules@UModSys@@UBEPAUITerminal@libui@5@XZ 10005da7 f   umodsys_lib_libui:umodsys.mod.ui.SDL_core.obj
 0001:00004dab       ?new_font@RRenderDriver2D@SDL_core@ui@modules@UModSys@@UAE?AU?$TRefObject@UIMultiImage@lib2d@UModSys@@U?$TRefObjectFunc@UIMultiImage@lib2d@UModSys@@@tl@3@@tl@5@ABUSParameters@core@5@ABU?$TString@U?$TSCoreConst@D@su@tl@UModSys@@U?$TComparerBinaryHash@D@234@@75@@Z 10005dab f   umodsys_lib_libui:umodsys.mod.ui.SDL_core.obj
 0001:00004e81       ?new_picture@RRenderDriver2D@SDL_core@ui@modules@UModSys@@UAE?AU?$TRefObject@UIImage@lib2d@UModSys@@U?$TRefObjectFunc@UIImage@lib2d@UModSys@@@tl@3@@tl@5@ABUSParameters@core@5@ABU?$TString@U?$TSCoreConst@D@su@tl@UModSys@@U?$TComparerBinaryHash@D@234@@75@@Z 10005e81 f   umodsys_lib_libui:umodsys.mod.ui.SDL_core.obj
 0001:00004e93       ?get_generated_names@RGenerator@SDL_core@ui@modules@UModSys@@UBEHAAUSUniquePtrList@core@5@@Z 10005e93 f i umodsys_lib_libui:umodsys.mod.ui.SDL_core.obj
 0001:00004eac       ?get_generated_types@RGenerator@SDL_core@ui@modules@UModSys@@UBEHAAUSUniquePtrList@core@5@PBUSUniquePointerInfo@75@@Z 10005eac f i umodsys_lib_libui:umodsys.mod.ui.SDL_core.obj
 0001:00004ede       ?generate@RGenerator@SDL_core@ui@modules@UModSys@@UAE_NAAU?$TRefObject@UIRefObject@core@UModSys@@U?$TRefObjectFunc@UIRefObject@core@UModSys@@@tl@3@@tl@5@PBUSUniquePointerInfo@core@5@ABUSParameters@95@@Z 10005ede f i umodsys_lib_libui:umodsys.mod.ui.SDL_core.obj
 0001:00004eff       ?root_get_interface_info@RGenerator@SDL_core@ui@modules@UModSys@@UBEABUSUniquePointerInfo@core@5@XZ 10005eff f i umodsys_lib_libui:umodsys.mod.ui.SDL_core.obj
 0001:00004f05       ?root_get_interface_type@RGenerator@SDL_core@ui@modules@UModSys@@UBEPBUSUniquePointerInfo@core@5@XZ 10005f05 f i umodsys_lib_libui:umodsys.mod.ui.SDL_core.obj
 0001:00004f0b       ?root_get_other_interface@RGenerator@SDL_core@ui@modules@UModSys@@UAEPAUIRoot@core@5@PBUSUniquePointerInfo@75@@Z 10005f0b f i umodsys_lib_libui:umodsys.mod.ui.SDL_core.obj
 0001:00004f0b       ?root_get_other_interface@RGenerator@SDL_core@ui@modules@UModSys@@UBEPBUIRoot@core@5@PBUSUniquePointerInfo@75@@Z 10005f0b f i umodsys_lib_libui:umodsys.mod.ui.SDL_core.obj
 0001:00004f24       ?root_is_interface_supported@RGenerator@SDL_core@ui@modules@UModSys@@UBE_NPBUSUniquePointerInfo@core@5@@Z 10005f24 f i umodsys_lib_libui:umodsys.mod.ui.SDL_core.obj
 0001:00004f43       ?get_uid@RGenerator@SDL_core@ui@modules@UModSys@@UBEPBUSUniquePointerInfo@core@5@XZ 10005f43 f i umodsys_lib_libui:umodsys.mod.ui.SDL_core.obj
 0001:00004f49       ?do_open@RModuleReg@SDL_core@ui@modules@UModSys@@UAE_NXZ 10005f49 f i umodsys_lib_libui:umodsys.mod.ui.SDL_core.obj
 0001:00004f97       ?do_close@RModuleReg@SDL_core@ui@modules@UModSys@@UAE_NXZ 10005f97 f i umodsys_lib_libui:umodsys.mod.ui.SDL_core.obj
 0001:00004fd2       ??_ERModuleReg@test1@test@modules@UModSys@@UAEPAXI@Z 10005fd2 f i  CIL library: CIL module
 0001:00004fd2       ??_ERModuleReg@images_std@media@modules@UModSys@@UAEPAXI@Z 10005fd2 f i  CIL library: CIL module
 0001:00004fd2       ??_ERModuleReg@stdlib@lib2d@modules@UModSys@@UAEPAXI@Z 10005fd2 f i  CIL library: CIL module
 0001:00004fd2       ??_GRModuleReg@test1@test@modules@UModSys@@UAEPAXI@Z 10005fd2 f i plugin_test1.obj
 0001:00004fd2       ??_GRModuleReg@stdlib@lib2d@modules@UModSys@@UAEPAXI@Z 10005fd2 f i umodsys_lib_lib2d:umodsys.mod.2d.stdlib.obj
 0001:00004fd2       ??_GRModuleReg@frames@ui@modules@UModSys@@UAEPAXI@Z 10005fd2 f i umodsys_lib_libui:umodsys.mod.ui.frames.obj
 0001:00004fd2       ??_GIModuleReg@base@UModSys@@UAEPAXI@Z 10005fd2 f i umodsys_lib_base:umodsys.base.modulereg.obj
 0001:00004fd2       ??_ERModuleReg@SDL_core@ui@modules@UModSys@@UAEPAXI@Z 10005fd2 f i  CIL library: CIL module
 0001:00004fd2       ??_ERModuleReg@serialize_json@media@modules@UModSys@@UAEPAXI@Z 10005fd2 f i  CIL library: CIL module
 0001:00004fd2       ??_GRModuleReg@zlib@media@modules@UModSys@@UAEPAXI@Z 10005fd2 f i umodsys_lib_libmedia:umodsys.mod.media.zlib.obj
 0001:00004fd2       ??_ERModuleReg@zlib@media@modules@UModSys@@UAEPAXI@Z 10005fd2 f i  CIL library: CIL module
 0001:00004fd2       ??_ERModuleReg@frames@ui@modules@UModSys@@UAEPAXI@Z 10005fd2 f i  CIL library: CIL module
 0001:00004fd2       ??_EIModuleReg@base@UModSys@@UAEPAXI@Z 10005fd2 f i  CIL library: CIL module
 0001:00004fd2       ??_GRModuleReg@SDL_core@ui@modules@UModSys@@UAEPAXI@Z 10005fd2 f i umodsys_lib_libui:umodsys.mod.ui.SDL_core.obj
 0001:00004fd2       ??_GRModuleReg@serialize_json@media@modules@UModSys@@UAEPAXI@Z 10005fd2 f i umodsys_lib_libmedia:umodsys.mod.media.serialize_json.obj
 0001:00004fd2       ??_GRModuleReg@images_std@media@modules@UModSys@@UAEPAXI@Z 10005fd2 f i umodsys_lib_libmedia:umodsys.mod.media.images_std.obj
 0001:00004fef       ?get_module@RGenerator@SDL_core@ui@modules@UModSys@@UBEPAUIModule@base@5@XZ 10005fef f   umodsys_lib_libui:umodsys.mod.ui.SDL_core.obj
 0001:00004ff5       ?mod_inc@RGenerator@SDL_core@ui@modules@UModSys@@UBE_NXZ 10005ff5 f   umodsys_lib_libui:umodsys.mod.ui.SDL_core.obj
 0001:00005000       ?mod_dec@RGenerator@SDL_core@ui@modules@UModSys@@UBE_NXZ 10006000 f   umodsys_lib_libui:umodsys.mod.ui.SDL_core.obj
 0001:0000500b       ?s_holder@RGenerator@SDL_core@ui@modules@UModSys@@SAAAU?$TTypeStaticHolder@URGenerator@SDL_core@ui@modules@UModSys@@@tl@5@XZ 1000600b f   umodsys_lib_libui:umodsys.mod.ui.SDL_core.obj
 0001:0000503d       ??1?$TScatterArray@UGlyph@RMultiImage2D_SDL_ttf@SDL_core@ui@modules@UModSys@@HU?$TScalarCompare@H@core@6@U?$TNodeDeleter0@U?$TScatterArrayNode@UGlyph@RMultiImage2D_SDL_ttf@SDL_core@ui@modules@UModSys@@H@tl@UModSys@@@tl@6@@tl@UModSys@@QAE@XZ 1000603d f i umodsys_lib_libui:umodsys.mod.ui.SDL_core.obj
 0001:00005053       ??0?$TParametersA@$0BAA@@core@UModSys@@QAE@XZ 10006053 f i umodsys_lib_libui:umodsys.mod.ui.SDL_core.obj
 0001:00005075       ??1?$TRefObject@URRenderDriver2D@SDL_core@ui@modules@UModSys@@U?$TRefObjectWeakFunc@URRenderDriver2D@SDL_core@ui@modules@UModSys@@@tl@5@@tl@UModSys@@QAE@XZ 10006075 f i umodsys_lib_libui:umodsys.mod.ui.SDL_core.obj
 0001:00005075       ??1?$TRefObject@URMultiImage2D_SDL_ttf@SDL_core@ui@modules@UModSys@@U?$TRefObjectWeakFunc@URMultiImage2D_SDL_ttf@SDL_core@ui@modules@UModSys@@@tl@5@@tl@UModSys@@QAE@XZ 10006075 f i umodsys_lib_libui:umodsys.mod.ui.SDL_core.obj
 0001:0000507a       ??F?$TTreeIterRB@$$CBU?$TScatterArrayNode@U?$TRefObjectCompositeExtra@UIMouseClient@libui@UModSys@@HUIRefObject@core@3@U?$TRefObjectFunc@UIRefObject@core@UModSys@@@tl@3@@tl@UModSys@@H@tl@UModSys@@$$CBU?$TPair@HU?$TRefObjectCompositeExtra@UIMouseClient@libui@UModSys@@HUIRefObject@core@3@U?$TRefObjectFunc@UIRefObject@core@UModSys@@@tl@3@@tl@UModSys@@@23@@tl@UModSys@@QAE?AU012@XZ 1000607a f i umodsys_lib_libui:umodsys.mod.ui.SDL_core.obj
 0001:0000507a       ??F?$TTreeIterRB@$$CBU?$TScatterArrayNode@U?$TRefObjectComposite@UIKeyboardClient@libui@UModSys@@UIRefObject@core@3@U?$TRefObjectFunc@UIRefObject@core@UModSys@@@tl@3@@tl@UModSys@@H@tl@UModSys@@$$CBU?$TPair@HU?$TRefObjectComposite@UIKeyboardClient@libui@UModSys@@UIRefObject@core@3@U?$TRefObjectFunc@UIRefObject@core@UModSys@@@tl@3@@tl@UModSys@@@23@@tl@UModSys@@QAE?AU012@XZ 1000607a f i umodsys_lib_libui:umodsys.mod.ui.SDL_core.obj
 0001:000050a4       ?remove_node@?$TTreeHoldRB@U?$TScatterArrayNode@U?$TRefObjectComposite@UIKeyboardClient@libui@UModSys@@UIRefObject@core@3@U?$TRefObjectFunc@UIRefObject@core@UModSys@@@tl@3@@tl@UModSys@@H@tl@UModSys@@@tl@UModSys@@QAEXPAU?$TScatterArrayNode@U?$TRefObjectComposite@UIKeyboardClient@libui@UModSys@@UIRefObject@core@3@U?$TRefObjectFunc@UIRefObject@core@UModSys@@@tl@3@@tl@UModSys@@H@23@@Z 100060a4 f i umodsys_lib_libui:umodsys.mod.ui.SDL_core.obj
 0001:000050a4       ?remove_node@?$TTreeHoldRB@U?$TScatterArrayNode@U?$TRefObjectCompositeExtra@UIMouseClient@libui@UModSys@@HUIRefObject@core@3@U?$TRefObjectFunc@UIRefObject@core@UModSys@@@tl@3@@tl@UModSys@@H@tl@UModSys@@@tl@UModSys@@QAEXPAU?$TScatterArrayNode@U?$TRefObjectCompositeExtra@UIMouseClient@libui@UModSys@@HUIRefObject@core@3@U?$TRefObjectFunc@UIRefObject@core@UModSys@@@tl@3@@tl@UModSys@@H@23@@Z 100060a4 f i umodsys_lib_libui:umodsys.mod.ui.SDL_core.obj
 0001:00005181       ??1?$TPair@HU?$TRefObjectComposite@UIKeyboardClient@libui@UModSys@@UIRefObject@core@3@U?$TRefObjectFunc@UIRefObject@core@UModSys@@@tl@3@@tl@UModSys@@@tl@UModSys@@QAE@XZ 10006181 f i umodsys_lib_libui:umodsys.mod.ui.SDL_core.obj
 0001:00005181       ??1?$TPair@HU?$TRefObjectCompositeExtra@UIMouseClient@libui@UModSys@@HUIRefObject@core@3@U?$TRefObjectFunc@UIRefObject@core@UModSys@@@tl@3@@tl@UModSys@@@tl@UModSys@@QAE@XZ 10006181 f i umodsys_lib_libui:umodsys.mod.ui.SDL_core.obj
 0001:0000518b       ?remove_color@?$TTreeHoldRB@U?$TScatterArrayNode@U?$TRefObjectComposite@UIKeyboardClient@libui@UModSys@@UIRefObject@core@3@U?$TRefObjectFunc@UIRefObject@core@UModSys@@@tl@3@@tl@UModSys@@H@tl@UModSys@@@tl@UModSys@@IAEXPAU?$TScatterArrayNode@U?$TRefObjectComposite@UIKeyboardClient@libui@UModSys@@UIRefObject@core@3@U?$TRefObjectFunc@UIRefObject@core@UModSys@@@tl@3@@tl@UModSys@@H@23@0@Z 1000618b f i umodsys_lib_libui:umodsys.mod.ui.SDL_core.obj
 0001:0000518b       ?remove_color@?$TTreeHoldRB@U?$TScatterArrayNode@U?$TRefObjectCompositeExtra@UIMouseClient@libui@UModSys@@HUIRefObject@core@3@U?$TRefObjectFunc@UIRefObject@core@UModSys@@@tl@3@@tl@UModSys@@H@tl@UModSys@@@tl@UModSys@@IAEXPAU?$TScatterArrayNode@U?$TRefObjectCompositeExtra@UIMouseClient@libui@UModSys@@HUIRefObject@core@3@U?$TRefObjectFunc@UIRefObject@core@UModSys@@@tl@3@@tl@UModSys@@H@23@0@Z 1000618b f i umodsys_lib_libui:umodsys.mod.ui.SDL_core.obj
 0001:0000528d       ??$t_close@U?$TRefObject@URRenderDriver2D@SDL_core@ui@modules@UModSys@@U?$TRefObjectWeakFunc@URRenderDriver2D@SDL_core@ui@modules@UModSys@@@tl@5@@tl@UModSys@@@SDL_core@ui@modules@UModSys@@YA_NAAU?$TScatterArray@U?$TRefObject@URRenderDriver2D@SDL_core@ui@modules@UModSys@@U?$TRefObjectWeakFunc@URRenderDriver2D@SDL_core@ui@modules@UModSys@@@tl@5@@tl@UModSys@@HU?$TScalarCompare@H@core@3@U?$TNodeDeleter0@U?$TScatterArrayNode@U?$TRefObject@URRenderDriver2D@SDL_core@ui@modules@UModSys@@U?$TRefObjectWeakFunc@URRenderDriver2D@SDL_core@ui@modules@UModSys@@@tl@5@@tl@UModSys@@H@tl@UModSys@@@23@@tl@3@@Z 1000628d f i umodsys_lib_libui:umodsys.mod.ui.SDL_core.obj
 0001:000052e6       ??$t_count@U?$TRefObject@URRenderDriver2D@SDL_core@ui@modules@UModSys@@U?$TRefObjectWeakFunc@URRenderDriver2D@SDL_core@ui@modules@UModSys@@@tl@5@@tl@UModSys@@@SDL_core@ui@modules@UModSys@@YAIABU?$TScatterArray@U?$TRefObject@URRenderDriver2D@SDL_core@ui@modules@UModSys@@U?$TRefObjectWeakFunc@URRenderDriver2D@SDL_core@ui@modules@UModSys@@@tl@5@@tl@UModSys@@HU?$TScalarCompare@H@core@3@U?$TNodeDeleter0@U?$TScatterArrayNode@U?$TRefObject@URRenderDriver2D@SDL_core@ui@modules@UModSys@@U?$TRefObjectWeakFunc@URRenderDriver2D@SDL_core@ui@modules@UModSys@@@tl@5@@tl@UModSys@@H@tl@UModSys@@@23@@tl@3@@Z 100062e6 f i umodsys_lib_libui:umodsys.mod.ui.SDL_core.obj
 0001:00005331       ??$t_get@U?$TRefObject@URRenderDriver2D@SDL_core@ui@modules@UModSys@@U?$TRefObjectWeakFunc@URRenderDriver2D@SDL_core@ui@modules@UModSys@@@tl@5@@tl@UModSys@@@SDL_core@ui@modules@UModSys@@YAPAUIRefObject@core@3@ABU?$TScatterArray@U?$TRefObject@URRenderDriver2D@SDL_core@ui@modules@UModSys@@U?$TRefObjectWeakFunc@URRenderDriver2D@SDL_core@ui@modules@UModSys@@@tl@5@@tl@UModSys@@HU?$TScalarCompare@H@core@3@U?$TNodeDeleter0@U?$TScatterArrayNode@U?$TRefObject@URRenderDriver2D@SDL_core@ui@modules@UModSys@@U?$TRefObjectWeakFunc@URRenderDriver2D@SDL_core@ui@modules@UModSys@@@tl@5@@tl@UModSys@@H@tl@UModSys@@@23@@tl@3@I@Z 10006331 f i umodsys_lib_libui:umodsys.mod.ui.SDL_core.obj
 0001:00005390       ??$ValidateConstruction@UIRefObject@core@UModSys@@URRenderDriver2D@SDL_core@ui@modules@3@@core@UModSys@@YA_NAAU?$TRefObject@UIRefObject@core@UModSys@@U?$TRefObjectFunc@UIRefObject@core@UModSys@@@tl@3@@tl@1@U?$TRefObject@URRenderDriver2D@SDL_core@ui@modules@UModSys@@U?$TRefObjectFunc@URRenderDriver2D@SDL_core@ui@modules@UModSys@@@tl@5@@31@@Z 10006390 f i umodsys_lib_libui:umodsys.mod.ui.SDL_core.obj
[...]
 0001:00013b49       ??__E?s_id@?$TObjectUniqueID@URBinArchiveFrameClient_ZIP@zlib@media@modules@UModSys@@@tl@UModSys@@2USUniquePointer@core@3@A@@YAXXZ 10014b49 f    CIL library: CIL module
 0001:00013b6b       ??__E?s_id@?$TObjectUniqueID@URGenerator@zlib@media@modules@UModSys@@@tl@UModSys@@2USUniquePointer@core@3@A@@YAXXZ 10014b6b f    CIL library: CIL module
 0001:00013b8d       ??__EM@UModSys@@YAXXZ      10014b8d f    CIL library: CIL module
 0001:00013b99       ??__E?root@SModuleRegChain@base@UModSys@@2U123@A@@YAXXZ 10014b99 f    CIL library: CIL module
 0001:00013ba5       ??__E?s_library@RModuleLibraryReg_Chain@base@UModSys@@2U123@A@@YAXXZ 10014ba5 f    CIL library: CIL module
 0001:00013bb1       ??__E?root@SUniquePointer@core@UModSys@@2U123@A@@YAXXZ 10014bb1 f    CIL library: CIL module
 0001:00013bbd       ??__Fs_dbg@test1@test@modules@UModSys@@YAXXZ 10014bbd f    CIL library: CIL module
 0001:00013bd4       ??__F?s_modreg@RModuleReg@test1@test@modules@UModSys@@2U12345@A@@YAXXZ 10014bd4 f    CIL library: CIL module
 0001:00013bdf       ??__F?s_modreg_chain@RModuleReg@test1@test@modules@UModSys@@2USModuleRegChain@base@5@A@@YAXXZ 10014bdf f    CIL library: CIL module
 0001:00013be9       ??__F?s_uid@RGenerator@test1@test@modules@UModSys@@2USUniquePointer@core@5@A@@YAXXZ 10014be9 f    CIL library: CIL module
 0001:00013bf3       ??__Fh@?1??s_holder@RGenerator@test1@test@modules@UModSys@@SAAAU?$TTypeStaticHolder@URGenerator@test1@test@modules@UModSys@@@tl@5@XZ@YAXXZ 10014bf3 f    CIL library: CIL module
 0001:00013c10       ??__F?s_id@?$TObjectUniqueID@URGenerator@test1@test@modules@UModSys@@@tl@UModSys@@2USUniquePointer@core@3@A@@YAXXZ 10014c10 f    CIL library: CIL module
 0001:00013c1a       ??__F?s_id@?$TObjectUniqueID@URTest1_Shell@test1@test@modules@UModSys@@@tl@UModSys@@2USUniquePointer@core@3@A@@YAXXZ 10014c1a f    CIL library: CIL module
 0001:00013c24       ??__F?s_id@?$TObjectUniqueID@URLines_Filter@test1@test@modules@UModSys@@@tl@UModSys@@2USUniquePointer@core@3@A@@YAXXZ 10014c24 f    CIL library: CIL module
 0001:00013c2e       ??__F?s_id@?$TObjectUniqueID@URLines@test1@test@modules@UModSys@@@tl@UModSys@@2USUniquePointer@core@3@A@@YAXXZ 10014c2e f    CIL library: CIL module
 0001:00013c38       ??__F?s_id@?$TObjectUniqueID@UILines@test1@test@modules@UModSys@@@tl@UModSys@@2USUniquePointer@core@3@A@@YAXXZ 10014c38 f    CIL library: CIL module
 0001:00013c42       ??__F?s_id@?$TObjectUniqueID@UIRenderDriver@lib2d@UModSys@@@tl@UModSys@@2USUniquePointer@core@3@A@@YAXXZ 10014c42 f    CIL library: CIL module
 0001:00013c4c       ??__F?s_id@?$TObjectUniqueID@UIMultiImage@lib2d@UModSys@@@tl@UModSys@@2USUniquePointer@core@3@A@@YAXXZ 10014c4c f    CIL library: CIL module
 0001:00013c56       ??__F?s_id@?$TObjectUniqueID@UIImageFactory@lib2d@UModSys@@@tl@UModSys@@2USUniquePointer@core@3@A@@YAXXZ 10014c56 f    CIL library: CIL module
 0001:00013c60       ??__F?s_id@?$TObjectUniqueID@UIImage@lib2d@UModSys@@@tl@UModSys@@2USUniquePointer@core@3@A@@YAXXZ 10014c60 f    CIL library: CIL module
 0001:00013c6a       ??__F?s_id@?$TObjectUniqueID@UIDialog@libui@UModSys@@@tl@UModSys@@2USUniquePointer@core@3@A@@YAXXZ 10014c6a f    CIL library: CIL module
 0001:00013c74       ??__F?s_id@?$TObjectUniqueID@UIFrame@libui@UModSys@@@tl@UModSys@@2USUniquePointer@core@3@A@@YAXXZ 10014c74 f    CIL library: CIL module
 0001:00013c7e       ??__F?s_id@?$TObjectUniqueID@UIAsyncCollector@libui@UModSys@@@tl@UModSys@@2USUniquePointer@core@3@A@@YAXXZ 10014c7e f    CIL library: CIL module
 0001:00013c88       ??__F?s_id@?$TObjectUniqueID@UIAsyncController@libui@UModSys@@@tl@UModSys@@2USUniquePointer@core@3@A@@YAXXZ 10014c88 f    CIL library: CIL module
 0001:00013c92       ??__F?s_id@?$TObjectUniqueID@UICollector@libui@UModSys@@@tl@UModSys@@2USUniquePointer@core@3@A@@YAXXZ 10014c92 f    CIL library: CIL module
 0001:00013c9c       ??__F?s_id@?$TObjectUniqueID@UIConsoleHelperInput_UIKey@libui@UModSys@@@tl@UModSys@@2USUniquePointer@core@3@A@@YAXXZ 10014c9c f    CIL library: CIL module
 0001:00013ca6       ??__F?s_id@?$TObjectUniqueID@UITerminal@libui@UModSys@@@tl@UModSys@@2USUniquePointer@core@3@A@@YAXXZ 10014ca6 f    CIL library: CIL module
 0001:00013cb0       ??__F?s_id@?$TObjectUniqueID@UIJoystickController@libui@UModSys@@@tl@UModSys@@2USUniquePointer@core@3@A@@YAXXZ 10014cb0 f    CIL library: CIL module
 0001:00013cba       ??__F?s_id@?$TObjectUniqueID@UIMouseController@libui@UModSys@@@tl@UModSys@@2USUniquePointer@core@3@A@@YAXXZ 10014cba f    CIL library: CIL module
 0001:00013cc4       ??__F?s_id@?$TObjectUniqueID@UIKeyboardController@libui@UModSys@@@tl@UModSys@@2USUniquePointer@core@3@A@@YAXXZ 10014cc4 f    CIL library: CIL module
 0001:00013cce       ??__F?s_id@?$TObjectUniqueID@UIConsoleHelperOutputFCS@base@UModSys@@@tl@UModSys@@2USUniquePointer@core@3@A@@YAXXZ 10014cce f    CIL library: CIL module
 0001:00013cd8       ??__F?s_id@?$TObjectUniqueID@UIConsoleHelperOutput@base@UModSys@@@tl@UModSys@@2USUniquePointer@core@3@A@@YAXXZ 10014cd8 f    CIL library: CIL module
 0001:00013ce2       ??__F?s_id@?$TObjectUniqueID@UIConsoleHelperInput@base@UModSys@@@tl@UModSys@@2USUniquePointer@core@3@A@@YAXXZ 10014ce2 f    CIL library: CIL module
 0001:00013cec       ??__F?s_id@?$TObjectUniqueID@UIConsoleHelperHistory@base@UModSys@@@tl@UModSys@@2USUniquePointer@core@3@A@@YAXXZ 10014cec f    CIL library: CIL module
 0001:00013cf6       ??__F?s_id@?$TObjectUniqueID@UIConsoleHelper@base@UModSys@@@tl@UModSys@@2USUniquePointer@core@3@A@@YAXXZ 10014cf6 f    CIL library: CIL module
 0001:00013d00       ??__F?s_id@?$TObjectUniqueID@UIConsoleExt@base@UModSys@@@tl@UModSys@@2USUniquePointer@core@3@A@@YAXXZ 10014d00 f    CIL library: CIL module
 0001:00013d0a       ??__F?s_id@?$TObjectUniqueID@UISerializeWriter@libmedia@UModSys@@@tl@UModSys@@2USUniquePointer@core@3@A@@YAXXZ 10014d0a f    CIL library: CIL module
 0001:00013d14       ??__F?s_id@?$TObjectUniqueID@UISerializeReader@libmedia@UModSys@@@tl@UModSys@@2USUniquePointer@core@3@A@@YAXXZ 10014d14 f    CIL library: CIL module
 0001:00013d1e       ??__F?s_id@?$TObjectUniqueID@UIClient@IBinArchiveFrame@libmedia@UModSys@@@tl@UModSys@@2USUniquePointer@core@3@A@@YAXXZ 10014d1e f    CIL library: CIL module
 0001:00013d28       ??__F?s_id@?$TObjectUniqueID@UIBinArchiveFrame@libmedia@UModSys@@@tl@UModSys@@2USUniquePointer@core@3@A@@YAXXZ 10014d28 f    CIL library: CIL module
 0001:00013d32       ??__F?s_id@?$TObjectUniqueID@UILibraryLayered@libmedia@UModSys@@@tl@UModSys@@2USUniquePointer@core@3@A@@YAXXZ 10014d32 f    CIL library: CIL module
 0001:00013d3c       ??__F?s_id@?$TObjectUniqueID@UILibraryObjCache@libmedia@UModSys@@@tl@UModSys@@2USUniquePointer@core@3@A@@YAXXZ 10014d3c f    CIL library: CIL module
 0001:00013d46       ??__F?s_id@?$TObjectUniqueID@UILibraryObjFilter@libmedia@UModSys@@@tl@UModSys@@2USUniquePointer@core@3@A@@YAXXZ 10014d46 f    CIL library: CIL module
 0001:00013d50       ??__F?s_id@?$TObjectUniqueID@UILibraryBinCache@libmedia@UModSys@@@tl@UModSys@@2USUniquePointer@core@3@A@@YAXXZ 10014d50 f    CIL library: CIL module
 0001:00013d5a       ??__F?s_id@?$TObjectUniqueID@UILibraryBinTree@libmedia@UModSys@@@tl@UModSys@@2USUniquePointer@core@3@A@@YAXXZ 10014d5a f    CIL library: CIL module
 0001:00013d64       ??__F?s_id@?$TObjectUniqueID@UILibrary@libmedia@UModSys@@@tl@UModSys@@2USUniquePointer@core@3@A@@YAXXZ 10014d64 f    CIL library: CIL module
 0001:00013d6e       ??__F?s_id@?$TObjectUniqueID@UIBinObjFilter@libmedia@UModSys@@@tl@UModSys@@2USUniquePointer@core@3@A@@YAXXZ 10014d6e f    CIL library: CIL module
 0001:00013d78       ??__F?s_id@?$TObjectUniqueID@UIBinArchive@libmedia@UModSys@@@tl@UModSys@@2USUniquePointer@core@3@A@@YAXXZ 10014d78 f    CIL library: CIL module
 0001:00013d82       ??__F?s_id@?$TObjectUniqueID@UILibObject@libmedia@UModSys@@@tl@UModSys@@2USUniquePointer@core@3@A@@YAXXZ 10014d82 f    CIL library: CIL module
 0001:00013d8c       ??__F?s_id@?$TObjectUniqueID@UIUtilities@libmedia@UModSys@@@tl@UModSys@@2USUniquePointer@core@3@A@@YAXXZ 10014d8c f    CIL library: CIL module
 0001:00013d96       ??__F?s_id@?$TObjectUniqueID@UIStreamWriter@libmedia@UModSys@@@tl@UModSys@@2USUniquePointer@core@3@A@@YAXXZ 10014d96 f    CIL library: CIL module
 0001:00013da0       ??__F?s_id@?$TObjectUniqueID@UIStreamReader@libmedia@UModSys@@@tl@UModSys@@2USUniquePointer@core@3@A@@YAXXZ 10014da0 f    CIL library: CIL module
 0001:00013daa       ??__F?s_id@?$TObjectUniqueID@UISystem@base@UModSys@@@tl@UModSys@@2USUniquePointer@core@3@A@@YAXXZ 10014daa f    CIL library: CIL module
 0001:00013db4       ??__F?s_id@?$TObjectUniqueID@UIShell@base@UModSys@@@tl@UModSys@@2USUniquePointer@core@3@A@@YAXXZ 10014db4 f    CIL library: CIL module
 0001:00013dbe       ??__F?s_id@?$TObjectUniqueID@UIGenerator@base@UModSys@@@tl@UModSys@@2USUniquePointer@core@3@A@@YAXXZ 10014dbe f    CIL library: CIL module
 0001:00013dc8       ??__F?s_id@?$TObjectUniqueID@UIModObject@base@UModSys@@@tl@UModSys@@2USUniquePointer@core@3@A@@YAXXZ 10014dc8 f    CIL library: CIL module
 0001:00013dd2       ??__F?s_id@?$TObjectUniqueID@UIModuleLibrary@base@UModSys@@@tl@UModSys@@2USUniquePointer@core@3@A@@YAXXZ 10014dd2 f    CIL library: CIL module
 0001:00013ddc       ??__F?s_id@?$TObjectUniqueID@UIModule@base@UModSys@@@tl@UModSys@@2USUniquePointer@core@3@A@@YAXXZ 10014ddc f    CIL library: CIL module
 0001:00013de6       ??__F?s_id@?$TObjectUniqueID@UIConsole@base@UModSys@@@tl@UModSys@@2USUniquePointer@core@3@A@@YAXXZ 10014de6 f    CIL library: CIL module
 0001:00013df0       ??__F?s_id@?$TObjectUniqueID@UIParameters@core@UModSys@@@tl@UModSys@@2USUniquePointer@core@3@A@@YAXXZ 10014df0 f    CIL library: CIL module
 0001:00013dfa       ??__F?s_id@?$TObjectUniqueID@UIRefObject@core@UModSys@@@tl@UModSys@@2USUniquePointer@core@3@A@@YAXXZ 10014dfa f    CIL library: CIL module
 0001:00013e04       ??__F?s_id@?$TObjectUniqueID@UIRoot@core@UModSys@@@tl@UModSys@@2USUniquePointer@core@3@A@@YAXXZ 10014e04 f    CIL library: CIL module
 0001:00013e0e       ??__Fs_dbg@stdlib@lib2d@modules@UModSys@@YAXXZ 10014e0e f    CIL library: CIL module
 0001:00013e25       ??__F?s_modreg@RModuleReg@stdlib@lib2d@modules@UModSys@@2U12345@A@@YAXXZ 10014e25 f    CIL library: CIL module
 0001:00013e30       ??__F?s_modreg_chain@RModuleReg@stdlib@lib2d@modules@UModSys@@2USModuleRegChain@base@5@A@@YAXXZ 10014e30 f    CIL library: CIL module
 0001:00013e3a       ??__F?s_uid@RGenerator@stdlib@lib2d@modules@UModSys@@2USUniquePointer@core@5@A@@YAXXZ 10014e3a f    CIL library: CIL module
 0001:00013e44       ??__Fh@?1??s_holder@RGenerator@stdlib@lib2d@modules@UModSys@@SAAAU?$TTypeStaticHolder@URGenerator@stdlib@lib2d@modules@UModSys@@@tl@5@XZ@YAXXZ 10014e44 f    CIL library: CIL module
 0001:00013e61       ??__F?s_id@?$TObjectUniqueID@URGenerator@stdlib@lib2d@modules@UModSys@@@tl@UModSys@@2USUniquePointer@core@3@A@@YAXXZ 10014e61 f    CIL library: CIL module
 0001:00013e6b       ??__F?s_id@?$TObjectUniqueID@URMultiImage@stdlib@lib2d@modules@UModSys@@@tl@UModSys@@2USUniquePointer@core@3@A@@YAXXZ 10014e6b f    CIL library: CIL module
 0001:00013e75       ??__F?s_id@?$TObjectUniqueID@URImageFactory_Memory@stdlib@lib2d@modules@UModSys@@@tl@UModSys@@2USUniquePointer@core@3@A@@YAXXZ 10014e75 f    CIL library: CIL module
 0001:00013e7f       ??__F?s_id@?$TObjectUniqueID@URImage_Memory@stdlib@lib2d@modules@UModSys@@@tl@UModSys@@2USUniquePointer@core@3@A@@YAXXZ 10014e7f f    CIL library: CIL module
 0001:00013e89       ??__Fs_dbg@SDL_core@ui@modules@UModSys@@YAXXZ 10014e89 f    CIL library: CIL module
 0001:00013ea0       ??__F?s_modreg@RModuleReg@SDL_core@ui@modules@UModSys@@2U12345@A@@YAXXZ 10014ea0 f    CIL library: CIL module
 0001:00013eab       ??__F?s_modreg_chain@RModuleReg@SDL_core@ui@modules@UModSys@@2USModuleRegChain@base@5@A@@YAXXZ 10014eab f    CIL library: CIL module
 0001:00013eb5       ??__F?s_uid@RGenerator@SDL_core@ui@modules@UModSys@@2USUniquePointer@core@5@A@@YAXXZ 10014eb5 f    CIL library: CIL module
 0001:00013ebf       ??__Fh@?1??s_holder@RGenerator@SDL_core@ui@modules@UModSys@@SAAAU?$TTypeStaticHolder@URGenerator@SDL_core@ui@modules@UModSys@@@tl@5@XZ@YAXXZ 10014ebf f    CIL library: CIL module
 0001:00013edc       ??__F?s_id@?$TObjectUniqueID@URGenerator@SDL_core@ui@modules@UModSys@@@tl@UModSys@@2USUniquePointer@core@3@A@@YAXXZ 10014edc f    CIL library: CIL module
 0001:00013ee6       ??__F?s_id@?$TObjectUniqueID@URTerminal@SDL_core@ui@modules@UModSys@@@tl@UModSys@@2USUniquePointer@core@3@A@@YAXXZ 10014ee6 f    CIL library: CIL module
 0001:00013ef0       ??__F?s_id@?$TObjectUniqueID@URKeyboardController@SDL_core@ui@modules@UModSys@@@tl@UModSys@@2USUniquePointer@core@3@A@@YAXXZ 10014ef0 f    CIL library: CIL module
 0001:00013efa       ??__F?s_id@?$TObjectUniqueID@URMouseController@SDL_core@ui@modules@UModSys@@@tl@UModSys@@2USUniquePointer@core@3@A@@YAXXZ 10014efa f    CIL library: CIL module
 0001:00013f04       ??__F?s_id@?$TObjectUniqueID@URRenderDriver2D@SDL_core@ui@modules@UModSys@@@tl@UModSys@@2USUniquePointer@core@3@A@@YAXXZ 10014f04 f    CIL library: CIL module
 0001:00013f0e       ??__F?s_id@?$TObjectUniqueID@URMultiImage2D_SDL_ttf@SDL_core@ui@modules@UModSys@@@tl@UModSys@@2USUniquePointer@core@3@A@@YAXXZ 10014f0e f    CIL library: CIL module
 0001:00013f18       ??__Fs_dbg@frames@ui@modules@UModSys@@YAXXZ 10014f18 f    CIL library: CIL module
 0001:00013f2f       ??__F?s_modreg@RModuleReg@frames@ui@modules@UModSys@@2U12345@A@@YAXXZ 10014f2f f    CIL library: CIL module
 0001:00013f3a       ??__F?s_modreg_chain@RModuleReg@frames@ui@modules@UModSys@@2USModuleRegChain@base@5@A@@YAXXZ 10014f3a f    CIL library: CIL module
 0001:00013f44       ??__F?s_uid@RGenerator@frames@ui@modules@UModSys@@2USUniquePointer@core@5@A@@YAXXZ 10014f44 f    CIL library: CIL module
 0001:00013f4e       ??__Fh@?1??s_holder@RGenerator@frames@ui@modules@UModSys@@SAAAU?$TTypeStaticHolder@URGenerator@frames@ui@modules@UModSys@@@tl@5@XZ@YAXXZ 10014f4e f    CIL library: CIL module
 0001:00013f6b       ??__F?s_id@?$TObjectUniqueID@URGenerator@frames@ui@modules@UModSys@@@tl@UModSys@@2USUniquePointer@core@3@A@@YAXXZ 10014f6b f    CIL library: CIL module
 0001:00013f75       ??__F?s_id@?$TObjectUniqueID@URCollector@frames@ui@modules@UModSys@@@tl@UModSys@@2USUniquePointer@core@3@A@@YAXXZ 10014f75 f    CIL library: CIL module
 0001:00013f7f       ??__F?s_id@?$TObjectUniqueID@URFrame_List@frames@ui@modules@UModSys@@@tl@UModSys@@2USUniquePointer@core@3@A@@YAXXZ 10014f7f f    CIL library: CIL module
 0001:00013f89       ??__F?s_id@?$TObjectUniqueID@URFrame_Edit@frames@ui@modules@UModSys@@@tl@UModSys@@2USUniquePointer@core@3@A@@YAXXZ 10014f89 f    CIL library: CIL module
 0001:00013f93       ??__F?s_id@?$TObjectUniqueID@URFrame_Button@frames@ui@modules@UModSys@@@tl@UModSys@@2USUniquePointer@core@3@A@@YAXXZ 10014f93 f    CIL library: CIL module
 0001:00013f9d       ??__F?s_id@?$TObjectUniqueID@URFrame_Text@frames@ui@modules@UModSys@@@tl@UModSys@@2USUniquePointer@core@3@A@@YAXXZ 10014f9d f    CIL library: CIL module
 0001:00013fa7       ??__F?s_id@?$TObjectUniqueID@URFrame_Image@frames@ui@modules@UModSys@@@tl@UModSys@@2USUniquePointer@core@3@A@@YAXXZ 10014fa7 f    CIL library: CIL module
 0001:00013fb1       ??__F?s_id@?$TObjectUniqueID@URFrame_Frame@frames@ui@modules@UModSys@@@tl@UModSys@@2USUniquePointer@core@3@A@@YAXXZ 10014fb1 f    CIL library: CIL module
 0001:00013fbb       ??__F?s_id@?$TObjectUniqueID@URDialog@frames@ui@modules@UModSys@@@tl@UModSys@@2USUniquePointer@core@3@A@@YAXXZ 10014fbb f    CIL library: CIL module
 0001:00013fc5       ??__F?s_id@?$TObjectUniqueID@URFrame_Common@frames@ui@modules@UModSys@@@tl@UModSys@@2USUniquePointer@core@3@A@@YAXXZ 10014fc5 f    CIL library: CIL module
 0001:00013fcf       ??__Fs_dbg@images_std@media@modules@UModSys@@YAXXZ 10014fcf f    CIL library: CIL module
 0001:00013fe6       ??__F?s_modreg@RModuleReg@images_std@media@modules@UModSys@@2U12345@A@@YAXXZ 10014fe6 f    CIL library: CIL module
 0001:00013ff1       ??__F?s_modreg_chain@RModuleReg@images_std@media@modules@UModSys@@2USModuleRegChain@base@5@A@@YAXXZ 10014ff1 f    CIL library: CIL module
 0001:00013ffb       ??__F?s_uid@RGenerator@images_std@media@modules@UModSys@@2USUniquePointer@core@5@A@@YAXXZ 10014ffb f    CIL library: CIL module
 0001:00014005       ??__Fh@?1??s_holder@RGenerator@images_std@media@modules@UModSys@@SAAAU?$TTypeStaticHolder@URGenerator@images_std@media@modules@UModSys@@@tl@5@XZ@YAXXZ 10015005 f    CIL library: CIL module
 0001:00014022       ??__F?s_id@?$TObjectUniqueID@URGenerator@images_std@media@modules@UModSys@@@tl@UModSys@@2USUniquePointer@core@3@A@@YAXXZ 10015022 f    CIL library: CIL module
 0001:0001402c       ??__F?s_id@?$TObjectUniqueID@URMediaFilter@images_std@media@modules@UModSys@@@tl@UModSys@@2USUniquePointer@core@3@A@@YAXXZ 1001502c f    CIL library: CIL module
 0001:00014036       ??__Fs_dbg@serialize_json@media@modules@UModSys@@YAXXZ 10015036 f    CIL library: CIL module
 0001:0001404d       ??__F?s_modreg@RModuleReg@serialize_json@media@modules@UModSys@@2U12345@A@@YAXXZ 1001504d f    CIL library: CIL module
 0001:00014058       ??__F?s_modreg_chain@RModuleReg@serialize_json@media@modules@UModSys@@2USModuleRegChain@base@5@A@@YAXXZ 10015058 f    CIL library: CIL module
 0001:00014062       ??__F?s_uid@RGenerator@serialize_json@media@modules@UModSys@@2USUniquePointer@core@5@A@@YAXXZ 10015062 f    CIL library: CIL module
 0001:0001406c       ??__Fh@?1??s_holder@RGenerator@serialize_json@media@modules@UModSys@@SAAAU?$TTypeStaticHolder@URGenerator@serialize_json@media@modules@UModSys@@@tl@5@XZ@YAXXZ 1001506c f    CIL library: CIL module
 0001:00014089       ??__F?s_id@?$TObjectUniqueID@URGenerator@serialize_json@media@modules@UModSys@@@tl@UModSys@@2USUniquePointer@core@3@A@@YAXXZ 10015089 f    CIL library: CIL module
 0001:00014093       ??__F?s_id@?$TObjectUniqueID@URSerializeWriter@serialize_json@media@modules@UModSys@@@tl@UModSys@@2USUniquePointer@core@3@A@@YAXXZ 10015093 f    CIL library: CIL module
 0001:0001409d       ??__F?s_id@?$TObjectUniqueID@URSerializeReader@serialize_json@media@modules@UModSys@@@tl@UModSys@@2USUniquePointer@core@3@A@@YAXXZ 1001509d f    CIL library: CIL module
 0001:000140a7       ??__Fs_dbg@zlib@media@modules@UModSys@@YAXXZ 100150a7 f    CIL library: CIL module
 0001:000140be       ??__F?s_modreg@RModuleReg@zlib@media@modules@UModSys@@2U12345@A@@YAXXZ 100150be f    CIL library: CIL module
 0001:000140c9       ??__F?s_modreg_chain@RModuleReg@zlib@media@modules@UModSys@@2USModuleRegChain@base@5@A@@YAXXZ 100150c9 f    CIL library: CIL module
 0001:000140d3       ??__F?s_uid@RGenerator@zlib@media@modules@UModSys@@2USUniquePointer@core@5@A@@YAXXZ 100150d3 f    CIL library: CIL module
 0001:000140dd       ??__Fh@?1??s_holder@RGenerator@zlib@media@modules@UModSys@@SAAAU?$TTypeStaticHolder@URGenerator@zlib@media@modules@UModSys@@@tl@5@XZ@YAXXZ 100150dd f    CIL library: CIL module
 0001:000140fa       ??__F?s_id@?$TObjectUniqueID@URGenerator@zlib@media@modules@UModSys@@@tl@UModSys@@2USUniquePointer@core@3@A@@YAXXZ 100150fa f    CIL library: CIL module
 0001:00014104       ??__F?s_id@?$TObjectUniqueID@URBinArchiveFrameClient_ZIP@zlib@media@modules@UModSys@@@tl@UModSys@@2USUniquePointer@core@3@A@@YAXXZ 10015104 f    CIL library: CIL module
 0001:0001410e       ??__FM@UModSys@@YAXXZ      1001510e f    CIL library: CIL module
 0001:0001410f       ??__F?root@SModuleRegChain@base@UModSys@@2U123@A@@YAXXZ 1001510f f    CIL library: CIL module
 0001:00014119       ??__F?s_library@RModuleLibraryReg_Chain@base@UModSys@@2U123@A@@YAXXZ 10015119 f    CIL library: CIL module
 0001:00014124       ??__F?root@SUniquePointer@core@UModSys@@2U123@A@@YAXXZ 10015124 f    CIL library: CIL module

 Exports

  ordinal    name

        1    _UModSys_Plugin_Entry2@0
