 plugin_test1

 Timestamp is 52bc396d (Thu Dec 26 17:13:01 2013)

 Preferred load address is 10000000

 Start         Length     Name                   Class
 0001:00000000 00013caaH .text                   CODE
 0001:00013caa 000008ceH .text$x                 CODE
 0001:00014578 00000dbfH .text$yc                CODE
 0001:00015337 000004d0H .text$yd                CODE
 0002:00000000 000001f0H .idata$5                DATA
 0002:000001f0 00000004H .CRT$XCA                DATA
 0002:000001f4 00000910H .CRT$XCU                DATA
 0002:00000b04 00000004H .CRT$XCZ                DATA
 0002:00000b08 00000004H .CRT$XIA                DATA
 0002:00000b0c 00000004H .CRT$XIAA               DATA
 0002:00000b10 00000004H .CRT$XIC                DATA
 0002:00000b14 00000004H .CRT$XIZ                DATA
 0002:00000b18 00002548H .rdata                  DATA
 0002:00003060 00001a20H .rdata$r                DATA
 0002:00004a80 000000f0H .rdata$sxdata           DATA
 0002:00004b70 00000004H .rtc$IAA                DATA
 0002:00004b74 00000004H .rtc$IZZ                DATA
 0002:00004b78 00000004H .rtc$TAA                DATA
 0002:00004b7c 00000004H .rtc$TZZ                DATA
 0002:00004b80 00000e0cH .xdata$x                DATA
 0002:0000598c 00000078H .idata$2                DATA
 0002:00005a04 00000014H .idata$3                DATA
 0002:00005a18 000001f0H .idata$4                DATA
 0002:00005c08 000008e6H .idata$6                DATA
 0002:000064f0 0000005cH .edata                  DATA
 0003:00000000 000010a0H .data                   DATA
 0003:000010a0 00001674H .bss                    DATA

  Address         Publics by Value              Rva+Base       Lib:Object

 0000:00000000       __except_list              00000000     <absolute>
 0000:0000003c       ___safe_se_handler_count   0000003c     <absolute>
 0000:00009876       __ldused                   00009876     <absolute>
 0000:00009876       __fltused                  00009876     <absolute>
 0000:00000000       ___ImageBase               10000000     <linker-defined>
 0001:00000000       ?new_data@SMemorySharedData@core@UModSys@@SAPAU123@IPBUSSourceContext@23@@Z 10001000 f i plugin_test1.obj
 0001:00000024       ?link@SMemShared@core@UModSys@@QAE_NPAUSMemorySharedData@23@PAUSSourceContext@23@@Z 10001024 f i plugin_test1.obj
 0001:00000024       ?link@SCMemShared@core@UModSys@@QAE_NPAUSMemorySharedData@23@PAUSSourceContext@23@@Z 10001024 f i plugin_test1.obj
 0001:00000049       ??BSCMemShared@core@UModSys@@QBE?AUSCMem@12@XZ 10001049 f i plugin_test1.obj
 0001:00000049       ?get@SMemShared@core@UModSys@@QBE?AUSMem@23@XZ 10001049 f i umodsys_lib_libmedia:umodsys.mod.media.images_std.obj
 0001:00000049       ??BSMemShared@core@UModSys@@QBE?AUSMem@12@XZ 10001049 f i umodsys_lib_lib2d:umodsys.mod.2d.stdlib.obj
 0001:00000079       ??6SUniquePtrList@core@UModSys@@QAEAAU012@PBUSUniquePointerInfo@12@@Z 10001079 f i plugin_test1.obj
 0001:000000aa       ??3IRoot@core@UModSys@@SAXPAXABUSIMemAlloc@12@@Z 100010aa f i plugin_test1.obj
 0001:000000c3       ?_root_get_other_interface@IRefObject@core@UModSys@@IAEPAUIRoot@23@PBUSUniquePointerInfo@23@@Z 100010c3 f i plugin_test1.obj
 0001:000000c3       ?_root_get_other_interface@IRefObject@core@UModSys@@IBEPBUIRoot@23@PBUSUniquePointerInfo@23@@Z 100010c3 f i plugin_test1.obj
 0001:000000e4       ?_root_get_interface_types@IRefObject@core@UModSys@@SAIAAUSUniquePtrList@23@@Z 100010e4 f i plugin_test1.obj
 0001:00000104       ?_root_is_interface_supported@IRefObject@core@UModSys@@SA_NPBUSUniquePointerInfo@23@@Z 10001104 f i plugin_test1.obj
 0001:0000011b       ??$slen@D@su@tl@UModSys@@YAIPBD@Z 1000111b f i plugin_test1.obj
 0001:00000134       ??$seq@D@su@tl@UModSys@@YA_NPBD0@Z 10001134 f i plugin_test1.obj
 0001:00000161       ??1SParameters@core@UModSys@@QAE@XZ 10001161 f i plugin_test1.obj
 0001:00000161       ??1?$TParametersA@$0EAA@@core@UModSys@@QAE@XZ 10001161 f i plugin_test1.obj
 0001:00000161       ??1?$TParametersA@$0BAL@@core@UModSys@@QAE@XZ 10001161 f i umodsys_lib_lib2d:umodsys.mod.2d.stdlib.obj
 0001:00000161       ??1?$TParametersA@$0BAA@@core@UModSys@@QAE@XZ 10001161 f i umodsys_lib_libui:umodsys.mod.ui.SDL_core.obj
 0001:0000016e       ??0SParameters@core@UModSys@@QAE@PAUIParameters@12@PAXH@Z 1000116e f i plugin_test1.obj
 0001:00000191       ?_root_get_other_interface@IGenerator@base@UModSys@@IAEPAUIRoot@core@3@PBUSUniquePointerInfo@53@@Z 10001191 f i plugin_test1.obj
 0001:00000191       ?_root_get_other_interface@IGenerator@base@UModSys@@IBEPBUIRoot@core@3@PBUSUniquePointerInfo@53@@Z 10001191 f i plugin_test1.obj
 0001:000001ad       ?_root_is_interface_supported@IGenerator@base@UModSys@@SA_NPBUSUniquePointerInfo@core@3@@Z 100011ad f i plugin_test1.obj
 0001:000001cd       ??4SFileInfo@libmedia@UModSys@@QAEABU012@ABU012@@Z 100011cd f i plugin_test1.obj
 0001:00000226       ?_root_is_interface_supported@IBinObjFilter@libmedia@UModSys@@SA_NPBUSUniquePointerInfo@core@3@@Z 10001226 f i plugin_test1.obj
 0001:00000246       ?obj_load@ILibrary@libmedia@UModSys@@QAE_NABU?$TString@U?$TSCoreConst@D@su@tl@UModSys@@U?$TComparerBinaryHash@D@234@@tl@3@PAUIRefObject@core@3@0PBUSParameters@73@ABU?$TFlags4State@USMediaFlagUid@libmedia@UModSys@@I@53@@Z 10001246 f i plugin_test1.obj
 0001:00000290       ?obj_save@ILibrary@libmedia@UModSys@@QAE_NABU?$TString@U?$TSCoreConst@D@su@tl@UModSys@@U?$TComparerBinaryHash@D@234@@tl@3@PBUIRefObject@core@3@0PBUSParameters@73@ABU?$TFlags4State@USMediaFlagUid@libmedia@UModSys@@I@53@@Z 10001290 f i plugin_test1.obj
 0001:000002da       ?mount_add@ILibraryBinTree@libmedia@UModSys@@QAE_NABU?$TString@U?$TSCoreConst@D@su@tl@UModSys@@U?$TComparerBinaryHash@D@234@@tl@3@PAUIBinArchive@23@H@Z 100012da f i plugin_test1.obj
 0001:00000348       ?mount_add@ILibraryBinTree@libmedia@UModSys@@QAE_NABU?$TString@U?$TSCoreConst@D@su@tl@UModSys@@U?$TComparerBinaryHash@D@234@@tl@3@HPAUIBinArchive@23@H@Z 10001348 f i plugin_test1.obj
 0001:000003b9       ??1SPoint@ILibraryBinTree@libmedia@UModSys@@QAE@XZ 100013b9 f i plugin_test1.obj
 0001:000003b9       ??1SLayer@ILibraryLayered@libmedia@UModSys@@QAE@XZ 100013b9 f i plugin_test1.obj
 0001:000003ca       ?layer_push@ILibraryLayered@libmedia@UModSys@@QAE_NPAUILibrary@23@HABU?$TString@U?$TSCoreConst@D@su@tl@UModSys@@U?$TComparerBinaryHash@D@234@@tl@3@@Z 100013ca f i plugin_test1.obj
 0001:00000432       ?set_info@IImage@lib2d@UModSys@@QAE_NW4eImageType@23@HHPBD@Z 10001432 f i plugin_test1.obj
 0001:0000045d       ?render_text@IRenderDriver@lib2d@UModSys@@QAE_NABU?$TVector2@H@math3d@3@PBHHPBU?$TVector2@M@53@@Z 1000145d f i plugin_test1.obj
 0001:0000048b       ??1IBinObjFilter@libmedia@UModSys@@UAE@XZ 1000148b f i plugin_test1.obj
 0001:00000490       ??1ILibObject@libmedia@UModSys@@UAE@XZ 10001490 f i plugin_test1.obj
 0001:000004c7       ?root_get_interface_info@RTest1_Shell@test1@test@modules@UModSys@@UBEABUSUniquePointerInfo@core@5@XZ 100014c7 f i plugin_test1.obj
 0001:000004cd       ?root_get_interface_type@RTest1_Shell@test1@test@modules@UModSys@@UBEPBUSUniquePointerInfo@core@5@XZ 100014cd f i plugin_test1.obj
 0001:000004d3       ?root_get_other_interface@RTest1_Shell@test1@test@modules@UModSys@@UBEPBUIRoot@core@5@PBUSUniquePointerInfo@75@@Z 100014d3 f i plugin_test1.obj
 0001:000004d3       ?root_get_other_interface@RTest1_Shell@test1@test@modules@UModSys@@UAEPAUIRoot@core@5@PBUSUniquePointerInfo@75@@Z 100014d3 f i plugin_test1.obj
 0001:000004f4       ?root_is_interface_supported@RTest1_Shell@test1@test@modules@UModSys@@UBE_NPBUSUniquePointerInfo@core@5@@Z 100014f4 f i plugin_test1.obj
 0001:0000051b       ?ref_add@RTest1_Shell@test1@test@modules@UModSys@@UBEXXZ 1000151b f i plugin_test1.obj
 0001:0000051f       ?ref_remove@RTest1_Shell@test1@test@modules@UModSys@@UBEXXZ 1000151f f i plugin_test1.obj
 0001:0000052a       ?ref_weak@RTest1_Shell@test1@test@modules@UModSys@@UBE_NAAUWeakPointer@IRefObject@core@5@@Z 1000152a f i plugin_test1.obj
 0001:00000549       ?suicide@RTest1_Shell@test1@test@modules@UModSys@@UAEXXZ 10001549 f i plugin_test1.obj
 0001:00000586       ??0RTest1_Shell@test1@test@modules@UModSys@@QAE@PAUIModObject@base@4@@Z 10001586 f i plugin_test1.obj
 0001:0000068e       ??1RTest1_Shell@test1@test@modules@UModSys@@UAE@XZ 1000168e f i plugin_test1.obj
 0001:00000716       ?connect@RTest1_Shell@test1@test@modules@UModSys@@UAE_NXZ 10001716 f i plugin_test1.obj
 0001:0000072e       ?disconnect@RTest1_Shell@test1@test@modules@UModSys@@UAE_NXZ 1000172e f i plugin_test1.obj
 0001:00000746       ?process_tick@RTest1_Shell@test1@test@modules@UModSys@@UAE_NABUSTimeMsec@core@5@@Z 10001746 f i plugin_test1.obj
 0001:00000771       ?process_command@RTest1_Shell@test1@test@modules@UModSys@@UAE_NHQBU?$TString@U?$TSCoreConst@D@su@tl@UModSys@@U?$TComparerBinaryHash@D@234@@tl@5@@Z 10001771 f i plugin_test1.obj
 0001:0000078f       ??_ERTest1_Shell@test1@test@modules@UModSys@@UAEPAXI@Z 1000178f f i  CIL library: CIL module
 0001:0000078f       ??_GRTest1_Shell@test1@test@modules@UModSys@@UAEPAXI@Z 1000178f f i plugin_test1.obj
 0001:000007ac       ?new_mem_imagefactory@RTest1_Shell@test1@test@modules@UModSys@@QAE?AU?$TRefObject@UIImageFactory@lib2d@UModSys@@U?$TRefObjectFunc@UIImageFactory@lib2d@UModSys@@@tl@3@@tl@5@XZ 100017ac f   plugin_test1.obj
 0001:00000824       ?new_mem_multiimage@RTest1_Shell@test1@test@modules@UModSys@@QAE?AU?$TRefObject@UIMultiImage@lib2d@UModSys@@U?$TRefObjectFunc@UIMultiImage@lib2d@UModSys@@@tl@3@@tl@5@PAUIImageFactory@lib2d@5@@Z 10001824 f   plugin_test1.obj
 0001:000008ba       ?media_arch_stdio@RTest1_Shell@test1@test@modules@UModSys@@QAE?AU?$TRefObject@UIBinArchive@libmedia@UModSys@@U?$TRefObjectFunc@UIBinArchive@libmedia@UModSys@@@tl@3@@tl@5@ABU?$TString@U?$TSCoreConst@D@su@tl@UModSys@@U?$TComparerBinaryHash@D@234@@75@@Z 100018ba f   plugin_test1.obj
 0001:00000955       ?media_arch_zip@RTest1_Shell@test1@test@modules@UModSys@@QAE?AU?$TRefObject@UIBinArchive@libmedia@UModSys@@U?$TRefObjectFunc@UIBinArchive@libmedia@UModSys@@@tl@3@@tl@5@PAUILibrary@libmedia@5@PAUIUtilities@95@ABU?$TString@U?$TSCoreConst@D@su@tl@UModSys@@U?$TComparerBinaryHash@D@234@@75@_N@Z 10001955 f   plugin_test1.obj
 0001:00000b3e       ?media_filter_new@RTest1_Shell@test1@test@modules@UModSys@@QAE?AU?$TRefObject@UIBinObjFilter@libmedia@UModSys@@U?$TRefObjectFunc@UIBinObjFilter@libmedia@UModSys@@@tl@3@@tl@5@ABU?$TString@U?$TSCoreConst@D@su@tl@UModSys@@U?$TComparerBinaryHash@D@234@@75@ABUSParameters@core@5@@Z 10001b3e f   plugin_test1.obj
 0001:00000bb2       ?media_utils@RTest1_Shell@test1@test@modules@UModSys@@QAE?AU?$TRefObject@UIUtilities@libmedia@UModSys@@U?$TRefObjectFunc@UIUtilities@libmedia@UModSys@@@tl@3@@tl@5@XZ 10001bb2 f   plugin_test1.obj
 0001:00000c2a       ?media_vfs@RTest1_Shell@test1@test@modules@UModSys@@QAE?AU?$TRefObject@UILibraryBinTree@libmedia@UModSys@@U?$TRefObjectFunc@UILibraryBinTree@libmedia@UModSys@@@tl@3@@tl@5@XZ 10001c2a f   plugin_test1.obj
 0001:00000ca2       ?media_flt@RTest1_Shell@test1@test@modules@UModSys@@QAE?AU?$TRefObject@UILibraryObjFilter@libmedia@UModSys@@U?$TRefObjectFunc@UILibraryObjFilter@libmedia@UModSys@@@tl@3@@tl@5@XZ 10001ca2 f   plugin_test1.obj
 0001:00000d1a       ?media_lay@RTest1_Shell@test1@test@modules@UModSys@@QAE?AU?$TRefObject@UILibraryLayered@libmedia@UModSys@@U?$TRefObjectFunc@UILibraryLayered@libmedia@UModSys@@@tl@3@@tl@5@XZ 10001d1a f   plugin_test1.obj
 0001:00000d92       ?media_cache@RTest1_Shell@test1@test@modules@UModSys@@QAE?AU?$TRefObject@UILibrary@libmedia@UModSys@@U?$TRefObjectFunc@UILibrary@libmedia@UModSys@@@tl@3@@tl@5@_N@Z 10001d92 f   plugin_test1.obj
 0001:00000e6d       ?file_test7@RTest1_Shell@test1@test@modules@UModSys@@QAEXXZ 10001e6d f   plugin_test1.obj
 0001:0000176c       ?key_pressed@RTest1_Shell@test1@test@modules@UModSys@@UAE_NABUSKeyboardInputRaw@libui@5@@Z 1000276c f   plugin_test1.obj
 0001:000017ad       ?key_text@RTest1_Shell@test1@test@modules@UModSys@@UAE_NABUSKeyboardInputText@libui@5@@Z 100027ad f   plugin_test1.obj
 0001:000017e5       ?mouse_event@RTest1_Shell@test1@test@modules@UModSys@@UAE_NABUSMouseInput@libui@5@@Z 100027e5 f   plugin_test1.obj
 0001:00001852       ?command@RTest1_Shell@test1@test@modules@UModSys@@UAE_NABUSController@libui@5@HABUSFrameDataIn@75@@Z 10002852 f   plugin_test1.obj
 0001:0000188d       ?db_get@RTest1_Shell@test1@test@modules@UModSys@@UAE_NABUSController@libui@5@QBDABUSFrameDataOut@75@@Z 1000288d f   plugin_test1.obj
 0001:000018e2       ?db_get@RTest1_Shell@test1@test@modules@UModSys@@UAE_NABUSController@libui@5@QBDHABUSFrameDataOut@75@@Z 100028e2 f   plugin_test1.obj
 0001:00001937       ?get_generated_names@RGenerator@test1@test@modules@UModSys@@UBEHAAUSUniquePtrList@core@5@@Z 10002937 f i plugin_test1.obj
 0001:00001950       ?get_generated_types@RGenerator@test1@test@modules@UModSys@@UBEHAAUSUniquePtrList@core@5@PBUSUniquePointerInfo@75@@Z 10002950 f i plugin_test1.obj
 0001:00001984       ?generate@RGenerator@test1@test@modules@UModSys@@UAE_NAAU?$TRefObject@UIRefObject@core@UModSys@@U?$TRefObjectFunc@UIRefObject@core@UModSys@@@tl@3@@tl@5@PBUSUniquePointerInfo@core@5@ABUSParameters@95@@Z 10002984 f i plugin_test1.obj
 0001:00001a06       ?root_get_interface_info@RGenerator@test1@test@modules@UModSys@@UBEABUSUniquePointerInfo@core@5@XZ 10002a06 f i plugin_test1.obj
 0001:00001a0c       ?root_get_interface_type@RGenerator@test1@test@modules@UModSys@@UBEPBUSUniquePointerInfo@core@5@XZ 10002a0c f i plugin_test1.obj
 0001:00001a12       ?root_get_other_interface@RGenerator@test1@test@modules@UModSys@@UAEPAUIRoot@core@5@PBUSUniquePointerInfo@75@@Z 10002a12 f i plugin_test1.obj
 0001:00001a12       ?root_get_other_interface@RGenerator@test1@test@modules@UModSys@@UBEPBUIRoot@core@5@PBUSUniquePointerInfo@75@@Z 10002a12 f i plugin_test1.obj
 0001:00001a2b       ?root_is_interface_supported@RGenerator@test1@test@modules@UModSys@@UBE_NPBUSUniquePointerInfo@core@5@@Z 10002a2b f i plugin_test1.obj
 0001:00001a4a       ?get_uid@RGenerator@test1@test@modules@UModSys@@UBEPBUSUniquePointerInfo@core@5@XZ 10002a4a f i plugin_test1.obj
 0001:00001a50       ?do_open@RModuleReg@test1@test@modules@UModSys@@UAE_NXZ 10002a50 f i plugin_test1.obj
 0001:00001aae       ?do_close@RModuleReg@test1@test@modules@UModSys@@UAE_NXZ 10002aae f i plugin_test1.obj
 0001:00001afd       ?get_module@RGenerator@test1@test@modules@UModSys@@UBEPAUIModule@base@5@XZ 10002afd f   plugin_test1.obj
 0001:00001b03       ?mod_inc@RGenerator@test1@test@modules@UModSys@@UBE_NXZ 10002b03 f   plugin_test1.obj
 0001:00001b0e       ?mod_dec@RGenerator@test1@test@modules@UModSys@@UBE_NXZ 10002b0e f   plugin_test1.obj
 0001:00001b19       ?s_holder@RGenerator@test1@test@modules@UModSys@@SAAAU?$TTypeStaticHolder@URGenerator@test1@test@modules@UModSys@@@tl@5@XZ 10002b19 f   plugin_test1.obj
 0001:00001b4b       ??0?$TString@U?$TSCoreConst@D@su@tl@UModSys@@U?$TComparerBinaryHash@D@234@@tl@UModSys@@QAE@PBD@Z 10002b4b f i plugin_test1.obj
 0001:00001b70       ??8?$TString@U?$TSCoreConst@D@su@tl@UModSys@@U?$TComparerBinaryHash@D@234@@tl@UModSys@@QBE_NPBD@Z 10002b70 f i plugin_test1.obj
 0001:00001b92       ??4?$TString@U?$TSCoreConst@D@su@tl@UModSys@@U?$TComparerBinaryHash@D@234@@tl@UModSys@@QAEABU012@PBD@Z 10002b92 f i plugin_test1.obj
 0001:00001bae       ??0?$TString@U?$TSCoreShared@USIMemAlloc@core@UModSys@@D@su@tl@UModSys@@U?$TComparerBinaryHash@D@234@@tl@UModSys@@QAE@XZ 10002bae f i plugin_test1.obj
 0001:00001bc4       ??4?$TString@U?$TSCoreShared@USIMemAlloc@core@UModSys@@D@su@tl@UModSys@@U?$TComparerBinaryHash@D@234@@tl@UModSys@@QAEABU012@ABU012@@Z 10002bc4 f i plugin_test1.obj
 0001:00001be6       ??1?$TRefObject@URSerializeReader@serialize_json@media@modules@UModSys@@U?$TRefObjectFunc@URSerializeReader@serialize_json@media@modules@UModSys@@@tl@5@@tl@UModSys@@QAE@XZ 10002be6 f i umodsys_lib_libmedia:umodsys.mod.media.serialize_json.obj
 0001:00001be6       ??1?$TRefObject@URCollector@frames@ui@modules@UModSys@@U?$TRefObjectFunc@URCollector@frames@ui@modules@UModSys@@@tl@5@@tl@UModSys@@QAE@XZ 10002be6 f i umodsys_lib_libui:umodsys.mod.ui.frames.obj
 0001:00001be6       ??1?$TRefObject@URFrame_Common@frames@ui@modules@UModSys@@U?$TRefObjectFunc@URFrame_Common@frames@ui@modules@UModSys@@@tl@5@@tl@UModSys@@QAE@XZ 10002be6 f i umodsys_lib_libui:umodsys.mod.ui.frames.obj
 0001:00001be6       ??1?$TRefObject@URKeyboardController@SDL_core@ui@modules@UModSys@@U?$TRefObjectFunc@URKeyboardController@SDL_core@ui@modules@UModSys@@@tl@5@@tl@UModSys@@QAE@XZ 10002be6 f i umodsys_lib_libui:umodsys.mod.ui.SDL_core.obj
 0001:00001be6       ??1?$TRefObject@URMouseController@SDL_core@ui@modules@UModSys@@U?$TRefObjectFunc@URMouseController@SDL_core@ui@modules@UModSys@@@tl@5@@tl@UModSys@@QAE@XZ 10002be6 f i umodsys_lib_libui:umodsys.mod.ui.SDL_core.obj
 0001:00001be6       ??1?$TRefObject@UIStreamReader@libmedia@UModSys@@U?$TRefObjectFunc@UIStreamReader@libmedia@UModSys@@@tl@3@@tl@UModSys@@QAE@XZ 10002be6 f i plugin_test1.obj
 0001:00001be6       ??1?$TRefObject@UIBinArchiveFrame@libmedia@UModSys@@U?$TRefObjectFunc@UIBinArchiveFrame@libmedia@UModSys@@@tl@3@@tl@UModSys@@QAE@XZ 10002be6 f i plugin_test1.obj
 0001:00001be6       ??1?$TRefObject@UIStreamWriter@libmedia@UModSys@@U?$TRefObjectFunc@UIStreamWriter@libmedia@UModSys@@@tl@3@@tl@UModSys@@QAE@XZ 10002be6 f i plugin_test1.obj
 0001:00001be6       ??1?$TRefObject@UIKeyboardController@libui@UModSys@@U?$TRefObjectFunc@UIKeyboardController@libui@UModSys@@@tl@3@@tl@UModSys@@QAE@XZ 10002be6 f i plugin_test1.obj
 0001:00001be6       ??1?$TRefObject@UIMouseController@libui@UModSys@@U?$TRefObjectFunc@UIMouseController@libui@UModSys@@@tl@3@@tl@UModSys@@QAE@XZ 10002be6 f i plugin_test1.obj
 0001:00001be6       ??1?$TRefObject@UILibraryBinCache@libmedia@UModSys@@U?$TRefObjectFunc@UILibraryBinCache@libmedia@UModSys@@@tl@3@@tl@UModSys@@QAE@XZ 10002be6 f i plugin_test1.obj
 0001:00001be6       ??1?$TRefObject@URTerminal@SDL_core@ui@modules@UModSys@@U?$TRefObjectFunc@URTerminal@SDL_core@ui@modules@UModSys@@@tl@5@@tl@UModSys@@QAE@XZ 10002be6 f i umodsys_lib_libui:umodsys.mod.ui.SDL_core.obj
 0001:00001be6       ??1?$TRefObject@URMultiImage2D_SDL_ttf@SDL_core@ui@modules@UModSys@@U?$TRefObjectFunc@URMultiImage2D_SDL_ttf@SDL_core@ui@modules@UModSys@@@tl@5@@tl@UModSys@@QAE@XZ 10002be6 f i umodsys_lib_libui:umodsys.mod.ui.SDL_core.obj
 0001:00001be6       ??1?$TRefObject@UIBinObjFilter@libmedia@UModSys@@U?$TRefObjectFunc@UIBinObjFilter@libmedia@UModSys@@@tl@3@@tl@UModSys@@QAE@XZ 10002be6 f i plugin_test1.obj
 0001:00001be6       ??1?$TRefObject@UILibraryLayered@libmedia@UModSys@@U?$TRefObjectFunc@UILibraryLayered@libmedia@UModSys@@@tl@3@@tl@UModSys@@QAE@XZ 10002be6 f i plugin_test1.obj
 0001:00001be6       ??1?$TRefObject@UIRefObject@core@UModSys@@U?$TRefObjectFunc@UIRefObject@core@UModSys@@@tl@3@@tl@UModSys@@QAE@XZ 10002be6 f i plugin_test1.obj
 0001:00001be6       ??1?$TRefObject@UILibraryObjCache@libmedia@UModSys@@U?$TRefObjectFunc@UILibraryObjCache@libmedia@UModSys@@@tl@3@@tl@UModSys@@QAE@XZ 10002be6 f i plugin_test1.obj
 0001:00001be6       ??1?$TRefObject@UIMultiImage@lib2d@UModSys@@U?$TRefObjectFunc@UIMultiImage@lib2d@UModSys@@@tl@3@@tl@UModSys@@QAE@XZ 10002be6 f i plugin_test1.obj
 0001:00001be6       ??1?$TRefObject@UIFrame@libui@UModSys@@U?$TRefObjectFunc@UIFrame@libui@UModSys@@@tl@3@@tl@UModSys@@QAE@XZ 10002be6 f i umodsys_lib_libui:umodsys.mod.ui.frames.obj
 0001:00001be6       ??1?$TRefObject@URBinArchiveFrameClient_ZIP@zlib@media@modules@UModSys@@U?$TRefObjectFunc@URBinArchiveFrameClient_ZIP@zlib@media@modules@UModSys@@@tl@5@@tl@UModSys@@QAE@XZ 10002be6 f i umodsys_lib_libmedia:umodsys.mod.media.zlib.obj
 0001:00001be6       ??1?$TRefObject@UIRenderDriver@lib2d@UModSys@@U?$TRefObjectFunc@UIRenderDriver@lib2d@UModSys@@@tl@3@@tl@UModSys@@QAE@XZ 10002be6 f i plugin_test1.obj
 0001:00001be6       ??1?$TRefObject@UILibraryBinTree@libmedia@UModSys@@U?$TRefObjectFunc@UILibraryBinTree@libmedia@UModSys@@@tl@3@@tl@UModSys@@QAE@XZ 10002be6 f i plugin_test1.obj
 0001:00001be6       ??1?$TRefObject@UILibraryObjFilter@libmedia@UModSys@@U?$TRefObjectFunc@UILibraryObjFilter@libmedia@UModSys@@@tl@3@@tl@UModSys@@QAE@XZ 10002be6 f i plugin_test1.obj
 0001:00001be6       ??1?$TRefObject@URSerializeWriter@serialize_json@media@modules@UModSys@@U?$TRefObjectFunc@URSerializeWriter@serialize_json@media@modules@UModSys@@@tl@5@@tl@UModSys@@QAE@XZ 10002be6 f i umodsys_lib_libmedia:umodsys.mod.media.serialize_json.obj
 0001:00001be6       ??1?$TRefObject@URImageFactory_Memory@stdlib@lib2d@modules@UModSys@@U?$TRefObjectFunc@URImageFactory_Memory@stdlib@lib2d@modules@UModSys@@@tl@5@@tl@UModSys@@QAE@XZ 10002be6 f i umodsys_lib_lib2d:umodsys.mod.2d.stdlib.obj
 0001:00001be6       ??1?$TRefObject@UIClient@IBinArchiveFrame@libmedia@UModSys@@U?$TRefObjectFunc@UIClient@IBinArchiveFrame@libmedia@UModSys@@@tl@4@@tl@UModSys@@QAE@XZ 10002be6 f i plugin_test1.obj
 0001:00001be6       ??1?$TRefObject@UITerminal@libui@UModSys@@U?$TRefObjectFunc@UITerminal@libui@UModSys@@@tl@3@@tl@UModSys@@QAE@XZ 10002be6 f i plugin_test1.obj
 0001:00001be6       ??1?$TRefObject@UIImageFactory@lib2d@UModSys@@U?$TRefObjectFunc@UIImageFactory@lib2d@UModSys@@@tl@3@@tl@UModSys@@QAE@XZ 10002be6 f i plugin_test1.obj
 0001:00001be6       ??1?$TRefObject@URMediaFilter@images_std@media@modules@UModSys@@U?$TRefObjectFunc@URMediaFilter@images_std@media@modules@UModSys@@@tl@5@@tl@UModSys@@QAE@XZ 10002be6 f i umodsys_lib_libmedia:umodsys.mod.media.images_std.obj
 0001:00001be6       ??1?$TRefObject@UIImage@lib2d@UModSys@@U?$TRefObjectFunc@UIImage@lib2d@UModSys@@@tl@3@@tl@UModSys@@QAE@XZ 10002be6 f i plugin_test1.obj
 0001:00001be6       ??1?$TRefObject@URImage_Memory@stdlib@lib2d@modules@UModSys@@U?$TRefObjectFunc@URImage_Memory@stdlib@lib2d@modules@UModSys@@@tl@5@@tl@UModSys@@QAE@XZ 10002be6 f i umodsys_lib_lib2d:umodsys.mod.2d.stdlib.obj
 0001:00001be6       ??1?$TRefObject@UIUtilities@libmedia@UModSys@@U?$TRefObjectFunc@UIUtilities@libmedia@UModSys@@@tl@3@@tl@UModSys@@QAE@XZ 10002be6 f i plugin_test1.obj
 0001:00001be6       ??1?$TRefObject@UILibrary@libmedia@UModSys@@U?$TRefObjectFunc@UILibrary@libmedia@UModSys@@@tl@3@@tl@UModSys@@QAE@XZ 10002be6 f i plugin_test1.obj
 0001:00001be6       ??1?$TRefObject@UIBinArchive@libmedia@UModSys@@U?$TRefObjectFunc@UIBinArchive@libmedia@UModSys@@@tl@3@@tl@UModSys@@QAE@XZ 10002be6 f i plugin_test1.obj
 0001:00001be6       ??1?$TRefObject@URDialog@frames@ui@modules@UModSys@@U?$TRefObjectFunc@URDialog@frames@ui@modules@UModSys@@@tl@5@@tl@UModSys@@QAE@XZ 10002be6 f i umodsys_lib_libui:umodsys.mod.ui.frames.obj
 0001:00001be6       ??1?$TRefObject@URMultiImage@stdlib@lib2d@modules@UModSys@@U?$TRefObjectFunc@URMultiImage@stdlib@lib2d@modules@UModSys@@@tl@5@@tl@UModSys@@QAE@XZ 10002be6 f i umodsys_lib_lib2d:umodsys.mod.2d.stdlib.obj
 0001:00001be6       ??1?$TRefObject@URRenderDriver2D@SDL_core@ui@modules@UModSys@@U?$TRefObjectFunc@URRenderDriver2D@SDL_core@ui@modules@UModSys@@@tl@5@@tl@UModSys@@QAE@XZ 10002be6 f i umodsys_lib_libui:umodsys.mod.ui.SDL_core.obj
 0001:00001bf5       ??4?$TRefObject@UIRefObject@core@UModSys@@U?$TRefObjectFunc@UIRefObject@core@UModSys@@@tl@3@@tl@UModSys@@QAEABU012@PAUIRefObject@core@2@@Z 10002bf5 f i plugin_test1.obj
 0001:00001bf5       ??4?$TRefObject@URFrame_Common@frames@ui@modules@UModSys@@U?$TRefObjectFunc@URFrame_Common@frames@ui@modules@UModSys@@@tl@5@@tl@UModSys@@QAEABU012@PAURFrame_Common@frames@ui@modules@2@@Z 10002bf5 f i umodsys_lib_libui:umodsys.mod.ui.frames.obj
 0001:00001bf5       ??4?$TRefObject@UIImage@lib2d@UModSys@@U?$TRefObjectFunc@UIImage@lib2d@UModSys@@@tl@3@@tl@UModSys@@QAEABU012@PAUIImage@lib2d@2@@Z 10002bf5 f i plugin_test1.obj
 0001:00001c10       ??0?$TParametersA@$0EAA@@core@UModSys@@QAE@XZ 10002c10 f i plugin_test1.obj
 0001:00001c32       ??1?$TDynarrayDynamic@USFileInfo@libmedia@UModSys@@U?$TAllocator@USIMemAlloc@core@UModSys@@USCountCalcPower2@23@@tl@3@@tl@UModSys@@QAE@XZ 10002c32 f i plugin_test1.obj
 0001:00001c37       ??1?$TRStackSocket@USFileInfo@libmedia@UModSys@@U?$TDynarrayDynamic@USFileInfo@libmedia@UModSys@@U?$TAllocator@USIMemAlloc@core@UModSys@@USCountCalcPower2@23@@tl@3@@tl@3@@tl@UModSys@@QAE@XZ 10002c37 f i plugin_test1.obj
 0001:00001c3e       ?isempty@?$TRStackSocket@USFileInfo@libmedia@UModSys@@U?$TDynarrayDynamic@USFileInfo@libmedia@UModSys@@U?$TAllocator@USIMemAlloc@core@UModSys@@USCountCalcPower2@23@@tl@3@@tl@3@@tl@UModSys@@UBE_NXZ 10002c3e f i plugin_test1.obj
 0001:00001c4c       ?push@?$TRStackSocket@USFileInfo@libmedia@UModSys@@U?$TDynarrayDynamic@USFileInfo@libmedia@UModSys@@U?$TAllocator@USIMemAlloc@core@UModSys@@USCountCalcPower2@23@@tl@3@@tl@3@@tl@UModSys@@UAE_NABUSFileInfo@libmedia@3@@Z 10002c4c f i plugin_test1.obj
 0001:00001c7a       ?pop@?$TRStackSocket@USFileInfo@libmedia@UModSys@@U?$TDynarrayDynamic@USFileInfo@libmedia@UModSys@@U?$TAllocator@USIMemAlloc@core@UModSys@@USCountCalcPower2@23@@tl@3@@tl@3@@tl@UModSys@@UAE_NAAUSFileInfo@libmedia@3@@Z 10002c7a f i plugin_test1.obj
 0001:00001cb7       ?update@?$TComparerBinaryHash@D@su@tl@UModSys@@QAEXPBDI@Z 10002cb7 f i plugin_test1.obj
 0001:00001cee       ??1?$TDynarray@U?$TDynarrayHolderDynamic@USFileInfo@libmedia@UModSys@@U?$TAllocator@USIMemAlloc@core@UModSys@@USCountCalcPower2@23@@tl@3@@tl@UModSys@@@tl@UModSys@@QAE@XZ 10002cee f i plugin_test1.obj
 0001:00001d37       ?info_release@?$TSCoreShared@USIMemAlloc@core@UModSys@@D@su@tl@UModSys@@QAEXXZ 10002d37 f i plugin_test1.obj
 0001:00001d70       ?info_new@?$TSCoreShared@USIMemAlloc@core@UModSys@@D@su@tl@UModSys@@QAE_NPBDI@Z 10002d70 f i plugin_test1.obj
 0001:00001dd4       ?get_null@?$TSCoreShared@USIMemAlloc@core@UModSys@@D@su@tl@UModSys@@SAPAU?$TSharedStringInfo@DUSIMemAlloc@core@UModSys@@@234@XZ 10002dd4 f i plugin_test1.obj
 0001:00001e0c       ??$generate_type@UIImageFactory@lib2d@UModSys@@@RTest1_Shell@test1@test@modules@UModSys@@QAE?AU?$TRefObject@UIImageFactory@lib2d@UModSys@@U?$TRefObjectFunc@UIImageFactory@lib2d@UModSys@@@tl@3@@tl@4@ABU?$TString@U?$TSCoreConst@D@su@tl@UModSys@@U?$TComparerBinaryHash@D@234@@64@ABUSParameters@core@4@PBD@Z 10002e0c f i plugin_test1.obj
 0001:00001f18       ??$generate_type@UIMultiImage@lib2d@UModSys@@@RTest1_Shell@test1@test@modules@UModSys@@QAE?AU?$TRefObject@UIMultiImage@lib2d@UModSys@@U?$TRefObjectFunc@UIMultiImage@lib2d@UModSys@@@tl@3@@tl@4@ABU?$TString@U?$TSCoreConst@D@su@tl@UModSys@@U?$TComparerBinaryHash@D@234@@64@ABUSParameters@core@4@PBD@Z 10002f18 f i plugin_test1.obj
 0001:00002024       ??$generate_type@UIBinArchive@libmedia@UModSys@@@RTest1_Shell@test1@test@modules@UModSys@@QAE?AU?$TRefObject@UIBinArchive@libmedia@UModSys@@U?$TRefObjectFunc@UIBinArchive@libmedia@UModSys@@@tl@3@@tl@4@ABU?$TString@U?$TSCoreConst@D@su@tl@UModSys@@U?$TComparerBinaryHash@D@234@@64@ABUSParameters@core@4@PBD@Z 10003024 f i plugin_test1.obj
 0001:0000212c       ??$generate_type@UIClient@IBinArchiveFrame@libmedia@UModSys@@@RTest1_Shell@test1@test@modules@UModSys@@QAE?AU?$TRefObject@UIClient@IBinArchiveFrame@libmedia@UModSys@@U?$TRefObjectFunc@UIClient@IBinArchiveFrame@libmedia@UModSys@@@tl@4@@tl@4@ABU?$TString@U?$TSCoreConst@D@su@tl@UModSys@@U?$TComparerBinaryHash@D@234@@64@ABUSParameters@core@4@PBD@Z 1000312c f i plugin_test1.obj
 0001:00002238       ??$generate_type@UIBinArchiveFrame@libmedia@UModSys@@@RTest1_Shell@test1@test@modules@UModSys@@QAE?AU?$TRefObject@UIBinArchiveFrame@libmedia@UModSys@@U?$TRefObjectFunc@UIBinArchiveFrame@libmedia@UModSys@@@tl@3@@tl@4@ABU?$TString@U?$TSCoreConst@D@su@tl@UModSys@@U?$TComparerBinaryHash@D@234@@64@ABUSParameters@core@4@PBD@Z 10003238 f i plugin_test1.obj
 0001:00002340       ??$generate_type@UIBinObjFilter@libmedia@UModSys@@@RTest1_Shell@test1@test@modules@UModSys@@QAE?AU?$TRefObject@UIBinObjFilter@libmedia@UModSys@@U?$TRefObjectFunc@UIBinObjFilter@libmedia@UModSys@@@tl@3@@tl@4@ABU?$TString@U?$TSCoreConst@D@su@tl@UModSys@@U?$TComparerBinaryHash@D@234@@64@ABUSParameters@core@4@PBD@Z 10003340 f i plugin_test1.obj
 0001:0000244c       ??$generate_type@UIUtilities@libmedia@UModSys@@@RTest1_Shell@test1@test@modules@UModSys@@QAE?AU?$TRefObject@UIUtilities@libmedia@UModSys@@U?$TRefObjectFunc@UIUtilities@libmedia@UModSys@@@tl@3@@tl@4@ABU?$TString@U?$TSCoreConst@D@su@tl@UModSys@@U?$TComparerBinaryHash@D@234@@64@ABUSParameters@core@4@PBD@Z 1000344c f i plugin_test1.obj
 0001:00002558       ??$generate_type@UILibraryBinTree@libmedia@UModSys@@@RTest1_Shell@test1@test@modules@UModSys@@QAE?AU?$TRefObject@UILibraryBinTree@libmedia@UModSys@@U?$TRefObjectFunc@UILibraryBinTree@libmedia@UModSys@@@tl@3@@tl@4@ABU?$TString@U?$TSCoreConst@D@su@tl@UModSys@@U?$TComparerBinaryHash@D@234@@64@ABUSParameters@core@4@PBD@Z 10003558 f i plugin_test1.obj
 0001:00002664       ??$generate_type@UILibraryObjFilter@libmedia@UModSys@@@RTest1_Shell@test1@test@modules@UModSys@@QAE?AU?$TRefObject@UILibraryObjFilter@libmedia@UModSys@@U?$TRefObjectFunc@UILibraryObjFilter@libmedia@UModSys@@@tl@3@@tl@4@ABU?$TString@U?$TSCoreConst@D@su@tl@UModSys@@U?$TComparerBinaryHash@D@234@@64@ABUSParameters@core@4@PBD@Z 10003664 f i plugin_test1.obj
 0001:00002770       ??$generate_type@UILibraryLayered@libmedia@UModSys@@@RTest1_Shell@test1@test@modules@UModSys@@QAE?AU?$TRefObject@UILibraryLayered@libmedia@UModSys@@U?$TRefObjectFunc@UILibraryLayered@libmedia@UModSys@@@tl@3@@tl@4@ABU?$TString@U?$TSCoreConst@D@su@tl@UModSys@@U?$TComparerBinaryHash@D@234@@64@ABUSParameters@core@4@PBD@Z 10003770 f i plugin_test1.obj
 0001:0000287c       ??$generate_type@UILibraryObjCache@libmedia@UModSys@@@RTest1_Shell@test1@test@modules@UModSys@@QAE?AU?$TRefObject@UILibraryObjCache@libmedia@UModSys@@U?$TRefObjectFunc@UILibraryObjCache@libmedia@UModSys@@@tl@3@@tl@4@ABU?$TString@U?$TSCoreConst@D@su@tl@UModSys@@U?$TComparerBinaryHash@D@234@@64@ABUSParameters@core@4@PBD@Z 1000387c f i plugin_test1.obj
 0001:00002988       ??$generate_type@UILibraryBinCache@libmedia@UModSys@@@RTest1_Shell@test1@test@modules@UModSys@@QAE?AU?$TRefObject@UILibraryBinCache@libmedia@UModSys@@U?$TRefObjectFunc@UILibraryBinCache@libmedia@UModSys@@@tl@3@@tl@4@ABU?$TString@U?$TSCoreConst@D@su@tl@UModSys@@U?$TComparerBinaryHash@D@234@@64@ABUSParameters@core@4@PBD@Z 10003988 f i plugin_test1.obj
 0001:00002a94       ?ResizeRel@?$TDynarray@U?$TDynarrayHolderDynamic@USFileInfo@libmedia@UModSys@@U?$TAllocator@USIMemAlloc@core@UModSys@@USCountCalcPower2@23@@tl@3@@tl@UModSys@@@tl@UModSys@@QAE_NH@Z 10003a94 f i plugin_test1.obj
 0001:00002ad2       ??$t_generate@UIMultiImage@lib2d@UModSys@@@SModuleContext@base@UModSys@@QAE_NAAU?$TRefObject@UIMultiImage@lib2d@UModSys@@U?$TRefObjectFunc@UIMultiImage@lib2d@UModSys@@@tl@3@@tl@2@PBUSUniquePointerInfo@core@2@ABUSParameters@62@@Z 10003ad2 f i plugin_test1.obj
 0001:00002b43       ?ReLink@?$TDynarray@U?$TDynarrayHolderDynamic@USFileInfo@libmedia@UModSys@@U?$TAllocator@USIMemAlloc@core@UModSys@@USCountCalcPower2@23@@tl@3@@tl@UModSys@@@tl@UModSys@@IAE_NI@Z 10003b43 f i plugin_test1.obj
 0001:00002b85       ?items_construct@?$TDynarray@U?$TDynarrayHolderDynamic@USFileInfo@libmedia@UModSys@@U?$TAllocator@USIMemAlloc@core@UModSys@@USCountCalcPower2@23@@tl@3@@tl@UModSys@@@tl@UModSys@@IAEXII@Z 10003b85 f i plugin_test1.obj
 0001:00002bdf       ?items_construct@?$TDynarray@U?$TDynarrayHolderDynamic@USFileInfo@libmedia@UModSys@@U?$TAllocator@USIMemAlloc@core@UModSys@@USCountCalcPower2@23@@tl@3@@tl@UModSys@@@tl@UModSys@@IAEXIIABUSFileInfo@libmedia@3@@Z 10003bdf f i plugin_test1.obj
 0001:00002c2d       ?items_destruct@?$TDynarray@U?$TDynarrayHolderDynamic@USFileInfo@libmedia@UModSys@@U?$TAllocator@USIMemAlloc@core@UModSys@@USCountCalcPower2@23@@tl@3@@tl@UModSys@@@tl@UModSys@@IAEXII@Z 10003c2d f i plugin_test1.obj
 0001:00002c73       ??1?$TRefObject@UIModObject@base@UModSys@@U?$TModObjectFunc@UIModObject@base@UModSys@@@tl@3@@tl@UModSys@@QAE@XZ 10003c73 f i plugin_test1.obj
 0001:00002c89       ?s_init@?$TModObjectFunc@UIModObject@base@UModSys@@@tl@UModSys@@SAXAAPAUIModObject@base@3@PAU453@@Z 10003c89 f i plugin_test1.obj
 0001:00002ca2       ??$t_ref_get_other_interface@UIStreamReader@libmedia@UModSys@@U?$TRefObjectFunc@UIStreamReader@libmedia@UModSys@@@tl@3@@IRefObject@core@UModSys@@QAE_NAAU?$TRefObject@UIStreamReader@libmedia@UModSys@@U?$TRefObjectFunc@UIStreamReader@libmedia@UModSys@@@tl@3@@tl@2@@Z 10003ca2 f i plugin_test1.obj
 0001:00002cd1       ??$t_ref_get_other_interface@UIStreamWriter@libmedia@UModSys@@U?$TRefObjectFunc@UIStreamWriter@libmedia@UModSys@@@tl@3@@IRefObject@core@UModSys@@QAE_NAAU?$TRefObject@UIStreamWriter@libmedia@UModSys@@U?$TRefObjectFunc@UIStreamWriter@libmedia@UModSys@@@tl@3@@tl@2@@Z 10003cd1 f i plugin_test1.obj
 0001:00002d00       ??$t_ref_get_other_interface@UIMultiImage@lib2d@UModSys@@U?$TRefObjectFunc@UIMultiImage@lib2d@UModSys@@@tl@3@@IRefObject@core@UModSys@@QAE_NAAU?$TRefObject@UIMultiImage@lib2d@UModSys@@U?$TRefObjectFunc@UIMultiImage@lib2d@UModSys@@@tl@3@@tl@2@@Z 10003d00 f i plugin_test1.obj
 0001:00002d2f       ??$t_ref_get_other_interface@UIRenderDriver@lib2d@UModSys@@U?$TRefObjectFunc@UIRenderDriver@lib2d@UModSys@@@tl@3@@IRefObject@core@UModSys@@QAE_NAAU?$TRefObject@UIRenderDriver@lib2d@UModSys@@U?$TRefObjectFunc@UIRenderDriver@lib2d@UModSys@@@tl@3@@tl@2@@Z 10003d2f f i plugin_test1.obj
 0001:00002d5e       ??$t_generate@UIImageFactory@lib2d@UModSys@@@SModuleContext@base@UModSys@@QAE_NAAU?$TRefObject@UIImageFactory@lib2d@UModSys@@U?$TRefObjectFunc@UIImageFactory@lib2d@UModSys@@@tl@3@@tl@2@PBUSUniquePointerInfo@core@2@ABUSParameters@62@@Z 10003d5e f i plugin_test1.obj
 0001:00002dcf       ??$t_generate@UIBinArchive@libmedia@UModSys@@@SModuleContext@base@UModSys@@QAE_NAAU?$TRefObject@UIBinArchive@libmedia@UModSys@@U?$TRefObjectFunc@UIBinArchive@libmedia@UModSys@@@tl@3@@tl@2@PBUSUniquePointerInfo@core@2@ABUSParameters@62@@Z 10003dcf f i plugin_test1.obj
 0001:00002e6b       ??$t_generate@UIClient@IBinArchiveFrame@libmedia@UModSys@@@SModuleContext@base@UModSys@@QAE_NAAU?$TRefObject@UIClient@IBinArchiveFrame@libmedia@UModSys@@U?$TRefObjectFunc@UIClient@IBinArchiveFrame@libmedia@UModSys@@@tl@4@@tl@2@PBUSUniquePointerInfo@core@2@ABUSParameters@62@@Z 10003e6b f i plugin_test1.obj
 0001:00002f07       ??$t_generate@UIBinArchiveFrame@libmedia@UModSys@@@SModuleContext@base@UModSys@@QAE_NAAU?$TRefObject@UIBinArchiveFrame@libmedia@UModSys@@U?$TRefObjectFunc@UIBinArchiveFrame@libmedia@UModSys@@@tl@3@@tl@2@PBUSUniquePointerInfo@core@2@ABUSParameters@62@@Z 10003f07 f i plugin_test1.obj
 0001:00002fa3       ??$t_generate@UIBinObjFilter@libmedia@UModSys@@@SModuleContext@base@UModSys@@QAE_NAAU?$TRefObject@UIBinObjFilter@libmedia@UModSys@@U?$TRefObjectFunc@UIBinObjFilter@libmedia@UModSys@@@tl@3@@tl@2@PBUSUniquePointerInfo@core@2@ABUSParameters@62@@Z 10003fa3 f i plugin_test1.obj
 0001:0000303f       ??$t_generate@UIUtilities@libmedia@UModSys@@@SModuleContext@base@UModSys@@QAE_NAAU?$TRefObject@UIUtilities@libmedia@UModSys@@U?$TRefObjectFunc@UIUtilities@libmedia@UModSys@@@tl@3@@tl@2@PBUSUniquePointerInfo@core@2@ABUSParameters@62@@Z 1000403f f i plugin_test1.obj
 0001:000030db       ??$t_generate@UILibraryBinTree@libmedia@UModSys@@@SModuleContext@base@UModSys@@QAE_NAAU?$TRefObject@UILibraryBinTree@libmedia@UModSys@@U?$TRefObjectFunc@UILibraryBinTree@libmedia@UModSys@@@tl@3@@tl@2@PBUSUniquePointerInfo@core@2@ABUSParameters@62@@Z 100040db f i plugin_test1.obj
 0001:00003177       ??$t_generate@UILibraryObjFilter@libmedia@UModSys@@@SModuleContext@base@UModSys@@QAE_NAAU?$TRefObject@UILibraryObjFilter@libmedia@UModSys@@U?$TRefObjectFunc@UILibraryObjFilter@libmedia@UModSys@@@tl@3@@tl@2@PBUSUniquePointerInfo@core@2@ABUSParameters@62@@Z 10004177 f i plugin_test1.obj
 0001:00003213       ??$t_generate@UILibraryLayered@libmedia@UModSys@@@SModuleContext@base@UModSys@@QAE_NAAU?$TRefObject@UILibraryLayered@libmedia@UModSys@@U?$TRefObjectFunc@UILibraryLayered@libmedia@UModSys@@@tl@3@@tl@2@PBUSUniquePointerInfo@core@2@ABUSParameters@62@@Z 10004213 f i plugin_test1.obj
 0001:000032af       ??$t_generate@UILibraryObjCache@libmedia@UModSys@@@SModuleContext@base@UModSys@@QAE_NAAU?$TRefObject@UILibraryObjCache@libmedia@UModSys@@U?$TRefObjectFunc@UILibraryObjCache@libmedia@UModSys@@@tl@3@@tl@2@PBUSUniquePointerInfo@core@2@ABUSParameters@62@@Z 100042af f i plugin_test1.obj
 0001:0000334b       ??$t_generate@UILibraryBinCache@libmedia@UModSys@@@SModuleContext@base@UModSys@@QAE_NAAU?$TRefObject@UILibraryBinCache@libmedia@UModSys@@U?$TRefObjectFunc@UILibraryBinCache@libmedia@UModSys@@@tl@3@@tl@2@PBUSUniquePointerInfo@core@2@ABUSParameters@62@@Z 1000434b f i plugin_test1.obj
 0001:000033e7       ??$t_ref_get_other_interface@UIImageFactory@lib2d@UModSys@@U?$TRefObjectFunc@UIImageFactory@lib2d@UModSys@@@tl@3@@IRefObject@core@UModSys@@QAE_NAAU?$TRefObject@UIImageFactory@lib2d@UModSys@@U?$TRefObjectFunc@UIImageFactory@lib2d@UModSys@@@tl@3@@tl@2@@Z 100043e7 f i plugin_test1.obj
 0001:00003416       ?ConvertSameSize@stdlib@lib2d@modules@UModSys@@YA_NW4eImageType@24@ABU?$TVector2@H@math3d@4@11ABUSMem@core@4@11ABUSCMem@94@@Z 10004416 f i umodsys_lib_lib2d:umodsys.mod.2d.stdlib.obj
 0001:00003499       ?ConvertSame@stdlib@lib2d@modules@UModSys@@YA_NW4eImageType@24@ABU?$TBoundBox2@H@math3d@4@ABU?$TVector2@H@74@ABUSMem@core@4@12ABUSCMem@core@4@@Z 10004499 f i umodsys_lib_lib2d:umodsys.mod.2d.stdlib.obj
 0001:000034fc       ?Convert@stdlib@lib2d@modules@UModSys@@YA_NABU?$TBoundBox2@H@math3d@4@ABUSImageInfo@24@ABUSMem@core@4@01ABUSCMem@94@@Z 100044fc f i umodsys_lib_lib2d:umodsys.mod.2d.stdlib.obj
 0001:0000355e       ?root_get_interface_info@RImage_Memory@stdlib@lib2d@modules@UModSys@@UBEABUSUniquePointerInfo@core@5@XZ 1000455e f i umodsys_lib_lib2d:umodsys.mod.2d.stdlib.obj
 0001:00003564       ?root_get_interface_type@RImage_Memory@stdlib@lib2d@modules@UModSys@@UBEPBUSUniquePointerInfo@core@5@XZ 10004564 f i umodsys_lib_lib2d:umodsys.mod.2d.stdlib.obj
 0001:0000356a       ?root_get_other_interface@RImage_Memory@stdlib@lib2d@modules@UModSys@@UBEPBUIRoot@core@5@PBUSUniquePointerInfo@75@@Z 1000456a f i umodsys_lib_lib2d:umodsys.mod.2d.stdlib.obj
 0001:0000356a       ?root_get_other_interface@RImage_Memory@stdlib@lib2d@modules@UModSys@@UAEPAUIRoot@core@5@PBUSUniquePointerInfo@75@@Z 1000456a f i umodsys_lib_lib2d:umodsys.mod.2d.stdlib.obj
 0001:0000358b       ?root_is_interface_supported@RImage_Memory@stdlib@lib2d@modules@UModSys@@UBE_NPBUSUniquePointerInfo@core@5@@Z 1000458b f i umodsys_lib_lib2d:umodsys.mod.2d.stdlib.obj
 0001:000035b2       ??0State@RImage_Memory@stdlib@lib2d@modules@UModSys@@QAE@XZ 100045b2 f i umodsys_lib_lib2d:umodsys.mod.2d.stdlib.obj
 0001:000035e4       ?root_get_interface_info@RImageFactory_Memory@stdlib@lib2d@modules@UModSys@@UBEABUSUniquePointerInfo@core@5@XZ 100045e4 f i umodsys_lib_lib2d:umodsys.mod.2d.stdlib.obj
 0001:000035ea       ?root_get_interface_type@RImageFactory_Memory@stdlib@lib2d@modules@UModSys@@UBEPBUSUniquePointerInfo@core@5@XZ 100045ea f i umodsys_lib_lib2d:umodsys.mod.2d.stdlib.obj
 0001:000035f0       ?root_get_other_interface@RImageFactory_Memory@stdlib@lib2d@modules@UModSys@@UBEPBUIRoot@core@5@PBUSUniquePointerInfo@75@@Z 100045f0 f i umodsys_lib_lib2d:umodsys.mod.2d.stdlib.obj
 0001:000035f0       ?root_get_other_interface@RImageFactory_Memory@stdlib@lib2d@modules@UModSys@@UAEPAUIRoot@core@5@PBUSUniquePointerInfo@75@@Z 100045f0 f i umodsys_lib_lib2d:umodsys.mod.2d.stdlib.obj
 0001:00003611       ?root_is_interface_supported@RImageFactory_Memory@stdlib@lib2d@modules@UModSys@@UBE_NPBUSUniquePointerInfo@core@5@@Z 10004611 f i umodsys_lib_lib2d:umodsys.mod.2d.stdlib.obj
 0001:00003638       ?suicide@RTerminal@SDL_core@ui@modules@UModSys@@UAEXXZ 10004638 f i umodsys_lib_libui:umodsys.mod.ui.SDL_core.obj
 0001:00003638       ?suicide@RBinArchiveFrameClient_ZIP@zlib@media@modules@UModSys@@UAEXXZ 10004638 f i umodsys_lib_libmedia:umodsys.mod.media.zlib.obj
 0001:00003638       ?suicide@RImage_Memory@stdlib@lib2d@modules@UModSys@@UAEXXZ 10004638 f i umodsys_lib_lib2d:umodsys.mod.2d.stdlib.obj
 0001:00003638       ?suicide@RImageFactory_Memory@stdlib@lib2d@modules@UModSys@@UAEXXZ 10004638 f i umodsys_lib_lib2d:umodsys.mod.2d.stdlib.obj
 0001:00003638       ?suicide@RSerializeReader@serialize_json@media@modules@UModSys@@UAEXXZ 10004638 f i umodsys_lib_libmedia:umodsys.mod.media.serialize_json.obj
 0001:00003638       ?suicide@RMultiImage@stdlib@lib2d@modules@UModSys@@UAEXXZ 10004638 f i umodsys_lib_lib2d:umodsys.mod.2d.stdlib.obj
 0001:00003675       ?root_get_interface_info@RMultiImage@stdlib@lib2d@modules@UModSys@@UBEABUSUniquePointerInfo@core@5@XZ 10004675 f i umodsys_lib_lib2d:umodsys.mod.2d.stdlib.obj
 0001:0000367b       ?root_get_interface_type@RMultiImage@stdlib@lib2d@modules@UModSys@@UBEPBUSUniquePointerInfo@core@5@XZ 1000467b f i umodsys_lib_lib2d:umodsys.mod.2d.stdlib.obj
 0001:00003681       ?root_get_other_interface@RMultiImage@stdlib@lib2d@modules@UModSys@@UBEPBUIRoot@core@5@PBUSUniquePointerInfo@75@@Z 10004681 f i umodsys_lib_lib2d:umodsys.mod.2d.stdlib.obj
 0001:00003681       ?root_get_other_interface@RMultiImage@stdlib@lib2d@modules@UModSys@@UAEPAUIRoot@core@5@PBUSUniquePointerInfo@75@@Z 10004681 f i umodsys_lib_lib2d:umodsys.mod.2d.stdlib.obj
 0001:000036a2       ?root_is_interface_supported@RMultiImage@stdlib@lib2d@modules@UModSys@@UBE_NPBUSUniquePointerInfo@core@5@@Z 100046a2 f i umodsys_lib_lib2d:umodsys.mod.2d.stdlib.obj
 0001:000036c9       ?get_generated_names@RGenerator@stdlib@lib2d@modules@UModSys@@UBEHAAUSUniquePtrList@core@5@@Z 100046c9 f i umodsys_lib_lib2d:umodsys.mod.2d.stdlib.obj
 0001:000036f8       ?get_generated_types@RGenerator@stdlib@lib2d@modules@UModSys@@UBEHAAUSUniquePtrList@core@5@PBUSUniquePointerInfo@75@@Z 100046f8 f i umodsys_lib_lib2d:umodsys.mod.2d.stdlib.obj
 0001:00003762       ?generate@RGenerator@stdlib@lib2d@modules@UModSys@@UAE_NAAU?$TRefObject@UIRefObject@core@UModSys@@U?$TRefObjectFunc@UIRefObject@core@UModSys@@@tl@3@@tl@5@PBUSUniquePointerInfo@core@5@ABUSParameters@95@@Z 10004762 f i umodsys_lib_lib2d:umodsys.mod.2d.stdlib.obj
 0001:000037cd       ?root_get_interface_info@RGenerator@stdlib@lib2d@modules@UModSys@@UBEABUSUniquePointerInfo@core@5@XZ 100047cd f i umodsys_lib_lib2d:umodsys.mod.2d.stdlib.obj
 0001:000037d3       ?root_get_interface_type@RGenerator@stdlib@lib2d@modules@UModSys@@UBEPBUSUniquePointerInfo@core@5@XZ 100047d3 f i umodsys_lib_lib2d:umodsys.mod.2d.stdlib.obj
 0001:000037d9       ?root_get_other_interface@RGenerator@stdlib@lib2d@modules@UModSys@@UAEPAUIRoot@core@5@PBUSUniquePointerInfo@75@@Z 100047d9 f i umodsys_lib_lib2d:umodsys.mod.2d.stdlib.obj
 0001:000037d9       ?root_get_other_interface@RGenerator@stdlib@lib2d@modules@UModSys@@UBEPBUIRoot@core@5@PBUSUniquePointerInfo@75@@Z 100047d9 f i umodsys_lib_lib2d:umodsys.mod.2d.stdlib.obj
 0001:000037f2       ?root_is_interface_supported@RGenerator@stdlib@lib2d@modules@UModSys@@UBE_NPBUSUniquePointerInfo@core@5@@Z 100047f2 f i umodsys_lib_lib2d:umodsys.mod.2d.stdlib.obj
 0001:00003811       ?get_uid@RGenerator@stdlib@lib2d@modules@UModSys@@UBEPBUSUniquePointerInfo@core@5@XZ 10004811 f i umodsys_lib_lib2d:umodsys.mod.2d.stdlib.obj
 0001:00003817       ?set_info@RImage_Memory@stdlib@lib2d@modules@UModSys@@UAE_NABUSImagePatchInfo@35@PBD@Z 10004817 f   umodsys_lib_lib2d:umodsys.mod.2d.stdlib.obj
 0001:0000397f       ??1SCMemShared@core@UModSys@@QAE@XZ 1000497f f i plugin_test1.obj
 0001:0000397f       ??1SMemShared@core@UModSys@@QAE@XZ 1000497f f i plugin_test1.obj
 0001:0000397f       ??1State@RImage_Memory@stdlib@lib2d@modules@UModSys@@QAE@XZ 1000497f f i umodsys_lib_lib2d:umodsys.mod.2d.stdlib.obj
 0001:00003989       ??4State@RImage_Memory@stdlib@lib2d@modules@UModSys@@QAEAAU012345@ABU012345@@Z 10004989 f i umodsys_lib_lib2d:umodsys.mod.2d.stdlib.obj
 0001:000039d9       ?set_data@RImage_Memory@stdlib@lib2d@modules@UModSys@@UAE_NABUSImagePatchInfo@35@ABUSCMem@core@5@H@Z 100049d9 f   umodsys_lib_lib2d:umodsys.mod.2d.stdlib.obj
 0001:00003a43       ?get_info@RImage_Memory@stdlib@lib2d@modules@UModSys@@UBEABUSImageInfo@35@XZ 10004a43 f   umodsys_lib_lib2d:umodsys.mod.2d.stdlib.obj
 0001:00003a47       ?get_data@RImage_Memory@stdlib@lib2d@modules@UModSys@@UBE_NABUSImagePatchInfo@35@ABUSMem@core@5@H@Z 10004a47 f   umodsys_lib_lib2d:umodsys.mod.2d.stdlib.obj
 0001:00003acd       ?get_hwinfo@RImage_Memory@stdlib@lib2d@modules@UModSys@@UAEPAXPBUSUniquePointerInfo@core@5@@Z 10004acd f   umodsys_lib_lib2d:umodsys.mod.2d.stdlib.obj
 0001:00003acd       ?get_layer@RMultiImage2D_SDL_ttf@SDL_core@ui@modules@UModSys@@UBEPAUIImage@lib2d@5@G@Z 10004acd f   umodsys_lib_libui:umodsys.mod.ui.SDL_core.obj
 0001:00003acd       ?get_hwcinfo@RImage_Memory@stdlib@lib2d@modules@UModSys@@UBEPBXPBUSUniquePointerInfo@core@5@@Z 10004acd f   umodsys_lib_lib2d:umodsys.mod.2d.stdlib.obj
 0001:00003acd       ?get_controller@RRenderDriver2D@SDL_core@ui@modules@UModSys@@UBEPAUIRefObject@core@5@PBUSUniquePointerInfo@75@@Z 10004acd f   umodsys_lib_libui:umodsys.mod.ui.SDL_core.obj
 0001:00003ad2       ??0RImage_Memory@stdlib@lib2d@modules@UModSys@@QAE@PAUIModObject@base@4@ABUSParameters@core@4@@Z 10004ad2 f   umodsys_lib_lib2d:umodsys.mod.2d.stdlib.obj
 0001:00003b1e       ??_ERImage_Memory@stdlib@lib2d@modules@UModSys@@UAEPAXI@Z 10004b1e f i  CIL library: CIL module
 0001:00003b1e       ??_GRImage_Memory@stdlib@lib2d@modules@UModSys@@UAEPAXI@Z 10004b1e f i umodsys_lib_lib2d:umodsys.mod.2d.stdlib.obj
 0001:00003b6b       ?image_new@RImageFactory_Memory@stdlib@lib2d@modules@UModSys@@UAE?AU?$TRefObject@UIImage@lib2d@UModSys@@U?$TRefObjectFunc@UIImage@lib2d@UModSys@@@tl@3@@tl@5@XZ 10004b6b f   umodsys_lib_lib2d:umodsys.mod.2d.stdlib.obj
 0001:00003cb1       ?image_new@RImageFactory_Memory@stdlib@lib2d@modules@UModSys@@UAE?AU?$TRefObject@UIImage@lib2d@UModSys@@U?$TRefObjectFunc@UIImage@lib2d@UModSys@@@tl@3@@tl@5@ABUSImagePatchInfo@35@PBD@Z 10004cb1 f   umodsys_lib_lib2d:umodsys.mod.2d.stdlib.obj
 0001:00003e07       ??0RImageFactory_Memory@stdlib@lib2d@modules@UModSys@@QAE@PAUIModObject@base@4@ABUSParameters@core@4@@Z 10004e07 f   umodsys_lib_lib2d:umodsys.mod.2d.stdlib.obj
 0001:00003e4b       ?get_max_layer_size@RMultiImage@stdlib@lib2d@modules@UModSys@@UBE?AU?$TVector2@H@math3d@5@XZ 10004e4b f   umodsys_lib_lib2d:umodsys.mod.2d.stdlib.obj
 0001:00003e4b       ?get_max_cell_size@RMultiImage@stdlib@lib2d@modules@UModSys@@UBE?AU?$TVector2@H@math3d@5@XZ 10004e4b f   umodsys_lib_lib2d:umodsys.mod.2d.stdlib.obj
 0001:00003e6d       ?get_fixed_cell_size@RMultiImage@stdlib@lib2d@modules@UModSys@@UBE?AU?$TVector2@H@math3d@5@XZ 10004e6d f   umodsys_lib_lib2d:umodsys.mod.2d.stdlib.obj
 0001:00003e8b       ?get_layer_count@RMultiImage@stdlib@lib2d@modules@UModSys@@UBEGXZ 10004e8b f   umodsys_lib_lib2d:umodsys.mod.2d.stdlib.obj
 0001:00003e99       ?get_layer@RMultiImage@stdlib@lib2d@modules@UModSys@@UBEPAUIImage@35@G@Z 10004e99 f   umodsys_lib_lib2d:umodsys.mod.2d.stdlib.obj
 0001:00003ee4       ?get_cell_count@RMultiImage@stdlib@lib2d@modules@UModSys@@UBEIXZ 10004ee4 f   umodsys_lib_lib2d:umodsys.mod.2d.stdlib.obj
 0001:00003ef1       ?get_cell@RMultiImage@stdlib@lib2d@modules@UModSys@@UBE_NIAAU?$TVector2@H@math3d@5@PAU675@PAG@Z 10004ef1 f   umodsys_lib_lib2d:umodsys.mod.2d.stdlib.obj
 0001:00003f4f       ?get_cell@RMultiImage@stdlib@lib2d@modules@UModSys@@UBE_NIAAUSImageCellInfo@35@@Z 10004f4f f   umodsys_lib_lib2d:umodsys.mod.2d.stdlib.obj
 0001:00003f75       ?set_layer_count@RMultiImage@stdlib@lib2d@modules@UModSys@@UAE_NG@Z 10004f75 f   umodsys_lib_lib2d:umodsys.mod.2d.stdlib.obj
 0001:00004055       ?setup_fixed_cell@RMultiImage@stdlib@lib2d@modules@UModSys@@UAE_NHH@Z 10005055 f   umodsys_lib_lib2d:umodsys.mod.2d.stdlib.obj
 0001:00004076       ?setup_variable_cell@RMultiImage@stdlib@lib2d@modules@UModSys@@UAE_NPBUSImageCellInfo@35@KK@Z 10005076 f   umodsys_lib_lib2d:umodsys.mod.2d.stdlib.obj
 0001:000040e8       ??0RMultiImage@stdlib@lib2d@modules@UModSys@@QAE@PAUIModObject@base@4@ABUSParameters@core@4@@Z 100050e8 f   umodsys_lib_lib2d:umodsys.mod.2d.stdlib.obj
 0001:0000418f       ??_GRMultiImage@stdlib@lib2d@modules@UModSys@@UAEPAXI@Z 1000518f f i umodsys_lib_lib2d:umodsys.mod.2d.stdlib.obj
 0001:0000418f       ??_ERMultiImage@stdlib@lib2d@modules@UModSys@@UAEPAXI@Z 1000518f f i  CIL library: CIL module
 0001:000041f3       ?do_open@RModuleReg@stdlib@lib2d@modules@UModSys@@UAE_NXZ 100051f3 f i umodsys_lib_lib2d:umodsys.mod.2d.stdlib.obj
 0001:00004241       ?do_close@RModuleReg@stdlib@lib2d@modules@UModSys@@UAE_NXZ 10005241 f i umodsys_lib_lib2d:umodsys.mod.2d.stdlib.obj
 0001:0000427c       ??_GRModuleReg@zlib@media@modules@UModSys@@UAEPAXI@Z 1000527c f i umodsys_lib_libmedia:umodsys.mod.media.zlib.obj
 0001:0000427c       ??_GRModuleReg@serialize_json@media@modules@UModSys@@UAEPAXI@Z 1000527c f i umodsys_lib_libmedia:umodsys.mod.media.serialize_json.obj
 0001:0000427c       ??_ERModuleReg@zlib@media@modules@UModSys@@UAEPAXI@Z 1000527c f i  CIL library: CIL module
 0001:0000427c       ??_GRModuleReg@frames@ui@modules@UModSys@@UAEPAXI@Z 1000527c f i umodsys_lib_libui:umodsys.mod.ui.frames.obj
 0001:0000427c       ??_GRModuleReg@test1@test@modules@UModSys@@UAEPAXI@Z 1000527c f i plugin_test1.obj
 0001:0000427c       ??_ERModuleReg@frames@ui@modules@UModSys@@UAEPAXI@Z 1000527c f i  CIL library: CIL module
 0001:0000427c       ??_GIModuleReg@base@UModSys@@UAEPAXI@Z 1000527c f i umodsys_lib_base:umodsys.base.modulereg.obj
 0001:0000427c       ??_EIModuleReg@base@UModSys@@UAEPAXI@Z 1000527c f i  CIL library: CIL module
 0001:0000427c       ??_ERModuleReg@images_std@media@modules@UModSys@@UAEPAXI@Z 1000527c f i  CIL library: CIL module
 0001:0000427c       ??_ERModuleReg@stdlib@lib2d@modules@UModSys@@UAEPAXI@Z 1000527c f i  CIL library: CIL module
 0001:0000427c       ??_ERModuleReg@serialize_json@media@modules@UModSys@@UAEPAXI@Z 1000527c f i  CIL library: CIL module
 0001:0000427c       ??_GRModuleReg@stdlib@lib2d@modules@UModSys@@UAEPAXI@Z 1000527c f i umodsys_lib_lib2d:umodsys.mod.2d.stdlib.obj
 0001:0000427c       ??_ERModuleReg@test1@test@modules@UModSys@@UAEPAXI@Z 1000527c f i  CIL library: CIL module
 0001:0000427c       ??_ERModuleReg@SDL_core@ui@modules@UModSys@@UAEPAXI@Z 1000527c f i  CIL library: CIL module
 0001:0000427c       ??_GRModuleReg@images_std@media@modules@UModSys@@UAEPAXI@Z 1000527c f i umodsys_lib_libmedia:umodsys.mod.media.images_std.obj
 0001:0000427c       ??_GRModuleReg@SDL_core@ui@modules@UModSys@@UAEPAXI@Z 1000527c f i umodsys_lib_libui:umodsys.mod.ui.SDL_core.obj
 0001:00004299       ?get_module@RGenerator@stdlib@lib2d@modules@UModSys@@UBEPAUIModule@base@5@XZ 10005299 f   umodsys_lib_lib2d:umodsys.mod.2d.stdlib.obj
 0001:0000429f       ?mod_inc@RGenerator@stdlib@lib2d@modules@UModSys@@UBE_NXZ 1000529f f   umodsys_lib_lib2d:umodsys.mod.2d.stdlib.obj
 0001:000042aa       ?mod_dec@RGenerator@stdlib@lib2d@modules@UModSys@@UBE_NXZ 100052aa f   umodsys_lib_lib2d:umodsys.mod.2d.stdlib.obj
 0001:000042b5       ?s_holder@RGenerator@stdlib@lib2d@modules@UModSys@@SAAAU?$TTypeStaticHolder@URGenerator@stdlib@lib2d@modules@UModSys@@@tl@5@XZ 100052b5 f   umodsys_lib_lib2d:umodsys.mod.2d.stdlib.obj
 0001:000042e7       ??1?$TDynarrayDynamic@USImageCellInfo@lib2d@UModSys@@U?$TAllocator@USIMemAlloc@core@UModSys@@USCountCalcPower2@23@@tl@3@@tl@UModSys@@QAE@XZ 100052e7 f i umodsys_lib_lib2d:umodsys.mod.2d.stdlib.obj
 0001:000042ec       ?Resize@?$TDynarray@U?$TDynarrayHolderDynamic@USImageCellInfo@lib2d@UModSys@@U?$TAllocator@USIMemAlloc@core@UModSys@@USCountCalcPower2@23@@tl@3@@tl@UModSys@@@tl@UModSys@@QAE_NI@Z 100052ec f i umodsys_lib_lib2d:umodsys.mod.2d.stdlib.obj
 0001:00004319       ??1?$TDynarrayDynamic@U?$TRefObject@UIImage@lib2d@UModSys@@U?$TRefObjectFunc@UIImage@lib2d@UModSys@@@tl@3@@tl@UModSys@@U?$TAllocator@USIMemAlloc@core@UModSys@@USCountCalcPower2@23@@23@@tl@UModSys@@QAE@XZ 10005319 f i umodsys_lib_lib2d:umodsys.mod.2d.stdlib.obj
 0001:0000431e       ??1?$TDynarray@U?$TDynarrayHolderDynamic@USImageCellInfo@lib2d@UModSys@@U?$TAllocator@USIMemAlloc@core@UModSys@@USCountCalcPower2@23@@tl@3@@tl@UModSys@@@tl@UModSys@@QAE@XZ 1000531e f i umodsys_lib_lib2d:umodsys.mod.2d.stdlib.obj
 0001:0000437a       ??1?$TDynarray@U?$TDynarrayHolderDynamic@U?$TRefObject@UIImage@lib2d@UModSys@@U?$TRefObjectFunc@UIImage@lib2d@UModSys@@@tl@3@@tl@UModSys@@U?$TAllocator@USIMemAlloc@core@UModSys@@USCountCalcPower2@23@@23@@tl@UModSys@@@tl@UModSys@@QAE@XZ 1000537a f i umodsys_lib_lib2d:umodsys.mod.2d.stdlib.obj
 0001:000043bd       ?ResizeRel@?$TDynarray@U?$TDynarrayHolderDynamic@U?$TRefObject@UIImage@lib2d@UModSys@@U?$TRefObjectFunc@UIImage@lib2d@UModSys@@@tl@3@@tl@UModSys@@U?$TAllocator@USIMemAlloc@core@UModSys@@USCountCalcPower2@23@@23@@tl@UModSys@@@tl@UModSys@@QAE_NH@Z 100053bd f i umodsys_lib_lib2d:umodsys.mod.2d.stdlib.obj
 0001:0000443d       ??$t_gen_param@URImage_Memory@stdlib@lib2d@modules@UModSys@@URGenerator@2345@@IGenerator@base@UModSys@@IAE_NPAURGenerator@stdlib@lib2d@modules@2@AAU?$TRefObject@UIRefObject@core@UModSys@@U?$TRefObjectFunc@UIRefObject@core@UModSys@@@tl@3@@tl@2@PBUSUniquePointerInfo@core@2@ABUSParameters@core@2@@Z 1000543d f i umodsys_lib_lib2d:umodsys.mod.2d.stdlib.obj
 0001:000044cf       ??$t_gen_param@URImageFactory_Memory@stdlib@lib2d@modules@UModSys@@URGenerator@2345@@IGenerator@base@UModSys@@IAE_NPAURGenerator@stdlib@lib2d@modules@2@AAU?$TRefObject@UIRefObject@core@UModSys@@U?$TRefObjectFunc@UIRefObject@core@UModSys@@@tl@3@@tl@2@PBUSUniquePointerInfo@core@2@ABUSParameters@core@2@@Z 100054cf f i umodsys_lib_lib2d:umodsys.mod.2d.stdlib.obj
 0001:00004561       ??$t_gen_param@URMultiImage@stdlib@lib2d@modules@UModSys@@URGenerator@2345@@IGenerator@base@UModSys@@IAE_NPAURGenerator@stdlib@lib2d@modules@2@AAU?$TRefObject@UIRefObject@core@UModSys@@U?$TRefObjectFunc@UIRefObject@core@UModSys@@@tl@3@@tl@2@PBUSUniquePointerInfo@core@2@ABUSParameters@core@2@@Z 10005561 f i umodsys_lib_lib2d:umodsys.mod.2d.stdlib.obj
 0001:00004609       ??$ValidateConstruction@UIImage@lib2d@UModSys@@URImage_Memory@stdlib@2modules@3@@core@UModSys@@YA_NAAU?$TRefObject@UIImage@lib2d@UModSys@@U?$TRefObjectFunc@UIImage@lib2d@UModSys@@@tl@3@@tl@1@PAURImage_Memory@stdlib@lib2d@modules@1@@Z 10005609 f i umodsys_lib_lib2d:umodsys.mod.2d.stdlib.obj
 0001:0000464a       ?remove@WeakPointer@IRefObject@core@UModSys@@QAEXXZ 1000564a f i umodsys_lib_libui:umodsys.mod.ui.SDL_core.obj
 0001:00004670       ?get@SParameters@core@UModSys@@QBE_NPBDAAPBD@Z 10005670 f i umodsys_lib_libui:umodsys.mod.ui.SDL_core.obj
 0001:0000468b       ?get@SParameters@core@UModSys@@QBE_NPBDAAH@Z 1000568b f i umodsys_lib_libui:umodsys.mod.ui.SDL_core.obj
 0001:000046a6       ?root_get_interface_info@RMultiImage2D_SDL_ttf@SDL_core@ui@modules@UModSys@@UBEABUSUniquePointerInfo@core@5@XZ 100056a6 f i umodsys_lib_libui:umodsys.mod.ui.SDL_core.obj
 0001:000046ac       ?root_get_interface_type@RMultiImage2D_SDL_ttf@SDL_core@ui@modules@UModSys@@UBEPBUSUniquePointerInfo@core@5@XZ 100056ac f i umodsys_lib_libui:umodsys.mod.ui.SDL_core.obj
 0001:000046b2       ?root_get_other_interface@RMultiImage2D_SDL_ttf@SDL_core@ui@modules@UModSys@@UBEPBUIRoot@core@5@PBUSUniquePointerInfo@75@@Z 100056b2 f i umodsys_lib_libui:umodsys.mod.ui.SDL_core.obj
 0001:000046b2       ?root_get_other_interface@RMultiImage2D_SDL_ttf@SDL_core@ui@modules@UModSys@@UAEPAUIRoot@core@5@PBUSUniquePointerInfo@75@@Z 100056b2 f i umodsys_lib_libui:umodsys.mod.ui.SDL_core.obj
 0001:000046d3       ?root_is_interface_supported@RMultiImage2D_SDL_ttf@SDL_core@ui@modules@UModSys@@UBE_NPBUSUniquePointerInfo@core@5@@Z 100056d3 f i umodsys_lib_libui:umodsys.mod.ui.SDL_core.obj
 0001:000046fa       ??0RMultiImage2D_SDL_ttf@SDL_core@ui@modules@UModSys@@QAE@PAURRenderDriver2D@1234@ABUSParameters@core@4@@Z 100056fa f i umodsys_lib_libui:umodsys.mod.ui.SDL_core.obj
 0001:0000475e       ?open@RMultiImage2D_SDL_ttf@SDL_core@ui@modules@UModSys@@QAE_NABUSParameters@core@5@@Z 1000575e f i umodsys_lib_libui:umodsys.mod.ui.SDL_core.obj
 0001:000047fc       ?generate_glyphs@RMultiImage2D_SDL_ttf@SDL_core@ui@modules@UModSys@@QAE_NXZ 100057fc f i umodsys_lib_libui:umodsys.mod.ui.SDL_core.obj
 0001:0000498d       ?image_get_maxsize@RImageFactory_Memory@stdlib@lib2d@modules@UModSys@@UBE?AU?$TVector2@H@math3d@5@XZ 1000598d f i umodsys_lib_lib2d:umodsys.mod.2d.stdlib.obj
 0001:0000498d       ?get_fixed_cell_size@RMultiImage2D_SDL_ttf@SDL_core@ui@modules@UModSys@@UBE?AU?$TVector2@H@math3d@5@XZ 1000598d f i umodsys_lib_libui:umodsys.mod.ui.SDL_core.obj
 0001:0000498d       ?get_max_cell_size@RMultiImage2D_SDL_ttf@SDL_core@ui@modules@UModSys@@UBE?AU?$TVector2@H@math3d@5@XZ 1000598d f i umodsys_lib_libui:umodsys.mod.ui.SDL_core.obj
 0001:0000498d       ?get_max_layer_size@RMultiImage2D_SDL_ttf@SDL_core@ui@modules@UModSys@@UBE?AU?$TVector2@H@math3d@5@XZ 1000598d f i umodsys_lib_libui:umodsys.mod.ui.SDL_core.obj
 0001:0000499b       ?get_cell@RMultiImage2D_SDL_ttf@SDL_core@ui@modules@UModSys@@UBE_NIAAU?$TVector2@H@math3d@5@PAU675@PAG@Z 1000599b f i umodsys_lib_libui:umodsys.mod.ui.SDL_core.obj
 0001:000049a0       ?command_draw@RTest1_Shell@test1@test@modules@UModSys@@UAE_NABUSController@libui@5@PAUIRenderDriver@lib2d@5@ABU?$TBoundBox2@H@math3d@5@@Z 100059a0 f i plugin_test1.obj
 0001:000049a0       ?setup_variable_cell@RMultiImage2D_SDL_ttf@SDL_core@ui@modules@UModSys@@UAE_NPBUSImageCellInfo@lib2d@5@KK@Z 100059a0 f i umodsys_lib_libui:umodsys.mod.ui.SDL_core.obj
 0001:000049a0       ?key_setmodifier@RKeyboardController@SDL_core@ui@modules@UModSys@@UAE_NHHH@Z 100059a0 f i umodsys_lib_libui:umodsys.mod.ui.SDL_core.obj
 0001:000049a5       ??_GRMultiImage2D_SDL_ttf@SDL_core@ui@modules@UModSys@@UAEPAXI@Z 100059a5 f i umodsys_lib_libui:umodsys.mod.ui.SDL_core.obj
 0001:000049a5       ??_ERMultiImage2D_SDL_ttf@SDL_core@ui@modules@UModSys@@UAEPAXI@Z 100059a5 f i  CIL library: CIL module
 0001:00004a0d       ?root_get_interface_info@RRenderDriver2D@SDL_core@ui@modules@UModSys@@UBEABUSUniquePointerInfo@core@5@XZ 10005a0d f i umodsys_lib_libui:umodsys.mod.ui.SDL_core.obj
 0001:00004a13       ?root_get_interface_type@RRenderDriver2D@SDL_core@ui@modules@UModSys@@UBEPBUSUniquePointerInfo@core@5@XZ 10005a13 f i umodsys_lib_libui:umodsys.mod.ui.SDL_core.obj
 0001:00004a19       ?root_get_other_interface@RRenderDriver2D@SDL_core@ui@modules@UModSys@@UAEPAUIRoot@core@5@PBUSUniquePointerInfo@75@@Z 10005a19 f i umodsys_lib_libui:umodsys.mod.ui.SDL_core.obj
 0001:00004a19       ?root_get_other_interface@RRenderDriver2D@SDL_core@ui@modules@UModSys@@UBEPBUIRoot@core@5@PBUSUniquePointerInfo@75@@Z 10005a19 f i umodsys_lib_libui:umodsys.mod.ui.SDL_core.obj
 0001:00004a3a       ?root_is_interface_supported@RRenderDriver2D@SDL_core@ui@modules@UModSys@@UBE_NPBUSUniquePointerInfo@core@5@@Z 10005a3a f i umodsys_lib_libui:umodsys.mod.ui.SDL_core.obj
 0001:00004a61       ?ref_add@RGenerator@frames@ui@modules@UModSys@@UBEXXZ 10005a61 f i umodsys_lib_libui:umodsys.mod.ui.frames.obj
 0001:00004a61       ?ref_add@RKeyboardController@SDL_core@ui@modules@UModSys@@UBEXXZ 10005a61 f i umodsys_lib_libui:umodsys.mod.ui.SDL_core.obj
 0001:00004a61       ?ref_add@RTerminal@SDL_core@ui@modules@UModSys@@UBEXXZ 10005a61 f i umodsys_lib_libui:umodsys.mod.ui.SDL_core.obj
 0001:00004a61       ?ref_add@RGenerator@SDL_core@ui@modules@UModSys@@UBEXXZ 10005a61 f i umodsys_lib_libui:umodsys.mod.ui.SDL_core.obj
 0001:00004a61       ?ref_add@RGenerator@test1@test@modules@UModSys@@UBEXXZ 10005a61 f i plugin_test1.obj
 0001:00004a61       ?ref_add@RGenerator@stdlib@lib2d@modules@UModSys@@UBEXXZ 10005a61 f i umodsys_lib_lib2d:umodsys.mod.2d.stdlib.obj
 0001:00004a61       ?ref_add@RGenerator@zlib@media@modules@UModSys@@UBEXXZ 10005a61 f i umodsys_lib_libmedia:umodsys.mod.media.zlib.obj
 0001:00004a61       ?ref_add@RBinArchiveFrameClient_ZIP@zlib@media@modules@UModSys@@UBEXXZ 10005a61 f i umodsys_lib_libmedia:umodsys.mod.media.zlib.obj
 0001:00004a61       ?ref_add@RDialog@frames@ui@modules@UModSys@@UBEXXZ 10005a61 f i umodsys_lib_libui:umodsys.mod.ui.frames.obj
 0001:00004a61       ?ref_add@RMultiImage@stdlib@lib2d@modules@UModSys@@UBEXXZ 10005a61 f i umodsys_lib_lib2d:umodsys.mod.2d.stdlib.obj
 0001:00004a61       ?ref_add@RGenerator@serialize_json@media@modules@UModSys@@UBEXXZ 10005a61 f i umodsys_lib_libmedia:umodsys.mod.media.serialize_json.obj
 0001:00004a61       ?ref_add@RMultiImage2D_SDL_ttf@SDL_core@ui@modules@UModSys@@UBEXXZ 10005a61 f i umodsys_lib_libui:umodsys.mod.ui.SDL_core.obj
 0001:00004a61       ?ref_add@RMouseController@SDL_core@ui@modules@UModSys@@UBEXXZ 10005a61 f i umodsys_lib_libui:umodsys.mod.ui.SDL_core.obj
 0001:00004a61       ?ref_add@RRenderDriver2D@SDL_core@ui@modules@UModSys@@UBEXXZ 10005a61 f i umodsys_lib_libui:umodsys.mod.ui.SDL_core.obj
 0001:00004a61       ?ref_add@RImageFactory_Memory@stdlib@lib2d@modules@UModSys@@UBEXXZ 10005a61 f i umodsys_lib_lib2d:umodsys.mod.2d.stdlib.obj
 0001:00004a61       ?ref_add@RImage_Memory@stdlib@lib2d@modules@UModSys@@UBEXXZ 10005a61 f i umodsys_lib_lib2d:umodsys.mod.2d.stdlib.obj
 0001:00004a61       ?ref_add@RSerializeReader@serialize_json@media@modules@UModSys@@UBEXXZ 10005a61 f i umodsys_lib_libmedia:umodsys.mod.media.serialize_json.obj
 0001:00004a61       ?ref_add@RGenerator@images_std@media@modules@UModSys@@UBEXXZ 10005a61 f i umodsys_lib_libmedia:umodsys.mod.media.images_std.obj
 0001:00004a65       ??0RRenderDriver2D@SDL_core@ui@modules@UModSys@@QAE@PAURTerminal@1234@ABUSParameters@core@4@@Z 10005a65 f i umodsys_lib_libui:umodsys.mod.ui.SDL_core.obj
 0001:00004b06       ?close@RRenderDriver2D@SDL_core@ui@modules@UModSys@@QAEXXZ 10005b06 f i umodsys_lib_libui:umodsys.mod.ui.SDL_core.obj
 0001:00004b2b       ?open@RRenderDriver2D@SDL_core@ui@modules@UModSys@@QAE_NABUSParameters@core@5@@Z 10005b2b f i umodsys_lib_libui:umodsys.mod.ui.SDL_core.obj
 0001:00004c64       ?set_color@RRenderDriver2D@SDL_core@ui@modules@UModSys@@QAEXXZ 10005c64 f i umodsys_lib_libui:umodsys.mod.ui.SDL_core.obj
 0001:00004cc7       ?begin@RRenderDriver2D@SDL_core@ui@modules@UModSys@@UAEXXZ 10005cc7 f i umodsys_lib_libui:umodsys.mod.ui.SDL_core.obj
 0001:00004d24       ?end@RRenderDriver2D@SDL_core@ui@modules@UModSys@@UAEXXZ 10005d24 f i umodsys_lib_libui:umodsys.mod.ui.SDL_core.obj
 0001:00004d33       ?get_max_values@RRenderDriver2D@SDL_core@ui@modules@UModSys@@UBEPBUSParameters@core@5@XZ 10005d33 f i umodsys_lib_libui:umodsys.mod.ui.SDL_core.obj
 0001:00004d37       ?get_frame_values@RRenderDriver2D@SDL_core@ui@modules@UModSys@@UBEPBUSParameters@core@5@XZ 10005d37 f i umodsys_lib_libui:umodsys.mod.ui.SDL_core.obj
 0001:00004d3e       ?setup_font@RRenderDriver2D@SDL_core@ui@modules@UModSys@@UAE_NPAUIMultiImage@lib2d@5@PBU?$TVector2@M@math3d@5@@Z 10005d3e f i umodsys_lib_libui:umodsys.mod.ui.SDL_core.obj
 0001:00004d90       ?setup_color@RRenderDriver2D@SDL_core@ui@modules@UModSys@@UAEXABU?$TVector3@M@math3d@5@@Z 10005d90 f i umodsys_lib_libui:umodsys.mod.ui.SDL_core.obj
 0001:00004db7       ?setup_color@RRenderDriver2D@SDL_core@ui@modules@UModSys@@UAEXABU?$TVector3@H@math3d@5@@Z 10005db7 f i umodsys_lib_libui:umodsys.mod.ui.SDL_core.obj
 0001:00004dfa       ?setup_coloralpha@RRenderDriver2D@SDL_core@ui@modules@UModSys@@UAEXABU?$TVector4@M@math3d@5@H@Z 10005dfa f i umodsys_lib_libui:umodsys.mod.ui.SDL_core.obj
 0001:00004e20       ?setup_coloralpha@RRenderDriver2D@SDL_core@ui@modules@UModSys@@UAEXABU?$TVector4@H@math3d@5@H@Z 10005e20 f i umodsys_lib_libui:umodsys.mod.ui.SDL_core.obj
 0001:00004e78       ?setup_blendcolor@RRenderDriver2D@SDL_core@ui@modules@UModSys@@UAEXABUSBlendColor@lib2d@5@@Z 10005e78 f i umodsys_lib_libui:umodsys.mod.ui.SDL_core.obj
 0001:00004ed0       ?setup_blendcolor@RRenderDriver2D@SDL_core@ui@modules@UModSys@@UAEXABUSBlendColorf@lib2d@5@@Z 10005ed0 f i umodsys_lib_libui:umodsys.mod.ui.SDL_core.obj
 0001:00004f12       ?setup_alpha@RRenderDriver2D@SDL_core@ui@modules@UModSys@@UAEXHH@Z 10005f12 f i umodsys_lib_libui:umodsys.mod.ui.SDL_core.obj
 0001:00004f38       ?setup_alpha@RRenderDriver2D@SDL_core@ui@modules@UModSys@@UAEXMH@Z 10005f38 f i umodsys_lib_libui:umodsys.mod.ui.SDL_core.obj
 0001:00004f58       ?render_text_advanced@RRenderDriver2D@SDL_core@ui@modules@UModSys@@UAE_NAAUTextInfo@IRenderDriver@lib2d@5@PBHH@Z 10005f58 f i umodsys_lib_libui:umodsys.mod.ui.SDL_core.obj
 0001:0000510c       ?render_box@RRenderDriver2D@SDL_core@ui@modules@UModSys@@UAEXABU?$TVector2@H@math3d@5@0@Z 1000610c f i umodsys_lib_libui:umodsys.mod.ui.SDL_core.obj
 0001:00005159       ?render_tri@RRenderDriver2D@SDL_core@ui@modules@UModSys@@UAEXABU?$TVector2@H@math3d@5@00@Z 10006159 f i umodsys_lib_libui:umodsys.mod.ui.SDL_core.obj
 0001:000051ad       ?render_quad@RRenderDriver2D@SDL_core@ui@modules@UModSys@@UAEXABU?$TVector2@H@math3d@5@000@Z 100061ad f i umodsys_lib_libui:umodsys.mod.ui.SDL_core.obj
 0001:0000520f       ?render_box@RRenderDriver2D@SDL_core@ui@modules@UModSys@@UAEXPAUIImage@lib2d@5@ABU?$TVector2@H@math3d@5@1ABU?$TVector2@M@95@2@Z 1000620f f i umodsys_lib_libui:umodsys.mod.ui.SDL_core.obj
 0001:00005212       ?render_line@RRenderDriver2D@SDL_core@ui@modules@UModSys@@UAEXABU?$TVector2@H@math3d@5@0@Z 10006212 f i umodsys_lib_libui:umodsys.mod.ui.SDL_core.obj
 0001:00005237       ?render_rect@RRenderDriver2D@SDL_core@ui@modules@UModSys@@UAEXABU?$TVector2@H@math3d@5@0@Z 10006237 f i umodsys_lib_libui:umodsys.mod.ui.SDL_core.obj
 0001:00005284       ??_ERRenderDriver2D@SDL_core@ui@modules@UModSys@@UAEPAXI@Z 10006284 f i  CIL library: CIL module
 0001:00005284       ??_GRRenderDriver2D@SDL_core@ui@modules@UModSys@@UAEPAXI@Z 10006284 f i umodsys_lib_libui:umodsys.mod.ui.SDL_core.obj
 0001:000052fb       ??1IMultiImage@lib2d@UModSys@@UAE@XZ 100062fb f i umodsys_lib_lib2d:umodsys.mod.2d.stdlib.obj
 0001:000052fb       ??1ITerminal@libui@UModSys@@UAE@XZ 100062fb f i umodsys_lib_libui:umodsys.mod.ui.SDL_core.obj
 0001:000052fb       ??1ISerializeReader@libmedia@UModSys@@UAE@XZ 100062fb f i umodsys_lib_libmedia:umodsys.mod.media.serialize_json.obj
 0001:000052fb       ??1IImage@lib2d@UModSys@@UAE@XZ 100062fb f i umodsys_lib_lib2d:umodsys.mod.2d.stdlib.obj
 0001:000052fb       ??1ISerializeWriter@libmedia@UModSys@@UAE@XZ 100062fb f i umodsys_lib_libmedia:umodsys.mod.media.serialize_json.obj
 0001:000052fb       ??1IDialog@libui@UModSys@@UAE@XZ 100062fb f i umodsys_lib_libui:umodsys.mod.ui.frames.obj
 0001:000052fb       ??1IRefObject@core@UModSys@@UAE@XZ 100062fb f i umodsys_lib_core:umodsys.core.objects.obj
 0001:000052fb       ??1IRenderDriver@lib2d@UModSys@@UAE@XZ 100062fb f i umodsys_lib_libui:umodsys.mod.ui.SDL_core.obj
 0001:000052fb       ??1IClient@IBinArchiveFrame@libmedia@UModSys@@UAE@XZ 100062fb f i umodsys_lib_libmedia:umodsys.mod.media.zlib.obj
 0001:000052fb       ??1ICollector@libui@UModSys@@UAE@XZ 100062fb f i umodsys_lib_libui:umodsys.mod.ui.frames.obj
 0001:000052fb       ??1IShell@base@UModSys@@UAE@XZ 100062fb f i plugin_test1.obj
 0001:000052fb       ??1IMouseController@libui@UModSys@@UAE@XZ 100062fb f i umodsys_lib_libui:umodsys.mod.ui.SDL_core.obj
 0001:000052fb       ??1IKeyboardController@libui@UModSys@@UAE@XZ 100062fb f i umodsys_lib_libui:umodsys.mod.ui.SDL_core.obj
 0001:000052fb       ??1IFrame@libui@UModSys@@UAE@XZ 100062fb f i umodsys_lib_libui:umodsys.mod.ui.frames.obj
 0001:000052fb       ??1IImageFactory@lib2d@UModSys@@UAE@XZ 100062fb f i umodsys_lib_lib2d:umodsys.mod.2d.stdlib.obj
 0001:00005302       ?root_get_interface_info@RMouseController@SDL_core@ui@modules@UModSys@@UBEABUSUniquePointerInfo@core@5@XZ 10006302 f i umodsys_lib_libui:umodsys.mod.ui.SDL_core.obj
 0001:00005308       ?root_get_interface_type@RMouseController@SDL_core@ui@modules@UModSys@@UBEPBUSUniquePointerInfo@core@5@XZ 10006308 f i umodsys_lib_libui:umodsys.mod.ui.SDL_core.obj
 0001:0000530e       ?root_get_other_interface@RMouseController@SDL_core@ui@modules@UModSys@@UAEPAUIRoot@core@5@PBUSUniquePointerInfo@75@@Z 1000630e f i umodsys_lib_libui:umodsys.mod.ui.SDL_core.obj
 0001:0000530e       ?root_get_other_interface@RMouseController@SDL_core@ui@modules@UModSys@@UBEPBUIRoot@core@5@PBUSUniquePointerInfo@75@@Z 1000630e f i umodsys_lib_libui:umodsys.mod.ui.SDL_core.obj
 0001:0000532f       ?root_is_interface_supported@RMouseController@SDL_core@ui@modules@UModSys@@UBE_NPBUSUniquePointerInfo@core@5@@Z 1000632f f i umodsys_lib_libui:umodsys.mod.ui.SDL_core.obj
 0001:00005356       ??0RMouseController@SDL_core@ui@modules@UModSys@@QAE@PAURTerminal@1234@ABUSParameters@core@4@@Z 10006356 f i umodsys_lib_libui:umodsys.mod.ui.SDL_core.obj
 0001:000053a4       ?process@RMouseController@SDL_core@ui@modules@UModSys@@QAE_NAAUSDL_MouseMotionEvent@@@Z 100063a4 f i umodsys_lib_libui:umodsys.mod.ui.SDL_core.obj
 0001:0000548b       ?process@RMouseController@SDL_core@ui@modules@UModSys@@QAE_NAAUSDL_MouseButtonEvent@@@Z 1000648b f i umodsys_lib_libui:umodsys.mod.ui.SDL_core.obj
 0001:00005552       ?process@RMouseController@SDL_core@ui@modules@UModSys@@QAE_NAAUSDL_MouseWheelEvent@@@Z 10006552 f i umodsys_lib_libui:umodsys.mod.ui.SDL_core.obj
 0001:000055f3       ?mouse_link@RMouseController@SDL_core@ui@modules@UModSys@@UAE_NHPAUIRefObject@core@5@PAUIMouseClient@libui@5@H@Z 100065f3 f i umodsys_lib_libui:umodsys.mod.ui.SDL_core.obj
 0001:00005632       ??_ERMouseController@SDL_core@ui@modules@UModSys@@UAEPAXI@Z 10006632 f i  CIL library: CIL module
 0001:00005632       ??_GRMouseController@SDL_core@ui@modules@UModSys@@UAEPAXI@Z 10006632 f i umodsys_lib_libui:umodsys.mod.ui.SDL_core.obj
 0001:00005688       ?root_get_interface_info@RKeyboardController@SDL_core@ui@modules@UModSys@@UBEABUSUniquePointerInfo@core@5@XZ 10006688 f i umodsys_lib_libui:umodsys.mod.ui.SDL_core.obj
 0001:0000568e       ?root_get_interface_type@RKeyboardController@SDL_core@ui@modules@UModSys@@UBEPBUSUniquePointerInfo@core@5@XZ 1000668e f i umodsys_lib_libui:umodsys.mod.ui.SDL_core.obj
 0001:00005694       ?root_get_other_interface@RKeyboardController@SDL_core@ui@modules@UModSys@@UAEPAUIRoot@core@5@PBUSUniquePointerInfo@75@@Z 10006694 f i umodsys_lib_libui:umodsys.mod.ui.SDL_core.obj
 0001:00005694       ?root_get_other_interface@RKeyboardController@SDL_core@ui@modules@UModSys@@UBEPBUIRoot@core@5@PBUSUniquePointerInfo@75@@Z 10006694 f i umodsys_lib_libui:umodsys.mod.ui.SDL_core.obj
 0001:000056b5       ?root_is_interface_supported@RKeyboardController@SDL_core@ui@modules@UModSys@@UBE_NPBUSUniquePointerInfo@core@5@@Z 100066b5 f i umodsys_lib_libui:umodsys.mod.ui.SDL_core.obj
 0001:000056dc       ?ref_weak@RKeyboardController@SDL_core@ui@modules@UModSys@@UBE_NAAUWeakPointer@IRefObject@core@5@@Z 100066dc f i umodsys_lib_libui:umodsys.mod.ui.SDL_core.obj
 0001:000056dc       ?ref_weak@RImageFactory_Memory@stdlib@lib2d@modules@UModSys@@UBE_NAAUWeakPointer@IRefObject@core@5@@Z 100066dc f i umodsys_lib_lib2d:umodsys.mod.2d.stdlib.obj
 0001:000056dc       ?ref_weak@RBinArchiveFrameClient_ZIP@zlib@media@modules@UModSys@@UBE_NAAUWeakPointer@IRefObject@core@5@@Z 100066dc f i umodsys_lib_libmedia:umodsys.mod.media.zlib.obj
 0001:000056dc       ?ref_weak@RGenerator@zlib@media@modules@UModSys@@UBE_NAAUWeakPointer@IRefObject@core@5@@Z 100066dc f i umodsys_lib_libmedia:umodsys.mod.media.zlib.obj
 0001:000056dc       ?ref_weak@RGenerator@serialize_json@media@modules@UModSys@@UBE_NAAUWeakPointer@IRefObject@core@5@@Z 100066dc f i umodsys_lib_libmedia:umodsys.mod.media.serialize_json.obj
 0001:000056dc       ?ref_weak@RMultiImage@stdlib@lib2d@modules@UModSys@@UBE_NAAUWeakPointer@IRefObject@core@5@@Z 100066dc f i umodsys_lib_lib2d:umodsys.mod.2d.stdlib.obj
 0001:000056dc       ?ref_weak@RGenerator@SDL_core@ui@modules@UModSys@@UBE_NAAUWeakPointer@IRefObject@core@5@@Z 100066dc f i umodsys_lib_libui:umodsys.mod.ui.SDL_core.obj
 0001:000056dc       ?ref_weak@RGenerator@frames@ui@modules@UModSys@@UBE_NAAUWeakPointer@IRefObject@core@5@@Z 100066dc f i umodsys_lib_libui:umodsys.mod.ui.frames.obj
 0001:000056dc       ?ref_weak@RMouseController@SDL_core@ui@modules@UModSys@@UBE_NAAUWeakPointer@IRefObject@core@5@@Z 100066dc f i umodsys_lib_libui:umodsys.mod.ui.SDL_core.obj
 0001:000056dc       ?ref_weak@RDialog@frames@ui@modules@UModSys@@UBE_NAAUWeakPointer@IRefObject@core@5@@Z 100066dc f i umodsys_lib_libui:umodsys.mod.ui.frames.obj
 0001:000056dc       ?ref_weak@RSerializeReader@serialize_json@media@modules@UModSys@@UBE_NAAUWeakPointer@IRefObject@core@5@@Z 100066dc f i umodsys_lib_libmedia:umodsys.mod.media.serialize_json.obj
 0001:000056dc       ?ref_weak@RRenderDriver2D@SDL_core@ui@modules@UModSys@@UBE_NAAUWeakPointer@IRefObject@core@5@@Z 100066dc f i umodsys_lib_libui:umodsys.mod.ui.SDL_core.obj
 0001:000056dc       ?ref_weak@RMultiImage2D_SDL_ttf@SDL_core@ui@modules@UModSys@@UBE_NAAUWeakPointer@IRefObject@core@5@@Z 100066dc f i umodsys_lib_libui:umodsys.mod.ui.SDL_core.obj
 0001:000056dc       ?ref_weak@RImage_Memory@stdlib@lib2d@modules@UModSys@@UBE_NAAUWeakPointer@IRefObject@core@5@@Z 100066dc f i umodsys_lib_lib2d:umodsys.mod.2d.stdlib.obj
 0001:000056dc       ?ref_weak@RGenerator@test1@test@modules@UModSys@@UBE_NAAUWeakPointer@IRefObject@core@5@@Z 100066dc f i plugin_test1.obj
 0001:000056dc       ?ref_weak@RGenerator@images_std@media@modules@UModSys@@UBE_NAAUWeakPointer@IRefObject@core@5@@Z 100066dc f i umodsys_lib_libmedia:umodsys.mod.media.images_std.obj
 0001:000056dc       ?ref_weak@RTerminal@SDL_core@ui@modules@UModSys@@UBE_NAAUWeakPointer@IRefObject@core@5@@Z 100066dc f i umodsys_lib_libui:umodsys.mod.ui.SDL_core.obj
 0001:000056dc       ?ref_weak@RGenerator@stdlib@lib2d@modules@UModSys@@UBE_NAAUWeakPointer@IRefObject@core@5@@Z 100066dc f i umodsys_lib_lib2d:umodsys.mod.2d.stdlib.obj
 0001:000056fb       ??0RKeyboardController@SDL_core@ui@modules@UModSys@@QAE@PAURTerminal@1234@ABUSParameters@core@4@@Z 100066fb f i umodsys_lib_libui:umodsys.mod.ui.SDL_core.obj
 0001:00005749       ?process@RKeyboardController@SDL_core@ui@modules@UModSys@@QAE_NAAUSDL_KeyboardEvent@@@Z 10006749 f i umodsys_lib_libui:umodsys.mod.ui.SDL_core.obj
 0001:000057ea       ?process@RKeyboardController@SDL_core@ui@modules@UModSys@@QAE_NAAUSDL_TextInputEvent@@@Z 100067ea f i umodsys_lib_libui:umodsys.mod.ui.SDL_core.obj
 0001:0000588f       ?map_keycode@RKeyboardController@SDL_core@ui@modules@UModSys@@QAE?AW4eKeyCode@libui@5@H@Z 1000688f f i umodsys_lib_libui:umodsys.mod.ui.SDL_core.obj
 0001:00005d0a       ?map_keyspecial@RKeyboardController@SDL_core@ui@modules@UModSys@@QAEFG@Z 10006d0a f i umodsys_lib_libui:umodsys.mod.ui.SDL_core.obj
 0001:00005d7d       ?key_unlink@RKeyboardController@SDL_core@ui@modules@UModSys@@UAE_NH@Z 10006d7d f i umodsys_lib_libui:umodsys.mod.ui.SDL_core.obj
 0001:00005d7d       ?mouse_unlink@RMouseController@SDL_core@ui@modules@UModSys@@UAE_NH@Z 10006d7d f i umodsys_lib_libui:umodsys.mod.ui.SDL_core.obj
 0001:00005ddc       ?key_link@RKeyboardController@SDL_core@ui@modules@UModSys@@UAE_NHPAUIRefObject@core@5@PAUIKeyboardClient@libui@5@@Z 10006ddc f i umodsys_lib_libui:umodsys.mod.ui.SDL_core.obj
 0001:00005e14       ?isfull@?$TRStackSocket@USFileInfo@libmedia@UModSys@@U?$TDynarrayDynamic@USFileInfo@libmedia@UModSys@@U?$TAllocator@USIMemAlloc@core@UModSys@@USCountCalcPower2@23@@tl@3@@tl@3@@tl@UModSys@@UBE_NXZ 10006e14 f i plugin_test1.obj
 0001:00005e14       ?mouse_reset@RMouseController@SDL_core@ui@modules@UModSys@@UAE_NXZ 10006e14 f i umodsys_lib_libui:umodsys.mod.ui.SDL_core.obj
 0001:00005e14       ?key_reset@RKeyboardController@SDL_core@ui@modules@UModSys@@UAE_NXZ 10006e14 f i umodsys_lib_libui:umodsys.mod.ui.SDL_core.obj
 0001:00005e17       ?key_setvisible@RKeyboardController@SDL_core@ui@modules@UModSys@@UAE_N_N@Z 10006e17 f i umodsys_lib_libui:umodsys.mod.ui.SDL_core.obj
 0001:00005e2f       ??_GRKeyboardController@SDL_core@ui@modules@UModSys@@UAEPAXI@Z 10006e2f f i umodsys_lib_libui:umodsys.mod.ui.SDL_core.obj
 0001:00005e2f       ??_ERKeyboardController@SDL_core@ui@modules@UModSys@@UAEPAXI@Z 10006e2f f i  CIL library: CIL module
 0001:00005e85       ?root_get_interface_info@RTerminal@SDL_core@ui@modules@UModSys@@UBEABUSUniquePointerInfo@core@5@XZ 10006e85 f i umodsys_lib_libui:umodsys.mod.ui.SDL_core.obj
 0001:00005e8b       ?root_get_interface_type@RTerminal@SDL_core@ui@modules@UModSys@@UBEPBUSUniquePointerInfo@core@5@XZ 10006e8b f i umodsys_lib_libui:umodsys.mod.ui.SDL_core.obj
 0001:00005e91       ?root_get_other_interface@RTerminal@SDL_core@ui@modules@UModSys@@UAEPAUIRoot@core@5@PBUSUniquePointerInfo@75@@Z 10006e91 f i umodsys_lib_libui:umodsys.mod.ui.SDL_core.obj
 0001:00005e91       ?root_get_other_interface@RTerminal@SDL_core@ui@modules@UModSys@@UBEPBUIRoot@core@5@PBUSUniquePointerInfo@75@@Z 10006e91 f i umodsys_lib_libui:umodsys.mod.ui.SDL_core.obj
 0001:00005eb2       ?root_is_interface_supported@RTerminal@SDL_core@ui@modules@UModSys@@UBE_NPBUSUniquePointerInfo@core@5@@Z 10006eb2 f i umodsys_lib_libui:umodsys.mod.ui.SDL_core.obj
 0001:00005ed9       ??0RTerminal@SDL_core@ui@modules@UModSys@@QAE@PAUIModObject@base@4@ABUSParameters@core@4@@Z 10006ed9 f i umodsys_lib_libui:umodsys.mod.ui.SDL_core.obj
 0001:00005f4c       ?poll_events@RTerminal@SDL_core@ui@modules@UModSys@@UAE_NH@Z 10006f4c f i umodsys_lib_libui:umodsys.mod.ui.SDL_core.obj
 0001:00006070       ?get_terminal_state@RTerminal@SDL_core@ui@modules@UModSys@@UAE_NW4eTerminalState@libui@5@@Z 10007070 f i umodsys_lib_libui:umodsys.mod.ui.SDL_core.obj
 0001:00006089       ?set_terminal_state@RTerminal@SDL_core@ui@modules@UModSys@@UAE_NW4eTerminalState@libui@5@_N@Z 10007089 f i umodsys_lib_libui:umodsys.mod.ui.SDL_core.obj
 0001:000060e3       ?get_clock@RTerminal@SDL_core@ui@modules@UModSys@@UAENXZ 100070e3 f i umodsys_lib_libui:umodsys.mod.ui.SDL_core.obj
 0001:000060fb       ?wait@RTerminal@SDL_core@ui@modules@UModSys@@UAE_NM@Z 100070fb f i umodsys_lib_libui:umodsys.mod.ui.SDL_core.obj
 0001:00006116       ?get_count@RTerminal@SDL_core@ui@modules@UModSys@@UBEIPBUSUniquePointerInfo@core@5@@Z 10007116 f i umodsys_lib_libui:umodsys.mod.ui.SDL_core.obj
 0001:00006149       ?get_handler@RTerminal@SDL_core@ui@modules@UModSys@@UBEPAUIRefObject@core@5@PBUSUniquePointerInfo@75@I@Z 10007149 f i umodsys_lib_libui:umodsys.mod.ui.SDL_core.obj
 0001:00006191       ?get_handler@RTerminal@SDL_core@ui@modules@UModSys@@UBEPAUIRefObject@core@5@PBUSUniquePointerInfo@75@PBD@Z 10007191 f i umodsys_lib_libui:umodsys.mod.ui.SDL_core.obj
 0001:0000619a       ?create_handler@RTerminal@SDL_core@ui@modules@UModSys@@UAE_NPBUSUniquePointerInfo@core@5@AAU?$TRefObject@UIRefObject@core@UModSys@@U?$TRefObjectFunc@UIRefObject@core@UModSys@@@tl@3@@tl@5@PBDPBUSParameters@75@@Z 1000719a f i umodsys_lib_libui:umodsys.mod.ui.SDL_core.obj
 0001:000063cf       ??_ERTerminal@SDL_core@ui@modules@UModSys@@UAEPAXI@Z 100073cf f i  CIL library: CIL module
 0001:000063cf       ??_GRTerminal@SDL_core@ui@modules@UModSys@@UAEPAXI@Z 100073cf f i umodsys_lib_libui:umodsys.mod.ui.SDL_core.obj
 0001:0000643f       ?ref_links@RTest1_Shell@test1@test@modules@UModSys@@UBEHXZ 1000743f f   plugin_test1.obj
 0001:0000643f       ?get_terminal@RRenderDriver2D@SDL_core@ui@modules@UModSys@@UBEPAUITerminal@libui@5@XZ 1000743f f   umodsys_lib_libui:umodsys.mod.ui.SDL_core.obj
 0001:00006443       ?new_font@RRenderDriver2D@SDL_core@ui@modules@UModSys@@UAE?AU?$TRefObject@UIMultiImage@lib2d@UModSys@@U?$TRefObjectFunc@UIMultiImage@lib2d@UModSys@@@tl@3@@tl@5@ABUSParameters@core@5@ABU?$TString@U?$TSCoreConst@D@su@tl@UModSys@@U?$TComparerBinaryHash@D@234@@75@@Z 10007443 f   umodsys_lib_libui:umodsys.mod.ui.SDL_core.obj
[...]
 0001:0001520c       ??__E?s_id@?$TObjectUniqueID@URSerializeWriter@serialize_json@media@modules@UModSys@@@tl@UModSys@@2USUniquePointer@core@3@A@@YAXXZ 1001620c f    CIL library: CIL module
 0001:0001522e       ??__E?s_id@?$TObjectUniqueID@URGenerator@serialize_json@media@modules@UModSys@@@tl@UModSys@@2USUniquePointer@core@3@A@@YAXXZ 1001622e f    CIL library: CIL module
 0001:00015250       ??__E?s_modreg@RModuleReg@zlib@media@modules@UModSys@@2U12345@A@@YAXXZ 10016250 f    CIL library: CIL module
 0001:00015286       ??__E?s_modreg_chain@RModuleReg@zlib@media@modules@UModSys@@2USModuleRegChain@base@5@A@@YAXXZ 10016286 f    CIL library: CIL module
 0001:000152a1       ??__E?s_uid@RGenerator@zlib@media@modules@UModSys@@2USUniquePointer@core@5@A@@YAXXZ 100162a1 f    CIL library: CIL module
 0001:000152c3       ??__E?s_id@?$TObjectUniqueID@URBinArchiveFrameClient_ZIP@zlib@media@modules@UModSys@@@tl@UModSys@@2USUniquePointer@core@3@A@@YAXXZ 100162c3 f    CIL library: CIL module
 0001:000152e5       ??__E?s_id@?$TObjectUniqueID@URGenerator@zlib@media@modules@UModSys@@@tl@UModSys@@2USUniquePointer@core@3@A@@YAXXZ 100162e5 f    CIL library: CIL module
 0001:00015307       ??__EM@UModSys@@YAXXZ      10016307 f    CIL library: CIL module
 0001:00015313       ??__E?root@SModuleRegChain@base@UModSys@@2U123@A@@YAXXZ 10016313 f    CIL library: CIL module
 0001:0001531f       ??__E?s_library@RModuleLibraryReg_Chain@base@UModSys@@2U123@A@@YAXXZ 1001631f f    CIL library: CIL module
 0001:0001532b       ??__E?root@SUniquePointer@core@UModSys@@2U123@A@@YAXXZ 1001632b f    CIL library: CIL module
 0001:00015337       ??__F?s_modreg@RModuleReg@test1@test@modules@UModSys@@2U12345@A@@YAXXZ 10016337 f    CIL library: CIL module
 0001:00015342       ??__F?s_modreg_chain@RModuleReg@test1@test@modules@UModSys@@2USModuleRegChain@base@5@A@@YAXXZ 10016342 f    CIL library: CIL module
 0001:0001534c       ??__F?s_uid@RGenerator@test1@test@modules@UModSys@@2USUniquePointer@core@5@A@@YAXXZ 1001634c f    CIL library: CIL module
 0001:00015356       ??__Fh@?1??s_holder@RGenerator@test1@test@modules@UModSys@@SAAAU?$TTypeStaticHolder@URGenerator@test1@test@modules@UModSys@@@tl@5@XZ@YAXXZ 10016356 f    CIL library: CIL module
 0001:00015373       ??__F?s_id@?$TObjectUniqueID@URGenerator@test1@test@modules@UModSys@@@tl@UModSys@@2USUniquePointer@core@3@A@@YAXXZ 10016373 f    CIL library: CIL module
 0001:0001537d       ??__F?s_id@?$TObjectUniqueID@URTest1_Shell@test1@test@modules@UModSys@@@tl@UModSys@@2USUniquePointer@core@3@A@@YAXXZ 1001637d f    CIL library: CIL module
 0001:00015387       ??__F?s_id@?$TObjectUniqueID@URLines_Filter@test1@test@modules@UModSys@@@tl@UModSys@@2USUniquePointer@core@3@A@@YAXXZ 10016387 f    CIL library: CIL module
 0001:00015391       ??__F?s_id@?$TObjectUniqueID@URLines@test1@test@modules@UModSys@@@tl@UModSys@@2USUniquePointer@core@3@A@@YAXXZ 10016391 f    CIL library: CIL module
 0001:0001539b       ??__F?s_id@?$TObjectUniqueID@UILines@test1@test@modules@UModSys@@@tl@UModSys@@2USUniquePointer@core@3@A@@YAXXZ 1001639b f    CIL library: CIL module
 0001:000153a5       ??__F?s_id@?$TObjectUniqueID@UIRenderDriver@lib2d@UModSys@@@tl@UModSys@@2USUniquePointer@core@3@A@@YAXXZ 100163a5 f    CIL library: CIL module
 0001:000153af       ??__F?s_id@?$TObjectUniqueID@UIMultiImage@lib2d@UModSys@@@tl@UModSys@@2USUniquePointer@core@3@A@@YAXXZ 100163af f    CIL library: CIL module
 0001:000153b9       ??__F?s_id@?$TObjectUniqueID@UIImageFactory@lib2d@UModSys@@@tl@UModSys@@2USUniquePointer@core@3@A@@YAXXZ 100163b9 f    CIL library: CIL module
 0001:000153c3       ??__F?s_id@?$TObjectUniqueID@UIImage@lib2d@UModSys@@@tl@UModSys@@2USUniquePointer@core@3@A@@YAXXZ 100163c3 f    CIL library: CIL module
 0001:000153cd       ??__F?s_id@?$TObjectUniqueID@UIDialog@libui@UModSys@@@tl@UModSys@@2USUniquePointer@core@3@A@@YAXXZ 100163cd f    CIL library: CIL module
 0001:000153d7       ??__F?s_id@?$TObjectUniqueID@UIFrame@libui@UModSys@@@tl@UModSys@@2USUniquePointer@core@3@A@@YAXXZ 100163d7 f    CIL library: CIL module
 0001:000153e1       ??__F?s_id@?$TObjectUniqueID@UIAsyncCollector@libui@UModSys@@@tl@UModSys@@2USUniquePointer@core@3@A@@YAXXZ 100163e1 f    CIL library: CIL module
 0001:000153eb       ??__F?s_id@?$TObjectUniqueID@UIAsyncController@libui@UModSys@@@tl@UModSys@@2USUniquePointer@core@3@A@@YAXXZ 100163eb f    CIL library: CIL module
 0001:000153f5       ??__F?s_id@?$TObjectUniqueID@UICollector@libui@UModSys@@@tl@UModSys@@2USUniquePointer@core@3@A@@YAXXZ 100163f5 f    CIL library: CIL module
 0001:000153ff       ??__F?s_id@?$TObjectUniqueID@UIConsoleHelperInput_UIKey@libui@UModSys@@@tl@UModSys@@2USUniquePointer@core@3@A@@YAXXZ 100163ff f    CIL library: CIL module
 0001:00015409       ??__F?s_id@?$TObjectUniqueID@UITerminal@libui@UModSys@@@tl@UModSys@@2USUniquePointer@core@3@A@@YAXXZ 10016409 f    CIL library: CIL module
 0001:00015413       ??__F?s_id@?$TObjectUniqueID@UIJoystickController@libui@UModSys@@@tl@UModSys@@2USUniquePointer@core@3@A@@YAXXZ 10016413 f    CIL library: CIL module
 0001:0001541d       ??__F?s_id@?$TObjectUniqueID@UIMouseController@libui@UModSys@@@tl@UModSys@@2USUniquePointer@core@3@A@@YAXXZ 1001641d f    CIL library: CIL module
 0001:00015427       ??__F?s_id@?$TObjectUniqueID@UIKeyboardController@libui@UModSys@@@tl@UModSys@@2USUniquePointer@core@3@A@@YAXXZ 10016427 f    CIL library: CIL module
 0001:00015431       ??__F?s_id@?$TObjectUniqueID@UIConsoleHelperOutputFCS@base@UModSys@@@tl@UModSys@@2USUniquePointer@core@3@A@@YAXXZ 10016431 f    CIL library: CIL module
 0001:0001543b       ??__F?s_id@?$TObjectUniqueID@UIConsoleHelperOutput@base@UModSys@@@tl@UModSys@@2USUniquePointer@core@3@A@@YAXXZ 1001643b f    CIL library: CIL module
 0001:00015445       ??__F?s_id@?$TObjectUniqueID@UIConsoleHelperInput@base@UModSys@@@tl@UModSys@@2USUniquePointer@core@3@A@@YAXXZ 10016445 f    CIL library: CIL module
 0001:0001544f       ??__F?s_id@?$TObjectUniqueID@UIConsoleHelperHistory@base@UModSys@@@tl@UModSys@@2USUniquePointer@core@3@A@@YAXXZ 1001644f f    CIL library: CIL module
 0001:00015459       ??__F?s_id@?$TObjectUniqueID@UIConsoleHelper@base@UModSys@@@tl@UModSys@@2USUniquePointer@core@3@A@@YAXXZ 10016459 f    CIL library: CIL module
 0001:00015463       ??__F?s_id@?$TObjectUniqueID@UIConsoleExt@base@UModSys@@@tl@UModSys@@2USUniquePointer@core@3@A@@YAXXZ 10016463 f    CIL library: CIL module
 0001:0001546d       ??__F?s_id@?$TObjectUniqueID@UISerializeWriter@libmedia@UModSys@@@tl@UModSys@@2USUniquePointer@core@3@A@@YAXXZ 1001646d f    CIL library: CIL module
 0001:00015477       ??__F?s_id@?$TObjectUniqueID@UISerializeReader@libmedia@UModSys@@@tl@UModSys@@2USUniquePointer@core@3@A@@YAXXZ 10016477 f    CIL library: CIL module
 0001:00015481       ??__F?s_id@?$TObjectUniqueID@UIClient@IBinArchiveFrame@libmedia@UModSys@@@tl@UModSys@@2USUniquePointer@core@3@A@@YAXXZ 10016481 f    CIL library: CIL module
 0001:0001548b       ??__F?s_id@?$TObjectUniqueID@UIBinArchiveFrame@libmedia@UModSys@@@tl@UModSys@@2USUniquePointer@core@3@A@@YAXXZ 1001648b f    CIL library: CIL module
 0001:00015495       ??__F?s_id@?$TObjectUniqueID@UILibraryLayered@libmedia@UModSys@@@tl@UModSys@@2USUniquePointer@core@3@A@@YAXXZ 10016495 f    CIL library: CIL module
 0001:0001549f       ??__F?s_id@?$TObjectUniqueID@UILibraryObjCache@libmedia@UModSys@@@tl@UModSys@@2USUniquePointer@core@3@A@@YAXXZ 1001649f f    CIL library: CIL module
 0001:000154a9       ??__F?s_id@?$TObjectUniqueID@UILibraryObjFilter@libmedia@UModSys@@@tl@UModSys@@2USUniquePointer@core@3@A@@YAXXZ 100164a9 f    CIL library: CIL module
 0001:000154b3       ??__F?s_id@?$TObjectUniqueID@UILibraryBinCache@libmedia@UModSys@@@tl@UModSys@@2USUniquePointer@core@3@A@@YAXXZ 100164b3 f    CIL library: CIL module
 0001:000154bd       ??__F?s_id@?$TObjectUniqueID@UILibraryBinTree@libmedia@UModSys@@@tl@UModSys@@2USUniquePointer@core@3@A@@YAXXZ 100164bd f    CIL library: CIL module
 0001:000154c7       ??__F?s_id@?$TObjectUniqueID@UILibrary@libmedia@UModSys@@@tl@UModSys@@2USUniquePointer@core@3@A@@YAXXZ 100164c7 f    CIL library: CIL module
 0001:000154d1       ??__F?s_id@?$TObjectUniqueID@UIBinObjFilter@libmedia@UModSys@@@tl@UModSys@@2USUniquePointer@core@3@A@@YAXXZ 100164d1 f    CIL library: CIL module
 0001:000154db       ??__F?s_id@?$TObjectUniqueID@UIBinArchive@libmedia@UModSys@@@tl@UModSys@@2USUniquePointer@core@3@A@@YAXXZ 100164db f    CIL library: CIL module
 0001:000154e5       ??__F?s_id@?$TObjectUniqueID@UILibObject@libmedia@UModSys@@@tl@UModSys@@2USUniquePointer@core@3@A@@YAXXZ 100164e5 f    CIL library: CIL module
 0001:000154ef       ??__F?s_id@?$TObjectUniqueID@UIUtilities@libmedia@UModSys@@@tl@UModSys@@2USUniquePointer@core@3@A@@YAXXZ 100164ef f    CIL library: CIL module
 0001:000154f9       ??__F?s_id@?$TObjectUniqueID@UIStreamWriter@libmedia@UModSys@@@tl@UModSys@@2USUniquePointer@core@3@A@@YAXXZ 100164f9 f    CIL library: CIL module
 0001:00015503       ??__F?s_id@?$TObjectUniqueID@UIStreamReader@libmedia@UModSys@@@tl@UModSys@@2USUniquePointer@core@3@A@@YAXXZ 10016503 f    CIL library: CIL module
 0001:0001550d       ??__F?s_id@?$TObjectUniqueID@UISystem@base@UModSys@@@tl@UModSys@@2USUniquePointer@core@3@A@@YAXXZ 1001650d f    CIL library: CIL module
 0001:00015517       ??__F?s_id@?$TObjectUniqueID@UIConsole@base@UModSys@@@tl@UModSys@@2USUniquePointer@core@3@A@@YAXXZ 10016517 f    CIL library: CIL module
 0001:00015521       ??__F?s_id@?$TObjectUniqueID@UIShell@base@UModSys@@@tl@UModSys@@2USUniquePointer@core@3@A@@YAXXZ 10016521 f    CIL library: CIL module
 0001:0001552b       ??__F?s_id@?$TObjectUniqueID@UIGenerator@base@UModSys@@@tl@UModSys@@2USUniquePointer@core@3@A@@YAXXZ 1001652b f    CIL library: CIL module
 0001:00015535       ??__F?s_id@?$TObjectUniqueID@UIModObject@base@UModSys@@@tl@UModSys@@2USUniquePointer@core@3@A@@YAXXZ 10016535 f    CIL library: CIL module
 0001:0001553f       ??__F?s_id@?$TObjectUniqueID@UIModuleLibrary@base@UModSys@@@tl@UModSys@@2USUniquePointer@core@3@A@@YAXXZ 1001653f f    CIL library: CIL module
 0001:00015549       ??__F?s_id@?$TObjectUniqueID@UIModule@base@UModSys@@@tl@UModSys@@2USUniquePointer@core@3@A@@YAXXZ 10016549 f    CIL library: CIL module
 0001:00015553       ??__F?s_id@?$TObjectUniqueID@UIParameters@core@UModSys@@@tl@UModSys@@2USUniquePointer@core@3@A@@YAXXZ 10016553 f    CIL library: CIL module
 0001:0001555d       ??__F?s_id@?$TObjectUniqueID@UIRefObject@core@UModSys@@@tl@UModSys@@2USUniquePointer@core@3@A@@YAXXZ 1001655d f    CIL library: CIL module
 0001:00015567       ??__F?s_id@?$TObjectUniqueID@UIRoot@core@UModSys@@@tl@UModSys@@2USUniquePointer@core@3@A@@YAXXZ 10016567 f    CIL library: CIL module
 0001:00015571       ??__F?s_modreg@RModuleReg@stdlib@lib2d@modules@UModSys@@2U12345@A@@YAXXZ 10016571 f    CIL library: CIL module
 0001:0001557c       ??__F?s_modreg_chain@RModuleReg@stdlib@lib2d@modules@UModSys@@2USModuleRegChain@base@5@A@@YAXXZ 1001657c f    CIL library: CIL module
 0001:00015586       ??__F?s_uid@RGenerator@stdlib@lib2d@modules@UModSys@@2USUniquePointer@core@5@A@@YAXXZ 10016586 f    CIL library: CIL module
 0001:00015590       ??__Fh@?1??s_holder@RGenerator@stdlib@lib2d@modules@UModSys@@SAAAU?$TTypeStaticHolder@URGenerator@stdlib@lib2d@modules@UModSys@@@tl@5@XZ@YAXXZ 10016590 f    CIL library: CIL module
 0001:000155ad       ??__F?s_id@?$TObjectUniqueID@URGenerator@stdlib@lib2d@modules@UModSys@@@tl@UModSys@@2USUniquePointer@core@3@A@@YAXXZ 100165ad f    CIL library: CIL module
 0001:000155b7       ??__F?s_id@?$TObjectUniqueID@URMultiImage@stdlib@lib2d@modules@UModSys@@@tl@UModSys@@2USUniquePointer@core@3@A@@YAXXZ 100165b7 f    CIL library: CIL module
 0001:000155c1       ??__F?s_id@?$TObjectUniqueID@URImageFactory_Memory@stdlib@lib2d@modules@UModSys@@@tl@UModSys@@2USUniquePointer@core@3@A@@YAXXZ 100165c1 f    CIL library: CIL module
 0001:000155cb       ??__F?s_id@?$TObjectUniqueID@URImage_Memory@stdlib@lib2d@modules@UModSys@@@tl@UModSys@@2USUniquePointer@core@3@A@@YAXXZ 100165cb f    CIL library: CIL module
 0001:000155d5       ??__F?s_modreg@RModuleReg@SDL_core@ui@modules@UModSys@@2U12345@A@@YAXXZ 100165d5 f    CIL library: CIL module
 0001:000155e0       ??__F?s_modreg_chain@RModuleReg@SDL_core@ui@modules@UModSys@@2USModuleRegChain@base@5@A@@YAXXZ 100165e0 f    CIL library: CIL module
 0001:000155ea       ??__F?s_uid@RGenerator@SDL_core@ui@modules@UModSys@@2USUniquePointer@core@5@A@@YAXXZ 100165ea f    CIL library: CIL module
 0001:000155f4       ??__Fh@?1??s_holder@RGenerator@SDL_core@ui@modules@UModSys@@SAAAU?$TTypeStaticHolder@URGenerator@SDL_core@ui@modules@UModSys@@@tl@5@XZ@YAXXZ 100165f4 f    CIL library: CIL module
 0001:00015611       ??__F?s_id@?$TObjectUniqueID@URGenerator@SDL_core@ui@modules@UModSys@@@tl@UModSys@@2USUniquePointer@core@3@A@@YAXXZ 10016611 f    CIL library: CIL module
 0001:0001561b       ??__F?s_id@?$TObjectUniqueID@URTerminal@SDL_core@ui@modules@UModSys@@@tl@UModSys@@2USUniquePointer@core@3@A@@YAXXZ 1001661b f    CIL library: CIL module
 0001:00015625       ??__F?s_id@?$TObjectUniqueID@URKeyboardController@SDL_core@ui@modules@UModSys@@@tl@UModSys@@2USUniquePointer@core@3@A@@YAXXZ 10016625 f    CIL library: CIL module
 0001:0001562f       ??__F?s_id@?$TObjectUniqueID@URMouseController@SDL_core@ui@modules@UModSys@@@tl@UModSys@@2USUniquePointer@core@3@A@@YAXXZ 1001662f f    CIL library: CIL module
 0001:00015639       ??__F?s_id@?$TObjectUniqueID@URRenderDriver2D@SDL_core@ui@modules@UModSys@@@tl@UModSys@@2USUniquePointer@core@3@A@@YAXXZ 10016639 f    CIL library: CIL module
 0001:00015643       ??__F?s_id@?$TObjectUniqueID@URMultiImage2D_SDL_ttf@SDL_core@ui@modules@UModSys@@@tl@UModSys@@2USUniquePointer@core@3@A@@YAXXZ 10016643 f    CIL library: CIL module
 0001:0001564d       ??__F?s_modreg@RModuleReg@frames@ui@modules@UModSys@@2U12345@A@@YAXXZ 1001664d f    CIL library: CIL module
 0001:00015658       ??__F?s_modreg_chain@RModuleReg@frames@ui@modules@UModSys@@2USModuleRegChain@base@5@A@@YAXXZ 10016658 f    CIL library: CIL module
 0001:00015662       ??__F?s_uid@RGenerator@frames@ui@modules@UModSys@@2USUniquePointer@core@5@A@@YAXXZ 10016662 f    CIL library: CIL module
 0001:0001566c       ??__Fh@?1??s_holder@RGenerator@frames@ui@modules@UModSys@@SAAAU?$TTypeStaticHolder@URGenerator@frames@ui@modules@UModSys@@@tl@5@XZ@YAXXZ 1001666c f    CIL library: CIL module
 0001:00015689       ??__F?s_id@?$TObjectUniqueID@URGenerator@frames@ui@modules@UModSys@@@tl@UModSys@@2USUniquePointer@core@3@A@@YAXXZ 10016689 f    CIL library: CIL module
 0001:00015693       ??__F?s_id@?$TObjectUniqueID@URCollector@frames@ui@modules@UModSys@@@tl@UModSys@@2USUniquePointer@core@3@A@@YAXXZ 10016693 f    CIL library: CIL module
 0001:0001569d       ??__F?s_id@?$TObjectUniqueID@URFrame_List@frames@ui@modules@UModSys@@@tl@UModSys@@2USUniquePointer@core@3@A@@YAXXZ 1001669d f    CIL library: CIL module
 0001:000156a7       ??__F?s_id@?$TObjectUniqueID@URFrame_Edit@frames@ui@modules@UModSys@@@tl@UModSys@@2USUniquePointer@core@3@A@@YAXXZ 100166a7 f    CIL library: CIL module
 0001:000156b1       ??__F?s_id@?$TObjectUniqueID@URFrame_Button@frames@ui@modules@UModSys@@@tl@UModSys@@2USUniquePointer@core@3@A@@YAXXZ 100166b1 f    CIL library: CIL module
 0001:000156bb       ??__F?s_id@?$TObjectUniqueID@URFrame_Text@frames@ui@modules@UModSys@@@tl@UModSys@@2USUniquePointer@core@3@A@@YAXXZ 100166bb f    CIL library: CIL module
 0001:000156c5       ??__F?s_id@?$TObjectUniqueID@URFrame_Image@frames@ui@modules@UModSys@@@tl@UModSys@@2USUniquePointer@core@3@A@@YAXXZ 100166c5 f    CIL library: CIL module
 0001:000156cf       ??__F?s_id@?$TObjectUniqueID@URFrame_Frame@frames@ui@modules@UModSys@@@tl@UModSys@@2USUniquePointer@core@3@A@@YAXXZ 100166cf f    CIL library: CIL module
 0001:000156d9       ??__F?s_id@?$TObjectUniqueID@URDialog@frames@ui@modules@UModSys@@@tl@UModSys@@2USUniquePointer@core@3@A@@YAXXZ 100166d9 f    CIL library: CIL module
 0001:000156e3       ??__F?s_id@?$TObjectUniqueID@URFrame_Common@frames@ui@modules@UModSys@@@tl@UModSys@@2USUniquePointer@core@3@A@@YAXXZ 100166e3 f    CIL library: CIL module
 0001:000156ed       ??__F?s_modreg@RModuleReg@images_std@media@modules@UModSys@@2U12345@A@@YAXXZ 100166ed f    CIL library: CIL module
 0001:000156f8       ??__F?s_modreg_chain@RModuleReg@images_std@media@modules@UModSys@@2USModuleRegChain@base@5@A@@YAXXZ 100166f8 f    CIL library: CIL module
 0001:00015702       ??__F?s_uid@RGenerator@images_std@media@modules@UModSys@@2USUniquePointer@core@5@A@@YAXXZ 10016702 f    CIL library: CIL module
 0001:0001570c       ??__Fh@?1??s_holder@RGenerator@images_std@media@modules@UModSys@@SAAAU?$TTypeStaticHolder@URGenerator@images_std@media@modules@UModSys@@@tl@5@XZ@YAXXZ 1001670c f    CIL library: CIL module
 0001:00015729       ??__F?s_id@?$TObjectUniqueID@URGenerator@images_std@media@modules@UModSys@@@tl@UModSys@@2USUniquePointer@core@3@A@@YAXXZ 10016729 f    CIL library: CIL module
 0001:00015733       ??__F?s_id@?$TObjectUniqueID@URMediaFilter@images_std@media@modules@UModSys@@@tl@UModSys@@2USUniquePointer@core@3@A@@YAXXZ 10016733 f    CIL library: CIL module
 0001:0001573d       ??__F?s_modreg@RModuleReg@serialize_json@media@modules@UModSys@@2U12345@A@@YAXXZ 1001673d f    CIL library: CIL module
 0001:00015748       ??__F?s_modreg_chain@RModuleReg@serialize_json@media@modules@UModSys@@2USModuleRegChain@base@5@A@@YAXXZ 10016748 f    CIL library: CIL module
 0001:00015752       ??__F?s_uid@RGenerator@serialize_json@media@modules@UModSys@@2USUniquePointer@core@5@A@@YAXXZ 10016752 f    CIL library: CIL module
 0001:0001575c       ??__Fh@?1??s_holder@RGenerator@serialize_json@media@modules@UModSys@@SAAAU?$TTypeStaticHolder@URGenerator@serialize_json@media@modules@UModSys@@@tl@5@XZ@YAXXZ 1001675c f    CIL library: CIL module
 0001:00015779       ??__F?s_id@?$TObjectUniqueID@URGenerator@serialize_json@media@modules@UModSys@@@tl@UModSys@@2USUniquePointer@core@3@A@@YAXXZ 10016779 f    CIL library: CIL module
 0001:00015783       ??__F?s_id@?$TObjectUniqueID@URSerializeWriter@serialize_json@media@modules@UModSys@@@tl@UModSys@@2USUniquePointer@core@3@A@@YAXXZ 10016783 f    CIL library: CIL module
 0001:0001578d       ??__F?s_id@?$TObjectUniqueID@URSerializeReader@serialize_json@media@modules@UModSys@@@tl@UModSys@@2USUniquePointer@core@3@A@@YAXXZ 1001678d f    CIL library: CIL module
 0001:00015797       ??__F?s_modreg@RModuleReg@zlib@media@modules@UModSys@@2U12345@A@@YAXXZ 10016797 f    CIL library: CIL module
 0001:000157a2       ??__F?s_modreg_chain@RModuleReg@zlib@media@modules@UModSys@@2USModuleRegChain@base@5@A@@YAXXZ 100167a2 f    CIL library: CIL module
 0001:000157ac       ??__F?s_uid@RGenerator@zlib@media@modules@UModSys@@2USUniquePointer@core@5@A@@YAXXZ 100167ac f    CIL library: CIL module
 0001:000157b6       ??__Fh@?1??s_holder@RGenerator@zlib@media@modules@UModSys@@SAAAU?$TTypeStaticHolder@URGenerator@zlib@media@modules@UModSys@@@tl@5@XZ@YAXXZ 100167b6 f    CIL library: CIL module
 0001:000157d3       ??__F?s_id@?$TObjectUniqueID@URGenerator@zlib@media@modules@UModSys@@@tl@UModSys@@2USUniquePointer@core@3@A@@YAXXZ 100167d3 f    CIL library: CIL module
 0001:000157dd       ??__F?s_id@?$TObjectUniqueID@URBinArchiveFrameClient_ZIP@zlib@media@modules@UModSys@@@tl@UModSys@@2USUniquePointer@core@3@A@@YAXXZ 100167dd f    CIL library: CIL module
 0001:000157e7       ??__FM@UModSys@@YAXXZ      100167e7 f    CIL library: CIL module
 0001:000157e8       ??__F?root@SModuleRegChain@base@UModSys@@2U123@A@@YAXXZ 100167e8 f    CIL library: CIL module
 0001:000157f2       ??__F?s_library@RModuleLibraryReg_Chain@base@UModSys@@2U123@A@@YAXXZ 100167f2 f    CIL library: CIL module
 0001:000157fd       ??__F?root@SUniquePointer@core@UModSys@@2U123@A@@YAXXZ 100167fd f    CIL library: CIL module

 Exports

  ordinal    name

        1    _UModSys_Plugin_Entry2@0
