 plugin_test1

 Timestamp is 52b0686c (Tue Dec 17 18:06:20 2013)

 Preferred load address is 10000000

 Start         Length     Name                   Class
 0001:00000000 000115daH .text                   CODE
 0001:000115da 00000768H .text$x                 CODE
 0001:00011d42 00000beaH .text$yc                CODE
 0001:0001292c 0000043aH .text$yd                CODE
 0002:00000000 000001d0H .idata$5                DATA
 0002:000001d0 00000004H .CRT$XCA                DATA
 0002:000001d4 000007ccH .CRT$XCU                DATA
 0002:000009a0 00000004H .CRT$XCZ                DATA
 0002:000009a4 00000004H .CRT$XIA                DATA
 0002:000009a8 00000004H .CRT$XIAA               DATA
 0002:000009ac 00000004H .CRT$XIC                DATA
 0002:000009b0 00000004H .CRT$XIZ                DATA
 0002:000009b8 00002180H .rdata                  DATA
 0002:00002b38 00001738H .rdata$r                DATA
 0002:00004270 000000c8H .rdata$sxdata           DATA
 0002:00004338 00000004H .rtc$IAA                DATA
 0002:0000433c 00000004H .rtc$IZZ                DATA
 0002:00004340 00000004H .rtc$TAA                DATA
 0002:00004344 00000004H .rtc$TZZ                DATA
 0002:00004348 00000becH .xdata$x                DATA
 0002:00004f34 00000064H .idata$2                DATA
 0002:00004f98 00000014H .idata$3                DATA
 0002:00004fac 000001d0H .idata$4                DATA
 0002:0000517c 00000880H .idata$6                DATA
 0002:00005a00 0000005cH .edata                  DATA
 0003:00000000 00000dd0H .data                   DATA
 0003:00000dd0 00001498H .bss                    DATA

  Address         Publics by Value              Rva+Base       Lib:Object

 0000:00000000       __except_list              00000000     <absolute>
 0000:00000032       ___safe_se_handler_count   00000032     <absolute>
 0000:00009876       __ldused                   00009876     <absolute>
 0000:00009876       __fltused                  00009876     <absolute>
 0000:00000000       ___ImageBase               10000000     <linker-defined>
 0001:00000000       ?new_data@SMemorySharedData@core@UModSys@@SAPAU123@IPBUSSourceContext@23@@Z 10001000 f i plugin_test1.obj
 0001:00000024       ??1State@RImage_Memory@stdlib@lib2d@modules@UModSys@@QAE@XZ 10001024 f i umodsys_lib_lib2d:umodsys.mod.2d.stdlib.obj
 0001:00000024       ??1SMemShared@core@UModSys@@QAE@XZ 10001024 f i plugin_test1.obj
 0001:0000002e       ?link@SMemShared@core@UModSys@@QAE_NPAUSMemorySharedData@23@PAUSSourceContext@23@@Z 1000102e f i plugin_test1.obj
 0001:0000002e       ?link@SCMemShared@core@UModSys@@QAE_NPAUSMemorySharedData@23@PAUSSourceContext@23@@Z 1000102e f i plugin_test1.obj
 0001:00000053       ??6SUniquePtrList@core@UModSys@@QAEAAU012@PBUSUniquePointerInfo@12@@Z 10001053 f i plugin_test1.obj
 0001:00000084       ??3IRoot@core@UModSys@@SAXPAXABUSIMemAlloc@12@@Z 10001084 f i plugin_test1.obj
 0001:0000009d       ?_root_get_other_interface@IRefObject@core@UModSys@@IAEPAUIRoot@23@PBUSUniquePointerInfo@23@@Z 1000109d f i plugin_test1.obj
 0001:0000009d       ?_root_get_other_interface@IRefObject@core@UModSys@@IBEPBUIRoot@23@PBUSUniquePointerInfo@23@@Z 1000109d f i plugin_test1.obj
 0001:000000be       ?_root_get_interface_types@IRefObject@core@UModSys@@SAIAAUSUniquePtrList@23@@Z 100010be f i plugin_test1.obj
 0001:000000de       ?_root_is_interface_supported@IRefObject@core@UModSys@@SA_NPBUSUniquePointerInfo@23@@Z 100010de f i plugin_test1.obj
 0001:000000f5       ??$slen@D@su@tl@UModSys@@YAIPBD@Z 100010f5 f i plugin_test1.obj
 0001:0000010e       ??$seq@D@su@tl@UModSys@@YA_NPBD0@Z 1000110e f i plugin_test1.obj
 0001:0000013b       ??1?$TParametersA@$0BAA@@core@UModSys@@QAE@XZ 1000113b f i umodsys_lib_libui:umodsys.mod.ui.SDL_core.obj
 0001:0000013b       ??1?$TParametersA@$0EAA@@core@UModSys@@QAE@XZ 1000113b f i plugin_test1.obj
 0001:0000013b       ??1SParameters@core@UModSys@@QAE@XZ 1000113b f i plugin_test1.obj
 0001:00000148       ?add@SParameters@core@UModSys@@QAE_NPBD0@Z 10001148 f i plugin_test1.obj
 0001:00000164       ?_root_get_other_interface@IGenerator@base@UModSys@@IAEPAUIRoot@core@3@PBUSUniquePointerInfo@53@@Z 10001164 f i plugin_test1.obj
 0001:00000164       ?_root_get_other_interface@IGenerator@base@UModSys@@IBEPBUIRoot@core@3@PBUSUniquePointerInfo@53@@Z 10001164 f i plugin_test1.obj
 0001:00000180       ?_root_is_interface_supported@IGenerator@base@UModSys@@SA_NPBUSUniquePointerInfo@core@3@@Z 10001180 f i plugin_test1.obj
 0001:000001a0       ?bin_reader@ILibrary@libmedia@UModSys@@QAE?AU?$TRefObject@UIStreamReader@libmedia@UModSys@@U?$TRefObjectFunc@UIStreamReader@libmedia@UModSys@@@tl@3@@tl@3@ABU?$TString@U?$TSCoreConst@D@su@tl@UModSys@@U?$TComparerBinaryHash@D@234@@53@ABU?$TFlags4State@USMediaFlagUid@libmedia@UModSys@@I@53@@Z 100011a0 f i plugin_test1.obj
 0001:000001cf       ?bin_writer@ILibrary@libmedia@UModSys@@QAE?AU?$TRefObject@UIStreamWriter@libmedia@UModSys@@U?$TRefObjectFunc@UIStreamWriter@libmedia@UModSys@@@tl@3@@tl@3@ABU?$TString@U?$TSCoreConst@D@su@tl@UModSys@@U?$TComparerBinaryHash@D@234@@53@ABU?$TFlags4State@USMediaFlagUid@libmedia@UModSys@@I@53@@Z 100011cf f i plugin_test1.obj
 0001:000001fe       ?obj_save@ILibrary@libmedia@UModSys@@QAE_NABU?$TString@U?$TSCoreConst@D@su@tl@UModSys@@U?$TComparerBinaryHash@D@234@@tl@3@PBUIRefObject@core@3@0PBUSParameters@73@ABU?$TFlags4State@USMediaFlagUid@libmedia@UModSys@@I@53@@Z 100011fe f i plugin_test1.obj
 0001:00000248       ?mount_add@ILibraryBinTree@libmedia@UModSys@@QAE_NABU?$TString@U?$TSCoreConst@D@su@tl@UModSys@@U?$TComparerBinaryHash@D@234@@tl@3@PAUIBinArchive@23@H@Z 10001248 f i plugin_test1.obj
 0001:000002b6       ?mount_add@ILibraryBinTree@libmedia@UModSys@@QAE_NABU?$TString@U?$TSCoreConst@D@su@tl@UModSys@@U?$TComparerBinaryHash@D@234@@tl@3@HPAUIBinArchive@23@H@Z 100012b6 f i plugin_test1.obj
 0001:00000327       ?layer_push@ILibraryLayered@libmedia@UModSys@@QAE_NPAUILibrary@23@HABU?$TString@U?$TSCoreConst@D@su@tl@UModSys@@U?$TComparerBinaryHash@D@234@@tl@3@@Z 10001327 f i plugin_test1.obj
 0001:0000038f       ??1SPoint@ILibraryBinTree@libmedia@UModSys@@QAE@XZ 1000138f f i plugin_test1.obj
 0001:0000038f       ??1SLayer@ILibraryLayered@libmedia@UModSys@@QAE@XZ 1000138f f i plugin_test1.obj
 0001:000003a0       ?render_text@IRenderDriver@lib2d@UModSys@@QAE_NABU?$TVector2@H@math3d@3@PBHHPBU?$TVector2@M@53@@Z 100013a0 f i plugin_test1.obj
 0001:000003ce       ?root_get_interface_info@RTest1_Shell@test1@test@modules@UModSys@@UBEABUSUniquePointerInfo@core@5@XZ 100013ce f i plugin_test1.obj
 0001:000003d4       ?root_get_interface_type@RTest1_Shell@test1@test@modules@UModSys@@UBEPBUSUniquePointerInfo@core@5@XZ 100013d4 f i plugin_test1.obj
 0001:000003da       ?root_get_other_interface@RTest1_Shell@test1@test@modules@UModSys@@UBEPBUIRoot@core@5@PBUSUniquePointerInfo@75@@Z 100013da f i plugin_test1.obj
 0001:000003da       ?root_get_other_interface@RTest1_Shell@test1@test@modules@UModSys@@UAEPAUIRoot@core@5@PBUSUniquePointerInfo@75@@Z 100013da f i plugin_test1.obj
 0001:000003fb       ?root_is_interface_supported@RTest1_Shell@test1@test@modules@UModSys@@UBE_NPBUSUniquePointerInfo@core@5@@Z 100013fb f i plugin_test1.obj
 0001:00000422       ?ref_add@RTest1_Shell@test1@test@modules@UModSys@@UBEXXZ 10001422 f i plugin_test1.obj
 0001:00000426       ?ref_remove@RTest1_Shell@test1@test@modules@UModSys@@UBEXXZ 10001426 f i plugin_test1.obj
 0001:00000431       ?ref_weak@RTest1_Shell@test1@test@modules@UModSys@@UBE_NAAUWeakPointer@IRefObject@core@5@@Z 10001431 f i plugin_test1.obj
 0001:00000450       ?suicide@RTest1_Shell@test1@test@modules@UModSys@@UAEXXZ 10001450 f i plugin_test1.obj
 0001:00000497       ??0RTest1_Shell@test1@test@modules@UModSys@@QAE@PAUIModObject@base@4@@Z 10001497 f i plugin_test1.obj
 0001:0000059f       ??1RTest1_Shell@test1@test@modules@UModSys@@UAE@XZ 1000159f f i plugin_test1.obj
 0001:00000627       ?connect@RTest1_Shell@test1@test@modules@UModSys@@UAE_NXZ 10001627 f i plugin_test1.obj
 0001:0000063f       ?disconnect@RTest1_Shell@test1@test@modules@UModSys@@UAE_NXZ 1000163f f i plugin_test1.obj
 0001:00000657       ?process_tick@RTest1_Shell@test1@test@modules@UModSys@@UAE_NABUSTimeMsec@core@5@@Z 10001657 f i plugin_test1.obj
 0001:00000682       ?process_command@RTest1_Shell@test1@test@modules@UModSys@@UAE_NHQBU?$TString@U?$TSCoreConst@D@su@tl@UModSys@@U?$TComparerBinaryHash@D@234@@tl@5@@Z 10001682 f i plugin_test1.obj
 0001:000006a0       ??_GRTest1_Shell@test1@test@modules@UModSys@@UAEPAXI@Z 100016a0 f i plugin_test1.obj
 0001:000006a0       ??_ERTest1_Shell@test1@test@modules@UModSys@@UAEPAXI@Z 100016a0 f i  CIL library: CIL module
 0001:000006bd       ??1IImage@lib2d@UModSys@@UAE@XZ 100016bd f i umodsys_lib_lib2d:umodsys.mod.2d.stdlib.obj
 0001:000006bd       ??1IRenderDriver@lib2d@UModSys@@UAE@XZ 100016bd f i umodsys_lib_libui:umodsys.mod.ui.SDL_core.obj
 0001:000006bd       ??1IShell@base@UModSys@@UAE@XZ 100016bd f i plugin_test1.obj
 0001:000006bd       ??1IKeyboardController@libui@UModSys@@UAE@XZ 100016bd f i umodsys_lib_libui:umodsys.mod.ui.SDL_core.obj
 0001:000006bd       ??1ITerminal@libui@UModSys@@UAE@XZ 100016bd f i umodsys_lib_libui:umodsys.mod.ui.SDL_core.obj
 0001:000006bd       ??1IFrame@libui@UModSys@@UAE@XZ 100016bd f i umodsys_lib_libui:umodsys.mod.ui.frames.obj
 0001:000006bd       ??1IBinObjFilter@libmedia@UModSys@@UAE@XZ 100016bd f i plugin_test1.obj
 0001:000006bd       ??1IDialog@libui@UModSys@@UAE@XZ 100016bd f i umodsys_lib_libui:umodsys.mod.ui.frames.obj
 0001:000006bd       ??1ISerializeReader@libmedia@UModSys@@UAE@XZ 100016bd f i umodsys_lib_libmedia:umodsys.mod.media.serialize_json.obj
 0001:000006bd       ??1ISerializeWriter@libmedia@UModSys@@UAE@XZ 100016bd f i umodsys_lib_libmedia:umodsys.mod.media.serialize_json.obj
 0001:000006bd       ??1ICollector@libui@UModSys@@UAE@XZ 100016bd f i umodsys_lib_libui:umodsys.mod.ui.frames.obj
 0001:000006bd       ??1IMultiImage@lib2d@UModSys@@UAE@XZ 100016bd f i umodsys_lib_libui:umodsys.mod.ui.SDL_core.obj
 0001:000006bd       ??1IMouseController@libui@UModSys@@UAE@XZ 100016bd f i umodsys_lib_libui:umodsys.mod.ui.SDL_core.obj
 0001:000006c4       ?new_mem_image@RTest1_Shell@test1@test@modules@UModSys@@QAE?AU?$TRefObject@UIImage@lib2d@UModSys@@U?$TRefObjectFunc@UIImage@lib2d@UModSys@@@tl@3@@tl@5@XZ 100016c4 f   plugin_test1.obj
 0001:0000073c       ?media_arch_stdio@RTest1_Shell@test1@test@modules@UModSys@@QAE?AU?$TRefObject@UIBinArchive@libmedia@UModSys@@U?$TRefObjectFunc@UIBinArchive@libmedia@UModSys@@@tl@3@@tl@5@ABU?$TString@U?$TSCoreConst@D@su@tl@UModSys@@U?$TComparerBinaryHash@D@234@@75@@Z 1000173c f   plugin_test1.obj
 0001:000007c2       ?media_filter_new@RTest1_Shell@test1@test@modules@UModSys@@QAE?AU?$TRefObject@UIBinObjFilter@libmedia@UModSys@@U?$TRefObjectFunc@UIBinObjFilter@libmedia@UModSys@@@tl@3@@tl@5@ABU?$TString@U?$TSCoreConst@D@su@tl@UModSys@@U?$TComparerBinaryHash@D@234@@75@ABUSParameters@core@5@@Z 100017c2 f   plugin_test1.obj
 0001:00000836       ?media_vfs@RTest1_Shell@test1@test@modules@UModSys@@QAE?AU?$TRefObject@UILibraryBinTree@libmedia@UModSys@@U?$TRefObjectFunc@UILibraryBinTree@libmedia@UModSys@@@tl@3@@tl@5@XZ 10001836 f   plugin_test1.obj
 0001:000008ae       ?media_flt@RTest1_Shell@test1@test@modules@UModSys@@QAE?AU?$TRefObject@UILibraryObjFilter@libmedia@UModSys@@U?$TRefObjectFunc@UILibraryObjFilter@libmedia@UModSys@@@tl@3@@tl@5@XZ 100018ae f   plugin_test1.obj
 0001:00000926       ?media_lay@RTest1_Shell@test1@test@modules@UModSys@@QAE?AU?$TRefObject@UILibraryLayered@libmedia@UModSys@@U?$TRefObjectFunc@UILibraryLayered@libmedia@UModSys@@@tl@3@@tl@5@XZ 10001926 f   plugin_test1.obj
 0001:0000099e       ?media_cache@RTest1_Shell@test1@test@modules@UModSys@@QAE?AU?$TRefObject@UILibrary@libmedia@UModSys@@U?$TRefObjectFunc@UILibrary@libmedia@UModSys@@@tl@3@@tl@5@_N@Z 1000199e f   plugin_test1.obj
 0001:00000a79       ?file_test6@RTest1_Shell@test1@test@modules@UModSys@@QAEXXZ 10001a79 f   plugin_test1.obj
 0001:0000141b       ?key_pressed@RTest1_Shell@test1@test@modules@UModSys@@UAE_NABUSKeyboardInputRaw@libui@5@@Z 1000241b f   plugin_test1.obj
 0001:0000145c       ?key_text@RTest1_Shell@test1@test@modules@UModSys@@UAE_NABUSKeyboardInputText@libui@5@@Z 1000245c f   plugin_test1.obj
 0001:00001494       ?mouse_event@RTest1_Shell@test1@test@modules@UModSys@@UAE_NABUSMouseInput@libui@5@@Z 10002494 f   plugin_test1.obj
 0001:00001501       ?command@RTest1_Shell@test1@test@modules@UModSys@@UAE_NABUSController@libui@5@HABUSFrameDataIn@75@@Z 10002501 f   plugin_test1.obj
 0001:0000153c       ?db_get@RTest1_Shell@test1@test@modules@UModSys@@UAE_NABUSController@libui@5@QBDABUSFrameDataOut@75@@Z 1000253c f   plugin_test1.obj
 0001:00001591       ?db_get@RTest1_Shell@test1@test@modules@UModSys@@UAE_NABUSController@libui@5@QBDHABUSFrameDataOut@75@@Z 10002591 f   plugin_test1.obj
 0001:000015e6       ?key_setmodifier@RKeyboardController@SDL_core@ui@modules@UModSys@@UAE_NHHH@Z 100025e6 f   umodsys_lib_libui:umodsys.mod.ui.SDL_core.obj
 0001:000015e6       ?get_cell_size@RMultiImage2D_SDL_ttf@SDL_core@ui@modules@UModSys@@UAE_NHAAU?$TVector2@H@math3d@5@PAU675@@Z 100025e6 f   umodsys_lib_libui:umodsys.mod.ui.SDL_core.obj
 0001:000015e6       ?command_draw@RTest1_Shell@test1@test@modules@UModSys@@UAE_NABUSController@libui@5@PAUIRenderDriver@lib2d@5@ABU?$TBoundBox2@H@math3d@5@@Z 100025e6 f   plugin_test1.obj
 0001:000015e6       ?set_var_cell@RMultiImage2D_SDL_ttf@SDL_core@ui@modules@UModSys@@UAE_NPBUSImageCellInfo@lib2d@5@HH@Z 100025e6 f   umodsys_lib_libui:umodsys.mod.ui.SDL_core.obj
 0001:000015eb       ?get_generated_names@RGenerator@test1@test@modules@UModSys@@UBEHAAUSUniquePtrList@core@5@@Z 100025eb f i plugin_test1.obj
 0001:00001604       ?get_generated_types@RGenerator@test1@test@modules@UModSys@@UBEHAAUSUniquePtrList@core@5@PBUSUniquePointerInfo@75@@Z 10002604 f i plugin_test1.obj
 0001:00001638       ?generate@RGenerator@test1@test@modules@UModSys@@UAE_NAAU?$TRefObject@UIRefObject@core@UModSys@@U?$TRefObjectFunc@UIRefObject@core@UModSys@@@tl@3@@tl@5@PBUSUniquePointerInfo@core@5@ABUSParameters@95@@Z 10002638 f i plugin_test1.obj
 0001:000016ba       ?root_get_interface_info@RGenerator@test1@test@modules@UModSys@@UBEABUSUniquePointerInfo@core@5@XZ 100026ba f i plugin_test1.obj
 0001:000016c0       ?root_get_interface_type@RGenerator@test1@test@modules@UModSys@@UBEPBUSUniquePointerInfo@core@5@XZ 100026c0 f i plugin_test1.obj
 0001:000016c6       ?root_get_other_interface@RGenerator@test1@test@modules@UModSys@@UAEPAUIRoot@core@5@PBUSUniquePointerInfo@75@@Z 100026c6 f i plugin_test1.obj
 0001:000016c6       ?root_get_other_interface@RGenerator@test1@test@modules@UModSys@@UBEPBUIRoot@core@5@PBUSUniquePointerInfo@75@@Z 100026c6 f i plugin_test1.obj
 0001:000016df       ?root_is_interface_supported@RGenerator@test1@test@modules@UModSys@@UBE_NPBUSUniquePointerInfo@core@5@@Z 100026df f i plugin_test1.obj
 0001:000016fe       ?get_uid@RGenerator@test1@test@modules@UModSys@@UBEPBUSUniquePointerInfo@core@5@XZ 100026fe f i plugin_test1.obj
 0001:00001704       ?do_open@RModuleReg@test1@test@modules@UModSys@@UAE_NXZ 10002704 f i plugin_test1.obj
 0001:00001762       ?do_close@RModuleReg@test1@test@modules@UModSys@@UAE_NXZ 10002762 f i plugin_test1.obj
 0001:000017b1       ??_ERModuleReg@serialize_json@media@modules@UModSys@@UAEPAXI@Z 100027b1 f i  CIL library: CIL module
 0001:000017b1       ??_ERModuleReg@images_std@media@modules@UModSys@@UAEPAXI@Z 100027b1 f i  CIL library: CIL module
 0001:000017b1       ??_GRModuleReg@SDL_core@ui@modules@UModSys@@UAEPAXI@Z 100027b1 f i umodsys_lib_libui:umodsys.mod.ui.SDL_core.obj
 0001:000017b1       ??_ERModuleReg@test1@test@modules@UModSys@@UAEPAXI@Z 100027b1 f i  CIL library: CIL module
 0001:000017b1       ??_ERModuleReg@SDL_core@ui@modules@UModSys@@UAEPAXI@Z 100027b1 f i  CIL library: CIL module
 0001:000017b1       ??_ERModuleReg@frames@ui@modules@UModSys@@UAEPAXI@Z 100027b1 f i  CIL library: CIL module
 0001:000017b1       ??_ERModuleReg@stdlib@lib2d@modules@UModSys@@UAEPAXI@Z 100027b1 f i  CIL library: CIL module
 0001:000017b1       ??_GRModuleReg@serialize_json@media@modules@UModSys@@UAEPAXI@Z 100027b1 f i umodsys_lib_libmedia:umodsys.mod.media.serialize_json.obj
 0001:000017b1       ??_GRModuleReg@test1@test@modules@UModSys@@UAEPAXI@Z 100027b1 f i plugin_test1.obj
 0001:000017b1       ??_EIModuleReg@base@UModSys@@UAEPAXI@Z 100027b1 f i  CIL library: CIL module
 0001:000017b1       ??_GRModuleReg@images_std@media@modules@UModSys@@UAEPAXI@Z 100027b1 f i umodsys_lib_libmedia:umodsys.mod.media.images_std.obj
 0001:000017b1       ??_GRModuleReg@frames@ui@modules@UModSys@@UAEPAXI@Z 100027b1 f i umodsys_lib_libui:umodsys.mod.ui.frames.obj
 0001:000017b1       ??_GIModuleReg@base@UModSys@@UAEPAXI@Z 100027b1 f i umodsys_lib_base:umodsys.base.modulereg.obj
 0001:000017b1       ??_GRModuleReg@stdlib@lib2d@modules@UModSys@@UAEPAXI@Z 100027b1 f i umodsys_lib_lib2d:umodsys.mod.2d.stdlib.obj
 0001:000017ce       ?get_module@RGenerator@test1@test@modules@UModSys@@UBEPAUIModule@base@5@XZ 100027ce f   plugin_test1.obj
 0001:000017d4       ?mod_inc@RGenerator@test1@test@modules@UModSys@@UBE_NXZ 100027d4 f   plugin_test1.obj
 0001:000017df       ?mod_dec@RGenerator@test1@test@modules@UModSys@@UBE_NXZ 100027df f   plugin_test1.obj
 0001:000017ea       ?s_holder@RGenerator@test1@test@modules@UModSys@@SAAAU?$TTypeStaticHolder@URGenerator@test1@test@modules@UModSys@@@tl@5@XZ 100027ea f   plugin_test1.obj
 0001:0000181c       ??0?$TString@U?$TSCoreConst@D@su@tl@UModSys@@U?$TComparerBinaryHash@D@234@@tl@UModSys@@QAE@PBD@Z 1000281c f i plugin_test1.obj
 0001:00001841       ??8?$TString@U?$TSCoreConst@D@su@tl@UModSys@@U?$TComparerBinaryHash@D@234@@tl@UModSys@@QBE_NPBD@Z 10002841 f i plugin_test1.obj
 0001:00001863       ??4?$TString@U?$TSCoreConst@D@su@tl@UModSys@@U?$TComparerBinaryHash@D@234@@tl@UModSys@@QAEABU012@PBD@Z 10002863 f i plugin_test1.obj
 0001:0000187f       ??4?$TRefObject@UIRefObject@core@UModSys@@U?$TRefObjectFunc@UIRefObject@core@UModSys@@@tl@3@@tl@UModSys@@QAEABU012@PAUIRefObject@core@2@@Z 1000287f f i plugin_test1.obj
 0001:0000187f       ??4?$TRefObject@URFrame_Common@frames@ui@modules@UModSys@@U?$TRefObjectFunc@URFrame_Common@frames@ui@modules@UModSys@@@tl@5@@tl@UModSys@@QAEABU012@PAURFrame_Common@frames@ui@modules@2@@Z 1000287f f i umodsys_lib_libui:umodsys.mod.ui.frames.obj
 0001:0000189a       ??0?$TParametersA@$0EAA@@core@UModSys@@QAE@XZ 1000289a f i plugin_test1.obj
 0001:000018c9       ?update@?$TComparerBinaryHash@D@su@tl@UModSys@@QAEXPBDI@Z 100028c9 f i plugin_test1.obj
 0001:000018f5       ?info_release@?$TSCoreShared@USIMemAlloc@core@UModSys@@D@su@tl@UModSys@@QAEXXZ 100028f5 f i plugin_test1.obj
 0001:00001925       ?info_new@?$TSCoreShared@USIMemAlloc@core@UModSys@@D@su@tl@UModSys@@QAE_NPBDI@Z 10002925 f i plugin_test1.obj
 0001:00001986       ??$generate_type@UIImage@lib2d@UModSys@@@RTest1_Shell@test1@test@modules@UModSys@@QAE?AU?$TRefObject@UIImage@lib2d@UModSys@@U?$TRefObjectFunc@UIImage@lib2d@UModSys@@@tl@3@@tl@4@ABU?$TString@U?$TSCoreConst@D@su@tl@UModSys@@U?$TComparerBinaryHash@D@234@@64@ABUSParameters@core@4@PBD@Z 10002986 f i plugin_test1.obj
 0001:00001a92       ??$generate_type@UIBinArchive@libmedia@UModSys@@@RTest1_Shell@test1@test@modules@UModSys@@QAE?AU?$TRefObject@UIBinArchive@libmedia@UModSys@@U?$TRefObjectFunc@UIBinArchive@libmedia@UModSys@@@tl@3@@tl@4@ABU?$TString@U?$TSCoreConst@D@su@tl@UModSys@@U?$TComparerBinaryHash@D@234@@64@ABUSParameters@core@4@PBD@Z 10002a92 f i plugin_test1.obj
 0001:00001b9a       ??$generate_type@UIBinObjFilter@libmedia@UModSys@@@RTest1_Shell@test1@test@modules@UModSys@@QAE?AU?$TRefObject@UIBinObjFilter@libmedia@UModSys@@U?$TRefObjectFunc@UIBinObjFilter@libmedia@UModSys@@@tl@3@@tl@4@ABU?$TString@U?$TSCoreConst@D@su@tl@UModSys@@U?$TComparerBinaryHash@D@234@@64@ABUSParameters@core@4@PBD@Z 10002b9a f i plugin_test1.obj
 0001:00001ca6       ??$generate_type@UILibraryBinTree@libmedia@UModSys@@@RTest1_Shell@test1@test@modules@UModSys@@QAE?AU?$TRefObject@UILibraryBinTree@libmedia@UModSys@@U?$TRefObjectFunc@UILibraryBinTree@libmedia@UModSys@@@tl@3@@tl@4@ABU?$TString@U?$TSCoreConst@D@su@tl@UModSys@@U?$TComparerBinaryHash@D@234@@64@ABUSParameters@core@4@PBD@Z 10002ca6 f i plugin_test1.obj
 0001:00001db2       ??$generate_type@UILibraryObjFilter@libmedia@UModSys@@@RTest1_Shell@test1@test@modules@UModSys@@QAE?AU?$TRefObject@UILibraryObjFilter@libmedia@UModSys@@U?$TRefObjectFunc@UILibraryObjFilter@libmedia@UModSys@@@tl@3@@tl@4@ABU?$TString@U?$TSCoreConst@D@su@tl@UModSys@@U?$TComparerBinaryHash@D@234@@64@ABUSParameters@core@4@PBD@Z 10002db2 f i plugin_test1.obj
 0001:00001ebe       ??$generate_type@UILibraryLayered@libmedia@UModSys@@@RTest1_Shell@test1@test@modules@UModSys@@QAE?AU?$TRefObject@UILibraryLayered@libmedia@UModSys@@U?$TRefObjectFunc@UILibraryLayered@libmedia@UModSys@@@tl@3@@tl@4@ABU?$TString@U?$TSCoreConst@D@su@tl@UModSys@@U?$TComparerBinaryHash@D@234@@64@ABUSParameters@core@4@PBD@Z 10002ebe f i plugin_test1.obj
 0001:00001fca       ??$generate_type@UILibraryObjCache@libmedia@UModSys@@@RTest1_Shell@test1@test@modules@UModSys@@QAE?AU?$TRefObject@UILibraryObjCache@libmedia@UModSys@@U?$TRefObjectFunc@UILibraryObjCache@libmedia@UModSys@@@tl@3@@tl@4@ABU?$TString@U?$TSCoreConst@D@su@tl@UModSys@@U?$TComparerBinaryHash@D@234@@64@ABUSParameters@core@4@PBD@Z 10002fca f i plugin_test1.obj
 0001:000020d6       ??$generate_type@UILibraryBinCache@libmedia@UModSys@@@RTest1_Shell@test1@test@modules@UModSys@@QAE?AU?$TRefObject@UILibraryBinCache@libmedia@UModSys@@U?$TRefObjectFunc@UILibraryBinCache@libmedia@UModSys@@@tl@3@@tl@4@ABU?$TString@U?$TSCoreConst@D@su@tl@UModSys@@U?$TComparerBinaryHash@D@234@@64@ABUSParameters@core@4@PBD@Z 100030d6 f i plugin_test1.obj
 0001:000021e2       ??$generate_type@UISerializeWriter@libmedia@UModSys@@@RTest1_Shell@test1@test@modules@UModSys@@QAE?AU?$TRefObject@UISerializeWriter@libmedia@UModSys@@U?$TRefObjectFunc@UISerializeWriter@libmedia@UModSys@@@tl@3@@tl@4@ABU?$TString@U?$TSCoreConst@D@su@tl@UModSys@@U?$TComparerBinaryHash@D@234@@64@ABUSParameters@core@4@PBD@Z 100031e2 f i plugin_test1.obj
 0001:000022ee       ??$generate_type@UISerializeReader@libmedia@UModSys@@@RTest1_Shell@test1@test@modules@UModSys@@QAE?AU?$TRefObject@UISerializeReader@libmedia@UModSys@@U?$TRefObjectFunc@UISerializeReader@libmedia@UModSys@@@tl@3@@tl@4@ABU?$TString@U?$TSCoreConst@D@su@tl@UModSys@@U?$TComparerBinaryHash@D@234@@64@ABUSParameters@core@4@PBD@Z 100032ee f i plugin_test1.obj
 0001:000023fa       ??1?$TRefObject@UIModObject@base@UModSys@@U?$TModObjectFunc@UIModObject@base@UModSys@@@tl@3@@tl@UModSys@@QAE@XZ 100033fa f i plugin_test1.obj
 0001:00002410       ?s_init@?$TModObjectFunc@UIModObject@base@UModSys@@@tl@UModSys@@SAXAAPAUIModObject@base@3@PAU453@@Z 10003410 f i plugin_test1.obj
 0001:00002429       ??$t_ref_get_other_interface@UIStreamReader@libmedia@UModSys@@U?$TRefObjectFunc@UIStreamReader@libmedia@UModSys@@@tl@3@@IRefObject@core@UModSys@@QAE_NAAU?$TRefObject@UIStreamReader@libmedia@UModSys@@U?$TRefObjectFunc@UIStreamReader@libmedia@UModSys@@@tl@3@@tl@2@@Z 10003429 f i plugin_test1.obj
 0001:00002458       ??$t_ref_get_other_interface@UIStreamWriter@libmedia@UModSys@@U?$TRefObjectFunc@UIStreamWriter@libmedia@UModSys@@@tl@3@@IRefObject@core@UModSys@@QAE_NAAU?$TRefObject@UIStreamWriter@libmedia@UModSys@@U?$TRefObjectFunc@UIStreamWriter@libmedia@UModSys@@@tl@3@@tl@2@@Z 10003458 f i plugin_test1.obj
 0001:00002487       ??$t_ref_get_other_interface@UIMultiImage@lib2d@UModSys@@U?$TRefObjectFunc@UIMultiImage@lib2d@UModSys@@@tl@3@@IRefObject@core@UModSys@@QAE_NAAU?$TRefObject@UIMultiImage@lib2d@UModSys@@U?$TRefObjectFunc@UIMultiImage@lib2d@UModSys@@@tl@3@@tl@2@@Z 10003487 f i plugin_test1.obj
 0001:000024b6       ??$t_ref_get_other_interface@UIRenderDriver@lib2d@UModSys@@U?$TRefObjectFunc@UIRenderDriver@lib2d@UModSys@@@tl@3@@IRefObject@core@UModSys@@QAE_NAAU?$TRefObject@UIRenderDriver@lib2d@UModSys@@U?$TRefObjectFunc@UIRenderDriver@lib2d@UModSys@@@tl@3@@tl@2@@Z 100034b6 f i plugin_test1.obj
 0001:000024e5       ??$t_generate@UIImage@lib2d@UModSys@@@SModuleContext@base@UModSys@@QAE_NAAU?$TRefObject@UIImage@lib2d@UModSys@@U?$TRefObjectFunc@UIImage@lib2d@UModSys@@@tl@3@@tl@2@PBUSUniquePointerInfo@core@2@ABUSParameters@62@@Z 100034e5 f i plugin_test1.obj
 0001:00002556       ??$t_generate@UIBinArchive@libmedia@UModSys@@@SModuleContext@base@UModSys@@QAE_NAAU?$TRefObject@UIBinArchive@libmedia@UModSys@@U?$TRefObjectFunc@UIBinArchive@libmedia@UModSys@@@tl@3@@tl@2@PBUSUniquePointerInfo@core@2@ABUSParameters@62@@Z 10003556 f i plugin_test1.obj
 0001:000025f2       ??$t_generate@UIBinObjFilter@libmedia@UModSys@@@SModuleContext@base@UModSys@@QAE_NAAU?$TRefObject@UIBinObjFilter@libmedia@UModSys@@U?$TRefObjectFunc@UIBinObjFilter@libmedia@UModSys@@@tl@3@@tl@2@PBUSUniquePointerInfo@core@2@ABUSParameters@62@@Z 100035f2 f i plugin_test1.obj
 0001:0000268e       ??$t_generate@UILibraryBinTree@libmedia@UModSys@@@SModuleContext@base@UModSys@@QAE_NAAU?$TRefObject@UILibraryBinTree@libmedia@UModSys@@U?$TRefObjectFunc@UILibraryBinTree@libmedia@UModSys@@@tl@3@@tl@2@PBUSUniquePointerInfo@core@2@ABUSParameters@62@@Z 1000368e f i plugin_test1.obj
 0001:0000272a       ??$t_generate@UILibraryObjFilter@libmedia@UModSys@@@SModuleContext@base@UModSys@@QAE_NAAU?$TRefObject@UILibraryObjFilter@libmedia@UModSys@@U?$TRefObjectFunc@UILibraryObjFilter@libmedia@UModSys@@@tl@3@@tl@2@PBUSUniquePointerInfo@core@2@ABUSParameters@62@@Z 1000372a f i plugin_test1.obj
 0001:000027c6       ??$t_generate@UILibraryLayered@libmedia@UModSys@@@SModuleContext@base@UModSys@@QAE_NAAU?$TRefObject@UILibraryLayered@libmedia@UModSys@@U?$TRefObjectFunc@UILibraryLayered@libmedia@UModSys@@@tl@3@@tl@2@PBUSUniquePointerInfo@core@2@ABUSParameters@62@@Z 100037c6 f i plugin_test1.obj
 0001:00002862       ??$t_generate@UILibraryObjCache@libmedia@UModSys@@@SModuleContext@base@UModSys@@QAE_NAAU?$TRefObject@UILibraryObjCache@libmedia@UModSys@@U?$TRefObjectFunc@UILibraryObjCache@libmedia@UModSys@@@tl@3@@tl@2@PBUSUniquePointerInfo@core@2@ABUSParameters@62@@Z 10003862 f i plugin_test1.obj
 0001:000028fe       ??$t_generate@UILibraryBinCache@libmedia@UModSys@@@SModuleContext@base@UModSys@@QAE_NAAU?$TRefObject@UILibraryBinCache@libmedia@UModSys@@U?$TRefObjectFunc@UILibraryBinCache@libmedia@UModSys@@@tl@3@@tl@2@PBUSUniquePointerInfo@core@2@ABUSParameters@62@@Z 100038fe f i plugin_test1.obj
 0001:0000299a       ??$t_generate@UISerializeWriter@libmedia@UModSys@@@SModuleContext@base@UModSys@@QAE_NAAU?$TRefObject@UISerializeWriter@libmedia@UModSys@@U?$TRefObjectFunc@UISerializeWriter@libmedia@UModSys@@@tl@3@@tl@2@PBUSUniquePointerInfo@core@2@ABUSParameters@62@@Z 1000399a f i plugin_test1.obj
 0001:00002a36       ??$t_generate@UISerializeReader@libmedia@UModSys@@@SModuleContext@base@UModSys@@QAE_NAAU?$TRefObject@UISerializeReader@libmedia@UModSys@@U?$TRefObjectFunc@UISerializeReader@libmedia@UModSys@@@tl@3@@tl@2@PBUSUniquePointerInfo@core@2@ABUSParameters@62@@Z 10003a36 f i plugin_test1.obj
 0001:00002ad2       ??$t_ref_get_other_interface@UIImage@lib2d@UModSys@@U?$TRefObjectFunc@UIImage@lib2d@UModSys@@@tl@3@@IRefObject@core@UModSys@@QAE_NAAU?$TRefObject@UIImage@lib2d@UModSys@@U?$TRefObjectFunc@UIImage@lib2d@UModSys@@@tl@3@@tl@2@@Z 10003ad2 f i plugin_test1.obj
 0001:00002b01       ?ConvertSameSize@stdlib@lib2d@modules@UModSys@@YA_NW4eImageType@24@ABU?$TVector2@H@math3d@4@11ABUSMem@core@4@11ABUSCMem@94@@Z 10003b01 f i umodsys_lib_lib2d:umodsys.mod.2d.stdlib.obj
 0001:00002b84       ?ConvertSame@stdlib@lib2d@modules@UModSys@@YA_NW4eImageType@24@ABU?$TBoundBox2@H@math3d@4@ABU?$TVector2@H@74@ABUSMem@core@4@12ABUSCMem@core@4@@Z 10003b84 f i umodsys_lib_lib2d:umodsys.mod.2d.stdlib.obj
 0001:00002be7       ?Convert@stdlib@lib2d@modules@UModSys@@YA_NABU?$TBoundBox2@H@math3d@4@ABUSImageInfo@24@ABUSMem@core@4@01ABUSCMem@94@@Z 10003be7 f i umodsys_lib_lib2d:umodsys.mod.2d.stdlib.obj
 0001:00002c49       ?root_get_interface_info@RImage_Memory@stdlib@lib2d@modules@UModSys@@UBEABUSUniquePointerInfo@core@5@XZ 10003c49 f i umodsys_lib_lib2d:umodsys.mod.2d.stdlib.obj
 0001:00002c4f       ?root_get_interface_type@RImage_Memory@stdlib@lib2d@modules@UModSys@@UBEPBUSUniquePointerInfo@core@5@XZ 10003c4f f i umodsys_lib_lib2d:umodsys.mod.2d.stdlib.obj
 0001:00002c55       ?root_get_other_interface@RImage_Memory@stdlib@lib2d@modules@UModSys@@UAEPAUIRoot@core@5@PBUSUniquePointerInfo@75@@Z 10003c55 f i umodsys_lib_lib2d:umodsys.mod.2d.stdlib.obj
 0001:00002c55       ?root_get_other_interface@RImage_Memory@stdlib@lib2d@modules@UModSys@@UBEPBUIRoot@core@5@PBUSUniquePointerInfo@75@@Z 10003c55 f i umodsys_lib_lib2d:umodsys.mod.2d.stdlib.obj
 0001:00002c76       ?root_is_interface_supported@RImage_Memory@stdlib@lib2d@modules@UModSys@@UBE_NPBUSUniquePointerInfo@core@5@@Z 10003c76 f i umodsys_lib_lib2d:umodsys.mod.2d.stdlib.obj
 0001:00002c9d       ?suicide@RImage_Memory@stdlib@lib2d@modules@UModSys@@UAEXXZ 10003c9d f i umodsys_lib_lib2d:umodsys.mod.2d.stdlib.obj
 0001:00002c9d       ?suicide@RTerminal@SDL_core@ui@modules@UModSys@@UAEXXZ 10003c9d f i umodsys_lib_libui:umodsys.mod.ui.SDL_core.obj
 0001:00002c9d       ?suicide@RSerializeReader@serialize_json@media@modules@UModSys@@UAEXXZ 10003c9d f i umodsys_lib_libmedia:umodsys.mod.media.serialize_json.obj
 0001:00002ce4       ??0State@RImage_Memory@stdlib@lib2d@modules@UModSys@@QAE@XZ 10003ce4 f i umodsys_lib_lib2d:umodsys.mod.2d.stdlib.obj
 0001:00002d16       ?set_info@RImage_Memory@stdlib@lib2d@modules@UModSys@@UAE_NABUSImagePatchInfo@35@PBD@Z 10003d16 f i umodsys_lib_lib2d:umodsys.mod.2d.stdlib.obj
 0001:00002e7e       ?set_data@RImage_Memory@stdlib@lib2d@modules@UModSys@@UAE_NABUSImagePatchInfo@35@ABUSCMem@core@5@H@Z 10003e7e f i umodsys_lib_lib2d:umodsys.mod.2d.stdlib.obj
 0001:00002ee8       ?get_info@RImage_Memory@stdlib@lib2d@modules@UModSys@@UBEABUSImageInfo@35@XZ 10003ee8 f i umodsys_lib_lib2d:umodsys.mod.2d.stdlib.obj
 0001:00002eec       ?get_data@RImage_Memory@stdlib@lib2d@modules@UModSys@@UBE_NABUSImagePatchInfo@35@ABUSMem@core@5@H@Z 10003eec f i umodsys_lib_lib2d:umodsys.mod.2d.stdlib.obj
 0001:00002f72       ?get_layer@RMultiImage2D_SDL_ttf@SDL_core@ui@modules@UModSys@@UAEPAUIImage@lib2d@5@H@Z 10003f72 f i umodsys_lib_libui:umodsys.mod.ui.SDL_core.obj
 0001:00002f72       ?get_hwcinfo@RImage_Memory@stdlib@lib2d@modules@UModSys@@UBEPBXPBUSUniquePointerInfo@core@5@@Z 10003f72 f i umodsys_lib_lib2d:umodsys.mod.2d.stdlib.obj
 0001:00002f72       ?get_controller@RRenderDriver2D@SDL_core@ui@modules@UModSys@@UBEPAUIRefObject@core@5@PBUSUniquePointerInfo@75@@Z 10003f72 f i umodsys_lib_libui:umodsys.mod.ui.SDL_core.obj
 0001:00002f72       ?get_hwinfo@RImage_Memory@stdlib@lib2d@modules@UModSys@@UAEPAXPBUSUniquePointerInfo@core@5@@Z 10003f72 f i umodsys_lib_lib2d:umodsys.mod.2d.stdlib.obj
 0001:00002f77       ??0RImage_Memory@stdlib@lib2d@modules@UModSys@@QAE@PAUIModObject@base@4@ABUSParameters@core@4@@Z 10003f77 f i umodsys_lib_lib2d:umodsys.mod.2d.stdlib.obj
 0001:00002fc3       ??4State@RImage_Memory@stdlib@lib2d@modules@UModSys@@QAEAAU012345@ABU012345@@Z 10003fc3 f i umodsys_lib_lib2d:umodsys.mod.2d.stdlib.obj
 0001:00003013       ??_GRImage_Memory@stdlib@lib2d@modules@UModSys@@UAEPAXI@Z 10004013 f i umodsys_lib_lib2d:umodsys.mod.2d.stdlib.obj
 0001:00003013       ??_ERImage_Memory@stdlib@lib2d@modules@UModSys@@UAEPAXI@Z 10004013 f i  CIL library: CIL module
 0001:0000305a       ?get_generated_names@RGenerator@stdlib@lib2d@modules@UModSys@@UBEHAAUSUniquePtrList@core@5@@Z 1000405a f i umodsys_lib_lib2d:umodsys.mod.2d.stdlib.obj
 0001:00003073       ?get_generated_types@RGenerator@stdlib@lib2d@modules@UModSys@@UBEHAAUSUniquePtrList@core@5@PBUSUniquePointerInfo@75@@Z 10004073 f i umodsys_lib_lib2d:umodsys.mod.2d.stdlib.obj
 0001:000030a5       ?generate@RGenerator@stdlib@lib2d@modules@UModSys@@UAE_NAAU?$TRefObject@UIRefObject@core@UModSys@@U?$TRefObjectFunc@UIRefObject@core@UModSys@@@tl@3@@tl@5@PBUSUniquePointerInfo@core@5@ABUSParameters@95@@Z 100040a5 f i umodsys_lib_lib2d:umodsys.mod.2d.stdlib.obj
 0001:000030c6       ?root_get_interface_info@RGenerator@stdlib@lib2d@modules@UModSys@@UBEABUSUniquePointerInfo@core@5@XZ 100040c6 f i umodsys_lib_lib2d:umodsys.mod.2d.stdlib.obj
 0001:000030cc       ?root_get_interface_type@RGenerator@stdlib@lib2d@modules@UModSys@@UBEPBUSUniquePointerInfo@core@5@XZ 100040cc f i umodsys_lib_lib2d:umodsys.mod.2d.stdlib.obj
 0001:000030d2       ?root_get_other_interface@RGenerator@stdlib@lib2d@modules@UModSys@@UBEPBUIRoot@core@5@PBUSUniquePointerInfo@75@@Z 100040d2 f i umodsys_lib_lib2d:umodsys.mod.2d.stdlib.obj
 0001:000030d2       ?root_get_other_interface@RGenerator@stdlib@lib2d@modules@UModSys@@UAEPAUIRoot@core@5@PBUSUniquePointerInfo@75@@Z 100040d2 f i umodsys_lib_lib2d:umodsys.mod.2d.stdlib.obj
 0001:000030eb       ?root_is_interface_supported@RGenerator@stdlib@lib2d@modules@UModSys@@UBE_NPBUSUniquePointerInfo@core@5@@Z 100040eb f i umodsys_lib_lib2d:umodsys.mod.2d.stdlib.obj
 0001:0000310a       ?get_uid@RGenerator@stdlib@lib2d@modules@UModSys@@UBEPBUSUniquePointerInfo@core@5@XZ 1000410a f i umodsys_lib_lib2d:umodsys.mod.2d.stdlib.obj
 0001:00003110       ?do_open@RModuleReg@stdlib@lib2d@modules@UModSys@@UAE_NXZ 10004110 f i umodsys_lib_lib2d:umodsys.mod.2d.stdlib.obj
 0001:0000315e       ?do_close@RModuleReg@stdlib@lib2d@modules@UModSys@@UAE_NXZ 1000415e f i umodsys_lib_lib2d:umodsys.mod.2d.stdlib.obj
 0001:00003199       ?get_module@RGenerator@stdlib@lib2d@modules@UModSys@@UBEPAUIModule@base@5@XZ 10004199 f   umodsys_lib_lib2d:umodsys.mod.2d.stdlib.obj
 0001:0000319f       ?mod_inc@RGenerator@stdlib@lib2d@modules@UModSys@@UBE_NXZ 1000419f f   umodsys_lib_lib2d:umodsys.mod.2d.stdlib.obj
 0001:000031aa       ?mod_dec@RGenerator@stdlib@lib2d@modules@UModSys@@UBE_NXZ 100041aa f   umodsys_lib_lib2d:umodsys.mod.2d.stdlib.obj
 0001:000031b5       ?s_holder@RGenerator@stdlib@lib2d@modules@UModSys@@SAAAU?$TTypeStaticHolder@URGenerator@stdlib@lib2d@modules@UModSys@@@tl@5@XZ 100041b5 f   umodsys_lib_lib2d:umodsys.mod.2d.stdlib.obj
 0001:000031e7       ??$t_gen_param@URImage_Memory@stdlib@lib2d@modules@UModSys@@URGenerator@2345@@IGenerator@base@UModSys@@IAE_NPAURGenerator@stdlib@lib2d@modules@2@AAU?$TRefObject@UIRefObject@core@UModSys@@U?$TRefObjectFunc@UIRefObject@core@UModSys@@@tl@3@@tl@2@PBUSUniquePointerInfo@core@2@ABUSParameters@core@2@@Z 100041e7 f i umodsys_lib_lib2d:umodsys.mod.2d.stdlib.obj
 0001:00003279       ?remove@WeakPointer@IRefObject@core@UModSys@@QAEXXZ 10004279 f i umodsys_lib_libui:umodsys.mod.ui.SDL_core.obj
 0001:0000329f       ?get@SParameters@core@UModSys@@QBE_NPBDAAPBD@Z 1000429f f i umodsys_lib_libui:umodsys.mod.ui.SDL_core.obj
 0001:000032ba       ?get@SParameters@core@UModSys@@QBE_NPBDAAH@Z 100042ba f i umodsys_lib_libui:umodsys.mod.ui.SDL_core.obj
 0001:000032d5       ?root_get_interface_info@RMultiImage2D_SDL_ttf@SDL_core@ui@modules@UModSys@@UBEABUSUniquePointerInfo@core@5@XZ 100042d5 f i umodsys_lib_libui:umodsys.mod.ui.SDL_core.obj
 0001:000032db       ?root_get_interface_type@RMultiImage2D_SDL_ttf@SDL_core@ui@modules@UModSys@@UBEPBUSUniquePointerInfo@core@5@XZ 100042db f i umodsys_lib_libui:umodsys.mod.ui.SDL_core.obj
 0001:000032e1       ?root_get_other_interface@RMultiImage2D_SDL_ttf@SDL_core@ui@modules@UModSys@@UAEPAUIRoot@core@5@PBUSUniquePointerInfo@75@@Z 100042e1 f i umodsys_lib_libui:umodsys.mod.ui.SDL_core.obj
 0001:000032e1       ?root_get_other_interface@RMultiImage2D_SDL_ttf@SDL_core@ui@modules@UModSys@@UBEPBUIRoot@core@5@PBUSUniquePointerInfo@75@@Z 100042e1 f i umodsys_lib_libui:umodsys.mod.ui.SDL_core.obj
 0001:00003302       ?root_is_interface_supported@RMultiImage2D_SDL_ttf@SDL_core@ui@modules@UModSys@@UBE_NPBUSUniquePointerInfo@core@5@@Z 10004302 f i umodsys_lib_libui:umodsys.mod.ui.SDL_core.obj
 0001:00003329       ??0RMultiImage2D_SDL_ttf@SDL_core@ui@modules@UModSys@@QAE@PAURRenderDriver2D@1234@ABUSParameters@core@4@@Z 10004329 f i umodsys_lib_libui:umodsys.mod.ui.SDL_core.obj
 0001:0000338d       ?open@RMultiImage2D_SDL_ttf@SDL_core@ui@modules@UModSys@@QAE_NABUSParameters@core@5@@Z 1000438d f i umodsys_lib_libui:umodsys.mod.ui.SDL_core.obj
 0001:0000342b       ?generate_glyphs@RMultiImage2D_SDL_ttf@SDL_core@ui@modules@UModSys@@QAE_NXZ 1000442b f i umodsys_lib_libui:umodsys.mod.ui.SDL_core.obj
 0001:000035bc       ??_ERMultiImage2D_SDL_ttf@SDL_core@ui@modules@UModSys@@UAEPAXI@Z 100045bc f i  CIL library: CIL module
 0001:000035bc       ??_GRMultiImage2D_SDL_ttf@SDL_core@ui@modules@UModSys@@UAEPAXI@Z 100045bc f i umodsys_lib_libui:umodsys.mod.ui.SDL_core.obj
 0001:00003624       ?root_get_interface_info@RRenderDriver2D@SDL_core@ui@modules@UModSys@@UBEABUSUniquePointerInfo@core@5@XZ 10004624 f i umodsys_lib_libui:umodsys.mod.ui.SDL_core.obj
 0001:0000362a       ?root_get_interface_type@RRenderDriver2D@SDL_core@ui@modules@UModSys@@UBEPBUSUniquePointerInfo@core@5@XZ 1000462a f i umodsys_lib_libui:umodsys.mod.ui.SDL_core.obj
 0001:00003630       ?root_get_other_interface@RRenderDriver2D@SDL_core@ui@modules@UModSys@@UBEPBUIRoot@core@5@PBUSUniquePointerInfo@75@@Z 10004630 f i umodsys_lib_libui:umodsys.mod.ui.SDL_core.obj
 0001:00003630       ?root_get_other_interface@RRenderDriver2D@SDL_core@ui@modules@UModSys@@UAEPAUIRoot@core@5@PBUSUniquePointerInfo@75@@Z 10004630 f i umodsys_lib_libui:umodsys.mod.ui.SDL_core.obj
 0001:00003651       ?root_is_interface_supported@RRenderDriver2D@SDL_core@ui@modules@UModSys@@UBE_NPBUSUniquePointerInfo@core@5@@Z 10004651 f i umodsys_lib_libui:umodsys.mod.ui.SDL_core.obj
 0001:00003678       ??0RRenderDriver2D@SDL_core@ui@modules@UModSys@@QAE@PAURTerminal@1234@ABUSParameters@core@4@@Z 10004678 f i umodsys_lib_libui:umodsys.mod.ui.SDL_core.obj
 0001:0000371b       ?close@RRenderDriver2D@SDL_core@ui@modules@UModSys@@QAEXXZ 1000471b f i umodsys_lib_libui:umodsys.mod.ui.SDL_core.obj
 0001:00003740       ?open@RRenderDriver2D@SDL_core@ui@modules@UModSys@@QAE_NABUSParameters@core@5@@Z 10004740 f i umodsys_lib_libui:umodsys.mod.ui.SDL_core.obj
 0001:00003879       ?set_color@RRenderDriver2D@SDL_core@ui@modules@UModSys@@QAEXXZ 10004879 f i umodsys_lib_libui:umodsys.mod.ui.SDL_core.obj
 0001:000038dc       ?begin@RRenderDriver2D@SDL_core@ui@modules@UModSys@@UAEXXZ 100048dc f i umodsys_lib_libui:umodsys.mod.ui.SDL_core.obj
 0001:00003939       ?end@RRenderDriver2D@SDL_core@ui@modules@UModSys@@UAEXXZ 10004939 f i umodsys_lib_libui:umodsys.mod.ui.SDL_core.obj
 0001:00003948       ?get_max_values@RRenderDriver2D@SDL_core@ui@modules@UModSys@@UBEPBUSParameters@core@5@XZ 10004948 f i umodsys_lib_libui:umodsys.mod.ui.SDL_core.obj
 0001:0000394c       ?get_frame_values@RRenderDriver2D@SDL_core@ui@modules@UModSys@@UBEPBUSParameters@core@5@XZ 1000494c f i umodsys_lib_libui:umodsys.mod.ui.SDL_core.obj
 0001:00003953       ?setup_font@RRenderDriver2D@SDL_core@ui@modules@UModSys@@UAE_NPAUIMultiImage@lib2d@5@PBU?$TVector2@M@math3d@5@@Z 10004953 f i umodsys_lib_libui:umodsys.mod.ui.SDL_core.obj
 0001:000039a5       ?setup_color@RRenderDriver2D@SDL_core@ui@modules@UModSys@@UAEXABU?$TVector3@M@math3d@5@@Z 100049a5 f i umodsys_lib_libui:umodsys.mod.ui.SDL_core.obj
 0001:000039cc       ?setup_color@RRenderDriver2D@SDL_core@ui@modules@UModSys@@UAEXABU?$TVector3@H@math3d@5@@Z 100049cc f i umodsys_lib_libui:umodsys.mod.ui.SDL_core.obj
 0001:00003a0f       ?setup_coloralpha@RRenderDriver2D@SDL_core@ui@modules@UModSys@@UAEXABU?$TVector4@M@math3d@5@H@Z 10004a0f f i umodsys_lib_libui:umodsys.mod.ui.SDL_core.obj
 0001:00003a35       ?setup_coloralpha@RRenderDriver2D@SDL_core@ui@modules@UModSys@@UAEXABU?$TVector4@H@math3d@5@H@Z 10004a35 f i umodsys_lib_libui:umodsys.mod.ui.SDL_core.obj
 0001:00003a8d       ?setup_blendcolor@RRenderDriver2D@SDL_core@ui@modules@UModSys@@UAEXABUSBlendColor@lib2d@5@@Z 10004a8d f i umodsys_lib_libui:umodsys.mod.ui.SDL_core.obj
 0001:00003ae5       ?setup_blendcolor@RRenderDriver2D@SDL_core@ui@modules@UModSys@@UAEXABUSBlendColorf@lib2d@5@@Z 10004ae5 f i umodsys_lib_libui:umodsys.mod.ui.SDL_core.obj
 0001:00003b27       ?setup_alpha@RRenderDriver2D@SDL_core@ui@modules@UModSys@@UAEXHH@Z 10004b27 f i umodsys_lib_libui:umodsys.mod.ui.SDL_core.obj
 0001:00003b4d       ?setup_alpha@RRenderDriver2D@SDL_core@ui@modules@UModSys@@UAEXMH@Z 10004b4d f i umodsys_lib_libui:umodsys.mod.ui.SDL_core.obj
 0001:00003b6d       ?render_text_advanced@RRenderDriver2D@SDL_core@ui@modules@UModSys@@UAE_NAAUTextInfo@IRenderDriver@lib2d@5@PBHH@Z 10004b6d f i umodsys_lib_libui:umodsys.mod.ui.SDL_core.obj
 0001:00003d21       ?render_box@RRenderDriver2D@SDL_core@ui@modules@UModSys@@UAEXABU?$TVector2@H@math3d@5@0@Z 10004d21 f i umodsys_lib_libui:umodsys.mod.ui.SDL_core.obj
 0001:00003d6e       ?render_tri@RRenderDriver2D@SDL_core@ui@modules@UModSys@@UAEXABU?$TVector2@H@math3d@5@00@Z 10004d6e f i umodsys_lib_libui:umodsys.mod.ui.SDL_core.obj
 0001:00003dc2       ?render_quad@RRenderDriver2D@SDL_core@ui@modules@UModSys@@UAEXABU?$TVector2@H@math3d@5@000@Z 10004dc2 f i umodsys_lib_libui:umodsys.mod.ui.SDL_core.obj
 0001:00003e24       ?render_box@RRenderDriver2D@SDL_core@ui@modules@UModSys@@UAEXPAUIImage@lib2d@5@ABU?$TVector2@H@math3d@5@1ABU?$TVector2@M@95@2@Z 10004e24 f i umodsys_lib_libui:umodsys.mod.ui.SDL_core.obj
 0001:00003e27       ?render_line@RRenderDriver2D@SDL_core@ui@modules@UModSys@@UAEXABU?$TVector2@H@math3d@5@0@Z 10004e27 f i umodsys_lib_libui:umodsys.mod.ui.SDL_core.obj
 0001:00003e4c       ?render_rect@RRenderDriver2D@SDL_core@ui@modules@UModSys@@UAEXABU?$TVector2@H@math3d@5@0@Z 10004e4c f i umodsys_lib_libui:umodsys.mod.ui.SDL_core.obj
 0001:00003e99       ??_GRRenderDriver2D@SDL_core@ui@modules@UModSys@@UAEPAXI@Z 10004e99 f i umodsys_lib_libui:umodsys.mod.ui.SDL_core.obj
 0001:00003e99       ??_ERRenderDriver2D@SDL_core@ui@modules@UModSys@@UAEPAXI@Z 10004e99 f i  CIL library: CIL module
 0001:00003f10       ?root_get_interface_info@RMouseController@SDL_core@ui@modules@UModSys@@UBEABUSUniquePointerInfo@core@5@XZ 10004f10 f i umodsys_lib_libui:umodsys.mod.ui.SDL_core.obj
 0001:00003f16       ?root_get_interface_type@RMouseController@SDL_core@ui@modules@UModSys@@UBEPBUSUniquePointerInfo@core@5@XZ 10004f16 f i umodsys_lib_libui:umodsys.mod.ui.SDL_core.obj
 0001:00003f1c       ?root_get_other_interface@RMouseController@SDL_core@ui@modules@UModSys@@UBEPBUIRoot@core@5@PBUSUniquePointerInfo@75@@Z 10004f1c f i umodsys_lib_libui:umodsys.mod.ui.SDL_core.obj
 0001:00003f1c       ?root_get_other_interface@RMouseController@SDL_core@ui@modules@UModSys@@UAEPAUIRoot@core@5@PBUSUniquePointerInfo@75@@Z 10004f1c f i umodsys_lib_libui:umodsys.mod.ui.SDL_core.obj
 0001:00003f3d       ?root_is_interface_supported@RMouseController@SDL_core@ui@modules@UModSys@@UBE_NPBUSUniquePointerInfo@core@5@@Z 10004f3d f i umodsys_lib_libui:umodsys.mod.ui.SDL_core.obj
 0001:00003f64       ?suicide@RMouseController@SDL_core@ui@modules@UModSys@@UAEXXZ 10004f64 f i umodsys_lib_libui:umodsys.mod.ui.SDL_core.obj
 0001:00003f64       ?suicide@RRenderDriver2D@SDL_core@ui@modules@UModSys@@UAEXXZ 10004f64 f i umodsys_lib_libui:umodsys.mod.ui.SDL_core.obj
 0001:00003f64       ?suicide@RMultiImage2D_SDL_ttf@SDL_core@ui@modules@UModSys@@UAEXXZ 10004f64 f i umodsys_lib_libui:umodsys.mod.ui.SDL_core.obj
 0001:00003f64       ?suicide@RKeyboardController@SDL_core@ui@modules@UModSys@@UAEXXZ 10004f64 f i umodsys_lib_libui:umodsys.mod.ui.SDL_core.obj
 0001:00003f64       ?suicide@RDialog@frames@ui@modules@UModSys@@UAEXXZ 10004f64 f i umodsys_lib_libui:umodsys.mod.ui.frames.obj
 0001:00003fa4       ??0RMouseController@SDL_core@ui@modules@UModSys@@QAE@PAURTerminal@1234@ABUSParameters@core@4@@Z 10004fa4 f i umodsys_lib_libui:umodsys.mod.ui.SDL_core.obj
 0001:00003ff2       ?process@RMouseController@SDL_core@ui@modules@UModSys@@QAE_NAAUSDL_MouseMotionEvent@@@Z 10004ff2 f i umodsys_lib_libui:umodsys.mod.ui.SDL_core.obj
 0001:000040d9       ?process@RMouseController@SDL_core@ui@modules@UModSys@@QAE_NAAUSDL_MouseButtonEvent@@@Z 100050d9 f i umodsys_lib_libui:umodsys.mod.ui.SDL_core.obj
 0001:000041a0       ?process@RMouseController@SDL_core@ui@modules@UModSys@@QAE_NAAUSDL_MouseWheelEvent@@@Z 100051a0 f i umodsys_lib_libui:umodsys.mod.ui.SDL_core.obj
 0001:00004241       ?mouse_link@RMouseController@SDL_core@ui@modules@UModSys@@UAE_NHPAUIRefObject@core@5@PAUIMouseClient@libui@5@H@Z 10005241 f i umodsys_lib_libui:umodsys.mod.ui.SDL_core.obj
 0001:00004280       ??_GRMouseController@SDL_core@ui@modules@UModSys@@UAEPAXI@Z 10005280 f i umodsys_lib_libui:umodsys.mod.ui.SDL_core.obj
 0001:00004280       ??_ERMouseController@SDL_core@ui@modules@UModSys@@UAEPAXI@Z 10005280 f i  CIL library: CIL module
 0001:000042d6       ?root_get_interface_info@RKeyboardController@SDL_core@ui@modules@UModSys@@UBEABUSUniquePointerInfo@core@5@XZ 100052d6 f i umodsys_lib_libui:umodsys.mod.ui.SDL_core.obj
 0001:000042dc       ?root_get_interface_type@RKeyboardController@SDL_core@ui@modules@UModSys@@UBEPBUSUniquePointerInfo@core@5@XZ 100052dc f i umodsys_lib_libui:umodsys.mod.ui.SDL_core.obj
 0001:000042e2       ?root_get_other_interface@RKeyboardController@SDL_core@ui@modules@UModSys@@UBEPBUIRoot@core@5@PBUSUniquePointerInfo@75@@Z 100052e2 f i umodsys_lib_libui:umodsys.mod.ui.SDL_core.obj
 0001:000042e2       ?root_get_other_interface@RKeyboardController@SDL_core@ui@modules@UModSys@@UAEPAUIRoot@core@5@PBUSUniquePointerInfo@75@@Z 100052e2 f i umodsys_lib_libui:umodsys.mod.ui.SDL_core.obj
 0001:00004303       ?root_is_interface_supported@RKeyboardController@SDL_core@ui@modules@UModSys@@UBE_NPBUSUniquePointerInfo@core@5@@Z 10005303 f i umodsys_lib_libui:umodsys.mod.ui.SDL_core.obj
 0001:0000432a       ??0RKeyboardController@SDL_core@ui@modules@UModSys@@QAE@PAURTerminal@1234@ABUSParameters@core@4@@Z 1000532a f i umodsys_lib_libui:umodsys.mod.ui.SDL_core.obj
 0001:00004378       ?process@RKeyboardController@SDL_core@ui@modules@UModSys@@QAE_NAAUSDL_KeyboardEvent@@@Z 10005378 f i umodsys_lib_libui:umodsys.mod.ui.SDL_core.obj
 0001:00004419       ?process@RKeyboardController@SDL_core@ui@modules@UModSys@@QAE_NAAUSDL_TextInputEvent@@@Z 10005419 f i umodsys_lib_libui:umodsys.mod.ui.SDL_core.obj
 0001:000044be       ?map_keycode@RKeyboardController@SDL_core@ui@modules@UModSys@@QAE?AW4eKeyCode@libui@5@H@Z 100054be f i umodsys_lib_libui:umodsys.mod.ui.SDL_core.obj
 0001:00004939       ?map_keyspecial@RKeyboardController@SDL_core@ui@modules@UModSys@@QAEFG@Z 10005939 f i umodsys_lib_libui:umodsys.mod.ui.SDL_core.obj
 0001:000049ac       ?mouse_unlink@RMouseController@SDL_core@ui@modules@UModSys@@UAE_NH@Z 100059ac f i umodsys_lib_libui:umodsys.mod.ui.SDL_core.obj
 0001:000049ac       ?key_unlink@RKeyboardController@SDL_core@ui@modules@UModSys@@UAE_NH@Z 100059ac f i umodsys_lib_libui:umodsys.mod.ui.SDL_core.obj
 0001:00004a0b       ?key_link@RKeyboardController@SDL_core@ui@modules@UModSys@@UAE_NHPAUIRefObject@core@5@PAUIKeyboardClient@libui@5@@Z 10005a0b f i umodsys_lib_libui:umodsys.mod.ui.SDL_core.obj
 0001:00004a43       ?key_reset@RKeyboardController@SDL_core@ui@modules@UModSys@@UAE_NXZ 10005a43 f i umodsys_lib_libui:umodsys.mod.ui.SDL_core.obj
 0001:00004a43       ?mouse_reset@RMouseController@SDL_core@ui@modules@UModSys@@UAE_NXZ 10005a43 f i umodsys_lib_libui:umodsys.mod.ui.SDL_core.obj
 0001:00004a46       ?key_setvisible@RKeyboardController@SDL_core@ui@modules@UModSys@@UAE_N_N@Z 10005a46 f i umodsys_lib_libui:umodsys.mod.ui.SDL_core.obj
 0001:00004a5e       ??_ERKeyboardController@SDL_core@ui@modules@UModSys@@UAEPAXI@Z 10005a5e f i  CIL library: CIL module
 0001:00004a5e       ??_GRKeyboardController@SDL_core@ui@modules@UModSys@@UAEPAXI@Z 10005a5e f i umodsys_lib_libui:umodsys.mod.ui.SDL_core.obj
 0001:00004ab4       ?root_get_interface_info@RTerminal@SDL_core@ui@modules@UModSys@@UBEABUSUniquePointerInfo@core@5@XZ 10005ab4 f i umodsys_lib_libui:umodsys.mod.ui.SDL_core.obj
 0001:00004aba       ?root_get_interface_type@RTerminal@SDL_core@ui@modules@UModSys@@UBEPBUSUniquePointerInfo@core@5@XZ 10005aba f i umodsys_lib_libui:umodsys.mod.ui.SDL_core.obj
 0001:00004ac0       ?root_get_other_interface@RTerminal@SDL_core@ui@modules@UModSys@@UAEPAUIRoot@core@5@PBUSUniquePointerInfo@75@@Z 10005ac0 f i umodsys_lib_libui:umodsys.mod.ui.SDL_core.obj
 0001:00004ac0       ?root_get_other_interface@RTerminal@SDL_core@ui@modules@UModSys@@UBEPBUIRoot@core@5@PBUSUniquePointerInfo@75@@Z 10005ac0 f i umodsys_lib_libui:umodsys.mod.ui.SDL_core.obj
 0001:00004ae1       ?root_is_interface_supported@RTerminal@SDL_core@ui@modules@UModSys@@UBE_NPBUSUniquePointerInfo@core@5@@Z 10005ae1 f i umodsys_lib_libui:umodsys.mod.ui.SDL_core.obj
 0001:00004b08       ??0RTerminal@SDL_core@ui@modules@UModSys@@QAE@PAUIModObject@base@4@ABUSParameters@core@4@@Z 10005b08 f i umodsys_lib_libui:umodsys.mod.ui.SDL_core.obj
 0001:00004b7b       ?poll_events@RTerminal@SDL_core@ui@modules@UModSys@@UAE_NH@Z 10005b7b f i umodsys_lib_libui:umodsys.mod.ui.SDL_core.obj
 0001:00004c9f       ?get_terminal_state@RTerminal@SDL_core@ui@modules@UModSys@@UAE_NW4eTerminalState@libui@5@@Z 10005c9f f i umodsys_lib_libui:umodsys.mod.ui.SDL_core.obj
 0001:00004cb8       ?set_terminal_state@RTerminal@SDL_core@ui@modules@UModSys@@UAE_NW4eTerminalState@libui@5@_N@Z 10005cb8 f i umodsys_lib_libui:umodsys.mod.ui.SDL_core.obj
 0001:00004d12       ?get_clock@RTerminal@SDL_core@ui@modules@UModSys@@UAENXZ 10005d12 f i umodsys_lib_libui:umodsys.mod.ui.SDL_core.obj
 0001:00004d2a       ?wait@RTerminal@SDL_core@ui@modules@UModSys@@UAE_NM@Z 10005d2a f i umodsys_lib_libui:umodsys.mod.ui.SDL_core.obj
 0001:00004d45       ?get_count@RTerminal@SDL_core@ui@modules@UModSys@@UBEIPBUSUniquePointerInfo@core@5@@Z 10005d45 f i umodsys_lib_libui:umodsys.mod.ui.SDL_core.obj
 0001:00004d78       ?get_handler@RTerminal@SDL_core@ui@modules@UModSys@@UBEPAUIRefObject@core@5@PBUSUniquePointerInfo@75@I@Z 10005d78 f i umodsys_lib_libui:umodsys.mod.ui.SDL_core.obj
 0001:00004dc0       ?get_handler@RTerminal@SDL_core@ui@modules@UModSys@@UBEPAUIRefObject@core@5@PBUSUniquePointerInfo@75@PBD@Z 10005dc0 f i umodsys_lib_libui:umodsys.mod.ui.SDL_core.obj
 0001:00004dc9       ?get_sub@RFrame_Common@frames@ui@modules@UModSys@@UAEPAUIFrame@libui@5@PAU675@H@Z 10005dc9 f i umodsys_lib_libui:umodsys.mod.ui.frames.obj
 0001:00004dc9       ?get_friend_handler@RTerminal@SDL_core@ui@modules@UModSys@@UBEPAUIRefObject@core@5@PBUSUniquePointerInfo@75@PAU675@@Z 10005dc9 f i umodsys_lib_libui:umodsys.mod.ui.SDL_core.obj
 0001:00004dce       ?create_handler@RTerminal@SDL_core@ui@modules@UModSys@@UAE_NPBUSUniquePointerInfo@core@5@AAU?$TRefObject@UIRefObject@core@UModSys@@U?$TRefObjectFunc@UIRefObject@core@UModSys@@@tl@3@@tl@5@PBDPBUSParameters@75@@Z 10005dce f i umodsys_lib_libui:umodsys.mod.ui.SDL_core.obj
 0001:00005007       ??_GRTerminal@SDL_core@ui@modules@UModSys@@UAEPAXI@Z 10006007 f i umodsys_lib_libui:umodsys.mod.ui.SDL_core.obj
 0001:00005007       ??_ERTerminal@SDL_core@ui@modules@UModSys@@UAEPAXI@Z 10006007 f i  CIL library: CIL module
 0001:00005077       ?ref_links@RTest1_Shell@test1@test@modules@UModSys@@UBEHXZ 10006077 f   plugin_test1.obj
 0001:00005077       ?get_terminal@RRenderDriver2D@SDL_core@ui@modules@UModSys@@UBEPAUITerminal@libui@5@XZ 10006077 f   umodsys_lib_libui:umodsys.mod.ui.SDL_core.obj
 0001:0000507b       ?new_font@RRenderDriver2D@SDL_core@ui@modules@UModSys@@UAE?AU?$TRefObject@UIMultiImage@lib2d@UModSys@@U?$TRefObjectFunc@UIMultiImage@lib2d@UModSys@@@tl@3@@tl@5@ABUSParameters@core@5@ABU?$TString@U?$TSCoreConst@D@su@tl@UModSys@@U?$TComparerBinaryHash@D@234@@75@@Z 1000607b f   umodsys_lib_libui:umodsys.mod.ui.SDL_core.obj
 0001:00005151       ?new_picture@RRenderDriver2D@SDL_core@ui@modules@UModSys@@UAE?AU?$TRefObject@UIImage@lib2d@UModSys@@U?$TRefObjectFunc@UIImage@lib2d@UModSys@@@tl@3@@tl@5@ABUSParameters@core@5@ABU?$TString@U?$TSCoreConst@D@su@tl@UModSys@@U?$TComparerBinaryHash@D@234@@75@@Z 10006151 f   umodsys_lib_libui:umodsys.mod.ui.SDL_core.obj
 0001:00005163       ?get_generated_names@RGenerator@SDL_core@ui@modules@UModSys@@UBEHAAUSUniquePtrList@core@5@@Z 10006163 f i umodsys_lib_libui:umodsys.mod.ui.SDL_core.obj
 0001:0000517c       ?get_generated_types@RGenerator@SDL_core@ui@modules@UModSys@@UBEHAAUSUniquePtrList@core@5@PBUSUniquePointerInfo@75@@Z 1000617c f i umodsys_lib_libui:umodsys.mod.ui.SDL_core.obj
 0001:000051ae       ?generate@RGenerator@SDL_core@ui@modules@UModSys@@UAE_NAAU?$TRefObject@UIRefObject@core@UModSys@@U?$TRefObjectFunc@UIRefObject@core@UModSys@@@tl@3@@tl@5@PBUSUniquePointerInfo@core@5@ABUSParameters@95@@Z 100061ae f i umodsys_lib_libui:umodsys.mod.ui.SDL_core.obj
 0001:000051cf       ?root_get_interface_info@RGenerator@SDL_core@ui@modules@UModSys@@UBEABUSUniquePointerInfo@core@5@XZ 100061cf f i umodsys_lib_libui:umodsys.mod.ui.SDL_core.obj
 0001:000051d5       ?root_get_interface_type@RGenerator@SDL_core@ui@modules@UModSys@@UBEPBUSUniquePointerInfo@core@5@XZ 100061d5 f i umodsys_lib_libui:umodsys.mod.ui.SDL_core.obj
 0001:000051db       ?root_get_other_interface@RGenerator@SDL_core@ui@modules@UModSys@@UBEPBUIRoot@core@5@PBUSUniquePointerInfo@75@@Z 100061db f i umodsys_lib_libui:umodsys.mod.ui.SDL_core.obj
 0001:000051db       ?root_get_other_interface@RGenerator@SDL_core@ui@modules@UModSys@@UAEPAUIRoot@core@5@PBUSUniquePointerInfo@75@@Z 100061db f i umodsys_lib_libui:umodsys.mod.ui.SDL_core.obj
 0001:000051f4       ?root_is_interface_supported@RGenerator@SDL_core@ui@modules@UModSys@@UBE_NPBUSUniquePointerInfo@core@5@@Z 100061f4 f i umodsys_lib_libui:umodsys.mod.ui.SDL_core.obj
 0001:00005213       ?ref_remove@RKeyboardController@SDL_core@ui@modules@UModSys@@UBEXXZ 10006213 f i umodsys_lib_libui:umodsys.mod.ui.SDL_core.obj
 0001:00005213       ?ref_remove@RImage_Memory@stdlib@lib2d@modules@UModSys@@UBEXXZ 10006213 f i umodsys_lib_lib2d:umodsys.mod.2d.stdlib.obj
 0001:00005213       ?ref_remove@RTerminal@SDL_core@ui@modules@UModSys@@UBEXXZ 10006213 f i umodsys_lib_libui:umodsys.mod.ui.SDL_core.obj
 0001:00005213       ?ref_remove@RDialog@frames@ui@modules@UModSys@@UBEXXZ 10006213 f i umodsys_lib_libui:umodsys.mod.ui.frames.obj
 0001:00005213       ?ref_remove@RGenerator@images_std@media@modules@UModSys@@UBEXXZ 10006213 f i umodsys_lib_libmedia:umodsys.mod.media.images_std.obj
 0001:00005213       ?ref_remove@RMultiImage2D_SDL_ttf@SDL_core@ui@modules@UModSys@@UBEXXZ 10006213 f i umodsys_lib_libui:umodsys.mod.ui.SDL_core.obj
 0001:00005213       ?ref_remove@RGenerator@serialize_json@media@modules@UModSys@@UBEXXZ 10006213 f i umodsys_lib_libmedia:umodsys.mod.media.serialize_json.obj
 0001:00005213       ?ref_remove@RGenerator@test1@test@modules@UModSys@@UBEXXZ 10006213 f i plugin_test1.obj
 0001:00005213       ?ref_remove@RGenerator@frames@ui@modules@UModSys@@UBEXXZ 10006213 f i umodsys_lib_libui:umodsys.mod.ui.frames.obj
 0001:00005213       ?ref_remove@RSerializeReader@serialize_json@media@modules@UModSys@@UBEXXZ 10006213 f i umodsys_lib_libmedia:umodsys.mod.media.serialize_json.obj
 0001:00005213       ?ref_remove@RRenderDriver2D@SDL_core@ui@modules@UModSys@@UBEXXZ 10006213 f i umodsys_lib_libui:umodsys.mod.ui.SDL_core.obj
 0001:00005213       ?ref_remove@RGenerator@stdlib@lib2d@modules@UModSys@@UBEXXZ 10006213 f i umodsys_lib_lib2d:umodsys.mod.2d.stdlib.obj
 0001:00005213       ?ref_remove@RMouseController@SDL_core@ui@modules@UModSys@@UBEXXZ 10006213 f i umodsys_lib_libui:umodsys.mod.ui.SDL_core.obj
 0001:00005213       ?ref_remove@RGenerator@SDL_core@ui@modules@UModSys@@UBEXXZ 10006213 f i umodsys_lib_libui:umodsys.mod.ui.SDL_core.obj
 0001:0000521e       ??3@YAXPAX0@Z              1000621e f i plugin_test1.obj
 0001:0000521e       ?suicide@RGenerator@test1@test@modules@UModSys@@UAEXXZ 1000621e f i plugin_test1.obj
 0001:0000521e       ?suicide@RGenerator@frames@ui@modules@UModSys@@UAEXXZ 1000621e f i umodsys_lib_libui:umodsys.mod.ui.frames.obj
 0001:0000521e       ?suicide@RGenerator@stdlib@lib2d@modules@UModSys@@UAEXXZ 1000621e f i umodsys_lib_lib2d:umodsys.mod.2d.stdlib.obj
 0001:0000521e       ?suicide@RGenerator@SDL_core@ui@modules@UModSys@@UAEXXZ 1000621e f i umodsys_lib_libui:umodsys.mod.ui.SDL_core.obj
 0001:0000521e       ?suicide@RGenerator@images_std@media@modules@UModSys@@UAEXXZ 1000621e f i umodsys_lib_libmedia:umodsys.mod.media.images_std.obj
 0001:0000521e       ?suicide@RGenerator@serialize_json@media@modules@UModSys@@UAEXXZ 1000621e f i umodsys_lib_libmedia:umodsys.mod.media.serialize_json.obj
 0001:0000521f       ?get_uid@RGenerator@SDL_core@ui@modules@UModSys@@UBEPBUSUniquePointerInfo@core@5@XZ 1000621f f i umodsys_lib_libui:umodsys.mod.ui.SDL_core.obj
 0001:00005225       ?do_open@RModuleReg@SDL_core@ui@modules@UModSys@@UAE_NXZ 10006225 f i umodsys_lib_libui:umodsys.mod.ui.SDL_core.obj
 0001:00005273       ?do_close@RModuleReg@SDL_core@ui@modules@UModSys@@UAE_NXZ 10006273 f i umodsys_lib_libui:umodsys.mod.ui.SDL_core.obj
 0001:000052ae       ?get_module@RGenerator@SDL_core@ui@modules@UModSys@@UBEPAUIModule@base@5@XZ 100062ae f   umodsys_lib_libui:umodsys.mod.ui.SDL_core.obj
 0001:000052b4       ?mod_inc@RGenerator@SDL_core@ui@modules@UModSys@@UBE_NXZ 100062b4 f   umodsys_lib_libui:umodsys.mod.ui.SDL_core.obj
 0001:000052bf       ?mod_dec@RGenerator@SDL_core@ui@modules@UModSys@@UBE_NXZ 100062bf f   umodsys_lib_libui:umodsys.mod.ui.SDL_core.obj
 0001:000052ca       ?s_holder@RGenerator@SDL_core@ui@modules@UModSys@@SAAAU?$TTypeStaticHolder@URGenerator@SDL_core@ui@modules@UModSys@@@tl@5@XZ 100062ca f   umodsys_lib_libui:umodsys.mod.ui.SDL_core.obj
 0001:000052fc       ??1?$TScatterArray@UGlyph@RMultiImage2D_SDL_ttf@SDL_core@ui@modules@UModSys@@HU?$TScalarCompare@H@core@6@U?$TNodeDeleter0@U?$TScatterArrayNode@UGlyph@RMultiImage2D_SDL_ttf@SDL_core@ui@modules@UModSys@@H@tl@UModSys@@@tl@6@@tl@UModSys@@QAE@XZ 100062fc f i umodsys_lib_libui:umodsys.mod.ui.SDL_core.obj
 0001:00005312       ??0?$TParametersA@$0BAA@@core@UModSys@@QAE@XZ 10006312 f i umodsys_lib_libui:umodsys.mod.ui.SDL_core.obj
 0001:00005341       ??1?$TRefObject@URRenderDriver2D@SDL_core@ui@modules@UModSys@@U?$TRefObjectWeakFunc@URRenderDriver2D@SDL_core@ui@modules@UModSys@@@tl@5@@tl@UModSys@@QAE@XZ 10006341 f i umodsys_lib_libui:umodsys.mod.ui.SDL_core.obj
 0001:00005341       ??1?$TRefObject@URMultiImage2D_SDL_ttf@SDL_core@ui@modules@UModSys@@U?$TRefObjectWeakFunc@URMultiImage2D_SDL_ttf@SDL_core@ui@modules@UModSys@@@tl@5@@tl@UModSys@@QAE@XZ 10006341 f i umodsys_lib_libui:umodsys.mod.ui.SDL_core.obj
 0001:00005346       ??F?$TTreeIterRB@$$CBU?$TScatterArrayNode@U?$TRefObjectComposite@UIKeyboardClient@libui@UModSys@@UIRefObject@core@3@U?$TRefObjectFunc@UIRefObject@core@UModSys@@@tl@3@@tl@UModSys@@H@tl@UModSys@@$$CBU?$TPair@HU?$TRefObjectComposite@UIKeyboardClient@libui@UModSys@@UIRefObject@core@3@U?$TRefObjectFunc@UIRefObject@core@UModSys@@@tl@3@@tl@UModSys@@@23@@tl@UModSys@@QAE?AU012@XZ 10006346 f i umodsys_lib_libui:umodsys.mod.ui.SDL_core.obj
 0001:00005346       ??F?$TTreeIterRB@$$CBU?$TScatterArrayNode@U?$TRefObjectCompositeExtra@UIMouseClient@libui@UModSys@@HUIRefObject@core@3@U?$TRefObjectFunc@UIRefObject@core@UModSys@@@tl@3@@tl@UModSys@@H@tl@UModSys@@$$CBU?$TPair@HU?$TRefObjectCompositeExtra@UIMouseClient@libui@UModSys@@HUIRefObject@core@3@U?$TRefObjectFunc@UIRefObject@core@UModSys@@@tl@3@@tl@UModSys@@@23@@tl@UModSys@@QAE?AU012@XZ 10006346 f i umodsys_lib_libui:umodsys.mod.ui.SDL_core.obj
 0001:00005370       ?remove_node@?$TTreeHoldRB@U?$TScatterArrayNode@U?$TRefObjectComposite@UIKeyboardClient@libui@UModSys@@UIRefObject@core@3@U?$TRefObjectFunc@UIRefObject@core@UModSys@@@tl@3@@tl@UModSys@@H@tl@UModSys@@@tl@UModSys@@QAEXPAU?$TScatterArrayNode@U?$TRefObjectComposite@UIKeyboardClient@libui@UModSys@@UIRefObject@core@3@U?$TRefObjectFunc@UIRefObject@core@UModSys@@@tl@3@@tl@UModSys@@H@23@@Z 10006370 f i umodsys_lib_libui:umodsys.mod.ui.SDL_core.obj
 0001:00005370       ?remove_node@?$TTreeHoldRB@U?$TScatterArrayNode@U?$TRefObjectCompositeExtra@UIMouseClient@libui@UModSys@@HUIRefObject@core@3@U?$TRefObjectFunc@UIRefObject@core@UModSys@@@tl@3@@tl@UModSys@@H@tl@UModSys@@@tl@UModSys@@QAEXPAU?$TScatterArrayNode@U?$TRefObjectCompositeExtra@UIMouseClient@libui@UModSys@@HUIRefObject@core@3@U?$TRefObjectFunc@UIRefObject@core@UModSys@@@tl@3@@tl@UModSys@@H@23@@Z 10006370 f i umodsys_lib_libui:umodsys.mod.ui.SDL_core.obj
 0001:0000544d       ??1?$TPair@HU?$TRefObjectCompositeExtra@UIMouseClient@libui@UModSys@@HUIRefObject@core@3@U?$TRefObjectFunc@UIRefObject@core@UModSys@@@tl@3@@tl@UModSys@@@tl@UModSys@@QAE@XZ 1000644d f i umodsys_lib_libui:umodsys.mod.ui.SDL_core.obj
 0001:0000544d       ??1?$TPair@HU?$TRefObjectComposite@UIKeyboardClient@libui@UModSys@@UIRefObject@core@3@U?$TRefObjectFunc@UIRefObject@core@UModSys@@@tl@3@@tl@UModSys@@@tl@UModSys@@QAE@XZ 1000644d f i umodsys_lib_libui:umodsys.mod.ui.SDL_core.obj
 0001:00005457       ??1?$TRefObjectCompositeExtra@UIMouseClient@libui@UModSys@@HUIRefObject@core@3@U?$TRefObjectFunc@UIRefObject@core@UModSys@@@tl@3@@tl@UModSys@@QAE@XZ 10006457 f i umodsys_lib_libui:umodsys.mod.ui.SDL_core.obj
 0001:00005457       ??1?$TRefObjectComposite@UIKeyboardClient@libui@UModSys@@UIRefObject@core@3@U?$TRefObjectFunc@UIRefObject@core@UModSys@@@tl@3@@tl@UModSys@@QAE@XZ 10006457 f i umodsys_lib_libui:umodsys.mod.ui.SDL_core.obj
 0001:00005457       ??1?$TRefObjectComposite@UIController@libui@UModSys@@UIRefObject@core@3@U?$TRefObjectFunc@UIRefObject@core@UModSys@@@tl@3@@tl@UModSys@@QAE@XZ 10006457 f i umodsys_lib_libui:umodsys.mod.ui.frames.obj
 0001:0000549c       ?remove_color@?$TTreeHoldRB@U?$TScatterArrayNode@U?$TRefObjectCompositeExtra@UIMouseClient@libui@UModSys@@HUIRefObject@core@3@U?$TRefObjectFunc@UIRefObject@core@UModSys@@@tl@3@@tl@UModSys@@H@tl@UModSys@@@tl@UModSys@@IAEXPAU?$TScatterArrayNode@U?$TRefObjectCompositeExtra@UIMouseClient@libui@UModSys@@HUIRefObject@core@3@U?$TRefObjectFunc@UIRefObject@core@UModSys@@@tl@3@@tl@UModSys@@H@23@0@Z 1000649c f i umodsys_lib_libui:umodsys.mod.ui.SDL_core.obj
 0001:0000549c       ?remove_color@?$TTreeHoldRB@U?$TScatterArrayNode@U?$TRefObjectComposite@UIKeyboardClient@libui@UModSys@@UIRefObject@core@3@U?$TRefObjectFunc@UIRefObject@core@UModSys@@@tl@3@@tl@UModSys@@H@tl@UModSys@@@tl@UModSys@@IAEXPAU?$TScatterArrayNode@U?$TRefObjectComposite@UIKeyboardClient@libui@UModSys@@UIRefObject@core@3@U?$TRefObjectFunc@UIRefObject@core@UModSys@@@tl@3@@tl@UModSys@@H@23@0@Z 1000649c f i umodsys_lib_libui:umodsys.mod.ui.SDL_core.obj
 0001:0000559e       ??$t_close@U?$TRefObject@URRenderDriver2D@SDL_core@ui@modules@UModSys@@U?$TRefObjectWeakFunc@URRenderDriver2D@SDL_core@ui@modules@UModSys@@@tl@5@@tl@UModSys@@@SDL_core@ui@modules@UModSys@@YA_NAAU?$TScatterArray@U?$TRefObject@URRenderDriver2D@SDL_core@ui@modules@UModSys@@U?$TRefObjectWeakFunc@URRenderDriver2D@SDL_core@ui@modules@UModSys@@@tl@5@@tl@UModSys@@HU?$TScalarCompare@H@core@3@U?$TNodeDeleter0@U?$TScatterArrayNode@U?$TRefObject@URRenderDriver2D@SDL_core@ui@modules@UModSys@@U?$TRefObjectWeakFunc@URRenderDriver2D@SDL_core@ui@modules@UModSys@@@tl@5@@tl@UModSys@@H@tl@UModSys@@@23@@tl@3@@Z 1000659e f i umodsys_lib_libui:umodsys.mod.ui.SDL_core.obj
 0001:000055f7       ??$t_count@U?$TRefObject@URRenderDriver2D@SDL_core@ui@modules@UModSys@@U?$TRefObjectWeakFunc@URRenderDriver2D@SDL_core@ui@modules@UModSys@@@tl@5@@tl@UModSys@@@SDL_core@ui@modules@UModSys@@YAIABU?$TScatterArray@U?$TRefObject@URRenderDriver2D@SDL_core@ui@modules@UModSys@@U?$TRefObjectWeakFunc@URRenderDriver2D@SDL_core@ui@modules@UModSys@@@tl@5@@tl@UModSys@@HU?$TScalarCompare@H@core@3@U?$TNodeDeleter0@U?$TScatterArrayNode@U?$TRefObject@URRenderDriver2D@SDL_core@ui@modules@UModSys@@U?$TRefObjectWeakFunc@URRenderDriver2D@SDL_core@ui@modules@UModSys@@@tl@5@@tl@UModSys@@H@tl@UModSys@@@23@@tl@3@@Z 100065f7 f i umodsys_lib_libui:umodsys.mod.ui.SDL_core.obj
 0001:00005642       ??$t_get@U?$TRefObject@URRenderDriver2D@SDL_core@ui@modules@UModSys@@U?$TRefObjectWeakFunc@URRenderDriver2D@SDL_core@ui@modules@UModSys@@@tl@5@@tl@UModSys@@@SDL_core@ui@modules@UModSys@@YAPAUIRefObject@core@3@ABU?$TScatterArray@U?$TRefObject@URRenderDriver2D@SDL_core@ui@modules@UModSys@@U?$TRefObjectWeakFunc@URRenderDriver2D@SDL_core@ui@modules@UModSys@@@tl@5@@tl@UModSys@@HU?$TScalarCompare@H@core@3@U?$TNodeDeleter0@U?$TScatterArrayNode@U?$TRefObject@URRenderDriver2D@SDL_core@ui@modules@UModSys@@U?$TRefObjectWeakFunc@URRenderDriver2D@SDL_core@ui@modules@UModSys@@@tl@5@@tl@UModSys@@H@tl@UModSys@@@23@@tl@3@I@Z 10006642 f i umodsys_lib_libui:umodsys.mod.ui.SDL_core.obj
 0001:000056a1       ??$ValidateConstruction@UIRefObject@core@UModSys@@URRenderDriver2D@SDL_core@ui@modules@3@@core@UModSys@@YA_NAAU?$TRefObject@UIRefObject@core@UModSys@@U?$TRefObjectFunc@UIRefObject@core@UModSys@@@tl@3@@tl@1@U?$TRefObject@URRenderDriver2D@SDL_core@ui@modules@UModSys@@U?$TRefObjectFunc@URRenderDriver2D@SDL_core@ui@modules@UModSys@@@tl@5@@31@@Z 100066a1 f i umodsys_lib_libui:umodsys.mod.ui.SDL_core.obj
 0001:000056f8       ??$t_add@U?$TRefObject@URRenderDriver2D@SDL_core@ui@modules@UModSys@@U?$TRefObjectWeakFunc@URRenderDriver2D@SDL_core@ui@modules@UModSys@@@tl@5@@tl@UModSys@@URRenderDriver2D@SDL_core@ui@modules@3@@SDL_core@ui@modules@UModSys@@YA_NAAU?$TScatterArray@U?$TRefObject@URRenderDriver2D@SDL_core@ui@modules@UModSys@@U?$TRefObjectWeakFunc@URRenderDriver2D@SDL_core@ui@modules@UModSys@@@tl@5@@tl@UModSys@@HU?$TScalarCompare@H@core@3@U?$TNodeDeleter0@U?$TScatterArrayNode@U?$TRefObject@URRenderDriver2D@SDL_core@ui@modules@UModSys@@U?$TRefObjectWeakFunc@URRenderDriver2D@SDL_core@ui@modules@UModSys@@@tl@5@@tl@UModSys@@H@tl@UModSys@@@23@@tl@3@PAURRenderDriver2D@0123@@Z 100066f8 f i umodsys_lib_libui:umodsys.mod.ui.SDL_core.obj
 0001:00005757       ??$ValidateConstruction@UIRefObject@core@UModSys@@URKeyboardController@SDL_core@ui@modules@3@@core@UModSys@@YA_NAAU?$TRefObject@UIRefObject@core@UModSys@@U?$TRefObjectFunc@UIRefObject@core@UModSys@@@tl@3@@tl@1@U?$TRefObject@URKeyboardController@SDL_core@ui@modules@UModSys@@U?$TRefObjectFunc@URKeyboardController@SDL_core@ui@modules@UModSys@@@tl@5@@31@@Z 10006757 f i umodsys_lib_libui:umodsys.mod.ui.SDL_core.obj
 0001:00005757       ??$ValidateConstruction@UIRefObject@core@UModSys@@URMouseController@SDL_core@ui@modules@3@@core@UModSys@@YA_NAAU?$TRefObject@UIRefObject@core@UModSys@@U?$TRefObjectFunc@UIRefObject@core@UModSys@@@tl@3@@tl@1@U?$TRefObject@URMouseController@SDL_core@ui@modules@UModSys@@U?$TRefObjectFunc@URMouseController@SDL_core@ui@modules@UModSys@@@tl@5@@31@@Z 10006757 f i umodsys_lib_libui:umodsys.mod.ui.SDL_core.obj
 0001:00005795       ??$t_gen_param@URTerminal@SDL_core@ui@modules@UModSys@@URGenerator@2345@@IGenerator@base@UModSys@@IAE_NPAURGenerator@SDL_core@ui@modules@2@AAU?$TRefObject@UIRefObject@core@UModSys@@U?$TRefObjectFunc@UIRefObject@core@UModSys@@@tl@3@@tl@2@PBUSUniquePointerInfo@core@2@ABUSParameters@core@2@@Z 10006795 f i umodsys_lib_libui:umodsys.mod.ui.SDL_core.obj
 0001:00005827       ??$genx_node@UCmp@?$TScatterArray@U?$TRefObjectCompositeExtra@UIMouseClient@libui@UModSys@@HUIRefObject@core@3@U?$TRefObjectFunc@UIRefObject@core@UModSys@@@tl@3@@tl@UModSys@@HU?$TScalarCompare@H@core@3@U?$TNodeDeleter0@U?$TScatterArrayNode@U?$TRefObjectCompositeExtra@UIMouseClient@libui@UModSys@@HUIRefObject@core@3@U?$TRefObjectFunc@UIRefObject@core@UModSys@@@tl@3@@tl@UModSys@@H@tl@UModSys@@@23@@tl@UModSys@@UGen0@234@@?$TTreeHoldRBD@U?$TScatterArrayNode@U?$TRefObjectCompositeExtra@UIMouseClient@libui@UModSys@@HUIRefObject@core@3@U?$TRefObjectFunc@UIRefObject@core@UModSys@@@tl@3@@tl@UModSys@@H@tl@UModSys@@U?$TNodeDeleter0@U?$TScatterArrayNode@U?$TRefObjectCompositeExtra@UIMouseClient@libui@UModSys@@HUIRefObject@core@3@U?$TRefObjectFunc@UIRefObject@core@UModSys@@@tl@3@@tl@UModSys@@H@tl@UModSys@@@23@@tl@UModSys@@QAEPAU?$TScatterArrayNode@U?$TRefObjectCompositeExtra@UIMouseClient@libui@UModSys@@HUIRefObject@core@3@U?$TRefObjectFunc@UIRefObject@core@UModSys@@@tl@3@@tl@UModSys@@H@12@UCmp@?$TScatterArray@U?$TRefObjectCompositeExtra@UIMouseClient@libui@UModSys@@HUIRefObject@core@3@U?$TRefObjectFunc@UIRefObject@core@UModSys@@@tl@3@@tl@UModSys@@HU?$TScalarCompare@H@core@3@U?$TNodeDeleter0@U?$TScatterArrayNode@U?$TRefObjectCompositeExtra@UIMouseClient@libui@UModSys@@HUIRefObject@core@3@U?$TRefObjectFunc@UIRefObject@core@UModSys@@@tl@3@@tl@UModSys@@H@tl@UModSys@@@23@@12@ABUGen0@512@PAPAU312@2_N@Z 10006827 f i umodsys_lib_libui:umodsys.mod.ui.SDL_core.obj
 0001:000058b5       ??$genx_node@UCmp@?$TScatterArray@U?$TRefObjectComposite@UIKeyboardClient@libui@UModSys@@UIRefObject@core@3@U?$TRefObjectFunc@UIRefObject@core@UModSys@@@tl@3@@tl@UModSys@@HU?$TScalarCompare@H@core@3@U?$TNodeDeleter0@U?$TScatterArrayNode@U?$TRefObjectComposite@UIKeyboardClient@libui@UModSys@@UIRefObject@core@3@U?$TRefObjectFunc@UIRefObject@core@UModSys@@@tl@3@@tl@UModSys@@H@tl@UModSys@@@23@@tl@UModSys@@UGen0@234@@?$TTreeHoldRBD@U?$TScatterArrayNode@U?$TRefObjectComposite@UIKeyboardClient@libui@UModSys@@UIRefObject@core@3@U?$TRefObjectFunc@UIRefObject@core@UModSys@@@tl@3@@tl@UModSys@@H@tl@UModSys@@U?$TNodeDeleter0@U?$TScatterArrayNode@U?$TRefObjectComposite@UIKeyboardClient@libui@UModSys@@UIRefObject@core@3@U?$TRefObjectFunc@UIRefObject@core@UModSys@@@tl@3@@tl@UModSys@@H@tl@UModSys@@@23@@tl@UModSys@@QAEPAU?$TScatterArrayNode@U?$TRefObjectComposite@UIKeyboardClient@libui@UModSys@@UIRefObject@core@3@U?$TRefObjectFunc@UIRefObject@core@UModSys@@@tl@3@@tl@UModSys@@H@12@UCmp@?$TScatterArray@U?$TRefObjectComposite@UIKeyboardClient@libui@UModSys@@UIRefObject@core@3@U?$TRefObjectFunc@UIRefObject@core@UModSys@@@tl@3@@tl@UModSys@@HU?$TScalarCompare@H@core@3@U?$TNodeDeleter0@U?$TScatterArrayNode@U?$TRefObjectComposite@UIKeyboardClient@libui@UModSys@@UIRefObject@core@3@U?$TRefObjectFunc@UIRefObject@core@UModSys@@@tl@3@@tl@UModSys@@H@tl@UModSys@@@23@@12@ABUGen0@512@PAPAU312@2_N@Z 100068b5 f i umodsys_lib_libui:umodsys.mod.ui.SDL_core.obj
 0001:00005943       ?rotate_right@?$TTreeHoldRB@U?$TScatterArrayNode@HH@tl@UModSys@@@tl@UModSys@@IAEXPAU?$TScatterArrayNode@HH@23@@Z 10006943 f i umodsys_lib_libui:umodsys.mod.ui.frames.obj
 0001:00005943       ?rotate_right@?$TTreeHoldRB@U?$TScatterArrayNode@U?$TRefObjectComposite@UIKeyboardClient@libui@UModSys@@UIRefObject@core@3@U?$TRefObjectFunc@UIRefObject@core@UModSys@@@tl@3@@tl@UModSys@@H@tl@UModSys@@@tl@UModSys@@IAEXPAU?$TScatterArrayNode@U?$TRefObjectComposite@UIKeyboardClient@libui@UModSys@@UIRefObject@core@3@U?$TRefObjectFunc@UIRefObject@core@UModSys@@@tl@3@@tl@UModSys@@H@23@@Z 10006943 f i umodsys_lib_libui:umodsys.mod.ui.SDL_core.obj
 0001:00005943       ?rotate_right@?$TTreeHoldRB@U?$TScatterArrayNode@U?$TVector2@M@math3d@UModSys@@H@tl@UModSys@@@tl@UModSys@@IAEXPAU?$TScatterArrayNode@U?$TVector2@M@math3d@UModSys@@H@23@@Z 10006943 f i umodsys_lib_libui:umodsys.mod.ui.frames.obj
 0001:00005943       ?rotate_right@?$TTreeHoldRB@U?$TScatterArrayNode@U?$TRefObject@URRenderDriver2D@SDL_core@ui@modules@UModSys@@U?$TRefObjectWeakFunc@URRenderDriver2D@SDL_core@ui@modules@UModSys@@@tl@5@@tl@UModSys@@H@tl@UModSys@@@tl@UModSys@@IAEXPAU?$TScatterArrayNode@U?$TRefObject@URRenderDriver2D@SDL_core@ui@modules@UModSys@@U?$TRefObjectWeakFunc@URRenderDriver2D@SDL_core@ui@modules@UModSys@@@tl@5@@tl@UModSys@@H@23@@Z 10006943 f i umodsys_lib_libui:umodsys.mod.ui.SDL_core.obj
 0001:00005943       ?rotate_right@?$TTreeHoldRB@U?$TScatterArrayNode@U?$TVector4@M@math3d@UModSys@@H@tl@UModSys@@@tl@UModSys@@IAEXPAU?$TScatterArrayNode@U?$TVector4@M@math3d@UModSys@@H@23@@Z 10006943 f i umodsys_lib_libui:umodsys.mod.ui.frames.obj
 0001:00005943       ?rotate_right@?$TTreeHoldRB@U?$TScatterArrayNode@UGlyph@RMultiImage2D_SDL_ttf@SDL_core@ui@modules@UModSys@@H@tl@UModSys@@@tl@UModSys@@IAEXPAU?$TScatterArrayNode@UGlyph@RMultiImage2D_SDL_ttf@SDL_core@ui@modules@UModSys@@H@23@@Z 10006943 f i umodsys_lib_libui:umodsys.mod.ui.SDL_core.obj
 0001:00005943       ?rotate_right@?$TTreeHoldRB@U?$TScatterArrayNode@U?$TRefObjectCompositeExtra@UIMouseClient@libui@UModSys@@HUIRefObject@core@3@U?$TRefObjectFunc@UIRefObject@core@UModSys@@@tl@3@@tl@UModSys@@H@tl@UModSys@@@tl@UModSys@@IAEXPAU?$TScatterArrayNode@U?$TRefObjectCompositeExtra@UIMouseClient@libui@UModSys@@HUIRefObject@core@3@U?$TRefObjectFunc@UIRefObject@core@UModSys@@@tl@3@@tl@UModSys@@H@23@@Z 10006943 f i umodsys_lib_libui:umodsys.mod.ui.SDL_core.obj
 0001:00005982       ??E?$TTreeIterRB@$$CBU?$TScatterArrayNode@U?$TRefObject@URRenderDriver2D@SDL_core@ui@modules@UModSys@@U?$TRefObjectWeakFunc@URRenderDriver2D@SDL_core@ui@modules@UModSys@@@tl@5@@tl@UModSys@@H@tl@UModSys@@$$CBU?$TPair@HU?$TRefObject@URRenderDriver2D@SDL_core@ui@modules@UModSys@@U?$TRefObjectWeakFunc@URRenderDriver2D@SDL_core@ui@modules@UModSys@@@tl@5@@tl@UModSys@@@23@@tl@UModSys@@QAE?AU012@XZ 10006982 f i umodsys_lib_libui:umodsys.mod.ui.SDL_core.obj
 0001:000059ac       ??0?$TScatterArrayNode@U?$TRefObjectCompositeExtra@UIMouseClient@libui@UModSys@@HUIRefObject@core@3@U?$TRefObjectFunc@UIRefObject@core@UModSys@@@tl@3@@tl@UModSys@@H@tl@UModSys@@QAE@ABH@Z 100069ac f i umodsys_lib_libui:umodsys.mod.ui.SDL_core.obj
 0001:00005a02       ??0?$TScatterArrayNode@U?$TRefObjectComposite@UIKeyboardClient@libui@UModSys@@UIRefObject@core@3@U?$TRefObjectFunc@UIRefObject@core@UModSys@@@tl@3@@tl@UModSys@@H@tl@UModSys@@QAE@ABH@Z 10006a02 f i umodsys_lib_libui:umodsys.mod.ui.SDL_core.obj
 0001:00005a51       ??$process_nodes_r@U?$TNodeDeleter0@U?$TScatterArrayNode@UGlyph@RMultiImage2D_SDL_ttf@SDL_core@ui@modules@UModSys@@H@tl@UModSys@@@tl@UModSys@@@?$TTreeHoldRB@U?$TScatterArrayNode@UGlyph@RMultiImage2D_SDL_ttf@SDL_core@ui@modules@UModSys@@H@tl@UModSys@@@tl@UModSys@@KAHPAU?$TScatterArrayNode@UGlyph@RMultiImage2D_SDL_ttf@SDL_core@ui@modules@UModSys@@H@12@ABU?$TNodeDeleter0@U?$TScatterArrayNode@UGlyph@RMultiImage2D_SDL_ttf@SDL_core@ui@modules@UModSys@@H@tl@UModSys@@@12@@Z 10006a51 f i umodsys_lib_libui:umodsys.mod.ui.SDL_core.obj
 0001:00005aa4       ??$process_nodes_r@U?$TNodeDeleter0@U?$TScatterArrayNode@U?$TRefObjectCompositeExtra@UIMouseClient@libui@UModSys@@HUIRefObject@core@3@U?$TRefObjectFunc@UIRefObject@core@UModSys@@@tl@3@@tl@UModSys@@H@tl@UModSys@@@tl@UModSys@@@?$TTreeHoldRB@U?$TScatterArrayNode@U?$TRefObjectCompositeExtra@UIMouseClient@libui@UModSys@@HUIRefObject@core@3@U?$TRefObjectFunc@UIRefObject@core@UModSys@@@tl@3@@tl@UModSys@@H@tl@UModSys@@@tl@UModSys@@KAHPAU?$TScatterArrayNode@U?$TRefObjectCompositeExtra@UIMouseClient@libui@UModSys@@HUIRefObject@core@3@U?$TRefObjectFunc@UIRefObject@core@UModSys@@@tl@3@@tl@UModSys@@H@12@ABU?$TNodeDeleter0@U?$TScatterArrayNode@U?$TRefObjectCompositeExtra@UIMouseClient@libui@UModSys@@HUIRefObject@core@3@U?$TRefObjectFunc@UIRefObject@core@UModSys@@@tl@3@@tl@UModSys@@H@tl@UModSys@@@12@@Z 10006aa4 f i umodsys_lib_libui:umodsys.mod.ui.SDL_core.obj
 0001:00005aa4       ??$process_nodes_r@U?$TNodeDeleter0@U?$TScatterArrayNode@U?$TRefObjectComposite@UIKeyboardClient@libui@UModSys@@UIRefObject@core@3@U?$TRefObjectFunc@UIRefObject@core@UModSys@@@tl@3@@tl@UModSys@@H@tl@UModSys@@@tl@UModSys@@@?$TTreeHoldRB@U?$TScatterArrayNode@U?$TRefObjectComposite@UIKeyboardClient@libui@UModSys@@UIRefObject@core@3@U?$TRefObjectFunc@UIRefObject@core@UModSys@@@tl@3@@tl@UModSys@@H@tl@UModSys@@@tl@UModSys@@KAHPAU?$TScatterArrayNode@U?$TRefObjectComposite@UIKeyboardClient@libui@UModSys@@UIRefObject@core@3@U?$TRefObjectFunc@UIRefObject@core@UModSys@@@tl@3@@tl@UModSys@@H@12@ABU?$TNodeDeleter0@U?$TScatterArrayNode@U?$TRefObjectComposite@UIKeyboardClient@libui@UModSys@@UIRefObject@core@3@U?$TRefObjectFunc@UIRefObject@core@UModSys@@@tl@3@@tl@UModSys@@H@tl@UModSys@@@12@@Z 10006aa4 f i umodsys_lib_libui:umodsys.mod.ui.SDL_core.obj
 0001:00005aee       ??$process_nodes_r@U?$TNodeDeleter0@U?$TScatterArrayNode@U?$TRefObject@URRenderDriver2D@SDL_core@ui@modules@UModSys@@U?$TRefObjectWeakFunc@URRenderDriver2D@SDL_core@ui@modules@UModSys@@@tl@5@@tl@UModSys@@H@tl@UModSys@@@tl@UModSys@@@?$TTreeHoldRB@U?$TScatterArrayNode@U?$TRefObject@URRenderDriver2D@SDL_core@ui@modules@UModSys@@U?$TRefObjectWeakFunc@URRenderDriver2D@SDL_core@ui@modules@UModSys@@@tl@5@@tl@UModSys@@H@tl@UModSys@@@tl@UModSys@@KAHPAU?$TScatterArrayNode@U?$TRefObject@URRenderDriver2D@SDL_core@ui@modules@UModSys@@U?$TRefObjectWeakFunc@URRenderDriver2D@SDL_core@ui@modules@UModSys@@@tl@5@@tl@UModSys@@H@12@ABU?$TNodeDeleter0@U?$TScatterArrayNode@U?$TRefObject@URRenderDriver2D@SDL_core@ui@modules@UModSys@@U?$TRefObjectWeakFunc@URRenderDriver2D@SDL_core@ui@modules@UModSys@@@tl@5@@tl@UModSys@@H@tl@UModSys@@@12@@Z 10006aee f i umodsys_lib_libui:umodsys.mod.ui.SDL_core.obj
 0001:00005b37       ??$genx_node@UCmp@?$TScatterArray@U?$TRefObject@URRenderDriver2D@SDL_core@ui@modules@UModSys@@U?$TRefObjectWeakFunc@URRenderDriver2D@SDL_core@ui@modules@UModSys@@@tl@5@@tl@UModSys@@HU?$TScalarCompare@H@core@3@U?$TNodeDeleter0@U?$TScatterArrayNode@U?$TRefObject@URRenderDriver2D@SDL_core@ui@modules@UModSys@@U?$TRefObjectWeakFunc@URRenderDriver2D@SDL_core@ui@modules@UModSys@@@tl@5@@tl@UModSys@@H@tl@UModSys@@@23@@tl@UModSys@@UGen0@234@@?$TTreeHoldRBD@U?$TScatterArrayNode@U?$TRefObject@URRenderDriver2D@SDL_core@ui@modules@UModSys@@U?$TRefObjectWeakFunc@URRenderDriver2D@SDL_core@ui@modules@UModSys@@@tl@5@@tl@UModSys@@H@tl@UModSys@@U?$TNodeDeleter0@U?$TScatterArrayNode@U?$TRefObject@URRenderDriver2D@SDL_core@ui@modules@UModSys@@U?$TRefObjectWeakFunc@URRenderDriver2D@SDL_core@ui@modules@UModSys@@@tl@5@@tl@UModSys@@H@tl@UModSys@@@23@@tl@UModSys@@QAEPAU?$TScatterArrayNode@U?$TRefObject@URRenderDriver2D@SDL_core@ui@modules@UModSys@@U?$TRefObjectWeakFunc@URRenderDriver2D@SDL_core@ui@modules@UModSys@@@tl@5@@tl@UModSys@@H@12@UCmp@?$TScatterArray@U?$TRefObject@URRenderDriver2D@SDL_core@ui@modules@UModSys@@U?$TRefObjectWeakFunc@URRenderDriver2D@SDL_core@ui@modules@UModSys@@@tl@5@@tl@UModSys@@HU?$TScalarCompare@H@core@3@U?$TNodeDeleter0@U?$TScatterArrayNode@U?$TRefObject@URRenderDriver2D@SDL_core@ui@modules@UModSys@@U?$TRefObjectWeakFunc@URRenderDriver2D@SDL_core@ui@modules@UModSys@@@tl@5@@tl@UModSys@@H@tl@UModSys@@@23@@12@ABUGen0@512@PAPAU312@2_N@Z 10006b37 f i umodsys_lib_libui:umodsys.mod.ui.SDL_core.obj
 0001:00005bc6       ?rotate_left@?$TTreeHoldRB@U?$TScatterArrayNode@UGlyph@RMultiImage2D_SDL_ttf@SDL_core@ui@modules@UModSys@@H@tl@UModSys@@@tl@UModSys@@IAEXPAU?$TScatterArrayNode@UGlyph@RMultiImage2D_SDL_ttf@SDL_core@ui@modules@UModSys@@H@23@@Z 10006bc6 f i umodsys_lib_libui:umodsys.mod.ui.SDL_core.obj
 0001:00005bc6       ?rotate_left@?$TTreeHoldRB@U?$TScatterArrayNode@U?$TRefObjectComposite@UIKeyboardClient@libui@UModSys@@UIRefObject@core@3@U?$TRefObjectFunc@UIRefObject@core@UModSys@@@tl@3@@tl@UModSys@@H@tl@UModSys@@@tl@UModSys@@IAEXPAU?$TScatterArrayNode@U?$TRefObjectComposite@UIKeyboardClient@libui@UModSys@@UIRefObject@core@3@U?$TRefObjectFunc@UIRefObject@core@UModSys@@@tl@3@@tl@UModSys@@H@23@@Z 10006bc6 f i umodsys_lib_libui:umodsys.mod.ui.SDL_core.obj
 0001:00005bc6       ?rotate_left@?$TTreeHoldRB@U?$TScatterArrayNode@U?$TRefObjectCompositeExtra@UIMouseClient@libui@UModSys@@HUIRefObject@core@3@U?$TRefObjectFunc@UIRefObject@core@UModSys@@@tl@3@@tl@UModSys@@H@tl@UModSys@@@tl@UModSys@@IAEXPAU?$TScatterArrayNode@U?$TRefObjectCompositeExtra@UIMouseClient@libui@UModSys@@HUIRefObject@core@3@U?$TRefObjectFunc@UIRefObject@core@UModSys@@@tl@3@@tl@UModSys@@H@23@@Z 10006bc6 f i umodsys_lib_libui:umodsys.mod.ui.SDL_core.obj
 0001:00005bc6       ?rotate_left@?$TTreeHoldRB@U?$TScatterArrayNode@HH@tl@UModSys@@@tl@UModSys@@IAEXPAU?$TScatterArrayNode@HH@23@@Z 10006bc6 f i umodsys_lib_libui:umodsys.mod.ui.frames.obj
[...]
 0001:00012668       ??__E?s_id@?$TObjectUniqueID@URFrame_Frame@frames@ui@modules@UModSys@@@tl@UModSys@@2USUniquePointer@core@3@A@@YAXXZ 10013668 f    CIL library: CIL module
 0001:0001268a       ??__E?s_id@?$TObjectUniqueID@URFrame_Image@frames@ui@modules@UModSys@@@tl@UModSys@@2USUniquePointer@core@3@A@@YAXXZ 1001368a f    CIL library: CIL module
 0001:000126ac       ??__E?s_id@?$TObjectUniqueID@URFrame_Text@frames@ui@modules@UModSys@@@tl@UModSys@@2USUniquePointer@core@3@A@@YAXXZ 100136ac f    CIL library: CIL module
 0001:000126ce       ??__E?s_id@?$TObjectUniqueID@URFrame_Button@frames@ui@modules@UModSys@@@tl@UModSys@@2USUniquePointer@core@3@A@@YAXXZ 100136ce f    CIL library: CIL module
 0001:000126f0       ??__E?s_id@?$TObjectUniqueID@URFrame_Edit@frames@ui@modules@UModSys@@@tl@UModSys@@2USUniquePointer@core@3@A@@YAXXZ 100136f0 f    CIL library: CIL module
 0001:00012712       ??__E?s_id@?$TObjectUniqueID@URFrame_List@frames@ui@modules@UModSys@@@tl@UModSys@@2USUniquePointer@core@3@A@@YAXXZ 10013712 f    CIL library: CIL module
 0001:00012734       ??__E?s_id@?$TObjectUniqueID@URCollector@frames@ui@modules@UModSys@@@tl@UModSys@@2USUniquePointer@core@3@A@@YAXXZ 10013734 f    CIL library: CIL module
 0001:00012756       ??__E?s_id@?$TObjectUniqueID@URGenerator@frames@ui@modules@UModSys@@@tl@UModSys@@2USUniquePointer@core@3@A@@YAXXZ 10013756 f    CIL library: CIL module
 0001:00012778       ??__E?s_modreg@RModuleReg@images_std@media@modules@UModSys@@2U12345@A@@YAXXZ 10013778 f    CIL library: CIL module
 0001:000127a8       ??__E?s_modreg_chain@RModuleReg@images_std@media@modules@UModSys@@2USModuleRegChain@base@5@A@@YAXXZ 100137a8 f    CIL library: CIL module
 0001:000127c3       ??__E?s_uid@RGenerator@images_std@media@modules@UModSys@@2USUniquePointer@core@5@A@@YAXXZ 100137c3 f    CIL library: CIL module
 0001:000127e5       ??__E?s_id@?$TObjectUniqueID@URMediaFilter@images_std@media@modules@UModSys@@@tl@UModSys@@2USUniquePointer@core@3@A@@YAXXZ 100137e5 f    CIL library: CIL module
 0001:00012807       ??__E?s_id@?$TObjectUniqueID@URGenerator@images_std@media@modules@UModSys@@@tl@UModSys@@2USUniquePointer@core@3@A@@YAXXZ 10013807 f    CIL library: CIL module
 0001:00012829       ??__E?s_modreg@RModuleReg@serialize_json@media@modules@UModSys@@2U12345@A@@YAXXZ 10013829 f    CIL library: CIL module
 0001:00012859       ??__E?s_modreg_chain@RModuleReg@serialize_json@media@modules@UModSys@@2USModuleRegChain@base@5@A@@YAXXZ 10013859 f    CIL library: CIL module
 0001:00012874       ??__E?s_uid@RGenerator@serialize_json@media@modules@UModSys@@2USUniquePointer@core@5@A@@YAXXZ 10013874 f    CIL library: CIL module
 0001:00012896       ??__E?s_id@?$TObjectUniqueID@URSerializeReader@serialize_json@media@modules@UModSys@@@tl@UModSys@@2USUniquePointer@core@3@A@@YAXXZ 10013896 f    CIL library: CIL module
 0001:000128b8       ??__E?s_id@?$TObjectUniqueID@URSerializeWriter@serialize_json@media@modules@UModSys@@@tl@UModSys@@2USUniquePointer@core@3@A@@YAXXZ 100138b8 f    CIL library: CIL module
 0001:000128da       ??__E?s_id@?$TObjectUniqueID@URGenerator@serialize_json@media@modules@UModSys@@@tl@UModSys@@2USUniquePointer@core@3@A@@YAXXZ 100138da f    CIL library: CIL module
 0001:000128fc       ??__EM@UModSys@@YAXXZ      100138fc f    CIL library: CIL module
 0001:00012908       ??__E?root@SModuleRegChain@base@UModSys@@2U123@A@@YAXXZ 10013908 f    CIL library: CIL module
 0001:00012914       ??__E?s_library@RModuleLibraryReg_Chain@base@UModSys@@2U123@A@@YAXXZ 10013914 f    CIL library: CIL module
 0001:00012920       ??__E?root@SUniquePointer@core@UModSys@@2U123@A@@YAXXZ 10013920 f    CIL library: CIL module
 0001:0001292c       ??__F?s_modreg@RModuleReg@test1@test@modules@UModSys@@2U12345@A@@YAXXZ 1001392c f    CIL library: CIL module
 0001:00012937       ??__F?s_modreg_chain@RModuleReg@test1@test@modules@UModSys@@2USModuleRegChain@base@5@A@@YAXXZ 10013937 f    CIL library: CIL module
 0001:00012941       ??__F?s_uid@RGenerator@test1@test@modules@UModSys@@2USUniquePointer@core@5@A@@YAXXZ 10013941 f    CIL library: CIL module
 0001:0001294b       ??__Fh@?1??s_holder@RGenerator@test1@test@modules@UModSys@@SAAAU?$TTypeStaticHolder@URGenerator@test1@test@modules@UModSys@@@tl@5@XZ@YAXXZ 1001394b f    CIL library: CIL module
 0001:00012968       ??__F?s_id@?$TObjectUniqueID@URGenerator@test1@test@modules@UModSys@@@tl@UModSys@@2USUniquePointer@core@3@A@@YAXXZ 10013968 f    CIL library: CIL module
 0001:00012972       ??__F?s_id@?$TObjectUniqueID@URTest1_Shell@test1@test@modules@UModSys@@@tl@UModSys@@2USUniquePointer@core@3@A@@YAXXZ 10013972 f    CIL library: CIL module
 0001:0001297c       ??__F?s_id@?$TObjectUniqueID@URLines_Filter@test1@test@modules@UModSys@@@tl@UModSys@@2USUniquePointer@core@3@A@@YAXXZ 1001397c f    CIL library: CIL module
 0001:00012986       ??__F?s_id@?$TObjectUniqueID@URLines@test1@test@modules@UModSys@@@tl@UModSys@@2USUniquePointer@core@3@A@@YAXXZ 10013986 f    CIL library: CIL module
 0001:00012990       ??__F?s_id@?$TObjectUniqueID@UILines@test1@test@modules@UModSys@@@tl@UModSys@@2USUniquePointer@core@3@A@@YAXXZ 10013990 f    CIL library: CIL module
 0001:0001299a       ??__F?s_id@?$TObjectUniqueID@UIRenderDriver@lib2d@UModSys@@@tl@UModSys@@2USUniquePointer@core@3@A@@YAXXZ 1001399a f    CIL library: CIL module
 0001:000129a4       ??__F?s_id@?$TObjectUniqueID@UIMultiImage@lib2d@UModSys@@@tl@UModSys@@2USUniquePointer@core@3@A@@YAXXZ 100139a4 f    CIL library: CIL module
 0001:000129ae       ??__F?s_id@?$TObjectUniqueID@UIImage@lib2d@UModSys@@@tl@UModSys@@2USUniquePointer@core@3@A@@YAXXZ 100139ae f    CIL library: CIL module
 0001:000129b8       ??__F?s_id@?$TObjectUniqueID@UIDialog@libui@UModSys@@@tl@UModSys@@2USUniquePointer@core@3@A@@YAXXZ 100139b8 f    CIL library: CIL module
 0001:000129c2       ??__F?s_id@?$TObjectUniqueID@UIFrame@libui@UModSys@@@tl@UModSys@@2USUniquePointer@core@3@A@@YAXXZ 100139c2 f    CIL library: CIL module
 0001:000129cc       ??__F?s_id@?$TObjectUniqueID@UIAsyncCollector@libui@UModSys@@@tl@UModSys@@2USUniquePointer@core@3@A@@YAXXZ 100139cc f    CIL library: CIL module
 0001:000129d6       ??__F?s_id@?$TObjectUniqueID@UIAsyncController@libui@UModSys@@@tl@UModSys@@2USUniquePointer@core@3@A@@YAXXZ 100139d6 f    CIL library: CIL module
 0001:000129e0       ??__F?s_id@?$TObjectUniqueID@UICollector@libui@UModSys@@@tl@UModSys@@2USUniquePointer@core@3@A@@YAXXZ 100139e0 f    CIL library: CIL module
 0001:000129ea       ??__F?s_id@?$TObjectUniqueID@UIConsoleHelperInput_UIKey@libui@UModSys@@@tl@UModSys@@2USUniquePointer@core@3@A@@YAXXZ 100139ea f    CIL library: CIL module
 0001:000129f4       ??__F?s_id@?$TObjectUniqueID@UITerminal@libui@UModSys@@@tl@UModSys@@2USUniquePointer@core@3@A@@YAXXZ 100139f4 f    CIL library: CIL module
 0001:000129fe       ??__F?s_id@?$TObjectUniqueID@UIJoystickController@libui@UModSys@@@tl@UModSys@@2USUniquePointer@core@3@A@@YAXXZ 100139fe f    CIL library: CIL module
 0001:00012a08       ??__F?s_id@?$TObjectUniqueID@UIMouseController@libui@UModSys@@@tl@UModSys@@2USUniquePointer@core@3@A@@YAXXZ 10013a08 f    CIL library: CIL module
 0001:00012a12       ??__F?s_id@?$TObjectUniqueID@UIKeyboardController@libui@UModSys@@@tl@UModSys@@2USUniquePointer@core@3@A@@YAXXZ 10013a12 f    CIL library: CIL module
 0001:00012a1c       ??__F?s_id@?$TObjectUniqueID@UIConsoleHelperOutputFCS@base@UModSys@@@tl@UModSys@@2USUniquePointer@core@3@A@@YAXXZ 10013a1c f    CIL library: CIL module
 0001:00012a26       ??__F?s_id@?$TObjectUniqueID@UIConsoleHelperOutput@base@UModSys@@@tl@UModSys@@2USUniquePointer@core@3@A@@YAXXZ 10013a26 f    CIL library: CIL module
 0001:00012a30       ??__F?s_id@?$TObjectUniqueID@UIConsoleHelperInput@base@UModSys@@@tl@UModSys@@2USUniquePointer@core@3@A@@YAXXZ 10013a30 f    CIL library: CIL module
 0001:00012a3a       ??__F?s_id@?$TObjectUniqueID@UIConsoleHelperHistory@base@UModSys@@@tl@UModSys@@2USUniquePointer@core@3@A@@YAXXZ 10013a3a f    CIL library: CIL module
 0001:00012a44       ??__F?s_id@?$TObjectUniqueID@UIConsoleHelper@base@UModSys@@@tl@UModSys@@2USUniquePointer@core@3@A@@YAXXZ 10013a44 f    CIL library: CIL module
 0001:00012a4e       ??__F?s_id@?$TObjectUniqueID@UIConsoleExt@base@UModSys@@@tl@UModSys@@2USUniquePointer@core@3@A@@YAXXZ 10013a4e f    CIL library: CIL module
 0001:00012a58       ??__F?s_id@?$TObjectUniqueID@UISerializeWriter@libmedia@UModSys@@@tl@UModSys@@2USUniquePointer@core@3@A@@YAXXZ 10013a58 f    CIL library: CIL module
 0001:00012a62       ??__F?s_id@?$TObjectUniqueID@UISerializeReader@libmedia@UModSys@@@tl@UModSys@@2USUniquePointer@core@3@A@@YAXXZ 10013a62 f    CIL library: CIL module
 0001:00012a6c       ??__F?s_id@?$TObjectUniqueID@UILibraryLayered@libmedia@UModSys@@@tl@UModSys@@2USUniquePointer@core@3@A@@YAXXZ 10013a6c f    CIL library: CIL module
 0001:00012a76       ??__F?s_id@?$TObjectUniqueID@UILibraryObjCache@libmedia@UModSys@@@tl@UModSys@@2USUniquePointer@core@3@A@@YAXXZ 10013a76 f    CIL library: CIL module
 0001:00012a80       ??__F?s_id@?$TObjectUniqueID@UILibraryObjFilter@libmedia@UModSys@@@tl@UModSys@@2USUniquePointer@core@3@A@@YAXXZ 10013a80 f    CIL library: CIL module
 0001:00012a8a       ??__F?s_id@?$TObjectUniqueID@UILibraryBinCache@libmedia@UModSys@@@tl@UModSys@@2USUniquePointer@core@3@A@@YAXXZ 10013a8a f    CIL library: CIL module
 0001:00012a94       ??__F?s_id@?$TObjectUniqueID@UILibraryBinTree@libmedia@UModSys@@@tl@UModSys@@2USUniquePointer@core@3@A@@YAXXZ 10013a94 f    CIL library: CIL module
 0001:00012a9e       ??__F?s_id@?$TObjectUniqueID@UILibrary@libmedia@UModSys@@@tl@UModSys@@2USUniquePointer@core@3@A@@YAXXZ 10013a9e f    CIL library: CIL module
 0001:00012aa8       ??__F?s_id@?$TObjectUniqueID@UIBinObjFilter@libmedia@UModSys@@@tl@UModSys@@2USUniquePointer@core@3@A@@YAXXZ 10013aa8 f    CIL library: CIL module
 0001:00012ab2       ??__F?s_id@?$TObjectUniqueID@UIBinArchive@libmedia@UModSys@@@tl@UModSys@@2USUniquePointer@core@3@A@@YAXXZ 10013ab2 f    CIL library: CIL module
 0001:00012abc       ??__F?s_id@?$TObjectUniqueID@UIStreamWriter@libmedia@UModSys@@@tl@UModSys@@2USUniquePointer@core@3@A@@YAXXZ 10013abc f    CIL library: CIL module
 0001:00012ac6       ??__F?s_id@?$TObjectUniqueID@UIStreamReader@libmedia@UModSys@@@tl@UModSys@@2USUniquePointer@core@3@A@@YAXXZ 10013ac6 f    CIL library: CIL module
 0001:00012ad0       ??__F?s_id@?$TObjectUniqueID@UISystem@base@UModSys@@@tl@UModSys@@2USUniquePointer@core@3@A@@YAXXZ 10013ad0 f    CIL library: CIL module
 0001:00012ada       ??__F?s_id@?$TObjectUniqueID@UIConsole@base@UModSys@@@tl@UModSys@@2USUniquePointer@core@3@A@@YAXXZ 10013ada f    CIL library: CIL module
 0001:00012ae4       ??__F?s_id@?$TObjectUniqueID@UIShell@base@UModSys@@@tl@UModSys@@2USUniquePointer@core@3@A@@YAXXZ 10013ae4 f    CIL library: CIL module
 0001:00012aee       ??__F?s_id@?$TObjectUniqueID@UIGenerator@base@UModSys@@@tl@UModSys@@2USUniquePointer@core@3@A@@YAXXZ 10013aee f    CIL library: CIL module
 0001:00012af8       ??__F?s_id@?$TObjectUniqueID@UIModObject@base@UModSys@@@tl@UModSys@@2USUniquePointer@core@3@A@@YAXXZ 10013af8 f    CIL library: CIL module
 0001:00012b02       ??__F?s_id@?$TObjectUniqueID@UIModuleLibrary@base@UModSys@@@tl@UModSys@@2USUniquePointer@core@3@A@@YAXXZ 10013b02 f    CIL library: CIL module
 0001:00012b0c       ??__F?s_id@?$TObjectUniqueID@UIModule@base@UModSys@@@tl@UModSys@@2USUniquePointer@core@3@A@@YAXXZ 10013b0c f    CIL library: CIL module
 0001:00012b16       ??__F?s_id@?$TObjectUniqueID@UIParameters@core@UModSys@@@tl@UModSys@@2USUniquePointer@core@3@A@@YAXXZ 10013b16 f    CIL library: CIL module
 0001:00012b20       ??__F?s_id@?$TObjectUniqueID@UIRefObject@core@UModSys@@@tl@UModSys@@2USUniquePointer@core@3@A@@YAXXZ 10013b20 f    CIL library: CIL module
 0001:00012b2a       ??__F?s_id@?$TObjectUniqueID@UIRoot@core@UModSys@@@tl@UModSys@@2USUniquePointer@core@3@A@@YAXXZ 10013b2a f    CIL library: CIL module
 0001:00012b34       ??__F?s_modreg@RModuleReg@stdlib@lib2d@modules@UModSys@@2U12345@A@@YAXXZ 10013b34 f    CIL library: CIL module
 0001:00012b3f       ??__F?s_modreg_chain@RModuleReg@stdlib@lib2d@modules@UModSys@@2USModuleRegChain@base@5@A@@YAXXZ 10013b3f f    CIL library: CIL module
 0001:00012b49       ??__F?s_uid@RGenerator@stdlib@lib2d@modules@UModSys@@2USUniquePointer@core@5@A@@YAXXZ 10013b49 f    CIL library: CIL module
 0001:00012b53       ??__Fh@?1??s_holder@RGenerator@stdlib@lib2d@modules@UModSys@@SAAAU?$TTypeStaticHolder@URGenerator@stdlib@lib2d@modules@UModSys@@@tl@5@XZ@YAXXZ 10013b53 f    CIL library: CIL module
 0001:00012b70       ??__F?s_id@?$TObjectUniqueID@URGenerator@stdlib@lib2d@modules@UModSys@@@tl@UModSys@@2USUniquePointer@core@3@A@@YAXXZ 10013b70 f    CIL library: CIL module
 0001:00012b7a       ??__F?s_id@?$TObjectUniqueID@URImage_Memory@stdlib@lib2d@modules@UModSys@@@tl@UModSys@@2USUniquePointer@core@3@A@@YAXXZ 10013b7a f    CIL library: CIL module
 0001:00012b84       ??__F?s_modreg@RModuleReg@SDL_core@ui@modules@UModSys@@2U12345@A@@YAXXZ 10013b84 f    CIL library: CIL module
 0001:00012b8f       ??__F?s_modreg_chain@RModuleReg@SDL_core@ui@modules@UModSys@@2USModuleRegChain@base@5@A@@YAXXZ 10013b8f f    CIL library: CIL module
 0001:00012b99       ??__F?s_uid@RGenerator@SDL_core@ui@modules@UModSys@@2USUniquePointer@core@5@A@@YAXXZ 10013b99 f    CIL library: CIL module
 0001:00012ba3       ??__Fh@?1??s_holder@RGenerator@SDL_core@ui@modules@UModSys@@SAAAU?$TTypeStaticHolder@URGenerator@SDL_core@ui@modules@UModSys@@@tl@5@XZ@YAXXZ 10013ba3 f    CIL library: CIL module
 0001:00012bc0       ??__F?s_id@?$TObjectUniqueID@URGenerator@SDL_core@ui@modules@UModSys@@@tl@UModSys@@2USUniquePointer@core@3@A@@YAXXZ 10013bc0 f    CIL library: CIL module
 0001:00012bca       ??__F?s_id@?$TObjectUniqueID@URTerminal@SDL_core@ui@modules@UModSys@@@tl@UModSys@@2USUniquePointer@core@3@A@@YAXXZ 10013bca f    CIL library: CIL module
 0001:00012bd4       ??__F?s_id@?$TObjectUniqueID@URKeyboardController@SDL_core@ui@modules@UModSys@@@tl@UModSys@@2USUniquePointer@core@3@A@@YAXXZ 10013bd4 f    CIL library: CIL module
 0001:00012bde       ??__F?s_id@?$TObjectUniqueID@URMouseController@SDL_core@ui@modules@UModSys@@@tl@UModSys@@2USUniquePointer@core@3@A@@YAXXZ 10013bde f    CIL library: CIL module
 0001:00012be8       ??__F?s_id@?$TObjectUniqueID@URRenderDriver2D@SDL_core@ui@modules@UModSys@@@tl@UModSys@@2USUniquePointer@core@3@A@@YAXXZ 10013be8 f    CIL library: CIL module
 0001:00012bf2       ??__F?s_id@?$TObjectUniqueID@URMultiImage2D_SDL_ttf@SDL_core@ui@modules@UModSys@@@tl@UModSys@@2USUniquePointer@core@3@A@@YAXXZ 10013bf2 f    CIL library: CIL module
 0001:00012bfc       ??__F?s_modreg@RModuleReg@frames@ui@modules@UModSys@@2U12345@A@@YAXXZ 10013bfc f    CIL library: CIL module
 0001:00012c07       ??__F?s_modreg_chain@RModuleReg@frames@ui@modules@UModSys@@2USModuleRegChain@base@5@A@@YAXXZ 10013c07 f    CIL library: CIL module
 0001:00012c11       ??__F?s_uid@RGenerator@frames@ui@modules@UModSys@@2USUniquePointer@core@5@A@@YAXXZ 10013c11 f    CIL library: CIL module
 0001:00012c1b       ??__Fh@?1??s_holder@RGenerator@frames@ui@modules@UModSys@@SAAAU?$TTypeStaticHolder@URGenerator@frames@ui@modules@UModSys@@@tl@5@XZ@YAXXZ 10013c1b f    CIL library: CIL module
 0001:00012c38       ??__F?s_id@?$TObjectUniqueID@URGenerator@frames@ui@modules@UModSys@@@tl@UModSys@@2USUniquePointer@core@3@A@@YAXXZ 10013c38 f    CIL library: CIL module
 0001:00012c42       ??__F?s_id@?$TObjectUniqueID@URCollector@frames@ui@modules@UModSys@@@tl@UModSys@@2USUniquePointer@core@3@A@@YAXXZ 10013c42 f    CIL library: CIL module
 0001:00012c4c       ??__F?s_id@?$TObjectUniqueID@URFrame_List@frames@ui@modules@UModSys@@@tl@UModSys@@2USUniquePointer@core@3@A@@YAXXZ 10013c4c f    CIL library: CIL module
 0001:00012c56       ??__F?s_id@?$TObjectUniqueID@URFrame_Edit@frames@ui@modules@UModSys@@@tl@UModSys@@2USUniquePointer@core@3@A@@YAXXZ 10013c56 f    CIL library: CIL module
 0001:00012c60       ??__F?s_id@?$TObjectUniqueID@URFrame_Button@frames@ui@modules@UModSys@@@tl@UModSys@@2USUniquePointer@core@3@A@@YAXXZ 10013c60 f    CIL library: CIL module
 0001:00012c6a       ??__F?s_id@?$TObjectUniqueID@URFrame_Text@frames@ui@modules@UModSys@@@tl@UModSys@@2USUniquePointer@core@3@A@@YAXXZ 10013c6a f    CIL library: CIL module
 0001:00012c74       ??__F?s_id@?$TObjectUniqueID@URFrame_Image@frames@ui@modules@UModSys@@@tl@UModSys@@2USUniquePointer@core@3@A@@YAXXZ 10013c74 f    CIL library: CIL module
 0001:00012c7e       ??__F?s_id@?$TObjectUniqueID@URFrame_Frame@frames@ui@modules@UModSys@@@tl@UModSys@@2USUniquePointer@core@3@A@@YAXXZ 10013c7e f    CIL library: CIL module
 0001:00012c88       ??__F?s_id@?$TObjectUniqueID@URDialog@frames@ui@modules@UModSys@@@tl@UModSys@@2USUniquePointer@core@3@A@@YAXXZ 10013c88 f    CIL library: CIL module
 0001:00012c92       ??__F?s_id@?$TObjectUniqueID@URFrame_Common@frames@ui@modules@UModSys@@@tl@UModSys@@2USUniquePointer@core@3@A@@YAXXZ 10013c92 f    CIL library: CIL module
 0001:00012c9c       ??__F?s_modreg@RModuleReg@images_std@media@modules@UModSys@@2U12345@A@@YAXXZ 10013c9c f    CIL library: CIL module
 0001:00012ca7       ??__F?s_modreg_chain@RModuleReg@images_std@media@modules@UModSys@@2USModuleRegChain@base@5@A@@YAXXZ 10013ca7 f    CIL library: CIL module
 0001:00012cb1       ??__F?s_uid@RGenerator@images_std@media@modules@UModSys@@2USUniquePointer@core@5@A@@YAXXZ 10013cb1 f    CIL library: CIL module
 0001:00012cbb       ??__Fh@?1??s_holder@RGenerator@images_std@media@modules@UModSys@@SAAAU?$TTypeStaticHolder@URGenerator@images_std@media@modules@UModSys@@@tl@5@XZ@YAXXZ 10013cbb f    CIL library: CIL module
 0001:00012cd8       ??__F?s_id@?$TObjectUniqueID@URGenerator@images_std@media@modules@UModSys@@@tl@UModSys@@2USUniquePointer@core@3@A@@YAXXZ 10013cd8 f    CIL library: CIL module
 0001:00012ce2       ??__F?s_id@?$TObjectUniqueID@URMediaFilter@images_std@media@modules@UModSys@@@tl@UModSys@@2USUniquePointer@core@3@A@@YAXXZ 10013ce2 f    CIL library: CIL module
 0001:00012cec       ??__F?s_modreg@RModuleReg@serialize_json@media@modules@UModSys@@2U12345@A@@YAXXZ 10013cec f    CIL library: CIL module
 0001:00012cf7       ??__F?s_modreg_chain@RModuleReg@serialize_json@media@modules@UModSys@@2USModuleRegChain@base@5@A@@YAXXZ 10013cf7 f    CIL library: CIL module
 0001:00012d01       ??__F?s_uid@RGenerator@serialize_json@media@modules@UModSys@@2USUniquePointer@core@5@A@@YAXXZ 10013d01 f    CIL library: CIL module
 0001:00012d0b       ??__Fh@?1??s_holder@RGenerator@serialize_json@media@modules@UModSys@@SAAAU?$TTypeStaticHolder@URGenerator@serialize_json@media@modules@UModSys@@@tl@5@XZ@YAXXZ 10013d0b f    CIL library: CIL module
 0001:00012d28       ??__F?s_id@?$TObjectUniqueID@URGenerator@serialize_json@media@modules@UModSys@@@tl@UModSys@@2USUniquePointer@core@3@A@@YAXXZ 10013d28 f    CIL library: CIL module
 0001:00012d32       ??__F?s_id@?$TObjectUniqueID@URSerializeWriter@serialize_json@media@modules@UModSys@@@tl@UModSys@@2USUniquePointer@core@3@A@@YAXXZ 10013d32 f    CIL library: CIL module
 0001:00012d3c       ??__F?s_id@?$TObjectUniqueID@URSerializeReader@serialize_json@media@modules@UModSys@@@tl@UModSys@@2USUniquePointer@core@3@A@@YAXXZ 10013d3c f    CIL library: CIL module
 0001:00012d46       ??__FM@UModSys@@YAXXZ      10013d46 f    CIL library: CIL module
 0001:00012d47       ??__F?root@SModuleRegChain@base@UModSys@@2U123@A@@YAXXZ 10013d47 f    CIL library: CIL module
 0001:00012d51       ??__F?s_library@RModuleLibraryReg_Chain@base@UModSys@@2U123@A@@YAXXZ 10013d51 f    CIL library: CIL module
 0001:00012d5c       ??__F?root@SUniquePointer@core@UModSys@@2U123@A@@YAXXZ 10013d5c f    CIL library: CIL module

 Exports

  ordinal    name

        1    _UModSys_Plugin_Entry2@0
