 plugin_test1

 Timestamp is 532c068d (Fri Mar 21 12:29:49 2014)

 Preferred load address is 10000000

 Start         Length     Name                   Class
 0001:00000000 0002a7c1H .text                   CODE
 0001:0002a7c1 00000975H .text$x                 CODE
 0001:0002b136 0000122fH .text$yc                CODE
 0001:0002c365 000006c8H .text$yd                CODE
 0002:00000000 00000224H .idata$5                DATA
 0002:00000224 00000004H .CRT$XCA                DATA
 0002:00000228 00001060H .CRT$XCU                DATA
 0002:00001288 00000004H .CRT$XCZ                DATA
 0002:0000128c 00000004H .CRT$XIA                DATA
 0002:00001290 00000004H .CRT$XIAA               DATA
 0002:00001294 00000004H .CRT$XIC                DATA
 0002:00001298 00000004H .CRT$XIZ                DATA
 0002:000012a0 0000cea0H .rdata                  DATA
 0002:0000e140 00001e58H .rdata$r                DATA
 0002:0000ffa0 00000118H .rdata$sxdata           DATA
 0002:000100b8 00000004H .rtc$IAA                DATA
 0002:000100bc 00000004H .rtc$IZZ                DATA
 0002:000100c0 00000004H .rtc$TAA                DATA
 0002:000100c4 00000004H .rtc$TZZ                DATA
 0002:000100c8 00000fbcH .xdata$x                DATA
 0002:00011084 0000008cH .idata$2                DATA
 0002:00011110 00000014H .idata$3                DATA
 0002:00011124 00000224H .idata$4                DATA
 0002:00011348 000009caH .idata$6                DATA
 0002:00011d20 0000005cH .edata                  DATA
 0003:00000000 00001640H .data                   DATA
 0003:00001640 000019a4H .bss                    DATA

  Address         Publics by Value              Rva+Base       Lib:Object

 0000:00000000       __except_list              00000000     <absolute>
 0000:00000046       ___safe_se_handler_count   00000046     <absolute>
 0000:00009876       __ldused                   00009876     <absolute>
 0000:00009876       __fltused                  00009876     <absolute>
 0000:00000000       ___ImageBase               10000000     <linker-defined>
 0001:00000000       ?new_data@SMemorySharedData@core@UModSys@@SAPAU123@IPBUSSourceContext@23@@Z 10001000 f i plugin_test1.obj
 0001:00000024       ?link@SMemShared@core@UModSys@@QAE_NPAUSMemorySharedData@23@PAUSSourceContext@23@@Z 10001024 f i plugin_test1.obj
 0001:00000024       ?link@SCMemShared@core@UModSys@@QAE_NPAUSMemorySharedData@23@PAUSSourceContext@23@@Z 10001024 f i plugin_test1.obj
 0001:00000049       ??BSCMemShared@core@UModSys@@QBE?AUSCMem@12@XZ 10001049 f i plugin_test1.obj
 0001:00000049       ??BSMemShared@core@UModSys@@QBE?AUSMem@12@XZ 10001049 f i umodsys_lib_lib2d:umodsys.mod.2d.stdlib.obj
 0001:00000049       ?get@SMemShared@core@UModSys@@QBE?AUSMem@23@XZ 10001049 f i umodsys_lib_libmedia:umodsys.mod.media.images_std.obj
 0001:00000079       ??6SUniquePtrList@core@UModSys@@QAEAAU012@PBUSUniquePointerInfo@12@@Z 10001079 f i plugin_test1.obj
 0001:000000aa       ??3IRoot@core@UModSys@@SAXPAXABUSIMemAlloc@12@@Z 100010aa f i plugin_test1.obj
 0001:000000c3       ?_root_get_other_interface@IRefObject@core@UModSys@@IBEPBUIRoot@23@PBUSUniquePointerInfo@23@@Z 100010c3 f i plugin_test1.obj
 0001:000000c3       ?_root_get_other_interface@IRefObject@core@UModSys@@IAEPAUIRoot@23@PBUSUniquePointerInfo@23@@Z 100010c3 f i plugin_test1.obj
 0001:000000e4       ?_root_get_interface_types@IRefObject@core@UModSys@@SAIAAUSUniquePtrList@23@@Z 100010e4 f i plugin_test1.obj
 0001:00000104       ?_root_is_interface_supported@IRefObject@core@UModSys@@SA_NPBUSUniquePointerInfo@23@@Z 10001104 f i plugin_test1.obj
 0001:0000011b       ??$slen@D@su@tl@UModSys@@YAIPBD@Z 1000111b f i plugin_test1.obj
 0001:00000134       ??$seq@D@su@tl@UModSys@@YA_NPBD0@Z 10001134 f i plugin_test1.obj
 0001:00000161       ??0SParameters@core@UModSys@@QAE@PAUIParameters@12@PAXH@Z 10001161 f i plugin_test1.obj
 0001:00000184       ?add@SParameters@core@UModSys@@QAE_NPBDH@Z 10001184 f i plugin_test1.obj
 0001:0000019f       ?_root_get_other_interface@IGenerator@base@UModSys@@IBEPBUIRoot@core@3@PBUSUniquePointerInfo@53@@Z 1000119f f i plugin_test1.obj
 0001:0000019f       ?_root_get_other_interface@IGenerator@base@UModSys@@IAEPAUIRoot@core@3@PBUSUniquePointerInfo@53@@Z 1000119f f i plugin_test1.obj
 0001:000001bb       ?_root_is_interface_supported@IGenerator@base@UModSys@@SA_NPBUSUniquePointerInfo@core@3@@Z 100011bb f i plugin_test1.obj
 0001:000001db       ?_root_is_interface_supported@IBinObjFilter@libmedia@UModSys@@SA_NPBUSUniquePointerInfo@core@3@@Z 100011db f i plugin_test1.obj
 0001:000001fb       ?set_info@IImage@lib2d@UModSys@@QAE_NW4eImageType@23@HHPBD@Z 100011fb f i plugin_test1.obj
 0001:00000226       ?render_text@IRenderDriver@lib2d@UModSys@@QAE_NABU?$TVector2@H@math3d@3@PBHHPBU?$TVector2@M@53@@Z 10001226 f i plugin_test1.obj
 0001:00000254       ??1IBinObjFilter@libmedia@UModSys@@UAE@XZ 10001254 f i plugin_test1.obj
 0001:00000259       ??1ILibObject@libmedia@UModSys@@UAE@XZ 10001259 f i plugin_test1.obj
 0001:00000290       ?root_get_interface_info@RTest1_Shell@test1@test@modules@UModSys@@UBEABUSUniquePointerInfo@core@5@XZ 10001290 f i plugin_test1.obj
 0001:00000296       ?root_get_interface_type@RTest1_Shell@test1@test@modules@UModSys@@UBEPBUSUniquePointerInfo@core@5@XZ 10001296 f i plugin_test1.obj
 0001:0000029c       ?root_get_other_interface@RTest1_Shell@test1@test@modules@UModSys@@UAEPAUIRoot@core@5@PBUSUniquePointerInfo@75@@Z 1000129c f i plugin_test1.obj
 0001:0000029c       ?root_get_other_interface@RTest1_Shell@test1@test@modules@UModSys@@UBEPBUIRoot@core@5@PBUSUniquePointerInfo@75@@Z 1000129c f i plugin_test1.obj
 0001:000002bd       ?root_is_interface_supported@RTest1_Shell@test1@test@modules@UModSys@@UBE_NPBUSUniquePointerInfo@core@5@@Z 100012bd f i plugin_test1.obj
 0001:000002e4       ?ref_add@RTest1_Shell@test1@test@modules@UModSys@@UBEXXZ 100012e4 f i plugin_test1.obj
 0001:000002e8       ?ref_remove@RTest1_Shell@test1@test@modules@UModSys@@UBEXXZ 100012e8 f i plugin_test1.obj
 0001:000002f3       ?ref_links@RTest1_Shell@test1@test@modules@UModSys@@UBEHXZ 100012f3 f i plugin_test1.obj
 0001:000002f7       ?ref_weak@RTest1_Shell@test1@test@modules@UModSys@@UBE_NAAUWeakPointer@IRefObject@core@5@@Z 100012f7 f i plugin_test1.obj
 0001:00000316       ?suicide@RTest1_Shell@test1@test@modules@UModSys@@UAEXXZ 10001316 f i plugin_test1.obj
 0001:00000353       ?set@VertexPC@UI_Info@RTest1_Shell@test1@test@modules@UModSys@@QAEXABU?$TVector3@N@math3d@7@ABU?$TVector3@M@97@@Z 10001353 f i plugin_test1.obj
 0001:0000039d       ??0RTest1_Shell@test1@test@modules@UModSys@@QAE@PAUIModObject@base@4@@Z 1000139d f i plugin_test1.obj
 0001:000004af       ??1RTest1_Shell@test1@test@modules@UModSys@@UAE@XZ 100014af f i plugin_test1.obj
 0001:00000537       ?connect@RTest1_Shell@test1@test@modules@UModSys@@UAE_NXZ 10001537 f i plugin_test1.obj
 0001:0000054f       ?disconnect@RTest1_Shell@test1@test@modules@UModSys@@UAE_NXZ 1000154f f i plugin_test1.obj
 0001:00000567       ?process_tick@RTest1_Shell@test1@test@modules@UModSys@@UAE_NABUSTimeMsec@core@5@@Z 10001567 f i plugin_test1.obj
 0001:00000593       ?process_command@RTest1_Shell@test1@test@modules@UModSys@@UAE_NHQBU?$TString@U?$TSCoreConst@D@su@tl@UModSys@@U?$TComparerBinaryHash@D@234@@tl@5@@Z 10001593 f i plugin_test1.obj
 0001:000005b2       ??_GRTest1_Shell@test1@test@modules@UModSys@@UAEPAXI@Z 100015b2 f i plugin_test1.obj
 0001:000005b2       ??_ERTest1_Shell@test1@test@modules@UModSys@@UAEPAXI@Z 100015b2 f i  CIL library: CIL module
 0001:000005cf       ??1?$TParametersA@$0BAA@@core@UModSys@@QAE@XZ 100015cf f i umodsys_lib_libui:umodsys.mod.ui.SDL_core.obj
 0001:000005cf       ??1?$TParametersA@$0EAA@@core@UModSys@@QAE@XZ 100015cf f i plugin_test1.obj
 0001:000005cf       ??1SParameters@core@UModSys@@QAE@XZ 100015cf f i plugin_test1.obj
 0001:000005cf       ??1?$TParametersA@$0BAL@@core@UModSys@@QAE@XZ 100015cf f i umodsys_lib_lib2d:umodsys.mod.2d.stdlib.obj
 0001:000005dc       ?ui_newframes@RTest1_Shell@test1@test@modules@UModSys@@SA?AU?$TRefObject@UICollector@libui@UModSys@@U?$TRefObjectFunc@UICollector@libui@UModSys@@@tl@3@@tl@5@ABU?$TString@U?$TSCoreConst@D@su@tl@UModSys@@U?$TComparerBinaryHash@D@234@@75@ABUSParameters@core@5@@Z 100015dc f   plugin_test1.obj
 0001:000005fa       ?ui_newterm@RTest1_Shell@test1@test@modules@UModSys@@SA?AU?$TRefObject@UITerminal@libui@UModSys@@U?$TRefObjectFunc@UITerminal@libui@UModSys@@@tl@3@@tl@5@ABU?$TString@U?$TSCoreConst@D@su@tl@UModSys@@U?$TComparerBinaryHash@D@234@@75@ABUSParameters@core@5@@Z 100015fa f   plugin_test1.obj
 0001:00000618       ?key_pressed@RTest1_Shell@test1@test@modules@UModSys@@UAE_NABUSKeyboardInputRaw@libui@5@@Z 10001618 f   plugin_test1.obj
 0001:0000065a       ?key_text@RTest1_Shell@test1@test@modules@UModSys@@UAE_NABUSKeyboardInputText@libui@5@@Z 1000165a f   plugin_test1.obj
 0001:00000693       ?mouse_event@RTest1_Shell@test1@test@modules@UModSys@@UAE_NABUSMouseInput@libui@5@@Z 10001693 f   plugin_test1.obj
 0001:000006f8       ?command@RTest1_Shell@test1@test@modules@UModSys@@UAE_NABUSController@libui@5@HABUSFrameDataIn@75@@Z 100016f8 f   plugin_test1.obj
 0001:00000733       ?db_get@RTest1_Shell@test1@test@modules@UModSys@@UAE_NABUSController@libui@5@QBDABUSFrameDataOut@75@@Z 10001733 f   plugin_test1.obj
 0001:00000788       ?db_get@RTest1_Shell@test1@test@modules@UModSys@@UAE_NABUSController@libui@5@QBDHABUSFrameDataOut@75@@Z 10001788 f   plugin_test1.obj
 0001:000007dd       ?font_2d@UI_Info@RTest1_Shell@test1@test@modules@UModSys@@QAE_NXZ 100017dd f   plugin_test1.obj
 0001:00000914       ?init_term@UI_Info@RTest1_Shell@test1@test@modules@UModSys@@QAE_NPBD@Z 10001914 f   plugin_test1.obj
 0001:00000aff       ?create_3d@UI_Info@RTest1_Shell@test1@test@modules@UModSys@@QAE_NPBD@Z 10001aff f   plugin_test1.obj
 0001:00000be0       ?new_frames@UI_Info@RTest1_Shell@test1@test@modules@UModSys@@QAE_NPAUIController@libui@6@@Z 10001be0 f   plugin_test1.obj
 0001:00001070       ??1SFrameCreateParameters@libui@UModSys@@QAE@XZ 10002070 f i plugin_test1.obj
 0001:00001081       ?shutdown@UI_Info@RTest1_Shell@test1@test@modules@UModSys@@QAEXXZ 10002081 f   plugin_test1.obj
 0001:000010b6       ?new_va_1@UI_Info@RTest1_Shell@test1@test@modules@UModSys@@QAE_NXZ 100020b6 f   plugin_test1.obj
 0001:0000142f       ?new_va_qc@UI_Info@RTest1_Shell@test1@test@modules@UModSys@@QAE_NXZ 1000242f f   plugin_test1.obj
 0001:00001661       ?cycle3d@UI_Info@RTest1_Shell@test1@test@modules@UModSys@@QAEXXZ 10002661 f   plugin_test1.obj
 0001:00001998       ??1UI_Info@RTest1_Shell@test1@test@modules@UModSys@@QAE@XZ 10002998 f i plugin_test1.obj
 0001:00001a8c       ?ui_test2@RTest1_Shell@test1@test@modules@UModSys@@QAEXXZ 10002a8c f   plugin_test1.obj
 0001:00001bbd       ?get_generated_names@RGenerator@test1@test@modules@UModSys@@UBEHAAUSUniquePtrList@core@5@@Z 10002bbd f i plugin_test1.obj
 0001:00001bd6       ?get_generated_types@RGenerator@test1@test@modules@UModSys@@UBEHAAUSUniquePtrList@core@5@PBUSUniquePointerInfo@75@@Z 10002bd6 f i plugin_test1.obj
 0001:00001c0a       ?generate@RGenerator@test1@test@modules@UModSys@@UAE_NAAU?$TRefObject@UIRefObject@core@UModSys@@U?$TRefObjectFunc@UIRefObject@core@UModSys@@@tl@3@@tl@5@PBUSUniquePointerInfo@core@5@ABUSParameters@95@@Z 10002c0a f i plugin_test1.obj
 0001:00001c8c       ?root_get_interface_info@RGenerator@test1@test@modules@UModSys@@UBEABUSUniquePointerInfo@core@5@XZ 10002c8c f i plugin_test1.obj
 0001:00001c92       ?root_get_interface_type@RGenerator@test1@test@modules@UModSys@@UBEPBUSUniquePointerInfo@core@5@XZ 10002c92 f i plugin_test1.obj
 0001:00001c98       ?root_get_other_interface@RGenerator@test1@test@modules@UModSys@@UBEPBUIRoot@core@5@PBUSUniquePointerInfo@75@@Z 10002c98 f i plugin_test1.obj
 0001:00001c98       ?root_get_other_interface@RGenerator@test1@test@modules@UModSys@@UAEPAUIRoot@core@5@PBUSUniquePointerInfo@75@@Z 10002c98 f i plugin_test1.obj
 0001:00001cb1       ?root_is_interface_supported@RGenerator@test1@test@modules@UModSys@@UBE_NPBUSUniquePointerInfo@core@5@@Z 10002cb1 f i plugin_test1.obj
 0001:00001cd0       ?get_uid@RGenerator@test1@test@modules@UModSys@@UBEPBUSUniquePointerInfo@core@5@XZ 10002cd0 f i plugin_test1.obj
 0001:00001cd6       ?do_open@RModuleReg@test1@test@modules@UModSys@@UAE_NXZ 10002cd6 f i plugin_test1.obj
 0001:00001d39       ?do_close@RModuleReg@test1@test@modules@UModSys@@UAE_NXZ 10002d39 f i plugin_test1.obj
 0001:00001d89       ?get_module@RGenerator@test1@test@modules@UModSys@@UBEPAUIModule@base@5@XZ 10002d89 f   plugin_test1.obj
 0001:00001d8f       ?mod_inc@RGenerator@test1@test@modules@UModSys@@UBE_NXZ 10002d8f f   plugin_test1.obj
 0001:00001d9a       ?mod_dec@RGenerator@test1@test@modules@UModSys@@UBE_NXZ 10002d9a f   plugin_test1.obj
 0001:00001da5       ?s_holder@RGenerator@test1@test@modules@UModSys@@SAAAU?$TTypeStaticHolder@URGenerator@test1@test@modules@UModSys@@@tl@5@XZ 10002da5 f   plugin_test1.obj
 0001:00001dd7       ??0?$TString@U?$TSCoreConst@D@su@tl@UModSys@@U?$TComparerBinaryHash@D@234@@tl@UModSys@@QAE@PBD@Z 10002dd7 f i plugin_test1.obj
 0001:00001dfc       ??8?$TString@U?$TSCoreConst@D@su@tl@UModSys@@U?$TComparerBinaryHash@D@234@@tl@UModSys@@QBE_NPBD@Z 10002dfc f i plugin_test1.obj
 0001:00001e1e       ??4?$TString@U?$TSCoreConst@D@su@tl@UModSys@@U?$TComparerBinaryHash@D@234@@tl@UModSys@@QAEABU012@PBD@Z 10002e1e f i plugin_test1.obj
 0001:00001e3a       ??0?$TString@U?$TSCoreShared@USIMemAlloc@core@UModSys@@D@su@tl@UModSys@@U?$TComparerBinaryHash@D@234@@tl@UModSys@@QAE@XZ 10002e3a f i plugin_test1.obj
 0001:00001e50       ??4?$TString@U?$TSCoreShared@USIMemAlloc@core@UModSys@@D@su@tl@UModSys@@U?$TComparerBinaryHash@D@234@@tl@UModSys@@QAEABU012@ABU012@@Z 10002e50 f i plugin_test1.obj
 0001:00001e72       ??4?$TRefObject@UIVertexArray@lib3d@UModSys@@U?$TRefObjectFunc@UIVertexArray@lib3d@UModSys@@@tl@3@@tl@UModSys@@QAEABU012@ABU012@@Z 10002e72 f i plugin_test1.obj
 0001:00001e91       ??1?$TRefObject@URCollector@frames@ui@modules@UModSys@@U?$TRefObjectFunc@URCollector@frames@ui@modules@UModSys@@@tl@5@@tl@UModSys@@QAE@XZ 10002e91 f i umodsys_lib_libui:umodsys.mod.ui.frames.obj
 0001:00001e91       ??1?$TRefObject@URFrame_Common@frames@ui@modules@UModSys@@U?$TRefObjectFunc@URFrame_Common@frames@ui@modules@UModSys@@@tl@5@@tl@UModSys@@QAE@XZ 10002e91 f i umodsys_lib_libui:umodsys.mod.ui.frames.obj
 0001:00001e91       ??1?$TRefObject@URMultiImage@stdlib@lib2d@modules@UModSys@@U?$TRefObjectFunc@URMultiImage@stdlib@lib2d@modules@UModSys@@@tl@5@@tl@UModSys@@QAE@XZ 10002e91 f i umodsys_lib_lib2d:umodsys.mod.2d.stdlib.obj
 0001:00001e91       ??1?$TRefObject@UITerminal@libui@UModSys@@U?$TRefObjectFunc@UITerminal@libui@UModSys@@@tl@3@@tl@UModSys@@QAE@XZ 10002e91 f i plugin_test1.obj
 0001:00001e91       ??1?$TRefObject@URTerminalX@SDL_GL@ui@modules@UModSys@@U?$TRefObjectFunc@URTerminalX@SDL_GL@ui@modules@UModSys@@@tl@5@@tl@UModSys@@QAE@XZ 10002e91 f i umodsys_lib_libui:umodsys.mod.ui.SDL_GL.obj
 0001:00001e91       ??1?$TRefObject@UIKeyboardController@libui@UModSys@@U?$TRefObjectFunc@UIKeyboardController@libui@UModSys@@@tl@3@@tl@UModSys@@QAE@XZ 10002e91 f i plugin_test1.obj
 0001:00001e91       ??1?$TRefObject@UIFrame@libui@UModSys@@U?$TRefObjectFunc@UIFrame@libui@UModSys@@@tl@3@@tl@UModSys@@QAE@XZ 10002e91 f i umodsys_lib_libui:umodsys.mod.ui.frames.obj
 0001:00001e91       ??1?$TRefObject@UIRenderDriver@lib3d@UModSys@@U?$TRefObjectFunc@UIRenderDriver@lib3d@UModSys@@@tl@3@@tl@UModSys@@QAE@XZ 10002e91 f i plugin_test1.obj
 0001:00001e91       ??1?$TRefObject@URMultiImage2D_SDL_ttf@SDL_GL@ui@modules@UModSys@@U?$TRefObjectFunc@URMultiImage2D_SDL_ttf@SDL_GL@ui@modules@UModSys@@@tl@5@@tl@UModSys@@QAE@XZ 10002e91 f i umodsys_lib_libui:umodsys.mod.ui.SDL_GL.obj
 0001:00001e91       ??1?$TRefObject@URImageFactory_Memory@stdlib@lib2d@modules@UModSys@@U?$TRefObjectFunc@URImageFactory_Memory@stdlib@lib2d@modules@UModSys@@@tl@5@@tl@UModSys@@QAE@XZ 10002e91 f i umodsys_lib_lib2d:umodsys.mod.2d.stdlib.obj
 0001:00001e91       ??1?$TRefObject@UIVertexArray@lib3d@UModSys@@U?$TRefObjectFunc@UIVertexArray@lib3d@UModSys@@@tl@3@@tl@UModSys@@QAE@XZ 10002e91 f i plugin_test1.obj
 0001:00001e91       ??1?$TRefObject@UIStreamReader@libmedia@UModSys@@U?$TRefObjectFunc@UIStreamReader@libmedia@UModSys@@@tl@3@@tl@UModSys@@QAE@XZ 10002e91 f i plugin_test1.obj
 0001:00001e91       ??1?$TRefObject@URVertexArray@SDL_GL@ui@modules@UModSys@@U?$TRefObjectFunc@URVertexArray@SDL_GL@ui@modules@UModSys@@@tl@5@@tl@UModSys@@QAE@XZ 10002e91 f i umodsys_lib_libui:umodsys.mod.ui.SDL_GL.obj
 0001:00001e91       ??1?$TRefObject@URMultiImage2D_SDL_ttf@SDL_core@ui@modules@UModSys@@U?$TRefObjectFunc@URMultiImage2D_SDL_ttf@SDL_core@ui@modules@UModSys@@@tl@5@@tl@UModSys@@QAE@XZ 10002e91 f i umodsys_lib_libui:umodsys.mod.ui.SDL_core.obj
 0001:00001e91       ??1?$TRefObject@UIRenderDriver@lib2d@UModSys@@U?$TRefObjectFunc@UIRenderDriver@lib2d@UModSys@@@tl@3@@tl@UModSys@@QAE@XZ 10002e91 f i plugin_test1.obj
 0001:00001e91       ??1?$TRefObject@UIMultiImage@lib2d@UModSys@@U?$TRefObjectFunc@UIMultiImage@lib2d@UModSys@@@tl@3@@tl@UModSys@@QAE@XZ 10002e91 f i plugin_test1.obj
 0001:00001e91       ??1?$TRefObject@UIImageFactory@lib2d@UModSys@@U?$TRefObjectFunc@UIImageFactory@lib2d@UModSys@@@tl@3@@tl@UModSys@@QAE@XZ 10002e91 f i plugin_test1.obj
 0001:00001e91       ??1?$TRefObject@UIRefObject@core@UModSys@@U?$TRefObjectFunc@UIRefObject@core@UModSys@@@tl@3@@tl@UModSys@@QAE@XZ 10002e91 f i plugin_test1.obj
 0001:00001e91       ??1?$TRefObject@URRenderDriver3D@SDL_GL@ui@modules@UModSys@@U?$TRefObjectFunc@URRenderDriver3D@SDL_GL@ui@modules@UModSys@@@tl@5@@tl@UModSys@@QAE@XZ 10002e91 f i umodsys_lib_libui:umodsys.mod.ui.SDL_GL.obj
 0001:00001e91       ??1?$TRefObject@URSerializeReader@serialize_json@media@modules@UModSys@@U?$TRefObjectFunc@URSerializeReader@serialize_json@media@modules@UModSys@@@tl@5@@tl@UModSys@@QAE@XZ 10002e91 f i umodsys_lib_libmedia:umodsys.mod.media.serialize_json.obj
 0001:00001e91       ??1?$TRefObject@URTerminalX@SDL_core@ui@modules@UModSys@@U?$TRefObjectFunc@URTerminalX@SDL_core@ui@modules@UModSys@@@tl@5@@tl@UModSys@@QAE@XZ 10002e91 f i umodsys_lib_libui:umodsys.mod.ui.SDL_core.obj
 0001:00001e91       ??1?$TRefObject@URBinArchiveFrameClient_ZIP@zlib@media@modules@UModSys@@U?$TRefObjectFunc@URBinArchiveFrameClient_ZIP@zlib@media@modules@UModSys@@@tl@5@@tl@UModSys@@QAE@XZ 10002e91 f i umodsys_lib_libmedia:umodsys.mod.media.zlib.obj
 0001:00001e91       ??1?$TRefObject@URDialog@frames@ui@modules@UModSys@@U?$TRefObjectFunc@URDialog@frames@ui@modules@UModSys@@@tl@5@@tl@UModSys@@QAE@XZ 10002e91 f i umodsys_lib_libui:umodsys.mod.ui.frames.obj
 0001:00001e91       ??1?$TRefObject@URImage_Memory@stdlib@lib2d@modules@UModSys@@U?$TRefObjectFunc@URImage_Memory@stdlib@lib2d@modules@UModSys@@@tl@5@@tl@UModSys@@QAE@XZ 10002e91 f i umodsys_lib_lib2d:umodsys.mod.2d.stdlib.obj
 0001:00001e91       ??1?$TRefObject@UICollector@libui@UModSys@@U?$TRefObjectFunc@UICollector@libui@UModSys@@@tl@3@@tl@UModSys@@QAE@XZ 10002e91 f i plugin_test1.obj
 0001:00001e91       ??1?$TRefObject@UIImage@lib2d@UModSys@@U?$TRefObjectFunc@UIImage@lib2d@UModSys@@@tl@3@@tl@UModSys@@QAE@XZ 10002e91 f i plugin_test1.obj
 0001:00001e91       ??1?$TRefObject@UIMouseController@libui@UModSys@@U?$TRefObjectFunc@UIMouseController@libui@UModSys@@@tl@3@@tl@UModSys@@QAE@XZ 10002e91 f i plugin_test1.obj
 0001:00001e91       ??1?$TRefObject@UIUtilities@libmedia@UModSys@@U?$TRefObjectFunc@UIUtilities@libmedia@UModSys@@@tl@3@@tl@UModSys@@QAE@XZ 10002e91 f i plugin_test1.obj
 0001:00001e91       ??1?$TRefObject@URMediaFilter@images_std@media@modules@UModSys@@U?$TRefObjectFunc@URMediaFilter@images_std@media@modules@UModSys@@@tl@5@@tl@UModSys@@QAE@XZ 10002e91 f i umodsys_lib_libmedia:umodsys.mod.media.images_std.obj
 0001:00001e91       ??1?$TRefObject@URRenderDriver2D@SDL_core@ui@modules@UModSys@@U?$TRefObjectFunc@URRenderDriver2D@SDL_core@ui@modules@UModSys@@@tl@5@@tl@UModSys@@QAE@XZ 10002e91 f i umodsys_lib_libui:umodsys.mod.ui.SDL_core.obj
 0001:00001e91       ??1?$TRefObject@URSerializeWriter@serialize_json@media@modules@UModSys@@U?$TRefObjectFunc@URSerializeWriter@serialize_json@media@modules@UModSys@@@tl@5@@tl@UModSys@@QAE@XZ 10002e91 f i umodsys_lib_libmedia:umodsys.mod.media.serialize_json.obj
 0001:00001e91       ??1?$TRefObject@UIStreamWriter@libmedia@UModSys@@U?$TRefObjectFunc@UIStreamWriter@libmedia@UModSys@@@tl@3@@tl@UModSys@@QAE@XZ 10002e91 f i plugin_test1.obj
 0001:00001ea0       ??4?$TRefObject@UIRefObject@core@UModSys@@U?$TRefObjectFunc@UIRefObject@core@UModSys@@@tl@3@@tl@UModSys@@QAEABU012@PAUIRefObject@core@2@@Z 10002ea0 f i plugin_test1.obj
 0001:00001ea0       ??4?$TRefObject@UIMultiImage@lib2d@UModSys@@U?$TRefObjectFunc@UIMultiImage@lib2d@UModSys@@@tl@3@@tl@UModSys@@QAEABU012@PAUIMultiImage@lib2d@2@@Z 10002ea0 f i plugin_test1.obj
 0001:00001ea0       ??4?$TRefObject@UIImage@lib2d@UModSys@@U?$TRefObjectFunc@UIImage@lib2d@UModSys@@@tl@3@@tl@UModSys@@QAEABU012@PAUIImage@lib2d@2@@Z 10002ea0 f i plugin_test1.obj
 0001:00001ea0       ??4?$TRefObject@URFrame_Common@frames@ui@modules@UModSys@@U?$TRefObjectFunc@URFrame_Common@frames@ui@modules@UModSys@@@tl@5@@tl@UModSys@@QAEABU012@PAURFrame_Common@frames@ui@modules@2@@Z 10002ea0 f i umodsys_lib_libui:umodsys.mod.ui.frames.obj
 0001:00001ea0       ??4?$TRefObject@UIRenderDriver@lib2d@UModSys@@U?$TRefObjectFunc@UIRenderDriver@lib2d@UModSys@@@tl@3@@tl@UModSys@@QAEABU012@PAUIRenderDriver@lib2d@2@@Z 10002ea0 f i plugin_test1.obj
 0001:00001ebb       ??0?$TParametersA@$0EAA@@core@UModSys@@QAE@XZ 10002ebb f i plugin_test1.obj
 0001:00001edd       ??1?$TDynarrayDynamic@UVertexPC@UI_Info@RTest1_Shell@test1@test@modules@UModSys@@U?$TAllocator@USIMemAlloc@core@UModSys@@USCountCalcPower2@23@@tl@7@@tl@UModSys@@QAE@XZ 10002edd f i plugin_test1.obj
 0001:00001ee2       ?update@?$TComparerBinaryHash@D@su@tl@UModSys@@QAEXPBDI@Z 10002ee2 f i plugin_test1.obj
 0001:00001f19       ??1?$TDynarray@U?$TDynarrayHolderDynamic@UVertexPC@UI_Info@RTest1_Shell@test1@test@modules@UModSys@@U?$TAllocator@USIMemAlloc@core@UModSys@@USCountCalcPower2@23@@tl@7@@tl@UModSys@@@tl@UModSys@@QAE@XZ 10002f19 f i plugin_test1.obj
 0001:00001f60       ??_ERGenerator@serialize_json@media@modules@UModSys@@UAEPAXI@Z 10002f60 f i  CIL library: CIL module
 0001:00001f60       ??_ERGenerator@SDL_core@ui@modules@UModSys@@UAEPAXI@Z 10002f60 f i  CIL library: CIL module
 0001:00001f60       ??_GRGenerator@serialize_json@media@modules@UModSys@@UAEPAXI@Z 10002f60 f i umodsys_lib_libmedia:umodsys.mod.media.serialize_json.obj
 0001:00001f60       ??_ERGenerator@frames@ui@modules@UModSys@@UAEPAXI@Z 10002f60 f i  CIL library: CIL module
 0001:00001f60       ??_GRGenerator@zlib@media@modules@UModSys@@UAEPAXI@Z 10002f60 f i umodsys_lib_libmedia:umodsys.mod.media.zlib.obj
 0001:00001f60       ??_GRGenerator@stdlib@lib2d@modules@UModSys@@UAEPAXI@Z 10002f60 f i umodsys_lib_lib2d:umodsys.mod.2d.stdlib.obj
 0001:00001f60       ??_GRGenerator@frames@ui@modules@UModSys@@UAEPAXI@Z 10002f60 f i umodsys_lib_libui:umodsys.mod.ui.frames.obj
 0001:00001f60       ??_ERGenerator@zlib@media@modules@UModSys@@UAEPAXI@Z 10002f60 f i  CIL library: CIL module
 0001:00001f60       ??_GRGenerator@SDL_GL@ui@modules@UModSys@@UAEPAXI@Z 10002f60 f i umodsys_lib_libui:umodsys.mod.ui.SDL_GL.obj
 0001:00001f60       ??_EIRoot@core@UModSys@@UAEPAXI@Z 10002f60 f i  CIL library: CIL module
 0001:00001f60       ??_GRGenerator@SDL_core@ui@modules@UModSys@@UAEPAXI@Z 10002f60 f i umodsys_lib_libui:umodsys.mod.ui.SDL_core.obj
 0001:00001f60       ??_GRBinArchiveFrameClient_ZIP@zlib@media@modules@UModSys@@UAEPAXI@Z 10002f60 f i umodsys_lib_libmedia:umodsys.mod.media.zlib.obj
 0001:00001f60       ??_ERGenerator@SDL_GL@ui@modules@UModSys@@UAEPAXI@Z 10002f60 f i  CIL library: CIL module
 0001:00001f60       ??_ERImageFactory_Memory@stdlib@lib2d@modules@UModSys@@UAEPAXI@Z 10002f60 f i  CIL library: CIL module
 0001:00001f60       ??_ERGenerator@test1@test@modules@UModSys@@UAEPAXI@Z 10002f60 f i  CIL library: CIL module
 0001:00001f60       ??_GRGenerator@images_std@media@modules@UModSys@@UAEPAXI@Z 10002f60 f i umodsys_lib_libmedia:umodsys.mod.media.images_std.obj
 0001:00001f60       ??_GRGenerator@test1@test@modules@UModSys@@UAEPAXI@Z 10002f60 f i plugin_test1.obj
 0001:00001f60       ??_GIRoot@core@UModSys@@UAEPAXI@Z 10002f60 f i plugin_test1.obj
 0001:00001f60       ??_ERGenerator@images_std@media@modules@UModSys@@UAEPAXI@Z 10002f60 f i  CIL library: CIL module
 0001:00001f60       ??_ERGenerator@stdlib@lib2d@modules@UModSys@@UAEPAXI@Z 10002f60 f i  CIL library: CIL module
 0001:00001f60       ??_GRImageFactory_Memory@stdlib@lib2d@modules@UModSys@@UAEPAXI@Z 10002f60 f i umodsys_lib_lib2d:umodsys.mod.2d.stdlib.obj
 0001:00001f60       ??_ERBinArchiveFrameClient_ZIP@zlib@media@modules@UModSys@@UAEPAXI@Z 10002f60 f i  CIL library: CIL module
 0001:00001f7d       ?info_release@?$TSCoreShared@USIMemAlloc@core@UModSys@@D@su@tl@UModSys@@QAEXXZ 10002f7d f i plugin_test1.obj
 0001:00001fb6       ?info_new@?$TSCoreShared@USIMemAlloc@core@UModSys@@D@su@tl@UModSys@@QAE_NPBDI@Z 10002fb6 f i plugin_test1.obj
 0001:0000201a       ?get_null@?$TSCoreShared@USIMemAlloc@core@UModSys@@D@su@tl@UModSys@@SAPAU?$TSharedStringInfo@DUSIMemAlloc@core@UModSys@@@234@XZ 1000301a f i plugin_test1.obj
 0001:00002052       ?set_look_at@?$TMatrix44@N@math3d@UModSys@@QAE_NABU?$TVector3@N@23@00@Z 10003052 f i plugin_test1.obj
 0001:000021bb       ?set_inversed@?$TMatrix44@N@math3d@UModSys@@QAE_NABU123@@Z 100031bb f i plugin_test1.obj
 0001:00002592       ??$generate_type@UICollector@libui@UModSys@@@RTest1_Shell@test1@test@modules@UModSys@@SA?AU?$TRefObject@UICollector@libui@UModSys@@U?$TRefObjectFunc@UICollector@libui@UModSys@@@tl@3@@tl@4@ABU?$TString@U?$TSCoreConst@D@su@tl@UModSys@@U?$TComparerBinaryHash@D@234@@64@ABUSParameters@core@4@PBD@Z 10003592 f i plugin_test1.obj
 0001:0000268c       ??$generate_type@UITerminal@libui@UModSys@@@RTest1_Shell@test1@test@modules@UModSys@@SA?AU?$TRefObject@UITerminal@libui@UModSys@@U?$TRefObjectFunc@UITerminal@libui@UModSys@@@tl@3@@tl@4@ABU?$TString@U?$TSCoreConst@D@su@tl@UModSys@@U?$TComparerBinaryHash@D@234@@64@ABUSParameters@core@4@PBD@Z 1000368c f i plugin_test1.obj
 0001:00002786       ??$t_create_handler@UIKeyboardController@libui@UModSys@@@ITerminal@libui@UModSys@@QAE_NAAU?$TRefObject@UIKeyboardController@libui@UModSys@@U?$TRefObjectFunc@UIKeyboardController@libui@UModSys@@@tl@3@@tl@2@PBDPBUSParameters@core@2@@Z 10003786 f i plugin_test1.obj
 0001:00002808       ??$t_create_handler@UIMouseController@libui@UModSys@@@ITerminal@libui@UModSys@@QAE_NAAU?$TRefObject@UIMouseController@libui@UModSys@@U?$TRefObjectFunc@UIMouseController@libui@UModSys@@@tl@3@@tl@2@PBDPBUSParameters@core@2@@Z 10003808 f i plugin_test1.obj
 0001:0000288a       ??$t_create_handler@UIRenderDriver@lib3d@UModSys@@@ITerminal@libui@UModSys@@QAE_NAAU?$TRefObject@UIRenderDriver@lib3d@UModSys@@U?$TRefObjectFunc@UIRenderDriver@lib3d@UModSys@@@tl@3@@tl@2@PBDPBUSParameters@core@2@@Z 1000388a f i plugin_test1.obj
 0001:0000290e       ?ResizeRel@?$TDynarray@U?$TDynarrayHolderDynamic@UVertexPC@UI_Info@RTest1_Shell@test1@test@modules@UModSys@@U?$TAllocator@USIMemAlloc@core@UModSys@@USCountCalcPower2@23@@tl@7@@tl@UModSys@@@tl@UModSys@@QAE_NH@Z 1000390e f i plugin_test1.obj
 0001:00002939       ?normalize@?$TVector3@N@math3d@UModSys@@QAENXZ 10003939 f i plugin_test1.obj
 0001:00002990       ?ReLink@?$TDynarray@U?$TDynarrayHolderDynamic@UVertexPC@UI_Info@RTest1_Shell@test1@test@modules@UModSys@@U?$TAllocator@USIMemAlloc@core@UModSys@@USCountCalcPower2@23@@tl@7@@tl@UModSys@@@tl@UModSys@@IAE_NI@Z 10003990 f i plugin_test1.obj
 0001:000029d2       ??1?$TRefObject@UIModObject@base@UModSys@@U?$TModObjectFunc@UIModObject@base@UModSys@@@tl@3@@tl@UModSys@@QAE@XZ 100039d2 f i plugin_test1.obj
 0001:000029e8       ?mult@?$TMatrix44@N@math3d@UModSys@@QAEXABU123@0@Z 100039e8 f i plugin_test1.obj
 0001:00002bf0       ?get_determinant@?$TMatrix44@N@math3d@UModSys@@QBENXZ 10003bf0 f i plugin_test1.obj
 0001:00002cac       ?s_init@?$TModObjectFunc@UIModObject@base@UModSys@@@tl@UModSys@@SAXAAPAUIModObject@base@3@PAU453@@Z 10003cac f i plugin_test1.obj
 0001:00002cc5       ??$t_ref_get_other_interface@UIStreamReader@libmedia@UModSys@@U?$TRefObjectFunc@UIStreamReader@libmedia@UModSys@@@tl@3@@IRefObject@core@UModSys@@QAE_NAAU?$TRefObject@UIStreamReader@libmedia@UModSys@@U?$TRefObjectFunc@UIStreamReader@libmedia@UModSys@@@tl@3@@tl@2@@Z 10003cc5 f i plugin_test1.obj
 0001:00002cf4       ??$t_ref_get_other_interface@UIStreamWriter@libmedia@UModSys@@U?$TRefObjectFunc@UIStreamWriter@libmedia@UModSys@@@tl@3@@IRefObject@core@UModSys@@QAE_NAAU?$TRefObject@UIStreamWriter@libmedia@UModSys@@U?$TRefObjectFunc@UIStreamWriter@libmedia@UModSys@@@tl@3@@tl@2@@Z 10003cf4 f i plugin_test1.obj
 0001:00002d23       ??$t_generate@UICollector@libui@UModSys@@@SModuleContext@base@UModSys@@QAE_NAAU?$TRefObject@UICollector@libui@UModSys@@U?$TRefObjectFunc@UICollector@libui@UModSys@@@tl@3@@tl@2@PBUSUniquePointerInfo@core@2@ABUSParameters@62@@Z 10003d23 f i plugin_test1.obj
 0001:00002dbf       ??$t_generate@UITerminal@libui@UModSys@@@SModuleContext@base@UModSys@@QAE_NAAU?$TRefObject@UITerminal@libui@UModSys@@U?$TRefObjectFunc@UITerminal@libui@UModSys@@@tl@3@@tl@2@PBUSUniquePointerInfo@core@2@ABUSParameters@62@@Z 10003dbf f i plugin_test1.obj
 0001:00002e5b       ??$t_ref_get_other_interface@UIImageFactory@lib2d@UModSys@@U?$TRefObjectFunc@UIImageFactory@lib2d@UModSys@@@tl@3@@IRefObject@core@UModSys@@QAE_NAAU?$TRefObject@UIImageFactory@lib2d@UModSys@@U?$TRefObjectFunc@UIImageFactory@lib2d@UModSys@@@tl@3@@tl@2@@Z 10003e5b f i plugin_test1.obj
 0001:00002e8a       ??$t_ref_get_other_interface@UIMultiImage@lib2d@UModSys@@U?$TRefObjectFunc@UIMultiImage@lib2d@UModSys@@@tl@3@@IRefObject@core@UModSys@@QAE_NAAU?$TRefObject@UIMultiImage@lib2d@UModSys@@U?$TRefObjectFunc@UIMultiImage@lib2d@UModSys@@@tl@3@@tl@2@@Z 10003e8a f i plugin_test1.obj
 0001:00002eaa       ?alloc@SMemShared@core@UModSys@@QAE_NIPAUSSourceContext@23@@Z 10003eaa f i umodsys_lib_lib2d:umodsys.mod.2d.stdlib.obj
 0001:00002ec3       ?ConvertSameSize@stdlib@lib2d@modules@UModSys@@YA_NW4eImageType@24@ABU?$TVector2@H@math3d@4@11ABUSMem@core@4@11ABUSCMem@94@@Z 10003ec3 f i umodsys_lib_lib2d:umodsys.mod.2d.stdlib.obj
 0001:00002f46       ?ConvertSame@stdlib@lib2d@modules@UModSys@@YA_NW4eImageType@24@ABU?$TBoundBox2@H@math3d@4@ABU?$TVector2@H@74@ABUSMem@core@4@12ABUSCMem@core@4@@Z 10003f46 f i umodsys_lib_lib2d:umodsys.mod.2d.stdlib.obj
 0001:00002fa9       ?Convert@stdlib@lib2d@modules@UModSys@@YA_NABU?$TBoundBox2@H@math3d@4@ABUSImageInfo@24@ABUSMem@core@4@01ABUSCMem@94@@Z 10003fa9 f i umodsys_lib_lib2d:umodsys.mod.2d.stdlib.obj
 0001:0000300b       ?root_get_interface_info@RImage_Memory@stdlib@lib2d@modules@UModSys@@UBEABUSUniquePointerInfo@core@5@XZ 1000400b f i umodsys_lib_lib2d:umodsys.mod.2d.stdlib.obj
 0001:00003011       ?root_get_interface_type@RImage_Memory@stdlib@lib2d@modules@UModSys@@UBEPBUSUniquePointerInfo@core@5@XZ 10004011 f i umodsys_lib_lib2d:umodsys.mod.2d.stdlib.obj
 0001:00003017       ?root_get_other_interface@RImage_Memory@stdlib@lib2d@modules@UModSys@@UBEPBUIRoot@core@5@PBUSUniquePointerInfo@75@@Z 10004017 f i umodsys_lib_lib2d:umodsys.mod.2d.stdlib.obj
 0001:00003017       ?root_get_other_interface@RImage_Memory@stdlib@lib2d@modules@UModSys@@UAEPAUIRoot@core@5@PBUSUniquePointerInfo@75@@Z 10004017 f i umodsys_lib_lib2d:umodsys.mod.2d.stdlib.obj
 0001:00003038       ?root_is_interface_supported@RImage_Memory@stdlib@lib2d@modules@UModSys@@UBE_NPBUSUniquePointerInfo@core@5@@Z 10004038 f i umodsys_lib_lib2d:umodsys.mod.2d.stdlib.obj
 0001:0000305f       ?ref_add@RMultiImage@stdlib@lib2d@modules@UModSys@@UBEXXZ 1000405f f i umodsys_lib_lib2d:umodsys.mod.2d.stdlib.obj
 0001:0000305f       ?ref_add@RGenerator@frames@ui@modules@UModSys@@UBEXXZ 1000405f f i umodsys_lib_libui:umodsys.mod.ui.frames.obj
 0001:0000305f       ?ref_add@RGenerator@serialize_json@media@modules@UModSys@@UBEXXZ 1000405f f i umodsys_lib_libmedia:umodsys.mod.media.serialize_json.obj
 0001:0000305f       ?ref_add@RGenerator@stdlib@lib2d@modules@UModSys@@UBEXXZ 1000405f f i umodsys_lib_lib2d:umodsys.mod.2d.stdlib.obj
 0001:0000305f       ?ref_add@RImage_Memory@stdlib@lib2d@modules@UModSys@@UBEXXZ 1000405f f i umodsys_lib_lib2d:umodsys.mod.2d.stdlib.obj
 0001:0000305f       ?ref_add@RTerminal@SDL_core@ui@modules@UModSys@@UBEXXZ 1000405f f i umodsys_lib_libui:umodsys.mod.ui.SDL_core.obj
 0001:0000305f       ?ref_add@RDialog@frames@ui@modules@UModSys@@UBEXXZ 1000405f f i umodsys_lib_libui:umodsys.mod.ui.frames.obj
 0001:0000305f       ?ref_add@RMultiImage2D_SDL_ttf@SDL_core@ui@modules@UModSys@@UBEXXZ 1000405f f i umodsys_lib_libui:umodsys.mod.ui.SDL_core.obj
 0001:0000305f       ?ref_add@RGenerator@SDL_core@ui@modules@UModSys@@UBEXXZ 1000405f f i umodsys_lib_libui:umodsys.mod.ui.SDL_core.obj
 0001:0000305f       ?ref_add@RVertexArray@SDL_GL@ui@modules@UModSys@@UBEXXZ 1000405f f i umodsys_lib_libui:umodsys.mod.ui.SDL_GL.obj
 0001:0000305f       ?ref_add@RBinArchiveFrameClient_ZIP@zlib@media@modules@UModSys@@UBEXXZ 1000405f f i umodsys_lib_libmedia:umodsys.mod.media.zlib.obj
 0001:0000305f       ?ref_add@RSerializeReader@serialize_json@media@modules@UModSys@@UBEXXZ 1000405f f i umodsys_lib_libmedia:umodsys.mod.media.serialize_json.obj
 0001:0000305f       ?ref_add@RGenerator@zlib@media@modules@UModSys@@UBEXXZ 1000405f f i umodsys_lib_libmedia:umodsys.mod.media.zlib.obj
 0001:0000305f       ?ref_add@RTerminal@SDL_GL@ui@modules@UModSys@@UBEXXZ 1000405f f i umodsys_lib_libui:umodsys.mod.ui.SDL_GL.obj
 0001:0000305f       ?ref_add@RGenerator@images_std@media@modules@UModSys@@UBEXXZ 1000405f f i umodsys_lib_libmedia:umodsys.mod.media.images_std.obj
 0001:0000305f       ?ref_add@RGenerator@SDL_GL@ui@modules@UModSys@@UBEXXZ 1000405f f i umodsys_lib_libui:umodsys.mod.ui.SDL_GL.obj
 0001:0000305f       ?ref_add@RMultiImage2D_SDL_ttf@SDL_GL@ui@modules@UModSys@@UBEXXZ 1000405f f i umodsys_lib_libui:umodsys.mod.ui.SDL_GL.obj
 0001:0000305f       ?ref_add@RGenerator@test1@test@modules@UModSys@@UBEXXZ 1000405f f i plugin_test1.obj
 0001:0000305f       ?ref_add@RImageFactory_Memory@stdlib@lib2d@modules@UModSys@@UBEXXZ 1000405f f i umodsys_lib_lib2d:umodsys.mod.2d.stdlib.obj
 0001:00003063       ??0State@RImage_Memory@stdlib@lib2d@modules@UModSys@@QAE@XZ 10004063 f i umodsys_lib_lib2d:umodsys.mod.2d.stdlib.obj
 0001:00003095       ?root_get_interface_info@RImageFactory_Memory@stdlib@lib2d@modules@UModSys@@UBEABUSUniquePointerInfo@core@5@XZ 10004095 f i umodsys_lib_lib2d:umodsys.mod.2d.stdlib.obj
 0001:0000309b       ?root_get_interface_type@RImageFactory_Memory@stdlib@lib2d@modules@UModSys@@UBEPBUSUniquePointerInfo@core@5@XZ 1000409b f i umodsys_lib_lib2d:umodsys.mod.2d.stdlib.obj
 0001:000030a1       ?root_get_other_interface@RImageFactory_Memory@stdlib@lib2d@modules@UModSys@@UBEPBUIRoot@core@5@PBUSUniquePointerInfo@75@@Z 100040a1 f i umodsys_lib_lib2d:umodsys.mod.2d.stdlib.obj
 0001:000030a1       ?root_get_other_interface@RImageFactory_Memory@stdlib@lib2d@modules@UModSys@@UAEPAUIRoot@core@5@PBUSUniquePointerInfo@75@@Z 100040a1 f i umodsys_lib_lib2d:umodsys.mod.2d.stdlib.obj
 0001:000030c2       ?root_is_interface_supported@RImageFactory_Memory@stdlib@lib2d@modules@UModSys@@UBE_NPBUSUniquePointerInfo@core@5@@Z 100040c2 f i umodsys_lib_lib2d:umodsys.mod.2d.stdlib.obj
 0001:000030e9       ?root_get_interface_info@RMultiImage@stdlib@lib2d@modules@UModSys@@UBEABUSUniquePointerInfo@core@5@XZ 100040e9 f i umodsys_lib_lib2d:umodsys.mod.2d.stdlib.obj
 0001:000030ef       ?root_get_interface_type@RMultiImage@stdlib@lib2d@modules@UModSys@@UBEPBUSUniquePointerInfo@core@5@XZ 100040ef f i umodsys_lib_lib2d:umodsys.mod.2d.stdlib.obj
 0001:000030f5       ?root_get_other_interface@RMultiImage@stdlib@lib2d@modules@UModSys@@UBEPBUIRoot@core@5@PBUSUniquePointerInfo@75@@Z 100040f5 f i umodsys_lib_lib2d:umodsys.mod.2d.stdlib.obj
 0001:000030f5       ?root_get_other_interface@RMultiImage@stdlib@lib2d@modules@UModSys@@UAEPAUIRoot@core@5@PBUSUniquePointerInfo@75@@Z 100040f5 f i umodsys_lib_lib2d:umodsys.mod.2d.stdlib.obj
 0001:00003116       ?root_is_interface_supported@RMultiImage@stdlib@lib2d@modules@UModSys@@UBE_NPBUSUniquePointerInfo@core@5@@Z 10004116 f i umodsys_lib_lib2d:umodsys.mod.2d.stdlib.obj
 0001:0000313d       ?get_generated_names@RGenerator@stdlib@lib2d@modules@UModSys@@UBEHAAUSUniquePtrList@core@5@@Z 1000413d f i umodsys_lib_lib2d:umodsys.mod.2d.stdlib.obj
 0001:0000316c       ?get_generated_types@RGenerator@stdlib@lib2d@modules@UModSys@@UBEHAAUSUniquePtrList@core@5@PBUSUniquePointerInfo@75@@Z 1000416c f i umodsys_lib_lib2d:umodsys.mod.2d.stdlib.obj
 0001:000031d6       ?generate@RGenerator@stdlib@lib2d@modules@UModSys@@UAE_NAAU?$TRefObject@UIRefObject@core@UModSys@@U?$TRefObjectFunc@UIRefObject@core@UModSys@@@tl@3@@tl@5@PBUSUniquePointerInfo@core@5@ABUSParameters@95@@Z 100041d6 f i umodsys_lib_lib2d:umodsys.mod.2d.stdlib.obj
 0001:00003241       ?root_get_interface_info@RGenerator@stdlib@lib2d@modules@UModSys@@UBEABUSUniquePointerInfo@core@5@XZ 10004241 f i umodsys_lib_lib2d:umodsys.mod.2d.stdlib.obj
 0001:00003247       ?root_get_interface_type@RGenerator@stdlib@lib2d@modules@UModSys@@UBEPBUSUniquePointerInfo@core@5@XZ 10004247 f i umodsys_lib_lib2d:umodsys.mod.2d.stdlib.obj
 0001:0000324d       ?root_get_other_interface@RGenerator@stdlib@lib2d@modules@UModSys@@UBEPBUIRoot@core@5@PBUSUniquePointerInfo@75@@Z 1000424d f i umodsys_lib_lib2d:umodsys.mod.2d.stdlib.obj
 0001:0000324d       ?root_get_other_interface@RGenerator@stdlib@lib2d@modules@UModSys@@UAEPAUIRoot@core@5@PBUSUniquePointerInfo@75@@Z 1000424d f i umodsys_lib_lib2d:umodsys.mod.2d.stdlib.obj
 0001:00003266       ?root_is_interface_supported@RGenerator@stdlib@lib2d@modules@UModSys@@UBE_NPBUSUniquePointerInfo@core@5@@Z 10004266 f i umodsys_lib_lib2d:umodsys.mod.2d.stdlib.obj
 0001:00003285       ?get_uid@RGenerator@stdlib@lib2d@modules@UModSys@@UBEPBUSUniquePointerInfo@core@5@XZ 10004285 f i umodsys_lib_lib2d:umodsys.mod.2d.stdlib.obj
 0001:0000328b       ?set_info@RImage_Memory@stdlib@lib2d@modules@UModSys@@UAE_NABUSImagePatchInfo@35@PBD@Z 1000428b f   umodsys_lib_lib2d:umodsys.mod.2d.stdlib.obj
 0001:000033f3       ??1SMemShared@core@UModSys@@QAE@XZ 100043f3 f i plugin_test1.obj
 0001:000033f3       ??1SCMemShared@core@UModSys@@QAE@XZ 100043f3 f i plugin_test1.obj
 0001:000033f3       ??1State@RImage_Memory@stdlib@lib2d@modules@UModSys@@QAE@XZ 100043f3 f i umodsys_lib_lib2d:umodsys.mod.2d.stdlib.obj
 0001:000033fd       ??4State@RImage_Memory@stdlib@lib2d@modules@UModSys@@QAEAAU012345@ABU012345@@Z 100043fd f i umodsys_lib_lib2d:umodsys.mod.2d.stdlib.obj
 0001:0000344d       ?set_data@RImage_Memory@stdlib@lib2d@modules@UModSys@@UAE_NABUSImagePatchInfo@35@ABUSCMem@core@5@H@Z 1000444d f   umodsys_lib_lib2d:umodsys.mod.2d.stdlib.obj
 0001:000034b7       ?get_info@RImage_Memory@stdlib@lib2d@modules@UModSys@@UBEABUSImageInfo@35@XZ 100044b7 f   umodsys_lib_lib2d:umodsys.mod.2d.stdlib.obj
 0001:000034bb       ?get_data@RImage_Memory@stdlib@lib2d@modules@UModSys@@UBE_NABUSImagePatchInfo@35@ABUSMem@core@5@H@Z 100044bb f   umodsys_lib_lib2d:umodsys.mod.2d.stdlib.obj
 0001:00003541       ?get_controller@RRenderDriver3D@SDL_GL@ui@modules@UModSys@@UBEPAUIRefObject@core@5@PBUSUniquePointerInfo@75@@Z 10004541 f   umodsys_lib_libui:umodsys.mod.ui.SDL_GL.obj
 0001:00003541       ?open_drv3d@RTerminalX@SDL_core@ui@modules@UModSys@@UAEPAUIRenderDriver@lib3d@5@PBUSParameters@core@5@@Z 10004541 f   umodsys_lib_libui:umodsys.mod.ui.SDL_core.obj
 0001:00003541       ?get_hwcinfo@RImage_Memory@stdlib@lib2d@modules@UModSys@@UBEPBXPBUSUniquePointerInfo@core@5@@Z 10004541 f   umodsys_lib_lib2d:umodsys.mod.2d.stdlib.obj
 0001:00003541       ?get_hwinfo@RImage_Memory@stdlib@lib2d@modules@UModSys@@UAEPAXPBUSUniquePointerInfo@core@5@@Z 10004541 f   umodsys_lib_lib2d:umodsys.mod.2d.stdlib.obj
 0001:00003541       ?get_layer@RMultiImage2D_SDL_ttf@SDL_core@ui@modules@UModSys@@UBEPAUIImage@lib2d@5@G@Z 10004541 f   umodsys_lib_libui:umodsys.mod.ui.SDL_core.obj
 0001:00003541       ?get_layer@RMultiImage2D_SDL_ttf@SDL_GL@ui@modules@UModSys@@UBEPAUIImage@lib2d@5@G@Z 10004541 f   umodsys_lib_libui:umodsys.mod.ui.SDL_GL.obj
 0001:00003541       ?get_controller@RRenderDriver2D@SDL_core@ui@modules@UModSys@@UBEPAUIRefObject@core@5@PBUSUniquePointerInfo@75@@Z 10004541 f   umodsys_lib_libui:umodsys.mod.ui.SDL_core.obj
 0001:00003546       ??0RImage_Memory@stdlib@lib2d@modules@UModSys@@QAE@PAUIModObject@base@4@ABUSParameters@core@4@@Z 10004546 f   umodsys_lib_lib2d:umodsys.mod.2d.stdlib.obj
 0001:00003592       ??_ERImage_Memory@stdlib@lib2d@modules@UModSys@@UAEPAXI@Z 10004592 f i  CIL library: CIL module
 0001:00003592       ??_GRImage_Memory@stdlib@lib2d@modules@UModSys@@UAEPAXI@Z 10004592 f i umodsys_lib_lib2d:umodsys.mod.2d.stdlib.obj
 0001:000035df       ?image_new@RImageFactory_Memory@stdlib@lib2d@modules@UModSys@@UAE?AU?$TRefObject@UIImage@lib2d@UModSys@@U?$TRefObjectFunc@UIImage@lib2d@UModSys@@@tl@3@@tl@5@XZ 100045df f   umodsys_lib_lib2d:umodsys.mod.2d.stdlib.obj
 0001:00003725       ?image_new@RImageFactory_Memory@stdlib@lib2d@modules@UModSys@@UAE?AU?$TRefObject@UIImage@lib2d@UModSys@@U?$TRefObjectFunc@UIImage@lib2d@UModSys@@@tl@3@@tl@5@ABUSImagePatchInfo@35@PBD@Z 10004725 f   umodsys_lib_lib2d:umodsys.mod.2d.stdlib.obj
 0001:0000387b       ??0RImageFactory_Memory@stdlib@lib2d@modules@UModSys@@QAE@PAUIModObject@base@4@ABUSParameters@core@4@@Z 1000487b f   umodsys_lib_lib2d:umodsys.mod.2d.stdlib.obj
 0001:000038bf       ?get_max_cell_size@RMultiImage@stdlib@lib2d@modules@UModSys@@UBE?AU?$TVector2@H@math3d@5@XZ 100048bf f   umodsys_lib_lib2d:umodsys.mod.2d.stdlib.obj
 0001:000038bf       ?get_max_layer_size@RMultiImage@stdlib@lib2d@modules@UModSys@@UBE?AU?$TVector2@H@math3d@5@XZ 100048bf f   umodsys_lib_lib2d:umodsys.mod.2d.stdlib.obj
 0001:000038e1       ?get_fixed_cell_size@RMultiImage@stdlib@lib2d@modules@UModSys@@UBE?AU?$TVector2@H@math3d@5@XZ 100048e1 f   umodsys_lib_lib2d:umodsys.mod.2d.stdlib.obj
 0001:000038ff       ?get_layer_count@RMultiImage@stdlib@lib2d@modules@UModSys@@UBEGXZ 100048ff f   umodsys_lib_lib2d:umodsys.mod.2d.stdlib.obj
 0001:0000390d       ?get_layer@RMultiImage@stdlib@lib2d@modules@UModSys@@UBEPAUIImage@35@G@Z 1000490d f   umodsys_lib_lib2d:umodsys.mod.2d.stdlib.obj
 0001:0000392a       ?get_cell_count@RMultiImage@stdlib@lib2d@modules@UModSys@@UBEIXZ 1000492a f   umodsys_lib_lib2d:umodsys.mod.2d.stdlib.obj
 0001:00003937       ?get_cell@RMultiImage@stdlib@lib2d@modules@UModSys@@UBE_NIAAU?$TVector2@H@math3d@5@PAU675@PAG@Z 10004937 f   umodsys_lib_lib2d:umodsys.mod.2d.stdlib.obj
 0001:00003995       ?get_cell@RMultiImage@stdlib@lib2d@modules@UModSys@@UBE_NIAAUSImageCellInfo@35@@Z 10004995 f   umodsys_lib_lib2d:umodsys.mod.2d.stdlib.obj
 0001:000039bb       ?set_layer_count@RMultiImage@stdlib@lib2d@modules@UModSys@@UAE_NG@Z 100049bb f   umodsys_lib_lib2d:umodsys.mod.2d.stdlib.obj
 0001:00003a9b       ?setup_fixed_cell@RMultiImage@stdlib@lib2d@modules@UModSys@@UAE_NHH@Z 10004a9b f   umodsys_lib_lib2d:umodsys.mod.2d.stdlib.obj
 0001:00003abc       ?setup_variable_cell@RMultiImage@stdlib@lib2d@modules@UModSys@@UAE_NPBUSImageCellInfo@35@KK@Z 10004abc f   umodsys_lib_lib2d:umodsys.mod.2d.stdlib.obj
 0001:00003b2e       ??0RMultiImage@stdlib@lib2d@modules@UModSys@@QAE@PAUIModObject@base@4@ABUSParameters@core@4@@Z 10004b2e f   umodsys_lib_lib2d:umodsys.mod.2d.stdlib.obj
 0001:00003bd5       ??_GRMultiImage@stdlib@lib2d@modules@UModSys@@UAEPAXI@Z 10004bd5 f i umodsys_lib_lib2d:umodsys.mod.2d.stdlib.obj
 0001:00003bd5       ??_ERMultiImage@stdlib@lib2d@modules@UModSys@@UAEPAXI@Z 10004bd5 f i  CIL library: CIL module
 0001:00003c39       ?do_open@RModuleReg@stdlib@lib2d@modules@UModSys@@UAE_NXZ 10004c39 f i umodsys_lib_lib2d:umodsys.mod.2d.stdlib.obj
 0001:00003c87       ?do_close@RModuleReg@stdlib@lib2d@modules@UModSys@@UAE_NXZ 10004c87 f i umodsys_lib_lib2d:umodsys.mod.2d.stdlib.obj
 0001:00003cc2       ??_GRModuleReg@stdlib@lib2d@modules@UModSys@@UAEPAXI@Z 10004cc2 f i umodsys_lib_lib2d:umodsys.mod.2d.stdlib.obj
 0001:00003cc2       ??_GIModuleReg@base@UModSys@@UAEPAXI@Z 10004cc2 f i umodsys_lib_base:umodsys.base.modulereg.obj
 0001:00003cc2       ??_ERModuleReg@SDL_GL@ui@modules@UModSys@@UAEPAXI@Z 10004cc2 f i  CIL library: CIL module
 0001:00003cc2       ??_GRModuleReg@test1@test@modules@UModSys@@UAEPAXI@Z 10004cc2 f i plugin_test1.obj
 0001:00003cc2       ??_GRModuleReg@frames@ui@modules@UModSys@@UAEPAXI@Z 10004cc2 f i umodsys_lib_libui:umodsys.mod.ui.frames.obj
 0001:00003cc2       ??_ERModuleReg@images_std@media@modules@UModSys@@UAEPAXI@Z 10004cc2 f i  CIL library: CIL module
 0001:00003cc2       ??_ERModuleReg@test1@test@modules@UModSys@@UAEPAXI@Z 10004cc2 f i  CIL library: CIL module
 0001:00003cc2       ??_ERModuleReg@stdlib@lib2d@modules@UModSys@@UAEPAXI@Z 10004cc2 f i  CIL library: CIL module
 0001:00003cc2       ??_GRModuleReg@SDL_GL@ui@modules@UModSys@@UAEPAXI@Z 10004cc2 f i umodsys_lib_libui:umodsys.mod.ui.SDL_GL.obj
 0001:00003cc2       ??_GRModuleReg@serialize_json@media@modules@UModSys@@UAEPAXI@Z 10004cc2 f i umodsys_lib_libmedia:umodsys.mod.media.serialize_json.obj
 0001:00003cc2       ??_ERModuleReg@frames@ui@modules@UModSys@@UAEPAXI@Z 10004cc2 f i  CIL library: CIL module
 0001:00003cc2       ??_GRModuleReg@images_std@media@modules@UModSys@@UAEPAXI@Z 10004cc2 f i umodsys_lib_libmedia:umodsys.mod.media.images_std.obj
 0001:00003cc2       ??_GRModuleReg@SDL_core@ui@modules@UModSys@@UAEPAXI@Z 10004cc2 f i umodsys_lib_libui:umodsys.mod.ui.SDL_core.obj
 0001:00003cc2       ??_ERModuleReg@zlib@media@modules@UModSys@@UAEPAXI@Z 10004cc2 f i  CIL library: CIL module
 0001:00003cc2       ??_ERModuleReg@serialize_json@media@modules@UModSys@@UAEPAXI@Z 10004cc2 f i  CIL library: CIL module
 0001:00003cc2       ??_EIModuleReg@base@UModSys@@UAEPAXI@Z 10004cc2 f i  CIL library: CIL module
 0001:00003cc2       ??_GRModuleReg@zlib@media@modules@UModSys@@UAEPAXI@Z 10004cc2 f i umodsys_lib_libmedia:umodsys.mod.media.zlib.obj
 0001:00003cc2       ??_ERModuleReg@SDL_core@ui@modules@UModSys@@UAEPAXI@Z 10004cc2 f i  CIL library: CIL module
 0001:00003cdf       ?get_module@RGenerator@stdlib@lib2d@modules@UModSys@@UBEPAUIModule@base@5@XZ 10004cdf f   umodsys_lib_lib2d:umodsys.mod.2d.stdlib.obj
 0001:00003ce5       ?mod_inc@RGenerator@stdlib@lib2d@modules@UModSys@@UBE_NXZ 10004ce5 f   umodsys_lib_lib2d:umodsys.mod.2d.stdlib.obj
 0001:00003cf0       ?mod_dec@RGenerator@stdlib@lib2d@modules@UModSys@@UBE_NXZ 10004cf0 f   umodsys_lib_lib2d:umodsys.mod.2d.stdlib.obj
 0001:00003cfb       ?s_holder@RGenerator@stdlib@lib2d@modules@UModSys@@SAAAU?$TTypeStaticHolder@URGenerator@stdlib@lib2d@modules@UModSys@@@tl@5@XZ 10004cfb f   umodsys_lib_lib2d:umodsys.mod.2d.stdlib.obj
 0001:00003d2d       ??1?$TDynarrayDynamic@USImageCellInfo@lib2d@UModSys@@U?$TAllocator@USIMemAlloc@core@UModSys@@USCountCalcPower2@23@@tl@3@@tl@UModSys@@QAE@XZ 10004d2d f i umodsys_lib_lib2d:umodsys.mod.2d.stdlib.obj
 0001:00003d32       ?Resize@?$TDynarray@U?$TDynarrayHolderDynamic@USImageCellInfo@lib2d@UModSys@@U?$TAllocator@USIMemAlloc@core@UModSys@@USCountCalcPower2@23@@tl@3@@tl@UModSys@@@tl@UModSys@@QAE_NI@Z 10004d32 f i umodsys_lib_lib2d:umodsys.mod.2d.stdlib.obj
 0001:00003d5f       ??1?$TDynarrayDynamic@U?$TRefObject@UIImage@lib2d@UModSys@@U?$TRefObjectFunc@UIImage@lib2d@UModSys@@@tl@3@@tl@UModSys@@U?$TAllocator@USIMemAlloc@core@UModSys@@USCountCalcPower2@23@@23@@tl@UModSys@@QAE@XZ 10004d5f f i umodsys_lib_lib2d:umodsys.mod.2d.stdlib.obj
 0001:00003d64       ??1?$TDynarray@U?$TDynarrayHolderDynamic@USImageCellInfo@lib2d@UModSys@@U?$TAllocator@USIMemAlloc@core@UModSys@@USCountCalcPower2@23@@tl@3@@tl@UModSys@@@tl@UModSys@@QAE@XZ 10004d64 f i umodsys_lib_lib2d:umodsys.mod.2d.stdlib.obj
 0001:00003dc0       ??1?$TDynarray@U?$TDynarrayHolderDynamic@U?$TRefObject@UIImage@lib2d@UModSys@@U?$TRefObjectFunc@UIImage@lib2d@UModSys@@@tl@3@@tl@UModSys@@U?$TAllocator@USIMemAlloc@core@UModSys@@USCountCalcPower2@23@@23@@tl@UModSys@@@tl@UModSys@@QAE@XZ 10004dc0 f i umodsys_lib_lib2d:umodsys.mod.2d.stdlib.obj
 0001:00003e03       ?ResizeRel@?$TDynarray@U?$TDynarrayHolderDynamic@U?$TRefObject@UIImage@lib2d@UModSys@@U?$TRefObjectFunc@UIImage@lib2d@UModSys@@@tl@3@@tl@UModSys@@U?$TAllocator@USIMemAlloc@core@UModSys@@USCountCalcPower2@23@@23@@tl@UModSys@@@tl@UModSys@@QAE_NH@Z 10004e03 f i umodsys_lib_lib2d:umodsys.mod.2d.stdlib.obj
 0001:00003e83       ??$t_gen_param@URImage_Memory@stdlib@lib2d@modules@UModSys@@URGenerator@2345@@IGenerator@base@UModSys@@IAE_NPAURGenerator@stdlib@lib2d@modules@2@AAU?$TRefObject@UIRefObject@core@UModSys@@U?$TRefObjectFunc@UIRefObject@core@UModSys@@@tl@3@@tl@2@PBUSUniquePointerInfo@core@2@ABUSParameters@core@2@@Z 10004e83 f i umodsys_lib_lib2d:umodsys.mod.2d.stdlib.obj
 0001:00003f15       ??$t_gen_param@URImageFactory_Memory@stdlib@lib2d@modules@UModSys@@URGenerator@2345@@IGenerator@base@UModSys@@IAE_NPAURGenerator@stdlib@lib2d@modules@2@AAU?$TRefObject@UIRefObject@core@UModSys@@U?$TRefObjectFunc@UIRefObject@core@UModSys@@@tl@3@@tl@2@PBUSUniquePointerInfo@core@2@ABUSParameters@core@2@@Z 10004f15 f i umodsys_lib_lib2d:umodsys.mod.2d.stdlib.obj
 0001:00003fa7       ??$t_gen_param@URMultiImage@stdlib@lib2d@modules@UModSys@@URGenerator@2345@@IGenerator@base@UModSys@@IAE_NPAURGenerator@stdlib@lib2d@modules@2@AAU?$TRefObject@UIRefObject@core@UModSys@@U?$TRefObjectFunc@UIRefObject@core@UModSys@@@tl@3@@tl@2@PBUSUniquePointerInfo@core@2@ABUSParameters@core@2@@Z 10004fa7 f i umodsys_lib_lib2d:umodsys.mod.2d.stdlib.obj
 0001:0000404f       ??$ValidateConstruction@UIImage@lib2d@UModSys@@URImage_Memory@stdlib@2modules@3@@core@UModSys@@YA_NAAU?$TRefObject@UIImage@lib2d@UModSys@@U?$TRefObjectFunc@UIImage@lib2d@UModSys@@@tl@3@@tl@1@PAURImage_Memory@stdlib@lib2d@modules@1@@Z 1000504f f i umodsys_lib_lib2d:umodsys.mod.2d.stdlib.obj
 0001:00004090       ?ReLink@?$TDynarray@U?$TDynarrayHolderDynamic@UNode@RSerializeWriter@serialize_json@media@modules@UModSys@@U?$TAllocator@USIMemAlloc@core@UModSys@@USCountCalcPower2@23@@tl@6@@tl@UModSys@@@tl@UModSys@@IAE_NI@Z 10005090 f i umodsys_lib_libmedia:umodsys.mod.media.serialize_json.obj
 0001:00004090       ?ReLink@?$TDynarray@U?$TDynarrayHolderDynamic@USImageCellInfo@lib2d@UModSys@@U?$TAllocator@USIMemAlloc@core@UModSys@@USCountCalcPower2@23@@tl@3@@tl@UModSys@@@tl@UModSys@@IAE_NI@Z 10005090 f i umodsys_lib_lib2d:umodsys.mod.2d.stdlib.obj
 0001:000040d2       ?ReLink@?$TDynarray@U?$TDynarrayHolderDynamic@U?$TRefObject@URDialog@frames@ui@modules@UModSys@@U?$TRefObjectFunc@URDialog@frames@ui@modules@UModSys@@@tl@5@@tl@UModSys@@U?$TAllocator@USIMemAlloc@core@UModSys@@USCountCalcPower2@23@@23@@tl@UModSys@@@tl@UModSys@@IAE_NI@Z 100050d2 f i umodsys_lib_libui:umodsys.mod.ui.frames.obj
 0001:000040d2       ?ReLink@?$TDynarray@U?$TDynarrayHolderDynamic@U?$TRefObject@UIImage@lib2d@UModSys@@U?$TRefObjectFunc@UIImage@lib2d@UModSys@@@tl@3@@tl@UModSys@@U?$TAllocator@USIMemAlloc@core@UModSys@@USCountCalcPower2@23@@23@@tl@UModSys@@@tl@UModSys@@IAE_NI@Z 100050d2 f i umodsys_lib_lib2d:umodsys.mod.2d.stdlib.obj
 0001:000040d2       ?ReLink@?$TDynarray@U?$TDynarrayHolderDynamic@U?$TRefObject@URFrame_Common@frames@ui@modules@UModSys@@U?$TRefObjectFunc@URFrame_Common@frames@ui@modules@UModSys@@@tl@5@@tl@UModSys@@U?$TAllocator@USIMemAlloc@core@UModSys@@USCountCalcPower2@23@@23@@tl@UModSys@@@tl@UModSys@@IAE_NI@Z 100050d2 f i umodsys_lib_libui:umodsys.mod.ui.frames.obj
 0001:00004114       ?remove@WeakPointer@IRefObject@core@UModSys@@QAEXXZ 10005114 f i umodsys_lib_libui:umodsys.mod.ui.SDL_GL.obj
 0001:0000413a       ?get@SParameters@core@UModSys@@QBE_NPBDAAPBD@Z 1000513a f i umodsys_lib_libui:umodsys.mod.ui.SDL_GL.obj
 0001:00004155       ?get@SParameters@core@UModSys@@QBE_NPBDAAH@Z 10005155 f i umodsys_lib_libui:umodsys.mod.ui.SDL_GL.obj
 0001:00004170       ?check_ext@SGLFuncsBase@SDL_GL@ui@modules@UModSys@@QAE_NPBD@Z 10005170 f i umodsys_lib_libui:umodsys.mod.ui.SDL_GL.obj
 0001:00004183       ?set_blend@SGLFuncs@SDL_GL@ui@modules@UModSys@@QBEX_N@Z 10005183 f i umodsys_lib_libui:umodsys.mod.ui.SDL_GL.obj
 0001:000041af       ?set_blend@SGLFuncs@SDL_GL@ui@modules@UModSys@@QBEXII@Z 100051af f i umodsys_lib_libui:umodsys.mod.ui.SDL_GL.obj
 0001:000041d9       ?set_stage@SGLFuncs@SDL_GL@ui@modules@UModSys@@QBEXH@Z 100051d9 f i umodsys_lib_libui:umodsys.mod.ui.SDL_GL.obj
 0001:0000420c       ?set_tex2d@SGLFuncs@SDL_GL@ui@modules@UModSys@@QBEX_N@Z 1000520c f i umodsys_lib_libui:umodsys.mod.ui.SDL_GL.obj
 0001:00004238       ?set_bound@SGLFuncs@SDL_GL@ui@modules@UModSys@@QBEXI@Z 10005238 f i umodsys_lib_libui:umodsys.mod.ui.SDL_GL.obj
 0001:0000425d       ?set_ctc@SGLFuncsLegacy@SDL_GL@ui@modules@UModSys@@QBEX_N@Z 1000525d f i umodsys_lib_libui:umodsys.mod.ui.SDL_GL.obj
 0001:00004285       ?set_composite@SGLFuncsLegacy@SDL_GL@ui@modules@UModSys@@QBEXH@Z 10005285 f i umodsys_lib_libui:umodsys.mod.ui.SDL_GL.obj
 0001:000042ad       ?set_composite_all@SGLFuncsLegacy@SDL_GL@ui@modules@UModSys@@QBEXH@Z 100052ad f i umodsys_lib_libui:umodsys.mod.ui.SDL_GL.obj
 0001:0000430e       ?force@TextureInfo@SGLFuncs@SDL_GL@ui@modules@UModSys@@QBEXABU23456@@Z 1000530e f i umodsys_lib_libui:umodsys.mod.ui.SDL_GL.obj
 0001:00004352       ?crebind@STextureGL@SDL_GL@ui@modules@UModSys@@QAEX_N@Z 10005352 f i umodsys_lib_libui:umodsys.mod.ui.SDL_GL.obj
 0001:0000437f       ?root_get_interface_info@RKeyboardController@SDL_GL@ui@modules@UModSys@@UBEABUSUniquePointerInfo@core@5@XZ 1000537f f i umodsys_lib_libui:umodsys.mod.ui.SDL_GL.obj
 0001:00004385       ?root_get_interface_type@RKeyboardController@SDL_GL@ui@modules@UModSys@@UBEPBUSUniquePointerInfo@core@5@XZ 10005385 f i umodsys_lib_libui:umodsys.mod.ui.SDL_GL.obj
 0001:0000438b       ?root_get_other_interface@RKeyboardController@SDL_GL@ui@modules@UModSys@@UAEPAUIRoot@core@5@PBUSUniquePointerInfo@75@@Z 1000538b f i umodsys_lib_libui:umodsys.mod.ui.SDL_GL.obj
 0001:0000438b       ?root_get_other_interface@RKeyboardController@SDL_GL@ui@modules@UModSys@@UBEPBUIRoot@core@5@PBUSUniquePointerInfo@75@@Z 1000538b f i umodsys_lib_libui:umodsys.mod.ui.SDL_GL.obj
 0001:000043ac       ?root_is_interface_supported@RKeyboardController@SDL_GL@ui@modules@UModSys@@UBE_NPBUSUniquePointerInfo@core@5@@Z 100053ac f i umodsys_lib_libui:umodsys.mod.ui.SDL_GL.obj
 0001:000043d3       ?ref_remove@RRenderDriver2D@SDL_core@ui@modules@UModSys@@UBEXXZ 100053d3 f i umodsys_lib_libui:umodsys.mod.ui.SDL_core.obj
 0001:000043d3       ?ref_remove@RMouseController@SDL_GL@ui@modules@UModSys@@UBEXXZ 100053d3 f i umodsys_lib_libui:umodsys.mod.ui.SDL_GL.obj
 0001:000043d3       ?ref_remove@RKeyboardController@SDL_GL@ui@modules@UModSys@@UBEXXZ 100053d3 f i umodsys_lib_libui:umodsys.mod.ui.SDL_GL.obj
 0001:000043d3       ?ref_remove@RRenderDriver3D@SDL_GL@ui@modules@UModSys@@UBEXXZ 100053d3 f i umodsys_lib_libui:umodsys.mod.ui.SDL_GL.obj
 0001:000043d3       ?ref_remove@RMouseController@SDL_core@ui@modules@UModSys@@UBEXXZ 100053d3 f i umodsys_lib_libui:umodsys.mod.ui.SDL_core.obj
 0001:000043d3       ?ref_remove@RKeyboardController@SDL_core@ui@modules@UModSys@@UBEXXZ 100053d3 f i umodsys_lib_libui:umodsys.mod.ui.SDL_core.obj
 0001:000043db       ?ref_weak@RMouseController@SDL_GL@ui@modules@UModSys@@UBE_NAAUWeakPointer@IRefObject@core@5@@Z 100053db f i umodsys_lib_libui:umodsys.mod.ui.SDL_GL.obj
 0001:000043db       ?ref_weak@RRenderDriver2D@SDL_core@ui@modules@UModSys@@UBE_NAAUWeakPointer@IRefObject@core@5@@Z 100053db f i umodsys_lib_libui:umodsys.mod.ui.SDL_core.obj
 0001:000043db       ?ref_weak@RMouseController@SDL_core@ui@modules@UModSys@@UBE_NAAUWeakPointer@IRefObject@core@5@@Z 100053db f i umodsys_lib_libui:umodsys.mod.ui.SDL_core.obj
 0001:000043db       ?ref_weak@RKeyboardController@SDL_core@ui@modules@UModSys@@UBE_NAAUWeakPointer@IRefObject@core@5@@Z 100053db f i umodsys_lib_libui:umodsys.mod.ui.SDL_core.obj
 0001:000043db       ?ref_weak@RKeyboardController@SDL_GL@ui@modules@UModSys@@UBE_NAAUWeakPointer@IRefObject@core@5@@Z 100053db f i umodsys_lib_libui:umodsys.mod.ui.SDL_GL.obj
 0001:000043db       ?ref_weak@RRenderDriver3D@SDL_GL@ui@modules@UModSys@@UBE_NAAUWeakPointer@IRefObject@core@5@@Z 100053db f i umodsys_lib_libui:umodsys.mod.ui.SDL_GL.obj
 0001:000043fa       ?root_get_interface_info@RMouseController@SDL_GL@ui@modules@UModSys@@UBEABUSUniquePointerInfo@core@5@XZ 100053fa f i umodsys_lib_libui:umodsys.mod.ui.SDL_GL.obj
 0001:00004400       ?root_get_interface_type@RMouseController@SDL_GL@ui@modules@UModSys@@UBEPBUSUniquePointerInfo@core@5@XZ 10005400 f i umodsys_lib_libui:umodsys.mod.ui.SDL_GL.obj
 0001:00004406       ?root_get_other_interface@RMouseController@SDL_GL@ui@modules@UModSys@@UBEPBUIRoot@core@5@PBUSUniquePointerInfo@75@@Z 10005406 f i umodsys_lib_libui:umodsys.mod.ui.SDL_GL.obj
 0001:00004406       ?root_get_other_interface@RMouseController@SDL_GL@ui@modules@UModSys@@UAEPAUIRoot@core@5@PBUSUniquePointerInfo@75@@Z 10005406 f i umodsys_lib_libui:umodsys.mod.ui.SDL_GL.obj
 0001:00004427       ?root_is_interface_supported@RMouseController@SDL_GL@ui@modules@UModSys@@UBE_NPBUSUniquePointerInfo@core@5@@Z 10005427 f i umodsys_lib_libui:umodsys.mod.ui.SDL_GL.obj
 0001:0000444e       ?_root_is_interface_supported@RTerminal@SDL_GL@ui@modules@UModSys@@SA_NPBUSUniquePointerInfo@core@5@@Z 1000544e f i umodsys_lib_libui:umodsys.mod.ui.SDL_GL.obj
 0001:0000446e       ?root_get_interface_info@RTerminal@SDL_GL@ui@modules@UModSys@@UBEABUSUniquePointerInfo@core@5@XZ 1000546e f i umodsys_lib_libui:umodsys.mod.ui.SDL_GL.obj
 0001:00004474       ?root_get_interface_type@RTerminal@SDL_GL@ui@modules@UModSys@@UBEPBUSUniquePointerInfo@core@5@XZ 10005474 f i umodsys_lib_libui:umodsys.mod.ui.SDL_GL.obj
 0001:0000447a       ?root_get_other_interface@RTerminal@SDL_GL@ui@modules@UModSys@@UAEPAUIRoot@core@5@PBUSUniquePointerInfo@75@@Z 1000547a f i umodsys_lib_libui:umodsys.mod.ui.SDL_GL.obj
 0001:0000447a       ?root_get_other_interface@RTerminal@SDL_GL@ui@modules@UModSys@@UBEPBUIRoot@core@5@PBUSUniquePointerInfo@75@@Z 1000547a f i umodsys_lib_libui:umodsys.mod.ui.SDL_GL.obj
 0001:0000449b       ?root_is_interface_supported@RTerminal@SDL_GL@ui@modules@UModSys@@UBE_NPBUSUniquePointerInfo@core@5@@Z 1000549b f i umodsys_lib_libui:umodsys.mod.ui.SDL_GL.obj
 0001:000044a7       ?root_get_interface_info@RMultiImage2D_SDL_ttf@SDL_GL@ui@modules@UModSys@@UBEABUSUniquePointerInfo@core@5@XZ 100054a7 f i umodsys_lib_libui:umodsys.mod.ui.SDL_GL.obj
 0001:000044ad       ?root_get_interface_type@RMultiImage2D_SDL_ttf@SDL_GL@ui@modules@UModSys@@UBEPBUSUniquePointerInfo@core@5@XZ 100054ad f i umodsys_lib_libui:umodsys.mod.ui.SDL_GL.obj
 0001:000044b3       ?root_get_other_interface@RMultiImage2D_SDL_ttf@SDL_GL@ui@modules@UModSys@@UAEPAUIRoot@core@5@PBUSUniquePointerInfo@75@@Z 100054b3 f i umodsys_lib_libui:umodsys.mod.ui.SDL_GL.obj
 0001:000044b3       ?root_get_other_interface@RMultiImage2D_SDL_ttf@SDL_GL@ui@modules@UModSys@@UBEPBUIRoot@core@5@PBUSUniquePointerInfo@75@@Z 100054b3 f i umodsys_lib_libui:umodsys.mod.ui.SDL_GL.obj
 0001:000044d4       ?root_is_interface_supported@RMultiImage2D_SDL_ttf@SDL_GL@ui@modules@UModSys@@UBE_NPBUSUniquePointerInfo@core@5@@Z 100054d4 f i umodsys_lib_libui:umodsys.mod.ui.SDL_GL.obj
 0001:000044fb       ?ref_weak@RMultiImage2D_SDL_ttf@SDL_core@ui@modules@UModSys@@UBE_NAAUWeakPointer@IRefObject@core@5@@Z 100054fb f i umodsys_lib_libui:umodsys.mod.ui.SDL_core.obj
 0001:000044fb       ?ref_weak@RGenerator@serialize_json@media@modules@UModSys@@UBE_NAAUWeakPointer@IRefObject@core@5@@Z 100054fb f i umodsys_lib_libmedia:umodsys.mod.media.serialize_json.obj
 0001:000044fb       ?ref_weak@RSerializeReader@serialize_json@media@modules@UModSys@@UBE_NAAUWeakPointer@IRefObject@core@5@@Z 100054fb f i umodsys_lib_libmedia:umodsys.mod.media.serialize_json.obj
 0001:000044fb       ?ref_weak@RGenerator@images_std@media@modules@UModSys@@UBE_NAAUWeakPointer@IRefObject@core@5@@Z 100054fb f i umodsys_lib_libmedia:umodsys.mod.media.images_std.obj
 0001:000044fb       ?ref_weak@RGenerator@SDL_core@ui@modules@UModSys@@UBE_NAAUWeakPointer@IRefObject@core@5@@Z 100054fb f i umodsys_lib_libui:umodsys.mod.ui.SDL_core.obj
 0001:000044fb       ?ref_weak@RTerminal@SDL_GL@ui@modules@UModSys@@UBE_NAAUWeakPointer@IRefObject@core@5@@Z 100054fb f i umodsys_lib_libui:umodsys.mod.ui.SDL_GL.obj
 0001:000044fb       ?ref_weak@RVertexArray@SDL_GL@ui@modules@UModSys@@UBE_NAAUWeakPointer@IRefObject@core@5@@Z 100054fb f i umodsys_lib_libui:umodsys.mod.ui.SDL_GL.obj
 0001:000044fb       ?ref_weak@RBinArchiveFrameClient_ZIP@zlib@media@modules@UModSys@@UBE_NAAUWeakPointer@IRefObject@core@5@@Z 100054fb f i umodsys_lib_libmedia:umodsys.mod.media.zlib.obj
 0001:000044fb       ?ref_weak@RTerminal@SDL_core@ui@modules@UModSys@@UBE_NAAUWeakPointer@IRefObject@core@5@@Z 100054fb f i umodsys_lib_libui:umodsys.mod.ui.SDL_core.obj
 0001:000044fb       ?ref_weak@RImage_Memory@stdlib@lib2d@modules@UModSys@@UBE_NAAUWeakPointer@IRefObject@core@5@@Z 100054fb f i umodsys_lib_lib2d:umodsys.mod.2d.stdlib.obj
 0001:000044fb       ?ref_weak@RGenerator@test1@test@modules@UModSys@@UBE_NAAUWeakPointer@IRefObject@core@5@@Z 100054fb f i plugin_test1.obj
 0001:000044fb       ?ref_weak@RImageFactory_Memory@stdlib@lib2d@modules@UModSys@@UBE_NAAUWeakPointer@IRefObject@core@5@@Z 100054fb f i umodsys_lib_lib2d:umodsys.mod.2d.stdlib.obj
 0001:000044fb       ?ref_weak@RMultiImage2D_SDL_ttf@SDL_GL@ui@modules@UModSys@@UBE_NAAUWeakPointer@IRefObject@core@5@@Z 100054fb f i umodsys_lib_libui:umodsys.mod.ui.SDL_GL.obj
 0001:000044fb       ?ref_weak@RGenerator@stdlib@lib2d@modules@UModSys@@UBE_NAAUWeakPointer@IRefObject@core@5@@Z 100054fb f i umodsys_lib_lib2d:umodsys.mod.2d.stdlib.obj
 0001:000044fb       ?ref_weak@RGenerator@zlib@media@modules@UModSys@@UBE_NAAUWeakPointer@IRefObject@core@5@@Z 100054fb f i umodsys_lib_libmedia:umodsys.mod.media.zlib.obj
 0001:000044fb       ?ref_weak@RGenerator@SDL_GL@ui@modules@UModSys@@UBE_NAAUWeakPointer@IRefObject@core@5@@Z 100054fb f i umodsys_lib_libui:umodsys.mod.ui.SDL_GL.obj
 0001:000044fb       ?ref_weak@RMultiImage@stdlib@lib2d@modules@UModSys@@UBE_NAAUWeakPointer@IRefObject@core@5@@Z 100054fb f i umodsys_lib_lib2d:umodsys.mod.2d.stdlib.obj
 0001:000044fb       ?ref_weak@RDialog@frames@ui@modules@UModSys@@UBE_NAAUWeakPointer@IRefObject@core@5@@Z 100054fb f i umodsys_lib_libui:umodsys.mod.ui.frames.obj
 0001:000044fb       ?ref_weak@RGenerator@frames@ui@modules@UModSys@@UBE_NAAUWeakPointer@IRefObject@core@5@@Z 100054fb f i umodsys_lib_libui:umodsys.mod.ui.frames.obj
 0001:0000451a       ??1Glyph@RMultiImage2D_SDL_ttf@SDL_GL@ui@modules@UModSys@@QAE@XZ 1000551a f i umodsys_lib_libui:umodsys.mod.ui.SDL_GL.obj
 0001:00004552       ?get_cell@RMultiImage2D_SDL_ttf@SDL_GL@ui@modules@UModSys@@UBE_NIAAU?$TVector2@H@math3d@5@PAU675@PAG@Z 10005552 f i umodsys_lib_libui:umodsys.mod.ui.SDL_GL.obj
 0001:00004552       ?get_cell@RMultiImage2D_SDL_ttf@SDL_core@ui@modules@UModSys@@UBE_NIAAU?$TVector2@H@math3d@5@PAU675@PAG@Z 10005552 f i umodsys_lib_libui:umodsys.mod.ui.SDL_core.obj
 0001:00004552       ?setup_setlight@RRenderDriver3D@SDL_GL@ui@modules@UModSys@@UAE_NHW4eLightType@lib3d@5@ABUSLight@75@ABU?$TMatrix44@N@math3d@5@@Z 10005552 f i umodsys_lib_libui:umodsys.mod.ui.SDL_GL.obj
 0001:00004557       ?root_get_interface_info@RRenderDriver3D@SDL_GL@ui@modules@UModSys@@UBEABUSUniquePointerInfo@core@5@XZ 10005557 f i umodsys_lib_libui:umodsys.mod.ui.SDL_GL.obj
 0001:0000455d       ?root_get_interface_type@RRenderDriver3D@SDL_GL@ui@modules@UModSys@@UBEPBUSUniquePointerInfo@core@5@XZ 1000555d f i umodsys_lib_libui:umodsys.mod.ui.SDL_GL.obj
 0001:00004563       ?root_get_other_interface@RRenderDriver3D@SDL_GL@ui@modules@UModSys@@UAEPAUIRoot@core@5@PBUSUniquePointerInfo@75@@Z 10005563 f i umodsys_lib_libui:umodsys.mod.ui.SDL_GL.obj
 0001:00004563       ?root_get_other_interface@RRenderDriver3D@SDL_GL@ui@modules@UModSys@@UBEPBUIRoot@core@5@PBUSUniquePointerInfo@75@@Z 10005563 f i umodsys_lib_libui:umodsys.mod.ui.SDL_GL.obj
 0001:0000458c       ?root_is_interface_supported@RRenderDriver3D@SDL_GL@ui@modules@UModSys@@UBE_NPBUSUniquePointerInfo@core@5@@Z 1000558c f i umodsys_lib_libui:umodsys.mod.ui.SDL_GL.obj
 0001:000045bb       ?IsPhmV@RRenderDriver3D@SDL_GL@ui@modules@UModSys@@QAE_NW4ePhaseMode@2345@@Z 100055bb f i umodsys_lib_libui:umodsys.mod.ui.SDL_GL.obj
 0001:000045f6       ?root_get_interface_info@RTerminalX@SDL_GL@ui@modules@UModSys@@UBEABUSUniquePointerInfo@core@5@XZ 100055f6 f i umodsys_lib_libui:umodsys.mod.ui.SDL_GL.obj
 0001:000045fc       ?root_get_interface_type@RTerminalX@SDL_GL@ui@modules@UModSys@@UBEPBUSUniquePointerInfo@core@5@XZ 100055fc f i umodsys_lib_libui:umodsys.mod.ui.SDL_GL.obj
 0001:00004602       ?root_get_other_interface@RTerminalX@SDL_GL@ui@modules@UModSys@@UAEPAUIRoot@core@5@PBUSUniquePointerInfo@75@@Z 10005602 f i umodsys_lib_libui:umodsys.mod.ui.SDL_GL.obj
 0001:00004602       ?root_get_other_interface@RTerminalX@SDL_GL@ui@modules@UModSys@@UBEPBUIRoot@core@5@PBUSUniquePointerInfo@75@@Z 10005602 f i umodsys_lib_libui:umodsys.mod.ui.SDL_GL.obj
 0001:00004623       ?root_is_interface_supported@RTerminalX@SDL_GL@ui@modules@UModSys@@UBE_NPBUSUniquePointerInfo@core@5@@Z 10005623 f i umodsys_lib_libui:umodsys.mod.ui.SDL_GL.obj
 0001:00004642       ?root_get_interface_info@RVertexArray@SDL_GL@ui@modules@UModSys@@UBEABUSUniquePointerInfo@core@5@XZ 10005642 f i umodsys_lib_libui:umodsys.mod.ui.SDL_GL.obj
 0001:00004648       ?root_get_interface_type@RVertexArray@SDL_GL@ui@modules@UModSys@@UBEPBUSUniquePointerInfo@core@5@XZ 10005648 f i umodsys_lib_libui:umodsys.mod.ui.SDL_GL.obj
 0001:0000464e       ?root_get_other_interface@RVertexArray@SDL_GL@ui@modules@UModSys@@UBEPBUIRoot@core@5@PBUSUniquePointerInfo@75@@Z 1000564e f i umodsys_lib_libui:umodsys.mod.ui.SDL_GL.obj
 0001:0000464e       ?root_get_other_interface@RVertexArray@SDL_GL@ui@modules@UModSys@@UAEPAUIRoot@core@5@PBUSUniquePointerInfo@75@@Z 1000564e f i umodsys_lib_libui:umodsys.mod.ui.SDL_GL.obj
 0001:0000466f       ?root_is_interface_supported@RVertexArray@SDL_GL@ui@modules@UModSys@@UBE_NPBUSUniquePointerInfo@core@5@@Z 1000566f f i umodsys_lib_libui:umodsys.mod.ui.SDL_GL.obj
 0001:00004696       ?suicide@RDialog@frames@ui@modules@UModSys@@UAEXXZ 10005696 f i umodsys_lib_libui:umodsys.mod.ui.frames.obj
 0001:00004696       ?suicide@RMultiImage2D_SDL_ttf@SDL_GL@ui@modules@UModSys@@UAEXXZ 10005696 f i umodsys_lib_libui:umodsys.mod.ui.SDL_GL.obj
 0001:00004696       ?suicide@RMultiImage2D_SDL_ttf@SDL_core@ui@modules@UModSys@@UAEXXZ 10005696 f i umodsys_lib_libui:umodsys.mod.ui.SDL_core.obj
 0001:00004696       ?suicide@RVertexArray@SDL_GL@ui@modules@UModSys@@UAEXXZ 10005696 f i umodsys_lib_libui:umodsys.mod.ui.SDL_GL.obj
 0001:000046d6       ?get_generated_names@RGenerator@SDL_GL@ui@modules@UModSys@@UBEHAAUSUniquePtrList@core@5@@Z 100056d6 f i umodsys_lib_libui:umodsys.mod.ui.SDL_GL.obj
 0001:000046ef       ?get_generated_types@RGenerator@SDL_GL@ui@modules@UModSys@@UBEHAAUSUniquePtrList@core@5@PBUSUniquePointerInfo@75@@Z 100056ef f i umodsys_lib_libui:umodsys.mod.ui.SDL_GL.obj
 0001:0000472d       ?generate@RGenerator@SDL_GL@ui@modules@UModSys@@UAE_NAAU?$TRefObject@UIRefObject@core@UModSys@@U?$TRefObjectFunc@UIRefObject@core@UModSys@@@tl@3@@tl@5@PBUSUniquePointerInfo@core@5@ABUSParameters@95@@Z 1000572d f i umodsys_lib_libui:umodsys.mod.ui.SDL_GL.obj
 0001:0000474e       ?root_get_interface_info@RGenerator@SDL_GL@ui@modules@UModSys@@UBEABUSUniquePointerInfo@core@5@XZ 1000574e f i umodsys_lib_libui:umodsys.mod.ui.SDL_GL.obj
 0001:00004754       ?root_get_interface_type@RGenerator@SDL_GL@ui@modules@UModSys@@UBEPBUSUniquePointerInfo@core@5@XZ 10005754 f i umodsys_lib_libui:umodsys.mod.ui.SDL_GL.obj
 0001:0000475a       ?root_get_other_interface@RGenerator@SDL_GL@ui@modules@UModSys@@UBEPBUIRoot@core@5@PBUSUniquePointerInfo@75@@Z 1000575a f i umodsys_lib_libui:umodsys.mod.ui.SDL_GL.obj
 0001:0000475a       ?root_get_other_interface@RGenerator@SDL_GL@ui@modules@UModSys@@UAEPAUIRoot@core@5@PBUSUniquePointerInfo@75@@Z 1000575a f i umodsys_lib_libui:umodsys.mod.ui.SDL_GL.obj
 0001:00004773       ?root_is_interface_supported@RGenerator@SDL_GL@ui@modules@UModSys@@UBE_NPBUSUniquePointerInfo@core@5@@Z 10005773 f i umodsys_lib_libui:umodsys.mod.ui.SDL_GL.obj
 0001:00004792       ?ref_remove@RGenerator@serialize_json@media@modules@UModSys@@UBEXXZ 10005792 f i umodsys_lib_libmedia:umodsys.mod.media.serialize_json.obj
 0001:00004792       ?ref_remove@RGenerator@SDL_GL@ui@modules@UModSys@@UBEXXZ 10005792 f i umodsys_lib_libui:umodsys.mod.ui.SDL_GL.obj
 0001:00004792       ?ref_remove@RTerminal@SDL_GL@ui@modules@UModSys@@UBEXXZ 10005792 f i umodsys_lib_libui:umodsys.mod.ui.SDL_GL.obj
 0001:00004792       ?ref_remove@RDialog@frames@ui@modules@UModSys@@UBEXXZ 10005792 f i umodsys_lib_libui:umodsys.mod.ui.frames.obj
 0001:00004792       ?ref_remove@RImageFactory_Memory@stdlib@lib2d@modules@UModSys@@UBEXXZ 10005792 f i umodsys_lib_lib2d:umodsys.mod.2d.stdlib.obj
 0001:00004792       ?ref_remove@RMultiImage2D_SDL_ttf@SDL_core@ui@modules@UModSys@@UBEXXZ 10005792 f i umodsys_lib_libui:umodsys.mod.ui.SDL_core.obj
 0001:00004792       ?ref_remove@RGenerator@stdlib@lib2d@modules@UModSys@@UBEXXZ 10005792 f i umodsys_lib_lib2d:umodsys.mod.2d.stdlib.obj
 0001:00004792       ?ref_remove@RSerializeReader@serialize_json@media@modules@UModSys@@UBEXXZ 10005792 f i umodsys_lib_libmedia:umodsys.mod.media.serialize_json.obj
 0001:00004792       ?ref_remove@RImage_Memory@stdlib@lib2d@modules@UModSys@@UBEXXZ 10005792 f i umodsys_lib_lib2d:umodsys.mod.2d.stdlib.obj
 0001:00004792       ?ref_remove@RVertexArray@SDL_GL@ui@modules@UModSys@@UBEXXZ 10005792 f i umodsys_lib_libui:umodsys.mod.ui.SDL_GL.obj
 0001:00004792       ?ref_remove@RGenerator@SDL_core@ui@modules@UModSys@@UBEXXZ 10005792 f i umodsys_lib_libui:umodsys.mod.ui.SDL_core.obj
 0001:00004792       ?ref_remove@RBinArchiveFrameClient_ZIP@zlib@media@modules@UModSys@@UBEXXZ 10005792 f i umodsys_lib_libmedia:umodsys.mod.media.zlib.obj
 0001:00004792       ?ref_remove@RMultiImage2D_SDL_ttf@SDL_GL@ui@modules@UModSys@@UBEXXZ 10005792 f i umodsys_lib_libui:umodsys.mod.ui.SDL_GL.obj
 0001:00004792       ?ref_remove@RGenerator@test1@test@modules@UModSys@@UBEXXZ 10005792 f i plugin_test1.obj
 0001:00004792       ?ref_remove@RGenerator@zlib@media@modules@UModSys@@UBEXXZ 10005792 f i umodsys_lib_libmedia:umodsys.mod.media.zlib.obj
 0001:00004792       ?ref_remove@RGenerator@frames@ui@modules@UModSys@@UBEXXZ 10005792 f i umodsys_lib_libui:umodsys.mod.ui.frames.obj
 0001:00004792       ?ref_remove@RGenerator@images_std@media@modules@UModSys@@UBEXXZ 10005792 f i umodsys_lib_libmedia:umodsys.mod.media.images_std.obj
 0001:00004792       ?ref_remove@RMultiImage@stdlib@lib2d@modules@UModSys@@UBEXXZ 10005792 f i umodsys_lib_lib2d:umodsys.mod.2d.stdlib.obj
 0001:00004792       ?ref_remove@RTerminal@SDL_core@ui@modules@UModSys@@UBEXXZ 10005792 f i umodsys_lib_libui:umodsys.mod.ui.SDL_core.obj
 0001:0000479d       ?get_uid@RGenerator@SDL_GL@ui@modules@UModSys@@UBEPBUSUniquePointerInfo@core@5@XZ 1000579d f i umodsys_lib_libui:umodsys.mod.ui.SDL_GL.obj
 0001:000047a3       ??1SWindow@SDL_core@ui@modules@UModSys@@QAE@XZ 100057a3 f   umodsys_lib_libui:umodsys.mod.ui.SDL_core.obj
 0001:000047a3       ??1SWindow@SDL_GL@ui@modules@UModSys@@QAE@XZ 100057a3 f   umodsys_lib_libui:umodsys.mod.ui.SDL_GL.obj
 0001:000047a8       ?close@SWindow@SDL_core@ui@modules@UModSys@@QAEXXZ 100057a8 f   umodsys_lib_libui:umodsys.mod.ui.SDL_core.obj
 0001:000047a8       ?close@SWindow@SDL_GL@ui@modules@UModSys@@QAEXXZ 100057a8 f   umodsys_lib_libui:umodsys.mod.ui.SDL_GL.obj
 0001:000047bb       ??_ERKeyboardController@SDL_GL@ui@modules@UModSys@@UAEPAXI@Z 100057bb f i  CIL library: CIL module
 0001:000047bb       ??_GRKeyboardController@SDL_GL@ui@modules@UModSys@@UAEPAXI@Z 100057bb f i umodsys_lib_libui:umodsys.mod.ui.SDL_GL.obj
 0001:000047d8       ??1RKeyboardController@SDL_GL@ui@modules@UModSys@@UAE@XZ 100057d8 f   umodsys_lib_libui:umodsys.mod.ui.SDL_GL.obj
 0001:0000481c       ?process@RKeyboardController@SDL_core@ui@modules@UModSys@@QAE_NAAUSDL_TextInputEvent@@@Z 1000581c f   umodsys_lib_libui:umodsys.mod.ui.SDL_core.obj
 0001:0000481c       ?process@RKeyboardController@SDL_GL@ui@modules@UModSys@@QAE_NAAUSDL_TextInputEvent@@@Z 1000581c f   umodsys_lib_libui:umodsys.mod.ui.SDL_GL.obj
 0001:000048c1       ?key_setvisible@RKeyboardController@SDL_GL@ui@modules@UModSys@@UAE_N_N@Z 100058c1 f   umodsys_lib_libui:umodsys.mod.ui.SDL_GL.obj
 0001:000048c1       ?key_setvisible@RKeyboardController@SDL_core@ui@modules@UModSys@@UAE_N_N@Z 100058c1 f   umodsys_lib_libui:umodsys.mod.ui.SDL_core.obj
 0001:000048d9       ??_GRMouseController@SDL_GL@ui@modules@UModSys@@UAEPAXI@Z 100058d9 f i umodsys_lib_libui:umodsys.mod.ui.SDL_GL.obj
 0001:000048d9       ??_ERMouseController@SDL_GL@ui@modules@UModSys@@UAEPAXI@Z 100058d9 f i  CIL library: CIL module
 0001:000048f6       ??1RMouseController@SDL_GL@ui@modules@UModSys@@UAE@XZ 100058f6 f   umodsys_lib_libui:umodsys.mod.ui.SDL_GL.obj
 0001:0000493a       ?process@RMouseController@SDL_core@ui@modules@UModSys@@QAE_NAAUSDL_MouseButtonEvent@@@Z 1000593a f   umodsys_lib_libui:umodsys.mod.ui.SDL_core.obj
 0001:0000493a       ?process@RMouseController@SDL_GL@ui@modules@UModSys@@QAE_NAAUSDL_MouseButtonEvent@@@Z 1000593a f   umodsys_lib_libui:umodsys.mod.ui.SDL_GL.obj
 0001:00004a01       ?process@RMouseController@SDL_GL@ui@modules@UModSys@@QAE_NAAUSDL_MouseWheelEvent@@@Z 10005a01 f   umodsys_lib_libui:umodsys.mod.ui.SDL_GL.obj
 0001:00004a01       ?process@RMouseController@SDL_core@ui@modules@UModSys@@QAE_NAAUSDL_MouseWheelEvent@@@Z 10005a01 f   umodsys_lib_libui:umodsys.mod.ui.SDL_core.obj
 0001:00004aa2       ?mouse_unlink@RMouseController@SDL_GL@ui@modules@UModSys@@UAE_NH@Z 10005aa2 f   umodsys_lib_libui:umodsys.mod.ui.SDL_GL.obj
 0001:00004aa2       ?key_unlink@RKeyboardController@SDL_GL@ui@modules@UModSys@@UAE_NH@Z 10005aa2 f   umodsys_lib_libui:umodsys.mod.ui.SDL_GL.obj
 0001:00004aa2       ?key_unlink@RKeyboardController@SDL_core@ui@modules@UModSys@@UAE_NH@Z 10005aa2 f   umodsys_lib_libui:umodsys.mod.ui.SDL_core.obj
 0001:00004aa2       ?mouse_unlink@RMouseController@SDL_core@ui@modules@UModSys@@UAE_NH@Z 10005aa2 f   umodsys_lib_libui:umodsys.mod.ui.SDL_core.obj
 0001:00004ab1       ?mouse_link@RMouseController@SDL_core@ui@modules@UModSys@@UAE_NHPAUIRefObject@core@5@PAUIMouseClient@libui@5@H@Z 10005ab1 f   umodsys_lib_libui:umodsys.mod.ui.SDL_core.obj
 0001:00004ab1       ?mouse_link@RMouseController@SDL_GL@ui@modules@UModSys@@UAE_NHPAUIRefObject@core@5@PAUIMouseClient@libui@5@H@Z 10005ab1 f   umodsys_lib_libui:umodsys.mod.ui.SDL_GL.obj
 0001:00004af0       ??0RTerminal@SDL_GL@ui@modules@UModSys@@QAE@PAUIModObject@base@4@@Z 10005af0 f   umodsys_lib_libui:umodsys.mod.ui.SDL_GL.obj
 0001:00004b7a       ??_ERTerminal@SDL_GL@ui@modules@UModSys@@UAEPAXI@Z 10005b7a f i  CIL library: CIL module
 0001:00004b7a       ??_GRTerminal@SDL_GL@ui@modules@UModSys@@UAEPAXI@Z 10005b7a f i umodsys_lib_libui:umodsys.mod.ui.SDL_GL.obj
 0001:00004b97       ??1RTerminal@SDL_GL@ui@modules@UModSys@@UAE@XZ 10005b97 f   umodsys_lib_libui:umodsys.mod.ui.SDL_GL.obj
 0001:00004be7       ?set_terminal_state@RTerminal@SDL_core@ui@modules@UModSys@@UAE_NW4eTerminalState@libui@5@_N@Z 10005be7 f   umodsys_lib_libui:umodsys.mod.ui.SDL_core.obj
 0001:00004be7       ?set_terminal_state@RTerminal@SDL_GL@ui@modules@UModSys@@UAE_NW4eTerminalState@libui@5@_N@Z 10005be7 f   umodsys_lib_libui:umodsys.mod.ui.SDL_GL.obj
 0001:00004c30       ?get_clock@RTerminal@SDL_core@ui@modules@UModSys@@UAENXZ 10005c30 f   umodsys_lib_libui:umodsys.mod.ui.SDL_core.obj
 0001:00004c30       ?get_clock@RTerminal@SDL_GL@ui@modules@UModSys@@UAENXZ 10005c30 f   umodsys_lib_libui:umodsys.mod.ui.SDL_GL.obj
 0001:00004c48       ?create_handler@RTerminal@SDL_core@ui@modules@UModSys@@UAE_NPBUSUniquePointerInfo@core@5@AAU?$TRefObject@UIRefObject@core@UModSys@@U?$TRefObjectFunc@UIRefObject@core@UModSys@@@tl@3@@tl@5@PBDPBUSParameters@75@@Z 10005c48 f   umodsys_lib_libui:umodsys.mod.ui.SDL_core.obj
 0001:00004c48       ?create_handler@RTerminal@SDL_GL@ui@modules@UModSys@@UAE_NPBUSUniquePointerInfo@core@5@AAU?$TRefObject@UIRefObject@core@UModSys@@U?$TRefObjectFunc@UIRefObject@core@UModSys@@@tl@3@@tl@5@PBDPBUSParameters@75@@Z 10005c48 f   umodsys_lib_libui:umodsys.mod.ui.SDL_GL.obj
 0001:00004ca6       ??0RMultiImage2D_SDL_ttf@SDL_GL@ui@modules@UModSys@@QAE@PAURRenderDriver3D@1234@ABUSParameters@core@4@@Z 10005ca6 f   umodsys_lib_libui:umodsys.mod.ui.SDL_GL.obj
 0001:00004d0e       ??_ERMultiImage2D_SDL_ttf@SDL_GL@ui@modules@UModSys@@UAEPAXI@Z 10005d0e f i  CIL library: CIL module
 0001:00004d0e       ??_GRMultiImage2D_SDL_ttf@SDL_GL@ui@modules@UModSys@@UAEPAXI@Z 10005d0e f i umodsys_lib_libui:umodsys.mod.ui.SDL_GL.obj
 0001:00004d69       ?close@RMultiImage2D_SDL_ttf@SDL_GL@ui@modules@UModSys@@QAEXXZ 10005d69 f   umodsys_lib_libui:umodsys.mod.ui.SDL_GL.obj
 0001:00004d69       ?close@RMultiImage2D_SDL_ttf@SDL_core@ui@modules@UModSys@@QAEXXZ 10005d69 f   umodsys_lib_libui:umodsys.mod.ui.SDL_core.obj
 0001:00004d7c       ?open@RMultiImage2D_SDL_ttf@SDL_GL@ui@modules@UModSys@@QAE_NABUSParameters@core@5@@Z 10005d7c f   umodsys_lib_libui:umodsys.mod.ui.SDL_GL.obj
 0001:00004e07       ?generate_glyphs@RMultiImage2D_SDL_ttf@SDL_GL@ui@modules@UModSys@@QAE_NXZ 10005e07 f   umodsys_lib_libui:umodsys.mod.ui.SDL_GL.obj
 0001:00004ef6       ?set_flags@SGLFuncs@SDL_GL@ui@modules@UModSys@@QBEXPBUTextureInfo@12345@ABUSRenderMapFlags@lib3d@5@@Z 10005ef6 f i umodsys_lib_libui:umodsys.mod.ui.SDL_GL.obj
 0001:00004fac       ??1STextureGL@SDL_GL@ui@modules@UModSys@@QAE@XZ 10005fac f   umodsys_lib_libui:umodsys.mod.ui.SDL_GL.obj
 0001:00004ff5       ?gen@STextureGL@SDL_GL@ui@modules@UModSys@@QAE_NXZ 10005ff5 f   umodsys_lib_libui:umodsys.mod.ui.SDL_GL.obj
 0001:0000502c       ?clear@STextureGL@SDL_GL@ui@modules@UModSys@@QAEXXZ 1000602c f   umodsys_lib_libui:umodsys.mod.ui.SDL_GL.obj
 0001:0000504f       ?dorebind@STextureGL@SDL_GL@ui@modules@UModSys@@QAEX_N@Z 1000604f f   umodsys_lib_libui:umodsys.mod.ui.SDL_GL.obj
 0001:000050a5       ?alloc@STextureGL@SDL_GL@ui@modules@UModSys@@QAE_NXZ 100060a5 f   umodsys_lib_libui:umodsys.mod.ui.SDL_GL.obj
 0001:000050f8       ?set_size@STextureGL@SDL_GL@ui@modules@UModSys@@QAEXHH@Z 100060f8 f   umodsys_lib_libui:umodsys.mod.ui.SDL_GL.obj
 0001:000051bd       ?reupload@STextureGL@SDL_GL@ui@modules@UModSys@@QAE_NXZ 100061bd f   umodsys_lib_libui:umodsys.mod.ui.SDL_GL.obj
 0001:0000522b       ?upload@STextureGL@SDL_GL@ui@modules@UModSys@@QAE_NXZ 1000622b f   umodsys_lib_libui:umodsys.mod.ui.SDL_GL.obj
 0001:000052c5       ?set_reallocate@STextureGL@SDL_GL@ui@modules@UModSys@@QAE_NW4eImageType@lib2d@5@HHPBD@Z 100062c5 f   umodsys_lib_libui:umodsys.mod.ui.SDL_GL.obj
 0001:00005325       ?new_texture@RMultiImage2D_SDL_ttf@SDL_GL@ui@modules@UModSys@@SA_NAAUSTextureGL@2345@PAUSDL_Surface@@PAURRenderDriver3D@2345@@Z 10006325 f   umodsys_lib_libui:umodsys.mod.ui.SDL_GL.obj
 0001:000053b1       ??0RRenderDriver3D@SDL_GL@ui@modules@UModSys@@QAE@PAURTerminalX@1234@@Z 100063b1 f   umodsys_lib_libui:umodsys.mod.ui.SDL_GL.obj
 0001:0000548f       ??_GRRenderDriver3D@SDL_GL@ui@modules@UModSys@@UAEPAXI@Z 1000648f f i umodsys_lib_libui:umodsys.mod.ui.SDL_GL.obj
[...]
 0001:0002c494       ??__F?s_id@?$TObjectUniqueID@UICollector@libui@UModSys@@@tl@UModSys@@2USUniquePointer@core@3@A@@YAXXZ 1002d494 f    CIL library: CIL module
 0001:0002c49e       ??__F?s_id@?$TObjectUniqueID@UIConsoleHelperInput_UIKey@libui@UModSys@@@tl@UModSys@@2USUniquePointer@core@3@A@@YAXXZ 1002d49e f    CIL library: CIL module
 0001:0002c4a8       ??__F?s_id@?$TObjectUniqueID@UITerminal@libui@UModSys@@@tl@UModSys@@2USUniquePointer@core@3@A@@YAXXZ 1002d4a8 f    CIL library: CIL module
 0001:0002c4b2       ??__F?s_id@?$TObjectUniqueID@UIJoystickController@libui@UModSys@@@tl@UModSys@@2USUniquePointer@core@3@A@@YAXXZ 1002d4b2 f    CIL library: CIL module
 0001:0002c4bc       ??__F?s_id@?$TObjectUniqueID@UIMouseController@libui@UModSys@@@tl@UModSys@@2USUniquePointer@core@3@A@@YAXXZ 1002d4bc f    CIL library: CIL module
 0001:0002c4c6       ??__F?s_id@?$TObjectUniqueID@UIKeyboardController@libui@UModSys@@@tl@UModSys@@2USUniquePointer@core@3@A@@YAXXZ 1002d4c6 f    CIL library: CIL module
 0001:0002c4d0       ??__F?s_id@?$TObjectUniqueID@UIConsoleHelperOutputFCS@base@UModSys@@@tl@UModSys@@2USUniquePointer@core@3@A@@YAXXZ 1002d4d0 f    CIL library: CIL module
 0001:0002c4da       ??__F?s_id@?$TObjectUniqueID@UIConsoleHelperOutput@base@UModSys@@@tl@UModSys@@2USUniquePointer@core@3@A@@YAXXZ 1002d4da f    CIL library: CIL module
 0001:0002c4e4       ??__F?s_id@?$TObjectUniqueID@UIConsoleHelperInput@base@UModSys@@@tl@UModSys@@2USUniquePointer@core@3@A@@YAXXZ 1002d4e4 f    CIL library: CIL module
 0001:0002c4ee       ??__F?s_id@?$TObjectUniqueID@UIConsoleHelperHistory@base@UModSys@@@tl@UModSys@@2USUniquePointer@core@3@A@@YAXXZ 1002d4ee f    CIL library: CIL module
 0001:0002c4f8       ??__F?s_id@?$TObjectUniqueID@UIConsoleHelper@base@UModSys@@@tl@UModSys@@2USUniquePointer@core@3@A@@YAXXZ 1002d4f8 f    CIL library: CIL module
 0001:0002c502       ??__F?s_id@?$TObjectUniqueID@UIConsoleExt@base@UModSys@@@tl@UModSys@@2USUniquePointer@core@3@A@@YAXXZ 1002d502 f    CIL library: CIL module
 0001:0002c50c       ??__F?s_id@?$TObjectUniqueID@UISerializeWriter@libmedia@UModSys@@@tl@UModSys@@2USUniquePointer@core@3@A@@YAXXZ 1002d50c f    CIL library: CIL module
 0001:0002c516       ??__F?s_id@?$TObjectUniqueID@UISerializeReader@libmedia@UModSys@@@tl@UModSys@@2USUniquePointer@core@3@A@@YAXXZ 1002d516 f    CIL library: CIL module
 0001:0002c520       ??__F?s_id@?$TObjectUniqueID@UIClient@IBinArchiveFrame@libmedia@UModSys@@@tl@UModSys@@2USUniquePointer@core@3@A@@YAXXZ 1002d520 f    CIL library: CIL module
 0001:0002c52a       ??__F?s_id@?$TObjectUniqueID@UIBinArchiveFrame@libmedia@UModSys@@@tl@UModSys@@2USUniquePointer@core@3@A@@YAXXZ 1002d52a f    CIL library: CIL module
 0001:0002c534       ??__F?s_id@?$TObjectUniqueID@UILibraryLayered@libmedia@UModSys@@@tl@UModSys@@2USUniquePointer@core@3@A@@YAXXZ 1002d534 f    CIL library: CIL module
 0001:0002c53e       ??__F?s_id@?$TObjectUniqueID@UILibraryObjCache@libmedia@UModSys@@@tl@UModSys@@2USUniquePointer@core@3@A@@YAXXZ 1002d53e f    CIL library: CIL module
 0001:0002c548       ??__F?s_id@?$TObjectUniqueID@UILibraryObjFilter@libmedia@UModSys@@@tl@UModSys@@2USUniquePointer@core@3@A@@YAXXZ 1002d548 f    CIL library: CIL module
 0001:0002c552       ??__F?s_id@?$TObjectUniqueID@UILibraryBinCache@libmedia@UModSys@@@tl@UModSys@@2USUniquePointer@core@3@A@@YAXXZ 1002d552 f    CIL library: CIL module
 0001:0002c55c       ??__F?s_id@?$TObjectUniqueID@UILibraryBinTree@libmedia@UModSys@@@tl@UModSys@@2USUniquePointer@core@3@A@@YAXXZ 1002d55c f    CIL library: CIL module
 0001:0002c566       ??__F?s_id@?$TObjectUniqueID@UILibrary@libmedia@UModSys@@@tl@UModSys@@2USUniquePointer@core@3@A@@YAXXZ 1002d566 f    CIL library: CIL module
 0001:0002c570       ??__F?s_id@?$TObjectUniqueID@UIBinObjFilter@libmedia@UModSys@@@tl@UModSys@@2USUniquePointer@core@3@A@@YAXXZ 1002d570 f    CIL library: CIL module
 0001:0002c57a       ??__F?s_id@?$TObjectUniqueID@UIBinArchive@libmedia@UModSys@@@tl@UModSys@@2USUniquePointer@core@3@A@@YAXXZ 1002d57a f    CIL library: CIL module
 0001:0002c584       ??__F?s_id@?$TObjectUniqueID@UILibObject@libmedia@UModSys@@@tl@UModSys@@2USUniquePointer@core@3@A@@YAXXZ 1002d584 f    CIL library: CIL module
 0001:0002c58e       ??__F?s_id@?$TObjectUniqueID@UIUtilities@libmedia@UModSys@@@tl@UModSys@@2USUniquePointer@core@3@A@@YAXXZ 1002d58e f    CIL library: CIL module
 0001:0002c598       ??__F?s_id@?$TObjectUniqueID@UIStreamWriter@libmedia@UModSys@@@tl@UModSys@@2USUniquePointer@core@3@A@@YAXXZ 1002d598 f    CIL library: CIL module
 0001:0002c5a2       ??__F?s_id@?$TObjectUniqueID@UIStreamReader@libmedia@UModSys@@@tl@UModSys@@2USUniquePointer@core@3@A@@YAXXZ 1002d5a2 f    CIL library: CIL module
 0001:0002c5ac       ??__F?s_id@?$TObjectUniqueID@UISystem@base@UModSys@@@tl@UModSys@@2USUniquePointer@core@3@A@@YAXXZ 1002d5ac f    CIL library: CIL module
 0001:0002c5b6       ??__F?s_id@?$TObjectUniqueID@UIShell@base@UModSys@@@tl@UModSys@@2USUniquePointer@core@3@A@@YAXXZ 1002d5b6 f    CIL library: CIL module
 0001:0002c5c0       ??__F?s_id@?$TObjectUniqueID@UIGenerator@base@UModSys@@@tl@UModSys@@2USUniquePointer@core@3@A@@YAXXZ 1002d5c0 f    CIL library: CIL module
 0001:0002c5ca       ??__F?s_id@?$TObjectUniqueID@UIModObject@base@UModSys@@@tl@UModSys@@2USUniquePointer@core@3@A@@YAXXZ 1002d5ca f    CIL library: CIL module
 0001:0002c5d4       ??__F?s_id@?$TObjectUniqueID@UIModuleLibrary@base@UModSys@@@tl@UModSys@@2USUniquePointer@core@3@A@@YAXXZ 1002d5d4 f    CIL library: CIL module
 0001:0002c5de       ??__F?s_id@?$TObjectUniqueID@UIModule@base@UModSys@@@tl@UModSys@@2USUniquePointer@core@3@A@@YAXXZ 1002d5de f    CIL library: CIL module
 0001:0002c5e8       ??__F?s_id@?$TObjectUniqueID@UIConsole@base@UModSys@@@tl@UModSys@@2USUniquePointer@core@3@A@@YAXXZ 1002d5e8 f    CIL library: CIL module
 0001:0002c5f2       ??__F?s_id@?$TObjectUniqueID@UIParameters@core@UModSys@@@tl@UModSys@@2USUniquePointer@core@3@A@@YAXXZ 1002d5f2 f    CIL library: CIL module
 0001:0002c5fc       ??__F?s_id@?$TObjectUniqueID@UIRefObject@core@UModSys@@@tl@UModSys@@2USUniquePointer@core@3@A@@YAXXZ 1002d5fc f    CIL library: CIL module
 0001:0002c606       ??__F?s_id@?$TObjectUniqueID@UIRoot@core@UModSys@@@tl@UModSys@@2USUniquePointer@core@3@A@@YAXXZ 1002d606 f    CIL library: CIL module
 0001:0002c610       ??__F?s_id@?$TObjectUniqueID@UIScene@lib3d@UModSys@@@tl@UModSys@@2USUniquePointer@core@3@A@@YAXXZ 1002d610 f    CIL library: CIL module
 0001:0002c61a       ??__F?s_id@?$TObjectUniqueID@UISceneController@lib3d@UModSys@@@tl@UModSys@@2USUniquePointer@core@3@A@@YAXXZ 1002d61a f    CIL library: CIL module
 0001:0002c624       ??__F?s_id@?$TObjectUniqueID@UINodeObject_Light@lib3d@UModSys@@@tl@UModSys@@2USUniquePointer@core@3@A@@YAXXZ 1002d624 f    CIL library: CIL module
 0001:0002c62e       ??__F?s_id@?$TObjectUniqueID@UINodeObject_Camera@lib3d@UModSys@@@tl@UModSys@@2USUniquePointer@core@3@A@@YAXXZ 1002d62e f    CIL library: CIL module
 0001:0002c638       ??__F?s_id@?$TObjectUniqueID@UINodeObject_Particles@lib3d@UModSys@@@tl@UModSys@@2USUniquePointer@core@3@A@@YAXXZ 1002d638 f    CIL library: CIL module
 0001:0002c642       ??__F?s_id@?$TObjectUniqueID@UINodeObject_Picture@lib3d@UModSys@@@tl@UModSys@@2USUniquePointer@core@3@A@@YAXXZ 1002d642 f    CIL library: CIL module
 0001:0002c64c       ??__F?s_id@?$TObjectUniqueID@UINodeObject_Mesh@lib3d@UModSys@@@tl@UModSys@@2USUniquePointer@core@3@A@@YAXXZ 1002d64c f    CIL library: CIL module
 0001:0002c656       ??__F?s_id@?$TObjectUniqueID@UINodeObject_Brush@lib3d@UModSys@@@tl@UModSys@@2USUniquePointer@core@3@A@@YAXXZ 1002d656 f    CIL library: CIL module
 0001:0002c660       ??__Fs_dbg@stdlib@lib2d@modules@UModSys@@YAXXZ 1002d660 f    CIL library: CIL module
 0001:0002c677       ??__F?s_modreg@RModuleReg@stdlib@lib2d@modules@UModSys@@2U12345@A@@YAXXZ 1002d677 f    CIL library: CIL module
 0001:0002c682       ??__F?s_modreg_chain@RModuleReg@stdlib@lib2d@modules@UModSys@@2USModuleRegChain@base@5@A@@YAXXZ 1002d682 f    CIL library: CIL module
 0001:0002c68c       ??__F?s_uid@RGenerator@stdlib@lib2d@modules@UModSys@@2USUniquePointer@core@5@A@@YAXXZ 1002d68c f    CIL library: CIL module
 0001:0002c696       ??__Fh@?1??s_holder@RGenerator@stdlib@lib2d@modules@UModSys@@SAAAU?$TTypeStaticHolder@URGenerator@stdlib@lib2d@modules@UModSys@@@tl@5@XZ@YAXXZ 1002d696 f    CIL library: CIL module
 0001:0002c6b3       ??__F?s_id@?$TObjectUniqueID@URGenerator@stdlib@lib2d@modules@UModSys@@@tl@UModSys@@2USUniquePointer@core@3@A@@YAXXZ 1002d6b3 f    CIL library: CIL module
 0001:0002c6bd       ??__F?s_id@?$TObjectUniqueID@URMultiImage@stdlib@lib2d@modules@UModSys@@@tl@UModSys@@2USUniquePointer@core@3@A@@YAXXZ 1002d6bd f    CIL library: CIL module
 0001:0002c6c7       ??__F?s_id@?$TObjectUniqueID@URImageFactory_Memory@stdlib@lib2d@modules@UModSys@@@tl@UModSys@@2USUniquePointer@core@3@A@@YAXXZ 1002d6c7 f    CIL library: CIL module
 0001:0002c6d1       ??__F?s_id@?$TObjectUniqueID@URImage_Memory@stdlib@lib2d@modules@UModSys@@@tl@UModSys@@2USUniquePointer@core@3@A@@YAXXZ 1002d6d1 f    CIL library: CIL module
 0001:0002c6db       ??__Fs_dbg@SDL_GL@ui@modules@UModSys@@YAXXZ 1002d6db f    CIL library: CIL module
 0001:0002c6f2       ??__F?s_modreg@RModuleReg@SDL_GL@ui@modules@UModSys@@2U12345@A@@YAXXZ 1002d6f2 f    CIL library: CIL module
 0001:0002c6fd       ??__F?s_modreg_chain@RModuleReg@SDL_GL@ui@modules@UModSys@@2USModuleRegChain@base@5@A@@YAXXZ 1002d6fd f    CIL library: CIL module
 0001:0002c707       ??__F?s_uid@RGenerator@SDL_GL@ui@modules@UModSys@@2USUniquePointer@core@5@A@@YAXXZ 1002d707 f    CIL library: CIL module
 0001:0002c711       ??__Fh@?1??s_holder@RGenerator@SDL_GL@ui@modules@UModSys@@SAAAU?$TTypeStaticHolder@URGenerator@SDL_GL@ui@modules@UModSys@@@tl@5@XZ@YAXXZ 1002d711 f    CIL library: CIL module
 0001:0002c72e       ??__F?s_id@?$TObjectUniqueID@URGenerator@SDL_GL@ui@modules@UModSys@@@tl@UModSys@@2USUniquePointer@core@3@A@@YAXXZ 1002d72e f    CIL library: CIL module
 0001:0002c738       ??__F?s_id@?$TObjectUniqueID@URVertexArray@SDL_GL@ui@modules@UModSys@@@tl@UModSys@@2USUniquePointer@core@3@A@@YAXXZ 1002d738 f    CIL library: CIL module
 0001:0002c742       ??__F?s_id@?$TObjectUniqueID@URTerminalX@SDL_GL@ui@modules@UModSys@@@tl@UModSys@@2USUniquePointer@core@3@A@@YAXXZ 1002d742 f    CIL library: CIL module
 0001:0002c74c       ??__F?s_id@?$TObjectUniqueID@URRenderDriver3D@SDL_GL@ui@modules@UModSys@@@tl@UModSys@@2USUniquePointer@core@3@A@@YAXXZ 1002d74c f    CIL library: CIL module
 0001:0002c756       ??__F?s_id@?$TObjectUniqueID@URMultiImage2D_SDL_ttf@SDL_GL@ui@modules@UModSys@@@tl@UModSys@@2USUniquePointer@core@3@A@@YAXXZ 1002d756 f    CIL library: CIL module
 0001:0002c760       ??__F?s_id@?$TObjectUniqueID@URTerminal@SDL_GL@ui@modules@UModSys@@@tl@UModSys@@2USUniquePointer@core@3@A@@YAXXZ 1002d760 f    CIL library: CIL module
 0001:0002c76a       ??__F?s_id@?$TObjectUniqueID@URMouseController@SDL_GL@ui@modules@UModSys@@@tl@UModSys@@2USUniquePointer@core@3@A@@YAXXZ 1002d76a f    CIL library: CIL module
 0001:0002c774       ??__F?s_id@?$TObjectUniqueID@URKeyboardController@SDL_GL@ui@modules@UModSys@@@tl@UModSys@@2USUniquePointer@core@3@A@@YAXXZ 1002d774 f    CIL library: CIL module
 0001:0002c77e       ??__Fs_dbg@SDL_core@ui@modules@UModSys@@YAXXZ 1002d77e f    CIL library: CIL module
 0001:0002c795       ??__F?s_modreg@RModuleReg@SDL_core@ui@modules@UModSys@@2U12345@A@@YAXXZ 1002d795 f    CIL library: CIL module
 0001:0002c7a0       ??__F?s_modreg_chain@RModuleReg@SDL_core@ui@modules@UModSys@@2USModuleRegChain@base@5@A@@YAXXZ 1002d7a0 f    CIL library: CIL module
 0001:0002c7aa       ??__F?s_uid@RGenerator@SDL_core@ui@modules@UModSys@@2USUniquePointer@core@5@A@@YAXXZ 1002d7aa f    CIL library: CIL module
 0001:0002c7b4       ??__Fh@?1??s_holder@RGenerator@SDL_core@ui@modules@UModSys@@SAAAU?$TTypeStaticHolder@URGenerator@SDL_core@ui@modules@UModSys@@@tl@5@XZ@YAXXZ 1002d7b4 f    CIL library: CIL module
 0001:0002c7d1       ??__F?s_id@?$TObjectUniqueID@URGenerator@SDL_core@ui@modules@UModSys@@@tl@UModSys@@2USUniquePointer@core@3@A@@YAXXZ 1002d7d1 f    CIL library: CIL module
 0001:0002c7db       ??__F?s_id@?$TObjectUniqueID@URTerminalX@SDL_core@ui@modules@UModSys@@@tl@UModSys@@2USUniquePointer@core@3@A@@YAXXZ 1002d7db f    CIL library: CIL module
 0001:0002c7e5       ??__F?s_id@?$TObjectUniqueID@URRenderDriver2D@SDL_core@ui@modules@UModSys@@@tl@UModSys@@2USUniquePointer@core@3@A@@YAXXZ 1002d7e5 f    CIL library: CIL module
 0001:0002c7ef       ??__F?s_id@?$TObjectUniqueID@URMultiImage2D_SDL_ttf@SDL_core@ui@modules@UModSys@@@tl@UModSys@@2USUniquePointer@core@3@A@@YAXXZ 1002d7ef f    CIL library: CIL module
 0001:0002c7f9       ??__F?s_id@?$TObjectUniqueID@URTerminal@SDL_core@ui@modules@UModSys@@@tl@UModSys@@2USUniquePointer@core@3@A@@YAXXZ 1002d7f9 f    CIL library: CIL module
 0001:0002c803       ??__F?s_id@?$TObjectUniqueID@URMouseController@SDL_core@ui@modules@UModSys@@@tl@UModSys@@2USUniquePointer@core@3@A@@YAXXZ 1002d803 f    CIL library: CIL module
 0001:0002c80d       ??__F?s_id@?$TObjectUniqueID@URKeyboardController@SDL_core@ui@modules@UModSys@@@tl@UModSys@@2USUniquePointer@core@3@A@@YAXXZ 1002d80d f    CIL library: CIL module
 0001:0002c817       ??__Fs_dbg@frames@ui@modules@UModSys@@YAXXZ 1002d817 f    CIL library: CIL module
 0001:0002c82e       ??__F?s_modreg@RModuleReg@frames@ui@modules@UModSys@@2U12345@A@@YAXXZ 1002d82e f    CIL library: CIL module
 0001:0002c839       ??__F?s_modreg_chain@RModuleReg@frames@ui@modules@UModSys@@2USModuleRegChain@base@5@A@@YAXXZ 1002d839 f    CIL library: CIL module
 0001:0002c843       ??__F?s_uid@RGenerator@frames@ui@modules@UModSys@@2USUniquePointer@core@5@A@@YAXXZ 1002d843 f    CIL library: CIL module
 0001:0002c84d       ??__Fh@?1??s_holder@RGenerator@frames@ui@modules@UModSys@@SAAAU?$TTypeStaticHolder@URGenerator@frames@ui@modules@UModSys@@@tl@5@XZ@YAXXZ 1002d84d f    CIL library: CIL module
 0001:0002c86a       ??__F?s_id@?$TObjectUniqueID@URGenerator@frames@ui@modules@UModSys@@@tl@UModSys@@2USUniquePointer@core@3@A@@YAXXZ 1002d86a f    CIL library: CIL module
 0001:0002c874       ??__F?s_id@?$TObjectUniqueID@URCollector@frames@ui@modules@UModSys@@@tl@UModSys@@2USUniquePointer@core@3@A@@YAXXZ 1002d874 f    CIL library: CIL module
 0001:0002c87e       ??__F?s_id@?$TObjectUniqueID@URFrame_List@frames@ui@modules@UModSys@@@tl@UModSys@@2USUniquePointer@core@3@A@@YAXXZ 1002d87e f    CIL library: CIL module
 0001:0002c888       ??__F?s_id@?$TObjectUniqueID@URFrame_Edit@frames@ui@modules@UModSys@@@tl@UModSys@@2USUniquePointer@core@3@A@@YAXXZ 1002d888 f    CIL library: CIL module
 0001:0002c892       ??__F?s_id@?$TObjectUniqueID@URFrame_Button@frames@ui@modules@UModSys@@@tl@UModSys@@2USUniquePointer@core@3@A@@YAXXZ 1002d892 f    CIL library: CIL module
 0001:0002c89c       ??__F?s_id@?$TObjectUniqueID@URFrame_Text@frames@ui@modules@UModSys@@@tl@UModSys@@2USUniquePointer@core@3@A@@YAXXZ 1002d89c f    CIL library: CIL module
 0001:0002c8a6       ??__F?s_id@?$TObjectUniqueID@URFrame_Image@frames@ui@modules@UModSys@@@tl@UModSys@@2USUniquePointer@core@3@A@@YAXXZ 1002d8a6 f    CIL library: CIL module
 0001:0002c8b0       ??__F?s_id@?$TObjectUniqueID@URFrame_Frame@frames@ui@modules@UModSys@@@tl@UModSys@@2USUniquePointer@core@3@A@@YAXXZ 1002d8b0 f    CIL library: CIL module
 0001:0002c8ba       ??__F?s_id@?$TObjectUniqueID@URDialog@frames@ui@modules@UModSys@@@tl@UModSys@@2USUniquePointer@core@3@A@@YAXXZ 1002d8ba f    CIL library: CIL module
 0001:0002c8c4       ??__F?s_id@?$TObjectUniqueID@URFrame_Common@frames@ui@modules@UModSys@@@tl@UModSys@@2USUniquePointer@core@3@A@@YAXXZ 1002d8c4 f    CIL library: CIL module
 0001:0002c8ce       ??__Fs_dbg@images_std@media@modules@UModSys@@YAXXZ 1002d8ce f    CIL library: CIL module
 0001:0002c8e5       ??__F?s_modreg@RModuleReg@images_std@media@modules@UModSys@@2U12345@A@@YAXXZ 1002d8e5 f    CIL library: CIL module
 0001:0002c8f0       ??__F?s_modreg_chain@RModuleReg@images_std@media@modules@UModSys@@2USModuleRegChain@base@5@A@@YAXXZ 1002d8f0 f    CIL library: CIL module
 0001:0002c8fa       ??__F?s_uid@RGenerator@images_std@media@modules@UModSys@@2USUniquePointer@core@5@A@@YAXXZ 1002d8fa f    CIL library: CIL module
 0001:0002c904       ??__Fh@?1??s_holder@RGenerator@images_std@media@modules@UModSys@@SAAAU?$TTypeStaticHolder@URGenerator@images_std@media@modules@UModSys@@@tl@5@XZ@YAXXZ 1002d904 f    CIL library: CIL module
 0001:0002c921       ??__F?s_id@?$TObjectUniqueID@URGenerator@images_std@media@modules@UModSys@@@tl@UModSys@@2USUniquePointer@core@3@A@@YAXXZ 1002d921 f    CIL library: CIL module
 0001:0002c92b       ??__F?s_id@?$TObjectUniqueID@URMediaFilter@images_std@media@modules@UModSys@@@tl@UModSys@@2USUniquePointer@core@3@A@@YAXXZ 1002d92b f    CIL library: CIL module
 0001:0002c935       ??__Fs_dbg@serialize_json@media@modules@UModSys@@YAXXZ 1002d935 f    CIL library: CIL module
 0001:0002c94c       ??__F?s_modreg@RModuleReg@serialize_json@media@modules@UModSys@@2U12345@A@@YAXXZ 1002d94c f    CIL library: CIL module
 0001:0002c957       ??__F?s_modreg_chain@RModuleReg@serialize_json@media@modules@UModSys@@2USModuleRegChain@base@5@A@@YAXXZ 1002d957 f    CIL library: CIL module
 0001:0002c961       ??__F?s_uid@RGenerator@serialize_json@media@modules@UModSys@@2USUniquePointer@core@5@A@@YAXXZ 1002d961 f    CIL library: CIL module
 0001:0002c96b       ??__Fh@?1??s_holder@RGenerator@serialize_json@media@modules@UModSys@@SAAAU?$TTypeStaticHolder@URGenerator@serialize_json@media@modules@UModSys@@@tl@5@XZ@YAXXZ 1002d96b f    CIL library: CIL module
 0001:0002c988       ??__F?s_id@?$TObjectUniqueID@URGenerator@serialize_json@media@modules@UModSys@@@tl@UModSys@@2USUniquePointer@core@3@A@@YAXXZ 1002d988 f    CIL library: CIL module
 0001:0002c992       ??__F?s_id@?$TObjectUniqueID@URSerializeWriter@serialize_json@media@modules@UModSys@@@tl@UModSys@@2USUniquePointer@core@3@A@@YAXXZ 1002d992 f    CIL library: CIL module
 0001:0002c99c       ??__F?s_id@?$TObjectUniqueID@URSerializeReader@serialize_json@media@modules@UModSys@@@tl@UModSys@@2USUniquePointer@core@3@A@@YAXXZ 1002d99c f    CIL library: CIL module
 0001:0002c9a6       ??__Fs_dbg@zlib@media@modules@UModSys@@YAXXZ 1002d9a6 f    CIL library: CIL module
 0001:0002c9bd       ??__F?s_modreg@RModuleReg@zlib@media@modules@UModSys@@2U12345@A@@YAXXZ 1002d9bd f    CIL library: CIL module
 0001:0002c9c8       ??__F?s_modreg_chain@RModuleReg@zlib@media@modules@UModSys@@2USModuleRegChain@base@5@A@@YAXXZ 1002d9c8 f    CIL library: CIL module
 0001:0002c9d2       ??__F?s_uid@RGenerator@zlib@media@modules@UModSys@@2USUniquePointer@core@5@A@@YAXXZ 1002d9d2 f    CIL library: CIL module
 0001:0002c9dc       ??__Fh@?1??s_holder@RGenerator@zlib@media@modules@UModSys@@SAAAU?$TTypeStaticHolder@URGenerator@zlib@media@modules@UModSys@@@tl@5@XZ@YAXXZ 1002d9dc f    CIL library: CIL module
 0001:0002c9f9       ??__F?s_id@?$TObjectUniqueID@URGenerator@zlib@media@modules@UModSys@@@tl@UModSys@@2USUniquePointer@core@3@A@@YAXXZ 1002d9f9 f    CIL library: CIL module
 0001:0002ca03       ??__F?s_id@?$TObjectUniqueID@URBinArchiveFrameClient_ZIP@zlib@media@modules@UModSys@@@tl@UModSys@@2USUniquePointer@core@3@A@@YAXXZ 1002da03 f    CIL library: CIL module
 0001:0002ca0d       ??__FM@UModSys@@YAXXZ      1002da0d f    CIL library: CIL module
 0001:0002ca0e       ??__F?root@SModuleRegChain@base@UModSys@@2U123@A@@YAXXZ 1002da0e f    CIL library: CIL module
 0001:0002ca18       ??__F?s_library@RModuleLibraryReg_Chain@base@UModSys@@2U123@A@@YAXXZ 1002da18 f    CIL library: CIL module
 0001:0002ca23       ??__F?root@SUniquePointer@core@UModSys@@2U123@A@@YAXXZ 1002da23 f    CIL library: CIL module

 Exports

  ordinal    name

        1    _UModSys_Plugin_Entry2@0
