 plugin_test1

 Timestamp is 527a566c (Wed Nov 06 17:47:08 2013)

 Preferred load address is 10000000

 Start         Length     Name                   Class
 0001:00000000 00003f67H .text                   CODE
 0001:00003f67 000001c1H .text$x                 CODE
 0001:00004128 00000771H .text$yc                CODE
 0001:00004899 00000296H .text$yd                CODE
 0002:00000000 0000017cH .idata$5                DATA
 0002:0000017c 00000004H .CRT$XCA                DATA
 0002:00000180 00000364H .CRT$XCU                DATA
 0002:000004e4 00000004H .CRT$XCZ                DATA
 0002:000004e8 00000004H .CRT$XIA                DATA
 0002:000004ec 00000004H .CRT$XIAA               DATA
 0002:000004f0 00000004H .CRT$XIC                DATA
 0002:000004f4 00000004H .CRT$XIZ                DATA
 0002:000004f8 00001000H .rdata                  DATA
 0002:000014f8 00000818H .rdata$r                DATA
 0002:00001d10 00000048H .rdata$sxdata           DATA
 0002:00001d58 00000004H .rtc$IAA                DATA
 0002:00001d5c 00000004H .rtc$IZZ                DATA
 0002:00001d60 00000004H .rtc$TAA                DATA
 0002:00001d64 00000004H .rtc$TZZ                DATA
 0002:00001d68 00000414H .xdata$x                DATA
 0002:0000217c 00000064H .idata$2                DATA
 0002:000021e0 00000014H .idata$3                DATA
 0002:000021f4 0000017cH .idata$4                DATA
 0002:00002370 0000071aH .idata$6                DATA
 0002:00002a90 0000005cH .edata                  DATA
 0003:00000000 000005c0H .data                   DATA
 0003:000005c0 0000090cH .bss                    DATA

  Address         Publics by Value              Rva+Base       Lib:Object

 0000:00000000       __except_list              00000000     <absolute>
 0000:00000012       ___safe_se_handler_count   00000012     <absolute>
 0000:00009876       __ldused                   00009876     <absolute>
 0000:00009876       __fltused                  00009876     <absolute>
 0000:00000000       ___ImageBase               10000000     <linker-defined>
 0001:00000000       ?new_data@SMemorySharedData@core@UModSys@@SAPAU123@IPBUSSourceContext@23@@Z 10001000 f i plugin_test1.obj
 0001:00000024       ??1SMemShared@core@UModSys@@QAE@XZ 10001024 f i plugin_test1.obj
 0001:00000030       ?get@SMemShared@core@UModSys@@QBE?AUSMem@23@XZ 10001030 f i umodsys_lib_libmedia:umodsys.mod.media.images_std.obj
 0001:00000030       ??BSCMemShared@core@UModSys@@QBE?AUSCMem@12@XZ 10001030 f i plugin_test1.obj
 0001:00000060       ??6SUniquePtrList@core@UModSys@@QAEAAU012@PBUSUniquePointerInfo@12@@Z 10001060 f i plugin_test1.obj
 0001:00000091       ??3IRoot@core@UModSys@@SAXPAXABUSIMemAlloc@12@@Z 10001091 f i plugin_test1.obj
 0001:000000aa       ?_root_get_other_interface@IRefObject@core@UModSys@@IAEPAUIRoot@23@PBUSUniquePointerInfo@23@@Z 100010aa f i plugin_test1.obj
 0001:000000aa       ?_root_get_other_interface@IRefObject@core@UModSys@@IBEPBUIRoot@23@PBUSUniquePointerInfo@23@@Z 100010aa f i plugin_test1.obj
 0001:000000cb       ?_root_get_interface_types@IRefObject@core@UModSys@@SAIAAUSUniquePtrList@23@@Z 100010cb f i plugin_test1.obj
 0001:000000eb       ?_root_is_interface_supported@IRefObject@core@UModSys@@SA_NPBUSUniquePointerInfo@23@@Z 100010eb f i plugin_test1.obj
 0001:00000102       ??1?$TParametersA@$0EAA@@core@UModSys@@QAE@XZ 10001102 f i plugin_test1.obj
 0001:00000102       ??1SParameters@core@UModSys@@QAE@XZ 10001102 f i plugin_test1.obj
 0001:0000010f       ?_root_get_other_interface@IGenerator@base@UModSys@@IBEPBUIRoot@core@3@PBUSUniquePointerInfo@53@@Z 1000110f f i plugin_test1.obj
 0001:0000010f       ?_root_get_other_interface@IGenerator@base@UModSys@@IAEPAUIRoot@core@3@PBUSUniquePointerInfo@53@@Z 1000110f f i plugin_test1.obj
 0001:0000012b       ?_root_is_interface_supported@IGenerator@base@UModSys@@SA_NPBUSUniquePointerInfo@core@3@@Z 1000112b f i plugin_test1.obj
 0001:0000014b       ?root_get_interface_info@RTest1_Shell@test1@test@modules@UModSys@@UBEABUSUniquePointerInfo@core@5@XZ 1000114b f i plugin_test1.obj
 0001:00000151       ?root_get_interface_type@RTest1_Shell@test1@test@modules@UModSys@@UBEPBUSUniquePointerInfo@core@5@XZ 10001151 f i plugin_test1.obj
 0001:00000157       ?root_get_other_interface@RTest1_Shell@test1@test@modules@UModSys@@UBEPBUIRoot@core@5@PBUSUniquePointerInfo@75@@Z 10001157 f i plugin_test1.obj
 0001:00000157       ?root_get_other_interface@RTest1_Shell@test1@test@modules@UModSys@@UAEPAUIRoot@core@5@PBUSUniquePointerInfo@75@@Z 10001157 f i plugin_test1.obj
 0001:00000178       ?root_is_interface_supported@RTest1_Shell@test1@test@modules@UModSys@@UBE_NPBUSUniquePointerInfo@core@5@@Z 10001178 f i plugin_test1.obj
 0001:0000019f       ?suicide@RTest1_Shell@test1@test@modules@UModSys@@UAEXXZ 1000119f f i plugin_test1.obj
 0001:0000019f       ?suicide@RTerminal_SDL_core@SDL_core@ui@modules@UModSys@@UAEXXZ 1000119f f i umodsys_lib_libui:umodsys.mod.ui.SDL_core.obj
 0001:0000019f       ?suicide@RMultiImage2D_SDL_ttf@SDL_core@ui@modules@UModSys@@UAEXXZ 1000119f f i umodsys_lib_libui:umodsys.mod.ui.SDL_core.obj
 0001:000001e6       ??0RTest1_Shell@test1@test@modules@UModSys@@QAE@PAUIModObject@base@4@@Z 100011e6 f i plugin_test1.obj
 0001:000002af       ?connect@RTest1_Shell@test1@test@modules@UModSys@@UAE_NXZ 100012af f i plugin_test1.obj
 0001:000002c7       ?disconnect@RTest1_Shell@test1@test@modules@UModSys@@UAE_NXZ 100012c7 f i plugin_test1.obj
 0001:000002df       ?process_tick@RTest1_Shell@test1@test@modules@UModSys@@UAE_NABUSTimeMsec@core@5@@Z 100012df f i plugin_test1.obj
 0001:0000030a       ?process_command@RTest1_Shell@test1@test@modules@UModSys@@UAE_NHQBU?$TString@U?$TSCoreConst@D@su@tl@UModSys@@U?$TComparerBinaryHash@D@234@@tl@5@@Z 1000130a f i plugin_test1.obj
 0001:00000328       ??_GRTest1_Shell@test1@test@modules@UModSys@@UAEPAXI@Z 10001328 f i plugin_test1.obj
 0001:00000328       ??_ERTest1_Shell@test1@test@modules@UModSys@@UAEPAXI@Z 10001328 f i  CIL library: CIL module
 0001:000003a5       ?ui_newterm@RTest1_Shell@test1@test@modules@UModSys@@QAE?AU?$TRefObject@UITerminal@libui@UModSys@@U?$TRefObjectFunc@UITerminal@libui@UModSys@@@tl@3@@tl@5@ABU?$TString@U?$TSCoreConst@D@su@tl@UModSys@@U?$TComparerBinaryHash@D@234@@75@ABUSParameters@core@5@@Z 100013a5 f   plugin_test1.obj
 0001:00000483       ?ui_newfont@RTest1_Shell@test1@test@modules@UModSys@@QAE?AU?$TRefObject@UIMultiImage@lib2d@UModSys@@U?$TRefObjectFunc@UIMultiImage@lib2d@UModSys@@@tl@3@@tl@5@ABU?$TString@U?$TSCoreConst@D@su@tl@UModSys@@U?$TComparerBinaryHash@D@234@@75@ABUSParameters@core@5@@Z 10001483 f   plugin_test1.obj
 0001:00000561       ?ui_test1@RTest1_Shell@test1@test@modules@UModSys@@QAEXXZ 10001561 f   plugin_test1.obj
 0001:00000984       ?get_generated_names@RGenerator@test1@test@modules@UModSys@@UBEHAAUSUniquePtrList@core@5@@Z 10001984 f i plugin_test1.obj
 0001:0000099d       ?get_generated_types@RGenerator@test1@test@modules@UModSys@@UBEHAAUSUniquePtrList@core@5@PBUSUniquePointerInfo@75@@Z 1000199d f i plugin_test1.obj
 0001:000009d1       ?generate@RGenerator@test1@test@modules@UModSys@@UAE_NAAU?$TRefObject@UIRefObject@core@UModSys@@U?$TRefObjectFunc@UIRefObject@core@UModSys@@@tl@3@@tl@5@PBUSUniquePointerInfo@core@5@ABUSParameters@95@@Z 100019d1 f i plugin_test1.obj
 0001:00000a53       ?root_get_interface_info@RGenerator@test1@test@modules@UModSys@@UBEABUSUniquePointerInfo@core@5@XZ 10001a53 f i plugin_test1.obj
 0001:00000a59       ?root_get_interface_type@RGenerator@test1@test@modules@UModSys@@UBEPBUSUniquePointerInfo@core@5@XZ 10001a59 f i plugin_test1.obj
 0001:00000a5f       ?root_get_other_interface@RGenerator@test1@test@modules@UModSys@@UAEPAUIRoot@core@5@PBUSUniquePointerInfo@75@@Z 10001a5f f i plugin_test1.obj
 0001:00000a5f       ?root_get_other_interface@RGenerator@test1@test@modules@UModSys@@UBEPBUIRoot@core@5@PBUSUniquePointerInfo@75@@Z 10001a5f f i plugin_test1.obj
 0001:00000a78       ?root_is_interface_supported@RGenerator@test1@test@modules@UModSys@@UBE_NPBUSUniquePointerInfo@core@5@@Z 10001a78 f i plugin_test1.obj
 0001:00000a97       ?ref_remove@RGenerator@images_std@media@modules@UModSys@@UBEXXZ 10001a97 f i umodsys_lib_libmedia:umodsys.mod.media.images_std.obj
 0001:00000a97       ?ref_remove@RGenerator@test1@test@modules@UModSys@@UBEXXZ 10001a97 f i plugin_test1.obj
 0001:00000a97       ?ref_remove@RRenderDriver2D_SDL_core@SDL_core@ui@modules@UModSys@@UBEXXZ 10001a97 f i umodsys_lib_libui:umodsys.mod.ui.SDL_core.obj
 0001:00000a97       ?ref_remove@RMultiImage2D_SDL_ttf@SDL_core@ui@modules@UModSys@@UBEXXZ 10001a97 f i umodsys_lib_libui:umodsys.mod.ui.SDL_core.obj
 0001:00000a97       ?ref_remove@RTest1_Shell@test1@test@modules@UModSys@@UBEXXZ 10001a97 f i plugin_test1.obj
 0001:00000a97       ?ref_remove@RGenerator@SDL_core@ui@modules@UModSys@@UBEXXZ 10001a97 f i umodsys_lib_libui:umodsys.mod.ui.SDL_core.obj
 0001:00000a97       ?ref_remove@RTerminal_SDL_core@SDL_core@ui@modules@UModSys@@UBEXXZ 10001a97 f i umodsys_lib_libui:umodsys.mod.ui.SDL_core.obj
 0001:00000aa2       ?get_uid@RGenerator@test1@test@modules@UModSys@@UBEPBUSUniquePointerInfo@core@5@XZ 10001aa2 f i plugin_test1.obj
 0001:00000aa8       ?do_open@RModuleReg@test1@test@modules@UModSys@@UAE_NXZ 10001aa8 f i plugin_test1.obj
 0001:00000b06       ?do_close@RModuleReg@test1@test@modules@UModSys@@UAE_NXZ 10001b06 f i plugin_test1.obj
 0001:00000b55       ?get_module@RGenerator@test1@test@modules@UModSys@@UBEPAUIModule@base@5@XZ 10001b55 f   plugin_test1.obj
 0001:00000b5b       ?mod_inc@RGenerator@test1@test@modules@UModSys@@UBE_NXZ 10001b5b f   plugin_test1.obj
 0001:00000b66       ?mod_dec@RGenerator@test1@test@modules@UModSys@@UBE_NXZ 10001b66 f   plugin_test1.obj
 0001:00000b71       ?s_holder@RGenerator@test1@test@modules@UModSys@@SAAAU?$TTypeStaticHolder@URGenerator@test1@test@modules@UModSys@@@tl@5@XZ 10001b71 f   plugin_test1.obj
 0001:00000ba3       ??0?$TString@U?$TSCoreConst@D@su@tl@UModSys@@U?$TComparerBinaryHash@D@234@@tl@UModSys@@QAE@PBD@Z 10001ba3 f i plugin_test1.obj
 0001:00000bbd       ??4?$TRefObject@UIRefObject@core@UModSys@@U?$TRefObjectFunc@UIRefObject@core@UModSys@@@tl@3@@tl@UModSys@@QAEABU012@PAUIRefObject@core@2@@Z 10001bbd f i plugin_test1.obj
 0001:00000bd8       ??0?$TParametersA@$0EAA@@core@UModSys@@QAE@XZ 10001bd8 f i plugin_test1.obj
 0001:00000c07       ?set@?$TString@U?$TSCoreConst@D@su@tl@UModSys@@U?$TComparerBinaryHash@D@234@@tl@UModSys@@QAEXPBD@Z 10001c07 f i plugin_test1.obj
 0001:00000c30       ??_ERGenerator@test1@test@modules@UModSys@@UAEPAXI@Z 10001c30 f i  CIL library: CIL module
 0001:00000c30       ??_ERGenerator@images_std@media@modules@UModSys@@UAEPAXI@Z 10001c30 f i  CIL library: CIL module
 0001:00000c30       ??_ERGenerator@SDL_core@ui@modules@UModSys@@UAEPAXI@Z 10001c30 f i  CIL library: CIL module
 0001:00000c30       ??_EIRoot@core@UModSys@@UAEPAXI@Z 10001c30 f i  CIL library: CIL module
 0001:00000c30       ??_GIRoot@core@UModSys@@UAEPAXI@Z 10001c30 f i plugin_test1.obj
 0001:00000c30       ??_GRGenerator@test1@test@modules@UModSys@@UAEPAXI@Z 10001c30 f i plugin_test1.obj
 0001:00000c30       ??_GRGenerator@SDL_core@ui@modules@UModSys@@UAEPAXI@Z 10001c30 f i umodsys_lib_libui:umodsys.mod.ui.SDL_core.obj
 0001:00000c30       ??_GRGenerator@images_std@media@modules@UModSys@@UAEPAXI@Z 10001c30 f i umodsys_lib_libmedia:umodsys.mod.media.images_std.obj
 0001:00000c4d       ?update@?$TComparerBinaryHash@D@su@tl@UModSys@@QAEXPBDI@Z 10001c4d f i plugin_test1.obj
 0001:00000c79       ??$t_generate@UITerminal@libui@UModSys@@@SModuleContext@base@UModSys@@QAE_NAAU?$TRefObject@UITerminal@libui@UModSys@@U?$TRefObjectFunc@UITerminal@libui@UModSys@@@tl@3@@tl@2@PBUSUniquePointerInfo@core@2@ABUSParameters@62@@Z 10001c79 f i plugin_test1.obj
 0001:00000d15       ??$t_generate@UIMultiImage@lib2d@UModSys@@@SModuleContext@base@UModSys@@QAE_NAAU?$TRefObject@UIMultiImage@lib2d@UModSys@@U?$TRefObjectFunc@UIMultiImage@lib2d@UModSys@@@tl@3@@tl@2@PBUSUniquePointerInfo@core@2@ABUSParameters@62@@Z 10001d15 f i plugin_test1.obj
 0001:00000db1       ??$t_create_handler@UIRenderDriver@lib2d@UModSys@@@ITerminal@libui@UModSys@@QAE_NAAU?$TRefObject@UIRenderDriver@lib2d@UModSys@@U?$TRefObjectFunc@UIRenderDriver@lib2d@UModSys@@@tl@3@@tl@2@PBDPBUSParameters@core@2@@Z 10001db1 f i plugin_test1.obj
 0001:00000e35       ??1?$TRefObject@UIModObject@base@UModSys@@U?$TModObjectFunc@UIModObject@base@UModSys@@@tl@3@@tl@UModSys@@QAE@XZ 10001e35 f i plugin_test1.obj
 0001:00000e4b       ?s_init@?$TModObjectFunc@UIModObject@base@UModSys@@@tl@UModSys@@SAXAAPAUIModObject@base@3@PAU453@@Z 10001e4b f i plugin_test1.obj
 0001:00000e64       ?remove@WeakPointer@IRefObject@core@UModSys@@QAEXXZ 10001e64 f i umodsys_lib_libui:umodsys.mod.ui.SDL_core.obj
 0001:00000e8a       ?root_get_interface_info@RMultiImage2D_SDL_ttf@SDL_core@ui@modules@UModSys@@UBEABUSUniquePointerInfo@core@5@XZ 10001e8a f i umodsys_lib_libui:umodsys.mod.ui.SDL_core.obj
 0001:00000e90       ?root_get_interface_type@RMultiImage2D_SDL_ttf@SDL_core@ui@modules@UModSys@@UBEPBUSUniquePointerInfo@core@5@XZ 10001e90 f i umodsys_lib_libui:umodsys.mod.ui.SDL_core.obj
 0001:00000e96       ?root_get_other_interface@RMultiImage2D_SDL_ttf@SDL_core@ui@modules@UModSys@@UAEPAUIRoot@core@5@PBUSUniquePointerInfo@75@@Z 10001e96 f i umodsys_lib_libui:umodsys.mod.ui.SDL_core.obj
 0001:00000e96       ?root_get_other_interface@RMultiImage2D_SDL_ttf@SDL_core@ui@modules@UModSys@@UBEPBUIRoot@core@5@PBUSUniquePointerInfo@75@@Z 10001e96 f i umodsys_lib_libui:umodsys.mod.ui.SDL_core.obj
 0001:00000eb7       ?root_is_interface_supported@RMultiImage2D_SDL_ttf@SDL_core@ui@modules@UModSys@@UBE_NPBUSUniquePointerInfo@core@5@@Z 10001eb7 f i umodsys_lib_libui:umodsys.mod.ui.SDL_core.obj
 0001:00000ede       ?ref_weak@RGenerator@test1@test@modules@UModSys@@UBE_NAAUWeakPointer@IRefObject@core@5@@Z 10001ede f i plugin_test1.obj
 0001:00000ede       ?ref_weak@RTerminal_SDL_core@SDL_core@ui@modules@UModSys@@UBE_NAAUWeakPointer@IRefObject@core@5@@Z 10001ede f i umodsys_lib_libui:umodsys.mod.ui.SDL_core.obj
 0001:00000ede       ?ref_weak@RGenerator@SDL_core@ui@modules@UModSys@@UBE_NAAUWeakPointer@IRefObject@core@5@@Z 10001ede f i umodsys_lib_libui:umodsys.mod.ui.SDL_core.obj
 0001:00000ede       ?ref_weak@RGenerator@images_std@media@modules@UModSys@@UBE_NAAUWeakPointer@IRefObject@core@5@@Z 10001ede f i umodsys_lib_libmedia:umodsys.mod.media.images_std.obj
 0001:00000ede       ?ref_weak@RTest1_Shell@test1@test@modules@UModSys@@UBE_NAAUWeakPointer@IRefObject@core@5@@Z 10001ede f i plugin_test1.obj
 0001:00000ede       ?ref_weak@RMultiImage2D_SDL_ttf@SDL_core@ui@modules@UModSys@@UBE_NAAUWeakPointer@IRefObject@core@5@@Z 10001ede f i umodsys_lib_libui:umodsys.mod.ui.SDL_core.obj
 0001:00000ede       ?ref_weak@RRenderDriver2D_SDL_core@SDL_core@ui@modules@UModSys@@UBE_NAAUWeakPointer@IRefObject@core@5@@Z 10001ede f i umodsys_lib_libui:umodsys.mod.ui.SDL_core.obj
 0001:00000efd       ??0RMultiImage2D_SDL_ttf@SDL_core@ui@modules@UModSys@@QAE@PAUIModObject@base@4@ABUSParameters@core@4@@Z 10001efd f i umodsys_lib_libui:umodsys.mod.ui.SDL_core.obj
 0001:00000f52       ?open@RMultiImage2D_SDL_ttf@SDL_core@ui@modules@UModSys@@QAE_NABUSParameters@core@5@@Z 10001f52 f i umodsys_lib_libui:umodsys.mod.ui.SDL_core.obj
 0001:00000fc3       ?get_controller@RRenderDriver2D_SDL_core@SDL_core@ui@modules@UModSys@@UBEPAUIRefObject@core@5@PBUSUniquePointerInfo@75@@Z 10001fc3 f i umodsys_lib_libui:umodsys.mod.ui.SDL_core.obj
 0001:00000fc3       ?get_layer@RMultiImage2D_SDL_ttf@SDL_core@ui@modules@UModSys@@UAEPAUIImage@lib2d@5@H@Z 10001fc3 f i umodsys_lib_libui:umodsys.mod.ui.SDL_core.obj
 0001:00000fc8       ?get_max_cell_size@RMultiImage2D_SDL_ttf@SDL_core@ui@modules@UModSys@@UAE_NAAU?$TVector2@H@math3d@5@@Z 10001fc8 f i umodsys_lib_libui:umodsys.mod.ui.SDL_core.obj
 0001:00000fc8       ?set_layer_count@RMultiImage2D_SDL_ttf@SDL_core@ui@modules@UModSys@@UAE_NH@Z 10001fc8 f i umodsys_lib_libui:umodsys.mod.ui.SDL_core.obj
 0001:00000fcd       ?get_cell_size@RMultiImage2D_SDL_ttf@SDL_core@ui@modules@UModSys@@UAE_NHAAU?$TVector2@H@math3d@5@PAU675@@Z 10001fcd f i umodsys_lib_libui:umodsys.mod.ui.SDL_core.obj
 0001:00000fcd       ?set_var_cell@RMultiImage2D_SDL_ttf@SDL_core@ui@modules@UModSys@@UAE_NPBUSImageCellInfo@lib2d@5@HH@Z 10001fcd f i umodsys_lib_libui:umodsys.mod.ui.SDL_core.obj
 0001:00000fd2       ??_GRMultiImage2D_SDL_ttf@SDL_core@ui@modules@UModSys@@UAEPAXI@Z 10001fd2 f i umodsys_lib_libui:umodsys.mod.ui.SDL_core.obj
 0001:00000fd2       ??_ERMultiImage2D_SDL_ttf@SDL_core@ui@modules@UModSys@@UAEPAXI@Z 10001fd2 f i  CIL library: CIL module
 0001:00001007       ??1ITerminal@libui@UModSys@@UAE@XZ 10002007 f i umodsys_lib_libui:umodsys.mod.ui.SDL_core.obj
 0001:00001007       ??1IShell@base@UModSys@@UAE@XZ 10002007 f i plugin_test1.obj
 0001:00001007       ??1IBinObjFilter@libmedia@UModSys@@UAE@XZ 10002007 f i plugin_test1.obj
 0001:00001007       ??1IMultiImage@lib2d@UModSys@@UAE@XZ 10002007 f i umodsys_lib_libui:umodsys.mod.ui.SDL_core.obj
 0001:00001007       ??1IRenderDriver@lib2d@UModSys@@UAE@XZ 10002007 f i umodsys_lib_libui:umodsys.mod.ui.SDL_core.obj
 0001:0000100e       ?root_get_interface_info@RRenderDriver2D_SDL_core@SDL_core@ui@modules@UModSys@@UBEABUSUniquePointerInfo@core@5@XZ 1000200e f i umodsys_lib_libui:umodsys.mod.ui.SDL_core.obj
 0001:00001014       ?root_get_interface_type@RRenderDriver2D_SDL_core@SDL_core@ui@modules@UModSys@@UBEPBUSUniquePointerInfo@core@5@XZ 10002014 f i umodsys_lib_libui:umodsys.mod.ui.SDL_core.obj
 0001:0000101a       ?root_get_interface_types@RGenerator@test1@test@modules@UModSys@@UBEIAAUSUniquePtrList@core@5@@Z 1000201a f i plugin_test1.obj
 0001:0000101a       ?root_get_interface_types@RMultiImage2D_SDL_ttf@SDL_core@ui@modules@UModSys@@UBEIAAUSUniquePtrList@core@5@@Z 1000201a f i umodsys_lib_libui:umodsys.mod.ui.SDL_core.obj
 0001:0000101a       ?root_get_interface_types@RTerminal_SDL_core@SDL_core@ui@modules@UModSys@@UBEIAAUSUniquePtrList@core@5@@Z 1000201a f i umodsys_lib_libui:umodsys.mod.ui.SDL_core.obj
 0001:0000101a       ?root_get_interface_types@RMediaFilter@images_std@media@modules@UModSys@@UBEIAAUSUniquePtrList@core@5@@Z 1000201a f i umodsys_lib_libmedia:umodsys.mod.media.images_std.obj
 0001:0000101a       ?root_get_interface_types@RGenerator@images_std@media@modules@UModSys@@UBEIAAUSUniquePtrList@core@5@@Z 1000201a f i umodsys_lib_libmedia:umodsys.mod.media.images_std.obj
 0001:0000101a       ?root_get_interface_types@RTest1_Shell@test1@test@modules@UModSys@@UBEIAAUSUniquePtrList@core@5@@Z 1000201a f i plugin_test1.obj
 0001:0000101a       ?root_get_interface_types@RRenderDriver2D_SDL_core@SDL_core@ui@modules@UModSys@@UBEIAAUSUniquePtrList@core@5@@Z 1000201a f i umodsys_lib_libui:umodsys.mod.ui.SDL_core.obj
 0001:0000101a       ?root_get_interface_types@RGenerator@SDL_core@ui@modules@UModSys@@UBEIAAUSUniquePtrList@core@5@@Z 1000201a f i umodsys_lib_libui:umodsys.mod.ui.SDL_core.obj
 0001:0000101f       ?root_get_other_interface@RRenderDriver2D_SDL_core@SDL_core@ui@modules@UModSys@@UAEPAUIRoot@core@5@PBUSUniquePointerInfo@75@@Z 1000201f f i umodsys_lib_libui:umodsys.mod.ui.SDL_core.obj
 0001:0000101f       ?root_get_other_interface@RRenderDriver2D_SDL_core@SDL_core@ui@modules@UModSys@@UBEPBUIRoot@core@5@PBUSUniquePointerInfo@75@@Z 1000201f f i umodsys_lib_libui:umodsys.mod.ui.SDL_core.obj
 0001:00001040       ?root_is_interface_supported@RRenderDriver2D_SDL_core@SDL_core@ui@modules@UModSys@@UBE_NPBUSUniquePointerInfo@core@5@@Z 10002040 f i umodsys_lib_libui:umodsys.mod.ui.SDL_core.obj
 0001:00001067       ?ref_links@RRenderDriver2D_SDL_core@SDL_core@ui@modules@UModSys@@UBEHXZ 10002067 f i umodsys_lib_libui:umodsys.mod.ui.SDL_core.obj
 0001:00001067       ?ref_links@RMultiImage2D_SDL_ttf@SDL_core@ui@modules@UModSys@@UBEHXZ 10002067 f i umodsys_lib_libui:umodsys.mod.ui.SDL_core.obj
 0001:00001067       ?ref_links@RGenerator@images_std@media@modules@UModSys@@UBEHXZ 10002067 f i umodsys_lib_libmedia:umodsys.mod.media.images_std.obj
 0001:00001067       ?ref_links@RTerminal_SDL_core@SDL_core@ui@modules@UModSys@@UBEHXZ 10002067 f i umodsys_lib_libui:umodsys.mod.ui.SDL_core.obj
 0001:00001067       ?ref_links@RGenerator@test1@test@modules@UModSys@@UBEHXZ 10002067 f i plugin_test1.obj
 0001:00001067       ?ref_links@RGenerator@SDL_core@ui@modules@UModSys@@UBEHXZ 10002067 f i umodsys_lib_libui:umodsys.mod.ui.SDL_core.obj
 0001:00001067       ?ref_links@RTest1_Shell@test1@test@modules@UModSys@@UBEHXZ 10002067 f i plugin_test1.obj
 0001:0000106b       ?suicide@RRenderDriver2D_SDL_core@SDL_core@ui@modules@UModSys@@UAEXXZ 1000206b f i umodsys_lib_libui:umodsys.mod.ui.SDL_core.obj
 0001:000010ab       ??0RRenderDriver2D_SDL_core@SDL_core@ui@modules@UModSys@@QAE@PAURTerminal_SDL_core@1234@ABUSParameters@core@4@@Z 100020ab f i umodsys_lib_libui:umodsys.mod.ui.SDL_core.obj
 0001:0000112a       ?close@RRenderDriver2D_SDL_core@SDL_core@ui@modules@UModSys@@QAEXXZ 1000212a f i umodsys_lib_libui:umodsys.mod.ui.SDL_core.obj
 0001:0000114f       ?open@RRenderDriver2D_SDL_core@SDL_core@ui@modules@UModSys@@QAE_NABUSParameters@core@5@@Z 1000214f f i umodsys_lib_libui:umodsys.mod.ui.SDL_core.obj
 0001:00001231       ?set_color@RRenderDriver2D_SDL_core@SDL_core@ui@modules@UModSys@@QAEXXZ 10002231 f i umodsys_lib_libui:umodsys.mod.ui.SDL_core.obj
 0001:00001294       ?begin@RRenderDriver2D_SDL_core@SDL_core@ui@modules@UModSys@@UAEXXZ 10002294 f i umodsys_lib_libui:umodsys.mod.ui.SDL_core.obj
 0001:000012f1       ?end@RRenderDriver2D_SDL_core@SDL_core@ui@modules@UModSys@@UAEXXZ 100022f1 f i umodsys_lib_libui:umodsys.mod.ui.SDL_core.obj
 0001:00001300       ?get_max_values@RRenderDriver2D_SDL_core@SDL_core@ui@modules@UModSys@@UBEPBUSParameters@core@5@XZ 10002300 f i umodsys_lib_libui:umodsys.mod.ui.SDL_core.obj
 0001:00001300       ?get_frame_values@RRenderDriver2D_SDL_core@SDL_core@ui@modules@UModSys@@UBEPBUSParameters@core@5@XZ 10002300 f i umodsys_lib_libui:umodsys.mod.ui.SDL_core.obj
 0001:00001303       ?setup_font@RRenderDriver2D_SDL_core@SDL_core@ui@modules@UModSys@@UAE_NPAUIMultiImage@lib2d@5@PBU?$TVector2@M@math3d@5@@Z 10002303 f i umodsys_lib_libui:umodsys.mod.ui.SDL_core.obj
 0001:0000135e       ?setup_color@RRenderDriver2D_SDL_core@SDL_core@ui@modules@UModSys@@UAEXABU?$TVector3@M@math3d@5@@Z 1000235e f i umodsys_lib_libui:umodsys.mod.ui.SDL_core.obj
 0001:00001385       ?setup_color@RRenderDriver2D_SDL_core@SDL_core@ui@modules@UModSys@@UAEXABU?$TVector3@H@math3d@5@@Z 10002385 f i umodsys_lib_libui:umodsys.mod.ui.SDL_core.obj
 0001:000013c8       ?setup_coloralpha@RRenderDriver2D_SDL_core@SDL_core@ui@modules@UModSys@@UAEXABU?$TVector4@M@math3d@5@H@Z 100023c8 f i umodsys_lib_libui:umodsys.mod.ui.SDL_core.obj
 0001:000013ee       ?setup_coloralpha@RRenderDriver2D_SDL_core@SDL_core@ui@modules@UModSys@@UAEXABU?$TVector4@H@math3d@5@H@Z 100023ee f i umodsys_lib_libui:umodsys.mod.ui.SDL_core.obj
 0001:00001446       ?setup_blendcolor@RRenderDriver2D_SDL_core@SDL_core@ui@modules@UModSys@@UAEXABUSBlendColor@lib2d@5@@Z 10002446 f i umodsys_lib_libui:umodsys.mod.ui.SDL_core.obj
 0001:0000149e       ?setup_blendcolor@RRenderDriver2D_SDL_core@SDL_core@ui@modules@UModSys@@UAEXABUSBlendColorf@lib2d@5@@Z 1000249e f i umodsys_lib_libui:umodsys.mod.ui.SDL_core.obj
 0001:000014e0       ?setup_alpha@RRenderDriver2D_SDL_core@SDL_core@ui@modules@UModSys@@UAEXHH@Z 100024e0 f i umodsys_lib_libui:umodsys.mod.ui.SDL_core.obj
 0001:00001506       ?setup_alpha@RRenderDriver2D_SDL_core@SDL_core@ui@modules@UModSys@@UAEXMH@Z 10002506 f i umodsys_lib_libui:umodsys.mod.ui.SDL_core.obj
 0001:00001526       ?render_text_advanced@RRenderDriver2D_SDL_core@SDL_core@ui@modules@UModSys@@UAE_NAAUTextInfo@IRenderDriver@lib2d@5@PBHH@Z 10002526 f i umodsys_lib_libui:umodsys.mod.ui.SDL_core.obj
 0001:00001648       ?render_box@RRenderDriver2D_SDL_core@SDL_core@ui@modules@UModSys@@UAEXABU?$TVector2@H@math3d@5@0@Z 10002648 f i umodsys_lib_libui:umodsys.mod.ui.SDL_core.obj
 0001:00001695       ?render_tri@RRenderDriver2D_SDL_core@SDL_core@ui@modules@UModSys@@UAEXABU?$TVector2@H@math3d@5@00@Z 10002695 f i umodsys_lib_libui:umodsys.mod.ui.SDL_core.obj
 0001:00001698       ?render_quad@RRenderDriver2D_SDL_core@SDL_core@ui@modules@UModSys@@UAEXABU?$TVector2@H@math3d@5@000@Z 10002698 f i umodsys_lib_libui:umodsys.mod.ui.SDL_core.obj
 0001:0000169b       ?render_box@RRenderDriver2D_SDL_core@SDL_core@ui@modules@UModSys@@UAEXPAUIImage@lib2d@5@ABU?$TVector2@H@math3d@5@1ABU?$TVector2@M@95@2@Z 1000269b f i umodsys_lib_libui:umodsys.mod.ui.SDL_core.obj
 0001:0000169e       ?render_line@RRenderDriver2D_SDL_core@SDL_core@ui@modules@UModSys@@UAEXABU?$TVector2@H@math3d@5@0@Z 1000269e f i umodsys_lib_libui:umodsys.mod.ui.SDL_core.obj
 0001:000016c3       ?render_rect@RRenderDriver2D_SDL_core@SDL_core@ui@modules@UModSys@@UAEXABU?$TVector2@H@math3d@5@0@Z 100026c3 f i umodsys_lib_libui:umodsys.mod.ui.SDL_core.obj
 0001:00001710       ??_ERRenderDriver2D_SDL_core@SDL_core@ui@modules@UModSys@@UAEPAXI@Z 10002710 f i  CIL library: CIL module
 0001:00001710       ??_GRRenderDriver2D_SDL_core@SDL_core@ui@modules@UModSys@@UAEPAXI@Z 10002710 f i umodsys_lib_libui:umodsys.mod.ui.SDL_core.obj
 0001:00001764       ?root_get_interface_info@RTerminal_SDL_core@SDL_core@ui@modules@UModSys@@UBEABUSUniquePointerInfo@core@5@XZ 10002764 f i umodsys_lib_libui:umodsys.mod.ui.SDL_core.obj
 0001:0000176a       ?root_get_interface_type@RTerminal_SDL_core@SDL_core@ui@modules@UModSys@@UBEPBUSUniquePointerInfo@core@5@XZ 1000276a f i umodsys_lib_libui:umodsys.mod.ui.SDL_core.obj
 0001:00001770       ?root_get_other_interface@RTerminal_SDL_core@SDL_core@ui@modules@UModSys@@UBEPBUIRoot@core@5@PBUSUniquePointerInfo@75@@Z 10002770 f i umodsys_lib_libui:umodsys.mod.ui.SDL_core.obj
 0001:00001770       ?root_get_other_interface@RTerminal_SDL_core@SDL_core@ui@modules@UModSys@@UAEPAUIRoot@core@5@PBUSUniquePointerInfo@75@@Z 10002770 f i umodsys_lib_libui:umodsys.mod.ui.SDL_core.obj
 0001:00001791       ?root_is_interface_supported@RTerminal_SDL_core@SDL_core@ui@modules@UModSys@@UBE_NPBUSUniquePointerInfo@core@5@@Z 10002791 f i umodsys_lib_libui:umodsys.mod.ui.SDL_core.obj
 0001:000017b8       ??0RTerminal_SDL_core@SDL_core@ui@modules@UModSys@@QAE@PAUIModObject@base@4@ABUSParameters@core@4@@Z 100027b8 f i umodsys_lib_libui:umodsys.mod.ui.SDL_core.obj
 0001:00001819       ?poll_events@RTerminal_SDL_core@SDL_core@ui@modules@UModSys@@UAE_NH@Z 10002819 f i umodsys_lib_libui:umodsys.mod.ui.SDL_core.obj
 0001:0000189c       ?get_terminal_state@RTerminal_SDL_core@SDL_core@ui@modules@UModSys@@UAE_NW4eTerminalState@libui@5@@Z 1000289c f i umodsys_lib_libui:umodsys.mod.ui.SDL_core.obj
 0001:000018b3       ?set_terminal_state@RTerminal_SDL_core@SDL_core@ui@modules@UModSys@@UAE_NW4eTerminalState@libui@5@_N@Z 100028b3 f i umodsys_lib_libui:umodsys.mod.ui.SDL_core.obj
 0001:000018f4       ?get_clock@RTerminal_SDL_core@SDL_core@ui@modules@UModSys@@UAENXZ 100028f4 f i umodsys_lib_libui:umodsys.mod.ui.SDL_core.obj
 0001:0000190c       ?wait@RTerminal_SDL_core@SDL_core@ui@modules@UModSys@@UAE_NM@Z 1000290c f i umodsys_lib_libui:umodsys.mod.ui.SDL_core.obj
 0001:00001927       ?get_count@RTerminal_SDL_core@SDL_core@ui@modules@UModSys@@UBEIPBUSUniquePointerInfo@core@5@@Z 10002927 f i umodsys_lib_libui:umodsys.mod.ui.SDL_core.obj
 0001:00001942       ?get_handler@RTerminal_SDL_core@SDL_core@ui@modules@UModSys@@UBEPAUIRefObject@core@5@PBUSUniquePointerInfo@75@I@Z 10002942 f i umodsys_lib_libui:umodsys.mod.ui.SDL_core.obj
 0001:00001962       ?get_handler@RTerminal_SDL_core@SDL_core@ui@modules@UModSys@@UBEPAUIRefObject@core@5@PBUSUniquePointerInfo@75@PBD@Z 10002962 f i umodsys_lib_libui:umodsys.mod.ui.SDL_core.obj
 0001:00001962       ?get_friend_handler@RTerminal_SDL_core@SDL_core@ui@modules@UModSys@@UBEPAUIRefObject@core@5@PBUSUniquePointerInfo@75@PAU675@@Z 10002962 f i umodsys_lib_libui:umodsys.mod.ui.SDL_core.obj
 0001:00001967       ?create_handler@RTerminal_SDL_core@SDL_core@ui@modules@UModSys@@UAE_NPBUSUniquePointerInfo@core@5@AAU?$TRefObject@UIRefObject@core@UModSys@@U?$TRefObjectFunc@UIRefObject@core@UModSys@@@tl@3@@tl@5@PBDPBUSParameters@75@@Z 10002967 f i umodsys_lib_libui:umodsys.mod.ui.SDL_core.obj
 0001:00001a30       ??_GRTerminal_SDL_core@SDL_core@ui@modules@UModSys@@UAEPAXI@Z 10002a30 f i umodsys_lib_libui:umodsys.mod.ui.SDL_core.obj
 0001:00001a30       ??_ERTerminal_SDL_core@SDL_core@ui@modules@UModSys@@UAEPAXI@Z 10002a30 f i  CIL library: CIL module
 0001:00001a90       ?get_terminal@RRenderDriver2D_SDL_core@SDL_core@ui@modules@UModSys@@UBEPAUITerminal@libui@5@XZ 10002a90 f   umodsys_lib_libui:umodsys.mod.ui.SDL_core.obj
 0001:00001a94       ?get_generated_names@RGenerator@SDL_core@ui@modules@UModSys@@UBEHAAUSUniquePtrList@core@5@@Z 10002a94 f i umodsys_lib_libui:umodsys.mod.ui.SDL_core.obj
 0001:00001ab8       ?get_generated_types@RGenerator@SDL_core@ui@modules@UModSys@@UBEHAAUSUniquePtrList@core@5@PBUSUniquePointerInfo@75@@Z 10002ab8 f i umodsys_lib_libui:umodsys.mod.ui.SDL_core.obj
 0001:00001b07       ?generate@RGenerator@SDL_core@ui@modules@UModSys@@UAE_NAAU?$TRefObject@UIRefObject@core@UModSys@@U?$TRefObjectFunc@UIRefObject@core@UModSys@@@tl@3@@tl@5@PBUSUniquePointerInfo@core@5@ABUSParameters@95@@Z 10002b07 f i umodsys_lib_libui:umodsys.mod.ui.SDL_core.obj
 0001:00001b56       ?root_get_interface_info@RGenerator@SDL_core@ui@modules@UModSys@@UBEABUSUniquePointerInfo@core@5@XZ 10002b56 f i umodsys_lib_libui:umodsys.mod.ui.SDL_core.obj
 0001:00001b5c       ?root_get_interface_type@RGenerator@SDL_core@ui@modules@UModSys@@UBEPBUSUniquePointerInfo@core@5@XZ 10002b5c f i umodsys_lib_libui:umodsys.mod.ui.SDL_core.obj
 0001:00001b62       ?root_get_other_interface@RGenerator@SDL_core@ui@modules@UModSys@@UAEPAUIRoot@core@5@PBUSUniquePointerInfo@75@@Z 10002b62 f i umodsys_lib_libui:umodsys.mod.ui.SDL_core.obj
 0001:00001b62       ?root_get_other_interface@RGenerator@SDL_core@ui@modules@UModSys@@UBEPBUIRoot@core@5@PBUSUniquePointerInfo@75@@Z 10002b62 f i umodsys_lib_libui:umodsys.mod.ui.SDL_core.obj
 0001:00001b7b       ?root_is_interface_supported@RGenerator@SDL_core@ui@modules@UModSys@@UBE_NPBUSUniquePointerInfo@core@5@@Z 10002b7b f i umodsys_lib_libui:umodsys.mod.ui.SDL_core.obj
 0001:00001b9a       ?get_uid@RGenerator@SDL_core@ui@modules@UModSys@@UBEPBUSUniquePointerInfo@core@5@XZ 10002b9a f i umodsys_lib_libui:umodsys.mod.ui.SDL_core.obj
 0001:00001ba0       ?do_open@RModuleReg@SDL_core@ui@modules@UModSys@@UAE_NXZ 10002ba0 f i umodsys_lib_libui:umodsys.mod.ui.SDL_core.obj
 0001:00001bee       ?do_close@RModuleReg@SDL_core@ui@modules@UModSys@@UAE_NXZ 10002bee f i umodsys_lib_libui:umodsys.mod.ui.SDL_core.obj
 0001:00001c29       ?get_module@RGenerator@SDL_core@ui@modules@UModSys@@UBEPAUIModule@base@5@XZ 10002c29 f   umodsys_lib_libui:umodsys.mod.ui.SDL_core.obj
 0001:00001c2f       ?mod_inc@RGenerator@SDL_core@ui@modules@UModSys@@UBE_NXZ 10002c2f f   umodsys_lib_libui:umodsys.mod.ui.SDL_core.obj
 0001:00001c3a       ?mod_dec@RGenerator@SDL_core@ui@modules@UModSys@@UBE_NXZ 10002c3a f   umodsys_lib_libui:umodsys.mod.ui.SDL_core.obj
 0001:00001c45       ?s_holder@RGenerator@SDL_core@ui@modules@UModSys@@SAAAU?$TTypeStaticHolder@URGenerator@SDL_core@ui@modules@UModSys@@@tl@5@XZ 10002c45 f   umodsys_lib_libui:umodsys.mod.ui.SDL_core.obj
 0001:00001c77       ??$t_close@U?$TRefObject@URRenderDriver2D_SDL_core@SDL_core@ui@modules@UModSys@@U?$TRefObjectWeakFunc@URRenderDriver2D_SDL_core@SDL_core@ui@modules@UModSys@@@tl@5@@tl@UModSys@@@SDL_core@ui@modules@UModSys@@YA_NAAU?$TScatterArray@U?$TRefObject@URRenderDriver2D_SDL_core@SDL_core@ui@modules@UModSys@@U?$TRefObjectWeakFunc@URRenderDriver2D_SDL_core@SDL_core@ui@modules@UModSys@@@tl@5@@tl@UModSys@@HU?$TScalarCompare@H@core@3@U?$TNodeDeleter0@U?$TScatterArrayNode@U?$TRefObject@URRenderDriver2D_SDL_core@SDL_core@ui@modules@UModSys@@U?$TRefObjectWeakFunc@URRenderDriver2D_SDL_core@SDL_core@ui@modules@UModSys@@@tl@5@@tl@UModSys@@H@tl@UModSys@@@23@@tl@3@@Z 10002c77 f i umodsys_lib_libui:umodsys.mod.ui.SDL_core.obj
 0001:00001cd0       ??$t_count@U?$TRefObject@URRenderDriver2D_SDL_core@SDL_core@ui@modules@UModSys@@U?$TRefObjectWeakFunc@URRenderDriver2D_SDL_core@SDL_core@ui@modules@UModSys@@@tl@5@@tl@UModSys@@@SDL_core@ui@modules@UModSys@@YAIABU?$TScatterArray@U?$TRefObject@URRenderDriver2D_SDL_core@SDL_core@ui@modules@UModSys@@U?$TRefObjectWeakFunc@URRenderDriver2D_SDL_core@SDL_core@ui@modules@UModSys@@@tl@5@@tl@UModSys@@HU?$TScalarCompare@H@core@3@U?$TNodeDeleter0@U?$TScatterArrayNode@U?$TRefObject@URRenderDriver2D_SDL_core@SDL_core@ui@modules@UModSys@@U?$TRefObjectWeakFunc@URRenderDriver2D_SDL_core@SDL_core@ui@modules@UModSys@@@tl@5@@tl@UModSys@@H@tl@UModSys@@@23@@tl@3@@Z 10002cd0 f i umodsys_lib_libui:umodsys.mod.ui.SDL_core.obj
 0001:00001d1b       ??$t_get@U?$TRefObject@URRenderDriver2D_SDL_core@SDL_core@ui@modules@UModSys@@U?$TRefObjectWeakFunc@URRenderDriver2D_SDL_core@SDL_core@ui@modules@UModSys@@@tl@5@@tl@UModSys@@@SDL_core@ui@modules@UModSys@@YAPAUIRefObject@core@3@ABU?$TScatterArray@U?$TRefObject@URRenderDriver2D_SDL_core@SDL_core@ui@modules@UModSys@@U?$TRefObjectWeakFunc@URRenderDriver2D_SDL_core@SDL_core@ui@modules@UModSys@@@tl@5@@tl@UModSys@@HU?$TScalarCompare@H@core@3@U?$TNodeDeleter0@U?$TScatterArrayNode@U?$TRefObject@URRenderDriver2D_SDL_core@SDL_core@ui@modules@UModSys@@U?$TRefObjectWeakFunc@URRenderDriver2D_SDL_core@SDL_core@ui@modules@UModSys@@@tl@5@@tl@UModSys@@H@tl@UModSys@@@23@@tl@3@I@Z 10002d1b f i umodsys_lib_libui:umodsys.mod.ui.SDL_core.obj
 0001:00001d7a       ??$ValidateConstruction@UIRefObject@core@UModSys@@URRenderDriver2D_SDL_core@SDL_core@ui@modules@3@@core@UModSys@@YA_NAAU?$TRefObject@UIRefObject@core@UModSys@@U?$TRefObjectFunc@UIRefObject@core@UModSys@@@tl@3@@tl@1@U?$TRefObject@URRenderDriver2D_SDL_core@SDL_core@ui@modules@UModSys@@U?$TRefObjectFunc@URRenderDriver2D_SDL_core@SDL_core@ui@modules@UModSys@@@tl@5@@31@@Z 10002d7a f i umodsys_lib_libui:umodsys.mod.ui.SDL_core.obj
 0001:00001dd1       ??$t_add@U?$TRefObject@URRenderDriver2D_SDL_core@SDL_core@ui@modules@UModSys@@U?$TRefObjectWeakFunc@URRenderDriver2D_SDL_core@SDL_core@ui@modules@UModSys@@@tl@5@@tl@UModSys@@URRenderDriver2D_SDL_core@SDL_core@ui@modules@3@@SDL_core@ui@modules@UModSys@@YA_NAAU?$TScatterArray@U?$TRefObject@URRenderDriver2D_SDL_core@SDL_core@ui@modules@UModSys@@U?$TRefObjectWeakFunc@URRenderDriver2D_SDL_core@SDL_core@ui@modules@UModSys@@@tl@5@@tl@UModSys@@HU?$TScalarCompare@H@core@3@U?$TNodeDeleter0@U?$TScatterArrayNode@U?$TRefObject@URRenderDriver2D_SDL_core@SDL_core@ui@modules@UModSys@@U?$TRefObjectWeakFunc@URRenderDriver2D_SDL_core@SDL_core@ui@modules@UModSys@@@tl@5@@tl@UModSys@@H@tl@UModSys@@@23@@tl@3@PAURRenderDriver2D_SDL_core@0123@@Z 10002dd1 f i umodsys_lib_libui:umodsys.mod.ui.SDL_core.obj
 0001:00001e30       ??$t_gen_param@URTerminal_SDL_core@SDL_core@ui@modules@UModSys@@URGenerator@2345@@IGenerator@base@UModSys@@IAE_NPAURGenerator@SDL_core@ui@modules@2@AAU?$TRefObject@UIRefObject@core@UModSys@@U?$TRefObjectFunc@UIRefObject@core@UModSys@@@tl@3@@tl@2@PBUSUniquePointerInfo@core@2@ABUSParameters@core@2@@Z 10002e30 f i umodsys_lib_libui:umodsys.mod.ui.SDL_core.obj
 0001:00001ec2       ??$t_gen_param@URMultiImage2D_SDL_ttf@SDL_core@ui@modules@UModSys@@URGenerator@2345@@IGenerator@base@UModSys@@IAE_NPAURGenerator@SDL_core@ui@modules@2@AAU?$TRefObject@UIRefObject@core@UModSys@@U?$TRefObjectFunc@UIRefObject@core@UModSys@@@tl@3@@tl@2@PBUSUniquePointerInfo@core@2@ABUSParameters@core@2@@Z 10002ec2 f i umodsys_lib_libui:umodsys.mod.ui.SDL_core.obj
 0001:00001f6a       ??1?$TRefObject@UIMultiImage@lib2d@UModSys@@U?$TRefObjectFunc@UIMultiImage@lib2d@UModSys@@@tl@3@@tl@UModSys@@QAE@XZ 10002f6a f i plugin_test1.obj
 0001:00001f6a       ??1?$TRefObject@UIRenderDriver@lib2d@UModSys@@U?$TRefObjectFunc@UIRenderDriver@lib2d@UModSys@@@tl@3@@tl@UModSys@@QAE@XZ 10002f6a f i plugin_test1.obj
 0001:00001f6a       ??1?$TRefObject@UIRefObject@core@UModSys@@U?$TRefObjectFunc@UIRefObject@core@UModSys@@@tl@3@@tl@UModSys@@QAE@XZ 10002f6a f i plugin_test1.obj
 0001:00001f6a       ??1?$TRefObject@URMultiImage2D_SDL_ttf@SDL_core@ui@modules@UModSys@@U?$TRefObjectFunc@URMultiImage2D_SDL_ttf@SDL_core@ui@modules@UModSys@@@tl@5@@tl@UModSys@@QAE@XZ 10002f6a f i umodsys_lib_libui:umodsys.mod.ui.SDL_core.obj
 0001:00001f6a       ??1?$TRefObject@UITerminal@libui@UModSys@@U?$TRefObjectFunc@UITerminal@libui@UModSys@@@tl@3@@tl@UModSys@@QAE@XZ 10002f6a f i plugin_test1.obj
 0001:00001f6a       ??1?$TRefObject@URMediaFilter@images_std@media@modules@UModSys@@U?$TRefObjectFunc@URMediaFilter@images_std@media@modules@UModSys@@@tl@5@@tl@UModSys@@QAE@XZ 10002f6a f i umodsys_lib_libmedia:umodsys.mod.media.images_std.obj
 0001:00001f6a       ??1?$TRefObject@URRenderDriver2D_SDL_core@SDL_core@ui@modules@UModSys@@U?$TRefObjectFunc@URRenderDriver2D_SDL_core@SDL_core@ui@modules@UModSys@@@tl@5@@tl@UModSys@@QAE@XZ 10002f6a f i umodsys_lib_libui:umodsys.mod.ui.SDL_core.obj
 0001:00001f6a       ??1?$TRefObject@URTerminal_SDL_core@SDL_core@ui@modules@UModSys@@U?$TRefObjectFunc@URTerminal_SDL_core@SDL_core@ui@modules@UModSys@@@tl@5@@tl@UModSys@@QAE@XZ 10002f6a f i umodsys_lib_libui:umodsys.mod.ui.SDL_core.obj
 0001:00001f79       ??E?$TTreeIterRB@$$CBU?$TScatterArrayNode@U?$TRefObject@URRenderDriver2D_SDL_core@SDL_core@ui@modules@UModSys@@U?$TRefObjectWeakFunc@URRenderDriver2D_SDL_core@SDL_core@ui@modules@UModSys@@@tl@5@@tl@UModSys@@H@tl@UModSys@@$$CBU?$TPair@HU?$TRefObject@URRenderDriver2D_SDL_core@SDL_core@ui@modules@UModSys@@U?$TRefObjectWeakFunc@URRenderDriver2D_SDL_core@SDL_core@ui@modules@UModSys@@@tl@5@@tl@UModSys@@@23@@tl@UModSys@@QAE?AU012@XZ 10002f79 f i umodsys_lib_libui:umodsys.mod.ui.SDL_core.obj
 0001:00001fa3       ??$process_nodes_r@U?$TNodeDeleter0@U?$TScatterArrayNode@U?$TRefObject@URRenderDriver2D_SDL_core@SDL_core@ui@modules@UModSys@@U?$TRefObjectWeakFunc@URRenderDriver2D_SDL_core@SDL_core@ui@modules@UModSys@@@tl@5@@tl@UModSys@@H@tl@UModSys@@@tl@UModSys@@@?$TTreeHoldRB@U?$TScatterArrayNode@U?$TRefObject@URRenderDriver2D_SDL_core@SDL_core@ui@modules@UModSys@@U?$TRefObjectWeakFunc@URRenderDriver2D_SDL_core@SDL_core@ui@modules@UModSys@@@tl@5@@tl@UModSys@@H@tl@UModSys@@@tl@UModSys@@KAHPAU?$TScatterArrayNode@U?$TRefObject@URRenderDriver2D_SDL_core@SDL_core@ui@modules@UModSys@@U?$TRefObjectWeakFunc@URRenderDriver2D_SDL_core@SDL_core@ui@modules@UModSys@@@tl@5@@tl@UModSys@@H@12@ABU?$TNodeDeleter0@U?$TScatterArrayNode@U?$TRefObject@URRenderDriver2D_SDL_core@SDL_core@ui@modules@UModSys@@U?$TRefObjectWeakFunc@URRenderDriver2D_SDL_core@SDL_core@ui@modules@UModSys@@@tl@5@@tl@UModSys@@H@tl@UModSys@@@12@@Z 10002fa3 f i umodsys_lib_libui:umodsys.mod.ui.SDL_core.obj
 0001:00001fec       ??$genx_node@UCmp@?$TScatterArray@U?$TRefObject@URRenderDriver2D_SDL_core@SDL_core@ui@modules@UModSys@@U?$TRefObjectWeakFunc@URRenderDriver2D_SDL_core@SDL_core@ui@modules@UModSys@@@tl@5@@tl@UModSys@@HU?$TScalarCompare@H@core@3@U?$TNodeDeleter0@U?$TScatterArrayNode@U?$TRefObject@URRenderDriver2D_SDL_core@SDL_core@ui@modules@UModSys@@U?$TRefObjectWeakFunc@URRenderDriver2D_SDL_core@SDL_core@ui@modules@UModSys@@@tl@5@@tl@UModSys@@H@tl@UModSys@@@23@@tl@UModSys@@UGen0@234@@?$TTreeHoldRBD@U?$TScatterArrayNode@U?$TRefObject@URRenderDriver2D_SDL_core@SDL_core@ui@modules@UModSys@@U?$TRefObjectWeakFunc@URRenderDriver2D_SDL_core@SDL_core@ui@modules@UModSys@@@tl@5@@tl@UModSys@@H@tl@UModSys@@U?$TNodeDeleter0@U?$TScatterArrayNode@U?$TRefObject@URRenderDriver2D_SDL_core@SDL_core@ui@modules@UModSys@@U?$TRefObjectWeakFunc@URRenderDriver2D_SDL_core@SDL_core@ui@modules@UModSys@@@tl@5@@tl@UModSys@@H@tl@UModSys@@@23@@tl@UModSys@@QAEPAU?$TScatterArrayNode@U?$TRefObject@URRenderDriver2D_SDL_core@SDL_core@ui@modules@UModSys@@U?$TRefObjectWeakFunc@URRenderDriver2D_SDL_core@SDL_core@ui@modules@UModSys@@@tl@5@@tl@UModSys@@H@12@UCmp@?$TScatterArray@U?$TRefObject@URRenderDriver2D_SDL_core@SDL_core@ui@modules@UModSys@@U?$TRefObjectWeakFunc@URRenderDriver2D_SDL_core@SDL_core@ui@modules@UModSys@@@tl@5@@tl@UModSys@@HU?$TScalarCompare@H@core@3@U?$TNodeDeleter0@U?$TScatterArrayNode@U?$TRefObject@URRenderDriver2D_SDL_core@SDL_core@ui@modules@UModSys@@U?$TRefObjectWeakFunc@URRenderDriver2D_SDL_core@SDL_core@ui@modules@UModSys@@@tl@5@@tl@UModSys@@H@tl@UModSys@@@23@@12@ABUGen0@512@PAPAU312@2_N@Z 10002fec f i umodsys_lib_libui:umodsys.mod.ui.SDL_core.obj
 0001:0000207b       ?sub_insert_node@?$TTreeHoldRB@U?$TScatterArrayNode@U?$TRefObject@URRenderDriver2D_SDL_core@SDL_core@ui@modules@UModSys@@U?$TRefObjectWeakFunc@URRenderDriver2D_SDL_core@SDL_core@ui@modules@UModSys@@@tl@5@@tl@UModSys@@H@tl@UModSys@@@tl@UModSys@@QAEXPAU?$TScatterArrayNode@U?$TRefObject@URRenderDriver2D_SDL_core@SDL_core@ui@modules@UModSys@@U?$TRefObjectWeakFunc@URRenderDriver2D_SDL_core@SDL_core@ui@modules@UModSys@@@tl@5@@tl@UModSys@@H@23@0H@Z 1000307b f i umodsys_lib_libui:umodsys.mod.ui.SDL_core.obj
 0001:000020c9       ??0?$TScatterArrayNode@U?$TRefObject@URRenderDriver2D_SDL_core@SDL_core@ui@modules@UModSys@@U?$TRefObjectWeakFunc@URRenderDriver2D_SDL_core@SDL_core@ui@modules@UModSys@@@tl@5@@tl@UModSys@@H@tl@UModSys@@QAE@ABH@Z 100030c9 f i umodsys_lib_libui:umodsys.mod.ui.SDL_core.obj
 0001:00002110       ??1?$TRefObject@URRenderDriver2D_SDL_core@SDL_core@ui@modules@UModSys@@U?$TRefObjectWeakFunc@URRenderDriver2D_SDL_core@SDL_core@ui@modules@UModSys@@@tl@5@@tl@UModSys@@QAE@XZ 10003110 f i umodsys_lib_libui:umodsys.mod.ui.SDL_core.obj
 0001:00002115       ?insert_color@?$TTreeHoldRB@U?$TScatterArrayNode@U?$TRefObject@URRenderDriver2D_SDL_core@SDL_core@ui@modules@UModSys@@U?$TRefObjectWeakFunc@URRenderDriver2D_SDL_core@SDL_core@ui@modules@UModSys@@@tl@5@@tl@UModSys@@H@tl@UModSys@@@tl@UModSys@@IAEXPAU?$TScatterArrayNode@U?$TRefObject@URRenderDriver2D_SDL_core@SDL_core@ui@modules@UModSys@@U?$TRefObjectWeakFunc@URRenderDriver2D_SDL_core@SDL_core@ui@modules@UModSys@@@tl@5@@tl@UModSys@@H@23@@Z 10003115 f i umodsys_lib_libui:umodsys.mod.ui.SDL_core.obj
 0001:000021c3       ?rotate_left@?$TTreeHoldRB@U?$TScatterArrayNode@U?$TRefObject@URRenderDriver2D_SDL_core@SDL_core@ui@modules@UModSys@@U?$TRefObjectWeakFunc@URRenderDriver2D_SDL_core@SDL_core@ui@modules@UModSys@@@tl@5@@tl@UModSys@@H@tl@UModSys@@@tl@UModSys@@IAEXPAU?$TScatterArrayNode@U?$TRefObject@URRenderDriver2D_SDL_core@SDL_core@ui@modules@UModSys@@U?$TRefObjectWeakFunc@URRenderDriver2D_SDL_core@SDL_core@ui@modules@UModSys@@@tl@5@@tl@UModSys@@H@23@@Z 100031c3 f i umodsys_lib_libui:umodsys.mod.ui.SDL_core.obj
 0001:00002202       ?rotate_right@?$TTreeHoldRB@U?$TScatterArrayNode@U?$TRefObject@URRenderDriver2D_SDL_core@SDL_core@ui@modules@UModSys@@U?$TRefObjectWeakFunc@URRenderDriver2D_SDL_core@SDL_core@ui@modules@UModSys@@@tl@5@@tl@UModSys@@H@tl@UModSys@@@tl@UModSys@@IAEXPAU?$TScatterArrayNode@U?$TRefObject@URRenderDriver2D_SDL_core@SDL_core@ui@modules@UModSys@@U?$TRefObjectWeakFunc@URRenderDriver2D_SDL_core@SDL_core@ui@modules@UModSys@@@tl@5@@tl@UModSys@@H@23@@Z 10003202 f i umodsys_lib_libui:umodsys.mod.ui.SDL_core.obj
 0001:00002241       ?alloc@SMemShared@core@UModSys@@QAE_NIPAUSSourceContext@23@@Z 10003241 f i umodsys_lib_libmedia:umodsys.mod.media.images_std.obj
 0001:0000226b       ??0SParameters@core@UModSys@@QAE@H@Z 1000326b f i umodsys_lib_libmedia:umodsys.mod.media.images_std.obj
 0001:00002296       ?get@SParameters@core@UModSys@@QBE_NPBDAA_N@Z 10003296 f i umodsys_lib_libmedia:umodsys.mod.media.images_std.obj
 0001:000022cb       ?is_extension_nocase@libmedia@UModSys@@YA_NABU?$TString@U?$TSCoreConst@D@su@tl@UModSys@@U?$TComparerBinaryHash@D@234@@tl@2@0@Z 100032cb f i umodsys_lib_libmedia:umodsys.mod.media.images_std.obj
 0001:000022f9       ?root_get_interface_info@RMediaFilter@images_std@media@modules@UModSys@@UBEABUSUniquePointerInfo@core@5@XZ 100032f9 f i umodsys_lib_libmedia:umodsys.mod.media.images_std.obj
 0001:000022ff       ?root_get_interface_type@RMediaFilter@images_std@media@modules@UModSys@@UBEPBUSUniquePointerInfo@core@5@XZ 100032ff f i umodsys_lib_libmedia:umodsys.mod.media.images_std.obj
 0001:00002305       ?root_get_other_interface@RMediaFilter@images_std@media@modules@UModSys@@UBEPBUIRoot@core@5@PBUSUniquePointerInfo@75@@Z 10003305 f i umodsys_lib_libmedia:umodsys.mod.media.images_std.obj
 0001:00002305       ?root_get_other_interface@RMediaFilter@images_std@media@modules@UModSys@@UAEPAUIRoot@core@5@PBUSUniquePointerInfo@75@@Z 10003305 f i umodsys_lib_libmedia:umodsys.mod.media.images_std.obj
 0001:00002326       ?root_is_interface_supported@RMediaFilter@images_std@media@modules@UModSys@@UBE_NPBUSUniquePointerInfo@core@5@@Z 10003326 f i umodsys_lib_libmedia:umodsys.mod.media.images_std.obj
 0001:0000234d       ?ref_add@RMediaFilter@images_std@media@modules@UModSys@@UBEXXZ 1000334d f i umodsys_lib_libmedia:umodsys.mod.media.images_std.obj
 0001:00002351       ?ref_remove@RMediaFilter@images_std@media@modules@UModSys@@UBEXXZ 10003351 f i umodsys_lib_libmedia:umodsys.mod.media.images_std.obj
 0001:0000235c       ?ref_links@RMediaFilter@images_std@media@modules@UModSys@@UBEHXZ 1000335c f i umodsys_lib_libmedia:umodsys.mod.media.images_std.obj
 0001:00002360       ?ref_weak@RMediaFilter@images_std@media@modules@UModSys@@UBE_NAAUWeakPointer@IRefObject@core@5@@Z 10003360 f i umodsys_lib_libmedia:umodsys.mod.media.images_std.obj
 0001:0000237f       ?suicide@RMediaFilter@images_std@media@modules@UModSys@@UAEXXZ 1000337f f i umodsys_lib_libmedia:umodsys.mod.media.images_std.obj
 0001:000023c6       ?get_flag@RMediaFilter@images_std@media@modules@UModSys@@UBE?AW4eStates@?$TFlags4State@USMediaFlagUid@libmedia@UModSys@@I@tl@5@H@Z 100033c6 f i umodsys_lib_libmedia:umodsys.mod.media.images_std.obj
 0001:000023d9       ?get_flags_auto@RMediaFilter@images_std@media@modules@UModSys@@UBE?AU?$TFlags4State@USMediaFlagUid@libmedia@UModSys@@I@tl@5@XZ 100033d9 f i umodsys_lib_libmedia:umodsys.mod.media.images_std.obj
 0001:000023e8       ?set_flag@RMediaFilter@images_std@media@modules@UModSys@@UAE?AW4eStates@?$TFlags4State@USMediaFlagUid@libmedia@UModSys@@I@tl@5@HW46785@@Z 100033e8 f i umodsys_lib_libmedia:umodsys.mod.media.images_std.obj
 0001:00002415       ??0RMediaFilter@images_std@media@modules@UModSys@@QAE@PAUIModObject@base@4@ABUSParameters@core@4@@Z 10003415 f i umodsys_lib_libmedia:umodsys.mod.media.images_std.obj
 0001:00002484       ??_ERMediaFilter@images_std@media@modules@UModSys@@UAEPAXI@Z 10003484 f i  CIL library: CIL module
 0001:00002484       ??_GRMediaFilter@images_std@media@modules@UModSys@@UAEPAXI@Z 10003484 f i umodsys_lib_libmedia:umodsys.mod.media.images_std.obj
 0001:000024ef       ?filter_load@RMediaFilter@images_std@media@modules@UModSys@@UAE_NABUSInfo@IBinObjFilter@libmedia@5@PAUIRefObject@core@5@@Z 100034ef f   umodsys_lib_libmedia:umodsys.mod.media.images_std.obj
 0001:000026d6       ?filter_load@RMediaFilter@images_std@media@modules@UModSys@@UAE_NABUSInfo@IBinObjFilter@libmedia@5@AAU?$TRefObject@UIRefObject@core@UModSys@@U?$TRefObjectFunc@UIRefObject@core@UModSys@@@tl@3@@tl@5@@Z 100036d6 f   umodsys_lib_libmedia:umodsys.mod.media.images_std.obj
 0001:000026d6       ?set_parameters@RRenderDriver2D_SDL_core@SDL_core@ui@modules@UModSys@@UAE_NPBDABUSParameters@core@5@@Z 100036d6 f   umodsys_lib_libui:umodsys.mod.ui.SDL_core.obj
 0001:000026d6       ?set_fixed_cell@RMultiImage2D_SDL_ttf@SDL_core@ui@modules@UModSys@@UAE_NHH@Z 100036d6 f   umodsys_lib_libui:umodsys.mod.ui.SDL_core.obj
 0001:000026d6       ?filter_save@RMediaFilter@images_std@media@modules@UModSys@@UAE_NAAUSInfo@IBinObjFilter@libmedia@5@PBUIRefObject@core@5@@Z 100036d6 f   umodsys_lib_libmedia:umodsys.mod.media.images_std.obj
 0001:000026d6       ?set_hint@RMultiImage2D_SDL_ttf@SDL_core@ui@modules@UModSys@@UAE_NPBD0@Z 100036d6 f   umodsys_lib_libui:umodsys.mod.ui.SDL_core.obj
 0001:00002722       ?loader_jpeg@RMediaFilter@images_std@media@modules@UModSys@@QAE_NPAUIImage@lib2d@5@ABUSInfo@IBinObjFilter@libmedia@5@ABUSParameters@core@5@HPBD_N@Z 10003722 f   umodsys_lib_libmedia:umodsys.mod.media.images_std.obj
 0001:000029a0       ?png_err@RMediaFilter@images_std@media@modules@UModSys@@KAXPAUpng_struct_def@@PBD@Z 100039a0 f   umodsys_lib_libmedia:umodsys.mod.media.images_std.obj
 0001:000029c1       ?png_read@RMediaFilter@images_std@media@modules@UModSys@@KAXPAUpng_struct_def@@PAEI@Z 100039c1 f   umodsys_lib_libmedia:umodsys.mod.media.images_std.obj
 0001:000029fd       ?loader_png@RMediaFilter@images_std@media@modules@UModSys@@QAE_NPAUIImage@lib2d@5@ABUSInfo@IBinObjFilter@libmedia@5@ABUSParameters@core@5@HPBD_N@Z 100039fd f   umodsys_lib_libmedia:umodsys.mod.media.images_std.obj
 0001:00002cab       ?get_generated_names@RGenerator@images_std@media@modules@UModSys@@UBEHAAUSUniquePtrList@core@5@@Z 10003cab f i umodsys_lib_libmedia:umodsys.mod.media.images_std.obj
 0001:00002cc4       ?get_generated_types@RGenerator@images_std@media@modules@UModSys@@UBEHAAUSUniquePtrList@core@5@PBUSUniquePointerInfo@75@@Z 10003cc4 f i umodsys_lib_libmedia:umodsys.mod.media.images_std.obj
 0001:00002cf6       ?generate@RGenerator@images_std@media@modules@UModSys@@UAE_NAAU?$TRefObject@UIRefObject@core@UModSys@@U?$TRefObjectFunc@UIRefObject@core@UModSys@@@tl@3@@tl@5@PBUSUniquePointerInfo@core@5@ABUSParameters@95@@Z 10003cf6 f i umodsys_lib_libmedia:umodsys.mod.media.images_std.obj
 0001:00002d17       ?root_get_interface_info@RGenerator@images_std@media@modules@UModSys@@UBEABUSUniquePointerInfo@core@5@XZ 10003d17 f i umodsys_lib_libmedia:umodsys.mod.media.images_std.obj
 0001:00002d1d       ?root_get_interface_type@RGenerator@images_std@media@modules@UModSys@@UBEPBUSUniquePointerInfo@core@5@XZ 10003d1d f i umodsys_lib_libmedia:umodsys.mod.media.images_std.obj
 0001:00002d23       ?root_get_other_interface@RGenerator@images_std@media@modules@UModSys@@UAEPAUIRoot@core@5@PBUSUniquePointerInfo@75@@Z 10003d23 f i umodsys_lib_libmedia:umodsys.mod.media.images_std.obj
 0001:00002d23       ?root_get_other_interface@RGenerator@images_std@media@modules@UModSys@@UBEPBUIRoot@core@5@PBUSUniquePointerInfo@75@@Z 10003d23 f i umodsys_lib_libmedia:umodsys.mod.media.images_std.obj
 0001:00002d3c       ?root_is_interface_supported@RGenerator@images_std@media@modules@UModSys@@UBE_NPBUSUniquePointerInfo@core@5@@Z 10003d3c f i umodsys_lib_libmedia:umodsys.mod.media.images_std.obj
 0001:00002d5b       ?ref_add@RMultiImage2D_SDL_ttf@SDL_core@ui@modules@UModSys@@UBEXXZ 10003d5b f i umodsys_lib_libui:umodsys.mod.ui.SDL_core.obj
 0001:00002d5b       ?ref_add@RGenerator@images_std@media@modules@UModSys@@UBEXXZ 10003d5b f i umodsys_lib_libmedia:umodsys.mod.media.images_std.obj
 0001:00002d5b       ?ref_add@RTerminal_SDL_core@SDL_core@ui@modules@UModSys@@UBEXXZ 10003d5b f i umodsys_lib_libui:umodsys.mod.ui.SDL_core.obj
 0001:00002d5b       ?ref_add@RGenerator@test1@test@modules@UModSys@@UBEXXZ 10003d5b f i plugin_test1.obj
 0001:00002d5b       ?ref_add@RGenerator@SDL_core@ui@modules@UModSys@@UBEXXZ 10003d5b f i umodsys_lib_libui:umodsys.mod.ui.SDL_core.obj
 0001:00002d5b       ?ref_add@RRenderDriver2D_SDL_core@SDL_core@ui@modules@UModSys@@UBEXXZ 10003d5b f i umodsys_lib_libui:umodsys.mod.ui.SDL_core.obj
 0001:00002d5b       ?ref_add@RTest1_Shell@test1@test@modules@UModSys@@UBEXXZ 10003d5b f i plugin_test1.obj
 0001:00002d5f       ??3@YAXPAX0@Z              10003d5f f i plugin_test1.obj
 0001:00002d5f       ?suicide@RGenerator@test1@test@modules@UModSys@@UAEXXZ 10003d5f f i plugin_test1.obj
 0001:00002d5f       ?suicide@RGenerator@SDL_core@ui@modules@UModSys@@UAEXXZ 10003d5f f i umodsys_lib_libui:umodsys.mod.ui.SDL_core.obj
 0001:00002d5f       ?suicide@RGenerator@images_std@media@modules@UModSys@@UAEXXZ 10003d5f f i umodsys_lib_libmedia:umodsys.mod.media.images_std.obj
 0001:00002d60       ?get_uid@RGenerator@images_std@media@modules@UModSys@@UBEPBUSUniquePointerInfo@core@5@XZ 10003d60 f i umodsys_lib_libmedia:umodsys.mod.media.images_std.obj
 0001:00002d66       ?do_open@RModuleReg@images_std@media@modules@UModSys@@UAE_NXZ 10003d66 f i umodsys_lib_libmedia:umodsys.mod.media.images_std.obj
 0001:00002db4       ?do_close@RModuleReg@images_std@media@modules@UModSys@@UAE_NXZ 10003db4 f i umodsys_lib_libmedia:umodsys.mod.media.images_std.obj
 0001:00002def       ?get_module@RGenerator@images_std@media@modules@UModSys@@UBEPAUIModule@base@5@XZ 10003def f   umodsys_lib_libmedia:umodsys.mod.media.images_std.obj
 0001:00002df5       ?mod_inc@RGenerator@images_std@media@modules@UModSys@@UBE_NXZ 10003df5 f   umodsys_lib_libmedia:umodsys.mod.media.images_std.obj
 0001:00002e00       ?mod_dec@RGenerator@images_std@media@modules@UModSys@@UBE_NXZ 10003e00 f   umodsys_lib_libmedia:umodsys.mod.media.images_std.obj
 0001:00002e0b       ?s_holder@RGenerator@images_std@media@modules@UModSys@@SAAAU?$TTypeStaticHolder@URGenerator@images_std@media@modules@UModSys@@@tl@5@XZ 10003e0b f   umodsys_lib_libmedia:umodsys.mod.media.images_std.obj
 0001:00002e3d       ??$t_gen_param@URMediaFilter@images_std@media@modules@UModSys@@URGenerator@2345@@IGenerator@base@UModSys@@IAE_NPAURGenerator@images_std@media@modules@2@AAU?$TRefObject@UIRefObject@core@UModSys@@U?$TRefObjectFunc@UIRefObject@core@UModSys@@@tl@3@@tl@2@PBUSUniquePointerInfo@core@2@ABUSParameters@core@2@@Z 10003e3d f i umodsys_lib_libmedia:umodsys.mod.media.images_std.obj
 0001:00002ecf       ?Link@SModuleContext@base@UModSys@@QAEXPAUISystem@23@PAUIMemAlloc@core@3@@Z 10003ecf f   umodsys_lib_base:umodsys.base.modulecontext.obj
 0001:00002f1b       ?unlink@SMemorySharedData@core@UModSys@@QAEXPBUSSourceContext@23@@Z 10003f1b f   umodsys_lib_base:umodsys.base.modulecontext.obj
 0001:00002f2b       ??0SModuleRegChain@base@UModSys@@QAE@AAUIModuleReg@12@@Z 10003f2b f   umodsys_lib_base:umodsys.base.moduleregchain.obj
 0001:00002f5a       ??1SUniquePointer@core@UModSys@@QAE@XZ 10003f5a f   umodsys_lib_core:umodsys.core.uniqueptr.obj
 0001:00002f5a       ??1SModuleRegChain@base@UModSys@@QAE@XZ 10003f5a f   umodsys_lib_base:umodsys.base.moduleregchain.obj
 0001:00002f78       ?s_get@SModuleRegChain@base@UModSys@@SAPAUIModuleReg@23@I@Z 10003f78 f   umodsys_lib_base:umodsys.base.moduleregchain.obj
 0001:00002f9c       ?mlr_count@RModuleLibraryReg_Chain@base@UModSys@@UBEIXZ 10003f9c f   umodsys_lib_base:umodsys.base.moduleregchain.obj
 0001:00002faf       ?mlr_get@RModuleLibraryReg_Chain@base@UModSys@@UBEPAUIModuleReg@23@I@Z 10003faf f   umodsys_lib_base:umodsys.base.moduleregchain.obj
 0001:00002fbc       ?mlr_open@RModuleLibraryReg_Chain@base@UModSys@@UAE_NPAUISystem@23@PAUIMemAlloc@core@3@@Z 10003fbc f   umodsys_lib_base:umodsys.base.moduleregchain.obj
 0001:00003019       ?mlr_close@RModuleLibraryReg_Chain@base@UModSys@@UAE_NXZ 10004019 f   umodsys_lib_base:umodsys.base.moduleregchain.obj
 0001:00003076       ?mlr_isopen@RModuleLibraryReg_Chain@base@UModSys@@UBE_NXZ 10004076 f   umodsys_lib_base:umodsys.base.moduleregchain.obj
 0001:00003082       ??_EIModuleLibraryReg@base@UModSys@@UAEPAXI@Z 10004082 f i  CIL library: CIL module
 0001:00003082       ??_GIModuleLibraryReg@base@UModSys@@UAEPAXI@Z 10004082 f i umodsys_lib_base:umodsys.base.modulereg.obj
 0001:00003082       ??_GRModuleLibraryReg_Chain@base@UModSys@@UAEPAXI@Z 10004082 f i umodsys_lib_base:umodsys.base.moduleregchain.obj
 0001:00003082       ??_ERModuleLibraryReg_Chain@base@UModSys@@UAEPAXI@Z 10004082 f i  CIL library: CIL module
 0001:0000309f       _UModSys_Plugin_Entry2@0   1000409f f   umodsys_lib_base:umodsys.so_main.win32.obj
 0001:000030a5       ??_EIModuleReg@base@UModSys@@UAEPAXI@Z 100040a5 f i  CIL library: CIL module
 0001:000030a5       ??_GRModuleReg@images_std@media@modules@UModSys@@UAEPAXI@Z 100040a5 f i umodsys_lib_libmedia:umodsys.mod.media.images_std.obj
 0001:000030a5       ??_ERModuleReg@images_std@media@modules@UModSys@@UAEPAXI@Z 100040a5 f i  CIL library: CIL module
 0001:000030a5       ??_GIModuleReg@base@UModSys@@UAEPAXI@Z 100040a5 f i umodsys_lib_base:umodsys.base.modulereg.obj
 0001:000030a5       ??_GRModuleReg@test1@test@modules@UModSys@@UAEPAXI@Z 100040a5 f i plugin_test1.obj
 0001:000030a5       ??_GRModuleReg@SDL_core@ui@modules@UModSys@@UAEPAXI@Z 100040a5 f i umodsys_lib_libui:umodsys.mod.ui.SDL_core.obj
 0001:000030a5       ??_ERModuleReg@test1@test@modules@UModSys@@UAEPAXI@Z 100040a5 f i  CIL library: CIL module
 0001:000030a5       ??_ERModuleReg@SDL_core@ui@modules@UModSys@@UAEPAXI@Z 100040a5 f i  CIL library: CIL module
 0001:000030c2       ??0IModuleReg@base@UModSys@@QAE@PBDHH0@Z 100040c2 f   umodsys_lib_base:umodsys.base.modulereg.obj
 0001:00003101       ?mr_isopen@IModuleReg@base@UModSys@@UBE_NXZ 10004101 f   umodsys_lib_base:umodsys.base.modulereg.obj
 0001:0000310a       ?mr_open@IModuleReg@base@UModSys@@UAE_NXZ 1000410a f   umodsys_lib_base:umodsys.base.modulereg.obj
 0001:00003125       ?mr_close@IModuleReg@base@UModSys@@UAE_NXZ 10004125 f   umodsys_lib_base:umodsys.base.modulereg.obj
 0001:00003132       ??0SUniquePointer@core@UModSys@@QAE@PBD0H@Z 10004132 f   umodsys_lib_core:umodsys.core.uniqueptr.obj
 0001:00003175       ?suicide@IRoot@core@UModSys@@UAEXXZ 10004175 f   umodsys_lib_core:umodsys.core.objects.obj
 0001:00003180       ??3IRoot@core@UModSys@@SAXPAX@Z 10004180 f   umodsys_lib_core:umodsys.core.objects.obj
 0001:00003199       ?Find@?$TSet@U?$TArray@PBUSUniquePointerInfo@core@UModSys@@@tl@UModSys@@U?$TScalarCompare@PBUSUniquePointerInfo@core@UModSys@@@core@3@@tl@UModSys@@QBEPBQBUSUniquePointerInfo@core@3@ABQBU453@@Z 10004199 f i umodsys_lib_core:umodsys.core.uniqueptrlist.obj
 0001:00003220       ?utf_32to16@su@tl@UModSys@@YAIPA_WIH@Z 10004220 f i umodsys_lib_core:umodsys.tl.utf.obj
 0001:00003292       ?utf_32to16@su@tl@UModSys@@YAIPA_WIPBHI_N@Z 10004292 f   umodsys_lib_core:umodsys.tl.utf.obj
 0001:000032d3       __onexit                   100042d3 f   MSVCRT:atonexit.obj
 0001:00003378       _atexit                    10004378 f   MSVCRT:atonexit.obj
 0001:00003390       __purecall                 10004390 f   MSVCRT:MSVCR90.dll
 0001:00003396       ??3@YAXPAX@Z               10004396 f   MSVCRT:MSVCR90.dll
 0001:0000339c       ??_Etype_info@@UAEPAXI@Z   1000439c f i MSVCRT:ti_inst.obj
 0001:00003437       __CRT_INIT@12              10004437 f   MSVCRT:crtdll.obj
 0001:00003773       __DllMainCRTStartup@12     10004773 f   MSVCRT:crtdll.obj
 0001:00003796       ??2@YAPAXI@Z               10004796 f   MSVCRT:MSVCR90.dll
 0001:0000379c       __unlock                   1000479c f   MSVCRT:MSVCR90.dll
 0001:000037a2       ___dllonexit               100047a2 f   MSVCRT:MSVCR90.dll
 0001:000037a8       __lock                     100047a8 f   MSVCRT:MSVCR90.dll
 0001:000037b0       __SEH_prolog4              100047b0 f   MSVCRT:sehprolg4.obj
 0001:000037f5       __SEH_epilog4              100047f5 f   MSVCRT:sehprolg4.obj
 0001:00003809       __except_handler4          10004809 f   MSVCRT:chandler4gs.obj
 0001:0000382e       ?__ArrayUnwind@@YGXPAXIHP6EX0@Z@Z 1000482e f   MSVCRT:ehvecdtr.obj
 0001:0000388c       ??_M@YGXPAXIHP6EX0@Z@Z     1000488c f   MSVCRT:ehvecdtr.obj
 0001:000038ef       ___clean_type_info_names   100048ef f   MSVCRT:tncleanup.obj
 0001:000038fb       __RTC_Initialize           100048fb f   MSVCRT:_initsect_.obj
 0001:00003921       __RTC_Terminate            10004921 f   MSVCRT:_initsect_.obj
 0001:00003950       __ValidateImageBase        10004950 f   MSVCRT:pesect.obj
 0001:00003990       __FindPESection            10004990 f   MSVCRT:pesect.obj
 0001:000039e0       __IsNonwritableInCurrentImage 100049e0 f   MSVCRT:pesect.obj
 0001:00003a9e       __initterm                 10004a9e f   MSVCRT:MSVCR90.dll
 0001:00003aa4       __initterm_e               10004aa4 f   MSVCRT:MSVCR90.dll
 0001:00003aaa       __amsg_exit                10004aaa f   MSVCRT:MSVCR90.dll
 0001:00003ab0       ___CppXcptFilter           10004ab0 f   MSVCRT:MSVCR90.dll
 0001:00003ab6       _DllMain@12                10004ab6 f   MSVCRT:dllmain.obj
 0001:00003ada       ___security_init_cookie    10004ada f   MSVCRT:gs_support.obj
 0001:00003b70       @__security_check_cookie@4 10004b70 f   MSVCRT:secchk.obj
 0001:00003b80       __except_handler4_common   10004b80 f   MSVCRT:MSVCR90.dll
 0001:00003b86       ?terminate@@YAXXZ          10004b86 f   MSVCRT:MSVCR90.dll
 0001:00003b8c       ??1type_info@@UAE@XZ       10004b8c f   MSVCRT:MSVCR90.dll
 0001:00003b8c       ?_type_info_dtor_internal_method@type_info@@QAEXXZ 10004b8c f   MSVCRT:MSVCR90.dll
 0001:00003b92       ___clean_type_info_names_internal 10004b92 f   MSVCRT:MSVCR90.dll
 0001:00003b98       ___report_gsfailure        10004b98 f   MSVCRT:gs_report.obj
 0001:00003c9e       __crt_debugger_hook        10004c9e f   MSVCRT:MSVCR90.dll
 0001:00003ca4       _png_get_IHDR              10004ca4 f   lib_libpng:lib_libpng.dll
 0001:00003caa       _png_read_info             10004caa f   lib_libpng:lib_libpng.dll
 0001:00003cb0       _png_sig_cmp               10004cb0 f   lib_libpng:lib_libpng.dll
 0001:00003cb6       _png_create_read_struct    10004cb6 f   lib_libpng:lib_libpng.dll
 0001:00003cbc       _png_get_io_ptr            10004cbc f   lib_libpng:lib_libpng.dll
 0001:00003cc2       _png_create_info_struct    10004cc2 f   lib_libpng:lib_libpng.dll
 0001:00003cc8       _png_set_read_fn           10004cc8 f   lib_libpng:lib_libpng.dll
 0001:00003cce       _png_read_update_info      10004cce f   lib_libpng:lib_libpng.dll
 0001:00003cd4       _png_set_sig_bytes         10004cd4 f   lib_libpng:lib_libpng.dll
 0001:00003cda       _png_read_row              10004cda f   lib_libpng:lib_libpng.dll
 0001:00003ce0       _png_error                 10004ce0 f   lib_libpng:lib_libpng.dll
 0001:00003ce6       _png_destroy_read_struct   10004ce6 f   lib_libpng:lib_libpng.dll
 0001:00003cec       _SDL_RenderDrawLine        10004cec f   lib_SDL2:lib_SDL2.dll
 0001:00003cf2       _SDL_Init                  10004cf2 f   lib_SDL2:lib_SDL2.dll
 0001:00003cf8       _SDL_DestroyWindow         10004cf8 f   lib_SDL2:lib_SDL2.dll
 0001:00003cfe       _TTF_RenderUNICODE_Blended 10004cfe f   lib_SDL2:lib_SDL2.dll
 0001:00003d04       _SDL_CreateWindow          10004d04 f   lib_SDL2:lib_SDL2.dll
 0001:00003d0a       _SDL_RenderCopy            10004d0a f   lib_SDL2:lib_SDL2.dll
 0001:00003d10       _SDL_DestroyRenderer       10004d10 f   lib_SDL2:lib_SDL2.dll
 0001:00003d16       _SDL_DestroyTexture        10004d16 f   lib_SDL2:lib_SDL2.dll
 0001:00003d1c       _SDL_CreateTextureFromSurface 10004d1c f   lib_SDL2:lib_SDL2.dll
 0001:00003d22       _SDL_RenderPresent         10004d22 f   lib_SDL2:lib_SDL2.dll
 0001:00003d28       _SDL_SetRenderDrawBlendMode 10004d28 f   lib_SDL2:lib_SDL2.dll
 0001:00003d2e       _SDL_SetRenderDrawColor    10004d2e f   lib_SDL2:lib_SDL2.dll
 0001:00003d34       _TTF_OpenFont              10004d34 f   lib_SDL2:lib_SDL2.dll
 0001:00003d3a       _TTF_CloseFont             10004d3a f   lib_SDL2:lib_SDL2.dll
 0001:00003d40       _TTF_Init                  10004d40 f   lib_SDL2:lib_SDL2.dll
 0001:00003d46       _SDL_PumpEvents            10004d46 f   lib_SDL2:lib_SDL2.dll
 0001:00003d4c       _SDL_Delay                 10004d4c f   lib_SDL2:lib_SDL2.dll
 0001:00003d52       _SDL_RenderClear           10004d52 f   lib_SDL2:lib_SDL2.dll
 0001:00003d58       _SDL_CreateRenderer        10004d58 f   lib_SDL2:lib_SDL2.dll
 0001:00003d5e       _SDL_PeepEvents            10004d5e f   lib_SDL2:lib_SDL2.dll
 0001:00003d64       _SDL_GetTicks              10004d64 f   lib_SDL2:lib_SDL2.dll
 0001:00003d6a       _SDL_RenderFillRect        10004d6a f   lib_SDL2:lib_SDL2.dll
 0001:00003d70       _SDL_RenderDrawRect        10004d70 f   lib_SDL2:lib_SDL2.dll
 0001:00003d76       _TTF_Quit                  10004d76 f   lib_SDL2:lib_SDL2.dll
 0001:00003d7c       _SDL_Quit                  10004d7c f   lib_SDL2:lib_SDL2.dll
 0001:00003d82       _SDL_FreeSurface           10004d82 f   lib_SDL2:lib_SDL2.dll
 0001:00003d90       __ftol2_sse                10004d90 f   MSVCRT:ftol2.obj
 0001:00003d99       __ftol2_pentium4           10004d99 f   MSVCRT:ftol2.obj
 0001:00003dac       __ftol2_sse_excpt          10004dac f   MSVCRT:ftol2.obj
 0001:00003dc6       __ftol2                    10004dc6 f   MSVCRT:ftol2.obj
 0001:00003e3c       _memcpy                    10004e3c f   MSVCRT:MSVCR90.dll
 0001:00003e42       ___CxxFrameHandler3        10004e42 f   MSVCRT:MSVCR90.dll
 0001:00003e48       __EH_prolog                10004e48 f   MSVCRT:ehprolog.obj
 0001:00003e70       __chkstk                   10004e70 f   MSVCRT:chkstk.obj
 0001:00003e70       __alloca_probe             10004e70     MSVCRT:chkstk.obj
 0001:00003e9c       __setjmp3                  10004e9c f   MSVCRT:MSVCR90.dll
 0001:00003ea2       ___CxxLongjmpUnwind@4      10004ea2 f   MSVCRT:MSVCR90.dll
 0001:00003ef8       __get_sse2_info            10004ef8 f   MSVCRT:cpu_disp.obj
 0001:00003f5a       ___sse2_available_init     10004f5a f   MSVCRT:cpu_disp.obj
 0002:00000000       __imp__InterlockedExchange@8 10006000     kernel32:KERNEL32.dll
 0002:00000004       __imp__InterlockedCompareExchange@12 10006004     kernel32:KERNEL32.dll
 0002:00000008       __imp__DisableThreadLibraryCalls@4 10006008     kernel32:KERNEL32.dll
 0002:0000000c       __imp__QueryPerformanceCounter@4 1000600c     kernel32:KERNEL32.dll
 0002:00000010       __imp__GetTickCount@0      10006010     kernel32:KERNEL32.dll
 0002:00000014       __imp__GetCurrentThreadId@0 10006014     kernel32:KERNEL32.dll
 0002:00000018       __imp__GetCurrentProcessId@0 10006018     kernel32:KERNEL32.dll
 0002:0000001c       __imp__GetSystemTimeAsFileTime@4 1000601c     kernel32:KERNEL32.dll
 0002:00000020       __imp__TerminateProcess@8  10006020     kernel32:KERNEL32.dll
 0002:00000024       __imp__GetCurrentProcess@0 10006024     kernel32:KERNEL32.dll
 0002:00000028       __imp__UnhandledExceptionFilter@4 10006028     kernel32:KERNEL32.dll
 0002:0000002c       __imp__SetUnhandledExceptionFilter@4 1000602c     kernel32:KERNEL32.dll
 0002:00000030       __imp__IsDebuggerPresent@0 10006030     kernel32:KERNEL32.dll
 0002:00000034       __imp__Sleep@4             10006034     kernel32:KERNEL32.dll
 0002:00000038       \177KERNEL32_NULL_THUNK_DATA 10006038     kernel32:KERNEL32.dll
 0002:0000003c       __imp___initterm           1000603c     MSVCRT:MSVCR90.dll
 0002:00000040       __imp___initterm_e         10006040     MSVCRT:MSVCR90.dll
 0002:00000044       __imp___amsg_exit          10006044     MSVCRT:MSVCR90.dll
 0002:00000048       __imp___adjust_fdiv        10006048     MSVCRT:MSVCR90.dll
 0002:0000004c       __imp____CppXcptFilter     1000604c     MSVCRT:MSVCR90.dll
 0002:00000050       __imp___encoded_null       10006050     MSVCRT:MSVCR90.dll
 0002:00000054       __imp_?terminate@@YAXXZ    10006054     MSVCRT:MSVCR90.dll
 0002:00000058       __imp_?_type_info_dtor_internal_method@type_info@@QAEXXZ 10006058     MSVCRT:MSVCR90.dll
 0002:0000005c       __imp____clean_type_info_names_internal 1000605c     MSVCRT:MSVCR90.dll
 0002:00000060       __imp___crt_debugger_hook  10006060     MSVCRT:MSVCR90.dll
 0002:00000064       __imp___setjmp3            10006064     MSVCRT:MSVCR90.dll
 0002:00000068       __imp____CxxFrameHandler3  10006068     MSVCRT:MSVCR90.dll
 0002:0000006c       __imp__memcpy              1000606c     MSVCRT:MSVCR90.dll
 0002:00000070       __imp__free                10006070     MSVCRT:MSVCR90.dll
 0002:00000074       __imp___malloc_crt         10006074     MSVCRT:MSVCR90.dll
 0002:00000078       __imp___decode_pointer     10006078     MSVCRT:MSVCR90.dll
 0002:0000007c       __imp___onexit             1000607c     MSVCRT:MSVCR90.dll
 0002:00000080       __imp___lock               10006080     MSVCRT:MSVCR90.dll
 0002:00000084       __imp___encode_pointer     10006084     MSVCRT:MSVCR90.dll
 0002:00000088       __imp____dllonexit         10006088     MSVCRT:MSVCR90.dll
 0002:0000008c       __imp___unlock             1000608c     MSVCRT:MSVCR90.dll
 0002:00000090       __imp__longjmp             10006090     MSVCRT:MSVCR90.dll
 0002:00000094       __imp__strstr              10006094     MSVCRT:MSVCR90.dll
 0002:00000098       __imp_??2@YAPAXI@Z         10006098     MSVCRT:MSVCR90.dll
 0002:0000009c       __imp_??3@YAXPAX@Z         1000609c     MSVCRT:MSVCR90.dll
 0002:000000a0       __imp___purecall           100060a0     MSVCRT:MSVCR90.dll
 0002:000000a4       __imp___except_handler4_common 100060a4     MSVCRT:MSVCR90.dll
 0002:000000a8       __imp__strncmp             100060a8     MSVCRT:MSVCR90.dll
 0002:000000ac       __imp____CxxLongjmpUnwind@4 100060ac     MSVCRT:MSVCR90.dll
 0002:000000b0       \177MSVCR90_NULL_THUNK_DATA 100060b0     MSVCRT:MSVCR90.dll
 0002:000000b4       __imp__SDL_RenderFillRect  100060b4     lib_SDL2:lib_SDL2.dll
 0002:000000b8       __imp__SDL_FreeSurface     100060b8     lib_SDL2:lib_SDL2.dll
 0002:000000bc       __imp__SDL_Quit            100060bc     lib_SDL2:lib_SDL2.dll
 0002:000000c0       __imp__TTF_Quit            100060c0     lib_SDL2:lib_SDL2.dll
 0002:000000c4       __imp__SDL_RenderDrawLine  100060c4     lib_SDL2:lib_SDL2.dll
 0002:000000c8       __imp__SDL_Init            100060c8     lib_SDL2:lib_SDL2.dll
 0002:000000cc       __imp__SDL_DestroyWindow   100060cc     lib_SDL2:lib_SDL2.dll
 0002:000000d0       __imp__TTF_RenderUNICODE_Blended 100060d0     lib_SDL2:lib_SDL2.dll
 0002:000000d4       __imp__SDL_CreateWindow    100060d4     lib_SDL2:lib_SDL2.dll
 0002:000000d8       __imp__SDL_RenderCopy      100060d8     lib_SDL2:lib_SDL2.dll
 0002:000000dc       __imp__SDL_DestroyRenderer 100060dc     lib_SDL2:lib_SDL2.dll
 0002:000000e0       __imp__SDL_DestroyTexture  100060e0     lib_SDL2:lib_SDL2.dll
 0002:000000e4       __imp__SDL_CreateTextureFromSurface 100060e4     lib_SDL2:lib_SDL2.dll
 0002:000000e8       __imp__SDL_RenderPresent   100060e8     lib_SDL2:lib_SDL2.dll
 0002:000000ec       __imp__SDL_SetRenderDrawBlendMode 100060ec     lib_SDL2:lib_SDL2.dll
 0002:000000f0       __imp__SDL_SetRenderDrawColor 100060f0     lib_SDL2:lib_SDL2.dll
 0002:000000f4       __imp__TTF_OpenFont        100060f4     lib_SDL2:lib_SDL2.dll
 0002:000000f8       __imp__TTF_CloseFont       100060f8     lib_SDL2:lib_SDL2.dll
 0002:000000fc       __imp__TTF_Init            100060fc     lib_SDL2:lib_SDL2.dll
 0002:00000100       __imp__SDL_PumpEvents      10006100     lib_SDL2:lib_SDL2.dll
 0002:00000104       __imp__SDL_Delay           10006104     lib_SDL2:lib_SDL2.dll
 0002:00000108       __imp__SDL_RenderClear     10006108     lib_SDL2:lib_SDL2.dll
 0002:0000010c       __imp__SDL_CreateRenderer  1000610c     lib_SDL2:lib_SDL2.dll
 0002:00000110       __imp__SDL_PeepEvents      10006110     lib_SDL2:lib_SDL2.dll
 0002:00000114       __imp__SDL_GetTicks        10006114     lib_SDL2:lib_SDL2.dll
 0002:00000118       __imp__SDL_RenderDrawRect  10006118     lib_SDL2:lib_SDL2.dll
 0002:0000011c       \177lib_SDL2_NULL_THUNK_DATA 1000611c     lib_SDL2:lib_SDL2.dll
 0002:00000120       __imp__jpeg_read_header    10006120     lib_jpeglib:lib_jpeglib.dll
 0002:00000124       __imp__jpeg_read_scanlines 10006124     lib_jpeglib:lib_jpeglib.dll
 0002:00000128       __imp__jpeg_finish_decompress 10006128     lib_jpeglib:lib_jpeglib.dll
 0002:0000012c       __imp__jpeg_resync_to_restart 1000612c     lib_jpeglib:lib_jpeglib.dll
 0002:00000130       __imp__jpeg_destroy_decompress 10006130     lib_jpeglib:lib_jpeglib.dll
 0002:00000134       __imp__jpeg_CreateDecompress 10006134     lib_jpeglib:lib_jpeglib.dll
 0002:00000138       __imp__jpeg_start_decompress 10006138     lib_jpeglib:lib_jpeglib.dll
 0002:0000013c       __imp__jpeg_destroy        1000613c     lib_jpeglib:lib_jpeglib.dll
 0002:00000140       __imp__jpeg_std_error      10006140     lib_jpeglib:lib_jpeglib.dll
 0002:00000144       \177lib_jpeglib_NULL_THUNK_DATA 10006144     lib_jpeglib:lib_jpeglib.dll
 0002:00000148       __imp__png_destroy_read_struct 10006148     lib_libpng:lib_libpng.dll
 0002:0000014c       __imp__png_error           1000614c     lib_libpng:lib_libpng.dll
 0002:00000150       __imp__png_read_row        10006150     lib_libpng:lib_libpng.dll
 0002:00000154       __imp__png_set_sig_bytes   10006154     lib_libpng:lib_libpng.dll
 0002:00000158       __imp__png_read_update_info 10006158     lib_libpng:lib_libpng.dll
 0002:0000015c       __imp__png_set_read_fn     1000615c     lib_libpng:lib_libpng.dll
 0002:00000160       __imp__png_create_info_struct 10006160     lib_libpng:lib_libpng.dll
 0002:00000164       __imp__png_get_io_ptr      10006164     lib_libpng:lib_libpng.dll
 0002:00000168       __imp__png_create_read_struct 10006168     lib_libpng:lib_libpng.dll
 0002:0000016c       __imp__png_sig_cmp         1000616c     lib_libpng:lib_libpng.dll
 0002:00000170       __imp__png_read_info       10006170     lib_libpng:lib_libpng.dll
 0002:00000174       __imp__png_get_IHDR        10006174     lib_libpng:lib_libpng.dll
 0002:00000178       \177lib_libpng_NULL_THUNK_DATA 10006178     lib_libpng:lib_libpng.dll
 0002:0000017c       ___xc_a                    1000617c     MSVCRT:cinitexe.obj
 0002:000004e4       ___xc_z                    100064e4     MSVCRT:cinitexe.obj
 0002:000004e8       ___xi_a                    100064e8     MSVCRT:cinitexe.obj
 0002:000004f4       ___xi_z                    100064f4     MSVCRT:cinitexe.obj
 0002:000004fc       ??_7type_info@@6B@         100064fc     MSVCRT:ti_inst.obj
 0002:00000500       __pDefaultRawDllMain       10006500     MSVCRT:crtdll.obj
 0002:00000500       __pRawDllMain              10006500     MSVCRT:crtdll.obj
 0002:0000050c       ??_C@_0P@GHFPNOJB@bad?5allocation?$AA@ 1000650c     plugin_test1.obj
 0002:0000051c       ??_C@_0BF@OCNNAADO@UModSys?3?3core?3?3IRoot?$AA@ 1000651c     plugin_test1.obj
 0002:00000534       ??_C@_0BK@EMIJFOPA@UModSys?3?3core?3?3IRefObject?$AA@ 10006534     plugin_test1.obj
 0002:00000550       ??_C@_0BL@IOMMHELF@UModSys?3?3core?3?3IParameters?$AA@ 10006550     plugin_test1.obj
 0002:0000056c       ??_C@_0BH@LKDEEPPM@UModSys?3?3base?3?3IModule?$AA@ 1000656c     plugin_test1.obj
 0002:00000584       ??_C@_0BO@PHJOHFCB@UModSys?3?3base?3?3IModuleLibrary?$AA@ 10006584     plugin_test1.obj
 0002:000005a4       ??_C@_0BK@FDPIOPHG@UModSys?3?3base?3?3IModObject?$AA@ 100065a4     plugin_test1.obj
 0002:000005c0       ??_C@_0BK@OIBKNCKJ@UModSys?3?3base?3?3IGenerator?$AA@ 100065c0     plugin_test1.obj
 0002:000005dc       ??_C@_0BG@PJBGCMEC@UModSys?3?3base?3?3IShell?$AA@ 100065dc     plugin_test1.obj
 0002:000005f4       ??_C@_0BI@IKAOEFAP@UModSys?3?3base?3?3IConsole?$AA@ 100065f4     plugin_test1.obj
 0002:0000060c       ??_C@_0BH@PFCONEJJ@UModSys?3?3base?3?3ISystem?$AA@ 1000660c     plugin_test1.obj
 0002:00000624       ??_C@_0CB@CLGNFEGF@UModSys?3?3libmedia?3?3IStreamReader@ 10006624     plugin_test1.obj
 0002:00000648       ??_C@_0CB@HOPFFLP@UModSys?3?3libmedia?3?3IStreamWriter@ 10006648     plugin_test1.obj
 0002:0000066c       ??_C@_0BP@KCJMEDNO@UModSys?3?3libmedia?3?3IBinArchive?$AA@ 1000666c     plugin_test1.obj
 0002:0000068c       ??_C@_0CB@FDEKNMGJ@UModSys?3?3libmedia?3?3IBinObjFilter@ 1000668c     plugin_test1.obj
 0002:000006b0       ??_C@_0BM@DPCMOAPM@UModSys?3?3libmedia?3?3ILibrary?$AA@ 100066b0     plugin_test1.obj
 0002:000006cc       ??_C@_0CD@ELIFEGE@UModSys?3?3libmedia?3?3ILibraryBinTr@ 100066cc     plugin_test1.obj
 0002:000006f0       ??_C@_0CE@EGHBJBAJ@UModSys?3?3libmedia?3?3ILibraryBinCa@ 100066f0     plugin_test1.obj
 0002:00000714       ??_C@_0CF@LBIGBLOK@UModSys?3?3libmedia?3?3ILibraryObjFi@ 10006714     plugin_test1.obj
 0002:0000073c       ??_C@_0CE@BOBLEOBL@UModSys?3?3libmedia?3?3ILibraryObjCa@ 1000673c     plugin_test1.obj
 0002:00000760       ??_C@_0CD@LJFEJKGF@UModSys?3?3libmedia?3?3ILibraryLayer@ 10006760     plugin_test1.obj
 0002:00000788       ?utf_bytesFromUTF8@su@tl@UModSys@@3QBEB 10006788     umodsys_lib_core:umodsys.tl.utf.obj
 0002:00000888       ?utf_firstByteMark@su@tl@UModSys@@3QBEB 10006888     umodsys_lib_core:umodsys.tl.utf.obj
 0002:00000890       ?utf_offsetsFromUTF8@su@tl@UModSys@@3QBHB 10006890     umodsys_lib_core:umodsys.tl.utf.obj
 0002:000008c0       ??_C@_0BL@NMJBPMOF@UModSys?3?3base?3?3IConsoleExt?$AA@ 100068c0     plugin_test1.obj
 0002:000008dc       ??_C@_0BO@CGANABBB@UModSys?3?3base?3?3IConsoleHelper?$AA@ 100068dc     plugin_test1.obj
 0002:000008fc       ??_C@_0CF@NIEDAAFG@UModSys?3?3base?3?3IConsoleHelperHis@ 100068fc     plugin_test1.obj
 0002:00000924       ??_C@_0CD@FCDJONHN@UModSys?3?3base?3?3IConsoleHelperInp@ 10006924     plugin_test1.obj
 0002:00000948       ??_C@_0CE@KMOIHDDJ@UModSys?3?3base?3?3IConsoleHelperOut@ 10006948     plugin_test1.obj
 0002:0000096c       ??_C@_0CH@NMEMKECD@UModSys?3?3base?3?3IConsoleHelperOut@ 1000696c     plugin_test1.obj
 0002:00000994       ??_C@_0CE@DIFILHID@UModSys?3?3libui?3?3IKeyboardControl@ 10006994     plugin_test1.obj
 0002:000009b8       ??_C@_0CB@MBIJAGJE@UModSys?3?3libui?3?3IMouseController@ 100069b8     plugin_test1.obj
 0002:000009dc       ??_C@_0CE@HLKJKPC@UModSys?3?3libui?3?3IJoystickControl@ 100069dc     plugin_test1.obj
 0002:00000a00       ??_C@_0BK@GJJNKGGD@UModSys?3?3libui?3?3ITerminal?$AA@ 10006a00     plugin_test1.obj
 0002:00000a1c       ??_C@_0CK@HENOKNKH@UModSys?3?3libui?3?3IConsoleHelperIn@ 10006a1c     plugin_test1.obj
 0002:00000a48       ??_C@_0BH@JDBCAPMN@UModSys?3?3lib2d?3?3IImage?$AA@ 10006a48     plugin_test1.obj
 0002:00000a60       ??_C@_0BM@NDCOKBPH@UModSys?3?3lib2d?3?3IMultiImage?$AA@ 10006a60     plugin_test1.obj
 0002:00000a7c       ??_C@_0BO@FFPMHFPK@UModSys?3?3lib2d?3?3IRenderDriver?$AA@ 10006a7c     plugin_test1.obj
 0002:00000a9c       ??_C@_0CG@DNABKNDD@UModSys?3?3modules?3?3test?3?3test1?3?3I@ 10006a9c     plugin_test1.obj
 0002:00000ac4       ??_C@_0CG@FINIGFAH@UModSys?3?3modules?3?3test?3?3test1?3?3R@ 10006ac4     plugin_test1.obj
 0002:00000aec       ??_C@_0CN@EFAOPDDB@UModSys?3?3modules?3?3test?3?3test1?3?3R@ 10006aec     plugin_test1.obj
 0002:00000b1c       ??_C@_0CM@LNHNHIJB@UModSys?3?3modules?3?3test?3?3test1?3?3R@ 10006b1c     plugin_test1.obj
 0002:00000b48       ??_C@_0BC@NIGGCDMG@RTest1_Shell?$CI?$CJ?5?$HL?6?$AA@ 10006b48     plugin_test1.obj
 0002:00000b5c       ??_C@_0DK@JIEMIEKA@UModSys?3?3modules?3?3test?3?3test1?3?3R@ 10006b5c     plugin_test1.obj
 0002:00000b98       ??_C@_0CK@OICDGBDJ@?4?4?2?4?4?2?4?4?2src?2plugin?2test?2plugin_@ 10006b98     plugin_test1.obj
 0002:00000bc4       ??_C@_0BF@BMCPNMPN@?$HN?5?1?1?5RTest1_Shell?$CI?$CJ?6?$AA@ 10006bc4     plugin_test1.obj
 0002:00000bdc       ??_C@_0DL@OIAHAJF@UModSys?3?3modules?3?3test?3?3test1?3?3R@ 10006bdc     plugin_test1.obj
 0002:00000c18       ??_C@_0BB@MLDFLEML@?$HORTest1_Shell?$CI?$CJ?6?$AA@ 10006c18     plugin_test1.obj
 0002:00000c2c       ??_C@_0BJ@CCPCJEPP@RTest1_Shell?3?3connect?$CI?$CJ?6?$AA@ 10006c2c     plugin_test1.obj
 0002:00000c48       ??_C@_0BM@KBDBHLN@RTest1_Shell?3?3disconnect?$CI?$CJ?6?$AA@ 10006c48     plugin_test1.obj
 0002:00000c64       ??_C@_0BI@PGLACHLJ@RTest1_Shell?3?3tick?$CI?$CFg?$CJ?6?$AA@ 10006c64     plugin_test1.obj
 0002:00000c7c       ??_C@_0BM@JFIEEBE@RTest1_Shell?3?3command?$CI?$CD?$CFd?$CJ?6?$AA@ 10006c7c     plugin_test1.obj
 0002:00000c98       ??_C@_08BABJIOEM@filename?$AA@ 10006c98     plugin_test1.obj
 0002:00000ca4       ??_C@_0BP@CAPONCLM@?5?5found?5terminal?5?$CFs?3?5?$CFs?5?$DN?$DO?5?$CFp?6?$AA@ 10006ca4     plugin_test1.obj
 0002:00000cc4       ??_C@_0BE@CKPLJHAG@?5?5fail?5terminal?5?$CFs?6?$AA@ 10006cc4     plugin_test1.obj
[...]
 0001:00004113       __unwindfunclet$?generate@RGenerator@test1@test@modules@UModSys@@UAE_NAAU?$TRefObject@UIRefObject@core@UModSys@@U?$TRefObjectFunc@UIRefObject@core@UModSys@@@tl@3@@tl@5@PBUSUniquePointerInfo@core@5@ABUSParameters@95@@Z$0 10005113 f    CIL library: CIL module
 0001:0000411e       __ehhandler$?generate@RGenerator@test1@test@modules@UModSys@@UAE_NAAU?$TRefObject@UIRefObject@core@UModSys@@U?$TRefObjectFunc@UIRefObject@core@UModSys@@@tl@3@@tl@5@PBUSUniquePointerInfo@core@5@ABUSParameters@95@@Z 1000511e f    CIL library: CIL module
 0001:00004128       ??__E?s_modreg@RModuleReg@test1@test@modules@UModSys@@2U12345@A@@YAXXZ 10005128 f    CIL library: CIL module
 0001:00004158       ??__E?s_modreg_chain@RModuleReg@test1@test@modules@UModSys@@2USModuleRegChain@base@5@A@@YAXXZ 10005158 f    CIL library: CIL module
 0001:00004173       ??__E?s_uid@RGenerator@test1@test@modules@UModSys@@2USUniquePointer@core@5@A@@YAXXZ 10005173 f    CIL library: CIL module
 0001:00004195       ??__E?s_id@?$TObjectUniqueID@UIRoot@core@UModSys@@@tl@UModSys@@2USUniquePointer@core@3@A@@YAXXZ 10005195 f    CIL library: CIL module
 0001:000041b7       ??__E?s_id@?$TObjectUniqueID@UIRefObject@core@UModSys@@@tl@UModSys@@2USUniquePointer@core@3@A@@YAXXZ 100051b7 f    CIL library: CIL module
 0001:000041d9       ??__E?s_id@?$TObjectUniqueID@UIParameters@core@UModSys@@@tl@UModSys@@2USUniquePointer@core@3@A@@YAXXZ 100051d9 f    CIL library: CIL module
 0001:000041fb       ??__E?s_id@?$TObjectUniqueID@UIModule@base@UModSys@@@tl@UModSys@@2USUniquePointer@core@3@A@@YAXXZ 100051fb f    CIL library: CIL module
 0001:0000421d       ??__E?s_id@?$TObjectUniqueID@UIModuleLibrary@base@UModSys@@@tl@UModSys@@2USUniquePointer@core@3@A@@YAXXZ 1000521d f    CIL library: CIL module
 0001:0000423f       ??__E?s_id@?$TObjectUniqueID@UIModObject@base@UModSys@@@tl@UModSys@@2USUniquePointer@core@3@A@@YAXXZ 1000523f f    CIL library: CIL module
 0001:00004261       ??__E?s_id@?$TObjectUniqueID@UIGenerator@base@UModSys@@@tl@UModSys@@2USUniquePointer@core@3@A@@YAXXZ 10005261 f    CIL library: CIL module
 0001:00004283       ??__E?s_id@?$TObjectUniqueID@UIShell@base@UModSys@@@tl@UModSys@@2USUniquePointer@core@3@A@@YAXXZ 10005283 f    CIL library: CIL module
 0001:000042a5       ??__E?s_id@?$TObjectUniqueID@UIConsole@base@UModSys@@@tl@UModSys@@2USUniquePointer@core@3@A@@YAXXZ 100052a5 f    CIL library: CIL module
 0001:000042c7       ??__E?s_id@?$TObjectUniqueID@UISystem@base@UModSys@@@tl@UModSys@@2USUniquePointer@core@3@A@@YAXXZ 100052c7 f    CIL library: CIL module
 0001:000042e9       ??__E?s_id@?$TObjectUniqueID@UIStreamReader@libmedia@UModSys@@@tl@UModSys@@2USUniquePointer@core@3@A@@YAXXZ 100052e9 f    CIL library: CIL module
 0001:0000430b       ??__E?s_id@?$TObjectUniqueID@UIStreamWriter@libmedia@UModSys@@@tl@UModSys@@2USUniquePointer@core@3@A@@YAXXZ 1000530b f    CIL library: CIL module
 0001:0000432d       ??__E?s_id@?$TObjectUniqueID@UIBinArchive@libmedia@UModSys@@@tl@UModSys@@2USUniquePointer@core@3@A@@YAXXZ 1000532d f    CIL library: CIL module
 0001:0000434f       ??__E?s_id@?$TObjectUniqueID@UIBinObjFilter@libmedia@UModSys@@@tl@UModSys@@2USUniquePointer@core@3@A@@YAXXZ 1000534f f    CIL library: CIL module
 0001:00004371       ??__E?s_id@?$TObjectUniqueID@UILibrary@libmedia@UModSys@@@tl@UModSys@@2USUniquePointer@core@3@A@@YAXXZ 10005371 f    CIL library: CIL module
 0001:00004393       ??__E?s_id@?$TObjectUniqueID@UILibraryBinTree@libmedia@UModSys@@@tl@UModSys@@2USUniquePointer@core@3@A@@YAXXZ 10005393 f    CIL library: CIL module
 0001:000043b5       ??__E?s_id@?$TObjectUniqueID@UILibraryBinCache@libmedia@UModSys@@@tl@UModSys@@2USUniquePointer@core@3@A@@YAXXZ 100053b5 f    CIL library: CIL module
 0001:000043d7       ??__E?s_id@?$TObjectUniqueID@UILibraryObjFilter@libmedia@UModSys@@@tl@UModSys@@2USUniquePointer@core@3@A@@YAXXZ 100053d7 f    CIL library: CIL module
 0001:000043f9       ??__E?s_id@?$TObjectUniqueID@UILibraryObjCache@libmedia@UModSys@@@tl@UModSys@@2USUniquePointer@core@3@A@@YAXXZ 100053f9 f    CIL library: CIL module
 0001:0000441b       ??__E?s_id@?$TObjectUniqueID@UILibraryLayered@libmedia@UModSys@@@tl@UModSys@@2USUniquePointer@core@3@A@@YAXXZ 1000541b f    CIL library: CIL module
 0001:0000443d       ??__E?s_id@?$TObjectUniqueID@UIConsoleExt@base@UModSys@@@tl@UModSys@@2USUniquePointer@core@3@A@@YAXXZ 1000543d f    CIL library: CIL module
 0001:0000445f       ??__E?s_id@?$TObjectUniqueID@UIConsoleHelper@base@UModSys@@@tl@UModSys@@2USUniquePointer@core@3@A@@YAXXZ 1000545f f    CIL library: CIL module
 0001:00004481       ??__E?s_id@?$TObjectUniqueID@UIConsoleHelperHistory@base@UModSys@@@tl@UModSys@@2USUniquePointer@core@3@A@@YAXXZ 10005481 f    CIL library: CIL module
 0001:000044a3       ??__E?s_id@?$TObjectUniqueID@UIConsoleHelperInput@base@UModSys@@@tl@UModSys@@2USUniquePointer@core@3@A@@YAXXZ 100054a3 f    CIL library: CIL module
 0001:000044c5       ??__E?s_id@?$TObjectUniqueID@UIConsoleHelperOutput@base@UModSys@@@tl@UModSys@@2USUniquePointer@core@3@A@@YAXXZ 100054c5 f    CIL library: CIL module
 0001:000044e7       ??__E?s_id@?$TObjectUniqueID@UIConsoleHelperOutputFCS@base@UModSys@@@tl@UModSys@@2USUniquePointer@core@3@A@@YAXXZ 100054e7 f    CIL library: CIL module
 0001:00004509       ??__E?s_id@?$TObjectUniqueID@UIKeyboardController@libui@UModSys@@@tl@UModSys@@2USUniquePointer@core@3@A@@YAXXZ 10005509 f    CIL library: CIL module
 0001:0000452b       ??__E?s_id@?$TObjectUniqueID@UIMouseController@libui@UModSys@@@tl@UModSys@@2USUniquePointer@core@3@A@@YAXXZ 1000552b f    CIL library: CIL module
 0001:0000454d       ??__E?s_id@?$TObjectUniqueID@UIJoystickController@libui@UModSys@@@tl@UModSys@@2USUniquePointer@core@3@A@@YAXXZ 1000554d f    CIL library: CIL module
 0001:0000456f       ??__E?s_id@?$TObjectUniqueID@UITerminal@libui@UModSys@@@tl@UModSys@@2USUniquePointer@core@3@A@@YAXXZ 1000556f f    CIL library: CIL module
 0001:00004591       ??__E?s_id@?$TObjectUniqueID@UIConsoleHelperInput_UIKey@libui@UModSys@@@tl@UModSys@@2USUniquePointer@core@3@A@@YAXXZ 10005591 f    CIL library: CIL module
 0001:000045b3       ??__E?s_id@?$TObjectUniqueID@UIImage@lib2d@UModSys@@@tl@UModSys@@2USUniquePointer@core@3@A@@YAXXZ 100055b3 f    CIL library: CIL module
 0001:000045d5       ??__E?s_id@?$TObjectUniqueID@UIMultiImage@lib2d@UModSys@@@tl@UModSys@@2USUniquePointer@core@3@A@@YAXXZ 100055d5 f    CIL library: CIL module
 0001:000045f7       ??__E?s_id@?$TObjectUniqueID@UIRenderDriver@lib2d@UModSys@@@tl@UModSys@@2USUniquePointer@core@3@A@@YAXXZ 100055f7 f    CIL library: CIL module
 0001:00004619       ??__E?s_id@?$TObjectUniqueID@UILines@test1@test@modules@UModSys@@@tl@UModSys@@2USUniquePointer@core@3@A@@YAXXZ 10005619 f    CIL library: CIL module
 0001:0000463b       ??__E?s_id@?$TObjectUniqueID@URLines@test1@test@modules@UModSys@@@tl@UModSys@@2USUniquePointer@core@3@A@@YAXXZ 1000563b f    CIL library: CIL module
 0001:0000465d       ??__E?s_id@?$TObjectUniqueID@URLines_Filter@test1@test@modules@UModSys@@@tl@UModSys@@2USUniquePointer@core@3@A@@YAXXZ 1000565d f    CIL library: CIL module
 0001:0000467f       ??__E?s_id@?$TObjectUniqueID@URTest1_Shell@test1@test@modules@UModSys@@@tl@UModSys@@2USUniquePointer@core@3@A@@YAXXZ 1000567f f    CIL library: CIL module
 0001:000046a1       ??__E?s_id@?$TObjectUniqueID@URGenerator@test1@test@modules@UModSys@@@tl@UModSys@@2USUniquePointer@core@3@A@@YAXXZ 100056a1 f    CIL library: CIL module
 0001:000046c3       ??__E?s_modreg@RModuleReg@SDL_core@ui@modules@UModSys@@2U12345@A@@YAXXZ 100056c3 f    CIL library: CIL module
 0001:000046f3       ??__E?s_modreg_chain@RModuleReg@SDL_core@ui@modules@UModSys@@2USModuleRegChain@base@5@A@@YAXXZ 100056f3 f    CIL library: CIL module
 0001:0000470e       ??__E?s_uid@RGenerator@SDL_core@ui@modules@UModSys@@2USUniquePointer@core@5@A@@YAXXZ 1000570e f    CIL library: CIL module
 0001:00004730       ??__E?s_id@?$TObjectUniqueID@URMultiImage2D_SDL_ttf@SDL_core@ui@modules@UModSys@@@tl@UModSys@@2USUniquePointer@core@3@A@@YAXXZ 10005730 f    CIL library: CIL module
 0001:00004752       ??__E?s_id@?$TObjectUniqueID@URRenderDriver2D_SDL_core@SDL_core@ui@modules@UModSys@@@tl@UModSys@@2USUniquePointer@core@3@A@@YAXXZ 10005752 f    CIL library: CIL module
 0001:00004774       ??__E?s_id@?$TObjectUniqueID@URTerminal_SDL_core@SDL_core@ui@modules@UModSys@@@tl@UModSys@@2USUniquePointer@core@3@A@@YAXXZ 10005774 f    CIL library: CIL module
 0001:00004796       ??__E?s_id@?$TObjectUniqueID@URGenerator@SDL_core@ui@modules@UModSys@@@tl@UModSys@@2USUniquePointer@core@3@A@@YAXXZ 10005796 f    CIL library: CIL module
 0001:000047b8       ??__E?s_modreg@RModuleReg@images_std@media@modules@UModSys@@2U12345@A@@YAXXZ 100057b8 f    CIL library: CIL module
 0001:000047e8       ??__E?s_modreg_chain@RModuleReg@images_std@media@modules@UModSys@@2USModuleRegChain@base@5@A@@YAXXZ 100057e8 f    CIL library: CIL module
 0001:00004803       ??__E?s_uid@RGenerator@images_std@media@modules@UModSys@@2USUniquePointer@core@5@A@@YAXXZ 10005803 f    CIL library: CIL module
 0001:00004825       ??__E?s_id@?$TObjectUniqueID@URMediaFilter@images_std@media@modules@UModSys@@@tl@UModSys@@2USUniquePointer@core@3@A@@YAXXZ 10005825 f    CIL library: CIL module
 0001:00004847       ??__E?s_id@?$TObjectUniqueID@URGenerator@images_std@media@modules@UModSys@@@tl@UModSys@@2USUniquePointer@core@3@A@@YAXXZ 10005847 f    CIL library: CIL module
 0001:00004869       ??__EM@UModSys@@YAXXZ      10005869 f    CIL library: CIL module
 0001:00004875       ??__E?root@SModuleRegChain@base@UModSys@@2U123@A@@YAXXZ 10005875 f    CIL library: CIL module
 0001:00004881       ??__E?s_library@RModuleLibraryReg_Chain@base@UModSys@@2U123@A@@YAXXZ 10005881 f    CIL library: CIL module
 0001:0000488d       ??__E?root@SUniquePointer@core@UModSys@@2U123@A@@YAXXZ 1000588d f    CIL library: CIL module
 0001:00004899       ??__F?s_modreg@RModuleReg@test1@test@modules@UModSys@@2U12345@A@@YAXXZ 10005899 f    CIL library: CIL module
 0001:000048a4       ??__F?s_modreg_chain@RModuleReg@test1@test@modules@UModSys@@2USModuleRegChain@base@5@A@@YAXXZ 100058a4 f    CIL library: CIL module
 0001:000048ae       ??__F?s_uid@RGenerator@test1@test@modules@UModSys@@2USUniquePointer@core@5@A@@YAXXZ 100058ae f    CIL library: CIL module
 0001:000048b8       ??__Fh@?1??s_holder@RGenerator@test1@test@modules@UModSys@@SAAAU?$TTypeStaticHolder@URGenerator@test1@test@modules@UModSys@@@tl@5@XZ@YAXXZ 100058b8 f    CIL library: CIL module
 0001:000048d5       ??__F?s_id@?$TObjectUniqueID@URGenerator@test1@test@modules@UModSys@@@tl@UModSys@@2USUniquePointer@core@3@A@@YAXXZ 100058d5 f    CIL library: CIL module
 0001:000048df       ??__F?s_id@?$TObjectUniqueID@URTest1_Shell@test1@test@modules@UModSys@@@tl@UModSys@@2USUniquePointer@core@3@A@@YAXXZ 100058df f    CIL library: CIL module
 0001:000048e9       ??__F?s_id@?$TObjectUniqueID@URLines_Filter@test1@test@modules@UModSys@@@tl@UModSys@@2USUniquePointer@core@3@A@@YAXXZ 100058e9 f    CIL library: CIL module
 0001:000048f3       ??__F?s_id@?$TObjectUniqueID@URLines@test1@test@modules@UModSys@@@tl@UModSys@@2USUniquePointer@core@3@A@@YAXXZ 100058f3 f    CIL library: CIL module
 0001:000048fd       ??__F?s_id@?$TObjectUniqueID@UILines@test1@test@modules@UModSys@@@tl@UModSys@@2USUniquePointer@core@3@A@@YAXXZ 100058fd f    CIL library: CIL module
 0001:00004907       ??__F?s_id@?$TObjectUniqueID@UIRenderDriver@lib2d@UModSys@@@tl@UModSys@@2USUniquePointer@core@3@A@@YAXXZ 10005907 f    CIL library: CIL module
 0001:00004911       ??__F?s_id@?$TObjectUniqueID@UIMultiImage@lib2d@UModSys@@@tl@UModSys@@2USUniquePointer@core@3@A@@YAXXZ 10005911 f    CIL library: CIL module
 0001:0000491b       ??__F?s_id@?$TObjectUniqueID@UIImage@lib2d@UModSys@@@tl@UModSys@@2USUniquePointer@core@3@A@@YAXXZ 1000591b f    CIL library: CIL module
 0001:00004925       ??__F?s_id@?$TObjectUniqueID@UIConsoleHelperInput_UIKey@libui@UModSys@@@tl@UModSys@@2USUniquePointer@core@3@A@@YAXXZ 10005925 f    CIL library: CIL module
 0001:0000492f       ??__F?s_id@?$TObjectUniqueID@UITerminal@libui@UModSys@@@tl@UModSys@@2USUniquePointer@core@3@A@@YAXXZ 1000592f f    CIL library: CIL module
 0001:00004939       ??__F?s_id@?$TObjectUniqueID@UIJoystickController@libui@UModSys@@@tl@UModSys@@2USUniquePointer@core@3@A@@YAXXZ 10005939 f    CIL library: CIL module
 0001:00004943       ??__F?s_id@?$TObjectUniqueID@UIMouseController@libui@UModSys@@@tl@UModSys@@2USUniquePointer@core@3@A@@YAXXZ 10005943 f    CIL library: CIL module
 0001:0000494d       ??__F?s_id@?$TObjectUniqueID@UIKeyboardController@libui@UModSys@@@tl@UModSys@@2USUniquePointer@core@3@A@@YAXXZ 1000594d f    CIL library: CIL module
 0001:00004957       ??__F?s_id@?$TObjectUniqueID@UIConsoleHelperOutputFCS@base@UModSys@@@tl@UModSys@@2USUniquePointer@core@3@A@@YAXXZ 10005957 f    CIL library: CIL module
 0001:00004961       ??__F?s_id@?$TObjectUniqueID@UIConsoleHelperOutput@base@UModSys@@@tl@UModSys@@2USUniquePointer@core@3@A@@YAXXZ 10005961 f    CIL library: CIL module
 0001:0000496b       ??__F?s_id@?$TObjectUniqueID@UIConsoleHelperInput@base@UModSys@@@tl@UModSys@@2USUniquePointer@core@3@A@@YAXXZ 1000596b f    CIL library: CIL module
 0001:00004975       ??__F?s_id@?$TObjectUniqueID@UIConsoleHelperHistory@base@UModSys@@@tl@UModSys@@2USUniquePointer@core@3@A@@YAXXZ 10005975 f    CIL library: CIL module
 0001:0000497f       ??__F?s_id@?$TObjectUniqueID@UIConsoleHelper@base@UModSys@@@tl@UModSys@@2USUniquePointer@core@3@A@@YAXXZ 1000597f f    CIL library: CIL module
 0001:00004989       ??__F?s_id@?$TObjectUniqueID@UIConsoleExt@base@UModSys@@@tl@UModSys@@2USUniquePointer@core@3@A@@YAXXZ 10005989 f    CIL library: CIL module
 0001:00004993       ??__F?s_id@?$TObjectUniqueID@UILibraryLayered@libmedia@UModSys@@@tl@UModSys@@2USUniquePointer@core@3@A@@YAXXZ 10005993 f    CIL library: CIL module
 0001:0000499d       ??__F?s_id@?$TObjectUniqueID@UILibraryObjCache@libmedia@UModSys@@@tl@UModSys@@2USUniquePointer@core@3@A@@YAXXZ 1000599d f    CIL library: CIL module
 0001:000049a7       ??__F?s_id@?$TObjectUniqueID@UILibraryObjFilter@libmedia@UModSys@@@tl@UModSys@@2USUniquePointer@core@3@A@@YAXXZ 100059a7 f    CIL library: CIL module
 0001:000049b1       ??__F?s_id@?$TObjectUniqueID@UILibraryBinCache@libmedia@UModSys@@@tl@UModSys@@2USUniquePointer@core@3@A@@YAXXZ 100059b1 f    CIL library: CIL module
 0001:000049bb       ??__F?s_id@?$TObjectUniqueID@UILibraryBinTree@libmedia@UModSys@@@tl@UModSys@@2USUniquePointer@core@3@A@@YAXXZ 100059bb f    CIL library: CIL module
 0001:000049c5       ??__F?s_id@?$TObjectUniqueID@UILibrary@libmedia@UModSys@@@tl@UModSys@@2USUniquePointer@core@3@A@@YAXXZ 100059c5 f    CIL library: CIL module
 0001:000049cf       ??__F?s_id@?$TObjectUniqueID@UIBinObjFilter@libmedia@UModSys@@@tl@UModSys@@2USUniquePointer@core@3@A@@YAXXZ 100059cf f    CIL library: CIL module
 0001:000049d9       ??__F?s_id@?$TObjectUniqueID@UIBinArchive@libmedia@UModSys@@@tl@UModSys@@2USUniquePointer@core@3@A@@YAXXZ 100059d9 f    CIL library: CIL module
 0001:000049e3       ??__F?s_id@?$TObjectUniqueID@UIStreamWriter@libmedia@UModSys@@@tl@UModSys@@2USUniquePointer@core@3@A@@YAXXZ 100059e3 f    CIL library: CIL module
 0001:000049ed       ??__F?s_id@?$TObjectUniqueID@UIStreamReader@libmedia@UModSys@@@tl@UModSys@@2USUniquePointer@core@3@A@@YAXXZ 100059ed f    CIL library: CIL module
 0001:000049f7       ??__F?s_id@?$TObjectUniqueID@UISystem@base@UModSys@@@tl@UModSys@@2USUniquePointer@core@3@A@@YAXXZ 100059f7 f    CIL library: CIL module
 0001:00004a01       ??__F?s_id@?$TObjectUniqueID@UIConsole@base@UModSys@@@tl@UModSys@@2USUniquePointer@core@3@A@@YAXXZ 10005a01 f    CIL library: CIL module
 0001:00004a0b       ??__F?s_id@?$TObjectUniqueID@UIShell@base@UModSys@@@tl@UModSys@@2USUniquePointer@core@3@A@@YAXXZ 10005a0b f    CIL library: CIL module
 0001:00004a15       ??__F?s_id@?$TObjectUniqueID@UIGenerator@base@UModSys@@@tl@UModSys@@2USUniquePointer@core@3@A@@YAXXZ 10005a15 f    CIL library: CIL module
 0001:00004a1f       ??__F?s_id@?$TObjectUniqueID@UIModObject@base@UModSys@@@tl@UModSys@@2USUniquePointer@core@3@A@@YAXXZ 10005a1f f    CIL library: CIL module
 0001:00004a29       ??__F?s_id@?$TObjectUniqueID@UIModuleLibrary@base@UModSys@@@tl@UModSys@@2USUniquePointer@core@3@A@@YAXXZ 10005a29 f    CIL library: CIL module
 0001:00004a33       ??__F?s_id@?$TObjectUniqueID@UIModule@base@UModSys@@@tl@UModSys@@2USUniquePointer@core@3@A@@YAXXZ 10005a33 f    CIL library: CIL module
 0001:00004a3d       ??__F?s_id@?$TObjectUniqueID@UIParameters@core@UModSys@@@tl@UModSys@@2USUniquePointer@core@3@A@@YAXXZ 10005a3d f    CIL library: CIL module
 0001:00004a47       ??__F?s_id@?$TObjectUniqueID@UIRefObject@core@UModSys@@@tl@UModSys@@2USUniquePointer@core@3@A@@YAXXZ 10005a47 f    CIL library: CIL module
 0001:00004a51       ??__F?s_id@?$TObjectUniqueID@UIRoot@core@UModSys@@@tl@UModSys@@2USUniquePointer@core@3@A@@YAXXZ 10005a51 f    CIL library: CIL module
 0001:00004a5b       ??__F?s_modreg@RModuleReg@SDL_core@ui@modules@UModSys@@2U12345@A@@YAXXZ 10005a5b f    CIL library: CIL module
 0001:00004a66       ??__F?s_modreg_chain@RModuleReg@SDL_core@ui@modules@UModSys@@2USModuleRegChain@base@5@A@@YAXXZ 10005a66 f    CIL library: CIL module
 0001:00004a70       ??__F?s_uid@RGenerator@SDL_core@ui@modules@UModSys@@2USUniquePointer@core@5@A@@YAXXZ 10005a70 f    CIL library: CIL module
 0001:00004a7a       ??__Fh@?1??s_holder@RGenerator@SDL_core@ui@modules@UModSys@@SAAAU?$TTypeStaticHolder@URGenerator@SDL_core@ui@modules@UModSys@@@tl@5@XZ@YAXXZ 10005a7a f    CIL library: CIL module
 0001:00004a97       ??__F?s_id@?$TObjectUniqueID@URGenerator@SDL_core@ui@modules@UModSys@@@tl@UModSys@@2USUniquePointer@core@3@A@@YAXXZ 10005a97 f    CIL library: CIL module
 0001:00004aa1       ??__F?s_id@?$TObjectUniqueID@URTerminal_SDL_core@SDL_core@ui@modules@UModSys@@@tl@UModSys@@2USUniquePointer@core@3@A@@YAXXZ 10005aa1 f    CIL library: CIL module
 0001:00004aab       ??__F?s_id@?$TObjectUniqueID@URRenderDriver2D_SDL_core@SDL_core@ui@modules@UModSys@@@tl@UModSys@@2USUniquePointer@core@3@A@@YAXXZ 10005aab f    CIL library: CIL module
 0001:00004ab5       ??__F?s_id@?$TObjectUniqueID@URMultiImage2D_SDL_ttf@SDL_core@ui@modules@UModSys@@@tl@UModSys@@2USUniquePointer@core@3@A@@YAXXZ 10005ab5 f    CIL library: CIL module
 0001:00004abf       ??__F?s_modreg@RModuleReg@images_std@media@modules@UModSys@@2U12345@A@@YAXXZ 10005abf f    CIL library: CIL module
 0001:00004aca       ??__F?s_modreg_chain@RModuleReg@images_std@media@modules@UModSys@@2USModuleRegChain@base@5@A@@YAXXZ 10005aca f    CIL library: CIL module
 0001:00004ad4       ??__F?s_uid@RGenerator@images_std@media@modules@UModSys@@2USUniquePointer@core@5@A@@YAXXZ 10005ad4 f    CIL library: CIL module
 0001:00004ade       ??__Fh@?1??s_holder@RGenerator@images_std@media@modules@UModSys@@SAAAU?$TTypeStaticHolder@URGenerator@images_std@media@modules@UModSys@@@tl@5@XZ@YAXXZ 10005ade f    CIL library: CIL module
 0001:00004afb       ??__F?s_id@?$TObjectUniqueID@URGenerator@images_std@media@modules@UModSys@@@tl@UModSys@@2USUniquePointer@core@3@A@@YAXXZ 10005afb f    CIL library: CIL module
 0001:00004b05       ??__F?s_id@?$TObjectUniqueID@URMediaFilter@images_std@media@modules@UModSys@@@tl@UModSys@@2USUniquePointer@core@3@A@@YAXXZ 10005b05 f    CIL library: CIL module
 0001:00004b0f       ??__FM@UModSys@@YAXXZ      10005b0f f    CIL library: CIL module
 0001:00004b10       ??__F?root@SModuleRegChain@base@UModSys@@2U123@A@@YAXXZ 10005b10 f    CIL library: CIL module
 0001:00004b1a       ??__F?s_library@RModuleLibraryReg_Chain@base@UModSys@@2U123@A@@YAXXZ 10005b1a f    CIL library: CIL module
 0001:00004b25       ??__F?root@SUniquePointer@core@UModSys@@2U123@A@@YAXXZ 10005b25 f    CIL library: CIL module

 Exports

  ordinal    name

        1    _UModSys_Plugin_Entry2@0
