 plugin_test1

 Timestamp is 527a0928 (Wed Nov 06 12:17:28 2013)

 Preferred load address is 10000000

 Start         Length     Name                   Class
 0001:00000000 00003767H .text                   CODE
 0001:00003767 00000166H .text$x                 CODE
 0001:000038cd 0000074fH .text$yc                CODE
 0001:0000401c 0000028cH .text$yd                CODE
 0002:00000000 00000158H .idata$5                DATA
 0002:00000158 00000004H .CRT$XCA                DATA
 0002:0000015c 00000348H .CRT$XCU                DATA
 0002:000004a4 00000004H .CRT$XCZ                DATA
 0002:000004a8 00000004H .CRT$XIA                DATA
 0002:000004ac 00000004H .CRT$XIAA               DATA
 0002:000004b0 00000004H .CRT$XIC                DATA
 0002:000004b4 00000004H .CRT$XIZ                DATA
 0002:000004b8 00000f18H .rdata                  DATA
 0002:000013d0 00000788H .rdata$r                DATA
 0002:00001b60 00000040H .rdata$sxdata           DATA
 0002:00001ba0 00000004H .rtc$IAA                DATA
 0002:00001ba4 00000004H .rtc$IZZ                DATA
 0002:00001ba8 00000004H .rtc$TAA                DATA
 0002:00001bac 00000004H .rtc$TZZ                DATA
 0002:00001bb0 00000394H .xdata$x                DATA
 0002:00001f44 00000064H .idata$2                DATA
 0002:00001fa8 00000014H .idata$3                DATA
 0002:00001fbc 00000158H .idata$4                DATA
 0002:00002114 0000066cH .idata$6                DATA
 0002:00002780 0000005cH .edata                  DATA
 0003:00000000 00000550H .data                   DATA
 0003:00000550 000008f4H .bss                    DATA

  Address         Publics by Value              Rva+Base       Lib:Object

 0000:00000000       __except_list              00000000     <absolute>
 0000:00000010       ___safe_se_handler_count   00000010     <absolute>
 0000:00009876       __ldused                   00009876     <absolute>
 0000:00009876       __fltused                  00009876     <absolute>
 0000:00000000       ___ImageBase               10000000     <linker-defined>
 0001:00000000       ?new_data@SMemorySharedData@core@UModSys@@SAPAU123@IPBUSSourceContext@23@@Z 10001000 f i plugin_test1.obj
 0001:00000024       ??1SMemShared@core@UModSys@@QAE@XZ 10001024 f i plugin_test1.obj
 0001:00000030       ??BSCMemShared@core@UModSys@@QBE?AUSCMem@12@XZ 10001030 f i plugin_test1.obj
 0001:00000030       ?get@SMemShared@core@UModSys@@QBE?AUSMem@23@XZ 10001030 f i umodsys_lib_libmedia:umodsys.mod.media.images_std.obj
 0001:00000060       ??6SUniquePtrList@core@UModSys@@QAEAAU012@PBUSUniquePointerInfo@12@@Z 10001060 f i plugin_test1.obj
 0001:00000091       ??3IRoot@core@UModSys@@SAXPAXABUSIMemAlloc@12@@Z 10001091 f i plugin_test1.obj
 0001:000000aa       ?_root_get_other_interface@IRefObject@core@UModSys@@IAEPAUIRoot@23@PBUSUniquePointerInfo@23@@Z 100010aa f i plugin_test1.obj
 0001:000000aa       ?_root_get_other_interface@IRefObject@core@UModSys@@IBEPBUIRoot@23@PBUSUniquePointerInfo@23@@Z 100010aa f i plugin_test1.obj
 0001:000000cb       ?_root_get_interface_types@IRefObject@core@UModSys@@SAIAAUSUniquePtrList@23@@Z 100010cb f i plugin_test1.obj
 0001:000000eb       ?_root_is_interface_supported@IRefObject@core@UModSys@@SA_NPBUSUniquePointerInfo@23@@Z 100010eb f i plugin_test1.obj
 0001:00000102       ?add@SParameters@core@UModSys@@QAE_NPBD0@Z 10001102 f i plugin_test1.obj
 0001:0000011c       ?_root_get_other_interface@IGenerator@base@UModSys@@IAEPAUIRoot@core@3@PBUSUniquePointerInfo@53@@Z 1000111c f i plugin_test1.obj
 0001:0000011c       ?_root_get_other_interface@IGenerator@base@UModSys@@IBEPBUIRoot@core@3@PBUSUniquePointerInfo@53@@Z 1000111c f i plugin_test1.obj
 0001:00000138       ?_root_is_interface_supported@IGenerator@base@UModSys@@SA_NPBUSUniquePointerInfo@core@3@@Z 10001138 f i plugin_test1.obj
 0001:00000158       ?root_get_interface_info@RTest1_Shell@test1@test@modules@UModSys@@UBEABUSUniquePointerInfo@core@5@XZ 10001158 f i plugin_test1.obj
 0001:0000015e       ?root_get_interface_type@RTest1_Shell@test1@test@modules@UModSys@@UBEPBUSUniquePointerInfo@core@5@XZ 1000115e f i plugin_test1.obj
 0001:00000164       ?root_get_other_interface@RTest1_Shell@test1@test@modules@UModSys@@UAEPAUIRoot@core@5@PBUSUniquePointerInfo@75@@Z 10001164 f i plugin_test1.obj
 0001:00000164       ?root_get_other_interface@RTest1_Shell@test1@test@modules@UModSys@@UBEPBUIRoot@core@5@PBUSUniquePointerInfo@75@@Z 10001164 f i plugin_test1.obj
 0001:00000185       ?root_is_interface_supported@RTest1_Shell@test1@test@modules@UModSys@@UBE_NPBUSUniquePointerInfo@core@5@@Z 10001185 f i plugin_test1.obj
 0001:000001ac       ?ref_weak@RTest1_Shell@test1@test@modules@UModSys@@UBE_NAAUWeakPointer@IRefObject@core@5@@Z 100011ac f i plugin_test1.obj
 0001:000001ac       ?ref_weak@RGenerator@test1@test@modules@UModSys@@UBE_NAAUWeakPointer@IRefObject@core@5@@Z 100011ac f i plugin_test1.obj
 0001:000001ac       ?ref_weak@RRenderDriver2D_SDL_core@SDL_core@ui@modules@UModSys@@UBE_NAAUWeakPointer@IRefObject@core@5@@Z 100011ac f i umodsys_lib_libui:umodsys.mod.ui.SDL_core.obj
 0001:000001ac       ?ref_weak@RGenerator@images_std@media@modules@UModSys@@UBE_NAAUWeakPointer@IRefObject@core@5@@Z 100011ac f i umodsys_lib_libmedia:umodsys.mod.media.images_std.obj
 0001:000001ac       ?ref_weak@RGenerator@SDL_core@ui@modules@UModSys@@UBE_NAAUWeakPointer@IRefObject@core@5@@Z 100011ac f i umodsys_lib_libui:umodsys.mod.ui.SDL_core.obj
 0001:000001ac       ?ref_weak@RTerminal_SDL_core@SDL_core@ui@modules@UModSys@@UBE_NAAUWeakPointer@IRefObject@core@5@@Z 100011ac f i umodsys_lib_libui:umodsys.mod.ui.SDL_core.obj
 0001:000001cb       ?suicide@RTest1_Shell@test1@test@modules@UModSys@@UAEXXZ 100011cb f i plugin_test1.obj
 0001:000001cb       ?suicide@RTerminal_SDL_core@SDL_core@ui@modules@UModSys@@UAEXXZ 100011cb f i umodsys_lib_libui:umodsys.mod.ui.SDL_core.obj
 0001:00000212       ??0RTest1_Shell@test1@test@modules@UModSys@@QAE@PAUIModObject@base@4@@Z 10001212 f i plugin_test1.obj
 0001:000002db       ?connect@RTest1_Shell@test1@test@modules@UModSys@@UAE_NXZ 100012db f i plugin_test1.obj
 0001:000002f3       ?disconnect@RTest1_Shell@test1@test@modules@UModSys@@UAE_NXZ 100012f3 f i plugin_test1.obj
 0001:0000030b       ?process_tick@RTest1_Shell@test1@test@modules@UModSys@@UAE_NABUSTimeMsec@core@5@@Z 1000130b f i plugin_test1.obj
 0001:00000336       ?process_command@RTest1_Shell@test1@test@modules@UModSys@@UAE_NHQBU?$TString@U?$TSCoreConst@D@su@tl@UModSys@@U?$TComparerBinaryHash@D@234@@tl@5@@Z 10001336 f i plugin_test1.obj
 0001:00000354       ??_GRTest1_Shell@test1@test@modules@UModSys@@UAEPAXI@Z 10001354 f i plugin_test1.obj
 0001:00000354       ??_ERTest1_Shell@test1@test@modules@UModSys@@UAEPAXI@Z 10001354 f i  CIL library: CIL module
 0001:000003d1       ??1SParameters@core@UModSys@@QAE@XZ 100013d1 f i plugin_test1.obj
 0001:000003d1       ??1?$TParametersA@$0EAA@@core@UModSys@@QAE@XZ 100013d1 f i plugin_test1.obj
 0001:000003de       ?ui_newterm@RTest1_Shell@test1@test@modules@UModSys@@QAE?AU?$TRefObject@UITerminal@libui@UModSys@@U?$TRefObjectFunc@UITerminal@libui@UModSys@@@tl@3@@tl@5@ABU?$TString@U?$TSCoreConst@D@su@tl@UModSys@@U?$TComparerBinaryHash@D@234@@75@ABUSParameters@core@5@@Z 100013de f   plugin_test1.obj
 0001:000004bc       ?ui_test1@RTest1_Shell@test1@test@modules@UModSys@@QAEXXZ 100014bc f   plugin_test1.obj
 0001:00000735       ?get_generated_names@RGenerator@test1@test@modules@UModSys@@UBEHAAUSUniquePtrList@core@5@@Z 10001735 f i plugin_test1.obj
 0001:0000074e       ?get_generated_types@RGenerator@test1@test@modules@UModSys@@UBEHAAUSUniquePtrList@core@5@PBUSUniquePointerInfo@75@@Z 1000174e f i plugin_test1.obj
 0001:00000782       ?generate@RGenerator@test1@test@modules@UModSys@@UAE_NAAU?$TRefObject@UIRefObject@core@UModSys@@U?$TRefObjectFunc@UIRefObject@core@UModSys@@@tl@3@@tl@5@PBUSUniquePointerInfo@core@5@ABUSParameters@95@@Z 10001782 f i plugin_test1.obj
 0001:00000804       ?root_get_interface_info@RGenerator@test1@test@modules@UModSys@@UBEABUSUniquePointerInfo@core@5@XZ 10001804 f i plugin_test1.obj
 0001:0000080a       ?root_get_interface_type@RGenerator@test1@test@modules@UModSys@@UBEPBUSUniquePointerInfo@core@5@XZ 1000180a f i plugin_test1.obj
 0001:00000810       ?root_get_other_interface@RGenerator@test1@test@modules@UModSys@@UBEPBUIRoot@core@5@PBUSUniquePointerInfo@75@@Z 10001810 f i plugin_test1.obj
 0001:00000810       ?root_get_other_interface@RGenerator@test1@test@modules@UModSys@@UAEPAUIRoot@core@5@PBUSUniquePointerInfo@75@@Z 10001810 f i plugin_test1.obj
 0001:00000829       ?root_is_interface_supported@RGenerator@test1@test@modules@UModSys@@UBE_NPBUSUniquePointerInfo@core@5@@Z 10001829 f i plugin_test1.obj
 0001:00000848       ?ref_add@RRenderDriver2D_SDL_core@SDL_core@ui@modules@UModSys@@UBEXXZ 10001848 f i umodsys_lib_libui:umodsys.mod.ui.SDL_core.obj
 0001:00000848       ?ref_add@RTest1_Shell@test1@test@modules@UModSys@@UBEXXZ 10001848 f i plugin_test1.obj
 0001:00000848       ?ref_add@RGenerator@test1@test@modules@UModSys@@UBEXXZ 10001848 f i plugin_test1.obj
 0001:00000848       ?ref_add@RTerminal_SDL_core@SDL_core@ui@modules@UModSys@@UBEXXZ 10001848 f i umodsys_lib_libui:umodsys.mod.ui.SDL_core.obj
 0001:00000848       ?ref_add@RGenerator@images_std@media@modules@UModSys@@UBEXXZ 10001848 f i umodsys_lib_libmedia:umodsys.mod.media.images_std.obj
 0001:00000848       ?ref_add@RGenerator@SDL_core@ui@modules@UModSys@@UBEXXZ 10001848 f i umodsys_lib_libui:umodsys.mod.ui.SDL_core.obj
 0001:0000084c       ?ref_remove@RTerminal_SDL_core@SDL_core@ui@modules@UModSys@@UBEXXZ 1000184c f i umodsys_lib_libui:umodsys.mod.ui.SDL_core.obj
 0001:0000084c       ?ref_remove@RGenerator@SDL_core@ui@modules@UModSys@@UBEXXZ 1000184c f i umodsys_lib_libui:umodsys.mod.ui.SDL_core.obj
 0001:0000084c       ?ref_remove@RRenderDriver2D_SDL_core@SDL_core@ui@modules@UModSys@@UBEXXZ 1000184c f i umodsys_lib_libui:umodsys.mod.ui.SDL_core.obj
 0001:0000084c       ?ref_remove@RGenerator@images_std@media@modules@UModSys@@UBEXXZ 1000184c f i umodsys_lib_libmedia:umodsys.mod.media.images_std.obj
 0001:0000084c       ?ref_remove@RGenerator@test1@test@modules@UModSys@@UBEXXZ 1000184c f i plugin_test1.obj
 0001:0000084c       ?ref_remove@RTest1_Shell@test1@test@modules@UModSys@@UBEXXZ 1000184c f i plugin_test1.obj
 0001:00000857       ?ref_links@RGenerator@SDL_core@ui@modules@UModSys@@UBEHXZ 10001857 f i umodsys_lib_libui:umodsys.mod.ui.SDL_core.obj
 0001:00000857       ?ref_links@RTerminal_SDL_core@SDL_core@ui@modules@UModSys@@UBEHXZ 10001857 f i umodsys_lib_libui:umodsys.mod.ui.SDL_core.obj
 0001:00000857       ?ref_links@RTest1_Shell@test1@test@modules@UModSys@@UBEHXZ 10001857 f i plugin_test1.obj
 0001:00000857       ?ref_links@RRenderDriver2D_SDL_core@SDL_core@ui@modules@UModSys@@UBEHXZ 10001857 f i umodsys_lib_libui:umodsys.mod.ui.SDL_core.obj
 0001:00000857       ?ref_links@RGenerator@images_std@media@modules@UModSys@@UBEHXZ 10001857 f i umodsys_lib_libmedia:umodsys.mod.media.images_std.obj
 0001:00000857       ?ref_links@RGenerator@test1@test@modules@UModSys@@UBEHXZ 10001857 f i plugin_test1.obj
 0001:0000085b       ?get_uid@RGenerator@test1@test@modules@UModSys@@UBEPBUSUniquePointerInfo@core@5@XZ 1000185b f i plugin_test1.obj
 0001:00000861       ?do_open@RModuleReg@test1@test@modules@UModSys@@UAE_NXZ 10001861 f i plugin_test1.obj
 0001:000008bf       ?do_close@RModuleReg@test1@test@modules@UModSys@@UAE_NXZ 100018bf f i plugin_test1.obj
 0001:0000090e       ?get_module@RGenerator@test1@test@modules@UModSys@@UBEPAUIModule@base@5@XZ 1000190e f   plugin_test1.obj
 0001:00000914       ?mod_inc@RGenerator@test1@test@modules@UModSys@@UBE_NXZ 10001914 f   plugin_test1.obj
 0001:0000091f       ?mod_dec@RGenerator@test1@test@modules@UModSys@@UBE_NXZ 1000191f f   plugin_test1.obj
 0001:0000092a       ?s_holder@RGenerator@test1@test@modules@UModSys@@SAAAU?$TTypeStaticHolder@URGenerator@test1@test@modules@UModSys@@@tl@5@XZ 1000192a f   plugin_test1.obj
 0001:0000095c       ??0?$TString@U?$TSCoreConst@D@su@tl@UModSys@@U?$TComparerBinaryHash@D@234@@tl@UModSys@@QAE@PBD@Z 1000195c f i plugin_test1.obj
 0001:00000976       ??4?$TRefObject@UIRefObject@core@UModSys@@U?$TRefObjectFunc@UIRefObject@core@UModSys@@@tl@3@@tl@UModSys@@QAEABU012@PAUIRefObject@core@2@@Z 10001976 f i plugin_test1.obj
 0001:00000991       ??0?$TParametersA@$0EAA@@core@UModSys@@QAE@XZ 10001991 f i plugin_test1.obj
 0001:000009c0       ??1?$TRefObject@URRenderDriver2D_SDL_core@SDL_core@ui@modules@UModSys@@U?$TRefObjectFunc@URRenderDriver2D_SDL_core@SDL_core@ui@modules@UModSys@@@tl@5@@tl@UModSys@@QAE@XZ 100019c0 f i umodsys_lib_libui:umodsys.mod.ui.SDL_core.obj
 0001:000009c0       ??1?$TRefObject@UITerminal@libui@UModSys@@U?$TRefObjectFunc@UITerminal@libui@UModSys@@@tl@3@@tl@UModSys@@QAE@XZ 100019c0 f i plugin_test1.obj
 0001:000009c0       ??1?$TRefObject@UIRenderDriver@lib2d@UModSys@@U?$TRefObjectFunc@UIRenderDriver@lib2d@UModSys@@@tl@3@@tl@UModSys@@QAE@XZ 100019c0 f i plugin_test1.obj
 0001:000009c0       ??1?$TRefObject@URTerminal_SDL_core@SDL_core@ui@modules@UModSys@@U?$TRefObjectFunc@URTerminal_SDL_core@SDL_core@ui@modules@UModSys@@@tl@5@@tl@UModSys@@QAE@XZ 100019c0 f i umodsys_lib_libui:umodsys.mod.ui.SDL_core.obj
 0001:000009c0       ??1?$TRefObject@UIRefObject@core@UModSys@@U?$TRefObjectFunc@UIRefObject@core@UModSys@@@tl@3@@tl@UModSys@@QAE@XZ 100019c0 f i plugin_test1.obj
 0001:000009c0       ??1?$TRefObject@URMediaFilter@images_std@media@modules@UModSys@@U?$TRefObjectFunc@URMediaFilter@images_std@media@modules@UModSys@@@tl@5@@tl@UModSys@@QAE@XZ 100019c0 f i umodsys_lib_libmedia:umodsys.mod.media.images_std.obj
 0001:000009cf       ?set@?$TString@U?$TSCoreConst@D@su@tl@UModSys@@U?$TComparerBinaryHash@D@234@@tl@UModSys@@QAEXPBD@Z 100019cf f i plugin_test1.obj
 0001:000009f8       ??_ERGenerator@SDL_core@ui@modules@UModSys@@UAEPAXI@Z 100019f8 f i  CIL library: CIL module
 0001:000009f8       ??_ERGenerator@test1@test@modules@UModSys@@UAEPAXI@Z 100019f8 f i  CIL library: CIL module
 0001:000009f8       ??_GRGenerator@images_std@media@modules@UModSys@@UAEPAXI@Z 100019f8 f i umodsys_lib_libmedia:umodsys.mod.media.images_std.obj
 0001:000009f8       ??_ERGenerator@images_std@media@modules@UModSys@@UAEPAXI@Z 100019f8 f i  CIL library: CIL module
 0001:000009f8       ??_EIRoot@core@UModSys@@UAEPAXI@Z 100019f8 f i  CIL library: CIL module
 0001:000009f8       ??_GIRoot@core@UModSys@@UAEPAXI@Z 100019f8 f i plugin_test1.obj
 0001:000009f8       ??_GRGenerator@SDL_core@ui@modules@UModSys@@UAEPAXI@Z 100019f8 f i umodsys_lib_libui:umodsys.mod.ui.SDL_core.obj
 0001:000009f8       ??_GRGenerator@test1@test@modules@UModSys@@UAEPAXI@Z 100019f8 f i plugin_test1.obj
 0001:00000a15       ?update@?$TComparerBinaryHash@D@su@tl@UModSys@@QAEXPBDI@Z 10001a15 f i plugin_test1.obj
 0001:00000a41       ??$t_generate@UITerminal@libui@UModSys@@@SModuleContext@base@UModSys@@QAE_NAAU?$TRefObject@UITerminal@libui@UModSys@@U?$TRefObjectFunc@UITerminal@libui@UModSys@@@tl@3@@tl@2@PBUSUniquePointerInfo@core@2@ABUSParameters@62@@Z 10001a41 f i plugin_test1.obj
 0001:00000add       ??$t_create_handler@UIRenderDriver@lib2d@UModSys@@@ITerminal@libui@UModSys@@QAE_NAAU?$TRefObject@UIRenderDriver@lib2d@UModSys@@U?$TRefObjectFunc@UIRenderDriver@lib2d@UModSys@@@tl@3@@tl@2@PBDPBUSParameters@core@2@@Z 10001add f i plugin_test1.obj
 0001:00000b61       ??1?$TRefObject@UIModObject@base@UModSys@@U?$TModObjectFunc@UIModObject@base@UModSys@@@tl@3@@tl@UModSys@@QAE@XZ 10001b61 f i plugin_test1.obj
 0001:00000b77       ?s_init@?$TModObjectFunc@UIModObject@base@UModSys@@@tl@UModSys@@SAXAAPAUIModObject@base@3@PAU453@@Z 10001b77 f i plugin_test1.obj
 0001:00000b90       ?remove@WeakPointer@IRefObject@core@UModSys@@QAEXXZ 10001b90 f i umodsys_lib_libui:umodsys.mod.ui.SDL_core.obj
 0001:00000bb6       ?root_get_interface_info@RRenderDriver2D_SDL_core@SDL_core@ui@modules@UModSys@@UBEABUSUniquePointerInfo@core@5@XZ 10001bb6 f i umodsys_lib_libui:umodsys.mod.ui.SDL_core.obj
 0001:00000bbc       ?root_get_interface_type@RRenderDriver2D_SDL_core@SDL_core@ui@modules@UModSys@@UBEPBUSUniquePointerInfo@core@5@XZ 10001bbc f i umodsys_lib_libui:umodsys.mod.ui.SDL_core.obj
 0001:00000bc2       ?root_get_other_interface@RRenderDriver2D_SDL_core@SDL_core@ui@modules@UModSys@@UAEPAUIRoot@core@5@PBUSUniquePointerInfo@75@@Z 10001bc2 f i umodsys_lib_libui:umodsys.mod.ui.SDL_core.obj
 0001:00000bc2       ?root_get_other_interface@RRenderDriver2D_SDL_core@SDL_core@ui@modules@UModSys@@UBEPBUIRoot@core@5@PBUSUniquePointerInfo@75@@Z 10001bc2 f i umodsys_lib_libui:umodsys.mod.ui.SDL_core.obj
 0001:00000be3       ?root_is_interface_supported@RRenderDriver2D_SDL_core@SDL_core@ui@modules@UModSys@@UBE_NPBUSUniquePointerInfo@core@5@@Z 10001be3 f i umodsys_lib_libui:umodsys.mod.ui.SDL_core.obj
 0001:00000c0a       ?suicide@RRenderDriver2D_SDL_core@SDL_core@ui@modules@UModSys@@UAEXXZ 10001c0a f i umodsys_lib_libui:umodsys.mod.ui.SDL_core.obj
 0001:00000c4a       ??0RRenderDriver2D_SDL_core@SDL_core@ui@modules@UModSys@@QAE@PAURTerminal_SDL_core@1234@ABUSParameters@core@4@@Z 10001c4a f i umodsys_lib_libui:umodsys.mod.ui.SDL_core.obj
 0001:00000cc2       ?close@RRenderDriver2D_SDL_core@SDL_core@ui@modules@UModSys@@QAEXXZ 10001cc2 f i umodsys_lib_libui:umodsys.mod.ui.SDL_core.obj
 0001:00000ce7       ?open@RRenderDriver2D_SDL_core@SDL_core@ui@modules@UModSys@@QAE_NABUSParameters@core@5@@Z 10001ce7 f i umodsys_lib_libui:umodsys.mod.ui.SDL_core.obj
 0001:00000dc9       ?set_color@RRenderDriver2D_SDL_core@SDL_core@ui@modules@UModSys@@QAEXXZ 10001dc9 f i umodsys_lib_libui:umodsys.mod.ui.SDL_core.obj
 0001:00000e2c       ?get_controller@RRenderDriver2D_SDL_core@SDL_core@ui@modules@UModSys@@UBEPAUIRefObject@core@5@PBUSUniquePointerInfo@75@@Z 10001e2c f i umodsys_lib_libui:umodsys.mod.ui.SDL_core.obj
 0001:00000e31       ?begin@RRenderDriver2D_SDL_core@SDL_core@ui@modules@UModSys@@UAEXXZ 10001e31 f i umodsys_lib_libui:umodsys.mod.ui.SDL_core.obj
 0001:00000e8e       ?end@RRenderDriver2D_SDL_core@SDL_core@ui@modules@UModSys@@UAEXXZ 10001e8e f i umodsys_lib_libui:umodsys.mod.ui.SDL_core.obj
 0001:00000e9d       ?get_max_values@RRenderDriver2D_SDL_core@SDL_core@ui@modules@UModSys@@UBEPBUSParameters@core@5@XZ 10001e9d f i umodsys_lib_libui:umodsys.mod.ui.SDL_core.obj
 0001:00000e9d       ?get_frame_values@RRenderDriver2D_SDL_core@SDL_core@ui@modules@UModSys@@UBEPBUSParameters@core@5@XZ 10001e9d f i umodsys_lib_libui:umodsys.mod.ui.SDL_core.obj
 0001:00000ea0       ?setup_color@RRenderDriver2D_SDL_core@SDL_core@ui@modules@UModSys@@UAEXABU?$TVector3@M@math3d@5@@Z 10001ea0 f i umodsys_lib_libui:umodsys.mod.ui.SDL_core.obj
 0001:00000ec7       ?setup_color@RRenderDriver2D_SDL_core@SDL_core@ui@modules@UModSys@@UAEXABU?$TVector3@H@math3d@5@@Z 10001ec7 f i umodsys_lib_libui:umodsys.mod.ui.SDL_core.obj
 0001:00000f0a       ?setup_coloralpha@RRenderDriver2D_SDL_core@SDL_core@ui@modules@UModSys@@UAEXABU?$TVector4@M@math3d@5@H@Z 10001f0a f i umodsys_lib_libui:umodsys.mod.ui.SDL_core.obj
 0001:00000f30       ?setup_coloralpha@RRenderDriver2D_SDL_core@SDL_core@ui@modules@UModSys@@UAEXABU?$TVector4@H@math3d@5@H@Z 10001f30 f i umodsys_lib_libui:umodsys.mod.ui.SDL_core.obj
 0001:00000f88       ?setup_blendcolor@RRenderDriver2D_SDL_core@SDL_core@ui@modules@UModSys@@UAEXABUSBlendColor@lib2d@5@@Z 10001f88 f i umodsys_lib_libui:umodsys.mod.ui.SDL_core.obj
 0001:00000fe0       ?setup_blendcolor@RRenderDriver2D_SDL_core@SDL_core@ui@modules@UModSys@@UAEXABUSBlendColorf@lib2d@5@@Z 10001fe0 f i umodsys_lib_libui:umodsys.mod.ui.SDL_core.obj
 0001:00001022       ?setup_alpha@RRenderDriver2D_SDL_core@SDL_core@ui@modules@UModSys@@UAEXHH@Z 10002022 f i umodsys_lib_libui:umodsys.mod.ui.SDL_core.obj
 0001:00001048       ?setup_alpha@RRenderDriver2D_SDL_core@SDL_core@ui@modules@UModSys@@UAEXMH@Z 10002048 f i umodsys_lib_libui:umodsys.mod.ui.SDL_core.obj
 0001:00001068       ?render_text_advanced@RRenderDriver2D_SDL_core@SDL_core@ui@modules@UModSys@@UAE_NAAUTextInfo@IRenderDriver@lib2d@5@PBHH@Z 10002068 f i umodsys_lib_libui:umodsys.mod.ui.SDL_core.obj
 0001:0000106d       ?render_box@RRenderDriver2D_SDL_core@SDL_core@ui@modules@UModSys@@UAEXABU?$TVector2@H@math3d@5@0@Z 1000206d f i umodsys_lib_libui:umodsys.mod.ui.SDL_core.obj
 0001:000010ba       ?render_tri@RRenderDriver2D_SDL_core@SDL_core@ui@modules@UModSys@@UAEXABU?$TVector2@H@math3d@5@00@Z 100020ba f i umodsys_lib_libui:umodsys.mod.ui.SDL_core.obj
 0001:000010bd       ?render_quad@RRenderDriver2D_SDL_core@SDL_core@ui@modules@UModSys@@UAEXABU?$TVector2@H@math3d@5@000@Z 100020bd f i umodsys_lib_libui:umodsys.mod.ui.SDL_core.obj
 0001:000010c0       ?render_box@RRenderDriver2D_SDL_core@SDL_core@ui@modules@UModSys@@UAEXPAUIImage@lib2d@5@ABU?$TVector2@H@math3d@5@1ABU?$TVector2@M@95@2@Z 100020c0 f i umodsys_lib_libui:umodsys.mod.ui.SDL_core.obj
 0001:000010c3       ?render_line@RRenderDriver2D_SDL_core@SDL_core@ui@modules@UModSys@@UAEXABU?$TVector2@H@math3d@5@0@Z 100020c3 f i umodsys_lib_libui:umodsys.mod.ui.SDL_core.obj
 0001:000010e8       ?render_rect@RRenderDriver2D_SDL_core@SDL_core@ui@modules@UModSys@@UAEXABU?$TVector2@H@math3d@5@0@Z 100020e8 f i umodsys_lib_libui:umodsys.mod.ui.SDL_core.obj
 0001:00001135       ??_ERRenderDriver2D_SDL_core@SDL_core@ui@modules@UModSys@@UAEPAXI@Z 10002135 f i  CIL library: CIL module
 0001:00001135       ??_GRRenderDriver2D_SDL_core@SDL_core@ui@modules@UModSys@@UAEPAXI@Z 10002135 f i umodsys_lib_libui:umodsys.mod.ui.SDL_core.obj
 0001:0000115d       ??1IRenderDriver@lib2d@UModSys@@UAE@XZ 1000215d f i umodsys_lib_libui:umodsys.mod.ui.SDL_core.obj
 0001:0000115d       ??1IBinObjFilter@libmedia@UModSys@@UAE@XZ 1000215d f i plugin_test1.obj
 0001:0000115d       ??1ITerminal@libui@UModSys@@UAE@XZ 1000215d f i umodsys_lib_libui:umodsys.mod.ui.SDL_core.obj
 0001:0000115d       ??1IShell@base@UModSys@@UAE@XZ 1000215d f i plugin_test1.obj
 0001:00001164       ?root_get_interface_info@RTerminal_SDL_core@SDL_core@ui@modules@UModSys@@UBEABUSUniquePointerInfo@core@5@XZ 10002164 f i umodsys_lib_libui:umodsys.mod.ui.SDL_core.obj
 0001:0000116a       ?root_get_interface_type@RTerminal_SDL_core@SDL_core@ui@modules@UModSys@@UBEPBUSUniquePointerInfo@core@5@XZ 1000216a f i umodsys_lib_libui:umodsys.mod.ui.SDL_core.obj
 0001:00001170       ?root_get_other_interface@RTerminal_SDL_core@SDL_core@ui@modules@UModSys@@UBEPBUIRoot@core@5@PBUSUniquePointerInfo@75@@Z 10002170 f i umodsys_lib_libui:umodsys.mod.ui.SDL_core.obj
 0001:00001170       ?root_get_other_interface@RTerminal_SDL_core@SDL_core@ui@modules@UModSys@@UAEPAUIRoot@core@5@PBUSUniquePointerInfo@75@@Z 10002170 f i umodsys_lib_libui:umodsys.mod.ui.SDL_core.obj
 0001:00001191       ?root_is_interface_supported@RTerminal_SDL_core@SDL_core@ui@modules@UModSys@@UBE_NPBUSUniquePointerInfo@core@5@@Z 10002191 f i umodsys_lib_libui:umodsys.mod.ui.SDL_core.obj
 0001:000011b8       ??0RTerminal_SDL_core@SDL_core@ui@modules@UModSys@@QAE@PAUIModObject@base@4@ABUSParameters@core@4@@Z 100021b8 f i umodsys_lib_libui:umodsys.mod.ui.SDL_core.obj
 0001:00001214       ?poll_events@RTerminal_SDL_core@SDL_core@ui@modules@UModSys@@UAE_NH@Z 10002214 f i umodsys_lib_libui:umodsys.mod.ui.SDL_core.obj
 0001:00001297       ?get_terminal_state@RTerminal_SDL_core@SDL_core@ui@modules@UModSys@@UAE_NW4eTerminalState@libui@5@@Z 10002297 f i umodsys_lib_libui:umodsys.mod.ui.SDL_core.obj
 0001:000012ae       ?set_terminal_state@RTerminal_SDL_core@SDL_core@ui@modules@UModSys@@UAE_NW4eTerminalState@libui@5@_N@Z 100022ae f i umodsys_lib_libui:umodsys.mod.ui.SDL_core.obj
 0001:000012ef       ?get_clock@RTerminal_SDL_core@SDL_core@ui@modules@UModSys@@UAENXZ 100022ef f i umodsys_lib_libui:umodsys.mod.ui.SDL_core.obj
 0001:00001307       ?wait@RTerminal_SDL_core@SDL_core@ui@modules@UModSys@@UAE_NM@Z 10002307 f i umodsys_lib_libui:umodsys.mod.ui.SDL_core.obj
 0001:00001322       ?get_count@RTerminal_SDL_core@SDL_core@ui@modules@UModSys@@UBEIPBUSUniquePointerInfo@core@5@@Z 10002322 f i umodsys_lib_libui:umodsys.mod.ui.SDL_core.obj
 0001:0000133d       ?get_handler@RTerminal_SDL_core@SDL_core@ui@modules@UModSys@@UBEPAUIRefObject@core@5@PBUSUniquePointerInfo@75@I@Z 1000233d f i umodsys_lib_libui:umodsys.mod.ui.SDL_core.obj
 0001:0000135d       ?get_handler@RTerminal_SDL_core@SDL_core@ui@modules@UModSys@@UBEPAUIRefObject@core@5@PBUSUniquePointerInfo@75@PBD@Z 1000235d f i umodsys_lib_libui:umodsys.mod.ui.SDL_core.obj
 0001:0000135d       ?get_friend_handler@RTerminal_SDL_core@SDL_core@ui@modules@UModSys@@UBEPAUIRefObject@core@5@PBUSUniquePointerInfo@75@PAU675@@Z 1000235d f i umodsys_lib_libui:umodsys.mod.ui.SDL_core.obj
 0001:00001362       ?create_handler@RTerminal_SDL_core@SDL_core@ui@modules@UModSys@@UAE_NPBUSUniquePointerInfo@core@5@AAU?$TRefObject@UIRefObject@core@UModSys@@U?$TRefObjectFunc@UIRefObject@core@UModSys@@@tl@3@@tl@5@PBDPBUSParameters@75@@Z 10002362 f i umodsys_lib_libui:umodsys.mod.ui.SDL_core.obj
 0001:0000142b       ??_ERTerminal_SDL_core@SDL_core@ui@modules@UModSys@@UAEPAXI@Z 1000242b f i  CIL library: CIL module
 0001:0000142b       ??_GRTerminal_SDL_core@SDL_core@ui@modules@UModSys@@UAEPAXI@Z 1000242b f i umodsys_lib_libui:umodsys.mod.ui.SDL_core.obj
 0001:00001486       ?get_terminal@RRenderDriver2D_SDL_core@SDL_core@ui@modules@UModSys@@UBEPAUITerminal@libui@5@XZ 10002486 f   umodsys_lib_libui:umodsys.mod.ui.SDL_core.obj
 0001:0000148a       ?get_generated_names@RGenerator@SDL_core@ui@modules@UModSys@@UBEHAAUSUniquePtrList@core@5@@Z 1000248a f i umodsys_lib_libui:umodsys.mod.ui.SDL_core.obj
 0001:000014a3       ?get_generated_types@RGenerator@SDL_core@ui@modules@UModSys@@UBEHAAUSUniquePtrList@core@5@PBUSUniquePointerInfo@75@@Z 100024a3 f i umodsys_lib_libui:umodsys.mod.ui.SDL_core.obj
 0001:000014d5       ?generate@RGenerator@SDL_core@ui@modules@UModSys@@UAE_NAAU?$TRefObject@UIRefObject@core@UModSys@@U?$TRefObjectFunc@UIRefObject@core@UModSys@@@tl@3@@tl@5@PBUSUniquePointerInfo@core@5@ABUSParameters@95@@Z 100024d5 f i umodsys_lib_libui:umodsys.mod.ui.SDL_core.obj
 0001:000014f6       ?root_get_interface_info@RGenerator@SDL_core@ui@modules@UModSys@@UBEABUSUniquePointerInfo@core@5@XZ 100024f6 f i umodsys_lib_libui:umodsys.mod.ui.SDL_core.obj
 0001:000014fc       ?root_get_interface_type@RGenerator@SDL_core@ui@modules@UModSys@@UBEPBUSUniquePointerInfo@core@5@XZ 100024fc f i umodsys_lib_libui:umodsys.mod.ui.SDL_core.obj
 0001:00001502       ?root_get_other_interface@RGenerator@SDL_core@ui@modules@UModSys@@UBEPBUIRoot@core@5@PBUSUniquePointerInfo@75@@Z 10002502 f i umodsys_lib_libui:umodsys.mod.ui.SDL_core.obj
 0001:00001502       ?root_get_other_interface@RGenerator@SDL_core@ui@modules@UModSys@@UAEPAUIRoot@core@5@PBUSUniquePointerInfo@75@@Z 10002502 f i umodsys_lib_libui:umodsys.mod.ui.SDL_core.obj
 0001:0000151b       ?root_is_interface_supported@RGenerator@SDL_core@ui@modules@UModSys@@UBE_NPBUSUniquePointerInfo@core@5@@Z 1000251b f i umodsys_lib_libui:umodsys.mod.ui.SDL_core.obj
 0001:0000153a       ?get_uid@RGenerator@SDL_core@ui@modules@UModSys@@UBEPBUSUniquePointerInfo@core@5@XZ 1000253a f i umodsys_lib_libui:umodsys.mod.ui.SDL_core.obj
 0001:00001540       ?do_open@RModuleReg@SDL_core@ui@modules@UModSys@@UAE_NXZ 10002540 f i umodsys_lib_libui:umodsys.mod.ui.SDL_core.obj
 0001:0000158e       ?do_close@RModuleReg@SDL_core@ui@modules@UModSys@@UAE_NXZ 1000258e f i umodsys_lib_libui:umodsys.mod.ui.SDL_core.obj
 0001:000015c9       ?get_module@RGenerator@SDL_core@ui@modules@UModSys@@UBEPAUIModule@base@5@XZ 100025c9 f   umodsys_lib_libui:umodsys.mod.ui.SDL_core.obj
 0001:000015cf       ?mod_inc@RGenerator@SDL_core@ui@modules@UModSys@@UBE_NXZ 100025cf f   umodsys_lib_libui:umodsys.mod.ui.SDL_core.obj
 0001:000015da       ?mod_dec@RGenerator@SDL_core@ui@modules@UModSys@@UBE_NXZ 100025da f   umodsys_lib_libui:umodsys.mod.ui.SDL_core.obj
 0001:000015e5       ?s_holder@RGenerator@SDL_core@ui@modules@UModSys@@SAAAU?$TTypeStaticHolder@URGenerator@SDL_core@ui@modules@UModSys@@@tl@5@XZ 100025e5 f   umodsys_lib_libui:umodsys.mod.ui.SDL_core.obj
 0001:00001617       ??$t_close@U?$TRefObject@URRenderDriver2D_SDL_core@SDL_core@ui@modules@UModSys@@U?$TRefObjectWeakFunc@URRenderDriver2D_SDL_core@SDL_core@ui@modules@UModSys@@@tl@5@@tl@UModSys@@@SDL_core@ui@modules@UModSys@@YA_NAAU?$TScatterArray@U?$TRefObject@URRenderDriver2D_SDL_core@SDL_core@ui@modules@UModSys@@U?$TRefObjectWeakFunc@URRenderDriver2D_SDL_core@SDL_core@ui@modules@UModSys@@@tl@5@@tl@UModSys@@HU?$TScalarCompare@H@core@3@U?$TNodeDeleter0@U?$TScatterArrayNode@U?$TRefObject@URRenderDriver2D_SDL_core@SDL_core@ui@modules@UModSys@@U?$TRefObjectWeakFunc@URRenderDriver2D_SDL_core@SDL_core@ui@modules@UModSys@@@tl@5@@tl@UModSys@@H@tl@UModSys@@@23@@tl@3@@Z 10002617 f i umodsys_lib_libui:umodsys.mod.ui.SDL_core.obj
 0001:00001670       ??$t_count@U?$TRefObject@URRenderDriver2D_SDL_core@SDL_core@ui@modules@UModSys@@U?$TRefObjectWeakFunc@URRenderDriver2D_SDL_core@SDL_core@ui@modules@UModSys@@@tl@5@@tl@UModSys@@@SDL_core@ui@modules@UModSys@@YAIABU?$TScatterArray@U?$TRefObject@URRenderDriver2D_SDL_core@SDL_core@ui@modules@UModSys@@U?$TRefObjectWeakFunc@URRenderDriver2D_SDL_core@SDL_core@ui@modules@UModSys@@@tl@5@@tl@UModSys@@HU?$TScalarCompare@H@core@3@U?$TNodeDeleter0@U?$TScatterArrayNode@U?$TRefObject@URRenderDriver2D_SDL_core@SDL_core@ui@modules@UModSys@@U?$TRefObjectWeakFunc@URRenderDriver2D_SDL_core@SDL_core@ui@modules@UModSys@@@tl@5@@tl@UModSys@@H@tl@UModSys@@@23@@tl@3@@Z 10002670 f i umodsys_lib_libui:umodsys.mod.ui.SDL_core.obj
 0001:000016bb       ??$t_get@U?$TRefObject@URRenderDriver2D_SDL_core@SDL_core@ui@modules@UModSys@@U?$TRefObjectWeakFunc@URRenderDriver2D_SDL_core@SDL_core@ui@modules@UModSys@@@tl@5@@tl@UModSys@@@SDL_core@ui@modules@UModSys@@YAPAUIRefObject@core@3@ABU?$TScatterArray@U?$TRefObject@URRenderDriver2D_SDL_core@SDL_core@ui@modules@UModSys@@U?$TRefObjectWeakFunc@URRenderDriver2D_SDL_core@SDL_core@ui@modules@UModSys@@@tl@5@@tl@UModSys@@HU?$TScalarCompare@H@core@3@U?$TNodeDeleter0@U?$TScatterArrayNode@U?$TRefObject@URRenderDriver2D_SDL_core@SDL_core@ui@modules@UModSys@@U?$TRefObjectWeakFunc@URRenderDriver2D_SDL_core@SDL_core@ui@modules@UModSys@@@tl@5@@tl@UModSys@@H@tl@UModSys@@@23@@tl@3@I@Z 100026bb f i umodsys_lib_libui:umodsys.mod.ui.SDL_core.obj
 0001:0000171a       ??$ValidateConstruction@UIRefObject@core@UModSys@@URRenderDriver2D_SDL_core@SDL_core@ui@modules@3@@core@UModSys@@YA_NAAU?$TRefObject@UIRefObject@core@UModSys@@U?$TRefObjectFunc@UIRefObject@core@UModSys@@@tl@3@@tl@1@U?$TRefObject@URRenderDriver2D_SDL_core@SDL_core@ui@modules@UModSys@@U?$TRefObjectFunc@URRenderDriver2D_SDL_core@SDL_core@ui@modules@UModSys@@@tl@5@@31@@Z 1000271a f i umodsys_lib_libui:umodsys.mod.ui.SDL_core.obj
 0001:00001771       ??$t_add@U?$TRefObject@URRenderDriver2D_SDL_core@SDL_core@ui@modules@UModSys@@U?$TRefObjectWeakFunc@URRenderDriver2D_SDL_core@SDL_core@ui@modules@UModSys@@@tl@5@@tl@UModSys@@URRenderDriver2D_SDL_core@SDL_core@ui@modules@3@@SDL_core@ui@modules@UModSys@@YA_NAAU?$TScatterArray@U?$TRefObject@URRenderDriver2D_SDL_core@SDL_core@ui@modules@UModSys@@U?$TRefObjectWeakFunc@URRenderDriver2D_SDL_core@SDL_core@ui@modules@UModSys@@@tl@5@@tl@UModSys@@HU?$TScalarCompare@H@core@3@U?$TNodeDeleter0@U?$TScatterArrayNode@U?$TRefObject@URRenderDriver2D_SDL_core@SDL_core@ui@modules@UModSys@@U?$TRefObjectWeakFunc@URRenderDriver2D_SDL_core@SDL_core@ui@modules@UModSys@@@tl@5@@tl@UModSys@@H@tl@UModSys@@@23@@tl@3@PAURRenderDriver2D_SDL_core@0123@@Z 10002771 f i umodsys_lib_libui:umodsys.mod.ui.SDL_core.obj
 0001:000017d0       ??$t_gen_param@URTerminal_SDL_core@SDL_core@ui@modules@UModSys@@URGenerator@2345@@IGenerator@base@UModSys@@IAE_NPAURGenerator@SDL_core@ui@modules@2@AAU?$TRefObject@UIRefObject@core@UModSys@@U?$TRefObjectFunc@UIRefObject@core@UModSys@@@tl@3@@tl@2@PBUSUniquePointerInfo@core@2@ABUSParameters@core@2@@Z 100027d0 f i umodsys_lib_libui:umodsys.mod.ui.SDL_core.obj
 0001:00001862       ??E?$TTreeIterRB@$$CBU?$TScatterArrayNode@U?$TRefObject@URRenderDriver2D_SDL_core@SDL_core@ui@modules@UModSys@@U?$TRefObjectWeakFunc@URRenderDriver2D_SDL_core@SDL_core@ui@modules@UModSys@@@tl@5@@tl@UModSys@@H@tl@UModSys@@$$CBU?$TPair@HU?$TRefObject@URRenderDriver2D_SDL_core@SDL_core@ui@modules@UModSys@@U?$TRefObjectWeakFunc@URRenderDriver2D_SDL_core@SDL_core@ui@modules@UModSys@@@tl@5@@tl@UModSys@@@23@@tl@UModSys@@QAE?AU012@XZ 10002862 f i umodsys_lib_libui:umodsys.mod.ui.SDL_core.obj
 0001:0000188c       ??$process_nodes_r@U?$TNodeDeleter0@U?$TScatterArrayNode@U?$TRefObject@URRenderDriver2D_SDL_core@SDL_core@ui@modules@UModSys@@U?$TRefObjectWeakFunc@URRenderDriver2D_SDL_core@SDL_core@ui@modules@UModSys@@@tl@5@@tl@UModSys@@H@tl@UModSys@@@tl@UModSys@@@?$TTreeHoldRB@U?$TScatterArrayNode@U?$TRefObject@URRenderDriver2D_SDL_core@SDL_core@ui@modules@UModSys@@U?$TRefObjectWeakFunc@URRenderDriver2D_SDL_core@SDL_core@ui@modules@UModSys@@@tl@5@@tl@UModSys@@H@tl@UModSys@@@tl@UModSys@@KAHPAU?$TScatterArrayNode@U?$TRefObject@URRenderDriver2D_SDL_core@SDL_core@ui@modules@UModSys@@U?$TRefObjectWeakFunc@URRenderDriver2D_SDL_core@SDL_core@ui@modules@UModSys@@@tl@5@@tl@UModSys@@H@12@ABU?$TNodeDeleter0@U?$TScatterArrayNode@U?$TRefObject@URRenderDriver2D_SDL_core@SDL_core@ui@modules@UModSys@@U?$TRefObjectWeakFunc@URRenderDriver2D_SDL_core@SDL_core@ui@modules@UModSys@@@tl@5@@tl@UModSys@@H@tl@UModSys@@@12@@Z 1000288c f i umodsys_lib_libui:umodsys.mod.ui.SDL_core.obj
 0001:000018d5       ??$genx_node@UCmp@?$TScatterArray@U?$TRefObject@URRenderDriver2D_SDL_core@SDL_core@ui@modules@UModSys@@U?$TRefObjectWeakFunc@URRenderDriver2D_SDL_core@SDL_core@ui@modules@UModSys@@@tl@5@@tl@UModSys@@HU?$TScalarCompare@H@core@3@U?$TNodeDeleter0@U?$TScatterArrayNode@U?$TRefObject@URRenderDriver2D_SDL_core@SDL_core@ui@modules@UModSys@@U?$TRefObjectWeakFunc@URRenderDriver2D_SDL_core@SDL_core@ui@modules@UModSys@@@tl@5@@tl@UModSys@@H@tl@UModSys@@@23@@tl@UModSys@@UGen0@234@@?$TTreeHoldRBD@U?$TScatterArrayNode@U?$TRefObject@URRenderDriver2D_SDL_core@SDL_core@ui@modules@UModSys@@U?$TRefObjectWeakFunc@URRenderDriver2D_SDL_core@SDL_core@ui@modules@UModSys@@@tl@5@@tl@UModSys@@H@tl@UModSys@@U?$TNodeDeleter0@U?$TScatterArrayNode@U?$TRefObject@URRenderDriver2D_SDL_core@SDL_core@ui@modules@UModSys@@U?$TRefObjectWeakFunc@URRenderDriver2D_SDL_core@SDL_core@ui@modules@UModSys@@@tl@5@@tl@UModSys@@H@tl@UModSys@@@23@@tl@UModSys@@QAEPAU?$TScatterArrayNode@U?$TRefObject@URRenderDriver2D_SDL_core@SDL_core@ui@modules@UModSys@@U?$TRefObjectWeakFunc@URRenderDriver2D_SDL_core@SDL_core@ui@modules@UModSys@@@tl@5@@tl@UModSys@@H@12@UCmp@?$TScatterArray@U?$TRefObject@URRenderDriver2D_SDL_core@SDL_core@ui@modules@UModSys@@U?$TRefObjectWeakFunc@URRenderDriver2D_SDL_core@SDL_core@ui@modules@UModSys@@@tl@5@@tl@UModSys@@HU?$TScalarCompare@H@core@3@U?$TNodeDeleter0@U?$TScatterArrayNode@U?$TRefObject@URRenderDriver2D_SDL_core@SDL_core@ui@modules@UModSys@@U?$TRefObjectWeakFunc@URRenderDriver2D_SDL_core@SDL_core@ui@modules@UModSys@@@tl@5@@tl@UModSys@@H@tl@UModSys@@@23@@12@ABUGen0@512@PAPAU312@2_N@Z 100028d5 f i umodsys_lib_libui:umodsys.mod.ui.SDL_core.obj
 0001:00001964       ?sub_insert_node@?$TTreeHoldRB@U?$TScatterArrayNode@U?$TRefObject@URRenderDriver2D_SDL_core@SDL_core@ui@modules@UModSys@@U?$TRefObjectWeakFunc@URRenderDriver2D_SDL_core@SDL_core@ui@modules@UModSys@@@tl@5@@tl@UModSys@@H@tl@UModSys@@@tl@UModSys@@QAEXPAU?$TScatterArrayNode@U?$TRefObject@URRenderDriver2D_SDL_core@SDL_core@ui@modules@UModSys@@U?$TRefObjectWeakFunc@URRenderDriver2D_SDL_core@SDL_core@ui@modules@UModSys@@@tl@5@@tl@UModSys@@H@23@0H@Z 10002964 f i umodsys_lib_libui:umodsys.mod.ui.SDL_core.obj
 0001:000019b2       ??0?$TScatterArrayNode@U?$TRefObject@URRenderDriver2D_SDL_core@SDL_core@ui@modules@UModSys@@U?$TRefObjectWeakFunc@URRenderDriver2D_SDL_core@SDL_core@ui@modules@UModSys@@@tl@5@@tl@UModSys@@H@tl@UModSys@@QAE@ABH@Z 100029b2 f i umodsys_lib_libui:umodsys.mod.ui.SDL_core.obj
 0001:000019f9       ??1?$TRefObject@URRenderDriver2D_SDL_core@SDL_core@ui@modules@UModSys@@U?$TRefObjectWeakFunc@URRenderDriver2D_SDL_core@SDL_core@ui@modules@UModSys@@@tl@5@@tl@UModSys@@QAE@XZ 100029f9 f i umodsys_lib_libui:umodsys.mod.ui.SDL_core.obj
 0001:000019fe       ?insert_color@?$TTreeHoldRB@U?$TScatterArrayNode@U?$TRefObject@URRenderDriver2D_SDL_core@SDL_core@ui@modules@UModSys@@U?$TRefObjectWeakFunc@URRenderDriver2D_SDL_core@SDL_core@ui@modules@UModSys@@@tl@5@@tl@UModSys@@H@tl@UModSys@@@tl@UModSys@@IAEXPAU?$TScatterArrayNode@U?$TRefObject@URRenderDriver2D_SDL_core@SDL_core@ui@modules@UModSys@@U?$TRefObjectWeakFunc@URRenderDriver2D_SDL_core@SDL_core@ui@modules@UModSys@@@tl@5@@tl@UModSys@@H@23@@Z 100029fe f i umodsys_lib_libui:umodsys.mod.ui.SDL_core.obj
 0001:00001aac       ?rotate_left@?$TTreeHoldRB@U?$TScatterArrayNode@U?$TRefObject@URRenderDriver2D_SDL_core@SDL_core@ui@modules@UModSys@@U?$TRefObjectWeakFunc@URRenderDriver2D_SDL_core@SDL_core@ui@modules@UModSys@@@tl@5@@tl@UModSys@@H@tl@UModSys@@@tl@UModSys@@IAEXPAU?$TScatterArrayNode@U?$TRefObject@URRenderDriver2D_SDL_core@SDL_core@ui@modules@UModSys@@U?$TRefObjectWeakFunc@URRenderDriver2D_SDL_core@SDL_core@ui@modules@UModSys@@@tl@5@@tl@UModSys@@H@23@@Z 10002aac f i umodsys_lib_libui:umodsys.mod.ui.SDL_core.obj
 0001:00001aeb       ?rotate_right@?$TTreeHoldRB@U?$TScatterArrayNode@U?$TRefObject@URRenderDriver2D_SDL_core@SDL_core@ui@modules@UModSys@@U?$TRefObjectWeakFunc@URRenderDriver2D_SDL_core@SDL_core@ui@modules@UModSys@@@tl@5@@tl@UModSys@@H@tl@UModSys@@@tl@UModSys@@IAEXPAU?$TScatterArrayNode@U?$TRefObject@URRenderDriver2D_SDL_core@SDL_core@ui@modules@UModSys@@U?$TRefObjectWeakFunc@URRenderDriver2D_SDL_core@SDL_core@ui@modules@UModSys@@@tl@5@@tl@UModSys@@H@23@@Z 10002aeb f i umodsys_lib_libui:umodsys.mod.ui.SDL_core.obj
 0001:00001b2a       ?alloc@SMemShared@core@UModSys@@QAE_NIPAUSSourceContext@23@@Z 10002b2a f i umodsys_lib_libmedia:umodsys.mod.media.images_std.obj
 0001:00001b54       ??0SParameters@core@UModSys@@QAE@H@Z 10002b54 f i umodsys_lib_libmedia:umodsys.mod.media.images_std.obj
 0001:00001b7f       ?get@SParameters@core@UModSys@@QBE_NPBDAA_N@Z 10002b7f f i umodsys_lib_libmedia:umodsys.mod.media.images_std.obj
 0001:00001bb4       ?is_extension_nocase@libmedia@UModSys@@YA_NABU?$TString@U?$TSCoreConst@D@su@tl@UModSys@@U?$TComparerBinaryHash@D@234@@tl@2@0@Z 10002bb4 f i umodsys_lib_libmedia:umodsys.mod.media.images_std.obj
 0001:00001be2       ?root_get_interface_info@RMediaFilter@images_std@media@modules@UModSys@@UBEABUSUniquePointerInfo@core@5@XZ 10002be2 f i umodsys_lib_libmedia:umodsys.mod.media.images_std.obj
 0001:00001be8       ?root_get_interface_type@RMediaFilter@images_std@media@modules@UModSys@@UBEPBUSUniquePointerInfo@core@5@XZ 10002be8 f i umodsys_lib_libmedia:umodsys.mod.media.images_std.obj
 0001:00001bee       ?root_get_other_interface@RMediaFilter@images_std@media@modules@UModSys@@UBEPBUIRoot@core@5@PBUSUniquePointerInfo@75@@Z 10002bee f i umodsys_lib_libmedia:umodsys.mod.media.images_std.obj
 0001:00001bee       ?root_get_other_interface@RMediaFilter@images_std@media@modules@UModSys@@UAEPAUIRoot@core@5@PBUSUniquePointerInfo@75@@Z 10002bee f i umodsys_lib_libmedia:umodsys.mod.media.images_std.obj
 0001:00001c0f       ?root_is_interface_supported@RMediaFilter@images_std@media@modules@UModSys@@UBE_NPBUSUniquePointerInfo@core@5@@Z 10002c0f f i umodsys_lib_libmedia:umodsys.mod.media.images_std.obj
 0001:00001c36       ?ref_add@RMediaFilter@images_std@media@modules@UModSys@@UBEXXZ 10002c36 f i umodsys_lib_libmedia:umodsys.mod.media.images_std.obj
 0001:00001c3a       ?ref_remove@RMediaFilter@images_std@media@modules@UModSys@@UBEXXZ 10002c3a f i umodsys_lib_libmedia:umodsys.mod.media.images_std.obj
 0001:00001c45       ?ref_links@RMediaFilter@images_std@media@modules@UModSys@@UBEHXZ 10002c45 f i umodsys_lib_libmedia:umodsys.mod.media.images_std.obj
 0001:00001c49       ?ref_weak@RMediaFilter@images_std@media@modules@UModSys@@UBE_NAAUWeakPointer@IRefObject@core@5@@Z 10002c49 f i umodsys_lib_libmedia:umodsys.mod.media.images_std.obj
 0001:00001c68       ?suicide@RMediaFilter@images_std@media@modules@UModSys@@UAEXXZ 10002c68 f i umodsys_lib_libmedia:umodsys.mod.media.images_std.obj
 0001:00001caf       ?get_flag@RMediaFilter@images_std@media@modules@UModSys@@UBE?AW4eStates@?$TFlags4State@USMediaFlagUid@libmedia@UModSys@@I@tl@5@H@Z 10002caf f i umodsys_lib_libmedia:umodsys.mod.media.images_std.obj
 0001:00001cc2       ?get_flags_auto@RMediaFilter@images_std@media@modules@UModSys@@UBE?AU?$TFlags4State@USMediaFlagUid@libmedia@UModSys@@I@tl@5@XZ 10002cc2 f i umodsys_lib_libmedia:umodsys.mod.media.images_std.obj
 0001:00001cd1       ?set_flag@RMediaFilter@images_std@media@modules@UModSys@@UAE?AW4eStates@?$TFlags4State@USMediaFlagUid@libmedia@UModSys@@I@tl@5@HW46785@@Z 10002cd1 f i umodsys_lib_libmedia:umodsys.mod.media.images_std.obj
 0001:00001cfe       ??0RMediaFilter@images_std@media@modules@UModSys@@QAE@PAUIModObject@base@4@ABUSParameters@core@4@@Z 10002cfe f i umodsys_lib_libmedia:umodsys.mod.media.images_std.obj
 0001:00001d6d       ??_ERMediaFilter@images_std@media@modules@UModSys@@UAEPAXI@Z 10002d6d f i  CIL library: CIL module
 0001:00001d6d       ??_GRMediaFilter@images_std@media@modules@UModSys@@UAEPAXI@Z 10002d6d f i umodsys_lib_libmedia:umodsys.mod.media.images_std.obj
 0001:00001dd8       ?filter_load@RMediaFilter@images_std@media@modules@UModSys@@UAE_NABUSInfo@IBinObjFilter@libmedia@5@PAUIRefObject@core@5@@Z 10002dd8 f   umodsys_lib_libmedia:umodsys.mod.media.images_std.obj
 0001:00001fbf       ?filter_save@RMediaFilter@images_std@media@modules@UModSys@@UAE_NAAUSInfo@IBinObjFilter@libmedia@5@PBUIRefObject@core@5@@Z 10002fbf f   umodsys_lib_libmedia:umodsys.mod.media.images_std.obj
 0001:00001fbf       ?set_parameters@RRenderDriver2D_SDL_core@SDL_core@ui@modules@UModSys@@UAE_NPBDABUSParameters@core@5@@Z 10002fbf f   umodsys_lib_libui:umodsys.mod.ui.SDL_core.obj
 0001:00001fbf       ?filter_load@RMediaFilter@images_std@media@modules@UModSys@@UAE_NABUSInfo@IBinObjFilter@libmedia@5@AAU?$TRefObject@UIRefObject@core@UModSys@@U?$TRefObjectFunc@UIRefObject@core@UModSys@@@tl@3@@tl@5@@Z 10002fbf f   umodsys_lib_libmedia:umodsys.mod.media.images_std.obj
 0001:00001fbf       ?setup_font@RRenderDriver2D_SDL_core@SDL_core@ui@modules@UModSys@@UAE_NPAUIMultiImage@lib2d@5@PBU?$TVector2@M@math3d@5@@Z 10002fbf f   umodsys_lib_libui:umodsys.mod.ui.SDL_core.obj
 0001:0000200b       ?suicide@RGenerator@test1@test@modules@UModSys@@UAEXXZ 1000300b f   plugin_test1.obj
 0001:0000200b       ??3@YAXPAX0@Z              1000300b f   plugin_test1.obj
 0001:0000200b       ?suicide@RGenerator@images_std@media@modules@UModSys@@UAEXXZ 1000300b f   umodsys_lib_libmedia:umodsys.mod.media.images_std.obj
 0001:0000200b       ?suicide@RGenerator@SDL_core@ui@modules@UModSys@@UAEXXZ 1000300b f   umodsys_lib_libui:umodsys.mod.ui.SDL_core.obj
 0001:0000200c       ?loader_jpeg@RMediaFilter@images_std@media@modules@UModSys@@QAE_NPAUIImage@lib2d@5@ABUSInfo@IBinObjFilter@libmedia@5@ABUSParameters@core@5@HPBD_N@Z 1000300c f   umodsys_lib_libmedia:umodsys.mod.media.images_std.obj
 0001:0000228a       ?png_err@RMediaFilter@images_std@media@modules@UModSys@@KAXPAUpng_struct_def@@PBD@Z 1000328a f   umodsys_lib_libmedia:umodsys.mod.media.images_std.obj
 0001:000022ab       ?png_read@RMediaFilter@images_std@media@modules@UModSys@@KAXPAUpng_struct_def@@PAEI@Z 100032ab f   umodsys_lib_libmedia:umodsys.mod.media.images_std.obj
 0001:000022e7       ?loader_png@RMediaFilter@images_std@media@modules@UModSys@@QAE_NPAUIImage@lib2d@5@ABUSInfo@IBinObjFilter@libmedia@5@ABUSParameters@core@5@HPBD_N@Z 100032e7 f   umodsys_lib_libmedia:umodsys.mod.media.images_std.obj
 0001:00002595       ?get_generated_names@RGenerator@images_std@media@modules@UModSys@@UBEHAAUSUniquePtrList@core@5@@Z 10003595 f i umodsys_lib_libmedia:umodsys.mod.media.images_std.obj
 0001:000025ae       ?get_generated_types@RGenerator@images_std@media@modules@UModSys@@UBEHAAUSUniquePtrList@core@5@PBUSUniquePointerInfo@75@@Z 100035ae f i umodsys_lib_libmedia:umodsys.mod.media.images_std.obj
 0001:000025e0       ?generate@RGenerator@images_std@media@modules@UModSys@@UAE_NAAU?$TRefObject@UIRefObject@core@UModSys@@U?$TRefObjectFunc@UIRefObject@core@UModSys@@@tl@3@@tl@5@PBUSUniquePointerInfo@core@5@ABUSParameters@95@@Z 100035e0 f i umodsys_lib_libmedia:umodsys.mod.media.images_std.obj
 0001:00002601       ?root_get_interface_info@RGenerator@images_std@media@modules@UModSys@@UBEABUSUniquePointerInfo@core@5@XZ 10003601 f i umodsys_lib_libmedia:umodsys.mod.media.images_std.obj
 0001:00002607       ?root_get_interface_type@RGenerator@images_std@media@modules@UModSys@@UBEPBUSUniquePointerInfo@core@5@XZ 10003607 f i umodsys_lib_libmedia:umodsys.mod.media.images_std.obj
 0001:0000260d       ?root_get_interface_types@RMediaFilter@images_std@media@modules@UModSys@@UBEIAAUSUniquePtrList@core@5@@Z 1000360d f i umodsys_lib_libmedia:umodsys.mod.media.images_std.obj
 0001:0000260d       ?root_get_interface_types@RGenerator@SDL_core@ui@modules@UModSys@@UBEIAAUSUniquePtrList@core@5@@Z 1000360d f i umodsys_lib_libui:umodsys.mod.ui.SDL_core.obj
 0001:0000260d       ?root_get_interface_types@RRenderDriver2D_SDL_core@SDL_core@ui@modules@UModSys@@UBEIAAUSUniquePtrList@core@5@@Z 1000360d f i umodsys_lib_libui:umodsys.mod.ui.SDL_core.obj
 0001:0000260d       ?root_get_interface_types@RTerminal_SDL_core@SDL_core@ui@modules@UModSys@@UBEIAAUSUniquePtrList@core@5@@Z 1000360d f i umodsys_lib_libui:umodsys.mod.ui.SDL_core.obj
 0001:0000260d       ?root_get_interface_types@RGenerator@images_std@media@modules@UModSys@@UBEIAAUSUniquePtrList@core@5@@Z 1000360d f i umodsys_lib_libmedia:umodsys.mod.media.images_std.obj
 0001:0000260d       ?root_get_interface_types@RGenerator@test1@test@modules@UModSys@@UBEIAAUSUniquePtrList@core@5@@Z 1000360d f i plugin_test1.obj
 0001:0000260d       ?root_get_interface_types@RTest1_Shell@test1@test@modules@UModSys@@UBEIAAUSUniquePtrList@core@5@@Z 1000360d f i plugin_test1.obj
 0001:00002612       ?root_get_other_interface@RGenerator@images_std@media@modules@UModSys@@UAEPAUIRoot@core@5@PBUSUniquePointerInfo@75@@Z 10003612 f i umodsys_lib_libmedia:umodsys.mod.media.images_std.obj
 0001:00002612       ?root_get_other_interface@RGenerator@images_std@media@modules@UModSys@@UBEPBUIRoot@core@5@PBUSUniquePointerInfo@75@@Z 10003612 f i umodsys_lib_libmedia:umodsys.mod.media.images_std.obj
 0001:0000262b       ?root_is_interface_supported@RGenerator@images_std@media@modules@UModSys@@UBE_NPBUSUniquePointerInfo@core@5@@Z 1000362b f i umodsys_lib_libmedia:umodsys.mod.media.images_std.obj
 0001:0000264a       ?get_uid@RGenerator@images_std@media@modules@UModSys@@UBEPBUSUniquePointerInfo@core@5@XZ 1000364a f i umodsys_lib_libmedia:umodsys.mod.media.images_std.obj
 0001:00002650       ?do_open@RModuleReg@images_std@media@modules@UModSys@@UAE_NXZ 10003650 f i umodsys_lib_libmedia:umodsys.mod.media.images_std.obj
 0001:0000269e       ?do_close@RModuleReg@images_std@media@modules@UModSys@@UAE_NXZ 1000369e f i umodsys_lib_libmedia:umodsys.mod.media.images_std.obj
 0001:000026d9       ??_GRModuleReg@test1@test@modules@UModSys@@UAEPAXI@Z 100036d9 f i plugin_test1.obj
 0001:000026d9       ??_ERModuleReg@images_std@media@modules@UModSys@@UAEPAXI@Z 100036d9 f i  CIL library: CIL module
 0001:000026d9       ??_EIModuleReg@base@UModSys@@UAEPAXI@Z 100036d9 f i  CIL library: CIL module
 0001:000026d9       ??_ERModuleReg@SDL_core@ui@modules@UModSys@@UAEPAXI@Z 100036d9 f i  CIL library: CIL module
 0001:000026d9       ??_GIModuleReg@base@UModSys@@UAEPAXI@Z 100036d9 f i umodsys_lib_base:umodsys.base.modulereg.obj
 0001:000026d9       ??_GRModuleReg@SDL_core@ui@modules@UModSys@@UAEPAXI@Z 100036d9 f i umodsys_lib_libui:umodsys.mod.ui.SDL_core.obj
 0001:000026d9       ??_GRModuleReg@images_std@media@modules@UModSys@@UAEPAXI@Z 100036d9 f i umodsys_lib_libmedia:umodsys.mod.media.images_std.obj
 0001:000026d9       ??_ERModuleReg@test1@test@modules@UModSys@@UAEPAXI@Z 100036d9 f i  CIL library: CIL module
 0001:000026f6       ?get_module@RGenerator@images_std@media@modules@UModSys@@UBEPAUIModule@base@5@XZ 100036f6 f   umodsys_lib_libmedia:umodsys.mod.media.images_std.obj
 0001:000026fc       ?mod_inc@RGenerator@images_std@media@modules@UModSys@@UBE_NXZ 100036fc f   umodsys_lib_libmedia:umodsys.mod.media.images_std.obj
 0001:00002707       ?mod_dec@RGenerator@images_std@media@modules@UModSys@@UBE_NXZ 10003707 f   umodsys_lib_libmedia:umodsys.mod.media.images_std.obj
 0001:00002712       ?s_holder@RGenerator@images_std@media@modules@UModSys@@SAAAU?$TTypeStaticHolder@URGenerator@images_std@media@modules@UModSys@@@tl@5@XZ 10003712 f   umodsys_lib_libmedia:umodsys.mod.media.images_std.obj
 0001:00002744       ??$t_gen_param@URMediaFilter@images_std@media@modules@UModSys@@URGenerator@2345@@IGenerator@base@UModSys@@IAE_NPAURGenerator@images_std@media@modules@2@AAU?$TRefObject@UIRefObject@core@UModSys@@U?$TRefObjectFunc@UIRefObject@core@UModSys@@@tl@3@@tl@2@PBUSUniquePointerInfo@core@2@ABUSParameters@core@2@@Z 10003744 f i umodsys_lib_libmedia:umodsys.mod.media.images_std.obj
 0001:000027d6       ?Link@SModuleContext@base@UModSys@@QAEXPAUISystem@23@PAUIMemAlloc@core@3@@Z 100037d6 f   umodsys_lib_base:umodsys.base.modulecontext.obj
 0001:00002822       ?unlink@SMemorySharedData@core@UModSys@@QAEXPBUSSourceContext@23@@Z 10003822 f   umodsys_lib_base:umodsys.base.modulecontext.obj
 0001:00002832       ??0SModuleRegChain@base@UModSys@@QAE@AAUIModuleReg@12@@Z 10003832 f   umodsys_lib_base:umodsys.base.moduleregchain.obj
 0001:00002861       ??1SModuleRegChain@base@UModSys@@QAE@XZ 10003861 f   umodsys_lib_base:umodsys.base.moduleregchain.obj
 0001:00002861       ??1SUniquePointer@core@UModSys@@QAE@XZ 10003861 f   umodsys_lib_core:umodsys.core.uniqueptr.obj
 0001:0000287f       ?s_get@SModuleRegChain@base@UModSys@@SAPAUIModuleReg@23@I@Z 1000387f f   umodsys_lib_base:umodsys.base.moduleregchain.obj
 0001:000028a3       ?mlr_count@RModuleLibraryReg_Chain@base@UModSys@@UBEIXZ 100038a3 f   umodsys_lib_base:umodsys.base.moduleregchain.obj
 0001:000028b6       ?mlr_get@RModuleLibraryReg_Chain@base@UModSys@@UBEPAUIModuleReg@23@I@Z 100038b6 f   umodsys_lib_base:umodsys.base.moduleregchain.obj
 0001:000028c3       ?mlr_open@RModuleLibraryReg_Chain@base@UModSys@@UAE_NPAUISystem@23@PAUIMemAlloc@core@3@@Z 100038c3 f   umodsys_lib_base:umodsys.base.moduleregchain.obj
 0001:00002920       ?mlr_close@RModuleLibraryReg_Chain@base@UModSys@@UAE_NXZ 10003920 f   umodsys_lib_base:umodsys.base.moduleregchain.obj
 0001:0000297d       ?mlr_isopen@RModuleLibraryReg_Chain@base@UModSys@@UBE_NXZ 1000397d f   umodsys_lib_base:umodsys.base.moduleregchain.obj
 0001:00002989       ??_EIModuleLibraryReg@base@UModSys@@UAEPAXI@Z 10003989 f i  CIL library: CIL module
 0001:00002989       ??_GIModuleLibraryReg@base@UModSys@@UAEPAXI@Z 10003989 f i umodsys_lib_base:umodsys.base.modulereg.obj
 0001:00002989       ??_ERModuleLibraryReg_Chain@base@UModSys@@UAEPAXI@Z 10003989 f i  CIL library: CIL module
 0001:00002989       ??_GRModuleLibraryReg_Chain@base@UModSys@@UAEPAXI@Z 10003989 f i umodsys_lib_base:umodsys.base.moduleregchain.obj
 0001:000029a6       _UModSys_Plugin_Entry2@0   100039a6 f   umodsys_lib_base:umodsys.so_main.win32.obj
 0001:000029ac       ??0IModuleReg@base@UModSys@@QAE@PBDHH0@Z 100039ac f   umodsys_lib_base:umodsys.base.modulereg.obj
 0001:000029eb       ?mr_isopen@IModuleReg@base@UModSys@@UBE_NXZ 100039eb f   umodsys_lib_base:umodsys.base.modulereg.obj
 0001:000029f4       ?mr_open@IModuleReg@base@UModSys@@UAE_NXZ 100039f4 f   umodsys_lib_base:umodsys.base.modulereg.obj
 0001:00002a0f       ?mr_close@IModuleReg@base@UModSys@@UAE_NXZ 10003a0f f   umodsys_lib_base:umodsys.base.modulereg.obj
 0001:00002a1c       ??0SUniquePointer@core@UModSys@@QAE@PBD0H@Z 10003a1c f   umodsys_lib_core:umodsys.core.uniqueptr.obj
 0001:00002a5f       ?suicide@IRoot@core@UModSys@@UAEXXZ 10003a5f f   umodsys_lib_core:umodsys.core.objects.obj
 0001:00002a6a       ??3IRoot@core@UModSys@@SAXPAX@Z 10003a6a f   umodsys_lib_core:umodsys.core.objects.obj
 0001:00002a83       ?Find@?$TSet@U?$TArray@PBUSUniquePointerInfo@core@UModSys@@@tl@UModSys@@U?$TScalarCompare@PBUSUniquePointerInfo@core@UModSys@@@core@3@@tl@UModSys@@QBEPBQBUSUniquePointerInfo@core@3@ABQBU453@@Z 10003a83 f i umodsys_lib_core:umodsys.core.uniqueptrlist.obj
 0001:00002b0a       __onexit                   10003b0a f   MSVCRT:atonexit.obj
 0001:00002baf       _atexit                    10003baf f   MSVCRT:atonexit.obj
 0001:00002bc6       __purecall                 10003bc6 f   MSVCRT:MSVCR90.dll
 0001:00002bcc       ??3@YAXPAX@Z               10003bcc f   MSVCRT:MSVCR90.dll
 0001:00002bd2       ??_Etype_info@@UAEPAXI@Z   10003bd2 f i MSVCRT:ti_inst.obj
 0001:00002c6d       __CRT_INIT@12              10003c6d f   MSVCRT:crtdll.obj
 0001:00002fa9       __DllMainCRTStartup@12     10003fa9 f   MSVCRT:crtdll.obj
 0001:00002fcc       ??2@YAPAXI@Z               10003fcc f   MSVCRT:MSVCR90.dll
 0001:00002fd2       __unlock                   10003fd2 f   MSVCRT:MSVCR90.dll
 0001:00002fd8       ___dllonexit               10003fd8 f   MSVCRT:MSVCR90.dll
 0001:00002fde       __lock                     10003fde f   MSVCRT:MSVCR90.dll
 0001:00002fe4       __SEH_prolog4              10003fe4 f   MSVCRT:sehprolg4.obj
 0001:00003029       __SEH_epilog4              10004029 f   MSVCRT:sehprolg4.obj
 0001:0000303d       __except_handler4          1000403d f   MSVCRT:chandler4gs.obj
 0001:00003062       ?__ArrayUnwind@@YGXPAXIHP6EX0@Z@Z 10004062 f   MSVCRT:ehvecdtr.obj
 0001:000030c0       ??_M@YGXPAXIHP6EX0@Z@Z     100040c0 f   MSVCRT:ehvecdtr.obj
 0001:00003123       ___clean_type_info_names   10004123 f   MSVCRT:tncleanup.obj
 0001:0000312f       __RTC_Initialize           1000412f f   MSVCRT:_initsect_.obj
 0001:00003155       __RTC_Terminate            10004155 f   MSVCRT:_initsect_.obj
 0001:00003180       __ValidateImageBase        10004180 f   MSVCRT:pesect.obj
 0001:000031c0       __FindPESection            100041c0 f   MSVCRT:pesect.obj
 0001:00003210       __IsNonwritableInCurrentImage 10004210 f   MSVCRT:pesect.obj
 0001:000032ce       __initterm                 100042ce f   MSVCRT:MSVCR90.dll
 0001:000032d4       __initterm_e               100042d4 f   MSVCRT:MSVCR90.dll
 0001:000032da       __amsg_exit                100042da f   MSVCRT:MSVCR90.dll
 0001:000032e0       ___CppXcptFilter           100042e0 f   MSVCRT:MSVCR90.dll
 0001:000032e6       _DllMain@12                100042e6 f   MSVCRT:dllmain.obj
 0001:0000330a       ___security_init_cookie    1000430a f   MSVCRT:gs_support.obj
 0001:000033a0       @__security_check_cookie@4 100043a0 f   MSVCRT:secchk.obj
 0001:000033b0       __except_handler4_common   100043b0 f   MSVCRT:MSVCR90.dll
 0001:000033b6       ?terminate@@YAXXZ          100043b6 f   MSVCRT:MSVCR90.dll
 0001:000033bc       ??1type_info@@UAE@XZ       100043bc f   MSVCRT:MSVCR90.dll
 0001:000033bc       ?_type_info_dtor_internal_method@type_info@@QAEXXZ 100043bc f   MSVCRT:MSVCR90.dll
 0001:000033c2       ___clean_type_info_names_internal 100043c2 f   MSVCRT:MSVCR90.dll
 0001:000033c8       ___report_gsfailure        100043c8 f   MSVCRT:gs_report.obj
 0001:000034ce       __crt_debugger_hook        100044ce f   MSVCRT:MSVCR90.dll
 0001:000034d4       _png_get_IHDR              100044d4 f   lib_libpng:lib_libpng.dll
 0001:000034da       _png_read_info             100044da f   lib_libpng:lib_libpng.dll
 0001:000034e0       _png_sig_cmp               100044e0 f   lib_libpng:lib_libpng.dll
 0001:000034e6       _png_create_read_struct    100044e6 f   lib_libpng:lib_libpng.dll
 0001:000034ec       _png_get_io_ptr            100044ec f   lib_libpng:lib_libpng.dll
 0001:000034f2       _png_create_info_struct    100044f2 f   lib_libpng:lib_libpng.dll
 0001:000034f8       _png_set_read_fn           100044f8 f   lib_libpng:lib_libpng.dll
 0001:000034fe       _png_read_update_info      100044fe f   lib_libpng:lib_libpng.dll
 0001:00003504       _png_set_sig_bytes         10004504 f   lib_libpng:lib_libpng.dll
 0001:0000350a       _png_read_row              1000450a f   lib_libpng:lib_libpng.dll
 0001:00003510       _png_error                 10004510 f   lib_libpng:lib_libpng.dll
 0001:00003516       _png_destroy_read_struct   10004516 f   lib_libpng:lib_libpng.dll
 0001:0000351c       _SDL_RenderDrawLine        1000451c f   lib_SDL2:lib_SDL2.dll
 0001:00003522       _SDL_Init                  10004522 f   lib_SDL2:lib_SDL2.dll
 0001:00003528       _SDL_DestroyWindow         10004528 f   lib_SDL2:lib_SDL2.dll
 0001:0000352e       _SDL_CreateWindow          1000452e f   lib_SDL2:lib_SDL2.dll
 0001:00003534       _SDL_DestroyRenderer       10004534 f   lib_SDL2:lib_SDL2.dll
 0001:0000353a       _SDL_RenderPresent         1000453a f   lib_SDL2:lib_SDL2.dll
 0001:00003540       _SDL_SetRenderDrawBlendMode 10004540 f   lib_SDL2:lib_SDL2.dll
 0001:00003546       _SDL_SetRenderDrawColor    10004546 f   lib_SDL2:lib_SDL2.dll
 0001:0000354c       _SDL_PumpEvents            1000454c f   lib_SDL2:lib_SDL2.dll
 0001:00003552       _SDL_Delay                 10004552 f   lib_SDL2:lib_SDL2.dll
 0001:00003558       _SDL_RenderClear           10004558 f   lib_SDL2:lib_SDL2.dll
 0001:0000355e       _SDL_CreateRenderer        1000455e f   lib_SDL2:lib_SDL2.dll
 0001:00003564       _SDL_PeepEvents            10004564 f   lib_SDL2:lib_SDL2.dll
 0001:0000356a       _SDL_GetTicks              1000456a f   lib_SDL2:lib_SDL2.dll
 0001:00003570       _SDL_RenderFillRect        10004570 f   lib_SDL2:lib_SDL2.dll
 0001:00003576       _SDL_RenderDrawRect        10004576 f   lib_SDL2:lib_SDL2.dll
 0001:0000357c       _SDL_Quit                  1000457c f   lib_SDL2:lib_SDL2.dll
 0001:00003590       __ftol2_sse                10004590 f   MSVCRT:ftol2.obj
 0001:00003599       __ftol2_pentium4           10004599 f   MSVCRT:ftol2.obj
 0001:000035ac       __ftol2_sse_excpt          100045ac f   MSVCRT:ftol2.obj
 0001:000035c6       __ftol2                    100045c6 f   MSVCRT:ftol2.obj
 0001:0000363c       _memcpy                    1000463c f   MSVCRT:MSVCR90.dll
 0001:00003642       ___CxxFrameHandler3        10004642 f   MSVCRT:MSVCR90.dll
 0001:00003648       __EH_prolog                10004648 f   MSVCRT:ehprolog.obj
 0001:00003670       __alloca_probe             10004670     MSVCRT:chkstk.obj
 0001:00003670       __chkstk                   10004670 f   MSVCRT:chkstk.obj
 0001:0000369c       __setjmp3                  1000469c f   MSVCRT:MSVCR90.dll
 0001:000036a2       ___CxxLongjmpUnwind@4      100046a2 f   MSVCRT:MSVCR90.dll
 0001:000036f8       __get_sse2_info            100046f8 f   MSVCRT:cpu_disp.obj
 0001:0000375a       ___sse2_available_init     1000475a f   MSVCRT:cpu_disp.obj
 0002:00000000       __imp__InterlockedExchange@8 10006000     kernel32:KERNEL32.dll
 0002:00000004       __imp__InterlockedCompareExchange@12 10006004     kernel32:KERNEL32.dll
 0002:00000008       __imp__DisableThreadLibraryCalls@4 10006008     kernel32:KERNEL32.dll
 0002:0000000c       __imp__QueryPerformanceCounter@4 1000600c     kernel32:KERNEL32.dll
 0002:00000010       __imp__GetTickCount@0      10006010     kernel32:KERNEL32.dll
 0002:00000014       __imp__GetCurrentThreadId@0 10006014     kernel32:KERNEL32.dll
 0002:00000018       __imp__GetCurrentProcessId@0 10006018     kernel32:KERNEL32.dll
 0002:0000001c       __imp__GetSystemTimeAsFileTime@4 1000601c     kernel32:KERNEL32.dll
 0002:00000020       __imp__TerminateProcess@8  10006020     kernel32:KERNEL32.dll
 0002:00000024       __imp__GetCurrentProcess@0 10006024     kernel32:KERNEL32.dll
 0002:00000028       __imp__UnhandledExceptionFilter@4 10006028     kernel32:KERNEL32.dll
 0002:0000002c       __imp__SetUnhandledExceptionFilter@4 1000602c     kernel32:KERNEL32.dll
 0002:00000030       __imp__IsDebuggerPresent@0 10006030     kernel32:KERNEL32.dll
 0002:00000034       __imp__Sleep@4             10006034     kernel32:KERNEL32.dll
 0002:00000038       \177KERNEL32_NULL_THUNK_DATA 10006038     kernel32:KERNEL32.dll
 0002:0000003c       __imp___initterm           1000603c     MSVCRT:MSVCR90.dll
 0002:00000040       __imp___initterm_e         10006040     MSVCRT:MSVCR90.dll
 0002:00000044       __imp___amsg_exit          10006044     MSVCRT:MSVCR90.dll
 0002:00000048       __imp___adjust_fdiv        10006048     MSVCRT:MSVCR90.dll
 0002:0000004c       __imp____CppXcptFilter     1000604c     MSVCRT:MSVCR90.dll
 0002:00000050       __imp___encoded_null       10006050     MSVCRT:MSVCR90.dll
 0002:00000054       __imp_?terminate@@YAXXZ    10006054     MSVCRT:MSVCR90.dll
 0002:00000058       __imp_?_type_info_dtor_internal_method@type_info@@QAEXXZ 10006058     MSVCRT:MSVCR90.dll
 0002:0000005c       __imp____clean_type_info_names_internal 1000605c     MSVCRT:MSVCR90.dll
 0002:00000060       __imp___crt_debugger_hook  10006060     MSVCRT:MSVCR90.dll
 0002:00000064       __imp___setjmp3            10006064     MSVCRT:MSVCR90.dll
 0002:00000068       __imp____CxxFrameHandler3  10006068     MSVCRT:MSVCR90.dll
 0002:0000006c       __imp__memcpy              1000606c     MSVCRT:MSVCR90.dll
 0002:00000070       __imp__free                10006070     MSVCRT:MSVCR90.dll
 0002:00000074       __imp___malloc_crt         10006074     MSVCRT:MSVCR90.dll
 0002:00000078       __imp___decode_pointer     10006078     MSVCRT:MSVCR90.dll
 0002:0000007c       __imp___onexit             1000607c     MSVCRT:MSVCR90.dll
 0002:00000080       __imp___lock               10006080     MSVCRT:MSVCR90.dll
 0002:00000084       __imp___encode_pointer     10006084     MSVCRT:MSVCR90.dll
 0002:00000088       __imp____dllonexit         10006088     MSVCRT:MSVCR90.dll
 0002:0000008c       __imp___unlock             1000608c     MSVCRT:MSVCR90.dll
 0002:00000090       __imp__longjmp             10006090     MSVCRT:MSVCR90.dll
 0002:00000094       __imp__strstr              10006094     MSVCRT:MSVCR90.dll
 0002:00000098       __imp_??2@YAPAXI@Z         10006098     MSVCRT:MSVCR90.dll
 0002:0000009c       __imp_??3@YAXPAX@Z         1000609c     MSVCRT:MSVCR90.dll
 0002:000000a0       __imp___purecall           100060a0     MSVCRT:MSVCR90.dll
 0002:000000a4       __imp___except_handler4_common 100060a4     MSVCRT:MSVCR90.dll
 0002:000000a8       __imp____CxxLongjmpUnwind@4 100060a8     MSVCRT:MSVCR90.dll
 0002:000000ac       __imp__strncmp             100060ac     MSVCRT:MSVCR90.dll
 0002:000000b0       \177MSVCR90_NULL_THUNK_DATA 100060b0     MSVCRT:MSVCR90.dll
 0002:000000b4       __imp__SDL_Quit            100060b4     lib_SDL2:lib_SDL2.dll
 0002:000000b8       __imp__SDL_RenderDrawRect  100060b8     lib_SDL2:lib_SDL2.dll
 0002:000000bc       __imp__SDL_RenderFillRect  100060bc     lib_SDL2:lib_SDL2.dll
 0002:000000c0       __imp__SDL_GetTicks        100060c0     lib_SDL2:lib_SDL2.dll
 0002:000000c4       __imp__SDL_RenderDrawLine  100060c4     lib_SDL2:lib_SDL2.dll
 0002:000000c8       __imp__SDL_Init            100060c8     lib_SDL2:lib_SDL2.dll
 0002:000000cc       __imp__SDL_DestroyWindow   100060cc     lib_SDL2:lib_SDL2.dll
 0002:000000d0       __imp__SDL_CreateWindow    100060d0     lib_SDL2:lib_SDL2.dll
 0002:000000d4       __imp__SDL_DestroyRenderer 100060d4     lib_SDL2:lib_SDL2.dll
 0002:000000d8       __imp__SDL_RenderPresent   100060d8     lib_SDL2:lib_SDL2.dll
 0002:000000dc       __imp__SDL_SetRenderDrawBlendMode 100060dc     lib_SDL2:lib_SDL2.dll
 0002:000000e0       __imp__SDL_SetRenderDrawColor 100060e0     lib_SDL2:lib_SDL2.dll
 0002:000000e4       __imp__SDL_PumpEvents      100060e4     lib_SDL2:lib_SDL2.dll
 0002:000000e8       __imp__SDL_Delay           100060e8     lib_SDL2:lib_SDL2.dll
 0002:000000ec       __imp__SDL_RenderClear     100060ec     lib_SDL2:lib_SDL2.dll
 0002:000000f0       __imp__SDL_CreateRenderer  100060f0     lib_SDL2:lib_SDL2.dll
 0002:000000f4       __imp__SDL_PeepEvents      100060f4     lib_SDL2:lib_SDL2.dll
 0002:000000f8       \177lib_SDL2_NULL_THUNK_DATA 100060f8     lib_SDL2:lib_SDL2.dll
 0002:000000fc       __imp__jpeg_read_scanlines 100060fc     lib_jpeglib:lib_jpeglib.dll
 0002:00000100       __imp__jpeg_finish_decompress 10006100     lib_jpeglib:lib_jpeglib.dll
 0002:00000104       __imp__jpeg_std_error      10006104     lib_jpeglib:lib_jpeglib.dll
 0002:00000108       __imp__jpeg_read_header    10006108     lib_jpeglib:lib_jpeglib.dll
 0002:0000010c       __imp__jpeg_destroy_decompress 1000610c     lib_jpeglib:lib_jpeglib.dll
 0002:00000110       __imp__jpeg_CreateDecompress 10006110     lib_jpeglib:lib_jpeglib.dll
 0002:00000114       __imp__jpeg_start_decompress 10006114     lib_jpeglib:lib_jpeglib.dll
 0002:00000118       __imp__jpeg_destroy        10006118     lib_jpeglib:lib_jpeglib.dll
 0002:0000011c       __imp__jpeg_resync_to_restart 1000611c     lib_jpeglib:lib_jpeglib.dll
 0002:00000120       \177lib_jpeglib_NULL_THUNK_DATA 10006120     lib_jpeglib:lib_jpeglib.dll
 0002:00000124       __imp__png_destroy_read_struct 10006124     lib_libpng:lib_libpng.dll
 0002:00000128       __imp__png_error           10006128     lib_libpng:lib_libpng.dll
 0002:0000012c       __imp__png_read_row        1000612c     lib_libpng:lib_libpng.dll
 0002:00000130       __imp__png_set_sig_bytes   10006130     lib_libpng:lib_libpng.dll
 0002:00000134       __imp__png_read_update_info 10006134     lib_libpng:lib_libpng.dll
 0002:00000138       __imp__png_set_read_fn     10006138     lib_libpng:lib_libpng.dll
 0002:0000013c       __imp__png_create_info_struct 1000613c     lib_libpng:lib_libpng.dll
 0002:00000140       __imp__png_get_io_ptr      10006140     lib_libpng:lib_libpng.dll
 0002:00000144       __imp__png_create_read_struct 10006144     lib_libpng:lib_libpng.dll
 0002:00000148       __imp__png_sig_cmp         10006148     lib_libpng:lib_libpng.dll
 0002:0000014c       __imp__png_read_info       1000614c     lib_libpng:lib_libpng.dll
 0002:00000150       __imp__png_get_IHDR        10006150     lib_libpng:lib_libpng.dll
 0002:00000154       \177lib_libpng_NULL_THUNK_DATA 10006154     lib_libpng:lib_libpng.dll
 0002:00000158       ___xc_a                    10006158     MSVCRT:cinitexe.obj
 0002:000004a4       ___xc_z                    100064a4     MSVCRT:cinitexe.obj
 0002:000004a8       ___xi_a                    100064a8     MSVCRT:cinitexe.obj
 0002:000004b4       ___xi_z                    100064b4     MSVCRT:cinitexe.obj
 0002:000004bc       ??_7type_info@@6B@         100064bc     MSVCRT:ti_inst.obj
 0002:000004c0       __pRawDllMain              100064c0     MSVCRT:crtdll.obj
 0002:000004c0       __pDefaultRawDllMain       100064c0     MSVCRT:crtdll.obj
 0002:000004cc       ??_C@_0P@GHFPNOJB@bad?5allocation?$AA@ 100064cc     plugin_test1.obj
 0002:000004dc       ??_C@_0BF@OCNNAADO@UModSys?3?3core?3?3IRoot?$AA@ 100064dc     plugin_test1.obj
 0002:000004f4       ??_C@_0BK@EMIJFOPA@UModSys?3?3core?3?3IRefObject?$AA@ 100064f4     plugin_test1.obj
 0002:00000510       ??_C@_0BL@IOMMHELF@UModSys?3?3core?3?3IParameters?$AA@ 10006510     plugin_test1.obj
 0002:0000052c       ??_C@_0BH@LKDEEPPM@UModSys?3?3base?3?3IModule?$AA@ 1000652c     plugin_test1.obj
 0002:00000544       ??_C@_0BO@PHJOHFCB@UModSys?3?3base?3?3IModuleLibrary?$AA@ 10006544     plugin_test1.obj
 0002:00000564       ??_C@_0BK@FDPIOPHG@UModSys?3?3base?3?3IModObject?$AA@ 10006564     plugin_test1.obj
 0002:00000580       ??_C@_0BK@OIBKNCKJ@UModSys?3?3base?3?3IGenerator?$AA@ 10006580     plugin_test1.obj
 0002:0000059c       ??_C@_0BG@PJBGCMEC@UModSys?3?3base?3?3IShell?$AA@ 1000659c     plugin_test1.obj
 0002:000005b4       ??_C@_0BI@IKAOEFAP@UModSys?3?3base?3?3IConsole?$AA@ 100065b4     plugin_test1.obj
 0002:000005cc       ??_C@_0BH@PFCONEJJ@UModSys?3?3base?3?3ISystem?$AA@ 100065cc     plugin_test1.obj
 0002:000005e4       ??_C@_0CB@CLGNFEGF@UModSys?3?3libmedia?3?3IStreamReader@ 100065e4     plugin_test1.obj
 0002:00000608       ??_C@_0CB@HOPFFLP@UModSys?3?3libmedia?3?3IStreamWriter@ 10006608     plugin_test1.obj
 0002:0000062c       ??_C@_0BP@KCJMEDNO@UModSys?3?3libmedia?3?3IBinArchive?$AA@ 1000662c     plugin_test1.obj
 0002:0000064c       ??_C@_0CB@FDEKNMGJ@UModSys?3?3libmedia?3?3IBinObjFilter@ 1000664c     plugin_test1.obj
 0002:00000670       ??_C@_0BM@DPCMOAPM@UModSys?3?3libmedia?3?3ILibrary?$AA@ 10006670     plugin_test1.obj
 0002:0000068c       ??_C@_0CD@ELIFEGE@UModSys?3?3libmedia?3?3ILibraryBinTr@ 1000668c     plugin_test1.obj
 0002:000006b0       ??_C@_0CE@EGHBJBAJ@UModSys?3?3libmedia?3?3ILibraryBinCa@ 100066b0     plugin_test1.obj
 0002:000006d4       ??_C@_0CF@LBIGBLOK@UModSys?3?3libmedia?3?3ILibraryObjFi@ 100066d4     plugin_test1.obj
 0002:000006fc       ??_C@_0CE@BOBLEOBL@UModSys?3?3libmedia?3?3ILibraryObjCa@ 100066fc     plugin_test1.obj
 0002:00000720       ??_C@_0CD@LJFEJKGF@UModSys?3?3libmedia?3?3ILibraryLayer@ 10006720     plugin_test1.obj
 0002:00000748       ?utf_bytesFromUTF8@su@tl@UModSys@@3QBEB 10006748     umodsys_lib_core:umodsys.tl.utf.obj
 0002:00000848       ?utf_firstByteMark@su@tl@UModSys@@3QBEB 10006848     umodsys_lib_core:umodsys.tl.utf.obj
 0002:00000850       ?utf_offsetsFromUTF8@su@tl@UModSys@@3QBHB 10006850     umodsys_lib_core:umodsys.tl.utf.obj
 0002:00000880       ??_C@_0BL@NMJBPMOF@UModSys?3?3base?3?3IConsoleExt?$AA@ 10006880     plugin_test1.obj
 0002:0000089c       ??_C@_0BO@CGANABBB@UModSys?3?3base?3?3IConsoleHelper?$AA@ 1000689c     plugin_test1.obj
 0002:000008bc       ??_C@_0CF@NIEDAAFG@UModSys?3?3base?3?3IConsoleHelperHis@ 100068bc     plugin_test1.obj
 0002:000008e4       ??_C@_0CD@FCDJONHN@UModSys?3?3base?3?3IConsoleHelperInp@ 100068e4     plugin_test1.obj
 0002:00000908       ??_C@_0CE@KMOIHDDJ@UModSys?3?3base?3?3IConsoleHelperOut@ 10006908     plugin_test1.obj
 0002:0000092c       ??_C@_0CH@NMEMKECD@UModSys?3?3base?3?3IConsoleHelperOut@ 1000692c     plugin_test1.obj
 0002:00000954       ??_C@_0CE@DIFILHID@UModSys?3?3libui?3?3IKeyboardControl@ 10006954     plugin_test1.obj
 0002:00000978       ??_C@_0CB@MBIJAGJE@UModSys?3?3libui?3?3IMouseController@ 10006978     plugin_test1.obj
 0002:0000099c       ??_C@_0CE@HLKJKPC@UModSys?3?3libui?3?3IJoystickControl@ 1000699c     plugin_test1.obj
 0002:000009c0       ??_C@_0BK@GJJNKGGD@UModSys?3?3libui?3?3ITerminal?$AA@ 100069c0     plugin_test1.obj
 0002:000009dc       ??_C@_0CK@HENOKNKH@UModSys?3?3libui?3?3IConsoleHelperIn@ 100069dc     plugin_test1.obj
 0002:00000a08       ??_C@_0BH@JDBCAPMN@UModSys?3?3lib2d?3?3IImage?$AA@ 10006a08     plugin_test1.obj
 0002:00000a20       ??_C@_0BM@NDCOKBPH@UModSys?3?3lib2d?3?3IMultiImage?$AA@ 10006a20     plugin_test1.obj
 0002:00000a3c       ??_C@_0BO@FFPMHFPK@UModSys?3?3lib2d?3?3IRenderDriver?$AA@ 10006a3c     plugin_test1.obj
 0002:00000a5c       ??_C@_0CG@DNABKNDD@UModSys?3?3modules?3?3test?3?3test1?3?3I@ 10006a5c     plugin_test1.obj
 0002:00000a84       ??_C@_0CG@FINIGFAH@UModSys?3?3modules?3?3test?3?3test1?3?3R@ 10006a84     plugin_test1.obj
 0002:00000aac       ??_C@_0CN@EFAOPDDB@UModSys?3?3modules?3?3test?3?3test1?3?3R@ 10006aac     plugin_test1.obj
 0002:00000adc       ??_C@_0CM@LNHNHIJB@UModSys?3?3modules?3?3test?3?3test1?3?3R@ 10006adc     plugin_test1.obj
 0002:00000b08       ??_C@_0BC@NIGGCDMG@RTest1_Shell?$CI?$CJ?5?$HL?6?$AA@ 10006b08     plugin_test1.obj
 0002:00000b1c       ??_C@_0DK@JIEMIEKA@UModSys?3?3modules?3?3test?3?3test1?3?3R@ 10006b1c     plugin_test1.obj
 0002:00000b58       ??_C@_0CK@OICDGBDJ@?4?4?2?4?4?2?4?4?2src?2plugin?2test?2plugin_@ 10006b58     plugin_test1.obj
 0002:00000b84       ??_C@_0BF@BMCPNMPN@?$HN?5?1?1?5RTest1_Shell?$CI?$CJ?6?$AA@ 10006b84     plugin_test1.obj
 0002:00000b9c       ??_C@_0DL@OIAHAJF@UModSys?3?3modules?3?3test?3?3test1?3?3R@ 10006b9c     plugin_test1.obj
 0002:00000bd8       ??_C@_0BB@MLDFLEML@?$HORTest1_Shell?$CI?$CJ?6?$AA@ 10006bd8     plugin_test1.obj
 0002:00000bec       ??_C@_0BJ@CCPCJEPP@RTest1_Shell?3?3connect?$CI?$CJ?6?$AA@ 10006bec     plugin_test1.obj
 0002:00000c08       ??_C@_0BM@KBDBHLN@RTest1_Shell?3?3disconnect?$CI?$CJ?6?$AA@ 10006c08     plugin_test1.obj
 0002:00000c24       ??_C@_0BI@PGLACHLJ@RTest1_Shell?3?3tick?$CI?$CFg?$CJ?6?$AA@ 10006c24     plugin_test1.obj
 0002:00000c3c       ??_C@_0BM@JFIEEBE@RTest1_Shell?3?3command?$CI?$CD?$CFd?$CJ?6?$AA@ 10006c3c     plugin_test1.obj
 0002:00000c58       ??_C@_0BP@CAPONCLM@?5?5found?5terminal?5?$CFs?3?5?$CFs?5?$DN?$DO?5?$CFp?6?$AA@ 10006c58     plugin_test1.obj
 0002:00000c78       ??_C@_0BE@CKPLJHAG@?5?5fail?5terminal?5?$CFs?6?$AA@ 10006c78     plugin_test1.obj
 0002:00000c8c       ??_C@_0P@GKJLFKKG@?$CK?3?3SDL_core?3?3?$CK?$AA@ 10006c8c     plugin_test1.obj
 0002:00000c9c       ??_C@_07EPLPNHLN@Test?5?$CD1?$AA@ 10006c9c     plugin_test1.obj
 0002:00000ca4       ??_C@_07BANDPJOM@caption?$AA@ 10006ca4     plugin_test1.obj
 0002:00000cac       ??_C@_00CNPNBAHC@?$AA@     10006cac     plugin_test1.obj
 0002:00000cb0       ??_C@_0CE@HACAKFFL@?5?5not?5created?5lib2d?3?3IRenderDriv@ 10006cb0     plugin_test1.obj
 0002:00000cd4       ??_C@_0CK@INONFMOM@?5?5created?5lib2d?3?3IRenderDriver?3?5@ 10006cd4     plugin_test1.obj
 0002:00000d00       ??_C@_0CK@DEJPICLK@UModSys?3?3modules?3?3test?3?3test1?3?3R@ 10006d00     plugin_test1.obj
 0002:00000d2c       ??_C@_0DD@HMBJLEH@UMODSYS_MODULE_NAME?$CItest?0test1?$CJ?3@ 10006d2c     plugin_test1.obj
 0002:00000d60       ??_C@_0BA@NMEBLMNE@Test?51?5?9?5module?$AA@ 10006d60     plugin_test1.obj
 0002:00000d70       ??_C@_0N@FOCLJAHI@tests?3?3test1?$AA@ 10006d70     plugin_test1.obj
 0002:00000d80       ??_C@_0BE@HJEBHPIG@RModuleReg?3?3open?$CI?$CJ?6?$AA@ 10006d80     plugin_test1.obj
 0002:00000d94       ??_C@_0BF@KIBBFLP@RModuleReg?3?3close?$CI?$CJ?6?$AA@ 10006d94     plugin_test1.obj
 0002:00000dac       ??_C@_09JGNMLHG@modobject?$AA@ 10006dac     plugin_test1.obj
 0002:00000db8       ??_C@_08FCBDOIAH@typeinfo?$AA@ 10006db8     plugin_test1.obj
 0002:00000dc8       ??_7IRoot@core@UModSys@@6B@ 10006dc8     plugin_test1.obj
 0002:00000dec       ??_7ISetter@SFlags@libmedia@UModSys@@6B@ 10006dec     plugin_test1.obj
 0002:00000dfc       ??_7RTest1_Shell@test1@test@modules@UModSys@@6B@ 10006dfc     plugin_test1.obj
 0002:00000e44       ??_7RGenerator@test1@test@modules@UModSys@@6B@ 10006e44     plugin_test1.obj
 0002:00000e94       ??_7RModuleReg@test1@test@modules@UModSys@@6B@ 10006e94     plugin_test1.obj
 0002:00000eac       ??_C@_0DJ@HHGCBBEF@UModSys?3?3modules?3?3ui?3?3SDL_core?3?3@ 10006eac     umodsys_lib_libui:umodsys.mod.ui.SDL_core.obj
 0002:00000ee8       ??_C@_04MGOIFCEG@SDL2?$AA@ 10006ee8     umodsys_lib_libui:umodsys.mod.ui.SDL_core.obj
 0002:00000ef0       ??_C@_01FJMABOPO@x?$AA@    10006ef0     umodsys_lib_libui:umodsys.mod.ui.SDL_core.obj
 0002:00000ef4       ??_C@_01EANLCPLP@y?$AA@    10006ef4     umodsys_lib_libui:umodsys.mod.ui.SDL_core.obj
 0002:00000ef8       ??_C@_02KIIGLGOP@dx?$AA@   10006ef8     umodsys_lib_libui:umodsys.mod.ui.SDL_core.obj
 0002:00000efc       ??_C@_02LBJNIHKO@dy?$AA@   10006efc     umodsys_lib_libui:umodsys.mod.ui.SDL_core.obj
 0002:00000f00       ??_C@_0DD@HBKHIPP@UModSys?3?3modules?3?3ui?3?3SDL_core?3?3@ 10006f00     umodsys_lib_libui:umodsys.mod.ui.SDL_core.obj
 0002:00000f34       ??_C@_0CL@JNMIGLLO@UModSys?3?3modules?3?3ui?3?3SDL_core?3?3@ 10006f34     umodsys_lib_libui:umodsys.mod.ui.SDL_core.obj
 0002:00000f60       ??_C@_0DE@GHIHDIMC@UMODSYS_MODULE_NAME?$CIui?0SDL_core?$CJ@ 10006f60     umodsys_lib_libui:umodsys.mod.ui.SDL_core.obj
 0002:00000f94       ??_C@_0N@MLKEIMGM@ui?3?3SDC_core?$AA@ 10006f94     umodsys_lib_libui:umodsys.mod.ui.SDL_core.obj
 0002:00000fac       ??_7RGenerator@SDL_core@ui@modules@UModSys@@6B@ 10006fac     umodsys_lib_libui:umodsys.mod.ui.SDL_core.obj
 0002:00000ffc       ??_7RTerminal_SDL_core@SDL_core@ui@modules@UModSys@@6B@ 10006ffc     umodsys_lib_libui:umodsys.mod.ui.SDL_core.obj
 0002:0000105c       ??_7RRenderDriver2D_SDL_core@SDL_core@ui@modules@UModSys@@6B@ 1000705c     umodsys_lib_libui:umodsys.mod.ui.SDL_core.obj
 0002:000010ec       ??_7RModuleReg@SDL_core@ui@modules@UModSys@@6B@ 100070ec     umodsys_lib_libui:umodsys.mod.ui.SDL_core.obj
 0002:00001104       ??_C@_0DC@OJAOGACO@UModSys?3?3modules?3?3media?3?3images_@ 10007104     umodsys_lib_libmedia:umodsys.mod.media.images_std.obj
 0002:00001138       ??_C@_0O@IMJFODOA@lib2d?3?3IImage?$AA@ 10007138     umodsys_lib_libmedia:umodsys.mod.media.images_std.obj
 0002:00001148       ??_C@_0BH@FAPHCJAO@image_palette_alphakey?$AA@ 10007148     umodsys_lib_libmedia:umodsys.mod.media.images_std.obj
 0002:00001160       ??_C@_0L@MIOOFCJG@image_hint?$AA@ 10007160     umodsys_lib_libmedia:umodsys.mod.media.images_std.obj
 0002:0000116c       ??_C@_0M@CPFHCGMF@image_alpha?$AA@ 1000716c     umodsys_lib_libmedia:umodsys.mod.media.images_std.obj
 0002:00001178       ??_C@_04GNPKBLNA@?4jpg?$AA@ 10007178     umodsys_lib_libmedia:umodsys.mod.media.images_std.obj
 0002:00001180       ??_C@_05KPIGABMB@?4jpeg?$AA@ 10007180     umodsys_lib_libmedia:umodsys.mod.media.images_std.obj
 0002:00001188       ??_C@_04EEOGCCFB@?4png?$AA@ 10007188     umodsys_lib_libmedia:umodsys.mod.media.images_std.obj
 0002:00001190       ??_C@_0CB@LKENOGAK@PNG?5FATAL?5ERROR?3?5png?5error?5?9?5?$CFs?6@ 10007190     umodsys_lib_libmedia:umodsys.mod.media.images_std.obj
 0002:000011b4       ??_C@_0L@BAFDDAPG@Read?5Error?$AA@ 100071b4     umodsys_lib_libmedia:umodsys.mod.media.images_std.obj
 0002:000011c0       ??_C@_0M@PMDCBFIO@1?47?40beta06?$AA@ 100071c0     umodsys_lib_libmedia:umodsys.mod.media.images_std.obj
 0002:000011cc       ??_C@_0DA@GEKJILHJ@UModSys?3?3modules?3?3media?3?3images_@ 100071cc     umodsys_lib_libmedia:umodsys.mod.media.images_std.obj
 0002:000011fc       ??_C@_0DJ@PEFKPECF@UMODSYS_MODULE_NAME?$CImedia?0images@ 100071fc     umodsys_lib_libmedia:umodsys.mod.media.images_std.obj
 0002:00001238       ??_C@_0BC@FLDHBKGG@media?3?3images_std?$AA@ 10007238     umodsys_lib_libmedia:umodsys.mod.media.images_std.obj
 0002:00001254       ??_7RGenerator@images_std@media@modules@UModSys@@6B@ 10007254     umodsys_lib_libmedia:umodsys.mod.media.images_std.obj
 0002:000012a4       ??_7RMediaFilter@images_std@media@modules@UModSys@@6BIRefObject@core@4@@ 100072a4     umodsys_lib_libmedia:umodsys.mod.media.images_std.obj
 0002:000012e4       ??_7RMediaFilter@images_std@media@modules@UModSys@@6BISetter@SFlags@libmedia@4@@ 100072e4     umodsys_lib_libmedia:umodsys.mod.media.images_std.obj
 0002:000012f4       ??_7RModuleReg@images_std@media@modules@UModSys@@6B@ 100072f4     umodsys_lib_libmedia:umodsys.mod.media.images_std.obj
 0002:00001310       ??_7RModuleLibraryReg_Chain@base@UModSys@@6B@ 10007310     umodsys_lib_base:umodsys.base.moduleregchain.obj
 0002:0000132c       ??_7IModuleReg@base@UModSys@@6B@ 1000732c     umodsys_lib_base:umodsys.base.modulereg.obj
 0002:00001348       ??_7IModuleLibraryReg@base@UModSys@@6B@ 10007348     umodsys_lib_base:umodsys.base.modulereg.obj
 0002:00001360       __real@408f400000000000    10007360      CIL library: CIL module
 0002:00001368       __real@41f0000000000000    10007368      CIL library: CIL module
 0002:00001370       __real@406fe00000000000    10007370      CIL library: CIL module
 0002:00001378       __real@3f50624dd2f1a9fc    10007378      CIL library: CIL module
 0002:00001380       __real@3c23d70a            10007380      CIL library: CIL module
 0002:00001388       __load_config_used         10007388     MSVCRT:loadcfg.obj
 0002:000013d0       ??_R4type_info@@6B@        100073d0     MSVCRT:ti_inst.obj
[...]
 0001:000038ae       __ehhandler$??0RTerminal_SDL_core@SDL_core@ui@modules@UModSys@@QAE@PAUIModObject@base@4@ABUSParameters@core@4@@Z 100048ae f    CIL library: CIL module
 0001:000038ae       __ehhandler$??0RRenderDriver2D_SDL_core@SDL_core@ui@modules@UModSys@@QAE@PAURTerminal_SDL_core@1234@ABUSParameters@core@4@@Z 100048ae f    CIL library: CIL module
 0001:000038b8       __unwindfunclet$?generate@RGenerator@test1@test@modules@UModSys@@UAE_NAAU?$TRefObject@UIRefObject@core@UModSys@@U?$TRefObjectFunc@UIRefObject@core@UModSys@@@tl@3@@tl@5@PBUSUniquePointerInfo@core@5@ABUSParameters@95@@Z$0 100048b8 f    CIL library: CIL module
 0001:000038c3       __ehhandler$?generate@RGenerator@test1@test@modules@UModSys@@UAE_NAAU?$TRefObject@UIRefObject@core@UModSys@@U?$TRefObjectFunc@UIRefObject@core@UModSys@@@tl@3@@tl@5@PBUSUniquePointerInfo@core@5@ABUSParameters@95@@Z 100048c3 f    CIL library: CIL module
 0001:000038cd       ??__E?s_modreg@RModuleReg@test1@test@modules@UModSys@@2U12345@A@@YAXXZ 100048cd f    CIL library: CIL module
 0001:000038fd       ??__E?s_modreg_chain@RModuleReg@test1@test@modules@UModSys@@2USModuleRegChain@base@5@A@@YAXXZ 100048fd f    CIL library: CIL module
 0001:00003918       ??__E?s_uid@RGenerator@test1@test@modules@UModSys@@2USUniquePointer@core@5@A@@YAXXZ 10004918 f    CIL library: CIL module
 0001:0000393a       ??__E?s_id@?$TObjectUniqueID@UIRoot@core@UModSys@@@tl@UModSys@@2USUniquePointer@core@3@A@@YAXXZ 1000493a f    CIL library: CIL module
 0001:0000395c       ??__E?s_id@?$TObjectUniqueID@UIRefObject@core@UModSys@@@tl@UModSys@@2USUniquePointer@core@3@A@@YAXXZ 1000495c f    CIL library: CIL module
 0001:0000397e       ??__E?s_id@?$TObjectUniqueID@UIParameters@core@UModSys@@@tl@UModSys@@2USUniquePointer@core@3@A@@YAXXZ 1000497e f    CIL library: CIL module
 0001:000039a0       ??__E?s_id@?$TObjectUniqueID@UIModule@base@UModSys@@@tl@UModSys@@2USUniquePointer@core@3@A@@YAXXZ 100049a0 f    CIL library: CIL module
 0001:000039c2       ??__E?s_id@?$TObjectUniqueID@UIModuleLibrary@base@UModSys@@@tl@UModSys@@2USUniquePointer@core@3@A@@YAXXZ 100049c2 f    CIL library: CIL module
 0001:000039e4       ??__E?s_id@?$TObjectUniqueID@UIModObject@base@UModSys@@@tl@UModSys@@2USUniquePointer@core@3@A@@YAXXZ 100049e4 f    CIL library: CIL module
 0001:00003a06       ??__E?s_id@?$TObjectUniqueID@UIGenerator@base@UModSys@@@tl@UModSys@@2USUniquePointer@core@3@A@@YAXXZ 10004a06 f    CIL library: CIL module
 0001:00003a28       ??__E?s_id@?$TObjectUniqueID@UIShell@base@UModSys@@@tl@UModSys@@2USUniquePointer@core@3@A@@YAXXZ 10004a28 f    CIL library: CIL module
 0001:00003a4a       ??__E?s_id@?$TObjectUniqueID@UIConsole@base@UModSys@@@tl@UModSys@@2USUniquePointer@core@3@A@@YAXXZ 10004a4a f    CIL library: CIL module
 0001:00003a6c       ??__E?s_id@?$TObjectUniqueID@UISystem@base@UModSys@@@tl@UModSys@@2USUniquePointer@core@3@A@@YAXXZ 10004a6c f    CIL library: CIL module
 0001:00003a8e       ??__E?s_id@?$TObjectUniqueID@UIStreamReader@libmedia@UModSys@@@tl@UModSys@@2USUniquePointer@core@3@A@@YAXXZ 10004a8e f    CIL library: CIL module
 0001:00003ab0       ??__E?s_id@?$TObjectUniqueID@UIStreamWriter@libmedia@UModSys@@@tl@UModSys@@2USUniquePointer@core@3@A@@YAXXZ 10004ab0 f    CIL library: CIL module
 0001:00003ad2       ??__E?s_id@?$TObjectUniqueID@UIBinArchive@libmedia@UModSys@@@tl@UModSys@@2USUniquePointer@core@3@A@@YAXXZ 10004ad2 f    CIL library: CIL module
 0001:00003af4       ??__E?s_id@?$TObjectUniqueID@UIBinObjFilter@libmedia@UModSys@@@tl@UModSys@@2USUniquePointer@core@3@A@@YAXXZ 10004af4 f    CIL library: CIL module
 0001:00003b16       ??__E?s_id@?$TObjectUniqueID@UILibrary@libmedia@UModSys@@@tl@UModSys@@2USUniquePointer@core@3@A@@YAXXZ 10004b16 f    CIL library: CIL module
 0001:00003b38       ??__E?s_id@?$TObjectUniqueID@UILibraryBinTree@libmedia@UModSys@@@tl@UModSys@@2USUniquePointer@core@3@A@@YAXXZ 10004b38 f    CIL library: CIL module
 0001:00003b5a       ??__E?s_id@?$TObjectUniqueID@UILibraryBinCache@libmedia@UModSys@@@tl@UModSys@@2USUniquePointer@core@3@A@@YAXXZ 10004b5a f    CIL library: CIL module
 0001:00003b7c       ??__E?s_id@?$TObjectUniqueID@UILibraryObjFilter@libmedia@UModSys@@@tl@UModSys@@2USUniquePointer@core@3@A@@YAXXZ 10004b7c f    CIL library: CIL module
 0001:00003b9e       ??__E?s_id@?$TObjectUniqueID@UILibraryObjCache@libmedia@UModSys@@@tl@UModSys@@2USUniquePointer@core@3@A@@YAXXZ 10004b9e f    CIL library: CIL module
 0001:00003bc0       ??__E?s_id@?$TObjectUniqueID@UILibraryLayered@libmedia@UModSys@@@tl@UModSys@@2USUniquePointer@core@3@A@@YAXXZ 10004bc0 f    CIL library: CIL module
 0001:00003be2       ??__E?s_id@?$TObjectUniqueID@UIConsoleExt@base@UModSys@@@tl@UModSys@@2USUniquePointer@core@3@A@@YAXXZ 10004be2 f    CIL library: CIL module
 0001:00003c04       ??__E?s_id@?$TObjectUniqueID@UIConsoleHelper@base@UModSys@@@tl@UModSys@@2USUniquePointer@core@3@A@@YAXXZ 10004c04 f    CIL library: CIL module
 0001:00003c26       ??__E?s_id@?$TObjectUniqueID@UIConsoleHelperHistory@base@UModSys@@@tl@UModSys@@2USUniquePointer@core@3@A@@YAXXZ 10004c26 f    CIL library: CIL module
 0001:00003c48       ??__E?s_id@?$TObjectUniqueID@UIConsoleHelperInput@base@UModSys@@@tl@UModSys@@2USUniquePointer@core@3@A@@YAXXZ 10004c48 f    CIL library: CIL module
 0001:00003c6a       ??__E?s_id@?$TObjectUniqueID@UIConsoleHelperOutput@base@UModSys@@@tl@UModSys@@2USUniquePointer@core@3@A@@YAXXZ 10004c6a f    CIL library: CIL module
 0001:00003c8c       ??__E?s_id@?$TObjectUniqueID@UIConsoleHelperOutputFCS@base@UModSys@@@tl@UModSys@@2USUniquePointer@core@3@A@@YAXXZ 10004c8c f    CIL library: CIL module
 0001:00003cae       ??__E?s_id@?$TObjectUniqueID@UIKeyboardController@libui@UModSys@@@tl@UModSys@@2USUniquePointer@core@3@A@@YAXXZ 10004cae f    CIL library: CIL module
 0001:00003cd0       ??__E?s_id@?$TObjectUniqueID@UIMouseController@libui@UModSys@@@tl@UModSys@@2USUniquePointer@core@3@A@@YAXXZ 10004cd0 f    CIL library: CIL module
 0001:00003cf2       ??__E?s_id@?$TObjectUniqueID@UIJoystickController@libui@UModSys@@@tl@UModSys@@2USUniquePointer@core@3@A@@YAXXZ 10004cf2 f    CIL library: CIL module
 0001:00003d14       ??__E?s_id@?$TObjectUniqueID@UITerminal@libui@UModSys@@@tl@UModSys@@2USUniquePointer@core@3@A@@YAXXZ 10004d14 f    CIL library: CIL module
 0001:00003d36       ??__E?s_id@?$TObjectUniqueID@UIConsoleHelperInput_UIKey@libui@UModSys@@@tl@UModSys@@2USUniquePointer@core@3@A@@YAXXZ 10004d36 f    CIL library: CIL module
 0001:00003d58       ??__E?s_id@?$TObjectUniqueID@UIImage@lib2d@UModSys@@@tl@UModSys@@2USUniquePointer@core@3@A@@YAXXZ 10004d58 f    CIL library: CIL module
 0001:00003d7a       ??__E?s_id@?$TObjectUniqueID@UIMultiImage@lib2d@UModSys@@@tl@UModSys@@2USUniquePointer@core@3@A@@YAXXZ 10004d7a f    CIL library: CIL module
 0001:00003d9c       ??__E?s_id@?$TObjectUniqueID@UIRenderDriver@lib2d@UModSys@@@tl@UModSys@@2USUniquePointer@core@3@A@@YAXXZ 10004d9c f    CIL library: CIL module
 0001:00003dbe       ??__E?s_id@?$TObjectUniqueID@UILines@test1@test@modules@UModSys@@@tl@UModSys@@2USUniquePointer@core@3@A@@YAXXZ 10004dbe f    CIL library: CIL module
 0001:00003de0       ??__E?s_id@?$TObjectUniqueID@URLines@test1@test@modules@UModSys@@@tl@UModSys@@2USUniquePointer@core@3@A@@YAXXZ 10004de0 f    CIL library: CIL module
 0001:00003e02       ??__E?s_id@?$TObjectUniqueID@URLines_Filter@test1@test@modules@UModSys@@@tl@UModSys@@2USUniquePointer@core@3@A@@YAXXZ 10004e02 f    CIL library: CIL module
 0001:00003e24       ??__E?s_id@?$TObjectUniqueID@URTest1_Shell@test1@test@modules@UModSys@@@tl@UModSys@@2USUniquePointer@core@3@A@@YAXXZ 10004e24 f    CIL library: CIL module
 0001:00003e46       ??__E?s_id@?$TObjectUniqueID@URGenerator@test1@test@modules@UModSys@@@tl@UModSys@@2USUniquePointer@core@3@A@@YAXXZ 10004e46 f    CIL library: CIL module
 0001:00003e68       ??__E?s_modreg@RModuleReg@SDL_core@ui@modules@UModSys@@2U12345@A@@YAXXZ 10004e68 f    CIL library: CIL module
 0001:00003e98       ??__E?s_modreg_chain@RModuleReg@SDL_core@ui@modules@UModSys@@2USModuleRegChain@base@5@A@@YAXXZ 10004e98 f    CIL library: CIL module
 0001:00003eb3       ??__E?s_uid@RGenerator@SDL_core@ui@modules@UModSys@@2USUniquePointer@core@5@A@@YAXXZ 10004eb3 f    CIL library: CIL module
 0001:00003ed5       ??__E?s_id@?$TObjectUniqueID@URRenderDriver2D_SDL_core@SDL_core@ui@modules@UModSys@@@tl@UModSys@@2USUniquePointer@core@3@A@@YAXXZ 10004ed5 f    CIL library: CIL module
 0001:00003ef7       ??__E?s_id@?$TObjectUniqueID@URTerminal_SDL_core@SDL_core@ui@modules@UModSys@@@tl@UModSys@@2USUniquePointer@core@3@A@@YAXXZ 10004ef7 f    CIL library: CIL module
 0001:00003f19       ??__E?s_id@?$TObjectUniqueID@URGenerator@SDL_core@ui@modules@UModSys@@@tl@UModSys@@2USUniquePointer@core@3@A@@YAXXZ 10004f19 f    CIL library: CIL module
 0001:00003f3b       ??__E?s_modreg@RModuleReg@images_std@media@modules@UModSys@@2U12345@A@@YAXXZ 10004f3b f    CIL library: CIL module
 0001:00003f6b       ??__E?s_modreg_chain@RModuleReg@images_std@media@modules@UModSys@@2USModuleRegChain@base@5@A@@YAXXZ 10004f6b f    CIL library: CIL module
 0001:00003f86       ??__E?s_uid@RGenerator@images_std@media@modules@UModSys@@2USUniquePointer@core@5@A@@YAXXZ 10004f86 f    CIL library: CIL module
 0001:00003fa8       ??__E?s_id@?$TObjectUniqueID@URMediaFilter@images_std@media@modules@UModSys@@@tl@UModSys@@2USUniquePointer@core@3@A@@YAXXZ 10004fa8 f    CIL library: CIL module
 0001:00003fca       ??__E?s_id@?$TObjectUniqueID@URGenerator@images_std@media@modules@UModSys@@@tl@UModSys@@2USUniquePointer@core@3@A@@YAXXZ 10004fca f    CIL library: CIL module
 0001:00003fec       ??__EM@UModSys@@YAXXZ      10004fec f    CIL library: CIL module
 0001:00003ff8       ??__E?root@SModuleRegChain@base@UModSys@@2U123@A@@YAXXZ 10004ff8 f    CIL library: CIL module
 0001:00004004       ??__E?s_library@RModuleLibraryReg_Chain@base@UModSys@@2U123@A@@YAXXZ 10005004 f    CIL library: CIL module
 0001:00004010       ??__E?root@SUniquePointer@core@UModSys@@2U123@A@@YAXXZ 10005010 f    CIL library: CIL module
 0001:0000401c       ??__F?s_modreg@RModuleReg@test1@test@modules@UModSys@@2U12345@A@@YAXXZ 1000501c f    CIL library: CIL module
 0001:00004027       ??__F?s_modreg_chain@RModuleReg@test1@test@modules@UModSys@@2USModuleRegChain@base@5@A@@YAXXZ 10005027 f    CIL library: CIL module
 0001:00004031       ??__F?s_uid@RGenerator@test1@test@modules@UModSys@@2USUniquePointer@core@5@A@@YAXXZ 10005031 f    CIL library: CIL module
 0001:0000403b       ??__Fh@?1??s_holder@RGenerator@test1@test@modules@UModSys@@SAAAU?$TTypeStaticHolder@URGenerator@test1@test@modules@UModSys@@@tl@5@XZ@YAXXZ 1000503b f    CIL library: CIL module
 0001:00004058       ??__F?s_id@?$TObjectUniqueID@URGenerator@test1@test@modules@UModSys@@@tl@UModSys@@2USUniquePointer@core@3@A@@YAXXZ 10005058 f    CIL library: CIL module
 0001:00004062       ??__F?s_id@?$TObjectUniqueID@URTest1_Shell@test1@test@modules@UModSys@@@tl@UModSys@@2USUniquePointer@core@3@A@@YAXXZ 10005062 f    CIL library: CIL module
 0001:0000406c       ??__F?s_id@?$TObjectUniqueID@URLines_Filter@test1@test@modules@UModSys@@@tl@UModSys@@2USUniquePointer@core@3@A@@YAXXZ 1000506c f    CIL library: CIL module
 0001:00004076       ??__F?s_id@?$TObjectUniqueID@URLines@test1@test@modules@UModSys@@@tl@UModSys@@2USUniquePointer@core@3@A@@YAXXZ 10005076 f    CIL library: CIL module
 0001:00004080       ??__F?s_id@?$TObjectUniqueID@UILines@test1@test@modules@UModSys@@@tl@UModSys@@2USUniquePointer@core@3@A@@YAXXZ 10005080 f    CIL library: CIL module
 0001:0000408a       ??__F?s_id@?$TObjectUniqueID@UIRenderDriver@lib2d@UModSys@@@tl@UModSys@@2USUniquePointer@core@3@A@@YAXXZ 1000508a f    CIL library: CIL module
 0001:00004094       ??__F?s_id@?$TObjectUniqueID@UIMultiImage@lib2d@UModSys@@@tl@UModSys@@2USUniquePointer@core@3@A@@YAXXZ 10005094 f    CIL library: CIL module
 0001:0000409e       ??__F?s_id@?$TObjectUniqueID@UIImage@lib2d@UModSys@@@tl@UModSys@@2USUniquePointer@core@3@A@@YAXXZ 1000509e f    CIL library: CIL module
 0001:000040a8       ??__F?s_id@?$TObjectUniqueID@UIConsoleHelperInput_UIKey@libui@UModSys@@@tl@UModSys@@2USUniquePointer@core@3@A@@YAXXZ 100050a8 f    CIL library: CIL module
 0001:000040b2       ??__F?s_id@?$TObjectUniqueID@UITerminal@libui@UModSys@@@tl@UModSys@@2USUniquePointer@core@3@A@@YAXXZ 100050b2 f    CIL library: CIL module
 0001:000040bc       ??__F?s_id@?$TObjectUniqueID@UIJoystickController@libui@UModSys@@@tl@UModSys@@2USUniquePointer@core@3@A@@YAXXZ 100050bc f    CIL library: CIL module
 0001:000040c6       ??__F?s_id@?$TObjectUniqueID@UIMouseController@libui@UModSys@@@tl@UModSys@@2USUniquePointer@core@3@A@@YAXXZ 100050c6 f    CIL library: CIL module
 0001:000040d0       ??__F?s_id@?$TObjectUniqueID@UIKeyboardController@libui@UModSys@@@tl@UModSys@@2USUniquePointer@core@3@A@@YAXXZ 100050d0 f    CIL library: CIL module
 0001:000040da       ??__F?s_id@?$TObjectUniqueID@UIConsoleHelperOutputFCS@base@UModSys@@@tl@UModSys@@2USUniquePointer@core@3@A@@YAXXZ 100050da f    CIL library: CIL module
 0001:000040e4       ??__F?s_id@?$TObjectUniqueID@UIConsoleHelperOutput@base@UModSys@@@tl@UModSys@@2USUniquePointer@core@3@A@@YAXXZ 100050e4 f    CIL library: CIL module
 0001:000040ee       ??__F?s_id@?$TObjectUniqueID@UIConsoleHelperInput@base@UModSys@@@tl@UModSys@@2USUniquePointer@core@3@A@@YAXXZ 100050ee f    CIL library: CIL module
 0001:000040f8       ??__F?s_id@?$TObjectUniqueID@UIConsoleHelperHistory@base@UModSys@@@tl@UModSys@@2USUniquePointer@core@3@A@@YAXXZ 100050f8 f    CIL library: CIL module
 0001:00004102       ??__F?s_id@?$TObjectUniqueID@UIConsoleHelper@base@UModSys@@@tl@UModSys@@2USUniquePointer@core@3@A@@YAXXZ 10005102 f    CIL library: CIL module
 0001:0000410c       ??__F?s_id@?$TObjectUniqueID@UIConsoleExt@base@UModSys@@@tl@UModSys@@2USUniquePointer@core@3@A@@YAXXZ 1000510c f    CIL library: CIL module
 0001:00004116       ??__F?s_id@?$TObjectUniqueID@UILibraryLayered@libmedia@UModSys@@@tl@UModSys@@2USUniquePointer@core@3@A@@YAXXZ 10005116 f    CIL library: CIL module
 0001:00004120       ??__F?s_id@?$TObjectUniqueID@UILibraryObjCache@libmedia@UModSys@@@tl@UModSys@@2USUniquePointer@core@3@A@@YAXXZ 10005120 f    CIL library: CIL module
 0001:0000412a       ??__F?s_id@?$TObjectUniqueID@UILibraryObjFilter@libmedia@UModSys@@@tl@UModSys@@2USUniquePointer@core@3@A@@YAXXZ 1000512a f    CIL library: CIL module
 0001:00004134       ??__F?s_id@?$TObjectUniqueID@UILibraryBinCache@libmedia@UModSys@@@tl@UModSys@@2USUniquePointer@core@3@A@@YAXXZ 10005134 f    CIL library: CIL module
 0001:0000413e       ??__F?s_id@?$TObjectUniqueID@UILibraryBinTree@libmedia@UModSys@@@tl@UModSys@@2USUniquePointer@core@3@A@@YAXXZ 1000513e f    CIL library: CIL module
 0001:00004148       ??__F?s_id@?$TObjectUniqueID@UILibrary@libmedia@UModSys@@@tl@UModSys@@2USUniquePointer@core@3@A@@YAXXZ 10005148 f    CIL library: CIL module
 0001:00004152       ??__F?s_id@?$TObjectUniqueID@UIBinObjFilter@libmedia@UModSys@@@tl@UModSys@@2USUniquePointer@core@3@A@@YAXXZ 10005152 f    CIL library: CIL module
 0001:0000415c       ??__F?s_id@?$TObjectUniqueID@UIBinArchive@libmedia@UModSys@@@tl@UModSys@@2USUniquePointer@core@3@A@@YAXXZ 1000515c f    CIL library: CIL module
 0001:00004166       ??__F?s_id@?$TObjectUniqueID@UIStreamWriter@libmedia@UModSys@@@tl@UModSys@@2USUniquePointer@core@3@A@@YAXXZ 10005166 f    CIL library: CIL module
 0001:00004170       ??__F?s_id@?$TObjectUniqueID@UIStreamReader@libmedia@UModSys@@@tl@UModSys@@2USUniquePointer@core@3@A@@YAXXZ 10005170 f    CIL library: CIL module
 0001:0000417a       ??__F?s_id@?$TObjectUniqueID@UISystem@base@UModSys@@@tl@UModSys@@2USUniquePointer@core@3@A@@YAXXZ 1000517a f    CIL library: CIL module
 0001:00004184       ??__F?s_id@?$TObjectUniqueID@UIConsole@base@UModSys@@@tl@UModSys@@2USUniquePointer@core@3@A@@YAXXZ 10005184 f    CIL library: CIL module
 0001:0000418e       ??__F?s_id@?$TObjectUniqueID@UIShell@base@UModSys@@@tl@UModSys@@2USUniquePointer@core@3@A@@YAXXZ 1000518e f    CIL library: CIL module
 0001:00004198       ??__F?s_id@?$TObjectUniqueID@UIGenerator@base@UModSys@@@tl@UModSys@@2USUniquePointer@core@3@A@@YAXXZ 10005198 f    CIL library: CIL module
 0001:000041a2       ??__F?s_id@?$TObjectUniqueID@UIModObject@base@UModSys@@@tl@UModSys@@2USUniquePointer@core@3@A@@YAXXZ 100051a2 f    CIL library: CIL module
 0001:000041ac       ??__F?s_id@?$TObjectUniqueID@UIModuleLibrary@base@UModSys@@@tl@UModSys@@2USUniquePointer@core@3@A@@YAXXZ 100051ac f    CIL library: CIL module
 0001:000041b6       ??__F?s_id@?$TObjectUniqueID@UIModule@base@UModSys@@@tl@UModSys@@2USUniquePointer@core@3@A@@YAXXZ 100051b6 f    CIL library: CIL module
 0001:000041c0       ??__F?s_id@?$TObjectUniqueID@UIParameters@core@UModSys@@@tl@UModSys@@2USUniquePointer@core@3@A@@YAXXZ 100051c0 f    CIL library: CIL module
 0001:000041ca       ??__F?s_id@?$TObjectUniqueID@UIRefObject@core@UModSys@@@tl@UModSys@@2USUniquePointer@core@3@A@@YAXXZ 100051ca f    CIL library: CIL module
 0001:000041d4       ??__F?s_id@?$TObjectUniqueID@UIRoot@core@UModSys@@@tl@UModSys@@2USUniquePointer@core@3@A@@YAXXZ 100051d4 f    CIL library: CIL module
 0001:000041de       ??__F?s_modreg@RModuleReg@SDL_core@ui@modules@UModSys@@2U12345@A@@YAXXZ 100051de f    CIL library: CIL module
 0001:000041e9       ??__F?s_modreg_chain@RModuleReg@SDL_core@ui@modules@UModSys@@2USModuleRegChain@base@5@A@@YAXXZ 100051e9 f    CIL library: CIL module
 0001:000041f3       ??__F?s_uid@RGenerator@SDL_core@ui@modules@UModSys@@2USUniquePointer@core@5@A@@YAXXZ 100051f3 f    CIL library: CIL module
 0001:000041fd       ??__Fh@?1??s_holder@RGenerator@SDL_core@ui@modules@UModSys@@SAAAU?$TTypeStaticHolder@URGenerator@SDL_core@ui@modules@UModSys@@@tl@5@XZ@YAXXZ 100051fd f    CIL library: CIL module
 0001:0000421a       ??__F?s_id@?$TObjectUniqueID@URGenerator@SDL_core@ui@modules@UModSys@@@tl@UModSys@@2USUniquePointer@core@3@A@@YAXXZ 1000521a f    CIL library: CIL module
 0001:00004224       ??__F?s_id@?$TObjectUniqueID@URTerminal_SDL_core@SDL_core@ui@modules@UModSys@@@tl@UModSys@@2USUniquePointer@core@3@A@@YAXXZ 10005224 f    CIL library: CIL module
 0001:0000422e       ??__F?s_id@?$TObjectUniqueID@URRenderDriver2D_SDL_core@SDL_core@ui@modules@UModSys@@@tl@UModSys@@2USUniquePointer@core@3@A@@YAXXZ 1000522e f    CIL library: CIL module
 0001:00004238       ??__F?s_modreg@RModuleReg@images_std@media@modules@UModSys@@2U12345@A@@YAXXZ 10005238 f    CIL library: CIL module
 0001:00004243       ??__F?s_modreg_chain@RModuleReg@images_std@media@modules@UModSys@@2USModuleRegChain@base@5@A@@YAXXZ 10005243 f    CIL library: CIL module
 0001:0000424d       ??__F?s_uid@RGenerator@images_std@media@modules@UModSys@@2USUniquePointer@core@5@A@@YAXXZ 1000524d f    CIL library: CIL module
 0001:00004257       ??__Fh@?1??s_holder@RGenerator@images_std@media@modules@UModSys@@SAAAU?$TTypeStaticHolder@URGenerator@images_std@media@modules@UModSys@@@tl@5@XZ@YAXXZ 10005257 f    CIL library: CIL module
 0001:00004274       ??__F?s_id@?$TObjectUniqueID@URGenerator@images_std@media@modules@UModSys@@@tl@UModSys@@2USUniquePointer@core@3@A@@YAXXZ 10005274 f    CIL library: CIL module
 0001:0000427e       ??__F?s_id@?$TObjectUniqueID@URMediaFilter@images_std@media@modules@UModSys@@@tl@UModSys@@2USUniquePointer@core@3@A@@YAXXZ 1000527e f    CIL library: CIL module
 0001:00004288       ??__FM@UModSys@@YAXXZ      10005288 f    CIL library: CIL module
 0001:00004289       ??__F?root@SModuleRegChain@base@UModSys@@2U123@A@@YAXXZ 10005289 f    CIL library: CIL module
 0001:00004293       ??__F?s_library@RModuleLibraryReg_Chain@base@UModSys@@2U123@A@@YAXXZ 10005293 f    CIL library: CIL module
 0001:0000429e       ??__F?root@SUniquePointer@core@UModSys@@2U123@A@@YAXXZ 1000529e f    CIL library: CIL module

 Exports

  ordinal    name

        1    _UModSys_Plugin_Entry2@0
