 plugin_test1

 Timestamp is 53343f11 (Thu Mar 27 18:09:05 2014)

 Preferred load address is 10000000

 Start         Length     Name                   Class
 0001:00000000 0002d661H .text                   CODE
 0001:0002d661 00000ac3H .text$x                 CODE
 0001:0002e124 000015c3H .text$yc                CODE
 0001:0002f6e7 000007edH .text$yd                CODE
 0002:00000000 0000022cH .idata$5                DATA
 0002:0000022c 00000004H .CRT$XCA                DATA
 0002:00000230 0000159cH .CRT$XCU                DATA
 0002:000017cc 00000004H .CRT$XCZ                DATA
 0002:000017d0 00000004H .CRT$XIA                DATA
 0002:000017d4 00000004H .CRT$XIAA               DATA
 0002:000017d8 00000004H .CRT$XIC                DATA
 0002:000017dc 00000004H .CRT$XIZ                DATA
 0002:000017e0 0000d760H .rdata                  DATA
 0002:0000ef40 00002610H .rdata$r                DATA
 0002:00011550 00000134H .rdata$sxdata           DATA
 0002:00011684 00000004H .rtc$IAA                DATA
 0002:00011688 00000004H .rtc$IZZ                DATA
 0002:0001168c 00000004H .rtc$TAA                DATA
 0002:00011690 00000004H .rtc$TZZ                DATA
 0002:00011698 00001194H .xdata$x                DATA
 0002:0001282c 00000078H .idata$2                DATA
 0002:000128a4 00000014H .idata$3                DATA
 0002:000128b8 0000022cH .idata$4                DATA
 0002:00012ae4 000009f4H .idata$6                DATA
 0002:000134e0 0000005cH .edata                  DATA
 0003:00000000 00001c70H .data                   DATA
 0003:00001c70 00001c3cH .bss                    DATA

  Address         Publics by Value              Rva+Base       Lib:Object

 0000:00000000       __except_list              00000000     <absolute>
 0000:0000004d       ___safe_se_handler_count   0000004d     <absolute>
 0000:00009876       __fltused                  00009876     <absolute>
 0000:00009876       __ldused                   00009876     <absolute>
 0000:00000000       ___ImageBase               10000000     <linker-defined>
 0001:00000000       ?new_data@SMemorySharedData@core@UModSys@@SAPAU123@IPBUSSourceContext@23@@Z 10001000 f i plugin_test1.obj
 0001:00000024       ??1State@RImage_Memory@stdlib@lib2d@modules@UModSys@@QAE@XZ 10001024 f i umodsys_lib_lib2d:umodsys.mod.2d.stdlib.obj
 0001:00000024       ??1SMemShared@core@UModSys@@QAE@XZ 10001024 f i plugin_test1.obj
 0001:00000024       ??1SCMemShared@core@UModSys@@QAE@XZ 10001024 f i plugin_test1.obj
 0001:0000002e       ?link@SCMemShared@core@UModSys@@QAE_NPAUSMemorySharedData@23@PAUSSourceContext@23@@Z 1000102e f i plugin_test1.obj
 0001:0000002e       ?link@SMemShared@core@UModSys@@QAE_NPAUSMemorySharedData@23@PAUSSourceContext@23@@Z 1000102e f i plugin_test1.obj
 0001:00000053       ?get@SMemShared@core@UModSys@@QBE?AUSMem@23@XZ 10001053 f i umodsys_lib_libmedia:umodsys.mod.media.images_std.obj
 0001:00000053       ??BSMemShared@core@UModSys@@QBE?AUSMem@12@XZ 10001053 f i umodsys_lib_lib2d:umodsys.mod.2d.stdlib.obj
 0001:00000053       ??BSCMemShared@core@UModSys@@QBE?AUSCMem@12@XZ 10001053 f i plugin_test1.obj
 0001:00000083       ??6SUniquePtrList@core@UModSys@@QAEAAU012@PBUSUniquePointerInfo@12@@Z 10001083 f i plugin_test1.obj
 0001:000000b4       ??3IRoot@core@UModSys@@SAXPAXABUSIMemAlloc@12@@Z 100010b4 f i plugin_test1.obj
 0001:000000cd       ?_root_get_other_interface@IRefObject@core@UModSys@@IAEPAUIRoot@23@PBUSUniquePointerInfo@23@@Z 100010cd f i plugin_test1.obj
 0001:000000cd       ?_root_get_other_interface@IRefObject@core@UModSys@@IBEPBUIRoot@23@PBUSUniquePointerInfo@23@@Z 100010cd f i plugin_test1.obj
 0001:000000ee       ?_root_get_interface_types@IRefObject@core@UModSys@@SAIAAUSUniquePtrList@23@@Z 100010ee f i plugin_test1.obj
 0001:0000010e       ?_root_is_interface_supported@IRefObject@core@UModSys@@SA_NPBUSUniquePointerInfo@23@@Z 1000110e f i plugin_test1.obj
 0001:00000125       ??$slen@D@su@tl@UModSys@@YAIPBD@Z 10001125 f i plugin_test1.obj
 0001:0000013e       ??$seq@D@su@tl@UModSys@@YA_NPBD0@Z 1000113e f i plugin_test1.obj
 0001:0000016b       ??1SParameters@core@UModSys@@QAE@XZ 1000116b f i plugin_test1.obj
 0001:0000016b       ??1?$TParametersA@$0EAA@@core@UModSys@@QAE@XZ 1000116b f i plugin_test1.obj
 0001:0000016b       ??1?$TParametersA@$0BAL@@core@UModSys@@QAE@XZ 1000116b f i umodsys_lib_lib2d:umodsys.mod.2d.stdlib.obj
 0001:0000016b       ??1?$TParametersA@$0BAA@@core@UModSys@@QAE@XZ 1000116b f i umodsys_lib_libui:umodsys.mod.ui.SDL_core.obj
 0001:00000178       ??0SParameters@core@UModSys@@QAE@PAUIParameters@12@PAXH@Z 10001178 f i plugin_test1.obj
 0001:0000019b       ?add@SParameters@core@UModSys@@QAE_NPBDH@Z 1000119b f i plugin_test1.obj
 0001:000001b6       ?_root_get_other_interface@IGenerator@base@UModSys@@IBEPBUIRoot@core@3@PBUSUniquePointerInfo@53@@Z 100011b6 f i plugin_test1.obj
 0001:000001b6       ?_root_get_other_interface@IGenerator@base@UModSys@@IAEPAUIRoot@core@3@PBUSUniquePointerInfo@53@@Z 100011b6 f i plugin_test1.obj
 0001:000001d2       ?_root_is_interface_supported@IGenerator@base@UModSys@@SA_NPBUSUniquePointerInfo@core@3@@Z 100011d2 f i plugin_test1.obj
 0001:000001f2       ?_root_is_interface_supported@IBinObjFilter@libmedia@UModSys@@SA_NPBUSUniquePointerInfo@core@3@@Z 100011f2 f i plugin_test1.obj
 0001:00000212       ?get_buttonmask@SMouseInput@libui@UModSys@@QBEIW4eButtonInputStatus@23@@Z 10001212 f i plugin_test1.obj
 0001:00000239       ?set_info@IImage@lib2d@UModSys@@QAE_NW4eImageType@23@HHPBD@Z 10001239 f i plugin_test1.obj
 0001:00000264       ?render_text@IRenderDriver@lib2d@UModSys@@QAE_NABU?$TVector2@H@math3d@3@PBHHPBU?$TVector2@M@53@@Z 10001264 f i plugin_test1.obj
 0001:00000292       ?render@SRenderState@lib3d@UModSys@@QAE_NPAUIVisualObject@23@@Z 10001292 f i plugin_test1.obj
 0001:000002d1       ??0SRenderState@lib3d@UModSys@@QAE@PAUIRenderer@12@PAUIRenderDriver@12@@Z 100012d1 f i plugin_test1.obj
 0001:0000030f       ?root_get_interface_info@RTest1_Shell@test1@test@modules@UModSys@@UBEABUSUniquePointerInfo@core@5@XZ 1000130f f i plugin_test1.obj
 0001:00000315       ?root_get_interface_type@RTest1_Shell@test1@test@modules@UModSys@@UBEPBUSUniquePointerInfo@core@5@XZ 10001315 f i plugin_test1.obj
 0001:0000031b       ?root_get_other_interface@RTest1_Shell@test1@test@modules@UModSys@@UAEPAUIRoot@core@5@PBUSUniquePointerInfo@75@@Z 1000131b f i plugin_test1.obj
 0001:0000031b       ?root_get_other_interface@RTest1_Shell@test1@test@modules@UModSys@@UBEPBUIRoot@core@5@PBUSUniquePointerInfo@75@@Z 1000131b f i plugin_test1.obj
 0001:0000033c       ?root_is_interface_supported@RTest1_Shell@test1@test@modules@UModSys@@UBE_NPBUSUniquePointerInfo@core@5@@Z 1000133c f i plugin_test1.obj
 0001:00000363       ?ref_add@RTest1_Shell@test1@test@modules@UModSys@@UBEXXZ 10001363 f i plugin_test1.obj
 0001:00000367       ?ref_remove@RTest1_Shell@test1@test@modules@UModSys@@UBEXXZ 10001367 f i plugin_test1.obj
 0001:00000372       ?ref_links@RTest1_Shell@test1@test@modules@UModSys@@UBEHXZ 10001372 f i plugin_test1.obj
 0001:00000376       ?ref_weak@RTest1_Shell@test1@test@modules@UModSys@@UBE_NAAUWeakPointer@IRefObject@core@5@@Z 10001376 f i plugin_test1.obj
 0001:00000395       ?suicide@RTest1_Shell@test1@test@modules@UModSys@@UAEXXZ 10001395 f i plugin_test1.obj
 0001:000003d2       ?set@VertexPC@UI_Info@RTest1_Shell@test1@test@modules@UModSys@@QAEXABU?$TVector3@N@math3d@7@ABU?$TVector3@M@97@@Z 100013d2 f i plugin_test1.obj
 0001:0000041c       ??0RTest1_Shell@test1@test@modules@UModSys@@QAE@PAUIModObject@base@4@@Z 1000141c f i plugin_test1.obj
 0001:00000533       ??1RTest1_Shell@test1@test@modules@UModSys@@UAE@XZ 10001533 f i plugin_test1.obj
 0001:000005bb       ?connect@RTest1_Shell@test1@test@modules@UModSys@@UAE_NXZ 100015bb f i plugin_test1.obj
 0001:000005d3       ?disconnect@RTest1_Shell@test1@test@modules@UModSys@@UAE_NXZ 100015d3 f i plugin_test1.obj
 0001:000005eb       ?process_tick@RTest1_Shell@test1@test@modules@UModSys@@UAE_NABUSTimeMsec@core@5@@Z 100015eb f i plugin_test1.obj
 0001:00000617       ?process_command@RTest1_Shell@test1@test@modules@UModSys@@UAE_NHQBU?$TString@U?$TSCoreConst@D@su@tl@UModSys@@U?$TComparerBinaryHash@D@234@@tl@5@@Z 10001617 f i plugin_test1.obj
 0001:00000636       ??_ERTest1_Shell@test1@test@modules@UModSys@@UAEPAXI@Z 10001636 f i  CIL library: CIL module
 0001:00000636       ??_GRTest1_Shell@test1@test@modules@UModSys@@UAEPAXI@Z 10001636 f i plugin_test1.obj
 0001:00000653       ?set_value@Prop@Aux@RTest1_Shell@test1@test@modules@UModSys@@UAE_NABUSPropValueR@core@7@@Z 10001653 f i plugin_test1.obj
 0001:000006e1       ?set_value@PropX@Aux@RTest1_Shell@test1@test@modules@UModSys@@UAE_NPBUSUniquePointerInfo@core@7@ABUSPropValueR@97@@Z 100016e1 f i plugin_test1.obj
 0001:0000080b       ?aux_tests@RTest1_Shell@test1@test@modules@UModSys@@QAEXXZ 1000180b f   plugin_test1.obj
 0001:00000980       ?ui_newframes@RTest1_Shell@test1@test@modules@UModSys@@SA?AU?$TRefObject@UICollector@libui@UModSys@@U?$TRefObjectFunc@UICollector@libui@UModSys@@@tl@3@@tl@5@ABU?$TString@U?$TSCoreConst@D@su@tl@UModSys@@U?$TComparerBinaryHash@D@234@@75@ABUSParameters@core@5@@Z 10001980 f   plugin_test1.obj
 0001:0000099e       ?ui_newterm@RTest1_Shell@test1@test@modules@UModSys@@SA?AU?$TRefObject@UITerminal@libui@UModSys@@U?$TRefObjectFunc@UITerminal@libui@UModSys@@@tl@3@@tl@5@ABU?$TString@U?$TSCoreConst@D@su@tl@UModSys@@U?$TComparerBinaryHash@D@234@@75@ABUSParameters@core@5@@Z 1000199e f   plugin_test1.obj
 0001:000009bc       ?key_pressed@RTest1_Shell@test1@test@modules@UModSys@@UAE_NABUSKeyboardInputRaw@libui@5@@Z 100019bc f   plugin_test1.obj
 0001:000009fe       ?key_text@RTest1_Shell@test1@test@modules@UModSys@@UAE_NABUSKeyboardInputText@libui@5@@Z 100019fe f   plugin_test1.obj
 0001:00000a37       ?mouse_event@RTest1_Shell@test1@test@modules@UModSys@@UAE_NABUSMouseInput@libui@5@@Z 10001a37 f   plugin_test1.obj
 0001:00000a7b       ?command@RTest1_Shell@test1@test@modules@UModSys@@UAE_NABUSController@libui@5@HABUSFrameDataIn@75@@Z 10001a7b f   plugin_test1.obj
 0001:00000ab6       ?db_get@RTest1_Shell@test1@test@modules@UModSys@@UAE_NABUSController@libui@5@QBDABUSFrameDataOut@75@@Z 10001ab6 f   plugin_test1.obj
 0001:00000b0b       ?db_get@RTest1_Shell@test1@test@modules@UModSys@@UAE_NABUSController@libui@5@QBDHABUSFrameDataOut@75@@Z 10001b0b f   plugin_test1.obj
 0001:00000b60       ?font_2d@UI_Info@RTest1_Shell@test1@test@modules@UModSys@@QAE_NXZ 10001b60 f   plugin_test1.obj
 0001:00000c97       ?init_term@UI_Info@RTest1_Shell@test1@test@modules@UModSys@@QAE_NPBD@Z 10001c97 f   plugin_test1.obj
 0001:00000e82       ?new_frames@UI_Info@RTest1_Shell@test1@test@modules@UModSys@@QAE_NPAUIController@libui@6@@Z 10001e82 f   plugin_test1.obj
 0001:00001312       ??1SFrameCreateParameters@libui@UModSys@@QAE@XZ 10002312 f i plugin_test1.obj
 0001:00001323       ?shutdown@UI_Info@RTest1_Shell@test1@test@modules@UModSys@@QAEXXZ 10002323 f   plugin_test1.obj
 0001:00001358       ?create_3d@UI_Info@RTest1_Shell@test1@test@modules@UModSys@@QAE_NPBD@Z 10002358 f   plugin_test1.obj
 0001:0000184b       ?cycle3d_b@UI_Info@RTest1_Shell@test1@test@modules@UModSys@@QAEXXZ 1000284b f   plugin_test1.obj
 0001:00001b35       ?new_va_1@UI_Info@RTest1_Shell@test1@test@modules@UModSys@@QAE_NXZ 10002b35 f   plugin_test1.obj
 0001:00001eae       ?fps2_move@UI_Info@RTest1_Shell@test1@test@modules@UModSys@@QAEXHN@Z 10002eae f   plugin_test1.obj
 0001:00001f11       ?fps2_add_rot@UI_Info@RTest1_Shell@test1@test@modules@UModSys@@QAEXNN@Z 10002f11 f   plugin_test1.obj
 0001:00002027       ?key_pressed@UI_Info@RTest1_Shell@test1@test@modules@UModSys@@UAE_NABUSKeyboardInputRaw@libui@6@@Z 10003027 f   plugin_test1.obj
 0001:000020c9       ?mouse_event@UI_Info@RTest1_Shell@test1@test@modules@UModSys@@UAE_NABUSMouseInput@libui@6@@Z 100030c9 f   plugin_test1.obj
 0001:00002119       ??0UI_Info@RTest1_Shell@test1@test@modules@UModSys@@QAE@XZ 10003119 f i plugin_test1.obj
 0001:0000215d       ??1UI_Info@RTest1_Shell@test1@test@modules@UModSys@@QAE@XZ 1000315d f i plugin_test1.obj
 0001:0000229d       ?ui_test2@RTest1_Shell@test1@test@modules@UModSys@@QAEXXZ 1000329d f   plugin_test1.obj
 0001:000023b6       ?get_generated_names@RGenerator@test1@test@modules@UModSys@@UBEHAAUSUniquePtrList@core@5@@Z 100033b6 f i plugin_test1.obj
 0001:000023cf       ?get_generated_types@RGenerator@test1@test@modules@UModSys@@UBEHAAUSUniquePtrList@core@5@PBUSUniquePointerInfo@75@@Z 100033cf f i plugin_test1.obj
 0001:00002403       ?generate@RGenerator@test1@test@modules@UModSys@@UAE_NAAU?$TRefObject@UIRefObject@core@UModSys@@U?$TRefObjectFunc@UIRefObject@core@UModSys@@@tl@3@@tl@5@PBUSUniquePointerInfo@core@5@ABUSParameters@95@@Z 10003403 f i plugin_test1.obj
 0001:00002485       ?root_get_interface_info@RGenerator@test1@test@modules@UModSys@@UBEABUSUniquePointerInfo@core@5@XZ 10003485 f i plugin_test1.obj
 0001:0000248b       ?root_get_interface_type@RGenerator@test1@test@modules@UModSys@@UBEPBUSUniquePointerInfo@core@5@XZ 1000348b f i plugin_test1.obj
 0001:00002491       ?root_get_other_interface@RGenerator@test1@test@modules@UModSys@@UBEPBUIRoot@core@5@PBUSUniquePointerInfo@75@@Z 10003491 f i plugin_test1.obj
 0001:00002491       ?root_get_other_interface@RGenerator@test1@test@modules@UModSys@@UAEPAUIRoot@core@5@PBUSUniquePointerInfo@75@@Z 10003491 f i plugin_test1.obj
 0001:000024aa       ?root_is_interface_supported@RGenerator@test1@test@modules@UModSys@@UBE_NPBUSUniquePointerInfo@core@5@@Z 100034aa f i plugin_test1.obj
 0001:000024c9       ?get_uid@RGenerator@test1@test@modules@UModSys@@UBEPBUSUniquePointerInfo@core@5@XZ 100034c9 f i plugin_test1.obj
 0001:000024cf       ?do_open@RModuleReg@test1@test@modules@UModSys@@UAE_NXZ 100034cf f i plugin_test1.obj
 0001:00002532       ?do_close@RModuleReg@test1@test@modules@UModSys@@UAE_NXZ 10003532 f i plugin_test1.obj
 0001:00002582       ?get_module@RGenerator@test1@test@modules@UModSys@@UBEPAUIModule@base@5@XZ 10003582 f   plugin_test1.obj
 0001:00002588       ?mod_inc@RGenerator@test1@test@modules@UModSys@@UBE_NXZ 10003588 f   plugin_test1.obj
 0001:00002593       ?mod_dec@RGenerator@test1@test@modules@UModSys@@UBE_NXZ 10003593 f   plugin_test1.obj
 0001:0000259e       ?s_holder@RGenerator@test1@test@modules@UModSys@@SAAAU?$TTypeStaticHolder@URGenerator@test1@test@modules@UModSys@@@tl@5@XZ 1000359e f   plugin_test1.obj
 0001:000025d0       ??0?$TString@U?$TSCoreConst@D@su@tl@UModSys@@U?$TComparerBinaryHash@D@234@@tl@UModSys@@QAE@PBD@Z 100035d0 f i plugin_test1.obj
 0001:000025f5       ??8?$TString@U?$TSCoreConst@D@su@tl@UModSys@@U?$TComparerBinaryHash@D@234@@tl@UModSys@@QBE_NPBD@Z 100035f5 f i plugin_test1.obj
 0001:00002617       ??4?$TString@U?$TSCoreConst@D@su@tl@UModSys@@U?$TComparerBinaryHash@D@234@@tl@UModSys@@QAEABU012@PBD@Z 10003617 f i plugin_test1.obj
 0001:00002633       ??0?$TString@U?$TSCoreShared@USIMemAlloc@core@UModSys@@D@su@tl@UModSys@@U?$TComparerBinaryHash@D@234@@tl@UModSys@@QAE@XZ 10003633 f i plugin_test1.obj
 0001:00002649       ??4?$TString@U?$TSCoreShared@USIMemAlloc@core@UModSys@@D@su@tl@UModSys@@U?$TComparerBinaryHash@D@234@@tl@UModSys@@QAEABU012@ABU012@@Z 10003649 f i plugin_test1.obj
 0001:0000266b       ?normalize@?$TVector3@N@math3d@UModSys@@QAENXZ 1000366b f i plugin_test1.obj
 0001:000026c2       ??4?$TRefObject@UIRenderer@lib3d@UModSys@@U?$TRefObjectFunc@UIRenderer@lib3d@UModSys@@@tl@3@@tl@UModSys@@QAEABU012@PAUIRenderer@lib3d@2@@Z 100036c2 f i plugin_test1.obj
 0001:000026c2       ??4?$TRefObject@UIMultiImage@lib2d@UModSys@@U?$TRefObjectFunc@UIMultiImage@lib2d@UModSys@@@tl@3@@tl@UModSys@@QAEABU012@PAUIMultiImage@lib2d@2@@Z 100036c2 f i plugin_test1.obj
 0001:000026c2       ??4?$TRefObject@URFrame_Common@frames@ui@modules@UModSys@@U?$TRefObjectFunc@URFrame_Common@frames@ui@modules@UModSys@@@tl@5@@tl@UModSys@@QAEABU012@PAURFrame_Common@frames@ui@modules@2@@Z 100036c2 f i umodsys_lib_libui:umodsys.mod.ui.frames.obj
 0001:000026c2       ??4?$TRefObject@UIRefObject@core@UModSys@@U?$TRefObjectFunc@UIRefObject@core@UModSys@@@tl@3@@tl@UModSys@@QAEABU012@PAUIRefObject@core@2@@Z 100036c2 f i plugin_test1.obj
 0001:000026c2       ??4?$TRefObject@UIImage@lib2d@UModSys@@U?$TRefObjectFunc@UIImage@lib2d@UModSys@@@tl@3@@tl@UModSys@@QAEABU012@PAUIImage@lib2d@2@@Z 100036c2 f i plugin_test1.obj
 0001:000026c2       ??4?$TRefObject@UIRenderDriver@lib2d@UModSys@@U?$TRefObjectFunc@UIRenderDriver@lib2d@UModSys@@@tl@3@@tl@UModSys@@QAEABU012@PAUIRenderDriver@lib2d@2@@Z 100036c2 f i plugin_test1.obj
 0001:000026dd       ??1?$TRefObject@URBinArchiveFrameClient_ZIP@zlib@media@modules@UModSys@@U?$TRefObjectFunc@URBinArchiveFrameClient_ZIP@zlib@media@modules@UModSys@@@tl@5@@tl@UModSys@@QAE@XZ 100036dd f i umodsys_lib_libmedia:umodsys.mod.media.zlib.obj
 0001:000026dd       ??1?$TRefObject@UIUtilities@libmedia@UModSys@@U?$TRefObjectFunc@UIUtilities@libmedia@UModSys@@@tl@3@@tl@UModSys@@QAE@XZ 100036dd f i plugin_test1.obj
 0001:000026dd       ??1?$TRefObject@URMultiImage2D_SDL_ttf@SDL_GL@ui@modules@UModSys@@U?$TRefObjectFunc@URMultiImage2D_SDL_ttf@SDL_GL@ui@modules@UModSys@@@tl@5@@tl@UModSys@@QAE@XZ 100036dd f i umodsys_lib_libui:umodsys.mod.ui.SDL_GL.obj
 0001:000026dd       ??1?$TRefObject@UIRenderDriver@lib2d@UModSys@@U?$TRefObjectFunc@UIRenderDriver@lib2d@UModSys@@@tl@3@@tl@UModSys@@QAE@XZ 100036dd f i plugin_test1.obj
 0001:000026dd       ??1?$TRefObject@UITerminal@libui@UModSys@@U?$TRefObjectFunc@UITerminal@libui@UModSys@@@tl@3@@tl@UModSys@@QAE@XZ 100036dd f i plugin_test1.obj
 0001:000026dd       ??1?$TRefObject@URMultiImage2D_SDL_ttf@SDL_core@ui@modules@UModSys@@U?$TRefObjectFunc@URMultiImage2D_SDL_ttf@SDL_core@ui@modules@UModSys@@@tl@5@@tl@UModSys@@QAE@XZ 100036dd f i umodsys_lib_libui:umodsys.mod.ui.SDL_core.obj
 0001:000026dd       ??1?$TRefObject@UIImage@lib2d@UModSys@@U?$TRefObjectFunc@UIImage@lib2d@UModSys@@@tl@3@@tl@UModSys@@QAE@XZ 100036dd f i plugin_test1.obj
 0001:000026dd       ??1?$TRefObject@URTerminalX@SDL_GL@ui@modules@UModSys@@U?$TRefObjectFunc@URTerminalX@SDL_GL@ui@modules@UModSys@@@tl@5@@tl@UModSys@@QAE@XZ 100036dd f i umodsys_lib_libui:umodsys.mod.ui.SDL_GL.obj
 0001:000026dd       ??1?$TRefObject@URFrame_Common@frames@ui@modules@UModSys@@U?$TRefObjectFunc@URFrame_Common@frames@ui@modules@UModSys@@@tl@5@@tl@UModSys@@QAE@XZ 100036dd f i umodsys_lib_libui:umodsys.mod.ui.frames.obj
 0001:000026dd       ??1?$TRefObject@UIRefObject@core@UModSys@@U?$TRefObjectFunc@UIRefObject@core@UModSys@@@tl@3@@tl@UModSys@@QAE@XZ 100036dd f i plugin_test1.obj
 0001:000026dd       ??1?$TRefObject@URRenderDriver3D@SDL_GL@ui@modules@UModSys@@U?$TRefObjectFunc@URRenderDriver3D@SDL_GL@ui@modules@UModSys@@@tl@5@@tl@UModSys@@QAE@XZ 100036dd f i umodsys_lib_libui:umodsys.mod.ui.SDL_GL.obj
 0001:000026dd       ??1?$TRefObject@UIKeyboardController@libui@UModSys@@U?$TRefObjectFunc@UIKeyboardController@libui@UModSys@@@tl@3@@tl@UModSys@@QAE@XZ 100036dd f i plugin_test1.obj
 0001:000026dd       ??1?$TRefObject@URRenderer@stdlib@lib3d@modules@UModSys@@U?$TRefObjectFunc@URRenderer@stdlib@lib3d@modules@UModSys@@@tl@5@@tl@UModSys@@QAE@XZ 100036dd f i umodsys_lib_lib3d:umodsys.mod.3d.stdlib.obj
 0001:000026dd       ??1?$TRefObject@UIRenderObject@lib3d@UModSys@@U?$TRefObjectFunc@UIRenderObject@lib3d@UModSys@@@tl@3@@tl@UModSys@@QAE@XZ 100036dd f i plugin_test1.obj
 0001:000026dd       ??1?$TRefObject@URMediaFilter@images_std@media@modules@UModSys@@U?$TRefObjectFunc@URMediaFilter@images_std@media@modules@UModSys@@@tl@5@@tl@UModSys@@QAE@XZ 100036dd f i umodsys_lib_libmedia:umodsys.mod.media.images_std.obj
 0001:000026dd       ??1?$TRefObject@UIImageFactory@lib2d@UModSys@@U?$TRefObjectFunc@UIImageFactory@lib2d@UModSys@@@tl@3@@tl@UModSys@@QAE@XZ 100036dd f i plugin_test1.obj
 0001:000026dd       ??1?$TRefObject@URImage_Memory@stdlib@lib2d@modules@UModSys@@U?$TRefObjectFunc@URImage_Memory@stdlib@lib2d@modules@UModSys@@@tl@5@@tl@UModSys@@QAE@XZ 100036dd f i umodsys_lib_lib2d:umodsys.mod.2d.stdlib.obj
 0001:000026dd       ??1?$TRefObject@URVisualizerScene@stdlib@lib3d@modules@UModSys@@U?$TRefObjectFunc@URVisualizerScene@stdlib@lib3d@modules@UModSys@@@tl@5@@tl@UModSys@@QAE@XZ 100036dd f i umodsys_lib_lib3d:umodsys.mod.3d.stdlib.obj
 0001:000026dd       ??1?$TRefObject@UIStreamReader@libmedia@UModSys@@U?$TRefObjectFunc@UIStreamReader@libmedia@UModSys@@@tl@3@@tl@UModSys@@QAE@XZ 100036dd f i plugin_test1.obj
 0001:000026dd       ??1?$TRefObject@URVisualSceneMapper_Direct@stdlib@lib3d@modules@UModSys@@U?$TRefObjectFunc@URVisualSceneMapper_Direct@stdlib@lib3d@modules@UModSys@@@tl@5@@tl@UModSys@@QAE@XZ 100036dd f i umodsys_lib_lib3d:umodsys.mod.3d.stdlib.obj
 0001:000026dd       ??1?$TRefObject@UIStreamWriter@libmedia@UModSys@@U?$TRefObjectFunc@UIStreamWriter@libmedia@UModSys@@@tl@3@@tl@UModSys@@QAE@XZ 100036dd f i plugin_test1.obj
 0001:000026dd       ??1?$TRefObject@UIMultiImage@lib2d@UModSys@@U?$TRefObjectFunc@UIMultiImage@lib2d@UModSys@@@tl@3@@tl@UModSys@@QAE@XZ 100036dd f i plugin_test1.obj
 0001:000026dd       ??1?$TRefObject@UIVisualObject_Camera@lib3d@UModSys@@U?$TRefObjectFunc@UIVisualObject_Camera@lib3d@UModSys@@@tl@3@@tl@UModSys@@QAE@XZ 100036dd f i plugin_test1.obj
 0001:000026dd       ??1?$TRefObject@URImageFactory_Memory@stdlib@lib2d@modules@UModSys@@U?$TRefObjectFunc@URImageFactory_Memory@stdlib@lib2d@modules@UModSys@@@tl@5@@tl@UModSys@@QAE@XZ 100036dd f i umodsys_lib_lib2d:umodsys.mod.2d.stdlib.obj
 0001:000026dd       ??1?$TRefObject@UIRenderDriver@lib3d@UModSys@@U?$TRefObjectFunc@UIRenderDriver@lib3d@UModSys@@@tl@3@@tl@UModSys@@QAE@XZ 100036dd f i plugin_test1.obj
 0001:000026dd       ??1?$TRefObject@UICollector@libui@UModSys@@U?$TRefObjectFunc@UICollector@libui@UModSys@@@tl@3@@tl@UModSys@@QAE@XZ 100036dd f i plugin_test1.obj
 0001:000026dd       ??1?$TRefObject@URGeneral@object_primitive@stdlib@lib3d@modules@UModSys@@U?$TRefObjectFunc@URGeneral@object_primitive@stdlib@lib3d@modules@UModSys@@@tl@6@@tl@UModSys@@QAE@XZ 100036dd f i umodsys_lib_lib3d:umodsys.mod.3d.stdlib.obj
 0001:000026dd       ??1?$TRefObject@URRender@object_primitive@stdlib@lib3d@modules@UModSys@@U?$TRefObjectFunc@URRender@object_primitive@stdlib@lib3d@modules@UModSys@@@tl@6@@tl@UModSys@@QAE@XZ 100036dd f i umodsys_lib_lib3d:umodsys.mod.3d.stdlib.obj
 0001:000026dd       ??1?$TRefObject@URGeneral@object_camera@stdlib@lib3d@modules@UModSys@@U?$TRefObjectFunc@URGeneral@object_camera@stdlib@lib3d@modules@UModSys@@@tl@6@@tl@UModSys@@QAE@XZ 100036dd f i umodsys_lib_lib3d:umodsys.mod.3d.stdlib.obj
 0001:000026dd       ??1?$TRefObject@URDialog@frames@ui@modules@UModSys@@U?$TRefObjectFunc@URDialog@frames@ui@modules@UModSys@@@tl@5@@tl@UModSys@@QAE@XZ 100036dd f i umodsys_lib_libui:umodsys.mod.ui.frames.obj
 0001:000026dd       ??1?$TRefObject@URSerializeWriter@serialize_json@media@modules@UModSys@@U?$TRefObjectFunc@URSerializeWriter@serialize_json@media@modules@UModSys@@@tl@5@@tl@UModSys@@QAE@XZ 100036dd f i umodsys_lib_libmedia:umodsys.mod.media.serialize_json.obj
 0001:000026dd       ??1?$TRefObject@UIVisualObject@lib3d@UModSys@@U?$TRefObjectFunc@UIVisualObject@lib3d@UModSys@@@tl@3@@tl@UModSys@@QAE@XZ 100036dd f i plugin_test1.obj
 0001:000026dd       ??1?$TRefObject@UIVisualizerScene@lib3d@UModSys@@U?$TRefObjectFunc@UIVisualizerScene@lib3d@UModSys@@@tl@3@@tl@UModSys@@QAE@XZ 100036dd f i plugin_test1.obj
 0001:000026dd       ??1?$TRefObject@UIRenderer@lib3d@UModSys@@U?$TRefObjectFunc@UIRenderer@lib3d@UModSys@@@tl@3@@tl@UModSys@@QAE@XZ 100036dd f i plugin_test1.obj
 0001:000026dd       ??1?$TRefObject@URTerminalX@SDL_core@ui@modules@UModSys@@U?$TRefObjectFunc@URTerminalX@SDL_core@ui@modules@UModSys@@@tl@5@@tl@UModSys@@QAE@XZ 100036dd f i umodsys_lib_libui:umodsys.mod.ui.SDL_core.obj
 0001:000026dd       ??1?$TRefObject@UIGeneralObject@lib3d@UModSys@@U?$TRefObjectFunc@UIGeneralObject@lib3d@UModSys@@@tl@3@@tl@UModSys@@QAE@XZ 100036dd f i plugin_test1.obj
 0001:000026dd       ??1?$TRefObject@URVertexArray@SDL_GL@ui@modules@UModSys@@U?$TRefObjectFunc@URVertexArray@SDL_GL@ui@modules@UModSys@@@tl@5@@tl@UModSys@@QAE@XZ 100036dd f i umodsys_lib_libui:umodsys.mod.ui.SDL_GL.obj
 0001:000026dd       ??1?$TRefObject@URCollector@frames@ui@modules@UModSys@@U?$TRefObjectFunc@URCollector@frames@ui@modules@UModSys@@@tl@5@@tl@UModSys@@QAE@XZ 100036dd f i umodsys_lib_libui:umodsys.mod.ui.frames.obj
 0001:000026dd       ??1?$TRefObject@URRenderDriver2D@SDL_core@ui@modules@UModSys@@U?$TRefObjectFunc@URRenderDriver2D@SDL_core@ui@modules@UModSys@@@tl@5@@tl@UModSys@@QAE@XZ 100036dd f i umodsys_lib_libui:umodsys.mod.ui.SDL_core.obj
 0001:000026dd       ??1?$TRefObject@URSerializeReader@serialize_json@media@modules@UModSys@@U?$TRefObjectFunc@URSerializeReader@serialize_json@media@modules@UModSys@@@tl@5@@tl@UModSys@@QAE@XZ 100036dd f i umodsys_lib_libmedia:umodsys.mod.media.serialize_json.obj
 0001:000026dd       ??1?$TRefObject@UIScene@lib3d@UModSys@@U?$TRefObjectFunc@UIScene@lib3d@UModSys@@@tl@3@@tl@UModSys@@QAE@XZ 100036dd f i umodsys_lib_lib3d:umodsys.mod.3d.stdlib.obj
 0001:000026dd       ??1?$TRefObject@UIFrame@libui@UModSys@@U?$TRefObjectFunc@UIFrame@libui@UModSys@@@tl@3@@tl@UModSys@@QAE@XZ 100036dd f i umodsys_lib_libui:umodsys.mod.ui.frames.obj
 0001:000026dd       ??1?$TRefObject@UIMouseController@libui@UModSys@@U?$TRefObjectFunc@UIMouseController@libui@UModSys@@@tl@3@@tl@UModSys@@QAE@XZ 100036dd f i plugin_test1.obj
 0001:000026dd       ??1?$TRefObject@UIVertexArray@lib3d@UModSys@@U?$TRefObjectFunc@UIVertexArray@lib3d@UModSys@@@tl@3@@tl@UModSys@@QAE@XZ 100036dd f i plugin_test1.obj
 0001:000026dd       ??1?$TRefObject@URMultiImage@stdlib@lib2d@modules@UModSys@@U?$TRefObjectFunc@URMultiImage@stdlib@lib2d@modules@UModSys@@@tl@5@@tl@UModSys@@QAE@XZ 100036dd f i umodsys_lib_lib2d:umodsys.mod.2d.stdlib.obj
 0001:000026ec       ??4?$TRefObject@UIVertexArray@lib3d@UModSys@@U?$TRefObjectFunc@UIVertexArray@lib3d@UModSys@@@tl@3@@tl@UModSys@@QAEABU012@ABU012@@Z 100036ec f i plugin_test1.obj
 0001:0000270b       ??0?$TParametersA@$0EAA@@core@UModSys@@QAE@XZ 1000370b f i plugin_test1.obj
 0001:0000272d       ?update@?$TComparerBinaryHash@D@su@tl@UModSys@@QAEXPBDI@Z 1000372d f i plugin_test1.obj
 0001:00002764       ?info_release@?$TSCoreShared@USIMemAlloc@core@UModSys@@D@su@tl@UModSys@@QAEXXZ 10003764 f i plugin_test1.obj
 0001:0000279d       ?info_new@?$TSCoreShared@USIMemAlloc@core@UModSys@@D@su@tl@UModSys@@QAE_NPBDI@Z 1000379d f i plugin_test1.obj
 0001:00002801       ?get_null@?$TSCoreShared@USIMemAlloc@core@UModSys@@D@su@tl@UModSys@@SAPAU?$TSharedStringInfo@DUSIMemAlloc@core@UModSys@@@234@XZ 10003801 f i plugin_test1.obj
 0001:00002839       ?mult3@?$TMatrix44@N@math3d@UModSys@@QAEXABU123@0@Z 10003839 f i plugin_test1.obj
 0001:00002914       ?set_rotate_about@?$TMatrix44@N@math3d@UModSys@@QAEXABU?$TVector3@N@23@N@Z 10003914 f i plugin_test1.obj
 0001:00002a42       ?set_ER@?$TMatrix44@N@math3d@UModSys@@QAEXN@Z 10003a42 f i plugin_test1.obj
 0001:00002a76       ?set_inversed@?$TMatrix44@N@math3d@UModSys@@QAE_NABU123@@Z 10003a76 f i plugin_test1.obj
 0001:00002e4d       ??$get_as@H@SPropValueR@core@UModSys@@QBE_NAAPBH@Z 10003e4d f i plugin_test1.obj
 0001:00002e73       ??$get_as@M@SPropValueR@core@UModSys@@QBE_NAAPBM@Z 10003e73 f i plugin_test1.obj
 0001:00002e99       ??$generate_type@UICollector@libui@UModSys@@@RTest1_Shell@test1@test@modules@UModSys@@SA?AU?$TRefObject@UICollector@libui@UModSys@@U?$TRefObjectFunc@UICollector@libui@UModSys@@@tl@3@@tl@4@ABU?$TString@U?$TSCoreConst@D@su@tl@UModSys@@U?$TComparerBinaryHash@D@234@@64@ABUSParameters@core@4@PBD@Z 10003e99 f i plugin_test1.obj
 0001:00002f93       ??$generate_type@UITerminal@libui@UModSys@@@RTest1_Shell@test1@test@modules@UModSys@@SA?AU?$TRefObject@UITerminal@libui@UModSys@@U?$TRefObjectFunc@UITerminal@libui@UModSys@@@tl@3@@tl@4@ABU?$TString@U?$TSCoreConst@D@su@tl@UModSys@@U?$TComparerBinaryHash@D@234@@64@ABUSParameters@core@4@PBD@Z 10003f93 f i plugin_test1.obj
 0001:0000308d       ??$t_create_handler@UIKeyboardController@libui@UModSys@@@ITerminal@libui@UModSys@@QAE_NAAU?$TRefObject@UIKeyboardController@libui@UModSys@@U?$TRefObjectFunc@UIKeyboardController@libui@UModSys@@@tl@3@@tl@2@PBDPBUSParameters@core@2@@Z 1000408d f i plugin_test1.obj
 0001:0000310f       ??$t_create_handler@UIMouseController@libui@UModSys@@@ITerminal@libui@UModSys@@QAE_NAAU?$TRefObject@UIMouseController@libui@UModSys@@U?$TRefObjectFunc@UIMouseController@libui@UModSys@@@tl@3@@tl@2@PBDPBUSParameters@core@2@@Z 1000410f f i plugin_test1.obj
 0001:00003191       ??$generate_type@UIRenderer@lib3d@UModSys@@@RTest1_Shell@test1@test@modules@UModSys@@SA?AU?$TRefObject@UIRenderer@lib3d@UModSys@@U?$TRefObjectFunc@UIRenderer@lib3d@UModSys@@@tl@3@@tl@4@ABU?$TString@U?$TSCoreConst@D@su@tl@UModSys@@U?$TComparerBinaryHash@D@234@@64@ABUSParameters@core@4@PBD@Z 10004191 f i plugin_test1.obj
 0001:0000328c       ??$t_create_handler@UIRenderDriver@lib3d@UModSys@@@ITerminal@libui@UModSys@@QAE_NAAU?$TRefObject@UIRenderDriver@lib3d@UModSys@@U?$TRefObjectFunc@UIRenderDriver@lib3d@UModSys@@@tl@3@@tl@2@PBDPBUSParameters@core@2@@Z 1000428c f i plugin_test1.obj
 0001:00003310       ??$generate_type@UIVisualizerScene@lib3d@UModSys@@@RTest1_Shell@test1@test@modules@UModSys@@SA?AU?$TRefObject@UIVisualizerScene@lib3d@UModSys@@U?$TRefObjectFunc@UIVisualizerScene@lib3d@UModSys@@@tl@3@@tl@4@ABU?$TString@U?$TSCoreConst@D@su@tl@UModSys@@U?$TComparerBinaryHash@D@234@@64@ABUSParameters@core@4@PBD@Z 10004310 f i plugin_test1.obj
 0001:0000340a       ??$generate_type@UIGeneralObject@lib3d@UModSys@@@RTest1_Shell@test1@test@modules@UModSys@@SA?AU?$TRefObject@UIGeneralObject@lib3d@UModSys@@U?$TRefObjectFunc@UIGeneralObject@lib3d@UModSys@@@tl@3@@tl@4@ABU?$TString@U?$TSCoreConst@D@su@tl@UModSys@@U?$TComparerBinaryHash@D@234@@64@ABUSParameters@core@4@PBD@Z 1000440a f i plugin_test1.obj
 0001:00003504       ??1?$TRefObject@UIModObject@base@UModSys@@U?$TModObjectFunc@UIModObject@base@UModSys@@@tl@3@@tl@UModSys@@QAE@XZ 10004504 f i plugin_test1.obj
 0001:0000351a       ?mult@?$TMatrix44@N@math3d@UModSys@@QAEXABU123@0@Z 1000451a f i plugin_test1.obj
 0001:00003722       ?get_determinant@?$TMatrix44@N@math3d@UModSys@@QBENXZ 10004722 f i plugin_test1.obj
 0001:000037de       ?s_init@?$TModObjectFunc@UIModObject@base@UModSys@@@tl@UModSys@@SAXAAPAUIModObject@base@3@PAU453@@Z 100047de f i plugin_test1.obj
 0001:000037f7       ??$t_ref_get_other_interface@UIStreamReader@libmedia@UModSys@@U?$TRefObjectFunc@UIStreamReader@libmedia@UModSys@@@tl@3@@IRefObject@core@UModSys@@QAE_NAAU?$TRefObject@UIStreamReader@libmedia@UModSys@@U?$TRefObjectFunc@UIStreamReader@libmedia@UModSys@@@tl@3@@tl@2@@Z 100047f7 f i plugin_test1.obj
 0001:00003826       ??$t_ref_get_other_interface@UIStreamWriter@libmedia@UModSys@@U?$TRefObjectFunc@UIStreamWriter@libmedia@UModSys@@@tl@3@@IRefObject@core@UModSys@@QAE_NAAU?$TRefObject@UIStreamWriter@libmedia@UModSys@@U?$TRefObjectFunc@UIStreamWriter@libmedia@UModSys@@@tl@3@@tl@2@@Z 10004826 f i plugin_test1.obj
 0001:00003855       ??$t_generate@UICollector@libui@UModSys@@@SModuleContext@base@UModSys@@QAE_NAAU?$TRefObject@UICollector@libui@UModSys@@U?$TRefObjectFunc@UICollector@libui@UModSys@@@tl@3@@tl@2@PBUSUniquePointerInfo@core@2@ABUSParameters@62@@Z 10004855 f i plugin_test1.obj
 0001:000038f1       ??$t_generate@UITerminal@libui@UModSys@@@SModuleContext@base@UModSys@@QAE_NAAU?$TRefObject@UITerminal@libui@UModSys@@U?$TRefObjectFunc@UITerminal@libui@UModSys@@@tl@3@@tl@2@PBUSUniquePointerInfo@core@2@ABUSParameters@62@@Z 100048f1 f i plugin_test1.obj
 0001:0000398d       ??$t_generate@UIRenderer@lib3d@UModSys@@@SModuleContext@base@UModSys@@QAE_NAAU?$TRefObject@UIRenderer@lib3d@UModSys@@U?$TRefObjectFunc@UIRenderer@lib3d@UModSys@@@tl@3@@tl@2@PBUSUniquePointerInfo@core@2@ABUSParameters@62@@Z 1000498d f i plugin_test1.obj
 0001:00003a1b       ??$t_generate@UIVisualizerScene@lib3d@UModSys@@@SModuleContext@base@UModSys@@QAE_NAAU?$TRefObject@UIVisualizerScene@lib3d@UModSys@@U?$TRefObjectFunc@UIVisualizerScene@lib3d@UModSys@@@tl@3@@tl@2@PBUSUniquePointerInfo@core@2@ABUSParameters@62@@Z 10004a1b f i plugin_test1.obj
 0001:00003ab7       ??$t_generate@UIGeneralObject@lib3d@UModSys@@@SModuleContext@base@UModSys@@QAE_NAAU?$TRefObject@UIGeneralObject@lib3d@UModSys@@U?$TRefObjectFunc@UIGeneralObject@lib3d@UModSys@@@tl@3@@tl@2@PBUSUniquePointerInfo@core@2@ABUSParameters@62@@Z 10004ab7 f i plugin_test1.obj
 0001:00003b53       ??$t_ref_get_other_interface@UIImageFactory@lib2d@UModSys@@U?$TRefObjectFunc@UIImageFactory@lib2d@UModSys@@@tl@3@@IRefObject@core@UModSys@@QAE_NAAU?$TRefObject@UIImageFactory@lib2d@UModSys@@U?$TRefObjectFunc@UIImageFactory@lib2d@UModSys@@@tl@3@@tl@2@@Z 10004b53 f i plugin_test1.obj
 0001:00003b82       ??$t_ref_get_other_interface@UIMultiImage@lib2d@UModSys@@U?$TRefObjectFunc@UIMultiImage@lib2d@UModSys@@@tl@3@@IRefObject@core@UModSys@@QAE_NAAU?$TRefObject@UIMultiImage@lib2d@UModSys@@U?$TRefObjectFunc@UIMultiImage@lib2d@UModSys@@@tl@3@@tl@2@@Z 10004b82 f i plugin_test1.obj
 0001:00003ba2       ??1Scene@IVisualizerScene@lib3d@UModSys@@QAE@XZ 10004ba2 f i umodsys_lib_lib3d:umodsys.mod.3d.stdlib.obj
 0001:00003be5       ?root_get_interface_info@RRenderer@stdlib@lib3d@modules@UModSys@@UBEABUSUniquePointerInfo@core@5@XZ 10004be5 f i umodsys_lib_lib3d:umodsys.mod.3d.stdlib.obj
 0001:00003beb       ?root_get_interface_type@RRenderer@stdlib@lib3d@modules@UModSys@@UBEPBUSUniquePointerInfo@core@5@XZ 10004beb f i umodsys_lib_lib3d:umodsys.mod.3d.stdlib.obj
 0001:00003bf1       ?root_get_other_interface@RRenderer@stdlib@lib3d@modules@UModSys@@UBEPBUIRoot@core@5@PBUSUniquePointerInfo@75@@Z 10004bf1 f i umodsys_lib_lib3d:umodsys.mod.3d.stdlib.obj
 0001:00003bf1       ?root_get_other_interface@RRenderer@stdlib@lib3d@modules@UModSys@@UAEPAUIRoot@core@5@PBUSUniquePointerInfo@75@@Z 10004bf1 f i umodsys_lib_lib3d:umodsys.mod.3d.stdlib.obj
 0001:00003c12       ?root_is_interface_supported@RRenderer@stdlib@lib3d@modules@UModSys@@UBE_NPBUSUniquePointerInfo@core@5@@Z 10004c12 f i umodsys_lib_lib3d:umodsys.mod.3d.stdlib.obj
 0001:00003c39       ?ref_add@RSerializeWriter@serialize_json@media@modules@UModSys@@UBEXXZ 10004c39 f i umodsys_lib_libmedia:umodsys.mod.media.serialize_json.obj
 0001:00003c39       ?ref_add@RRenderer@stdlib@lib3d@modules@UModSys@@UBEXXZ 10004c39 f i umodsys_lib_lib3d:umodsys.mod.3d.stdlib.obj
 0001:00003c39       ?ref_add@RVisualSceneMapper_Direct@stdlib@lib3d@modules@UModSys@@UBEXXZ 10004c39 f i umodsys_lib_lib3d:umodsys.mod.3d.stdlib.obj
 0001:00003c3d       ?root_get_interface_info@RVisualizerScene@stdlib@lib3d@modules@UModSys@@UBEABUSUniquePointerInfo@core@5@XZ 10004c3d f i umodsys_lib_lib3d:umodsys.mod.3d.stdlib.obj
 0001:00003c43       ?root_get_interface_type@RVisualizerScene@stdlib@lib3d@modules@UModSys@@UBEPBUSUniquePointerInfo@core@5@XZ 10004c43 f i umodsys_lib_lib3d:umodsys.mod.3d.stdlib.obj
 0001:00003c49       ?root_get_other_interface@RVisualizerScene@stdlib@lib3d@modules@UModSys@@UBEPBUIRoot@core@5@PBUSUniquePointerInfo@75@@Z 10004c49 f i umodsys_lib_lib3d:umodsys.mod.3d.stdlib.obj
 0001:00003c49       ?root_get_other_interface@RVisualizerScene@stdlib@lib3d@modules@UModSys@@UAEPAUIRoot@core@5@PBUSUniquePointerInfo@75@@Z 10004c49 f i umodsys_lib_lib3d:umodsys.mod.3d.stdlib.obj
 0001:00003c72       ?root_is_interface_supported@RVisualizerScene@stdlib@lib3d@modules@UModSys@@UBE_NPBUSUniquePointerInfo@core@5@@Z 10004c72 f i umodsys_lib_lib3d:umodsys.mod.3d.stdlib.obj
 0001:00003ca1       ?ref_remove@RGenerator@frames@ui@modules@UModSys@@UBEXXZ 10004ca1 f i umodsys_lib_libui:umodsys.mod.ui.frames.obj
 0001:00003ca1       ?ref_remove@RImageFactory_Memory@stdlib@lib2d@modules@UModSys@@UBEXXZ 10004ca1 f i umodsys_lib_lib2d:umodsys.mod.2d.stdlib.obj
 0001:00003ca1       ?ref_remove@RGenerator@images_std@media@modules@UModSys@@UBEXXZ 10004ca1 f i umodsys_lib_libmedia:umodsys.mod.media.images_std.obj
 0001:00003ca1       ?ref_remove@RGenerator@stdlib@lib3d@modules@UModSys@@UBEXXZ 10004ca1 f i umodsys_lib_lib3d:umodsys.mod.3d.stdlib.obj
 0001:00003ca1       ?ref_remove@RGenerator@stdlib@lib2d@modules@UModSys@@UBEXXZ 10004ca1 f i umodsys_lib_lib2d:umodsys.mod.2d.stdlib.obj
 0001:00003ca1       ?ref_remove@RGenerator@SDL_GL@ui@modules@UModSys@@UBEXXZ 10004ca1 f i umodsys_lib_libui:umodsys.mod.ui.SDL_GL.obj
 0001:00003ca1       ?ref_remove@RBinArchiveFrameClient_ZIP@zlib@media@modules@UModSys@@UBEXXZ 10004ca1 f i umodsys_lib_libmedia:umodsys.mod.media.zlib.obj
 0001:00003ca1       ?ref_remove@RImage_Memory@stdlib@lib2d@modules@UModSys@@UBEXXZ 10004ca1 f i umodsys_lib_lib2d:umodsys.mod.2d.stdlib.obj
 0001:00003ca1       ?ref_remove@RGenerator@test1@test@modules@UModSys@@UBEXXZ 10004ca1 f i plugin_test1.obj
 0001:00003ca1       ?ref_remove@RVisualizerScene@stdlib@lib3d@modules@UModSys@@UBEXXZ 10004ca1 f i umodsys_lib_lib3d:umodsys.mod.3d.stdlib.obj
 0001:00003ca1       ?ref_remove@RVertexArray@SDL_GL@ui@modules@UModSys@@UBEXXZ 10004ca1 f i umodsys_lib_libui:umodsys.mod.ui.SDL_GL.obj
 0001:00003ca1       ?ref_remove@RMultiImage2D_SDL_ttf@SDL_core@ui@modules@UModSys@@UBEXXZ 10004ca1 f i umodsys_lib_libui:umodsys.mod.ui.SDL_core.obj
 0001:00003ca1       ?ref_remove@RGeneral@object_camera@stdlib@lib3d@modules@UModSys@@UBEXXZ 10004ca1 f i umodsys_lib_lib3d:umodsys.mod.3d.stdlib.obj
 0001:00003ca1       ?ref_remove@RDialog@frames@ui@modules@UModSys@@UBEXXZ 10004ca1 f i umodsys_lib_libui:umodsys.mod.ui.frames.obj
 0001:00003ca1       ?ref_remove@RMultiImage2D_SDL_ttf@SDL_GL@ui@modules@UModSys@@UBEXXZ 10004ca1 f i umodsys_lib_libui:umodsys.mod.ui.SDL_GL.obj
 0001:00003ca1       ?ref_remove@RSerializeReader@serialize_json@media@modules@UModSys@@UBEXXZ 10004ca1 f i umodsys_lib_libmedia:umodsys.mod.media.serialize_json.obj
 0001:00003ca1       ?ref_remove@RGenerator@zlib@media@modules@UModSys@@UBEXXZ 10004ca1 f i umodsys_lib_libmedia:umodsys.mod.media.zlib.obj
 0001:00003ca1       ?ref_remove@RMultiImage@stdlib@lib2d@modules@UModSys@@UBEXXZ 10004ca1 f i umodsys_lib_lib2d:umodsys.mod.2d.stdlib.obj
 0001:00003ca1       ?ref_remove@RGenerator@serialize_json@media@modules@UModSys@@UBEXXZ 10004ca1 f i umodsys_lib_libmedia:umodsys.mod.media.serialize_json.obj
 0001:00003ca1       ?ref_remove@RTerminal@SDL_GL@ui@modules@UModSys@@UBEXXZ 10004ca1 f i umodsys_lib_libui:umodsys.mod.ui.SDL_GL.obj
 0001:00003ca1       ?ref_remove@RGenerator@SDL_core@ui@modules@UModSys@@UBEXXZ 10004ca1 f i umodsys_lib_libui:umodsys.mod.ui.SDL_core.obj
 0001:00003ca1       ?ref_remove@RTerminal@SDL_core@ui@modules@UModSys@@UBEXXZ 10004ca1 f i umodsys_lib_libui:umodsys.mod.ui.SDL_core.obj
 0001:00003ca1       ?ref_remove@RGeneral@object_primitive@stdlib@lib3d@modules@UModSys@@UBEXXZ 10004ca1 f i umodsys_lib_lib3d:umodsys.mod.3d.stdlib.obj
 0001:00003cac       ?root_get_interface_info@RVisualSceneMapper_Direct@stdlib@lib3d@modules@UModSys@@UBEABUSUniquePointerInfo@core@5@XZ 10004cac f i umodsys_lib_lib3d:umodsys.mod.3d.stdlib.obj
 0001:00003cb2       ?root_get_interface_type@RVisualSceneMapper_Direct@stdlib@lib3d@modules@UModSys@@UBEPBUSUniquePointerInfo@core@5@XZ 10004cb2 f i umodsys_lib_lib3d:umodsys.mod.3d.stdlib.obj
 0001:00003cb8       ?root_get_other_interface@RVisualSceneMapper_Direct@stdlib@lib3d@modules@UModSys@@UBEPBUIRoot@core@5@PBUSUniquePointerInfo@75@@Z 10004cb8 f i umodsys_lib_lib3d:umodsys.mod.3d.stdlib.obj
 0001:00003cb8       ?root_get_other_interface@RVisualSceneMapper_Direct@stdlib@lib3d@modules@UModSys@@UAEPAUIRoot@core@5@PBUSUniquePointerInfo@75@@Z 10004cb8 f i umodsys_lib_lib3d:umodsys.mod.3d.stdlib.obj
 0001:00003cd9       ?root_is_interface_supported@RVisualSceneMapper_Direct@stdlib@lib3d@modules@UModSys@@UBE_NPBUSUniquePointerInfo@core@5@@Z 10004cd9 f i umodsys_lib_lib3d:umodsys.mod.3d.stdlib.obj
 0001:00003d00       ?ref_weak@RRenderer@stdlib@lib3d@modules@UModSys@@UBE_NAAUWeakPointer@IRefObject@core@5@@Z 10004d00 f i umodsys_lib_lib3d:umodsys.mod.3d.stdlib.obj
 0001:00003d00       ?ref_weak@RVisualSceneMapper_Direct@stdlib@lib3d@modules@UModSys@@UBE_NAAUWeakPointer@IRefObject@core@5@@Z 10004d00 f i umodsys_lib_lib3d:umodsys.mod.3d.stdlib.obj
 0001:00003d00       ?ref_weak@RSerializeWriter@serialize_json@media@modules@UModSys@@UBE_NAAUWeakPointer@IRefObject@core@5@@Z 10004d00 f i umodsys_lib_libmedia:umodsys.mod.media.serialize_json.obj
 0001:00003d1f       ?suicide@RRenderer@stdlib@lib3d@modules@UModSys@@UAEXXZ 10004d1f f i umodsys_lib_lib3d:umodsys.mod.3d.stdlib.obj
 0001:00003d1f       ?suicide@RVisualSceneMapper_Direct@stdlib@lib3d@modules@UModSys@@UAEXXZ 10004d1f f i umodsys_lib_lib3d:umodsys.mod.3d.stdlib.obj
 0001:00003d1f       ?suicide@RSerializeWriter@serialize_json@media@modules@UModSys@@UAEXXZ 10004d1f f i umodsys_lib_libmedia:umodsys.mod.media.serialize_json.obj
 0001:00003d5c       ?root_get_interface_info@RGeneral@object_primitive@stdlib@lib3d@modules@UModSys@@UBEABUSUniquePointerInfo@core@6@XZ 10004d5c f i umodsys_lib_lib3d:umodsys.mod.3d.stdlib.obj
 0001:00003d62       ?root_get_interface_type@RGeneral@object_primitive@stdlib@lib3d@modules@UModSys@@UBEPBUSUniquePointerInfo@core@6@XZ 10004d62 f i umodsys_lib_lib3d:umodsys.mod.3d.stdlib.obj
 0001:00003d68       ?root_get_other_interface@RGeneral@object_primitive@stdlib@lib3d@modules@UModSys@@UAEPAUIRoot@core@6@PBUSUniquePointerInfo@86@@Z 10004d68 f i umodsys_lib_lib3d:umodsys.mod.3d.stdlib.obj
 0001:00003d68       ?root_get_other_interface@RGeneral@object_primitive@stdlib@lib3d@modules@UModSys@@UBEPBUIRoot@core@6@PBUSUniquePointerInfo@86@@Z 10004d68 f i umodsys_lib_lib3d:umodsys.mod.3d.stdlib.obj
 0001:00003d89       ?root_is_interface_supported@RGeneral@object_primitive@stdlib@lib3d@modules@UModSys@@UBE_NPBUSUniquePointerInfo@core@6@@Z 10004d89 f i umodsys_lib_lib3d:umodsys.mod.3d.stdlib.obj
 0001:00003db0       ?ref_weak@RGenerator@test1@test@modules@UModSys@@UBE_NAAUWeakPointer@IRefObject@core@5@@Z 10004db0 f i plugin_test1.obj
 0001:00003db0       ?ref_weak@RGeneral@object_camera@stdlib@lib3d@modules@UModSys@@UBE_NAAUWeakPointer@IRefObject@core@6@@Z 10004db0 f i umodsys_lib_lib3d:umodsys.mod.3d.stdlib.obj
 0001:00003db0       ?ref_weak@RGeneral@object_primitive@stdlib@lib3d@modules@UModSys@@UBE_NAAUWeakPointer@IRefObject@core@6@@Z 10004db0 f i umodsys_lib_lib3d:umodsys.mod.3d.stdlib.obj
 0001:00003db0       ?ref_weak@RTerminal@SDL_core@ui@modules@UModSys@@UBE_NAAUWeakPointer@IRefObject@core@5@@Z 10004db0 f i umodsys_lib_libui:umodsys.mod.ui.SDL_core.obj
 0001:00003db0       ?ref_weak@RGenerator@images_std@media@modules@UModSys@@UBE_NAAUWeakPointer@IRefObject@core@5@@Z 10004db0 f i umodsys_lib_libmedia:umodsys.mod.media.images_std.obj
 0001:00003db0       ?ref_weak@RMultiImage@stdlib@lib2d@modules@UModSys@@UBE_NAAUWeakPointer@IRefObject@core@5@@Z 10004db0 f i umodsys_lib_lib2d:umodsys.mod.2d.stdlib.obj
 0001:00003db0       ?ref_weak@RImage_Memory@stdlib@lib2d@modules@UModSys@@UBE_NAAUWeakPointer@IRefObject@core@5@@Z 10004db0 f i umodsys_lib_lib2d:umodsys.mod.2d.stdlib.obj
 0001:00003db0       ?ref_weak@RMultiImage2D_SDL_ttf@SDL_GL@ui@modules@UModSys@@UBE_NAAUWeakPointer@IRefObject@core@5@@Z 10004db0 f i umodsys_lib_libui:umodsys.mod.ui.SDL_GL.obj
 0001:00003db0       ?ref_weak@RBinArchiveFrameClient_ZIP@zlib@media@modules@UModSys@@UBE_NAAUWeakPointer@IRefObject@core@5@@Z 10004db0 f i umodsys_lib_libmedia:umodsys.mod.media.zlib.obj
 0001:00003db0       ?ref_weak@RSerializeReader@serialize_json@media@modules@UModSys@@UBE_NAAUWeakPointer@IRefObject@core@5@@Z 10004db0 f i umodsys_lib_libmedia:umodsys.mod.media.serialize_json.obj
 0001:00003db0       ?ref_weak@RVertexArray@SDL_GL@ui@modules@UModSys@@UBE_NAAUWeakPointer@IRefObject@core@5@@Z 10004db0 f i umodsys_lib_libui:umodsys.mod.ui.SDL_GL.obj
 0001:00003db0       ?ref_weak@RImageFactory_Memory@stdlib@lib2d@modules@UModSys@@UBE_NAAUWeakPointer@IRefObject@core@5@@Z 10004db0 f i umodsys_lib_lib2d:umodsys.mod.2d.stdlib.obj
 0001:00003db0       ?ref_weak@RGenerator@stdlib@lib2d@modules@UModSys@@UBE_NAAUWeakPointer@IRefObject@core@5@@Z 10004db0 f i umodsys_lib_lib2d:umodsys.mod.2d.stdlib.obj
 0001:00003db0       ?ref_weak@RDialog@frames@ui@modules@UModSys@@UBE_NAAUWeakPointer@IRefObject@core@5@@Z 10004db0 f i umodsys_lib_libui:umodsys.mod.ui.frames.obj
 0001:00003db0       ?ref_weak@RGenerator@SDL_core@ui@modules@UModSys@@UBE_NAAUWeakPointer@IRefObject@core@5@@Z 10004db0 f i umodsys_lib_libui:umodsys.mod.ui.SDL_core.obj
 0001:00003db0       ?ref_weak@RTerminal@SDL_GL@ui@modules@UModSys@@UBE_NAAUWeakPointer@IRefObject@core@5@@Z 10004db0 f i umodsys_lib_libui:umodsys.mod.ui.SDL_GL.obj
 0001:00003db0       ?ref_weak@RGenerator@serialize_json@media@modules@UModSys@@UBE_NAAUWeakPointer@IRefObject@core@5@@Z 10004db0 f i umodsys_lib_libmedia:umodsys.mod.media.serialize_json.obj
 0001:00003db0       ?ref_weak@RVisualizerScene@stdlib@lib3d@modules@UModSys@@UBE_NAAUWeakPointer@IRefObject@core@5@@Z 10004db0 f i umodsys_lib_lib3d:umodsys.mod.3d.stdlib.obj
 0001:00003db0       ?ref_weak@RGenerator@zlib@media@modules@UModSys@@UBE_NAAUWeakPointer@IRefObject@core@5@@Z 10004db0 f i umodsys_lib_libmedia:umodsys.mod.media.zlib.obj
 0001:00003db0       ?ref_weak@RGenerator@frames@ui@modules@UModSys@@UBE_NAAUWeakPointer@IRefObject@core@5@@Z 10004db0 f i umodsys_lib_libui:umodsys.mod.ui.frames.obj
 0001:00003db0       ?ref_weak@RMultiImage2D_SDL_ttf@SDL_core@ui@modules@UModSys@@UBE_NAAUWeakPointer@IRefObject@core@5@@Z 10004db0 f i umodsys_lib_libui:umodsys.mod.ui.SDL_core.obj
 0001:00003db0       ?ref_weak@RGenerator@SDL_GL@ui@modules@UModSys@@UBE_NAAUWeakPointer@IRefObject@core@5@@Z 10004db0 f i umodsys_lib_libui:umodsys.mod.ui.SDL_GL.obj
 0001:00003db0       ?ref_weak@RGenerator@stdlib@lib3d@modules@UModSys@@UBE_NAAUWeakPointer@IRefObject@core@5@@Z 10004db0 f i umodsys_lib_lib3d:umodsys.mod.3d.stdlib.obj
 0001:00003dcf       ?root_get_interface_info@RRender@object_primitive@stdlib@lib3d@modules@UModSys@@UBEABUSUniquePointerInfo@core@6@XZ 10004dcf f i umodsys_lib_lib3d:umodsys.mod.3d.stdlib.obj
 0001:00003dd5       ?root_get_interface_type@RRender@object_primitive@stdlib@lib3d@modules@UModSys@@UBEPBUSUniquePointerInfo@core@6@XZ 10004dd5 f i umodsys_lib_lib3d:umodsys.mod.3d.stdlib.obj
 0001:00003ddb       ?root_get_other_interface@RRender@object_primitive@stdlib@lib3d@modules@UModSys@@UAEPAUIRoot@core@6@PBUSUniquePointerInfo@86@@Z 10004ddb f i umodsys_lib_lib3d:umodsys.mod.3d.stdlib.obj
 0001:00003ddb       ?root_get_other_interface@RRender@object_primitive@stdlib@lib3d@modules@UModSys@@UBEPBUIRoot@core@6@PBUSUniquePointerInfo@86@@Z 10004ddb f i umodsys_lib_lib3d:umodsys.mod.3d.stdlib.obj
 0001:00003e04       ?root_is_interface_supported@RRender@object_primitive@stdlib@lib3d@modules@UModSys@@UBE_NPBUSUniquePointerInfo@core@6@@Z 10004e04 f i umodsys_lib_lib3d:umodsys.mod.3d.stdlib.obj
 0001:00003e33       ?ref_add@RCollector@frames@ui@modules@UModSys@@UBEXXZ 10004e33 f i umodsys_lib_libui:umodsys.mod.ui.frames.obj
 0001:00003e33       ?ref_add@RRender@object_primitive@stdlib@lib3d@modules@UModSys@@UBEXXZ 10004e33 f i umodsys_lib_lib3d:umodsys.mod.3d.stdlib.obj
 0001:00003e37       ?ref_links@RCollector@frames@ui@modules@UModSys@@UBEHXZ 10004e37 f i umodsys_lib_libui:umodsys.mod.ui.frames.obj
 0001:00003e37       ?get_terminal@RRenderDriver2D@SDL_core@ui@modules@UModSys@@UBEPAUITerminal@libui@5@XZ 10004e37 f i umodsys_lib_libui:umodsys.mod.ui.SDL_core.obj
 0001:00003e37       ?ref_links@RRender@object_primitive@stdlib@lib3d@modules@UModSys@@UBEHXZ 10004e37 f i umodsys_lib_lib3d:umodsys.mod.3d.stdlib.obj
 0001:00003e37       ?get_terminal@RRenderDriver3D@SDL_GL@ui@modules@UModSys@@UBEPAUITerminal@libui@5@XZ 10004e37 f i umodsys_lib_libui:umodsys.mod.ui.SDL_GL.obj
 0001:00003e3b       ?suicide@RRender@object_primitive@stdlib@lib3d@modules@UModSys@@UAEXXZ 10004e3b f i umodsys_lib_lib3d:umodsys.mod.3d.stdlib.obj
 0001:00003e7b       ?root_get_interface_info@RVisual@object_primitive@stdlib@lib3d@modules@UModSys@@UBEABUSUniquePointerInfo@core@6@XZ 10004e7b f i umodsys_lib_lib3d:umodsys.mod.3d.stdlib.obj
 0001:00003e81       ?root_get_interface_type@RVisual@object_primitive@stdlib@lib3d@modules@UModSys@@UBEPBUSUniquePointerInfo@core@6@XZ 10004e81 f i umodsys_lib_lib3d:umodsys.mod.3d.stdlib.obj
 0001:00003e87       ?root_get_other_interface@RVisual@object_primitive@stdlib@lib3d@modules@UModSys@@UBEPBUIRoot@core@6@PBUSUniquePointerInfo@86@@Z 10004e87 f i umodsys_lib_lib3d:umodsys.mod.3d.stdlib.obj
 0001:00003e87       ?root_get_other_interface@RVisual@object_primitive@stdlib@lib3d@modules@UModSys@@UAEPAUIRoot@core@6@PBUSUniquePointerInfo@86@@Z 10004e87 f i umodsys_lib_lib3d:umodsys.mod.3d.stdlib.obj
 0001:00003eb0       ?root_is_interface_supported@RVisual@object_primitive@stdlib@lib3d@modules@UModSys@@UBE_NPBUSUniquePointerInfo@core@6@@Z 10004eb0 f i umodsys_lib_lib3d:umodsys.mod.3d.stdlib.obj
 0001:00003edf       ?ref_links@RVisual@object_primitive@stdlib@lib3d@modules@UModSys@@UBEHXZ 10004edf f i umodsys_lib_lib3d:umodsys.mod.3d.stdlib.obj
 0001:00003edf       ?ref_links@RVisual@object_camera@stdlib@lib3d@modules@UModSys@@UBEHXZ 10004edf f i umodsys_lib_lib3d:umodsys.mod.3d.stdlib.obj
 0001:00003ee6       ?ref_weak@RVisual@object_camera@stdlib@lib3d@modules@UModSys@@UBE_NAAUWeakPointer@IRefObject@core@6@@Z 10004ee6 f i umodsys_lib_lib3d:umodsys.mod.3d.stdlib.obj
 0001:00003ee6       ?ref_weak@RVisual@object_primitive@stdlib@lib3d@modules@UModSys@@UBE_NAAUWeakPointer@IRefObject@core@6@@Z 10004ee6 f i umodsys_lib_lib3d:umodsys.mod.3d.stdlib.obj
 0001:00003f08       ?suicide@RVisual@object_primitive@stdlib@lib3d@modules@UModSys@@UAEXXZ 10004f08 f i umodsys_lib_lib3d:umodsys.mod.3d.stdlib.obj
 0001:00003f08       ?suicide@RVisual@object_camera@stdlib@lib3d@modules@UModSys@@UAEXXZ 10004f08 f i umodsys_lib_lib3d:umodsys.mod.3d.stdlib.obj
 0001:00003f4c       ?root_get_interface_info@RGeneral@object_camera@stdlib@lib3d@modules@UModSys@@UBEABUSUniquePointerInfo@core@6@XZ 10004f4c f i umodsys_lib_lib3d:umodsys.mod.3d.stdlib.obj
 0001:00003f52       ?root_get_interface_type@RGeneral@object_camera@stdlib@lib3d@modules@UModSys@@UBEPBUSUniquePointerInfo@core@6@XZ 10004f52 f i umodsys_lib_lib3d:umodsys.mod.3d.stdlib.obj
 0001:00003f58       ?root_get_other_interface@RGeneral@object_camera@stdlib@lib3d@modules@UModSys@@UBEPBUIRoot@core@6@PBUSUniquePointerInfo@86@@Z 10004f58 f i umodsys_lib_lib3d:umodsys.mod.3d.stdlib.obj
 0001:00003f58       ?root_get_other_interface@RGeneral@object_camera@stdlib@lib3d@modules@UModSys@@UAEPAUIRoot@core@6@PBUSUniquePointerInfo@86@@Z 10004f58 f i umodsys_lib_lib3d:umodsys.mod.3d.stdlib.obj
 0001:00003f79       ?root_is_interface_supported@RGeneral@object_camera@stdlib@lib3d@modules@UModSys@@UBE_NPBUSUniquePointerInfo@core@6@@Z 10004f79 f i umodsys_lib_lib3d:umodsys.mod.3d.stdlib.obj
 0001:00003fa0       ?root_get_interface_info@RVisual@object_camera@stdlib@lib3d@modules@UModSys@@UBEABUSUniquePointerInfo@core@6@XZ 10004fa0 f i umodsys_lib_lib3d:umodsys.mod.3d.stdlib.obj
 0001:00003fa6       ?root_get_interface_type@RVisual@object_camera@stdlib@lib3d@modules@UModSys@@UBEPBUSUniquePointerInfo@core@6@XZ 10004fa6 f i umodsys_lib_lib3d:umodsys.mod.3d.stdlib.obj
 0001:00003fac       ?root_get_other_interface@RVisual@object_camera@stdlib@lib3d@modules@UModSys@@UBEPBUIRoot@core@6@PBUSUniquePointerInfo@86@@Z 10004fac f i umodsys_lib_lib3d:umodsys.mod.3d.stdlib.obj
 0001:00003fac       ?root_get_other_interface@RVisual@object_camera@stdlib@lib3d@modules@UModSys@@UAEPAUIRoot@core@6@PBUSUniquePointerInfo@86@@Z 10004fac f i umodsys_lib_lib3d:umodsys.mod.3d.stdlib.obj
 0001:00003fd5       ?root_is_interface_supported@RVisual@object_camera@stdlib@lib3d@modules@UModSys@@UBE_NPBUSUniquePointerInfo@core@6@@Z 10004fd5 f i umodsys_lib_lib3d:umodsys.mod.3d.stdlib.obj
 0001:00004004       ?ref_add@RVisual@object_primitive@stdlib@lib3d@modules@UModSys@@UBEXXZ 10005004 f i umodsys_lib_lib3d:umodsys.mod.3d.stdlib.obj
 0001:00004004       ?ref_add@RVisual@object_camera@stdlib@lib3d@modules@UModSys@@UBEXXZ 10005004 f i umodsys_lib_lib3d:umodsys.mod.3d.stdlib.obj
 0001:0000400b       ?ref_remove@RVisual@object_primitive@stdlib@lib3d@modules@UModSys@@UBEXXZ 1000500b f i umodsys_lib_lib3d:umodsys.mod.3d.stdlib.obj
 0001:0000400b       ?ref_remove@RVisual@object_camera@stdlib@lib3d@modules@UModSys@@UBEXXZ 1000500b f i umodsys_lib_lib3d:umodsys.mod.3d.stdlib.obj
 0001:00004019       ?get_generated_names@RGenerator@stdlib@lib3d@modules@UModSys@@UBEHAAUSUniquePtrList@core@5@@Z 10005019 f i umodsys_lib_lib3d:umodsys.mod.3d.stdlib.obj
 0001:0000405e       ?get_generated_types@RGenerator@stdlib@lib3d@modules@UModSys@@UBEHAAUSUniquePtrList@core@5@PBUSUniquePointerInfo@75@@Z 1000505e f i umodsys_lib_lib3d:umodsys.mod.3d.stdlib.obj
 0001:00004106       ?generate@RGenerator@stdlib@lib3d@modules@UModSys@@UAE_NAAU?$TRefObject@UIRefObject@core@UModSys@@U?$TRefObjectFunc@UIRefObject@core@UModSys@@@tl@3@@tl@5@PBUSUniquePointerInfo@core@5@ABUSParameters@95@@Z 10005106 f i umodsys_lib_lib3d:umodsys.mod.3d.stdlib.obj
 0001:000041a8       ?root_get_interface_info@RGenerator@stdlib@lib3d@modules@UModSys@@UBEABUSUniquePointerInfo@core@5@XZ 100051a8 f i umodsys_lib_lib3d:umodsys.mod.3d.stdlib.obj
 0001:000041ae       ?root_get_interface_type@RGenerator@stdlib@lib3d@modules@UModSys@@UBEPBUSUniquePointerInfo@core@5@XZ 100051ae f i umodsys_lib_lib3d:umodsys.mod.3d.stdlib.obj
 0001:000041b4       ?root_get_other_interface@RGenerator@stdlib@lib3d@modules@UModSys@@UAEPAUIRoot@core@5@PBUSUniquePointerInfo@75@@Z 100051b4 f i umodsys_lib_lib3d:umodsys.mod.3d.stdlib.obj
 0001:000041b4       ?root_get_other_interface@RGenerator@stdlib@lib3d@modules@UModSys@@UBEPBUIRoot@core@5@PBUSUniquePointerInfo@75@@Z 100051b4 f i umodsys_lib_lib3d:umodsys.mod.3d.stdlib.obj
 0001:000041cd       ?root_is_interface_supported@RGenerator@stdlib@lib3d@modules@UModSys@@UBE_NPBUSUniquePointerInfo@core@5@@Z 100051cd f i umodsys_lib_lib3d:umodsys.mod.3d.stdlib.obj
 0001:000041ec       ?get_uid@RGenerator@stdlib@lib3d@modules@UModSys@@UBEPBUSUniquePointerInfo@core@5@XZ 100051ec f i umodsys_lib_lib3d:umodsys.mod.3d.stdlib.obj
 0001:000041f2       ?get_cell@RMultiImage2D_SDL_ttf@SDL_core@ui@modules@UModSys@@UBE_NIAAUSImageCellInfo@lib2d@5@@Z 100051f2 f   umodsys_lib_libui:umodsys.mod.ui.SDL_core.obj
 0001:000041f2       ?set_parameters@RRenderDriver3D@SDL_GL@ui@modules@UModSys@@UAE_NPBDABUSParameters@core@5@@Z 100051f2 f   umodsys_lib_libui:umodsys.mod.ui.SDL_GL.obj
 0001:000041f2       ?map_3d_to_2d@RRenderDriver3D@SDL_GL@ui@modules@UModSys@@UAE_NAAU?$TVector2@H@math3d@5@ABU?$TVector2@M@75@@Z 100051f2 f   umodsys_lib_libui:umodsys.mod.ui.SDL_GL.obj
 0001:000041f2       ?set_hint@RMultiImage2D_SDL_ttf@SDL_GL@ui@modules@UModSys@@UAE_NPBD0@Z 100051f2 f   umodsys_lib_libui:umodsys.mod.ui.SDL_GL.obj
 0001:000041f2       ?filter_load@RMediaFilter@images_std@media@modules@UModSys@@UAE_NABUSInfo@IBinObjFilter@libmedia@5@AAU?$TRefObject@UIRefObject@core@UModSys@@U?$TRefObjectFunc@UIRefObject@core@UModSys@@@tl@3@@tl@5@@Z 100051f2 f   umodsys_lib_libmedia:umodsys.mod.media.images_std.obj
 0001:000041f2       ?set_hint@RMultiImage2D_SDL_ttf@SDL_core@ui@modules@UModSys@@UAE_NPBD0@Z 100051f2 f   umodsys_lib_libui:umodsys.mod.ui.SDL_core.obj
 0001:000041f2       ?on_scene_node_add@RVisualSceneMapper_Direct@stdlib@lib3d@modules@UModSys@@UAE_NPAUIScene@35@PBUISceneNode@35@@Z 100051f2 f   umodsys_lib_lib3d:umodsys.mod.3d.stdlib.obj
 0001:000041f2       ?on_scene_node_change@RVisualSceneMapper_Direct@stdlib@lib3d@modules@UModSys@@UAE_NPAUIScene@35@PBUISceneNode@35@@Z 100051f2 f   umodsys_lib_lib3d:umodsys.mod.3d.stdlib.obj
 0001:000041f2       ?setup_fixed_cell@RMultiImage2D_SDL_ttf@SDL_core@ui@modules@UModSys@@UAE_NHH@Z 100051f2 f   umodsys_lib_libui:umodsys.mod.ui.SDL_core.obj
 0001:000041f2       ?key_setrepeat@RKeyboardController@SDL_GL@ui@modules@UModSys@@UAE_NMM@Z 100051f2 f   umodsys_lib_libui:umodsys.mod.ui.SDL_GL.obj
 0001:000041f2       ?map_3d_to_2d@RRenderDriver3D@SDL_GL@ui@modules@UModSys@@UAE_NAAU?$TVector2@H@math3d@5@ABU?$TVector3@N@75@@Z 100051f2 f   umodsys_lib_libui:umodsys.mod.ui.SDL_GL.obj
 0001:000041f2       ?set_value@RRenderer@stdlib@lib3d@modules@UModSys@@UAE_NABU?$TString@U?$TSCoreConst@D@su@tl@UModSys@@U?$TComparerBinaryHash@D@234@@tl@5@ABUSPropValueR@core@5@@Z 100051f2 f   umodsys_lib_lib3d:umodsys.mod.3d.stdlib.obj
 0001:000041f2       ?mouse_setposition@RMouseController@SDL_core@ui@modules@UModSys@@UAE_NHH@Z 100051f2 f   umodsys_lib_libui:umodsys.mod.ui.SDL_core.obj
 0001:000041f2       ?get_cell@RMultiImage2D_SDL_ttf@SDL_GL@ui@modules@UModSys@@UBE_NIAAUSImageCellInfo@lib2d@5@@Z 100051f2 f   umodsys_lib_libui:umodsys.mod.ui.SDL_GL.obj
 0001:000041f2       ?setup_fixed_cell@RMultiImage2D_SDL_ttf@SDL_GL@ui@modules@UModSys@@UAE_NHH@Z 100051f2 f   umodsys_lib_libui:umodsys.mod.ui.SDL_GL.obj
 0001:000041f2       ?mouse_setposition@RMouseController@SDL_GL@ui@modules@UModSys@@UAE_NHH@Z 100051f2 f   umodsys_lib_libui:umodsys.mod.ui.SDL_GL.obj
 0001:000041f2       ?key_setrepeat@RKeyboardController@SDL_core@ui@modules@UModSys@@UAE_NMM@Z 100051f2 f   umodsys_lib_libui:umodsys.mod.ui.SDL_core.obj
 0001:000041f2       ?setup_setlight@RRenderDriver3D@SDL_GL@ui@modules@UModSys@@UAE_NH_N@Z 100051f2 f   umodsys_lib_libui:umodsys.mod.ui.SDL_GL.obj
 0001:000041f2       ?set_hint@RMultiImage@stdlib@lib2d@modules@UModSys@@UAE_NPBD0@Z 100051f2 f   umodsys_lib_lib2d:umodsys.mod.2d.stdlib.obj
 0001:000041f2       ?output_attach_3d@RCollector@frames@ui@modules@UModSys@@UAE_NPAUIRenderDriver@lib3d@5@H@Z 100051f2 f   umodsys_lib_libui:umodsys.mod.ui.frames.obj
 0001:000041f2       ?set_parameters@RRenderDriver2D@SDL_core@ui@modules@UModSys@@UAE_NPBDABUSParameters@core@5@@Z 100051f2 f   umodsys_lib_libui:umodsys.mod.ui.SDL_core.obj
 0001:000041f2       ?get_value@RRenderer@stdlib@lib3d@modules@UModSys@@UBE_NABU?$TString@U?$TSCoreConst@D@su@tl@UModSys@@U?$TComparerBinaryHash@D@234@@tl@5@ABUSPropValueW@core@5@@Z 100051f2 f   umodsys_lib_lib3d:umodsys.mod.3d.stdlib.obj
 0001:000041f2       ?cast_ray_center@RRenderer@stdlib@lib3d@modules@UModSys@@UBE_NABU?$TVector2@H@math3d@5@AAU?$TVector3@N@75@@Z 100051f2 f   umodsys_lib_lib3d:umodsys.mod.3d.stdlib.obj
 0001:000041f2       ?set_repeater@RFrame_Common@frames@ui@modules@UModSys@@UAE_NHH@Z 100051f2 f   umodsys_lib_libui:umodsys.mod.ui.frames.obj
 0001:000041f2       ?on_scene_node_remove@RVisualSceneMapper_Direct@stdlib@lib3d@modules@UModSys@@UAE_NPAUIScene@35@PBUISceneNode@35@@Z 100051f2 f   umodsys_lib_lib3d:umodsys.mod.3d.stdlib.obj
 0001:000041f2       ?map_2d_to_3d@RRenderDriver3D@SDL_GL@ui@modules@UModSys@@UAE_NAAU?$TVector3@N@math3d@5@ABU?$TVector2@H@75@@Z 100051f2 f   umodsys_lib_libui:umodsys.mod.ui.SDL_GL.obj
 0001:000041f7       ?library_get@RRenderer@stdlib@lib3d@modules@UModSys@@UBEPAUISharedLibrary@35@XZ 100051f7 f   umodsys_lib_lib3d:umodsys.mod.3d.stdlib.obj
 0001:000041fb       ?driver_set@RRenderer@stdlib@lib3d@modules@UModSys@@UAE_NPAUIRenderDriver@35@PAUILibrary@libmedia@5@@Z 100051fb f   umodsys_lib_lib3d:umodsys.mod.3d.stdlib.obj
 0001:00004224       ?texture_alloc@RRenderer@stdlib@lib3d@modules@UModSys@@UAEPAUITexture@35@PAUSRenderDriverTexBox@35@ABU?$TVector2@H@math3d@5@W4eImageType@lib2d@5@@Z 10005224 f   umodsys_lib_lib3d:umodsys.mod.3d.stdlib.obj
 0001:00004224       ?texture_load@RRenderer@stdlib@lib3d@modules@UModSys@@UAEPAUITexture@35@ABU?$TString@U?$TSCoreConst@D@su@tl@UModSys@@U?$TComparerBinaryHash@D@234@@tl@5@0H@Z 10005224 f   umodsys_lib_lib3d:umodsys.mod.3d.stdlib.obj
 0001:00004224       ?font_load@RRenderer@stdlib@lib3d@modules@UModSys@@UAEPAUITextureCells@35@ABU?$TString@U?$TSCoreConst@D@su@tl@UModSys@@U?$TComparerBinaryHash@D@234@@tl@5@0H@Z 10005224 f   umodsys_lib_lib3d:umodsys.mod.3d.stdlib.obj
 0001:00004229       ?hints@RRenderer@stdlib@lib3d@modules@UModSys@@UAEAAUIPropNamedAdapter@core@5@XZ 10005229 f   umodsys_lib_lib3d:umodsys.mod.3d.stdlib.obj
 0001:00004229       ?hints@RRenderer@stdlib@lib3d@modules@UModSys@@UBEABUIPropNamedAdapter@core@5@XZ 10005229 f   umodsys_lib_lib3d:umodsys.mod.3d.stdlib.obj
 0001:00004234       ?render_begin@RRenderer@stdlib@lib3d@modules@UModSys@@UAE_NXZ 10005234 f   umodsys_lib_lib3d:umodsys.mod.3d.stdlib.obj
 0001:00004246       ?render_3d@RRenderer@stdlib@lib3d@modules@UModSys@@UAE_NPAUIVisualizer@35@H_N@Z 10005246 f   umodsys_lib_lib3d:umodsys.mod.3d.stdlib.obj
 0001:00004282       ?render_2d@RRenderer@stdlib@lib3d@modules@UModSys@@UAE_NPAUIVisualizer@35@@Z 10005282 f   umodsys_lib_lib3d:umodsys.mod.3d.stdlib.obj
 0001:000042af       ?render_extra@RRenderer@stdlib@lib3d@modules@UModSys@@UAE_NABUSRenderState@35@H@Z 100052af f   umodsys_lib_lib3d:umodsys.mod.3d.stdlib.obj
 0001:00004399       ?render_reset@RRenderer@stdlib@lib3d@modules@UModSys@@UAE_NABUSRenderState@35@@Z 10005399 f   umodsys_lib_lib3d:umodsys.mod.3d.stdlib.obj
 0001:000043b1       ?render_end@RRenderer@stdlib@lib3d@modules@UModSys@@UAE_NXZ 100053b1 f   umodsys_lib_lib3d:umodsys.mod.3d.stdlib.obj
 0001:000043c3       ??0RRenderer@stdlib@lib3d@modules@UModSys@@QAE@PAUIModObject@base@4@ABUSParameters@core@4@@Z 100053c3 f   umodsys_lib_lib3d:umodsys.mod.3d.stdlib.obj
 0001:0000441d       ??_ERRenderer@stdlib@lib3d@modules@UModSys@@UAEPAXI@Z 1000541d f i  CIL library: CIL module
 0001:0000441d       ??_GRRenderer@stdlib@lib3d@modules@UModSys@@UAEPAXI@Z 1000541d f i umodsys_lib_lib3d:umodsys.mod.3d.stdlib.obj
 0001:0000448a       ?get_root@RDialog@frames@ui@modules@UModSys@@UAEPAUIFrame@libui@5@XZ 1000548a f   umodsys_lib_libui:umodsys.mod.ui.frames.obj
 0001:0000448a       ?renderer_get@RVisualizerScene@stdlib@lib3d@modules@UModSys@@UBEPAUIRenderer@35@XZ 1000548a f   umodsys_lib_lib3d:umodsys.mod.3d.stdlib.obj
 0001:0000448e       ?renderer_set@RVisualizerScene@stdlib@lib3d@modules@UModSys@@UAE_NPAUIRenderer@35@@Z 1000548e f   umodsys_lib_lib3d:umodsys.mod.3d.stdlib.obj
 0001:000044d0       ?render_3d@RVisualizerScene@stdlib@lib3d@modules@UModSys@@UAE_NH_NPAUIRenderDriver@35@@Z 100054d0 f   umodsys_lib_lib3d:umodsys.mod.3d.stdlib.obj
 0001:000045bb       ?get_layer_count@RVertexArray@SDL_GL@ui@modules@UModSys@@UBEHXZ 100055bb f   umodsys_lib_libui:umodsys.mod.ui.SDL_GL.obj
 0001:000045bb       ?scene_count@RVisualizerScene@stdlib@lib3d@modules@UModSys@@UBEIXZ 100055bb f   umodsys_lib_lib3d:umodsys.mod.3d.stdlib.obj
 0001:000045bf       ?scene_get@RVisualizerScene@stdlib@lib3d@modules@UModSys@@UBE?AUScene@IVisualizerScene@35@I@Z 100055bf f   umodsys_lib_lib3d:umodsys.mod.3d.stdlib.obj
 0001:00004605       ??0Scene@IVisualizerScene@lib3d@UModSys@@QAE@ABU0123@@Z 10005605 f i umodsys_lib_lib3d:umodsys.mod.3d.stdlib.obj
 0001:0000464a       ?scene_index@RVisualizerScene@stdlib@lib3d@modules@UModSys@@UBEIABUScene@IVisualizerScene@35@@Z 1000564a f   umodsys_lib_lib3d:umodsys.mod.3d.stdlib.obj
 0001:00004685       ?scene_add@RVisualizerScene@stdlib@lib3d@modules@UModSys@@UAE_NABUScene@IVisualizerScene@35@@Z 10005685 f   umodsys_lib_lib3d:umodsys.mod.3d.stdlib.obj
 0001:000046f1       ?scene_remove@RVisualizerScene@stdlib@lib3d@modules@UModSys@@UAE_NABUScene@IVisualizerScene@35@@Z 100056f1 f   umodsys_lib_lib3d:umodsys.mod.3d.stdlib.obj
 0001:00004754       ??0RVisualizerScene@stdlib@lib3d@modules@UModSys@@QAE@PAUIModObject@base@4@ABUSParameters@core@4@@Z 10005754 f   umodsys_lib_lib3d:umodsys.mod.3d.stdlib.obj
 0001:000047c8       ??_ERVisualizerScene@stdlib@lib3d@modules@UModSys@@UAEPAXI@Z 100057c8 f i  CIL library: CIL module
 0001:000047c8       ??_GRVisualizerScene@stdlib@lib3d@modules@UModSys@@UAEPAXI@Z 100057c8 f i umodsys_lib_lib3d:umodsys.mod.3d.stdlib.obj
 0001:000047e5       ??1RVisualizerScene@stdlib@lib3d@modules@UModSys@@UAE@XZ 100057e5 f   umodsys_lib_lib3d:umodsys.mod.3d.stdlib.obj
 0001:0000484b       ??0RVisualSceneMapper_Direct@stdlib@lib3d@modules@UModSys@@QAE@PAUIModObject@base@4@ABUSParameters@core@4@@Z 1000584b f   umodsys_lib_lib3d:umodsys.mod.3d.stdlib.obj
 0001:000048a2       ??_ERVisualSceneMapper_Direct@stdlib@lib3d@modules@UModSys@@UAEPAXI@Z 100058a2 f i  CIL library: CIL module
 0001:000048a2       ??_GRVisualSceneMapper_Direct@stdlib@lib3d@modules@UModSys@@UAEPAXI@Z 100058a2 f i umodsys_lib_lib3d:umodsys.mod.3d.stdlib.obj
 0001:000048ff       ?visual_new@RGeneral@object_camera@stdlib@lib3d@modules@UModSys@@UAE?AU?$TRefObject@UIVisualObject@lib3d@UModSys@@U?$TRefObjectFunc@UIVisualObject@lib3d@UModSys@@@tl@3@@tl@6@PAUIRenderer@46@PAUIRenderObject@46@@Z 100058ff f   umodsys_lib_lib3d:umodsys.mod.3d.stdlib.obj
 0001:00004971       ?render_new@RGeneral@object_camera@stdlib@lib3d@modules@UModSys@@UAE?AU?$TRefObject@UIRenderObject@lib3d@UModSys@@U?$TRefObjectFunc@UIRenderObject@lib3d@UModSys@@@tl@3@@tl@6@PAUIRenderer@46@@Z 10005971 f   umodsys_lib_lib3d:umodsys.mod.3d.stdlib.obj
 0001:00004983       ??0RGeneral@object_camera@stdlib@lib3d@modules@UModSys@@QAE@PAUIModObject@base@5@ABUSParameters@core@5@@Z 10005983 f   umodsys_lib_lib3d:umodsys.mod.3d.stdlib.obj
 0001:00004aeb       ?valid@RVisual@object_camera@stdlib@lib3d@modules@UModSys@@UBE_NXZ 10005aeb f   umodsys_lib_lib3d:umodsys.mod.3d.stdlib.obj
 0001:00004aeb       ?valid@RRender@object_primitive@stdlib@lib3d@modules@UModSys@@UBE_NXZ 10005aeb f   umodsys_lib_lib3d:umodsys.mod.3d.stdlib.obj
 0001:00004aeb       ?visual_update@RVisual@object_camera@stdlib@lib3d@modules@UModSys@@UAE_NXZ 10005aeb f   umodsys_lib_lib3d:umodsys.mod.3d.stdlib.obj
 0001:00004aeb       ?valid@RGeneral@object_camera@stdlib@lib3d@modules@UModSys@@UBE_NXZ 10005aeb f   umodsys_lib_lib3d:umodsys.mod.3d.stdlib.obj
 0001:00004aeb       ?controller_update@RFrame_Common@frames@ui@modules@UModSys@@UAE_NXZ 10005aeb f   umodsys_lib_libui:umodsys.mod.ui.frames.obj
 0001:00004aeb       ?valid@RVisual@object_primitive@stdlib@lib3d@modules@UModSys@@UBE_NXZ 10005aeb f   umodsys_lib_lib3d:umodsys.mod.3d.stdlib.obj
 0001:00004aeb       ?valid@RGeneral@object_primitive@stdlib@lib3d@modules@UModSys@@UBE_NXZ 10005aeb f   umodsys_lib_lib3d:umodsys.mod.3d.stdlib.obj
 0001:00004aeb       ?visual_update@RVisual@object_primitive@stdlib@lib3d@modules@UModSys@@UAE_NXZ 10005aeb f   umodsys_lib_lib3d:umodsys.mod.3d.stdlib.obj
 0001:00004aee       ?object_get@RVisual@object_camera@stdlib@lib3d@modules@UModSys@@UBE?AU?$TRefObject@UIGeneralObject@lib3d@UModSys@@U?$TRefObjectFunc@UIGeneralObject@lib3d@UModSys@@@tl@3@@tl@6@XZ 10005aee f   umodsys_lib_lib3d:umodsys.mod.3d.stdlib.obj
 0001:00004aee       ?render_get@RVisual@object_primitive@stdlib@lib3d@modules@UModSys@@UBE?AU?$TRefObject@UIRenderObject@lib3d@UModSys@@U?$TRefObjectFunc@UIRenderObject@lib3d@UModSys@@@tl@3@@tl@6@XZ 10005aee f   umodsys_lib_lib3d:umodsys.mod.3d.stdlib.obj
 0001:00004b12       ?logic_sync@RVisual@object_primitive@stdlib@lib3d@modules@UModSys@@UAE_NXZ 10005b12 f   umodsys_lib_lib3d:umodsys.mod.3d.stdlib.obj
 0001:00004b12       ?key_reset@RKeyboardController@SDL_GL@ui@modules@UModSys@@UAE_NXZ 10005b12 f   umodsys_lib_libui:umodsys.mod.ui.SDL_GL.obj
 0001:00004b12       ?key_reset@RKeyboardController@SDL_core@ui@modules@UModSys@@UAE_NXZ 10005b12 f   umodsys_lib_libui:umodsys.mod.ui.SDL_core.obj
 0001:00004b12       ?isfull@?$TRStackSocket@PAUIVisualObject@lib3d@UModSys@@U?$TDynarrayDynamic@PAUIVisualObject@lib3d@UModSys@@U?$TAllocator@USIMemAlloc@core@UModSys@@USCountCalcPower2@23@@tl@3@@tl@3@@tl@UModSys@@UBE_NXZ 10005b12 f   umodsys_lib_lib3d:umodsys.mod.3d.stdlib.obj
 0001:00004b12       ?driver_is_reset@RRenderDriver3D@SDL_GL@ui@modules@UModSys@@UAE_NXZ 10005b12 f   umodsys_lib_libui:umodsys.mod.ui.SDL_GL.obj
 0001:00004b12       ?logic_sync@RVisual@object_camera@stdlib@lib3d@modules@UModSys@@UAE_NXZ 10005b12 f   umodsys_lib_lib3d:umodsys.mod.3d.stdlib.obj
 0001:00004b12       ?setup_array_none@RRenderDriver3D@SDL_GL@ui@modules@UModSys@@UAE_NXZ 10005b12 f   umodsys_lib_libui:umodsys.mod.ui.SDL_GL.obj
 0001:00004b15       ?render_state@RVisual@object_camera@stdlib@lib3d@modules@UModSys@@UAE_NABUSRenderState@46@@Z 10005b15 f   umodsys_lib_lib3d:umodsys.mod.3d.stdlib.obj
 0001:00004b44       ?camera_get_fov@RVisual@object_camera@stdlib@lib3d@modules@UModSys@@UBE?AU?$TVector2@M@math3d@6@XZ 10005b44 f   umodsys_lib_lib3d:umodsys.mod.3d.stdlib.obj
 0001:00004b5c       ?camera_get_xyz@RVisual@object_camera@stdlib@lib3d@modules@UModSys@@UBE_NPAU?$TVector3@N@math3d@6@00@Z 10005b5c f   umodsys_lib_lib3d:umodsys.mod.3d.stdlib.obj
 0001:00004ba0       ?camera_get_planes@RVisual@object_camera@stdlib@lib3d@modules@UModSys@@UBEHPAU?$TPlane3@N@math3d@6@@Z 10005ba0 f   umodsys_lib_lib3d:umodsys.mod.3d.stdlib.obj
 0001:00004e5a       ?camera_cast_ray@RVisual@object_camera@stdlib@lib3d@modules@UModSys@@UBE_NABU?$TVector2@M@math3d@6@AAU?$TVector3@N@86@1@Z 10005e5a f   umodsys_lib_lib3d:umodsys.mod.3d.stdlib.obj
 0001:00004f4f       ?camera_setup@RVisual@object_camera@stdlib@lib3d@modules@UModSys@@UAE_NPAUIRenderDriver@46@@Z 10005f4f f   umodsys_lib_lib3d:umodsys.mod.3d.stdlib.obj
 0001:00004f8e       ??0RVisual@object_camera@stdlib@lib3d@modules@UModSys@@QAE@PAURGeneral@12345@PAUIRenderer@35@@Z 10005f8e f   umodsys_lib_lib3d:umodsys.mod.3d.stdlib.obj
 0001:00005037       ??_GRVisual@object_camera@stdlib@lib3d@modules@UModSys@@UAEPAXI@Z 10006037 f i umodsys_lib_lib3d:umodsys.mod.3d.stdlib.obj
 0001:00005037       ??_ERVisual@object_camera@stdlib@lib3d@modules@UModSys@@UAEPAXI@Z 10006037 f i  CIL library: CIL module
 0001:0000505a       ??1IBinObjFilter@libmedia@UModSys@@UAE@XZ 1000605a f i plugin_test1.obj
 0001:0000505a       ??1IVisualObject_Camera@lib3d@UModSys@@UAE@XZ 1000605a f i umodsys_lib_lib3d:umodsys.mod.3d.stdlib.obj
 0001:0000505a       ??1IVisualObject_Brush@lib3d@UModSys@@UAE@XZ 1000605a f i umodsys_lib_lib3d:umodsys.mod.3d.stdlib.obj
 0001:0000505f       ??1ILibObject@libmedia@UModSys@@UAE@XZ 1000605f f i plugin_test1.obj
 0001:0000505f       ??1IVisualObject@lib3d@UModSys@@UAE@XZ 1000605f f i umodsys_lib_lib3d:umodsys.mod.3d.stdlib.obj
 0001:00005096       ?visual_new@RGeneral@object_primitive@stdlib@lib3d@modules@UModSys@@UAE?AU?$TRefObject@UIVisualObject@lib3d@UModSys@@U?$TRefObjectFunc@UIVisualObject@lib3d@UModSys@@@tl@3@@tl@6@PAUIRenderer@46@PAUIRenderObject@46@@Z 10006096 f   umodsys_lib_lib3d:umodsys.mod.3d.stdlib.obj
 0001:0000512d       ?render_new@RGeneral@object_primitive@stdlib@lib3d@modules@UModSys@@UAE?AU?$TRefObject@UIRenderObject@lib3d@UModSys@@U?$TRefObjectFunc@UIRenderObject@lib3d@UModSys@@@tl@3@@tl@6@PAUIRenderer@46@@Z 1000612d f   umodsys_lib_lib3d:umodsys.mod.3d.stdlib.obj
 0001:000051a0       ?logic_new@RGeneral@object_primitive@stdlib@lib3d@modules@UModSys@@UAE?AU?$TRefObject@UILogicObject@lib3d@UModSys@@U?$TRefObjectFunc@UILogicObject@lib3d@UModSys@@@tl@3@@tl@6@XZ 100061a0 f   umodsys_lib_lib3d:umodsys.mod.3d.stdlib.obj
 0001:000051a0       ?logic_new@RGeneral@object_camera@stdlib@lib3d@modules@UModSys@@UAE?AU?$TRefObject@UILogicObject@lib3d@UModSys@@U?$TRefObjectFunc@UILogicObject@lib3d@UModSys@@@tl@3@@tl@6@XZ 100061a0 f   umodsys_lib_lib3d:umodsys.mod.3d.stdlib.obj
 0001:000051a0       ?render_get@RVisual@object_camera@stdlib@lib3d@modules@UModSys@@UBE?AU?$TRefObject@UIRenderObject@lib3d@UModSys@@U?$TRefObjectFunc@UIRenderObject@lib3d@UModSys@@@tl@3@@tl@6@XZ 100061a0 f   umodsys_lib_lib3d:umodsys.mod.3d.stdlib.obj
 0001:000051b2       ?get_root@RGeneral@object_camera@stdlib@lib3d@modules@UModSys@@UAEPAUIGeneralObject@46@XZ 100061b2 f   umodsys_lib_lib3d:umodsys.mod.3d.stdlib.obj
 0001:000051b2       ?get_root@RGeneral@object_primitive@stdlib@lib3d@modules@UModSys@@UAEPAUIGeneralObject@46@XZ 100061b2 f   umodsys_lib_lib3d:umodsys.mod.3d.stdlib.obj
 0001:000051b5       ??0RGeneral@object_primitive@stdlib@lib3d@modules@UModSys@@QAE@PAUIModObject@base@5@ABUSParameters@core@5@@Z 100061b5 f   umodsys_lib_lib3d:umodsys.mod.3d.stdlib.obj
 0001:000052b2       ?render_update@RRender@object_primitive@stdlib@lib3d@modules@UModSys@@UAE_NXZ 100062b2 f   umodsys_lib_lib3d:umodsys.mod.3d.stdlib.obj
 0001:000052f8       ?object_get@RRender@object_primitive@stdlib@lib3d@modules@UModSys@@UBE?AU?$TRefObject@UIGeneralObject@lib3d@UModSys@@U?$TRefObjectFunc@UIGeneralObject@lib3d@UModSys@@@tl@3@@tl@6@XZ 100062f8 f   umodsys_lib_lib3d:umodsys.mod.3d.stdlib.obj
 0001:00005319       ?visual_new@RRender@object_primitive@stdlib@lib3d@modules@UModSys@@UAE?AU?$TRefObject@UIVisualObject@lib3d@UModSys@@U?$TRefObjectFunc@UIVisualObject@lib3d@UModSys@@@tl@3@@tl@6@XZ 10006319 f   umodsys_lib_lib3d:umodsys.mod.3d.stdlib.obj
 0001:0000538b       ?render@RRender@object_primitive@stdlib@lib3d@modules@UModSys@@QAE_NABUSRenderState@46@@Z 1000638b f   umodsys_lib_lib3d:umodsys.mod.3d.stdlib.obj
 0001:0000541f       ?build_cube@RRender@object_primitive@stdlib@lib3d@modules@UModSys@@QAE_NXZ 1000641f f   umodsys_lib_lib3d:umodsys.mod.3d.stdlib.obj
 0001:00005549       ??0RRender@object_primitive@stdlib@lib3d@modules@UModSys@@QAE@PAURGeneral@12345@PAUIRenderer@35@@Z 10006549 f   umodsys_lib_lib3d:umodsys.mod.3d.stdlib.obj
 0001:000055b4       ??_ERRender@object_primitive@stdlib@lib3d@modules@UModSys@@UAEPAXI@Z 100065b4 f i  CIL library: CIL module
 0001:000055b4       ??_GRRender@object_primitive@stdlib@lib3d@modules@UModSys@@UAEPAXI@Z 100065b4 f i umodsys_lib_lib3d:umodsys.mod.3d.stdlib.obj
 0001:0000561e       ??1IRenderObject_Brush@lib3d@UModSys@@UAE@XZ 1000661e f i umodsys_lib_lib3d:umodsys.mod.3d.stdlib.obj
 0001:00005623       ??1IRenderObject@lib3d@UModSys@@UAE@XZ 10006623 f i umodsys_lib_lib3d:umodsys.mod.3d.stdlib.obj
 0001:0000565a       ?object_get@RVisual@object_primitive@stdlib@lib3d@modules@UModSys@@UBE?AU?$TRefObject@UIGeneralObject@lib3d@UModSys@@U?$TRefObjectFunc@UIGeneralObject@lib3d@UModSys@@@tl@3@@tl@6@XZ 1000665a f   umodsys_lib_lib3d:umodsys.mod.3d.stdlib.obj
 0001:00005677       ?render_state@RVisual@object_primitive@stdlib@lib3d@modules@UModSys@@UAE_NABUSRenderState@46@@Z 10006677 f   umodsys_lib_lib3d:umodsys.mod.3d.stdlib.obj
 0001:0000568d       ??0RVisual@object_primitive@stdlib@lib3d@modules@UModSys@@QAE@PAURRender@12345@@Z 1000668d f   umodsys_lib_lib3d:umodsys.mod.3d.stdlib.obj
 0001:000056e0       ??_GRVisual@object_primitive@stdlib@lib3d@modules@UModSys@@UAEPAXI@Z 100066e0 f i umodsys_lib_lib3d:umodsys.mod.3d.stdlib.obj
 0001:000056e0       ??_ERVisual@object_primitive@stdlib@lib3d@modules@UModSys@@UAEPAXI@Z 100066e0 f i  CIL library: CIL module
 0001:00005703       ?do_open@RModuleReg@stdlib@lib3d@modules@UModSys@@UAE_NXZ 10006703 f i umodsys_lib_lib3d:umodsys.mod.3d.stdlib.obj
 0001:00005751       ?do_close@RModuleReg@stdlib@lib3d@modules@UModSys@@UAE_NXZ 10006751 f i umodsys_lib_lib3d:umodsys.mod.3d.stdlib.obj
 0001:0000578c       ?get_module@RGenerator@stdlib@lib3d@modules@UModSys@@UBEPAUIModule@base@5@XZ 1000678c f   umodsys_lib_lib3d:umodsys.mod.3d.stdlib.obj
 0001:00005792       ?mod_inc@RGenerator@stdlib@lib3d@modules@UModSys@@UBE_NXZ 10006792 f   umodsys_lib_lib3d:umodsys.mod.3d.stdlib.obj
 0001:0000579d       ?mod_dec@RGenerator@stdlib@lib3d@modules@UModSys@@UBE_NXZ 1000679d f   umodsys_lib_lib3d:umodsys.mod.3d.stdlib.obj
 0001:000057a8       ?s_holder@RGenerator@stdlib@lib3d@modules@UModSys@@SAAAU?$TTypeStaticHolder@URGenerator@stdlib@lib3d@modules@UModSys@@@tl@5@XZ 100067a8 f   umodsys_lib_lib3d:umodsys.mod.3d.stdlib.obj
 0001:000057da       ?from_3pr@?$TPlane3@N@math3d@UModSys@@QAEXABU?$TVector3@N@23@00@Z 100067da f i umodsys_lib_lib3d:umodsys.mod.3d.stdlib.obj
 0001:00005841       ??1?$TRStackSocket@PAUIVisualObject@lib3d@UModSys@@U?$TDynarrayDynamic@PAUIVisualObject@lib3d@UModSys@@U?$TAllocator@USIMemAlloc@core@UModSys@@USCountCalcPower2@23@@tl@3@@tl@3@@tl@UModSys@@QAE@XZ 10006841 f i umodsys_lib_lib3d:umodsys.mod.3d.stdlib.obj
 0001:00005848       ?isempty@?$TRStackSocket@PAUIVisualObject@lib3d@UModSys@@U?$TDynarrayDynamic@PAUIVisualObject@lib3d@UModSys@@U?$TAllocator@USIMemAlloc@core@UModSys@@USCountCalcPower2@23@@tl@3@@tl@3@@tl@UModSys@@UBE_NXZ 10006848 f i umodsys_lib_lib3d:umodsys.mod.3d.stdlib.obj
 0001:00005856       ?push@?$TRStackSocket@PAUIVisualObject@lib3d@UModSys@@U?$TDynarrayDynamic@PAUIVisualObject@lib3d@UModSys@@U?$TAllocator@USIMemAlloc@core@UModSys@@USCountCalcPower2@23@@tl@3@@tl@3@@tl@UModSys@@UAE_NABQAUIVisualObject@lib3d@3@@Z 10006856 f i umodsys_lib_lib3d:umodsys.mod.3d.stdlib.obj
 0001:00005887       ?pop@?$TRStackSocket@PAUIVisualObject@lib3d@UModSys@@U?$TDynarrayDynamic@PAUIVisualObject@lib3d@UModSys@@U?$TAllocator@USIMemAlloc@core@UModSys@@USCountCalcPower2@23@@tl@3@@tl@3@@tl@UModSys@@UAE_NAAPAUIVisualObject@lib3d@3@@Z 10006887 f i umodsys_lib_lib3d:umodsys.mod.3d.stdlib.obj
 0001:000058aa       ??1?$TDynarray@U?$TDynarrayHolderDynamic@UScene@IVisualizerScene@lib3d@UModSys@@U?$TAllocator@USIMemAlloc@core@UModSys@@USCountCalcPower2@23@@tl@4@@tl@UModSys@@@tl@UModSys@@QAE@XZ 100068aa f i umodsys_lib_lib3d:umodsys.mod.3d.stdlib.obj
 0001:000058ed       ??1?$TDynarray@U?$TDynarrayHolderDynamic@PAUIVisualObject@lib3d@UModSys@@U?$TAllocator@USIMemAlloc@core@UModSys@@USCountCalcPower2@23@@tl@3@@tl@UModSys@@@tl@UModSys@@QAE@XZ 100068ed f i umodsys_lib_lib3d:umodsys.mod.3d.stdlib.obj
 0001:00005934       ?ResizeRel@?$TDynarray@U?$TDynarrayHolderDynamic@UScene@IVisualizerScene@lib3d@UModSys@@U?$TAllocator@USIMemAlloc@core@UModSys@@USCountCalcPower2@23@@tl@4@@tl@UModSys@@@tl@UModSys@@QAE_NH@Z 10006934 f i umodsys_lib_lib3d:umodsys.mod.3d.stdlib.obj
 0001:000059aa       ?ResizeRel@?$TDynarray@U?$TDynarrayHolderDynamic@PAUIVisualObject@lib3d@UModSys@@U?$TAllocator@USIMemAlloc@core@UModSys@@USCountCalcPower2@23@@tl@3@@tl@UModSys@@@tl@UModSys@@QAE_NH@Z 100069aa f i umodsys_lib_lib3d:umodsys.mod.3d.stdlib.obj
 0001:000059d5       ??$t_gen_param@URRenderer@stdlib@lib3d@modules@UModSys@@URGenerator@2345@@IGenerator@base@UModSys@@IAE_NPAURGenerator@stdlib@lib3d@modules@2@AAU?$TRefObject@UIRefObject@core@UModSys@@U?$TRefObjectFunc@UIRefObject@core@UModSys@@@tl@3@@tl@2@PBUSUniquePointerInfo@core@2@ABUSParameters@core@2@@Z 100069d5 f i umodsys_lib_lib3d:umodsys.mod.3d.stdlib.obj
 0001:00005a67       ??$t_gen_param@URVisualizerScene@stdlib@lib3d@modules@UModSys@@URGenerator@2345@@IGenerator@base@UModSys@@IAE_NPAURGenerator@stdlib@lib3d@modules@2@AAU?$TRefObject@UIRefObject@core@UModSys@@U?$TRefObjectFunc@UIRefObject@core@UModSys@@@tl@3@@tl@2@PBUSUniquePointerInfo@core@2@ABUSParameters@core@2@@Z 10006a67 f i umodsys_lib_lib3d:umodsys.mod.3d.stdlib.obj
 0001:00005af9       ??$t_gen_param@URVisualSceneMapper_Direct@stdlib@lib3d@modules@UModSys@@URGenerator@2345@@IGenerator@base@UModSys@@IAE_NPAURGenerator@stdlib@lib3d@modules@2@AAU?$TRefObject@UIRefObject@core@UModSys@@U?$TRefObjectFunc@UIRefObject@core@UModSys@@@tl@3@@tl@2@PBUSUniquePointerInfo@core@2@ABUSParameters@core@2@@Z 10006af9 f i umodsys_lib_lib3d:umodsys.mod.3d.stdlib.obj
 0001:00005b8b       ??$t_gen_param@URGeneral@object_camera@stdlib@lib3d@modules@UModSys@@URGenerator@3456@@IGenerator@base@UModSys@@IAE_NPAURGenerator@stdlib@lib3d@modules@2@AAU?$TRefObject@UIRefObject@core@UModSys@@U?$TRefObjectFunc@UIRefObject@core@UModSys@@@tl@3@@tl@2@PBUSUniquePointerInfo@core@2@ABUSParameters@core@2@@Z 10006b8b f i umodsys_lib_lib3d:umodsys.mod.3d.stdlib.obj
 0001:00005c19       ??$t_gen_param@URGeneral@object_primitive@stdlib@lib3d@modules@UModSys@@URGenerator@3456@@IGenerator@base@UModSys@@IAE_NPAURGenerator@stdlib@lib3d@modules@2@AAU?$TRefObject@UIRefObject@core@UModSys@@U?$TRefObjectFunc@UIRefObject@core@UModSys@@@tl@3@@tl@2@PBUSUniquePointerInfo@core@2@ABUSParameters@core@2@@Z 10006c19 f i umodsys_lib_lib3d:umodsys.mod.3d.stdlib.obj
[...]
 0001:0002f91a       ??__F?s_id@?$TObjectUniqueID@UIConsoleHelper@base@UModSys@@@tl@UModSys@@2USUniquePointer@core@3@A@@YAXXZ 1003091a f    CIL library: CIL module
 0001:0002f924       ??__F?s_id@?$TObjectUniqueID@UIConsoleExt@base@UModSys@@@tl@UModSys@@2USUniquePointer@core@3@A@@YAXXZ 10030924 f    CIL library: CIL module
 0001:0002f92e       ??__F?s_id@?$TObjectUniqueID@UISerializeWriter@libmedia@UModSys@@@tl@UModSys@@2USUniquePointer@core@3@A@@YAXXZ 1003092e f    CIL library: CIL module
 0001:0002f938       ??__F?s_id@?$TObjectUniqueID@UISerializeReader@libmedia@UModSys@@@tl@UModSys@@2USUniquePointer@core@3@A@@YAXXZ 10030938 f    CIL library: CIL module
 0001:0002f942       ??__F?s_id@?$TObjectUniqueID@UIClient@IBinArchiveFrame@libmedia@UModSys@@@tl@UModSys@@2USUniquePointer@core@3@A@@YAXXZ 10030942 f    CIL library: CIL module
 0001:0002f94c       ??__F?s_id@?$TObjectUniqueID@UIBinArchiveFrame@libmedia@UModSys@@@tl@UModSys@@2USUniquePointer@core@3@A@@YAXXZ 1003094c f    CIL library: CIL module
 0001:0002f956       ??__F?s_id@?$TObjectUniqueID@UILibraryLayered@libmedia@UModSys@@@tl@UModSys@@2USUniquePointer@core@3@A@@YAXXZ 10030956 f    CIL library: CIL module
 0001:0002f960       ??__F?s_id@?$TObjectUniqueID@UILibraryObjCache@libmedia@UModSys@@@tl@UModSys@@2USUniquePointer@core@3@A@@YAXXZ 10030960 f    CIL library: CIL module
 0001:0002f96a       ??__F?s_id@?$TObjectUniqueID@UILibraryObjFilter@libmedia@UModSys@@@tl@UModSys@@2USUniquePointer@core@3@A@@YAXXZ 1003096a f    CIL library: CIL module
 0001:0002f974       ??__F?s_id@?$TObjectUniqueID@UILibraryBinCache@libmedia@UModSys@@@tl@UModSys@@2USUniquePointer@core@3@A@@YAXXZ 10030974 f    CIL library: CIL module
 0001:0002f97e       ??__F?s_id@?$TObjectUniqueID@UILibraryBinTree@libmedia@UModSys@@@tl@UModSys@@2USUniquePointer@core@3@A@@YAXXZ 1003097e f    CIL library: CIL module
 0001:0002f988       ??__F?s_id@?$TObjectUniqueID@UILibrary@libmedia@UModSys@@@tl@UModSys@@2USUniquePointer@core@3@A@@YAXXZ 10030988 f    CIL library: CIL module
 0001:0002f992       ??__F?s_id@?$TObjectUniqueID@UIBinObjFilter@libmedia@UModSys@@@tl@UModSys@@2USUniquePointer@core@3@A@@YAXXZ 10030992 f    CIL library: CIL module
 0001:0002f99c       ??__F?s_id@?$TObjectUniqueID@UIBinArchive@libmedia@UModSys@@@tl@UModSys@@2USUniquePointer@core@3@A@@YAXXZ 1003099c f    CIL library: CIL module
 0001:0002f9a6       ??__F?s_id@?$TObjectUniqueID@UILibObject@libmedia@UModSys@@@tl@UModSys@@2USUniquePointer@core@3@A@@YAXXZ 100309a6 f    CIL library: CIL module
 0001:0002f9b0       ??__F?s_id@?$TObjectUniqueID@UIUtilities@libmedia@UModSys@@@tl@UModSys@@2USUniquePointer@core@3@A@@YAXXZ 100309b0 f    CIL library: CIL module
 0001:0002f9ba       ??__F?s_id@?$TObjectUniqueID@UIStreamWriter@libmedia@UModSys@@@tl@UModSys@@2USUniquePointer@core@3@A@@YAXXZ 100309ba f    CIL library: CIL module
 0001:0002f9c4       ??__F?s_id@?$TObjectUniqueID@UIStreamReader@libmedia@UModSys@@@tl@UModSys@@2USUniquePointer@core@3@A@@YAXXZ 100309c4 f    CIL library: CIL module
 0001:0002f9ce       ??__F?s_id@?$TObjectUniqueID@UISystem@base@UModSys@@@tl@UModSys@@2USUniquePointer@core@3@A@@YAXXZ 100309ce f    CIL library: CIL module
 0001:0002f9d8       ??__F?s_id@?$TObjectUniqueID@UIShell@base@UModSys@@@tl@UModSys@@2USUniquePointer@core@3@A@@YAXXZ 100309d8 f    CIL library: CIL module
 0001:0002f9e2       ??__F?s_id@?$TObjectUniqueID@UIGenerator@base@UModSys@@@tl@UModSys@@2USUniquePointer@core@3@A@@YAXXZ 100309e2 f    CIL library: CIL module
 0001:0002f9ec       ??__F?s_id@?$TObjectUniqueID@UIModObject@base@UModSys@@@tl@UModSys@@2USUniquePointer@core@3@A@@YAXXZ 100309ec f    CIL library: CIL module
 0001:0002f9f6       ??__F?s_id@?$TObjectUniqueID@UIModuleLibrary@base@UModSys@@@tl@UModSys@@2USUniquePointer@core@3@A@@YAXXZ 100309f6 f    CIL library: CIL module
 0001:0002fa00       ??__F?s_id@?$TObjectUniqueID@UIModule@base@UModSys@@@tl@UModSys@@2USUniquePointer@core@3@A@@YAXXZ 10030a00 f    CIL library: CIL module
 0001:0002fa0a       ??__F?s_id@?$TObjectUniqueID@UIConsole@base@UModSys@@@tl@UModSys@@2USUniquePointer@core@3@A@@YAXXZ 10030a0a f    CIL library: CIL module
 0001:0002fa14       ??__F?s_id@?$TObjectUniqueID@UIParameters@core@UModSys@@@tl@UModSys@@2USUniquePointer@core@3@A@@YAXXZ 10030a14 f    CIL library: CIL module
 0001:0002fa1e       ??__F?s_id@?$TObjectUniqueID@UIRefObject@core@UModSys@@@tl@UModSys@@2USUniquePointer@core@3@A@@YAXXZ 10030a1e f    CIL library: CIL module
 0001:0002fa28       ??__F?s_id@?$TObjectUniqueID@UIRoot@core@UModSys@@@tl@UModSys@@2USUniquePointer@core@3@A@@YAXXZ 10030a28 f    CIL library: CIL module
 0001:0002fa32       ??__F?s_id@?$TDataUniqueID@F@tl@UModSys@@2USUniquePointer@core@3@A@@YAXXZ 10030a32 f    CIL library: CIL module
 0001:0002fa3c       ??__F?s_id@?$TDataUniqueID@M@tl@UModSys@@2USUniquePointer@core@3@A@@YAXXZ 10030a3c f    CIL library: CIL module
 0001:0002fa46       ??__F?s_id@?$TDataUniqueID@H@tl@UModSys@@2USUniquePointer@core@3@A@@YAXXZ 10030a46 f    CIL library: CIL module
 0001:0002fa50       ??__F?s_id@?$TConstUniqueID@W4eConsoleLevels@base@UModSys@@$00@tl@UModSys@@2USUniquePointer@core@3@A@@YAXXZ 10030a50 f    CIL library: CIL module
 0001:0002fa5a       ??__Fs_dbg@stdlib@lib3d@modules@UModSys@@YAXXZ 10030a5a f    CIL library: CIL module
 0001:0002fa71       ??__F?s_modreg@RModuleReg@stdlib@lib3d@modules@UModSys@@2U12345@A@@YAXXZ 10030a71 f    CIL library: CIL module
 0001:0002fa7c       ??__F?s_modreg_chain@RModuleReg@stdlib@lib3d@modules@UModSys@@2USModuleRegChain@base@5@A@@YAXXZ 10030a7c f    CIL library: CIL module
 0001:0002fa86       ??__F?s_uid@RGenerator@stdlib@lib3d@modules@UModSys@@2USUniquePointer@core@5@A@@YAXXZ 10030a86 f    CIL library: CIL module
 0001:0002fa90       ??__Fh@?1??s_holder@RGenerator@stdlib@lib3d@modules@UModSys@@SAAAU?$TTypeStaticHolder@URGenerator@stdlib@lib3d@modules@UModSys@@@tl@5@XZ@YAXXZ 10030a90 f    CIL library: CIL module
 0001:0002faad       ??__F?s_id@?$TObjectUniqueID@URGenerator@stdlib@lib3d@modules@UModSys@@@tl@UModSys@@2USUniquePointer@core@3@A@@YAXXZ 10030aad f    CIL library: CIL module
 0001:0002fab7       ??__F?s_id@?$TObjectUniqueID@URVisual@object_camera@stdlib@lib3d@modules@UModSys@@@tl@UModSys@@2USUniquePointer@core@3@A@@YAXXZ 10030ab7 f    CIL library: CIL module
 0001:0002fac1       ??__F?s_id@?$TObjectUniqueID@URGeneral@object_camera@stdlib@lib3d@modules@UModSys@@@tl@UModSys@@2USUniquePointer@core@3@A@@YAXXZ 10030ac1 f    CIL library: CIL module
 0001:0002facb       ??__F?s_id@?$TObjectUniqueID@URVisual@object_primitive@stdlib@lib3d@modules@UModSys@@@tl@UModSys@@2USUniquePointer@core@3@A@@YAXXZ 10030acb f    CIL library: CIL module
 0001:0002fad5       ??__F?s_id@?$TObjectUniqueID@URRender@object_primitive@stdlib@lib3d@modules@UModSys@@@tl@UModSys@@2USUniquePointer@core@3@A@@YAXXZ 10030ad5 f    CIL library: CIL module
 0001:0002fadf       ??__F?s_id@?$TObjectUniqueID@URGeneral@object_primitive@stdlib@lib3d@modules@UModSys@@@tl@UModSys@@2USUniquePointer@core@3@A@@YAXXZ 10030adf f    CIL library: CIL module
 0001:0002fae9       ??__F?s_id@?$TObjectUniqueID@URVisualSceneMapper_Direct@stdlib@lib3d@modules@UModSys@@@tl@UModSys@@2USUniquePointer@core@3@A@@YAXXZ 10030ae9 f    CIL library: CIL module
 0001:0002faf3       ??__F?s_id@?$TObjectUniqueID@URVisualizerScene@stdlib@lib3d@modules@UModSys@@@tl@UModSys@@2USUniquePointer@core@3@A@@YAXXZ 10030af3 f    CIL library: CIL module
 0001:0002fafd       ??__F?s_id@?$TObjectUniqueID@URRenderer@stdlib@lib3d@modules@UModSys@@@tl@UModSys@@2USUniquePointer@core@3@A@@YAXXZ 10030afd f    CIL library: CIL module
 0001:0002fb07       ??__Fs_dbg@stdlib@lib2d@modules@UModSys@@YAXXZ 10030b07 f    CIL library: CIL module
 0001:0002fb1e       ??__F?s_modreg@RModuleReg@stdlib@lib2d@modules@UModSys@@2U12345@A@@YAXXZ 10030b1e f    CIL library: CIL module
 0001:0002fb29       ??__F?s_modreg_chain@RModuleReg@stdlib@lib2d@modules@UModSys@@2USModuleRegChain@base@5@A@@YAXXZ 10030b29 f    CIL library: CIL module
 0001:0002fb33       ??__F?s_uid@RGenerator@stdlib@lib2d@modules@UModSys@@2USUniquePointer@core@5@A@@YAXXZ 10030b33 f    CIL library: CIL module
 0001:0002fb3d       ??__Fh@?1??s_holder@RGenerator@stdlib@lib2d@modules@UModSys@@SAAAU?$TTypeStaticHolder@URGenerator@stdlib@lib2d@modules@UModSys@@@tl@5@XZ@YAXXZ 10030b3d f    CIL library: CIL module
 0001:0002fb5a       ??__F?s_id@?$TObjectUniqueID@URGenerator@stdlib@lib2d@modules@UModSys@@@tl@UModSys@@2USUniquePointer@core@3@A@@YAXXZ 10030b5a f    CIL library: CIL module
 0001:0002fb64       ??__F?s_id@?$TObjectUniqueID@URMultiImage@stdlib@lib2d@modules@UModSys@@@tl@UModSys@@2USUniquePointer@core@3@A@@YAXXZ 10030b64 f    CIL library: CIL module
 0001:0002fb6e       ??__F?s_id@?$TObjectUniqueID@URImageFactory_Memory@stdlib@lib2d@modules@UModSys@@@tl@UModSys@@2USUniquePointer@core@3@A@@YAXXZ 10030b6e f    CIL library: CIL module
 0001:0002fb78       ??__F?s_id@?$TObjectUniqueID@URImage_Memory@stdlib@lib2d@modules@UModSys@@@tl@UModSys@@2USUniquePointer@core@3@A@@YAXXZ 10030b78 f    CIL library: CIL module
 0001:0002fb82       ??__Fs_dbg@SDL_GL@ui@modules@UModSys@@YAXXZ 10030b82 f    CIL library: CIL module
 0001:0002fb99       ??__F?s_modreg@RModuleReg@SDL_GL@ui@modules@UModSys@@2U12345@A@@YAXXZ 10030b99 f    CIL library: CIL module
 0001:0002fba4       ??__F?s_modreg_chain@RModuleReg@SDL_GL@ui@modules@UModSys@@2USModuleRegChain@base@5@A@@YAXXZ 10030ba4 f    CIL library: CIL module
 0001:0002fbae       ??__F?s_uid@RGenerator@SDL_GL@ui@modules@UModSys@@2USUniquePointer@core@5@A@@YAXXZ 10030bae f    CIL library: CIL module
 0001:0002fbb8       ??__Fh@?1??s_holder@RGenerator@SDL_GL@ui@modules@UModSys@@SAAAU?$TTypeStaticHolder@URGenerator@SDL_GL@ui@modules@UModSys@@@tl@5@XZ@YAXXZ 10030bb8 f    CIL library: CIL module
 0001:0002fbd5       ??__F?s_id@?$TObjectUniqueID@URGenerator@SDL_GL@ui@modules@UModSys@@@tl@UModSys@@2USUniquePointer@core@3@A@@YAXXZ 10030bd5 f    CIL library: CIL module
 0001:0002fbdf       ??__F?s_id@?$TObjectUniqueID@URVertexArray@SDL_GL@ui@modules@UModSys@@@tl@UModSys@@2USUniquePointer@core@3@A@@YAXXZ 10030bdf f    CIL library: CIL module
 0001:0002fbe9       ??__F?s_id@?$TObjectUniqueID@URTerminalX@SDL_GL@ui@modules@UModSys@@@tl@UModSys@@2USUniquePointer@core@3@A@@YAXXZ 10030be9 f    CIL library: CIL module
 0001:0002fbf3       ??__F?s_id@?$TObjectUniqueID@URRenderDriver3D@SDL_GL@ui@modules@UModSys@@@tl@UModSys@@2USUniquePointer@core@3@A@@YAXXZ 10030bf3 f    CIL library: CIL module
 0001:0002fbfd       ??__F?s_id@?$TObjectUniqueID@URMultiImage2D_SDL_ttf@SDL_GL@ui@modules@UModSys@@@tl@UModSys@@2USUniquePointer@core@3@A@@YAXXZ 10030bfd f    CIL library: CIL module
 0001:0002fc07       ??__F?s_id@?$TObjectUniqueID@URTerminal@SDL_GL@ui@modules@UModSys@@@tl@UModSys@@2USUniquePointer@core@3@A@@YAXXZ 10030c07 f    CIL library: CIL module
 0001:0002fc11       ??__F?s_id@?$TObjectUniqueID@URMouseController@SDL_GL@ui@modules@UModSys@@@tl@UModSys@@2USUniquePointer@core@3@A@@YAXXZ 10030c11 f    CIL library: CIL module
 0001:0002fc1b       ??__F?s_id@?$TObjectUniqueID@URKeyboardController@SDL_GL@ui@modules@UModSys@@@tl@UModSys@@2USUniquePointer@core@3@A@@YAXXZ 10030c1b f    CIL library: CIL module
 0001:0002fc25       ??__Fs_dbg@SDL_core@ui@modules@UModSys@@YAXXZ 10030c25 f    CIL library: CIL module
 0001:0002fc3c       ??__F?s_modreg@RModuleReg@SDL_core@ui@modules@UModSys@@2U12345@A@@YAXXZ 10030c3c f    CIL library: CIL module
 0001:0002fc47       ??__F?s_modreg_chain@RModuleReg@SDL_core@ui@modules@UModSys@@2USModuleRegChain@base@5@A@@YAXXZ 10030c47 f    CIL library: CIL module
 0001:0002fc51       ??__F?s_uid@RGenerator@SDL_core@ui@modules@UModSys@@2USUniquePointer@core@5@A@@YAXXZ 10030c51 f    CIL library: CIL module
 0001:0002fc5b       ??__Fh@?1??s_holder@RGenerator@SDL_core@ui@modules@UModSys@@SAAAU?$TTypeStaticHolder@URGenerator@SDL_core@ui@modules@UModSys@@@tl@5@XZ@YAXXZ 10030c5b f    CIL library: CIL module
 0001:0002fc78       ??__F?s_id@?$TObjectUniqueID@URGenerator@SDL_core@ui@modules@UModSys@@@tl@UModSys@@2USUniquePointer@core@3@A@@YAXXZ 10030c78 f    CIL library: CIL module
 0001:0002fc82       ??__F?s_id@?$TObjectUniqueID@URTerminalX@SDL_core@ui@modules@UModSys@@@tl@UModSys@@2USUniquePointer@core@3@A@@YAXXZ 10030c82 f    CIL library: CIL module
 0001:0002fc8c       ??__F?s_id@?$TObjectUniqueID@URRenderDriver2D@SDL_core@ui@modules@UModSys@@@tl@UModSys@@2USUniquePointer@core@3@A@@YAXXZ 10030c8c f    CIL library: CIL module
 0001:0002fc96       ??__F?s_id@?$TObjectUniqueID@URMultiImage2D_SDL_ttf@SDL_core@ui@modules@UModSys@@@tl@UModSys@@2USUniquePointer@core@3@A@@YAXXZ 10030c96 f    CIL library: CIL module
 0001:0002fca0       ??__F?s_id@?$TObjectUniqueID@URTerminal@SDL_core@ui@modules@UModSys@@@tl@UModSys@@2USUniquePointer@core@3@A@@YAXXZ 10030ca0 f    CIL library: CIL module
 0001:0002fcaa       ??__F?s_id@?$TObjectUniqueID@URMouseController@SDL_core@ui@modules@UModSys@@@tl@UModSys@@2USUniquePointer@core@3@A@@YAXXZ 10030caa f    CIL library: CIL module
 0001:0002fcb4       ??__F?s_id@?$TObjectUniqueID@URKeyboardController@SDL_core@ui@modules@UModSys@@@tl@UModSys@@2USUniquePointer@core@3@A@@YAXXZ 10030cb4 f    CIL library: CIL module
 0001:0002fcbe       ??__Fs_dbg@frames@ui@modules@UModSys@@YAXXZ 10030cbe f    CIL library: CIL module
 0001:0002fcd5       ??__F?s_modreg@RModuleReg@frames@ui@modules@UModSys@@2U12345@A@@YAXXZ 10030cd5 f    CIL library: CIL module
 0001:0002fce0       ??__F?s_modreg_chain@RModuleReg@frames@ui@modules@UModSys@@2USModuleRegChain@base@5@A@@YAXXZ 10030ce0 f    CIL library: CIL module
 0001:0002fcea       ??__F?s_uid@RGenerator@frames@ui@modules@UModSys@@2USUniquePointer@core@5@A@@YAXXZ 10030cea f    CIL library: CIL module
 0001:0002fcf4       ??__Fh@?1??s_holder@RGenerator@frames@ui@modules@UModSys@@SAAAU?$TTypeStaticHolder@URGenerator@frames@ui@modules@UModSys@@@tl@5@XZ@YAXXZ 10030cf4 f    CIL library: CIL module
 0001:0002fd11       ??__F?s_id@?$TObjectUniqueID@URGenerator@frames@ui@modules@UModSys@@@tl@UModSys@@2USUniquePointer@core@3@A@@YAXXZ 10030d11 f    CIL library: CIL module
 0001:0002fd1b       ??__F?s_id@?$TObjectUniqueID@URCollector@frames@ui@modules@UModSys@@@tl@UModSys@@2USUniquePointer@core@3@A@@YAXXZ 10030d1b f    CIL library: CIL module
 0001:0002fd25       ??__F?s_id@?$TObjectUniqueID@URFrame_List@frames@ui@modules@UModSys@@@tl@UModSys@@2USUniquePointer@core@3@A@@YAXXZ 10030d25 f    CIL library: CIL module
 0001:0002fd2f       ??__F?s_id@?$TObjectUniqueID@URFrame_Edit@frames@ui@modules@UModSys@@@tl@UModSys@@2USUniquePointer@core@3@A@@YAXXZ 10030d2f f    CIL library: CIL module
 0001:0002fd39       ??__F?s_id@?$TObjectUniqueID@URFrame_Button@frames@ui@modules@UModSys@@@tl@UModSys@@2USUniquePointer@core@3@A@@YAXXZ 10030d39 f    CIL library: CIL module
 0001:0002fd43       ??__F?s_id@?$TObjectUniqueID@URFrame_Text@frames@ui@modules@UModSys@@@tl@UModSys@@2USUniquePointer@core@3@A@@YAXXZ 10030d43 f    CIL library: CIL module
 0001:0002fd4d       ??__F?s_id@?$TObjectUniqueID@URFrame_Image@frames@ui@modules@UModSys@@@tl@UModSys@@2USUniquePointer@core@3@A@@YAXXZ 10030d4d f    CIL library: CIL module
 0001:0002fd57       ??__F?s_id@?$TObjectUniqueID@URFrame_Frame@frames@ui@modules@UModSys@@@tl@UModSys@@2USUniquePointer@core@3@A@@YAXXZ 10030d57 f    CIL library: CIL module
 0001:0002fd61       ??__F?s_id@?$TObjectUniqueID@URDialog@frames@ui@modules@UModSys@@@tl@UModSys@@2USUniquePointer@core@3@A@@YAXXZ 10030d61 f    CIL library: CIL module
 0001:0002fd6b       ??__F?s_id@?$TObjectUniqueID@URFrame_Common@frames@ui@modules@UModSys@@@tl@UModSys@@2USUniquePointer@core@3@A@@YAXXZ 10030d6b f    CIL library: CIL module
 0001:0002fd75       ??__Fs_dbg@images_std@media@modules@UModSys@@YAXXZ 10030d75 f    CIL library: CIL module
 0001:0002fd8c       ??__F?s_modreg@RModuleReg@images_std@media@modules@UModSys@@2U12345@A@@YAXXZ 10030d8c f    CIL library: CIL module
 0001:0002fd97       ??__F?s_modreg_chain@RModuleReg@images_std@media@modules@UModSys@@2USModuleRegChain@base@5@A@@YAXXZ 10030d97 f    CIL library: CIL module
 0001:0002fda1       ??__F?s_uid@RGenerator@images_std@media@modules@UModSys@@2USUniquePointer@core@5@A@@YAXXZ 10030da1 f    CIL library: CIL module
 0001:0002fdab       ??__Fh@?1??s_holder@RGenerator@images_std@media@modules@UModSys@@SAAAU?$TTypeStaticHolder@URGenerator@images_std@media@modules@UModSys@@@tl@5@XZ@YAXXZ 10030dab f    CIL library: CIL module
 0001:0002fdc8       ??__F?s_id@?$TObjectUniqueID@URGenerator@images_std@media@modules@UModSys@@@tl@UModSys@@2USUniquePointer@core@3@A@@YAXXZ 10030dc8 f    CIL library: CIL module
 0001:0002fdd2       ??__F?s_id@?$TObjectUniqueID@URMediaFilter@images_std@media@modules@UModSys@@@tl@UModSys@@2USUniquePointer@core@3@A@@YAXXZ 10030dd2 f    CIL library: CIL module
 0001:0002fddc       ??__Fs_dbg@serialize_json@media@modules@UModSys@@YAXXZ 10030ddc f    CIL library: CIL module
 0001:0002fdf3       ??__F?s_modreg@RModuleReg@serialize_json@media@modules@UModSys@@2U12345@A@@YAXXZ 10030df3 f    CIL library: CIL module
 0001:0002fdfe       ??__F?s_modreg_chain@RModuleReg@serialize_json@media@modules@UModSys@@2USModuleRegChain@base@5@A@@YAXXZ 10030dfe f    CIL library: CIL module
 0001:0002fe08       ??__F?s_uid@RGenerator@serialize_json@media@modules@UModSys@@2USUniquePointer@core@5@A@@YAXXZ 10030e08 f    CIL library: CIL module
 0001:0002fe12       ??__Fh@?1??s_holder@RGenerator@serialize_json@media@modules@UModSys@@SAAAU?$TTypeStaticHolder@URGenerator@serialize_json@media@modules@UModSys@@@tl@5@XZ@YAXXZ 10030e12 f    CIL library: CIL module
 0001:0002fe2f       ??__F?s_id@?$TObjectUniqueID@URGenerator@serialize_json@media@modules@UModSys@@@tl@UModSys@@2USUniquePointer@core@3@A@@YAXXZ 10030e2f f    CIL library: CIL module
 0001:0002fe39       ??__F?s_id@?$TObjectUniqueID@URSerializeWriter@serialize_json@media@modules@UModSys@@@tl@UModSys@@2USUniquePointer@core@3@A@@YAXXZ 10030e39 f    CIL library: CIL module
 0001:0002fe43       ??__F?s_id@?$TObjectUniqueID@URSerializeReader@serialize_json@media@modules@UModSys@@@tl@UModSys@@2USUniquePointer@core@3@A@@YAXXZ 10030e43 f    CIL library: CIL module
 0001:0002fe4d       ??__Fs_dbg@zlib@media@modules@UModSys@@YAXXZ 10030e4d f    CIL library: CIL module
 0001:0002fe64       ??__F?s_modreg@RModuleReg@zlib@media@modules@UModSys@@2U12345@A@@YAXXZ 10030e64 f    CIL library: CIL module
 0001:0002fe6f       ??__F?s_modreg_chain@RModuleReg@zlib@media@modules@UModSys@@2USModuleRegChain@base@5@A@@YAXXZ 10030e6f f    CIL library: CIL module
 0001:0002fe79       ??__F?s_uid@RGenerator@zlib@media@modules@UModSys@@2USUniquePointer@core@5@A@@YAXXZ 10030e79 f    CIL library: CIL module
 0001:0002fe83       ??__Fh@?1??s_holder@RGenerator@zlib@media@modules@UModSys@@SAAAU?$TTypeStaticHolder@URGenerator@zlib@media@modules@UModSys@@@tl@5@XZ@YAXXZ 10030e83 f    CIL library: CIL module
 0001:0002fea0       ??__F?s_id@?$TObjectUniqueID@URGenerator@zlib@media@modules@UModSys@@@tl@UModSys@@2USUniquePointer@core@3@A@@YAXXZ 10030ea0 f    CIL library: CIL module
 0001:0002feaa       ??__F?s_id@?$TObjectUniqueID@URBinArchiveFrameClient_ZIP@zlib@media@modules@UModSys@@@tl@UModSys@@2USUniquePointer@core@3@A@@YAXXZ 10030eaa f    CIL library: CIL module
 0001:0002feb4       ??__FM@UModSys@@YAXXZ      10030eb4 f    CIL library: CIL module
 0001:0002feb5       ??__F?root@SModuleRegChain@base@UModSys@@2U123@A@@YAXXZ 10030eb5 f    CIL library: CIL module
 0001:0002febf       ??__F?s_library@RModuleLibraryReg_Chain@base@UModSys@@2U123@A@@YAXXZ 10030ebf f    CIL library: CIL module
 0001:0002feca       ??__F?root@SUniquePointer@core@UModSys@@2U123@A@@YAXXZ 10030eca f    CIL library: CIL module

 Exports

  ordinal    name

        1    _UModSys_Plugin_Entry2@0
