 plugin_test2

 Timestamp is 524a8e53 (Tue Oct 01 11:56:51 2013)

 Preferred load address is 10000000

 Start         Length     Name                   Class
 0001:00000000 00000cb4H .text                   CODE
 0001:00000cb4 00000191H .text$yc                CODE
 0001:00000e45 00000099H .text$yd                CODE
 0002:00000000 00000094H .idata$5                DATA
 0002:00000094 00000004H .CRT$XCA                DATA
 0002:00000098 00000090H .CRT$XCU                DATA
 0002:00000128 00000004H .CRT$XCZ                DATA
 0002:0000012c 00000004H .CRT$XIA                DATA
 0002:00000130 00000004H .CRT$XIAA               DATA
 0002:00000134 00000004H .CRT$XIZ                DATA
 0002:00000138 00000238H .rdata                  DATA
 0002:00000370 00000170H .rdata$r                DATA
 0002:000004e0 00000004H .rdata$sxdata           DATA
 0002:000004e4 00000004H .rtc$IAA                DATA
 0002:000004e8 00000004H .rtc$IZZ                DATA
 0002:000004ec 00000004H .rtc$TAA                DATA
 0002:000004f0 00000004H .rtc$TZZ                DATA
 0002:000004f8 000000a4H .xdata$x                DATA
 0002:0000059c 00000028H .idata$2                DATA
 0002:000005c4 00000014H .idata$3                DATA
 0002:000005d8 00000094H .idata$4                DATA
 0002:0000066c 000002d0H .idata$6                DATA
 0002:00000940 0000005cH .edata                  DATA
 0003:00000000 00000117H .data                   DATA
 0003:00000118 00000494H .bss                    DATA

  Address         Publics by Value              Rva+Base       Lib:Object

 0000:00000001       ___safe_se_handler_count   00000001     <absolute>
 0000:00000000       ___ImageBase               10000000     <linker-defined>
 0001:00000000       ??0RTest2_ModuleReg@test2@UModSys@@QAE@XZ 10001000 f i plugin_test2.obj
 0001:00000082       ?do_open@RTest2_ModuleReg@test2@UModSys@@UAE_NXZ 10001082 f i plugin_test2.obj
 0001:0000009a       ?do_close@RTest2_ModuleReg@test2@UModSys@@UAE_NXZ 1000109a f i plugin_test2.obj
 0001:000000b2       ?Link@SModuleContext@base@UModSys@@QAEXPAUISystem@23@PAUIMemAlloc@core@3@@Z 100010b2 f   umodsys_lib_base:umodsys.base.modulecontext.obj
 0001:000000ce       ?set@?$TString@U?$TSCoreConst@D@su@tl@UModSys@@U?$TComparerBinaryHash@D@234@@tl@UModSys@@QAEXPBD@Z 100010ce f i umodsys_lib_base:umodsys.base.moduleinfo.obj
 0001:00000107       ?s_get@SModuleRegChain@base@UModSys@@SAPAUIModuleReg@23@I@Z 10001107 f   umodsys_lib_base:umodsys.base.moduleregchain.obj
 0001:0000012b       ?mlr_count@RModuleLibraryReg_Chain@base@UModSys@@UBEIXZ 1000112b f   umodsys_lib_base:umodsys.base.moduleregchain.obj
 0001:0000013e       ?mlr_get@RModuleLibraryReg_Chain@base@UModSys@@UBEPAUIModuleReg@23@I@Z 1000113e f   umodsys_lib_base:umodsys.base.moduleregchain.obj
 0001:0000014b       ?mlr_open@RModuleLibraryReg_Chain@base@UModSys@@UAE_NPAUISystem@23@PAUIMemAlloc@core@3@@Z 1000114b f   umodsys_lib_base:umodsys.base.moduleregchain.obj
 0001:000001c4       ?mlr_close@RModuleLibraryReg_Chain@base@UModSys@@UAE_NXZ 100011c4 f   umodsys_lib_base:umodsys.base.moduleregchain.obj
 0001:00000215       ?mlr_isopen@RModuleLibraryReg_Chain@base@UModSys@@UBE_NXZ 10001215 f   umodsys_lib_base:umodsys.base.moduleregchain.obj
 0001:00000221       ??_GIModuleLibraryReg@base@UModSys@@UAEPAXI@Z 10001221 f i umodsys_lib_base:umodsys.base.modulereg.obj
 0001:00000221       ??_ERModuleLibraryReg_Chain@base@UModSys@@UAEPAXI@Z 10001221 f i  CIL library: CIL module
 0001:00000221       ??_GRModuleLibraryReg_Chain@base@UModSys@@UAEPAXI@Z 10001221 f i umodsys_lib_base:umodsys.base.moduleregchain.obj
 0001:00000221       ??_EIModuleLibraryReg@base@UModSys@@UAEPAXI@Z 10001221 f i  CIL library: CIL module
 0001:0000023e       _UModSys_Plugin_Entry2@0   1000123e f   umodsys_lib_base:umodsys.so_main.win32.obj
 0001:00000244       ??_EIModuleReg@base@UModSys@@UAEPAXI@Z 10001244 f i  CIL library: CIL module
 0001:00000244       ??_GRTest2_ModuleReg@test2@UModSys@@UAEPAXI@Z 10001244 f i plugin_test2.obj
 0001:00000244       ??_ERTest2_ModuleReg@test2@UModSys@@UAEPAXI@Z 10001244 f i  CIL library: CIL module
 0001:00000244       ??_GIModuleReg@base@UModSys@@UAEPAXI@Z 10001244 f i umodsys_lib_base:umodsys.base.modulereg.obj
 0001:00000261       ?mr_isopen@IModuleReg@base@UModSys@@UBE_NXZ 10001261 f   umodsys_lib_base:umodsys.base.modulereg.obj
 0001:0000026a       ?mr_open@IModuleReg@base@UModSys@@UAE_NXZ 1000126a f   umodsys_lib_base:umodsys.base.modulereg.obj
 0001:00000285       ?mr_close@IModuleReg@base@UModSys@@UAE_NXZ 10001285 f   umodsys_lib_base:umodsys.base.modulereg.obj
 0001:00000292       ??0SUniquePointer@core@UModSys@@QAE@PBD0H@Z 10001292 f   umodsys_lib_core:umodsys.core.uniqueptr.obj
 0001:000002d2       ??1SModuleRegChain@base@UModSys@@QAE@XZ 100012d2 f   umodsys_lib_base:umodsys.base.moduleregchain.obj
 0001:000002d2       ??1SUniquePointer@core@UModSys@@QAE@XZ 100012d2 f   umodsys_lib_core:umodsys.core.uniqueptr.obj
 0001:000002f0       __onexit                   100012f0 f   MSVCRT:atonexit.obj
 0001:00000395       _atexit                    10001395 f   MSVCRT:atonexit.obj
 0001:000003ac       ??3@YAXPAX@Z               100013ac f   MSVCRT:MSVCR90.dll
 0001:000003b2       ??_Etype_info@@UAEPAXI@Z   100013b2 f i MSVCRT:ti_inst.obj
 0001:0000044d       __CRT_INIT@12              1000144d f   MSVCRT:crtdll.obj
 0001:00000789       __DllMainCRTStartup@12     10001789 f   MSVCRT:crtdll.obj
 0001:000007ac       __purecall                 100017ac f   MSVCRT:MSVCR90.dll
 0001:000007b2       __unlock                   100017b2 f   MSVCRT:MSVCR90.dll
 0001:000007b8       ___dllonexit               100017b8 f   MSVCRT:MSVCR90.dll
 0001:000007be       __lock                     100017be f   MSVCRT:MSVCR90.dll
 0001:000007c4       __SEH_prolog4              100017c4 f   MSVCRT:sehprolg4.obj
 0001:00000809       __SEH_epilog4              10001809 f   MSVCRT:sehprolg4.obj
 0001:0000081d       __except_handler4          1000181d f   MSVCRT:chandler4gs.obj
 0001:00000842       ?__ArrayUnwind@@YGXPAXIHP6EX0@Z@Z 10001842 f   MSVCRT:ehvecdtr.obj
 0001:000008a0       ??_M@YGXPAXIHP6EX0@Z@Z     100018a0 f   MSVCRT:ehvecdtr.obj
 0001:00000903       ___clean_type_info_names   10001903 f   MSVCRT:tncleanup.obj
 0001:0000090f       __RTC_Initialize           1000190f f   MSVCRT:_initsect_.obj
 0001:00000935       __RTC_Terminate            10001935 f   MSVCRT:_initsect_.obj
 0001:00000960       __ValidateImageBase        10001960 f   MSVCRT:pesect.obj
 0001:000009a0       __FindPESection            100019a0 f   MSVCRT:pesect.obj
 0001:000009f0       __IsNonwritableInCurrentImage 100019f0 f   MSVCRT:pesect.obj
 0001:00000aae       __initterm                 10001aae f   MSVCRT:MSVCR90.dll
 0001:00000ab4       __initterm_e               10001ab4 f   MSVCRT:MSVCR90.dll
 0001:00000aba       __amsg_exit                10001aba f   MSVCRT:MSVCR90.dll
 0001:00000ac0       ___CppXcptFilter           10001ac0 f   MSVCRT:MSVCR90.dll
 0001:00000ac6       _DllMain@12                10001ac6 f   MSVCRT:dllmain.obj
 0001:00000aea       ___security_init_cookie    10001aea f   MSVCRT:gs_support.obj
 0001:00000b80       @__security_check_cookie@4 10001b80 f   MSVCRT:secchk.obj
 0001:00000b90       __except_handler4_common   10001b90 f   MSVCRT:MSVCR90.dll
 0001:00000b96       ?terminate@@YAXXZ          10001b96 f   MSVCRT:MSVCR90.dll
 0001:00000b9c       ?_type_info_dtor_internal_method@type_info@@QAEXXZ 10001b9c f   MSVCRT:MSVCR90.dll
 0001:00000b9c       ??1type_info@@UAE@XZ       10001b9c f   MSVCRT:MSVCR90.dll
 0001:00000ba2       ___clean_type_info_names_internal 10001ba2 f   MSVCRT:MSVCR90.dll
 0001:00000ba8       ___report_gsfailure        10001ba8 f   MSVCRT:gs_report.obj
 0001:00000cae       __crt_debugger_hook        10001cae f   MSVCRT:MSVCR90.dll
 0002:00000000       __imp__SetUnhandledExceptionFilter@4 10002000     kernel32:KERNEL32.dll
 0002:00000004       __imp__UnhandledExceptionFilter@4 10002004     kernel32:KERNEL32.dll
 0002:00000008       __imp__GetCurrentProcess@0 10002008     kernel32:KERNEL32.dll
 0002:0000000c       __imp__TerminateProcess@8  1000200c     kernel32:KERNEL32.dll
 0002:00000010       __imp__GetSystemTimeAsFileTime@4 10002010     kernel32:KERNEL32.dll
 0002:00000014       __imp__GetCurrentProcessId@0 10002014     kernel32:KERNEL32.dll
 0002:00000018       __imp__GetCurrentThreadId@0 10002018     kernel32:KERNEL32.dll
 0002:0000001c       __imp__GetTickCount@0      1000201c     kernel32:KERNEL32.dll
 0002:00000020       __imp__QueryPerformanceCounter@4 10002020     kernel32:KERNEL32.dll
 0002:00000024       __imp__DisableThreadLibraryCalls@4 10002024     kernel32:KERNEL32.dll
 0002:00000028       __imp__InterlockedCompareExchange@12 10002028     kernel32:KERNEL32.dll
 0002:0000002c       __imp__Sleep@4             1000202c     kernel32:KERNEL32.dll
 0002:00000030       __imp__InterlockedExchange@8 10002030     kernel32:KERNEL32.dll
 0002:00000034       __imp__IsDebuggerPresent@0 10002034     kernel32:KERNEL32.dll
 0002:00000038       \177KERNEL32_NULL_THUNK_DATA 10002038     kernel32:KERNEL32.dll
 0002:0000003c       __imp____CppXcptFilter     1000203c     MSVCRT:MSVCR90.dll
 0002:00000040       __imp___except_handler4_common 10002040     MSVCRT:MSVCR90.dll
 0002:00000044       __imp___adjust_fdiv        10002044     MSVCRT:MSVCR90.dll
 0002:00000048       __imp_?_type_info_dtor_internal_method@type_info@@QAEXXZ 10002048     MSVCRT:MSVCR90.dll
 0002:0000004c       __imp____clean_type_info_names_internal 1000204c     MSVCRT:MSVCR90.dll
 0002:00000050       __imp___crt_debugger_hook  10002050     MSVCRT:MSVCR90.dll
 0002:00000054       __imp___amsg_exit          10002054     MSVCRT:MSVCR90.dll
 0002:00000058       __imp___initterm_e         10002058     MSVCRT:MSVCR90.dll
 0002:0000005c       __imp___initterm           1000205c     MSVCRT:MSVCR90.dll
 0002:00000060       __imp___encoded_null       10002060     MSVCRT:MSVCR90.dll
 0002:00000064       __imp__free                10002064     MSVCRT:MSVCR90.dll
 0002:00000068       __imp___malloc_crt         10002068     MSVCRT:MSVCR90.dll
 0002:0000006c       __imp___decode_pointer     1000206c     MSVCRT:MSVCR90.dll
 0002:00000070       __imp___onexit             10002070     MSVCRT:MSVCR90.dll
 0002:00000074       __imp___lock               10002074     MSVCRT:MSVCR90.dll
 0002:00000078       __imp___encode_pointer     10002078     MSVCRT:MSVCR90.dll
 0002:0000007c       __imp____dllonexit         1000207c     MSVCRT:MSVCR90.dll
 0002:00000080       __imp___unlock             10002080     MSVCRT:MSVCR90.dll
 0002:00000084       __imp___purecall           10002084     MSVCRT:MSVCR90.dll
 0002:00000088       __imp_?terminate@@YAXXZ    10002088     MSVCRT:MSVCR90.dll
 0002:0000008c       __imp_??3@YAXPAX@Z         1000208c     MSVCRT:MSVCR90.dll
 0002:00000090       \177MSVCR90_NULL_THUNK_DATA 10002090     MSVCRT:MSVCR90.dll
 0002:00000094       ___xc_a                    10002094     MSVCRT:cinitexe.obj
 0002:00000128       ___xc_z                    10002128     MSVCRT:cinitexe.obj
 0002:0000012c       ___xi_a                    1000212c     MSVCRT:cinitexe.obj
 0002:00000134       ___xi_z                    10002134     MSVCRT:cinitexe.obj
 0002:0000013c       ??_7type_info@@6B@         1000213c     MSVCRT:ti_inst.obj
 0002:00000140       __pDefaultRawDllMain       10002140     MSVCRT:crtdll.obj
 0002:00000140       __pRawDllMain              10002140     MSVCRT:crtdll.obj
 0002:0000014c       ??_C@_0P@GHFPNOJB@bad?5allocation?$AA@ 1000214c     plugin_test2.obj
 0002:0000015c       ??_C@_0BF@OCNNAADO@UModSys?3?3core?3?3IRoot?$AA@ 1000215c     plugin_test2.obj
 0002:00000174       ??_C@_0BK@EMIJFOPA@UModSys?3?3core?3?3IRefObject?$AA@ 10002174     plugin_test2.obj
 0002:00000190       ??_C@_0BL@IOMMHELF@UModSys?3?3core?3?3IParameters?$AA@ 10002190     plugin_test2.obj
 0002:000001ac       ??_C@_0BI@IKAOEFAP@UModSys?3?3base?3?3IConsole?$AA@ 100021ac     plugin_test2.obj
 0002:000001c4       ??_C@_0BH@LKDEEPPM@UModSys?3?3base?3?3IModule?$AA@ 100021c4     plugin_test2.obj
 0002:000001dc       ??_C@_0BO@PHJOHFCB@UModSys?3?3base?3?3IModuleLibrary?$AA@ 100021dc     plugin_test2.obj
 0002:000001fc       ??_C@_0O@OKKJDILE@base?3?3ISystem?$AA@ 100021fc     plugin_test2.obj
 0002:0000020c       ??_C@_0BK@FDPIOPHG@UModSys?3?3base?3?3IModObject?$AA@ 1000220c     plugin_test2.obj
 0002:00000228       ??_C@_0BK@OIBKNCKJ@UModSys?3?3base?3?3IGenerator?$AA@ 10002228     plugin_test2.obj
 0002:00000244       ??_C@_0BG@PJBGCMEC@UModSys?3?3base?3?3IShell?$AA@ 10002244     plugin_test2.obj
 0002:0000025c       ??_C@_0BA@EFKDNKNF@Test?52?5?9?5module?$AA@ 1000225c     plugin_test2.obj
 0002:0000026c       ??_C@_05EPPCHHAP@Test2?$AA@ 1000226c     plugin_test2.obj
 0002:00000274       ??_C@_0BK@MDJCNGKO@RTest2_ModuleReg?3?3open?$CI?$CJ?6?$AA@ 10002274     plugin_test2.obj
 0002:00000290       ??_C@_0BL@DPIOGOOM@RTest2_ModuleReg?3?3close?$CI?$CJ?6?$AA@ 10002290     plugin_test2.obj
 0002:000002ac       ??_C@_08FCBDOIAH@typeinfo?$AA@ 100022ac     plugin_test2.obj
 0002:000002bc       ??_7RTest2_ModuleReg@test2@UModSys@@6B@ 100022bc     plugin_test2.obj
 0002:000002d8       ??_7RModuleLibraryReg_Chain@base@UModSys@@6B@ 100022d8     umodsys_lib_base:umodsys.base.moduleregchain.obj
 0002:000002f4       ??_7IModuleReg@base@UModSys@@6B@ 100022f4     umodsys_lib_base:umodsys.base.modulereg.obj
 0002:00000310       ??_7IModuleLibraryReg@base@UModSys@@6B@ 10002310     umodsys_lib_base:umodsys.base.modulereg.obj
 0002:00000328       __load_config_used         10002328     MSVCRT:loadcfg.obj
 0002:00000370       ??_R4type_info@@6B@        10002370     MSVCRT:ti_inst.obj
 0002:00000384       ??_R3type_info@@8          10002384     MSVCRT:ti_inst.obj
 0002:00000394       ??_R2type_info@@8          10002394     MSVCRT:ti_inst.obj
 0002:0000039c       ??_R1A@?0A@EA@type_info@@8 1000239c     MSVCRT:ti_inst.obj
 0002:000003b8       ??_R4RTest2_ModuleReg@test2@UModSys@@6B@ 100023b8     plugin_test2.obj
 0002:000003cc       ??_R3RTest2_ModuleReg@test2@UModSys@@8 100023cc     plugin_test2.obj
 0002:000003dc       ??_R2RTest2_ModuleReg@test2@UModSys@@8 100023dc     plugin_test2.obj
 0002:000003e8       ??_R1A@?0A@EA@IModuleReg@base@UModSys@@8 100023e8     plugin_test2.obj
 0002:00000404       ??_R3IModuleReg@base@UModSys@@8 10002404     plugin_test2.obj
 0002:00000414       ??_R2IModuleReg@base@UModSys@@8 10002414     plugin_test2.obj
 0002:0000041c       ??_R1A@?0A@EA@RTest2_ModuleReg@test2@UModSys@@8 1000241c     plugin_test2.obj
 0002:00000438       ??_R4RModuleLibraryReg_Chain@base@UModSys@@6B@ 10002438     umodsys_lib_base:umodsys.base.moduleregchain.obj
 0002:0000044c       ??_R3RModuleLibraryReg_Chain@base@UModSys@@8 1000244c     umodsys_lib_base:umodsys.base.moduleregchain.obj
 0002:0000045c       ??_R2RModuleLibraryReg_Chain@base@UModSys@@8 1000245c     umodsys_lib_base:umodsys.base.moduleregchain.obj
 0002:00000468       ??_R1A@?0A@EA@IModuleLibraryReg@base@UModSys@@8 10002468     umodsys_lib_base:umodsys.base.moduleregchain.obj
 0002:00000484       ??_R3IModuleLibraryReg@base@UModSys@@8 10002484     umodsys_lib_base:umodsys.base.moduleregchain.obj
 0002:00000494       ??_R2IModuleLibraryReg@base@UModSys@@8 10002494     umodsys_lib_base:umodsys.base.moduleregchain.obj
 0002:0000049c       ??_R1A@?0A@EA@RModuleLibraryReg_Chain@base@UModSys@@8 1000249c     umodsys_lib_base:umodsys.base.moduleregchain.obj
 0002:000004b8       ??_R4IModuleLibraryReg@base@UModSys@@6B@ 100024b8     umodsys_lib_base:umodsys.base.modulereg.obj
 0002:000004cc       ??_R4IModuleReg@base@UModSys@@6B@ 100024cc     umodsys_lib_base:umodsys.base.modulereg.obj
 0002:000004e0       ___safe_se_handler_table   100024e0     <linker-defined>
 0002:000004e4       ___rtc_iaa                 100024e4     MSVCRT:_initsect_.obj
 0002:000004e8       ___rtc_izz                 100024e8     MSVCRT:_initsect_.obj
 0002:000004ec       ___rtc_taa                 100024ec     MSVCRT:_initsect_.obj
 0002:000004f0       ___rtc_tzz                 100024f0     MSVCRT:_initsect_.obj
 0002:0000059c       __IMPORT_DESCRIPTOR_MSVCR90 1000259c     MSVCRT:MSVCR90.dll
 0002:000005b0       __IMPORT_DESCRIPTOR_KERNEL32 100025b0     kernel32:KERNEL32.dll
 0002:000005c4       __NULL_IMPORT_DESCRIPTOR   100025c4     MSVCRT:MSVCR90.dll
 0003:00000000       ??_R0?AVtype_info@@@8      10003000     MSVCRT:ti_inst.obj
 0003:00000018       ___native_dllmain_reason   10003018     MSVCRT:natstart.obj
 0003:0000001c       ___native_vcclrit_reason   1000301c     MSVCRT:natstart.obj
 0003:00000020       ___security_cookie         10003020     MSVCRT:gs_cookie.obj
 0003:00000024       ___security_cookie_complement 10003024     MSVCRT:gs_cookie.obj
 0003:00000028       ??_R0?AUIModuleReg@base@UModSys@@@8 10003028     plugin_test2.obj
 0003:00000050       ??_R0?AURTest2_ModuleReg@test2@UModSys@@@8 10003050     plugin_test2.obj
 0003:00000090       ?so_entry_enabled_flag@base@UModSys@@3HA 10003090     umodsys_lib_base:umodsys.so_main.win32.obj
 0003:000000a4       ?s_modreg_chain@RTest2_ModuleReg@test2@UModSys@@2USModuleRegChain@base@3@A 100030a4     plugin_test2.obj
 0003:000000b0       ?s_library@RModuleLibraryReg_Chain@base@UModSys@@2U123@A 100030b0     umodsys_lib_base:umodsys.base.moduleregchain.obj
 0003:000000b4       ??_R0?AUIModuleLibraryReg@base@UModSys@@@8 100030b4     umodsys_lib_base:umodsys.base.moduleregchain.obj
 0003:000000e4       ??_R0?AURModuleLibraryReg_Chain@base@UModSys@@@8 100030e4     umodsys_lib_base:umodsys.base.moduleregchain.obj
 0003:0000011c       __forceCRTManifestRTM      1000311c     MSVCRT:crtmanifestrtm.obj
 0003:00000120       ?__type_info_root_node@@3U__type_info_node@@A 10003120     MSVCRT:tncleanup.obj
 0003:0000044c       ?s_id@?$TObjectUniqueID@UIRefObject@core@UModSys@@@tl@UModSys@@2USUniquePointer@core@3@A 1000344c     plugin_test2.obj
 0003:00000464       ?s_id@?$TObjectUniqueID@UIRoot@core@UModSys@@@tl@UModSys@@2USUniquePointer@core@3@A 10003464     plugin_test2.obj
 0003:0000047c       ?s_id@?$TObjectUniqueID@UIModule@base@UModSys@@@tl@UModSys@@2USUniquePointer@core@3@A 1000347c     plugin_test2.obj
 0003:00000494       ?s_id@?$TObjectUniqueID@UIGenerator@base@UModSys@@@tl@UModSys@@2USUniquePointer@core@3@A 10003494     plugin_test2.obj
 0003:000004ac       ?s_id@?$TObjectUniqueID@UIModuleLibrary@base@UModSys@@@tl@UModSys@@2USUniquePointer@core@3@A 100034ac     plugin_test2.obj
 0003:000004c4       ?s_modreg@RTest2_ModuleReg@test2@UModSys@@2U123@A 100034c4     plugin_test2.obj
 0003:000004ec       ?M@UModSys@@3USModuleContext@base@1@A 100034ec     umodsys_lib_base:umodsys.base.modulecontext.obj
 0003:000004f8       ?root@SModuleRegChain@base@UModSys@@2U123@A 100034f8     umodsys_lib_base:umodsys.base.moduleregchain.obj
 0003:00000504       ?root@SUniquePointer@core@UModSys@@2U123@A 10003504     umodsys_lib_core:umodsys.core.uniqueptr.obj
 0003:0000051c       ?s_id@?$TObjectUniqueID@UIParameters@core@UModSys@@@tl@UModSys@@2USUniquePointer@core@3@A 1000351c     plugin_test2.obj
 0003:00000534       ?s_id@?$TObjectUniqueID@UISystem@base@UModSys@@@tl@UModSys@@2USUniquePointer@core@3@A 10003534     plugin_test2.obj
 0003:0000054c       ?s_id@?$TObjectUniqueID@UIModObject@base@UModSys@@@tl@UModSys@@2USUniquePointer@core@3@A 1000354c     plugin_test2.obj
 0003:00000564       ?s_id@?$TObjectUniqueID@UIShell@base@UModSys@@@tl@UModSys@@2USUniquePointer@core@3@A 10003564     plugin_test2.obj
 0003:0000057c       ?s_id@?$TObjectUniqueID@UIConsole@base@UModSys@@@tl@UModSys@@2USUniquePointer@core@3@A 1000357c     plugin_test2.obj
 0003:00000594       __adjust_fdiv              10003594     <common>
 0003:00000598       ___native_startup_state    10003598     <common>
 0003:0000059c       ___native_startup_lock     1000359c     <common>
 0003:000005a0       ___dyn_tls_init_callback   100035a0     <common>
 0003:000005a4       ___onexitend               100035a4     <common>
 0003:000005a8       ___onexitbegin             100035a8     <common>

 entry point at        0001:00000789

 Static symbols

 0001:000003fe       _pre_c_init                100013fe f   MSVCRT:crtdll.obj
 0001:00000673       ___DllMainCRTStartup       10001673 f   MSVCRT:crtdll.obj
 0001:00000cb4       ??__E?s_modreg@RTest2_ModuleReg@test2@UModSys@@2U123@A@@YAXXZ 10001cb4 f    CIL library: CIL module
 0001:00000cc5       ??__E?s_modreg_chain@RTest2_ModuleReg@test2@UModSys@@2USModuleRegChain@base@3@A@@YAXXZ 10001cc5 f    CIL library: CIL module
 0001:00000cf3       ??__E?s_id@?$TObjectUniqueID@UIRoot@core@UModSys@@@tl@UModSys@@2USUniquePointer@core@3@A@@YAXXZ 10001cf3 f    CIL library: CIL module
 0001:00000d10       ??__E?s_id@?$TObjectUniqueID@UIRefObject@core@UModSys@@@tl@UModSys@@2USUniquePointer@core@3@A@@YAXXZ 10001d10 f    CIL library: CIL module
 0001:00000d2d       ??__E?s_id@?$TObjectUniqueID@UIParameters@core@UModSys@@@tl@UModSys@@2USUniquePointer@core@3@A@@YAXXZ 10001d2d f    CIL library: CIL module
 0001:00000d4a       ??__E?s_id@?$TObjectUniqueID@UIConsole@base@UModSys@@@tl@UModSys@@2USUniquePointer@core@3@A@@YAXXZ 10001d4a f    CIL library: CIL module
 0001:00000d67       ??__E?s_id@?$TObjectUniqueID@UIModule@base@UModSys@@@tl@UModSys@@2USUniquePointer@core@3@A@@YAXXZ 10001d67 f    CIL library: CIL module
 0001:00000d84       ??__E?s_id@?$TObjectUniqueID@UIModuleLibrary@base@UModSys@@@tl@UModSys@@2USUniquePointer@core@3@A@@YAXXZ 10001d84 f    CIL library: CIL module
 0001:00000da1       ??__E?s_id@?$TObjectUniqueID@UISystem@base@UModSys@@@tl@UModSys@@2USUniquePointer@core@3@A@@YAXXZ 10001da1 f    CIL library: CIL module
 0001:00000dbe       ??__E?s_id@?$TObjectUniqueID@UIModObject@base@UModSys@@@tl@UModSys@@2USUniquePointer@core@3@A@@YAXXZ 10001dbe f    CIL library: CIL module
 0001:00000ddb       ??__E?s_id@?$TObjectUniqueID@UIGenerator@base@UModSys@@@tl@UModSys@@2USUniquePointer@core@3@A@@YAXXZ 10001ddb f    CIL library: CIL module
 0001:00000df8       ??__E?s_id@?$TObjectUniqueID@UIShell@base@UModSys@@@tl@UModSys@@2USUniquePointer@core@3@A@@YAXXZ 10001df8 f    CIL library: CIL module
 0001:00000e15       ??__EM@UModSys@@YAXXZ      10001e15 f    CIL library: CIL module
 0001:00000e21       ??__E?root@SModuleRegChain@base@UModSys@@2U123@A@@YAXXZ 10001e21 f    CIL library: CIL module
 0001:00000e2d       ??__E?s_library@RModuleLibraryReg_Chain@base@UModSys@@2U123@A@@YAXXZ 10001e2d f    CIL library: CIL module
 0001:00000e39       ??__E?root@SUniquePointer@core@UModSys@@2U123@A@@YAXXZ 10001e39 f    CIL library: CIL module
 0001:00000e45       ??__F?s_modreg@RTest2_ModuleReg@test2@UModSys@@2U123@A@@YAXXZ 10001e45 f    CIL library: CIL module
 0001:00000e50       ??__F?s_modreg_chain@RTest2_ModuleReg@test2@UModSys@@2USModuleRegChain@base@3@A@@YAXXZ 10001e50 f    CIL library: CIL module
 0001:00000e5a       ??__F?s_id@?$TObjectUniqueID@UIShell@base@UModSys@@@tl@UModSys@@2USUniquePointer@core@3@A@@YAXXZ 10001e5a f    CIL library: CIL module
 0001:00000e64       ??__F?s_id@?$TObjectUniqueID@UIGenerator@base@UModSys@@@tl@UModSys@@2USUniquePointer@core@3@A@@YAXXZ 10001e64 f    CIL library: CIL module
 0001:00000e6e       ??__F?s_id@?$TObjectUniqueID@UIModObject@base@UModSys@@@tl@UModSys@@2USUniquePointer@core@3@A@@YAXXZ 10001e6e f    CIL library: CIL module
 0001:00000e78       ??__F?s_id@?$TObjectUniqueID@UISystem@base@UModSys@@@tl@UModSys@@2USUniquePointer@core@3@A@@YAXXZ 10001e78 f    CIL library: CIL module
 0001:00000e82       ??__F?s_id@?$TObjectUniqueID@UIModuleLibrary@base@UModSys@@@tl@UModSys@@2USUniquePointer@core@3@A@@YAXXZ 10001e82 f    CIL library: CIL module
 0001:00000e8c       ??__F?s_id@?$TObjectUniqueID@UIModule@base@UModSys@@@tl@UModSys@@2USUniquePointer@core@3@A@@YAXXZ 10001e8c f    CIL library: CIL module
 0001:00000e96       ??__F?s_id@?$TObjectUniqueID@UIConsole@base@UModSys@@@tl@UModSys@@2USUniquePointer@core@3@A@@YAXXZ 10001e96 f    CIL library: CIL module
 0001:00000ea0       ??__F?s_id@?$TObjectUniqueID@UIParameters@core@UModSys@@@tl@UModSys@@2USUniquePointer@core@3@A@@YAXXZ 10001ea0 f    CIL library: CIL module
 0001:00000eaa       ??__F?s_id@?$TObjectUniqueID@UIRefObject@core@UModSys@@@tl@UModSys@@2USUniquePointer@core@3@A@@YAXXZ 10001eaa f    CIL library: CIL module
 0001:00000eb4       ??__F?s_id@?$TObjectUniqueID@UIRoot@core@UModSys@@@tl@UModSys@@2USUniquePointer@core@3@A@@YAXXZ 10001eb4 f    CIL library: CIL module
 0001:00000ebe       ??__FM@UModSys@@YAXXZ      10001ebe f    CIL library: CIL module
 0001:00000ebf       ??__F?root@SModuleRegChain@base@UModSys@@2U123@A@@YAXXZ 10001ebf f    CIL library: CIL module
 0001:00000ec9       ??__F?s_library@RModuleLibraryReg_Chain@base@UModSys@@2U123@A@@YAXXZ 10001ec9 f    CIL library: CIL module
 0001:00000ed4       ??__F?root@SUniquePointer@core@UModSys@@2U123@A@@YAXXZ 10001ed4 f    CIL library: CIL module

 Exports

  ordinal    name

        1    _UModSys_Plugin_Entry2@0
