 umodsysc

 Timestamp is 52666480 (Tue Oct 22 14:41:52 2013)

 Preferred load address is 00400000

 Start         Length     Name                   Class
 0001:00000000 00007600H .text                   CODE
 0001:00007600 000002eaH .text$x                 CODE
 0001:000078ea 00000583H .text$yc                CODE
 0001:00007e6d 00000231H .text$yd                CODE
 0002:00000000 00000154H .idata$5                DATA
 0002:00000154 00000004H .CRT$XCA                DATA
 0002:00000158 00000004H .CRT$XCAA               DATA
 0002:0000015c 000001a8H .CRT$XCU                DATA
 0002:00000304 00000004H .CRT$XCZ                DATA
 0002:00000308 00000004H .CRT$XIA                DATA
 0002:0000030c 00000004H .CRT$XIAA               DATA
 0002:00000310 00000004H .CRT$XIY                DATA
 0002:00000314 00000004H .CRT$XIZ                DATA
 0002:00000318 00001458H .rdata                  DATA
 0002:00001770 00000db4H .rdata$r                DATA
 0002:00002530 00000070H .rdata$sxdata           DATA
 0002:000025a0 00000004H .rtc$IAA                DATA
 0002:000025a4 00000004H .rtc$IZZ                DATA
 0002:000025a8 00000004H .rtc$TAA                DATA
 0002:000025ac 00000004H .rtc$TZZ                DATA
 0002:000025b0 00000674H .xdata$x                DATA
 0002:00002c24 00000028H .idata$2                DATA
 0002:00002c4c 00000014H .idata$3                DATA
 0002:00002c60 00000154H .idata$4                DATA
 0002:00002db4 00000554H .idata$6                DATA
 0002:00003310 00000058H .edata                  DATA
 0003:00000000 000009e0H .data                   DATA
 0003:000009e0 00002894H .bss                    DATA

  Address         Publics by Value              Rva+Base       Lib:Object

 0000:00000000       __except_list              00000000     <absolute>
 0000:0000001c       ___safe_se_handler_count   0000001c     <absolute>
 0000:00009876       __fltused                  00009876     <absolute>
 0000:00009876       __ldused                   00009876     <absolute>
 0000:00000000       ___ImageBase               00400000     <linker-defined>
 0001:00000000       _main                      00401000 f   umodsys.c_main.obj
 0001:00000172       ??0?$TString@U?$TSCoreConst@D@su@tl@UModSys@@U?$TComparerBinaryHash@D@234@@tl@UModSys@@QAE@PBD@Z 00401172 f i umodsys.c_main.obj
 0001:0000019c       ?update@?$TComparerBinaryHash@D@su@tl@UModSys@@QAEXPBDI@Z 0040119c f i umodsys.c_main.obj
 0001:000001c8       ?suicide@RGenerator@std@media@modules@UModSys@@UAEXXZ 004011c8 f i umodsys_lib_libmedia:umodsys.mod.media.std.obj
 0001:000001c8       ?suicide@RGenerator@stdio@media@modules@UModSys@@UAEXXZ 004011c8 f i umodsys_lib_libmedia:umodsys.mod.media.stdio.obj
 0001:000001c8       ?ref_remove@RConsole_std@rsystem@base@UModSys@@UBEXXZ 004011c8 f i umodsys_lib_basesys:umodsys.basesys.rconsole_std.obj
 0001:000001c8       ?ref_add@RConsole_std@rsystem@base@UModSys@@UBEXXZ 004011c8 f i umodsys_lib_basesys:umodsys.basesys.rconsole_std.obj
 0001:000001c8       ??3@YAXPAX0@Z              004011c8 f i umodsys_lib_libmedia:umodsys.mod.media.std.obj
 0001:000001c9       ??6SUniquePtrList@core@UModSys@@QAEAAU012@PBUSUniquePointerInfo@12@@Z 004011c9 f i umodsys_lib_libmedia:umodsys.mod.media.std.obj
 0001:000001e5       ??2IRoot@core@UModSys@@SAPAXIABUSIMemAlloc@12@@Z 004011e5 f i umodsys_lib_libmedia:umodsys.mod.media.std.obj
 0001:00000207       ??3IRoot@core@UModSys@@SAXPAXABUSIMemAlloc@12@@Z 00401207 f i umodsys_lib_libmedia:umodsys.mod.media.std.obj
 0001:00000220       ?_get_other_interface@IRefObject@core@UModSys@@IAEPAUIRoot@23@PBUSUniquePointerInfo@23@@Z 00401220 f i umodsys_lib_libmedia:umodsys.mod.media.std.obj
 0001:00000220       ?_get_other_interface@IRefObject@core@UModSys@@IBEPBUIRoot@23@PBUSUniquePointerInfo@23@@Z 00401220 f i umodsys_lib_libmedia:umodsys.mod.media.std.obj
 0001:00000241       ?_get_interface_types@IRefObject@core@UModSys@@SAIAAUSUniquePtrList@23@@Z 00401241 f i umodsys_lib_libmedia:umodsys.mod.media.std.obj
 0001:00000261       ??$seq@D@su@tl@UModSys@@YA_NPBD0I@Z 00401261 f i umodsys_lib_libmedia:umodsys.mod.media.std.obj
 0001:0000027c       ?get_interface_info@RLibraryBinCache@std@media@modules@UModSys@@UBEABUSUniquePointerInfo@core@5@XZ 0040127c f i umodsys_lib_libmedia:umodsys.mod.media.std.obj
 0001:00000282       ?get_interface_type@RLibraryBinCache@std@media@modules@UModSys@@UBEPBUSUniquePointerInfo@core@5@XZ 00401282 f i umodsys_lib_libmedia:umodsys.mod.media.std.obj
 0001:00000288       ?get_other_interface@RLibraryBinCache@std@media@modules@UModSys@@UAEPAUIRoot@core@5@PBUSUniquePointerInfo@75@@Z 00401288 f i umodsys_lib_libmedia:umodsys.mod.media.std.obj
 0001:00000288       ?get_other_interface@RLibraryBinCache@std@media@modules@UModSys@@UBEPBUIRoot@core@5@PBUSUniquePointerInfo@75@@Z 00401288 f i umodsys_lib_libmedia:umodsys.mod.media.std.obj
 0001:000002b1       ?ref_add@RLibraryBinCache@std@media@modules@UModSys@@UBEXXZ 004012b1 f i umodsys_lib_libmedia:umodsys.mod.media.std.obj
 0001:000002b1       ?ref_add@RLibraryBinTree@std@media@modules@UModSys@@UBEXXZ 004012b1 f i umodsys_lib_libmedia:umodsys.mod.media.std.obj
 0001:000002b5       ?ref_links@RLibraryBinTree@std@media@modules@UModSys@@UBEHXZ 004012b5 f i umodsys_lib_libmedia:umodsys.mod.media.std.obj
 0001:000002b5       ?ref_links@RLibraryBinCache@std@media@modules@UModSys@@UBEHXZ 004012b5 f i umodsys_lib_libmedia:umodsys.mod.media.std.obj
 0001:000002b9       ?ref_weak@RLibraryBinCache@std@media@modules@UModSys@@UBE_NAAUWeakPointer@IRefObject@core@5@@Z 004012b9 f i umodsys_lib_libmedia:umodsys.mod.media.std.obj
 0001:000002b9       ?ref_weak@RLibraryBinTree@std@media@modules@UModSys@@UBE_NAAUWeakPointer@IRefObject@core@5@@Z 004012b9 f i umodsys_lib_libmedia:umodsys.mod.media.std.obj
 0001:000002d8       ??0RLibraryBinCache@std@media@modules@UModSys@@QAE@PAUIModObject@base@4@ABUSParameters@core@4@U?$TFlags4State@USMediaFlagUid@libmedia@UModSys@@I@tl@4@@Z 004012d8 f i umodsys_lib_libmedia:umodsys.mod.media.std.obj
 0001:00000333       ?bin_reader@RLibraryBinCache@std@media@modules@UModSys@@UAE?AU?$TRefObject@UIStreamReader@libmedia@UModSys@@U?$TRefObjectFunc@UIStreamReader@libmedia@UModSys@@@tl@3@@tl@5@ABU?$TString@U?$TSCoreConst@D@su@tl@UModSys@@U?$TComparerBinaryHash@D@234@@75@ABUSFlags@libmedia@5@@Z 00401333 f i umodsys_lib_libmedia:umodsys.mod.media.std.obj
 0001:00000333       ?bin_writer@RLibraryBinCache@std@media@modules@UModSys@@UAE?AU?$TRefObject@UIStreamWriter@libmedia@UModSys@@U?$TRefObjectFunc@UIStreamWriter@libmedia@UModSys@@@tl@3@@tl@5@ABU?$TString@U?$TSCoreConst@D@su@tl@UModSys@@U?$TComparerBinaryHash@D@234@@75@ABUSFlags@libmedia@5@@Z 00401333 f i umodsys_lib_libmedia:umodsys.mod.media.std.obj
 0001:00000345       ?bin_load@RLibraryBinCache@std@media@modules@UModSys@@UAE_NAAUSCMemShared@core@5@ABU?$TString@U?$TSCoreConst@D@su@tl@UModSys@@U?$TComparerBinaryHash@D@234@@tl@5@ABUSFlags@libmedia@5@@Z 00401345 f i umodsys_lib_libmedia:umodsys.mod.media.std.obj
 0001:00000393       ?bin_get@RLibraryBinCache@std@media@modules@UModSys@@UAE_NAAUSCMemShared@core@5@ABU?$TString@U?$TSCoreConst@D@su@tl@UModSys@@U?$TComparerBinaryHash@D@234@@tl@5@@Z 00401393 f i umodsys_lib_libmedia:umodsys.mod.media.std.obj
 0001:00000398       ?bin_put@RLibraryBinCache@std@media@modules@UModSys@@UAE_NABUSCMemShared@core@5@ABU?$TString@U?$TSCoreConst@D@su@tl@UModSys@@U?$TComparerBinaryHash@D@234@@tl@5@@Z 00401398 f i umodsys_lib_libmedia:umodsys.mod.media.std.obj
 0001:0000039d       ?obj_cput@RLibraryBinTree@std@media@modules@UModSys@@UAE_NPAUIRefObject@core@5@ABU?$TString@U?$TSCoreConst@D@su@tl@UModSys@@U?$TComparerBinaryHash@D@234@@tl@5@@Z 0040139d f i umodsys_lib_libmedia:umodsys.mod.media.std.obj
 0001:0000039d       ?obj_cget@RLibraryBinCache@std@media@modules@UModSys@@UAE_NAAU?$TRefObject@UIRefObject@core@UModSys@@U?$TRefObjectFunc@UIRefObject@core@UModSys@@@tl@3@@tl@5@ABU?$TString@U?$TSCoreConst@D@su@tl@UModSys@@U?$TComparerBinaryHash@D@234@@75@@Z 0040139d f i umodsys_lib_libmedia:umodsys.mod.media.std.obj
 0001:0000039d       ?obj_fsave@RLibraryBinTree@std@media@modules@UModSys@@UAE_NPAUIRefObject@core@5@AAUSInfo@IBinObjFilter@libmedia@5@@Z 0040139d f i umodsys_lib_libmedia:umodsys.mod.media.std.obj
 0001:0000039d       ?obj_fsave@RLibraryBinCache@std@media@modules@UModSys@@UAE_NPAUIRefObject@core@5@AAUSInfo@IBinObjFilter@libmedia@5@@Z 0040139d f i umodsys_lib_libmedia:umodsys.mod.media.std.obj
 0001:0000039d       ?bin_put@RLibraryBinTree@std@media@modules@UModSys@@UAE_NABUSCMemShared@core@5@ABU?$TString@U?$TSCoreConst@D@su@tl@UModSys@@U?$TComparerBinaryHash@D@234@@tl@5@@Z 0040139d f i umodsys_lib_libmedia:umodsys.mod.media.std.obj
 0001:0000039d       ?obj_cput@RLibraryBinCache@std@media@modules@UModSys@@UAE_NPAUIRefObject@core@5@ABU?$TString@U?$TSCoreConst@D@su@tl@UModSys@@U?$TComparerBinaryHash@D@234@@tl@5@@Z 0040139d f i umodsys_lib_libmedia:umodsys.mod.media.std.obj
 0001:0000039d       ?obj_cget@RLibraryBinTree@std@media@modules@UModSys@@UAE_NAAU?$TRefObject@UIRefObject@core@UModSys@@U?$TRefObjectFunc@UIRefObject@core@UModSys@@@tl@3@@tl@5@ABU?$TString@U?$TSCoreConst@D@su@tl@UModSys@@U?$TComparerBinaryHash@D@234@@75@@Z 0040139d f i umodsys_lib_libmedia:umodsys.mod.media.std.obj
 0001:0000039d       ?obj_fget@RLibraryBinCache@std@media@modules@UModSys@@UAE_NAAU?$TRefObject@UIRefObject@core@UModSys@@U?$TRefObjectFunc@UIRefObject@core@UModSys@@@tl@3@@tl@5@ABUSInfo@IBinObjFilter@libmedia@5@@Z 0040139d f i umodsys_lib_libmedia:umodsys.mod.media.std.obj
 0001:0000039d       ?obj_fload@RLibraryBinCache@std@media@modules@UModSys@@UAE_NPAUIRefObject@core@5@ABUSInfo@IBinObjFilter@libmedia@5@@Z 0040139d f i umodsys_lib_libmedia:umodsys.mod.media.std.obj
 0001:0000039d       ?obj_fget@RLibraryBinTree@std@media@modules@UModSys@@UAE_NAAU?$TRefObject@UIRefObject@core@UModSys@@U?$TRefObjectFunc@UIRefObject@core@UModSys@@@tl@3@@tl@5@ABUSInfo@IBinObjFilter@libmedia@5@@Z 0040139d f i umodsys_lib_libmedia:umodsys.mod.media.std.obj
 0001:0000039d       ?obj_fload@RLibraryBinTree@std@media@modules@UModSys@@UAE_NPAUIRefObject@core@5@ABUSInfo@IBinObjFilter@libmedia@5@@Z 0040139d f i umodsys_lib_libmedia:umodsys.mod.media.std.obj
 0001:0000039d       ?bin_get@RLibraryBinTree@std@media@modules@UModSys@@UAE_NAAUSCMemShared@core@5@ABU?$TString@U?$TSCoreConst@D@su@tl@UModSys@@U?$TComparerBinaryHash@D@234@@tl@5@@Z 0040139d f i umodsys_lib_libmedia:umodsys.mod.media.std.obj
 0001:000003a2       ?obj_save@RLibraryBinCache@std@media@modules@UModSys@@UAE_NPAUIRefObject@core@5@ABU?$TString@U?$TSCoreConst@D@su@tl@UModSys@@U?$TComparerBinaryHash@D@234@@tl@5@ABUSObjOptions@ILibrary@libmedia@5@@Z 004013a2 f i umodsys_lib_libmedia:umodsys.mod.media.std.obj
 0001:000003a2       ?bin_save@RLibraryBinCache@std@media@modules@UModSys@@UAE_NABUSCMem@core@5@ABU?$TString@U?$TSCoreConst@D@su@tl@UModSys@@U?$TComparerBinaryHash@D@234@@tl@5@ABUSFlags@libmedia@5@@Z 004013a2 f i umodsys_lib_libmedia:umodsys.mod.media.std.obj
 0001:000003a2       ?obj_load@RLibraryBinTree@std@media@modules@UModSys@@UAE_NPAUIRefObject@core@5@ABU?$TString@U?$TSCoreConst@D@su@tl@UModSys@@U?$TComparerBinaryHash@D@234@@tl@5@ABUSObjOptions@ILibrary@libmedia@5@@Z 004013a2 f i umodsys_lib_libmedia:umodsys.mod.media.std.obj
 0001:000003a2       ?obj_get@RLibraryBinCache@std@media@modules@UModSys@@UAE_NAAU?$TRefObject@UIRefObject@core@UModSys@@U?$TRefObjectFunc@UIRefObject@core@UModSys@@@tl@3@@tl@5@ABU?$TString@U?$TSCoreConst@D@su@tl@UModSys@@U?$TComparerBinaryHash@D@234@@75@ABUSObjOptions@ILibrary@libmedia@5@@Z 004013a2 f i umodsys_lib_libmedia:umodsys.mod.media.std.obj
 0001:000003a2       ?vget_c@RConsole_std@rsystem@base@UModSys@@UAE_NPAHPBDPAD@Z 004013a2 f i umodsys_lib_basesys:umodsys.basesys.rconsole_std.obj
 0001:000003a2       ?obj_load@RLibraryBinCache@std@media@modules@UModSys@@UAE_NPAUIRefObject@core@5@ABU?$TString@U?$TSCoreConst@D@su@tl@UModSys@@U?$TComparerBinaryHash@D@234@@tl@5@ABUSObjOptions@ILibrary@libmedia@5@@Z 004013a2 f i umodsys_lib_libmedia:umodsys.mod.media.std.obj
 0001:000003a2       ?obj_save@RLibraryBinTree@std@media@modules@UModSys@@UAE_NPAUIRefObject@core@5@ABU?$TString@U?$TSCoreConst@D@su@tl@UModSys@@U?$TComparerBinaryHash@D@234@@tl@5@ABUSObjOptions@ILibrary@libmedia@5@@Z 004013a2 f i umodsys_lib_libmedia:umodsys.mod.media.std.obj
 0001:000003a2       ?obj_get@RLibraryBinTree@std@media@modules@UModSys@@UAE_NAAU?$TRefObject@UIRefObject@core@UModSys@@U?$TRefObjectFunc@UIRefObject@core@UModSys@@@tl@3@@tl@5@ABU?$TString@U?$TSCoreConst@D@su@tl@UModSys@@U?$TComparerBinaryHash@D@234@@75@ABUSObjOptions@ILibrary@libmedia@5@@Z 004013a2 f i umodsys_lib_libmedia:umodsys.mod.media.std.obj
 0001:000003a7       ?bincache_get@RLibraryBinCache@std@media@modules@UModSys@@UBE_NAAUSCMemShared@core@5@ABU?$TString@U?$TSCoreConst@D@su@tl@UModSys@@U?$TComparerBinaryHash@D@234@@tl@5@@Z 004013a7 f i umodsys_lib_libmedia:umodsys.mod.media.std.obj
 0001:000003f9       ?bincache_add@RLibraryBinCache@std@media@modules@UModSys@@UAE_NABUSCMemShared@core@5@ABU?$TString@U?$TSCoreConst@D@su@tl@UModSys@@U?$TComparerBinaryHash@D@234@@tl@5@@Z 004013f9 f i umodsys_lib_libmedia:umodsys.mod.media.std.obj
 0001:000004b6       ?bincache_remove@RLibraryBinCache@std@media@modules@UModSys@@UAE_NABU?$TString@U?$TSCoreConst@D@su@tl@UModSys@@U?$TComparerBinaryHash@D@234@@tl@5@@Z 004014b6 f i umodsys_lib_libmedia:umodsys.mod.media.std.obj
 0001:000004ed       ?bincache_clear@RLibraryBinCache@std@media@modules@UModSys@@UAE_NXZ 004014ed f i umodsys_lib_libmedia:umodsys.mod.media.std.obj
 0001:0000050b       ??_ERLibraryBinCache@std@media@modules@UModSys@@UAEPAXI@Z 0040150b f i  CIL library: CIL module
 0001:0000050b       ??_GRLibraryBinCache@std@media@modules@UModSys@@UAEPAXI@Z 0040150b f i umodsys_lib_libmedia:umodsys.mod.media.std.obj
 0001:00000568       ?get_interface_info@RLibraryBinTree@std@media@modules@UModSys@@UBEABUSUniquePointerInfo@core@5@XZ 00401568 f i umodsys_lib_libmedia:umodsys.mod.media.std.obj
 0001:0000056e       ?get_interface_type@RLibraryBinTree@std@media@modules@UModSys@@UBEPBUSUniquePointerInfo@core@5@XZ 0040156e f i umodsys_lib_libmedia:umodsys.mod.media.std.obj
 0001:00000574       ?get_interface_types@RModuleLibraryThis@rsystem@base@UModSys@@UBEIAAUSUniquePtrList@core@4@@Z 00401574 f i umodsys_lib_basesys:umodsys.basesys.rmodulelibthis.obj
 0001:00000574       ?get_interface_types@RSystem@rsystem@base@UModSys@@UBEIAAUSUniquePtrList@core@4@@Z 00401574 f i umodsys_lib_basesys:umodsys.basesys.rsystem_main.obj
 0001:00000574       ?get_interface_types@RGenerator@stdio@media@modules@UModSys@@UBEIAAUSUniquePtrList@core@5@@Z 00401574 f i umodsys_lib_libmedia:umodsys.mod.media.stdio.obj
 0001:00000574       ?get_interface_types@RDataArchiver_OsDir@stdio@media@modules@UModSys@@UBEIAAUSUniquePtrList@core@5@@Z 00401574 f i umodsys_lib_libmedia:umodsys.mod.media.stdio.obj
 0001:00000574       ?get_interface_types@RConsole_std@rsystem@base@UModSys@@UBEIAAUSUniquePtrList@core@4@@Z 00401574 f i umodsys_lib_basesys:umodsys.basesys.rconsole_std.obj
 0001:00000574       ?get_interface_types@RModuleLibrarySO@rsystem@base@UModSys@@UBEIAAUSUniquePtrList@core@4@@Z 00401574 f i umodsys_lib_basesys:umodsys.basesys.rmodulelibso.obj
 0001:00000574       ?get_interface_types@RStreamWriter_FILE@stdio@media@modules@UModSys@@UBEIAAUSUniquePtrList@core@5@@Z 00401574 f i umodsys_lib_libmedia:umodsys.mod.media.stdio.obj
 0001:00000574       ?get_interface_types@RLibraryBinTree@std@media@modules@UModSys@@UBEIAAUSUniquePtrList@core@5@@Z 00401574 f i umodsys_lib_libmedia:umodsys.mod.media.std.obj
 0001:00000574       ?get_interface_types@RStreamReader_FILE@stdio@media@modules@UModSys@@UBEIAAUSUniquePtrList@core@5@@Z 00401574 f i umodsys_lib_libmedia:umodsys.mod.media.stdio.obj
 0001:00000574       ?get_interface_types@RLibraryBinCache@std@media@modules@UModSys@@UBEIAAUSUniquePtrList@core@5@@Z 00401574 f i umodsys_lib_libmedia:umodsys.mod.media.std.obj
 0001:00000574       ?get_interface_types@RGenerator@std@media@modules@UModSys@@UBEIAAUSUniquePtrList@core@5@@Z 00401574 f i umodsys_lib_libmedia:umodsys.mod.media.std.obj
 0001:00000574       ?get_interface_types@RParameters@rsystem@base@UModSys@@UBEIAAUSUniquePtrList@core@4@@Z 00401574 f i umodsys_lib_basesys:umodsys.basesys.rparameters.obj
 0001:00000574       ?get_interface_types@RModule@rsystem@base@UModSys@@UBEIAAUSUniquePtrList@core@4@@Z 00401574 f i umodsys_lib_basesys:umodsys.basesys.rmodule.obj
 0001:00000579       ?get_other_interface@RLibraryBinTree@std@media@modules@UModSys@@UBEPBUIRoot@core@5@PBUSUniquePointerInfo@75@@Z 00401579 f i umodsys_lib_libmedia:umodsys.mod.media.std.obj
 0001:00000579       ?get_other_interface@RLibraryBinTree@std@media@modules@UModSys@@UAEPAUIRoot@core@5@PBUSUniquePointerInfo@75@@Z 00401579 f i umodsys_lib_libmedia:umodsys.mod.media.std.obj
 0001:000005a2       ?ref_remove@RLibraryBinCache@std@media@modules@UModSys@@UBEXXZ 004015a2 f i umodsys_lib_libmedia:umodsys.mod.media.std.obj
 0001:000005a2       ?ref_remove@RLibraryBinTree@std@media@modules@UModSys@@UBEXXZ 004015a2 f i umodsys_lib_libmedia:umodsys.mod.media.std.obj
 0001:000005ad       ?suicide@RLibraryBinTree@std@media@modules@UModSys@@UAEXXZ 004015ad f i umodsys_lib_libmedia:umodsys.mod.media.std.obj
 0001:000005ad       ?suicide@RLibraryBinCache@std@media@modules@UModSys@@UAEXXZ 004015ad f i umodsys_lib_libmedia:umodsys.mod.media.std.obj
 0001:000005f4       ??0RLibraryBinTree@std@media@modules@UModSys@@QAE@PAUIModObject@base@4@ABUSParameters@core@4@U?$TFlags4State@USMediaFlagUid@libmedia@UModSys@@I@tl@4@@Z 004015f4 f i umodsys_lib_libmedia:umodsys.mod.media.std.obj
 0001:0000064f       ?get_parent_flag@RLibraryBinTree@std@media@modules@UModSys@@UBE?AW4eStates@?$TFlags4State@USMediaFlagUid@libmedia@UModSys@@I@tl@5@H@Z 0040164f f i umodsys_lib_libmedia:umodsys.mod.media.std.obj
 0001:0000064f       ?get_parent_flag@RLibraryBinCache@std@media@modules@UModSys@@UBE?AW4eStates@?$TFlags4State@USMediaFlagUid@libmedia@UModSys@@I@tl@5@H@Z 0040164f f i umodsys_lib_libmedia:umodsys.mod.media.std.obj
 0001:00000662       ?bin_reader@RLibraryBinTree@std@media@modules@UModSys@@UAE?AU?$TRefObject@UIStreamReader@libmedia@UModSys@@U?$TRefObjectFunc@UIStreamReader@libmedia@UModSys@@@tl@3@@tl@5@ABU?$TString@U?$TSCoreConst@D@su@tl@UModSys@@U?$TComparerBinaryHash@D@234@@75@ABUSFlags@libmedia@5@@Z 00401662 f i umodsys_lib_libmedia:umodsys.mod.media.std.obj
 0001:00000737       ?bin_writer@RLibraryBinTree@std@media@modules@UModSys@@UAE?AU?$TRefObject@UIStreamWriter@libmedia@UModSys@@U?$TRefObjectFunc@UIStreamWriter@libmedia@UModSys@@@tl@3@@tl@5@ABU?$TString@U?$TSCoreConst@D@su@tl@UModSys@@U?$TComparerBinaryHash@D@234@@75@ABUSFlags@libmedia@5@@Z 00401737 f i umodsys_lib_libmedia:umodsys.mod.media.std.obj
 0001:0000080c       ?bin_load@RLibraryBinTree@std@media@modules@UModSys@@UAE_NAAUSCMemShared@core@5@ABU?$TString@U?$TSCoreConst@D@su@tl@UModSys@@U?$TComparerBinaryHash@D@234@@tl@5@ABUSFlags@libmedia@5@@Z 0040180c f i umodsys_lib_libmedia:umodsys.mod.media.std.obj
 0001:000008b1       ?bin_save@RLibraryBinTree@std@media@modules@UModSys@@UAE_NABUSCMem@core@5@ABU?$TString@U?$TSCoreConst@D@su@tl@UModSys@@U?$TComparerBinaryHash@D@234@@tl@5@ABUSFlags@libmedia@5@@Z 004018b1 f i umodsys_lib_libmedia:umodsys.mod.media.std.obj
 0001:00000944       ?mount_get@RLibraryBinTree@std@media@modules@UModSys@@UBE?AUSMountPoint@ILibraryBinTree@libmedia@5@ABU?$TString@U?$TSCoreConst@D@su@tl@UModSys@@U?$TComparerBinaryHash@D@234@@tl@5@H@Z 00401944 f i umodsys_lib_libmedia:umodsys.mod.media.std.obj
 0001:000009b0       ?mount_add@RLibraryBinTree@std@media@modules@UModSys@@UAE_NABUSMountPoint@ILibraryBinTree@libmedia@5@ABU?$TString@U?$TSCoreConst@D@su@tl@UModSys@@U?$TComparerBinaryHash@D@234@@tl@5@H@Z 004019b0 f i umodsys_lib_libmedia:umodsys.mod.media.std.obj
 0001:00000aa5       ?mount_remove@RLibraryBinTree@std@media@modules@UModSys@@UAE_NABU?$TString@U?$TSCoreConst@D@su@tl@UModSys@@U?$TComparerBinaryHash@D@234@@tl@5@H@Z 00401aa5 f i umodsys_lib_libmedia:umodsys.mod.media.std.obj
 0001:00000afd       ?mount_clear@RLibraryBinTree@std@media@modules@UModSys@@UAE_NXZ 00401afd f i umodsys_lib_libmedia:umodsys.mod.media.std.obj
 0001:00000b1b       ??_ERLibraryBinTree@std@media@modules@UModSys@@UAEPAXI@Z 00401b1b f i  CIL library: CIL module
 0001:00000b1b       ??_GRLibraryBinTree@std@media@modules@UModSys@@UAEPAXI@Z 00401b1b f i umodsys_lib_libmedia:umodsys.mod.media.std.obj
 0001:00000b78       ??1IModule@base@UModSys@@UAE@XZ 00401b78 f i umodsys_lib_base:umodsys.base.module.obj
 0001:00000b78       ??1ILibraryBinTree@libmedia@UModSys@@UAE@XZ 00401b78 f i umodsys_lib_libmedia:umodsys.mod.media.std.obj
 0001:00000b78       ??1IStreamReader@libmedia@UModSys@@UAE@XZ 00401b78 f i umodsys_lib_libmedia:umodsys.mod.media.stdio.obj
 0001:00000b78       ??1IBinArchive@libmedia@UModSys@@UAE@XZ 00401b78 f i umodsys_lib_libmedia:umodsys.mod.media.stdio.obj
 0001:00000b78       ??1IStreamWriter@libmedia@UModSys@@UAE@XZ 00401b78 f i umodsys_lib_libmedia:umodsys.mod.media.stdio.obj
 0001:00000b78       ??1ISystem@base@UModSys@@UAE@XZ 00401b78 f i umodsys_lib_base:umodsys.base.system.obj
 0001:00000b78       ??1ILibraryBinCache@libmedia@UModSys@@UAE@XZ 00401b78 f i umodsys_lib_libmedia:umodsys.mod.media.std.obj
 0001:00000b7f       ??1SMountPoint@ILibraryBinTree@libmedia@UModSys@@QAE@XZ 00401b7f f i umodsys_lib_libmedia:umodsys.mod.media.std.obj
 0001:00000b90       ?get_generated_names@RGenerator@std@media@modules@UModSys@@UBEHAAUSUniquePtrList@core@5@@Z 00401b90 f i umodsys_lib_libmedia:umodsys.mod.media.std.obj
 0001:00000bb2       ?get_generated_types@RGenerator@std@media@modules@UModSys@@UBEHAAUSUniquePtrList@core@5@PBUSUniquePointerInfo@75@@Z 00401bb2 f i umodsys_lib_libmedia:umodsys.mod.media.std.obj
 0001:00000c14       ?generate@RGenerator@std@media@modules@UModSys@@UAE_NAAU?$TRefObject@UIRefObject@core@UModSys@@U?$TRefObjectFunc@UIRefObject@core@UModSys@@@tl@3@@tl@5@PBUSUniquePointerInfo@core@5@ABUSParameters@95@@Z 00401c14 f i umodsys_lib_libmedia:umodsys.mod.media.std.obj
 0001:00000c63       ?get_interface_info@RGenerator@std@media@modules@UModSys@@UBEABUSUniquePointerInfo@core@5@XZ 00401c63 f i umodsys_lib_libmedia:umodsys.mod.media.std.obj
 0001:00000c69       ?get_interface_type@RGenerator@std@media@modules@UModSys@@UBEPBUSUniquePointerInfo@core@5@XZ 00401c69 f i umodsys_lib_libmedia:umodsys.mod.media.std.obj
 0001:00000c6f       ?get_other_interface@RGenerator@std@media@modules@UModSys@@UBEPBUIRoot@core@5@PBUSUniquePointerInfo@75@@Z 00401c6f f i umodsys_lib_libmedia:umodsys.mod.media.std.obj
 0001:00000c6f       ?get_other_interface@RGenerator@std@media@modules@UModSys@@UAEPAUIRoot@core@5@PBUSUniquePointerInfo@75@@Z 00401c6f f i umodsys_lib_libmedia:umodsys.mod.media.std.obj
 0001:00000c98       ?get_uid@RGenerator@std@media@modules@UModSys@@UBEPBUSUniquePointerInfo@core@5@XZ 00401c98 f i umodsys_lib_libmedia:umodsys.mod.media.std.obj
 0001:00000c9e       ?do_open@RModuleReg@std@media@modules@UModSys@@UAE_NXZ 00401c9e f i umodsys_lib_libmedia:umodsys.mod.media.std.obj
 0001:00000cea       ?do_close@RModuleReg@std@media@modules@UModSys@@UAE_NXZ 00401cea f i umodsys_lib_libmedia:umodsys.mod.media.std.obj
 0001:00000d25       ?get_module@RGenerator@std@media@modules@UModSys@@UBEPAUIModule@base@5@XZ 00401d25 f   umodsys_lib_libmedia:umodsys.mod.media.std.obj
 0001:00000d2b       ?mod_inc@RGenerator@std@media@modules@UModSys@@UBE_NXZ 00401d2b f   umodsys_lib_libmedia:umodsys.mod.media.std.obj
 0001:00000d36       ?mod_dec@RGenerator@std@media@modules@UModSys@@UBE_NXZ 00401d36 f   umodsys_lib_libmedia:umodsys.mod.media.std.obj
 0001:00000d41       ?s_holder@RGenerator@std@media@modules@UModSys@@SAAAU?$TTypeStaticHolder@URGenerator@std@media@modules@UModSys@@@tl@5@XZ 00401d41 f   umodsys_lib_libmedia:umodsys.mod.media.std.obj
 0001:00000d73       ??0?$TString@U?$TSCoreShared@USIMemAlloc@core@UModSys@@D@su@tl@UModSys@@U?$TComparerBinaryHash@D@234@@tl@UModSys@@QAE@ABU?$TSCoreConst@D@su@12@@Z 00401d73 f i umodsys_lib_libmedia:umodsys.mod.media.std.obj
 0001:00000db6       ??1?$TString@U?$TSCoreShared@USIMemAlloc@core@UModSys@@D@su@tl@UModSys@@U?$TComparerBinaryHash@D@234@@tl@UModSys@@QAE@XZ 00401db6 f i umodsys_lib_libmedia:umodsys.mod.media.std.obj
 0001:00000db6       ??1?$TSCoreShared@USIMemAlloc@core@UModSys@@D@su@tl@UModSys@@QAE@XZ 00401db6 f i umodsys_lib_libmedia:umodsys.mod.media.std.obj
 0001:00000dbb       ??1?$TRefObject@URDataArchiver_OsDir@stdio@media@modules@UModSys@@U?$TRefObjectFunc@URDataArchiver_OsDir@stdio@media@modules@UModSys@@@tl@5@@tl@UModSys@@QAE@XZ 00401dbb f i umodsys_lib_libmedia:umodsys.mod.media.stdio.obj
 0001:00000dbb       ??1?$TRefObject@URLibraryBinCache@std@media@modules@UModSys@@U?$TRefObjectFunc@URLibraryBinCache@std@media@modules@UModSys@@@tl@5@@tl@UModSys@@QAE@XZ 00401dbb f i umodsys_lib_libmedia:umodsys.mod.media.std.obj
 0001:00000dbb       ??1?$TRefObject@URParameters@rsystem@base@UModSys@@U?$TRefObjectFunc@URParameters@rsystem@base@UModSys@@@tl@4@@tl@UModSys@@QAE@XZ 00401dbb f i umodsys_lib_basesys:umodsys.basesys.rsystem_main.obj
 0001:00000dbb       ??1?$TRefObject@UIShell@base@UModSys@@U?$TRefObjectFunc@UIShell@base@UModSys@@@tl@3@@tl@UModSys@@QAE@XZ 00401dbb f i umodsys_lib_basesys:umodsys.basesys.rsystem_tests.obj
 0001:00000dbb       ??1?$TRefObject@UIRefObject@core@UModSys@@U?$TRefObjectFunc@UIRefObject@core@UModSys@@@tl@3@@tl@UModSys@@QAE@XZ 00401dbb f i umodsys_lib_basesys:umodsys.basesys.rsystem_tests.obj
 0001:00000dbb       ??1?$TRefObject@UIStreamReader@libmedia@UModSys@@U?$TRefObjectFunc@UIStreamReader@libmedia@UModSys@@@tl@3@@tl@UModSys@@QAE@XZ 00401dbb f i umodsys_lib_libmedia:umodsys.mod.media.std.obj
 0001:00000dbb       ??1?$TRefObject@URModuleLibrarySO@rsystem@base@UModSys@@U?$TRefObjectFunc@URModuleLibrarySO@rsystem@base@UModSys@@@tl@4@@tl@UModSys@@QAE@XZ 00401dbb f i umodsys_lib_basesys:umodsys.basesys.rmoduleloader.obj
 0001:00000dbb       ??1?$TRefObject@URStreamWriter_FILE@stdio@media@modules@UModSys@@U?$TRefObjectFunc@URStreamWriter_FILE@stdio@media@modules@UModSys@@@tl@5@@tl@UModSys@@QAE@XZ 00401dbb f i umodsys_lib_libmedia:umodsys.mod.media.stdio.obj
 0001:00000dbb       ??1?$TRefObject@URLibraryBinTree@std@media@modules@UModSys@@U?$TRefObjectFunc@URLibraryBinTree@std@media@modules@UModSys@@@tl@5@@tl@UModSys@@QAE@XZ 00401dbb f i umodsys_lib_libmedia:umodsys.mod.media.std.obj
 0001:00000dbb       ??1?$TRefObject@URStreamReader_FILE@stdio@media@modules@UModSys@@U?$TRefObjectFunc@URStreamReader_FILE@stdio@media@modules@UModSys@@@tl@5@@tl@UModSys@@QAE@XZ 00401dbb f i umodsys_lib_libmedia:umodsys.mod.media.stdio.obj
 0001:00000dbb       ??1?$TRefObject@UIStreamWriter@libmedia@UModSys@@U?$TRefObjectFunc@UIStreamWriter@libmedia@UModSys@@@tl@3@@tl@UModSys@@QAE@XZ 00401dbb f i umodsys_lib_libmedia:umodsys.mod.media.std.obj
 0001:00000dbb       ??1?$TRefObject@UIModuleLibraryUni@rsystem@base@UModSys@@U?$TRefObjectFunc@UIModuleLibraryUni@rsystem@base@UModSys@@@tl@4@@tl@UModSys@@QAE@XZ 00401dbb f i umodsys_lib_basesys:umodsys.basesys.rmodule.obj
 0001:00000dca       ??R?$TScatterArray@USCacheElem@RLibraryBinCache@std@media@modules@UModSys@@U?$TString@U?$TSCoreConst@D@su@tl@UModSys@@U?$TComparerBinaryHash@D@234@@tl@6@U?$TObjectCompare@U?$TScatterArrayNode@USCacheElem@RLibraryBinCache@std@media@modules@UModSys@@U?$TString@U?$TSCoreConst@D@su@tl@UModSys@@U?$TComparerBinaryHash@D@234@@tl@6@@tl@UModSys@@@core@6@U?$TNodeDeleter0@U?$TScatterArrayNode@USCacheElem@RLibraryBinCache@std@media@modules@UModSys@@U?$TString@U?$TSCoreConst@D@su@tl@UModSys@@U?$TComparerBinaryHash@D@234@@tl@6@@tl@UModSys@@@86@@tl@UModSys@@QAEPAUSCacheElem@RLibraryBinCache@std@media@modules@2@ABU?$TString@U?$TSCoreConst@D@su@tl@UModSys@@U?$TComparerBinaryHash@D@234@@12@PAUVoid@core@2@@Z 00401dca f i umodsys_lib_libmedia:umodsys.mod.media.std.obj
 0001:00000e40       ??R?$TScatterArray@USMountInfo@RLibraryBinTree@std@media@modules@UModSys@@USMountIndex@23456@U723456@U?$TNodeDeleter0@U?$TScatterArrayNode@USMountInfo@RLibraryBinTree@std@media@modules@UModSys@@USMountIndex@23456@@tl@UModSys@@@tl@6@@tl@UModSys@@QAEPAUSMountInfo@RLibraryBinTree@std@media@modules@2@ABUSMountIndex@45672@PAUVoid@core@2@@Z 00401e40 f i umodsys_lib_libmedia:umodsys.mod.media.std.obj
 0001:00000eac       ??E?$TTreeIterRB@$$CBU?$TScatterArrayNode@USMountInfo@RLibraryBinTree@std@media@modules@UModSys@@USMountIndex@23456@@tl@UModSys@@$$CBUSMountInfo@RLibraryBinTree@std@media@modules@3@U123@@tl@UModSys@@QAEABU012@H@Z 00401eac f i umodsys_lib_libmedia:umodsys.mod.media.std.obj
 0001:00000ed4       ?set@?$TSCoreShared@USIMemAlloc@core@UModSys@@D@su@tl@UModSys@@QAEXPBD@Z 00401ed4 f i umodsys_lib_libmedia:umodsys.mod.media.std.obj
 0001:00000f41       ?remove_node@?$TTreeHoldRB@U?$TScatterArrayNode@USMountInfo@RLibraryBinTree@std@media@modules@UModSys@@USMountIndex@23456@@tl@UModSys@@@tl@UModSys@@QAEXPAU?$TScatterArrayNode@USMountInfo@RLibraryBinTree@std@media@modules@UModSys@@USMountIndex@23456@@23@@Z 00401f41 f i umodsys_lib_libmedia:umodsys.mod.media.std.obj
 0001:00000f41       ?remove_node@?$TTreeHoldRB@U?$TScatterArrayNode@USCacheElem@RLibraryBinCache@std@media@modules@UModSys@@U?$TString@U?$TSCoreConst@D@su@tl@UModSys@@U?$TComparerBinaryHash@D@234@@tl@6@@tl@UModSys@@@tl@UModSys@@QAEXPAU?$TScatterArrayNode@USCacheElem@RLibraryBinCache@std@media@modules@UModSys@@U?$TString@U?$TSCoreConst@D@su@tl@UModSys@@U?$TComparerBinaryHash@D@234@@tl@6@@23@@Z 00401f41 f i umodsys_lib_libmedia:umodsys.mod.media.std.obj
 0001:0000101e       ??1?$TScatterArrayNode@USCacheElem@RLibraryBinCache@std@media@modules@UModSys@@U?$TString@U?$TSCoreConst@D@su@tl@UModSys@@U?$TComparerBinaryHash@D@234@@tl@6@@tl@UModSys@@QAE@XZ 0040201e f i umodsys_lib_libmedia:umodsys.mod.media.std.obj
 0001:00001028       ??1SCacheElem@RLibraryBinCache@std@media@modules@UModSys@@QAE@XZ 00402028 f i umodsys_lib_libmedia:umodsys.mod.media.std.obj
 0001:0000105e       ??1SMountInfo@RLibraryBinTree@std@media@modules@UModSys@@QAE@XZ 0040205e f i umodsys_lib_libmedia:umodsys.mod.media.std.obj
 0001:0000109d       ?info_release@?$TSCoreShared@USIMemAlloc@core@UModSys@@D@su@tl@UModSys@@QAEXXZ 0040209d f i umodsys_lib_libmedia:umodsys.mod.media.std.obj
 0001:000010cd       ?remove_color@?$TTreeHoldRB@U?$TScatterArrayNode@USMountInfo@RLibraryBinTree@std@media@modules@UModSys@@USMountIndex@23456@@tl@UModSys@@@tl@UModSys@@IAEXPAU?$TScatterArrayNode@USMountInfo@RLibraryBinTree@std@media@modules@UModSys@@USMountIndex@23456@@23@0@Z 004020cd f i umodsys_lib_libmedia:umodsys.mod.media.std.obj
 0001:000010cd       ?remove_color@?$TTreeHoldRB@U?$TScatterArrayNode@USCacheElem@RLibraryBinCache@std@media@modules@UModSys@@U?$TString@U?$TSCoreConst@D@su@tl@UModSys@@U?$TComparerBinaryHash@D@234@@tl@6@@tl@UModSys@@@tl@UModSys@@IAEXPAU?$TScatterArrayNode@USCacheElem@RLibraryBinCache@std@media@modules@UModSys@@U?$TString@U?$TSCoreConst@D@su@tl@UModSys@@U?$TComparerBinaryHash@D@234@@tl@6@@23@0@Z 004020cd f i umodsys_lib_libmedia:umodsys.mod.media.std.obj
 0001:000011cf       ??$scalar_compare@U?$TString@U?$TSCoreConst@D@su@tl@UModSys@@U?$TComparerBinaryHash@D@234@@tl@UModSys@@@core@UModSys@@YAHU?$TString@U?$TSCoreConst@D@su@tl@UModSys@@U?$TComparerBinaryHash@D@234@@tl@1@0@Z 004021cf f i umodsys_lib_libmedia:umodsys.mod.media.std.obj
 0001:00001239       ??$t_gen_param@URLibraryBinCache@std@media@modules@UModSys@@URGenerator@2345@@IGenerator@base@UModSys@@IAE_NPAURGenerator@std@media@modules@2@AAU?$TRefObject@UIRefObject@core@UModSys@@U?$TRefObjectFunc@UIRefObject@core@UModSys@@@tl@3@@tl@2@PBUSUniquePointerInfo@core@2@ABUSParameters@core@2@@Z 00402239 f i umodsys_lib_libmedia:umodsys.mod.media.std.obj
 0001:000012b6       ??$t_gen_param@URLibraryBinTree@std@media@modules@UModSys@@URGenerator@2345@@IGenerator@base@UModSys@@IAE_NPAURGenerator@std@media@modules@2@AAU?$TRefObject@UIRefObject@core@UModSys@@U?$TRefObjectFunc@UIRefObject@core@UModSys@@@tl@3@@tl@2@PBUSUniquePointerInfo@core@2@ABUSParameters@core@2@@Z 004022b6 f i umodsys_lib_libmedia:umodsys.mod.media.std.obj
 0001:00001333       ??$find_node_u@UCmp@?$TScatterArray@USCacheElem@RLibraryBinCache@std@media@modules@UModSys@@U?$TString@U?$TSCoreConst@D@su@tl@UModSys@@U?$TComparerBinaryHash@D@234@@tl@6@U?$TObjectCompare@U?$TScatterArrayNode@USCacheElem@RLibraryBinCache@std@media@modules@UModSys@@U?$TString@U?$TSCoreConst@D@su@tl@UModSys@@U?$TComparerBinaryHash@D@234@@tl@6@@tl@UModSys@@@core@6@U?$TNodeDeleter0@U?$TScatterArrayNode@USCacheElem@RLibraryBinCache@std@media@modules@UModSys@@U?$TString@U?$TSCoreConst@D@su@tl@UModSys@@U?$TComparerBinaryHash@D@234@@tl@6@@tl@UModSys@@@86@@tl@UModSys@@@?$TTreeHoldRB@U?$TScatterArrayNode@USCacheElem@RLibraryBinCache@std@media@modules@UModSys@@U?$TString@U?$TSCoreConst@D@su@tl@UModSys@@U?$TComparerBinaryHash@D@234@@tl@6@@tl@UModSys@@@tl@UModSys@@QBEPAU?$TScatterArrayNode@USCacheElem@RLibraryBinCache@std@media@modules@UModSys@@U?$TString@U?$TSCoreConst@D@su@tl@UModSys@@U?$TComparerBinaryHash@D@234@@tl@6@@12@UCmp@?$TScatterArray@USCacheElem@RLibraryBinCache@std@media@modules@UModSys@@U?$TString@U?$TSCoreConst@D@su@tl@UModSys@@U?$TComparerBinaryHash@D@234@@tl@6@U?$TObjectCompare@U?$TScatterArrayNode@USCacheElem@RLibraryBinCache@std@media@modules@UModSys@@U?$TString@U?$TSCoreConst@D@su@tl@UModSys@@U?$TComparerBinaryHash@D@234@@tl@6@@tl@UModSys@@@core@6@U?$TNodeDeleter0@U?$TScatterArrayNode@USCacheElem@RLibraryBinCache@std@media@modules@UModSys@@U?$TString@U?$TSCoreConst@D@su@tl@UModSys@@U?$TComparerBinaryHash@D@234@@tl@6@@tl@UModSys@@@86@@12@@Z 00402333 f i umodsys_lib_libmedia:umodsys.mod.media.std.obj
 0001:00001360       ??$find_node_u@UCmp@?$TScatterArray@USMountInfo@RLibraryBinTree@std@media@modules@UModSys@@USMountIndex@23456@U723456@U?$TNodeDeleter0@U?$TScatterArrayNode@USMountInfo@RLibraryBinTree@std@media@modules@UModSys@@USMountIndex@23456@@tl@UModSys@@@tl@6@@tl@UModSys@@@?$TTreeHoldRB@U?$TScatterArrayNode@USMountInfo@RLibraryBinTree@std@media@modules@UModSys@@USMountIndex@23456@@tl@UModSys@@@tl@UModSys@@QBEPAU?$TScatterArrayNode@USMountInfo@RLibraryBinTree@std@media@modules@UModSys@@USMountIndex@23456@@12@UCmp@?$TScatterArray@USMountInfo@RLibraryBinTree@std@media@modules@UModSys@@USMountIndex@23456@U723456@U?$TNodeDeleter0@U?$TScatterArrayNode@USMountInfo@RLibraryBinTree@std@media@modules@UModSys@@USMountIndex@23456@@tl@UModSys@@@tl@6@@12@@Z 00402360 f i umodsys_lib_libmedia:umodsys.mod.media.std.obj
 0001:0000138a       ?sub_insert_node@?$TTreeHoldRB@U?$TScatterArrayNode@USMountInfo@RLibraryBinTree@std@media@modules@UModSys@@USMountIndex@23456@@tl@UModSys@@@tl@UModSys@@QAEXPAU?$TScatterArrayNode@USMountInfo@RLibraryBinTree@std@media@modules@UModSys@@USMountIndex@23456@@23@0H@Z 0040238a f i umodsys_lib_libmedia:umodsys.mod.media.std.obj
 0001:0000138a       ?sub_insert_node@?$TTreeHoldRB@U?$TScatterArrayNode@USCacheElem@RLibraryBinCache@std@media@modules@UModSys@@U?$TString@U?$TSCoreConst@D@su@tl@UModSys@@U?$TComparerBinaryHash@D@234@@tl@6@@tl@UModSys@@@tl@UModSys@@QAEXPAU?$TScatterArrayNode@USCacheElem@RLibraryBinCache@std@media@modules@UModSys@@U?$TString@U?$TSCoreConst@D@su@tl@UModSys@@U?$TComparerBinaryHash@D@234@@tl@6@@23@0H@Z 0040238a f i umodsys_lib_libmedia:umodsys.mod.media.std.obj
 0001:000013d8       ??RCmp@?$TScatterArray@USCacheElem@RLibraryBinCache@std@media@modules@UModSys@@U?$TString@U?$TSCoreConst@D@su@tl@UModSys@@U?$TComparerBinaryHash@D@234@@tl@6@U?$TObjectCompare@U?$TScatterArrayNode@USCacheElem@RLibraryBinCache@std@media@modules@UModSys@@U?$TString@U?$TSCoreConst@D@su@tl@UModSys@@U?$TComparerBinaryHash@D@234@@tl@6@@tl@UModSys@@@core@6@U?$TNodeDeleter0@U?$TScatterArrayNode@USCacheElem@RLibraryBinCache@std@media@modules@UModSys@@U?$TString@U?$TSCoreConst@D@su@tl@UModSys@@U?$TComparerBinaryHash@D@234@@tl@6@@tl@UModSys@@@86@@tl@UModSys@@QBEHPBU?$TScatterArrayNode@USCacheElem@RLibraryBinCache@std@media@modules@UModSys@@U?$TString@U?$TSCoreConst@D@su@tl@UModSys@@U?$TComparerBinaryHash@D@234@@tl@6@@23@@Z 004023d8 f i umodsys_lib_libmedia:umodsys.mod.media.std.obj
 0001:0000145f       ??RCmp@?$TScatterArray@USMountInfo@RLibraryBinTree@std@media@modules@UModSys@@USMountIndex@23456@U723456@U?$TNodeDeleter0@U?$TScatterArrayNode@USMountInfo@RLibraryBinTree@std@media@modules@UModSys@@USMountIndex@23456@@tl@UModSys@@@tl@6@@tl@UModSys@@QBEHPBU?$TScatterArrayNode@USMountInfo@RLibraryBinTree@std@media@modules@UModSys@@USMountIndex@23456@@23@@Z 0040245f f i umodsys_lib_libmedia:umodsys.mod.media.std.obj
 0001:000014b7       ??RGen0@?$TScatterArray@USMountInfo@RLibraryBinTree@std@media@modules@UModSys@@USMountIndex@23456@U723456@U?$TNodeDeleter0@U?$TScatterArrayNode@USMountInfo@RLibraryBinTree@std@media@modules@UModSys@@USMountIndex@23456@@tl@UModSys@@@tl@6@@tl@UModSys@@QBEPAU?$TScatterArrayNode@USMountInfo@RLibraryBinTree@std@media@modules@UModSys@@USMountIndex@23456@@23@ABUCmp@123@ABU?$TTreeHoldRBD@U?$TScatterArrayNode@USMountInfo@RLibraryBinTree@std@media@modules@UModSys@@USMountIndex@23456@@tl@UModSys@@U?$TNodeDeleter0@U?$TScatterArrayNode@USMountInfo@RLibraryBinTree@std@media@modules@UModSys@@USMountIndex@23456@@tl@UModSys@@@23@@23@@Z 004024b7 f i umodsys_lib_libmedia:umodsys.mod.media.std.obj
 0001:00001528       ??1?$TRefObject@UIModObject@base@UModSys@@U?$TModObjectFunc@UIModObject@base@UModSys@@@tl@3@@tl@UModSys@@QAE@XZ 00402528 f i umodsys_lib_libmedia:umodsys.mod.media.std.obj
 0001:0000153e       ??0?$TScatterArrayNode@USCacheElem@RLibraryBinCache@std@media@modules@UModSys@@U?$TString@U?$TSCoreConst@D@su@tl@UModSys@@U?$TComparerBinaryHash@D@234@@tl@6@@tl@UModSys@@QAE@ABU?$TString@U?$TSCoreConst@D@su@tl@UModSys@@U?$TComparerBinaryHash@D@234@@12@@Z 0040253e f i umodsys_lib_libmedia:umodsys.mod.media.std.obj
 0001:00001575       ?s_init@?$TModObjectFunc@UIModObject@base@UModSys@@@tl@UModSys@@SAXAAPAUIModObject@base@3@PAU453@@Z 00402575 f i umodsys_lib_libmedia:umodsys.mod.media.std.obj
 0001:0000158e       ??$process_nodes_r@U?$TNodeDeleter0@U?$TScatterArrayNode@USCacheElem@RLibraryBinCache@std@media@modules@UModSys@@U?$TString@U?$TSCoreConst@D@su@tl@UModSys@@U?$TComparerBinaryHash@D@234@@tl@6@@tl@UModSys@@@tl@UModSys@@@?$TTreeHoldRB@U?$TScatterArrayNode@USCacheElem@RLibraryBinCache@std@media@modules@UModSys@@U?$TString@U?$TSCoreConst@D@su@tl@UModSys@@U?$TComparerBinaryHash@D@234@@tl@6@@tl@UModSys@@@tl@UModSys@@KAHPAU?$TScatterArrayNode@USCacheElem@RLibraryBinCache@std@media@modules@UModSys@@U?$TString@U?$TSCoreConst@D@su@tl@UModSys@@U?$TComparerBinaryHash@D@234@@tl@6@@12@ABU?$TNodeDeleter0@U?$TScatterArrayNode@USCacheElem@RLibraryBinCache@std@media@modules@UModSys@@U?$TString@U?$TSCoreConst@D@su@tl@UModSys@@U?$TComparerBinaryHash@D@234@@tl@6@@tl@UModSys@@@12@@Z 0040258e f i umodsys_lib_libmedia:umodsys.mod.media.std.obj
 0001:000015d8       ??$process_nodes_r@U?$TNodeDeleter0@U?$TScatterArrayNode@USMountInfo@RLibraryBinTree@std@media@modules@UModSys@@USMountIndex@23456@@tl@UModSys@@@tl@UModSys@@@?$TTreeHoldRB@U?$TScatterArrayNode@USMountInfo@RLibraryBinTree@std@media@modules@UModSys@@USMountIndex@23456@@tl@UModSys@@@tl@UModSys@@KAHPAU?$TScatterArrayNode@USMountInfo@RLibraryBinTree@std@media@modules@UModSys@@USMountIndex@23456@@12@ABU?$TNodeDeleter0@U?$TScatterArrayNode@USMountInfo@RLibraryBinTree@std@media@modules@UModSys@@USMountIndex@23456@@tl@UModSys@@@12@@Z 004025d8 f i umodsys_lib_libmedia:umodsys.mod.media.std.obj
 0001:00001622       ??4?$TRefObject@UIRefObject@core@UModSys@@U?$TRefObjectFunc@UIRefObject@core@UModSys@@@tl@3@@tl@UModSys@@QAEABU012@PAUIRefObject@core@2@@Z 00402622 f i umodsys_lib_libmedia:umodsys.mod.media.std.obj
 0001:0000163d       ??1SMemShared@core@UModSys@@QAE@XZ 0040263d f i umodsys_lib_libmedia:umodsys.mod.media.stdio.obj
 0001:00001649       ?archive_load_data@libmedia@UModSys@@YA_NAAUIBinArchive@12@ABU?$TString@U?$TSCoreConst@D@su@tl@UModSys@@U?$TComparerBinaryHash@D@234@@tl@2@AAUSCMemShared@core@2@ABUSFlags@12@@Z 00402649 f i umodsys_lib_libmedia:umodsys.mod.media.stdio.obj
 0001:00001777       ?file_get_size@stdio@media@modules@UModSys@@YA_JPAU_iobuf@@@Z 00402777 f i umodsys_lib_libmedia:umodsys.mod.media.stdio.obj
 0001:000017c2       ?get_interface_info@RStreamReader_FILE@stdio@media@modules@UModSys@@UBEABUSUniquePointerInfo@core@5@XZ 004027c2 f i umodsys_lib_libmedia:umodsys.mod.media.stdio.obj
 0001:000017c8       ?get_interface_type@RStreamReader_FILE@stdio@media@modules@UModSys@@UBEPBUSUniquePointerInfo@core@5@XZ 004027c8 f i umodsys_lib_libmedia:umodsys.mod.media.stdio.obj
 0001:000017ce       ?get_other_interface@RStreamReader_FILE@stdio@media@modules@UModSys@@UBEPBUIRoot@core@5@PBUSUniquePointerInfo@75@@Z 004027ce f i umodsys_lib_libmedia:umodsys.mod.media.stdio.obj
 0001:000017ce       ?get_other_interface@RStreamReader_FILE@stdio@media@modules@UModSys@@UAEPAUIRoot@core@5@PBUSUniquePointerInfo@75@@Z 004027ce f i umodsys_lib_libmedia:umodsys.mod.media.stdio.obj
 0001:000017ef       ??0RStreamReader_FILE@stdio@media@modules@UModSys@@QAE@PAUIModObject@base@4@ABUSParameters@core@4@@Z 004027ef f i umodsys_lib_libmedia:umodsys.mod.media.stdio.obj
 0001:00001868       ??0RStreamReader_FILE@stdio@media@modules@UModSys@@QAE@PAUIModObject@base@4@PBD@Z 00402868 f i umodsys_lib_libmedia:umodsys.mod.media.stdio.obj
 0001:000018bd       ?open@RStreamReader_FILE@stdio@media@modules@UModSys@@QAEXPBD@Z 004028bd f i umodsys_lib_libmedia:umodsys.mod.media.stdio.obj
 0001:000018e1       ?reader_seek@RStreamReader_FILE@stdio@media@modules@UModSys@@UAE_N_J@Z 004028e1 f i umodsys_lib_libmedia:umodsys.mod.media.stdio.obj
 0001:00001904       ?reader_seekend@RStreamReader_FILE@stdio@media@modules@UModSys@@UAE_N_J@Z 00402904 f i umodsys_lib_libmedia:umodsys.mod.media.stdio.obj
 0001:0000192a       ?reader_seekdelta@RStreamReader_FILE@stdio@media@modules@UModSys@@UAE_N_J@Z 0040292a f i umodsys_lib_libmedia:umodsys.mod.media.stdio.obj
 0001:0000194d       ?reader_pos@RStreamReader_FILE@stdio@media@modules@UModSys@@UAE_JXZ 0040294d f i umodsys_lib_libmedia:umodsys.mod.media.stdio.obj
 0001:00001962       ?reader_size@RStreamReader_FILE@stdio@media@modules@UModSys@@UAE_JXZ 00402962 f i umodsys_lib_libmedia:umodsys.mod.media.stdio.obj
 0001:00001969       ?reader_read@RStreamReader_FILE@stdio@media@modules@UModSys@@UAE_NPAXI@Z 00402969 f i umodsys_lib_libmedia:umodsys.mod.media.stdio.obj
 0001:000019c6       ?reader_close@RStreamReader_FILE@stdio@media@modules@UModSys@@UAEXXZ 004029c6 f i umodsys_lib_libmedia:umodsys.mod.media.stdio.obj
 0001:000019de       ??_GRStreamReader_FILE@stdio@media@modules@UModSys@@UAEPAXI@Z 004029de f i umodsys_lib_libmedia:umodsys.mod.media.stdio.obj
 0001:000019de       ??_ERStreamReader_FILE@stdio@media@modules@UModSys@@UAEPAXI@Z 004029de f i  CIL library: CIL module
 0001:00001a06       ?get_interface_info@RStreamWriter_FILE@stdio@media@modules@UModSys@@UBEABUSUniquePointerInfo@core@5@XZ 00402a06 f i umodsys_lib_libmedia:umodsys.mod.media.stdio.obj
 0001:00001a0c       ?get_interface_type@RStreamWriter_FILE@stdio@media@modules@UModSys@@UBEPBUSUniquePointerInfo@core@5@XZ 00402a0c f i umodsys_lib_libmedia:umodsys.mod.media.stdio.obj
 0001:00001a12       ?get_other_interface@RStreamWriter_FILE@stdio@media@modules@UModSys@@UAEPAUIRoot@core@5@PBUSUniquePointerInfo@75@@Z 00402a12 f i umodsys_lib_libmedia:umodsys.mod.media.stdio.obj
 0001:00001a12       ?get_other_interface@RStreamWriter_FILE@stdio@media@modules@UModSys@@UBEPBUIRoot@core@5@PBUSUniquePointerInfo@75@@Z 00402a12 f i umodsys_lib_libmedia:umodsys.mod.media.stdio.obj
 0001:00001a33       ?ref_weak@RStreamReader_FILE@stdio@media@modules@UModSys@@UBE_NAAUWeakPointer@IRefObject@core@5@@Z 00402a33 f i umodsys_lib_libmedia:umodsys.mod.media.stdio.obj
 0001:00001a33       ?ref_weak@RGenerator@std@media@modules@UModSys@@UBE_NAAUWeakPointer@IRefObject@core@5@@Z 00402a33 f i umodsys_lib_libmedia:umodsys.mod.media.std.obj
 0001:00001a33       ?ref_weak@RGenerator@stdio@media@modules@UModSys@@UBE_NAAUWeakPointer@IRefObject@core@5@@Z 00402a33 f i umodsys_lib_libmedia:umodsys.mod.media.stdio.obj
 0001:00001a33       ?ref_weak@RDataArchiver_OsDir@stdio@media@modules@UModSys@@UBE_NAAUWeakPointer@IRefObject@core@5@@Z 00402a33 f i umodsys_lib_libmedia:umodsys.mod.media.stdio.obj
 0001:00001a33       ?ref_weak@RStreamWriter_FILE@stdio@media@modules@UModSys@@UBE_NAAUWeakPointer@IRefObject@core@5@@Z 00402a33 f i umodsys_lib_libmedia:umodsys.mod.media.stdio.obj
 0001:00001a52       ?suicide@RStreamReader_FILE@stdio@media@modules@UModSys@@UAEXXZ 00402a52 f i umodsys_lib_libmedia:umodsys.mod.media.stdio.obj
 0001:00001a52       ?suicide@RStreamWriter_FILE@stdio@media@modules@UModSys@@UAEXXZ 00402a52 f i umodsys_lib_libmedia:umodsys.mod.media.stdio.obj
 0001:00001a52       ?suicide@RDataArchiver_OsDir@stdio@media@modules@UModSys@@UAEXXZ 00402a52 f i umodsys_lib_libmedia:umodsys.mod.media.stdio.obj
 0001:00001a99       ??0RStreamWriter_FILE@stdio@media@modules@UModSys@@QAE@PAUIModObject@base@4@ABUSParameters@core@4@@Z 00402a99 f i umodsys_lib_libmedia:umodsys.mod.media.stdio.obj
 0001:00001b43       ??0RStreamWriter_FILE@stdio@media@modules@UModSys@@QAE@PAUIModObject@base@4@PBD_N@Z 00402b43 f i umodsys_lib_libmedia:umodsys.mod.media.stdio.obj
 0001:00001ba2       ?open@RStreamWriter_FILE@stdio@media@modules@UModSys@@QAEXPBD_N@Z 00402ba2 f i umodsys_lib_libmedia:umodsys.mod.media.stdio.obj
 0001:00001be8       ?writer_seek@RStreamWriter_FILE@stdio@media@modules@UModSys@@UAE_N_J@Z 00402be8 f i umodsys_lib_libmedia:umodsys.mod.media.stdio.obj
 0001:00001c0b       ?writer_seekend@RStreamWriter_FILE@stdio@media@modules@UModSys@@UAE_N_J@Z 00402c0b f i umodsys_lib_libmedia:umodsys.mod.media.stdio.obj
 0001:00001c31       ?writer_seekdelta@RStreamWriter_FILE@stdio@media@modules@UModSys@@UAE_N_J@Z 00402c31 f i umodsys_lib_libmedia:umodsys.mod.media.stdio.obj
 0001:00001c54       ?writer_setsize@RStreamWriter_FILE@stdio@media@modules@UModSys@@UAE_N_J@Z 00402c54 f i umodsys_lib_libmedia:umodsys.mod.media.stdio.obj
 0001:00001c9a       ?writer_pos@RStreamWriter_FILE@stdio@media@modules@UModSys@@UAE_JXZ 00402c9a f i umodsys_lib_libmedia:umodsys.mod.media.stdio.obj
 0001:00001caf       ?writer_size@RStreamWriter_FILE@stdio@media@modules@UModSys@@UAE_JXZ 00402caf f i umodsys_lib_libmedia:umodsys.mod.media.stdio.obj
 0001:00001cd4       ?writer_write@RStreamWriter_FILE@stdio@media@modules@UModSys@@UAE_NPBXI@Z 00402cd4 f i umodsys_lib_libmedia:umodsys.mod.media.stdio.obj
 0001:00001d31       ?writer_copy@RStreamWriter_FILE@stdio@media@modules@UModSys@@UAE_NPAUIStreamReader@libmedia@5@_J@Z 00402d31 f i umodsys_lib_libmedia:umodsys.mod.media.stdio.obj
 0001:00001db5       ?writer_copy@RStreamWriter_FILE@stdio@media@modules@UModSys@@UAE_NPAUIStreamReader@libmedia@5@_J1@Z 00402db5 f i umodsys_lib_libmedia:umodsys.mod.media.stdio.obj
 0001:00001dec       ?writer_close@RStreamWriter_FILE@stdio@media@modules@UModSys@@UAEXXZ 00402dec f i umodsys_lib_libmedia:umodsys.mod.media.stdio.obj
 0001:00001e19       ?writer_abort@RStreamWriter_FILE@stdio@media@modules@UModSys@@UAEXXZ 00402e19 f i umodsys_lib_libmedia:umodsys.mod.media.stdio.obj
 0001:00001e46       ??_GRStreamWriter_FILE@stdio@media@modules@UModSys@@UAEPAXI@Z 00402e46 f i umodsys_lib_libmedia:umodsys.mod.media.stdio.obj
 0001:00001e46       ??_ERStreamWriter_FILE@stdio@media@modules@UModSys@@UAEPAXI@Z 00402e46 f i  CIL library: CIL module
 0001:00001e8a       ?get_interface_info@RDataArchiver_OsDir@stdio@media@modules@UModSys@@UBEABUSUniquePointerInfo@core@5@XZ 00402e8a f i umodsys_lib_libmedia:umodsys.mod.media.stdio.obj
 0001:00001e90       ?get_interface_type@RDataArchiver_OsDir@stdio@media@modules@UModSys@@UBEPBUSUniquePointerInfo@core@5@XZ 00402e90 f i umodsys_lib_libmedia:umodsys.mod.media.stdio.obj
 0001:00001e96       ?get_other_interface@RDataArchiver_OsDir@stdio@media@modules@UModSys@@UAEPAUIRoot@core@5@PBUSUniquePointerInfo@75@@Z 00402e96 f i umodsys_lib_libmedia:umodsys.mod.media.stdio.obj
 0001:00001e96       ?get_other_interface@RDataArchiver_OsDir@stdio@media@modules@UModSys@@UBEPBUIRoot@core@5@PBUSUniquePointerInfo@75@@Z 00402e96 f i umodsys_lib_libmedia:umodsys.mod.media.stdio.obj
 0001:00001eb7       ?ref_add@RStreamWriter_FILE@stdio@media@modules@UModSys@@UBEXXZ 00402eb7 f i umodsys_lib_libmedia:umodsys.mod.media.stdio.obj
 0001:00001eb7       ?ref_add@RDataArchiver_OsDir@stdio@media@modules@UModSys@@UBEXXZ 00402eb7 f i umodsys_lib_libmedia:umodsys.mod.media.stdio.obj
 0001:00001eb7       ?ref_add@RStreamReader_FILE@stdio@media@modules@UModSys@@UBEXXZ 00402eb7 f i umodsys_lib_libmedia:umodsys.mod.media.stdio.obj
 0001:00001eb7       ?ref_add@RGenerator@stdio@media@modules@UModSys@@UBEXXZ 00402eb7 f i umodsys_lib_libmedia:umodsys.mod.media.stdio.obj
 0001:00001eb7       ?ref_add@RGenerator@std@media@modules@UModSys@@UBEXXZ 00402eb7 f i umodsys_lib_libmedia:umodsys.mod.media.std.obj
 0001:00001ebb       ??0RDataArchiver_OsDir@stdio@media@modules@UModSys@@QAE@PAUIModObject@base@4@ABUSParameters@core@4@U?$TFlags4State@USMediaFlagUid@libmedia@UModSys@@I@tl@4@@Z 00402ebb f i umodsys_lib_libmedia:umodsys.mod.media.stdio.obj
 0001:00001f25       ?open@RDataArchiver_OsDir@stdio@media@modules@UModSys@@QAEXABUSParameters@core@5@@Z 00402f25 f i umodsys_lib_libmedia:umodsys.mod.media.stdio.obj
 0001:0000200b       ?data_load@RDataArchiver_OsDir@stdio@media@modules@UModSys@@UAE_NABU?$TString@U?$TSCoreConst@D@su@tl@UModSys@@U?$TComparerBinaryHash@D@234@@tl@5@AAUSCMemShared@core@5@ABUSFlags@libmedia@5@@Z 0040300b f i umodsys_lib_libmedia:umodsys.mod.media.stdio.obj
 0001:00002022       ?data_save@RDataArchiver_OsDir@stdio@media@modules@UModSys@@UAE_NABU?$TString@U?$TSCoreConst@D@su@tl@UModSys@@U?$TComparerBinaryHash@D@234@@tl@5@ABUSCMem@core@5@ABUSFlags@libmedia@5@@Z 00403022 f i umodsys_lib_libmedia:umodsys.mod.media.stdio.obj
 0001:00002092       ?data_reader@RDataArchiver_OsDir@stdio@media@modules@UModSys@@UAE?AU?$TRefObject@UIStreamReader@libmedia@UModSys@@U?$TRefObjectFunc@UIStreamReader@libmedia@UModSys@@@tl@3@@tl@5@ABU?$TString@U?$TSCoreConst@D@su@tl@UModSys@@U?$TComparerBinaryHash@D@234@@75@ABUSFlags@libmedia@5@@Z 00403092 f i umodsys_lib_libmedia:umodsys.mod.media.stdio.obj
 0001:0000219a       ?data_writer@RDataArchiver_OsDir@stdio@media@modules@UModSys@@UAE?AU?$TRefObject@UIStreamWriter@libmedia@UModSys@@U?$TRefObjectFunc@UIStreamWriter@libmedia@UModSys@@@tl@3@@tl@5@ABU?$TString@U?$TSCoreConst@D@su@tl@UModSys@@U?$TComparerBinaryHash@D@234@@75@ABUSFlags@libmedia@5@@Z 0040319a f i umodsys_lib_libmedia:umodsys.mod.media.stdio.obj
 0001:000022e4       ?data_list@RDataArchiver_OsDir@stdio@media@modules@UModSys@@UAE_NABU?$TString@U?$TSCoreConst@D@su@tl@UModSys@@U?$TComparerBinaryHash@D@234@@tl@5@AAU?$TIStackSocket@USFileInfo@libmedia@UModSys@@@75@@Z 004032e4 f i umodsys_lib_libmedia:umodsys.mod.media.stdio.obj
 0001:0000232d       ?get_permissions@RDataArchiver_OsDir@stdio@media@modules@UModSys@@UAEHXZ 0040332d f i umodsys_lib_libmedia:umodsys.mod.media.stdio.obj
 0001:00002331       ??_ERDataArchiver_OsDir@stdio@media@modules@UModSys@@UAEPAXI@Z 00403331 f i  CIL library: CIL module
 0001:00002331       ??_GRDataArchiver_OsDir@stdio@media@modules@UModSys@@UAEPAXI@Z 00403331 f i umodsys_lib_libmedia:umodsys.mod.media.stdio.obj
 0001:0000237a       ?get_generated_names@RGenerator@stdio@media@modules@UModSys@@UBEHAAUSUniquePtrList@core@5@@Z 0040337a f i umodsys_lib_libmedia:umodsys.mod.media.stdio.obj
 0001:000023aa       ?get_generated_types@RGenerator@stdio@media@modules@UModSys@@UBEHAAUSUniquePtrList@core@5@PBUSUniquePointerInfo@75@@Z 004033aa f i umodsys_lib_libmedia:umodsys.mod.media.stdio.obj
 0001:00002418       ?generate@RGenerator@stdio@media@modules@UModSys@@UAE_NAAU?$TRefObject@UIRefObject@core@UModSys@@U?$TRefObjectFunc@UIRefObject@core@UModSys@@@tl@3@@tl@5@PBUSUniquePointerInfo@core@5@ABUSParameters@95@@Z 00403418 f i umodsys_lib_libmedia:umodsys.mod.media.stdio.obj
 0001:00002480       ?get_interface_info@RGenerator@stdio@media@modules@UModSys@@UBEABUSUniquePointerInfo@core@5@XZ 00403480 f i umodsys_lib_libmedia:umodsys.mod.media.stdio.obj
 0001:00002486       ?get_interface_type@RGenerator@stdio@media@modules@UModSys@@UBEPBUSUniquePointerInfo@core@5@XZ 00403486 f i umodsys_lib_libmedia:umodsys.mod.media.stdio.obj
 0001:0000248c       ?get_other_interface@RGenerator@stdio@media@modules@UModSys@@UAEPAUIRoot@core@5@PBUSUniquePointerInfo@75@@Z 0040348c f i umodsys_lib_libmedia:umodsys.mod.media.stdio.obj
 0001:0000248c       ?get_other_interface@RGenerator@stdio@media@modules@UModSys@@UBEPBUIRoot@core@5@PBUSUniquePointerInfo@75@@Z 0040348c f i umodsys_lib_libmedia:umodsys.mod.media.stdio.obj
 0001:000024b5       ?ref_remove@RStreamWriter_FILE@stdio@media@modules@UModSys@@UBEXXZ 004034b5 f i umodsys_lib_libmedia:umodsys.mod.media.stdio.obj
 0001:000024b5       ?ref_remove@RDataArchiver_OsDir@stdio@media@modules@UModSys@@UBEXXZ 004034b5 f i umodsys_lib_libmedia:umodsys.mod.media.stdio.obj
 0001:000024b5       ?ref_remove@RStreamReader_FILE@stdio@media@modules@UModSys@@UBEXXZ 004034b5 f i umodsys_lib_libmedia:umodsys.mod.media.stdio.obj
 0001:000024b5       ?ref_remove@RGenerator@std@media@modules@UModSys@@UBEXXZ 004034b5 f i umodsys_lib_libmedia:umodsys.mod.media.std.obj
 0001:000024b5       ?ref_remove@RGenerator@stdio@media@modules@UModSys@@UBEXXZ 004034b5 f i umodsys_lib_libmedia:umodsys.mod.media.stdio.obj
 0001:000024c0       ?get_uid@RGenerator@stdio@media@modules@UModSys@@UBEPBUSUniquePointerInfo@core@5@XZ 004034c0 f i umodsys_lib_libmedia:umodsys.mod.media.stdio.obj
 0001:000024c6       ?do_open@RModuleReg@stdio@media@modules@UModSys@@UAE_NXZ 004034c6 f i umodsys_lib_libmedia:umodsys.mod.media.stdio.obj
 0001:00002512       ?do_close@RModuleReg@stdio@media@modules@UModSys@@UAE_NXZ 00403512 f i umodsys_lib_libmedia:umodsys.mod.media.stdio.obj
 0001:0000254d       ??_GIModuleReg@base@UModSys@@UAEPAXI@Z 0040354d f i umodsys_lib_base:umodsys.base.modulereg.obj
 0001:0000254d       ??_GRModuleReg@std@media@modules@UModSys@@UAEPAXI@Z 0040354d f i umodsys_lib_libmedia:umodsys.mod.media.std.obj
 0001:0000254d       ??_GRModuleReg@stdio@media@modules@UModSys@@UAEPAXI@Z 0040354d f i umodsys_lib_libmedia:umodsys.mod.media.stdio.obj
 0001:0000254d       ??_ERModuleReg@std@media@modules@UModSys@@UAEPAXI@Z 0040354d f i  CIL library: CIL module
 0001:0000254d       ??_EIModuleReg@base@UModSys@@UAEPAXI@Z 0040354d f i  CIL library: CIL module
 0001:0000254d       ??_ERModuleReg@stdio@media@modules@UModSys@@UAEPAXI@Z 0040354d f i  CIL library: CIL module
 0001:0000256a       ?get_module@RGenerator@stdio@media@modules@UModSys@@UBEPAUIModule@base@5@XZ 0040356a f   umodsys_lib_libmedia:umodsys.mod.media.stdio.obj
 0001:00002570       ?mod_inc@RGenerator@stdio@media@modules@UModSys@@UBE_NXZ 00403570 f   umodsys_lib_libmedia:umodsys.mod.media.stdio.obj
 0001:0000257b       ?mod_dec@RGenerator@stdio@media@modules@UModSys@@UBE_NXZ 0040357b f   umodsys_lib_libmedia:umodsys.mod.media.stdio.obj
 0001:00002586       ?s_holder@RGenerator@stdio@media@modules@UModSys@@SAAAU?$TTypeStaticHolder@URGenerator@stdio@media@modules@UModSys@@@tl@5@XZ 00403586 f   umodsys_lib_libmedia:umodsys.mod.media.stdio.obj
 0001:000025b8       ??_ERGenerator@std@media@modules@UModSys@@UAEPAXI@Z 004035b8 f i  CIL library: CIL module
 0001:000025b8       ??_GRGenerator@std@media@modules@UModSys@@UAEPAXI@Z 004035b8 f i umodsys_lib_libmedia:umodsys.mod.media.std.obj
 0001:000025b8       ??_GRGenerator@stdio@media@modules@UModSys@@UAEPAXI@Z 004035b8 f i umodsys_lib_libmedia:umodsys.mod.media.stdio.obj
 0001:000025b8       ??_ERParameters@rsystem@base@UModSys@@UAEPAXI@Z 004035b8 f i  CIL library: CIL module
 0001:000025b8       ??_GRParameters@rsystem@base@UModSys@@UAEPAXI@Z 004035b8 f i umodsys_lib_basesys:umodsys.basesys.rparameters.obj
 0001:000025b8       ??_EIRoot@core@UModSys@@UAEPAXI@Z 004035b8 f i  CIL library: CIL module
 0001:000025b8       ??_GIRoot@core@UModSys@@UAEPAXI@Z 004035b8 f i umodsys_lib_libmedia:umodsys.mod.media.std.obj
 0001:000025b8       ??_ERGenerator@stdio@media@modules@UModSys@@UAEPAXI@Z 004035b8 f i  CIL library: CIL module
 0001:000025d5       ??$ValidateConstruction@UIStreamReader@libmedia@UModSys@@URStreamReader_FILE@stdio@media@modules@3@@core@UModSys@@YA_NAAU?$TRefObject@UIStreamReader@libmedia@UModSys@@U?$TRefObjectFunc@UIStreamReader@libmedia@UModSys@@@tl@3@@tl@1@PAURStreamReader_FILE@stdio@media@modules@1@@Z 004035d5 f i umodsys_lib_libmedia:umodsys.mod.media.stdio.obj
 0001:0000262f       ??$ValidateConstruction@UIStreamWriter@libmedia@UModSys@@URStreamWriter_FILE@stdio@media@modules@3@@core@UModSys@@YA_NAAU?$TRefObject@UIStreamWriter@libmedia@UModSys@@U?$TRefObjectFunc@UIStreamWriter@libmedia@UModSys@@@tl@3@@tl@1@PAURStreamWriter_FILE@stdio@media@modules@1@@Z 0040362f f i umodsys_lib_libmedia:umodsys.mod.media.stdio.obj
 0001:00002689       ??$t_gen_param@URStreamReader_FILE@stdio@media@modules@UModSys@@URGenerator@2345@@IGenerator@base@UModSys@@IAE_NPAURGenerator@stdio@media@modules@2@AAU?$TRefObject@UIRefObject@core@UModSys@@U?$TRefObjectFunc@UIRefObject@core@UModSys@@@tl@3@@tl@2@PBUSUniquePointerInfo@core@2@ABUSParameters@core@2@@Z 00403689 f i umodsys_lib_libmedia:umodsys.mod.media.stdio.obj
 0001:00002714       ??$t_gen_param@URStreamWriter_FILE@stdio@media@modules@UModSys@@URGenerator@2345@@IGenerator@base@UModSys@@IAE_NPAURGenerator@stdio@media@modules@2@AAU?$TRefObject@UIRefObject@core@UModSys@@U?$TRefObjectFunc@UIRefObject@core@UModSys@@@tl@3@@tl@2@PBUSUniquePointerInfo@core@2@ABUSParameters@core@2@@Z 00403714 f i umodsys_lib_libmedia:umodsys.mod.media.stdio.obj
 0001:0000279f       ??$t_gen_param@URDataArchiver_OsDir@stdio@media@modules@UModSys@@URGenerator@2345@@IGenerator@base@UModSys@@IAE_NPAURGenerator@stdio@media@modules@2@AAU?$TRefObject@UIRefObject@core@UModSys@@U?$TRefObjectFunc@UIRefObject@core@UModSys@@@tl@3@@tl@2@PBUSUniquePointerInfo@core@2@ABUSParameters@core@2@@Z 0040379f f i umodsys_lib_libmedia:umodsys.mod.media.stdio.obj
 0001:0000281f       ??0SVFileName@libmedia@UModSys@@QAE@ABU?$TString@U?$TSCoreConst@D@su@tl@UModSys@@U?$TComparerBinaryHash@D@234@@tl@2@0_N@Z 0040381f f   umodsys_lib_libmedia:umodsys.lib.media.common.obj
 0001:0000287a       ?init@SVFileName@libmedia@UModSys@@QAEXPBDH_N@Z 0040387a f   umodsys_lib_libmedia:umodsys.lib.media.common.obj
 0001:00002935       ??4?$TString@U?$TSCoreConst@D@su@tl@UModSys@@U?$TComparerBinaryHash@D@234@@tl@UModSys@@QAEABU012@PBD@Z 00403935 f i umodsys_lib_libmedia:umodsys.lib.media.common.obj
 0001:00002956       ??$safe_snprintf@D@syshlp@core@UModSys@@YAIPADIPBDZZ 00403956 f i umodsys_lib_libmedia:umodsys.lib.media.common.obj
 0001:00002974       ?get_interface_info@RConsole_std@rsystem@base@UModSys@@UBEABUSUniquePointerInfo@core@4@XZ 00403974 f i umodsys_lib_basesys:umodsys.basesys.rconsole_std.obj
 0001:0000297a       ?get_interface_type@RConsole_std@rsystem@base@UModSys@@UBEPBUSUniquePointerInfo@core@4@XZ 0040397a f i umodsys_lib_basesys:umodsys.basesys.rconsole_std.obj
 0001:00002980       ?get_other_interface@RConsole_std@rsystem@base@UModSys@@UAEPAUIRoot@core@4@PBUSUniquePointerInfo@64@@Z 00403980 f i umodsys_lib_basesys:umodsys.basesys.rconsole_std.obj
 0001:00002980       ?get_other_interface@RConsole_std@rsystem@base@UModSys@@UBEPBUIRoot@core@4@PBUSUniquePointerInfo@64@@Z 00403980 f i umodsys_lib_basesys:umodsys.basesys.rconsole_std.obj
 0001:000029a1       ?vput@RConsole_std@rsystem@base@UModSys@@UAE_NHPBDPAD@Z 004039a1 f   umodsys_lib_basesys:umodsys.basesys.rconsole_std.obj
 0001:000029e9       ?put@RConsole_std@rsystem@base@UModSys@@UAA_NHPBDZZ 004039e9 f   umodsys_lib_basesys:umodsys.basesys.rconsole_std.obj
 0001:00002a30       ?get_s@RConsole_std@rsystem@base@UModSys@@UAA_NPADIPBDZZ 00403a30 f   umodsys_lib_basesys:umodsys.basesys.rconsole_std.obj
 0001:00002a30       ?get_c@RConsole_std@rsystem@base@UModSys@@UAA_NPAHPBDZZ 00403a30 f   umodsys_lib_basesys:umodsys.basesys.rconsole_std.obj
 0001:00002a33       ?vget_s@RConsole_std@rsystem@base@UModSys@@UAE_NPADIPBD0@Z 00403a33 f   umodsys_lib_basesys:umodsys.basesys.rconsole_std.obj
 0001:00002a38       ?reflect@RConsole_std@rsystem@base@UModSys@@QAE_NPBD@Z 00403a38 f   umodsys_lib_basesys:umodsys.basesys.rconsole_std.obj
 0001:00002a78       ??_ERConsole_std@rsystem@base@UModSys@@UAEPAXI@Z 00403a78 f i  CIL library: CIL module
 0001:00002a78       ??_GRConsole_std@rsystem@base@UModSys@@UAEPAXI@Z 00403a78 f i umodsys_lib_basesys:umodsys.basesys.rconsole_std.obj
 0001:00002aa2       ??0EExceptionBase@core@UModSys@@QAE@PBUSSourceContext@12@HPBD@Z 00403aa2 f i umodsys_lib_basesys:umodsys.basesys.rsystem_main.obj
 0001:00002acd       ?decode_error@EExceptionBase@core@UModSys@@UBEHPADI@Z 00403acd f i umodsys_lib_basesys:umodsys.basesys.rsystem_main.obj
 0001:00002af6       ?decode_error@EFatal@core@UModSys@@UBEHPADI@Z 00403af6 f i umodsys_lib_basesys:umodsys.basesys.rsystem_main.obj
 0001:00002b1f       ??_GEExceptionBase@core@UModSys@@UAEPAXI@Z 00403b1f f i umodsys_lib_basesys:umodsys.basesys.rsystem_main.obj
 0001:00002b1f       ??_EEFatal@core@UModSys@@UAEPAXI@Z 00403b1f f i  CIL library: CIL module
 0001:00002b1f       ??_EEWarning@core@UModSys@@UAEPAXI@Z 00403b1f f i  CIL library: CIL module
 0001:00002b1f       ??_GEFatal@core@UModSys@@UAEPAXI@Z 00403b1f f i umodsys_lib_basesys:umodsys.basesys.rsystem_main.obj
 0001:00002b1f       ??_EEExceptionBase@core@UModSys@@UAEPAXI@Z 00403b1f f i  CIL library: CIL module
 0001:00002b1f       ??_GEWarning@core@UModSys@@UAEPAXI@Z 00403b1f f i umodsys_lib_basesys:umodsys.basesys.rsystem_main.obj
 0001:00002b3c       ??1EWarning@core@UModSys@@UAE@XZ 00403b3c f i umodsys_lib_basesys:umodsys.basesys.rsystem_main.obj
 0001:00002b3c       ??1EFatal@core@UModSys@@UAE@XZ 00403b3c f i umodsys_lib_basesys:umodsys.basesys.rsystem_main.obj
 0001:00002b43       ?decode_error@EWarning@core@UModSys@@UBEHPADI@Z 00403b43 f i umodsys_lib_basesys:umodsys.basesys.rsystem_main.obj
 0001:00002b6c       ?get_interface_info@RSystem@rsystem@base@UModSys@@UBEABUSUniquePointerInfo@core@4@XZ 00403b6c f i umodsys_lib_basesys:umodsys.basesys.rsystem_main.obj
 0001:00002b72       ?get_interface_type@RSystem@rsystem@base@UModSys@@UBEPBUSUniquePointerInfo@core@4@XZ 00403b72 f i umodsys_lib_basesys:umodsys.basesys.rsystem_main.obj
 0001:00002b78       ?get_other_interface@RSystem@rsystem@base@UModSys@@UBEPBUIRoot@core@4@PBUSUniquePointerInfo@64@@Z 00403b78 f i umodsys_lib_basesys:umodsys.basesys.rsystem_main.obj
 0001:00002b78       ?get_other_interface@RSystem@rsystem@base@UModSys@@UAEPAUIRoot@core@4@PBUSUniquePointerInfo@64@@Z 00403b78 f i umodsys_lib_basesys:umodsys.basesys.rsystem_main.obj
 0001:00002b99       ?init@RSystem@rsystem@base@UModSys@@QAE_NXZ 00403b99 f   umodsys_lib_basesys:umodsys.basesys.rsystem_main.obj
 0001:00002c8a       ?deinit@RSystem@rsystem@base@UModSys@@QAE_NXZ 00403c8a f   umodsys_lib_basesys:umodsys.basesys.rsystem_main.obj
 0001:00002d44       ?set_console@RSystem@rsystem@base@UModSys@@QAEXPAUIConsole@34@@Z 00403d44 f   umodsys_lib_basesys:umodsys.basesys.rsystem_main.obj
 0001:00002d6b       ??0RSystem@rsystem@base@UModSys@@QAE@XZ 00403d6b f   umodsys_lib_basesys:umodsys.basesys.rsystem_main.obj
 0001:00002eac       ??_ERSystem@rsystem@base@UModSys@@UAEPAXI@Z 00403eac f i  CIL library: CIL module
 0001:00002eac       ??_GRSystem@rsystem@base@UModSys@@UAEPAXI@Z 00403eac f i umodsys_lib_basesys:umodsys.basesys.rsystem_main.obj
 0001:00002ec9       ??1RSystem@rsystem@base@UModSys@@UAE@XZ 00403ec9 f   umodsys_lib_basesys:umodsys.basesys.rsystem_main.obj
 0001:00002f62       ?dbg_put@rsystem@base@UModSys@@YAXW4eRSystemDebugLevels@123@PBDZZ 00403f62 f   umodsys_lib_basesys:umodsys.basesys.rsystem_main.obj
 0001:00002f8e       ?err_put@rsystem@base@UModSys@@YAXW4eRSystemDebugLevels@123@PBDZZ 00403f8e f   umodsys_lib_basesys:umodsys.basesys.rsystem_main.obj
 0001:00002fba       ??1?$TStaticStringPool@DU?$TComparerBinaryHash@D@su@tl@UModSys@@USMemAlloc_Malloc@core@4@@tl@UModSys@@QAE@XZ 00403fba f i umodsys_lib_basesys:umodsys.basesys.rsystem_main.obj
 0001:00002fbf       ??1?$TQuantArrayUnique@USUniquePointerInfo@core@UModSys@@$0BAA@USMemAlloc_Malloc@23@@tl@UModSys@@QAE@XZ 00403fbf f i umodsys_lib_basesys:umodsys.basesys.rsystem_main.obj
 0001:00002fbf       ??1?$TQuantArrayUnique@USSourceContext@core@UModSys@@$0BAA@USMemAlloc_Malloc@23@@tl@UModSys@@QAE@XZ 00403fbf f i umodsys_lib_basesys:umodsys.basesys.rsystem_main.obj
 0001:00002ff5       ??1?$TTreeHoldRBD@U?$TQuantArrayNode@USSourceContext@core@UModSys@@$0BAA@@tl@UModSys@@U?$TNodeDeleter@U?$TQuantArrayNode@USSourceContext@core@UModSys@@$0BAA@@tl@UModSys@@USMemAlloc_Malloc@core@3@@23@@tl@UModSys@@QAE@XZ 00403ff5 f i umodsys_lib_basesys:umodsys.basesys.rsystem_main.obj
 0001:00002ff5       ??1?$TTreeHoldRBD@U?$TQuantArrayNode@USUniquePointerInfo@core@UModSys@@$0BAA@@tl@UModSys@@U?$TNodeDeleter@U?$TQuantArrayNode@USUniquePointerInfo@core@UModSys@@$0BAA@@tl@UModSys@@USMemAlloc_Malloc@core@3@@23@@tl@UModSys@@QAE@XZ 00403ff5 f i umodsys_lib_basesys:umodsys.basesys.rsystem_main.obj
 0001:0000300b       ?mem_alloc@?$TRMemAlloc_CC@U?$TMemAllocHeader@USMagic@mem_headers@rsystem@base@UModSys@@U?$TPool@X@2345@USDebug@2345@UVoid@core@5@U895@@rsystem@base@UModSys@@USMemAlloc_Malloc@core@4@@rsystem@base@UModSys@@UAEPAXIPBUSSourceContext@core@4@@Z 0040400b f i umodsys_lib_basesys:umodsys.basesys.rsystem_main.obj
 0001:00003065       ?mem_realloc@?$TRMemAlloc_CC@U?$TMemAllocHeader@USMagic@mem_headers@rsystem@base@UModSys@@U?$TPool@X@2345@USDebug@2345@UVoid@core@5@U895@@rsystem@base@UModSys@@USMemAlloc_Malloc@core@4@@rsystem@base@UModSys@@UAEPAXPAXIPBUSSourceContext@core@4@@Z 00404065 f i umodsys_lib_basesys:umodsys.basesys.rsystem_main.obj
 0001:000031e8       ?mem_free@?$TRMemAlloc_CC@U?$TMemAllocHeader@USMagic@mem_headers@rsystem@base@UModSys@@U?$TPool@X@2345@USDebug@2345@UVoid@core@5@U895@@rsystem@base@UModSys@@USMemAlloc_Malloc@core@4@@rsystem@base@UModSys@@UAEXPAXPBUSSourceContext@core@4@@Z 004041e8 f i umodsys_lib_basesys:umodsys.basesys.rsystem_main.obj
 0001:00003282       ?free@?$TStaticStringPool@DU?$TComparerBinaryHash@D@su@tl@UModSys@@USMemAlloc_Malloc@core@4@@tl@UModSys@@QAEXXZ 00404282 f i umodsys_lib_basesys:umodsys.basesys.rsystem_main.obj
 0001:000032bd       ??$valid@U?$TRMemAlloc_CC@U?$TMemAllocHeader@USMagic@mem_headers@rsystem@base@UModSys@@U?$TPool@X@2345@USDebug@2345@UVoid@core@5@U895@@rsystem@base@UModSys@@USMemAlloc_Malloc@core@4@@rsystem@base@UModSys@@@?$TMemAllocHeader@USMagic@mem_headers@rsystem@base@UModSys@@U?$TPool@X@2345@USDebug@2345@UVoid@core@5@U895@@rsystem@base@UModSys@@QBE_NPBU?$TRMemAlloc_CC@U?$TMemAllocHeader@USMagic@mem_headers@rsystem@base@UModSys@@U?$TPool@X@2345@USDebug@2345@UVoid@core@5@U895@@rsystem@base@UModSys@@USMemAlloc_Malloc@core@4@@123@@Z 004042bd f i umodsys_lib_basesys:umodsys.basesys.rsystem_main.obj
 0001:000032e4       ??$process@UEFatal@core@UModSys@@@IExceptionHandler@core@UModSys@@QAEXABUEFatal@12@@Z 004042e4 f i umodsys_lib_basesys:umodsys.basesys.rsystem_main.obj
 0001:00003316       ??$process_nodes_r@U?$TNodeDeleter@U?$TQuantArrayNode@USSourceContext@core@UModSys@@$0BAA@@tl@UModSys@@USMemAlloc_Malloc@core@3@@tl@UModSys@@@?$TTreeHoldRB@U?$TQuantArrayNode@USSourceContext@core@UModSys@@$0BAA@@tl@UModSys@@@tl@UModSys@@KAHPAU?$TQuantArrayNode@USSourceContext@core@UModSys@@$0BAA@@12@ABU?$TNodeDeleter@U?$TQuantArrayNode@USSourceContext@core@UModSys@@$0BAA@@tl@UModSys@@USMemAlloc_Malloc@core@3@@12@@Z 00404316 f i umodsys_lib_basesys:umodsys.basesys.rsystem_main.obj
 0001:00003316       ??$process_nodes_r@U?$TNodeDeleter@U?$TQuantArrayNode@USUniquePointerInfo@core@UModSys@@$0BAA@@tl@UModSys@@USMemAlloc_Malloc@core@3@@tl@UModSys@@@?$TTreeHoldRB@U?$TQuantArrayNode@USUniquePointerInfo@core@UModSys@@$0BAA@@tl@UModSys@@@tl@UModSys@@KAHPAU?$TQuantArrayNode@USUniquePointerInfo@core@UModSys@@$0BAA@@12@ABU?$TNodeDeleter@U?$TQuantArrayNode@USUniquePointerInfo@core@UModSys@@$0BAA@@tl@UModSys@@USMemAlloc_Malloc@core@3@@12@@Z 00404316 f i umodsys_lib_basesys:umodsys.basesys.rsystem_main.obj
 0001:00003358       ??0EFatal@core@UModSys@@QAE@ABU012@@Z 00404358 f i umodsys_lib_basesys:umodsys.basesys.rsystem_main.obj
 0001:00003370       ??0EExceptionBase@core@UModSys@@QAE@ABU012@@Z 00404370 f i umodsys_lib_basesys:umodsys.basesys.rsystem_main.obj
 0001:00003398       ??0EWarning@core@UModSys@@QAE@ABU012@@Z 00404398 f i umodsys_lib_basesys:umodsys.basesys.rsystem_main.obj
 0001:000033b0       ?exec_test_shells@RSystem@rsystem@base@UModSys@@QAE_NXZ 004043b0 f   umodsys_lib_basesys:umodsys.basesys.rsystem_tests.obj
 0001:00003526       ??1?$TParametersA@$0EAA@@core@UModSys@@QAE@XZ 00404526 f i umodsys_lib_basesys:umodsys.basesys.rsystem_tests.obj
 0001:00003533       ??$t_moduledb_generate@UIShell@base@UModSys@@@IModuleLoader@base@UModSys@@QAE_NAAU?$TRefObject@UIShell@base@UModSys@@U?$TRefObjectFunc@UIShell@base@UModSys@@@tl@3@@tl@2@PBUSUniquePointerInfo@core@2@ABUSParameters@62@@Z 00404533 f i umodsys_lib_basesys:umodsys.basesys.rsystem_tests.obj
 0001:000035c5       ?eq@SModuleInfo@base@UModSys@@QBE_NABU?$TString@U?$TSCoreConst@D@su@tl@UModSys@@U?$TComparerBinaryHash@D@234@@tl@3@ABUSVersion@core@3@@Z 004045c5 f i umodsys_lib_basesys:umodsys.basesys.rmoduleloader.obj
 0001:000035ea       ?moduledb_findobjname@RModuleLoader@rsystem@base@UModSys@@UAEIPBUSUniquePointerInfo@core@4@QAPBU564@IPBD@Z 004045ea f   umodsys_lib_basesys:umodsys.basesys.rmoduleloader.obj
 0001:00003657       ?moduledb_generate@RModuleLoader@rsystem@base@UModSys@@UAE_NAAU?$TRefObject@UIRefObject@core@UModSys@@U?$TRefObjectFunc@UIRefObject@core@UModSys@@@tl@3@@tl@4@PBUSUniquePointerInfo@core@4@ABUSParameters@84@@Z 00404657 f   umodsys_lib_basesys:umodsys.basesys.rmoduleloader.obj
 0001:000036ac       ?moduledb_lib_count@RModuleLoader@rsystem@base@UModSys@@UAEIXZ 004046ac f   umodsys_lib_basesys:umodsys.basesys.rmoduleloader.obj
 0001:000036b1       ?moduledb_lib_get@RModuleLoader@rsystem@base@UModSys@@UBEPAUIModuleLibrary@34@I@Z 004046b1 f   umodsys_lib_basesys:umodsys.basesys.rmoduleloader.obj
 0001:000036d1       ?moduledb_load@RModuleLoader@rsystem@base@UModSys@@UAE_NABU?$TString@U?$TSCoreConst@D@su@tl@UModSys@@U?$TComparerBinaryHash@D@234@@tl@4@@Z 004046d1 f   umodsys_lib_basesys:umodsys.basesys.rmoduleloader.obj
 0001:000036d1       ?moduledb_lib_drop@RModuleLoader@rsystem@base@UModSys@@UAE_NPAUIModuleLibrary@34@@Z 004046d1 f   umodsys_lib_basesys:umodsys.basesys.rmoduleloader.obj
 0001:000036d1       ?ref_weak@RConsole_std@rsystem@base@UModSys@@UBE_NAAUWeakPointer@IRefObject@core@4@@Z 004046d1 f   umodsys_lib_basesys:umodsys.basesys.rconsole_std.obj
 0001:000036d6       ?moduledb_module_count@RModuleLoader@rsystem@base@UModSys@@UAEIXZ 004046d6 f   umodsys_lib_basesys:umodsys.basesys.rmoduleloader.obj
 0001:000036f8       ?moduledb_module_get@RModuleLoader@rsystem@base@UModSys@@UBEPAUIModule@34@I@Z 004046f8 f   umodsys_lib_basesys:umodsys.basesys.rmoduleloader.obj
 0001:00003746       ?moduledb_find@RModuleLoader@rsystem@base@UModSys@@UBEPAUIModule@34@ABU?$TString@U?$TSCoreConst@D@su@tl@UModSys@@U?$TComparerBinaryHash@D@234@@tl@4@ABUSVersion@core@4@@Z 00404746 f   umodsys_lib_basesys:umodsys.basesys.rmoduleloader.obj
 0001:000037fd       ?moduledb_clear@RModuleLoader@rsystem@base@UModSys@@UAEXXZ 004047fd f   umodsys_lib_basesys:umodsys.basesys.rmoduleloader.obj
 0001:0000384c       ?moduledb_cleanup@RModuleLoader@rsystem@base@UModSys@@UAEIXZ 0040484c f   umodsys_lib_basesys:umodsys.basesys.rmoduleloader.obj
 0001:0000394c       ?moduledb_save@RModuleLoader@rsystem@base@UModSys@@UAE_NABU?$TString@U?$TSCoreConst@D@su@tl@UModSys@@U?$TComparerBinaryHash@D@234@@tl@4@@Z 0040494c f   umodsys_lib_basesys:umodsys.basesys.rmoduleloader.obj
 0001:000039cc       ?moduledb_scan@RModuleLoader@rsystem@base@UModSys@@UAEIABU?$TString@U?$TSCoreConst@D@su@tl@UModSys@@U?$TComparerBinaryHash@D@234@@tl@4@_N@Z 004049cc f   umodsys_lib_basesys:umodsys.basesys.rmoduleloader.obj
 0001:00003a5a       ?moduledb_get_string@RModuleLoader@rsystem@base@UModSys@@UAEABU?$TString@U?$TSCoreConst@D@su@tl@UModSys@@U?$TComparerBinaryHash@D@234@@tl@4@ABU564@@Z 00404a5a f   umodsys_lib_basesys:umodsys.basesys.rmoduleloader.obj
 0001:00003a6c       ??_ERModuleLoader@rsystem@base@UModSys@@UAEPAXI@Z 00404a6c f i  CIL library: CIL module
 0001:00003a6c       ??_GRModuleLoader@rsystem@base@UModSys@@UAEPAXI@Z 00404a6c f i umodsys_lib_basesys:umodsys.basesys.rmoduleloader.obj
 0001:00003a89       ??_GIModuleLoader@base@UModSys@@UAEPAXI@Z 00404a89 f i umodsys_lib_basesys:umodsys.basesys.rmoduleloader.obj
 0001:00003a89       ??_EIModuleLoader@base@UModSys@@UAEPAXI@Z 00404a89 f i  CIL library: CIL module
 0001:00003aa6       ??1RModuleLoader@rsystem@base@UModSys@@UAE@XZ 00404aa6 f   umodsys_lib_basesys:umodsys.basesys.rmoduleloader.obj
 0001:00003b0c       ?append@?$TStaticStringPool@DU?$TComparerBinaryHash@D@su@tl@UModSys@@USMemAlloc_Malloc@core@4@@tl@UModSys@@QAEPBU?$TString@U?$TSCoreConst@D@su@tl@UModSys@@U?$TComparerBinaryHash@D@234@@23@PBD@Z 00404b0c f i umodsys_lib_basesys:umodsys.basesys.rmoduleloader.obj
 0001:00003b3c       ??1?$TDynarrayDynamic@U?$TRefObject@URModuleLibrarySO@rsystem@base@UModSys@@U?$TRefObjectFunc@URModuleLibrarySO@rsystem@base@UModSys@@@tl@4@@tl@UModSys@@U?$TAllocator@USMemAlloc_Malloc@core@UModSys@@USCountCalcPower2@23@@23@@tl@UModSys@@QAE@XZ 00404b3c f i umodsys_lib_basesys:umodsys.basesys.rmoduleloader.obj
 0001:00003b5a       ?Free@?$TDynarray@U?$TDynarrayHolderDynamic@U?$TRefObject@URModuleLibrarySO@rsystem@base@UModSys@@U?$TRefObjectFunc@URModuleLibrarySO@rsystem@base@UModSys@@@tl@4@@tl@UModSys@@U?$TAllocator@USMemAlloc_Malloc@core@UModSys@@USCountCalcPower2@23@@23@@tl@UModSys@@@tl@UModSys@@QAE_NXZ 00404b5a f i umodsys_lib_basesys:umodsys.basesys.rmoduleloader.obj
 0001:00003b82       ?Resize@?$TDynarray@U?$TDynarrayHolderDynamic@U?$TRefObject@URModuleLibrarySO@rsystem@base@UModSys@@U?$TRefObjectFunc@URModuleLibrarySO@rsystem@base@UModSys@@@tl@4@@tl@UModSys@@U?$TAllocator@USMemAlloc_Malloc@core@UModSys@@USCountCalcPower2@23@@23@@tl@UModSys@@@tl@UModSys@@QAE_NI@Z 00404b82 f i umodsys_lib_basesys:umodsys.basesys.rmoduleloader.obj
 0001:00003bdc       ??$?8U?$TSCoreConst@D@su@tl@UModSys@@U?$TComparerBinaryHash@D@123@@?$TString@U?$TSCoreConst@D@su@tl@UModSys@@U?$TComparerBinaryHash@D@234@@tl@UModSys@@QBE_NABU012@@Z 00404bdc f i umodsys_lib_basesys:umodsys.basesys.rmoduleloader.obj
 0001:00003c17       ?append@?$TStaticStringPool@DU?$TComparerBinaryHash@D@su@tl@UModSys@@USMemAlloc_Malloc@core@4@@tl@UModSys@@QAEPBU?$TString@U?$TSCoreConst@D@su@tl@UModSys@@U?$TComparerBinaryHash@D@234@@23@PBDI@Z 00404c17 f i umodsys_lib_basesys:umodsys.basesys.rmoduleloader.obj
 0001:00003d49       ?items_destruct@?$TDynarray@U?$TDynarrayHolderDynamic@U?$TRefObject@URModuleLibrarySO@rsystem@base@UModSys@@U?$TRefObjectFunc@URModuleLibrarySO@rsystem@base@UModSys@@@tl@4@@tl@UModSys@@U?$TAllocator@USMemAlloc_Malloc@core@UModSys@@USCountCalcPower2@23@@23@@tl@UModSys@@@tl@UModSys@@IAEXII@Z 00404d49 f i umodsys_lib_basesys:umodsys.basesys.rmoduleloader.obj
 0001:00003d74       ?append@CharChunk@?$TStaticStringPool@DU?$TComparerBinaryHash@D@su@tl@UModSys@@USMemAlloc_Malloc@core@4@@tl@UModSys@@QAEPADPBDI@Z 00404d74 f i umodsys_lib_basesys:umodsys.basesys.rmoduleloader.obj
 0001:00003d9d       ?find_s@?$TStaticStringPool@DU?$TComparerBinaryHash@D@su@tl@UModSys@@USMemAlloc_Malloc@core@4@@tl@UModSys@@QBEPBU?$TString@U?$TSCoreConst@D@su@tl@UModSys@@U?$TComparerBinaryHash@D@234@@23@ABU423@@Z 00404d9d f i umodsys_lib_basesys:umodsys.basesys.rmoduleloader.obj
 0001:00003df1       ?get_interface_info@RModuleLibraryThis@rsystem@base@UModSys@@UBEABUSUniquePointerInfo@core@4@XZ 00404df1 f i umodsys_lib_basesys:umodsys.basesys.rmodulelibthis.obj
 0001:00003df7       ?get_interface_type@RModuleLibraryThis@rsystem@base@UModSys@@UBEPBUSUniquePointerInfo@core@4@XZ 00404df7 f i umodsys_lib_basesys:umodsys.basesys.rmodulelibthis.obj
 0001:00003dfd       ?get_other_interface@RModuleLibraryThis@rsystem@base@UModSys@@UBEPBUIRoot@core@4@PBUSUniquePointerInfo@64@@Z 00404dfd f i umodsys_lib_basesys:umodsys.basesys.rmodulelibthis.obj
 0001:00003dfd       ?get_other_interface@RModuleLibraryThis@rsystem@base@UModSys@@UAEPAUIRoot@core@4@PBUSUniquePointerInfo@64@@Z 00404dfd f i umodsys_lib_basesys:umodsys.basesys.rmodulelibthis.obj
 0001:00003e26       ?ref_add@RModuleLibraryThis@rsystem@base@UModSys@@UBEXXZ 00404e26 f i umodsys_lib_basesys:umodsys.basesys.rmodulelibthis.obj
 0001:00003e2a       ?ref_remove@RModuleLibraryThis@rsystem@base@UModSys@@UBEXXZ 00404e2a f i umodsys_lib_basesys:umodsys.basesys.rmodulelibthis.obj
 0001:00003e35       ?ref_links@RModuleLibraryThis@rsystem@base@UModSys@@UBEHXZ 00404e35 f i umodsys_lib_basesys:umodsys.basesys.rmodulelibthis.obj
 0001:00003e39       ?ref_weak@RModuleLibraryThis@rsystem@base@UModSys@@UBE_NAAUWeakPointer@IRefObject@core@4@@Z 00404e39 f i umodsys_lib_basesys:umodsys.basesys.rmodulelibthis.obj
 0001:00003e58       ?uni_load@RModuleLibraryThis@rsystem@base@UModSys@@UAE_NXZ 00404e58 f   umodsys_lib_basesys:umodsys.basesys.rmodulelibthis.obj
 0001:00003e62       ?uni_open@RModuleLibraryThis@rsystem@base@UModSys@@UAE_NXZ 00404e62 f   umodsys_lib_basesys:umodsys.basesys.rmodulelibthis.obj
 0001:00003e62       ?uni_close@RModuleLibraryThis@rsystem@base@UModSys@@UAE_NXZ 00404e62 f   umodsys_lib_basesys:umodsys.basesys.rmodulelibthis.obj
 0001:00003e62       ?uni_unload@RModuleLibraryThis@rsystem@base@UModSys@@UAE_NXZ 00404e62 f   umodsys_lib_basesys:umodsys.basesys.rmodulelibthis.obj
 0001:00003e65       ??_ERModuleLibraryThis@rsystem@base@UModSys@@UAEPAXI@Z 00404e65 f i  CIL library: CIL module
 0001:00003e65       ??_GRModuleLibraryThis@rsystem@base@UModSys@@UAEPAXI@Z 00404e65 f i umodsys_lib_basesys:umodsys.basesys.rmodulelibthis.obj
 0001:00003eac       ?get_sys_libname@IModuleLibraryUni@rsystem@base@UModSys@@UBE?AU?$TString@U?$TSCoreConst@D@su@tl@UModSys@@U?$TComparerBinaryHash@D@234@@tl@4@XZ 00404eac f   umodsys_lib_basesys:umodsys.basesys.rmodulelib.obj
 0001:00003ec4       ?get_privmem@IModuleLibraryUni@rsystem@base@UModSys@@UBEPAUIMemAlloc@core@4@XZ 00404ec4 f   umodsys_lib_basesys:umodsys.basesys.rmodulelib.obj
 0001:00003ec8       ?ref_links@RGenerator@std@media@modules@UModSys@@UBEHXZ 00404ec8 f   umodsys_lib_libmedia:umodsys.mod.media.std.obj
 0001:00003ec8       ?ref_links@RStreamWriter_FILE@stdio@media@modules@UModSys@@UBEHXZ 00404ec8 f   umodsys_lib_libmedia:umodsys.mod.media.stdio.obj
 0001:00003ec8       ?get_system@IModuleLibraryUni@rsystem@base@UModSys@@UBEPAUISystem@34@XZ 00404ec8 f   umodsys_lib_basesys:umodsys.basesys.rmodulelib.obj
 0001:00003ec8       ?ref_links@RStreamReader_FILE@stdio@media@modules@UModSys@@UBEHXZ 00404ec8 f   umodsys_lib_libmedia:umodsys.mod.media.stdio.obj
 0001:00003ec8       ?ref_links@RDataArchiver_OsDir@stdio@media@modules@UModSys@@UBEHXZ 00404ec8 f   umodsys_lib_libmedia:umodsys.mod.media.stdio.obj
 0001:00003ec8       ?ref_links@RGenerator@stdio@media@modules@UModSys@@UBEHXZ 00404ec8 f   umodsys_lib_libmedia:umodsys.mod.media.stdio.obj
 0001:00003ecc       ?get_module_count@IModuleLibraryUni@rsystem@base@UModSys@@UBEIXZ 00404ecc f   umodsys_lib_basesys:umodsys.basesys.rmodulelib.obj
 0001:00003ed0       ?get_module@IModuleLibraryUni@rsystem@base@UModSys@@UBEPAUIModule@34@I@Z 00404ed0 f   umodsys_lib_basesys:umodsys.basesys.rmodulelib.obj
[...]
 0001:00007884       __unwindfunclet$??$t_gen_param@URDataArchiver_OsDir@stdio@media@modules@UModSys@@URGenerator@2345@@IGenerator@base@UModSys@@IAE_NPAURGenerator@stdio@media@modules@2@AAU?$TRefObject@UIRefObject@core@UModSys@@U?$TRefObjectFunc@UIRefObject@core@UModSys@@@tl@3@@tl@2@PBUSUniquePointerInfo@core@2@ABUSParameters@core@2@@Z$0 00408884 f    CIL library: CIL module
 0001:0000788f       __unwindfunclet$??$t_gen_param@URDataArchiver_OsDir@stdio@media@modules@UModSys@@URGenerator@2345@@IGenerator@base@UModSys@@IAE_NPAURGenerator@stdio@media@modules@2@AAU?$TRefObject@UIRefObject@core@UModSys@@U?$TRefObjectFunc@UIRefObject@core@UModSys@@@tl@3@@tl@2@PBUSUniquePointerInfo@core@2@ABUSParameters@core@2@@Z$1 0040888f f    CIL library: CIL module
 0001:00007897       __ehhandler$??$t_gen_param@URDataArchiver_OsDir@stdio@media@modules@UModSys@@URGenerator@2345@@IGenerator@base@UModSys@@IAE_NPAURGenerator@stdio@media@modules@2@AAU?$TRefObject@UIRefObject@core@UModSys@@U?$TRefObjectFunc@UIRefObject@core@UModSys@@@tl@3@@tl@2@PBUSUniquePointerInfo@core@2@ABUSParameters@core@2@@Z 00408897 f    CIL library: CIL module
 0001:000078a1       __unwindfunclet$??$t_gen_param@URLibraryBinTree@std@media@modules@UModSys@@URGenerator@2345@@IGenerator@base@UModSys@@IAE_NPAURGenerator@std@media@modules@2@AAU?$TRefObject@UIRefObject@core@UModSys@@U?$TRefObjectFunc@UIRefObject@core@UModSys@@@tl@3@@tl@2@PBUSUniquePointerInfo@core@2@ABUSParameters@core@2@@Z$0 004088a1 f    CIL library: CIL module
 0001:000078a1       __unwindfunclet$??$t_gen_param@URLibraryBinCache@std@media@modules@UModSys@@URGenerator@2345@@IGenerator@base@UModSys@@IAE_NPAURGenerator@std@media@modules@2@AAU?$TRefObject@UIRefObject@core@UModSys@@U?$TRefObjectFunc@UIRefObject@core@UModSys@@@tl@3@@tl@2@PBUSUniquePointerInfo@core@2@ABUSParameters@core@2@@Z$0 004088a1 f    CIL library: CIL module
 0001:000078ac       __unwindfunclet$??$t_gen_param@URLibraryBinTree@std@media@modules@UModSys@@URGenerator@2345@@IGenerator@base@UModSys@@IAE_NPAURGenerator@std@media@modules@2@AAU?$TRefObject@UIRefObject@core@UModSys@@U?$TRefObjectFunc@UIRefObject@core@UModSys@@@tl@3@@tl@2@PBUSUniquePointerInfo@core@2@ABUSParameters@core@2@@Z$1 004088ac f    CIL library: CIL module
 0001:000078ac       __unwindfunclet$??$t_gen_param@URLibraryBinCache@std@media@modules@UModSys@@URGenerator@2345@@IGenerator@base@UModSys@@IAE_NPAURGenerator@std@media@modules@2@AAU?$TRefObject@UIRefObject@core@UModSys@@U?$TRefObjectFunc@UIRefObject@core@UModSys@@@tl@3@@tl@2@PBUSUniquePointerInfo@core@2@ABUSParameters@core@2@@Z$1 004088ac f    CIL library: CIL module
 0001:000078b4       __ehhandler$??$t_gen_param@URLibraryBinCache@std@media@modules@UModSys@@URGenerator@2345@@IGenerator@base@UModSys@@IAE_NPAURGenerator@std@media@modules@2@AAU?$TRefObject@UIRefObject@core@UModSys@@U?$TRefObjectFunc@UIRefObject@core@UModSys@@@tl@3@@tl@2@PBUSUniquePointerInfo@core@2@ABUSParameters@core@2@@Z 004088b4 f    CIL library: CIL module
 0001:000078b4       __ehhandler$??$t_gen_param@URLibraryBinTree@std@media@modules@UModSys@@URGenerator@2345@@IGenerator@base@UModSys@@IAE_NPAURGenerator@std@media@modules@2@AAU?$TRefObject@UIRefObject@core@UModSys@@U?$TRefObjectFunc@UIRefObject@core@UModSys@@@tl@3@@tl@2@PBUSUniquePointerInfo@core@2@ABUSParameters@core@2@@Z 004088b4 f    CIL library: CIL module
 0001:000078be       __unwindfunclet$?mem_free@?$TRMemAlloc_CC@U?$TMemAllocHeader@USMagic@mem_headers@rsystem@base@UModSys@@U?$TPool@X@2345@USDebug@2345@UVoid@core@5@U895@@rsystem@base@UModSys@@USMemAlloc_Malloc@core@4@@rsystem@base@UModSys@@UAEXPAXPBUSSourceContext@core@4@@Z$0 004088be f    CIL library: CIL module
 0001:000078c6       __ehhandler$?mem_free@?$TRMemAlloc_CC@U?$TMemAllocHeader@USMagic@mem_headers@rsystem@base@UModSys@@U?$TPool@X@2345@USDebug@2345@UVoid@core@5@U895@@rsystem@base@UModSys@@USMemAlloc_Malloc@core@4@@rsystem@base@UModSys@@UAEXPAXPBUSSourceContext@core@4@@Z 004088c6 f    CIL library: CIL module
 0001:000078d0       __unwindfunclet$?mem_realloc@?$TRMemAlloc_CC@U?$TMemAllocHeader@USMagic@mem_headers@rsystem@base@UModSys@@U?$TPool@X@2345@USDebug@2345@UVoid@core@5@U895@@rsystem@base@UModSys@@USMemAlloc_Malloc@core@4@@rsystem@base@UModSys@@UAEPAXPAXIPBUSSourceContext@core@4@@Z$0 004088d0 f    CIL library: CIL module
 0001:000078d8       __unwindfunclet$?mem_realloc@?$TRMemAlloc_CC@U?$TMemAllocHeader@USMagic@mem_headers@rsystem@base@UModSys@@U?$TPool@X@2345@USDebug@2345@UVoid@core@5@U895@@rsystem@base@UModSys@@USMemAlloc_Malloc@core@4@@rsystem@base@UModSys@@UAEPAXPAXIPBUSSourceContext@core@4@@Z$1 004088d8 f    CIL library: CIL module
 0001:000078e0       __ehhandler$?mem_realloc@?$TRMemAlloc_CC@U?$TMemAllocHeader@USMagic@mem_headers@rsystem@base@UModSys@@U?$TPool@X@2345@USDebug@2345@UVoid@core@5@U895@@rsystem@base@UModSys@@USMemAlloc_Malloc@core@4@@rsystem@base@UModSys@@UAEPAXPAXIPBUSSourceContext@core@4@@Z 004088e0 f    CIL library: CIL module
 0001:000078ea       ??__E?s_id@?$TObjectUniqueID@UIRoot@core@UModSys@@@tl@UModSys@@2USUniquePointer@core@3@A@@YAXXZ 004088ea f    CIL library: CIL module
 0001:0000790c       ??__E?s_id@?$TObjectUniqueID@UIRefObject@core@UModSys@@@tl@UModSys@@2USUniquePointer@core@3@A@@YAXXZ 0040890c f    CIL library: CIL module
 0001:0000792e       ??__E?s_id@?$TObjectUniqueID@UIParameters@core@UModSys@@@tl@UModSys@@2USUniquePointer@core@3@A@@YAXXZ 0040892e f    CIL library: CIL module
 0001:00007950       ??__E?s_id@?$TObjectUniqueID@UIModule@base@UModSys@@@tl@UModSys@@2USUniquePointer@core@3@A@@YAXXZ 00408950 f    CIL library: CIL module
 0001:00007972       ??__E?s_id@?$TObjectUniqueID@UIModuleLibrary@base@UModSys@@@tl@UModSys@@2USUniquePointer@core@3@A@@YAXXZ 00408972 f    CIL library: CIL module
 0001:00007994       ??__E?s_id@?$TObjectUniqueID@UIModObject@base@UModSys@@@tl@UModSys@@2USUniquePointer@core@3@A@@YAXXZ 00408994 f    CIL library: CIL module
 0001:000079b6       ??__E?s_id@?$TObjectUniqueID@UIGenerator@base@UModSys@@@tl@UModSys@@2USUniquePointer@core@3@A@@YAXXZ 004089b6 f    CIL library: CIL module
 0001:000079d8       ??__E?s_id@?$TObjectUniqueID@UIShell@base@UModSys@@@tl@UModSys@@2USUniquePointer@core@3@A@@YAXXZ 004089d8 f    CIL library: CIL module
 0001:000079fa       ??__E?s_id@?$TObjectUniqueID@UIConsole@base@UModSys@@@tl@UModSys@@2USUniquePointer@core@3@A@@YAXXZ 004089fa f    CIL library: CIL module
 0001:00007a1c       ??__E?s_id@?$TObjectUniqueID@UISystem@base@UModSys@@@tl@UModSys@@2USUniquePointer@core@3@A@@YAXXZ 00408a1c f    CIL library: CIL module
 0001:00007a3e       ??__E?s_id@?$TObjectUniqueID@URModule@rsystem@base@UModSys@@@tl@UModSys@@2USUniquePointer@core@3@A@@YAXXZ 00408a3e f    CIL library: CIL module
 0001:00007a60       ??__E?s_id@?$TObjectUniqueID@UIModuleLibraryUni@rsystem@base@UModSys@@@tl@UModSys@@2USUniquePointer@core@3@A@@YAXXZ 00408a60 f    CIL library: CIL module
 0001:00007a82       ??__E?s_id@?$TObjectUniqueID@URModuleLibrarySO@rsystem@base@UModSys@@@tl@UModSys@@2USUniquePointer@core@3@A@@YAXXZ 00408a82 f    CIL library: CIL module
 0001:00007aa4       ??__E?s_id@?$TObjectUniqueID@URModuleLibraryThis@rsystem@base@UModSys@@@tl@UModSys@@2USUniquePointer@core@3@A@@YAXXZ 00408aa4 f    CIL library: CIL module
 0001:00007ac6       ??__E?s_id@?$TObjectUniqueID@URParameters@rsystem@base@UModSys@@@tl@UModSys@@2USUniquePointer@core@3@A@@YAXXZ 00408ac6 f    CIL library: CIL module
 0001:00007ae8       ??__E?s_id@?$TObjectUniqueID@URSystem@rsystem@base@UModSys@@@tl@UModSys@@2USUniquePointer@core@3@A@@YAXXZ 00408ae8 f    CIL library: CIL module
 0001:00007b0a       ??__E?s_id@?$TObjectUniqueID@URConsole_std@rsystem@base@UModSys@@@tl@UModSys@@2USUniquePointer@core@3@A@@YAXXZ 00408b0a f    CIL library: CIL module
 0001:00007b2c       ??__E?s_modreg@RModuleReg@std@media@modules@UModSys@@2U12345@A@@YAXXZ 00408b2c f    CIL library: CIL module
 0001:00007b53       ??__E?s_modreg_chain@RModuleReg@std@media@modules@UModSys@@2USModuleRegChain@base@5@A@@YAXXZ 00408b53 f    CIL library: CIL module
 0001:00007b6e       ??__E?s_uid@RGenerator@std@media@modules@UModSys@@2USUniquePointer@core@5@A@@YAXXZ 00408b6e f    CIL library: CIL module
 0001:00007b90       ??__E?s_id@?$TObjectUniqueID@UIStreamReader@libmedia@UModSys@@@tl@UModSys@@2USUniquePointer@core@3@A@@YAXXZ 00408b90 f    CIL library: CIL module
 0001:00007bb2       ??__E?s_id@?$TObjectUniqueID@UIStreamWriter@libmedia@UModSys@@@tl@UModSys@@2USUniquePointer@core@3@A@@YAXXZ 00408bb2 f    CIL library: CIL module
 0001:00007bd4       ??__E?s_id@?$TObjectUniqueID@UIBinArchive@libmedia@UModSys@@@tl@UModSys@@2USUniquePointer@core@3@A@@YAXXZ 00408bd4 f    CIL library: CIL module
 0001:00007bf6       ??__E?s_id@?$TObjectUniqueID@UIBinObjFilter@libmedia@UModSys@@@tl@UModSys@@2USUniquePointer@core@3@A@@YAXXZ 00408bf6 f    CIL library: CIL module
 0001:00007c18       ??__E?s_id@?$TObjectUniqueID@UILibrary@libmedia@UModSys@@@tl@UModSys@@2USUniquePointer@core@3@A@@YAXXZ 00408c18 f    CIL library: CIL module
 0001:00007c3a       ??__E?s_id@?$TObjectUniqueID@UILibraryBinTree@libmedia@UModSys@@@tl@UModSys@@2USUniquePointer@core@3@A@@YAXXZ 00408c3a f    CIL library: CIL module
 0001:00007c5c       ??__E?s_id@?$TObjectUniqueID@UILibraryBinCache@libmedia@UModSys@@@tl@UModSys@@2USUniquePointer@core@3@A@@YAXXZ 00408c5c f    CIL library: CIL module
 0001:00007c7e       ??__E?s_id@?$TObjectUniqueID@UILibraryObjFilter@libmedia@UModSys@@@tl@UModSys@@2USUniquePointer@core@3@A@@YAXXZ 00408c7e f    CIL library: CIL module
 0001:00007ca0       ??__E?s_id@?$TObjectUniqueID@UILibraryLayered@libmedia@UModSys@@@tl@UModSys@@2USUniquePointer@core@3@A@@YAXXZ 00408ca0 f    CIL library: CIL module
 0001:00007cc2       ??__E?s_id@?$TObjectUniqueID@URLibraryBinCache@std@media@modules@UModSys@@@tl@UModSys@@2USUniquePointer@core@3@A@@YAXXZ 00408cc2 f    CIL library: CIL module
 0001:00007ce4       ??__E?s_id@?$TObjectUniqueID@URLibraryBinTree@std@media@modules@UModSys@@@tl@UModSys@@2USUniquePointer@core@3@A@@YAXXZ 00408ce4 f    CIL library: CIL module
 0001:00007d06       ??__E?s_id@?$TObjectUniqueID@URGenerator@std@media@modules@UModSys@@@tl@UModSys@@2USUniquePointer@core@3@A@@YAXXZ 00408d06 f    CIL library: CIL module
 0001:00007d28       ??__E?s_modreg@RModuleReg@stdio@media@modules@UModSys@@2U12345@A@@YAXXZ 00408d28 f    CIL library: CIL module
 0001:00007d4f       ??__E?s_modreg_chain@RModuleReg@stdio@media@modules@UModSys@@2USModuleRegChain@base@5@A@@YAXXZ 00408d4f f    CIL library: CIL module
 0001:00007d6a       ??__E?s_uid@RGenerator@stdio@media@modules@UModSys@@2USUniquePointer@core@5@A@@YAXXZ 00408d6a f    CIL library: CIL module
 0001:00007d8c       ??__E?s_id@?$TObjectUniqueID@URStreamReader_FILE@stdio@media@modules@UModSys@@@tl@UModSys@@2USUniquePointer@core@3@A@@YAXXZ 00408d8c f    CIL library: CIL module
 0001:00007dae       ??__E?s_id@?$TObjectUniqueID@URStreamWriter_FILE@stdio@media@modules@UModSys@@@tl@UModSys@@2USUniquePointer@core@3@A@@YAXXZ 00408dae f    CIL library: CIL module
 0001:00007dd0       ??__E?s_id@?$TObjectUniqueID@URDataArchiver_OsDir@stdio@media@modules@UModSys@@@tl@UModSys@@2USUniquePointer@core@3@A@@YAXXZ 00408dd0 f    CIL library: CIL module
 0001:00007df2       ??__E?s_id@?$TObjectUniqueID@URGenerator@stdio@media@modules@UModSys@@@tl@UModSys@@2USUniquePointer@core@3@A@@YAXXZ 00408df2 f    CIL library: CIL module
 0001:00007e14       ??__E?s_console@RConsole_std@rsystem@base@UModSys@@2U1234@A@@YAXXZ 00408e14 f    CIL library: CIL module
 0001:00007e20       ??__E?s_sys@RSystem@rsystem@base@UModSys@@2U1234@A@@YAXXZ 00408e20 f    CIL library: CIL module
 0001:00007e31       ??__Ersys_dbg@rsystem@base@UModSys@@YAXXZ 00408e31 f    CIL library: CIL module
 0001:00007e3d       ??__EM@UModSys@@YAXXZ      00408e3d f    CIL library: CIL module
 0001:00007e49       ??__E?root@SModuleRegChain@base@UModSys@@2U123@A@@YAXXZ 00408e49 f    CIL library: CIL module
 0001:00007e55       ??__E?s_library@RModuleLibraryReg_Chain@base@UModSys@@2U123@A@@YAXXZ 00408e55 f    CIL library: CIL module
 0001:00007e61       ??__E?root@SUniquePointer@core@UModSys@@2U123@A@@YAXXZ 00408e61 f    CIL library: CIL module
 0001:00007e6d       ??__F?s_id@?$TObjectUniqueID@URConsole_std@rsystem@base@UModSys@@@tl@UModSys@@2USUniquePointer@core@3@A@@YAXXZ 00408e6d f    CIL library: CIL module
 0001:00007e77       ??__F?s_id@?$TObjectUniqueID@URSystem@rsystem@base@UModSys@@@tl@UModSys@@2USUniquePointer@core@3@A@@YAXXZ 00408e77 f    CIL library: CIL module
 0001:00007e81       ??__F?s_id@?$TObjectUniqueID@URParameters@rsystem@base@UModSys@@@tl@UModSys@@2USUniquePointer@core@3@A@@YAXXZ 00408e81 f    CIL library: CIL module
 0001:00007e8b       ??__F?s_id@?$TObjectUniqueID@URModuleLibraryThis@rsystem@base@UModSys@@@tl@UModSys@@2USUniquePointer@core@3@A@@YAXXZ 00408e8b f    CIL library: CIL module
 0001:00007e95       ??__F?s_id@?$TObjectUniqueID@URModuleLibrarySO@rsystem@base@UModSys@@@tl@UModSys@@2USUniquePointer@core@3@A@@YAXXZ 00408e95 f    CIL library: CIL module
 0001:00007e9f       ??__F?s_id@?$TObjectUniqueID@UIModuleLibraryUni@rsystem@base@UModSys@@@tl@UModSys@@2USUniquePointer@core@3@A@@YAXXZ 00408e9f f    CIL library: CIL module
 0001:00007ea9       ??__F?s_id@?$TObjectUniqueID@URModule@rsystem@base@UModSys@@@tl@UModSys@@2USUniquePointer@core@3@A@@YAXXZ 00408ea9 f    CIL library: CIL module
 0001:00007eb3       ??__F?s_id@?$TObjectUniqueID@UISystem@base@UModSys@@@tl@UModSys@@2USUniquePointer@core@3@A@@YAXXZ 00408eb3 f    CIL library: CIL module
 0001:00007ebd       ??__F?s_id@?$TObjectUniqueID@UIConsole@base@UModSys@@@tl@UModSys@@2USUniquePointer@core@3@A@@YAXXZ 00408ebd f    CIL library: CIL module
 0001:00007ec7       ??__F?s_id@?$TObjectUniqueID@UIShell@base@UModSys@@@tl@UModSys@@2USUniquePointer@core@3@A@@YAXXZ 00408ec7 f    CIL library: CIL module
 0001:00007ed1       ??__F?s_id@?$TObjectUniqueID@UIGenerator@base@UModSys@@@tl@UModSys@@2USUniquePointer@core@3@A@@YAXXZ 00408ed1 f    CIL library: CIL module
 0001:00007edb       ??__F?s_id@?$TObjectUniqueID@UIModObject@base@UModSys@@@tl@UModSys@@2USUniquePointer@core@3@A@@YAXXZ 00408edb f    CIL library: CIL module
 0001:00007ee5       ??__F?s_id@?$TObjectUniqueID@UIModuleLibrary@base@UModSys@@@tl@UModSys@@2USUniquePointer@core@3@A@@YAXXZ 00408ee5 f    CIL library: CIL module
 0001:00007eef       ??__F?s_id@?$TObjectUniqueID@UIModule@base@UModSys@@@tl@UModSys@@2USUniquePointer@core@3@A@@YAXXZ 00408eef f    CIL library: CIL module
 0001:00007ef9       ??__F?s_id@?$TObjectUniqueID@UIParameters@core@UModSys@@@tl@UModSys@@2USUniquePointer@core@3@A@@YAXXZ 00408ef9 f    CIL library: CIL module
 0001:00007f03       ??__F?s_id@?$TObjectUniqueID@UIRefObject@core@UModSys@@@tl@UModSys@@2USUniquePointer@core@3@A@@YAXXZ 00408f03 f    CIL library: CIL module
 0001:00007f0d       ??__F?s_id@?$TObjectUniqueID@UIRoot@core@UModSys@@@tl@UModSys@@2USUniquePointer@core@3@A@@YAXXZ 00408f0d f    CIL library: CIL module
 0001:00007f17       ??__F?s_modreg@RModuleReg@std@media@modules@UModSys@@2U12345@A@@YAXXZ 00408f17 f    CIL library: CIL module
 0001:00007f22       ??__F?s_modreg_chain@RModuleReg@std@media@modules@UModSys@@2USModuleRegChain@base@5@A@@YAXXZ 00408f22 f    CIL library: CIL module
 0001:00007f2c       ??__F?s_uid@RGenerator@std@media@modules@UModSys@@2USUniquePointer@core@5@A@@YAXXZ 00408f2c f    CIL library: CIL module
 0001:00007f36       ??__Fh@?1??s_holder@RGenerator@std@media@modules@UModSys@@SAAAU?$TTypeStaticHolder@URGenerator@std@media@modules@UModSys@@@tl@5@XZ@YAXXZ 00408f36 f    CIL library: CIL module
 0001:00007f53       ??__F?s_id@?$TObjectUniqueID@URGenerator@std@media@modules@UModSys@@@tl@UModSys@@2USUniquePointer@core@3@A@@YAXXZ 00408f53 f    CIL library: CIL module
 0001:00007f5d       ??__F?s_id@?$TObjectUniqueID@URLibraryBinTree@std@media@modules@UModSys@@@tl@UModSys@@2USUniquePointer@core@3@A@@YAXXZ 00408f5d f    CIL library: CIL module
 0001:00007f67       ??__F?s_id@?$TObjectUniqueID@URLibraryBinCache@std@media@modules@UModSys@@@tl@UModSys@@2USUniquePointer@core@3@A@@YAXXZ 00408f67 f    CIL library: CIL module
 0001:00007f71       ??__F?s_id@?$TObjectUniqueID@UILibraryLayered@libmedia@UModSys@@@tl@UModSys@@2USUniquePointer@core@3@A@@YAXXZ 00408f71 f    CIL library: CIL module
 0001:00007f7b       ??__F?s_id@?$TObjectUniqueID@UILibraryObjFilter@libmedia@UModSys@@@tl@UModSys@@2USUniquePointer@core@3@A@@YAXXZ 00408f7b f    CIL library: CIL module
 0001:00007f85       ??__F?s_id@?$TObjectUniqueID@UILibraryBinCache@libmedia@UModSys@@@tl@UModSys@@2USUniquePointer@core@3@A@@YAXXZ 00408f85 f    CIL library: CIL module
 0001:00007f8f       ??__F?s_id@?$TObjectUniqueID@UILibraryBinTree@libmedia@UModSys@@@tl@UModSys@@2USUniquePointer@core@3@A@@YAXXZ 00408f8f f    CIL library: CIL module
 0001:00007f99       ??__F?s_id@?$TObjectUniqueID@UILibrary@libmedia@UModSys@@@tl@UModSys@@2USUniquePointer@core@3@A@@YAXXZ 00408f99 f    CIL library: CIL module
 0001:00007fa3       ??__F?s_id@?$TObjectUniqueID@UIBinObjFilter@libmedia@UModSys@@@tl@UModSys@@2USUniquePointer@core@3@A@@YAXXZ 00408fa3 f    CIL library: CIL module
 0001:00007fad       ??__F?s_id@?$TObjectUniqueID@UIBinArchive@libmedia@UModSys@@@tl@UModSys@@2USUniquePointer@core@3@A@@YAXXZ 00408fad f    CIL library: CIL module
 0001:00007fb7       ??__F?s_id@?$TObjectUniqueID@UIStreamWriter@libmedia@UModSys@@@tl@UModSys@@2USUniquePointer@core@3@A@@YAXXZ 00408fb7 f    CIL library: CIL module
 0001:00007fc1       ??__F?s_id@?$TObjectUniqueID@UIStreamReader@libmedia@UModSys@@@tl@UModSys@@2USUniquePointer@core@3@A@@YAXXZ 00408fc1 f    CIL library: CIL module
 0001:00007fcb       ??__F?s_modreg@RModuleReg@stdio@media@modules@UModSys@@2U12345@A@@YAXXZ 00408fcb f    CIL library: CIL module
 0001:00007fd6       ??__F?s_modreg_chain@RModuleReg@stdio@media@modules@UModSys@@2USModuleRegChain@base@5@A@@YAXXZ 00408fd6 f    CIL library: CIL module
 0001:00007fe0       ??__F?s_uid@RGenerator@stdio@media@modules@UModSys@@2USUniquePointer@core@5@A@@YAXXZ 00408fe0 f    CIL library: CIL module
 0001:00007fea       ??__Fh@?1??s_holder@RGenerator@stdio@media@modules@UModSys@@SAAAU?$TTypeStaticHolder@URGenerator@stdio@media@modules@UModSys@@@tl@5@XZ@YAXXZ 00408fea f    CIL library: CIL module
 0001:00008007       ??__F?s_id@?$TObjectUniqueID@URGenerator@stdio@media@modules@UModSys@@@tl@UModSys@@2USUniquePointer@core@3@A@@YAXXZ 00409007 f    CIL library: CIL module
 0001:00008011       ??__F?s_id@?$TObjectUniqueID@URDataArchiver_OsDir@stdio@media@modules@UModSys@@@tl@UModSys@@2USUniquePointer@core@3@A@@YAXXZ 00409011 f    CIL library: CIL module
 0001:0000801b       ??__F?s_id@?$TObjectUniqueID@URStreamWriter_FILE@stdio@media@modules@UModSys@@@tl@UModSys@@2USUniquePointer@core@3@A@@YAXXZ 0040901b f    CIL library: CIL module
 0001:00008025       ??__F?s_id@?$TObjectUniqueID@URStreamReader_FILE@stdio@media@modules@UModSys@@@tl@UModSys@@2USUniquePointer@core@3@A@@YAXXZ 00409025 f    CIL library: CIL module
 0001:0000802f       ??__F?s_console@RConsole_std@rsystem@base@UModSys@@2U1234@A@@YAXXZ 0040902f f    CIL library: CIL module
 0001:0000805c       ??__F?s_sys@RSystem@rsystem@base@UModSys@@2U1234@A@@YAXXZ 0040905c f    CIL library: CIL module
 0001:00008067       ??__Frsys_dbg@rsystem@base@UModSys@@YAXXZ 00409067 f    CIL library: CIL module
 0001:0000807e       ??__FM@UModSys@@YAXXZ      0040907e f    CIL library: CIL module
 0001:0000807f       ??__F?root@SModuleRegChain@base@UModSys@@2U123@A@@YAXXZ 0040907f f    CIL library: CIL module
 0001:00008089       ??__F?s_library@RModuleLibraryReg_Chain@base@UModSys@@2U123@A@@YAXXZ 00409089 f    CIL library: CIL module
 0001:00008094       ??__F?root@SUniquePointer@core@UModSys@@2U123@A@@YAXXZ 00409094 f    CIL library: CIL module

 Exports

  ordinal    name

        1    _UModSys_Plugin_Entry2@0
