 umodsysc

 Timestamp is 53327dc7 (Wed Mar 26 10:12:07 2014)

 Preferred load address is 00400000

 Start         Length     Name                   Class
 0001:00000000 0000dc40H .text                   CODE
 0001:0000dc40 00000508H .text$x                 CODE
 0001:0000e148 0000070eH .text$yc                CODE
 0001:0000e856 000002c3H .text$yd                CODE
 0002:00000000 0000015cH .idata$5                DATA
 0002:0000015c 00000004H .CRT$XCA                DATA
 0002:00000160 00000004H .CRT$XCAA               DATA
 0002:00000164 00000378H .CRT$XCU                DATA
 0002:000004dc 00000004H .CRT$XCZ                DATA
 0002:000004e0 00000004H .CRT$XIA                DATA
 0002:000004e4 00000004H .CRT$XIAA               DATA
 0002:000004e8 00000004H .CRT$XIY                DATA
 0002:000004ec 00000004H .CRT$XIZ                DATA
 0002:000004f0 00001a68H .rdata                  DATA
 0002:00001f58 00001324H .rdata$r                DATA
 0002:00003280 000000b8H .rdata$sxdata           DATA
 0002:00003338 00000004H .rtc$IAA                DATA
 0002:0000333c 00000004H .rtc$IZZ                DATA
 0002:00003340 00000004H .rtc$TAA                DATA
 0002:00003344 00000004H .rtc$TZZ                DATA
 0002:00003348 00000a44H .xdata$x                DATA
 0002:00003d8c 00000028H .idata$2                DATA
 0002:00003db4 00000014H .idata$3                DATA
 0002:00003dc8 0000015cH .idata$4                DATA
 0002:00003f24 00000580H .idata$6                DATA
 0002:000044b0 00000058H .edata                  DATA
 0003:00000000 00000d60H .data                   DATA
 0003:00000d60 00002a00H .bss                    DATA

  Address         Publics by Value              Rva+Base       Lib:Object

 0000:00000000       __except_list              00000000     <absolute>
 0000:0000002e       ___safe_se_handler_count   0000002e     <absolute>
 0000:00009876       __ldused                   00009876     <absolute>
 0000:00009876       __fltused                  00009876     <absolute>
 0000:00000000       ___ImageBase               00400000     <linker-defined>
 0001:00000000       ??$slen@D@su@tl@UModSys@@YAIPBD@Z 00401000 f i umodsys.c_main.obj
 0001:00000019       _main                      00401019 f   umodsys.c_main.obj
 0001:000001c7       ??0?$TString@U?$TSCoreConst@D@su@tl@UModSys@@U?$TComparerBinaryHash@D@234@@tl@UModSys@@QAE@PBD@Z 004011c7 f i umodsys.c_main.obj
 0001:000001ec       ?update@?$TComparerBinaryHash@D@su@tl@UModSys@@QAEXPBDI@Z 004011ec f i umodsys.c_main.obj
 0001:00000223       ??1SInfo@IBinObjFilter@libmedia@UModSys@@QAE@XZ 00401223 f i umodsys_lib_libmedia:umodsys.mod.media.stdlib.obj
 0001:00000223       ??1SCMemShared@core@UModSys@@QAE@XZ 00401223 f i umodsys_lib_libmedia:umodsys.mod.media.stdlib.obj
 0001:00000223       ??1SMemShared@core@UModSys@@QAE@XZ 00401223 f i umodsys_lib_libmedia:umodsys.mod.media.stdio.obj
 0001:0000022d       ?link@SMemShared@core@UModSys@@QAE_NPAUSMemorySharedData@23@PAUSSourceContext@23@@Z 0040122d f i umodsys_lib_libmedia:umodsys.mod.media.stdio.obj
 0001:0000022d       ?link@SCMemShared@core@UModSys@@QAE_NPAUSMemorySharedData@23@PAUSSourceContext@23@@Z 0040122d f i umodsys_lib_libmedia:umodsys.mod.media.stdio.obj
 0001:00000252       ??6SUniquePtrList@core@UModSys@@QAEAAU012@PBUSUniquePointerInfo@12@@Z 00401252 f i umodsys_lib_libmedia:umodsys.mod.media.stdio.obj
 0001:0000026e       ??2IRoot@core@UModSys@@SAPAXIABUSIMemAlloc@12@@Z 0040126e f i umodsys_lib_libmedia:umodsys.mod.media.stdio.obj
 0001:00000290       ??3IRoot@core@UModSys@@SAXPAXABUSIMemAlloc@12@@Z 00401290 f i umodsys_lib_libmedia:umodsys.mod.media.stdio.obj
 0001:000002a9       ?_root_get_other_interface@IRefObject@core@UModSys@@IBEPBUIRoot@23@PBUSUniquePointerInfo@23@@Z 004012a9 f i umodsys_lib_libmedia:umodsys.mod.media.stdio.obj
 0001:000002a9       ?_root_get_other_interface@IRefObject@core@UModSys@@IAEPAUIRoot@23@PBUSUniquePointerInfo@23@@Z 004012a9 f i umodsys_lib_libmedia:umodsys.mod.media.stdio.obj
 0001:000002ca       ?_root_get_interface_types@IRefObject@core@UModSys@@SAIAAUSUniquePtrList@23@@Z 004012ca f i umodsys_lib_libmedia:umodsys.mod.media.stdio.obj
 0001:000002ea       ?_root_is_interface_supported@IRefObject@core@UModSys@@SA_NPBUSUniquePointerInfo@23@@Z 004012ea f i umodsys_lib_libmedia:umodsys.mod.media.stdio.obj
 0001:00000301       ?get@SParameters@core@UModSys@@QBE_NPBDAA_N@Z 00401301 f i umodsys_lib_libmedia:umodsys.mod.media.stdio.obj
 0001:00000333       ?_root_is_interface_supported@IGenerator@base@UModSys@@SA_NPBUSUniquePointerInfo@core@3@@Z 00401333 f i umodsys_lib_libmedia:umodsys.mod.media.stdio.obj
 0001:00000353       ?_root_get_interface_types@IBinArchive@libmedia@UModSys@@SAIAAUSUniquePtrList@core@3@@Z 00401353 f i umodsys_lib_libmedia:umodsys.mod.media.stdio.obj
 0001:00000375       ?_root_is_interface_supported@IBinArchive@libmedia@UModSys@@SA_NPBUSUniquePointerInfo@core@3@@Z 00401375 f i umodsys_lib_libmedia:umodsys.mod.media.stdio.obj
 0001:00000395       ?archive_load_data@libmedia@UModSys@@YA_NAAUIBinArchive@12@ABU?$TString@U?$TSCoreConst@D@su@tl@UModSys@@U?$TComparerBinaryHash@D@234@@tl@2@AAUSCMemShared@core@2@ABUSFlags@12@@Z 00401395 f i umodsys_lib_libmedia:umodsys.mod.media.stdio.obj
 0001:000004c0       ?file_get_size@stdio@media@modules@UModSys@@YA_JPAU_iobuf@@@Z 004014c0 f i umodsys_lib_libmedia:umodsys.mod.media.stdio.obj
 0001:0000050b       ?root_get_interface_info@RStreamReader_FILE@stdio@media@modules@UModSys@@UBEABUSUniquePointerInfo@core@5@XZ 0040150b f i umodsys_lib_libmedia:umodsys.mod.media.stdio.obj
 0001:00000511       ?root_get_interface_type@RStreamReader_FILE@stdio@media@modules@UModSys@@UBEPBUSUniquePointerInfo@core@5@XZ 00401511 f i umodsys_lib_libmedia:umodsys.mod.media.stdio.obj
 0001:00000517       ?root_get_other_interface@RStreamReader_FILE@stdio@media@modules@UModSys@@UBEPBUIRoot@core@5@PBUSUniquePointerInfo@75@@Z 00401517 f i umodsys_lib_libmedia:umodsys.mod.media.stdio.obj
 0001:00000517       ?root_get_other_interface@RStreamReader_FILE@stdio@media@modules@UModSys@@UAEPAUIRoot@core@5@PBUSUniquePointerInfo@75@@Z 00401517 f i umodsys_lib_libmedia:umodsys.mod.media.stdio.obj
 0001:00000538       ?root_is_interface_supported@RStreamReader_FILE@stdio@media@modules@UModSys@@UBE_NPBUSUniquePointerInfo@core@5@@Z 00401538 f i umodsys_lib_libmedia:umodsys.mod.media.stdio.obj
 0001:0000055f       ?ref_weak@RGenerator@stdio@media@modules@UModSys@@UBE_NAAUWeakPointer@IRefObject@core@5@@Z 0040155f f i umodsys_lib_libmedia:umodsys.mod.media.stdio.obj
 0001:0000055f       ?ref_weak@RStreamReader_FILE@stdio@media@modules@UModSys@@UBE_NAAUWeakPointer@IRefObject@core@5@@Z 0040155f f i umodsys_lib_libmedia:umodsys.mod.media.stdio.obj
 0001:0000055f       ?ref_weak@RGenerator@stdlib@media@modules@UModSys@@UBE_NAAUWeakPointer@IRefObject@core@5@@Z 0040155f f i umodsys_lib_libmedia:umodsys.mod.media.stdlib.obj
 0001:0000055f       ?ref_weak@RUtilities@stdlib@media@modules@UModSys@@UBE_NAAUWeakPointer@IRefObject@core@5@@Z 0040155f f i umodsys_lib_libmedia:umodsys.mod.media.stdlib.obj
 0001:0000055f       ?ref_weak@RStreamWriter_FILE@stdio@media@modules@UModSys@@UBE_NAAUWeakPointer@IRefObject@core@5@@Z 0040155f f i umodsys_lib_libmedia:umodsys.mod.media.stdio.obj
 0001:0000057e       ??0RStreamReader_FILE@stdio@media@modules@UModSys@@QAE@PAUIModObject@base@4@ABUSParameters@core@4@@Z 0040157e f i umodsys_lib_libmedia:umodsys.mod.media.stdio.obj
 0001:000005f9       ??0RStreamReader_FILE@stdio@media@modules@UModSys@@QAE@PAUIModObject@base@4@PBD@Z 004015f9 f i umodsys_lib_libmedia:umodsys.mod.media.stdio.obj
 0001:00000650       ?open@RStreamReader_FILE@stdio@media@modules@UModSys@@QAEXPBD@Z 00401650 f i umodsys_lib_libmedia:umodsys.mod.media.stdio.obj
 0001:00000674       ?reader_seek@RStreamReader_FILE@stdio@media@modules@UModSys@@UAE_N_J@Z 00401674 f i umodsys_lib_libmedia:umodsys.mod.media.stdio.obj
 0001:00000697       ?reader_seekend@RStreamReader_FILE@stdio@media@modules@UModSys@@UAE_N_J@Z 00401697 f i umodsys_lib_libmedia:umodsys.mod.media.stdio.obj
 0001:000006bd       ?reader_seekdelta@RStreamReader_FILE@stdio@media@modules@UModSys@@UAE_N_J@Z 004016bd f i umodsys_lib_libmedia:umodsys.mod.media.stdio.obj
 0001:000006e0       ?reader_pos@RStreamReader_FILE@stdio@media@modules@UModSys@@UAE_JXZ 004016e0 f i umodsys_lib_libmedia:umodsys.mod.media.stdio.obj
 0001:000006f5       ?reader_size@RStreamReader_FILE@stdio@media@modules@UModSys@@UAE_JXZ 004016f5 f i umodsys_lib_libmedia:umodsys.mod.media.stdio.obj
 0001:000006fc       ?reader_read@RStreamReader_FILE@stdio@media@modules@UModSys@@UAE_NPAXI@Z 004016fc f i umodsys_lib_libmedia:umodsys.mod.media.stdio.obj
 0001:00000759       ?reader_close@RStreamReader_FILE@stdio@media@modules@UModSys@@UAEXXZ 00401759 f i umodsys_lib_libmedia:umodsys.mod.media.stdio.obj
 0001:00000771       ??_ERStreamReader_FILE@stdio@media@modules@UModSys@@UAEPAXI@Z 00401771 f i  CIL library: CIL module
 0001:00000771       ??_GRStreamReader_FILE@stdio@media@modules@UModSys@@UAEPAXI@Z 00401771 f i umodsys_lib_libmedia:umodsys.mod.media.stdio.obj
 0001:00000799       ?root_get_interface_info@RStreamWriter_FILE@stdio@media@modules@UModSys@@UBEABUSUniquePointerInfo@core@5@XZ 00401799 f i umodsys_lib_libmedia:umodsys.mod.media.stdio.obj
 0001:0000079f       ?root_get_interface_type@RStreamWriter_FILE@stdio@media@modules@UModSys@@UBEPBUSUniquePointerInfo@core@5@XZ 0040179f f i umodsys_lib_libmedia:umodsys.mod.media.stdio.obj
 0001:000007a5       ?root_get_other_interface@RStreamWriter_FILE@stdio@media@modules@UModSys@@UAEPAUIRoot@core@5@PBUSUniquePointerInfo@75@@Z 004017a5 f i umodsys_lib_libmedia:umodsys.mod.media.stdio.obj
 0001:000007a5       ?root_get_other_interface@RStreamWriter_FILE@stdio@media@modules@UModSys@@UBEPBUIRoot@core@5@PBUSUniquePointerInfo@75@@Z 004017a5 f i umodsys_lib_libmedia:umodsys.mod.media.stdio.obj
 0001:000007c6       ?root_is_interface_supported@RStreamWriter_FILE@stdio@media@modules@UModSys@@UBE_NPBUSUniquePointerInfo@core@5@@Z 004017c6 f i umodsys_lib_libmedia:umodsys.mod.media.stdio.obj
 0001:000007ed       ?ref_add@RStreamReader_FILE@stdio@media@modules@UModSys@@UBEXXZ 004017ed f i umodsys_lib_libmedia:umodsys.mod.media.stdio.obj
 0001:000007ed       ?ref_add@RStreamWriter_FILE@stdio@media@modules@UModSys@@UBEXXZ 004017ed f i umodsys_lib_libmedia:umodsys.mod.media.stdio.obj
 0001:000007ed       ?ref_add@RGenerator@stdio@media@modules@UModSys@@UBEXXZ 004017ed f i umodsys_lib_libmedia:umodsys.mod.media.stdio.obj
 0001:000007ed       ?ref_add@RGenerator@stdlib@media@modules@UModSys@@UBEXXZ 004017ed f i umodsys_lib_libmedia:umodsys.mod.media.stdlib.obj
 0001:000007ed       ?ref_add@RUtilities@stdlib@media@modules@UModSys@@UBEXXZ 004017ed f i umodsys_lib_libmedia:umodsys.mod.media.stdlib.obj
 0001:000007f1       ?ref_remove@RStreamReader_FILE@stdio@media@modules@UModSys@@UBEXXZ 004017f1 f i umodsys_lib_libmedia:umodsys.mod.media.stdio.obj
 0001:000007f1       ?ref_remove@RGenerator@stdlib@media@modules@UModSys@@UBEXXZ 004017f1 f i umodsys_lib_libmedia:umodsys.mod.media.stdlib.obj
 0001:000007f1       ?ref_remove@RGenerator@stdio@media@modules@UModSys@@UBEXXZ 004017f1 f i umodsys_lib_libmedia:umodsys.mod.media.stdio.obj
 0001:000007f1       ?ref_remove@RStreamWriter_FILE@stdio@media@modules@UModSys@@UBEXXZ 004017f1 f i umodsys_lib_libmedia:umodsys.mod.media.stdio.obj
 0001:000007f1       ?ref_remove@RUtilities@stdlib@media@modules@UModSys@@UBEXXZ 004017f1 f i umodsys_lib_libmedia:umodsys.mod.media.stdlib.obj
 0001:000007fc       ?get_system@IModuleLibraryUni@rsystem@base@UModSys@@UBEPAUISystem@34@XZ 004017fc f i umodsys_lib_basesys:umodsys.basesys.rmodulelib.obj
 0001:000007fc       ?ref_links@RStreamWriter_FILE@stdio@media@modules@UModSys@@UBEHXZ 004017fc f i umodsys_lib_libmedia:umodsys.mod.media.stdio.obj
 0001:000007fc       ?ref_links@RGenerator@stdio@media@modules@UModSys@@UBEHXZ 004017fc f i umodsys_lib_libmedia:umodsys.mod.media.stdio.obj
 0001:000007fc       ?ref_links@RUtilities@stdlib@media@modules@UModSys@@UBEHXZ 004017fc f i umodsys_lib_libmedia:umodsys.mod.media.stdlib.obj
 0001:000007fc       ?ref_links@RStreamReader_FILE@stdio@media@modules@UModSys@@UBEHXZ 004017fc f i umodsys_lib_libmedia:umodsys.mod.media.stdio.obj
 0001:000007fc       ?ref_links@RGenerator@stdlib@media@modules@UModSys@@UBEHXZ 004017fc f i umodsys_lib_libmedia:umodsys.mod.media.stdlib.obj
 0001:00000800       ?suicide@RStreamReader_FILE@stdio@media@modules@UModSys@@UAEXXZ 00401800 f i umodsys_lib_libmedia:umodsys.mod.media.stdio.obj
 0001:00000800       ?suicide@RUtilities@stdlib@media@modules@UModSys@@UAEXXZ 00401800 f i umodsys_lib_libmedia:umodsys.mod.media.stdlib.obj
 0001:00000800       ?suicide@RStreamWriter_FILE@stdio@media@modules@UModSys@@UAEXXZ 00401800 f i umodsys_lib_libmedia:umodsys.mod.media.stdio.obj
 0001:0000083d       ??0RStreamWriter_FILE@stdio@media@modules@UModSys@@QAE@PAUIModObject@base@4@ABUSParameters@core@4@@Z 0040183d f i umodsys_lib_libmedia:umodsys.mod.media.stdio.obj
 0001:000008d6       ??0RStreamWriter_FILE@stdio@media@modules@UModSys@@QAE@PAUIModObject@base@4@PBD_N@Z 004018d6 f i umodsys_lib_libmedia:umodsys.mod.media.stdio.obj
 0001:00000937       ?open@RStreamWriter_FILE@stdio@media@modules@UModSys@@QAEXPBD_N@Z 00401937 f i umodsys_lib_libmedia:umodsys.mod.media.stdio.obj
 0001:0000097d       ?writer_seek@RStreamWriter_FILE@stdio@media@modules@UModSys@@UAE_N_J@Z 0040197d f i umodsys_lib_libmedia:umodsys.mod.media.stdio.obj
 0001:000009a0       ?writer_seekend@RStreamWriter_FILE@stdio@media@modules@UModSys@@UAE_N_J@Z 004019a0 f i umodsys_lib_libmedia:umodsys.mod.media.stdio.obj
 0001:000009c6       ?writer_seekdelta@RStreamWriter_FILE@stdio@media@modules@UModSys@@UAE_N_J@Z 004019c6 f i umodsys_lib_libmedia:umodsys.mod.media.stdio.obj
 0001:000009e9       ?writer_setsize@RStreamWriter_FILE@stdio@media@modules@UModSys@@UAE_N_J@Z 004019e9 f i umodsys_lib_libmedia:umodsys.mod.media.stdio.obj
 0001:00000a31       ?writer_pos@RStreamWriter_FILE@stdio@media@modules@UModSys@@UAE_JXZ 00401a31 f i umodsys_lib_libmedia:umodsys.mod.media.stdio.obj
 0001:00000a46       ?writer_size@RStreamWriter_FILE@stdio@media@modules@UModSys@@UAE_JXZ 00401a46 f i umodsys_lib_libmedia:umodsys.mod.media.stdio.obj
 0001:00000a6b       ?writer_write@RStreamWriter_FILE@stdio@media@modules@UModSys@@UAE_NPBXI@Z 00401a6b f i umodsys_lib_libmedia:umodsys.mod.media.stdio.obj
 0001:00000ac8       ?writer_copy@RStreamWriter_FILE@stdio@media@modules@UModSys@@UAE_NPAUIStreamReader@libmedia@5@_J@Z 00401ac8 f i umodsys_lib_libmedia:umodsys.mod.media.stdio.obj
 0001:00000b4c       ?writer_copy@RStreamWriter_FILE@stdio@media@modules@UModSys@@UAE_NPAUIStreamReader@libmedia@5@_J1@Z 00401b4c f i umodsys_lib_libmedia:umodsys.mod.media.stdio.obj
 0001:00000b83       ?writer_close@RStreamWriter_FILE@stdio@media@modules@UModSys@@UAEXXZ 00401b83 f i umodsys_lib_libmedia:umodsys.mod.media.stdio.obj
 0001:00000bb0       ?writer_abort@RStreamWriter_FILE@stdio@media@modules@UModSys@@UAEXXZ 00401bb0 f i umodsys_lib_libmedia:umodsys.mod.media.stdio.obj
 0001:00000bdd       ??_GRStreamWriter_FILE@stdio@media@modules@UModSys@@UAEPAXI@Z 00401bdd f i umodsys_lib_libmedia:umodsys.mod.media.stdio.obj
 0001:00000bdd       ??_ERStreamWriter_FILE@stdio@media@modules@UModSys@@UAEPAXI@Z 00401bdd f i  CIL library: CIL module
 0001:00000c21       ??1IRefObject@core@UModSys@@UAE@XZ 00401c21 f i umodsys_lib_core:umodsys.core.objects.obj
 0001:00000c21       ??1ISystem@base@UModSys@@UAE@XZ 00401c21 f i umodsys_lib_base:umodsys.base.system.obj
 0001:00000c21       ??1IUtilities@libmedia@UModSys@@UAE@XZ 00401c21 f i umodsys_lib_libmedia:umodsys.mod.media.stdlib.obj
 0001:00000c21       ??1IModule@base@UModSys@@UAE@XZ 00401c21 f i umodsys_lib_base:umodsys.base.module.obj
 0001:00000c21       ??1IStreamWriter@libmedia@UModSys@@UAE@XZ 00401c21 f i umodsys_lib_libmedia:umodsys.mod.media.stdio.obj
 0001:00000c21       ??1IStreamReader@libmedia@UModSys@@UAE@XZ 00401c21 f i umodsys_lib_libmedia:umodsys.mod.media.stdio.obj
 0001:00000c28       ?root_get_interface_info@RDataArchiver_OsDir@stdio@media@modules@UModSys@@UBEABUSUniquePointerInfo@core@5@XZ 00401c28 f i umodsys_lib_libmedia:umodsys.mod.media.stdio.obj
 0001:00000c2e       ?root_get_interface_type@RDataArchiver_OsDir@stdio@media@modules@UModSys@@UBEPBUSUniquePointerInfo@core@5@XZ 00401c2e f i umodsys_lib_libmedia:umodsys.mod.media.stdio.obj
 0001:00000c34       ?root_get_other_interface@RDataArchiver_OsDir@stdio@media@modules@UModSys@@UAEPAUIRoot@core@5@PBUSUniquePointerInfo@75@@Z 00401c34 f i umodsys_lib_libmedia:umodsys.mod.media.stdio.obj
 0001:00000c34       ?root_get_other_interface@RDataArchiver_OsDir@stdio@media@modules@UModSys@@UBEPBUIRoot@core@5@PBUSUniquePointerInfo@75@@Z 00401c34 f i umodsys_lib_libmedia:umodsys.mod.media.stdio.obj
 0001:00000c5d       ?root_is_interface_supported@RDataArchiver_OsDir@stdio@media@modules@UModSys@@UBE_NPBUSUniquePointerInfo@core@5@@Z 00401c5d f i umodsys_lib_libmedia:umodsys.mod.media.stdio.obj
 0001:00000c7c       ??0RDataArchiver_OsDir@stdio@media@modules@UModSys@@QAE@PAUIModObject@base@4@ABUSParameters@core@4@U?$TFlags4State@USMediaFlagUid@libmedia@UModSys@@I@tl@4@@Z 00401c7c f i umodsys_lib_libmedia:umodsys.mod.media.stdio.obj
 0001:00000cef       ?open@RDataArchiver_OsDir@stdio@media@modules@UModSys@@QAEXABUSParameters@core@5@@Z 00401cef f i umodsys_lib_libmedia:umodsys.mod.media.stdio.obj
 0001:00000dca       ?get_flag@RDataArchiver_OsDir@stdio@media@modules@UModSys@@UBE?AW4eStates@?$TFlags4State@USMediaFlagUid@libmedia@UModSys@@I@tl@5@H@Z 00401dca f i umodsys_lib_libmedia:umodsys.mod.media.stdio.obj
 0001:00000ddd       ?get_flags_auto@RDataArchiver_OsDir@stdio@media@modules@UModSys@@UBE?AU?$TFlags4State@USMediaFlagUid@libmedia@UModSys@@I@tl@5@XZ 00401ddd f i umodsys_lib_libmedia:umodsys.mod.media.stdio.obj
 0001:00000dec       ?set_flag@RDataArchiver_OsDir@stdio@media@modules@UModSys@@UAE?AW4eStates@?$TFlags4State@USMediaFlagUid@libmedia@UModSys@@I@tl@5@HW46785@@Z 00401dec f i umodsys_lib_libmedia:umodsys.mod.media.stdio.obj
 0001:00000e19       ?data_load@RDataArchiver_OsDir@stdio@media@modules@UModSys@@UAE_NABU?$TString@U?$TSCoreConst@D@su@tl@UModSys@@U?$TComparerBinaryHash@D@234@@tl@5@AAUSCMemShared@core@5@ABUSFlags@libmedia@5@@Z 00401e19 f i umodsys_lib_libmedia:umodsys.mod.media.stdio.obj
 0001:00000e4e       ?data_save@RDataArchiver_OsDir@stdio@media@modules@UModSys@@UAE_NABU?$TString@U?$TSCoreConst@D@su@tl@UModSys@@U?$TComparerBinaryHash@D@234@@tl@5@ABUSCMem@core@5@ABUSFlags@libmedia@5@@Z 00401e4e f i umodsys_lib_libmedia:umodsys.mod.media.stdio.obj
 0001:00000ec4       ?data_reader@RDataArchiver_OsDir@stdio@media@modules@UModSys@@UAE?AU?$TRefObject@UIStreamReader@libmedia@UModSys@@U?$TRefObjectFunc@UIStreamReader@libmedia@UModSys@@@tl@3@@tl@5@ABU?$TString@U?$TSCoreConst@D@su@tl@UModSys@@U?$TComparerBinaryHash@D@234@@75@ABUSFlags@libmedia@5@@Z 00401ec4 f i umodsys_lib_libmedia:umodsys.mod.media.stdio.obj
 0001:00000fcb       ?data_writer@RDataArchiver_OsDir@stdio@media@modules@UModSys@@UAE?AU?$TRefObject@UIStreamWriter@libmedia@UModSys@@U?$TRefObjectFunc@UIStreamWriter@libmedia@UModSys@@@tl@3@@tl@5@ABU?$TString@U?$TSCoreConst@D@su@tl@UModSys@@U?$TComparerBinaryHash@D@234@@75@ABUSFlags@libmedia@5@@Z 00401fcb f i umodsys_lib_libmedia:umodsys.mod.media.stdio.obj
 0001:000010ed       ?data_list@RDataArchiver_OsDir@stdio@media@modules@UModSys@@UAE_NABU?$TString@U?$TSCoreConst@D@su@tl@UModSys@@U?$TComparerBinaryHash@D@234@@tl@5@IAAU?$TIStackSocket@USFileInfo@libmedia@UModSys@@@75@ABUSFlags@libmedia@5@@Z 004020ed f i umodsys_lib_libmedia:umodsys.mod.media.stdio.obj
 0001:000010ed       ?data_info@RDataArchiver_OsDir@stdio@media@modules@UModSys@@UAE_NABU?$TString@U?$TSCoreConst@D@su@tl@UModSys@@U?$TComparerBinaryHash@D@234@@tl@5@IAAUSFileInfo@libmedia@5@ABUSFlags@95@@Z 004020ed f i umodsys_lib_libmedia:umodsys.mod.media.stdio.obj
 0001:00001136       ?get_permissions@RDataArchiver_OsDir@stdio@media@modules@UModSys@@UAEHXZ 00402136 f i umodsys_lib_libmedia:umodsys.mod.media.stdio.obj
 0001:0000113a       ??_ERDataArchiver_OsDir@stdio@media@modules@UModSys@@UAEPAXI@Z 0040213a f i  CIL library: CIL module
 0001:0000113a       ??_GRDataArchiver_OsDir@stdio@media@modules@UModSys@@UAEPAXI@Z 0040213a f i umodsys_lib_libmedia:umodsys.mod.media.stdio.obj
 0001:0000118e       ??1ILibObject@libmedia@UModSys@@UAE@XZ 0040218e f i umodsys_lib_libmedia:umodsys.mod.media.stdio.obj
 0001:000011c5       ?get_generated_names@RGenerator@stdio@media@modules@UModSys@@UBEHAAUSUniquePtrList@core@5@@Z 004021c5 f i umodsys_lib_libmedia:umodsys.mod.media.stdio.obj
 0001:000011f5       ?get_generated_types@RGenerator@stdio@media@modules@UModSys@@UBEHAAUSUniquePtrList@core@5@PBUSUniquePointerInfo@75@@Z 004021f5 f i umodsys_lib_libmedia:umodsys.mod.media.stdio.obj
 0001:00001268       ?generate@RGenerator@stdio@media@modules@UModSys@@UAE_NAAU?$TRefObject@UIRefObject@core@UModSys@@U?$TRefObjectFunc@UIRefObject@core@UModSys@@@tl@3@@tl@5@PBUSUniquePointerInfo@core@5@ABUSParameters@95@@Z 00402268 f i umodsys_lib_libmedia:umodsys.mod.media.stdio.obj
 0001:000012cf       ?root_get_interface_info@RGenerator@stdio@media@modules@UModSys@@UBEABUSUniquePointerInfo@core@5@XZ 004022cf f i umodsys_lib_libmedia:umodsys.mod.media.stdio.obj
 0001:000012d5       ?root_get_interface_type@RGenerator@stdio@media@modules@UModSys@@UBEPBUSUniquePointerInfo@core@5@XZ 004022d5 f i umodsys_lib_libmedia:umodsys.mod.media.stdio.obj
 0001:000012db       ?root_get_other_interface@RGenerator@stdio@media@modules@UModSys@@UAEPAUIRoot@core@5@PBUSUniquePointerInfo@75@@Z 004022db f i umodsys_lib_libmedia:umodsys.mod.media.stdio.obj
 0001:000012db       ?root_get_other_interface@RGenerator@stdio@media@modules@UModSys@@UBEPBUIRoot@core@5@PBUSUniquePointerInfo@75@@Z 004022db f i umodsys_lib_libmedia:umodsys.mod.media.stdio.obj
 0001:00001304       ?root_is_interface_supported@RGenerator@stdio@media@modules@UModSys@@UBE_NPBUSUniquePointerInfo@core@5@@Z 00402304 f i umodsys_lib_libmedia:umodsys.mod.media.stdio.obj
 0001:00001323       ?ref_remove@RConsole_std@rsystem@base@UModSys@@UBEXXZ 00402323 f i umodsys_lib_basesys:umodsys.basesys.rconsole_std.obj
 0001:00001323       ?suicide@RGenerator@stdlib@media@modules@UModSys@@UAEXXZ 00402323 f i umodsys_lib_libmedia:umodsys.mod.media.stdlib.obj
 0001:00001323       ?suicide@RGenerator@stdio@media@modules@UModSys@@UAEXXZ 00402323 f i umodsys_lib_libmedia:umodsys.mod.media.stdio.obj
 0001:00001323       ??3@YAXPAX0@Z              00402323 f i umodsys_lib_libmedia:umodsys.mod.media.stdio.obj
 0001:00001323       ?ref_add@RConsole_std@rsystem@base@UModSys@@UBEXXZ 00402323 f i umodsys_lib_basesys:umodsys.basesys.rconsole_std.obj
 0001:00001324       ?get_uid@RGenerator@stdio@media@modules@UModSys@@UBEPBUSUniquePointerInfo@core@5@XZ 00402324 f i umodsys_lib_libmedia:umodsys.mod.media.stdio.obj
 0001:0000132a       ?do_open@RModuleReg@stdio@media@modules@UModSys@@UAE_NXZ 0040232a f i umodsys_lib_libmedia:umodsys.mod.media.stdio.obj
 0001:00001378       ?do_close@RModuleReg@stdio@media@modules@UModSys@@UAE_NXZ 00402378 f i umodsys_lib_libmedia:umodsys.mod.media.stdio.obj
 0001:000013b3       ??_EIModuleReg@base@UModSys@@UAEPAXI@Z 004023b3 f i  CIL library: CIL module
 0001:000013b3       ??_GRModuleReg@stdio@media@modules@UModSys@@UAEPAXI@Z 004023b3 f i umodsys_lib_libmedia:umodsys.mod.media.stdio.obj
 0001:000013b3       ??_ERModuleReg@stdlib@media@modules@UModSys@@UAEPAXI@Z 004023b3 f i  CIL library: CIL module
 0001:000013b3       ??_GIModuleReg@base@UModSys@@UAEPAXI@Z 004023b3 f i umodsys_lib_base:umodsys.base.modulereg.obj
 0001:000013b3       ??_ERModuleReg@stdio@media@modules@UModSys@@UAEPAXI@Z 004023b3 f i  CIL library: CIL module
 0001:000013b3       ??_GRModuleReg@stdlib@media@modules@UModSys@@UAEPAXI@Z 004023b3 f i umodsys_lib_libmedia:umodsys.mod.media.stdlib.obj
 0001:000013d0       ?get_module@RGenerator@stdio@media@modules@UModSys@@UBEPAUIModule@base@5@XZ 004023d0 f   umodsys_lib_libmedia:umodsys.mod.media.stdio.obj
 0001:000013d6       ?mod_inc@RGenerator@stdio@media@modules@UModSys@@UBE_NXZ 004023d6 f   umodsys_lib_libmedia:umodsys.mod.media.stdio.obj
 0001:000013e1       ?mod_dec@RGenerator@stdio@media@modules@UModSys@@UBE_NXZ 004023e1 f   umodsys_lib_libmedia:umodsys.mod.media.stdio.obj
 0001:000013ec       ?s_holder@RGenerator@stdio@media@modules@UModSys@@SAAAU?$TTypeStaticHolder@URGenerator@stdio@media@modules@UModSys@@@tl@5@XZ 004023ec f   umodsys_lib_libmedia:umodsys.mod.media.stdio.obj
 0001:0000141e       ??0?$TString@U?$TSCoreShared@USIMemAlloc@core@UModSys@@D@su@tl@UModSys@@U?$TComparerBinaryHash@D@234@@tl@UModSys@@QAE@XZ 0040241e f i umodsys_lib_libmedia:umodsys.mod.media.stdio.obj
 0001:00001434       ?set@?$TSCoreShared@USIMemAlloc@core@UModSys@@D@su@tl@UModSys@@QAEXPBD@Z 00402434 f i umodsys_lib_libmedia:umodsys.mod.media.stdio.obj
 0001:00001459       ?info_release@?$TSCoreShared@USIMemAlloc@core@UModSys@@D@su@tl@UModSys@@QAEXXZ 00402459 f i umodsys_lib_libmedia:umodsys.mod.media.stdio.obj
 0001:00001492       ?info_new@?$TSCoreShared@USIMemAlloc@core@UModSys@@D@su@tl@UModSys@@QAE_NPBDI@Z 00402492 f i umodsys_lib_libmedia:umodsys.mod.media.stdio.obj
 0001:000014f6       ?get_null@?$TSCoreShared@USIMemAlloc@core@UModSys@@D@su@tl@UModSys@@SAPAU?$TSharedStringInfo@DUSIMemAlloc@core@UModSys@@@234@XZ 004024f6 f i umodsys_lib_libmedia:umodsys.mod.media.stdio.obj
 0001:0000152e       ??$ValidateConstruction@UIStreamReader@libmedia@UModSys@@URStreamReader_FILE@stdio@media@modules@3@@core@UModSys@@YA_NAAU?$TRefObject@UIStreamReader@libmedia@UModSys@@U?$TRefObjectFunc@UIStreamReader@libmedia@UModSys@@@tl@3@@tl@1@PAURStreamReader_FILE@stdio@media@modules@1@@Z 0040252e f i umodsys_lib_libmedia:umodsys.mod.media.stdio.obj
 0001:00001580       ??$yes@U?$TFlags4StateShift@USMediaFlagUid@libmedia@UModSys@@I$09@tl@UModSys@@@SFlags@libmedia@UModSys@@QBE_NPBUIResolverAuto@012@@Z 00402580 f i umodsys_lib_libmedia:umodsys.mod.media.stdio.obj
 0001:000015d1       ??$ValidateConstruction@UIStreamWriter@libmedia@UModSys@@URStreamWriter_FILE@stdio@media@modules@3@@core@UModSys@@YA_NAAU?$TRefObject@UIStreamWriter@libmedia@UModSys@@U?$TRefObjectFunc@UIStreamWriter@libmedia@UModSys@@@tl@3@@tl@1@PAURStreamWriter_FILE@stdio@media@modules@1@@Z 004025d1 f i umodsys_lib_libmedia:umodsys.mod.media.stdio.obj
 0001:0000162b       ??$t_gen_param@URStreamReader_FILE@stdio@media@modules@UModSys@@URGenerator@2345@@IGenerator@base@UModSys@@IAE_NPAURGenerator@stdio@media@modules@2@AAU?$TRefObject@UIRefObject@core@UModSys@@U?$TRefObjectFunc@UIRefObject@core@UModSys@@@tl@3@@tl@2@PBUSUniquePointerInfo@core@2@ABUSParameters@core@2@@Z 0040262b f i umodsys_lib_libmedia:umodsys.mod.media.stdio.obj
 0001:000016b6       ??$t_gen_param@URStreamWriter_FILE@stdio@media@modules@UModSys@@URGenerator@2345@@IGenerator@base@UModSys@@IAE_NPAURGenerator@stdio@media@modules@2@AAU?$TRefObject@UIRefObject@core@UModSys@@U?$TRefObjectFunc@UIRefObject@core@UModSys@@@tl@3@@tl@2@PBUSUniquePointerInfo@core@2@ABUSParameters@core@2@@Z 004026b6 f i umodsys_lib_libmedia:umodsys.mod.media.stdio.obj
 0001:00001741       ??$t_gen_param@URDataArchiver_OsDir@stdio@media@modules@UModSys@@URGenerator@2345@@IGenerator@base@UModSys@@IAE_NPAURGenerator@stdio@media@modules@2@AAU?$TRefObject@UIRefObject@core@UModSys@@U?$TRefObjectFunc@UIRefObject@core@UModSys@@@tl@3@@tl@2@PBUSUniquePointerInfo@core@2@ABUSParameters@core@2@@Z 00402741 f i umodsys_lib_libmedia:umodsys.mod.media.stdio.obj
 0001:000017bc       ??1?$TRefObject@UIModObject@base@UModSys@@U?$TModObjectFunc@UIModObject@base@UModSys@@@tl@3@@tl@UModSys@@QAE@XZ 004027bc f i umodsys_lib_libmedia:umodsys.mod.media.stdio.obj
 0001:000017d2       ?s_init@?$TModObjectFunc@UIModObject@base@UModSys@@@tl@UModSys@@SAXAAPAUIModObject@base@3@PAU453@@Z 004027d2 f i umodsys_lib_libmedia:umodsys.mod.media.stdio.obj
 0001:000017eb       ??4?$TRefObject@UIStreamReader@libmedia@UModSys@@U?$TRefObjectFunc@UIStreamReader@libmedia@UModSys@@@tl@3@@tl@UModSys@@QAEABU012@PAUIStreamReader@libmedia@2@@Z 004027eb f i umodsys_lib_libmedia:umodsys.mod.media.stdio.obj
 0001:000017eb       ??4?$TRefObject@UIRefObject@core@UModSys@@U?$TRefObjectFunc@UIRefObject@core@UModSys@@@tl@3@@tl@UModSys@@QAEABU012@PAUIRefObject@core@2@@Z 004027eb f i umodsys_lib_libmedia:umodsys.mod.media.stdio.obj
 0001:000017eb       ??4?$TRefObject@UIConsole@base@UModSys@@U?$TRefObjectFunc@UIConsole@base@UModSys@@@tl@3@@tl@UModSys@@QAEABU012@PAUIConsole@base@2@@Z 004027eb f i umodsys_lib_basesys:umodsys.basesys.rsystem_main.obj
 0001:00001806       ?new_data@SMemorySharedData@core@UModSys@@SAPAU123@IPBUSSourceContext@23@@Z 00402806 f i umodsys_lib_libmedia:umodsys.mod.media.stdlib.obj
 0001:0000182a       ??$seq@D@su@tl@UModSys@@YA_NPBD0I@Z 0040282a f i umodsys_lib_libmedia:umodsys.mod.media.stdlib.obj
 0001:00001845       ??1SFileInfo@libmedia@UModSys@@QAE@XZ 00402845 f i umodsys_lib_libmedia:umodsys.mod.media.stdlib.obj
 0001:00001892       ?get_flag@RResolverChain@SFlagsChain@libmedia@UModSys@@UBE?AW4eStates@?$TFlags4State@USMediaFlagUid@libmedia@UModSys@@I@tl@4@H@Z 00402892 f i umodsys_lib_libmedia:umodsys.mod.media.stdlib.obj
 0001:000018b8       ?bin_reader@ILibrary@libmedia@UModSys@@QAE?AU?$TRefObject@UIStreamReader@libmedia@UModSys@@U?$TRefObjectFunc@UIStreamReader@libmedia@UModSys@@@tl@3@@tl@3@ABU?$TString@U?$TSCoreConst@D@su@tl@UModSys@@U?$TComparerBinaryHash@D@234@@53@ABU?$TFlags4State@USMediaFlagUid@libmedia@UModSys@@I@53@@Z 004028b8 f i umodsys_lib_libmedia:umodsys.mod.media.stdlib.obj
 0001:000018e7       ?bin_writer@ILibrary@libmedia@UModSys@@QAE?AU?$TRefObject@UIStreamWriter@libmedia@UModSys@@U?$TRefObjectFunc@UIStreamWriter@libmedia@UModSys@@@tl@3@@tl@3@ABU?$TString@U?$TSCoreConst@D@su@tl@UModSys@@U?$TComparerBinaryHash@D@234@@53@ABU?$TFlags4State@USMediaFlagUid@libmedia@UModSys@@I@53@@Z 004028e7 f i umodsys_lib_libmedia:umodsys.mod.media.stdlib.obj
 0001:00001916       ?_root_get_other_interface@ILibrary@libmedia@UModSys@@IAEPAUIRoot@core@3@PBUSUniquePointerInfo@53@@Z 00402916 f i umodsys_lib_libmedia:umodsys.mod.media.stdlib.obj
 0001:00001916       ?_root_get_other_interface@ILibrary@libmedia@UModSys@@IBEPBUIRoot@core@3@PBUSUniquePointerInfo@53@@Z 00402916 f i umodsys_lib_libmedia:umodsys.mod.media.stdlib.obj
 0001:00001932       ?_root_get_interface_types@ILibrary@libmedia@UModSys@@SAIAAUSUniquePtrList@core@3@@Z 00402932 f i umodsys_lib_libmedia:umodsys.mod.media.stdlib.obj
 0001:00001954       ?_root_is_interface_supported@ILibrary@libmedia@UModSys@@SA_NPBUSUniquePointerInfo@core@3@@Z 00402954 f i umodsys_lib_libmedia:umodsys.mod.media.stdlib.obj
 0001:00001974       ??1SPoint@ILibraryBinTree@libmedia@UModSys@@QAE@XZ 00402974 f i umodsys_lib_libmedia:umodsys.mod.media.stdlib.obj
 0001:00001974       ??1SLayer@ILibraryLayered@libmedia@UModSys@@QAE@XZ 00402974 f i umodsys_lib_libmedia:umodsys.mod.media.stdlib.obj
 0001:00001985       ?setname@NameNode@IBinArchiveFrame@libmedia@UModSys@@QAEXPAXHABU?$TString@U?$TSCoreConst@D@su@tl@UModSys@@U?$TComparerBinaryHash@D@234@@tl@4@@Z 00402985 f i umodsys_lib_libmedia:umodsys.mod.media.stdlib.obj
 0001:000019cd       ?setname@NameNode@IBinArchiveFrame@libmedia@UModSys@@QAEXPAXHABU?$TString@U?$TSCoreConst@D@su@tl@UModSys@@U?$TComparerUtfNocaseHash@D@234@@tl@4@@Z 004029cd f i umodsys_lib_libmedia:umodsys.mod.media.stdlib.obj
 0001:00001a1d       ??RNameNodeCmpC@IBinArchiveFrame@libmedia@UModSys@@QBEHPBUNameNode@123@@Z 00402a1d f i umodsys_lib_libmedia:umodsys.mod.media.stdlib.obj
 0001:00001a47       ??RNameNodeCmpUC@IBinArchiveFrame@libmedia@UModSys@@QBEHPBUNameNode@123@@Z 00402a47 f i umodsys_lib_libmedia:umodsys.mod.media.stdlib.obj
 0001:00001aa2       ?root_get_interface_info@RUtilities@stdlib@media@modules@UModSys@@UBEABUSUniquePointerInfo@core@5@XZ 00402aa2 f i umodsys_lib_libmedia:umodsys.mod.media.stdlib.obj
 0001:00001aa8       ?root_get_interface_type@RUtilities@stdlib@media@modules@UModSys@@UBEPBUSUniquePointerInfo@core@5@XZ 00402aa8 f i umodsys_lib_libmedia:umodsys.mod.media.stdlib.obj
 0001:00001aae       ?root_get_other_interface@RUtilities@stdlib@media@modules@UModSys@@UAEPAUIRoot@core@5@PBUSUniquePointerInfo@75@@Z 00402aae f i umodsys_lib_libmedia:umodsys.mod.media.stdlib.obj
 0001:00001aae       ?root_get_other_interface@RUtilities@stdlib@media@modules@UModSys@@UBEPBUIRoot@core@5@PBUSUniquePointerInfo@75@@Z 00402aae f i umodsys_lib_libmedia:umodsys.mod.media.stdlib.obj
 0001:00001acf       ?root_is_interface_supported@RUtilities@stdlib@media@modules@UModSys@@UBE_NPBUSUniquePointerInfo@core@5@@Z 00402acf f i umodsys_lib_libmedia:umodsys.mod.media.stdlib.obj
 0001:00001af6       ?root_get_interface_info@RBinArchiveFrame@stdlib@media@modules@UModSys@@UBEABUSUniquePointerInfo@core@5@XZ 00402af6 f i umodsys_lib_libmedia:umodsys.mod.media.stdlib.obj
 0001:00001afc       ?root_get_interface_type@RBinArchiveFrame@stdlib@media@modules@UModSys@@UBEPBUSUniquePointerInfo@core@5@XZ 00402afc f i umodsys_lib_libmedia:umodsys.mod.media.stdlib.obj
 0001:00001b02       ?root_get_other_interface@RBinArchiveFrame@stdlib@media@modules@UModSys@@UBEPBUIRoot@core@5@PBUSUniquePointerInfo@75@@Z 00402b02 f i umodsys_lib_libmedia:umodsys.mod.media.stdlib.obj
 0001:00001b02       ?root_get_other_interface@RBinArchiveFrame@stdlib@media@modules@UModSys@@UAEPAUIRoot@core@5@PBUSUniquePointerInfo@75@@Z 00402b02 f i umodsys_lib_libmedia:umodsys.mod.media.stdlib.obj
 0001:00001b33       ?root_is_interface_supported@RBinArchiveFrame@stdlib@media@modules@UModSys@@UBE_NPBUSUniquePointerInfo@core@5@@Z 00402b33 f i umodsys_lib_libmedia:umodsys.mod.media.stdlib.obj
 0001:00001b5a       ?ref_add@RBinArchiveFrame@stdlib@media@modules@UModSys@@UBEXXZ 00402b5a f i umodsys_lib_libmedia:umodsys.mod.media.stdlib.obj
 0001:00001b5e       ?ref_remove@RBinArchiveFrame@stdlib@media@modules@UModSys@@UBEXXZ 00402b5e f i umodsys_lib_libmedia:umodsys.mod.media.stdlib.obj
 0001:00001b69       ?ref_links@RBinArchiveFrame@stdlib@media@modules@UModSys@@UBEHXZ 00402b69 f i umodsys_lib_libmedia:umodsys.mod.media.stdlib.obj
 0001:00001b6d       ?ref_weak@RBinArchiveFrame@stdlib@media@modules@UModSys@@UBE_NAAUWeakPointer@IRefObject@core@5@@Z 00402b6d f i umodsys_lib_libmedia:umodsys.mod.media.stdlib.obj
 0001:00001b8c       ?suicide@RBinArchiveFrame@stdlib@media@modules@UModSys@@UAEXXZ 00402b8c f i umodsys_lib_libmedia:umodsys.mod.media.stdlib.obj
 0001:00001bc9       ?root_get_interface_info@RLibraryBinTree@stdlib@media@modules@UModSys@@UBEABUSUniquePointerInfo@core@5@XZ 00402bc9 f i umodsys_lib_libmedia:umodsys.mod.media.stdlib.obj
 0001:00001bcf       ?root_get_interface_type@RLibraryBinTree@stdlib@media@modules@UModSys@@UBEPBUSUniquePointerInfo@core@5@XZ 00402bcf f i umodsys_lib_libmedia:umodsys.mod.media.stdlib.obj
 0001:00001bd5       ?root_get_other_interface@RLibraryBinTree@stdlib@media@modules@UModSys@@UAEPAUIRoot@core@5@PBUSUniquePointerInfo@75@@Z 00402bd5 f i umodsys_lib_libmedia:umodsys.mod.media.stdlib.obj
 0001:00001bd5       ?root_get_other_interface@RLibraryBinTree@stdlib@media@modules@UModSys@@UBEPBUIRoot@core@5@PBUSUniquePointerInfo@75@@Z 00402bd5 f i umodsys_lib_libmedia:umodsys.mod.media.stdlib.obj
 0001:00001bf6       ?root_is_interface_supported@RLibraryBinTree@stdlib@media@modules@UModSys@@UBE_NPBUSUniquePointerInfo@core@5@@Z 00402bf6 f i umodsys_lib_libmedia:umodsys.mod.media.stdlib.obj
 0001:00001c1d       ?ref_links@RLibraryObjCache@stdlib@media@modules@UModSys@@UBEHXZ 00402c1d f i umodsys_lib_libmedia:umodsys.mod.media.stdlib.obj
 0001:00001c1d       ?ref_links@RLibraryObjFilter@stdlib@media@modules@UModSys@@UBEHXZ 00402c1d f i umodsys_lib_libmedia:umodsys.mod.media.stdlib.obj
 0001:00001c1d       ?ref_links@RLibraryBinTree@stdlib@media@modules@UModSys@@UBEHXZ 00402c1d f i umodsys_lib_libmedia:umodsys.mod.media.stdlib.obj
 0001:00001c1d       ?ref_links@RLibraryLayered@stdlib@media@modules@UModSys@@UBEHXZ 00402c1d f i umodsys_lib_libmedia:umodsys.mod.media.stdlib.obj
 0001:00001c1d       ?get_console@RSystem@rsystem@base@UModSys@@UAEPAUIConsole@34@XZ 00402c1d f i umodsys_lib_basesys:umodsys.basesys.rsystem.obj
 0001:00001c1d       ?ref_links@RLibraryBinCache@stdlib@media@modules@UModSys@@UBEHXZ 00402c1d f i umodsys_lib_libmedia:umodsys.mod.media.stdlib.obj
 0001:00001c1d       ?ref_links@RDataArchiver_OsDir@stdio@media@modules@UModSys@@UBEHXZ 00402c1d f i umodsys_lib_libmedia:umodsys.mod.media.stdio.obj
 0001:00001c1d       ?ref_links@RParameters@rsystem@base@UModSys@@UBEHXZ 00402c1d f i umodsys_lib_basesys:umodsys.basesys.rparameters.obj
 0001:00001c21       ?root_get_interface_info@RLibraryBinCache@stdlib@media@modules@UModSys@@UBEABUSUniquePointerInfo@core@5@XZ 00402c21 f i umodsys_lib_libmedia:umodsys.mod.media.stdlib.obj
 0001:00001c27       ?root_get_interface_type@RLibraryBinCache@stdlib@media@modules@UModSys@@UBEPBUSUniquePointerInfo@core@5@XZ 00402c27 f i umodsys_lib_libmedia:umodsys.mod.media.stdlib.obj
 0001:00001c2d       ?root_get_other_interface@RLibraryBinCache@stdlib@media@modules@UModSys@@UBEPBUIRoot@core@5@PBUSUniquePointerInfo@75@@Z 00402c2d f i umodsys_lib_libmedia:umodsys.mod.media.stdlib.obj
 0001:00001c2d       ?root_get_other_interface@RLibraryBinCache@stdlib@media@modules@UModSys@@UAEPAUIRoot@core@5@PBUSUniquePointerInfo@75@@Z 00402c2d f i umodsys_lib_libmedia:umodsys.mod.media.stdlib.obj
 0001:00001c4e       ?root_is_interface_supported@RLibraryBinCache@stdlib@media@modules@UModSys@@UBE_NPBUSUniquePointerInfo@core@5@@Z 00402c4e f i umodsys_lib_libmedia:umodsys.mod.media.stdlib.obj
 0001:00001c75       ?suicide@RLibraryLayered@stdlib@media@modules@UModSys@@UAEXXZ 00402c75 f i umodsys_lib_libmedia:umodsys.mod.media.stdlib.obj
 0001:00001c75       ?suicide@RLibraryObjFilter@stdlib@media@modules@UModSys@@UAEXXZ 00402c75 f i umodsys_lib_libmedia:umodsys.mod.media.stdlib.obj
 0001:00001c75       ?suicide@RLibraryObjCache@stdlib@media@modules@UModSys@@UAEXXZ 00402c75 f i umodsys_lib_libmedia:umodsys.mod.media.stdlib.obj
 0001:00001c75       ?suicide@RLibraryBinTree@stdlib@media@modules@UModSys@@UAEXXZ 00402c75 f i umodsys_lib_libmedia:umodsys.mod.media.stdlib.obj
 0001:00001c75       ?suicide@RLibraryBinCache@stdlib@media@modules@UModSys@@UAEXXZ 00402c75 f i umodsys_lib_libmedia:umodsys.mod.media.stdlib.obj
 0001:00001c75       ?suicide@RDataArchiver_OsDir@stdio@media@modules@UModSys@@UAEXXZ 00402c75 f i umodsys_lib_libmedia:umodsys.mod.media.stdio.obj
 0001:00001cb2       ?root_get_interface_info@RLibraryLayered@stdlib@media@modules@UModSys@@UBEABUSUniquePointerInfo@core@5@XZ 00402cb2 f i umodsys_lib_libmedia:umodsys.mod.media.stdlib.obj
 0001:00001cb8       ?root_get_interface_type@RLibraryLayered@stdlib@media@modules@UModSys@@UBEPBUSUniquePointerInfo@core@5@XZ 00402cb8 f i umodsys_lib_libmedia:umodsys.mod.media.stdlib.obj
 0001:00001cbe       ?root_get_other_interface@RLibraryLayered@stdlib@media@modules@UModSys@@UAEPAUIRoot@core@5@PBUSUniquePointerInfo@75@@Z 00402cbe f i umodsys_lib_libmedia:umodsys.mod.media.stdlib.obj
 0001:00001cbe       ?root_get_other_interface@RLibraryLayered@stdlib@media@modules@UModSys@@UBEPBUIRoot@core@5@PBUSUniquePointerInfo@75@@Z 00402cbe f i umodsys_lib_libmedia:umodsys.mod.media.stdlib.obj
 0001:00001cdf       ?root_is_interface_supported@RLibraryLayered@stdlib@media@modules@UModSys@@UBE_NPBUSUniquePointerInfo@core@5@@Z 00402cdf f i umodsys_lib_libmedia:umodsys.mod.media.stdlib.obj
 0001:00001d06       ??4SLayerX@RLibraryLayered@stdlib@media@modules@UModSys@@QAEXABUSLayer@ILibraryLayered@libmedia@5@@Z 00402d06 f i umodsys_lib_libmedia:umodsys.mod.media.stdlib.obj
 0001:00001d4f       ?root_get_interface_info@RLibraryObjCache@stdlib@media@modules@UModSys@@UBEABUSUniquePointerInfo@core@5@XZ 00402d4f f i umodsys_lib_libmedia:umodsys.mod.media.stdlib.obj
 0001:00001d55       ?root_get_interface_type@RLibraryObjCache@stdlib@media@modules@UModSys@@UBEPBUSUniquePointerInfo@core@5@XZ 00402d55 f i umodsys_lib_libmedia:umodsys.mod.media.stdlib.obj
 0001:00001d5b       ?root_get_other_interface@RLibraryObjCache@stdlib@media@modules@UModSys@@UAEPAUIRoot@core@5@PBUSUniquePointerInfo@75@@Z 00402d5b f i umodsys_lib_libmedia:umodsys.mod.media.stdlib.obj
 0001:00001d5b       ?root_get_other_interface@RLibraryObjCache@stdlib@media@modules@UModSys@@UBEPBUIRoot@core@5@PBUSUniquePointerInfo@75@@Z 00402d5b f i umodsys_lib_libmedia:umodsys.mod.media.stdlib.obj
 0001:00001d7c       ?root_is_interface_supported@RLibraryObjCache@stdlib@media@modules@UModSys@@UBE_NPBUSUniquePointerInfo@core@5@@Z 00402d7c f i umodsys_lib_libmedia:umodsys.mod.media.stdlib.obj
 0001:00001da3       ?ref_add@RLibraryBinTree@stdlib@media@modules@UModSys@@UBEXXZ 00402da3 f i umodsys_lib_libmedia:umodsys.mod.media.stdlib.obj
 0001:00001da3       ?ref_add@RLibraryBinCache@stdlib@media@modules@UModSys@@UBEXXZ 00402da3 f i umodsys_lib_libmedia:umodsys.mod.media.stdlib.obj
 0001:00001da3       ?ref_add@RLibraryObjFilter@stdlib@media@modules@UModSys@@UBEXXZ 00402da3 f i umodsys_lib_libmedia:umodsys.mod.media.stdlib.obj
 0001:00001da3       ?ref_add@RDataArchiver_OsDir@stdio@media@modules@UModSys@@UBEXXZ 00402da3 f i umodsys_lib_libmedia:umodsys.mod.media.stdio.obj
 0001:00001da3       ?ref_add@RLibraryLayered@stdlib@media@modules@UModSys@@UBEXXZ 00402da3 f i umodsys_lib_libmedia:umodsys.mod.media.stdlib.obj
 0001:00001da3       ?ref_add@RLibraryObjCache@stdlib@media@modules@UModSys@@UBEXXZ 00402da3 f i umodsys_lib_libmedia:umodsys.mod.media.stdlib.obj
 0001:00001da3       ?ref_add@RParameters@rsystem@base@UModSys@@UBEXXZ 00402da3 f i umodsys_lib_basesys:umodsys.basesys.rparameters.obj
 0001:00001da7       ?ref_remove@RLibraryLayered@stdlib@media@modules@UModSys@@UBEXXZ 00402da7 f i umodsys_lib_libmedia:umodsys.mod.media.stdlib.obj
 0001:00001da7       ?ref_remove@RLibraryBinCache@stdlib@media@modules@UModSys@@UBEXXZ 00402da7 f i umodsys_lib_libmedia:umodsys.mod.media.stdlib.obj
 0001:00001da7       ?ref_remove@RDataArchiver_OsDir@stdio@media@modules@UModSys@@UBEXXZ 00402da7 f i umodsys_lib_libmedia:umodsys.mod.media.stdio.obj
 0001:00001da7       ?ref_remove@RLibraryObjCache@stdlib@media@modules@UModSys@@UBEXXZ 00402da7 f i umodsys_lib_libmedia:umodsys.mod.media.stdlib.obj
 0001:00001da7       ?ref_remove@RLibraryBinTree@stdlib@media@modules@UModSys@@UBEXXZ 00402da7 f i umodsys_lib_libmedia:umodsys.mod.media.stdlib.obj
 0001:00001da7       ?ref_remove@RLibraryObjFilter@stdlib@media@modules@UModSys@@UBEXXZ 00402da7 f i umodsys_lib_libmedia:umodsys.mod.media.stdlib.obj
 0001:00001da7       ?ref_remove@RParameters@rsystem@base@UModSys@@UBEXXZ 00402da7 f i umodsys_lib_basesys:umodsys.basesys.rparameters.obj
 0001:00001db2       ?root_get_interface_info@RLibraryObjFilter@stdlib@media@modules@UModSys@@UBEABUSUniquePointerInfo@core@5@XZ 00402db2 f i umodsys_lib_libmedia:umodsys.mod.media.stdlib.obj
 0001:00001db8       ?root_get_interface_type@RLibraryObjFilter@stdlib@media@modules@UModSys@@UBEPBUSUniquePointerInfo@core@5@XZ 00402db8 f i umodsys_lib_libmedia:umodsys.mod.media.stdlib.obj
 0001:00001dbe       ?root_get_other_interface@RLibraryObjFilter@stdlib@media@modules@UModSys@@UBEPBUIRoot@core@5@PBUSUniquePointerInfo@75@@Z 00402dbe f i umodsys_lib_libmedia:umodsys.mod.media.stdlib.obj
 0001:00001dbe       ?root_get_other_interface@RLibraryObjFilter@stdlib@media@modules@UModSys@@UAEPAUIRoot@core@5@PBUSUniquePointerInfo@75@@Z 00402dbe f i umodsys_lib_libmedia:umodsys.mod.media.stdlib.obj
 0001:00001ddf       ?root_is_interface_supported@RLibraryObjFilter@stdlib@media@modules@UModSys@@UBE_NPBUSUniquePointerInfo@core@5@@Z 00402ddf f i umodsys_lib_libmedia:umodsys.mod.media.stdlib.obj
 0001:00001e06       ?get_generated_names@RGenerator@stdlib@media@modules@UModSys@@UBEHAAUSUniquePtrList@core@5@@Z 00402e06 f i umodsys_lib_libmedia:umodsys.mod.media.stdlib.obj
 0001:00001e66       ?get_generated_types@RGenerator@stdlib@media@modules@UModSys@@UBEHAAUSUniquePtrList@core@5@PBUSUniquePointerInfo@75@@Z 00402e66 f i umodsys_lib_libmedia:umodsys.mod.media.stdlib.obj
 0001:00001f6c       ?generate@RGenerator@stdlib@media@modules@UModSys@@UAE_NAAU?$TRefObject@UIRefObject@core@UModSys@@U?$TRefObjectFunc@UIRefObject@core@UModSys@@@tl@3@@tl@5@PBUSUniquePointerInfo@core@5@ABUSParameters@95@@Z 00402f6c f i umodsys_lib_libmedia:umodsys.mod.media.stdlib.obj
 0001:0000204d       ?root_get_interface_info@RGenerator@stdlib@media@modules@UModSys@@UBEABUSUniquePointerInfo@core@5@XZ 0040304d f i umodsys_lib_libmedia:umodsys.mod.media.stdlib.obj
 0001:00002053       ?root_get_interface_type@RGenerator@stdlib@media@modules@UModSys@@UBEPBUSUniquePointerInfo@core@5@XZ 00403053 f i umodsys_lib_libmedia:umodsys.mod.media.stdlib.obj
 0001:00002059       ?root_get_other_interface@RGenerator@stdlib@media@modules@UModSys@@UBEPBUIRoot@core@5@PBUSUniquePointerInfo@75@@Z 00403059 f i umodsys_lib_libmedia:umodsys.mod.media.stdlib.obj
 0001:00002059       ?root_get_other_interface@RGenerator@stdlib@media@modules@UModSys@@UAEPAUIRoot@core@5@PBUSUniquePointerInfo@75@@Z 00403059 f i umodsys_lib_libmedia:umodsys.mod.media.stdlib.obj
 0001:00002082       ?root_is_interface_supported@RGenerator@stdlib@media@modules@UModSys@@UBE_NPBUSUniquePointerInfo@core@5@@Z 00403082 f i umodsys_lib_libmedia:umodsys.mod.media.stdlib.obj
 0001:000020a1       ?get_uid@RGenerator@stdlib@media@modules@UModSys@@UBEPBUSUniquePointerInfo@core@5@XZ 004030a1 f i umodsys_lib_libmedia:umodsys.mod.media.stdlib.obj
 0001:000020a7       ?buffer_free@RUtilities@stdlib@media@modules@UModSys@@UAE_NAAUSBuffer@libmedia@5@PBUSSourceContext@core@5@@Z 004030a7 f   umodsys_lib_libmedia:umodsys.mod.media.stdlib.obj
 0001:000020e8       ?buffer_alloc@RUtilities@stdlib@media@modules@UModSys@@UAE_NAAUSBuffer@libmedia@5@IPBUSSourceContext@core@5@@Z 004030e8 f   umodsys_lib_libmedia:umodsys.mod.media.stdlib.obj
 0001:000021b3       ?sub_reader@RUtilities@stdlib@media@modules@UModSys@@UAE?AU?$TRefObject@UIStreamReader@libmedia@UModSys@@U?$TRefObjectFunc@UIStreamReader@libmedia@UModSys@@@tl@3@@tl@5@PAUIStreamReader@libmedia@5@_J1@Z 004031b3 f   umodsys_lib_libmedia:umodsys.mod.media.stdlib.obj
 0001:000021b3       ?sub_writer@RUtilities@stdlib@media@modules@UModSys@@UAE?AU?$TRefObject@UIStreamWriter@libmedia@UModSys@@U?$TRefObjectFunc@UIStreamWriter@libmedia@UModSys@@@tl@3@@tl@5@PAUIStreamWriter@libmedia@5@_J1@Z 004031b3 f   umodsys_lib_libmedia:umodsys.mod.media.stdlib.obj
 0001:000021c5       ?mem_reader@RUtilities@stdlib@media@modules@UModSys@@UAE?AU?$TRefObject@UIStreamReader@libmedia@UModSys@@U?$TRefObjectFunc@UIStreamReader@libmedia@UModSys@@@tl@3@@tl@5@ABUSCMemShared@core@5@@Z 004031c5 f   umodsys_lib_libmedia:umodsys.mod.media.stdlib.obj
 0001:000021c5       ?mem_reader@RUtilities@stdlib@media@modules@UModSys@@UAE?AU?$TRefObject@UIStreamReader@libmedia@UModSys@@U?$TRefObjectFunc@UIStreamReader@libmedia@UModSys@@@tl@3@@tl@5@ABUSCMem@core@5@@Z 004031c5 f   umodsys_lib_libmedia:umodsys.mod.media.stdlib.obj
 0001:000021d7       ?mem_writer@RUtilities@stdlib@media@modules@UModSys@@UAE?AU?$TRefObject@UIStreamWriter@libmedia@UModSys@@U?$TRefObjectFunc@UIStreamWriter@libmedia@UModSys@@@tl@3@@tl@5@PBUSMem@core@5@PAUIMemWriterCompleted@IUtilities@libmedia@5@PAUIRefObject@95@@Z 004031d7 f   umodsys_lib_libmedia:umodsys.mod.media.stdlib.obj
 0001:000021e9       ??0RUtilities@stdlib@media@modules@UModSys@@QAE@PAUIModObject@base@4@ABUSParameters@core@4@@Z 004031e9 f   umodsys_lib_libmedia:umodsys.mod.media.stdlib.obj
 0001:00002243       ??_GRUtilities@stdlib@media@modules@UModSys@@UAEPAXI@Z 00403243 f i umodsys_lib_libmedia:umodsys.mod.media.stdlib.obj
 0001:00002243       ??_ERUtilities@stdlib@media@modules@UModSys@@UAEPAXI@Z 00403243 f i  CIL library: CIL module
 0001:00002270       ?get_flag@RBinArchiveFrame@stdlib@media@modules@UModSys@@UBE?AW4eStates@?$TFlags4State@USMediaFlagUid@libmedia@UModSys@@I@tl@5@H@Z 00403270 f   umodsys_lib_libmedia:umodsys.mod.media.stdlib.obj
 0001:00002283       ?get_flags_auto@RBinArchiveFrame@stdlib@media@modules@UModSys@@UBE?AU?$TFlags4State@USMediaFlagUid@libmedia@UModSys@@I@tl@5@XZ 00403283 f   umodsys_lib_libmedia:umodsys.mod.media.stdlib.obj
 0001:00002292       ?set_flag@RBinArchiveFrame@stdlib@media@modules@UModSys@@UAE?AW4eStates@?$TFlags4State@USMediaFlagUid@libmedia@UModSys@@I@tl@5@HW46785@@Z 00403292 f   umodsys_lib_libmedia:umodsys.mod.media.stdlib.obj
 0001:000022bf       ?data_reader@RBinArchiveFrame@stdlib@media@modules@UModSys@@UAE?AU?$TRefObject@UIStreamReader@libmedia@UModSys@@U?$TRefObjectFunc@UIStreamReader@libmedia@UModSys@@@tl@3@@tl@5@ABU?$TString@U?$TSCoreConst@D@su@tl@UModSys@@U?$TComparerBinaryHash@D@234@@75@ABUSFlags@libmedia@5@@Z 004032bf f   umodsys_lib_libmedia:umodsys.mod.media.stdlib.obj
 0001:00002350       ?data_writer@RBinArchiveFrame@stdlib@media@modules@UModSys@@UAE?AU?$TRefObject@UIStreamWriter@libmedia@UModSys@@U?$TRefObjectFunc@UIStreamWriter@libmedia@UModSys@@@tl@3@@tl@5@ABU?$TString@U?$TSCoreConst@D@su@tl@UModSys@@U?$TComparerBinaryHash@D@234@@75@ABUSFlags@libmedia@5@@Z 00403350 f   umodsys_lib_libmedia:umodsys.mod.media.stdlib.obj
 0001:00002384       ?data_load@RBinArchiveFrame@stdlib@media@modules@UModSys@@UAE_NABU?$TString@U?$TSCoreConst@D@su@tl@UModSys@@U?$TComparerBinaryHash@D@234@@tl@5@AAUSCMemShared@core@5@ABUSFlags@libmedia@5@@Z 00403384 f   umodsys_lib_libmedia:umodsys.mod.media.stdlib.obj
 0001:000023b4       ?data_save@RBinArchiveFrame@stdlib@media@modules@UModSys@@UAE_NABU?$TString@U?$TSCoreConst@D@su@tl@UModSys@@U?$TComparerBinaryHash@D@234@@tl@5@ABUSCMem@core@5@ABUSFlags@libmedia@5@@Z 004033b4 f   umodsys_lib_libmedia:umodsys.mod.media.stdlib.obj
 0001:000023dc       ?data_list@RBinArchiveFrame@stdlib@media@modules@UModSys@@UAE_NABU?$TString@U?$TSCoreConst@D@su@tl@UModSys@@U?$TComparerBinaryHash@D@234@@tl@5@IAAU?$TIStackSocket@USFileInfo@libmedia@UModSys@@@75@ABUSFlags@libmedia@5@@Z 004033dc f   umodsys_lib_libmedia:umodsys.mod.media.stdlib.obj
 0001:00002524       ?data_info@RBinArchiveFrame@stdlib@media@modules@UModSys@@UAE_NABU?$TString@U?$TSCoreConst@D@su@tl@UModSys@@U?$TComparerBinaryHash@D@234@@tl@5@IAAUSFileInfo@libmedia@5@ABUSFlags@95@@Z 00403524 f   umodsys_lib_libmedia:umodsys.mod.media.stdlib.obj
 0001:000025e4       ?get_permissions@RBinArchiveFrame@stdlib@media@modules@UModSys@@UAEHXZ 004035e4 f   umodsys_lib_libmedia:umodsys.mod.media.stdlib.obj
 0001:000025f1       ?open@RBinArchiveFrame@stdlib@media@modules@UModSys@@UAE_NPAUIClient@IBinArchiveFrame@libmedia@5@PBUSParameters@core@5@@Z 004035f1 f   umodsys_lib_libmedia:umodsys.mod.media.stdlib.obj
 0001:0000289b       ?close@RBinArchiveFrame@stdlib@media@modules@UModSys@@UAE_NXZ 0040389b f   umodsys_lib_libmedia:umodsys.mod.media.stdlib.obj
 0001:00002912       ?add_node_r@RBinArchiveFrame@stdlib@media@modules@UModSys@@UAEPAUNameNode@IBinArchiveFrame@libmedia@5@ABU?$TString@U?$TSCoreConst@D@su@tl@UModSys@@U?$TComparerBinaryHash@D@234@@tl@5@IAAUSMem@core@5@@Z 00403912 f   umodsys_lib_libmedia:umodsys.mod.media.stdlib.obj
 0001:00002997       ?add_node_w@RBinArchiveFrame@stdlib@media@modules@UModSys@@UAEPAUNameNode@IBinArchiveFrame@libmedia@5@ABU?$TString@U?$TSCoreConst@D@su@tl@UModSys@@U?$TComparerBinaryHash@D@234@@tl@5@I@Z 00403997 f   umodsys_lib_libmedia:umodsys.mod.media.stdlib.obj
 0001:00002a35       ?remove_node@RBinArchiveFrame@stdlib@media@modules@UModSys@@UAE_NPAUNameNode@IBinArchiveFrame@libmedia@5@@Z 00403a35 f   umodsys_lib_libmedia:umodsys.mod.media.stdlib.obj
 0001:00002a56       ?find_node@RBinArchiveFrame@stdlib@media@modules@UModSys@@UAEPAUNameNode@IBinArchiveFrame@libmedia@5@ABU?$TString@U?$TSCoreConst@D@su@tl@UModSys@@U?$TComparerBinaryHash@D@234@@tl@5@@Z 00403a56 f   umodsys_lib_libmedia:umodsys.mod.media.stdlib.obj
 0001:00002ada       ?node_size@RBinArchiveFrame@stdlib@media@modules@UModSys@@UAEIABU?$TString@U?$TSCoreConst@D@su@tl@UModSys@@U?$TComparerBinaryHash@D@234@@tl@5@H@Z 00403ada f   umodsys_lib_libmedia:umodsys.mod.media.stdlib.obj
 0001:00002aef       ?kill_node@RBinArchiveFrame@stdlib@media@modules@UModSys@@SA_NPAUNameNode@IBinArchiveFrame@libmedia@5@@Z 00403aef f   umodsys_lib_libmedia:umodsys.mod.media.stdlib.obj
 0001:00002b0a       ?fill_info@RBinArchiveFrame@stdlib@media@modules@UModSys@@QAE_NAAUSFileInfo@libmedia@5@PAUNameNode@IBinArchiveFrame@75@ABU?$TString@U?$TSCoreConst@D@su@tl@UModSys@@U?$TComparerBinaryHash@D@234@@tl@5@I@Z 00403b0a f   umodsys_lib_libmedia:umodsys.mod.media.stdlib.obj
 0001:00002c6d       ??1?$TSCoreShared@USIMemAlloc@core@UModSys@@D@su@tl@UModSys@@QAE@XZ 00403c6d f i umodsys_lib_libmedia:umodsys.mod.media.stdio.obj
 0001:00002c6d       ??1?$TStringBuf@U?$TSCoreShared@USIMemAlloc@core@UModSys@@D@su@tl@UModSys@@U?$TComparerBinaryHash@D@234@@tl@UModSys@@QAE@XZ 00403c6d f i umodsys_lib_libmedia:umodsys.mod.media.stdlib.obj
 0001:00002c6d       ??1?$TString@U?$TSCoreShared@USIMemAlloc@core@UModSys@@D@su@tl@UModSys@@U?$TComparerBinaryHash@D@234@@tl@UModSys@@QAE@XZ 00403c6d f i umodsys_lib_libmedia:umodsys.mod.media.stdio.obj
 0001:00002c72       ?openr@RBinArchiveFrame@stdlib@media@modules@UModSys@@QAE_NPAUILibrary@libmedia@5@ABU?$TString@U?$TSCoreConst@D@su@tl@UModSys@@U?$TComparerBinaryHash@D@234@@tl@5@PBUSParameters@core@5@@Z 00403c72 f   umodsys_lib_libmedia:umodsys.mod.media.stdlib.obj
 0001:00002d4d       ?closew@RBinArchiveFrame@stdlib@media@modules@UModSys@@QAE_N_N@Z 00403d4d f   umodsys_lib_libmedia:umodsys.mod.media.stdlib.obj
 0001:00002e1b       ??0RBinArchiveFrame@stdlib@media@modules@UModSys@@QAE@PAUIModObject@base@4@ABUSParameters@core@4@U?$TFlags4State@USMediaFlagUid@libmedia@UModSys@@I@tl@4@@Z 00403e1b f   umodsys_lib_libmedia:umodsys.mod.media.stdlib.obj
 0001:00002ecf       ??_GRBinArchiveFrame@stdlib@media@modules@UModSys@@UAEPAXI@Z 00403ecf f i umodsys_lib_libmedia:umodsys.mod.media.stdlib.obj
 0001:00002ecf       ??_ERBinArchiveFrame@stdlib@media@modules@UModSys@@UAEPAXI@Z 00403ecf f i  CIL library: CIL module
 0001:00002eec       ??1IBinArchiveFrame@libmedia@UModSys@@UAE@XZ 00403eec f i umodsys_lib_libmedia:umodsys.mod.media.stdlib.obj
 0001:00002f52       ??1RBinArchiveFrame@stdlib@media@modules@UModSys@@UAE@XZ 00403f52 f   umodsys_lib_libmedia:umodsys.mod.media.stdlib.obj
 0001:00002fd5       ??0RLibraryBinTree@stdlib@media@modules@UModSys@@QAE@PAUIModObject@base@4@ABUSParameters@core@4@U?$TFlags4State@USMediaFlagUid@libmedia@UModSys@@I@tl@4@@Z 00403fd5 f   umodsys_lib_libmedia:umodsys.mod.media.stdlib.obj
 0001:00003035       ??_ERLibraryBinTree@stdlib@media@modules@UModSys@@UAEPAXI@Z 00404035 f i  CIL library: CIL module
 0001:00003035       ??_GRLibraryBinTree@stdlib@media@modules@UModSys@@UAEPAXI@Z 00404035 f i umodsys_lib_libmedia:umodsys.mod.media.stdlib.obj
 0001:00003096       ?get_flags_auto@RLibraryBinTree@stdlib@media@modules@UModSys@@UBE?AU?$TFlags4State@USMediaFlagUid@libmedia@UModSys@@I@tl@5@XZ 00404096 f   umodsys_lib_libmedia:umodsys.mod.media.stdlib.obj
 0001:000030a5       ?bin_reader@RLibraryBinTree@stdlib@media@modules@UModSys@@UAE?AU?$TRefObject@UIStreamReader@libmedia@UModSys@@U?$TRefObjectFunc@UIStreamReader@libmedia@UModSys@@@tl@3@@tl@5@ABU?$TString@U?$TSCoreConst@D@su@tl@UModSys@@U?$TComparerBinaryHash@D@234@@75@ABUSFlags@libmedia@5@@Z 004040a5 f   umodsys_lib_libmedia:umodsys.mod.media.stdlib.obj
 0001:00003194       ?bin_writer@RLibraryBinTree@stdlib@media@modules@UModSys@@UAE?AU?$TRefObject@UIStreamWriter@libmedia@UModSys@@U?$TRefObjectFunc@UIStreamWriter@libmedia@UModSys@@@tl@3@@tl@5@ABU?$TString@U?$TSCoreConst@D@su@tl@UModSys@@U?$TComparerBinaryHash@D@234@@75@ABUSFlags@libmedia@5@@Z 00404194 f   umodsys_lib_libmedia:umodsys.mod.media.stdlib.obj
 0001:00003283       ?bin_load@RLibraryBinTree@stdlib@media@modules@UModSys@@UAE_NABU?$TString@U?$TSCoreConst@D@su@tl@UModSys@@U?$TComparerBinaryHash@D@234@@tl@5@AAUSCMemShared@core@5@ABUSFlags@libmedia@5@@Z 00404283 f   umodsys_lib_libmedia:umodsys.mod.media.stdlib.obj
 0001:00003335       ?bin_save@RLibraryBinTree@stdlib@media@modules@UModSys@@UAE_NABU?$TString@U?$TSCoreConst@D@su@tl@UModSys@@U?$TComparerBinaryHash@D@234@@tl@5@ABUSCMem@core@5@ABUSFlags@libmedia@5@@Z 00404335 f   umodsys_lib_libmedia:umodsys.mod.media.stdlib.obj
 0001:000033db       ?bin_info@RLibraryBinTree@stdlib@media@modules@UModSys@@UAE_NABU?$TString@U?$TSCoreConst@D@su@tl@UModSys@@U?$TComparerBinaryHash@D@234@@tl@5@AAUSFileInfo@libmedia@5@ABUSFlags@95@@Z 004043db f   umodsys_lib_libmedia:umodsys.mod.media.stdlib.obj
 0001:00003473       ?bin_list@RLibraryBinTree@stdlib@media@modules@UModSys@@UAE_NABU?$TString@U?$TSCoreConst@D@su@tl@UModSys@@U?$TComparerBinaryHash@D@234@@tl@5@AAU?$TIStackSocket@USFileInfo@libmedia@UModSys@@@75@ABUSFlags@libmedia@5@@Z 00404473 f   umodsys_lib_libmedia:umodsys.mod.media.stdlib.obj
 0001:00003518       ?mount_get@RLibraryBinTree@stdlib@media@modules@UModSys@@UBE?AUSPoint@ILibraryBinTree@libmedia@5@ABUSId@785@@Z 00404518 f   umodsys_lib_libmedia:umodsys.mod.media.stdlib.obj
 0001:00003567       ?mount_add@RLibraryBinTree@stdlib@media@modules@UModSys@@UAE_NABUSId@ILibraryBinTree@libmedia@5@ABUSPoint@785@@Z 00404567 f   umodsys_lib_libmedia:umodsys.mod.media.stdlib.obj
 0001:00003641       ?mount_remove@RLibraryBinTree@stdlib@media@modules@UModSys@@UAE_NABUSId@ILibraryBinTree@libmedia@5@@Z 00404641 f   umodsys_lib_libmedia:umodsys.mod.media.stdlib.obj
 0001:00003678       ?mount_clear@RLibraryBinTree@stdlib@media@modules@UModSys@@UAE_NXZ 00404678 f   umodsys_lib_libmedia:umodsys.mod.media.stdlib.obj
 0001:00003696       ??0RLibraryBinCache@stdlib@media@modules@UModSys@@QAE@PAUIModObject@base@4@ABUSParameters@core@4@U?$TFlags4State@USMediaFlagUid@libmedia@UModSys@@I@tl@4@@Z 00404696 f   umodsys_lib_libmedia:umodsys.mod.media.stdlib.obj
 0001:000036f6       ??_ERLibraryBinCache@stdlib@media@modules@UModSys@@UAEPAXI@Z 004046f6 f i  CIL library: CIL module
 0001:000036f6       ??_GRLibraryBinCache@stdlib@media@modules@UModSys@@UAEPAXI@Z 004046f6 f i umodsys_lib_libmedia:umodsys.mod.media.stdlib.obj
 0001:00003757       ?get_flags_auto@RLibraryBinCache@stdlib@media@modules@UModSys@@UBE?AU?$TFlags4State@USMediaFlagUid@libmedia@UModSys@@I@tl@5@XZ 00404757 f   umodsys_lib_libmedia:umodsys.mod.media.stdlib.obj
 0001:00003766       ?set_flag@RLibraryObjCache@stdlib@media@modules@UModSys@@UAE?AW4eStates@?$TFlags4State@USMediaFlagUid@libmedia@UModSys@@I@tl@5@HW46785@@Z 00404766 f   umodsys_lib_libmedia:umodsys.mod.media.stdlib.obj
 0001:00003766       ?set_flag@RLibraryBinCache@stdlib@media@modules@UModSys@@UAE?AW4eStates@?$TFlags4State@USMediaFlagUid@libmedia@UModSys@@I@tl@5@HW46785@@Z 00404766 f   umodsys_lib_libmedia:umodsys.mod.media.stdlib.obj
 0001:00003766       ?set_flag@RLibraryObjFilter@stdlib@media@modules@UModSys@@UAE?AW4eStates@?$TFlags4State@USMediaFlagUid@libmedia@UModSys@@I@tl@5@HW46785@@Z 00404766 f   umodsys_lib_libmedia:umodsys.mod.media.stdlib.obj
 0001:00003766       ?set_flag@RLibraryBinTree@stdlib@media@modules@UModSys@@UAE?AW4eStates@?$TFlags4State@USMediaFlagUid@libmedia@UModSys@@I@tl@5@HW46785@@Z 00404766 f   umodsys_lib_libmedia:umodsys.mod.media.stdlib.obj
 0001:00003793       ?bin_load@RLibraryBinCache@stdlib@media@modules@UModSys@@UAE_NABU?$TString@U?$TSCoreConst@D@su@tl@UModSys@@U?$TComparerBinaryHash@D@234@@tl@5@AAUSCMemShared@core@5@ABUSFlags@libmedia@5@@Z 00404793 f   umodsys_lib_libmedia:umodsys.mod.media.stdlib.obj
 0001:000037ea       ?bin_put@RLibraryBinCache@stdlib@media@modules@UModSys@@UAE_NABU?$TString@U?$TSCoreConst@D@su@tl@UModSys@@U?$TComparerBinaryHash@D@234@@tl@5@PBUSCMemShared@core@5@@Z 004047ea f   umodsys_lib_libmedia:umodsys.mod.media.stdlib.obj
 0001:00003800       ?bincache_get@RLibraryBinCache@stdlib@media@modules@UModSys@@UBE_NABU?$TString@U?$TSCoreConst@D@su@tl@UModSys@@U?$TComparerBinaryHash@D@234@@tl@5@PAUSCMemShared@core@5@PA_N@Z 00404800 f   umodsys_lib_libmedia:umodsys.mod.media.stdlib.obj
 0001:00003852       ?bincache_add@RLibraryBinCache@stdlib@media@modules@UModSys@@UAE_NABU?$TString@U?$TSCoreConst@D@su@tl@UModSys@@U?$TComparerBinaryHash@D@234@@tl@5@@Z 00404852 f   umodsys_lib_libmedia:umodsys.mod.media.stdlib.obj
 0001:00003898       ?bincache_add@RLibraryBinCache@stdlib@media@modules@UModSys@@UAE_NABU?$TString@U?$TSCoreConst@D@su@tl@UModSys@@U?$TComparerBinaryHash@D@234@@tl@5@ABUSCMemShared@core@5@@Z 00404898 f   umodsys_lib_libmedia:umodsys.mod.media.stdlib.obj
 0001:000038aa       ?bincache_remove@RLibraryBinCache@stdlib@media@modules@UModSys@@UAE_NABU?$TString@U?$TSCoreConst@D@su@tl@UModSys@@U?$TComparerBinaryHash@D@234@@tl@5@@Z 004048aa f   umodsys_lib_libmedia:umodsys.mod.media.stdlib.obj
 0001:000038e1       ?bincache_clear@RLibraryBinCache@stdlib@media@modules@UModSys@@UAE_NXZ 004048e1 f   umodsys_lib_libmedia:umodsys.mod.media.stdlib.obj
 0001:000038ff       ?bincache_add@RLibraryBinCache@stdlib@media@modules@UModSys@@QAE_NABU?$TString@U?$TSCoreConst@D@su@tl@UModSys@@U?$TComparerBinaryHash@D@234@@tl@5@ABUSCMemShared@core@5@_N@Z 004048ff f   umodsys_lib_libmedia:umodsys.mod.media.stdlib.obj
 0001:000039ac       ??0RLibraryLayered@stdlib@media@modules@UModSys@@QAE@PAUIModObject@base@4@ABUSParameters@core@4@U?$TFlags4State@USMediaFlagUid@libmedia@UModSys@@I@tl@4@@Z 004049ac f   umodsys_lib_libmedia:umodsys.mod.media.stdlib.obj
 0001:00003a1d       ??_ERLibraryLayered@stdlib@media@modules@UModSys@@UAEPAXI@Z 00404a1d f i  CIL library: CIL module
 0001:00003a1d       ??_GRLibraryLayered@stdlib@media@modules@UModSys@@UAEPAXI@Z 00404a1d f i umodsys_lib_libmedia:umodsys.mod.media.stdlib.obj
 0001:00003a51       ?get_flag@RLibraryLayered@stdlib@media@modules@UModSys@@UBE?AW4eStates@?$TFlags4State@USMediaFlagUid@libmedia@UModSys@@I@tl@5@H@Z 00404a51 f   umodsys_lib_libmedia:umodsys.mod.media.stdlib.obj
 0001:00003a64       ?get_flags_auto@RLibraryLayered@stdlib@media@modules@UModSys@@UBE?AU?$TFlags4State@USMediaFlagUid@libmedia@UModSys@@I@tl@5@XZ 00404a64 f   umodsys_lib_libmedia:umodsys.mod.media.stdlib.obj
 0001:00003a73       ?set_flag@RLibraryLayered@stdlib@media@modules@UModSys@@UAE?AW4eStates@?$TFlags4State@USMediaFlagUid@libmedia@UModSys@@I@tl@5@HW46785@@Z 00404a73 f   umodsys_lib_libmedia:umodsys.mod.media.stdlib.obj
 0001:00003aa0       ?bin_reader@RLibraryLayered@stdlib@media@modules@UModSys@@UAE?AU?$TRefObject@UIStreamReader@libmedia@UModSys@@U?$TRefObjectFunc@UIStreamReader@libmedia@UModSys@@@tl@3@@tl@5@ABU?$TString@U?$TSCoreConst@D@su@tl@UModSys@@U?$TComparerBinaryHash@D@234@@75@ABUSFlags@libmedia@5@@Z 00404aa0 f   umodsys_lib_libmedia:umodsys.mod.media.stdlib.obj
 0001:00003b51       ?bin_writer@RLibraryLayered@stdlib@media@modules@UModSys@@UAE?AU?$TRefObject@UIStreamWriter@libmedia@UModSys@@U?$TRefObjectFunc@UIStreamWriter@libmedia@UModSys@@@tl@3@@tl@5@ABU?$TString@U?$TSCoreConst@D@su@tl@UModSys@@U?$TComparerBinaryHash@D@234@@75@ABUSFlags@libmedia@5@@Z 00404b51 f   umodsys_lib_libmedia:umodsys.mod.media.stdlib.obj
 0001:00003c02       ?bin_load@RLibraryLayered@stdlib@media@modules@UModSys@@UAE_NABU?$TString@U?$TSCoreConst@D@su@tl@UModSys@@U?$TComparerBinaryHash@D@234@@tl@5@AAUSCMemShared@core@5@ABUSFlags@libmedia@5@@Z 00404c02 f   umodsys_lib_libmedia:umodsys.mod.media.stdlib.obj
 0001:00003d09       ?bin_save@RLibraryLayered@stdlib@media@modules@UModSys@@UAE_NABU?$TString@U?$TSCoreConst@D@su@tl@UModSys@@U?$TComparerBinaryHash@D@234@@tl@5@ABUSCMem@core@5@ABUSFlags@libmedia@5@@Z 00404d09 f   umodsys_lib_libmedia:umodsys.mod.media.stdlib.obj
 0001:00003e26       ?bin_info@RLibraryLayered@stdlib@media@modules@UModSys@@UAE_NABU?$TString@U?$TSCoreConst@D@su@tl@UModSys@@U?$TComparerBinaryHash@D@234@@tl@5@AAUSFileInfo@libmedia@5@ABUSFlags@95@@Z 00404e26 f   umodsys_lib_libmedia:umodsys.mod.media.stdlib.obj
 0001:00003e96       ?bin_list@RLibraryLayered@stdlib@media@modules@UModSys@@UAE_NABU?$TString@U?$TSCoreConst@D@su@tl@UModSys@@U?$TComparerBinaryHash@D@234@@tl@5@AAU?$TIStackSocket@USFileInfo@libmedia@UModSys@@@75@ABUSFlags@libmedia@5@@Z 00404e96 f   umodsys_lib_libmedia:umodsys.mod.media.stdlib.obj
 0001:00003f0c       ?bin_get@RLibraryLayered@stdlib@media@modules@UModSys@@UAE_NABU?$TString@U?$TSCoreConst@D@su@tl@UModSys@@U?$TComparerBinaryHash@D@234@@tl@5@AAUSCMemShared@core@5@_N@Z 00404f0c f   umodsys_lib_libmedia:umodsys.mod.media.stdlib.obj
 0001:00003f4e       ?bin_put@RLibraryLayered@stdlib@media@modules@UModSys@@UAE_NABU?$TString@U?$TSCoreConst@D@su@tl@UModSys@@U?$TComparerBinaryHash@D@234@@tl@5@PBUSCMemShared@core@5@@Z 00404f4e f   umodsys_lib_libmedia:umodsys.mod.media.stdlib.obj
 0001:00003f8c       ?obj_fget@RLibraryLayered@stdlib@media@modules@UModSys@@UAE_NABUSInfo@IBinObjFilter@libmedia@5@AAU?$TRefObject@UIRefObject@core@UModSys@@U?$TRefObjectFunc@UIRefObject@core@UModSys@@@tl@3@@tl@5@@Z 00404f8c f   umodsys_lib_libmedia:umodsys.mod.media.stdlib.obj
 0001:00003fca       ?obj_fload@RLibraryLayered@stdlib@media@modules@UModSys@@UAE_NABUSInfo@IBinObjFilter@libmedia@5@PAUIRefObject@core@5@@Z 00404fca f   umodsys_lib_libmedia:umodsys.mod.media.stdlib.obj
 0001:00004008       ?obj_fsave@RLibraryLayered@stdlib@media@modules@UModSys@@UAE_NAAUSInfo@IBinObjFilter@libmedia@5@PBUIRefObject@core@5@@Z 00405008 f   umodsys_lib_libmedia:umodsys.mod.media.stdlib.obj
 0001:00004046       ?obj_cget@RLibraryLayered@stdlib@media@modules@UModSys@@UAE_NABU?$TString@U?$TSCoreConst@D@su@tl@UModSys@@U?$TComparerBinaryHash@D@234@@tl@5@AAU?$TRefObject@UIRefObject@core@UModSys@@U?$TRefObjectFunc@UIRefObject@core@UModSys@@@tl@3@@75@_N@Z 00405046 f   umodsys_lib_libmedia:umodsys.mod.media.stdlib.obj
 0001:00004088       ?obj_cput@RLibraryLayered@stdlib@media@modules@UModSys@@UAE_NABU?$TString@U?$TSCoreConst@D@su@tl@UModSys@@U?$TComparerBinaryHash@D@234@@tl@5@PAUIRefObject@core@5@@Z 00405088 f   umodsys_lib_libmedia:umodsys.mod.media.stdlib.obj
 0001:000040c6       ?obj_get@RLibraryLayered@stdlib@media@modules@UModSys@@UAE_NABU?$TString@U?$TSCoreConst@D@su@tl@UModSys@@U?$TComparerBinaryHash@D@234@@tl@5@AAU?$TRefObject@UIRefObject@core@UModSys@@U?$TRefObjectFunc@UIRefObject@core@UModSys@@@tl@3@@75@ABUSObjOptions@ILibrary@libmedia@5@@Z 004050c6 f   umodsys_lib_libmedia:umodsys.mod.media.stdlib.obj
 0001:00004266       ?obj_load@RLibraryLayered@stdlib@media@modules@UModSys@@UAE_NABU?$TString@U?$TSCoreConst@D@su@tl@UModSys@@U?$TComparerBinaryHash@D@234@@tl@5@PAUIRefObject@core@5@ABUSObjOptions@ILibrary@libmedia@5@@Z 00405266 f   umodsys_lib_libmedia:umodsys.mod.media.stdlib.obj
 0001:00004367       ?obj_save@RLibraryLayered@stdlib@media@modules@UModSys@@UAE_NABU?$TString@U?$TSCoreConst@D@su@tl@UModSys@@U?$TComparerBinaryHash@D@234@@tl@5@PBUIRefObject@core@5@ABUSObjOptions@ILibrary@libmedia@5@@Z 00405367 f   umodsys_lib_libmedia:umodsys.mod.media.stdlib.obj
 0001:0000448f       ?layer_count@RLibraryLayered@stdlib@media@modules@UModSys@@UBEIABUSLayer@ILibraryLayered@libmedia@5@@Z 0040548f f   umodsys_lib_libmedia:umodsys.mod.media.stdlib.obj
 0001:00004495       ?layer_get@RLibraryLayered@stdlib@media@modules@UModSys@@UBE?AUSLayer@ILibraryLayered@libmedia@5@I@Z 00405495 f   umodsys_lib_libmedia:umodsys.mod.media.stdlib.obj
 0001:000044b8       ??0SLayer@ILibraryLayered@libmedia@UModSys@@QAE@ABU0123@@Z 004054b8 f i umodsys_lib_libmedia:umodsys.mod.media.stdlib.obj
 0001:000044e4       ?layer_find@RLibraryLayered@stdlib@media@modules@UModSys@@UBEIABU?$TString@U?$TSCoreConst@D@su@tl@UModSys@@U?$TComparerBinaryHash@D@234@@tl@5@I@Z 004054e4 f   umodsys_lib_libmedia:umodsys.mod.media.stdlib.obj
 0001:0000452c       ?layer_insert@RLibraryLayered@stdlib@media@modules@UModSys@@UAE_NABUSLayer@ILibraryLayered@libmedia@5@I@Z 0040552c f   umodsys_lib_libmedia:umodsys.mod.media.stdlib.obj
 0001:0000459f       ?layer_remove@RLibraryLayered@stdlib@media@modules@UModSys@@UAE_NI@Z 0040559f f   umodsys_lib_libmedia:umodsys.mod.media.stdlib.obj
 0001:000045e9       ?layer_clear@RLibraryLayered@stdlib@media@modules@UModSys@@UAE_NXZ 004055e9 f   umodsys_lib_libmedia:umodsys.mod.media.stdlib.obj
 0001:000045f3       ??0RLibraryObjCache@stdlib@media@modules@UModSys@@QAE@PAUIModObject@base@4@ABUSParameters@core@4@U?$TFlags4State@USMediaFlagUid@libmedia@UModSys@@I@tl@4@@Z 004055f3 f   umodsys_lib_libmedia:umodsys.mod.media.stdlib.obj
 0001:00004653       ??_ERLibraryObjCache@stdlib@media@modules@UModSys@@UAEPAXI@Z 00405653 f i  CIL library: CIL module
 0001:00004653       ??_GRLibraryObjCache@stdlib@media@modules@UModSys@@UAEPAXI@Z 00405653 f i umodsys_lib_libmedia:umodsys.mod.media.stdlib.obj
 0001:000046b4       ?get_flag@RLibraryBinTree@stdlib@media@modules@UModSys@@UBE?AW4eStates@?$TFlags4State@USMediaFlagUid@libmedia@UModSys@@I@tl@5@H@Z 004056b4 f   umodsys_lib_libmedia:umodsys.mod.media.stdlib.obj
 0001:000046b4       ?get_flag@RLibraryObjCache@stdlib@media@modules@UModSys@@UBE?AW4eStates@?$TFlags4State@USMediaFlagUid@libmedia@UModSys@@I@tl@5@H@Z 004056b4 f   umodsys_lib_libmedia:umodsys.mod.media.stdlib.obj
 0001:000046b4       ?get_flag@RLibraryObjFilter@stdlib@media@modules@UModSys@@UBE?AW4eStates@?$TFlags4State@USMediaFlagUid@libmedia@UModSys@@I@tl@5@H@Z 004056b4 f   umodsys_lib_libmedia:umodsys.mod.media.stdlib.obj
 0001:000046b4       ?get_flag@RLibraryBinCache@stdlib@media@modules@UModSys@@UBE?AW4eStates@?$TFlags4State@USMediaFlagUid@libmedia@UModSys@@I@tl@5@H@Z 004056b4 f   umodsys_lib_libmedia:umodsys.mod.media.stdlib.obj
 0001:000046c7       ?get_flags_auto@RLibraryObjCache@stdlib@media@modules@UModSys@@UBE?AU?$TFlags4State@USMediaFlagUid@libmedia@UModSys@@I@tl@5@XZ 004056c7 f   umodsys_lib_libmedia:umodsys.mod.media.stdlib.obj
 0001:000046d6       ?obj_cget@RLibraryObjCache@stdlib@media@modules@UModSys@@UAE_NABU?$TString@U?$TSCoreConst@D@su@tl@UModSys@@U?$TComparerBinaryHash@D@234@@tl@5@AAU?$TRefObject@UIRefObject@core@UModSys@@U?$TRefObjectFunc@UIRefObject@core@UModSys@@@tl@3@@75@_N@Z 004056d6 f   umodsys_lib_libmedia:umodsys.mod.media.stdlib.obj
 0001:000046d6       ?bin_get@RLibraryBinCache@stdlib@media@modules@UModSys@@UAE_NABU?$TString@U?$TSCoreConst@D@su@tl@UModSys@@U?$TComparerBinaryHash@D@234@@tl@5@AAUSCMemShared@core@5@_N@Z 004056d6 f   umodsys_lib_libmedia:umodsys.mod.media.stdlib.obj
 0001:00004702       ?obj_cput@RLibraryObjCache@stdlib@media@modules@UModSys@@UAE_NABU?$TString@U?$TSCoreConst@D@su@tl@UModSys@@U?$TComparerBinaryHash@D@234@@tl@5@PAUIRefObject@core@5@@Z 00405702 f   umodsys_lib_libmedia:umodsys.mod.media.stdlib.obj
 0001:00004707       ?obj_get@RLibraryObjCache@stdlib@media@modules@UModSys@@UAE_NABU?$TString@U?$TSCoreConst@D@su@tl@UModSys@@U?$TComparerBinaryHash@D@234@@tl@5@AAU?$TRefObject@UIRefObject@core@UModSys@@U?$TRefObjectFunc@UIRefObject@core@UModSys@@@tl@3@@75@ABUSObjOptions@ILibrary@libmedia@5@@Z 00405707 f   umodsys_lib_libmedia:umodsys.mod.media.stdlib.obj
 0001:0000478d       ?objcache_get@RLibraryObjCache@stdlib@media@modules@UModSys@@UBE_NABU?$TString@U?$TSCoreConst@D@su@tl@UModSys@@U?$TComparerBinaryHash@D@234@@tl@5@PAU?$TRefObject@UIRefObject@core@UModSys@@U?$TRefObjectFunc@UIRefObject@core@UModSys@@@tl@3@@75@PA_N@Z 0040578d f   umodsys_lib_libmedia:umodsys.mod.media.stdlib.obj
 0001:000047f9       ?objcache_add@RLibraryObjCache@stdlib@media@modules@UModSys@@UAE_NABU?$TString@U?$TSCoreConst@D@su@tl@UModSys@@U?$TComparerBinaryHash@D@234@@tl@5@PAUIRefObject@core@5@@Z 004057f9 f   umodsys_lib_libmedia:umodsys.mod.media.stdlib.obj
 0001:000048a4       ?objcache_remove@RLibraryObjCache@stdlib@media@modules@UModSys@@UAE_NABU?$TString@U?$TSCoreConst@D@su@tl@UModSys@@U?$TComparerBinaryHash@D@234@@tl@5@@Z 004058a4 f   umodsys_lib_libmedia:umodsys.mod.media.stdlib.obj
 0001:000048db       ?objcache_clear@RLibraryObjCache@stdlib@media@modules@UModSys@@UAE_NXZ 004058db f   umodsys_lib_libmedia:umodsys.mod.media.stdlib.obj
 0001:000048f9       ??0RLibraryObjFilter@stdlib@media@modules@UModSys@@QAE@PAUIModObject@base@4@ABUSParameters@core@4@U?$TFlags4State@USMediaFlagUid@libmedia@UModSys@@I@tl@4@@Z 004058f9 f   umodsys_lib_libmedia:umodsys.mod.media.stdlib.obj
 0001:00004959       ??_ERLibraryObjFilter@stdlib@media@modules@UModSys@@UAEPAXI@Z 00405959 f i  CIL library: CIL module
 0001:00004959       ??_GRLibraryObjFilter@stdlib@media@modules@UModSys@@UAEPAXI@Z 00405959 f i umodsys_lib_libmedia:umodsys.mod.media.stdlib.obj
 0001:000049ba       ??1ILibraryLayered@libmedia@UModSys@@UAE@XZ 004059ba f i umodsys_lib_libmedia:umodsys.mod.media.stdlib.obj
 0001:000049ba       ??1IBinArchive@libmedia@UModSys@@UAE@XZ 004059ba f i umodsys_lib_libmedia:umodsys.mod.media.stdio.obj
 0001:000049ba       ??1ILibraryObjFilter@libmedia@UModSys@@UAE@XZ 004059ba f i umodsys_lib_libmedia:umodsys.mod.media.stdlib.obj
 0001:000049ba       ??1ILibraryBinTree@libmedia@UModSys@@UAE@XZ 004059ba f i umodsys_lib_libmedia:umodsys.mod.media.stdlib.obj
 0001:000049ba       ??1ILibraryObjCache@libmedia@UModSys@@UAE@XZ 004059ba f i umodsys_lib_libmedia:umodsys.mod.media.stdlib.obj
 0001:000049ba       ??1ILibraryBinCache@libmedia@UModSys@@UAE@XZ 004059ba f i umodsys_lib_libmedia:umodsys.mod.media.stdlib.obj
 0001:000049bf       ?get_flags_auto@RLibraryObjFilter@stdlib@media@modules@UModSys@@UBE?AU?$TFlags4State@USMediaFlagUid@libmedia@UModSys@@I@tl@5@XZ 004059bf f   umodsys_lib_libmedia:umodsys.mod.media.stdlib.obj
 0001:000049ce       ?obj_fget@RLibraryObjFilter@stdlib@media@modules@UModSys@@UAE_NABUSInfo@IBinObjFilter@libmedia@5@AAU?$TRefObject@UIRefObject@core@UModSys@@U?$TRefObjectFunc@UIRefObject@core@UModSys@@@tl@3@@tl@5@@Z 004059ce f   umodsys_lib_libmedia:umodsys.mod.media.stdlib.obj
 0001:000049d6       ?obj_fload@RLibraryObjFilter@stdlib@media@modules@UModSys@@UAE_NABUSInfo@IBinObjFilter@libmedia@5@PAUIRefObject@core@5@@Z 004059d6 f   umodsys_lib_libmedia:umodsys.mod.media.stdlib.obj
 0001:000049db       ?obj_fsave@RLibraryObjFilter@stdlib@media@modules@UModSys@@UAE_NAAUSInfo@IBinObjFilter@libmedia@5@PBUIRefObject@core@5@@Z 004059db f   umodsys_lib_libmedia:umodsys.mod.media.stdlib.obj
 0001:000049e3       ?filters_add@RLibraryObjFilter@stdlib@media@modules@UModSys@@UAE_NU?$TRefObject@UIBinObjFilter@libmedia@UModSys@@U?$TRefObjectFunc@UIBinObjFilter@libmedia@UModSys@@@tl@3@@tl@5@PBUSParameters@core@5@H@Z 004059e3 f   umodsys_lib_libmedia:umodsys.mod.media.stdlib.obj
 0001:00004a7f       ?filters_remove@RLibraryObjFilter@stdlib@media@modules@UModSys@@UAE_NPAUIBinObjFilter@libmedia@5@H@Z 00405a7f f   umodsys_lib_libmedia:umodsys.mod.media.stdlib.obj
 0001:00004acf       ?filters_clear@RLibraryObjFilter@stdlib@media@modules@UModSys@@UAE_NXZ 00405acf f   umodsys_lib_libmedia:umodsys.mod.media.stdlib.obj
 0001:00004aed       ?filters_load@RLibraryObjFilter@stdlib@media@modules@UModSys@@UAE_NABUSInfo@IBinObjFilter@libmedia@5@AAU?$TRefObject@UIRefObject@core@UModSys@@U?$TRefObjectFunc@UIRefObject@core@UModSys@@@tl@3@@tl@5@@Z 00405aed f   umodsys_lib_libmedia:umodsys.mod.media.stdlib.obj
 0001:00004b4a       ?filters_load@RLibraryObjFilter@stdlib@media@modules@UModSys@@UAE_NABUSInfo@IBinObjFilter@libmedia@5@PAUIRefObject@core@5@@Z 00405b4a f   umodsys_lib_libmedia:umodsys.mod.media.stdlib.obj
 0001:00004ba7       ?filters_save@RLibraryObjFilter@stdlib@media@modules@UModSys@@UAE_NAAUSInfo@IBinObjFilter@libmedia@5@PBUIRefObject@core@5@@Z 00405ba7 f   umodsys_lib_libmedia:umodsys.mod.media.stdlib.obj
 0001:00004c04       ?do_open@RModuleReg@stdlib@media@modules@UModSys@@UAE_NXZ 00405c04 f i umodsys_lib_libmedia:umodsys.mod.media.stdlib.obj
 0001:00004c52       ?do_close@RModuleReg@stdlib@media@modules@UModSys@@UAE_NXZ 00405c52 f i umodsys_lib_libmedia:umodsys.mod.media.stdlib.obj
 0001:00004c8d       ?get_module@RGenerator@stdlib@media@modules@UModSys@@UBEPAUIModule@base@5@XZ 00405c8d f   umodsys_lib_libmedia:umodsys.mod.media.stdlib.obj
 0001:00004c93       ?mod_inc@RGenerator@stdlib@media@modules@UModSys@@UBE_NXZ 00405c93 f   umodsys_lib_libmedia:umodsys.mod.media.stdlib.obj
 0001:00004c9e       ?mod_dec@RGenerator@stdlib@media@modules@UModSys@@UBE_NXZ 00405c9e f   umodsys_lib_libmedia:umodsys.mod.media.stdlib.obj
 0001:00004ca9       ?s_holder@RGenerator@stdlib@media@modules@UModSys@@SAAAU?$TTypeStaticHolder@URGenerator@stdlib@media@modules@UModSys@@@tl@5@XZ 00405ca9 f   umodsys_lib_libmedia:umodsys.mod.media.stdlib.obj
 0001:00004cdb       ?cat@?$TSCoreBuffer@D@su@tl@UModSys@@QAE_NPBDI@Z 00405cdb f i umodsys_lib_libmedia:umodsys.mod.media.stdlib.obj
 0001:00004d19       ??4?$TString@U?$TSCoreConst@D@su@tl@UModSys@@U?$TComparerBinaryHash@D@234@@tl@UModSys@@QAEABU012@PBD@Z 00405d19 f i umodsys_lib_libmedia:umodsys.mod.media.stdlib.obj
 0001:00004d35       ??0?$TString@U?$TSCoreShared@USIMemAlloc@core@UModSys@@D@su@tl@UModSys@@U?$TComparerBinaryHash@D@234@@tl@UModSys@@QAE@ABU?$TSCoreConst@D@su@12@@Z 00405d35 f i umodsys_lib_libmedia:umodsys.mod.media.stdlib.obj
 0001:00004d76       ??4?$TString@U?$TSCoreShared@USIMemAlloc@core@UModSys@@D@su@tl@UModSys@@U?$TComparerBinaryHash@D@234@@tl@UModSys@@QAEABU012@ABU012@@Z 00405d76 f i umodsys_lib_libmedia:umodsys.mod.media.stdlib.obj
 0001:00004d98       ?update@?$TString@U?$TSCoreConst@D@su@tl@UModSys@@U?$TComparerUtfNocaseHash@D@234@@tl@UModSys@@QAEXXZ 00405d98 f i umodsys_lib_libmedia:umodsys.mod.media.stdlib.obj
 0001:00004ddf       ?Resize@?$TDynarray@U?$TDynarrayHolderDynamic@EU?$TAllocator@USIMemAlloc@core@UModSys@@USCountCalcPower2@23@@tl@UModSys@@@tl@UModSys@@@tl@UModSys@@QAE_NI@Z 00405ddf f i umodsys_lib_libmedia:umodsys.mod.media.stdlib.obj
 0001:00004e31       ??1?$TTreeHoldRBD@UNameNode@IBinArchiveFrame@libmedia@UModSys@@U?$TNodeDeleter0@UNameNode@IBinArchiveFrame@libmedia@UModSys@@@tl@4@@tl@UModSys@@QAE@XZ 00405e31 f i umodsys_lib_libmedia:umodsys.mod.media.stdlib.obj
 0001:00004e47       ??R?$TScatterArray@USFilter@RLibraryObjFilter@stdlib@media@modules@UModSys@@USId@23456@U723456@U?$TNodeDeleter0@U?$TScatterArrayNode@USFilter@RLibraryObjFilter@stdlib@media@modules@UModSys@@USId@23456@@tl@UModSys@@@tl@6@@tl@UModSys@@QAEPAUSFilter@RLibraryObjFilter@stdlib@media@modules@2@ABUSId@45672@PAUVoid@core@2@@Z 00405e47 f i umodsys_lib_libmedia:umodsys.mod.media.stdlib.obj
 0001:00004eaa       ??E?$TTreeIterRB@$$CBU?$TScatterArrayNode@USFilter@RLibraryObjFilter@stdlib@media@modules@UModSys@@USId@23456@@tl@UModSys@@$$CBU?$TPair@USId@RLibraryObjFilter@stdlib@media@modules@UModSys@@USFilter@23456@@23@@tl@UModSys@@QAE?AU012@XZ 00405eaa f i umodsys_lib_libmedia:umodsys.mod.media.stdlib.obj
 0001:00004eaa       ??E?$TTreeIterRB@$$CBU?$TScatterArrayNode@USMountInfo@RLibraryBinTree@stdlib@media@modules@UModSys@@USId@ILibraryBinTree@libmedia@6@@tl@UModSys@@$$CBU?$TPair@USId@ILibraryBinTree@libmedia@UModSys@@USMountInfo@RLibraryBinTree@stdlib@media@modules@4@@23@@tl@UModSys@@QAE?AU012@XZ 00405eaa f i umodsys_lib_libmedia:umodsys.mod.media.stdlib.obj
 0001:00004ed4       ??1?$TDynarray@U?$TDynarrayHolderDynamic@EU?$TAllocator@USIMemAlloc@core@UModSys@@USCountCalcPower2@23@@tl@UModSys@@@tl@UModSys@@@tl@UModSys@@QAE@XZ 00405ed4 f i umodsys_lib_libmedia:umodsys.mod.media.stdlib.obj
 0001:00004f16       ??1?$TDynarray@U?$TDynarrayHolderDynamic@UBuffer@RUtilities@stdlib@media@modules@UModSys@@U?$TAllocator@USIMemAlloc@core@UModSys@@USCountCalcPower2@23@@tl@6@@tl@UModSys@@@tl@UModSys@@QAE@XZ 00405f16 f i umodsys_lib_libmedia:umodsys.mod.media.stdlib.obj
 0001:00004f5c       ??1?$TDynarray@U?$TDynarrayHolderDynamic@USLayerX@RLibraryLayered@stdlib@media@modules@UModSys@@U?$TAllocator@USIMemAlloc@core@UModSys@@USCountCalcPower2@23@@tl@6@@tl@UModSys@@@tl@UModSys@@QAE@XZ 00405f5c f i umodsys_lib_libmedia:umodsys.mod.media.stdlib.obj
[...]
 0001:0000e13e       __ehhandler$??$t_gen_param@URLibraryBinCache@stdlib@media@modules@UModSys@@URGenerator@2345@@IGenerator@base@UModSys@@IAE_NPAURGenerator@stdlib@media@modules@2@AAU?$TRefObject@UIRefObject@core@UModSys@@U?$TRefObjectFunc@UIRefObject@core@UModSys@@@tl@3@@tl@2@PBUSUniquePointerInfo@core@2@ABUSParameters@core@2@@Z 0040f13e f    CIL library: CIL module
 0001:0000e13e       __ehhandler$??$t_gen_param@URLibraryObjFilter@stdlib@media@modules@UModSys@@URGenerator@2345@@IGenerator@base@UModSys@@IAE_NPAURGenerator@stdlib@media@modules@2@AAU?$TRefObject@UIRefObject@core@UModSys@@U?$TRefObjectFunc@UIRefObject@core@UModSys@@@tl@3@@tl@2@PBUSUniquePointerInfo@core@2@ABUSParameters@core@2@@Z 0040f13e f    CIL library: CIL module
 0001:0000e148       ??__E?s_id@?$TObjectUniqueID@UIRoot@core@UModSys@@@tl@UModSys@@2USUniquePointer@core@3@A@@YAXXZ 0040f148 f    CIL library: CIL module
 0001:0000e16a       ??__E?s_id@?$TObjectUniqueID@UIRefObject@core@UModSys@@@tl@UModSys@@2USUniquePointer@core@3@A@@YAXXZ 0040f16a f    CIL library: CIL module
 0001:0000e18c       ??__E?s_id@?$TObjectUniqueID@UIParameters@core@UModSys@@@tl@UModSys@@2USUniquePointer@core@3@A@@YAXXZ 0040f18c f    CIL library: CIL module
 0001:0000e1ae       ??__E?s_id@?$TObjectUniqueID@UIConsole@base@UModSys@@@tl@UModSys@@2USUniquePointer@core@3@A@@YAXXZ 0040f1ae f    CIL library: CIL module
 0001:0000e1d0       ??__E?s_id@?$TObjectUniqueID@UIModule@base@UModSys@@@tl@UModSys@@2USUniquePointer@core@3@A@@YAXXZ 0040f1d0 f    CIL library: CIL module
 0001:0000e1f2       ??__E?s_id@?$TObjectUniqueID@UIModuleLibrary@base@UModSys@@@tl@UModSys@@2USUniquePointer@core@3@A@@YAXXZ 0040f1f2 f    CIL library: CIL module
 0001:0000e214       ??__E?s_id@?$TObjectUniqueID@UIModObject@base@UModSys@@@tl@UModSys@@2USUniquePointer@core@3@A@@YAXXZ 0040f214 f    CIL library: CIL module
 0001:0000e236       ??__E?s_id@?$TObjectUniqueID@UIGenerator@base@UModSys@@@tl@UModSys@@2USUniquePointer@core@3@A@@YAXXZ 0040f236 f    CIL library: CIL module
 0001:0000e258       ??__E?s_id@?$TObjectUniqueID@UIShell@base@UModSys@@@tl@UModSys@@2USUniquePointer@core@3@A@@YAXXZ 0040f258 f    CIL library: CIL module
 0001:0000e27a       ??__E?s_id@?$TObjectUniqueID@UISystem@base@UModSys@@@tl@UModSys@@2USUniquePointer@core@3@A@@YAXXZ 0040f27a f    CIL library: CIL module
 0001:0000e29c       ??__E?s_id@?$TObjectUniqueID@URModule@rsystem@base@UModSys@@@tl@UModSys@@2USUniquePointer@core@3@A@@YAXXZ 0040f29c f    CIL library: CIL module
 0001:0000e2be       ??__E?s_id@?$TObjectUniqueID@UIModuleLibraryUni@rsystem@base@UModSys@@@tl@UModSys@@2USUniquePointer@core@3@A@@YAXXZ 0040f2be f    CIL library: CIL module
 0001:0000e2e0       ??__E?s_id@?$TObjectUniqueID@URModuleLibrarySO@rsystem@base@UModSys@@@tl@UModSys@@2USUniquePointer@core@3@A@@YAXXZ 0040f2e0 f    CIL library: CIL module
 0001:0000e302       ??__E?s_id@?$TObjectUniqueID@URModuleLibraryThis@rsystem@base@UModSys@@@tl@UModSys@@2USUniquePointer@core@3@A@@YAXXZ 0040f302 f    CIL library: CIL module
 0001:0000e324       ??__E?s_id@?$TObjectUniqueID@URParameters@rsystem@base@UModSys@@@tl@UModSys@@2USUniquePointer@core@3@A@@YAXXZ 0040f324 f    CIL library: CIL module
 0001:0000e346       ??__E?s_id@?$TObjectUniqueID@URSystem@rsystem@base@UModSys@@@tl@UModSys@@2USUniquePointer@core@3@A@@YAXXZ 0040f346 f    CIL library: CIL module
 0001:0000e368       ??__E?s_id@?$TObjectUniqueID@URConsole_std@rsystem@base@UModSys@@@tl@UModSys@@2USUniquePointer@core@3@A@@YAXXZ 0040f368 f    CIL library: CIL module
 0001:0000e38a       ??__Es_dbg@stdio@media@modules@UModSys@@YAXXZ 0040f38a f    CIL library: CIL module
 0001:0000e396       ??__E?s_modreg@RModuleReg@stdio@media@modules@UModSys@@2U12345@A@@YAXXZ 0040f396 f    CIL library: CIL module
 0001:0000e3cb       ??__E?s_modreg_chain@RModuleReg@stdio@media@modules@UModSys@@2USModuleRegChain@base@5@A@@YAXXZ 0040f3cb f    CIL library: CIL module
 0001:0000e3e6       ??__E?s_uid@RGenerator@stdio@media@modules@UModSys@@2USUniquePointer@core@5@A@@YAXXZ 0040f3e6 f    CIL library: CIL module
 0001:0000e408       ??__E?s_id@?$TObjectUniqueID@UIStreamReader@libmedia@UModSys@@@tl@UModSys@@2USUniquePointer@core@3@A@@YAXXZ 0040f408 f    CIL library: CIL module
 0001:0000e42a       ??__E?s_id@?$TObjectUniqueID@UIStreamWriter@libmedia@UModSys@@@tl@UModSys@@2USUniquePointer@core@3@A@@YAXXZ 0040f42a f    CIL library: CIL module
 0001:0000e44c       ??__E?s_id@?$TObjectUniqueID@UIUtilities@libmedia@UModSys@@@tl@UModSys@@2USUniquePointer@core@3@A@@YAXXZ 0040f44c f    CIL library: CIL module
 0001:0000e46e       ??__E?s_id@?$TObjectUniqueID@UILibObject@libmedia@UModSys@@@tl@UModSys@@2USUniquePointer@core@3@A@@YAXXZ 0040f46e f    CIL library: CIL module
 0001:0000e490       ??__E?s_id@?$TObjectUniqueID@UIBinArchive@libmedia@UModSys@@@tl@UModSys@@2USUniquePointer@core@3@A@@YAXXZ 0040f490 f    CIL library: CIL module
 0001:0000e4b2       ??__E?s_id@?$TObjectUniqueID@UIBinObjFilter@libmedia@UModSys@@@tl@UModSys@@2USUniquePointer@core@3@A@@YAXXZ 0040f4b2 f    CIL library: CIL module
 0001:0000e4d4       ??__E?s_id@?$TObjectUniqueID@UILibrary@libmedia@UModSys@@@tl@UModSys@@2USUniquePointer@core@3@A@@YAXXZ 0040f4d4 f    CIL library: CIL module
 0001:0000e4f6       ??__E?s_id@?$TObjectUniqueID@URStreamReader_FILE@stdio@media@modules@UModSys@@@tl@UModSys@@2USUniquePointer@core@3@A@@YAXXZ 0040f4f6 f    CIL library: CIL module
 0001:0000e518       ??__E?s_id@?$TObjectUniqueID@URStreamWriter_FILE@stdio@media@modules@UModSys@@@tl@UModSys@@2USUniquePointer@core@3@A@@YAXXZ 0040f518 f    CIL library: CIL module
 0001:0000e53a       ??__E?s_id@?$TObjectUniqueID@URDataArchiver_OsDir@stdio@media@modules@UModSys@@@tl@UModSys@@2USUniquePointer@core@3@A@@YAXXZ 0040f53a f    CIL library: CIL module
 0001:0000e55c       ??__E?s_id@?$TObjectUniqueID@URGenerator@stdio@media@modules@UModSys@@@tl@UModSys@@2USUniquePointer@core@3@A@@YAXXZ 0040f55c f    CIL library: CIL module
 0001:0000e57e       ??__Es_dbg@stdlib@media@modules@UModSys@@YAXXZ 0040f57e f    CIL library: CIL module
 0001:0000e58a       ??__E?s_modreg@RModuleReg@stdlib@media@modules@UModSys@@2U12345@A@@YAXXZ 0040f58a f    CIL library: CIL module
 0001:0000e5c2       ??__E?s_modreg_chain@RModuleReg@stdlib@media@modules@UModSys@@2USModuleRegChain@base@5@A@@YAXXZ 0040f5c2 f    CIL library: CIL module
 0001:0000e5dd       ??__E?s_uid@RGenerator@stdlib@media@modules@UModSys@@2USUniquePointer@core@5@A@@YAXXZ 0040f5dd f    CIL library: CIL module
 0001:0000e5ff       ??__E?s_id@?$TObjectUniqueID@UILibraryBinTree@libmedia@UModSys@@@tl@UModSys@@2USUniquePointer@core@3@A@@YAXXZ 0040f5ff f    CIL library: CIL module
 0001:0000e621       ??__E?s_id@?$TObjectUniqueID@UILibraryBinCache@libmedia@UModSys@@@tl@UModSys@@2USUniquePointer@core@3@A@@YAXXZ 0040f621 f    CIL library: CIL module
 0001:0000e643       ??__E?s_id@?$TObjectUniqueID@UILibraryObjFilter@libmedia@UModSys@@@tl@UModSys@@2USUniquePointer@core@3@A@@YAXXZ 0040f643 f    CIL library: CIL module
 0001:0000e665       ??__E?s_id@?$TObjectUniqueID@UILibraryObjCache@libmedia@UModSys@@@tl@UModSys@@2USUniquePointer@core@3@A@@YAXXZ 0040f665 f    CIL library: CIL module
 0001:0000e687       ??__E?s_id@?$TObjectUniqueID@UILibraryLayered@libmedia@UModSys@@@tl@UModSys@@2USUniquePointer@core@3@A@@YAXXZ 0040f687 f    CIL library: CIL module
 0001:0000e6a9       ??__E?s_id@?$TObjectUniqueID@UIBinArchiveFrame@libmedia@UModSys@@@tl@UModSys@@2USUniquePointer@core@3@A@@YAXXZ 0040f6a9 f    CIL library: CIL module
 0001:0000e6cb       ??__E?s_id@?$TObjectUniqueID@UIClient@IBinArchiveFrame@libmedia@UModSys@@@tl@UModSys@@2USUniquePointer@core@3@A@@YAXXZ 0040f6cb f    CIL library: CIL module
 0001:0000e6ed       ??__E?s_id@?$TObjectUniqueID@URUtilities@stdlib@media@modules@UModSys@@@tl@UModSys@@2USUniquePointer@core@3@A@@YAXXZ 0040f6ed f    CIL library: CIL module
 0001:0000e70f       ??__E?s_id@?$TObjectUniqueID@URBinArchiveFrame@stdlib@media@modules@UModSys@@@tl@UModSys@@2USUniquePointer@core@3@A@@YAXXZ 0040f70f f    CIL library: CIL module
 0001:0000e731       ??__E?s_id@?$TObjectUniqueID@URLibraryBinTree@stdlib@media@modules@UModSys@@@tl@UModSys@@2USUniquePointer@core@3@A@@YAXXZ 0040f731 f    CIL library: CIL module
 0001:0000e753       ??__E?s_id@?$TObjectUniqueID@URLibraryBinCache@stdlib@media@modules@UModSys@@@tl@UModSys@@2USUniquePointer@core@3@A@@YAXXZ 0040f753 f    CIL library: CIL module
 0001:0000e775       ??__E?s_id@?$TObjectUniqueID@URLibraryLayered@stdlib@media@modules@UModSys@@@tl@UModSys@@2USUniquePointer@core@3@A@@YAXXZ 0040f775 f    CIL library: CIL module
 0001:0000e797       ??__E?s_id@?$TObjectUniqueID@URLibraryObjCache@stdlib@media@modules@UModSys@@@tl@UModSys@@2USUniquePointer@core@3@A@@YAXXZ 0040f797 f    CIL library: CIL module
 0001:0000e7b9       ??__E?s_id@?$TObjectUniqueID@URLibraryObjFilter@stdlib@media@modules@UModSys@@@tl@UModSys@@2USUniquePointer@core@3@A@@YAXXZ 0040f7b9 f    CIL library: CIL module
 0001:0000e7db       ??__E?s_id@?$TObjectUniqueID@URGenerator@stdlib@media@modules@UModSys@@@tl@UModSys@@2USUniquePointer@core@3@A@@YAXXZ 0040f7db f    CIL library: CIL module
 0001:0000e7fd       ??__E?s_console@RConsole_std@rsystem@base@UModSys@@2U1234@A@@YAXXZ 0040f7fd f    CIL library: CIL module
 0001:0000e809       ??__E?s_sys@RSystem@rsystem@base@UModSys@@2U1234@A@@YAXXZ 0040f809 f    CIL library: CIL module
 0001:0000e81a       ??__Ersys_dbg@rsystem@base@UModSys@@YAXXZ 0040f81a f    CIL library: CIL module
 0001:0000e826       ??__EM@UModSys@@YAXXZ      0040f826 f    CIL library: CIL module
 0001:0000e832       ??__E?root@SModuleRegChain@base@UModSys@@2U123@A@@YAXXZ 0040f832 f    CIL library: CIL module
 0001:0000e83e       ??__E?s_library@RModuleLibraryReg_Chain@base@UModSys@@2U123@A@@YAXXZ 0040f83e f    CIL library: CIL module
 0001:0000e84a       ??__E?root@SUniquePointer@core@UModSys@@2U123@A@@YAXXZ 0040f84a f    CIL library: CIL module
 0001:0000e856       ??__F?s_id@?$TObjectUniqueID@URConsole_std@rsystem@base@UModSys@@@tl@UModSys@@2USUniquePointer@core@3@A@@YAXXZ 0040f856 f    CIL library: CIL module
 0001:0000e860       ??__F?s_id@?$TObjectUniqueID@URSystem@rsystem@base@UModSys@@@tl@UModSys@@2USUniquePointer@core@3@A@@YAXXZ 0040f860 f    CIL library: CIL module
 0001:0000e86a       ??__F?s_id@?$TObjectUniqueID@URParameters@rsystem@base@UModSys@@@tl@UModSys@@2USUniquePointer@core@3@A@@YAXXZ 0040f86a f    CIL library: CIL module
 0001:0000e874       ??__F?s_id@?$TObjectUniqueID@URModuleLibraryThis@rsystem@base@UModSys@@@tl@UModSys@@2USUniquePointer@core@3@A@@YAXXZ 0040f874 f    CIL library: CIL module
 0001:0000e87e       ??__F?s_id@?$TObjectUniqueID@URModuleLibrarySO@rsystem@base@UModSys@@@tl@UModSys@@2USUniquePointer@core@3@A@@YAXXZ 0040f87e f    CIL library: CIL module
 0001:0000e888       ??__F?s_id@?$TObjectUniqueID@UIModuleLibraryUni@rsystem@base@UModSys@@@tl@UModSys@@2USUniquePointer@core@3@A@@YAXXZ 0040f888 f    CIL library: CIL module
 0001:0000e892       ??__F?s_id@?$TObjectUniqueID@URModule@rsystem@base@UModSys@@@tl@UModSys@@2USUniquePointer@core@3@A@@YAXXZ 0040f892 f    CIL library: CIL module
 0001:0000e89c       ??__F?s_id@?$TObjectUniqueID@UISystem@base@UModSys@@@tl@UModSys@@2USUniquePointer@core@3@A@@YAXXZ 0040f89c f    CIL library: CIL module
 0001:0000e8a6       ??__F?s_id@?$TObjectUniqueID@UIShell@base@UModSys@@@tl@UModSys@@2USUniquePointer@core@3@A@@YAXXZ 0040f8a6 f    CIL library: CIL module
 0001:0000e8b0       ??__F?s_id@?$TObjectUniqueID@UIGenerator@base@UModSys@@@tl@UModSys@@2USUniquePointer@core@3@A@@YAXXZ 0040f8b0 f    CIL library: CIL module
 0001:0000e8ba       ??__F?s_id@?$TObjectUniqueID@UIModObject@base@UModSys@@@tl@UModSys@@2USUniquePointer@core@3@A@@YAXXZ 0040f8ba f    CIL library: CIL module
 0001:0000e8c4       ??__F?s_id@?$TObjectUniqueID@UIModuleLibrary@base@UModSys@@@tl@UModSys@@2USUniquePointer@core@3@A@@YAXXZ 0040f8c4 f    CIL library: CIL module
 0001:0000e8ce       ??__F?s_id@?$TObjectUniqueID@UIModule@base@UModSys@@@tl@UModSys@@2USUniquePointer@core@3@A@@YAXXZ 0040f8ce f    CIL library: CIL module
 0001:0000e8d8       ??__F?s_id@?$TObjectUniqueID@UIConsole@base@UModSys@@@tl@UModSys@@2USUniquePointer@core@3@A@@YAXXZ 0040f8d8 f    CIL library: CIL module
 0001:0000e8e2       ??__F?s_id@?$TObjectUniqueID@UIParameters@core@UModSys@@@tl@UModSys@@2USUniquePointer@core@3@A@@YAXXZ 0040f8e2 f    CIL library: CIL module
 0001:0000e8ec       ??__F?s_id@?$TObjectUniqueID@UIRefObject@core@UModSys@@@tl@UModSys@@2USUniquePointer@core@3@A@@YAXXZ 0040f8ec f    CIL library: CIL module
 0001:0000e8f6       ??__F?s_id@?$TObjectUniqueID@UIRoot@core@UModSys@@@tl@UModSys@@2USUniquePointer@core@3@A@@YAXXZ 0040f8f6 f    CIL library: CIL module
 0001:0000e900       ??__Fs_dbg@stdio@media@modules@UModSys@@YAXXZ 0040f900 f    CIL library: CIL module
 0001:0000e917       ??__F?s_modreg@RModuleReg@stdio@media@modules@UModSys@@2U12345@A@@YAXXZ 0040f917 f    CIL library: CIL module
 0001:0000e922       ??__F?s_modreg_chain@RModuleReg@stdio@media@modules@UModSys@@2USModuleRegChain@base@5@A@@YAXXZ 0040f922 f    CIL library: CIL module
 0001:0000e92c       ??__F?s_uid@RGenerator@stdio@media@modules@UModSys@@2USUniquePointer@core@5@A@@YAXXZ 0040f92c f    CIL library: CIL module
 0001:0000e936       ??__Fh@?1??s_holder@RGenerator@stdio@media@modules@UModSys@@SAAAU?$TTypeStaticHolder@URGenerator@stdio@media@modules@UModSys@@@tl@5@XZ@YAXXZ 0040f936 f    CIL library: CIL module
 0001:0000e953       ??__F?s_id@?$TObjectUniqueID@URGenerator@stdio@media@modules@UModSys@@@tl@UModSys@@2USUniquePointer@core@3@A@@YAXXZ 0040f953 f    CIL library: CIL module
 0001:0000e95d       ??__F?s_id@?$TObjectUniqueID@URDataArchiver_OsDir@stdio@media@modules@UModSys@@@tl@UModSys@@2USUniquePointer@core@3@A@@YAXXZ 0040f95d f    CIL library: CIL module
 0001:0000e967       ??__F?s_id@?$TObjectUniqueID@URStreamWriter_FILE@stdio@media@modules@UModSys@@@tl@UModSys@@2USUniquePointer@core@3@A@@YAXXZ 0040f967 f    CIL library: CIL module
 0001:0000e971       ??__F?s_id@?$TObjectUniqueID@URStreamReader_FILE@stdio@media@modules@UModSys@@@tl@UModSys@@2USUniquePointer@core@3@A@@YAXXZ 0040f971 f    CIL library: CIL module
 0001:0000e97b       ??__F?s_id@?$TObjectUniqueID@UILibrary@libmedia@UModSys@@@tl@UModSys@@2USUniquePointer@core@3@A@@YAXXZ 0040f97b f    CIL library: CIL module
 0001:0000e985       ??__F?s_id@?$TObjectUniqueID@UIBinObjFilter@libmedia@UModSys@@@tl@UModSys@@2USUniquePointer@core@3@A@@YAXXZ 0040f985 f    CIL library: CIL module
 0001:0000e98f       ??__F?s_id@?$TObjectUniqueID@UIBinArchive@libmedia@UModSys@@@tl@UModSys@@2USUniquePointer@core@3@A@@YAXXZ 0040f98f f    CIL library: CIL module
 0001:0000e999       ??__F?s_id@?$TObjectUniqueID@UILibObject@libmedia@UModSys@@@tl@UModSys@@2USUniquePointer@core@3@A@@YAXXZ 0040f999 f    CIL library: CIL module
 0001:0000e9a3       ??__F?s_id@?$TObjectUniqueID@UIUtilities@libmedia@UModSys@@@tl@UModSys@@2USUniquePointer@core@3@A@@YAXXZ 0040f9a3 f    CIL library: CIL module
 0001:0000e9ad       ??__F?s_id@?$TObjectUniqueID@UIStreamWriter@libmedia@UModSys@@@tl@UModSys@@2USUniquePointer@core@3@A@@YAXXZ 0040f9ad f    CIL library: CIL module
 0001:0000e9b7       ??__F?s_id@?$TObjectUniqueID@UIStreamReader@libmedia@UModSys@@@tl@UModSys@@2USUniquePointer@core@3@A@@YAXXZ 0040f9b7 f    CIL library: CIL module
 0001:0000e9c1       ??__Fs_dbg@stdlib@media@modules@UModSys@@YAXXZ 0040f9c1 f    CIL library: CIL module
 0001:0000e9d8       ??__F?s_modreg@RModuleReg@stdlib@media@modules@UModSys@@2U12345@A@@YAXXZ 0040f9d8 f    CIL library: CIL module
 0001:0000e9e3       ??__F?s_modreg_chain@RModuleReg@stdlib@media@modules@UModSys@@2USModuleRegChain@base@5@A@@YAXXZ 0040f9e3 f    CIL library: CIL module
 0001:0000e9ed       ??__F?s_uid@RGenerator@stdlib@media@modules@UModSys@@2USUniquePointer@core@5@A@@YAXXZ 0040f9ed f    CIL library: CIL module
 0001:0000e9f7       ??__Fh@?1??s_holder@RGenerator@stdlib@media@modules@UModSys@@SAAAU?$TTypeStaticHolder@URGenerator@stdlib@media@modules@UModSys@@@tl@5@XZ@YAXXZ 0040f9f7 f    CIL library: CIL module
 0001:0000ea14       ??__F?s_id@?$TObjectUniqueID@URGenerator@stdlib@media@modules@UModSys@@@tl@UModSys@@2USUniquePointer@core@3@A@@YAXXZ 0040fa14 f    CIL library: CIL module
 0001:0000ea1e       ??__F?s_id@?$TObjectUniqueID@URLibraryObjFilter@stdlib@media@modules@UModSys@@@tl@UModSys@@2USUniquePointer@core@3@A@@YAXXZ 0040fa1e f    CIL library: CIL module
 0001:0000ea28       ??__F?s_id@?$TObjectUniqueID@URLibraryObjCache@stdlib@media@modules@UModSys@@@tl@UModSys@@2USUniquePointer@core@3@A@@YAXXZ 0040fa28 f    CIL library: CIL module
 0001:0000ea32       ??__F?s_id@?$TObjectUniqueID@URLibraryLayered@stdlib@media@modules@UModSys@@@tl@UModSys@@2USUniquePointer@core@3@A@@YAXXZ 0040fa32 f    CIL library: CIL module
 0001:0000ea3c       ??__F?s_id@?$TObjectUniqueID@URLibraryBinCache@stdlib@media@modules@UModSys@@@tl@UModSys@@2USUniquePointer@core@3@A@@YAXXZ 0040fa3c f    CIL library: CIL module
 0001:0000ea46       ??__F?s_id@?$TObjectUniqueID@URLibraryBinTree@stdlib@media@modules@UModSys@@@tl@UModSys@@2USUniquePointer@core@3@A@@YAXXZ 0040fa46 f    CIL library: CIL module
 0001:0000ea50       ??__F?s_id@?$TObjectUniqueID@URBinArchiveFrame@stdlib@media@modules@UModSys@@@tl@UModSys@@2USUniquePointer@core@3@A@@YAXXZ 0040fa50 f    CIL library: CIL module
 0001:0000ea5a       ??__F?s_id@?$TObjectUniqueID@URUtilities@stdlib@media@modules@UModSys@@@tl@UModSys@@2USUniquePointer@core@3@A@@YAXXZ 0040fa5a f    CIL library: CIL module
 0001:0000ea64       ??__F?s_id@?$TObjectUniqueID@UIClient@IBinArchiveFrame@libmedia@UModSys@@@tl@UModSys@@2USUniquePointer@core@3@A@@YAXXZ 0040fa64 f    CIL library: CIL module
 0001:0000ea6e       ??__F?s_id@?$TObjectUniqueID@UIBinArchiveFrame@libmedia@UModSys@@@tl@UModSys@@2USUniquePointer@core@3@A@@YAXXZ 0040fa6e f    CIL library: CIL module
 0001:0000ea78       ??__F?s_id@?$TObjectUniqueID@UILibraryLayered@libmedia@UModSys@@@tl@UModSys@@2USUniquePointer@core@3@A@@YAXXZ 0040fa78 f    CIL library: CIL module
 0001:0000ea82       ??__F?s_id@?$TObjectUniqueID@UILibraryObjCache@libmedia@UModSys@@@tl@UModSys@@2USUniquePointer@core@3@A@@YAXXZ 0040fa82 f    CIL library: CIL module
 0001:0000ea8c       ??__F?s_id@?$TObjectUniqueID@UILibraryObjFilter@libmedia@UModSys@@@tl@UModSys@@2USUniquePointer@core@3@A@@YAXXZ 0040fa8c f    CIL library: CIL module
 0001:0000ea96       ??__F?s_id@?$TObjectUniqueID@UILibraryBinCache@libmedia@UModSys@@@tl@UModSys@@2USUniquePointer@core@3@A@@YAXXZ 0040fa96 f    CIL library: CIL module
 0001:0000eaa0       ??__F?s_id@?$TObjectUniqueID@UILibraryBinTree@libmedia@UModSys@@@tl@UModSys@@2USUniquePointer@core@3@A@@YAXXZ 0040faa0 f    CIL library: CIL module
 0001:0000eaaa       ??__F?s_console@RConsole_std@rsystem@base@UModSys@@2U1234@A@@YAXXZ 0040faaa f    CIL library: CIL module
 0001:0000ead7       ??__F?s_sys@RSystem@rsystem@base@UModSys@@2U1234@A@@YAXXZ 0040fad7 f    CIL library: CIL module
 0001:0000eae2       ??__Frsys_dbg@rsystem@base@UModSys@@YAXXZ 0040fae2 f    CIL library: CIL module
 0001:0000eaf9       ??__FM@UModSys@@YAXXZ      0040faf9 f    CIL library: CIL module
 0001:0000eafa       ??__F?root@SModuleRegChain@base@UModSys@@2U123@A@@YAXXZ 0040fafa f    CIL library: CIL module
 0001:0000eb04       ??__F?s_library@RModuleLibraryReg_Chain@base@UModSys@@2U123@A@@YAXXZ 0040fb04 f    CIL library: CIL module
 0001:0000eb0f       ??__F?root@SUniquePointer@core@UModSys@@2U123@A@@YAXXZ 0040fb0f f    CIL library: CIL module

 Exports

  ordinal    name

        1    _UModSys_Plugin_Entry2@0
