 umodsysc

 Timestamp is 53343f98 (Thu Mar 27 18:11:20 2014)

 Preferred load address is 00400000

 Start         Length     Name                   Class
 0001:00000000 0000dcc0H .text                   CODE
 0001:0000dcc0 00000508H .text$x                 CODE
 0001:0000e1c8 0000070eH .text$yc                CODE
 0001:0000e8d6 000002c3H .text$yd                CODE
 0002:00000000 0000015cH .idata$5                DATA
 0002:0000015c 00000004H .CRT$XCA                DATA
 0002:00000160 00000004H .CRT$XCAA               DATA
 0002:00000164 00000378H .CRT$XCU                DATA
 0002:000004dc 00000004H .CRT$XCZ                DATA
 0002:000004e0 00000004H .CRT$XIA                DATA
 0002:000004e4 00000004H .CRT$XIAA               DATA
 0002:000004e8 00000004H .CRT$XIY                DATA
 0002:000004ec 00000004H .CRT$XIZ                DATA
 0002:000004f0 00001a70H .rdata                  DATA
 0002:00001f60 00001324H .rdata$r                DATA
 0002:00003290 000000b8H .rdata$sxdata           DATA
 0002:00003348 00000004H .rtc$IAA                DATA
 0002:0000334c 00000004H .rtc$IZZ                DATA
 0002:00003350 00000004H .rtc$TAA                DATA
 0002:00003354 00000004H .rtc$TZZ                DATA
 0002:00003358 00000a44H .xdata$x                DATA
 0002:00003d9c 00000028H .idata$2                DATA
 0002:00003dc4 00000014H .idata$3                DATA
 0002:00003dd8 0000015cH .idata$4                DATA
 0002:00003f34 00000580H .idata$6                DATA
 0002:000044c0 00000058H .edata                  DATA
 0003:00000000 00000d60H .data                   DATA
 0003:00000d60 00002a00H .bss                    DATA

  Address         Publics by Value              Rva+Base       Lib:Object

 0000:00000000       __except_list              00000000     <absolute>
 0000:0000002e       ___safe_se_handler_count   0000002e     <absolute>
 0000:00009876       __ldused                   00009876     <absolute>
 0000:00009876       __fltused                  00009876     <absolute>
 0000:00000000       ___ImageBase               00400000     <linker-defined>
 0001:00000000       ??$slen@D@su@tl@UModSys@@YAIPBD@Z 00401000 f i umodsys.c_main.obj
 0001:00000019       _main                      00401019 f   umodsys.c_main.obj
 0001:000001c7       ??0?$TString@U?$TSCoreConst@D@su@tl@UModSys@@U?$TComparerBinaryHash@D@234@@tl@UModSys@@QAE@PBD@Z 004011c7 f i umodsys.c_main.obj
 0001:000001ec       ?update@?$TComparerBinaryHash@D@su@tl@UModSys@@QAEXPBDI@Z 004011ec f i umodsys.c_main.obj
 0001:00000223       ?link@SCMemShared@core@UModSys@@QAE_NPAUSMemorySharedData@23@PAUSSourceContext@23@@Z 00401223 f i umodsys_lib_libmedia:umodsys.mod.media.stdio.obj
 0001:00000223       ?link@SMemShared@core@UModSys@@QAE_NPAUSMemorySharedData@23@PAUSSourceContext@23@@Z 00401223 f i umodsys_lib_libmedia:umodsys.mod.media.stdio.obj
 0001:00000248       ??6SUniquePtrList@core@UModSys@@QAEAAU012@PBUSUniquePointerInfo@12@@Z 00401248 f i umodsys_lib_libmedia:umodsys.mod.media.stdio.obj
 0001:00000264       ??2IRoot@core@UModSys@@SAPAXIABUSIMemAlloc@12@@Z 00401264 f i umodsys_lib_libmedia:umodsys.mod.media.stdio.obj
 0001:00000286       ??3IRoot@core@UModSys@@SAXPAXABUSIMemAlloc@12@@Z 00401286 f i umodsys_lib_libmedia:umodsys.mod.media.stdio.obj
 0001:0000029f       ?_root_get_other_interface@IRefObject@core@UModSys@@IAEPAUIRoot@23@PBUSUniquePointerInfo@23@@Z 0040129f f i umodsys_lib_libmedia:umodsys.mod.media.stdio.obj
 0001:0000029f       ?_root_get_other_interface@IRefObject@core@UModSys@@IBEPBUIRoot@23@PBUSUniquePointerInfo@23@@Z 0040129f f i umodsys_lib_libmedia:umodsys.mod.media.stdio.obj
 0001:000002c0       ?_root_get_interface_types@IRefObject@core@UModSys@@SAIAAUSUniquePtrList@23@@Z 004012c0 f i umodsys_lib_libmedia:umodsys.mod.media.stdio.obj
 0001:000002e0       ?_root_is_interface_supported@IRefObject@core@UModSys@@SA_NPBUSUniquePointerInfo@23@@Z 004012e0 f i umodsys_lib_libmedia:umodsys.mod.media.stdio.obj
 0001:000002f7       ?get@SParameters@core@UModSys@@QBE_NPBDAA_N@Z 004012f7 f i umodsys_lib_libmedia:umodsys.mod.media.stdio.obj
 0001:00000329       ?_root_is_interface_supported@IGenerator@base@UModSys@@SA_NPBUSUniquePointerInfo@core@3@@Z 00401329 f i umodsys_lib_libmedia:umodsys.mod.media.stdio.obj
 0001:00000349       ?_root_get_interface_types@IBinArchive@libmedia@UModSys@@SAIAAUSUniquePtrList@core@3@@Z 00401349 f i umodsys_lib_libmedia:umodsys.mod.media.stdio.obj
 0001:0000036b       ?_root_is_interface_supported@IBinArchive@libmedia@UModSys@@SA_NPBUSUniquePointerInfo@core@3@@Z 0040136b f i umodsys_lib_libmedia:umodsys.mod.media.stdio.obj
 0001:0000038b       ?archive_load_data@libmedia@UModSys@@YA_NAAUIBinArchive@12@ABU?$TString@U?$TSCoreConst@D@su@tl@UModSys@@U?$TComparerBinaryHash@D@234@@tl@2@AAUSCMemShared@core@2@ABUSFlags@12@@Z 0040138b f i umodsys_lib_libmedia:umodsys.mod.media.stdio.obj
 0001:000004b6       ?file_get_size@stdio@media@modules@UModSys@@YA_JPAU_iobuf@@@Z 004014b6 f i umodsys_lib_libmedia:umodsys.mod.media.stdio.obj
 0001:00000501       ?root_get_interface_info@RStreamReader_FILE@stdio@media@modules@UModSys@@UBEABUSUniquePointerInfo@core@5@XZ 00401501 f i umodsys_lib_libmedia:umodsys.mod.media.stdio.obj
 0001:00000507       ?root_get_interface_type@RStreamReader_FILE@stdio@media@modules@UModSys@@UBEPBUSUniquePointerInfo@core@5@XZ 00401507 f i umodsys_lib_libmedia:umodsys.mod.media.stdio.obj
 0001:0000050d       ?root_get_other_interface@RStreamReader_FILE@stdio@media@modules@UModSys@@UAEPAUIRoot@core@5@PBUSUniquePointerInfo@75@@Z 0040150d f i umodsys_lib_libmedia:umodsys.mod.media.stdio.obj
 0001:0000050d       ?root_get_other_interface@RStreamReader_FILE@stdio@media@modules@UModSys@@UBEPBUIRoot@core@5@PBUSUniquePointerInfo@75@@Z 0040150d f i umodsys_lib_libmedia:umodsys.mod.media.stdio.obj
 0001:0000052e       ?root_is_interface_supported@RStreamReader_FILE@stdio@media@modules@UModSys@@UBE_NPBUSUniquePointerInfo@core@5@@Z 0040152e f i umodsys_lib_libmedia:umodsys.mod.media.stdio.obj
 0001:00000555       ?ref_weak@RStreamWriter_FILE@stdio@media@modules@UModSys@@UBE_NAAUWeakPointer@IRefObject@core@5@@Z 00401555 f i umodsys_lib_libmedia:umodsys.mod.media.stdio.obj
 0001:00000555       ?ref_weak@RUtilities@stdlib@media@modules@UModSys@@UBE_NAAUWeakPointer@IRefObject@core@5@@Z 00401555 f i umodsys_lib_libmedia:umodsys.mod.media.stdlib.obj
 0001:00000555       ?ref_weak@RGenerator@stdio@media@modules@UModSys@@UBE_NAAUWeakPointer@IRefObject@core@5@@Z 00401555 f i umodsys_lib_libmedia:umodsys.mod.media.stdio.obj
 0001:00000555       ?ref_weak@RStreamReader_FILE@stdio@media@modules@UModSys@@UBE_NAAUWeakPointer@IRefObject@core@5@@Z 00401555 f i umodsys_lib_libmedia:umodsys.mod.media.stdio.obj
 0001:00000555       ?ref_weak@RGenerator@stdlib@media@modules@UModSys@@UBE_NAAUWeakPointer@IRefObject@core@5@@Z 00401555 f i umodsys_lib_libmedia:umodsys.mod.media.stdlib.obj
 0001:00000574       ?suicide@RStreamReader_FILE@stdio@media@modules@UModSys@@UAEXXZ 00401574 f i umodsys_lib_libmedia:umodsys.mod.media.stdio.obj
 0001:00000574       ?suicide@RUtilities@stdlib@media@modules@UModSys@@UAEXXZ 00401574 f i umodsys_lib_libmedia:umodsys.mod.media.stdlib.obj
 0001:00000574       ?suicide@RStreamWriter_FILE@stdio@media@modules@UModSys@@UAEXXZ 00401574 f i umodsys_lib_libmedia:umodsys.mod.media.stdio.obj
 0001:000005b1       ??0RStreamReader_FILE@stdio@media@modules@UModSys@@QAE@PAUIModObject@base@4@ABUSParameters@core@4@@Z 004015b1 f i umodsys_lib_libmedia:umodsys.mod.media.stdio.obj
 0001:0000062c       ??0RStreamReader_FILE@stdio@media@modules@UModSys@@QAE@PAUIModObject@base@4@PBD@Z 0040162c f i umodsys_lib_libmedia:umodsys.mod.media.stdio.obj
 0001:00000683       ?open@RStreamReader_FILE@stdio@media@modules@UModSys@@QAEXPBD@Z 00401683 f i umodsys_lib_libmedia:umodsys.mod.media.stdio.obj
 0001:000006a7       ?reader_seek@RStreamReader_FILE@stdio@media@modules@UModSys@@UAE_N_J@Z 004016a7 f i umodsys_lib_libmedia:umodsys.mod.media.stdio.obj
 0001:000006ca       ?reader_seekend@RStreamReader_FILE@stdio@media@modules@UModSys@@UAE_N_J@Z 004016ca f i umodsys_lib_libmedia:umodsys.mod.media.stdio.obj
 0001:000006f0       ?reader_seekdelta@RStreamReader_FILE@stdio@media@modules@UModSys@@UAE_N_J@Z 004016f0 f i umodsys_lib_libmedia:umodsys.mod.media.stdio.obj
 0001:00000713       ?reader_pos@RStreamReader_FILE@stdio@media@modules@UModSys@@UAE_JXZ 00401713 f i umodsys_lib_libmedia:umodsys.mod.media.stdio.obj
 0001:00000728       ?reader_size@RStreamReader_FILE@stdio@media@modules@UModSys@@UAE_JXZ 00401728 f i umodsys_lib_libmedia:umodsys.mod.media.stdio.obj
 0001:0000072f       ?reader_read@RStreamReader_FILE@stdio@media@modules@UModSys@@UAE_NPAXI@Z 0040172f f i umodsys_lib_libmedia:umodsys.mod.media.stdio.obj
 0001:0000078c       ?reader_close@RStreamReader_FILE@stdio@media@modules@UModSys@@UAEXXZ 0040178c f i umodsys_lib_libmedia:umodsys.mod.media.stdio.obj
 0001:000007a4       ??_ERStreamReader_FILE@stdio@media@modules@UModSys@@UAEPAXI@Z 004017a4 f i  CIL library: CIL module
 0001:000007a4       ??_GRStreamReader_FILE@stdio@media@modules@UModSys@@UAEPAXI@Z 004017a4 f i umodsys_lib_libmedia:umodsys.mod.media.stdio.obj
 0001:000007cc       ?root_get_interface_info@RStreamWriter_FILE@stdio@media@modules@UModSys@@UBEABUSUniquePointerInfo@core@5@XZ 004017cc f i umodsys_lib_libmedia:umodsys.mod.media.stdio.obj
 0001:000007d2       ?root_get_interface_type@RStreamWriter_FILE@stdio@media@modules@UModSys@@UBEPBUSUniquePointerInfo@core@5@XZ 004017d2 f i umodsys_lib_libmedia:umodsys.mod.media.stdio.obj
 0001:000007d8       ?root_get_other_interface@RStreamWriter_FILE@stdio@media@modules@UModSys@@UAEPAUIRoot@core@5@PBUSUniquePointerInfo@75@@Z 004017d8 f i umodsys_lib_libmedia:umodsys.mod.media.stdio.obj
 0001:000007d8       ?root_get_other_interface@RStreamWriter_FILE@stdio@media@modules@UModSys@@UBEPBUIRoot@core@5@PBUSUniquePointerInfo@75@@Z 004017d8 f i umodsys_lib_libmedia:umodsys.mod.media.stdio.obj
 0001:000007f9       ?root_is_interface_supported@RStreamWriter_FILE@stdio@media@modules@UModSys@@UBE_NPBUSUniquePointerInfo@core@5@@Z 004017f9 f i umodsys_lib_libmedia:umodsys.mod.media.stdio.obj
 0001:00000820       ?ref_add@RStreamWriter_FILE@stdio@media@modules@UModSys@@UBEXXZ 00401820 f i umodsys_lib_libmedia:umodsys.mod.media.stdio.obj
 0001:00000820       ?ref_add@RGenerator@stdio@media@modules@UModSys@@UBEXXZ 00401820 f i umodsys_lib_libmedia:umodsys.mod.media.stdio.obj
 0001:00000820       ?ref_add@RGenerator@stdlib@media@modules@UModSys@@UBEXXZ 00401820 f i umodsys_lib_libmedia:umodsys.mod.media.stdlib.obj
 0001:00000820       ?ref_add@RStreamReader_FILE@stdio@media@modules@UModSys@@UBEXXZ 00401820 f i umodsys_lib_libmedia:umodsys.mod.media.stdio.obj
 0001:00000820       ?ref_add@RUtilities@stdlib@media@modules@UModSys@@UBEXXZ 00401820 f i umodsys_lib_libmedia:umodsys.mod.media.stdlib.obj
 0001:00000824       ??0RStreamWriter_FILE@stdio@media@modules@UModSys@@QAE@PAUIModObject@base@4@ABUSParameters@core@4@@Z 00401824 f i umodsys_lib_libmedia:umodsys.mod.media.stdio.obj
 0001:000008bd       ??0RStreamWriter_FILE@stdio@media@modules@UModSys@@QAE@PAUIModObject@base@4@PBD_N@Z 004018bd f i umodsys_lib_libmedia:umodsys.mod.media.stdio.obj
 0001:0000091e       ?open@RStreamWriter_FILE@stdio@media@modules@UModSys@@QAEXPBD_N@Z 0040191e f i umodsys_lib_libmedia:umodsys.mod.media.stdio.obj
 0001:00000964       ?writer_seek@RStreamWriter_FILE@stdio@media@modules@UModSys@@UAE_N_J@Z 00401964 f i umodsys_lib_libmedia:umodsys.mod.media.stdio.obj
 0001:00000987       ?writer_seekend@RStreamWriter_FILE@stdio@media@modules@UModSys@@UAE_N_J@Z 00401987 f i umodsys_lib_libmedia:umodsys.mod.media.stdio.obj
 0001:000009ad       ?writer_seekdelta@RStreamWriter_FILE@stdio@media@modules@UModSys@@UAE_N_J@Z 004019ad f i umodsys_lib_libmedia:umodsys.mod.media.stdio.obj
 0001:000009d0       ?writer_setsize@RStreamWriter_FILE@stdio@media@modules@UModSys@@UAE_N_J@Z 004019d0 f i umodsys_lib_libmedia:umodsys.mod.media.stdio.obj
 0001:00000a18       ?writer_pos@RStreamWriter_FILE@stdio@media@modules@UModSys@@UAE_JXZ 00401a18 f i umodsys_lib_libmedia:umodsys.mod.media.stdio.obj
 0001:00000a2d       ?writer_size@RStreamWriter_FILE@stdio@media@modules@UModSys@@UAE_JXZ 00401a2d f i umodsys_lib_libmedia:umodsys.mod.media.stdio.obj
 0001:00000a52       ?writer_write@RStreamWriter_FILE@stdio@media@modules@UModSys@@UAE_NPBXI@Z 00401a52 f i umodsys_lib_libmedia:umodsys.mod.media.stdio.obj
 0001:00000aaf       ?writer_copy@RStreamWriter_FILE@stdio@media@modules@UModSys@@UAE_NPAUIStreamReader@libmedia@5@_J@Z 00401aaf f i umodsys_lib_libmedia:umodsys.mod.media.stdio.obj
 0001:00000b33       ?writer_copy@RStreamWriter_FILE@stdio@media@modules@UModSys@@UAE_NPAUIStreamReader@libmedia@5@_J1@Z 00401b33 f i umodsys_lib_libmedia:umodsys.mod.media.stdio.obj
 0001:00000b6a       ?writer_close@RStreamWriter_FILE@stdio@media@modules@UModSys@@UAEXXZ 00401b6a f i umodsys_lib_libmedia:umodsys.mod.media.stdio.obj
 0001:00000b97       ?writer_abort@RStreamWriter_FILE@stdio@media@modules@UModSys@@UAEXXZ 00401b97 f i umodsys_lib_libmedia:umodsys.mod.media.stdio.obj
 0001:00000bc4       ??_ERStreamWriter_FILE@stdio@media@modules@UModSys@@UAEPAXI@Z 00401bc4 f i  CIL library: CIL module
 0001:00000bc4       ??_GRStreamWriter_FILE@stdio@media@modules@UModSys@@UAEPAXI@Z 00401bc4 f i umodsys_lib_libmedia:umodsys.mod.media.stdio.obj
 0001:00000c08       ?root_get_interface_info@RDataArchiver_OsDir@stdio@media@modules@UModSys@@UBEABUSUniquePointerInfo@core@5@XZ 00401c08 f i umodsys_lib_libmedia:umodsys.mod.media.stdio.obj
 0001:00000c0e       ?root_get_interface_type@RDataArchiver_OsDir@stdio@media@modules@UModSys@@UBEPBUSUniquePointerInfo@core@5@XZ 00401c0e f i umodsys_lib_libmedia:umodsys.mod.media.stdio.obj
 0001:00000c14       ?root_get_other_interface@RDataArchiver_OsDir@stdio@media@modules@UModSys@@UAEPAUIRoot@core@5@PBUSUniquePointerInfo@75@@Z 00401c14 f i umodsys_lib_libmedia:umodsys.mod.media.stdio.obj
 0001:00000c14       ?root_get_other_interface@RDataArchiver_OsDir@stdio@media@modules@UModSys@@UBEPBUIRoot@core@5@PBUSUniquePointerInfo@75@@Z 00401c14 f i umodsys_lib_libmedia:umodsys.mod.media.stdio.obj
 0001:00000c3d       ?root_is_interface_supported@RDataArchiver_OsDir@stdio@media@modules@UModSys@@UBE_NPBUSUniquePointerInfo@core@5@@Z 00401c3d f i umodsys_lib_libmedia:umodsys.mod.media.stdio.obj
 0001:00000c5c       ?ref_remove@RLibraryObjCache@stdlib@media@modules@UModSys@@UBEXXZ 00401c5c f i umodsys_lib_libmedia:umodsys.mod.media.stdlib.obj
 0001:00000c5c       ?ref_remove@RLibraryLayered@stdlib@media@modules@UModSys@@UBEXXZ 00401c5c f i umodsys_lib_libmedia:umodsys.mod.media.stdlib.obj
 0001:00000c5c       ?ref_remove@RParameters@rsystem@base@UModSys@@UBEXXZ 00401c5c f i umodsys_lib_basesys:umodsys.basesys.rparameters.obj
 0001:00000c5c       ?ref_remove@RLibraryObjFilter@stdlib@media@modules@UModSys@@UBEXXZ 00401c5c f i umodsys_lib_libmedia:umodsys.mod.media.stdlib.obj
 0001:00000c5c       ?ref_remove@RLibraryBinTree@stdlib@media@modules@UModSys@@UBEXXZ 00401c5c f i umodsys_lib_libmedia:umodsys.mod.media.stdlib.obj
 0001:00000c5c       ?ref_remove@RDataArchiver_OsDir@stdio@media@modules@UModSys@@UBEXXZ 00401c5c f i umodsys_lib_libmedia:umodsys.mod.media.stdio.obj
 0001:00000c5c       ?ref_remove@RLibraryBinCache@stdlib@media@modules@UModSys@@UBEXXZ 00401c5c f i umodsys_lib_libmedia:umodsys.mod.media.stdlib.obj
 0001:00000c67       ??0RDataArchiver_OsDir@stdio@media@modules@UModSys@@QAE@PAUIModObject@base@4@ABUSParameters@core@4@U?$TFlags4State@USMediaFlagUid@libmedia@UModSys@@I@tl@4@@Z 00401c67 f i umodsys_lib_libmedia:umodsys.mod.media.stdio.obj
 0001:00000cda       ?open@RDataArchiver_OsDir@stdio@media@modules@UModSys@@QAEXABUSParameters@core@5@@Z 00401cda f i umodsys_lib_libmedia:umodsys.mod.media.stdio.obj
 0001:00000db5       ?get_flag@RDataArchiver_OsDir@stdio@media@modules@UModSys@@UBE?AW4eStates@?$TFlags4State@USMediaFlagUid@libmedia@UModSys@@I@tl@5@H@Z 00401db5 f i umodsys_lib_libmedia:umodsys.mod.media.stdio.obj
 0001:00000dc8       ?get_flags_auto@RDataArchiver_OsDir@stdio@media@modules@UModSys@@UBE?AU?$TFlags4State@USMediaFlagUid@libmedia@UModSys@@I@tl@5@XZ 00401dc8 f i umodsys_lib_libmedia:umodsys.mod.media.stdio.obj
 0001:00000dd7       ?set_flag@RDataArchiver_OsDir@stdio@media@modules@UModSys@@UAE?AW4eStates@?$TFlags4State@USMediaFlagUid@libmedia@UModSys@@I@tl@5@HW46785@@Z 00401dd7 f i umodsys_lib_libmedia:umodsys.mod.media.stdio.obj
 0001:00000e04       ?data_load@RDataArchiver_OsDir@stdio@media@modules@UModSys@@UAE_NABU?$TString@U?$TSCoreConst@D@su@tl@UModSys@@U?$TComparerBinaryHash@D@234@@tl@5@AAUSCMemShared@core@5@ABUSFlags@libmedia@5@@Z 00401e04 f i umodsys_lib_libmedia:umodsys.mod.media.stdio.obj
 0001:00000e39       ?data_save@RDataArchiver_OsDir@stdio@media@modules@UModSys@@UAE_NABU?$TString@U?$TSCoreConst@D@su@tl@UModSys@@U?$TComparerBinaryHash@D@234@@tl@5@ABUSCMem@core@5@ABUSFlags@libmedia@5@@Z 00401e39 f i umodsys_lib_libmedia:umodsys.mod.media.stdio.obj
 0001:00000eaf       ?data_reader@RDataArchiver_OsDir@stdio@media@modules@UModSys@@UAE?AU?$TRefObject@UIStreamReader@libmedia@UModSys@@U?$TRefObjectFunc@UIStreamReader@libmedia@UModSys@@@tl@3@@tl@5@ABU?$TString@U?$TSCoreConst@D@su@tl@UModSys@@U?$TComparerBinaryHash@D@234@@75@ABUSFlags@libmedia@5@@Z 00401eaf f i umodsys_lib_libmedia:umodsys.mod.media.stdio.obj
 0001:00000fb6       ?data_writer@RDataArchiver_OsDir@stdio@media@modules@UModSys@@UAE?AU?$TRefObject@UIStreamWriter@libmedia@UModSys@@U?$TRefObjectFunc@UIStreamWriter@libmedia@UModSys@@@tl@3@@tl@5@ABU?$TString@U?$TSCoreConst@D@su@tl@UModSys@@U?$TComparerBinaryHash@D@234@@75@ABUSFlags@libmedia@5@@Z 00401fb6 f i umodsys_lib_libmedia:umodsys.mod.media.stdio.obj
 0001:000010d8       ?data_info@RDataArchiver_OsDir@stdio@media@modules@UModSys@@UAE_NABU?$TString@U?$TSCoreConst@D@su@tl@UModSys@@U?$TComparerBinaryHash@D@234@@tl@5@IAAUSFileInfo@libmedia@5@ABUSFlags@95@@Z 004020d8 f i umodsys_lib_libmedia:umodsys.mod.media.stdio.obj
 0001:000010d8       ?data_list@RDataArchiver_OsDir@stdio@media@modules@UModSys@@UAE_NABU?$TString@U?$TSCoreConst@D@su@tl@UModSys@@U?$TComparerBinaryHash@D@234@@tl@5@IAAU?$TIStackSocket@USFileInfo@libmedia@UModSys@@@75@ABUSFlags@libmedia@5@@Z 004020d8 f i umodsys_lib_libmedia:umodsys.mod.media.stdio.obj
 0001:00001121       ?get_permissions@RDataArchiver_OsDir@stdio@media@modules@UModSys@@UAEHXZ 00402121 f i umodsys_lib_libmedia:umodsys.mod.media.stdio.obj
 0001:00001125       ??_ERDataArchiver_OsDir@stdio@media@modules@UModSys@@UAEPAXI@Z 00402125 f i  CIL library: CIL module
 0001:00001125       ??_GRDataArchiver_OsDir@stdio@media@modules@UModSys@@UAEPAXI@Z 00402125 f i umodsys_lib_libmedia:umodsys.mod.media.stdio.obj
 0001:00001179       ??1ILibObject@libmedia@UModSys@@UAE@XZ 00402179 f i umodsys_lib_libmedia:umodsys.mod.media.stdio.obj
 0001:000011b0       ?get_generated_names@RGenerator@stdio@media@modules@UModSys@@UBEHAAUSUniquePtrList@core@5@@Z 004021b0 f i umodsys_lib_libmedia:umodsys.mod.media.stdio.obj
 0001:000011e0       ?get_generated_types@RGenerator@stdio@media@modules@UModSys@@UBEHAAUSUniquePtrList@core@5@PBUSUniquePointerInfo@75@@Z 004021e0 f i umodsys_lib_libmedia:umodsys.mod.media.stdio.obj
 0001:00001253       ?generate@RGenerator@stdio@media@modules@UModSys@@UAE_NAAU?$TRefObject@UIRefObject@core@UModSys@@U?$TRefObjectFunc@UIRefObject@core@UModSys@@@tl@3@@tl@5@PBUSUniquePointerInfo@core@5@ABUSParameters@95@@Z 00402253 f i umodsys_lib_libmedia:umodsys.mod.media.stdio.obj
 0001:000012ba       ?root_get_interface_info@RGenerator@stdio@media@modules@UModSys@@UBEABUSUniquePointerInfo@core@5@XZ 004022ba f i umodsys_lib_libmedia:umodsys.mod.media.stdio.obj
 0001:000012c0       ?root_get_interface_type@RGenerator@stdio@media@modules@UModSys@@UBEPBUSUniquePointerInfo@core@5@XZ 004022c0 f i umodsys_lib_libmedia:umodsys.mod.media.stdio.obj
 0001:000012c6       ?root_get_other_interface@RGenerator@stdio@media@modules@UModSys@@UAEPAUIRoot@core@5@PBUSUniquePointerInfo@75@@Z 004022c6 f i umodsys_lib_libmedia:umodsys.mod.media.stdio.obj
 0001:000012c6       ?root_get_other_interface@RGenerator@stdio@media@modules@UModSys@@UBEPBUIRoot@core@5@PBUSUniquePointerInfo@75@@Z 004022c6 f i umodsys_lib_libmedia:umodsys.mod.media.stdio.obj
 0001:000012ef       ?root_is_interface_supported@RGenerator@stdio@media@modules@UModSys@@UBE_NPBUSUniquePointerInfo@core@5@@Z 004022ef f i umodsys_lib_libmedia:umodsys.mod.media.stdio.obj
 0001:0000130e       ?ref_remove@RConsole_std@rsystem@base@UModSys@@UBEXXZ 0040230e f i umodsys_lib_basesys:umodsys.basesys.rconsole_std.obj
 0001:0000130e       ?ref_add@RConsole_std@rsystem@base@UModSys@@UBEXXZ 0040230e f i umodsys_lib_basesys:umodsys.basesys.rconsole_std.obj
 0001:0000130e       ??3@YAXPAX0@Z              0040230e f i umodsys_lib_libmedia:umodsys.mod.media.stdio.obj
 0001:0000130e       ?suicide@RGenerator@stdio@media@modules@UModSys@@UAEXXZ 0040230e f i umodsys_lib_libmedia:umodsys.mod.media.stdio.obj
 0001:0000130e       ?suicide@RGenerator@stdlib@media@modules@UModSys@@UAEXXZ 0040230e f i umodsys_lib_libmedia:umodsys.mod.media.stdlib.obj
 0001:0000130f       ?get_uid@RGenerator@stdio@media@modules@UModSys@@UBEPBUSUniquePointerInfo@core@5@XZ 0040230f f i umodsys_lib_libmedia:umodsys.mod.media.stdio.obj
 0001:00001315       ?do_open@RModuleReg@stdio@media@modules@UModSys@@UAE_NXZ 00402315 f i umodsys_lib_libmedia:umodsys.mod.media.stdio.obj
 0001:00001363       ?do_close@RModuleReg@stdio@media@modules@UModSys@@UAE_NXZ 00402363 f i umodsys_lib_libmedia:umodsys.mod.media.stdio.obj
 0001:0000139e       ?get_module@RGenerator@stdio@media@modules@UModSys@@UBEPAUIModule@base@5@XZ 0040239e f   umodsys_lib_libmedia:umodsys.mod.media.stdio.obj
 0001:000013a4       ?mod_inc@RGenerator@stdio@media@modules@UModSys@@UBE_NXZ 004023a4 f   umodsys_lib_libmedia:umodsys.mod.media.stdio.obj
 0001:000013af       ?mod_dec@RGenerator@stdio@media@modules@UModSys@@UBE_NXZ 004023af f   umodsys_lib_libmedia:umodsys.mod.media.stdio.obj
 0001:000013ba       ?s_holder@RGenerator@stdio@media@modules@UModSys@@SAAAU?$TTypeStaticHolder@URGenerator@stdio@media@modules@UModSys@@@tl@5@XZ 004023ba f   umodsys_lib_libmedia:umodsys.mod.media.stdio.obj
 0001:000013ec       ??0?$TString@U?$TSCoreShared@USIMemAlloc@core@UModSys@@D@su@tl@UModSys@@U?$TComparerBinaryHash@D@234@@tl@UModSys@@QAE@XZ 004023ec f i umodsys_lib_libmedia:umodsys.mod.media.stdio.obj
 0001:00001402       ??1?$TSCoreShared@USIMemAlloc@core@UModSys@@D@su@tl@UModSys@@QAE@XZ 00402402 f i umodsys_lib_libmedia:umodsys.mod.media.stdio.obj
 0001:00001402       ??1?$TString@U?$TSCoreShared@USIMemAlloc@core@UModSys@@D@su@tl@UModSys@@U?$TComparerBinaryHash@D@234@@tl@UModSys@@QAE@XZ 00402402 f i umodsys_lib_libmedia:umodsys.mod.media.stdio.obj
 0001:00001402       ??1?$TStringBuf@U?$TSCoreShared@USIMemAlloc@core@UModSys@@D@su@tl@UModSys@@U?$TComparerBinaryHash@D@234@@tl@UModSys@@QAE@XZ 00402402 f i umodsys_lib_libmedia:umodsys.mod.media.stdlib.obj
 0001:00001407       ??_ERGenerator@stdlib@media@modules@UModSys@@UAEPAXI@Z 00402407 f i  CIL library: CIL module
 0001:00001407       ??_GIRoot@core@UModSys@@UAEPAXI@Z 00402407 f i umodsys_lib_libmedia:umodsys.mod.media.stdio.obj
 0001:00001407       ??_EIRoot@core@UModSys@@UAEPAXI@Z 00402407 f i  CIL library: CIL module
 0001:00001407       ??_GRParameters@rsystem@base@UModSys@@UAEPAXI@Z 00402407 f i umodsys_lib_basesys:umodsys.basesys.rparameters.obj
 0001:00001407       ??_ERGenerator@stdio@media@modules@UModSys@@UAEPAXI@Z 00402407 f i  CIL library: CIL module
 0001:00001407       ??_ERParameters@rsystem@base@UModSys@@UAEPAXI@Z 00402407 f i  CIL library: CIL module
 0001:00001407       ??_GRGenerator@stdio@media@modules@UModSys@@UAEPAXI@Z 00402407 f i umodsys_lib_libmedia:umodsys.mod.media.stdio.obj
 0001:00001407       ??_GRGenerator@stdlib@media@modules@UModSys@@UAEPAXI@Z 00402407 f i umodsys_lib_libmedia:umodsys.mod.media.stdlib.obj
 0001:00001424       ?set@?$TSCoreShared@USIMemAlloc@core@UModSys@@D@su@tl@UModSys@@QAEXPBD@Z 00402424 f i umodsys_lib_libmedia:umodsys.mod.media.stdio.obj
 0001:00001449       ?info_release@?$TSCoreShared@USIMemAlloc@core@UModSys@@D@su@tl@UModSys@@QAEXXZ 00402449 f i umodsys_lib_libmedia:umodsys.mod.media.stdio.obj
 0001:00001482       ?info_new@?$TSCoreShared@USIMemAlloc@core@UModSys@@D@su@tl@UModSys@@QAE_NPBDI@Z 00402482 f i umodsys_lib_libmedia:umodsys.mod.media.stdio.obj
 0001:000014e6       ?get_null@?$TSCoreShared@USIMemAlloc@core@UModSys@@D@su@tl@UModSys@@SAPAU?$TSharedStringInfo@DUSIMemAlloc@core@UModSys@@@234@XZ 004024e6 f i umodsys_lib_libmedia:umodsys.mod.media.stdio.obj
 0001:0000151e       ??$ValidateConstruction@UIStreamReader@libmedia@UModSys@@URStreamReader_FILE@stdio@media@modules@3@@core@UModSys@@YA_NAAU?$TRefObject@UIStreamReader@libmedia@UModSys@@U?$TRefObjectFunc@UIStreamReader@libmedia@UModSys@@@tl@3@@tl@1@PAURStreamReader_FILE@stdio@media@modules@1@@Z 0040251e f i umodsys_lib_libmedia:umodsys.mod.media.stdio.obj
 0001:00001570       ??$yes@U?$TFlags4StateShift@USMediaFlagUid@libmedia@UModSys@@I$09@tl@UModSys@@@SFlags@libmedia@UModSys@@QBE_NPBUIResolverAuto@012@@Z 00402570 f i umodsys_lib_libmedia:umodsys.mod.media.stdio.obj
 0001:000015c1       ??$ValidateConstruction@UIStreamWriter@libmedia@UModSys@@URStreamWriter_FILE@stdio@media@modules@3@@core@UModSys@@YA_NAAU?$TRefObject@UIStreamWriter@libmedia@UModSys@@U?$TRefObjectFunc@UIStreamWriter@libmedia@UModSys@@@tl@3@@tl@1@PAURStreamWriter_FILE@stdio@media@modules@1@@Z 004025c1 f i umodsys_lib_libmedia:umodsys.mod.media.stdio.obj
 0001:0000161b       ??$t_gen_param@URStreamReader_FILE@stdio@media@modules@UModSys@@URGenerator@2345@@IGenerator@base@UModSys@@IAE_NPAURGenerator@stdio@media@modules@2@AAU?$TRefObject@UIRefObject@core@UModSys@@U?$TRefObjectFunc@UIRefObject@core@UModSys@@@tl@3@@tl@2@PBUSUniquePointerInfo@core@2@ABUSParameters@core@2@@Z 0040261b f i umodsys_lib_libmedia:umodsys.mod.media.stdio.obj
 0001:000016a6       ??$t_gen_param@URStreamWriter_FILE@stdio@media@modules@UModSys@@URGenerator@2345@@IGenerator@base@UModSys@@IAE_NPAURGenerator@stdio@media@modules@2@AAU?$TRefObject@UIRefObject@core@UModSys@@U?$TRefObjectFunc@UIRefObject@core@UModSys@@@tl@3@@tl@2@PBUSUniquePointerInfo@core@2@ABUSParameters@core@2@@Z 004026a6 f i umodsys_lib_libmedia:umodsys.mod.media.stdio.obj
 0001:00001731       ??$t_gen_param@URDataArchiver_OsDir@stdio@media@modules@UModSys@@URGenerator@2345@@IGenerator@base@UModSys@@IAE_NPAURGenerator@stdio@media@modules@2@AAU?$TRefObject@UIRefObject@core@UModSys@@U?$TRefObjectFunc@UIRefObject@core@UModSys@@@tl@3@@tl@2@PBUSUniquePointerInfo@core@2@ABUSParameters@core@2@@Z 00402731 f i umodsys_lib_libmedia:umodsys.mod.media.stdio.obj
 0001:000017ac       ??1?$TRefObject@UIModObject@base@UModSys@@U?$TModObjectFunc@UIModObject@base@UModSys@@@tl@3@@tl@UModSys@@QAE@XZ 004027ac f i umodsys_lib_libmedia:umodsys.mod.media.stdio.obj
 0001:000017c2       ?s_init@?$TModObjectFunc@UIModObject@base@UModSys@@@tl@UModSys@@SAXAAPAUIModObject@base@3@PAU453@@Z 004027c2 f i umodsys_lib_libmedia:umodsys.mod.media.stdio.obj
 0001:000017db       ?new_data@SMemorySharedData@core@UModSys@@SAPAU123@IPBUSSourceContext@23@@Z 004027db f i umodsys_lib_libmedia:umodsys.mod.media.stdlib.obj
 0001:000017ff       ??$seq@D@su@tl@UModSys@@YA_NPBD0I@Z 004027ff f i umodsys_lib_libmedia:umodsys.mod.media.stdlib.obj
 0001:0000181a       ??1SFileInfo@libmedia@UModSys@@QAE@XZ 0040281a f i umodsys_lib_libmedia:umodsys.mod.media.stdlib.obj
 0001:00001867       ?get_flag@RResolverChain@SFlagsChain@libmedia@UModSys@@UBE?AW4eStates@?$TFlags4State@USMediaFlagUid@libmedia@UModSys@@I@tl@4@H@Z 00402867 f i umodsys_lib_libmedia:umodsys.mod.media.stdlib.obj
 0001:0000188d       ?bin_reader@ILibrary@libmedia@UModSys@@QAE?AU?$TRefObject@UIStreamReader@libmedia@UModSys@@U?$TRefObjectFunc@UIStreamReader@libmedia@UModSys@@@tl@3@@tl@3@ABU?$TString@U?$TSCoreConst@D@su@tl@UModSys@@U?$TComparerBinaryHash@D@234@@53@ABU?$TFlags4State@USMediaFlagUid@libmedia@UModSys@@I@53@@Z 0040288d f i umodsys_lib_libmedia:umodsys.mod.media.stdlib.obj
 0001:000018bc       ?bin_writer@ILibrary@libmedia@UModSys@@QAE?AU?$TRefObject@UIStreamWriter@libmedia@UModSys@@U?$TRefObjectFunc@UIStreamWriter@libmedia@UModSys@@@tl@3@@tl@3@ABU?$TString@U?$TSCoreConst@D@su@tl@UModSys@@U?$TComparerBinaryHash@D@234@@53@ABU?$TFlags4State@USMediaFlagUid@libmedia@UModSys@@I@53@@Z 004028bc f i umodsys_lib_libmedia:umodsys.mod.media.stdlib.obj
 0001:000018eb       ?_root_get_other_interface@ILibrary@libmedia@UModSys@@IBEPBUIRoot@core@3@PBUSUniquePointerInfo@53@@Z 004028eb f i umodsys_lib_libmedia:umodsys.mod.media.stdlib.obj
 0001:000018eb       ?_root_get_other_interface@ILibrary@libmedia@UModSys@@IAEPAUIRoot@core@3@PBUSUniquePointerInfo@53@@Z 004028eb f i umodsys_lib_libmedia:umodsys.mod.media.stdlib.obj
 0001:00001907       ?_root_get_interface_types@ILibrary@libmedia@UModSys@@SAIAAUSUniquePtrList@core@3@@Z 00402907 f i umodsys_lib_libmedia:umodsys.mod.media.stdlib.obj
 0001:00001929       ?_root_is_interface_supported@ILibrary@libmedia@UModSys@@SA_NPBUSUniquePointerInfo@core@3@@Z 00402929 f i umodsys_lib_libmedia:umodsys.mod.media.stdlib.obj
 0001:00001949       ??1SLayer@ILibraryLayered@libmedia@UModSys@@QAE@XZ 00402949 f i umodsys_lib_libmedia:umodsys.mod.media.stdlib.obj
 0001:00001949       ??1SPoint@ILibraryBinTree@libmedia@UModSys@@QAE@XZ 00402949 f i umodsys_lib_libmedia:umodsys.mod.media.stdlib.obj
 0001:0000195a       ?setname@NameNode@IBinArchiveFrame@libmedia@UModSys@@QAEXPAXHABU?$TString@U?$TSCoreConst@D@su@tl@UModSys@@U?$TComparerBinaryHash@D@234@@tl@4@@Z 0040295a f i umodsys_lib_libmedia:umodsys.mod.media.stdlib.obj
 0001:000019a2       ?setname@NameNode@IBinArchiveFrame@libmedia@UModSys@@QAEXPAXHABU?$TString@U?$TSCoreConst@D@su@tl@UModSys@@U?$TComparerUtfNocaseHash@D@234@@tl@4@@Z 004029a2 f i umodsys_lib_libmedia:umodsys.mod.media.stdlib.obj
 0001:000019f2       ??RNameNodeCmpC@IBinArchiveFrame@libmedia@UModSys@@QBEHPBUNameNode@123@@Z 004029f2 f i umodsys_lib_libmedia:umodsys.mod.media.stdlib.obj
 0001:00001a1c       ??RNameNodeCmpUC@IBinArchiveFrame@libmedia@UModSys@@QBEHPBUNameNode@123@@Z 00402a1c f i umodsys_lib_libmedia:umodsys.mod.media.stdlib.obj
 0001:00001a77       ?root_get_interface_info@RUtilities@stdlib@media@modules@UModSys@@UBEABUSUniquePointerInfo@core@5@XZ 00402a77 f i umodsys_lib_libmedia:umodsys.mod.media.stdlib.obj
 0001:00001a7d       ?root_get_interface_type@RUtilities@stdlib@media@modules@UModSys@@UBEPBUSUniquePointerInfo@core@5@XZ 00402a7d f i umodsys_lib_libmedia:umodsys.mod.media.stdlib.obj
 0001:00001a83       ?root_get_other_interface@RUtilities@stdlib@media@modules@UModSys@@UBEPBUIRoot@core@5@PBUSUniquePointerInfo@75@@Z 00402a83 f i umodsys_lib_libmedia:umodsys.mod.media.stdlib.obj
 0001:00001a83       ?root_get_other_interface@RUtilities@stdlib@media@modules@UModSys@@UAEPAUIRoot@core@5@PBUSUniquePointerInfo@75@@Z 00402a83 f i umodsys_lib_libmedia:umodsys.mod.media.stdlib.obj
 0001:00001aa4       ?root_is_interface_supported@RUtilities@stdlib@media@modules@UModSys@@UBE_NPBUSUniquePointerInfo@core@5@@Z 00402aa4 f i umodsys_lib_libmedia:umodsys.mod.media.stdlib.obj
 0001:00001acb       ?ref_remove@RGenerator@stdio@media@modules@UModSys@@UBEXXZ 00402acb f i umodsys_lib_libmedia:umodsys.mod.media.stdio.obj
 0001:00001acb       ?ref_remove@RStreamReader_FILE@stdio@media@modules@UModSys@@UBEXXZ 00402acb f i umodsys_lib_libmedia:umodsys.mod.media.stdio.obj
 0001:00001acb       ?ref_remove@RUtilities@stdlib@media@modules@UModSys@@UBEXXZ 00402acb f i umodsys_lib_libmedia:umodsys.mod.media.stdlib.obj
 0001:00001acb       ?ref_remove@RGenerator@stdlib@media@modules@UModSys@@UBEXXZ 00402acb f i umodsys_lib_libmedia:umodsys.mod.media.stdlib.obj
 0001:00001acb       ?ref_remove@RStreamWriter_FILE@stdio@media@modules@UModSys@@UBEXXZ 00402acb f i umodsys_lib_libmedia:umodsys.mod.media.stdio.obj
 0001:00001ad6       ?root_get_interface_info@RBinArchiveFrame@stdlib@media@modules@UModSys@@UBEABUSUniquePointerInfo@core@5@XZ 00402ad6 f i umodsys_lib_libmedia:umodsys.mod.media.stdlib.obj
 0001:00001adc       ?root_get_interface_type@RBinArchiveFrame@stdlib@media@modules@UModSys@@UBEPBUSUniquePointerInfo@core@5@XZ 00402adc f i umodsys_lib_libmedia:umodsys.mod.media.stdlib.obj
 0001:00001ae2       ?root_get_other_interface@RBinArchiveFrame@stdlib@media@modules@UModSys@@UBEPBUIRoot@core@5@PBUSUniquePointerInfo@75@@Z 00402ae2 f i umodsys_lib_libmedia:umodsys.mod.media.stdlib.obj
 0001:00001ae2       ?root_get_other_interface@RBinArchiveFrame@stdlib@media@modules@UModSys@@UAEPAUIRoot@core@5@PBUSUniquePointerInfo@75@@Z 00402ae2 f i umodsys_lib_libmedia:umodsys.mod.media.stdlib.obj
 0001:00001b13       ?root_is_interface_supported@RBinArchiveFrame@stdlib@media@modules@UModSys@@UBE_NPBUSUniquePointerInfo@core@5@@Z 00402b13 f i umodsys_lib_libmedia:umodsys.mod.media.stdlib.obj
 0001:00001b3a       ?ref_add@RBinArchiveFrame@stdlib@media@modules@UModSys@@UBEXXZ 00402b3a f i umodsys_lib_libmedia:umodsys.mod.media.stdlib.obj
 0001:00001b3e       ?ref_remove@RBinArchiveFrame@stdlib@media@modules@UModSys@@UBEXXZ 00402b3e f i umodsys_lib_libmedia:umodsys.mod.media.stdlib.obj
 0001:00001b49       ?ref_links@RBinArchiveFrame@stdlib@media@modules@UModSys@@UBEHXZ 00402b49 f i umodsys_lib_libmedia:umodsys.mod.media.stdlib.obj
 0001:00001b4d       ?ref_weak@RBinArchiveFrame@stdlib@media@modules@UModSys@@UBE_NAAUWeakPointer@IRefObject@core@5@@Z 00402b4d f i umodsys_lib_libmedia:umodsys.mod.media.stdlib.obj
 0001:00001b6c       ?suicide@RBinArchiveFrame@stdlib@media@modules@UModSys@@UAEXXZ 00402b6c f i umodsys_lib_libmedia:umodsys.mod.media.stdlib.obj
 0001:00001ba9       ?root_get_interface_info@RLibraryBinTree@stdlib@media@modules@UModSys@@UBEABUSUniquePointerInfo@core@5@XZ 00402ba9 f i umodsys_lib_libmedia:umodsys.mod.media.stdlib.obj
 0001:00001baf       ?root_get_interface_type@RLibraryBinTree@stdlib@media@modules@UModSys@@UBEPBUSUniquePointerInfo@core@5@XZ 00402baf f i umodsys_lib_libmedia:umodsys.mod.media.stdlib.obj
 0001:00001bb5       ?root_get_other_interface@RLibraryBinTree@stdlib@media@modules@UModSys@@UBEPBUIRoot@core@5@PBUSUniquePointerInfo@75@@Z 00402bb5 f i umodsys_lib_libmedia:umodsys.mod.media.stdlib.obj
 0001:00001bb5       ?root_get_other_interface@RLibraryBinTree@stdlib@media@modules@UModSys@@UAEPAUIRoot@core@5@PBUSUniquePointerInfo@75@@Z 00402bb5 f i umodsys_lib_libmedia:umodsys.mod.media.stdlib.obj
 0001:00001bd6       ?root_is_interface_supported@RLibraryBinTree@stdlib@media@modules@UModSys@@UBE_NPBUSUniquePointerInfo@core@5@@Z 00402bd6 f i umodsys_lib_libmedia:umodsys.mod.media.stdlib.obj
 0001:00001bfd       ?suicide@RDataArchiver_OsDir@stdio@media@modules@UModSys@@UAEXXZ 00402bfd f i umodsys_lib_libmedia:umodsys.mod.media.stdio.obj
 0001:00001bfd       ?suicide@RLibraryBinCache@stdlib@media@modules@UModSys@@UAEXXZ 00402bfd f i umodsys_lib_libmedia:umodsys.mod.media.stdlib.obj
 0001:00001bfd       ?suicide@RLibraryBinTree@stdlib@media@modules@UModSys@@UAEXXZ 00402bfd f i umodsys_lib_libmedia:umodsys.mod.media.stdlib.obj
 0001:00001bfd       ?suicide@RLibraryObjCache@stdlib@media@modules@UModSys@@UAEXXZ 00402bfd f i umodsys_lib_libmedia:umodsys.mod.media.stdlib.obj
 0001:00001bfd       ?suicide@RLibraryObjFilter@stdlib@media@modules@UModSys@@UAEXXZ 00402bfd f i umodsys_lib_libmedia:umodsys.mod.media.stdlib.obj
 0001:00001bfd       ?suicide@RLibraryLayered@stdlib@media@modules@UModSys@@UAEXXZ 00402bfd f i umodsys_lib_libmedia:umodsys.mod.media.stdlib.obj
 0001:00001c3a       ?root_get_interface_info@RLibraryBinCache@stdlib@media@modules@UModSys@@UBEABUSUniquePointerInfo@core@5@XZ 00402c3a f i umodsys_lib_libmedia:umodsys.mod.media.stdlib.obj
 0001:00001c40       ?root_get_interface_type@RLibraryBinCache@stdlib@media@modules@UModSys@@UBEPBUSUniquePointerInfo@core@5@XZ 00402c40 f i umodsys_lib_libmedia:umodsys.mod.media.stdlib.obj
 0001:00001c46       ?root_get_other_interface@RLibraryBinCache@stdlib@media@modules@UModSys@@UBEPBUIRoot@core@5@PBUSUniquePointerInfo@75@@Z 00402c46 f i umodsys_lib_libmedia:umodsys.mod.media.stdlib.obj
 0001:00001c46       ?root_get_other_interface@RLibraryBinCache@stdlib@media@modules@UModSys@@UAEPAUIRoot@core@5@PBUSUniquePointerInfo@75@@Z 00402c46 f i umodsys_lib_libmedia:umodsys.mod.media.stdlib.obj
 0001:00001c67       ?root_is_interface_supported@RLibraryBinCache@stdlib@media@modules@UModSys@@UBE_NPBUSUniquePointerInfo@core@5@@Z 00402c67 f i umodsys_lib_libmedia:umodsys.mod.media.stdlib.obj
 0001:00001c8e       ?ref_add@RDataArchiver_OsDir@stdio@media@modules@UModSys@@UBEXXZ 00402c8e f i umodsys_lib_libmedia:umodsys.mod.media.stdio.obj
 0001:00001c8e       ?ref_add@RParameters@rsystem@base@UModSys@@UBEXXZ 00402c8e f i umodsys_lib_basesys:umodsys.basesys.rparameters.obj
 0001:00001c8e       ?ref_add@RLibraryObjFilter@stdlib@media@modules@UModSys@@UBEXXZ 00402c8e f i umodsys_lib_libmedia:umodsys.mod.media.stdlib.obj
 0001:00001c8e       ?ref_add@RLibraryObjCache@stdlib@media@modules@UModSys@@UBEXXZ 00402c8e f i umodsys_lib_libmedia:umodsys.mod.media.stdlib.obj
 0001:00001c8e       ?ref_add@RLibraryBinCache@stdlib@media@modules@UModSys@@UBEXXZ 00402c8e f i umodsys_lib_libmedia:umodsys.mod.media.stdlib.obj
 0001:00001c8e       ?ref_add@RLibraryBinTree@stdlib@media@modules@UModSys@@UBEXXZ 00402c8e f i umodsys_lib_libmedia:umodsys.mod.media.stdlib.obj
 0001:00001c8e       ?ref_add@RLibraryLayered@stdlib@media@modules@UModSys@@UBEXXZ 00402c8e f i umodsys_lib_libmedia:umodsys.mod.media.stdlib.obj
 0001:00001c92       ?root_get_interface_info@RLibraryLayered@stdlib@media@modules@UModSys@@UBEABUSUniquePointerInfo@core@5@XZ 00402c92 f i umodsys_lib_libmedia:umodsys.mod.media.stdlib.obj
 0001:00001c98       ?root_get_interface_type@RLibraryLayered@stdlib@media@modules@UModSys@@UBEPBUSUniquePointerInfo@core@5@XZ 00402c98 f i umodsys_lib_libmedia:umodsys.mod.media.stdlib.obj
 0001:00001c9e       ?root_get_other_interface@RLibraryLayered@stdlib@media@modules@UModSys@@UBEPBUIRoot@core@5@PBUSUniquePointerInfo@75@@Z 00402c9e f i umodsys_lib_libmedia:umodsys.mod.media.stdlib.obj
 0001:00001c9e       ?root_get_other_interface@RLibraryLayered@stdlib@media@modules@UModSys@@UAEPAUIRoot@core@5@PBUSUniquePointerInfo@75@@Z 00402c9e f i umodsys_lib_libmedia:umodsys.mod.media.stdlib.obj
 0001:00001cbf       ?root_is_interface_supported@RLibraryLayered@stdlib@media@modules@UModSys@@UBE_NPBUSUniquePointerInfo@core@5@@Z 00402cbf f i umodsys_lib_libmedia:umodsys.mod.media.stdlib.obj
 0001:00001ce6       ?ref_links@RLibraryBinTree@stdlib@media@modules@UModSys@@UBEHXZ 00402ce6 f i umodsys_lib_libmedia:umodsys.mod.media.stdlib.obj
 0001:00001ce6       ?ref_links@RLibraryBinCache@stdlib@media@modules@UModSys@@UBEHXZ 00402ce6 f i umodsys_lib_libmedia:umodsys.mod.media.stdlib.obj
 0001:00001ce6       ?ref_links@RLibraryObjFilter@stdlib@media@modules@UModSys@@UBEHXZ 00402ce6 f i umodsys_lib_libmedia:umodsys.mod.media.stdlib.obj
 0001:00001ce6       ?ref_links@RLibraryLayered@stdlib@media@modules@UModSys@@UBEHXZ 00402ce6 f i umodsys_lib_libmedia:umodsys.mod.media.stdlib.obj
 0001:00001ce6       ?ref_links@RParameters@rsystem@base@UModSys@@UBEHXZ 00402ce6 f i umodsys_lib_basesys:umodsys.basesys.rparameters.obj
 0001:00001ce6       ?get_console@RSystem@rsystem@base@UModSys@@UAEPAUIConsole@34@XZ 00402ce6 f i umodsys_lib_basesys:umodsys.basesys.rsystem.obj
 0001:00001ce6       ?ref_links@RLibraryObjCache@stdlib@media@modules@UModSys@@UBEHXZ 00402ce6 f i umodsys_lib_libmedia:umodsys.mod.media.stdlib.obj
 0001:00001ce6       ?ref_links@RDataArchiver_OsDir@stdio@media@modules@UModSys@@UBEHXZ 00402ce6 f i umodsys_lib_libmedia:umodsys.mod.media.stdio.obj
 0001:00001cea       ??4SLayerX@RLibraryLayered@stdlib@media@modules@UModSys@@QAEXABUSLayer@ILibraryLayered@libmedia@5@@Z 00402cea f i umodsys_lib_libmedia:umodsys.mod.media.stdlib.obj
 0001:00001d33       ?root_get_interface_info@RLibraryObjCache@stdlib@media@modules@UModSys@@UBEABUSUniquePointerInfo@core@5@XZ 00402d33 f i umodsys_lib_libmedia:umodsys.mod.media.stdlib.obj
 0001:00001d39       ?root_get_interface_type@RLibraryObjCache@stdlib@media@modules@UModSys@@UBEPBUSUniquePointerInfo@core@5@XZ 00402d39 f i umodsys_lib_libmedia:umodsys.mod.media.stdlib.obj
 0001:00001d3f       ?root_get_other_interface@RLibraryObjCache@stdlib@media@modules@UModSys@@UBEPBUIRoot@core@5@PBUSUniquePointerInfo@75@@Z 00402d3f f i umodsys_lib_libmedia:umodsys.mod.media.stdlib.obj
 0001:00001d3f       ?root_get_other_interface@RLibraryObjCache@stdlib@media@modules@UModSys@@UAEPAUIRoot@core@5@PBUSUniquePointerInfo@75@@Z 00402d3f f i umodsys_lib_libmedia:umodsys.mod.media.stdlib.obj
 0001:00001d60       ?root_is_interface_supported@RLibraryObjCache@stdlib@media@modules@UModSys@@UBE_NPBUSUniquePointerInfo@core@5@@Z 00402d60 f i umodsys_lib_libmedia:umodsys.mod.media.stdlib.obj
 0001:00001d87       ?root_get_interface_info@RLibraryObjFilter@stdlib@media@modules@UModSys@@UBEABUSUniquePointerInfo@core@5@XZ 00402d87 f i umodsys_lib_libmedia:umodsys.mod.media.stdlib.obj
 0001:00001d8d       ?root_get_interface_type@RLibraryObjFilter@stdlib@media@modules@UModSys@@UBEPBUSUniquePointerInfo@core@5@XZ 00402d8d f i umodsys_lib_libmedia:umodsys.mod.media.stdlib.obj
 0001:00001d93       ?root_get_other_interface@RLibraryObjFilter@stdlib@media@modules@UModSys@@UBEPBUIRoot@core@5@PBUSUniquePointerInfo@75@@Z 00402d93 f i umodsys_lib_libmedia:umodsys.mod.media.stdlib.obj
 0001:00001d93       ?root_get_other_interface@RLibraryObjFilter@stdlib@media@modules@UModSys@@UAEPAUIRoot@core@5@PBUSUniquePointerInfo@75@@Z 00402d93 f i umodsys_lib_libmedia:umodsys.mod.media.stdlib.obj
 0001:00001db4       ?root_is_interface_supported@RLibraryObjFilter@stdlib@media@modules@UModSys@@UBE_NPBUSUniquePointerInfo@core@5@@Z 00402db4 f i umodsys_lib_libmedia:umodsys.mod.media.stdlib.obj
 0001:00001ddb       ?get_generated_names@RGenerator@stdlib@media@modules@UModSys@@UBEHAAUSUniquePtrList@core@5@@Z 00402ddb f i umodsys_lib_libmedia:umodsys.mod.media.stdlib.obj
 0001:00001e3b       ?get_generated_types@RGenerator@stdlib@media@modules@UModSys@@UBEHAAUSUniquePtrList@core@5@PBUSUniquePointerInfo@75@@Z 00402e3b f i umodsys_lib_libmedia:umodsys.mod.media.stdlib.obj
 0001:00001f43       ?generate@RGenerator@stdlib@media@modules@UModSys@@UAE_NAAU?$TRefObject@UIRefObject@core@UModSys@@U?$TRefObjectFunc@UIRefObject@core@UModSys@@@tl@3@@tl@5@PBUSUniquePointerInfo@core@5@ABUSParameters@95@@Z 00402f43 f i umodsys_lib_libmedia:umodsys.mod.media.stdlib.obj
 0001:00002024       ?root_get_interface_info@RGenerator@stdlib@media@modules@UModSys@@UBEABUSUniquePointerInfo@core@5@XZ 00403024 f i umodsys_lib_libmedia:umodsys.mod.media.stdlib.obj
 0001:0000202a       ?root_get_interface_type@RGenerator@stdlib@media@modules@UModSys@@UBEPBUSUniquePointerInfo@core@5@XZ 0040302a f i umodsys_lib_libmedia:umodsys.mod.media.stdlib.obj
 0001:00002030       ?root_get_other_interface@RGenerator@stdlib@media@modules@UModSys@@UBEPBUIRoot@core@5@PBUSUniquePointerInfo@75@@Z 00403030 f i umodsys_lib_libmedia:umodsys.mod.media.stdlib.obj
 0001:00002030       ?root_get_other_interface@RGenerator@stdlib@media@modules@UModSys@@UAEPAUIRoot@core@5@PBUSUniquePointerInfo@75@@Z 00403030 f i umodsys_lib_libmedia:umodsys.mod.media.stdlib.obj
 0001:00002059       ?root_is_interface_supported@RGenerator@stdlib@media@modules@UModSys@@UBE_NPBUSUniquePointerInfo@core@5@@Z 00403059 f i umodsys_lib_libmedia:umodsys.mod.media.stdlib.obj
 0001:00002078       ?get_uid@RGenerator@stdlib@media@modules@UModSys@@UBEPBUSUniquePointerInfo@core@5@XZ 00403078 f i umodsys_lib_libmedia:umodsys.mod.media.stdlib.obj
 0001:0000207e       ?buffer_free@RUtilities@stdlib@media@modules@UModSys@@UAE_NAAUSBuffer@libmedia@5@PBUSSourceContext@core@5@@Z 0040307e f   umodsys_lib_libmedia:umodsys.mod.media.stdlib.obj
 0001:000020bf       ?buffer_alloc@RUtilities@stdlib@media@modules@UModSys@@UAE_NAAUSBuffer@libmedia@5@IPBUSSourceContext@core@5@@Z 004030bf f   umodsys_lib_libmedia:umodsys.mod.media.stdlib.obj
 0001:0000218a       ?sub_reader@RUtilities@stdlib@media@modules@UModSys@@UAE?AU?$TRefObject@UIStreamReader@libmedia@UModSys@@U?$TRefObjectFunc@UIStreamReader@libmedia@UModSys@@@tl@3@@tl@5@PAUIStreamReader@libmedia@5@_J1@Z 0040318a f   umodsys_lib_libmedia:umodsys.mod.media.stdlib.obj
 0001:0000218a       ?sub_writer@RUtilities@stdlib@media@modules@UModSys@@UAE?AU?$TRefObject@UIStreamWriter@libmedia@UModSys@@U?$TRefObjectFunc@UIStreamWriter@libmedia@UModSys@@@tl@3@@tl@5@PAUIStreamWriter@libmedia@5@_J1@Z 0040318a f   umodsys_lib_libmedia:umodsys.mod.media.stdlib.obj
 0001:0000219c       ?mem_reader@RUtilities@stdlib@media@modules@UModSys@@UAE?AU?$TRefObject@UIStreamReader@libmedia@UModSys@@U?$TRefObjectFunc@UIStreamReader@libmedia@UModSys@@@tl@3@@tl@5@ABUSCMemShared@core@5@@Z 0040319c f   umodsys_lib_libmedia:umodsys.mod.media.stdlib.obj
 0001:0000219c       ?mem_reader@RUtilities@stdlib@media@modules@UModSys@@UAE?AU?$TRefObject@UIStreamReader@libmedia@UModSys@@U?$TRefObjectFunc@UIStreamReader@libmedia@UModSys@@@tl@3@@tl@5@ABUSCMem@core@5@@Z 0040319c f   umodsys_lib_libmedia:umodsys.mod.media.stdlib.obj
 0001:000021ae       ?mem_writer@RUtilities@stdlib@media@modules@UModSys@@UAE?AU?$TRefObject@UIStreamWriter@libmedia@UModSys@@U?$TRefObjectFunc@UIStreamWriter@libmedia@UModSys@@@tl@3@@tl@5@PBUSMem@core@5@PAUIMemWriterCompleted@IUtilities@libmedia@5@PAUIRefObject@95@@Z 004031ae f   umodsys_lib_libmedia:umodsys.mod.media.stdlib.obj
 0001:000021c0       ??0RUtilities@stdlib@media@modules@UModSys@@QAE@PAUIModObject@base@4@ABUSParameters@core@4@@Z 004031c0 f   umodsys_lib_libmedia:umodsys.mod.media.stdlib.obj
 0001:0000221a       ??_GRUtilities@stdlib@media@modules@UModSys@@UAEPAXI@Z 0040321a f i umodsys_lib_libmedia:umodsys.mod.media.stdlib.obj
 0001:0000221a       ??_ERUtilities@stdlib@media@modules@UModSys@@UAEPAXI@Z 0040321a f i  CIL library: CIL module
 0001:00002247       ?get_flag@RBinArchiveFrame@stdlib@media@modules@UModSys@@UBE?AW4eStates@?$TFlags4State@USMediaFlagUid@libmedia@UModSys@@I@tl@5@H@Z 00403247 f   umodsys_lib_libmedia:umodsys.mod.media.stdlib.obj
 0001:0000225a       ?get_flags_auto@RBinArchiveFrame@stdlib@media@modules@UModSys@@UBE?AU?$TFlags4State@USMediaFlagUid@libmedia@UModSys@@I@tl@5@XZ 0040325a f   umodsys_lib_libmedia:umodsys.mod.media.stdlib.obj
 0001:00002269       ?set_flag@RBinArchiveFrame@stdlib@media@modules@UModSys@@UAE?AW4eStates@?$TFlags4State@USMediaFlagUid@libmedia@UModSys@@I@tl@5@HW46785@@Z 00403269 f   umodsys_lib_libmedia:umodsys.mod.media.stdlib.obj
 0001:00002296       ?data_reader@RBinArchiveFrame@stdlib@media@modules@UModSys@@UAE?AU?$TRefObject@UIStreamReader@libmedia@UModSys@@U?$TRefObjectFunc@UIStreamReader@libmedia@UModSys@@@tl@3@@tl@5@ABU?$TString@U?$TSCoreConst@D@su@tl@UModSys@@U?$TComparerBinaryHash@D@234@@75@ABUSFlags@libmedia@5@@Z 00403296 f   umodsys_lib_libmedia:umodsys.mod.media.stdlib.obj
 0001:00002327       ?data_writer@RBinArchiveFrame@stdlib@media@modules@UModSys@@UAE?AU?$TRefObject@UIStreamWriter@libmedia@UModSys@@U?$TRefObjectFunc@UIStreamWriter@libmedia@UModSys@@@tl@3@@tl@5@ABU?$TString@U?$TSCoreConst@D@su@tl@UModSys@@U?$TComparerBinaryHash@D@234@@75@ABUSFlags@libmedia@5@@Z 00403327 f   umodsys_lib_libmedia:umodsys.mod.media.stdlib.obj
 0001:0000235b       ?data_load@RBinArchiveFrame@stdlib@media@modules@UModSys@@UAE_NABU?$TString@U?$TSCoreConst@D@su@tl@UModSys@@U?$TComparerBinaryHash@D@234@@tl@5@AAUSCMemShared@core@5@ABUSFlags@libmedia@5@@Z 0040335b f   umodsys_lib_libmedia:umodsys.mod.media.stdlib.obj
 0001:0000238b       ?data_save@RBinArchiveFrame@stdlib@media@modules@UModSys@@UAE_NABU?$TString@U?$TSCoreConst@D@su@tl@UModSys@@U?$TComparerBinaryHash@D@234@@tl@5@ABUSCMem@core@5@ABUSFlags@libmedia@5@@Z 0040338b f   umodsys_lib_libmedia:umodsys.mod.media.stdlib.obj
 0001:000023b3       ?data_list@RBinArchiveFrame@stdlib@media@modules@UModSys@@UAE_NABU?$TString@U?$TSCoreConst@D@su@tl@UModSys@@U?$TComparerBinaryHash@D@234@@tl@5@IAAU?$TIStackSocket@USFileInfo@libmedia@UModSys@@@75@ABUSFlags@libmedia@5@@Z 004033b3 f   umodsys_lib_libmedia:umodsys.mod.media.stdlib.obj
 0001:000024fb       ?data_info@RBinArchiveFrame@stdlib@media@modules@UModSys@@UAE_NABU?$TString@U?$TSCoreConst@D@su@tl@UModSys@@U?$TComparerBinaryHash@D@234@@tl@5@IAAUSFileInfo@libmedia@5@ABUSFlags@95@@Z 004034fb f   umodsys_lib_libmedia:umodsys.mod.media.stdlib.obj
 0001:000025bb       ?get_permissions@RBinArchiveFrame@stdlib@media@modules@UModSys@@UAEHXZ 004035bb f   umodsys_lib_libmedia:umodsys.mod.media.stdlib.obj
 0001:000025c8       ?open@RBinArchiveFrame@stdlib@media@modules@UModSys@@UAE_NPAUIClient@IBinArchiveFrame@libmedia@5@PBUSParameters@core@5@@Z 004035c8 f   umodsys_lib_libmedia:umodsys.mod.media.stdlib.obj
 0001:00002872       ?close@RBinArchiveFrame@stdlib@media@modules@UModSys@@UAE_NXZ 00403872 f   umodsys_lib_libmedia:umodsys.mod.media.stdlib.obj
 0001:000028e9       ?add_node_r@RBinArchiveFrame@stdlib@media@modules@UModSys@@UAEPAUNameNode@IBinArchiveFrame@libmedia@5@ABU?$TString@U?$TSCoreConst@D@su@tl@UModSys@@U?$TComparerBinaryHash@D@234@@tl@5@IAAUSMem@core@5@@Z 004038e9 f   umodsys_lib_libmedia:umodsys.mod.media.stdlib.obj
 0001:0000296e       ?add_node_w@RBinArchiveFrame@stdlib@media@modules@UModSys@@UAEPAUNameNode@IBinArchiveFrame@libmedia@5@ABU?$TString@U?$TSCoreConst@D@su@tl@UModSys@@U?$TComparerBinaryHash@D@234@@tl@5@I@Z 0040396e f   umodsys_lib_libmedia:umodsys.mod.media.stdlib.obj
 0001:00002a0c       ?remove_node@RBinArchiveFrame@stdlib@media@modules@UModSys@@UAE_NPAUNameNode@IBinArchiveFrame@libmedia@5@@Z 00403a0c f   umodsys_lib_libmedia:umodsys.mod.media.stdlib.obj
 0001:00002a2d       ?find_node@RBinArchiveFrame@stdlib@media@modules@UModSys@@UAEPAUNameNode@IBinArchiveFrame@libmedia@5@ABU?$TString@U?$TSCoreConst@D@su@tl@UModSys@@U?$TComparerBinaryHash@D@234@@tl@5@@Z 00403a2d f   umodsys_lib_libmedia:umodsys.mod.media.stdlib.obj
 0001:00002ab1       ?node_size@RBinArchiveFrame@stdlib@media@modules@UModSys@@UAEIABU?$TString@U?$TSCoreConst@D@su@tl@UModSys@@U?$TComparerBinaryHash@D@234@@tl@5@H@Z 00403ab1 f   umodsys_lib_libmedia:umodsys.mod.media.stdlib.obj
 0001:00002ac6       ?kill_node@RBinArchiveFrame@stdlib@media@modules@UModSys@@SA_NPAUNameNode@IBinArchiveFrame@libmedia@5@@Z 00403ac6 f   umodsys_lib_libmedia:umodsys.mod.media.stdlib.obj
 0001:00002ae1       ?fill_info@RBinArchiveFrame@stdlib@media@modules@UModSys@@QAE_NAAUSFileInfo@libmedia@5@PAUNameNode@IBinArchiveFrame@75@ABU?$TString@U?$TSCoreConst@D@su@tl@UModSys@@U?$TComparerBinaryHash@D@234@@tl@5@I@Z 00403ae1 f   umodsys_lib_libmedia:umodsys.mod.media.stdlib.obj
 0001:00002c44       ?openr@RBinArchiveFrame@stdlib@media@modules@UModSys@@QAE_NPAUILibrary@libmedia@5@ABU?$TString@U?$TSCoreConst@D@su@tl@UModSys@@U?$TComparerBinaryHash@D@234@@tl@5@PBUSParameters@core@5@@Z 00403c44 f   umodsys_lib_libmedia:umodsys.mod.media.stdlib.obj
 0001:00002d1f       ?closew@RBinArchiveFrame@stdlib@media@modules@UModSys@@QAE_N_N@Z 00403d1f f   umodsys_lib_libmedia:umodsys.mod.media.stdlib.obj
 0001:00002ded       ??0RBinArchiveFrame@stdlib@media@modules@UModSys@@QAE@PAUIModObject@base@4@ABUSParameters@core@4@U?$TFlags4State@USMediaFlagUid@libmedia@UModSys@@I@tl@4@@Z 00403ded f   umodsys_lib_libmedia:umodsys.mod.media.stdlib.obj
 0001:00002ea1       ??_ERBinArchiveFrame@stdlib@media@modules@UModSys@@UAEPAXI@Z 00403ea1 f i  CIL library: CIL module
 0001:00002ea1       ??_GRBinArchiveFrame@stdlib@media@modules@UModSys@@UAEPAXI@Z 00403ea1 f i umodsys_lib_libmedia:umodsys.mod.media.stdlib.obj
 0001:00002ebe       ??1IBinArchiveFrame@libmedia@UModSys@@UAE@XZ 00403ebe f i umodsys_lib_libmedia:umodsys.mod.media.stdlib.obj
 0001:00002f24       ??1RBinArchiveFrame@stdlib@media@modules@UModSys@@UAE@XZ 00403f24 f   umodsys_lib_libmedia:umodsys.mod.media.stdlib.obj
 0001:00002fa7       ??0RLibraryBinTree@stdlib@media@modules@UModSys@@QAE@PAUIModObject@base@4@ABUSParameters@core@4@U?$TFlags4State@USMediaFlagUid@libmedia@UModSys@@I@tl@4@@Z 00403fa7 f   umodsys_lib_libmedia:umodsys.mod.media.stdlib.obj
 0001:00003007       ??_GRLibraryBinTree@stdlib@media@modules@UModSys@@UAEPAXI@Z 00404007 f i umodsys_lib_libmedia:umodsys.mod.media.stdlib.obj
 0001:00003007       ??_ERLibraryBinTree@stdlib@media@modules@UModSys@@UAEPAXI@Z 00404007 f i  CIL library: CIL module
 0001:00003068       ?get_flags_auto@RLibraryBinTree@stdlib@media@modules@UModSys@@UBE?AU?$TFlags4State@USMediaFlagUid@libmedia@UModSys@@I@tl@5@XZ 00404068 f   umodsys_lib_libmedia:umodsys.mod.media.stdlib.obj
 0001:00003077       ?bin_reader@RLibraryBinTree@stdlib@media@modules@UModSys@@UAE?AU?$TRefObject@UIStreamReader@libmedia@UModSys@@U?$TRefObjectFunc@UIStreamReader@libmedia@UModSys@@@tl@3@@tl@5@ABU?$TString@U?$TSCoreConst@D@su@tl@UModSys@@U?$TComparerBinaryHash@D@234@@75@ABUSFlags@libmedia@5@@Z 00404077 f   umodsys_lib_libmedia:umodsys.mod.media.stdlib.obj
 0001:00003166       ?bin_writer@RLibraryBinTree@stdlib@media@modules@UModSys@@UAE?AU?$TRefObject@UIStreamWriter@libmedia@UModSys@@U?$TRefObjectFunc@UIStreamWriter@libmedia@UModSys@@@tl@3@@tl@5@ABU?$TString@U?$TSCoreConst@D@su@tl@UModSys@@U?$TComparerBinaryHash@D@234@@75@ABUSFlags@libmedia@5@@Z 00404166 f   umodsys_lib_libmedia:umodsys.mod.media.stdlib.obj
 0001:00003255       ?bin_load@RLibraryBinTree@stdlib@media@modules@UModSys@@UAE_NABU?$TString@U?$TSCoreConst@D@su@tl@UModSys@@U?$TComparerBinaryHash@D@234@@tl@5@AAUSCMemShared@core@5@ABUSFlags@libmedia@5@@Z 00404255 f   umodsys_lib_libmedia:umodsys.mod.media.stdlib.obj
 0001:00003307       ?bin_save@RLibraryBinTree@stdlib@media@modules@UModSys@@UAE_NABU?$TString@U?$TSCoreConst@D@su@tl@UModSys@@U?$TComparerBinaryHash@D@234@@tl@5@ABUSCMem@core@5@ABUSFlags@libmedia@5@@Z 00404307 f   umodsys_lib_libmedia:umodsys.mod.media.stdlib.obj
 0001:000033ad       ?bin_info@RLibraryBinTree@stdlib@media@modules@UModSys@@UAE_NABU?$TString@U?$TSCoreConst@D@su@tl@UModSys@@U?$TComparerBinaryHash@D@234@@tl@5@AAUSFileInfo@libmedia@5@ABUSFlags@95@@Z 004043ad f   umodsys_lib_libmedia:umodsys.mod.media.stdlib.obj
 0001:00003445       ?bin_list@RLibraryBinTree@stdlib@media@modules@UModSys@@UAE_NABU?$TString@U?$TSCoreConst@D@su@tl@UModSys@@U?$TComparerBinaryHash@D@234@@tl@5@AAU?$TIStackSocket@USFileInfo@libmedia@UModSys@@@75@ABUSFlags@libmedia@5@@Z 00404445 f   umodsys_lib_libmedia:umodsys.mod.media.stdlib.obj
 0001:000034ea       ?mount_get@RLibraryBinTree@stdlib@media@modules@UModSys@@UBE?AUSPoint@ILibraryBinTree@libmedia@5@ABUSId@785@@Z 004044ea f   umodsys_lib_libmedia:umodsys.mod.media.stdlib.obj
 0001:00003539       ?mount_add@RLibraryBinTree@stdlib@media@modules@UModSys@@UAE_NABUSId@ILibraryBinTree@libmedia@5@ABUSPoint@785@@Z 00404539 f   umodsys_lib_libmedia:umodsys.mod.media.stdlib.obj
 0001:00003613       ?mount_remove@RLibraryBinTree@stdlib@media@modules@UModSys@@UAE_NABUSId@ILibraryBinTree@libmedia@5@@Z 00404613 f   umodsys_lib_libmedia:umodsys.mod.media.stdlib.obj
 0001:0000364a       ?mount_clear@RLibraryBinTree@stdlib@media@modules@UModSys@@UAE_NXZ 0040464a f   umodsys_lib_libmedia:umodsys.mod.media.stdlib.obj
 0001:00003668       ??0RLibraryBinCache@stdlib@media@modules@UModSys@@QAE@PAUIModObject@base@4@ABUSParameters@core@4@U?$TFlags4State@USMediaFlagUid@libmedia@UModSys@@I@tl@4@@Z 00404668 f   umodsys_lib_libmedia:umodsys.mod.media.stdlib.obj
 0001:000036c8       ??_ERLibraryBinCache@stdlib@media@modules@UModSys@@UAEPAXI@Z 004046c8 f i  CIL library: CIL module
 0001:000036c8       ??_GRLibraryBinCache@stdlib@media@modules@UModSys@@UAEPAXI@Z 004046c8 f i umodsys_lib_libmedia:umodsys.mod.media.stdlib.obj
 0001:00003729       ?get_flags_auto@RLibraryBinCache@stdlib@media@modules@UModSys@@UBE?AU?$TFlags4State@USMediaFlagUid@libmedia@UModSys@@I@tl@5@XZ 00404729 f   umodsys_lib_libmedia:umodsys.mod.media.stdlib.obj
 0001:00003738       ?bin_load@RLibraryBinCache@stdlib@media@modules@UModSys@@UAE_NABU?$TString@U?$TSCoreConst@D@su@tl@UModSys@@U?$TComparerBinaryHash@D@234@@tl@5@AAUSCMemShared@core@5@ABUSFlags@libmedia@5@@Z 00404738 f   umodsys_lib_libmedia:umodsys.mod.media.stdlib.obj
 0001:0000378f       ?bin_put@RLibraryBinCache@stdlib@media@modules@UModSys@@UAE_NABU?$TString@U?$TSCoreConst@D@su@tl@UModSys@@U?$TComparerBinaryHash@D@234@@tl@5@PBUSCMemShared@core@5@@Z 0040478f f   umodsys_lib_libmedia:umodsys.mod.media.stdlib.obj
 0001:000037a5       ?bincache_get@RLibraryBinCache@stdlib@media@modules@UModSys@@UBE_NABU?$TString@U?$TSCoreConst@D@su@tl@UModSys@@U?$TComparerBinaryHash@D@234@@tl@5@PAUSCMemShared@core@5@PA_N@Z 004047a5 f   umodsys_lib_libmedia:umodsys.mod.media.stdlib.obj
 0001:000037f7       ?bincache_add@RLibraryBinCache@stdlib@media@modules@UModSys@@UAE_NABU?$TString@U?$TSCoreConst@D@su@tl@UModSys@@U?$TComparerBinaryHash@D@234@@tl@5@@Z 004047f7 f   umodsys_lib_libmedia:umodsys.mod.media.stdlib.obj
 0001:0000383d       ?bincache_add@RLibraryBinCache@stdlib@media@modules@UModSys@@UAE_NABU?$TString@U?$TSCoreConst@D@su@tl@UModSys@@U?$TComparerBinaryHash@D@234@@tl@5@ABUSCMemShared@core@5@@Z 0040483d f   umodsys_lib_libmedia:umodsys.mod.media.stdlib.obj
 0001:0000384f       ?bincache_remove@RLibraryBinCache@stdlib@media@modules@UModSys@@UAE_NABU?$TString@U?$TSCoreConst@D@su@tl@UModSys@@U?$TComparerBinaryHash@D@234@@tl@5@@Z 0040484f f   umodsys_lib_libmedia:umodsys.mod.media.stdlib.obj
 0001:00003886       ?bincache_clear@RLibraryBinCache@stdlib@media@modules@UModSys@@UAE_NXZ 00404886 f   umodsys_lib_libmedia:umodsys.mod.media.stdlib.obj
 0001:000038a4       ?bincache_add@RLibraryBinCache@stdlib@media@modules@UModSys@@QAE_NABU?$TString@U?$TSCoreConst@D@su@tl@UModSys@@U?$TComparerBinaryHash@D@234@@tl@5@ABUSCMemShared@core@5@_N@Z 004048a4 f   umodsys_lib_libmedia:umodsys.mod.media.stdlib.obj
 0001:00003951       ??0RLibraryLayered@stdlib@media@modules@UModSys@@QAE@PAUIModObject@base@4@ABUSParameters@core@4@U?$TFlags4State@USMediaFlagUid@libmedia@UModSys@@I@tl@4@@Z 00404951 f   umodsys_lib_libmedia:umodsys.mod.media.stdlib.obj
 0001:000039c2       ??_GRLibraryLayered@stdlib@media@modules@UModSys@@UAEPAXI@Z 004049c2 f i umodsys_lib_libmedia:umodsys.mod.media.stdlib.obj
 0001:000039c2       ??_ERLibraryLayered@stdlib@media@modules@UModSys@@UAEPAXI@Z 004049c2 f i  CIL library: CIL module
 0001:000039f6       ??1ILibraryLayered@libmedia@UModSys@@UAE@XZ 004049f6 f i umodsys_lib_libmedia:umodsys.mod.media.stdlib.obj
 0001:000039f6       ??1ILibraryBinTree@libmedia@UModSys@@UAE@XZ 004049f6 f i umodsys_lib_libmedia:umodsys.mod.media.stdlib.obj
 0001:000039f6       ??1ILibraryObjFilter@libmedia@UModSys@@UAE@XZ 004049f6 f i umodsys_lib_libmedia:umodsys.mod.media.stdlib.obj
 0001:000039f6       ??1ILibraryBinCache@libmedia@UModSys@@UAE@XZ 004049f6 f i umodsys_lib_libmedia:umodsys.mod.media.stdlib.obj
 0001:000039f6       ??1IBinArchive@libmedia@UModSys@@UAE@XZ 004049f6 f i umodsys_lib_libmedia:umodsys.mod.media.stdio.obj
 0001:000039f6       ??1ILibraryObjCache@libmedia@UModSys@@UAE@XZ 004049f6 f i umodsys_lib_libmedia:umodsys.mod.media.stdlib.obj
 0001:000039fb       ?get_flag@RLibraryLayered@stdlib@media@modules@UModSys@@UBE?AW4eStates@?$TFlags4State@USMediaFlagUid@libmedia@UModSys@@I@tl@5@H@Z 004049fb f   umodsys_lib_libmedia:umodsys.mod.media.stdlib.obj
 0001:00003a0e       ?get_flags_auto@RLibraryLayered@stdlib@media@modules@UModSys@@UBE?AU?$TFlags4State@USMediaFlagUid@libmedia@UModSys@@I@tl@5@XZ 00404a0e f   umodsys_lib_libmedia:umodsys.mod.media.stdlib.obj
 0001:00003a1d       ?set_flag@RLibraryLayered@stdlib@media@modules@UModSys@@UAE?AW4eStates@?$TFlags4State@USMediaFlagUid@libmedia@UModSys@@I@tl@5@HW46785@@Z 00404a1d f   umodsys_lib_libmedia:umodsys.mod.media.stdlib.obj
 0001:00003a4a       ?bin_reader@RLibraryLayered@stdlib@media@modules@UModSys@@UAE?AU?$TRefObject@UIStreamReader@libmedia@UModSys@@U?$TRefObjectFunc@UIStreamReader@libmedia@UModSys@@@tl@3@@tl@5@ABU?$TString@U?$TSCoreConst@D@su@tl@UModSys@@U?$TComparerBinaryHash@D@234@@75@ABUSFlags@libmedia@5@@Z 00404a4a f   umodsys_lib_libmedia:umodsys.mod.media.stdlib.obj
 0001:00003afb       ?bin_writer@RLibraryLayered@stdlib@media@modules@UModSys@@UAE?AU?$TRefObject@UIStreamWriter@libmedia@UModSys@@U?$TRefObjectFunc@UIStreamWriter@libmedia@UModSys@@@tl@3@@tl@5@ABU?$TString@U?$TSCoreConst@D@su@tl@UModSys@@U?$TComparerBinaryHash@D@234@@75@ABUSFlags@libmedia@5@@Z 00404afb f   umodsys_lib_libmedia:umodsys.mod.media.stdlib.obj
 0001:00003bac       ?bin_load@RLibraryLayered@stdlib@media@modules@UModSys@@UAE_NABU?$TString@U?$TSCoreConst@D@su@tl@UModSys@@U?$TComparerBinaryHash@D@234@@tl@5@AAUSCMemShared@core@5@ABUSFlags@libmedia@5@@Z 00404bac f   umodsys_lib_libmedia:umodsys.mod.media.stdlib.obj
 0001:00003cb3       ?bin_save@RLibraryLayered@stdlib@media@modules@UModSys@@UAE_NABU?$TString@U?$TSCoreConst@D@su@tl@UModSys@@U?$TComparerBinaryHash@D@234@@tl@5@ABUSCMem@core@5@ABUSFlags@libmedia@5@@Z 00404cb3 f   umodsys_lib_libmedia:umodsys.mod.media.stdlib.obj
 0001:00003dd0       ?bin_info@RLibraryLayered@stdlib@media@modules@UModSys@@UAE_NABU?$TString@U?$TSCoreConst@D@su@tl@UModSys@@U?$TComparerBinaryHash@D@234@@tl@5@AAUSFileInfo@libmedia@5@ABUSFlags@95@@Z 00404dd0 f   umodsys_lib_libmedia:umodsys.mod.media.stdlib.obj
 0001:00003e40       ?bin_list@RLibraryLayered@stdlib@media@modules@UModSys@@UAE_NABU?$TString@U?$TSCoreConst@D@su@tl@UModSys@@U?$TComparerBinaryHash@D@234@@tl@5@AAU?$TIStackSocket@USFileInfo@libmedia@UModSys@@@75@ABUSFlags@libmedia@5@@Z 00404e40 f   umodsys_lib_libmedia:umodsys.mod.media.stdlib.obj
 0001:00003eb6       ?bin_get@RLibraryLayered@stdlib@media@modules@UModSys@@UAE_NABU?$TString@U?$TSCoreConst@D@su@tl@UModSys@@U?$TComparerBinaryHash@D@234@@tl@5@AAUSCMemShared@core@5@_N@Z 00404eb6 f   umodsys_lib_libmedia:umodsys.mod.media.stdlib.obj
 0001:00003ef8       ?bin_put@RLibraryLayered@stdlib@media@modules@UModSys@@UAE_NABU?$TString@U?$TSCoreConst@D@su@tl@UModSys@@U?$TComparerBinaryHash@D@234@@tl@5@PBUSCMemShared@core@5@@Z 00404ef8 f   umodsys_lib_libmedia:umodsys.mod.media.stdlib.obj
 0001:00003f36       ?obj_fget@RLibraryLayered@stdlib@media@modules@UModSys@@UAE_NABUSInfo@IBinObjFilter@libmedia@5@AAU?$TRefObject@UIRefObject@core@UModSys@@U?$TRefObjectFunc@UIRefObject@core@UModSys@@@tl@3@@tl@5@@Z 00404f36 f   umodsys_lib_libmedia:umodsys.mod.media.stdlib.obj
 0001:00003f74       ?obj_fload@RLibraryLayered@stdlib@media@modules@UModSys@@UAE_NABUSInfo@IBinObjFilter@libmedia@5@PAUIRefObject@core@5@@Z 00404f74 f   umodsys_lib_libmedia:umodsys.mod.media.stdlib.obj
 0001:00003fb2       ?obj_fsave@RLibraryLayered@stdlib@media@modules@UModSys@@UAE_NAAUSInfo@IBinObjFilter@libmedia@5@PBUIRefObject@core@5@@Z 00404fb2 f   umodsys_lib_libmedia:umodsys.mod.media.stdlib.obj
 0001:00003ff0       ?obj_cget@RLibraryLayered@stdlib@media@modules@UModSys@@UAE_NABU?$TString@U?$TSCoreConst@D@su@tl@UModSys@@U?$TComparerBinaryHash@D@234@@tl@5@AAU?$TRefObject@UIRefObject@core@UModSys@@U?$TRefObjectFunc@UIRefObject@core@UModSys@@@tl@3@@75@_N@Z 00404ff0 f   umodsys_lib_libmedia:umodsys.mod.media.stdlib.obj
 0001:00004032       ?obj_cput@RLibraryLayered@stdlib@media@modules@UModSys@@UAE_NABU?$TString@U?$TSCoreConst@D@su@tl@UModSys@@U?$TComparerBinaryHash@D@234@@tl@5@PAUIRefObject@core@5@@Z 00405032 f   umodsys_lib_libmedia:umodsys.mod.media.stdlib.obj
 0001:00004070       ?obj_get@RLibraryLayered@stdlib@media@modules@UModSys@@UAE_NABU?$TString@U?$TSCoreConst@D@su@tl@UModSys@@U?$TComparerBinaryHash@D@234@@tl@5@AAU?$TRefObject@UIRefObject@core@UModSys@@U?$TRefObjectFunc@UIRefObject@core@UModSys@@@tl@3@@75@ABUSObjOptions@ILibrary@libmedia@5@@Z 00405070 f   umodsys_lib_libmedia:umodsys.mod.media.stdlib.obj
 0001:00004210       ??1SInfo@IBinObjFilter@libmedia@UModSys@@QAE@XZ 00405210 f i umodsys_lib_libmedia:umodsys.mod.media.stdlib.obj
 0001:00004210       ??1SCMemShared@core@UModSys@@QAE@XZ 00405210 f i umodsys_lib_libmedia:umodsys.mod.media.stdlib.obj
 0001:00004210       ??1SMemShared@core@UModSys@@QAE@XZ 00405210 f i umodsys_lib_libmedia:umodsys.mod.media.stdio.obj
 0001:0000421a       ?obj_load@RLibraryLayered@stdlib@media@modules@UModSys@@UAE_NABU?$TString@U?$TSCoreConst@D@su@tl@UModSys@@U?$TComparerBinaryHash@D@234@@tl@5@PAUIRefObject@core@5@ABUSObjOptions@ILibrary@libmedia@5@@Z 0040521a f   umodsys_lib_libmedia:umodsys.mod.media.stdlib.obj
 0001:0000431b       ?obj_save@RLibraryLayered@stdlib@media@modules@UModSys@@UAE_NABU?$TString@U?$TSCoreConst@D@su@tl@UModSys@@U?$TComparerBinaryHash@D@234@@tl@5@PBUIRefObject@core@5@ABUSObjOptions@ILibrary@libmedia@5@@Z 0040531b f   umodsys_lib_libmedia:umodsys.mod.media.stdlib.obj
 0001:00004443       ?layer_count@RLibraryLayered@stdlib@media@modules@UModSys@@UBEIABUSLayer@ILibraryLayered@libmedia@5@@Z 00405443 f   umodsys_lib_libmedia:umodsys.mod.media.stdlib.obj
 0001:00004449       ?layer_get@RLibraryLayered@stdlib@media@modules@UModSys@@UBE?AUSLayer@ILibraryLayered@libmedia@5@I@Z 00405449 f   umodsys_lib_libmedia:umodsys.mod.media.stdlib.obj
 0001:0000446c       ??0SLayer@ILibraryLayered@libmedia@UModSys@@QAE@ABU0123@@Z 0040546c f i umodsys_lib_libmedia:umodsys.mod.media.stdlib.obj
 0001:00004498       ?layer_find@RLibraryLayered@stdlib@media@modules@UModSys@@UBEIABU?$TString@U?$TSCoreConst@D@su@tl@UModSys@@U?$TComparerBinaryHash@D@234@@tl@5@I@Z 00405498 f   umodsys_lib_libmedia:umodsys.mod.media.stdlib.obj
 0001:000044e0       ?layer_insert@RLibraryLayered@stdlib@media@modules@UModSys@@UAE_NABUSLayer@ILibraryLayered@libmedia@5@I@Z 004054e0 f   umodsys_lib_libmedia:umodsys.mod.media.stdlib.obj
 0001:00004553       ?layer_remove@RLibraryLayered@stdlib@media@modules@UModSys@@UAE_NI@Z 00405553 f   umodsys_lib_libmedia:umodsys.mod.media.stdlib.obj
 0001:0000459d       ?layer_clear@RLibraryLayered@stdlib@media@modules@UModSys@@UAE_NXZ 0040559d f   umodsys_lib_libmedia:umodsys.mod.media.stdlib.obj
 0001:000045a7       ??0RLibraryObjCache@stdlib@media@modules@UModSys@@QAE@PAUIModObject@base@4@ABUSParameters@core@4@U?$TFlags4State@USMediaFlagUid@libmedia@UModSys@@I@tl@4@@Z 004055a7 f   umodsys_lib_libmedia:umodsys.mod.media.stdlib.obj
 0001:00004607       ??_GRLibraryObjCache@stdlib@media@modules@UModSys@@UAEPAXI@Z 00405607 f i umodsys_lib_libmedia:umodsys.mod.media.stdlib.obj
 0001:00004607       ??_ERLibraryObjCache@stdlib@media@modules@UModSys@@UAEPAXI@Z 00405607 f i  CIL library: CIL module
 0001:00004668       ?get_flag@RLibraryObjCache@stdlib@media@modules@UModSys@@UBE?AW4eStates@?$TFlags4State@USMediaFlagUid@libmedia@UModSys@@I@tl@5@H@Z 00405668 f   umodsys_lib_libmedia:umodsys.mod.media.stdlib.obj
 0001:00004668       ?get_flag@RLibraryBinTree@stdlib@media@modules@UModSys@@UBE?AW4eStates@?$TFlags4State@USMediaFlagUid@libmedia@UModSys@@I@tl@5@H@Z 00405668 f   umodsys_lib_libmedia:umodsys.mod.media.stdlib.obj
 0001:00004668       ?get_flag@RLibraryObjFilter@stdlib@media@modules@UModSys@@UBE?AW4eStates@?$TFlags4State@USMediaFlagUid@libmedia@UModSys@@I@tl@5@H@Z 00405668 f   umodsys_lib_libmedia:umodsys.mod.media.stdlib.obj
 0001:00004668       ?get_flag@RLibraryBinCache@stdlib@media@modules@UModSys@@UBE?AW4eStates@?$TFlags4State@USMediaFlagUid@libmedia@UModSys@@I@tl@5@H@Z 00405668 f   umodsys_lib_libmedia:umodsys.mod.media.stdlib.obj
 0001:0000467b       ?get_flags_auto@RLibraryObjCache@stdlib@media@modules@UModSys@@UBE?AU?$TFlags4State@USMediaFlagUid@libmedia@UModSys@@I@tl@5@XZ 0040567b f   umodsys_lib_libmedia:umodsys.mod.media.stdlib.obj
 0001:0000468a       ?bin_get@RLibraryBinCache@stdlib@media@modules@UModSys@@UAE_NABU?$TString@U?$TSCoreConst@D@su@tl@UModSys@@U?$TComparerBinaryHash@D@234@@tl@5@AAUSCMemShared@core@5@_N@Z 0040568a f   umodsys_lib_libmedia:umodsys.mod.media.stdlib.obj
 0001:0000468a       ?obj_cget@RLibraryObjCache@stdlib@media@modules@UModSys@@UAE_NABU?$TString@U?$TSCoreConst@D@su@tl@UModSys@@U?$TComparerBinaryHash@D@234@@tl@5@AAU?$TRefObject@UIRefObject@core@UModSys@@U?$TRefObjectFunc@UIRefObject@core@UModSys@@@tl@3@@75@_N@Z 0040568a f   umodsys_lib_libmedia:umodsys.mod.media.stdlib.obj
 0001:000046b6       ?obj_cput@RLibraryObjCache@stdlib@media@modules@UModSys@@UAE_NABU?$TString@U?$TSCoreConst@D@su@tl@UModSys@@U?$TComparerBinaryHash@D@234@@tl@5@PAUIRefObject@core@5@@Z 004056b6 f   umodsys_lib_libmedia:umodsys.mod.media.stdlib.obj
 0001:000046bb       ?obj_get@RLibraryObjCache@stdlib@media@modules@UModSys@@UAE_NABU?$TString@U?$TSCoreConst@D@su@tl@UModSys@@U?$TComparerBinaryHash@D@234@@tl@5@AAU?$TRefObject@UIRefObject@core@UModSys@@U?$TRefObjectFunc@UIRefObject@core@UModSys@@@tl@3@@75@ABUSObjOptions@ILibrary@libmedia@5@@Z 004056bb f   umodsys_lib_libmedia:umodsys.mod.media.stdlib.obj
 0001:00004741       ?objcache_get@RLibraryObjCache@stdlib@media@modules@UModSys@@UBE_NABU?$TString@U?$TSCoreConst@D@su@tl@UModSys@@U?$TComparerBinaryHash@D@234@@tl@5@PAU?$TRefObject@UIRefObject@core@UModSys@@U?$TRefObjectFunc@UIRefObject@core@UModSys@@@tl@3@@75@PA_N@Z 00405741 f   umodsys_lib_libmedia:umodsys.mod.media.stdlib.obj
 0001:000047ad       ?objcache_add@RLibraryObjCache@stdlib@media@modules@UModSys@@UAE_NABU?$TString@U?$TSCoreConst@D@su@tl@UModSys@@U?$TComparerBinaryHash@D@234@@tl@5@PAUIRefObject@core@5@@Z 004057ad f   umodsys_lib_libmedia:umodsys.mod.media.stdlib.obj
 0001:00004858       ?objcache_remove@RLibraryObjCache@stdlib@media@modules@UModSys@@UAE_NABU?$TString@U?$TSCoreConst@D@su@tl@UModSys@@U?$TComparerBinaryHash@D@234@@tl@5@@Z 00405858 f   umodsys_lib_libmedia:umodsys.mod.media.stdlib.obj
 0001:0000488f       ?objcache_clear@RLibraryObjCache@stdlib@media@modules@UModSys@@UAE_NXZ 0040588f f   umodsys_lib_libmedia:umodsys.mod.media.stdlib.obj
 0001:000048ad       ??0RLibraryObjFilter@stdlib@media@modules@UModSys@@QAE@PAUIModObject@base@4@ABUSParameters@core@4@U?$TFlags4State@USMediaFlagUid@libmedia@UModSys@@I@tl@4@@Z 004058ad f   umodsys_lib_libmedia:umodsys.mod.media.stdlib.obj
 0001:0000490d       ??_ERLibraryObjFilter@stdlib@media@modules@UModSys@@UAEPAXI@Z 0040590d f i  CIL library: CIL module
 0001:0000490d       ??_GRLibraryObjFilter@stdlib@media@modules@UModSys@@UAEPAXI@Z 0040590d f i umodsys_lib_libmedia:umodsys.mod.media.stdlib.obj
 0001:0000496e       ?get_flags_auto@RLibraryObjFilter@stdlib@media@modules@UModSys@@UBE?AU?$TFlags4State@USMediaFlagUid@libmedia@UModSys@@I@tl@5@XZ 0040596e f   umodsys_lib_libmedia:umodsys.mod.media.stdlib.obj
 0001:0000497d       ?set_flag@RLibraryObjFilter@stdlib@media@modules@UModSys@@UAE?AW4eStates@?$TFlags4State@USMediaFlagUid@libmedia@UModSys@@I@tl@5@HW46785@@Z 0040597d f   umodsys_lib_libmedia:umodsys.mod.media.stdlib.obj
 0001:0000497d       ?set_flag@RLibraryBinTree@stdlib@media@modules@UModSys@@UAE?AW4eStates@?$TFlags4State@USMediaFlagUid@libmedia@UModSys@@I@tl@5@HW46785@@Z 0040597d f   umodsys_lib_libmedia:umodsys.mod.media.stdlib.obj
 0001:0000497d       ?set_flag@RLibraryBinCache@stdlib@media@modules@UModSys@@UAE?AW4eStates@?$TFlags4State@USMediaFlagUid@libmedia@UModSys@@I@tl@5@HW46785@@Z 0040597d f   umodsys_lib_libmedia:umodsys.mod.media.stdlib.obj
 0001:0000497d       ?set_flag@RLibraryObjCache@stdlib@media@modules@UModSys@@UAE?AW4eStates@?$TFlags4State@USMediaFlagUid@libmedia@UModSys@@I@tl@5@HW46785@@Z 0040597d f   umodsys_lib_libmedia:umodsys.mod.media.stdlib.obj
 0001:000049aa       ?obj_fget@RLibraryObjFilter@stdlib@media@modules@UModSys@@UAE_NABUSInfo@IBinObjFilter@libmedia@5@AAU?$TRefObject@UIRefObject@core@UModSys@@U?$TRefObjectFunc@UIRefObject@core@UModSys@@@tl@3@@tl@5@@Z 004059aa f   umodsys_lib_libmedia:umodsys.mod.media.stdlib.obj
 0001:000049b2       ?obj_fload@RLibraryObjFilter@stdlib@media@modules@UModSys@@UAE_NABUSInfo@IBinObjFilter@libmedia@5@PAUIRefObject@core@5@@Z 004059b2 f   umodsys_lib_libmedia:umodsys.mod.media.stdlib.obj
 0001:000049b7       ?obj_fsave@RLibraryObjFilter@stdlib@media@modules@UModSys@@UAE_NAAUSInfo@IBinObjFilter@libmedia@5@PBUIRefObject@core@5@@Z 004059b7 f   umodsys_lib_libmedia:umodsys.mod.media.stdlib.obj
 0001:000049bf       ?filters_add@RLibraryObjFilter@stdlib@media@modules@UModSys@@UAE_NU?$TRefObject@UIBinObjFilter@libmedia@UModSys@@U?$TRefObjectFunc@UIBinObjFilter@libmedia@UModSys@@@tl@3@@tl@5@PBUSParameters@core@5@H@Z 004059bf f   umodsys_lib_libmedia:umodsys.mod.media.stdlib.obj
 0001:00004a5b       ?filters_remove@RLibraryObjFilter@stdlib@media@modules@UModSys@@UAE_NPAUIBinObjFilter@libmedia@5@H@Z 00405a5b f   umodsys_lib_libmedia:umodsys.mod.media.stdlib.obj
 0001:00004aab       ?filters_clear@RLibraryObjFilter@stdlib@media@modules@UModSys@@UAE_NXZ 00405aab f   umodsys_lib_libmedia:umodsys.mod.media.stdlib.obj
 0001:00004ac9       ?filters_load@RLibraryObjFilter@stdlib@media@modules@UModSys@@UAE_NABUSInfo@IBinObjFilter@libmedia@5@AAU?$TRefObject@UIRefObject@core@UModSys@@U?$TRefObjectFunc@UIRefObject@core@UModSys@@@tl@3@@tl@5@@Z 00405ac9 f   umodsys_lib_libmedia:umodsys.mod.media.stdlib.obj
 0001:00004b26       ?filters_load@RLibraryObjFilter@stdlib@media@modules@UModSys@@UAE_NABUSInfo@IBinObjFilter@libmedia@5@PAUIRefObject@core@5@@Z 00405b26 f   umodsys_lib_libmedia:umodsys.mod.media.stdlib.obj
 0001:00004b83       ?filters_save@RLibraryObjFilter@stdlib@media@modules@UModSys@@UAE_NAAUSInfo@IBinObjFilter@libmedia@5@PBUIRefObject@core@5@@Z 00405b83 f   umodsys_lib_libmedia:umodsys.mod.media.stdlib.obj
 0001:00004be0       ?do_open@RModuleReg@stdlib@media@modules@UModSys@@UAE_NXZ 00405be0 f i umodsys_lib_libmedia:umodsys.mod.media.stdlib.obj
 0001:00004c2e       ?do_close@RModuleReg@stdlib@media@modules@UModSys@@UAE_NXZ 00405c2e f i umodsys_lib_libmedia:umodsys.mod.media.stdlib.obj
 0001:00004c69       ??_GRModuleReg@stdio@media@modules@UModSys@@UAEPAXI@Z 00405c69 f i umodsys_lib_libmedia:umodsys.mod.media.stdio.obj
 0001:00004c69       ??_GIModuleReg@base@UModSys@@UAEPAXI@Z 00405c69 f i umodsys_lib_base:umodsys.base.modulereg.obj
 0001:00004c69       ??_ERModuleReg@stdlib@media@modules@UModSys@@UAEPAXI@Z 00405c69 f i  CIL library: CIL module
 0001:00004c69       ??_GRModuleReg@stdlib@media@modules@UModSys@@UAEPAXI@Z 00405c69 f i umodsys_lib_libmedia:umodsys.mod.media.stdlib.obj
 0001:00004c69       ??_ERModuleReg@stdio@media@modules@UModSys@@UAEPAXI@Z 00405c69 f i  CIL library: CIL module
 0001:00004c69       ??_EIModuleReg@base@UModSys@@UAEPAXI@Z 00405c69 f i  CIL library: CIL module
 0001:00004c86       ?get_module@RGenerator@stdlib@media@modules@UModSys@@UBEPAUIModule@base@5@XZ 00405c86 f   umodsys_lib_libmedia:umodsys.mod.media.stdlib.obj
 0001:00004c8c       ?mod_inc@RGenerator@stdlib@media@modules@UModSys@@UBE_NXZ 00405c8c f   umodsys_lib_libmedia:umodsys.mod.media.stdlib.obj
 0001:00004c97       ?mod_dec@RGenerator@stdlib@media@modules@UModSys@@UBE_NXZ 00405c97 f   umodsys_lib_libmedia:umodsys.mod.media.stdlib.obj
 0001:00004ca2       ?s_holder@RGenerator@stdlib@media@modules@UModSys@@SAAAU?$TTypeStaticHolder@URGenerator@stdlib@media@modules@UModSys@@@tl@5@XZ 00405ca2 f   umodsys_lib_libmedia:umodsys.mod.media.stdlib.obj
 0001:00004cd4       ?cat@?$TSCoreBuffer@D@su@tl@UModSys@@QAE_NPBDI@Z 00405cd4 f i umodsys_lib_libmedia:umodsys.mod.media.stdlib.obj
 0001:00004d12       ??4?$TString@U?$TSCoreConst@D@su@tl@UModSys@@U?$TComparerBinaryHash@D@234@@tl@UModSys@@QAEABU012@PBD@Z 00405d12 f i umodsys_lib_libmedia:umodsys.mod.media.stdlib.obj
 0001:00004d2e       ??0?$TString@U?$TSCoreShared@USIMemAlloc@core@UModSys@@D@su@tl@UModSys@@U?$TComparerBinaryHash@D@234@@tl@UModSys@@QAE@ABU?$TSCoreConst@D@su@12@@Z 00405d2e f i umodsys_lib_libmedia:umodsys.mod.media.stdlib.obj
 0001:00004d6f       ??4?$TString@U?$TSCoreShared@USIMemAlloc@core@UModSys@@D@su@tl@UModSys@@U?$TComparerBinaryHash@D@234@@tl@UModSys@@QAEABU012@ABU012@@Z 00405d6f f i umodsys_lib_libmedia:umodsys.mod.media.stdlib.obj
 0001:00004d91       ?update@?$TString@U?$TSCoreConst@D@su@tl@UModSys@@U?$TComparerUtfNocaseHash@D@234@@tl@UModSys@@QAEXXZ 00405d91 f i umodsys_lib_libmedia:umodsys.mod.media.stdlib.obj
 0001:00004dd8       ?Resize@?$TDynarray@U?$TDynarrayHolderDynamic@EU?$TAllocator@USIMemAlloc@core@UModSys@@USCountCalcPower2@23@@tl@UModSys@@@tl@UModSys@@@tl@UModSys@@QAE_NI@Z 00405dd8 f i umodsys_lib_libmedia:umodsys.mod.media.stdlib.obj
 0001:00004e2a       ??1?$TTreeHoldRBD@UNameNode@IBinArchiveFrame@libmedia@UModSys@@U?$TNodeDeleter0@UNameNode@IBinArchiveFrame@libmedia@UModSys@@@tl@4@@tl@UModSys@@QAE@XZ 00405e2a f i umodsys_lib_libmedia:umodsys.mod.media.stdlib.obj
 0001:00004e40       ??R?$TScatterArray@USFilter@RLibraryObjFilter@stdlib@media@modules@UModSys@@USId@23456@U723456@U?$TNodeDeleter0@U?$TScatterArrayNode@USFilter@RLibraryObjFilter@stdlib@media@modules@UModSys@@USId@23456@@tl@UModSys@@@tl@6@@tl@UModSys@@QAEPAUSFilter@RLibraryObjFilter@stdlib@media@modules@2@ABUSId@45672@PAUVoid@core@2@@Z 00405e40 f i umodsys_lib_libmedia:umodsys.mod.media.stdlib.obj
 0001:00004ea3       ??E?$TTreeIterRB@$$CBU?$TScatterArrayNode@USMountInfo@RLibraryBinTree@stdlib@media@modules@UModSys@@USId@ILibraryBinTree@libmedia@6@@tl@UModSys@@$$CBU?$TPair@USId@ILibraryBinTree@libmedia@UModSys@@USMountInfo@RLibraryBinTree@stdlib@media@modules@4@@23@@tl@UModSys@@QAE?AU012@XZ 00405ea3 f i umodsys_lib_libmedia:umodsys.mod.media.stdlib.obj
 0001:00004ea3       ??E?$TTreeIterRB@$$CBU?$TScatterArrayNode@USFilter@RLibraryObjFilter@stdlib@media@modules@UModSys@@USId@23456@@tl@UModSys@@$$CBU?$TPair@USId@RLibraryObjFilter@stdlib@media@modules@UModSys@@USFilter@23456@@23@@tl@UModSys@@QAE?AU012@XZ 00405ea3 f i umodsys_lib_libmedia:umodsys.mod.media.stdlib.obj
 0001:00004ecd       ??1?$TDynarray@U?$TDynarrayHolderDynamic@EU?$TAllocator@USIMemAlloc@core@UModSys@@USCountCalcPower2@23@@tl@UModSys@@@tl@UModSys@@@tl@UModSys@@QAE@XZ 00405ecd f i umodsys_lib_libmedia:umodsys.mod.media.stdlib.obj
 0001:00004f0f       ??1?$TDynarray@U?$TDynarrayHolderDynamic@UBuffer@RUtilities@stdlib@media@modules@UModSys@@U?$TAllocator@USIMemAlloc@core@UModSys@@USCountCalcPower2@23@@tl@6@@tl@UModSys@@@tl@UModSys@@QAE@XZ 00405f0f f i umodsys_lib_libmedia:umodsys.mod.media.stdlib.obj
 0001:00004f55       ??1?$TDynarray@U?$TDynarrayHolderDynamic@USLayerX@RLibraryLayered@stdlib@media@modules@UModSys@@U?$TAllocator@USIMemAlloc@core@UModSys@@USCountCalcPower2@23@@tl@6@@tl@UModSys@@@tl@UModSys@@QAE@XZ 00405f55 f i umodsys_lib_libmedia:umodsys.mod.media.stdlib.obj
 0001:00004f95       ?Resize@?$TDynarray@U?$TDynarrayHolderDynamic@USLayerX@RLibraryLayered@stdlib@media@modules@UModSys@@U?$TAllocator@USIMemAlloc@core@UModSys@@USCountCalcPower2@23@@tl@6@@tl@UModSys@@@tl@UModSys@@QAE_NI@Z 00405f95 f i umodsys_lib_libmedia:umodsys.mod.media.stdlib.obj
 0001:00004ff7       ?remove_node@?$TTreeHoldRB@U?$TScatterArrayNode@USFilter@RLibraryObjFilter@stdlib@media@modules@UModSys@@USId@23456@@tl@UModSys@@@tl@UModSys@@QAEXPAU?$TScatterArrayNode@USFilter@RLibraryObjFilter@stdlib@media@modules@UModSys@@USId@23456@@23@@Z 00405ff7 f i umodsys_lib_libmedia:umodsys.mod.media.stdlib.obj
 0001:00004ff7       ?remove_node@?$TTreeHoldRB@U?$TScatterArrayNode@USCacheElem@RLibraryObjCache@stdlib@media@modules@UModSys@@U?$TString@U?$TSCoreConst@D@su@tl@UModSys@@U?$TComparerBinaryHash@D@234@@tl@6@@tl@UModSys@@@tl@UModSys@@QAEXPAU?$TScatterArrayNode@USCacheElem@RLibraryObjCache@stdlib@media@modules@UModSys@@U?$TString@U?$TSCoreConst@D@su@tl@UModSys@@U?$TComparerBinaryHash@D@234@@tl@6@@23@@Z 00405ff7 f i umodsys_lib_libmedia:umodsys.mod.media.stdlib.obj
[...]
 0001:0000e1be       __ehhandler$?openr@RBinArchiveFrame@stdlib@media@modules@UModSys@@QAE_NPAUILibrary@libmedia@5@ABU?$TString@U?$TSCoreConst@D@su@tl@UModSys@@U?$TComparerBinaryHash@D@234@@tl@5@PBUSParameters@core@5@@Z 0040f1be f    CIL library: CIL module
 0001:0000e1be       __ehhandler$?bin_reader@RLibraryBinTree@stdlib@media@modules@UModSys@@UAE?AU?$TRefObject@UIStreamReader@libmedia@UModSys@@U?$TRefObjectFunc@UIStreamReader@libmedia@UModSys@@@tl@3@@tl@5@ABU?$TString@U?$TSCoreConst@D@su@tl@UModSys@@U?$TComparerBinaryHash@D@234@@75@ABUSFlags@libmedia@5@@Z 0040f1be f    CIL library: CIL module
 0001:0000e1be       __ehhandler$?bin_writer@RLibraryBinTree@stdlib@media@modules@UModSys@@UAE?AU?$TRefObject@UIStreamWriter@libmedia@UModSys@@U?$TRefObjectFunc@UIStreamWriter@libmedia@UModSys@@@tl@3@@tl@5@ABU?$TString@U?$TSCoreConst@D@su@tl@UModSys@@U?$TComparerBinaryHash@D@234@@75@ABUSFlags@libmedia@5@@Z 0040f1be f    CIL library: CIL module
 0001:0000e1c8       ??__E?s_id@?$TObjectUniqueID@UIRoot@core@UModSys@@@tl@UModSys@@2USUniquePointer@core@3@A@@YAXXZ 0040f1c8 f    CIL library: CIL module
 0001:0000e1ea       ??__E?s_id@?$TObjectUniqueID@UIRefObject@core@UModSys@@@tl@UModSys@@2USUniquePointer@core@3@A@@YAXXZ 0040f1ea f    CIL library: CIL module
 0001:0000e20c       ??__E?s_id@?$TObjectUniqueID@UIParameters@core@UModSys@@@tl@UModSys@@2USUniquePointer@core@3@A@@YAXXZ 0040f20c f    CIL library: CIL module
 0001:0000e22e       ??__E?s_id@?$TObjectUniqueID@UIConsole@base@UModSys@@@tl@UModSys@@2USUniquePointer@core@3@A@@YAXXZ 0040f22e f    CIL library: CIL module
 0001:0000e250       ??__E?s_id@?$TObjectUniqueID@UIModule@base@UModSys@@@tl@UModSys@@2USUniquePointer@core@3@A@@YAXXZ 0040f250 f    CIL library: CIL module
 0001:0000e272       ??__E?s_id@?$TObjectUniqueID@UIModuleLibrary@base@UModSys@@@tl@UModSys@@2USUniquePointer@core@3@A@@YAXXZ 0040f272 f    CIL library: CIL module
 0001:0000e294       ??__E?s_id@?$TObjectUniqueID@UIModObject@base@UModSys@@@tl@UModSys@@2USUniquePointer@core@3@A@@YAXXZ 0040f294 f    CIL library: CIL module
 0001:0000e2b6       ??__E?s_id@?$TObjectUniqueID@UIGenerator@base@UModSys@@@tl@UModSys@@2USUniquePointer@core@3@A@@YAXXZ 0040f2b6 f    CIL library: CIL module
 0001:0000e2d8       ??__E?s_id@?$TObjectUniqueID@UIShell@base@UModSys@@@tl@UModSys@@2USUniquePointer@core@3@A@@YAXXZ 0040f2d8 f    CIL library: CIL module
 0001:0000e2fa       ??__E?s_id@?$TObjectUniqueID@UISystem@base@UModSys@@@tl@UModSys@@2USUniquePointer@core@3@A@@YAXXZ 0040f2fa f    CIL library: CIL module
 0001:0000e31c       ??__E?s_id@?$TObjectUniqueID@URModule@rsystem@base@UModSys@@@tl@UModSys@@2USUniquePointer@core@3@A@@YAXXZ 0040f31c f    CIL library: CIL module
 0001:0000e33e       ??__E?s_id@?$TObjectUniqueID@UIModuleLibraryUni@rsystem@base@UModSys@@@tl@UModSys@@2USUniquePointer@core@3@A@@YAXXZ 0040f33e f    CIL library: CIL module
 0001:0000e360       ??__E?s_id@?$TObjectUniqueID@URModuleLibrarySO@rsystem@base@UModSys@@@tl@UModSys@@2USUniquePointer@core@3@A@@YAXXZ 0040f360 f    CIL library: CIL module
 0001:0000e382       ??__E?s_id@?$TObjectUniqueID@URModuleLibraryThis@rsystem@base@UModSys@@@tl@UModSys@@2USUniquePointer@core@3@A@@YAXXZ 0040f382 f    CIL library: CIL module
 0001:0000e3a4       ??__E?s_id@?$TObjectUniqueID@URParameters@rsystem@base@UModSys@@@tl@UModSys@@2USUniquePointer@core@3@A@@YAXXZ 0040f3a4 f    CIL library: CIL module
 0001:0000e3c6       ??__E?s_id@?$TObjectUniqueID@URSystem@rsystem@base@UModSys@@@tl@UModSys@@2USUniquePointer@core@3@A@@YAXXZ 0040f3c6 f    CIL library: CIL module
 0001:0000e3e8       ??__E?s_id@?$TObjectUniqueID@URConsole_std@rsystem@base@UModSys@@@tl@UModSys@@2USUniquePointer@core@3@A@@YAXXZ 0040f3e8 f    CIL library: CIL module
 0001:0000e40a       ??__Es_dbg@stdio@media@modules@UModSys@@YAXXZ 0040f40a f    CIL library: CIL module
 0001:0000e416       ??__E?s_modreg@RModuleReg@stdio@media@modules@UModSys@@2U12345@A@@YAXXZ 0040f416 f    CIL library: CIL module
 0001:0000e44b       ??__E?s_modreg_chain@RModuleReg@stdio@media@modules@UModSys@@2USModuleRegChain@base@5@A@@YAXXZ 0040f44b f    CIL library: CIL module
 0001:0000e466       ??__E?s_uid@RGenerator@stdio@media@modules@UModSys@@2USUniquePointer@core@5@A@@YAXXZ 0040f466 f    CIL library: CIL module
 0001:0000e488       ??__E?s_id@?$TObjectUniqueID@UIStreamReader@libmedia@UModSys@@@tl@UModSys@@2USUniquePointer@core@3@A@@YAXXZ 0040f488 f    CIL library: CIL module
 0001:0000e4aa       ??__E?s_id@?$TObjectUniqueID@UIStreamWriter@libmedia@UModSys@@@tl@UModSys@@2USUniquePointer@core@3@A@@YAXXZ 0040f4aa f    CIL library: CIL module
 0001:0000e4cc       ??__E?s_id@?$TObjectUniqueID@UIUtilities@libmedia@UModSys@@@tl@UModSys@@2USUniquePointer@core@3@A@@YAXXZ 0040f4cc f    CIL library: CIL module
 0001:0000e4ee       ??__E?s_id@?$TObjectUniqueID@UILibObject@libmedia@UModSys@@@tl@UModSys@@2USUniquePointer@core@3@A@@YAXXZ 0040f4ee f    CIL library: CIL module
 0001:0000e510       ??__E?s_id@?$TObjectUniqueID@UIBinArchive@libmedia@UModSys@@@tl@UModSys@@2USUniquePointer@core@3@A@@YAXXZ 0040f510 f    CIL library: CIL module
 0001:0000e532       ??__E?s_id@?$TObjectUniqueID@UIBinObjFilter@libmedia@UModSys@@@tl@UModSys@@2USUniquePointer@core@3@A@@YAXXZ 0040f532 f    CIL library: CIL module
 0001:0000e554       ??__E?s_id@?$TObjectUniqueID@UILibrary@libmedia@UModSys@@@tl@UModSys@@2USUniquePointer@core@3@A@@YAXXZ 0040f554 f    CIL library: CIL module
 0001:0000e576       ??__E?s_id@?$TObjectUniqueID@URStreamReader_FILE@stdio@media@modules@UModSys@@@tl@UModSys@@2USUniquePointer@core@3@A@@YAXXZ 0040f576 f    CIL library: CIL module
 0001:0000e598       ??__E?s_id@?$TObjectUniqueID@URStreamWriter_FILE@stdio@media@modules@UModSys@@@tl@UModSys@@2USUniquePointer@core@3@A@@YAXXZ 0040f598 f    CIL library: CIL module
 0001:0000e5ba       ??__E?s_id@?$TObjectUniqueID@URDataArchiver_OsDir@stdio@media@modules@UModSys@@@tl@UModSys@@2USUniquePointer@core@3@A@@YAXXZ 0040f5ba f    CIL library: CIL module
 0001:0000e5dc       ??__E?s_id@?$TObjectUniqueID@URGenerator@stdio@media@modules@UModSys@@@tl@UModSys@@2USUniquePointer@core@3@A@@YAXXZ 0040f5dc f    CIL library: CIL module
 0001:0000e5fe       ??__Es_dbg@stdlib@media@modules@UModSys@@YAXXZ 0040f5fe f    CIL library: CIL module
 0001:0000e60a       ??__E?s_modreg@RModuleReg@stdlib@media@modules@UModSys@@2U12345@A@@YAXXZ 0040f60a f    CIL library: CIL module
 0001:0000e642       ??__E?s_modreg_chain@RModuleReg@stdlib@media@modules@UModSys@@2USModuleRegChain@base@5@A@@YAXXZ 0040f642 f    CIL library: CIL module
 0001:0000e65d       ??__E?s_uid@RGenerator@stdlib@media@modules@UModSys@@2USUniquePointer@core@5@A@@YAXXZ 0040f65d f    CIL library: CIL module
 0001:0000e67f       ??__E?s_id@?$TObjectUniqueID@UILibraryBinTree@libmedia@UModSys@@@tl@UModSys@@2USUniquePointer@core@3@A@@YAXXZ 0040f67f f    CIL library: CIL module
 0001:0000e6a1       ??__E?s_id@?$TObjectUniqueID@UILibraryBinCache@libmedia@UModSys@@@tl@UModSys@@2USUniquePointer@core@3@A@@YAXXZ 0040f6a1 f    CIL library: CIL module
 0001:0000e6c3       ??__E?s_id@?$TObjectUniqueID@UILibraryObjFilter@libmedia@UModSys@@@tl@UModSys@@2USUniquePointer@core@3@A@@YAXXZ 0040f6c3 f    CIL library: CIL module
 0001:0000e6e5       ??__E?s_id@?$TObjectUniqueID@UILibraryObjCache@libmedia@UModSys@@@tl@UModSys@@2USUniquePointer@core@3@A@@YAXXZ 0040f6e5 f    CIL library: CIL module
 0001:0000e707       ??__E?s_id@?$TObjectUniqueID@UILibraryLayered@libmedia@UModSys@@@tl@UModSys@@2USUniquePointer@core@3@A@@YAXXZ 0040f707 f    CIL library: CIL module
 0001:0000e729       ??__E?s_id@?$TObjectUniqueID@UIBinArchiveFrame@libmedia@UModSys@@@tl@UModSys@@2USUniquePointer@core@3@A@@YAXXZ 0040f729 f    CIL library: CIL module
 0001:0000e74b       ??__E?s_id@?$TObjectUniqueID@UIClient@IBinArchiveFrame@libmedia@UModSys@@@tl@UModSys@@2USUniquePointer@core@3@A@@YAXXZ 0040f74b f    CIL library: CIL module
 0001:0000e76d       ??__E?s_id@?$TObjectUniqueID@URUtilities@stdlib@media@modules@UModSys@@@tl@UModSys@@2USUniquePointer@core@3@A@@YAXXZ 0040f76d f    CIL library: CIL module
 0001:0000e78f       ??__E?s_id@?$TObjectUniqueID@URBinArchiveFrame@stdlib@media@modules@UModSys@@@tl@UModSys@@2USUniquePointer@core@3@A@@YAXXZ 0040f78f f    CIL library: CIL module
 0001:0000e7b1       ??__E?s_id@?$TObjectUniqueID@URLibraryBinTree@stdlib@media@modules@UModSys@@@tl@UModSys@@2USUniquePointer@core@3@A@@YAXXZ 0040f7b1 f    CIL library: CIL module
 0001:0000e7d3       ??__E?s_id@?$TObjectUniqueID@URLibraryBinCache@stdlib@media@modules@UModSys@@@tl@UModSys@@2USUniquePointer@core@3@A@@YAXXZ 0040f7d3 f    CIL library: CIL module
 0001:0000e7f5       ??__E?s_id@?$TObjectUniqueID@URLibraryLayered@stdlib@media@modules@UModSys@@@tl@UModSys@@2USUniquePointer@core@3@A@@YAXXZ 0040f7f5 f    CIL library: CIL module
 0001:0000e817       ??__E?s_id@?$TObjectUniqueID@URLibraryObjCache@stdlib@media@modules@UModSys@@@tl@UModSys@@2USUniquePointer@core@3@A@@YAXXZ 0040f817 f    CIL library: CIL module
 0001:0000e839       ??__E?s_id@?$TObjectUniqueID@URLibraryObjFilter@stdlib@media@modules@UModSys@@@tl@UModSys@@2USUniquePointer@core@3@A@@YAXXZ 0040f839 f    CIL library: CIL module
 0001:0000e85b       ??__E?s_id@?$TObjectUniqueID@URGenerator@stdlib@media@modules@UModSys@@@tl@UModSys@@2USUniquePointer@core@3@A@@YAXXZ 0040f85b f    CIL library: CIL module
 0001:0000e87d       ??__E?s_console@RConsole_std@rsystem@base@UModSys@@2U1234@A@@YAXXZ 0040f87d f    CIL library: CIL module
 0001:0000e889       ??__E?s_sys@RSystem@rsystem@base@UModSys@@2U1234@A@@YAXXZ 0040f889 f    CIL library: CIL module
 0001:0000e89a       ??__Ersys_dbg@rsystem@base@UModSys@@YAXXZ 0040f89a f    CIL library: CIL module
 0001:0000e8a6       ??__EM@UModSys@@YAXXZ      0040f8a6 f    CIL library: CIL module
 0001:0000e8b2       ??__E?root@SModuleRegChain@base@UModSys@@2U123@A@@YAXXZ 0040f8b2 f    CIL library: CIL module
 0001:0000e8be       ??__E?s_library@RModuleLibraryReg_Chain@base@UModSys@@2U123@A@@YAXXZ 0040f8be f    CIL library: CIL module
 0001:0000e8ca       ??__E?root@SUniquePointer@core@UModSys@@2U123@A@@YAXXZ 0040f8ca f    CIL library: CIL module
 0001:0000e8d6       ??__F?s_id@?$TObjectUniqueID@URConsole_std@rsystem@base@UModSys@@@tl@UModSys@@2USUniquePointer@core@3@A@@YAXXZ 0040f8d6 f    CIL library: CIL module
 0001:0000e8e0       ??__F?s_id@?$TObjectUniqueID@URSystem@rsystem@base@UModSys@@@tl@UModSys@@2USUniquePointer@core@3@A@@YAXXZ 0040f8e0 f    CIL library: CIL module
 0001:0000e8ea       ??__F?s_id@?$TObjectUniqueID@URParameters@rsystem@base@UModSys@@@tl@UModSys@@2USUniquePointer@core@3@A@@YAXXZ 0040f8ea f    CIL library: CIL module
 0001:0000e8f4       ??__F?s_id@?$TObjectUniqueID@URModuleLibraryThis@rsystem@base@UModSys@@@tl@UModSys@@2USUniquePointer@core@3@A@@YAXXZ 0040f8f4 f    CIL library: CIL module
 0001:0000e8fe       ??__F?s_id@?$TObjectUniqueID@URModuleLibrarySO@rsystem@base@UModSys@@@tl@UModSys@@2USUniquePointer@core@3@A@@YAXXZ 0040f8fe f    CIL library: CIL module
 0001:0000e908       ??__F?s_id@?$TObjectUniqueID@UIModuleLibraryUni@rsystem@base@UModSys@@@tl@UModSys@@2USUniquePointer@core@3@A@@YAXXZ 0040f908 f    CIL library: CIL module
 0001:0000e912       ??__F?s_id@?$TObjectUniqueID@URModule@rsystem@base@UModSys@@@tl@UModSys@@2USUniquePointer@core@3@A@@YAXXZ 0040f912 f    CIL library: CIL module
 0001:0000e91c       ??__F?s_id@?$TObjectUniqueID@UISystem@base@UModSys@@@tl@UModSys@@2USUniquePointer@core@3@A@@YAXXZ 0040f91c f    CIL library: CIL module
 0001:0000e926       ??__F?s_id@?$TObjectUniqueID@UIShell@base@UModSys@@@tl@UModSys@@2USUniquePointer@core@3@A@@YAXXZ 0040f926 f    CIL library: CIL module
 0001:0000e930       ??__F?s_id@?$TObjectUniqueID@UIGenerator@base@UModSys@@@tl@UModSys@@2USUniquePointer@core@3@A@@YAXXZ 0040f930 f    CIL library: CIL module
 0001:0000e93a       ??__F?s_id@?$TObjectUniqueID@UIModObject@base@UModSys@@@tl@UModSys@@2USUniquePointer@core@3@A@@YAXXZ 0040f93a f    CIL library: CIL module
 0001:0000e944       ??__F?s_id@?$TObjectUniqueID@UIModuleLibrary@base@UModSys@@@tl@UModSys@@2USUniquePointer@core@3@A@@YAXXZ 0040f944 f    CIL library: CIL module
 0001:0000e94e       ??__F?s_id@?$TObjectUniqueID@UIModule@base@UModSys@@@tl@UModSys@@2USUniquePointer@core@3@A@@YAXXZ 0040f94e f    CIL library: CIL module
 0001:0000e958       ??__F?s_id@?$TObjectUniqueID@UIConsole@base@UModSys@@@tl@UModSys@@2USUniquePointer@core@3@A@@YAXXZ 0040f958 f    CIL library: CIL module
 0001:0000e962       ??__F?s_id@?$TObjectUniqueID@UIParameters@core@UModSys@@@tl@UModSys@@2USUniquePointer@core@3@A@@YAXXZ 0040f962 f    CIL library: CIL module
 0001:0000e96c       ??__F?s_id@?$TObjectUniqueID@UIRefObject@core@UModSys@@@tl@UModSys@@2USUniquePointer@core@3@A@@YAXXZ 0040f96c f    CIL library: CIL module
 0001:0000e976       ??__F?s_id@?$TObjectUniqueID@UIRoot@core@UModSys@@@tl@UModSys@@2USUniquePointer@core@3@A@@YAXXZ 0040f976 f    CIL library: CIL module
 0001:0000e980       ??__Fs_dbg@stdio@media@modules@UModSys@@YAXXZ 0040f980 f    CIL library: CIL module
 0001:0000e997       ??__F?s_modreg@RModuleReg@stdio@media@modules@UModSys@@2U12345@A@@YAXXZ 0040f997 f    CIL library: CIL module
 0001:0000e9a2       ??__F?s_modreg_chain@RModuleReg@stdio@media@modules@UModSys@@2USModuleRegChain@base@5@A@@YAXXZ 0040f9a2 f    CIL library: CIL module
 0001:0000e9ac       ??__F?s_uid@RGenerator@stdio@media@modules@UModSys@@2USUniquePointer@core@5@A@@YAXXZ 0040f9ac f    CIL library: CIL module
 0001:0000e9b6       ??__Fh@?1??s_holder@RGenerator@stdio@media@modules@UModSys@@SAAAU?$TTypeStaticHolder@URGenerator@stdio@media@modules@UModSys@@@tl@5@XZ@YAXXZ 0040f9b6 f    CIL library: CIL module
 0001:0000e9d3       ??__F?s_id@?$TObjectUniqueID@URGenerator@stdio@media@modules@UModSys@@@tl@UModSys@@2USUniquePointer@core@3@A@@YAXXZ 0040f9d3 f    CIL library: CIL module
 0001:0000e9dd       ??__F?s_id@?$TObjectUniqueID@URDataArchiver_OsDir@stdio@media@modules@UModSys@@@tl@UModSys@@2USUniquePointer@core@3@A@@YAXXZ 0040f9dd f    CIL library: CIL module
 0001:0000e9e7       ??__F?s_id@?$TObjectUniqueID@URStreamWriter_FILE@stdio@media@modules@UModSys@@@tl@UModSys@@2USUniquePointer@core@3@A@@YAXXZ 0040f9e7 f    CIL library: CIL module
 0001:0000e9f1       ??__F?s_id@?$TObjectUniqueID@URStreamReader_FILE@stdio@media@modules@UModSys@@@tl@UModSys@@2USUniquePointer@core@3@A@@YAXXZ 0040f9f1 f    CIL library: CIL module
 0001:0000e9fb       ??__F?s_id@?$TObjectUniqueID@UILibrary@libmedia@UModSys@@@tl@UModSys@@2USUniquePointer@core@3@A@@YAXXZ 0040f9fb f    CIL library: CIL module
 0001:0000ea05       ??__F?s_id@?$TObjectUniqueID@UIBinObjFilter@libmedia@UModSys@@@tl@UModSys@@2USUniquePointer@core@3@A@@YAXXZ 0040fa05 f    CIL library: CIL module
 0001:0000ea0f       ??__F?s_id@?$TObjectUniqueID@UIBinArchive@libmedia@UModSys@@@tl@UModSys@@2USUniquePointer@core@3@A@@YAXXZ 0040fa0f f    CIL library: CIL module
 0001:0000ea19       ??__F?s_id@?$TObjectUniqueID@UILibObject@libmedia@UModSys@@@tl@UModSys@@2USUniquePointer@core@3@A@@YAXXZ 0040fa19 f    CIL library: CIL module
 0001:0000ea23       ??__F?s_id@?$TObjectUniqueID@UIUtilities@libmedia@UModSys@@@tl@UModSys@@2USUniquePointer@core@3@A@@YAXXZ 0040fa23 f    CIL library: CIL module
 0001:0000ea2d       ??__F?s_id@?$TObjectUniqueID@UIStreamWriter@libmedia@UModSys@@@tl@UModSys@@2USUniquePointer@core@3@A@@YAXXZ 0040fa2d f    CIL library: CIL module
 0001:0000ea37       ??__F?s_id@?$TObjectUniqueID@UIStreamReader@libmedia@UModSys@@@tl@UModSys@@2USUniquePointer@core@3@A@@YAXXZ 0040fa37 f    CIL library: CIL module
 0001:0000ea41       ??__Fs_dbg@stdlib@media@modules@UModSys@@YAXXZ 0040fa41 f    CIL library: CIL module
 0001:0000ea58       ??__F?s_modreg@RModuleReg@stdlib@media@modules@UModSys@@2U12345@A@@YAXXZ 0040fa58 f    CIL library: CIL module
 0001:0000ea63       ??__F?s_modreg_chain@RModuleReg@stdlib@media@modules@UModSys@@2USModuleRegChain@base@5@A@@YAXXZ 0040fa63 f    CIL library: CIL module
 0001:0000ea6d       ??__F?s_uid@RGenerator@stdlib@media@modules@UModSys@@2USUniquePointer@core@5@A@@YAXXZ 0040fa6d f    CIL library: CIL module
 0001:0000ea77       ??__Fh@?1??s_holder@RGenerator@stdlib@media@modules@UModSys@@SAAAU?$TTypeStaticHolder@URGenerator@stdlib@media@modules@UModSys@@@tl@5@XZ@YAXXZ 0040fa77 f    CIL library: CIL module
 0001:0000ea94       ??__F?s_id@?$TObjectUniqueID@URGenerator@stdlib@media@modules@UModSys@@@tl@UModSys@@2USUniquePointer@core@3@A@@YAXXZ 0040fa94 f    CIL library: CIL module
 0001:0000ea9e       ??__F?s_id@?$TObjectUniqueID@URLibraryObjFilter@stdlib@media@modules@UModSys@@@tl@UModSys@@2USUniquePointer@core@3@A@@YAXXZ 0040fa9e f    CIL library: CIL module
 0001:0000eaa8       ??__F?s_id@?$TObjectUniqueID@URLibraryObjCache@stdlib@media@modules@UModSys@@@tl@UModSys@@2USUniquePointer@core@3@A@@YAXXZ 0040faa8 f    CIL library: CIL module
 0001:0000eab2       ??__F?s_id@?$TObjectUniqueID@URLibraryLayered@stdlib@media@modules@UModSys@@@tl@UModSys@@2USUniquePointer@core@3@A@@YAXXZ 0040fab2 f    CIL library: CIL module
 0001:0000eabc       ??__F?s_id@?$TObjectUniqueID@URLibraryBinCache@stdlib@media@modules@UModSys@@@tl@UModSys@@2USUniquePointer@core@3@A@@YAXXZ 0040fabc f    CIL library: CIL module
 0001:0000eac6       ??__F?s_id@?$TObjectUniqueID@URLibraryBinTree@stdlib@media@modules@UModSys@@@tl@UModSys@@2USUniquePointer@core@3@A@@YAXXZ 0040fac6 f    CIL library: CIL module
 0001:0000ead0       ??__F?s_id@?$TObjectUniqueID@URBinArchiveFrame@stdlib@media@modules@UModSys@@@tl@UModSys@@2USUniquePointer@core@3@A@@YAXXZ 0040fad0 f    CIL library: CIL module
 0001:0000eada       ??__F?s_id@?$TObjectUniqueID@URUtilities@stdlib@media@modules@UModSys@@@tl@UModSys@@2USUniquePointer@core@3@A@@YAXXZ 0040fada f    CIL library: CIL module
 0001:0000eae4       ??__F?s_id@?$TObjectUniqueID@UIClient@IBinArchiveFrame@libmedia@UModSys@@@tl@UModSys@@2USUniquePointer@core@3@A@@YAXXZ 0040fae4 f    CIL library: CIL module
 0001:0000eaee       ??__F?s_id@?$TObjectUniqueID@UIBinArchiveFrame@libmedia@UModSys@@@tl@UModSys@@2USUniquePointer@core@3@A@@YAXXZ 0040faee f    CIL library: CIL module
 0001:0000eaf8       ??__F?s_id@?$TObjectUniqueID@UILibraryLayered@libmedia@UModSys@@@tl@UModSys@@2USUniquePointer@core@3@A@@YAXXZ 0040faf8 f    CIL library: CIL module
 0001:0000eb02       ??__F?s_id@?$TObjectUniqueID@UILibraryObjCache@libmedia@UModSys@@@tl@UModSys@@2USUniquePointer@core@3@A@@YAXXZ 0040fb02 f    CIL library: CIL module
 0001:0000eb0c       ??__F?s_id@?$TObjectUniqueID@UILibraryObjFilter@libmedia@UModSys@@@tl@UModSys@@2USUniquePointer@core@3@A@@YAXXZ 0040fb0c f    CIL library: CIL module
 0001:0000eb16       ??__F?s_id@?$TObjectUniqueID@UILibraryBinCache@libmedia@UModSys@@@tl@UModSys@@2USUniquePointer@core@3@A@@YAXXZ 0040fb16 f    CIL library: CIL module
 0001:0000eb20       ??__F?s_id@?$TObjectUniqueID@UILibraryBinTree@libmedia@UModSys@@@tl@UModSys@@2USUniquePointer@core@3@A@@YAXXZ 0040fb20 f    CIL library: CIL module
 0001:0000eb2a       ??__F?s_console@RConsole_std@rsystem@base@UModSys@@2U1234@A@@YAXXZ 0040fb2a f    CIL library: CIL module
 0001:0000eb57       ??__F?s_sys@RSystem@rsystem@base@UModSys@@2U1234@A@@YAXXZ 0040fb57 f    CIL library: CIL module
 0001:0000eb62       ??__Frsys_dbg@rsystem@base@UModSys@@YAXXZ 0040fb62 f    CIL library: CIL module
 0001:0000eb79       ??__FM@UModSys@@YAXXZ      0040fb79 f    CIL library: CIL module
 0001:0000eb7a       ??__F?root@SModuleRegChain@base@UModSys@@2U123@A@@YAXXZ 0040fb7a f    CIL library: CIL module
 0001:0000eb84       ??__F?s_library@RModuleLibraryReg_Chain@base@UModSys@@2U123@A@@YAXXZ 0040fb84 f    CIL library: CIL module
 0001:0000eb8f       ??__F?root@SUniquePointer@core@UModSys@@2U123@A@@YAXXZ 0040fb8f f    CIL library: CIL module

 Exports

  ordinal    name

        1    _UModSys_Plugin_Entry2@0
