 umodsysc

 Timestamp is 52d556cc (Tue Jan 14 18:25:00 2014)

 Preferred load address is 00400000

 Start         Length     Name                   Class
 0001:00000000 0000da90H .text                   CODE
 0001:0000da90 00000508H .text$x                 CODE
 0001:0000df98 000006deH .text$yc                CODE
 0001:0000e676 00000295H .text$yd                CODE
 0002:00000000 00000154H .idata$5                DATA
 0002:00000154 00000004H .CRT$XCA                DATA
 0002:00000158 00000004H .CRT$XCAA               DATA
 0002:0000015c 000002ccH .CRT$XCU                DATA
 0002:00000428 00000004H .CRT$XCZ                DATA
 0002:0000042c 00000004H .CRT$XIA                DATA
 0002:00000430 00000004H .CRT$XIAA               DATA
 0002:00000434 00000004H .CRT$XIY                DATA
 0002:00000438 00000004H .CRT$XIZ                DATA
 0002:00000440 00001a30H .rdata                  DATA
 0002:00001e70 00001324H .rdata$r                DATA
 0002:000031a0 000000b8H .rdata$sxdata           DATA
 0002:00003258 00000004H .rtc$IAA                DATA
 0002:0000325c 00000004H .rtc$IZZ                DATA
 0002:00003260 00000004H .rtc$TAA                DATA
 0002:00003264 00000004H .rtc$TZZ                DATA
 0002:00003268 00000a44H .xdata$x                DATA
 0002:00003cac 00000028H .idata$2                DATA
 0002:00003cd4 00000014H .idata$3                DATA
 0002:00003ce8 00000154H .idata$4                DATA
 0002:00003e3c 00000554H .idata$6                DATA
 0002:00004390 00000058H .edata                  DATA
 0003:00000000 00000cd0H .data                   DATA
 0003:00000cd0 000029f0H .bss                    DATA

  Address         Publics by Value              Rva+Base       Lib:Object

 0000:00000000       __except_list              00000000     <absolute>
 0000:0000002e       ___safe_se_handler_count   0000002e     <absolute>
 0000:00009876       __fltused                  00009876     <absolute>
 0000:00009876       __ldused                   00009876     <absolute>
 0000:00000000       ___ImageBase               00400000     <linker-defined>
 0001:00000000       ??$slen@D@su@tl@UModSys@@YAIPBD@Z 00401000 f i umodsys.c_main.obj
 0001:00000019       _main                      00401019 f   umodsys.c_main.obj
 0001:0000018b       ??0?$TString@U?$TSCoreConst@D@su@tl@UModSys@@U?$TComparerBinaryHash@D@234@@tl@UModSys@@QAE@PBD@Z 0040118b f i umodsys.c_main.obj
 0001:000001b0       ?update@?$TComparerBinaryHash@D@su@tl@UModSys@@QAEXPBDI@Z 004011b0 f i umodsys.c_main.obj
 0001:000001e7       ?link@SMemShared@core@UModSys@@QAE_NPAUSMemorySharedData@23@PAUSSourceContext@23@@Z 004011e7 f i umodsys_lib_libmedia:umodsys.mod.media.stdio.obj
 0001:000001e7       ?link@SCMemShared@core@UModSys@@QAE_NPAUSMemorySharedData@23@PAUSSourceContext@23@@Z 004011e7 f i umodsys_lib_libmedia:umodsys.mod.media.stdio.obj
 0001:0000020c       ??6SUniquePtrList@core@UModSys@@QAEAAU012@PBUSUniquePointerInfo@12@@Z 0040120c f i umodsys_lib_libmedia:umodsys.mod.media.stdio.obj
 0001:00000228       ??2IRoot@core@UModSys@@SAPAXIABUSIMemAlloc@12@@Z 00401228 f i umodsys_lib_libmedia:umodsys.mod.media.stdio.obj
 0001:0000024a       ??3IRoot@core@UModSys@@SAXPAXABUSIMemAlloc@12@@Z 0040124a f i umodsys_lib_libmedia:umodsys.mod.media.stdio.obj
 0001:00000263       ?_root_get_other_interface@IRefObject@core@UModSys@@IAEPAUIRoot@23@PBUSUniquePointerInfo@23@@Z 00401263 f i umodsys_lib_libmedia:umodsys.mod.media.stdio.obj
 0001:00000263       ?_root_get_other_interface@IRefObject@core@UModSys@@IBEPBUIRoot@23@PBUSUniquePointerInfo@23@@Z 00401263 f i umodsys_lib_libmedia:umodsys.mod.media.stdio.obj
 0001:00000284       ?_root_get_interface_types@IRefObject@core@UModSys@@SAIAAUSUniquePtrList@23@@Z 00401284 f i umodsys_lib_libmedia:umodsys.mod.media.stdio.obj
 0001:000002a4       ?_root_is_interface_supported@IRefObject@core@UModSys@@SA_NPBUSUniquePointerInfo@23@@Z 004012a4 f i umodsys_lib_libmedia:umodsys.mod.media.stdio.obj
 0001:000002bb       ?get@SParameters@core@UModSys@@QBE_NPBDAA_N@Z 004012bb f i umodsys_lib_libmedia:umodsys.mod.media.stdio.obj
 0001:000002ed       ?_root_is_interface_supported@IGenerator@base@UModSys@@SA_NPBUSUniquePointerInfo@core@3@@Z 004012ed f i umodsys_lib_libmedia:umodsys.mod.media.stdio.obj
 0001:0000030d       ?_root_get_interface_types@IBinArchive@libmedia@UModSys@@SAIAAUSUniquePtrList@core@3@@Z 0040130d f i umodsys_lib_libmedia:umodsys.mod.media.stdio.obj
 0001:0000032f       ?_root_is_interface_supported@IBinArchive@libmedia@UModSys@@SA_NPBUSUniquePointerInfo@core@3@@Z 0040132f f i umodsys_lib_libmedia:umodsys.mod.media.stdio.obj
 0001:0000034f       ?archive_load_data@libmedia@UModSys@@YA_NAAUIBinArchive@12@ABU?$TString@U?$TSCoreConst@D@su@tl@UModSys@@U?$TComparerBinaryHash@D@234@@tl@2@AAUSCMemShared@core@2@ABUSFlags@12@@Z 0040134f f i umodsys_lib_libmedia:umodsys.mod.media.stdio.obj
 0001:0000047a       ?file_get_size@stdio@media@modules@UModSys@@YA_JPAU_iobuf@@@Z 0040147a f i umodsys_lib_libmedia:umodsys.mod.media.stdio.obj
 0001:000004c5       ?root_get_interface_info@RStreamReader_FILE@stdio@media@modules@UModSys@@UBEABUSUniquePointerInfo@core@5@XZ 004014c5 f i umodsys_lib_libmedia:umodsys.mod.media.stdio.obj
 0001:000004cb       ?root_get_interface_type@RStreamReader_FILE@stdio@media@modules@UModSys@@UBEPBUSUniquePointerInfo@core@5@XZ 004014cb f i umodsys_lib_libmedia:umodsys.mod.media.stdio.obj
 0001:000004d1       ?root_get_other_interface@RStreamReader_FILE@stdio@media@modules@UModSys@@UBEPBUIRoot@core@5@PBUSUniquePointerInfo@75@@Z 004014d1 f i umodsys_lib_libmedia:umodsys.mod.media.stdio.obj
 0001:000004d1       ?root_get_other_interface@RStreamReader_FILE@stdio@media@modules@UModSys@@UAEPAUIRoot@core@5@PBUSUniquePointerInfo@75@@Z 004014d1 f i umodsys_lib_libmedia:umodsys.mod.media.stdio.obj
 0001:000004f2       ?root_is_interface_supported@RStreamReader_FILE@stdio@media@modules@UModSys@@UBE_NPBUSUniquePointerInfo@core@5@@Z 004014f2 f i umodsys_lib_libmedia:umodsys.mod.media.stdio.obj
 0001:00000519       ?ref_add@RUtilities@stdlib@media@modules@UModSys@@UBEXXZ 00401519 f i umodsys_lib_libmedia:umodsys.mod.media.stdlib.obj
 0001:00000519       ?ref_add@RStreamReader_FILE@stdio@media@modules@UModSys@@UBEXXZ 00401519 f i umodsys_lib_libmedia:umodsys.mod.media.stdio.obj
 0001:00000519       ?ref_add@RGenerator@stdlib@media@modules@UModSys@@UBEXXZ 00401519 f i umodsys_lib_libmedia:umodsys.mod.media.stdlib.obj
 0001:00000519       ?ref_add@RStreamWriter_FILE@stdio@media@modules@UModSys@@UBEXXZ 00401519 f i umodsys_lib_libmedia:umodsys.mod.media.stdio.obj
 0001:00000519       ?ref_add@RGenerator@stdio@media@modules@UModSys@@UBEXXZ 00401519 f i umodsys_lib_libmedia:umodsys.mod.media.stdio.obj
 0001:0000051d       ??0RStreamReader_FILE@stdio@media@modules@UModSys@@QAE@PAUIModObject@base@4@ABUSParameters@core@4@@Z 0040151d f i umodsys_lib_libmedia:umodsys.mod.media.stdio.obj
 0001:00000598       ??0RStreamReader_FILE@stdio@media@modules@UModSys@@QAE@PAUIModObject@base@4@PBD@Z 00401598 f i umodsys_lib_libmedia:umodsys.mod.media.stdio.obj
 0001:000005ef       ?open@RStreamReader_FILE@stdio@media@modules@UModSys@@QAEXPBD@Z 004015ef f i umodsys_lib_libmedia:umodsys.mod.media.stdio.obj
 0001:00000613       ?reader_seek@RStreamReader_FILE@stdio@media@modules@UModSys@@UAE_N_J@Z 00401613 f i umodsys_lib_libmedia:umodsys.mod.media.stdio.obj
 0001:00000636       ?reader_seekend@RStreamReader_FILE@stdio@media@modules@UModSys@@UAE_N_J@Z 00401636 f i umodsys_lib_libmedia:umodsys.mod.media.stdio.obj
 0001:0000065c       ?reader_seekdelta@RStreamReader_FILE@stdio@media@modules@UModSys@@UAE_N_J@Z 0040165c f i umodsys_lib_libmedia:umodsys.mod.media.stdio.obj
 0001:0000067f       ?reader_pos@RStreamReader_FILE@stdio@media@modules@UModSys@@UAE_JXZ 0040167f f i umodsys_lib_libmedia:umodsys.mod.media.stdio.obj
 0001:00000694       ?reader_size@RStreamReader_FILE@stdio@media@modules@UModSys@@UAE_JXZ 00401694 f i umodsys_lib_libmedia:umodsys.mod.media.stdio.obj
 0001:0000069b       ?reader_read@RStreamReader_FILE@stdio@media@modules@UModSys@@UAE_NPAXI@Z 0040169b f i umodsys_lib_libmedia:umodsys.mod.media.stdio.obj
 0001:000006f8       ?reader_close@RStreamReader_FILE@stdio@media@modules@UModSys@@UAEXXZ 004016f8 f i umodsys_lib_libmedia:umodsys.mod.media.stdio.obj
 0001:00000710       ??_GRStreamReader_FILE@stdio@media@modules@UModSys@@UAEPAXI@Z 00401710 f i umodsys_lib_libmedia:umodsys.mod.media.stdio.obj
 0001:00000710       ??_ERStreamReader_FILE@stdio@media@modules@UModSys@@UAEPAXI@Z 00401710 f i  CIL library: CIL module
 0001:00000738       ?root_get_interface_info@RStreamWriter_FILE@stdio@media@modules@UModSys@@UBEABUSUniquePointerInfo@core@5@XZ 00401738 f i umodsys_lib_libmedia:umodsys.mod.media.stdio.obj
 0001:0000073e       ?root_get_interface_type@RStreamWriter_FILE@stdio@media@modules@UModSys@@UBEPBUSUniquePointerInfo@core@5@XZ 0040173e f i umodsys_lib_libmedia:umodsys.mod.media.stdio.obj
 0001:00000744       ?root_get_other_interface@RStreamWriter_FILE@stdio@media@modules@UModSys@@UBEPBUIRoot@core@5@PBUSUniquePointerInfo@75@@Z 00401744 f i umodsys_lib_libmedia:umodsys.mod.media.stdio.obj
 0001:00000744       ?root_get_other_interface@RStreamWriter_FILE@stdio@media@modules@UModSys@@UAEPAUIRoot@core@5@PBUSUniquePointerInfo@75@@Z 00401744 f i umodsys_lib_libmedia:umodsys.mod.media.stdio.obj
 0001:00000765       ?root_is_interface_supported@RStreamWriter_FILE@stdio@media@modules@UModSys@@UBE_NPBUSUniquePointerInfo@core@5@@Z 00401765 f i umodsys_lib_libmedia:umodsys.mod.media.stdio.obj
 0001:0000078c       ?ref_remove@RGenerator@stdio@media@modules@UModSys@@UBEXXZ 0040178c f i umodsys_lib_libmedia:umodsys.mod.media.stdio.obj
 0001:0000078c       ?ref_remove@RStreamWriter_FILE@stdio@media@modules@UModSys@@UBEXXZ 0040178c f i umodsys_lib_libmedia:umodsys.mod.media.stdio.obj
 0001:0000078c       ?ref_remove@RUtilities@stdlib@media@modules@UModSys@@UBEXXZ 0040178c f i umodsys_lib_libmedia:umodsys.mod.media.stdlib.obj
 0001:0000078c       ?ref_remove@RGenerator@stdlib@media@modules@UModSys@@UBEXXZ 0040178c f i umodsys_lib_libmedia:umodsys.mod.media.stdlib.obj
 0001:0000078c       ?ref_remove@RStreamReader_FILE@stdio@media@modules@UModSys@@UBEXXZ 0040178c f i umodsys_lib_libmedia:umodsys.mod.media.stdio.obj
 0001:00000797       ??0RStreamWriter_FILE@stdio@media@modules@UModSys@@QAE@PAUIModObject@base@4@ABUSParameters@core@4@@Z 00401797 f i umodsys_lib_libmedia:umodsys.mod.media.stdio.obj
 0001:00000830       ??0RStreamWriter_FILE@stdio@media@modules@UModSys@@QAE@PAUIModObject@base@4@PBD_N@Z 00401830 f i umodsys_lib_libmedia:umodsys.mod.media.stdio.obj
 0001:00000891       ?open@RStreamWriter_FILE@stdio@media@modules@UModSys@@QAEXPBD_N@Z 00401891 f i umodsys_lib_libmedia:umodsys.mod.media.stdio.obj
 0001:000008d7       ?writer_seek@RStreamWriter_FILE@stdio@media@modules@UModSys@@UAE_N_J@Z 004018d7 f i umodsys_lib_libmedia:umodsys.mod.media.stdio.obj
 0001:000008fa       ?writer_seekend@RStreamWriter_FILE@stdio@media@modules@UModSys@@UAE_N_J@Z 004018fa f i umodsys_lib_libmedia:umodsys.mod.media.stdio.obj
 0001:00000920       ?writer_seekdelta@RStreamWriter_FILE@stdio@media@modules@UModSys@@UAE_N_J@Z 00401920 f i umodsys_lib_libmedia:umodsys.mod.media.stdio.obj
 0001:00000943       ?writer_setsize@RStreamWriter_FILE@stdio@media@modules@UModSys@@UAE_N_J@Z 00401943 f i umodsys_lib_libmedia:umodsys.mod.media.stdio.obj
 0001:0000098b       ?writer_pos@RStreamWriter_FILE@stdio@media@modules@UModSys@@UAE_JXZ 0040198b f i umodsys_lib_libmedia:umodsys.mod.media.stdio.obj
 0001:000009a0       ?writer_size@RStreamWriter_FILE@stdio@media@modules@UModSys@@UAE_JXZ 004019a0 f i umodsys_lib_libmedia:umodsys.mod.media.stdio.obj
 0001:000009c5       ?writer_write@RStreamWriter_FILE@stdio@media@modules@UModSys@@UAE_NPBXI@Z 004019c5 f i umodsys_lib_libmedia:umodsys.mod.media.stdio.obj
 0001:00000a22       ?writer_copy@RStreamWriter_FILE@stdio@media@modules@UModSys@@UAE_NPAUIStreamReader@libmedia@5@_J@Z 00401a22 f i umodsys_lib_libmedia:umodsys.mod.media.stdio.obj
 0001:00000aa6       ?writer_copy@RStreamWriter_FILE@stdio@media@modules@UModSys@@UAE_NPAUIStreamReader@libmedia@5@_J1@Z 00401aa6 f i umodsys_lib_libmedia:umodsys.mod.media.stdio.obj
 0001:00000add       ?writer_close@RStreamWriter_FILE@stdio@media@modules@UModSys@@UAEXXZ 00401add f i umodsys_lib_libmedia:umodsys.mod.media.stdio.obj
 0001:00000b0a       ?writer_abort@RStreamWriter_FILE@stdio@media@modules@UModSys@@UAEXXZ 00401b0a f i umodsys_lib_libmedia:umodsys.mod.media.stdio.obj
 0001:00000b37       ??_GRStreamWriter_FILE@stdio@media@modules@UModSys@@UAEPAXI@Z 00401b37 f i umodsys_lib_libmedia:umodsys.mod.media.stdio.obj
 0001:00000b37       ??_ERStreamWriter_FILE@stdio@media@modules@UModSys@@UAEPAXI@Z 00401b37 f i  CIL library: CIL module
 0001:00000b7b       ??1IRefObject@core@UModSys@@UAE@XZ 00401b7b f i umodsys_lib_core:umodsys.core.objects.obj
 0001:00000b7b       ??1IStreamWriter@libmedia@UModSys@@UAE@XZ 00401b7b f i umodsys_lib_libmedia:umodsys.mod.media.stdio.obj
 0001:00000b7b       ??1IUtilities@libmedia@UModSys@@UAE@XZ 00401b7b f i umodsys_lib_libmedia:umodsys.mod.media.stdlib.obj
 0001:00000b7b       ??1IStreamReader@libmedia@UModSys@@UAE@XZ 00401b7b f i umodsys_lib_libmedia:umodsys.mod.media.stdio.obj
 0001:00000b7b       ??1ISystem@base@UModSys@@UAE@XZ 00401b7b f i umodsys_lib_base:umodsys.base.system.obj
 0001:00000b7b       ??1IModule@base@UModSys@@UAE@XZ 00401b7b f i umodsys_lib_base:umodsys.base.module.obj
 0001:00000b82       ?root_get_interface_info@RDataArchiver_OsDir@stdio@media@modules@UModSys@@UBEABUSUniquePointerInfo@core@5@XZ 00401b82 f i umodsys_lib_libmedia:umodsys.mod.media.stdio.obj
 0001:00000b88       ?root_get_interface_type@RDataArchiver_OsDir@stdio@media@modules@UModSys@@UBEPBUSUniquePointerInfo@core@5@XZ 00401b88 f i umodsys_lib_libmedia:umodsys.mod.media.stdio.obj
 0001:00000b8e       ?root_get_other_interface@RDataArchiver_OsDir@stdio@media@modules@UModSys@@UAEPAUIRoot@core@5@PBUSUniquePointerInfo@75@@Z 00401b8e f i umodsys_lib_libmedia:umodsys.mod.media.stdio.obj
 0001:00000b8e       ?root_get_other_interface@RDataArchiver_OsDir@stdio@media@modules@UModSys@@UBEPBUIRoot@core@5@PBUSUniquePointerInfo@75@@Z 00401b8e f i umodsys_lib_libmedia:umodsys.mod.media.stdio.obj
 0001:00000bb7       ?root_is_interface_supported@RDataArchiver_OsDir@stdio@media@modules@UModSys@@UBE_NPBUSUniquePointerInfo@core@5@@Z 00401bb7 f i umodsys_lib_libmedia:umodsys.mod.media.stdio.obj
 0001:00000bd6       ??0RDataArchiver_OsDir@stdio@media@modules@UModSys@@QAE@PAUIModObject@base@4@ABUSParameters@core@4@U?$TFlags4State@USMediaFlagUid@libmedia@UModSys@@I@tl@4@@Z 00401bd6 f i umodsys_lib_libmedia:umodsys.mod.media.stdio.obj
 0001:00000c49       ?open@RDataArchiver_OsDir@stdio@media@modules@UModSys@@QAEXABUSParameters@core@5@@Z 00401c49 f i umodsys_lib_libmedia:umodsys.mod.media.stdio.obj
 0001:00000d24       ?get_flag@RDataArchiver_OsDir@stdio@media@modules@UModSys@@UBE?AW4eStates@?$TFlags4State@USMediaFlagUid@libmedia@UModSys@@I@tl@5@H@Z 00401d24 f i umodsys_lib_libmedia:umodsys.mod.media.stdio.obj
 0001:00000d37       ?get_flags_auto@RDataArchiver_OsDir@stdio@media@modules@UModSys@@UBE?AU?$TFlags4State@USMediaFlagUid@libmedia@UModSys@@I@tl@5@XZ 00401d37 f i umodsys_lib_libmedia:umodsys.mod.media.stdio.obj
 0001:00000d46       ?set_flag@RDataArchiver_OsDir@stdio@media@modules@UModSys@@UAE?AW4eStates@?$TFlags4State@USMediaFlagUid@libmedia@UModSys@@I@tl@5@HW46785@@Z 00401d46 f i umodsys_lib_libmedia:umodsys.mod.media.stdio.obj
 0001:00000d73       ?data_load@RDataArchiver_OsDir@stdio@media@modules@UModSys@@UAE_NABU?$TString@U?$TSCoreConst@D@su@tl@UModSys@@U?$TComparerBinaryHash@D@234@@tl@5@AAUSCMemShared@core@5@ABUSFlags@libmedia@5@@Z 00401d73 f i umodsys_lib_libmedia:umodsys.mod.media.stdio.obj
 0001:00000da7       ?data_save@RDataArchiver_OsDir@stdio@media@modules@UModSys@@UAE_NABU?$TString@U?$TSCoreConst@D@su@tl@UModSys@@U?$TComparerBinaryHash@D@234@@tl@5@ABUSCMem@core@5@ABUSFlags@libmedia@5@@Z 00401da7 f i umodsys_lib_libmedia:umodsys.mod.media.stdio.obj
 0001:00000e1d       ?data_reader@RDataArchiver_OsDir@stdio@media@modules@UModSys@@UAE?AU?$TRefObject@UIStreamReader@libmedia@UModSys@@U?$TRefObjectFunc@UIStreamReader@libmedia@UModSys@@@tl@3@@tl@5@ABU?$TString@U?$TSCoreConst@D@su@tl@UModSys@@U?$TComparerBinaryHash@D@234@@75@ABUSFlags@libmedia@5@@Z 00401e1d f i umodsys_lib_libmedia:umodsys.mod.media.stdio.obj
 0001:00000f24       ?data_writer@RDataArchiver_OsDir@stdio@media@modules@UModSys@@UAE?AU?$TRefObject@UIStreamWriter@libmedia@UModSys@@U?$TRefObjectFunc@UIStreamWriter@libmedia@UModSys@@@tl@3@@tl@5@ABU?$TString@U?$TSCoreConst@D@su@tl@UModSys@@U?$TComparerBinaryHash@D@234@@75@ABUSFlags@libmedia@5@@Z 00401f24 f i umodsys_lib_libmedia:umodsys.mod.media.stdio.obj
 0001:00001046       ?data_list@RDataArchiver_OsDir@stdio@media@modules@UModSys@@UAE_NABU?$TString@U?$TSCoreConst@D@su@tl@UModSys@@U?$TComparerBinaryHash@D@234@@tl@5@IAAU?$TIStackSocket@USFileInfo@libmedia@UModSys@@@75@ABUSFlags@libmedia@5@@Z 00402046 f i umodsys_lib_libmedia:umodsys.mod.media.stdio.obj
 0001:00001046       ?data_info@RDataArchiver_OsDir@stdio@media@modules@UModSys@@UAE_NABU?$TString@U?$TSCoreConst@D@su@tl@UModSys@@U?$TComparerBinaryHash@D@234@@tl@5@IAAUSFileInfo@libmedia@5@ABUSFlags@95@@Z 00402046 f i umodsys_lib_libmedia:umodsys.mod.media.stdio.obj
 0001:0000108f       ?get_permissions@RDataArchiver_OsDir@stdio@media@modules@UModSys@@UAEHXZ 0040208f f i umodsys_lib_libmedia:umodsys.mod.media.stdio.obj
 0001:00001093       ??_ERDataArchiver_OsDir@stdio@media@modules@UModSys@@UAEPAXI@Z 00402093 f i  CIL library: CIL module
 0001:00001093       ??_GRDataArchiver_OsDir@stdio@media@modules@UModSys@@UAEPAXI@Z 00402093 f i umodsys_lib_libmedia:umodsys.mod.media.stdio.obj
 0001:000010e7       ??1ILibObject@libmedia@UModSys@@UAE@XZ 004020e7 f i umodsys_lib_libmedia:umodsys.mod.media.stdio.obj
 0001:0000111e       ?get_generated_names@RGenerator@stdio@media@modules@UModSys@@UBEHAAUSUniquePtrList@core@5@@Z 0040211e f i umodsys_lib_libmedia:umodsys.mod.media.stdio.obj
 0001:0000114e       ?get_generated_types@RGenerator@stdio@media@modules@UModSys@@UBEHAAUSUniquePtrList@core@5@PBUSUniquePointerInfo@75@@Z 0040214e f i umodsys_lib_libmedia:umodsys.mod.media.stdio.obj
 0001:000011c1       ?generate@RGenerator@stdio@media@modules@UModSys@@UAE_NAAU?$TRefObject@UIRefObject@core@UModSys@@U?$TRefObjectFunc@UIRefObject@core@UModSys@@@tl@3@@tl@5@PBUSUniquePointerInfo@core@5@ABUSParameters@95@@Z 004021c1 f i umodsys_lib_libmedia:umodsys.mod.media.stdio.obj
 0001:00001228       ?root_get_interface_info@RGenerator@stdio@media@modules@UModSys@@UBEABUSUniquePointerInfo@core@5@XZ 00402228 f i umodsys_lib_libmedia:umodsys.mod.media.stdio.obj
 0001:0000122e       ?root_get_interface_type@RGenerator@stdio@media@modules@UModSys@@UBEPBUSUniquePointerInfo@core@5@XZ 0040222e f i umodsys_lib_libmedia:umodsys.mod.media.stdio.obj
 0001:00001234       ?root_get_other_interface@RGenerator@stdio@media@modules@UModSys@@UAEPAUIRoot@core@5@PBUSUniquePointerInfo@75@@Z 00402234 f i umodsys_lib_libmedia:umodsys.mod.media.stdio.obj
 0001:00001234       ?root_get_other_interface@RGenerator@stdio@media@modules@UModSys@@UBEPBUIRoot@core@5@PBUSUniquePointerInfo@75@@Z 00402234 f i umodsys_lib_libmedia:umodsys.mod.media.stdio.obj
 0001:0000125d       ?root_is_interface_supported@RGenerator@stdio@media@modules@UModSys@@UBE_NPBUSUniquePointerInfo@core@5@@Z 0040225d f i umodsys_lib_libmedia:umodsys.mod.media.stdio.obj
 0001:0000127c       ?get_uid@RGenerator@stdio@media@modules@UModSys@@UBEPBUSUniquePointerInfo@core@5@XZ 0040227c f i umodsys_lib_libmedia:umodsys.mod.media.stdio.obj
 0001:00001282       ?do_open@RModuleReg@stdio@media@modules@UModSys@@UAE_NXZ 00402282 f i umodsys_lib_libmedia:umodsys.mod.media.stdio.obj
 0001:000012d0       ?do_close@RModuleReg@stdio@media@modules@UModSys@@UAE_NXZ 004022d0 f i umodsys_lib_libmedia:umodsys.mod.media.stdio.obj
 0001:0000130b       ?get_module@RGenerator@stdio@media@modules@UModSys@@UBEPAUIModule@base@5@XZ 0040230b f   umodsys_lib_libmedia:umodsys.mod.media.stdio.obj
 0001:00001311       ?mod_inc@RGenerator@stdio@media@modules@UModSys@@UBE_NXZ 00402311 f   umodsys_lib_libmedia:umodsys.mod.media.stdio.obj
 0001:0000131c       ?mod_dec@RGenerator@stdio@media@modules@UModSys@@UBE_NXZ 0040231c f   umodsys_lib_libmedia:umodsys.mod.media.stdio.obj
 0001:00001327       ?s_holder@RGenerator@stdio@media@modules@UModSys@@SAAAU?$TTypeStaticHolder@URGenerator@stdio@media@modules@UModSys@@@tl@5@XZ 00402327 f   umodsys_lib_libmedia:umodsys.mod.media.stdio.obj
 0001:00001359       ??0?$TString@U?$TSCoreShared@USIMemAlloc@core@UModSys@@D@su@tl@UModSys@@U?$TComparerBinaryHash@D@234@@tl@UModSys@@QAE@XZ 00402359 f i umodsys_lib_libmedia:umodsys.mod.media.stdio.obj
 0001:0000136f       ??_ERGenerator@stdlib@media@modules@UModSys@@UAEPAXI@Z 0040236f f i  CIL library: CIL module
 0001:0000136f       ??_GRParameters@rsystem@base@UModSys@@UAEPAXI@Z 0040236f f i umodsys_lib_basesys:umodsys.basesys.rparameters.obj
 0001:0000136f       ??_GRGenerator@stdio@media@modules@UModSys@@UAEPAXI@Z 0040236f f i umodsys_lib_libmedia:umodsys.mod.media.stdio.obj
 0001:0000136f       ??_GIRoot@core@UModSys@@UAEPAXI@Z 0040236f f i umodsys_lib_libmedia:umodsys.mod.media.stdio.obj
 0001:0000136f       ??_ERParameters@rsystem@base@UModSys@@UAEPAXI@Z 0040236f f i  CIL library: CIL module
 0001:0000136f       ??_EIRoot@core@UModSys@@UAEPAXI@Z 0040236f f i  CIL library: CIL module
 0001:0000136f       ??_ERGenerator@stdio@media@modules@UModSys@@UAEPAXI@Z 0040236f f i  CIL library: CIL module
 0001:0000136f       ??_GRGenerator@stdlib@media@modules@UModSys@@UAEPAXI@Z 0040236f f i umodsys_lib_libmedia:umodsys.mod.media.stdlib.obj
 0001:0000138c       ?set@?$TSCoreShared@USIMemAlloc@core@UModSys@@D@su@tl@UModSys@@QAEXPBD@Z 0040238c f i umodsys_lib_libmedia:umodsys.mod.media.stdio.obj
 0001:000013b1       ?info_release@?$TSCoreShared@USIMemAlloc@core@UModSys@@D@su@tl@UModSys@@QAEXXZ 004023b1 f i umodsys_lib_libmedia:umodsys.mod.media.stdio.obj
 0001:000013ea       ?info_new@?$TSCoreShared@USIMemAlloc@core@UModSys@@D@su@tl@UModSys@@QAE_NPBDI@Z 004023ea f i umodsys_lib_libmedia:umodsys.mod.media.stdio.obj
 0001:0000144e       ?get_null@?$TSCoreShared@USIMemAlloc@core@UModSys@@D@su@tl@UModSys@@SAPAU?$TSharedStringInfo@DUSIMemAlloc@core@UModSys@@@234@XZ 0040244e f i umodsys_lib_libmedia:umodsys.mod.media.stdio.obj
 0001:00001486       ??$ValidateConstruction@UIStreamReader@libmedia@UModSys@@URStreamReader_FILE@stdio@media@modules@3@@core@UModSys@@YA_NAAU?$TRefObject@UIStreamReader@libmedia@UModSys@@U?$TRefObjectFunc@UIStreamReader@libmedia@UModSys@@@tl@3@@tl@1@PAURStreamReader_FILE@stdio@media@modules@1@@Z 00402486 f i umodsys_lib_libmedia:umodsys.mod.media.stdio.obj
 0001:000014d8       ??$yes@U?$TFlags4StateShift@USMediaFlagUid@libmedia@UModSys@@I$09@tl@UModSys@@@SFlags@libmedia@UModSys@@QBE_NPBUIResolverAuto@012@@Z 004024d8 f i umodsys_lib_libmedia:umodsys.mod.media.stdio.obj
 0001:00001529       ??$ValidateConstruction@UIStreamWriter@libmedia@UModSys@@URStreamWriter_FILE@stdio@media@modules@3@@core@UModSys@@YA_NAAU?$TRefObject@UIStreamWriter@libmedia@UModSys@@U?$TRefObjectFunc@UIStreamWriter@libmedia@UModSys@@@tl@3@@tl@1@PAURStreamWriter_FILE@stdio@media@modules@1@@Z 00402529 f i umodsys_lib_libmedia:umodsys.mod.media.stdio.obj
 0001:00001583       ??$t_gen_param@URStreamReader_FILE@stdio@media@modules@UModSys@@URGenerator@2345@@IGenerator@base@UModSys@@IAE_NPAURGenerator@stdio@media@modules@2@AAU?$TRefObject@UIRefObject@core@UModSys@@U?$TRefObjectFunc@UIRefObject@core@UModSys@@@tl@3@@tl@2@PBUSUniquePointerInfo@core@2@ABUSParameters@core@2@@Z 00402583 f i umodsys_lib_libmedia:umodsys.mod.media.stdio.obj
 0001:0000160e       ??$t_gen_param@URStreamWriter_FILE@stdio@media@modules@UModSys@@URGenerator@2345@@IGenerator@base@UModSys@@IAE_NPAURGenerator@stdio@media@modules@2@AAU?$TRefObject@UIRefObject@core@UModSys@@U?$TRefObjectFunc@UIRefObject@core@UModSys@@@tl@3@@tl@2@PBUSUniquePointerInfo@core@2@ABUSParameters@core@2@@Z 0040260e f i umodsys_lib_libmedia:umodsys.mod.media.stdio.obj
 0001:00001699       ??$t_gen_param@URDataArchiver_OsDir@stdio@media@modules@UModSys@@URGenerator@2345@@IGenerator@base@UModSys@@IAE_NPAURGenerator@stdio@media@modules@2@AAU?$TRefObject@UIRefObject@core@UModSys@@U?$TRefObjectFunc@UIRefObject@core@UModSys@@@tl@3@@tl@2@PBUSUniquePointerInfo@core@2@ABUSParameters@core@2@@Z 00402699 f i umodsys_lib_libmedia:umodsys.mod.media.stdio.obj
 0001:00001714       ??1?$TRefObject@UIModObject@base@UModSys@@U?$TModObjectFunc@UIModObject@base@UModSys@@@tl@3@@tl@UModSys@@QAE@XZ 00402714 f i umodsys_lib_libmedia:umodsys.mod.media.stdio.obj
 0001:0000172a       ?s_init@?$TModObjectFunc@UIModObject@base@UModSys@@@tl@UModSys@@SAXAAPAUIModObject@base@3@PAU453@@Z 0040272a f i umodsys_lib_libmedia:umodsys.mod.media.stdio.obj
 0001:00001743       ??4?$TRefObject@UIStreamReader@libmedia@UModSys@@U?$TRefObjectFunc@UIStreamReader@libmedia@UModSys@@@tl@3@@tl@UModSys@@QAEABU012@PAUIStreamReader@libmedia@2@@Z 00402743 f i umodsys_lib_libmedia:umodsys.mod.media.stdio.obj
 0001:00001743       ??4?$TRefObject@UIRefObject@core@UModSys@@U?$TRefObjectFunc@UIRefObject@core@UModSys@@@tl@3@@tl@UModSys@@QAEABU012@PAUIRefObject@core@2@@Z 00402743 f i umodsys_lib_libmedia:umodsys.mod.media.stdio.obj
 0001:0000175e       ?new_data@SMemorySharedData@core@UModSys@@SAPAU123@IPBUSSourceContext@23@@Z 0040275e f i umodsys_lib_libmedia:umodsys.mod.media.stdlib.obj
 0001:00001782       ??1SCMemShared@core@UModSys@@QAE@XZ 00402782 f i umodsys_lib_libmedia:umodsys.mod.media.stdlib.obj
 0001:00001782       ??1SInfo@IBinObjFilter@libmedia@UModSys@@QAE@XZ 00402782 f i umodsys_lib_libmedia:umodsys.mod.media.stdlib.obj
 0001:00001782       ??1SMemShared@core@UModSys@@QAE@XZ 00402782 f i umodsys_lib_libmedia:umodsys.mod.media.stdio.obj
 0001:0000178c       ??$seq@D@su@tl@UModSys@@YA_NPBD0I@Z 0040278c f i umodsys_lib_libmedia:umodsys.mod.media.stdlib.obj
 0001:000017a7       ??1SFileInfo@libmedia@UModSys@@QAE@XZ 004027a7 f i umodsys_lib_libmedia:umodsys.mod.media.stdlib.obj
 0001:000017f4       ?get_flag@RResolverChain@SFlagsChain@libmedia@UModSys@@UBE?AW4eStates@?$TFlags4State@USMediaFlagUid@libmedia@UModSys@@I@tl@4@H@Z 004027f4 f i umodsys_lib_libmedia:umodsys.mod.media.stdlib.obj
 0001:0000181a       ?bin_reader@ILibrary@libmedia@UModSys@@QAE?AU?$TRefObject@UIStreamReader@libmedia@UModSys@@U?$TRefObjectFunc@UIStreamReader@libmedia@UModSys@@@tl@3@@tl@3@ABU?$TString@U?$TSCoreConst@D@su@tl@UModSys@@U?$TComparerBinaryHash@D@234@@53@ABU?$TFlags4State@USMediaFlagUid@libmedia@UModSys@@I@53@@Z 0040281a f i umodsys_lib_libmedia:umodsys.mod.media.stdlib.obj
 0001:00001849       ?bin_writer@ILibrary@libmedia@UModSys@@QAE?AU?$TRefObject@UIStreamWriter@libmedia@UModSys@@U?$TRefObjectFunc@UIStreamWriter@libmedia@UModSys@@@tl@3@@tl@3@ABU?$TString@U?$TSCoreConst@D@su@tl@UModSys@@U?$TComparerBinaryHash@D@234@@53@ABU?$TFlags4State@USMediaFlagUid@libmedia@UModSys@@I@53@@Z 00402849 f i umodsys_lib_libmedia:umodsys.mod.media.stdlib.obj
 0001:00001878       ?_root_get_other_interface@ILibrary@libmedia@UModSys@@IBEPBUIRoot@core@3@PBUSUniquePointerInfo@53@@Z 00402878 f i umodsys_lib_libmedia:umodsys.mod.media.stdlib.obj
 0001:00001878       ?_root_get_other_interface@ILibrary@libmedia@UModSys@@IAEPAUIRoot@core@3@PBUSUniquePointerInfo@53@@Z 00402878 f i umodsys_lib_libmedia:umodsys.mod.media.stdlib.obj
 0001:00001894       ?_root_get_interface_types@ILibrary@libmedia@UModSys@@SAIAAUSUniquePtrList@core@3@@Z 00402894 f i umodsys_lib_libmedia:umodsys.mod.media.stdlib.obj
 0001:000018b6       ?_root_is_interface_supported@ILibrary@libmedia@UModSys@@SA_NPBUSUniquePointerInfo@core@3@@Z 004028b6 f i umodsys_lib_libmedia:umodsys.mod.media.stdlib.obj
 0001:000018d6       ??1SLayer@ILibraryLayered@libmedia@UModSys@@QAE@XZ 004028d6 f i umodsys_lib_libmedia:umodsys.mod.media.stdlib.obj
 0001:000018d6       ??1SPoint@ILibraryBinTree@libmedia@UModSys@@QAE@XZ 004028d6 f i umodsys_lib_libmedia:umodsys.mod.media.stdlib.obj
 0001:000018e7       ?setname@NameNode@IBinArchiveFrame@libmedia@UModSys@@QAEXPAXHABU?$TString@U?$TSCoreConst@D@su@tl@UModSys@@U?$TComparerBinaryHash@D@234@@tl@4@@Z 004028e7 f i umodsys_lib_libmedia:umodsys.mod.media.stdlib.obj
 0001:0000192f       ?setname@NameNode@IBinArchiveFrame@libmedia@UModSys@@QAEXPAXHABU?$TString@U?$TSCoreConst@D@su@tl@UModSys@@U?$TComparerUtfNocaseHash@D@234@@tl@4@@Z 0040292f f i umodsys_lib_libmedia:umodsys.mod.media.stdlib.obj
 0001:0000197f       ??RNameNodeCmpC@IBinArchiveFrame@libmedia@UModSys@@QBEHPBUNameNode@123@@Z 0040297f f i umodsys_lib_libmedia:umodsys.mod.media.stdlib.obj
 0001:000019a9       ??RNameNodeCmpUC@IBinArchiveFrame@libmedia@UModSys@@QBEHPBUNameNode@123@@Z 004029a9 f i umodsys_lib_libmedia:umodsys.mod.media.stdlib.obj
 0001:00001a04       ?root_get_interface_info@RUtilities@stdlib@media@modules@UModSys@@UBEABUSUniquePointerInfo@core@5@XZ 00402a04 f i umodsys_lib_libmedia:umodsys.mod.media.stdlib.obj
 0001:00001a0a       ?root_get_interface_type@RUtilities@stdlib@media@modules@UModSys@@UBEPBUSUniquePointerInfo@core@5@XZ 00402a0a f i umodsys_lib_libmedia:umodsys.mod.media.stdlib.obj
 0001:00001a10       ?root_get_interface_types@RParameters@rsystem@base@UModSys@@UBEIAAUSUniquePtrList@core@4@@Z 00402a10 f i umodsys_lib_basesys:umodsys.basesys.rparameters.obj
 0001:00001a10       ?root_get_interface_types@RLibraryObjFilter@stdlib@media@modules@UModSys@@UBEIAAUSUniquePtrList@core@5@@Z 00402a10 f i umodsys_lib_libmedia:umodsys.mod.media.stdlib.obj
 0001:00001a10       ?root_get_interface_types@RUtilities@stdlib@media@modules@UModSys@@UBEIAAUSUniquePtrList@core@5@@Z 00402a10 f i umodsys_lib_libmedia:umodsys.mod.media.stdlib.obj
 0001:00001a10       ?root_get_interface_types@RSystem@rsystem@base@UModSys@@UBEIAAUSUniquePtrList@core@4@@Z 00402a10 f i umodsys_lib_basesys:umodsys.basesys.rsystem_main.obj
 0001:00001a10       ?root_get_interface_types@RGenerator@stdlib@media@modules@UModSys@@UBEIAAUSUniquePtrList@core@5@@Z 00402a10 f i umodsys_lib_libmedia:umodsys.mod.media.stdlib.obj
 0001:00001a10       ?root_get_interface_types@RBinArchiveFrame@stdlib@media@modules@UModSys@@UBEIAAUSUniquePtrList@core@5@@Z 00402a10 f i umodsys_lib_libmedia:umodsys.mod.media.stdlib.obj
 0001:00001a10       ?root_get_interface_types@RModuleLibraryThis@rsystem@base@UModSys@@UBEIAAUSUniquePtrList@core@4@@Z 00402a10 f i umodsys_lib_basesys:umodsys.basesys.rmodulelibthis.obj
 0001:00001a10       ?root_get_interface_types@RDataArchiver_OsDir@stdio@media@modules@UModSys@@UBEIAAUSUniquePtrList@core@5@@Z 00402a10 f i umodsys_lib_libmedia:umodsys.mod.media.stdio.obj
 0001:00001a10       ?root_get_interface_types@RModule@rsystem@base@UModSys@@UBEIAAUSUniquePtrList@core@4@@Z 00402a10 f i umodsys_lib_basesys:umodsys.basesys.rmodule.obj
 0001:00001a10       ?root_get_interface_types@RStreamReader_FILE@stdio@media@modules@UModSys@@UBEIAAUSUniquePtrList@core@5@@Z 00402a10 f i umodsys_lib_libmedia:umodsys.mod.media.stdio.obj
 0001:00001a10       ?root_get_interface_types@RLibraryObjCache@stdlib@media@modules@UModSys@@UBEIAAUSUniquePtrList@core@5@@Z 00402a10 f i umodsys_lib_libmedia:umodsys.mod.media.stdlib.obj
 0001:00001a10       ?root_get_interface_types@RLibraryBinTree@stdlib@media@modules@UModSys@@UBEIAAUSUniquePtrList@core@5@@Z 00402a10 f i umodsys_lib_libmedia:umodsys.mod.media.stdlib.obj
 0001:00001a10       ?root_get_interface_types@RLibraryLayered@stdlib@media@modules@UModSys@@UBEIAAUSUniquePtrList@core@5@@Z 00402a10 f i umodsys_lib_libmedia:umodsys.mod.media.stdlib.obj
 0001:00001a10       ?root_get_interface_types@RLibraryBinCache@stdlib@media@modules@UModSys@@UBEIAAUSUniquePtrList@core@5@@Z 00402a10 f i umodsys_lib_libmedia:umodsys.mod.media.stdlib.obj
 0001:00001a10       ?root_get_interface_types@RGenerator@stdio@media@modules@UModSys@@UBEIAAUSUniquePtrList@core@5@@Z 00402a10 f i umodsys_lib_libmedia:umodsys.mod.media.stdio.obj
 0001:00001a10       ?root_get_interface_types@RModuleLibrarySO@rsystem@base@UModSys@@UBEIAAUSUniquePtrList@core@4@@Z 00402a10 f i umodsys_lib_basesys:umodsys.basesys.rmodulelibso.obj
 0001:00001a10       ?root_get_interface_types@RStreamWriter_FILE@stdio@media@modules@UModSys@@UBEIAAUSUniquePtrList@core@5@@Z 00402a10 f i umodsys_lib_libmedia:umodsys.mod.media.stdio.obj
 0001:00001a10       ?root_get_interface_types@RConsole_std@rsystem@base@UModSys@@UBEIAAUSUniquePtrList@core@4@@Z 00402a10 f i umodsys_lib_basesys:umodsys.basesys.rconsole_std.obj
 0001:00001a15       ?root_get_other_interface@RUtilities@stdlib@media@modules@UModSys@@UBEPBUIRoot@core@5@PBUSUniquePointerInfo@75@@Z 00402a15 f i umodsys_lib_libmedia:umodsys.mod.media.stdlib.obj
 0001:00001a15       ?root_get_other_interface@RUtilities@stdlib@media@modules@UModSys@@UAEPAUIRoot@core@5@PBUSUniquePointerInfo@75@@Z 00402a15 f i umodsys_lib_libmedia:umodsys.mod.media.stdlib.obj
 0001:00001a36       ?root_is_interface_supported@RUtilities@stdlib@media@modules@UModSys@@UBE_NPBUSUniquePointerInfo@core@5@@Z 00402a36 f i umodsys_lib_libmedia:umodsys.mod.media.stdlib.obj
 0001:00001a5d       ?ref_weak@RGenerator@stdio@media@modules@UModSys@@UBE_NAAUWeakPointer@IRefObject@core@5@@Z 00402a5d f i umodsys_lib_libmedia:umodsys.mod.media.stdio.obj
 0001:00001a5d       ?ref_weak@RUtilities@stdlib@media@modules@UModSys@@UBE_NAAUWeakPointer@IRefObject@core@5@@Z 00402a5d f i umodsys_lib_libmedia:umodsys.mod.media.stdlib.obj
 0001:00001a5d       ?ref_weak@RStreamReader_FILE@stdio@media@modules@UModSys@@UBE_NAAUWeakPointer@IRefObject@core@5@@Z 00402a5d f i umodsys_lib_libmedia:umodsys.mod.media.stdio.obj
 0001:00001a5d       ?ref_weak@RStreamWriter_FILE@stdio@media@modules@UModSys@@UBE_NAAUWeakPointer@IRefObject@core@5@@Z 00402a5d f i umodsys_lib_libmedia:umodsys.mod.media.stdio.obj
 0001:00001a5d       ?ref_weak@RGenerator@stdlib@media@modules@UModSys@@UBE_NAAUWeakPointer@IRefObject@core@5@@Z 00402a5d f i umodsys_lib_libmedia:umodsys.mod.media.stdlib.obj
 0001:00001a7c       ?suicide@RStreamWriter_FILE@stdio@media@modules@UModSys@@UAEXXZ 00402a7c f i umodsys_lib_libmedia:umodsys.mod.media.stdio.obj
 0001:00001a7c       ?suicide@RStreamReader_FILE@stdio@media@modules@UModSys@@UAEXXZ 00402a7c f i umodsys_lib_libmedia:umodsys.mod.media.stdio.obj
 0001:00001a7c       ?suicide@RUtilities@stdlib@media@modules@UModSys@@UAEXXZ 00402a7c f i umodsys_lib_libmedia:umodsys.mod.media.stdlib.obj
 0001:00001ab9       ?root_get_interface_info@RBinArchiveFrame@stdlib@media@modules@UModSys@@UBEABUSUniquePointerInfo@core@5@XZ 00402ab9 f i umodsys_lib_libmedia:umodsys.mod.media.stdlib.obj
 0001:00001abf       ?root_get_interface_type@RBinArchiveFrame@stdlib@media@modules@UModSys@@UBEPBUSUniquePointerInfo@core@5@XZ 00402abf f i umodsys_lib_libmedia:umodsys.mod.media.stdlib.obj
 0001:00001ac5       ?root_get_other_interface@RBinArchiveFrame@stdlib@media@modules@UModSys@@UBEPBUIRoot@core@5@PBUSUniquePointerInfo@75@@Z 00402ac5 f i umodsys_lib_libmedia:umodsys.mod.media.stdlib.obj
 0001:00001ac5       ?root_get_other_interface@RBinArchiveFrame@stdlib@media@modules@UModSys@@UAEPAUIRoot@core@5@PBUSUniquePointerInfo@75@@Z 00402ac5 f i umodsys_lib_libmedia:umodsys.mod.media.stdlib.obj
 0001:00001af6       ?root_is_interface_supported@RBinArchiveFrame@stdlib@media@modules@UModSys@@UBE_NPBUSUniquePointerInfo@core@5@@Z 00402af6 f i umodsys_lib_libmedia:umodsys.mod.media.stdlib.obj
 0001:00001b1d       ?ref_add@RBinArchiveFrame@stdlib@media@modules@UModSys@@UBEXXZ 00402b1d f i umodsys_lib_libmedia:umodsys.mod.media.stdlib.obj
 0001:00001b21       ?ref_remove@RBinArchiveFrame@stdlib@media@modules@UModSys@@UBEXXZ 00402b21 f i umodsys_lib_libmedia:umodsys.mod.media.stdlib.obj
 0001:00001b2c       ?ref_links@RBinArchiveFrame@stdlib@media@modules@UModSys@@UBEHXZ 00402b2c f i umodsys_lib_libmedia:umodsys.mod.media.stdlib.obj
 0001:00001b30       ?ref_weak@RBinArchiveFrame@stdlib@media@modules@UModSys@@UBE_NAAUWeakPointer@IRefObject@core@5@@Z 00402b30 f i umodsys_lib_libmedia:umodsys.mod.media.stdlib.obj
 0001:00001b4f       ?suicide@RBinArchiveFrame@stdlib@media@modules@UModSys@@UAEXXZ 00402b4f f i umodsys_lib_libmedia:umodsys.mod.media.stdlib.obj
 0001:00001b8c       ?root_get_interface_info@RLibraryBinTree@stdlib@media@modules@UModSys@@UBEABUSUniquePointerInfo@core@5@XZ 00402b8c f i umodsys_lib_libmedia:umodsys.mod.media.stdlib.obj
 0001:00001b92       ?root_get_interface_type@RLibraryBinTree@stdlib@media@modules@UModSys@@UBEPBUSUniquePointerInfo@core@5@XZ 00402b92 f i umodsys_lib_libmedia:umodsys.mod.media.stdlib.obj
 0001:00001b98       ?root_get_other_interface@RLibraryBinTree@stdlib@media@modules@UModSys@@UBEPBUIRoot@core@5@PBUSUniquePointerInfo@75@@Z 00402b98 f i umodsys_lib_libmedia:umodsys.mod.media.stdlib.obj
 0001:00001b98       ?root_get_other_interface@RLibraryBinTree@stdlib@media@modules@UModSys@@UAEPAUIRoot@core@5@PBUSUniquePointerInfo@75@@Z 00402b98 f i umodsys_lib_libmedia:umodsys.mod.media.stdlib.obj
 0001:00001bb9       ?root_is_interface_supported@RLibraryBinTree@stdlib@media@modules@UModSys@@UBE_NPBUSUniquePointerInfo@core@5@@Z 00402bb9 f i umodsys_lib_libmedia:umodsys.mod.media.stdlib.obj
 0001:00001be0       ?suicide@RLibraryObjFilter@stdlib@media@modules@UModSys@@UAEXXZ 00402be0 f i umodsys_lib_libmedia:umodsys.mod.media.stdlib.obj
 0001:00001be0       ?suicide@RLibraryObjCache@stdlib@media@modules@UModSys@@UAEXXZ 00402be0 f i umodsys_lib_libmedia:umodsys.mod.media.stdlib.obj
 0001:00001be0       ?suicide@RLibraryBinCache@stdlib@media@modules@UModSys@@UAEXXZ 00402be0 f i umodsys_lib_libmedia:umodsys.mod.media.stdlib.obj
 0001:00001be0       ?suicide@RDataArchiver_OsDir@stdio@media@modules@UModSys@@UAEXXZ 00402be0 f i umodsys_lib_libmedia:umodsys.mod.media.stdio.obj
 0001:00001be0       ?suicide@RLibraryLayered@stdlib@media@modules@UModSys@@UAEXXZ 00402be0 f i umodsys_lib_libmedia:umodsys.mod.media.stdlib.obj
 0001:00001be0       ?suicide@RLibraryBinTree@stdlib@media@modules@UModSys@@UAEXXZ 00402be0 f i umodsys_lib_libmedia:umodsys.mod.media.stdlib.obj
 0001:00001c1d       ?root_get_interface_info@RLibraryBinCache@stdlib@media@modules@UModSys@@UBEABUSUniquePointerInfo@core@5@XZ 00402c1d f i umodsys_lib_libmedia:umodsys.mod.media.stdlib.obj
 0001:00001c23       ?root_get_interface_type@RLibraryBinCache@stdlib@media@modules@UModSys@@UBEPBUSUniquePointerInfo@core@5@XZ 00402c23 f i umodsys_lib_libmedia:umodsys.mod.media.stdlib.obj
 0001:00001c29       ?root_get_other_interface@RLibraryBinCache@stdlib@media@modules@UModSys@@UAEPAUIRoot@core@5@PBUSUniquePointerInfo@75@@Z 00402c29 f i umodsys_lib_libmedia:umodsys.mod.media.stdlib.obj
 0001:00001c29       ?root_get_other_interface@RLibraryBinCache@stdlib@media@modules@UModSys@@UBEPBUIRoot@core@5@PBUSUniquePointerInfo@75@@Z 00402c29 f i umodsys_lib_libmedia:umodsys.mod.media.stdlib.obj
 0001:00001c4a       ?root_is_interface_supported@RLibraryBinCache@stdlib@media@modules@UModSys@@UBE_NPBUSUniquePointerInfo@core@5@@Z 00402c4a f i umodsys_lib_libmedia:umodsys.mod.media.stdlib.obj
 0001:00001c71       ?ref_add@RLibraryLayered@stdlib@media@modules@UModSys@@UBEXXZ 00402c71 f i umodsys_lib_libmedia:umodsys.mod.media.stdlib.obj
 0001:00001c71       ?ref_add@RParameters@rsystem@base@UModSys@@UBEXXZ 00402c71 f i umodsys_lib_basesys:umodsys.basesys.rparameters.obj
 0001:00001c71       ?ref_add@RDataArchiver_OsDir@stdio@media@modules@UModSys@@UBEXXZ 00402c71 f i umodsys_lib_libmedia:umodsys.mod.media.stdio.obj
 0001:00001c71       ?ref_add@RLibraryObjCache@stdlib@media@modules@UModSys@@UBEXXZ 00402c71 f i umodsys_lib_libmedia:umodsys.mod.media.stdlib.obj
 0001:00001c71       ?ref_add@RLibraryObjFilter@stdlib@media@modules@UModSys@@UBEXXZ 00402c71 f i umodsys_lib_libmedia:umodsys.mod.media.stdlib.obj
 0001:00001c71       ?ref_add@RLibraryBinCache@stdlib@media@modules@UModSys@@UBEXXZ 00402c71 f i umodsys_lib_libmedia:umodsys.mod.media.stdlib.obj
 0001:00001c71       ?ref_add@RLibraryBinTree@stdlib@media@modules@UModSys@@UBEXXZ 00402c71 f i umodsys_lib_libmedia:umodsys.mod.media.stdlib.obj
 0001:00001c75       ?root_get_interface_info@RLibraryLayered@stdlib@media@modules@UModSys@@UBEABUSUniquePointerInfo@core@5@XZ 00402c75 f i umodsys_lib_libmedia:umodsys.mod.media.stdlib.obj
 0001:00001c7b       ?root_get_interface_type@RLibraryLayered@stdlib@media@modules@UModSys@@UBEPBUSUniquePointerInfo@core@5@XZ 00402c7b f i umodsys_lib_libmedia:umodsys.mod.media.stdlib.obj
 0001:00001c81       ?root_get_other_interface@RLibraryLayered@stdlib@media@modules@UModSys@@UAEPAUIRoot@core@5@PBUSUniquePointerInfo@75@@Z 00402c81 f i umodsys_lib_libmedia:umodsys.mod.media.stdlib.obj
 0001:00001c81       ?root_get_other_interface@RLibraryLayered@stdlib@media@modules@UModSys@@UBEPBUIRoot@core@5@PBUSUniquePointerInfo@75@@Z 00402c81 f i umodsys_lib_libmedia:umodsys.mod.media.stdlib.obj
 0001:00001ca2       ?root_is_interface_supported@RLibraryLayered@stdlib@media@modules@UModSys@@UBE_NPBUSUniquePointerInfo@core@5@@Z 00402ca2 f i umodsys_lib_libmedia:umodsys.mod.media.stdlib.obj
 0001:00001cc9       ?get_console@RSystem@rsystem@base@UModSys@@UAEPAUIConsole@34@XZ 00402cc9 f i umodsys_lib_basesys:umodsys.basesys.rsystem.obj
 0001:00001cc9       ?ref_links@RLibraryLayered@stdlib@media@modules@UModSys@@UBEHXZ 00402cc9 f i umodsys_lib_libmedia:umodsys.mod.media.stdlib.obj
 0001:00001cc9       ?ref_links@RLibraryObjCache@stdlib@media@modules@UModSys@@UBEHXZ 00402cc9 f i umodsys_lib_libmedia:umodsys.mod.media.stdlib.obj
 0001:00001cc9       ?ref_links@RLibraryBinCache@stdlib@media@modules@UModSys@@UBEHXZ 00402cc9 f i umodsys_lib_libmedia:umodsys.mod.media.stdlib.obj
 0001:00001cc9       ?ref_links@RLibraryBinTree@stdlib@media@modules@UModSys@@UBEHXZ 00402cc9 f i umodsys_lib_libmedia:umodsys.mod.media.stdlib.obj
 0001:00001cc9       ?ref_links@RDataArchiver_OsDir@stdio@media@modules@UModSys@@UBEHXZ 00402cc9 f i umodsys_lib_libmedia:umodsys.mod.media.stdio.obj
 0001:00001cc9       ?ref_links@RLibraryObjFilter@stdlib@media@modules@UModSys@@UBEHXZ 00402cc9 f i umodsys_lib_libmedia:umodsys.mod.media.stdlib.obj
 0001:00001cc9       ?ref_links@RParameters@rsystem@base@UModSys@@UBEHXZ 00402cc9 f i umodsys_lib_basesys:umodsys.basesys.rparameters.obj
 0001:00001ccd       ??4SLayerX@RLibraryLayered@stdlib@media@modules@UModSys@@QAEXABUSLayer@ILibraryLayered@libmedia@5@@Z 00402ccd f i umodsys_lib_libmedia:umodsys.mod.media.stdlib.obj
 0001:00001d16       ?root_get_interface_info@RLibraryObjCache@stdlib@media@modules@UModSys@@UBEABUSUniquePointerInfo@core@5@XZ 00402d16 f i umodsys_lib_libmedia:umodsys.mod.media.stdlib.obj
 0001:00001d1c       ?root_get_interface_type@RLibraryObjCache@stdlib@media@modules@UModSys@@UBEPBUSUniquePointerInfo@core@5@XZ 00402d1c f i umodsys_lib_libmedia:umodsys.mod.media.stdlib.obj
 0001:00001d22       ?root_get_other_interface@RLibraryObjCache@stdlib@media@modules@UModSys@@UAEPAUIRoot@core@5@PBUSUniquePointerInfo@75@@Z 00402d22 f i umodsys_lib_libmedia:umodsys.mod.media.stdlib.obj
 0001:00001d22       ?root_get_other_interface@RLibraryObjCache@stdlib@media@modules@UModSys@@UBEPBUIRoot@core@5@PBUSUniquePointerInfo@75@@Z 00402d22 f i umodsys_lib_libmedia:umodsys.mod.media.stdlib.obj
 0001:00001d43       ?root_is_interface_supported@RLibraryObjCache@stdlib@media@modules@UModSys@@UBE_NPBUSUniquePointerInfo@core@5@@Z 00402d43 f i umodsys_lib_libmedia:umodsys.mod.media.stdlib.obj
 0001:00001d6a       ?ref_weak@RLibraryLayered@stdlib@media@modules@UModSys@@UBE_NAAUWeakPointer@IRefObject@core@5@@Z 00402d6a f i umodsys_lib_libmedia:umodsys.mod.media.stdlib.obj
 0001:00001d6a       ?ref_weak@RParameters@rsystem@base@UModSys@@UBE_NAAUWeakPointer@IRefObject@core@4@@Z 00402d6a f i umodsys_lib_basesys:umodsys.basesys.rparameters.obj
 0001:00001d6a       ?ref_weak@RLibraryBinCache@stdlib@media@modules@UModSys@@UBE_NAAUWeakPointer@IRefObject@core@5@@Z 00402d6a f i umodsys_lib_libmedia:umodsys.mod.media.stdlib.obj
 0001:00001d6a       ?ref_weak@RLibraryObjCache@stdlib@media@modules@UModSys@@UBE_NAAUWeakPointer@IRefObject@core@5@@Z 00402d6a f i umodsys_lib_libmedia:umodsys.mod.media.stdlib.obj
 0001:00001d6a       ?ref_weak@RLibraryBinTree@stdlib@media@modules@UModSys@@UBE_NAAUWeakPointer@IRefObject@core@5@@Z 00402d6a f i umodsys_lib_libmedia:umodsys.mod.media.stdlib.obj
 0001:00001d6a       ?ref_weak@RLibraryObjFilter@stdlib@media@modules@UModSys@@UBE_NAAUWeakPointer@IRefObject@core@5@@Z 00402d6a f i umodsys_lib_libmedia:umodsys.mod.media.stdlib.obj
 0001:00001d6a       ?ref_weak@RDataArchiver_OsDir@stdio@media@modules@UModSys@@UBE_NAAUWeakPointer@IRefObject@core@5@@Z 00402d6a f i umodsys_lib_libmedia:umodsys.mod.media.stdio.obj
 0001:00001d89       ?root_get_interface_info@RLibraryObjFilter@stdlib@media@modules@UModSys@@UBEABUSUniquePointerInfo@core@5@XZ 00402d89 f i umodsys_lib_libmedia:umodsys.mod.media.stdlib.obj
 0001:00001d8f       ?root_get_interface_type@RLibraryObjFilter@stdlib@media@modules@UModSys@@UBEPBUSUniquePointerInfo@core@5@XZ 00402d8f f i umodsys_lib_libmedia:umodsys.mod.media.stdlib.obj
 0001:00001d95       ?root_get_other_interface@RLibraryObjFilter@stdlib@media@modules@UModSys@@UAEPAUIRoot@core@5@PBUSUniquePointerInfo@75@@Z 00402d95 f i umodsys_lib_libmedia:umodsys.mod.media.stdlib.obj
 0001:00001d95       ?root_get_other_interface@RLibraryObjFilter@stdlib@media@modules@UModSys@@UBEPBUIRoot@core@5@PBUSUniquePointerInfo@75@@Z 00402d95 f i umodsys_lib_libmedia:umodsys.mod.media.stdlib.obj
 0001:00001db6       ?root_is_interface_supported@RLibraryObjFilter@stdlib@media@modules@UModSys@@UBE_NPBUSUniquePointerInfo@core@5@@Z 00402db6 f i umodsys_lib_libmedia:umodsys.mod.media.stdlib.obj
 0001:00001ddd       ?ref_remove@RLibraryObjFilter@stdlib@media@modules@UModSys@@UBEXXZ 00402ddd f i umodsys_lib_libmedia:umodsys.mod.media.stdlib.obj
 0001:00001ddd       ?ref_remove@RLibraryObjCache@stdlib@media@modules@UModSys@@UBEXXZ 00402ddd f i umodsys_lib_libmedia:umodsys.mod.media.stdlib.obj
 0001:00001ddd       ?ref_remove@RLibraryLayered@stdlib@media@modules@UModSys@@UBEXXZ 00402ddd f i umodsys_lib_libmedia:umodsys.mod.media.stdlib.obj
 0001:00001ddd       ?ref_remove@RDataArchiver_OsDir@stdio@media@modules@UModSys@@UBEXXZ 00402ddd f i umodsys_lib_libmedia:umodsys.mod.media.stdio.obj
 0001:00001ddd       ?ref_remove@RParameters@rsystem@base@UModSys@@UBEXXZ 00402ddd f i umodsys_lib_basesys:umodsys.basesys.rparameters.obj
 0001:00001ddd       ?ref_remove@RLibraryBinTree@stdlib@media@modules@UModSys@@UBEXXZ 00402ddd f i umodsys_lib_libmedia:umodsys.mod.media.stdlib.obj
 0001:00001ddd       ?ref_remove@RLibraryBinCache@stdlib@media@modules@UModSys@@UBEXXZ 00402ddd f i umodsys_lib_libmedia:umodsys.mod.media.stdlib.obj
 0001:00001de8       ?get_generated_names@RGenerator@stdlib@media@modules@UModSys@@UBEHAAUSUniquePtrList@core@5@@Z 00402de8 f i umodsys_lib_libmedia:umodsys.mod.media.stdlib.obj
 0001:00001e48       ?get_generated_types@RGenerator@stdlib@media@modules@UModSys@@UBEHAAUSUniquePtrList@core@5@PBUSUniquePointerInfo@75@@Z 00402e48 f i umodsys_lib_libmedia:umodsys.mod.media.stdlib.obj
 0001:00001f4e       ?generate@RGenerator@stdlib@media@modules@UModSys@@UAE_NAAU?$TRefObject@UIRefObject@core@UModSys@@U?$TRefObjectFunc@UIRefObject@core@UModSys@@@tl@3@@tl@5@PBUSUniquePointerInfo@core@5@ABUSParameters@95@@Z 00402f4e f i umodsys_lib_libmedia:umodsys.mod.media.stdlib.obj
 0001:0000202f       ?root_get_interface_info@RGenerator@stdlib@media@modules@UModSys@@UBEABUSUniquePointerInfo@core@5@XZ 0040302f f i umodsys_lib_libmedia:umodsys.mod.media.stdlib.obj
 0001:00002035       ?root_get_interface_type@RGenerator@stdlib@media@modules@UModSys@@UBEPBUSUniquePointerInfo@core@5@XZ 00403035 f i umodsys_lib_libmedia:umodsys.mod.media.stdlib.obj
 0001:0000203b       ?root_get_other_interface@RGenerator@stdlib@media@modules@UModSys@@UAEPAUIRoot@core@5@PBUSUniquePointerInfo@75@@Z 0040303b f i umodsys_lib_libmedia:umodsys.mod.media.stdlib.obj
 0001:0000203b       ?root_get_other_interface@RGenerator@stdlib@media@modules@UModSys@@UBEPBUIRoot@core@5@PBUSUniquePointerInfo@75@@Z 0040303b f i umodsys_lib_libmedia:umodsys.mod.media.stdlib.obj
 0001:00002064       ?root_is_interface_supported@RGenerator@stdlib@media@modules@UModSys@@UBE_NPBUSUniquePointerInfo@core@5@@Z 00403064 f i umodsys_lib_libmedia:umodsys.mod.media.stdlib.obj
 0001:00002083       ?get_uid@RGenerator@stdlib@media@modules@UModSys@@UBEPBUSUniquePointerInfo@core@5@XZ 00403083 f i umodsys_lib_libmedia:umodsys.mod.media.stdlib.obj
 0001:00002089       ?buffer_free@RUtilities@stdlib@media@modules@UModSys@@UAE_NAAUSBuffer@libmedia@5@PBUSSourceContext@core@5@@Z 00403089 f   umodsys_lib_libmedia:umodsys.mod.media.stdlib.obj
 0001:000020ca       ?buffer_alloc@RUtilities@stdlib@media@modules@UModSys@@UAE_NAAUSBuffer@libmedia@5@IPBUSSourceContext@core@5@@Z 004030ca f   umodsys_lib_libmedia:umodsys.mod.media.stdlib.obj
 0001:00002195       ?sub_reader@RUtilities@stdlib@media@modules@UModSys@@UAE?AU?$TRefObject@UIStreamReader@libmedia@UModSys@@U?$TRefObjectFunc@UIStreamReader@libmedia@UModSys@@@tl@3@@tl@5@PAUIStreamReader@libmedia@5@_J1@Z 00403195 f   umodsys_lib_libmedia:umodsys.mod.media.stdlib.obj
 0001:00002195       ?sub_writer@RUtilities@stdlib@media@modules@UModSys@@UAE?AU?$TRefObject@UIStreamWriter@libmedia@UModSys@@U?$TRefObjectFunc@UIStreamWriter@libmedia@UModSys@@@tl@3@@tl@5@PAUIStreamWriter@libmedia@5@_J1@Z 00403195 f   umodsys_lib_libmedia:umodsys.mod.media.stdlib.obj
 0001:000021a7       ?mem_reader@RUtilities@stdlib@media@modules@UModSys@@UAE?AU?$TRefObject@UIStreamReader@libmedia@UModSys@@U?$TRefObjectFunc@UIStreamReader@libmedia@UModSys@@@tl@3@@tl@5@ABUSCMem@core@5@@Z 004031a7 f   umodsys_lib_libmedia:umodsys.mod.media.stdlib.obj
 0001:000021a7       ?mem_reader@RUtilities@stdlib@media@modules@UModSys@@UAE?AU?$TRefObject@UIStreamReader@libmedia@UModSys@@U?$TRefObjectFunc@UIStreamReader@libmedia@UModSys@@@tl@3@@tl@5@ABUSCMemShared@core@5@@Z 004031a7 f   umodsys_lib_libmedia:umodsys.mod.media.stdlib.obj
 0001:000021b9       ?mem_writer@RUtilities@stdlib@media@modules@UModSys@@UAE?AU?$TRefObject@UIStreamWriter@libmedia@UModSys@@U?$TRefObjectFunc@UIStreamWriter@libmedia@UModSys@@@tl@3@@tl@5@PBUSMem@core@5@PAUIMemWriterCompleted@IUtilities@libmedia@5@PAUIRefObject@95@@Z 004031b9 f   umodsys_lib_libmedia:umodsys.mod.media.stdlib.obj
 0001:000021cb       ??0RUtilities@stdlib@media@modules@UModSys@@QAE@PAUIModObject@base@4@ABUSParameters@core@4@@Z 004031cb f   umodsys_lib_libmedia:umodsys.mod.media.stdlib.obj
 0001:00002225       ??_GRUtilities@stdlib@media@modules@UModSys@@UAEPAXI@Z 00403225 f i umodsys_lib_libmedia:umodsys.mod.media.stdlib.obj
 0001:00002225       ??_ERUtilities@stdlib@media@modules@UModSys@@UAEPAXI@Z 00403225 f i  CIL library: CIL module
 0001:00002252       ?get_flag@RBinArchiveFrame@stdlib@media@modules@UModSys@@UBE?AW4eStates@?$TFlags4State@USMediaFlagUid@libmedia@UModSys@@I@tl@5@H@Z 00403252 f   umodsys_lib_libmedia:umodsys.mod.media.stdlib.obj
 0001:00002265       ?get_flags_auto@RBinArchiveFrame@stdlib@media@modules@UModSys@@UBE?AU?$TFlags4State@USMediaFlagUid@libmedia@UModSys@@I@tl@5@XZ 00403265 f   umodsys_lib_libmedia:umodsys.mod.media.stdlib.obj
 0001:00002274       ?set_flag@RBinArchiveFrame@stdlib@media@modules@UModSys@@UAE?AW4eStates@?$TFlags4State@USMediaFlagUid@libmedia@UModSys@@I@tl@5@HW46785@@Z 00403274 f   umodsys_lib_libmedia:umodsys.mod.media.stdlib.obj
 0001:000022a1       ?data_reader@RBinArchiveFrame@stdlib@media@modules@UModSys@@UAE?AU?$TRefObject@UIStreamReader@libmedia@UModSys@@U?$TRefObjectFunc@UIStreamReader@libmedia@UModSys@@@tl@3@@tl@5@ABU?$TString@U?$TSCoreConst@D@su@tl@UModSys@@U?$TComparerBinaryHash@D@234@@75@ABUSFlags@libmedia@5@@Z 004032a1 f   umodsys_lib_libmedia:umodsys.mod.media.stdlib.obj
 0001:00002332       ?data_writer@RBinArchiveFrame@stdlib@media@modules@UModSys@@UAE?AU?$TRefObject@UIStreamWriter@libmedia@UModSys@@U?$TRefObjectFunc@UIStreamWriter@libmedia@UModSys@@@tl@3@@tl@5@ABU?$TString@U?$TSCoreConst@D@su@tl@UModSys@@U?$TComparerBinaryHash@D@234@@75@ABUSFlags@libmedia@5@@Z 00403332 f   umodsys_lib_libmedia:umodsys.mod.media.stdlib.obj
 0001:00002366       ?data_load@RBinArchiveFrame@stdlib@media@modules@UModSys@@UAE_NABU?$TString@U?$TSCoreConst@D@su@tl@UModSys@@U?$TComparerBinaryHash@D@234@@tl@5@AAUSCMemShared@core@5@ABUSFlags@libmedia@5@@Z 00403366 f   umodsys_lib_libmedia:umodsys.mod.media.stdlib.obj
 0001:00002396       ?data_save@RBinArchiveFrame@stdlib@media@modules@UModSys@@UAE_NABU?$TString@U?$TSCoreConst@D@su@tl@UModSys@@U?$TComparerBinaryHash@D@234@@tl@5@ABUSCMem@core@5@ABUSFlags@libmedia@5@@Z 00403396 f   umodsys_lib_libmedia:umodsys.mod.media.stdlib.obj
 0001:000023be       ?data_list@RBinArchiveFrame@stdlib@media@modules@UModSys@@UAE_NABU?$TString@U?$TSCoreConst@D@su@tl@UModSys@@U?$TComparerBinaryHash@D@234@@tl@5@IAAU?$TIStackSocket@USFileInfo@libmedia@UModSys@@@75@ABUSFlags@libmedia@5@@Z 004033be f   umodsys_lib_libmedia:umodsys.mod.media.stdlib.obj
 0001:00002506       ?data_info@RBinArchiveFrame@stdlib@media@modules@UModSys@@UAE_NABU?$TString@U?$TSCoreConst@D@su@tl@UModSys@@U?$TComparerBinaryHash@D@234@@tl@5@IAAUSFileInfo@libmedia@5@ABUSFlags@95@@Z 00403506 f   umodsys_lib_libmedia:umodsys.mod.media.stdlib.obj
 0001:000025c6       ?get_permissions@RBinArchiveFrame@stdlib@media@modules@UModSys@@UAEHXZ 004035c6 f   umodsys_lib_libmedia:umodsys.mod.media.stdlib.obj
 0001:000025d3       ?open@RBinArchiveFrame@stdlib@media@modules@UModSys@@UAE_NPAUIClient@IBinArchiveFrame@libmedia@5@PBUSParameters@core@5@@Z 004035d3 f   umodsys_lib_libmedia:umodsys.mod.media.stdlib.obj
 0001:0000287d       ?close@RBinArchiveFrame@stdlib@media@modules@UModSys@@UAE_NXZ 0040387d f   umodsys_lib_libmedia:umodsys.mod.media.stdlib.obj
 0001:000028f4       ?add_node_r@RBinArchiveFrame@stdlib@media@modules@UModSys@@UAEPAUNameNode@IBinArchiveFrame@libmedia@5@ABU?$TString@U?$TSCoreConst@D@su@tl@UModSys@@U?$TComparerBinaryHash@D@234@@tl@5@IAAUSMem@core@5@@Z 004038f4 f   umodsys_lib_libmedia:umodsys.mod.media.stdlib.obj
 0001:00002979       ?add_node_w@RBinArchiveFrame@stdlib@media@modules@UModSys@@UAEPAUNameNode@IBinArchiveFrame@libmedia@5@ABU?$TString@U?$TSCoreConst@D@su@tl@UModSys@@U?$TComparerBinaryHash@D@234@@tl@5@I@Z 00403979 f   umodsys_lib_libmedia:umodsys.mod.media.stdlib.obj
 0001:00002a17       ?remove_node@RBinArchiveFrame@stdlib@media@modules@UModSys@@UAE_NPAUNameNode@IBinArchiveFrame@libmedia@5@@Z 00403a17 f   umodsys_lib_libmedia:umodsys.mod.media.stdlib.obj
 0001:00002a38       ?find_node@RBinArchiveFrame@stdlib@media@modules@UModSys@@UAEPAUNameNode@IBinArchiveFrame@libmedia@5@ABU?$TString@U?$TSCoreConst@D@su@tl@UModSys@@U?$TComparerBinaryHash@D@234@@tl@5@@Z 00403a38 f   umodsys_lib_libmedia:umodsys.mod.media.stdlib.obj
 0001:00002abc       ?node_size@RBinArchiveFrame@stdlib@media@modules@UModSys@@UAEIABU?$TString@U?$TSCoreConst@D@su@tl@UModSys@@U?$TComparerBinaryHash@D@234@@tl@5@H@Z 00403abc f   umodsys_lib_libmedia:umodsys.mod.media.stdlib.obj
 0001:00002ad1       ?kill_node@RBinArchiveFrame@stdlib@media@modules@UModSys@@SA_NPAUNameNode@IBinArchiveFrame@libmedia@5@@Z 00403ad1 f   umodsys_lib_libmedia:umodsys.mod.media.stdlib.obj
 0001:00002aec       ?fill_info@RBinArchiveFrame@stdlib@media@modules@UModSys@@QAE_NAAUSFileInfo@libmedia@5@PAUNameNode@IBinArchiveFrame@75@ABU?$TString@U?$TSCoreConst@D@su@tl@UModSys@@U?$TComparerBinaryHash@D@234@@tl@5@I@Z 00403aec f   umodsys_lib_libmedia:umodsys.mod.media.stdlib.obj
 0001:00002c4f       ??1?$TStringBuf@U?$TSCoreShared@USIMemAlloc@core@UModSys@@D@su@tl@UModSys@@U?$TComparerBinaryHash@D@234@@tl@UModSys@@QAE@XZ 00403c4f f i umodsys_lib_libmedia:umodsys.mod.media.stdlib.obj
 0001:00002c4f       ??1?$TString@U?$TSCoreShared@USIMemAlloc@core@UModSys@@D@su@tl@UModSys@@U?$TComparerBinaryHash@D@234@@tl@UModSys@@QAE@XZ 00403c4f f i umodsys_lib_libmedia:umodsys.mod.media.stdio.obj
 0001:00002c4f       ??1?$TSCoreShared@USIMemAlloc@core@UModSys@@D@su@tl@UModSys@@QAE@XZ 00403c4f f i umodsys_lib_libmedia:umodsys.mod.media.stdio.obj
 0001:00002c54       ?openr@RBinArchiveFrame@stdlib@media@modules@UModSys@@QAE_NPAUILibrary@libmedia@5@ABU?$TString@U?$TSCoreConst@D@su@tl@UModSys@@U?$TComparerBinaryHash@D@234@@tl@5@PBUSParameters@core@5@@Z 00403c54 f   umodsys_lib_libmedia:umodsys.mod.media.stdlib.obj
 0001:00002d2f       ?closew@RBinArchiveFrame@stdlib@media@modules@UModSys@@QAE_N_N@Z 00403d2f f   umodsys_lib_libmedia:umodsys.mod.media.stdlib.obj
 0001:00002dfd       ??0RBinArchiveFrame@stdlib@media@modules@UModSys@@QAE@PAUIModObject@base@4@ABUSParameters@core@4@U?$TFlags4State@USMediaFlagUid@libmedia@UModSys@@I@tl@4@@Z 00403dfd f   umodsys_lib_libmedia:umodsys.mod.media.stdlib.obj
 0001:00002eb1       ??_GRBinArchiveFrame@stdlib@media@modules@UModSys@@UAEPAXI@Z 00403eb1 f i umodsys_lib_libmedia:umodsys.mod.media.stdlib.obj
 0001:00002eb1       ??_ERBinArchiveFrame@stdlib@media@modules@UModSys@@UAEPAXI@Z 00403eb1 f i  CIL library: CIL module
 0001:00002ece       ??1IBinArchiveFrame@libmedia@UModSys@@UAE@XZ 00403ece f i umodsys_lib_libmedia:umodsys.mod.media.stdlib.obj
 0001:00002f34       ??1RBinArchiveFrame@stdlib@media@modules@UModSys@@UAE@XZ 00403f34 f   umodsys_lib_libmedia:umodsys.mod.media.stdlib.obj
 0001:00002fb7       ??0RLibraryBinTree@stdlib@media@modules@UModSys@@QAE@PAUIModObject@base@4@ABUSParameters@core@4@U?$TFlags4State@USMediaFlagUid@libmedia@UModSys@@I@tl@4@@Z 00403fb7 f   umodsys_lib_libmedia:umodsys.mod.media.stdlib.obj
 0001:00003017       ??_GRLibraryBinTree@stdlib@media@modules@UModSys@@UAEPAXI@Z 00404017 f i umodsys_lib_libmedia:umodsys.mod.media.stdlib.obj
 0001:00003017       ??_ERLibraryBinTree@stdlib@media@modules@UModSys@@UAEPAXI@Z 00404017 f i  CIL library: CIL module
 0001:00003078       ?get_flags_auto@RLibraryBinTree@stdlib@media@modules@UModSys@@UBE?AU?$TFlags4State@USMediaFlagUid@libmedia@UModSys@@I@tl@5@XZ 00404078 f   umodsys_lib_libmedia:umodsys.mod.media.stdlib.obj
 0001:00003087       ?bin_reader@RLibraryBinTree@stdlib@media@modules@UModSys@@UAE?AU?$TRefObject@UIStreamReader@libmedia@UModSys@@U?$TRefObjectFunc@UIStreamReader@libmedia@UModSys@@@tl@3@@tl@5@ABU?$TString@U?$TSCoreConst@D@su@tl@UModSys@@U?$TComparerBinaryHash@D@234@@75@ABUSFlags@libmedia@5@@Z 00404087 f   umodsys_lib_libmedia:umodsys.mod.media.stdlib.obj
 0001:00003176       ?bin_writer@RLibraryBinTree@stdlib@media@modules@UModSys@@UAE?AU?$TRefObject@UIStreamWriter@libmedia@UModSys@@U?$TRefObjectFunc@UIStreamWriter@libmedia@UModSys@@@tl@3@@tl@5@ABU?$TString@U?$TSCoreConst@D@su@tl@UModSys@@U?$TComparerBinaryHash@D@234@@75@ABUSFlags@libmedia@5@@Z 00404176 f   umodsys_lib_libmedia:umodsys.mod.media.stdlib.obj
 0001:00003265       ?bin_load@RLibraryBinTree@stdlib@media@modules@UModSys@@UAE_NABU?$TString@U?$TSCoreConst@D@su@tl@UModSys@@U?$TComparerBinaryHash@D@234@@tl@5@AAUSCMemShared@core@5@ABUSFlags@libmedia@5@@Z 00404265 f   umodsys_lib_libmedia:umodsys.mod.media.stdlib.obj
 0001:00003317       ?bin_save@RLibraryBinTree@stdlib@media@modules@UModSys@@UAE_NABU?$TString@U?$TSCoreConst@D@su@tl@UModSys@@U?$TComparerBinaryHash@D@234@@tl@5@ABUSCMem@core@5@ABUSFlags@libmedia@5@@Z 00404317 f   umodsys_lib_libmedia:umodsys.mod.media.stdlib.obj
 0001:000033bd       ?bin_info@RLibraryBinTree@stdlib@media@modules@UModSys@@UAE_NABU?$TString@U?$TSCoreConst@D@su@tl@UModSys@@U?$TComparerBinaryHash@D@234@@tl@5@AAUSFileInfo@libmedia@5@ABUSFlags@95@@Z 004043bd f   umodsys_lib_libmedia:umodsys.mod.media.stdlib.obj
 0001:00003455       ?bin_list@RLibraryBinTree@stdlib@media@modules@UModSys@@UAE_NABU?$TString@U?$TSCoreConst@D@su@tl@UModSys@@U?$TComparerBinaryHash@D@234@@tl@5@AAU?$TIStackSocket@USFileInfo@libmedia@UModSys@@@75@ABUSFlags@libmedia@5@@Z 00404455 f   umodsys_lib_libmedia:umodsys.mod.media.stdlib.obj
 0001:000034fa       ?mount_get@RLibraryBinTree@stdlib@media@modules@UModSys@@UBE?AUSPoint@ILibraryBinTree@libmedia@5@ABUSId@785@@Z 004044fa f   umodsys_lib_libmedia:umodsys.mod.media.stdlib.obj
 0001:00003549       ?mount_add@RLibraryBinTree@stdlib@media@modules@UModSys@@UAE_NABUSId@ILibraryBinTree@libmedia@5@ABUSPoint@785@@Z 00404549 f   umodsys_lib_libmedia:umodsys.mod.media.stdlib.obj
 0001:00003623       ?mount_remove@RLibraryBinTree@stdlib@media@modules@UModSys@@UAE_NABUSId@ILibraryBinTree@libmedia@5@@Z 00404623 f   umodsys_lib_libmedia:umodsys.mod.media.stdlib.obj
 0001:0000365a       ?mount_clear@RLibraryBinTree@stdlib@media@modules@UModSys@@UAE_NXZ 0040465a f   umodsys_lib_libmedia:umodsys.mod.media.stdlib.obj
 0001:00003678       ??0RLibraryBinCache@stdlib@media@modules@UModSys@@QAE@PAUIModObject@base@4@ABUSParameters@core@4@U?$TFlags4State@USMediaFlagUid@libmedia@UModSys@@I@tl@4@@Z 00404678 f   umodsys_lib_libmedia:umodsys.mod.media.stdlib.obj
 0001:000036d8       ??_GRLibraryBinCache@stdlib@media@modules@UModSys@@UAEPAXI@Z 004046d8 f i umodsys_lib_libmedia:umodsys.mod.media.stdlib.obj
 0001:000036d8       ??_ERLibraryBinCache@stdlib@media@modules@UModSys@@UAEPAXI@Z 004046d8 f i  CIL library: CIL module
 0001:00003739       ?get_flags_auto@RLibraryBinCache@stdlib@media@modules@UModSys@@UBE?AU?$TFlags4State@USMediaFlagUid@libmedia@UModSys@@I@tl@5@XZ 00404739 f   umodsys_lib_libmedia:umodsys.mod.media.stdlib.obj
 0001:00003748       ?bin_reader@ILibrary@libmedia@UModSys@@UAE?AU?$TRefObject@UIStreamReader@libmedia@UModSys@@U?$TRefObjectFunc@UIStreamReader@libmedia@UModSys@@@tl@3@@tl@3@ABU?$TString@U?$TSCoreConst@D@su@tl@UModSys@@U?$TComparerBinaryHash@D@234@@53@ABUSFlags@23@@Z 00404748 f   umodsys_lib_libmedia:umodsys.lib.media.library.obj
 0001:00003748       ?bin_reader@RLibraryBinCache@stdlib@media@modules@UModSys@@UAE?AU?$TRefObject@UIStreamReader@libmedia@UModSys@@U?$TRefObjectFunc@UIStreamReader@libmedia@UModSys@@@tl@3@@tl@5@ABU?$TString@U?$TSCoreConst@D@su@tl@UModSys@@U?$TComparerBinaryHash@D@234@@75@ABUSFlags@libmedia@5@@Z 00404748 f   umodsys_lib_libmedia:umodsys.mod.media.stdlib.obj
 0001:00003748       ?bin_writer@RLibraryBinCache@stdlib@media@modules@UModSys@@UAE?AU?$TRefObject@UIStreamWriter@libmedia@UModSys@@U?$TRefObjectFunc@UIStreamWriter@libmedia@UModSys@@@tl@3@@tl@5@ABU?$TString@U?$TSCoreConst@D@su@tl@UModSys@@U?$TComparerBinaryHash@D@234@@75@ABUSFlags@libmedia@5@@Z 00404748 f   umodsys_lib_libmedia:umodsys.mod.media.stdlib.obj
 0001:00003748       ?bin_writer@ILibrary@libmedia@UModSys@@UAE?AU?$TRefObject@UIStreamWriter@libmedia@UModSys@@U?$TRefObjectFunc@UIStreamWriter@libmedia@UModSys@@@tl@3@@tl@3@ABU?$TString@U?$TSCoreConst@D@su@tl@UModSys@@U?$TComparerBinaryHash@D@234@@53@ABUSFlags@23@@Z 00404748 f   umodsys_lib_libmedia:umodsys.lib.media.library.obj
 0001:0000375a       ?bin_load@RLibraryBinCache@stdlib@media@modules@UModSys@@UAE_NABU?$TString@U?$TSCoreConst@D@su@tl@UModSys@@U?$TComparerBinaryHash@D@234@@tl@5@AAUSCMemShared@core@5@ABUSFlags@libmedia@5@@Z 0040475a f   umodsys_lib_libmedia:umodsys.mod.media.stdlib.obj
 0001:000037b1       ?bin_put@RLibraryBinCache@stdlib@media@modules@UModSys@@UAE_NABU?$TString@U?$TSCoreConst@D@su@tl@UModSys@@U?$TComparerBinaryHash@D@234@@tl@5@PBUSCMemShared@core@5@@Z 004047b1 f   umodsys_lib_libmedia:umodsys.mod.media.stdlib.obj
 0001:000037c7       ?bincache_get@RLibraryBinCache@stdlib@media@modules@UModSys@@UBE_NABU?$TString@U?$TSCoreConst@D@su@tl@UModSys@@U?$TComparerBinaryHash@D@234@@tl@5@PAUSCMemShared@core@5@PA_N@Z 004047c7 f   umodsys_lib_libmedia:umodsys.mod.media.stdlib.obj
 0001:00003819       ?bincache_add@RLibraryBinCache@stdlib@media@modules@UModSys@@UAE_NABU?$TString@U?$TSCoreConst@D@su@tl@UModSys@@U?$TComparerBinaryHash@D@234@@tl@5@@Z 00404819 f   umodsys_lib_libmedia:umodsys.mod.media.stdlib.obj
 0001:0000385f       ?bincache_add@RLibraryBinCache@stdlib@media@modules@UModSys@@UAE_NABU?$TString@U?$TSCoreConst@D@su@tl@UModSys@@U?$TComparerBinaryHash@D@234@@tl@5@ABUSCMemShared@core@5@@Z 0040485f f   umodsys_lib_libmedia:umodsys.mod.media.stdlib.obj
 0001:00003871       ?bincache_remove@RLibraryBinCache@stdlib@media@modules@UModSys@@UAE_NABU?$TString@U?$TSCoreConst@D@su@tl@UModSys@@U?$TComparerBinaryHash@D@234@@tl@5@@Z 00404871 f   umodsys_lib_libmedia:umodsys.mod.media.stdlib.obj
 0001:000038a8       ?bincache_clear@RLibraryBinCache@stdlib@media@modules@UModSys@@UAE_NXZ 004048a8 f   umodsys_lib_libmedia:umodsys.mod.media.stdlib.obj
 0001:000038c6       ?bincache_add@RLibraryBinCache@stdlib@media@modules@UModSys@@QAE_NABU?$TString@U?$TSCoreConst@D@su@tl@UModSys@@U?$TComparerBinaryHash@D@234@@tl@5@ABUSCMemShared@core@5@_N@Z 004048c6 f   umodsys_lib_libmedia:umodsys.mod.media.stdlib.obj
 0001:00003973       ??0RLibraryLayered@stdlib@media@modules@UModSys@@QAE@PAUIModObject@base@4@ABUSParameters@core@4@U?$TFlags4State@USMediaFlagUid@libmedia@UModSys@@I@tl@4@@Z 00404973 f   umodsys_lib_libmedia:umodsys.mod.media.stdlib.obj
 0001:000039e4       ??_GRLibraryLayered@stdlib@media@modules@UModSys@@UAEPAXI@Z 004049e4 f i umodsys_lib_libmedia:umodsys.mod.media.stdlib.obj
 0001:000039e4       ??_ERLibraryLayered@stdlib@media@modules@UModSys@@UAEPAXI@Z 004049e4 f i  CIL library: CIL module
 0001:00003a18       ?get_flag@RLibraryLayered@stdlib@media@modules@UModSys@@UBE?AW4eStates@?$TFlags4State@USMediaFlagUid@libmedia@UModSys@@I@tl@5@H@Z 00404a18 f   umodsys_lib_libmedia:umodsys.mod.media.stdlib.obj
 0001:00003a2b       ?get_flags_auto@RLibraryLayered@stdlib@media@modules@UModSys@@UBE?AU?$TFlags4State@USMediaFlagUid@libmedia@UModSys@@I@tl@5@XZ 00404a2b f   umodsys_lib_libmedia:umodsys.mod.media.stdlib.obj
 0001:00003a3a       ?set_flag@RLibraryLayered@stdlib@media@modules@UModSys@@UAE?AW4eStates@?$TFlags4State@USMediaFlagUid@libmedia@UModSys@@I@tl@5@HW46785@@Z 00404a3a f   umodsys_lib_libmedia:umodsys.mod.media.stdlib.obj
 0001:00003a67       ?bin_reader@RLibraryLayered@stdlib@media@modules@UModSys@@UAE?AU?$TRefObject@UIStreamReader@libmedia@UModSys@@U?$TRefObjectFunc@UIStreamReader@libmedia@UModSys@@@tl@3@@tl@5@ABU?$TString@U?$TSCoreConst@D@su@tl@UModSys@@U?$TComparerBinaryHash@D@234@@75@ABUSFlags@libmedia@5@@Z 00404a67 f   umodsys_lib_libmedia:umodsys.mod.media.stdlib.obj
 0001:00003b18       ?bin_writer@RLibraryLayered@stdlib@media@modules@UModSys@@UAE?AU?$TRefObject@UIStreamWriter@libmedia@UModSys@@U?$TRefObjectFunc@UIStreamWriter@libmedia@UModSys@@@tl@3@@tl@5@ABU?$TString@U?$TSCoreConst@D@su@tl@UModSys@@U?$TComparerBinaryHash@D@234@@75@ABUSFlags@libmedia@5@@Z 00404b18 f   umodsys_lib_libmedia:umodsys.mod.media.stdlib.obj
 0001:00003bc9       ?bin_load@RLibraryLayered@stdlib@media@modules@UModSys@@UAE_NABU?$TString@U?$TSCoreConst@D@su@tl@UModSys@@U?$TComparerBinaryHash@D@234@@tl@5@AAUSCMemShared@core@5@ABUSFlags@libmedia@5@@Z 00404bc9 f   umodsys_lib_libmedia:umodsys.mod.media.stdlib.obj
 0001:00003cd0       ?bin_save@RLibraryLayered@stdlib@media@modules@UModSys@@UAE_NABU?$TString@U?$TSCoreConst@D@su@tl@UModSys@@U?$TComparerBinaryHash@D@234@@tl@5@ABUSCMem@core@5@ABUSFlags@libmedia@5@@Z 00404cd0 f   umodsys_lib_libmedia:umodsys.mod.media.stdlib.obj
 0001:00003ded       ?bin_info@RLibraryLayered@stdlib@media@modules@UModSys@@UAE_NABU?$TString@U?$TSCoreConst@D@su@tl@UModSys@@U?$TComparerBinaryHash@D@234@@tl@5@AAUSFileInfo@libmedia@5@ABUSFlags@95@@Z 00404ded f   umodsys_lib_libmedia:umodsys.mod.media.stdlib.obj
 0001:00003e5d       ?bin_list@RLibraryLayered@stdlib@media@modules@UModSys@@UAE_NABU?$TString@U?$TSCoreConst@D@su@tl@UModSys@@U?$TComparerBinaryHash@D@234@@tl@5@AAU?$TIStackSocket@USFileInfo@libmedia@UModSys@@@75@ABUSFlags@libmedia@5@@Z 00404e5d f   umodsys_lib_libmedia:umodsys.mod.media.stdlib.obj
 0001:00003ed3       ?bin_get@RLibraryLayered@stdlib@media@modules@UModSys@@UAE_NABU?$TString@U?$TSCoreConst@D@su@tl@UModSys@@U?$TComparerBinaryHash@D@234@@tl@5@AAUSCMemShared@core@5@_N@Z 00404ed3 f   umodsys_lib_libmedia:umodsys.mod.media.stdlib.obj
 0001:00003f15       ?bin_put@RLibraryLayered@stdlib@media@modules@UModSys@@UAE_NABU?$TString@U?$TSCoreConst@D@su@tl@UModSys@@U?$TComparerBinaryHash@D@234@@tl@5@PBUSCMemShared@core@5@@Z 00404f15 f   umodsys_lib_libmedia:umodsys.mod.media.stdlib.obj
 0001:00003f53       ?obj_fget@RLibraryLayered@stdlib@media@modules@UModSys@@UAE_NABUSInfo@IBinObjFilter@libmedia@5@AAU?$TRefObject@UIRefObject@core@UModSys@@U?$TRefObjectFunc@UIRefObject@core@UModSys@@@tl@3@@tl@5@@Z 00404f53 f   umodsys_lib_libmedia:umodsys.mod.media.stdlib.obj
 0001:00003f91       ?obj_fload@RLibraryLayered@stdlib@media@modules@UModSys@@UAE_NABUSInfo@IBinObjFilter@libmedia@5@PAUIRefObject@core@5@@Z 00404f91 f   umodsys_lib_libmedia:umodsys.mod.media.stdlib.obj
 0001:00003fcf       ?obj_fsave@RLibraryLayered@stdlib@media@modules@UModSys@@UAE_NAAUSInfo@IBinObjFilter@libmedia@5@PBUIRefObject@core@5@@Z 00404fcf f   umodsys_lib_libmedia:umodsys.mod.media.stdlib.obj
 0001:0000400d       ?obj_cget@RLibraryLayered@stdlib@media@modules@UModSys@@UAE_NABU?$TString@U?$TSCoreConst@D@su@tl@UModSys@@U?$TComparerBinaryHash@D@234@@tl@5@AAU?$TRefObject@UIRefObject@core@UModSys@@U?$TRefObjectFunc@UIRefObject@core@UModSys@@@tl@3@@75@_N@Z 0040500d f   umodsys_lib_libmedia:umodsys.mod.media.stdlib.obj
 0001:0000404f       ?obj_cput@RLibraryLayered@stdlib@media@modules@UModSys@@UAE_NABU?$TString@U?$TSCoreConst@D@su@tl@UModSys@@U?$TComparerBinaryHash@D@234@@tl@5@PAUIRefObject@core@5@@Z 0040504f f   umodsys_lib_libmedia:umodsys.mod.media.stdlib.obj
 0001:0000408d       ?obj_get@RLibraryLayered@stdlib@media@modules@UModSys@@UAE_NABU?$TString@U?$TSCoreConst@D@su@tl@UModSys@@U?$TComparerBinaryHash@D@234@@tl@5@AAU?$TRefObject@UIRefObject@core@UModSys@@U?$TRefObjectFunc@UIRefObject@core@UModSys@@@tl@3@@75@ABUSObjOptions@ILibrary@libmedia@5@@Z 0040508d f   umodsys_lib_libmedia:umodsys.mod.media.stdlib.obj
 0001:0000422d       ?obj_load@RLibraryLayered@stdlib@media@modules@UModSys@@UAE_NABU?$TString@U?$TSCoreConst@D@su@tl@UModSys@@U?$TComparerBinaryHash@D@234@@tl@5@PAUIRefObject@core@5@ABUSObjOptions@ILibrary@libmedia@5@@Z 0040522d f   umodsys_lib_libmedia:umodsys.mod.media.stdlib.obj
 0001:0000432e       ?obj_save@RLibraryLayered@stdlib@media@modules@UModSys@@UAE_NABU?$TString@U?$TSCoreConst@D@su@tl@UModSys@@U?$TComparerBinaryHash@D@234@@tl@5@PBUIRefObject@core@5@ABUSObjOptions@ILibrary@libmedia@5@@Z 0040532e f   umodsys_lib_libmedia:umodsys.mod.media.stdlib.obj
 0001:00004456       ?layer_count@RLibraryLayered@stdlib@media@modules@UModSys@@UBEIABUSLayer@ILibraryLayered@libmedia@5@@Z 00405456 f   umodsys_lib_libmedia:umodsys.mod.media.stdlib.obj
 0001:0000445c       ?layer_get@RLibraryLayered@stdlib@media@modules@UModSys@@UBE?AUSLayer@ILibraryLayered@libmedia@5@I@Z 0040545c f   umodsys_lib_libmedia:umodsys.mod.media.stdlib.obj
 0001:0000447f       ??0SLayer@ILibraryLayered@libmedia@UModSys@@QAE@ABU0123@@Z 0040547f f i umodsys_lib_libmedia:umodsys.mod.media.stdlib.obj
 0001:000044ab       ?layer_find@RLibraryLayered@stdlib@media@modules@UModSys@@UBEIABU?$TString@U?$TSCoreConst@D@su@tl@UModSys@@U?$TComparerBinaryHash@D@234@@tl@5@I@Z 004054ab f   umodsys_lib_libmedia:umodsys.mod.media.stdlib.obj
 0001:000044f3       ?layer_insert@RLibraryLayered@stdlib@media@modules@UModSys@@UAE_NABUSLayer@ILibraryLayered@libmedia@5@I@Z 004054f3 f   umodsys_lib_libmedia:umodsys.mod.media.stdlib.obj
 0001:00004566       ?layer_remove@RLibraryLayered@stdlib@media@modules@UModSys@@UAE_NI@Z 00405566 f   umodsys_lib_libmedia:umodsys.mod.media.stdlib.obj
 0001:000045b0       ?layer_clear@RLibraryLayered@stdlib@media@modules@UModSys@@UAE_NXZ 004055b0 f   umodsys_lib_libmedia:umodsys.mod.media.stdlib.obj
 0001:000045ba       ??0RLibraryObjCache@stdlib@media@modules@UModSys@@QAE@PAUIModObject@base@4@ABUSParameters@core@4@U?$TFlags4State@USMediaFlagUid@libmedia@UModSys@@I@tl@4@@Z 004055ba f   umodsys_lib_libmedia:umodsys.mod.media.stdlib.obj
 0001:0000461a       ??_GRLibraryObjCache@stdlib@media@modules@UModSys@@UAEPAXI@Z 0040561a f i umodsys_lib_libmedia:umodsys.mod.media.stdlib.obj
 0001:0000461a       ??_ERLibraryObjCache@stdlib@media@modules@UModSys@@UAEPAXI@Z 0040561a f i  CIL library: CIL module
 0001:0000467b       ?get_flag@RLibraryBinTree@stdlib@media@modules@UModSys@@UBE?AW4eStates@?$TFlags4State@USMediaFlagUid@libmedia@UModSys@@I@tl@5@H@Z 0040567b f   umodsys_lib_libmedia:umodsys.mod.media.stdlib.obj
 0001:0000467b       ?get_flag@RLibraryObjCache@stdlib@media@modules@UModSys@@UBE?AW4eStates@?$TFlags4State@USMediaFlagUid@libmedia@UModSys@@I@tl@5@H@Z 0040567b f   umodsys_lib_libmedia:umodsys.mod.media.stdlib.obj
 0001:0000467b       ?get_flag@RLibraryObjFilter@stdlib@media@modules@UModSys@@UBE?AW4eStates@?$TFlags4State@USMediaFlagUid@libmedia@UModSys@@I@tl@5@H@Z 0040567b f   umodsys_lib_libmedia:umodsys.mod.media.stdlib.obj
 0001:0000467b       ?get_flag@RLibraryBinCache@stdlib@media@modules@UModSys@@UBE?AW4eStates@?$TFlags4State@USMediaFlagUid@libmedia@UModSys@@I@tl@5@H@Z 0040567b f   umodsys_lib_libmedia:umodsys.mod.media.stdlib.obj
 0001:0000468e       ?get_flags_auto@RLibraryObjCache@stdlib@media@modules@UModSys@@UBE?AU?$TFlags4State@USMediaFlagUid@libmedia@UModSys@@I@tl@5@XZ 0040568e f   umodsys_lib_libmedia:umodsys.mod.media.stdlib.obj
 0001:0000469d       ?bin_get@RLibraryBinCache@stdlib@media@modules@UModSys@@UAE_NABU?$TString@U?$TSCoreConst@D@su@tl@UModSys@@U?$TComparerBinaryHash@D@234@@tl@5@AAUSCMemShared@core@5@_N@Z 0040569d f   umodsys_lib_libmedia:umodsys.mod.media.stdlib.obj
 0001:0000469d       ?obj_cget@RLibraryObjCache@stdlib@media@modules@UModSys@@UAE_NABU?$TString@U?$TSCoreConst@D@su@tl@UModSys@@U?$TComparerBinaryHash@D@234@@tl@5@AAU?$TRefObject@UIRefObject@core@UModSys@@U?$TRefObjectFunc@UIRefObject@core@UModSys@@@tl@3@@75@_N@Z 0040569d f   umodsys_lib_libmedia:umodsys.mod.media.stdlib.obj
 0001:000046c9       ?obj_cput@RLibraryObjCache@stdlib@media@modules@UModSys@@UAE_NABU?$TString@U?$TSCoreConst@D@su@tl@UModSys@@U?$TComparerBinaryHash@D@234@@tl@5@PAUIRefObject@core@5@@Z 004056c9 f   umodsys_lib_libmedia:umodsys.mod.media.stdlib.obj
 0001:000046ce       ?obj_get@RLibraryObjCache@stdlib@media@modules@UModSys@@UAE_NABU?$TString@U?$TSCoreConst@D@su@tl@UModSys@@U?$TComparerBinaryHash@D@234@@tl@5@AAU?$TRefObject@UIRefObject@core@UModSys@@U?$TRefObjectFunc@UIRefObject@core@UModSys@@@tl@3@@75@ABUSObjOptions@ILibrary@libmedia@5@@Z 004056ce f   umodsys_lib_libmedia:umodsys.mod.media.stdlib.obj
 0001:00004754       ?objcache_get@RLibraryObjCache@stdlib@media@modules@UModSys@@UBE_NABU?$TString@U?$TSCoreConst@D@su@tl@UModSys@@U?$TComparerBinaryHash@D@234@@tl@5@PAU?$TRefObject@UIRefObject@core@UModSys@@U?$TRefObjectFunc@UIRefObject@core@UModSys@@@tl@3@@75@PA_N@Z 00405754 f   umodsys_lib_libmedia:umodsys.mod.media.stdlib.obj
 0001:000047c0       ?objcache_add@RLibraryObjCache@stdlib@media@modules@UModSys@@UAE_NABU?$TString@U?$TSCoreConst@D@su@tl@UModSys@@U?$TComparerBinaryHash@D@234@@tl@5@PAUIRefObject@core@5@@Z 004057c0 f   umodsys_lib_libmedia:umodsys.mod.media.stdlib.obj
 0001:0000486b       ?objcache_remove@RLibraryObjCache@stdlib@media@modules@UModSys@@UAE_NABU?$TString@U?$TSCoreConst@D@su@tl@UModSys@@U?$TComparerBinaryHash@D@234@@tl@5@@Z 0040586b f   umodsys_lib_libmedia:umodsys.mod.media.stdlib.obj
 0001:000048a2       ?objcache_clear@RLibraryObjCache@stdlib@media@modules@UModSys@@UAE_NXZ 004058a2 f   umodsys_lib_libmedia:umodsys.mod.media.stdlib.obj
 0001:000048c0       ??0RLibraryObjFilter@stdlib@media@modules@UModSys@@QAE@PAUIModObject@base@4@ABUSParameters@core@4@U?$TFlags4State@USMediaFlagUid@libmedia@UModSys@@I@tl@4@@Z 004058c0 f   umodsys_lib_libmedia:umodsys.mod.media.stdlib.obj
 0001:00004920       ??_GRLibraryObjFilter@stdlib@media@modules@UModSys@@UAEPAXI@Z 00405920 f i umodsys_lib_libmedia:umodsys.mod.media.stdlib.obj
 0001:00004920       ??_ERLibraryObjFilter@stdlib@media@modules@UModSys@@UAEPAXI@Z 00405920 f i  CIL library: CIL module
 0001:00004981       ??1ILibraryBinCache@libmedia@UModSys@@UAE@XZ 00405981 f i umodsys_lib_libmedia:umodsys.mod.media.stdlib.obj
 0001:00004981       ??1ILibraryObjCache@libmedia@UModSys@@UAE@XZ 00405981 f i umodsys_lib_libmedia:umodsys.mod.media.stdlib.obj
 0001:00004981       ??1ILibraryLayered@libmedia@UModSys@@UAE@XZ 00405981 f i umodsys_lib_libmedia:umodsys.mod.media.stdlib.obj
 0001:00004981       ??1ILibraryBinTree@libmedia@UModSys@@UAE@XZ 00405981 f i umodsys_lib_libmedia:umodsys.mod.media.stdlib.obj
 0001:00004981       ??1IBinArchive@libmedia@UModSys@@UAE@XZ 00405981 f i umodsys_lib_libmedia:umodsys.mod.media.stdio.obj
 0001:00004981       ??1ILibraryObjFilter@libmedia@UModSys@@UAE@XZ 00405981 f i umodsys_lib_libmedia:umodsys.mod.media.stdlib.obj
 0001:00004986       ?get_flags_auto@RLibraryObjFilter@stdlib@media@modules@UModSys@@UBE?AU?$TFlags4State@USMediaFlagUid@libmedia@UModSys@@I@tl@5@XZ 00405986 f   umodsys_lib_libmedia:umodsys.mod.media.stdlib.obj
 0001:00004995       ?set_flag@RLibraryObjFilter@stdlib@media@modules@UModSys@@UAE?AW4eStates@?$TFlags4State@USMediaFlagUid@libmedia@UModSys@@I@tl@5@HW46785@@Z 00405995 f   umodsys_lib_libmedia:umodsys.mod.media.stdlib.obj
 0001:00004995       ?set_flag@RLibraryBinCache@stdlib@media@modules@UModSys@@UAE?AW4eStates@?$TFlags4State@USMediaFlagUid@libmedia@UModSys@@I@tl@5@HW46785@@Z 00405995 f   umodsys_lib_libmedia:umodsys.mod.media.stdlib.obj
 0001:00004995       ?set_flag@RLibraryBinTree@stdlib@media@modules@UModSys@@UAE?AW4eStates@?$TFlags4State@USMediaFlagUid@libmedia@UModSys@@I@tl@5@HW46785@@Z 00405995 f   umodsys_lib_libmedia:umodsys.mod.media.stdlib.obj
 0001:00004995       ?set_flag@RLibraryObjCache@stdlib@media@modules@UModSys@@UAE?AW4eStates@?$TFlags4State@USMediaFlagUid@libmedia@UModSys@@I@tl@5@HW46785@@Z 00405995 f   umodsys_lib_libmedia:umodsys.mod.media.stdlib.obj
 0001:000049c2       ?obj_fget@RLibraryObjFilter@stdlib@media@modules@UModSys@@UAE_NABUSInfo@IBinObjFilter@libmedia@5@AAU?$TRefObject@UIRefObject@core@UModSys@@U?$TRefObjectFunc@UIRefObject@core@UModSys@@@tl@3@@tl@5@@Z 004059c2 f   umodsys_lib_libmedia:umodsys.mod.media.stdlib.obj
 0001:000049ca       ?obj_fload@RLibraryObjFilter@stdlib@media@modules@UModSys@@UAE_NABUSInfo@IBinObjFilter@libmedia@5@PAUIRefObject@core@5@@Z 004059ca f   umodsys_lib_libmedia:umodsys.mod.media.stdlib.obj
 0001:000049cf       ?obj_fsave@RLibraryObjFilter@stdlib@media@modules@UModSys@@UAE_NAAUSInfo@IBinObjFilter@libmedia@5@PBUIRefObject@core@5@@Z 004059cf f   umodsys_lib_libmedia:umodsys.mod.media.stdlib.obj
 0001:000049d7       ?filters_add@RLibraryObjFilter@stdlib@media@modules@UModSys@@UAE_NU?$TRefObject@UIBinObjFilter@libmedia@UModSys@@U?$TRefObjectFunc@UIBinObjFilter@libmedia@UModSys@@@tl@3@@tl@5@PBUSParameters@core@5@H@Z 004059d7 f   umodsys_lib_libmedia:umodsys.mod.media.stdlib.obj
 0001:00004a73       ?filters_remove@RLibraryObjFilter@stdlib@media@modules@UModSys@@UAE_NPAUIBinObjFilter@libmedia@5@H@Z 00405a73 f   umodsys_lib_libmedia:umodsys.mod.media.stdlib.obj
 0001:00004ac3       ?filters_clear@RLibraryObjFilter@stdlib@media@modules@UModSys@@UAE_NXZ 00405ac3 f   umodsys_lib_libmedia:umodsys.mod.media.stdlib.obj
 0001:00004ae1       ?filters_load@RLibraryObjFilter@stdlib@media@modules@UModSys@@UAE_NABUSInfo@IBinObjFilter@libmedia@5@AAU?$TRefObject@UIRefObject@core@UModSys@@U?$TRefObjectFunc@UIRefObject@core@UModSys@@@tl@3@@tl@5@@Z 00405ae1 f   umodsys_lib_libmedia:umodsys.mod.media.stdlib.obj
 0001:00004b3e       ?filters_load@RLibraryObjFilter@stdlib@media@modules@UModSys@@UAE_NABUSInfo@IBinObjFilter@libmedia@5@PAUIRefObject@core@5@@Z 00405b3e f   umodsys_lib_libmedia:umodsys.mod.media.stdlib.obj
[...]
 0001:0000df6a       __ehhandler$?bincache_add@RLibraryBinCache@stdlib@media@modules@UModSys@@QAE_NABU?$TString@U?$TSCoreConst@D@su@tl@UModSys@@U?$TComparerBinaryHash@D@234@@tl@5@ABUSCMemShared@core@5@_N@Z 0040ef6a f    CIL library: CIL module
 0001:0000df6a       __ehhandler$?objcache_add@RLibraryObjCache@stdlib@media@modules@UModSys@@UAE_NABU?$TString@U?$TSCoreConst@D@su@tl@UModSys@@U?$TComparerBinaryHash@D@234@@tl@5@PAUIRefObject@core@5@@Z 0040ef6a f    CIL library: CIL module
 0001:0000df74       __unwindfunclet$?bincache_add@RLibraryBinCache@stdlib@media@modules@UModSys@@UAE_NABU?$TString@U?$TSCoreConst@D@su@tl@UModSys@@U?$TComparerBinaryHash@D@234@@tl@5@@Z$0 0040ef74 f    CIL library: CIL module
 0001:0000df7c       __ehhandler$?bincache_add@RLibraryBinCache@stdlib@media@modules@UModSys@@UAE_NABU?$TString@U?$TSCoreConst@D@su@tl@UModSys@@U?$TComparerBinaryHash@D@234@@tl@5@@Z 0040ef7c f    CIL library: CIL module
 0001:0000df86       __unwindfunclet$?mount_add@RLibraryBinTree@stdlib@media@modules@UModSys@@UAE_NABUSId@ILibraryBinTree@libmedia@5@ABUSPoint@785@@Z$0 0040ef86 f    CIL library: CIL module
 0001:0000df8e       __ehhandler$?mount_add@RLibraryBinTree@stdlib@media@modules@UModSys@@UAE_NABUSId@ILibraryBinTree@libmedia@5@ABUSPoint@785@@Z 0040ef8e f    CIL library: CIL module
 0001:0000df98       ??__E?s_id@?$TObjectUniqueID@UIRoot@core@UModSys@@@tl@UModSys@@2USUniquePointer@core@3@A@@YAXXZ 0040ef98 f    CIL library: CIL module
 0001:0000dfba       ??__E?s_id@?$TObjectUniqueID@UIRefObject@core@UModSys@@@tl@UModSys@@2USUniquePointer@core@3@A@@YAXXZ 0040efba f    CIL library: CIL module
 0001:0000dfdc       ??__E?s_id@?$TObjectUniqueID@UIParameters@core@UModSys@@@tl@UModSys@@2USUniquePointer@core@3@A@@YAXXZ 0040efdc f    CIL library: CIL module
 0001:0000dffe       ??__E?s_id@?$TObjectUniqueID@UIModule@base@UModSys@@@tl@UModSys@@2USUniquePointer@core@3@A@@YAXXZ 0040effe f    CIL library: CIL module
 0001:0000e020       ??__E?s_id@?$TObjectUniqueID@UIModuleLibrary@base@UModSys@@@tl@UModSys@@2USUniquePointer@core@3@A@@YAXXZ 0040f020 f    CIL library: CIL module
 0001:0000e042       ??__E?s_id@?$TObjectUniqueID@UIModObject@base@UModSys@@@tl@UModSys@@2USUniquePointer@core@3@A@@YAXXZ 0040f042 f    CIL library: CIL module
 0001:0000e064       ??__E?s_id@?$TObjectUniqueID@UIGenerator@base@UModSys@@@tl@UModSys@@2USUniquePointer@core@3@A@@YAXXZ 0040f064 f    CIL library: CIL module
 0001:0000e086       ??__E?s_id@?$TObjectUniqueID@UIShell@base@UModSys@@@tl@UModSys@@2USUniquePointer@core@3@A@@YAXXZ 0040f086 f    CIL library: CIL module
 0001:0000e0a8       ??__E?s_id@?$TObjectUniqueID@UIConsole@base@UModSys@@@tl@UModSys@@2USUniquePointer@core@3@A@@YAXXZ 0040f0a8 f    CIL library: CIL module
 0001:0000e0ca       ??__E?s_id@?$TObjectUniqueID@UISystem@base@UModSys@@@tl@UModSys@@2USUniquePointer@core@3@A@@YAXXZ 0040f0ca f    CIL library: CIL module
 0001:0000e0ec       ??__E?s_id@?$TObjectUniqueID@URModule@rsystem@base@UModSys@@@tl@UModSys@@2USUniquePointer@core@3@A@@YAXXZ 0040f0ec f    CIL library: CIL module
 0001:0000e10e       ??__E?s_id@?$TObjectUniqueID@UIModuleLibraryUni@rsystem@base@UModSys@@@tl@UModSys@@2USUniquePointer@core@3@A@@YAXXZ 0040f10e f    CIL library: CIL module
 0001:0000e130       ??__E?s_id@?$TObjectUniqueID@URModuleLibrarySO@rsystem@base@UModSys@@@tl@UModSys@@2USUniquePointer@core@3@A@@YAXXZ 0040f130 f    CIL library: CIL module
 0001:0000e152       ??__E?s_id@?$TObjectUniqueID@URModuleLibraryThis@rsystem@base@UModSys@@@tl@UModSys@@2USUniquePointer@core@3@A@@YAXXZ 0040f152 f    CIL library: CIL module
 0001:0000e174       ??__E?s_id@?$TObjectUniqueID@URParameters@rsystem@base@UModSys@@@tl@UModSys@@2USUniquePointer@core@3@A@@YAXXZ 0040f174 f    CIL library: CIL module
 0001:0000e196       ??__E?s_id@?$TObjectUniqueID@URSystem@rsystem@base@UModSys@@@tl@UModSys@@2USUniquePointer@core@3@A@@YAXXZ 0040f196 f    CIL library: CIL module
 0001:0000e1b8       ??__E?s_id@?$TObjectUniqueID@URConsole_std@rsystem@base@UModSys@@@tl@UModSys@@2USUniquePointer@core@3@A@@YAXXZ 0040f1b8 f    CIL library: CIL module
 0001:0000e1da       ??__E?s_modreg@RModuleReg@stdio@media@modules@UModSys@@2U12345@A@@YAXXZ 0040f1da f    CIL library: CIL module
 0001:0000e203       ??__E?s_modreg_chain@RModuleReg@stdio@media@modules@UModSys@@2USModuleRegChain@base@5@A@@YAXXZ 0040f203 f    CIL library: CIL module
 0001:0000e21e       ??__E?s_uid@RGenerator@stdio@media@modules@UModSys@@2USUniquePointer@core@5@A@@YAXXZ 0040f21e f    CIL library: CIL module
 0001:0000e240       ??__E?s_id@?$TObjectUniqueID@UIStreamReader@libmedia@UModSys@@@tl@UModSys@@2USUniquePointer@core@3@A@@YAXXZ 0040f240 f    CIL library: CIL module
 0001:0000e262       ??__E?s_id@?$TObjectUniqueID@UIStreamWriter@libmedia@UModSys@@@tl@UModSys@@2USUniquePointer@core@3@A@@YAXXZ 0040f262 f    CIL library: CIL module
 0001:0000e284       ??__E?s_id@?$TObjectUniqueID@UIUtilities@libmedia@UModSys@@@tl@UModSys@@2USUniquePointer@core@3@A@@YAXXZ 0040f284 f    CIL library: CIL module
 0001:0000e2a6       ??__E?s_id@?$TObjectUniqueID@UILibObject@libmedia@UModSys@@@tl@UModSys@@2USUniquePointer@core@3@A@@YAXXZ 0040f2a6 f    CIL library: CIL module
 0001:0000e2c8       ??__E?s_id@?$TObjectUniqueID@UIBinArchive@libmedia@UModSys@@@tl@UModSys@@2USUniquePointer@core@3@A@@YAXXZ 0040f2c8 f    CIL library: CIL module
 0001:0000e2ea       ??__E?s_id@?$TObjectUniqueID@UIBinObjFilter@libmedia@UModSys@@@tl@UModSys@@2USUniquePointer@core@3@A@@YAXXZ 0040f2ea f    CIL library: CIL module
 0001:0000e30c       ??__E?s_id@?$TObjectUniqueID@UILibrary@libmedia@UModSys@@@tl@UModSys@@2USUniquePointer@core@3@A@@YAXXZ 0040f30c f    CIL library: CIL module
 0001:0000e32e       ??__E?s_id@?$TObjectUniqueID@URStreamReader_FILE@stdio@media@modules@UModSys@@@tl@UModSys@@2USUniquePointer@core@3@A@@YAXXZ 0040f32e f    CIL library: CIL module
 0001:0000e350       ??__E?s_id@?$TObjectUniqueID@URStreamWriter_FILE@stdio@media@modules@UModSys@@@tl@UModSys@@2USUniquePointer@core@3@A@@YAXXZ 0040f350 f    CIL library: CIL module
 0001:0000e372       ??__E?s_id@?$TObjectUniqueID@URDataArchiver_OsDir@stdio@media@modules@UModSys@@@tl@UModSys@@2USUniquePointer@core@3@A@@YAXXZ 0040f372 f    CIL library: CIL module
 0001:0000e394       ??__E?s_id@?$TObjectUniqueID@URGenerator@stdio@media@modules@UModSys@@@tl@UModSys@@2USUniquePointer@core@3@A@@YAXXZ 0040f394 f    CIL library: CIL module
 0001:0000e3b6       ??__E?s_modreg@RModuleReg@stdlib@media@modules@UModSys@@2U12345@A@@YAXXZ 0040f3b6 f    CIL library: CIL module
 0001:0000e3e2       ??__E?s_modreg_chain@RModuleReg@stdlib@media@modules@UModSys@@2USModuleRegChain@base@5@A@@YAXXZ 0040f3e2 f    CIL library: CIL module
 0001:0000e3fd       ??__E?s_uid@RGenerator@stdlib@media@modules@UModSys@@2USUniquePointer@core@5@A@@YAXXZ 0040f3fd f    CIL library: CIL module
 0001:0000e41f       ??__E?s_id@?$TObjectUniqueID@UILibraryBinTree@libmedia@UModSys@@@tl@UModSys@@2USUniquePointer@core@3@A@@YAXXZ 0040f41f f    CIL library: CIL module
 0001:0000e441       ??__E?s_id@?$TObjectUniqueID@UILibraryBinCache@libmedia@UModSys@@@tl@UModSys@@2USUniquePointer@core@3@A@@YAXXZ 0040f441 f    CIL library: CIL module
 0001:0000e463       ??__E?s_id@?$TObjectUniqueID@UILibraryObjFilter@libmedia@UModSys@@@tl@UModSys@@2USUniquePointer@core@3@A@@YAXXZ 0040f463 f    CIL library: CIL module
 0001:0000e485       ??__E?s_id@?$TObjectUniqueID@UILibraryObjCache@libmedia@UModSys@@@tl@UModSys@@2USUniquePointer@core@3@A@@YAXXZ 0040f485 f    CIL library: CIL module
 0001:0000e4a7       ??__E?s_id@?$TObjectUniqueID@UILibraryLayered@libmedia@UModSys@@@tl@UModSys@@2USUniquePointer@core@3@A@@YAXXZ 0040f4a7 f    CIL library: CIL module
 0001:0000e4c9       ??__E?s_id@?$TObjectUniqueID@UIBinArchiveFrame@libmedia@UModSys@@@tl@UModSys@@2USUniquePointer@core@3@A@@YAXXZ 0040f4c9 f    CIL library: CIL module
 0001:0000e4eb       ??__E?s_id@?$TObjectUniqueID@UIClient@IBinArchiveFrame@libmedia@UModSys@@@tl@UModSys@@2USUniquePointer@core@3@A@@YAXXZ 0040f4eb f    CIL library: CIL module
 0001:0000e50d       ??__E?s_id@?$TObjectUniqueID@URUtilities@stdlib@media@modules@UModSys@@@tl@UModSys@@2USUniquePointer@core@3@A@@YAXXZ 0040f50d f    CIL library: CIL module
 0001:0000e52f       ??__E?s_id@?$TObjectUniqueID@URBinArchiveFrame@stdlib@media@modules@UModSys@@@tl@UModSys@@2USUniquePointer@core@3@A@@YAXXZ 0040f52f f    CIL library: CIL module
 0001:0000e551       ??__E?s_id@?$TObjectUniqueID@URLibraryBinTree@stdlib@media@modules@UModSys@@@tl@UModSys@@2USUniquePointer@core@3@A@@YAXXZ 0040f551 f    CIL library: CIL module
 0001:0000e573       ??__E?s_id@?$TObjectUniqueID@URLibraryBinCache@stdlib@media@modules@UModSys@@@tl@UModSys@@2USUniquePointer@core@3@A@@YAXXZ 0040f573 f    CIL library: CIL module
 0001:0000e595       ??__E?s_id@?$TObjectUniqueID@URLibraryLayered@stdlib@media@modules@UModSys@@@tl@UModSys@@2USUniquePointer@core@3@A@@YAXXZ 0040f595 f    CIL library: CIL module
 0001:0000e5b7       ??__E?s_id@?$TObjectUniqueID@URLibraryObjCache@stdlib@media@modules@UModSys@@@tl@UModSys@@2USUniquePointer@core@3@A@@YAXXZ 0040f5b7 f    CIL library: CIL module
 0001:0000e5d9       ??__E?s_id@?$TObjectUniqueID@URLibraryObjFilter@stdlib@media@modules@UModSys@@@tl@UModSys@@2USUniquePointer@core@3@A@@YAXXZ 0040f5d9 f    CIL library: CIL module
 0001:0000e5fb       ??__E?s_id@?$TObjectUniqueID@URGenerator@stdlib@media@modules@UModSys@@@tl@UModSys@@2USUniquePointer@core@3@A@@YAXXZ 0040f5fb f    CIL library: CIL module
 0001:0000e61d       ??__E?s_console@RConsole_std@rsystem@base@UModSys@@2U1234@A@@YAXXZ 0040f61d f    CIL library: CIL module
 0001:0000e629       ??__E?s_sys@RSystem@rsystem@base@UModSys@@2U1234@A@@YAXXZ 0040f629 f    CIL library: CIL module
 0001:0000e63a       ??__Ersys_dbg@rsystem@base@UModSys@@YAXXZ 0040f63a f    CIL library: CIL module
 0001:0000e646       ??__EM@UModSys@@YAXXZ      0040f646 f    CIL library: CIL module
 0001:0000e652       ??__E?root@SModuleRegChain@base@UModSys@@2U123@A@@YAXXZ 0040f652 f    CIL library: CIL module
 0001:0000e65e       ??__E?s_library@RModuleLibraryReg_Chain@base@UModSys@@2U123@A@@YAXXZ 0040f65e f    CIL library: CIL module
 0001:0000e66a       ??__E?root@SUniquePointer@core@UModSys@@2U123@A@@YAXXZ 0040f66a f    CIL library: CIL module
 0001:0000e676       ??__F?s_id@?$TObjectUniqueID@URConsole_std@rsystem@base@UModSys@@@tl@UModSys@@2USUniquePointer@core@3@A@@YAXXZ 0040f676 f    CIL library: CIL module
 0001:0000e680       ??__F?s_id@?$TObjectUniqueID@URSystem@rsystem@base@UModSys@@@tl@UModSys@@2USUniquePointer@core@3@A@@YAXXZ 0040f680 f    CIL library: CIL module
 0001:0000e68a       ??__F?s_id@?$TObjectUniqueID@URParameters@rsystem@base@UModSys@@@tl@UModSys@@2USUniquePointer@core@3@A@@YAXXZ 0040f68a f    CIL library: CIL module
 0001:0000e694       ??__F?s_id@?$TObjectUniqueID@URModuleLibraryThis@rsystem@base@UModSys@@@tl@UModSys@@2USUniquePointer@core@3@A@@YAXXZ 0040f694 f    CIL library: CIL module
 0001:0000e69e       ??__F?s_id@?$TObjectUniqueID@URModuleLibrarySO@rsystem@base@UModSys@@@tl@UModSys@@2USUniquePointer@core@3@A@@YAXXZ 0040f69e f    CIL library: CIL module
 0001:0000e6a8       ??__F?s_id@?$TObjectUniqueID@UIModuleLibraryUni@rsystem@base@UModSys@@@tl@UModSys@@2USUniquePointer@core@3@A@@YAXXZ 0040f6a8 f    CIL library: CIL module
 0001:0000e6b2       ??__F?s_id@?$TObjectUniqueID@URModule@rsystem@base@UModSys@@@tl@UModSys@@2USUniquePointer@core@3@A@@YAXXZ 0040f6b2 f    CIL library: CIL module
 0001:0000e6bc       ??__F?s_id@?$TObjectUniqueID@UISystem@base@UModSys@@@tl@UModSys@@2USUniquePointer@core@3@A@@YAXXZ 0040f6bc f    CIL library: CIL module
 0001:0000e6c6       ??__F?s_id@?$TObjectUniqueID@UIConsole@base@UModSys@@@tl@UModSys@@2USUniquePointer@core@3@A@@YAXXZ 0040f6c6 f    CIL library: CIL module
 0001:0000e6d0       ??__F?s_id@?$TObjectUniqueID@UIShell@base@UModSys@@@tl@UModSys@@2USUniquePointer@core@3@A@@YAXXZ 0040f6d0 f    CIL library: CIL module
 0001:0000e6da       ??__F?s_id@?$TObjectUniqueID@UIGenerator@base@UModSys@@@tl@UModSys@@2USUniquePointer@core@3@A@@YAXXZ 0040f6da f    CIL library: CIL module
 0001:0000e6e4       ??__F?s_id@?$TObjectUniqueID@UIModObject@base@UModSys@@@tl@UModSys@@2USUniquePointer@core@3@A@@YAXXZ 0040f6e4 f    CIL library: CIL module
 0001:0000e6ee       ??__F?s_id@?$TObjectUniqueID@UIModuleLibrary@base@UModSys@@@tl@UModSys@@2USUniquePointer@core@3@A@@YAXXZ 0040f6ee f    CIL library: CIL module
 0001:0000e6f8       ??__F?s_id@?$TObjectUniqueID@UIModule@base@UModSys@@@tl@UModSys@@2USUniquePointer@core@3@A@@YAXXZ 0040f6f8 f    CIL library: CIL module
 0001:0000e702       ??__F?s_id@?$TObjectUniqueID@UIParameters@core@UModSys@@@tl@UModSys@@2USUniquePointer@core@3@A@@YAXXZ 0040f702 f    CIL library: CIL module
 0001:0000e70c       ??__F?s_id@?$TObjectUniqueID@UIRefObject@core@UModSys@@@tl@UModSys@@2USUniquePointer@core@3@A@@YAXXZ 0040f70c f    CIL library: CIL module
 0001:0000e716       ??__F?s_id@?$TObjectUniqueID@UIRoot@core@UModSys@@@tl@UModSys@@2USUniquePointer@core@3@A@@YAXXZ 0040f716 f    CIL library: CIL module
 0001:0000e720       ??__F?s_modreg@RModuleReg@stdio@media@modules@UModSys@@2U12345@A@@YAXXZ 0040f720 f    CIL library: CIL module
 0001:0000e72b       ??__F?s_modreg_chain@RModuleReg@stdio@media@modules@UModSys@@2USModuleRegChain@base@5@A@@YAXXZ 0040f72b f    CIL library: CIL module
 0001:0000e735       ??__F?s_uid@RGenerator@stdio@media@modules@UModSys@@2USUniquePointer@core@5@A@@YAXXZ 0040f735 f    CIL library: CIL module
 0001:0000e73f       ??__Fh@?1??s_holder@RGenerator@stdio@media@modules@UModSys@@SAAAU?$TTypeStaticHolder@URGenerator@stdio@media@modules@UModSys@@@tl@5@XZ@YAXXZ 0040f73f f    CIL library: CIL module
 0001:0000e75c       ??__F?s_id@?$TObjectUniqueID@URGenerator@stdio@media@modules@UModSys@@@tl@UModSys@@2USUniquePointer@core@3@A@@YAXXZ 0040f75c f    CIL library: CIL module
 0001:0000e766       ??__F?s_id@?$TObjectUniqueID@URDataArchiver_OsDir@stdio@media@modules@UModSys@@@tl@UModSys@@2USUniquePointer@core@3@A@@YAXXZ 0040f766 f    CIL library: CIL module
 0001:0000e770       ??__F?s_id@?$TObjectUniqueID@URStreamWriter_FILE@stdio@media@modules@UModSys@@@tl@UModSys@@2USUniquePointer@core@3@A@@YAXXZ 0040f770 f    CIL library: CIL module
 0001:0000e77a       ??__F?s_id@?$TObjectUniqueID@URStreamReader_FILE@stdio@media@modules@UModSys@@@tl@UModSys@@2USUniquePointer@core@3@A@@YAXXZ 0040f77a f    CIL library: CIL module
 0001:0000e784       ??__F?s_id@?$TObjectUniqueID@UILibrary@libmedia@UModSys@@@tl@UModSys@@2USUniquePointer@core@3@A@@YAXXZ 0040f784 f    CIL library: CIL module
 0001:0000e78e       ??__F?s_id@?$TObjectUniqueID@UIBinObjFilter@libmedia@UModSys@@@tl@UModSys@@2USUniquePointer@core@3@A@@YAXXZ 0040f78e f    CIL library: CIL module
 0001:0000e798       ??__F?s_id@?$TObjectUniqueID@UIBinArchive@libmedia@UModSys@@@tl@UModSys@@2USUniquePointer@core@3@A@@YAXXZ 0040f798 f    CIL library: CIL module
 0001:0000e7a2       ??__F?s_id@?$TObjectUniqueID@UILibObject@libmedia@UModSys@@@tl@UModSys@@2USUniquePointer@core@3@A@@YAXXZ 0040f7a2 f    CIL library: CIL module
 0001:0000e7ac       ??__F?s_id@?$TObjectUniqueID@UIUtilities@libmedia@UModSys@@@tl@UModSys@@2USUniquePointer@core@3@A@@YAXXZ 0040f7ac f    CIL library: CIL module
 0001:0000e7b6       ??__F?s_id@?$TObjectUniqueID@UIStreamWriter@libmedia@UModSys@@@tl@UModSys@@2USUniquePointer@core@3@A@@YAXXZ 0040f7b6 f    CIL library: CIL module
 0001:0000e7c0       ??__F?s_id@?$TObjectUniqueID@UIStreamReader@libmedia@UModSys@@@tl@UModSys@@2USUniquePointer@core@3@A@@YAXXZ 0040f7c0 f    CIL library: CIL module
 0001:0000e7ca       ??__F?s_modreg@RModuleReg@stdlib@media@modules@UModSys@@2U12345@A@@YAXXZ 0040f7ca f    CIL library: CIL module
 0001:0000e7d5       ??__F?s_modreg_chain@RModuleReg@stdlib@media@modules@UModSys@@2USModuleRegChain@base@5@A@@YAXXZ 0040f7d5 f    CIL library: CIL module
 0001:0000e7df       ??__F?s_uid@RGenerator@stdlib@media@modules@UModSys@@2USUniquePointer@core@5@A@@YAXXZ 0040f7df f    CIL library: CIL module
 0001:0000e7e9       ??__Fh@?1??s_holder@RGenerator@stdlib@media@modules@UModSys@@SAAAU?$TTypeStaticHolder@URGenerator@stdlib@media@modules@UModSys@@@tl@5@XZ@YAXXZ 0040f7e9 f    CIL library: CIL module
 0001:0000e806       ??__F?s_id@?$TObjectUniqueID@URGenerator@stdlib@media@modules@UModSys@@@tl@UModSys@@2USUniquePointer@core@3@A@@YAXXZ 0040f806 f    CIL library: CIL module
 0001:0000e810       ??__F?s_id@?$TObjectUniqueID@URLibraryObjFilter@stdlib@media@modules@UModSys@@@tl@UModSys@@2USUniquePointer@core@3@A@@YAXXZ 0040f810 f    CIL library: CIL module
 0001:0000e81a       ??__F?s_id@?$TObjectUniqueID@URLibraryObjCache@stdlib@media@modules@UModSys@@@tl@UModSys@@2USUniquePointer@core@3@A@@YAXXZ 0040f81a f    CIL library: CIL module
 0001:0000e824       ??__F?s_id@?$TObjectUniqueID@URLibraryLayered@stdlib@media@modules@UModSys@@@tl@UModSys@@2USUniquePointer@core@3@A@@YAXXZ 0040f824 f    CIL library: CIL module
 0001:0000e82e       ??__F?s_id@?$TObjectUniqueID@URLibraryBinCache@stdlib@media@modules@UModSys@@@tl@UModSys@@2USUniquePointer@core@3@A@@YAXXZ 0040f82e f    CIL library: CIL module
 0001:0000e838       ??__F?s_id@?$TObjectUniqueID@URLibraryBinTree@stdlib@media@modules@UModSys@@@tl@UModSys@@2USUniquePointer@core@3@A@@YAXXZ 0040f838 f    CIL library: CIL module
 0001:0000e842       ??__F?s_id@?$TObjectUniqueID@URBinArchiveFrame@stdlib@media@modules@UModSys@@@tl@UModSys@@2USUniquePointer@core@3@A@@YAXXZ 0040f842 f    CIL library: CIL module
 0001:0000e84c       ??__F?s_id@?$TObjectUniqueID@URUtilities@stdlib@media@modules@UModSys@@@tl@UModSys@@2USUniquePointer@core@3@A@@YAXXZ 0040f84c f    CIL library: CIL module
 0001:0000e856       ??__F?s_id@?$TObjectUniqueID@UIClient@IBinArchiveFrame@libmedia@UModSys@@@tl@UModSys@@2USUniquePointer@core@3@A@@YAXXZ 0040f856 f    CIL library: CIL module
 0001:0000e860       ??__F?s_id@?$TObjectUniqueID@UIBinArchiveFrame@libmedia@UModSys@@@tl@UModSys@@2USUniquePointer@core@3@A@@YAXXZ 0040f860 f    CIL library: CIL module
 0001:0000e86a       ??__F?s_id@?$TObjectUniqueID@UILibraryLayered@libmedia@UModSys@@@tl@UModSys@@2USUniquePointer@core@3@A@@YAXXZ 0040f86a f    CIL library: CIL module
 0001:0000e874       ??__F?s_id@?$TObjectUniqueID@UILibraryObjCache@libmedia@UModSys@@@tl@UModSys@@2USUniquePointer@core@3@A@@YAXXZ 0040f874 f    CIL library: CIL module
 0001:0000e87e       ??__F?s_id@?$TObjectUniqueID@UILibraryObjFilter@libmedia@UModSys@@@tl@UModSys@@2USUniquePointer@core@3@A@@YAXXZ 0040f87e f    CIL library: CIL module
 0001:0000e888       ??__F?s_id@?$TObjectUniqueID@UILibraryBinCache@libmedia@UModSys@@@tl@UModSys@@2USUniquePointer@core@3@A@@YAXXZ 0040f888 f    CIL library: CIL module
 0001:0000e892       ??__F?s_id@?$TObjectUniqueID@UILibraryBinTree@libmedia@UModSys@@@tl@UModSys@@2USUniquePointer@core@3@A@@YAXXZ 0040f892 f    CIL library: CIL module
 0001:0000e89c       ??__F?s_console@RConsole_std@rsystem@base@UModSys@@2U1234@A@@YAXXZ 0040f89c f    CIL library: CIL module
 0001:0000e8c9       ??__F?s_sys@RSystem@rsystem@base@UModSys@@2U1234@A@@YAXXZ 0040f8c9 f    CIL library: CIL module
 0001:0000e8d4       ??__Frsys_dbg@rsystem@base@UModSys@@YAXXZ 0040f8d4 f    CIL library: CIL module
 0001:0000e8eb       ??__FM@UModSys@@YAXXZ      0040f8eb f    CIL library: CIL module
 0001:0000e8ec       ??__F?root@SModuleRegChain@base@UModSys@@2U123@A@@YAXXZ 0040f8ec f    CIL library: CIL module
 0001:0000e8f6       ??__F?s_library@RModuleLibraryReg_Chain@base@UModSys@@2U123@A@@YAXXZ 0040f8f6 f    CIL library: CIL module
 0001:0000e901       ??__F?root@SUniquePointer@core@UModSys@@2U123@A@@YAXXZ 0040f901 f    CIL library: CIL module

 Exports

  ordinal    name

        1    _UModSys_Plugin_Entry2@0
