 umodsysc

 Timestamp is 52b2f62e (Thu Dec 19 16:35:42 2013)

 Preferred load address is 00400000

 Start         Length     Name                   Class
 0001:00000000 0000dac0H .text                   CODE
 0001:0000dac0 00000521H .text$x                 CODE
 0001:0000dfe1 000006ecH .text$yc                CODE
 0001:0000e6cd 00000295H .text$yd                CODE
 0002:00000000 00000154H .idata$5                DATA
 0002:00000154 00000004H .CRT$XCA                DATA
 0002:00000158 00000004H .CRT$XCAA               DATA
 0002:0000015c 000002ccH .CRT$XCU                DATA
 0002:00000428 00000004H .CRT$XCZ                DATA
 0002:0000042c 00000004H .CRT$XIA                DATA
 0002:00000430 00000004H .CRT$XIAA               DATA
 0002:00000434 00000004H .CRT$XIY                DATA
 0002:00000438 00000004H .CRT$XIZ                DATA
 0002:00000440 00001a30H .rdata                  DATA
 0002:00001e70 00001324H .rdata$r                DATA
 0002:000031a0 000000b8H .rdata$sxdata           DATA
 0002:00003258 00000004H .rtc$IAA                DATA
 0002:0000325c 00000004H .rtc$IZZ                DATA
 0002:00003260 00000004H .rtc$TAA                DATA
 0002:00003264 00000004H .rtc$TZZ                DATA
 0002:00003268 00000a4cH .xdata$x                DATA
 0002:00003cb4 00000028H .idata$2                DATA
 0002:00003cdc 00000014H .idata$3                DATA
 0002:00003cf0 00000154H .idata$4                DATA
 0002:00003e44 00000554H .idata$6                DATA
 0002:000043a0 00000058H .edata                  DATA
 0003:00000000 00000cd0H .data                   DATA
 0003:00000cd0 000029f0H .bss                    DATA

  Address         Publics by Value              Rva+Base       Lib:Object

 0000:00000000       __except_list              00000000     <absolute>
 0000:0000002e       ___safe_se_handler_count   0000002e     <absolute>
 0000:00009876       __fltused                  00009876     <absolute>
 0000:00009876       __ldused                   00009876     <absolute>
 0000:00000000       ___ImageBase               00400000     <linker-defined>
 0001:00000000       ??$slen@D@su@tl@UModSys@@YAIPBD@Z 00401000 f i umodsys.c_main.obj
 0001:00000019       _main                      00401019 f   umodsys.c_main.obj
 0001:0000018b       ??0?$TString@U?$TSCoreConst@D@su@tl@UModSys@@U?$TComparerBinaryHash@D@234@@tl@UModSys@@QAE@PBD@Z 0040118b f i umodsys.c_main.obj
 0001:000001b0       ?update@?$TComparerBinaryHash@D@su@tl@UModSys@@QAEXPBDI@Z 004011b0 f i umodsys.c_main.obj
 0001:000001e7       ??1SCMemShared@core@UModSys@@QAE@XZ 004011e7 f i umodsys_lib_libmedia:umodsys.mod.media.stdlib.obj
 0001:000001e7       ??1SMemShared@core@UModSys@@QAE@XZ 004011e7 f i umodsys_lib_libmedia:umodsys.mod.media.stdio.obj
 0001:000001e7       ??1SInfo@IBinObjFilter@libmedia@UModSys@@QAE@XZ 004011e7 f i umodsys_lib_libmedia:umodsys.mod.media.stdlib.obj
 0001:000001f1       ?link@SMemShared@core@UModSys@@QAE_NPAUSMemorySharedData@23@PAUSSourceContext@23@@Z 004011f1 f i umodsys_lib_libmedia:umodsys.mod.media.stdio.obj
 0001:000001f1       ?link@SCMemShared@core@UModSys@@QAE_NPAUSMemorySharedData@23@PAUSSourceContext@23@@Z 004011f1 f i umodsys_lib_libmedia:umodsys.mod.media.stdio.obj
 0001:00000216       ??6SUniquePtrList@core@UModSys@@QAEAAU012@PBUSUniquePointerInfo@12@@Z 00401216 f i umodsys_lib_libmedia:umodsys.mod.media.stdio.obj
 0001:00000232       ??2IRoot@core@UModSys@@SAPAXIABUSIMemAlloc@12@@Z 00401232 f i umodsys_lib_libmedia:umodsys.mod.media.stdio.obj
 0001:00000254       ??3IRoot@core@UModSys@@SAXPAXABUSIMemAlloc@12@@Z 00401254 f i umodsys_lib_libmedia:umodsys.mod.media.stdio.obj
 0001:0000026d       ?_root_get_other_interface@IRefObject@core@UModSys@@IBEPBUIRoot@23@PBUSUniquePointerInfo@23@@Z 0040126d f i umodsys_lib_libmedia:umodsys.mod.media.stdio.obj
 0001:0000026d       ?_root_get_other_interface@IRefObject@core@UModSys@@IAEPAUIRoot@23@PBUSUniquePointerInfo@23@@Z 0040126d f i umodsys_lib_libmedia:umodsys.mod.media.stdio.obj
 0001:0000028e       ?_root_get_interface_types@IRefObject@core@UModSys@@SAIAAUSUniquePtrList@23@@Z 0040128e f i umodsys_lib_libmedia:umodsys.mod.media.stdio.obj
 0001:000002ae       ?_root_is_interface_supported@IRefObject@core@UModSys@@SA_NPBUSUniquePointerInfo@23@@Z 004012ae f i umodsys_lib_libmedia:umodsys.mod.media.stdio.obj
 0001:000002c5       ?get@SParameters@core@UModSys@@QBE_NPBDAA_N@Z 004012c5 f i umodsys_lib_libmedia:umodsys.mod.media.stdio.obj
 0001:000002f7       ?_root_is_interface_supported@IGenerator@base@UModSys@@SA_NPBUSUniquePointerInfo@core@3@@Z 004012f7 f i umodsys_lib_libmedia:umodsys.mod.media.stdio.obj
 0001:00000317       ??1?$TStringBuf@U?$TSCoreShared@USIMemAlloc@core@UModSys@@D@su@tl@UModSys@@U?$TComparerBinaryHash@D@234@@tl@UModSys@@QAE@XZ 00401317 f i umodsys_lib_libmedia:umodsys.mod.media.stdlib.obj
 0001:00000317       ??1?$TSCoreShared@USIMemAlloc@core@UModSys@@D@su@tl@UModSys@@QAE@XZ 00401317 f i umodsys_lib_libmedia:umodsys.mod.media.stdio.obj
 0001:00000317       ??1?$TString@U?$TSCoreShared@USIMemAlloc@core@UModSys@@D@su@tl@UModSys@@U?$TComparerBinaryHash@D@234@@tl@UModSys@@QAE@XZ 00401317 f i umodsys_lib_libmedia:umodsys.mod.media.stdio.obj
 0001:0000031c       ?_root_get_interface_types@IBinArchive@libmedia@UModSys@@SAIAAUSUniquePtrList@core@3@@Z 0040131c f i umodsys_lib_libmedia:umodsys.mod.media.stdio.obj
 0001:0000033e       ?_root_is_interface_supported@IBinArchive@libmedia@UModSys@@SA_NPBUSUniquePointerInfo@core@3@@Z 0040133e f i umodsys_lib_libmedia:umodsys.mod.media.stdio.obj
 0001:0000035e       ?archive_load_data@libmedia@UModSys@@YA_NAAUIBinArchive@12@ABU?$TString@U?$TSCoreConst@D@su@tl@UModSys@@U?$TComparerBinaryHash@D@234@@tl@2@AAUSCMemShared@core@2@ABUSFlags@12@@Z 0040135e f i umodsys_lib_libmedia:umodsys.mod.media.stdio.obj
 0001:00000489       ?file_get_size@stdio@media@modules@UModSys@@YA_JPAU_iobuf@@@Z 00401489 f i umodsys_lib_libmedia:umodsys.mod.media.stdio.obj
 0001:000004d4       ?root_get_interface_info@RStreamReader_FILE@stdio@media@modules@UModSys@@UBEABUSUniquePointerInfo@core@5@XZ 004014d4 f i umodsys_lib_libmedia:umodsys.mod.media.stdio.obj
 0001:000004da       ?root_get_interface_type@RStreamReader_FILE@stdio@media@modules@UModSys@@UBEPBUSUniquePointerInfo@core@5@XZ 004014da f i umodsys_lib_libmedia:umodsys.mod.media.stdio.obj
 0001:000004e0       ?root_get_other_interface@RStreamReader_FILE@stdio@media@modules@UModSys@@UAEPAUIRoot@core@5@PBUSUniquePointerInfo@75@@Z 004014e0 f i umodsys_lib_libmedia:umodsys.mod.media.stdio.obj
 0001:000004e0       ?root_get_other_interface@RStreamReader_FILE@stdio@media@modules@UModSys@@UBEPBUIRoot@core@5@PBUSUniquePointerInfo@75@@Z 004014e0 f i umodsys_lib_libmedia:umodsys.mod.media.stdio.obj
 0001:00000501       ?root_is_interface_supported@RStreamReader_FILE@stdio@media@modules@UModSys@@UBE_NPBUSUniquePointerInfo@core@5@@Z 00401501 f i umodsys_lib_libmedia:umodsys.mod.media.stdio.obj
 0001:00000528       ?ref_add@RStreamWriter_FILE@stdio@media@modules@UModSys@@UBEXXZ 00401528 f i umodsys_lib_libmedia:umodsys.mod.media.stdio.obj
 0001:00000528       ?ref_add@RGenerator@stdio@media@modules@UModSys@@UBEXXZ 00401528 f i umodsys_lib_libmedia:umodsys.mod.media.stdio.obj
 0001:00000528       ?ref_add@RGenerator@stdlib@media@modules@UModSys@@UBEXXZ 00401528 f i umodsys_lib_libmedia:umodsys.mod.media.stdlib.obj
 0001:00000528       ?ref_add@RStreamReader_FILE@stdio@media@modules@UModSys@@UBEXXZ 00401528 f i umodsys_lib_libmedia:umodsys.mod.media.stdio.obj
 0001:00000528       ?ref_add@RUtilities@stdlib@media@modules@UModSys@@UBEXXZ 00401528 f i umodsys_lib_libmedia:umodsys.mod.media.stdlib.obj
 0001:0000052c       ?ref_remove@RStreamWriter_FILE@stdio@media@modules@UModSys@@UBEXXZ 0040152c f i umodsys_lib_libmedia:umodsys.mod.media.stdio.obj
 0001:0000052c       ?ref_remove@RUtilities@stdlib@media@modules@UModSys@@UBEXXZ 0040152c f i umodsys_lib_libmedia:umodsys.mod.media.stdlib.obj
 0001:0000052c       ?ref_remove@RStreamReader_FILE@stdio@media@modules@UModSys@@UBEXXZ 0040152c f i umodsys_lib_libmedia:umodsys.mod.media.stdio.obj
 0001:0000052c       ?ref_remove@RGenerator@stdlib@media@modules@UModSys@@UBEXXZ 0040152c f i umodsys_lib_libmedia:umodsys.mod.media.stdlib.obj
 0001:0000052c       ?ref_remove@RGenerator@stdio@media@modules@UModSys@@UBEXXZ 0040152c f i umodsys_lib_libmedia:umodsys.mod.media.stdio.obj
 0001:00000537       ?ref_weak@RStreamReader_FILE@stdio@media@modules@UModSys@@UBE_NAAUWeakPointer@IRefObject@core@5@@Z 00401537 f i umodsys_lib_libmedia:umodsys.mod.media.stdio.obj
 0001:00000537       ?ref_weak@RUtilities@stdlib@media@modules@UModSys@@UBE_NAAUWeakPointer@IRefObject@core@5@@Z 00401537 f i umodsys_lib_libmedia:umodsys.mod.media.stdlib.obj
 0001:00000537       ?ref_weak@RGenerator@stdlib@media@modules@UModSys@@UBE_NAAUWeakPointer@IRefObject@core@5@@Z 00401537 f i umodsys_lib_libmedia:umodsys.mod.media.stdlib.obj
 0001:00000537       ?ref_weak@RGenerator@stdio@media@modules@UModSys@@UBE_NAAUWeakPointer@IRefObject@core@5@@Z 00401537 f i umodsys_lib_libmedia:umodsys.mod.media.stdio.obj
 0001:00000537       ?ref_weak@RStreamWriter_FILE@stdio@media@modules@UModSys@@UBE_NAAUWeakPointer@IRefObject@core@5@@Z 00401537 f i umodsys_lib_libmedia:umodsys.mod.media.stdio.obj
 0001:00000556       ??0RStreamReader_FILE@stdio@media@modules@UModSys@@QAE@PAUIModObject@base@4@ABUSParameters@core@4@@Z 00401556 f i umodsys_lib_libmedia:umodsys.mod.media.stdio.obj
 0001:000005d1       ??0RStreamReader_FILE@stdio@media@modules@UModSys@@QAE@PAUIModObject@base@4@PBD@Z 004015d1 f i umodsys_lib_libmedia:umodsys.mod.media.stdio.obj
 0001:00000628       ?open@RStreamReader_FILE@stdio@media@modules@UModSys@@QAEXPBD@Z 00401628 f i umodsys_lib_libmedia:umodsys.mod.media.stdio.obj
 0001:0000064c       ?reader_seek@RStreamReader_FILE@stdio@media@modules@UModSys@@UAE_N_J@Z 0040164c f i umodsys_lib_libmedia:umodsys.mod.media.stdio.obj
 0001:0000066f       ?reader_seekend@RStreamReader_FILE@stdio@media@modules@UModSys@@UAE_N_J@Z 0040166f f i umodsys_lib_libmedia:umodsys.mod.media.stdio.obj
 0001:00000695       ?reader_seekdelta@RStreamReader_FILE@stdio@media@modules@UModSys@@UAE_N_J@Z 00401695 f i umodsys_lib_libmedia:umodsys.mod.media.stdio.obj
 0001:000006b8       ?reader_pos@RStreamReader_FILE@stdio@media@modules@UModSys@@UAE_JXZ 004016b8 f i umodsys_lib_libmedia:umodsys.mod.media.stdio.obj
 0001:000006cd       ?reader_size@RStreamReader_FILE@stdio@media@modules@UModSys@@UAE_JXZ 004016cd f i umodsys_lib_libmedia:umodsys.mod.media.stdio.obj
 0001:000006d4       ?reader_read@RStreamReader_FILE@stdio@media@modules@UModSys@@UAE_NPAXI@Z 004016d4 f i umodsys_lib_libmedia:umodsys.mod.media.stdio.obj
 0001:00000731       ?reader_close@RStreamReader_FILE@stdio@media@modules@UModSys@@UAEXXZ 00401731 f i umodsys_lib_libmedia:umodsys.mod.media.stdio.obj
 0001:00000749       ??_GRStreamReader_FILE@stdio@media@modules@UModSys@@UAEPAXI@Z 00401749 f i umodsys_lib_libmedia:umodsys.mod.media.stdio.obj
 0001:00000749       ??_ERStreamReader_FILE@stdio@media@modules@UModSys@@UAEPAXI@Z 00401749 f i  CIL library: CIL module
 0001:00000771       ?root_get_interface_info@RStreamWriter_FILE@stdio@media@modules@UModSys@@UBEABUSUniquePointerInfo@core@5@XZ 00401771 f i umodsys_lib_libmedia:umodsys.mod.media.stdio.obj
 0001:00000777       ?root_get_interface_type@RStreamWriter_FILE@stdio@media@modules@UModSys@@UBEPBUSUniquePointerInfo@core@5@XZ 00401777 f i umodsys_lib_libmedia:umodsys.mod.media.stdio.obj
 0001:0000077d       ?root_get_other_interface@RStreamWriter_FILE@stdio@media@modules@UModSys@@UAEPAUIRoot@core@5@PBUSUniquePointerInfo@75@@Z 0040177d f i umodsys_lib_libmedia:umodsys.mod.media.stdio.obj
 0001:0000077d       ?root_get_other_interface@RStreamWriter_FILE@stdio@media@modules@UModSys@@UBEPBUIRoot@core@5@PBUSUniquePointerInfo@75@@Z 0040177d f i umodsys_lib_libmedia:umodsys.mod.media.stdio.obj
 0001:0000079e       ?root_is_interface_supported@RStreamWriter_FILE@stdio@media@modules@UModSys@@UBE_NPBUSUniquePointerInfo@core@5@@Z 0040179e f i umodsys_lib_libmedia:umodsys.mod.media.stdio.obj
 0001:000007c5       ??0RStreamWriter_FILE@stdio@media@modules@UModSys@@QAE@PAUIModObject@base@4@ABUSParameters@core@4@@Z 004017c5 f i umodsys_lib_libmedia:umodsys.mod.media.stdio.obj
 0001:0000085e       ??0RStreamWriter_FILE@stdio@media@modules@UModSys@@QAE@PAUIModObject@base@4@PBD_N@Z 0040185e f i umodsys_lib_libmedia:umodsys.mod.media.stdio.obj
 0001:000008bf       ?open@RStreamWriter_FILE@stdio@media@modules@UModSys@@QAEXPBD_N@Z 004018bf f i umodsys_lib_libmedia:umodsys.mod.media.stdio.obj
 0001:00000905       ?writer_seek@RStreamWriter_FILE@stdio@media@modules@UModSys@@UAE_N_J@Z 00401905 f i umodsys_lib_libmedia:umodsys.mod.media.stdio.obj
 0001:00000928       ?writer_seekend@RStreamWriter_FILE@stdio@media@modules@UModSys@@UAE_N_J@Z 00401928 f i umodsys_lib_libmedia:umodsys.mod.media.stdio.obj
 0001:0000094e       ?writer_seekdelta@RStreamWriter_FILE@stdio@media@modules@UModSys@@UAE_N_J@Z 0040194e f i umodsys_lib_libmedia:umodsys.mod.media.stdio.obj
 0001:00000971       ?writer_setsize@RStreamWriter_FILE@stdio@media@modules@UModSys@@UAE_N_J@Z 00401971 f i umodsys_lib_libmedia:umodsys.mod.media.stdio.obj
 0001:000009b9       ?writer_pos@RStreamWriter_FILE@stdio@media@modules@UModSys@@UAE_JXZ 004019b9 f i umodsys_lib_libmedia:umodsys.mod.media.stdio.obj
 0001:000009ce       ?writer_size@RStreamWriter_FILE@stdio@media@modules@UModSys@@UAE_JXZ 004019ce f i umodsys_lib_libmedia:umodsys.mod.media.stdio.obj
 0001:000009f3       ?writer_write@RStreamWriter_FILE@stdio@media@modules@UModSys@@UAE_NPBXI@Z 004019f3 f i umodsys_lib_libmedia:umodsys.mod.media.stdio.obj
 0001:00000a50       ?writer_copy@RStreamWriter_FILE@stdio@media@modules@UModSys@@UAE_NPAUIStreamReader@libmedia@5@_J@Z 00401a50 f i umodsys_lib_libmedia:umodsys.mod.media.stdio.obj
 0001:00000ad4       ?writer_copy@RStreamWriter_FILE@stdio@media@modules@UModSys@@UAE_NPAUIStreamReader@libmedia@5@_J1@Z 00401ad4 f i umodsys_lib_libmedia:umodsys.mod.media.stdio.obj
 0001:00000b0b       ?writer_close@RStreamWriter_FILE@stdio@media@modules@UModSys@@UAEXXZ 00401b0b f i umodsys_lib_libmedia:umodsys.mod.media.stdio.obj
 0001:00000b38       ?writer_abort@RStreamWriter_FILE@stdio@media@modules@UModSys@@UAEXXZ 00401b38 f i umodsys_lib_libmedia:umodsys.mod.media.stdio.obj
 0001:00000b65       ??_GRStreamWriter_FILE@stdio@media@modules@UModSys@@UAEPAXI@Z 00401b65 f i umodsys_lib_libmedia:umodsys.mod.media.stdio.obj
 0001:00000b65       ??_ERStreamWriter_FILE@stdio@media@modules@UModSys@@UAEPAXI@Z 00401b65 f i  CIL library: CIL module
 0001:00000ba9       ??1IModule@base@UModSys@@UAE@XZ 00401ba9 f i umodsys_lib_base:umodsys.base.module.obj
 0001:00000ba9       ??1ISystem@base@UModSys@@UAE@XZ 00401ba9 f i umodsys_lib_base:umodsys.base.system.obj
 0001:00000ba9       ??1IStreamReader@libmedia@UModSys@@UAE@XZ 00401ba9 f i umodsys_lib_libmedia:umodsys.mod.media.stdio.obj
 0001:00000ba9       ??1IStreamWriter@libmedia@UModSys@@UAE@XZ 00401ba9 f i umodsys_lib_libmedia:umodsys.mod.media.stdio.obj
 0001:00000ba9       ??1IRefObject@core@UModSys@@UAE@XZ 00401ba9 f i umodsys_lib_core:umodsys.core.objects.obj
 0001:00000ba9       ??1IUtilities@libmedia@UModSys@@UAE@XZ 00401ba9 f i umodsys_lib_libmedia:umodsys.mod.media.stdlib.obj
 0001:00000bb0       ?root_get_interface_info@RDataArchiver_OsDir@stdio@media@modules@UModSys@@UBEABUSUniquePointerInfo@core@5@XZ 00401bb0 f i umodsys_lib_libmedia:umodsys.mod.media.stdio.obj
 0001:00000bb6       ?root_get_interface_type@RDataArchiver_OsDir@stdio@media@modules@UModSys@@UBEPBUSUniquePointerInfo@core@5@XZ 00401bb6 f i umodsys_lib_libmedia:umodsys.mod.media.stdio.obj
 0001:00000bbc       ?root_get_other_interface@RDataArchiver_OsDir@stdio@media@modules@UModSys@@UAEPAUIRoot@core@5@PBUSUniquePointerInfo@75@@Z 00401bbc f i umodsys_lib_libmedia:umodsys.mod.media.stdio.obj
 0001:00000bbc       ?root_get_other_interface@RDataArchiver_OsDir@stdio@media@modules@UModSys@@UBEPBUIRoot@core@5@PBUSUniquePointerInfo@75@@Z 00401bbc f i umodsys_lib_libmedia:umodsys.mod.media.stdio.obj
 0001:00000be5       ?root_is_interface_supported@RDataArchiver_OsDir@stdio@media@modules@UModSys@@UBE_NPBUSUniquePointerInfo@core@5@@Z 00401be5 f i umodsys_lib_libmedia:umodsys.mod.media.stdio.obj
 0001:00000c04       ?suicide@RLibraryBinCache@stdlib@media@modules@UModSys@@UAEXXZ 00401c04 f i umodsys_lib_libmedia:umodsys.mod.media.stdlib.obj
 0001:00000c04       ?suicide@RLibraryObjCache@stdlib@media@modules@UModSys@@UAEXXZ 00401c04 f i umodsys_lib_libmedia:umodsys.mod.media.stdlib.obj
 0001:00000c04       ?suicide@RLibraryBinTree@stdlib@media@modules@UModSys@@UAEXXZ 00401c04 f i umodsys_lib_libmedia:umodsys.mod.media.stdlib.obj
 0001:00000c04       ?suicide@RLibraryLayered@stdlib@media@modules@UModSys@@UAEXXZ 00401c04 f i umodsys_lib_libmedia:umodsys.mod.media.stdlib.obj
 0001:00000c04       ?suicide@RDataArchiver_OsDir@stdio@media@modules@UModSys@@UAEXXZ 00401c04 f i umodsys_lib_libmedia:umodsys.mod.media.stdio.obj
 0001:00000c04       ?suicide@RLibraryObjFilter@stdlib@media@modules@UModSys@@UAEXXZ 00401c04 f i umodsys_lib_libmedia:umodsys.mod.media.stdlib.obj
 0001:00000c41       ??0RDataArchiver_OsDir@stdio@media@modules@UModSys@@QAE@PAUIModObject@base@4@ABUSParameters@core@4@U?$TFlags4State@USMediaFlagUid@libmedia@UModSys@@I@tl@4@@Z 00401c41 f i umodsys_lib_libmedia:umodsys.mod.media.stdio.obj
 0001:00000cb4       ?open@RDataArchiver_OsDir@stdio@media@modules@UModSys@@QAEXABUSParameters@core@5@@Z 00401cb4 f i umodsys_lib_libmedia:umodsys.mod.media.stdio.obj
 0001:00000d8f       ?get_flag@RDataArchiver_OsDir@stdio@media@modules@UModSys@@UBE?AW4eStates@?$TFlags4State@USMediaFlagUid@libmedia@UModSys@@I@tl@5@H@Z 00401d8f f i umodsys_lib_libmedia:umodsys.mod.media.stdio.obj
 0001:00000da2       ?get_flags_auto@RDataArchiver_OsDir@stdio@media@modules@UModSys@@UBE?AU?$TFlags4State@USMediaFlagUid@libmedia@UModSys@@I@tl@5@XZ 00401da2 f i umodsys_lib_libmedia:umodsys.mod.media.stdio.obj
 0001:00000db1       ?set_flag@RDataArchiver_OsDir@stdio@media@modules@UModSys@@UAE?AW4eStates@?$TFlags4State@USMediaFlagUid@libmedia@UModSys@@I@tl@5@HW46785@@Z 00401db1 f i umodsys_lib_libmedia:umodsys.mod.media.stdio.obj
 0001:00000dde       ?data_load@RDataArchiver_OsDir@stdio@media@modules@UModSys@@UAE_NABU?$TString@U?$TSCoreConst@D@su@tl@UModSys@@U?$TComparerBinaryHash@D@234@@tl@5@AAUSCMemShared@core@5@ABUSFlags@libmedia@5@@Z 00401dde f i umodsys_lib_libmedia:umodsys.mod.media.stdio.obj
 0001:00000e12       ?data_save@RDataArchiver_OsDir@stdio@media@modules@UModSys@@UAE_NABU?$TString@U?$TSCoreConst@D@su@tl@UModSys@@U?$TComparerBinaryHash@D@234@@tl@5@ABUSCMem@core@5@ABUSFlags@libmedia@5@@Z 00401e12 f i umodsys_lib_libmedia:umodsys.mod.media.stdio.obj
 0001:00000e88       ?data_reader@RDataArchiver_OsDir@stdio@media@modules@UModSys@@UAE?AU?$TRefObject@UIStreamReader@libmedia@UModSys@@U?$TRefObjectFunc@UIStreamReader@libmedia@UModSys@@@tl@3@@tl@5@ABU?$TString@U?$TSCoreConst@D@su@tl@UModSys@@U?$TComparerBinaryHash@D@234@@75@ABUSFlags@libmedia@5@@Z 00401e88 f i umodsys_lib_libmedia:umodsys.mod.media.stdio.obj
 0001:00000f91       ?data_writer@RDataArchiver_OsDir@stdio@media@modules@UModSys@@UAE?AU?$TRefObject@UIStreamWriter@libmedia@UModSys@@U?$TRefObjectFunc@UIStreamWriter@libmedia@UModSys@@@tl@3@@tl@5@ABU?$TString@U?$TSCoreConst@D@su@tl@UModSys@@U?$TComparerBinaryHash@D@234@@75@ABUSFlags@libmedia@5@@Z 00401f91 f i umodsys_lib_libmedia:umodsys.mod.media.stdio.obj
 0001:000010b3       ?data_list@RDataArchiver_OsDir@stdio@media@modules@UModSys@@UAE_NABU?$TString@U?$TSCoreConst@D@su@tl@UModSys@@U?$TComparerBinaryHash@D@234@@tl@5@IAAU?$TIStackSocket@USFileInfo@libmedia@UModSys@@@75@ABUSFlags@libmedia@5@@Z 004020b3 f i umodsys_lib_libmedia:umodsys.mod.media.stdio.obj
 0001:000010b3       ?data_list@RDataArchiver_OsDir@stdio@media@modules@UModSys@@UAE_NABU?$TString@U?$TSCoreConst@D@su@tl@UModSys@@U?$TComparerBinaryHash@D@234@@tl@5@IAAUSFileInfo@libmedia@5@ABUSFlags@95@@Z 004020b3 f i umodsys_lib_libmedia:umodsys.mod.media.stdio.obj
 0001:000010fc       ?get_permissions@RDataArchiver_OsDir@stdio@media@modules@UModSys@@UAEHXZ 004020fc f i umodsys_lib_libmedia:umodsys.mod.media.stdio.obj
 0001:00001100       ??_ERDataArchiver_OsDir@stdio@media@modules@UModSys@@UAEPAXI@Z 00402100 f i  CIL library: CIL module
 0001:00001100       ??_GRDataArchiver_OsDir@stdio@media@modules@UModSys@@UAEPAXI@Z 00402100 f i umodsys_lib_libmedia:umodsys.mod.media.stdio.obj
 0001:00001154       ??1ILibObject@libmedia@UModSys@@UAE@XZ 00402154 f i umodsys_lib_libmedia:umodsys.mod.media.stdio.obj
 0001:0000118b       ?get_generated_names@RGenerator@stdio@media@modules@UModSys@@UBEHAAUSUniquePtrList@core@5@@Z 0040218b f i umodsys_lib_libmedia:umodsys.mod.media.stdio.obj
 0001:000011bb       ?get_generated_types@RGenerator@stdio@media@modules@UModSys@@UBEHAAUSUniquePtrList@core@5@PBUSUniquePointerInfo@75@@Z 004021bb f i umodsys_lib_libmedia:umodsys.mod.media.stdio.obj
 0001:0000122e       ?generate@RGenerator@stdio@media@modules@UModSys@@UAE_NAAU?$TRefObject@UIRefObject@core@UModSys@@U?$TRefObjectFunc@UIRefObject@core@UModSys@@@tl@3@@tl@5@PBUSUniquePointerInfo@core@5@ABUSParameters@95@@Z 0040222e f i umodsys_lib_libmedia:umodsys.mod.media.stdio.obj
 0001:00001295       ?root_get_interface_info@RGenerator@stdio@media@modules@UModSys@@UBEABUSUniquePointerInfo@core@5@XZ 00402295 f i umodsys_lib_libmedia:umodsys.mod.media.stdio.obj
 0001:0000129b       ?root_get_interface_type@RGenerator@stdio@media@modules@UModSys@@UBEPBUSUniquePointerInfo@core@5@XZ 0040229b f i umodsys_lib_libmedia:umodsys.mod.media.stdio.obj
 0001:000012a1       ?root_get_other_interface@RGenerator@stdio@media@modules@UModSys@@UAEPAUIRoot@core@5@PBUSUniquePointerInfo@75@@Z 004022a1 f i umodsys_lib_libmedia:umodsys.mod.media.stdio.obj
 0001:000012a1       ?root_get_other_interface@RGenerator@stdio@media@modules@UModSys@@UBEPBUIRoot@core@5@PBUSUniquePointerInfo@75@@Z 004022a1 f i umodsys_lib_libmedia:umodsys.mod.media.stdio.obj
 0001:000012ca       ?root_is_interface_supported@RGenerator@stdio@media@modules@UModSys@@UBE_NPBUSUniquePointerInfo@core@5@@Z 004022ca f i umodsys_lib_libmedia:umodsys.mod.media.stdio.obj
 0001:000012e9       ?ref_links@RGenerator@stdlib@media@modules@UModSys@@UBEHXZ 004022e9 f i umodsys_lib_libmedia:umodsys.mod.media.stdlib.obj
 0001:000012e9       ?get_system@IModuleLibraryUni@rsystem@base@UModSys@@UBEPAUISystem@34@XZ 004022e9 f i umodsys_lib_basesys:umodsys.basesys.rmodulelib.obj
 0001:000012e9       ?ref_links@RGenerator@stdio@media@modules@UModSys@@UBEHXZ 004022e9 f i umodsys_lib_libmedia:umodsys.mod.media.stdio.obj
 0001:000012e9       ?ref_links@RStreamReader_FILE@stdio@media@modules@UModSys@@UBEHXZ 004022e9 f i umodsys_lib_libmedia:umodsys.mod.media.stdio.obj
 0001:000012e9       ?ref_links@RStreamWriter_FILE@stdio@media@modules@UModSys@@UBEHXZ 004022e9 f i umodsys_lib_libmedia:umodsys.mod.media.stdio.obj
 0001:000012e9       ?ref_links@RUtilities@stdlib@media@modules@UModSys@@UBEHXZ 004022e9 f i umodsys_lib_libmedia:umodsys.mod.media.stdlib.obj
 0001:000012ed       ?get_uid@RGenerator@stdio@media@modules@UModSys@@UBEPBUSUniquePointerInfo@core@5@XZ 004022ed f i umodsys_lib_libmedia:umodsys.mod.media.stdio.obj
 0001:000012f3       ?do_open@RModuleReg@stdio@media@modules@UModSys@@UAE_NXZ 004022f3 f i umodsys_lib_libmedia:umodsys.mod.media.stdio.obj
 0001:00001341       ?do_close@RModuleReg@stdio@media@modules@UModSys@@UAE_NXZ 00402341 f i umodsys_lib_libmedia:umodsys.mod.media.stdio.obj
 0001:0000137c       ?get_module@RGenerator@stdio@media@modules@UModSys@@UBEPAUIModule@base@5@XZ 0040237c f   umodsys_lib_libmedia:umodsys.mod.media.stdio.obj
 0001:00001382       ?mod_inc@RGenerator@stdio@media@modules@UModSys@@UBE_NXZ 00402382 f   umodsys_lib_libmedia:umodsys.mod.media.stdio.obj
 0001:0000138d       ?mod_dec@RGenerator@stdio@media@modules@UModSys@@UBE_NXZ 0040238d f   umodsys_lib_libmedia:umodsys.mod.media.stdio.obj
 0001:00001398       ?s_holder@RGenerator@stdio@media@modules@UModSys@@SAAAU?$TTypeStaticHolder@URGenerator@stdio@media@modules@UModSys@@@tl@5@XZ 00402398 f   umodsys_lib_libmedia:umodsys.mod.media.stdio.obj
 0001:000013ca       ??0?$TString@U?$TSCoreShared@USIMemAlloc@core@UModSys@@D@su@tl@UModSys@@U?$TComparerBinaryHash@D@234@@tl@UModSys@@QAE@XZ 004023ca f i umodsys_lib_libmedia:umodsys.mod.media.stdio.obj
 0001:000013e0       ?set@?$TSCoreShared@USIMemAlloc@core@UModSys@@D@su@tl@UModSys@@QAEXPBD@Z 004023e0 f i umodsys_lib_libmedia:umodsys.mod.media.stdio.obj
 0001:00001405       ?info_release@?$TSCoreShared@USIMemAlloc@core@UModSys@@D@su@tl@UModSys@@QAEXXZ 00402405 f i umodsys_lib_libmedia:umodsys.mod.media.stdio.obj
 0001:0000143e       ?info_new@?$TSCoreShared@USIMemAlloc@core@UModSys@@D@su@tl@UModSys@@QAE_NPBDI@Z 0040243e f i umodsys_lib_libmedia:umodsys.mod.media.stdio.obj
 0001:000014a2       ?get_null@?$TSCoreShared@USIMemAlloc@core@UModSys@@D@su@tl@UModSys@@SAPAU?$TSharedStringInfo@DUSIMemAlloc@core@UModSys@@@234@XZ 004024a2 f i umodsys_lib_libmedia:umodsys.mod.media.stdio.obj
 0001:000014da       ??$ValidateConstruction@UIStreamReader@libmedia@UModSys@@URStreamReader_FILE@stdio@media@modules@3@@core@UModSys@@YA_NAAU?$TRefObject@UIStreamReader@libmedia@UModSys@@U?$TRefObjectFunc@UIStreamReader@libmedia@UModSys@@@tl@3@@tl@1@PAURStreamReader_FILE@stdio@media@modules@1@@Z 004024da f i umodsys_lib_libmedia:umodsys.mod.media.stdio.obj
 0001:0000152c       ??$yes@U?$TFlags4StateShift@USMediaFlagUid@libmedia@UModSys@@I$09@tl@UModSys@@@SFlags@libmedia@UModSys@@QBE_NPBUIResolverAuto@012@@Z 0040252c f i umodsys_lib_libmedia:umodsys.mod.media.stdio.obj
 0001:0000157d       ??$ValidateConstruction@UIStreamWriter@libmedia@UModSys@@URStreamWriter_FILE@stdio@media@modules@3@@core@UModSys@@YA_NAAU?$TRefObject@UIStreamWriter@libmedia@UModSys@@U?$TRefObjectFunc@UIStreamWriter@libmedia@UModSys@@@tl@3@@tl@1@PAURStreamWriter_FILE@stdio@media@modules@1@@Z 0040257d f i umodsys_lib_libmedia:umodsys.mod.media.stdio.obj
 0001:000015d7       ??$t_gen_param@URStreamReader_FILE@stdio@media@modules@UModSys@@URGenerator@2345@@IGenerator@base@UModSys@@IAE_NPAURGenerator@stdio@media@modules@2@AAU?$TRefObject@UIRefObject@core@UModSys@@U?$TRefObjectFunc@UIRefObject@core@UModSys@@@tl@3@@tl@2@PBUSUniquePointerInfo@core@2@ABUSParameters@core@2@@Z 004025d7 f i umodsys_lib_libmedia:umodsys.mod.media.stdio.obj
 0001:00001662       ??$t_gen_param@URStreamWriter_FILE@stdio@media@modules@UModSys@@URGenerator@2345@@IGenerator@base@UModSys@@IAE_NPAURGenerator@stdio@media@modules@2@AAU?$TRefObject@UIRefObject@core@UModSys@@U?$TRefObjectFunc@UIRefObject@core@UModSys@@@tl@3@@tl@2@PBUSUniquePointerInfo@core@2@ABUSParameters@core@2@@Z 00402662 f i umodsys_lib_libmedia:umodsys.mod.media.stdio.obj
 0001:000016ed       ??$t_gen_param@URDataArchiver_OsDir@stdio@media@modules@UModSys@@URGenerator@2345@@IGenerator@base@UModSys@@IAE_NPAURGenerator@stdio@media@modules@2@AAU?$TRefObject@UIRefObject@core@UModSys@@U?$TRefObjectFunc@UIRefObject@core@UModSys@@@tl@3@@tl@2@PBUSUniquePointerInfo@core@2@ABUSParameters@core@2@@Z 004026ed f i umodsys_lib_libmedia:umodsys.mod.media.stdio.obj
 0001:00001768       ??1?$TRefObject@UIModObject@base@UModSys@@U?$TModObjectFunc@UIModObject@base@UModSys@@@tl@3@@tl@UModSys@@QAE@XZ 00402768 f i umodsys_lib_libmedia:umodsys.mod.media.stdio.obj
 0001:0000177e       ?s_init@?$TModObjectFunc@UIModObject@base@UModSys@@@tl@UModSys@@SAXAAPAUIModObject@base@3@PAU453@@Z 0040277e f i umodsys_lib_libmedia:umodsys.mod.media.stdio.obj
 0001:00001797       ??4?$TRefObject@UIStreamReader@libmedia@UModSys@@U?$TRefObjectFunc@UIStreamReader@libmedia@UModSys@@@tl@3@@tl@UModSys@@QAEABU012@PAUIStreamReader@libmedia@2@@Z 00402797 f i umodsys_lib_libmedia:umodsys.mod.media.stdio.obj
 0001:00001797       ??4?$TRefObject@UIRefObject@core@UModSys@@U?$TRefObjectFunc@UIRefObject@core@UModSys@@@tl@3@@tl@UModSys@@QAEABU012@PAUIRefObject@core@2@@Z 00402797 f i umodsys_lib_libmedia:umodsys.mod.media.stdio.obj
 0001:000017b2       ?new_data@SMemorySharedData@core@UModSys@@SAPAU123@IPBUSSourceContext@23@@Z 004027b2 f i umodsys_lib_libmedia:umodsys.mod.media.stdlib.obj
 0001:000017d6       ??$seq@D@su@tl@UModSys@@YA_NPBD0I@Z 004027d6 f i umodsys_lib_libmedia:umodsys.mod.media.stdlib.obj
 0001:000017f1       ??1SFileInfo@libmedia@UModSys@@QAE@XZ 004027f1 f i umodsys_lib_libmedia:umodsys.mod.media.stdlib.obj
 0001:0000183e       ?get_flag@RResolverChain@SFlagsChain@libmedia@UModSys@@UBE?AW4eStates@?$TFlags4State@USMediaFlagUid@libmedia@UModSys@@I@tl@4@H@Z 0040283e f i umodsys_lib_libmedia:umodsys.mod.media.stdlib.obj
 0001:00001864       ?bin_reader@ILibrary@libmedia@UModSys@@QAE?AU?$TRefObject@UIStreamReader@libmedia@UModSys@@U?$TRefObjectFunc@UIStreamReader@libmedia@UModSys@@@tl@3@@tl@3@ABU?$TString@U?$TSCoreConst@D@su@tl@UModSys@@U?$TComparerBinaryHash@D@234@@53@ABU?$TFlags4State@USMediaFlagUid@libmedia@UModSys@@I@53@@Z 00402864 f i umodsys_lib_libmedia:umodsys.mod.media.stdlib.obj
 0001:00001893       ?bin_writer@ILibrary@libmedia@UModSys@@QAE?AU?$TRefObject@UIStreamWriter@libmedia@UModSys@@U?$TRefObjectFunc@UIStreamWriter@libmedia@UModSys@@@tl@3@@tl@3@ABU?$TString@U?$TSCoreConst@D@su@tl@UModSys@@U?$TComparerBinaryHash@D@234@@53@ABU?$TFlags4State@USMediaFlagUid@libmedia@UModSys@@I@53@@Z 00402893 f i umodsys_lib_libmedia:umodsys.mod.media.stdlib.obj
 0001:000018c2       ?_root_get_other_interface@ILibrary@libmedia@UModSys@@IBEPBUIRoot@core@3@PBUSUniquePointerInfo@53@@Z 004028c2 f i umodsys_lib_libmedia:umodsys.mod.media.stdlib.obj
 0001:000018c2       ?_root_get_other_interface@ILibrary@libmedia@UModSys@@IAEPAUIRoot@core@3@PBUSUniquePointerInfo@53@@Z 004028c2 f i umodsys_lib_libmedia:umodsys.mod.media.stdlib.obj
 0001:000018de       ?_root_get_interface_types@ILibrary@libmedia@UModSys@@SAIAAUSUniquePtrList@core@3@@Z 004028de f i umodsys_lib_libmedia:umodsys.mod.media.stdlib.obj
 0001:00001900       ?_root_is_interface_supported@ILibrary@libmedia@UModSys@@SA_NPBUSUniquePointerInfo@core@3@@Z 00402900 f i umodsys_lib_libmedia:umodsys.mod.media.stdlib.obj
 0001:00001920       ??1SLayer@ILibraryLayered@libmedia@UModSys@@QAE@XZ 00402920 f i umodsys_lib_libmedia:umodsys.mod.media.stdlib.obj
 0001:00001920       ??1SPoint@ILibraryBinTree@libmedia@UModSys@@QAE@XZ 00402920 f i umodsys_lib_libmedia:umodsys.mod.media.stdlib.obj
 0001:00001931       ?setname@NameNode@IBinArchiveFrame@libmedia@UModSys@@QAEXPAXHABU?$TString@U?$TSCoreConst@D@su@tl@UModSys@@U?$TComparerBinaryHash@D@234@@tl@4@@Z 00402931 f i umodsys_lib_libmedia:umodsys.mod.media.stdlib.obj
 0001:00001979       ?setname@NameNode@IBinArchiveFrame@libmedia@UModSys@@QAEXPAXHABU?$TString@U?$TSCoreConst@D@su@tl@UModSys@@U?$TComparerUtfNocaseHash@D@234@@tl@4@@Z 00402979 f i umodsys_lib_libmedia:umodsys.mod.media.stdlib.obj
 0001:000019c9       ??RNameNodeCmpC@IBinArchiveFrame@libmedia@UModSys@@QBEHPBUNameNode@123@@Z 004029c9 f i umodsys_lib_libmedia:umodsys.mod.media.stdlib.obj
 0001:000019f3       ??RNameNodeCmpUC@IBinArchiveFrame@libmedia@UModSys@@QBEHPBUNameNode@123@@Z 004029f3 f i umodsys_lib_libmedia:umodsys.mod.media.stdlib.obj
 0001:00001a4e       ?root_get_interface_info@RUtilities@stdlib@media@modules@UModSys@@UBEABUSUniquePointerInfo@core@5@XZ 00402a4e f i umodsys_lib_libmedia:umodsys.mod.media.stdlib.obj
 0001:00001a54       ?root_get_interface_type@RUtilities@stdlib@media@modules@UModSys@@UBEPBUSUniquePointerInfo@core@5@XZ 00402a54 f i umodsys_lib_libmedia:umodsys.mod.media.stdlib.obj
 0001:00001a5a       ?root_get_interface_types@RBinArchiveFrame@stdlib@media@modules@UModSys@@UBEIAAUSUniquePtrList@core@5@@Z 00402a5a f i umodsys_lib_libmedia:umodsys.mod.media.stdlib.obj
 0001:00001a5a       ?root_get_interface_types@RConsole_std@rsystem@base@UModSys@@UBEIAAUSUniquePtrList@core@4@@Z 00402a5a f i umodsys_lib_basesys:umodsys.basesys.rconsole_std.obj
 0001:00001a5a       ?root_get_interface_types@RLibraryLayered@stdlib@media@modules@UModSys@@UBEIAAUSUniquePtrList@core@5@@Z 00402a5a f i umodsys_lib_libmedia:umodsys.mod.media.stdlib.obj
 0001:00001a5a       ?root_get_interface_types@RLibraryBinTree@stdlib@media@modules@UModSys@@UBEIAAUSUniquePtrList@core@5@@Z 00402a5a f i umodsys_lib_libmedia:umodsys.mod.media.stdlib.obj
 0001:00001a5a       ?root_get_interface_types@RGenerator@stdlib@media@modules@UModSys@@UBEIAAUSUniquePtrList@core@5@@Z 00402a5a f i umodsys_lib_libmedia:umodsys.mod.media.stdlib.obj
 0001:00001a5a       ?root_get_interface_types@RStreamWriter_FILE@stdio@media@modules@UModSys@@UBEIAAUSUniquePtrList@core@5@@Z 00402a5a f i umodsys_lib_libmedia:umodsys.mod.media.stdio.obj
 0001:00001a5a       ?root_get_interface_types@RGenerator@stdio@media@modules@UModSys@@UBEIAAUSUniquePtrList@core@5@@Z 00402a5a f i umodsys_lib_libmedia:umodsys.mod.media.stdio.obj
 0001:00001a5a       ?root_get_interface_types@RModuleLibraryThis@rsystem@base@UModSys@@UBEIAAUSUniquePtrList@core@4@@Z 00402a5a f i umodsys_lib_basesys:umodsys.basesys.rmodulelibthis.obj
 0001:00001a5a       ?root_get_interface_types@RDataArchiver_OsDir@stdio@media@modules@UModSys@@UBEIAAUSUniquePtrList@core@5@@Z 00402a5a f i umodsys_lib_libmedia:umodsys.mod.media.stdio.obj
 0001:00001a5a       ?root_get_interface_types@RSystem@rsystem@base@UModSys@@UBEIAAUSUniquePtrList@core@4@@Z 00402a5a f i umodsys_lib_basesys:umodsys.basesys.rsystem_main.obj
 0001:00001a5a       ?root_get_interface_types@RLibraryObjFilter@stdlib@media@modules@UModSys@@UBEIAAUSUniquePtrList@core@5@@Z 00402a5a f i umodsys_lib_libmedia:umodsys.mod.media.stdlib.obj
 0001:00001a5a       ?root_get_interface_types@RModule@rsystem@base@UModSys@@UBEIAAUSUniquePtrList@core@4@@Z 00402a5a f i umodsys_lib_basesys:umodsys.basesys.rmodule.obj
 0001:00001a5a       ?root_get_interface_types@RUtilities@stdlib@media@modules@UModSys@@UBEIAAUSUniquePtrList@core@5@@Z 00402a5a f i umodsys_lib_libmedia:umodsys.mod.media.stdlib.obj
 0001:00001a5a       ?root_get_interface_types@RLibraryBinCache@stdlib@media@modules@UModSys@@UBEIAAUSUniquePtrList@core@5@@Z 00402a5a f i umodsys_lib_libmedia:umodsys.mod.media.stdlib.obj
 0001:00001a5a       ?root_get_interface_types@RParameters@rsystem@base@UModSys@@UBEIAAUSUniquePtrList@core@4@@Z 00402a5a f i umodsys_lib_basesys:umodsys.basesys.rparameters.obj
 0001:00001a5a       ?root_get_interface_types@RModuleLibrarySO@rsystem@base@UModSys@@UBEIAAUSUniquePtrList@core@4@@Z 00402a5a f i umodsys_lib_basesys:umodsys.basesys.rmodulelibso.obj
 0001:00001a5a       ?root_get_interface_types@RLibraryObjCache@stdlib@media@modules@UModSys@@UBEIAAUSUniquePtrList@core@5@@Z 00402a5a f i umodsys_lib_libmedia:umodsys.mod.media.stdlib.obj
 0001:00001a5a       ?root_get_interface_types@RStreamReader_FILE@stdio@media@modules@UModSys@@UBEIAAUSUniquePtrList@core@5@@Z 00402a5a f i umodsys_lib_libmedia:umodsys.mod.media.stdio.obj
 0001:00001a5f       ?root_get_other_interface@RUtilities@stdlib@media@modules@UModSys@@UAEPAUIRoot@core@5@PBUSUniquePointerInfo@75@@Z 00402a5f f i umodsys_lib_libmedia:umodsys.mod.media.stdlib.obj
 0001:00001a5f       ?root_get_other_interface@RUtilities@stdlib@media@modules@UModSys@@UBEPBUIRoot@core@5@PBUSUniquePointerInfo@75@@Z 00402a5f f i umodsys_lib_libmedia:umodsys.mod.media.stdlib.obj
 0001:00001a80       ?root_is_interface_supported@RUtilities@stdlib@media@modules@UModSys@@UBE_NPBUSUniquePointerInfo@core@5@@Z 00402a80 f i umodsys_lib_libmedia:umodsys.mod.media.stdlib.obj
 0001:00001aa7       ?suicide@RStreamReader_FILE@stdio@media@modules@UModSys@@UAEXXZ 00402aa7 f i umodsys_lib_libmedia:umodsys.mod.media.stdio.obj
 0001:00001aa7       ?suicide@RUtilities@stdlib@media@modules@UModSys@@UAEXXZ 00402aa7 f i umodsys_lib_libmedia:umodsys.mod.media.stdlib.obj
 0001:00001aa7       ?suicide@RStreamWriter_FILE@stdio@media@modules@UModSys@@UAEXXZ 00402aa7 f i umodsys_lib_libmedia:umodsys.mod.media.stdio.obj
 0001:00001ae4       ?root_get_interface_info@RBinArchiveFrame@stdlib@media@modules@UModSys@@UBEABUSUniquePointerInfo@core@5@XZ 00402ae4 f i umodsys_lib_libmedia:umodsys.mod.media.stdlib.obj
 0001:00001aea       ?root_get_interface_type@RBinArchiveFrame@stdlib@media@modules@UModSys@@UBEPBUSUniquePointerInfo@core@5@XZ 00402aea f i umodsys_lib_libmedia:umodsys.mod.media.stdlib.obj
 0001:00001af0       ?root_get_other_interface@RBinArchiveFrame@stdlib@media@modules@UModSys@@UBEPBUIRoot@core@5@PBUSUniquePointerInfo@75@@Z 00402af0 f i umodsys_lib_libmedia:umodsys.mod.media.stdlib.obj
 0001:00001af0       ?root_get_other_interface@RBinArchiveFrame@stdlib@media@modules@UModSys@@UAEPAUIRoot@core@5@PBUSUniquePointerInfo@75@@Z 00402af0 f i umodsys_lib_libmedia:umodsys.mod.media.stdlib.obj
 0001:00001b21       ?root_is_interface_supported@RBinArchiveFrame@stdlib@media@modules@UModSys@@UBE_NPBUSUniquePointerInfo@core@5@@Z 00402b21 f i umodsys_lib_libmedia:umodsys.mod.media.stdlib.obj
 0001:00001b48       ?ref_add@RBinArchiveFrame@stdlib@media@modules@UModSys@@UBEXXZ 00402b48 f i umodsys_lib_libmedia:umodsys.mod.media.stdlib.obj
 0001:00001b4c       ?ref_remove@RBinArchiveFrame@stdlib@media@modules@UModSys@@UBEXXZ 00402b4c f i umodsys_lib_libmedia:umodsys.mod.media.stdlib.obj
 0001:00001b57       ?ref_links@RBinArchiveFrame@stdlib@media@modules@UModSys@@UBEHXZ 00402b57 f i umodsys_lib_libmedia:umodsys.mod.media.stdlib.obj
 0001:00001b5b       ?ref_weak@RBinArchiveFrame@stdlib@media@modules@UModSys@@UBE_NAAUWeakPointer@IRefObject@core@5@@Z 00402b5b f i umodsys_lib_libmedia:umodsys.mod.media.stdlib.obj
 0001:00001b7a       ?suicide@RBinArchiveFrame@stdlib@media@modules@UModSys@@UAEXXZ 00402b7a f i umodsys_lib_libmedia:umodsys.mod.media.stdlib.obj
 0001:00001bb7       ?root_get_interface_info@RLibraryBinTree@stdlib@media@modules@UModSys@@UBEABUSUniquePointerInfo@core@5@XZ 00402bb7 f i umodsys_lib_libmedia:umodsys.mod.media.stdlib.obj
 0001:00001bbd       ?root_get_interface_type@RLibraryBinTree@stdlib@media@modules@UModSys@@UBEPBUSUniquePointerInfo@core@5@XZ 00402bbd f i umodsys_lib_libmedia:umodsys.mod.media.stdlib.obj
 0001:00001bc3       ?root_get_other_interface@RLibraryBinTree@stdlib@media@modules@UModSys@@UBEPBUIRoot@core@5@PBUSUniquePointerInfo@75@@Z 00402bc3 f i umodsys_lib_libmedia:umodsys.mod.media.stdlib.obj
 0001:00001bc3       ?root_get_other_interface@RLibraryBinTree@stdlib@media@modules@UModSys@@UAEPAUIRoot@core@5@PBUSUniquePointerInfo@75@@Z 00402bc3 f i umodsys_lib_libmedia:umodsys.mod.media.stdlib.obj
 0001:00001be4       ?root_is_interface_supported@RLibraryBinTree@stdlib@media@modules@UModSys@@UBE_NPBUSUniquePointerInfo@core@5@@Z 00402be4 f i umodsys_lib_libmedia:umodsys.mod.media.stdlib.obj
 0001:00001c0b       ?root_get_interface_info@RLibraryBinCache@stdlib@media@modules@UModSys@@UBEABUSUniquePointerInfo@core@5@XZ 00402c0b f i umodsys_lib_libmedia:umodsys.mod.media.stdlib.obj
 0001:00001c11       ?root_get_interface_type@RLibraryBinCache@stdlib@media@modules@UModSys@@UBEPBUSUniquePointerInfo@core@5@XZ 00402c11 f i umodsys_lib_libmedia:umodsys.mod.media.stdlib.obj
 0001:00001c17       ?root_get_other_interface@RLibraryBinCache@stdlib@media@modules@UModSys@@UAEPAUIRoot@core@5@PBUSUniquePointerInfo@75@@Z 00402c17 f i umodsys_lib_libmedia:umodsys.mod.media.stdlib.obj
 0001:00001c17       ?root_get_other_interface@RLibraryBinCache@stdlib@media@modules@UModSys@@UBEPBUIRoot@core@5@PBUSUniquePointerInfo@75@@Z 00402c17 f i umodsys_lib_libmedia:umodsys.mod.media.stdlib.obj
 0001:00001c38       ?root_is_interface_supported@RLibraryBinCache@stdlib@media@modules@UModSys@@UBE_NPBUSUniquePointerInfo@core@5@@Z 00402c38 f i umodsys_lib_libmedia:umodsys.mod.media.stdlib.obj
 0001:00001c5f       ?ref_add@RLibraryLayered@stdlib@media@modules@UModSys@@UBEXXZ 00402c5f f i umodsys_lib_libmedia:umodsys.mod.media.stdlib.obj
 0001:00001c5f       ?ref_add@RLibraryObjFilter@stdlib@media@modules@UModSys@@UBEXXZ 00402c5f f i umodsys_lib_libmedia:umodsys.mod.media.stdlib.obj
 0001:00001c5f       ?ref_add@RParameters@rsystem@base@UModSys@@UBEXXZ 00402c5f f i umodsys_lib_basesys:umodsys.basesys.rparameters.obj
 0001:00001c5f       ?ref_add@RDataArchiver_OsDir@stdio@media@modules@UModSys@@UBEXXZ 00402c5f f i umodsys_lib_libmedia:umodsys.mod.media.stdio.obj
 0001:00001c5f       ?ref_add@RLibraryBinCache@stdlib@media@modules@UModSys@@UBEXXZ 00402c5f f i umodsys_lib_libmedia:umodsys.mod.media.stdlib.obj
 0001:00001c5f       ?ref_add@RLibraryObjCache@stdlib@media@modules@UModSys@@UBEXXZ 00402c5f f i umodsys_lib_libmedia:umodsys.mod.media.stdlib.obj
 0001:00001c5f       ?ref_add@RLibraryBinTree@stdlib@media@modules@UModSys@@UBEXXZ 00402c5f f i umodsys_lib_libmedia:umodsys.mod.media.stdlib.obj
 0001:00001c63       ?root_get_interface_info@RLibraryLayered@stdlib@media@modules@UModSys@@UBEABUSUniquePointerInfo@core@5@XZ 00402c63 f i umodsys_lib_libmedia:umodsys.mod.media.stdlib.obj
 0001:00001c69       ?root_get_interface_type@RLibraryLayered@stdlib@media@modules@UModSys@@UBEPBUSUniquePointerInfo@core@5@XZ 00402c69 f i umodsys_lib_libmedia:umodsys.mod.media.stdlib.obj
 0001:00001c6f       ?root_get_other_interface@RLibraryLayered@stdlib@media@modules@UModSys@@UAEPAUIRoot@core@5@PBUSUniquePointerInfo@75@@Z 00402c6f f i umodsys_lib_libmedia:umodsys.mod.media.stdlib.obj
 0001:00001c6f       ?root_get_other_interface@RLibraryLayered@stdlib@media@modules@UModSys@@UBEPBUIRoot@core@5@PBUSUniquePointerInfo@75@@Z 00402c6f f i umodsys_lib_libmedia:umodsys.mod.media.stdlib.obj
 0001:00001c90       ?root_is_interface_supported@RLibraryLayered@stdlib@media@modules@UModSys@@UBE_NPBUSUniquePointerInfo@core@5@@Z 00402c90 f i umodsys_lib_libmedia:umodsys.mod.media.stdlib.obj
 0001:00001cb7       ?ref_links@RDataArchiver_OsDir@stdio@media@modules@UModSys@@UBEHXZ 00402cb7 f i umodsys_lib_libmedia:umodsys.mod.media.stdio.obj
 0001:00001cb7       ?get_console@RSystem@rsystem@base@UModSys@@UAEPAUIConsole@34@XZ 00402cb7 f i umodsys_lib_basesys:umodsys.basesys.rsystem.obj
 0001:00001cb7       ?ref_links@RLibraryBinCache@stdlib@media@modules@UModSys@@UBEHXZ 00402cb7 f i umodsys_lib_libmedia:umodsys.mod.media.stdlib.obj
 0001:00001cb7       ?ref_links@RLibraryLayered@stdlib@media@modules@UModSys@@UBEHXZ 00402cb7 f i umodsys_lib_libmedia:umodsys.mod.media.stdlib.obj
 0001:00001cb7       ?ref_links@RLibraryBinTree@stdlib@media@modules@UModSys@@UBEHXZ 00402cb7 f i umodsys_lib_libmedia:umodsys.mod.media.stdlib.obj
 0001:00001cb7       ?ref_links@RParameters@rsystem@base@UModSys@@UBEHXZ 00402cb7 f i umodsys_lib_basesys:umodsys.basesys.rparameters.obj
 0001:00001cb7       ?ref_links@RLibraryObjCache@stdlib@media@modules@UModSys@@UBEHXZ 00402cb7 f i umodsys_lib_libmedia:umodsys.mod.media.stdlib.obj
 0001:00001cb7       ?ref_links@RLibraryObjFilter@stdlib@media@modules@UModSys@@UBEHXZ 00402cb7 f i umodsys_lib_libmedia:umodsys.mod.media.stdlib.obj
 0001:00001cbb       ??4SLayerX@RLibraryLayered@stdlib@media@modules@UModSys@@QAEXABUSLayer@ILibraryLayered@libmedia@5@@Z 00402cbb f i umodsys_lib_libmedia:umodsys.mod.media.stdlib.obj
 0001:00001d04       ?root_get_interface_info@RLibraryObjCache@stdlib@media@modules@UModSys@@UBEABUSUniquePointerInfo@core@5@XZ 00402d04 f i umodsys_lib_libmedia:umodsys.mod.media.stdlib.obj
 0001:00001d0a       ?root_get_interface_type@RLibraryObjCache@stdlib@media@modules@UModSys@@UBEPBUSUniquePointerInfo@core@5@XZ 00402d0a f i umodsys_lib_libmedia:umodsys.mod.media.stdlib.obj
 0001:00001d10       ?root_get_other_interface@RLibraryObjCache@stdlib@media@modules@UModSys@@UAEPAUIRoot@core@5@PBUSUniquePointerInfo@75@@Z 00402d10 f i umodsys_lib_libmedia:umodsys.mod.media.stdlib.obj
 0001:00001d10       ?root_get_other_interface@RLibraryObjCache@stdlib@media@modules@UModSys@@UBEPBUIRoot@core@5@PBUSUniquePointerInfo@75@@Z 00402d10 f i umodsys_lib_libmedia:umodsys.mod.media.stdlib.obj
 0001:00001d31       ?root_is_interface_supported@RLibraryObjCache@stdlib@media@modules@UModSys@@UBE_NPBUSUniquePointerInfo@core@5@@Z 00402d31 f i umodsys_lib_libmedia:umodsys.mod.media.stdlib.obj
 0001:00001d58       ?ref_weak@RDataArchiver_OsDir@stdio@media@modules@UModSys@@UBE_NAAUWeakPointer@IRefObject@core@5@@Z 00402d58 f i umodsys_lib_libmedia:umodsys.mod.media.stdio.obj
 0001:00001d58       ?ref_weak@RLibraryObjCache@stdlib@media@modules@UModSys@@UBE_NAAUWeakPointer@IRefObject@core@5@@Z 00402d58 f i umodsys_lib_libmedia:umodsys.mod.media.stdlib.obj
 0001:00001d58       ?ref_weak@RLibraryBinCache@stdlib@media@modules@UModSys@@UBE_NAAUWeakPointer@IRefObject@core@5@@Z 00402d58 f i umodsys_lib_libmedia:umodsys.mod.media.stdlib.obj
 0001:00001d58       ?ref_weak@RLibraryObjFilter@stdlib@media@modules@UModSys@@UBE_NAAUWeakPointer@IRefObject@core@5@@Z 00402d58 f i umodsys_lib_libmedia:umodsys.mod.media.stdlib.obj
 0001:00001d58       ?ref_weak@RParameters@rsystem@base@UModSys@@UBE_NAAUWeakPointer@IRefObject@core@4@@Z 00402d58 f i umodsys_lib_basesys:umodsys.basesys.rparameters.obj
 0001:00001d58       ?ref_weak@RLibraryBinTree@stdlib@media@modules@UModSys@@UBE_NAAUWeakPointer@IRefObject@core@5@@Z 00402d58 f i umodsys_lib_libmedia:umodsys.mod.media.stdlib.obj
 0001:00001d58       ?ref_weak@RLibraryLayered@stdlib@media@modules@UModSys@@UBE_NAAUWeakPointer@IRefObject@core@5@@Z 00402d58 f i umodsys_lib_libmedia:umodsys.mod.media.stdlib.obj
 0001:00001d77       ?root_get_interface_info@RLibraryObjFilter@stdlib@media@modules@UModSys@@UBEABUSUniquePointerInfo@core@5@XZ 00402d77 f i umodsys_lib_libmedia:umodsys.mod.media.stdlib.obj
 0001:00001d7d       ?root_get_interface_type@RLibraryObjFilter@stdlib@media@modules@UModSys@@UBEPBUSUniquePointerInfo@core@5@XZ 00402d7d f i umodsys_lib_libmedia:umodsys.mod.media.stdlib.obj
 0001:00001d83       ?root_get_other_interface@RLibraryObjFilter@stdlib@media@modules@UModSys@@UAEPAUIRoot@core@5@PBUSUniquePointerInfo@75@@Z 00402d83 f i umodsys_lib_libmedia:umodsys.mod.media.stdlib.obj
 0001:00001d83       ?root_get_other_interface@RLibraryObjFilter@stdlib@media@modules@UModSys@@UBEPBUIRoot@core@5@PBUSUniquePointerInfo@75@@Z 00402d83 f i umodsys_lib_libmedia:umodsys.mod.media.stdlib.obj
 0001:00001da4       ?root_is_interface_supported@RLibraryObjFilter@stdlib@media@modules@UModSys@@UBE_NPBUSUniquePointerInfo@core@5@@Z 00402da4 f i umodsys_lib_libmedia:umodsys.mod.media.stdlib.obj
 0001:00001dcb       ?ref_remove@RLibraryLayered@stdlib@media@modules@UModSys@@UBEXXZ 00402dcb f i umodsys_lib_libmedia:umodsys.mod.media.stdlib.obj
 0001:00001dcb       ?ref_remove@RParameters@rsystem@base@UModSys@@UBEXXZ 00402dcb f i umodsys_lib_basesys:umodsys.basesys.rparameters.obj
 0001:00001dcb       ?ref_remove@RLibraryBinCache@stdlib@media@modules@UModSys@@UBEXXZ 00402dcb f i umodsys_lib_libmedia:umodsys.mod.media.stdlib.obj
 0001:00001dcb       ?ref_remove@RDataArchiver_OsDir@stdio@media@modules@UModSys@@UBEXXZ 00402dcb f i umodsys_lib_libmedia:umodsys.mod.media.stdio.obj
 0001:00001dcb       ?ref_remove@RLibraryBinTree@stdlib@media@modules@UModSys@@UBEXXZ 00402dcb f i umodsys_lib_libmedia:umodsys.mod.media.stdlib.obj
 0001:00001dcb       ?ref_remove@RLibraryObjCache@stdlib@media@modules@UModSys@@UBEXXZ 00402dcb f i umodsys_lib_libmedia:umodsys.mod.media.stdlib.obj
 0001:00001dcb       ?ref_remove@RLibraryObjFilter@stdlib@media@modules@UModSys@@UBEXXZ 00402dcb f i umodsys_lib_libmedia:umodsys.mod.media.stdlib.obj
 0001:00001dd6       ?get_generated_names@RGenerator@stdlib@media@modules@UModSys@@UBEHAAUSUniquePtrList@core@5@@Z 00402dd6 f i umodsys_lib_libmedia:umodsys.mod.media.stdlib.obj
 0001:00001e36       ?get_generated_types@RGenerator@stdlib@media@modules@UModSys@@UBEHAAUSUniquePtrList@core@5@PBUSUniquePointerInfo@75@@Z 00402e36 f i umodsys_lib_libmedia:umodsys.mod.media.stdlib.obj
 0001:00001f3c       ?generate@RGenerator@stdlib@media@modules@UModSys@@UAE_NAAU?$TRefObject@UIRefObject@core@UModSys@@U?$TRefObjectFunc@UIRefObject@core@UModSys@@@tl@3@@tl@5@PBUSUniquePointerInfo@core@5@ABUSParameters@95@@Z 00402f3c f i umodsys_lib_libmedia:umodsys.mod.media.stdlib.obj
 0001:0000201d       ?root_get_interface_info@RGenerator@stdlib@media@modules@UModSys@@UBEABUSUniquePointerInfo@core@5@XZ 0040301d f i umodsys_lib_libmedia:umodsys.mod.media.stdlib.obj
 0001:00002023       ?root_get_interface_type@RGenerator@stdlib@media@modules@UModSys@@UBEPBUSUniquePointerInfo@core@5@XZ 00403023 f i umodsys_lib_libmedia:umodsys.mod.media.stdlib.obj
 0001:00002029       ?root_get_other_interface@RGenerator@stdlib@media@modules@UModSys@@UAEPAUIRoot@core@5@PBUSUniquePointerInfo@75@@Z 00403029 f i umodsys_lib_libmedia:umodsys.mod.media.stdlib.obj
 0001:00002029       ?root_get_other_interface@RGenerator@stdlib@media@modules@UModSys@@UBEPBUIRoot@core@5@PBUSUniquePointerInfo@75@@Z 00403029 f i umodsys_lib_libmedia:umodsys.mod.media.stdlib.obj
 0001:00002052       ?root_is_interface_supported@RGenerator@stdlib@media@modules@UModSys@@UBE_NPBUSUniquePointerInfo@core@5@@Z 00403052 f i umodsys_lib_libmedia:umodsys.mod.media.stdlib.obj
 0001:00002071       ?get_uid@RGenerator@stdlib@media@modules@UModSys@@UBEPBUSUniquePointerInfo@core@5@XZ 00403071 f i umodsys_lib_libmedia:umodsys.mod.media.stdlib.obj
 0001:00002077       ?buffer_free@RUtilities@stdlib@media@modules@UModSys@@UAE_NAAUSBuffer@libmedia@5@PBUSSourceContext@core@5@@Z 00403077 f   umodsys_lib_libmedia:umodsys.mod.media.stdlib.obj
 0001:000020b8       ?buffer_alloc@RUtilities@stdlib@media@modules@UModSys@@UAE_NAAUSBuffer@libmedia@5@IPBUSSourceContext@core@5@@Z 004030b8 f   umodsys_lib_libmedia:umodsys.mod.media.stdlib.obj
 0001:00002183       ?sub_writer@RUtilities@stdlib@media@modules@UModSys@@UAE?AU?$TRefObject@UIStreamWriter@libmedia@UModSys@@U?$TRefObjectFunc@UIStreamWriter@libmedia@UModSys@@@tl@3@@tl@5@PAUIStreamWriter@libmedia@5@_J1@Z 00403183 f   umodsys_lib_libmedia:umodsys.mod.media.stdlib.obj
 0001:00002183       ?sub_reader@RUtilities@stdlib@media@modules@UModSys@@UAE?AU?$TRefObject@UIStreamReader@libmedia@UModSys@@U?$TRefObjectFunc@UIStreamReader@libmedia@UModSys@@@tl@3@@tl@5@PAUIStreamReader@libmedia@5@_J1@Z 00403183 f   umodsys_lib_libmedia:umodsys.mod.media.stdlib.obj
 0001:00002195       ?mem_reader@RUtilities@stdlib@media@modules@UModSys@@UAE?AU?$TRefObject@UIStreamReader@libmedia@UModSys@@U?$TRefObjectFunc@UIStreamReader@libmedia@UModSys@@@tl@3@@tl@5@ABUSCMem@core@5@@Z 00403195 f   umodsys_lib_libmedia:umodsys.mod.media.stdlib.obj
 0001:00002195       ?mem_reader@RUtilities@stdlib@media@modules@UModSys@@UAE?AU?$TRefObject@UIStreamReader@libmedia@UModSys@@U?$TRefObjectFunc@UIStreamReader@libmedia@UModSys@@@tl@3@@tl@5@ABUSCMemShared@core@5@@Z 00403195 f   umodsys_lib_libmedia:umodsys.mod.media.stdlib.obj
 0001:000021a7       ?mem_writer@RUtilities@stdlib@media@modules@UModSys@@UAE?AU?$TRefObject@UIStreamWriter@libmedia@UModSys@@U?$TRefObjectFunc@UIStreamWriter@libmedia@UModSys@@@tl@3@@tl@5@PBUSMem@core@5@PAUIMemWriterCompleted@IUtilities@libmedia@5@PAUIRefObject@95@@Z 004031a7 f   umodsys_lib_libmedia:umodsys.mod.media.stdlib.obj
 0001:000021b9       ??0RUtilities@stdlib@media@modules@UModSys@@QAE@PAUIModObject@base@4@ABUSParameters@core@4@@Z 004031b9 f   umodsys_lib_libmedia:umodsys.mod.media.stdlib.obj
 0001:00002213       ??_GRUtilities@stdlib@media@modules@UModSys@@UAEPAXI@Z 00403213 f i umodsys_lib_libmedia:umodsys.mod.media.stdlib.obj
 0001:00002213       ??_ERUtilities@stdlib@media@modules@UModSys@@UAEPAXI@Z 00403213 f i  CIL library: CIL module
 0001:00002240       ?get_flag@RBinArchiveFrame@stdlib@media@modules@UModSys@@UBE?AW4eStates@?$TFlags4State@USMediaFlagUid@libmedia@UModSys@@I@tl@5@H@Z 00403240 f   umodsys_lib_libmedia:umodsys.mod.media.stdlib.obj
 0001:00002253       ?get_flags_auto@RBinArchiveFrame@stdlib@media@modules@UModSys@@UBE?AU?$TFlags4State@USMediaFlagUid@libmedia@UModSys@@I@tl@5@XZ 00403253 f   umodsys_lib_libmedia:umodsys.mod.media.stdlib.obj
 0001:00002262       ?set_flag@RBinArchiveFrame@stdlib@media@modules@UModSys@@UAE?AW4eStates@?$TFlags4State@USMediaFlagUid@libmedia@UModSys@@I@tl@5@HW46785@@Z 00403262 f   umodsys_lib_libmedia:umodsys.mod.media.stdlib.obj
 0001:0000228f       ?data_reader@RBinArchiveFrame@stdlib@media@modules@UModSys@@UAE?AU?$TRefObject@UIStreamReader@libmedia@UModSys@@U?$TRefObjectFunc@UIStreamReader@libmedia@UModSys@@@tl@3@@tl@5@ABU?$TString@U?$TSCoreConst@D@su@tl@UModSys@@U?$TComparerBinaryHash@D@234@@75@ABUSFlags@libmedia@5@@Z 0040328f f   umodsys_lib_libmedia:umodsys.mod.media.stdlib.obj
 0001:0000234e       ?data_writer@RBinArchiveFrame@stdlib@media@modules@UModSys@@UAE?AU?$TRefObject@UIStreamWriter@libmedia@UModSys@@U?$TRefObjectFunc@UIStreamWriter@libmedia@UModSys@@@tl@3@@tl@5@ABU?$TString@U?$TSCoreConst@D@su@tl@UModSys@@U?$TComparerBinaryHash@D@234@@75@ABUSFlags@libmedia@5@@Z 0040334e f   umodsys_lib_libmedia:umodsys.mod.media.stdlib.obj
 0001:00002382       ?data_load@RBinArchiveFrame@stdlib@media@modules@UModSys@@UAE_NABU?$TString@U?$TSCoreConst@D@su@tl@UModSys@@U?$TComparerBinaryHash@D@234@@tl@5@AAUSCMemShared@core@5@ABUSFlags@libmedia@5@@Z 00403382 f   umodsys_lib_libmedia:umodsys.mod.media.stdlib.obj
 0001:000023b2       ?data_save@RBinArchiveFrame@stdlib@media@modules@UModSys@@UAE_NABU?$TString@U?$TSCoreConst@D@su@tl@UModSys@@U?$TComparerBinaryHash@D@234@@tl@5@ABUSCMem@core@5@ABUSFlags@libmedia@5@@Z 004033b2 f   umodsys_lib_libmedia:umodsys.mod.media.stdlib.obj
 0001:000023da       ?data_list@RBinArchiveFrame@stdlib@media@modules@UModSys@@UAE_NABU?$TString@U?$TSCoreConst@D@su@tl@UModSys@@U?$TComparerBinaryHash@D@234@@tl@5@IAAU?$TIStackSocket@USFileInfo@libmedia@UModSys@@@75@ABUSFlags@libmedia@5@@Z 004033da f   umodsys_lib_libmedia:umodsys.mod.media.stdlib.obj
 0001:00002522       ?data_list@RBinArchiveFrame@stdlib@media@modules@UModSys@@UAE_NABU?$TString@U?$TSCoreConst@D@su@tl@UModSys@@U?$TComparerBinaryHash@D@234@@tl@5@IAAUSFileInfo@libmedia@5@ABUSFlags@95@@Z 00403522 f   umodsys_lib_libmedia:umodsys.mod.media.stdlib.obj
 0001:000025e2       ?get_permissions@RBinArchiveFrame@stdlib@media@modules@UModSys@@UAEHXZ 004035e2 f   umodsys_lib_libmedia:umodsys.mod.media.stdlib.obj
 0001:000025ef       ?open@RBinArchiveFrame@stdlib@media@modules@UModSys@@UAE_NPAUIClient@IBinArchiveFrame@libmedia@5@PBUSParameters@core@5@@Z 004035ef f   umodsys_lib_libmedia:umodsys.mod.media.stdlib.obj
 0001:00002898       ?close@RBinArchiveFrame@stdlib@media@modules@UModSys@@UAE_NXZ 00403898 f   umodsys_lib_libmedia:umodsys.mod.media.stdlib.obj
 0001:0000290f       ?add_node_r@RBinArchiveFrame@stdlib@media@modules@UModSys@@UAEPAUNameNode@IBinArchiveFrame@libmedia@5@ABU?$TString@U?$TSCoreConst@D@su@tl@UModSys@@U?$TComparerBinaryHash@D@234@@tl@5@IAAUSMem@core@5@@Z 0040390f f   umodsys_lib_libmedia:umodsys.mod.media.stdlib.obj
 0001:00002994       ?add_node_w@RBinArchiveFrame@stdlib@media@modules@UModSys@@UAEPAUNameNode@IBinArchiveFrame@libmedia@5@ABU?$TString@U?$TSCoreConst@D@su@tl@UModSys@@U?$TComparerBinaryHash@D@234@@tl@5@I@Z 00403994 f   umodsys_lib_libmedia:umodsys.mod.media.stdlib.obj
 0001:00002a32       ?remove_node@RBinArchiveFrame@stdlib@media@modules@UModSys@@UAE_NPAUNameNode@IBinArchiveFrame@libmedia@5@@Z 00403a32 f   umodsys_lib_libmedia:umodsys.mod.media.stdlib.obj
 0001:00002a53       ?find_node@RBinArchiveFrame@stdlib@media@modules@UModSys@@UAEPAUNameNode@IBinArchiveFrame@libmedia@5@ABU?$TString@U?$TSCoreConst@D@su@tl@UModSys@@U?$TComparerBinaryHash@D@234@@tl@5@@Z 00403a53 f   umodsys_lib_libmedia:umodsys.mod.media.stdlib.obj
 0001:00002ad7       ?node_size@RBinArchiveFrame@stdlib@media@modules@UModSys@@UAEIABU?$TString@U?$TSCoreConst@D@su@tl@UModSys@@U?$TComparerBinaryHash@D@234@@tl@5@H@Z 00403ad7 f   umodsys_lib_libmedia:umodsys.mod.media.stdlib.obj
 0001:00002aec       ?kill_node@RBinArchiveFrame@stdlib@media@modules@UModSys@@SA_NPAUNameNode@IBinArchiveFrame@libmedia@5@@Z 00403aec f   umodsys_lib_libmedia:umodsys.mod.media.stdlib.obj
 0001:00002b07       ?fill_info@RBinArchiveFrame@stdlib@media@modules@UModSys@@QAE_NAAUSFileInfo@libmedia@5@PAUNameNode@IBinArchiveFrame@75@ABU?$TString@U?$TSCoreConst@D@su@tl@UModSys@@U?$TComparerBinaryHash@D@234@@tl@5@I@Z 00403b07 f   umodsys_lib_libmedia:umodsys.mod.media.stdlib.obj
 0001:00002c6a       ?openr@RBinArchiveFrame@stdlib@media@modules@UModSys@@QAE_NPAUILibrary@libmedia@5@ABU?$TString@U?$TSCoreConst@D@su@tl@UModSys@@U?$TComparerBinaryHash@D@234@@tl@5@PBUSParameters@core@5@@Z 00403c6a f   umodsys_lib_libmedia:umodsys.mod.media.stdlib.obj
 0001:00002d45       ?closew@RBinArchiveFrame@stdlib@media@modules@UModSys@@QAE_N_N@Z 00403d45 f   umodsys_lib_libmedia:umodsys.mod.media.stdlib.obj
 0001:00002e13       ??0RBinArchiveFrame@stdlib@media@modules@UModSys@@QAE@PAUIModObject@base@4@ABUSParameters@core@4@U?$TFlags4State@USMediaFlagUid@libmedia@UModSys@@I@tl@4@@Z 00403e13 f   umodsys_lib_libmedia:umodsys.mod.media.stdlib.obj
 0001:00002ec7       ??_GRBinArchiveFrame@stdlib@media@modules@UModSys@@UAEPAXI@Z 00403ec7 f i umodsys_lib_libmedia:umodsys.mod.media.stdlib.obj
 0001:00002ec7       ??_ERBinArchiveFrame@stdlib@media@modules@UModSys@@UAEPAXI@Z 00403ec7 f i  CIL library: CIL module
 0001:00002ee4       ??1IBinArchiveFrame@libmedia@UModSys@@UAE@XZ 00403ee4 f i umodsys_lib_libmedia:umodsys.mod.media.stdlib.obj
 0001:00002f4a       ??1RBinArchiveFrame@stdlib@media@modules@UModSys@@UAE@XZ 00403f4a f   umodsys_lib_libmedia:umodsys.mod.media.stdlib.obj
 0001:00002fcd       ??0RLibraryBinTree@stdlib@media@modules@UModSys@@QAE@PAUIModObject@base@4@ABUSParameters@core@4@U?$TFlags4State@USMediaFlagUid@libmedia@UModSys@@I@tl@4@@Z 00403fcd f   umodsys_lib_libmedia:umodsys.mod.media.stdlib.obj
 0001:0000302d       ??_GRLibraryBinTree@stdlib@media@modules@UModSys@@UAEPAXI@Z 0040402d f i umodsys_lib_libmedia:umodsys.mod.media.stdlib.obj
 0001:0000302d       ??_ERLibraryBinTree@stdlib@media@modules@UModSys@@UAEPAXI@Z 0040402d f i  CIL library: CIL module
 0001:0000308e       ?get_flags_auto@RLibraryBinTree@stdlib@media@modules@UModSys@@UBE?AU?$TFlags4State@USMediaFlagUid@libmedia@UModSys@@I@tl@5@XZ 0040408e f   umodsys_lib_libmedia:umodsys.mod.media.stdlib.obj
 0001:0000309d       ?set_flag@RLibraryObjCache@stdlib@media@modules@UModSys@@UAE?AW4eStates@?$TFlags4State@USMediaFlagUid@libmedia@UModSys@@I@tl@5@HW46785@@Z 0040409d f   umodsys_lib_libmedia:umodsys.mod.media.stdlib.obj
 0001:0000309d       ?set_flag@RLibraryObjFilter@stdlib@media@modules@UModSys@@UAE?AW4eStates@?$TFlags4State@USMediaFlagUid@libmedia@UModSys@@I@tl@5@HW46785@@Z 0040409d f   umodsys_lib_libmedia:umodsys.mod.media.stdlib.obj
 0001:0000309d       ?set_flag@RLibraryBinCache@stdlib@media@modules@UModSys@@UAE?AW4eStates@?$TFlags4State@USMediaFlagUid@libmedia@UModSys@@I@tl@5@HW46785@@Z 0040409d f   umodsys_lib_libmedia:umodsys.mod.media.stdlib.obj
 0001:0000309d       ?set_flag@RLibraryBinTree@stdlib@media@modules@UModSys@@UAE?AW4eStates@?$TFlags4State@USMediaFlagUid@libmedia@UModSys@@I@tl@5@HW46785@@Z 0040409d f   umodsys_lib_libmedia:umodsys.mod.media.stdlib.obj
 0001:000030ca       ?bin_reader@RLibraryBinTree@stdlib@media@modules@UModSys@@UAE?AU?$TRefObject@UIStreamReader@libmedia@UModSys@@U?$TRefObjectFunc@UIStreamReader@libmedia@UModSys@@@tl@3@@tl@5@ABU?$TString@U?$TSCoreConst@D@su@tl@UModSys@@U?$TComparerBinaryHash@D@234@@75@ABUSFlags@libmedia@5@@Z 004040ca f   umodsys_lib_libmedia:umodsys.mod.media.stdlib.obj
 0001:000031b9       ?bin_writer@RLibraryBinTree@stdlib@media@modules@UModSys@@UAE?AU?$TRefObject@UIStreamWriter@libmedia@UModSys@@U?$TRefObjectFunc@UIStreamWriter@libmedia@UModSys@@@tl@3@@tl@5@ABU?$TString@U?$TSCoreConst@D@su@tl@UModSys@@U?$TComparerBinaryHash@D@234@@75@ABUSFlags@libmedia@5@@Z 004041b9 f   umodsys_lib_libmedia:umodsys.mod.media.stdlib.obj
 0001:000032a8       ?bin_load@RLibraryBinTree@stdlib@media@modules@UModSys@@UAE_NABU?$TString@U?$TSCoreConst@D@su@tl@UModSys@@U?$TComparerBinaryHash@D@234@@tl@5@AAUSCMemShared@core@5@ABUSFlags@libmedia@5@@Z 004042a8 f   umodsys_lib_libmedia:umodsys.mod.media.stdlib.obj
 0001:0000335a       ?bin_save@RLibraryBinTree@stdlib@media@modules@UModSys@@UAE_NABU?$TString@U?$TSCoreConst@D@su@tl@UModSys@@U?$TComparerBinaryHash@D@234@@tl@5@ABUSCMem@core@5@ABUSFlags@libmedia@5@@Z 0040435a f   umodsys_lib_libmedia:umodsys.mod.media.stdlib.obj
 0001:00003400       ?bin_info@RLibraryBinTree@stdlib@media@modules@UModSys@@UAE_NABU?$TString@U?$TSCoreConst@D@su@tl@UModSys@@U?$TComparerBinaryHash@D@234@@tl@5@AAUSFileInfo@libmedia@5@ABUSFlags@95@@Z 00404400 f   umodsys_lib_libmedia:umodsys.mod.media.stdlib.obj
 0001:00003498       ?bin_info@RLibraryBinTree@stdlib@media@modules@UModSys@@UAE_NABU?$TString@U?$TSCoreConst@D@su@tl@UModSys@@U?$TComparerBinaryHash@D@234@@tl@5@AAU?$TIStackSocket@USFileInfo@libmedia@UModSys@@@75@ABUSFlags@libmedia@5@@Z 00404498 f   umodsys_lib_libmedia:umodsys.mod.media.stdlib.obj
 0001:0000353d       ?mount_get@RLibraryBinTree@stdlib@media@modules@UModSys@@UBE?AUSPoint@ILibraryBinTree@libmedia@5@ABUSId@785@@Z 0040453d f   umodsys_lib_libmedia:umodsys.mod.media.stdlib.obj
 0001:0000358c       ?mount_add@RLibraryBinTree@stdlib@media@modules@UModSys@@UAE_NABUSId@ILibraryBinTree@libmedia@5@ABUSPoint@785@@Z 0040458c f   umodsys_lib_libmedia:umodsys.mod.media.stdlib.obj
 0001:00003666       ?mount_remove@RLibraryBinTree@stdlib@media@modules@UModSys@@UAE_NABUSId@ILibraryBinTree@libmedia@5@@Z 00404666 f   umodsys_lib_libmedia:umodsys.mod.media.stdlib.obj
 0001:0000369d       ?mount_clear@RLibraryBinTree@stdlib@media@modules@UModSys@@UAE_NXZ 0040469d f   umodsys_lib_libmedia:umodsys.mod.media.stdlib.obj
 0001:000036bb       ??0RLibraryBinCache@stdlib@media@modules@UModSys@@QAE@PAUIModObject@base@4@ABUSParameters@core@4@U?$TFlags4State@USMediaFlagUid@libmedia@UModSys@@I@tl@4@@Z 004046bb f   umodsys_lib_libmedia:umodsys.mod.media.stdlib.obj
 0001:0000371b       ??_GRLibraryBinCache@stdlib@media@modules@UModSys@@UAEPAXI@Z 0040471b f i umodsys_lib_libmedia:umodsys.mod.media.stdlib.obj
 0001:0000371b       ??_ERLibraryBinCache@stdlib@media@modules@UModSys@@UAEPAXI@Z 0040471b f i  CIL library: CIL module
 0001:0000377c       ?get_flag@RLibraryBinCache@stdlib@media@modules@UModSys@@UBE?AW4eStates@?$TFlags4State@USMediaFlagUid@libmedia@UModSys@@I@tl@5@H@Z 0040477c f   umodsys_lib_libmedia:umodsys.mod.media.stdlib.obj
 0001:0000377c       ?get_flag@RLibraryObjCache@stdlib@media@modules@UModSys@@UBE?AW4eStates@?$TFlags4State@USMediaFlagUid@libmedia@UModSys@@I@tl@5@H@Z 0040477c f   umodsys_lib_libmedia:umodsys.mod.media.stdlib.obj
 0001:0000377c       ?get_flag@RLibraryObjFilter@stdlib@media@modules@UModSys@@UBE?AW4eStates@?$TFlags4State@USMediaFlagUid@libmedia@UModSys@@I@tl@5@H@Z 0040477c f   umodsys_lib_libmedia:umodsys.mod.media.stdlib.obj
 0001:0000377c       ?get_flag@RLibraryBinTree@stdlib@media@modules@UModSys@@UBE?AW4eStates@?$TFlags4State@USMediaFlagUid@libmedia@UModSys@@I@tl@5@H@Z 0040477c f   umodsys_lib_libmedia:umodsys.mod.media.stdlib.obj
 0001:0000378f       ?get_flags_auto@RLibraryBinCache@stdlib@media@modules@UModSys@@UBE?AU?$TFlags4State@USMediaFlagUid@libmedia@UModSys@@I@tl@5@XZ 0040478f f   umodsys_lib_libmedia:umodsys.mod.media.stdlib.obj
 0001:0000379e       ?bin_load@RLibraryBinCache@stdlib@media@modules@UModSys@@UAE_NABU?$TString@U?$TSCoreConst@D@su@tl@UModSys@@U?$TComparerBinaryHash@D@234@@tl@5@AAUSCMemShared@core@5@ABUSFlags@libmedia@5@@Z 0040479e f   umodsys_lib_libmedia:umodsys.mod.media.stdlib.obj
 0001:000037f5       ?obj_cget@RLibraryObjCache@stdlib@media@modules@UModSys@@UAE_NABU?$TString@U?$TSCoreConst@D@su@tl@UModSys@@U?$TComparerBinaryHash@D@234@@tl@5@AAU?$TRefObject@UIRefObject@core@UModSys@@U?$TRefObjectFunc@UIRefObject@core@UModSys@@@tl@3@@75@_N@Z 004047f5 f   umodsys_lib_libmedia:umodsys.mod.media.stdlib.obj
 0001:000037f5       ?bin_get@RLibraryBinCache@stdlib@media@modules@UModSys@@UAE_NABU?$TString@U?$TSCoreConst@D@su@tl@UModSys@@U?$TComparerBinaryHash@D@234@@tl@5@AAUSCMemShared@core@5@_N@Z 004047f5 f   umodsys_lib_libmedia:umodsys.mod.media.stdlib.obj
 0001:00003821       ?bin_put@RLibraryBinCache@stdlib@media@modules@UModSys@@UAE_NABU?$TString@U?$TSCoreConst@D@su@tl@UModSys@@U?$TComparerBinaryHash@D@234@@tl@5@PBUSCMemShared@core@5@@Z 00404821 f   umodsys_lib_libmedia:umodsys.mod.media.stdlib.obj
 0001:00003837       ?bincache_get@RLibraryBinCache@stdlib@media@modules@UModSys@@UBE_NABU?$TString@U?$TSCoreConst@D@su@tl@UModSys@@U?$TComparerBinaryHash@D@234@@tl@5@PAUSCMemShared@core@5@PA_N@Z 00404837 f   umodsys_lib_libmedia:umodsys.mod.media.stdlib.obj
 0001:00003889       ?bincache_add@RLibraryBinCache@stdlib@media@modules@UModSys@@UAE_NABU?$TString@U?$TSCoreConst@D@su@tl@UModSys@@U?$TComparerBinaryHash@D@234@@tl@5@@Z 00404889 f   umodsys_lib_libmedia:umodsys.mod.media.stdlib.obj
 0001:000038cf       ?bincache_add@RLibraryBinCache@stdlib@media@modules@UModSys@@UAE_NABU?$TString@U?$TSCoreConst@D@su@tl@UModSys@@U?$TComparerBinaryHash@D@234@@tl@5@ABUSCMemShared@core@5@@Z 004048cf f   umodsys_lib_libmedia:umodsys.mod.media.stdlib.obj
 0001:000038e1       ?bincache_remove@RLibraryBinCache@stdlib@media@modules@UModSys@@UAE_NABU?$TString@U?$TSCoreConst@D@su@tl@UModSys@@U?$TComparerBinaryHash@D@234@@tl@5@@Z 004048e1 f   umodsys_lib_libmedia:umodsys.mod.media.stdlib.obj
 0001:00003918       ?bincache_clear@RLibraryBinCache@stdlib@media@modules@UModSys@@UAE_NXZ 00404918 f   umodsys_lib_libmedia:umodsys.mod.media.stdlib.obj
 0001:00003936       ?bincache_add@RLibraryBinCache@stdlib@media@modules@UModSys@@QAE_NABU?$TString@U?$TSCoreConst@D@su@tl@UModSys@@U?$TComparerBinaryHash@D@234@@tl@5@ABUSCMemShared@core@5@_N@Z 00404936 f   umodsys_lib_libmedia:umodsys.mod.media.stdlib.obj
 0001:000039e3       ??0RLibraryLayered@stdlib@media@modules@UModSys@@QAE@PAUIModObject@base@4@ABUSParameters@core@4@U?$TFlags4State@USMediaFlagUid@libmedia@UModSys@@I@tl@4@@Z 004049e3 f   umodsys_lib_libmedia:umodsys.mod.media.stdlib.obj
 0001:00003a54       ??_GRLibraryLayered@stdlib@media@modules@UModSys@@UAEPAXI@Z 00404a54 f i umodsys_lib_libmedia:umodsys.mod.media.stdlib.obj
 0001:00003a54       ??_ERLibraryLayered@stdlib@media@modules@UModSys@@UAEPAXI@Z 00404a54 f i  CIL library: CIL module
 0001:00003a88       ?get_flag@RLibraryLayered@stdlib@media@modules@UModSys@@UBE?AW4eStates@?$TFlags4State@USMediaFlagUid@libmedia@UModSys@@I@tl@5@H@Z 00404a88 f   umodsys_lib_libmedia:umodsys.mod.media.stdlib.obj
 0001:00003a9b       ?get_flags_auto@RLibraryLayered@stdlib@media@modules@UModSys@@UBE?AU?$TFlags4State@USMediaFlagUid@libmedia@UModSys@@I@tl@5@XZ 00404a9b f   umodsys_lib_libmedia:umodsys.mod.media.stdlib.obj
 0001:00003aaa       ?set_flag@RLibraryLayered@stdlib@media@modules@UModSys@@UAE?AW4eStates@?$TFlags4State@USMediaFlagUid@libmedia@UModSys@@I@tl@5@HW46785@@Z 00404aaa f   umodsys_lib_libmedia:umodsys.mod.media.stdlib.obj
 0001:00003ad7       ?bin_reader@RLibraryLayered@stdlib@media@modules@UModSys@@UAE?AU?$TRefObject@UIStreamReader@libmedia@UModSys@@U?$TRefObjectFunc@UIStreamReader@libmedia@UModSys@@@tl@3@@tl@5@ABU?$TString@U?$TSCoreConst@D@su@tl@UModSys@@U?$TComparerBinaryHash@D@234@@75@ABUSFlags@libmedia@5@@Z 00404ad7 f   umodsys_lib_libmedia:umodsys.mod.media.stdlib.obj
 0001:00003b88       ?bin_writer@RLibraryLayered@stdlib@media@modules@UModSys@@UAE?AU?$TRefObject@UIStreamWriter@libmedia@UModSys@@U?$TRefObjectFunc@UIStreamWriter@libmedia@UModSys@@@tl@3@@tl@5@ABU?$TString@U?$TSCoreConst@D@su@tl@UModSys@@U?$TComparerBinaryHash@D@234@@75@ABUSFlags@libmedia@5@@Z 00404b88 f   umodsys_lib_libmedia:umodsys.mod.media.stdlib.obj
 0001:00003c39       ?bin_load@RLibraryLayered@stdlib@media@modules@UModSys@@UAE_NABU?$TString@U?$TSCoreConst@D@su@tl@UModSys@@U?$TComparerBinaryHash@D@234@@tl@5@AAUSCMemShared@core@5@ABUSFlags@libmedia@5@@Z 00404c39 f   umodsys_lib_libmedia:umodsys.mod.media.stdlib.obj
 0001:00003d40       ?bin_save@RLibraryLayered@stdlib@media@modules@UModSys@@UAE_NABU?$TString@U?$TSCoreConst@D@su@tl@UModSys@@U?$TComparerBinaryHash@D@234@@tl@5@ABUSCMem@core@5@ABUSFlags@libmedia@5@@Z 00404d40 f   umodsys_lib_libmedia:umodsys.mod.media.stdlib.obj
 0001:00003e5d       ?bin_info@RLibraryLayered@stdlib@media@modules@UModSys@@UAE_NABU?$TString@U?$TSCoreConst@D@su@tl@UModSys@@U?$TComparerBinaryHash@D@234@@tl@5@AAUSFileInfo@libmedia@5@ABUSFlags@95@@Z 00404e5d f   umodsys_lib_libmedia:umodsys.mod.media.stdlib.obj
 0001:00003ecd       ?bin_info@RLibraryLayered@stdlib@media@modules@UModSys@@UAE_NABU?$TString@U?$TSCoreConst@D@su@tl@UModSys@@U?$TComparerBinaryHash@D@234@@tl@5@AAU?$TIStackSocket@USFileInfo@libmedia@UModSys@@@75@ABUSFlags@libmedia@5@@Z 00404ecd f   umodsys_lib_libmedia:umodsys.mod.media.stdlib.obj
 0001:00003f43       ?bin_get@RLibraryLayered@stdlib@media@modules@UModSys@@UAE_NABU?$TString@U?$TSCoreConst@D@su@tl@UModSys@@U?$TComparerBinaryHash@D@234@@tl@5@AAUSCMemShared@core@5@_N@Z 00404f43 f   umodsys_lib_libmedia:umodsys.mod.media.stdlib.obj
 0001:00003f85       ?bin_put@RLibraryLayered@stdlib@media@modules@UModSys@@UAE_NABU?$TString@U?$TSCoreConst@D@su@tl@UModSys@@U?$TComparerBinaryHash@D@234@@tl@5@PBUSCMemShared@core@5@@Z 00404f85 f   umodsys_lib_libmedia:umodsys.mod.media.stdlib.obj
 0001:00003fc3       ?obj_fget@RLibraryLayered@stdlib@media@modules@UModSys@@UAE_NABUSInfo@IBinObjFilter@libmedia@5@AAU?$TRefObject@UIRefObject@core@UModSys@@U?$TRefObjectFunc@UIRefObject@core@UModSys@@@tl@3@@tl@5@@Z 00404fc3 f   umodsys_lib_libmedia:umodsys.mod.media.stdlib.obj
 0001:00004001       ?obj_fload@RLibraryLayered@stdlib@media@modules@UModSys@@UAE_NABUSInfo@IBinObjFilter@libmedia@5@PAUIRefObject@core@5@@Z 00405001 f   umodsys_lib_libmedia:umodsys.mod.media.stdlib.obj
 0001:0000403f       ?obj_fsave@RLibraryLayered@stdlib@media@modules@UModSys@@UAE_NAAUSInfo@IBinObjFilter@libmedia@5@PBUIRefObject@core@5@@Z 0040503f f   umodsys_lib_libmedia:umodsys.mod.media.stdlib.obj
 0001:0000407d       ?obj_cget@RLibraryLayered@stdlib@media@modules@UModSys@@UAE_NABU?$TString@U?$TSCoreConst@D@su@tl@UModSys@@U?$TComparerBinaryHash@D@234@@tl@5@AAU?$TRefObject@UIRefObject@core@UModSys@@U?$TRefObjectFunc@UIRefObject@core@UModSys@@@tl@3@@75@_N@Z 0040507d f   umodsys_lib_libmedia:umodsys.mod.media.stdlib.obj
 0001:000040bf       ?obj_cput@RLibraryLayered@stdlib@media@modules@UModSys@@UAE_NABU?$TString@U?$TSCoreConst@D@su@tl@UModSys@@U?$TComparerBinaryHash@D@234@@tl@5@PAUIRefObject@core@5@@Z 004050bf f   umodsys_lib_libmedia:umodsys.mod.media.stdlib.obj
 0001:000040fd       ?obj_get@RLibraryLayered@stdlib@media@modules@UModSys@@UAE_NABU?$TString@U?$TSCoreConst@D@su@tl@UModSys@@U?$TComparerBinaryHash@D@234@@tl@5@AAU?$TRefObject@UIRefObject@core@UModSys@@U?$TRefObjectFunc@UIRefObject@core@UModSys@@@tl@3@@75@ABUSObjOptions@ILibrary@libmedia@5@@Z 004050fd f   umodsys_lib_libmedia:umodsys.mod.media.stdlib.obj
 0001:0000429d       ?obj_load@RLibraryLayered@stdlib@media@modules@UModSys@@UAE_NABU?$TString@U?$TSCoreConst@D@su@tl@UModSys@@U?$TComparerBinaryHash@D@234@@tl@5@PAUIRefObject@core@5@ABUSObjOptions@ILibrary@libmedia@5@@Z 0040529d f   umodsys_lib_libmedia:umodsys.mod.media.stdlib.obj
 0001:0000439e       ?obj_save@RLibraryLayered@stdlib@media@modules@UModSys@@UAE_NABU?$TString@U?$TSCoreConst@D@su@tl@UModSys@@U?$TComparerBinaryHash@D@234@@tl@5@PBUIRefObject@core@5@ABUSObjOptions@ILibrary@libmedia@5@@Z 0040539e f   umodsys_lib_libmedia:umodsys.mod.media.stdlib.obj
 0001:000044c6       ?layer_count@RLibraryLayered@stdlib@media@modules@UModSys@@UBEIABUSLayer@ILibraryLayered@libmedia@5@@Z 004054c6 f   umodsys_lib_libmedia:umodsys.mod.media.stdlib.obj
 0001:000044cc       ?layer_get@RLibraryLayered@stdlib@media@modules@UModSys@@UBE?AUSLayer@ILibraryLayered@libmedia@5@I@Z 004054cc f   umodsys_lib_libmedia:umodsys.mod.media.stdlib.obj
 0001:000044ef       ??0SLayer@ILibraryLayered@libmedia@UModSys@@QAE@ABU0123@@Z 004054ef f i umodsys_lib_libmedia:umodsys.mod.media.stdlib.obj
 0001:0000451b       ?layer_find@RLibraryLayered@stdlib@media@modules@UModSys@@UBEIABU?$TString@U?$TSCoreConst@D@su@tl@UModSys@@U?$TComparerBinaryHash@D@234@@tl@5@I@Z 0040551b f   umodsys_lib_libmedia:umodsys.mod.media.stdlib.obj
 0001:00004563       ?layer_insert@RLibraryLayered@stdlib@media@modules@UModSys@@UAE_NABUSLayer@ILibraryLayered@libmedia@5@I@Z 00405563 f   umodsys_lib_libmedia:umodsys.mod.media.stdlib.obj
 0001:000045d6       ?layer_remove@RLibraryLayered@stdlib@media@modules@UModSys@@UAE_NI@Z 004055d6 f   umodsys_lib_libmedia:umodsys.mod.media.stdlib.obj
 0001:00004620       ?layer_clear@RLibraryLayered@stdlib@media@modules@UModSys@@UAE_NXZ 00405620 f   umodsys_lib_libmedia:umodsys.mod.media.stdlib.obj
 0001:0000462a       ??0RLibraryObjCache@stdlib@media@modules@UModSys@@QAE@PAUIModObject@base@4@ABUSParameters@core@4@U?$TFlags4State@USMediaFlagUid@libmedia@UModSys@@I@tl@4@@Z 0040562a f   umodsys_lib_libmedia:umodsys.mod.media.stdlib.obj
 0001:0000468a       ??_GRLibraryObjCache@stdlib@media@modules@UModSys@@UAEPAXI@Z 0040568a f i umodsys_lib_libmedia:umodsys.mod.media.stdlib.obj
 0001:0000468a       ??_ERLibraryObjCache@stdlib@media@modules@UModSys@@UAEPAXI@Z 0040568a f i  CIL library: CIL module
 0001:000046eb       ??1ILibraryLayered@libmedia@UModSys@@UAE@XZ 004056eb f i umodsys_lib_libmedia:umodsys.mod.media.stdlib.obj
 0001:000046eb       ??1ILibraryBinTree@libmedia@UModSys@@UAE@XZ 004056eb f i umodsys_lib_libmedia:umodsys.mod.media.stdlib.obj
 0001:000046eb       ??1ILibraryBinCache@libmedia@UModSys@@UAE@XZ 004056eb f i umodsys_lib_libmedia:umodsys.mod.media.stdlib.obj
 0001:000046eb       ??1IBinArchive@libmedia@UModSys@@UAE@XZ 004056eb f i umodsys_lib_libmedia:umodsys.mod.media.stdio.obj
 0001:000046eb       ??1ILibraryObjCache@libmedia@UModSys@@UAE@XZ 004056eb f i umodsys_lib_libmedia:umodsys.mod.media.stdlib.obj
 0001:000046eb       ??1ILibraryObjFilter@libmedia@UModSys@@UAE@XZ 004056eb f i umodsys_lib_libmedia:umodsys.mod.media.stdlib.obj
 0001:000046f0       ?get_flags_auto@RLibraryObjCache@stdlib@media@modules@UModSys@@UBE?AU?$TFlags4State@USMediaFlagUid@libmedia@UModSys@@I@tl@5@XZ 004056f0 f   umodsys_lib_libmedia:umodsys.mod.media.stdlib.obj
 0001:000046ff       ?obj_cput@RLibraryObjCache@stdlib@media@modules@UModSys@@UAE_NABU?$TString@U?$TSCoreConst@D@su@tl@UModSys@@U?$TComparerBinaryHash@D@234@@tl@5@PAUIRefObject@core@5@@Z 004056ff f   umodsys_lib_libmedia:umodsys.mod.media.stdlib.obj
 0001:00004704       ?obj_get@RLibraryObjCache@stdlib@media@modules@UModSys@@UAE_NABU?$TString@U?$TSCoreConst@D@su@tl@UModSys@@U?$TComparerBinaryHash@D@234@@tl@5@AAU?$TRefObject@UIRefObject@core@UModSys@@U?$TRefObjectFunc@UIRefObject@core@UModSys@@@tl@3@@75@ABUSObjOptions@ILibrary@libmedia@5@@Z 00405704 f   umodsys_lib_libmedia:umodsys.mod.media.stdlib.obj
 0001:0000478a       ?objcache_get@RLibraryObjCache@stdlib@media@modules@UModSys@@UBE_NABU?$TString@U?$TSCoreConst@D@su@tl@UModSys@@U?$TComparerBinaryHash@D@234@@tl@5@PAU?$TRefObject@UIRefObject@core@UModSys@@U?$TRefObjectFunc@UIRefObject@core@UModSys@@@tl@3@@75@PA_N@Z 0040578a f   umodsys_lib_libmedia:umodsys.mod.media.stdlib.obj
 0001:000047f6       ?objcache_add@RLibraryObjCache@stdlib@media@modules@UModSys@@UAE_NABU?$TString@U?$TSCoreConst@D@su@tl@UModSys@@U?$TComparerBinaryHash@D@234@@tl@5@PAUIRefObject@core@5@@Z 004057f6 f   umodsys_lib_libmedia:umodsys.mod.media.stdlib.obj
 0001:000048a1       ?objcache_remove@RLibraryObjCache@stdlib@media@modules@UModSys@@UAE_NABU?$TString@U?$TSCoreConst@D@su@tl@UModSys@@U?$TComparerBinaryHash@D@234@@tl@5@@Z 004058a1 f   umodsys_lib_libmedia:umodsys.mod.media.stdlib.obj
 0001:000048d8       ?objcache_clear@RLibraryObjCache@stdlib@media@modules@UModSys@@UAE_NXZ 004058d8 f   umodsys_lib_libmedia:umodsys.mod.media.stdlib.obj
 0001:000048f6       ??0RLibraryObjFilter@stdlib@media@modules@UModSys@@QAE@PAUIModObject@base@4@ABUSParameters@core@4@U?$TFlags4State@USMediaFlagUid@libmedia@UModSys@@I@tl@4@@Z 004058f6 f   umodsys_lib_libmedia:umodsys.mod.media.stdlib.obj
 0001:00004956       ??_ERLibraryObjFilter@stdlib@media@modules@UModSys@@UAEPAXI@Z 00405956 f i  CIL library: CIL module
 0001:00004956       ??_GRLibraryObjFilter@stdlib@media@modules@UModSys@@UAEPAXI@Z 00405956 f i umodsys_lib_libmedia:umodsys.mod.media.stdlib.obj
 0001:000049b7       ?get_flags_auto@RLibraryObjFilter@stdlib@media@modules@UModSys@@UBE?AU?$TFlags4State@USMediaFlagUid@libmedia@UModSys@@I@tl@5@XZ 004059b7 f   umodsys_lib_libmedia:umodsys.mod.media.stdlib.obj
 0001:000049c6       ?obj_fget@RLibraryObjFilter@stdlib@media@modules@UModSys@@UAE_NABUSInfo@IBinObjFilter@libmedia@5@AAU?$TRefObject@UIRefObject@core@UModSys@@U?$TRefObjectFunc@UIRefObject@core@UModSys@@@tl@3@@tl@5@@Z 004059c6 f   umodsys_lib_libmedia:umodsys.mod.media.stdlib.obj
 0001:000049ce       ?obj_fload@RLibraryObjFilter@stdlib@media@modules@UModSys@@UAE_NABUSInfo@IBinObjFilter@libmedia@5@PAUIRefObject@core@5@@Z 004059ce f   umodsys_lib_libmedia:umodsys.mod.media.stdlib.obj
 0001:000049d3       ?obj_fsave@RLibraryObjFilter@stdlib@media@modules@UModSys@@UAE_NAAUSInfo@IBinObjFilter@libmedia@5@PBUIRefObject@core@5@@Z 004059d3 f   umodsys_lib_libmedia:umodsys.mod.media.stdlib.obj
 0001:000049db       ?filters_add@RLibraryObjFilter@stdlib@media@modules@UModSys@@UAE_NU?$TRefObject@UIBinObjFilter@libmedia@UModSys@@U?$TRefObjectFunc@UIBinObjFilter@libmedia@UModSys@@@tl@3@@tl@5@PBUSParameters@core@5@H@Z 004059db f   umodsys_lib_libmedia:umodsys.mod.media.stdlib.obj
 0001:00004a77       ?filters_remove@RLibraryObjFilter@stdlib@media@modules@UModSys@@UAE_NPAUIBinObjFilter@libmedia@5@H@Z 00405a77 f   umodsys_lib_libmedia:umodsys.mod.media.stdlib.obj
 0001:00004ac7       ?filters_clear@RLibraryObjFilter@stdlib@media@modules@UModSys@@UAE_NXZ 00405ac7 f   umodsys_lib_libmedia:umodsys.mod.media.stdlib.obj
 0001:00004ae5       ?filters_load@RLibraryObjFilter@stdlib@media@modules@UModSys@@UAE_NABUSInfo@IBinObjFilter@libmedia@5@AAU?$TRefObject@UIRefObject@core@UModSys@@U?$TRefObjectFunc@UIRefObject@core@UModSys@@@tl@3@@tl@5@@Z 00405ae5 f   umodsys_lib_libmedia:umodsys.mod.media.stdlib.obj
 0001:00004b42       ?filters_load@RLibraryObjFilter@stdlib@media@modules@UModSys@@UAE_NABUSInfo@IBinObjFilter@libmedia@5@PAUIRefObject@core@5@@Z 00405b42 f   umodsys_lib_libmedia:umodsys.mod.media.stdlib.obj
 0001:00004b9f       ?filters_save@RLibraryObjFilter@stdlib@media@modules@UModSys@@UAE_NAAUSInfo@IBinObjFilter@libmedia@5@PBUIRefObject@core@5@@Z 00405b9f f   umodsys_lib_libmedia:umodsys.mod.media.stdlib.obj
 0001:00004bfc       ?do_open@RModuleReg@stdlib@media@modules@UModSys@@UAE_NXZ 00405bfc f i umodsys_lib_libmedia:umodsys.mod.media.stdlib.obj
 0001:00004c4a       ?do_close@RModuleReg@stdlib@media@modules@UModSys@@UAE_NXZ 00405c4a f i umodsys_lib_libmedia:umodsys.mod.media.stdlib.obj
 0001:00004c85       ?get_module@RGenerator@stdlib@media@modules@UModSys@@UBEPAUIModule@base@5@XZ 00405c85 f   umodsys_lib_libmedia:umodsys.mod.media.stdlib.obj
 0001:00004c8b       ?mod_inc@RGenerator@stdlib@media@modules@UModSys@@UBE_NXZ 00405c8b f   umodsys_lib_libmedia:umodsys.mod.media.stdlib.obj
 0001:00004c96       ?mod_dec@RGenerator@stdlib@media@modules@UModSys@@UBE_NXZ 00405c96 f   umodsys_lib_libmedia:umodsys.mod.media.stdlib.obj
 0001:00004ca1       ?s_holder@RGenerator@stdlib@media@modules@UModSys@@SAAAU?$TTypeStaticHolder@URGenerator@stdlib@media@modules@UModSys@@@tl@5@XZ 00405ca1 f   umodsys_lib_libmedia:umodsys.mod.media.stdlib.obj
 0001:00004cd3       ?cat@?$TSCoreBuffer@D@su@tl@UModSys@@QAE_NPBDI@Z 00405cd3 f i umodsys_lib_libmedia:umodsys.mod.media.stdlib.obj
 0001:00004d11       ??4?$TString@U?$TSCoreConst@D@su@tl@UModSys@@U?$TComparerBinaryHash@D@234@@tl@UModSys@@QAEABU012@PBD@Z 00405d11 f i umodsys_lib_libmedia:umodsys.mod.media.stdlib.obj
[...]
 0001:0000dfb3       __ehhandler$??0RLibraryBinTree@stdlib@media@modules@UModSys@@QAE@PAUIModObject@base@4@ABUSParameters@core@4@U?$TFlags4State@USMediaFlagUid@libmedia@UModSys@@I@tl@4@@Z 0040efb3 f    CIL library: CIL module
 0001:0000dfb3       __ehhandler$??0RLibraryLayered@stdlib@media@modules@UModSys@@QAE@PAUIModObject@base@4@ABUSParameters@core@4@U?$TFlags4State@USMediaFlagUid@libmedia@UModSys@@I@tl@4@@Z 0040efb3 f    CIL library: CIL module
 0001:0000dfb3       __ehhandler$??0RLibraryBinCache@stdlib@media@modules@UModSys@@QAE@PAUIModObject@base@4@ABUSParameters@core@4@U?$TFlags4State@USMediaFlagUid@libmedia@UModSys@@I@tl@4@@Z 0040efb3 f    CIL library: CIL module
 0001:0000dfbd       __unwindfunclet$?bincache_add@RLibraryBinCache@stdlib@media@modules@UModSys@@UAE_NABU?$TString@U?$TSCoreConst@D@su@tl@UModSys@@U?$TComparerBinaryHash@D@234@@tl@5@@Z$0 0040efbd f    CIL library: CIL module
 0001:0000dfc5       __ehhandler$?bincache_add@RLibraryBinCache@stdlib@media@modules@UModSys@@UAE_NABU?$TString@U?$TSCoreConst@D@su@tl@UModSys@@U?$TComparerBinaryHash@D@234@@tl@5@@Z 0040efc5 f    CIL library: CIL module
 0001:0000dfcf       __unwindfunclet$?mount_add@RLibraryBinTree@stdlib@media@modules@UModSys@@UAE_NABUSId@ILibraryBinTree@libmedia@5@ABUSPoint@785@@Z$0 0040efcf f    CIL library: CIL module
 0001:0000dfd7       __ehhandler$?mount_add@RLibraryBinTree@stdlib@media@modules@UModSys@@UAE_NABUSId@ILibraryBinTree@libmedia@5@ABUSPoint@785@@Z 0040efd7 f    CIL library: CIL module
 0001:0000dfe1       ??__E?s_id@?$TObjectUniqueID@UIRoot@core@UModSys@@@tl@UModSys@@2USUniquePointer@core@3@A@@YAXXZ 0040efe1 f    CIL library: CIL module
 0001:0000e003       ??__E?s_id@?$TObjectUniqueID@UIRefObject@core@UModSys@@@tl@UModSys@@2USUniquePointer@core@3@A@@YAXXZ 0040f003 f    CIL library: CIL module
 0001:0000e025       ??__E?s_id@?$TObjectUniqueID@UIParameters@core@UModSys@@@tl@UModSys@@2USUniquePointer@core@3@A@@YAXXZ 0040f025 f    CIL library: CIL module
 0001:0000e047       ??__E?s_id@?$TObjectUniqueID@UIModule@base@UModSys@@@tl@UModSys@@2USUniquePointer@core@3@A@@YAXXZ 0040f047 f    CIL library: CIL module
 0001:0000e069       ??__E?s_id@?$TObjectUniqueID@UIModuleLibrary@base@UModSys@@@tl@UModSys@@2USUniquePointer@core@3@A@@YAXXZ 0040f069 f    CIL library: CIL module
 0001:0000e08b       ??__E?s_id@?$TObjectUniqueID@UIModObject@base@UModSys@@@tl@UModSys@@2USUniquePointer@core@3@A@@YAXXZ 0040f08b f    CIL library: CIL module
 0001:0000e0ad       ??__E?s_id@?$TObjectUniqueID@UIGenerator@base@UModSys@@@tl@UModSys@@2USUniquePointer@core@3@A@@YAXXZ 0040f0ad f    CIL library: CIL module
 0001:0000e0cf       ??__E?s_id@?$TObjectUniqueID@UIShell@base@UModSys@@@tl@UModSys@@2USUniquePointer@core@3@A@@YAXXZ 0040f0cf f    CIL library: CIL module
 0001:0000e0f1       ??__E?s_id@?$TObjectUniqueID@UIConsole@base@UModSys@@@tl@UModSys@@2USUniquePointer@core@3@A@@YAXXZ 0040f0f1 f    CIL library: CIL module
 0001:0000e113       ??__E?s_id@?$TObjectUniqueID@UISystem@base@UModSys@@@tl@UModSys@@2USUniquePointer@core@3@A@@YAXXZ 0040f113 f    CIL library: CIL module
 0001:0000e135       ??__E?s_id@?$TObjectUniqueID@URModule@rsystem@base@UModSys@@@tl@UModSys@@2USUniquePointer@core@3@A@@YAXXZ 0040f135 f    CIL library: CIL module
 0001:0000e157       ??__E?s_id@?$TObjectUniqueID@UIModuleLibraryUni@rsystem@base@UModSys@@@tl@UModSys@@2USUniquePointer@core@3@A@@YAXXZ 0040f157 f    CIL library: CIL module
 0001:0000e179       ??__E?s_id@?$TObjectUniqueID@URModuleLibrarySO@rsystem@base@UModSys@@@tl@UModSys@@2USUniquePointer@core@3@A@@YAXXZ 0040f179 f    CIL library: CIL module
 0001:0000e19b       ??__E?s_id@?$TObjectUniqueID@URModuleLibraryThis@rsystem@base@UModSys@@@tl@UModSys@@2USUniquePointer@core@3@A@@YAXXZ 0040f19b f    CIL library: CIL module
 0001:0000e1bd       ??__E?s_id@?$TObjectUniqueID@URParameters@rsystem@base@UModSys@@@tl@UModSys@@2USUniquePointer@core@3@A@@YAXXZ 0040f1bd f    CIL library: CIL module
 0001:0000e1df       ??__E?s_id@?$TObjectUniqueID@URSystem@rsystem@base@UModSys@@@tl@UModSys@@2USUniquePointer@core@3@A@@YAXXZ 0040f1df f    CIL library: CIL module
 0001:0000e201       ??__E?s_id@?$TObjectUniqueID@URConsole_std@rsystem@base@UModSys@@@tl@UModSys@@2USUniquePointer@core@3@A@@YAXXZ 0040f201 f    CIL library: CIL module
 0001:0000e223       ??__E?s_modreg@RModuleReg@stdio@media@modules@UModSys@@2U12345@A@@YAXXZ 0040f223 f    CIL library: CIL module
 0001:0000e253       ??__E?s_modreg_chain@RModuleReg@stdio@media@modules@UModSys@@2USModuleRegChain@base@5@A@@YAXXZ 0040f253 f    CIL library: CIL module
 0001:0000e26e       ??__E?s_uid@RGenerator@stdio@media@modules@UModSys@@2USUniquePointer@core@5@A@@YAXXZ 0040f26e f    CIL library: CIL module
 0001:0000e290       ??__E?s_id@?$TObjectUniqueID@UIStreamReader@libmedia@UModSys@@@tl@UModSys@@2USUniquePointer@core@3@A@@YAXXZ 0040f290 f    CIL library: CIL module
 0001:0000e2b2       ??__E?s_id@?$TObjectUniqueID@UIStreamWriter@libmedia@UModSys@@@tl@UModSys@@2USUniquePointer@core@3@A@@YAXXZ 0040f2b2 f    CIL library: CIL module
 0001:0000e2d4       ??__E?s_id@?$TObjectUniqueID@UIUtilities@libmedia@UModSys@@@tl@UModSys@@2USUniquePointer@core@3@A@@YAXXZ 0040f2d4 f    CIL library: CIL module
 0001:0000e2f6       ??__E?s_id@?$TObjectUniqueID@UILibObject@libmedia@UModSys@@@tl@UModSys@@2USUniquePointer@core@3@A@@YAXXZ 0040f2f6 f    CIL library: CIL module
 0001:0000e318       ??__E?s_id@?$TObjectUniqueID@UIBinArchive@libmedia@UModSys@@@tl@UModSys@@2USUniquePointer@core@3@A@@YAXXZ 0040f318 f    CIL library: CIL module
 0001:0000e33a       ??__E?s_id@?$TObjectUniqueID@UIBinObjFilter@libmedia@UModSys@@@tl@UModSys@@2USUniquePointer@core@3@A@@YAXXZ 0040f33a f    CIL library: CIL module
 0001:0000e35c       ??__E?s_id@?$TObjectUniqueID@UILibrary@libmedia@UModSys@@@tl@UModSys@@2USUniquePointer@core@3@A@@YAXXZ 0040f35c f    CIL library: CIL module
 0001:0000e37e       ??__E?s_id@?$TObjectUniqueID@URStreamReader_FILE@stdio@media@modules@UModSys@@@tl@UModSys@@2USUniquePointer@core@3@A@@YAXXZ 0040f37e f    CIL library: CIL module
 0001:0000e3a0       ??__E?s_id@?$TObjectUniqueID@URStreamWriter_FILE@stdio@media@modules@UModSys@@@tl@UModSys@@2USUniquePointer@core@3@A@@YAXXZ 0040f3a0 f    CIL library: CIL module
 0001:0000e3c2       ??__E?s_id@?$TObjectUniqueID@URDataArchiver_OsDir@stdio@media@modules@UModSys@@@tl@UModSys@@2USUniquePointer@core@3@A@@YAXXZ 0040f3c2 f    CIL library: CIL module
 0001:0000e3e4       ??__E?s_id@?$TObjectUniqueID@URGenerator@stdio@media@modules@UModSys@@@tl@UModSys@@2USUniquePointer@core@3@A@@YAXXZ 0040f3e4 f    CIL library: CIL module
 0001:0000e406       ??__E?s_modreg@RModuleReg@stdlib@media@modules@UModSys@@2U12345@A@@YAXXZ 0040f406 f    CIL library: CIL module
 0001:0000e439       ??__E?s_modreg_chain@RModuleReg@stdlib@media@modules@UModSys@@2USModuleRegChain@base@5@A@@YAXXZ 0040f439 f    CIL library: CIL module
 0001:0000e454       ??__E?s_uid@RGenerator@stdlib@media@modules@UModSys@@2USUniquePointer@core@5@A@@YAXXZ 0040f454 f    CIL library: CIL module
 0001:0000e476       ??__E?s_id@?$TObjectUniqueID@UILibraryBinTree@libmedia@UModSys@@@tl@UModSys@@2USUniquePointer@core@3@A@@YAXXZ 0040f476 f    CIL library: CIL module
 0001:0000e498       ??__E?s_id@?$TObjectUniqueID@UILibraryBinCache@libmedia@UModSys@@@tl@UModSys@@2USUniquePointer@core@3@A@@YAXXZ 0040f498 f    CIL library: CIL module
 0001:0000e4ba       ??__E?s_id@?$TObjectUniqueID@UILibraryObjFilter@libmedia@UModSys@@@tl@UModSys@@2USUniquePointer@core@3@A@@YAXXZ 0040f4ba f    CIL library: CIL module
 0001:0000e4dc       ??__E?s_id@?$TObjectUniqueID@UILibraryObjCache@libmedia@UModSys@@@tl@UModSys@@2USUniquePointer@core@3@A@@YAXXZ 0040f4dc f    CIL library: CIL module
 0001:0000e4fe       ??__E?s_id@?$TObjectUniqueID@UILibraryLayered@libmedia@UModSys@@@tl@UModSys@@2USUniquePointer@core@3@A@@YAXXZ 0040f4fe f    CIL library: CIL module
 0001:0000e520       ??__E?s_id@?$TObjectUniqueID@UIBinArchiveFrame@libmedia@UModSys@@@tl@UModSys@@2USUniquePointer@core@3@A@@YAXXZ 0040f520 f    CIL library: CIL module
 0001:0000e542       ??__E?s_id@?$TObjectUniqueID@UIClient@IBinArchiveFrame@libmedia@UModSys@@@tl@UModSys@@2USUniquePointer@core@3@A@@YAXXZ 0040f542 f    CIL library: CIL module
 0001:0000e564       ??__E?s_id@?$TObjectUniqueID@URUtilities@stdlib@media@modules@UModSys@@@tl@UModSys@@2USUniquePointer@core@3@A@@YAXXZ 0040f564 f    CIL library: CIL module
 0001:0000e586       ??__E?s_id@?$TObjectUniqueID@URBinArchiveFrame@stdlib@media@modules@UModSys@@@tl@UModSys@@2USUniquePointer@core@3@A@@YAXXZ 0040f586 f    CIL library: CIL module
 0001:0000e5a8       ??__E?s_id@?$TObjectUniqueID@URLibraryBinTree@stdlib@media@modules@UModSys@@@tl@UModSys@@2USUniquePointer@core@3@A@@YAXXZ 0040f5a8 f    CIL library: CIL module
 0001:0000e5ca       ??__E?s_id@?$TObjectUniqueID@URLibraryBinCache@stdlib@media@modules@UModSys@@@tl@UModSys@@2USUniquePointer@core@3@A@@YAXXZ 0040f5ca f    CIL library: CIL module
 0001:0000e5ec       ??__E?s_id@?$TObjectUniqueID@URLibraryLayered@stdlib@media@modules@UModSys@@@tl@UModSys@@2USUniquePointer@core@3@A@@YAXXZ 0040f5ec f    CIL library: CIL module
 0001:0000e60e       ??__E?s_id@?$TObjectUniqueID@URLibraryObjCache@stdlib@media@modules@UModSys@@@tl@UModSys@@2USUniquePointer@core@3@A@@YAXXZ 0040f60e f    CIL library: CIL module
 0001:0000e630       ??__E?s_id@?$TObjectUniqueID@URLibraryObjFilter@stdlib@media@modules@UModSys@@@tl@UModSys@@2USUniquePointer@core@3@A@@YAXXZ 0040f630 f    CIL library: CIL module
 0001:0000e652       ??__E?s_id@?$TObjectUniqueID@URGenerator@stdlib@media@modules@UModSys@@@tl@UModSys@@2USUniquePointer@core@3@A@@YAXXZ 0040f652 f    CIL library: CIL module
 0001:0000e674       ??__E?s_console@RConsole_std@rsystem@base@UModSys@@2U1234@A@@YAXXZ 0040f674 f    CIL library: CIL module
 0001:0000e680       ??__E?s_sys@RSystem@rsystem@base@UModSys@@2U1234@A@@YAXXZ 0040f680 f    CIL library: CIL module
 0001:0000e691       ??__Ersys_dbg@rsystem@base@UModSys@@YAXXZ 0040f691 f    CIL library: CIL module
 0001:0000e69d       ??__EM@UModSys@@YAXXZ      0040f69d f    CIL library: CIL module
 0001:0000e6a9       ??__E?root@SModuleRegChain@base@UModSys@@2U123@A@@YAXXZ 0040f6a9 f    CIL library: CIL module
 0001:0000e6b5       ??__E?s_library@RModuleLibraryReg_Chain@base@UModSys@@2U123@A@@YAXXZ 0040f6b5 f    CIL library: CIL module
 0001:0000e6c1       ??__E?root@SUniquePointer@core@UModSys@@2U123@A@@YAXXZ 0040f6c1 f    CIL library: CIL module
 0001:0000e6cd       ??__F?s_id@?$TObjectUniqueID@URConsole_std@rsystem@base@UModSys@@@tl@UModSys@@2USUniquePointer@core@3@A@@YAXXZ 0040f6cd f    CIL library: CIL module
 0001:0000e6d7       ??__F?s_id@?$TObjectUniqueID@URSystem@rsystem@base@UModSys@@@tl@UModSys@@2USUniquePointer@core@3@A@@YAXXZ 0040f6d7 f    CIL library: CIL module
 0001:0000e6e1       ??__F?s_id@?$TObjectUniqueID@URParameters@rsystem@base@UModSys@@@tl@UModSys@@2USUniquePointer@core@3@A@@YAXXZ 0040f6e1 f    CIL library: CIL module
 0001:0000e6eb       ??__F?s_id@?$TObjectUniqueID@URModuleLibraryThis@rsystem@base@UModSys@@@tl@UModSys@@2USUniquePointer@core@3@A@@YAXXZ 0040f6eb f    CIL library: CIL module
 0001:0000e6f5       ??__F?s_id@?$TObjectUniqueID@URModuleLibrarySO@rsystem@base@UModSys@@@tl@UModSys@@2USUniquePointer@core@3@A@@YAXXZ 0040f6f5 f    CIL library: CIL module
 0001:0000e6ff       ??__F?s_id@?$TObjectUniqueID@UIModuleLibraryUni@rsystem@base@UModSys@@@tl@UModSys@@2USUniquePointer@core@3@A@@YAXXZ 0040f6ff f    CIL library: CIL module
 0001:0000e709       ??__F?s_id@?$TObjectUniqueID@URModule@rsystem@base@UModSys@@@tl@UModSys@@2USUniquePointer@core@3@A@@YAXXZ 0040f709 f    CIL library: CIL module
 0001:0000e713       ??__F?s_id@?$TObjectUniqueID@UISystem@base@UModSys@@@tl@UModSys@@2USUniquePointer@core@3@A@@YAXXZ 0040f713 f    CIL library: CIL module
 0001:0000e71d       ??__F?s_id@?$TObjectUniqueID@UIConsole@base@UModSys@@@tl@UModSys@@2USUniquePointer@core@3@A@@YAXXZ 0040f71d f    CIL library: CIL module
 0001:0000e727       ??__F?s_id@?$TObjectUniqueID@UIShell@base@UModSys@@@tl@UModSys@@2USUniquePointer@core@3@A@@YAXXZ 0040f727 f    CIL library: CIL module
 0001:0000e731       ??__F?s_id@?$TObjectUniqueID@UIGenerator@base@UModSys@@@tl@UModSys@@2USUniquePointer@core@3@A@@YAXXZ 0040f731 f    CIL library: CIL module
 0001:0000e73b       ??__F?s_id@?$TObjectUniqueID@UIModObject@base@UModSys@@@tl@UModSys@@2USUniquePointer@core@3@A@@YAXXZ 0040f73b f    CIL library: CIL module
 0001:0000e745       ??__F?s_id@?$TObjectUniqueID@UIModuleLibrary@base@UModSys@@@tl@UModSys@@2USUniquePointer@core@3@A@@YAXXZ 0040f745 f    CIL library: CIL module
 0001:0000e74f       ??__F?s_id@?$TObjectUniqueID@UIModule@base@UModSys@@@tl@UModSys@@2USUniquePointer@core@3@A@@YAXXZ 0040f74f f    CIL library: CIL module
 0001:0000e759       ??__F?s_id@?$TObjectUniqueID@UIParameters@core@UModSys@@@tl@UModSys@@2USUniquePointer@core@3@A@@YAXXZ 0040f759 f    CIL library: CIL module
 0001:0000e763       ??__F?s_id@?$TObjectUniqueID@UIRefObject@core@UModSys@@@tl@UModSys@@2USUniquePointer@core@3@A@@YAXXZ 0040f763 f    CIL library: CIL module
 0001:0000e76d       ??__F?s_id@?$TObjectUniqueID@UIRoot@core@UModSys@@@tl@UModSys@@2USUniquePointer@core@3@A@@YAXXZ 0040f76d f    CIL library: CIL module
 0001:0000e777       ??__F?s_modreg@RModuleReg@stdio@media@modules@UModSys@@2U12345@A@@YAXXZ 0040f777 f    CIL library: CIL module
 0001:0000e782       ??__F?s_modreg_chain@RModuleReg@stdio@media@modules@UModSys@@2USModuleRegChain@base@5@A@@YAXXZ 0040f782 f    CIL library: CIL module
 0001:0000e78c       ??__F?s_uid@RGenerator@stdio@media@modules@UModSys@@2USUniquePointer@core@5@A@@YAXXZ 0040f78c f    CIL library: CIL module
 0001:0000e796       ??__Fh@?1??s_holder@RGenerator@stdio@media@modules@UModSys@@SAAAU?$TTypeStaticHolder@URGenerator@stdio@media@modules@UModSys@@@tl@5@XZ@YAXXZ 0040f796 f    CIL library: CIL module
 0001:0000e7b3       ??__F?s_id@?$TObjectUniqueID@URGenerator@stdio@media@modules@UModSys@@@tl@UModSys@@2USUniquePointer@core@3@A@@YAXXZ 0040f7b3 f    CIL library: CIL module
 0001:0000e7bd       ??__F?s_id@?$TObjectUniqueID@URDataArchiver_OsDir@stdio@media@modules@UModSys@@@tl@UModSys@@2USUniquePointer@core@3@A@@YAXXZ 0040f7bd f    CIL library: CIL module
 0001:0000e7c7       ??__F?s_id@?$TObjectUniqueID@URStreamWriter_FILE@stdio@media@modules@UModSys@@@tl@UModSys@@2USUniquePointer@core@3@A@@YAXXZ 0040f7c7 f    CIL library: CIL module
 0001:0000e7d1       ??__F?s_id@?$TObjectUniqueID@URStreamReader_FILE@stdio@media@modules@UModSys@@@tl@UModSys@@2USUniquePointer@core@3@A@@YAXXZ 0040f7d1 f    CIL library: CIL module
 0001:0000e7db       ??__F?s_id@?$TObjectUniqueID@UILibrary@libmedia@UModSys@@@tl@UModSys@@2USUniquePointer@core@3@A@@YAXXZ 0040f7db f    CIL library: CIL module
 0001:0000e7e5       ??__F?s_id@?$TObjectUniqueID@UIBinObjFilter@libmedia@UModSys@@@tl@UModSys@@2USUniquePointer@core@3@A@@YAXXZ 0040f7e5 f    CIL library: CIL module
 0001:0000e7ef       ??__F?s_id@?$TObjectUniqueID@UIBinArchive@libmedia@UModSys@@@tl@UModSys@@2USUniquePointer@core@3@A@@YAXXZ 0040f7ef f    CIL library: CIL module
 0001:0000e7f9       ??__F?s_id@?$TObjectUniqueID@UILibObject@libmedia@UModSys@@@tl@UModSys@@2USUniquePointer@core@3@A@@YAXXZ 0040f7f9 f    CIL library: CIL module
 0001:0000e803       ??__F?s_id@?$TObjectUniqueID@UIUtilities@libmedia@UModSys@@@tl@UModSys@@2USUniquePointer@core@3@A@@YAXXZ 0040f803 f    CIL library: CIL module
 0001:0000e80d       ??__F?s_id@?$TObjectUniqueID@UIStreamWriter@libmedia@UModSys@@@tl@UModSys@@2USUniquePointer@core@3@A@@YAXXZ 0040f80d f    CIL library: CIL module
 0001:0000e817       ??__F?s_id@?$TObjectUniqueID@UIStreamReader@libmedia@UModSys@@@tl@UModSys@@2USUniquePointer@core@3@A@@YAXXZ 0040f817 f    CIL library: CIL module
 0001:0000e821       ??__F?s_modreg@RModuleReg@stdlib@media@modules@UModSys@@2U12345@A@@YAXXZ 0040f821 f    CIL library: CIL module
 0001:0000e82c       ??__F?s_modreg_chain@RModuleReg@stdlib@media@modules@UModSys@@2USModuleRegChain@base@5@A@@YAXXZ 0040f82c f    CIL library: CIL module
 0001:0000e836       ??__F?s_uid@RGenerator@stdlib@media@modules@UModSys@@2USUniquePointer@core@5@A@@YAXXZ 0040f836 f    CIL library: CIL module
 0001:0000e840       ??__Fh@?1??s_holder@RGenerator@stdlib@media@modules@UModSys@@SAAAU?$TTypeStaticHolder@URGenerator@stdlib@media@modules@UModSys@@@tl@5@XZ@YAXXZ 0040f840 f    CIL library: CIL module
 0001:0000e85d       ??__F?s_id@?$TObjectUniqueID@URGenerator@stdlib@media@modules@UModSys@@@tl@UModSys@@2USUniquePointer@core@3@A@@YAXXZ 0040f85d f    CIL library: CIL module
 0001:0000e867       ??__F?s_id@?$TObjectUniqueID@URLibraryObjFilter@stdlib@media@modules@UModSys@@@tl@UModSys@@2USUniquePointer@core@3@A@@YAXXZ 0040f867 f    CIL library: CIL module
 0001:0000e871       ??__F?s_id@?$TObjectUniqueID@URLibraryObjCache@stdlib@media@modules@UModSys@@@tl@UModSys@@2USUniquePointer@core@3@A@@YAXXZ 0040f871 f    CIL library: CIL module
 0001:0000e87b       ??__F?s_id@?$TObjectUniqueID@URLibraryLayered@stdlib@media@modules@UModSys@@@tl@UModSys@@2USUniquePointer@core@3@A@@YAXXZ 0040f87b f    CIL library: CIL module
 0001:0000e885       ??__F?s_id@?$TObjectUniqueID@URLibraryBinCache@stdlib@media@modules@UModSys@@@tl@UModSys@@2USUniquePointer@core@3@A@@YAXXZ 0040f885 f    CIL library: CIL module
 0001:0000e88f       ??__F?s_id@?$TObjectUniqueID@URLibraryBinTree@stdlib@media@modules@UModSys@@@tl@UModSys@@2USUniquePointer@core@3@A@@YAXXZ 0040f88f f    CIL library: CIL module
 0001:0000e899       ??__F?s_id@?$TObjectUniqueID@URBinArchiveFrame@stdlib@media@modules@UModSys@@@tl@UModSys@@2USUniquePointer@core@3@A@@YAXXZ 0040f899 f    CIL library: CIL module
 0001:0000e8a3       ??__F?s_id@?$TObjectUniqueID@URUtilities@stdlib@media@modules@UModSys@@@tl@UModSys@@2USUniquePointer@core@3@A@@YAXXZ 0040f8a3 f    CIL library: CIL module
 0001:0000e8ad       ??__F?s_id@?$TObjectUniqueID@UIClient@IBinArchiveFrame@libmedia@UModSys@@@tl@UModSys@@2USUniquePointer@core@3@A@@YAXXZ 0040f8ad f    CIL library: CIL module
 0001:0000e8b7       ??__F?s_id@?$TObjectUniqueID@UIBinArchiveFrame@libmedia@UModSys@@@tl@UModSys@@2USUniquePointer@core@3@A@@YAXXZ 0040f8b7 f    CIL library: CIL module
 0001:0000e8c1       ??__F?s_id@?$TObjectUniqueID@UILibraryLayered@libmedia@UModSys@@@tl@UModSys@@2USUniquePointer@core@3@A@@YAXXZ 0040f8c1 f    CIL library: CIL module
 0001:0000e8cb       ??__F?s_id@?$TObjectUniqueID@UILibraryObjCache@libmedia@UModSys@@@tl@UModSys@@2USUniquePointer@core@3@A@@YAXXZ 0040f8cb f    CIL library: CIL module
 0001:0000e8d5       ??__F?s_id@?$TObjectUniqueID@UILibraryObjFilter@libmedia@UModSys@@@tl@UModSys@@2USUniquePointer@core@3@A@@YAXXZ 0040f8d5 f    CIL library: CIL module
 0001:0000e8df       ??__F?s_id@?$TObjectUniqueID@UILibraryBinCache@libmedia@UModSys@@@tl@UModSys@@2USUniquePointer@core@3@A@@YAXXZ 0040f8df f    CIL library: CIL module
 0001:0000e8e9       ??__F?s_id@?$TObjectUniqueID@UILibraryBinTree@libmedia@UModSys@@@tl@UModSys@@2USUniquePointer@core@3@A@@YAXXZ 0040f8e9 f    CIL library: CIL module
 0001:0000e8f3       ??__F?s_console@RConsole_std@rsystem@base@UModSys@@2U1234@A@@YAXXZ 0040f8f3 f    CIL library: CIL module
 0001:0000e920       ??__F?s_sys@RSystem@rsystem@base@UModSys@@2U1234@A@@YAXXZ 0040f920 f    CIL library: CIL module
 0001:0000e92b       ??__Frsys_dbg@rsystem@base@UModSys@@YAXXZ 0040f92b f    CIL library: CIL module
 0001:0000e942       ??__FM@UModSys@@YAXXZ      0040f942 f    CIL library: CIL module
 0001:0000e943       ??__F?root@SModuleRegChain@base@UModSys@@2U123@A@@YAXXZ 0040f943 f    CIL library: CIL module
 0001:0000e94d       ??__F?s_library@RModuleLibraryReg_Chain@base@UModSys@@2U123@A@@YAXXZ 0040f94d f    CIL library: CIL module
 0001:0000e958       ??__F?root@SUniquePointer@core@UModSys@@2U123@A@@YAXXZ 0040f958 f    CIL library: CIL module

 Exports

  ordinal    name

        1    _UModSys_Plugin_Entry2@0
