 umodsysc

 Timestamp is 52a95dac (Thu Dec 12 09:54:36 2013)

 Preferred load address is 00400000

 Start         Length     Name                   Class
 0001:00000000 00009cc0H .text                   CODE
 0001:00009cc0 0000046cH .text$x                 CODE
 0001:0000a12c 00000671H .text$yc                CODE
 0001:0000a79d 00000277H .text$yd                CODE
 0002:00000000 00000154H .idata$5                DATA
 0002:00000154 00000004H .CRT$XCA                DATA
 0002:00000158 00000004H .CRT$XCAA               DATA
 0002:0000015c 00000290H .CRT$XCU                DATA
 0002:000003ec 00000004H .CRT$XCZ                DATA
 0002:000003f0 00000004H .CRT$XIA                DATA
 0002:000003f4 00000004H .CRT$XIAA               DATA
 0002:000003f8 00000004H .CRT$XIY                DATA
 0002:000003fc 00000004H .CRT$XIZ                DATA
 0002:00000400 00001830H .rdata                  DATA
 0002:00001c30 00001210H .rdata$r                DATA
 0002:00002e40 000000a8H .rdata$sxdata           DATA
 0002:00002ee8 00000004H .rtc$IAA                DATA
 0002:00002eec 00000004H .rtc$IZZ                DATA
 0002:00002ef0 00000004H .rtc$TAA                DATA
 0002:00002ef4 00000004H .rtc$TZZ                DATA
 0002:00002ef8 0000096cH .xdata$x                DATA
 0002:00003864 00000028H .idata$2                DATA
 0002:0000388c 00000014H .idata$3                DATA
 0002:000038a0 00000154H .idata$4                DATA
 0002:000039f4 00000554H .idata$6                DATA
 0002:00003f50 00000058H .edata                  DATA
 0003:00000000 00000c50H .data                   DATA
 0003:00000c50 00002954H .bss                    DATA

  Address         Publics by Value              Rva+Base       Lib:Object

 0000:00000000       __except_list              00000000     <absolute>
 0000:0000002a       ___safe_se_handler_count   0000002a     <absolute>
 0000:00009876       __ldused                   00009876     <absolute>
 0000:00009876       __fltused                  00009876     <absolute>
 0000:00000000       ___ImageBase               00400000     <linker-defined>
 0001:00000000       ??$slen@D@su@tl@UModSys@@YAIPBD@Z 00401000 f i umodsys.c_main.obj
 0001:00000019       _main                      00401019 f   umodsys.c_main.obj
 0001:0000018b       ??0?$TString@U?$TSCoreConst@D@su@tl@UModSys@@U?$TComparerBinaryHash@D@234@@tl@UModSys@@QAE@PBD@Z 0040118b f i umodsys.c_main.obj
 0001:000001b0       ?update@?$TComparerBinaryHash@D@su@tl@UModSys@@QAEXPBDI@Z 004011b0 f i umodsys.c_main.obj
 0001:000001dc       ?suicide@RGenerator@stdlib@media@modules@UModSys@@UAEXXZ 004011dc f i umodsys_lib_libmedia:umodsys.mod.media.stdlib.obj
 0001:000001dc       ?suicide@RGenerator@stdio@media@modules@UModSys@@UAEXXZ 004011dc f i umodsys_lib_libmedia:umodsys.mod.media.stdio.obj
 0001:000001dc       ?ref_remove@RConsole_std@rsystem@base@UModSys@@UBEXXZ 004011dc f i umodsys_lib_basesys:umodsys.basesys.rconsole_std.obj
 0001:000001dc       ?ref_add@RConsole_std@rsystem@base@UModSys@@UBEXXZ 004011dc f i umodsys_lib_basesys:umodsys.basesys.rconsole_std.obj
 0001:000001dc       ??3@YAXPAX0@Z              004011dc f i umodsys_lib_libmedia:umodsys.mod.media.stdio.obj
 0001:000001dd       ?link@SMemShared@core@UModSys@@QAE_NPAUSMemorySharedData@23@PAUSSourceContext@23@@Z 004011dd f i umodsys_lib_libmedia:umodsys.mod.media.stdio.obj
 0001:000001dd       ?link@SCMemShared@core@UModSys@@QAE_NPAUSMemorySharedData@23@PAUSSourceContext@23@@Z 004011dd f i umodsys_lib_libmedia:umodsys.mod.media.stdio.obj
 0001:00000202       ??6SUniquePtrList@core@UModSys@@QAEAAU012@PBUSUniquePointerInfo@12@@Z 00401202 f i umodsys_lib_libmedia:umodsys.mod.media.stdio.obj
 0001:0000021e       ??2IRoot@core@UModSys@@SAPAXIABUSIMemAlloc@12@@Z 0040121e f i umodsys_lib_libmedia:umodsys.mod.media.stdio.obj
 0001:00000240       ??3IRoot@core@UModSys@@SAXPAXABUSIMemAlloc@12@@Z 00401240 f i umodsys_lib_libmedia:umodsys.mod.media.stdio.obj
 0001:00000259       ?_root_get_other_interface@IRefObject@core@UModSys@@IBEPBUIRoot@23@PBUSUniquePointerInfo@23@@Z 00401259 f i umodsys_lib_libmedia:umodsys.mod.media.stdio.obj
 0001:00000259       ?_root_get_other_interface@IRefObject@core@UModSys@@IAEPAUIRoot@23@PBUSUniquePointerInfo@23@@Z 00401259 f i umodsys_lib_libmedia:umodsys.mod.media.stdio.obj
 0001:0000027a       ?_root_get_interface_types@IRefObject@core@UModSys@@SAIAAUSUniquePtrList@23@@Z 0040127a f i umodsys_lib_libmedia:umodsys.mod.media.stdio.obj
 0001:0000029a       ?_root_is_interface_supported@IRefObject@core@UModSys@@SA_NPBUSUniquePointerInfo@23@@Z 0040129a f i umodsys_lib_libmedia:umodsys.mod.media.stdio.obj
 0001:000002b1       ?_root_is_interface_supported@IGenerator@base@UModSys@@SA_NPBUSUniquePointerInfo@core@3@@Z 004012b1 f i umodsys_lib_libmedia:umodsys.mod.media.stdio.obj
 0001:000002d1       ?archive_load_data@libmedia@UModSys@@YA_NAAUIBinArchive@12@ABU?$TString@U?$TSCoreConst@D@su@tl@UModSys@@U?$TComparerBinaryHash@D@234@@tl@2@AAUSCMemShared@core@2@ABUSFlags@12@@Z 004012d1 f i umodsys_lib_libmedia:umodsys.mod.media.stdio.obj
 0001:0000041b       ?file_get_size@stdio@media@modules@UModSys@@YA_JPAU_iobuf@@@Z 0040141b f i umodsys_lib_libmedia:umodsys.mod.media.stdio.obj
 0001:00000466       ?root_get_interface_info@RStreamReader_FILE@stdio@media@modules@UModSys@@UBEABUSUniquePointerInfo@core@5@XZ 00401466 f i umodsys_lib_libmedia:umodsys.mod.media.stdio.obj
 0001:0000046c       ?root_get_interface_type@RStreamReader_FILE@stdio@media@modules@UModSys@@UBEPBUSUniquePointerInfo@core@5@XZ 0040146c f i umodsys_lib_libmedia:umodsys.mod.media.stdio.obj
 0001:00000472       ?root_get_other_interface@RStreamReader_FILE@stdio@media@modules@UModSys@@UAEPAUIRoot@core@5@PBUSUniquePointerInfo@75@@Z 00401472 f i umodsys_lib_libmedia:umodsys.mod.media.stdio.obj
 0001:00000472       ?root_get_other_interface@RStreamReader_FILE@stdio@media@modules@UModSys@@UBEPBUIRoot@core@5@PBUSUniquePointerInfo@75@@Z 00401472 f i umodsys_lib_libmedia:umodsys.mod.media.stdio.obj
 0001:00000493       ?root_is_interface_supported@RStreamReader_FILE@stdio@media@modules@UModSys@@UBE_NPBUSUniquePointerInfo@core@5@@Z 00401493 f i umodsys_lib_libmedia:umodsys.mod.media.stdio.obj
 0001:000004ba       ?ref_weak@RGenerator@stdio@media@modules@UModSys@@UBE_NAAUWeakPointer@IRefObject@core@5@@Z 004014ba f i umodsys_lib_libmedia:umodsys.mod.media.stdio.obj
 0001:000004ba       ?ref_weak@RStreamWriter_FILE@stdio@media@modules@UModSys@@UBE_NAAUWeakPointer@IRefObject@core@5@@Z 004014ba f i umodsys_lib_libmedia:umodsys.mod.media.stdio.obj
 0001:000004ba       ?ref_weak@RGenerator@stdlib@media@modules@UModSys@@UBE_NAAUWeakPointer@IRefObject@core@5@@Z 004014ba f i umodsys_lib_libmedia:umodsys.mod.media.stdlib.obj
 0001:000004ba       ?ref_weak@RStreamReader_FILE@stdio@media@modules@UModSys@@UBE_NAAUWeakPointer@IRefObject@core@5@@Z 004014ba f i umodsys_lib_libmedia:umodsys.mod.media.stdio.obj
 0001:000004d9       ?suicide@RStreamWriter_FILE@stdio@media@modules@UModSys@@UAEXXZ 004014d9 f i umodsys_lib_libmedia:umodsys.mod.media.stdio.obj
 0001:000004d9       ?suicide@RStreamReader_FILE@stdio@media@modules@UModSys@@UAEXXZ 004014d9 f i umodsys_lib_libmedia:umodsys.mod.media.stdio.obj
 0001:00000520       ??0RStreamReader_FILE@stdio@media@modules@UModSys@@QAE@PAUIModObject@base@4@ABUSParameters@core@4@@Z 00401520 f i umodsys_lib_libmedia:umodsys.mod.media.stdio.obj
 0001:0000059b       ??0RStreamReader_FILE@stdio@media@modules@UModSys@@QAE@PAUIModObject@base@4@PBD@Z 0040159b f i umodsys_lib_libmedia:umodsys.mod.media.stdio.obj
 0001:000005f2       ?open@RStreamReader_FILE@stdio@media@modules@UModSys@@QAEXPBD@Z 004015f2 f i umodsys_lib_libmedia:umodsys.mod.media.stdio.obj
 0001:00000616       ?reader_seek@RStreamReader_FILE@stdio@media@modules@UModSys@@UAE_N_J@Z 00401616 f i umodsys_lib_libmedia:umodsys.mod.media.stdio.obj
 0001:00000639       ?reader_seekend@RStreamReader_FILE@stdio@media@modules@UModSys@@UAE_N_J@Z 00401639 f i umodsys_lib_libmedia:umodsys.mod.media.stdio.obj
 0001:0000065f       ?reader_seekdelta@RStreamReader_FILE@stdio@media@modules@UModSys@@UAE_N_J@Z 0040165f f i umodsys_lib_libmedia:umodsys.mod.media.stdio.obj
 0001:00000682       ?reader_pos@RStreamReader_FILE@stdio@media@modules@UModSys@@UAE_JXZ 00401682 f i umodsys_lib_libmedia:umodsys.mod.media.stdio.obj
 0001:00000697       ?reader_size@RStreamReader_FILE@stdio@media@modules@UModSys@@UAE_JXZ 00401697 f i umodsys_lib_libmedia:umodsys.mod.media.stdio.obj
 0001:0000069e       ?reader_read@RStreamReader_FILE@stdio@media@modules@UModSys@@UAE_NPAXI@Z 0040169e f i umodsys_lib_libmedia:umodsys.mod.media.stdio.obj
 0001:000006fb       ?reader_close@RStreamReader_FILE@stdio@media@modules@UModSys@@UAEXXZ 004016fb f i umodsys_lib_libmedia:umodsys.mod.media.stdio.obj
 0001:00000713       ??_GRStreamReader_FILE@stdio@media@modules@UModSys@@UAEPAXI@Z 00401713 f i umodsys_lib_libmedia:umodsys.mod.media.stdio.obj
 0001:00000713       ??_ERStreamReader_FILE@stdio@media@modules@UModSys@@UAEPAXI@Z 00401713 f i  CIL library: CIL module
 0001:0000073b       ??_ERGenerator@stdio@media@modules@UModSys@@UAEPAXI@Z 0040173b f i  CIL library: CIL module
 0001:0000073b       ??_ERGenerator@stdlib@media@modules@UModSys@@UAEPAXI@Z 0040173b f i  CIL library: CIL module
 0001:0000073b       ??_GIRoot@core@UModSys@@UAEPAXI@Z 0040173b f i umodsys_lib_libmedia:umodsys.mod.media.stdio.obj
 0001:0000073b       ??_GRGenerator@stdio@media@modules@UModSys@@UAEPAXI@Z 0040173b f i umodsys_lib_libmedia:umodsys.mod.media.stdio.obj
 0001:0000073b       ??_ERParameters@rsystem@base@UModSys@@UAEPAXI@Z 0040173b f i  CIL library: CIL module
 0001:0000073b       ??_EIRoot@core@UModSys@@UAEPAXI@Z 0040173b f i  CIL library: CIL module
 0001:0000073b       ??_GRGenerator@stdlib@media@modules@UModSys@@UAEPAXI@Z 0040173b f i umodsys_lib_libmedia:umodsys.mod.media.stdlib.obj
 0001:0000073b       ??_GRParameters@rsystem@base@UModSys@@UAEPAXI@Z 0040173b f i umodsys_lib_basesys:umodsys.basesys.rparameters.obj
 0001:00000758       ?root_get_interface_info@RStreamWriter_FILE@stdio@media@modules@UModSys@@UBEABUSUniquePointerInfo@core@5@XZ 00401758 f i umodsys_lib_libmedia:umodsys.mod.media.stdio.obj
 0001:0000075e       ?root_get_interface_type@RStreamWriter_FILE@stdio@media@modules@UModSys@@UBEPBUSUniquePointerInfo@core@5@XZ 0040175e f i umodsys_lib_libmedia:umodsys.mod.media.stdio.obj
 0001:00000764       ?root_get_other_interface@RStreamWriter_FILE@stdio@media@modules@UModSys@@UBEPBUIRoot@core@5@PBUSUniquePointerInfo@75@@Z 00401764 f i umodsys_lib_libmedia:umodsys.mod.media.stdio.obj
 0001:00000764       ?root_get_other_interface@RStreamWriter_FILE@stdio@media@modules@UModSys@@UAEPAUIRoot@core@5@PBUSUniquePointerInfo@75@@Z 00401764 f i umodsys_lib_libmedia:umodsys.mod.media.stdio.obj
 0001:00000785       ?root_is_interface_supported@RStreamWriter_FILE@stdio@media@modules@UModSys@@UBE_NPBUSUniquePointerInfo@core@5@@Z 00401785 f i umodsys_lib_libmedia:umodsys.mod.media.stdio.obj
 0001:000007ac       ?ref_remove@RGenerator@stdlib@media@modules@UModSys@@UBEXXZ 004017ac f i umodsys_lib_libmedia:umodsys.mod.media.stdlib.obj
 0001:000007ac       ?ref_remove@RStreamReader_FILE@stdio@media@modules@UModSys@@UBEXXZ 004017ac f i umodsys_lib_libmedia:umodsys.mod.media.stdio.obj
 0001:000007ac       ?ref_remove@RStreamWriter_FILE@stdio@media@modules@UModSys@@UBEXXZ 004017ac f i umodsys_lib_libmedia:umodsys.mod.media.stdio.obj
 0001:000007ac       ?ref_remove@RGenerator@stdio@media@modules@UModSys@@UBEXXZ 004017ac f i umodsys_lib_libmedia:umodsys.mod.media.stdio.obj
 0001:000007b7       ??0RStreamWriter_FILE@stdio@media@modules@UModSys@@QAE@PAUIModObject@base@4@ABUSParameters@core@4@@Z 004017b7 f i umodsys_lib_libmedia:umodsys.mod.media.stdio.obj
 0001:00000863       ??0RStreamWriter_FILE@stdio@media@modules@UModSys@@QAE@PAUIModObject@base@4@PBD_N@Z 00401863 f i umodsys_lib_libmedia:umodsys.mod.media.stdio.obj
 0001:000008c4       ?open@RStreamWriter_FILE@stdio@media@modules@UModSys@@QAEXPBD_N@Z 004018c4 f i umodsys_lib_libmedia:umodsys.mod.media.stdio.obj
 0001:0000090a       ?writer_seek@RStreamWriter_FILE@stdio@media@modules@UModSys@@UAE_N_J@Z 0040190a f i umodsys_lib_libmedia:umodsys.mod.media.stdio.obj
 0001:0000092d       ?writer_seekend@RStreamWriter_FILE@stdio@media@modules@UModSys@@UAE_N_J@Z 0040192d f i umodsys_lib_libmedia:umodsys.mod.media.stdio.obj
 0001:00000953       ?writer_seekdelta@RStreamWriter_FILE@stdio@media@modules@UModSys@@UAE_N_J@Z 00401953 f i umodsys_lib_libmedia:umodsys.mod.media.stdio.obj
 0001:00000976       ?writer_setsize@RStreamWriter_FILE@stdio@media@modules@UModSys@@UAE_N_J@Z 00401976 f i umodsys_lib_libmedia:umodsys.mod.media.stdio.obj
 0001:000009bc       ?writer_pos@RStreamWriter_FILE@stdio@media@modules@UModSys@@UAE_JXZ 004019bc f i umodsys_lib_libmedia:umodsys.mod.media.stdio.obj
 0001:000009d1       ?writer_size@RStreamWriter_FILE@stdio@media@modules@UModSys@@UAE_JXZ 004019d1 f i umodsys_lib_libmedia:umodsys.mod.media.stdio.obj
 0001:000009f6       ?writer_write@RStreamWriter_FILE@stdio@media@modules@UModSys@@UAE_NPBXI@Z 004019f6 f i umodsys_lib_libmedia:umodsys.mod.media.stdio.obj
 0001:00000a53       ?writer_copy@RStreamWriter_FILE@stdio@media@modules@UModSys@@UAE_NPAUIStreamReader@libmedia@5@_J@Z 00401a53 f i umodsys_lib_libmedia:umodsys.mod.media.stdio.obj
 0001:00000ad7       ?writer_copy@RStreamWriter_FILE@stdio@media@modules@UModSys@@UAE_NPAUIStreamReader@libmedia@5@_J1@Z 00401ad7 f i umodsys_lib_libmedia:umodsys.mod.media.stdio.obj
 0001:00000b0e       ?writer_close@RStreamWriter_FILE@stdio@media@modules@UModSys@@UAEXXZ 00401b0e f i umodsys_lib_libmedia:umodsys.mod.media.stdio.obj
 0001:00000b3b       ?writer_abort@RStreamWriter_FILE@stdio@media@modules@UModSys@@UAEXXZ 00401b3b f i umodsys_lib_libmedia:umodsys.mod.media.stdio.obj
 0001:00000b68       ??_ERStreamWriter_FILE@stdio@media@modules@UModSys@@UAEPAXI@Z 00401b68 f i  CIL library: CIL module
 0001:00000b68       ??_GRStreamWriter_FILE@stdio@media@modules@UModSys@@UAEPAXI@Z 00401b68 f i umodsys_lib_libmedia:umodsys.mod.media.stdio.obj
 0001:00000bac       ?root_get_interface_info@RDataArchiver_OsDir@stdio@media@modules@UModSys@@UBEABUSUniquePointerInfo@core@5@XZ 00401bac f i umodsys_lib_libmedia:umodsys.mod.media.stdio.obj
 0001:00000bb2       ?root_get_interface_type@RDataArchiver_OsDir@stdio@media@modules@UModSys@@UBEPBUSUniquePointerInfo@core@5@XZ 00401bb2 f i umodsys_lib_libmedia:umodsys.mod.media.stdio.obj
 0001:00000bb8       ?root_get_interface_types@RSystem@rsystem@base@UModSys@@UBEIAAUSUniquePtrList@core@4@@Z 00401bb8 f i umodsys_lib_basesys:umodsys.basesys.rsystem_main.obj
 0001:00000bb8       ?root_get_interface_types@RBinArchiveFrame@stdlib@media@modules@UModSys@@UBEIAAUSUniquePtrList@core@5@@Z 00401bb8 f i umodsys_lib_libmedia:umodsys.mod.media.stdlib.obj
 0001:00000bb8       ?root_get_interface_types@RLibraryLayered@stdlib@media@modules@UModSys@@UBEIAAUSUniquePtrList@core@5@@Z 00401bb8 f i umodsys_lib_libmedia:umodsys.mod.media.stdlib.obj
 0001:00000bb8       ?root_get_interface_types@RLibraryObjFilter@stdlib@media@modules@UModSys@@UBEIAAUSUniquePtrList@core@5@@Z 00401bb8 f i umodsys_lib_libmedia:umodsys.mod.media.stdlib.obj
 0001:00000bb8       ?root_get_interface_types@RLibraryBinTree@stdlib@media@modules@UModSys@@UBEIAAUSUniquePtrList@core@5@@Z 00401bb8 f i umodsys_lib_libmedia:umodsys.mod.media.stdlib.obj
 0001:00000bb8       ?root_get_interface_types@RGenerator@stdlib@media@modules@UModSys@@UBEIAAUSUniquePtrList@core@5@@Z 00401bb8 f i umodsys_lib_libmedia:umodsys.mod.media.stdlib.obj
 0001:00000bb8       ?root_get_interface_types@RModuleLibrarySO@rsystem@base@UModSys@@UBEIAAUSUniquePtrList@core@4@@Z 00401bb8 f i umodsys_lib_basesys:umodsys.basesys.rmodulelibso.obj
 0001:00000bb8       ?root_get_interface_types@RModuleLibraryThis@rsystem@base@UModSys@@UBEIAAUSUniquePtrList@core@4@@Z 00401bb8 f i umodsys_lib_basesys:umodsys.basesys.rmodulelibthis.obj
 0001:00000bb8       ?root_get_interface_types@RLibraryBinCache@stdlib@media@modules@UModSys@@UBEIAAUSUniquePtrList@core@5@@Z 00401bb8 f i umodsys_lib_libmedia:umodsys.mod.media.stdlib.obj
 0001:00000bb8       ?root_get_interface_types@RLibraryObjCache@stdlib@media@modules@UModSys@@UBEIAAUSUniquePtrList@core@5@@Z 00401bb8 f i umodsys_lib_libmedia:umodsys.mod.media.stdlib.obj
 0001:00000bb8       ?root_get_interface_types@RStreamWriter_FILE@stdio@media@modules@UModSys@@UBEIAAUSUniquePtrList@core@5@@Z 00401bb8 f i umodsys_lib_libmedia:umodsys.mod.media.stdio.obj
 0001:00000bb8       ?root_get_interface_types@RStreamReader_FILE@stdio@media@modules@UModSys@@UBEIAAUSUniquePtrList@core@5@@Z 00401bb8 f i umodsys_lib_libmedia:umodsys.mod.media.stdio.obj
 0001:00000bb8       ?root_get_interface_types@RGenerator@stdio@media@modules@UModSys@@UBEIAAUSUniquePtrList@core@5@@Z 00401bb8 f i umodsys_lib_libmedia:umodsys.mod.media.stdio.obj
 0001:00000bb8       ?root_get_interface_types@RDataArchiver_OsDir@stdio@media@modules@UModSys@@UBEIAAUSUniquePtrList@core@5@@Z 00401bb8 f i umodsys_lib_libmedia:umodsys.mod.media.stdio.obj
 0001:00000bb8       ?root_get_interface_types@RParameters@rsystem@base@UModSys@@UBEIAAUSUniquePtrList@core@4@@Z 00401bb8 f i umodsys_lib_basesys:umodsys.basesys.rparameters.obj
 0001:00000bb8       ?root_get_interface_types@RModule@rsystem@base@UModSys@@UBEIAAUSUniquePtrList@core@4@@Z 00401bb8 f i umodsys_lib_basesys:umodsys.basesys.rmodule.obj
 0001:00000bb8       ?root_get_interface_types@RConsole_std@rsystem@base@UModSys@@UBEIAAUSUniquePtrList@core@4@@Z 00401bb8 f i umodsys_lib_basesys:umodsys.basesys.rconsole_std.obj
 0001:00000bbd       ?root_get_other_interface@RDataArchiver_OsDir@stdio@media@modules@UModSys@@UAEPAUIRoot@core@5@PBUSUniquePointerInfo@75@@Z 00401bbd f i umodsys_lib_libmedia:umodsys.mod.media.stdio.obj
 0001:00000bbd       ?root_get_other_interface@RDataArchiver_OsDir@stdio@media@modules@UModSys@@UBEPBUIRoot@core@5@PBUSUniquePointerInfo@75@@Z 00401bbd f i umodsys_lib_libmedia:umodsys.mod.media.stdio.obj
 0001:00000bde       ?root_is_interface_supported@RDataArchiver_OsDir@stdio@media@modules@UModSys@@UBE_NPBUSUniquePointerInfo@core@5@@Z 00401bde f i umodsys_lib_libmedia:umodsys.mod.media.stdio.obj
 0001:00000c05       ?ref_weak@RLibraryLayered@stdlib@media@modules@UModSys@@UBE_NAAUWeakPointer@IRefObject@core@5@@Z 00401c05 f i umodsys_lib_libmedia:umodsys.mod.media.stdlib.obj
 0001:00000c05       ?ref_weak@RDataArchiver_OsDir@stdio@media@modules@UModSys@@UBE_NAAUWeakPointer@IRefObject@core@5@@Z 00401c05 f i umodsys_lib_libmedia:umodsys.mod.media.stdio.obj
 0001:00000c05       ?ref_weak@RLibraryBinTree@stdlib@media@modules@UModSys@@UBE_NAAUWeakPointer@IRefObject@core@5@@Z 00401c05 f i umodsys_lib_libmedia:umodsys.mod.media.stdlib.obj
 0001:00000c05       ?ref_weak@RLibraryObjFilter@stdlib@media@modules@UModSys@@UBE_NAAUWeakPointer@IRefObject@core@5@@Z 00401c05 f i umodsys_lib_libmedia:umodsys.mod.media.stdlib.obj
 0001:00000c05       ?ref_weak@RLibraryObjCache@stdlib@media@modules@UModSys@@UBE_NAAUWeakPointer@IRefObject@core@5@@Z 00401c05 f i umodsys_lib_libmedia:umodsys.mod.media.stdlib.obj
 0001:00000c05       ?ref_weak@RLibraryBinCache@stdlib@media@modules@UModSys@@UBE_NAAUWeakPointer@IRefObject@core@5@@Z 00401c05 f i umodsys_lib_libmedia:umodsys.mod.media.stdlib.obj
 0001:00000c24       ??0RDataArchiver_OsDir@stdio@media@modules@UModSys@@QAE@PAUIModObject@base@4@ABUSParameters@core@4@U?$TFlags4State@USMediaFlagUid@libmedia@UModSys@@I@tl@4@@Z 00401c24 f i umodsys_lib_libmedia:umodsys.mod.media.stdio.obj
 0001:00000c9c       ?open@RDataArchiver_OsDir@stdio@media@modules@UModSys@@QAEXABUSParameters@core@5@@Z 00401c9c f i umodsys_lib_libmedia:umodsys.mod.media.stdio.obj
 0001:00000d77       ?get_flag@RDataArchiver_OsDir@stdio@media@modules@UModSys@@UBE?AW4eStates@?$TFlags4State@USMediaFlagUid@libmedia@UModSys@@I@tl@5@H@Z 00401d77 f i umodsys_lib_libmedia:umodsys.mod.media.stdio.obj
 0001:00000d8a       ?get_flags_auto@RDataArchiver_OsDir@stdio@media@modules@UModSys@@UBE?AU?$TFlags4State@USMediaFlagUid@libmedia@UModSys@@I@tl@5@XZ 00401d8a f i umodsys_lib_libmedia:umodsys.mod.media.stdio.obj
 0001:00000d99       ?set_flag@RDataArchiver_OsDir@stdio@media@modules@UModSys@@UAE?AW4eStates@?$TFlags4State@USMediaFlagUid@libmedia@UModSys@@I@tl@5@HW46785@@Z 00401d99 f i umodsys_lib_libmedia:umodsys.mod.media.stdio.obj
 0001:00000dc6       ?data_load@RDataArchiver_OsDir@stdio@media@modules@UModSys@@UAE_NABU?$TString@U?$TSCoreConst@D@su@tl@UModSys@@U?$TComparerBinaryHash@D@234@@tl@5@AAUSCMemShared@core@5@ABUSFlags@libmedia@5@@Z 00401dc6 f i umodsys_lib_libmedia:umodsys.mod.media.stdio.obj
 0001:00000dfa       ?data_save@RDataArchiver_OsDir@stdio@media@modules@UModSys@@UAE_NABU?$TString@U?$TSCoreConst@D@su@tl@UModSys@@U?$TComparerBinaryHash@D@234@@tl@5@ABUSCMem@core@5@ABUSFlags@libmedia@5@@Z 00401dfa f i umodsys_lib_libmedia:umodsys.mod.media.stdio.obj
 0001:00000e70       ?data_reader@RDataArchiver_OsDir@stdio@media@modules@UModSys@@UAE?AU?$TRefObject@UIStreamReader@libmedia@UModSys@@U?$TRefObjectFunc@UIStreamReader@libmedia@UModSys@@@tl@3@@tl@5@ABU?$TString@U?$TSCoreConst@D@su@tl@UModSys@@U?$TComparerBinaryHash@D@234@@75@ABUSFlags@libmedia@5@@Z 00401e70 f i umodsys_lib_libmedia:umodsys.mod.media.stdio.obj
 0001:00000f75       ?data_writer@RDataArchiver_OsDir@stdio@media@modules@UModSys@@UAE?AU?$TRefObject@UIStreamWriter@libmedia@UModSys@@U?$TRefObjectFunc@UIStreamWriter@libmedia@UModSys@@@tl@3@@tl@5@ABU?$TString@U?$TSCoreConst@D@su@tl@UModSys@@U?$TComparerBinaryHash@D@234@@75@ABUSFlags@libmedia@5@@Z 00401f75 f i umodsys_lib_libmedia:umodsys.mod.media.stdio.obj
 0001:00001097       ?data_list@RDataArchiver_OsDir@stdio@media@modules@UModSys@@UAE_NABU?$TString@U?$TSCoreConst@D@su@tl@UModSys@@U?$TComparerBinaryHash@D@234@@tl@5@AAU?$TIStackSocket@USFileInfo@libmedia@UModSys@@@75@ABUSFlags@libmedia@5@@Z 00402097 f i umodsys_lib_libmedia:umodsys.mod.media.stdio.obj
 0001:000010e0       ?get_permissions@RDataArchiver_OsDir@stdio@media@modules@UModSys@@UAEHXZ 004020e0 f i umodsys_lib_libmedia:umodsys.mod.media.stdio.obj
 0001:000010e4       ??_ERDataArchiver_OsDir@stdio@media@modules@UModSys@@UAEPAXI@Z 004020e4 f i  CIL library: CIL module
 0001:000010e4       ??_GRDataArchiver_OsDir@stdio@media@modules@UModSys@@UAEPAXI@Z 004020e4 f i umodsys_lib_libmedia:umodsys.mod.media.stdio.obj
 0001:00001134       ?get_generated_names@RGenerator@stdio@media@modules@UModSys@@UBEHAAUSUniquePtrList@core@5@@Z 00402134 f i umodsys_lib_libmedia:umodsys.mod.media.stdio.obj
 0001:00001164       ?get_generated_types@RGenerator@stdio@media@modules@UModSys@@UBEHAAUSUniquePtrList@core@5@PBUSUniquePointerInfo@75@@Z 00402164 f i umodsys_lib_libmedia:umodsys.mod.media.stdio.obj
 0001:000011d2       ?generate@RGenerator@stdio@media@modules@UModSys@@UAE_NAAU?$TRefObject@UIRefObject@core@UModSys@@U?$TRefObjectFunc@UIRefObject@core@UModSys@@@tl@3@@tl@5@PBUSUniquePointerInfo@core@5@ABUSParameters@95@@Z 004021d2 f i umodsys_lib_libmedia:umodsys.mod.media.stdio.obj
 0001:0000123a       ?root_get_interface_info@RGenerator@stdio@media@modules@UModSys@@UBEABUSUniquePointerInfo@core@5@XZ 0040223a f i umodsys_lib_libmedia:umodsys.mod.media.stdio.obj
 0001:00001240       ?root_get_interface_type@RGenerator@stdio@media@modules@UModSys@@UBEPBUSUniquePointerInfo@core@5@XZ 00402240 f i umodsys_lib_libmedia:umodsys.mod.media.stdio.obj
 0001:00001246       ?root_get_other_interface@RGenerator@stdio@media@modules@UModSys@@UBEPBUIRoot@core@5@PBUSUniquePointerInfo@75@@Z 00402246 f i umodsys_lib_libmedia:umodsys.mod.media.stdio.obj
 0001:00001246       ?root_get_other_interface@RGenerator@stdio@media@modules@UModSys@@UAEPAUIRoot@core@5@PBUSUniquePointerInfo@75@@Z 00402246 f i umodsys_lib_libmedia:umodsys.mod.media.stdio.obj
 0001:0000126f       ?root_is_interface_supported@RGenerator@stdio@media@modules@UModSys@@UBE_NPBUSUniquePointerInfo@core@5@@Z 0040226f f i umodsys_lib_libmedia:umodsys.mod.media.stdio.obj
 0001:0000128e       ?ref_links@RStreamReader_FILE@stdio@media@modules@UModSys@@UBEHXZ 0040228e f i umodsys_lib_libmedia:umodsys.mod.media.stdio.obj
 0001:0000128e       ?ref_links@RGenerator@stdlib@media@modules@UModSys@@UBEHXZ 0040228e f i umodsys_lib_libmedia:umodsys.mod.media.stdlib.obj
 0001:0000128e       ?ref_links@RStreamWriter_FILE@stdio@media@modules@UModSys@@UBEHXZ 0040228e f i umodsys_lib_libmedia:umodsys.mod.media.stdio.obj
 0001:0000128e       ?ref_links@RGenerator@stdio@media@modules@UModSys@@UBEHXZ 0040228e f i umodsys_lib_libmedia:umodsys.mod.media.stdio.obj
 0001:0000128e       ?get_system@IModuleLibraryUni@rsystem@base@UModSys@@UBEPAUISystem@34@XZ 0040228e f i umodsys_lib_basesys:umodsys.basesys.rmodulelib.obj
 0001:00001292       ?get_uid@RGenerator@stdio@media@modules@UModSys@@UBEPBUSUniquePointerInfo@core@5@XZ 00402292 f i umodsys_lib_libmedia:umodsys.mod.media.stdio.obj
 0001:00001298       ?do_open@RModuleReg@stdio@media@modules@UModSys@@UAE_NXZ 00402298 f i umodsys_lib_libmedia:umodsys.mod.media.stdio.obj
 0001:000012e6       ?do_close@RModuleReg@stdio@media@modules@UModSys@@UAE_NXZ 004022e6 f i umodsys_lib_libmedia:umodsys.mod.media.stdio.obj
 0001:00001321       ?get_module@RGenerator@stdio@media@modules@UModSys@@UBEPAUIModule@base@5@XZ 00402321 f   umodsys_lib_libmedia:umodsys.mod.media.stdio.obj
 0001:00001327       ?mod_inc@RGenerator@stdio@media@modules@UModSys@@UBE_NXZ 00402327 f   umodsys_lib_libmedia:umodsys.mod.media.stdio.obj
 0001:00001332       ?mod_dec@RGenerator@stdio@media@modules@UModSys@@UBE_NXZ 00402332 f   umodsys_lib_libmedia:umodsys.mod.media.stdio.obj
 0001:0000133d       ?s_holder@RGenerator@stdio@media@modules@UModSys@@SAAAU?$TTypeStaticHolder@URGenerator@stdio@media@modules@UModSys@@@tl@5@XZ 0040233d f   umodsys_lib_libmedia:umodsys.mod.media.stdio.obj
 0001:0000136f       ??1?$TString@U?$TSCoreShared@USIMemAlloc@core@UModSys@@D@su@tl@UModSys@@U?$TComparerBinaryHash@D@234@@tl@UModSys@@QAE@XZ 0040236f f i umodsys_lib_libmedia:umodsys.mod.media.stdio.obj
 0001:0000136f       ??1?$TSCoreShared@USIMemAlloc@core@UModSys@@D@su@tl@UModSys@@QAE@XZ 0040236f f i umodsys_lib_libmedia:umodsys.mod.media.stdio.obj
 0001:00001374       ?set@?$TSCoreShared@USIMemAlloc@core@UModSys@@D@su@tl@UModSys@@QAEXPBD@Z 00402374 f i umodsys_lib_libmedia:umodsys.mod.media.stdio.obj
 0001:00001399       ?set@?$TSCoreShared@USIMemAlloc@core@UModSys@@D@su@tl@UModSys@@QAEXPBDI@Z 00402399 f i umodsys_lib_libmedia:umodsys.mod.media.stdio.obj
 0001:000013f6       ?info_release@?$TSCoreShared@USIMemAlloc@core@UModSys@@D@su@tl@UModSys@@QAEXXZ 004023f6 f i umodsys_lib_libmedia:umodsys.mod.media.stdio.obj
 0001:00001426       ??$ValidateConstruction@UIStreamReader@libmedia@UModSys@@URStreamReader_FILE@stdio@media@modules@3@@core@UModSys@@YA_NAAU?$TRefObject@UIStreamReader@libmedia@UModSys@@U?$TRefObjectFunc@UIStreamReader@libmedia@UModSys@@@tl@3@@tl@1@PAURStreamReader_FILE@stdio@media@modules@1@@Z 00402426 f i umodsys_lib_libmedia:umodsys.mod.media.stdio.obj
 0001:00001480       ??$yes@U?$TFlags4StateShift@USMediaFlagUid@libmedia@UModSys@@I$09@tl@UModSys@@@SFlags@libmedia@UModSys@@QBE_NPBUIResolverAuto@012@@Z 00402480 f i umodsys_lib_libmedia:umodsys.mod.media.stdio.obj
 0001:000014d1       ??$ValidateConstruction@UIStreamWriter@libmedia@UModSys@@URStreamWriter_FILE@stdio@media@modules@3@@core@UModSys@@YA_NAAU?$TRefObject@UIStreamWriter@libmedia@UModSys@@U?$TRefObjectFunc@UIStreamWriter@libmedia@UModSys@@@tl@3@@tl@1@PAURStreamWriter_FILE@stdio@media@modules@1@@Z 004024d1 f i umodsys_lib_libmedia:umodsys.mod.media.stdio.obj
 0001:0000152b       ??$t_gen_param@URStreamReader_FILE@stdio@media@modules@UModSys@@URGenerator@2345@@IGenerator@base@UModSys@@IAE_NPAURGenerator@stdio@media@modules@2@AAU?$TRefObject@UIRefObject@core@UModSys@@U?$TRefObjectFunc@UIRefObject@core@UModSys@@@tl@3@@tl@2@PBUSUniquePointerInfo@core@2@ABUSParameters@core@2@@Z 0040252b f i umodsys_lib_libmedia:umodsys.mod.media.stdio.obj
 0001:000015b6       ??$t_gen_param@URStreamWriter_FILE@stdio@media@modules@UModSys@@URGenerator@2345@@IGenerator@base@UModSys@@IAE_NPAURGenerator@stdio@media@modules@2@AAU?$TRefObject@UIRefObject@core@UModSys@@U?$TRefObjectFunc@UIRefObject@core@UModSys@@@tl@3@@tl@2@PBUSUniquePointerInfo@core@2@ABUSParameters@core@2@@Z 004025b6 f i umodsys_lib_libmedia:umodsys.mod.media.stdio.obj
 0001:00001641       ??$t_gen_param@URDataArchiver_OsDir@stdio@media@modules@UModSys@@URGenerator@2345@@IGenerator@base@UModSys@@IAE_NPAURGenerator@stdio@media@modules@2@AAU?$TRefObject@UIRefObject@core@UModSys@@U?$TRefObjectFunc@UIRefObject@core@UModSys@@@tl@3@@tl@2@PBUSUniquePointerInfo@core@2@ABUSParameters@core@2@@Z 00402641 f i umodsys_lib_libmedia:umodsys.mod.media.stdio.obj
 0001:000016c1       ??1?$TRefObject@UIModObject@base@UModSys@@U?$TModObjectFunc@UIModObject@base@UModSys@@@tl@3@@tl@UModSys@@QAE@XZ 004026c1 f i umodsys_lib_libmedia:umodsys.mod.media.stdio.obj
 0001:000016d7       ??1?$TRefObject@URLibraryObjFilter@stdlib@media@modules@UModSys@@U?$TRefObjectFunc@URLibraryObjFilter@stdlib@media@modules@UModSys@@@tl@5@@tl@UModSys@@QAE@XZ 004026d7 f i umodsys_lib_libmedia:umodsys.mod.media.stdlib.obj
 0001:000016d7       ??1?$TRefObject@UIStreamWriter@libmedia@UModSys@@U?$TRefObjectFunc@UIStreamWriter@libmedia@UModSys@@@tl@3@@tl@UModSys@@QAE@XZ 004026d7 f i umodsys_lib_libmedia:umodsys.mod.media.stdio.obj
 0001:000016d7       ??1?$TRefObject@UIStreamReader@libmedia@UModSys@@U?$TRefObjectFunc@UIStreamReader@libmedia@UModSys@@@tl@3@@tl@UModSys@@QAE@XZ 004026d7 f i umodsys_lib_libmedia:umodsys.mod.media.stdio.obj
 0001:000016d7       ??1?$TRefObject@UIModuleLibraryUni@rsystem@base@UModSys@@U?$TRefObjectFunc@UIModuleLibraryUni@rsystem@base@UModSys@@@tl@4@@tl@UModSys@@QAE@XZ 004026d7 f i umodsys_lib_basesys:umodsys.basesys.rmodule.obj
 0001:000016d7       ??1?$TRefObject@URParameters@rsystem@base@UModSys@@U?$TRefObjectFunc@URParameters@rsystem@base@UModSys@@@tl@4@@tl@UModSys@@QAE@XZ 004026d7 f i umodsys_lib_basesys:umodsys.basesys.rsystem_main.obj
 0001:000016d7       ??1?$TRefObject@URLibraryBinCache@stdlib@media@modules@UModSys@@U?$TRefObjectFunc@URLibraryBinCache@stdlib@media@modules@UModSys@@@tl@5@@tl@UModSys@@QAE@XZ 004026d7 f i umodsys_lib_libmedia:umodsys.mod.media.stdlib.obj
 0001:000016d7       ??1?$TRefObject@URLibraryBinTree@stdlib@media@modules@UModSys@@U?$TRefObjectFunc@URLibraryBinTree@stdlib@media@modules@UModSys@@@tl@5@@tl@UModSys@@QAE@XZ 004026d7 f i umodsys_lib_libmedia:umodsys.mod.media.stdlib.obj
 0001:000016d7       ??1?$TRefObject@UIShell@base@UModSys@@U?$TRefObjectFunc@UIShell@base@UModSys@@@tl@3@@tl@UModSys@@QAE@XZ 004026d7 f i umodsys_lib_basesys:umodsys.basesys.rsystem_tests.obj
 0001:000016d7       ??1?$TRefObject@URModuleLibrarySO@rsystem@base@UModSys@@U?$TRefObjectFunc@URModuleLibrarySO@rsystem@base@UModSys@@@tl@4@@tl@UModSys@@QAE@XZ 004026d7 f i umodsys_lib_basesys:umodsys.basesys.rmoduleloader.obj
 0001:000016d7       ??1?$TRefObject@UIClient@IBinArchiveFrame@libmedia@UModSys@@U?$TRefObjectFunc@UIClient@IBinArchiveFrame@libmedia@UModSys@@@tl@4@@tl@UModSys@@QAE@XZ 004026d7 f i umodsys_lib_libmedia:umodsys.mod.media.stdlib.obj
 0001:000016d7       ??1?$TRefObject@URLibraryObjCache@stdlib@media@modules@UModSys@@U?$TRefObjectFunc@URLibraryObjCache@stdlib@media@modules@UModSys@@@tl@5@@tl@UModSys@@QAE@XZ 004026d7 f i umodsys_lib_libmedia:umodsys.mod.media.stdlib.obj
 0001:000016d7       ??1?$TRefObject@URLibraryLayered@stdlib@media@modules@UModSys@@U?$TRefObjectFunc@URLibraryLayered@stdlib@media@modules@UModSys@@@tl@5@@tl@UModSys@@QAE@XZ 004026d7 f i umodsys_lib_libmedia:umodsys.mod.media.stdlib.obj
 0001:000016d7       ??1?$TRefObject@URStreamReader_FILE@stdio@media@modules@UModSys@@U?$TRefObjectFunc@URStreamReader_FILE@stdio@media@modules@UModSys@@@tl@5@@tl@UModSys@@QAE@XZ 004026d7 f i umodsys_lib_libmedia:umodsys.mod.media.stdio.obj
 0001:000016d7       ??1?$TRefObject@UIRefObject@core@UModSys@@U?$TRefObjectFunc@UIRefObject@core@UModSys@@@tl@3@@tl@UModSys@@QAE@XZ 004026d7 f i umodsys_lib_libmedia:umodsys.mod.media.stdlib.obj
 0001:000016d7       ??1?$TRefObject@URBinArchiveFrame@stdlib@media@modules@UModSys@@U?$TRefObjectFunc@URBinArchiveFrame@stdlib@media@modules@UModSys@@@tl@5@@tl@UModSys@@QAE@XZ 004026d7 f i umodsys_lib_libmedia:umodsys.mod.media.stdlib.obj
 0001:000016d7       ??1?$TRefObject@URStreamWriter_FILE@stdio@media@modules@UModSys@@U?$TRefObjectFunc@URStreamWriter_FILE@stdio@media@modules@UModSys@@@tl@5@@tl@UModSys@@QAE@XZ 004026d7 f i umodsys_lib_libmedia:umodsys.mod.media.stdio.obj
 0001:000016d7       ??1?$TRefObject@URDataArchiver_OsDir@stdio@media@modules@UModSys@@U?$TRefObjectFunc@URDataArchiver_OsDir@stdio@media@modules@UModSys@@@tl@5@@tl@UModSys@@QAE@XZ 004026d7 f i umodsys_lib_libmedia:umodsys.mod.media.stdio.obj
 0001:000016d7       ??1?$TRefObject@UIBinObjFilter@libmedia@UModSys@@U?$TRefObjectFunc@UIBinObjFilter@libmedia@UModSys@@@tl@3@@tl@UModSys@@QAE@XZ 004026d7 f i umodsys_lib_libmedia:umodsys.mod.media.stdlib.obj
 0001:000016d7       ??1SFilter@RLibraryObjFilter@stdlib@media@modules@UModSys@@QAE@XZ 004026d7 f i umodsys_lib_libmedia:umodsys.mod.media.stdlib.obj
 0001:000016e6       ?s_init@?$TModObjectFunc@UIModObject@base@UModSys@@@tl@UModSys@@SAXAAPAUIModObject@base@3@PAU453@@Z 004026e6 f i umodsys_lib_libmedia:umodsys.mod.media.stdio.obj
 0001:000016ff       ??4?$TRefObject@UIRefObject@core@UModSys@@U?$TRefObjectFunc@UIRefObject@core@UModSys@@@tl@3@@tl@UModSys@@QAEABU012@PAUIRefObject@core@2@@Z 004026ff f i umodsys_lib_libmedia:umodsys.mod.media.stdio.obj
 0001:0000171a       ??0SMemShared@core@UModSys@@QAE@ABUSCMem@12@@Z 0040271a f i umodsys_lib_libmedia:umodsys.mod.media.stdlib.obj
 0001:00001774       ??1SCMemShared@core@UModSys@@QAE@XZ 00402774 f i umodsys_lib_libmedia:umodsys.mod.media.stdlib.obj
 0001:00001774       ??1SMemShared@core@UModSys@@QAE@XZ 00402774 f i umodsys_lib_libmedia:umodsys.mod.media.stdio.obj
 0001:00001774       ??1SInfo@IBinObjFilter@libmedia@UModSys@@QAE@XZ 00402774 f i umodsys_lib_libmedia:umodsys.mod.media.stdlib.obj
 0001:0000177e       ??$seq@D@su@tl@UModSys@@YA_NPBD0I@Z 0040277e f i umodsys_lib_libmedia:umodsys.mod.media.stdlib.obj
 0001:00001799       ?get_flag@RResolverChain@SFlagsChain@libmedia@UModSys@@UBE?AW4eStates@?$TFlags4State@USMediaFlagUid@libmedia@UModSys@@I@tl@4@H@Z 00402799 f i umodsys_lib_libmedia:umodsys.mod.media.stdlib.obj
 0001:000017bf       ?_root_get_interface_types@ILibrary@libmedia@UModSys@@SAIAAUSUniquePtrList@core@3@@Z 004027bf f i umodsys_lib_libmedia:umodsys.mod.media.stdlib.obj
 0001:000017d9       ?_root_is_interface_supported@ILibrary@libmedia@UModSys@@SA_NPBUSUniquePointerInfo@core@3@@Z 004027d9 f i umodsys_lib_libmedia:umodsys.mod.media.stdlib.obj
 0001:000017f1       ??1SPoint@ILibraryBinTree@libmedia@UModSys@@QAE@XZ 004027f1 f i umodsys_lib_libmedia:umodsys.mod.media.stdlib.obj
 0001:000017f1       ??1SLayer@ILibraryLayered@libmedia@UModSys@@QAE@XZ 004027f1 f i umodsys_lib_libmedia:umodsys.mod.media.stdlib.obj
 0001:00001802       ?root_get_interface_info@RBinArchiveFrame@stdlib@media@modules@UModSys@@UBEABUSUniquePointerInfo@core@5@XZ 00402802 f i umodsys_lib_libmedia:umodsys.mod.media.stdlib.obj
 0001:00001808       ?root_get_interface_type@RBinArchiveFrame@stdlib@media@modules@UModSys@@UBEPBUSUniquePointerInfo@core@5@XZ 00402808 f i umodsys_lib_libmedia:umodsys.mod.media.stdlib.obj
 0001:0000180e       ?root_get_other_interface@RBinArchiveFrame@stdlib@media@modules@UModSys@@UBEPBUIRoot@core@5@PBUSUniquePointerInfo@75@@Z 0040280e f i umodsys_lib_libmedia:umodsys.mod.media.stdlib.obj
 0001:0000180e       ?root_get_other_interface@RBinArchiveFrame@stdlib@media@modules@UModSys@@UAEPAUIRoot@core@5@PBUSUniquePointerInfo@75@@Z 0040280e f i umodsys_lib_libmedia:umodsys.mod.media.stdlib.obj
 0001:00001837       ?root_is_interface_supported@RBinArchiveFrame@stdlib@media@modules@UModSys@@UBE_NPBUSUniquePointerInfo@core@5@@Z 00402837 f i umodsys_lib_libmedia:umodsys.mod.media.stdlib.obj
 0001:00001866       ?ref_add@RBinArchiveFrame@stdlib@media@modules@UModSys@@UBEXXZ 00402866 f i umodsys_lib_libmedia:umodsys.mod.media.stdlib.obj
 0001:0000186a       ?ref_remove@RBinArchiveFrame@stdlib@media@modules@UModSys@@UBEXXZ 0040286a f i umodsys_lib_libmedia:umodsys.mod.media.stdlib.obj
 0001:00001875       ?ref_links@RBinArchiveFrame@stdlib@media@modules@UModSys@@UBEHXZ 00402875 f i umodsys_lib_libmedia:umodsys.mod.media.stdlib.obj
 0001:00001879       ?ref_weak@RBinArchiveFrame@stdlib@media@modules@UModSys@@UBE_NAAUWeakPointer@IRefObject@core@5@@Z 00402879 f i umodsys_lib_libmedia:umodsys.mod.media.stdlib.obj
 0001:00001898       ?suicide@RBinArchiveFrame@stdlib@media@modules@UModSys@@UAEXXZ 00402898 f i umodsys_lib_libmedia:umodsys.mod.media.stdlib.obj
 0001:000018df       ??0RBinArchiveFrame@stdlib@media@modules@UModSys@@QAE@PAUIModObject@base@4@ABUSParameters@core@4@U?$TFlags4State@USMediaFlagUid@libmedia@UModSys@@I@tl@4@@Z 004028df f i umodsys_lib_libmedia:umodsys.mod.media.stdlib.obj
 0001:0000194b       ??1RBinArchiveFrame@stdlib@media@modules@UModSys@@UAE@XZ 0040294b f i umodsys_lib_libmedia:umodsys.mod.media.stdlib.obj
 0001:000019c3       ?get_flag@RBinArchiveFrame@stdlib@media@modules@UModSys@@UBE?AW4eStates@?$TFlags4State@USMediaFlagUid@libmedia@UModSys@@I@tl@5@H@Z 004029c3 f i umodsys_lib_libmedia:umodsys.mod.media.stdlib.obj
 0001:000019d6       ?get_flags_auto@RBinArchiveFrame@stdlib@media@modules@UModSys@@UBE?AU?$TFlags4State@USMediaFlagUid@libmedia@UModSys@@I@tl@5@XZ 004029d6 f i umodsys_lib_libmedia:umodsys.mod.media.stdlib.obj
 0001:000019e5       ?set_flag@RBinArchiveFrame@stdlib@media@modules@UModSys@@UAE?AW4eStates@?$TFlags4State@USMediaFlagUid@libmedia@UModSys@@I@tl@5@HW46785@@Z 004029e5 f i umodsys_lib_libmedia:umodsys.mod.media.stdlib.obj
 0001:00001a12       ?bin_reader@RLibraryBinCache@stdlib@media@modules@UModSys@@UAE?AU?$TRefObject@UIStreamReader@libmedia@UModSys@@U?$TRefObjectFunc@UIStreamReader@libmedia@UModSys@@@tl@3@@tl@5@ABU?$TString@U?$TSCoreConst@D@su@tl@UModSys@@U?$TComparerBinaryHash@D@234@@75@ABUSFlags@libmedia@5@@Z 00402a12 f i umodsys_lib_libmedia:umodsys.mod.media.stdlib.obj
 0001:00001a12       ?bin_writer@RLibraryObjFilter@stdlib@media@modules@UModSys@@UAE?AU?$TRefObject@UIStreamWriter@libmedia@UModSys@@U?$TRefObjectFunc@UIStreamWriter@libmedia@UModSys@@@tl@3@@tl@5@ABU?$TString@U?$TSCoreConst@D@su@tl@UModSys@@U?$TComparerBinaryHash@D@234@@75@ABUSFlags@libmedia@5@@Z 00402a12 f i umodsys_lib_libmedia:umodsys.mod.media.stdlib.obj
 0001:00001a12       ?bin_reader@RLibraryObjFilter@stdlib@media@modules@UModSys@@UAE?AU?$TRefObject@UIStreamReader@libmedia@UModSys@@U?$TRefObjectFunc@UIStreamReader@libmedia@UModSys@@@tl@3@@tl@5@ABU?$TString@U?$TSCoreConst@D@su@tl@UModSys@@U?$TComparerBinaryHash@D@234@@75@ABUSFlags@libmedia@5@@Z 00402a12 f i umodsys_lib_libmedia:umodsys.mod.media.stdlib.obj
 0001:00001a12       ?data_writer@RBinArchiveFrame@stdlib@media@modules@UModSys@@UAE?AU?$TRefObject@UIStreamWriter@libmedia@UModSys@@U?$TRefObjectFunc@UIStreamWriter@libmedia@UModSys@@@tl@3@@tl@5@ABU?$TString@U?$TSCoreConst@D@su@tl@UModSys@@U?$TComparerBinaryHash@D@234@@75@ABUSFlags@libmedia@5@@Z 00402a12 f i umodsys_lib_libmedia:umodsys.mod.media.stdlib.obj
 0001:00001a12       ?data_reader@RBinArchiveFrame@stdlib@media@modules@UModSys@@UAE?AU?$TRefObject@UIStreamReader@libmedia@UModSys@@U?$TRefObjectFunc@UIStreamReader@libmedia@UModSys@@@tl@3@@tl@5@ABU?$TString@U?$TSCoreConst@D@su@tl@UModSys@@U?$TComparerBinaryHash@D@234@@75@ABUSFlags@libmedia@5@@Z 00402a12 f i umodsys_lib_libmedia:umodsys.mod.media.stdlib.obj
 0001:00001a12       ?bin_writer@RLibraryBinCache@stdlib@media@modules@UModSys@@UAE?AU?$TRefObject@UIStreamWriter@libmedia@UModSys@@U?$TRefObjectFunc@UIStreamWriter@libmedia@UModSys@@@tl@3@@tl@5@ABU?$TString@U?$TSCoreConst@D@su@tl@UModSys@@U?$TComparerBinaryHash@D@234@@75@ABUSFlags@libmedia@5@@Z 00402a12 f i umodsys_lib_libmedia:umodsys.mod.media.stdlib.obj
 0001:00001a12       ?bin_writer@RLibraryObjCache@stdlib@media@modules@UModSys@@UAE?AU?$TRefObject@UIStreamWriter@libmedia@UModSys@@U?$TRefObjectFunc@UIStreamWriter@libmedia@UModSys@@@tl@3@@tl@5@ABU?$TString@U?$TSCoreConst@D@su@tl@UModSys@@U?$TComparerBinaryHash@D@234@@75@ABUSFlags@libmedia@5@@Z 00402a12 f i umodsys_lib_libmedia:umodsys.mod.media.stdlib.obj
 0001:00001a12       ?bin_reader@RLibraryObjCache@stdlib@media@modules@UModSys@@UAE?AU?$TRefObject@UIStreamReader@libmedia@UModSys@@U?$TRefObjectFunc@UIStreamReader@libmedia@UModSys@@@tl@3@@tl@5@ABU?$TString@U?$TSCoreConst@D@su@tl@UModSys@@U?$TComparerBinaryHash@D@234@@75@ABUSFlags@libmedia@5@@Z 00402a12 f i umodsys_lib_libmedia:umodsys.mod.media.stdlib.obj
 0001:00001a24       ?add_node_r@RBinArchiveFrame@stdlib@media@modules@UModSys@@UAEPAUNameNode@IBinArchiveFrame@libmedia@5@ABU?$TString@U?$TSCoreConst@D@su@tl@UModSys@@U?$TComparerBinaryHash@D@234@@tl@5@IAAUSMem@core@5@@Z 00402a24 f i umodsys_lib_libmedia:umodsys.mod.media.stdlib.obj
 0001:00001a29       ?add_node_w@RBinArchiveFrame@stdlib@media@modules@UModSys@@UAEPAUNameNode@IBinArchiveFrame@libmedia@5@ABU?$TString@U?$TSCoreConst@D@su@tl@UModSys@@U?$TComparerBinaryHash@D@234@@tl@5@I@Z 00402a29 f i umodsys_lib_libmedia:umodsys.mod.media.stdlib.obj
 0001:00001a29       ?node_size@RBinArchiveFrame@stdlib@media@modules@UModSys@@UAEIABU?$TString@U?$TSCoreConst@D@su@tl@UModSys@@U?$TComparerBinaryHash@D@234@@tl@5@H@Z 00402a29 f i umodsys_lib_libmedia:umodsys.mod.media.stdlib.obj
 0001:00001a2e       ?moduledb_load@RModuleLoader@rsystem@base@UModSys@@UAE_NABU?$TString@U?$TSCoreConst@D@su@tl@UModSys@@U?$TComparerBinaryHash@D@234@@tl@4@@Z 00402a2e f i umodsys_lib_basesys:umodsys.basesys.rmoduleloader.obj
 0001:00001a2e       ?ref_weak@RConsole_std@rsystem@base@UModSys@@UBE_NAAUWeakPointer@IRefObject@core@4@@Z 00402a2e f i umodsys_lib_basesys:umodsys.basesys.rconsole_std.obj
 0001:00001a2e       ?remove_node@RBinArchiveFrame@stdlib@media@modules@UModSys@@UAE_NPAUNameNode@IBinArchiveFrame@libmedia@5@@Z 00402a2e f i umodsys_lib_libmedia:umodsys.mod.media.stdlib.obj
 0001:00001a2e       ?moduledb_lib_drop@RModuleLoader@rsystem@base@UModSys@@UAE_NPAUIModuleLibrary@34@@Z 00402a2e f i umodsys_lib_basesys:umodsys.basesys.rmoduleloader.obj
 0001:00001a33       ?find_node@RBinArchiveFrame@stdlib@media@modules@UModSys@@UAEPAUNameNode@IBinArchiveFrame@libmedia@5@ABU?$TString@U?$TSCoreConst@D@su@tl@UModSys@@U?$TComparerBinaryHash@D@234@@tl@5@@Z 00402a33 f i umodsys_lib_libmedia:umodsys.mod.media.stdlib.obj
 0001:00001a38       ??_ERBinArchiveFrame@stdlib@media@modules@UModSys@@UAEPAXI@Z 00402a38 f i  CIL library: CIL module
 0001:00001a38       ??_GRBinArchiveFrame@stdlib@media@modules@UModSys@@UAEPAXI@Z 00402a38 f i umodsys_lib_libmedia:umodsys.mod.media.stdlib.obj
 0001:00001a55       ??1IBinArchiveFrame@libmedia@UModSys@@UAE@XZ 00402a55 f i umodsys_lib_libmedia:umodsys.mod.media.stdlib.obj
 0001:00001ab7       ?root_get_interface_info@RLibraryBinCache@stdlib@media@modules@UModSys@@UBEABUSUniquePointerInfo@core@5@XZ 00402ab7 f i umodsys_lib_libmedia:umodsys.mod.media.stdlib.obj
 0001:00001abd       ?root_get_interface_type@RLibraryBinCache@stdlib@media@modules@UModSys@@UBEPBUSUniquePointerInfo@core@5@XZ 00402abd f i umodsys_lib_libmedia:umodsys.mod.media.stdlib.obj
 0001:00001ac3       ?root_get_other_interface@RLibraryBinCache@stdlib@media@modules@UModSys@@UBEPBUIRoot@core@5@PBUSUniquePointerInfo@75@@Z 00402ac3 f i umodsys_lib_libmedia:umodsys.mod.media.stdlib.obj
 0001:00001ac3       ?root_get_other_interface@RLibraryBinCache@stdlib@media@modules@UModSys@@UAEPAUIRoot@core@5@PBUSUniquePointerInfo@75@@Z 00402ac3 f i umodsys_lib_libmedia:umodsys.mod.media.stdlib.obj
 0001:00001aec       ?root_is_interface_supported@RLibraryBinCache@stdlib@media@modules@UModSys@@UBE_NPBUSUniquePointerInfo@core@5@@Z 00402aec f i umodsys_lib_libmedia:umodsys.mod.media.stdlib.obj
 0001:00001b13       ??0RLibraryBinCache@stdlib@media@modules@UModSys@@QAE@PAUIModObject@base@4@ABUSParameters@core@4@U?$TFlags4State@USMediaFlagUid@libmedia@UModSys@@I@tl@4@@Z 00402b13 f i umodsys_lib_libmedia:umodsys.mod.media.stdlib.obj
 0001:00001b70       ?get_flags_auto@RLibraryBinCache@stdlib@media@modules@UModSys@@UBE?AU?$TFlags4State@USMediaFlagUid@libmedia@UModSys@@I@tl@5@XZ 00402b70 f i umodsys_lib_libmedia:umodsys.mod.media.stdlib.obj
 0001:00001b7f       ?set_flag@RLibraryObjCache@stdlib@media@modules@UModSys@@UAE?AW4eStates@?$TFlags4State@USMediaFlagUid@libmedia@UModSys@@I@tl@5@HW46785@@Z 00402b7f f i umodsys_lib_libmedia:umodsys.mod.media.stdlib.obj
 0001:00001b7f       ?set_flag@RLibraryObjFilter@stdlib@media@modules@UModSys@@UAE?AW4eStates@?$TFlags4State@USMediaFlagUid@libmedia@UModSys@@I@tl@5@HW46785@@Z 00402b7f f i umodsys_lib_libmedia:umodsys.mod.media.stdlib.obj
 0001:00001b7f       ?set_flag@RLibraryBinCache@stdlib@media@modules@UModSys@@UAE?AW4eStates@?$TFlags4State@USMediaFlagUid@libmedia@UModSys@@I@tl@5@HW46785@@Z 00402b7f f i umodsys_lib_libmedia:umodsys.mod.media.stdlib.obj
 0001:00001b7f       ?set_flag@RLibraryBinTree@stdlib@media@modules@UModSys@@UAE?AW4eStates@?$TFlags4State@USMediaFlagUid@libmedia@UModSys@@I@tl@5@HW46785@@Z 00402b7f f i umodsys_lib_libmedia:umodsys.mod.media.stdlib.obj
 0001:00001bac       ?bin_load@RLibraryBinCache@stdlib@media@modules@UModSys@@UAE_NABU?$TString@U?$TSCoreConst@D@su@tl@UModSys@@U?$TComparerBinaryHash@D@234@@tl@5@AAUSCMemShared@core@5@ABUSFlags@libmedia@5@@Z 00402bac f i umodsys_lib_libmedia:umodsys.mod.media.stdlib.obj
 0001:00001c03       ?obj_cget@RLibraryObjCache@stdlib@media@modules@UModSys@@UAE_NABU?$TString@U?$TSCoreConst@D@su@tl@UModSys@@U?$TComparerBinaryHash@D@234@@tl@5@AAU?$TRefObject@UIRefObject@core@UModSys@@U?$TRefObjectFunc@UIRefObject@core@UModSys@@@tl@3@@75@_N@Z 00402c03 f i umodsys_lib_libmedia:umodsys.mod.media.stdlib.obj
 0001:00001c03       ?bin_get@RLibraryBinCache@stdlib@media@modules@UModSys@@UAE_NABU?$TString@U?$TSCoreConst@D@su@tl@UModSys@@U?$TComparerBinaryHash@D@234@@tl@5@AAUSCMemShared@core@5@_N@Z 00402c03 f i umodsys_lib_libmedia:umodsys.mod.media.stdlib.obj
 0001:00001c2f       ?bin_put@RLibraryBinCache@stdlib@media@modules@UModSys@@UAE_NABU?$TString@U?$TSCoreConst@D@su@tl@UModSys@@U?$TComparerBinaryHash@D@234@@tl@5@PBUSCMemShared@core@5@@Z 00402c2f f i umodsys_lib_libmedia:umodsys.mod.media.stdlib.obj
 0001:00001c45       ?bincache_get@RLibraryBinCache@stdlib@media@modules@UModSys@@UBE_NABU?$TString@U?$TSCoreConst@D@su@tl@UModSys@@U?$TComparerBinaryHash@D@234@@tl@5@PAUSCMemShared@core@5@PA_N@Z 00402c45 f i umodsys_lib_libmedia:umodsys.mod.media.stdlib.obj
 0001:00001c97       ?bincache_add@RLibraryBinCache@stdlib@media@modules@UModSys@@UAE_NABU?$TString@U?$TSCoreConst@D@su@tl@UModSys@@U?$TComparerBinaryHash@D@234@@tl@5@@Z 00402c97 f i umodsys_lib_libmedia:umodsys.mod.media.stdlib.obj
 0001:00001cdd       ?bincache_add@RLibraryBinCache@stdlib@media@modules@UModSys@@UAE_NABU?$TString@U?$TSCoreConst@D@su@tl@UModSys@@U?$TComparerBinaryHash@D@234@@tl@5@ABUSCMemShared@core@5@@Z 00402cdd f i umodsys_lib_libmedia:umodsys.mod.media.stdlib.obj
 0001:00001cef       ?bincache_remove@RLibraryBinCache@stdlib@media@modules@UModSys@@UAE_NABU?$TString@U?$TSCoreConst@D@su@tl@UModSys@@U?$TComparerBinaryHash@D@234@@tl@5@@Z 00402cef f i umodsys_lib_libmedia:umodsys.mod.media.stdlib.obj
 0001:00001d26       ?bincache_clear@RLibraryBinCache@stdlib@media@modules@UModSys@@UAE_NXZ 00402d26 f i umodsys_lib_libmedia:umodsys.mod.media.stdlib.obj
 0001:00001d44       ?bincache_add@RLibraryBinCache@stdlib@media@modules@UModSys@@QAE_NABU?$TString@U?$TSCoreConst@D@su@tl@UModSys@@U?$TComparerBinaryHash@D@234@@tl@5@ABUSCMemShared@core@5@_N@Z 00402d44 f i umodsys_lib_libmedia:umodsys.mod.media.stdlib.obj
 0001:00001df1       ??_GRLibraryBinCache@stdlib@media@modules@UModSys@@UAEPAXI@Z 00402df1 f i umodsys_lib_libmedia:umodsys.mod.media.stdlib.obj
 0001:00001df1       ??_ERLibraryBinCache@stdlib@media@modules@UModSys@@UAEPAXI@Z 00402df1 f i  CIL library: CIL module
 0001:00001e4e       ??1ILibraryBinTree@libmedia@UModSys@@UAE@XZ 00402e4e f i umodsys_lib_libmedia:umodsys.mod.media.stdlib.obj
 0001:00001e4e       ??1ILibraryObjFilter@libmedia@UModSys@@UAE@XZ 00402e4e f i umodsys_lib_libmedia:umodsys.mod.media.stdlib.obj
 0001:00001e4e       ??1IStreamWriter@libmedia@UModSys@@UAE@XZ 00402e4e f i umodsys_lib_libmedia:umodsys.mod.media.stdio.obj
 0001:00001e4e       ??1ISystem@base@UModSys@@UAE@XZ 00402e4e f i umodsys_lib_base:umodsys.base.system.obj
 0001:00001e4e       ??1IModule@base@UModSys@@UAE@XZ 00402e4e f i umodsys_lib_base:umodsys.base.module.obj
 0001:00001e4e       ??1ILibraryObjCache@libmedia@UModSys@@UAE@XZ 00402e4e f i umodsys_lib_libmedia:umodsys.mod.media.stdlib.obj
 0001:00001e4e       ??1ILibraryBinCache@libmedia@UModSys@@UAE@XZ 00402e4e f i umodsys_lib_libmedia:umodsys.mod.media.stdlib.obj
 0001:00001e4e       ??1ILibraryLayered@libmedia@UModSys@@UAE@XZ 00402e4e f i umodsys_lib_libmedia:umodsys.mod.media.stdlib.obj
 0001:00001e4e       ??1IStreamReader@libmedia@UModSys@@UAE@XZ 00402e4e f i umodsys_lib_libmedia:umodsys.mod.media.stdio.obj
 0001:00001e4e       ??1IBinArchive@libmedia@UModSys@@UAE@XZ 00402e4e f i umodsys_lib_libmedia:umodsys.mod.media.stdio.obj
 0001:00001e55       ?root_get_interface_info@RLibraryBinTree@stdlib@media@modules@UModSys@@UBEABUSUniquePointerInfo@core@5@XZ 00402e55 f i umodsys_lib_libmedia:umodsys.mod.media.stdlib.obj
 0001:00001e5b       ?root_get_interface_type@RLibraryBinTree@stdlib@media@modules@UModSys@@UBEPBUSUniquePointerInfo@core@5@XZ 00402e5b f i umodsys_lib_libmedia:umodsys.mod.media.stdlib.obj
 0001:00001e61       ?root_get_other_interface@RLibraryBinTree@stdlib@media@modules@UModSys@@UBEPBUIRoot@core@5@PBUSUniquePointerInfo@75@@Z 00402e61 f i umodsys_lib_libmedia:umodsys.mod.media.stdlib.obj
 0001:00001e61       ?root_get_other_interface@RLibraryBinTree@stdlib@media@modules@UModSys@@UAEPAUIRoot@core@5@PBUSUniquePointerInfo@75@@Z 00402e61 f i umodsys_lib_libmedia:umodsys.mod.media.stdlib.obj
 0001:00001e8a       ?root_is_interface_supported@RLibraryBinTree@stdlib@media@modules@UModSys@@UBE_NPBUSUniquePointerInfo@core@5@@Z 00402e8a f i umodsys_lib_libmedia:umodsys.mod.media.stdlib.obj
 0001:00001eb1       ?ref_add@RLibraryBinTree@stdlib@media@modules@UModSys@@UBEXXZ 00402eb1 f i umodsys_lib_libmedia:umodsys.mod.media.stdlib.obj
 0001:00001eb1       ?ref_add@RLibraryLayered@stdlib@media@modules@UModSys@@UBEXXZ 00402eb1 f i umodsys_lib_libmedia:umodsys.mod.media.stdlib.obj
 0001:00001eb1       ?ref_add@RLibraryBinCache@stdlib@media@modules@UModSys@@UBEXXZ 00402eb1 f i umodsys_lib_libmedia:umodsys.mod.media.stdlib.obj
 0001:00001eb1       ?ref_add@RDataArchiver_OsDir@stdio@media@modules@UModSys@@UBEXXZ 00402eb1 f i umodsys_lib_libmedia:umodsys.mod.media.stdio.obj
 0001:00001eb1       ?ref_add@RLibraryObjCache@stdlib@media@modules@UModSys@@UBEXXZ 00402eb1 f i umodsys_lib_libmedia:umodsys.mod.media.stdlib.obj
 0001:00001eb1       ?ref_add@RLibraryObjFilter@stdlib@media@modules@UModSys@@UBEXXZ 00402eb1 f i umodsys_lib_libmedia:umodsys.mod.media.stdlib.obj
 0001:00001eb5       ??0RLibraryBinTree@stdlib@media@modules@UModSys@@QAE@PAUIModObject@base@4@ABUSParameters@core@4@U?$TFlags4State@USMediaFlagUid@libmedia@UModSys@@I@tl@4@@Z 00402eb5 f i umodsys_lib_libmedia:umodsys.mod.media.stdlib.obj
 0001:00001f12       ?get_flags_auto@RLibraryBinTree@stdlib@media@modules@UModSys@@UBE?AU?$TFlags4State@USMediaFlagUid@libmedia@UModSys@@I@tl@5@XZ 00402f12 f i umodsys_lib_libmedia:umodsys.mod.media.stdlib.obj
 0001:00001f21       ?bin_reader@RLibraryBinTree@stdlib@media@modules@UModSys@@UAE?AU?$TRefObject@UIStreamReader@libmedia@UModSys@@U?$TRefObjectFunc@UIStreamReader@libmedia@UModSys@@@tl@3@@tl@5@ABU?$TString@U?$TSCoreConst@D@su@tl@UModSys@@U?$TComparerBinaryHash@D@234@@75@ABUSFlags@libmedia@5@@Z 00402f21 f i umodsys_lib_libmedia:umodsys.mod.media.stdlib.obj
 0001:00002010       ?bin_writer@RLibraryBinTree@stdlib@media@modules@UModSys@@UAE?AU?$TRefObject@UIStreamWriter@libmedia@UModSys@@U?$TRefObjectFunc@UIStreamWriter@libmedia@UModSys@@@tl@3@@tl@5@ABU?$TString@U?$TSCoreConst@D@su@tl@UModSys@@U?$TComparerBinaryHash@D@234@@75@ABUSFlags@libmedia@5@@Z 00403010 f i umodsys_lib_libmedia:umodsys.mod.media.stdlib.obj
 0001:000020ff       ?bin_load@RLibraryBinTree@stdlib@media@modules@UModSys@@UAE_NABU?$TString@U?$TSCoreConst@D@su@tl@UModSys@@U?$TComparerBinaryHash@D@234@@tl@5@AAUSCMemShared@core@5@ABUSFlags@libmedia@5@@Z 004030ff f i umodsys_lib_libmedia:umodsys.mod.media.stdlib.obj
 0001:000021b1       ?bin_save@RLibraryBinTree@stdlib@media@modules@UModSys@@UAE_NABU?$TString@U?$TSCoreConst@D@su@tl@UModSys@@U?$TComparerBinaryHash@D@234@@tl@5@ABUSCMem@core@5@ABUSFlags@libmedia@5@@Z 004031b1 f i umodsys_lib_libmedia:umodsys.mod.media.stdlib.obj
 0001:00002257       ?bin_get@RLibraryObjFilter@stdlib@media@modules@UModSys@@UAE_NABU?$TString@U?$TSCoreConst@D@su@tl@UModSys@@U?$TComparerBinaryHash@D@234@@tl@5@AAUSCMemShared@core@5@_N@Z 00403257 f i umodsys_lib_libmedia:umodsys.mod.media.stdlib.obj
 0001:00002257       ?bin_info@RLibraryBinCache@stdlib@media@modules@UModSys@@UAE_NABU?$TString@U?$TSCoreConst@D@su@tl@UModSys@@U?$TComparerBinaryHash@D@234@@tl@5@AAUSFileInfo@libmedia@5@ABUSFlags@95@@Z 00403257 f i umodsys_lib_libmedia:umodsys.mod.media.stdlib.obj
 0001:00002257       ?bin_save@RLibraryObjCache@stdlib@media@modules@UModSys@@UAE_NABU?$TString@U?$TSCoreConst@D@su@tl@UModSys@@U?$TComparerBinaryHash@D@234@@tl@5@ABUSCMem@core@5@ABUSFlags@libmedia@5@@Z 00403257 f i umodsys_lib_libmedia:umodsys.mod.media.stdlib.obj
 0001:00002257       ?obj_load@RLibraryObjCache@stdlib@media@modules@UModSys@@UAE_NABU?$TString@U?$TSCoreConst@D@su@tl@UModSys@@U?$TComparerBinaryHash@D@234@@tl@5@PAUIRefObject@core@5@ABUSObjOptions@ILibrary@libmedia@5@@Z 00403257 f i umodsys_lib_libmedia:umodsys.mod.media.stdlib.obj
 0001:00002257       ?bin_info@RLibraryBinTree@stdlib@media@modules@UModSys@@UAE_NABU?$TString@U?$TSCoreConst@D@su@tl@UModSys@@U?$TComparerBinaryHash@D@234@@tl@5@AAU?$TIStackSocket@USFileInfo@libmedia@UModSys@@@75@ABUSFlags@libmedia@5@@Z 00403257 f i umodsys_lib_libmedia:umodsys.mod.media.stdlib.obj
 0001:00002257       ?obj_save@RLibraryBinCache@stdlib@media@modules@UModSys@@UAE_NABU?$TString@U?$TSCoreConst@D@su@tl@UModSys@@U?$TComparerBinaryHash@D@234@@tl@5@PBUIRefObject@core@5@ABUSObjOptions@ILibrary@libmedia@5@@Z 00403257 f i umodsys_lib_libmedia:umodsys.mod.media.stdlib.obj
 0001:00002257       ?data_list@RBinArchiveFrame@stdlib@media@modules@UModSys@@UAE_NABU?$TString@U?$TSCoreConst@D@su@tl@UModSys@@U?$TComparerBinaryHash@D@234@@tl@5@AAU?$TIStackSocket@USFileInfo@libmedia@UModSys@@@75@ABUSFlags@libmedia@5@@Z 00403257 f i umodsys_lib_libmedia:umodsys.mod.media.stdlib.obj
 0001:00002257       ?data_save@RBinArchiveFrame@stdlib@media@modules@UModSys@@UAE_NABU?$TString@U?$TSCoreConst@D@su@tl@UModSys@@U?$TComparerBinaryHash@D@234@@tl@5@ABUSCMem@core@5@ABUSFlags@libmedia@5@@Z 00403257 f i umodsys_lib_libmedia:umodsys.mod.media.stdlib.obj
 0001:00002257       ?obj_get@RLibraryBinCache@stdlib@media@modules@UModSys@@UAE_NABU?$TString@U?$TSCoreConst@D@su@tl@UModSys@@U?$TComparerBinaryHash@D@234@@tl@5@AAU?$TRefObject@UIRefObject@core@UModSys@@U?$TRefObjectFunc@UIRefObject@core@UModSys@@@tl@3@@75@ABUSObjOptions@ILibrary@libmedia@5@@Z 00403257 f i umodsys_lib_libmedia:umodsys.mod.media.stdlib.obj
 0001:00002257       ?bin_info@RLibraryObjFilter@stdlib@media@modules@UModSys@@UAE_NABU?$TString@U?$TSCoreConst@D@su@tl@UModSys@@U?$TComparerBinaryHash@D@234@@tl@5@AAUSFileInfo@libmedia@5@ABUSFlags@95@@Z 00403257 f i umodsys_lib_libmedia:umodsys.mod.media.stdlib.obj
 0001:00002257       ?obj_save@RLibraryObjFilter@stdlib@media@modules@UModSys@@UAE_NABU?$TString@U?$TSCoreConst@D@su@tl@UModSys@@U?$TComparerBinaryHash@D@234@@tl@5@PBUIRefObject@core@5@ABUSObjOptions@ILibrary@libmedia@5@@Z 00403257 f i umodsys_lib_libmedia:umodsys.mod.media.stdlib.obj
 0001:00002257       ?bin_info@RLibraryObjFilter@stdlib@media@modules@UModSys@@UAE_NABU?$TString@U?$TSCoreConst@D@su@tl@UModSys@@U?$TComparerBinaryHash@D@234@@tl@5@AAU?$TIStackSocket@USFileInfo@libmedia@UModSys@@@75@ABUSFlags@libmedia@5@@Z 00403257 f i umodsys_lib_libmedia:umodsys.mod.media.stdlib.obj
 0001:00002257       ?data_load@RBinArchiveFrame@stdlib@media@modules@UModSys@@UAE_NABU?$TString@U?$TSCoreConst@D@su@tl@UModSys@@U?$TComparerBinaryHash@D@234@@tl@5@AAUSCMemShared@core@5@ABUSFlags@libmedia@5@@Z 00403257 f i umodsys_lib_libmedia:umodsys.mod.media.stdlib.obj
 0001:00002257       ?obj_save@RLibraryBinTree@stdlib@media@modules@UModSys@@UAE_NABU?$TString@U?$TSCoreConst@D@su@tl@UModSys@@U?$TComparerBinaryHash@D@234@@tl@5@PBUIRefObject@core@5@ABUSObjOptions@ILibrary@libmedia@5@@Z 00403257 f i umodsys_lib_libmedia:umodsys.mod.media.stdlib.obj
 0001:00002257       ?obj_load@RLibraryBinCache@stdlib@media@modules@UModSys@@UAE_NABU?$TString@U?$TSCoreConst@D@su@tl@UModSys@@U?$TComparerBinaryHash@D@234@@tl@5@PAUIRefObject@core@5@ABUSObjOptions@ILibrary@libmedia@5@@Z 00403257 f i umodsys_lib_libmedia:umodsys.mod.media.stdlib.obj
 0001:00002257       ?bin_info@RLibraryObjCache@stdlib@media@modules@UModSys@@UAE_NABU?$TString@U?$TSCoreConst@D@su@tl@UModSys@@U?$TComparerBinaryHash@D@234@@tl@5@AAUSFileInfo@libmedia@5@ABUSFlags@95@@Z 00403257 f i umodsys_lib_libmedia:umodsys.mod.media.stdlib.obj
 0001:00002257       ?obj_cget@RLibraryObjFilter@stdlib@media@modules@UModSys@@UAE_NABU?$TString@U?$TSCoreConst@D@su@tl@UModSys@@U?$TComparerBinaryHash@D@234@@tl@5@AAU?$TRefObject@UIRefObject@core@UModSys@@U?$TRefObjectFunc@UIRefObject@core@UModSys@@@tl@3@@75@_N@Z 00403257 f i umodsys_lib_libmedia:umodsys.mod.media.stdlib.obj
 0001:00002257       ?vget_c@RConsole_std@rsystem@base@UModSys@@UAE_NPAHPBDPAD@Z 00403257 f i umodsys_lib_basesys:umodsys.basesys.rconsole_std.obj
 0001:00002257       ?obj_load@RLibraryBinTree@stdlib@media@modules@UModSys@@UAE_NABU?$TString@U?$TSCoreConst@D@su@tl@UModSys@@U?$TComparerBinaryHash@D@234@@tl@5@PAUIRefObject@core@5@ABUSObjOptions@ILibrary@libmedia@5@@Z 00403257 f i umodsys_lib_libmedia:umodsys.mod.media.stdlib.obj
 0001:00002257       ?bin_get@RLibraryObjCache@stdlib@media@modules@UModSys@@UAE_NABU?$TString@U?$TSCoreConst@D@su@tl@UModSys@@U?$TComparerBinaryHash@D@234@@tl@5@AAUSCMemShared@core@5@_N@Z 00403257 f i umodsys_lib_libmedia:umodsys.mod.media.stdlib.obj
 0001:00002257       ?bin_save@RLibraryObjFilter@stdlib@media@modules@UModSys@@UAE_NABU?$TString@U?$TSCoreConst@D@su@tl@UModSys@@U?$TComparerBinaryHash@D@234@@tl@5@ABUSCMem@core@5@ABUSFlags@libmedia@5@@Z 00403257 f i umodsys_lib_libmedia:umodsys.mod.media.stdlib.obj
 0001:00002257       ?obj_get@RLibraryObjFilter@stdlib@media@modules@UModSys@@UAE_NABU?$TString@U?$TSCoreConst@D@su@tl@UModSys@@U?$TComparerBinaryHash@D@234@@tl@5@AAU?$TRefObject@UIRefObject@core@UModSys@@U?$TRefObjectFunc@UIRefObject@core@UModSys@@@tl@3@@75@ABUSObjOptions@ILibrary@libmedia@5@@Z 00403257 f i umodsys_lib_libmedia:umodsys.mod.media.stdlib.obj
 0001:00002257       ?obj_get@RLibraryBinTree@stdlib@media@modules@UModSys@@UAE_NABU?$TString@U?$TSCoreConst@D@su@tl@UModSys@@U?$TComparerBinaryHash@D@234@@tl@5@AAU?$TRefObject@UIRefObject@core@UModSys@@U?$TRefObjectFunc@UIRefObject@core@UModSys@@@tl@3@@75@ABUSObjOptions@ILibrary@libmedia@5@@Z 00403257 f i umodsys_lib_libmedia:umodsys.mod.media.stdlib.obj
 0001:00002257       ?bin_info@RLibraryBinTree@stdlib@media@modules@UModSys@@UAE_NABU?$TString@U?$TSCoreConst@D@su@tl@UModSys@@U?$TComparerBinaryHash@D@234@@tl@5@AAUSFileInfo@libmedia@5@ABUSFlags@95@@Z 00403257 f i umodsys_lib_libmedia:umodsys.mod.media.stdlib.obj
 0001:00002257       ?bin_save@RLibraryBinCache@stdlib@media@modules@UModSys@@UAE_NABU?$TString@U?$TSCoreConst@D@su@tl@UModSys@@U?$TComparerBinaryHash@D@234@@tl@5@ABUSCMem@core@5@ABUSFlags@libmedia@5@@Z 00403257 f i umodsys_lib_libmedia:umodsys.mod.media.stdlib.obj
 0001:00002257       ?obj_save@RLibraryObjCache@stdlib@media@modules@UModSys@@UAE_NABU?$TString@U?$TSCoreConst@D@su@tl@UModSys@@U?$TComparerBinaryHash@D@234@@tl@5@PBUIRefObject@core@5@ABUSObjOptions@ILibrary@libmedia@5@@Z 00403257 f i umodsys_lib_libmedia:umodsys.mod.media.stdlib.obj
 0001:00002257       ?obj_load@RLibraryObjFilter@stdlib@media@modules@UModSys@@UAE_NABU?$TString@U?$TSCoreConst@D@su@tl@UModSys@@U?$TComparerBinaryHash@D@234@@tl@5@PAUIRefObject@core@5@ABUSObjOptions@ILibrary@libmedia@5@@Z 00403257 f i umodsys_lib_libmedia:umodsys.mod.media.stdlib.obj
 0001:00002257       ?bin_info@RLibraryObjCache@stdlib@media@modules@UModSys@@UAE_NABU?$TString@U?$TSCoreConst@D@su@tl@UModSys@@U?$TComparerBinaryHash@D@234@@tl@5@AAU?$TIStackSocket@USFileInfo@libmedia@UModSys@@@75@ABUSFlags@libmedia@5@@Z 00403257 f i umodsys_lib_libmedia:umodsys.mod.media.stdlib.obj
 0001:00002257       ?obj_cget@RLibraryBinTree@stdlib@media@modules@UModSys@@UAE_NABU?$TString@U?$TSCoreConst@D@su@tl@UModSys@@U?$TComparerBinaryHash@D@234@@tl@5@AAU?$TRefObject@UIRefObject@core@UModSys@@U?$TRefObjectFunc@UIRefObject@core@UModSys@@@tl@3@@75@_N@Z 00403257 f i umodsys_lib_libmedia:umodsys.mod.media.stdlib.obj
 0001:00002257       ?bin_load@RLibraryObjFilter@stdlib@media@modules@UModSys@@UAE_NABU?$TString@U?$TSCoreConst@D@su@tl@UModSys@@U?$TComparerBinaryHash@D@234@@tl@5@AAUSCMemShared@core@5@ABUSFlags@libmedia@5@@Z 00403257 f i umodsys_lib_libmedia:umodsys.mod.media.stdlib.obj
 0001:00002257       ?bin_load@RLibraryObjCache@stdlib@media@modules@UModSys@@UAE_NABU?$TString@U?$TSCoreConst@D@su@tl@UModSys@@U?$TComparerBinaryHash@D@234@@tl@5@AAUSCMemShared@core@5@ABUSFlags@libmedia@5@@Z 00403257 f i umodsys_lib_libmedia:umodsys.mod.media.stdlib.obj
 0001:00002257       ?obj_cget@RLibraryBinCache@stdlib@media@modules@UModSys@@UAE_NABU?$TString@U?$TSCoreConst@D@su@tl@UModSys@@U?$TComparerBinaryHash@D@234@@tl@5@AAU?$TRefObject@UIRefObject@core@UModSys@@U?$TRefObjectFunc@UIRefObject@core@UModSys@@@tl@3@@75@_N@Z 00403257 f i umodsys_lib_libmedia:umodsys.mod.media.stdlib.obj
 0001:00002257       ?bin_info@RLibraryBinCache@stdlib@media@modules@UModSys@@UAE_NABU?$TString@U?$TSCoreConst@D@su@tl@UModSys@@U?$TComparerBinaryHash@D@234@@tl@5@AAU?$TIStackSocket@USFileInfo@libmedia@UModSys@@@75@ABUSFlags@libmedia@5@@Z 00403257 f i umodsys_lib_libmedia:umodsys.mod.media.stdlib.obj
 0001:00002257       ?bin_get@RLibraryBinTree@stdlib@media@modules@UModSys@@UAE_NABU?$TString@U?$TSCoreConst@D@su@tl@UModSys@@U?$TComparerBinaryHash@D@234@@tl@5@AAUSCMemShared@core@5@_N@Z 00403257 f i umodsys_lib_libmedia:umodsys.mod.media.stdlib.obj
 0001:0000225c       ?bin_put@RLibraryObjFilter@stdlib@media@modules@UModSys@@UAE_NABU?$TString@U?$TSCoreConst@D@su@tl@UModSys@@U?$TComparerBinaryHash@D@234@@tl@5@PBUSCMemShared@core@5@@Z 0040325c f i umodsys_lib_libmedia:umodsys.mod.media.stdlib.obj
 0001:0000225c       ?obj_fload@RLibraryBinCache@stdlib@media@modules@UModSys@@UAE_NABUSInfo@IBinObjFilter@libmedia@5@PAUIRefObject@core@5@@Z 0040325c f i umodsys_lib_libmedia:umodsys.mod.media.stdlib.obj
 0001:0000225c       ?obj_fget@RLibraryBinTree@stdlib@media@modules@UModSys@@UAE_NABUSInfo@IBinObjFilter@libmedia@5@AAU?$TRefObject@UIRefObject@core@UModSys@@U?$TRefObjectFunc@UIRefObject@core@UModSys@@@tl@3@@tl@5@@Z 0040325c f i umodsys_lib_libmedia:umodsys.mod.media.stdlib.obj
 0001:0000225c       ?obj_fsave@RLibraryBinTree@stdlib@media@modules@UModSys@@UAE_NAAUSInfo@IBinObjFilter@libmedia@5@PBUIRefObject@core@5@@Z 0040325c f i umodsys_lib_libmedia:umodsys.mod.media.stdlib.obj
 0001:0000225c       ?obj_fget@RLibraryBinCache@stdlib@media@modules@UModSys@@UAE_NABUSInfo@IBinObjFilter@libmedia@5@AAU?$TRefObject@UIRefObject@core@UModSys@@U?$TRefObjectFunc@UIRefObject@core@UModSys@@@tl@3@@tl@5@@Z 0040325c f i umodsys_lib_libmedia:umodsys.mod.media.stdlib.obj
 0001:0000225c       ?obj_fload@RLibraryObjCache@stdlib@media@modules@UModSys@@UAE_NABUSInfo@IBinObjFilter@libmedia@5@PAUIRefObject@core@5@@Z 0040325c f i umodsys_lib_libmedia:umodsys.mod.media.stdlib.obj
 0001:0000225c       ?obj_cput@RLibraryBinCache@stdlib@media@modules@UModSys@@UAE_NABU?$TString@U?$TSCoreConst@D@su@tl@UModSys@@U?$TComparerBinaryHash@D@234@@tl@5@PAUIRefObject@core@5@@Z 0040325c f i umodsys_lib_libmedia:umodsys.mod.media.stdlib.obj
 0001:0000225c       ?open@RBinArchiveFrame@stdlib@media@modules@UModSys@@UAE_NPAUIClient@IBinArchiveFrame@libmedia@5@PBUSParameters@core@5@@Z 0040325c f i umodsys_lib_libmedia:umodsys.mod.media.stdlib.obj
 0001:0000225c       ?obj_fsave@RLibraryObjCache@stdlib@media@modules@UModSys@@UAE_NAAUSInfo@IBinObjFilter@libmedia@5@PBUIRefObject@core@5@@Z 0040325c f i umodsys_lib_libmedia:umodsys.mod.media.stdlib.obj
 0001:0000225c       ?bin_put@RLibraryObjCache@stdlib@media@modules@UModSys@@UAE_NABU?$TString@U?$TSCoreConst@D@su@tl@UModSys@@U?$TComparerBinaryHash@D@234@@tl@5@PBUSCMemShared@core@5@@Z 0040325c f i umodsys_lib_libmedia:umodsys.mod.media.stdlib.obj
 0001:0000225c       ?obj_fget@RLibraryObjCache@stdlib@media@modules@UModSys@@UAE_NABUSInfo@IBinObjFilter@libmedia@5@AAU?$TRefObject@UIRefObject@core@UModSys@@U?$TRefObjectFunc@UIRefObject@core@UModSys@@@tl@3@@tl@5@@Z 0040325c f i umodsys_lib_libmedia:umodsys.mod.media.stdlib.obj
 0001:0000225c       ?bin_put@RLibraryBinTree@stdlib@media@modules@UModSys@@UAE_NABU?$TString@U?$TSCoreConst@D@su@tl@UModSys@@U?$TComparerBinaryHash@D@234@@tl@5@PBUSCMemShared@core@5@@Z 0040325c f i umodsys_lib_libmedia:umodsys.mod.media.stdlib.obj
 0001:0000225c       ?obj_fsave@RLibraryBinCache@stdlib@media@modules@UModSys@@UAE_NAAUSInfo@IBinObjFilter@libmedia@5@PBUIRefObject@core@5@@Z 0040325c f i umodsys_lib_libmedia:umodsys.mod.media.stdlib.obj
 0001:0000225c       ?obj_fload@RLibraryBinTree@stdlib@media@modules@UModSys@@UAE_NABUSInfo@IBinObjFilter@libmedia@5@PAUIRefObject@core@5@@Z 0040325c f i umodsys_lib_libmedia:umodsys.mod.media.stdlib.obj
 0001:0000225c       ?obj_cput@RLibraryObjFilter@stdlib@media@modules@UModSys@@UAE_NABU?$TString@U?$TSCoreConst@D@su@tl@UModSys@@U?$TComparerBinaryHash@D@234@@tl@5@PAUIRefObject@core@5@@Z 0040325c f i umodsys_lib_libmedia:umodsys.mod.media.stdlib.obj
 0001:0000225c       ?obj_cput@RLibraryBinTree@stdlib@media@modules@UModSys@@UAE_NABU?$TString@U?$TSCoreConst@D@su@tl@UModSys@@U?$TComparerBinaryHash@D@234@@tl@5@PAUIRefObject@core@5@@Z 0040325c f i umodsys_lib_libmedia:umodsys.mod.media.stdlib.obj
 0001:00002261       ?mount_get@RLibraryBinTree@stdlib@media@modules@UModSys@@UBE?AUSPoint@ILibraryBinTree@libmedia@5@ABUSId@785@@Z 00403261 f i umodsys_lib_libmedia:umodsys.mod.media.stdlib.obj
 0001:000022b0       ?mount_add@RLibraryBinTree@stdlib@media@modules@UModSys@@UAE_NABUSId@ILibraryBinTree@libmedia@5@ABUSPoint@785@@Z 004032b0 f i umodsys_lib_libmedia:umodsys.mod.media.stdlib.obj
 0001:0000238a       ?mount_remove@RLibraryBinTree@stdlib@media@modules@UModSys@@UAE_NABUSId@ILibraryBinTree@libmedia@5@@Z 0040338a f i umodsys_lib_libmedia:umodsys.mod.media.stdlib.obj
 0001:000023c1       ?mount_clear@RLibraryBinTree@stdlib@media@modules@UModSys@@UAE_NXZ 004033c1 f i umodsys_lib_libmedia:umodsys.mod.media.stdlib.obj
 0001:000023df       ??_GRLibraryBinTree@stdlib@media@modules@UModSys@@UAEPAXI@Z 004033df f i umodsys_lib_libmedia:umodsys.mod.media.stdlib.obj
 0001:000023df       ??_ERLibraryBinTree@stdlib@media@modules@UModSys@@UAEPAXI@Z 004033df f i  CIL library: CIL module
 0001:0000243c       ?root_get_interface_info@RLibraryLayered@stdlib@media@modules@UModSys@@UBEABUSUniquePointerInfo@core@5@XZ 0040343c f i umodsys_lib_libmedia:umodsys.mod.media.stdlib.obj
 0001:00002442       ?root_get_interface_type@RLibraryLayered@stdlib@media@modules@UModSys@@UBEPBUSUniquePointerInfo@core@5@XZ 00403442 f i umodsys_lib_libmedia:umodsys.mod.media.stdlib.obj
 0001:00002448       ?root_get_other_interface@RLibraryLayered@stdlib@media@modules@UModSys@@UAEPAUIRoot@core@5@PBUSUniquePointerInfo@75@@Z 00403448 f i umodsys_lib_libmedia:umodsys.mod.media.stdlib.obj
 0001:00002448       ?root_get_other_interface@RLibraryLayered@stdlib@media@modules@UModSys@@UBEPBUIRoot@core@5@PBUSUniquePointerInfo@75@@Z 00403448 f i umodsys_lib_libmedia:umodsys.mod.media.stdlib.obj
 0001:00002471       ?root_is_interface_supported@RLibraryLayered@stdlib@media@modules@UModSys@@UBE_NPBUSUniquePointerInfo@core@5@@Z 00403471 f i umodsys_lib_libmedia:umodsys.mod.media.stdlib.obj
 0001:00002498       ??4SLayerX@RLibraryLayered@stdlib@media@modules@UModSys@@QAEXABUSLayer@ILibraryLayered@libmedia@5@@Z 00403498 f i umodsys_lib_libmedia:umodsys.mod.media.stdlib.obj
 0001:000024f8       ??0RLibraryLayered@stdlib@media@modules@UModSys@@QAE@PAUIModObject@base@4@ABUSParameters@core@4@U?$TFlags4State@USMediaFlagUid@libmedia@UModSys@@I@tl@4@@Z 004034f8 f i umodsys_lib_libmedia:umodsys.mod.media.stdlib.obj
 0001:00002566       ?get_flag@RLibraryLayered@stdlib@media@modules@UModSys@@UBE?AW4eStates@?$TFlags4State@USMediaFlagUid@libmedia@UModSys@@I@tl@5@H@Z 00403566 f i umodsys_lib_libmedia:umodsys.mod.media.stdlib.obj
 0001:00002579       ?get_flags_auto@RLibraryLayered@stdlib@media@modules@UModSys@@UBE?AU?$TFlags4State@USMediaFlagUid@libmedia@UModSys@@I@tl@5@XZ 00403579 f i umodsys_lib_libmedia:umodsys.mod.media.stdlib.obj
 0001:00002588       ?set_flag@RLibraryLayered@stdlib@media@modules@UModSys@@UAE?AW4eStates@?$TFlags4State@USMediaFlagUid@libmedia@UModSys@@I@tl@5@HW46785@@Z 00403588 f i umodsys_lib_libmedia:umodsys.mod.media.stdlib.obj
 0001:000025b5       ?bin_reader@RLibraryLayered@stdlib@media@modules@UModSys@@UAE?AU?$TRefObject@UIStreamReader@libmedia@UModSys@@U?$TRefObjectFunc@UIStreamReader@libmedia@UModSys@@@tl@3@@tl@5@ABU?$TString@U?$TSCoreConst@D@su@tl@UModSys@@U?$TComparerBinaryHash@D@234@@75@ABUSFlags@libmedia@5@@Z 004035b5 f i umodsys_lib_libmedia:umodsys.mod.media.stdlib.obj
 0001:00002666       ?bin_writer@RLibraryLayered@stdlib@media@modules@UModSys@@UAE?AU?$TRefObject@UIStreamWriter@libmedia@UModSys@@U?$TRefObjectFunc@UIStreamWriter@libmedia@UModSys@@@tl@3@@tl@5@ABU?$TString@U?$TSCoreConst@D@su@tl@UModSys@@U?$TComparerBinaryHash@D@234@@75@ABUSFlags@libmedia@5@@Z 00403666 f i umodsys_lib_libmedia:umodsys.mod.media.stdlib.obj
 0001:00002717       ?bin_load@RLibraryLayered@stdlib@media@modules@UModSys@@UAE_NABU?$TString@U?$TSCoreConst@D@su@tl@UModSys@@U?$TComparerBinaryHash@D@234@@tl@5@AAUSCMemShared@core@5@ABUSFlags@libmedia@5@@Z 00403717 f i umodsys_lib_libmedia:umodsys.mod.media.stdlib.obj
 0001:0000281e       ?bin_save@RLibraryLayered@stdlib@media@modules@UModSys@@UAE_NABU?$TString@U?$TSCoreConst@D@su@tl@UModSys@@U?$TComparerBinaryHash@D@234@@tl@5@ABUSCMem@core@5@ABUSFlags@libmedia@5@@Z 0040381e f i umodsys_lib_libmedia:umodsys.mod.media.stdlib.obj
 0001:00002921       ?bin_info@RLibraryLayered@stdlib@media@modules@UModSys@@UAE_NABU?$TString@U?$TSCoreConst@D@su@tl@UModSys@@U?$TComparerBinaryHash@D@234@@tl@5@AAUSFileInfo@libmedia@5@ABUSFlags@95@@Z 00403921 f i umodsys_lib_libmedia:umodsys.mod.media.stdlib.obj
 0001:00002991       ?bin_info@RLibraryLayered@stdlib@media@modules@UModSys@@UAE_NABU?$TString@U?$TSCoreConst@D@su@tl@UModSys@@U?$TComparerBinaryHash@D@234@@tl@5@AAU?$TIStackSocket@USFileInfo@libmedia@UModSys@@@75@ABUSFlags@libmedia@5@@Z 00403991 f i umodsys_lib_libmedia:umodsys.mod.media.stdlib.obj
 0001:00002a07       ?bin_get@RLibraryLayered@stdlib@media@modules@UModSys@@UAE_NABU?$TString@U?$TSCoreConst@D@su@tl@UModSys@@U?$TComparerBinaryHash@D@234@@tl@5@AAUSCMemShared@core@5@_N@Z 00403a07 f i umodsys_lib_libmedia:umodsys.mod.media.stdlib.obj
 0001:00002a49       ?bin_put@RLibraryLayered@stdlib@media@modules@UModSys@@UAE_NABU?$TString@U?$TSCoreConst@D@su@tl@UModSys@@U?$TComparerBinaryHash@D@234@@tl@5@PBUSCMemShared@core@5@@Z 00403a49 f i umodsys_lib_libmedia:umodsys.mod.media.stdlib.obj
 0001:00002a87       ?obj_fget@RLibraryLayered@stdlib@media@modules@UModSys@@UAE_NABUSInfo@IBinObjFilter@libmedia@5@AAU?$TRefObject@UIRefObject@core@UModSys@@U?$TRefObjectFunc@UIRefObject@core@UModSys@@@tl@3@@tl@5@@Z 00403a87 f i umodsys_lib_libmedia:umodsys.mod.media.stdlib.obj
 0001:00002ac5       ?obj_fload@RLibraryLayered@stdlib@media@modules@UModSys@@UAE_NABUSInfo@IBinObjFilter@libmedia@5@PAUIRefObject@core@5@@Z 00403ac5 f i umodsys_lib_libmedia:umodsys.mod.media.stdlib.obj
 0001:00002b03       ?obj_fsave@RLibraryLayered@stdlib@media@modules@UModSys@@UAE_NAAUSInfo@IBinObjFilter@libmedia@5@PBUIRefObject@core@5@@Z 00403b03 f i umodsys_lib_libmedia:umodsys.mod.media.stdlib.obj
 0001:00002b41       ?obj_cget@RLibraryLayered@stdlib@media@modules@UModSys@@UAE_NABU?$TString@U?$TSCoreConst@D@su@tl@UModSys@@U?$TComparerBinaryHash@D@234@@tl@5@AAU?$TRefObject@UIRefObject@core@UModSys@@U?$TRefObjectFunc@UIRefObject@core@UModSys@@@tl@3@@75@_N@Z 00403b41 f i umodsys_lib_libmedia:umodsys.mod.media.stdlib.obj
 0001:00002b83       ?obj_cput@RLibraryLayered@stdlib@media@modules@UModSys@@UAE_NABU?$TString@U?$TSCoreConst@D@su@tl@UModSys@@U?$TComparerBinaryHash@D@234@@tl@5@PAUIRefObject@core@5@@Z 00403b83 f i umodsys_lib_libmedia:umodsys.mod.media.stdlib.obj
 0001:00002bc1       ?obj_get@RLibraryLayered@stdlib@media@modules@UModSys@@UAE_NABU?$TString@U?$TSCoreConst@D@su@tl@UModSys@@U?$TComparerBinaryHash@D@234@@tl@5@AAU?$TRefObject@UIRefObject@core@UModSys@@U?$TRefObjectFunc@UIRefObject@core@UModSys@@@tl@3@@75@ABUSObjOptions@ILibrary@libmedia@5@@Z 00403bc1 f i umodsys_lib_libmedia:umodsys.mod.media.stdlib.obj
 0001:00002d61       ?obj_load@RLibraryLayered@stdlib@media@modules@UModSys@@UAE_NABU?$TString@U?$TSCoreConst@D@su@tl@UModSys@@U?$TComparerBinaryHash@D@234@@tl@5@PAUIRefObject@core@5@ABUSObjOptions@ILibrary@libmedia@5@@Z 00403d61 f i umodsys_lib_libmedia:umodsys.mod.media.stdlib.obj
 0001:00002e62       ?obj_save@RLibraryLayered@stdlib@media@modules@UModSys@@UAE_NABU?$TString@U?$TSCoreConst@D@su@tl@UModSys@@U?$TComparerBinaryHash@D@234@@tl@5@PBUIRefObject@core@5@ABUSObjOptions@ILibrary@libmedia@5@@Z 00403e62 f i umodsys_lib_libmedia:umodsys.mod.media.stdlib.obj
 0001:00002f8a       ?layer_count@RLibraryLayered@stdlib@media@modules@UModSys@@UBEIABUSLayer@ILibraryLayered@libmedia@5@@Z 00403f8a f i umodsys_lib_libmedia:umodsys.mod.media.stdlib.obj
 0001:00002f90       ?layer_get@RLibraryLayered@stdlib@media@modules@UModSys@@UBE?AUSLayer@ILibraryLayered@libmedia@5@I@Z 00403f90 f i umodsys_lib_libmedia:umodsys.mod.media.stdlib.obj
 0001:00002fb3       ?layer_find@RLibraryLayered@stdlib@media@modules@UModSys@@UBEIABU?$TString@U?$TSCoreConst@D@su@tl@UModSys@@U?$TComparerBinaryHash@D@234@@tl@5@I@Z 00403fb3 f i umodsys_lib_libmedia:umodsys.mod.media.stdlib.obj
 0001:00002ffb       ?layer_insert@RLibraryLayered@stdlib@media@modules@UModSys@@UAE_NABUSLayer@ILibraryLayered@libmedia@5@I@Z 00403ffb f i umodsys_lib_libmedia:umodsys.mod.media.stdlib.obj
 0001:000030bb       ?layer_remove@RLibraryLayered@stdlib@media@modules@UModSys@@UAE_NI@Z 004040bb f i umodsys_lib_libmedia:umodsys.mod.media.stdlib.obj
 0001:00003105       ?layer_clear@RLibraryLayered@stdlib@media@modules@UModSys@@UAE_NXZ 00404105 f i umodsys_lib_libmedia:umodsys.mod.media.stdlib.obj
 0001:0000310f       ??_GRLibraryLayered@stdlib@media@modules@UModSys@@UAEPAXI@Z 0040410f f i umodsys_lib_libmedia:umodsys.mod.media.stdlib.obj
 0001:0000310f       ??_ERLibraryLayered@stdlib@media@modules@UModSys@@UAEPAXI@Z 0040410f f i  CIL library: CIL module
 0001:00003143       ??0SLayer@ILibraryLayered@libmedia@UModSys@@QAE@ABU0123@@Z 00404143 f i umodsys_lib_libmedia:umodsys.mod.media.stdlib.obj
 0001:0000316f       ?root_get_interface_info@RLibraryObjCache@stdlib@media@modules@UModSys@@UBEABUSUniquePointerInfo@core@5@XZ 0040416f f i umodsys_lib_libmedia:umodsys.mod.media.stdlib.obj
 0001:00003175       ?root_get_interface_type@RLibraryObjCache@stdlib@media@modules@UModSys@@UBEPBUSUniquePointerInfo@core@5@XZ 00404175 f i umodsys_lib_libmedia:umodsys.mod.media.stdlib.obj
 0001:0000317b       ?root_get_other_interface@RLibraryObjCache@stdlib@media@modules@UModSys@@UBEPBUIRoot@core@5@PBUSUniquePointerInfo@75@@Z 0040417b f i umodsys_lib_libmedia:umodsys.mod.media.stdlib.obj
 0001:0000317b       ?root_get_other_interface@RLibraryObjCache@stdlib@media@modules@UModSys@@UAEPAUIRoot@core@5@PBUSUniquePointerInfo@75@@Z 0040417b f i umodsys_lib_libmedia:umodsys.mod.media.stdlib.obj
 0001:000031a4       ?root_is_interface_supported@RLibraryObjCache@stdlib@media@modules@UModSys@@UBE_NPBUSUniquePointerInfo@core@5@@Z 004041a4 f i umodsys_lib_libmedia:umodsys.mod.media.stdlib.obj
 0001:000031cb       ?ref_remove@RLibraryLayered@stdlib@media@modules@UModSys@@UBEXXZ 004041cb f i umodsys_lib_libmedia:umodsys.mod.media.stdlib.obj
 0001:000031cb       ?ref_remove@RDataArchiver_OsDir@stdio@media@modules@UModSys@@UBEXXZ 004041cb f i umodsys_lib_libmedia:umodsys.mod.media.stdio.obj
 0001:000031cb       ?ref_remove@RLibraryBinTree@stdlib@media@modules@UModSys@@UBEXXZ 004041cb f i umodsys_lib_libmedia:umodsys.mod.media.stdlib.obj
 0001:000031cb       ?ref_remove@RLibraryBinCache@stdlib@media@modules@UModSys@@UBEXXZ 004041cb f i umodsys_lib_libmedia:umodsys.mod.media.stdlib.obj
 0001:000031cb       ?ref_remove@RLibraryObjCache@stdlib@media@modules@UModSys@@UBEXXZ 004041cb f i umodsys_lib_libmedia:umodsys.mod.media.stdlib.obj
 0001:000031cb       ?ref_remove@RLibraryObjFilter@stdlib@media@modules@UModSys@@UBEXXZ 004041cb f i umodsys_lib_libmedia:umodsys.mod.media.stdlib.obj
 0001:000031d6       ??0RLibraryObjCache@stdlib@media@modules@UModSys@@QAE@PAUIModObject@base@4@ABUSParameters@core@4@U?$TFlags4State@USMediaFlagUid@libmedia@UModSys@@I@tl@4@@Z 004041d6 f i umodsys_lib_libmedia:umodsys.mod.media.stdlib.obj
 0001:00003233       ?get_flags_auto@RLibraryObjCache@stdlib@media@modules@UModSys@@UBE?AU?$TFlags4State@USMediaFlagUid@libmedia@UModSys@@I@tl@5@XZ 00404233 f i umodsys_lib_libmedia:umodsys.mod.media.stdlib.obj
 0001:00003242       ?obj_cput@RLibraryObjCache@stdlib@media@modules@UModSys@@UAE_NABU?$TString@U?$TSCoreConst@D@su@tl@UModSys@@U?$TComparerBinaryHash@D@234@@tl@5@PAUIRefObject@core@5@@Z 00404242 f i umodsys_lib_libmedia:umodsys.mod.media.stdlib.obj
 0001:00003247       ?obj_get@RLibraryObjCache@stdlib@media@modules@UModSys@@UAE_NABU?$TString@U?$TSCoreConst@D@su@tl@UModSys@@U?$TComparerBinaryHash@D@234@@tl@5@AAU?$TRefObject@UIRefObject@core@UModSys@@U?$TRefObjectFunc@UIRefObject@core@UModSys@@@tl@3@@75@ABUSObjOptions@ILibrary@libmedia@5@@Z 00404247 f i umodsys_lib_libmedia:umodsys.mod.media.stdlib.obj
 0001:000032cd       ?objcache_get@RLibraryObjCache@stdlib@media@modules@UModSys@@UBE_NABU?$TString@U?$TSCoreConst@D@su@tl@UModSys@@U?$TComparerBinaryHash@D@234@@tl@5@PAU?$TRefObject@UIRefObject@core@UModSys@@U?$TRefObjectFunc@UIRefObject@core@UModSys@@@tl@3@@75@PA_N@Z 004042cd f i umodsys_lib_libmedia:umodsys.mod.media.stdlib.obj
 0001:00003339       ?objcache_add@RLibraryObjCache@stdlib@media@modules@UModSys@@UAE_NABU?$TString@U?$TSCoreConst@D@su@tl@UModSys@@U?$TComparerBinaryHash@D@234@@tl@5@PAUIRefObject@core@5@@Z 00404339 f i umodsys_lib_libmedia:umodsys.mod.media.stdlib.obj
 0001:000033e4       ?objcache_remove@RLibraryObjCache@stdlib@media@modules@UModSys@@UAE_NABU?$TString@U?$TSCoreConst@D@su@tl@UModSys@@U?$TComparerBinaryHash@D@234@@tl@5@@Z 004043e4 f i umodsys_lib_libmedia:umodsys.mod.media.stdlib.obj
 0001:0000341b       ?objcache_clear@RLibraryObjCache@stdlib@media@modules@UModSys@@UAE_NXZ 0040441b f i umodsys_lib_libmedia:umodsys.mod.media.stdlib.obj
 0001:00003439       ??_GRLibraryObjCache@stdlib@media@modules@UModSys@@UAEPAXI@Z 00404439 f i umodsys_lib_libmedia:umodsys.mod.media.stdlib.obj
 0001:00003439       ??_ERLibraryObjCache@stdlib@media@modules@UModSys@@UAEPAXI@Z 00404439 f i  CIL library: CIL module
[...]
 0001:0000a122       __ehhandler$??$t_gen_param@URLibraryLayered@stdlib@media@modules@UModSys@@URGenerator@2345@@IGenerator@base@UModSys@@IAE_NPAURGenerator@stdlib@media@modules@2@AAU?$TRefObject@UIRefObject@core@UModSys@@U?$TRefObjectFunc@UIRefObject@core@UModSys@@@tl@3@@tl@2@PBUSUniquePointerInfo@core@2@ABUSParameters@core@2@@Z 0040b122 f    CIL library: CIL module
 0001:0000a122       __ehhandler$??$t_gen_param@URLibraryObjCache@stdlib@media@modules@UModSys@@URGenerator@2345@@IGenerator@base@UModSys@@IAE_NPAURGenerator@stdlib@media@modules@2@AAU?$TRefObject@UIRefObject@core@UModSys@@U?$TRefObjectFunc@UIRefObject@core@UModSys@@@tl@3@@tl@2@PBUSUniquePointerInfo@core@2@ABUSParameters@core@2@@Z 0040b122 f    CIL library: CIL module
 0001:0000a122       __ehhandler$??$t_gen_param@URBinArchiveFrame@stdlib@media@modules@UModSys@@URGenerator@2345@@IGenerator@base@UModSys@@IAE_NPAURGenerator@stdlib@media@modules@2@AAU?$TRefObject@UIRefObject@core@UModSys@@U?$TRefObjectFunc@UIRefObject@core@UModSys@@@tl@3@@tl@2@PBUSUniquePointerInfo@core@2@ABUSParameters@core@2@@Z 0040b122 f    CIL library: CIL module
 0001:0000a122       __ehhandler$??$t_gen_param@URLibraryBinCache@stdlib@media@modules@UModSys@@URGenerator@2345@@IGenerator@base@UModSys@@IAE_NPAURGenerator@stdlib@media@modules@2@AAU?$TRefObject@UIRefObject@core@UModSys@@U?$TRefObjectFunc@UIRefObject@core@UModSys@@@tl@3@@tl@2@PBUSUniquePointerInfo@core@2@ABUSParameters@core@2@@Z 0040b122 f    CIL library: CIL module
 0001:0000a122       __ehhandler$??$t_gen_param@URLibraryObjFilter@stdlib@media@modules@UModSys@@URGenerator@2345@@IGenerator@base@UModSys@@IAE_NPAURGenerator@stdlib@media@modules@2@AAU?$TRefObject@UIRefObject@core@UModSys@@U?$TRefObjectFunc@UIRefObject@core@UModSys@@@tl@3@@tl@2@PBUSUniquePointerInfo@core@2@ABUSParameters@core@2@@Z 0040b122 f    CIL library: CIL module
 0001:0000a122       __ehhandler$??$t_gen_param@URLibraryBinTree@stdlib@media@modules@UModSys@@URGenerator@2345@@IGenerator@base@UModSys@@IAE_NPAURGenerator@stdlib@media@modules@2@AAU?$TRefObject@UIRefObject@core@UModSys@@U?$TRefObjectFunc@UIRefObject@core@UModSys@@@tl@3@@tl@2@PBUSUniquePointerInfo@core@2@ABUSParameters@core@2@@Z 0040b122 f    CIL library: CIL module
 0001:0000a12c       ??__E?s_id@?$TObjectUniqueID@UIRoot@core@UModSys@@@tl@UModSys@@2USUniquePointer@core@3@A@@YAXXZ 0040b12c f    CIL library: CIL module
 0001:0000a14e       ??__E?s_id@?$TObjectUniqueID@UIRefObject@core@UModSys@@@tl@UModSys@@2USUniquePointer@core@3@A@@YAXXZ 0040b14e f    CIL library: CIL module
 0001:0000a170       ??__E?s_id@?$TObjectUniqueID@UIParameters@core@UModSys@@@tl@UModSys@@2USUniquePointer@core@3@A@@YAXXZ 0040b170 f    CIL library: CIL module
 0001:0000a192       ??__E?s_id@?$TObjectUniqueID@UIModule@base@UModSys@@@tl@UModSys@@2USUniquePointer@core@3@A@@YAXXZ 0040b192 f    CIL library: CIL module
 0001:0000a1b4       ??__E?s_id@?$TObjectUniqueID@UIModuleLibrary@base@UModSys@@@tl@UModSys@@2USUniquePointer@core@3@A@@YAXXZ 0040b1b4 f    CIL library: CIL module
 0001:0000a1d6       ??__E?s_id@?$TObjectUniqueID@UIModObject@base@UModSys@@@tl@UModSys@@2USUniquePointer@core@3@A@@YAXXZ 0040b1d6 f    CIL library: CIL module
 0001:0000a1f8       ??__E?s_id@?$TObjectUniqueID@UIGenerator@base@UModSys@@@tl@UModSys@@2USUniquePointer@core@3@A@@YAXXZ 0040b1f8 f    CIL library: CIL module
 0001:0000a21a       ??__E?s_id@?$TObjectUniqueID@UIShell@base@UModSys@@@tl@UModSys@@2USUniquePointer@core@3@A@@YAXXZ 0040b21a f    CIL library: CIL module
 0001:0000a23c       ??__E?s_id@?$TObjectUniqueID@UIConsole@base@UModSys@@@tl@UModSys@@2USUniquePointer@core@3@A@@YAXXZ 0040b23c f    CIL library: CIL module
 0001:0000a25e       ??__E?s_id@?$TObjectUniqueID@UISystem@base@UModSys@@@tl@UModSys@@2USUniquePointer@core@3@A@@YAXXZ 0040b25e f    CIL library: CIL module
 0001:0000a280       ??__E?s_id@?$TObjectUniqueID@URModule@rsystem@base@UModSys@@@tl@UModSys@@2USUniquePointer@core@3@A@@YAXXZ 0040b280 f    CIL library: CIL module
 0001:0000a2a2       ??__E?s_id@?$TObjectUniqueID@UIModuleLibraryUni@rsystem@base@UModSys@@@tl@UModSys@@2USUniquePointer@core@3@A@@YAXXZ 0040b2a2 f    CIL library: CIL module
 0001:0000a2c4       ??__E?s_id@?$TObjectUniqueID@URModuleLibrarySO@rsystem@base@UModSys@@@tl@UModSys@@2USUniquePointer@core@3@A@@YAXXZ 0040b2c4 f    CIL library: CIL module
 0001:0000a2e6       ??__E?s_id@?$TObjectUniqueID@URModuleLibraryThis@rsystem@base@UModSys@@@tl@UModSys@@2USUniquePointer@core@3@A@@YAXXZ 0040b2e6 f    CIL library: CIL module
 0001:0000a308       ??__E?s_id@?$TObjectUniqueID@URParameters@rsystem@base@UModSys@@@tl@UModSys@@2USUniquePointer@core@3@A@@YAXXZ 0040b308 f    CIL library: CIL module
 0001:0000a32a       ??__E?s_id@?$TObjectUniqueID@URSystem@rsystem@base@UModSys@@@tl@UModSys@@2USUniquePointer@core@3@A@@YAXXZ 0040b32a f    CIL library: CIL module
 0001:0000a34c       ??__E?s_id@?$TObjectUniqueID@URConsole_std@rsystem@base@UModSys@@@tl@UModSys@@2USUniquePointer@core@3@A@@YAXXZ 0040b34c f    CIL library: CIL module
 0001:0000a36e       ??__E?s_modreg@RModuleReg@stdio@media@modules@UModSys@@2U12345@A@@YAXXZ 0040b36e f    CIL library: CIL module
 0001:0000a395       ??__E?s_modreg_chain@RModuleReg@stdio@media@modules@UModSys@@2USModuleRegChain@base@5@A@@YAXXZ 0040b395 f    CIL library: CIL module
 0001:0000a3b0       ??__E?s_uid@RGenerator@stdio@media@modules@UModSys@@2USUniquePointer@core@5@A@@YAXXZ 0040b3b0 f    CIL library: CIL module
 0001:0000a3d2       ??__E?s_id@?$TObjectUniqueID@UIStreamReader@libmedia@UModSys@@@tl@UModSys@@2USUniquePointer@core@3@A@@YAXXZ 0040b3d2 f    CIL library: CIL module
 0001:0000a3f4       ??__E?s_id@?$TObjectUniqueID@UIStreamWriter@libmedia@UModSys@@@tl@UModSys@@2USUniquePointer@core@3@A@@YAXXZ 0040b3f4 f    CIL library: CIL module
 0001:0000a416       ??__E?s_id@?$TObjectUniqueID@UIBinArchive@libmedia@UModSys@@@tl@UModSys@@2USUniquePointer@core@3@A@@YAXXZ 0040b416 f    CIL library: CIL module
 0001:0000a438       ??__E?s_id@?$TObjectUniqueID@UIBinObjFilter@libmedia@UModSys@@@tl@UModSys@@2USUniquePointer@core@3@A@@YAXXZ 0040b438 f    CIL library: CIL module
 0001:0000a45a       ??__E?s_id@?$TObjectUniqueID@UILibrary@libmedia@UModSys@@@tl@UModSys@@2USUniquePointer@core@3@A@@YAXXZ 0040b45a f    CIL library: CIL module
 0001:0000a47c       ??__E?s_id@?$TObjectUniqueID@URStreamReader_FILE@stdio@media@modules@UModSys@@@tl@UModSys@@2USUniquePointer@core@3@A@@YAXXZ 0040b47c f    CIL library: CIL module
 0001:0000a49e       ??__E?s_id@?$TObjectUniqueID@URStreamWriter_FILE@stdio@media@modules@UModSys@@@tl@UModSys@@2USUniquePointer@core@3@A@@YAXXZ 0040b49e f    CIL library: CIL module
 0001:0000a4c0       ??__E?s_id@?$TObjectUniqueID@URDataArchiver_OsDir@stdio@media@modules@UModSys@@@tl@UModSys@@2USUniquePointer@core@3@A@@YAXXZ 0040b4c0 f    CIL library: CIL module
 0001:0000a4e2       ??__E?s_id@?$TObjectUniqueID@URGenerator@stdio@media@modules@UModSys@@@tl@UModSys@@2USUniquePointer@core@3@A@@YAXXZ 0040b4e2 f    CIL library: CIL module
 0001:0000a504       ??__E?s_modreg@RModuleReg@stdlib@media@modules@UModSys@@2U12345@A@@YAXXZ 0040b504 f    CIL library: CIL module
 0001:0000a52b       ??__E?s_modreg_chain@RModuleReg@stdlib@media@modules@UModSys@@2USModuleRegChain@base@5@A@@YAXXZ 0040b52b f    CIL library: CIL module
 0001:0000a546       ??__E?s_uid@RGenerator@stdlib@media@modules@UModSys@@2USUniquePointer@core@5@A@@YAXXZ 0040b546 f    CIL library: CIL module
 0001:0000a568       ??__E?s_id@?$TObjectUniqueID@UILibraryBinTree@libmedia@UModSys@@@tl@UModSys@@2USUniquePointer@core@3@A@@YAXXZ 0040b568 f    CIL library: CIL module
 0001:0000a58a       ??__E?s_id@?$TObjectUniqueID@UILibraryBinCache@libmedia@UModSys@@@tl@UModSys@@2USUniquePointer@core@3@A@@YAXXZ 0040b58a f    CIL library: CIL module
 0001:0000a5ac       ??__E?s_id@?$TObjectUniqueID@UILibraryObjFilter@libmedia@UModSys@@@tl@UModSys@@2USUniquePointer@core@3@A@@YAXXZ 0040b5ac f    CIL library: CIL module
 0001:0000a5ce       ??__E?s_id@?$TObjectUniqueID@UILibraryObjCache@libmedia@UModSys@@@tl@UModSys@@2USUniquePointer@core@3@A@@YAXXZ 0040b5ce f    CIL library: CIL module
 0001:0000a5f0       ??__E?s_id@?$TObjectUniqueID@UILibraryLayered@libmedia@UModSys@@@tl@UModSys@@2USUniquePointer@core@3@A@@YAXXZ 0040b5f0 f    CIL library: CIL module
 0001:0000a612       ??__E?s_id@?$TObjectUniqueID@UIBinArchiveFrame@libmedia@UModSys@@@tl@UModSys@@2USUniquePointer@core@3@A@@YAXXZ 0040b612 f    CIL library: CIL module
 0001:0000a634       ??__E?s_id@?$TObjectUniqueID@UIClient@IBinArchiveFrame@libmedia@UModSys@@@tl@UModSys@@2USUniquePointer@core@3@A@@YAXXZ 0040b634 f    CIL library: CIL module
 0001:0000a656       ??__E?s_id@?$TObjectUniqueID@URBinArchiveFrame@stdlib@media@modules@UModSys@@@tl@UModSys@@2USUniquePointer@core@3@A@@YAXXZ 0040b656 f    CIL library: CIL module
 0001:0000a678       ??__E?s_id@?$TObjectUniqueID@URLibraryBinCache@stdlib@media@modules@UModSys@@@tl@UModSys@@2USUniquePointer@core@3@A@@YAXXZ 0040b678 f    CIL library: CIL module
 0001:0000a69a       ??__E?s_id@?$TObjectUniqueID@URLibraryBinTree@stdlib@media@modules@UModSys@@@tl@UModSys@@2USUniquePointer@core@3@A@@YAXXZ 0040b69a f    CIL library: CIL module
 0001:0000a6bc       ??__E?s_id@?$TObjectUniqueID@URLibraryLayered@stdlib@media@modules@UModSys@@@tl@UModSys@@2USUniquePointer@core@3@A@@YAXXZ 0040b6bc f    CIL library: CIL module
 0001:0000a6de       ??__E?s_id@?$TObjectUniqueID@URLibraryObjCache@stdlib@media@modules@UModSys@@@tl@UModSys@@2USUniquePointer@core@3@A@@YAXXZ 0040b6de f    CIL library: CIL module
 0001:0000a700       ??__E?s_id@?$TObjectUniqueID@URLibraryObjFilter@stdlib@media@modules@UModSys@@@tl@UModSys@@2USUniquePointer@core@3@A@@YAXXZ 0040b700 f    CIL library: CIL module
 0001:0000a722       ??__E?s_id@?$TObjectUniqueID@URGenerator@stdlib@media@modules@UModSys@@@tl@UModSys@@2USUniquePointer@core@3@A@@YAXXZ 0040b722 f    CIL library: CIL module
 0001:0000a744       ??__E?s_console@RConsole_std@rsystem@base@UModSys@@2U1234@A@@YAXXZ 0040b744 f    CIL library: CIL module
 0001:0000a750       ??__E?s_sys@RSystem@rsystem@base@UModSys@@2U1234@A@@YAXXZ 0040b750 f    CIL library: CIL module
 0001:0000a761       ??__Ersys_dbg@rsystem@base@UModSys@@YAXXZ 0040b761 f    CIL library: CIL module
 0001:0000a76d       ??__EM@UModSys@@YAXXZ      0040b76d f    CIL library: CIL module
 0001:0000a779       ??__E?root@SModuleRegChain@base@UModSys@@2U123@A@@YAXXZ 0040b779 f    CIL library: CIL module
 0001:0000a785       ??__E?s_library@RModuleLibraryReg_Chain@base@UModSys@@2U123@A@@YAXXZ 0040b785 f    CIL library: CIL module
 0001:0000a791       ??__E?root@SUniquePointer@core@UModSys@@2U123@A@@YAXXZ 0040b791 f    CIL library: CIL module
 0001:0000a79d       ??__F?s_id@?$TObjectUniqueID@URConsole_std@rsystem@base@UModSys@@@tl@UModSys@@2USUniquePointer@core@3@A@@YAXXZ 0040b79d f    CIL library: CIL module
 0001:0000a7a7       ??__F?s_id@?$TObjectUniqueID@URSystem@rsystem@base@UModSys@@@tl@UModSys@@2USUniquePointer@core@3@A@@YAXXZ 0040b7a7 f    CIL library: CIL module
 0001:0000a7b1       ??__F?s_id@?$TObjectUniqueID@URParameters@rsystem@base@UModSys@@@tl@UModSys@@2USUniquePointer@core@3@A@@YAXXZ 0040b7b1 f    CIL library: CIL module
 0001:0000a7bb       ??__F?s_id@?$TObjectUniqueID@URModuleLibraryThis@rsystem@base@UModSys@@@tl@UModSys@@2USUniquePointer@core@3@A@@YAXXZ 0040b7bb f    CIL library: CIL module
 0001:0000a7c5       ??__F?s_id@?$TObjectUniqueID@URModuleLibrarySO@rsystem@base@UModSys@@@tl@UModSys@@2USUniquePointer@core@3@A@@YAXXZ 0040b7c5 f    CIL library: CIL module
 0001:0000a7cf       ??__F?s_id@?$TObjectUniqueID@UIModuleLibraryUni@rsystem@base@UModSys@@@tl@UModSys@@2USUniquePointer@core@3@A@@YAXXZ 0040b7cf f    CIL library: CIL module
 0001:0000a7d9       ??__F?s_id@?$TObjectUniqueID@URModule@rsystem@base@UModSys@@@tl@UModSys@@2USUniquePointer@core@3@A@@YAXXZ 0040b7d9 f    CIL library: CIL module
 0001:0000a7e3       ??__F?s_id@?$TObjectUniqueID@UISystem@base@UModSys@@@tl@UModSys@@2USUniquePointer@core@3@A@@YAXXZ 0040b7e3 f    CIL library: CIL module
 0001:0000a7ed       ??__F?s_id@?$TObjectUniqueID@UIConsole@base@UModSys@@@tl@UModSys@@2USUniquePointer@core@3@A@@YAXXZ 0040b7ed f    CIL library: CIL module
 0001:0000a7f7       ??__F?s_id@?$TObjectUniqueID@UIShell@base@UModSys@@@tl@UModSys@@2USUniquePointer@core@3@A@@YAXXZ 0040b7f7 f    CIL library: CIL module
 0001:0000a801       ??__F?s_id@?$TObjectUniqueID@UIGenerator@base@UModSys@@@tl@UModSys@@2USUniquePointer@core@3@A@@YAXXZ 0040b801 f    CIL library: CIL module
 0001:0000a80b       ??__F?s_id@?$TObjectUniqueID@UIModObject@base@UModSys@@@tl@UModSys@@2USUniquePointer@core@3@A@@YAXXZ 0040b80b f    CIL library: CIL module
 0001:0000a815       ??__F?s_id@?$TObjectUniqueID@UIModuleLibrary@base@UModSys@@@tl@UModSys@@2USUniquePointer@core@3@A@@YAXXZ 0040b815 f    CIL library: CIL module
 0001:0000a81f       ??__F?s_id@?$TObjectUniqueID@UIModule@base@UModSys@@@tl@UModSys@@2USUniquePointer@core@3@A@@YAXXZ 0040b81f f    CIL library: CIL module
 0001:0000a829       ??__F?s_id@?$TObjectUniqueID@UIParameters@core@UModSys@@@tl@UModSys@@2USUniquePointer@core@3@A@@YAXXZ 0040b829 f    CIL library: CIL module
 0001:0000a833       ??__F?s_id@?$TObjectUniqueID@UIRefObject@core@UModSys@@@tl@UModSys@@2USUniquePointer@core@3@A@@YAXXZ 0040b833 f    CIL library: CIL module
 0001:0000a83d       ??__F?s_id@?$TObjectUniqueID@UIRoot@core@UModSys@@@tl@UModSys@@2USUniquePointer@core@3@A@@YAXXZ 0040b83d f    CIL library: CIL module
 0001:0000a847       ??__F?s_modreg@RModuleReg@stdio@media@modules@UModSys@@2U12345@A@@YAXXZ 0040b847 f    CIL library: CIL module
 0001:0000a852       ??__F?s_modreg_chain@RModuleReg@stdio@media@modules@UModSys@@2USModuleRegChain@base@5@A@@YAXXZ 0040b852 f    CIL library: CIL module
 0001:0000a85c       ??__F?s_uid@RGenerator@stdio@media@modules@UModSys@@2USUniquePointer@core@5@A@@YAXXZ 0040b85c f    CIL library: CIL module
 0001:0000a866       ??__Fh@?1??s_holder@RGenerator@stdio@media@modules@UModSys@@SAAAU?$TTypeStaticHolder@URGenerator@stdio@media@modules@UModSys@@@tl@5@XZ@YAXXZ 0040b866 f    CIL library: CIL module
 0001:0000a883       ??__F?s_id@?$TObjectUniqueID@URGenerator@stdio@media@modules@UModSys@@@tl@UModSys@@2USUniquePointer@core@3@A@@YAXXZ 0040b883 f    CIL library: CIL module
 0001:0000a88d       ??__F?s_id@?$TObjectUniqueID@URDataArchiver_OsDir@stdio@media@modules@UModSys@@@tl@UModSys@@2USUniquePointer@core@3@A@@YAXXZ 0040b88d f    CIL library: CIL module
 0001:0000a897       ??__F?s_id@?$TObjectUniqueID@URStreamWriter_FILE@stdio@media@modules@UModSys@@@tl@UModSys@@2USUniquePointer@core@3@A@@YAXXZ 0040b897 f    CIL library: CIL module
 0001:0000a8a1       ??__F?s_id@?$TObjectUniqueID@URStreamReader_FILE@stdio@media@modules@UModSys@@@tl@UModSys@@2USUniquePointer@core@3@A@@YAXXZ 0040b8a1 f    CIL library: CIL module
 0001:0000a8ab       ??__F?s_id@?$TObjectUniqueID@UILibrary@libmedia@UModSys@@@tl@UModSys@@2USUniquePointer@core@3@A@@YAXXZ 0040b8ab f    CIL library: CIL module
 0001:0000a8b5       ??__F?s_id@?$TObjectUniqueID@UIBinObjFilter@libmedia@UModSys@@@tl@UModSys@@2USUniquePointer@core@3@A@@YAXXZ 0040b8b5 f    CIL library: CIL module
 0001:0000a8bf       ??__F?s_id@?$TObjectUniqueID@UIBinArchive@libmedia@UModSys@@@tl@UModSys@@2USUniquePointer@core@3@A@@YAXXZ 0040b8bf f    CIL library: CIL module
 0001:0000a8c9       ??__F?s_id@?$TObjectUniqueID@UIStreamWriter@libmedia@UModSys@@@tl@UModSys@@2USUniquePointer@core@3@A@@YAXXZ 0040b8c9 f    CIL library: CIL module
 0001:0000a8d3       ??__F?s_id@?$TObjectUniqueID@UIStreamReader@libmedia@UModSys@@@tl@UModSys@@2USUniquePointer@core@3@A@@YAXXZ 0040b8d3 f    CIL library: CIL module
 0001:0000a8dd       ??__F?s_modreg@RModuleReg@stdlib@media@modules@UModSys@@2U12345@A@@YAXXZ 0040b8dd f    CIL library: CIL module
 0001:0000a8e8       ??__F?s_modreg_chain@RModuleReg@stdlib@media@modules@UModSys@@2USModuleRegChain@base@5@A@@YAXXZ 0040b8e8 f    CIL library: CIL module
 0001:0000a8f2       ??__F?s_uid@RGenerator@stdlib@media@modules@UModSys@@2USUniquePointer@core@5@A@@YAXXZ 0040b8f2 f    CIL library: CIL module
 0001:0000a8fc       ??__Fh@?1??s_holder@RGenerator@stdlib@media@modules@UModSys@@SAAAU?$TTypeStaticHolder@URGenerator@stdlib@media@modules@UModSys@@@tl@5@XZ@YAXXZ 0040b8fc f    CIL library: CIL module
 0001:0000a919       ??__F?s_id@?$TObjectUniqueID@URGenerator@stdlib@media@modules@UModSys@@@tl@UModSys@@2USUniquePointer@core@3@A@@YAXXZ 0040b919 f    CIL library: CIL module
 0001:0000a923       ??__F?s_id@?$TObjectUniqueID@URLibraryObjFilter@stdlib@media@modules@UModSys@@@tl@UModSys@@2USUniquePointer@core@3@A@@YAXXZ 0040b923 f    CIL library: CIL module
 0001:0000a92d       ??__F?s_id@?$TObjectUniqueID@URLibraryObjCache@stdlib@media@modules@UModSys@@@tl@UModSys@@2USUniquePointer@core@3@A@@YAXXZ 0040b92d f    CIL library: CIL module
 0001:0000a937       ??__F?s_id@?$TObjectUniqueID@URLibraryLayered@stdlib@media@modules@UModSys@@@tl@UModSys@@2USUniquePointer@core@3@A@@YAXXZ 0040b937 f    CIL library: CIL module
 0001:0000a941       ??__F?s_id@?$TObjectUniqueID@URLibraryBinTree@stdlib@media@modules@UModSys@@@tl@UModSys@@2USUniquePointer@core@3@A@@YAXXZ 0040b941 f    CIL library: CIL module
 0001:0000a94b       ??__F?s_id@?$TObjectUniqueID@URLibraryBinCache@stdlib@media@modules@UModSys@@@tl@UModSys@@2USUniquePointer@core@3@A@@YAXXZ 0040b94b f    CIL library: CIL module
 0001:0000a955       ??__F?s_id@?$TObjectUniqueID@URBinArchiveFrame@stdlib@media@modules@UModSys@@@tl@UModSys@@2USUniquePointer@core@3@A@@YAXXZ 0040b955 f    CIL library: CIL module
 0001:0000a95f       ??__F?s_id@?$TObjectUniqueID@UIClient@IBinArchiveFrame@libmedia@UModSys@@@tl@UModSys@@2USUniquePointer@core@3@A@@YAXXZ 0040b95f f    CIL library: CIL module
 0001:0000a969       ??__F?s_id@?$TObjectUniqueID@UIBinArchiveFrame@libmedia@UModSys@@@tl@UModSys@@2USUniquePointer@core@3@A@@YAXXZ 0040b969 f    CIL library: CIL module
 0001:0000a973       ??__F?s_id@?$TObjectUniqueID@UILibraryLayered@libmedia@UModSys@@@tl@UModSys@@2USUniquePointer@core@3@A@@YAXXZ 0040b973 f    CIL library: CIL module
 0001:0000a97d       ??__F?s_id@?$TObjectUniqueID@UILibraryObjCache@libmedia@UModSys@@@tl@UModSys@@2USUniquePointer@core@3@A@@YAXXZ 0040b97d f    CIL library: CIL module
 0001:0000a987       ??__F?s_id@?$TObjectUniqueID@UILibraryObjFilter@libmedia@UModSys@@@tl@UModSys@@2USUniquePointer@core@3@A@@YAXXZ 0040b987 f    CIL library: CIL module
 0001:0000a991       ??__F?s_id@?$TObjectUniqueID@UILibraryBinCache@libmedia@UModSys@@@tl@UModSys@@2USUniquePointer@core@3@A@@YAXXZ 0040b991 f    CIL library: CIL module
 0001:0000a99b       ??__F?s_id@?$TObjectUniqueID@UILibraryBinTree@libmedia@UModSys@@@tl@UModSys@@2USUniquePointer@core@3@A@@YAXXZ 0040b99b f    CIL library: CIL module
 0001:0000a9a5       ??__F?s_console@RConsole_std@rsystem@base@UModSys@@2U1234@A@@YAXXZ 0040b9a5 f    CIL library: CIL module
 0001:0000a9d2       ??__F?s_sys@RSystem@rsystem@base@UModSys@@2U1234@A@@YAXXZ 0040b9d2 f    CIL library: CIL module
 0001:0000a9dd       ??__Frsys_dbg@rsystem@base@UModSys@@YAXXZ 0040b9dd f    CIL library: CIL module
 0001:0000a9f4       ??__FM@UModSys@@YAXXZ      0040b9f4 f    CIL library: CIL module
 0001:0000a9f5       ??__F?root@SModuleRegChain@base@UModSys@@2U123@A@@YAXXZ 0040b9f5 f    CIL library: CIL module
 0001:0000a9ff       ??__F?s_library@RModuleLibraryReg_Chain@base@UModSys@@2U123@A@@YAXXZ 0040b9ff f    CIL library: CIL module
 0001:0000aa0a       ??__F?root@SUniquePointer@core@UModSys@@2U123@A@@YAXXZ 0040ba0a f    CIL library: CIL module

 Exports

  ordinal    name

        1    _UModSys_Plugin_Entry2@0
