 umodsysc

 Timestamp is 524a8e64 (Tue Oct 01 11:57:08 2013)

 Preferred load address is 00400000

 Start         Length     Name                   Class
 0001:00000000 00003ce0H .text                   CODE
 0001:00003ce0 0000017eH .text$x                 CODE
 0001:00003e5e 000001f4H .text$yc                CODE
 0001:00004052 000000d0H .text$yd                CODE
 0002:00000000 00000110H .idata$5                DATA
 0002:00000110 00000004H .CRT$XCA                DATA
 0002:00000114 00000004H .CRT$XCAA               DATA
 0002:00000118 00000050H .CRT$XCU                DATA
 0002:00000168 00000004H .CRT$XCZ                DATA
 0002:0000016c 00000004H .CRT$XIA                DATA
 0002:00000170 00000004H .CRT$XIAA               DATA
 0002:00000174 00000004H .CRT$XIY                DATA
 0002:00000178 00000004H .CRT$XIZ                DATA
 0002:00000180 00000b10H .rdata                  DATA
 0002:00000c90 000004f4H .rdata$r                DATA
 0002:00001190 00000028H .rdata$sxdata           DATA
 0002:000011b8 00000004H .rtc$IAA                DATA
 0002:000011bc 00000004H .rtc$IZZ                DATA
 0002:000011c0 00000004H .rtc$TAA                DATA
 0002:000011c4 00000004H .rtc$TZZ                DATA
 0002:000011c8 000002c8H .xdata$x                DATA
 0002:00001490 00000028H .idata$2                DATA
 0002:000014b8 00000014H .idata$3                DATA
 0002:000014cc 00000110H .idata$4                DATA
 0002:000015dc 0000046aH .idata$6                DATA
 0002:00001a46 00000000H .edata                  DATA
 0003:00000000 00000370H .data                   DATA
 0003:00000370 000005a0H .bss                    DATA

  Address         Publics by Value              Rva+Base       Lib:Object

 0000:00000000       __except_list              00000000     <absolute>
 0000:0000000a       ___safe_se_handler_count   0000000a     <absolute>
 0000:00009876       __fltused                  00009876     <absolute>
 0000:00009876       __ldused                   00009876     <absolute>
 0000:00000000       ___ImageBase               00400000     <linker-defined>
 0001:00000000       _main                      00401000 f   umodsys.c_main.obj
 0001:00000101       ??0?$TString@U?$TSCoreConst@D@su@tl@UModSys@@U?$TComparerBinaryHash@D@234@@tl@UModSys@@QAE@PBD@Z 00401101 f i umodsys.c_main.obj
 0001:0000012b       ?update@?$TComparerBinaryHash@D@su@tl@UModSys@@QAEXPBDI@Z 0040112b f i umodsys.c_main.obj
 0001:00000157       ?_get_other_interface@IRefObject@core@UModSys@@IBEPBUIRoot@23@PBUSUniquePointerInfo@23@@Z 00401157 f i umodsys_lib_basesys:umodsys.base.rconsole_std.obj
 0001:00000157       ?_get_other_interface@IRefObject@core@UModSys@@IAEPAUIRoot@23@PBUSUniquePointerInfo@23@@Z 00401157 f i umodsys_lib_basesys:umodsys.base.rconsole_std.obj
 0001:00000178       ?get_interface_info@RConsole_std@rsystem@base@UModSys@@UBEABUSUniquePointerInfo@core@4@XZ 00401178 f i umodsys_lib_basesys:umodsys.base.rconsole_std.obj
 0001:0000017e       ?get_interface_type@RConsole_std@rsystem@base@UModSys@@UBEPBUSUniquePointerInfo@core@4@XZ 0040117e f i umodsys_lib_basesys:umodsys.base.rconsole_std.obj
 0001:00000184       ?get_other_interface@RConsole_std@rsystem@base@UModSys@@UBEPBUIRoot@core@4@PBUSUniquePointerInfo@64@@Z 00401184 f i umodsys_lib_basesys:umodsys.base.rconsole_std.obj
 0001:00000184       ?get_other_interface@RConsole_std@rsystem@base@UModSys@@UAEPAUIRoot@core@4@PBUSUniquePointerInfo@64@@Z 00401184 f i umodsys_lib_basesys:umodsys.base.rconsole_std.obj
 0001:000001a5       ?ref_remove@RConsole_std@rsystem@base@UModSys@@UBEXXZ 004011a5 f   umodsys_lib_basesys:umodsys.base.rconsole_std.obj
 0001:000001a5       ??3@YAXPAX0@Z              004011a5 f   umodsys_lib_basesys:umodsys.base.rmoduleloader.obj
 0001:000001a5       ?ref_add@RConsole_std@rsystem@base@UModSys@@UBEXXZ 004011a5 f   umodsys_lib_basesys:umodsys.base.rconsole_std.obj
 0001:000001a6       ?vput@RConsole_std@rsystem@base@UModSys@@UAE_NHPBDPAD@Z 004011a6 f   umodsys_lib_basesys:umodsys.base.rconsole_std.obj
 0001:000001ee       ?put@RConsole_std@rsystem@base@UModSys@@UAA_NHPBDZZ 004011ee f   umodsys_lib_basesys:umodsys.base.rconsole_std.obj
 0001:00000235       ?vget_c@RConsole_std@rsystem@base@UModSys@@UAE_NPAHPBDPAD@Z 00401235 f   umodsys_lib_basesys:umodsys.base.rconsole_std.obj
 0001:0000023a       ?get_c@RConsole_std@rsystem@base@UModSys@@UAA_NPAHPBDZZ 0040123a f   umodsys_lib_basesys:umodsys.base.rconsole_std.obj
 0001:0000023a       ?get_s@RConsole_std@rsystem@base@UModSys@@UAA_NPADIPBDZZ 0040123a f   umodsys_lib_basesys:umodsys.base.rconsole_std.obj
 0001:0000023d       ?vget_s@RConsole_std@rsystem@base@UModSys@@UAE_NPADIPBD0@Z 0040123d f   umodsys_lib_basesys:umodsys.base.rconsole_std.obj
 0001:00000242       ?reflect@RConsole_std@rsystem@base@UModSys@@QAE_NPBD@Z 00401242 f   umodsys_lib_basesys:umodsys.base.rconsole_std.obj
 0001:00000282       ??_GRConsole_std@rsystem@base@UModSys@@UAEPAXI@Z 00401282 f i umodsys_lib_basesys:umodsys.base.rconsole_std.obj
 0001:00000282       ??_ERConsole_std@rsystem@base@UModSys@@UAEPAXI@Z 00401282 f i  CIL library: CIL module
 0001:0000029e       ??_EIRoot@core@UModSys@@UAEPAXI@Z 0040129e f i  CIL library: CIL module
 0001:0000029e       ??_GIRoot@core@UModSys@@UAEPAXI@Z 0040129e f i umodsys_lib_basesys:umodsys.base.rconsole_std.obj
 0001:0000029e       ??_GRParameters@rsystem@base@UModSys@@UAEPAXI@Z 0040129e f i umodsys_lib_basesys:umodsys.base.rparameters.obj
 0001:0000029e       ??_ERParameters@rsystem@base@UModSys@@UAEPAXI@Z 0040129e f i  CIL library: CIL module
 0001:000002bb       ??1RConsole_std@rsystem@base@UModSys@@UAE@XZ 004012bb f   umodsys_lib_basesys:umodsys.base.rconsole_std.obj
 0001:000002db       ?get_interface_info@RSystem@rsystem@base@UModSys@@UBEABUSUniquePointerInfo@core@4@XZ 004012db f i umodsys_lib_basesys:umodsys.base.rsystem_main.obj
 0001:000002e1       ?get_interface_type@RSystem@rsystem@base@UModSys@@UBEPBUSUniquePointerInfo@core@4@XZ 004012e1 f i umodsys_lib_basesys:umodsys.base.rsystem_main.obj
 0001:000002e7       ?get_other_interface@RSystem@rsystem@base@UModSys@@UAEPAUIRoot@core@4@PBUSUniquePointerInfo@64@@Z 004012e7 f i umodsys_lib_basesys:umodsys.base.rsystem_main.obj
 0001:000002e7       ?get_other_interface@RSystem@rsystem@base@UModSys@@UBEPBUIRoot@core@4@PBUSUniquePointerInfo@64@@Z 004012e7 f i umodsys_lib_basesys:umodsys.base.rsystem_main.obj
 0001:00000308       ?init@RSystem@rsystem@base@UModSys@@QAE_NXZ 00401308 f   umodsys_lib_basesys:umodsys.base.rsystem_main.obj
 0001:000003c9       ?deinit@RSystem@rsystem@base@UModSys@@QAE_NXZ 004013c9 f   umodsys_lib_basesys:umodsys.base.rsystem_main.obj
 0001:00000440       ?set_console@RSystem@rsystem@base@UModSys@@QAEXPAUIConsole@34@@Z 00401440 f   umodsys_lib_basesys:umodsys.base.rsystem_main.obj
 0001:00000467       ??0RSystem@rsystem@base@UModSys@@QAE@XZ 00401467 f   umodsys_lib_basesys:umodsys.base.rsystem_main.obj
 0001:000005c1       ??_ERSystem@rsystem@base@UModSys@@UAEPAXI@Z 004015c1 f i  CIL library: CIL module
 0001:000005c1       ??_GRSystem@rsystem@base@UModSys@@UAEPAXI@Z 004015c1 f i umodsys_lib_basesys:umodsys.base.rsystem_main.obj
 0001:000005de       ??1RSystem@rsystem@base@UModSys@@UAE@XZ 004015de f   umodsys_lib_basesys:umodsys.base.rsystem_main.obj
 0001:00000685       ?dbg_put@rsystem@base@UModSys@@YAXW4eRSystemDebugLevels@123@PBDZZ 00401685 f   umodsys_lib_basesys:umodsys.base.rsystem_main.obj
 0001:000006b1       ?err_put@rsystem@base@UModSys@@YAXW4eRSystemDebugLevels@123@PBDZZ 004016b1 f   umodsys_lib_basesys:umodsys.base.rsystem_main.obj
 0001:000006dd       ??1?$TStaticStringPool@DU?$TComparerBinaryHash@D@su@tl@UModSys@@USMemAlloc_Malloc@core@4@@tl@UModSys@@QAE@XZ 004016dd f i umodsys_lib_basesys:umodsys.base.rsystem_main.obj
 0001:00000718       ??1?$TQuantArrayUnique@USSourceContext@core@UModSys@@$0BAA@USMemAlloc_Malloc@23@@tl@UModSys@@QAE@XZ 00401718 f i umodsys_lib_basesys:umodsys.base.rsystem_main.obj
 0001:00000718       ??1?$TQuantArrayUnique@USUniquePointerInfo@core@UModSys@@$0BAA@USMemAlloc_Malloc@23@@tl@UModSys@@QAE@XZ 00401718 f i umodsys_lib_basesys:umodsys.base.rsystem_main.obj
 0001:0000072e       ??$process_nodes_r@U?$TNodeDeleter@U?$TQuantArrayNode@USSourceContext@core@UModSys@@$0BAA@@tl@UModSys@@USMemAlloc_Malloc@core@3@@tl@UModSys@@@?$TTreeHoldRB@U?$TQuantArrayNode@USSourceContext@core@UModSys@@$0BAA@@tl@UModSys@@@tl@UModSys@@KAHPAU?$TQuantArrayNode@USSourceContext@core@UModSys@@$0BAA@@12@ABU?$TNodeDeleter@U?$TQuantArrayNode@USSourceContext@core@UModSys@@$0BAA@@tl@UModSys@@USMemAlloc_Malloc@core@3@@12@@Z 0040172e f i umodsys_lib_basesys:umodsys.base.rsystem_main.obj
 0001:0000072e       ??$process_nodes_r@U?$TNodeDeleter@U?$TQuantArrayNode@USUniquePointerInfo@core@UModSys@@$0BAA@@tl@UModSys@@USMemAlloc_Malloc@core@3@@tl@UModSys@@@?$TTreeHoldRB@U?$TQuantArrayNode@USUniquePointerInfo@core@UModSys@@$0BAA@@tl@UModSys@@@tl@UModSys@@KAHPAU?$TQuantArrayNode@USUniquePointerInfo@core@UModSys@@$0BAA@@12@ABU?$TNodeDeleter@U?$TQuantArrayNode@USUniquePointerInfo@core@UModSys@@$0BAA@@tl@UModSys@@USMemAlloc_Malloc@core@3@@12@@Z 0040172e f i umodsys_lib_basesys:umodsys.base.rsystem_main.obj
 0001:00000770       ?exec_test_shells@RSystem@rsystem@base@UModSys@@QAE_NXZ 00401770 f   umodsys_lib_basesys:umodsys.base.rsystem_tests.obj
 0001:000008e0       ??1?$TParametersA@$0EAA@@core@UModSys@@QAE@XZ 004018e0 f i umodsys_lib_basesys:umodsys.base.rsystem_tests.obj
 0001:000008ed       ??1?$TRefObject@URModuleLibrary@rsystem@base@UModSys@@@tl@UModSys@@QAE@XZ 004018ed f i umodsys_lib_basesys:umodsys.base.rmoduleloader.obj
 0001:000008ed       ??1?$TRefObject@UIShell@base@UModSys@@@tl@UModSys@@QAE@XZ 004018ed f i umodsys_lib_basesys:umodsys.base.rsystem_tests.obj
 0001:000008ed       ??1?$TRefObject@URParameters@rsystem@base@UModSys@@@tl@UModSys@@QAE@XZ 004018ed f i umodsys_lib_basesys:umodsys.base.rsystem_main.obj
 0001:000008ed       ??1?$TRefObject@UIRefObject@core@UModSys@@@tl@UModSys@@QAE@XZ 004018ed f i umodsys_lib_basesys:umodsys.base.rsystem_tests.obj
 0001:000008ed       ??1?$TRefObject@URModule@rsystem@base@UModSys@@@tl@UModSys@@QAE@XZ 004018ed f i umodsys_lib_basesys:umodsys.base.rmodulelib.obj
 0001:000008fc       ??$t_moduledb_generate@UIShell@base@UModSys@@@IModuleLoader@base@UModSys@@QAE_NAAU?$TRefObject@UIShell@base@UModSys@@@tl@2@PBUSUniquePointerInfo@core@2@ABUSParameters@62@@Z 004018fc f i umodsys_lib_basesys:umodsys.base.rsystem_tests.obj
 0001:0000098e       ?moduledb_findobjname@RModuleLoader@rsystem@base@UModSys@@UAEIPBUSUniquePointerInfo@core@4@QAPBU564@I@Z 0040198e f   umodsys_lib_basesys:umodsys.base.rmoduleloader.obj
 0001:000009dc       ?moduledb_generate@RModuleLoader@rsystem@base@UModSys@@UAE_NAAU?$TRefObject@UIRefObject@core@UModSys@@@tl@4@PBUSUniquePointerInfo@core@4@ABUSParameters@84@@Z 004019dc f   umodsys_lib_basesys:umodsys.base.rmoduleloader.obj
 0001:00000a17       ?moduledb_lib_count@RModuleLoader@rsystem@base@UModSys@@UAEIXZ 00401a17 f   umodsys_lib_basesys:umodsys.base.rmoduleloader.obj
 0001:00000a1b       ?moduledb_lib_get@RModuleLoader@rsystem@base@UModSys@@UBEPAUIModuleLibrary@34@I@Z 00401a1b f   umodsys_lib_basesys:umodsys.base.rmoduleloader.obj
 0001:00000a31       ?moduledb_module_count@RModuleLoader@rsystem@base@UModSys@@UAEIXZ 00401a31 f   umodsys_lib_basesys:umodsys.base.rmoduleloader.obj
 0001:00000a4f       ?moduledb_module_get@RModuleLoader@rsystem@base@UModSys@@UBEPAUIModule@34@I@Z 00401a4f f   umodsys_lib_basesys:umodsys.base.rmoduleloader.obj
 0001:00000a89       ?moduledb_find@RModuleLoader@rsystem@base@UModSys@@UBEPAUIModule@34@ABU?$TString@U?$TSCoreConst@D@su@tl@UModSys@@U?$TComparerBinaryHash@D@234@@tl@4@ABUSVersion@core@4@@Z 00401a89 f   umodsys_lib_basesys:umodsys.base.rmoduleloader.obj
 0001:00000b10       ?moduledb_clear@RModuleLoader@rsystem@base@UModSys@@UAEXXZ 00401b10 f   umodsys_lib_basesys:umodsys.base.rmoduleloader.obj
 0001:00000b24       ?moduledb_cleanup@RModuleLoader@rsystem@base@UModSys@@UAEIXZ 00401b24 f   umodsys_lib_basesys:umodsys.base.rmoduleloader.obj
 0001:00000bf9       ?moduledb_load@RModuleLoader@rsystem@base@UModSys@@UAE_NABU?$TString@U?$TSCoreConst@D@su@tl@UModSys@@U?$TComparerBinaryHash@D@234@@tl@4@@Z 00401bf9 f   umodsys_lib_basesys:umodsys.base.rmoduleloader.obj
 0001:00000bf9       ?moduledb_lib_drop@RModuleLoader@rsystem@base@UModSys@@UAE_NPAUIModuleLibrary@34@@Z 00401bf9 f   umodsys_lib_basesys:umodsys.base.rmoduleloader.obj
 0001:00000bfe       ?moduledb_save@RModuleLoader@rsystem@base@UModSys@@UAE_NABU?$TString@U?$TSCoreConst@D@su@tl@UModSys@@U?$TComparerBinaryHash@D@234@@tl@4@@Z 00401bfe f   umodsys_lib_basesys:umodsys.base.rmoduleloader.obj
 0001:00000c65       ?moduledb_scan@RModuleLoader@rsystem@base@UModSys@@UAEIABU?$TString@U?$TSCoreConst@D@su@tl@UModSys@@U?$TComparerBinaryHash@D@234@@tl@4@_N@Z 00401c65 f   umodsys_lib_basesys:umodsys.base.rmoduleloader.obj
 0001:00000cf6       ?moduledb_get_string@RModuleLoader@rsystem@base@UModSys@@UAEABU?$TString@U?$TSCoreConst@D@su@tl@UModSys@@U?$TComparerBinaryHash@D@234@@tl@4@ABU564@@Z 00401cf6 f   umodsys_lib_basesys:umodsys.base.rmoduleloader.obj
 0001:00000d08       ??_ERModuleLoader@rsystem@base@UModSys@@UAEPAXI@Z 00401d08 f i  CIL library: CIL module
 0001:00000d08       ??_GRModuleLoader@rsystem@base@UModSys@@UAEPAXI@Z 00401d08 f i umodsys_lib_basesys:umodsys.base.rmoduleloader.obj
 0001:00000d25       ??_GIModuleLoader@base@UModSys@@UAEPAXI@Z 00401d25 f i umodsys_lib_basesys:umodsys.base.rmoduleloader.obj
 0001:00000d25       ??_EIModuleLoader@base@UModSys@@UAEPAXI@Z 00401d25 f i  CIL library: CIL module
 0001:00000d42       ??1RModuleLoader@rsystem@base@UModSys@@UAE@XZ 00401d42 f   umodsys_lib_basesys:umodsys.base.rmoduleloader.obj
 0001:00000d84       ?append@?$TStaticStringPool@DU?$TComparerBinaryHash@D@su@tl@UModSys@@USMemAlloc_Malloc@core@4@@tl@UModSys@@QAEPBU?$TString@U?$TSCoreConst@D@su@tl@UModSys@@U?$TComparerBinaryHash@D@234@@23@PBD@Z 00401d84 f i umodsys_lib_basesys:umodsys.base.rmoduleloader.obj
 0001:00000db4       ??$?8U?$TSCoreConst@D@su@tl@UModSys@@U?$TComparerBinaryHash@D@123@@?$TString@U?$TSCoreConst@D@su@tl@UModSys@@U?$TComparerBinaryHash@D@234@@tl@UModSys@@QBE_NABU012@@Z 00401db4 f i umodsys_lib_basesys:umodsys.base.rmoduleloader.obj
 0001:00000def       ?append@?$TStaticStringPool@DU?$TComparerBinaryHash@D@su@tl@UModSys@@USMemAlloc_Malloc@core@4@@tl@UModSys@@QAEPBU?$TString@U?$TSCoreConst@D@su@tl@UModSys@@U?$TComparerBinaryHash@D@234@@23@PBDI@Z 00401def f i umodsys_lib_basesys:umodsys.base.rmoduleloader.obj
 0001:00000f21       ?free@?$TArray@U?$TRefObject@URModuleLibrary@rsystem@base@UModSys@@@tl@UModSys@@U?$TAllocator@USMemAlloc_Malloc@core@UModSys@@USCountCalcPower2@23@@23@@tl@UModSys@@QAE_NXZ 00401f21 f i umodsys_lib_basesys:umodsys.base.rmoduleloader.obj
 0001:00000f44       ?append@CharChunk@?$TStaticStringPool@DU?$TComparerBinaryHash@D@su@tl@UModSys@@USMemAlloc_Malloc@core@4@@tl@UModSys@@QAEPADPBDI@Z 00401f44 f i umodsys_lib_basesys:umodsys.base.rmoduleloader.obj
 0001:00000f6d       ?find_s@?$TStaticStringPool@DU?$TComparerBinaryHash@D@su@tl@UModSys@@USMemAlloc_Malloc@core@4@@tl@UModSys@@QBEPBU?$TString@U?$TSCoreConst@D@su@tl@UModSys@@U?$TComparerBinaryHash@D@234@@23@ABU423@@Z 00401f6d f i umodsys_lib_basesys:umodsys.base.rmoduleloader.obj
 0001:00000fc1       ?resize@?$TArray@U?$TRefObject@URModuleLibrary@rsystem@base@UModSys@@@tl@UModSys@@U?$TAllocator@USMemAlloc_Malloc@core@UModSys@@USCountCalcPower2@23@@23@@tl@UModSys@@QAE_NI@Z 00401fc1 f i umodsys_lib_basesys:umodsys.base.rmoduleloader.obj
 0001:00000fc1       ?resize@?$TArray@U?$TRefObject@URModule@rsystem@base@UModSys@@@tl@UModSys@@U?$TAllocator@USMemAlloc_Malloc@core@UModSys@@USCountCalcPower2@23@@23@@tl@UModSys@@QAE_NI@Z 00401fc1 f i umodsys_lib_basesys:umodsys.base.rmodulelib.obj
 0001:0000103f       ?upi_add@RSystem@rsystem@base@UModSys@@UAEPBUSUniquePointerInfo@core@4@PBU564@@Z 0040203f f   umodsys_lib_basesys:umodsys.base.rsystem.obj
 0001:000010cf       ?upi_remove@RSystem@rsystem@base@UModSys@@UAEHPBUSUniquePointerInfo@core@4@@Z 004020cf f   umodsys_lib_basesys:umodsys.base.rsystem.obj
 0001:000010d5       ?persist_ctx@RSystem@rsystem@base@UModSys@@UAEPBUSSourceContext@core@4@PBU564@@Z 004020d5 f   umodsys_lib_basesys:umodsys.base.rsystem.obj
 0001:00001165       ?get_params@RSystem@rsystem@base@UModSys@@UAEPAUIParameters@core@4@XZ 00402165 f   umodsys_lib_basesys:umodsys.base.rsystem.obj
 0001:00001169       ?get_module_count@RModuleLibrary@rsystem@base@UModSys@@UBEIXZ 00402169 f   umodsys_lib_basesys:umodsys.base.rmodulelib.obj
 0001:00001169       ?ref_links@RParameters@rsystem@base@UModSys@@UBEHXZ 00402169 f   umodsys_lib_basesys:umodsys.base.rparameters.obj
 0001:00001169       ?get_console@RSystem@rsystem@base@UModSys@@UAEPAUIConsole@34@XZ 00402169 f   umodsys_lib_basesys:umodsys.base.rsystem.obj
 0001:0000116d       ?get_syslib@RSystem@rsystem@base@UModSys@@UAEPAUIModuleLibrary@34@XZ 0040216d f   umodsys_lib_basesys:umodsys.base.rsystem.obj
 0001:0000116d       ?get_privmem@RModuleLibrary@rsystem@base@UModSys@@UBEPAUIMemAlloc@core@4@XZ 0040216d f   umodsys_lib_basesys:umodsys.base.rmodulelib.obj
 0001:0000116d       __matherr                  0040216d f   MSVCRT:merr.obj
 0001:0000116d       ?get_sharemem@RSystem@rsystem@base@UModSys@@UAEPAUIMemAlloc@core@4@XZ 0040216d f   umodsys_lib_basesys:umodsys.base.rsystem.obj
 0001:0000116d       ?get_sysmem@RSystem@rsystem@base@UModSys@@UAEPAUIMemAlloc@core@4@XZ 0040216d f   umodsys_lib_basesys:umodsys.base.rsystem.obj
 0001:0000116d       __setargv                  0040216d f   MSVCRT:dllargv.obj
 0001:0000116d       ?ref_links@RConsole_std@rsystem@base@UModSys@@UBEHXZ 0040216d f   umodsys_lib_basesys:umodsys.base.rconsole_std.obj
 0001:00001170       ?get_modloader@RSystem@rsystem@base@UModSys@@UAEPAUIModuleLoader@34@XZ 00402170 f   umodsys_lib_basesys:umodsys.base.rsystem.obj
 0001:00001174       ?get_upr@RSystem@rsystem@base@UModSys@@UAEPAUIUniquePointerResolver@core@4@XZ 00402174 f   umodsys_lib_basesys:umodsys.base.rsystem.obj
 0001:0000117f       ?get_sca@RSystem@rsystem@base@UModSys@@UAEPAUISourceContextAdapter@core@4@XZ 0040217f f   umodsys_lib_basesys:umodsys.base.rsystem.obj
 0001:0000118a       ?find@?$TQuantArrayUnique@USUniquePointerInfo@core@UModSys@@$0BAA@USMemAlloc_Malloc@23@@tl@UModSys@@QAEPBUSUniquePointerInfo@core@3@ABU453@@Z 0040218a f i umodsys_lib_basesys:umodsys.base.rsystem.obj
 0001:0000118a       ?find@?$TQuantArrayUnique@USSourceContext@core@UModSys@@$0BAA@USMemAlloc_Malloc@23@@tl@UModSys@@QAEPBUSSourceContext@core@3@ABU453@@Z 0040218a f i umodsys_lib_basesys:umodsys.base.rsystem.obj
 0001:00001229       ?add@?$TQuantArrayUnique@USUniquePointerInfo@core@UModSys@@$0BAA@USMemAlloc_Malloc@23@@tl@UModSys@@QAEPAUSUniquePointerInfo@core@3@ABU453@@Z 00402229 f i umodsys_lib_basesys:umodsys.base.rsystem.obj
 0001:00001229       ?add@?$TQuantArrayUnique@USSourceContext@core@UModSys@@$0BAA@USMemAlloc_Malloc@23@@tl@UModSys@@QAEPAUSSourceContext@core@3@ABU453@@Z 00402229 f i umodsys_lib_basesys:umodsys.base.rsystem.obj
 0001:000012c4       ?next_node@?$TTreeHoldRB@U?$TQuantArrayNode@USSourceContext@core@UModSys@@$0BAA@@tl@UModSys@@@tl@UModSys@@SAPAU?$TQuantArrayNode@USSourceContext@core@UModSys@@$0BAA@@23@PAU423@@Z 004022c4 f i umodsys_lib_basesys:umodsys.base.rsystem.obj
 0001:000012c4       ?next_node@?$TTreeHoldRB@U?$TQuantArrayNode@USUniquePointerInfo@core@UModSys@@$0BAA@@tl@UModSys@@@tl@UModSys@@SAPAU?$TQuantArrayNode@USUniquePointerInfo@core@UModSys@@$0BAA@@23@PAU423@@Z 004022c4 f i umodsys_lib_basesys:umodsys.base.rsystem.obj
 0001:000012e9       ?get_interface_info@RParameters@rsystem@base@UModSys@@UBEABUSUniquePointerInfo@core@4@XZ 004022e9 f i umodsys_lib_basesys:umodsys.base.rparameters.obj
 0001:000012ef       ?get_interface_type@RParameters@rsystem@base@UModSys@@UBEPBUSUniquePointerInfo@core@4@XZ 004022ef f i umodsys_lib_basesys:umodsys.base.rparameters.obj
 0001:000012f5       ?get_interface_types@RConsole_std@rsystem@base@UModSys@@UBEIAAUSUniquePtrList@core@4@@Z 004022f5 f i umodsys_lib_basesys:umodsys.base.rconsole_std.obj
 0001:000012f5       ?get_interface_types@RModule@rsystem@base@UModSys@@UBEIAAUSUniquePtrList@core@4@@Z 004022f5 f i umodsys_lib_basesys:umodsys.base.rmodule.obj
 0001:000012f5       ?get_interface_types@RModuleLibrary@rsystem@base@UModSys@@UBEIAAUSUniquePtrList@core@4@@Z 004022f5 f i umodsys_lib_basesys:umodsys.base.rmodulelib.obj
 0001:000012f5       ?get_interface_types@RParameters@rsystem@base@UModSys@@UBEIAAUSUniquePtrList@core@4@@Z 004022f5 f i umodsys_lib_basesys:umodsys.base.rparameters.obj
 0001:000012f5       ?get_interface_types@RSystem@rsystem@base@UModSys@@UBEIAAUSUniquePtrList@core@4@@Z 004022f5 f i umodsys_lib_basesys:umodsys.base.rsystem_main.obj
 0001:000012fa       ?get_other_interface@RParameters@rsystem@base@UModSys@@UBEPBUIRoot@core@4@PBUSUniquePointerInfo@64@@Z 004022fa f i umodsys_lib_basesys:umodsys.base.rparameters.obj
 0001:000012fa       ?get_other_interface@RParameters@rsystem@base@UModSys@@UAEPAUIRoot@core@4@PBUSUniquePointerInfo@64@@Z 004022fa f i umodsys_lib_basesys:umodsys.base.rparameters.obj
 0001:0000131b       ?suicide@RModuleLibrary@rsystem@base@UModSys@@UAEXXZ 0040231b f i umodsys_lib_basesys:umodsys.base.rmodulelib.obj
 0001:0000131b       ?suicide@RParameters@rsystem@base@UModSys@@UAEXXZ 0040231b f i umodsys_lib_basesys:umodsys.base.rparameters.obj
 0001:00001326       ?find_elem@RParameters@rsystem@base@UModSys@@IAEPBUElem@1234@PBXHHHPBD@Z 00402326 f   umodsys_lib_basesys:umodsys.base.rparameters.obj
 0001:0000139f       ?estimate_size@RParameters@rsystem@base@UModSys@@IAEHAAUElem@1234@HPBDHH@Z 0040239f f   umodsys_lib_basesys:umodsys.base.rparameters.obj
 0001:00001404       ?free_elems@RParameters@rsystem@base@UModSys@@IAEXPAXH@Z 00402404 f   umodsys_lib_basesys:umodsys.base.rparameters.obj
 0001:0000145c       ?alloc_elems@RParameters@rsystem@base@UModSys@@IAEXPAXH@Z 0040245c f   umodsys_lib_basesys:umodsys.base.rparameters.obj
 0001:000014a9       ?add_last@RParameters@rsystem@base@UModSys@@IAE_NPAUSParametersData@core@4@PBDPBXH@Z 004024a9 f   umodsys_lib_basesys:umodsys.base.rparameters.obj
 0001:0000166d       ?p_deinit@RParameters@rsystem@base@UModSys@@UAEXPAUSParametersData@core@4@@Z 0040266d f   umodsys_lib_basesys:umodsys.base.rparameters.obj
 0001:000016c2       ?p_init@RParameters@rsystem@base@UModSys@@UAEXPAUSParametersData@core@4@H@Z 004026c2 f   umodsys_lib_basesys:umodsys.base.rparameters.obj
 0001:00001706       ?p_init@RParameters@rsystem@base@UModSys@@UAEXPAUSParametersData@core@4@ABU564@@Z 00402706 f   umodsys_lib_basesys:umodsys.base.rparameters.obj
 0001:0000178d       ?p_copy@RParameters@rsystem@base@UModSys@@UAEXPAUSParametersData@core@4@ABU564@@Z 0040278d f   umodsys_lib_basesys:umodsys.base.rparameters.obj
 0001:0000187f       ?p_init_s@RParameters@rsystem@base@UModSys@@UAEXPAUSParametersData@core@4@PAXH@Z 0040287f f   umodsys_lib_basesys:umodsys.base.rparameters.obj
 0001:000018a9       ?p_init_s@RParameters@rsystem@base@UModSys@@UAEXPAUSParametersData@core@4@ABU564@PAXH@Z 004028a9 f   umodsys_lib_basesys:umodsys.base.rparameters.obj
 0001:00001912       ?next@RParameters@rsystem@base@UModSys@@UAE_NPBUSParametersData@core@4@AAPBD@Z 00402912 f   umodsys_lib_basesys:umodsys.base.rparameters.obj
 0001:000019b5       ?next@RParameters@rsystem@base@UModSys@@UAE_NPBUSParametersData@core@4@AAU?$TString@U?$TSCoreConst@D@su@tl@UModSys@@U?$TComparerBinaryHash@D@234@@tl@4@@Z 004029b5 f   umodsys_lib_basesys:umodsys.base.rparameters.obj
 0001:00001a56       ?add@RParameters@rsystem@base@UModSys@@UAE_NPAUSParametersData@core@4@PBD1@Z 00402a56 f   umodsys_lib_basesys:umodsys.base.rparameters.obj
 0001:00001a6c       ?add@RParameters@rsystem@base@UModSys@@UAE_NPAUSParametersData@core@4@PBDH@Z 00402a6c f   umodsys_lib_basesys:umodsys.base.rparameters.obj
 0001:00001a83       ?add@RParameters@rsystem@base@UModSys@@UAE_NPAUSParametersData@core@4@PBDABN@Z 00402a83 f   umodsys_lib_basesys:umodsys.base.rparameters.obj
 0001:00001a99       ?add@RParameters@rsystem@base@UModSys@@UAE_NPAUSParametersData@core@4@PBDPAUIRefObject@64@@Z 00402a99 f   umodsys_lib_basesys:umodsys.base.rparameters.obj
 0001:00001ab0       ?get@RParameters@rsystem@base@UModSys@@UAE_NPBUSParametersData@core@4@PBDAAPBD@Z 00402ab0 f   umodsys_lib_basesys:umodsys.base.rparameters.obj
 0001:00001b04       ?get@RParameters@rsystem@base@UModSys@@UAE_NPBUSParametersData@core@4@PBDAAH@Z 00402b04 f   umodsys_lib_basesys:umodsys.base.rparameters.obj
 0001:00001b58       ?get@RParameters@rsystem@base@UModSys@@UAE_NPBUSParametersData@core@4@PBDAAN@Z 00402b58 f   umodsys_lib_basesys:umodsys.base.rparameters.obj
 0001:00001bac       ?get@RParameters@rsystem@base@UModSys@@UAE_NPBUSParametersData@core@4@PBDAAPAUIRefObject@64@@Z 00402bac f   umodsys_lib_basesys:umodsys.base.rparameters.obj
 0001:00001c00       ?ref_add@RParameters@rsystem@base@UModSys@@UBEXXZ 00402c00 f   umodsys_lib_basesys:umodsys.base.rparameters.obj
 0001:00001c04       ?ref_remove@RParameters@rsystem@base@UModSys@@UBEXXZ 00402c04 f   umodsys_lib_basesys:umodsys.base.rparameters.obj
 0001:00001c0f       ??4?$TString@U?$TSCoreConst@D@su@tl@UModSys@@U?$TComparerBinaryHash@D@234@@tl@UModSys@@QAEABU012@PBD@Z 00402c0f f i umodsys_lib_basesys:umodsys.base.rparameters.obj
 0001:00001c30       ??$shash@D@su@tl@UModSys@@YAHPBD@Z 00402c30 f i umodsys_lib_basesys:umodsys.base.rparameters.obj
 0001:00001c4c       ??$t_alloc@UIMemAlloc@core@UModSys@@@SMemChunk@core@UModSys@@QAE_NAAUIMemAlloc@12@IPBUSSourceContext@12@@Z 00402c4c f i umodsys_lib_basesys:umodsys.base.rparameters.obj
 0001:00001c85       ?pfd_load@RModuleLibrary@rsystem@base@UModSys@@SAPAUIModuleLibraryReg@34@PAUPFD_Data@1234@ABU?$TString@U?$TSCoreConst@D@su@tl@UModSys@@U?$TComparerBinaryHash@D@234@@tl@4@@Z 00402c85 f   umodsys_lib_basesys:umodsys.base.rmodule.win32.obj
 0001:00001d3f       ?pfd_unload@RModuleLibrary@rsystem@base@UModSys@@SA_NPAUPFD_Data@1234@@Z 00402d3f f   umodsys_lib_basesys:umodsys.base.rmodule.win32.obj
 0001:00001f1f       ??0?$U16String@$0BAAA@@syshlp@core@UModSys@@QAE@PBD@Z 00402f1f f i umodsys_lib_basesys:umodsys.base.rmodule.win32.obj
 0001:00001f50       ?get_interface_info@RModuleLibrary@rsystem@base@UModSys@@UBEABUSUniquePointerInfo@core@4@XZ 00402f50 f i umodsys_lib_basesys:umodsys.base.rmodulelib.obj
 0001:00001f56       ?get_interface_type@RModuleLibrary@rsystem@base@UModSys@@UBEPBUSUniquePointerInfo@core@4@XZ 00402f56 f i umodsys_lib_basesys:umodsys.base.rmodulelib.obj
 0001:00001f5c       ?get_other_interface@RModuleLibrary@rsystem@base@UModSys@@UBEPBUIRoot@core@4@PBUSUniquePointerInfo@64@@Z 00402f5c f i umodsys_lib_basesys:umodsys.base.rmodulelib.obj
 0001:00001f5c       ?get_other_interface@RModuleLibrary@rsystem@base@UModSys@@UAEPAUIRoot@core@4@PBUSUniquePointerInfo@64@@Z 00402f5c f i umodsys_lib_basesys:umodsys.base.rmodulelib.obj
 0001:00001f7d       ?get_sys_libname@RModuleLibrary@rsystem@base@UModSys@@UBE?AU?$TString@U?$TSCoreConst@D@su@tl@UModSys@@U?$TComparerBinaryHash@D@234@@tl@4@XZ 00402f7d f   umodsys_lib_basesys:umodsys.base.rmodulelib.obj
 0001:00001f95       ?get_system@RModuleLibrary@rsystem@base@UModSys@@UBEPAUISystem@34@XZ 00402f95 f   umodsys_lib_basesys:umodsys.base.rmodulelib.obj
 0001:00001f99       ?get_module@RModuleLibrary@rsystem@base@UModSys@@UBEPAUIModule@34@I@Z 00402f99 f   umodsys_lib_basesys:umodsys.base.rmodulelib.obj
 0001:00001faf       ?lib_loaded@RModuleLibrary@rsystem@base@UModSys@@UBE_NXZ 00402faf f   umodsys_lib_basesys:umodsys.base.rmodulelib.obj
 0001:00001fb8       ?lib_load@RModuleLibrary@rsystem@base@UModSys@@UAE_NXZ 00402fb8 f   umodsys_lib_basesys:umodsys.base.rmodulelib.obj
 0001:00001fd5       ?lib_unload@RModuleLibrary@rsystem@base@UModSys@@UAE_NXZ 00402fd5 f   umodsys_lib_basesys:umodsys.base.rmodulelib.obj
 0001:00001fe9       ?lib_findobjname@RModuleLibrary@rsystem@base@UModSys@@UAEIPBUSUniquePointerInfo@core@4@QAPBU564@I@Z 00402fe9 f   umodsys_lib_basesys:umodsys.base.rmodulelib.obj
 0001:00002037       ?lib_generate@RModuleLibrary@rsystem@base@UModSys@@UAE_NAAU?$TRefObject@UIRefObject@core@UModSys@@@tl@4@PBUSUniquePointerInfo@core@4@ABUSParameters@84@@Z 00403037 f   umodsys_lib_basesys:umodsys.base.rmodulelib.obj
 0001:00002072       ?load0@RModuleLibrary@rsystem@base@UModSys@@QAE_NXZ 00403072 f   umodsys_lib_basesys:umodsys.base.rmodulelib.obj
 0001:000020d6       ?link@RModuleLibrary@rsystem@base@UModSys@@QAE_NXZ 004030d6 f   umodsys_lib_basesys:umodsys.base.rmodulelib.obj
 0001:00002289       ?unlink@RModuleLibrary@rsystem@base@UModSys@@QAE_NXZ 00403289 f   umodsys_lib_basesys:umodsys.base.rmodulelib.obj
 0001:000022bd       ?scan@RModuleLibrary@rsystem@base@UModSys@@QAE_NXZ 004032bd f   umodsys_lib_basesys:umodsys.base.rmodulelib.obj
 0001:0000230c       ?save_db@RModuleLibrary@rsystem@base@UModSys@@QAE_NPAU_iobuf@@@Z 0040330c f   umodsys_lib_basesys:umodsys.base.rmodulelib.obj
 0001:0000237f       ?s_add@RModuleLibrary@rsystem@base@UModSys@@SA_NPAUISystem@34@AAU?$TArray@U?$TRefObject@URModuleLibrary@rsystem@base@UModSys@@@tl@UModSys@@U?$TAllocator@USMemAlloc_Malloc@core@UModSys@@USCountCalcPower2@23@@23@@tl@4@PBD@Z 0040337f f   umodsys_lib_basesys:umodsys.base.rmodulelib.obj
 0001:000024d3       ??_GRModuleLibrary@rsystem@base@UModSys@@UAEPAXI@Z 004034d3 f i umodsys_lib_basesys:umodsys.base.rmodulelib.obj
 0001:000024d3       ??_ERModuleLibrary@rsystem@base@UModSys@@UAEPAXI@Z 004034d3 f i  CIL library: CIL module
 0001:0000253c       ??1?$TString@U?$TSCoreShared@USMemAlloc_Malloc@core@UModSys@@D@su@tl@UModSys@@U?$TComparerBinaryHash@D@234@@tl@UModSys@@QAE@XZ 0040353c f i umodsys_lib_basesys:umodsys.base.rmodulelib.obj
 0001:00002541       ?ref_add@RModuleLibrary@rsystem@base@UModSys@@UBEXXZ 00403541 f   umodsys_lib_basesys:umodsys.base.rmodulelib.obj
 0001:00002545       ?ref_remove@RModuleLibrary@rsystem@base@UModSys@@UBEXXZ 00403545 f   umodsys_lib_basesys:umodsys.base.rmodulelib.obj
 0001:00002550       ?ref_links@RModuleLibrary@rsystem@base@UModSys@@UBEHXZ 00403550 f   umodsys_lib_basesys:umodsys.base.rmodulelib.obj
 0001:00002554       ??1?$TArray@U?$TRefObject@URModule@rsystem@base@UModSys@@@tl@UModSys@@U?$TAllocator@USMemAlloc_Malloc@core@UModSys@@USCountCalcPower2@23@@23@@tl@UModSys@@QAE@XZ 00403554 f i umodsys_lib_basesys:umodsys.base.rmodulelib.obj
 0001:00002574       ?set@?$TString@U?$TSCoreShared@USMemAlloc_Malloc@core@UModSys@@D@su@tl@UModSys@@U?$TComparerBinaryHash@D@234@@tl@UModSys@@QAEXPBD@Z 00403574 f i umodsys_lib_basesys:umodsys.base.rmodulelib.obj
 0001:000025eb       ?info_release@?$TSCoreShared@USMemAlloc_Malloc@core@UModSys@@D@su@tl@UModSys@@QAEXXZ 004035eb f i umodsys_lib_basesys:umodsys.base.rmodulelib.obj
 0001:00002615       ?push@?$TArray@U?$TRefObject@URModuleLibrary@rsystem@base@UModSys@@@tl@UModSys@@U?$TAllocator@USMemAlloc_Malloc@core@UModSys@@USCountCalcPower2@23@@23@@tl@UModSys@@QAE_NABU?$TRefObject@URModuleLibrary@rsystem@base@UModSys@@@23@@Z 00403615 f i umodsys_lib_basesys:umodsys.base.rmodulelib.obj
 0001:00002671       ??$t_realloc_array@U?$TRefObject@URModuleLibrary@rsystem@base@UModSys@@@tl@UModSys@@@?$TAllocator@USMemAlloc_Malloc@core@UModSys@@USCountCalcPower2@23@@tl@UModSys@@QAE_NAAPAU?$TRefObject@URModuleLibrary@rsystem@base@UModSys@@@12@AAIIPAUSSourceContext@core@2@@Z 00403671 f i umodsys_lib_basesys:umodsys.base.rmoduleloader.obj
 0001:00002671       ??$t_realloc_array@U?$TRefObject@URModule@rsystem@base@UModSys@@@tl@UModSys@@@?$TAllocator@USMemAlloc_Malloc@core@UModSys@@USCountCalcPower2@23@@tl@UModSys@@QAE_NAAPAU?$TRefObject@URModule@rsystem@base@UModSys@@@12@AAIIPAUSSourceContext@core@2@@Z 00403671 f i umodsys_lib_basesys:umodsys.base.rmodulelib.obj
 0001:000026a6       ?get_interface_info@RModule@rsystem@base@UModSys@@UBEABUSUniquePointerInfo@core@4@XZ 004036a6 f i umodsys_lib_basesys:umodsys.base.rmodule.obj
 0001:000026ac       ?get_interface_type@RModule@rsystem@base@UModSys@@UBEPBUSUniquePointerInfo@core@4@XZ 004036ac f i umodsys_lib_basesys:umodsys.base.rmodule.obj
 0001:000026b2       ?get_other_interface@RModule@rsystem@base@UModSys@@UBEPBUIRoot@core@4@PBUSUniquePointerInfo@64@@Z 004036b2 f i umodsys_lib_basesys:umodsys.base.rmodule.obj
 0001:000026b2       ?get_other_interface@RModule@rsystem@base@UModSys@@UAEPAUIRoot@core@4@PBUSUniquePointerInfo@64@@Z 004036b2 f i umodsys_lib_basesys:umodsys.base.rmodule.obj
 0001:000026d3       ?suicide@RModule@rsystem@base@UModSys@@UAEXXZ 004036d3 f i umodsys_lib_basesys:umodsys.base.rmodule.obj
 0001:0000270f       ?get_library@RModule@rsystem@base@UModSys@@UBEPAUIModuleLibrary@34@XZ 0040370f f   umodsys_lib_basesys:umodsys.base.rmodule.obj
 0001:00002713       ?get_info@RModule@rsystem@base@UModSys@@UBEABUSModuleInfo@34@XZ 00403713 f   umodsys_lib_basesys:umodsys.base.rmodule.obj
 0001:00002717       ?is_open@RModule@rsystem@base@UModSys@@UBE_NXZ 00403717 f   umodsys_lib_basesys:umodsys.base.rmodule.obj
 0001:00002730       ?open@RModule@rsystem@base@UModSys@@UAE_NXZ 00403730 f   umodsys_lib_basesys:umodsys.base.rmodule.obj
 0001:00002780       ?close@RModule@rsystem@base@UModSys@@UAE_NXZ 00403780 f   umodsys_lib_basesys:umodsys.base.rmodule.obj
 0001:000027bd       ?reg@RModule@rsystem@base@UModSys@@UAE_NPAUIModObject@34@_N@Z 004037bd f   umodsys_lib_basesys:umodsys.base.rmodule.obj
 0001:000027e7       ?reg@RModule@rsystem@base@UModSys@@UAE_NPAUIGenerator@34@_N@Z 004037e7 f   umodsys_lib_basesys:umodsys.base.rmodule.obj
 0001:0000282a       ?mod_findobjname@RModule@rsystem@base@UModSys@@UAEIPBUSUniquePointerInfo@core@4@QAPBU564@I@Z 0040382a f   umodsys_lib_basesys:umodsys.base.rmodule.obj
 0001:0000289e       ?mod_generate@RModule@rsystem@base@UModSys@@UAE_NAAU?$TRefObject@UIRefObject@core@UModSys@@@tl@4@PBUSUniquePointerInfo@core@4@ABUSParameters@84@@Z 0040389e f   umodsys_lib_basesys:umodsys.base.rmodule.obj
 0001:00002990       ?reg_generator@RModule@rsystem@base@UModSys@@QAE_NPAUModuleObjInfo@1234@PAUIGenerator@34@@Z 00403990 f   umodsys_lib_basesys:umodsys.base.rmodule.obj
 0001:00002aff       ?reg_obj@RModule@rsystem@base@UModSys@@QAEPAUModuleObjInfo@1234@PAUIModObject@34@@Z 00403aff f   umodsys_lib_basesys:umodsys.base.rmodule.obj
 0001:00002c03       ?unreg_obj@RModule@rsystem@base@UModSys@@QAE_NPAUIModObject@34@@Z 00403c03 f   umodsys_lib_basesys:umodsys.base.rmodule.obj
 0001:00002c95       ?alloc_minfo@RModule@rsystem@base@UModSys@@QAE_NABUSModuleInfo@34@@Z 00403c95 f   umodsys_lib_basesys:umodsys.base.rmodule.obj
 0001:00002d08       ?save_db@RModule@rsystem@base@UModSys@@QAE_NPAU_iobuf@@@Z 00403d08 f   umodsys_lib_basesys:umodsys.base.rmodule.obj
 0001:00002e83       ??0RModule@rsystem@base@UModSys@@QAE@PAURModuleLibrary@123@PAUIModuleReg@23@@Z 00403e83 f   umodsys_lib_basesys:umodsys.base.rmodule.obj
 0001:00002f0b       ??_ERModule@rsystem@base@UModSys@@UAEPAXI@Z 00403f0b f i  CIL library: CIL module
 0001:00002f0b       ??_GRModule@rsystem@base@UModSys@@UAEPAXI@Z 00403f0b f i umodsys_lib_basesys:umodsys.base.rmodule.obj
 0001:00002f55       ?ref_add@RModule@rsystem@base@UModSys@@UBEXXZ 00403f55 f   umodsys_lib_basesys:umodsys.base.rmodule.obj
 0001:00002f59       ?ref_remove@RModule@rsystem@base@UModSys@@UBEXXZ 00403f59 f   umodsys_lib_basesys:umodsys.base.rmodule.obj
 0001:00002f64       ?ref_links@RModule@rsystem@base@UModSys@@UBEHXZ 00403f64 f   umodsys_lib_basesys:umodsys.base.rmodule.obj
 0001:00002f68       ??1?$TArray@UModuleObjInfo@RModule@rsystem@base@UModSys@@U?$TAllocator@USMemAlloc_Malloc@core@UModSys@@USCountCalcPower2@23@@tl@5@@tl@UModSys@@QAE@XZ 00403f68 f i umodsys_lib_basesys:umodsys.base.rmodule.obj
 0001:00002f88       ??1?$TArray@UGeneratedObjInfo@RModule@rsystem@base@UModSys@@U?$TAllocator@USMemAlloc_Malloc@core@UModSys@@USCountCalcPower2@23@@tl@5@@tl@UModSys@@QAE@XZ 00403f88 f i umodsys_lib_basesys:umodsys.base.rmodule.obj
 0001:00002fa8       ??1?$TArray@PBUSUniquePointerInfo@core@UModSys@@U?$TAllocator@USMemAlloc_Malloc@core@UModSys@@USCountCalcPower2@23@@tl@3@@tl@UModSys@@QAE@XZ 00403fa8 f i umodsys_lib_basesys:umodsys.base.rmodule.obj
 0001:00002fc8       ?resize@?$TArray@UModuleObjInfo@RModule@rsystem@base@UModSys@@U?$TAllocator@USMemAlloc_Malloc@core@UModSys@@USCountCalcPower2@23@@tl@5@@tl@UModSys@@QAE_NI@Z 00403fc8 f i umodsys_lib_basesys:umodsys.base.rmodule.obj
 0001:00003044       ?resize@?$TArray@UGeneratedObjInfo@RModule@rsystem@base@UModSys@@U?$TAllocator@USMemAlloc_Malloc@core@UModSys@@USCountCalcPower2@23@@tl@5@@tl@UModSys@@QAE_NI@Z 00404044 f i umodsys_lib_basesys:umodsys.base.rmodule.obj
 0001:000030b4       ?resize@?$TArray@PBUSUniquePointerInfo@core@UModSys@@U?$TAllocator@USMemAlloc_Malloc@core@UModSys@@USCountCalcPower2@23@@tl@3@@tl@UModSys@@QAE_NI@Z 004040b4 f i umodsys_lib_basesys:umodsys.base.rmodule.obj
 0001:000030fd       ??1IModuleLoader@base@UModSys@@UAE@XZ 004040fd f   umodsys_lib_base:umodsys.base.moduleloader.obj
 0001:00003104       ??1IModule@base@UModSys@@UAE@XZ 00404104 f   umodsys_lib_base:umodsys.base.module.obj
 0001:00003104       ??1IModuleLibrary@base@UModSys@@UAE@XZ 00404104 f   umodsys_lib_base:umodsys.base.module.obj
 0001:00003104       ??1ISystem@base@UModSys@@UAE@XZ 00404104 f   umodsys_lib_base:umodsys.base.system.obj
 0001:0000310b       ??0SUniquePointer@core@UModSys@@QAE@PBD0H@Z 0040410b f   umodsys_lib_core:umodsys.core.uniqueptr.obj
 0001:0000314b       ??1SUniquePointer@core@UModSys@@QAE@XZ 0040414b f   umodsys_lib_core:umodsys.core.uniqueptr.obj
 0001:00003169       ?c_fopen@syshlp@core@UModSys@@YAPAU_iobuf@@PBD0@Z 00404169 f   umodsys_lib_core:umodsys.core.syshlp_files.win32.obj
 0001:000031d7       ?gracial_cpy@syshlp@core@UModSys@@YA_NPADHQAPBDH@Z 004041d7 f   umodsys_lib_core:umodsys.core.syshlp_chars.win32.obj
 0001:0000325a       ?gracial_cpy@syshlp@core@UModSys@@YA_NPA_WHQAPB_WH@Z 0040425a f   umodsys_lib_core:umodsys.core.syshlp_chars.win32.obj
 0001:000032ea       ?path_uni_os@syshlp@core@UModSys@@YAXPA_W@Z 004042ea f   umodsys_lib_core:umodsys.core.syshlp_chars.win32.obj
 0001:00003301       ?gracial_convert@syshlp@core@UModSys@@YA_NPA_WHPBDH@Z 00404301 f   umodsys_lib_core:umodsys.core.syshlp_charcode.win32.obj
 0001:0000332e       ?gracial_convert@syshlp@core@UModSys@@YA_NPADHPB_WH@Z 0040432e f   umodsys_lib_core:umodsys.core.syshlp_charcode.win32.obj
 0001:0000335e       __onexit                   0040435e f   MSVCRT:atonexit.obj
 0001:00003403       _atexit                    00404403 f   MSVCRT:atonexit.obj
 0001:000036bc       _mainCRTStartup            004046bc f   MSVCRT:crtexe.obj
 0001:000036c6       __purecall                 004046c6 f   MSVCRT:MSVCR90.dll
 0001:000036cc       ??3@YAXPAX@Z               004046cc f   MSVCRT:MSVCR90.dll
 0001:000036d2       ??_Etype_info@@UAEPAXI@Z   004046d2 f i MSVCRT:ti_inst.obj
 0001:0000371e       ??2@YAPAXI@Z               0040471e f   MSVCRT:MSVCR90.dll
 0001:00003724       __unlock                   00404724 f   MSVCRT:MSVCR90.dll
 0001:0000372a       ___dllonexit               0040472a f   MSVCRT:MSVCR90.dll
 0001:00003730       __lock                     00404730 f   MSVCRT:MSVCR90.dll
 0001:00003738       __SEH_prolog4              00404738 f   MSVCRT:sehprolg4.obj
 0001:0000377d       __SEH_epilog4              0040477d f   MSVCRT:sehprolg4.obj
 0001:00003791       __except_handler4          00404791 f   MSVCRT:chandler4gs.obj
 0001:000037b6       ?__CxxUnhandledExceptionFilter@@YGJPAU_EXCEPTION_POINTERS@@@Z 004047b6 f   MSVCRT:unhandld.obj
 0001:000037f8       ___CxxSetUnhandledExceptionFilter 004047f8 f   MSVCRT:unhandld.obj
 0001:00003806       __amsg_exit                00404806 f   MSVCRT:MSVCR90.dll
 0001:0000380c       __RTC_Initialize           0040480c f   MSVCRT:_initsect_.obj
 0001:00003832       __RTC_Terminate            00404832 f   MSVCRT:_initsect_.obj
 0001:00003858       __XcptFilter               00404858 f   MSVCRT:MSVCR90.dll
 0001:00003860       __ValidateImageBase        00404860 f   MSVCRT:pesect.obj
 0001:000038a0       __FindPESection            004048a0 f   MSVCRT:pesect.obj
 0001:000038f0       __IsNonwritableInCurrentImage 004048f0 f   MSVCRT:pesect.obj
 0001:000039ae       __initterm                 004049ae f   MSVCRT:MSVCR90.dll
 0001:000039b4       __initterm_e               004049b4 f   MSVCRT:MSVCR90.dll
 0001:000039ba       __setdefaultprecision      004049ba f   MSVCRT:fp8.obj
 0001:000039e5       ___security_init_cookie    004049e5 f   MSVCRT:gs_support.obj
 0001:00003a7b       ?__ArrayUnwind@@YGXPAXIHP6EX0@Z@Z 00404a7b f   MSVCRT:ehvecdtr.obj
 0001:00003ad9       ??_M@YGXPAXIHP6EX0@Z@Z     00404ad9 f   MSVCRT:ehvecdtr.obj
 0001:00003b3c       @__security_check_cookie@4 00404b3c f   MSVCRT:secchk.obj
 0001:00003b4c       __except_handler4_common   00404b4c f   MSVCRT:MSVCR90.dll
 0001:00003b52       ?terminate@@YAXXZ          00404b52 f   MSVCRT:MSVCR90.dll
 0001:00003b58       __invoke_watson            00404b58 f   MSVCRT:MSVCR90.dll
 0001:00003b5e       __controlfp_s              00404b5e f   MSVCRT:MSVCR90.dll
 0001:00003b64       ??1type_info@@UAE@XZ       00404b64 f   MSVCRT:MSVCR90.dll
 0001:00003b64       ?_type_info_dtor_internal_method@type_info@@QAEXXZ 00404b64 f   MSVCRT:MSVCR90.dll
 0001:00003b6a       ___report_gsfailure        00404b6a f   MSVCRT:gs_report.obj
 0001:00003c70       __crt_debugger_hook        00404c70 f   MSVCRT:MSVCR90.dll
 0001:00003c76       _memcpy                    00404c76 f   MSVCRT:MSVCR90.dll
 0001:00003c80       __alloca_probe             00404c80     MSVCRT:chkstk.obj
 0001:00003c80       __chkstk                   00404c80 f   MSVCRT:chkstk.obj
 0001:00003cac       ___CxxFrameHandler3        00404cac f   MSVCRT:MSVCR90.dll
 0001:00003cb4       __EH_prolog                00404cb4 f   MSVCRT:ehprolog.obj
 0002:00000000       __imp__UnhandledExceptionFilter@4 00406000     kernel32:KERNEL32.dll
 0002:00000004       __imp__GetCurrentProcess@0 00406004     kernel32:KERNEL32.dll
 0002:00000008       __imp__TerminateProcess@8  00406008     kernel32:KERNEL32.dll
 0002:0000000c       __imp__GetSystemTimeAsFileTime@4 0040600c     kernel32:KERNEL32.dll
 0002:00000010       __imp__GetCurrentProcessId@0 00406010     kernel32:KERNEL32.dll
 0002:00000014       __imp__GetCurrentThreadId@0 00406014     kernel32:KERNEL32.dll
 0002:00000018       __imp__GetTickCount@0      00406018     kernel32:KERNEL32.dll
 0002:0000001c       __imp__QueryPerformanceCounter@4 0040601c     kernel32:KERNEL32.dll
 0002:00000020       __imp__SetUnhandledExceptionFilter@4 00406020     kernel32:KERNEL32.dll
 0002:00000024       __imp__InterlockedCompareExchange@12 00406024     kernel32:KERNEL32.dll
 0002:00000028       __imp__Sleep@4             00406028     kernel32:KERNEL32.dll
 0002:0000002c       __imp__InterlockedExchange@8 0040602c     kernel32:KERNEL32.dll
 0002:00000030       __imp__MultiByteToWideChar@24 00406030     kernel32:KERNEL32.dll
 0002:00000034       __imp__WideCharToMultiByte@32 00406034     kernel32:KERNEL32.dll
 0002:00000038       __imp__FindNextFileW@8     00406038     kernel32:KERNEL32.dll
 0002:0000003c       __imp__FindClose@4         0040603c     kernel32:KERNEL32.dll
 0002:00000040       __imp__GetProcAddress@8    00406040     kernel32:KERNEL32.dll
 0002:00000044       __imp__LoadLibraryExW@12   00406044     kernel32:KERNEL32.dll
 0002:00000048       __imp__FreeLibrary@4       00406048     kernel32:KERNEL32.dll
 0002:0000004c       __imp__SetErrorMode@4      0040604c     kernel32:KERNEL32.dll
 0002:00000050       __imp__FindFirstFileW@8    00406050     kernel32:KERNEL32.dll
 0002:00000054       __imp__GetFullPathNameW@16 00406054     kernel32:KERNEL32.dll
 0002:00000058       __imp__IsDebuggerPresent@0 00406058     kernel32:KERNEL32.dll
 0002:0000005c       \177KERNEL32_NULL_THUNK_DATA 0040605c     kernel32:KERNEL32.dll
 0002:00000060       __imp___exit               00406060     MSVCRT:MSVCR90.dll
 0002:00000064       __imp___XcptFilter         00406064     MSVCRT:MSVCR90.dll
 0002:00000068       __imp__exit                00406068     MSVCRT:MSVCR90.dll
 0002:0000006c       __imp____initenv           0040606c     MSVCRT:MSVCR90.dll
 0002:00000070       __imp___initterm           00406070     MSVCRT:MSVCR90.dll
 0002:00000074       __imp___initterm_e         00406074     MSVCRT:MSVCR90.dll
 0002:00000078       __imp___configthreadlocale 00406078     MSVCRT:MSVCR90.dll
 0002:0000007c       __imp____setusermatherr    0040607c     MSVCRT:MSVCR90.dll
 0002:00000080       __imp___adjust_fdiv        00406080     MSVCRT:MSVCR90.dll
 0002:00000084       __imp___cexit              00406084     MSVCRT:MSVCR90.dll
 0002:00000088       __imp____p__fmode          00406088     MSVCRT:MSVCR90.dll
 0002:0000008c       __imp____set_app_type      0040608c     MSVCRT:MSVCR90.dll
 0002:00000090       __imp___except_handler4_common 00406090     MSVCRT:MSVCR90.dll
 0002:00000094       __imp_?terminate@@YAXXZ    00406094     MSVCRT:MSVCR90.dll
 0002:00000098       __imp___invoke_watson      00406098     MSVCRT:MSVCR90.dll
 0002:0000009c       __imp___controlfp_s        0040609c     MSVCRT:MSVCR90.dll
 0002:000000a0       __imp_?_type_info_dtor_internal_method@type_info@@QAEXXZ 004060a0     MSVCRT:MSVCR90.dll
 0002:000000a4       __imp___crt_debugger_hook  004060a4     MSVCRT:MSVCR90.dll
 0002:000000a8       __imp____getmainargs       004060a8     MSVCRT:MSVCR90.dll
 0002:000000ac       __imp___amsg_exit          004060ac     MSVCRT:MSVCR90.dll
 0002:000000b0       __imp___decode_pointer     004060b0     MSVCRT:MSVCR90.dll
 0002:000000b4       __imp___onexit             004060b4     MSVCRT:MSVCR90.dll
 0002:000000b8       __imp___lock               004060b8     MSVCRT:MSVCR90.dll
 0002:000000bc       __imp___encode_pointer     004060bc     MSVCRT:MSVCR90.dll
 0002:000000c0       __imp____dllonexit         004060c0     MSVCRT:MSVCR90.dll
 0002:000000c4       __imp___unlock             004060c4     MSVCRT:MSVCR90.dll
 0002:000000c8       __imp___wfopen             004060c8     MSVCRT:MSVCR90.dll
 0002:000000cc       __imp__realloc             004060cc     MSVCRT:MSVCR90.dll
 0002:000000d0       __imp__fprintf             004060d0     MSVCRT:MSVCR90.dll
 0002:000000d4       __imp__strncpy             004060d4     MSVCRT:MSVCR90.dll
 0002:000000d8       __imp__malloc              004060d8     MSVCRT:MSVCR90.dll
 0002:000000dc       __imp__strncmp             004060dc     MSVCRT:MSVCR90.dll
 0002:000000e0       __imp__memmove             004060e0     MSVCRT:MSVCR90.dll
 0002:000000e4       __imp_??2@YAPAXI@Z         004060e4     MSVCRT:MSVCR90.dll
 0002:000000e8       __imp__free                004060e8     MSVCRT:MSVCR90.dll
 0002:000000ec       __imp__fclose              004060ec     MSVCRT:MSVCR90.dll
 0002:000000f0       __imp__vfprintf            004060f0     MSVCRT:MSVCR90.dll
 0002:000000f4       __imp_??3@YAXPAX@Z         004060f4     MSVCRT:MSVCR90.dll
 0002:000000f8       __imp___purecall           004060f8     MSVCRT:MSVCR90.dll
 0002:000000fc       __imp____p__commode        004060fc     MSVCRT:MSVCR90.dll
 0002:00000100       __imp____iob_func          00406100     MSVCRT:MSVCR90.dll
 0002:00000104       __imp__memcpy              00406104     MSVCRT:MSVCR90.dll
 0002:00000108       __imp____CxxFrameHandler3  00406108     MSVCRT:MSVCR90.dll
 0002:0000010c       \177MSVCR90_NULL_THUNK_DATA 0040610c     MSVCRT:MSVCR90.dll
 0002:00000110       ___xc_a                    00406110     MSVCRT:cinitexe.obj
 0002:00000168       ___xc_z                    00406168     MSVCRT:cinitexe.obj
 0002:0000016c       ___xi_a                    0040616c     MSVCRT:cinitexe.obj
 0002:00000178       ___xi_z                    00406178     MSVCRT:cinitexe.obj
 0002:00000184       ??_7type_info@@6B@         00406184     MSVCRT:ti_inst.obj
 0002:00000190       ??_C@_0P@GHFPNOJB@bad?5allocation?$AA@ 00406190     umodsys.c_main.obj
 0002:000001a0       ??_C@_0BF@OCNNAADO@UModSys?3?3core?3?3IRoot?$AA@ 004061a0     umodsys.c_main.obj
 0002:000001b8       ??_C@_0BK@EMIJFOPA@UModSys?3?3core?3?3IRefObject?$AA@ 004061b8     umodsys.c_main.obj
 0002:000001d4       ??_C@_0BL@IOMMHELF@UModSys?3?3core?3?3IParameters?$AA@ 004061d4     umodsys.c_main.obj
 0002:000001f0       ??_C@_0BI@IKAOEFAP@UModSys?3?3base?3?3IConsole?$AA@ 004061f0     umodsys.c_main.obj
 0002:00000208       ??_C@_0BH@LKDEEPPM@UModSys?3?3base?3?3IModule?$AA@ 00406208     umodsys.c_main.obj
 0002:00000220       ??_C@_0BO@PHJOHFCB@UModSys?3?3base?3?3IModuleLibrary?$AA@ 00406220     umodsys.c_main.obj
 0002:00000240       ??_C@_0O@OKKJDILE@base?3?3ISystem?$AA@ 00406240     umodsys.c_main.obj
 0002:00000250       ??_C@_0BK@FDPIOPHG@UModSys?3?3base?3?3IModObject?$AA@ 00406250     umodsys.c_main.obj
 0002:0000026c       ??_C@_0BK@OIBKNCKJ@UModSys?3?3base?3?3IGenerator?$AA@ 0040626c     umodsys.c_main.obj
 0002:00000288       ??_C@_0BG@PJBGCMEC@UModSys?3?3base?3?3IShell?$AA@ 00406288     umodsys.c_main.obj
 0002:000002a0       ??_C@_0CA@MDFMKLLN@UModSys?3?3base?3?3rsystem?3?3RModule?$AA@ 004062a0     umodsys.c_main.obj
 0002:000002c0       ??_C@_0CH@CHECIBOC@UModSys?3?3base?3?3rsystem?3?3RModuleL@ 004062c0     umodsys.c_main.obj
 0002:000002e8       ??_C@_0CE@IHGMMEEA@UModSys?3?3base?3?3rsystem?3?3RParamet@ 004062e8     umodsys.c_main.obj
 0002:0000030c       ??_C@_0CA@IMEGDANI@UModSys?3?3base?3?3rsystem?3?3RSystem?$AA@ 0040630c     umodsys.c_main.obj
 0002:0000032c       ??_C@_0CF@KIMLNODL@UModSys?3?3base?3?3rsystem?3?3RConsole@ 0040632c     umodsys.c_main.obj
 0002:00000354       ??_C@_0M@DCEPEPFJ@umodsys?4log?$AA@ 00406354     umodsys.c_main.obj
 0002:00000360       ??_C@_00CNPNBAHC@?$AA@     00406360     umodsys.c_main.obj
 0002:00000364       ??_C@_01NBENCBCI@?$CK?$AA@ 00406364     umodsys.c_main.obj
 0002:00000368       ??_C@_0BC@JABDEAFI@moduledb?4conf?9hdb?$AA@ 00406368     umodsys.c_main.obj
 0002:0000037c       ??_C@_08FCBDOIAH@typeinfo?$AA@ 0040637c     umodsys.c_main.obj
 0002:00000388       ??_C@_02BKFDOEMK@wt?$AA@   00406388     umodsys_lib_basesys:umodsys.base.rconsole_std.obj
 0002:00000390       ??_7IRoot@core@UModSys@@6B@ 00406390     umodsys_lib_basesys:umodsys.base.rconsole_std.obj
 0002:000003ac       ??_7RConsole_std@rsystem@base@UModSys@@6B@ 004063ac     umodsys_lib_basesys:umodsys.base.rconsole_std.obj
 0002:000003e8       ??_C@_0BB@KFMJENMO@RSystem?3?3init?$CI?$CJ?6?$AA@ 004063e8     umodsys_lib_basesys:umodsys.base.rsystem_main.obj
 0002:000003fc       ??_C@_0CJ@KIAHLKGB@RSystem?3?3init?$CI?$CJ?5?9?9?5dump?5upi?5?$HLS?3?$CF@ 004063fc     umodsys_lib_basesys:umodsys.base.rsystem_main.obj
 0002:00000428       ??_C@_09GLKDMIIA@upi?5NULL?6?$AA@ 00406428     umodsys_lib_basesys:umodsys.base.rsystem_main.obj
 0002:00000434       ??_C@_0BD@BNEJEANG@upi?$HL?$CFs?5?$CFs?$CI?$CFd?$CJ?5?$CFp?$HN?6?$AA@ 00406434     umodsys_lib_basesys:umodsys.base.rsystem_main.obj
 0002:00000448       ??_C@_0BO@JFPNIIPK@RSystem?3?3init?$CI?$CJ?5?9?9?5?1dump?5upi?6?$AA@ 00406448     umodsys_lib_basesys:umodsys.base.rsystem_main.obj
 0002:00000468       ??_C@_0BI@FKDCNCM@RSystem?3?3exec_args?$CI?$CFd?$CJ?6?$AA@ 00406468     umodsys_lib_basesys:umodsys.base.rsystem_main.obj
 0002:00000480       ??_C@_0BG@NFAKDFBG@RSystem?3?3exec_main?$CI?$CJ?6?$AA@ 00406480     umodsys_lib_basesys:umodsys.base.rsystem_main.obj
 0002:00000498       ??_C@_0BD@CKNOJECK@RSystem?3?3deinit?$CI?$CJ?6?$AA@ 00406498     umodsys_lib_basesys:umodsys.base.rsystem_main.obj
 0002:000004b0       ??_7RSystem@rsystem@base@UModSys@@6BISystem@23@@ 004064b0     umodsys_lib_basesys:umodsys.base.rsystem_main.obj
 0002:000004ec       ??_7RSystem@rsystem@base@UModSys@@6BIUniquePointerResolver@core@3@@ 004064ec     umodsys_lib_basesys:umodsys.base.rsystem_main.obj
 0002:000004f8       ??_7RSystem@rsystem@base@UModSys@@6BISourceContextAdapter@core@3@@ 004064f8     umodsys_lib_basesys:umodsys.base.rsystem_main.obj
 0002:000004fc       ??_C@_0BC@NNHIIPO@shells?5found?3?5?$CFd?6?$AA@ 004064fc     umodsys_lib_basesys:umodsys.base.rsystem_tests.obj
 0002:00000510       ??_C@_0BA@EBBPOIJG@?5?5shell?3?5?$CFp?5?$CFs?6?$AA@ 00406510     umodsys_lib_basesys:umodsys.base.rsystem_tests.obj
 0002:00000520       ??_C@_0BF@JPMHOAKE@?5?5?5?5shell?5gen?5error?6?$AA@ 00406520     umodsys_lib_basesys:umodsys.base.rsystem_tests.obj
 0002:00000538       ??_C@_0BL@NANLGMEE@?5?5?5?5shell?5generated?5as?5?$CFp?6?$AA@ 00406538     umodsys_lib_basesys:umodsys.base.rsystem_tests.obj
 0002:00000554       ??_C@_0BD@NFNPGOAG@?1shells?5found?3?5?$CFd?6?$AA@ 00406554     umodsys_lib_basesys:umodsys.base.rsystem_tests.obj
 0002:00000568       ??_C@_0DG@DMGFJEPO@RModuleLoader?3?3moduledb_cleanup?$CI@ 00406568     umodsys_lib_basesys:umodsys.base.rmoduleloader.obj
 0002:000005a0       ??_C@_02GMLFBBN@wb?$AA@    004065a0     umodsys_lib_basesys:umodsys.base.rmoduleloader.obj
 0002:000005a4       ??_C@_0BN@BDEAMLC@?$CD?5LIST?5OF?5LIBRARY?5MODULES?3?6?6?$AA@ 004065a4     umodsys_lib_basesys:umodsys.base.rmoduleloader.obj
 0002:000005c4       ??_C@_0BF@PLOHEFDA@?5?$HL?5mod_list?$DN?$CFd?3?$FL?$FN?5?$HN?6?$AA@ 004065c4     umodsys_lib_basesys:umodsys.base.rmoduleloader.obj
 0002:000005e4       ??_7IModuleLoader@base@UModSys@@6B@ 004065e4     umodsys_lib_basesys:umodsys.base.rmoduleloader.obj
 0002:00000624       ??_7RModuleLoader@rsystem@base@UModSys@@6B@ 00406624     umodsys_lib_basesys:umodsys.base.rmoduleloader.obj
 0002:00000664       ??_7RParameters@rsystem@base@UModSys@@6B@ 00406664     umodsys_lib_basesys:umodsys.base.rparameters.obj
 0002:000006cc       ??_C@_0BJ@IHGOMCFA@_UModSys_Plugin_Entry2?$EA0?$AA@ 004066cc     umodsys_lib_basesys:umodsys.base.rmodule.win32.obj
 0002:000006e8       ??_C@_0CI@IABKIJLA@?5?5?5?5?5?5?5?5?5?5load?5so?$CI?$CC?$CFs?$CC?$CJ?5?$HL?$CFp?0?5?$CFp?$HN@ 004066e8     umodsys_lib_basesys:umodsys.base.rmodule.win32.obj
 0002:00000710       ??_C@_0BP@EBMDLOGD@?5?5?5?5?5?5?5?5?5?5unload?5so?$CI?$HL?$CFp?0?5?$CFp?$HN?$CJ?6?$AA@ 00406710     umodsys_lib_basesys:umodsys.base.rmodule.win32.obj
 0002:00000730       ??_C@_0BB@GJHPNFEC@scan?5so?3?5?$CC?$CFs?$CFs?$CC?6?$AA@ 00406730     umodsys_lib_basesys:umodsys.base.rmodule.win32.obj
 0002:00000744       ??_C@_0N@LFKMDJGP@?5?5so?3?5?$CC?$CFls?$CC?6?$AA@ 00406744     umodsys_lib_basesys:umodsys.base.rmodule.win32.obj
 0002:00000754       ??_C@_0BC@GMLCPHOK@?1scan?5so?3?5?$CC?$CFs?$CFs?$CC?6?$AA@ 00406754     umodsys_lib_basesys:umodsys.base.rmodule.win32.obj
 0002:00000768       ??_C@_04HLONOPDM@?4dll?$AA@ 00406768     umodsys_lib_basesys:umodsys.base.rmodule.win32.obj
 0002:00000770       ??_C@_0CK@FNJGHFOD@RModuleLibrary?$CI?$CFp?$CJ?3?3link?$CI?$CJ?5?9?9?5ad@ 00406770     umodsys_lib_basesys:umodsys.base.rmodulelib.obj
 0002:0000079c       ??_C@_0BA@LBGMEMKJ@LIBRARY?5?$CC?$CFs?$CC?5?$HL?6?$AA@ 0040679c     umodsys_lib_basesys:umodsys.base.rmodulelib.obj
 0002:000007ac       ??_C@_0BH@CLNAAMEM@?$HN?5?$CD?5END?5LIBRARY?5?$CC?$CFs?$CC?6?6?$AA@ 004067ac     umodsys_lib_basesys:umodsys.base.rmodulelib.obj
 0002:000007c4       ??_C@_0M@KEHKBKEH@?5?5so?3?5?$CC?$CFs?$CC?6?$AA@ 004067c4     umodsys_lib_basesys:umodsys.base.rmodulelib.obj
 0002:000007d0       ??_C@_0BF@IKAEAMGP@?5?5?5?5so?5loaded?3?5?$CC?$CFs?$CC?6?$AA@ 004067d0     umodsys_lib_basesys:umodsys.base.rmodulelib.obj
 0002:000007e8       ??_C@_0O@MCPOKEFF@?5?5?5?5so?5added?6?$AA@ 004067e8     umodsys_lib_basesys:umodsys.base.rmodulelib.obj
 0002:000007f8       ??_C@_0BE@BFONLBBI@?5?5?5?5so?5dup?5with?5?$CFd?6?$AA@ 004067f8     umodsys_lib_basesys:umodsys.base.rmodulelib.obj
 0002:00000814       ??_7RModuleLibrary@rsystem@base@UModSys@@6B@ 00406814     umodsys_lib_basesys:umodsys.base.rmodulelib.obj
 0002:00000864       ??_C@_0BF@KDHHIHAN@RModule?$CI?$CFp?$CJ?3?3open?$CI?$CJ?6?$AA@ 00406864     umodsys_lib_basesys:umodsys.base.rmodule.obj
 0002:0000087c       ??_C@_0BG@HADBHJOP@RModule?$CI?$CFp?$CJ?3?3close?$CI?$CJ?6?$AA@ 0040687c     umodsys_lib_basesys:umodsys.base.rmodule.obj
 0002:00000894       ??_C@_0BK@FNONNOFM@RModule?$CI?$CFp?$CJ?3?3?5pre?9loaded?6?$AA@ 00406894     umodsys_lib_basesys:umodsys.base.rmodule.obj
 0002:000008b0       ??_C@_0CE@HBBEEAED@RModule?$CI?$CFp?$CJ?3?3generate?$CI?$CJ?5?$HL?5gen?$DN?$CFp@ 004068b0     umodsys_lib_basesys:umodsys.base.rmodule.obj
 0002:000008d4       ??_C@_0DL@FHDKGKAD@RModule?$CI?$CFp?$CJ?3?3reg_generator?$CI?$CFs?5?$CFp@ 004068d4     umodsys_lib_basesys:umodsys.base.rmodule.obj
 0002:00000910       ??_C@_0DL@ECFHLNEB@RModule?$CI?$CFp?$CJ?3?3reg_generator?$CI?$CFs?5?$CFp@ 00406910     umodsys_lib_basesys:umodsys.base.rmodule.obj
 0002:0000094c       ??_C@_0DI@EBNLDEPD@RModule?$CI?$CFp?$CJ?3?3reg_obj?$CI?$CFs?5?$CFp?$CJ?5?9?9?5?$HL@ 0040694c     umodsys_lib_basesys:umodsys.base.rmodule.obj
 0002:00000988       ??_C@_0GC@IAELDHPB@RModule?$CI?$CFp?$CJ?3?3reg_obj?$CI?$CFs?5?$CFp?$CJ?5?9?9?5i@ 00406988     umodsys_lib_basesys:umodsys.base.rmodule.obj
 0002:000009ec       ??_C@_0CM@JCLMIGEB@RModule?$CI?$CFp?$CJ?3?3reg_obj?$CI?$CFs?5?$CFp?$CJ?5?9?9?5a@ 004069ec     umodsys_lib_basesys:umodsys.base.rmodule.obj
 0002:00000a18       ??_C@_0DK@NJCECDIC@RModule?$CI?$CFp?$CJ?3?3unreg_obj?$CI?$CFs?5?$CFp?$CJ?5?9?9@ 00406a18     umodsys_lib_basesys:umodsys.base.rmodule.obj
 0002:00000a58       ??_C@_0GE@MGLAJHFG@RModule?$CI?$CFp?$CJ?3?3unreg_obj?$CI?$CFs?5?$CFp?$CJ?5?9?9@ 00406a58     umodsys_lib_basesys:umodsys.base.rmodule.obj
 0002:00000abc       ??_C@_0CO@DAMPCAGA@RModule?3?3alloc_minfo?$CI?$HL?$CC?$CFs?$CC?0?5?$CC?$CFs?$CC@ 00406abc     umodsys_lib_basesys:umodsys.base.rmodule.obj
 0002:00000aec       ??_C@_0BG@HANHHGHE@?5?5MODULE?5?$CFs?$CI?$CFd?0?$CFd?$CJ?5?$HL?6?$AA@ 00406aec     umodsys_lib_basesys:umodsys.base.rmodule.obj
 0002:00000b04       ??_C@_0CI@FMDENPAM@RModule?$CI?$CFp?$CJ?3?3save_db?$CI?4?4?4?$CJ?5?9?9?5?$HL?5?$CF@ 00406b04     umodsys_lib_basesys:umodsys.base.rmodule.obj
 0002:00000b2c       ??_C@_0BN@CFNKPKCH@?5?5?5?5MODOBJECT?5?$CFs?$CI?$CFd?$CJ?5?$CFs?$CI?$CFd?$CJ?6?$AA@ 00406b2c     umodsys_lib_basesys:umodsys.base.rmodule.obj
 0002:00000b4c       ??_C@_0BP@BJFGMFNK@?5?5?5?5GENERATOR?5?$CFs?$CI?$CFd?$CJ?5?$CFs?$CI?$CFd?$CJ?5?$HL?6?$AA@ 00406b4c     umodsys_lib_basesys:umodsys.base.rmodule.obj
 0002:00000b6c       ??_C@_0BK@DNNMLLHP@?5?5?5?5?5?5REFOBJECT?5?$CFs?$CI?$CFd?$CJ?5?$HL?6?$AA@ 00406b6c     umodsys_lib_basesys:umodsys.base.rmodule.obj
 0002:00000b88       ??_C@_0BF@CJPCFEEB@?5?5?5?5?5?5?5?5TYPE?5?$CFs?$CI?$CFd?$CJ?6?$AA@ 00406b88     umodsys_lib_basesys:umodsys.base.rmodule.obj
 0002:00000ba0       ??_C@_0BM@PFPEFHDC@?5?5?5?5?5?5?$HN?5?$CD?5REFOBJECT?5?$CFs?$CI?$CFd?$CJ?6?$AA@ 00406ba0     umodsys_lib_basesys:umodsys.base.rmodule.obj
 0002:00000bbc       ??_C@_0CB@PCDHJLII@?5?5?5?5?$HN?5?$CD?5GENERATOR?5?$CFs?$CI?$CFd?$CJ?5?$CFs?$CI?$CFd?$CJ?6@ 00406bbc     umodsys_lib_basesys:umodsys.base.rmodule.obj
 0002:00000be0       ??_C@_0BI@OGBPJMLO@?5?5?$HN?5?$CD?5MODULE?5?$CFs?$CI?$CFd?0?$CFd?$CJ?6?$AA@ 00406be0     umodsys_lib_basesys:umodsys.base.rmodule.obj
 0002:00000bfc       ??_7RModule@rsystem@base@UModSys@@6B@ 00406bfc     umodsys_lib_basesys:umodsys.base.rmodule.obj
 0002:00000c48       __load_config_used         00406c48     MSVCRT:loadcfg.obj
 0002:00000c90       ??_R4type_info@@6B@        00406c90     MSVCRT:ti_inst.obj
 0002:00000ca4       ??_R3type_info@@8          00406ca4     MSVCRT:ti_inst.obj
 0002:00000cb4       ??_R2type_info@@8          00406cb4     MSVCRT:ti_inst.obj
 0002:00000cbc       ??_R1A@?0A@EA@type_info@@8 00406cbc     MSVCRT:ti_inst.obj
 0002:00000cd8       ??_R4RConsole_std@rsystem@base@UModSys@@6B@ 00406cd8     umodsys_lib_basesys:umodsys.base.rconsole_std.obj
 0002:00000cec       ??_R3RConsole_std@rsystem@base@UModSys@@8 00406cec     umodsys_lib_basesys:umodsys.base.rconsole_std.obj
 0002:00000cfc       ??_R2RConsole_std@rsystem@base@UModSys@@8 00406cfc     umodsys_lib_basesys:umodsys.base.rconsole_std.obj
 0002:00000d10       ??_R1A@?0A@EA@RConsole_std@rsystem@base@UModSys@@8 00406d10     umodsys_lib_basesys:umodsys.base.rconsole_std.obj
 0002:00000d2c       ??_R3IConsole@base@UModSys@@8 00406d2c     umodsys_lib_basesys:umodsys.base.rconsole_std.obj
 0002:00000d3c       ??_R2IConsole@base@UModSys@@8 00406d3c     umodsys_lib_basesys:umodsys.base.rconsole_std.obj
 0002:00000d4c       ??_R1A@?0A@EA@IConsole@base@UModSys@@8 00406d4c     umodsys_lib_basesys:umodsys.base.rconsole_std.obj
 0002:00000d68       ??_R3IRefObject@core@UModSys@@8 00406d68     umodsys_lib_basesys:umodsys.base.rconsole_std.obj
 0002:00000d78       ??_R2IRefObject@core@UModSys@@8 00406d78     umodsys_lib_basesys:umodsys.base.rconsole_std.obj
 0002:00000d84       ??_R1A@?0A@EA@IRefObject@core@UModSys@@8 00406d84     umodsys_lib_basesys:umodsys.base.rconsole_std.obj
 0002:00000da0       ??_R4IRoot@core@UModSys@@6B@ 00406da0     umodsys_lib_basesys:umodsys.base.rconsole_std.obj
 0002:00000db4       ??_R3IRoot@core@UModSys@@8 00406db4     umodsys_lib_basesys:umodsys.base.rconsole_std.obj
 0002:00000dc4       ??_R2IRoot@core@UModSys@@8 00406dc4     umodsys_lib_basesys:umodsys.base.rconsole_std.obj
 0002:00000dcc       ??_R1A@?0A@EA@IRoot@core@UModSys@@8 00406dcc     umodsys_lib_basesys:umodsys.base.rconsole_std.obj
 0002:00000de8       ??_R4RSystem@rsystem@base@UModSys@@6BISourceContextAdapter@core@3@@ 00406de8     umodsys_lib_basesys:umodsys.base.rsystem_main.obj
 0002:00000dfc       ??_R4RSystem@rsystem@base@UModSys@@6BIUniquePointerResolver@core@3@@ 00406dfc     umodsys_lib_basesys:umodsys.base.rsystem_main.obj
 0002:00000e10       ??_R4RSystem@rsystem@base@UModSys@@6BISystem@23@@ 00406e10     umodsys_lib_basesys:umodsys.base.rsystem_main.obj
 0002:00000e24       ??_R3RSystem@rsystem@base@UModSys@@8 00406e24     umodsys_lib_basesys:umodsys.base.rsystem_main.obj
 0002:00000e34       ??_R2RSystem@rsystem@base@UModSys@@8 00406e34     umodsys_lib_basesys:umodsys.base.rsystem_main.obj
 0002:00000e4c       ??_R17?0A@EA@ISourceContextAdapter@core@UModSys@@8 00406e4c     umodsys_lib_basesys:umodsys.base.rsystem_main.obj
 0002:00000e68       ??_R13?0A@EA@IUniquePointerResolver@core@UModSys@@8 00406e68     umodsys_lib_basesys:umodsys.base.rsystem_main.obj
 0002:00000e84       ??_R1A@?0A@EA@RSystem@rsystem@base@UModSys@@8 00406e84     umodsys_lib_basesys:umodsys.base.rsystem_main.obj
 0002:00000ea0       ??_R3IUniquePointerResolver@core@UModSys@@8 00406ea0     umodsys_lib_basesys:umodsys.base.rsystem_main.obj
 0002:00000eb0       ??_R2IUniquePointerResolver@core@UModSys@@8 00406eb0     umodsys_lib_basesys:umodsys.base.rsystem_main.obj
 0002:00000eb8       ??_R1A@?0A@EA@IUniquePointerResolver@core@UModSys@@8 00406eb8     umodsys_lib_basesys:umodsys.base.rsystem_main.obj
 0002:00000ed4       ??_R3ISourceContextAdapter@core@UModSys@@8 00406ed4     umodsys_lib_basesys:umodsys.base.rsystem_main.obj
 0002:00000ee4       ??_R2ISourceContextAdapter@core@UModSys@@8 00406ee4     umodsys_lib_basesys:umodsys.base.rsystem_main.obj
 0002:00000eec       ??_R1A@?0A@EA@ISourceContextAdapter@core@UModSys@@8 00406eec     umodsys_lib_basesys:umodsys.base.rsystem_main.obj
 0002:00000f08       ??_R3ISystem@base@UModSys@@8 00406f08     umodsys_lib_basesys:umodsys.base.rsystem_main.obj
 0002:00000f18       ??_R2ISystem@base@UModSys@@8 00406f18     umodsys_lib_basesys:umodsys.base.rsystem_main.obj
 0002:00000f24       ??_R1A@?0A@EA@ISystem@base@UModSys@@8 00406f24     umodsys_lib_basesys:umodsys.base.rsystem_main.obj
 0002:00000f40       ??_R4RModuleLoader@rsystem@base@UModSys@@6B@ 00406f40     umodsys_lib_basesys:umodsys.base.rmoduleloader.obj
 0002:00000f54       ??_R3RModuleLoader@rsystem@base@UModSys@@8 00406f54     umodsys_lib_basesys:umodsys.base.rmoduleloader.obj
 0002:00000f64       ??_R2RModuleLoader@rsystem@base@UModSys@@8 00406f64     umodsys_lib_basesys:umodsys.base.rmoduleloader.obj
 0002:00000f70       ??_R1A@?0A@EA@RModuleLoader@rsystem@base@UModSys@@8 00406f70     umodsys_lib_basesys:umodsys.base.rmoduleloader.obj
 0002:00000f8c       ??_R4IModuleLoader@base@UModSys@@6B@ 00406f8c     umodsys_lib_basesys:umodsys.base.rmoduleloader.obj
 0002:00000fa0       ??_R3IModuleLoader@base@UModSys@@8 00406fa0     umodsys_lib_basesys:umodsys.base.rmoduleloader.obj
 0002:00000fb0       ??_R2IModuleLoader@base@UModSys@@8 00406fb0     umodsys_lib_basesys:umodsys.base.rmoduleloader.obj
 0002:00000fb8       ??_R1A@?0A@EA@IModuleLoader@base@UModSys@@8 00406fb8     umodsys_lib_basesys:umodsys.base.rmoduleloader.obj
 0002:00000fd4       ??_R4RParameters@rsystem@base@UModSys@@6B@ 00406fd4     umodsys_lib_basesys:umodsys.base.rparameters.obj
 0002:00000fe8       ??_R3RParameters@rsystem@base@UModSys@@8 00406fe8     umodsys_lib_basesys:umodsys.base.rparameters.obj
 0002:00000ff8       ??_R2RParameters@rsystem@base@UModSys@@8 00406ff8     umodsys_lib_basesys:umodsys.base.rparameters.obj
 0002:0000100c       ??_R1A@?0A@EA@RParameters@rsystem@base@UModSys@@8 0040700c     umodsys_lib_basesys:umodsys.base.rparameters.obj
 0002:00001028       ??_R3IParameters@core@UModSys@@8 00407028     umodsys_lib_basesys:umodsys.base.rparameters.obj
 0002:00001038       ??_R2IParameters@core@UModSys@@8 00407038     umodsys_lib_basesys:umodsys.base.rparameters.obj
 0002:00001048       ??_R1A@?0A@EA@IParameters@core@UModSys@@8 00407048     umodsys_lib_basesys:umodsys.base.rparameters.obj
 0002:00001064       ??_R4RModuleLibrary@rsystem@base@UModSys@@6B@ 00407064     umodsys_lib_basesys:umodsys.base.rmodulelib.obj
 0002:00001078       ??_R3RModuleLibrary@rsystem@base@UModSys@@8 00407078     umodsys_lib_basesys:umodsys.base.rmodulelib.obj
 0002:00001088       ??_R2RModuleLibrary@rsystem@base@UModSys@@8 00407088     umodsys_lib_basesys:umodsys.base.rmodulelib.obj
 0002:0000109c       ??_R1A@?0A@EA@RModuleLibrary@rsystem@base@UModSys@@8 0040709c     umodsys_lib_basesys:umodsys.base.rmodulelib.obj
 0002:000010b8       ??_R3IModuleLibrary@base@UModSys@@8 004070b8     umodsys_lib_basesys:umodsys.base.rmodulelib.obj
 0002:000010c8       ??_R2IModuleLibrary@base@UModSys@@8 004070c8     umodsys_lib_basesys:umodsys.base.rmodulelib.obj
 0002:000010d8       ??_R1A@?0A@EA@IModuleLibrary@base@UModSys@@8 004070d8     umodsys_lib_basesys:umodsys.base.rmodulelib.obj
 0002:000010f4       ??_R4RModule@rsystem@base@UModSys@@6B@ 004070f4     umodsys_lib_basesys:umodsys.base.rmodule.obj
 0002:00001108       ??_R3RModule@rsystem@base@UModSys@@8 00407108     umodsys_lib_basesys:umodsys.base.rmodule.obj
 0002:00001118       ??_R2RModule@rsystem@base@UModSys@@8 00407118     umodsys_lib_basesys:umodsys.base.rmodule.obj
 0002:0000112c       ??_R1A@?0A@EA@RModule@rsystem@base@UModSys@@8 0040712c     umodsys_lib_basesys:umodsys.base.rmodule.obj
 0002:00001148       ??_R3IModule@base@UModSys@@8 00407148     umodsys_lib_basesys:umodsys.base.rmodule.obj
 0002:00001158       ??_R2IModule@base@UModSys@@8 00407158     umodsys_lib_basesys:umodsys.base.rmodule.obj
 0002:00001168       ??_R1A@?0A@EA@IModule@base@UModSys@@8 00407168     umodsys_lib_basesys:umodsys.base.rmodule.obj
 0002:00001190       ___safe_se_handler_table   00407190     <linker-defined>
 0002:000011b8       ___rtc_iaa                 004071b8     MSVCRT:_initsect_.obj
 0002:000011bc       ___rtc_izz                 004071bc     MSVCRT:_initsect_.obj
 0002:000011c0       ___rtc_taa                 004071c0     MSVCRT:_initsect_.obj
 0002:000011c4       ___rtc_tzz                 004071c4     MSVCRT:_initsect_.obj
 0002:00001490       __IMPORT_DESCRIPTOR_MSVCR90 00407490     MSVCRT:MSVCR90.dll
 0002:000014a4       __IMPORT_DESCRIPTOR_KERNEL32 004074a4     kernel32:KERNEL32.dll
 0002:000014b8       __NULL_IMPORT_DESCRIPTOR   004074b8     MSVCRT:MSVCR90.dll
 0003:00000000       ??_R0?AVtype_info@@@8      00408000     MSVCRT:ti_inst.obj
 0003:00000018       ___native_dllmain_reason   00408018     MSVCRT:natstart.obj
 0003:0000001c       ___native_vcclrit_reason   0040801c     MSVCRT:natstart.obj
 0003:00000020       ___globallocalestatus      00408020     MSVCRT:xthdloc.obj
 0003:00000024       ___defaultmatherr          00408024     MSVCRT:merr.obj
 0003:00000028       ___security_cookie         00408028     MSVCRT:gs_cookie.obj
 0003:0000002c       ___security_cookie_complement 0040802c     MSVCRT:gs_cookie.obj
 0003:00000088       ?s_console@RConsole_std@rsystem@base@UModSys@@2U1234@A 00408088     umodsys_lib_basesys:umodsys.base.rconsole_std.obj
 0003:00000090       ?rsys_dbg@rsystem@base@UModSys@@3USDebug@23@A 00408090     umodsys_lib_basesys:umodsys.base.rsystem_main.obj
 0003:00000098       ??_R0?AURConsole_std@rsystem@base@UModSys@@@8 00408098     umodsys_lib_basesys:umodsys.base.rconsole_std.obj
 0003:000000c8       ??_R0?AUIConsole@base@UModSys@@@8 004080c8     umodsys_lib_basesys:umodsys.base.rconsole_std.obj
 0003:000000ec       ??_R0?AUIRefObject@core@UModSys@@@8 004080ec     umodsys_lib_basesys:umodsys.base.rconsole_std.obj
 0003:00000114       ??_R0?AUIRoot@core@UModSys@@@8 00408114     umodsys_lib_basesys:umodsys.base.rconsole_std.obj
 0003:00000138       ??_R0?AURSystem@rsystem@base@UModSys@@@8 00408138     umodsys_lib_basesys:umodsys.base.rsystem_main.obj
 0003:00000164       ??_R0?AUIUniquePointerResolver@core@UModSys@@@8 00408164     umodsys_lib_basesys:umodsys.base.rsystem_main.obj
 0003:00000198       ??_R0?AUISourceContextAdapter@core@UModSys@@@8 00408198     umodsys_lib_basesys:umodsys.base.rsystem_main.obj
 0003:000001cc       ??_R0?AUISystem@base@UModSys@@@8 004081cc     umodsys_lib_basesys:umodsys.base.rsystem_main.obj
 0003:000001f0       ??_R0?AURModuleLoader@rsystem@base@UModSys@@@8 004081f0     umodsys_lib_basesys:umodsys.base.rmoduleloader.obj
 0003:00000224       ??_R0?AUIModuleLoader@base@UModSys@@@8 00408224     umodsys_lib_basesys:umodsys.base.rmoduleloader.obj
 0003:00000250       ??_R0?AURParameters@rsystem@base@UModSys@@@8 00408250     umodsys_lib_basesys:umodsys.base.rparameters.obj
 0003:00000280       ??_R0?AUIParameters@core@UModSys@@@8 00408280     umodsys_lib_basesys:umodsys.base.rparameters.obj
 0003:000002a8       ??_R0?AURModuleLibrary@rsystem@base@UModSys@@@8 004082a8     umodsys_lib_basesys:umodsys.base.rmodulelib.obj
 0003:000002dc       ??_R0?AUIModuleLibrary@base@UModSys@@@8 004082dc     umodsys_lib_basesys:umodsys.base.rmodulelib.obj
 0003:00000308       ?s_null@?1??get_null@?$TSCoreShared@USMemAlloc_Malloc@core@UModSys@@D@su@tl@UModSys@@SAPAU?$TSharedStringInfo@D@345@XZ@4U6345@A 00408308     umodsys_lib_basesys:umodsys.base.rmodulelib.obj
 0003:00000318       ??_R0?AURModule@rsystem@base@UModSys@@@8 00408318     umodsys_lib_basesys:umodsys.base.rmodule.obj
 0003:00000344       ??_R0?AUIModule@base@UModSys@@@8 00408344     umodsys_lib_basesys:umodsys.base.rmodule.obj
 0003:00000390       __forceCRTManifestRTM      00408390     MSVCRT:crtmanifestrtm.obj
 0003:00000394       __dowildcard               00408394     MSVCRT:wildcard.obj
 0003:00000398       __newmode                  00408398     MSVCRT:_newmode.obj
 0003:0000039c       __commode                  0040839c     MSVCRT:xncommod.obj
 0003:000003a0       __fmode                    004083a0     MSVCRT:xtxtmode.obj
 0003:000006cc       ?rv@?1??get_default@SMemAlloc_Malloc@core@UModSys@@SAABU234@XZ@4U234@A 004086cc     umodsys_lib_basesys:umodsys.base.rsystem_main.obj
 0003:000006d0       ?s_id@?$TObjectUniqueID@URConsole_std@rsystem@base@UModSys@@@tl@UModSys@@2USUniquePointer@core@3@A 004086d0     umodsys.c_main.obj
 0003:000006e8       ?s_id@?$TObjectUniqueID@UIRefObject@core@UModSys@@@tl@UModSys@@2USUniquePointer@core@3@A 004086e8     umodsys.c_main.obj
 0003:00000700       ?s_id@?$TObjectUniqueID@UIRoot@core@UModSys@@@tl@UModSys@@2USUniquePointer@core@3@A 00408700     umodsys.c_main.obj
 0003:00000718       ?s_id@?$TObjectUniqueID@URParameters@rsystem@base@UModSys@@@tl@UModSys@@2USUniquePointer@core@3@A 00408718     umodsys.c_main.obj
 0003:00000730       ?s_id@?$TObjectUniqueID@UIModule@base@UModSys@@@tl@UModSys@@2USUniquePointer@core@3@A 00408730     umodsys.c_main.obj
 0003:00000748       ?s_id@?$TObjectUniqueID@URModuleLibrary@rsystem@base@UModSys@@@tl@UModSys@@2USUniquePointer@core@3@A 00408748     umodsys.c_main.obj
 0003:00000760       ?s_id@?$TObjectUniqueID@UIGenerator@base@UModSys@@@tl@UModSys@@2USUniquePointer@core@3@A 00408760     umodsys.c_main.obj
 0003:00000778       ?s_id@?$TObjectUniqueID@UIModuleLibrary@base@UModSys@@@tl@UModSys@@2USUniquePointer@core@3@A 00408778     umodsys.c_main.obj
 0003:00000790       ?s_null@?$TStaticStringPool@DU?$TComparerBinaryHash@D@su@tl@UModSys@@USMemAlloc_Malloc@core@4@@tl@UModSys@@2U?$TString@U?$TSCoreConst@D@su@tl@UModSys@@U?$TComparerBinaryHash@D@234@@23@A 00408790     umodsys.c_main.obj
 0003:0000079c       ?s_id@?$TObjectUniqueID@UIParameters@core@UModSys@@@tl@UModSys@@2USUniquePointer@core@3@A 0040879c     umodsys.c_main.obj
 0003:000007b4       ?s_id@?$TObjectUniqueID@UISystem@base@UModSys@@@tl@UModSys@@2USUniquePointer@core@3@A 004087b4     umodsys.c_main.obj
 0003:000007cc       ?s_id@?$TObjectUniqueID@URModule@rsystem@base@UModSys@@@tl@UModSys@@2USUniquePointer@core@3@A 004087cc     umodsys.c_main.obj
 0003:000007e4       ?s_id@?$TObjectUniqueID@UIModObject@base@UModSys@@@tl@UModSys@@2USUniquePointer@core@3@A 004087e4     umodsys.c_main.obj
 0003:000007fc       ?s_id@?$TObjectUniqueID@URSystem@rsystem@base@UModSys@@@tl@UModSys@@2USUniquePointer@core@3@A 004087fc     umodsys.c_main.obj
 0003:00000814       ?s_id@?$TObjectUniqueID@UIShell@base@UModSys@@@tl@UModSys@@2USUniquePointer@core@3@A 00408814     umodsys.c_main.obj
 0003:0000082c       ?s_id@?$TObjectUniqueID@UIConsole@base@UModSys@@@tl@UModSys@@2USUniquePointer@core@3@A 0040882c     umodsys.c_main.obj
 0003:00000848       ?s_sys@RSystem@rsystem@base@UModSys@@2U1234@A 00408848     umodsys_lib_basesys:umodsys.base.rsystem_main.obj
 0003:000008d4       ?M@UModSys@@3USModuleContext@base@1@A 004088d4     umodsys_lib_base:umodsys.base.modulecontext.obj
 0003:000008e0       ?root@SUniquePointer@core@UModSys@@2U123@A 004088e0     umodsys_lib_core:umodsys.core.uniqueptr.obj
 0003:000008f8       __adjust_fdiv              004088f8     <common>
 0003:000008fc       ___native_startup_state    004088fc     <common>
 0003:00000900       ___native_startup_lock     00408900     <common>
 0003:00000904       ___dyn_tls_init_callback   00408904     <common>
 0003:00000908       ___onexitend               00408908     <common>
 0003:0000090c       ___onexitbegin             0040890c     <common>

 entry point at        0001:000036bc

 Static symbols

 0001:00001d6a       ?s_pfd_scan@@YAIPAUISystem@base@UModSys@@AAU?$TArray@U?$TRefObject@URModuleLibrary@rsystem@base@UModSys@@@tl@UModSys@@U?$TAllocator@USMemAlloc_Malloc@core@UModSys@@USCountCalcPower2@23@@23@@tl@3@PBD2@Z 00402d6a f    CIL library: CIL module
 0001:0000341a       _pre_cpp_init              0040441a f   MSVCRT:crtexe.obj
 0001:00003465       ___tmainCRTStartup         00404465 f   MSVCRT:crtexe.obj
 0001:000035db       _pre_c_init                004045db f   MSVCRT:crtexe.obj
 0001:00003ce0       __unwindfunclet$?push@?$TArray@U?$TRefObject@URModuleLibrary@rsystem@base@UModSys@@@tl@UModSys@@U?$TAllocator@USMemAlloc_Malloc@core@UModSys@@USCountCalcPower2@23@@23@@tl@UModSys@@QAE_NABU?$TRefObject@URModuleLibrary@rsystem@base@UModSys@@@23@@Z$0 00404ce0 f    CIL library: CIL module
 0001:00003ce5       __ehhandler$?push@?$TArray@U?$TRefObject@URModuleLibrary@rsystem@base@UModSys@@@tl@UModSys@@U?$TAllocator@USMemAlloc_Malloc@core@UModSys@@USCountCalcPower2@23@@23@@tl@UModSys@@QAE_NABU?$TRefObject@URModuleLibrary@rsystem@base@UModSys@@@23@@Z 00404ce5 f    CIL library: CIL module
 0001:00003cef       __unwindfunclet$??1RModuleLoader@rsystem@base@UModSys@@UAE@XZ$0 00404cef f    CIL library: CIL module
 0001:00003cf7       __unwindfunclet$??1RModuleLoader@rsystem@base@UModSys@@UAE@XZ$1 00404cf7 f    CIL library: CIL module
 0001:00003d02       __ehhandler$??1RModuleLoader@rsystem@base@UModSys@@UAE@XZ 00404d02 f    CIL library: CIL module
 0001:00003d0c       __unwindfunclet$?suicide@RModule@rsystem@base@UModSys@@UAEXXZ$0 00404d0c f    CIL library: CIL module
 0001:00003d0c       __unwindfunclet$??$t_moduledb_generate@UIShell@base@UModSys@@@IModuleLoader@base@UModSys@@QAE_NAAU?$TRefObject@UIShell@base@UModSys@@@tl@2@PBUSUniquePointerInfo@core@2@ABUSParameters@62@@Z$0 00404d0c f    CIL library: CIL module
 0001:00003d0c       __unwindfunclet$?s_add@RModuleLibrary@rsystem@base@UModSys@@SA_NPAUISystem@34@AAU?$TArray@U?$TRefObject@URModuleLibrary@rsystem@base@UModSys@@@tl@UModSys@@U?$TAllocator@USMemAlloc_Malloc@core@UModSys@@USCountCalcPower2@23@@23@@tl@4@PBD@Z$1 00404d0c f    CIL library: CIL module
 0001:00003d14       __ehhandler$?s_add@RModuleLibrary@rsystem@base@UModSys@@SA_NPAUISystem@34@AAU?$TArray@U?$TRefObject@URModuleLibrary@rsystem@base@UModSys@@@tl@UModSys@@U?$TAllocator@USMemAlloc_Malloc@core@UModSys@@USCountCalcPower2@23@@23@@tl@4@PBD@Z 00404d14 f    CIL library: CIL module
 0001:00003d14       __ehhandler$?suicide@RModule@rsystem@base@UModSys@@UAEXXZ 00404d14 f    CIL library: CIL module
 0001:00003d14       __ehhandler$??$t_moduledb_generate@UIShell@base@UModSys@@@IModuleLoader@base@UModSys@@QAE_NAAU?$TRefObject@UIShell@base@UModSys@@@tl@2@PBUSUniquePointerInfo@core@2@ABUSParameters@62@@Z 00404d14 f    CIL library: CIL module
 0001:00003d1e       __unwindfunclet$??1RSystem@rsystem@base@UModSys@@UAE@XZ$0 00404d1e f    CIL library: CIL module
 0001:00003d26       __unwindfunclet$??1RSystem@rsystem@base@UModSys@@UAE@XZ$1 00404d26 f    CIL library: CIL module
 0001:00003d33       __unwindfunclet$??1RSystem@rsystem@base@UModSys@@UAE@XZ$2 00404d33 f    CIL library: CIL module
 0001:00003d3e       __unwindfunclet$??1RSystem@rsystem@base@UModSys@@UAE@XZ$3 00404d3e f    CIL library: CIL module
 0001:00003d49       __unwindfunclet$??1RSystem@rsystem@base@UModSys@@UAE@XZ$4 00404d49 f    CIL library: CIL module
 0001:00003d54       __unwindfunclet$??1RSystem@rsystem@base@UModSys@@UAE@XZ$5 00404d54 f    CIL library: CIL module
 0001:00003d5f       __ehhandler$??1RSystem@rsystem@base@UModSys@@UAE@XZ 00404d5f f    CIL library: CIL module
 0001:00003d69       __unwindfunclet$??0RSystem@rsystem@base@UModSys@@QAE@XZ$0 00404d69 f    CIL library: CIL module
 0001:00003d71       __unwindfunclet$??0RSystem@rsystem@base@UModSys@@QAE@XZ$1 00404d71 f    CIL library: CIL module
 0001:00003d7e       __unwindfunclet$??0RSystem@rsystem@base@UModSys@@QAE@XZ$2 00404d7e f    CIL library: CIL module
 0001:00003d89       __unwindfunclet$??0RSystem@rsystem@base@UModSys@@QAE@XZ$3 00404d89 f    CIL library: CIL module
 0001:00003d94       __unwindfunclet$??0RSystem@rsystem@base@UModSys@@QAE@XZ$4 00404d94 f    CIL library: CIL module
 0001:00003d9f       __unwindfunclet$??0RSystem@rsystem@base@UModSys@@QAE@XZ$5 00404d9f f    CIL library: CIL module
 0001:00003daa       __unwindfunclet$??0RSystem@rsystem@base@UModSys@@QAE@XZ$6 00404daa f    CIL library: CIL module
 0001:00003db8       __ehhandler$??0RSystem@rsystem@base@UModSys@@QAE@XZ 00404db8 f    CIL library: CIL module
 0001:00003dc2       __unwindfunclet$??0RModule@rsystem@base@UModSys@@QAE@PAURModuleLibrary@123@PAUIModuleReg@23@@Z$0 00404dc2 f    CIL library: CIL module
 0001:00003dca       __unwindfunclet$??0RModule@rsystem@base@UModSys@@QAE@PAURModuleLibrary@123@PAUIModuleReg@23@@Z$1 00404dca f    CIL library: CIL module
 0001:00003dd5       __unwindfunclet$??0RModule@rsystem@base@UModSys@@QAE@PAURModuleLibrary@123@PAUIModuleReg@23@@Z$2 00404dd5 f    CIL library: CIL module
 0001:00003de0       __unwindfunclet$??0RModule@rsystem@base@UModSys@@QAE@PAURModuleLibrary@123@PAUIModuleReg@23@@Z$3 00404de0 f    CIL library: CIL module
 0001:00003deb       __ehhandler$??0RModule@rsystem@base@UModSys@@QAE@PAURModuleLibrary@123@PAUIModuleReg@23@@Z 00404deb f    CIL library: CIL module
 0001:00003df5       __unwindfunclet$??_GRModuleLibrary@rsystem@base@UModSys@@UAEPAXI@Z$0 00404df5 f    CIL library: CIL module
 0001:00003dfd       __unwindfunclet$??_GRModuleLibrary@rsystem@base@UModSys@@UAEPAXI@Z$1 00404dfd f    CIL library: CIL module
 0001:00003e08       __unwindfunclet$??_GRModuleLibrary@rsystem@base@UModSys@@UAEPAXI@Z$2 00404e08 f    CIL library: CIL module
 0001:00003e13       __ehhandler$??_GRModuleLibrary@rsystem@base@UModSys@@UAEPAXI@Z 00404e13 f    CIL library: CIL module
 0001:00003e1d       __unwindfunclet$?link@RModuleLibrary@rsystem@base@UModSys@@QAE_NXZ$0 00404e1d f    CIL library: CIL module
 0001:00003e27       __unwindfunclet$?link@RModuleLibrary@rsystem@base@UModSys@@QAE_NXZ$1 00404e27 f    CIL library: CIL module
 0001:00003e2f       __unwindfunclet$?link@RModuleLibrary@rsystem@base@UModSys@@QAE_NXZ$2 00404e2f f    CIL library: CIL module
 0001:00003e34       __ehhandler$?link@RModuleLibrary@rsystem@base@UModSys@@QAE_NXZ 00404e34 f    CIL library: CIL module
 0001:00003e3e       __unwindfunclet$?exec_test_shells@RSystem@rsystem@base@UModSys@@QAE_NXZ$0 00404e3e f    CIL library: CIL module
 0001:00003e49       __unwindfunclet$?exec_test_shells@RSystem@rsystem@base@UModSys@@QAE_NXZ$1 00404e49 f    CIL library: CIL module
 0001:00003e54       __ehhandler$?exec_test_shells@RSystem@rsystem@base@UModSys@@QAE_NXZ 00404e54 f    CIL library: CIL module
 0001:00003e5e       ??__E?s_id@?$TObjectUniqueID@UIRoot@core@UModSys@@@tl@UModSys@@2USUniquePointer@core@3@A@@YAXXZ 00404e5e f    CIL library: CIL module
 0001:00003e7b       ??__E?s_id@?$TObjectUniqueID@UIRefObject@core@UModSys@@@tl@UModSys@@2USUniquePointer@core@3@A@@YAXXZ 00404e7b f    CIL library: CIL module
 0001:00003e98       ??__E?s_id@?$TObjectUniqueID@UIParameters@core@UModSys@@@tl@UModSys@@2USUniquePointer@core@3@A@@YAXXZ 00404e98 f    CIL library: CIL module
 0001:00003eb5       ??__E?s_id@?$TObjectUniqueID@UIConsole@base@UModSys@@@tl@UModSys@@2USUniquePointer@core@3@A@@YAXXZ 00404eb5 f    CIL library: CIL module
 0001:00003ed2       ??__E?s_id@?$TObjectUniqueID@UIModule@base@UModSys@@@tl@UModSys@@2USUniquePointer@core@3@A@@YAXXZ 00404ed2 f    CIL library: CIL module
 0001:00003eef       ??__E?s_id@?$TObjectUniqueID@UIModuleLibrary@base@UModSys@@@tl@UModSys@@2USUniquePointer@core@3@A@@YAXXZ 00404eef f    CIL library: CIL module
 0001:00003f0c       ??__E?s_id@?$TObjectUniqueID@UISystem@base@UModSys@@@tl@UModSys@@2USUniquePointer@core@3@A@@YAXXZ 00404f0c f    CIL library: CIL module
 0001:00003f29       ??__E?s_id@?$TObjectUniqueID@UIModObject@base@UModSys@@@tl@UModSys@@2USUniquePointer@core@3@A@@YAXXZ 00404f29 f    CIL library: CIL module
 0001:00003f46       ??__E?s_id@?$TObjectUniqueID@UIGenerator@base@UModSys@@@tl@UModSys@@2USUniquePointer@core@3@A@@YAXXZ 00404f46 f    CIL library: CIL module
 0001:00003f63       ??__E?s_id@?$TObjectUniqueID@UIShell@base@UModSys@@@tl@UModSys@@2USUniquePointer@core@3@A@@YAXXZ 00404f63 f    CIL library: CIL module
 0001:00003f80       ??__E?s_id@?$TObjectUniqueID@URModule@rsystem@base@UModSys@@@tl@UModSys@@2USUniquePointer@core@3@A@@YAXXZ 00404f80 f    CIL library: CIL module
 0001:00003f9d       ??__E?s_id@?$TObjectUniqueID@URModuleLibrary@rsystem@base@UModSys@@@tl@UModSys@@2USUniquePointer@core@3@A@@YAXXZ 00404f9d f    CIL library: CIL module
 0001:00003fba       ??__E?s_id@?$TObjectUniqueID@URParameters@rsystem@base@UModSys@@@tl@UModSys@@2USUniquePointer@core@3@A@@YAXXZ 00404fba f    CIL library: CIL module
 0001:00003fd7       ??__E?s_id@?$TObjectUniqueID@URSystem@rsystem@base@UModSys@@@tl@UModSys@@2USUniquePointer@core@3@A@@YAXXZ 00404fd7 f    CIL library: CIL module
 0001:00003ff4       ??__E?s_id@?$TObjectUniqueID@URConsole_std@rsystem@base@UModSys@@@tl@UModSys@@2USUniquePointer@core@3@A@@YAXXZ 00404ff4 f    CIL library: CIL module
 0001:00004011       ??__E?s_console@RConsole_std@rsystem@base@UModSys@@2U1234@A@@YAXXZ 00405011 f    CIL library: CIL module
 0001:0000401d       ??__E?s_sys@RSystem@rsystem@base@UModSys@@2U1234@A@@YAXXZ 0040501d f    CIL library: CIL module
 0001:0000402e       ??__Ersys_dbg@rsystem@base@UModSys@@YAXXZ 0040502e f    CIL library: CIL module
 0001:0000403a       ??__EM@UModSys@@YAXXZ      0040503a f    CIL library: CIL module
 0001:00004046       ??__E?root@SUniquePointer@core@UModSys@@2U123@A@@YAXXZ 00405046 f    CIL library: CIL module
 0001:00004052       ??__F?s_id@?$TObjectUniqueID@URConsole_std@rsystem@base@UModSys@@@tl@UModSys@@2USUniquePointer@core@3@A@@YAXXZ 00405052 f    CIL library: CIL module
 0001:0000405c       ??__F?s_id@?$TObjectUniqueID@URSystem@rsystem@base@UModSys@@@tl@UModSys@@2USUniquePointer@core@3@A@@YAXXZ 0040505c f    CIL library: CIL module
 0001:00004066       ??__F?s_id@?$TObjectUniqueID@URParameters@rsystem@base@UModSys@@@tl@UModSys@@2USUniquePointer@core@3@A@@YAXXZ 00405066 f    CIL library: CIL module
 0001:00004070       ??__F?s_id@?$TObjectUniqueID@URModuleLibrary@rsystem@base@UModSys@@@tl@UModSys@@2USUniquePointer@core@3@A@@YAXXZ 00405070 f    CIL library: CIL module
 0001:0000407a       ??__F?s_id@?$TObjectUniqueID@URModule@rsystem@base@UModSys@@@tl@UModSys@@2USUniquePointer@core@3@A@@YAXXZ 0040507a f    CIL library: CIL module
 0001:00004084       ??__F?s_id@?$TObjectUniqueID@UIShell@base@UModSys@@@tl@UModSys@@2USUniquePointer@core@3@A@@YAXXZ 00405084 f    CIL library: CIL module
 0001:0000408e       ??__F?s_id@?$TObjectUniqueID@UIGenerator@base@UModSys@@@tl@UModSys@@2USUniquePointer@core@3@A@@YAXXZ 0040508e f    CIL library: CIL module
 0001:00004098       ??__F?s_id@?$TObjectUniqueID@UIModObject@base@UModSys@@@tl@UModSys@@2USUniquePointer@core@3@A@@YAXXZ 00405098 f    CIL library: CIL module
 0001:000040a2       ??__F?s_id@?$TObjectUniqueID@UISystem@base@UModSys@@@tl@UModSys@@2USUniquePointer@core@3@A@@YAXXZ 004050a2 f    CIL library: CIL module
 0001:000040ac       ??__F?s_id@?$TObjectUniqueID@UIModuleLibrary@base@UModSys@@@tl@UModSys@@2USUniquePointer@core@3@A@@YAXXZ 004050ac f    CIL library: CIL module
 0001:000040b6       ??__F?s_id@?$TObjectUniqueID@UIModule@base@UModSys@@@tl@UModSys@@2USUniquePointer@core@3@A@@YAXXZ 004050b6 f    CIL library: CIL module
 0001:000040c0       ??__F?s_id@?$TObjectUniqueID@UIConsole@base@UModSys@@@tl@UModSys@@2USUniquePointer@core@3@A@@YAXXZ 004050c0 f    CIL library: CIL module
 0001:000040ca       ??__F?s_id@?$TObjectUniqueID@UIParameters@core@UModSys@@@tl@UModSys@@2USUniquePointer@core@3@A@@YAXXZ 004050ca f    CIL library: CIL module
 0001:000040d4       ??__F?s_id@?$TObjectUniqueID@UIRefObject@core@UModSys@@@tl@UModSys@@2USUniquePointer@core@3@A@@YAXXZ 004050d4 f    CIL library: CIL module
 0001:000040de       ??__F?s_id@?$TObjectUniqueID@UIRoot@core@UModSys@@@tl@UModSys@@2USUniquePointer@core@3@A@@YAXXZ 004050de f    CIL library: CIL module
 0001:000040e8       ??__F?s_console@RConsole_std@rsystem@base@UModSys@@2U1234@A@@YAXXZ 004050e8 f    CIL library: CIL module
 0001:000040f5       ??__F?s_sys@RSystem@rsystem@base@UModSys@@2U1234@A@@YAXXZ 004050f5 f    CIL library: CIL module
 0001:00004100       ??__Frsys_dbg@rsystem@base@UModSys@@YAXXZ 00405100 f    CIL library: CIL module
 0001:00004117       ??__FM@UModSys@@YAXXZ      00405117 f    CIL library: CIL module
 0001:00004118       ??__F?root@SUniquePointer@core@UModSys@@2U123@A@@YAXXZ 00405118 f    CIL library: CIL module
