 umodsysc

 Timestamp is 525d63cb (Tue Oct 15 18:48:27 2013)

 Preferred load address is 00400000

 Start         Length     Name                   Class
 0001:00000000 00006480H .text                   CODE
 0001:00006480 0000028fH .text$x                 CODE
 0001:0000670f 000003e9H .text$yc                CODE
 0001:00006af8 0000019bH .text$yd                CODE
 0002:00000000 00000150H .idata$5                DATA
 0002:00000150 00000004H .CRT$XCA                DATA
 0002:00000154 00000004H .CRT$XCAA               DATA
 0002:00000158 000000dcH .CRT$XCU                DATA
 0002:00000234 00000004H .CRT$XCZ                DATA
 0002:00000238 00000004H .CRT$XIA                DATA
 0002:0000023c 00000004H .CRT$XIAA               DATA
 0002:00000240 00000004H .CRT$XIY                DATA
 0002:00000244 00000004H .CRT$XIZ                DATA
 0002:00000248 00001138H .rdata                  DATA
 0002:00001380 00000b04H .rdata$r                DATA
 0002:00001e90 00000054H .rdata$sxdata           DATA
 0002:00001ee4 00000004H .rtc$IAA                DATA
 0002:00001ee8 00000004H .rtc$IZZ                DATA
 0002:00001eec 00000004H .rtc$TAA                DATA
 0002:00001ef0 00000004H .rtc$TZZ                DATA
 0002:00001ef8 00000548H .xdata$x                DATA
 0002:00002440 00000028H .idata$2                DATA
 0002:00002468 00000014H .idata$3                DATA
 0002:0000247c 00000150H .idata$4                DATA
 0002:000025cc 00000544H .idata$6                DATA
 0002:00002b10 00000058H .edata                  DATA
 0003:00000000 00000880H .data                   DATA
 0003:00000880 00002718H .bss                    DATA

  Address         Publics by Value              Rva+Base       Lib:Object

 0000:00000000       __except_list              00000000     <absolute>
 0000:00000015       ___safe_se_handler_count   00000015     <absolute>
 0000:00009876       __ldused                   00009876     <absolute>
 0000:00009876       __fltused                  00009876     <absolute>
 0000:00000000       ___ImageBase               00400000     <linker-defined>
 0001:00000000       _main                      00401000 f   umodsys.c_main.obj
 0001:00000172       ??0?$TString@U?$TSCoreConst@D@su@tl@UModSys@@U?$TComparerBinaryHash@D@234@@tl@UModSys@@QAE@PBD@Z 00401172 f i umodsys.c_main.obj
 0001:0000019c       ?update@?$TComparerBinaryHash@D@su@tl@UModSys@@QAEXPBDI@Z 0040119c f i umodsys.c_main.obj
 0001:000001c8       ??1SMemShared@core@UModSys@@QAE@XZ 004011c8 f i umodsys_lib_libmedia:umodsys.mod.media.stdio.obj
 0001:000001de       ??6SUniquePtrList@core@UModSys@@QAEAAU012@PBUSUniquePointerInfo@12@@Z 004011de f i umodsys_lib_libmedia:umodsys.mod.media.stdio.obj
 0001:000001fa       ??2IRoot@core@UModSys@@SAPAXIABUSIMemAlloc@12@@Z 004011fa f i umodsys_lib_libmedia:umodsys.mod.media.stdio.obj
 0001:0000021c       ??3IRoot@core@UModSys@@SAXPAXABUSIMemAlloc@12@@Z 0040121c f i umodsys_lib_libmedia:umodsys.mod.media.stdio.obj
 0001:00000235       ?_get_other_interface@IRefObject@core@UModSys@@IBEPBUIRoot@23@PBUSUniquePointerInfo@23@@Z 00401235 f i umodsys_lib_libmedia:umodsys.mod.media.stdio.obj
 0001:00000235       ?_get_other_interface@IRefObject@core@UModSys@@IAEPAUIRoot@23@PBUSUniquePointerInfo@23@@Z 00401235 f i umodsys_lib_libmedia:umodsys.mod.media.stdio.obj
 0001:00000256       ?_get_interface_types@IRefObject@core@UModSys@@SAIAAUSUniquePtrList@23@@Z 00401256 f i umodsys_lib_libmedia:umodsys.mod.media.stdio.obj
 0001:00000276       ??1?$TString@U?$TSCoreShared@USIMemAlloc@core@UModSys@@D@su@tl@UModSys@@U?$TComparerBinaryHash@D@234@@tl@UModSys@@QAE@XZ 00401276 f i umodsys_lib_libmedia:umodsys.mod.media.stdio.obj
 0001:0000027b       ?file_get_size@stdio@media@modules@UModSys@@YA_JPAU_iobuf@@@Z 0040127b f i umodsys_lib_libmedia:umodsys.mod.media.stdio.obj
 0001:000002c6       ?get_interface_info@RStreamReader_FILE@stdio@media@modules@UModSys@@UBEABUSUniquePointerInfo@core@5@XZ 004012c6 f i umodsys_lib_libmedia:umodsys.mod.media.stdio.obj
 0001:000002cc       ?get_interface_type@RStreamReader_FILE@stdio@media@modules@UModSys@@UBEPBUSUniquePointerInfo@core@5@XZ 004012cc f i umodsys_lib_libmedia:umodsys.mod.media.stdio.obj
 0001:000002d2       ?get_interface_types@RModuleLibraryThis@rsystem@base@UModSys@@UBEIAAUSUniquePtrList@core@4@@Z 004012d2 f i umodsys_lib_basesys:umodsys.basesys.rmodulelibthis.obj
 0001:000002d2       ?get_interface_types@RModule@rsystem@base@UModSys@@UBEIAAUSUniquePtrList@core@4@@Z 004012d2 f i umodsys_lib_basesys:umodsys.basesys.rmodule.obj
 0001:000002d2       ?get_interface_types@RStreamWriter_FILE@stdio@media@modules@UModSys@@UBEIAAUSUniquePtrList@core@5@@Z 004012d2 f i umodsys_lib_libmedia:umodsys.mod.media.stdio.obj
 0001:000002d2       ?get_interface_types@RConsole_std@rsystem@base@UModSys@@UBEIAAUSUniquePtrList@core@4@@Z 004012d2 f i umodsys_lib_basesys:umodsys.basesys.rconsole_std.obj
 0001:000002d2       ?get_interface_types@RSystem@rsystem@base@UModSys@@UBEIAAUSUniquePtrList@core@4@@Z 004012d2 f i umodsys_lib_basesys:umodsys.basesys.rsystem_main.obj
 0001:000002d2       ?get_interface_types@RModuleLibrarySO@rsystem@base@UModSys@@UBEIAAUSUniquePtrList@core@4@@Z 004012d2 f i umodsys_lib_basesys:umodsys.basesys.rmodulelibso.obj
 0001:000002d2       ?get_interface_types@RStreamReader_FILE@stdio@media@modules@UModSys@@UBEIAAUSUniquePtrList@core@5@@Z 004012d2 f i umodsys_lib_libmedia:umodsys.mod.media.stdio.obj
 0001:000002d2       ?get_interface_types@RParameters@rsystem@base@UModSys@@UBEIAAUSUniquePtrList@core@4@@Z 004012d2 f i umodsys_lib_basesys:umodsys.basesys.rparameters.obj
 0001:000002d2       ?get_interface_types@RDataArchiver_OsDir@stdio@media@modules@UModSys@@UBEIAAUSUniquePtrList@core@5@@Z 004012d2 f i umodsys_lib_libmedia:umodsys.mod.media.stdio.obj
 0001:000002d2       ?get_interface_types@RGenerator@stdio@media@modules@UModSys@@UBEIAAUSUniquePtrList@core@5@@Z 004012d2 f i umodsys_lib_libmedia:umodsys.mod.media.stdio.obj
 0001:000002d7       ?get_other_interface@RStreamReader_FILE@stdio@media@modules@UModSys@@UBEPBUIRoot@core@5@PBUSUniquePointerInfo@75@@Z 004012d7 f i umodsys_lib_libmedia:umodsys.mod.media.stdio.obj
 0001:000002d7       ?get_other_interface@RStreamReader_FILE@stdio@media@modules@UModSys@@UAEPAUIRoot@core@5@PBUSUniquePointerInfo@75@@Z 004012d7 f i umodsys_lib_libmedia:umodsys.mod.media.stdio.obj
 0001:000002f8       ?ref_add@RStreamReader_FILE@stdio@media@modules@UModSys@@UBEXXZ 004012f8 f i umodsys_lib_libmedia:umodsys.mod.media.stdio.obj
 0001:000002f8       ?ref_add@RDataArchiver_OsDir@stdio@media@modules@UModSys@@UBEXXZ 004012f8 f i umodsys_lib_libmedia:umodsys.mod.media.stdio.obj
 0001:000002f8       ?ref_add@RGenerator@stdio@media@modules@UModSys@@UBEXXZ 004012f8 f i umodsys_lib_libmedia:umodsys.mod.media.stdio.obj
 0001:000002f8       ?ref_add@RStreamWriter_FILE@stdio@media@modules@UModSys@@UBEXXZ 004012f8 f i umodsys_lib_libmedia:umodsys.mod.media.stdio.obj
 0001:000002fc       ??0RStreamReader_FILE@stdio@media@modules@UModSys@@QAE@PAUIModObject@base@4@ABUSParameters@core@4@@Z 004012fc f i umodsys_lib_libmedia:umodsys.mod.media.stdio.obj
 0001:00000368       ??0RStreamReader_FILE@stdio@media@modules@UModSys@@QAE@PAUIModObject@base@4@PBD@Z 00401368 f i umodsys_lib_libmedia:umodsys.mod.media.stdio.obj
 0001:000003b4       ?open@RStreamReader_FILE@stdio@media@modules@UModSys@@QAEXPBD@Z 004013b4 f i umodsys_lib_libmedia:umodsys.mod.media.stdio.obj
 0001:000003d8       ?reader_seek@RStreamReader_FILE@stdio@media@modules@UModSys@@UAE_N_J@Z 004013d8 f i umodsys_lib_libmedia:umodsys.mod.media.stdio.obj
 0001:000003fb       ?reader_seekend@RStreamReader_FILE@stdio@media@modules@UModSys@@UAE_N_J@Z 004013fb f i umodsys_lib_libmedia:umodsys.mod.media.stdio.obj
 0001:00000421       ?reader_seekdelta@RStreamReader_FILE@stdio@media@modules@UModSys@@UAE_N_J@Z 00401421 f i umodsys_lib_libmedia:umodsys.mod.media.stdio.obj
 0001:00000444       ?reader_pos@RStreamReader_FILE@stdio@media@modules@UModSys@@UAE_JXZ 00401444 f i umodsys_lib_libmedia:umodsys.mod.media.stdio.obj
 0001:00000459       ?reader_size@RStreamReader_FILE@stdio@media@modules@UModSys@@UAE_JXZ 00401459 f i umodsys_lib_libmedia:umodsys.mod.media.stdio.obj
 0001:00000460       ?reader_read@RStreamReader_FILE@stdio@media@modules@UModSys@@UAE_NPAXI@Z 00401460 f i umodsys_lib_libmedia:umodsys.mod.media.stdio.obj
 0001:000004bd       ?reader_close@RStreamReader_FILE@stdio@media@modules@UModSys@@UAEXXZ 004014bd f i umodsys_lib_libmedia:umodsys.mod.media.stdio.obj
 0001:000004d5       ??_ERStreamReader_FILE@stdio@media@modules@UModSys@@UAEPAXI@Z 004014d5 f i  CIL library: CIL module
 0001:000004d5       ??_GRStreamReader_FILE@stdio@media@modules@UModSys@@UAEPAXI@Z 004014d5 f i umodsys_lib_libmedia:umodsys.mod.media.stdio.obj
 0001:000004fd       ?get_interface_info@RStreamWriter_FILE@stdio@media@modules@UModSys@@UBEABUSUniquePointerInfo@core@5@XZ 004014fd f i umodsys_lib_libmedia:umodsys.mod.media.stdio.obj
 0001:00000503       ?get_interface_type@RStreamWriter_FILE@stdio@media@modules@UModSys@@UBEPBUSUniquePointerInfo@core@5@XZ 00401503 f i umodsys_lib_libmedia:umodsys.mod.media.stdio.obj
 0001:00000509       ?get_other_interface@RStreamWriter_FILE@stdio@media@modules@UModSys@@UBEPBUIRoot@core@5@PBUSUniquePointerInfo@75@@Z 00401509 f i umodsys_lib_libmedia:umodsys.mod.media.stdio.obj
 0001:00000509       ?get_other_interface@RStreamWriter_FILE@stdio@media@modules@UModSys@@UAEPAUIRoot@core@5@PBUSUniquePointerInfo@75@@Z 00401509 f i umodsys_lib_libmedia:umodsys.mod.media.stdio.obj
 0001:0000052a       ?ref_weak@RGenerator@stdio@media@modules@UModSys@@UBE_NAAUWeakPointer@IRefObject@core@5@@Z 0040152a f i umodsys_lib_libmedia:umodsys.mod.media.stdio.obj
 0001:0000052a       ?ref_weak@RStreamReader_FILE@stdio@media@modules@UModSys@@UBE_NAAUWeakPointer@IRefObject@core@5@@Z 0040152a f i umodsys_lib_libmedia:umodsys.mod.media.stdio.obj
 0001:0000052a       ?ref_weak@RDataArchiver_OsDir@stdio@media@modules@UModSys@@UBE_NAAUWeakPointer@IRefObject@core@5@@Z 0040152a f i umodsys_lib_libmedia:umodsys.mod.media.stdio.obj
 0001:0000052a       ?ref_weak@RStreamWriter_FILE@stdio@media@modules@UModSys@@UBE_NAAUWeakPointer@IRefObject@core@5@@Z 0040152a f i umodsys_lib_libmedia:umodsys.mod.media.stdio.obj
 0001:00000549       ?suicide@RDataArchiver_OsDir@stdio@media@modules@UModSys@@UAEXXZ 00401549 f i umodsys_lib_libmedia:umodsys.mod.media.stdio.obj
 0001:00000549       ?suicide@RStreamWriter_FILE@stdio@media@modules@UModSys@@UAEXXZ 00401549 f i umodsys_lib_libmedia:umodsys.mod.media.stdio.obj
 0001:00000549       ?suicide@RStreamReader_FILE@stdio@media@modules@UModSys@@UAEXXZ 00401549 f i umodsys_lib_libmedia:umodsys.mod.media.stdio.obj
 0001:00000590       ??0RStreamWriter_FILE@stdio@media@modules@UModSys@@QAE@PAUIModObject@base@4@ABUSParameters@core@4@@Z 00401590 f i umodsys_lib_libmedia:umodsys.mod.media.stdio.obj
 0001:0000062e       ??0RStreamWriter_FILE@stdio@media@modules@UModSys@@QAE@PAUIModObject@base@4@PBD_N@Z 0040162e f i umodsys_lib_libmedia:umodsys.mod.media.stdio.obj
 0001:00000684       ?open@RStreamWriter_FILE@stdio@media@modules@UModSys@@QAEXPBD_N@Z 00401684 f i umodsys_lib_libmedia:umodsys.mod.media.stdio.obj
 0001:000006ca       ?writer_seek@RStreamWriter_FILE@stdio@media@modules@UModSys@@UAE_N_J@Z 004016ca f i umodsys_lib_libmedia:umodsys.mod.media.stdio.obj
 0001:000006ed       ?writer_seekend@RStreamWriter_FILE@stdio@media@modules@UModSys@@UAE_N_J@Z 004016ed f i umodsys_lib_libmedia:umodsys.mod.media.stdio.obj
 0001:00000713       ?writer_seekdelta@RStreamWriter_FILE@stdio@media@modules@UModSys@@UAE_N_J@Z 00401713 f i umodsys_lib_libmedia:umodsys.mod.media.stdio.obj
 0001:00000736       ?writer_setsize@RStreamWriter_FILE@stdio@media@modules@UModSys@@UAE_N_J@Z 00401736 f i umodsys_lib_libmedia:umodsys.mod.media.stdio.obj
 0001:0000077c       ?writer_pos@RStreamWriter_FILE@stdio@media@modules@UModSys@@UAE_JXZ 0040177c f i umodsys_lib_libmedia:umodsys.mod.media.stdio.obj
 0001:00000791       ?writer_size@RStreamWriter_FILE@stdio@media@modules@UModSys@@UAE_JXZ 00401791 f i umodsys_lib_libmedia:umodsys.mod.media.stdio.obj
 0001:000007b6       ?writer_write@RStreamWriter_FILE@stdio@media@modules@UModSys@@UAE_NPBXI@Z 004017b6 f i umodsys_lib_libmedia:umodsys.mod.media.stdio.obj
 0001:00000813       ?writer_copy@RStreamWriter_FILE@stdio@media@modules@UModSys@@UAE_NPAUIStreamReader@libmedia@5@_J@Z 00401813 f i umodsys_lib_libmedia:umodsys.mod.media.stdio.obj
 0001:00000897       ?writer_copy@RStreamWriter_FILE@stdio@media@modules@UModSys@@UAE_NPAUIStreamReader@libmedia@5@_J1@Z 00401897 f i umodsys_lib_libmedia:umodsys.mod.media.stdio.obj
 0001:000008ce       ?writer_close@RStreamWriter_FILE@stdio@media@modules@UModSys@@UAEXXZ 004018ce f i umodsys_lib_libmedia:umodsys.mod.media.stdio.obj
 0001:000008fb       ?writer_abort@RStreamWriter_FILE@stdio@media@modules@UModSys@@UAEXXZ 004018fb f i umodsys_lib_libmedia:umodsys.mod.media.stdio.obj
 0001:00000928       ??_ERStreamWriter_FILE@stdio@media@modules@UModSys@@UAEPAXI@Z 00401928 f i  CIL library: CIL module
 0001:00000928       ??_GRStreamWriter_FILE@stdio@media@modules@UModSys@@UAEPAXI@Z 00401928 f i umodsys_lib_libmedia:umodsys.mod.media.stdio.obj
 0001:0000096c       ?get_interface_info@RDataArchiver_OsDir@stdio@media@modules@UModSys@@UBEABUSUniquePointerInfo@core@5@XZ 0040196c f i umodsys_lib_libmedia:umodsys.mod.media.stdio.obj
 0001:00000972       ?get_interface_type@RDataArchiver_OsDir@stdio@media@modules@UModSys@@UBEPBUSUniquePointerInfo@core@5@XZ 00401972 f i umodsys_lib_libmedia:umodsys.mod.media.stdio.obj
 0001:00000978       ?get_other_interface@RDataArchiver_OsDir@stdio@media@modules@UModSys@@UAEPAUIRoot@core@5@PBUSUniquePointerInfo@75@@Z 00401978 f i umodsys_lib_libmedia:umodsys.mod.media.stdio.obj
 0001:00000978       ?get_other_interface@RDataArchiver_OsDir@stdio@media@modules@UModSys@@UBEPBUIRoot@core@5@PBUSUniquePointerInfo@75@@Z 00401978 f i umodsys_lib_libmedia:umodsys.mod.media.stdio.obj
 0001:00000999       ?ref_remove@RStreamReader_FILE@stdio@media@modules@UModSys@@UBEXXZ 00401999 f i umodsys_lib_libmedia:umodsys.mod.media.stdio.obj
 0001:00000999       ?ref_remove@RDataArchiver_OsDir@stdio@media@modules@UModSys@@UBEXXZ 00401999 f i umodsys_lib_libmedia:umodsys.mod.media.stdio.obj
 0001:00000999       ?ref_remove@RGenerator@stdio@media@modules@UModSys@@UBEXXZ 00401999 f i umodsys_lib_libmedia:umodsys.mod.media.stdio.obj
 0001:00000999       ?ref_remove@RStreamWriter_FILE@stdio@media@modules@UModSys@@UBEXXZ 00401999 f i umodsys_lib_libmedia:umodsys.mod.media.stdio.obj
 0001:000009a4       ??0RDataArchiver_OsDir@stdio@media@modules@UModSys@@QAE@PAUIModObject@base@4@ABUSParameters@core@4@U?$TFlags4State@USMediaFlagUid@libmedia@UModSys@@I@tl@4@@Z 004019a4 f i umodsys_lib_libmedia:umodsys.mod.media.stdio.obj
 0001:00000a19       ?open@RDataArchiver_OsDir@stdio@media@modules@UModSys@@QAEXABUSParameters@core@5@@Z 00401a19 f i umodsys_lib_libmedia:umodsys.mod.media.stdio.obj
 0001:00000af3       ?load_data@RDataArchiver_OsDir@stdio@media@modules@UModSys@@UAE_NABU?$TString@U?$TSCoreConst@D@su@tl@UModSys@@U?$TComparerBinaryHash@D@234@@tl@5@AAUSCMemShared@core@5@ABUSFlags@libmedia@5@@Z 00401af3 f i umodsys_lib_libmedia:umodsys.mod.media.stdio.obj
 0001:00000d2e       ?load_reader@RDataArchiver_OsDir@stdio@media@modules@UModSys@@UAE?AU?$TRefObject@UIStreamReader@libmedia@UModSys@@U?$TRefObjectFunc@UIStreamReader@libmedia@UModSys@@@tl@3@@tl@5@ABU?$TString@U?$TSCoreConst@D@su@tl@UModSys@@U?$TComparerBinaryHash@D@234@@75@ABUSFlags@libmedia@5@@Z 00401d2e f i umodsys_lib_libmedia:umodsys.mod.media.stdio.obj
 0001:00000e36       ?save_data@RDataArchiver_OsDir@stdio@media@modules@UModSys@@UAE_NABU?$TString@U?$TSCoreConst@D@su@tl@UModSys@@U?$TComparerBinaryHash@D@234@@tl@5@ABUSCMem@core@5@ABUSFlags@libmedia@5@@Z 00401e36 f i umodsys_lib_libmedia:umodsys.mod.media.stdio.obj
 0001:00000f82       ?save_writer@RDataArchiver_OsDir@stdio@media@modules@UModSys@@UAE?AU?$TRefObject@UIStreamWriter@libmedia@UModSys@@U?$TRefObjectFunc@UIStreamWriter@libmedia@UModSys@@@tl@3@@tl@5@ABU?$TString@U?$TSCoreConst@D@su@tl@UModSys@@U?$TComparerBinaryHash@D@234@@75@ABUSFlags@libmedia@5@@Z 00401f82 f i umodsys_lib_libmedia:umodsys.mod.media.stdio.obj
 0001:000010a4       ?get_entrylist@RDataArchiver_OsDir@stdio@media@modules@UModSys@@UAE_NABU?$TString@U?$TSCoreConst@D@su@tl@UModSys@@U?$TComparerBinaryHash@D@234@@tl@5@AAU?$TIStackSocket@USFileInfo@libmedia@UModSys@@@75@@Z 004020a4 f i umodsys_lib_libmedia:umodsys.mod.media.stdio.obj
 0001:000010ed       ?get_permissions@RDataArchiver_OsDir@stdio@media@modules@UModSys@@UAEHXZ 004020ed f i umodsys_lib_libmedia:umodsys.mod.media.stdio.obj
 0001:000010f1       ??_ERDataArchiver_OsDir@stdio@media@modules@UModSys@@UAEPAXI@Z 004020f1 f i  CIL library: CIL module
 0001:000010f1       ??_GRDataArchiver_OsDir@stdio@media@modules@UModSys@@UAEPAXI@Z 004020f1 f i umodsys_lib_libmedia:umodsys.mod.media.stdio.obj
 0001:0000113a       ??1ISystem@base@UModSys@@UAE@XZ 0040213a f i umodsys_lib_base:umodsys.base.system.obj
 0001:0000113a       ??1IDataArchive@libmedia@UModSys@@UAE@XZ 0040213a f i umodsys_lib_libmedia:umodsys.mod.media.stdio.obj
 0001:0000113a       ??1IModule@base@UModSys@@UAE@XZ 0040213a f i umodsys_lib_base:umodsys.base.module.obj
 0001:0000113a       ??1IStreamReader@libmedia@UModSys@@UAE@XZ 0040213a f i umodsys_lib_libmedia:umodsys.mod.media.stdio.obj
 0001:0000113a       ??1IStreamWriter@libmedia@UModSys@@UAE@XZ 0040213a f i umodsys_lib_libmedia:umodsys.mod.media.stdio.obj
 0001:00001141       ?get_generated_names@RGenerator@stdio@media@modules@UModSys@@UBEHAAUSUniquePtrList@core@5@@Z 00402141 f i umodsys_lib_libmedia:umodsys.mod.media.stdio.obj
 0001:00001171       ?get_generated_types@RGenerator@stdio@media@modules@UModSys@@UBEHAAUSUniquePtrList@core@5@PBUSUniquePointerInfo@75@@Z 00402171 f i umodsys_lib_libmedia:umodsys.mod.media.stdio.obj
 0001:000011df       ?generate@RGenerator@stdio@media@modules@UModSys@@UAE_NAAU?$TRefObject@UIRefObject@core@UModSys@@U?$TRefObjectFunc@UIRefObject@core@UModSys@@@tl@3@@tl@5@PBUSUniquePointerInfo@core@5@ABUSParameters@95@@Z 004021df f i umodsys_lib_libmedia:umodsys.mod.media.stdio.obj
 0001:00001245       ?get_interface_info@RGenerator@stdio@media@modules@UModSys@@UBEABUSUniquePointerInfo@core@5@XZ 00402245 f i umodsys_lib_libmedia:umodsys.mod.media.stdio.obj
 0001:0000124b       ?get_interface_type@RGenerator@stdio@media@modules@UModSys@@UBEPBUSUniquePointerInfo@core@5@XZ 0040224b f i umodsys_lib_libmedia:umodsys.mod.media.stdio.obj
 0001:00001251       ?get_other_interface@RGenerator@stdio@media@modules@UModSys@@UBEPBUIRoot@core@5@PBUSUniquePointerInfo@75@@Z 00402251 f i umodsys_lib_libmedia:umodsys.mod.media.stdio.obj
 0001:00001251       ?get_other_interface@RGenerator@stdio@media@modules@UModSys@@UAEPAUIRoot@core@5@PBUSUniquePointerInfo@75@@Z 00402251 f i umodsys_lib_libmedia:umodsys.mod.media.stdio.obj
 0001:0000127a       ?get_system@IModuleLibraryUni@rsystem@base@UModSys@@UBEPAUISystem@34@XZ 0040227a f i umodsys_lib_basesys:umodsys.basesys.rmodulelib.obj
 0001:0000127a       ?ref_links@RStreamWriter_FILE@stdio@media@modules@UModSys@@UBEHXZ 0040227a f i umodsys_lib_libmedia:umodsys.mod.media.stdio.obj
 0001:0000127a       ?ref_links@RStreamReader_FILE@stdio@media@modules@UModSys@@UBEHXZ 0040227a f i umodsys_lib_libmedia:umodsys.mod.media.stdio.obj
 0001:0000127a       ?ref_links@RDataArchiver_OsDir@stdio@media@modules@UModSys@@UBEHXZ 0040227a f i umodsys_lib_libmedia:umodsys.mod.media.stdio.obj
 0001:0000127a       ?ref_links@RGenerator@stdio@media@modules@UModSys@@UBEHXZ 0040227a f i umodsys_lib_libmedia:umodsys.mod.media.stdio.obj
 0001:0000127e       ?get_uid@RGenerator@stdio@media@modules@UModSys@@UBEPBUSUniquePointerInfo@core@5@XZ 0040227e f i umodsys_lib_libmedia:umodsys.mod.media.stdio.obj
 0001:00001284       ?do_open@RModuleReg@stdio@media@modules@UModSys@@UAE_NXZ 00402284 f i umodsys_lib_libmedia:umodsys.mod.media.stdio.obj
 0001:000012d0       ?do_close@RModuleReg@stdio@media@modules@UModSys@@UAE_NXZ 004022d0 f i umodsys_lib_libmedia:umodsys.mod.media.stdio.obj
 0001:0000130b       ?get_module@RGenerator@stdio@media@modules@UModSys@@UBEPAUIModule@base@5@XZ 0040230b f   umodsys_lib_libmedia:umodsys.mod.media.stdio.obj
 0001:00001311       ?mod_inc@RGenerator@stdio@media@modules@UModSys@@UBE_NXZ 00402311 f   umodsys_lib_libmedia:umodsys.mod.media.stdio.obj
 0001:0000131c       ?mod_dec@RGenerator@stdio@media@modules@UModSys@@UBE_NXZ 0040231c f   umodsys_lib_libmedia:umodsys.mod.media.stdio.obj
 0001:00001327       ?s_holder@RGenerator@stdio@media@modules@UModSys@@SAAAU?$TTypeStaticHolder@URGenerator@stdio@media@modules@UModSys@@@tl@5@XZ 00402327 f   umodsys_lib_libmedia:umodsys.mod.media.stdio.obj
 0001:00001359       ??1?$TRefObject@UIShell@base@UModSys@@U?$TRefObjectFunc@UIShell@base@UModSys@@@tl@3@@tl@UModSys@@QAE@XZ 00402359 f i umodsys_lib_basesys:umodsys.basesys.rsystem_tests.obj
 0001:00001359       ??1?$TRefObject@URModuleLibrarySO@rsystem@base@UModSys@@U?$TRefObjectFunc@URModuleLibrarySO@rsystem@base@UModSys@@@tl@4@@tl@UModSys@@QAE@XZ 00402359 f i umodsys_lib_basesys:umodsys.basesys.rmoduleloader.obj
 0001:00001359       ??1?$TRefObject@URStreamWriter_FILE@stdio@media@modules@UModSys@@U?$TRefObjectFunc@URStreamWriter_FILE@stdio@media@modules@UModSys@@@tl@5@@tl@UModSys@@QAE@XZ 00402359 f i umodsys_lib_libmedia:umodsys.mod.media.stdio.obj
 0001:00001359       ??1?$TRefObject@UIModuleLibraryUni@rsystem@base@UModSys@@U?$TRefObjectFunc@UIModuleLibraryUni@rsystem@base@UModSys@@@tl@4@@tl@UModSys@@QAE@XZ 00402359 f i umodsys_lib_basesys:umodsys.basesys.rmodule.obj
 0001:00001359       ??1?$TRefObject@UIRefObject@core@UModSys@@U?$TRefObjectFunc@UIRefObject@core@UModSys@@@tl@3@@tl@UModSys@@QAE@XZ 00402359 f i umodsys_lib_basesys:umodsys.basesys.rsystem_tests.obj
 0001:00001359       ??1?$TRefObject@UIStreamWriter@libmedia@UModSys@@U?$TRefObjectFunc@UIStreamWriter@libmedia@UModSys@@@tl@3@@tl@UModSys@@QAE@XZ 00402359 f i umodsys_lib_libmedia:umodsys.mod.media.stdio.obj
 0001:00001359       ??1?$TRefObject@URParameters@rsystem@base@UModSys@@U?$TRefObjectFunc@URParameters@rsystem@base@UModSys@@@tl@4@@tl@UModSys@@QAE@XZ 00402359 f i umodsys_lib_basesys:umodsys.basesys.rsystem_main.obj
 0001:00001359       ??1?$TRefObject@URStreamReader_FILE@stdio@media@modules@UModSys@@U?$TRefObjectFunc@URStreamReader_FILE@stdio@media@modules@UModSys@@@tl@5@@tl@UModSys@@QAE@XZ 00402359 f i umodsys_lib_libmedia:umodsys.mod.media.stdio.obj
 0001:00001359       ??1?$TRefObject@URDataArchiver_OsDir@stdio@media@modules@UModSys@@U?$TRefObjectFunc@URDataArchiver_OsDir@stdio@media@modules@UModSys@@@tl@5@@tl@UModSys@@QAE@XZ 00402359 f i umodsys_lib_libmedia:umodsys.mod.media.stdio.obj
 0001:00001359       ??1?$TRefObject@UIStreamReader@libmedia@UModSys@@U?$TRefObjectFunc@UIStreamReader@libmedia@UModSys@@@tl@3@@tl@UModSys@@QAE@XZ 00402359 f i umodsys_lib_libmedia:umodsys.mod.media.stdio.obj
 0001:00001368       ?set@?$TString@U?$TSCoreShared@USIMemAlloc@core@UModSys@@D@su@tl@UModSys@@U?$TComparerBinaryHash@D@234@@tl@UModSys@@QAEXPBD@Z 00402368 f i umodsys_lib_libmedia:umodsys.mod.media.stdio.obj
 0001:000013e7       ??_ERParameters@rsystem@base@UModSys@@UAEPAXI@Z 004023e7 f i  CIL library: CIL module
 0001:000013e7       ??_GRGenerator@stdio@media@modules@UModSys@@UAEPAXI@Z 004023e7 f i umodsys_lib_libmedia:umodsys.mod.media.stdio.obj
 0001:000013e7       ??_ERGenerator@stdio@media@modules@UModSys@@UAEPAXI@Z 004023e7 f i  CIL library: CIL module
 0001:000013e7       ??_EIRoot@core@UModSys@@UAEPAXI@Z 004023e7 f i  CIL library: CIL module
 0001:000013e7       ??_GIRoot@core@UModSys@@UAEPAXI@Z 004023e7 f i umodsys_lib_libmedia:umodsys.mod.media.stdio.obj
 0001:000013e7       ??_GRParameters@rsystem@base@UModSys@@UAEPAXI@Z 004023e7 f i umodsys_lib_basesys:umodsys.basesys.rparameters.obj
 0001:00001404       ?info_release@?$TSCoreShared@USIMemAlloc@core@UModSys@@D@su@tl@UModSys@@QAEXXZ 00402404 f i umodsys_lib_libmedia:umodsys.mod.media.stdio.obj
 0001:00001434       ??0?$TRefObjectLinksModObject@URStreamReader_FILE@stdio@media@modules@UModSys@@UIModObject@base@5@@tl@UModSys@@QAE@PAUIModObject@base@2@@Z 00402434 f i umodsys_lib_libmedia:umodsys.mod.media.stdio.obj
 0001:00001434       ??0?$TRefObjectLinksModObject@URStreamWriter_FILE@stdio@media@modules@UModSys@@UIModObject@base@5@@tl@UModSys@@QAE@PAUIModObject@base@2@@Z 00402434 f i umodsys_lib_libmedia:umodsys.mod.media.stdio.obj
 0001:0000145c       ??$ValidateConstruction@UIStreamReader@libmedia@UModSys@@URStreamReader_FILE@stdio@media@modules@3@@core@UModSys@@YA_NAAU?$TRefObject@UIStreamReader@libmedia@UModSys@@U?$TRefObjectFunc@UIStreamReader@libmedia@UModSys@@@tl@3@@tl@1@PAURStreamReader_FILE@stdio@media@modules@1@@Z 0040245c f i umodsys_lib_libmedia:umodsys.mod.media.stdio.obj
 0001:000014b6       ??$yes@U?$TFlags4StateShift@USMediaFlagUid@libmedia@UModSys@@I$09@tl@UModSys@@@SFlags@libmedia@UModSys@@QBE_NABU?$TFlags4State@USMediaFlagUid@libmedia@UModSys@@I@tl@2@@Z 004024b6 f i umodsys_lib_libmedia:umodsys.mod.media.stdio.obj
 0001:000014f2       ??$ValidateConstruction@UIStreamWriter@libmedia@UModSys@@URStreamWriter_FILE@stdio@media@modules@3@@core@UModSys@@YA_NAAU?$TRefObject@UIStreamWriter@libmedia@UModSys@@U?$TRefObjectFunc@UIStreamWriter@libmedia@UModSys@@@tl@3@@tl@1@PAURStreamWriter_FILE@stdio@media@modules@1@@Z 004024f2 f i umodsys_lib_libmedia:umodsys.mod.media.stdio.obj
 0001:0000154c       ??$t_gen_param@URStreamReader_FILE@stdio@media@modules@UModSys@@URGenerator@2345@@IGenerator@base@UModSys@@IAE_NPAURGenerator@stdio@media@modules@2@AAU?$TRefObject@UIRefObject@core@UModSys@@U?$TRefObjectFunc@UIRefObject@core@UModSys@@@tl@3@@tl@2@PBUSUniquePointerInfo@core@2@ABUSParameters@core@2@@Z 0040254c f i umodsys_lib_libmedia:umodsys.mod.media.stdio.obj
 0001:000015d7       ??$t_gen_param@URStreamWriter_FILE@stdio@media@modules@UModSys@@URGenerator@2345@@IGenerator@base@UModSys@@IAE_NPAURGenerator@stdio@media@modules@2@AAU?$TRefObject@UIRefObject@core@UModSys@@U?$TRefObjectFunc@UIRefObject@core@UModSys@@@tl@3@@tl@2@PBUSUniquePointerInfo@core@2@ABUSParameters@core@2@@Z 004025d7 f i umodsys_lib_libmedia:umodsys.mod.media.stdio.obj
 0001:00001662       ??$t_gen_param@URDataArchiver_OsDir@stdio@media@modules@UModSys@@URGenerator@2345@@IGenerator@base@UModSys@@IAE_NPAURGenerator@stdio@media@modules@2@AAU?$TRefObject@UIRefObject@core@UModSys@@U?$TRefObjectFunc@UIRefObject@core@UModSys@@@tl@3@@tl@2@PBUSUniquePointerInfo@core@2@ABUSParameters@core@2@@Z 00402662 f i umodsys_lib_libmedia:umodsys.mod.media.stdio.obj
 0001:000016d7       ??1?$TRefObject@UIModObject@base@UModSys@@U?$TModObjectFunc@UIModObject@base@UModSys@@@tl@3@@tl@UModSys@@QAE@XZ 004026d7 f i umodsys_lib_libmedia:umodsys.mod.media.stdio.obj
 0001:000016ed       ??4?$TRefObject@UIRefObject@core@UModSys@@U?$TRefObjectFunc@UIRefObject@core@UModSys@@@tl@3@@tl@UModSys@@QAEABU012@PAUIRefObject@core@2@@Z 004026ed f i umodsys_lib_libmedia:umodsys.mod.media.stdio.obj
 0001:00001708       ??0SVFileName@libmedia@UModSys@@QAE@ABU?$TString@U?$TSCoreConst@D@su@tl@UModSys@@U?$TComparerBinaryHash@D@234@@tl@2@0_N@Z 00402708 f   umodsys_lib_libmedia:umodsys.lib.media.common.obj
 0001:00001763       ?init@SVFileName@libmedia@UModSys@@QAEXPBDH_N@Z 00402763 f   umodsys_lib_libmedia:umodsys.lib.media.common.obj
 0001:0000181e       ??4?$TString@U?$TSCoreConst@D@su@tl@UModSys@@U?$TComparerBinaryHash@D@234@@tl@UModSys@@QAEABU012@PBD@Z 0040281e f i umodsys_lib_libmedia:umodsys.lib.media.common.obj
 0001:0000183f       ??$safe_snprintf@D@syshlp@core@UModSys@@YAIPADIPBDZZ 0040283f f i umodsys_lib_libmedia:umodsys.lib.media.common.obj
 0001:0000185d       ?get_interface_info@RConsole_std@rsystem@base@UModSys@@UBEABUSUniquePointerInfo@core@4@XZ 0040285d f i umodsys_lib_basesys:umodsys.basesys.rconsole_std.obj
 0001:00001863       ?get_interface_type@RConsole_std@rsystem@base@UModSys@@UBEPBUSUniquePointerInfo@core@4@XZ 00402863 f i umodsys_lib_basesys:umodsys.basesys.rconsole_std.obj
 0001:00001869       ?get_other_interface@RConsole_std@rsystem@base@UModSys@@UBEPBUIRoot@core@4@PBUSUniquePointerInfo@64@@Z 00402869 f i umodsys_lib_basesys:umodsys.basesys.rconsole_std.obj
 0001:00001869       ?get_other_interface@RConsole_std@rsystem@base@UModSys@@UAEPAUIRoot@core@4@PBUSUniquePointerInfo@64@@Z 00402869 f i umodsys_lib_basesys:umodsys.basesys.rconsole_std.obj
 0001:0000188a       ?ref_add@RConsole_std@rsystem@base@UModSys@@UBEXXZ 0040288a f   umodsys_lib_basesys:umodsys.basesys.rconsole_std.obj
 0001:0000188a       ?ref_remove@RConsole_std@rsystem@base@UModSys@@UBEXXZ 0040288a f   umodsys_lib_basesys:umodsys.basesys.rconsole_std.obj
 0001:0000188a       ?suicide@RGenerator@stdio@media@modules@UModSys@@UAEXXZ 0040288a f   umodsys_lib_libmedia:umodsys.mod.media.stdio.obj
 0001:0000188b       ?moduledb_load@RModuleLoader@rsystem@base@UModSys@@UAE_NABU?$TString@U?$TSCoreConst@D@su@tl@UModSys@@U?$TComparerBinaryHash@D@234@@tl@4@@Z 0040288b f   umodsys_lib_basesys:umodsys.basesys.rmoduleloader.obj
 0001:0000188b       ?ref_weak@RConsole_std@rsystem@base@UModSys@@UBE_NAAUWeakPointer@IRefObject@core@4@@Z 0040288b f   umodsys_lib_basesys:umodsys.basesys.rconsole_std.obj
 0001:0000188b       ?moduledb_lib_drop@RModuleLoader@rsystem@base@UModSys@@UAE_NPAUIModuleLibrary@34@@Z 0040288b f   umodsys_lib_basesys:umodsys.basesys.rmoduleloader.obj
 0001:00001890       ?vput@RConsole_std@rsystem@base@UModSys@@UAE_NHPBDPAD@Z 00402890 f   umodsys_lib_basesys:umodsys.basesys.rconsole_std.obj
 0001:000018d8       ?put@RConsole_std@rsystem@base@UModSys@@UAA_NHPBDZZ 004028d8 f   umodsys_lib_basesys:umodsys.basesys.rconsole_std.obj
 0001:0000191f       ?vget_c@RConsole_std@rsystem@base@UModSys@@UAE_NPAHPBDPAD@Z 0040291f f   umodsys_lib_basesys:umodsys.basesys.rconsole_std.obj
 0001:00001924       ?get_s@RConsole_std@rsystem@base@UModSys@@UAA_NPADIPBDZZ 00402924 f   umodsys_lib_basesys:umodsys.basesys.rconsole_std.obj
 0001:00001924       ?get_c@RConsole_std@rsystem@base@UModSys@@UAA_NPAHPBDZZ 00402924 f   umodsys_lib_basesys:umodsys.basesys.rconsole_std.obj
 0001:00001927       ?vget_s@RConsole_std@rsystem@base@UModSys@@UAE_NPADIPBD0@Z 00402927 f   umodsys_lib_basesys:umodsys.basesys.rconsole_std.obj
 0001:0000192c       ?reflect@RConsole_std@rsystem@base@UModSys@@QAE_NPBD@Z 0040292c f   umodsys_lib_basesys:umodsys.basesys.rconsole_std.obj
 0001:0000196c       ??_ERConsole_std@rsystem@base@UModSys@@UAEPAXI@Z 0040296c f i  CIL library: CIL module
 0001:0000196c       ??_GRConsole_std@rsystem@base@UModSys@@UAEPAXI@Z 0040296c f i umodsys_lib_basesys:umodsys.basesys.rconsole_std.obj
 0001:00001996       ??0EExceptionBase@core@UModSys@@QAE@PBUSSourceContext@12@HPBD@Z 00402996 f i umodsys_lib_basesys:umodsys.basesys.rsystem_main.obj
 0001:000019c1       ?decode_error@EExceptionBase@core@UModSys@@UBEHPADI@Z 004029c1 f i umodsys_lib_basesys:umodsys.basesys.rsystem_main.obj
 0001:000019ea       ?decode_error@EFatal@core@UModSys@@UBEHPADI@Z 004029ea f i umodsys_lib_basesys:umodsys.basesys.rsystem_main.obj
 0001:00001a13       ?decode_error@EWarning@core@UModSys@@UBEHPADI@Z 00402a13 f i umodsys_lib_basesys:umodsys.basesys.rsystem_main.obj
 0001:00001a3c       ??_EEWarning@core@UModSys@@UAEPAXI@Z 00402a3c f i  CIL library: CIL module
 0001:00001a3c       ??_EEFatal@core@UModSys@@UAEPAXI@Z 00402a3c f i  CIL library: CIL module
 0001:00001a3c       ??_GEFatal@core@UModSys@@UAEPAXI@Z 00402a3c f i umodsys_lib_basesys:umodsys.basesys.rsystem_main.obj
 0001:00001a3c       ??_EEExceptionBase@core@UModSys@@UAEPAXI@Z 00402a3c f i  CIL library: CIL module
 0001:00001a3c       ??_GEWarning@core@UModSys@@UAEPAXI@Z 00402a3c f i umodsys_lib_basesys:umodsys.basesys.rsystem_main.obj
 0001:00001a3c       ??_GEExceptionBase@core@UModSys@@UAEPAXI@Z 00402a3c f i umodsys_lib_basesys:umodsys.basesys.rsystem_main.obj
 0001:00001a59       ??1EFatal@core@UModSys@@UAE@XZ 00402a59 f i umodsys_lib_basesys:umodsys.basesys.rsystem_main.obj
 0001:00001a59       ??1EWarning@core@UModSys@@UAE@XZ 00402a59 f i umodsys_lib_basesys:umodsys.basesys.rsystem_main.obj
 0001:00001a60       ?get_interface_info@RSystem@rsystem@base@UModSys@@UBEABUSUniquePointerInfo@core@4@XZ 00402a60 f i umodsys_lib_basesys:umodsys.basesys.rsystem_main.obj
 0001:00001a66       ?get_interface_type@RSystem@rsystem@base@UModSys@@UBEPBUSUniquePointerInfo@core@4@XZ 00402a66 f i umodsys_lib_basesys:umodsys.basesys.rsystem_main.obj
 0001:00001a6c       ?get_other_interface@RSystem@rsystem@base@UModSys@@UAEPAUIRoot@core@4@PBUSUniquePointerInfo@64@@Z 00402a6c f i umodsys_lib_basesys:umodsys.basesys.rsystem_main.obj
 0001:00001a6c       ?get_other_interface@RSystem@rsystem@base@UModSys@@UBEPBUIRoot@core@4@PBUSUniquePointerInfo@64@@Z 00402a6c f i umodsys_lib_basesys:umodsys.basesys.rsystem_main.obj
 0001:00001a8d       ?init@RSystem@rsystem@base@UModSys@@QAE_NXZ 00402a8d f   umodsys_lib_basesys:umodsys.basesys.rsystem_main.obj
 0001:00001b7e       ?deinit@RSystem@rsystem@base@UModSys@@QAE_NXZ 00402b7e f   umodsys_lib_basesys:umodsys.basesys.rsystem_main.obj
 0001:00001c38       ?set_console@RSystem@rsystem@base@UModSys@@QAEXPAUIConsole@34@@Z 00402c38 f   umodsys_lib_basesys:umodsys.basesys.rsystem_main.obj
 0001:00001c5f       ??0RSystem@rsystem@base@UModSys@@QAE@XZ 00402c5f f   umodsys_lib_basesys:umodsys.basesys.rsystem_main.obj
 0001:00001da0       ??_ERSystem@rsystem@base@UModSys@@UAEPAXI@Z 00402da0 f i  CIL library: CIL module
 0001:00001da0       ??_GRSystem@rsystem@base@UModSys@@UAEPAXI@Z 00402da0 f i umodsys_lib_basesys:umodsys.basesys.rsystem_main.obj
 0001:00001dbd       ??1RSystem@rsystem@base@UModSys@@UAE@XZ 00402dbd f   umodsys_lib_basesys:umodsys.basesys.rsystem_main.obj
 0001:00001e56       ?dbg_put@rsystem@base@UModSys@@YAXW4eRSystemDebugLevels@123@PBDZZ 00402e56 f   umodsys_lib_basesys:umodsys.basesys.rsystem_main.obj
 0001:00001e82       ?err_put@rsystem@base@UModSys@@YAXW4eRSystemDebugLevels@123@PBDZZ 00402e82 f   umodsys_lib_basesys:umodsys.basesys.rsystem_main.obj
 0001:00001eae       ??1?$TStaticStringPool@DU?$TComparerBinaryHash@D@su@tl@UModSys@@USMemAlloc_Malloc@core@4@@tl@UModSys@@QAE@XZ 00402eae f i umodsys_lib_basesys:umodsys.basesys.rsystem_main.obj
 0001:00001eb3       ??1?$TQuantArrayUnique@USUniquePointerInfo@core@UModSys@@$0BAA@USMemAlloc_Malloc@23@@tl@UModSys@@QAE@XZ 00402eb3 f i umodsys_lib_basesys:umodsys.basesys.rsystem_main.obj
 0001:00001eb3       ??1?$TQuantArrayUnique@USSourceContext@core@UModSys@@$0BAA@USMemAlloc_Malloc@23@@tl@UModSys@@QAE@XZ 00402eb3 f i umodsys_lib_basesys:umodsys.basesys.rsystem_main.obj
 0001:00001ee9       ??1?$TTreeHoldRBD@U?$TQuantArrayNode@USUniquePointerInfo@core@UModSys@@$0BAA@@tl@UModSys@@U?$TNodeDeleter@U?$TQuantArrayNode@USUniquePointerInfo@core@UModSys@@$0BAA@@tl@UModSys@@USMemAlloc_Malloc@core@3@@23@@tl@UModSys@@QAE@XZ 00402ee9 f i umodsys_lib_basesys:umodsys.basesys.rsystem_main.obj
 0001:00001ee9       ??1?$TTreeHoldRBD@U?$TQuantArrayNode@USSourceContext@core@UModSys@@$0BAA@@tl@UModSys@@U?$TNodeDeleter@U?$TQuantArrayNode@USSourceContext@core@UModSys@@$0BAA@@tl@UModSys@@USMemAlloc_Malloc@core@3@@23@@tl@UModSys@@QAE@XZ 00402ee9 f i umodsys_lib_basesys:umodsys.basesys.rsystem_main.obj
 0001:00001eff       ?mem_alloc@?$TRMemAlloc_CC@U?$TMemAllocHeader@USMagic@mem_headers@rsystem@base@UModSys@@U?$TPool@X@2345@USDebug@2345@UVoid@core@5@U895@@rsystem@base@UModSys@@USMemAlloc_Malloc@core@4@@rsystem@base@UModSys@@UAEPAXIPBUSSourceContext@core@4@@Z 00402eff f i umodsys_lib_basesys:umodsys.basesys.rsystem_main.obj
 0001:00001f59       ?mem_realloc@?$TRMemAlloc_CC@U?$TMemAllocHeader@USMagic@mem_headers@rsystem@base@UModSys@@U?$TPool@X@2345@USDebug@2345@UVoid@core@5@U895@@rsystem@base@UModSys@@USMemAlloc_Malloc@core@4@@rsystem@base@UModSys@@UAEPAXPAXIPBUSSourceContext@core@4@@Z 00402f59 f i umodsys_lib_basesys:umodsys.basesys.rsystem_main.obj
 0001:000020dc       ?mem_free@?$TRMemAlloc_CC@U?$TMemAllocHeader@USMagic@mem_headers@rsystem@base@UModSys@@U?$TPool@X@2345@USDebug@2345@UVoid@core@5@U895@@rsystem@base@UModSys@@USMemAlloc_Malloc@core@4@@rsystem@base@UModSys@@UAEXPAXPBUSSourceContext@core@4@@Z 004030dc f i umodsys_lib_basesys:umodsys.basesys.rsystem_main.obj
 0001:00002176       ?free@?$TStaticStringPool@DU?$TComparerBinaryHash@D@su@tl@UModSys@@USMemAlloc_Malloc@core@4@@tl@UModSys@@QAEXXZ 00403176 f i umodsys_lib_basesys:umodsys.basesys.rsystem_main.obj
 0001:000021b1       ?next_node@?$TTreeHoldRB@U?$TQuantArrayNode@USUniquePointerInfo@core@UModSys@@$0BAA@@tl@UModSys@@@tl@UModSys@@SAPAU?$TQuantArrayNode@USUniquePointerInfo@core@UModSys@@$0BAA@@23@PAU423@@Z 004031b1 f i umodsys_lib_basesys:umodsys.basesys.rsystem_main.obj
 0001:000021b1       ?next_node@?$TTreeHoldRB@U?$TQuantArrayNode@USSourceContext@core@UModSys@@$0BAA@@tl@UModSys@@@tl@UModSys@@SAPAU?$TQuantArrayNode@USSourceContext@core@UModSys@@$0BAA@@23@PAU423@@Z 004031b1 f i umodsys_lib_basesys:umodsys.basesys.rsystem.obj
 0001:000021d6       ??$valid@U?$TRMemAlloc_CC@U?$TMemAllocHeader@USMagic@mem_headers@rsystem@base@UModSys@@U?$TPool@X@2345@USDebug@2345@UVoid@core@5@U895@@rsystem@base@UModSys@@USMemAlloc_Malloc@core@4@@rsystem@base@UModSys@@@?$TMemAllocHeader@USMagic@mem_headers@rsystem@base@UModSys@@U?$TPool@X@2345@USDebug@2345@UVoid@core@5@U895@@rsystem@base@UModSys@@QBE_NPBU?$TRMemAlloc_CC@U?$TMemAllocHeader@USMagic@mem_headers@rsystem@base@UModSys@@U?$TPool@X@2345@USDebug@2345@UVoid@core@5@U895@@rsystem@base@UModSys@@USMemAlloc_Malloc@core@4@@123@@Z 004031d6 f i umodsys_lib_basesys:umodsys.basesys.rsystem_main.obj
 0001:000021fd       ??$process@UEFatal@core@UModSys@@@IExceptionHandler@core@UModSys@@QAEXABUEFatal@12@@Z 004031fd f i umodsys_lib_basesys:umodsys.basesys.rsystem_main.obj
 0001:0000222f       ??$process_nodes_r@U?$TNodeDeleter@U?$TQuantArrayNode@USUniquePointerInfo@core@UModSys@@$0BAA@@tl@UModSys@@USMemAlloc_Malloc@core@3@@tl@UModSys@@@?$TTreeHoldRB@U?$TQuantArrayNode@USUniquePointerInfo@core@UModSys@@$0BAA@@tl@UModSys@@@tl@UModSys@@KAHPAU?$TQuantArrayNode@USUniquePointerInfo@core@UModSys@@$0BAA@@12@ABU?$TNodeDeleter@U?$TQuantArrayNode@USUniquePointerInfo@core@UModSys@@$0BAA@@tl@UModSys@@USMemAlloc_Malloc@core@3@@12@@Z 0040322f f i umodsys_lib_basesys:umodsys.basesys.rsystem_main.obj
 0001:0000222f       ??$process_nodes_r@U?$TNodeDeleter@U?$TQuantArrayNode@USSourceContext@core@UModSys@@$0BAA@@tl@UModSys@@USMemAlloc_Malloc@core@3@@tl@UModSys@@@?$TTreeHoldRB@U?$TQuantArrayNode@USSourceContext@core@UModSys@@$0BAA@@tl@UModSys@@@tl@UModSys@@KAHPAU?$TQuantArrayNode@USSourceContext@core@UModSys@@$0BAA@@12@ABU?$TNodeDeleter@U?$TQuantArrayNode@USSourceContext@core@UModSys@@$0BAA@@tl@UModSys@@USMemAlloc_Malloc@core@3@@12@@Z 0040322f f i umodsys_lib_basesys:umodsys.basesys.rsystem_main.obj
 0001:00002271       ??0EFatal@core@UModSys@@QAE@ABU012@@Z 00403271 f i umodsys_lib_basesys:umodsys.basesys.rsystem_main.obj
 0001:00002289       ??0EExceptionBase@core@UModSys@@QAE@ABU012@@Z 00403289 f i umodsys_lib_basesys:umodsys.basesys.rsystem_main.obj
 0001:000022b1       ??0EWarning@core@UModSys@@QAE@ABU012@@Z 004032b1 f i umodsys_lib_basesys:umodsys.basesys.rsystem_main.obj
 0001:000022c9       ?exec_test_shells@RSystem@rsystem@base@UModSys@@QAE_NXZ 004032c9 f   umodsys_lib_basesys:umodsys.basesys.rsystem_tests.obj
 0001:0000243f       ??1?$TParametersA@$0EAA@@core@UModSys@@QAE@XZ 0040343f f i umodsys_lib_basesys:umodsys.basesys.rsystem_tests.obj
 0001:0000244c       ??$t_moduledb_generate@UIShell@base@UModSys@@@IModuleLoader@base@UModSys@@QAE_NAAU?$TRefObject@UIShell@base@UModSys@@U?$TRefObjectFunc@UIShell@base@UModSys@@@tl@3@@tl@2@PBUSUniquePointerInfo@core@2@ABUSParameters@62@@Z 0040344c f i umodsys_lib_basesys:umodsys.basesys.rsystem_tests.obj
 0001:000024de       ?eq@SModuleInfo@base@UModSys@@QBE_NABU?$TString@U?$TSCoreConst@D@su@tl@UModSys@@U?$TComparerBinaryHash@D@234@@tl@3@ABUSVersion@core@3@@Z 004034de f i umodsys_lib_basesys:umodsys.basesys.rmoduleloader.obj
 0001:00002503       ?moduledb_findobjname@RModuleLoader@rsystem@base@UModSys@@UAEIPBUSUniquePointerInfo@core@4@QAPBU564@IPBD@Z 00403503 f   umodsys_lib_basesys:umodsys.basesys.rmoduleloader.obj
 0001:00002570       ?moduledb_generate@RModuleLoader@rsystem@base@UModSys@@UAE_NAAU?$TRefObject@UIRefObject@core@UModSys@@U?$TRefObjectFunc@UIRefObject@core@UModSys@@@tl@3@@tl@4@PBUSUniquePointerInfo@core@4@ABUSParameters@84@@Z 00403570 f   umodsys_lib_basesys:umodsys.basesys.rmoduleloader.obj
 0001:000025c5       ?moduledb_lib_count@RModuleLoader@rsystem@base@UModSys@@UAEIXZ 004035c5 f   umodsys_lib_basesys:umodsys.basesys.rmoduleloader.obj
 0001:000025ca       ?moduledb_lib_get@RModuleLoader@rsystem@base@UModSys@@UBEPAUIModuleLibrary@34@I@Z 004035ca f   umodsys_lib_basesys:umodsys.basesys.rmoduleloader.obj
 0001:000025ea       ?moduledb_module_count@RModuleLoader@rsystem@base@UModSys@@UAEIXZ 004035ea f   umodsys_lib_basesys:umodsys.basesys.rmoduleloader.obj
 0001:0000260c       ?moduledb_module_get@RModuleLoader@rsystem@base@UModSys@@UBEPAUIModule@34@I@Z 0040360c f   umodsys_lib_basesys:umodsys.basesys.rmoduleloader.obj
 0001:0000265a       ?moduledb_find@RModuleLoader@rsystem@base@UModSys@@UBEPAUIModule@34@ABU?$TString@U?$TSCoreConst@D@su@tl@UModSys@@U?$TComparerBinaryHash@D@234@@tl@4@ABUSVersion@core@4@@Z 0040365a f   umodsys_lib_basesys:umodsys.basesys.rmoduleloader.obj
 0001:00002711       ?moduledb_clear@RModuleLoader@rsystem@base@UModSys@@UAEXXZ 00403711 f   umodsys_lib_basesys:umodsys.basesys.rmoduleloader.obj
 0001:00002760       ?moduledb_cleanup@RModuleLoader@rsystem@base@UModSys@@UAEIXZ 00403760 f   umodsys_lib_basesys:umodsys.basesys.rmoduleloader.obj
 0001:00002860       ?moduledb_save@RModuleLoader@rsystem@base@UModSys@@UAE_NABU?$TString@U?$TSCoreConst@D@su@tl@UModSys@@U?$TComparerBinaryHash@D@234@@tl@4@@Z 00403860 f   umodsys_lib_basesys:umodsys.basesys.rmoduleloader.obj
 0001:000028e0       ?moduledb_scan@RModuleLoader@rsystem@base@UModSys@@UAEIABU?$TString@U?$TSCoreConst@D@su@tl@UModSys@@U?$TComparerBinaryHash@D@234@@tl@4@_N@Z 004038e0 f   umodsys_lib_basesys:umodsys.basesys.rmoduleloader.obj
 0001:0000296e       ?moduledb_get_string@RModuleLoader@rsystem@base@UModSys@@UAEABU?$TString@U?$TSCoreConst@D@su@tl@UModSys@@U?$TComparerBinaryHash@D@234@@tl@4@ABU564@@Z 0040396e f   umodsys_lib_basesys:umodsys.basesys.rmoduleloader.obj
 0001:00002980       ??_GRModuleLoader@rsystem@base@UModSys@@UAEPAXI@Z 00403980 f i umodsys_lib_basesys:umodsys.basesys.rmoduleloader.obj
 0001:00002980       ??_ERModuleLoader@rsystem@base@UModSys@@UAEPAXI@Z 00403980 f i  CIL library: CIL module
 0001:0000299d       ??_GIModuleLoader@base@UModSys@@UAEPAXI@Z 0040399d f i umodsys_lib_basesys:umodsys.basesys.rmoduleloader.obj
 0001:0000299d       ??_EIModuleLoader@base@UModSys@@UAEPAXI@Z 0040399d f i  CIL library: CIL module
 0001:000029ba       ??1RModuleLoader@rsystem@base@UModSys@@UAE@XZ 004039ba f   umodsys_lib_basesys:umodsys.basesys.rmoduleloader.obj
 0001:00002a20       ?append@?$TStaticStringPool@DU?$TComparerBinaryHash@D@su@tl@UModSys@@USMemAlloc_Malloc@core@4@@tl@UModSys@@QAEPBU?$TString@U?$TSCoreConst@D@su@tl@UModSys@@U?$TComparerBinaryHash@D@234@@23@PBD@Z 00403a20 f i umodsys_lib_basesys:umodsys.basesys.rmoduleloader.obj
 0001:00002a50       ??1?$TDynarrayDynamic@U?$TRefObject@URModuleLibrarySO@rsystem@base@UModSys@@U?$TRefObjectFunc@URModuleLibrarySO@rsystem@base@UModSys@@@tl@4@@tl@UModSys@@U?$TAllocator@USMemAlloc_Malloc@core@UModSys@@USCountCalcPower2@23@@23@@tl@UModSys@@QAE@XZ 00403a50 f i umodsys_lib_basesys:umodsys.basesys.rmoduleloader.obj
 0001:00002a6e       ?Free@?$TDynarray@U?$TDynarrayHolderDynamic@U?$TRefObject@URModuleLibrarySO@rsystem@base@UModSys@@U?$TRefObjectFunc@URModuleLibrarySO@rsystem@base@UModSys@@@tl@4@@tl@UModSys@@U?$TAllocator@USMemAlloc_Malloc@core@UModSys@@USCountCalcPower2@23@@23@@tl@UModSys@@@tl@UModSys@@QAE_NXZ 00403a6e f i umodsys_lib_basesys:umodsys.basesys.rmoduleloader.obj
 0001:00002a96       ?Resize@?$TDynarray@U?$TDynarrayHolderDynamic@U?$TRefObject@URModuleLibrarySO@rsystem@base@UModSys@@U?$TRefObjectFunc@URModuleLibrarySO@rsystem@base@UModSys@@@tl@4@@tl@UModSys@@U?$TAllocator@USMemAlloc_Malloc@core@UModSys@@USCountCalcPower2@23@@23@@tl@UModSys@@@tl@UModSys@@QAE_NI@Z 00403a96 f i umodsys_lib_basesys:umodsys.basesys.rmoduleloader.obj
 0001:00002af0       ??$?8U?$TSCoreConst@D@su@tl@UModSys@@U?$TComparerBinaryHash@D@123@@?$TString@U?$TSCoreConst@D@su@tl@UModSys@@U?$TComparerBinaryHash@D@234@@tl@UModSys@@QBE_NABU012@@Z 00403af0 f i umodsys_lib_basesys:umodsys.basesys.rmoduleloader.obj
 0001:00002b2b       ?append@?$TStaticStringPool@DU?$TComparerBinaryHash@D@su@tl@UModSys@@USMemAlloc_Malloc@core@4@@tl@UModSys@@QAEPBU?$TString@U?$TSCoreConst@D@su@tl@UModSys@@U?$TComparerBinaryHash@D@234@@23@PBDI@Z 00403b2b f i umodsys_lib_basesys:umodsys.basesys.rmoduleloader.obj
 0001:00002c5d       ?items_destruct@?$TDynarray@U?$TDynarrayHolderDynamic@U?$TRefObject@URModuleLibrarySO@rsystem@base@UModSys@@U?$TRefObjectFunc@URModuleLibrarySO@rsystem@base@UModSys@@@tl@4@@tl@UModSys@@U?$TAllocator@USMemAlloc_Malloc@core@UModSys@@USCountCalcPower2@23@@23@@tl@UModSys@@@tl@UModSys@@IAEXII@Z 00403c5d f i umodsys_lib_basesys:umodsys.basesys.rmoduleloader.obj
 0001:00002c88       ?append@CharChunk@?$TStaticStringPool@DU?$TComparerBinaryHash@D@su@tl@UModSys@@USMemAlloc_Malloc@core@4@@tl@UModSys@@QAEPADPBDI@Z 00403c88 f i umodsys_lib_basesys:umodsys.basesys.rmoduleloader.obj
 0001:00002cb1       ?find_s@?$TStaticStringPool@DU?$TComparerBinaryHash@D@su@tl@UModSys@@USMemAlloc_Malloc@core@4@@tl@UModSys@@QBEPBU?$TString@U?$TSCoreConst@D@su@tl@UModSys@@U?$TComparerBinaryHash@D@234@@23@ABU423@@Z 00403cb1 f i umodsys_lib_basesys:umodsys.basesys.rmoduleloader.obj
 0001:00002d05       ?get_interface_info@RModuleLibraryThis@rsystem@base@UModSys@@UBEABUSUniquePointerInfo@core@4@XZ 00403d05 f i umodsys_lib_basesys:umodsys.basesys.rmodulelibthis.obj
 0001:00002d0b       ?get_interface_type@RModuleLibraryThis@rsystem@base@UModSys@@UBEPBUSUniquePointerInfo@core@4@XZ 00403d0b f i umodsys_lib_basesys:umodsys.basesys.rmodulelibthis.obj
 0001:00002d11       ?get_other_interface@RModuleLibraryThis@rsystem@base@UModSys@@UAEPAUIRoot@core@4@PBUSUniquePointerInfo@64@@Z 00403d11 f i umodsys_lib_basesys:umodsys.basesys.rmodulelibthis.obj
 0001:00002d11       ?get_other_interface@RModuleLibraryThis@rsystem@base@UModSys@@UBEPBUIRoot@core@4@PBUSUniquePointerInfo@64@@Z 00403d11 f i umodsys_lib_basesys:umodsys.basesys.rmodulelibthis.obj
 0001:00002d3a       ?ref_add@RModuleLibraryThis@rsystem@base@UModSys@@UBEXXZ 00403d3a f i umodsys_lib_basesys:umodsys.basesys.rmodulelibthis.obj
 0001:00002d3e       ?ref_remove@RModuleLibraryThis@rsystem@base@UModSys@@UBEXXZ 00403d3e f i umodsys_lib_basesys:umodsys.basesys.rmodulelibthis.obj
 0001:00002d49       ?ref_links@RModuleLibraryThis@rsystem@base@UModSys@@UBEHXZ 00403d49 f i umodsys_lib_basesys:umodsys.basesys.rmodulelibthis.obj
 0001:00002d4d       ?ref_weak@RModuleLibraryThis@rsystem@base@UModSys@@UBE_NAAUWeakPointer@IRefObject@core@4@@Z 00403d4d f i umodsys_lib_basesys:umodsys.basesys.rmodulelibthis.obj
 0001:00002d6c       ?uni_load@RModuleLibraryThis@rsystem@base@UModSys@@UAE_NXZ 00403d6c f   umodsys_lib_basesys:umodsys.basesys.rmodulelibthis.obj
 0001:00002d76       ?uni_close@RModuleLibraryThis@rsystem@base@UModSys@@UAE_NXZ 00403d76 f   umodsys_lib_basesys:umodsys.basesys.rmodulelibthis.obj
 0001:00002d76       ?uni_unload@RModuleLibraryThis@rsystem@base@UModSys@@UAE_NXZ 00403d76 f   umodsys_lib_basesys:umodsys.basesys.rmodulelibthis.obj
 0001:00002d76       ?uni_open@RModuleLibraryThis@rsystem@base@UModSys@@UAE_NXZ 00403d76 f   umodsys_lib_basesys:umodsys.basesys.rmodulelibthis.obj
 0001:00002d79       ??_GRModuleLibraryThis@rsystem@base@UModSys@@UAEPAXI@Z 00403d79 f i umodsys_lib_basesys:umodsys.basesys.rmodulelibthis.obj
 0001:00002d79       ??_ERModuleLibraryThis@rsystem@base@UModSys@@UAEPAXI@Z 00403d79 f i  CIL library: CIL module
 0001:00002dc0       ?get_sys_libname@IModuleLibraryUni@rsystem@base@UModSys@@UBE?AU?$TString@U?$TSCoreConst@D@su@tl@UModSys@@U?$TComparerBinaryHash@D@234@@tl@4@XZ 00403dc0 f   umodsys_lib_basesys:umodsys.basesys.rmodulelib.obj
 0001:00002dd8       ?get_privmem@IModuleLibraryUni@rsystem@base@UModSys@@UBEPAUIMemAlloc@core@4@XZ 00403dd8 f   umodsys_lib_basesys:umodsys.basesys.rmodulelib.obj
 0001:00002ddc       ?get_module_count@IModuleLibraryUni@rsystem@base@UModSys@@UBEIXZ 00403ddc f   umodsys_lib_basesys:umodsys.basesys.rmodulelib.obj
 0001:00002de0       ?get_module@IModuleLibraryUni@rsystem@base@UModSys@@UBEPAUIModule@34@I@Z 00403de0 f   umodsys_lib_basesys:umodsys.basesys.rmodulelib.obj
 0001:00002df6       ?lib_loaded@IModuleLibraryUni@rsystem@base@UModSys@@UBE_NXZ 00403df6 f   umodsys_lib_basesys:umodsys.basesys.rmodulelib.obj
 0001:00002dff       ?lib_load@IModuleLibraryUni@rsystem@base@UModSys@@UAE_NXZ 00403dff f   umodsys_lib_basesys:umodsys.basesys.rmodulelib.obj
 0001:00002e1c       ?lib_unload@IModuleLibraryUni@rsystem@base@UModSys@@UAE_NXZ 00403e1c f   umodsys_lib_basesys:umodsys.basesys.rmodulelib.obj
 0001:00002e30       ?lib_free@IModuleLibraryUni@rsystem@base@UModSys@@UAE_NXZ 00403e30 f   umodsys_lib_basesys:umodsys.basesys.rmodulelib.obj
 0001:00002e49       ?lib_findobjname@IModuleLibraryUni@rsystem@base@UModSys@@UAEIPBUSUniquePointerInfo@core@4@QAPBU564@IPBD@Z 00403e49 f   umodsys_lib_basesys:umodsys.basesys.rmodulelib.obj
 0001:00002ea2       ?lib_generate@IModuleLibraryUni@rsystem@base@UModSys@@UAE_NAAU?$TRefObject@UIRefObject@core@UModSys@@U?$TRefObjectFunc@UIRefObject@core@UModSys@@@tl@3@@tl@4@PBUSUniquePointerInfo@core@4@ABUSParameters@84@@Z 00403ea2 f   umodsys_lib_basesys:umodsys.basesys.rmodulelib.obj
 0001:00002edd       ?cleanup@IModuleLibraryUni@rsystem@base@UModSys@@QAEIXZ 00403edd f   umodsys_lib_basesys:umodsys.basesys.rmodulelib.obj
 0001:00002f09       ?load0@IModuleLibraryUni@rsystem@base@UModSys@@QAE_NXZ 00403f09 f   umodsys_lib_basesys:umodsys.basesys.rmodulelib.obj
 0001:00002f4e       ?link@IModuleLibraryUni@rsystem@base@UModSys@@QAE_NXZ 00403f4e f   umodsys_lib_basesys:umodsys.basesys.rmodulelib.obj
 0001:000030d0       ?unlink@IModuleLibraryUni@rsystem@base@UModSys@@QAE_NXZ 004040d0 f   umodsys_lib_basesys:umodsys.basesys.rmodulelib.obj
 0001:00003103       ?scan@IModuleLibraryUni@rsystem@base@UModSys@@QAE_NXZ 00404103 f   umodsys_lib_basesys:umodsys.basesys.rmodulelib.obj
 0001:0000314f       ?save_db@IModuleLibraryUni@rsystem@base@UModSys@@QAE_NPAU_iobuf@@@Z 0040414f f   umodsys_lib_basesys:umodsys.basesys.rmodulelib.obj
 0001:000031b1       ??0IModuleLibraryUni@rsystem@base@UModSys@@QAE@PAUISystem@23@PAUIModuleLibraryReg@23@@Z 004041b1 f   umodsys_lib_basesys:umodsys.basesys.rmodulelib.obj
 0001:000031f5       ??_EIModuleLibraryUni@rsystem@base@UModSys@@UAEPAXI@Z 004041f5 f i  CIL library: CIL module
 0001:000031f5       ??_GIModuleLibraryUni@rsystem@base@UModSys@@UAEPAXI@Z 004041f5 f i umodsys_lib_basesys:umodsys.basesys.rmodulelib.obj
 0001:00003211       ??1IModuleLibraryUni@rsystem@base@UModSys@@UAE@XZ 00404211 f   umodsys_lib_basesys:umodsys.basesys.rmodulelib.obj
 0001:00003237       ??1?$TDynarray@U?$TDynarrayHolderDynamic@U?$TRefObject@URModule@rsystem@base@UModSys@@U?$TRefObjectFunc@URModule@rsystem@base@UModSys@@@tl@4@@tl@UModSys@@U?$TAllocator@USMemAlloc_Malloc@core@UModSys@@USCountCalcPower2@23@@23@@tl@UModSys@@@tl@UModSys@@QAE@XZ 00404237 f i umodsys_lib_basesys:umodsys.basesys.rmodulelib.obj
 0001:0000326f       ?ResizeRel@?$TDynarray@U?$TDynarrayHolderDynamic@U?$TRefObject@URModule@rsystem@base@UModSys@@U?$TRefObjectFunc@URModule@rsystem@base@UModSys@@@tl@4@@tl@UModSys@@U?$TAllocator@USMemAlloc_Malloc@core@UModSys@@USCountCalcPower2@23@@23@@tl@UModSys@@@tl@UModSys@@QAE_NH@Z 0040426f f i umodsys_lib_basesys:umodsys.basesys.rmodulelib.obj
 0001:000032ef       ?info_release@?$TSCoreShared@USMemAlloc_Malloc@core@UModSys@@D@su@tl@UModSys@@QAEXXZ 004042ef f i umodsys_lib_basesys:umodsys.basesys.rmodulelib.obj
 0001:00003319       ?check_leaks@?$TRMemAlloc_CC@U?$TMemAllocHeader@USMagic@mem_headers@rsystem@base@UModSys@@U?$TPool@X@2345@USDebug@2345@UVoid@core@5@U895@@rsystem@base@UModSys@@USMemAlloc_Malloc@core@4@@rsystem@base@UModSys@@QAEI_NPAUIExceptionHandler@core@4@@Z 00404319 f i umodsys_lib_basesys:umodsys.basesys.rmodulelib.obj
 0001:00003389       ?ReLink@?$TDynarray@U?$TDynarrayHolderDynamic@U?$TRefObject@URModuleLibrarySO@rsystem@base@UModSys@@U?$TRefObjectFunc@URModuleLibrarySO@rsystem@base@UModSys@@@tl@4@@tl@UModSys@@U?$TAllocator@USMemAlloc_Malloc@core@UModSys@@USCountCalcPower2@23@@23@@tl@UModSys@@@tl@UModSys@@IAE_NI@Z 00404389 f i umodsys_lib_basesys:umodsys.basesys.rmoduleloader.obj
 0001:00003389       ?ReLink@?$TDynarray@U?$TDynarrayHolderDynamic@U?$TRefObject@URModule@rsystem@base@UModSys@@U?$TRefObjectFunc@URModule@rsystem@base@UModSys@@@tl@4@@tl@UModSys@@U?$TAllocator@USMemAlloc_Malloc@core@UModSys@@USCountCalcPower2@23@@23@@tl@UModSys@@@tl@UModSys@@IAE_NI@Z 00404389 f i umodsys_lib_basesys:umodsys.basesys.rmodulelib.obj
 0001:000033c5       ?scalar_compare@core@UModSys@@YAHABUSUniquePointerInfo@12@0@Z 004043c5 f i umodsys_lib_basesys:umodsys.basesys.rsystem.obj
 0001:00003408       ?upi_add@RSystem@rsystem@base@UModSys@@UAEPBUSUniquePointerInfo@core@4@PBU564@@Z 00404408 f   umodsys_lib_basesys:umodsys.basesys.rsystem.obj
 0001:00003499       ?upi_remove@RSystem@rsystem@base@UModSys@@UAEHPBUSUniquePointerInfo@core@4@@Z 00404499 f   umodsys_lib_basesys:umodsys.basesys.rsystem.obj
 0001:0000349f       ?persist_ctx@RSystem@rsystem@base@UModSys@@UAEPBUSSourceContext@core@4@PBU564@@Z 0040449f f   umodsys_lib_basesys:umodsys.basesys.rsystem.obj
 0001:00003530       ?get_params@RSystem@rsystem@base@UModSys@@UAEPAUIParameters@core@4@XZ 00404530 f   umodsys_lib_basesys:umodsys.basesys.rsystem.obj
 0001:00003534       ?get_sysmem@RSystem@rsystem@base@UModSys@@UAEPAUIMemAlloc@core@4@XZ 00404534 f   umodsys_lib_basesys:umodsys.basesys.rsystem.obj
 0001:0000353b       ?get_sharemem@RSystem@rsystem@base@UModSys@@UAEPAUIMemAlloc@core@4@XZ 0040453b f   umodsys_lib_basesys:umodsys.basesys.rsystem.obj
 0001:00003542       ?get_modloader@RSystem@rsystem@base@UModSys@@UAEPAUIModuleLoader@34@XZ 00404542 f   umodsys_lib_basesys:umodsys.basesys.rsystem.obj
 0001:00003546       ?get_upr@RSystem@rsystem@base@UModSys@@UAEPAUIUniquePointerResolver@core@4@XZ 00404546 f   umodsys_lib_basesys:umodsys.basesys.rsystem.obj
 0001:00003551       ?get_sca@RSystem@rsystem@base@UModSys@@UAEPAUISourceContextAdapter@core@4@XZ 00404551 f   umodsys_lib_basesys:umodsys.basesys.rsystem.obj
 0001:0000355c       ?find@?$TQuantArrayUnique@USUniquePointerInfo@core@UModSys@@$0BAA@USMemAlloc_Malloc@23@@tl@UModSys@@QAEPBUSUniquePointerInfo@core@3@ABU453@@Z 0040455c f i umodsys_lib_basesys:umodsys.basesys.rsystem.obj
 0001:000035ba       ?find@?$TQuantArrayUnique@USSourceContext@core@UModSys@@$0BAA@USMemAlloc_Malloc@23@@tl@UModSys@@QAEPBUSSourceContext@core@3@ABU453@@Z 004045ba f i umodsys_lib_basesys:umodsys.basesys.rsystem.obj
 0001:00003659       ?add@?$TQuantArrayUnique@USSourceContext@core@UModSys@@$0BAA@USMemAlloc_Malloc@23@@tl@UModSys@@QAEPAUSSourceContext@core@3@ABU453@@Z 00404659 f i umodsys_lib_basesys:umodsys.basesys.rsystem.obj
 0001:00003659       ?add@?$TQuantArrayUnique@USUniquePointerInfo@core@UModSys@@$0BAA@USMemAlloc_Malloc@23@@tl@UModSys@@QAEPAUSUniquePointerInfo@core@3@ABU453@@Z 00404659 f i umodsys_lib_basesys:umodsys.basesys.rsystem.obj
 0001:00003769       ?insert_color@?$TTreeHoldRB@U?$TQuantArrayNode@USSourceContext@core@UModSys@@$0BAA@@tl@UModSys@@@tl@UModSys@@IAEXPAU?$TQuantArrayNode@USSourceContext@core@UModSys@@$0BAA@@23@@Z 00404769 f i umodsys_lib_basesys:umodsys.basesys.rsystem.obj
 0001:00003769       ?insert_color@?$TTreeHoldRB@U?$TQuantArrayNode@USUniquePointerInfo@core@UModSys@@$0BAA@@tl@UModSys@@@tl@UModSys@@IAEXPAU?$TQuantArrayNode@USUniquePointerInfo@core@UModSys@@$0BAA@@23@@Z 00404769 f i umodsys_lib_basesys:umodsys.basesys.rsystem.obj
 0001:00003817       ?rotate_left@?$TTreeHoldRB@U?$TQuantArrayNode@USSourceContext@core@UModSys@@$0BAA@@tl@UModSys@@@tl@UModSys@@IAEXPAU?$TQuantArrayNode@USSourceContext@core@UModSys@@$0BAA@@23@@Z 00404817 f i umodsys_lib_basesys:umodsys.basesys.rsystem.obj
 0001:00003817       ?rotate_left@?$TTreeHoldRB@U?$TQuantArrayNode@USUniquePointerInfo@core@UModSys@@$0BAA@@tl@UModSys@@@tl@UModSys@@IAEXPAU?$TQuantArrayNode@USUniquePointerInfo@core@UModSys@@$0BAA@@23@@Z 00404817 f i umodsys_lib_basesys:umodsys.basesys.rsystem.obj
 0001:00003856       ?rotate_right@?$TTreeHoldRB@U?$TQuantArrayNode@USSourceContext@core@UModSys@@$0BAA@@tl@UModSys@@@tl@UModSys@@IAEXPAU?$TQuantArrayNode@USSourceContext@core@UModSys@@$0BAA@@23@@Z 00404856 f i umodsys_lib_basesys:umodsys.basesys.rsystem.obj
 0001:00003856       ?rotate_right@?$TTreeHoldRB@U?$TQuantArrayNode@USUniquePointerInfo@core@UModSys@@$0BAA@@tl@UModSys@@@tl@UModSys@@IAEXPAU?$TQuantArrayNode@USUniquePointerInfo@core@UModSys@@$0BAA@@23@@Z 00404856 f i umodsys_lib_basesys:umodsys.basesys.rsystem.obj
 0001:00003895       ?get_interface_info@RParameters@rsystem@base@UModSys@@UBEABUSUniquePointerInfo@core@4@XZ 00404895 f i umodsys_lib_basesys:umodsys.basesys.rparameters.obj
 0001:0000389b       ?get_interface_type@RParameters@rsystem@base@UModSys@@UBEPBUSUniquePointerInfo@core@4@XZ 0040489b f i umodsys_lib_basesys:umodsys.basesys.rparameters.obj
 0001:000038a1       ?get_other_interface@RParameters@rsystem@base@UModSys@@UAEPAUIRoot@core@4@PBUSUniquePointerInfo@64@@Z 004048a1 f i umodsys_lib_basesys:umodsys.basesys.rparameters.obj
 0001:000038a1       ?get_other_interface@RParameters@rsystem@base@UModSys@@UBEPBUIRoot@core@4@PBUSUniquePointerInfo@64@@Z 004048a1 f i umodsys_lib_basesys:umodsys.basesys.rparameters.obj
 0001:000038c2       ?ref_add@RParameters@rsystem@base@UModSys@@UBEXXZ 004048c2 f i umodsys_lib_basesys:umodsys.basesys.rparameters.obj
 0001:000038c6       ?ref_remove@RParameters@rsystem@base@UModSys@@UBEXXZ 004048c6 f i umodsys_lib_basesys:umodsys.basesys.rparameters.obj
 0001:000038d1       ?ref_links@RParameters@rsystem@base@UModSys@@UBEHXZ 004048d1 f i umodsys_lib_basesys:umodsys.basesys.rparameters.obj
 0001:000038d1       ?get_console@RSystem@rsystem@base@UModSys@@UAEPAUIConsole@34@XZ 004048d1 f i umodsys_lib_basesys:umodsys.basesys.rsystem.obj
 0001:000038d5       ?ref_weak@RParameters@rsystem@base@UModSys@@UBE_NAAUWeakPointer@IRefObject@core@4@@Z 004048d5 f i umodsys_lib_basesys:umodsys.basesys.rparameters.obj
 0001:000038f4       ?find_elem@RParameters@rsystem@base@UModSys@@IAEPBUElem@1234@PBXHHHPBD@Z 004048f4 f   umodsys_lib_basesys:umodsys.basesys.rparameters.obj
 0001:0000396d       ?estimate_size@RParameters@rsystem@base@UModSys@@IAEHAAUElem@1234@HPBDHH@Z 0040496d f   umodsys_lib_basesys:umodsys.basesys.rparameters.obj
 0001:000039d2       ?free_elems@RParameters@rsystem@base@UModSys@@IAEXPAXH@Z 004049d2 f   umodsys_lib_basesys:umodsys.basesys.rparameters.obj
 0001:00003a2a       ?alloc_elems@RParameters@rsystem@base@UModSys@@IAEXPAXH@Z 00404a2a f   umodsys_lib_basesys:umodsys.basesys.rparameters.obj
 0001:00003a7b       ?add_last@RParameters@rsystem@base@UModSys@@IAE_NPAUSParametersData@core@4@PBDPBXH@Z 00404a7b f   umodsys_lib_basesys:umodsys.basesys.rparameters.obj
 0001:00003c43       ?p_deinit@RParameters@rsystem@base@UModSys@@UAEXPAUSParametersData@core@4@@Z 00404c43 f   umodsys_lib_basesys:umodsys.basesys.rparameters.obj
 0001:00003c98       ?p_init@RParameters@rsystem@base@UModSys@@UAEXPAUSParametersData@core@4@H@Z 00404c98 f   umodsys_lib_basesys:umodsys.basesys.rparameters.obj
 0001:00003cdc       ?p_init@RParameters@rsystem@base@UModSys@@UAEXPAUSParametersData@core@4@ABU564@@Z 00404cdc f   umodsys_lib_basesys:umodsys.basesys.rparameters.obj
 0001:00003d63       ?p_copy@RParameters@rsystem@base@UModSys@@UAEXPAUSParametersData@core@4@ABU564@@Z 00404d63 f   umodsys_lib_basesys:umodsys.basesys.rparameters.obj
 0001:00003e55       ?p_init_s@RParameters@rsystem@base@UModSys@@UAEXPAUSParametersData@core@4@PAXH@Z 00404e55 f   umodsys_lib_basesys:umodsys.basesys.rparameters.obj
 0001:00003e7f       ?p_init_s@RParameters@rsystem@base@UModSys@@UAEXPAUSParametersData@core@4@ABU564@PAXH@Z 00404e7f f   umodsys_lib_basesys:umodsys.basesys.rparameters.obj
 0001:00003ee8       ?next@RParameters@rsystem@base@UModSys@@UAE_NPBUSParametersData@core@4@AAPBD@Z 00404ee8 f   umodsys_lib_basesys:umodsys.basesys.rparameters.obj
 0001:00003f8b       ?next@RParameters@rsystem@base@UModSys@@UAE_NPBUSParametersData@core@4@AAU?$TString@U?$TSCoreConst@D@su@tl@UModSys@@U?$TComparerBinaryHash@D@234@@tl@4@@Z 00404f8b f   umodsys_lib_basesys:umodsys.basesys.rparameters.obj
 0001:0000402c       ?add@RParameters@rsystem@base@UModSys@@UAE_NPAUSParametersData@core@4@PBD1@Z 0040502c f   umodsys_lib_basesys:umodsys.basesys.rparameters.obj
 0001:00004042       ?add@RParameters@rsystem@base@UModSys@@UAE_NPAUSParametersData@core@4@PBDH@Z 00405042 f   umodsys_lib_basesys:umodsys.basesys.rparameters.obj
 0001:00004059       ?add@RParameters@rsystem@base@UModSys@@UAE_NPAUSParametersData@core@4@PBDABN@Z 00405059 f   umodsys_lib_basesys:umodsys.basesys.rparameters.obj
 0001:0000406f       ?add@RParameters@rsystem@base@UModSys@@UAE_NPAUSParametersData@core@4@PBDPAUIRefObject@64@@Z 0040506f f   umodsys_lib_basesys:umodsys.basesys.rparameters.obj
 0001:00004086       ?get@RParameters@rsystem@base@UModSys@@UAE_NPBUSParametersData@core@4@PBDAAPBD@Z 00405086 f   umodsys_lib_basesys:umodsys.basesys.rparameters.obj
 0001:000040da       ?get@RParameters@rsystem@base@UModSys@@UAE_NPBUSParametersData@core@4@PBDAAH@Z 004050da f   umodsys_lib_basesys:umodsys.basesys.rparameters.obj
 0001:0000412e       ?get@RParameters@rsystem@base@UModSys@@UAE_NPBUSParametersData@core@4@PBDAAN@Z 0040512e f   umodsys_lib_basesys:umodsys.basesys.rparameters.obj
 0001:00004182       ?get@RParameters@rsystem@base@UModSys@@UAE_NPBUSParametersData@core@4@PBDAAPAUIRefObject@64@@Z 00405182 f   umodsys_lib_basesys:umodsys.basesys.rparameters.obj
 0001:000041d6       ??$shash@D@su@tl@UModSys@@YAHPBD@Z 004051d6 f i umodsys_lib_basesys:umodsys.basesys.rparameters.obj
 0001:000041f2       ??$t_alloc@UIMemAlloc@core@UModSys@@@SMemChunk@core@UModSys@@QAE_NAAUIMemAlloc@12@IPBUSSourceContext@12@@Z 004051f2 f i umodsys_lib_basesys:umodsys.basesys.rparameters.obj
 0001:000042b3       ?pfd_load@RModuleLibrarySO@rsystem@base@UModSys@@SAPAUIModuleLibraryReg@34@PAUPFD_Data@1234@ABU?$TString@U?$TSCoreConst@D@su@tl@UModSys@@U?$TComparerBinaryHash@D@234@@tl@4@@Z 004052b3 f   umodsys_lib_basesys:umodsys.basesys.rmodule.win32.obj
 0001:0000436d       ?pfd_unload@RModuleLibrarySO@rsystem@base@UModSys@@SA_NPAUPFD_Data@1234@@Z 0040536d f   umodsys_lib_basesys:umodsys.basesys.rmodule.win32.obj
 0001:000045c6       ??0?$U16String@$0BAAA@@syshlp@core@UModSys@@QAE@PBD@Z 004055c6 f i umodsys_lib_basesys:umodsys.basesys.rmodule.win32.obj
 0001:000045f7       ?get_interface_info@RModule@rsystem@base@UModSys@@UBEABUSUniquePointerInfo@core@4@XZ 004055f7 f i umodsys_lib_basesys:umodsys.basesys.rmodule.obj
 0001:000045fd       ?get_interface_type@RModule@rsystem@base@UModSys@@UBEPBUSUniquePointerInfo@core@4@XZ 004055fd f i umodsys_lib_basesys:umodsys.basesys.rmodule.obj
 0001:00004603       ?get_other_interface@RModule@rsystem@base@UModSys@@UAEPAUIRoot@core@4@PBUSUniquePointerInfo@64@@Z 00405603 f i umodsys_lib_basesys:umodsys.basesys.rmodule.obj
 0001:00004603       ?get_other_interface@RModule@rsystem@base@UModSys@@UBEPBUIRoot@core@4@PBUSUniquePointerInfo@64@@Z 00405603 f i umodsys_lib_basesys:umodsys.basesys.rmodule.obj
 0001:00004624       ?ref_add@RModule@rsystem@base@UModSys@@UBEXXZ 00405624 f i umodsys_lib_basesys:umodsys.basesys.rmodule.obj
 0001:00004628       ?ref_remove@RModule@rsystem@base@UModSys@@UBEXXZ 00405628 f i umodsys_lib_basesys:umodsys.basesys.rmodule.obj
 0001:00004633       ?ref_links@RModule@rsystem@base@UModSys@@UBEHXZ 00405633 f i umodsys_lib_basesys:umodsys.basesys.rmodule.obj
 0001:00004637       ?ref_weak@RModule@rsystem@base@UModSys@@UBE_NAAUWeakPointer@IRefObject@core@4@@Z 00405637 f i umodsys_lib_basesys:umodsys.basesys.rmodule.obj
 0001:00004656       ?suicide@RModule@rsystem@base@UModSys@@UAEXXZ 00405656 f i umodsys_lib_basesys:umodsys.basesys.rmodule.obj
 0001:00004696       ?get_library@RModule@rsystem@base@UModSys@@UBEPAUIModuleLibrary@34@XZ 00405696 f   umodsys_lib_basesys:umodsys.basesys.rmodule.obj
 0001:0000469a       ?get_info@RModule@rsystem@base@UModSys@@UBEABUSModuleInfo@34@XZ 0040569a f   umodsys_lib_basesys:umodsys.basesys.rmodule.obj
 0001:0000469e       ?is_open@RModule@rsystem@base@UModSys@@UBE_NXZ 0040569e f   umodsys_lib_basesys:umodsys.basesys.rmodule.obj
 0001:000046b7       ?open@RModule@rsystem@base@UModSys@@UAE_NXZ 004056b7 f   umodsys_lib_basesys:umodsys.basesys.rmodule.obj
 0001:00004707       ?close@RModule@rsystem@base@UModSys@@UAE_NXZ 00405707 f   umodsys_lib_basesys:umodsys.basesys.rmodule.obj
 0001:00004744       ?reg@RModule@rsystem@base@UModSys@@UAE_NPAUIModObject@34@_N@Z 00405744 f   umodsys_lib_basesys:umodsys.basesys.rmodule.obj
 0001:0000476e       ?reg@RModule@rsystem@base@UModSys@@UAE_NPAUIGenerator@34@_N@Z 0040576e f   umodsys_lib_basesys:umodsys.basesys.rmodule.obj
 0001:000047b0       ?mod_findobjname@RModule@rsystem@base@UModSys@@UAEIPBUSUniquePointerInfo@core@4@QAPBU564@IPBD@Z 004057b0 f   umodsys_lib_basesys:umodsys.basesys.rmodule.obj
 0001:000048a2       ?mod_generate@RModule@rsystem@base@UModSys@@UAE_NAAU?$TRefObject@UIRefObject@core@UModSys@@U?$TRefObjectFunc@UIRefObject@core@UModSys@@@tl@3@@tl@4@PBUSUniquePointerInfo@core@4@ABUSParameters@84@@Z 004058a2 f   umodsys_lib_basesys:umodsys.basesys.rmodule.obj
 0001:00004994       ?reg_generator@RModule@rsystem@base@UModSys@@QAE_NPAUModuleObjInfo@1234@PAUIGenerator@34@@Z 00405994 f   umodsys_lib_basesys:umodsys.basesys.rmodule.obj
 0001:00004af8       ?reg_obj@RModule@rsystem@base@UModSys@@QAEPAUModuleObjInfo@1234@PAUIModObject@34@@Z 00405af8 f   umodsys_lib_basesys:umodsys.basesys.rmodule.obj
 0001:00004bec       ?unreg_obj@RModule@rsystem@base@UModSys@@QAE_NPAUIModObject@34@@Z 00405bec f   umodsys_lib_basesys:umodsys.basesys.rmodule.obj
 0001:00004c7e       ?alloc_minfo@RModule@rsystem@base@UModSys@@QAE_NABUSModuleInfo@34@@Z 00405c7e f   umodsys_lib_basesys:umodsys.basesys.rmodule.obj
 0001:00004cf1       ?save_db@RModule@rsystem@base@UModSys@@QAE_NPAU_iobuf@@@Z 00405cf1 f   umodsys_lib_basesys:umodsys.basesys.rmodule.obj
 0001:00004e72       ??0RModule@rsystem@base@UModSys@@QAE@PAUIModuleLibraryUni@123@PAUIModuleReg@23@@Z 00405e72 f   umodsys_lib_basesys:umodsys.basesys.rmodule.obj
 0001:00004f1a       ??_ERModule@rsystem@base@UModSys@@UAEPAXI@Z 00405f1a f i  CIL library: CIL module
 0001:00004f1a       ??_GRModule@rsystem@base@UModSys@@UAEPAXI@Z 00405f1a f i umodsys_lib_basesys:umodsys.basesys.rmodule.obj
 0001:00004f64       ??1?$TDynarrayDynamic@UModuleObjInfo@RModule@rsystem@base@UModSys@@U?$TAllocator@USMemAlloc_Malloc@core@UModSys@@USCountCalcPower2@23@@tl@5@@tl@UModSys@@QAE@XZ 00405f64 f i umodsys_lib_basesys:umodsys.basesys.rmodule.obj
 0001:00004f69       ??1?$TDynarrayDynamic@UGeneratedObjInfo@RModule@rsystem@base@UModSys@@U?$TAllocator@USMemAlloc_Malloc@core@UModSys@@USCountCalcPower2@23@@tl@5@@tl@UModSys@@QAE@XZ 00405f69 f i umodsys_lib_basesys:umodsys.basesys.rmodule.obj
 0001:00004f6e       ??1?$TDynarrayDynamic@PBUSUniquePointerInfo@core@UModSys@@U?$TAllocator@USMemAlloc_Malloc@core@UModSys@@USCountCalcPower2@23@@tl@3@@tl@UModSys@@QAE@XZ 00405f6e f i umodsys_lib_basesys:umodsys.basesys.rmodule.obj
 0001:00004f73       ??1?$TDynarray@U?$TDynarrayHolderDynamic@UModuleObjInfo@RModule@rsystem@base@UModSys@@U?$TAllocator@USMemAlloc_Malloc@core@UModSys@@USCountCalcPower2@23@@tl@5@@tl@UModSys@@@tl@UModSys@@QAE@XZ 00405f73 f i umodsys_lib_basesys:umodsys.basesys.rmodule.obj
 0001:00004fb1       ??1?$TDynarray@U?$TDynarrayHolderDynamic@UGeneratedObjInfo@RModule@rsystem@base@UModSys@@U?$TAllocator@USMemAlloc_Malloc@core@UModSys@@USCountCalcPower2@23@@tl@5@@tl@UModSys@@@tl@UModSys@@QAE@XZ 00405fb1 f i umodsys_lib_basesys:umodsys.basesys.rmodule.obj
 0001:00004fee       ??1?$TDynarray@U?$TDynarrayHolderDynamic@PBUSUniquePointerInfo@core@UModSys@@U?$TAllocator@USMemAlloc_Malloc@core@UModSys@@USCountCalcPower2@23@@tl@3@@tl@UModSys@@@tl@UModSys@@QAE@XZ 00405fee f i umodsys_lib_basesys:umodsys.basesys.rmodule.obj
 0001:00005029       ?ResizeRel@?$TDynarray@U?$TDynarrayHolderDynamic@UModuleObjInfo@RModule@rsystem@base@UModSys@@U?$TAllocator@USMemAlloc_Malloc@core@UModSys@@USCountCalcPower2@23@@tl@5@@tl@UModSys@@@tl@UModSys@@QAE_NH@Z 00406029 f i umodsys_lib_basesys:umodsys.basesys.rmodule.obj
 0001:000050ab       ?ResizeRel@?$TDynarray@U?$TDynarrayHolderDynamic@UGeneratedObjInfo@RModule@rsystem@base@UModSys@@U?$TAllocator@USMemAlloc_Malloc@core@UModSys@@USCountCalcPower2@23@@tl@5@@tl@UModSys@@@tl@UModSys@@QAE_NH@Z 004060ab f i umodsys_lib_basesys:umodsys.basesys.rmodule.obj
 0001:0000512e       ?ResizeRel@?$TDynarray@U?$TDynarrayHolderDynamic@PBUSUniquePointerInfo@core@UModSys@@U?$TAllocator@USMemAlloc_Malloc@core@UModSys@@USCountCalcPower2@23@@tl@3@@tl@UModSys@@@tl@UModSys@@QAE_NH@Z 0040612e f i umodsys_lib_basesys:umodsys.basesys.rmodule.obj
 0001:0000518b       ??$wildcmp@D@su@tl@UModSys@@YA_NPBD0@Z 0040618b f i umodsys_lib_basesys:umodsys.basesys.rmodule.obj
 0001:00005203       ?get_interface_info@RModuleLibrarySO@rsystem@base@UModSys@@UBEABUSUniquePointerInfo@core@4@XZ 00406203 f i umodsys_lib_basesys:umodsys.basesys.rmodulelibso.obj
 0001:00005209       ?get_interface_type@RModuleLibrarySO@rsystem@base@UModSys@@UBEPBUSUniquePointerInfo@core@4@XZ 00406209 f i umodsys_lib_basesys:umodsys.basesys.rmodulelibso.obj
 0001:0000520f       ?get_other_interface@RModuleLibrarySO@rsystem@base@UModSys@@UAEPAUIRoot@core@4@PBUSUniquePointerInfo@64@@Z 0040620f f i umodsys_lib_basesys:umodsys.basesys.rmodulelibso.obj
 0001:0000520f       ?get_other_interface@RModuleLibrarySO@rsystem@base@UModSys@@UBEPBUIRoot@core@4@PBUSUniquePointerInfo@64@@Z 0040620f f i umodsys_lib_basesys:umodsys.basesys.rmodulelibso.obj
 0001:00005238       ?ref_add@RModuleLibrarySO@rsystem@base@UModSys@@UBEXXZ 00406238 f i umodsys_lib_basesys:umodsys.basesys.rmodulelibso.obj
 0001:0000523f       ?ref_remove@RModuleLibrarySO@rsystem@base@UModSys@@UBEXXZ 0040623f f i umodsys_lib_basesys:umodsys.basesys.rmodulelibso.obj
 0001:0000524d       ?ref_links@RModuleLibrarySO@rsystem@base@UModSys@@UBEHXZ 0040624d f i umodsys_lib_basesys:umodsys.basesys.rmodulelibso.obj
 0001:00005254       ?ref_weak@RModuleLibrarySO@rsystem@base@UModSys@@UBE_NAAUWeakPointer@IRefObject@core@4@@Z 00406254 f i umodsys_lib_basesys:umodsys.basesys.rmodulelibso.obj
 0001:00005276       ?uni_load@RModuleLibrarySO@rsystem@base@UModSys@@UAE_NXZ 00406276 f   umodsys_lib_basesys:umodsys.basesys.rmodulelibso.obj
 0001:000052aa       ?uni_unload@RModuleLibrarySO@rsystem@base@UModSys@@UAE_NXZ 004062aa f   umodsys_lib_basesys:umodsys.basesys.rmodulelibso.obj
 0001:000052b5       ?uni_open@RModuleLibrarySO@rsystem@base@UModSys@@UAE_NXZ 004062b5 f   umodsys_lib_basesys:umodsys.basesys.rmodulelibso.obj
 0001:000052d7       ?uni_close@RModuleLibrarySO@rsystem@base@UModSys@@UAE_NXZ 004062d7 f   umodsys_lib_basesys:umodsys.basesys.rmodulelibso.obj
 0001:000052e7       ?s_add@RModuleLibrarySO@rsystem@base@UModSys@@SA_NPAUISystem@34@AAU?$TDynarrayDynamic@U?$TRefObject@URModuleLibrarySO@rsystem@base@UModSys@@U?$TRefObjectFunc@URModuleLibrarySO@rsystem@base@UModSys@@@tl@4@@tl@UModSys@@U?$TAllocator@USMemAlloc_Malloc@core@UModSys@@USCountCalcPower2@23@@23@@tl@4@PBD@Z 004062e7 f   umodsys_lib_basesys:umodsys.basesys.rmodulelibso.obj
 0001:00005463       ??_ERModuleLibrarySO@rsystem@base@UModSys@@UAEPAXI@Z 00406463 f i  CIL library: CIL module
 0001:00005463       ??_GRModuleLibrarySO@rsystem@base@UModSys@@UAEPAXI@Z 00406463 f i umodsys_lib_basesys:umodsys.basesys.rmodulelibso.obj
 0001:000054b2       ?set@?$TString@U?$TSCoreShared@USMemAlloc_Malloc@core@UModSys@@D@su@tl@UModSys@@U?$TComparerBinaryHash@D@234@@tl@UModSys@@QAEXPBD@Z 004064b2 f i umodsys_lib_basesys:umodsys.basesys.rmodulelibso.obj
 0001:00005529       ?Link@SModuleContext@base@UModSys@@QAEXPAUISystem@23@PAUIMemAlloc@core@3@@Z 00406529 f   umodsys_lib_base:umodsys.base.modulecontext.obj
 0001:00005569       ?s_get@SModuleRegChain@base@UModSys@@SAPAUIModuleReg@23@I@Z 00406569 f   umodsys_lib_base:umodsys.base.moduleregchain.obj
 0001:0000558d       ?mlr_count@RModuleLibraryReg_Chain@base@UModSys@@UBEIXZ 0040658d f   umodsys_lib_base:umodsys.base.moduleregchain.obj
 0001:000055a0       ?mlr_get@RModuleLibraryReg_Chain@base@UModSys@@UBEPAUIModuleReg@23@I@Z 004065a0 f   umodsys_lib_base:umodsys.base.moduleregchain.obj
 0001:000055ad       ?mlr_open@RModuleLibraryReg_Chain@base@UModSys@@UAE_NPAUISystem@23@PAUIMemAlloc@core@3@@Z 004065ad f   umodsys_lib_base:umodsys.base.moduleregchain.obj
 0001:000055d3       ?mlr_close@RModuleLibraryReg_Chain@base@UModSys@@UAE_NXZ 004065d3 f   umodsys_lib_base:umodsys.base.moduleregchain.obj
 0001:00005600       ?mlr_isopen@RModuleLibraryReg_Chain@base@UModSys@@UBE_NXZ 00406600 f   umodsys_lib_base:umodsys.base.moduleregchain.obj
 0001:0000560c       _UModSys_Plugin_Entry2@0   0040660c f   umodsys_lib_base:umodsys.so_main.win32.obj
 0001:00005612       ??_EIModuleReg@base@UModSys@@UAEPAXI@Z 00406612 f i  CIL library: CIL module
 0001:00005612       ??_ERModuleReg@stdio@media@modules@UModSys@@UAEPAXI@Z 00406612 f i  CIL library: CIL module
 0001:00005612       ??_GIModuleReg@base@UModSys@@UAEPAXI@Z 00406612 f i umodsys_lib_base:umodsys.base.modulereg.obj
 0001:00005612       ??_GRModuleReg@stdio@media@modules@UModSys@@UAEPAXI@Z 00406612 f i umodsys_lib_libmedia:umodsys.mod.media.stdio.obj
 0001:0000562f       ?mr_isopen@IModuleReg@base@UModSys@@UBE_NXZ 0040662f f   umodsys_lib_base:umodsys.base.modulereg.obj
 0001:00005638       ?mr_open@IModuleReg@base@UModSys@@UAE_NXZ 00406638 f   umodsys_lib_base:umodsys.base.modulereg.obj
 0001:00005653       ?mr_close@IModuleReg@base@UModSys@@UAE_NXZ 00406653 f   umodsys_lib_base:umodsys.base.modulereg.obj
 0001:00005660       ??_EIModuleLibraryReg@base@UModSys@@UAEPAXI@Z 00406660 f i  CIL library: CIL module
 0001:00005660       ??_GIModuleLibraryReg@base@UModSys@@UAEPAXI@Z 00406660 f i umodsys_lib_base:umodsys.base.modulereg.obj
 0001:00005660       ??_ERModuleLibraryReg_Chain@base@UModSys@@UAEPAXI@Z 00406660 f i  CIL library: CIL module
 0001:00005660       ??_GRModuleLibraryReg_Chain@base@UModSys@@UAEPAXI@Z 00406660 f i umodsys_lib_base:umodsys.base.moduleregchain.obj
 0001:0000567d       ??1IModuleLoader@base@UModSys@@UAE@XZ 0040667d f   umodsys_lib_base:umodsys.base.moduleloader.obj
 0001:00005684       ??0SUniquePointer@core@UModSys@@QAE@PBD0H@Z 00406684 f   umodsys_lib_core:umodsys.core.uniqueptr.obj
 0001:000056cd       ??1SModuleRegChain@base@UModSys@@QAE@XZ 004066cd f   umodsys_lib_base:umodsys.base.moduleregchain.obj
 0001:000056cd       ??1SUniquePointer@core@UModSys@@QAE@XZ 004066cd f   umodsys_lib_core:umodsys.core.uniqueptr.obj
 0001:000056eb       ?s_resolve@SUniquePointer@core@UModSys@@SAXPAUIUniquePointerResolver@23@@Z 004066eb f   umodsys_lib_core:umodsys.core.uniqueptr.obj
 0001:00005728       ?s_unresolve@SUniquePointer@core@UModSys@@SAXPAUIUniquePointerResolver@23@@Z 00406728 f   umodsys_lib_core:umodsys.core.uniqueptr.obj
 0001:00005753       ?c_fopen@syshlp@core@UModSys@@YAPAU_iobuf@@PBD0@Z 00406753 f   umodsys_lib_core:umodsys.core.syshlp_files.win32.obj
 0001:000057c1       ?c_fopentemp@syshlp@core@UModSys@@YAPAU_iobuf@@AAPADPBD@Z 004067c1 f   umodsys_lib_core:umodsys.core.syshlp_files.win32.obj
 0001:0000584b       ?c_fendtemp@syshlp@core@UModSys@@YA_NAAPAU_iobuf@@AAPAD_N@Z 0040684b f   umodsys_lib_core:umodsys.core.syshlp_files.win32.obj
 0001:000058e2       ?suicide@RModuleLibraryThis@rsystem@base@UModSys@@UAEXXZ 004068e2 f   umodsys_lib_basesys:umodsys.basesys.rmodulelibthis.obj
 0001:000058e2       ?suicide@RModuleLibrarySO@rsystem@base@UModSys@@UAEXXZ 004068e2 f   umodsys_lib_basesys:umodsys.basesys.rmodulelibso.obj
 0001:000058e2       ?suicide@RParameters@rsystem@base@UModSys@@UAEXXZ 004068e2 f   umodsys_lib_basesys:umodsys.basesys.rparameters.obj
 0001:000058e2       ?suicide@IRoot@core@UModSys@@UAEXXZ 004068e2 f   umodsys_lib_core:umodsys.core.objects.obj
 0001:000058ed       ??3IRoot@core@UModSys@@SAXPAX@Z 004068ed f   umodsys_lib_core:umodsys.core.objects.obj
 0001:00005906       ?Set@?$TSet@U?$TArray@PBUSUniquePointerInfo@core@UModSys@@@tl@UModSys@@U?$TScalarCompare@PBUSUniquePointerInfo@core@UModSys@@@core@3@@tl@UModSys@@QAE_NABQBUSUniquePointerInfo@core@3@@Z 00406906 f i umodsys_lib_core:umodsys.core.uniqueptrlist.obj
 0001:00005976       ?gracial_cpy@syshlp@core@UModSys@@YA_NPADHQAPBDH@Z 00406976 f   umodsys_lib_core:umodsys.core.syshlp_chars.win32.obj
 0001:000059f9       ?gracial_cpy@syshlp@core@UModSys@@YA_NPA_WHQAPB_WH@Z 004069f9 f   umodsys_lib_core:umodsys.core.syshlp_chars.win32.obj
 0001:00005a89       ?path_uni_os@syshlp@core@UModSys@@YAXPA_W@Z 00406a89 f   umodsys_lib_core:umodsys.core.syshlp_chars.win32.obj
 0001:00005aa0       ?gracial_convert@syshlp@core@UModSys@@YA_NPA_WHPBDH@Z 00406aa0 f   umodsys_lib_core:umodsys.core.syshlp_charcode.win32.obj
 0001:00005acd       ?gracial_convert@syshlp@core@UModSys@@YA_NPADHPB_WH@Z 00406acd f   umodsys_lib_core:umodsys.core.syshlp_charcode.win32.obj
 0001:00005afd       __onexit                   00406afd f   MSVCRT:atonexit.obj
 0001:00005ba2       _atexit                    00406ba2 f   MSVCRT:atonexit.obj
 0001:00005e5b       _mainCRTStartup            00406e5b f   MSVCRT:crtexe.obj
 0001:00005e66       __purecall                 00406e66 f   MSVCRT:MSVCR90.dll
 0001:00005e6c       ??3@YAXPAX@Z               00406e6c f   MSVCRT:MSVCR90.dll
 0001:00005e72       ??_Etype_info@@UAEPAXI@Z   00406e72 f i MSVCRT:ti_inst.obj
 0001:00005ebe       __unlock                   00406ebe f   MSVCRT:MSVCR90.dll
 0001:00005ec4       ___dllonexit               00406ec4 f   MSVCRT:MSVCR90.dll
 0001:00005eca       __lock                     00406eca f   MSVCRT:MSVCR90.dll
 0001:00005ed0       __SEH_prolog4              00406ed0 f   MSVCRT:sehprolg4.obj
 0001:00005f15       __SEH_epilog4              00406f15 f   MSVCRT:sehprolg4.obj
 0001:00005f29       __except_handler4          00406f29 f   MSVCRT:chandler4gs.obj
 0001:00005f4e       ?__CxxUnhandledExceptionFilter@@YGJPAU_EXCEPTION_POINTERS@@@Z 00406f4e f   MSVCRT:unhandld.obj
 0001:00005f90       ___CxxSetUnhandledExceptionFilter 00406f90 f   MSVCRT:unhandld.obj
 0001:00005f9e       __amsg_exit                00406f9e f   MSVCRT:MSVCR90.dll
 0001:00005fa4       __RTC_Initialize           00406fa4 f   MSVCRT:_initsect_.obj
 0001:00005fca       __RTC_Terminate            00406fca f   MSVCRT:_initsect_.obj
 0001:00005ff0       __XcptFilter               00406ff0 f   MSVCRT:MSVCR90.dll
 0001:00006000       __ValidateImageBase        00407000 f   MSVCRT:pesect.obj
 0001:00006040       __FindPESection            00407040 f   MSVCRT:pesect.obj
 0001:00006090       __IsNonwritableInCurrentImage 00407090 f   MSVCRT:pesect.obj
 0001:0000614e       __initterm                 0040714e f   MSVCRT:MSVCR90.dll
 0001:00006154       __initterm_e               00407154 f   MSVCRT:MSVCR90.dll
[...]
 0001:00006598       __ehhandler$?save_writer@RDataArchiver_OsDir@stdio@media@modules@UModSys@@UAE?AU?$TRefObject@UIStreamWriter@libmedia@UModSys@@U?$TRefObjectFunc@UIStreamWriter@libmedia@UModSys@@@tl@3@@tl@5@ABU?$TString@U?$TSCoreConst@D@su@tl@UModSys@@U?$TComparerBinaryHash@D@234@@75@ABUSFlags@libmedia@5@@Z 00407598 f    CIL library: CIL module
 0001:000065a2       __unwindfunclet$?save_data@RDataArchiver_OsDir@stdio@media@modules@UModSys@@UAE_NABU?$TString@U?$TSCoreConst@D@su@tl@UModSys@@U?$TComparerBinaryHash@D@234@@tl@5@ABUSCMem@core@5@ABUSFlags@libmedia@5@@Z$0 004075a2 f    CIL library: CIL module
 0001:000065ad       __unwindfunclet$?save_data@RDataArchiver_OsDir@stdio@media@modules@UModSys@@UAE_NABU?$TString@U?$TSCoreConst@D@su@tl@UModSys@@U?$TComparerBinaryHash@D@234@@tl@5@ABUSCMem@core@5@ABUSFlags@libmedia@5@@Z$1 004075ad f    CIL library: CIL module
 0001:000065be       __ehhandler$?save_data@RDataArchiver_OsDir@stdio@media@modules@UModSys@@UAE_NABU?$TString@U?$TSCoreConst@D@su@tl@UModSys@@U?$TComparerBinaryHash@D@234@@tl@5@ABUSCMem@core@5@ABUSFlags@libmedia@5@@Z 004075be f    CIL library: CIL module
 0001:000065c8       __unwindfunclet$?load_reader@RDataArchiver_OsDir@stdio@media@modules@UModSys@@UAE?AU?$TRefObject@UIStreamReader@libmedia@UModSys@@U?$TRefObjectFunc@UIStreamReader@libmedia@UModSys@@@tl@3@@tl@5@ABU?$TString@U?$TSCoreConst@D@su@tl@UModSys@@U?$TComparerBinaryHash@D@234@@75@ABUSFlags@libmedia@5@@Z$1 004075c8 f    CIL library: CIL module
 0001:000065d0       __unwindfunclet$?load_reader@RDataArchiver_OsDir@stdio@media@modules@UModSys@@UAE?AU?$TRefObject@UIStreamReader@libmedia@UModSys@@U?$TRefObjectFunc@UIStreamReader@libmedia@UModSys@@@tl@3@@tl@5@ABU?$TString@U?$TSCoreConst@D@su@tl@UModSys@@U?$TComparerBinaryHash@D@234@@75@ABUSFlags@libmedia@5@@Z$2 004075d0 f    CIL library: CIL module
 0001:000065db       __unwindfunclet$?load_reader@RDataArchiver_OsDir@stdio@media@modules@UModSys@@UAE?AU?$TRefObject@UIStreamReader@libmedia@UModSys@@U?$TRefObjectFunc@UIStreamReader@libmedia@UModSys@@@tl@3@@tl@5@ABU?$TString@U?$TSCoreConst@D@su@tl@UModSys@@U?$TComparerBinaryHash@D@234@@75@ABUSFlags@libmedia@5@@Z$0 004075db f    CIL library: CIL module
 0001:000065f4       __ehhandler$?load_reader@RDataArchiver_OsDir@stdio@media@modules@UModSys@@UAE?AU?$TRefObject@UIStreamReader@libmedia@UModSys@@U?$TRefObjectFunc@UIStreamReader@libmedia@UModSys@@@tl@3@@tl@5@ABU?$TString@U?$TSCoreConst@D@su@tl@UModSys@@U?$TComparerBinaryHash@D@234@@75@ABUSFlags@libmedia@5@@Z 004075f4 f    CIL library: CIL module
 0001:000065fe       __unwindfunclet$?load_data@RDataArchiver_OsDir@stdio@media@modules@UModSys@@UAE_NABU?$TString@U?$TSCoreConst@D@su@tl@UModSys@@U?$TComparerBinaryHash@D@234@@tl@5@AAUSCMemShared@core@5@ABUSFlags@libmedia@5@@Z$0 004075fe f    CIL library: CIL module
 0001:00006609       __unwindfunclet$?load_data@RDataArchiver_OsDir@stdio@media@modules@UModSys@@UAE_NABU?$TString@U?$TSCoreConst@D@su@tl@UModSys@@U?$TComparerBinaryHash@D@234@@tl@5@AAUSCMemShared@core@5@ABUSFlags@libmedia@5@@Z$1 00407609 f    CIL library: CIL module
 0001:0000661a       __unwindfunclet$?load_data@RDataArchiver_OsDir@stdio@media@modules@UModSys@@UAE_NABU?$TString@U?$TSCoreConst@D@su@tl@UModSys@@U?$TComparerBinaryHash@D@234@@tl@5@AAUSCMemShared@core@5@ABUSFlags@libmedia@5@@Z$2 0040761a f    CIL library: CIL module
 0001:00006625       __ehhandler$?load_data@RDataArchiver_OsDir@stdio@media@modules@UModSys@@UAE_NABU?$TString@U?$TSCoreConst@D@su@tl@UModSys@@U?$TComparerBinaryHash@D@234@@tl@5@AAUSCMemShared@core@5@ABUSFlags@libmedia@5@@Z 00407625 f    CIL library: CIL module
 0001:0000662f       __unwindfunclet$??0RDataArchiver_OsDir@stdio@media@modules@UModSys@@QAE@PAUIModObject@base@4@ABUSParameters@core@4@U?$TFlags4State@USMediaFlagUid@libmedia@UModSys@@I@tl@4@@Z$0 0040762f f    CIL library: CIL module
 0001:00006637       __unwindfunclet$??0RDataArchiver_OsDir@stdio@media@modules@UModSys@@QAE@PAUIModObject@base@4@ABUSParameters@core@4@U?$TFlags4State@USMediaFlagUid@libmedia@UModSys@@I@tl@4@@Z$1 00407637 f    CIL library: CIL module
 0001:00006642       __ehhandler$??0RDataArchiver_OsDir@stdio@media@modules@UModSys@@QAE@PAUIModObject@base@4@ABUSParameters@core@4@U?$TFlags4State@USMediaFlagUid@libmedia@UModSys@@I@tl@4@@Z 00407642 f    CIL library: CIL module
 0001:0000664c       __unwindfunclet$??_GRModuleLibrarySO@rsystem@base@UModSys@@UAEPAXI@Z$0 0040764c f    CIL library: CIL module
 0001:0000664c       __unwindfunclet$??_GRModuleLibraryThis@rsystem@base@UModSys@@UAEPAXI@Z$0 0040764c f    CIL library: CIL module
 0001:00006654       __ehhandler$??_GRModuleLibraryThis@rsystem@base@UModSys@@UAEPAXI@Z 00407654 f    CIL library: CIL module
 0001:00006654       __ehhandler$??_GRModuleLibrarySO@rsystem@base@UModSys@@UAEPAXI@Z 00407654 f    CIL library: CIL module
 0001:0000665e       __unwindfunclet$??0RModule@rsystem@base@UModSys@@QAE@PAUIModuleLibraryUni@123@PAUIModuleReg@23@@Z$0 0040765e f    CIL library: CIL module
 0001:00006666       __unwindfunclet$??0RModule@rsystem@base@UModSys@@QAE@PAUIModuleLibraryUni@123@PAUIModuleReg@23@@Z$1 00407666 f    CIL library: CIL module
 0001:00006671       __unwindfunclet$??0RModule@rsystem@base@UModSys@@QAE@PAUIModuleLibraryUni@123@PAUIModuleReg@23@@Z$2 00407671 f    CIL library: CIL module
 0001:0000667c       __unwindfunclet$??0RModule@rsystem@base@UModSys@@QAE@PAUIModuleLibraryUni@123@PAUIModuleReg@23@@Z$3 0040767c f    CIL library: CIL module
 0001:00006687       __ehhandler$??0RModule@rsystem@base@UModSys@@QAE@PAUIModuleLibraryUni@123@PAUIModuleReg@23@@Z 00407687 f    CIL library: CIL module
 0001:00006691       __unwindfunclet$?link@IModuleLibraryUni@rsystem@base@UModSys@@QAE_NXZ$0 00407691 f    CIL library: CIL module
 0001:0000669c       __ehhandler$?link@IModuleLibraryUni@rsystem@base@UModSys@@QAE_NXZ 0040769c f    CIL library: CIL module
 0001:000066a6       __unwindfunclet$?exec_test_shells@RSystem@rsystem@base@UModSys@@QAE_NXZ$0 004076a6 f    CIL library: CIL module
 0001:000066b1       __unwindfunclet$?exec_test_shells@RSystem@rsystem@base@UModSys@@QAE_NXZ$1 004076b1 f    CIL library: CIL module
 0001:000066bc       __ehhandler$?exec_test_shells@RSystem@rsystem@base@UModSys@@QAE_NXZ 004076bc f    CIL library: CIL module
 0001:000066c6       __unwindfunclet$??$t_gen_param@URDataArchiver_OsDir@stdio@media@modules@UModSys@@URGenerator@2345@@IGenerator@base@UModSys@@IAE_NPAURGenerator@stdio@media@modules@2@AAU?$TRefObject@UIRefObject@core@UModSys@@U?$TRefObjectFunc@UIRefObject@core@UModSys@@@tl@3@@tl@2@PBUSUniquePointerInfo@core@2@ABUSParameters@core@2@@Z$0 004076c6 f    CIL library: CIL module
 0001:000066d1       __unwindfunclet$??$t_gen_param@URDataArchiver_OsDir@stdio@media@modules@UModSys@@URGenerator@2345@@IGenerator@base@UModSys@@IAE_NPAURGenerator@stdio@media@modules@2@AAU?$TRefObject@UIRefObject@core@UModSys@@U?$TRefObjectFunc@UIRefObject@core@UModSys@@@tl@3@@tl@2@PBUSUniquePointerInfo@core@2@ABUSParameters@core@2@@Z$1 004076d1 f    CIL library: CIL module
 0001:000066d9       __ehhandler$??$t_gen_param@URDataArchiver_OsDir@stdio@media@modules@UModSys@@URGenerator@2345@@IGenerator@base@UModSys@@IAE_NPAURGenerator@stdio@media@modules@2@AAU?$TRefObject@UIRefObject@core@UModSys@@U?$TRefObjectFunc@UIRefObject@core@UModSys@@@tl@3@@tl@2@PBUSUniquePointerInfo@core@2@ABUSParameters@core@2@@Z 004076d9 f    CIL library: CIL module
 0001:000066e3       __unwindfunclet$?mem_free@?$TRMemAlloc_CC@U?$TMemAllocHeader@USMagic@mem_headers@rsystem@base@UModSys@@U?$TPool@X@2345@USDebug@2345@UVoid@core@5@U895@@rsystem@base@UModSys@@USMemAlloc_Malloc@core@4@@rsystem@base@UModSys@@UAEXPAXPBUSSourceContext@core@4@@Z$0 004076e3 f    CIL library: CIL module
 0001:000066eb       __ehhandler$?mem_free@?$TRMemAlloc_CC@U?$TMemAllocHeader@USMagic@mem_headers@rsystem@base@UModSys@@U?$TPool@X@2345@USDebug@2345@UVoid@core@5@U895@@rsystem@base@UModSys@@USMemAlloc_Malloc@core@4@@rsystem@base@UModSys@@UAEXPAXPBUSSourceContext@core@4@@Z 004076eb f    CIL library: CIL module
 0001:000066f5       __unwindfunclet$?mem_realloc@?$TRMemAlloc_CC@U?$TMemAllocHeader@USMagic@mem_headers@rsystem@base@UModSys@@U?$TPool@X@2345@USDebug@2345@UVoid@core@5@U895@@rsystem@base@UModSys@@USMemAlloc_Malloc@core@4@@rsystem@base@UModSys@@UAEPAXPAXIPBUSSourceContext@core@4@@Z$0 004076f5 f    CIL library: CIL module
 0001:000066fd       __unwindfunclet$?mem_realloc@?$TRMemAlloc_CC@U?$TMemAllocHeader@USMagic@mem_headers@rsystem@base@UModSys@@U?$TPool@X@2345@USDebug@2345@UVoid@core@5@U895@@rsystem@base@UModSys@@USMemAlloc_Malloc@core@4@@rsystem@base@UModSys@@UAEPAXPAXIPBUSSourceContext@core@4@@Z$1 004076fd f    CIL library: CIL module
 0001:00006705       __ehhandler$?mem_realloc@?$TRMemAlloc_CC@U?$TMemAllocHeader@USMagic@mem_headers@rsystem@base@UModSys@@U?$TPool@X@2345@USDebug@2345@UVoid@core@5@U895@@rsystem@base@UModSys@@USMemAlloc_Malloc@core@4@@rsystem@base@UModSys@@UAEPAXPAXIPBUSSourceContext@core@4@@Z 00407705 f    CIL library: CIL module
 0001:0000670f       ??__E?s_id@?$TObjectUniqueID@UIRoot@core@UModSys@@@tl@UModSys@@2USUniquePointer@core@3@A@@YAXXZ 0040770f f    CIL library: CIL module
 0001:00006731       ??__E?s_id@?$TObjectUniqueID@UIRefObject@core@UModSys@@@tl@UModSys@@2USUniquePointer@core@3@A@@YAXXZ 00407731 f    CIL library: CIL module
 0001:00006753       ??__E?s_id@?$TObjectUniqueID@UIParameters@core@UModSys@@@tl@UModSys@@2USUniquePointer@core@3@A@@YAXXZ 00407753 f    CIL library: CIL module
 0001:00006775       ??__E?s_id@?$TObjectUniqueID@UIModule@base@UModSys@@@tl@UModSys@@2USUniquePointer@core@3@A@@YAXXZ 00407775 f    CIL library: CIL module
 0001:00006797       ??__E?s_id@?$TObjectUniqueID@UIModuleLibrary@base@UModSys@@@tl@UModSys@@2USUniquePointer@core@3@A@@YAXXZ 00407797 f    CIL library: CIL module
 0001:000067b9       ??__E?s_id@?$TObjectUniqueID@UIModObject@base@UModSys@@@tl@UModSys@@2USUniquePointer@core@3@A@@YAXXZ 004077b9 f    CIL library: CIL module
 0001:000067db       ??__E?s_id@?$TObjectUniqueID@UIGenerator@base@UModSys@@@tl@UModSys@@2USUniquePointer@core@3@A@@YAXXZ 004077db f    CIL library: CIL module
 0001:000067fd       ??__E?s_id@?$TObjectUniqueID@UIShell@base@UModSys@@@tl@UModSys@@2USUniquePointer@core@3@A@@YAXXZ 004077fd f    CIL library: CIL module
 0001:0000681f       ??__E?s_id@?$TObjectUniqueID@UIConsole@base@UModSys@@@tl@UModSys@@2USUniquePointer@core@3@A@@YAXXZ 0040781f f    CIL library: CIL module
 0001:00006841       ??__E?s_id@?$TObjectUniqueID@UISystem@base@UModSys@@@tl@UModSys@@2USUniquePointer@core@3@A@@YAXXZ 00407841 f    CIL library: CIL module
 0001:00006863       ??__E?s_id@?$TObjectUniqueID@URModule@rsystem@base@UModSys@@@tl@UModSys@@2USUniquePointer@core@3@A@@YAXXZ 00407863 f    CIL library: CIL module
 0001:00006885       ??__E?s_id@?$TObjectUniqueID@UIModuleLibraryUni@rsystem@base@UModSys@@@tl@UModSys@@2USUniquePointer@core@3@A@@YAXXZ 00407885 f    CIL library: CIL module
 0001:000068a7       ??__E?s_id@?$TObjectUniqueID@URModuleLibrarySO@rsystem@base@UModSys@@@tl@UModSys@@2USUniquePointer@core@3@A@@YAXXZ 004078a7 f    CIL library: CIL module
 0001:000068c9       ??__E?s_id@?$TObjectUniqueID@URModuleLibraryThis@rsystem@base@UModSys@@@tl@UModSys@@2USUniquePointer@core@3@A@@YAXXZ 004078c9 f    CIL library: CIL module
 0001:000068eb       ??__E?s_id@?$TObjectUniqueID@URParameters@rsystem@base@UModSys@@@tl@UModSys@@2USUniquePointer@core@3@A@@YAXXZ 004078eb f    CIL library: CIL module
 0001:0000690d       ??__E?s_id@?$TObjectUniqueID@URSystem@rsystem@base@UModSys@@@tl@UModSys@@2USUniquePointer@core@3@A@@YAXXZ 0040790d f    CIL library: CIL module
 0001:0000692f       ??__E?s_id@?$TObjectUniqueID@URConsole_std@rsystem@base@UModSys@@@tl@UModSys@@2USUniquePointer@core@3@A@@YAXXZ 0040792f f    CIL library: CIL module
 0001:00006951       ??__E?s_modreg@RModuleReg@stdio@media@modules@UModSys@@2U12345@A@@YAXXZ 00407951 f    CIL library: CIL module
 0001:0000695d       ??__E?s_modreg_chain@RModuleReg@stdio@media@modules@UModSys@@2USModuleRegChain@base@5@A@@YAXXZ 0040795d f    CIL library: CIL module
 0001:0000698f       ??__E?s_uid@RGenerator@stdio@media@modules@UModSys@@2USUniquePointer@core@5@A@@YAXXZ 0040798f f    CIL library: CIL module
 0001:000069b1       ??__E?s_id@?$TObjectUniqueID@UIStreamReader@libmedia@UModSys@@@tl@UModSys@@2USUniquePointer@core@3@A@@YAXXZ 004079b1 f    CIL library: CIL module
 0001:000069d3       ??__E?s_id@?$TObjectUniqueID@UIStreamWriter@libmedia@UModSys@@@tl@UModSys@@2USUniquePointer@core@3@A@@YAXXZ 004079d3 f    CIL library: CIL module
 0001:000069f5       ??__E?s_id@?$TObjectUniqueID@UIDataArchive@libmedia@UModSys@@@tl@UModSys@@2USUniquePointer@core@3@A@@YAXXZ 004079f5 f    CIL library: CIL module
 0001:00006a17       ??__E?s_id@?$TObjectUniqueID@URStreamReader_FILE@stdio@media@modules@UModSys@@@tl@UModSys@@2USUniquePointer@core@3@A@@YAXXZ 00407a17 f    CIL library: CIL module
 0001:00006a39       ??__E?s_id@?$TObjectUniqueID@URStreamWriter_FILE@stdio@media@modules@UModSys@@@tl@UModSys@@2USUniquePointer@core@3@A@@YAXXZ 00407a39 f    CIL library: CIL module
 0001:00006a5b       ??__E?s_id@?$TObjectUniqueID@URDataArchiver_OsDir@stdio@media@modules@UModSys@@@tl@UModSys@@2USUniquePointer@core@3@A@@YAXXZ 00407a5b f    CIL library: CIL module
 0001:00006a7d       ??__E?s_id@?$TObjectUniqueID@URGenerator@stdio@media@modules@UModSys@@@tl@UModSys@@2USUniquePointer@core@3@A@@YAXXZ 00407a7d f    CIL library: CIL module
 0001:00006a9f       ??__E?s_console@RConsole_std@rsystem@base@UModSys@@2U1234@A@@YAXXZ 00407a9f f    CIL library: CIL module
 0001:00006aab       ??__E?s_sys@RSystem@rsystem@base@UModSys@@2U1234@A@@YAXXZ 00407aab f    CIL library: CIL module
 0001:00006abc       ??__Ersys_dbg@rsystem@base@UModSys@@YAXXZ 00407abc f    CIL library: CIL module
 0001:00006ac8       ??__EM@UModSys@@YAXXZ      00407ac8 f    CIL library: CIL module
 0001:00006ad4       ??__E?root@SModuleRegChain@base@UModSys@@2U123@A@@YAXXZ 00407ad4 f    CIL library: CIL module
 0001:00006ae0       ??__E?s_library@RModuleLibraryReg_Chain@base@UModSys@@2U123@A@@YAXXZ 00407ae0 f    CIL library: CIL module
 0001:00006aec       ??__E?root@SUniquePointer@core@UModSys@@2U123@A@@YAXXZ 00407aec f    CIL library: CIL module
 0001:00006af8       ??__F?s_id@?$TObjectUniqueID@URConsole_std@rsystem@base@UModSys@@@tl@UModSys@@2USUniquePointer@core@3@A@@YAXXZ 00407af8 f    CIL library: CIL module
 0001:00006b02       ??__F?s_id@?$TObjectUniqueID@URSystem@rsystem@base@UModSys@@@tl@UModSys@@2USUniquePointer@core@3@A@@YAXXZ 00407b02 f    CIL library: CIL module
 0001:00006b0c       ??__F?s_id@?$TObjectUniqueID@URParameters@rsystem@base@UModSys@@@tl@UModSys@@2USUniquePointer@core@3@A@@YAXXZ 00407b0c f    CIL library: CIL module
 0001:00006b16       ??__F?s_id@?$TObjectUniqueID@URModuleLibraryThis@rsystem@base@UModSys@@@tl@UModSys@@2USUniquePointer@core@3@A@@YAXXZ 00407b16 f    CIL library: CIL module
 0001:00006b20       ??__F?s_id@?$TObjectUniqueID@URModuleLibrarySO@rsystem@base@UModSys@@@tl@UModSys@@2USUniquePointer@core@3@A@@YAXXZ 00407b20 f    CIL library: CIL module
 0001:00006b2a       ??__F?s_id@?$TObjectUniqueID@UIModuleLibraryUni@rsystem@base@UModSys@@@tl@UModSys@@2USUniquePointer@core@3@A@@YAXXZ 00407b2a f    CIL library: CIL module
 0001:00006b34       ??__F?s_id@?$TObjectUniqueID@URModule@rsystem@base@UModSys@@@tl@UModSys@@2USUniquePointer@core@3@A@@YAXXZ 00407b34 f    CIL library: CIL module
 0001:00006b3e       ??__F?s_id@?$TObjectUniqueID@UISystem@base@UModSys@@@tl@UModSys@@2USUniquePointer@core@3@A@@YAXXZ 00407b3e f    CIL library: CIL module
 0001:00006b48       ??__F?s_id@?$TObjectUniqueID@UIConsole@base@UModSys@@@tl@UModSys@@2USUniquePointer@core@3@A@@YAXXZ 00407b48 f    CIL library: CIL module
 0001:00006b52       ??__F?s_id@?$TObjectUniqueID@UIShell@base@UModSys@@@tl@UModSys@@2USUniquePointer@core@3@A@@YAXXZ 00407b52 f    CIL library: CIL module
 0001:00006b5c       ??__F?s_id@?$TObjectUniqueID@UIGenerator@base@UModSys@@@tl@UModSys@@2USUniquePointer@core@3@A@@YAXXZ 00407b5c f    CIL library: CIL module
 0001:00006b66       ??__F?s_id@?$TObjectUniqueID@UIModObject@base@UModSys@@@tl@UModSys@@2USUniquePointer@core@3@A@@YAXXZ 00407b66 f    CIL library: CIL module
 0001:00006b70       ??__F?s_id@?$TObjectUniqueID@UIModuleLibrary@base@UModSys@@@tl@UModSys@@2USUniquePointer@core@3@A@@YAXXZ 00407b70 f    CIL library: CIL module
 0001:00006b7a       ??__F?s_id@?$TObjectUniqueID@UIModule@base@UModSys@@@tl@UModSys@@2USUniquePointer@core@3@A@@YAXXZ 00407b7a f    CIL library: CIL module
 0001:00006b84       ??__F?s_id@?$TObjectUniqueID@UIParameters@core@UModSys@@@tl@UModSys@@2USUniquePointer@core@3@A@@YAXXZ 00407b84 f    CIL library: CIL module
 0001:00006b8e       ??__F?s_id@?$TObjectUniqueID@UIRefObject@core@UModSys@@@tl@UModSys@@2USUniquePointer@core@3@A@@YAXXZ 00407b8e f    CIL library: CIL module
 0001:00006b98       ??__F?s_id@?$TObjectUniqueID@UIRoot@core@UModSys@@@tl@UModSys@@2USUniquePointer@core@3@A@@YAXXZ 00407b98 f    CIL library: CIL module
 0001:00006ba2       ??__F?s_modreg@RModuleReg@stdio@media@modules@UModSys@@2U12345@A@@YAXXZ 00407ba2 f    CIL library: CIL module
 0001:00006bad       ??__F?s_modreg_chain@RModuleReg@stdio@media@modules@UModSys@@2USModuleRegChain@base@5@A@@YAXXZ 00407bad f    CIL library: CIL module
 0001:00006bb7       ??__F?s_uid@RGenerator@stdio@media@modules@UModSys@@2USUniquePointer@core@5@A@@YAXXZ 00407bb7 f    CIL library: CIL module
 0001:00006bc1       ??__Fh@?1??s_holder@RGenerator@stdio@media@modules@UModSys@@SAAAU?$TTypeStaticHolder@URGenerator@stdio@media@modules@UModSys@@@tl@5@XZ@YAXXZ 00407bc1 f    CIL library: CIL module
 0001:00006bde       ??__F?s_id@?$TObjectUniqueID@URGenerator@stdio@media@modules@UModSys@@@tl@UModSys@@2USUniquePointer@core@3@A@@YAXXZ 00407bde f    CIL library: CIL module
 0001:00006be8       ??__F?s_id@?$TObjectUniqueID@URDataArchiver_OsDir@stdio@media@modules@UModSys@@@tl@UModSys@@2USUniquePointer@core@3@A@@YAXXZ 00407be8 f    CIL library: CIL module
 0001:00006bf2       ??__F?s_id@?$TObjectUniqueID@URStreamWriter_FILE@stdio@media@modules@UModSys@@@tl@UModSys@@2USUniquePointer@core@3@A@@YAXXZ 00407bf2 f    CIL library: CIL module
 0001:00006bfc       ??__F?s_id@?$TObjectUniqueID@URStreamReader_FILE@stdio@media@modules@UModSys@@@tl@UModSys@@2USUniquePointer@core@3@A@@YAXXZ 00407bfc f    CIL library: CIL module
 0001:00006c06       ??__F?s_id@?$TObjectUniqueID@UIDataArchive@libmedia@UModSys@@@tl@UModSys@@2USUniquePointer@core@3@A@@YAXXZ 00407c06 f    CIL library: CIL module
 0001:00006c10       ??__F?s_id@?$TObjectUniqueID@UIStreamWriter@libmedia@UModSys@@@tl@UModSys@@2USUniquePointer@core@3@A@@YAXXZ 00407c10 f    CIL library: CIL module
 0001:00006c1a       ??__F?s_id@?$TObjectUniqueID@UIStreamReader@libmedia@UModSys@@@tl@UModSys@@2USUniquePointer@core@3@A@@YAXXZ 00407c1a f    CIL library: CIL module
 0001:00006c24       ??__F?s_console@RConsole_std@rsystem@base@UModSys@@2U1234@A@@YAXXZ 00407c24 f    CIL library: CIL module
 0001:00006c51       ??__F?s_sys@RSystem@rsystem@base@UModSys@@2U1234@A@@YAXXZ 00407c51 f    CIL library: CIL module
 0001:00006c5c       ??__Frsys_dbg@rsystem@base@UModSys@@YAXXZ 00407c5c f    CIL library: CIL module
 0001:00006c73       ??__FM@UModSys@@YAXXZ      00407c73 f    CIL library: CIL module
 0001:00006c74       ??__F?root@SModuleRegChain@base@UModSys@@2U123@A@@YAXXZ 00407c74 f    CIL library: CIL module
 0001:00006c7e       ??__F?s_library@RModuleLibraryReg_Chain@base@UModSys@@2U123@A@@YAXXZ 00407c7e f    CIL library: CIL module
 0001:00006c89       ??__F?root@SUniquePointer@core@UModSys@@2U123@A@@YAXXZ 00407c89 f    CIL library: CIL module

 Exports

  ordinal    name

        1    _UModSys_Plugin_Entry2@0
