 umodsysc

 Timestamp is 5266a022 (Tue Oct 22 18:56:18 2013)

 Preferred load address is 00400000

 Start         Length     Name                   Class
 0001:00000000 00007610H .text                   CODE
 0001:00007610 000002eaH .text$x                 CODE
 0001:000078fa 00000583H .text$yc                CODE
 0001:00007e7d 00000231H .text$yd                CODE
 0002:00000000 00000154H .idata$5                DATA
 0002:00000154 00000004H .CRT$XCA                DATA
 0002:00000158 00000004H .CRT$XCAA               DATA
 0002:0000015c 000001a8H .CRT$XCU                DATA
 0002:00000304 00000004H .CRT$XCZ                DATA
 0002:00000308 00000004H .CRT$XIA                DATA
 0002:0000030c 00000004H .CRT$XIAA               DATA
 0002:00000310 00000004H .CRT$XIY                DATA
 0002:00000314 00000004H .CRT$XIZ                DATA
 0002:00000318 00001458H .rdata                  DATA
 0002:00001770 00000db4H .rdata$r                DATA
 0002:00002530 00000070H .rdata$sxdata           DATA
 0002:000025a0 00000004H .rtc$IAA                DATA
 0002:000025a4 00000004H .rtc$IZZ                DATA
 0002:000025a8 00000004H .rtc$TAA                DATA
 0002:000025ac 00000004H .rtc$TZZ                DATA
 0002:000025b0 00000674H .xdata$x                DATA
 0002:00002c24 00000028H .idata$2                DATA
 0002:00002c4c 00000014H .idata$3                DATA
 0002:00002c60 00000154H .idata$4                DATA
 0002:00002db4 00000554H .idata$6                DATA
 0002:00003310 00000058H .edata                  DATA
 0003:00000000 000009e0H .data                   DATA
 0003:000009e0 00002894H .bss                    DATA

  Address         Publics by Value              Rva+Base       Lib:Object

 0000:00000000       __except_list              00000000     <absolute>
 0000:0000001c       ___safe_se_handler_count   0000001c     <absolute>
 0000:00009876       __ldused                   00009876     <absolute>
 0000:00009876       __fltused                  00009876     <absolute>
 0000:00000000       ___ImageBase               00400000     <linker-defined>
 0001:00000000       _main                      00401000 f   umodsys.c_main.obj
 0001:00000172       ??0?$TString@U?$TSCoreConst@D@su@tl@UModSys@@U?$TComparerBinaryHash@D@234@@tl@UModSys@@QAE@PBD@Z 00401172 f i umodsys.c_main.obj
 0001:0000019c       ?update@?$TComparerBinaryHash@D@su@tl@UModSys@@QAEXPBDI@Z 0040119c f i umodsys.c_main.obj
 0001:000001c8       ??6SUniquePtrList@core@UModSys@@QAEAAU012@PBUSUniquePointerInfo@12@@Z 004011c8 f i umodsys_lib_libmedia:umodsys.mod.media.std.obj
 0001:000001e4       ??2IRoot@core@UModSys@@SAPAXIABUSIMemAlloc@12@@Z 004011e4 f i umodsys_lib_libmedia:umodsys.mod.media.std.obj
 0001:00000206       ??3IRoot@core@UModSys@@SAXPAXABUSIMemAlloc@12@@Z 00401206 f i umodsys_lib_libmedia:umodsys.mod.media.std.obj
 0001:0000021f       ?_get_other_interface@IRefObject@core@UModSys@@IBEPBUIRoot@23@PBUSUniquePointerInfo@23@@Z 0040121f f i umodsys_lib_libmedia:umodsys.mod.media.std.obj
 0001:0000021f       ?_get_other_interface@IRefObject@core@UModSys@@IAEPAUIRoot@23@PBUSUniquePointerInfo@23@@Z 0040121f f i umodsys_lib_libmedia:umodsys.mod.media.std.obj
 0001:00000240       ?_get_interface_types@IRefObject@core@UModSys@@SAIAAUSUniquePtrList@23@@Z 00401240 f i umodsys_lib_libmedia:umodsys.mod.media.std.obj
 0001:00000260       ??$seq@D@su@tl@UModSys@@YA_NPBD0I@Z 00401260 f i umodsys_lib_libmedia:umodsys.mod.media.std.obj
 0001:0000027b       ?get_interface_info@RLibraryBinCache@std@media@modules@UModSys@@UBEABUSUniquePointerInfo@core@5@XZ 0040127b f i umodsys_lib_libmedia:umodsys.mod.media.std.obj
 0001:00000281       ?get_interface_type@RLibraryBinCache@std@media@modules@UModSys@@UBEPBUSUniquePointerInfo@core@5@XZ 00401281 f i umodsys_lib_libmedia:umodsys.mod.media.std.obj
 0001:00000287       ?get_other_interface@RLibraryBinCache@std@media@modules@UModSys@@UBEPBUIRoot@core@5@PBUSUniquePointerInfo@75@@Z 00401287 f i umodsys_lib_libmedia:umodsys.mod.media.std.obj
 0001:00000287       ?get_other_interface@RLibraryBinCache@std@media@modules@UModSys@@UAEPAUIRoot@core@5@PBUSUniquePointerInfo@75@@Z 00401287 f i umodsys_lib_libmedia:umodsys.mod.media.std.obj
 0001:000002b0       ?ref_add@RLibraryBinTree@std@media@modules@UModSys@@UBEXXZ 004012b0 f i umodsys_lib_libmedia:umodsys.mod.media.std.obj
 0001:000002b0       ?ref_add@RLibraryBinCache@std@media@modules@UModSys@@UBEXXZ 004012b0 f i umodsys_lib_libmedia:umodsys.mod.media.std.obj
 0001:000002b4       ?ref_weak@RLibraryBinTree@std@media@modules@UModSys@@UBE_NAAUWeakPointer@IRefObject@core@5@@Z 004012b4 f i umodsys_lib_libmedia:umodsys.mod.media.std.obj
 0001:000002b4       ?ref_weak@RLibraryBinCache@std@media@modules@UModSys@@UBE_NAAUWeakPointer@IRefObject@core@5@@Z 004012b4 f i umodsys_lib_libmedia:umodsys.mod.media.std.obj
 0001:000002d3       ??0RLibraryBinCache@std@media@modules@UModSys@@QAE@PAUIModObject@base@4@ABUSParameters@core@4@U?$TFlags4State@USMediaFlagUid@libmedia@UModSys@@I@tl@4@@Z 004012d3 f i umodsys_lib_libmedia:umodsys.mod.media.std.obj
 0001:0000032e       ?get_parent_flag@RLibraryBinTree@std@media@modules@UModSys@@UBE?AW4eStates@?$TFlags4State@USMediaFlagUid@libmedia@UModSys@@I@tl@5@H@Z 0040132e f i umodsys_lib_libmedia:umodsys.mod.media.std.obj
 0001:0000032e       ?get_parent_flag@RLibraryBinCache@std@media@modules@UModSys@@UBE?AW4eStates@?$TFlags4State@USMediaFlagUid@libmedia@UModSys@@I@tl@5@H@Z 0040132e f i umodsys_lib_libmedia:umodsys.mod.media.std.obj
 0001:00000341       ?bin_reader@RLibraryBinCache@std@media@modules@UModSys@@UAE?AU?$TRefObject@UIStreamReader@libmedia@UModSys@@U?$TRefObjectFunc@UIStreamReader@libmedia@UModSys@@@tl@3@@tl@5@ABU?$TString@U?$TSCoreConst@D@su@tl@UModSys@@U?$TComparerBinaryHash@D@234@@75@ABUSFlags@libmedia@5@@Z 00401341 f i umodsys_lib_libmedia:umodsys.mod.media.std.obj
 0001:00000341       ?bin_writer@RLibraryBinCache@std@media@modules@UModSys@@UAE?AU?$TRefObject@UIStreamWriter@libmedia@UModSys@@U?$TRefObjectFunc@UIStreamWriter@libmedia@UModSys@@@tl@3@@tl@5@ABU?$TString@U?$TSCoreConst@D@su@tl@UModSys@@U?$TComparerBinaryHash@D@234@@75@ABUSFlags@libmedia@5@@Z 00401341 f i umodsys_lib_libmedia:umodsys.mod.media.std.obj
 0001:00000353       ?bin_load@RLibraryBinCache@std@media@modules@UModSys@@UAE_NAAUSCMemShared@core@5@ABU?$TString@U?$TSCoreConst@D@su@tl@UModSys@@U?$TComparerBinaryHash@D@234@@tl@5@ABUSFlags@libmedia@5@@Z 00401353 f i umodsys_lib_libmedia:umodsys.mod.media.std.obj
 0001:000003a1       ?bin_get@RLibraryBinCache@std@media@modules@UModSys@@UAE_NAAUSCMemShared@core@5@ABU?$TString@U?$TSCoreConst@D@su@tl@UModSys@@U?$TComparerBinaryHash@D@234@@tl@5@@Z 004013a1 f i umodsys_lib_libmedia:umodsys.mod.media.std.obj
 0001:000003a6       ?bin_put@RLibraryBinCache@std@media@modules@UModSys@@UAE_NABUSCMemShared@core@5@ABU?$TString@U?$TSCoreConst@D@su@tl@UModSys@@U?$TComparerBinaryHash@D@234@@tl@5@@Z 004013a6 f i umodsys_lib_libmedia:umodsys.mod.media.std.obj
 0001:000003ab       ?bincache_get@RLibraryBinCache@std@media@modules@UModSys@@UBE_NAAUSCMemShared@core@5@ABU?$TString@U?$TSCoreConst@D@su@tl@UModSys@@U?$TComparerBinaryHash@D@234@@tl@5@@Z 004013ab f i umodsys_lib_libmedia:umodsys.mod.media.std.obj
 0001:000003fd       ?bincache_add@RLibraryBinCache@std@media@modules@UModSys@@UAE_NABUSCMemShared@core@5@ABU?$TString@U?$TSCoreConst@D@su@tl@UModSys@@U?$TComparerBinaryHash@D@234@@tl@5@@Z 004013fd f i umodsys_lib_libmedia:umodsys.mod.media.std.obj
 0001:000004ba       ?bincache_remove@RLibraryBinCache@std@media@modules@UModSys@@UAE_NABU?$TString@U?$TSCoreConst@D@su@tl@UModSys@@U?$TComparerBinaryHash@D@234@@tl@5@@Z 004014ba f i umodsys_lib_libmedia:umodsys.mod.media.std.obj
 0001:000004f1       ?bincache_clear@RLibraryBinCache@std@media@modules@UModSys@@UAE_NXZ 004014f1 f i umodsys_lib_libmedia:umodsys.mod.media.std.obj
 0001:0000050f       ??_ERLibraryBinCache@std@media@modules@UModSys@@UAEPAXI@Z 0040150f f i  CIL library: CIL module
 0001:0000050f       ??_GRLibraryBinCache@std@media@modules@UModSys@@UAEPAXI@Z 0040150f f i umodsys_lib_libmedia:umodsys.mod.media.std.obj
 0001:0000056c       ??_EIRoot@core@UModSys@@UAEPAXI@Z 0040156c f i  CIL library: CIL module
 0001:0000056c       ??_GRGenerator@stdio@media@modules@UModSys@@UAEPAXI@Z 0040156c f i umodsys_lib_libmedia:umodsys.mod.media.stdio.obj
 0001:0000056c       ??_GIRoot@core@UModSys@@UAEPAXI@Z 0040156c f i umodsys_lib_libmedia:umodsys.mod.media.std.obj
 0001:0000056c       ??_ERGenerator@stdio@media@modules@UModSys@@UAEPAXI@Z 0040156c f i  CIL library: CIL module
 0001:0000056c       ??_ERParameters@rsystem@base@UModSys@@UAEPAXI@Z 0040156c f i  CIL library: CIL module
 0001:0000056c       ??_ERGenerator@std@media@modules@UModSys@@UAEPAXI@Z 0040156c f i  CIL library: CIL module
 0001:0000056c       ??_GRGenerator@std@media@modules@UModSys@@UAEPAXI@Z 0040156c f i umodsys_lib_libmedia:umodsys.mod.media.std.obj
 0001:0000056c       ??_GRParameters@rsystem@base@UModSys@@UAEPAXI@Z 0040156c f i umodsys_lib_basesys:umodsys.basesys.rparameters.obj
 0001:00000589       ?get_interface_info@RLibraryBinTree@std@media@modules@UModSys@@UBEABUSUniquePointerInfo@core@5@XZ 00401589 f i umodsys_lib_libmedia:umodsys.mod.media.std.obj
 0001:0000058f       ?get_interface_type@RLibraryBinTree@std@media@modules@UModSys@@UBEPBUSUniquePointerInfo@core@5@XZ 0040158f f i umodsys_lib_libmedia:umodsys.mod.media.std.obj
 0001:00000595       ?get_other_interface@RLibraryBinTree@std@media@modules@UModSys@@UBEPBUIRoot@core@5@PBUSUniquePointerInfo@75@@Z 00401595 f i umodsys_lib_libmedia:umodsys.mod.media.std.obj
 0001:00000595       ?get_other_interface@RLibraryBinTree@std@media@modules@UModSys@@UAEPAUIRoot@core@5@PBUSUniquePointerInfo@75@@Z 00401595 f i umodsys_lib_libmedia:umodsys.mod.media.std.obj
 0001:000005be       ?ref_remove@RLibraryBinTree@std@media@modules@UModSys@@UBEXXZ 004015be f i umodsys_lib_libmedia:umodsys.mod.media.std.obj
 0001:000005be       ?ref_remove@RLibraryBinCache@std@media@modules@UModSys@@UBEXXZ 004015be f i umodsys_lib_libmedia:umodsys.mod.media.std.obj
 0001:000005c9       ?ref_links@RLibraryBinCache@std@media@modules@UModSys@@UBEHXZ 004015c9 f i umodsys_lib_libmedia:umodsys.mod.media.std.obj
 0001:000005c9       ?ref_links@RLibraryBinTree@std@media@modules@UModSys@@UBEHXZ 004015c9 f i umodsys_lib_libmedia:umodsys.mod.media.std.obj
 0001:000005cd       ?suicide@RLibraryBinTree@std@media@modules@UModSys@@UAEXXZ 004015cd f i umodsys_lib_libmedia:umodsys.mod.media.std.obj
 0001:000005cd       ?suicide@RLibraryBinCache@std@media@modules@UModSys@@UAEXXZ 004015cd f i umodsys_lib_libmedia:umodsys.mod.media.std.obj
 0001:00000614       ??0RLibraryBinTree@std@media@modules@UModSys@@QAE@PAUIModObject@base@4@ABUSParameters@core@4@U?$TFlags4State@USMediaFlagUid@libmedia@UModSys@@I@tl@4@@Z 00401614 f i umodsys_lib_libmedia:umodsys.mod.media.std.obj
 0001:0000066f       ?bin_reader@RLibraryBinTree@std@media@modules@UModSys@@UAE?AU?$TRefObject@UIStreamReader@libmedia@UModSys@@U?$TRefObjectFunc@UIStreamReader@libmedia@UModSys@@@tl@3@@tl@5@ABU?$TString@U?$TSCoreConst@D@su@tl@UModSys@@U?$TComparerBinaryHash@D@234@@75@ABUSFlags@libmedia@5@@Z 0040166f f i umodsys_lib_libmedia:umodsys.mod.media.std.obj
 0001:00000744       ?bin_writer@RLibraryBinTree@std@media@modules@UModSys@@UAE?AU?$TRefObject@UIStreamWriter@libmedia@UModSys@@U?$TRefObjectFunc@UIStreamWriter@libmedia@UModSys@@@tl@3@@tl@5@ABU?$TString@U?$TSCoreConst@D@su@tl@UModSys@@U?$TComparerBinaryHash@D@234@@75@ABUSFlags@libmedia@5@@Z 00401744 f i umodsys_lib_libmedia:umodsys.mod.media.std.obj
 0001:00000819       ?bin_load@RLibraryBinTree@std@media@modules@UModSys@@UAE_NAAUSCMemShared@core@5@ABU?$TString@U?$TSCoreConst@D@su@tl@UModSys@@U?$TComparerBinaryHash@D@234@@tl@5@ABUSFlags@libmedia@5@@Z 00401819 f i umodsys_lib_libmedia:umodsys.mod.media.std.obj
 0001:000008be       ?bin_save@RLibraryBinTree@std@media@modules@UModSys@@UAE_NABUSCMem@core@5@ABU?$TString@U?$TSCoreConst@D@su@tl@UModSys@@U?$TComparerBinaryHash@D@234@@tl@5@ABUSFlags@libmedia@5@@Z 004018be f i umodsys_lib_libmedia:umodsys.mod.media.std.obj
 0001:00000951       ?obj_fsave@RLibraryBinCache@std@media@modules@UModSys@@UAE_NPAUIRefObject@core@5@AAUSInfo@IBinObjFilter@libmedia@5@@Z 00401951 f i umodsys_lib_libmedia:umodsys.mod.media.std.obj
 0001:00000951       ?obj_fsave@RLibraryBinTree@std@media@modules@UModSys@@UAE_NPAUIRefObject@core@5@AAUSInfo@IBinObjFilter@libmedia@5@@Z 00401951 f i umodsys_lib_libmedia:umodsys.mod.media.std.obj
 0001:00000951       ?bin_put@RLibraryBinTree@std@media@modules@UModSys@@UAE_NABUSCMemShared@core@5@ABU?$TString@U?$TSCoreConst@D@su@tl@UModSys@@U?$TComparerBinaryHash@D@234@@tl@5@@Z 00401951 f i umodsys_lib_libmedia:umodsys.mod.media.std.obj
 0001:00000951       ?obj_cput@RLibraryBinTree@std@media@modules@UModSys@@UAE_NPAUIRefObject@core@5@ABU?$TString@U?$TSCoreConst@D@su@tl@UModSys@@U?$TComparerBinaryHash@D@234@@tl@5@@Z 00401951 f i umodsys_lib_libmedia:umodsys.mod.media.std.obj
 0001:00000951       ?obj_fload@RLibraryBinCache@std@media@modules@UModSys@@UAE_NPAUIRefObject@core@5@ABUSInfo@IBinObjFilter@libmedia@5@@Z 00401951 f i umodsys_lib_libmedia:umodsys.mod.media.std.obj
 0001:00000951       ?obj_fload@RLibraryBinTree@std@media@modules@UModSys@@UAE_NPAUIRefObject@core@5@ABUSInfo@IBinObjFilter@libmedia@5@@Z 00401951 f i umodsys_lib_libmedia:umodsys.mod.media.std.obj
 0001:00000951       ?obj_cput@RLibraryBinCache@std@media@modules@UModSys@@UAE_NPAUIRefObject@core@5@ABU?$TString@U?$TSCoreConst@D@su@tl@UModSys@@U?$TComparerBinaryHash@D@234@@tl@5@@Z 00401951 f i umodsys_lib_libmedia:umodsys.mod.media.std.obj
 0001:00000951       ?obj_cget@RLibraryBinCache@std@media@modules@UModSys@@UAE_NAAU?$TRefObject@UIRefObject@core@UModSys@@U?$TRefObjectFunc@UIRefObject@core@UModSys@@@tl@3@@tl@5@ABU?$TString@U?$TSCoreConst@D@su@tl@UModSys@@U?$TComparerBinaryHash@D@234@@75@@Z 00401951 f i umodsys_lib_libmedia:umodsys.mod.media.std.obj
 0001:00000951       ?obj_fget@RLibraryBinTree@std@media@modules@UModSys@@UAE_NAAU?$TRefObject@UIRefObject@core@UModSys@@U?$TRefObjectFunc@UIRefObject@core@UModSys@@@tl@3@@tl@5@ABUSInfo@IBinObjFilter@libmedia@5@@Z 00401951 f i umodsys_lib_libmedia:umodsys.mod.media.std.obj
 0001:00000951       ?obj_cget@RLibraryBinTree@std@media@modules@UModSys@@UAE_NAAU?$TRefObject@UIRefObject@core@UModSys@@U?$TRefObjectFunc@UIRefObject@core@UModSys@@@tl@3@@tl@5@ABU?$TString@U?$TSCoreConst@D@su@tl@UModSys@@U?$TComparerBinaryHash@D@234@@75@@Z 00401951 f i umodsys_lib_libmedia:umodsys.mod.media.std.obj
 0001:00000951       ?bin_get@RLibraryBinTree@std@media@modules@UModSys@@UAE_NAAUSCMemShared@core@5@ABU?$TString@U?$TSCoreConst@D@su@tl@UModSys@@U?$TComparerBinaryHash@D@234@@tl@5@@Z 00401951 f i umodsys_lib_libmedia:umodsys.mod.media.std.obj
 0001:00000951       ?obj_fget@RLibraryBinCache@std@media@modules@UModSys@@UAE_NAAU?$TRefObject@UIRefObject@core@UModSys@@U?$TRefObjectFunc@UIRefObject@core@UModSys@@@tl@3@@tl@5@ABUSInfo@IBinObjFilter@libmedia@5@@Z 00401951 f i umodsys_lib_libmedia:umodsys.mod.media.std.obj
 0001:00000956       ?obj_get@RLibraryBinCache@std@media@modules@UModSys@@UAE_NAAU?$TRefObject@UIRefObject@core@UModSys@@U?$TRefObjectFunc@UIRefObject@core@UModSys@@@tl@3@@tl@5@ABU?$TString@U?$TSCoreConst@D@su@tl@UModSys@@U?$TComparerBinaryHash@D@234@@75@ABUSObjOptions@ILibrary@libmedia@5@@Z 00401956 f i umodsys_lib_libmedia:umodsys.mod.media.std.obj
 0001:00000956       ?obj_save@RLibraryBinCache@std@media@modules@UModSys@@UAE_NPAUIRefObject@core@5@ABU?$TString@U?$TSCoreConst@D@su@tl@UModSys@@U?$TComparerBinaryHash@D@234@@tl@5@ABUSObjOptions@ILibrary@libmedia@5@@Z 00401956 f i umodsys_lib_libmedia:umodsys.mod.media.std.obj
 0001:00000956       ?vget_c@RConsole_std@rsystem@base@UModSys@@UAE_NPAHPBDPAD@Z 00401956 f i umodsys_lib_basesys:umodsys.basesys.rconsole_std.obj
 0001:00000956       ?obj_save@RLibraryBinTree@std@media@modules@UModSys@@UAE_NPAUIRefObject@core@5@ABU?$TString@U?$TSCoreConst@D@su@tl@UModSys@@U?$TComparerBinaryHash@D@234@@tl@5@ABUSObjOptions@ILibrary@libmedia@5@@Z 00401956 f i umodsys_lib_libmedia:umodsys.mod.media.std.obj
 0001:00000956       ?obj_get@RLibraryBinTree@std@media@modules@UModSys@@UAE_NAAU?$TRefObject@UIRefObject@core@UModSys@@U?$TRefObjectFunc@UIRefObject@core@UModSys@@@tl@3@@tl@5@ABU?$TString@U?$TSCoreConst@D@su@tl@UModSys@@U?$TComparerBinaryHash@D@234@@75@ABUSObjOptions@ILibrary@libmedia@5@@Z 00401956 f i umodsys_lib_libmedia:umodsys.mod.media.std.obj
 0001:00000956       ?bin_save@RLibraryBinCache@std@media@modules@UModSys@@UAE_NABUSCMem@core@5@ABU?$TString@U?$TSCoreConst@D@su@tl@UModSys@@U?$TComparerBinaryHash@D@234@@tl@5@ABUSFlags@libmedia@5@@Z 00401956 f i umodsys_lib_libmedia:umodsys.mod.media.std.obj
 0001:00000956       ?obj_load@RLibraryBinCache@std@media@modules@UModSys@@UAE_NPAUIRefObject@core@5@ABU?$TString@U?$TSCoreConst@D@su@tl@UModSys@@U?$TComparerBinaryHash@D@234@@tl@5@ABUSObjOptions@ILibrary@libmedia@5@@Z 00401956 f i umodsys_lib_libmedia:umodsys.mod.media.std.obj
 0001:00000956       ?obj_load@RLibraryBinTree@std@media@modules@UModSys@@UAE_NPAUIRefObject@core@5@ABU?$TString@U?$TSCoreConst@D@su@tl@UModSys@@U?$TComparerBinaryHash@D@234@@tl@5@ABUSObjOptions@ILibrary@libmedia@5@@Z 00401956 f i umodsys_lib_libmedia:umodsys.mod.media.std.obj
 0001:0000095b       ?mount_get@RLibraryBinTree@std@media@modules@UModSys@@UBE?AUSMountPoint@ILibraryBinTree@libmedia@5@ABU?$TString@U?$TSCoreConst@D@su@tl@UModSys@@U?$TComparerBinaryHash@D@234@@tl@5@H@Z 0040195b f i umodsys_lib_libmedia:umodsys.mod.media.std.obj
 0001:000009c7       ?mount_add@RLibraryBinTree@std@media@modules@UModSys@@UAE_NABUSMountPoint@ILibraryBinTree@libmedia@5@ABU?$TString@U?$TSCoreConst@D@su@tl@UModSys@@U?$TComparerBinaryHash@D@234@@tl@5@H@Z 004019c7 f i umodsys_lib_libmedia:umodsys.mod.media.std.obj
 0001:00000abc       ?mount_remove@RLibraryBinTree@std@media@modules@UModSys@@UAE_NABU?$TString@U?$TSCoreConst@D@su@tl@UModSys@@U?$TComparerBinaryHash@D@234@@tl@5@H@Z 00401abc f i umodsys_lib_libmedia:umodsys.mod.media.std.obj
 0001:00000b14       ?mount_clear@RLibraryBinTree@std@media@modules@UModSys@@UAE_NXZ 00401b14 f i umodsys_lib_libmedia:umodsys.mod.media.std.obj
 0001:00000b32       ??_ERLibraryBinTree@std@media@modules@UModSys@@UAEPAXI@Z 00401b32 f i  CIL library: CIL module
 0001:00000b32       ??_GRLibraryBinTree@std@media@modules@UModSys@@UAEPAXI@Z 00401b32 f i umodsys_lib_libmedia:umodsys.mod.media.std.obj
 0001:00000b8f       ??1SMountPoint@ILibraryBinTree@libmedia@UModSys@@QAE@XZ 00401b8f f i umodsys_lib_libmedia:umodsys.mod.media.std.obj
 0001:00000ba0       ?get_generated_names@RGenerator@std@media@modules@UModSys@@UBEHAAUSUniquePtrList@core@5@@Z 00401ba0 f i umodsys_lib_libmedia:umodsys.mod.media.std.obj
 0001:00000bc2       ?get_generated_types@RGenerator@std@media@modules@UModSys@@UBEHAAUSUniquePtrList@core@5@PBUSUniquePointerInfo@75@@Z 00401bc2 f i umodsys_lib_libmedia:umodsys.mod.media.std.obj
 0001:00000c24       ?generate@RGenerator@std@media@modules@UModSys@@UAE_NAAU?$TRefObject@UIRefObject@core@UModSys@@U?$TRefObjectFunc@UIRefObject@core@UModSys@@@tl@3@@tl@5@PBUSUniquePointerInfo@core@5@ABUSParameters@95@@Z 00401c24 f i umodsys_lib_libmedia:umodsys.mod.media.std.obj
 0001:00000c73       ?get_interface_info@RGenerator@std@media@modules@UModSys@@UBEABUSUniquePointerInfo@core@5@XZ 00401c73 f i umodsys_lib_libmedia:umodsys.mod.media.std.obj
 0001:00000c79       ?get_interface_type@RGenerator@std@media@modules@UModSys@@UBEPBUSUniquePointerInfo@core@5@XZ 00401c79 f i umodsys_lib_libmedia:umodsys.mod.media.std.obj
 0001:00000c7f       ?get_other_interface@RGenerator@std@media@modules@UModSys@@UBEPBUIRoot@core@5@PBUSUniquePointerInfo@75@@Z 00401c7f f i umodsys_lib_libmedia:umodsys.mod.media.std.obj
 0001:00000c7f       ?get_other_interface@RGenerator@std@media@modules@UModSys@@UAEPAUIRoot@core@5@PBUSUniquePointerInfo@75@@Z 00401c7f f i umodsys_lib_libmedia:umodsys.mod.media.std.obj
 0001:00000ca8       ?ref_add@RGenerator@std@media@modules@UModSys@@UBEXXZ 00401ca8 f i umodsys_lib_libmedia:umodsys.mod.media.std.obj
 0001:00000ca8       ?ref_add@RGenerator@stdio@media@modules@UModSys@@UBEXXZ 00401ca8 f i umodsys_lib_libmedia:umodsys.mod.media.stdio.obj
 0001:00000ca8       ?ref_add@RStreamWriter_FILE@stdio@media@modules@UModSys@@UBEXXZ 00401ca8 f i umodsys_lib_libmedia:umodsys.mod.media.stdio.obj
 0001:00000ca8       ?ref_add@RDataArchiver_OsDir@stdio@media@modules@UModSys@@UBEXXZ 00401ca8 f i umodsys_lib_libmedia:umodsys.mod.media.stdio.obj
 0001:00000ca8       ?ref_add@RStreamReader_FILE@stdio@media@modules@UModSys@@UBEXXZ 00401ca8 f i umodsys_lib_libmedia:umodsys.mod.media.stdio.obj
 0001:00000cac       ?ref_remove@RConsole_std@rsystem@base@UModSys@@UBEXXZ 00401cac f i umodsys_lib_basesys:umodsys.basesys.rconsole_std.obj
 0001:00000cac       ?suicide@RGenerator@stdio@media@modules@UModSys@@UAEXXZ 00401cac f i umodsys_lib_libmedia:umodsys.mod.media.stdio.obj
 0001:00000cac       ??3@YAXPAX0@Z              00401cac f i umodsys_lib_libmedia:umodsys.mod.media.std.obj
 0001:00000cac       ?suicide@RGenerator@std@media@modules@UModSys@@UAEXXZ 00401cac f i umodsys_lib_libmedia:umodsys.mod.media.std.obj
 0001:00000cac       ?ref_add@RConsole_std@rsystem@base@UModSys@@UBEXXZ 00401cac f i umodsys_lib_basesys:umodsys.basesys.rconsole_std.obj
 0001:00000cad       ?get_uid@RGenerator@std@media@modules@UModSys@@UBEPBUSUniquePointerInfo@core@5@XZ 00401cad f i umodsys_lib_libmedia:umodsys.mod.media.std.obj
 0001:00000cb3       ?do_open@RModuleReg@std@media@modules@UModSys@@UAE_NXZ 00401cb3 f i umodsys_lib_libmedia:umodsys.mod.media.std.obj
 0001:00000cff       ?do_close@RModuleReg@std@media@modules@UModSys@@UAE_NXZ 00401cff f i umodsys_lib_libmedia:umodsys.mod.media.std.obj
 0001:00000d3a       ?get_module@RGenerator@std@media@modules@UModSys@@UBEPAUIModule@base@5@XZ 00401d3a f   umodsys_lib_libmedia:umodsys.mod.media.std.obj
 0001:00000d40       ?mod_inc@RGenerator@std@media@modules@UModSys@@UBE_NXZ 00401d40 f   umodsys_lib_libmedia:umodsys.mod.media.std.obj
 0001:00000d4b       ?mod_dec@RGenerator@std@media@modules@UModSys@@UBE_NXZ 00401d4b f   umodsys_lib_libmedia:umodsys.mod.media.std.obj
 0001:00000d56       ?s_holder@RGenerator@std@media@modules@UModSys@@SAAAU?$TTypeStaticHolder@URGenerator@std@media@modules@UModSys@@@tl@5@XZ 00401d56 f   umodsys_lib_libmedia:umodsys.mod.media.std.obj
 0001:00000d88       ??0?$TString@U?$TSCoreShared@USIMemAlloc@core@UModSys@@D@su@tl@UModSys@@U?$TComparerBinaryHash@D@234@@tl@UModSys@@QAE@ABU?$TSCoreConst@D@su@12@@Z 00401d88 f i umodsys_lib_libmedia:umodsys.mod.media.std.obj
 0001:00000dcb       ??1?$TSCoreShared@USIMemAlloc@core@UModSys@@D@su@tl@UModSys@@QAE@XZ 00401dcb f i umodsys_lib_libmedia:umodsys.mod.media.std.obj
 0001:00000dcb       ??1?$TString@U?$TSCoreShared@USIMemAlloc@core@UModSys@@D@su@tl@UModSys@@U?$TComparerBinaryHash@D@234@@tl@UModSys@@QAE@XZ 00401dcb f i umodsys_lib_libmedia:umodsys.mod.media.std.obj
 0001:00000dd0       ??R?$TScatterArray@USCacheElem@RLibraryBinCache@std@media@modules@UModSys@@U?$TString@U?$TSCoreConst@D@su@tl@UModSys@@U?$TComparerBinaryHash@D@234@@tl@6@U?$TObjectCompare@U?$TScatterArrayNode@USCacheElem@RLibraryBinCache@std@media@modules@UModSys@@U?$TString@U?$TSCoreConst@D@su@tl@UModSys@@U?$TComparerBinaryHash@D@234@@tl@6@@tl@UModSys@@@core@6@U?$TNodeDeleter0@U?$TScatterArrayNode@USCacheElem@RLibraryBinCache@std@media@modules@UModSys@@U?$TString@U?$TSCoreConst@D@su@tl@UModSys@@U?$TComparerBinaryHash@D@234@@tl@6@@tl@UModSys@@@86@@tl@UModSys@@QAEPAUSCacheElem@RLibraryBinCache@std@media@modules@2@ABU?$TString@U?$TSCoreConst@D@su@tl@UModSys@@U?$TComparerBinaryHash@D@234@@12@PAUVoid@core@2@@Z 00401dd0 f i umodsys_lib_libmedia:umodsys.mod.media.std.obj
 0001:00000e46       ??R?$TScatterArray@USMountInfo@RLibraryBinTree@std@media@modules@UModSys@@USMountIndex@23456@U723456@U?$TNodeDeleter0@U?$TScatterArrayNode@USMountInfo@RLibraryBinTree@std@media@modules@UModSys@@USMountIndex@23456@@tl@UModSys@@@tl@6@@tl@UModSys@@QAEPAUSMountInfo@RLibraryBinTree@std@media@modules@2@ABUSMountIndex@45672@PAUVoid@core@2@@Z 00401e46 f i umodsys_lib_libmedia:umodsys.mod.media.std.obj
 0001:00000eb2       ??E?$TTreeIterRB@$$CBU?$TScatterArrayNode@USMountInfo@RLibraryBinTree@std@media@modules@UModSys@@USMountIndex@23456@@tl@UModSys@@$$CBUSMountInfo@RLibraryBinTree@std@media@modules@3@U123@@tl@UModSys@@QAEABU012@H@Z 00401eb2 f i umodsys_lib_libmedia:umodsys.mod.media.std.obj
 0001:00000eda       ?set@?$TSCoreShared@USIMemAlloc@core@UModSys@@D@su@tl@UModSys@@QAEXPBD@Z 00401eda f i umodsys_lib_libmedia:umodsys.mod.media.std.obj
 0001:00000f47       ?remove_node@?$TTreeHoldRB@U?$TScatterArrayNode@USMountInfo@RLibraryBinTree@std@media@modules@UModSys@@USMountIndex@23456@@tl@UModSys@@@tl@UModSys@@QAEXPAU?$TScatterArrayNode@USMountInfo@RLibraryBinTree@std@media@modules@UModSys@@USMountIndex@23456@@23@@Z 00401f47 f i umodsys_lib_libmedia:umodsys.mod.media.std.obj
 0001:00000f47       ?remove_node@?$TTreeHoldRB@U?$TScatterArrayNode@USCacheElem@RLibraryBinCache@std@media@modules@UModSys@@U?$TString@U?$TSCoreConst@D@su@tl@UModSys@@U?$TComparerBinaryHash@D@234@@tl@6@@tl@UModSys@@@tl@UModSys@@QAEXPAU?$TScatterArrayNode@USCacheElem@RLibraryBinCache@std@media@modules@UModSys@@U?$TString@U?$TSCoreConst@D@su@tl@UModSys@@U?$TComparerBinaryHash@D@234@@tl@6@@23@@Z 00401f47 f i umodsys_lib_libmedia:umodsys.mod.media.std.obj
 0001:00001024       ??1?$TScatterArrayNode@USCacheElem@RLibraryBinCache@std@media@modules@UModSys@@U?$TString@U?$TSCoreConst@D@su@tl@UModSys@@U?$TComparerBinaryHash@D@234@@tl@6@@tl@UModSys@@QAE@XZ 00402024 f i umodsys_lib_libmedia:umodsys.mod.media.std.obj
 0001:0000102e       ??1SCacheElem@RLibraryBinCache@std@media@modules@UModSys@@QAE@XZ 0040202e f i umodsys_lib_libmedia:umodsys.mod.media.std.obj
 0001:00001064       ??1SMountInfo@RLibraryBinTree@std@media@modules@UModSys@@QAE@XZ 00402064 f i umodsys_lib_libmedia:umodsys.mod.media.std.obj
 0001:000010a3       ?info_release@?$TSCoreShared@USIMemAlloc@core@UModSys@@D@su@tl@UModSys@@QAEXXZ 004020a3 f i umodsys_lib_libmedia:umodsys.mod.media.std.obj
 0001:000010d3       ?remove_color@?$TTreeHoldRB@U?$TScatterArrayNode@USCacheElem@RLibraryBinCache@std@media@modules@UModSys@@U?$TString@U?$TSCoreConst@D@su@tl@UModSys@@U?$TComparerBinaryHash@D@234@@tl@6@@tl@UModSys@@@tl@UModSys@@IAEXPAU?$TScatterArrayNode@USCacheElem@RLibraryBinCache@std@media@modules@UModSys@@U?$TString@U?$TSCoreConst@D@su@tl@UModSys@@U?$TComparerBinaryHash@D@234@@tl@6@@23@0@Z 004020d3 f i umodsys_lib_libmedia:umodsys.mod.media.std.obj
 0001:000010d3       ?remove_color@?$TTreeHoldRB@U?$TScatterArrayNode@USMountInfo@RLibraryBinTree@std@media@modules@UModSys@@USMountIndex@23456@@tl@UModSys@@@tl@UModSys@@IAEXPAU?$TScatterArrayNode@USMountInfo@RLibraryBinTree@std@media@modules@UModSys@@USMountIndex@23456@@23@0@Z 004020d3 f i umodsys_lib_libmedia:umodsys.mod.media.std.obj
 0001:000011d5       ??$scalar_compare@U?$TString@U?$TSCoreConst@D@su@tl@UModSys@@U?$TComparerBinaryHash@D@234@@tl@UModSys@@@core@UModSys@@YAHU?$TString@U?$TSCoreConst@D@su@tl@UModSys@@U?$TComparerBinaryHash@D@234@@tl@1@0@Z 004021d5 f i umodsys_lib_libmedia:umodsys.mod.media.std.obj
 0001:0000123f       ??$t_gen_param@URLibraryBinCache@std@media@modules@UModSys@@URGenerator@2345@@IGenerator@base@UModSys@@IAE_NPAURGenerator@std@media@modules@2@AAU?$TRefObject@UIRefObject@core@UModSys@@U?$TRefObjectFunc@UIRefObject@core@UModSys@@@tl@3@@tl@2@PBUSUniquePointerInfo@core@2@ABUSParameters@core@2@@Z 0040223f f i umodsys_lib_libmedia:umodsys.mod.media.std.obj
 0001:000012bc       ??$t_gen_param@URLibraryBinTree@std@media@modules@UModSys@@URGenerator@2345@@IGenerator@base@UModSys@@IAE_NPAURGenerator@std@media@modules@2@AAU?$TRefObject@UIRefObject@core@UModSys@@U?$TRefObjectFunc@UIRefObject@core@UModSys@@@tl@3@@tl@2@PBUSUniquePointerInfo@core@2@ABUSParameters@core@2@@Z 004022bc f i umodsys_lib_libmedia:umodsys.mod.media.std.obj
 0001:00001339       ??$find_node_u@UCmp@?$TScatterArray@USCacheElem@RLibraryBinCache@std@media@modules@UModSys@@U?$TString@U?$TSCoreConst@D@su@tl@UModSys@@U?$TComparerBinaryHash@D@234@@tl@6@U?$TObjectCompare@U?$TScatterArrayNode@USCacheElem@RLibraryBinCache@std@media@modules@UModSys@@U?$TString@U?$TSCoreConst@D@su@tl@UModSys@@U?$TComparerBinaryHash@D@234@@tl@6@@tl@UModSys@@@core@6@U?$TNodeDeleter0@U?$TScatterArrayNode@USCacheElem@RLibraryBinCache@std@media@modules@UModSys@@U?$TString@U?$TSCoreConst@D@su@tl@UModSys@@U?$TComparerBinaryHash@D@234@@tl@6@@tl@UModSys@@@86@@tl@UModSys@@@?$TTreeHoldRB@U?$TScatterArrayNode@USCacheElem@RLibraryBinCache@std@media@modules@UModSys@@U?$TString@U?$TSCoreConst@D@su@tl@UModSys@@U?$TComparerBinaryHash@D@234@@tl@6@@tl@UModSys@@@tl@UModSys@@QBEPAU?$TScatterArrayNode@USCacheElem@RLibraryBinCache@std@media@modules@UModSys@@U?$TString@U?$TSCoreConst@D@su@tl@UModSys@@U?$TComparerBinaryHash@D@234@@tl@6@@12@UCmp@?$TScatterArray@USCacheElem@RLibraryBinCache@std@media@modules@UModSys@@U?$TString@U?$TSCoreConst@D@su@tl@UModSys@@U?$TComparerBinaryHash@D@234@@tl@6@U?$TObjectCompare@U?$TScatterArrayNode@USCacheElem@RLibraryBinCache@std@media@modules@UModSys@@U?$TString@U?$TSCoreConst@D@su@tl@UModSys@@U?$TComparerBinaryHash@D@234@@tl@6@@tl@UModSys@@@core@6@U?$TNodeDeleter0@U?$TScatterArrayNode@USCacheElem@RLibraryBinCache@std@media@modules@UModSys@@U?$TString@U?$TSCoreConst@D@su@tl@UModSys@@U?$TComparerBinaryHash@D@234@@tl@6@@tl@UModSys@@@86@@12@@Z 00402339 f i umodsys_lib_libmedia:umodsys.mod.media.std.obj
 0001:00001366       ??$find_node_u@UCmp@?$TScatterArray@USMountInfo@RLibraryBinTree@std@media@modules@UModSys@@USMountIndex@23456@U723456@U?$TNodeDeleter0@U?$TScatterArrayNode@USMountInfo@RLibraryBinTree@std@media@modules@UModSys@@USMountIndex@23456@@tl@UModSys@@@tl@6@@tl@UModSys@@@?$TTreeHoldRB@U?$TScatterArrayNode@USMountInfo@RLibraryBinTree@std@media@modules@UModSys@@USMountIndex@23456@@tl@UModSys@@@tl@UModSys@@QBEPAU?$TScatterArrayNode@USMountInfo@RLibraryBinTree@std@media@modules@UModSys@@USMountIndex@23456@@12@UCmp@?$TScatterArray@USMountInfo@RLibraryBinTree@std@media@modules@UModSys@@USMountIndex@23456@U723456@U?$TNodeDeleter0@U?$TScatterArrayNode@USMountInfo@RLibraryBinTree@std@media@modules@UModSys@@USMountIndex@23456@@tl@UModSys@@@tl@6@@12@@Z 00402366 f i umodsys_lib_libmedia:umodsys.mod.media.std.obj
 0001:00001390       ?rotate_left@?$TTreeHoldRB@U?$TQuantArrayNode@USSourceContext@core@UModSys@@$0BAA@@tl@UModSys@@@tl@UModSys@@IAEXPAU?$TQuantArrayNode@USSourceContext@core@UModSys@@$0BAA@@23@@Z 00402390 f i umodsys_lib_basesys:umodsys.basesys.rsystem.obj
 0001:00001390       ?rotate_left@?$TTreeHoldRB@U?$TScatterArrayNode@USMountInfo@RLibraryBinTree@std@media@modules@UModSys@@USMountIndex@23456@@tl@UModSys@@@tl@UModSys@@IAEXPAU?$TScatterArrayNode@USMountInfo@RLibraryBinTree@std@media@modules@UModSys@@USMountIndex@23456@@23@@Z 00402390 f i umodsys_lib_libmedia:umodsys.mod.media.std.obj
 0001:00001390       ?rotate_left@?$TTreeHoldRB@U?$TScatterArrayNode@USCacheElem@RLibraryBinCache@std@media@modules@UModSys@@U?$TString@U?$TSCoreConst@D@su@tl@UModSys@@U?$TComparerBinaryHash@D@234@@tl@6@@tl@UModSys@@@tl@UModSys@@IAEXPAU?$TScatterArrayNode@USCacheElem@RLibraryBinCache@std@media@modules@UModSys@@U?$TString@U?$TSCoreConst@D@su@tl@UModSys@@U?$TComparerBinaryHash@D@234@@tl@6@@23@@Z 00402390 f i umodsys_lib_libmedia:umodsys.mod.media.std.obj
 0001:00001390       ?rotate_left@?$TTreeHoldRB@U?$TQuantArrayNode@USUniquePointerInfo@core@UModSys@@$0BAA@@tl@UModSys@@@tl@UModSys@@IAEXPAU?$TQuantArrayNode@USUniquePointerInfo@core@UModSys@@$0BAA@@23@@Z 00402390 f i umodsys_lib_basesys:umodsys.basesys.rsystem.obj
 0001:000013cf       ?sub_insert_node@?$TTreeHoldRB@U?$TScatterArrayNode@USCacheElem@RLibraryBinCache@std@media@modules@UModSys@@U?$TString@U?$TSCoreConst@D@su@tl@UModSys@@U?$TComparerBinaryHash@D@234@@tl@6@@tl@UModSys@@@tl@UModSys@@QAEXPAU?$TScatterArrayNode@USCacheElem@RLibraryBinCache@std@media@modules@UModSys@@U?$TString@U?$TSCoreConst@D@su@tl@UModSys@@U?$TComparerBinaryHash@D@234@@tl@6@@23@0H@Z 004023cf f i umodsys_lib_libmedia:umodsys.mod.media.std.obj
 0001:000013cf       ?sub_insert_node@?$TTreeHoldRB@U?$TScatterArrayNode@USMountInfo@RLibraryBinTree@std@media@modules@UModSys@@USMountIndex@23456@@tl@UModSys@@@tl@UModSys@@QAEXPAU?$TScatterArrayNode@USMountInfo@RLibraryBinTree@std@media@modules@UModSys@@USMountIndex@23456@@23@0H@Z 004023cf f i umodsys_lib_libmedia:umodsys.mod.media.std.obj
 0001:0000141d       ??RCmp@?$TScatterArray@USCacheElem@RLibraryBinCache@std@media@modules@UModSys@@U?$TString@U?$TSCoreConst@D@su@tl@UModSys@@U?$TComparerBinaryHash@D@234@@tl@6@U?$TObjectCompare@U?$TScatterArrayNode@USCacheElem@RLibraryBinCache@std@media@modules@UModSys@@U?$TString@U?$TSCoreConst@D@su@tl@UModSys@@U?$TComparerBinaryHash@D@234@@tl@6@@tl@UModSys@@@core@6@U?$TNodeDeleter0@U?$TScatterArrayNode@USCacheElem@RLibraryBinCache@std@media@modules@UModSys@@U?$TString@U?$TSCoreConst@D@su@tl@UModSys@@U?$TComparerBinaryHash@D@234@@tl@6@@tl@UModSys@@@86@@tl@UModSys@@QBEHPBU?$TScatterArrayNode@USCacheElem@RLibraryBinCache@std@media@modules@UModSys@@U?$TString@U?$TSCoreConst@D@su@tl@UModSys@@U?$TComparerBinaryHash@D@234@@tl@6@@23@@Z 0040241d f i umodsys_lib_libmedia:umodsys.mod.media.std.obj
 0001:000014a4       ??RCmp@?$TScatterArray@USMountInfo@RLibraryBinTree@std@media@modules@UModSys@@USMountIndex@23456@U723456@U?$TNodeDeleter0@U?$TScatterArrayNode@USMountInfo@RLibraryBinTree@std@media@modules@UModSys@@USMountIndex@23456@@tl@UModSys@@@tl@6@@tl@UModSys@@QBEHPBU?$TScatterArrayNode@USMountInfo@RLibraryBinTree@std@media@modules@UModSys@@USMountIndex@23456@@23@@Z 004024a4 f i umodsys_lib_libmedia:umodsys.mod.media.std.obj
 0001:000014fc       ??RGen0@?$TScatterArray@USMountInfo@RLibraryBinTree@std@media@modules@UModSys@@USMountIndex@23456@U723456@U?$TNodeDeleter0@U?$TScatterArrayNode@USMountInfo@RLibraryBinTree@std@media@modules@UModSys@@USMountIndex@23456@@tl@UModSys@@@tl@6@@tl@UModSys@@QBEPAU?$TScatterArrayNode@USMountInfo@RLibraryBinTree@std@media@modules@UModSys@@USMountIndex@23456@@23@ABUCmp@123@ABU?$TTreeHoldRBD@U?$TScatterArrayNode@USMountInfo@RLibraryBinTree@std@media@modules@UModSys@@USMountIndex@23456@@tl@UModSys@@U?$TNodeDeleter0@U?$TScatterArrayNode@USMountInfo@RLibraryBinTree@std@media@modules@UModSys@@USMountIndex@23456@@tl@UModSys@@@23@@23@@Z 004024fc f i umodsys_lib_libmedia:umodsys.mod.media.std.obj
 0001:0000156d       ??1?$TRefObject@UIModObject@base@UModSys@@U?$TModObjectFunc@UIModObject@base@UModSys@@@tl@3@@tl@UModSys@@QAE@XZ 0040256d f i umodsys_lib_libmedia:umodsys.mod.media.std.obj
 0001:00001583       ??0?$TScatterArrayNode@USCacheElem@RLibraryBinCache@std@media@modules@UModSys@@U?$TString@U?$TSCoreConst@D@su@tl@UModSys@@U?$TComparerBinaryHash@D@234@@tl@6@@tl@UModSys@@QAE@ABU?$TString@U?$TSCoreConst@D@su@tl@UModSys@@U?$TComparerBinaryHash@D@234@@12@@Z 00402583 f i umodsys_lib_libmedia:umodsys.mod.media.std.obj
 0001:000015ba       ?s_init@?$TModObjectFunc@UIModObject@base@UModSys@@@tl@UModSys@@SAXAAPAUIModObject@base@3@PAU453@@Z 004025ba f i umodsys_lib_libmedia:umodsys.mod.media.std.obj
 0001:000015d3       ?insert_color@?$TTreeHoldRB@U?$TQuantArrayNode@USSourceContext@core@UModSys@@$0BAA@@tl@UModSys@@@tl@UModSys@@IAEXPAU?$TQuantArrayNode@USSourceContext@core@UModSys@@$0BAA@@23@@Z 004025d3 f i umodsys_lib_basesys:umodsys.basesys.rsystem.obj
 0001:000015d3       ?insert_color@?$TTreeHoldRB@U?$TScatterArrayNode@USMountInfo@RLibraryBinTree@std@media@modules@UModSys@@USMountIndex@23456@@tl@UModSys@@@tl@UModSys@@IAEXPAU?$TScatterArrayNode@USMountInfo@RLibraryBinTree@std@media@modules@UModSys@@USMountIndex@23456@@23@@Z 004025d3 f i umodsys_lib_libmedia:umodsys.mod.media.std.obj
 0001:000015d3       ?insert_color@?$TTreeHoldRB@U?$TQuantArrayNode@USUniquePointerInfo@core@UModSys@@$0BAA@@tl@UModSys@@@tl@UModSys@@IAEXPAU?$TQuantArrayNode@USUniquePointerInfo@core@UModSys@@$0BAA@@23@@Z 004025d3 f i umodsys_lib_basesys:umodsys.basesys.rsystem.obj
 0001:000015d3       ?insert_color@?$TTreeHoldRB@U?$TScatterArrayNode@USCacheElem@RLibraryBinCache@std@media@modules@UModSys@@U?$TString@U?$TSCoreConst@D@su@tl@UModSys@@U?$TComparerBinaryHash@D@234@@tl@6@@tl@UModSys@@@tl@UModSys@@IAEXPAU?$TScatterArrayNode@USCacheElem@RLibraryBinCache@std@media@modules@UModSys@@U?$TString@U?$TSCoreConst@D@su@tl@UModSys@@U?$TComparerBinaryHash@D@234@@tl@6@@23@@Z 004025d3 f i umodsys_lib_libmedia:umodsys.mod.media.std.obj
 0001:00001681       ??$process_nodes_r@U?$TNodeDeleter0@U?$TScatterArrayNode@USCacheElem@RLibraryBinCache@std@media@modules@UModSys@@U?$TString@U?$TSCoreConst@D@su@tl@UModSys@@U?$TComparerBinaryHash@D@234@@tl@6@@tl@UModSys@@@tl@UModSys@@@?$TTreeHoldRB@U?$TScatterArrayNode@USCacheElem@RLibraryBinCache@std@media@modules@UModSys@@U?$TString@U?$TSCoreConst@D@su@tl@UModSys@@U?$TComparerBinaryHash@D@234@@tl@6@@tl@UModSys@@@tl@UModSys@@KAHPAU?$TScatterArrayNode@USCacheElem@RLibraryBinCache@std@media@modules@UModSys@@U?$TString@U?$TSCoreConst@D@su@tl@UModSys@@U?$TComparerBinaryHash@D@234@@tl@6@@12@ABU?$TNodeDeleter0@U?$TScatterArrayNode@USCacheElem@RLibraryBinCache@std@media@modules@UModSys@@U?$TString@U?$TSCoreConst@D@su@tl@UModSys@@U?$TComparerBinaryHash@D@234@@tl@6@@tl@UModSys@@@12@@Z 00402681 f i umodsys_lib_libmedia:umodsys.mod.media.std.obj
 0001:000016cb       ??$process_nodes_r@U?$TNodeDeleter0@U?$TScatterArrayNode@USMountInfo@RLibraryBinTree@std@media@modules@UModSys@@USMountIndex@23456@@tl@UModSys@@@tl@UModSys@@@?$TTreeHoldRB@U?$TScatterArrayNode@USMountInfo@RLibraryBinTree@std@media@modules@UModSys@@USMountIndex@23456@@tl@UModSys@@@tl@UModSys@@KAHPAU?$TScatterArrayNode@USMountInfo@RLibraryBinTree@std@media@modules@UModSys@@USMountIndex@23456@@12@ABU?$TNodeDeleter0@U?$TScatterArrayNode@USMountInfo@RLibraryBinTree@std@media@modules@UModSys@@USMountIndex@23456@@tl@UModSys@@@12@@Z 004026cb f i umodsys_lib_libmedia:umodsys.mod.media.std.obj
 0001:00001715       ??4?$TRefObject@UIRefObject@core@UModSys@@U?$TRefObjectFunc@UIRefObject@core@UModSys@@@tl@3@@tl@UModSys@@QAEABU012@PAUIRefObject@core@2@@Z 00402715 f i umodsys_lib_libmedia:umodsys.mod.media.std.obj
 0001:00001730       ??1SMemShared@core@UModSys@@QAE@XZ 00402730 f i umodsys_lib_libmedia:umodsys.mod.media.stdio.obj
 0001:0000173c       ?archive_load_data@libmedia@UModSys@@YA_NAAUIBinArchive@12@ABU?$TString@U?$TSCoreConst@D@su@tl@UModSys@@U?$TComparerBinaryHash@D@234@@tl@2@AAUSCMemShared@core@2@ABUSFlags@12@@Z 0040273c f i umodsys_lib_libmedia:umodsys.mod.media.stdio.obj
 0001:00001872       ?file_get_size@stdio@media@modules@UModSys@@YA_JPAU_iobuf@@@Z 00402872 f i umodsys_lib_libmedia:umodsys.mod.media.stdio.obj
 0001:000018bd       ?get_interface_info@RStreamReader_FILE@stdio@media@modules@UModSys@@UBEABUSUniquePointerInfo@core@5@XZ 004028bd f i umodsys_lib_libmedia:umodsys.mod.media.stdio.obj
 0001:000018c3       ?get_interface_type@RStreamReader_FILE@stdio@media@modules@UModSys@@UBEPBUSUniquePointerInfo@core@5@XZ 004028c3 f i umodsys_lib_libmedia:umodsys.mod.media.stdio.obj
 0001:000018c9       ?get_other_interface@RStreamReader_FILE@stdio@media@modules@UModSys@@UAEPAUIRoot@core@5@PBUSUniquePointerInfo@75@@Z 004028c9 f i umodsys_lib_libmedia:umodsys.mod.media.stdio.obj
 0001:000018c9       ?get_other_interface@RStreamReader_FILE@stdio@media@modules@UModSys@@UBEPBUIRoot@core@5@PBUSUniquePointerInfo@75@@Z 004028c9 f i umodsys_lib_libmedia:umodsys.mod.media.stdio.obj
 0001:000018ea       ??0RStreamReader_FILE@stdio@media@modules@UModSys@@QAE@PAUIModObject@base@4@ABUSParameters@core@4@@Z 004028ea f i umodsys_lib_libmedia:umodsys.mod.media.stdio.obj
 0001:00001963       ??0RStreamReader_FILE@stdio@media@modules@UModSys@@QAE@PAUIModObject@base@4@PBD@Z 00402963 f i umodsys_lib_libmedia:umodsys.mod.media.stdio.obj
 0001:000019b8       ?open@RStreamReader_FILE@stdio@media@modules@UModSys@@QAEXPBD@Z 004029b8 f i umodsys_lib_libmedia:umodsys.mod.media.stdio.obj
 0001:000019dc       ?reader_seek@RStreamReader_FILE@stdio@media@modules@UModSys@@UAE_N_J@Z 004029dc f i umodsys_lib_libmedia:umodsys.mod.media.stdio.obj
 0001:000019ff       ?reader_seekend@RStreamReader_FILE@stdio@media@modules@UModSys@@UAE_N_J@Z 004029ff f i umodsys_lib_libmedia:umodsys.mod.media.stdio.obj
 0001:00001a25       ?reader_seekdelta@RStreamReader_FILE@stdio@media@modules@UModSys@@UAE_N_J@Z 00402a25 f i umodsys_lib_libmedia:umodsys.mod.media.stdio.obj
 0001:00001a48       ?reader_pos@RStreamReader_FILE@stdio@media@modules@UModSys@@UAE_JXZ 00402a48 f i umodsys_lib_libmedia:umodsys.mod.media.stdio.obj
 0001:00001a5d       ?reader_size@RStreamReader_FILE@stdio@media@modules@UModSys@@UAE_JXZ 00402a5d f i umodsys_lib_libmedia:umodsys.mod.media.stdio.obj
 0001:00001a64       ?reader_read@RStreamReader_FILE@stdio@media@modules@UModSys@@UAE_NPAXI@Z 00402a64 f i umodsys_lib_libmedia:umodsys.mod.media.stdio.obj
 0001:00001ac1       ?reader_close@RStreamReader_FILE@stdio@media@modules@UModSys@@UAEXXZ 00402ac1 f i umodsys_lib_libmedia:umodsys.mod.media.stdio.obj
 0001:00001ad9       ??_ERStreamReader_FILE@stdio@media@modules@UModSys@@UAEPAXI@Z 00402ad9 f i  CIL library: CIL module
 0001:00001ad9       ??_GRStreamReader_FILE@stdio@media@modules@UModSys@@UAEPAXI@Z 00402ad9 f i umodsys_lib_libmedia:umodsys.mod.media.stdio.obj
 0001:00001b01       ??1ILibraryBinCache@libmedia@UModSys@@UAE@XZ 00402b01 f i umodsys_lib_libmedia:umodsys.mod.media.std.obj
 0001:00001b01       ??1ILibraryBinTree@libmedia@UModSys@@UAE@XZ 00402b01 f i umodsys_lib_libmedia:umodsys.mod.media.std.obj
 0001:00001b01       ??1IBinArchive@libmedia@UModSys@@UAE@XZ 00402b01 f i umodsys_lib_libmedia:umodsys.mod.media.stdio.obj
 0001:00001b01       ??1IStreamReader@libmedia@UModSys@@UAE@XZ 00402b01 f i umodsys_lib_libmedia:umodsys.mod.media.stdio.obj
 0001:00001b01       ??1IStreamWriter@libmedia@UModSys@@UAE@XZ 00402b01 f i umodsys_lib_libmedia:umodsys.mod.media.stdio.obj
 0001:00001b01       ??1IModule@base@UModSys@@UAE@XZ 00402b01 f i umodsys_lib_base:umodsys.base.module.obj
 0001:00001b01       ??1ISystem@base@UModSys@@UAE@XZ 00402b01 f i umodsys_lib_base:umodsys.base.system.obj
 0001:00001b08       ?get_interface_info@RStreamWriter_FILE@stdio@media@modules@UModSys@@UBEABUSUniquePointerInfo@core@5@XZ 00402b08 f i umodsys_lib_libmedia:umodsys.mod.media.stdio.obj
 0001:00001b0e       ?get_interface_type@RStreamWriter_FILE@stdio@media@modules@UModSys@@UBEPBUSUniquePointerInfo@core@5@XZ 00402b0e f i umodsys_lib_libmedia:umodsys.mod.media.stdio.obj
 0001:00001b14       ?get_other_interface@RStreamWriter_FILE@stdio@media@modules@UModSys@@UAEPAUIRoot@core@5@PBUSUniquePointerInfo@75@@Z 00402b14 f i umodsys_lib_libmedia:umodsys.mod.media.stdio.obj
 0001:00001b14       ?get_other_interface@RStreamWriter_FILE@stdio@media@modules@UModSys@@UBEPBUIRoot@core@5@PBUSUniquePointerInfo@75@@Z 00402b14 f i umodsys_lib_libmedia:umodsys.mod.media.stdio.obj
 0001:00001b35       ?ref_weak@RGenerator@stdio@media@modules@UModSys@@UBE_NAAUWeakPointer@IRefObject@core@5@@Z 00402b35 f i umodsys_lib_libmedia:umodsys.mod.media.stdio.obj
 0001:00001b35       ?ref_weak@RDataArchiver_OsDir@stdio@media@modules@UModSys@@UBE_NAAUWeakPointer@IRefObject@core@5@@Z 00402b35 f i umodsys_lib_libmedia:umodsys.mod.media.stdio.obj
 0001:00001b35       ?ref_weak@RStreamWriter_FILE@stdio@media@modules@UModSys@@UBE_NAAUWeakPointer@IRefObject@core@5@@Z 00402b35 f i umodsys_lib_libmedia:umodsys.mod.media.stdio.obj
 0001:00001b35       ?ref_weak@RGenerator@std@media@modules@UModSys@@UBE_NAAUWeakPointer@IRefObject@core@5@@Z 00402b35 f i umodsys_lib_libmedia:umodsys.mod.media.std.obj
 0001:00001b35       ?ref_weak@RStreamReader_FILE@stdio@media@modules@UModSys@@UBE_NAAUWeakPointer@IRefObject@core@5@@Z 00402b35 f i umodsys_lib_libmedia:umodsys.mod.media.stdio.obj
 0001:00001b54       ??0RStreamWriter_FILE@stdio@media@modules@UModSys@@QAE@PAUIModObject@base@4@ABUSParameters@core@4@@Z 00402b54 f i umodsys_lib_libmedia:umodsys.mod.media.stdio.obj
 0001:00001bfe       ??0RStreamWriter_FILE@stdio@media@modules@UModSys@@QAE@PAUIModObject@base@4@PBD_N@Z 00402bfe f i umodsys_lib_libmedia:umodsys.mod.media.stdio.obj
 0001:00001c5d       ?open@RStreamWriter_FILE@stdio@media@modules@UModSys@@QAEXPBD_N@Z 00402c5d f i umodsys_lib_libmedia:umodsys.mod.media.stdio.obj
 0001:00001ca3       ?writer_seek@RStreamWriter_FILE@stdio@media@modules@UModSys@@UAE_N_J@Z 00402ca3 f i umodsys_lib_libmedia:umodsys.mod.media.stdio.obj
 0001:00001cc6       ?writer_seekend@RStreamWriter_FILE@stdio@media@modules@UModSys@@UAE_N_J@Z 00402cc6 f i umodsys_lib_libmedia:umodsys.mod.media.stdio.obj
 0001:00001cec       ?writer_seekdelta@RStreamWriter_FILE@stdio@media@modules@UModSys@@UAE_N_J@Z 00402cec f i umodsys_lib_libmedia:umodsys.mod.media.stdio.obj
 0001:00001d0f       ?writer_setsize@RStreamWriter_FILE@stdio@media@modules@UModSys@@UAE_N_J@Z 00402d0f f i umodsys_lib_libmedia:umodsys.mod.media.stdio.obj
 0001:00001d55       ?writer_pos@RStreamWriter_FILE@stdio@media@modules@UModSys@@UAE_JXZ 00402d55 f i umodsys_lib_libmedia:umodsys.mod.media.stdio.obj
 0001:00001d6a       ?writer_size@RStreamWriter_FILE@stdio@media@modules@UModSys@@UAE_JXZ 00402d6a f i umodsys_lib_libmedia:umodsys.mod.media.stdio.obj
 0001:00001d8f       ?writer_write@RStreamWriter_FILE@stdio@media@modules@UModSys@@UAE_NPBXI@Z 00402d8f f i umodsys_lib_libmedia:umodsys.mod.media.stdio.obj
 0001:00001dec       ?writer_copy@RStreamWriter_FILE@stdio@media@modules@UModSys@@UAE_NPAUIStreamReader@libmedia@5@_J@Z 00402dec f i umodsys_lib_libmedia:umodsys.mod.media.stdio.obj
 0001:00001e70       ?writer_copy@RStreamWriter_FILE@stdio@media@modules@UModSys@@UAE_NPAUIStreamReader@libmedia@5@_J1@Z 00402e70 f i umodsys_lib_libmedia:umodsys.mod.media.stdio.obj
 0001:00001ea7       ?writer_close@RStreamWriter_FILE@stdio@media@modules@UModSys@@UAEXXZ 00402ea7 f i umodsys_lib_libmedia:umodsys.mod.media.stdio.obj
 0001:00001ed4       ?writer_abort@RStreamWriter_FILE@stdio@media@modules@UModSys@@UAEXXZ 00402ed4 f i umodsys_lib_libmedia:umodsys.mod.media.stdio.obj
 0001:00001f01       ??_GRStreamWriter_FILE@stdio@media@modules@UModSys@@UAEPAXI@Z 00402f01 f i umodsys_lib_libmedia:umodsys.mod.media.stdio.obj
 0001:00001f01       ??_ERStreamWriter_FILE@stdio@media@modules@UModSys@@UAEPAXI@Z 00402f01 f i  CIL library: CIL module
 0001:00001f45       ?get_interface_info@RDataArchiver_OsDir@stdio@media@modules@UModSys@@UBEABUSUniquePointerInfo@core@5@XZ 00402f45 f i umodsys_lib_libmedia:umodsys.mod.media.stdio.obj
 0001:00001f4b       ?get_interface_type@RDataArchiver_OsDir@stdio@media@modules@UModSys@@UBEPBUSUniquePointerInfo@core@5@XZ 00402f4b f i umodsys_lib_libmedia:umodsys.mod.media.stdio.obj
 0001:00001f51       ?get_other_interface@RDataArchiver_OsDir@stdio@media@modules@UModSys@@UBEPBUIRoot@core@5@PBUSUniquePointerInfo@75@@Z 00402f51 f i umodsys_lib_libmedia:umodsys.mod.media.stdio.obj
 0001:00001f51       ?get_other_interface@RDataArchiver_OsDir@stdio@media@modules@UModSys@@UAEPAUIRoot@core@5@PBUSUniquePointerInfo@75@@Z 00402f51 f i umodsys_lib_libmedia:umodsys.mod.media.stdio.obj
 0001:00001f72       ?ref_links@RStreamWriter_FILE@stdio@media@modules@UModSys@@UBEHXZ 00402f72 f i umodsys_lib_libmedia:umodsys.mod.media.stdio.obj
 0001:00001f72       ?ref_links@RStreamReader_FILE@stdio@media@modules@UModSys@@UBEHXZ 00402f72 f i umodsys_lib_libmedia:umodsys.mod.media.stdio.obj
 0001:00001f72       ?ref_links@RDataArchiver_OsDir@stdio@media@modules@UModSys@@UBEHXZ 00402f72 f i umodsys_lib_libmedia:umodsys.mod.media.stdio.obj
 0001:00001f72       ?ref_links@RGenerator@std@media@modules@UModSys@@UBEHXZ 00402f72 f i umodsys_lib_libmedia:umodsys.mod.media.std.obj
 0001:00001f72       ?ref_links@RGenerator@stdio@media@modules@UModSys@@UBEHXZ 00402f72 f i umodsys_lib_libmedia:umodsys.mod.media.stdio.obj
 0001:00001f72       ?get_system@IModuleLibraryUni@rsystem@base@UModSys@@UBEPAUISystem@34@XZ 00402f72 f i umodsys_lib_basesys:umodsys.basesys.rmodulelib.obj
 0001:00001f76       ?suicide@RDataArchiver_OsDir@stdio@media@modules@UModSys@@UAEXXZ 00402f76 f i umodsys_lib_libmedia:umodsys.mod.media.stdio.obj
 0001:00001f76       ?suicide@RStreamReader_FILE@stdio@media@modules@UModSys@@UAEXXZ 00402f76 f i umodsys_lib_libmedia:umodsys.mod.media.stdio.obj
 0001:00001f76       ?suicide@RStreamWriter_FILE@stdio@media@modules@UModSys@@UAEXXZ 00402f76 f i umodsys_lib_libmedia:umodsys.mod.media.stdio.obj
 0001:00001fbd       ??0RDataArchiver_OsDir@stdio@media@modules@UModSys@@QAE@PAUIModObject@base@4@ABUSParameters@core@4@U?$TFlags4State@USMediaFlagUid@libmedia@UModSys@@I@tl@4@@Z 00402fbd f i umodsys_lib_libmedia:umodsys.mod.media.stdio.obj
 0001:00002027       ?open@RDataArchiver_OsDir@stdio@media@modules@UModSys@@QAEXABUSParameters@core@5@@Z 00403027 f i umodsys_lib_libmedia:umodsys.mod.media.stdio.obj
 0001:0000210d       ?data_load@RDataArchiver_OsDir@stdio@media@modules@UModSys@@UAE_NABU?$TString@U?$TSCoreConst@D@su@tl@UModSys@@U?$TComparerBinaryHash@D@234@@tl@5@AAUSCMemShared@core@5@ABUSFlags@libmedia@5@@Z 0040310d f i umodsys_lib_libmedia:umodsys.mod.media.stdio.obj
 0001:00002124       ?data_save@RDataArchiver_OsDir@stdio@media@modules@UModSys@@UAE_NABU?$TString@U?$TSCoreConst@D@su@tl@UModSys@@U?$TComparerBinaryHash@D@234@@tl@5@ABUSCMem@core@5@ABUSFlags@libmedia@5@@Z 00403124 f i umodsys_lib_libmedia:umodsys.mod.media.stdio.obj
 0001:0000219a       ?data_reader@RDataArchiver_OsDir@stdio@media@modules@UModSys@@UAE?AU?$TRefObject@UIStreamReader@libmedia@UModSys@@U?$TRefObjectFunc@UIStreamReader@libmedia@UModSys@@@tl@3@@tl@5@ABU?$TString@U?$TSCoreConst@D@su@tl@UModSys@@U?$TComparerBinaryHash@D@234@@75@ABUSFlags@libmedia@5@@Z 0040319a f i umodsys_lib_libmedia:umodsys.mod.media.stdio.obj
 0001:000022a2       ?data_writer@RDataArchiver_OsDir@stdio@media@modules@UModSys@@UAE?AU?$TRefObject@UIStreamWriter@libmedia@UModSys@@U?$TRefObjectFunc@UIStreamWriter@libmedia@UModSys@@@tl@3@@tl@5@ABU?$TString@U?$TSCoreConst@D@su@tl@UModSys@@U?$TComparerBinaryHash@D@234@@75@ABUSFlags@libmedia@5@@Z 004032a2 f i umodsys_lib_libmedia:umodsys.mod.media.stdio.obj
 0001:000023ec       ?data_list@RDataArchiver_OsDir@stdio@media@modules@UModSys@@UAE_NABU?$TString@U?$TSCoreConst@D@su@tl@UModSys@@U?$TComparerBinaryHash@D@234@@tl@5@AAU?$TIStackSocket@USFileInfo@libmedia@UModSys@@@75@@Z 004033ec f i umodsys_lib_libmedia:umodsys.mod.media.stdio.obj
 0001:00002435       ?get_permissions@RDataArchiver_OsDir@stdio@media@modules@UModSys@@UAEHXZ 00403435 f i umodsys_lib_libmedia:umodsys.mod.media.stdio.obj
 0001:00002439       ??_ERDataArchiver_OsDir@stdio@media@modules@UModSys@@UAEPAXI@Z 00403439 f i  CIL library: CIL module
 0001:00002439       ??_GRDataArchiver_OsDir@stdio@media@modules@UModSys@@UAEPAXI@Z 00403439 f i umodsys_lib_libmedia:umodsys.mod.media.stdio.obj
 0001:00002482       ?get_generated_names@RGenerator@stdio@media@modules@UModSys@@UBEHAAUSUniquePtrList@core@5@@Z 00403482 f i umodsys_lib_libmedia:umodsys.mod.media.stdio.obj
 0001:000024b2       ?get_generated_types@RGenerator@stdio@media@modules@UModSys@@UBEHAAUSUniquePtrList@core@5@PBUSUniquePointerInfo@75@@Z 004034b2 f i umodsys_lib_libmedia:umodsys.mod.media.stdio.obj
 0001:00002520       ?generate@RGenerator@stdio@media@modules@UModSys@@UAE_NAAU?$TRefObject@UIRefObject@core@UModSys@@U?$TRefObjectFunc@UIRefObject@core@UModSys@@@tl@3@@tl@5@PBUSUniquePointerInfo@core@5@ABUSParameters@95@@Z 00403520 f i umodsys_lib_libmedia:umodsys.mod.media.stdio.obj
 0001:00002588       ?get_interface_info@RGenerator@stdio@media@modules@UModSys@@UBEABUSUniquePointerInfo@core@5@XZ 00403588 f i umodsys_lib_libmedia:umodsys.mod.media.stdio.obj
 0001:0000258e       ?get_interface_type@RGenerator@stdio@media@modules@UModSys@@UBEPBUSUniquePointerInfo@core@5@XZ 0040358e f i umodsys_lib_libmedia:umodsys.mod.media.stdio.obj
 0001:00002594       ?get_other_interface@RGenerator@stdio@media@modules@UModSys@@UAEPAUIRoot@core@5@PBUSUniquePointerInfo@75@@Z 00403594 f i umodsys_lib_libmedia:umodsys.mod.media.stdio.obj
 0001:00002594       ?get_other_interface@RGenerator@stdio@media@modules@UModSys@@UBEPBUIRoot@core@5@PBUSUniquePointerInfo@75@@Z 00403594 f i umodsys_lib_libmedia:umodsys.mod.media.stdio.obj
 0001:000025bd       ?ref_remove@RStreamWriter_FILE@stdio@media@modules@UModSys@@UBEXXZ 004035bd f i umodsys_lib_libmedia:umodsys.mod.media.stdio.obj
 0001:000025bd       ?ref_remove@RGenerator@stdio@media@modules@UModSys@@UBEXXZ 004035bd f i umodsys_lib_libmedia:umodsys.mod.media.stdio.obj
 0001:000025bd       ?ref_remove@RDataArchiver_OsDir@stdio@media@modules@UModSys@@UBEXXZ 004035bd f i umodsys_lib_libmedia:umodsys.mod.media.stdio.obj
 0001:000025bd       ?ref_remove@RGenerator@std@media@modules@UModSys@@UBEXXZ 004035bd f i umodsys_lib_libmedia:umodsys.mod.media.std.obj
 0001:000025bd       ?ref_remove@RStreamReader_FILE@stdio@media@modules@UModSys@@UBEXXZ 004035bd f i umodsys_lib_libmedia:umodsys.mod.media.stdio.obj
 0001:000025c8       ?get_uid@RGenerator@stdio@media@modules@UModSys@@UBEPBUSUniquePointerInfo@core@5@XZ 004035c8 f i umodsys_lib_libmedia:umodsys.mod.media.stdio.obj
 0001:000025ce       ?do_open@RModuleReg@stdio@media@modules@UModSys@@UAE_NXZ 004035ce f i umodsys_lib_libmedia:umodsys.mod.media.stdio.obj
 0001:0000261a       ?do_close@RModuleReg@stdio@media@modules@UModSys@@UAE_NXZ 0040361a f i umodsys_lib_libmedia:umodsys.mod.media.stdio.obj
 0001:00002655       ??_GIModuleReg@base@UModSys@@UAEPAXI@Z 00403655 f i umodsys_lib_base:umodsys.base.modulereg.obj
 0001:00002655       ??_ERModuleReg@stdio@media@modules@UModSys@@UAEPAXI@Z 00403655 f i  CIL library: CIL module
 0001:00002655       ??_GRModuleReg@std@media@modules@UModSys@@UAEPAXI@Z 00403655 f i umodsys_lib_libmedia:umodsys.mod.media.std.obj
 0001:00002655       ??_ERModuleReg@std@media@modules@UModSys@@UAEPAXI@Z 00403655 f i  CIL library: CIL module
 0001:00002655       ??_GRModuleReg@stdio@media@modules@UModSys@@UAEPAXI@Z 00403655 f i umodsys_lib_libmedia:umodsys.mod.media.stdio.obj
 0001:00002655       ??_EIModuleReg@base@UModSys@@UAEPAXI@Z 00403655 f i  CIL library: CIL module
 0001:00002672       ?get_module@RGenerator@stdio@media@modules@UModSys@@UBEPAUIModule@base@5@XZ 00403672 f   umodsys_lib_libmedia:umodsys.mod.media.stdio.obj
 0001:00002678       ?mod_inc@RGenerator@stdio@media@modules@UModSys@@UBE_NXZ 00403678 f   umodsys_lib_libmedia:umodsys.mod.media.stdio.obj
 0001:00002683       ?mod_dec@RGenerator@stdio@media@modules@UModSys@@UBE_NXZ 00403683 f   umodsys_lib_libmedia:umodsys.mod.media.stdio.obj
 0001:0000268e       ?s_holder@RGenerator@stdio@media@modules@UModSys@@SAAAU?$TTypeStaticHolder@URGenerator@stdio@media@modules@UModSys@@@tl@5@XZ 0040368e f   umodsys_lib_libmedia:umodsys.mod.media.stdio.obj
 0001:000026c0       ??$ValidateConstruction@UIStreamReader@libmedia@UModSys@@URStreamReader_FILE@stdio@media@modules@3@@core@UModSys@@YA_NAAU?$TRefObject@UIStreamReader@libmedia@UModSys@@U?$TRefObjectFunc@UIStreamReader@libmedia@UModSys@@@tl@3@@tl@1@PAURStreamReader_FILE@stdio@media@modules@1@@Z 004036c0 f i umodsys_lib_libmedia:umodsys.mod.media.stdio.obj
 0001:0000271a       ??$ValidateConstruction@UIStreamWriter@libmedia@UModSys@@URStreamWriter_FILE@stdio@media@modules@3@@core@UModSys@@YA_NAAU?$TRefObject@UIStreamWriter@libmedia@UModSys@@U?$TRefObjectFunc@UIStreamWriter@libmedia@UModSys@@@tl@3@@tl@1@PAURStreamWriter_FILE@stdio@media@modules@1@@Z 0040371a f i umodsys_lib_libmedia:umodsys.mod.media.stdio.obj
 0001:00002774       ??$t_gen_param@URStreamReader_FILE@stdio@media@modules@UModSys@@URGenerator@2345@@IGenerator@base@UModSys@@IAE_NPAURGenerator@stdio@media@modules@2@AAU?$TRefObject@UIRefObject@core@UModSys@@U?$TRefObjectFunc@UIRefObject@core@UModSys@@@tl@3@@tl@2@PBUSUniquePointerInfo@core@2@ABUSParameters@core@2@@Z 00403774 f i umodsys_lib_libmedia:umodsys.mod.media.stdio.obj
 0001:000027ff       ??$t_gen_param@URStreamWriter_FILE@stdio@media@modules@UModSys@@URGenerator@2345@@IGenerator@base@UModSys@@IAE_NPAURGenerator@stdio@media@modules@2@AAU?$TRefObject@UIRefObject@core@UModSys@@U?$TRefObjectFunc@UIRefObject@core@UModSys@@@tl@3@@tl@2@PBUSUniquePointerInfo@core@2@ABUSParameters@core@2@@Z 004037ff f i umodsys_lib_libmedia:umodsys.mod.media.stdio.obj
 0001:0000288a       ??$t_gen_param@URDataArchiver_OsDir@stdio@media@modules@UModSys@@URGenerator@2345@@IGenerator@base@UModSys@@IAE_NPAURGenerator@stdio@media@modules@2@AAU?$TRefObject@UIRefObject@core@UModSys@@U?$TRefObjectFunc@UIRefObject@core@UModSys@@@tl@3@@tl@2@PBUSUniquePointerInfo@core@2@ABUSParameters@core@2@@Z 0040388a f i umodsys_lib_libmedia:umodsys.mod.media.stdio.obj
 0001:0000290a       ??0SVFileName@libmedia@UModSys@@QAE@ABU?$TString@U?$TSCoreConst@D@su@tl@UModSys@@U?$TComparerBinaryHash@D@234@@tl@2@0_N@Z 0040390a f   umodsys_lib_libmedia:umodsys.lib.media.common.obj
 0001:00002965       ?init@SVFileName@libmedia@UModSys@@QAEXPBDH_N@Z 00403965 f   umodsys_lib_libmedia:umodsys.lib.media.common.obj
 0001:00002a20       ??4?$TString@U?$TSCoreConst@D@su@tl@UModSys@@U?$TComparerBinaryHash@D@234@@tl@UModSys@@QAEABU012@PBD@Z 00403a20 f i umodsys_lib_libmedia:umodsys.lib.media.common.obj
 0001:00002a41       ??$safe_snprintf@D@syshlp@core@UModSys@@YAIPADIPBDZZ 00403a41 f i umodsys_lib_libmedia:umodsys.lib.media.common.obj
 0001:00002a5f       ?get_interface_info@RConsole_std@rsystem@base@UModSys@@UBEABUSUniquePointerInfo@core@4@XZ 00403a5f f i umodsys_lib_basesys:umodsys.basesys.rconsole_std.obj
 0001:00002a65       ?get_interface_type@RConsole_std@rsystem@base@UModSys@@UBEPBUSUniquePointerInfo@core@4@XZ 00403a65 f i umodsys_lib_basesys:umodsys.basesys.rconsole_std.obj
 0001:00002a6b       ?get_other_interface@RConsole_std@rsystem@base@UModSys@@UAEPAUIRoot@core@4@PBUSUniquePointerInfo@64@@Z 00403a6b f i umodsys_lib_basesys:umodsys.basesys.rconsole_std.obj
 0001:00002a6b       ?get_other_interface@RConsole_std@rsystem@base@UModSys@@UBEPBUIRoot@core@4@PBUSUniquePointerInfo@64@@Z 00403a6b f i umodsys_lib_basesys:umodsys.basesys.rconsole_std.obj
 0001:00002a8c       __matherr                  00403a8c f   MSVCRT:merr.obj
 0001:00002a8c       ?get_syslib@RSystem@rsystem@base@UModSys@@UAEPAUIModuleLibrary@34@XZ 00403a8c f   umodsys_lib_basesys:umodsys.basesys.rsystem.obj
 0001:00002a8c       __setargv                  00403a8c f   MSVCRT:dllargv.obj
 0001:00002a8c       ?ref_links@RConsole_std@rsystem@base@UModSys@@UBEHXZ 00403a8c f   umodsys_lib_basesys:umodsys.basesys.rconsole_std.obj
 0001:00002a8f       ?vput@RConsole_std@rsystem@base@UModSys@@UAE_NHPBDPAD@Z 00403a8f f   umodsys_lib_basesys:umodsys.basesys.rconsole_std.obj
 0001:00002ad7       ?put@RConsole_std@rsystem@base@UModSys@@UAA_NHPBDZZ 00403ad7 f   umodsys_lib_basesys:umodsys.basesys.rconsole_std.obj
 0001:00002b1e       ?get_s@RConsole_std@rsystem@base@UModSys@@UAA_NPADIPBDZZ 00403b1e f   umodsys_lib_basesys:umodsys.basesys.rconsole_std.obj
 0001:00002b1e       ?get_c@RConsole_std@rsystem@base@UModSys@@UAA_NPAHPBDZZ 00403b1e f   umodsys_lib_basesys:umodsys.basesys.rconsole_std.obj
 0001:00002b21       ?vget_s@RConsole_std@rsystem@base@UModSys@@UAE_NPADIPBD0@Z 00403b21 f   umodsys_lib_basesys:umodsys.basesys.rconsole_std.obj
 0001:00002b26       ?reflect@RConsole_std@rsystem@base@UModSys@@QAE_NPBD@Z 00403b26 f   umodsys_lib_basesys:umodsys.basesys.rconsole_std.obj
 0001:00002b66       ??_ERConsole_std@rsystem@base@UModSys@@UAEPAXI@Z 00403b66 f i  CIL library: CIL module
 0001:00002b66       ??_GRConsole_std@rsystem@base@UModSys@@UAEPAXI@Z 00403b66 f i umodsys_lib_basesys:umodsys.basesys.rconsole_std.obj
 0001:00002b90       ??0EExceptionBase@core@UModSys@@QAE@PBUSSourceContext@12@HPBD@Z 00403b90 f i umodsys_lib_basesys:umodsys.basesys.rsystem_main.obj
 0001:00002bbb       ?decode_error@EExceptionBase@core@UModSys@@UBEHPADI@Z 00403bbb f i umodsys_lib_basesys:umodsys.basesys.rsystem_main.obj
 0001:00002be4       ??_GEFatal@core@UModSys@@UAEPAXI@Z 00403be4 f i umodsys_lib_basesys:umodsys.basesys.rsystem_main.obj
 0001:00002be4       ??_GEWarning@core@UModSys@@UAEPAXI@Z 00403be4 f i umodsys_lib_basesys:umodsys.basesys.rsystem_main.obj
 0001:00002be4       ??_EEWarning@core@UModSys@@UAEPAXI@Z 00403be4 f i  CIL library: CIL module
 0001:00002be4       ??_EEExceptionBase@core@UModSys@@UAEPAXI@Z 00403be4 f i  CIL library: CIL module
 0001:00002be4       ??_GEExceptionBase@core@UModSys@@UAEPAXI@Z 00403be4 f i umodsys_lib_basesys:umodsys.basesys.rsystem_main.obj
 0001:00002be4       ??_EEFatal@core@UModSys@@UAEPAXI@Z 00403be4 f i  CIL library: CIL module
 0001:00002c01       ?decode_error@EFatal@core@UModSys@@UBEHPADI@Z 00403c01 f i umodsys_lib_basesys:umodsys.basesys.rsystem_main.obj
 0001:00002c2a       ?decode_error@EWarning@core@UModSys@@UBEHPADI@Z 00403c2a f i umodsys_lib_basesys:umodsys.basesys.rsystem_main.obj
 0001:00002c53       ??1EFatal@core@UModSys@@UAE@XZ 00403c53 f i umodsys_lib_basesys:umodsys.basesys.rsystem_main.obj
 0001:00002c53       ??1EWarning@core@UModSys@@UAE@XZ 00403c53 f i umodsys_lib_basesys:umodsys.basesys.rsystem_main.obj
 0001:00002c5a       ?get_interface_info@RSystem@rsystem@base@UModSys@@UBEABUSUniquePointerInfo@core@4@XZ 00403c5a f i umodsys_lib_basesys:umodsys.basesys.rsystem_main.obj
 0001:00002c60       ?get_interface_type@RSystem@rsystem@base@UModSys@@UBEPBUSUniquePointerInfo@core@4@XZ 00403c60 f i umodsys_lib_basesys:umodsys.basesys.rsystem_main.obj
 0001:00002c66       ?get_interface_types@RSystem@rsystem@base@UModSys@@UBEIAAUSUniquePtrList@core@4@@Z 00403c66 f i umodsys_lib_basesys:umodsys.basesys.rsystem_main.obj
 0001:00002c66       ?get_interface_types@RLibraryBinTree@std@media@modules@UModSys@@UBEIAAUSUniquePtrList@core@5@@Z 00403c66 f i umodsys_lib_libmedia:umodsys.mod.media.std.obj
 0001:00002c66       ?get_interface_types@RStreamReader_FILE@stdio@media@modules@UModSys@@UBEIAAUSUniquePtrList@core@5@@Z 00403c66 f i umodsys_lib_libmedia:umodsys.mod.media.stdio.obj
 0001:00002c66       ?get_interface_types@RModuleLibrarySO@rsystem@base@UModSys@@UBEIAAUSUniquePtrList@core@4@@Z 00403c66 f i umodsys_lib_basesys:umodsys.basesys.rmodulelibso.obj
 0001:00002c66       ?get_interface_types@RDataArchiver_OsDir@stdio@media@modules@UModSys@@UBEIAAUSUniquePtrList@core@5@@Z 00403c66 f i umodsys_lib_libmedia:umodsys.mod.media.stdio.obj
 0001:00002c66       ?get_interface_types@RLibraryBinCache@std@media@modules@UModSys@@UBEIAAUSUniquePtrList@core@5@@Z 00403c66 f i umodsys_lib_libmedia:umodsys.mod.media.std.obj
 0001:00002c66       ?get_interface_types@RStreamWriter_FILE@stdio@media@modules@UModSys@@UBEIAAUSUniquePtrList@core@5@@Z 00403c66 f i umodsys_lib_libmedia:umodsys.mod.media.stdio.obj
 0001:00002c66       ?get_interface_types@RModuleLibraryThis@rsystem@base@UModSys@@UBEIAAUSUniquePtrList@core@4@@Z 00403c66 f i umodsys_lib_basesys:umodsys.basesys.rmodulelibthis.obj
 0001:00002c66       ?get_interface_types@RParameters@rsystem@base@UModSys@@UBEIAAUSUniquePtrList@core@4@@Z 00403c66 f i umodsys_lib_basesys:umodsys.basesys.rparameters.obj
 0001:00002c66       ?get_interface_types@RGenerator@stdio@media@modules@UModSys@@UBEIAAUSUniquePtrList@core@5@@Z 00403c66 f i umodsys_lib_libmedia:umodsys.mod.media.stdio.obj
 0001:00002c66       ?get_interface_types@RConsole_std@rsystem@base@UModSys@@UBEIAAUSUniquePtrList@core@4@@Z 00403c66 f i umodsys_lib_basesys:umodsys.basesys.rconsole_std.obj
 0001:00002c66       ?get_interface_types@RGenerator@std@media@modules@UModSys@@UBEIAAUSUniquePtrList@core@5@@Z 00403c66 f i umodsys_lib_libmedia:umodsys.mod.media.std.obj
 0001:00002c66       ?get_interface_types@RModule@rsystem@base@UModSys@@UBEIAAUSUniquePtrList@core@4@@Z 00403c66 f i umodsys_lib_basesys:umodsys.basesys.rmodule.obj
 0001:00002c6b       ?get_other_interface@RSystem@rsystem@base@UModSys@@UAEPAUIRoot@core@4@PBUSUniquePointerInfo@64@@Z 00403c6b f i umodsys_lib_basesys:umodsys.basesys.rsystem_main.obj
 0001:00002c6b       ?get_other_interface@RSystem@rsystem@base@UModSys@@UBEPBUIRoot@core@4@PBUSUniquePointerInfo@64@@Z 00403c6b f i umodsys_lib_basesys:umodsys.basesys.rsystem_main.obj
 0001:00002c8c       ?init@RSystem@rsystem@base@UModSys@@QAE_NXZ 00403c8c f   umodsys_lib_basesys:umodsys.basesys.rsystem_main.obj
 0001:00002d7d       ?deinit@RSystem@rsystem@base@UModSys@@QAE_NXZ 00403d7d f   umodsys_lib_basesys:umodsys.basesys.rsystem_main.obj
 0001:00002e37       ?set_console@RSystem@rsystem@base@UModSys@@QAEXPAUIConsole@34@@Z 00403e37 f   umodsys_lib_basesys:umodsys.basesys.rsystem_main.obj
 0001:00002e5e       ??0RSystem@rsystem@base@UModSys@@QAE@XZ 00403e5e f   umodsys_lib_basesys:umodsys.basesys.rsystem_main.obj
 0001:00002f9f       ??_ERSystem@rsystem@base@UModSys@@UAEPAXI@Z 00403f9f f i  CIL library: CIL module
 0001:00002f9f       ??_GRSystem@rsystem@base@UModSys@@UAEPAXI@Z 00403f9f f i umodsys_lib_basesys:umodsys.basesys.rsystem_main.obj
 0001:00002fbc       ??1RSystem@rsystem@base@UModSys@@UAE@XZ 00403fbc f   umodsys_lib_basesys:umodsys.basesys.rsystem_main.obj
 0001:00003055       ?dbg_put@rsystem@base@UModSys@@YAXW4eRSystemDebugLevels@123@PBDZZ 00404055 f   umodsys_lib_basesys:umodsys.basesys.rsystem_main.obj
 0001:00003081       ?err_put@rsystem@base@UModSys@@YAXW4eRSystemDebugLevels@123@PBDZZ 00404081 f   umodsys_lib_basesys:umodsys.basesys.rsystem_main.obj
 0001:000030ad       ??1?$TStaticStringPool@DU?$TComparerBinaryHash@D@su@tl@UModSys@@USMemAlloc_Malloc@core@4@@tl@UModSys@@QAE@XZ 004040ad f i umodsys_lib_basesys:umodsys.basesys.rsystem_main.obj
 0001:000030b2       ??1?$TRefObject@URLibraryBinCache@std@media@modules@UModSys@@U?$TRefObjectFunc@URLibraryBinCache@std@media@modules@UModSys@@@tl@5@@tl@UModSys@@QAE@XZ 004040b2 f i umodsys_lib_libmedia:umodsys.mod.media.std.obj
 0001:000030b2       ??1?$TRefObject@UIStreamWriter@libmedia@UModSys@@U?$TRefObjectFunc@UIStreamWriter@libmedia@UModSys@@@tl@3@@tl@UModSys@@QAE@XZ 004040b2 f i umodsys_lib_libmedia:umodsys.mod.media.std.obj
 0001:000030b2       ??1?$TRefObject@URStreamWriter_FILE@stdio@media@modules@UModSys@@U?$TRefObjectFunc@URStreamWriter_FILE@stdio@media@modules@UModSys@@@tl@5@@tl@UModSys@@QAE@XZ 004040b2 f i umodsys_lib_libmedia:umodsys.mod.media.stdio.obj
 0001:000030b2       ??1?$TRefObject@UIModuleLibraryUni@rsystem@base@UModSys@@U?$TRefObjectFunc@UIModuleLibraryUni@rsystem@base@UModSys@@@tl@4@@tl@UModSys@@QAE@XZ 004040b2 f i umodsys_lib_basesys:umodsys.basesys.rmodule.obj
 0001:000030b2       ??1?$TRefObject@URModuleLibrarySO@rsystem@base@UModSys@@U?$TRefObjectFunc@URModuleLibrarySO@rsystem@base@UModSys@@@tl@4@@tl@UModSys@@QAE@XZ 004040b2 f i umodsys_lib_basesys:umodsys.basesys.rmoduleloader.obj
 0001:000030b2       ??1?$TRefObject@UIShell@base@UModSys@@U?$TRefObjectFunc@UIShell@base@UModSys@@@tl@3@@tl@UModSys@@QAE@XZ 004040b2 f i umodsys_lib_basesys:umodsys.basesys.rsystem_tests.obj
 0001:000030b2       ??1?$TRefObject@URLibraryBinTree@std@media@modules@UModSys@@U?$TRefObjectFunc@URLibraryBinTree@std@media@modules@UModSys@@@tl@5@@tl@UModSys@@QAE@XZ 004040b2 f i umodsys_lib_libmedia:umodsys.mod.media.std.obj
 0001:000030b2       ??1?$TRefObject@URStreamReader_FILE@stdio@media@modules@UModSys@@U?$TRefObjectFunc@URStreamReader_FILE@stdio@media@modules@UModSys@@@tl@5@@tl@UModSys@@QAE@XZ 004040b2 f i umodsys_lib_libmedia:umodsys.mod.media.stdio.obj
 0001:000030b2       ??1?$TRefObject@URDataArchiver_OsDir@stdio@media@modules@UModSys@@U?$TRefObjectFunc@URDataArchiver_OsDir@stdio@media@modules@UModSys@@@tl@5@@tl@UModSys@@QAE@XZ 004040b2 f i umodsys_lib_libmedia:umodsys.mod.media.stdio.obj
 0001:000030b2       ??1?$TRefObject@URParameters@rsystem@base@UModSys@@U?$TRefObjectFunc@URParameters@rsystem@base@UModSys@@@tl@4@@tl@UModSys@@QAE@XZ 004040b2 f i umodsys_lib_basesys:umodsys.basesys.rsystem_main.obj
 0001:000030b2       ??1?$TRefObject@UIRefObject@core@UModSys@@U?$TRefObjectFunc@UIRefObject@core@UModSys@@@tl@3@@tl@UModSys@@QAE@XZ 004040b2 f i umodsys_lib_basesys:umodsys.basesys.rsystem_tests.obj
 0001:000030b2       ??1?$TRefObject@UIStreamReader@libmedia@UModSys@@U?$TRefObjectFunc@UIStreamReader@libmedia@UModSys@@@tl@3@@tl@UModSys@@QAE@XZ 004040b2 f i umodsys_lib_libmedia:umodsys.mod.media.std.obj
 0001:000030c1       ??1?$TQuantArrayUnique@USUniquePointerInfo@core@UModSys@@$0BAA@USMemAlloc_Malloc@23@@tl@UModSys@@QAE@XZ 004040c1 f i umodsys_lib_basesys:umodsys.basesys.rsystem_main.obj
 0001:000030c1       ??1?$TQuantArrayUnique@USSourceContext@core@UModSys@@$0BAA@USMemAlloc_Malloc@23@@tl@UModSys@@QAE@XZ 004040c1 f i umodsys_lib_basesys:umodsys.basesys.rsystem_main.obj
 0001:000030f7       ??1?$TTreeHoldRBD@U?$TQuantArrayNode@USUniquePointerInfo@core@UModSys@@$0BAA@@tl@UModSys@@U?$TNodeDeleter@U?$TQuantArrayNode@USUniquePointerInfo@core@UModSys@@$0BAA@@tl@UModSys@@USMemAlloc_Malloc@core@3@@23@@tl@UModSys@@QAE@XZ 004040f7 f i umodsys_lib_basesys:umodsys.basesys.rsystem_main.obj
 0001:000030f7       ??1?$TTreeHoldRBD@U?$TQuantArrayNode@USSourceContext@core@UModSys@@$0BAA@@tl@UModSys@@U?$TNodeDeleter@U?$TQuantArrayNode@USSourceContext@core@UModSys@@$0BAA@@tl@UModSys@@USMemAlloc_Malloc@core@3@@23@@tl@UModSys@@QAE@XZ 004040f7 f i umodsys_lib_basesys:umodsys.basesys.rsystem_main.obj
 0001:0000310d       ?mem_alloc@?$TRMemAlloc_CC@U?$TMemAllocHeader@USMagic@mem_headers@rsystem@base@UModSys@@U?$TPool@X@2345@USDebug@2345@UVoid@core@5@U895@@rsystem@base@UModSys@@USMemAlloc_Malloc@core@4@@rsystem@base@UModSys@@UAEPAXIPBUSSourceContext@core@4@@Z 0040410d f i umodsys_lib_basesys:umodsys.basesys.rsystem_main.obj
 0001:00003167       ?mem_realloc@?$TRMemAlloc_CC@U?$TMemAllocHeader@USMagic@mem_headers@rsystem@base@UModSys@@U?$TPool@X@2345@USDebug@2345@UVoid@core@5@U895@@rsystem@base@UModSys@@USMemAlloc_Malloc@core@4@@rsystem@base@UModSys@@UAEPAXPAXIPBUSSourceContext@core@4@@Z 00404167 f i umodsys_lib_basesys:umodsys.basesys.rsystem_main.obj
 0001:000032ea       ?mem_free@?$TRMemAlloc_CC@U?$TMemAllocHeader@USMagic@mem_headers@rsystem@base@UModSys@@U?$TPool@X@2345@USDebug@2345@UVoid@core@5@U895@@rsystem@base@UModSys@@USMemAlloc_Malloc@core@4@@rsystem@base@UModSys@@UAEXPAXPBUSSourceContext@core@4@@Z 004042ea f i umodsys_lib_basesys:umodsys.basesys.rsystem_main.obj
 0001:00003384       ?free@?$TStaticStringPool@DU?$TComparerBinaryHash@D@su@tl@UModSys@@USMemAlloc_Malloc@core@4@@tl@UModSys@@QAEXXZ 00404384 f i umodsys_lib_basesys:umodsys.basesys.rsystem_main.obj
 0001:000033bf       ?next_node@?$TTreeHoldRB@U?$TQuantArrayNode@USUniquePointerInfo@core@UModSys@@$0BAA@@tl@UModSys@@@tl@UModSys@@SAPAU?$TQuantArrayNode@USUniquePointerInfo@core@UModSys@@$0BAA@@23@PAU423@@Z 004043bf f i umodsys_lib_basesys:umodsys.basesys.rsystem_main.obj
 0001:000033bf       ?next_node@?$TTreeHoldRB@U?$TQuantArrayNode@USSourceContext@core@UModSys@@$0BAA@@tl@UModSys@@@tl@UModSys@@SAPAU?$TQuantArrayNode@USSourceContext@core@UModSys@@$0BAA@@23@PAU423@@Z 004043bf f i umodsys_lib_basesys:umodsys.basesys.rsystem.obj
 0001:000033e4       ??$valid@U?$TRMemAlloc_CC@U?$TMemAllocHeader@USMagic@mem_headers@rsystem@base@UModSys@@U?$TPool@X@2345@USDebug@2345@UVoid@core@5@U895@@rsystem@base@UModSys@@USMemAlloc_Malloc@core@4@@rsystem@base@UModSys@@@?$TMemAllocHeader@USMagic@mem_headers@rsystem@base@UModSys@@U?$TPool@X@2345@USDebug@2345@UVoid@core@5@U895@@rsystem@base@UModSys@@QBE_NPBU?$TRMemAlloc_CC@U?$TMemAllocHeader@USMagic@mem_headers@rsystem@base@UModSys@@U?$TPool@X@2345@USDebug@2345@UVoid@core@5@U895@@rsystem@base@UModSys@@USMemAlloc_Malloc@core@4@@123@@Z 004043e4 f i umodsys_lib_basesys:umodsys.basesys.rsystem_main.obj
 0001:0000340b       ??$process@UEFatal@core@UModSys@@@IExceptionHandler@core@UModSys@@QAEXABUEFatal@12@@Z 0040440b f i umodsys_lib_basesys:umodsys.basesys.rsystem_main.obj
 0001:0000343d       ??$process_nodes_r@U?$TNodeDeleter@U?$TQuantArrayNode@USSourceContext@core@UModSys@@$0BAA@@tl@UModSys@@USMemAlloc_Malloc@core@3@@tl@UModSys@@@?$TTreeHoldRB@U?$TQuantArrayNode@USSourceContext@core@UModSys@@$0BAA@@tl@UModSys@@@tl@UModSys@@KAHPAU?$TQuantArrayNode@USSourceContext@core@UModSys@@$0BAA@@12@ABU?$TNodeDeleter@U?$TQuantArrayNode@USSourceContext@core@UModSys@@$0BAA@@tl@UModSys@@USMemAlloc_Malloc@core@3@@12@@Z 0040443d f i umodsys_lib_basesys:umodsys.basesys.rsystem_main.obj
 0001:0000343d       ??$process_nodes_r@U?$TNodeDeleter@U?$TQuantArrayNode@USUniquePointerInfo@core@UModSys@@$0BAA@@tl@UModSys@@USMemAlloc_Malloc@core@3@@tl@UModSys@@@?$TTreeHoldRB@U?$TQuantArrayNode@USUniquePointerInfo@core@UModSys@@$0BAA@@tl@UModSys@@@tl@UModSys@@KAHPAU?$TQuantArrayNode@USUniquePointerInfo@core@UModSys@@$0BAA@@12@ABU?$TNodeDeleter@U?$TQuantArrayNode@USUniquePointerInfo@core@UModSys@@$0BAA@@tl@UModSys@@USMemAlloc_Malloc@core@3@@12@@Z 0040443d f i umodsys_lib_basesys:umodsys.basesys.rsystem_main.obj
 0001:0000347f       ??0EFatal@core@UModSys@@QAE@ABU012@@Z 0040447f f i umodsys_lib_basesys:umodsys.basesys.rsystem_main.obj
 0001:00003497       ??0EExceptionBase@core@UModSys@@QAE@ABU012@@Z 00404497 f i umodsys_lib_basesys:umodsys.basesys.rsystem_main.obj
 0001:000034bf       ??0EWarning@core@UModSys@@QAE@ABU012@@Z 004044bf f i umodsys_lib_basesys:umodsys.basesys.rsystem_main.obj
 0001:000034d7       ?exec_test_shells@RSystem@rsystem@base@UModSys@@QAE_NXZ 004044d7 f   umodsys_lib_basesys:umodsys.basesys.rsystem_tests.obj
 0001:0000364d       ??1?$TParametersA@$0EAA@@core@UModSys@@QAE@XZ 0040464d f i umodsys_lib_basesys:umodsys.basesys.rsystem_tests.obj
 0001:0000365a       ??$t_moduledb_generate@UIShell@base@UModSys@@@IModuleLoader@base@UModSys@@QAE_NAAU?$TRefObject@UIShell@base@UModSys@@U?$TRefObjectFunc@UIShell@base@UModSys@@@tl@3@@tl@2@PBUSUniquePointerInfo@core@2@ABUSParameters@62@@Z 0040465a f i umodsys_lib_basesys:umodsys.basesys.rsystem_tests.obj
 0001:000036ec       ?eq@SModuleInfo@base@UModSys@@QBE_NABU?$TString@U?$TSCoreConst@D@su@tl@UModSys@@U?$TComparerBinaryHash@D@234@@tl@3@ABUSVersion@core@3@@Z 004046ec f i umodsys_lib_basesys:umodsys.basesys.rmoduleloader.obj
 0001:00003711       ?moduledb_findobjname@RModuleLoader@rsystem@base@UModSys@@UAEIPBUSUniquePointerInfo@core@4@QAPBU564@IPBD@Z 00404711 f   umodsys_lib_basesys:umodsys.basesys.rmoduleloader.obj
 0001:0000377e       ?moduledb_generate@RModuleLoader@rsystem@base@UModSys@@UAE_NAAU?$TRefObject@UIRefObject@core@UModSys@@U?$TRefObjectFunc@UIRefObject@core@UModSys@@@tl@3@@tl@4@PBUSUniquePointerInfo@core@4@ABUSParameters@84@@Z 0040477e f   umodsys_lib_basesys:umodsys.basesys.rmoduleloader.obj
 0001:000037d3       ?moduledb_lib_count@RModuleLoader@rsystem@base@UModSys@@UAEIXZ 004047d3 f   umodsys_lib_basesys:umodsys.basesys.rmoduleloader.obj
 0001:000037d8       ?moduledb_lib_get@RModuleLoader@rsystem@base@UModSys@@UBEPAUIModuleLibrary@34@I@Z 004047d8 f   umodsys_lib_basesys:umodsys.basesys.rmoduleloader.obj
 0001:000037f8       ?moduledb_lib_drop@RModuleLoader@rsystem@base@UModSys@@UAE_NPAUIModuleLibrary@34@@Z 004047f8 f   umodsys_lib_basesys:umodsys.basesys.rmoduleloader.obj
 0001:000037f8       ?moduledb_load@RModuleLoader@rsystem@base@UModSys@@UAE_NABU?$TString@U?$TSCoreConst@D@su@tl@UModSys@@U?$TComparerBinaryHash@D@234@@tl@4@@Z 004047f8 f   umodsys_lib_basesys:umodsys.basesys.rmoduleloader.obj
 0001:000037f8       ?ref_weak@RConsole_std@rsystem@base@UModSys@@UBE_NAAUWeakPointer@IRefObject@core@4@@Z 004047f8 f   umodsys_lib_basesys:umodsys.basesys.rconsole_std.obj
 0001:000037fd       ?moduledb_module_count@RModuleLoader@rsystem@base@UModSys@@UAEIXZ 004047fd f   umodsys_lib_basesys:umodsys.basesys.rmoduleloader.obj
 0001:0000381f       ?moduledb_module_get@RModuleLoader@rsystem@base@UModSys@@UBEPAUIModule@34@I@Z 0040481f f   umodsys_lib_basesys:umodsys.basesys.rmoduleloader.obj
 0001:0000386d       ?moduledb_find@RModuleLoader@rsystem@base@UModSys@@UBEPAUIModule@34@ABU?$TString@U?$TSCoreConst@D@su@tl@UModSys@@U?$TComparerBinaryHash@D@234@@tl@4@ABUSVersion@core@4@@Z 0040486d f   umodsys_lib_basesys:umodsys.basesys.rmoduleloader.obj
 0001:00003924       ?moduledb_clear@RModuleLoader@rsystem@base@UModSys@@UAEXXZ 00404924 f   umodsys_lib_basesys:umodsys.basesys.rmoduleloader.obj
 0001:00003973       ?moduledb_cleanup@RModuleLoader@rsystem@base@UModSys@@UAEIXZ 00404973 f   umodsys_lib_basesys:umodsys.basesys.rmoduleloader.obj
 0001:00003a73       ?moduledb_save@RModuleLoader@rsystem@base@UModSys@@UAE_NABU?$TString@U?$TSCoreConst@D@su@tl@UModSys@@U?$TComparerBinaryHash@D@234@@tl@4@@Z 00404a73 f   umodsys_lib_basesys:umodsys.basesys.rmoduleloader.obj
 0001:00003af3       ?moduledb_scan@RModuleLoader@rsystem@base@UModSys@@UAEIABU?$TString@U?$TSCoreConst@D@su@tl@UModSys@@U?$TComparerBinaryHash@D@234@@tl@4@_N@Z 00404af3 f   umodsys_lib_basesys:umodsys.basesys.rmoduleloader.obj
 0001:00003b81       ?moduledb_get_string@RModuleLoader@rsystem@base@UModSys@@UAEABU?$TString@U?$TSCoreConst@D@su@tl@UModSys@@U?$TComparerBinaryHash@D@234@@tl@4@ABU564@@Z 00404b81 f   umodsys_lib_basesys:umodsys.basesys.rmoduleloader.obj
 0001:00003b93       ??_ERModuleLoader@rsystem@base@UModSys@@UAEPAXI@Z 00404b93 f i  CIL library: CIL module
 0001:00003b93       ??_GRModuleLoader@rsystem@base@UModSys@@UAEPAXI@Z 00404b93 f i umodsys_lib_basesys:umodsys.basesys.rmoduleloader.obj
 0001:00003bb0       ??_EIModuleLoader@base@UModSys@@UAEPAXI@Z 00404bb0 f i  CIL library: CIL module
 0001:00003bb0       ??_GIModuleLoader@base@UModSys@@UAEPAXI@Z 00404bb0 f i umodsys_lib_basesys:umodsys.basesys.rmoduleloader.obj
 0001:00003bcd       ??1RModuleLoader@rsystem@base@UModSys@@UAE@XZ 00404bcd f   umodsys_lib_basesys:umodsys.basesys.rmoduleloader.obj
 0001:00003c33       ?append@?$TStaticStringPool@DU?$TComparerBinaryHash@D@su@tl@UModSys@@USMemAlloc_Malloc@core@4@@tl@UModSys@@QAEPBU?$TString@U?$TSCoreConst@D@su@tl@UModSys@@U?$TComparerBinaryHash@D@234@@23@PBD@Z 00404c33 f i umodsys_lib_basesys:umodsys.basesys.rmoduleloader.obj
 0001:00003c63       ??1?$TDynarrayDynamic@U?$TRefObject@URModuleLibrarySO@rsystem@base@UModSys@@U?$TRefObjectFunc@URModuleLibrarySO@rsystem@base@UModSys@@@tl@4@@tl@UModSys@@U?$TAllocator@USMemAlloc_Malloc@core@UModSys@@USCountCalcPower2@23@@23@@tl@UModSys@@QAE@XZ 00404c63 f i umodsys_lib_basesys:umodsys.basesys.rmoduleloader.obj
 0001:00003c81       ?Free@?$TDynarray@U?$TDynarrayHolderDynamic@U?$TRefObject@URModuleLibrarySO@rsystem@base@UModSys@@U?$TRefObjectFunc@URModuleLibrarySO@rsystem@base@UModSys@@@tl@4@@tl@UModSys@@U?$TAllocator@USMemAlloc_Malloc@core@UModSys@@USCountCalcPower2@23@@23@@tl@UModSys@@@tl@UModSys@@QAE_NXZ 00404c81 f i umodsys_lib_basesys:umodsys.basesys.rmoduleloader.obj
 0001:00003ca9       ?Resize@?$TDynarray@U?$TDynarrayHolderDynamic@U?$TRefObject@URModuleLibrarySO@rsystem@base@UModSys@@U?$TRefObjectFunc@URModuleLibrarySO@rsystem@base@UModSys@@@tl@4@@tl@UModSys@@U?$TAllocator@USMemAlloc_Malloc@core@UModSys@@USCountCalcPower2@23@@23@@tl@UModSys@@@tl@UModSys@@QAE_NI@Z 00404ca9 f i umodsys_lib_basesys:umodsys.basesys.rmoduleloader.obj
 0001:00003d03       ??$?8U?$TSCoreConst@D@su@tl@UModSys@@U?$TComparerBinaryHash@D@123@@?$TString@U?$TSCoreConst@D@su@tl@UModSys@@U?$TComparerBinaryHash@D@234@@tl@UModSys@@QBE_NABU012@@Z 00404d03 f i umodsys_lib_basesys:umodsys.basesys.rmoduleloader.obj
 0001:00003d3e       ?append@?$TStaticStringPool@DU?$TComparerBinaryHash@D@su@tl@UModSys@@USMemAlloc_Malloc@core@4@@tl@UModSys@@QAEPBU?$TString@U?$TSCoreConst@D@su@tl@UModSys@@U?$TComparerBinaryHash@D@234@@23@PBDI@Z 00404d3e f i umodsys_lib_basesys:umodsys.basesys.rmoduleloader.obj
[...]
 0001:000078b2       __ehhandler$??$t_gen_param@URLibraryBinTree@std@media@modules@UModSys@@URGenerator@2345@@IGenerator@base@UModSys@@IAE_NPAURGenerator@std@media@modules@2@AAU?$TRefObject@UIRefObject@core@UModSys@@U?$TRefObjectFunc@UIRefObject@core@UModSys@@@tl@3@@tl@2@PBUSUniquePointerInfo@core@2@ABUSParameters@core@2@@Z 004088b2 f    CIL library: CIL module
 0001:000078bc       __unwindfunclet$?mem_free@?$TRMemAlloc_CC@U?$TMemAllocHeader@USMagic@mem_headers@rsystem@base@UModSys@@U?$TPool@X@2345@USDebug@2345@UVoid@core@5@U895@@rsystem@base@UModSys@@USMemAlloc_Malloc@core@4@@rsystem@base@UModSys@@UAEXPAXPBUSSourceContext@core@4@@Z$0 004088bc f    CIL library: CIL module
 0001:000078c4       __ehhandler$?mem_free@?$TRMemAlloc_CC@U?$TMemAllocHeader@USMagic@mem_headers@rsystem@base@UModSys@@U?$TPool@X@2345@USDebug@2345@UVoid@core@5@U895@@rsystem@base@UModSys@@USMemAlloc_Malloc@core@4@@rsystem@base@UModSys@@UAEXPAXPBUSSourceContext@core@4@@Z 004088c4 f    CIL library: CIL module
 0001:000078ce       __unwindfunclet$?mem_realloc@?$TRMemAlloc_CC@U?$TMemAllocHeader@USMagic@mem_headers@rsystem@base@UModSys@@U?$TPool@X@2345@USDebug@2345@UVoid@core@5@U895@@rsystem@base@UModSys@@USMemAlloc_Malloc@core@4@@rsystem@base@UModSys@@UAEPAXPAXIPBUSSourceContext@core@4@@Z$0 004088ce f    CIL library: CIL module
 0001:000078d6       __unwindfunclet$?mem_realloc@?$TRMemAlloc_CC@U?$TMemAllocHeader@USMagic@mem_headers@rsystem@base@UModSys@@U?$TPool@X@2345@USDebug@2345@UVoid@core@5@U895@@rsystem@base@UModSys@@USMemAlloc_Malloc@core@4@@rsystem@base@UModSys@@UAEPAXPAXIPBUSSourceContext@core@4@@Z$1 004088d6 f    CIL library: CIL module
 0001:000078de       __ehhandler$?mem_realloc@?$TRMemAlloc_CC@U?$TMemAllocHeader@USMagic@mem_headers@rsystem@base@UModSys@@U?$TPool@X@2345@USDebug@2345@UVoid@core@5@U895@@rsystem@base@UModSys@@USMemAlloc_Malloc@core@4@@rsystem@base@UModSys@@UAEPAXPAXIPBUSSourceContext@core@4@@Z 004088de f    CIL library: CIL module
 0001:000078e8       __unwindfunclet$??$t_moduledb_generate@UIShell@base@UModSys@@@IModuleLoader@base@UModSys@@QAE_NAAU?$TRefObject@UIShell@base@UModSys@@U?$TRefObjectFunc@UIShell@base@UModSys@@@tl@3@@tl@2@PBUSUniquePointerInfo@core@2@ABUSParameters@62@@Z$0 004088e8 f    CIL library: CIL module
 0001:000078e8       __unwindfunclet$??$ValidateConstruction@UIStreamWriter@libmedia@UModSys@@URStreamWriter_FILE@stdio@media@modules@3@@core@UModSys@@YA_NAAU?$TRefObject@UIStreamWriter@libmedia@UModSys@@U?$TRefObjectFunc@UIStreamWriter@libmedia@UModSys@@@tl@3@@tl@1@PAURStreamWriter_FILE@stdio@media@modules@1@@Z$0 004088e8 f    CIL library: CIL module
 0001:000078e8       __unwindfunclet$??$ValidateConstruction@UIStreamReader@libmedia@UModSys@@URStreamReader_FILE@stdio@media@modules@3@@core@UModSys@@YA_NAAU?$TRefObject@UIStreamReader@libmedia@UModSys@@U?$TRefObjectFunc@UIStreamReader@libmedia@UModSys@@@tl@3@@tl@1@PAURStreamReader_FILE@stdio@media@modules@1@@Z$0 004088e8 f    CIL library: CIL module
 0001:000078e8       __unwindfunclet$?s_add@RModuleLibrarySO@rsystem@base@UModSys@@SA_NPAUISystem@34@AAU?$TDynarrayDynamic@U?$TRefObject@URModuleLibrarySO@rsystem@base@UModSys@@U?$TRefObjectFunc@URModuleLibrarySO@rsystem@base@UModSys@@@tl@4@@tl@UModSys@@U?$TAllocator@USMemAlloc_Malloc@core@UModSys@@USCountCalcPower2@23@@23@@tl@4@PBD@Z$1 004088e8 f    CIL library: CIL module
 0001:000078e8       __unwindfunclet$?suicide@RModule@rsystem@base@UModSys@@UAEXXZ$0 004088e8 f    CIL library: CIL module
 0001:000078f0       __ehhandler$??$ValidateConstruction@UIStreamReader@libmedia@UModSys@@URStreamReader_FILE@stdio@media@modules@3@@core@UModSys@@YA_NAAU?$TRefObject@UIStreamReader@libmedia@UModSys@@U?$TRefObjectFunc@UIStreamReader@libmedia@UModSys@@@tl@3@@tl@1@PAURStreamReader_FILE@stdio@media@modules@1@@Z 004088f0 f    CIL library: CIL module
 0001:000078f0       __ehhandler$??$ValidateConstruction@UIStreamWriter@libmedia@UModSys@@URStreamWriter_FILE@stdio@media@modules@3@@core@UModSys@@YA_NAAU?$TRefObject@UIStreamWriter@libmedia@UModSys@@U?$TRefObjectFunc@UIStreamWriter@libmedia@UModSys@@@tl@3@@tl@1@PAURStreamWriter_FILE@stdio@media@modules@1@@Z 004088f0 f    CIL library: CIL module
 0001:000078f0       __ehhandler$?s_add@RModuleLibrarySO@rsystem@base@UModSys@@SA_NPAUISystem@34@AAU?$TDynarrayDynamic@U?$TRefObject@URModuleLibrarySO@rsystem@base@UModSys@@U?$TRefObjectFunc@URModuleLibrarySO@rsystem@base@UModSys@@@tl@4@@tl@UModSys@@U?$TAllocator@USMemAlloc_Malloc@core@UModSys@@USCountCalcPower2@23@@23@@tl@4@PBD@Z 004088f0 f    CIL library: CIL module
 0001:000078f0       __ehhandler$??$t_moduledb_generate@UIShell@base@UModSys@@@IModuleLoader@base@UModSys@@QAE_NAAU?$TRefObject@UIShell@base@UModSys@@U?$TRefObjectFunc@UIShell@base@UModSys@@@tl@3@@tl@2@PBUSUniquePointerInfo@core@2@ABUSParameters@62@@Z 004088f0 f    CIL library: CIL module
 0001:000078f0       __ehhandler$?suicide@RModule@rsystem@base@UModSys@@UAEXXZ 004088f0 f    CIL library: CIL module
 0001:000078fa       ??__E?s_id@?$TObjectUniqueID@UIRoot@core@UModSys@@@tl@UModSys@@2USUniquePointer@core@3@A@@YAXXZ 004088fa f    CIL library: CIL module
 0001:0000791c       ??__E?s_id@?$TObjectUniqueID@UIRefObject@core@UModSys@@@tl@UModSys@@2USUniquePointer@core@3@A@@YAXXZ 0040891c f    CIL library: CIL module
 0001:0000793e       ??__E?s_id@?$TObjectUniqueID@UIParameters@core@UModSys@@@tl@UModSys@@2USUniquePointer@core@3@A@@YAXXZ 0040893e f    CIL library: CIL module
 0001:00007960       ??__E?s_id@?$TObjectUniqueID@UIModule@base@UModSys@@@tl@UModSys@@2USUniquePointer@core@3@A@@YAXXZ 00408960 f    CIL library: CIL module
 0001:00007982       ??__E?s_id@?$TObjectUniqueID@UIModuleLibrary@base@UModSys@@@tl@UModSys@@2USUniquePointer@core@3@A@@YAXXZ 00408982 f    CIL library: CIL module
 0001:000079a4       ??__E?s_id@?$TObjectUniqueID@UIModObject@base@UModSys@@@tl@UModSys@@2USUniquePointer@core@3@A@@YAXXZ 004089a4 f    CIL library: CIL module
 0001:000079c6       ??__E?s_id@?$TObjectUniqueID@UIGenerator@base@UModSys@@@tl@UModSys@@2USUniquePointer@core@3@A@@YAXXZ 004089c6 f    CIL library: CIL module
 0001:000079e8       ??__E?s_id@?$TObjectUniqueID@UIShell@base@UModSys@@@tl@UModSys@@2USUniquePointer@core@3@A@@YAXXZ 004089e8 f    CIL library: CIL module
 0001:00007a0a       ??__E?s_id@?$TObjectUniqueID@UIConsole@base@UModSys@@@tl@UModSys@@2USUniquePointer@core@3@A@@YAXXZ 00408a0a f    CIL library: CIL module
 0001:00007a2c       ??__E?s_id@?$TObjectUniqueID@UISystem@base@UModSys@@@tl@UModSys@@2USUniquePointer@core@3@A@@YAXXZ 00408a2c f    CIL library: CIL module
 0001:00007a4e       ??__E?s_id@?$TObjectUniqueID@URModule@rsystem@base@UModSys@@@tl@UModSys@@2USUniquePointer@core@3@A@@YAXXZ 00408a4e f    CIL library: CIL module
 0001:00007a70       ??__E?s_id@?$TObjectUniqueID@UIModuleLibraryUni@rsystem@base@UModSys@@@tl@UModSys@@2USUniquePointer@core@3@A@@YAXXZ 00408a70 f    CIL library: CIL module
 0001:00007a92       ??__E?s_id@?$TObjectUniqueID@URModuleLibrarySO@rsystem@base@UModSys@@@tl@UModSys@@2USUniquePointer@core@3@A@@YAXXZ 00408a92 f    CIL library: CIL module
 0001:00007ab4       ??__E?s_id@?$TObjectUniqueID@URModuleLibraryThis@rsystem@base@UModSys@@@tl@UModSys@@2USUniquePointer@core@3@A@@YAXXZ 00408ab4 f    CIL library: CIL module
 0001:00007ad6       ??__E?s_id@?$TObjectUniqueID@URParameters@rsystem@base@UModSys@@@tl@UModSys@@2USUniquePointer@core@3@A@@YAXXZ 00408ad6 f    CIL library: CIL module
 0001:00007af8       ??__E?s_id@?$TObjectUniqueID@URSystem@rsystem@base@UModSys@@@tl@UModSys@@2USUniquePointer@core@3@A@@YAXXZ 00408af8 f    CIL library: CIL module
 0001:00007b1a       ??__E?s_id@?$TObjectUniqueID@URConsole_std@rsystem@base@UModSys@@@tl@UModSys@@2USUniquePointer@core@3@A@@YAXXZ 00408b1a f    CIL library: CIL module
 0001:00007b3c       ??__E?s_modreg@RModuleReg@std@media@modules@UModSys@@2U12345@A@@YAXXZ 00408b3c f    CIL library: CIL module
 0001:00007b63       ??__E?s_modreg_chain@RModuleReg@std@media@modules@UModSys@@2USModuleRegChain@base@5@A@@YAXXZ 00408b63 f    CIL library: CIL module
 0001:00007b7e       ??__E?s_uid@RGenerator@std@media@modules@UModSys@@2USUniquePointer@core@5@A@@YAXXZ 00408b7e f    CIL library: CIL module
 0001:00007ba0       ??__E?s_id@?$TObjectUniqueID@UIStreamReader@libmedia@UModSys@@@tl@UModSys@@2USUniquePointer@core@3@A@@YAXXZ 00408ba0 f    CIL library: CIL module
 0001:00007bc2       ??__E?s_id@?$TObjectUniqueID@UIStreamWriter@libmedia@UModSys@@@tl@UModSys@@2USUniquePointer@core@3@A@@YAXXZ 00408bc2 f    CIL library: CIL module
 0001:00007be4       ??__E?s_id@?$TObjectUniqueID@UIBinArchive@libmedia@UModSys@@@tl@UModSys@@2USUniquePointer@core@3@A@@YAXXZ 00408be4 f    CIL library: CIL module
 0001:00007c06       ??__E?s_id@?$TObjectUniqueID@UIBinObjFilter@libmedia@UModSys@@@tl@UModSys@@2USUniquePointer@core@3@A@@YAXXZ 00408c06 f    CIL library: CIL module
 0001:00007c28       ??__E?s_id@?$TObjectUniqueID@UILibrary@libmedia@UModSys@@@tl@UModSys@@2USUniquePointer@core@3@A@@YAXXZ 00408c28 f    CIL library: CIL module
 0001:00007c4a       ??__E?s_id@?$TObjectUniqueID@UILibraryBinTree@libmedia@UModSys@@@tl@UModSys@@2USUniquePointer@core@3@A@@YAXXZ 00408c4a f    CIL library: CIL module
 0001:00007c6c       ??__E?s_id@?$TObjectUniqueID@UILibraryBinCache@libmedia@UModSys@@@tl@UModSys@@2USUniquePointer@core@3@A@@YAXXZ 00408c6c f    CIL library: CIL module
 0001:00007c8e       ??__E?s_id@?$TObjectUniqueID@UILibraryObjFilter@libmedia@UModSys@@@tl@UModSys@@2USUniquePointer@core@3@A@@YAXXZ 00408c8e f    CIL library: CIL module
 0001:00007cb0       ??__E?s_id@?$TObjectUniqueID@UILibraryLayered@libmedia@UModSys@@@tl@UModSys@@2USUniquePointer@core@3@A@@YAXXZ 00408cb0 f    CIL library: CIL module
 0001:00007cd2       ??__E?s_id@?$TObjectUniqueID@URLibraryBinCache@std@media@modules@UModSys@@@tl@UModSys@@2USUniquePointer@core@3@A@@YAXXZ 00408cd2 f    CIL library: CIL module
 0001:00007cf4       ??__E?s_id@?$TObjectUniqueID@URLibraryBinTree@std@media@modules@UModSys@@@tl@UModSys@@2USUniquePointer@core@3@A@@YAXXZ 00408cf4 f    CIL library: CIL module
 0001:00007d16       ??__E?s_id@?$TObjectUniqueID@URGenerator@std@media@modules@UModSys@@@tl@UModSys@@2USUniquePointer@core@3@A@@YAXXZ 00408d16 f    CIL library: CIL module
 0001:00007d38       ??__E?s_modreg@RModuleReg@stdio@media@modules@UModSys@@2U12345@A@@YAXXZ 00408d38 f    CIL library: CIL module
 0001:00007d5f       ??__E?s_modreg_chain@RModuleReg@stdio@media@modules@UModSys@@2USModuleRegChain@base@5@A@@YAXXZ 00408d5f f    CIL library: CIL module
 0001:00007d7a       ??__E?s_uid@RGenerator@stdio@media@modules@UModSys@@2USUniquePointer@core@5@A@@YAXXZ 00408d7a f    CIL library: CIL module
 0001:00007d9c       ??__E?s_id@?$TObjectUniqueID@URStreamReader_FILE@stdio@media@modules@UModSys@@@tl@UModSys@@2USUniquePointer@core@3@A@@YAXXZ 00408d9c f    CIL library: CIL module
 0001:00007dbe       ??__E?s_id@?$TObjectUniqueID@URStreamWriter_FILE@stdio@media@modules@UModSys@@@tl@UModSys@@2USUniquePointer@core@3@A@@YAXXZ 00408dbe f    CIL library: CIL module
 0001:00007de0       ??__E?s_id@?$TObjectUniqueID@URDataArchiver_OsDir@stdio@media@modules@UModSys@@@tl@UModSys@@2USUniquePointer@core@3@A@@YAXXZ 00408de0 f    CIL library: CIL module
 0001:00007e02       ??__E?s_id@?$TObjectUniqueID@URGenerator@stdio@media@modules@UModSys@@@tl@UModSys@@2USUniquePointer@core@3@A@@YAXXZ 00408e02 f    CIL library: CIL module
 0001:00007e24       ??__E?s_console@RConsole_std@rsystem@base@UModSys@@2U1234@A@@YAXXZ 00408e24 f    CIL library: CIL module
 0001:00007e30       ??__E?s_sys@RSystem@rsystem@base@UModSys@@2U1234@A@@YAXXZ 00408e30 f    CIL library: CIL module
 0001:00007e41       ??__Ersys_dbg@rsystem@base@UModSys@@YAXXZ 00408e41 f    CIL library: CIL module
 0001:00007e4d       ??__EM@UModSys@@YAXXZ      00408e4d f    CIL library: CIL module
 0001:00007e59       ??__E?root@SModuleRegChain@base@UModSys@@2U123@A@@YAXXZ 00408e59 f    CIL library: CIL module
 0001:00007e65       ??__E?s_library@RModuleLibraryReg_Chain@base@UModSys@@2U123@A@@YAXXZ 00408e65 f    CIL library: CIL module
 0001:00007e71       ??__E?root@SUniquePointer@core@UModSys@@2U123@A@@YAXXZ 00408e71 f    CIL library: CIL module
 0001:00007e7d       ??__F?s_id@?$TObjectUniqueID@URConsole_std@rsystem@base@UModSys@@@tl@UModSys@@2USUniquePointer@core@3@A@@YAXXZ 00408e7d f    CIL library: CIL module
 0001:00007e87       ??__F?s_id@?$TObjectUniqueID@URSystem@rsystem@base@UModSys@@@tl@UModSys@@2USUniquePointer@core@3@A@@YAXXZ 00408e87 f    CIL library: CIL module
 0001:00007e91       ??__F?s_id@?$TObjectUniqueID@URParameters@rsystem@base@UModSys@@@tl@UModSys@@2USUniquePointer@core@3@A@@YAXXZ 00408e91 f    CIL library: CIL module
 0001:00007e9b       ??__F?s_id@?$TObjectUniqueID@URModuleLibraryThis@rsystem@base@UModSys@@@tl@UModSys@@2USUniquePointer@core@3@A@@YAXXZ 00408e9b f    CIL library: CIL module
 0001:00007ea5       ??__F?s_id@?$TObjectUniqueID@URModuleLibrarySO@rsystem@base@UModSys@@@tl@UModSys@@2USUniquePointer@core@3@A@@YAXXZ 00408ea5 f    CIL library: CIL module
 0001:00007eaf       ??__F?s_id@?$TObjectUniqueID@UIModuleLibraryUni@rsystem@base@UModSys@@@tl@UModSys@@2USUniquePointer@core@3@A@@YAXXZ 00408eaf f    CIL library: CIL module
 0001:00007eb9       ??__F?s_id@?$TObjectUniqueID@URModule@rsystem@base@UModSys@@@tl@UModSys@@2USUniquePointer@core@3@A@@YAXXZ 00408eb9 f    CIL library: CIL module
 0001:00007ec3       ??__F?s_id@?$TObjectUniqueID@UISystem@base@UModSys@@@tl@UModSys@@2USUniquePointer@core@3@A@@YAXXZ 00408ec3 f    CIL library: CIL module
 0001:00007ecd       ??__F?s_id@?$TObjectUniqueID@UIConsole@base@UModSys@@@tl@UModSys@@2USUniquePointer@core@3@A@@YAXXZ 00408ecd f    CIL library: CIL module
 0001:00007ed7       ??__F?s_id@?$TObjectUniqueID@UIShell@base@UModSys@@@tl@UModSys@@2USUniquePointer@core@3@A@@YAXXZ 00408ed7 f    CIL library: CIL module
 0001:00007ee1       ??__F?s_id@?$TObjectUniqueID@UIGenerator@base@UModSys@@@tl@UModSys@@2USUniquePointer@core@3@A@@YAXXZ 00408ee1 f    CIL library: CIL module
 0001:00007eeb       ??__F?s_id@?$TObjectUniqueID@UIModObject@base@UModSys@@@tl@UModSys@@2USUniquePointer@core@3@A@@YAXXZ 00408eeb f    CIL library: CIL module
 0001:00007ef5       ??__F?s_id@?$TObjectUniqueID@UIModuleLibrary@base@UModSys@@@tl@UModSys@@2USUniquePointer@core@3@A@@YAXXZ 00408ef5 f    CIL library: CIL module
 0001:00007eff       ??__F?s_id@?$TObjectUniqueID@UIModule@base@UModSys@@@tl@UModSys@@2USUniquePointer@core@3@A@@YAXXZ 00408eff f    CIL library: CIL module
 0001:00007f09       ??__F?s_id@?$TObjectUniqueID@UIParameters@core@UModSys@@@tl@UModSys@@2USUniquePointer@core@3@A@@YAXXZ 00408f09 f    CIL library: CIL module
 0001:00007f13       ??__F?s_id@?$TObjectUniqueID@UIRefObject@core@UModSys@@@tl@UModSys@@2USUniquePointer@core@3@A@@YAXXZ 00408f13 f    CIL library: CIL module
 0001:00007f1d       ??__F?s_id@?$TObjectUniqueID@UIRoot@core@UModSys@@@tl@UModSys@@2USUniquePointer@core@3@A@@YAXXZ 00408f1d f    CIL library: CIL module
 0001:00007f27       ??__F?s_modreg@RModuleReg@std@media@modules@UModSys@@2U12345@A@@YAXXZ 00408f27 f    CIL library: CIL module
 0001:00007f32       ??__F?s_modreg_chain@RModuleReg@std@media@modules@UModSys@@2USModuleRegChain@base@5@A@@YAXXZ 00408f32 f    CIL library: CIL module
 0001:00007f3c       ??__F?s_uid@RGenerator@std@media@modules@UModSys@@2USUniquePointer@core@5@A@@YAXXZ 00408f3c f    CIL library: CIL module
 0001:00007f46       ??__Fh@?1??s_holder@RGenerator@std@media@modules@UModSys@@SAAAU?$TTypeStaticHolder@URGenerator@std@media@modules@UModSys@@@tl@5@XZ@YAXXZ 00408f46 f    CIL library: CIL module
 0001:00007f63       ??__F?s_id@?$TObjectUniqueID@URGenerator@std@media@modules@UModSys@@@tl@UModSys@@2USUniquePointer@core@3@A@@YAXXZ 00408f63 f    CIL library: CIL module
 0001:00007f6d       ??__F?s_id@?$TObjectUniqueID@URLibraryBinTree@std@media@modules@UModSys@@@tl@UModSys@@2USUniquePointer@core@3@A@@YAXXZ 00408f6d f    CIL library: CIL module
 0001:00007f77       ??__F?s_id@?$TObjectUniqueID@URLibraryBinCache@std@media@modules@UModSys@@@tl@UModSys@@2USUniquePointer@core@3@A@@YAXXZ 00408f77 f    CIL library: CIL module
 0001:00007f81       ??__F?s_id@?$TObjectUniqueID@UILibraryLayered@libmedia@UModSys@@@tl@UModSys@@2USUniquePointer@core@3@A@@YAXXZ 00408f81 f    CIL library: CIL module
 0001:00007f8b       ??__F?s_id@?$TObjectUniqueID@UILibraryObjFilter@libmedia@UModSys@@@tl@UModSys@@2USUniquePointer@core@3@A@@YAXXZ 00408f8b f    CIL library: CIL module
 0001:00007f95       ??__F?s_id@?$TObjectUniqueID@UILibraryBinCache@libmedia@UModSys@@@tl@UModSys@@2USUniquePointer@core@3@A@@YAXXZ 00408f95 f    CIL library: CIL module
 0001:00007f9f       ??__F?s_id@?$TObjectUniqueID@UILibraryBinTree@libmedia@UModSys@@@tl@UModSys@@2USUniquePointer@core@3@A@@YAXXZ 00408f9f f    CIL library: CIL module
 0001:00007fa9       ??__F?s_id@?$TObjectUniqueID@UILibrary@libmedia@UModSys@@@tl@UModSys@@2USUniquePointer@core@3@A@@YAXXZ 00408fa9 f    CIL library: CIL module
 0001:00007fb3       ??__F?s_id@?$TObjectUniqueID@UIBinObjFilter@libmedia@UModSys@@@tl@UModSys@@2USUniquePointer@core@3@A@@YAXXZ 00408fb3 f    CIL library: CIL module
 0001:00007fbd       ??__F?s_id@?$TObjectUniqueID@UIBinArchive@libmedia@UModSys@@@tl@UModSys@@2USUniquePointer@core@3@A@@YAXXZ 00408fbd f    CIL library: CIL module
 0001:00007fc7       ??__F?s_id@?$TObjectUniqueID@UIStreamWriter@libmedia@UModSys@@@tl@UModSys@@2USUniquePointer@core@3@A@@YAXXZ 00408fc7 f    CIL library: CIL module
 0001:00007fd1       ??__F?s_id@?$TObjectUniqueID@UIStreamReader@libmedia@UModSys@@@tl@UModSys@@2USUniquePointer@core@3@A@@YAXXZ 00408fd1 f    CIL library: CIL module
 0001:00007fdb       ??__F?s_modreg@RModuleReg@stdio@media@modules@UModSys@@2U12345@A@@YAXXZ 00408fdb f    CIL library: CIL module
 0001:00007fe6       ??__F?s_modreg_chain@RModuleReg@stdio@media@modules@UModSys@@2USModuleRegChain@base@5@A@@YAXXZ 00408fe6 f    CIL library: CIL module
 0001:00007ff0       ??__F?s_uid@RGenerator@stdio@media@modules@UModSys@@2USUniquePointer@core@5@A@@YAXXZ 00408ff0 f    CIL library: CIL module
 0001:00007ffa       ??__Fh@?1??s_holder@RGenerator@stdio@media@modules@UModSys@@SAAAU?$TTypeStaticHolder@URGenerator@stdio@media@modules@UModSys@@@tl@5@XZ@YAXXZ 00408ffa f    CIL library: CIL module
 0001:00008017       ??__F?s_id@?$TObjectUniqueID@URGenerator@stdio@media@modules@UModSys@@@tl@UModSys@@2USUniquePointer@core@3@A@@YAXXZ 00409017 f    CIL library: CIL module
 0001:00008021       ??__F?s_id@?$TObjectUniqueID@URDataArchiver_OsDir@stdio@media@modules@UModSys@@@tl@UModSys@@2USUniquePointer@core@3@A@@YAXXZ 00409021 f    CIL library: CIL module
 0001:0000802b       ??__F?s_id@?$TObjectUniqueID@URStreamWriter_FILE@stdio@media@modules@UModSys@@@tl@UModSys@@2USUniquePointer@core@3@A@@YAXXZ 0040902b f    CIL library: CIL module
 0001:00008035       ??__F?s_id@?$TObjectUniqueID@URStreamReader_FILE@stdio@media@modules@UModSys@@@tl@UModSys@@2USUniquePointer@core@3@A@@YAXXZ 00409035 f    CIL library: CIL module
 0001:0000803f       ??__F?s_console@RConsole_std@rsystem@base@UModSys@@2U1234@A@@YAXXZ 0040903f f    CIL library: CIL module
 0001:0000806c       ??__F?s_sys@RSystem@rsystem@base@UModSys@@2U1234@A@@YAXXZ 0040906c f    CIL library: CIL module
 0001:00008077       ??__Frsys_dbg@rsystem@base@UModSys@@YAXXZ 00409077 f    CIL library: CIL module
 0001:0000808e       ??__FM@UModSys@@YAXXZ      0040908e f    CIL library: CIL module
 0001:0000808f       ??__F?root@SModuleRegChain@base@UModSys@@2U123@A@@YAXXZ 0040908f f    CIL library: CIL module
 0001:00008099       ??__F?s_library@RModuleLibraryReg_Chain@base@UModSys@@2U123@A@@YAXXZ 00409099 f    CIL library: CIL module
 0001:000080a4       ??__F?root@SUniquePointer@core@UModSys@@2U123@A@@YAXXZ 004090a4 f    CIL library: CIL module

 Exports

  ordinal    name

        1    _UModSys_Plugin_Entry2@0
