 umodsysc

 Timestamp is 5257f03d (Fri Oct 11 15:34:05 2013)

 Preferred load address is 00400000

 Start         Length     Name                   Class
 0001:00000000 00005590H .text                   CODE
 0001:00005590 00000184H .text$x                 CODE
 0001:00005714 000003c3H .text$yc                CODE
 0001:00005ad7 00000191H .text$yd                CODE
 0002:00000000 00000148H .idata$5                DATA
 0002:00000148 00000004H .CRT$XCA                DATA
 0002:0000014c 00000004H .CRT$XCAA               DATA
 0002:00000150 000000ccH .CRT$XCU                DATA
 0002:0000021c 00000004H .CRT$XCZ                DATA
 0002:00000220 00000004H .CRT$XIA                DATA
 0002:00000224 00000004H .CRT$XIAA               DATA
 0002:00000228 00000004H .CRT$XIY                DATA
 0002:0000022c 00000004H .CRT$XIZ                DATA
 0002:00000230 00000f70H .rdata                  DATA
 0002:000011a0 00000a74H .rdata$r                DATA
 0002:00001c20 00000038H .rdata$sxdata           DATA
 0002:00001c58 00000004H .rtc$IAA                DATA
 0002:00001c5c 00000004H .rtc$IZZ                DATA
 0002:00001c60 00000004H .rtc$TAA                DATA
 0002:00001c64 00000004H .rtc$TZZ                DATA
 0002:00001c68 000003ccH .xdata$x                DATA
 0002:00002034 00000028H .idata$2                DATA
 0002:0000205c 00000014H .idata$3                DATA
 0002:00002070 00000148H .idata$4                DATA
 0002:000021b8 0000052cH .idata$6                DATA
 0002:000026f0 00000058H .edata                  DATA
 0003:00000000 00000800H .data                   DATA
 0003:00000800 000026c0H .bss                    DATA

  Address         Publics by Value              Rva+Base       Lib:Object

 0000:00000000       __except_list              00000000     <absolute>
 0000:0000000e       ___safe_se_handler_count   0000000e     <absolute>
 0000:00009876       __ldused                   00009876     <absolute>
 0000:00009876       __fltused                  00009876     <absolute>
 0000:00000000       ___ImageBase               00400000     <linker-defined>
 0001:00000000       _main                      00401000 f   umodsys.c_main.obj
 0001:0000015d       ??0?$TString@U?$TSCoreConst@D@su@tl@UModSys@@U?$TComparerBinaryHash@D@234@@tl@UModSys@@QAE@PBD@Z 0040115d f i umodsys.c_main.obj
 0001:00000187       ?update@?$TComparerBinaryHash@D@su@tl@UModSys@@QAEXPBDI@Z 00401187 f i umodsys.c_main.obj
 0001:000001b3       ??6SUniquePtrList@core@UModSys@@QAEAAU012@PBUSUniquePointerInfo@12@@Z 004011b3 f i umodsys_lib_libmedia:umodsys.mod.media.stdio.obj
 0001:000001cf       ?_delete@IRoot@core@UModSys@@QAEXABUSIMemAlloc@23@@Z 004011cf f i umodsys_lib_libmedia:umodsys.mod.media.stdio.obj
 0001:000001e8       ?_get_other_interface@IRefObject@core@UModSys@@IBEPBUIRoot@23@PBUSUniquePointerInfo@23@@Z 004011e8 f i umodsys_lib_libmedia:umodsys.mod.media.stdio.obj
 0001:000001e8       ?_get_other_interface@IRefObject@core@UModSys@@IAEPAUIRoot@23@PBUSUniquePointerInfo@23@@Z 004011e8 f i umodsys_lib_libmedia:umodsys.mod.media.stdio.obj
 0001:00000209       ?_get_interface_types@IRefObject@core@UModSys@@SAIAAUSUniquePtrList@23@@Z 00401209 f i umodsys_lib_libmedia:umodsys.mod.media.stdio.obj
 0001:00000229       ?file_get_size@stdio@media@modules@UModSys@@YA_JPAU_iobuf@@@Z 00401229 f i umodsys_lib_libmedia:umodsys.mod.media.stdio.obj
 0001:00000274       ?get_interface_info@RStreamReader_FILE@stdio@media@modules@UModSys@@UBEABUSUniquePointerInfo@core@5@XZ 00401274 f i umodsys_lib_libmedia:umodsys.mod.media.stdio.obj
 0001:0000027a       ?get_interface_type@RStreamReader_FILE@stdio@media@modules@UModSys@@UBEPBUSUniquePointerInfo@core@5@XZ 0040127a f i umodsys_lib_libmedia:umodsys.mod.media.stdio.obj
 0001:00000280       ?get_other_interface@RStreamReader_FILE@stdio@media@modules@UModSys@@UAEPAUIRoot@core@5@PBUSUniquePointerInfo@75@@Z 00401280 f i umodsys_lib_libmedia:umodsys.mod.media.stdio.obj
 0001:00000280       ?get_other_interface@RStreamReader_FILE@stdio@media@modules@UModSys@@UBEPBUIRoot@core@5@PBUSUniquePointerInfo@75@@Z 00401280 f i umodsys_lib_libmedia:umodsys.mod.media.stdio.obj
 0001:000002a1       ?suicide@RStreamWriter_FILE@stdio@media@modules@UModSys@@UAEXXZ 004012a1 f i umodsys_lib_libmedia:umodsys.mod.media.stdio.obj
 0001:000002a1       ?suicide@RStreamReader_FILE@stdio@media@modules@UModSys@@UAEXXZ 004012a1 f i umodsys_lib_libmedia:umodsys.mod.media.stdio.obj
 0001:000002e4       ??0RStreamReader_FILE@stdio@media@modules@UModSys@@QAE@PAURGenerator@1234@ABUSParameters@core@4@@Z 004012e4 f i umodsys_lib_libmedia:umodsys.mod.media.stdio.obj
 0001:0000036c       ?reader_seek@RStreamReader_FILE@stdio@media@modules@UModSys@@UAE_N_J@Z 0040136c f i umodsys_lib_libmedia:umodsys.mod.media.stdio.obj
 0001:0000038f       ?reader_seekend@RStreamReader_FILE@stdio@media@modules@UModSys@@UAE_N_J@Z 0040138f f i umodsys_lib_libmedia:umodsys.mod.media.stdio.obj
 0001:000003b5       ?reader_seekdelta@RStreamReader_FILE@stdio@media@modules@UModSys@@UAE_N_J@Z 004013b5 f i umodsys_lib_libmedia:umodsys.mod.media.stdio.obj
 0001:000003d8       ?reader_pos@RStreamReader_FILE@stdio@media@modules@UModSys@@UAE_JXZ 004013d8 f i umodsys_lib_libmedia:umodsys.mod.media.stdio.obj
 0001:000003ed       ?reader_size@RStreamReader_FILE@stdio@media@modules@UModSys@@UAE_JXZ 004013ed f i umodsys_lib_libmedia:umodsys.mod.media.stdio.obj
 0001:000003f4       ?reader_read@RStreamReader_FILE@stdio@media@modules@UModSys@@UAE_NPAXI@Z 004013f4 f i umodsys_lib_libmedia:umodsys.mod.media.stdio.obj
 0001:00000451       ?reader_close@RStreamReader_FILE@stdio@media@modules@UModSys@@UAEXXZ 00401451 f i umodsys_lib_libmedia:umodsys.mod.media.stdio.obj
 0001:00000469       ??_ERStreamReader_FILE@stdio@media@modules@UModSys@@UAEPAXI@Z 00401469 f i  CIL library: CIL module
 0001:00000469       ??_GRStreamReader_FILE@stdio@media@modules@UModSys@@UAEPAXI@Z 00401469 f i umodsys_lib_libmedia:umodsys.mod.media.stdio.obj
 0001:00000483       ??_GRGenerator@stdio@media@modules@UModSys@@UAEPAXI@Z 00401483 f i umodsys_lib_libmedia:umodsys.mod.media.stdio.obj
 0001:00000483       ??_ERGenerator@stdio@media@modules@UModSys@@UAEPAXI@Z 00401483 f i  CIL library: CIL module
 0001:00000483       ??_GRParameters@rsystem@base@UModSys@@UAEPAXI@Z 00401483 f i umodsys_lib_basesys:umodsys.basesys.rparameters.obj
 0001:00000483       ??_EIRoot@core@UModSys@@UAEPAXI@Z 00401483 f i  CIL library: CIL module
 0001:00000483       ??_GIRoot@core@UModSys@@UAEPAXI@Z 00401483 f i umodsys_lib_libmedia:umodsys.mod.media.stdio.obj
 0001:00000483       ??_ERParameters@rsystem@base@UModSys@@UAEPAXI@Z 00401483 f i  CIL library: CIL module
 0001:0000048e       ?get_interface_info@RStreamWriter_FILE@stdio@media@modules@UModSys@@UBEABUSUniquePointerInfo@core@5@XZ 0040148e f i umodsys_lib_libmedia:umodsys.mod.media.stdio.obj
 0001:00000494       ?get_interface_type@RStreamWriter_FILE@stdio@media@modules@UModSys@@UBEPBUSUniquePointerInfo@core@5@XZ 00401494 f i umodsys_lib_libmedia:umodsys.mod.media.stdio.obj
 0001:0000049a       ?get_other_interface@RStreamWriter_FILE@stdio@media@modules@UModSys@@UAEPAUIRoot@core@5@PBUSUniquePointerInfo@75@@Z 0040149a f i umodsys_lib_libmedia:umodsys.mod.media.stdio.obj
 0001:0000049a       ?get_other_interface@RStreamWriter_FILE@stdio@media@modules@UModSys@@UBEPBUIRoot@core@5@PBUSUniquePointerInfo@75@@Z 0040149a f i umodsys_lib_libmedia:umodsys.mod.media.stdio.obj
 0001:000004bb       ?ref_add@RGenerator@stdio@media@modules@UModSys@@UBEXXZ 004014bb f i umodsys_lib_libmedia:umodsys.mod.media.stdio.obj
 0001:000004bb       ?ref_add@RStreamWriter_FILE@stdio@media@modules@UModSys@@UBEXXZ 004014bb f i umodsys_lib_libmedia:umodsys.mod.media.stdio.obj
 0001:000004bb       ?ref_add@RStreamReader_FILE@stdio@media@modules@UModSys@@UBEXXZ 004014bb f i umodsys_lib_libmedia:umodsys.mod.media.stdio.obj
 0001:000004bf       ?ref_remove@RStreamWriter_FILE@stdio@media@modules@UModSys@@UBEXXZ 004014bf f i umodsys_lib_libmedia:umodsys.mod.media.stdio.obj
 0001:000004bf       ?ref_remove@RStreamReader_FILE@stdio@media@modules@UModSys@@UBEXXZ 004014bf f i umodsys_lib_libmedia:umodsys.mod.media.stdio.obj
 0001:000004bf       ?ref_remove@RGenerator@stdio@media@modules@UModSys@@UBEXXZ 004014bf f i umodsys_lib_libmedia:umodsys.mod.media.stdio.obj
 0001:000004ca       ?get_system@IModuleLibraryUni@rsystem@base@UModSys@@UBEPAUISystem@34@XZ 004014ca f i umodsys_lib_basesys:umodsys.basesys.rmodulelib.obj
 0001:000004ca       ?ref_links@RStreamWriter_FILE@stdio@media@modules@UModSys@@UBEHXZ 004014ca f i umodsys_lib_libmedia:umodsys.mod.media.stdio.obj
 0001:000004ca       ?ref_links@RGenerator@stdio@media@modules@UModSys@@UBEHXZ 004014ca f i umodsys_lib_libmedia:umodsys.mod.media.stdio.obj
 0001:000004ca       ?ref_links@RStreamReader_FILE@stdio@media@modules@UModSys@@UBEHXZ 004014ca f i umodsys_lib_libmedia:umodsys.mod.media.stdio.obj
 0001:000004ce       ??0RStreamWriter_FILE@stdio@media@modules@UModSys@@QAE@PAURGenerator@1234@ABUSParameters@core@4@@Z 004014ce f i umodsys_lib_libmedia:umodsys.mod.media.stdio.obj
 0001:0000056d       ?open@RStreamWriter_FILE@stdio@media@modules@UModSys@@QAEXQBD_N@Z 0040156d f i umodsys_lib_libmedia:umodsys.mod.media.stdio.obj
 0001:000005b3       ?writer_seek@RStreamWriter_FILE@stdio@media@modules@UModSys@@UAE_N_J@Z 004015b3 f i umodsys_lib_libmedia:umodsys.mod.media.stdio.obj
 0001:000005d6       ?writer_seekend@RStreamWriter_FILE@stdio@media@modules@UModSys@@UAE_N_J@Z 004015d6 f i umodsys_lib_libmedia:umodsys.mod.media.stdio.obj
 0001:000005fc       ?writer_seekdelta@RStreamWriter_FILE@stdio@media@modules@UModSys@@UAE_N_J@Z 004015fc f i umodsys_lib_libmedia:umodsys.mod.media.stdio.obj
 0001:0000061f       ?writer_setsize@RStreamWriter_FILE@stdio@media@modules@UModSys@@UAE_N_J@Z 0040161f f i umodsys_lib_libmedia:umodsys.mod.media.stdio.obj
 0001:00000665       ?writer_pos@RStreamWriter_FILE@stdio@media@modules@UModSys@@UAE_JXZ 00401665 f i umodsys_lib_libmedia:umodsys.mod.media.stdio.obj
 0001:0000067a       ?writer_size@RStreamWriter_FILE@stdio@media@modules@UModSys@@UAE_JXZ 0040167a f i umodsys_lib_libmedia:umodsys.mod.media.stdio.obj
 0001:0000069f       ?writer_write@RStreamWriter_FILE@stdio@media@modules@UModSys@@UAE_NPBXI@Z 0040169f f i umodsys_lib_libmedia:umodsys.mod.media.stdio.obj
 0001:000006fc       ?writer_copy@RStreamWriter_FILE@stdio@media@modules@UModSys@@UAE_NPAUIStreamReader@libmedia@5@_J@Z 004016fc f i umodsys_lib_libmedia:umodsys.mod.media.stdio.obj
 0001:00000780       ?writer_copy@RStreamWriter_FILE@stdio@media@modules@UModSys@@UAE_NPAUIStreamReader@libmedia@5@_J1@Z 00401780 f i umodsys_lib_libmedia:umodsys.mod.media.stdio.obj
 0001:000007b7       ?writer_close@RStreamWriter_FILE@stdio@media@modules@UModSys@@UAEXXZ 004017b7 f i umodsys_lib_libmedia:umodsys.mod.media.stdio.obj
 0001:000007e4       ?writer_abort@RStreamWriter_FILE@stdio@media@modules@UModSys@@UAEXXZ 004017e4 f i umodsys_lib_libmedia:umodsys.mod.media.stdio.obj
 0001:00000811       ??_ERStreamWriter_FILE@stdio@media@modules@UModSys@@UAEPAXI@Z 00401811 f i  CIL library: CIL module
 0001:00000811       ??_GRStreamWriter_FILE@stdio@media@modules@UModSys@@UAEPAXI@Z 00401811 f i umodsys_lib_libmedia:umodsys.mod.media.stdio.obj
 0001:00000848       ??1IModule@base@UModSys@@UAE@XZ 00401848 f i umodsys_lib_base:umodsys.base.module.obj
 0001:00000848       ??1ISystem@base@UModSys@@UAE@XZ 00401848 f i umodsys_lib_base:umodsys.base.system.obj
 0001:00000848       ??1IStreamReader@libmedia@UModSys@@UAE@XZ 00401848 f i umodsys_lib_libmedia:umodsys.mod.media.stdio.obj
 0001:00000848       ??1IStreamWriter@libmedia@UModSys@@UAE@XZ 00401848 f i umodsys_lib_libmedia:umodsys.mod.media.stdio.obj
 0001:0000084f       ?get_generated_names@RGenerator@stdio@media@modules@UModSys@@UBEHAAUSUniquePtrList@core@5@@Z 0040184f f i umodsys_lib_libmedia:umodsys.mod.media.stdio.obj
 0001:00000871       ?get_generated_types@RGenerator@stdio@media@modules@UModSys@@UBEHAAUSUniquePtrList@core@5@PBUSUniquePointerInfo@75@@Z 00401871 f i umodsys_lib_libmedia:umodsys.mod.media.stdio.obj
 0001:000008c3       ?generate@RGenerator@stdio@media@modules@UModSys@@UAE_NAAU?$TRefObject@UIRefObject@core@UModSys@@@tl@5@PBUSUniquePointerInfo@core@5@ABUSParameters@95@@Z 004018c3 f i umodsys_lib_libmedia:umodsys.mod.media.stdio.obj
 0001:00000911       ?get_interface_info@RGenerator@stdio@media@modules@UModSys@@UBEABUSUniquePointerInfo@core@5@XZ 00401911 f i umodsys_lib_libmedia:umodsys.mod.media.stdio.obj
 0001:00000917       ?get_interface_type@RGenerator@stdio@media@modules@UModSys@@UBEPBUSUniquePointerInfo@core@5@XZ 00401917 f i umodsys_lib_libmedia:umodsys.mod.media.stdio.obj
 0001:0000091d       ?get_other_interface@RGenerator@stdio@media@modules@UModSys@@UBEPBUIRoot@core@5@PBUSUniquePointerInfo@75@@Z 0040191d f i umodsys_lib_libmedia:umodsys.mod.media.stdio.obj
 0001:0000091d       ?get_other_interface@RGenerator@stdio@media@modules@UModSys@@UAEPAUIRoot@core@5@PBUSUniquePointerInfo@75@@Z 0040191d f i umodsys_lib_libmedia:umodsys.mod.media.stdio.obj
 0001:00000946       ?ref_add@RConsole_std@rsystem@base@UModSys@@UBEXXZ 00401946 f i umodsys_lib_basesys:umodsys.basesys.rconsole_std.obj
 0001:00000946       ?ref_remove@RConsole_std@rsystem@base@UModSys@@UBEXXZ 00401946 f i umodsys_lib_basesys:umodsys.basesys.rconsole_std.obj
 0001:00000946       ?suicide@IRoot@core@UModSys@@UAEXXZ 00401946 f i umodsys_lib_core:umodsys.core.objects.obj
 0001:00000946       ?suicide@RGenerator@stdio@media@modules@UModSys@@UAEXXZ 00401946 f i umodsys_lib_libmedia:umodsys.mod.media.stdio.obj
 0001:00000947       ?get_uid@RGenerator@stdio@media@modules@UModSys@@UBEPBUSUniquePointerInfo@core@5@XZ 00401947 f i umodsys_lib_libmedia:umodsys.mod.media.stdio.obj
 0001:0000094d       ?do_open@RModuleReg@stdio@media@modules@UModSys@@UAE_NXZ 0040194d f i umodsys_lib_libmedia:umodsys.mod.media.stdio.obj
 0001:0000097c       ?do_close@RModuleReg@stdio@media@modules@UModSys@@UAE_NXZ 0040197c f i umodsys_lib_libmedia:umodsys.mod.media.stdio.obj
 0001:000009ab       ??_GIModuleReg@base@UModSys@@UAEPAXI@Z 004019ab f i umodsys_lib_base:umodsys.base.modulereg.obj
 0001:000009ab       ??_EIModuleReg@base@UModSys@@UAEPAXI@Z 004019ab f i  CIL library: CIL module
 0001:000009ab       ??_GRModuleReg@stdio@media@modules@UModSys@@UAEPAXI@Z 004019ab f i umodsys_lib_libmedia:umodsys.mod.media.stdio.obj
 0001:000009ab       ??_ERModuleReg@stdio@media@modules@UModSys@@UAEPAXI@Z 004019ab f i  CIL library: CIL module
 0001:000009c8       ?get_module@RGenerator@stdio@media@modules@UModSys@@UBEPAUIModule@base@5@XZ 004019c8 f   umodsys_lib_libmedia:umodsys.mod.media.stdio.obj
 0001:000009ce       ?mod_inc@RGenerator@stdio@media@modules@UModSys@@UBE_NXZ 004019ce f   umodsys_lib_libmedia:umodsys.mod.media.stdio.obj
 0001:000009d9       ?mod_dec@RGenerator@stdio@media@modules@UModSys@@UBE_NXZ 004019d9 f   umodsys_lib_libmedia:umodsys.mod.media.stdio.obj
 0001:000009e4       ?s_holder@RGenerator@stdio@media@modules@UModSys@@SAAAU?$TTypeStaticHolder@URGenerator@stdio@media@modules@UModSys@@@tl@5@XZ 004019e4 f   umodsys_lib_libmedia:umodsys.mod.media.stdio.obj
 0001:00000a16       ?init@?$TTypeStaticHolder@URGenerator@stdio@media@modules@UModSys@@@tl@UModSys@@QAEPAURGenerator@stdio@media@modules@3@XZ 00401a16 f i umodsys_lib_libmedia:umodsys.mod.media.stdio.obj
 0001:00000a3c       ??$t_gen_param@URStreamReader_FILE@stdio@media@modules@UModSys@@URGenerator@2345@@IGenerator@base@UModSys@@IAE_NPAURGenerator@stdio@media@modules@2@AAU?$TRefObject@UIRefObject@core@UModSys@@@tl@2@PBUSUniquePointerInfo@core@2@ABUSParameters@core@2@@Z 00401a3c f i umodsys_lib_libmedia:umodsys.mod.media.stdio.obj
 0001:00000ad9       ??$t_gen_param@URStreamWriter_FILE@stdio@media@modules@UModSys@@URGenerator@2345@@IGenerator@base@UModSys@@IAE_NPAURGenerator@stdio@media@modules@2@AAU?$TRefObject@UIRefObject@core@UModSys@@@tl@2@PBUSUniquePointerInfo@core@2@ABUSParameters@core@2@@Z 00401ad9 f i umodsys_lib_libmedia:umodsys.mod.media.stdio.obj
 0001:00000b76       ?get_interface_info@RConsole_std@rsystem@base@UModSys@@UBEABUSUniquePointerInfo@core@4@XZ 00401b76 f i umodsys_lib_basesys:umodsys.basesys.rconsole_std.obj
 0001:00000b7c       ?get_interface_type@RConsole_std@rsystem@base@UModSys@@UBEPBUSUniquePointerInfo@core@4@XZ 00401b7c f i umodsys_lib_basesys:umodsys.basesys.rconsole_std.obj
 0001:00000b82       ?get_other_interface@RConsole_std@rsystem@base@UModSys@@UBEPBUIRoot@core@4@PBUSUniquePointerInfo@64@@Z 00401b82 f i umodsys_lib_basesys:umodsys.basesys.rconsole_std.obj
 0001:00000b82       ?get_other_interface@RConsole_std@rsystem@base@UModSys@@UAEPAUIRoot@core@4@PBUSUniquePointerInfo@64@@Z 00401b82 f i umodsys_lib_basesys:umodsys.basesys.rconsole_std.obj
 0001:00000ba3       ?get_syslib@RSystem@rsystem@base@UModSys@@UAEPAUIModuleLibrary@34@XZ 00401ba3 f   umodsys_lib_basesys:umodsys.basesys.rsystem.obj
 0001:00000ba3       __matherr                  00401ba3 f   MSVCRT:merr.obj
 0001:00000ba3       __setargv                  00401ba3 f   MSVCRT:dllargv.obj
 0001:00000ba3       ?ref_links@RConsole_std@rsystem@base@UModSys@@UBEHXZ 00401ba3 f   umodsys_lib_basesys:umodsys.basesys.rconsole_std.obj
 0001:00000ba6       ?vput@RConsole_std@rsystem@base@UModSys@@UAE_NHPBDPAD@Z 00401ba6 f   umodsys_lib_basesys:umodsys.basesys.rconsole_std.obj
 0001:00000bee       ?put@RConsole_std@rsystem@base@UModSys@@UAA_NHPBDZZ 00401bee f   umodsys_lib_basesys:umodsys.basesys.rconsole_std.obj
 0001:00000c35       ?vget_c@RConsole_std@rsystem@base@UModSys@@UAE_NPAHPBDPAD@Z 00401c35 f   umodsys_lib_basesys:umodsys.basesys.rconsole_std.obj
 0001:00000c3a       ?get_s@RConsole_std@rsystem@base@UModSys@@UAA_NPADIPBDZZ 00401c3a f   umodsys_lib_basesys:umodsys.basesys.rconsole_std.obj
 0001:00000c3a       ?get_c@RConsole_std@rsystem@base@UModSys@@UAA_NPAHPBDZZ 00401c3a f   umodsys_lib_basesys:umodsys.basesys.rconsole_std.obj
 0001:00000c3d       ?vget_s@RConsole_std@rsystem@base@UModSys@@UAE_NPADIPBD0@Z 00401c3d f   umodsys_lib_basesys:umodsys.basesys.rconsole_std.obj
 0001:00000c42       ?reflect@RConsole_std@rsystem@base@UModSys@@QAE_NPBD@Z 00401c42 f   umodsys_lib_basesys:umodsys.basesys.rconsole_std.obj
 0001:00000c82       ??_GRConsole_std@rsystem@base@UModSys@@UAEPAXI@Z 00401c82 f i umodsys_lib_basesys:umodsys.basesys.rconsole_std.obj
 0001:00000c82       ??_ERConsole_std@rsystem@base@UModSys@@UAEPAXI@Z 00401c82 f i  CIL library: CIL module
 0001:00000c9e       ??0EExceptionBase@core@UModSys@@QAE@PBUSSourceContext@12@HPBD@Z 00401c9e f i umodsys_lib_basesys:umodsys.basesys.rsystem_main.obj
 0001:00000cc9       ?decode_error@EExceptionBase@core@UModSys@@UBEHPADI@Z 00401cc9 f i umodsys_lib_basesys:umodsys.basesys.rsystem_main.obj
 0001:00000cf2       ?decode_error@EFatal@core@UModSys@@UBEHPADI@Z 00401cf2 f i umodsys_lib_basesys:umodsys.basesys.rsystem_main.obj
 0001:00000d1b       ?decode_error@EWarning@core@UModSys@@UBEHPADI@Z 00401d1b f i umodsys_lib_basesys:umodsys.basesys.rsystem_main.obj
 0001:00000d44       ??_EEFatal@core@UModSys@@UAEPAXI@Z 00401d44 f i  CIL library: CIL module
 0001:00000d44       ??_GEFatal@core@UModSys@@UAEPAXI@Z 00401d44 f i umodsys_lib_basesys:umodsys.basesys.rsystem_main.obj
 0001:00000d44       ??_EEWarning@core@UModSys@@UAEPAXI@Z 00401d44 f i  CIL library: CIL module
 0001:00000d44       ??_GEExceptionBase@core@UModSys@@UAEPAXI@Z 00401d44 f i umodsys_lib_basesys:umodsys.basesys.rsystem_main.obj
 0001:00000d44       ??_GEWarning@core@UModSys@@UAEPAXI@Z 00401d44 f i umodsys_lib_basesys:umodsys.basesys.rsystem_main.obj
 0001:00000d44       ??_EEExceptionBase@core@UModSys@@UAEPAXI@Z 00401d44 f i  CIL library: CIL module
 0001:00000d61       ??1EWarning@core@UModSys@@UAE@XZ 00401d61 f i umodsys_lib_basesys:umodsys.basesys.rsystem_main.obj
 0001:00000d61       ??1EFatal@core@UModSys@@UAE@XZ 00401d61 f i umodsys_lib_basesys:umodsys.basesys.rsystem_main.obj
 0001:00000d68       ?get_interface_info@RSystem@rsystem@base@UModSys@@UBEABUSUniquePointerInfo@core@4@XZ 00401d68 f i umodsys_lib_basesys:umodsys.basesys.rsystem_main.obj
 0001:00000d6e       ?get_interface_type@RSystem@rsystem@base@UModSys@@UBEPBUSUniquePointerInfo@core@4@XZ 00401d6e f i umodsys_lib_basesys:umodsys.basesys.rsystem_main.obj
 0001:00000d74       ?get_other_interface@RSystem@rsystem@base@UModSys@@UAEPAUIRoot@core@4@PBUSUniquePointerInfo@64@@Z 00401d74 f i umodsys_lib_basesys:umodsys.basesys.rsystem_main.obj
 0001:00000d74       ?get_other_interface@RSystem@rsystem@base@UModSys@@UBEPBUIRoot@core@4@PBUSUniquePointerInfo@64@@Z 00401d74 f i umodsys_lib_basesys:umodsys.basesys.rsystem_main.obj
 0001:00000d95       ?init@RSystem@rsystem@base@UModSys@@QAE_NXZ 00401d95 f   umodsys_lib_basesys:umodsys.basesys.rsystem_main.obj
 0001:00000e7f       ?deinit@RSystem@rsystem@base@UModSys@@QAE_NXZ 00401e7f f   umodsys_lib_basesys:umodsys.basesys.rsystem_main.obj
 0001:00000f39       ?set_console@RSystem@rsystem@base@UModSys@@QAEXPAUIConsole@34@@Z 00401f39 f   umodsys_lib_basesys:umodsys.basesys.rsystem_main.obj
 0001:00000f60       ??0RSystem@rsystem@base@UModSys@@QAE@XZ 00401f60 f   umodsys_lib_basesys:umodsys.basesys.rsystem_main.obj
 0001:0000107f       ??_ERSystem@rsystem@base@UModSys@@UAEPAXI@Z 0040207f f i  CIL library: CIL module
 0001:0000107f       ??_GRSystem@rsystem@base@UModSys@@UAEPAXI@Z 0040207f f i umodsys_lib_basesys:umodsys.basesys.rsystem_main.obj
 0001:0000108e       ??1RSystem@rsystem@base@UModSys@@UAE@XZ 0040208e f   umodsys_lib_basesys:umodsys.basesys.rsystem_main.obj
 0001:00001127       ?dbg_put@rsystem@base@UModSys@@YAXW4eRSystemDebugLevels@123@PBDZZ 00402127 f   umodsys_lib_basesys:umodsys.basesys.rsystem_main.obj
 0001:00001153       ?err_put@rsystem@base@UModSys@@YAXW4eRSystemDebugLevels@123@PBDZZ 00402153 f   umodsys_lib_basesys:umodsys.basesys.rsystem_main.obj
 0001:0000117f       ??1?$TStaticStringPool@DU?$TComparerBinaryHash@D@su@tl@UModSys@@USMemAlloc_Malloc@core@4@@tl@UModSys@@QAE@XZ 0040217f f i umodsys_lib_basesys:umodsys.basesys.rsystem_main.obj
 0001:00001184       ??1?$TQuantArrayUnique@USUniquePointerInfo@core@UModSys@@$0BAA@USMemAlloc_Malloc@23@@tl@UModSys@@QAE@XZ 00402184 f i umodsys_lib_basesys:umodsys.basesys.rsystem_main.obj
 0001:00001184       ??1?$TQuantArrayUnique@USSourceContext@core@UModSys@@$0BAA@USMemAlloc_Malloc@23@@tl@UModSys@@QAE@XZ 00402184 f i umodsys_lib_basesys:umodsys.basesys.rsystem_main.obj
 0001:000011ba       ??1?$TTreeHoldRBD@U?$TQuantArrayNode@USUniquePointerInfo@core@UModSys@@$0BAA@@tl@UModSys@@U?$TNodeDeleter@U?$TQuantArrayNode@USUniquePointerInfo@core@UModSys@@$0BAA@@tl@UModSys@@USMemAlloc_Malloc@core@3@@23@@tl@UModSys@@QAE@XZ 004021ba f i umodsys_lib_basesys:umodsys.basesys.rsystem_main.obj
 0001:000011ba       ??1?$TTreeHoldRBD@U?$TQuantArrayNode@USSourceContext@core@UModSys@@$0BAA@@tl@UModSys@@U?$TNodeDeleter@U?$TQuantArrayNode@USSourceContext@core@UModSys@@$0BAA@@tl@UModSys@@USMemAlloc_Malloc@core@3@@23@@tl@UModSys@@QAE@XZ 004021ba f i umodsys_lib_basesys:umodsys.basesys.rsystem_main.obj
 0001:000011d0       ?mem_alloc@?$TRMemAlloc_CC@U?$TMemAllocHeader@USMagic@mem_headers@rsystem@base@UModSys@@U?$TPool@X@2345@USDebug@2345@UVoid@core@5@@rsystem@base@UModSys@@USMemAlloc_Malloc@core@4@@rsystem@base@UModSys@@UAEPAXIPBUSSourceContext@core@4@@Z 004021d0 f i umodsys_lib_basesys:umodsys.basesys.rsystem_main.obj
 0001:00001204       ?mem_realloc@?$TRMemAlloc_CC@U?$TMemAllocHeader@USMagic@mem_headers@rsystem@base@UModSys@@U?$TPool@X@2345@USDebug@2345@UVoid@core@5@@rsystem@base@UModSys@@USMemAlloc_Malloc@core@4@@rsystem@base@UModSys@@UAEPAXPAXIPBUSSourceContext@core@4@@Z 00402204 f i umodsys_lib_basesys:umodsys.basesys.rsystem_main.obj
 0001:0000135f       ?mem_free@?$TRMemAlloc_CC@U?$TMemAllocHeader@USMagic@mem_headers@rsystem@base@UModSys@@U?$TPool@X@2345@USDebug@2345@UVoid@core@5@@rsystem@base@UModSys@@USMemAlloc_Malloc@core@4@@rsystem@base@UModSys@@UAEXPAXPBUSSourceContext@core@4@@Z 0040235f f i umodsys_lib_basesys:umodsys.basesys.rsystem_main.obj
 0001:000013d3       ?free@?$TStaticStringPool@DU?$TComparerBinaryHash@D@su@tl@UModSys@@USMemAlloc_Malloc@core@4@@tl@UModSys@@QAEXXZ 004023d3 f i umodsys_lib_basesys:umodsys.basesys.rsystem_main.obj
 0001:0000140e       ?next_node@?$TTreeHoldRB@U?$TQuantArrayNode@USUniquePointerInfo@core@UModSys@@$0BAA@@tl@UModSys@@@tl@UModSys@@SAPAU?$TQuantArrayNode@USUniquePointerInfo@core@UModSys@@$0BAA@@23@PAU423@@Z 0040240e f i umodsys_lib_basesys:umodsys.basesys.rsystem_main.obj
 0001:0000140e       ?next_node@?$TTreeHoldRB@U?$TQuantArrayNode@USSourceContext@core@UModSys@@$0BAA@@tl@UModSys@@@tl@UModSys@@SAPAU?$TQuantArrayNode@USSourceContext@core@UModSys@@$0BAA@@23@PAU423@@Z 0040240e f i umodsys_lib_basesys:umodsys.basesys.rsystem.obj
 0001:00001433       ??$process@UEFatal@core@UModSys@@@IExceptionHandler@core@UModSys@@QAEXABUEFatal@12@@Z 00402433 f i umodsys_lib_basesys:umodsys.basesys.rsystem_main.obj
 0001:00001465       ??$process_nodes_r@U?$TNodeDeleter@U?$TQuantArrayNode@USUniquePointerInfo@core@UModSys@@$0BAA@@tl@UModSys@@USMemAlloc_Malloc@core@3@@tl@UModSys@@@?$TTreeHoldRB@U?$TQuantArrayNode@USUniquePointerInfo@core@UModSys@@$0BAA@@tl@UModSys@@@tl@UModSys@@KAHPAU?$TQuantArrayNode@USUniquePointerInfo@core@UModSys@@$0BAA@@12@ABU?$TNodeDeleter@U?$TQuantArrayNode@USUniquePointerInfo@core@UModSys@@$0BAA@@tl@UModSys@@USMemAlloc_Malloc@core@3@@12@@Z 00402465 f i umodsys_lib_basesys:umodsys.basesys.rsystem_main.obj
 0001:00001465       ??$process_nodes_r@U?$TNodeDeleter@U?$TQuantArrayNode@USSourceContext@core@UModSys@@$0BAA@@tl@UModSys@@USMemAlloc_Malloc@core@3@@tl@UModSys@@@?$TTreeHoldRB@U?$TQuantArrayNode@USSourceContext@core@UModSys@@$0BAA@@tl@UModSys@@@tl@UModSys@@KAHPAU?$TQuantArrayNode@USSourceContext@core@UModSys@@$0BAA@@12@ABU?$TNodeDeleter@U?$TQuantArrayNode@USSourceContext@core@UModSys@@$0BAA@@tl@UModSys@@USMemAlloc_Malloc@core@3@@12@@Z 00402465 f i umodsys_lib_basesys:umodsys.basesys.rsystem_main.obj
 0001:000014a7       ??0EFatal@core@UModSys@@QAE@ABU012@@Z 004024a7 f i umodsys_lib_basesys:umodsys.basesys.rsystem_main.obj
 0001:000014bf       ??0EExceptionBase@core@UModSys@@QAE@ABU012@@Z 004024bf f i umodsys_lib_basesys:umodsys.basesys.rsystem_main.obj
 0001:000014e7       ??0EWarning@core@UModSys@@QAE@ABU012@@Z 004024e7 f i umodsys_lib_basesys:umodsys.basesys.rsystem_main.obj
 0001:000014ff       ?exec_test_shells@RSystem@rsystem@base@UModSys@@QAE_NXZ 004024ff f   umodsys_lib_basesys:umodsys.basesys.rsystem_tests.obj
 0001:0000166f       ??1?$TParametersA@$0EAA@@core@UModSys@@QAE@XZ 0040266f f i umodsys_lib_basesys:umodsys.basesys.rsystem_tests.obj
 0001:0000167c       ??$t_moduledb_generate@UIShell@base@UModSys@@@IModuleLoader@base@UModSys@@QAE_NAAU?$TRefObject@UIShell@base@UModSys@@@tl@2@PBUSUniquePointerInfo@core@2@ABUSParameters@62@@Z 0040267c f i umodsys_lib_basesys:umodsys.basesys.rsystem_tests.obj
 0001:0000170e       ?eq@SModuleInfo@base@UModSys@@QBE_NABU?$TString@U?$TSCoreConst@D@su@tl@UModSys@@U?$TComparerBinaryHash@D@234@@tl@3@ABUSVersion@core@3@@Z 0040270e f i umodsys_lib_basesys:umodsys.basesys.rmoduleloader.obj
 0001:00001733       ?moduledb_findobjname@RModuleLoader@rsystem@base@UModSys@@UAEIPBUSUniquePointerInfo@core@4@QAPBU564@IPBD@Z 00402733 f   umodsys_lib_basesys:umodsys.basesys.rmoduleloader.obj
 0001:000017a0       ?moduledb_generate@RModuleLoader@rsystem@base@UModSys@@UAE_NAAU?$TRefObject@UIRefObject@core@UModSys@@@tl@4@PBUSUniquePointerInfo@core@4@ABUSParameters@84@@Z 004027a0 f   umodsys_lib_basesys:umodsys.basesys.rmoduleloader.obj
 0001:000017f5       ?moduledb_lib_count@RModuleLoader@rsystem@base@UModSys@@UAEIXZ 004027f5 f   umodsys_lib_basesys:umodsys.basesys.rmoduleloader.obj
 0001:000017fa       ?moduledb_lib_get@RModuleLoader@rsystem@base@UModSys@@UBEPAUIModuleLibrary@34@I@Z 004027fa f   umodsys_lib_basesys:umodsys.basesys.rmoduleloader.obj
 0001:0000181a       ?moduledb_lib_drop@RModuleLoader@rsystem@base@UModSys@@UAE_NPAUIModuleLibrary@34@@Z 0040281a f   umodsys_lib_basesys:umodsys.basesys.rmoduleloader.obj
 0001:0000181a       ?moduledb_load@RModuleLoader@rsystem@base@UModSys@@UAE_NABU?$TString@U?$TSCoreConst@D@su@tl@UModSys@@U?$TComparerBinaryHash@D@234@@tl@4@@Z 0040281a f   umodsys_lib_basesys:umodsys.basesys.rmoduleloader.obj
 0001:0000181f       ?moduledb_module_count@RModuleLoader@rsystem@base@UModSys@@UAEIXZ 0040281f f   umodsys_lib_basesys:umodsys.basesys.rmoduleloader.obj
 0001:00001841       ?moduledb_module_get@RModuleLoader@rsystem@base@UModSys@@UBEPAUIModule@34@I@Z 00402841 f   umodsys_lib_basesys:umodsys.basesys.rmoduleloader.obj
 0001:0000188f       ?moduledb_find@RModuleLoader@rsystem@base@UModSys@@UBEPAUIModule@34@ABU?$TString@U?$TSCoreConst@D@su@tl@UModSys@@U?$TComparerBinaryHash@D@234@@tl@4@ABUSVersion@core@4@@Z 0040288f f   umodsys_lib_basesys:umodsys.basesys.rmoduleloader.obj
 0001:00001946       ?moduledb_clear@RModuleLoader@rsystem@base@UModSys@@UAEXXZ 00402946 f   umodsys_lib_basesys:umodsys.basesys.rmoduleloader.obj
 0001:0000199a       ?moduledb_cleanup@RModuleLoader@rsystem@base@UModSys@@UAEIXZ 0040299a f   umodsys_lib_basesys:umodsys.basesys.rmoduleloader.obj
 0001:00001a9a       ?moduledb_save@RModuleLoader@rsystem@base@UModSys@@UAE_NABU?$TString@U?$TSCoreConst@D@su@tl@UModSys@@U?$TComparerBinaryHash@D@234@@tl@4@@Z 00402a9a f   umodsys_lib_basesys:umodsys.basesys.rmoduleloader.obj
 0001:00001b1a       ?moduledb_scan@RModuleLoader@rsystem@base@UModSys@@UAEIABU?$TString@U?$TSCoreConst@D@su@tl@UModSys@@U?$TComparerBinaryHash@D@234@@tl@4@_N@Z 00402b1a f   umodsys_lib_basesys:umodsys.basesys.rmoduleloader.obj
 0001:00001ba8       ?moduledb_get_string@RModuleLoader@rsystem@base@UModSys@@UAEABU?$TString@U?$TSCoreConst@D@su@tl@UModSys@@U?$TComparerBinaryHash@D@234@@tl@4@ABU564@@Z 00402ba8 f   umodsys_lib_basesys:umodsys.basesys.rmoduleloader.obj
 0001:00001bba       ??_GRModuleLoader@rsystem@base@UModSys@@UAEPAXI@Z 00402bba f i umodsys_lib_basesys:umodsys.basesys.rmoduleloader.obj
 0001:00001bba       ??_ERModuleLoader@rsystem@base@UModSys@@UAEPAXI@Z 00402bba f i  CIL library: CIL module
 0001:00001bd7       ??_GIModuleLoader@base@UModSys@@UAEPAXI@Z 00402bd7 f i umodsys_lib_basesys:umodsys.basesys.rmoduleloader.obj
 0001:00001bd7       ??_EIModuleLoader@base@UModSys@@UAEPAXI@Z 00402bd7 f i  CIL library: CIL module
 0001:00001bf4       ??1RModuleLoader@rsystem@base@UModSys@@UAE@XZ 00402bf4 f   umodsys_lib_basesys:umodsys.basesys.rmoduleloader.obj
 0001:00001c5a       ?append@?$TStaticStringPool@DU?$TComparerBinaryHash@D@su@tl@UModSys@@USMemAlloc_Malloc@core@4@@tl@UModSys@@QAEPBU?$TString@U?$TSCoreConst@D@su@tl@UModSys@@U?$TComparerBinaryHash@D@234@@23@PBD@Z 00402c5a f i umodsys_lib_basesys:umodsys.basesys.rmoduleloader.obj
 0001:00001c8a       ??1?$TDynarrayDynamic@U?$TRefObject@URModuleLibrarySO@rsystem@base@UModSys@@@tl@UModSys@@U?$TAllocator@USMemAlloc_Malloc@core@UModSys@@USCountCalcPower2@23@@23@@tl@UModSys@@QAE@XZ 00402c8a f i umodsys_lib_basesys:umodsys.basesys.rmoduleloader.obj
 0001:00001ca8       ?Free@?$TDynarray@U?$TDynarrayHolderDynamic@U?$TRefObject@URModuleLibrarySO@rsystem@base@UModSys@@@tl@UModSys@@U?$TAllocator@USMemAlloc_Malloc@core@UModSys@@USCountCalcPower2@23@@23@@tl@UModSys@@@tl@UModSys@@QAE_NXZ 00402ca8 f i umodsys_lib_basesys:umodsys.basesys.rmoduleloader.obj
 0001:00001cd0       ?Resize@?$TDynarray@U?$TDynarrayHolderDynamic@U?$TRefObject@URModuleLibrarySO@rsystem@base@UModSys@@@tl@UModSys@@U?$TAllocator@USMemAlloc_Malloc@core@UModSys@@USCountCalcPower2@23@@23@@tl@UModSys@@@tl@UModSys@@QAE_NI@Z 00402cd0 f i umodsys_lib_basesys:umodsys.basesys.rmoduleloader.obj
 0001:00001d2a       ??$?8U?$TSCoreConst@D@su@tl@UModSys@@U?$TComparerBinaryHash@D@123@@?$TString@U?$TSCoreConst@D@su@tl@UModSys@@U?$TComparerBinaryHash@D@234@@tl@UModSys@@QBE_NABU012@@Z 00402d2a f i umodsys_lib_basesys:umodsys.basesys.rmoduleloader.obj
 0001:00001d65       ?append@?$TStaticStringPool@DU?$TComparerBinaryHash@D@su@tl@UModSys@@USMemAlloc_Malloc@core@4@@tl@UModSys@@QAEPBU?$TString@U?$TSCoreConst@D@su@tl@UModSys@@U?$TComparerBinaryHash@D@234@@23@PBDI@Z 00402d65 f i umodsys_lib_basesys:umodsys.basesys.rmoduleloader.obj
 0001:00001e97       ?ReLink@?$TDynarray@U?$TDynarrayHolderDynamic@U?$TRefObject@URModule@rsystem@base@UModSys@@@tl@UModSys@@U?$TAllocator@USMemAlloc_Malloc@core@UModSys@@USCountCalcPower2@23@@23@@tl@UModSys@@@tl@UModSys@@IAE_NI@Z 00402e97 f i umodsys_lib_basesys:umodsys.basesys.rmodulelib.obj
 0001:00001e97       ?ReLink@?$TDynarray@U?$TDynarrayHolderDynamic@U?$TRefObject@URModuleLibrarySO@rsystem@base@UModSys@@@tl@UModSys@@U?$TAllocator@USMemAlloc_Malloc@core@UModSys@@USCountCalcPower2@23@@23@@tl@UModSys@@@tl@UModSys@@IAE_NI@Z 00402e97 f i umodsys_lib_basesys:umodsys.basesys.rmoduleloader.obj
 0001:00001ed3       ?items_destruct@?$TDynarray@U?$TDynarrayHolderDynamic@U?$TRefObject@URModuleLibrarySO@rsystem@base@UModSys@@@tl@UModSys@@U?$TAllocator@USMemAlloc_Malloc@core@UModSys@@USCountCalcPower2@23@@23@@tl@UModSys@@@tl@UModSys@@IAEXII@Z 00402ed3 f i umodsys_lib_basesys:umodsys.basesys.rmoduleloader.obj
 0001:00001efe       ?append@CharChunk@?$TStaticStringPool@DU?$TComparerBinaryHash@D@su@tl@UModSys@@USMemAlloc_Malloc@core@4@@tl@UModSys@@QAEPADPBDI@Z 00402efe f i umodsys_lib_basesys:umodsys.basesys.rmoduleloader.obj
 0001:00001f27       ??1?$TRefObject@UIRefObject@core@UModSys@@@tl@UModSys@@QAE@XZ 00402f27 f i umodsys_lib_basesys:umodsys.basesys.rsystem_tests.obj
 0001:00001f27       ??1?$TRefObject@UIShell@base@UModSys@@@tl@UModSys@@QAE@XZ 00402f27 f i umodsys_lib_basesys:umodsys.basesys.rsystem_tests.obj
 0001:00001f27       ??1?$TRefObject@UIModuleLibraryUni@rsystem@base@UModSys@@@tl@UModSys@@QAE@XZ 00402f27 f i umodsys_lib_basesys:umodsys.basesys.rmodule.obj
 0001:00001f27       ??1?$TRefObject@URGenerator@stdio@media@modules@UModSys@@@tl@UModSys@@QAE@XZ 00402f27 f i umodsys_lib_libmedia:umodsys.mod.media.stdio.obj
 0001:00001f27       ??1?$TRefObject@URStreamWriter_FILE@stdio@media@modules@UModSys@@@tl@UModSys@@QAE@XZ 00402f27 f i umodsys_lib_libmedia:umodsys.mod.media.stdio.obj
 0001:00001f27       ??1?$TRefObject@URParameters@rsystem@base@UModSys@@@tl@UModSys@@QAE@XZ 00402f27 f i umodsys_lib_basesys:umodsys.basesys.rsystem_main.obj
 0001:00001f27       ??1?$TRefObject@URModuleLibrarySO@rsystem@base@UModSys@@@tl@UModSys@@QAE@XZ 00402f27 f i umodsys_lib_basesys:umodsys.basesys.rmoduleloader.obj
 0001:00001f27       ??1?$TRefObject@URStreamReader_FILE@stdio@media@modules@UModSys@@@tl@UModSys@@QAE@XZ 00402f27 f i umodsys_lib_libmedia:umodsys.mod.media.stdio.obj
 0001:00001f36       ?find_s@?$TStaticStringPool@DU?$TComparerBinaryHash@D@su@tl@UModSys@@USMemAlloc_Malloc@core@4@@tl@UModSys@@QBEPBU?$TString@U?$TSCoreConst@D@su@tl@UModSys@@U?$TComparerBinaryHash@D@234@@23@ABU423@@Z 00402f36 f i umodsys_lib_basesys:umodsys.basesys.rmoduleloader.obj
 0001:00001f8a       ?get_interface_info@RModuleLibraryThis@rsystem@base@UModSys@@UBEABUSUniquePointerInfo@core@4@XZ 00402f8a f i umodsys_lib_basesys:umodsys.basesys.rmodulelibthis.obj
 0001:00001f90       ?get_interface_type@RModuleLibraryThis@rsystem@base@UModSys@@UBEPBUSUniquePointerInfo@core@4@XZ 00402f90 f i umodsys_lib_basesys:umodsys.basesys.rmodulelibthis.obj
 0001:00001f96       ?get_other_interface@RModuleLibraryThis@rsystem@base@UModSys@@UBEPBUIRoot@core@4@PBUSUniquePointerInfo@64@@Z 00402f96 f i umodsys_lib_basesys:umodsys.basesys.rmodulelibthis.obj
 0001:00001f96       ?get_other_interface@RModuleLibraryThis@rsystem@base@UModSys@@UAEPAUIRoot@core@4@PBUSUniquePointerInfo@64@@Z 00402f96 f i umodsys_lib_basesys:umodsys.basesys.rmodulelibthis.obj
 0001:00001fbf       ?ref_add@RModuleLibraryThis@rsystem@base@UModSys@@UBEXXZ 00402fbf f i umodsys_lib_basesys:umodsys.basesys.rmodulelibthis.obj
 0001:00001fc3       ?ref_remove@RModuleLibraryThis@rsystem@base@UModSys@@UBEXXZ 00402fc3 f i umodsys_lib_basesys:umodsys.basesys.rmodulelibthis.obj
 0001:00001fce       ?ref_links@RModuleLibraryThis@rsystem@base@UModSys@@UBEHXZ 00402fce f i umodsys_lib_basesys:umodsys.basesys.rmodulelibthis.obj
 0001:00001fd2       ?suicide@RModuleLibraryThis@rsystem@base@UModSys@@UAEXXZ 00402fd2 f i umodsys_lib_basesys:umodsys.basesys.rmodulelibthis.obj
 0001:00001fe0       ?uni_load@RModuleLibraryThis@rsystem@base@UModSys@@UAE_NXZ 00402fe0 f   umodsys_lib_basesys:umodsys.basesys.rmodulelibthis.obj
 0001:00001fea       ?uni_open@RModuleLibraryThis@rsystem@base@UModSys@@UAE_NXZ 00402fea f   umodsys_lib_basesys:umodsys.basesys.rmodulelibthis.obj
 0001:00001fea       ?uni_close@RModuleLibraryThis@rsystem@base@UModSys@@UAE_NXZ 00402fea f   umodsys_lib_basesys:umodsys.basesys.rmodulelibthis.obj
 0001:00001fea       ?uni_unload@RModuleLibraryThis@rsystem@base@UModSys@@UAE_NXZ 00402fea f   umodsys_lib_basesys:umodsys.basesys.rmodulelibthis.obj
 0001:00001fed       ??_GRModuleLibraryThis@rsystem@base@UModSys@@UAEPAXI@Z 00402fed f i umodsys_lib_basesys:umodsys.basesys.rmodulelibthis.obj
 0001:00001fed       ??_ERModuleLibraryThis@rsystem@base@UModSys@@UAEPAXI@Z 00402fed f i  CIL library: CIL module
 0001:00002027       ?get_sys_libname@IModuleLibraryUni@rsystem@base@UModSys@@UBE?AU?$TString@U?$TSCoreConst@D@su@tl@UModSys@@U?$TComparerBinaryHash@D@234@@tl@4@XZ 00403027 f   umodsys_lib_basesys:umodsys.basesys.rmodulelib.obj
 0001:0000203f       ?get_privmem@IModuleLibraryUni@rsystem@base@UModSys@@UBEPAUIMemAlloc@core@4@XZ 0040303f f   umodsys_lib_basesys:umodsys.basesys.rmodulelib.obj
 0001:00002043       ?get_module_count@IModuleLibraryUni@rsystem@base@UModSys@@UBEIXZ 00403043 f   umodsys_lib_basesys:umodsys.basesys.rmodulelib.obj
 0001:00002047       ?get_module@IModuleLibraryUni@rsystem@base@UModSys@@UBEPAUIModule@34@I@Z 00403047 f   umodsys_lib_basesys:umodsys.basesys.rmodulelib.obj
 0001:0000205d       ?lib_loaded@IModuleLibraryUni@rsystem@base@UModSys@@UBE_NXZ 0040305d f   umodsys_lib_basesys:umodsys.basesys.rmodulelib.obj
 0001:00002066       ?lib_load@IModuleLibraryUni@rsystem@base@UModSys@@UAE_NXZ 00403066 f   umodsys_lib_basesys:umodsys.basesys.rmodulelib.obj
 0001:00002083       ?lib_unload@IModuleLibraryUni@rsystem@base@UModSys@@UAE_NXZ 00403083 f   umodsys_lib_basesys:umodsys.basesys.rmodulelib.obj
 0001:00002097       ?lib_free@IModuleLibraryUni@rsystem@base@UModSys@@UAE_NXZ 00403097 f   umodsys_lib_basesys:umodsys.basesys.rmodulelib.obj
 0001:000020b0       ?lib_findobjname@IModuleLibraryUni@rsystem@base@UModSys@@UAEIPBUSUniquePointerInfo@core@4@QAPBU564@IPBD@Z 004030b0 f   umodsys_lib_basesys:umodsys.basesys.rmodulelib.obj
 0001:00002109       ?lib_generate@IModuleLibraryUni@rsystem@base@UModSys@@UAE_NAAU?$TRefObject@UIRefObject@core@UModSys@@@tl@4@PBUSUniquePointerInfo@core@4@ABUSParameters@84@@Z 00403109 f   umodsys_lib_basesys:umodsys.basesys.rmodulelib.obj
 0001:00002144       ?cleanup@IModuleLibraryUni@rsystem@base@UModSys@@QAEIXZ 00403144 f   umodsys_lib_basesys:umodsys.basesys.rmodulelib.obj
 0001:00002168       ?load0@IModuleLibraryUni@rsystem@base@UModSys@@QAE_NXZ 00403168 f   umodsys_lib_basesys:umodsys.basesys.rmodulelib.obj
 0001:000021a7       ?link@IModuleLibraryUni@rsystem@base@UModSys@@QAE_NXZ 004031a7 f   umodsys_lib_basesys:umodsys.basesys.rmodulelib.obj
 0001:0000232d       ?unlink@IModuleLibraryUni@rsystem@base@UModSys@@QAE_NXZ 0040332d f   umodsys_lib_basesys:umodsys.basesys.rmodulelib.obj
 0001:00002360       ?scan@IModuleLibraryUni@rsystem@base@UModSys@@QAE_NXZ 00403360 f   umodsys_lib_basesys:umodsys.basesys.rmodulelib.obj
 0001:000023af       ?save_db@IModuleLibraryUni@rsystem@base@UModSys@@QAE_NPAU_iobuf@@@Z 004033af f   umodsys_lib_basesys:umodsys.basesys.rmodulelib.obj
 0001:00002422       ??0IModuleLibraryUni@rsystem@base@UModSys@@QAE@PAUISystem@23@PAUIModuleLibraryReg@23@@Z 00403422 f   umodsys_lib_basesys:umodsys.basesys.rmodulelib.obj
 0001:00002457       ??_EIModuleLibraryUni@rsystem@base@UModSys@@UAEPAXI@Z 00403457 f i  CIL library: CIL module
 0001:00002457       ??_GIModuleLibraryUni@rsystem@base@UModSys@@UAEPAXI@Z 00403457 f i umodsys_lib_basesys:umodsys.basesys.rmodulelib.obj
 0001:00002465       ??1IModuleLibraryUni@rsystem@base@UModSys@@UAE@XZ 00403465 f   umodsys_lib_basesys:umodsys.basesys.rmodulelib.obj
 0001:0000248b       ??1?$TDynarray@U?$TDynarrayHolderDynamic@U?$TRefObject@URModule@rsystem@base@UModSys@@@tl@UModSys@@U?$TAllocator@USMemAlloc_Malloc@core@UModSys@@USCountCalcPower2@23@@23@@tl@UModSys@@@tl@UModSys@@QAE@XZ 0040348b f i umodsys_lib_basesys:umodsys.basesys.rmodulelib.obj
 0001:000024c3       ?ResizeRel@?$TDynarray@U?$TDynarrayHolderDynamic@U?$TRefObject@URModule@rsystem@base@UModSys@@@tl@UModSys@@U?$TAllocator@USMemAlloc_Malloc@core@UModSys@@USCountCalcPower2@23@@23@@tl@UModSys@@@tl@UModSys@@QAE_NH@Z 004034c3 f i umodsys_lib_basesys:umodsys.basesys.rmodulelib.obj
 0001:00002543       ?info_release@?$TSCoreShared@USMemAlloc_Malloc@core@UModSys@@D@su@tl@UModSys@@QAEXXZ 00403543 f i umodsys_lib_basesys:umodsys.basesys.rmodulelib.obj
 0001:0000256d       ?scalar_compare@core@UModSys@@YAHABUSUniquePointerInfo@12@0@Z 0040356d f i umodsys_lib_basesys:umodsys.basesys.rsystem.obj
 0001:000025b0       ?upi_add@RSystem@rsystem@base@UModSys@@UAEPBUSUniquePointerInfo@core@4@PBU564@@Z 004035b0 f   umodsys_lib_basesys:umodsys.basesys.rsystem.obj
 0001:00002641       ?upi_remove@RSystem@rsystem@base@UModSys@@UAEHPBUSUniquePointerInfo@core@4@@Z 00403641 f   umodsys_lib_basesys:umodsys.basesys.rsystem.obj
 0001:00002647       ?persist_ctx@RSystem@rsystem@base@UModSys@@UAEPBUSSourceContext@core@4@PBU564@@Z 00403647 f   umodsys_lib_basesys:umodsys.basesys.rsystem.obj
 0001:000026d8       ?get_params@RSystem@rsystem@base@UModSys@@UAEPAUIParameters@core@4@XZ 004036d8 f   umodsys_lib_basesys:umodsys.basesys.rsystem.obj
 0001:000026dc       ?get_sysmem@RSystem@rsystem@base@UModSys@@UAEPAUIMemAlloc@core@4@XZ 004036dc f   umodsys_lib_basesys:umodsys.basesys.rsystem.obj
 0001:000026e3       ?get_sharemem@RSystem@rsystem@base@UModSys@@UAEPAUIMemAlloc@core@4@XZ 004036e3 f   umodsys_lib_basesys:umodsys.basesys.rsystem.obj
 0001:000026ea       ?get_modloader@RSystem@rsystem@base@UModSys@@UAEPAUIModuleLoader@34@XZ 004036ea f   umodsys_lib_basesys:umodsys.basesys.rsystem.obj
 0001:000026ee       ?get_upr@RSystem@rsystem@base@UModSys@@UAEPAUIUniquePointerResolver@core@4@XZ 004036ee f   umodsys_lib_basesys:umodsys.basesys.rsystem.obj
 0001:000026f9       ?get_sca@RSystem@rsystem@base@UModSys@@UAEPAUISourceContextAdapter@core@4@XZ 004036f9 f   umodsys_lib_basesys:umodsys.basesys.rsystem.obj
 0001:00002704       ?find@?$TQuantArrayUnique@USUniquePointerInfo@core@UModSys@@$0BAA@USMemAlloc_Malloc@23@@tl@UModSys@@QAEPBUSUniquePointerInfo@core@3@ABU453@@Z 00403704 f i umodsys_lib_basesys:umodsys.basesys.rsystem.obj
 0001:00002762       ?find@?$TQuantArrayUnique@USSourceContext@core@UModSys@@$0BAA@USMemAlloc_Malloc@23@@tl@UModSys@@QAEPBUSSourceContext@core@3@ABU453@@Z 00403762 f i umodsys_lib_basesys:umodsys.basesys.rsystem.obj
 0001:00002801       ?add@?$TQuantArrayUnique@USSourceContext@core@UModSys@@$0BAA@USMemAlloc_Malloc@23@@tl@UModSys@@QAEPAUSSourceContext@core@3@ABU453@@Z 00403801 f i umodsys_lib_basesys:umodsys.basesys.rsystem.obj
 0001:00002801       ?add@?$TQuantArrayUnique@USUniquePointerInfo@core@UModSys@@$0BAA@USMemAlloc_Malloc@23@@tl@UModSys@@QAEPAUSUniquePointerInfo@core@3@ABU453@@Z 00403801 f i umodsys_lib_basesys:umodsys.basesys.rsystem.obj
 0001:00002911       ?insert_color@?$TTreeHoldRB@U?$TQuantArrayNode@USUniquePointerInfo@core@UModSys@@$0BAA@@tl@UModSys@@@tl@UModSys@@IAEXPAU?$TQuantArrayNode@USUniquePointerInfo@core@UModSys@@$0BAA@@23@@Z 00403911 f i umodsys_lib_basesys:umodsys.basesys.rsystem.obj
 0001:00002911       ?insert_color@?$TTreeHoldRB@U?$TQuantArrayNode@USSourceContext@core@UModSys@@$0BAA@@tl@UModSys@@@tl@UModSys@@IAEXPAU?$TQuantArrayNode@USSourceContext@core@UModSys@@$0BAA@@23@@Z 00403911 f i umodsys_lib_basesys:umodsys.basesys.rsystem.obj
 0001:000029bf       ?rotate_left@?$TTreeHoldRB@U?$TQuantArrayNode@USSourceContext@core@UModSys@@$0BAA@@tl@UModSys@@@tl@UModSys@@IAEXPAU?$TQuantArrayNode@USSourceContext@core@UModSys@@$0BAA@@23@@Z 004039bf f i umodsys_lib_basesys:umodsys.basesys.rsystem.obj
 0001:000029bf       ?rotate_left@?$TTreeHoldRB@U?$TQuantArrayNode@USUniquePointerInfo@core@UModSys@@$0BAA@@tl@UModSys@@@tl@UModSys@@IAEXPAU?$TQuantArrayNode@USUniquePointerInfo@core@UModSys@@$0BAA@@23@@Z 004039bf f i umodsys_lib_basesys:umodsys.basesys.rsystem.obj
 0001:000029fe       ?rotate_right@?$TTreeHoldRB@U?$TQuantArrayNode@USSourceContext@core@UModSys@@$0BAA@@tl@UModSys@@@tl@UModSys@@IAEXPAU?$TQuantArrayNode@USSourceContext@core@UModSys@@$0BAA@@23@@Z 004039fe f i umodsys_lib_basesys:umodsys.basesys.rsystem.obj
 0001:000029fe       ?rotate_right@?$TTreeHoldRB@U?$TQuantArrayNode@USUniquePointerInfo@core@UModSys@@$0BAA@@tl@UModSys@@@tl@UModSys@@IAEXPAU?$TQuantArrayNode@USUniquePointerInfo@core@UModSys@@$0BAA@@23@@Z 004039fe f i umodsys_lib_basesys:umodsys.basesys.rsystem.obj
 0001:00002a3d       ?get_interface_info@RParameters@rsystem@base@UModSys@@UBEABUSUniquePointerInfo@core@4@XZ 00403a3d f i umodsys_lib_basesys:umodsys.basesys.rparameters.obj
 0001:00002a43       ?get_interface_type@RParameters@rsystem@base@UModSys@@UBEPBUSUniquePointerInfo@core@4@XZ 00403a43 f i umodsys_lib_basesys:umodsys.basesys.rparameters.obj
 0001:00002a49       ?get_other_interface@RParameters@rsystem@base@UModSys@@UBEPBUIRoot@core@4@PBUSUniquePointerInfo@64@@Z 00403a49 f i umodsys_lib_basesys:umodsys.basesys.rparameters.obj
 0001:00002a49       ?get_other_interface@RParameters@rsystem@base@UModSys@@UAEPAUIRoot@core@4@PBUSUniquePointerInfo@64@@Z 00403a49 f i umodsys_lib_basesys:umodsys.basesys.rparameters.obj
 0001:00002a6a       ?ref_add@RParameters@rsystem@base@UModSys@@UBEXXZ 00403a6a f i umodsys_lib_basesys:umodsys.basesys.rparameters.obj
 0001:00002a6e       ?ref_remove@RParameters@rsystem@base@UModSys@@UBEXXZ 00403a6e f i umodsys_lib_basesys:umodsys.basesys.rparameters.obj
 0001:00002a79       ?ref_links@RParameters@rsystem@base@UModSys@@UBEHXZ 00403a79 f i umodsys_lib_basesys:umodsys.basesys.rparameters.obj
 0001:00002a79       ?get_console@RSystem@rsystem@base@UModSys@@UAEPAUIConsole@34@XZ 00403a79 f i umodsys_lib_basesys:umodsys.basesys.rsystem.obj
 0001:00002a7d       ?suicide@RParameters@rsystem@base@UModSys@@UAEXXZ 00403a7d f i umodsys_lib_basesys:umodsys.basesys.rparameters.obj
 0001:00002a8b       ?find_elem@RParameters@rsystem@base@UModSys@@IAEPBUElem@1234@PBXHHHPBD@Z 00403a8b f   umodsys_lib_basesys:umodsys.basesys.rparameters.obj
 0001:00002b04       ?estimate_size@RParameters@rsystem@base@UModSys@@IAEHAAUElem@1234@HPBDHH@Z 00403b04 f   umodsys_lib_basesys:umodsys.basesys.rparameters.obj
 0001:00002b69       ?free_elems@RParameters@rsystem@base@UModSys@@IAEXPAXH@Z 00403b69 f   umodsys_lib_basesys:umodsys.basesys.rparameters.obj
 0001:00002bc1       ?alloc_elems@RParameters@rsystem@base@UModSys@@IAEXPAXH@Z 00403bc1 f   umodsys_lib_basesys:umodsys.basesys.rparameters.obj
 0001:00002c0e       ?add_last@RParameters@rsystem@base@UModSys@@IAE_NPAUSParametersData@core@4@PBDPBXH@Z 00403c0e f   umodsys_lib_basesys:umodsys.basesys.rparameters.obj
 0001:00002dd2       ?p_deinit@RParameters@rsystem@base@UModSys@@UAEXPAUSParametersData@core@4@@Z 00403dd2 f   umodsys_lib_basesys:umodsys.basesys.rparameters.obj
 0001:00002e27       ?p_init@RParameters@rsystem@base@UModSys@@UAEXPAUSParametersData@core@4@H@Z 00403e27 f   umodsys_lib_basesys:umodsys.basesys.rparameters.obj
 0001:00002e6b       ?p_init@RParameters@rsystem@base@UModSys@@UAEXPAUSParametersData@core@4@ABU564@@Z 00403e6b f   umodsys_lib_basesys:umodsys.basesys.rparameters.obj
 0001:00002ef2       ?p_copy@RParameters@rsystem@base@UModSys@@UAEXPAUSParametersData@core@4@ABU564@@Z 00403ef2 f   umodsys_lib_basesys:umodsys.basesys.rparameters.obj
 0001:00002fe4       ?p_init_s@RParameters@rsystem@base@UModSys@@UAEXPAUSParametersData@core@4@PAXH@Z 00403fe4 f   umodsys_lib_basesys:umodsys.basesys.rparameters.obj
 0001:0000300e       ?p_init_s@RParameters@rsystem@base@UModSys@@UAEXPAUSParametersData@core@4@ABU564@PAXH@Z 0040400e f   umodsys_lib_basesys:umodsys.basesys.rparameters.obj
 0001:00003077       ?next@RParameters@rsystem@base@UModSys@@UAE_NPBUSParametersData@core@4@AAPBD@Z 00404077 f   umodsys_lib_basesys:umodsys.basesys.rparameters.obj
 0001:0000311a       ?next@RParameters@rsystem@base@UModSys@@UAE_NPBUSParametersData@core@4@AAU?$TString@U?$TSCoreConst@D@su@tl@UModSys@@U?$TComparerBinaryHash@D@234@@tl@4@@Z 0040411a f   umodsys_lib_basesys:umodsys.basesys.rparameters.obj
 0001:000031bb       ?add@RParameters@rsystem@base@UModSys@@UAE_NPAUSParametersData@core@4@PBD1@Z 004041bb f   umodsys_lib_basesys:umodsys.basesys.rparameters.obj
 0001:000031d1       ?add@RParameters@rsystem@base@UModSys@@UAE_NPAUSParametersData@core@4@PBDH@Z 004041d1 f   umodsys_lib_basesys:umodsys.basesys.rparameters.obj
 0001:000031e8       ?add@RParameters@rsystem@base@UModSys@@UAE_NPAUSParametersData@core@4@PBDABN@Z 004041e8 f   umodsys_lib_basesys:umodsys.basesys.rparameters.obj
 0001:000031fe       ?add@RParameters@rsystem@base@UModSys@@UAE_NPAUSParametersData@core@4@PBDPAUIRefObject@64@@Z 004041fe f   umodsys_lib_basesys:umodsys.basesys.rparameters.obj
 0001:00003215       ?get@RParameters@rsystem@base@UModSys@@UAE_NPBUSParametersData@core@4@PBDAAPBD@Z 00404215 f   umodsys_lib_basesys:umodsys.basesys.rparameters.obj
 0001:00003269       ?get@RParameters@rsystem@base@UModSys@@UAE_NPBUSParametersData@core@4@PBDAAH@Z 00404269 f   umodsys_lib_basesys:umodsys.basesys.rparameters.obj
 0001:000032bd       ?get@RParameters@rsystem@base@UModSys@@UAE_NPBUSParametersData@core@4@PBDAAN@Z 004042bd f   umodsys_lib_basesys:umodsys.basesys.rparameters.obj
 0001:00003311       ?get@RParameters@rsystem@base@UModSys@@UAE_NPBUSParametersData@core@4@PBDAAPAUIRefObject@64@@Z 00404311 f   umodsys_lib_basesys:umodsys.basesys.rparameters.obj
 0001:00003365       ??4?$TString@U?$TSCoreConst@D@su@tl@UModSys@@U?$TComparerBinaryHash@D@234@@tl@UModSys@@QAEABU012@PBD@Z 00404365 f i umodsys_lib_basesys:umodsys.basesys.rparameters.obj
 0001:00003386       ??$shash@D@su@tl@UModSys@@YAHPBD@Z 00404386 f i umodsys_lib_basesys:umodsys.basesys.rparameters.obj
 0001:000033a2       ??$t_alloc@UIMemAlloc@core@UModSys@@@SMemChunk@core@UModSys@@QAE_NAAUIMemAlloc@12@IPBUSSourceContext@12@@Z 004043a2 f i umodsys_lib_basesys:umodsys.basesys.rparameters.obj
 0001:00003463       ?pfd_load@RModuleLibrarySO@rsystem@base@UModSys@@SAPAUIModuleLibraryReg@34@PAUPFD_Data@1234@ABU?$TString@U?$TSCoreConst@D@su@tl@UModSys@@U?$TComparerBinaryHash@D@234@@tl@4@@Z 00404463 f   umodsys_lib_basesys:umodsys.basesys.rmodule.win32.obj
 0001:0000351d       ?pfd_unload@RModuleLibrarySO@rsystem@base@UModSys@@SA_NPAUPFD_Data@1234@@Z 0040451d f   umodsys_lib_basesys:umodsys.basesys.rmodule.win32.obj
 0001:00003776       ??0?$U16String@$0BAAA@@syshlp@core@UModSys@@QAE@PBD@Z 00404776 f i umodsys_lib_basesys:umodsys.basesys.rmodule.win32.obj
 0001:000037a7       ?get_interface_info@RModule@rsystem@base@UModSys@@UBEABUSUniquePointerInfo@core@4@XZ 004047a7 f i umodsys_lib_basesys:umodsys.basesys.rmodule.obj
 0001:000037ad       ?get_interface_type@RModule@rsystem@base@UModSys@@UBEPBUSUniquePointerInfo@core@4@XZ 004047ad f i umodsys_lib_basesys:umodsys.basesys.rmodule.obj
 0001:000037b3       ?get_other_interface@RModule@rsystem@base@UModSys@@UBEPBUIRoot@core@4@PBUSUniquePointerInfo@64@@Z 004047b3 f i umodsys_lib_basesys:umodsys.basesys.rmodule.obj
 0001:000037b3       ?get_other_interface@RModule@rsystem@base@UModSys@@UAEPAUIRoot@core@4@PBUSUniquePointerInfo@64@@Z 004047b3 f i umodsys_lib_basesys:umodsys.basesys.rmodule.obj
 0001:000037d4       ?ref_add@RModule@rsystem@base@UModSys@@UBEXXZ 004047d4 f i umodsys_lib_basesys:umodsys.basesys.rmodule.obj
 0001:000037d8       ?ref_remove@RModule@rsystem@base@UModSys@@UBEXXZ 004047d8 f i umodsys_lib_basesys:umodsys.basesys.rmodule.obj
 0001:000037e3       ?ref_links@RModule@rsystem@base@UModSys@@UBEHXZ 004047e3 f i umodsys_lib_basesys:umodsys.basesys.rmodule.obj
 0001:000037e7       ?suicide@RModule@rsystem@base@UModSys@@UAEXXZ 004047e7 f i umodsys_lib_basesys:umodsys.basesys.rmodule.obj
 0001:0000382a       ?get_library@RModule@rsystem@base@UModSys@@UBEPAUIModuleLibrary@34@XZ 0040482a f   umodsys_lib_basesys:umodsys.basesys.rmodule.obj
 0001:0000382e       ?get_info@RModule@rsystem@base@UModSys@@UBEABUSModuleInfo@34@XZ 0040482e f   umodsys_lib_basesys:umodsys.basesys.rmodule.obj
 0001:00003832       ?is_open@RModule@rsystem@base@UModSys@@UBE_NXZ 00404832 f   umodsys_lib_basesys:umodsys.basesys.rmodule.obj
 0001:0000384b       ?open@RModule@rsystem@base@UModSys@@UAE_NXZ 0040484b f   umodsys_lib_basesys:umodsys.basesys.rmodule.obj
 0001:0000389b       ?close@RModule@rsystem@base@UModSys@@UAE_NXZ 0040489b f   umodsys_lib_basesys:umodsys.basesys.rmodule.obj
 0001:000038d8       ?reg@RModule@rsystem@base@UModSys@@UAE_NPAUIModObject@34@_N@Z 004048d8 f   umodsys_lib_basesys:umodsys.basesys.rmodule.obj
 0001:00003902       ?reg@RModule@rsystem@base@UModSys@@UAE_NPAUIGenerator@34@_N@Z 00404902 f   umodsys_lib_basesys:umodsys.basesys.rmodule.obj
 0001:00003944       ?mod_findobjname@RModule@rsystem@base@UModSys@@UAEIPBUSUniquePointerInfo@core@4@QAPBU564@IPBD@Z 00404944 f   umodsys_lib_basesys:umodsys.basesys.rmodule.obj
 0001:00003a36       ?mod_generate@RModule@rsystem@base@UModSys@@UAE_NAAU?$TRefObject@UIRefObject@core@UModSys@@@tl@4@PBUSUniquePointerInfo@core@4@ABUSParameters@84@@Z 00404a36 f   umodsys_lib_basesys:umodsys.basesys.rmodule.obj
 0001:00003b28       ?reg_generator@RModule@rsystem@base@UModSys@@QAE_NPAUModuleObjInfo@1234@PAUIGenerator@34@@Z 00404b28 f   umodsys_lib_basesys:umodsys.basesys.rmodule.obj
 0001:00003c8c       ?reg_obj@RModule@rsystem@base@UModSys@@QAEPAUModuleObjInfo@1234@PAUIModObject@34@@Z 00404c8c f   umodsys_lib_basesys:umodsys.basesys.rmodule.obj
 0001:00003d80       ?unreg_obj@RModule@rsystem@base@UModSys@@QAE_NPAUIModObject@34@@Z 00404d80 f   umodsys_lib_basesys:umodsys.basesys.rmodule.obj
 0001:00003e12       ?alloc_minfo@RModule@rsystem@base@UModSys@@QAE_NABUSModuleInfo@34@@Z 00404e12 f   umodsys_lib_basesys:umodsys.basesys.rmodule.obj
 0001:00003e85       ?save_db@RModule@rsystem@base@UModSys@@QAE_NPAU_iobuf@@@Z 00404e85 f   umodsys_lib_basesys:umodsys.basesys.rmodule.obj
 0001:00004000       ??0RModule@rsystem@base@UModSys@@QAE@PAUIModuleLibraryUni@123@PAUIModuleReg@23@@Z 00405000 f   umodsys_lib_basesys:umodsys.basesys.rmodule.obj
 0001:0000409e       ??_ERModule@rsystem@base@UModSys@@UAEPAXI@Z 0040509e f i  CIL library: CIL module
 0001:0000409e       ??_GRModule@rsystem@base@UModSys@@UAEPAXI@Z 0040509e f i umodsys_lib_basesys:umodsys.basesys.rmodule.obj
 0001:000040da       ??1?$TDynarrayDynamic@UModuleObjInfo@RModule@rsystem@base@UModSys@@U?$TAllocator@USMemAlloc_Malloc@core@UModSys@@USCountCalcPower2@23@@tl@5@@tl@UModSys@@QAE@XZ 004050da f i umodsys_lib_basesys:umodsys.basesys.rmodule.obj
 0001:000040df       ??1?$TDynarrayDynamic@UGeneratedObjInfo@RModule@rsystem@base@UModSys@@U?$TAllocator@USMemAlloc_Malloc@core@UModSys@@USCountCalcPower2@23@@tl@5@@tl@UModSys@@QAE@XZ 004050df f i umodsys_lib_basesys:umodsys.basesys.rmodule.obj
 0001:000040e4       ??1?$TDynarrayDynamic@PBUSUniquePointerInfo@core@UModSys@@U?$TAllocator@USMemAlloc_Malloc@core@UModSys@@USCountCalcPower2@23@@tl@3@@tl@UModSys@@QAE@XZ 004050e4 f i umodsys_lib_basesys:umodsys.basesys.rmodule.obj
 0001:000040e9       ??1?$TDynarray@U?$TDynarrayHolderDynamic@UModuleObjInfo@RModule@rsystem@base@UModSys@@U?$TAllocator@USMemAlloc_Malloc@core@UModSys@@USCountCalcPower2@23@@tl@5@@tl@UModSys@@@tl@UModSys@@QAE@XZ 004050e9 f i umodsys_lib_basesys:umodsys.basesys.rmodule.obj
 0001:00004127       ??1?$TDynarray@U?$TDynarrayHolderDynamic@UGeneratedObjInfo@RModule@rsystem@base@UModSys@@U?$TAllocator@USMemAlloc_Malloc@core@UModSys@@USCountCalcPower2@23@@tl@5@@tl@UModSys@@@tl@UModSys@@QAE@XZ 00405127 f i umodsys_lib_basesys:umodsys.basesys.rmodule.obj
 0001:00004162       ??1?$TDynarray@U?$TDynarrayHolderDynamic@PBUSUniquePointerInfo@core@UModSys@@U?$TAllocator@USMemAlloc_Malloc@core@UModSys@@USCountCalcPower2@23@@tl@3@@tl@UModSys@@@tl@UModSys@@QAE@XZ 00405162 f i umodsys_lib_basesys:umodsys.basesys.rmodule.obj
 0001:0000419d       ?ResizeRel@?$TDynarray@U?$TDynarrayHolderDynamic@UModuleObjInfo@RModule@rsystem@base@UModSys@@U?$TAllocator@USMemAlloc_Malloc@core@UModSys@@USCountCalcPower2@23@@tl@5@@tl@UModSys@@@tl@UModSys@@QAE_NH@Z 0040519d f i umodsys_lib_basesys:umodsys.basesys.rmodule.obj
 0001:0000421f       ?ResizeRel@?$TDynarray@U?$TDynarrayHolderDynamic@UGeneratedObjInfo@RModule@rsystem@base@UModSys@@U?$TAllocator@USMemAlloc_Malloc@core@UModSys@@USCountCalcPower2@23@@tl@5@@tl@UModSys@@@tl@UModSys@@QAE_NH@Z 0040521f f i umodsys_lib_basesys:umodsys.basesys.rmodule.obj
 0001:000042a2       ?ResizeRel@?$TDynarray@U?$TDynarrayHolderDynamic@PBUSUniquePointerInfo@core@UModSys@@U?$TAllocator@USMemAlloc_Malloc@core@UModSys@@USCountCalcPower2@23@@tl@3@@tl@UModSys@@@tl@UModSys@@QAE_NH@Z 004052a2 f i umodsys_lib_basesys:umodsys.basesys.rmodule.obj
 0001:000042ff       ??$wildcmp@D@su@tl@UModSys@@YA_NPBD0@Z 004052ff f i umodsys_lib_basesys:umodsys.basesys.rmodule.obj
 0001:00004377       ?get_interface_info@RModuleLibrarySO@rsystem@base@UModSys@@UBEABUSUniquePointerInfo@core@4@XZ 00405377 f i umodsys_lib_basesys:umodsys.basesys.rmodulelibso.obj
 0001:0000437d       ?get_interface_type@RModuleLibrarySO@rsystem@base@UModSys@@UBEPBUSUniquePointerInfo@core@4@XZ 0040537d f i umodsys_lib_basesys:umodsys.basesys.rmodulelibso.obj
 0001:00004383       ?get_interface_types@RStreamWriter_FILE@stdio@media@modules@UModSys@@UBEIAAUSUniquePtrList@core@5@@Z 00405383 f i umodsys_lib_libmedia:umodsys.mod.media.stdio.obj
 0001:00004383       ?get_interface_types@RConsole_std@rsystem@base@UModSys@@UBEIAAUSUniquePtrList@core@4@@Z 00405383 f i umodsys_lib_basesys:umodsys.basesys.rconsole_std.obj
 0001:00004383       ?get_interface_types@RSystem@rsystem@base@UModSys@@UBEIAAUSUniquePtrList@core@4@@Z 00405383 f i umodsys_lib_basesys:umodsys.basesys.rsystem_main.obj
 0001:00004383       ?get_interface_types@RModuleLibraryThis@rsystem@base@UModSys@@UBEIAAUSUniquePtrList@core@4@@Z 00405383 f i umodsys_lib_basesys:umodsys.basesys.rmodulelibthis.obj
 0001:00004383       ?get_interface_types@RModuleLibrarySO@rsystem@base@UModSys@@UBEIAAUSUniquePtrList@core@4@@Z 00405383 f i umodsys_lib_basesys:umodsys.basesys.rmodulelibso.obj
 0001:00004383       ?get_interface_types@RStreamReader_FILE@stdio@media@modules@UModSys@@UBEIAAUSUniquePtrList@core@5@@Z 00405383 f i umodsys_lib_libmedia:umodsys.mod.media.stdio.obj
 0001:00004383       ?get_interface_types@RParameters@rsystem@base@UModSys@@UBEIAAUSUniquePtrList@core@4@@Z 00405383 f i umodsys_lib_basesys:umodsys.basesys.rparameters.obj
 0001:00004383       ?get_interface_types@RModule@rsystem@base@UModSys@@UBEIAAUSUniquePtrList@core@4@@Z 00405383 f i umodsys_lib_basesys:umodsys.basesys.rmodule.obj
 0001:00004383       ?get_interface_types@RGenerator@stdio@media@modules@UModSys@@UBEIAAUSUniquePtrList@core@5@@Z 00405383 f i umodsys_lib_libmedia:umodsys.mod.media.stdio.obj
 0001:00004388       ?get_other_interface@RModuleLibrarySO@rsystem@base@UModSys@@UAEPAUIRoot@core@4@PBUSUniquePointerInfo@64@@Z 00405388 f i umodsys_lib_basesys:umodsys.basesys.rmodulelibso.obj
 0001:00004388       ?get_other_interface@RModuleLibrarySO@rsystem@base@UModSys@@UBEPBUIRoot@core@4@PBUSUniquePointerInfo@64@@Z 00405388 f i umodsys_lib_basesys:umodsys.basesys.rmodulelibso.obj
 0001:000043b1       ?ref_add@RModuleLibrarySO@rsystem@base@UModSys@@UBEXXZ 004053b1 f i umodsys_lib_basesys:umodsys.basesys.rmodulelibso.obj
 0001:000043b5       ?ref_remove@RModuleLibrarySO@rsystem@base@UModSys@@UBEXXZ 004053b5 f i umodsys_lib_basesys:umodsys.basesys.rmodulelibso.obj
 0001:000043c0       ?ref_links@RModuleLibrarySO@rsystem@base@UModSys@@UBEHXZ 004053c0 f i umodsys_lib_basesys:umodsys.basesys.rmodulelibso.obj
 0001:000043c4       ?suicide@RModuleLibrarySO@rsystem@base@UModSys@@UAEXXZ 004053c4 f i umodsys_lib_basesys:umodsys.basesys.rmodulelibso.obj
 0001:000043d2       ?uni_load@RModuleLibrarySO@rsystem@base@UModSys@@UAE_NXZ 004053d2 f   umodsys_lib_basesys:umodsys.basesys.rmodulelibso.obj
 0001:00004406       ?uni_unload@RModuleLibrarySO@rsystem@base@UModSys@@UAE_NXZ 00405406 f   umodsys_lib_basesys:umodsys.basesys.rmodulelibso.obj
 0001:00004411       ?uni_open@RModuleLibrarySO@rsystem@base@UModSys@@UAE_NXZ 00405411 f   umodsys_lib_basesys:umodsys.basesys.rmodulelibso.obj
 0001:00004433       ?uni_close@RModuleLibrarySO@rsystem@base@UModSys@@UAE_NXZ 00405433 f   umodsys_lib_basesys:umodsys.basesys.rmodulelibso.obj
 0001:00004443       ?s_add@RModuleLibrarySO@rsystem@base@UModSys@@SA_NPAUISystem@34@AAU?$TDynarrayDynamic@U?$TRefObject@URModuleLibrarySO@rsystem@base@UModSys@@@tl@UModSys@@U?$TAllocator@USMemAlloc_Malloc@core@UModSys@@USCountCalcPower2@23@@23@@tl@4@PBD@Z 00405443 f   umodsys_lib_basesys:umodsys.basesys.rmodulelibso.obj
 0001:000045b6       ??_GRModuleLibrarySO@rsystem@base@UModSys@@UAEPAXI@Z 004055b6 f i umodsys_lib_basesys:umodsys.basesys.rmodulelibso.obj
 0001:000045b6       ??_ERModuleLibrarySO@rsystem@base@UModSys@@UAEPAXI@Z 004055b6 f i  CIL library: CIL module
 0001:000045f8       ?set@?$TString@U?$TSCoreShared@USMemAlloc_Malloc@core@UModSys@@D@su@tl@UModSys@@U?$TComparerBinaryHash@D@234@@tl@UModSys@@QAEXPBD@Z 004055f8 f i umodsys_lib_basesys:umodsys.basesys.rmodulelibso.obj
 0001:0000466f       ?Link@SModuleContext@base@UModSys@@QAEXPAUISystem@23@PAUIMemAlloc@core@3@@Z 0040566f f   umodsys_lib_base:umodsys.base.modulecontext.obj
 0001:000046af       ?s_get@SModuleRegChain@base@UModSys@@SAPAUIModuleReg@23@I@Z 004056af f   umodsys_lib_base:umodsys.base.moduleregchain.obj
 0001:000046d3       ?mlr_count@RModuleLibraryReg_Chain@base@UModSys@@UBEIXZ 004056d3 f   umodsys_lib_base:umodsys.base.moduleregchain.obj
 0001:000046e6       ?mlr_get@RModuleLibraryReg_Chain@base@UModSys@@UBEPAUIModuleReg@23@I@Z 004056e6 f   umodsys_lib_base:umodsys.base.moduleregchain.obj
 0001:000046f3       ?mlr_open@RModuleLibraryReg_Chain@base@UModSys@@UAE_NPAUISystem@23@PAUIMemAlloc@core@3@@Z 004056f3 f   umodsys_lib_base:umodsys.base.moduleregchain.obj
 0001:00004719       ?mlr_close@RModuleLibraryReg_Chain@base@UModSys@@UAE_NXZ 00405719 f   umodsys_lib_base:umodsys.base.moduleregchain.obj
 0001:00004746       ?mlr_isopen@RModuleLibraryReg_Chain@base@UModSys@@UBE_NXZ 00405746 f   umodsys_lib_base:umodsys.base.moduleregchain.obj
 0001:00004752       ??_ERModuleLibraryReg_Chain@base@UModSys@@UAEPAXI@Z 00405752 f i  CIL library: CIL module
 0001:00004752       ??_EIModuleLibraryReg@base@UModSys@@UAEPAXI@Z 00405752 f i  CIL library: CIL module
 0001:00004752       ??_GRModuleLibraryReg_Chain@base@UModSys@@UAEPAXI@Z 00405752 f i umodsys_lib_base:umodsys.base.moduleregchain.obj
 0001:00004752       ??_GIModuleLibraryReg@base@UModSys@@UAEPAXI@Z 00405752 f i umodsys_lib_base:umodsys.base.modulereg.obj
 0001:0000476f       _UModSys_Plugin_Entry2@0   0040576f f   umodsys_lib_base:umodsys.so_main.win32.obj
 0001:00004775       ?mr_isopen@IModuleReg@base@UModSys@@UBE_NXZ 00405775 f   umodsys_lib_base:umodsys.base.modulereg.obj
 0001:0000477e       ?mr_open@IModuleReg@base@UModSys@@UAE_NXZ 0040577e f   umodsys_lib_base:umodsys.base.modulereg.obj
 0001:00004799       ?mr_close@IModuleReg@base@UModSys@@UAE_NXZ 00405799 f   umodsys_lib_base:umodsys.base.modulereg.obj
 0001:000047a6       ??1IModuleLoader@base@UModSys@@UAE@XZ 004057a6 f   umodsys_lib_base:umodsys.base.moduleloader.obj
 0001:000047ad       ??0SUniquePointer@core@UModSys@@QAE@PBD0H@Z 004057ad f   umodsys_lib_core:umodsys.core.uniqueptr.obj
 0001:000047ed       ??1SModuleRegChain@base@UModSys@@QAE@XZ 004057ed f   umodsys_lib_base:umodsys.base.moduleregchain.obj
 0001:000047ed       ??1SUniquePointer@core@UModSys@@QAE@XZ 004057ed f   umodsys_lib_core:umodsys.core.uniqueptr.obj
 0001:0000480b       ?s_resolve@SUniquePointer@core@UModSys@@SAXPAUIUniquePointerResolver@23@@Z 0040580b f   umodsys_lib_core:umodsys.core.uniqueptr.obj
 0001:00004848       ?s_unresolve@SUniquePointer@core@UModSys@@SAXPAUIUniquePointerResolver@23@@Z 00405848 f   umodsys_lib_core:umodsys.core.uniqueptr.obj
 0001:00004873       ?c_fopen@syshlp@core@UModSys@@YAPAU_iobuf@@PBD0@Z 00405873 f   umodsys_lib_core:umodsys.core.syshlp_files.win32.obj
 0001:000048e1       ?c_fopentemp@syshlp@core@UModSys@@YAPAU_iobuf@@AAPADPBD@Z 004058e1 f   umodsys_lib_core:umodsys.core.syshlp_files.win32.obj
 0001:0000496b       ?c_fendtemp@syshlp@core@UModSys@@YA_NAAPAU_iobuf@@AAPAD_N@Z 0040596b f   umodsys_lib_core:umodsys.core.syshlp_files.win32.obj
 0001:00004a02       ??3IRoot@core@UModSys@@SAXPAXABUSIMemAlloc@12@@Z 00405a02 f   umodsys_lib_core:umodsys.core.objects.obj
 0001:00004a10       ?Set@?$TSet@U?$TArray@PBUSUniquePointerInfo@core@UModSys@@@tl@UModSys@@U?$TScalarCompare@PBUSUniquePointerInfo@core@UModSys@@@core@3@@tl@UModSys@@QAE_NABQBUSUniquePointerInfo@core@3@@Z 00405a10 f i umodsys_lib_core:umodsys.core.uniqueptrlist.obj
 0001:00004a80       ?gracial_cpy@syshlp@core@UModSys@@YA_NPADHQAPBDH@Z 00405a80 f   umodsys_lib_core:umodsys.core.syshlp_chars.win32.obj
 0001:00004b03       ?gracial_cpy@syshlp@core@UModSys@@YA_NPA_WHQAPB_WH@Z 00405b03 f   umodsys_lib_core:umodsys.core.syshlp_chars.win32.obj
 0001:00004b93       ?path_uni_os@syshlp@core@UModSys@@YAXPA_W@Z 00405b93 f   umodsys_lib_core:umodsys.core.syshlp_chars.win32.obj
 0001:00004baa       ?gracial_convert@syshlp@core@UModSys@@YA_NPA_WHPBDH@Z 00405baa f   umodsys_lib_core:umodsys.core.syshlp_charcode.win32.obj
 0001:00004bd7       ?gracial_convert@syshlp@core@UModSys@@YA_NPADHPB_WH@Z 00405bd7 f   umodsys_lib_core:umodsys.core.syshlp_charcode.win32.obj
 0001:00004c07       __onexit                   00405c07 f   MSVCRT:atonexit.obj
 0001:00004cac       _atexit                    00405cac f   MSVCRT:atonexit.obj
 0001:00004f65       _mainCRTStartup            00405f65 f   MSVCRT:crtexe.obj
 0001:00004f70       __purecall                 00405f70 f   MSVCRT:MSVCR90.dll
 0001:00004f76       ??3@YAXPAX@Z               00405f76 f   MSVCRT:MSVCR90.dll
 0001:00004f7c       ??_Etype_info@@UAEPAXI@Z   00405f7c f i MSVCRT:ti_inst.obj
 0001:00004fc8       __unlock                   00405fc8 f   MSVCRT:MSVCR90.dll
 0001:00004fce       ___dllonexit               00405fce f   MSVCRT:MSVCR90.dll
 0001:00004fd4       __lock                     00405fd4 f   MSVCRT:MSVCR90.dll
 0001:00004fdc       __SEH_prolog4              00405fdc f   MSVCRT:sehprolg4.obj
 0001:00005021       __SEH_epilog4              00406021 f   MSVCRT:sehprolg4.obj
 0001:00005035       __except_handler4          00406035 f   MSVCRT:chandler4gs.obj
 0001:0000505a       ?__CxxUnhandledExceptionFilter@@YGJPAU_EXCEPTION_POINTERS@@@Z 0040605a f   MSVCRT:unhandld.obj
 0001:0000509c       ___CxxSetUnhandledExceptionFilter 0040609c f   MSVCRT:unhandld.obj
 0001:000050aa       __amsg_exit                004060aa f   MSVCRT:MSVCR90.dll
 0001:000050b0       __RTC_Initialize           004060b0 f   MSVCRT:_initsect_.obj
 0001:000050d6       __RTC_Terminate            004060d6 f   MSVCRT:_initsect_.obj
 0001:000050fc       __XcptFilter               004060fc f   MSVCRT:MSVCR90.dll
 0001:00005110       __ValidateImageBase        00406110 f   MSVCRT:pesect.obj
 0001:00005150       __FindPESection            00406150 f   MSVCRT:pesect.obj
 0001:000051a0       __IsNonwritableInCurrentImage 004061a0 f   MSVCRT:pesect.obj
 0001:0000525e       __initterm                 0040625e f   MSVCRT:MSVCR90.dll
 0001:00005264       __initterm_e               00406264 f   MSVCRT:MSVCR90.dll
 0001:0000526a       __setdefaultprecision      0040626a f   MSVCRT:fp8.obj
 0001:00005295       ___security_init_cookie    00406295 f   MSVCRT:gs_support.obj
 0001:0000532b       ?__ArrayUnwind@@YGXPAXIHP6EX0@Z@Z 0040632b f   MSVCRT:ehvecdtr.obj
 0001:00005389       ??_M@YGXPAXIHP6EX0@Z@Z     00406389 f   MSVCRT:ehvecdtr.obj
 0001:000053ec       @__security_check_cookie@4 004063ec f   MSVCRT:secchk.obj
 0001:000053fc       __except_handler4_common   004063fc f   MSVCRT:MSVCR90.dll
 0001:00005402       ?terminate@@YAXXZ          00406402 f   MSVCRT:MSVCR90.dll
 0001:00005408       __invoke_watson            00406408 f   MSVCRT:MSVCR90.dll
 0001:0000540e       __controlfp_s              0040640e f   MSVCRT:MSVCR90.dll
 0001:00005414       ?_type_info_dtor_internal_method@type_info@@QAEXXZ 00406414 f   MSVCRT:MSVCR90.dll
 0001:00005414       ??1type_info@@UAE@XZ       00406414 f   MSVCRT:MSVCR90.dll
 0001:0000541a       ___report_gsfailure        0040641a f   MSVCRT:gs_report.obj
 0001:00005520       __crt_debugger_hook        00406520 f   MSVCRT:MSVCR90.dll
 0001:00005526       _memcpy                    00406526 f   MSVCRT:MSVCR90.dll
 0001:00005530       __alloca_probe             00406530     MSVCRT:chkstk.obj
 0001:00005530       __chkstk                   00406530 f   MSVCRT:chkstk.obj
 0001:0000555c       ___CxxFrameHandler3        0040655c f   MSVCRT:MSVCR90.dll
 0001:00005564       __EH_prolog                00406564 f   MSVCRT:ehprolog.obj
 0001:00005584       __CxxThrowException@8      00406584 f   MSVCRT:MSVCR90.dll
 0002:00000000       __imp__UnhandledExceptionFilter@4 00407000     kernel32:KERNEL32.dll
 0002:00000004       __imp__GetCurrentProcess@0 00407004     kernel32:KERNEL32.dll
 0002:00000008       __imp__TerminateProcess@8  00407008     kernel32:KERNEL32.dll
 0002:0000000c       __imp__GetSystemTimeAsFileTime@4 0040700c     kernel32:KERNEL32.dll
 0002:00000010       __imp__GetCurrentProcessId@0 00407010     kernel32:KERNEL32.dll
 0002:00000014       __imp__GetCurrentThreadId@0 00407014     kernel32:KERNEL32.dll
 0002:00000018       __imp__GetTickCount@0      00407018     kernel32:KERNEL32.dll
 0002:0000001c       __imp__QueryPerformanceCounter@4 0040701c     kernel32:KERNEL32.dll
 0002:00000020       __imp__SetUnhandledExceptionFilter@4 00407020     kernel32:KERNEL32.dll
 0002:00000024       __imp__InterlockedCompareExchange@12 00407024     kernel32:KERNEL32.dll
 0002:00000028       __imp__Sleep@4             00407028     kernel32:KERNEL32.dll
 0002:0000002c       __imp__InterlockedExchange@8 0040702c     kernel32:KERNEL32.dll
 0002:00000030       __imp__MultiByteToWideChar@24 00407030     kernel32:KERNEL32.dll
 0002:00000034       __imp__WideCharToMultiByte@32 00407034     kernel32:KERNEL32.dll
 0002:00000038       __imp__SetConsoleOutputCP@4 00407038     kernel32:KERNEL32.dll
 0002:0000003c       __imp__GetLastError@0      0040703c     kernel32:KERNEL32.dll
 0002:00000040       __imp__GetConsoleOutputCP@0 00407040     kernel32:KERNEL32.dll
 0002:00000044       __imp__FindNextFileW@8     00407044     kernel32:KERNEL32.dll
 0002:00000048       __imp__FindClose@4         00407048     kernel32:KERNEL32.dll
 0002:0000004c       __imp__GetProcAddress@8    0040704c     kernel32:KERNEL32.dll
 0002:00000050       __imp__GetModuleFileNameW@12 00407050     kernel32:KERNEL32.dll
 0002:00000054       __imp__GetModuleHandleW@4  00407054     kernel32:KERNEL32.dll
 0002:00000058       __imp__LoadLibraryExW@12   00407058     kernel32:KERNEL32.dll
 0002:0000005c       __imp__FreeLibrary@4       0040705c     kernel32:KERNEL32.dll
 0002:00000060       __imp__SetErrorMode@4      00407060     kernel32:KERNEL32.dll
 0002:00000064       __imp__FindFirstFileW@8    00407064     kernel32:KERNEL32.dll
 0002:00000068       __imp__GetFullPathNameW@16 00407068     kernel32:KERNEL32.dll
 0002:0000006c       __imp__IsDebuggerPresent@0 0040706c     kernel32:KERNEL32.dll
 0002:00000070       \177KERNEL32_NULL_THUNK_DATA 00407070     kernel32:KERNEL32.dll
 0002:00000074       __imp___XcptFilter         00407074     MSVCRT:MSVCR90.dll
 0002:00000078       __imp__exit                00407078     MSVCRT:MSVCR90.dll
 0002:0000007c       __imp____initenv           0040707c     MSVCRT:MSVCR90.dll
 0002:00000080       __imp___initterm           00407080     MSVCRT:MSVCR90.dll
 0002:00000084       __imp___initterm_e         00407084     MSVCRT:MSVCR90.dll
 0002:00000088       __imp___configthreadlocale 00407088     MSVCRT:MSVCR90.dll
 0002:0000008c       __imp____setusermatherr    0040708c     MSVCRT:MSVCR90.dll
 0002:00000090       __imp___adjust_fdiv        00407090     MSVCRT:MSVCR90.dll
 0002:00000094       __imp___exit               00407094     MSVCRT:MSVCR90.dll
 0002:00000098       __imp____p__fmode          00407098     MSVCRT:MSVCR90.dll
 0002:0000009c       __imp____set_app_type      0040709c     MSVCRT:MSVCR90.dll
 0002:000000a0       __imp___except_handler4_common 004070a0     MSVCRT:MSVCR90.dll
 0002:000000a4       __imp_?terminate@@YAXXZ    004070a4     MSVCRT:MSVCR90.dll
 0002:000000a8       __imp___invoke_watson      004070a8     MSVCRT:MSVCR90.dll
 0002:000000ac       __imp___controlfp_s        004070ac     MSVCRT:MSVCR90.dll
 0002:000000b0       __imp_?_type_info_dtor_internal_method@type_info@@QAEXXZ 004070b0     MSVCRT:MSVCR90.dll
 0002:000000b4       __imp___crt_debugger_hook  004070b4     MSVCRT:MSVCR90.dll
 0002:000000b8       __imp___cexit              004070b8     MSVCRT:MSVCR90.dll
 0002:000000bc       __imp____getmainargs       004070bc     MSVCRT:MSVCR90.dll
 0002:000000c0       __imp___amsg_exit          004070c0     MSVCRT:MSVCR90.dll
 0002:000000c4       __imp___decode_pointer     004070c4     MSVCRT:MSVCR90.dll
 0002:000000c8       __imp___onexit             004070c8     MSVCRT:MSVCR90.dll
 0002:000000cc       __imp___lock               004070cc     MSVCRT:MSVCR90.dll
 0002:000000d0       __imp___encode_pointer     004070d0     MSVCRT:MSVCR90.dll
 0002:000000d4       __imp____dllonexit         004070d4     MSVCRT:MSVCR90.dll
 0002:000000d8       __imp___unlock             004070d8     MSVCRT:MSVCR90.dll
 0002:000000dc       __imp__remove              004070dc     MSVCRT:MSVCR90.dll
 0002:000000e0       __imp___wfopen             004070e0     MSVCRT:MSVCR90.dll
 0002:000000e4       __imp__rename              004070e4     MSVCRT:MSVCR90.dll
 0002:000000e8       __imp__realloc             004070e8     MSVCRT:MSVCR90.dll
 0002:000000ec       __imp__fprintf             004070ec     MSVCRT:MSVCR90.dll
 0002:000000f0       __imp__strncpy             004070f0     MSVCRT:MSVCR90.dll
 0002:000000f4       __imp__strncmp             004070f4     MSVCRT:MSVCR90.dll
 0002:000000f8       __imp___snprintf           004070f8     MSVCRT:MSVCR90.dll
 0002:000000fc       __imp__malloc              004070fc     MSVCRT:MSVCR90.dll
 0002:00000100       __imp__free                00407100     MSVCRT:MSVCR90.dll
 0002:00000104       __imp__vfprintf            00407104     MSVCRT:MSVCR90.dll
 0002:00000108       __imp____iob_func          00407108     MSVCRT:MSVCR90.dll
 0002:0000010c       __imp__fclose              0040710c     MSVCRT:MSVCR90.dll
 0002:00000110       __imp__fseek               00407110     MSVCRT:MSVCR90.dll
 0002:00000114       __imp__ftell               00407114     MSVCRT:MSVCR90.dll
 0002:00000118       __imp__fwrite              00407118     MSVCRT:MSVCR90.dll
 0002:0000011c       __imp___fileno             0040711c     MSVCRT:MSVCR90.dll
 0002:00000120       __imp_??3@YAXPAX@Z         00407120     MSVCRT:MSVCR90.dll
 0002:00000124       __imp___purecall           00407124     MSVCRT:MSVCR90.dll
 0002:00000128       __imp__fread               00407128     MSVCRT:MSVCR90.dll
 0002:0000012c       __imp___chsize             0040712c     MSVCRT:MSVCR90.dll
 0002:00000130       __imp____p__commode        00407130     MSVCRT:MSVCR90.dll
 0002:00000134       __imp__fflush              00407134     MSVCRT:MSVCR90.dll
 0002:00000138       __imp__memcpy              00407138     MSVCRT:MSVCR90.dll
 0002:0000013c       __imp____CxxFrameHandler3  0040713c     MSVCRT:MSVCR90.dll
 0002:00000140       __imp___CxxThrowException@8 00407140     MSVCRT:MSVCR90.dll
 0002:00000144       \177MSVCR90_NULL_THUNK_DATA 00407144     MSVCRT:MSVCR90.dll
 0002:00000148       ___xc_a                    00407148     MSVCRT:cinitexe.obj
 0002:0000021c       ___xc_z                    0040721c     MSVCRT:cinitexe.obj
 0002:00000220       ___xi_a                    00407220     MSVCRT:cinitexe.obj
 0002:0000022c       ___xi_z                    0040722c     MSVCRT:cinitexe.obj
 0002:00000234       ??_7type_info@@6B@         00407234     MSVCRT:ti_inst.obj
 0002:00000240       ??_C@_0P@GHFPNOJB@bad?5allocation?$AA@ 00407240     umodsys.c_main.obj
 0002:00000250       ??_C@_0BF@OCNNAADO@UModSys?3?3core?3?3IRoot?$AA@ 00407250     umodsys.c_main.obj
 0002:00000268       ??_C@_0BK@EMIJFOPA@UModSys?3?3core?3?3IRefObject?$AA@ 00407268     umodsys.c_main.obj
 0002:00000284       ??_C@_0BL@IOMMHELF@UModSys?3?3core?3?3IParameters?$AA@ 00407284     umodsys.c_main.obj
 0002:000002a0       ??_C@_0BH@LKDEEPPM@UModSys?3?3base?3?3IModule?$AA@ 004072a0     umodsys.c_main.obj
 0002:000002b8       ??_C@_0BO@PHJOHFCB@UModSys?3?3base?3?3IModuleLibrary?$AA@ 004072b8     umodsys.c_main.obj
 0002:000002d8       ??_C@_0BK@FDPIOPHG@UModSys?3?3base?3?3IModObject?$AA@ 004072d8     umodsys.c_main.obj
 0002:000002f4       ??_C@_0BK@OIBKNCKJ@UModSys?3?3base?3?3IGenerator?$AA@ 004072f4     umodsys.c_main.obj
 0002:00000310       ??_C@_0BG@PJBGCMEC@UModSys?3?3base?3?3IShell?$AA@ 00407310     umodsys.c_main.obj
 0002:00000328       ??_C@_0BI@IKAOEFAP@UModSys?3?3base?3?3IConsole?$AA@ 00407328     umodsys.c_main.obj
 0002:00000340       ??_C@_0BH@PFCONEJJ@UModSys?3?3base?3?3ISystem?$AA@ 00407340     umodsys.c_main.obj
 0002:00000358       ??_C@_0CA@MDFMKLLN@UModSys?3?3base?3?3rsystem?3?3RModule?$AA@ 00407358     umodsys.c_main.obj
 0002:00000378       ??_C@_0CK@MJPNGLHN@UModSys?3?3base?3?3rsystem?3?3IModuleL@ 00407378     umodsys.c_main.obj
 0002:000003a4       ??_C@_0CJ@OPOMMGLJ@UModSys?3?3base?3?3rsystem?3?3RModuleL@ 004073a4     umodsys.c_main.obj
 0002:000003d0       ??_C@_0CL@ILNBAMJF@UModSys?3?3base?3?3rsystem?3?3RModuleL@ 004073d0     umodsys.c_main.obj
 0002:000003fc       ??_C@_0CE@IHGMMEEA@UModSys?3?3base?3?3rsystem?3?3RParamet@ 004073fc     umodsys.c_main.obj
 0002:00000420       ??_C@_0CA@IMEGDANI@UModSys?3?3base?3?3rsystem?3?3RSystem?$AA@ 00407420     umodsys.c_main.obj
 0002:00000440       ??_C@_0CF@KIMLNODL@UModSys?3?3base?3?3rsystem?3?3RConsole@ 00407440     umodsys.c_main.obj
 0002:00000468       ??_C@_0M@DCEPEPFJ@umodsys?4log?$AA@ 00407468     umodsys.c_main.obj
 0002:00000474       ??_C@_00CNPNBAHC@?$AA@     00407474     umodsys.c_main.obj
 0002:00000478       ??_C@_01NBENCBCI@?$CK?$AA@ 00407478     umodsys.c_main.obj
 0002:0000047c       ??_C@_0BC@JABDEAFI@moduledb?4conf?9hdb?$AA@ 0040747c     umodsys.c_main.obj
 0002:00000490       ??_C@_08FCBDOIAH@typeinfo?$AA@ 00407490     umodsys.c_main.obj
 0002:0000049c       ??_C@_0CB@CLGNFEGF@UModSys?3?3libmedia?3?3IStreamReader@ 0040749c     umodsys_lib_libmedia:umodsys.mod.media.stdio.obj
 0002:000004c0       ??_C@_0CB@HOPFFLP@UModSys?3?3libmedia?3?3IStreamWriter@ 004074c0     umodsys_lib_libmedia:umodsys.mod.media.stdio.obj
 0002:000004e4       ??_C@_0CA@BFJGGLCC@UModSys?3?3libmedia?3?3IDataArchive?$AA@ 004074e4     umodsys_lib_libmedia:umodsys.mod.media.stdio.obj
 0002:00000504       ??_C@_0DD@HMDIDEEB@UModSys?3?3modules?3?3media?3?3stdio?3?3@ 00407504     umodsys_lib_libmedia:umodsys.mod.media.stdio.obj
[...]
 0001:000055aa       __unwindfunclet$??1RModuleLoader@rsystem@base@UModSys@@UAE@XZ$1 004065aa f    CIL library: CIL module
 0001:000055b5       __unwindfunclet$??1RModuleLoader@rsystem@base@UModSys@@UAE@XZ$2 004065b5 f    CIL library: CIL module
 0001:000055c0       __ehhandler$??1RModuleLoader@rsystem@base@UModSys@@UAE@XZ 004065c0 f    CIL library: CIL module
 0001:000055ca       __unwindfunclet$??1RSystem@rsystem@base@UModSys@@UAE@XZ$0 004065ca f    CIL library: CIL module
 0001:000055d2       __unwindfunclet$??1RSystem@rsystem@base@UModSys@@UAE@XZ$1 004065d2 f    CIL library: CIL module
 0001:000055df       __unwindfunclet$??1RSystem@rsystem@base@UModSys@@UAE@XZ$2 004065df f    CIL library: CIL module
 0001:000055ea       __unwindfunclet$??1RSystem@rsystem@base@UModSys@@UAE@XZ$3 004065ea f    CIL library: CIL module
 0001:000055f5       __unwindfunclet$??1RSystem@rsystem@base@UModSys@@UAE@XZ$4 004065f5 f    CIL library: CIL module
 0001:00005602       __unwindfunclet$??1RSystem@rsystem@base@UModSys@@UAE@XZ$5 00406602 f    CIL library: CIL module
 0001:0000560d       __ehhandler$??1RSystem@rsystem@base@UModSys@@UAE@XZ 0040660d f    CIL library: CIL module
 0001:00005617       __unwindfunclet$??0RStreamReader_FILE@stdio@media@modules@UModSys@@QAE@PAURGenerator@1234@ABUSParameters@core@4@@Z$0 00406617 f    CIL library: CIL module
 0001:00005617       __unwindfunclet$??0RStreamWriter_FILE@stdio@media@modules@UModSys@@QAE@PAURGenerator@1234@ABUSParameters@core@4@@Z$0 00406617 f    CIL library: CIL module
 0001:0000561f       __ehhandler$??0RStreamReader_FILE@stdio@media@modules@UModSys@@QAE@PAURGenerator@1234@ABUSParameters@core@4@@Z 0040661f f    CIL library: CIL module
 0001:0000561f       __ehhandler$??0RStreamWriter_FILE@stdio@media@modules@UModSys@@QAE@PAURGenerator@1234@ABUSParameters@core@4@@Z 0040661f f    CIL library: CIL module
 0001:00005629       __unwindfunclet$?mem_free@?$TRMemAlloc_CC@U?$TMemAllocHeader@USMagic@mem_headers@rsystem@base@UModSys@@U?$TPool@X@2345@USDebug@2345@UVoid@core@5@@rsystem@base@UModSys@@USMemAlloc_Malloc@core@4@@rsystem@base@UModSys@@UAEXPAXPBUSSourceContext@core@4@@Z$0 00406629 f    CIL library: CIL module
 0001:00005631       __ehhandler$?mem_free@?$TRMemAlloc_CC@U?$TMemAllocHeader@USMagic@mem_headers@rsystem@base@UModSys@@U?$TPool@X@2345@USDebug@2345@UVoid@core@5@@rsystem@base@UModSys@@USMemAlloc_Malloc@core@4@@rsystem@base@UModSys@@UAEXPAXPBUSSourceContext@core@4@@Z 00406631 f    CIL library: CIL module
 0001:0000563b       __unwindfunclet$?mem_realloc@?$TRMemAlloc_CC@U?$TMemAllocHeader@USMagic@mem_headers@rsystem@base@UModSys@@U?$TPool@X@2345@USDebug@2345@UVoid@core@5@@rsystem@base@UModSys@@USMemAlloc_Malloc@core@4@@rsystem@base@UModSys@@UAEPAXPAXIPBUSSourceContext@core@4@@Z$0 0040663b f    CIL library: CIL module
 0001:00005643       __unwindfunclet$?mem_realloc@?$TRMemAlloc_CC@U?$TMemAllocHeader@USMagic@mem_headers@rsystem@base@UModSys@@U?$TPool@X@2345@USDebug@2345@UVoid@core@5@@rsystem@base@UModSys@@USMemAlloc_Malloc@core@4@@rsystem@base@UModSys@@UAEPAXPAXIPBUSSourceContext@core@4@@Z$1 00406643 f    CIL library: CIL module
 0001:0000564b       __ehhandler$?mem_realloc@?$TRMemAlloc_CC@U?$TMemAllocHeader@USMagic@mem_headers@rsystem@base@UModSys@@U?$TPool@X@2345@USDebug@2345@UVoid@core@5@@rsystem@base@UModSys@@USMemAlloc_Malloc@core@4@@rsystem@base@UModSys@@UAEPAXPAXIPBUSSourceContext@core@4@@Z 0040664b f    CIL library: CIL module
 0001:00005655       __unwindfunclet$??$t_gen_param@URStreamReader_FILE@stdio@media@modules@UModSys@@URGenerator@2345@@IGenerator@base@UModSys@@IAE_NPAURGenerator@stdio@media@modules@2@AAU?$TRefObject@UIRefObject@core@UModSys@@@tl@2@PBUSUniquePointerInfo@core@2@ABUSParameters@core@2@@Z$0 00406655 f    CIL library: CIL module
 0001:00005655       __unwindfunclet$??$t_gen_param@URStreamWriter_FILE@stdio@media@modules@UModSys@@URGenerator@2345@@IGenerator@base@UModSys@@IAE_NPAURGenerator@stdio@media@modules@2@AAU?$TRefObject@UIRefObject@core@UModSys@@@tl@2@PBUSUniquePointerInfo@core@2@ABUSParameters@core@2@@Z$0 00406655 f    CIL library: CIL module
 0001:00005662       __unwindfunclet$??$t_gen_param@URStreamReader_FILE@stdio@media@modules@UModSys@@URGenerator@2345@@IGenerator@base@UModSys@@IAE_NPAURGenerator@stdio@media@modules@2@AAU?$TRefObject@UIRefObject@core@UModSys@@@tl@2@PBUSUniquePointerInfo@core@2@ABUSParameters@core@2@@Z$1 00406662 f    CIL library: CIL module
 0001:00005662       __unwindfunclet$??$t_gen_param@URStreamWriter_FILE@stdio@media@modules@UModSys@@URGenerator@2345@@IGenerator@base@UModSys@@IAE_NPAURGenerator@stdio@media@modules@2@AAU?$TRefObject@UIRefObject@core@UModSys@@@tl@2@PBUSUniquePointerInfo@core@2@ABUSParameters@core@2@@Z$1 00406662 f    CIL library: CIL module
 0001:0000566a       __ehhandler$??$t_gen_param@URStreamReader_FILE@stdio@media@modules@UModSys@@URGenerator@2345@@IGenerator@base@UModSys@@IAE_NPAURGenerator@stdio@media@modules@2@AAU?$TRefObject@UIRefObject@core@UModSys@@@tl@2@PBUSUniquePointerInfo@core@2@ABUSParameters@core@2@@Z 0040666a f    CIL library: CIL module
 0001:0000566a       __ehhandler$??$t_gen_param@URStreamWriter_FILE@stdio@media@modules@UModSys@@URGenerator@2345@@IGenerator@base@UModSys@@IAE_NPAURGenerator@stdio@media@modules@2@AAU?$TRefObject@UIRefObject@core@UModSys@@@tl@2@PBUSUniquePointerInfo@core@2@ABUSParameters@core@2@@Z 0040666a f    CIL library: CIL module
 0001:00005674       __unwindfunclet$??_GRStreamWriter_FILE@stdio@media@modules@UModSys@@UAEPAXI@Z$0 00406674 f    CIL library: CIL module
 0001:0000567c       __ehhandler$??_GRStreamWriter_FILE@stdio@media@modules@UModSys@@UAEPAXI@Z 0040667c f    CIL library: CIL module
 0001:00005686       __unwindfunclet$??_GRModuleLibraryThis@rsystem@base@UModSys@@UAEPAXI@Z$0 00406686 f    CIL library: CIL module
 0001:00005686       __unwindfunclet$??_GRModuleLibrarySO@rsystem@base@UModSys@@UAEPAXI@Z$0 00406686 f    CIL library: CIL module
 0001:0000568e       __ehhandler$??_GRModuleLibrarySO@rsystem@base@UModSys@@UAEPAXI@Z 0040668e f    CIL library: CIL module
 0001:0000568e       __ehhandler$??_GRModuleLibraryThis@rsystem@base@UModSys@@UAEPAXI@Z 0040668e f    CIL library: CIL module
 0001:00005698       __unwindfunclet$??0RModule@rsystem@base@UModSys@@QAE@PAUIModuleLibraryUni@123@PAUIModuleReg@23@@Z$0 00406698 f    CIL library: CIL module
 0001:000056a0       __unwindfunclet$??0RModule@rsystem@base@UModSys@@QAE@PAUIModuleLibraryUni@123@PAUIModuleReg@23@@Z$1 004066a0 f    CIL library: CIL module
 0001:000056ab       __unwindfunclet$??0RModule@rsystem@base@UModSys@@QAE@PAUIModuleLibraryUni@123@PAUIModuleReg@23@@Z$2 004066ab f    CIL library: CIL module
 0001:000056b6       __unwindfunclet$??0RModule@rsystem@base@UModSys@@QAE@PAUIModuleLibraryUni@123@PAUIModuleReg@23@@Z$3 004066b6 f    CIL library: CIL module
 0001:000056c1       __ehhandler$??0RModule@rsystem@base@UModSys@@QAE@PAUIModuleLibraryUni@123@PAUIModuleReg@23@@Z 004066c1 f    CIL library: CIL module
 0001:000056cb       __unwindfunclet$?link@IModuleLibraryUni@rsystem@base@UModSys@@QAE_NXZ$0 004066cb f    CIL library: CIL module
 0001:000056d8       __ehhandler$?link@IModuleLibraryUni@rsystem@base@UModSys@@QAE_NXZ 004066d8 f    CIL library: CIL module
 0001:000056e2       __unwindfunclet$?exec_test_shells@RSystem@rsystem@base@UModSys@@QAE_NXZ$0 004066e2 f    CIL library: CIL module
 0001:000056ed       __unwindfunclet$?exec_test_shells@RSystem@rsystem@base@UModSys@@QAE_NXZ$1 004066ed f    CIL library: CIL module
 0001:000056f8       __ehhandler$?exec_test_shells@RSystem@rsystem@base@UModSys@@QAE_NXZ 004066f8 f    CIL library: CIL module
 0001:00005702       __unwindfunclet$?suicide@RStreamWriter_FILE@stdio@media@modules@UModSys@@UAEXXZ$0 00406702 f    CIL library: CIL module
 0001:00005702       __unwindfunclet$?suicide@RStreamReader_FILE@stdio@media@modules@UModSys@@UAEXXZ$0 00406702 f    CIL library: CIL module
 0001:00005702       __unwindfunclet$?suicide@RModule@rsystem@base@UModSys@@UAEXXZ$0 00406702 f    CIL library: CIL module
 0001:00005702       __unwindfunclet$?s_add@RModuleLibrarySO@rsystem@base@UModSys@@SA_NPAUISystem@34@AAU?$TDynarrayDynamic@U?$TRefObject@URModuleLibrarySO@rsystem@base@UModSys@@@tl@UModSys@@U?$TAllocator@USMemAlloc_Malloc@core@UModSys@@USCountCalcPower2@23@@23@@tl@4@PBD@Z$1 00406702 f    CIL library: CIL module
 0001:00005702       __unwindfunclet$??$t_moduledb_generate@UIShell@base@UModSys@@@IModuleLoader@base@UModSys@@QAE_NAAU?$TRefObject@UIShell@base@UModSys@@@tl@2@PBUSUniquePointerInfo@core@2@ABUSParameters@62@@Z$0 00406702 f    CIL library: CIL module
 0001:0000570a       __ehhandler$?suicide@RStreamReader_FILE@stdio@media@modules@UModSys@@UAEXXZ 0040670a f    CIL library: CIL module
 0001:0000570a       __ehhandler$?suicide@RStreamWriter_FILE@stdio@media@modules@UModSys@@UAEXXZ 0040670a f    CIL library: CIL module
 0001:0000570a       __ehhandler$?s_add@RModuleLibrarySO@rsystem@base@UModSys@@SA_NPAUISystem@34@AAU?$TDynarrayDynamic@U?$TRefObject@URModuleLibrarySO@rsystem@base@UModSys@@@tl@UModSys@@U?$TAllocator@USMemAlloc_Malloc@core@UModSys@@USCountCalcPower2@23@@23@@tl@4@PBD@Z 0040670a f    CIL library: CIL module
 0001:0000570a       __ehhandler$??$t_moduledb_generate@UIShell@base@UModSys@@@IModuleLoader@base@UModSys@@QAE_NAAU?$TRefObject@UIShell@base@UModSys@@@tl@2@PBUSUniquePointerInfo@core@2@ABUSParameters@62@@Z 0040670a f    CIL library: CIL module
 0001:0000570a       __ehhandler$?suicide@RModule@rsystem@base@UModSys@@UAEXXZ 0040670a f    CIL library: CIL module
 0001:00005714       ??__E?s_id@?$TObjectUniqueID@UIRoot@core@UModSys@@@tl@UModSys@@2USUniquePointer@core@3@A@@YAXXZ 00406714 f    CIL library: CIL module
 0001:00005736       ??__E?s_id@?$TObjectUniqueID@UIRefObject@core@UModSys@@@tl@UModSys@@2USUniquePointer@core@3@A@@YAXXZ 00406736 f    CIL library: CIL module
 0001:00005758       ??__E?s_id@?$TObjectUniqueID@UIParameters@core@UModSys@@@tl@UModSys@@2USUniquePointer@core@3@A@@YAXXZ 00406758 f    CIL library: CIL module
 0001:0000577a       ??__E?s_id@?$TObjectUniqueID@UIModule@base@UModSys@@@tl@UModSys@@2USUniquePointer@core@3@A@@YAXXZ 0040677a f    CIL library: CIL module
 0001:0000579c       ??__E?s_id@?$TObjectUniqueID@UIModuleLibrary@base@UModSys@@@tl@UModSys@@2USUniquePointer@core@3@A@@YAXXZ 0040679c f    CIL library: CIL module
 0001:000057be       ??__E?s_id@?$TObjectUniqueID@UIModObject@base@UModSys@@@tl@UModSys@@2USUniquePointer@core@3@A@@YAXXZ 004067be f    CIL library: CIL module
 0001:000057e0       ??__E?s_id@?$TObjectUniqueID@UIGenerator@base@UModSys@@@tl@UModSys@@2USUniquePointer@core@3@A@@YAXXZ 004067e0 f    CIL library: CIL module
 0001:00005802       ??__E?s_id@?$TObjectUniqueID@UIShell@base@UModSys@@@tl@UModSys@@2USUniquePointer@core@3@A@@YAXXZ 00406802 f    CIL library: CIL module
 0001:00005824       ??__E?s_id@?$TObjectUniqueID@UIConsole@base@UModSys@@@tl@UModSys@@2USUniquePointer@core@3@A@@YAXXZ 00406824 f    CIL library: CIL module
 0001:00005846       ??__E?s_id@?$TObjectUniqueID@UISystem@base@UModSys@@@tl@UModSys@@2USUniquePointer@core@3@A@@YAXXZ 00406846 f    CIL library: CIL module
 0001:00005868       ??__E?s_id@?$TObjectUniqueID@URModule@rsystem@base@UModSys@@@tl@UModSys@@2USUniquePointer@core@3@A@@YAXXZ 00406868 f    CIL library: CIL module
 0001:0000588a       ??__E?s_id@?$TObjectUniqueID@UIModuleLibraryUni@rsystem@base@UModSys@@@tl@UModSys@@2USUniquePointer@core@3@A@@YAXXZ 0040688a f    CIL library: CIL module
 0001:000058ac       ??__E?s_id@?$TObjectUniqueID@URModuleLibrarySO@rsystem@base@UModSys@@@tl@UModSys@@2USUniquePointer@core@3@A@@YAXXZ 004068ac f    CIL library: CIL module
 0001:000058ce       ??__E?s_id@?$TObjectUniqueID@URModuleLibraryThis@rsystem@base@UModSys@@@tl@UModSys@@2USUniquePointer@core@3@A@@YAXXZ 004068ce f    CIL library: CIL module
 0001:000058f0       ??__E?s_id@?$TObjectUniqueID@URParameters@rsystem@base@UModSys@@@tl@UModSys@@2USUniquePointer@core@3@A@@YAXXZ 004068f0 f    CIL library: CIL module
 0001:00005912       ??__E?s_id@?$TObjectUniqueID@URSystem@rsystem@base@UModSys@@@tl@UModSys@@2USUniquePointer@core@3@A@@YAXXZ 00406912 f    CIL library: CIL module
 0001:00005934       ??__E?s_id@?$TObjectUniqueID@URConsole_std@rsystem@base@UModSys@@@tl@UModSys@@2USUniquePointer@core@3@A@@YAXXZ 00406934 f    CIL library: CIL module
 0001:00005956       ??__E?s_modreg@RModuleReg@stdio@media@modules@UModSys@@2U12345@A@@YAXXZ 00406956 f    CIL library: CIL module
 0001:00005962       ??__E?s_modreg_chain@RModuleReg@stdio@media@modules@UModSys@@2USModuleRegChain@base@5@A@@YAXXZ 00406962 f    CIL library: CIL module
 0001:00005990       ??__E?s_uid@RGenerator@stdio@media@modules@UModSys@@2USUniquePointer@core@5@A@@YAXXZ 00406990 f    CIL library: CIL module
 0001:000059b2       ??__E?s_id@?$TObjectUniqueID@UIStreamReader@libmedia@UModSys@@@tl@UModSys@@2USUniquePointer@core@3@A@@YAXXZ 004069b2 f    CIL library: CIL module
 0001:000059d4       ??__E?s_id@?$TObjectUniqueID@UIStreamWriter@libmedia@UModSys@@@tl@UModSys@@2USUniquePointer@core@3@A@@YAXXZ 004069d4 f    CIL library: CIL module
 0001:000059f6       ??__E?s_id@?$TObjectUniqueID@UIDataArchive@libmedia@UModSys@@@tl@UModSys@@2USUniquePointer@core@3@A@@YAXXZ 004069f6 f    CIL library: CIL module
 0001:00005a18       ??__E?s_id@?$TObjectUniqueID@URStreamReader_FILE@stdio@media@modules@UModSys@@@tl@UModSys@@2USUniquePointer@core@3@A@@YAXXZ 00406a18 f    CIL library: CIL module
 0001:00005a3a       ??__E?s_id@?$TObjectUniqueID@URStreamWriter_FILE@stdio@media@modules@UModSys@@@tl@UModSys@@2USUniquePointer@core@3@A@@YAXXZ 00406a3a f    CIL library: CIL module
 0001:00005a5c       ??__E?s_id@?$TObjectUniqueID@URGenerator@stdio@media@modules@UModSys@@@tl@UModSys@@2USUniquePointer@core@3@A@@YAXXZ 00406a5c f    CIL library: CIL module
 0001:00005a7e       ??__E?s_console@RConsole_std@rsystem@base@UModSys@@2U1234@A@@YAXXZ 00406a7e f    CIL library: CIL module
 0001:00005a8a       ??__E?s_sys@RSystem@rsystem@base@UModSys@@2U1234@A@@YAXXZ 00406a8a f    CIL library: CIL module
 0001:00005a9b       ??__Ersys_dbg@rsystem@base@UModSys@@YAXXZ 00406a9b f    CIL library: CIL module
 0001:00005aa7       ??__EM@UModSys@@YAXXZ      00406aa7 f    CIL library: CIL module
 0001:00005ab3       ??__E?root@SModuleRegChain@base@UModSys@@2U123@A@@YAXXZ 00406ab3 f    CIL library: CIL module
 0001:00005abf       ??__E?s_library@RModuleLibraryReg_Chain@base@UModSys@@2U123@A@@YAXXZ 00406abf f    CIL library: CIL module
 0001:00005acb       ??__E?root@SUniquePointer@core@UModSys@@2U123@A@@YAXXZ 00406acb f    CIL library: CIL module
 0001:00005ad7       ??__F?s_id@?$TObjectUniqueID@URConsole_std@rsystem@base@UModSys@@@tl@UModSys@@2USUniquePointer@core@3@A@@YAXXZ 00406ad7 f    CIL library: CIL module
 0001:00005ae1       ??__F?s_id@?$TObjectUniqueID@URSystem@rsystem@base@UModSys@@@tl@UModSys@@2USUniquePointer@core@3@A@@YAXXZ 00406ae1 f    CIL library: CIL module
 0001:00005aeb       ??__F?s_id@?$TObjectUniqueID@URParameters@rsystem@base@UModSys@@@tl@UModSys@@2USUniquePointer@core@3@A@@YAXXZ 00406aeb f    CIL library: CIL module
 0001:00005af5       ??__F?s_id@?$TObjectUniqueID@URModuleLibraryThis@rsystem@base@UModSys@@@tl@UModSys@@2USUniquePointer@core@3@A@@YAXXZ 00406af5 f    CIL library: CIL module
 0001:00005aff       ??__F?s_id@?$TObjectUniqueID@URModuleLibrarySO@rsystem@base@UModSys@@@tl@UModSys@@2USUniquePointer@core@3@A@@YAXXZ 00406aff f    CIL library: CIL module
 0001:00005b09       ??__F?s_id@?$TObjectUniqueID@UIModuleLibraryUni@rsystem@base@UModSys@@@tl@UModSys@@2USUniquePointer@core@3@A@@YAXXZ 00406b09 f    CIL library: CIL module
 0001:00005b13       ??__F?s_id@?$TObjectUniqueID@URModule@rsystem@base@UModSys@@@tl@UModSys@@2USUniquePointer@core@3@A@@YAXXZ 00406b13 f    CIL library: CIL module
 0001:00005b1d       ??__F?s_id@?$TObjectUniqueID@UISystem@base@UModSys@@@tl@UModSys@@2USUniquePointer@core@3@A@@YAXXZ 00406b1d f    CIL library: CIL module
 0001:00005b27       ??__F?s_id@?$TObjectUniqueID@UIConsole@base@UModSys@@@tl@UModSys@@2USUniquePointer@core@3@A@@YAXXZ 00406b27 f    CIL library: CIL module
 0001:00005b31       ??__F?s_id@?$TObjectUniqueID@UIShell@base@UModSys@@@tl@UModSys@@2USUniquePointer@core@3@A@@YAXXZ 00406b31 f    CIL library: CIL module
 0001:00005b3b       ??__F?s_id@?$TObjectUniqueID@UIGenerator@base@UModSys@@@tl@UModSys@@2USUniquePointer@core@3@A@@YAXXZ 00406b3b f    CIL library: CIL module
 0001:00005b45       ??__F?s_id@?$TObjectUniqueID@UIModObject@base@UModSys@@@tl@UModSys@@2USUniquePointer@core@3@A@@YAXXZ 00406b45 f    CIL library: CIL module
 0001:00005b4f       ??__F?s_id@?$TObjectUniqueID@UIModuleLibrary@base@UModSys@@@tl@UModSys@@2USUniquePointer@core@3@A@@YAXXZ 00406b4f f    CIL library: CIL module
 0001:00005b59       ??__F?s_id@?$TObjectUniqueID@UIModule@base@UModSys@@@tl@UModSys@@2USUniquePointer@core@3@A@@YAXXZ 00406b59 f    CIL library: CIL module
 0001:00005b63       ??__F?s_id@?$TObjectUniqueID@UIParameters@core@UModSys@@@tl@UModSys@@2USUniquePointer@core@3@A@@YAXXZ 00406b63 f    CIL library: CIL module
 0001:00005b6d       ??__F?s_id@?$TObjectUniqueID@UIRefObject@core@UModSys@@@tl@UModSys@@2USUniquePointer@core@3@A@@YAXXZ 00406b6d f    CIL library: CIL module
 0001:00005b77       ??__F?s_id@?$TObjectUniqueID@UIRoot@core@UModSys@@@tl@UModSys@@2USUniquePointer@core@3@A@@YAXXZ 00406b77 f    CIL library: CIL module
 0001:00005b81       ??__F?s_modreg@RModuleReg@stdio@media@modules@UModSys@@2U12345@A@@YAXXZ 00406b81 f    CIL library: CIL module
 0001:00005b8c       ??__F?s_modreg_chain@RModuleReg@stdio@media@modules@UModSys@@2USModuleRegChain@base@5@A@@YAXXZ 00406b8c f    CIL library: CIL module
 0001:00005b96       ??__F?s_uid@RGenerator@stdio@media@modules@UModSys@@2USUniquePointer@core@5@A@@YAXXZ 00406b96 f    CIL library: CIL module
 0001:00005ba0       ??__Fh@?1??s_holder@RGenerator@stdio@media@modules@UModSys@@SAAAU?$TTypeStaticHolder@URGenerator@stdio@media@modules@UModSys@@@tl@5@XZ@YAXXZ 00406ba0 f    CIL library: CIL module
 0001:00005bbd       ??__F?s_id@?$TObjectUniqueID@URGenerator@stdio@media@modules@UModSys@@@tl@UModSys@@2USUniquePointer@core@3@A@@YAXXZ 00406bbd f    CIL library: CIL module
 0001:00005bc7       ??__F?s_id@?$TObjectUniqueID@URStreamWriter_FILE@stdio@media@modules@UModSys@@@tl@UModSys@@2USUniquePointer@core@3@A@@YAXXZ 00406bc7 f    CIL library: CIL module
 0001:00005bd1       ??__F?s_id@?$TObjectUniqueID@URStreamReader_FILE@stdio@media@modules@UModSys@@@tl@UModSys@@2USUniquePointer@core@3@A@@YAXXZ 00406bd1 f    CIL library: CIL module
 0001:00005bdb       ??__F?s_id@?$TObjectUniqueID@UIDataArchive@libmedia@UModSys@@@tl@UModSys@@2USUniquePointer@core@3@A@@YAXXZ 00406bdb f    CIL library: CIL module
 0001:00005be5       ??__F?s_id@?$TObjectUniqueID@UIStreamWriter@libmedia@UModSys@@@tl@UModSys@@2USUniquePointer@core@3@A@@YAXXZ 00406be5 f    CIL library: CIL module
 0001:00005bef       ??__F?s_id@?$TObjectUniqueID@UIStreamReader@libmedia@UModSys@@@tl@UModSys@@2USUniquePointer@core@3@A@@YAXXZ 00406bef f    CIL library: CIL module
 0001:00005bf9       ??__F?s_console@RConsole_std@rsystem@base@UModSys@@2U1234@A@@YAXXZ 00406bf9 f    CIL library: CIL module
 0001:00005c26       ??__F?s_sys@RSystem@rsystem@base@UModSys@@2U1234@A@@YAXXZ 00406c26 f    CIL library: CIL module
 0001:00005c31       ??__Frsys_dbg@rsystem@base@UModSys@@YAXXZ 00406c31 f    CIL library: CIL module
 0001:00005c48       ??__FM@UModSys@@YAXXZ      00406c48 f    CIL library: CIL module
 0001:00005c49       ??__F?root@SModuleRegChain@base@UModSys@@2U123@A@@YAXXZ 00406c49 f    CIL library: CIL module
 0001:00005c53       ??__F?s_library@RModuleLibraryReg_Chain@base@UModSys@@2U123@A@@YAXXZ 00406c53 f    CIL library: CIL module
 0001:00005c5e       ??__F?root@SUniquePointer@core@UModSys@@2U123@A@@YAXXZ 00406c5e f    CIL library: CIL module

 Exports

  ordinal    name

        1    _UModSys_Plugin_Entry2@0
