 umodsysc

 Timestamp is 527a093b (Wed Nov 06 12:17:47 2013)

 Preferred load address is 00400000

 Start         Length     Name                   Class
 0001:00000000 00009880H .text                   CODE
 0001:00009880 000003f7H .text$x                 CODE
 0001:00009c77 0000060bH .text$yc                CODE
 0001:0000a282 00000259H .text$yd                CODE
 0002:00000000 00000154H .idata$5                DATA
 0002:00000154 00000004H .CRT$XCA                DATA
 0002:00000158 00000004H .CRT$XCAA               DATA
 0002:0000015c 000001e8H .CRT$XCU                DATA
 0002:00000344 00000004H .CRT$XCZ                DATA
 0002:00000348 00000004H .CRT$XIA                DATA
 0002:0000034c 00000004H .CRT$XIAA               DATA
 0002:00000350 00000004H .CRT$XIY                DATA
 0002:00000354 00000004H .CRT$XIZ                DATA
 0002:00000358 00001768H .rdata                  DATA
 0002:00001ac0 0000114cH .rdata$r                DATA
 0002:00002c10 0000009cH .rdata$sxdata           DATA
 0002:00002cac 00000004H .rtc$IAA                DATA
 0002:00002cb0 00000004H .rtc$IZZ                DATA
 0002:00002cb4 00000004H .rtc$TAA                DATA
 0002:00002cb8 00000004H .rtc$TZZ                DATA
 0002:00002cc0 000008b0H .xdata$x                DATA
 0002:00003570 00000028H .idata$2                DATA
 0002:00003598 00000014H .idata$3                DATA
 0002:000035ac 00000154H .idata$4                DATA
 0002:00003700 00000554H .idata$6                DATA
 0002:00003c60 00000058H .edata                  DATA
 0003:00000000 00000bd0H .data                   DATA
 0003:00000bd0 00002904H .bss                    DATA

  Address         Publics by Value              Rva+Base       Lib:Object

 0000:00000000       __except_list              00000000     <absolute>
 0000:00000027       ___safe_se_handler_count   00000027     <absolute>
 0000:00009876       __fltused                  00009876     <absolute>
 0000:00009876       __ldused                   00009876     <absolute>
 0000:00000000       ___ImageBase               00400000     <linker-defined>
 0001:00000000       _main                      00401000 f   umodsys.c_main.obj
 0001:0000018a       ??0?$TString@U?$TSCoreConst@D@su@tl@UModSys@@U?$TComparerBinaryHash@D@234@@tl@UModSys@@QAE@PBD@Z 0040118a f i umodsys.c_main.obj
 0001:000001a4       ?set@?$TString@U?$TSCoreConst@D@su@tl@UModSys@@U?$TComparerBinaryHash@D@234@@tl@UModSys@@QAEXPBD@Z 004011a4 f i umodsys.c_main.obj
 0001:000001cd       ?update@?$TComparerBinaryHash@D@su@tl@UModSys@@QAEXPBDI@Z 004011cd f i umodsys.c_main.obj
 0001:000001f9       ??1SCMemShared@core@UModSys@@QAE@XZ 004011f9 f i umodsys_lib_libmedia:umodsys.mod.media.std.obj
 0001:000001f9       ??1SInfo@IBinObjFilter@libmedia@UModSys@@QAE@XZ 004011f9 f i umodsys_lib_libmedia:umodsys.mod.media.std.obj
 0001:000001f9       ??1SMemShared@core@UModSys@@QAE@XZ 004011f9 f i umodsys_lib_libmedia:umodsys.mod.media.std.obj
 0001:00000205       ??6SUniquePtrList@core@UModSys@@QAEAAU012@PBUSUniquePointerInfo@12@@Z 00401205 f i umodsys_lib_libmedia:umodsys.mod.media.std.obj
 0001:00000221       ??2IRoot@core@UModSys@@SAPAXIABUSIMemAlloc@12@@Z 00401221 f i umodsys_lib_libmedia:umodsys.mod.media.std.obj
 0001:00000243       ??3IRoot@core@UModSys@@SAXPAXABUSIMemAlloc@12@@Z 00401243 f i umodsys_lib_libmedia:umodsys.mod.media.std.obj
 0001:0000025c       ?_root_get_other_interface@IRefObject@core@UModSys@@IAEPAUIRoot@23@PBUSUniquePointerInfo@23@@Z 0040125c f i umodsys_lib_libmedia:umodsys.mod.media.std.obj
 0001:0000025c       ?_root_get_other_interface@IRefObject@core@UModSys@@IBEPBUIRoot@23@PBUSUniquePointerInfo@23@@Z 0040125c f i umodsys_lib_libmedia:umodsys.mod.media.std.obj
 0001:0000027d       ?_root_get_interface_types@IRefObject@core@UModSys@@SAIAAUSUniquePtrList@23@@Z 0040127d f i umodsys_lib_libmedia:umodsys.mod.media.std.obj
 0001:0000029d       ?_root_is_interface_supported@IRefObject@core@UModSys@@SA_NPBUSUniquePointerInfo@23@@Z 0040129d f i umodsys_lib_libmedia:umodsys.mod.media.std.obj
 0001:000002b4       ??$seq@D@su@tl@UModSys@@YA_NPBD0I@Z 004012b4 f i umodsys_lib_libmedia:umodsys.mod.media.std.obj
 0001:000002cf       ?_root_is_interface_supported@IGenerator@base@UModSys@@SA_NPBUSUniquePointerInfo@core@3@@Z 004012cf f i umodsys_lib_libmedia:umodsys.mod.media.std.obj
 0001:000002ef       ?get_flag@RResolverChain@SFlagsChain@libmedia@UModSys@@UBE?AW4eStates@?$TFlags4State@USMediaFlagUid@libmedia@UModSys@@I@tl@4@H@Z 004012ef f i umodsys_lib_libmedia:umodsys.mod.media.std.obj
 0001:00000315       ?_root_get_interface_types@ILibrary@libmedia@UModSys@@SAIAAUSUniquePtrList@core@3@@Z 00401315 f i umodsys_lib_libmedia:umodsys.mod.media.std.obj
 0001:0000032f       ?_root_is_interface_supported@ILibrary@libmedia@UModSys@@SA_NPBUSUniquePointerInfo@core@3@@Z 0040132f f i umodsys_lib_libmedia:umodsys.mod.media.std.obj
 0001:00000347       ??1SLayer@ILibraryLayered@libmedia@UModSys@@QAE@XZ 00401347 f i umodsys_lib_libmedia:umodsys.mod.media.std.obj
 0001:00000347       ??1SPoint@ILibraryBinTree@libmedia@UModSys@@QAE@XZ 00401347 f i umodsys_lib_libmedia:umodsys.mod.media.std.obj
 0001:00000358       ?root_get_interface_info@RLibraryBinCache@std@media@modules@UModSys@@UBEABUSUniquePointerInfo@core@5@XZ 00401358 f i umodsys_lib_libmedia:umodsys.mod.media.std.obj
 0001:0000035e       ?root_get_interface_type@RLibraryBinCache@std@media@modules@UModSys@@UBEPBUSUniquePointerInfo@core@5@XZ 0040135e f i umodsys_lib_libmedia:umodsys.mod.media.std.obj
 0001:00000364       ?root_get_other_interface@RLibraryBinCache@std@media@modules@UModSys@@UBEPBUIRoot@core@5@PBUSUniquePointerInfo@75@@Z 00401364 f i umodsys_lib_libmedia:umodsys.mod.media.std.obj
 0001:00000364       ?root_get_other_interface@RLibraryBinCache@std@media@modules@UModSys@@UAEPAUIRoot@core@5@PBUSUniquePointerInfo@75@@Z 00401364 f i umodsys_lib_libmedia:umodsys.mod.media.std.obj
 0001:0000038d       ?root_is_interface_supported@RLibraryBinCache@std@media@modules@UModSys@@UBE_NPBUSUniquePointerInfo@core@5@@Z 0040138d f i umodsys_lib_libmedia:umodsys.mod.media.std.obj
 0001:000003b4       ??0RLibraryBinCache@std@media@modules@UModSys@@QAE@PAUIModObject@base@4@ABUSParameters@core@4@U?$TFlags4State@USMediaFlagUid@libmedia@UModSys@@I@tl@4@@Z 004013b4 f i umodsys_lib_libmedia:umodsys.mod.media.std.obj
 0001:00000411       ?get_flags_auto@RLibraryBinCache@std@media@modules@UModSys@@UBE?AU?$TFlags4State@USMediaFlagUid@libmedia@UModSys@@I@tl@5@XZ 00401411 f i umodsys_lib_libmedia:umodsys.mod.media.std.obj
 0001:00000420       ?bin_load@RLibraryBinCache@std@media@modules@UModSys@@UAE_NABU?$TString@U?$TSCoreConst@D@su@tl@UModSys@@U?$TComparerBinaryHash@D@234@@tl@5@AAUSCMemShared@core@5@ABUSFlags@libmedia@5@@Z 00401420 f i umodsys_lib_libmedia:umodsys.mod.media.std.obj
 0001:00000477       ?obj_cget@RLibraryObjCache@std@media@modules@UModSys@@UAE_NABU?$TString@U?$TSCoreConst@D@su@tl@UModSys@@U?$TComparerBinaryHash@D@234@@tl@5@AAU?$TRefObject@UIRefObject@core@UModSys@@U?$TRefObjectFunc@UIRefObject@core@UModSys@@@tl@3@@75@_N@Z 00401477 f i umodsys_lib_libmedia:umodsys.mod.media.std.obj
 0001:00000477       ?bin_get@RLibraryBinCache@std@media@modules@UModSys@@UAE_NABU?$TString@U?$TSCoreConst@D@su@tl@UModSys@@U?$TComparerBinaryHash@D@234@@tl@5@AAUSCMemShared@core@5@_N@Z 00401477 f i umodsys_lib_libmedia:umodsys.mod.media.std.obj
 0001:000004a3       ?bin_put@RLibraryBinCache@std@media@modules@UModSys@@UAE_NABU?$TString@U?$TSCoreConst@D@su@tl@UModSys@@U?$TComparerBinaryHash@D@234@@tl@5@PBUSCMemShared@core@5@@Z 004014a3 f i umodsys_lib_libmedia:umodsys.mod.media.std.obj
 0001:000004b9       ?bin_info@RLibraryObjFilter@std@media@modules@UModSys@@UAE_NABU?$TString@U?$TSCoreConst@D@su@tl@UModSys@@U?$TComparerBinaryHash@D@234@@tl@5@AAUSFileInfo@libmedia@5@ABUSFlags@95@@Z 004014b9 f i umodsys_lib_libmedia:umodsys.mod.media.std.obj
 0001:000004b9       ?bin_get@RLibraryBinTree@std@media@modules@UModSys@@UAE_NABU?$TString@U?$TSCoreConst@D@su@tl@UModSys@@U?$TComparerBinaryHash@D@234@@tl@5@AAUSCMemShared@core@5@_N@Z 004014b9 f i umodsys_lib_libmedia:umodsys.mod.media.std.obj
 0001:000004b9       ?bin_info@RLibraryBinCache@std@media@modules@UModSys@@UAE_NABU?$TString@U?$TSCoreConst@D@su@tl@UModSys@@U?$TComparerBinaryHash@D@234@@tl@5@AAU?$TIStackSocket@USFileInfo@libmedia@UModSys@@@75@ABUSFlags@libmedia@5@@Z 004014b9 f i umodsys_lib_libmedia:umodsys.mod.media.std.obj
 0001:000004b9       ?bin_info@RLibraryBinTree@std@media@modules@UModSys@@UAE_NABU?$TString@U?$TSCoreConst@D@su@tl@UModSys@@U?$TComparerBinaryHash@D@234@@tl@5@AAU?$TIStackSocket@USFileInfo@libmedia@UModSys@@@75@ABUSFlags@libmedia@5@@Z 004014b9 f i umodsys_lib_libmedia:umodsys.mod.media.std.obj
 0001:000004b9       ?bin_save@RLibraryBinCache@std@media@modules@UModSys@@UAE_NABU?$TString@U?$TSCoreConst@D@su@tl@UModSys@@U?$TComparerBinaryHash@D@234@@tl@5@ABUSCMem@core@5@ABUSFlags@libmedia@5@@Z 004014b9 f i umodsys_lib_libmedia:umodsys.mod.media.std.obj
 0001:000004b9       ?bin_info@RLibraryBinTree@std@media@modules@UModSys@@UAE_NABU?$TString@U?$TSCoreConst@D@su@tl@UModSys@@U?$TComparerBinaryHash@D@234@@tl@5@AAUSFileInfo@libmedia@5@ABUSFlags@95@@Z 004014b9 f i umodsys_lib_libmedia:umodsys.mod.media.std.obj
 0001:000004b9       ?bin_load@RLibraryObjCache@std@media@modules@UModSys@@UAE_NABU?$TString@U?$TSCoreConst@D@su@tl@UModSys@@U?$TComparerBinaryHash@D@234@@tl@5@AAUSCMemShared@core@5@ABUSFlags@libmedia@5@@Z 004014b9 f i umodsys_lib_libmedia:umodsys.mod.media.std.obj
 0001:000004b9       ?vget_c@RConsole_std@rsystem@base@UModSys@@UAE_NPAHPBDPAD@Z 004014b9 f i umodsys_lib_basesys:umodsys.basesys.rconsole_std.obj
 0001:000004b9       ?bin_info@RLibraryObjCache@std@media@modules@UModSys@@UAE_NABU?$TString@U?$TSCoreConst@D@su@tl@UModSys@@U?$TComparerBinaryHash@D@234@@tl@5@AAUSFileInfo@libmedia@5@ABUSFlags@95@@Z 004014b9 f i umodsys_lib_libmedia:umodsys.mod.media.std.obj
 0001:000004b9       ?obj_load@RLibraryObjCache@std@media@modules@UModSys@@UAE_NABU?$TString@U?$TSCoreConst@D@su@tl@UModSys@@U?$TComparerBinaryHash@D@234@@tl@5@PAUIRefObject@core@5@ABUSObjOptions@ILibrary@libmedia@5@@Z 004014b9 f i umodsys_lib_libmedia:umodsys.mod.media.std.obj
 0001:000004b9       ?bin_load@RLibraryObjFilter@std@media@modules@UModSys@@UAE_NABU?$TString@U?$TSCoreConst@D@su@tl@UModSys@@U?$TComparerBinaryHash@D@234@@tl@5@AAUSCMemShared@core@5@ABUSFlags@libmedia@5@@Z 004014b9 f i umodsys_lib_libmedia:umodsys.mod.media.std.obj
 0001:000004b9       ?obj_save@RLibraryBinTree@std@media@modules@UModSys@@UAE_NABU?$TString@U?$TSCoreConst@D@su@tl@UModSys@@U?$TComparerBinaryHash@D@234@@tl@5@PBUIRefObject@core@5@ABUSObjOptions@ILibrary@libmedia@5@@Z 004014b9 f i umodsys_lib_libmedia:umodsys.mod.media.std.obj
 0001:000004b9       ?bin_save@RLibraryObjFilter@std@media@modules@UModSys@@UAE_NABU?$TString@U?$TSCoreConst@D@su@tl@UModSys@@U?$TComparerBinaryHash@D@234@@tl@5@ABUSCMem@core@5@ABUSFlags@libmedia@5@@Z 004014b9 f i umodsys_lib_libmedia:umodsys.mod.media.std.obj
 0001:000004b9       ?obj_get@RLibraryObjFilter@std@media@modules@UModSys@@UAE_NABU?$TString@U?$TSCoreConst@D@su@tl@UModSys@@U?$TComparerBinaryHash@D@234@@tl@5@AAU?$TRefObject@UIRefObject@core@UModSys@@U?$TRefObjectFunc@UIRefObject@core@UModSys@@@tl@3@@75@ABUSObjOptions@ILibrary@libmedia@5@@Z 004014b9 f i umodsys_lib_libmedia:umodsys.mod.media.std.obj
 0001:000004b9       ?obj_save@RLibraryObjFilter@std@media@modules@UModSys@@UAE_NABU?$TString@U?$TSCoreConst@D@su@tl@UModSys@@U?$TComparerBinaryHash@D@234@@tl@5@PBUIRefObject@core@5@ABUSObjOptions@ILibrary@libmedia@5@@Z 004014b9 f i umodsys_lib_libmedia:umodsys.mod.media.std.obj
 0001:000004b9       ?obj_cget@RLibraryBinCache@std@media@modules@UModSys@@UAE_NABU?$TString@U?$TSCoreConst@D@su@tl@UModSys@@U?$TComparerBinaryHash@D@234@@tl@5@AAU?$TRefObject@UIRefObject@core@UModSys@@U?$TRefObjectFunc@UIRefObject@core@UModSys@@@tl@3@@75@_N@Z 004014b9 f i umodsys_lib_libmedia:umodsys.mod.media.std.obj
 0001:000004b9       ?obj_load@RLibraryBinTree@std@media@modules@UModSys@@UAE_NABU?$TString@U?$TSCoreConst@D@su@tl@UModSys@@U?$TComparerBinaryHash@D@234@@tl@5@PAUIRefObject@core@5@ABUSObjOptions@ILibrary@libmedia@5@@Z 004014b9 f i umodsys_lib_libmedia:umodsys.mod.media.std.obj
 0001:000004b9       ?obj_get@RLibraryBinTree@std@media@modules@UModSys@@UAE_NABU?$TString@U?$TSCoreConst@D@su@tl@UModSys@@U?$TComparerBinaryHash@D@234@@tl@5@AAU?$TRefObject@UIRefObject@core@UModSys@@U?$TRefObjectFunc@UIRefObject@core@UModSys@@@tl@3@@75@ABUSObjOptions@ILibrary@libmedia@5@@Z 004014b9 f i umodsys_lib_libmedia:umodsys.mod.media.std.obj
 0001:000004b9       ?obj_save@RLibraryObjCache@std@media@modules@UModSys@@UAE_NABU?$TString@U?$TSCoreConst@D@su@tl@UModSys@@U?$TComparerBinaryHash@D@234@@tl@5@PBUIRefObject@core@5@ABUSObjOptions@ILibrary@libmedia@5@@Z 004014b9 f i umodsys_lib_libmedia:umodsys.mod.media.std.obj
 0001:000004b9       ?obj_get@RLibraryBinCache@std@media@modules@UModSys@@UAE_NABU?$TString@U?$TSCoreConst@D@su@tl@UModSys@@U?$TComparerBinaryHash@D@234@@tl@5@AAU?$TRefObject@UIRefObject@core@UModSys@@U?$TRefObjectFunc@UIRefObject@core@UModSys@@@tl@3@@75@ABUSObjOptions@ILibrary@libmedia@5@@Z 004014b9 f i umodsys_lib_libmedia:umodsys.mod.media.std.obj
 0001:000004b9       ?obj_cget@RLibraryObjFilter@std@media@modules@UModSys@@UAE_NABU?$TString@U?$TSCoreConst@D@su@tl@UModSys@@U?$TComparerBinaryHash@D@234@@tl@5@AAU?$TRefObject@UIRefObject@core@UModSys@@U?$TRefObjectFunc@UIRefObject@core@UModSys@@@tl@3@@75@_N@Z 004014b9 f i umodsys_lib_libmedia:umodsys.mod.media.std.obj
 0001:000004b9       ?bin_info@RLibraryBinCache@std@media@modules@UModSys@@UAE_NABU?$TString@U?$TSCoreConst@D@su@tl@UModSys@@U?$TComparerBinaryHash@D@234@@tl@5@AAUSFileInfo@libmedia@5@ABUSFlags@95@@Z 004014b9 f i umodsys_lib_libmedia:umodsys.mod.media.std.obj
 0001:000004b9       ?obj_save@RLibraryBinCache@std@media@modules@UModSys@@UAE_NABU?$TString@U?$TSCoreConst@D@su@tl@UModSys@@U?$TComparerBinaryHash@D@234@@tl@5@PBUIRefObject@core@5@ABUSObjOptions@ILibrary@libmedia@5@@Z 004014b9 f i umodsys_lib_libmedia:umodsys.mod.media.std.obj
 0001:000004b9       ?obj_cget@RLibraryBinTree@std@media@modules@UModSys@@UAE_NABU?$TString@U?$TSCoreConst@D@su@tl@UModSys@@U?$TComparerBinaryHash@D@234@@tl@5@AAU?$TRefObject@UIRefObject@core@UModSys@@U?$TRefObjectFunc@UIRefObject@core@UModSys@@@tl@3@@75@_N@Z 004014b9 f i umodsys_lib_libmedia:umodsys.mod.media.std.obj
 0001:000004b9       ?bin_save@RLibraryObjCache@std@media@modules@UModSys@@UAE_NABU?$TString@U?$TSCoreConst@D@su@tl@UModSys@@U?$TComparerBinaryHash@D@234@@tl@5@ABUSCMem@core@5@ABUSFlags@libmedia@5@@Z 004014b9 f i umodsys_lib_libmedia:umodsys.mod.media.std.obj
 0001:000004b9       ?bin_get@RLibraryObjFilter@std@media@modules@UModSys@@UAE_NABU?$TString@U?$TSCoreConst@D@su@tl@UModSys@@U?$TComparerBinaryHash@D@234@@tl@5@AAUSCMemShared@core@5@_N@Z 004014b9 f i umodsys_lib_libmedia:umodsys.mod.media.std.obj
 0001:000004b9       ?bin_get@RLibraryObjCache@std@media@modules@UModSys@@UAE_NABU?$TString@U?$TSCoreConst@D@su@tl@UModSys@@U?$TComparerBinaryHash@D@234@@tl@5@AAUSCMemShared@core@5@_N@Z 004014b9 f i umodsys_lib_libmedia:umodsys.mod.media.std.obj
 0001:000004b9       ?bin_info@RLibraryObjFilter@std@media@modules@UModSys@@UAE_NABU?$TString@U?$TSCoreConst@D@su@tl@UModSys@@U?$TComparerBinaryHash@D@234@@tl@5@AAU?$TIStackSocket@USFileInfo@libmedia@UModSys@@@75@ABUSFlags@libmedia@5@@Z 004014b9 f i umodsys_lib_libmedia:umodsys.mod.media.std.obj
 0001:000004b9       ?obj_load@RLibraryBinCache@std@media@modules@UModSys@@UAE_NABU?$TString@U?$TSCoreConst@D@su@tl@UModSys@@U?$TComparerBinaryHash@D@234@@tl@5@PAUIRefObject@core@5@ABUSObjOptions@ILibrary@libmedia@5@@Z 004014b9 f i umodsys_lib_libmedia:umodsys.mod.media.std.obj
 0001:000004b9       ?obj_load@RLibraryObjFilter@std@media@modules@UModSys@@UAE_NABU?$TString@U?$TSCoreConst@D@su@tl@UModSys@@U?$TComparerBinaryHash@D@234@@tl@5@PAUIRefObject@core@5@ABUSObjOptions@ILibrary@libmedia@5@@Z 004014b9 f i umodsys_lib_libmedia:umodsys.mod.media.std.obj
 0001:000004b9       ?bin_info@RLibraryObjCache@std@media@modules@UModSys@@UAE_NABU?$TString@U?$TSCoreConst@D@su@tl@UModSys@@U?$TComparerBinaryHash@D@234@@tl@5@AAU?$TIStackSocket@USFileInfo@libmedia@UModSys@@@75@ABUSFlags@libmedia@5@@Z 004014b9 f i umodsys_lib_libmedia:umodsys.mod.media.std.obj
 0001:000004be       ?bincache_get@RLibraryBinCache@std@media@modules@UModSys@@UBE_NABU?$TString@U?$TSCoreConst@D@su@tl@UModSys@@U?$TComparerBinaryHash@D@234@@tl@5@PAUSCMemShared@core@5@PA_N@Z 004014be f i umodsys_lib_libmedia:umodsys.mod.media.std.obj
 0001:00000529       ?bincache_add@RLibraryBinCache@std@media@modules@UModSys@@UAE_NABU?$TString@U?$TSCoreConst@D@su@tl@UModSys@@U?$TComparerBinaryHash@D@234@@tl@5@@Z 00401529 f i umodsys_lib_libmedia:umodsys.mod.media.std.obj
 0001:00000557       ?bincache_add@RLibraryBinCache@std@media@modules@UModSys@@UAE_NABU?$TString@U?$TSCoreConst@D@su@tl@UModSys@@U?$TComparerBinaryHash@D@234@@tl@5@ABUSCMemShared@core@5@@Z 00401557 f i umodsys_lib_libmedia:umodsys.mod.media.std.obj
 0001:00000569       ?bincache_remove@RLibraryBinCache@std@media@modules@UModSys@@UAE_NABU?$TString@U?$TSCoreConst@D@su@tl@UModSys@@U?$TComparerBinaryHash@D@234@@tl@5@@Z 00401569 f i umodsys_lib_libmedia:umodsys.mod.media.std.obj
 0001:000005a0       ?bincache_clear@RLibraryBinCache@std@media@modules@UModSys@@UAE_NXZ 004015a0 f i umodsys_lib_libmedia:umodsys.mod.media.std.obj
 0001:000005be       ?bincache_add@RLibraryBinCache@std@media@modules@UModSys@@QAE_NABU?$TString@U?$TSCoreConst@D@su@tl@UModSys@@U?$TComparerBinaryHash@D@234@@tl@5@ABUSCMemShared@core@5@_N@Z 004015be f i umodsys_lib_libmedia:umodsys.mod.media.std.obj
 0001:0000067c       ??_GRLibraryBinCache@std@media@modules@UModSys@@UAEPAXI@Z 0040167c f i umodsys_lib_libmedia:umodsys.mod.media.std.obj
 0001:0000067c       ??_ERLibraryBinCache@std@media@modules@UModSys@@UAEPAXI@Z 0040167c f i  CIL library: CIL module
 0001:000006d9       ??_ERParameters@rsystem@base@UModSys@@UAEPAXI@Z 004016d9 f i  CIL library: CIL module
 0001:000006d9       ??_ERGenerator@std@media@modules@UModSys@@UAEPAXI@Z 004016d9 f i  CIL library: CIL module
 0001:000006d9       ??_ERGenerator@stdio@media@modules@UModSys@@UAEPAXI@Z 004016d9 f i  CIL library: CIL module
 0001:000006d9       ??_GIRoot@core@UModSys@@UAEPAXI@Z 004016d9 f i umodsys_lib_libmedia:umodsys.mod.media.std.obj
 0001:000006d9       ??_GRGenerator@stdio@media@modules@UModSys@@UAEPAXI@Z 004016d9 f i umodsys_lib_libmedia:umodsys.mod.media.stdio.obj
 0001:000006d9       ??_GRParameters@rsystem@base@UModSys@@UAEPAXI@Z 004016d9 f i umodsys_lib_basesys:umodsys.basesys.rparameters.obj
 0001:000006d9       ??_GRGenerator@std@media@modules@UModSys@@UAEPAXI@Z 004016d9 f i umodsys_lib_libmedia:umodsys.mod.media.std.obj
 0001:000006d9       ??_EIRoot@core@UModSys@@UAEPAXI@Z 004016d9 f i  CIL library: CIL module
 0001:000006f6       ?root_get_interface_info@RLibraryBinTree@std@media@modules@UModSys@@UBEABUSUniquePointerInfo@core@5@XZ 004016f6 f i umodsys_lib_libmedia:umodsys.mod.media.std.obj
 0001:000006fc       ?root_get_interface_type@RLibraryBinTree@std@media@modules@UModSys@@UBEPBUSUniquePointerInfo@core@5@XZ 004016fc f i umodsys_lib_libmedia:umodsys.mod.media.std.obj
 0001:00000702       ?root_get_other_interface@RLibraryBinTree@std@media@modules@UModSys@@UAEPAUIRoot@core@5@PBUSUniquePointerInfo@75@@Z 00401702 f i umodsys_lib_libmedia:umodsys.mod.media.std.obj
 0001:00000702       ?root_get_other_interface@RLibraryBinTree@std@media@modules@UModSys@@UBEPBUIRoot@core@5@PBUSUniquePointerInfo@75@@Z 00401702 f i umodsys_lib_libmedia:umodsys.mod.media.std.obj
 0001:0000072b       ?root_is_interface_supported@RLibraryBinTree@std@media@modules@UModSys@@UBE_NPBUSUniquePointerInfo@core@5@@Z 0040172b f i umodsys_lib_libmedia:umodsys.mod.media.std.obj
 0001:00000752       ?ref_add@RLibraryLayered@std@media@modules@UModSys@@UBEXXZ 00401752 f i umodsys_lib_libmedia:umodsys.mod.media.std.obj
 0001:00000752       ?ref_add@RLibraryBinTree@std@media@modules@UModSys@@UBEXXZ 00401752 f i umodsys_lib_libmedia:umodsys.mod.media.std.obj
 0001:00000752       ?ref_add@RLibraryObjFilter@std@media@modules@UModSys@@UBEXXZ 00401752 f i umodsys_lib_libmedia:umodsys.mod.media.std.obj
 0001:00000752       ?ref_add@RDataArchiver_OsDir@stdio@media@modules@UModSys@@UBEXXZ 00401752 f i umodsys_lib_libmedia:umodsys.mod.media.stdio.obj
 0001:00000752       ?ref_add@RLibraryBinCache@std@media@modules@UModSys@@UBEXXZ 00401752 f i umodsys_lib_libmedia:umodsys.mod.media.std.obj
 0001:00000752       ?ref_add@RLibraryObjCache@std@media@modules@UModSys@@UBEXXZ 00401752 f i umodsys_lib_libmedia:umodsys.mod.media.std.obj
 0001:00000756       ??0RLibraryBinTree@std@media@modules@UModSys@@QAE@PAUIModObject@base@4@ABUSParameters@core@4@U?$TFlags4State@USMediaFlagUid@libmedia@UModSys@@I@tl@4@@Z 00401756 f i umodsys_lib_libmedia:umodsys.mod.media.std.obj
 0001:000007b3       ?get_flag@RLibraryBinCache@std@media@modules@UModSys@@UBE?AW4eStates@?$TFlags4State@USMediaFlagUid@libmedia@UModSys@@I@tl@5@H@Z 004017b3 f i umodsys_lib_libmedia:umodsys.mod.media.std.obj
 0001:000007b3       ?get_flag@RLibraryBinTree@std@media@modules@UModSys@@UBE?AW4eStates@?$TFlags4State@USMediaFlagUid@libmedia@UModSys@@I@tl@5@H@Z 004017b3 f i umodsys_lib_libmedia:umodsys.mod.media.std.obj
 0001:000007b3       ?get_flag@RLibraryObjCache@std@media@modules@UModSys@@UBE?AW4eStates@?$TFlags4State@USMediaFlagUid@libmedia@UModSys@@I@tl@5@H@Z 004017b3 f i umodsys_lib_libmedia:umodsys.mod.media.std.obj
 0001:000007b3       ?get_flag@RLibraryObjFilter@std@media@modules@UModSys@@UBE?AW4eStates@?$TFlags4State@USMediaFlagUid@libmedia@UModSys@@I@tl@5@H@Z 004017b3 f i umodsys_lib_libmedia:umodsys.mod.media.std.obj
 0001:000007c6       ?get_flags_auto@RLibraryBinTree@std@media@modules@UModSys@@UBE?AU?$TFlags4State@USMediaFlagUid@libmedia@UModSys@@I@tl@5@XZ 004017c6 f i umodsys_lib_libmedia:umodsys.mod.media.std.obj
 0001:000007d5       ?set_flag@RLibraryBinCache@std@media@modules@UModSys@@UAE?AW4eStates@?$TFlags4State@USMediaFlagUid@libmedia@UModSys@@I@tl@5@HW46785@@Z 004017d5 f i umodsys_lib_libmedia:umodsys.mod.media.std.obj
 0001:000007d5       ?set_flag@RLibraryObjCache@std@media@modules@UModSys@@UAE?AW4eStates@?$TFlags4State@USMediaFlagUid@libmedia@UModSys@@I@tl@5@HW46785@@Z 004017d5 f i umodsys_lib_libmedia:umodsys.mod.media.std.obj
 0001:000007d5       ?set_flag@RLibraryBinTree@std@media@modules@UModSys@@UAE?AW4eStates@?$TFlags4State@USMediaFlagUid@libmedia@UModSys@@I@tl@5@HW46785@@Z 004017d5 f i umodsys_lib_libmedia:umodsys.mod.media.std.obj
 0001:000007d5       ?set_flag@RLibraryObjFilter@std@media@modules@UModSys@@UAE?AW4eStates@?$TFlags4State@USMediaFlagUid@libmedia@UModSys@@I@tl@5@HW46785@@Z 004017d5 f i umodsys_lib_libmedia:umodsys.mod.media.std.obj
 0001:00000802       ?bin_reader@RLibraryBinTree@std@media@modules@UModSys@@UAE?AU?$TRefObject@UIStreamReader@libmedia@UModSys@@U?$TRefObjectFunc@UIStreamReader@libmedia@UModSys@@@tl@3@@tl@5@ABU?$TString@U?$TSCoreConst@D@su@tl@UModSys@@U?$TComparerBinaryHash@D@234@@75@ABUSFlags@libmedia@5@@Z 00401802 f i umodsys_lib_libmedia:umodsys.mod.media.std.obj
 0001:000008f3       ?bin_writer@RLibraryBinTree@std@media@modules@UModSys@@UAE?AU?$TRefObject@UIStreamWriter@libmedia@UModSys@@U?$TRefObjectFunc@UIStreamWriter@libmedia@UModSys@@@tl@3@@tl@5@ABU?$TString@U?$TSCoreConst@D@su@tl@UModSys@@U?$TComparerBinaryHash@D@234@@75@ABUSFlags@libmedia@5@@Z 004018f3 f i umodsys_lib_libmedia:umodsys.mod.media.std.obj
 0001:000009e4       ?bin_load@RLibraryBinTree@std@media@modules@UModSys@@UAE_NABU?$TString@U?$TSCoreConst@D@su@tl@UModSys@@U?$TComparerBinaryHash@D@234@@tl@5@AAUSCMemShared@core@5@ABUSFlags@libmedia@5@@Z 004019e4 f i umodsys_lib_libmedia:umodsys.mod.media.std.obj
 0001:00000a94       ?bin_save@RLibraryBinTree@std@media@modules@UModSys@@UAE_NABU?$TString@U?$TSCoreConst@D@su@tl@UModSys@@U?$TComparerBinaryHash@D@234@@tl@5@ABUSCMem@core@5@ABUSFlags@libmedia@5@@Z 00401a94 f i umodsys_lib_libmedia:umodsys.mod.media.std.obj
 0001:00000b3a       ?mount_get@RLibraryBinTree@std@media@modules@UModSys@@UBE?AUSPoint@ILibraryBinTree@libmedia@5@ABUSId@785@@Z 00401b3a f i umodsys_lib_libmedia:umodsys.mod.media.std.obj
 0001:00000b89       ?mount_add@RLibraryBinTree@std@media@modules@UModSys@@UAE_NABUSId@ILibraryBinTree@libmedia@5@ABUSPoint@785@@Z 00401b89 f i umodsys_lib_libmedia:umodsys.mod.media.std.obj
 0001:00000c61       ?mount_remove@RLibraryBinTree@std@media@modules@UModSys@@UAE_NABUSId@ILibraryBinTree@libmedia@5@@Z 00401c61 f i umodsys_lib_libmedia:umodsys.mod.media.std.obj
 0001:00000c98       ?mount_clear@RLibraryBinTree@std@media@modules@UModSys@@UAE_NXZ 00401c98 f i umodsys_lib_libmedia:umodsys.mod.media.std.obj
 0001:00000cb6       ??_ERLibraryBinTree@std@media@modules@UModSys@@UAEPAXI@Z 00401cb6 f i  CIL library: CIL module
 0001:00000cb6       ??_GRLibraryBinTree@std@media@modules@UModSys@@UAEPAXI@Z 00401cb6 f i umodsys_lib_libmedia:umodsys.mod.media.std.obj
 0001:00000d13       ?root_get_interface_info@RLibraryLayered@std@media@modules@UModSys@@UBEABUSUniquePointerInfo@core@5@XZ 00401d13 f i umodsys_lib_libmedia:umodsys.mod.media.std.obj
 0001:00000d19       ?root_get_interface_type@RLibraryLayered@std@media@modules@UModSys@@UBEPBUSUniquePointerInfo@core@5@XZ 00401d19 f i umodsys_lib_libmedia:umodsys.mod.media.std.obj
 0001:00000d1f       ?root_get_other_interface@RLibraryLayered@std@media@modules@UModSys@@UAEPAUIRoot@core@5@PBUSUniquePointerInfo@75@@Z 00401d1f f i umodsys_lib_libmedia:umodsys.mod.media.std.obj
 0001:00000d1f       ?root_get_other_interface@RLibraryLayered@std@media@modules@UModSys@@UBEPBUIRoot@core@5@PBUSUniquePointerInfo@75@@Z 00401d1f f i umodsys_lib_libmedia:umodsys.mod.media.std.obj
 0001:00000d48       ?root_is_interface_supported@RLibraryLayered@std@media@modules@UModSys@@UBE_NPBUSUniquePointerInfo@core@5@@Z 00401d48 f i umodsys_lib_libmedia:umodsys.mod.media.std.obj
 0001:00000d6f       ?ref_links@RDataArchiver_OsDir@stdio@media@modules@UModSys@@UBEHXZ 00401d6f f i umodsys_lib_libmedia:umodsys.mod.media.stdio.obj
 0001:00000d6f       ?ref_links@RLibraryBinTree@std@media@modules@UModSys@@UBEHXZ 00401d6f f i umodsys_lib_libmedia:umodsys.mod.media.std.obj
 0001:00000d6f       ?ref_links@RLibraryBinCache@std@media@modules@UModSys@@UBEHXZ 00401d6f f i umodsys_lib_libmedia:umodsys.mod.media.std.obj
 0001:00000d6f       ?ref_links@RLibraryObjFilter@std@media@modules@UModSys@@UBEHXZ 00401d6f f i umodsys_lib_libmedia:umodsys.mod.media.std.obj
 0001:00000d6f       ?ref_links@RLibraryObjCache@std@media@modules@UModSys@@UBEHXZ 00401d6f f i umodsys_lib_libmedia:umodsys.mod.media.std.obj
 0001:00000d6f       ?ref_links@RLibraryLayered@std@media@modules@UModSys@@UBEHXZ 00401d6f f i umodsys_lib_libmedia:umodsys.mod.media.std.obj
 0001:00000d73       ??4SLayerX@RLibraryLayered@std@media@modules@UModSys@@QAEXABUSLayer@ILibraryLayered@libmedia@5@@Z 00401d73 f i umodsys_lib_libmedia:umodsys.mod.media.std.obj
 0001:00000dd3       ??0RLibraryLayered@std@media@modules@UModSys@@QAE@PAUIModObject@base@4@ABUSParameters@core@4@U?$TFlags4State@USMediaFlagUid@libmedia@UModSys@@I@tl@4@@Z 00401dd3 f i umodsys_lib_libmedia:umodsys.mod.media.std.obj
 0001:00000e41       ?get_flag@RLibraryLayered@std@media@modules@UModSys@@UBE?AW4eStates@?$TFlags4State@USMediaFlagUid@libmedia@UModSys@@I@tl@5@H@Z 00401e41 f i umodsys_lib_libmedia:umodsys.mod.media.std.obj
 0001:00000e54       ?get_flags_auto@RLibraryLayered@std@media@modules@UModSys@@UBE?AU?$TFlags4State@USMediaFlagUid@libmedia@UModSys@@I@tl@5@XZ 00401e54 f i umodsys_lib_libmedia:umodsys.mod.media.std.obj
 0001:00000e63       ?set_flag@RLibraryLayered@std@media@modules@UModSys@@UAE?AW4eStates@?$TFlags4State@USMediaFlagUid@libmedia@UModSys@@I@tl@5@HW46785@@Z 00401e63 f i umodsys_lib_libmedia:umodsys.mod.media.std.obj
 0001:00000e90       ?bin_reader@RLibraryLayered@std@media@modules@UModSys@@UAE?AU?$TRefObject@UIStreamReader@libmedia@UModSys@@U?$TRefObjectFunc@UIStreamReader@libmedia@UModSys@@@tl@3@@tl@5@ABU?$TString@U?$TSCoreConst@D@su@tl@UModSys@@U?$TComparerBinaryHash@D@234@@75@ABUSFlags@libmedia@5@@Z 00401e90 f i umodsys_lib_libmedia:umodsys.mod.media.std.obj
 0001:00000f41       ?bin_writer@RLibraryLayered@std@media@modules@UModSys@@UAE?AU?$TRefObject@UIStreamWriter@libmedia@UModSys@@U?$TRefObjectFunc@UIStreamWriter@libmedia@UModSys@@@tl@3@@tl@5@ABU?$TString@U?$TSCoreConst@D@su@tl@UModSys@@U?$TComparerBinaryHash@D@234@@75@ABUSFlags@libmedia@5@@Z 00401f41 f i umodsys_lib_libmedia:umodsys.mod.media.std.obj
 0001:00000ff2       ?bin_load@RLibraryLayered@std@media@modules@UModSys@@UAE_NABU?$TString@U?$TSCoreConst@D@su@tl@UModSys@@U?$TComparerBinaryHash@D@234@@tl@5@AAUSCMemShared@core@5@ABUSFlags@libmedia@5@@Z 00401ff2 f i umodsys_lib_libmedia:umodsys.mod.media.std.obj
 0001:000010fd       ?bin_save@RLibraryLayered@std@media@modules@UModSys@@UAE_NABU?$TString@U?$TSCoreConst@D@su@tl@UModSys@@U?$TComparerBinaryHash@D@234@@tl@5@ABUSCMem@core@5@ABUSFlags@libmedia@5@@Z 004020fd f i umodsys_lib_libmedia:umodsys.mod.media.std.obj
 0001:0000121c       ?bin_info@RLibraryLayered@std@media@modules@UModSys@@UAE_NABU?$TString@U?$TSCoreConst@D@su@tl@UModSys@@U?$TComparerBinaryHash@D@234@@tl@5@AAUSFileInfo@libmedia@5@ABUSFlags@95@@Z 0040221c f i umodsys_lib_libmedia:umodsys.mod.media.std.obj
 0001:0000128c       ?bin_info@RLibraryLayered@std@media@modules@UModSys@@UAE_NABU?$TString@U?$TSCoreConst@D@su@tl@UModSys@@U?$TComparerBinaryHash@D@234@@tl@5@AAU?$TIStackSocket@USFileInfo@libmedia@UModSys@@@75@ABUSFlags@libmedia@5@@Z 0040228c f i umodsys_lib_libmedia:umodsys.mod.media.std.obj
 0001:00001302       ?bin_get@RLibraryLayered@std@media@modules@UModSys@@UAE_NABU?$TString@U?$TSCoreConst@D@su@tl@UModSys@@U?$TComparerBinaryHash@D@234@@tl@5@AAUSCMemShared@core@5@_N@Z 00402302 f i umodsys_lib_libmedia:umodsys.mod.media.std.obj
 0001:00001344       ?bin_put@RLibraryLayered@std@media@modules@UModSys@@UAE_NABU?$TString@U?$TSCoreConst@D@su@tl@UModSys@@U?$TComparerBinaryHash@D@234@@tl@5@PBUSCMemShared@core@5@@Z 00402344 f i umodsys_lib_libmedia:umodsys.mod.media.std.obj
 0001:00001382       ?obj_fget@RLibraryLayered@std@media@modules@UModSys@@UAE_NABUSInfo@IBinObjFilter@libmedia@5@AAU?$TRefObject@UIRefObject@core@UModSys@@U?$TRefObjectFunc@UIRefObject@core@UModSys@@@tl@3@@tl@5@@Z 00402382 f i umodsys_lib_libmedia:umodsys.mod.media.std.obj
 0001:000013c0       ?obj_fload@RLibraryLayered@std@media@modules@UModSys@@UAE_NABUSInfo@IBinObjFilter@libmedia@5@PAUIRefObject@core@5@@Z 004023c0 f i umodsys_lib_libmedia:umodsys.mod.media.std.obj
 0001:000013fe       ?obj_fsave@RLibraryLayered@std@media@modules@UModSys@@UAE_NAAUSInfo@IBinObjFilter@libmedia@5@PBUIRefObject@core@5@@Z 004023fe f i umodsys_lib_libmedia:umodsys.mod.media.std.obj
 0001:0000143c       ?obj_cget@RLibraryLayered@std@media@modules@UModSys@@UAE_NABU?$TString@U?$TSCoreConst@D@su@tl@UModSys@@U?$TComparerBinaryHash@D@234@@tl@5@AAU?$TRefObject@UIRefObject@core@UModSys@@U?$TRefObjectFunc@UIRefObject@core@UModSys@@@tl@3@@75@_N@Z 0040243c f i umodsys_lib_libmedia:umodsys.mod.media.std.obj
 0001:0000147e       ?obj_cput@RLibraryLayered@std@media@modules@UModSys@@UAE_NABU?$TString@U?$TSCoreConst@D@su@tl@UModSys@@U?$TComparerBinaryHash@D@234@@tl@5@PAUIRefObject@core@5@@Z 0040247e f i umodsys_lib_libmedia:umodsys.mod.media.std.obj
 0001:000014bc       ?obj_get@RLibraryLayered@std@media@modules@UModSys@@UAE_NABU?$TString@U?$TSCoreConst@D@su@tl@UModSys@@U?$TComparerBinaryHash@D@234@@tl@5@AAU?$TRefObject@UIRefObject@core@UModSys@@U?$TRefObjectFunc@UIRefObject@core@UModSys@@@tl@3@@75@ABUSObjOptions@ILibrary@libmedia@5@@Z 004024bc f i umodsys_lib_libmedia:umodsys.mod.media.std.obj
 0001:0000164a       ?obj_load@RLibraryLayered@std@media@modules@UModSys@@UAE_NABU?$TString@U?$TSCoreConst@D@su@tl@UModSys@@U?$TComparerBinaryHash@D@234@@tl@5@PAUIRefObject@core@5@ABUSObjOptions@ILibrary@libmedia@5@@Z 0040264a f i umodsys_lib_libmedia:umodsys.mod.media.std.obj
 0001:0000174b       ?obj_save@RLibraryLayered@std@media@modules@UModSys@@UAE_NABU?$TString@U?$TSCoreConst@D@su@tl@UModSys@@U?$TComparerBinaryHash@D@234@@tl@5@PBUIRefObject@core@5@ABUSObjOptions@ILibrary@libmedia@5@@Z 0040274b f i umodsys_lib_libmedia:umodsys.mod.media.std.obj
 0001:00001871       ?layer_count@RLibraryLayered@std@media@modules@UModSys@@UBEIABUSLayer@ILibraryLayered@libmedia@5@@Z 00402871 f i umodsys_lib_libmedia:umodsys.mod.media.std.obj
 0001:00001877       ?layer_get@RLibraryLayered@std@media@modules@UModSys@@UBE?AUSLayer@ILibraryLayered@libmedia@5@I@Z 00402877 f i umodsys_lib_libmedia:umodsys.mod.media.std.obj
 0001:0000189a       ?layer_find@RLibraryLayered@std@media@modules@UModSys@@UBEIABU?$TString@U?$TSCoreConst@D@su@tl@UModSys@@U?$TComparerBinaryHash@D@234@@tl@5@I@Z 0040289a f i umodsys_lib_libmedia:umodsys.mod.media.std.obj
 0001:000018e2       ?layer_insert@RLibraryLayered@std@media@modules@UModSys@@UAE_NABUSLayer@ILibraryLayered@libmedia@5@I@Z 004028e2 f i umodsys_lib_libmedia:umodsys.mod.media.std.obj
 0001:0000195a       ?layer_remove@RLibraryLayered@std@media@modules@UModSys@@UAE_NI@Z 0040295a f i umodsys_lib_libmedia:umodsys.mod.media.std.obj
 0001:000019a4       ?layer_clear@RLibraryLayered@std@media@modules@UModSys@@UAE_NXZ 004029a4 f i umodsys_lib_libmedia:umodsys.mod.media.std.obj
 0001:000019ae       ??_ERLibraryLayered@std@media@modules@UModSys@@UAEPAXI@Z 004029ae f i  CIL library: CIL module
 0001:000019ae       ??_GRLibraryLayered@std@media@modules@UModSys@@UAEPAXI@Z 004029ae f i umodsys_lib_libmedia:umodsys.mod.media.std.obj
 0001:000019e2       ??0SLayer@ILibraryLayered@libmedia@UModSys@@QAE@ABU0123@@Z 004029e2 f i umodsys_lib_libmedia:umodsys.mod.media.std.obj
 0001:00001a0e       ?root_get_interface_info@RLibraryObjCache@std@media@modules@UModSys@@UBEABUSUniquePointerInfo@core@5@XZ 00402a0e f i umodsys_lib_libmedia:umodsys.mod.media.std.obj
 0001:00001a14       ?root_get_interface_type@RLibraryObjCache@std@media@modules@UModSys@@UBEPBUSUniquePointerInfo@core@5@XZ 00402a14 f i umodsys_lib_libmedia:umodsys.mod.media.std.obj
 0001:00001a1a       ?root_get_other_interface@RLibraryObjCache@std@media@modules@UModSys@@UBEPBUIRoot@core@5@PBUSUniquePointerInfo@75@@Z 00402a1a f i umodsys_lib_libmedia:umodsys.mod.media.std.obj
 0001:00001a1a       ?root_get_other_interface@RLibraryObjCache@std@media@modules@UModSys@@UAEPAUIRoot@core@5@PBUSUniquePointerInfo@75@@Z 00402a1a f i umodsys_lib_libmedia:umodsys.mod.media.std.obj
 0001:00001a43       ?root_is_interface_supported@RLibraryObjCache@std@media@modules@UModSys@@UBE_NPBUSUniquePointerInfo@core@5@@Z 00402a43 f i umodsys_lib_libmedia:umodsys.mod.media.std.obj
 0001:00001a6a       ?ref_weak@RLibraryBinCache@std@media@modules@UModSys@@UBE_NAAUWeakPointer@IRefObject@core@5@@Z 00402a6a f i umodsys_lib_libmedia:umodsys.mod.media.std.obj
 0001:00001a6a       ?ref_weak@RLibraryBinTree@std@media@modules@UModSys@@UBE_NAAUWeakPointer@IRefObject@core@5@@Z 00402a6a f i umodsys_lib_libmedia:umodsys.mod.media.std.obj
 0001:00001a6a       ?ref_weak@RLibraryLayered@std@media@modules@UModSys@@UBE_NAAUWeakPointer@IRefObject@core@5@@Z 00402a6a f i umodsys_lib_libmedia:umodsys.mod.media.std.obj
 0001:00001a6a       ?ref_weak@RLibraryObjCache@std@media@modules@UModSys@@UBE_NAAUWeakPointer@IRefObject@core@5@@Z 00402a6a f i umodsys_lib_libmedia:umodsys.mod.media.std.obj
 0001:00001a6a       ?ref_weak@RDataArchiver_OsDir@stdio@media@modules@UModSys@@UBE_NAAUWeakPointer@IRefObject@core@5@@Z 00402a6a f i umodsys_lib_libmedia:umodsys.mod.media.stdio.obj
 0001:00001a6a       ?ref_weak@RLibraryObjFilter@std@media@modules@UModSys@@UBE_NAAUWeakPointer@IRefObject@core@5@@Z 00402a6a f i umodsys_lib_libmedia:umodsys.mod.media.std.obj
 0001:00001a89       ??0RLibraryObjCache@std@media@modules@UModSys@@QAE@PAUIModObject@base@4@ABUSParameters@core@4@U?$TFlags4State@USMediaFlagUid@libmedia@UModSys@@I@tl@4@@Z 00402a89 f i umodsys_lib_libmedia:umodsys.mod.media.std.obj
 0001:00001ae6       ?get_flags_auto@RLibraryObjCache@std@media@modules@UModSys@@UBE?AU?$TFlags4State@USMediaFlagUid@libmedia@UModSys@@I@tl@5@XZ 00402ae6 f i umodsys_lib_libmedia:umodsys.mod.media.std.obj
 0001:00001af5       ?bin_writer@RLibraryObjCache@std@media@modules@UModSys@@UAE?AU?$TRefObject@UIStreamWriter@libmedia@UModSys@@U?$TRefObjectFunc@UIStreamWriter@libmedia@UModSys@@@tl@3@@tl@5@ABU?$TString@U?$TSCoreConst@D@su@tl@UModSys@@U?$TComparerBinaryHash@D@234@@75@ABUSFlags@libmedia@5@@Z 00402af5 f i umodsys_lib_libmedia:umodsys.mod.media.std.obj
 0001:00001af5       ?bin_reader@RLibraryObjCache@std@media@modules@UModSys@@UAE?AU?$TRefObject@UIStreamReader@libmedia@UModSys@@U?$TRefObjectFunc@UIStreamReader@libmedia@UModSys@@@tl@3@@tl@5@ABU?$TString@U?$TSCoreConst@D@su@tl@UModSys@@U?$TComparerBinaryHash@D@234@@75@ABUSFlags@libmedia@5@@Z 00402af5 f i umodsys_lib_libmedia:umodsys.mod.media.std.obj
 0001:00001af5       ?bin_writer@RLibraryObjFilter@std@media@modules@UModSys@@UAE?AU?$TRefObject@UIStreamWriter@libmedia@UModSys@@U?$TRefObjectFunc@UIStreamWriter@libmedia@UModSys@@@tl@3@@tl@5@ABU?$TString@U?$TSCoreConst@D@su@tl@UModSys@@U?$TComparerBinaryHash@D@234@@75@ABUSFlags@libmedia@5@@Z 00402af5 f i umodsys_lib_libmedia:umodsys.mod.media.std.obj
 0001:00001af5       ?bin_reader@RLibraryBinCache@std@media@modules@UModSys@@UAE?AU?$TRefObject@UIStreamReader@libmedia@UModSys@@U?$TRefObjectFunc@UIStreamReader@libmedia@UModSys@@@tl@3@@tl@5@ABU?$TString@U?$TSCoreConst@D@su@tl@UModSys@@U?$TComparerBinaryHash@D@234@@75@ABUSFlags@libmedia@5@@Z 00402af5 f i umodsys_lib_libmedia:umodsys.mod.media.std.obj
 0001:00001af5       ?bin_reader@RLibraryObjFilter@std@media@modules@UModSys@@UAE?AU?$TRefObject@UIStreamReader@libmedia@UModSys@@U?$TRefObjectFunc@UIStreamReader@libmedia@UModSys@@@tl@3@@tl@5@ABU?$TString@U?$TSCoreConst@D@su@tl@UModSys@@U?$TComparerBinaryHash@D@234@@75@ABUSFlags@libmedia@5@@Z 00402af5 f i umodsys_lib_libmedia:umodsys.mod.media.std.obj
 0001:00001af5       ?bin_writer@RLibraryBinCache@std@media@modules@UModSys@@UAE?AU?$TRefObject@UIStreamWriter@libmedia@UModSys@@U?$TRefObjectFunc@UIStreamWriter@libmedia@UModSys@@@tl@3@@tl@5@ABU?$TString@U?$TSCoreConst@D@su@tl@UModSys@@U?$TComparerBinaryHash@D@234@@75@ABUSFlags@libmedia@5@@Z 00402af5 f i umodsys_lib_libmedia:umodsys.mod.media.std.obj
 0001:00001b07       ?obj_fload@RLibraryBinTree@std@media@modules@UModSys@@UAE_NABUSInfo@IBinObjFilter@libmedia@5@PAUIRefObject@core@5@@Z 00402b07 f i umodsys_lib_libmedia:umodsys.mod.media.std.obj
 0001:00001b07       ?obj_cput@RLibraryBinTree@std@media@modules@UModSys@@UAE_NABU?$TString@U?$TSCoreConst@D@su@tl@UModSys@@U?$TComparerBinaryHash@D@234@@tl@5@PAUIRefObject@core@5@@Z 00402b07 f i umodsys_lib_libmedia:umodsys.mod.media.std.obj
 0001:00001b07       ?obj_fget@RLibraryBinTree@std@media@modules@UModSys@@UAE_NABUSInfo@IBinObjFilter@libmedia@5@AAU?$TRefObject@UIRefObject@core@UModSys@@U?$TRefObjectFunc@UIRefObject@core@UModSys@@@tl@3@@tl@5@@Z 00402b07 f i umodsys_lib_libmedia:umodsys.mod.media.std.obj
 0001:00001b07       ?obj_fsave@RLibraryBinCache@std@media@modules@UModSys@@UAE_NAAUSInfo@IBinObjFilter@libmedia@5@PBUIRefObject@core@5@@Z 00402b07 f i umodsys_lib_libmedia:umodsys.mod.media.std.obj
 0001:00001b07       ?obj_cput@RLibraryObjFilter@std@media@modules@UModSys@@UAE_NABU?$TString@U?$TSCoreConst@D@su@tl@UModSys@@U?$TComparerBinaryHash@D@234@@tl@5@PAUIRefObject@core@5@@Z 00402b07 f i umodsys_lib_libmedia:umodsys.mod.media.std.obj
 0001:00001b07       ?obj_fsave@RLibraryObjCache@std@media@modules@UModSys@@UAE_NAAUSInfo@IBinObjFilter@libmedia@5@PBUIRefObject@core@5@@Z 00402b07 f i umodsys_lib_libmedia:umodsys.mod.media.std.obj
 0001:00001b07       ?obj_cput@RLibraryBinCache@std@media@modules@UModSys@@UAE_NABU?$TString@U?$TSCoreConst@D@su@tl@UModSys@@U?$TComparerBinaryHash@D@234@@tl@5@PAUIRefObject@core@5@@Z 00402b07 f i umodsys_lib_libmedia:umodsys.mod.media.std.obj
 0001:00001b07       ?obj_fload@RLibraryObjCache@std@media@modules@UModSys@@UAE_NABUSInfo@IBinObjFilter@libmedia@5@PAUIRefObject@core@5@@Z 00402b07 f i umodsys_lib_libmedia:umodsys.mod.media.std.obj
 0001:00001b07       ?bin_put@RLibraryObjFilter@std@media@modules@UModSys@@UAE_NABU?$TString@U?$TSCoreConst@D@su@tl@UModSys@@U?$TComparerBinaryHash@D@234@@tl@5@PBUSCMemShared@core@5@@Z 00402b07 f i umodsys_lib_libmedia:umodsys.mod.media.std.obj
 0001:00001b07       ?obj_fget@RLibraryBinCache@std@media@modules@UModSys@@UAE_NABUSInfo@IBinObjFilter@libmedia@5@AAU?$TRefObject@UIRefObject@core@UModSys@@U?$TRefObjectFunc@UIRefObject@core@UModSys@@@tl@3@@tl@5@@Z 00402b07 f i umodsys_lib_libmedia:umodsys.mod.media.std.obj
 0001:00001b07       ?obj_fload@RLibraryBinCache@std@media@modules@UModSys@@UAE_NABUSInfo@IBinObjFilter@libmedia@5@PAUIRefObject@core@5@@Z 00402b07 f i umodsys_lib_libmedia:umodsys.mod.media.std.obj
 0001:00001b07       ?bin_put@RLibraryObjCache@std@media@modules@UModSys@@UAE_NABU?$TString@U?$TSCoreConst@D@su@tl@UModSys@@U?$TComparerBinaryHash@D@234@@tl@5@PBUSCMemShared@core@5@@Z 00402b07 f i umodsys_lib_libmedia:umodsys.mod.media.std.obj
 0001:00001b07       ?bin_put@RLibraryBinTree@std@media@modules@UModSys@@UAE_NABU?$TString@U?$TSCoreConst@D@su@tl@UModSys@@U?$TComparerBinaryHash@D@234@@tl@5@PBUSCMemShared@core@5@@Z 00402b07 f i umodsys_lib_libmedia:umodsys.mod.media.std.obj
 0001:00001b07       ?obj_fget@RLibraryObjCache@std@media@modules@UModSys@@UAE_NABUSInfo@IBinObjFilter@libmedia@5@AAU?$TRefObject@UIRefObject@core@UModSys@@U?$TRefObjectFunc@UIRefObject@core@UModSys@@@tl@3@@tl@5@@Z 00402b07 f i umodsys_lib_libmedia:umodsys.mod.media.std.obj
 0001:00001b07       ?obj_fsave@RLibraryBinTree@std@media@modules@UModSys@@UAE_NAAUSInfo@IBinObjFilter@libmedia@5@PBUIRefObject@core@5@@Z 00402b07 f i umodsys_lib_libmedia:umodsys.mod.media.std.obj
 0001:00001b0c       ?obj_cput@RLibraryObjCache@std@media@modules@UModSys@@UAE_NABU?$TString@U?$TSCoreConst@D@su@tl@UModSys@@U?$TComparerBinaryHash@D@234@@tl@5@PAUIRefObject@core@5@@Z 00402b0c f i umodsys_lib_libmedia:umodsys.mod.media.std.obj
 0001:00001b11       ?obj_get@RLibraryObjCache@std@media@modules@UModSys@@UAE_NABU?$TString@U?$TSCoreConst@D@su@tl@UModSys@@U?$TComparerBinaryHash@D@234@@tl@5@AAU?$TRefObject@UIRefObject@core@UModSys@@U?$TRefObjectFunc@UIRefObject@core@UModSys@@@tl@3@@75@ABUSObjOptions@ILibrary@libmedia@5@@Z 00402b11 f i umodsys_lib_libmedia:umodsys.mod.media.std.obj
 0001:00001b97       ?objcache_get@RLibraryObjCache@std@media@modules@UModSys@@UBE_NABU?$TString@U?$TSCoreConst@D@su@tl@UModSys@@U?$TComparerBinaryHash@D@234@@tl@5@PAU?$TRefObject@UIRefObject@core@UModSys@@U?$TRefObjectFunc@UIRefObject@core@UModSys@@@tl@3@@75@PA_N@Z 00402b97 f i umodsys_lib_libmedia:umodsys.mod.media.std.obj
 0001:00001c03       ?objcache_add@RLibraryObjCache@std@media@modules@UModSys@@UAE_NABU?$TString@U?$TSCoreConst@D@su@tl@UModSys@@U?$TComparerBinaryHash@D@234@@tl@5@PAUIRefObject@core@5@@Z 00402c03 f i umodsys_lib_libmedia:umodsys.mod.media.std.obj
 0001:00001caf       ?objcache_remove@RLibraryObjCache@std@media@modules@UModSys@@UAE_NABU?$TString@U?$TSCoreConst@D@su@tl@UModSys@@U?$TComparerBinaryHash@D@234@@tl@5@@Z 00402caf f i umodsys_lib_libmedia:umodsys.mod.media.std.obj
 0001:00001ce6       ?objcache_clear@RLibraryObjCache@std@media@modules@UModSys@@UAE_NXZ 00402ce6 f i umodsys_lib_libmedia:umodsys.mod.media.std.obj
 0001:00001d04       ??_GRLibraryObjCache@std@media@modules@UModSys@@UAEPAXI@Z 00402d04 f i umodsys_lib_libmedia:umodsys.mod.media.std.obj
 0001:00001d04       ??_ERLibraryObjCache@std@media@modules@UModSys@@UAEPAXI@Z 00402d04 f i  CIL library: CIL module
 0001:00001d61       ?root_get_interface_info@RLibraryObjFilter@std@media@modules@UModSys@@UBEABUSUniquePointerInfo@core@5@XZ 00402d61 f i umodsys_lib_libmedia:umodsys.mod.media.std.obj
 0001:00001d67       ?root_get_interface_type@RLibraryObjFilter@std@media@modules@UModSys@@UBEPBUSUniquePointerInfo@core@5@XZ 00402d67 f i umodsys_lib_libmedia:umodsys.mod.media.std.obj
 0001:00001d6d       ?root_get_other_interface@RLibraryObjFilter@std@media@modules@UModSys@@UAEPAUIRoot@core@5@PBUSUniquePointerInfo@75@@Z 00402d6d f i umodsys_lib_libmedia:umodsys.mod.media.std.obj
 0001:00001d6d       ?root_get_other_interface@RLibraryObjFilter@std@media@modules@UModSys@@UBEPBUIRoot@core@5@PBUSUniquePointerInfo@75@@Z 00402d6d f i umodsys_lib_libmedia:umodsys.mod.media.std.obj
 0001:00001d96       ?root_is_interface_supported@RLibraryObjFilter@std@media@modules@UModSys@@UBE_NPBUSUniquePointerInfo@core@5@@Z 00402d96 f i umodsys_lib_libmedia:umodsys.mod.media.std.obj
 0001:00001dbd       ?ref_remove@RLibraryBinCache@std@media@modules@UModSys@@UBEXXZ 00402dbd f i umodsys_lib_libmedia:umodsys.mod.media.std.obj
 0001:00001dbd       ?ref_remove@RLibraryLayered@std@media@modules@UModSys@@UBEXXZ 00402dbd f i umodsys_lib_libmedia:umodsys.mod.media.std.obj
 0001:00001dbd       ?ref_remove@RLibraryObjCache@std@media@modules@UModSys@@UBEXXZ 00402dbd f i umodsys_lib_libmedia:umodsys.mod.media.std.obj
 0001:00001dbd       ?ref_remove@RLibraryObjFilter@std@media@modules@UModSys@@UBEXXZ 00402dbd f i umodsys_lib_libmedia:umodsys.mod.media.std.obj
 0001:00001dbd       ?ref_remove@RLibraryBinTree@std@media@modules@UModSys@@UBEXXZ 00402dbd f i umodsys_lib_libmedia:umodsys.mod.media.std.obj
 0001:00001dbd       ?ref_remove@RDataArchiver_OsDir@stdio@media@modules@UModSys@@UBEXXZ 00402dbd f i umodsys_lib_libmedia:umodsys.mod.media.stdio.obj
 0001:00001dc8       ?suicide@RLibraryObjCache@std@media@modules@UModSys@@UAEXXZ 00402dc8 f i umodsys_lib_libmedia:umodsys.mod.media.std.obj
 0001:00001dc8       ?suicide@RDataArchiver_OsDir@stdio@media@modules@UModSys@@UAEXXZ 00402dc8 f i umodsys_lib_libmedia:umodsys.mod.media.stdio.obj
 0001:00001dc8       ?suicide@RLibraryBinTree@std@media@modules@UModSys@@UAEXXZ 00402dc8 f i umodsys_lib_libmedia:umodsys.mod.media.std.obj
 0001:00001dc8       ?suicide@RLibraryLayered@std@media@modules@UModSys@@UAEXXZ 00402dc8 f i umodsys_lib_libmedia:umodsys.mod.media.std.obj
 0001:00001dc8       ?suicide@RLibraryBinCache@std@media@modules@UModSys@@UAEXXZ 00402dc8 f i umodsys_lib_libmedia:umodsys.mod.media.std.obj
 0001:00001dc8       ?suicide@RLibraryObjFilter@std@media@modules@UModSys@@UAEXXZ 00402dc8 f i umodsys_lib_libmedia:umodsys.mod.media.std.obj
 0001:00001e0f       ??0RLibraryObjFilter@std@media@modules@UModSys@@QAE@PAUIModObject@base@4@ABUSParameters@core@4@U?$TFlags4State@USMediaFlagUid@libmedia@UModSys@@I@tl@4@@Z 00402e0f f i umodsys_lib_libmedia:umodsys.mod.media.std.obj
 0001:00001e6c       ?get_flags_auto@RLibraryObjFilter@std@media@modules@UModSys@@UBE?AU?$TFlags4State@USMediaFlagUid@libmedia@UModSys@@I@tl@5@XZ 00402e6c f i umodsys_lib_libmedia:umodsys.mod.media.std.obj
 0001:00001e7b       ?obj_fget@RLibraryObjFilter@std@media@modules@UModSys@@UAE_NABUSInfo@IBinObjFilter@libmedia@5@AAU?$TRefObject@UIRefObject@core@UModSys@@U?$TRefObjectFunc@UIRefObject@core@UModSys@@@tl@3@@tl@5@@Z 00402e7b f i umodsys_lib_libmedia:umodsys.mod.media.std.obj
 0001:00001e83       ?obj_fload@RLibraryObjFilter@std@media@modules@UModSys@@UAE_NABUSInfo@IBinObjFilter@libmedia@5@PAUIRefObject@core@5@@Z 00402e83 f i umodsys_lib_libmedia:umodsys.mod.media.std.obj
 0001:00001e88       ?obj_fsave@RLibraryObjFilter@std@media@modules@UModSys@@UAE_NAAUSInfo@IBinObjFilter@libmedia@5@PBUIRefObject@core@5@@Z 00402e88 f i umodsys_lib_libmedia:umodsys.mod.media.std.obj
 0001:00001e90       ?filters_add@RLibraryObjFilter@std@media@modules@UModSys@@UAE_NU?$TRefObject@UIBinObjFilter@libmedia@UModSys@@U?$TRefObjectFunc@UIBinObjFilter@libmedia@UModSys@@@tl@3@@tl@5@PBUSParameters@core@5@H@Z 00402e90 f i umodsys_lib_libmedia:umodsys.mod.media.std.obj
 0001:00001f2c       ?filters_remove@RLibraryObjFilter@std@media@modules@UModSys@@UAE_NPAUIBinObjFilter@libmedia@5@H@Z 00402f2c f i umodsys_lib_libmedia:umodsys.mod.media.std.obj
 0001:00001f7c       ?filters_clear@RLibraryObjFilter@std@media@modules@UModSys@@UAE_NXZ 00402f7c f i umodsys_lib_libmedia:umodsys.mod.media.std.obj
 0001:00001f9a       ?filters_load@RLibraryObjFilter@std@media@modules@UModSys@@UAE_NABUSInfo@IBinObjFilter@libmedia@5@AAU?$TRefObject@UIRefObject@core@UModSys@@U?$TRefObjectFunc@UIRefObject@core@UModSys@@@tl@3@@tl@5@@Z 00402f9a f i umodsys_lib_libmedia:umodsys.mod.media.std.obj
 0001:00001ff7       ?filters_load@RLibraryObjFilter@std@media@modules@UModSys@@UAE_NABUSInfo@IBinObjFilter@libmedia@5@PAUIRefObject@core@5@@Z 00402ff7 f i umodsys_lib_libmedia:umodsys.mod.media.std.obj
 0001:00002054       ?filters_save@RLibraryObjFilter@std@media@modules@UModSys@@UAE_NAAUSInfo@IBinObjFilter@libmedia@5@PBUIRefObject@core@5@@Z 00403054 f i umodsys_lib_libmedia:umodsys.mod.media.std.obj
 0001:000020b1       ??_GRLibraryObjFilter@std@media@modules@UModSys@@UAEPAXI@Z 004030b1 f i umodsys_lib_libmedia:umodsys.mod.media.std.obj
 0001:000020b1       ??_ERLibraryObjFilter@std@media@modules@UModSys@@UAEPAXI@Z 004030b1 f i  CIL library: CIL module
 0001:0000210e       ?get_generated_names@RGenerator@std@media@modules@UModSys@@UBEHAAUSUniquePtrList@core@5@@Z 0040310e f i umodsys_lib_libmedia:umodsys.mod.media.std.obj
 0001:00002156       ?get_generated_types@RGenerator@std@media@modules@UModSys@@UBEHAAUSUniquePtrList@core@5@PBUSUniquePointerInfo@75@@Z 00403156 f i umodsys_lib_libmedia:umodsys.mod.media.std.obj
 0001:000021fa       ?generate@RGenerator@std@media@modules@UModSys@@UAE_NAAU?$TRefObject@UIRefObject@core@UModSys@@U?$TRefObjectFunc@UIRefObject@core@UModSys@@@tl@3@@tl@5@PBUSUniquePointerInfo@core@5@ABUSParameters@95@@Z 004031fa f i umodsys_lib_libmedia:umodsys.mod.media.std.obj
 0001:0000229d       ?root_get_interface_info@RGenerator@std@media@modules@UModSys@@UBEABUSUniquePointerInfo@core@5@XZ 0040329d f i umodsys_lib_libmedia:umodsys.mod.media.std.obj
 0001:000022a3       ?root_get_interface_type@RGenerator@std@media@modules@UModSys@@UBEPBUSUniquePointerInfo@core@5@XZ 004032a3 f i umodsys_lib_libmedia:umodsys.mod.media.std.obj
 0001:000022a9       ?root_get_other_interface@RGenerator@std@media@modules@UModSys@@UAEPAUIRoot@core@5@PBUSUniquePointerInfo@75@@Z 004032a9 f i umodsys_lib_libmedia:umodsys.mod.media.std.obj
 0001:000022a9       ?root_get_other_interface@RGenerator@std@media@modules@UModSys@@UBEPBUIRoot@core@5@PBUSUniquePointerInfo@75@@Z 004032a9 f i umodsys_lib_libmedia:umodsys.mod.media.std.obj
 0001:000022d2       ?root_is_interface_supported@RGenerator@std@media@modules@UModSys@@UBE_NPBUSUniquePointerInfo@core@5@@Z 004032d2 f i umodsys_lib_libmedia:umodsys.mod.media.std.obj
 0001:000022f1       ?ref_links@RGenerator@std@media@modules@UModSys@@UBEHXZ 004032f1 f i umodsys_lib_libmedia:umodsys.mod.media.std.obj
 0001:000022f1       ?ref_links@RStreamWriter_FILE@stdio@media@modules@UModSys@@UBEHXZ 004032f1 f i umodsys_lib_libmedia:umodsys.mod.media.stdio.obj
 0001:000022f1       ?get_system@IModuleLibraryUni@rsystem@base@UModSys@@UBEPAUISystem@34@XZ 004032f1 f i umodsys_lib_basesys:umodsys.basesys.rmodulelib.obj
 0001:000022f1       ?ref_links@RGenerator@stdio@media@modules@UModSys@@UBEHXZ 004032f1 f i umodsys_lib_libmedia:umodsys.mod.media.stdio.obj
 0001:000022f1       ?ref_links@RStreamReader_FILE@stdio@media@modules@UModSys@@UBEHXZ 004032f1 f i umodsys_lib_libmedia:umodsys.mod.media.stdio.obj
 0001:000022f5       ?ref_add@RConsole_std@rsystem@base@UModSys@@UBEXXZ 004032f5 f i umodsys_lib_basesys:umodsys.basesys.rconsole_std.obj
 0001:000022f5       ?ref_remove@RConsole_std@rsystem@base@UModSys@@UBEXXZ 004032f5 f i umodsys_lib_basesys:umodsys.basesys.rconsole_std.obj
 0001:000022f5       ?suicide@RGenerator@std@media@modules@UModSys@@UAEXXZ 004032f5 f i umodsys_lib_libmedia:umodsys.mod.media.std.obj
 0001:000022f5       ??3@YAXPAX0@Z              004032f5 f i umodsys_lib_libmedia:umodsys.mod.media.std.obj
 0001:000022f5       ?suicide@RGenerator@stdio@media@modules@UModSys@@UAEXXZ 004032f5 f i umodsys_lib_libmedia:umodsys.mod.media.stdio.obj
 0001:000022f6       ?get_uid@RGenerator@std@media@modules@UModSys@@UBEPBUSUniquePointerInfo@core@5@XZ 004032f6 f i umodsys_lib_libmedia:umodsys.mod.media.std.obj
 0001:000022fc       ?do_open@RModuleReg@std@media@modules@UModSys@@UAE_NXZ 004032fc f i umodsys_lib_libmedia:umodsys.mod.media.std.obj
 0001:0000234a       ?do_close@RModuleReg@std@media@modules@UModSys@@UAE_NXZ 0040334a f i umodsys_lib_libmedia:umodsys.mod.media.std.obj
 0001:00002385       ?get_module@RGenerator@std@media@modules@UModSys@@UBEPAUIModule@base@5@XZ 00403385 f   umodsys_lib_libmedia:umodsys.mod.media.std.obj
 0001:0000238b       ?mod_inc@RGenerator@std@media@modules@UModSys@@UBE_NXZ 0040338b f   umodsys_lib_libmedia:umodsys.mod.media.std.obj
 0001:00002396       ?mod_dec@RGenerator@std@media@modules@UModSys@@UBE_NXZ 00403396 f   umodsys_lib_libmedia:umodsys.mod.media.std.obj
 0001:000023a1       ?s_holder@RGenerator@std@media@modules@UModSys@@SAAAU?$TTypeStaticHolder@URGenerator@std@media@modules@UModSys@@@tl@5@XZ 004033a1 f   umodsys_lib_libmedia:umodsys.mod.media.std.obj
 0001:000023d3       ??0?$TString@U?$TSCoreShared@USIMemAlloc@core@UModSys@@D@su@tl@UModSys@@U?$TComparerBinaryHash@D@234@@tl@UModSys@@QAE@ABU?$TSCoreConst@D@su@12@@Z 004033d3 f i umodsys_lib_libmedia:umodsys.mod.media.std.obj
 0001:00002413       ??4?$TString@U?$TSCoreShared@USIMemAlloc@core@UModSys@@D@su@tl@UModSys@@U?$TComparerBinaryHash@D@234@@tl@UModSys@@QAEABU012@ABU012@@Z 00403413 f i umodsys_lib_libmedia:umodsys.mod.media.std.obj
 0001:00002434       ??1?$TSCoreShared@USIMemAlloc@core@UModSys@@D@su@tl@UModSys@@QAE@XZ 00403434 f i umodsys_lib_libmedia:umodsys.mod.media.std.obj
 0001:00002434       ??1?$TString@U?$TSCoreShared@USIMemAlloc@core@UModSys@@D@su@tl@UModSys@@U?$TComparerBinaryHash@D@234@@tl@UModSys@@QAE@XZ 00403434 f i umodsys_lib_libmedia:umodsys.mod.media.std.obj
 0001:00002439       ??4?$TRefObject@UIRefObject@core@UModSys@@U?$TRefObjectFunc@UIRefObject@core@UModSys@@@tl@3@@tl@UModSys@@QAEABU012@PAUIRefObject@core@2@@Z 00403439 f i umodsys_lib_libmedia:umodsys.mod.media.std.obj
 0001:00002454       ??R?$TScatterArray@USFilter@RLibraryObjFilter@std@media@modules@UModSys@@USId@23456@U723456@U?$TNodeDeleter0@U?$TScatterArrayNode@USFilter@RLibraryObjFilter@std@media@modules@UModSys@@USId@23456@@tl@UModSys@@@tl@6@@tl@UModSys@@QAEPAUSFilter@RLibraryObjFilter@std@media@modules@2@ABUSId@45672@PAUVoid@core@2@@Z 00403454 f i umodsys_lib_libmedia:umodsys.mod.media.std.obj
 0001:000024b7       ??E?$TTreeIterRB@$$CBU?$TScatterArrayNode@USFilter@RLibraryObjFilter@std@media@modules@UModSys@@USId@23456@@tl@UModSys@@$$CBU?$TPair@USId@RLibraryObjFilter@std@media@modules@UModSys@@USFilter@23456@@23@@tl@UModSys@@QAE?AU012@XZ 004034b7 f i umodsys_lib_libmedia:umodsys.mod.media.std.obj
 0001:000024b7       ??E?$TTreeIterRB@$$CBU?$TScatterArrayNode@USMountInfo@RLibraryBinTree@std@media@modules@UModSys@@USId@ILibraryBinTree@libmedia@6@@tl@UModSys@@$$CBU?$TPair@USId@ILibraryBinTree@libmedia@UModSys@@USMountInfo@RLibraryBinTree@std@media@modules@4@@23@@tl@UModSys@@QAE?AU012@XZ 004034b7 f i umodsys_lib_libmedia:umodsys.mod.media.std.obj
 0001:000024e1       ??1?$TDynarray@U?$TDynarrayHolderDynamic@USLayerX@RLibraryLayered@std@media@modules@UModSys@@U?$TAllocator@USIMemAlloc@core@UModSys@@USCountCalcPower2@23@@tl@6@@tl@UModSys@@@tl@UModSys@@QAE@XZ 004034e1 f i umodsys_lib_libmedia:umodsys.mod.media.std.obj
 0001:00002521       ?Resize@?$TDynarray@U?$TDynarrayHolderDynamic@USLayerX@RLibraryLayered@std@media@modules@UModSys@@U?$TAllocator@USIMemAlloc@core@UModSys@@USCountCalcPower2@23@@tl@6@@tl@UModSys@@@tl@UModSys@@QAE_NI@Z 00403521 f i umodsys_lib_libmedia:umodsys.mod.media.std.obj
 0001:00002589       ?set@?$TSCoreShared@USIMemAlloc@core@UModSys@@D@su@tl@UModSys@@QAEXPBD@Z 00403589 f i umodsys_lib_libmedia:umodsys.mod.media.std.obj
 0001:000025b8       ?remove_node@?$TTreeHoldRB@U?$TScatterArrayNode@USCacheElem@RLibraryBinCache@std@media@modules@UModSys@@U?$TString@U?$TSCoreConst@D@su@tl@UModSys@@U?$TComparerBinaryHash@D@234@@tl@6@@tl@UModSys@@@tl@UModSys@@QAEXPAU?$TScatterArrayNode@USCacheElem@RLibraryBinCache@std@media@modules@UModSys@@U?$TString@U?$TSCoreConst@D@su@tl@UModSys@@U?$TComparerBinaryHash@D@234@@tl@6@@23@@Z 004035b8 f i umodsys_lib_libmedia:umodsys.mod.media.std.obj
 0001:000025b8       ?remove_node@?$TTreeHoldRB@U?$TScatterArrayNode@USCacheElem@RLibraryObjCache@std@media@modules@UModSys@@U?$TString@U?$TSCoreConst@D@su@tl@UModSys@@U?$TComparerBinaryHash@D@234@@tl@6@@tl@UModSys@@@tl@UModSys@@QAEXPAU?$TScatterArrayNode@USCacheElem@RLibraryObjCache@std@media@modules@UModSys@@U?$TString@U?$TSCoreConst@D@su@tl@UModSys@@U?$TComparerBinaryHash@D@234@@tl@6@@23@@Z 004035b8 f i umodsys_lib_libmedia:umodsys.mod.media.std.obj
 0001:000025b8       ?remove_node@?$TTreeHoldRB@U?$TScatterArrayNode@USMountInfo@RLibraryBinTree@std@media@modules@UModSys@@USId@ILibraryBinTree@libmedia@6@@tl@UModSys@@@tl@UModSys@@QAEXPAU?$TScatterArrayNode@USMountInfo@RLibraryBinTree@std@media@modules@UModSys@@USId@ILibraryBinTree@libmedia@6@@23@@Z 004035b8 f i umodsys_lib_libmedia:umodsys.mod.media.std.obj
 0001:000025b8       ?remove_node@?$TTreeHoldRB@U?$TScatterArrayNode@USFilter@RLibraryObjFilter@std@media@modules@UModSys@@USId@23456@@tl@UModSys@@@tl@UModSys@@QAEXPAU?$TScatterArrayNode@USFilter@RLibraryObjFilter@std@media@modules@UModSys@@USId@23456@@23@@Z 004035b8 f i umodsys_lib_libmedia:umodsys.mod.media.std.obj
 0001:00002695       ?set@?$TSCoreShared@USIMemAlloc@core@UModSys@@D@su@tl@UModSys@@QAEXPBDI@Z 00403695 f i umodsys_lib_libmedia:umodsys.mod.media.std.obj
 0001:000026f2       ??1?$TPair@U?$TString@U?$TSCoreConst@D@su@tl@UModSys@@U?$TComparerBinaryHash@D@234@@tl@UModSys@@USCacheElem@RLibraryBinCache@std@media@modules@3@@tl@UModSys@@QAE@XZ 004036f2 f i umodsys_lib_libmedia:umodsys.mod.media.std.obj
 0001:000026fc       ??1?$TPair@USId@ILibraryBinTree@libmedia@UModSys@@USMountInfo@RLibraryBinTree@std@media@modules@4@@tl@UModSys@@QAE@XZ 004036fc f i umodsys_lib_libmedia:umodsys.mod.media.std.obj
 0001:00002706       ??1?$TPair@U?$TString@U?$TSCoreConst@D@su@tl@UModSys@@U?$TComparerBinaryHash@D@234@@tl@UModSys@@USCacheElem@RLibraryObjCache@std@media@modules@3@@tl@UModSys@@QAE@XZ 00403706 f i umodsys_lib_libmedia:umodsys.mod.media.std.obj
 0001:00002710       ??1?$TPair@USId@RLibraryObjFilter@std@media@modules@UModSys@@USFilter@23456@@tl@UModSys@@QAE@XZ 00403710 f i umodsys_lib_libmedia:umodsys.mod.media.std.obj
 0001:00002721       ??1SCacheElem@RLibraryBinCache@std@media@modules@UModSys@@QAE@XZ 00403721 f i umodsys_lib_libmedia:umodsys.mod.media.std.obj
 0001:00002757       ??1SMountInfo@RLibraryBinTree@std@media@modules@UModSys@@QAE@XZ 00403757 f i umodsys_lib_libmedia:umodsys.mod.media.std.obj
 0001:00002796       ??1SCacheElem@RLibraryObjCache@std@media@modules@UModSys@@QAE@XZ 00403796 f i umodsys_lib_libmedia:umodsys.mod.media.std.obj
 0001:000027d0       ??$?8U?$TSCoreConst@D@su@tl@UModSys@@U?$TComparerBinaryHash@D@123@@?$TString@U?$TSCoreConst@D@su@tl@UModSys@@U?$TComparerBinaryHash@D@234@@tl@UModSys@@QBE_NABU012@@Z 004037d0 f i umodsys_lib_libmedia:umodsys.mod.media.std.obj
 0001:0000280b       ?info_release@?$TSCoreShared@USIMemAlloc@core@UModSys@@D@su@tl@UModSys@@QAEXXZ 0040380b f i umodsys_lib_libmedia:umodsys.mod.media.std.obj
 0001:0000283b       ??$compare@U?$TSCoreConst@D@su@tl@UModSys@@@?$TString@U?$TSCoreConst@D@su@tl@UModSys@@U?$TComparerBinaryHash@D@234@@tl@UModSys@@QBEHABU012@@Z 0040383b f i umodsys_lib_libmedia:umodsys.mod.media.std.obj
 0001:00002896       ??$yes@U?$TFlags4StateShift@USMediaFlagUid@libmedia@UModSys@@I$00@tl@UModSys@@@SFlags@libmedia@UModSys@@QBE_NPBUIResolverAuto@012@@Z 00403896 f i umodsys_lib_libmedia:umodsys.mod.media.std.obj
 0001:000028e7       ??$yes@U?$TFlags4StateShift@USMediaFlagUid@libmedia@UModSys@@I$02@tl@UModSys@@@SFlags@libmedia@UModSys@@QBE_NPBUIResolverAuto@012@@Z 004038e7 f i umodsys_lib_libmedia:umodsys.mod.media.std.obj
 0001:00002938       ?remove_color@?$TTreeHoldRB@U?$TScatterArrayNode@USMountInfo@RLibraryBinTree@std@media@modules@UModSys@@USId@ILibraryBinTree@libmedia@6@@tl@UModSys@@@tl@UModSys@@IAEXPAU?$TScatterArrayNode@USMountInfo@RLibraryBinTree@std@media@modules@UModSys@@USId@ILibraryBinTree@libmedia@6@@23@0@Z 00403938 f i umodsys_lib_libmedia:umodsys.mod.media.std.obj
 0001:00002938       ?remove_color@?$TTreeHoldRB@U?$TScatterArrayNode@USFilter@RLibraryObjFilter@std@media@modules@UModSys@@USId@23456@@tl@UModSys@@@tl@UModSys@@IAEXPAU?$TScatterArrayNode@USFilter@RLibraryObjFilter@std@media@modules@UModSys@@USId@23456@@23@0@Z 00403938 f i umodsys_lib_libmedia:umodsys.mod.media.std.obj
 0001:00002938       ?remove_color@?$TTreeHoldRB@U?$TScatterArrayNode@USCacheElem@RLibraryObjCache@std@media@modules@UModSys@@U?$TString@U?$TSCoreConst@D@su@tl@UModSys@@U?$TComparerBinaryHash@D@234@@tl@6@@tl@UModSys@@@tl@UModSys@@IAEXPAU?$TScatterArrayNode@USCacheElem@RLibraryObjCache@std@media@modules@UModSys@@U?$TString@U?$TSCoreConst@D@su@tl@UModSys@@U?$TComparerBinaryHash@D@234@@tl@6@@23@0@Z 00403938 f i umodsys_lib_libmedia:umodsys.mod.media.std.obj
 0001:00002938       ?remove_color@?$TTreeHoldRB@U?$TScatterArrayNode@USCacheElem@RLibraryBinCache@std@media@modules@UModSys@@U?$TString@U?$TSCoreConst@D@su@tl@UModSys@@U?$TComparerBinaryHash@D@234@@tl@6@@tl@UModSys@@@tl@UModSys@@IAEXPAU?$TScatterArrayNode@USCacheElem@RLibraryBinCache@std@media@modules@UModSys@@U?$TString@U?$TSCoreConst@D@su@tl@UModSys@@U?$TComparerBinaryHash@D@234@@tl@6@@23@0@Z 00403938 f i umodsys_lib_libmedia:umodsys.mod.media.std.obj
 0001:00002a3a       ??$yes@U?$TFlags4StateShift@USMediaFlagUid@libmedia@UModSys@@I$03@tl@UModSys@@@SFlags@libmedia@UModSys@@QBE_NPBUIResolverAuto@012@@Z 00403a3a f i umodsys_lib_libmedia:umodsys.mod.media.std.obj
 0001:00002a8b       ??$yes@U?$TFlags4StateShift@USMediaFlagUid@libmedia@UModSys@@I$01@tl@UModSys@@@SFlags@libmedia@UModSys@@QBE_NPBUIResolverAuto@012@@Z 00403a8b f i umodsys_lib_libmedia:umodsys.mod.media.std.obj
 0001:00002adc       ??$yes@U?$TFlags4StateShift@USMediaFlagUid@libmedia@UModSys@@I$05@tl@UModSys@@@SFlags@libmedia@UModSys@@QBE_NPBUIResolverAuto@012@@Z 00403adc f i umodsys_lib_libmedia:umodsys.mod.media.std.obj
 0001:00002b2d       ??$yes@U?$TFlags4StateShift@USMediaFlagUid@libmedia@UModSys@@I$07@tl@UModSys@@@SFlags@libmedia@UModSys@@QBE_NPBUIResolverAuto@012@@Z 00403b2d f i umodsys_lib_libmedia:umodsys.mod.media.std.obj
 0001:00002b7c       ??$yes@U?$TFlags4StateShift@USMediaFlagUid@libmedia@UModSys@@I$06@tl@UModSys@@@SFlags@libmedia@UModSys@@QBE_NPBUIResolverAuto@012@@Z 00403b7c f i umodsys_lib_libmedia:umodsys.mod.media.std.obj
 0001:00002bcd       ??$yes@U?$TFlags4StateShift@USMediaFlagUid@libmedia@UModSys@@I$08@tl@UModSys@@@SFlags@libmedia@UModSys@@QBE_NPBUIResolverAuto@012@@Z 00403bcd f i umodsys_lib_libmedia:umodsys.mod.media.std.obj
 0001:00002c1e       ??$t_gen_param@URLibraryBinCache@std@media@modules@UModSys@@URGenerator@2345@@IGenerator@base@UModSys@@IAE_NPAURGenerator@std@media@modules@2@AAU?$TRefObject@UIRefObject@core@UModSys@@U?$TRefObjectFunc@UIRefObject@core@UModSys@@@tl@3@@tl@2@PBUSUniquePointerInfo@core@2@ABUSParameters@core@2@@Z 00403c1e f i umodsys_lib_libmedia:umodsys.mod.media.std.obj
 0001:00002c9b       ??$t_gen_param@URLibraryBinTree@std@media@modules@UModSys@@URGenerator@2345@@IGenerator@base@UModSys@@IAE_NPAURGenerator@std@media@modules@2@AAU?$TRefObject@UIRefObject@core@UModSys@@U?$TRefObjectFunc@UIRefObject@core@UModSys@@@tl@3@@tl@2@PBUSUniquePointerInfo@core@2@ABUSParameters@core@2@@Z 00403c9b f i umodsys_lib_libmedia:umodsys.mod.media.std.obj
 0001:00002d18       ??$t_gen_param@URLibraryLayered@std@media@modules@UModSys@@URGenerator@2345@@IGenerator@base@UModSys@@IAE_NPAURGenerator@std@media@modules@2@AAU?$TRefObject@UIRefObject@core@UModSys@@U?$TRefObjectFunc@UIRefObject@core@UModSys@@@tl@3@@tl@2@PBUSUniquePointerInfo@core@2@ABUSParameters@core@2@@Z 00403d18 f i umodsys_lib_libmedia:umodsys.mod.media.std.obj
 0001:00002d95       ??$t_gen_param@URLibraryObjFilter@std@media@modules@UModSys@@URGenerator@2345@@IGenerator@base@UModSys@@IAE_NPAURGenerator@std@media@modules@2@AAU?$TRefObject@UIRefObject@core@UModSys@@U?$TRefObjectFunc@UIRefObject@core@UModSys@@@tl@3@@tl@2@PBUSUniquePointerInfo@core@2@ABUSParameters@core@2@@Z 00403d95 f i umodsys_lib_libmedia:umodsys.mod.media.std.obj
 0001:00002e12       ??$t_gen_param@URLibraryObjCache@std@media@modules@UModSys@@URGenerator@2345@@IGenerator@base@UModSys@@IAE_NPAURGenerator@std@media@modules@2@AAU?$TRefObject@UIRefObject@core@UModSys@@U?$TRefObjectFunc@UIRefObject@core@UModSys@@@tl@3@@tl@2@PBUSUniquePointerInfo@core@2@ABUSParameters@core@2@@Z 00403e12 f i umodsys_lib_libmedia:umodsys.mod.media.std.obj
 0001:00002e8f       ??$genx_node@UCmp@?$TScatterArray@USCacheElem@RLibraryBinCache@std@media@modules@UModSys@@U?$TString@U?$TSCoreConst@D@su@tl@UModSys@@U?$TComparerBinaryHash@D@234@@tl@6@U?$TObjectCompare@U?$TString@U?$TSCoreConst@D@su@tl@UModSys@@U?$TComparerBinaryHash@D@234@@tl@UModSys@@@core@6@U?$TNodeDeleter0@U?$TScatterArrayNode@USCacheElem@RLibraryBinCache@std@media@modules@UModSys@@U?$TString@U?$TSCoreConst@D@su@tl@UModSys@@U?$TComparerBinaryHash@D@234@@tl@6@@tl@UModSys@@@86@@tl@UModSys@@UGen0@234@@?$TTreeHoldRBD@U?$TScatterArrayNode@USCacheElem@RLibraryBinCache@std@media@modules@UModSys@@U?$TString@U?$TSCoreConst@D@su@tl@UModSys@@U?$TComparerBinaryHash@D@234@@tl@6@@tl@UModSys@@U?$TNodeDeleter0@U?$TScatterArrayNode@USCacheElem@RLibraryBinCache@std@media@modules@UModSys@@U?$TString@U?$TSCoreConst@D@su@tl@UModSys@@U?$TComparerBinaryHash@D@234@@tl@6@@tl@UModSys@@@23@@tl@UModSys@@QAEPAU?$TScatterArrayNode@USCacheElem@RLibraryBinCache@std@media@modules@UModSys@@U?$TString@U?$TSCoreConst@D@su@tl@UModSys@@U?$TComparerBinaryHash@D@234@@tl@6@@12@UCmp@?$TScatterArray@USCacheElem@RLibraryBinCache@std@media@modules@UModSys@@U?$TString@U?$TSCoreConst@D@su@tl@UModSys@@U?$TComparerBinaryHash@D@234@@tl@6@U?$TObjectCompare@U?$TString@U?$TSCoreConst@D@su@tl@UModSys@@U?$TComparerBinaryHash@D@234@@tl@UModSys@@@core@6@U?$TNodeDeleter0@U?$TScatterArrayNode@USCacheElem@RLibraryBinCache@std@media@modules@UModSys@@U?$TString@U?$TSCoreConst@D@su@tl@UModSys@@U?$TComparerBinaryHash@D@234@@tl@6@@tl@UModSys@@@86@@12@ABUGen0@512@PAPAU312@2_N@Z 00403e8f f i umodsys_lib_libmedia:umodsys.mod.media.std.obj
 0001:00002f0e       ??$find_node_u@UCmp@?$TScatterArray@USCacheElem@RLibraryBinCache@std@media@modules@UModSys@@U?$TString@U?$TSCoreConst@D@su@tl@UModSys@@U?$TComparerBinaryHash@D@234@@tl@6@U?$TObjectCompare@U?$TString@U?$TSCoreConst@D@su@tl@UModSys@@U?$TComparerBinaryHash@D@234@@tl@UModSys@@@core@6@U?$TNodeDeleter0@U?$TScatterArrayNode@USCacheElem@RLibraryBinCache@std@media@modules@UModSys@@U?$TString@U?$TSCoreConst@D@su@tl@UModSys@@U?$TComparerBinaryHash@D@234@@tl@6@@tl@UModSys@@@86@@tl@UModSys@@@?$TTreeHoldRB@U?$TScatterArrayNode@USCacheElem@RLibraryBinCache@std@media@modules@UModSys@@U?$TString@U?$TSCoreConst@D@su@tl@UModSys@@U?$TComparerBinaryHash@D@234@@tl@6@@tl@UModSys@@@tl@UModSys@@QBEPAU?$TScatterArrayNode@USCacheElem@RLibraryBinCache@std@media@modules@UModSys@@U?$TString@U?$TSCoreConst@D@su@tl@UModSys@@U?$TComparerBinaryHash@D@234@@tl@6@@12@UCmp@?$TScatterArray@USCacheElem@RLibraryBinCache@std@media@modules@UModSys@@U?$TString@U?$TSCoreConst@D@su@tl@UModSys@@U?$TComparerBinaryHash@D@234@@tl@6@U?$TObjectCompare@U?$TString@U?$TSCoreConst@D@su@tl@UModSys@@U?$TComparerBinaryHash@D@234@@tl@UModSys@@@core@6@U?$TNodeDeleter0@U?$TScatterArrayNode@USCacheElem@RLibraryBinCache@std@media@modules@UModSys@@U?$TString@U?$TSCoreConst@D@su@tl@UModSys@@U?$TComparerBinaryHash@D@234@@tl@6@@tl@UModSys@@@86@@12@@Z 00403f0e f i umodsys_lib_libmedia:umodsys.mod.media.std.obj
 0001:00002f0e       ??$find_node_u@UCmp@?$TScatterArray@USCacheElem@RLibraryObjCache@std@media@modules@UModSys@@U?$TString@U?$TSCoreConst@D@su@tl@UModSys@@U?$TComparerBinaryHash@D@234@@tl@6@U?$TObjectCompare@U?$TString@U?$TSCoreConst@D@su@tl@UModSys@@U?$TComparerBinaryHash@D@234@@tl@UModSys@@@core@6@U?$TNodeDeleter0@U?$TScatterArrayNode@USCacheElem@RLibraryObjCache@std@media@modules@UModSys@@U?$TString@U?$TSCoreConst@D@su@tl@UModSys@@U?$TComparerBinaryHash@D@234@@tl@6@@tl@UModSys@@@86@@tl@UModSys@@@?$TTreeHoldRB@U?$TScatterArrayNode@USCacheElem@RLibraryObjCache@std@media@modules@UModSys@@U?$TString@U?$TSCoreConst@D@su@tl@UModSys@@U?$TComparerBinaryHash@D@234@@tl@6@@tl@UModSys@@@tl@UModSys@@QBEPAU?$TScatterArrayNode@USCacheElem@RLibraryObjCache@std@media@modules@UModSys@@U?$TString@U?$TSCoreConst@D@su@tl@UModSys@@U?$TComparerBinaryHash@D@234@@tl@6@@12@UCmp@?$TScatterArray@USCacheElem@RLibraryObjCache@std@media@modules@UModSys@@U?$TString@U?$TSCoreConst@D@su@tl@UModSys@@U?$TComparerBinaryHash@D@234@@tl@6@U?$TObjectCompare@U?$TString@U?$TSCoreConst@D@su@tl@UModSys@@U?$TComparerBinaryHash@D@234@@tl@UModSys@@@core@6@U?$TNodeDeleter0@U?$TScatterArrayNode@USCacheElem@RLibraryObjCache@std@media@modules@UModSys@@U?$TString@U?$TSCoreConst@D@su@tl@UModSys@@U?$TComparerBinaryHash@D@234@@tl@6@@tl@UModSys@@@86@@12@@Z 00403f0e f i umodsys_lib_libmedia:umodsys.mod.media.std.obj
 0001:00002f3b       ??$genx_node@UCmp@?$TScatterArray@USMountInfo@RLibraryBinTree@std@media@modules@UModSys@@USId@ILibraryBinTree@libmedia@6@U7896@U?$TNodeDeleter0@U?$TScatterArrayNode@USMountInfo@RLibraryBinTree@std@media@modules@UModSys@@USId@ILibraryBinTree@libmedia@6@@tl@UModSys@@@tl@6@@tl@UModSys@@UGen0@234@@?$TTreeHoldRBD@U?$TScatterArrayNode@USMountInfo@RLibraryBinTree@std@media@modules@UModSys@@USId@ILibraryBinTree@libmedia@6@@tl@UModSys@@U?$TNodeDeleter0@U?$TScatterArrayNode@USMountInfo@RLibraryBinTree@std@media@modules@UModSys@@USId@ILibraryBinTree@libmedia@6@@tl@UModSys@@@23@@tl@UModSys@@QAEPAU?$TScatterArrayNode@USMountInfo@RLibraryBinTree@std@media@modules@UModSys@@USId@ILibraryBinTree@libmedia@6@@12@UCmp@?$TScatterArray@USMountInfo@RLibraryBinTree@std@media@modules@UModSys@@USId@ILibraryBinTree@libmedia@6@U7896@U?$TNodeDeleter0@U?$TScatterArrayNode@USMountInfo@RLibraryBinTree@std@media@modules@UModSys@@USId@ILibraryBinTree@libmedia@6@@tl@UModSys@@@tl@6@@12@ABUGen0@512@PAPAU312@2_N@Z 00403f3b f i umodsys_lib_libmedia:umodsys.mod.media.std.obj
 0001:00002fb9       ??$find_node_u@UCmp@?$TScatterArray@USMountInfo@RLibraryBinTree@std@media@modules@UModSys@@USId@ILibraryBinTree@libmedia@6@U7896@U?$TNodeDeleter0@U?$TScatterArrayNode@USMountInfo@RLibraryBinTree@std@media@modules@UModSys@@USId@ILibraryBinTree@libmedia@6@@tl@UModSys@@@tl@6@@tl@UModSys@@@?$TTreeHoldRB@U?$TScatterArrayNode@USMountInfo@RLibraryBinTree@std@media@modules@UModSys@@USId@ILibraryBinTree@libmedia@6@@tl@UModSys@@@tl@UModSys@@QBEPAU?$TScatterArrayNode@USMountInfo@RLibraryBinTree@std@media@modules@UModSys@@USId@ILibraryBinTree@libmedia@6@@12@UCmp@?$TScatterArray@USMountInfo@RLibraryBinTree@std@media@modules@UModSys@@USId@ILibraryBinTree@libmedia@6@U7896@U?$TNodeDeleter0@U?$TScatterArrayNode@USMountInfo@RLibraryBinTree@std@media@modules@UModSys@@USId@ILibraryBinTree@libmedia@6@@tl@UModSys@@@tl@6@@12@@Z 00403fb9 f i umodsys_lib_libmedia:umodsys.mod.media.std.obj
 0001:00002fe5       ??$genx_node@UCmp@?$TScatterArray@USCacheElem@RLibraryObjCache@std@media@modules@UModSys@@U?$TString@U?$TSCoreConst@D@su@tl@UModSys@@U?$TComparerBinaryHash@D@234@@tl@6@U?$TObjectCompare@U?$TString@U?$TSCoreConst@D@su@tl@UModSys@@U?$TComparerBinaryHash@D@234@@tl@UModSys@@@core@6@U?$TNodeDeleter0@U?$TScatterArrayNode@USCacheElem@RLibraryObjCache@std@media@modules@UModSys@@U?$TString@U?$TSCoreConst@D@su@tl@UModSys@@U?$TComparerBinaryHash@D@234@@tl@6@@tl@UModSys@@@86@@tl@UModSys@@UGen0@234@@?$TTreeHoldRBD@U?$TScatterArrayNode@USCacheElem@RLibraryObjCache@std@media@modules@UModSys@@U?$TString@U?$TSCoreConst@D@su@tl@UModSys@@U?$TComparerBinaryHash@D@234@@tl@6@@tl@UModSys@@U?$TNodeDeleter0@U?$TScatterArrayNode@USCacheElem@RLibraryObjCache@std@media@modules@UModSys@@U?$TString@U?$TSCoreConst@D@su@tl@UModSys@@U?$TComparerBinaryHash@D@234@@tl@6@@tl@UModSys@@@23@@tl@UModSys@@QAEPAU?$TScatterArrayNode@USCacheElem@RLibraryObjCache@std@media@modules@UModSys@@U?$TString@U?$TSCoreConst@D@su@tl@UModSys@@U?$TComparerBinaryHash@D@234@@tl@6@@12@UCmp@?$TScatterArray@USCacheElem@RLibraryObjCache@std@media@modules@UModSys@@U?$TString@U?$TSCoreConst@D@su@tl@UModSys@@U?$TComparerBinaryHash@D@234@@tl@6@U?$TObjectCompare@U?$TString@U?$TSCoreConst@D@su@tl@UModSys@@U?$TComparerBinaryHash@D@234@@tl@UModSys@@@core@6@U?$TNodeDeleter0@U?$TScatterArrayNode@USCacheElem@RLibraryObjCache@std@media@modules@UModSys@@U?$TString@U?$TSCoreConst@D@su@tl@UModSys@@U?$TComparerBinaryHash@D@234@@tl@6@@tl@UModSys@@@86@@12@ABUGen0@512@PAPAU312@2_N@Z 00403fe5 f i umodsys_lib_libmedia:umodsys.mod.media.std.obj
 0001:00003064       ??$find_node_u@UCmp@?$TScatterArray@USFilter@RLibraryObjFilter@std@media@modules@UModSys@@USId@23456@U723456@U?$TNodeDeleter0@U?$TScatterArrayNode@USFilter@RLibraryObjFilter@std@media@modules@UModSys@@USId@23456@@tl@UModSys@@@tl@6@@tl@UModSys@@@?$TTreeHoldRB@U?$TScatterArrayNode@USFilter@RLibraryObjFilter@std@media@modules@UModSys@@USId@23456@@tl@UModSys@@@tl@UModSys@@QBEPAU?$TScatterArrayNode@USFilter@RLibraryObjFilter@std@media@modules@UModSys@@USId@23456@@12@UCmp@?$TScatterArray@USFilter@RLibraryObjFilter@std@media@modules@UModSys@@USId@23456@U723456@U?$TNodeDeleter0@U?$TScatterArrayNode@USFilter@RLibraryObjFilter@std@media@modules@UModSys@@USId@23456@@tl@UModSys@@@tl@6@@12@@Z 00404064 f i umodsys_lib_libmedia:umodsys.mod.media.std.obj
 0001:00003090       ?rotate_left@?$TTreeHoldRB@U?$TQuantArrayNode@USSourceContext@core@UModSys@@$0BAA@@tl@UModSys@@@tl@UModSys@@IAEXPAU?$TQuantArrayNode@USSourceContext@core@UModSys@@$0BAA@@23@@Z 00404090 f i umodsys_lib_basesys:umodsys.basesys.rsystem.obj
 0001:00003090       ?rotate_left@?$TTreeHoldRB@U?$TScatterArrayNode@USMountInfo@RLibraryBinTree@std@media@modules@UModSys@@USId@ILibraryBinTree@libmedia@6@@tl@UModSys@@@tl@UModSys@@IAEXPAU?$TScatterArrayNode@USMountInfo@RLibraryBinTree@std@media@modules@UModSys@@USId@ILibraryBinTree@libmedia@6@@23@@Z 00404090 f i umodsys_lib_libmedia:umodsys.mod.media.std.obj
 0001:00003090       ?rotate_left@?$TTreeHoldRB@U?$TScatterArrayNode@USFilter@RLibraryObjFilter@std@media@modules@UModSys@@USId@23456@@tl@UModSys@@@tl@UModSys@@IAEXPAU?$TScatterArrayNode@USFilter@RLibraryObjFilter@std@media@modules@UModSys@@USId@23456@@23@@Z 00404090 f i umodsys_lib_libmedia:umodsys.mod.media.std.obj
 0001:00003090       ?rotate_left@?$TTreeHoldRB@U?$TScatterArrayNode@USCacheElem@RLibraryObjCache@std@media@modules@UModSys@@U?$TString@U?$TSCoreConst@D@su@tl@UModSys@@U?$TComparerBinaryHash@D@234@@tl@6@@tl@UModSys@@@tl@UModSys@@IAEXPAU?$TScatterArrayNode@USCacheElem@RLibraryObjCache@std@media@modules@UModSys@@U?$TString@U?$TSCoreConst@D@su@tl@UModSys@@U?$TComparerBinaryHash@D@234@@tl@6@@23@@Z 00404090 f i umodsys_lib_libmedia:umodsys.mod.media.std.obj
 0001:00003090       ?rotate_left@?$TTreeHoldRB@U?$TScatterArrayNode@USCacheElem@RLibraryBinCache@std@media@modules@UModSys@@U?$TString@U?$TSCoreConst@D@su@tl@UModSys@@U?$TComparerBinaryHash@D@234@@tl@6@@tl@UModSys@@@tl@UModSys@@IAEXPAU?$TScatterArrayNode@USCacheElem@RLibraryBinCache@std@media@modules@UModSys@@U?$TString@U?$TSCoreConst@D@su@tl@UModSys@@U?$TComparerBinaryHash@D@234@@tl@6@@23@@Z 00404090 f i umodsys_lib_libmedia:umodsys.mod.media.std.obj
 0001:00003090       ?rotate_left@?$TTreeHoldRB@U?$TQuantArrayNode@USUniquePointerInfo@core@UModSys@@$0BAA@@tl@UModSys@@@tl@UModSys@@IAEXPAU?$TQuantArrayNode@USUniquePointerInfo@core@UModSys@@$0BAA@@23@@Z 00404090 f i umodsys_lib_basesys:umodsys.basesys.rsystem.obj
 0001:000030cf       ?ReLink@?$TDynarray@U?$TDynarrayHolderDynamic@USLayerX@RLibraryLayered@std@media@modules@UModSys@@U?$TAllocator@USIMemAlloc@core@UModSys@@USCountCalcPower2@23@@tl@6@@tl@UModSys@@@tl@UModSys@@IAE_NI@Z 004040cf f i umodsys_lib_libmedia:umodsys.mod.media.std.obj
 0001:00003111       ?rotate_right@?$TTreeHoldRB@U?$TQuantArrayNode@USSourceContext@core@UModSys@@$0BAA@@tl@UModSys@@@tl@UModSys@@IAEXPAU?$TQuantArrayNode@USSourceContext@core@UModSys@@$0BAA@@23@@Z 00404111 f i umodsys_lib_basesys:umodsys.basesys.rsystem.obj
 0001:00003111       ?rotate_right@?$TTreeHoldRB@U?$TQuantArrayNode@USUniquePointerInfo@core@UModSys@@$0BAA@@tl@UModSys@@@tl@UModSys@@IAEXPAU?$TQuantArrayNode@USUniquePointerInfo@core@UModSys@@$0BAA@@23@@Z 00404111 f i umodsys_lib_basesys:umodsys.basesys.rsystem.obj
 0001:00003111       ?rotate_right@?$TTreeHoldRB@U?$TScatterArrayNode@USCacheElem@RLibraryObjCache@std@media@modules@UModSys@@U?$TString@U?$TSCoreConst@D@su@tl@UModSys@@U?$TComparerBinaryHash@D@234@@tl@6@@tl@UModSys@@@tl@UModSys@@IAEXPAU?$TScatterArrayNode@USCacheElem@RLibraryObjCache@std@media@modules@UModSys@@U?$TString@U?$TSCoreConst@D@su@tl@UModSys@@U?$TComparerBinaryHash@D@234@@tl@6@@23@@Z 00404111 f i umodsys_lib_libmedia:umodsys.mod.media.std.obj
 0001:00003111       ?rotate_right@?$TTreeHoldRB@U?$TScatterArrayNode@USCacheElem@RLibraryBinCache@std@media@modules@UModSys@@U?$TString@U?$TSCoreConst@D@su@tl@UModSys@@U?$TComparerBinaryHash@D@234@@tl@6@@tl@UModSys@@@tl@UModSys@@IAEXPAU?$TScatterArrayNode@USCacheElem@RLibraryBinCache@std@media@modules@UModSys@@U?$TString@U?$TSCoreConst@D@su@tl@UModSys@@U?$TComparerBinaryHash@D@234@@tl@6@@23@@Z 00404111 f i umodsys_lib_libmedia:umodsys.mod.media.std.obj
 0001:00003111       ?rotate_right@?$TTreeHoldRB@U?$TScatterArrayNode@USMountInfo@RLibraryBinTree@std@media@modules@UModSys@@USId@ILibraryBinTree@libmedia@6@@tl@UModSys@@@tl@UModSys@@IAEXPAU?$TScatterArrayNode@USMountInfo@RLibraryBinTree@std@media@modules@UModSys@@USId@ILibraryBinTree@libmedia@6@@23@@Z 00404111 f i umodsys_lib_libmedia:umodsys.mod.media.std.obj
 0001:00003111       ?rotate_right@?$TTreeHoldRB@U?$TScatterArrayNode@USFilter@RLibraryObjFilter@std@media@modules@UModSys@@USId@23456@@tl@UModSys@@@tl@UModSys@@IAEXPAU?$TScatterArrayNode@USFilter@RLibraryObjFilter@std@media@modules@UModSys@@USId@23456@@23@@Z 00404111 f i umodsys_lib_libmedia:umodsys.mod.media.std.obj
 0001:00003150       ?sub_insert_node@?$TTreeHoldRB@U?$TScatterArrayNode@USMountInfo@RLibraryBinTree@std@media@modules@UModSys@@USId@ILibraryBinTree@libmedia@6@@tl@UModSys@@@tl@UModSys@@QAEXPAU?$TScatterArrayNode@USMountInfo@RLibraryBinTree@std@media@modules@UModSys@@USId@ILibraryBinTree@libmedia@6@@23@0H@Z 00404150 f i umodsys_lib_libmedia:umodsys.mod.media.std.obj
 0001:00003150       ?sub_insert_node@?$TTreeHoldRB@U?$TScatterArrayNode@USCacheElem@RLibraryBinCache@std@media@modules@UModSys@@U?$TString@U?$TSCoreConst@D@su@tl@UModSys@@U?$TComparerBinaryHash@D@234@@tl@6@@tl@UModSys@@@tl@UModSys@@QAEXPAU?$TScatterArrayNode@USCacheElem@RLibraryBinCache@std@media@modules@UModSys@@U?$TString@U?$TSCoreConst@D@su@tl@UModSys@@U?$TComparerBinaryHash@D@234@@tl@6@@23@0H@Z 00404150 f i umodsys_lib_libmedia:umodsys.mod.media.std.obj
 0001:00003150       ?sub_insert_node@?$TTreeHoldRB@U?$TScatterArrayNode@USFilter@RLibraryObjFilter@std@media@modules@UModSys@@USId@23456@@tl@UModSys@@@tl@UModSys@@QAEXPAU?$TScatterArrayNode@USFilter@RLibraryObjFilter@std@media@modules@UModSys@@USId@23456@@23@0H@Z 00404150 f i umodsys_lib_libmedia:umodsys.mod.media.std.obj
 0001:00003150       ?sub_insert_node@?$TTreeHoldRB@U?$TScatterArrayNode@USCacheElem@RLibraryObjCache@std@media@modules@UModSys@@U?$TString@U?$TSCoreConst@D@su@tl@UModSys@@U?$TComparerBinaryHash@D@234@@tl@6@@tl@UModSys@@@tl@UModSys@@QAEXPAU?$TScatterArrayNode@USCacheElem@RLibraryObjCache@std@media@modules@UModSys@@U?$TString@U?$TSCoreConst@D@su@tl@UModSys@@U?$TComparerBinaryHash@D@234@@tl@6@@23@0H@Z 00404150 f i umodsys_lib_libmedia:umodsys.mod.media.std.obj
[...]
 0001:00009c0b       __ehhandler$?objcache_add@RLibraryObjCache@std@media@modules@UModSys@@UAE_NABU?$TString@U?$TSCoreConst@D@su@tl@UModSys@@U?$TComparerBinaryHash@D@234@@tl@5@PAUIRefObject@core@5@@Z 0040ac0b f    CIL library: CIL module
 0001:00009c0b       __ehhandler$?bincache_add@RLibraryBinCache@std@media@modules@UModSys@@QAE_NABU?$TString@U?$TSCoreConst@D@su@tl@UModSys@@U?$TComparerBinaryHash@D@234@@tl@5@ABUSCMemShared@core@5@_N@Z 0040ac0b f    CIL library: CIL module
 0001:00009c15       __unwindfunclet$?mount_add@RLibraryBinTree@std@media@modules@UModSys@@UAE_NABUSId@ILibraryBinTree@libmedia@5@ABUSPoint@785@@Z$0 0040ac15 f    CIL library: CIL module
 0001:00009c1d       __ehhandler$?mount_add@RLibraryBinTree@std@media@modules@UModSys@@UAE_NABUSId@ILibraryBinTree@libmedia@5@ABUSPoint@785@@Z 0040ac1d f    CIL library: CIL module
 0001:00009c27       __unwindfunclet$?bincache_add@RLibraryBinCache@std@media@modules@UModSys@@UAE_NABU?$TString@U?$TSCoreConst@D@su@tl@UModSys@@U?$TComparerBinaryHash@D@234@@tl@5@@Z$0 0040ac27 f    CIL library: CIL module
 0001:00009c2f       __ehhandler$?bincache_add@RLibraryBinCache@std@media@modules@UModSys@@UAE_NABU?$TString@U?$TSCoreConst@D@su@tl@UModSys@@U?$TComparerBinaryHash@D@234@@tl@5@@Z 0040ac2f f    CIL library: CIL module
 0001:00009c39       __unwindfunclet$?mem_free@?$TRMemAlloc_CC@U?$TMemAllocHeader@USMagic@mem_headers@rsystem@base@UModSys@@U?$TPool@X@2345@USDebug@2345@UVoid@core@5@U895@@rsystem@base@UModSys@@USMemAlloc_Malloc@core@4@@rsystem@base@UModSys@@UAEXPAXPBUSSourceContext@core@4@@Z$0 0040ac39 f    CIL library: CIL module
 0001:00009c41       __ehhandler$?mem_free@?$TRMemAlloc_CC@U?$TMemAllocHeader@USMagic@mem_headers@rsystem@base@UModSys@@U?$TPool@X@2345@USDebug@2345@UVoid@core@5@U895@@rsystem@base@UModSys@@USMemAlloc_Malloc@core@4@@rsystem@base@UModSys@@UAEXPAXPBUSSourceContext@core@4@@Z 0040ac41 f    CIL library: CIL module
 0001:00009c4b       __unwindfunclet$?mem_realloc@?$TRMemAlloc_CC@U?$TMemAllocHeader@USMagic@mem_headers@rsystem@base@UModSys@@U?$TPool@X@2345@USDebug@2345@UVoid@core@5@U895@@rsystem@base@UModSys@@USMemAlloc_Malloc@core@4@@rsystem@base@UModSys@@UAEPAXPAXIPBUSSourceContext@core@4@@Z$0 0040ac4b f    CIL library: CIL module
 0001:00009c53       __unwindfunclet$?mem_realloc@?$TRMemAlloc_CC@U?$TMemAllocHeader@USMagic@mem_headers@rsystem@base@UModSys@@U?$TPool@X@2345@USDebug@2345@UVoid@core@5@U895@@rsystem@base@UModSys@@USMemAlloc_Malloc@core@4@@rsystem@base@UModSys@@UAEPAXPAXIPBUSSourceContext@core@4@@Z$1 0040ac53 f    CIL library: CIL module
 0001:00009c5b       __ehhandler$?mem_realloc@?$TRMemAlloc_CC@U?$TMemAllocHeader@USMagic@mem_headers@rsystem@base@UModSys@@U?$TPool@X@2345@USDebug@2345@UVoid@core@5@U895@@rsystem@base@UModSys@@USMemAlloc_Malloc@core@4@@rsystem@base@UModSys@@UAEPAXPAXIPBUSSourceContext@core@4@@Z 0040ac5b f    CIL library: CIL module
 0001:00009c65       __unwindfunclet$?s_add@RModuleLibrarySO@rsystem@base@UModSys@@SA_NPAUISystem@34@AAU?$TDynarrayDynamic@U?$TRefObject@URModuleLibrarySO@rsystem@base@UModSys@@U?$TRefObjectFunc@URModuleLibrarySO@rsystem@base@UModSys@@@tl@4@@tl@UModSys@@U?$TAllocator@USMemAlloc_Malloc@core@UModSys@@USCountCalcPower2@23@@23@@tl@4@PBD@Z$1 0040ac65 f    CIL library: CIL module
 0001:00009c6d       __ehhandler$?s_add@RModuleLibrarySO@rsystem@base@UModSys@@SA_NPAUISystem@34@AAU?$TDynarrayDynamic@U?$TRefObject@URModuleLibrarySO@rsystem@base@UModSys@@U?$TRefObjectFunc@URModuleLibrarySO@rsystem@base@UModSys@@@tl@4@@tl@UModSys@@U?$TAllocator@USMemAlloc_Malloc@core@UModSys@@USCountCalcPower2@23@@23@@tl@4@PBD@Z 0040ac6d f    CIL library: CIL module
 0001:00009c77       ??__E?s_id@?$TObjectUniqueID@UIRoot@core@UModSys@@@tl@UModSys@@2USUniquePointer@core@3@A@@YAXXZ 0040ac77 f    CIL library: CIL module
 0001:00009c99       ??__E?s_id@?$TObjectUniqueID@UIRefObject@core@UModSys@@@tl@UModSys@@2USUniquePointer@core@3@A@@YAXXZ 0040ac99 f    CIL library: CIL module
 0001:00009cbb       ??__E?s_id@?$TObjectUniqueID@UIParameters@core@UModSys@@@tl@UModSys@@2USUniquePointer@core@3@A@@YAXXZ 0040acbb f    CIL library: CIL module
 0001:00009cdd       ??__E?s_id@?$TObjectUniqueID@UIModule@base@UModSys@@@tl@UModSys@@2USUniquePointer@core@3@A@@YAXXZ 0040acdd f    CIL library: CIL module
 0001:00009cff       ??__E?s_id@?$TObjectUniqueID@UIModuleLibrary@base@UModSys@@@tl@UModSys@@2USUniquePointer@core@3@A@@YAXXZ 0040acff f    CIL library: CIL module
 0001:00009d21       ??__E?s_id@?$TObjectUniqueID@UIModObject@base@UModSys@@@tl@UModSys@@2USUniquePointer@core@3@A@@YAXXZ 0040ad21 f    CIL library: CIL module
 0001:00009d43       ??__E?s_id@?$TObjectUniqueID@UIGenerator@base@UModSys@@@tl@UModSys@@2USUniquePointer@core@3@A@@YAXXZ 0040ad43 f    CIL library: CIL module
 0001:00009d65       ??__E?s_id@?$TObjectUniqueID@UIShell@base@UModSys@@@tl@UModSys@@2USUniquePointer@core@3@A@@YAXXZ 0040ad65 f    CIL library: CIL module
 0001:00009d87       ??__E?s_id@?$TObjectUniqueID@UIConsole@base@UModSys@@@tl@UModSys@@2USUniquePointer@core@3@A@@YAXXZ 0040ad87 f    CIL library: CIL module
 0001:00009da9       ??__E?s_id@?$TObjectUniqueID@UISystem@base@UModSys@@@tl@UModSys@@2USUniquePointer@core@3@A@@YAXXZ 0040ada9 f    CIL library: CIL module
 0001:00009dcb       ??__E?s_id@?$TObjectUniqueID@URModule@rsystem@base@UModSys@@@tl@UModSys@@2USUniquePointer@core@3@A@@YAXXZ 0040adcb f    CIL library: CIL module
 0001:00009ded       ??__E?s_id@?$TObjectUniqueID@UIModuleLibraryUni@rsystem@base@UModSys@@@tl@UModSys@@2USUniquePointer@core@3@A@@YAXXZ 0040aded f    CIL library: CIL module
 0001:00009e0f       ??__E?s_id@?$TObjectUniqueID@URModuleLibrarySO@rsystem@base@UModSys@@@tl@UModSys@@2USUniquePointer@core@3@A@@YAXXZ 0040ae0f f    CIL library: CIL module
 0001:00009e31       ??__E?s_id@?$TObjectUniqueID@URModuleLibraryThis@rsystem@base@UModSys@@@tl@UModSys@@2USUniquePointer@core@3@A@@YAXXZ 0040ae31 f    CIL library: CIL module
 0001:00009e53       ??__E?s_id@?$TObjectUniqueID@URParameters@rsystem@base@UModSys@@@tl@UModSys@@2USUniquePointer@core@3@A@@YAXXZ 0040ae53 f    CIL library: CIL module
 0001:00009e75       ??__E?s_id@?$TObjectUniqueID@URSystem@rsystem@base@UModSys@@@tl@UModSys@@2USUniquePointer@core@3@A@@YAXXZ 0040ae75 f    CIL library: CIL module
 0001:00009e97       ??__E?s_id@?$TObjectUniqueID@URConsole_std@rsystem@base@UModSys@@@tl@UModSys@@2USUniquePointer@core@3@A@@YAXXZ 0040ae97 f    CIL library: CIL module
 0001:00009eb9       ??__E?s_modreg@RModuleReg@std@media@modules@UModSys@@2U12345@A@@YAXXZ 0040aeb9 f    CIL library: CIL module
 0001:00009ee0       ??__E?s_modreg_chain@RModuleReg@std@media@modules@UModSys@@2USModuleRegChain@base@5@A@@YAXXZ 0040aee0 f    CIL library: CIL module
 0001:00009efb       ??__E?s_uid@RGenerator@std@media@modules@UModSys@@2USUniquePointer@core@5@A@@YAXXZ 0040aefb f    CIL library: CIL module
 0001:00009f1d       ??__E?s_id@?$TObjectUniqueID@UIStreamReader@libmedia@UModSys@@@tl@UModSys@@2USUniquePointer@core@3@A@@YAXXZ 0040af1d f    CIL library: CIL module
 0001:00009f3f       ??__E?s_id@?$TObjectUniqueID@UIStreamWriter@libmedia@UModSys@@@tl@UModSys@@2USUniquePointer@core@3@A@@YAXXZ 0040af3f f    CIL library: CIL module
 0001:00009f61       ??__E?s_id@?$TObjectUniqueID@UIBinArchive@libmedia@UModSys@@@tl@UModSys@@2USUniquePointer@core@3@A@@YAXXZ 0040af61 f    CIL library: CIL module
 0001:00009f83       ??__E?s_id@?$TObjectUniqueID@UIBinObjFilter@libmedia@UModSys@@@tl@UModSys@@2USUniquePointer@core@3@A@@YAXXZ 0040af83 f    CIL library: CIL module
 0001:00009fa5       ??__E?s_id@?$TObjectUniqueID@UILibrary@libmedia@UModSys@@@tl@UModSys@@2USUniquePointer@core@3@A@@YAXXZ 0040afa5 f    CIL library: CIL module
 0001:00009fc7       ??__E?s_id@?$TObjectUniqueID@UILibraryBinTree@libmedia@UModSys@@@tl@UModSys@@2USUniquePointer@core@3@A@@YAXXZ 0040afc7 f    CIL library: CIL module
 0001:00009fe9       ??__E?s_id@?$TObjectUniqueID@UILibraryBinCache@libmedia@UModSys@@@tl@UModSys@@2USUniquePointer@core@3@A@@YAXXZ 0040afe9 f    CIL library: CIL module
 0001:0000a00b       ??__E?s_id@?$TObjectUniqueID@UILibraryObjFilter@libmedia@UModSys@@@tl@UModSys@@2USUniquePointer@core@3@A@@YAXXZ 0040b00b f    CIL library: CIL module
 0001:0000a02d       ??__E?s_id@?$TObjectUniqueID@UILibraryObjCache@libmedia@UModSys@@@tl@UModSys@@2USUniquePointer@core@3@A@@YAXXZ 0040b02d f    CIL library: CIL module
 0001:0000a04f       ??__E?s_id@?$TObjectUniqueID@UILibraryLayered@libmedia@UModSys@@@tl@UModSys@@2USUniquePointer@core@3@A@@YAXXZ 0040b04f f    CIL library: CIL module
 0001:0000a071       ??__E?s_id@?$TObjectUniqueID@URLibraryBinCache@std@media@modules@UModSys@@@tl@UModSys@@2USUniquePointer@core@3@A@@YAXXZ 0040b071 f    CIL library: CIL module
 0001:0000a093       ??__E?s_id@?$TObjectUniqueID@URLibraryBinTree@std@media@modules@UModSys@@@tl@UModSys@@2USUniquePointer@core@3@A@@YAXXZ 0040b093 f    CIL library: CIL module
 0001:0000a0b5       ??__E?s_id@?$TObjectUniqueID@URLibraryLayered@std@media@modules@UModSys@@@tl@UModSys@@2USUniquePointer@core@3@A@@YAXXZ 0040b0b5 f    CIL library: CIL module
 0001:0000a0d7       ??__E?s_id@?$TObjectUniqueID@URLibraryObjCache@std@media@modules@UModSys@@@tl@UModSys@@2USUniquePointer@core@3@A@@YAXXZ 0040b0d7 f    CIL library: CIL module
 0001:0000a0f9       ??__E?s_id@?$TObjectUniqueID@URLibraryObjFilter@std@media@modules@UModSys@@@tl@UModSys@@2USUniquePointer@core@3@A@@YAXXZ 0040b0f9 f    CIL library: CIL module
 0001:0000a11b       ??__E?s_id@?$TObjectUniqueID@URGenerator@std@media@modules@UModSys@@@tl@UModSys@@2USUniquePointer@core@3@A@@YAXXZ 0040b11b f    CIL library: CIL module
 0001:0000a13d       ??__E?s_modreg@RModuleReg@stdio@media@modules@UModSys@@2U12345@A@@YAXXZ 0040b13d f    CIL library: CIL module
 0001:0000a164       ??__E?s_modreg_chain@RModuleReg@stdio@media@modules@UModSys@@2USModuleRegChain@base@5@A@@YAXXZ 0040b164 f    CIL library: CIL module
 0001:0000a17f       ??__E?s_uid@RGenerator@stdio@media@modules@UModSys@@2USUniquePointer@core@5@A@@YAXXZ 0040b17f f    CIL library: CIL module
 0001:0000a1a1       ??__E?s_id@?$TObjectUniqueID@URStreamReader_FILE@stdio@media@modules@UModSys@@@tl@UModSys@@2USUniquePointer@core@3@A@@YAXXZ 0040b1a1 f    CIL library: CIL module
 0001:0000a1c3       ??__E?s_id@?$TObjectUniqueID@URStreamWriter_FILE@stdio@media@modules@UModSys@@@tl@UModSys@@2USUniquePointer@core@3@A@@YAXXZ 0040b1c3 f    CIL library: CIL module
 0001:0000a1e5       ??__E?s_id@?$TObjectUniqueID@URDataArchiver_OsDir@stdio@media@modules@UModSys@@@tl@UModSys@@2USUniquePointer@core@3@A@@YAXXZ 0040b1e5 f    CIL library: CIL module
 0001:0000a207       ??__E?s_id@?$TObjectUniqueID@URGenerator@stdio@media@modules@UModSys@@@tl@UModSys@@2USUniquePointer@core@3@A@@YAXXZ 0040b207 f    CIL library: CIL module
 0001:0000a229       ??__E?s_console@RConsole_std@rsystem@base@UModSys@@2U1234@A@@YAXXZ 0040b229 f    CIL library: CIL module
 0001:0000a235       ??__E?s_sys@RSystem@rsystem@base@UModSys@@2U1234@A@@YAXXZ 0040b235 f    CIL library: CIL module
 0001:0000a246       ??__Ersys_dbg@rsystem@base@UModSys@@YAXXZ 0040b246 f    CIL library: CIL module
 0001:0000a252       ??__EM@UModSys@@YAXXZ      0040b252 f    CIL library: CIL module
 0001:0000a25e       ??__E?root@SModuleRegChain@base@UModSys@@2U123@A@@YAXXZ 0040b25e f    CIL library: CIL module
 0001:0000a26a       ??__E?s_library@RModuleLibraryReg_Chain@base@UModSys@@2U123@A@@YAXXZ 0040b26a f    CIL library: CIL module
 0001:0000a276       ??__E?root@SUniquePointer@core@UModSys@@2U123@A@@YAXXZ 0040b276 f    CIL library: CIL module
 0001:0000a282       ??__F?s_id@?$TObjectUniqueID@URConsole_std@rsystem@base@UModSys@@@tl@UModSys@@2USUniquePointer@core@3@A@@YAXXZ 0040b282 f    CIL library: CIL module
 0001:0000a28c       ??__F?s_id@?$TObjectUniqueID@URSystem@rsystem@base@UModSys@@@tl@UModSys@@2USUniquePointer@core@3@A@@YAXXZ 0040b28c f    CIL library: CIL module
 0001:0000a296       ??__F?s_id@?$TObjectUniqueID@URParameters@rsystem@base@UModSys@@@tl@UModSys@@2USUniquePointer@core@3@A@@YAXXZ 0040b296 f    CIL library: CIL module
 0001:0000a2a0       ??__F?s_id@?$TObjectUniqueID@URModuleLibraryThis@rsystem@base@UModSys@@@tl@UModSys@@2USUniquePointer@core@3@A@@YAXXZ 0040b2a0 f    CIL library: CIL module
 0001:0000a2aa       ??__F?s_id@?$TObjectUniqueID@URModuleLibrarySO@rsystem@base@UModSys@@@tl@UModSys@@2USUniquePointer@core@3@A@@YAXXZ 0040b2aa f    CIL library: CIL module
 0001:0000a2b4       ??__F?s_id@?$TObjectUniqueID@UIModuleLibraryUni@rsystem@base@UModSys@@@tl@UModSys@@2USUniquePointer@core@3@A@@YAXXZ 0040b2b4 f    CIL library: CIL module
 0001:0000a2be       ??__F?s_id@?$TObjectUniqueID@URModule@rsystem@base@UModSys@@@tl@UModSys@@2USUniquePointer@core@3@A@@YAXXZ 0040b2be f    CIL library: CIL module
 0001:0000a2c8       ??__F?s_id@?$TObjectUniqueID@UISystem@base@UModSys@@@tl@UModSys@@2USUniquePointer@core@3@A@@YAXXZ 0040b2c8 f    CIL library: CIL module
 0001:0000a2d2       ??__F?s_id@?$TObjectUniqueID@UIConsole@base@UModSys@@@tl@UModSys@@2USUniquePointer@core@3@A@@YAXXZ 0040b2d2 f    CIL library: CIL module
 0001:0000a2dc       ??__F?s_id@?$TObjectUniqueID@UIShell@base@UModSys@@@tl@UModSys@@2USUniquePointer@core@3@A@@YAXXZ 0040b2dc f    CIL library: CIL module
 0001:0000a2e6       ??__F?s_id@?$TObjectUniqueID@UIGenerator@base@UModSys@@@tl@UModSys@@2USUniquePointer@core@3@A@@YAXXZ 0040b2e6 f    CIL library: CIL module
 0001:0000a2f0       ??__F?s_id@?$TObjectUniqueID@UIModObject@base@UModSys@@@tl@UModSys@@2USUniquePointer@core@3@A@@YAXXZ 0040b2f0 f    CIL library: CIL module
 0001:0000a2fa       ??__F?s_id@?$TObjectUniqueID@UIModuleLibrary@base@UModSys@@@tl@UModSys@@2USUniquePointer@core@3@A@@YAXXZ 0040b2fa f    CIL library: CIL module
 0001:0000a304       ??__F?s_id@?$TObjectUniqueID@UIModule@base@UModSys@@@tl@UModSys@@2USUniquePointer@core@3@A@@YAXXZ 0040b304 f    CIL library: CIL module
 0001:0000a30e       ??__F?s_id@?$TObjectUniqueID@UIParameters@core@UModSys@@@tl@UModSys@@2USUniquePointer@core@3@A@@YAXXZ 0040b30e f    CIL library: CIL module
 0001:0000a318       ??__F?s_id@?$TObjectUniqueID@UIRefObject@core@UModSys@@@tl@UModSys@@2USUniquePointer@core@3@A@@YAXXZ 0040b318 f    CIL library: CIL module
 0001:0000a322       ??__F?s_id@?$TObjectUniqueID@UIRoot@core@UModSys@@@tl@UModSys@@2USUniquePointer@core@3@A@@YAXXZ 0040b322 f    CIL library: CIL module
 0001:0000a32c       ??__F?s_modreg@RModuleReg@std@media@modules@UModSys@@2U12345@A@@YAXXZ 0040b32c f    CIL library: CIL module
 0001:0000a337       ??__F?s_modreg_chain@RModuleReg@std@media@modules@UModSys@@2USModuleRegChain@base@5@A@@YAXXZ 0040b337 f    CIL library: CIL module
 0001:0000a341       ??__F?s_uid@RGenerator@std@media@modules@UModSys@@2USUniquePointer@core@5@A@@YAXXZ 0040b341 f    CIL library: CIL module
 0001:0000a34b       ??__Fh@?1??s_holder@RGenerator@std@media@modules@UModSys@@SAAAU?$TTypeStaticHolder@URGenerator@std@media@modules@UModSys@@@tl@5@XZ@YAXXZ 0040b34b f    CIL library: CIL module
 0001:0000a368       ??__F?s_id@?$TObjectUniqueID@URGenerator@std@media@modules@UModSys@@@tl@UModSys@@2USUniquePointer@core@3@A@@YAXXZ 0040b368 f    CIL library: CIL module
 0001:0000a372       ??__F?s_id@?$TObjectUniqueID@URLibraryObjFilter@std@media@modules@UModSys@@@tl@UModSys@@2USUniquePointer@core@3@A@@YAXXZ 0040b372 f    CIL library: CIL module
 0001:0000a37c       ??__F?s_id@?$TObjectUniqueID@URLibraryObjCache@std@media@modules@UModSys@@@tl@UModSys@@2USUniquePointer@core@3@A@@YAXXZ 0040b37c f    CIL library: CIL module
 0001:0000a386       ??__F?s_id@?$TObjectUniqueID@URLibraryLayered@std@media@modules@UModSys@@@tl@UModSys@@2USUniquePointer@core@3@A@@YAXXZ 0040b386 f    CIL library: CIL module
 0001:0000a390       ??__F?s_id@?$TObjectUniqueID@URLibraryBinTree@std@media@modules@UModSys@@@tl@UModSys@@2USUniquePointer@core@3@A@@YAXXZ 0040b390 f    CIL library: CIL module
 0001:0000a39a       ??__F?s_id@?$TObjectUniqueID@URLibraryBinCache@std@media@modules@UModSys@@@tl@UModSys@@2USUniquePointer@core@3@A@@YAXXZ 0040b39a f    CIL library: CIL module
 0001:0000a3a4       ??__F?s_id@?$TObjectUniqueID@UILibraryLayered@libmedia@UModSys@@@tl@UModSys@@2USUniquePointer@core@3@A@@YAXXZ 0040b3a4 f    CIL library: CIL module
 0001:0000a3ae       ??__F?s_id@?$TObjectUniqueID@UILibraryObjCache@libmedia@UModSys@@@tl@UModSys@@2USUniquePointer@core@3@A@@YAXXZ 0040b3ae f    CIL library: CIL module
 0001:0000a3b8       ??__F?s_id@?$TObjectUniqueID@UILibraryObjFilter@libmedia@UModSys@@@tl@UModSys@@2USUniquePointer@core@3@A@@YAXXZ 0040b3b8 f    CIL library: CIL module
 0001:0000a3c2       ??__F?s_id@?$TObjectUniqueID@UILibraryBinCache@libmedia@UModSys@@@tl@UModSys@@2USUniquePointer@core@3@A@@YAXXZ 0040b3c2 f    CIL library: CIL module
 0001:0000a3cc       ??__F?s_id@?$TObjectUniqueID@UILibraryBinTree@libmedia@UModSys@@@tl@UModSys@@2USUniquePointer@core@3@A@@YAXXZ 0040b3cc f    CIL library: CIL module
 0001:0000a3d6       ??__F?s_id@?$TObjectUniqueID@UILibrary@libmedia@UModSys@@@tl@UModSys@@2USUniquePointer@core@3@A@@YAXXZ 0040b3d6 f    CIL library: CIL module
 0001:0000a3e0       ??__F?s_id@?$TObjectUniqueID@UIBinObjFilter@libmedia@UModSys@@@tl@UModSys@@2USUniquePointer@core@3@A@@YAXXZ 0040b3e0 f    CIL library: CIL module
 0001:0000a3ea       ??__F?s_id@?$TObjectUniqueID@UIBinArchive@libmedia@UModSys@@@tl@UModSys@@2USUniquePointer@core@3@A@@YAXXZ 0040b3ea f    CIL library: CIL module
 0001:0000a3f4       ??__F?s_id@?$TObjectUniqueID@UIStreamWriter@libmedia@UModSys@@@tl@UModSys@@2USUniquePointer@core@3@A@@YAXXZ 0040b3f4 f    CIL library: CIL module
 0001:0000a3fe       ??__F?s_id@?$TObjectUniqueID@UIStreamReader@libmedia@UModSys@@@tl@UModSys@@2USUniquePointer@core@3@A@@YAXXZ 0040b3fe f    CIL library: CIL module
 0001:0000a408       ??__F?s_modreg@RModuleReg@stdio@media@modules@UModSys@@2U12345@A@@YAXXZ 0040b408 f    CIL library: CIL module
 0001:0000a413       ??__F?s_modreg_chain@RModuleReg@stdio@media@modules@UModSys@@2USModuleRegChain@base@5@A@@YAXXZ 0040b413 f    CIL library: CIL module
 0001:0000a41d       ??__F?s_uid@RGenerator@stdio@media@modules@UModSys@@2USUniquePointer@core@5@A@@YAXXZ 0040b41d f    CIL library: CIL module
 0001:0000a427       ??__Fh@?1??s_holder@RGenerator@stdio@media@modules@UModSys@@SAAAU?$TTypeStaticHolder@URGenerator@stdio@media@modules@UModSys@@@tl@5@XZ@YAXXZ 0040b427 f    CIL library: CIL module
 0001:0000a444       ??__F?s_id@?$TObjectUniqueID@URGenerator@stdio@media@modules@UModSys@@@tl@UModSys@@2USUniquePointer@core@3@A@@YAXXZ 0040b444 f    CIL library: CIL module
 0001:0000a44e       ??__F?s_id@?$TObjectUniqueID@URDataArchiver_OsDir@stdio@media@modules@UModSys@@@tl@UModSys@@2USUniquePointer@core@3@A@@YAXXZ 0040b44e f    CIL library: CIL module
 0001:0000a458       ??__F?s_id@?$TObjectUniqueID@URStreamWriter_FILE@stdio@media@modules@UModSys@@@tl@UModSys@@2USUniquePointer@core@3@A@@YAXXZ 0040b458 f    CIL library: CIL module
 0001:0000a462       ??__F?s_id@?$TObjectUniqueID@URStreamReader_FILE@stdio@media@modules@UModSys@@@tl@UModSys@@2USUniquePointer@core@3@A@@YAXXZ 0040b462 f    CIL library: CIL module
 0001:0000a46c       ??__F?s_console@RConsole_std@rsystem@base@UModSys@@2U1234@A@@YAXXZ 0040b46c f    CIL library: CIL module
 0001:0000a499       ??__F?s_sys@RSystem@rsystem@base@UModSys@@2U1234@A@@YAXXZ 0040b499 f    CIL library: CIL module
 0001:0000a4a4       ??__Frsys_dbg@rsystem@base@UModSys@@YAXXZ 0040b4a4 f    CIL library: CIL module
 0001:0000a4bb       ??__FM@UModSys@@YAXXZ      0040b4bb f    CIL library: CIL module
 0001:0000a4bc       ??__F?root@SModuleRegChain@base@UModSys@@2U123@A@@YAXXZ 0040b4bc f    CIL library: CIL module
 0001:0000a4c6       ??__F?s_library@RModuleLibraryReg_Chain@base@UModSys@@2U123@A@@YAXXZ 0040b4c6 f    CIL library: CIL module
 0001:0000a4d1       ??__F?root@SUniquePointer@core@UModSys@@2U123@A@@YAXXZ 0040b4d1 f    CIL library: CIL module

 Exports

  ordinal    name

        1    _UModSys_Plugin_Entry2@0
