 umodsysc

 Timestamp is 52b29b74 (Thu Dec 19 10:08:36 2013)

 Preferred load address is 00400000

 Start         Length     Name                   Class
 0001:00000000 0000d700H .text                   CODE
 0001:0000d700 00000533H .text$x                 CODE
 0001:0000dc33 000006eaH .text$yc                CODE
 0001:0000e31d 00000295H .text$yd                CODE
 0002:00000000 00000154H .idata$5                DATA
 0002:00000154 00000004H .CRT$XCA                DATA
 0002:00000158 00000004H .CRT$XCAA               DATA
 0002:0000015c 000002ccH .CRT$XCU                DATA
 0002:00000428 00000004H .CRT$XCZ                DATA
 0002:0000042c 00000004H .CRT$XIA                DATA
 0002:00000430 00000004H .CRT$XIAA               DATA
 0002:00000434 00000004H .CRT$XIY                DATA
 0002:00000438 00000004H .CRT$XIZ                DATA
 0002:00000440 00001a20H .rdata                  DATA
 0002:00001e60 00001324H .rdata$r                DATA
 0002:00003190 000000bcH .rdata$sxdata           DATA
 0002:0000324c 00000004H .rtc$IAA                DATA
 0002:00003250 00000004H .rtc$IZZ                DATA
 0002:00003254 00000004H .rtc$TAA                DATA
 0002:00003258 00000004H .rtc$TZZ                DATA
 0002:00003260 00000a78H .xdata$x                DATA
 0002:00003cd8 00000028H .idata$2                DATA
 0002:00003d00 00000014H .idata$3                DATA
 0002:00003d14 00000154H .idata$4                DATA
 0002:00003e68 00000554H .idata$6                DATA
 0002:000043c0 00000058H .edata                  DATA
 0003:00000000 00000cf0H .data                   DATA
 0003:00000cf0 000029c4H .bss                    DATA

  Address         Publics by Value              Rva+Base       Lib:Object

 0000:00000000       __except_list              00000000     <absolute>
 0000:0000002f       ___safe_se_handler_count   0000002f     <absolute>
 0000:00009876       __ldused                   00009876     <absolute>
 0000:00009876       __fltused                  00009876     <absolute>
 0000:00000000       ___ImageBase               00400000     <linker-defined>
 0001:00000000       ??$slen@D@su@tl@UModSys@@YAIPBD@Z 00401000 f i umodsys.c_main.obj
 0001:00000019       _main                      00401019 f   umodsys.c_main.obj
 0001:0000018b       ??0?$TString@U?$TSCoreConst@D@su@tl@UModSys@@U?$TComparerBinaryHash@D@234@@tl@UModSys@@QAE@PBD@Z 0040118b f i umodsys.c_main.obj
 0001:000001b0       ?update@?$TComparerBinaryHash@D@su@tl@UModSys@@QAEXPBDI@Z 004011b0 f i umodsys.c_main.obj
 0001:000001e7       ??1SMemShared@core@UModSys@@QAE@XZ 004011e7 f i umodsys_lib_libmedia:umodsys.mod.media.stdio.obj
 0001:000001e7       ??1SInfo@IBinObjFilter@libmedia@UModSys@@QAE@XZ 004011e7 f i umodsys_lib_libmedia:umodsys.mod.media.stdlib.obj
 0001:000001e7       ??1SCMemShared@core@UModSys@@QAE@XZ 004011e7 f i umodsys_lib_libmedia:umodsys.mod.media.stdlib.obj
 0001:000001f1       ?link@SMemShared@core@UModSys@@QAE_NPAUSMemorySharedData@23@PAUSSourceContext@23@@Z 004011f1 f i umodsys_lib_libmedia:umodsys.mod.media.stdio.obj
 0001:000001f1       ?link@SCMemShared@core@UModSys@@QAE_NPAUSMemorySharedData@23@PAUSSourceContext@23@@Z 004011f1 f i umodsys_lib_libmedia:umodsys.mod.media.stdio.obj
 0001:00000216       ??6SUniquePtrList@core@UModSys@@QAEAAU012@PBUSUniquePointerInfo@12@@Z 00401216 f i umodsys_lib_libmedia:umodsys.mod.media.stdio.obj
 0001:00000232       ??2IRoot@core@UModSys@@SAPAXIABUSIMemAlloc@12@@Z 00401232 f i umodsys_lib_libmedia:umodsys.mod.media.stdio.obj
 0001:00000254       ??3IRoot@core@UModSys@@SAXPAXABUSIMemAlloc@12@@Z 00401254 f i umodsys_lib_libmedia:umodsys.mod.media.stdio.obj
 0001:0000026d       ?_root_get_other_interface@IRefObject@core@UModSys@@IAEPAUIRoot@23@PBUSUniquePointerInfo@23@@Z 0040126d f i umodsys_lib_libmedia:umodsys.mod.media.stdio.obj
 0001:0000026d       ?_root_get_other_interface@IRefObject@core@UModSys@@IBEPBUIRoot@23@PBUSUniquePointerInfo@23@@Z 0040126d f i umodsys_lib_libmedia:umodsys.mod.media.stdio.obj
 0001:0000028e       ?_root_get_interface_types@IRefObject@core@UModSys@@SAIAAUSUniquePtrList@23@@Z 0040128e f i umodsys_lib_libmedia:umodsys.mod.media.stdio.obj
 0001:000002ae       ?_root_is_interface_supported@IRefObject@core@UModSys@@SA_NPBUSUniquePointerInfo@23@@Z 004012ae f i umodsys_lib_libmedia:umodsys.mod.media.stdio.obj
 0001:000002c5       ?get@SParameters@core@UModSys@@QBE_NPBDAA_N@Z 004012c5 f i umodsys_lib_libmedia:umodsys.mod.media.stdio.obj
 0001:000002f7       ?_root_is_interface_supported@IGenerator@base@UModSys@@SA_NPBUSUniquePointerInfo@core@3@@Z 004012f7 f i umodsys_lib_libmedia:umodsys.mod.media.stdio.obj
 0001:00000317       ??1?$TSCoreShared@USIMemAlloc@core@UModSys@@D@su@tl@UModSys@@QAE@XZ 00401317 f i umodsys_lib_libmedia:umodsys.mod.media.stdio.obj
 0001:00000317       ??1?$TString@U?$TSCoreShared@USIMemAlloc@core@UModSys@@D@su@tl@UModSys@@U?$TComparerBinaryHash@D@234@@tl@UModSys@@QAE@XZ 00401317 f i umodsys_lib_libmedia:umodsys.mod.media.stdio.obj
 0001:0000031c       ?_root_get_interface_types@IBinArchive@libmedia@UModSys@@SAIAAUSUniquePtrList@core@3@@Z 0040131c f i umodsys_lib_libmedia:umodsys.mod.media.stdio.obj
 0001:0000033e       ?_root_is_interface_supported@IBinArchive@libmedia@UModSys@@SA_NPBUSUniquePointerInfo@core@3@@Z 0040133e f i umodsys_lib_libmedia:umodsys.mod.media.stdio.obj
 0001:0000035e       ?archive_load_data@libmedia@UModSys@@YA_NAAUIBinArchive@12@ABU?$TString@U?$TSCoreConst@D@su@tl@UModSys@@U?$TComparerBinaryHash@D@234@@tl@2@AAUSCMemShared@core@2@ABUSFlags@12@@Z 0040135e f i umodsys_lib_libmedia:umodsys.mod.media.stdio.obj
 0001:00000489       ?file_get_size@stdio@media@modules@UModSys@@YA_JPAU_iobuf@@@Z 00401489 f i umodsys_lib_libmedia:umodsys.mod.media.stdio.obj
 0001:000004d4       ?root_get_interface_info@RStreamReader_FILE@stdio@media@modules@UModSys@@UBEABUSUniquePointerInfo@core@5@XZ 004014d4 f i umodsys_lib_libmedia:umodsys.mod.media.stdio.obj
 0001:000004da       ?root_get_interface_type@RStreamReader_FILE@stdio@media@modules@UModSys@@UBEPBUSUniquePointerInfo@core@5@XZ 004014da f i umodsys_lib_libmedia:umodsys.mod.media.stdio.obj
 0001:000004e0       ?root_get_other_interface@RStreamReader_FILE@stdio@media@modules@UModSys@@UBEPBUIRoot@core@5@PBUSUniquePointerInfo@75@@Z 004014e0 f i umodsys_lib_libmedia:umodsys.mod.media.stdio.obj
 0001:000004e0       ?root_get_other_interface@RStreamReader_FILE@stdio@media@modules@UModSys@@UAEPAUIRoot@core@5@PBUSUniquePointerInfo@75@@Z 004014e0 f i umodsys_lib_libmedia:umodsys.mod.media.stdio.obj
 0001:00000501       ?root_is_interface_supported@RStreamReader_FILE@stdio@media@modules@UModSys@@UBE_NPBUSUniquePointerInfo@core@5@@Z 00401501 f i umodsys_lib_libmedia:umodsys.mod.media.stdio.obj
 0001:00000528       ?ref_weak@RGenerator@stdlib@media@modules@UModSys@@UBE_NAAUWeakPointer@IRefObject@core@5@@Z 00401528 f i umodsys_lib_libmedia:umodsys.mod.media.stdlib.obj
 0001:00000528       ?ref_weak@RStreamReader_FILE@stdio@media@modules@UModSys@@UBE_NAAUWeakPointer@IRefObject@core@5@@Z 00401528 f i umodsys_lib_libmedia:umodsys.mod.media.stdio.obj
 0001:00000528       ?ref_weak@RGenerator@stdio@media@modules@UModSys@@UBE_NAAUWeakPointer@IRefObject@core@5@@Z 00401528 f i umodsys_lib_libmedia:umodsys.mod.media.stdio.obj
 0001:00000528       ?ref_weak@RUtilities@stdlib@media@modules@UModSys@@UBE_NAAUWeakPointer@IRefObject@core@5@@Z 00401528 f i umodsys_lib_libmedia:umodsys.mod.media.stdlib.obj
 0001:00000528       ?ref_weak@RStreamWriter_FILE@stdio@media@modules@UModSys@@UBE_NAAUWeakPointer@IRefObject@core@5@@Z 00401528 f i umodsys_lib_libmedia:umodsys.mod.media.stdio.obj
 0001:00000547       ??0RStreamReader_FILE@stdio@media@modules@UModSys@@QAE@PAUIModObject@base@4@ABUSParameters@core@4@@Z 00401547 f i umodsys_lib_libmedia:umodsys.mod.media.stdio.obj
 0001:000005c2       ??0RStreamReader_FILE@stdio@media@modules@UModSys@@QAE@PAUIModObject@base@4@PBD@Z 004015c2 f i umodsys_lib_libmedia:umodsys.mod.media.stdio.obj
 0001:00000619       ?open@RStreamReader_FILE@stdio@media@modules@UModSys@@QAEXPBD@Z 00401619 f i umodsys_lib_libmedia:umodsys.mod.media.stdio.obj
 0001:0000063d       ?reader_seek@RStreamReader_FILE@stdio@media@modules@UModSys@@UAE_N_J@Z 0040163d f i umodsys_lib_libmedia:umodsys.mod.media.stdio.obj
 0001:00000660       ?reader_seekend@RStreamReader_FILE@stdio@media@modules@UModSys@@UAE_N_J@Z 00401660 f i umodsys_lib_libmedia:umodsys.mod.media.stdio.obj
 0001:00000686       ?reader_seekdelta@RStreamReader_FILE@stdio@media@modules@UModSys@@UAE_N_J@Z 00401686 f i umodsys_lib_libmedia:umodsys.mod.media.stdio.obj
 0001:000006a9       ?reader_pos@RStreamReader_FILE@stdio@media@modules@UModSys@@UAE_JXZ 004016a9 f i umodsys_lib_libmedia:umodsys.mod.media.stdio.obj
 0001:000006be       ?reader_size@RStreamReader_FILE@stdio@media@modules@UModSys@@UAE_JXZ 004016be f i umodsys_lib_libmedia:umodsys.mod.media.stdio.obj
 0001:000006c5       ?reader_read@RStreamReader_FILE@stdio@media@modules@UModSys@@UAE_NPAXI@Z 004016c5 f i umodsys_lib_libmedia:umodsys.mod.media.stdio.obj
 0001:00000722       ?reader_close@RStreamReader_FILE@stdio@media@modules@UModSys@@UAEXXZ 00401722 f i umodsys_lib_libmedia:umodsys.mod.media.stdio.obj
 0001:0000073a       ??_ERStreamReader_FILE@stdio@media@modules@UModSys@@UAEPAXI@Z 0040173a f i  CIL library: CIL module
 0001:0000073a       ??_GRStreamReader_FILE@stdio@media@modules@UModSys@@UAEPAXI@Z 0040173a f i umodsys_lib_libmedia:umodsys.mod.media.stdio.obj
 0001:00000762       ?root_get_interface_info@RStreamWriter_FILE@stdio@media@modules@UModSys@@UBEABUSUniquePointerInfo@core@5@XZ 00401762 f i umodsys_lib_libmedia:umodsys.mod.media.stdio.obj
 0001:00000768       ?root_get_interface_type@RStreamWriter_FILE@stdio@media@modules@UModSys@@UBEPBUSUniquePointerInfo@core@5@XZ 00401768 f i umodsys_lib_libmedia:umodsys.mod.media.stdio.obj
 0001:0000076e       ?root_get_other_interface@RStreamWriter_FILE@stdio@media@modules@UModSys@@UBEPBUIRoot@core@5@PBUSUniquePointerInfo@75@@Z 0040176e f i umodsys_lib_libmedia:umodsys.mod.media.stdio.obj
 0001:0000076e       ?root_get_other_interface@RStreamWriter_FILE@stdio@media@modules@UModSys@@UAEPAUIRoot@core@5@PBUSUniquePointerInfo@75@@Z 0040176e f i umodsys_lib_libmedia:umodsys.mod.media.stdio.obj
 0001:0000078f       ?root_is_interface_supported@RStreamWriter_FILE@stdio@media@modules@UModSys@@UBE_NPBUSUniquePointerInfo@core@5@@Z 0040178f f i umodsys_lib_libmedia:umodsys.mod.media.stdio.obj
 0001:000007b6       ?suicide@RStreamWriter_FILE@stdio@media@modules@UModSys@@UAEXXZ 004017b6 f i umodsys_lib_libmedia:umodsys.mod.media.stdio.obj
 0001:000007b6       ?suicide@RStreamReader_FILE@stdio@media@modules@UModSys@@UAEXXZ 004017b6 f i umodsys_lib_libmedia:umodsys.mod.media.stdio.obj
 0001:000007b6       ?suicide@RUtilities@stdlib@media@modules@UModSys@@UAEXXZ 004017b6 f i umodsys_lib_libmedia:umodsys.mod.media.stdlib.obj
 0001:000007f3       ??0RStreamWriter_FILE@stdio@media@modules@UModSys@@QAE@PAUIModObject@base@4@ABUSParameters@core@4@@Z 004017f3 f i umodsys_lib_libmedia:umodsys.mod.media.stdio.obj
 0001:0000088c       ??0RStreamWriter_FILE@stdio@media@modules@UModSys@@QAE@PAUIModObject@base@4@PBD_N@Z 0040188c f i umodsys_lib_libmedia:umodsys.mod.media.stdio.obj
 0001:000008ed       ?open@RStreamWriter_FILE@stdio@media@modules@UModSys@@QAEXPBD_N@Z 004018ed f i umodsys_lib_libmedia:umodsys.mod.media.stdio.obj
 0001:00000933       ?writer_seek@RStreamWriter_FILE@stdio@media@modules@UModSys@@UAE_N_J@Z 00401933 f i umodsys_lib_libmedia:umodsys.mod.media.stdio.obj
 0001:00000956       ?writer_seekend@RStreamWriter_FILE@stdio@media@modules@UModSys@@UAE_N_J@Z 00401956 f i umodsys_lib_libmedia:umodsys.mod.media.stdio.obj
 0001:0000097c       ?writer_seekdelta@RStreamWriter_FILE@stdio@media@modules@UModSys@@UAE_N_J@Z 0040197c f i umodsys_lib_libmedia:umodsys.mod.media.stdio.obj
 0001:0000099f       ?writer_setsize@RStreamWriter_FILE@stdio@media@modules@UModSys@@UAE_N_J@Z 0040199f f i umodsys_lib_libmedia:umodsys.mod.media.stdio.obj
 0001:000009e7       ?writer_pos@RStreamWriter_FILE@stdio@media@modules@UModSys@@UAE_JXZ 004019e7 f i umodsys_lib_libmedia:umodsys.mod.media.stdio.obj
 0001:000009fc       ?writer_size@RStreamWriter_FILE@stdio@media@modules@UModSys@@UAE_JXZ 004019fc f i umodsys_lib_libmedia:umodsys.mod.media.stdio.obj
 0001:00000a21       ?writer_write@RStreamWriter_FILE@stdio@media@modules@UModSys@@UAE_NPBXI@Z 00401a21 f i umodsys_lib_libmedia:umodsys.mod.media.stdio.obj
 0001:00000a7e       ?writer_copy@RStreamWriter_FILE@stdio@media@modules@UModSys@@UAE_NPAUIStreamReader@libmedia@5@_J@Z 00401a7e f i umodsys_lib_libmedia:umodsys.mod.media.stdio.obj
 0001:00000b02       ?writer_copy@RStreamWriter_FILE@stdio@media@modules@UModSys@@UAE_NPAUIStreamReader@libmedia@5@_J1@Z 00401b02 f i umodsys_lib_libmedia:umodsys.mod.media.stdio.obj
 0001:00000b39       ?writer_close@RStreamWriter_FILE@stdio@media@modules@UModSys@@UAEXXZ 00401b39 f i umodsys_lib_libmedia:umodsys.mod.media.stdio.obj
 0001:00000b66       ?writer_abort@RStreamWriter_FILE@stdio@media@modules@UModSys@@UAEXXZ 00401b66 f i umodsys_lib_libmedia:umodsys.mod.media.stdio.obj
 0001:00000b93       ??_ERStreamWriter_FILE@stdio@media@modules@UModSys@@UAEPAXI@Z 00401b93 f i  CIL library: CIL module
 0001:00000b93       ??_GRStreamWriter_FILE@stdio@media@modules@UModSys@@UAEPAXI@Z 00401b93 f i umodsys_lib_libmedia:umodsys.mod.media.stdio.obj
 0001:00000bd7       ?root_get_interface_info@RDataArchiver_OsDir@stdio@media@modules@UModSys@@UBEABUSUniquePointerInfo@core@5@XZ 00401bd7 f i umodsys_lib_libmedia:umodsys.mod.media.stdio.obj
 0001:00000bdd       ?root_get_interface_type@RDataArchiver_OsDir@stdio@media@modules@UModSys@@UBEPBUSUniquePointerInfo@core@5@XZ 00401bdd f i umodsys_lib_libmedia:umodsys.mod.media.stdio.obj
 0001:00000be3       ?root_get_other_interface@RDataArchiver_OsDir@stdio@media@modules@UModSys@@UAEPAUIRoot@core@5@PBUSUniquePointerInfo@75@@Z 00401be3 f i umodsys_lib_libmedia:umodsys.mod.media.stdio.obj
 0001:00000be3       ?root_get_other_interface@RDataArchiver_OsDir@stdio@media@modules@UModSys@@UBEPBUIRoot@core@5@PBUSUniquePointerInfo@75@@Z 00401be3 f i umodsys_lib_libmedia:umodsys.mod.media.stdio.obj
 0001:00000c0c       ?root_is_interface_supported@RDataArchiver_OsDir@stdio@media@modules@UModSys@@UBE_NPBUSUniquePointerInfo@core@5@@Z 00401c0c f i umodsys_lib_libmedia:umodsys.mod.media.stdio.obj
 0001:00000c2b       ?ref_links@RParameters@rsystem@base@UModSys@@UBEHXZ 00401c2b f i umodsys_lib_basesys:umodsys.basesys.rparameters.obj
 0001:00000c2b       ?ref_links@RDataArchiver_OsDir@stdio@media@modules@UModSys@@UBEHXZ 00401c2b f i umodsys_lib_libmedia:umodsys.mod.media.stdio.obj
 0001:00000c2b       ?get_console@RSystem@rsystem@base@UModSys@@UAEPAUIConsole@34@XZ 00401c2b f i umodsys_lib_basesys:umodsys.basesys.rsystem.obj
 0001:00000c2b       ?ref_links@RLibraryLayered@stdlib@media@modules@UModSys@@UBEHXZ 00401c2b f i umodsys_lib_libmedia:umodsys.mod.media.stdlib.obj
 0001:00000c2b       ?ref_links@RLibraryObjFilter@stdlib@media@modules@UModSys@@UBEHXZ 00401c2b f i umodsys_lib_libmedia:umodsys.mod.media.stdlib.obj
 0001:00000c2b       ?ref_links@RLibraryBinTree@stdlib@media@modules@UModSys@@UBEHXZ 00401c2b f i umodsys_lib_libmedia:umodsys.mod.media.stdlib.obj
 0001:00000c2b       ?ref_links@RLibraryBinCache@stdlib@media@modules@UModSys@@UBEHXZ 00401c2b f i umodsys_lib_libmedia:umodsys.mod.media.stdlib.obj
 0001:00000c2b       ?ref_links@RLibraryObjCache@stdlib@media@modules@UModSys@@UBEHXZ 00401c2b f i umodsys_lib_libmedia:umodsys.mod.media.stdlib.obj
 0001:00000c2f       ?suicide@RLibraryBinCache@stdlib@media@modules@UModSys@@UAEXXZ 00401c2f f i umodsys_lib_libmedia:umodsys.mod.media.stdlib.obj
 0001:00000c2f       ?suicide@RLibraryBinTree@stdlib@media@modules@UModSys@@UAEXXZ 00401c2f f i umodsys_lib_libmedia:umodsys.mod.media.stdlib.obj
 0001:00000c2f       ?suicide@RLibraryLayered@stdlib@media@modules@UModSys@@UAEXXZ 00401c2f f i umodsys_lib_libmedia:umodsys.mod.media.stdlib.obj
 0001:00000c2f       ?suicide@RLibraryObjCache@stdlib@media@modules@UModSys@@UAEXXZ 00401c2f f i umodsys_lib_libmedia:umodsys.mod.media.stdlib.obj
 0001:00000c2f       ?suicide@RLibraryObjFilter@stdlib@media@modules@UModSys@@UAEXXZ 00401c2f f i umodsys_lib_libmedia:umodsys.mod.media.stdlib.obj
 0001:00000c2f       ?suicide@RDataArchiver_OsDir@stdio@media@modules@UModSys@@UAEXXZ 00401c2f f i umodsys_lib_libmedia:umodsys.mod.media.stdio.obj
 0001:00000c6c       ??0RDataArchiver_OsDir@stdio@media@modules@UModSys@@QAE@PAUIModObject@base@4@ABUSParameters@core@4@U?$TFlags4State@USMediaFlagUid@libmedia@UModSys@@I@tl@4@@Z 00401c6c f i umodsys_lib_libmedia:umodsys.mod.media.stdio.obj
 0001:00000ce7       ?open@RDataArchiver_OsDir@stdio@media@modules@UModSys@@QAEXABUSParameters@core@5@@Z 00401ce7 f i umodsys_lib_libmedia:umodsys.mod.media.stdio.obj
 0001:00000dc2       ?get_flag@RDataArchiver_OsDir@stdio@media@modules@UModSys@@UBE?AW4eStates@?$TFlags4State@USMediaFlagUid@libmedia@UModSys@@I@tl@5@H@Z 00401dc2 f i umodsys_lib_libmedia:umodsys.mod.media.stdio.obj
 0001:00000dd5       ?get_flags_auto@RDataArchiver_OsDir@stdio@media@modules@UModSys@@UBE?AU?$TFlags4State@USMediaFlagUid@libmedia@UModSys@@I@tl@5@XZ 00401dd5 f i umodsys_lib_libmedia:umodsys.mod.media.stdio.obj
 0001:00000de4       ?set_flag@RDataArchiver_OsDir@stdio@media@modules@UModSys@@UAE?AW4eStates@?$TFlags4State@USMediaFlagUid@libmedia@UModSys@@I@tl@5@HW46785@@Z 00401de4 f i umodsys_lib_libmedia:umodsys.mod.media.stdio.obj
 0001:00000e11       ?data_load@RDataArchiver_OsDir@stdio@media@modules@UModSys@@UAE_NABU?$TString@U?$TSCoreConst@D@su@tl@UModSys@@U?$TComparerBinaryHash@D@234@@tl@5@AAUSCMemShared@core@5@ABUSFlags@libmedia@5@@Z 00401e11 f i umodsys_lib_libmedia:umodsys.mod.media.stdio.obj
 0001:00000e45       ?data_save@RDataArchiver_OsDir@stdio@media@modules@UModSys@@UAE_NABU?$TString@U?$TSCoreConst@D@su@tl@UModSys@@U?$TComparerBinaryHash@D@234@@tl@5@ABUSCMem@core@5@ABUSFlags@libmedia@5@@Z 00401e45 f i umodsys_lib_libmedia:umodsys.mod.media.stdio.obj
 0001:00000ebb       ?data_reader@RDataArchiver_OsDir@stdio@media@modules@UModSys@@UAE?AU?$TRefObject@UIStreamReader@libmedia@UModSys@@U?$TRefObjectFunc@UIStreamReader@libmedia@UModSys@@@tl@3@@tl@5@ABU?$TString@U?$TSCoreConst@D@su@tl@UModSys@@U?$TComparerBinaryHash@D@234@@75@ABUSFlags@libmedia@5@@Z 00401ebb f i umodsys_lib_libmedia:umodsys.mod.media.stdio.obj
 0001:00000fc2       ?data_writer@RDataArchiver_OsDir@stdio@media@modules@UModSys@@UAE?AU?$TRefObject@UIStreamWriter@libmedia@UModSys@@U?$TRefObjectFunc@UIStreamWriter@libmedia@UModSys@@@tl@3@@tl@5@ABU?$TString@U?$TSCoreConst@D@su@tl@UModSys@@U?$TComparerBinaryHash@D@234@@75@ABUSFlags@libmedia@5@@Z 00401fc2 f i umodsys_lib_libmedia:umodsys.mod.media.stdio.obj
 0001:000010e4       ?data_list@RDataArchiver_OsDir@stdio@media@modules@UModSys@@UAE_NABU?$TString@U?$TSCoreConst@D@su@tl@UModSys@@U?$TComparerBinaryHash@D@234@@tl@5@AAU?$TIStackSocket@USFileInfo@libmedia@UModSys@@@75@ABUSFlags@libmedia@5@@Z 004020e4 f i umodsys_lib_libmedia:umodsys.mod.media.stdio.obj
 0001:0000112d       ?get_permissions@RDataArchiver_OsDir@stdio@media@modules@UModSys@@UAEHXZ 0040212d f i umodsys_lib_libmedia:umodsys.mod.media.stdio.obj
 0001:00001131       ??_GRDataArchiver_OsDir@stdio@media@modules@UModSys@@UAEPAXI@Z 00402131 f i umodsys_lib_libmedia:umodsys.mod.media.stdio.obj
 0001:00001131       ??_ERDataArchiver_OsDir@stdio@media@modules@UModSys@@UAEPAXI@Z 00402131 f i  CIL library: CIL module
 0001:00001185       ??1ILibObject@libmedia@UModSys@@UAE@XZ 00402185 f i umodsys_lib_libmedia:umodsys.mod.media.stdio.obj
 0001:000011bc       ?get_generated_names@RGenerator@stdio@media@modules@UModSys@@UBEHAAUSUniquePtrList@core@5@@Z 004021bc f i umodsys_lib_libmedia:umodsys.mod.media.stdio.obj
 0001:000011ec       ?get_generated_types@RGenerator@stdio@media@modules@UModSys@@UBEHAAUSUniquePtrList@core@5@PBUSUniquePointerInfo@75@@Z 004021ec f i umodsys_lib_libmedia:umodsys.mod.media.stdio.obj
 0001:0000125f       ?generate@RGenerator@stdio@media@modules@UModSys@@UAE_NAAU?$TRefObject@UIRefObject@core@UModSys@@U?$TRefObjectFunc@UIRefObject@core@UModSys@@@tl@3@@tl@5@PBUSUniquePointerInfo@core@5@ABUSParameters@95@@Z 0040225f f i umodsys_lib_libmedia:umodsys.mod.media.stdio.obj
 0001:000012c7       ?root_get_interface_info@RGenerator@stdio@media@modules@UModSys@@UBEABUSUniquePointerInfo@core@5@XZ 004022c7 f i umodsys_lib_libmedia:umodsys.mod.media.stdio.obj
 0001:000012cd       ?root_get_interface_type@RGenerator@stdio@media@modules@UModSys@@UBEPBUSUniquePointerInfo@core@5@XZ 004022cd f i umodsys_lib_libmedia:umodsys.mod.media.stdio.obj
 0001:000012d3       ?root_get_other_interface@RGenerator@stdio@media@modules@UModSys@@UAEPAUIRoot@core@5@PBUSUniquePointerInfo@75@@Z 004022d3 f i umodsys_lib_libmedia:umodsys.mod.media.stdio.obj
 0001:000012d3       ?root_get_other_interface@RGenerator@stdio@media@modules@UModSys@@UBEPBUIRoot@core@5@PBUSUniquePointerInfo@75@@Z 004022d3 f i umodsys_lib_libmedia:umodsys.mod.media.stdio.obj
 0001:000012fc       ?root_is_interface_supported@RGenerator@stdio@media@modules@UModSys@@UBE_NPBUSUniquePointerInfo@core@5@@Z 004022fc f i umodsys_lib_libmedia:umodsys.mod.media.stdio.obj
 0001:0000131b       ?ref_add@RGenerator@stdio@media@modules@UModSys@@UBEXXZ 0040231b f i umodsys_lib_libmedia:umodsys.mod.media.stdio.obj
 0001:0000131b       ?ref_add@RStreamWriter_FILE@stdio@media@modules@UModSys@@UBEXXZ 0040231b f i umodsys_lib_libmedia:umodsys.mod.media.stdio.obj
 0001:0000131b       ?ref_add@RStreamReader_FILE@stdio@media@modules@UModSys@@UBEXXZ 0040231b f i umodsys_lib_libmedia:umodsys.mod.media.stdio.obj
 0001:0000131b       ?ref_add@RGenerator@stdlib@media@modules@UModSys@@UBEXXZ 0040231b f i umodsys_lib_libmedia:umodsys.mod.media.stdlib.obj
 0001:0000131b       ?ref_add@RUtilities@stdlib@media@modules@UModSys@@UBEXXZ 0040231b f i umodsys_lib_libmedia:umodsys.mod.media.stdlib.obj
 0001:0000131f       ?get_uid@RGenerator@stdio@media@modules@UModSys@@UBEPBUSUniquePointerInfo@core@5@XZ 0040231f f i umodsys_lib_libmedia:umodsys.mod.media.stdio.obj
 0001:00001325       ?do_open@RModuleReg@stdio@media@modules@UModSys@@UAE_NXZ 00402325 f i umodsys_lib_libmedia:umodsys.mod.media.stdio.obj
 0001:00001373       ?do_close@RModuleReg@stdio@media@modules@UModSys@@UAE_NXZ 00402373 f i umodsys_lib_libmedia:umodsys.mod.media.stdio.obj
 0001:000013ae       ?get_module@RGenerator@stdio@media@modules@UModSys@@UBEPAUIModule@base@5@XZ 004023ae f   umodsys_lib_libmedia:umodsys.mod.media.stdio.obj
 0001:000013b4       ?mod_inc@RGenerator@stdio@media@modules@UModSys@@UBE_NXZ 004023b4 f   umodsys_lib_libmedia:umodsys.mod.media.stdio.obj
 0001:000013bf       ?mod_dec@RGenerator@stdio@media@modules@UModSys@@UBE_NXZ 004023bf f   umodsys_lib_libmedia:umodsys.mod.media.stdio.obj
 0001:000013ca       ?s_holder@RGenerator@stdio@media@modules@UModSys@@SAAAU?$TTypeStaticHolder@URGenerator@stdio@media@modules@UModSys@@@tl@5@XZ 004023ca f   umodsys_lib_libmedia:umodsys.mod.media.stdio.obj
 0001:000013fc       ??1?$TRefObject@URUtilities@stdlib@media@modules@UModSys@@U?$TRefObjectFunc@URUtilities@stdlib@media@modules@UModSys@@@tl@5@@tl@UModSys@@QAE@XZ 004023fc f i umodsys_lib_libmedia:umodsys.mod.media.stdlib.obj
 0001:000013fc       ??1?$TRefObject@URLibraryObjCache@stdlib@media@modules@UModSys@@U?$TRefObjectFunc@URLibraryObjCache@stdlib@media@modules@UModSys@@@tl@5@@tl@UModSys@@QAE@XZ 004023fc f i umodsys_lib_libmedia:umodsys.mod.media.stdlib.obj
 0001:000013fc       ??1?$TRefObject@UILibrary@libmedia@UModSys@@U?$TRefObjectFunc@UILibrary@libmedia@UModSys@@@tl@3@@tl@UModSys@@QAE@XZ 004023fc f i umodsys_lib_libmedia:umodsys.mod.media.stdlib.obj
 0001:000013fc       ??1?$TRefObject@UIRefObject@core@UModSys@@U?$TRefObjectFunc@UIRefObject@core@UModSys@@@tl@3@@tl@UModSys@@QAE@XZ 004023fc f i umodsys_lib_libmedia:umodsys.mod.media.stdlib.obj
 0001:000013fc       ??1?$TRefObject@URStreamReader_FILE@stdio@media@modules@UModSys@@U?$TRefObjectFunc@URStreamReader_FILE@stdio@media@modules@UModSys@@@tl@5@@tl@UModSys@@QAE@XZ 004023fc f i umodsys_lib_libmedia:umodsys.mod.media.stdio.obj
 0001:000013fc       ??1?$TRefObject@UIStreamWriter@libmedia@UModSys@@U?$TRefObjectFunc@UIStreamWriter@libmedia@UModSys@@@tl@3@@tl@UModSys@@QAE@XZ 004023fc f i umodsys_lib_libmedia:umodsys.mod.media.stdio.obj
 0001:000013fc       ??1?$TRefObject@UIShell@base@UModSys@@U?$TRefObjectFunc@UIShell@base@UModSys@@@tl@3@@tl@UModSys@@QAE@XZ 004023fc f i umodsys_lib_basesys:umodsys.basesys.rsystem_tests.obj
 0001:000013fc       ??1?$TRefObject@URLibraryObjFilter@stdlib@media@modules@UModSys@@U?$TRefObjectFunc@URLibraryObjFilter@stdlib@media@modules@UModSys@@@tl@5@@tl@UModSys@@QAE@XZ 004023fc f i umodsys_lib_libmedia:umodsys.mod.media.stdlib.obj
 0001:000013fc       ??1?$TRefObject@URBinArchiveFrame@stdlib@media@modules@UModSys@@U?$TRefObjectFunc@URBinArchiveFrame@stdlib@media@modules@UModSys@@@tl@5@@tl@UModSys@@QAE@XZ 004023fc f i umodsys_lib_libmedia:umodsys.mod.media.stdlib.obj
 0001:000013fc       ??1?$TRefObject@UIStreamReader@libmedia@UModSys@@U?$TRefObjectFunc@UIStreamReader@libmedia@UModSys@@@tl@3@@tl@UModSys@@QAE@XZ 004023fc f i umodsys_lib_libmedia:umodsys.mod.media.stdio.obj
 0001:000013fc       ??1?$TRefObject@UIModuleLibraryUni@rsystem@base@UModSys@@U?$TRefObjectFunc@UIModuleLibraryUni@rsystem@base@UModSys@@@tl@4@@tl@UModSys@@QAE@XZ 004023fc f i umodsys_lib_basesys:umodsys.basesys.rmodule.obj
 0001:000013fc       ??1?$TRefObject@URStreamWriter_FILE@stdio@media@modules@UModSys@@U?$TRefObjectFunc@URStreamWriter_FILE@stdio@media@modules@UModSys@@@tl@5@@tl@UModSys@@QAE@XZ 004023fc f i umodsys_lib_libmedia:umodsys.mod.media.stdio.obj
 0001:000013fc       ??1?$TRefObject@URModuleLibrarySO@rsystem@base@UModSys@@U?$TRefObjectFunc@URModuleLibrarySO@rsystem@base@UModSys@@@tl@4@@tl@UModSys@@QAE@XZ 004023fc f i umodsys_lib_basesys:umodsys.basesys.rmoduleloader.obj
 0001:000013fc       ??1SFilter@RLibraryObjFilter@stdlib@media@modules@UModSys@@QAE@XZ 004023fc f i umodsys_lib_libmedia:umodsys.mod.media.stdlib.obj
 0001:000013fc       ??1?$TRefObject@UIBinObjFilter@libmedia@UModSys@@U?$TRefObjectFunc@UIBinObjFilter@libmedia@UModSys@@@tl@3@@tl@UModSys@@QAE@XZ 004023fc f i umodsys_lib_libmedia:umodsys.mod.media.stdlib.obj
 0001:000013fc       ??1?$TRefObject@URDataArchiver_OsDir@stdio@media@modules@UModSys@@U?$TRefObjectFunc@URDataArchiver_OsDir@stdio@media@modules@UModSys@@@tl@5@@tl@UModSys@@QAE@XZ 004023fc f i umodsys_lib_libmedia:umodsys.mod.media.stdio.obj
 0001:000013fc       ??1?$TRefObject@URLibraryBinCache@stdlib@media@modules@UModSys@@U?$TRefObjectFunc@URLibraryBinCache@stdlib@media@modules@UModSys@@@tl@5@@tl@UModSys@@QAE@XZ 004023fc f i umodsys_lib_libmedia:umodsys.mod.media.stdlib.obj
 0001:000013fc       ??1?$TRefObject@UIBinArchive@libmedia@UModSys@@U?$TRefObjectFunc@UIBinArchive@libmedia@UModSys@@@tl@3@@tl@UModSys@@QAE@XZ 004023fc f i umodsys_lib_libmedia:umodsys.mod.media.stdlib.obj
 0001:000013fc       ??1?$TRefObject@URLibraryLayered@stdlib@media@modules@UModSys@@U?$TRefObjectFunc@URLibraryLayered@stdlib@media@modules@UModSys@@@tl@5@@tl@UModSys@@QAE@XZ 004023fc f i umodsys_lib_libmedia:umodsys.mod.media.stdlib.obj
 0001:000013fc       ??1?$TRefObject@UIClient@IBinArchiveFrame@libmedia@UModSys@@U?$TRefObjectFunc@UIClient@IBinArchiveFrame@libmedia@UModSys@@@tl@4@@tl@UModSys@@QAE@XZ 004023fc f i umodsys_lib_libmedia:umodsys.mod.media.stdlib.obj
 0001:000013fc       ??1?$TRefObject@URLibraryBinTree@stdlib@media@modules@UModSys@@U?$TRefObjectFunc@URLibraryBinTree@stdlib@media@modules@UModSys@@@tl@5@@tl@UModSys@@QAE@XZ 004023fc f i umodsys_lib_libmedia:umodsys.mod.media.stdlib.obj
 0001:000013fc       ??1?$TRefObject@URParameters@rsystem@base@UModSys@@U?$TRefObjectFunc@URParameters@rsystem@base@UModSys@@@tl@4@@tl@UModSys@@QAE@XZ 004023fc f i umodsys_lib_basesys:umodsys.basesys.rsystem_main.obj
 0001:0000140b       ?set@?$TSCoreShared@USIMemAlloc@core@UModSys@@D@su@tl@UModSys@@QAEXPBD@Z 0040240b f i umodsys_lib_libmedia:umodsys.mod.media.stdio.obj
 0001:00001430       ?set@?$TSCoreShared@USIMemAlloc@core@UModSys@@D@su@tl@UModSys@@QAEXPBDI@Z 00402430 f i umodsys_lib_libmedia:umodsys.mod.media.stdio.obj
 0001:0000148d       ?info_release@?$TSCoreShared@USIMemAlloc@core@UModSys@@D@su@tl@UModSys@@QAEXXZ 0040248d f i umodsys_lib_libmedia:umodsys.mod.media.stdio.obj
 0001:000014bd       ??$ValidateConstruction@UIStreamReader@libmedia@UModSys@@URStreamReader_FILE@stdio@media@modules@3@@core@UModSys@@YA_NAAU?$TRefObject@UIStreamReader@libmedia@UModSys@@U?$TRefObjectFunc@UIStreamReader@libmedia@UModSys@@@tl@3@@tl@1@PAURStreamReader_FILE@stdio@media@modules@1@@Z 004024bd f i umodsys_lib_libmedia:umodsys.mod.media.stdio.obj
 0001:0000150f       ??$yes@U?$TFlags4StateShift@USMediaFlagUid@libmedia@UModSys@@I$09@tl@UModSys@@@SFlags@libmedia@UModSys@@QBE_NPBUIResolverAuto@012@@Z 0040250f f i umodsys_lib_libmedia:umodsys.mod.media.stdio.obj
 0001:00001560       ??$ValidateConstruction@UIStreamWriter@libmedia@UModSys@@URStreamWriter_FILE@stdio@media@modules@3@@core@UModSys@@YA_NAAU?$TRefObject@UIStreamWriter@libmedia@UModSys@@U?$TRefObjectFunc@UIStreamWriter@libmedia@UModSys@@@tl@3@@tl@1@PAURStreamWriter_FILE@stdio@media@modules@1@@Z 00402560 f i umodsys_lib_libmedia:umodsys.mod.media.stdio.obj
 0001:000015ba       ??$t_gen_param@URStreamReader_FILE@stdio@media@modules@UModSys@@URGenerator@2345@@IGenerator@base@UModSys@@IAE_NPAURGenerator@stdio@media@modules@2@AAU?$TRefObject@UIRefObject@core@UModSys@@U?$TRefObjectFunc@UIRefObject@core@UModSys@@@tl@3@@tl@2@PBUSUniquePointerInfo@core@2@ABUSParameters@core@2@@Z 004025ba f i umodsys_lib_libmedia:umodsys.mod.media.stdio.obj
 0001:00001645       ??$t_gen_param@URStreamWriter_FILE@stdio@media@modules@UModSys@@URGenerator@2345@@IGenerator@base@UModSys@@IAE_NPAURGenerator@stdio@media@modules@2@AAU?$TRefObject@UIRefObject@core@UModSys@@U?$TRefObjectFunc@UIRefObject@core@UModSys@@@tl@3@@tl@2@PBUSUniquePointerInfo@core@2@ABUSParameters@core@2@@Z 00402645 f i umodsys_lib_libmedia:umodsys.mod.media.stdio.obj
 0001:000016d0       ??$t_gen_param@URDataArchiver_OsDir@stdio@media@modules@UModSys@@URGenerator@2345@@IGenerator@base@UModSys@@IAE_NPAURGenerator@stdio@media@modules@2@AAU?$TRefObject@UIRefObject@core@UModSys@@U?$TRefObjectFunc@UIRefObject@core@UModSys@@@tl@3@@tl@2@PBUSUniquePointerInfo@core@2@ABUSParameters@core@2@@Z 004026d0 f i umodsys_lib_libmedia:umodsys.mod.media.stdio.obj
 0001:00001750       ??1?$TRefObject@UIModObject@base@UModSys@@U?$TModObjectFunc@UIModObject@base@UModSys@@@tl@3@@tl@UModSys@@QAE@XZ 00402750 f i umodsys_lib_libmedia:umodsys.mod.media.stdio.obj
 0001:00001766       ?s_init@?$TModObjectFunc@UIModObject@base@UModSys@@@tl@UModSys@@SAXAAPAUIModObject@base@3@PAU453@@Z 00402766 f i umodsys_lib_libmedia:umodsys.mod.media.stdio.obj
 0001:0000177f       ??4?$TRefObject@UIRefObject@core@UModSys@@U?$TRefObjectFunc@UIRefObject@core@UModSys@@@tl@3@@tl@UModSys@@QAEABU012@PAUIRefObject@core@2@@Z 0040277f f i umodsys_lib_libmedia:umodsys.mod.media.stdio.obj
 0001:0000177f       ??4?$TRefObject@UIStreamReader@libmedia@UModSys@@U?$TRefObjectFunc@UIStreamReader@libmedia@UModSys@@@tl@3@@tl@UModSys@@QAEABU012@PAUIStreamReader@libmedia@2@@Z 0040277f f i umodsys_lib_libmedia:umodsys.mod.media.stdio.obj
 0001:0000179a       ?new_data@SMemorySharedData@core@UModSys@@SAPAU123@IPBUSSourceContext@23@@Z 0040279a f i umodsys_lib_libmedia:umodsys.mod.media.stdlib.obj
 0001:000017be       ??$seq@D@su@tl@UModSys@@YA_NPBD0I@Z 004027be f i umodsys_lib_libmedia:umodsys.mod.media.stdlib.obj
 0001:000017d9       ??1SFileInfo@libmedia@UModSys@@QAE@XZ 004027d9 f i umodsys_lib_libmedia:umodsys.mod.media.stdlib.obj
 0001:00001826       ?get_flag@RResolverChain@SFlagsChain@libmedia@UModSys@@UBE?AW4eStates@?$TFlags4State@USMediaFlagUid@libmedia@UModSys@@I@tl@4@H@Z 00402826 f i umodsys_lib_libmedia:umodsys.mod.media.stdlib.obj
 0001:0000184c       ?bin_reader@ILibrary@libmedia@UModSys@@QAE?AU?$TRefObject@UIStreamReader@libmedia@UModSys@@U?$TRefObjectFunc@UIStreamReader@libmedia@UModSys@@@tl@3@@tl@3@ABU?$TString@U?$TSCoreConst@D@su@tl@UModSys@@U?$TComparerBinaryHash@D@234@@53@ABU?$TFlags4State@USMediaFlagUid@libmedia@UModSys@@I@53@@Z 0040284c f i umodsys_lib_libmedia:umodsys.mod.media.stdlib.obj
 0001:0000187b       ?bin_writer@ILibrary@libmedia@UModSys@@QAE?AU?$TRefObject@UIStreamWriter@libmedia@UModSys@@U?$TRefObjectFunc@UIStreamWriter@libmedia@UModSys@@@tl@3@@tl@3@ABU?$TString@U?$TSCoreConst@D@su@tl@UModSys@@U?$TComparerBinaryHash@D@234@@53@ABU?$TFlags4State@USMediaFlagUid@libmedia@UModSys@@I@53@@Z 0040287b f i umodsys_lib_libmedia:umodsys.mod.media.stdlib.obj
 0001:000018aa       ?_root_get_other_interface@ILibrary@libmedia@UModSys@@IBEPBUIRoot@core@3@PBUSUniquePointerInfo@53@@Z 004028aa f i umodsys_lib_libmedia:umodsys.mod.media.stdlib.obj
 0001:000018aa       ?_root_get_other_interface@ILibrary@libmedia@UModSys@@IAEPAUIRoot@core@3@PBUSUniquePointerInfo@53@@Z 004028aa f i umodsys_lib_libmedia:umodsys.mod.media.stdlib.obj
 0001:000018c6       ?_root_get_interface_types@ILibrary@libmedia@UModSys@@SAIAAUSUniquePtrList@core@3@@Z 004028c6 f i umodsys_lib_libmedia:umodsys.mod.media.stdlib.obj
 0001:000018e8       ?_root_is_interface_supported@ILibrary@libmedia@UModSys@@SA_NPBUSUniquePointerInfo@core@3@@Z 004028e8 f i umodsys_lib_libmedia:umodsys.mod.media.stdlib.obj
 0001:00001908       ??1SPoint@ILibraryBinTree@libmedia@UModSys@@QAE@XZ 00402908 f i umodsys_lib_libmedia:umodsys.mod.media.stdlib.obj
 0001:00001908       ??1SLayer@ILibraryLayered@libmedia@UModSys@@QAE@XZ 00402908 f i umodsys_lib_libmedia:umodsys.mod.media.stdlib.obj
 0001:00001919       ?setname@NameNode@IBinArchiveFrame@libmedia@UModSys@@QAEXPAXHABU?$TString@U?$TSCoreConst@D@su@tl@UModSys@@U?$TComparerBinaryHash@D@234@@tl@4@@Z 00402919 f i umodsys_lib_libmedia:umodsys.mod.media.stdlib.obj
 0001:00001961       ?setname@NameNode@IBinArchiveFrame@libmedia@UModSys@@QAEXPAXHABU?$TString@U?$TSCoreConst@D@su@tl@UModSys@@U?$TComparerUtfNocaseHash@D@234@@tl@4@@Z 00402961 f i umodsys_lib_libmedia:umodsys.mod.media.stdlib.obj
 0001:000019b1       ??RNameNodeCmpC@IBinArchiveFrame@libmedia@UModSys@@QBEHPBUNameNode@123@@Z 004029b1 f i umodsys_lib_libmedia:umodsys.mod.media.stdlib.obj
 0001:000019db       ??RNameNodeCmpUC@IBinArchiveFrame@libmedia@UModSys@@QBEHPBUNameNode@123@@Z 004029db f i umodsys_lib_libmedia:umodsys.mod.media.stdlib.obj
 0001:00001a36       ?root_get_interface_info@RUtilities@stdlib@media@modules@UModSys@@UBEABUSUniquePointerInfo@core@5@XZ 00402a36 f i umodsys_lib_libmedia:umodsys.mod.media.stdlib.obj
 0001:00001a3c       ?root_get_interface_type@RUtilities@stdlib@media@modules@UModSys@@UBEPBUSUniquePointerInfo@core@5@XZ 00402a3c f i umodsys_lib_libmedia:umodsys.mod.media.stdlib.obj
 0001:00001a42       ?root_get_other_interface@RUtilities@stdlib@media@modules@UModSys@@UBEPBUIRoot@core@5@PBUSUniquePointerInfo@75@@Z 00402a42 f i umodsys_lib_libmedia:umodsys.mod.media.stdlib.obj
 0001:00001a42       ?root_get_other_interface@RUtilities@stdlib@media@modules@UModSys@@UAEPAUIRoot@core@5@PBUSUniquePointerInfo@75@@Z 00402a42 f i umodsys_lib_libmedia:umodsys.mod.media.stdlib.obj
 0001:00001a63       ?root_is_interface_supported@RUtilities@stdlib@media@modules@UModSys@@UBE_NPBUSUniquePointerInfo@core@5@@Z 00402a63 f i umodsys_lib_libmedia:umodsys.mod.media.stdlib.obj
 0001:00001a8a       ?root_get_interface_info@RBinArchiveFrame@stdlib@media@modules@UModSys@@UBEABUSUniquePointerInfo@core@5@XZ 00402a8a f i umodsys_lib_libmedia:umodsys.mod.media.stdlib.obj
 0001:00001a90       ?root_get_interface_type@RBinArchiveFrame@stdlib@media@modules@UModSys@@UBEPBUSUniquePointerInfo@core@5@XZ 00402a90 f i umodsys_lib_libmedia:umodsys.mod.media.stdlib.obj
 0001:00001a96       ?root_get_other_interface@RBinArchiveFrame@stdlib@media@modules@UModSys@@UBEPBUIRoot@core@5@PBUSUniquePointerInfo@75@@Z 00402a96 f i umodsys_lib_libmedia:umodsys.mod.media.stdlib.obj
 0001:00001a96       ?root_get_other_interface@RBinArchiveFrame@stdlib@media@modules@UModSys@@UAEPAUIRoot@core@5@PBUSUniquePointerInfo@75@@Z 00402a96 f i umodsys_lib_libmedia:umodsys.mod.media.stdlib.obj
 0001:00001ac7       ?root_is_interface_supported@RBinArchiveFrame@stdlib@media@modules@UModSys@@UBE_NPBUSUniquePointerInfo@core@5@@Z 00402ac7 f i umodsys_lib_libmedia:umodsys.mod.media.stdlib.obj
 0001:00001aee       ?ref_add@RBinArchiveFrame@stdlib@media@modules@UModSys@@UBEXXZ 00402aee f i umodsys_lib_libmedia:umodsys.mod.media.stdlib.obj
 0001:00001af2       ?ref_remove@RBinArchiveFrame@stdlib@media@modules@UModSys@@UBEXXZ 00402af2 f i umodsys_lib_libmedia:umodsys.mod.media.stdlib.obj
 0001:00001afd       ?ref_links@RBinArchiveFrame@stdlib@media@modules@UModSys@@UBEHXZ 00402afd f i umodsys_lib_libmedia:umodsys.mod.media.stdlib.obj
 0001:00001b01       ?ref_weak@RBinArchiveFrame@stdlib@media@modules@UModSys@@UBE_NAAUWeakPointer@IRefObject@core@5@@Z 00402b01 f i umodsys_lib_libmedia:umodsys.mod.media.stdlib.obj
 0001:00001b20       ?suicide@RBinArchiveFrame@stdlib@media@modules@UModSys@@UAEXXZ 00402b20 f i umodsys_lib_libmedia:umodsys.mod.media.stdlib.obj
 0001:00001b5d       ?root_get_interface_info@RLibraryBinTree@stdlib@media@modules@UModSys@@UBEABUSUniquePointerInfo@core@5@XZ 00402b5d f i umodsys_lib_libmedia:umodsys.mod.media.stdlib.obj
 0001:00001b63       ?root_get_interface_type@RLibraryBinTree@stdlib@media@modules@UModSys@@UBEPBUSUniquePointerInfo@core@5@XZ 00402b63 f i umodsys_lib_libmedia:umodsys.mod.media.stdlib.obj
 0001:00001b69       ?root_get_other_interface@RLibraryBinTree@stdlib@media@modules@UModSys@@UAEPAUIRoot@core@5@PBUSUniquePointerInfo@75@@Z 00402b69 f i umodsys_lib_libmedia:umodsys.mod.media.stdlib.obj
 0001:00001b69       ?root_get_other_interface@RLibraryBinTree@stdlib@media@modules@UModSys@@UBEPBUIRoot@core@5@PBUSUniquePointerInfo@75@@Z 00402b69 f i umodsys_lib_libmedia:umodsys.mod.media.stdlib.obj
 0001:00001b8a       ?root_is_interface_supported@RLibraryBinTree@stdlib@media@modules@UModSys@@UBE_NPBUSUniquePointerInfo@core@5@@Z 00402b8a f i umodsys_lib_libmedia:umodsys.mod.media.stdlib.obj
 0001:00001bb1       ?ref_add@RParameters@rsystem@base@UModSys@@UBEXXZ 00402bb1 f i umodsys_lib_basesys:umodsys.basesys.rparameters.obj
 0001:00001bb1       ?ref_add@RLibraryObjFilter@stdlib@media@modules@UModSys@@UBEXXZ 00402bb1 f i umodsys_lib_libmedia:umodsys.mod.media.stdlib.obj
 0001:00001bb1       ?ref_add@RLibraryBinCache@stdlib@media@modules@UModSys@@UBEXXZ 00402bb1 f i umodsys_lib_libmedia:umodsys.mod.media.stdlib.obj
 0001:00001bb1       ?ref_add@RLibraryObjCache@stdlib@media@modules@UModSys@@UBEXXZ 00402bb1 f i umodsys_lib_libmedia:umodsys.mod.media.stdlib.obj
 0001:00001bb1       ?ref_add@RLibraryBinTree@stdlib@media@modules@UModSys@@UBEXXZ 00402bb1 f i umodsys_lib_libmedia:umodsys.mod.media.stdlib.obj
 0001:00001bb1       ?ref_add@RLibraryLayered@stdlib@media@modules@UModSys@@UBEXXZ 00402bb1 f i umodsys_lib_libmedia:umodsys.mod.media.stdlib.obj
 0001:00001bb1       ?ref_add@RDataArchiver_OsDir@stdio@media@modules@UModSys@@UBEXXZ 00402bb1 f i umodsys_lib_libmedia:umodsys.mod.media.stdio.obj
 0001:00001bb5       ?ref_remove@RLibraryLayered@stdlib@media@modules@UModSys@@UBEXXZ 00402bb5 f i umodsys_lib_libmedia:umodsys.mod.media.stdlib.obj
 0001:00001bb5       ?ref_remove@RLibraryBinCache@stdlib@media@modules@UModSys@@UBEXXZ 00402bb5 f i umodsys_lib_libmedia:umodsys.mod.media.stdlib.obj
 0001:00001bb5       ?ref_remove@RDataArchiver_OsDir@stdio@media@modules@UModSys@@UBEXXZ 00402bb5 f i umodsys_lib_libmedia:umodsys.mod.media.stdio.obj
 0001:00001bb5       ?ref_remove@RLibraryBinTree@stdlib@media@modules@UModSys@@UBEXXZ 00402bb5 f i umodsys_lib_libmedia:umodsys.mod.media.stdlib.obj
 0001:00001bb5       ?ref_remove@RLibraryObjFilter@stdlib@media@modules@UModSys@@UBEXXZ 00402bb5 f i umodsys_lib_libmedia:umodsys.mod.media.stdlib.obj
 0001:00001bb5       ?ref_remove@RLibraryObjCache@stdlib@media@modules@UModSys@@UBEXXZ 00402bb5 f i umodsys_lib_libmedia:umodsys.mod.media.stdlib.obj
 0001:00001bb5       ?ref_remove@RParameters@rsystem@base@UModSys@@UBEXXZ 00402bb5 f i umodsys_lib_basesys:umodsys.basesys.rparameters.obj
 0001:00001bc0       ?root_get_interface_info@RLibraryBinCache@stdlib@media@modules@UModSys@@UBEABUSUniquePointerInfo@core@5@XZ 00402bc0 f i umodsys_lib_libmedia:umodsys.mod.media.stdlib.obj
 0001:00001bc6       ?root_get_interface_type@RLibraryBinCache@stdlib@media@modules@UModSys@@UBEPBUSUniquePointerInfo@core@5@XZ 00402bc6 f i umodsys_lib_libmedia:umodsys.mod.media.stdlib.obj
 0001:00001bcc       ?root_get_other_interface@RLibraryBinCache@stdlib@media@modules@UModSys@@UBEPBUIRoot@core@5@PBUSUniquePointerInfo@75@@Z 00402bcc f i umodsys_lib_libmedia:umodsys.mod.media.stdlib.obj
 0001:00001bcc       ?root_get_other_interface@RLibraryBinCache@stdlib@media@modules@UModSys@@UAEPAUIRoot@core@5@PBUSUniquePointerInfo@75@@Z 00402bcc f i umodsys_lib_libmedia:umodsys.mod.media.stdlib.obj
 0001:00001bed       ?root_is_interface_supported@RLibraryBinCache@stdlib@media@modules@UModSys@@UBE_NPBUSUniquePointerInfo@core@5@@Z 00402bed f i umodsys_lib_libmedia:umodsys.mod.media.stdlib.obj
 0001:00001c14       ??0RLibraryBinCache@stdlib@media@modules@UModSys@@QAE@PAUIModObject@base@4@ABUSParameters@core@4@U?$TFlags4State@USMediaFlagUid@libmedia@UModSys@@I@tl@4@@Z 00402c14 f i umodsys_lib_libmedia:umodsys.mod.media.stdlib.obj
 0001:00001c74       ?get_flags_auto@RLibraryBinCache@stdlib@media@modules@UModSys@@UBE?AU?$TFlags4State@USMediaFlagUid@libmedia@UModSys@@I@tl@5@XZ 00402c74 f i umodsys_lib_libmedia:umodsys.mod.media.stdlib.obj
 0001:00001c83       ?bin_load@RLibraryBinCache@stdlib@media@modules@UModSys@@UAE_NABU?$TString@U?$TSCoreConst@D@su@tl@UModSys@@U?$TComparerBinaryHash@D@234@@tl@5@AAUSCMemShared@core@5@ABUSFlags@libmedia@5@@Z 00402c83 f i umodsys_lib_libmedia:umodsys.mod.media.stdlib.obj
 0001:00001cda       ?obj_cget@RLibraryObjCache@stdlib@media@modules@UModSys@@UAE_NABU?$TString@U?$TSCoreConst@D@su@tl@UModSys@@U?$TComparerBinaryHash@D@234@@tl@5@AAU?$TRefObject@UIRefObject@core@UModSys@@U?$TRefObjectFunc@UIRefObject@core@UModSys@@@tl@3@@75@_N@Z 00402cda f i umodsys_lib_libmedia:umodsys.mod.media.stdlib.obj
 0001:00001cda       ?bin_get@RLibraryBinCache@stdlib@media@modules@UModSys@@UAE_NABU?$TString@U?$TSCoreConst@D@su@tl@UModSys@@U?$TComparerBinaryHash@D@234@@tl@5@AAUSCMemShared@core@5@_N@Z 00402cda f i umodsys_lib_libmedia:umodsys.mod.media.stdlib.obj
 0001:00001d06       ?bin_put@RLibraryBinCache@stdlib@media@modules@UModSys@@UAE_NABU?$TString@U?$TSCoreConst@D@su@tl@UModSys@@U?$TComparerBinaryHash@D@234@@tl@5@PBUSCMemShared@core@5@@Z 00402d06 f i umodsys_lib_libmedia:umodsys.mod.media.stdlib.obj
 0001:00001d1c       ?bincache_get@RLibraryBinCache@stdlib@media@modules@UModSys@@UBE_NABU?$TString@U?$TSCoreConst@D@su@tl@UModSys@@U?$TComparerBinaryHash@D@234@@tl@5@PAUSCMemShared@core@5@PA_N@Z 00402d1c f i umodsys_lib_libmedia:umodsys.mod.media.stdlib.obj
 0001:00001d6e       ?bincache_add@RLibraryBinCache@stdlib@media@modules@UModSys@@UAE_NABU?$TString@U?$TSCoreConst@D@su@tl@UModSys@@U?$TComparerBinaryHash@D@234@@tl@5@@Z 00402d6e f i umodsys_lib_libmedia:umodsys.mod.media.stdlib.obj
 0001:00001db4       ?bincache_add@RLibraryBinCache@stdlib@media@modules@UModSys@@UAE_NABU?$TString@U?$TSCoreConst@D@su@tl@UModSys@@U?$TComparerBinaryHash@D@234@@tl@5@ABUSCMemShared@core@5@@Z 00402db4 f i umodsys_lib_libmedia:umodsys.mod.media.stdlib.obj
 0001:00001dc6       ?bincache_remove@RLibraryBinCache@stdlib@media@modules@UModSys@@UAE_NABU?$TString@U?$TSCoreConst@D@su@tl@UModSys@@U?$TComparerBinaryHash@D@234@@tl@5@@Z 00402dc6 f i umodsys_lib_libmedia:umodsys.mod.media.stdlib.obj
 0001:00001dfd       ?bincache_clear@RLibraryBinCache@stdlib@media@modules@UModSys@@UAE_NXZ 00402dfd f i umodsys_lib_libmedia:umodsys.mod.media.stdlib.obj
 0001:00001e1b       ?bincache_add@RLibraryBinCache@stdlib@media@modules@UModSys@@QAE_NABU?$TString@U?$TSCoreConst@D@su@tl@UModSys@@U?$TComparerBinaryHash@D@234@@tl@5@ABUSCMemShared@core@5@_N@Z 00402e1b f i umodsys_lib_libmedia:umodsys.mod.media.stdlib.obj
 0001:00001ec8       ??_ERLibraryBinCache@stdlib@media@modules@UModSys@@UAEPAXI@Z 00402ec8 f i  CIL library: CIL module
 0001:00001ec8       ??_GRLibraryBinCache@stdlib@media@modules@UModSys@@UAEPAXI@Z 00402ec8 f i umodsys_lib_libmedia:umodsys.mod.media.stdlib.obj
 0001:00001f29       ?root_get_interface_info@RLibraryLayered@stdlib@media@modules@UModSys@@UBEABUSUniquePointerInfo@core@5@XZ 00402f29 f i umodsys_lib_libmedia:umodsys.mod.media.stdlib.obj
 0001:00001f2f       ?root_get_interface_type@RLibraryLayered@stdlib@media@modules@UModSys@@UBEPBUSUniquePointerInfo@core@5@XZ 00402f2f f i umodsys_lib_libmedia:umodsys.mod.media.stdlib.obj
 0001:00001f35       ?root_get_interface_types@RUtilities@stdlib@media@modules@UModSys@@UBEIAAUSUniquePtrList@core@5@@Z 00402f35 f i umodsys_lib_libmedia:umodsys.mod.media.stdlib.obj
 0001:00001f35       ?root_get_interface_types@RLibraryObjFilter@stdlib@media@modules@UModSys@@UBEIAAUSUniquePtrList@core@5@@Z 00402f35 f i umodsys_lib_libmedia:umodsys.mod.media.stdlib.obj
 0001:00001f35       ?root_get_interface_types@RLibraryLayered@stdlib@media@modules@UModSys@@UBEIAAUSUniquePtrList@core@5@@Z 00402f35 f i umodsys_lib_libmedia:umodsys.mod.media.stdlib.obj
 0001:00001f35       ?root_get_interface_types@RGenerator@stdio@media@modules@UModSys@@UBEIAAUSUniquePtrList@core@5@@Z 00402f35 f i umodsys_lib_libmedia:umodsys.mod.media.stdio.obj
 0001:00001f35       ?root_get_interface_types@RDataArchiver_OsDir@stdio@media@modules@UModSys@@UBEIAAUSUniquePtrList@core@5@@Z 00402f35 f i umodsys_lib_libmedia:umodsys.mod.media.stdio.obj
 0001:00001f35       ?root_get_interface_types@RStreamReader_FILE@stdio@media@modules@UModSys@@UBEIAAUSUniquePtrList@core@5@@Z 00402f35 f i umodsys_lib_libmedia:umodsys.mod.media.stdio.obj
 0001:00001f35       ?root_get_interface_types@RStreamWriter_FILE@stdio@media@modules@UModSys@@UBEIAAUSUniquePtrList@core@5@@Z 00402f35 f i umodsys_lib_libmedia:umodsys.mod.media.stdio.obj
 0001:00001f35       ?root_get_interface_types@RModuleLibraryThis@rsystem@base@UModSys@@UBEIAAUSUniquePtrList@core@4@@Z 00402f35 f i umodsys_lib_basesys:umodsys.basesys.rmodulelibthis.obj
 0001:00001f35       ?root_get_interface_types@RModuleLibrarySO@rsystem@base@UModSys@@UBEIAAUSUniquePtrList@core@4@@Z 00402f35 f i umodsys_lib_basesys:umodsys.basesys.rmodulelibso.obj
 0001:00001f35       ?root_get_interface_types@RLibraryObjCache@stdlib@media@modules@UModSys@@UBEIAAUSUniquePtrList@core@5@@Z 00402f35 f i umodsys_lib_libmedia:umodsys.mod.media.stdlib.obj
 0001:00001f35       ?root_get_interface_types@RModule@rsystem@base@UModSys@@UBEIAAUSUniquePtrList@core@4@@Z 00402f35 f i umodsys_lib_basesys:umodsys.basesys.rmodule.obj
 0001:00001f35       ?root_get_interface_types@RLibraryBinTree@stdlib@media@modules@UModSys@@UBEIAAUSUniquePtrList@core@5@@Z 00402f35 f i umodsys_lib_libmedia:umodsys.mod.media.stdlib.obj
 0001:00001f35       ?root_get_interface_types@RParameters@rsystem@base@UModSys@@UBEIAAUSUniquePtrList@core@4@@Z 00402f35 f i umodsys_lib_basesys:umodsys.basesys.rparameters.obj
 0001:00001f35       ?root_get_interface_types@RBinArchiveFrame@stdlib@media@modules@UModSys@@UBEIAAUSUniquePtrList@core@5@@Z 00402f35 f i umodsys_lib_libmedia:umodsys.mod.media.stdlib.obj
 0001:00001f35       ?root_get_interface_types@RLibraryBinCache@stdlib@media@modules@UModSys@@UBEIAAUSUniquePtrList@core@5@@Z 00402f35 f i umodsys_lib_libmedia:umodsys.mod.media.stdlib.obj
 0001:00001f35       ?root_get_interface_types@RConsole_std@rsystem@base@UModSys@@UBEIAAUSUniquePtrList@core@4@@Z 00402f35 f i umodsys_lib_basesys:umodsys.basesys.rconsole_std.obj
 0001:00001f35       ?root_get_interface_types@RGenerator@stdlib@media@modules@UModSys@@UBEIAAUSUniquePtrList@core@5@@Z 00402f35 f i umodsys_lib_libmedia:umodsys.mod.media.stdlib.obj
 0001:00001f35       ?root_get_interface_types@RSystem@rsystem@base@UModSys@@UBEIAAUSUniquePtrList@core@4@@Z 00402f35 f i umodsys_lib_basesys:umodsys.basesys.rsystem_main.obj
 0001:00001f3a       ?root_get_other_interface@RLibraryLayered@stdlib@media@modules@UModSys@@UBEPBUIRoot@core@5@PBUSUniquePointerInfo@75@@Z 00402f3a f i umodsys_lib_libmedia:umodsys.mod.media.stdlib.obj
 0001:00001f3a       ?root_get_other_interface@RLibraryLayered@stdlib@media@modules@UModSys@@UAEPAUIRoot@core@5@PBUSUniquePointerInfo@75@@Z 00402f3a f i umodsys_lib_libmedia:umodsys.mod.media.stdlib.obj
 0001:00001f5b       ?root_is_interface_supported@RLibraryLayered@stdlib@media@modules@UModSys@@UBE_NPBUSUniquePointerInfo@core@5@@Z 00402f5b f i umodsys_lib_libmedia:umodsys.mod.media.stdlib.obj
 0001:00001f82       ??4SLayerX@RLibraryLayered@stdlib@media@modules@UModSys@@QAEXABUSLayer@ILibraryLayered@libmedia@5@@Z 00402f82 f i umodsys_lib_libmedia:umodsys.mod.media.stdlib.obj
 0001:00001fcb       ??0RLibraryLayered@stdlib@media@modules@UModSys@@QAE@PAUIModObject@base@4@ABUSParameters@core@4@U?$TFlags4State@USMediaFlagUid@libmedia@UModSys@@I@tl@4@@Z 00402fcb f i umodsys_lib_libmedia:umodsys.mod.media.stdlib.obj
 0001:0000203c       ?get_flag@RLibraryLayered@stdlib@media@modules@UModSys@@UBE?AW4eStates@?$TFlags4State@USMediaFlagUid@libmedia@UModSys@@I@tl@5@H@Z 0040303c f i umodsys_lib_libmedia:umodsys.mod.media.stdlib.obj
 0001:0000204f       ?get_flags_auto@RLibraryLayered@stdlib@media@modules@UModSys@@UBE?AU?$TFlags4State@USMediaFlagUid@libmedia@UModSys@@I@tl@5@XZ 0040304f f i umodsys_lib_libmedia:umodsys.mod.media.stdlib.obj
 0001:0000205e       ?set_flag@RLibraryLayered@stdlib@media@modules@UModSys@@UAE?AW4eStates@?$TFlags4State@USMediaFlagUid@libmedia@UModSys@@I@tl@5@HW46785@@Z 0040305e f i umodsys_lib_libmedia:umodsys.mod.media.stdlib.obj
 0001:0000208b       ?bin_reader@RLibraryLayered@stdlib@media@modules@UModSys@@UAE?AU?$TRefObject@UIStreamReader@libmedia@UModSys@@U?$TRefObjectFunc@UIStreamReader@libmedia@UModSys@@@tl@3@@tl@5@ABU?$TString@U?$TSCoreConst@D@su@tl@UModSys@@U?$TComparerBinaryHash@D@234@@75@ABUSFlags@libmedia@5@@Z 0040308b f i umodsys_lib_libmedia:umodsys.mod.media.stdlib.obj
 0001:0000213c       ?bin_writer@RLibraryLayered@stdlib@media@modules@UModSys@@UAE?AU?$TRefObject@UIStreamWriter@libmedia@UModSys@@U?$TRefObjectFunc@UIStreamWriter@libmedia@UModSys@@@tl@3@@tl@5@ABU?$TString@U?$TSCoreConst@D@su@tl@UModSys@@U?$TComparerBinaryHash@D@234@@75@ABUSFlags@libmedia@5@@Z 0040313c f i umodsys_lib_libmedia:umodsys.mod.media.stdlib.obj
 0001:000021ed       ?bin_load@RLibraryLayered@stdlib@media@modules@UModSys@@UAE_NABU?$TString@U?$TSCoreConst@D@su@tl@UModSys@@U?$TComparerBinaryHash@D@234@@tl@5@AAUSCMemShared@core@5@ABUSFlags@libmedia@5@@Z 004031ed f i umodsys_lib_libmedia:umodsys.mod.media.stdlib.obj
 0001:000022f4       ?bin_save@RLibraryLayered@stdlib@media@modules@UModSys@@UAE_NABU?$TString@U?$TSCoreConst@D@su@tl@UModSys@@U?$TComparerBinaryHash@D@234@@tl@5@ABUSCMem@core@5@ABUSFlags@libmedia@5@@Z 004032f4 f i umodsys_lib_libmedia:umodsys.mod.media.stdlib.obj
 0001:00002411       ?bin_info@RLibraryLayered@stdlib@media@modules@UModSys@@UAE_NABU?$TString@U?$TSCoreConst@D@su@tl@UModSys@@U?$TComparerBinaryHash@D@234@@tl@5@AAUSFileInfo@libmedia@5@ABUSFlags@95@@Z 00403411 f i umodsys_lib_libmedia:umodsys.mod.media.stdlib.obj
 0001:00002481       ?bin_info@RLibraryLayered@stdlib@media@modules@UModSys@@UAE_NABU?$TString@U?$TSCoreConst@D@su@tl@UModSys@@U?$TComparerBinaryHash@D@234@@tl@5@AAU?$TIStackSocket@USFileInfo@libmedia@UModSys@@@75@ABUSFlags@libmedia@5@@Z 00403481 f i umodsys_lib_libmedia:umodsys.mod.media.stdlib.obj
 0001:000024f7       ?bin_get@RLibraryLayered@stdlib@media@modules@UModSys@@UAE_NABU?$TString@U?$TSCoreConst@D@su@tl@UModSys@@U?$TComparerBinaryHash@D@234@@tl@5@AAUSCMemShared@core@5@_N@Z 004034f7 f i umodsys_lib_libmedia:umodsys.mod.media.stdlib.obj
 0001:00002539       ?bin_put@RLibraryLayered@stdlib@media@modules@UModSys@@UAE_NABU?$TString@U?$TSCoreConst@D@su@tl@UModSys@@U?$TComparerBinaryHash@D@234@@tl@5@PBUSCMemShared@core@5@@Z 00403539 f i umodsys_lib_libmedia:umodsys.mod.media.stdlib.obj
 0001:00002577       ?obj_fget@RLibraryLayered@stdlib@media@modules@UModSys@@UAE_NABUSInfo@IBinObjFilter@libmedia@5@AAU?$TRefObject@UIRefObject@core@UModSys@@U?$TRefObjectFunc@UIRefObject@core@UModSys@@@tl@3@@tl@5@@Z 00403577 f i umodsys_lib_libmedia:umodsys.mod.media.stdlib.obj
 0001:000025b5       ?obj_fload@RLibraryLayered@stdlib@media@modules@UModSys@@UAE_NABUSInfo@IBinObjFilter@libmedia@5@PAUIRefObject@core@5@@Z 004035b5 f i umodsys_lib_libmedia:umodsys.mod.media.stdlib.obj
 0001:000025f3       ?obj_fsave@RLibraryLayered@stdlib@media@modules@UModSys@@UAE_NAAUSInfo@IBinObjFilter@libmedia@5@PBUIRefObject@core@5@@Z 004035f3 f i umodsys_lib_libmedia:umodsys.mod.media.stdlib.obj
 0001:00002631       ?obj_cget@RLibraryLayered@stdlib@media@modules@UModSys@@UAE_NABU?$TString@U?$TSCoreConst@D@su@tl@UModSys@@U?$TComparerBinaryHash@D@234@@tl@5@AAU?$TRefObject@UIRefObject@core@UModSys@@U?$TRefObjectFunc@UIRefObject@core@UModSys@@@tl@3@@75@_N@Z 00403631 f i umodsys_lib_libmedia:umodsys.mod.media.stdlib.obj
 0001:00002673       ?obj_cput@RLibraryLayered@stdlib@media@modules@UModSys@@UAE_NABU?$TString@U?$TSCoreConst@D@su@tl@UModSys@@U?$TComparerBinaryHash@D@234@@tl@5@PAUIRefObject@core@5@@Z 00403673 f i umodsys_lib_libmedia:umodsys.mod.media.stdlib.obj
 0001:000026b1       ?obj_get@RLibraryLayered@stdlib@media@modules@UModSys@@UAE_NABU?$TString@U?$TSCoreConst@D@su@tl@UModSys@@U?$TComparerBinaryHash@D@234@@tl@5@AAU?$TRefObject@UIRefObject@core@UModSys@@U?$TRefObjectFunc@UIRefObject@core@UModSys@@@tl@3@@75@ABUSObjOptions@ILibrary@libmedia@5@@Z 004036b1 f i umodsys_lib_libmedia:umodsys.mod.media.stdlib.obj
 0001:00002851       ?obj_load@RLibraryLayered@stdlib@media@modules@UModSys@@UAE_NABU?$TString@U?$TSCoreConst@D@su@tl@UModSys@@U?$TComparerBinaryHash@D@234@@tl@5@PAUIRefObject@core@5@ABUSObjOptions@ILibrary@libmedia@5@@Z 00403851 f i umodsys_lib_libmedia:umodsys.mod.media.stdlib.obj
 0001:00002952       ?obj_save@RLibraryLayered@stdlib@media@modules@UModSys@@UAE_NABU?$TString@U?$TSCoreConst@D@su@tl@UModSys@@U?$TComparerBinaryHash@D@234@@tl@5@PBUIRefObject@core@5@ABUSObjOptions@ILibrary@libmedia@5@@Z 00403952 f i umodsys_lib_libmedia:umodsys.mod.media.stdlib.obj
 0001:00002a7a       ?layer_count@RLibraryLayered@stdlib@media@modules@UModSys@@UBEIABUSLayer@ILibraryLayered@libmedia@5@@Z 00403a7a f i umodsys_lib_libmedia:umodsys.mod.media.stdlib.obj
 0001:00002a80       ?layer_get@RLibraryLayered@stdlib@media@modules@UModSys@@UBE?AUSLayer@ILibraryLayered@libmedia@5@I@Z 00403a80 f i umodsys_lib_libmedia:umodsys.mod.media.stdlib.obj
 0001:00002aa3       ?layer_find@RLibraryLayered@stdlib@media@modules@UModSys@@UBEIABU?$TString@U?$TSCoreConst@D@su@tl@UModSys@@U?$TComparerBinaryHash@D@234@@tl@5@I@Z 00403aa3 f i umodsys_lib_libmedia:umodsys.mod.media.stdlib.obj
 0001:00002aeb       ?layer_insert@RLibraryLayered@stdlib@media@modules@UModSys@@UAE_NABUSLayer@ILibraryLayered@libmedia@5@I@Z 00403aeb f i umodsys_lib_libmedia:umodsys.mod.media.stdlib.obj
 0001:00002bab       ?layer_remove@RLibraryLayered@stdlib@media@modules@UModSys@@UAE_NI@Z 00403bab f i umodsys_lib_libmedia:umodsys.mod.media.stdlib.obj
 0001:00002bf5       ?layer_clear@RLibraryLayered@stdlib@media@modules@UModSys@@UAE_NXZ 00403bf5 f i umodsys_lib_libmedia:umodsys.mod.media.stdlib.obj
 0001:00002bff       ??_ERLibraryLayered@stdlib@media@modules@UModSys@@UAEPAXI@Z 00403bff f i  CIL library: CIL module
 0001:00002bff       ??_GRLibraryLayered@stdlib@media@modules@UModSys@@UAEPAXI@Z 00403bff f i umodsys_lib_libmedia:umodsys.mod.media.stdlib.obj
 0001:00002c33       ??0SLayer@ILibraryLayered@libmedia@UModSys@@QAE@ABU0123@@Z 00403c33 f i umodsys_lib_libmedia:umodsys.mod.media.stdlib.obj
 0001:00002c5f       ?root_get_interface_info@RLibraryObjCache@stdlib@media@modules@UModSys@@UBEABUSUniquePointerInfo@core@5@XZ 00403c5f f i umodsys_lib_libmedia:umodsys.mod.media.stdlib.obj
 0001:00002c65       ?root_get_interface_type@RLibraryObjCache@stdlib@media@modules@UModSys@@UBEPBUSUniquePointerInfo@core@5@XZ 00403c65 f i umodsys_lib_libmedia:umodsys.mod.media.stdlib.obj
 0001:00002c6b       ?root_get_other_interface@RLibraryObjCache@stdlib@media@modules@UModSys@@UAEPAUIRoot@core@5@PBUSUniquePointerInfo@75@@Z 00403c6b f i umodsys_lib_libmedia:umodsys.mod.media.stdlib.obj
 0001:00002c6b       ?root_get_other_interface@RLibraryObjCache@stdlib@media@modules@UModSys@@UBEPBUIRoot@core@5@PBUSUniquePointerInfo@75@@Z 00403c6b f i umodsys_lib_libmedia:umodsys.mod.media.stdlib.obj
 0001:00002c8c       ?root_is_interface_supported@RLibraryObjCache@stdlib@media@modules@UModSys@@UBE_NPBUSUniquePointerInfo@core@5@@Z 00403c8c f i umodsys_lib_libmedia:umodsys.mod.media.stdlib.obj
 0001:00002cb3       ??0RLibraryObjCache@stdlib@media@modules@UModSys@@QAE@PAUIModObject@base@4@ABUSParameters@core@4@U?$TFlags4State@USMediaFlagUid@libmedia@UModSys@@I@tl@4@@Z 00403cb3 f i umodsys_lib_libmedia:umodsys.mod.media.stdlib.obj
 0001:00002d13       ?get_flags_auto@RLibraryObjCache@stdlib@media@modules@UModSys@@UBE?AU?$TFlags4State@USMediaFlagUid@libmedia@UModSys@@I@tl@5@XZ 00403d13 f i umodsys_lib_libmedia:umodsys.mod.media.stdlib.obj
 0001:00002d22       ?bin_reader@RLibraryObjCache@stdlib@media@modules@UModSys@@UAE?AU?$TRefObject@UIStreamReader@libmedia@UModSys@@U?$TRefObjectFunc@UIStreamReader@libmedia@UModSys@@@tl@3@@tl@5@ABU?$TString@U?$TSCoreConst@D@su@tl@UModSys@@U?$TComparerBinaryHash@D@234@@75@ABUSFlags@libmedia@5@@Z 00403d22 f i umodsys_lib_libmedia:umodsys.mod.media.stdlib.obj
 0001:00002d22       ?bin_writer@RLibraryBinCache@stdlib@media@modules@UModSys@@UAE?AU?$TRefObject@UIStreamWriter@libmedia@UModSys@@U?$TRefObjectFunc@UIStreamWriter@libmedia@UModSys@@@tl@3@@tl@5@ABU?$TString@U?$TSCoreConst@D@su@tl@UModSys@@U?$TComparerBinaryHash@D@234@@75@ABUSFlags@libmedia@5@@Z 00403d22 f i umodsys_lib_libmedia:umodsys.mod.media.stdlib.obj
 0001:00002d22       ?bin_writer@RLibraryObjFilter@stdlib@media@modules@UModSys@@UAE?AU?$TRefObject@UIStreamWriter@libmedia@UModSys@@U?$TRefObjectFunc@UIStreamWriter@libmedia@UModSys@@@tl@3@@tl@5@ABU?$TString@U?$TSCoreConst@D@su@tl@UModSys@@U?$TComparerBinaryHash@D@234@@75@ABUSFlags@libmedia@5@@Z 00403d22 f i umodsys_lib_libmedia:umodsys.mod.media.stdlib.obj
 0001:00002d22       ?bin_writer@RLibraryObjCache@stdlib@media@modules@UModSys@@UAE?AU?$TRefObject@UIStreamWriter@libmedia@UModSys@@U?$TRefObjectFunc@UIStreamWriter@libmedia@UModSys@@@tl@3@@tl@5@ABU?$TString@U?$TSCoreConst@D@su@tl@UModSys@@U?$TComparerBinaryHash@D@234@@75@ABUSFlags@libmedia@5@@Z 00403d22 f i umodsys_lib_libmedia:umodsys.mod.media.stdlib.obj
 0001:00002d22       ?bin_reader@RLibraryObjFilter@stdlib@media@modules@UModSys@@UAE?AU?$TRefObject@UIStreamReader@libmedia@UModSys@@U?$TRefObjectFunc@UIStreamReader@libmedia@UModSys@@@tl@3@@tl@5@ABU?$TString@U?$TSCoreConst@D@su@tl@UModSys@@U?$TComparerBinaryHash@D@234@@75@ABUSFlags@libmedia@5@@Z 00403d22 f i umodsys_lib_libmedia:umodsys.mod.media.stdlib.obj
 0001:00002d22       ?bin_reader@RLibraryBinCache@stdlib@media@modules@UModSys@@UAE?AU?$TRefObject@UIStreamReader@libmedia@UModSys@@U?$TRefObjectFunc@UIStreamReader@libmedia@UModSys@@@tl@3@@tl@5@ABU?$TString@U?$TSCoreConst@D@su@tl@UModSys@@U?$TComparerBinaryHash@D@234@@75@ABUSFlags@libmedia@5@@Z 00403d22 f i umodsys_lib_libmedia:umodsys.mod.media.stdlib.obj
 0001:00002d34       ?bin_put@RLibraryObjFilter@stdlib@media@modules@UModSys@@UAE_NABU?$TString@U?$TSCoreConst@D@su@tl@UModSys@@U?$TComparerBinaryHash@D@234@@tl@5@PBUSCMemShared@core@5@@Z 00403d34 f i umodsys_lib_libmedia:umodsys.mod.media.stdlib.obj
 0001:00002d34       ?obj_fget@RLibraryObjCache@stdlib@media@modules@UModSys@@UAE_NABUSInfo@IBinObjFilter@libmedia@5@AAU?$TRefObject@UIRefObject@core@UModSys@@U?$TRefObjectFunc@UIRefObject@core@UModSys@@@tl@3@@tl@5@@Z 00403d34 f i umodsys_lib_libmedia:umodsys.mod.media.stdlib.obj
 0001:00002d34       ?obj_fload@RLibraryBinCache@stdlib@media@modules@UModSys@@UAE_NABUSInfo@IBinObjFilter@libmedia@5@PAUIRefObject@core@5@@Z 00403d34 f i umodsys_lib_libmedia:umodsys.mod.media.stdlib.obj
 0001:00002d34       ?bin_put@RLibraryObjCache@stdlib@media@modules@UModSys@@UAE_NABU?$TString@U?$TSCoreConst@D@su@tl@UModSys@@U?$TComparerBinaryHash@D@234@@tl@5@PBUSCMemShared@core@5@@Z 00403d34 f i umodsys_lib_libmedia:umodsys.mod.media.stdlib.obj
 0001:00002d34       ?obj_fsave@RLibraryBinCache@stdlib@media@modules@UModSys@@UAE_NAAUSInfo@IBinObjFilter@libmedia@5@PBUIRefObject@core@5@@Z 00403d34 f i umodsys_lib_libmedia:umodsys.mod.media.stdlib.obj
 0001:00002d34       ?obj_fload@RLibraryObjCache@stdlib@media@modules@UModSys@@UAE_NABUSInfo@IBinObjFilter@libmedia@5@PAUIRefObject@core@5@@Z 00403d34 f i umodsys_lib_libmedia:umodsys.mod.media.stdlib.obj
 0001:00002d34       ?obj_fsave@RLibraryBinTree@stdlib@media@modules@UModSys@@UAE_NAAUSInfo@IBinObjFilter@libmedia@5@PBUIRefObject@core@5@@Z 00403d34 f i umodsys_lib_libmedia:umodsys.mod.media.stdlib.obj
 0001:00002d34       ?obj_fget@RLibraryBinCache@stdlib@media@modules@UModSys@@UAE_NABUSInfo@IBinObjFilter@libmedia@5@AAU?$TRefObject@UIRefObject@core@UModSys@@U?$TRefObjectFunc@UIRefObject@core@UModSys@@@tl@3@@tl@5@@Z 00403d34 f i umodsys_lib_libmedia:umodsys.mod.media.stdlib.obj
 0001:00002d34       ?bin_put@RLibraryBinTree@stdlib@media@modules@UModSys@@UAE_NABU?$TString@U?$TSCoreConst@D@su@tl@UModSys@@U?$TComparerBinaryHash@D@234@@tl@5@PBUSCMemShared@core@5@@Z 00403d34 f i umodsys_lib_libmedia:umodsys.mod.media.stdlib.obj
 0001:00002d34       ?obj_cput@RLibraryBinCache@stdlib@media@modules@UModSys@@UAE_NABU?$TString@U?$TSCoreConst@D@su@tl@UModSys@@U?$TComparerBinaryHash@D@234@@tl@5@PAUIRefObject@core@5@@Z 00403d34 f i umodsys_lib_libmedia:umodsys.mod.media.stdlib.obj
 0001:00002d34       ?obj_fload@RLibraryBinTree@stdlib@media@modules@UModSys@@UAE_NABUSInfo@IBinObjFilter@libmedia@5@PAUIRefObject@core@5@@Z 00403d34 f i umodsys_lib_libmedia:umodsys.mod.media.stdlib.obj
 0001:00002d34       ?obj_fsave@RLibraryObjCache@stdlib@media@modules@UModSys@@UAE_NAAUSInfo@IBinObjFilter@libmedia@5@PBUIRefObject@core@5@@Z 00403d34 f i umodsys_lib_libmedia:umodsys.mod.media.stdlib.obj
 0001:00002d34       ?obj_cput@RLibraryObjFilter@stdlib@media@modules@UModSys@@UAE_NABU?$TString@U?$TSCoreConst@D@su@tl@UModSys@@U?$TComparerBinaryHash@D@234@@tl@5@PAUIRefObject@core@5@@Z 00403d34 f i umodsys_lib_libmedia:umodsys.mod.media.stdlib.obj
 0001:00002d34       ?obj_cput@RLibraryBinTree@stdlib@media@modules@UModSys@@UAE_NABU?$TString@U?$TSCoreConst@D@su@tl@UModSys@@U?$TComparerBinaryHash@D@234@@tl@5@PAUIRefObject@core@5@@Z 00403d34 f i umodsys_lib_libmedia:umodsys.mod.media.stdlib.obj
 0001:00002d34       ?obj_fget@RLibraryBinTree@stdlib@media@modules@UModSys@@UAE_NABUSInfo@IBinObjFilter@libmedia@5@AAU?$TRefObject@UIRefObject@core@UModSys@@U?$TRefObjectFunc@UIRefObject@core@UModSys@@@tl@3@@tl@5@@Z 00403d34 f i umodsys_lib_libmedia:umodsys.mod.media.stdlib.obj
 0001:00002d39       ?obj_cput@RLibraryObjCache@stdlib@media@modules@UModSys@@UAE_NABU?$TString@U?$TSCoreConst@D@su@tl@UModSys@@U?$TComparerBinaryHash@D@234@@tl@5@PAUIRefObject@core@5@@Z 00403d39 f i umodsys_lib_libmedia:umodsys.mod.media.stdlib.obj
 0001:00002d3e       ?obj_get@RLibraryObjCache@stdlib@media@modules@UModSys@@UAE_NABU?$TString@U?$TSCoreConst@D@su@tl@UModSys@@U?$TComparerBinaryHash@D@234@@tl@5@AAU?$TRefObject@UIRefObject@core@UModSys@@U?$TRefObjectFunc@UIRefObject@core@UModSys@@@tl@3@@75@ABUSObjOptions@ILibrary@libmedia@5@@Z 00403d3e f i umodsys_lib_libmedia:umodsys.mod.media.stdlib.obj
 0001:00002dc4       ?objcache_get@RLibraryObjCache@stdlib@media@modules@UModSys@@UBE_NABU?$TString@U?$TSCoreConst@D@su@tl@UModSys@@U?$TComparerBinaryHash@D@234@@tl@5@PAU?$TRefObject@UIRefObject@core@UModSys@@U?$TRefObjectFunc@UIRefObject@core@UModSys@@@tl@3@@75@PA_N@Z 00403dc4 f i umodsys_lib_libmedia:umodsys.mod.media.stdlib.obj
 0001:00002e30       ?objcache_add@RLibraryObjCache@stdlib@media@modules@UModSys@@UAE_NABU?$TString@U?$TSCoreConst@D@su@tl@UModSys@@U?$TComparerBinaryHash@D@234@@tl@5@PAUIRefObject@core@5@@Z 00403e30 f i umodsys_lib_libmedia:umodsys.mod.media.stdlib.obj
 0001:00002edb       ?objcache_remove@RLibraryObjCache@stdlib@media@modules@UModSys@@UAE_NABU?$TString@U?$TSCoreConst@D@su@tl@UModSys@@U?$TComparerBinaryHash@D@234@@tl@5@@Z 00403edb f i umodsys_lib_libmedia:umodsys.mod.media.stdlib.obj
 0001:00002f12       ?objcache_clear@RLibraryObjCache@stdlib@media@modules@UModSys@@UAE_NXZ 00403f12 f i umodsys_lib_libmedia:umodsys.mod.media.stdlib.obj
 0001:00002f30       ??_ERLibraryObjCache@stdlib@media@modules@UModSys@@UAEPAXI@Z 00403f30 f i  CIL library: CIL module
 0001:00002f30       ??_GRLibraryObjCache@stdlib@media@modules@UModSys@@UAEPAXI@Z 00403f30 f i umodsys_lib_libmedia:umodsys.mod.media.stdlib.obj
 0001:00002f91       ??1ILibraryObjFilter@libmedia@UModSys@@UAE@XZ 00403f91 f i umodsys_lib_libmedia:umodsys.mod.media.stdlib.obj
 0001:00002f91       ??1IBinArchive@libmedia@UModSys@@UAE@XZ 00403f91 f i umodsys_lib_libmedia:umodsys.mod.media.stdio.obj
 0001:00002f91       ??1ILibraryBinCache@libmedia@UModSys@@UAE@XZ 00403f91 f i umodsys_lib_libmedia:umodsys.mod.media.stdlib.obj
 0001:00002f91       ??1ILibraryBinTree@libmedia@UModSys@@UAE@XZ 00403f91 f i umodsys_lib_libmedia:umodsys.mod.media.stdlib.obj
 0001:00002f91       ??1ILibraryLayered@libmedia@UModSys@@UAE@XZ 00403f91 f i umodsys_lib_libmedia:umodsys.mod.media.stdlib.obj
 0001:00002f91       ??1ILibraryObjCache@libmedia@UModSys@@UAE@XZ 00403f91 f i umodsys_lib_libmedia:umodsys.mod.media.stdlib.obj
 0001:00002f96       ?root_get_interface_info@RLibraryObjFilter@stdlib@media@modules@UModSys@@UBEABUSUniquePointerInfo@core@5@XZ 00403f96 f i umodsys_lib_libmedia:umodsys.mod.media.stdlib.obj
 0001:00002f9c       ?root_get_interface_type@RLibraryObjFilter@stdlib@media@modules@UModSys@@UBEPBUSUniquePointerInfo@core@5@XZ 00403f9c f i umodsys_lib_libmedia:umodsys.mod.media.stdlib.obj
 0001:00002fa2       ?root_get_other_interface@RLibraryObjFilter@stdlib@media@modules@UModSys@@UAEPAUIRoot@core@5@PBUSUniquePointerInfo@75@@Z 00403fa2 f i umodsys_lib_libmedia:umodsys.mod.media.stdlib.obj
 0001:00002fa2       ?root_get_other_interface@RLibraryObjFilter@stdlib@media@modules@UModSys@@UBEPBUIRoot@core@5@PBUSUniquePointerInfo@75@@Z 00403fa2 f i umodsys_lib_libmedia:umodsys.mod.media.stdlib.obj
 0001:00002fc3       ?root_is_interface_supported@RLibraryObjFilter@stdlib@media@modules@UModSys@@UBE_NPBUSUniquePointerInfo@core@5@@Z 00403fc3 f i umodsys_lib_libmedia:umodsys.mod.media.stdlib.obj
 0001:00002fea       ?ref_weak@RLibraryObjFilter@stdlib@media@modules@UModSys@@UBE_NAAUWeakPointer@IRefObject@core@5@@Z 00403fea f i umodsys_lib_libmedia:umodsys.mod.media.stdlib.obj
 0001:00002fea       ?ref_weak@RLibraryBinTree@stdlib@media@modules@UModSys@@UBE_NAAUWeakPointer@IRefObject@core@5@@Z 00403fea f i umodsys_lib_libmedia:umodsys.mod.media.stdlib.obj
 0001:00002fea       ?ref_weak@RLibraryLayered@stdlib@media@modules@UModSys@@UBE_NAAUWeakPointer@IRefObject@core@5@@Z 00403fea f i umodsys_lib_libmedia:umodsys.mod.media.stdlib.obj
 0001:00002fea       ?ref_weak@RLibraryBinCache@stdlib@media@modules@UModSys@@UBE_NAAUWeakPointer@IRefObject@core@5@@Z 00403fea f i umodsys_lib_libmedia:umodsys.mod.media.stdlib.obj
 0001:00002fea       ?ref_weak@RParameters@rsystem@base@UModSys@@UBE_NAAUWeakPointer@IRefObject@core@4@@Z 00403fea f i umodsys_lib_basesys:umodsys.basesys.rparameters.obj
 0001:00002fea       ?ref_weak@RDataArchiver_OsDir@stdio@media@modules@UModSys@@UBE_NAAUWeakPointer@IRefObject@core@5@@Z 00403fea f i umodsys_lib_libmedia:umodsys.mod.media.stdio.obj
 0001:00002fea       ?ref_weak@RLibraryObjCache@stdlib@media@modules@UModSys@@UBE_NAAUWeakPointer@IRefObject@core@5@@Z 00403fea f i umodsys_lib_libmedia:umodsys.mod.media.stdlib.obj
 0001:00003009       ??0RLibraryObjFilter@stdlib@media@modules@UModSys@@QAE@PAUIModObject@base@4@ABUSParameters@core@4@U?$TFlags4State@USMediaFlagUid@libmedia@UModSys@@I@tl@4@@Z 00404009 f i umodsys_lib_libmedia:umodsys.mod.media.stdlib.obj
 0001:00003069       ?get_flag@RLibraryObjCache@stdlib@media@modules@UModSys@@UBE?AW4eStates@?$TFlags4State@USMediaFlagUid@libmedia@UModSys@@I@tl@5@H@Z 00404069 f i umodsys_lib_libmedia:umodsys.mod.media.stdlib.obj
 0001:00003069       ?get_flag@RLibraryBinCache@stdlib@media@modules@UModSys@@UBE?AW4eStates@?$TFlags4State@USMediaFlagUid@libmedia@UModSys@@I@tl@5@H@Z 00404069 f i umodsys_lib_libmedia:umodsys.mod.media.stdlib.obj
 0001:00003069       ?get_flag@RLibraryBinTree@stdlib@media@modules@UModSys@@UBE?AW4eStates@?$TFlags4State@USMediaFlagUid@libmedia@UModSys@@I@tl@5@H@Z 00404069 f i umodsys_lib_libmedia:umodsys.mod.media.stdlib.obj
 0001:00003069       ?get_flag@RLibraryObjFilter@stdlib@media@modules@UModSys@@UBE?AW4eStates@?$TFlags4State@USMediaFlagUid@libmedia@UModSys@@I@tl@5@H@Z 00404069 f i umodsys_lib_libmedia:umodsys.mod.media.stdlib.obj
 0001:0000307c       ?get_flags_auto@RLibraryObjFilter@stdlib@media@modules@UModSys@@UBE?AU?$TFlags4State@USMediaFlagUid@libmedia@UModSys@@I@tl@5@XZ 0040407c f i umodsys_lib_libmedia:umodsys.mod.media.stdlib.obj
 0001:0000308b       ?set_flag@RLibraryObjCache@stdlib@media@modules@UModSys@@UAE?AW4eStates@?$TFlags4State@USMediaFlagUid@libmedia@UModSys@@I@tl@5@HW46785@@Z 0040408b f i umodsys_lib_libmedia:umodsys.mod.media.stdlib.obj
 0001:0000308b       ?set_flag@RLibraryBinCache@stdlib@media@modules@UModSys@@UAE?AW4eStates@?$TFlags4State@USMediaFlagUid@libmedia@UModSys@@I@tl@5@HW46785@@Z 0040408b f i umodsys_lib_libmedia:umodsys.mod.media.stdlib.obj
 0001:0000308b       ?set_flag@RLibraryBinTree@stdlib@media@modules@UModSys@@UAE?AW4eStates@?$TFlags4State@USMediaFlagUid@libmedia@UModSys@@I@tl@5@HW46785@@Z 0040408b f i umodsys_lib_libmedia:umodsys.mod.media.stdlib.obj
 0001:0000308b       ?set_flag@RLibraryObjFilter@stdlib@media@modules@UModSys@@UAE?AW4eStates@?$TFlags4State@USMediaFlagUid@libmedia@UModSys@@I@tl@5@HW46785@@Z 0040408b f i umodsys_lib_libmedia:umodsys.mod.media.stdlib.obj
 0001:000030b8       ?obj_fget@RLibraryObjFilter@stdlib@media@modules@UModSys@@UAE_NABUSInfo@IBinObjFilter@libmedia@5@AAU?$TRefObject@UIRefObject@core@UModSys@@U?$TRefObjectFunc@UIRefObject@core@UModSys@@@tl@3@@tl@5@@Z 004040b8 f i umodsys_lib_libmedia:umodsys.mod.media.stdlib.obj
 0001:000030c0       ?obj_fload@RLibraryObjFilter@stdlib@media@modules@UModSys@@UAE_NABUSInfo@IBinObjFilter@libmedia@5@PAUIRefObject@core@5@@Z 004040c0 f i umodsys_lib_libmedia:umodsys.mod.media.stdlib.obj
 0001:000030c5       ?obj_fsave@RLibraryObjFilter@stdlib@media@modules@UModSys@@UAE_NAAUSInfo@IBinObjFilter@libmedia@5@PBUIRefObject@core@5@@Z 004040c5 f i umodsys_lib_libmedia:umodsys.mod.media.stdlib.obj
 0001:000030cd       ?filters_add@RLibraryObjFilter@stdlib@media@modules@UModSys@@UAE_NU?$TRefObject@UIBinObjFilter@libmedia@UModSys@@U?$TRefObjectFunc@UIBinObjFilter@libmedia@UModSys@@@tl@3@@tl@5@PBUSParameters@core@5@H@Z 004040cd f i umodsys_lib_libmedia:umodsys.mod.media.stdlib.obj
 0001:00003169       ?filters_remove@RLibraryObjFilter@stdlib@media@modules@UModSys@@UAE_NPAUIBinObjFilter@libmedia@5@H@Z 00404169 f i umodsys_lib_libmedia:umodsys.mod.media.stdlib.obj
 0001:000031b9       ?filters_clear@RLibraryObjFilter@stdlib@media@modules@UModSys@@UAE_NXZ 004041b9 f i umodsys_lib_libmedia:umodsys.mod.media.stdlib.obj
 0001:000031d7       ?filters_load@RLibraryObjFilter@stdlib@media@modules@UModSys@@UAE_NABUSInfo@IBinObjFilter@libmedia@5@AAU?$TRefObject@UIRefObject@core@UModSys@@U?$TRefObjectFunc@UIRefObject@core@UModSys@@@tl@3@@tl@5@@Z 004041d7 f i umodsys_lib_libmedia:umodsys.mod.media.stdlib.obj
 0001:00003234       ?filters_load@RLibraryObjFilter@stdlib@media@modules@UModSys@@UAE_NABUSInfo@IBinObjFilter@libmedia@5@PAUIRefObject@core@5@@Z 00404234 f i umodsys_lib_libmedia:umodsys.mod.media.stdlib.obj
 0001:00003291       ?filters_save@RLibraryObjFilter@stdlib@media@modules@UModSys@@UAE_NAAUSInfo@IBinObjFilter@libmedia@5@PBUIRefObject@core@5@@Z 00404291 f i umodsys_lib_libmedia:umodsys.mod.media.stdlib.obj
 0001:000032ee       ??_ERLibraryObjFilter@stdlib@media@modules@UModSys@@UAEPAXI@Z 004042ee f i  CIL library: CIL module
 0001:000032ee       ??_GRLibraryObjFilter@stdlib@media@modules@UModSys@@UAEPAXI@Z 004042ee f i umodsys_lib_libmedia:umodsys.mod.media.stdlib.obj
 0001:0000334f       ?get_generated_names@RGenerator@stdlib@media@modules@UModSys@@UBEHAAUSUniquePtrList@core@5@@Z 0040434f f i umodsys_lib_libmedia:umodsys.mod.media.stdlib.obj
 0001:000033af       ?get_generated_types@RGenerator@stdlib@media@modules@UModSys@@UBEHAAUSUniquePtrList@core@5@PBUSUniquePointerInfo@75@@Z 004043af f i umodsys_lib_libmedia:umodsys.mod.media.stdlib.obj
 0001:000034b5       ?generate@RGenerator@stdlib@media@modules@UModSys@@UAE_NAAU?$TRefObject@UIRefObject@core@UModSys@@U?$TRefObjectFunc@UIRefObject@core@UModSys@@@tl@3@@tl@5@PBUSUniquePointerInfo@core@5@ABUSParameters@95@@Z 004044b5 f i umodsys_lib_libmedia:umodsys.mod.media.stdlib.obj
 0001:00003596       ?root_get_interface_info@RGenerator@stdlib@media@modules@UModSys@@UBEABUSUniquePointerInfo@core@5@XZ 00404596 f i umodsys_lib_libmedia:umodsys.mod.media.stdlib.obj
 0001:0000359c       ?root_get_interface_type@RGenerator@stdlib@media@modules@UModSys@@UBEPBUSUniquePointerInfo@core@5@XZ 0040459c f i umodsys_lib_libmedia:umodsys.mod.media.stdlib.obj
 0001:000035a2       ?root_get_other_interface@RGenerator@stdlib@media@modules@UModSys@@UBEPBUIRoot@core@5@PBUSUniquePointerInfo@75@@Z 004045a2 f i umodsys_lib_libmedia:umodsys.mod.media.stdlib.obj
 0001:000035a2       ?root_get_other_interface@RGenerator@stdlib@media@modules@UModSys@@UAEPAUIRoot@core@5@PBUSUniquePointerInfo@75@@Z 004045a2 f i umodsys_lib_libmedia:umodsys.mod.media.stdlib.obj
 0001:000035cb       ?root_is_interface_supported@RGenerator@stdlib@media@modules@UModSys@@UBE_NPBUSUniquePointerInfo@core@5@@Z 004045cb f i umodsys_lib_libmedia:umodsys.mod.media.stdlib.obj
 0001:000035ea       ?ref_remove@RStreamReader_FILE@stdio@media@modules@UModSys@@UBEXXZ 004045ea f i umodsys_lib_libmedia:umodsys.mod.media.stdio.obj
 0001:000035ea       ?ref_remove@RGenerator@stdio@media@modules@UModSys@@UBEXXZ 004045ea f i umodsys_lib_libmedia:umodsys.mod.media.stdio.obj
 0001:000035ea       ?ref_remove@RStreamWriter_FILE@stdio@media@modules@UModSys@@UBEXXZ 004045ea f i umodsys_lib_libmedia:umodsys.mod.media.stdio.obj
 0001:000035ea       ?ref_remove@RUtilities@stdlib@media@modules@UModSys@@UBEXXZ 004045ea f i umodsys_lib_libmedia:umodsys.mod.media.stdlib.obj
 0001:000035ea       ?ref_remove@RGenerator@stdlib@media@modules@UModSys@@UBEXXZ 004045ea f i umodsys_lib_libmedia:umodsys.mod.media.stdlib.obj
 0001:000035f5       ?ref_links@RGenerator@stdio@media@modules@UModSys@@UBEHXZ 004045f5 f i umodsys_lib_libmedia:umodsys.mod.media.stdio.obj
 0001:000035f5       ?ref_links@RStreamReader_FILE@stdio@media@modules@UModSys@@UBEHXZ 004045f5 f i umodsys_lib_libmedia:umodsys.mod.media.stdio.obj
 0001:000035f5       ?ref_links@RUtilities@stdlib@media@modules@UModSys@@UBEHXZ 004045f5 f i umodsys_lib_libmedia:umodsys.mod.media.stdlib.obj
 0001:000035f5       ?get_system@IModuleLibraryUni@rsystem@base@UModSys@@UBEPAUISystem@34@XZ 004045f5 f i umodsys_lib_basesys:umodsys.basesys.rmodulelib.obj
 0001:000035f5       ?ref_links@RStreamWriter_FILE@stdio@media@modules@UModSys@@UBEHXZ 004045f5 f i umodsys_lib_libmedia:umodsys.mod.media.stdio.obj
 0001:000035f5       ?ref_links@RGenerator@stdlib@media@modules@UModSys@@UBEHXZ 004045f5 f i umodsys_lib_libmedia:umodsys.mod.media.stdlib.obj
 0001:000035f9       ?get_uid@RGenerator@stdlib@media@modules@UModSys@@UBEPBUSUniquePointerInfo@core@5@XZ 004045f9 f i umodsys_lib_libmedia:umodsys.mod.media.stdlib.obj
 0001:000035ff       ?buffer_free@RUtilities@stdlib@media@modules@UModSys@@UAE_NAAUSBuffer@libmedia@5@PBUSSourceContext@core@5@@Z 004045ff f   umodsys_lib_libmedia:umodsys.mod.media.stdlib.obj
 0001:00003640       ?buffer_alloc@RUtilities@stdlib@media@modules@UModSys@@UAE_NAAUSBuffer@libmedia@5@IPBUSSourceContext@core@5@@Z 00404640 f   umodsys_lib_libmedia:umodsys.mod.media.stdlib.obj
 0001:0000370b       ?sub_writer@RUtilities@stdlib@media@modules@UModSys@@UAE?AU?$TRefObject@UIStreamWriter@libmedia@UModSys@@U?$TRefObjectFunc@UIStreamWriter@libmedia@UModSys@@@tl@3@@tl@5@PAUIStreamWriter@libmedia@5@_J1@Z 0040470b f   umodsys_lib_libmedia:umodsys.mod.media.stdlib.obj
 0001:0000370b       ?sub_reader@RUtilities@stdlib@media@modules@UModSys@@UAE?AU?$TRefObject@UIStreamReader@libmedia@UModSys@@U?$TRefObjectFunc@UIStreamReader@libmedia@UModSys@@@tl@3@@tl@5@PAUIStreamReader@libmedia@5@_J1@Z 0040470b f   umodsys_lib_libmedia:umodsys.mod.media.stdlib.obj
 0001:0000371d       ?mem_reader@RUtilities@stdlib@media@modules@UModSys@@UAE?AU?$TRefObject@UIStreamReader@libmedia@UModSys@@U?$TRefObjectFunc@UIStreamReader@libmedia@UModSys@@@tl@3@@tl@5@ABUSCMem@core@5@@Z 0040471d f   umodsys_lib_libmedia:umodsys.mod.media.stdlib.obj
 0001:0000371d       ?mem_reader@RUtilities@stdlib@media@modules@UModSys@@UAE?AU?$TRefObject@UIStreamReader@libmedia@UModSys@@U?$TRefObjectFunc@UIStreamReader@libmedia@UModSys@@@tl@3@@tl@5@ABUSCMemShared@core@5@@Z 0040471d f   umodsys_lib_libmedia:umodsys.mod.media.stdlib.obj
 0001:0000372f       ?mem_writer@RUtilities@stdlib@media@modules@UModSys@@UAE?AU?$TRefObject@UIStreamWriter@libmedia@UModSys@@U?$TRefObjectFunc@UIStreamWriter@libmedia@UModSys@@@tl@3@@tl@5@PBUSMem@core@5@PAUIMemWriterCompleted@IUtilities@libmedia@5@PAUIRefObject@95@@Z 0040472f f   umodsys_lib_libmedia:umodsys.mod.media.stdlib.obj
 0001:00003741       ??0RUtilities@stdlib@media@modules@UModSys@@QAE@PAUIModObject@base@4@ABUSParameters@core@4@@Z 00404741 f   umodsys_lib_libmedia:umodsys.mod.media.stdlib.obj
 0001:0000379b       ??_ERUtilities@stdlib@media@modules@UModSys@@UAEPAXI@Z 0040479b f i  CIL library: CIL module
 0001:0000379b       ??_GRUtilities@stdlib@media@modules@UModSys@@UAEPAXI@Z 0040479b f i umodsys_lib_libmedia:umodsys.mod.media.stdlib.obj
 0001:000037c8       ??1IUtilities@libmedia@UModSys@@UAE@XZ 004047c8 f i umodsys_lib_libmedia:umodsys.mod.media.stdlib.obj
 0001:000037c8       ??1IRefObject@core@UModSys@@UAE@XZ 004047c8 f i umodsys_lib_core:umodsys.core.objects.obj
 0001:000037c8       ??1ISystem@base@UModSys@@UAE@XZ 004047c8 f i umodsys_lib_base:umodsys.base.system.obj
 0001:000037c8       ??1IStreamWriter@libmedia@UModSys@@UAE@XZ 004047c8 f i umodsys_lib_libmedia:umodsys.mod.media.stdio.obj
 0001:000037c8       ??1IStreamReader@libmedia@UModSys@@UAE@XZ 004047c8 f i umodsys_lib_libmedia:umodsys.mod.media.stdio.obj
 0001:000037c8       ??1IModule@base@UModSys@@UAE@XZ 004047c8 f i umodsys_lib_base:umodsys.base.module.obj
 0001:000037cf       ?get_flag@RBinArchiveFrame@stdlib@media@modules@UModSys@@UBE?AW4eStates@?$TFlags4State@USMediaFlagUid@libmedia@UModSys@@I@tl@5@H@Z 004047cf f   umodsys_lib_libmedia:umodsys.mod.media.stdlib.obj
 0001:000037e2       ?get_flags_auto@RBinArchiveFrame@stdlib@media@modules@UModSys@@UBE?AU?$TFlags4State@USMediaFlagUid@libmedia@UModSys@@I@tl@5@XZ 004047e2 f   umodsys_lib_libmedia:umodsys.mod.media.stdlib.obj
 0001:000037f1       ?set_flag@RBinArchiveFrame@stdlib@media@modules@UModSys@@UAE?AW4eStates@?$TFlags4State@USMediaFlagUid@libmedia@UModSys@@I@tl@5@HW46785@@Z 004047f1 f   umodsys_lib_libmedia:umodsys.mod.media.stdlib.obj
[...]
 0001:0000dc0f       __unwindfunclet$?mem_realloc@?$TRMemAlloc_CC@U?$TMemAllocHeader@USMagic@mem_headers@rsystem@base@UModSys@@U?$TPool@X@2345@USDebug@2345@UVoid@core@5@U895@@rsystem@base@UModSys@@USMemAlloc_Malloc@core@4@@rsystem@base@UModSys@@UAEPAXPAXIPBUSSourceContext@core@4@@Z$1 0040ec0f f    CIL library: CIL module
 0001:0000dc17       __ehhandler$?mem_realloc@?$TRMemAlloc_CC@U?$TMemAllocHeader@USMagic@mem_headers@rsystem@base@UModSys@@U?$TPool@X@2345@USDebug@2345@UVoid@core@5@U895@@rsystem@base@UModSys@@USMemAlloc_Malloc@core@4@@rsystem@base@UModSys@@UAEPAXPAXIPBUSSourceContext@core@4@@Z 0040ec17 f    CIL library: CIL module
 0001:0000dc21       __unwindfunclet$?s_add@RModuleLibrarySO@rsystem@base@UModSys@@SA_NPAUISystem@34@AAU?$TDynarrayDynamic@U?$TRefObject@URModuleLibrarySO@rsystem@base@UModSys@@U?$TRefObjectFunc@URModuleLibrarySO@rsystem@base@UModSys@@@tl@4@@tl@UModSys@@U?$TAllocator@USMemAlloc_Malloc@core@UModSys@@USCountCalcPower2@23@@23@@tl@4@PBD@Z$1 0040ec21 f    CIL library: CIL module
 0001:0000dc29       __ehhandler$?s_add@RModuleLibrarySO@rsystem@base@UModSys@@SA_NPAUISystem@34@AAU?$TDynarrayDynamic@U?$TRefObject@URModuleLibrarySO@rsystem@base@UModSys@@U?$TRefObjectFunc@URModuleLibrarySO@rsystem@base@UModSys@@@tl@4@@tl@UModSys@@U?$TAllocator@USMemAlloc_Malloc@core@UModSys@@USCountCalcPower2@23@@23@@tl@4@PBD@Z 0040ec29 f    CIL library: CIL module
 0001:0000dc33       ??__E?s_id@?$TObjectUniqueID@UIRoot@core@UModSys@@@tl@UModSys@@2USUniquePointer@core@3@A@@YAXXZ 0040ec33 f    CIL library: CIL module
 0001:0000dc55       ??__E?s_id@?$TObjectUniqueID@UIRefObject@core@UModSys@@@tl@UModSys@@2USUniquePointer@core@3@A@@YAXXZ 0040ec55 f    CIL library: CIL module
 0001:0000dc77       ??__E?s_id@?$TObjectUniqueID@UIParameters@core@UModSys@@@tl@UModSys@@2USUniquePointer@core@3@A@@YAXXZ 0040ec77 f    CIL library: CIL module
 0001:0000dc99       ??__E?s_id@?$TObjectUniqueID@UIModule@base@UModSys@@@tl@UModSys@@2USUniquePointer@core@3@A@@YAXXZ 0040ec99 f    CIL library: CIL module
 0001:0000dcbb       ??__E?s_id@?$TObjectUniqueID@UIModuleLibrary@base@UModSys@@@tl@UModSys@@2USUniquePointer@core@3@A@@YAXXZ 0040ecbb f    CIL library: CIL module
 0001:0000dcdd       ??__E?s_id@?$TObjectUniqueID@UIModObject@base@UModSys@@@tl@UModSys@@2USUniquePointer@core@3@A@@YAXXZ 0040ecdd f    CIL library: CIL module
 0001:0000dcff       ??__E?s_id@?$TObjectUniqueID@UIGenerator@base@UModSys@@@tl@UModSys@@2USUniquePointer@core@3@A@@YAXXZ 0040ecff f    CIL library: CIL module
 0001:0000dd21       ??__E?s_id@?$TObjectUniqueID@UIShell@base@UModSys@@@tl@UModSys@@2USUniquePointer@core@3@A@@YAXXZ 0040ed21 f    CIL library: CIL module
 0001:0000dd43       ??__E?s_id@?$TObjectUniqueID@UIConsole@base@UModSys@@@tl@UModSys@@2USUniquePointer@core@3@A@@YAXXZ 0040ed43 f    CIL library: CIL module
 0001:0000dd65       ??__E?s_id@?$TObjectUniqueID@UISystem@base@UModSys@@@tl@UModSys@@2USUniquePointer@core@3@A@@YAXXZ 0040ed65 f    CIL library: CIL module
 0001:0000dd87       ??__E?s_id@?$TObjectUniqueID@URModule@rsystem@base@UModSys@@@tl@UModSys@@2USUniquePointer@core@3@A@@YAXXZ 0040ed87 f    CIL library: CIL module
 0001:0000dda9       ??__E?s_id@?$TObjectUniqueID@UIModuleLibraryUni@rsystem@base@UModSys@@@tl@UModSys@@2USUniquePointer@core@3@A@@YAXXZ 0040eda9 f    CIL library: CIL module
 0001:0000ddcb       ??__E?s_id@?$TObjectUniqueID@URModuleLibrarySO@rsystem@base@UModSys@@@tl@UModSys@@2USUniquePointer@core@3@A@@YAXXZ 0040edcb f    CIL library: CIL module
 0001:0000dded       ??__E?s_id@?$TObjectUniqueID@URModuleLibraryThis@rsystem@base@UModSys@@@tl@UModSys@@2USUniquePointer@core@3@A@@YAXXZ 0040eded f    CIL library: CIL module
 0001:0000de0f       ??__E?s_id@?$TObjectUniqueID@URParameters@rsystem@base@UModSys@@@tl@UModSys@@2USUniquePointer@core@3@A@@YAXXZ 0040ee0f f    CIL library: CIL module
 0001:0000de31       ??__E?s_id@?$TObjectUniqueID@URSystem@rsystem@base@UModSys@@@tl@UModSys@@2USUniquePointer@core@3@A@@YAXXZ 0040ee31 f    CIL library: CIL module
 0001:0000de53       ??__E?s_id@?$TObjectUniqueID@URConsole_std@rsystem@base@UModSys@@@tl@UModSys@@2USUniquePointer@core@3@A@@YAXXZ 0040ee53 f    CIL library: CIL module
 0001:0000de75       ??__E?s_modreg@RModuleReg@stdio@media@modules@UModSys@@2U12345@A@@YAXXZ 0040ee75 f    CIL library: CIL module
 0001:0000dea5       ??__E?s_modreg_chain@RModuleReg@stdio@media@modules@UModSys@@2USModuleRegChain@base@5@A@@YAXXZ 0040eea5 f    CIL library: CIL module
 0001:0000dec0       ??__E?s_uid@RGenerator@stdio@media@modules@UModSys@@2USUniquePointer@core@5@A@@YAXXZ 0040eec0 f    CIL library: CIL module
 0001:0000dee2       ??__E?s_id@?$TObjectUniqueID@UIStreamReader@libmedia@UModSys@@@tl@UModSys@@2USUniquePointer@core@3@A@@YAXXZ 0040eee2 f    CIL library: CIL module
 0001:0000df04       ??__E?s_id@?$TObjectUniqueID@UIStreamWriter@libmedia@UModSys@@@tl@UModSys@@2USUniquePointer@core@3@A@@YAXXZ 0040ef04 f    CIL library: CIL module
 0001:0000df26       ??__E?s_id@?$TObjectUniqueID@UIUtilities@libmedia@UModSys@@@tl@UModSys@@2USUniquePointer@core@3@A@@YAXXZ 0040ef26 f    CIL library: CIL module
 0001:0000df48       ??__E?s_id@?$TObjectUniqueID@UILibObject@libmedia@UModSys@@@tl@UModSys@@2USUniquePointer@core@3@A@@YAXXZ 0040ef48 f    CIL library: CIL module
 0001:0000df6a       ??__E?s_id@?$TObjectUniqueID@UIBinArchive@libmedia@UModSys@@@tl@UModSys@@2USUniquePointer@core@3@A@@YAXXZ 0040ef6a f    CIL library: CIL module
 0001:0000df8c       ??__E?s_id@?$TObjectUniqueID@UIBinObjFilter@libmedia@UModSys@@@tl@UModSys@@2USUniquePointer@core@3@A@@YAXXZ 0040ef8c f    CIL library: CIL module
 0001:0000dfae       ??__E?s_id@?$TObjectUniqueID@UILibrary@libmedia@UModSys@@@tl@UModSys@@2USUniquePointer@core@3@A@@YAXXZ 0040efae f    CIL library: CIL module
 0001:0000dfd0       ??__E?s_id@?$TObjectUniqueID@URStreamReader_FILE@stdio@media@modules@UModSys@@@tl@UModSys@@2USUniquePointer@core@3@A@@YAXXZ 0040efd0 f    CIL library: CIL module
 0001:0000dff3       ??__E?s_id@?$TObjectUniqueID@URStreamWriter_FILE@stdio@media@modules@UModSys@@@tl@UModSys@@2USUniquePointer@core@3@A@@YAXXZ 0040eff3 f    CIL library: CIL module
 0001:0000e015       ??__E?s_id@?$TObjectUniqueID@URDataArchiver_OsDir@stdio@media@modules@UModSys@@@tl@UModSys@@2USUniquePointer@core@3@A@@YAXXZ 0040f015 f    CIL library: CIL module
 0001:0000e037       ??__E?s_id@?$TObjectUniqueID@URGenerator@stdio@media@modules@UModSys@@@tl@UModSys@@2USUniquePointer@core@3@A@@YAXXZ 0040f037 f    CIL library: CIL module
 0001:0000e059       ??__E?s_modreg@RModuleReg@stdlib@media@modules@UModSys@@2U12345@A@@YAXXZ 0040f059 f    CIL library: CIL module
 0001:0000e089       ??__E?s_modreg_chain@RModuleReg@stdlib@media@modules@UModSys@@2USModuleRegChain@base@5@A@@YAXXZ 0040f089 f    CIL library: CIL module
 0001:0000e0a4       ??__E?s_uid@RGenerator@stdlib@media@modules@UModSys@@2USUniquePointer@core@5@A@@YAXXZ 0040f0a4 f    CIL library: CIL module
 0001:0000e0c6       ??__E?s_id@?$TObjectUniqueID@UILibraryBinTree@libmedia@UModSys@@@tl@UModSys@@2USUniquePointer@core@3@A@@YAXXZ 0040f0c6 f    CIL library: CIL module
 0001:0000e0e8       ??__E?s_id@?$TObjectUniqueID@UILibraryBinCache@libmedia@UModSys@@@tl@UModSys@@2USUniquePointer@core@3@A@@YAXXZ 0040f0e8 f    CIL library: CIL module
 0001:0000e10a       ??__E?s_id@?$TObjectUniqueID@UILibraryObjFilter@libmedia@UModSys@@@tl@UModSys@@2USUniquePointer@core@3@A@@YAXXZ 0040f10a f    CIL library: CIL module
 0001:0000e12c       ??__E?s_id@?$TObjectUniqueID@UILibraryObjCache@libmedia@UModSys@@@tl@UModSys@@2USUniquePointer@core@3@A@@YAXXZ 0040f12c f    CIL library: CIL module
 0001:0000e14e       ??__E?s_id@?$TObjectUniqueID@UILibraryLayered@libmedia@UModSys@@@tl@UModSys@@2USUniquePointer@core@3@A@@YAXXZ 0040f14e f    CIL library: CIL module
 0001:0000e170       ??__E?s_id@?$TObjectUniqueID@UIBinArchiveFrame@libmedia@UModSys@@@tl@UModSys@@2USUniquePointer@core@3@A@@YAXXZ 0040f170 f    CIL library: CIL module
 0001:0000e192       ??__E?s_id@?$TObjectUniqueID@UIClient@IBinArchiveFrame@libmedia@UModSys@@@tl@UModSys@@2USUniquePointer@core@3@A@@YAXXZ 0040f192 f    CIL library: CIL module
 0001:0000e1b4       ??__E?s_id@?$TObjectUniqueID@URUtilities@stdlib@media@modules@UModSys@@@tl@UModSys@@2USUniquePointer@core@3@A@@YAXXZ 0040f1b4 f    CIL library: CIL module
 0001:0000e1d6       ??__E?s_id@?$TObjectUniqueID@URBinArchiveFrame@stdlib@media@modules@UModSys@@@tl@UModSys@@2USUniquePointer@core@3@A@@YAXXZ 0040f1d6 f    CIL library: CIL module
 0001:0000e1f8       ??__E?s_id@?$TObjectUniqueID@URLibraryBinTree@stdlib@media@modules@UModSys@@@tl@UModSys@@2USUniquePointer@core@3@A@@YAXXZ 0040f1f8 f    CIL library: CIL module
 0001:0000e21a       ??__E?s_id@?$TObjectUniqueID@URLibraryBinCache@stdlib@media@modules@UModSys@@@tl@UModSys@@2USUniquePointer@core@3@A@@YAXXZ 0040f21a f    CIL library: CIL module
 0001:0000e23c       ??__E?s_id@?$TObjectUniqueID@URLibraryLayered@stdlib@media@modules@UModSys@@@tl@UModSys@@2USUniquePointer@core@3@A@@YAXXZ 0040f23c f    CIL library: CIL module
 0001:0000e25e       ??__E?s_id@?$TObjectUniqueID@URLibraryObjCache@stdlib@media@modules@UModSys@@@tl@UModSys@@2USUniquePointer@core@3@A@@YAXXZ 0040f25e f    CIL library: CIL module
 0001:0000e280       ??__E?s_id@?$TObjectUniqueID@URLibraryObjFilter@stdlib@media@modules@UModSys@@@tl@UModSys@@2USUniquePointer@core@3@A@@YAXXZ 0040f280 f    CIL library: CIL module
 0001:0000e2a2       ??__E?s_id@?$TObjectUniqueID@URGenerator@stdlib@media@modules@UModSys@@@tl@UModSys@@2USUniquePointer@core@3@A@@YAXXZ 0040f2a2 f    CIL library: CIL module
 0001:0000e2c4       ??__E?s_console@RConsole_std@rsystem@base@UModSys@@2U1234@A@@YAXXZ 0040f2c4 f    CIL library: CIL module
 0001:0000e2d0       ??__E?s_sys@RSystem@rsystem@base@UModSys@@2U1234@A@@YAXXZ 0040f2d0 f    CIL library: CIL module
 0001:0000e2e1       ??__Ersys_dbg@rsystem@base@UModSys@@YAXXZ 0040f2e1 f    CIL library: CIL module
 0001:0000e2ed       ??__EM@UModSys@@YAXXZ      0040f2ed f    CIL library: CIL module
 0001:0000e2f9       ??__E?root@SModuleRegChain@base@UModSys@@2U123@A@@YAXXZ 0040f2f9 f    CIL library: CIL module
 0001:0000e305       ??__E?s_library@RModuleLibraryReg_Chain@base@UModSys@@2U123@A@@YAXXZ 0040f305 f    CIL library: CIL module
 0001:0000e311       ??__E?root@SUniquePointer@core@UModSys@@2U123@A@@YAXXZ 0040f311 f    CIL library: CIL module
 0001:0000e31d       ??__F?s_id@?$TObjectUniqueID@URConsole_std@rsystem@base@UModSys@@@tl@UModSys@@2USUniquePointer@core@3@A@@YAXXZ 0040f31d f    CIL library: CIL module
 0001:0000e327       ??__F?s_id@?$TObjectUniqueID@URSystem@rsystem@base@UModSys@@@tl@UModSys@@2USUniquePointer@core@3@A@@YAXXZ 0040f327 f    CIL library: CIL module
 0001:0000e331       ??__F?s_id@?$TObjectUniqueID@URParameters@rsystem@base@UModSys@@@tl@UModSys@@2USUniquePointer@core@3@A@@YAXXZ 0040f331 f    CIL library: CIL module
 0001:0000e33b       ??__F?s_id@?$TObjectUniqueID@URModuleLibraryThis@rsystem@base@UModSys@@@tl@UModSys@@2USUniquePointer@core@3@A@@YAXXZ 0040f33b f    CIL library: CIL module
 0001:0000e345       ??__F?s_id@?$TObjectUniqueID@URModuleLibrarySO@rsystem@base@UModSys@@@tl@UModSys@@2USUniquePointer@core@3@A@@YAXXZ 0040f345 f    CIL library: CIL module
 0001:0000e34f       ??__F?s_id@?$TObjectUniqueID@UIModuleLibraryUni@rsystem@base@UModSys@@@tl@UModSys@@2USUniquePointer@core@3@A@@YAXXZ 0040f34f f    CIL library: CIL module
 0001:0000e359       ??__F?s_id@?$TObjectUniqueID@URModule@rsystem@base@UModSys@@@tl@UModSys@@2USUniquePointer@core@3@A@@YAXXZ 0040f359 f    CIL library: CIL module
 0001:0000e363       ??__F?s_id@?$TObjectUniqueID@UISystem@base@UModSys@@@tl@UModSys@@2USUniquePointer@core@3@A@@YAXXZ 0040f363 f    CIL library: CIL module
 0001:0000e36d       ??__F?s_id@?$TObjectUniqueID@UIConsole@base@UModSys@@@tl@UModSys@@2USUniquePointer@core@3@A@@YAXXZ 0040f36d f    CIL library: CIL module
 0001:0000e377       ??__F?s_id@?$TObjectUniqueID@UIShell@base@UModSys@@@tl@UModSys@@2USUniquePointer@core@3@A@@YAXXZ 0040f377 f    CIL library: CIL module
 0001:0000e381       ??__F?s_id@?$TObjectUniqueID@UIGenerator@base@UModSys@@@tl@UModSys@@2USUniquePointer@core@3@A@@YAXXZ 0040f381 f    CIL library: CIL module
 0001:0000e38b       ??__F?s_id@?$TObjectUniqueID@UIModObject@base@UModSys@@@tl@UModSys@@2USUniquePointer@core@3@A@@YAXXZ 0040f38b f    CIL library: CIL module
 0001:0000e395       ??__F?s_id@?$TObjectUniqueID@UIModuleLibrary@base@UModSys@@@tl@UModSys@@2USUniquePointer@core@3@A@@YAXXZ 0040f395 f    CIL library: CIL module
 0001:0000e39f       ??__F?s_id@?$TObjectUniqueID@UIModule@base@UModSys@@@tl@UModSys@@2USUniquePointer@core@3@A@@YAXXZ 0040f39f f    CIL library: CIL module
 0001:0000e3a9       ??__F?s_id@?$TObjectUniqueID@UIParameters@core@UModSys@@@tl@UModSys@@2USUniquePointer@core@3@A@@YAXXZ 0040f3a9 f    CIL library: CIL module
 0001:0000e3b3       ??__F?s_id@?$TObjectUniqueID@UIRefObject@core@UModSys@@@tl@UModSys@@2USUniquePointer@core@3@A@@YAXXZ 0040f3b3 f    CIL library: CIL module
 0001:0000e3bd       ??__F?s_id@?$TObjectUniqueID@UIRoot@core@UModSys@@@tl@UModSys@@2USUniquePointer@core@3@A@@YAXXZ 0040f3bd f    CIL library: CIL module
 0001:0000e3c7       ??__F?s_modreg@RModuleReg@stdio@media@modules@UModSys@@2U12345@A@@YAXXZ 0040f3c7 f    CIL library: CIL module
 0001:0000e3d2       ??__F?s_modreg_chain@RModuleReg@stdio@media@modules@UModSys@@2USModuleRegChain@base@5@A@@YAXXZ 0040f3d2 f    CIL library: CIL module
 0001:0000e3dc       ??__F?s_uid@RGenerator@stdio@media@modules@UModSys@@2USUniquePointer@core@5@A@@YAXXZ 0040f3dc f    CIL library: CIL module
 0001:0000e3e6       ??__Fh@?1??s_holder@RGenerator@stdio@media@modules@UModSys@@SAAAU?$TTypeStaticHolder@URGenerator@stdio@media@modules@UModSys@@@tl@5@XZ@YAXXZ 0040f3e6 f    CIL library: CIL module
 0001:0000e403       ??__F?s_id@?$TObjectUniqueID@URGenerator@stdio@media@modules@UModSys@@@tl@UModSys@@2USUniquePointer@core@3@A@@YAXXZ 0040f403 f    CIL library: CIL module
 0001:0000e40d       ??__F?s_id@?$TObjectUniqueID@URDataArchiver_OsDir@stdio@media@modules@UModSys@@@tl@UModSys@@2USUniquePointer@core@3@A@@YAXXZ 0040f40d f    CIL library: CIL module
 0001:0000e417       ??__F?s_id@?$TObjectUniqueID@URStreamWriter_FILE@stdio@media@modules@UModSys@@@tl@UModSys@@2USUniquePointer@core@3@A@@YAXXZ 0040f417 f    CIL library: CIL module
 0001:0000e421       ??__F?s_id@?$TObjectUniqueID@URStreamReader_FILE@stdio@media@modules@UModSys@@@tl@UModSys@@2USUniquePointer@core@3@A@@YAXXZ 0040f421 f    CIL library: CIL module
 0001:0000e42b       ??__F?s_id@?$TObjectUniqueID@UILibrary@libmedia@UModSys@@@tl@UModSys@@2USUniquePointer@core@3@A@@YAXXZ 0040f42b f    CIL library: CIL module
 0001:0000e435       ??__F?s_id@?$TObjectUniqueID@UIBinObjFilter@libmedia@UModSys@@@tl@UModSys@@2USUniquePointer@core@3@A@@YAXXZ 0040f435 f    CIL library: CIL module
 0001:0000e43f       ??__F?s_id@?$TObjectUniqueID@UIBinArchive@libmedia@UModSys@@@tl@UModSys@@2USUniquePointer@core@3@A@@YAXXZ 0040f43f f    CIL library: CIL module
 0001:0000e449       ??__F?s_id@?$TObjectUniqueID@UILibObject@libmedia@UModSys@@@tl@UModSys@@2USUniquePointer@core@3@A@@YAXXZ 0040f449 f    CIL library: CIL module
 0001:0000e453       ??__F?s_id@?$TObjectUniqueID@UIUtilities@libmedia@UModSys@@@tl@UModSys@@2USUniquePointer@core@3@A@@YAXXZ 0040f453 f    CIL library: CIL module
 0001:0000e45d       ??__F?s_id@?$TObjectUniqueID@UIStreamWriter@libmedia@UModSys@@@tl@UModSys@@2USUniquePointer@core@3@A@@YAXXZ 0040f45d f    CIL library: CIL module
 0001:0000e467       ??__F?s_id@?$TObjectUniqueID@UIStreamReader@libmedia@UModSys@@@tl@UModSys@@2USUniquePointer@core@3@A@@YAXXZ 0040f467 f    CIL library: CIL module
 0001:0000e471       ??__F?s_modreg@RModuleReg@stdlib@media@modules@UModSys@@2U12345@A@@YAXXZ 0040f471 f    CIL library: CIL module
 0001:0000e47c       ??__F?s_modreg_chain@RModuleReg@stdlib@media@modules@UModSys@@2USModuleRegChain@base@5@A@@YAXXZ 0040f47c f    CIL library: CIL module
 0001:0000e486       ??__F?s_uid@RGenerator@stdlib@media@modules@UModSys@@2USUniquePointer@core@5@A@@YAXXZ 0040f486 f    CIL library: CIL module
 0001:0000e490       ??__Fh@?1??s_holder@RGenerator@stdlib@media@modules@UModSys@@SAAAU?$TTypeStaticHolder@URGenerator@stdlib@media@modules@UModSys@@@tl@5@XZ@YAXXZ 0040f490 f    CIL library: CIL module
 0001:0000e4ad       ??__F?s_id@?$TObjectUniqueID@URGenerator@stdlib@media@modules@UModSys@@@tl@UModSys@@2USUniquePointer@core@3@A@@YAXXZ 0040f4ad f    CIL library: CIL module
 0001:0000e4b7       ??__F?s_id@?$TObjectUniqueID@URLibraryObjFilter@stdlib@media@modules@UModSys@@@tl@UModSys@@2USUniquePointer@core@3@A@@YAXXZ 0040f4b7 f    CIL library: CIL module
 0001:0000e4c1       ??__F?s_id@?$TObjectUniqueID@URLibraryObjCache@stdlib@media@modules@UModSys@@@tl@UModSys@@2USUniquePointer@core@3@A@@YAXXZ 0040f4c1 f    CIL library: CIL module
 0001:0000e4cb       ??__F?s_id@?$TObjectUniqueID@URLibraryLayered@stdlib@media@modules@UModSys@@@tl@UModSys@@2USUniquePointer@core@3@A@@YAXXZ 0040f4cb f    CIL library: CIL module
 0001:0000e4d5       ??__F?s_id@?$TObjectUniqueID@URLibraryBinCache@stdlib@media@modules@UModSys@@@tl@UModSys@@2USUniquePointer@core@3@A@@YAXXZ 0040f4d5 f    CIL library: CIL module
 0001:0000e4df       ??__F?s_id@?$TObjectUniqueID@URLibraryBinTree@stdlib@media@modules@UModSys@@@tl@UModSys@@2USUniquePointer@core@3@A@@YAXXZ 0040f4df f    CIL library: CIL module
 0001:0000e4e9       ??__F?s_id@?$TObjectUniqueID@URBinArchiveFrame@stdlib@media@modules@UModSys@@@tl@UModSys@@2USUniquePointer@core@3@A@@YAXXZ 0040f4e9 f    CIL library: CIL module
 0001:0000e4f3       ??__F?s_id@?$TObjectUniqueID@URUtilities@stdlib@media@modules@UModSys@@@tl@UModSys@@2USUniquePointer@core@3@A@@YAXXZ 0040f4f3 f    CIL library: CIL module
 0001:0000e4fd       ??__F?s_id@?$TObjectUniqueID@UIClient@IBinArchiveFrame@libmedia@UModSys@@@tl@UModSys@@2USUniquePointer@core@3@A@@YAXXZ 0040f4fd f    CIL library: CIL module
 0001:0000e507       ??__F?s_id@?$TObjectUniqueID@UIBinArchiveFrame@libmedia@UModSys@@@tl@UModSys@@2USUniquePointer@core@3@A@@YAXXZ 0040f507 f    CIL library: CIL module
 0001:0000e511       ??__F?s_id@?$TObjectUniqueID@UILibraryLayered@libmedia@UModSys@@@tl@UModSys@@2USUniquePointer@core@3@A@@YAXXZ 0040f511 f    CIL library: CIL module
 0001:0000e51b       ??__F?s_id@?$TObjectUniqueID@UILibraryObjCache@libmedia@UModSys@@@tl@UModSys@@2USUniquePointer@core@3@A@@YAXXZ 0040f51b f    CIL library: CIL module
 0001:0000e525       ??__F?s_id@?$TObjectUniqueID@UILibraryObjFilter@libmedia@UModSys@@@tl@UModSys@@2USUniquePointer@core@3@A@@YAXXZ 0040f525 f    CIL library: CIL module
 0001:0000e52f       ??__F?s_id@?$TObjectUniqueID@UILibraryBinCache@libmedia@UModSys@@@tl@UModSys@@2USUniquePointer@core@3@A@@YAXXZ 0040f52f f    CIL library: CIL module
 0001:0000e539       ??__F?s_id@?$TObjectUniqueID@UILibraryBinTree@libmedia@UModSys@@@tl@UModSys@@2USUniquePointer@core@3@A@@YAXXZ 0040f539 f    CIL library: CIL module
 0001:0000e543       ??__F?s_console@RConsole_std@rsystem@base@UModSys@@2U1234@A@@YAXXZ 0040f543 f    CIL library: CIL module
 0001:0000e570       ??__F?s_sys@RSystem@rsystem@base@UModSys@@2U1234@A@@YAXXZ 0040f570 f    CIL library: CIL module
 0001:0000e57b       ??__Frsys_dbg@rsystem@base@UModSys@@YAXXZ 0040f57b f    CIL library: CIL module
 0001:0000e592       ??__FM@UModSys@@YAXXZ      0040f592 f    CIL library: CIL module
 0001:0000e593       ??__F?root@SModuleRegChain@base@UModSys@@2U123@A@@YAXXZ 0040f593 f    CIL library: CIL module
 0001:0000e59d       ??__F?s_library@RModuleLibraryReg_Chain@base@UModSys@@2U123@A@@YAXXZ 0040f59d f    CIL library: CIL module
 0001:0000e5a8       ??__F?root@SUniquePointer@core@UModSys@@2U123@A@@YAXXZ 0040f5a8 f    CIL library: CIL module

 Exports

  ordinal    name

        1    _UModSys_Plugin_Entry2@0
