 umodsysc

 Timestamp is 5273ce13 (Fri Nov 01 18:51:47 2013)

 Preferred load address is 00400000

 Start         Length     Name                   Class
 0001:00000000 00009860H .text                   CODE
 0001:00009860 000003f7H .text$x                 CODE
 0001:00009c57 0000060bH .text$yc                CODE
 0001:0000a262 00000259H .text$yd                CODE
 0002:00000000 00000154H .idata$5                DATA
 0002:00000154 00000004H .CRT$XCA                DATA
 0002:00000158 00000004H .CRT$XCAA               DATA
 0002:0000015c 000001e8H .CRT$XCU                DATA
 0002:00000344 00000004H .CRT$XCZ                DATA
 0002:00000348 00000004H .CRT$XIA                DATA
 0002:0000034c 00000004H .CRT$XIAA               DATA
 0002:00000350 00000004H .CRT$XIY                DATA
 0002:00000354 00000004H .CRT$XIZ                DATA
 0002:00000358 00001768H .rdata                  DATA
 0002:00001ac0 0000114cH .rdata$r                DATA
 0002:00002c10 0000009cH .rdata$sxdata           DATA
 0002:00002cac 00000004H .rtc$IAA                DATA
 0002:00002cb0 00000004H .rtc$IZZ                DATA
 0002:00002cb4 00000004H .rtc$TAA                DATA
 0002:00002cb8 00000004H .rtc$TZZ                DATA
 0002:00002cc0 000008b0H .xdata$x                DATA
 0002:00003570 00000028H .idata$2                DATA
 0002:00003598 00000014H .idata$3                DATA
 0002:000035ac 00000154H .idata$4                DATA
 0002:00003700 00000554H .idata$6                DATA
 0002:00003c60 00000058H .edata                  DATA
 0003:00000000 00000bd0H .data                   DATA
 0003:00000bd0 00002904H .bss                    DATA

  Address         Publics by Value              Rva+Base       Lib:Object

 0000:00000000       __except_list              00000000     <absolute>
 0000:00000027       ___safe_se_handler_count   00000027     <absolute>
 0000:00009876       __fltused                  00009876     <absolute>
 0000:00009876       __ldused                   00009876     <absolute>
 0000:00000000       ___ImageBase               00400000     <linker-defined>
 0001:00000000       _main                      00401000 f   umodsys.c_main.obj
 0001:0000018a       ??0?$TString@U?$TSCoreConst@D@su@tl@UModSys@@U?$TComparerBinaryHash@D@234@@tl@UModSys@@QAE@PBD@Z 0040118a f i umodsys.c_main.obj
 0001:000001a4       ?set@?$TString@U?$TSCoreConst@D@su@tl@UModSys@@U?$TComparerBinaryHash@D@234@@tl@UModSys@@QAEXPBD@Z 004011a4 f i umodsys.c_main.obj
 0001:000001cd       ?update@?$TComparerBinaryHash@D@su@tl@UModSys@@QAEXPBDI@Z 004011cd f i umodsys.c_main.obj
 0001:000001f9       ??1SCMemShared@core@UModSys@@QAE@XZ 004011f9 f i umodsys_lib_libmedia:umodsys.mod.media.std.obj
 0001:000001f9       ??1SInfo@IBinObjFilter@libmedia@UModSys@@QAE@XZ 004011f9 f i umodsys_lib_libmedia:umodsys.mod.media.std.obj
 0001:000001f9       ??1SMemShared@core@UModSys@@QAE@XZ 004011f9 f i umodsys_lib_libmedia:umodsys.mod.media.std.obj
 0001:00000205       ??6SUniquePtrList@core@UModSys@@QAEAAU012@PBUSUniquePointerInfo@12@@Z 00401205 f i umodsys_lib_libmedia:umodsys.mod.media.std.obj
 0001:00000221       ??2IRoot@core@UModSys@@SAPAXIABUSIMemAlloc@12@@Z 00401221 f i umodsys_lib_libmedia:umodsys.mod.media.std.obj
 0001:00000243       ??3IRoot@core@UModSys@@SAXPAXABUSIMemAlloc@12@@Z 00401243 f i umodsys_lib_libmedia:umodsys.mod.media.std.obj
 0001:0000025c       ?_root_get_other_interface@IRefObject@core@UModSys@@IBEPBUIRoot@23@PBUSUniquePointerInfo@23@@Z 0040125c f i umodsys_lib_libmedia:umodsys.mod.media.std.obj
 0001:0000025c       ?_root_get_other_interface@IRefObject@core@UModSys@@IAEPAUIRoot@23@PBUSUniquePointerInfo@23@@Z 0040125c f i umodsys_lib_libmedia:umodsys.mod.media.std.obj
 0001:0000027d       ?_root_get_interface_types@IRefObject@core@UModSys@@SAIAAUSUniquePtrList@23@@Z 0040127d f i umodsys_lib_libmedia:umodsys.mod.media.std.obj
 0001:0000029d       ?_root_is_interface_supported@IRefObject@core@UModSys@@SA_NPBUSUniquePointerInfo@23@@Z 0040129d f i umodsys_lib_libmedia:umodsys.mod.media.std.obj
 0001:000002b4       ??$seq@D@su@tl@UModSys@@YA_NPBD0I@Z 004012b4 f i umodsys_lib_libmedia:umodsys.mod.media.std.obj
 0001:000002cf       ?_root_is_interface_supported@IGenerator@base@UModSys@@SA_NPBUSUniquePointerInfo@core@3@@Z 004012cf f i umodsys_lib_libmedia:umodsys.mod.media.std.obj
 0001:000002ef       ?get_flag@RResolverChain@SFlagsChain@libmedia@UModSys@@UBE?AW4eStates@?$TFlags4State@USMediaFlagUid@libmedia@UModSys@@I@tl@4@H@Z 004012ef f i umodsys_lib_libmedia:umodsys.mod.media.std.obj
 0001:00000315       ?_root_get_interface_types@ILibrary@libmedia@UModSys@@SAIAAUSUniquePtrList@core@3@@Z 00401315 f i umodsys_lib_libmedia:umodsys.mod.media.std.obj
 0001:0000032f       ?_root_is_interface_supported@ILibrary@libmedia@UModSys@@SA_NPBUSUniquePointerInfo@core@3@@Z 0040132f f i umodsys_lib_libmedia:umodsys.mod.media.std.obj
 0001:00000347       ??1SPoint@ILibraryBinTree@libmedia@UModSys@@QAE@XZ 00401347 f i umodsys_lib_libmedia:umodsys.mod.media.std.obj
 0001:00000347       ??1SLayer@ILibraryLayered@libmedia@UModSys@@QAE@XZ 00401347 f i umodsys_lib_libmedia:umodsys.mod.media.std.obj
 0001:00000358       ?root_get_interface_info@RLibraryBinCache@std@media@modules@UModSys@@UBEABUSUniquePointerInfo@core@5@XZ 00401358 f i umodsys_lib_libmedia:umodsys.mod.media.std.obj
 0001:0000035e       ?root_get_interface_type@RLibraryBinCache@std@media@modules@UModSys@@UBEPBUSUniquePointerInfo@core@5@XZ 0040135e f i umodsys_lib_libmedia:umodsys.mod.media.std.obj
 0001:00000364       ?root_get_other_interface@RLibraryBinCache@std@media@modules@UModSys@@UAEPAUIRoot@core@5@PBUSUniquePointerInfo@75@@Z 00401364 f i umodsys_lib_libmedia:umodsys.mod.media.std.obj
 0001:00000364       ?root_get_other_interface@RLibraryBinCache@std@media@modules@UModSys@@UBEPBUIRoot@core@5@PBUSUniquePointerInfo@75@@Z 00401364 f i umodsys_lib_libmedia:umodsys.mod.media.std.obj
 0001:0000038d       ?root_is_interface_supported@RLibraryBinCache@std@media@modules@UModSys@@UBE_NPBUSUniquePointerInfo@core@5@@Z 0040138d f i umodsys_lib_libmedia:umodsys.mod.media.std.obj
 0001:000003b4       ??0RLibraryBinCache@std@media@modules@UModSys@@QAE@PAUIModObject@base@4@ABUSParameters@core@4@U?$TFlags4State@USMediaFlagUid@libmedia@UModSys@@I@tl@4@@Z 004013b4 f i umodsys_lib_libmedia:umodsys.mod.media.std.obj
 0001:0000040f       ?get_flags_auto@RLibraryBinCache@std@media@modules@UModSys@@UBE?AU?$TFlags4State@USMediaFlagUid@libmedia@UModSys@@I@tl@5@XZ 0040140f f i umodsys_lib_libmedia:umodsys.mod.media.std.obj
 0001:0000041e       ?bin_load@RLibraryBinCache@std@media@modules@UModSys@@UAE_NABU?$TString@U?$TSCoreConst@D@su@tl@UModSys@@U?$TComparerBinaryHash@D@234@@tl@5@AAUSCMemShared@core@5@ABUSFlags@libmedia@5@@Z 0040141e f i umodsys_lib_libmedia:umodsys.mod.media.std.obj
 0001:00000475       ?bin_get@RLibraryBinCache@std@media@modules@UModSys@@UAE_NABU?$TString@U?$TSCoreConst@D@su@tl@UModSys@@U?$TComparerBinaryHash@D@234@@tl@5@AAUSCMemShared@core@5@_N@Z 00401475 f i umodsys_lib_libmedia:umodsys.mod.media.std.obj
 0001:00000475       ?obj_cget@RLibraryObjCache@std@media@modules@UModSys@@UAE_NABU?$TString@U?$TSCoreConst@D@su@tl@UModSys@@U?$TComparerBinaryHash@D@234@@tl@5@AAU?$TRefObject@UIRefObject@core@UModSys@@U?$TRefObjectFunc@UIRefObject@core@UModSys@@@tl@3@@75@_N@Z 00401475 f i umodsys_lib_libmedia:umodsys.mod.media.std.obj
 0001:000004a1       ?bin_put@RLibraryBinCache@std@media@modules@UModSys@@UAE_NABU?$TString@U?$TSCoreConst@D@su@tl@UModSys@@U?$TComparerBinaryHash@D@234@@tl@5@PBUSCMemShared@core@5@@Z 004014a1 f i umodsys_lib_libmedia:umodsys.mod.media.std.obj
 0001:000004b7       ?bin_load@RLibraryObjCache@std@media@modules@UModSys@@UAE_NABU?$TString@U?$TSCoreConst@D@su@tl@UModSys@@U?$TComparerBinaryHash@D@234@@tl@5@AAUSCMemShared@core@5@ABUSFlags@libmedia@5@@Z 004014b7 f i umodsys_lib_libmedia:umodsys.mod.media.std.obj
 0001:000004b7       ?bin_get@RLibraryObjCache@std@media@modules@UModSys@@UAE_NABU?$TString@U?$TSCoreConst@D@su@tl@UModSys@@U?$TComparerBinaryHash@D@234@@tl@5@AAUSCMemShared@core@5@_N@Z 004014b7 f i umodsys_lib_libmedia:umodsys.mod.media.std.obj
 0001:000004b7       ?obj_get@RLibraryBinTree@std@media@modules@UModSys@@UAE_NABU?$TString@U?$TSCoreConst@D@su@tl@UModSys@@U?$TComparerBinaryHash@D@234@@tl@5@AAU?$TRefObject@UIRefObject@core@UModSys@@U?$TRefObjectFunc@UIRefObject@core@UModSys@@@tl@3@@75@ABUSObjOptions@ILibrary@libmedia@5@@Z 004014b7 f i umodsys_lib_libmedia:umodsys.mod.media.std.obj
 0001:000004b7       ?vget_c@RConsole_std@rsystem@base@UModSys@@UAE_NPAHPBDPAD@Z 004014b7 f i umodsys_lib_basesys:umodsys.basesys.rconsole_std.obj
 0001:000004b7       ?bin_save@RLibraryBinCache@std@media@modules@UModSys@@UAE_NABU?$TString@U?$TSCoreConst@D@su@tl@UModSys@@U?$TComparerBinaryHash@D@234@@tl@5@ABUSCMem@core@5@ABUSFlags@libmedia@5@@Z 004014b7 f i umodsys_lib_libmedia:umodsys.mod.media.std.obj
 0001:000004b7       ?obj_load@RLibraryBinCache@std@media@modules@UModSys@@UAE_NABU?$TString@U?$TSCoreConst@D@su@tl@UModSys@@U?$TComparerBinaryHash@D@234@@tl@5@PAUIRefObject@core@5@ABUSObjOptions@ILibrary@libmedia@5@@Z 004014b7 f i umodsys_lib_libmedia:umodsys.mod.media.std.obj
 0001:000004b7       ?obj_get@RLibraryBinCache@std@media@modules@UModSys@@UAE_NABU?$TString@U?$TSCoreConst@D@su@tl@UModSys@@U?$TComparerBinaryHash@D@234@@tl@5@AAU?$TRefObject@UIRefObject@core@UModSys@@U?$TRefObjectFunc@UIRefObject@core@UModSys@@@tl@3@@75@ABUSObjOptions@ILibrary@libmedia@5@@Z 004014b7 f i umodsys_lib_libmedia:umodsys.mod.media.std.obj
 0001:000004b7       ?obj_load@RLibraryObjFilter@std@media@modules@UModSys@@UAE_NABU?$TString@U?$TSCoreConst@D@su@tl@UModSys@@U?$TComparerBinaryHash@D@234@@tl@5@PAUIRefObject@core@5@ABUSObjOptions@ILibrary@libmedia@5@@Z 004014b7 f i umodsys_lib_libmedia:umodsys.mod.media.std.obj
 0001:000004b7       ?obj_load@RLibraryBinTree@std@media@modules@UModSys@@UAE_NABU?$TString@U?$TSCoreConst@D@su@tl@UModSys@@U?$TComparerBinaryHash@D@234@@tl@5@PAUIRefObject@core@5@ABUSObjOptions@ILibrary@libmedia@5@@Z 004014b7 f i umodsys_lib_libmedia:umodsys.mod.media.std.obj
 0001:000004b7       ?bin_save@RLibraryObjCache@std@media@modules@UModSys@@UAE_NABU?$TString@U?$TSCoreConst@D@su@tl@UModSys@@U?$TComparerBinaryHash@D@234@@tl@5@ABUSCMem@core@5@ABUSFlags@libmedia@5@@Z 004014b7 f i umodsys_lib_libmedia:umodsys.mod.media.std.obj
 0001:000004b7       ?obj_load@RLibraryObjCache@std@media@modules@UModSys@@UAE_NABU?$TString@U?$TSCoreConst@D@su@tl@UModSys@@U?$TComparerBinaryHash@D@234@@tl@5@PAUIRefObject@core@5@ABUSObjOptions@ILibrary@libmedia@5@@Z 004014b7 f i umodsys_lib_libmedia:umodsys.mod.media.std.obj
 0001:000004b7       ?bin_info@RLibraryObjFilter@std@media@modules@UModSys@@UAE_NABU?$TString@U?$TSCoreConst@D@su@tl@UModSys@@U?$TComparerBinaryHash@D@234@@tl@5@AAUSFileInfo@libmedia@5@ABUSFlags@95@@Z 004014b7 f i umodsys_lib_libmedia:umodsys.mod.media.std.obj
 0001:000004b7       ?bin_get@RLibraryObjFilter@std@media@modules@UModSys@@UAE_NABU?$TString@U?$TSCoreConst@D@su@tl@UModSys@@U?$TComparerBinaryHash@D@234@@tl@5@AAUSCMemShared@core@5@_N@Z 004014b7 f i umodsys_lib_libmedia:umodsys.mod.media.std.obj
 0001:000004b7       ?bin_info@RLibraryBinTree@std@media@modules@UModSys@@UAE_NABU?$TString@U?$TSCoreConst@D@su@tl@UModSys@@U?$TComparerBinaryHash@D@234@@tl@5@AAU?$TIStackSocket@USFileInfo@libmedia@UModSys@@@75@ABUSFlags@libmedia@5@@Z 004014b7 f i umodsys_lib_libmedia:umodsys.mod.media.std.obj
 0001:000004b7       ?bin_info@RLibraryBinCache@std@media@modules@UModSys@@UAE_NABU?$TString@U?$TSCoreConst@D@su@tl@UModSys@@U?$TComparerBinaryHash@D@234@@tl@5@AAU?$TIStackSocket@USFileInfo@libmedia@UModSys@@@75@ABUSFlags@libmedia@5@@Z 004014b7 f i umodsys_lib_libmedia:umodsys.mod.media.std.obj
 0001:000004b7       ?bin_get@RLibraryBinTree@std@media@modules@UModSys@@UAE_NABU?$TString@U?$TSCoreConst@D@su@tl@UModSys@@U?$TComparerBinaryHash@D@234@@tl@5@AAUSCMemShared@core@5@_N@Z 004014b7 f i umodsys_lib_libmedia:umodsys.mod.media.std.obj
 0001:000004b7       ?bin_info@RLibraryObjFilter@std@media@modules@UModSys@@UAE_NABU?$TString@U?$TSCoreConst@D@su@tl@UModSys@@U?$TComparerBinaryHash@D@234@@tl@5@AAU?$TIStackSocket@USFileInfo@libmedia@UModSys@@@75@ABUSFlags@libmedia@5@@Z 004014b7 f i umodsys_lib_libmedia:umodsys.mod.media.std.obj
 0001:000004b7       ?obj_cget@RLibraryBinTree@std@media@modules@UModSys@@UAE_NABU?$TString@U?$TSCoreConst@D@su@tl@UModSys@@U?$TComparerBinaryHash@D@234@@tl@5@AAU?$TRefObject@UIRefObject@core@UModSys@@U?$TRefObjectFunc@UIRefObject@core@UModSys@@@tl@3@@75@_N@Z 004014b7 f i umodsys_lib_libmedia:umodsys.mod.media.std.obj
 0001:000004b7       ?bin_info@RLibraryBinTree@std@media@modules@UModSys@@UAE_NABU?$TString@U?$TSCoreConst@D@su@tl@UModSys@@U?$TComparerBinaryHash@D@234@@tl@5@AAUSFileInfo@libmedia@5@ABUSFlags@95@@Z 004014b7 f i umodsys_lib_libmedia:umodsys.mod.media.std.obj
 0001:000004b7       ?obj_save@RLibraryObjFilter@std@media@modules@UModSys@@UAE_NABU?$TString@U?$TSCoreConst@D@su@tl@UModSys@@U?$TComparerBinaryHash@D@234@@tl@5@PBUIRefObject@core@5@ABUSObjOptions@ILibrary@libmedia@5@@Z 004014b7 f i umodsys_lib_libmedia:umodsys.mod.media.std.obj
 0001:000004b7       ?obj_save@RLibraryBinCache@std@media@modules@UModSys@@UAE_NABU?$TString@U?$TSCoreConst@D@su@tl@UModSys@@U?$TComparerBinaryHash@D@234@@tl@5@PBUIRefObject@core@5@ABUSObjOptions@ILibrary@libmedia@5@@Z 004014b7 f i umodsys_lib_libmedia:umodsys.mod.media.std.obj
 0001:000004b7       ?bin_info@RLibraryObjCache@std@media@modules@UModSys@@UAE_NABU?$TString@U?$TSCoreConst@D@su@tl@UModSys@@U?$TComparerBinaryHash@D@234@@tl@5@AAUSFileInfo@libmedia@5@ABUSFlags@95@@Z 004014b7 f i umodsys_lib_libmedia:umodsys.mod.media.std.obj
 0001:000004b7       ?obj_cget@RLibraryObjFilter@std@media@modules@UModSys@@UAE_NABU?$TString@U?$TSCoreConst@D@su@tl@UModSys@@U?$TComparerBinaryHash@D@234@@tl@5@AAU?$TRefObject@UIRefObject@core@UModSys@@U?$TRefObjectFunc@UIRefObject@core@UModSys@@@tl@3@@75@_N@Z 004014b7 f i umodsys_lib_libmedia:umodsys.mod.media.std.obj
 0001:000004b7       ?obj_save@RLibraryObjCache@std@media@modules@UModSys@@UAE_NABU?$TString@U?$TSCoreConst@D@su@tl@UModSys@@U?$TComparerBinaryHash@D@234@@tl@5@PBUIRefObject@core@5@ABUSObjOptions@ILibrary@libmedia@5@@Z 004014b7 f i umodsys_lib_libmedia:umodsys.mod.media.std.obj
 0001:000004b7       ?obj_get@RLibraryObjFilter@std@media@modules@UModSys@@UAE_NABU?$TString@U?$TSCoreConst@D@su@tl@UModSys@@U?$TComparerBinaryHash@D@234@@tl@5@AAU?$TRefObject@UIRefObject@core@UModSys@@U?$TRefObjectFunc@UIRefObject@core@UModSys@@@tl@3@@75@ABUSObjOptions@ILibrary@libmedia@5@@Z 004014b7 f i umodsys_lib_libmedia:umodsys.mod.media.std.obj
 0001:000004b7       ?bin_info@RLibraryObjCache@std@media@modules@UModSys@@UAE_NABU?$TString@U?$TSCoreConst@D@su@tl@UModSys@@U?$TComparerBinaryHash@D@234@@tl@5@AAU?$TIStackSocket@USFileInfo@libmedia@UModSys@@@75@ABUSFlags@libmedia@5@@Z 004014b7 f i umodsys_lib_libmedia:umodsys.mod.media.std.obj
 0001:000004b7       ?obj_cget@RLibraryBinCache@std@media@modules@UModSys@@UAE_NABU?$TString@U?$TSCoreConst@D@su@tl@UModSys@@U?$TComparerBinaryHash@D@234@@tl@5@AAU?$TRefObject@UIRefObject@core@UModSys@@U?$TRefObjectFunc@UIRefObject@core@UModSys@@@tl@3@@75@_N@Z 004014b7 f i umodsys_lib_libmedia:umodsys.mod.media.std.obj
 0001:000004b7       ?bin_load@RLibraryObjFilter@std@media@modules@UModSys@@UAE_NABU?$TString@U?$TSCoreConst@D@su@tl@UModSys@@U?$TComparerBinaryHash@D@234@@tl@5@AAUSCMemShared@core@5@ABUSFlags@libmedia@5@@Z 004014b7 f i umodsys_lib_libmedia:umodsys.mod.media.std.obj
 0001:000004b7       ?obj_save@RLibraryBinTree@std@media@modules@UModSys@@UAE_NABU?$TString@U?$TSCoreConst@D@su@tl@UModSys@@U?$TComparerBinaryHash@D@234@@tl@5@PBUIRefObject@core@5@ABUSObjOptions@ILibrary@libmedia@5@@Z 004014b7 f i umodsys_lib_libmedia:umodsys.mod.media.std.obj
 0001:000004b7       ?bin_info@RLibraryBinCache@std@media@modules@UModSys@@UAE_NABU?$TString@U?$TSCoreConst@D@su@tl@UModSys@@U?$TComparerBinaryHash@D@234@@tl@5@AAUSFileInfo@libmedia@5@ABUSFlags@95@@Z 004014b7 f i umodsys_lib_libmedia:umodsys.mod.media.std.obj
 0001:000004b7       ?bin_save@RLibraryObjFilter@std@media@modules@UModSys@@UAE_NABU?$TString@U?$TSCoreConst@D@su@tl@UModSys@@U?$TComparerBinaryHash@D@234@@tl@5@ABUSCMem@core@5@ABUSFlags@libmedia@5@@Z 004014b7 f i umodsys_lib_libmedia:umodsys.mod.media.std.obj
 0001:000004bc       ?bincache_get@RLibraryBinCache@std@media@modules@UModSys@@UBE_NABU?$TString@U?$TSCoreConst@D@su@tl@UModSys@@U?$TComparerBinaryHash@D@234@@tl@5@PAUSCMemShared@core@5@PA_N@Z 004014bc f i umodsys_lib_libmedia:umodsys.mod.media.std.obj
 0001:00000527       ?bincache_add@RLibraryBinCache@std@media@modules@UModSys@@UAE_NABU?$TString@U?$TSCoreConst@D@su@tl@UModSys@@U?$TComparerBinaryHash@D@234@@tl@5@@Z 00401527 f i umodsys_lib_libmedia:umodsys.mod.media.std.obj
 0001:00000555       ?bincache_add@RLibraryBinCache@std@media@modules@UModSys@@UAE_NABU?$TString@U?$TSCoreConst@D@su@tl@UModSys@@U?$TComparerBinaryHash@D@234@@tl@5@ABUSCMemShared@core@5@@Z 00401555 f i umodsys_lib_libmedia:umodsys.mod.media.std.obj
 0001:00000567       ?bincache_remove@RLibraryBinCache@std@media@modules@UModSys@@UAE_NABU?$TString@U?$TSCoreConst@D@su@tl@UModSys@@U?$TComparerBinaryHash@D@234@@tl@5@@Z 00401567 f i umodsys_lib_libmedia:umodsys.mod.media.std.obj
 0001:0000059e       ?bincache_clear@RLibraryBinCache@std@media@modules@UModSys@@UAE_NXZ 0040159e f i umodsys_lib_libmedia:umodsys.mod.media.std.obj
 0001:000005bc       ?bincache_add@RLibraryBinCache@std@media@modules@UModSys@@QAE_NABU?$TString@U?$TSCoreConst@D@su@tl@UModSys@@U?$TComparerBinaryHash@D@234@@tl@5@ABUSCMemShared@core@5@_N@Z 004015bc f i umodsys_lib_libmedia:umodsys.mod.media.std.obj
 0001:0000067a       ??_GRLibraryBinCache@std@media@modules@UModSys@@UAEPAXI@Z 0040167a f i umodsys_lib_libmedia:umodsys.mod.media.std.obj
 0001:0000067a       ??_ERLibraryBinCache@std@media@modules@UModSys@@UAEPAXI@Z 0040167a f i  CIL library: CIL module
 0001:000006d7       ?root_get_interface_info@RLibraryBinTree@std@media@modules@UModSys@@UBEABUSUniquePointerInfo@core@5@XZ 004016d7 f i umodsys_lib_libmedia:umodsys.mod.media.std.obj
 0001:000006dd       ?root_get_interface_type@RLibraryBinTree@std@media@modules@UModSys@@UBEPBUSUniquePointerInfo@core@5@XZ 004016dd f i umodsys_lib_libmedia:umodsys.mod.media.std.obj
 0001:000006e3       ?root_get_other_interface@RLibraryBinTree@std@media@modules@UModSys@@UAEPAUIRoot@core@5@PBUSUniquePointerInfo@75@@Z 004016e3 f i umodsys_lib_libmedia:umodsys.mod.media.std.obj
 0001:000006e3       ?root_get_other_interface@RLibraryBinTree@std@media@modules@UModSys@@UBEPBUIRoot@core@5@PBUSUniquePointerInfo@75@@Z 004016e3 f i umodsys_lib_libmedia:umodsys.mod.media.std.obj
 0001:0000070c       ?root_is_interface_supported@RLibraryBinTree@std@media@modules@UModSys@@UBE_NPBUSUniquePointerInfo@core@5@@Z 0040170c f i umodsys_lib_libmedia:umodsys.mod.media.std.obj
 0001:00000733       ?ref_add@RLibraryBinTree@std@media@modules@UModSys@@UBEXXZ 00401733 f i umodsys_lib_libmedia:umodsys.mod.media.std.obj
 0001:00000733       ?ref_add@RLibraryLayered@std@media@modules@UModSys@@UBEXXZ 00401733 f i umodsys_lib_libmedia:umodsys.mod.media.std.obj
 0001:00000733       ?ref_add@RLibraryBinCache@std@media@modules@UModSys@@UBEXXZ 00401733 f i umodsys_lib_libmedia:umodsys.mod.media.std.obj
 0001:00000733       ?ref_add@RLibraryObjFilter@std@media@modules@UModSys@@UBEXXZ 00401733 f i umodsys_lib_libmedia:umodsys.mod.media.std.obj
 0001:00000733       ?ref_add@RDataArchiver_OsDir@stdio@media@modules@UModSys@@UBEXXZ 00401733 f i umodsys_lib_libmedia:umodsys.mod.media.stdio.obj
 0001:00000733       ?ref_add@RLibraryObjCache@std@media@modules@UModSys@@UBEXXZ 00401733 f i umodsys_lib_libmedia:umodsys.mod.media.std.obj
 0001:00000737       ??0RLibraryBinTree@std@media@modules@UModSys@@QAE@PAUIModObject@base@4@ABUSParameters@core@4@U?$TFlags4State@USMediaFlagUid@libmedia@UModSys@@I@tl@4@@Z 00401737 f i umodsys_lib_libmedia:umodsys.mod.media.std.obj
 0001:00000792       ?get_flag@RLibraryBinTree@std@media@modules@UModSys@@UBE?AW4eStates@?$TFlags4State@USMediaFlagUid@libmedia@UModSys@@I@tl@5@H@Z 00401792 f i umodsys_lib_libmedia:umodsys.mod.media.std.obj
 0001:00000792       ?get_flag@RLibraryBinCache@std@media@modules@UModSys@@UBE?AW4eStates@?$TFlags4State@USMediaFlagUid@libmedia@UModSys@@I@tl@5@H@Z 00401792 f i umodsys_lib_libmedia:umodsys.mod.media.std.obj
 0001:00000792       ?get_flag@RLibraryObjFilter@std@media@modules@UModSys@@UBE?AW4eStates@?$TFlags4State@USMediaFlagUid@libmedia@UModSys@@I@tl@5@H@Z 00401792 f i umodsys_lib_libmedia:umodsys.mod.media.std.obj
 0001:00000792       ?get_flag@RLibraryObjCache@std@media@modules@UModSys@@UBE?AW4eStates@?$TFlags4State@USMediaFlagUid@libmedia@UModSys@@I@tl@5@H@Z 00401792 f i umodsys_lib_libmedia:umodsys.mod.media.std.obj
 0001:000007a5       ?get_flags_auto@RLibraryBinTree@std@media@modules@UModSys@@UBE?AU?$TFlags4State@USMediaFlagUid@libmedia@UModSys@@I@tl@5@XZ 004017a5 f i umodsys_lib_libmedia:umodsys.mod.media.std.obj
 0001:000007b4       ?set_flag@RLibraryObjCache@std@media@modules@UModSys@@UAE?AW4eStates@?$TFlags4State@USMediaFlagUid@libmedia@UModSys@@I@tl@5@HW46785@@Z 004017b4 f i umodsys_lib_libmedia:umodsys.mod.media.std.obj
 0001:000007b4       ?set_flag@RLibraryBinTree@std@media@modules@UModSys@@UAE?AW4eStates@?$TFlags4State@USMediaFlagUid@libmedia@UModSys@@I@tl@5@HW46785@@Z 004017b4 f i umodsys_lib_libmedia:umodsys.mod.media.std.obj
 0001:000007b4       ?set_flag@RLibraryObjFilter@std@media@modules@UModSys@@UAE?AW4eStates@?$TFlags4State@USMediaFlagUid@libmedia@UModSys@@I@tl@5@HW46785@@Z 004017b4 f i umodsys_lib_libmedia:umodsys.mod.media.std.obj
 0001:000007b4       ?set_flag@RLibraryBinCache@std@media@modules@UModSys@@UAE?AW4eStates@?$TFlags4State@USMediaFlagUid@libmedia@UModSys@@I@tl@5@HW46785@@Z 004017b4 f i umodsys_lib_libmedia:umodsys.mod.media.std.obj
 0001:000007e1       ?bin_reader@RLibraryBinTree@std@media@modules@UModSys@@UAE?AU?$TRefObject@UIStreamReader@libmedia@UModSys@@U?$TRefObjectFunc@UIStreamReader@libmedia@UModSys@@@tl@3@@tl@5@ABU?$TString@U?$TSCoreConst@D@su@tl@UModSys@@U?$TComparerBinaryHash@D@234@@75@ABUSFlags@libmedia@5@@Z 004017e1 f i umodsys_lib_libmedia:umodsys.mod.media.std.obj
 0001:000008d2       ?bin_writer@RLibraryBinTree@std@media@modules@UModSys@@UAE?AU?$TRefObject@UIStreamWriter@libmedia@UModSys@@U?$TRefObjectFunc@UIStreamWriter@libmedia@UModSys@@@tl@3@@tl@5@ABU?$TString@U?$TSCoreConst@D@su@tl@UModSys@@U?$TComparerBinaryHash@D@234@@75@ABUSFlags@libmedia@5@@Z 004018d2 f i umodsys_lib_libmedia:umodsys.mod.media.std.obj
 0001:000009c3       ?bin_load@RLibraryBinTree@std@media@modules@UModSys@@UAE_NABU?$TString@U?$TSCoreConst@D@su@tl@UModSys@@U?$TComparerBinaryHash@D@234@@tl@5@AAUSCMemShared@core@5@ABUSFlags@libmedia@5@@Z 004019c3 f i umodsys_lib_libmedia:umodsys.mod.media.std.obj
 0001:00000a73       ?bin_save@RLibraryBinTree@std@media@modules@UModSys@@UAE_NABU?$TString@U?$TSCoreConst@D@su@tl@UModSys@@U?$TComparerBinaryHash@D@234@@tl@5@ABUSCMem@core@5@ABUSFlags@libmedia@5@@Z 00401a73 f i umodsys_lib_libmedia:umodsys.mod.media.std.obj
 0001:00000b19       ?mount_get@RLibraryBinTree@std@media@modules@UModSys@@UBE?AUSPoint@ILibraryBinTree@libmedia@5@ABUSId@785@@Z 00401b19 f i umodsys_lib_libmedia:umodsys.mod.media.std.obj
 0001:00000b68       ?mount_add@RLibraryBinTree@std@media@modules@UModSys@@UAE_NABUSId@ILibraryBinTree@libmedia@5@ABUSPoint@785@@Z 00401b68 f i umodsys_lib_libmedia:umodsys.mod.media.std.obj
 0001:00000c40       ?mount_remove@RLibraryBinTree@std@media@modules@UModSys@@UAE_NABUSId@ILibraryBinTree@libmedia@5@@Z 00401c40 f i umodsys_lib_libmedia:umodsys.mod.media.std.obj
 0001:00000c77       ?mount_clear@RLibraryBinTree@std@media@modules@UModSys@@UAE_NXZ 00401c77 f i umodsys_lib_libmedia:umodsys.mod.media.std.obj
 0001:00000c95       ??_ERLibraryBinTree@std@media@modules@UModSys@@UAEPAXI@Z 00401c95 f i  CIL library: CIL module
 0001:00000c95       ??_GRLibraryBinTree@std@media@modules@UModSys@@UAEPAXI@Z 00401c95 f i umodsys_lib_libmedia:umodsys.mod.media.std.obj
 0001:00000cf2       ?root_get_interface_info@RLibraryLayered@std@media@modules@UModSys@@UBEABUSUniquePointerInfo@core@5@XZ 00401cf2 f i umodsys_lib_libmedia:umodsys.mod.media.std.obj
 0001:00000cf8       ?root_get_interface_type@RLibraryLayered@std@media@modules@UModSys@@UBEPBUSUniquePointerInfo@core@5@XZ 00401cf8 f i umodsys_lib_libmedia:umodsys.mod.media.std.obj
 0001:00000cfe       ?root_get_other_interface@RLibraryLayered@std@media@modules@UModSys@@UAEPAUIRoot@core@5@PBUSUniquePointerInfo@75@@Z 00401cfe f i umodsys_lib_libmedia:umodsys.mod.media.std.obj
 0001:00000cfe       ?root_get_other_interface@RLibraryLayered@std@media@modules@UModSys@@UBEPBUIRoot@core@5@PBUSUniquePointerInfo@75@@Z 00401cfe f i umodsys_lib_libmedia:umodsys.mod.media.std.obj
 0001:00000d27       ?root_is_interface_supported@RLibraryLayered@std@media@modules@UModSys@@UBE_NPBUSUniquePointerInfo@core@5@@Z 00401d27 f i umodsys_lib_libmedia:umodsys.mod.media.std.obj
 0001:00000d4e       ?ref_links@RDataArchiver_OsDir@stdio@media@modules@UModSys@@UBEHXZ 00401d4e f i umodsys_lib_libmedia:umodsys.mod.media.stdio.obj
 0001:00000d4e       ?ref_links@RLibraryObjCache@std@media@modules@UModSys@@UBEHXZ 00401d4e f i umodsys_lib_libmedia:umodsys.mod.media.std.obj
 0001:00000d4e       ?ref_links@RLibraryLayered@std@media@modules@UModSys@@UBEHXZ 00401d4e f i umodsys_lib_libmedia:umodsys.mod.media.std.obj
 0001:00000d4e       ?ref_links@RLibraryBinTree@std@media@modules@UModSys@@UBEHXZ 00401d4e f i umodsys_lib_libmedia:umodsys.mod.media.std.obj
 0001:00000d4e       ?ref_links@RLibraryObjFilter@std@media@modules@UModSys@@UBEHXZ 00401d4e f i umodsys_lib_libmedia:umodsys.mod.media.std.obj
 0001:00000d4e       ?ref_links@RLibraryBinCache@std@media@modules@UModSys@@UBEHXZ 00401d4e f i umodsys_lib_libmedia:umodsys.mod.media.std.obj
 0001:00000d52       ??4SLayerX@RLibraryLayered@std@media@modules@UModSys@@QAEXABUSLayer@ILibraryLayered@libmedia@5@@Z 00401d52 f i umodsys_lib_libmedia:umodsys.mod.media.std.obj
 0001:00000db2       ??0RLibraryLayered@std@media@modules@UModSys@@QAE@PAUIModObject@base@4@ABUSParameters@core@4@U?$TFlags4State@USMediaFlagUid@libmedia@UModSys@@I@tl@4@@Z 00401db2 f i umodsys_lib_libmedia:umodsys.mod.media.std.obj
 0001:00000e1e       ?get_flag@RLibraryLayered@std@media@modules@UModSys@@UBE?AW4eStates@?$TFlags4State@USMediaFlagUid@libmedia@UModSys@@I@tl@5@H@Z 00401e1e f i umodsys_lib_libmedia:umodsys.mod.media.std.obj
 0001:00000e31       ?get_flags_auto@RLibraryLayered@std@media@modules@UModSys@@UBE?AU?$TFlags4State@USMediaFlagUid@libmedia@UModSys@@I@tl@5@XZ 00401e31 f i umodsys_lib_libmedia:umodsys.mod.media.std.obj
 0001:00000e40       ?set_flag@RLibraryLayered@std@media@modules@UModSys@@UAE?AW4eStates@?$TFlags4State@USMediaFlagUid@libmedia@UModSys@@I@tl@5@HW46785@@Z 00401e40 f i umodsys_lib_libmedia:umodsys.mod.media.std.obj
 0001:00000e6d       ?bin_reader@RLibraryLayered@std@media@modules@UModSys@@UAE?AU?$TRefObject@UIStreamReader@libmedia@UModSys@@U?$TRefObjectFunc@UIStreamReader@libmedia@UModSys@@@tl@3@@tl@5@ABU?$TString@U?$TSCoreConst@D@su@tl@UModSys@@U?$TComparerBinaryHash@D@234@@75@ABUSFlags@libmedia@5@@Z 00401e6d f i umodsys_lib_libmedia:umodsys.mod.media.std.obj
 0001:00000f1e       ?bin_writer@RLibraryLayered@std@media@modules@UModSys@@UAE?AU?$TRefObject@UIStreamWriter@libmedia@UModSys@@U?$TRefObjectFunc@UIStreamWriter@libmedia@UModSys@@@tl@3@@tl@5@ABU?$TString@U?$TSCoreConst@D@su@tl@UModSys@@U?$TComparerBinaryHash@D@234@@75@ABUSFlags@libmedia@5@@Z 00401f1e f i umodsys_lib_libmedia:umodsys.mod.media.std.obj
 0001:00000fcf       ?bin_load@RLibraryLayered@std@media@modules@UModSys@@UAE_NABU?$TString@U?$TSCoreConst@D@su@tl@UModSys@@U?$TComparerBinaryHash@D@234@@tl@5@AAUSCMemShared@core@5@ABUSFlags@libmedia@5@@Z 00401fcf f i umodsys_lib_libmedia:umodsys.mod.media.std.obj
 0001:000010da       ?bin_save@RLibraryLayered@std@media@modules@UModSys@@UAE_NABU?$TString@U?$TSCoreConst@D@su@tl@UModSys@@U?$TComparerBinaryHash@D@234@@tl@5@ABUSCMem@core@5@ABUSFlags@libmedia@5@@Z 004020da f i umodsys_lib_libmedia:umodsys.mod.media.std.obj
 0001:000011f9       ?bin_info@RLibraryLayered@std@media@modules@UModSys@@UAE_NABU?$TString@U?$TSCoreConst@D@su@tl@UModSys@@U?$TComparerBinaryHash@D@234@@tl@5@AAUSFileInfo@libmedia@5@ABUSFlags@95@@Z 004021f9 f i umodsys_lib_libmedia:umodsys.mod.media.std.obj
 0001:00001269       ?bin_info@RLibraryLayered@std@media@modules@UModSys@@UAE_NABU?$TString@U?$TSCoreConst@D@su@tl@UModSys@@U?$TComparerBinaryHash@D@234@@tl@5@AAU?$TIStackSocket@USFileInfo@libmedia@UModSys@@@75@ABUSFlags@libmedia@5@@Z 00402269 f i umodsys_lib_libmedia:umodsys.mod.media.std.obj
 0001:000012df       ?bin_get@RLibraryLayered@std@media@modules@UModSys@@UAE_NABU?$TString@U?$TSCoreConst@D@su@tl@UModSys@@U?$TComparerBinaryHash@D@234@@tl@5@AAUSCMemShared@core@5@_N@Z 004022df f i umodsys_lib_libmedia:umodsys.mod.media.std.obj
 0001:00001321       ?bin_put@RLibraryLayered@std@media@modules@UModSys@@UAE_NABU?$TString@U?$TSCoreConst@D@su@tl@UModSys@@U?$TComparerBinaryHash@D@234@@tl@5@PBUSCMemShared@core@5@@Z 00402321 f i umodsys_lib_libmedia:umodsys.mod.media.std.obj
 0001:0000135f       ?obj_fget@RLibraryLayered@std@media@modules@UModSys@@UAE_NABUSInfo@IBinObjFilter@libmedia@5@AAU?$TRefObject@UIRefObject@core@UModSys@@U?$TRefObjectFunc@UIRefObject@core@UModSys@@@tl@3@@tl@5@@Z 0040235f f i umodsys_lib_libmedia:umodsys.mod.media.std.obj
 0001:0000139d       ?obj_fload@RLibraryLayered@std@media@modules@UModSys@@UAE_NABUSInfo@IBinObjFilter@libmedia@5@PAUIRefObject@core@5@@Z 0040239d f i umodsys_lib_libmedia:umodsys.mod.media.std.obj
 0001:000013db       ?obj_fsave@RLibraryLayered@std@media@modules@UModSys@@UAE_NAAUSInfo@IBinObjFilter@libmedia@5@PBUIRefObject@core@5@@Z 004023db f i umodsys_lib_libmedia:umodsys.mod.media.std.obj
 0001:00001419       ?obj_cget@RLibraryLayered@std@media@modules@UModSys@@UAE_NABU?$TString@U?$TSCoreConst@D@su@tl@UModSys@@U?$TComparerBinaryHash@D@234@@tl@5@AAU?$TRefObject@UIRefObject@core@UModSys@@U?$TRefObjectFunc@UIRefObject@core@UModSys@@@tl@3@@75@_N@Z 00402419 f i umodsys_lib_libmedia:umodsys.mod.media.std.obj
 0001:0000145b       ?obj_cput@RLibraryLayered@std@media@modules@UModSys@@UAE_NABU?$TString@U?$TSCoreConst@D@su@tl@UModSys@@U?$TComparerBinaryHash@D@234@@tl@5@PAUIRefObject@core@5@@Z 0040245b f i umodsys_lib_libmedia:umodsys.mod.media.std.obj
 0001:00001499       ?obj_get@RLibraryLayered@std@media@modules@UModSys@@UAE_NABU?$TString@U?$TSCoreConst@D@su@tl@UModSys@@U?$TComparerBinaryHash@D@234@@tl@5@AAU?$TRefObject@UIRefObject@core@UModSys@@U?$TRefObjectFunc@UIRefObject@core@UModSys@@@tl@3@@75@ABUSObjOptions@ILibrary@libmedia@5@@Z 00402499 f i umodsys_lib_libmedia:umodsys.mod.media.std.obj
 0001:00001627       ?obj_load@RLibraryLayered@std@media@modules@UModSys@@UAE_NABU?$TString@U?$TSCoreConst@D@su@tl@UModSys@@U?$TComparerBinaryHash@D@234@@tl@5@PAUIRefObject@core@5@ABUSObjOptions@ILibrary@libmedia@5@@Z 00402627 f i umodsys_lib_libmedia:umodsys.mod.media.std.obj
 0001:00001728       ?obj_save@RLibraryLayered@std@media@modules@UModSys@@UAE_NABU?$TString@U?$TSCoreConst@D@su@tl@UModSys@@U?$TComparerBinaryHash@D@234@@tl@5@PBUIRefObject@core@5@ABUSObjOptions@ILibrary@libmedia@5@@Z 00402728 f i umodsys_lib_libmedia:umodsys.mod.media.std.obj
 0001:0000184e       ?layer_count@RLibraryLayered@std@media@modules@UModSys@@UBEIABUSLayer@ILibraryLayered@libmedia@5@@Z 0040284e f i umodsys_lib_libmedia:umodsys.mod.media.std.obj
 0001:00001854       ?layer_get@RLibraryLayered@std@media@modules@UModSys@@UBE?AUSLayer@ILibraryLayered@libmedia@5@I@Z 00402854 f i umodsys_lib_libmedia:umodsys.mod.media.std.obj
 0001:00001877       ?layer_find@RLibraryLayered@std@media@modules@UModSys@@UBEIABU?$TString@U?$TSCoreConst@D@su@tl@UModSys@@U?$TComparerBinaryHash@D@234@@tl@5@I@Z 00402877 f i umodsys_lib_libmedia:umodsys.mod.media.std.obj
 0001:000018bf       ?layer_insert@RLibraryLayered@std@media@modules@UModSys@@UAE_NABUSLayer@ILibraryLayered@libmedia@5@I@Z 004028bf f i umodsys_lib_libmedia:umodsys.mod.media.std.obj
 0001:00001937       ?layer_remove@RLibraryLayered@std@media@modules@UModSys@@UAE_NI@Z 00402937 f i umodsys_lib_libmedia:umodsys.mod.media.std.obj
 0001:00001981       ?layer_clear@RLibraryLayered@std@media@modules@UModSys@@UAE_NXZ 00402981 f i umodsys_lib_libmedia:umodsys.mod.media.std.obj
 0001:0000198b       ??_GRLibraryLayered@std@media@modules@UModSys@@UAEPAXI@Z 0040298b f i umodsys_lib_libmedia:umodsys.mod.media.std.obj
 0001:0000198b       ??_ERLibraryLayered@std@media@modules@UModSys@@UAEPAXI@Z 0040298b f i  CIL library: CIL module
 0001:000019bf       ??0SLayer@ILibraryLayered@libmedia@UModSys@@QAE@ABU0123@@Z 004029bf f i umodsys_lib_libmedia:umodsys.mod.media.std.obj
 0001:000019eb       ?root_get_interface_info@RLibraryObjCache@std@media@modules@UModSys@@UBEABUSUniquePointerInfo@core@5@XZ 004029eb f i umodsys_lib_libmedia:umodsys.mod.media.std.obj
 0001:000019f1       ?root_get_interface_type@RLibraryObjCache@std@media@modules@UModSys@@UBEPBUSUniquePointerInfo@core@5@XZ 004029f1 f i umodsys_lib_libmedia:umodsys.mod.media.std.obj
 0001:000019f7       ?root_get_other_interface@RLibraryObjCache@std@media@modules@UModSys@@UAEPAUIRoot@core@5@PBUSUniquePointerInfo@75@@Z 004029f7 f i umodsys_lib_libmedia:umodsys.mod.media.std.obj
 0001:000019f7       ?root_get_other_interface@RLibraryObjCache@std@media@modules@UModSys@@UBEPBUIRoot@core@5@PBUSUniquePointerInfo@75@@Z 004029f7 f i umodsys_lib_libmedia:umodsys.mod.media.std.obj
 0001:00001a20       ?root_is_interface_supported@RLibraryObjCache@std@media@modules@UModSys@@UBE_NPBUSUniquePointerInfo@core@5@@Z 00402a20 f i umodsys_lib_libmedia:umodsys.mod.media.std.obj
 0001:00001a47       ?ref_weak@RLibraryBinCache@std@media@modules@UModSys@@UBE_NAAUWeakPointer@IRefObject@core@5@@Z 00402a47 f i umodsys_lib_libmedia:umodsys.mod.media.std.obj
 0001:00001a47       ?ref_weak@RDataArchiver_OsDir@stdio@media@modules@UModSys@@UBE_NAAUWeakPointer@IRefObject@core@5@@Z 00402a47 f i umodsys_lib_libmedia:umodsys.mod.media.stdio.obj
 0001:00001a47       ?ref_weak@RLibraryObjCache@std@media@modules@UModSys@@UBE_NAAUWeakPointer@IRefObject@core@5@@Z 00402a47 f i umodsys_lib_libmedia:umodsys.mod.media.std.obj
 0001:00001a47       ?ref_weak@RLibraryObjFilter@std@media@modules@UModSys@@UBE_NAAUWeakPointer@IRefObject@core@5@@Z 00402a47 f i umodsys_lib_libmedia:umodsys.mod.media.std.obj
 0001:00001a47       ?ref_weak@RLibraryBinTree@std@media@modules@UModSys@@UBE_NAAUWeakPointer@IRefObject@core@5@@Z 00402a47 f i umodsys_lib_libmedia:umodsys.mod.media.std.obj
 0001:00001a47       ?ref_weak@RLibraryLayered@std@media@modules@UModSys@@UBE_NAAUWeakPointer@IRefObject@core@5@@Z 00402a47 f i umodsys_lib_libmedia:umodsys.mod.media.std.obj
 0001:00001a66       ??0RLibraryObjCache@std@media@modules@UModSys@@QAE@PAUIModObject@base@4@ABUSParameters@core@4@U?$TFlags4State@USMediaFlagUid@libmedia@UModSys@@I@tl@4@@Z 00402a66 f i umodsys_lib_libmedia:umodsys.mod.media.std.obj
 0001:00001ac1       ?get_flags_auto@RLibraryObjCache@std@media@modules@UModSys@@UBE?AU?$TFlags4State@USMediaFlagUid@libmedia@UModSys@@I@tl@5@XZ 00402ac1 f i umodsys_lib_libmedia:umodsys.mod.media.std.obj
 0001:00001ad0       ?bin_reader@RLibraryObjCache@std@media@modules@UModSys@@UAE?AU?$TRefObject@UIStreamReader@libmedia@UModSys@@U?$TRefObjectFunc@UIStreamReader@libmedia@UModSys@@@tl@3@@tl@5@ABU?$TString@U?$TSCoreConst@D@su@tl@UModSys@@U?$TComparerBinaryHash@D@234@@75@ABUSFlags@libmedia@5@@Z 00402ad0 f i umodsys_lib_libmedia:umodsys.mod.media.std.obj
 0001:00001ad0       ?bin_writer@RLibraryObjFilter@std@media@modules@UModSys@@UAE?AU?$TRefObject@UIStreamWriter@libmedia@UModSys@@U?$TRefObjectFunc@UIStreamWriter@libmedia@UModSys@@@tl@3@@tl@5@ABU?$TString@U?$TSCoreConst@D@su@tl@UModSys@@U?$TComparerBinaryHash@D@234@@75@ABUSFlags@libmedia@5@@Z 00402ad0 f i umodsys_lib_libmedia:umodsys.mod.media.std.obj
 0001:00001ad0       ?bin_reader@RLibraryObjFilter@std@media@modules@UModSys@@UAE?AU?$TRefObject@UIStreamReader@libmedia@UModSys@@U?$TRefObjectFunc@UIStreamReader@libmedia@UModSys@@@tl@3@@tl@5@ABU?$TString@U?$TSCoreConst@D@su@tl@UModSys@@U?$TComparerBinaryHash@D@234@@75@ABUSFlags@libmedia@5@@Z 00402ad0 f i umodsys_lib_libmedia:umodsys.mod.media.std.obj
 0001:00001ad0       ?bin_writer@RLibraryBinCache@std@media@modules@UModSys@@UAE?AU?$TRefObject@UIStreamWriter@libmedia@UModSys@@U?$TRefObjectFunc@UIStreamWriter@libmedia@UModSys@@@tl@3@@tl@5@ABU?$TString@U?$TSCoreConst@D@su@tl@UModSys@@U?$TComparerBinaryHash@D@234@@75@ABUSFlags@libmedia@5@@Z 00402ad0 f i umodsys_lib_libmedia:umodsys.mod.media.std.obj
 0001:00001ad0       ?bin_reader@RLibraryBinCache@std@media@modules@UModSys@@UAE?AU?$TRefObject@UIStreamReader@libmedia@UModSys@@U?$TRefObjectFunc@UIStreamReader@libmedia@UModSys@@@tl@3@@tl@5@ABU?$TString@U?$TSCoreConst@D@su@tl@UModSys@@U?$TComparerBinaryHash@D@234@@75@ABUSFlags@libmedia@5@@Z 00402ad0 f i umodsys_lib_libmedia:umodsys.mod.media.std.obj
 0001:00001ad0       ?bin_writer@RLibraryObjCache@std@media@modules@UModSys@@UAE?AU?$TRefObject@UIStreamWriter@libmedia@UModSys@@U?$TRefObjectFunc@UIStreamWriter@libmedia@UModSys@@@tl@3@@tl@5@ABU?$TString@U?$TSCoreConst@D@su@tl@UModSys@@U?$TComparerBinaryHash@D@234@@75@ABUSFlags@libmedia@5@@Z 00402ad0 f i umodsys_lib_libmedia:umodsys.mod.media.std.obj
 0001:00001ae2       ?obj_fsave@RLibraryBinTree@std@media@modules@UModSys@@UAE_NAAUSInfo@IBinObjFilter@libmedia@5@PBUIRefObject@core@5@@Z 00402ae2 f i umodsys_lib_libmedia:umodsys.mod.media.std.obj
 0001:00001ae2       ?obj_fload@RLibraryObjCache@std@media@modules@UModSys@@UAE_NABUSInfo@IBinObjFilter@libmedia@5@PAUIRefObject@core@5@@Z 00402ae2 f i umodsys_lib_libmedia:umodsys.mod.media.std.obj
 0001:00001ae2       ?obj_fsave@RLibraryObjCache@std@media@modules@UModSys@@UAE_NAAUSInfo@IBinObjFilter@libmedia@5@PBUIRefObject@core@5@@Z 00402ae2 f i umodsys_lib_libmedia:umodsys.mod.media.std.obj
 0001:00001ae2       ?obj_fget@RLibraryBinCache@std@media@modules@UModSys@@UAE_NABUSInfo@IBinObjFilter@libmedia@5@AAU?$TRefObject@UIRefObject@core@UModSys@@U?$TRefObjectFunc@UIRefObject@core@UModSys@@@tl@3@@tl@5@@Z 00402ae2 f i umodsys_lib_libmedia:umodsys.mod.media.std.obj
 0001:00001ae2       ?bin_put@RLibraryObjFilter@std@media@modules@UModSys@@UAE_NABU?$TString@U?$TSCoreConst@D@su@tl@UModSys@@U?$TComparerBinaryHash@D@234@@tl@5@PBUSCMemShared@core@5@@Z 00402ae2 f i umodsys_lib_libmedia:umodsys.mod.media.std.obj
 0001:00001ae2       ?obj_fload@RLibraryBinTree@std@media@modules@UModSys@@UAE_NABUSInfo@IBinObjFilter@libmedia@5@PAUIRefObject@core@5@@Z 00402ae2 f i umodsys_lib_libmedia:umodsys.mod.media.std.obj
 0001:00001ae2       ?bin_put@RLibraryObjCache@std@media@modules@UModSys@@UAE_NABU?$TString@U?$TSCoreConst@D@su@tl@UModSys@@U?$TComparerBinaryHash@D@234@@tl@5@PBUSCMemShared@core@5@@Z 00402ae2 f i umodsys_lib_libmedia:umodsys.mod.media.std.obj
 0001:00001ae2       ?obj_fsave@RLibraryBinCache@std@media@modules@UModSys@@UAE_NAAUSInfo@IBinObjFilter@libmedia@5@PBUIRefObject@core@5@@Z 00402ae2 f i umodsys_lib_libmedia:umodsys.mod.media.std.obj
 0001:00001ae2       ?bin_put@RLibraryBinTree@std@media@modules@UModSys@@UAE_NABU?$TString@U?$TSCoreConst@D@su@tl@UModSys@@U?$TComparerBinaryHash@D@234@@tl@5@PBUSCMemShared@core@5@@Z 00402ae2 f i umodsys_lib_libmedia:umodsys.mod.media.std.obj
 0001:00001ae2       ?obj_cput@RLibraryBinTree@std@media@modules@UModSys@@UAE_NABU?$TString@U?$TSCoreConst@D@su@tl@UModSys@@U?$TComparerBinaryHash@D@234@@tl@5@PAUIRefObject@core@5@@Z 00402ae2 f i umodsys_lib_libmedia:umodsys.mod.media.std.obj
 0001:00001ae2       ?obj_fget@RLibraryBinTree@std@media@modules@UModSys@@UAE_NABUSInfo@IBinObjFilter@libmedia@5@AAU?$TRefObject@UIRefObject@core@UModSys@@U?$TRefObjectFunc@UIRefObject@core@UModSys@@@tl@3@@tl@5@@Z 00402ae2 f i umodsys_lib_libmedia:umodsys.mod.media.std.obj
 0001:00001ae2       ?obj_fload@RLibraryBinCache@std@media@modules@UModSys@@UAE_NABUSInfo@IBinObjFilter@libmedia@5@PAUIRefObject@core@5@@Z 00402ae2 f i umodsys_lib_libmedia:umodsys.mod.media.std.obj
 0001:00001ae2       ?obj_cput@RLibraryBinCache@std@media@modules@UModSys@@UAE_NABU?$TString@U?$TSCoreConst@D@su@tl@UModSys@@U?$TComparerBinaryHash@D@234@@tl@5@PAUIRefObject@core@5@@Z 00402ae2 f i umodsys_lib_libmedia:umodsys.mod.media.std.obj
 0001:00001ae2       ?obj_cput@RLibraryObjFilter@std@media@modules@UModSys@@UAE_NABU?$TString@U?$TSCoreConst@D@su@tl@UModSys@@U?$TComparerBinaryHash@D@234@@tl@5@PAUIRefObject@core@5@@Z 00402ae2 f i umodsys_lib_libmedia:umodsys.mod.media.std.obj
 0001:00001ae2       ?obj_fget@RLibraryObjCache@std@media@modules@UModSys@@UAE_NABUSInfo@IBinObjFilter@libmedia@5@AAU?$TRefObject@UIRefObject@core@UModSys@@U?$TRefObjectFunc@UIRefObject@core@UModSys@@@tl@3@@tl@5@@Z 00402ae2 f i umodsys_lib_libmedia:umodsys.mod.media.std.obj
 0001:00001ae7       ?obj_cput@RLibraryObjCache@std@media@modules@UModSys@@UAE_NABU?$TString@U?$TSCoreConst@D@su@tl@UModSys@@U?$TComparerBinaryHash@D@234@@tl@5@PAUIRefObject@core@5@@Z 00402ae7 f i umodsys_lib_libmedia:umodsys.mod.media.std.obj
 0001:00001aec       ?obj_get@RLibraryObjCache@std@media@modules@UModSys@@UAE_NABU?$TString@U?$TSCoreConst@D@su@tl@UModSys@@U?$TComparerBinaryHash@D@234@@tl@5@AAU?$TRefObject@UIRefObject@core@UModSys@@U?$TRefObjectFunc@UIRefObject@core@UModSys@@@tl@3@@75@ABUSObjOptions@ILibrary@libmedia@5@@Z 00402aec f i umodsys_lib_libmedia:umodsys.mod.media.std.obj
 0001:00001b72       ?objcache_get@RLibraryObjCache@std@media@modules@UModSys@@UBE_NABU?$TString@U?$TSCoreConst@D@su@tl@UModSys@@U?$TComparerBinaryHash@D@234@@tl@5@PAU?$TRefObject@UIRefObject@core@UModSys@@U?$TRefObjectFunc@UIRefObject@core@UModSys@@@tl@3@@75@PA_N@Z 00402b72 f i umodsys_lib_libmedia:umodsys.mod.media.std.obj
 0001:00001bde       ?objcache_add@RLibraryObjCache@std@media@modules@UModSys@@UAE_NABU?$TString@U?$TSCoreConst@D@su@tl@UModSys@@U?$TComparerBinaryHash@D@234@@tl@5@PAUIRefObject@core@5@@Z 00402bde f i umodsys_lib_libmedia:umodsys.mod.media.std.obj
 0001:00001c8a       ?objcache_remove@RLibraryObjCache@std@media@modules@UModSys@@UAE_NABU?$TString@U?$TSCoreConst@D@su@tl@UModSys@@U?$TComparerBinaryHash@D@234@@tl@5@@Z 00402c8a f i umodsys_lib_libmedia:umodsys.mod.media.std.obj
 0001:00001cc1       ?objcache_clear@RLibraryObjCache@std@media@modules@UModSys@@UAE_NXZ 00402cc1 f i umodsys_lib_libmedia:umodsys.mod.media.std.obj
 0001:00001cdf       ??_ERLibraryObjCache@std@media@modules@UModSys@@UAEPAXI@Z 00402cdf f i  CIL library: CIL module
 0001:00001cdf       ??_GRLibraryObjCache@std@media@modules@UModSys@@UAEPAXI@Z 00402cdf f i umodsys_lib_libmedia:umodsys.mod.media.std.obj
 0001:00001d3c       ?root_get_interface_info@RLibraryObjFilter@std@media@modules@UModSys@@UBEABUSUniquePointerInfo@core@5@XZ 00402d3c f i umodsys_lib_libmedia:umodsys.mod.media.std.obj
 0001:00001d42       ?root_get_interface_type@RLibraryObjFilter@std@media@modules@UModSys@@UBEPBUSUniquePointerInfo@core@5@XZ 00402d42 f i umodsys_lib_libmedia:umodsys.mod.media.std.obj
 0001:00001d48       ?root_get_other_interface@RLibraryObjFilter@std@media@modules@UModSys@@UAEPAUIRoot@core@5@PBUSUniquePointerInfo@75@@Z 00402d48 f i umodsys_lib_libmedia:umodsys.mod.media.std.obj
 0001:00001d48       ?root_get_other_interface@RLibraryObjFilter@std@media@modules@UModSys@@UBEPBUIRoot@core@5@PBUSUniquePointerInfo@75@@Z 00402d48 f i umodsys_lib_libmedia:umodsys.mod.media.std.obj
 0001:00001d71       ?root_is_interface_supported@RLibraryObjFilter@std@media@modules@UModSys@@UBE_NPBUSUniquePointerInfo@core@5@@Z 00402d71 f i umodsys_lib_libmedia:umodsys.mod.media.std.obj
 0001:00001d98       ?ref_remove@RDataArchiver_OsDir@stdio@media@modules@UModSys@@UBEXXZ 00402d98 f i umodsys_lib_libmedia:umodsys.mod.media.stdio.obj
 0001:00001d98       ?ref_remove@RLibraryBinTree@std@media@modules@UModSys@@UBEXXZ 00402d98 f i umodsys_lib_libmedia:umodsys.mod.media.std.obj
 0001:00001d98       ?ref_remove@RLibraryObjFilter@std@media@modules@UModSys@@UBEXXZ 00402d98 f i umodsys_lib_libmedia:umodsys.mod.media.std.obj
 0001:00001d98       ?ref_remove@RLibraryBinCache@std@media@modules@UModSys@@UBEXXZ 00402d98 f i umodsys_lib_libmedia:umodsys.mod.media.std.obj
 0001:00001d98       ?ref_remove@RLibraryObjCache@std@media@modules@UModSys@@UBEXXZ 00402d98 f i umodsys_lib_libmedia:umodsys.mod.media.std.obj
 0001:00001d98       ?ref_remove@RLibraryLayered@std@media@modules@UModSys@@UBEXXZ 00402d98 f i umodsys_lib_libmedia:umodsys.mod.media.std.obj
 0001:00001da3       ?suicide@RLibraryObjFilter@std@media@modules@UModSys@@UAEXXZ 00402da3 f i umodsys_lib_libmedia:umodsys.mod.media.std.obj
 0001:00001da3       ?suicide@RLibraryBinTree@std@media@modules@UModSys@@UAEXXZ 00402da3 f i umodsys_lib_libmedia:umodsys.mod.media.std.obj
 0001:00001da3       ?suicide@RDataArchiver_OsDir@stdio@media@modules@UModSys@@UAEXXZ 00402da3 f i umodsys_lib_libmedia:umodsys.mod.media.stdio.obj
 0001:00001da3       ?suicide@RLibraryBinCache@std@media@modules@UModSys@@UAEXXZ 00402da3 f i umodsys_lib_libmedia:umodsys.mod.media.std.obj
 0001:00001da3       ?suicide@RLibraryObjCache@std@media@modules@UModSys@@UAEXXZ 00402da3 f i umodsys_lib_libmedia:umodsys.mod.media.std.obj
 0001:00001da3       ?suicide@RLibraryLayered@std@media@modules@UModSys@@UAEXXZ 00402da3 f i umodsys_lib_libmedia:umodsys.mod.media.std.obj
 0001:00001dea       ??0RLibraryObjFilter@std@media@modules@UModSys@@QAE@PAUIModObject@base@4@ABUSParameters@core@4@U?$TFlags4State@USMediaFlagUid@libmedia@UModSys@@I@tl@4@@Z 00402dea f i umodsys_lib_libmedia:umodsys.mod.media.std.obj
 0001:00001e45       ?get_flags_auto@RLibraryObjFilter@std@media@modules@UModSys@@UBE?AU?$TFlags4State@USMediaFlagUid@libmedia@UModSys@@I@tl@5@XZ 00402e45 f i umodsys_lib_libmedia:umodsys.mod.media.std.obj
 0001:00001e54       ?obj_fget@RLibraryObjFilter@std@media@modules@UModSys@@UAE_NABUSInfo@IBinObjFilter@libmedia@5@AAU?$TRefObject@UIRefObject@core@UModSys@@U?$TRefObjectFunc@UIRefObject@core@UModSys@@@tl@3@@tl@5@@Z 00402e54 f i umodsys_lib_libmedia:umodsys.mod.media.std.obj
 0001:00001e5c       ?obj_fload@RLibraryObjFilter@std@media@modules@UModSys@@UAE_NABUSInfo@IBinObjFilter@libmedia@5@PAUIRefObject@core@5@@Z 00402e5c f i umodsys_lib_libmedia:umodsys.mod.media.std.obj
 0001:00001e61       ?obj_fsave@RLibraryObjFilter@std@media@modules@UModSys@@UAE_NAAUSInfo@IBinObjFilter@libmedia@5@PBUIRefObject@core@5@@Z 00402e61 f i umodsys_lib_libmedia:umodsys.mod.media.std.obj
 0001:00001e69       ?filters_add@RLibraryObjFilter@std@media@modules@UModSys@@UAE_NU?$TRefObject@UIBinObjFilter@libmedia@UModSys@@U?$TRefObjectFunc@UIBinObjFilter@libmedia@UModSys@@@tl@3@@tl@5@PBUSParameters@core@5@H@Z 00402e69 f i umodsys_lib_libmedia:umodsys.mod.media.std.obj
 0001:00001f05       ?filters_remove@RLibraryObjFilter@std@media@modules@UModSys@@UAE_NPAUIBinObjFilter@libmedia@5@H@Z 00402f05 f i umodsys_lib_libmedia:umodsys.mod.media.std.obj
 0001:00001f55       ?filters_clear@RLibraryObjFilter@std@media@modules@UModSys@@UAE_NXZ 00402f55 f i umodsys_lib_libmedia:umodsys.mod.media.std.obj
 0001:00001f73       ?filters_load@RLibraryObjFilter@std@media@modules@UModSys@@UAE_NABUSInfo@IBinObjFilter@libmedia@5@AAU?$TRefObject@UIRefObject@core@UModSys@@U?$TRefObjectFunc@UIRefObject@core@UModSys@@@tl@3@@tl@5@@Z 00402f73 f i umodsys_lib_libmedia:umodsys.mod.media.std.obj
 0001:00001fd0       ?filters_load@RLibraryObjFilter@std@media@modules@UModSys@@UAE_NABUSInfo@IBinObjFilter@libmedia@5@PAUIRefObject@core@5@@Z 00402fd0 f i umodsys_lib_libmedia:umodsys.mod.media.std.obj
 0001:0000202d       ?filters_save@RLibraryObjFilter@std@media@modules@UModSys@@UAE_NAAUSInfo@IBinObjFilter@libmedia@5@PBUIRefObject@core@5@@Z 0040302d f i umodsys_lib_libmedia:umodsys.mod.media.std.obj
 0001:0000208a       ??_ERLibraryObjFilter@std@media@modules@UModSys@@UAEPAXI@Z 0040308a f i  CIL library: CIL module
 0001:0000208a       ??_GRLibraryObjFilter@std@media@modules@UModSys@@UAEPAXI@Z 0040308a f i umodsys_lib_libmedia:umodsys.mod.media.std.obj
 0001:000020e7       ?get_generated_names@RGenerator@std@media@modules@UModSys@@UBEHAAUSUniquePtrList@core@5@@Z 004030e7 f i umodsys_lib_libmedia:umodsys.mod.media.std.obj
 0001:0000212f       ?get_generated_types@RGenerator@std@media@modules@UModSys@@UBEHAAUSUniquePtrList@core@5@PBUSUniquePointerInfo@75@@Z 0040312f f i umodsys_lib_libmedia:umodsys.mod.media.std.obj
 0001:000021d3       ?generate@RGenerator@std@media@modules@UModSys@@UAE_NAAU?$TRefObject@UIRefObject@core@UModSys@@U?$TRefObjectFunc@UIRefObject@core@UModSys@@@tl@3@@tl@5@PBUSUniquePointerInfo@core@5@ABUSParameters@95@@Z 004031d3 f i umodsys_lib_libmedia:umodsys.mod.media.std.obj
 0001:00002276       ?root_get_interface_info@RGenerator@std@media@modules@UModSys@@UBEABUSUniquePointerInfo@core@5@XZ 00403276 f i umodsys_lib_libmedia:umodsys.mod.media.std.obj
 0001:0000227c       ?root_get_interface_type@RGenerator@std@media@modules@UModSys@@UBEPBUSUniquePointerInfo@core@5@XZ 0040327c f i umodsys_lib_libmedia:umodsys.mod.media.std.obj
 0001:00002282       ?root_get_other_interface@RGenerator@std@media@modules@UModSys@@UBEPBUIRoot@core@5@PBUSUniquePointerInfo@75@@Z 00403282 f i umodsys_lib_libmedia:umodsys.mod.media.std.obj
 0001:00002282       ?root_get_other_interface@RGenerator@std@media@modules@UModSys@@UAEPAUIRoot@core@5@PBUSUniquePointerInfo@75@@Z 00403282 f i umodsys_lib_libmedia:umodsys.mod.media.std.obj
 0001:000022ab       ?root_is_interface_supported@RGenerator@std@media@modules@UModSys@@UBE_NPBUSUniquePointerInfo@core@5@@Z 004032ab f i umodsys_lib_libmedia:umodsys.mod.media.std.obj
 0001:000022ca       ?ref_links@RStreamReader_FILE@stdio@media@modules@UModSys@@UBEHXZ 004032ca f i umodsys_lib_libmedia:umodsys.mod.media.stdio.obj
 0001:000022ca       ?ref_links@RStreamWriter_FILE@stdio@media@modules@UModSys@@UBEHXZ 004032ca f i umodsys_lib_libmedia:umodsys.mod.media.stdio.obj
 0001:000022ca       ?ref_links@RGenerator@std@media@modules@UModSys@@UBEHXZ 004032ca f i umodsys_lib_libmedia:umodsys.mod.media.std.obj
 0001:000022ca       ?ref_links@RGenerator@stdio@media@modules@UModSys@@UBEHXZ 004032ca f i umodsys_lib_libmedia:umodsys.mod.media.stdio.obj
 0001:000022ca       ?get_system@IModuleLibraryUni@rsystem@base@UModSys@@UBEPAUISystem@34@XZ 004032ca f i umodsys_lib_basesys:umodsys.basesys.rmodulelib.obj
 0001:000022ce       ?suicide@RGenerator@stdio@media@modules@UModSys@@UAEXXZ 004032ce f i umodsys_lib_libmedia:umodsys.mod.media.stdio.obj
 0001:000022ce       ?suicide@RGenerator@std@media@modules@UModSys@@UAEXXZ 004032ce f i umodsys_lib_libmedia:umodsys.mod.media.std.obj
 0001:000022ce       ?ref_add@RConsole_std@rsystem@base@UModSys@@UBEXXZ 004032ce f i umodsys_lib_basesys:umodsys.basesys.rconsole_std.obj
 0001:000022ce       ??3@YAXPAX0@Z              004032ce f i umodsys_lib_libmedia:umodsys.mod.media.std.obj
 0001:000022ce       ?ref_remove@RConsole_std@rsystem@base@UModSys@@UBEXXZ 004032ce f i umodsys_lib_basesys:umodsys.basesys.rconsole_std.obj
 0001:000022cf       ?get_uid@RGenerator@std@media@modules@UModSys@@UBEPBUSUniquePointerInfo@core@5@XZ 004032cf f i umodsys_lib_libmedia:umodsys.mod.media.std.obj
 0001:000022d5       ?do_open@RModuleReg@std@media@modules@UModSys@@UAE_NXZ 004032d5 f i umodsys_lib_libmedia:umodsys.mod.media.std.obj
 0001:00002321       ?do_close@RModuleReg@std@media@modules@UModSys@@UAE_NXZ 00403321 f i umodsys_lib_libmedia:umodsys.mod.media.std.obj
 0001:0000235c       ?get_module@RGenerator@std@media@modules@UModSys@@UBEPAUIModule@base@5@XZ 0040335c f   umodsys_lib_libmedia:umodsys.mod.media.std.obj
 0001:00002362       ?mod_inc@RGenerator@std@media@modules@UModSys@@UBE_NXZ 00403362 f   umodsys_lib_libmedia:umodsys.mod.media.std.obj
 0001:0000236d       ?mod_dec@RGenerator@std@media@modules@UModSys@@UBE_NXZ 0040336d f   umodsys_lib_libmedia:umodsys.mod.media.std.obj
 0001:00002378       ?s_holder@RGenerator@std@media@modules@UModSys@@SAAAU?$TTypeStaticHolder@URGenerator@std@media@modules@UModSys@@@tl@5@XZ 00403378 f   umodsys_lib_libmedia:umodsys.mod.media.std.obj
 0001:000023aa       ??0?$TString@U?$TSCoreShared@USIMemAlloc@core@UModSys@@D@su@tl@UModSys@@U?$TComparerBinaryHash@D@234@@tl@UModSys@@QAE@ABU?$TSCoreConst@D@su@12@@Z 004033aa f i umodsys_lib_libmedia:umodsys.mod.media.std.obj
 0001:000023ea       ??4?$TString@U?$TSCoreShared@USIMemAlloc@core@UModSys@@D@su@tl@UModSys@@U?$TComparerBinaryHash@D@234@@tl@UModSys@@QAEABU012@ABU012@@Z 004033ea f i umodsys_lib_libmedia:umodsys.mod.media.std.obj
 0001:0000240b       ??1?$TSCoreShared@USIMemAlloc@core@UModSys@@D@su@tl@UModSys@@QAE@XZ 0040340b f i umodsys_lib_libmedia:umodsys.mod.media.std.obj
 0001:0000240b       ??1?$TString@U?$TSCoreShared@USIMemAlloc@core@UModSys@@D@su@tl@UModSys@@U?$TComparerBinaryHash@D@234@@tl@UModSys@@QAE@XZ 0040340b f i umodsys_lib_libmedia:umodsys.mod.media.std.obj
 0001:00002410       ??4?$TRefObject@UIRefObject@core@UModSys@@U?$TRefObjectFunc@UIRefObject@core@UModSys@@@tl@3@@tl@UModSys@@QAEABU012@PAUIRefObject@core@2@@Z 00403410 f i umodsys_lib_libmedia:umodsys.mod.media.std.obj
 0001:0000242b       ??R?$TScatterArray@USFilter@RLibraryObjFilter@std@media@modules@UModSys@@USId@23456@U723456@U?$TNodeDeleter0@U?$TScatterArrayNode@USFilter@RLibraryObjFilter@std@media@modules@UModSys@@USId@23456@@tl@UModSys@@@tl@6@@tl@UModSys@@QAEPAUSFilter@RLibraryObjFilter@std@media@modules@2@ABUSId@45672@PAUVoid@core@2@@Z 0040342b f i umodsys_lib_libmedia:umodsys.mod.media.std.obj
 0001:0000248e       ??E?$TTreeIterRB@$$CBU?$TScatterArrayNode@USMountInfo@RLibraryBinTree@std@media@modules@UModSys@@USId@ILibraryBinTree@libmedia@6@@tl@UModSys@@$$CBU?$TPair@USId@ILibraryBinTree@libmedia@UModSys@@USMountInfo@RLibraryBinTree@std@media@modules@4@@23@@tl@UModSys@@QAE?AU012@XZ 0040348e f i umodsys_lib_libmedia:umodsys.mod.media.std.obj
 0001:0000248e       ??E?$TTreeIterRB@$$CBU?$TScatterArrayNode@USFilter@RLibraryObjFilter@std@media@modules@UModSys@@USId@23456@@tl@UModSys@@$$CBU?$TPair@USId@RLibraryObjFilter@std@media@modules@UModSys@@USFilter@23456@@23@@tl@UModSys@@QAE?AU012@XZ 0040348e f i umodsys_lib_libmedia:umodsys.mod.media.std.obj
 0001:000024b8       ??1?$TDynarray@U?$TDynarrayHolderDynamic@USLayerX@RLibraryLayered@std@media@modules@UModSys@@U?$TAllocator@USIMemAlloc@core@UModSys@@USCountCalcPower2@23@@tl@6@@tl@UModSys@@@tl@UModSys@@QAE@XZ 004034b8 f i umodsys_lib_libmedia:umodsys.mod.media.std.obj
 0001:000024f8       ?Resize@?$TDynarray@U?$TDynarrayHolderDynamic@USLayerX@RLibraryLayered@std@media@modules@UModSys@@U?$TAllocator@USIMemAlloc@core@UModSys@@USCountCalcPower2@23@@tl@6@@tl@UModSys@@@tl@UModSys@@QAE_NI@Z 004034f8 f i umodsys_lib_libmedia:umodsys.mod.media.std.obj
 0001:00002560       ?set@?$TSCoreShared@USIMemAlloc@core@UModSys@@D@su@tl@UModSys@@QAEXPBD@Z 00403560 f i umodsys_lib_libmedia:umodsys.mod.media.std.obj
 0001:0000258f       ?remove_node@?$TTreeHoldRB@U?$TScatterArrayNode@USMountInfo@RLibraryBinTree@std@media@modules@UModSys@@USId@ILibraryBinTree@libmedia@6@@tl@UModSys@@@tl@UModSys@@QAEXPAU?$TScatterArrayNode@USMountInfo@RLibraryBinTree@std@media@modules@UModSys@@USId@ILibraryBinTree@libmedia@6@@23@@Z 0040358f f i umodsys_lib_libmedia:umodsys.mod.media.std.obj
 0001:0000258f       ?remove_node@?$TTreeHoldRB@U?$TScatterArrayNode@USCacheElem@RLibraryObjCache@std@media@modules@UModSys@@U?$TString@U?$TSCoreConst@D@su@tl@UModSys@@U?$TComparerBinaryHash@D@234@@tl@6@@tl@UModSys@@@tl@UModSys@@QAEXPAU?$TScatterArrayNode@USCacheElem@RLibraryObjCache@std@media@modules@UModSys@@U?$TString@U?$TSCoreConst@D@su@tl@UModSys@@U?$TComparerBinaryHash@D@234@@tl@6@@23@@Z 0040358f f i umodsys_lib_libmedia:umodsys.mod.media.std.obj
 0001:0000258f       ?remove_node@?$TTreeHoldRB@U?$TScatterArrayNode@USCacheElem@RLibraryBinCache@std@media@modules@UModSys@@U?$TString@U?$TSCoreConst@D@su@tl@UModSys@@U?$TComparerBinaryHash@D@234@@tl@6@@tl@UModSys@@@tl@UModSys@@QAEXPAU?$TScatterArrayNode@USCacheElem@RLibraryBinCache@std@media@modules@UModSys@@U?$TString@U?$TSCoreConst@D@su@tl@UModSys@@U?$TComparerBinaryHash@D@234@@tl@6@@23@@Z 0040358f f i umodsys_lib_libmedia:umodsys.mod.media.std.obj
 0001:0000258f       ?remove_node@?$TTreeHoldRB@U?$TScatterArrayNode@USFilter@RLibraryObjFilter@std@media@modules@UModSys@@USId@23456@@tl@UModSys@@@tl@UModSys@@QAEXPAU?$TScatterArrayNode@USFilter@RLibraryObjFilter@std@media@modules@UModSys@@USId@23456@@23@@Z 0040358f f i umodsys_lib_libmedia:umodsys.mod.media.std.obj
 0001:0000266c       ?set@?$TSCoreShared@USIMemAlloc@core@UModSys@@D@su@tl@UModSys@@QAEXPBDI@Z 0040366c f i umodsys_lib_libmedia:umodsys.mod.media.std.obj
 0001:000026c9       ??1?$TPair@U?$TString@U?$TSCoreConst@D@su@tl@UModSys@@U?$TComparerBinaryHash@D@234@@tl@UModSys@@USCacheElem@RLibraryBinCache@std@media@modules@3@@tl@UModSys@@QAE@XZ 004036c9 f i umodsys_lib_libmedia:umodsys.mod.media.std.obj
 0001:000026d3       ??1?$TPair@USId@ILibraryBinTree@libmedia@UModSys@@USMountInfo@RLibraryBinTree@std@media@modules@4@@tl@UModSys@@QAE@XZ 004036d3 f i umodsys_lib_libmedia:umodsys.mod.media.std.obj
 0001:000026dd       ??1?$TPair@U?$TString@U?$TSCoreConst@D@su@tl@UModSys@@U?$TComparerBinaryHash@D@234@@tl@UModSys@@USCacheElem@RLibraryObjCache@std@media@modules@3@@tl@UModSys@@QAE@XZ 004036dd f i umodsys_lib_libmedia:umodsys.mod.media.std.obj
 0001:000026e7       ??1?$TPair@USId@RLibraryObjFilter@std@media@modules@UModSys@@USFilter@23456@@tl@UModSys@@QAE@XZ 004036e7 f i umodsys_lib_libmedia:umodsys.mod.media.std.obj
 0001:000026f8       ??1SCacheElem@RLibraryBinCache@std@media@modules@UModSys@@QAE@XZ 004036f8 f i umodsys_lib_libmedia:umodsys.mod.media.std.obj
 0001:0000272e       ??1SMountInfo@RLibraryBinTree@std@media@modules@UModSys@@QAE@XZ 0040372e f i umodsys_lib_libmedia:umodsys.mod.media.std.obj
 0001:0000276d       ??1SCacheElem@RLibraryObjCache@std@media@modules@UModSys@@QAE@XZ 0040376d f i umodsys_lib_libmedia:umodsys.mod.media.std.obj
 0001:000027a7       ??$?8U?$TSCoreConst@D@su@tl@UModSys@@U?$TComparerBinaryHash@D@123@@?$TString@U?$TSCoreConst@D@su@tl@UModSys@@U?$TComparerBinaryHash@D@234@@tl@UModSys@@QBE_NABU012@@Z 004037a7 f i umodsys_lib_libmedia:umodsys.mod.media.std.obj
 0001:000027e2       ?info_release@?$TSCoreShared@USIMemAlloc@core@UModSys@@D@su@tl@UModSys@@QAEXXZ 004037e2 f i umodsys_lib_libmedia:umodsys.mod.media.std.obj
 0001:00002812       ??$compare@U?$TSCoreConst@D@su@tl@UModSys@@@?$TString@U?$TSCoreConst@D@su@tl@UModSys@@U?$TComparerBinaryHash@D@234@@tl@UModSys@@QBEHABU012@@Z 00403812 f i umodsys_lib_libmedia:umodsys.mod.media.std.obj
 0001:0000286d       ??$yes@U?$TFlags4StateShift@USMediaFlagUid@libmedia@UModSys@@I$00@tl@UModSys@@@SFlags@libmedia@UModSys@@QBE_NPBUIResolverAuto@012@@Z 0040386d f i umodsys_lib_libmedia:umodsys.mod.media.std.obj
 0001:000028be       ??$yes@U?$TFlags4StateShift@USMediaFlagUid@libmedia@UModSys@@I$02@tl@UModSys@@@SFlags@libmedia@UModSys@@QBE_NPBUIResolverAuto@012@@Z 004038be f i umodsys_lib_libmedia:umodsys.mod.media.std.obj
 0001:0000290f       ?remove_color@?$TTreeHoldRB@U?$TScatterArrayNode@USCacheElem@RLibraryObjCache@std@media@modules@UModSys@@U?$TString@U?$TSCoreConst@D@su@tl@UModSys@@U?$TComparerBinaryHash@D@234@@tl@6@@tl@UModSys@@@tl@UModSys@@IAEXPAU?$TScatterArrayNode@USCacheElem@RLibraryObjCache@std@media@modules@UModSys@@U?$TString@U?$TSCoreConst@D@su@tl@UModSys@@U?$TComparerBinaryHash@D@234@@tl@6@@23@0@Z 0040390f f i umodsys_lib_libmedia:umodsys.mod.media.std.obj
 0001:0000290f       ?remove_color@?$TTreeHoldRB@U?$TScatterArrayNode@USFilter@RLibraryObjFilter@std@media@modules@UModSys@@USId@23456@@tl@UModSys@@@tl@UModSys@@IAEXPAU?$TScatterArrayNode@USFilter@RLibraryObjFilter@std@media@modules@UModSys@@USId@23456@@23@0@Z 0040390f f i umodsys_lib_libmedia:umodsys.mod.media.std.obj
 0001:0000290f       ?remove_color@?$TTreeHoldRB@U?$TScatterArrayNode@USMountInfo@RLibraryBinTree@std@media@modules@UModSys@@USId@ILibraryBinTree@libmedia@6@@tl@UModSys@@@tl@UModSys@@IAEXPAU?$TScatterArrayNode@USMountInfo@RLibraryBinTree@std@media@modules@UModSys@@USId@ILibraryBinTree@libmedia@6@@23@0@Z 0040390f f i umodsys_lib_libmedia:umodsys.mod.media.std.obj
 0001:0000290f       ?remove_color@?$TTreeHoldRB@U?$TScatterArrayNode@USCacheElem@RLibraryBinCache@std@media@modules@UModSys@@U?$TString@U?$TSCoreConst@D@su@tl@UModSys@@U?$TComparerBinaryHash@D@234@@tl@6@@tl@UModSys@@@tl@UModSys@@IAEXPAU?$TScatterArrayNode@USCacheElem@RLibraryBinCache@std@media@modules@UModSys@@U?$TString@U?$TSCoreConst@D@su@tl@UModSys@@U?$TComparerBinaryHash@D@234@@tl@6@@23@0@Z 0040390f f i umodsys_lib_libmedia:umodsys.mod.media.std.obj
 0001:00002a11       ??$yes@U?$TFlags4StateShift@USMediaFlagUid@libmedia@UModSys@@I$03@tl@UModSys@@@SFlags@libmedia@UModSys@@QBE_NPBUIResolverAuto@012@@Z 00403a11 f i umodsys_lib_libmedia:umodsys.mod.media.std.obj
 0001:00002a62       ??$yes@U?$TFlags4StateShift@USMediaFlagUid@libmedia@UModSys@@I$01@tl@UModSys@@@SFlags@libmedia@UModSys@@QBE_NPBUIResolverAuto@012@@Z 00403a62 f i umodsys_lib_libmedia:umodsys.mod.media.std.obj
 0001:00002ab3       ??$yes@U?$TFlags4StateShift@USMediaFlagUid@libmedia@UModSys@@I$05@tl@UModSys@@@SFlags@libmedia@UModSys@@QBE_NPBUIResolverAuto@012@@Z 00403ab3 f i umodsys_lib_libmedia:umodsys.mod.media.std.obj
 0001:00002b04       ??$yes@U?$TFlags4StateShift@USMediaFlagUid@libmedia@UModSys@@I$07@tl@UModSys@@@SFlags@libmedia@UModSys@@QBE_NPBUIResolverAuto@012@@Z 00403b04 f i umodsys_lib_libmedia:umodsys.mod.media.std.obj
 0001:00002b53       ??$yes@U?$TFlags4StateShift@USMediaFlagUid@libmedia@UModSys@@I$06@tl@UModSys@@@SFlags@libmedia@UModSys@@QBE_NPBUIResolverAuto@012@@Z 00403b53 f i umodsys_lib_libmedia:umodsys.mod.media.std.obj
 0001:00002ba4       ??$yes@U?$TFlags4StateShift@USMediaFlagUid@libmedia@UModSys@@I$08@tl@UModSys@@@SFlags@libmedia@UModSys@@QBE_NPBUIResolverAuto@012@@Z 00403ba4 f i umodsys_lib_libmedia:umodsys.mod.media.std.obj
 0001:00002bf5       ??$t_gen_param@URLibraryBinCache@std@media@modules@UModSys@@URGenerator@2345@@IGenerator@base@UModSys@@IAE_NPAURGenerator@std@media@modules@2@AAU?$TRefObject@UIRefObject@core@UModSys@@U?$TRefObjectFunc@UIRefObject@core@UModSys@@@tl@3@@tl@2@PBUSUniquePointerInfo@core@2@ABUSParameters@core@2@@Z 00403bf5 f i umodsys_lib_libmedia:umodsys.mod.media.std.obj
 0001:00002c72       ??$t_gen_param@URLibraryBinTree@std@media@modules@UModSys@@URGenerator@2345@@IGenerator@base@UModSys@@IAE_NPAURGenerator@std@media@modules@2@AAU?$TRefObject@UIRefObject@core@UModSys@@U?$TRefObjectFunc@UIRefObject@core@UModSys@@@tl@3@@tl@2@PBUSUniquePointerInfo@core@2@ABUSParameters@core@2@@Z 00403c72 f i umodsys_lib_libmedia:umodsys.mod.media.std.obj
 0001:00002cef       ??$t_gen_param@URLibraryLayered@std@media@modules@UModSys@@URGenerator@2345@@IGenerator@base@UModSys@@IAE_NPAURGenerator@std@media@modules@2@AAU?$TRefObject@UIRefObject@core@UModSys@@U?$TRefObjectFunc@UIRefObject@core@UModSys@@@tl@3@@tl@2@PBUSUniquePointerInfo@core@2@ABUSParameters@core@2@@Z 00403cef f i umodsys_lib_libmedia:umodsys.mod.media.std.obj
 0001:00002d6c       ??$t_gen_param@URLibraryObjFilter@std@media@modules@UModSys@@URGenerator@2345@@IGenerator@base@UModSys@@IAE_NPAURGenerator@std@media@modules@2@AAU?$TRefObject@UIRefObject@core@UModSys@@U?$TRefObjectFunc@UIRefObject@core@UModSys@@@tl@3@@tl@2@PBUSUniquePointerInfo@core@2@ABUSParameters@core@2@@Z 00403d6c f i umodsys_lib_libmedia:umodsys.mod.media.std.obj
 0001:00002de9       ??$t_gen_param@URLibraryObjCache@std@media@modules@UModSys@@URGenerator@2345@@IGenerator@base@UModSys@@IAE_NPAURGenerator@std@media@modules@2@AAU?$TRefObject@UIRefObject@core@UModSys@@U?$TRefObjectFunc@UIRefObject@core@UModSys@@@tl@3@@tl@2@PBUSUniquePointerInfo@core@2@ABUSParameters@core@2@@Z 00403de9 f i umodsys_lib_libmedia:umodsys.mod.media.std.obj
 0001:00002e66       ??$genx_node@UCmp@?$TScatterArray@USCacheElem@RLibraryBinCache@std@media@modules@UModSys@@U?$TString@U?$TSCoreConst@D@su@tl@UModSys@@U?$TComparerBinaryHash@D@234@@tl@6@U?$TObjectCompare@U?$TString@U?$TSCoreConst@D@su@tl@UModSys@@U?$TComparerBinaryHash@D@234@@tl@UModSys@@@core@6@U?$TNodeDeleter0@U?$TScatterArrayNode@USCacheElem@RLibraryBinCache@std@media@modules@UModSys@@U?$TString@U?$TSCoreConst@D@su@tl@UModSys@@U?$TComparerBinaryHash@D@234@@tl@6@@tl@UModSys@@@86@@tl@UModSys@@UGen0@234@@?$TTreeHoldRBD@U?$TScatterArrayNode@USCacheElem@RLibraryBinCache@std@media@modules@UModSys@@U?$TString@U?$TSCoreConst@D@su@tl@UModSys@@U?$TComparerBinaryHash@D@234@@tl@6@@tl@UModSys@@U?$TNodeDeleter0@U?$TScatterArrayNode@USCacheElem@RLibraryBinCache@std@media@modules@UModSys@@U?$TString@U?$TSCoreConst@D@su@tl@UModSys@@U?$TComparerBinaryHash@D@234@@tl@6@@tl@UModSys@@@23@@tl@UModSys@@QAEPAU?$TScatterArrayNode@USCacheElem@RLibraryBinCache@std@media@modules@UModSys@@U?$TString@U?$TSCoreConst@D@su@tl@UModSys@@U?$TComparerBinaryHash@D@234@@tl@6@@12@UCmp@?$TScatterArray@USCacheElem@RLibraryBinCache@std@media@modules@UModSys@@U?$TString@U?$TSCoreConst@D@su@tl@UModSys@@U?$TComparerBinaryHash@D@234@@tl@6@U?$TObjectCompare@U?$TString@U?$TSCoreConst@D@su@tl@UModSys@@U?$TComparerBinaryHash@D@234@@tl@UModSys@@@core@6@U?$TNodeDeleter0@U?$TScatterArrayNode@USCacheElem@RLibraryBinCache@std@media@modules@UModSys@@U?$TString@U?$TSCoreConst@D@su@tl@UModSys@@U?$TComparerBinaryHash@D@234@@tl@6@@tl@UModSys@@@86@@12@ABUGen0@512@PAPAU312@2_N@Z 00403e66 f i umodsys_lib_libmedia:umodsys.mod.media.std.obj
 0001:00002ee5       ??$find_node_u@UCmp@?$TScatterArray@USCacheElem@RLibraryBinCache@std@media@modules@UModSys@@U?$TString@U?$TSCoreConst@D@su@tl@UModSys@@U?$TComparerBinaryHash@D@234@@tl@6@U?$TObjectCompare@U?$TString@U?$TSCoreConst@D@su@tl@UModSys@@U?$TComparerBinaryHash@D@234@@tl@UModSys@@@core@6@U?$TNodeDeleter0@U?$TScatterArrayNode@USCacheElem@RLibraryBinCache@std@media@modules@UModSys@@U?$TString@U?$TSCoreConst@D@su@tl@UModSys@@U?$TComparerBinaryHash@D@234@@tl@6@@tl@UModSys@@@86@@tl@UModSys@@@?$TTreeHoldRB@U?$TScatterArrayNode@USCacheElem@RLibraryBinCache@std@media@modules@UModSys@@U?$TString@U?$TSCoreConst@D@su@tl@UModSys@@U?$TComparerBinaryHash@D@234@@tl@6@@tl@UModSys@@@tl@UModSys@@QBEPAU?$TScatterArrayNode@USCacheElem@RLibraryBinCache@std@media@modules@UModSys@@U?$TString@U?$TSCoreConst@D@su@tl@UModSys@@U?$TComparerBinaryHash@D@234@@tl@6@@12@UCmp@?$TScatterArray@USCacheElem@RLibraryBinCache@std@media@modules@UModSys@@U?$TString@U?$TSCoreConst@D@su@tl@UModSys@@U?$TComparerBinaryHash@D@234@@tl@6@U?$TObjectCompare@U?$TString@U?$TSCoreConst@D@su@tl@UModSys@@U?$TComparerBinaryHash@D@234@@tl@UModSys@@@core@6@U?$TNodeDeleter0@U?$TScatterArrayNode@USCacheElem@RLibraryBinCache@std@media@modules@UModSys@@U?$TString@U?$TSCoreConst@D@su@tl@UModSys@@U?$TComparerBinaryHash@D@234@@tl@6@@tl@UModSys@@@86@@12@@Z 00403ee5 f i umodsys_lib_libmedia:umodsys.mod.media.std.obj
 0001:00002ee5       ??$find_node_u@UCmp@?$TScatterArray@USCacheElem@RLibraryObjCache@std@media@modules@UModSys@@U?$TString@U?$TSCoreConst@D@su@tl@UModSys@@U?$TComparerBinaryHash@D@234@@tl@6@U?$TObjectCompare@U?$TString@U?$TSCoreConst@D@su@tl@UModSys@@U?$TComparerBinaryHash@D@234@@tl@UModSys@@@core@6@U?$TNodeDeleter0@U?$TScatterArrayNode@USCacheElem@RLibraryObjCache@std@media@modules@UModSys@@U?$TString@U?$TSCoreConst@D@su@tl@UModSys@@U?$TComparerBinaryHash@D@234@@tl@6@@tl@UModSys@@@86@@tl@UModSys@@@?$TTreeHoldRB@U?$TScatterArrayNode@USCacheElem@RLibraryObjCache@std@media@modules@UModSys@@U?$TString@U?$TSCoreConst@D@su@tl@UModSys@@U?$TComparerBinaryHash@D@234@@tl@6@@tl@UModSys@@@tl@UModSys@@QBEPAU?$TScatterArrayNode@USCacheElem@RLibraryObjCache@std@media@modules@UModSys@@U?$TString@U?$TSCoreConst@D@su@tl@UModSys@@U?$TComparerBinaryHash@D@234@@tl@6@@12@UCmp@?$TScatterArray@USCacheElem@RLibraryObjCache@std@media@modules@UModSys@@U?$TString@U?$TSCoreConst@D@su@tl@UModSys@@U?$TComparerBinaryHash@D@234@@tl@6@U?$TObjectCompare@U?$TString@U?$TSCoreConst@D@su@tl@UModSys@@U?$TComparerBinaryHash@D@234@@tl@UModSys@@@core@6@U?$TNodeDeleter0@U?$TScatterArrayNode@USCacheElem@RLibraryObjCache@std@media@modules@UModSys@@U?$TString@U?$TSCoreConst@D@su@tl@UModSys@@U?$TComparerBinaryHash@D@234@@tl@6@@tl@UModSys@@@86@@12@@Z 00403ee5 f i umodsys_lib_libmedia:umodsys.mod.media.std.obj
 0001:00002f12       ??$genx_node@UCmp@?$TScatterArray@USMountInfo@RLibraryBinTree@std@media@modules@UModSys@@USId@ILibraryBinTree@libmedia@6@U7896@U?$TNodeDeleter0@U?$TScatterArrayNode@USMountInfo@RLibraryBinTree@std@media@modules@UModSys@@USId@ILibraryBinTree@libmedia@6@@tl@UModSys@@@tl@6@@tl@UModSys@@UGen0@234@@?$TTreeHoldRBD@U?$TScatterArrayNode@USMountInfo@RLibraryBinTree@std@media@modules@UModSys@@USId@ILibraryBinTree@libmedia@6@@tl@UModSys@@U?$TNodeDeleter0@U?$TScatterArrayNode@USMountInfo@RLibraryBinTree@std@media@modules@UModSys@@USId@ILibraryBinTree@libmedia@6@@tl@UModSys@@@23@@tl@UModSys@@QAEPAU?$TScatterArrayNode@USMountInfo@RLibraryBinTree@std@media@modules@UModSys@@USId@ILibraryBinTree@libmedia@6@@12@UCmp@?$TScatterArray@USMountInfo@RLibraryBinTree@std@media@modules@UModSys@@USId@ILibraryBinTree@libmedia@6@U7896@U?$TNodeDeleter0@U?$TScatterArrayNode@USMountInfo@RLibraryBinTree@std@media@modules@UModSys@@USId@ILibraryBinTree@libmedia@6@@tl@UModSys@@@tl@6@@12@ABUGen0@512@PAPAU312@2_N@Z 00403f12 f i umodsys_lib_libmedia:umodsys.mod.media.std.obj
 0001:00002f90       ??$find_node_u@UCmp@?$TScatterArray@USMountInfo@RLibraryBinTree@std@media@modules@UModSys@@USId@ILibraryBinTree@libmedia@6@U7896@U?$TNodeDeleter0@U?$TScatterArrayNode@USMountInfo@RLibraryBinTree@std@media@modules@UModSys@@USId@ILibraryBinTree@libmedia@6@@tl@UModSys@@@tl@6@@tl@UModSys@@@?$TTreeHoldRB@U?$TScatterArrayNode@USMountInfo@RLibraryBinTree@std@media@modules@UModSys@@USId@ILibraryBinTree@libmedia@6@@tl@UModSys@@@tl@UModSys@@QBEPAU?$TScatterArrayNode@USMountInfo@RLibraryBinTree@std@media@modules@UModSys@@USId@ILibraryBinTree@libmedia@6@@12@UCmp@?$TScatterArray@USMountInfo@RLibraryBinTree@std@media@modules@UModSys@@USId@ILibraryBinTree@libmedia@6@U7896@U?$TNodeDeleter0@U?$TScatterArrayNode@USMountInfo@RLibraryBinTree@std@media@modules@UModSys@@USId@ILibraryBinTree@libmedia@6@@tl@UModSys@@@tl@6@@12@@Z 00403f90 f i umodsys_lib_libmedia:umodsys.mod.media.std.obj
 0001:00002fbc       ??$genx_node@UCmp@?$TScatterArray@USCacheElem@RLibraryObjCache@std@media@modules@UModSys@@U?$TString@U?$TSCoreConst@D@su@tl@UModSys@@U?$TComparerBinaryHash@D@234@@tl@6@U?$TObjectCompare@U?$TString@U?$TSCoreConst@D@su@tl@UModSys@@U?$TComparerBinaryHash@D@234@@tl@UModSys@@@core@6@U?$TNodeDeleter0@U?$TScatterArrayNode@USCacheElem@RLibraryObjCache@std@media@modules@UModSys@@U?$TString@U?$TSCoreConst@D@su@tl@UModSys@@U?$TComparerBinaryHash@D@234@@tl@6@@tl@UModSys@@@86@@tl@UModSys@@UGen0@234@@?$TTreeHoldRBD@U?$TScatterArrayNode@USCacheElem@RLibraryObjCache@std@media@modules@UModSys@@U?$TString@U?$TSCoreConst@D@su@tl@UModSys@@U?$TComparerBinaryHash@D@234@@tl@6@@tl@UModSys@@U?$TNodeDeleter0@U?$TScatterArrayNode@USCacheElem@RLibraryObjCache@std@media@modules@UModSys@@U?$TString@U?$TSCoreConst@D@su@tl@UModSys@@U?$TComparerBinaryHash@D@234@@tl@6@@tl@UModSys@@@23@@tl@UModSys@@QAEPAU?$TScatterArrayNode@USCacheElem@RLibraryObjCache@std@media@modules@UModSys@@U?$TString@U?$TSCoreConst@D@su@tl@UModSys@@U?$TComparerBinaryHash@D@234@@tl@6@@12@UCmp@?$TScatterArray@USCacheElem@RLibraryObjCache@std@media@modules@UModSys@@U?$TString@U?$TSCoreConst@D@su@tl@UModSys@@U?$TComparerBinaryHash@D@234@@tl@6@U?$TObjectCompare@U?$TString@U?$TSCoreConst@D@su@tl@UModSys@@U?$TComparerBinaryHash@D@234@@tl@UModSys@@@core@6@U?$TNodeDeleter0@U?$TScatterArrayNode@USCacheElem@RLibraryObjCache@std@media@modules@UModSys@@U?$TString@U?$TSCoreConst@D@su@tl@UModSys@@U?$TComparerBinaryHash@D@234@@tl@6@@tl@UModSys@@@86@@12@ABUGen0@512@PAPAU312@2_N@Z 00403fbc f i umodsys_lib_libmedia:umodsys.mod.media.std.obj
 0001:0000303b       ??$find_node_u@UCmp@?$TScatterArray@USFilter@RLibraryObjFilter@std@media@modules@UModSys@@USId@23456@U723456@U?$TNodeDeleter0@U?$TScatterArrayNode@USFilter@RLibraryObjFilter@std@media@modules@UModSys@@USId@23456@@tl@UModSys@@@tl@6@@tl@UModSys@@@?$TTreeHoldRB@U?$TScatterArrayNode@USFilter@RLibraryObjFilter@std@media@modules@UModSys@@USId@23456@@tl@UModSys@@@tl@UModSys@@QBEPAU?$TScatterArrayNode@USFilter@RLibraryObjFilter@std@media@modules@UModSys@@USId@23456@@12@UCmp@?$TScatterArray@USFilter@RLibraryObjFilter@std@media@modules@UModSys@@USId@23456@U723456@U?$TNodeDeleter0@U?$TScatterArrayNode@USFilter@RLibraryObjFilter@std@media@modules@UModSys@@USId@23456@@tl@UModSys@@@tl@6@@12@@Z 0040403b f i umodsys_lib_libmedia:umodsys.mod.media.std.obj
 0001:00003067       ?ReLink@?$TDynarray@U?$TDynarrayHolderDynamic@USLayerX@RLibraryLayered@std@media@modules@UModSys@@U?$TAllocator@USIMemAlloc@core@UModSys@@USCountCalcPower2@23@@tl@6@@tl@UModSys@@@tl@UModSys@@IAE_NI@Z 00404067 f i umodsys_lib_libmedia:umodsys.mod.media.std.obj
 0001:000030a9       ?rotate_right@?$TTreeHoldRB@U?$TScatterArrayNode@USCacheElem@RLibraryObjCache@std@media@modules@UModSys@@U?$TString@U?$TSCoreConst@D@su@tl@UModSys@@U?$TComparerBinaryHash@D@234@@tl@6@@tl@UModSys@@@tl@UModSys@@IAEXPAU?$TScatterArrayNode@USCacheElem@RLibraryObjCache@std@media@modules@UModSys@@U?$TString@U?$TSCoreConst@D@su@tl@UModSys@@U?$TComparerBinaryHash@D@234@@tl@6@@23@@Z 004040a9 f i umodsys_lib_libmedia:umodsys.mod.media.std.obj
 0001:000030a9       ?rotate_right@?$TTreeHoldRB@U?$TQuantArrayNode@USUniquePointerInfo@core@UModSys@@$0BAA@@tl@UModSys@@@tl@UModSys@@IAEXPAU?$TQuantArrayNode@USUniquePointerInfo@core@UModSys@@$0BAA@@23@@Z 004040a9 f i umodsys_lib_basesys:umodsys.basesys.rsystem.obj
 0001:000030a9       ?rotate_right@?$TTreeHoldRB@U?$TScatterArrayNode@USCacheElem@RLibraryBinCache@std@media@modules@UModSys@@U?$TString@U?$TSCoreConst@D@su@tl@UModSys@@U?$TComparerBinaryHash@D@234@@tl@6@@tl@UModSys@@@tl@UModSys@@IAEXPAU?$TScatterArrayNode@USCacheElem@RLibraryBinCache@std@media@modules@UModSys@@U?$TString@U?$TSCoreConst@D@su@tl@UModSys@@U?$TComparerBinaryHash@D@234@@tl@6@@23@@Z 004040a9 f i umodsys_lib_libmedia:umodsys.mod.media.std.obj
 0001:000030a9       ?rotate_right@?$TTreeHoldRB@U?$TScatterArrayNode@USFilter@RLibraryObjFilter@std@media@modules@UModSys@@USId@23456@@tl@UModSys@@@tl@UModSys@@IAEXPAU?$TScatterArrayNode@USFilter@RLibraryObjFilter@std@media@modules@UModSys@@USId@23456@@23@@Z 004040a9 f i umodsys_lib_libmedia:umodsys.mod.media.std.obj
 0001:000030a9       ?rotate_right@?$TTreeHoldRB@U?$TQuantArrayNode@USSourceContext@core@UModSys@@$0BAA@@tl@UModSys@@@tl@UModSys@@IAEXPAU?$TQuantArrayNode@USSourceContext@core@UModSys@@$0BAA@@23@@Z 004040a9 f i umodsys_lib_basesys:umodsys.basesys.rsystem.obj
 0001:000030a9       ?rotate_right@?$TTreeHoldRB@U?$TScatterArrayNode@USMountInfo@RLibraryBinTree@std@media@modules@UModSys@@USId@ILibraryBinTree@libmedia@6@@tl@UModSys@@@tl@UModSys@@IAEXPAU?$TScatterArrayNode@USMountInfo@RLibraryBinTree@std@media@modules@UModSys@@USId@ILibraryBinTree@libmedia@6@@23@@Z 004040a9 f i umodsys_lib_libmedia:umodsys.mod.media.std.obj
 0001:000030e8       ?sub_insert_node@?$TTreeHoldRB@U?$TScatterArrayNode@USFilter@RLibraryObjFilter@std@media@modules@UModSys@@USId@23456@@tl@UModSys@@@tl@UModSys@@QAEXPAU?$TScatterArrayNode@USFilter@RLibraryObjFilter@std@media@modules@UModSys@@USId@23456@@23@0H@Z 004040e8 f i umodsys_lib_libmedia:umodsys.mod.media.std.obj
 0001:000030e8       ?sub_insert_node@?$TTreeHoldRB@U?$TScatterArrayNode@USCacheElem@RLibraryObjCache@std@media@modules@UModSys@@U?$TString@U?$TSCoreConst@D@su@tl@UModSys@@U?$TComparerBinaryHash@D@234@@tl@6@@tl@UModSys@@@tl@UModSys@@QAEXPAU?$TScatterArrayNode@USCacheElem@RLibraryObjCache@std@media@modules@UModSys@@U?$TString@U?$TSCoreConst@D@su@tl@UModSys@@U?$TComparerBinaryHash@D@234@@tl@6@@23@0H@Z 004040e8 f i umodsys_lib_libmedia:umodsys.mod.media.std.obj
 0001:000030e8       ?sub_insert_node@?$TTreeHoldRB@U?$TScatterArrayNode@USMountInfo@RLibraryBinTree@std@media@modules@UModSys@@USId@ILibraryBinTree@libmedia@6@@tl@UModSys@@@tl@UModSys@@QAEXPAU?$TScatterArrayNode@USMountInfo@RLibraryBinTree@std@media@modules@UModSys@@USId@ILibraryBinTree@libmedia@6@@23@0H@Z 004040e8 f i umodsys_lib_libmedia:umodsys.mod.media.std.obj
 0001:000030e8       ?sub_insert_node@?$TTreeHoldRB@U?$TScatterArrayNode@USCacheElem@RLibraryBinCache@std@media@modules@UModSys@@U?$TString@U?$TSCoreConst@D@su@tl@UModSys@@U?$TComparerBinaryHash@D@234@@tl@6@@tl@UModSys@@@tl@UModSys@@QAEXPAU?$TScatterArrayNode@USCacheElem@RLibraryBinCache@std@media@modules@UModSys@@U?$TString@U?$TSCoreConst@D@su@tl@UModSys@@U?$TComparerBinaryHash@D@234@@tl@6@@23@0H@Z 004040e8 f i umodsys_lib_libmedia:umodsys.mod.media.std.obj
 0001:00003136       ??RCmp@?$TScatterArray@USMountInfo@RLibraryBinTree@std@media@modules@UModSys@@USId@ILibraryBinTree@libmedia@6@U7896@U?$TNodeDeleter0@U?$TScatterArrayNode@USMountInfo@RLibraryBinTree@std@media@modules@UModSys@@USId@ILibraryBinTree@libmedia@6@@tl@UModSys@@@tl@6@@tl@UModSys@@QBEHPBU?$TScatterArrayNode@USMountInfo@RLibraryBinTree@std@media@modules@UModSys@@USId@ILibraryBinTree@libmedia@6@@23@@Z 00404136 f i umodsys_lib_libmedia:umodsys.mod.media.std.obj
 0001:00003163       ??RCmp@?$TScatterArray@USFilter@RLibraryObjFilter@std@media@modules@UModSys@@USId@23456@U723456@U?$TNodeDeleter0@U?$TScatterArrayNode@USFilter@RLibraryObjFilter@std@media@modules@UModSys@@USId@23456@@tl@UModSys@@@tl@6@@tl@UModSys@@QBEHPBU?$TScatterArrayNode@USFilter@RLibraryObjFilter@std@media@modules@UModSys@@USId@23456@@23@@Z 00404163 f i umodsys_lib_libmedia:umodsys.mod.media.std.obj
 0001:0000319b       ??RGen0@?$TScatterArray@USFilter@RLibraryObjFilter@std@media@modules@UModSys@@USId@23456@U723456@U?$TNodeDeleter0@U?$TScatterArrayNode@USFilter@RLibraryObjFilter@std@media@modules@UModSys@@USId@23456@@tl@UModSys@@@tl@6@@tl@UModSys@@QBEPAU?$TScatterArrayNode@USFilter@RLibraryObjFilter@std@media@modules@UModSys@@USId@23456@@23@ABUCmp@123@ABU?$TTreeHoldRBD@U?$TScatterArrayNode@USFilter@RLibraryObjFilter@std@media@modules@UModSys@@USId@23456@@tl@UModSys@@U?$TNodeDeleter0@U?$TScatterArrayNode@USFilter@RLibraryObjFilter@std@media@modules@UModSys@@USId@23456@@tl@UModSys@@@23@@23@@Z 0040419b f i umodsys_lib_libmedia:umodsys.mod.media.std.obj
 0001:000031e9       ??1?$TRefObject@UIModObject@base@UModSys@@U?$TModObjectFunc@UIModObject@base@UModSys@@@tl@3@@tl@UModSys@@QAE@XZ 004041e9 f i umodsys_lib_libmedia:umodsys.mod.media.std.obj
 0001:000031ff       ?amoveright@?$TTypeConstructor@USLayerX@RLibraryLayered@std@media@modules@UModSys@@@tl@UModSys@@SAXPAUSLayerX@RLibraryLayered@std@media@modules@3@III@Z 004041ff f i umodsys_lib_libmedia:umodsys.mod.media.std.obj
 0001:0000325c       ?amoveleft@?$TTypeConstructor@USLayerX@RLibraryLayered@std@media@modules@UModSys@@@tl@UModSys@@SAXPAUSLayerX@RLibraryLayered@std@media@modules@3@III@Z 0040425c f i umodsys_lib_libmedia:umodsys.mod.media.std.obj
 0001:000032bb       ??0SLayerX@RLibraryLayered@std@media@modules@UModSys@@QAE@ABU012345@@Z 004042bb f i umodsys_lib_libmedia:umodsys.mod.media.std.obj
 0001:000032f4       ??_GSLayerX@RLibraryLayered@std@media@modules@UModSys@@QAEPAXI@Z 004042f4 f i umodsys_lib_libmedia:umodsys.mod.media.std.obj
 0001:00003335       ??0?$TString@U?$TSCoreShared@USIMemAlloc@core@UModSys@@D@su@tl@UModSys@@U?$TComparerBinaryHash@D@234@@tl@UModSys@@QAE@ABU012@@Z 00404335 f i umodsys_lib_libmedia:umodsys.mod.media.std.obj
 0001:00003364       ??0?$TScatterArrayNode@USCacheElem@RLibraryBinCache@std@media@modules@UModSys@@U?$TString@U?$TSCoreConst@D@su@tl@UModSys@@U?$TComparerBinaryHash@D@234@@tl@6@@tl@UModSys@@QAE@ABU?$TString@U?$TSCoreConst@D@su@tl@UModSys@@U?$TComparerBinaryHash@D@234@@12@@Z 00404364 f i umodsys_lib_libmedia:umodsys.mod.media.std.obj
[...]
 0001:00009bf5       __unwindfunclet$?bincache_add@RLibraryBinCache@std@media@modules@UModSys@@QAE_NABU?$TString@U?$TSCoreConst@D@su@tl@UModSys@@U?$TComparerBinaryHash@D@234@@tl@5@ABUSCMemShared@core@5@_N@Z$0 0040abf5 f    CIL library: CIL module
 0001:00009bfd       __ehhandler$?bincache_add@RLibraryBinCache@std@media@modules@UModSys@@QAE_NABU?$TString@U?$TSCoreConst@D@su@tl@UModSys@@U?$TComparerBinaryHash@D@234@@tl@5@ABUSCMemShared@core@5@_N@Z 0040abfd f    CIL library: CIL module
 0001:00009bfd       __ehhandler$?objcache_add@RLibraryObjCache@std@media@modules@UModSys@@UAE_NABU?$TString@U?$TSCoreConst@D@su@tl@UModSys@@U?$TComparerBinaryHash@D@234@@tl@5@PAUIRefObject@core@5@@Z 0040abfd f    CIL library: CIL module
 0001:00009c07       __unwindfunclet$?bincache_add@RLibraryBinCache@std@media@modules@UModSys@@UAE_NABU?$TString@U?$TSCoreConst@D@su@tl@UModSys@@U?$TComparerBinaryHash@D@234@@tl@5@@Z$0 0040ac07 f    CIL library: CIL module
 0001:00009c0f       __ehhandler$?bincache_add@RLibraryBinCache@std@media@modules@UModSys@@UAE_NABU?$TString@U?$TSCoreConst@D@su@tl@UModSys@@U?$TComparerBinaryHash@D@234@@tl@5@@Z 0040ac0f f    CIL library: CIL module
 0001:00009c19       __unwindfunclet$?mem_free@?$TRMemAlloc_CC@U?$TMemAllocHeader@USMagic@mem_headers@rsystem@base@UModSys@@U?$TPool@X@2345@USDebug@2345@UVoid@core@5@U895@@rsystem@base@UModSys@@USMemAlloc_Malloc@core@4@@rsystem@base@UModSys@@UAEXPAXPBUSSourceContext@core@4@@Z$0 0040ac19 f    CIL library: CIL module
 0001:00009c21       __ehhandler$?mem_free@?$TRMemAlloc_CC@U?$TMemAllocHeader@USMagic@mem_headers@rsystem@base@UModSys@@U?$TPool@X@2345@USDebug@2345@UVoid@core@5@U895@@rsystem@base@UModSys@@USMemAlloc_Malloc@core@4@@rsystem@base@UModSys@@UAEXPAXPBUSSourceContext@core@4@@Z 0040ac21 f    CIL library: CIL module
 0001:00009c2b       __unwindfunclet$?mem_realloc@?$TRMemAlloc_CC@U?$TMemAllocHeader@USMagic@mem_headers@rsystem@base@UModSys@@U?$TPool@X@2345@USDebug@2345@UVoid@core@5@U895@@rsystem@base@UModSys@@USMemAlloc_Malloc@core@4@@rsystem@base@UModSys@@UAEPAXPAXIPBUSSourceContext@core@4@@Z$0 0040ac2b f    CIL library: CIL module
 0001:00009c33       __unwindfunclet$?mem_realloc@?$TRMemAlloc_CC@U?$TMemAllocHeader@USMagic@mem_headers@rsystem@base@UModSys@@U?$TPool@X@2345@USDebug@2345@UVoid@core@5@U895@@rsystem@base@UModSys@@USMemAlloc_Malloc@core@4@@rsystem@base@UModSys@@UAEPAXPAXIPBUSSourceContext@core@4@@Z$1 0040ac33 f    CIL library: CIL module
 0001:00009c3b       __ehhandler$?mem_realloc@?$TRMemAlloc_CC@U?$TMemAllocHeader@USMagic@mem_headers@rsystem@base@UModSys@@U?$TPool@X@2345@USDebug@2345@UVoid@core@5@U895@@rsystem@base@UModSys@@USMemAlloc_Malloc@core@4@@rsystem@base@UModSys@@UAEPAXPAXIPBUSSourceContext@core@4@@Z 0040ac3b f    CIL library: CIL module
 0001:00009c45       __unwindfunclet$?s_add@RModuleLibrarySO@rsystem@base@UModSys@@SA_NPAUISystem@34@AAU?$TDynarrayDynamic@U?$TRefObject@URModuleLibrarySO@rsystem@base@UModSys@@U?$TRefObjectFunc@URModuleLibrarySO@rsystem@base@UModSys@@@tl@4@@tl@UModSys@@U?$TAllocator@USMemAlloc_Malloc@core@UModSys@@USCountCalcPower2@23@@23@@tl@4@PBD@Z$1 0040ac45 f    CIL library: CIL module
 0001:00009c4d       __ehhandler$?s_add@RModuleLibrarySO@rsystem@base@UModSys@@SA_NPAUISystem@34@AAU?$TDynarrayDynamic@U?$TRefObject@URModuleLibrarySO@rsystem@base@UModSys@@U?$TRefObjectFunc@URModuleLibrarySO@rsystem@base@UModSys@@@tl@4@@tl@UModSys@@U?$TAllocator@USMemAlloc_Malloc@core@UModSys@@USCountCalcPower2@23@@23@@tl@4@PBD@Z 0040ac4d f    CIL library: CIL module
 0001:00009c57       ??__E?s_id@?$TObjectUniqueID@UIRoot@core@UModSys@@@tl@UModSys@@2USUniquePointer@core@3@A@@YAXXZ 0040ac57 f    CIL library: CIL module
 0001:00009c79       ??__E?s_id@?$TObjectUniqueID@UIRefObject@core@UModSys@@@tl@UModSys@@2USUniquePointer@core@3@A@@YAXXZ 0040ac79 f    CIL library: CIL module
 0001:00009c9b       ??__E?s_id@?$TObjectUniqueID@UIParameters@core@UModSys@@@tl@UModSys@@2USUniquePointer@core@3@A@@YAXXZ 0040ac9b f    CIL library: CIL module
 0001:00009cbd       ??__E?s_id@?$TObjectUniqueID@UIModule@base@UModSys@@@tl@UModSys@@2USUniquePointer@core@3@A@@YAXXZ 0040acbd f    CIL library: CIL module
 0001:00009cdf       ??__E?s_id@?$TObjectUniqueID@UIModuleLibrary@base@UModSys@@@tl@UModSys@@2USUniquePointer@core@3@A@@YAXXZ 0040acdf f    CIL library: CIL module
 0001:00009d01       ??__E?s_id@?$TObjectUniqueID@UIModObject@base@UModSys@@@tl@UModSys@@2USUniquePointer@core@3@A@@YAXXZ 0040ad01 f    CIL library: CIL module
 0001:00009d23       ??__E?s_id@?$TObjectUniqueID@UIGenerator@base@UModSys@@@tl@UModSys@@2USUniquePointer@core@3@A@@YAXXZ 0040ad23 f    CIL library: CIL module
 0001:00009d45       ??__E?s_id@?$TObjectUniqueID@UIShell@base@UModSys@@@tl@UModSys@@2USUniquePointer@core@3@A@@YAXXZ 0040ad45 f    CIL library: CIL module
 0001:00009d67       ??__E?s_id@?$TObjectUniqueID@UIConsole@base@UModSys@@@tl@UModSys@@2USUniquePointer@core@3@A@@YAXXZ 0040ad67 f    CIL library: CIL module
 0001:00009d89       ??__E?s_id@?$TObjectUniqueID@UISystem@base@UModSys@@@tl@UModSys@@2USUniquePointer@core@3@A@@YAXXZ 0040ad89 f    CIL library: CIL module
 0001:00009dab       ??__E?s_id@?$TObjectUniqueID@URModule@rsystem@base@UModSys@@@tl@UModSys@@2USUniquePointer@core@3@A@@YAXXZ 0040adab f    CIL library: CIL module
 0001:00009dcd       ??__E?s_id@?$TObjectUniqueID@UIModuleLibraryUni@rsystem@base@UModSys@@@tl@UModSys@@2USUniquePointer@core@3@A@@YAXXZ 0040adcd f    CIL library: CIL module
 0001:00009def       ??__E?s_id@?$TObjectUniqueID@URModuleLibrarySO@rsystem@base@UModSys@@@tl@UModSys@@2USUniquePointer@core@3@A@@YAXXZ 0040adef f    CIL library: CIL module
 0001:00009e11       ??__E?s_id@?$TObjectUniqueID@URModuleLibraryThis@rsystem@base@UModSys@@@tl@UModSys@@2USUniquePointer@core@3@A@@YAXXZ 0040ae11 f    CIL library: CIL module
 0001:00009e33       ??__E?s_id@?$TObjectUniqueID@URParameters@rsystem@base@UModSys@@@tl@UModSys@@2USUniquePointer@core@3@A@@YAXXZ 0040ae33 f    CIL library: CIL module
 0001:00009e55       ??__E?s_id@?$TObjectUniqueID@URSystem@rsystem@base@UModSys@@@tl@UModSys@@2USUniquePointer@core@3@A@@YAXXZ 0040ae55 f    CIL library: CIL module
 0001:00009e77       ??__E?s_id@?$TObjectUniqueID@URConsole_std@rsystem@base@UModSys@@@tl@UModSys@@2USUniquePointer@core@3@A@@YAXXZ 0040ae77 f    CIL library: CIL module
 0001:00009e99       ??__E?s_modreg@RModuleReg@std@media@modules@UModSys@@2U12345@A@@YAXXZ 0040ae99 f    CIL library: CIL module
 0001:00009ec0       ??__E?s_modreg_chain@RModuleReg@std@media@modules@UModSys@@2USModuleRegChain@base@5@A@@YAXXZ 0040aec0 f    CIL library: CIL module
 0001:00009edb       ??__E?s_uid@RGenerator@std@media@modules@UModSys@@2USUniquePointer@core@5@A@@YAXXZ 0040aedb f    CIL library: CIL module
 0001:00009efd       ??__E?s_id@?$TObjectUniqueID@UIStreamReader@libmedia@UModSys@@@tl@UModSys@@2USUniquePointer@core@3@A@@YAXXZ 0040aefd f    CIL library: CIL module
 0001:00009f1f       ??__E?s_id@?$TObjectUniqueID@UIStreamWriter@libmedia@UModSys@@@tl@UModSys@@2USUniquePointer@core@3@A@@YAXXZ 0040af1f f    CIL library: CIL module
 0001:00009f41       ??__E?s_id@?$TObjectUniqueID@UIBinArchive@libmedia@UModSys@@@tl@UModSys@@2USUniquePointer@core@3@A@@YAXXZ 0040af41 f    CIL library: CIL module
 0001:00009f63       ??__E?s_id@?$TObjectUniqueID@UIBinObjFilter@libmedia@UModSys@@@tl@UModSys@@2USUniquePointer@core@3@A@@YAXXZ 0040af63 f    CIL library: CIL module
 0001:00009f85       ??__E?s_id@?$TObjectUniqueID@UILibrary@libmedia@UModSys@@@tl@UModSys@@2USUniquePointer@core@3@A@@YAXXZ 0040af85 f    CIL library: CIL module
 0001:00009fa7       ??__E?s_id@?$TObjectUniqueID@UILibraryBinTree@libmedia@UModSys@@@tl@UModSys@@2USUniquePointer@core@3@A@@YAXXZ 0040afa7 f    CIL library: CIL module
 0001:00009fc9       ??__E?s_id@?$TObjectUniqueID@UILibraryBinCache@libmedia@UModSys@@@tl@UModSys@@2USUniquePointer@core@3@A@@YAXXZ 0040afc9 f    CIL library: CIL module
 0001:00009feb       ??__E?s_id@?$TObjectUniqueID@UILibraryObjFilter@libmedia@UModSys@@@tl@UModSys@@2USUniquePointer@core@3@A@@YAXXZ 0040afeb f    CIL library: CIL module
 0001:0000a00d       ??__E?s_id@?$TObjectUniqueID@UILibraryObjCache@libmedia@UModSys@@@tl@UModSys@@2USUniquePointer@core@3@A@@YAXXZ 0040b00d f    CIL library: CIL module
 0001:0000a02f       ??__E?s_id@?$TObjectUniqueID@UILibraryLayered@libmedia@UModSys@@@tl@UModSys@@2USUniquePointer@core@3@A@@YAXXZ 0040b02f f    CIL library: CIL module
 0001:0000a051       ??__E?s_id@?$TObjectUniqueID@URLibraryBinCache@std@media@modules@UModSys@@@tl@UModSys@@2USUniquePointer@core@3@A@@YAXXZ 0040b051 f    CIL library: CIL module
 0001:0000a073       ??__E?s_id@?$TObjectUniqueID@URLibraryBinTree@std@media@modules@UModSys@@@tl@UModSys@@2USUniquePointer@core@3@A@@YAXXZ 0040b073 f    CIL library: CIL module
 0001:0000a095       ??__E?s_id@?$TObjectUniqueID@URLibraryLayered@std@media@modules@UModSys@@@tl@UModSys@@2USUniquePointer@core@3@A@@YAXXZ 0040b095 f    CIL library: CIL module
 0001:0000a0b7       ??__E?s_id@?$TObjectUniqueID@URLibraryObjCache@std@media@modules@UModSys@@@tl@UModSys@@2USUniquePointer@core@3@A@@YAXXZ 0040b0b7 f    CIL library: CIL module
 0001:0000a0d9       ??__E?s_id@?$TObjectUniqueID@URLibraryObjFilter@std@media@modules@UModSys@@@tl@UModSys@@2USUniquePointer@core@3@A@@YAXXZ 0040b0d9 f    CIL library: CIL module
 0001:0000a0fb       ??__E?s_id@?$TObjectUniqueID@URGenerator@std@media@modules@UModSys@@@tl@UModSys@@2USUniquePointer@core@3@A@@YAXXZ 0040b0fb f    CIL library: CIL module
 0001:0000a11d       ??__E?s_modreg@RModuleReg@stdio@media@modules@UModSys@@2U12345@A@@YAXXZ 0040b11d f    CIL library: CIL module
 0001:0000a144       ??__E?s_modreg_chain@RModuleReg@stdio@media@modules@UModSys@@2USModuleRegChain@base@5@A@@YAXXZ 0040b144 f    CIL library: CIL module
 0001:0000a15f       ??__E?s_uid@RGenerator@stdio@media@modules@UModSys@@2USUniquePointer@core@5@A@@YAXXZ 0040b15f f    CIL library: CIL module
 0001:0000a181       ??__E?s_id@?$TObjectUniqueID@URStreamReader_FILE@stdio@media@modules@UModSys@@@tl@UModSys@@2USUniquePointer@core@3@A@@YAXXZ 0040b181 f    CIL library: CIL module
 0001:0000a1a3       ??__E?s_id@?$TObjectUniqueID@URStreamWriter_FILE@stdio@media@modules@UModSys@@@tl@UModSys@@2USUniquePointer@core@3@A@@YAXXZ 0040b1a3 f    CIL library: CIL module
 0001:0000a1c5       ??__E?s_id@?$TObjectUniqueID@URDataArchiver_OsDir@stdio@media@modules@UModSys@@@tl@UModSys@@2USUniquePointer@core@3@A@@YAXXZ 0040b1c5 f    CIL library: CIL module
 0001:0000a1e7       ??__E?s_id@?$TObjectUniqueID@URGenerator@stdio@media@modules@UModSys@@@tl@UModSys@@2USUniquePointer@core@3@A@@YAXXZ 0040b1e7 f    CIL library: CIL module
 0001:0000a209       ??__E?s_console@RConsole_std@rsystem@base@UModSys@@2U1234@A@@YAXXZ 0040b209 f    CIL library: CIL module
 0001:0000a215       ??__E?s_sys@RSystem@rsystem@base@UModSys@@2U1234@A@@YAXXZ 0040b215 f    CIL library: CIL module
 0001:0000a226       ??__Ersys_dbg@rsystem@base@UModSys@@YAXXZ 0040b226 f    CIL library: CIL module
 0001:0000a232       ??__EM@UModSys@@YAXXZ      0040b232 f    CIL library: CIL module
 0001:0000a23e       ??__E?root@SModuleRegChain@base@UModSys@@2U123@A@@YAXXZ 0040b23e f    CIL library: CIL module
 0001:0000a24a       ??__E?s_library@RModuleLibraryReg_Chain@base@UModSys@@2U123@A@@YAXXZ 0040b24a f    CIL library: CIL module
 0001:0000a256       ??__E?root@SUniquePointer@core@UModSys@@2U123@A@@YAXXZ 0040b256 f    CIL library: CIL module
 0001:0000a262       ??__F?s_id@?$TObjectUniqueID@URConsole_std@rsystem@base@UModSys@@@tl@UModSys@@2USUniquePointer@core@3@A@@YAXXZ 0040b262 f    CIL library: CIL module
 0001:0000a26c       ??__F?s_id@?$TObjectUniqueID@URSystem@rsystem@base@UModSys@@@tl@UModSys@@2USUniquePointer@core@3@A@@YAXXZ 0040b26c f    CIL library: CIL module
 0001:0000a276       ??__F?s_id@?$TObjectUniqueID@URParameters@rsystem@base@UModSys@@@tl@UModSys@@2USUniquePointer@core@3@A@@YAXXZ 0040b276 f    CIL library: CIL module
 0001:0000a280       ??__F?s_id@?$TObjectUniqueID@URModuleLibraryThis@rsystem@base@UModSys@@@tl@UModSys@@2USUniquePointer@core@3@A@@YAXXZ 0040b280 f    CIL library: CIL module
 0001:0000a28a       ??__F?s_id@?$TObjectUniqueID@URModuleLibrarySO@rsystem@base@UModSys@@@tl@UModSys@@2USUniquePointer@core@3@A@@YAXXZ 0040b28a f    CIL library: CIL module
 0001:0000a294       ??__F?s_id@?$TObjectUniqueID@UIModuleLibraryUni@rsystem@base@UModSys@@@tl@UModSys@@2USUniquePointer@core@3@A@@YAXXZ 0040b294 f    CIL library: CIL module
 0001:0000a29e       ??__F?s_id@?$TObjectUniqueID@URModule@rsystem@base@UModSys@@@tl@UModSys@@2USUniquePointer@core@3@A@@YAXXZ 0040b29e f    CIL library: CIL module
 0001:0000a2a8       ??__F?s_id@?$TObjectUniqueID@UISystem@base@UModSys@@@tl@UModSys@@2USUniquePointer@core@3@A@@YAXXZ 0040b2a8 f    CIL library: CIL module
 0001:0000a2b2       ??__F?s_id@?$TObjectUniqueID@UIConsole@base@UModSys@@@tl@UModSys@@2USUniquePointer@core@3@A@@YAXXZ 0040b2b2 f    CIL library: CIL module
 0001:0000a2bc       ??__F?s_id@?$TObjectUniqueID@UIShell@base@UModSys@@@tl@UModSys@@2USUniquePointer@core@3@A@@YAXXZ 0040b2bc f    CIL library: CIL module
 0001:0000a2c6       ??__F?s_id@?$TObjectUniqueID@UIGenerator@base@UModSys@@@tl@UModSys@@2USUniquePointer@core@3@A@@YAXXZ 0040b2c6 f    CIL library: CIL module
 0001:0000a2d0       ??__F?s_id@?$TObjectUniqueID@UIModObject@base@UModSys@@@tl@UModSys@@2USUniquePointer@core@3@A@@YAXXZ 0040b2d0 f    CIL library: CIL module
 0001:0000a2da       ??__F?s_id@?$TObjectUniqueID@UIModuleLibrary@base@UModSys@@@tl@UModSys@@2USUniquePointer@core@3@A@@YAXXZ 0040b2da f    CIL library: CIL module
 0001:0000a2e4       ??__F?s_id@?$TObjectUniqueID@UIModule@base@UModSys@@@tl@UModSys@@2USUniquePointer@core@3@A@@YAXXZ 0040b2e4 f    CIL library: CIL module
 0001:0000a2ee       ??__F?s_id@?$TObjectUniqueID@UIParameters@core@UModSys@@@tl@UModSys@@2USUniquePointer@core@3@A@@YAXXZ 0040b2ee f    CIL library: CIL module
 0001:0000a2f8       ??__F?s_id@?$TObjectUniqueID@UIRefObject@core@UModSys@@@tl@UModSys@@2USUniquePointer@core@3@A@@YAXXZ 0040b2f8 f    CIL library: CIL module
 0001:0000a302       ??__F?s_id@?$TObjectUniqueID@UIRoot@core@UModSys@@@tl@UModSys@@2USUniquePointer@core@3@A@@YAXXZ 0040b302 f    CIL library: CIL module
 0001:0000a30c       ??__F?s_modreg@RModuleReg@std@media@modules@UModSys@@2U12345@A@@YAXXZ 0040b30c f    CIL library: CIL module
 0001:0000a317       ??__F?s_modreg_chain@RModuleReg@std@media@modules@UModSys@@2USModuleRegChain@base@5@A@@YAXXZ 0040b317 f    CIL library: CIL module
 0001:0000a321       ??__F?s_uid@RGenerator@std@media@modules@UModSys@@2USUniquePointer@core@5@A@@YAXXZ 0040b321 f    CIL library: CIL module
 0001:0000a32b       ??__Fh@?1??s_holder@RGenerator@std@media@modules@UModSys@@SAAAU?$TTypeStaticHolder@URGenerator@std@media@modules@UModSys@@@tl@5@XZ@YAXXZ 0040b32b f    CIL library: CIL module
 0001:0000a348       ??__F?s_id@?$TObjectUniqueID@URGenerator@std@media@modules@UModSys@@@tl@UModSys@@2USUniquePointer@core@3@A@@YAXXZ 0040b348 f    CIL library: CIL module
 0001:0000a352       ??__F?s_id@?$TObjectUniqueID@URLibraryObjFilter@std@media@modules@UModSys@@@tl@UModSys@@2USUniquePointer@core@3@A@@YAXXZ 0040b352 f    CIL library: CIL module
 0001:0000a35c       ??__F?s_id@?$TObjectUniqueID@URLibraryObjCache@std@media@modules@UModSys@@@tl@UModSys@@2USUniquePointer@core@3@A@@YAXXZ 0040b35c f    CIL library: CIL module
 0001:0000a366       ??__F?s_id@?$TObjectUniqueID@URLibraryLayered@std@media@modules@UModSys@@@tl@UModSys@@2USUniquePointer@core@3@A@@YAXXZ 0040b366 f    CIL library: CIL module
 0001:0000a370       ??__F?s_id@?$TObjectUniqueID@URLibraryBinTree@std@media@modules@UModSys@@@tl@UModSys@@2USUniquePointer@core@3@A@@YAXXZ 0040b370 f    CIL library: CIL module
 0001:0000a37a       ??__F?s_id@?$TObjectUniqueID@URLibraryBinCache@std@media@modules@UModSys@@@tl@UModSys@@2USUniquePointer@core@3@A@@YAXXZ 0040b37a f    CIL library: CIL module
 0001:0000a384       ??__F?s_id@?$TObjectUniqueID@UILibraryLayered@libmedia@UModSys@@@tl@UModSys@@2USUniquePointer@core@3@A@@YAXXZ 0040b384 f    CIL library: CIL module
 0001:0000a38e       ??__F?s_id@?$TObjectUniqueID@UILibraryObjCache@libmedia@UModSys@@@tl@UModSys@@2USUniquePointer@core@3@A@@YAXXZ 0040b38e f    CIL library: CIL module
 0001:0000a398       ??__F?s_id@?$TObjectUniqueID@UILibraryObjFilter@libmedia@UModSys@@@tl@UModSys@@2USUniquePointer@core@3@A@@YAXXZ 0040b398 f    CIL library: CIL module
 0001:0000a3a2       ??__F?s_id@?$TObjectUniqueID@UILibraryBinCache@libmedia@UModSys@@@tl@UModSys@@2USUniquePointer@core@3@A@@YAXXZ 0040b3a2 f    CIL library: CIL module
 0001:0000a3ac       ??__F?s_id@?$TObjectUniqueID@UILibraryBinTree@libmedia@UModSys@@@tl@UModSys@@2USUniquePointer@core@3@A@@YAXXZ 0040b3ac f    CIL library: CIL module
 0001:0000a3b6       ??__F?s_id@?$TObjectUniqueID@UILibrary@libmedia@UModSys@@@tl@UModSys@@2USUniquePointer@core@3@A@@YAXXZ 0040b3b6 f    CIL library: CIL module
 0001:0000a3c0       ??__F?s_id@?$TObjectUniqueID@UIBinObjFilter@libmedia@UModSys@@@tl@UModSys@@2USUniquePointer@core@3@A@@YAXXZ 0040b3c0 f    CIL library: CIL module
 0001:0000a3ca       ??__F?s_id@?$TObjectUniqueID@UIBinArchive@libmedia@UModSys@@@tl@UModSys@@2USUniquePointer@core@3@A@@YAXXZ 0040b3ca f    CIL library: CIL module
 0001:0000a3d4       ??__F?s_id@?$TObjectUniqueID@UIStreamWriter@libmedia@UModSys@@@tl@UModSys@@2USUniquePointer@core@3@A@@YAXXZ 0040b3d4 f    CIL library: CIL module
 0001:0000a3de       ??__F?s_id@?$TObjectUniqueID@UIStreamReader@libmedia@UModSys@@@tl@UModSys@@2USUniquePointer@core@3@A@@YAXXZ 0040b3de f    CIL library: CIL module
 0001:0000a3e8       ??__F?s_modreg@RModuleReg@stdio@media@modules@UModSys@@2U12345@A@@YAXXZ 0040b3e8 f    CIL library: CIL module
 0001:0000a3f3       ??__F?s_modreg_chain@RModuleReg@stdio@media@modules@UModSys@@2USModuleRegChain@base@5@A@@YAXXZ 0040b3f3 f    CIL library: CIL module
 0001:0000a3fd       ??__F?s_uid@RGenerator@stdio@media@modules@UModSys@@2USUniquePointer@core@5@A@@YAXXZ 0040b3fd f    CIL library: CIL module
 0001:0000a407       ??__Fh@?1??s_holder@RGenerator@stdio@media@modules@UModSys@@SAAAU?$TTypeStaticHolder@URGenerator@stdio@media@modules@UModSys@@@tl@5@XZ@YAXXZ 0040b407 f    CIL library: CIL module
 0001:0000a424       ??__F?s_id@?$TObjectUniqueID@URGenerator@stdio@media@modules@UModSys@@@tl@UModSys@@2USUniquePointer@core@3@A@@YAXXZ 0040b424 f    CIL library: CIL module
 0001:0000a42e       ??__F?s_id@?$TObjectUniqueID@URDataArchiver_OsDir@stdio@media@modules@UModSys@@@tl@UModSys@@2USUniquePointer@core@3@A@@YAXXZ 0040b42e f    CIL library: CIL module
 0001:0000a438       ??__F?s_id@?$TObjectUniqueID@URStreamWriter_FILE@stdio@media@modules@UModSys@@@tl@UModSys@@2USUniquePointer@core@3@A@@YAXXZ 0040b438 f    CIL library: CIL module
 0001:0000a442       ??__F?s_id@?$TObjectUniqueID@URStreamReader_FILE@stdio@media@modules@UModSys@@@tl@UModSys@@2USUniquePointer@core@3@A@@YAXXZ 0040b442 f    CIL library: CIL module
 0001:0000a44c       ??__F?s_console@RConsole_std@rsystem@base@UModSys@@2U1234@A@@YAXXZ 0040b44c f    CIL library: CIL module
 0001:0000a479       ??__F?s_sys@RSystem@rsystem@base@UModSys@@2U1234@A@@YAXXZ 0040b479 f    CIL library: CIL module
 0001:0000a484       ??__Frsys_dbg@rsystem@base@UModSys@@YAXXZ 0040b484 f    CIL library: CIL module
 0001:0000a49b       ??__FM@UModSys@@YAXXZ      0040b49b f    CIL library: CIL module
 0001:0000a49c       ??__F?root@SModuleRegChain@base@UModSys@@2U123@A@@YAXXZ 0040b49c f    CIL library: CIL module
 0001:0000a4a6       ??__F?s_library@RModuleLibraryReg_Chain@base@UModSys@@2U123@A@@YAXXZ 0040b4a6 f    CIL library: CIL module
 0001:0000a4b1       ??__F?root@SUniquePointer@core@UModSys@@2U123@A@@YAXXZ 0040b4b1 f    CIL library: CIL module

 Exports

  ordinal    name

        1    _UModSys_Plugin_Entry2@0
