 umodsysc

 Timestamp is 5256d6eb (Thu Oct 10 19:33:47 2013)

 Preferred load address is 00400000

 Start         Length     Name                   Class
 0001:00000000 00004ea0H .text                   CODE
 0001:00004ea0 0000016aH .text$x                 CODE
 0001:0000500a 000003a1H .text$yc                CODE
 0001:000053ab 00000187H .text$yd                CODE
 0002:00000000 00000130H .idata$5                DATA
 0002:00000130 00000004H .CRT$XCA                DATA
 0002:00000134 00000004H .CRT$XCAA               DATA
 0002:00000138 000000bcH .CRT$XCU                DATA
 0002:000001f4 00000004H .CRT$XCZ                DATA
 0002:000001f8 00000004H .CRT$XIA                DATA
 0002:000001fc 00000004H .CRT$XIAA               DATA
 0002:00000200 00000004H .CRT$XIY                DATA
 0002:00000204 00000004H .CRT$XIZ                DATA
 0002:00000208 00000ea8H .rdata                  DATA
 0002:000010b0 000009e4H .rdata$r                DATA
 0002:00001aa0 00000034H .rdata$sxdata           DATA
 0002:00001ad4 00000004H .rtc$IAA                DATA
 0002:00001ad8 00000004H .rtc$IZZ                DATA
 0002:00001adc 00000004H .rtc$TAA                DATA
 0002:00001ae0 00000004H .rtc$TZZ                DATA
 0002:00001ae8 00000398H .xdata$x                DATA
 0002:00001e80 00000028H .idata$2                DATA
 0002:00001ea8 00000014H .idata$3                DATA
 0002:00001ebc 00000130H .idata$4                DATA
 0002:00001fec 000004f0H .idata$6                DATA
 0002:000024e0 00000058H .edata                  DATA
 0003:00000000 00000760H .data                   DATA
 0003:00000760 000026a8H .bss                    DATA

  Address         Publics by Value              Rva+Base       Lib:Object

 0000:00000000       __except_list              00000000     <absolute>
 0000:0000000d       ___safe_se_handler_count   0000000d     <absolute>
 0000:00009876       __fltused                  00009876     <absolute>
 0000:00009876       __ldused                   00009876     <absolute>
 0000:00000000       ___ImageBase               00400000     <linker-defined>
 0001:00000000       _main                      00401000 f   umodsys.c_main.obj
 0001:0000015d       ??0?$TString@U?$TSCoreConst@D@su@tl@UModSys@@U?$TComparerBinaryHash@D@234@@tl@UModSys@@QAE@PBD@Z 0040115d f i umodsys.c_main.obj
 0001:00000187       ?update@?$TComparerBinaryHash@D@su@tl@UModSys@@QAEXPBDI@Z 00401187 f i umodsys.c_main.obj
 0001:000001b3       ??6SUniquePtrList@core@UModSys@@QAEAAU012@PBUSUniquePointerInfo@12@@Z 004011b3 f i umodsys_lib_libmedia:umodsys.mod.media.stdio.obj
 0001:000001cf       ?_delete@IRoot@core@UModSys@@QAEXABUSIMemAlloc@23@@Z 004011cf f i umodsys_lib_libmedia:umodsys.mod.media.stdio.obj
 0001:000001e8       ?_get_other_interface@IRefObject@core@UModSys@@IBEPBUIRoot@23@PBUSUniquePointerInfo@23@@Z 004011e8 f i umodsys_lib_libmedia:umodsys.mod.media.stdio.obj
 0001:000001e8       ?_get_other_interface@IRefObject@core@UModSys@@IAEPAUIRoot@23@PBUSUniquePointerInfo@23@@Z 004011e8 f i umodsys_lib_libmedia:umodsys.mod.media.stdio.obj
 0001:00000209       ?get_interface_info@RStreamReader_FILE@media@UModSys@@UBEABUSUniquePointerInfo@core@3@XZ 00401209 f i umodsys_lib_libmedia:umodsys.mod.media.stdio.obj
 0001:0000020f       ?get_interface_type@RStreamReader_FILE@media@UModSys@@UBEPBUSUniquePointerInfo@core@3@XZ 0040120f f i umodsys_lib_libmedia:umodsys.mod.media.stdio.obj
 0001:00000215       ?get_other_interface@RStreamReader_FILE@media@UModSys@@UAEPAUIRoot@core@3@PBUSUniquePointerInfo@53@@Z 00401215 f i umodsys_lib_libmedia:umodsys.mod.media.stdio.obj
 0001:00000215       ?get_other_interface@RStreamReader_FILE@media@UModSys@@UBEPBUIRoot@core@3@PBUSUniquePointerInfo@53@@Z 00401215 f i umodsys_lib_libmedia:umodsys.mod.media.stdio.obj
 0001:00000236       ?ref_add@RStreamReader_FILE@media@UModSys@@UBEXXZ 00401236 f i umodsys_lib_libmedia:umodsys.mod.media.stdio.obj
 0001:00000236       ?ref_add@RStdIo_Generator@media@UModSys@@UBEXXZ 00401236 f i umodsys_lib_libmedia:umodsys.mod.media.stdio.obj
 0001:0000023a       ?suicide@RStreamReader_FILE@media@UModSys@@UAEXXZ 0040123a f i umodsys_lib_libmedia:umodsys.mod.media.stdio.obj
 0001:0000027d       ??0RStreamReader_FILE@media@UModSys@@QAE@PAURStdIo_Generator@12@ABUSParameters@core@2@@Z 0040127d f i umodsys_lib_libmedia:umodsys.mod.media.stdio.obj
 0001:000002eb       ?open@RStreamReader_FILE@media@UModSys@@QAEXQBD@Z 004012eb f i umodsys_lib_libmedia:umodsys.mod.media.stdio.obj
 0001:0000032f       ?reader_seek@RStreamReader_FILE@media@UModSys@@UAE_N_J@Z 0040132f f i umodsys_lib_libmedia:umodsys.mod.media.stdio.obj
 0001:00000352       ?reader_seekend@RStreamReader_FILE@media@UModSys@@UAE_N_J@Z 00401352 f i umodsys_lib_libmedia:umodsys.mod.media.stdio.obj
 0001:00000378       ?reader_seekdelta@RStreamReader_FILE@media@UModSys@@UAE_N_J@Z 00401378 f i umodsys_lib_libmedia:umodsys.mod.media.stdio.obj
 0001:0000039b       ?reader_pos@RStreamReader_FILE@media@UModSys@@UAE_JXZ 0040139b f i umodsys_lib_libmedia:umodsys.mod.media.stdio.obj
 0001:000003b0       ?reader_size@RStreamReader_FILE@media@UModSys@@UAE_JXZ 004013b0 f i umodsys_lib_libmedia:umodsys.mod.media.stdio.obj
 0001:000003b7       ?reader_read@RStreamReader_FILE@media@UModSys@@UAE_NPAXI@Z 004013b7 f i umodsys_lib_libmedia:umodsys.mod.media.stdio.obj
 0001:00000414       ?reader_close@RStreamReader_FILE@media@UModSys@@UAEXXZ 00401414 f i umodsys_lib_libmedia:umodsys.mod.media.stdio.obj
 0001:0000042c       ??_GRStreamReader_FILE@media@UModSys@@UAEPAXI@Z 0040142c f i umodsys_lib_libmedia:umodsys.mod.media.stdio.obj
 0001:0000042c       ??_ERStreamReader_FILE@media@UModSys@@UAEPAXI@Z 0040142c f i  CIL library: CIL module
 0001:00000446       ??1ISystem@base@UModSys@@UAE@XZ 00401446 f i umodsys_lib_base:umodsys.base.system.obj
 0001:00000446       ??1IStreamReader@media@UModSys@@UAE@XZ 00401446 f i umodsys_lib_libmedia:umodsys.mod.media.stdio.obj
 0001:00000446       ??1IModule@base@UModSys@@UAE@XZ 00401446 f i umodsys_lib_base:umodsys.base.module.obj
 0001:0000044d       ?get_generated_names@RStdIo_Generator@media@UModSys@@UBEHAAUSUniquePtrList@core@3@@Z 0040144d f i umodsys_lib_libmedia:umodsys.mod.media.stdio.obj
 0001:00000461       ?get_generated_types@RStdIo_Generator@media@UModSys@@UBEHAAUSUniquePtrList@core@3@PBUSUniquePointerInfo@53@@Z 00401461 f i umodsys_lib_libmedia:umodsys.mod.media.stdio.obj
 0001:000004a7       ?generate@RStdIo_Generator@media@UModSys@@UAE_NAAU?$TRefObject@UIRefObject@core@UModSys@@@tl@3@PBUSUniquePointerInfo@core@3@ABUSParameters@73@@Z 004014a7 f i umodsys_lib_libmedia:umodsys.mod.media.stdio.obj
 0001:00000512       ?get_interface_info@RStdIo_Generator@media@UModSys@@UBEABUSUniquePointerInfo@core@3@XZ 00401512 f i umodsys_lib_libmedia:umodsys.mod.media.stdio.obj
 0001:00000518       ?get_interface_type@RStdIo_Generator@media@UModSys@@UBEPBUSUniquePointerInfo@core@3@XZ 00401518 f i umodsys_lib_libmedia:umodsys.mod.media.stdio.obj
 0001:0000051e       ?get_other_interface@RStdIo_Generator@media@UModSys@@UAEPAUIRoot@core@3@PBUSUniquePointerInfo@53@@Z 0040151e f i umodsys_lib_libmedia:umodsys.mod.media.stdio.obj
 0001:0000051e       ?get_other_interface@RStdIo_Generator@media@UModSys@@UBEPBUIRoot@core@3@PBUSUniquePointerInfo@53@@Z 0040151e f i umodsys_lib_libmedia:umodsys.mod.media.stdio.obj
 0001:00000547       ?ref_remove@RStreamReader_FILE@media@UModSys@@UBEXXZ 00401547 f i umodsys_lib_libmedia:umodsys.mod.media.stdio.obj
 0001:00000547       ?ref_remove@RStdIo_Generator@media@UModSys@@UBEXXZ 00401547 f i umodsys_lib_libmedia:umodsys.mod.media.stdio.obj
 0001:00000552       ?suicide@IRoot@core@UModSys@@UAEXXZ 00401552 f i umodsys_lib_core:umodsys.core.objects.obj
 0001:00000552       ?ref_remove@RConsole_std@rsystem@base@UModSys@@UBEXXZ 00401552 f i umodsys_lib_basesys:umodsys.basesys.rconsole_std.obj
 0001:00000552       ?suicide@RStdIo_Generator@media@UModSys@@UAEXXZ 00401552 f i umodsys_lib_libmedia:umodsys.mod.media.stdio.obj
 0001:00000552       ?ref_add@RConsole_std@rsystem@base@UModSys@@UBEXXZ 00401552 f i umodsys_lib_basesys:umodsys.basesys.rconsole_std.obj
 0001:00000553       ?get_uid@RStdIo_Generator@media@UModSys@@UBEPBUSUniquePointerInfo@core@3@XZ 00401553 f i umodsys_lib_libmedia:umodsys.mod.media.stdio.obj
 0001:00000559       ?do_open@RStdIo_ModuleReg@media@UModSys@@UAE_NXZ 00401559 f i umodsys_lib_libmedia:umodsys.mod.media.stdio.obj
 0001:00000588       ?do_close@RStdIo_ModuleReg@media@UModSys@@UAE_NXZ 00401588 f i umodsys_lib_libmedia:umodsys.mod.media.stdio.obj
 0001:000005b7       ?get_module@RStdIo_Generator@media@UModSys@@UBEPAUIModule@base@3@XZ 004015b7 f   umodsys_lib_libmedia:umodsys.mod.media.stdio.obj
 0001:000005bd       ?mod_inc@RStdIo_Generator@media@UModSys@@UBE_NXZ 004015bd f   umodsys_lib_libmedia:umodsys.mod.media.stdio.obj
 0001:000005c8       ?mod_dec@RStdIo_Generator@media@UModSys@@UBE_NXZ 004015c8 f   umodsys_lib_libmedia:umodsys.mod.media.stdio.obj
 0001:000005d3       ?s_holder@RStdIo_Generator@media@UModSys@@SAAAU?$TTypeStaticHolder@URStdIo_Generator@media@UModSys@@@tl@3@XZ 004015d3 f   umodsys_lib_libmedia:umodsys.mod.media.stdio.obj
 0001:00000605       ?init@?$TTypeStaticHolder@URStdIo_Generator@media@UModSys@@@tl@UModSys@@QAEPAURStdIo_Generator@media@3@XZ 00401605 f i umodsys_lib_libmedia:umodsys.mod.media.stdio.obj
 0001:0000062b       ??$ValidateConstruction@UIRefObject@core@UModSys@@URStreamReader_FILE@media@3@@core@UModSys@@YA_NAAU?$TRefObject@UIRefObject@core@UModSys@@@tl@1@PAURStreamReader_FILE@media@1@@Z 0040162b f i umodsys_lib_libmedia:umodsys.mod.media.stdio.obj
 0001:00000685       ?get_interface_info@RConsole_std@rsystem@base@UModSys@@UBEABUSUniquePointerInfo@core@4@XZ 00401685 f i umodsys_lib_basesys:umodsys.basesys.rconsole_std.obj
 0001:0000068b       ?get_interface_type@RConsole_std@rsystem@base@UModSys@@UBEPBUSUniquePointerInfo@core@4@XZ 0040168b f i umodsys_lib_basesys:umodsys.basesys.rconsole_std.obj
 0001:00000691       ?get_other_interface@RConsole_std@rsystem@base@UModSys@@UAEPAUIRoot@core@4@PBUSUniquePointerInfo@64@@Z 00401691 f i umodsys_lib_basesys:umodsys.basesys.rconsole_std.obj
 0001:00000691       ?get_other_interface@RConsole_std@rsystem@base@UModSys@@UBEPBUIRoot@core@4@PBUSUniquePointerInfo@64@@Z 00401691 f i umodsys_lib_basesys:umodsys.basesys.rconsole_std.obj
 0001:000006b2       ?vput@RConsole_std@rsystem@base@UModSys@@UAE_NHPBDPAD@Z 004016b2 f   umodsys_lib_basesys:umodsys.basesys.rconsole_std.obj
 0001:000006fa       ?put@RConsole_std@rsystem@base@UModSys@@UAA_NHPBDZZ 004016fa f   umodsys_lib_basesys:umodsys.basesys.rconsole_std.obj
 0001:00000741       ?vget_c@RConsole_std@rsystem@base@UModSys@@UAE_NPAHPBDPAD@Z 00401741 f   umodsys_lib_basesys:umodsys.basesys.rconsole_std.obj
 0001:00000746       ?vget_s@RConsole_std@rsystem@base@UModSys@@UAE_NPADIPBD0@Z 00401746 f   umodsys_lib_basesys:umodsys.basesys.rconsole_std.obj
 0001:0000074b       ?get_s@RConsole_std@rsystem@base@UModSys@@UAA_NPADIPBDZZ 0040174b f   umodsys_lib_basesys:umodsys.basesys.rconsole_std.obj
 0001:0000074b       ?get_c@RConsole_std@rsystem@base@UModSys@@UAA_NPAHPBDZZ 0040174b f   umodsys_lib_basesys:umodsys.basesys.rconsole_std.obj
 0001:0000074e       ?reflect@RConsole_std@rsystem@base@UModSys@@QAE_NPBD@Z 0040174e f   umodsys_lib_basesys:umodsys.basesys.rconsole_std.obj
 0001:0000078e       ??_GRConsole_std@rsystem@base@UModSys@@UAEPAXI@Z 0040178e f i umodsys_lib_basesys:umodsys.basesys.rconsole_std.obj
 0001:0000078e       ??_ERConsole_std@rsystem@base@UModSys@@UAEPAXI@Z 0040178e f i  CIL library: CIL module
 0001:000007aa       ??0EExceptionBase@core@UModSys@@QAE@PBUSSourceContext@12@HPBD@Z 004017aa f i umodsys_lib_basesys:umodsys.basesys.rsystem_main.obj
 0001:000007d5       ?decode_error@EExceptionBase@core@UModSys@@UBEHPADI@Z 004017d5 f i umodsys_lib_basesys:umodsys.basesys.rsystem_main.obj
 0001:000007fe       ?decode_error@EFatal@core@UModSys@@UBEHPADI@Z 004017fe f i umodsys_lib_basesys:umodsys.basesys.rsystem_main.obj
 0001:00000827       ??1EFatal@core@UModSys@@UAE@XZ 00401827 f i umodsys_lib_basesys:umodsys.basesys.rsystem_main.obj
 0001:00000827       ??1EWarning@core@UModSys@@UAE@XZ 00401827 f i umodsys_lib_basesys:umodsys.basesys.rsystem_main.obj
 0001:0000082e       ?decode_error@EWarning@core@UModSys@@UBEHPADI@Z 0040182e f i umodsys_lib_basesys:umodsys.basesys.rsystem_main.obj
 0001:00000857       ??_EEExceptionBase@core@UModSys@@UAEPAXI@Z 00401857 f i  CIL library: CIL module
 0001:00000857       ??_EEFatal@core@UModSys@@UAEPAXI@Z 00401857 f i  CIL library: CIL module
 0001:00000857       ??_EEWarning@core@UModSys@@UAEPAXI@Z 00401857 f i  CIL library: CIL module
 0001:00000857       ??_GEFatal@core@UModSys@@UAEPAXI@Z 00401857 f i umodsys_lib_basesys:umodsys.basesys.rsystem_main.obj
 0001:00000857       ??_GEWarning@core@UModSys@@UAEPAXI@Z 00401857 f i umodsys_lib_basesys:umodsys.basesys.rsystem_main.obj
 0001:00000857       ??_GEExceptionBase@core@UModSys@@UAEPAXI@Z 00401857 f i umodsys_lib_basesys:umodsys.basesys.rsystem_main.obj
 0001:00000874       ?get_interface_info@RSystem@rsystem@base@UModSys@@UBEABUSUniquePointerInfo@core@4@XZ 00401874 f i umodsys_lib_basesys:umodsys.basesys.rsystem_main.obj
 0001:0000087a       ?get_interface_type@RSystem@rsystem@base@UModSys@@UBEPBUSUniquePointerInfo@core@4@XZ 0040187a f i umodsys_lib_basesys:umodsys.basesys.rsystem_main.obj
 0001:00000880       ?get_other_interface@RSystem@rsystem@base@UModSys@@UAEPAUIRoot@core@4@PBUSUniquePointerInfo@64@@Z 00401880 f i umodsys_lib_basesys:umodsys.basesys.rsystem_main.obj
 0001:00000880       ?get_other_interface@RSystem@rsystem@base@UModSys@@UBEPBUIRoot@core@4@PBUSUniquePointerInfo@64@@Z 00401880 f i umodsys_lib_basesys:umodsys.basesys.rsystem_main.obj
 0001:000008a1       ?init@RSystem@rsystem@base@UModSys@@QAE_NXZ 004018a1 f   umodsys_lib_basesys:umodsys.basesys.rsystem_main.obj
 0001:00000991       ?deinit@RSystem@rsystem@base@UModSys@@QAE_NXZ 00401991 f   umodsys_lib_basesys:umodsys.basesys.rsystem_main.obj
 0001:00000a4b       ?set_console@RSystem@rsystem@base@UModSys@@QAEXPAUIConsole@34@@Z 00401a4b f   umodsys_lib_basesys:umodsys.basesys.rsystem_main.obj
 0001:00000a72       ??0RSystem@rsystem@base@UModSys@@QAE@XZ 00401a72 f   umodsys_lib_basesys:umodsys.basesys.rsystem_main.obj
 0001:00000b91       ??_GRSystem@rsystem@base@UModSys@@UAEPAXI@Z 00401b91 f i umodsys_lib_basesys:umodsys.basesys.rsystem_main.obj
 0001:00000b91       ??_ERSystem@rsystem@base@UModSys@@UAEPAXI@Z 00401b91 f i  CIL library: CIL module
 0001:00000ba0       ??1RSystem@rsystem@base@UModSys@@UAE@XZ 00401ba0 f   umodsys_lib_basesys:umodsys.basesys.rsystem_main.obj
 0001:00000c39       ?dbg_put@rsystem@base@UModSys@@YAXW4eRSystemDebugLevels@123@PBDZZ 00401c39 f   umodsys_lib_basesys:umodsys.basesys.rsystem_main.obj
 0001:00000c65       ?err_put@rsystem@base@UModSys@@YAXW4eRSystemDebugLevels@123@PBDZZ 00401c65 f   umodsys_lib_basesys:umodsys.basesys.rsystem_main.obj
 0001:00000c91       ??1?$TStaticStringPool@DU?$TComparerBinaryHash@D@su@tl@UModSys@@USMemAlloc_Malloc@core@4@@tl@UModSys@@QAE@XZ 00401c91 f i umodsys_lib_basesys:umodsys.basesys.rsystem_main.obj
 0001:00000c96       ??1?$TQuantArrayUnique@USUniquePointerInfo@core@UModSys@@$0BAA@USMemAlloc_Malloc@23@@tl@UModSys@@QAE@XZ 00401c96 f i umodsys_lib_basesys:umodsys.basesys.rsystem_main.obj
 0001:00000c96       ??1?$TQuantArrayUnique@USSourceContext@core@UModSys@@$0BAA@USMemAlloc_Malloc@23@@tl@UModSys@@QAE@XZ 00401c96 f i umodsys_lib_basesys:umodsys.basesys.rsystem_main.obj
 0001:00000ccc       ??1?$TTreeHoldRBD@U?$TQuantArrayNode@USUniquePointerInfo@core@UModSys@@$0BAA@@tl@UModSys@@U?$TNodeDeleter@U?$TQuantArrayNode@USUniquePointerInfo@core@UModSys@@$0BAA@@tl@UModSys@@USMemAlloc_Malloc@core@3@@23@@tl@UModSys@@QAE@XZ 00401ccc f i umodsys_lib_basesys:umodsys.basesys.rsystem_main.obj
 0001:00000ccc       ??1?$TTreeHoldRBD@U?$TQuantArrayNode@USSourceContext@core@UModSys@@$0BAA@@tl@UModSys@@U?$TNodeDeleter@U?$TQuantArrayNode@USSourceContext@core@UModSys@@$0BAA@@tl@UModSys@@USMemAlloc_Malloc@core@3@@23@@tl@UModSys@@QAE@XZ 00401ccc f i umodsys_lib_basesys:umodsys.basesys.rsystem_main.obj
 0001:00000ce2       ?mem_alloc@?$TRMemAlloc_CC@U?$TMemAllocHeader@USMagic@mem_headers@rsystem@base@UModSys@@U?$TPool@X@2345@USDebug@2345@UVoid@core@5@@rsystem@base@UModSys@@USMemAlloc_Malloc@core@4@@rsystem@base@UModSys@@UAEPAXIPBUSSourceContext@core@4@@Z 00401ce2 f i umodsys_lib_basesys:umodsys.basesys.rsystem_main.obj
 0001:00000d16       ?mem_realloc@?$TRMemAlloc_CC@U?$TMemAllocHeader@USMagic@mem_headers@rsystem@base@UModSys@@U?$TPool@X@2345@USDebug@2345@UVoid@core@5@@rsystem@base@UModSys@@USMemAlloc_Malloc@core@4@@rsystem@base@UModSys@@UAEPAXPAXIPBUSSourceContext@core@4@@Z 00401d16 f i umodsys_lib_basesys:umodsys.basesys.rsystem_main.obj
 0001:00000e71       ?mem_free@?$TRMemAlloc_CC@U?$TMemAllocHeader@USMagic@mem_headers@rsystem@base@UModSys@@U?$TPool@X@2345@USDebug@2345@UVoid@core@5@@rsystem@base@UModSys@@USMemAlloc_Malloc@core@4@@rsystem@base@UModSys@@UAEXPAXPBUSSourceContext@core@4@@Z 00401e71 f i umodsys_lib_basesys:umodsys.basesys.rsystem_main.obj
 0001:00000ee5       ?free@?$TStaticStringPool@DU?$TComparerBinaryHash@D@su@tl@UModSys@@USMemAlloc_Malloc@core@4@@tl@UModSys@@QAEXXZ 00401ee5 f i umodsys_lib_basesys:umodsys.basesys.rsystem_main.obj
 0001:00000f20       ?next_node@?$TTreeHoldRB@U?$TQuantArrayNode@USSourceContext@core@UModSys@@$0BAA@@tl@UModSys@@@tl@UModSys@@SAPAU?$TQuantArrayNode@USSourceContext@core@UModSys@@$0BAA@@23@PAU423@@Z 00401f20 f i umodsys_lib_basesys:umodsys.basesys.rsystem.obj
 0001:00000f20       ?next_node@?$TTreeHoldRB@U?$TQuantArrayNode@USUniquePointerInfo@core@UModSys@@$0BAA@@tl@UModSys@@@tl@UModSys@@SAPAU?$TQuantArrayNode@USUniquePointerInfo@core@UModSys@@$0BAA@@23@PAU423@@Z 00401f20 f i umodsys_lib_basesys:umodsys.basesys.rsystem_main.obj
 0001:00000f45       ??$process@UEFatal@core@UModSys@@@IExceptionHandler@core@UModSys@@QAEXABUEFatal@12@@Z 00401f45 f i umodsys_lib_basesys:umodsys.basesys.rsystem_main.obj
 0001:00000f77       ??$process_nodes_r@U?$TNodeDeleter@U?$TQuantArrayNode@USSourceContext@core@UModSys@@$0BAA@@tl@UModSys@@USMemAlloc_Malloc@core@3@@tl@UModSys@@@?$TTreeHoldRB@U?$TQuantArrayNode@USSourceContext@core@UModSys@@$0BAA@@tl@UModSys@@@tl@UModSys@@KAHPAU?$TQuantArrayNode@USSourceContext@core@UModSys@@$0BAA@@12@ABU?$TNodeDeleter@U?$TQuantArrayNode@USSourceContext@core@UModSys@@$0BAA@@tl@UModSys@@USMemAlloc_Malloc@core@3@@12@@Z 00401f77 f i umodsys_lib_basesys:umodsys.basesys.rsystem_main.obj
 0001:00000f77       ??$process_nodes_r@U?$TNodeDeleter@U?$TQuantArrayNode@USUniquePointerInfo@core@UModSys@@$0BAA@@tl@UModSys@@USMemAlloc_Malloc@core@3@@tl@UModSys@@@?$TTreeHoldRB@U?$TQuantArrayNode@USUniquePointerInfo@core@UModSys@@$0BAA@@tl@UModSys@@@tl@UModSys@@KAHPAU?$TQuantArrayNode@USUniquePointerInfo@core@UModSys@@$0BAA@@12@ABU?$TNodeDeleter@U?$TQuantArrayNode@USUniquePointerInfo@core@UModSys@@$0BAA@@tl@UModSys@@USMemAlloc_Malloc@core@3@@12@@Z 00401f77 f i umodsys_lib_basesys:umodsys.basesys.rsystem_main.obj
 0001:00000fb9       ??0EFatal@core@UModSys@@QAE@ABU012@@Z 00401fb9 f i umodsys_lib_basesys:umodsys.basesys.rsystem_main.obj
 0001:00000fd1       ??0EExceptionBase@core@UModSys@@QAE@ABU012@@Z 00401fd1 f i umodsys_lib_basesys:umodsys.basesys.rsystem_main.obj
 0001:00000ff9       ??0EWarning@core@UModSys@@QAE@ABU012@@Z 00401ff9 f i umodsys_lib_basesys:umodsys.basesys.rsystem_main.obj
 0001:00001011       ?exec_test_shells@RSystem@rsystem@base@UModSys@@QAE_NXZ 00402011 f   umodsys_lib_basesys:umodsys.basesys.rsystem_tests.obj
 0001:00001181       ??1?$TParametersA@$0EAA@@core@UModSys@@QAE@XZ 00402181 f i umodsys_lib_basesys:umodsys.basesys.rsystem_tests.obj
 0001:0000118e       ??$t_moduledb_generate@UIShell@base@UModSys@@@IModuleLoader@base@UModSys@@QAE_NAAU?$TRefObject@UIShell@base@UModSys@@@tl@2@PBUSUniquePointerInfo@core@2@ABUSParameters@62@@Z 0040218e f i umodsys_lib_basesys:umodsys.basesys.rsystem_tests.obj
 0001:00001220       ?eq@SModuleInfo@base@UModSys@@QBE_NABU?$TString@U?$TSCoreConst@D@su@tl@UModSys@@U?$TComparerBinaryHash@D@234@@tl@3@ABUSVersion@core@3@@Z 00402220 f i umodsys_lib_basesys:umodsys.basesys.rmoduleloader.obj
 0001:00001245       ?moduledb_findobjname@RModuleLoader@rsystem@base@UModSys@@UAEIPBUSUniquePointerInfo@core@4@QAPBU564@I@Z 00402245 f   umodsys_lib_basesys:umodsys.basesys.rmoduleloader.obj
 0001:000012ac       ?moduledb_generate@RModuleLoader@rsystem@base@UModSys@@UAE_NAAU?$TRefObject@UIRefObject@core@UModSys@@@tl@4@PBUSUniquePointerInfo@core@4@ABUSParameters@84@@Z 004022ac f   umodsys_lib_basesys:umodsys.basesys.rmoduleloader.obj
 0001:00001301       ?moduledb_lib_count@RModuleLoader@rsystem@base@UModSys@@UAEIXZ 00402301 f   umodsys_lib_basesys:umodsys.basesys.rmoduleloader.obj
 0001:00001306       ?moduledb_lib_get@RModuleLoader@rsystem@base@UModSys@@UBEPAUIModuleLibrary@34@I@Z 00402306 f   umodsys_lib_basesys:umodsys.basesys.rmoduleloader.obj
 0001:00001326       ?moduledb_lib_drop@RModuleLoader@rsystem@base@UModSys@@UAE_NPAUIModuleLibrary@34@@Z 00402326 f   umodsys_lib_basesys:umodsys.basesys.rmoduleloader.obj
 0001:00001326       ?moduledb_load@RModuleLoader@rsystem@base@UModSys@@UAE_NABU?$TString@U?$TSCoreConst@D@su@tl@UModSys@@U?$TComparerBinaryHash@D@234@@tl@4@@Z 00402326 f   umodsys_lib_basesys:umodsys.basesys.rmoduleloader.obj
 0001:0000132b       ?moduledb_module_count@RModuleLoader@rsystem@base@UModSys@@UAEIXZ 0040232b f   umodsys_lib_basesys:umodsys.basesys.rmoduleloader.obj
 0001:0000134d       ?moduledb_module_get@RModuleLoader@rsystem@base@UModSys@@UBEPAUIModule@34@I@Z 0040234d f   umodsys_lib_basesys:umodsys.basesys.rmoduleloader.obj
 0001:0000139b       ?moduledb_find@RModuleLoader@rsystem@base@UModSys@@UBEPAUIModule@34@ABU?$TString@U?$TSCoreConst@D@su@tl@UModSys@@U?$TComparerBinaryHash@D@234@@tl@4@ABUSVersion@core@4@@Z 0040239b f   umodsys_lib_basesys:umodsys.basesys.rmoduleloader.obj
 0001:00001452       ?moduledb_clear@RModuleLoader@rsystem@base@UModSys@@UAEXXZ 00402452 f   umodsys_lib_basesys:umodsys.basesys.rmoduleloader.obj
 0001:000014a6       ?moduledb_cleanup@RModuleLoader@rsystem@base@UModSys@@UAEIXZ 004024a6 f   umodsys_lib_basesys:umodsys.basesys.rmoduleloader.obj
 0001:000015a6       ?moduledb_save@RModuleLoader@rsystem@base@UModSys@@UAE_NABU?$TString@U?$TSCoreConst@D@su@tl@UModSys@@U?$TComparerBinaryHash@D@234@@tl@4@@Z 004025a6 f   umodsys_lib_basesys:umodsys.basesys.rmoduleloader.obj
 0001:00001626       ?moduledb_scan@RModuleLoader@rsystem@base@UModSys@@UAEIABU?$TString@U?$TSCoreConst@D@su@tl@UModSys@@U?$TComparerBinaryHash@D@234@@tl@4@_N@Z 00402626 f   umodsys_lib_basesys:umodsys.basesys.rmoduleloader.obj
 0001:000016b4       ?moduledb_get_string@RModuleLoader@rsystem@base@UModSys@@UAEABU?$TString@U?$TSCoreConst@D@su@tl@UModSys@@U?$TComparerBinaryHash@D@234@@tl@4@ABU564@@Z 004026b4 f   umodsys_lib_basesys:umodsys.basesys.rmoduleloader.obj
 0001:000016c6       ??_ERModuleLoader@rsystem@base@UModSys@@UAEPAXI@Z 004026c6 f i  CIL library: CIL module
 0001:000016c6       ??_GRModuleLoader@rsystem@base@UModSys@@UAEPAXI@Z 004026c6 f i umodsys_lib_basesys:umodsys.basesys.rmoduleloader.obj
 0001:000016e3       ??_GIModuleLoader@base@UModSys@@UAEPAXI@Z 004026e3 f i umodsys_lib_basesys:umodsys.basesys.rmoduleloader.obj
 0001:000016e3       ??_EIModuleLoader@base@UModSys@@UAEPAXI@Z 004026e3 f i  CIL library: CIL module
 0001:00001700       ??1RModuleLoader@rsystem@base@UModSys@@UAE@XZ 00402700 f   umodsys_lib_basesys:umodsys.basesys.rmoduleloader.obj
 0001:00001766       ?append@?$TStaticStringPool@DU?$TComparerBinaryHash@D@su@tl@UModSys@@USMemAlloc_Malloc@core@4@@tl@UModSys@@QAEPBU?$TString@U?$TSCoreConst@D@su@tl@UModSys@@U?$TComparerBinaryHash@D@234@@23@PBD@Z 00402766 f i umodsys_lib_basesys:umodsys.basesys.rmoduleloader.obj
 0001:00001796       ??1?$TDynarrayDynamic@U?$TRefObject@URModuleLibrarySO@rsystem@base@UModSys@@@tl@UModSys@@U?$TAllocator@USMemAlloc_Malloc@core@UModSys@@USCountCalcPower2@23@@23@@tl@UModSys@@QAE@XZ 00402796 f i umodsys_lib_basesys:umodsys.basesys.rmoduleloader.obj
 0001:000017b4       ?Free@?$TDynarray@U?$TDynarrayHolderDynamic@U?$TRefObject@URModuleLibrarySO@rsystem@base@UModSys@@@tl@UModSys@@U?$TAllocator@USMemAlloc_Malloc@core@UModSys@@USCountCalcPower2@23@@23@@tl@UModSys@@@tl@UModSys@@QAE_NXZ 004027b4 f i umodsys_lib_basesys:umodsys.basesys.rmoduleloader.obj
 0001:000017dc       ?Resize@?$TDynarray@U?$TDynarrayHolderDynamic@U?$TRefObject@URModuleLibrarySO@rsystem@base@UModSys@@@tl@UModSys@@U?$TAllocator@USMemAlloc_Malloc@core@UModSys@@USCountCalcPower2@23@@23@@tl@UModSys@@@tl@UModSys@@QAE_NI@Z 004027dc f i umodsys_lib_basesys:umodsys.basesys.rmoduleloader.obj
 0001:00001836       ??$?8U?$TSCoreConst@D@su@tl@UModSys@@U?$TComparerBinaryHash@D@123@@?$TString@U?$TSCoreConst@D@su@tl@UModSys@@U?$TComparerBinaryHash@D@234@@tl@UModSys@@QBE_NABU012@@Z 00402836 f i umodsys_lib_basesys:umodsys.basesys.rmoduleloader.obj
 0001:00001871       ?append@?$TStaticStringPool@DU?$TComparerBinaryHash@D@su@tl@UModSys@@USMemAlloc_Malloc@core@4@@tl@UModSys@@QAEPBU?$TString@U?$TSCoreConst@D@su@tl@UModSys@@U?$TComparerBinaryHash@D@234@@23@PBDI@Z 00402871 f i umodsys_lib_basesys:umodsys.basesys.rmoduleloader.obj
 0001:000019a3       ?items_destruct@?$TDynarray@U?$TDynarrayHolderDynamic@U?$TRefObject@URModuleLibrarySO@rsystem@base@UModSys@@@tl@UModSys@@U?$TAllocator@USMemAlloc_Malloc@core@UModSys@@USCountCalcPower2@23@@23@@tl@UModSys@@@tl@UModSys@@IAEXII@Z 004029a3 f i umodsys_lib_basesys:umodsys.basesys.rmoduleloader.obj
 0001:000019ce       ?append@CharChunk@?$TStaticStringPool@DU?$TComparerBinaryHash@D@su@tl@UModSys@@USMemAlloc_Malloc@core@4@@tl@UModSys@@QAEPADPBDI@Z 004029ce f i umodsys_lib_basesys:umodsys.basesys.rmoduleloader.obj
 0001:000019f7       ??1?$TRefObject@URModuleLibrarySO@rsystem@base@UModSys@@@tl@UModSys@@QAE@XZ 004029f7 f i umodsys_lib_basesys:umodsys.basesys.rmoduleloader.obj
 0001:000019f7       ??1?$TRefObject@URParameters@rsystem@base@UModSys@@@tl@UModSys@@QAE@XZ 004029f7 f i umodsys_lib_basesys:umodsys.basesys.rsystem_main.obj
 0001:000019f7       ??1?$TRefObject@URStreamReader_FILE@media@UModSys@@@tl@UModSys@@QAE@XZ 004029f7 f i umodsys_lib_libmedia:umodsys.mod.media.stdio.obj
 0001:000019f7       ??1?$TRefObject@UIRefObject@core@UModSys@@@tl@UModSys@@QAE@XZ 004029f7 f i umodsys_lib_basesys:umodsys.basesys.rsystem_tests.obj
 0001:000019f7       ??1?$TRefObject@UIShell@base@UModSys@@@tl@UModSys@@QAE@XZ 004029f7 f i umodsys_lib_basesys:umodsys.basesys.rsystem_tests.obj
 0001:000019f7       ??1?$TRefObject@UIModuleLibraryUni@rsystem@base@UModSys@@@tl@UModSys@@QAE@XZ 004029f7 f i umodsys_lib_basesys:umodsys.basesys.rmodule.obj
 0001:000019f7       ??1?$TRefObject@URStdIo_Generator@media@UModSys@@@tl@UModSys@@QAE@XZ 004029f7 f i umodsys_lib_libmedia:umodsys.mod.media.stdio.obj
 0001:00001a06       ?find_s@?$TStaticStringPool@DU?$TComparerBinaryHash@D@su@tl@UModSys@@USMemAlloc_Malloc@core@4@@tl@UModSys@@QBEPBU?$TString@U?$TSCoreConst@D@su@tl@UModSys@@U?$TComparerBinaryHash@D@234@@23@ABU423@@Z 00402a06 f i umodsys_lib_basesys:umodsys.basesys.rmoduleloader.obj
 0001:00001a5a       ?get_interface_info@RModuleLibraryThis@rsystem@base@UModSys@@UBEABUSUniquePointerInfo@core@4@XZ 00402a5a f i umodsys_lib_basesys:umodsys.basesys.rmodulelibthis.obj
 0001:00001a60       ?get_interface_type@RModuleLibraryThis@rsystem@base@UModSys@@UBEPBUSUniquePointerInfo@core@4@XZ 00402a60 f i umodsys_lib_basesys:umodsys.basesys.rmodulelibthis.obj
 0001:00001a66       ?get_interface_types@RModule@rsystem@base@UModSys@@UBEIAAUSUniquePtrList@core@4@@Z 00402a66 f i umodsys_lib_basesys:umodsys.basesys.rmodule.obj
 0001:00001a66       ?get_interface_types@RStdIo_Generator@media@UModSys@@UBEIAAUSUniquePtrList@core@3@@Z 00402a66 f i umodsys_lib_libmedia:umodsys.mod.media.stdio.obj
 0001:00001a66       ?get_interface_types@RParameters@rsystem@base@UModSys@@UBEIAAUSUniquePtrList@core@4@@Z 00402a66 f i umodsys_lib_basesys:umodsys.basesys.rparameters.obj
 0001:00001a66       ?get_interface_types@RModuleLibrarySO@rsystem@base@UModSys@@UBEIAAUSUniquePtrList@core@4@@Z 00402a66 f i umodsys_lib_basesys:umodsys.basesys.rmodulelibso.obj
 0001:00001a66       ?get_interface_types@RModuleLibraryThis@rsystem@base@UModSys@@UBEIAAUSUniquePtrList@core@4@@Z 00402a66 f i umodsys_lib_basesys:umodsys.basesys.rmodulelibthis.obj
 0001:00001a66       ?get_interface_types@RStreamReader_FILE@media@UModSys@@UBEIAAUSUniquePtrList@core@3@@Z 00402a66 f i umodsys_lib_libmedia:umodsys.mod.media.stdio.obj
 0001:00001a66       ?get_interface_types@RConsole_std@rsystem@base@UModSys@@UBEIAAUSUniquePtrList@core@4@@Z 00402a66 f i umodsys_lib_basesys:umodsys.basesys.rconsole_std.obj
 0001:00001a66       ?get_interface_types@RSystem@rsystem@base@UModSys@@UBEIAAUSUniquePtrList@core@4@@Z 00402a66 f i umodsys_lib_basesys:umodsys.basesys.rsystem_main.obj
 0001:00001a6b       ?get_other_interface@RModuleLibraryThis@rsystem@base@UModSys@@UAEPAUIRoot@core@4@PBUSUniquePointerInfo@64@@Z 00402a6b f i umodsys_lib_basesys:umodsys.basesys.rmodulelibthis.obj
 0001:00001a6b       ?get_other_interface@RModuleLibraryThis@rsystem@base@UModSys@@UBEPBUIRoot@core@4@PBUSUniquePointerInfo@64@@Z 00402a6b f i umodsys_lib_basesys:umodsys.basesys.rmodulelibthis.obj
 0001:00001a94       ?ref_add@RModuleLibraryThis@rsystem@base@UModSys@@UBEXXZ 00402a94 f i umodsys_lib_basesys:umodsys.basesys.rmodulelibthis.obj
 0001:00001a98       ?ref_remove@RModuleLibraryThis@rsystem@base@UModSys@@UBEXXZ 00402a98 f i umodsys_lib_basesys:umodsys.basesys.rmodulelibthis.obj
 0001:00001aa3       ?ref_links@RModuleLibraryThis@rsystem@base@UModSys@@UBEHXZ 00402aa3 f i umodsys_lib_basesys:umodsys.basesys.rmodulelibthis.obj
 0001:00001aa7       ?suicide@RModuleLibraryThis@rsystem@base@UModSys@@UAEXXZ 00402aa7 f i umodsys_lib_basesys:umodsys.basesys.rmodulelibthis.obj
 0001:00001ab5       ?uni_load@RModuleLibraryThis@rsystem@base@UModSys@@UAE_NXZ 00402ab5 f   umodsys_lib_basesys:umodsys.basesys.rmodulelibthis.obj
 0001:00001abf       ?uni_unload@RModuleLibraryThis@rsystem@base@UModSys@@UAE_NXZ 00402abf f   umodsys_lib_basesys:umodsys.basesys.rmodulelibthis.obj
 0001:00001abf       ?uni_close@RModuleLibraryThis@rsystem@base@UModSys@@UAE_NXZ 00402abf f   umodsys_lib_basesys:umodsys.basesys.rmodulelibthis.obj
 0001:00001abf       ?uni_open@RModuleLibraryThis@rsystem@base@UModSys@@UAE_NXZ 00402abf f   umodsys_lib_basesys:umodsys.basesys.rmodulelibthis.obj
 0001:00001ac2       ??_GRModuleLibraryThis@rsystem@base@UModSys@@UAEPAXI@Z 00402ac2 f i umodsys_lib_basesys:umodsys.basesys.rmodulelibthis.obj
 0001:00001ac2       ??_ERModuleLibraryThis@rsystem@base@UModSys@@UAEPAXI@Z 00402ac2 f i  CIL library: CIL module
 0001:00001afc       ?get_sys_libname@IModuleLibraryUni@rsystem@base@UModSys@@UBE?AU?$TString@U?$TSCoreConst@D@su@tl@UModSys@@U?$TComparerBinaryHash@D@234@@tl@4@XZ 00402afc f   umodsys_lib_basesys:umodsys.basesys.rmodulelib.obj
 0001:00001b14       ?get_privmem@IModuleLibraryUni@rsystem@base@UModSys@@UBEPAUIMemAlloc@core@4@XZ 00402b14 f   umodsys_lib_basesys:umodsys.basesys.rmodulelib.obj
 0001:00001b18       ?ref_links@RStreamReader_FILE@media@UModSys@@UBEHXZ 00402b18 f   umodsys_lib_libmedia:umodsys.mod.media.stdio.obj
 0001:00001b18       ?get_system@IModuleLibraryUni@rsystem@base@UModSys@@UBEPAUISystem@34@XZ 00402b18 f   umodsys_lib_basesys:umodsys.basesys.rmodulelib.obj
 0001:00001b18       ?ref_links@RStdIo_Generator@media@UModSys@@UBEHXZ 00402b18 f   umodsys_lib_libmedia:umodsys.mod.media.stdio.obj
 0001:00001b1c       ?get_module_count@IModuleLibraryUni@rsystem@base@UModSys@@UBEIXZ 00402b1c f   umodsys_lib_basesys:umodsys.basesys.rmodulelib.obj
 0001:00001b20       ?get_module@IModuleLibraryUni@rsystem@base@UModSys@@UBEPAUIModule@34@I@Z 00402b20 f   umodsys_lib_basesys:umodsys.basesys.rmodulelib.obj
 0001:00001b36       ?lib_loaded@IModuleLibraryUni@rsystem@base@UModSys@@UBE_NXZ 00402b36 f   umodsys_lib_basesys:umodsys.basesys.rmodulelib.obj
 0001:00001b3f       ?lib_load@IModuleLibraryUni@rsystem@base@UModSys@@UAE_NXZ 00402b3f f   umodsys_lib_basesys:umodsys.basesys.rmodulelib.obj
 0001:00001b5c       ?lib_unload@IModuleLibraryUni@rsystem@base@UModSys@@UAE_NXZ 00402b5c f   umodsys_lib_basesys:umodsys.basesys.rmodulelib.obj
 0001:00001b70       ?lib_free@IModuleLibraryUni@rsystem@base@UModSys@@UAE_NXZ 00402b70 f   umodsys_lib_basesys:umodsys.basesys.rmodulelib.obj
 0001:00001b89       ?lib_findobjname@IModuleLibraryUni@rsystem@base@UModSys@@UAEIPBUSUniquePointerInfo@core@4@QAPBU564@I@Z 00402b89 f   umodsys_lib_basesys:umodsys.basesys.rmodulelib.obj
 0001:00001bd7       ?lib_generate@IModuleLibraryUni@rsystem@base@UModSys@@UAE_NAAU?$TRefObject@UIRefObject@core@UModSys@@@tl@4@PBUSUniquePointerInfo@core@4@ABUSParameters@84@@Z 00402bd7 f   umodsys_lib_basesys:umodsys.basesys.rmodulelib.obj
 0001:00001c12       ?cleanup@IModuleLibraryUni@rsystem@base@UModSys@@QAEIXZ 00402c12 f   umodsys_lib_basesys:umodsys.basesys.rmodulelib.obj
 0001:00001c36       ?load0@IModuleLibraryUni@rsystem@base@UModSys@@QAE_NXZ 00402c36 f   umodsys_lib_basesys:umodsys.basesys.rmodulelib.obj
 0001:00001c75       ?link@IModuleLibraryUni@rsystem@base@UModSys@@QAE_NXZ 00402c75 f   umodsys_lib_basesys:umodsys.basesys.rmodulelib.obj
 0001:00001dfb       ?unlink@IModuleLibraryUni@rsystem@base@UModSys@@QAE_NXZ 00402dfb f   umodsys_lib_basesys:umodsys.basesys.rmodulelib.obj
 0001:00001e2e       ?scan@IModuleLibraryUni@rsystem@base@UModSys@@QAE_NXZ 00402e2e f   umodsys_lib_basesys:umodsys.basesys.rmodulelib.obj
 0001:00001e7d       ?save_db@IModuleLibraryUni@rsystem@base@UModSys@@QAE_NPAU_iobuf@@@Z 00402e7d f   umodsys_lib_basesys:umodsys.basesys.rmodulelib.obj
 0001:00001ef0       ??0IModuleLibraryUni@rsystem@base@UModSys@@QAE@PAUISystem@23@PAUIModuleLibraryReg@23@@Z 00402ef0 f   umodsys_lib_basesys:umodsys.basesys.rmodulelib.obj
 0001:00001f25       ??_EIModuleLibraryUni@rsystem@base@UModSys@@UAEPAXI@Z 00402f25 f i  CIL library: CIL module
 0001:00001f25       ??_GIModuleLibraryUni@rsystem@base@UModSys@@UAEPAXI@Z 00402f25 f i umodsys_lib_basesys:umodsys.basesys.rmodulelib.obj
 0001:00001f33       ??1IModuleLibraryUni@rsystem@base@UModSys@@UAE@XZ 00402f33 f   umodsys_lib_basesys:umodsys.basesys.rmodulelib.obj
 0001:00001f59       ??1?$TDynarray@U?$TDynarrayHolderDynamic@U?$TRefObject@URModule@rsystem@base@UModSys@@@tl@UModSys@@U?$TAllocator@USMemAlloc_Malloc@core@UModSys@@USCountCalcPower2@23@@23@@tl@UModSys@@@tl@UModSys@@QAE@XZ 00402f59 f i umodsys_lib_basesys:umodsys.basesys.rmodulelib.obj
 0001:00001f91       ?ResizeRel@?$TDynarray@U?$TDynarrayHolderDynamic@U?$TRefObject@URModule@rsystem@base@UModSys@@@tl@UModSys@@U?$TAllocator@USMemAlloc_Malloc@core@UModSys@@USCountCalcPower2@23@@23@@tl@UModSys@@@tl@UModSys@@QAE_NH@Z 00402f91 f i umodsys_lib_basesys:umodsys.basesys.rmodulelib.obj
 0001:00002011       ?info_release@?$TSCoreShared@USMemAlloc_Malloc@core@UModSys@@D@su@tl@UModSys@@QAEXXZ 00403011 f i umodsys_lib_basesys:umodsys.basesys.rmodulelib.obj
 0001:0000203b       ?ReLink@?$TDynarray@U?$TDynarrayHolderDynamic@U?$TRefObject@URModuleLibrarySO@rsystem@base@UModSys@@@tl@UModSys@@U?$TAllocator@USMemAlloc_Malloc@core@UModSys@@USCountCalcPower2@23@@23@@tl@UModSys@@@tl@UModSys@@IAE_NI@Z 0040303b f i umodsys_lib_basesys:umodsys.basesys.rmoduleloader.obj
 0001:0000203b       ?ReLink@?$TDynarray@U?$TDynarrayHolderDynamic@U?$TRefObject@URModule@rsystem@base@UModSys@@@tl@UModSys@@U?$TAllocator@USMemAlloc_Malloc@core@UModSys@@USCountCalcPower2@23@@23@@tl@UModSys@@@tl@UModSys@@IAE_NI@Z 0040303b f i umodsys_lib_basesys:umodsys.basesys.rmodulelib.obj
 0001:00002077       ?scalar_compare@core@UModSys@@YAHABUSUniquePointerInfo@12@0@Z 00403077 f i umodsys_lib_basesys:umodsys.basesys.rsystem.obj
 0001:000020ba       ?upi_add@RSystem@rsystem@base@UModSys@@UAEPBUSUniquePointerInfo@core@4@PBU564@@Z 004030ba f   umodsys_lib_basesys:umodsys.basesys.rsystem.obj
 0001:0000214b       ?upi_remove@RSystem@rsystem@base@UModSys@@UAEHPBUSUniquePointerInfo@core@4@@Z 0040314b f   umodsys_lib_basesys:umodsys.basesys.rsystem.obj
 0001:00002151       ?persist_ctx@RSystem@rsystem@base@UModSys@@UAEPBUSSourceContext@core@4@PBU564@@Z 00403151 f   umodsys_lib_basesys:umodsys.basesys.rsystem.obj
 0001:000021e2       ?get_params@RSystem@rsystem@base@UModSys@@UAEPAUIParameters@core@4@XZ 004031e2 f   umodsys_lib_basesys:umodsys.basesys.rsystem.obj
 0001:000021e6       ?get_sysmem@RSystem@rsystem@base@UModSys@@UAEPAUIMemAlloc@core@4@XZ 004031e6 f   umodsys_lib_basesys:umodsys.basesys.rsystem.obj
 0001:000021ed       ?get_sharemem@RSystem@rsystem@base@UModSys@@UAEPAUIMemAlloc@core@4@XZ 004031ed f   umodsys_lib_basesys:umodsys.basesys.rsystem.obj
 0001:000021f4       ?get_modloader@RSystem@rsystem@base@UModSys@@UAEPAUIModuleLoader@34@XZ 004031f4 f   umodsys_lib_basesys:umodsys.basesys.rsystem.obj
 0001:000021f8       ?get_upr@RSystem@rsystem@base@UModSys@@UAEPAUIUniquePointerResolver@core@4@XZ 004031f8 f   umodsys_lib_basesys:umodsys.basesys.rsystem.obj
 0001:00002203       ?get_sca@RSystem@rsystem@base@UModSys@@UAEPAUISourceContextAdapter@core@4@XZ 00403203 f   umodsys_lib_basesys:umodsys.basesys.rsystem.obj
 0001:0000220e       ?find@?$TQuantArrayUnique@USUniquePointerInfo@core@UModSys@@$0BAA@USMemAlloc_Malloc@23@@tl@UModSys@@QAEPBUSUniquePointerInfo@core@3@ABU453@@Z 0040320e f i umodsys_lib_basesys:umodsys.basesys.rsystem.obj
 0001:0000226c       ?add@?$TQuantArrayUnique@USUniquePointerInfo@core@UModSys@@$0BAA@USMemAlloc_Malloc@23@@tl@UModSys@@QAEPAUSUniquePointerInfo@core@3@ABU453@@Z 0040326c f i umodsys_lib_basesys:umodsys.basesys.rsystem.obj
 0001:0000226c       ?add@?$TQuantArrayUnique@USSourceContext@core@UModSys@@$0BAA@USMemAlloc_Malloc@23@@tl@UModSys@@QAEPAUSSourceContext@core@3@ABU453@@Z 0040326c f i umodsys_lib_basesys:umodsys.basesys.rsystem.obj
 0001:0000237c       ?find@?$TQuantArrayUnique@USSourceContext@core@UModSys@@$0BAA@USMemAlloc_Malloc@23@@tl@UModSys@@QAEPBUSSourceContext@core@3@ABU453@@Z 0040337c f i umodsys_lib_basesys:umodsys.basesys.rsystem.obj
 0001:0000241b       ?insert_color@?$TTreeHoldRB@U?$TQuantArrayNode@USUniquePointerInfo@core@UModSys@@$0BAA@@tl@UModSys@@@tl@UModSys@@IAEXPAU?$TQuantArrayNode@USUniquePointerInfo@core@UModSys@@$0BAA@@23@@Z 0040341b f i umodsys_lib_basesys:umodsys.basesys.rsystem.obj
 0001:0000241b       ?insert_color@?$TTreeHoldRB@U?$TQuantArrayNode@USSourceContext@core@UModSys@@$0BAA@@tl@UModSys@@@tl@UModSys@@IAEXPAU?$TQuantArrayNode@USSourceContext@core@UModSys@@$0BAA@@23@@Z 0040341b f i umodsys_lib_basesys:umodsys.basesys.rsystem.obj
 0001:000024c9       ?rotate_right@?$TTreeHoldRB@U?$TQuantArrayNode@USSourceContext@core@UModSys@@$0BAA@@tl@UModSys@@@tl@UModSys@@IAEXPAU?$TQuantArrayNode@USSourceContext@core@UModSys@@$0BAA@@23@@Z 004034c9 f i umodsys_lib_basesys:umodsys.basesys.rsystem.obj
 0001:000024c9       ?rotate_right@?$TTreeHoldRB@U?$TQuantArrayNode@USUniquePointerInfo@core@UModSys@@$0BAA@@tl@UModSys@@@tl@UModSys@@IAEXPAU?$TQuantArrayNode@USUniquePointerInfo@core@UModSys@@$0BAA@@23@@Z 004034c9 f i umodsys_lib_basesys:umodsys.basesys.rsystem.obj
 0001:00002508       ?rotate_left@?$TTreeHoldRB@U?$TQuantArrayNode@USSourceContext@core@UModSys@@$0BAA@@tl@UModSys@@@tl@UModSys@@IAEXPAU?$TQuantArrayNode@USSourceContext@core@UModSys@@$0BAA@@23@@Z 00403508 f i umodsys_lib_basesys:umodsys.basesys.rsystem.obj
 0001:00002508       ?rotate_left@?$TTreeHoldRB@U?$TQuantArrayNode@USUniquePointerInfo@core@UModSys@@$0BAA@@tl@UModSys@@@tl@UModSys@@IAEXPAU?$TQuantArrayNode@USUniquePointerInfo@core@UModSys@@$0BAA@@23@@Z 00403508 f i umodsys_lib_basesys:umodsys.basesys.rsystem.obj
 0001:00002547       ?get_interface_info@RParameters@rsystem@base@UModSys@@UBEABUSUniquePointerInfo@core@4@XZ 00403547 f i umodsys_lib_basesys:umodsys.basesys.rparameters.obj
 0001:0000254d       ?get_interface_type@RParameters@rsystem@base@UModSys@@UBEPBUSUniquePointerInfo@core@4@XZ 0040354d f i umodsys_lib_basesys:umodsys.basesys.rparameters.obj
 0001:00002553       ?get_other_interface@RParameters@rsystem@base@UModSys@@UBEPBUIRoot@core@4@PBUSUniquePointerInfo@64@@Z 00403553 f i umodsys_lib_basesys:umodsys.basesys.rparameters.obj
 0001:00002553       ?get_other_interface@RParameters@rsystem@base@UModSys@@UAEPAUIRoot@core@4@PBUSUniquePointerInfo@64@@Z 00403553 f i umodsys_lib_basesys:umodsys.basesys.rparameters.obj
 0001:00002574       ?ref_add@RParameters@rsystem@base@UModSys@@UBEXXZ 00403574 f i umodsys_lib_basesys:umodsys.basesys.rparameters.obj
 0001:00002578       ?ref_remove@RParameters@rsystem@base@UModSys@@UBEXXZ 00403578 f i umodsys_lib_basesys:umodsys.basesys.rparameters.obj
 0001:00002583       ?get_console@RSystem@rsystem@base@UModSys@@UAEPAUIConsole@34@XZ 00403583 f i umodsys_lib_basesys:umodsys.basesys.rsystem.obj
 0001:00002583       ?ref_links@RParameters@rsystem@base@UModSys@@UBEHXZ 00403583 f i umodsys_lib_basesys:umodsys.basesys.rparameters.obj
 0001:00002587       ?suicide@RParameters@rsystem@base@UModSys@@UAEXXZ 00403587 f i umodsys_lib_basesys:umodsys.basesys.rparameters.obj
 0001:00002595       ?find_elem@RParameters@rsystem@base@UModSys@@IAEPBUElem@1234@PBXHHHPBD@Z 00403595 f   umodsys_lib_basesys:umodsys.basesys.rparameters.obj
 0001:0000260e       ?estimate_size@RParameters@rsystem@base@UModSys@@IAEHAAUElem@1234@HPBDHH@Z 0040360e f   umodsys_lib_basesys:umodsys.basesys.rparameters.obj
 0001:00002673       ?free_elems@RParameters@rsystem@base@UModSys@@IAEXPAXH@Z 00403673 f   umodsys_lib_basesys:umodsys.basesys.rparameters.obj
 0001:000026cb       ?alloc_elems@RParameters@rsystem@base@UModSys@@IAEXPAXH@Z 004036cb f   umodsys_lib_basesys:umodsys.basesys.rparameters.obj
 0001:00002718       ?add_last@RParameters@rsystem@base@UModSys@@IAE_NPAUSParametersData@core@4@PBDPBXH@Z 00403718 f   umodsys_lib_basesys:umodsys.basesys.rparameters.obj
 0001:000028dc       ?p_deinit@RParameters@rsystem@base@UModSys@@UAEXPAUSParametersData@core@4@@Z 004038dc f   umodsys_lib_basesys:umodsys.basesys.rparameters.obj
 0001:00002931       ?p_init@RParameters@rsystem@base@UModSys@@UAEXPAUSParametersData@core@4@H@Z 00403931 f   umodsys_lib_basesys:umodsys.basesys.rparameters.obj
 0001:00002975       ?p_init@RParameters@rsystem@base@UModSys@@UAEXPAUSParametersData@core@4@ABU564@@Z 00403975 f   umodsys_lib_basesys:umodsys.basesys.rparameters.obj
 0001:000029fc       ?p_copy@RParameters@rsystem@base@UModSys@@UAEXPAUSParametersData@core@4@ABU564@@Z 004039fc f   umodsys_lib_basesys:umodsys.basesys.rparameters.obj
 0001:00002aee       ?p_init_s@RParameters@rsystem@base@UModSys@@UAEXPAUSParametersData@core@4@PAXH@Z 00403aee f   umodsys_lib_basesys:umodsys.basesys.rparameters.obj
 0001:00002b18       ?p_init_s@RParameters@rsystem@base@UModSys@@UAEXPAUSParametersData@core@4@ABU564@PAXH@Z 00403b18 f   umodsys_lib_basesys:umodsys.basesys.rparameters.obj
 0001:00002b81       ?next@RParameters@rsystem@base@UModSys@@UAE_NPBUSParametersData@core@4@AAPBD@Z 00403b81 f   umodsys_lib_basesys:umodsys.basesys.rparameters.obj
 0001:00002c24       ?next@RParameters@rsystem@base@UModSys@@UAE_NPBUSParametersData@core@4@AAU?$TString@U?$TSCoreConst@D@su@tl@UModSys@@U?$TComparerBinaryHash@D@234@@tl@4@@Z 00403c24 f   umodsys_lib_basesys:umodsys.basesys.rparameters.obj
 0001:00002cc5       ?add@RParameters@rsystem@base@UModSys@@UAE_NPAUSParametersData@core@4@PBD1@Z 00403cc5 f   umodsys_lib_basesys:umodsys.basesys.rparameters.obj
 0001:00002cdb       ?add@RParameters@rsystem@base@UModSys@@UAE_NPAUSParametersData@core@4@PBDH@Z 00403cdb f   umodsys_lib_basesys:umodsys.basesys.rparameters.obj
 0001:00002cf2       ?add@RParameters@rsystem@base@UModSys@@UAE_NPAUSParametersData@core@4@PBDABN@Z 00403cf2 f   umodsys_lib_basesys:umodsys.basesys.rparameters.obj
 0001:00002d08       ?add@RParameters@rsystem@base@UModSys@@UAE_NPAUSParametersData@core@4@PBDPAUIRefObject@64@@Z 00403d08 f   umodsys_lib_basesys:umodsys.basesys.rparameters.obj
 0001:00002d1f       ?get@RParameters@rsystem@base@UModSys@@UAE_NPBUSParametersData@core@4@PBDAAPBD@Z 00403d1f f   umodsys_lib_basesys:umodsys.basesys.rparameters.obj
 0001:00002d73       ?get@RParameters@rsystem@base@UModSys@@UAE_NPBUSParametersData@core@4@PBDAAH@Z 00403d73 f   umodsys_lib_basesys:umodsys.basesys.rparameters.obj
 0001:00002dc7       ?get@RParameters@rsystem@base@UModSys@@UAE_NPBUSParametersData@core@4@PBDAAN@Z 00403dc7 f   umodsys_lib_basesys:umodsys.basesys.rparameters.obj
 0001:00002e1b       ?get@RParameters@rsystem@base@UModSys@@UAE_NPBUSParametersData@core@4@PBDAAPAUIRefObject@64@@Z 00403e1b f   umodsys_lib_basesys:umodsys.basesys.rparameters.obj
 0001:00002e6f       ??_GRStdIo_Generator@media@UModSys@@UAEPAXI@Z 00403e6f f i umodsys_lib_libmedia:umodsys.mod.media.stdio.obj
 0001:00002e6f       ??_GIRoot@core@UModSys@@UAEPAXI@Z 00403e6f f i umodsys_lib_libmedia:umodsys.mod.media.stdio.obj
 0001:00002e6f       ??_GRParameters@rsystem@base@UModSys@@UAEPAXI@Z 00403e6f f i umodsys_lib_basesys:umodsys.basesys.rparameters.obj
 0001:00002e6f       ??_EIRoot@core@UModSys@@UAEPAXI@Z 00403e6f f i  CIL library: CIL module
 0001:00002e6f       ??_ERParameters@rsystem@base@UModSys@@UAEPAXI@Z 00403e6f f i  CIL library: CIL module
 0001:00002e6f       ??_ERStdIo_Generator@media@UModSys@@UAEPAXI@Z 00403e6f f i  CIL library: CIL module
 0001:00002e7a       ??4?$TString@U?$TSCoreConst@D@su@tl@UModSys@@U?$TComparerBinaryHash@D@234@@tl@UModSys@@QAEABU012@PBD@Z 00403e7a f i umodsys_lib_basesys:umodsys.basesys.rparameters.obj
 0001:00002e9b       ??$shash@D@su@tl@UModSys@@YAHPBD@Z 00403e9b f i umodsys_lib_basesys:umodsys.basesys.rparameters.obj
 0001:00002eb7       ??$t_alloc@UIMemAlloc@core@UModSys@@@SMemChunk@core@UModSys@@QAE_NAAUIMemAlloc@12@IPBUSSourceContext@12@@Z 00403eb7 f i umodsys_lib_basesys:umodsys.basesys.rparameters.obj
 0001:00002f78       ?pfd_load@RModuleLibrarySO@rsystem@base@UModSys@@SAPAUIModuleLibraryReg@34@PAUPFD_Data@1234@ABU?$TString@U?$TSCoreConst@D@su@tl@UModSys@@U?$TComparerBinaryHash@D@234@@tl@4@@Z 00403f78 f   umodsys_lib_basesys:umodsys.basesys.rmodule.win32.obj
 0001:00003032       ?pfd_unload@RModuleLibrarySO@rsystem@base@UModSys@@SA_NPAUPFD_Data@1234@@Z 00404032 f   umodsys_lib_basesys:umodsys.basesys.rmodule.win32.obj
 0001:0000328b       ??0?$U16String@$0BAAA@@syshlp@core@UModSys@@QAE@PBD@Z 0040428b f i umodsys_lib_basesys:umodsys.basesys.rmodule.win32.obj
 0001:000032bc       ?get_interface_info@RModule@rsystem@base@UModSys@@UBEABUSUniquePointerInfo@core@4@XZ 004042bc f i umodsys_lib_basesys:umodsys.basesys.rmodule.obj
 0001:000032c2       ?get_interface_type@RModule@rsystem@base@UModSys@@UBEPBUSUniquePointerInfo@core@4@XZ 004042c2 f i umodsys_lib_basesys:umodsys.basesys.rmodule.obj
 0001:000032c8       ?get_other_interface@RModule@rsystem@base@UModSys@@UBEPBUIRoot@core@4@PBUSUniquePointerInfo@64@@Z 004042c8 f i umodsys_lib_basesys:umodsys.basesys.rmodule.obj
 0001:000032c8       ?get_other_interface@RModule@rsystem@base@UModSys@@UAEPAUIRoot@core@4@PBUSUniquePointerInfo@64@@Z 004042c8 f i umodsys_lib_basesys:umodsys.basesys.rmodule.obj
 0001:000032e9       ?ref_add@RModule@rsystem@base@UModSys@@UBEXXZ 004042e9 f i umodsys_lib_basesys:umodsys.basesys.rmodule.obj
 0001:000032ed       ?ref_remove@RModule@rsystem@base@UModSys@@UBEXXZ 004042ed f i umodsys_lib_basesys:umodsys.basesys.rmodule.obj
 0001:000032f8       ?ref_links@RModule@rsystem@base@UModSys@@UBEHXZ 004042f8 f i umodsys_lib_basesys:umodsys.basesys.rmodule.obj
 0001:000032fc       ?suicide@RModule@rsystem@base@UModSys@@UAEXXZ 004042fc f i umodsys_lib_basesys:umodsys.basesys.rmodule.obj
 0001:0000333f       ?get_library@RModule@rsystem@base@UModSys@@UBEPAUIModuleLibrary@34@XZ 0040433f f   umodsys_lib_basesys:umodsys.basesys.rmodule.obj
 0001:00003343       ?get_info@RModule@rsystem@base@UModSys@@UBEABUSModuleInfo@34@XZ 00404343 f   umodsys_lib_basesys:umodsys.basesys.rmodule.obj
 0001:00003347       ?is_open@RModule@rsystem@base@UModSys@@UBE_NXZ 00404347 f   umodsys_lib_basesys:umodsys.basesys.rmodule.obj
 0001:00003360       ?open@RModule@rsystem@base@UModSys@@UAE_NXZ 00404360 f   umodsys_lib_basesys:umodsys.basesys.rmodule.obj
 0001:000033b0       ?close@RModule@rsystem@base@UModSys@@UAE_NXZ 004043b0 f   umodsys_lib_basesys:umodsys.basesys.rmodule.obj
 0001:000033ed       ?reg@RModule@rsystem@base@UModSys@@UAE_NPAUIModObject@34@_N@Z 004043ed f   umodsys_lib_basesys:umodsys.basesys.rmodule.obj
 0001:00003417       ?reg@RModule@rsystem@base@UModSys@@UAE_NPAUIGenerator@34@_N@Z 00404417 f   umodsys_lib_basesys:umodsys.basesys.rmodule.obj
 0001:00003459       ?mod_findobjname@RModule@rsystem@base@UModSys@@UAEIPBUSUniquePointerInfo@core@4@QAPBU564@I@Z 00404459 f   umodsys_lib_basesys:umodsys.basesys.rmodule.obj
 0001:000034cd       ?mod_generate@RModule@rsystem@base@UModSys@@UAE_NAAU?$TRefObject@UIRefObject@core@UModSys@@@tl@4@PBUSUniquePointerInfo@core@4@ABUSParameters@84@@Z 004044cd f   umodsys_lib_basesys:umodsys.basesys.rmodule.obj
 0001:000035bf       ?reg_generator@RModule@rsystem@base@UModSys@@QAE_NPAUModuleObjInfo@1234@PAUIGenerator@34@@Z 004045bf f   umodsys_lib_basesys:umodsys.basesys.rmodule.obj
 0001:00003723       ?reg_obj@RModule@rsystem@base@UModSys@@QAEPAUModuleObjInfo@1234@PAUIModObject@34@@Z 00404723 f   umodsys_lib_basesys:umodsys.basesys.rmodule.obj
 0001:00003817       ?unreg_obj@RModule@rsystem@base@UModSys@@QAE_NPAUIModObject@34@@Z 00404817 f   umodsys_lib_basesys:umodsys.basesys.rmodule.obj
 0001:000038a9       ?alloc_minfo@RModule@rsystem@base@UModSys@@QAE_NABUSModuleInfo@34@@Z 004048a9 f   umodsys_lib_basesys:umodsys.basesys.rmodule.obj
 0001:0000391c       ?save_db@RModule@rsystem@base@UModSys@@QAE_NPAU_iobuf@@@Z 0040491c f   umodsys_lib_basesys:umodsys.basesys.rmodule.obj
 0001:00003a97       ??0RModule@rsystem@base@UModSys@@QAE@PAUIModuleLibraryUni@123@PAUIModuleReg@23@@Z 00404a97 f   umodsys_lib_basesys:umodsys.basesys.rmodule.obj
 0001:00003b35       ??_GRModule@rsystem@base@UModSys@@UAEPAXI@Z 00404b35 f i umodsys_lib_basesys:umodsys.basesys.rmodule.obj
 0001:00003b35       ??_ERModule@rsystem@base@UModSys@@UAEPAXI@Z 00404b35 f i  CIL library: CIL module
 0001:00003b71       ??1?$TDynarrayDynamic@UModuleObjInfo@RModule@rsystem@base@UModSys@@U?$TAllocator@USMemAlloc_Malloc@core@UModSys@@USCountCalcPower2@23@@tl@5@@tl@UModSys@@QAE@XZ 00404b71 f i umodsys_lib_basesys:umodsys.basesys.rmodule.obj
 0001:00003b76       ??1?$TDynarrayDynamic@UGeneratedObjInfo@RModule@rsystem@base@UModSys@@U?$TAllocator@USMemAlloc_Malloc@core@UModSys@@USCountCalcPower2@23@@tl@5@@tl@UModSys@@QAE@XZ 00404b76 f i umodsys_lib_basesys:umodsys.basesys.rmodule.obj
 0001:00003b7b       ??1?$TDynarrayDynamic@PBUSUniquePointerInfo@core@UModSys@@U?$TAllocator@USMemAlloc_Malloc@core@UModSys@@USCountCalcPower2@23@@tl@3@@tl@UModSys@@QAE@XZ 00404b7b f i umodsys_lib_basesys:umodsys.basesys.rmodule.obj
 0001:00003b80       ??1?$TDynarray@U?$TDynarrayHolderDynamic@UModuleObjInfo@RModule@rsystem@base@UModSys@@U?$TAllocator@USMemAlloc_Malloc@core@UModSys@@USCountCalcPower2@23@@tl@5@@tl@UModSys@@@tl@UModSys@@QAE@XZ 00404b80 f i umodsys_lib_basesys:umodsys.basesys.rmodule.obj
 0001:00003bbe       ??1?$TDynarray@U?$TDynarrayHolderDynamic@UGeneratedObjInfo@RModule@rsystem@base@UModSys@@U?$TAllocator@USMemAlloc_Malloc@core@UModSys@@USCountCalcPower2@23@@tl@5@@tl@UModSys@@@tl@UModSys@@QAE@XZ 00404bbe f i umodsys_lib_basesys:umodsys.basesys.rmodule.obj
 0001:00003bf9       ??1?$TDynarray@U?$TDynarrayHolderDynamic@PBUSUniquePointerInfo@core@UModSys@@U?$TAllocator@USMemAlloc_Malloc@core@UModSys@@USCountCalcPower2@23@@tl@3@@tl@UModSys@@@tl@UModSys@@QAE@XZ 00404bf9 f i umodsys_lib_basesys:umodsys.basesys.rmodule.obj
 0001:00003c34       ?ResizeRel@?$TDynarray@U?$TDynarrayHolderDynamic@UModuleObjInfo@RModule@rsystem@base@UModSys@@U?$TAllocator@USMemAlloc_Malloc@core@UModSys@@USCountCalcPower2@23@@tl@5@@tl@UModSys@@@tl@UModSys@@QAE_NH@Z 00404c34 f i umodsys_lib_basesys:umodsys.basesys.rmodule.obj
 0001:00003cb6       ?ResizeRel@?$TDynarray@U?$TDynarrayHolderDynamic@UGeneratedObjInfo@RModule@rsystem@base@UModSys@@U?$TAllocator@USMemAlloc_Malloc@core@UModSys@@USCountCalcPower2@23@@tl@5@@tl@UModSys@@@tl@UModSys@@QAE_NH@Z 00404cb6 f i umodsys_lib_basesys:umodsys.basesys.rmodule.obj
 0001:00003d39       ?ResizeRel@?$TDynarray@U?$TDynarrayHolderDynamic@PBUSUniquePointerInfo@core@UModSys@@U?$TAllocator@USMemAlloc_Malloc@core@UModSys@@USCountCalcPower2@23@@tl@3@@tl@UModSys@@@tl@UModSys@@QAE_NH@Z 00404d39 f i umodsys_lib_basesys:umodsys.basesys.rmodule.obj
 0001:00003d96       ?get_interface_info@RModuleLibrarySO@rsystem@base@UModSys@@UBEABUSUniquePointerInfo@core@4@XZ 00404d96 f i umodsys_lib_basesys:umodsys.basesys.rmodulelibso.obj
 0001:00003d9c       ?get_interface_type@RModuleLibrarySO@rsystem@base@UModSys@@UBEPBUSUniquePointerInfo@core@4@XZ 00404d9c f i umodsys_lib_basesys:umodsys.basesys.rmodulelibso.obj
 0001:00003da2       ?get_other_interface@RModuleLibrarySO@rsystem@base@UModSys@@UBEPBUIRoot@core@4@PBUSUniquePointerInfo@64@@Z 00404da2 f i umodsys_lib_basesys:umodsys.basesys.rmodulelibso.obj
 0001:00003da2       ?get_other_interface@RModuleLibrarySO@rsystem@base@UModSys@@UAEPAUIRoot@core@4@PBUSUniquePointerInfo@64@@Z 00404da2 f i umodsys_lib_basesys:umodsys.basesys.rmodulelibso.obj
 0001:00003dcb       ?ref_add@RModuleLibrarySO@rsystem@base@UModSys@@UBEXXZ 00404dcb f i umodsys_lib_basesys:umodsys.basesys.rmodulelibso.obj
 0001:00003dcf       ?ref_remove@RModuleLibrarySO@rsystem@base@UModSys@@UBEXXZ 00404dcf f i umodsys_lib_basesys:umodsys.basesys.rmodulelibso.obj
 0001:00003dda       ?ref_links@RModuleLibrarySO@rsystem@base@UModSys@@UBEHXZ 00404dda f i umodsys_lib_basesys:umodsys.basesys.rmodulelibso.obj
 0001:00003dde       ?suicide@RModuleLibrarySO@rsystem@base@UModSys@@UAEXXZ 00404dde f i umodsys_lib_basesys:umodsys.basesys.rmodulelibso.obj
 0001:00003dec       ?uni_load@RModuleLibrarySO@rsystem@base@UModSys@@UAE_NXZ 00404dec f   umodsys_lib_basesys:umodsys.basesys.rmodulelibso.obj
 0001:00003e20       ?uni_unload@RModuleLibrarySO@rsystem@base@UModSys@@UAE_NXZ 00404e20 f   umodsys_lib_basesys:umodsys.basesys.rmodulelibso.obj
 0001:00003e2b       ?uni_open@RModuleLibrarySO@rsystem@base@UModSys@@UAE_NXZ 00404e2b f   umodsys_lib_basesys:umodsys.basesys.rmodulelibso.obj
 0001:00003e4d       ?uni_close@RModuleLibrarySO@rsystem@base@UModSys@@UAE_NXZ 00404e4d f   umodsys_lib_basesys:umodsys.basesys.rmodulelibso.obj
 0001:00003e5d       ?s_add@RModuleLibrarySO@rsystem@base@UModSys@@SA_NPAUISystem@34@AAU?$TDynarrayDynamic@U?$TRefObject@URModuleLibrarySO@rsystem@base@UModSys@@@tl@UModSys@@U?$TAllocator@USMemAlloc_Malloc@core@UModSys@@USCountCalcPower2@23@@23@@tl@4@PBD@Z 00404e5d f   umodsys_lib_basesys:umodsys.basesys.rmodulelibso.obj
 0001:00003fd0       ??_GRModuleLibrarySO@rsystem@base@UModSys@@UAEPAXI@Z 00404fd0 f i umodsys_lib_basesys:umodsys.basesys.rmodulelibso.obj
 0001:00003fd0       ??_ERModuleLibrarySO@rsystem@base@UModSys@@UAEPAXI@Z 00404fd0 f i  CIL library: CIL module
 0001:00004012       ?set@?$TString@U?$TSCoreShared@USMemAlloc_Malloc@core@UModSys@@D@su@tl@UModSys@@U?$TComparerBinaryHash@D@234@@tl@UModSys@@QAEXPBD@Z 00405012 f i umodsys_lib_basesys:umodsys.basesys.rmodulelibso.obj
 0001:00004089       ?Link@SModuleContext@base@UModSys@@QAEXPAUISystem@23@PAUIMemAlloc@core@3@@Z 00405089 f   umodsys_lib_base:umodsys.base.modulecontext.obj
 0001:000040c9       ?s_get@SModuleRegChain@base@UModSys@@SAPAUIModuleReg@23@I@Z 004050c9 f   umodsys_lib_base:umodsys.base.moduleregchain.obj
 0001:000040ed       ?mlr_count@RModuleLibraryReg_Chain@base@UModSys@@UBEIXZ 004050ed f   umodsys_lib_base:umodsys.base.moduleregchain.obj
 0001:00004100       ?mlr_get@RModuleLibraryReg_Chain@base@UModSys@@UBEPAUIModuleReg@23@I@Z 00405100 f   umodsys_lib_base:umodsys.base.moduleregchain.obj
 0001:0000410d       ?mlr_open@RModuleLibraryReg_Chain@base@UModSys@@UAE_NPAUISystem@23@PAUIMemAlloc@core@3@@Z 0040510d f   umodsys_lib_base:umodsys.base.moduleregchain.obj
 0001:00004133       ?mlr_close@RModuleLibraryReg_Chain@base@UModSys@@UAE_NXZ 00405133 f   umodsys_lib_base:umodsys.base.moduleregchain.obj
 0001:00004160       ?mlr_isopen@RModuleLibraryReg_Chain@base@UModSys@@UBE_NXZ 00405160 f   umodsys_lib_base:umodsys.base.moduleregchain.obj
 0001:0000416c       _UModSys_Plugin_Entry2@0   0040516c f   umodsys_lib_base:umodsys.so_main.win32.obj
 0001:00004172       ??_GIModuleReg@base@UModSys@@UAEPAXI@Z 00405172 f i umodsys_lib_base:umodsys.base.modulereg.obj
 0001:00004172       ??_EIModuleReg@base@UModSys@@UAEPAXI@Z 00405172 f i  CIL library: CIL module
 0001:00004172       ??_GRStdIo_ModuleReg@media@UModSys@@UAEPAXI@Z 00405172 f i umodsys_lib_libmedia:umodsys.mod.media.stdio.obj
 0001:00004172       ??_ERStdIo_ModuleReg@media@UModSys@@UAEPAXI@Z 00405172 f i  CIL library: CIL module
 0001:0000418f       ?mr_isopen@IModuleReg@base@UModSys@@UBE_NXZ 0040518f f   umodsys_lib_base:umodsys.base.modulereg.obj
 0001:00004198       ?mr_open@IModuleReg@base@UModSys@@UAE_NXZ 00405198 f   umodsys_lib_base:umodsys.base.modulereg.obj
 0001:000041b3       ?mr_close@IModuleReg@base@UModSys@@UAE_NXZ 004051b3 f   umodsys_lib_base:umodsys.base.modulereg.obj
 0001:000041c0       ??_GRModuleLibraryReg_Chain@base@UModSys@@UAEPAXI@Z 004051c0 f i umodsys_lib_base:umodsys.base.moduleregchain.obj
 0001:000041c0       ??_EIModuleLibraryReg@base@UModSys@@UAEPAXI@Z 004051c0 f i  CIL library: CIL module
 0001:000041c0       ??_GIModuleLibraryReg@base@UModSys@@UAEPAXI@Z 004051c0 f i umodsys_lib_base:umodsys.base.modulereg.obj
 0001:000041c0       ??_ERModuleLibraryReg_Chain@base@UModSys@@UAEPAXI@Z 004051c0 f i  CIL library: CIL module
 0001:000041dd       ??1IModuleLoader@base@UModSys@@UAE@XZ 004051dd f   umodsys_lib_base:umodsys.base.moduleloader.obj
 0001:000041e4       ??0SUniquePointer@core@UModSys@@QAE@PBD0H@Z 004051e4 f   umodsys_lib_core:umodsys.core.uniqueptr.obj
 0001:00004224       ??1SUniquePointer@core@UModSys@@QAE@XZ 00405224 f   umodsys_lib_core:umodsys.core.uniqueptr.obj
 0001:00004224       ??1SModuleRegChain@base@UModSys@@QAE@XZ 00405224 f   umodsys_lib_base:umodsys.base.moduleregchain.obj
 0001:00004242       ?s_resolve@SUniquePointer@core@UModSys@@SAXPAUIUniquePointerResolver@23@@Z 00405242 f   umodsys_lib_core:umodsys.core.uniqueptr.obj
 0001:0000427f       ?s_unresolve@SUniquePointer@core@UModSys@@SAXPAUIUniquePointerResolver@23@@Z 0040527f f   umodsys_lib_core:umodsys.core.uniqueptr.obj
 0001:000042aa       ?c_fopen@syshlp@core@UModSys@@YAPAU_iobuf@@PBD0@Z 004052aa f   umodsys_lib_core:umodsys.core.syshlp_files.win32.obj
 0001:00004318       ??3IRoot@core@UModSys@@SAXPAXABUSIMemAlloc@12@@Z 00405318 f   umodsys_lib_core:umodsys.core.objects.obj
 0001:00004326       ?Set@?$TSet@U?$TArray@PBUSUniquePointerInfo@core@UModSys@@@tl@UModSys@@U?$TScalarCompare@PBUSUniquePointerInfo@core@UModSys@@@core@3@@tl@UModSys@@QAE_NABQBUSUniquePointerInfo@core@3@@Z 00405326 f i umodsys_lib_core:umodsys.core.uniqueptrlist.obj
 0001:00004396       ?gracial_cpy@syshlp@core@UModSys@@YA_NPADHQAPBDH@Z 00405396 f   umodsys_lib_core:umodsys.core.syshlp_chars.win32.obj
 0001:00004419       ?gracial_cpy@syshlp@core@UModSys@@YA_NPA_WHQAPB_WH@Z 00405419 f   umodsys_lib_core:umodsys.core.syshlp_chars.win32.obj
 0001:000044a9       ?path_uni_os@syshlp@core@UModSys@@YAXPA_W@Z 004054a9 f   umodsys_lib_core:umodsys.core.syshlp_chars.win32.obj
 0001:000044c0       ?gracial_convert@syshlp@core@UModSys@@YA_NPA_WHPBDH@Z 004054c0 f   umodsys_lib_core:umodsys.core.syshlp_charcode.win32.obj
 0001:000044ed       ?gracial_convert@syshlp@core@UModSys@@YA_NPADHPB_WH@Z 004054ed f   umodsys_lib_core:umodsys.core.syshlp_charcode.win32.obj
 0001:0000451d       __onexit                   0040551d f   MSVCRT:atonexit.obj
 0001:000045c2       _atexit                    004055c2 f   MSVCRT:atonexit.obj
 0001:0000487b       _mainCRTStartup            0040587b f   MSVCRT:crtexe.obj
 0001:00004886       __purecall                 00405886 f   MSVCRT:MSVCR90.dll
 0001:0000488c       ??3@YAXPAX@Z               0040588c f   MSVCRT:MSVCR90.dll
 0001:00004892       ??_Etype_info@@UAEPAXI@Z   00405892 f i MSVCRT:ti_inst.obj
 0001:000048de       __unlock                   004058de f   MSVCRT:MSVCR90.dll
 0001:000048e4       ___dllonexit               004058e4 f   MSVCRT:MSVCR90.dll
 0001:000048ea       __lock                     004058ea f   MSVCRT:MSVCR90.dll
 0001:000048f0       __SEH_prolog4              004058f0 f   MSVCRT:sehprolg4.obj
 0001:00004935       __SEH_epilog4              00405935 f   MSVCRT:sehprolg4.obj
 0001:00004949       __except_handler4          00405949 f   MSVCRT:chandler4gs.obj
 0001:0000496e       ?__CxxUnhandledExceptionFilter@@YGJPAU_EXCEPTION_POINTERS@@@Z 0040596e f   MSVCRT:unhandld.obj
 0001:000049b0       ___CxxSetUnhandledExceptionFilter 004059b0 f   MSVCRT:unhandld.obj
 0001:000049be       __amsg_exit                004059be f   MSVCRT:MSVCR90.dll
 0001:000049c4       __RTC_Initialize           004059c4 f   MSVCRT:_initsect_.obj
 0001:000049ea       __RTC_Terminate            004059ea f   MSVCRT:_initsect_.obj
 0001:00004a10       __XcptFilter               00405a10 f   MSVCRT:MSVCR90.dll
 0001:00004a20       __ValidateImageBase        00405a20 f   MSVCRT:pesect.obj
 0001:00004a60       __FindPESection            00405a60 f   MSVCRT:pesect.obj
 0001:00004ab0       __IsNonwritableInCurrentImage 00405ab0 f   MSVCRT:pesect.obj
 0001:00004b6e       __initterm                 00405b6e f   MSVCRT:MSVCR90.dll
 0001:00004b74       __initterm_e               00405b74 f   MSVCRT:MSVCR90.dll
 0001:00004b7a       __setdefaultprecision      00405b7a f   MSVCRT:fp8.obj
 0001:00004ba5       __matherr                  00405ba5 f   MSVCRT:merr.obj
 0001:00004ba5       ?get_syslib@RSystem@rsystem@base@UModSys@@UAEPAUIModuleLibrary@34@XZ 00405ba5 f   umodsys_lib_basesys:umodsys.basesys.rsystem.obj
 0001:00004ba5       __setargv                  00405ba5 f   MSVCRT:dllargv.obj
 0001:00004ba5       ?ref_links@RConsole_std@rsystem@base@UModSys@@UBEHXZ 00405ba5 f   umodsys_lib_basesys:umodsys.basesys.rconsole_std.obj
 0001:00004ba8       ___security_init_cookie    00405ba8 f   MSVCRT:gs_support.obj
 0001:00004c3e       ?__ArrayUnwind@@YGXPAXIHP6EX0@Z@Z 00405c3e f   MSVCRT:ehvecdtr.obj
 0001:00004c9c       ??_M@YGXPAXIHP6EX0@Z@Z     00405c9c f   MSVCRT:ehvecdtr.obj
 0001:00004cff       @__security_check_cookie@4 00405cff f   MSVCRT:secchk.obj
 0001:00004d0e       __except_handler4_common   00405d0e f   MSVCRT:MSVCR90.dll
 0001:00004d14       ?terminate@@YAXXZ          00405d14 f   MSVCRT:MSVCR90.dll
 0001:00004d1a       __invoke_watson            00405d1a f   MSVCRT:MSVCR90.dll
 0001:00004d20       __controlfp_s              00405d20 f   MSVCRT:MSVCR90.dll
 0001:00004d26       ??1type_info@@UAE@XZ       00405d26 f   MSVCRT:MSVCR90.dll
 0001:00004d26       ?_type_info_dtor_internal_method@type_info@@QAEXXZ 00405d26 f   MSVCRT:MSVCR90.dll
 0001:00004d2c       ___report_gsfailure        00405d2c f   MSVCRT:gs_report.obj
 0001:00004e32       __crt_debugger_hook        00405e32 f   MSVCRT:MSVCR90.dll
 0001:00004e38       _memcpy                    00405e38 f   MSVCRT:MSVCR90.dll
 0001:00004e40       __alloca_probe             00405e40     MSVCRT:chkstk.obj
 0001:00004e40       __chkstk                   00405e40 f   MSVCRT:chkstk.obj
 0001:00004e6c       ___CxxFrameHandler3        00405e6c f   MSVCRT:MSVCR90.dll
 0001:00004e74       __EH_prolog                00405e74 f   MSVCRT:ehprolog.obj
 0001:00004e94       __CxxThrowException@8      00405e94 f   MSVCRT:MSVCR90.dll
 0002:00000000       __imp__UnhandledExceptionFilter@4 00407000     kernel32:KERNEL32.dll
 0002:00000004       __imp__GetCurrentProcess@0 00407004     kernel32:KERNEL32.dll
 0002:00000008       __imp__TerminateProcess@8  00407008     kernel32:KERNEL32.dll
 0002:0000000c       __imp__GetSystemTimeAsFileTime@4 0040700c     kernel32:KERNEL32.dll
 0002:00000010       __imp__GetCurrentProcessId@0 00407010     kernel32:KERNEL32.dll
 0002:00000014       __imp__GetCurrentThreadId@0 00407014     kernel32:KERNEL32.dll
 0002:00000018       __imp__GetTickCount@0      00407018     kernel32:KERNEL32.dll
 0002:0000001c       __imp__QueryPerformanceCounter@4 0040701c     kernel32:KERNEL32.dll
 0002:00000020       __imp__SetUnhandledExceptionFilter@4 00407020     kernel32:KERNEL32.dll
 0002:00000024       __imp__InterlockedCompareExchange@12 00407024     kernel32:KERNEL32.dll
 0002:00000028       __imp__Sleep@4             00407028     kernel32:KERNEL32.dll
 0002:0000002c       __imp__InterlockedExchange@8 0040702c     kernel32:KERNEL32.dll
 0002:00000030       __imp__MultiByteToWideChar@24 00407030     kernel32:KERNEL32.dll
 0002:00000034       __imp__WideCharToMultiByte@32 00407034     kernel32:KERNEL32.dll
 0002:00000038       __imp__SetConsoleOutputCP@4 00407038     kernel32:KERNEL32.dll
 0002:0000003c       __imp__GetLastError@0      0040703c     kernel32:KERNEL32.dll
 0002:00000040       __imp__GetConsoleOutputCP@0 00407040     kernel32:KERNEL32.dll
 0002:00000044       __imp__FindNextFileW@8     00407044     kernel32:KERNEL32.dll
 0002:00000048       __imp__FindClose@4         00407048     kernel32:KERNEL32.dll
 0002:0000004c       __imp__GetProcAddress@8    0040704c     kernel32:KERNEL32.dll
 0002:00000050       __imp__GetModuleFileNameW@12 00407050     kernel32:KERNEL32.dll
 0002:00000054       __imp__GetModuleHandleW@4  00407054     kernel32:KERNEL32.dll
 0002:00000058       __imp__LoadLibraryExW@12   00407058     kernel32:KERNEL32.dll
 0002:0000005c       __imp__FreeLibrary@4       0040705c     kernel32:KERNEL32.dll
 0002:00000060       __imp__SetErrorMode@4      00407060     kernel32:KERNEL32.dll
 0002:00000064       __imp__FindFirstFileW@8    00407064     kernel32:KERNEL32.dll
 0002:00000068       __imp__GetFullPathNameW@16 00407068     kernel32:KERNEL32.dll
 0002:0000006c       __imp__IsDebuggerPresent@0 0040706c     kernel32:KERNEL32.dll
 0002:00000070       \177KERNEL32_NULL_THUNK_DATA 00407070     kernel32:KERNEL32.dll
 0002:00000074       __imp___configthreadlocale 00407074     MSVCRT:MSVCR90.dll
 0002:00000078       __imp____setusermatherr    00407078     MSVCRT:MSVCR90.dll
 0002:0000007c       __imp___adjust_fdiv        0040707c     MSVCRT:MSVCR90.dll
 0002:00000080       __imp____p__commode        00407080     MSVCRT:MSVCR90.dll
 0002:00000084       __imp____p__fmode          00407084     MSVCRT:MSVCR90.dll
 0002:00000088       __imp____set_app_type      00407088     MSVCRT:MSVCR90.dll
 0002:0000008c       __imp___initterm_e         0040708c     MSVCRT:MSVCR90.dll
 0002:00000090       __imp_?terminate@@YAXXZ    00407090     MSVCRT:MSVCR90.dll
 0002:00000094       __imp___invoke_watson      00407094     MSVCRT:MSVCR90.dll
 0002:00000098       __imp___controlfp_s        00407098     MSVCRT:MSVCR90.dll
 0002:0000009c       __imp_?_type_info_dtor_internal_method@type_info@@QAEXXZ 0040709c     MSVCRT:MSVCR90.dll
 0002:000000a0       __imp___crt_debugger_hook  004070a0     MSVCRT:MSVCR90.dll
 0002:000000a4       __imp___initterm           004070a4     MSVCRT:MSVCR90.dll
 0002:000000a8       __imp____initenv           004070a8     MSVCRT:MSVCR90.dll
 0002:000000ac       __imp__exit                004070ac     MSVCRT:MSVCR90.dll
 0002:000000b0       __imp___XcptFilter         004070b0     MSVCRT:MSVCR90.dll
 0002:000000b4       __imp___exit               004070b4     MSVCRT:MSVCR90.dll
 0002:000000b8       __imp___cexit              004070b8     MSVCRT:MSVCR90.dll
 0002:000000bc       __imp____getmainargs       004070bc     MSVCRT:MSVCR90.dll
 0002:000000c0       __imp___amsg_exit          004070c0     MSVCRT:MSVCR90.dll
 0002:000000c4       __imp___decode_pointer     004070c4     MSVCRT:MSVCR90.dll
 0002:000000c8       __imp___onexit             004070c8     MSVCRT:MSVCR90.dll
 0002:000000cc       __imp___lock               004070cc     MSVCRT:MSVCR90.dll
 0002:000000d0       __imp___encode_pointer     004070d0     MSVCRT:MSVCR90.dll
 0002:000000d4       __imp____dllonexit         004070d4     MSVCRT:MSVCR90.dll
 0002:000000d8       __imp___unlock             004070d8     MSVCRT:MSVCR90.dll
 0002:000000dc       __imp___wfopen             004070dc     MSVCRT:MSVCR90.dll
 0002:000000e0       __imp__realloc             004070e0     MSVCRT:MSVCR90.dll
 0002:000000e4       __imp__fprintf             004070e4     MSVCRT:MSVCR90.dll
 0002:000000e8       __imp__strncpy             004070e8     MSVCRT:MSVCR90.dll
 0002:000000ec       __imp__strncmp             004070ec     MSVCRT:MSVCR90.dll
 0002:000000f0       __imp___snprintf           004070f0     MSVCRT:MSVCR90.dll
 0002:000000f4       __imp__malloc              004070f4     MSVCRT:MSVCR90.dll
 0002:000000f8       __imp__free                004070f8     MSVCRT:MSVCR90.dll
 0002:000000fc       __imp__vfprintf            004070fc     MSVCRT:MSVCR90.dll
 0002:00000100       __imp____iob_func          00407100     MSVCRT:MSVCR90.dll
 0002:00000104       __imp__fclose              00407104     MSVCRT:MSVCR90.dll
 0002:00000108       __imp__fseek               00407108     MSVCRT:MSVCR90.dll
 0002:0000010c       __imp__ftell               0040710c     MSVCRT:MSVCR90.dll
 0002:00000110       __imp_??3@YAXPAX@Z         00407110     MSVCRT:MSVCR90.dll
 0002:00000114       __imp___purecall           00407114     MSVCRT:MSVCR90.dll
 0002:00000118       __imp___except_handler4_common 00407118     MSVCRT:MSVCR90.dll
 0002:0000011c       __imp__fread               0040711c     MSVCRT:MSVCR90.dll
 0002:00000120       __imp__memcpy              00407120     MSVCRT:MSVCR90.dll
 0002:00000124       __imp____CxxFrameHandler3  00407124     MSVCRT:MSVCR90.dll
 0002:00000128       __imp___CxxThrowException@8 00407128     MSVCRT:MSVCR90.dll
 0002:0000012c       \177MSVCR90_NULL_THUNK_DATA 0040712c     MSVCRT:MSVCR90.dll
 0002:00000130       ___xc_a                    00407130     MSVCRT:cinitexe.obj
 0002:000001f4       ___xc_z                    004071f4     MSVCRT:cinitexe.obj
 0002:000001f8       ___xi_a                    004071f8     MSVCRT:cinitexe.obj
 0002:00000204       ___xi_z                    00407204     MSVCRT:cinitexe.obj
 0002:0000020c       ??_7type_info@@6B@         0040720c     MSVCRT:ti_inst.obj
 0002:00000218       ??_C@_0P@GHFPNOJB@bad?5allocation?$AA@ 00407218     umodsys.c_main.obj
 0002:00000228       ??_C@_0BF@OCNNAADO@UModSys?3?3core?3?3IRoot?$AA@ 00407228     umodsys.c_main.obj
 0002:00000240       ??_C@_0BK@EMIJFOPA@UModSys?3?3core?3?3IRefObject?$AA@ 00407240     umodsys.c_main.obj
 0002:0000025c       ??_C@_0BL@IOMMHELF@UModSys?3?3core?3?3IParameters?$AA@ 0040725c     umodsys.c_main.obj
 0002:00000278       ??_C@_0BH@LKDEEPPM@UModSys?3?3base?3?3IModule?$AA@ 00407278     umodsys.c_main.obj
 0002:00000290       ??_C@_0BO@PHJOHFCB@UModSys?3?3base?3?3IModuleLibrary?$AA@ 00407290     umodsys.c_main.obj
 0002:000002b0       ??_C@_0BK@FDPIOPHG@UModSys?3?3base?3?3IModObject?$AA@ 004072b0     umodsys.c_main.obj
 0002:000002cc       ??_C@_0BK@OIBKNCKJ@UModSys?3?3base?3?3IGenerator?$AA@ 004072cc     umodsys.c_main.obj
 0002:000002e8       ??_C@_0BG@PJBGCMEC@UModSys?3?3base?3?3IShell?$AA@ 004072e8     umodsys.c_main.obj
 0002:00000300       ??_C@_0BI@IKAOEFAP@UModSys?3?3base?3?3IConsole?$AA@ 00407300     umodsys.c_main.obj
 0002:00000318       ??_C@_0BH@PFCONEJJ@UModSys?3?3base?3?3ISystem?$AA@ 00407318     umodsys.c_main.obj
 0002:00000330       ??_C@_0CA@MDFMKLLN@UModSys?3?3base?3?3rsystem?3?3RModule?$AA@ 00407330     umodsys.c_main.obj
 0002:00000350       ??_C@_0CK@MJPNGLHN@UModSys?3?3base?3?3rsystem?3?3IModuleL@ 00407350     umodsys.c_main.obj
 0002:0000037c       ??_C@_0CJ@OPOMMGLJ@UModSys?3?3base?3?3rsystem?3?3RModuleL@ 0040737c     umodsys.c_main.obj
 0002:000003a8       ??_C@_0CL@ILNBAMJF@UModSys?3?3base?3?3rsystem?3?3RModuleL@ 004073a8     umodsys.c_main.obj
 0002:000003d4       ??_C@_0CE@IHGMMEEA@UModSys?3?3base?3?3rsystem?3?3RParamet@ 004073d4     umodsys.c_main.obj
 0002:000003f8       ??_C@_0CA@IMEGDANI@UModSys?3?3base?3?3rsystem?3?3RSystem?$AA@ 004073f8     umodsys.c_main.obj
 0002:00000418       ??_C@_0CF@KIMLNODL@UModSys?3?3base?3?3rsystem?3?3RConsole@ 00407418     umodsys.c_main.obj
 0002:00000440       ??_C@_0M@DCEPEPFJ@umodsys?4log?$AA@ 00407440     umodsys.c_main.obj
 0002:0000044c       ??_C@_00CNPNBAHC@?$AA@     0040744c     umodsys.c_main.obj
 0002:00000450       ??_C@_01NBENCBCI@?$CK?$AA@ 00407450     umodsys.c_main.obj
 0002:00000454       ??_C@_0BC@JABDEAFI@moduledb?4conf?9hdb?$AA@ 00407454     umodsys.c_main.obj
 0002:00000468       ??_C@_08FCBDOIAH@typeinfo?$AA@ 00407468     umodsys.c_main.obj
 0002:00000474       ??_C@_0BO@DAFEALKL@UModSys?3?3media?3?3IStreamReader?$AA@ 00407474     umodsys_lib_libmedia:umodsys.mod.media.stdio.obj
 0002:00000494       ??_C@_0BO@BMNGAKHB@UModSys?3?3media?3?3IStreamWriter?$AA@ 00407494     umodsys_lib_libmedia:umodsys.mod.media.stdio.obj
 0002:000004b4       ??_C@_0BN@CNGMNOHH@UModSys?3?3media?3?3IDataArchive?$AA@ 004074b4     umodsys_lib_libmedia:umodsys.mod.media.stdio.obj
 0002:000004d4       ??_C@_0CD@OFEJPGKH@UModSys?3?3media?3?3RStreamReader_FI@ 004074d4     umodsys_lib_libmedia:umodsys.mod.media.stdio.obj
 0002:000004f8       ??_C@_08BABJIOEM@filename?$AA@ 004074f8     umodsys_lib_libmedia:umodsys.mod.media.stdio.obj
 0002:00000504       ??_C@_02JDPG@rb?$AA@       00407504     umodsys_lib_libmedia:umodsys.mod.media.stdio.obj
 0002:00000508       ??_C@_0CB@OLBLPLIA@UModSys?3?3media?3?3RStdIo_Generator@ 00407508     umodsys_lib_libmedia:umodsys.mod.media.stdio.obj
 0002:0000052c       ??_C@_0CI@HELPFKAN@UModSys?3?3media?3?3RStdIo_Generator@ 0040752c     umodsys_lib_libmedia:umodsys.mod.media.stdio.obj
 0002:00000554       ??_C@_09JGNMLHG@modobject?$AA@ 00407554     umodsys_lib_libmedia:umodsys.mod.media.stdio.obj
 0002:00000564       ??_7IRoot@core@UModSys@@6B@ 00407564     umodsys_lib_libmedia:umodsys.mod.media.stdio.obj
 0002:00000584       ??_7RStdIo_Generator@media@UModSys@@6B@ 00407584     umodsys_lib_libmedia:umodsys.mod.media.stdio.obj
 0002:000005cc       ??_7RStreamReader_FILE@media@UModSys@@6B@ 004075cc     umodsys_lib_libmedia:umodsys.mod.media.stdio.obj
 0002:00000614       ??_7RStdIo_ModuleReg@media@UModSys@@6B@ 00407614     umodsys_lib_libmedia:umodsys.mod.media.stdio.obj
 0002:0000062c       ??_C@_02BKFDOEMK@wt?$AA@   0040762c     umodsys_lib_basesys:umodsys.basesys.rconsole_std.obj
 0002:00000634       ??_7RConsole_std@rsystem@base@UModSys@@6B@ 00407634     umodsys_lib_basesys:umodsys.basesys.rconsole_std.obj
 0002:00000674       ??_C@_04HIBGFPH@NULL?$AA@  00407674     umodsys_lib_basesys:umodsys.basesys.rsystem_main.obj
 0002:0000067c       ??_C@_0L@FPKIMPHA@?$CD?$CF08x?5?$CC?$CFs?$CC?$AA@ 0040767c     umodsys_lib_basesys:umodsys.basesys.rsystem_main.obj
 0002:00000688       ??_C@_0BC@HBJCAHHB@EFatal?5?$CD?$CF08x?5?$CC?$CFs?$CC?$AA@ 00407688     umodsys_lib_basesys:umodsys.basesys.rsystem_main.obj
 0002:0000069c       ??_C@_0BE@IIJFBNID@EWarning?5?$CD?$CF08x?5?$CC?$CFs?$CC?$AA@ 0040769c     umodsys_lib_basesys:umodsys.basesys.rsystem_main.obj
 0002:000006b0       ??_C@_0BB@KFMJENMO@RSystem?3?3init?$CI?$CJ?6?$AA@ 004076b0     umodsys_lib_basesys:umodsys.basesys.rsystem_main.obj
 0002:000006c4       ??_C@_0BI@FKDCNCM@RSystem?3?3exec_args?$CI?$CFd?$CJ?6?$AA@ 004076c4     umodsys_lib_basesys:umodsys.basesys.rsystem_main.obj
 0002:000006dc       ??_C@_0BG@NFAKDFBG@RSystem?3?3exec_main?$CI?$CJ?6?$AA@ 004076dc     umodsys_lib_basesys:umodsys.basesys.rsystem_main.obj
 0002:000006f4       ??_C@_0BD@CKNOJECK@RSystem?3?3deinit?$CI?$CJ?6?$AA@ 004076f4     umodsys_lib_basesys:umodsys.basesys.rsystem_main.obj
 0002:0000070c       ??_7EExceptionBase@core@UModSys@@6B@ 0040770c     umodsys_lib_basesys:umodsys.basesys.rsystem_main.obj
 0002:00000718       ??_7EFatal@core@UModSys@@6B@ 00407718     umodsys_lib_basesys:umodsys.basesys.rsystem_main.obj
 0002:00000724       ??_7EWarning@core@UModSys@@6B@ 00407724     umodsys_lib_basesys:umodsys.basesys.rsystem_main.obj
 0002:00000730       ??_7?$TRMemAlloc_CC@U?$TMemAllocHeader@USMagic@mem_headers@rsystem@base@UModSys@@U?$TPool@X@2345@USDebug@2345@UVoid@core@5@@rsystem@base@UModSys@@USMemAlloc_Malloc@core@4@@rsystem@base@UModSys@@6B@ 00407730     umodsys_lib_basesys:umodsys.basesys.rsystem_main.obj
 0002:00000744       ??_7RSystem@rsystem@base@UModSys@@6BISystem@23@@ 00407744     umodsys_lib_basesys:umodsys.basesys.rsystem_main.obj
 0002:00000784       ??_7RSystem@rsystem@base@UModSys@@6BIUniquePointerResolver@core@3@@ 00407784     umodsys_lib_basesys:umodsys.basesys.rsystem_main.obj
 0002:00000790       ??_7RSystem@rsystem@base@UModSys@@6BISourceContextAdapter@core@3@@ 00407790     umodsys_lib_basesys:umodsys.basesys.rsystem_main.obj
 0002:00000794       ??_C@_0BC@NNHIIPO@shells?5found?3?5?$CFd?6?$AA@ 00407794     umodsys_lib_basesys:umodsys.basesys.rsystem_tests.obj
 0002:000007a8       ??_C@_0BA@EBBPOIJG@?5?5shell?3?5?$CFp?5?$CFs?6?$AA@ 004077a8     umodsys_lib_basesys:umodsys.basesys.rsystem_tests.obj
 0002:000007b8       ??_C@_0BF@JPMHOAKE@?5?5?5?5shell?5gen?5error?6?$AA@ 004077b8     umodsys_lib_basesys:umodsys.basesys.rsystem_tests.obj
 0002:000007d0       ??_C@_0BL@NANLGMEE@?5?5?5?5shell?5generated?5as?5?$CFp?6?$AA@ 004077d0     umodsys_lib_basesys:umodsys.basesys.rsystem_tests.obj
 0002:000007ec       ??_C@_0BD@NFNPGOAG@?1shells?5found?3?5?$CFd?6?$AA@ 004077ec     umodsys_lib_basesys:umodsys.basesys.rsystem_tests.obj
 0002:00000800       ??_C@_0CJ@BMAKALAG@?$CK?$CK?$CK?$CK?$CK?$CK?$CK?$CK?$CK?$CK?$CK?$CK?$CK?$CK?$CK?$CK?$CK?$CK?$CK?$CK?$CK?$CK?$CK?$CK?$CK?$CK?$CK?$CK?$CK?$CK?$CK?5@ 00407800     umodsys_lib_basesys:umodsys.basesys.rsystem_tests.obj
 0002:0000082c       ??_C@_0CJ@HFHNFOAC@?$CK?$CK?$CK?$CK?$CK?$CK?$CK?$CK?$CK?$CK?$CK?$CK?$CK?$CK?$CK?$CK?$CK?$CK?$CK?$CK?$CK?$CK?$CK?$CK?$CK?$CK?$CK?$CK?$CK?$CK?$CK?5@ 0040782c     umodsys_lib_basesys:umodsys.basesys.rsystem_tests.obj
 0002:00000858       ??_C@_0DG@DMGFJEPO@RModuleLoader?3?3moduledb_cleanup?$CI@ 00407858     umodsys_lib_basesys:umodsys.basesys.rmoduleloader.obj
 0002:00000890       ??_C@_02GMLFBBN@wb?$AA@    00407890     umodsys_lib_basesys:umodsys.basesys.rmoduleloader.obj
 0002:00000894       ??_C@_0BN@BDEAMLC@?$CD?5LIST?5OF?5LIBRARY?5MODULES?3?6?6?$AA@ 00407894     umodsys_lib_basesys:umodsys.basesys.rmoduleloader.obj
 0002:000008b4       ??_C@_0BF@PLOHEFDA@?5?$HL?5mod_list?$DN?$CFd?3?$FL?$FN?5?$HN?6?$AA@ 004078b4     umodsys_lib_basesys:umodsys.basesys.rmoduleloader.obj
 0002:000008d4       ??_7IModuleLoader@base@UModSys@@6B@ 004078d4     umodsys_lib_basesys:umodsys.basesys.rmoduleloader.obj
 0002:00000914       ??_7RModuleLoader@rsystem@base@UModSys@@6B@ 00407914     umodsys_lib_basesys:umodsys.basesys.rmoduleloader.obj
 0002:00000954       ??_7RModuleLibraryThis@rsystem@base@UModSys@@6B@ 00407954     umodsys_lib_basesys:umodsys.basesys.rmodulelibthis.obj
 0002:000009b8       ??_C@_0CN@ONDMHEFN@IModuleLibraryUni?$CI?$CFp?$CJ?3?3link?$CI?$CJ?5?9?9@ 004079b8     umodsys_lib_basesys:umodsys.basesys.rmodulelib.obj
 0002:000009e8       ??_C@_0BA@LBGMEMKJ@LIBRARY?5?$CC?$CFs?$CC?5?$HL?6?$AA@ 004079e8     umodsys_lib_basesys:umodsys.basesys.rmodulelib.obj
 0002:000009f8       ??_C@_0BH@CLNAAMEM@?$HN?5?$CD?5END?5LIBRARY?5?$CC?$CFs?$CC?6?6?$AA@ 004079f8     umodsys_lib_basesys:umodsys.basesys.rmodulelib.obj
[...]
 0003:00002dd8       ?s_id@?$TObjectUniqueID@UIStreamReader@media@UModSys@@@tl@UModSys@@2USUniquePointer@core@3@A 0040cdd8     umodsys_lib_libmedia:umodsys.mod.media.stdio.obj
 0003:00002df0       __adjust_fdiv              0040cdf0     <common>
 0003:00002df4       ___native_startup_state    0040cdf4     <common>
 0003:00002df8       ___native_startup_lock     0040cdf8     <common>
 0003:00002dfc       ___dyn_tls_init_callback   0040cdfc     <common>
 0003:00002e00       ___onexitend               0040ce00     <common>
 0003:00002e04       ___onexitbegin             0040ce04     <common>

 entry point at        0001:0000487b

 Static symbols

 0001:00002ef0       ?s_pwd_init@@YAXXZ         00403ef0 f    CIL library: CIL module
 0001:0000305d       ?s_pfd_scan@@YAIPAUISystem@base@UModSys@@AAU?$TDynarrayDynamic@U?$TRefObject@URModuleLibrarySO@rsystem@base@UModSys@@@tl@UModSys@@U?$TAllocator@USMemAlloc_Malloc@core@UModSys@@USCountCalcPower2@23@@23@@tl@3@PBD22@Z 0040405d f    CIL library: CIL module
 0001:00003246       ?s_pfd_scan@@YAIPAUISystem@base@UModSys@@AAU?$TDynarrayDynamic@U?$TRefObject@URModuleLibrarySO@rsystem@base@UModSys@@@tl@UModSys@@U?$TAllocator@USMemAlloc_Malloc@core@UModSys@@USCountCalcPower2@23@@23@@tl@3@PBD2@Z 00404246 f    CIL library: CIL module
 0001:000045d9       _pre_cpp_init              004055d9 f   MSVCRT:crtexe.obj
 0001:00004624       ___tmainCRTStartup         00405624 f   MSVCRT:crtexe.obj
 0001:0000479a       _pre_c_init                0040579a f   MSVCRT:crtexe.obj
 0001:00004ea0       __unwindfunclet$??1?$TQuantArrayUnique@USSourceContext@core@UModSys@@$0BAA@USMemAlloc_Malloc@23@@tl@UModSys@@QAE@XZ$0 00405ea0 f    CIL library: CIL module
 0001:00004ea0       __unwindfunclet$??1?$TQuantArrayUnique@USUniquePointerInfo@core@UModSys@@$0BAA@USMemAlloc_Malloc@23@@tl@UModSys@@QAE@XZ$0 00405ea0 f    CIL library: CIL module
 0001:00004ea8       __ehhandler$??1?$TQuantArrayUnique@USUniquePointerInfo@core@UModSys@@$0BAA@USMemAlloc_Malloc@23@@tl@UModSys@@QAE@XZ 00405ea8 f    CIL library: CIL module
 0001:00004ea8       __ehhandler$??1?$TQuantArrayUnique@USSourceContext@core@UModSys@@$0BAA@USMemAlloc_Malloc@23@@tl@UModSys@@QAE@XZ 00405ea8 f    CIL library: CIL module
 0001:00004eb2       __unwindfunclet$??_GRModuleLibrarySO@rsystem@base@UModSys@@UAEPAXI@Z$0 00405eb2 f    CIL library: CIL module
 0001:00004eb2       __unwindfunclet$??_GRModuleLibraryThis@rsystem@base@UModSys@@UAEPAXI@Z$0 00405eb2 f    CIL library: CIL module
 0001:00004eba       __ehhandler$??_GRModuleLibraryThis@rsystem@base@UModSys@@UAEPAXI@Z 00405eba f    CIL library: CIL module
 0001:00004eba       __ehhandler$??_GRModuleLibrarySO@rsystem@base@UModSys@@UAEPAXI@Z 00405eba f    CIL library: CIL module
 0001:00004ec4       __unwindfunclet$??1RModuleLoader@rsystem@base@UModSys@@UAE@XZ$0 00405ec4 f    CIL library: CIL module
 0001:00004ecc       __unwindfunclet$??1RModuleLoader@rsystem@base@UModSys@@UAE@XZ$1 00405ecc f    CIL library: CIL module
 0001:00004ed7       __unwindfunclet$??1RModuleLoader@rsystem@base@UModSys@@UAE@XZ$2 00405ed7 f    CIL library: CIL module
 0001:00004ee2       __ehhandler$??1RModuleLoader@rsystem@base@UModSys@@UAE@XZ 00405ee2 f    CIL library: CIL module
 0001:00004eec       __unwindfunclet$??1RSystem@rsystem@base@UModSys@@UAE@XZ$0 00405eec f    CIL library: CIL module
 0001:00004ef4       __unwindfunclet$??1RSystem@rsystem@base@UModSys@@UAE@XZ$1 00405ef4 f    CIL library: CIL module
 0001:00004f01       __unwindfunclet$??1RSystem@rsystem@base@UModSys@@UAE@XZ$2 00405f01 f    CIL library: CIL module
 0001:00004f0c       __unwindfunclet$??1RSystem@rsystem@base@UModSys@@UAE@XZ$3 00405f0c f    CIL library: CIL module
 0001:00004f17       __unwindfunclet$??1RSystem@rsystem@base@UModSys@@UAE@XZ$4 00405f17 f    CIL library: CIL module
 0001:00004f24       __unwindfunclet$??1RSystem@rsystem@base@UModSys@@UAE@XZ$5 00405f24 f    CIL library: CIL module
 0001:00004f2f       __ehhandler$??1RSystem@rsystem@base@UModSys@@UAE@XZ 00405f2f f    CIL library: CIL module
 0001:00004f39       __unwindfunclet$??0RStreamReader_FILE@media@UModSys@@QAE@PAURStdIo_Generator@12@ABUSParameters@core@2@@Z$0 00405f39 f    CIL library: CIL module
 0001:00004f41       __ehhandler$??0RStreamReader_FILE@media@UModSys@@QAE@PAURStdIo_Generator@12@ABUSParameters@core@2@@Z 00405f41 f    CIL library: CIL module
 0001:00004f4b       __unwindfunclet$?mem_free@?$TRMemAlloc_CC@U?$TMemAllocHeader@USMagic@mem_headers@rsystem@base@UModSys@@U?$TPool@X@2345@USDebug@2345@UVoid@core@5@@rsystem@base@UModSys@@USMemAlloc_Malloc@core@4@@rsystem@base@UModSys@@UAEXPAXPBUSSourceContext@core@4@@Z$0 00405f4b f    CIL library: CIL module
 0001:00004f53       __ehhandler$?mem_free@?$TRMemAlloc_CC@U?$TMemAllocHeader@USMagic@mem_headers@rsystem@base@UModSys@@U?$TPool@X@2345@USDebug@2345@UVoid@core@5@@rsystem@base@UModSys@@USMemAlloc_Malloc@core@4@@rsystem@base@UModSys@@UAEXPAXPBUSSourceContext@core@4@@Z 00405f53 f    CIL library: CIL module
 0001:00004f5d       __unwindfunclet$?mem_realloc@?$TRMemAlloc_CC@U?$TMemAllocHeader@USMagic@mem_headers@rsystem@base@UModSys@@U?$TPool@X@2345@USDebug@2345@UVoid@core@5@@rsystem@base@UModSys@@USMemAlloc_Malloc@core@4@@rsystem@base@UModSys@@UAEPAXPAXIPBUSSourceContext@core@4@@Z$0 00405f5d f    CIL library: CIL module
 0001:00004f65       __unwindfunclet$?mem_realloc@?$TRMemAlloc_CC@U?$TMemAllocHeader@USMagic@mem_headers@rsystem@base@UModSys@@U?$TPool@X@2345@USDebug@2345@UVoid@core@5@@rsystem@base@UModSys@@USMemAlloc_Malloc@core@4@@rsystem@base@UModSys@@UAEPAXPAXIPBUSSourceContext@core@4@@Z$1 00405f65 f    CIL library: CIL module
 0001:00004f6d       __ehhandler$?mem_realloc@?$TRMemAlloc_CC@U?$TMemAllocHeader@USMagic@mem_headers@rsystem@base@UModSys@@U?$TPool@X@2345@USDebug@2345@UVoid@core@5@@rsystem@base@UModSys@@USMemAlloc_Malloc@core@4@@rsystem@base@UModSys@@UAEPAXPAXIPBUSSourceContext@core@4@@Z 00405f6d f    CIL library: CIL module
 0001:00004f77       __unwindfunclet$?generate@RStdIo_Generator@media@UModSys@@UAE_NAAU?$TRefObject@UIRefObject@core@UModSys@@@tl@3@PBUSUniquePointerInfo@core@3@ABUSParameters@73@@Z$0 00405f77 f    CIL library: CIL module
 0001:00004f84       __ehhandler$?generate@RStdIo_Generator@media@UModSys@@UAE_NAAU?$TRefObject@UIRefObject@core@UModSys@@@tl@3@PBUSUniquePointerInfo@core@3@ABUSParameters@73@@Z 00405f84 f    CIL library: CIL module
 0001:00004f8e       __unwindfunclet$??0RModule@rsystem@base@UModSys@@QAE@PAUIModuleLibraryUni@123@PAUIModuleReg@23@@Z$0 00405f8e f    CIL library: CIL module
 0001:00004f96       __unwindfunclet$??0RModule@rsystem@base@UModSys@@QAE@PAUIModuleLibraryUni@123@PAUIModuleReg@23@@Z$1 00405f96 f    CIL library: CIL module
 0001:00004fa1       __unwindfunclet$??0RModule@rsystem@base@UModSys@@QAE@PAUIModuleLibraryUni@123@PAUIModuleReg@23@@Z$2 00405fa1 f    CIL library: CIL module
 0001:00004fac       __unwindfunclet$??0RModule@rsystem@base@UModSys@@QAE@PAUIModuleLibraryUni@123@PAUIModuleReg@23@@Z$3 00405fac f    CIL library: CIL module
 0001:00004fb7       __ehhandler$??0RModule@rsystem@base@UModSys@@QAE@PAUIModuleLibraryUni@123@PAUIModuleReg@23@@Z 00405fb7 f    CIL library: CIL module
 0001:00004fc1       __unwindfunclet$?link@IModuleLibraryUni@rsystem@base@UModSys@@QAE_NXZ$0 00405fc1 f    CIL library: CIL module
 0001:00004fce       __ehhandler$?link@IModuleLibraryUni@rsystem@base@UModSys@@QAE_NXZ 00405fce f    CIL library: CIL module
 0001:00004fd8       __unwindfunclet$?exec_test_shells@RSystem@rsystem@base@UModSys@@QAE_NXZ$0 00405fd8 f    CIL library: CIL module
 0001:00004fe3       __unwindfunclet$?exec_test_shells@RSystem@rsystem@base@UModSys@@QAE_NXZ$1 00405fe3 f    CIL library: CIL module
 0001:00004fee       __ehhandler$?exec_test_shells@RSystem@rsystem@base@UModSys@@QAE_NXZ 00405fee f    CIL library: CIL module
 0001:00004ff8       __unwindfunclet$??$ValidateConstruction@UIRefObject@core@UModSys@@URStreamReader_FILE@media@3@@core@UModSys@@YA_NAAU?$TRefObject@UIRefObject@core@UModSys@@@tl@1@PAURStreamReader_FILE@media@1@@Z$0 00405ff8 f    CIL library: CIL module
 0001:00004ff8       __unwindfunclet$??$t_moduledb_generate@UIShell@base@UModSys@@@IModuleLoader@base@UModSys@@QAE_NAAU?$TRefObject@UIShell@base@UModSys@@@tl@2@PBUSUniquePointerInfo@core@2@ABUSParameters@62@@Z$0 00405ff8 f    CIL library: CIL module
 0001:00004ff8       __unwindfunclet$?suicide@RModule@rsystem@base@UModSys@@UAEXXZ$0 00405ff8 f    CIL library: CIL module
 0001:00004ff8       __unwindfunclet$?s_add@RModuleLibrarySO@rsystem@base@UModSys@@SA_NPAUISystem@34@AAU?$TDynarrayDynamic@U?$TRefObject@URModuleLibrarySO@rsystem@base@UModSys@@@tl@UModSys@@U?$TAllocator@USMemAlloc_Malloc@core@UModSys@@USCountCalcPower2@23@@23@@tl@4@PBD@Z$1 00405ff8 f    CIL library: CIL module
 0001:00004ff8       __unwindfunclet$?suicide@RStreamReader_FILE@media@UModSys@@UAEXXZ$0 00405ff8 f    CIL library: CIL module
 0001:00005000       __ehhandler$??$t_moduledb_generate@UIShell@base@UModSys@@@IModuleLoader@base@UModSys@@QAE_NAAU?$TRefObject@UIShell@base@UModSys@@@tl@2@PBUSUniquePointerInfo@core@2@ABUSParameters@62@@Z 00406000 f    CIL library: CIL module
 0001:00005000       __ehhandler$?suicide@RModule@rsystem@base@UModSys@@UAEXXZ 00406000 f    CIL library: CIL module
 0001:00005000       __ehhandler$?suicide@RStreamReader_FILE@media@UModSys@@UAEXXZ 00406000 f    CIL library: CIL module
 0001:00005000       __ehhandler$?s_add@RModuleLibrarySO@rsystem@base@UModSys@@SA_NPAUISystem@34@AAU?$TDynarrayDynamic@U?$TRefObject@URModuleLibrarySO@rsystem@base@UModSys@@@tl@UModSys@@U?$TAllocator@USMemAlloc_Malloc@core@UModSys@@USCountCalcPower2@23@@23@@tl@4@PBD@Z 00406000 f    CIL library: CIL module
 0001:00005000       __ehhandler$??$ValidateConstruction@UIRefObject@core@UModSys@@URStreamReader_FILE@media@3@@core@UModSys@@YA_NAAU?$TRefObject@UIRefObject@core@UModSys@@@tl@1@PAURStreamReader_FILE@media@1@@Z 00406000 f    CIL library: CIL module
 0001:0000500a       ??__E?s_id@?$TObjectUniqueID@UIRoot@core@UModSys@@@tl@UModSys@@2USUniquePointer@core@3@A@@YAXXZ 0040600a f    CIL library: CIL module
 0001:0000502c       ??__E?s_id@?$TObjectUniqueID@UIRefObject@core@UModSys@@@tl@UModSys@@2USUniquePointer@core@3@A@@YAXXZ 0040602c f    CIL library: CIL module
 0001:0000504e       ??__E?s_id@?$TObjectUniqueID@UIParameters@core@UModSys@@@tl@UModSys@@2USUniquePointer@core@3@A@@YAXXZ 0040604e f    CIL library: CIL module
 0001:00005070       ??__E?s_id@?$TObjectUniqueID@UIModule@base@UModSys@@@tl@UModSys@@2USUniquePointer@core@3@A@@YAXXZ 00406070 f    CIL library: CIL module
 0001:00005092       ??__E?s_id@?$TObjectUniqueID@UIModuleLibrary@base@UModSys@@@tl@UModSys@@2USUniquePointer@core@3@A@@YAXXZ 00406092 f    CIL library: CIL module
 0001:000050b4       ??__E?s_id@?$TObjectUniqueID@UIModObject@base@UModSys@@@tl@UModSys@@2USUniquePointer@core@3@A@@YAXXZ 004060b4 f    CIL library: CIL module
 0001:000050d6       ??__E?s_id@?$TObjectUniqueID@UIGenerator@base@UModSys@@@tl@UModSys@@2USUniquePointer@core@3@A@@YAXXZ 004060d6 f    CIL library: CIL module
 0001:000050f8       ??__E?s_id@?$TObjectUniqueID@UIShell@base@UModSys@@@tl@UModSys@@2USUniquePointer@core@3@A@@YAXXZ 004060f8 f    CIL library: CIL module
 0001:0000511a       ??__E?s_id@?$TObjectUniqueID@UIConsole@base@UModSys@@@tl@UModSys@@2USUniquePointer@core@3@A@@YAXXZ 0040611a f    CIL library: CIL module
 0001:0000513c       ??__E?s_id@?$TObjectUniqueID@UISystem@base@UModSys@@@tl@UModSys@@2USUniquePointer@core@3@A@@YAXXZ 0040613c f    CIL library: CIL module
 0001:0000515e       ??__E?s_id@?$TObjectUniqueID@URModule@rsystem@base@UModSys@@@tl@UModSys@@2USUniquePointer@core@3@A@@YAXXZ 0040615e f    CIL library: CIL module
 0001:00005180       ??__E?s_id@?$TObjectUniqueID@UIModuleLibraryUni@rsystem@base@UModSys@@@tl@UModSys@@2USUniquePointer@core@3@A@@YAXXZ 00406180 f    CIL library: CIL module
 0001:000051a2       ??__E?s_id@?$TObjectUniqueID@URModuleLibrarySO@rsystem@base@UModSys@@@tl@UModSys@@2USUniquePointer@core@3@A@@YAXXZ 004061a2 f    CIL library: CIL module
 0001:000051c4       ??__E?s_id@?$TObjectUniqueID@URModuleLibraryThis@rsystem@base@UModSys@@@tl@UModSys@@2USUniquePointer@core@3@A@@YAXXZ 004061c4 f    CIL library: CIL module
 0001:000051e6       ??__E?s_id@?$TObjectUniqueID@URParameters@rsystem@base@UModSys@@@tl@UModSys@@2USUniquePointer@core@3@A@@YAXXZ 004061e6 f    CIL library: CIL module
 0001:00005208       ??__E?s_id@?$TObjectUniqueID@URSystem@rsystem@base@UModSys@@@tl@UModSys@@2USUniquePointer@core@3@A@@YAXXZ 00406208 f    CIL library: CIL module
 0001:0000522a       ??__E?s_id@?$TObjectUniqueID@URConsole_std@rsystem@base@UModSys@@@tl@UModSys@@2USUniquePointer@core@3@A@@YAXXZ 0040622a f    CIL library: CIL module
 0001:0000524c       ??__E?s_modreg@RStdIo_ModuleReg@media@UModSys@@2U123@A@@YAXXZ 0040624c f    CIL library: CIL module
 0001:00005258       ??__E?s_modreg_chain@RStdIo_ModuleReg@media@UModSys@@2USModuleRegChain@base@3@A@@YAXXZ 00406258 f    CIL library: CIL module
 0001:00005286       ??__E?s_uid@RStdIo_Generator@media@UModSys@@2USUniquePointer@core@3@A@@YAXXZ 00406286 f    CIL library: CIL module
 0001:000052a8       ??__E?s_id@?$TObjectUniqueID@UIStreamReader@media@UModSys@@@tl@UModSys@@2USUniquePointer@core@3@A@@YAXXZ 004062a8 f    CIL library: CIL module
 0001:000052ca       ??__E?s_id@?$TObjectUniqueID@UIStreamWriter@media@UModSys@@@tl@UModSys@@2USUniquePointer@core@3@A@@YAXXZ 004062ca f    CIL library: CIL module
 0001:000052ec       ??__E?s_id@?$TObjectUniqueID@UIDataArchive@media@UModSys@@@tl@UModSys@@2USUniquePointer@core@3@A@@YAXXZ 004062ec f    CIL library: CIL module
 0001:0000530e       ??__E?s_id@?$TObjectUniqueID@URStreamReader_FILE@media@UModSys@@@tl@UModSys@@2USUniquePointer@core@3@A@@YAXXZ 0040630e f    CIL library: CIL module
 0001:00005330       ??__E?s_id@?$TObjectUniqueID@URStdIo_Generator@media@UModSys@@@tl@UModSys@@2USUniquePointer@core@3@A@@YAXXZ 00406330 f    CIL library: CIL module
 0001:00005352       ??__E?s_console@RConsole_std@rsystem@base@UModSys@@2U1234@A@@YAXXZ 00406352 f    CIL library: CIL module
 0001:0000535e       ??__E?s_sys@RSystem@rsystem@base@UModSys@@2U1234@A@@YAXXZ 0040635e f    CIL library: CIL module
 0001:0000536f       ??__Ersys_dbg@rsystem@base@UModSys@@YAXXZ 0040636f f    CIL library: CIL module
 0001:0000537b       ??__EM@UModSys@@YAXXZ      0040637b f    CIL library: CIL module
 0001:00005387       ??__E?root@SModuleRegChain@base@UModSys@@2U123@A@@YAXXZ 00406387 f    CIL library: CIL module
 0001:00005393       ??__E?s_library@RModuleLibraryReg_Chain@base@UModSys@@2U123@A@@YAXXZ 00406393 f    CIL library: CIL module
 0001:0000539f       ??__E?root@SUniquePointer@core@UModSys@@2U123@A@@YAXXZ 0040639f f    CIL library: CIL module
 0001:000053ab       ??__F?s_id@?$TObjectUniqueID@URConsole_std@rsystem@base@UModSys@@@tl@UModSys@@2USUniquePointer@core@3@A@@YAXXZ 004063ab f    CIL library: CIL module
 0001:000053b5       ??__F?s_id@?$TObjectUniqueID@URSystem@rsystem@base@UModSys@@@tl@UModSys@@2USUniquePointer@core@3@A@@YAXXZ 004063b5 f    CIL library: CIL module
 0001:000053bf       ??__F?s_id@?$TObjectUniqueID@URParameters@rsystem@base@UModSys@@@tl@UModSys@@2USUniquePointer@core@3@A@@YAXXZ 004063bf f    CIL library: CIL module
 0001:000053c9       ??__F?s_id@?$TObjectUniqueID@URModuleLibraryThis@rsystem@base@UModSys@@@tl@UModSys@@2USUniquePointer@core@3@A@@YAXXZ 004063c9 f    CIL library: CIL module
 0001:000053d3       ??__F?s_id@?$TObjectUniqueID@URModuleLibrarySO@rsystem@base@UModSys@@@tl@UModSys@@2USUniquePointer@core@3@A@@YAXXZ 004063d3 f    CIL library: CIL module
 0001:000053dd       ??__F?s_id@?$TObjectUniqueID@UIModuleLibraryUni@rsystem@base@UModSys@@@tl@UModSys@@2USUniquePointer@core@3@A@@YAXXZ 004063dd f    CIL library: CIL module
 0001:000053e7       ??__F?s_id@?$TObjectUniqueID@URModule@rsystem@base@UModSys@@@tl@UModSys@@2USUniquePointer@core@3@A@@YAXXZ 004063e7 f    CIL library: CIL module
 0001:000053f1       ??__F?s_id@?$TObjectUniqueID@UISystem@base@UModSys@@@tl@UModSys@@2USUniquePointer@core@3@A@@YAXXZ 004063f1 f    CIL library: CIL module
 0001:000053fb       ??__F?s_id@?$TObjectUniqueID@UIConsole@base@UModSys@@@tl@UModSys@@2USUniquePointer@core@3@A@@YAXXZ 004063fb f    CIL library: CIL module
 0001:00005405       ??__F?s_id@?$TObjectUniqueID@UIShell@base@UModSys@@@tl@UModSys@@2USUniquePointer@core@3@A@@YAXXZ 00406405 f    CIL library: CIL module
 0001:0000540f       ??__F?s_id@?$TObjectUniqueID@UIGenerator@base@UModSys@@@tl@UModSys@@2USUniquePointer@core@3@A@@YAXXZ 0040640f f    CIL library: CIL module
 0001:00005419       ??__F?s_id@?$TObjectUniqueID@UIModObject@base@UModSys@@@tl@UModSys@@2USUniquePointer@core@3@A@@YAXXZ 00406419 f    CIL library: CIL module
 0001:00005423       ??__F?s_id@?$TObjectUniqueID@UIModuleLibrary@base@UModSys@@@tl@UModSys@@2USUniquePointer@core@3@A@@YAXXZ 00406423 f    CIL library: CIL module
 0001:0000542d       ??__F?s_id@?$TObjectUniqueID@UIModule@base@UModSys@@@tl@UModSys@@2USUniquePointer@core@3@A@@YAXXZ 0040642d f    CIL library: CIL module
 0001:00005437       ??__F?s_id@?$TObjectUniqueID@UIParameters@core@UModSys@@@tl@UModSys@@2USUniquePointer@core@3@A@@YAXXZ 00406437 f    CIL library: CIL module
 0001:00005441       ??__F?s_id@?$TObjectUniqueID@UIRefObject@core@UModSys@@@tl@UModSys@@2USUniquePointer@core@3@A@@YAXXZ 00406441 f    CIL library: CIL module
 0001:0000544b       ??__F?s_id@?$TObjectUniqueID@UIRoot@core@UModSys@@@tl@UModSys@@2USUniquePointer@core@3@A@@YAXXZ 0040644b f    CIL library: CIL module
 0001:00005455       ??__F?s_modreg@RStdIo_ModuleReg@media@UModSys@@2U123@A@@YAXXZ 00406455 f    CIL library: CIL module
 0001:00005460       ??__F?s_modreg_chain@RStdIo_ModuleReg@media@UModSys@@2USModuleRegChain@base@3@A@@YAXXZ 00406460 f    CIL library: CIL module
 0001:0000546a       ??__F?s_uid@RStdIo_Generator@media@UModSys@@2USUniquePointer@core@3@A@@YAXXZ 0040646a f    CIL library: CIL module
 0001:00005474       ??__Fh@?1??s_holder@RStdIo_Generator@media@UModSys@@SAAAU?$TTypeStaticHolder@URStdIo_Generator@media@UModSys@@@tl@3@XZ@YAXXZ 00406474 f    CIL library: CIL module
 0001:00005491       ??__F?s_id@?$TObjectUniqueID@URStdIo_Generator@media@UModSys@@@tl@UModSys@@2USUniquePointer@core@3@A@@YAXXZ 00406491 f    CIL library: CIL module
 0001:0000549b       ??__F?s_id@?$TObjectUniqueID@URStreamReader_FILE@media@UModSys@@@tl@UModSys@@2USUniquePointer@core@3@A@@YAXXZ 0040649b f    CIL library: CIL module
 0001:000054a5       ??__F?s_id@?$TObjectUniqueID@UIDataArchive@media@UModSys@@@tl@UModSys@@2USUniquePointer@core@3@A@@YAXXZ 004064a5 f    CIL library: CIL module
 0001:000054af       ??__F?s_id@?$TObjectUniqueID@UIStreamWriter@media@UModSys@@@tl@UModSys@@2USUniquePointer@core@3@A@@YAXXZ 004064af f    CIL library: CIL module
 0001:000054b9       ??__F?s_id@?$TObjectUniqueID@UIStreamReader@media@UModSys@@@tl@UModSys@@2USUniquePointer@core@3@A@@YAXXZ 004064b9 f    CIL library: CIL module
 0001:000054c3       ??__F?s_console@RConsole_std@rsystem@base@UModSys@@2U1234@A@@YAXXZ 004064c3 f    CIL library: CIL module
 0001:000054f0       ??__F?s_sys@RSystem@rsystem@base@UModSys@@2U1234@A@@YAXXZ 004064f0 f    CIL library: CIL module
 0001:000054fb       ??__Frsys_dbg@rsystem@base@UModSys@@YAXXZ 004064fb f    CIL library: CIL module
 0001:00005512       ??__FM@UModSys@@YAXXZ      00406512 f    CIL library: CIL module
 0001:00005513       ??__F?root@SModuleRegChain@base@UModSys@@2U123@A@@YAXXZ 00406513 f    CIL library: CIL module
 0001:0000551d       ??__F?s_library@RModuleLibraryReg_Chain@base@UModSys@@2U123@A@@YAXXZ 0040651d f    CIL library: CIL module
 0001:00005528       ??__F?root@SUniquePointer@core@UModSys@@2U123@A@@YAXXZ 00406528 f    CIL library: CIL module

 Exports

  ordinal    name

        1    _UModSys_Plugin_Entry2@0
