 umodsysc

 Timestamp is 5258228e (Fri Oct 11 19:08:46 2013)

 Preferred load address is 00400000

 Start         Length     Name                   Class
 0001:00000000 00005e60H .text                   CODE
 0001:00005e60 000001faH .text$x                 CODE
 0001:0000605a 000003e5H .text$yc                CODE
 0001:0000643f 0000019bH .text$yd                CODE
 0002:00000000 00000150H .idata$5                DATA
 0002:00000150 00000004H .CRT$XCA                DATA
 0002:00000154 00000004H .CRT$XCAA               DATA
 0002:00000158 000000dcH .CRT$XCU                DATA
 0002:00000234 00000004H .CRT$XCZ                DATA
 0002:00000238 00000004H .CRT$XIA                DATA
 0002:0000023c 00000004H .CRT$XIAA               DATA
 0002:00000240 00000004H .CRT$XIY                DATA
 0002:00000244 00000004H .CRT$XIZ                DATA
 0002:00000248 00001018H .rdata                  DATA
 0002:00001260 00000b04H .rdata$r                DATA
 0002:00001d70 00000044H .rdata$sxdata           DATA
 0002:00001db4 00000004H .rtc$IAA                DATA
 0002:00001db8 00000004H .rtc$IZZ                DATA
 0002:00001dbc 00000004H .rtc$TAA                DATA
 0002:00001dc0 00000004H .rtc$TZZ                DATA
 0002:00001dc8 00000470H .xdata$x                DATA
 0002:00002238 00000028H .idata$2                DATA
 0002:00002260 00000014H .idata$3                DATA
 0002:00002274 00000150H .idata$4                DATA
 0002:000023c4 00000544H .idata$6                DATA
 0002:00002910 00000058H .edata                  DATA
 0003:00000000 00000880H .data                   DATA
 0003:00000880 000026d8H .bss                    DATA

  Address         Publics by Value              Rva+Base       Lib:Object

 0000:00000000       __except_list              00000000     <absolute>
 0000:00000011       ___safe_se_handler_count   00000011     <absolute>
 0000:00009876       __fltused                  00009876     <absolute>
 0000:00009876       __ldused                   00009876     <absolute>
 0000:00000000       ___ImageBase               00400000     <linker-defined>
 0001:00000000       _main                      00401000 f   umodsys.c_main.obj
 0001:0000015d       ??0?$TString@U?$TSCoreConst@D@su@tl@UModSys@@U?$TComparerBinaryHash@D@234@@tl@UModSys@@QAE@PBD@Z 0040115d f i umodsys.c_main.obj
 0001:00000187       ?update@?$TComparerBinaryHash@D@su@tl@UModSys@@QAEXPBDI@Z 00401187 f i umodsys.c_main.obj
 0001:000001b3       ??6SUniquePtrList@core@UModSys@@QAEAAU012@PBUSUniquePointerInfo@12@@Z 004011b3 f i umodsys_lib_libmedia:umodsys.mod.media.stdio.obj
 0001:000001cf       ?_get_other_interface@IRefObject@core@UModSys@@IAEPAUIRoot@23@PBUSUniquePointerInfo@23@@Z 004011cf f i umodsys_lib_libmedia:umodsys.mod.media.stdio.obj
 0001:000001cf       ?_get_other_interface@IRefObject@core@UModSys@@IBEPBUIRoot@23@PBUSUniquePointerInfo@23@@Z 004011cf f i umodsys_lib_libmedia:umodsys.mod.media.stdio.obj
 0001:000001f0       ?_get_interface_types@IRefObject@core@UModSys@@SAIAAUSUniquePtrList@23@@Z 004011f0 f i umodsys_lib_libmedia:umodsys.mod.media.stdio.obj
 0001:00000210       ??1?$TString@U?$TSCoreShared@USIMemAlloc@core@UModSys@@D@su@tl@UModSys@@U?$TComparerBinaryHash@D@234@@tl@UModSys@@QAE@XZ 00401210 f i umodsys_lib_libmedia:umodsys.mod.media.stdio.obj
 0001:00000215       ?file_get_size@stdio@media@modules@UModSys@@YA_JPAU_iobuf@@@Z 00401215 f i umodsys_lib_libmedia:umodsys.mod.media.stdio.obj
 0001:00000260       ?get_interface_info@RStreamReader_FILE@stdio@media@modules@UModSys@@UBEABUSUniquePointerInfo@core@5@XZ 00401260 f i umodsys_lib_libmedia:umodsys.mod.media.stdio.obj
 0001:00000266       ?get_interface_type@RStreamReader_FILE@stdio@media@modules@UModSys@@UBEPBUSUniquePointerInfo@core@5@XZ 00401266 f i umodsys_lib_libmedia:umodsys.mod.media.stdio.obj
 0001:0000026c       ?get_other_interface@RStreamReader_FILE@stdio@media@modules@UModSys@@UBEPBUIRoot@core@5@PBUSUniquePointerInfo@75@@Z 0040126c f i umodsys_lib_libmedia:umodsys.mod.media.stdio.obj
 0001:0000026c       ?get_other_interface@RStreamReader_FILE@stdio@media@modules@UModSys@@UAEPAUIRoot@core@5@PBUSUniquePointerInfo@75@@Z 0040126c f i umodsys_lib_libmedia:umodsys.mod.media.stdio.obj
 0001:0000028d       ??0RStreamReader_FILE@stdio@media@modules@UModSys@@QAE@PAURGenerator@1234@ABUSParameters@core@4@@Z 0040128d f i umodsys_lib_libmedia:umodsys.mod.media.stdio.obj
 0001:000002fb       ??0RStreamReader_FILE@stdio@media@modules@UModSys@@QAE@PAURGenerator@1234@PBD@Z 004012fb f i umodsys_lib_libmedia:umodsys.mod.media.stdio.obj
 0001:0000034b       ?open@RStreamReader_FILE@stdio@media@modules@UModSys@@QAEXPBD@Z 0040134b f i umodsys_lib_libmedia:umodsys.mod.media.stdio.obj
 0001:0000036f       ?reader_seek@RStreamReader_FILE@stdio@media@modules@UModSys@@UAE_N_J@Z 0040136f f i umodsys_lib_libmedia:umodsys.mod.media.stdio.obj
 0001:00000392       ?reader_seekend@RStreamReader_FILE@stdio@media@modules@UModSys@@UAE_N_J@Z 00401392 f i umodsys_lib_libmedia:umodsys.mod.media.stdio.obj
 0001:000003b8       ?reader_seekdelta@RStreamReader_FILE@stdio@media@modules@UModSys@@UAE_N_J@Z 004013b8 f i umodsys_lib_libmedia:umodsys.mod.media.stdio.obj
 0001:000003db       ?reader_pos@RStreamReader_FILE@stdio@media@modules@UModSys@@UAE_JXZ 004013db f i umodsys_lib_libmedia:umodsys.mod.media.stdio.obj
 0001:000003f0       ?reader_size@RStreamReader_FILE@stdio@media@modules@UModSys@@UAE_JXZ 004013f0 f i umodsys_lib_libmedia:umodsys.mod.media.stdio.obj
 0001:000003f7       ?reader_read@RStreamReader_FILE@stdio@media@modules@UModSys@@UAE_NPAXI@Z 004013f7 f i umodsys_lib_libmedia:umodsys.mod.media.stdio.obj
 0001:00000454       ?reader_close@RStreamReader_FILE@stdio@media@modules@UModSys@@UAEXXZ 00401454 f i umodsys_lib_libmedia:umodsys.mod.media.stdio.obj
 0001:0000046c       ??_GRStreamReader_FILE@stdio@media@modules@UModSys@@UAEPAXI@Z 0040146c f i umodsys_lib_libmedia:umodsys.mod.media.stdio.obj
 0001:0000046c       ??_ERStreamReader_FILE@stdio@media@modules@UModSys@@UAEPAXI@Z 0040146c f i  CIL library: CIL module
 0001:00000486       ?get_interface_info@RStreamWriter_FILE@stdio@media@modules@UModSys@@UBEABUSUniquePointerInfo@core@5@XZ 00401486 f i umodsys_lib_libmedia:umodsys.mod.media.stdio.obj
 0001:0000048c       ?get_interface_type@RStreamWriter_FILE@stdio@media@modules@UModSys@@UBEPBUSUniquePointerInfo@core@5@XZ 0040148c f i umodsys_lib_libmedia:umodsys.mod.media.stdio.obj
 0001:00000492       ?get_other_interface@RStreamWriter_FILE@stdio@media@modules@UModSys@@UAEPAUIRoot@core@5@PBUSUniquePointerInfo@75@@Z 00401492 f i umodsys_lib_libmedia:umodsys.mod.media.stdio.obj
 0001:00000492       ?get_other_interface@RStreamWriter_FILE@stdio@media@modules@UModSys@@UBEPBUIRoot@core@5@PBUSUniquePointerInfo@75@@Z 00401492 f i umodsys_lib_libmedia:umodsys.mod.media.stdio.obj
 0001:000004b3       ?ref_add@RDataArchiver_OsDir@stdio@media@modules@UModSys@@UBEXXZ 004014b3 f i umodsys_lib_libmedia:umodsys.mod.media.stdio.obj
 0001:000004b3       ?ref_add@RStreamReader_FILE@stdio@media@modules@UModSys@@UBEXXZ 004014b3 f i umodsys_lib_libmedia:umodsys.mod.media.stdio.obj
 0001:000004b3       ?ref_add@RStreamWriter_FILE@stdio@media@modules@UModSys@@UBEXXZ 004014b3 f i umodsys_lib_libmedia:umodsys.mod.media.stdio.obj
 0001:000004b3       ?ref_add@RGenerator@stdio@media@modules@UModSys@@UBEXXZ 004014b3 f i umodsys_lib_libmedia:umodsys.mod.media.stdio.obj
 0001:000004b7       ?ref_remove@RStreamWriter_FILE@stdio@media@modules@UModSys@@UBEXXZ 004014b7 f i umodsys_lib_libmedia:umodsys.mod.media.stdio.obj
 0001:000004b7       ?ref_remove@RStreamReader_FILE@stdio@media@modules@UModSys@@UBEXXZ 004014b7 f i umodsys_lib_libmedia:umodsys.mod.media.stdio.obj
 0001:000004b7       ?ref_remove@RGenerator@stdio@media@modules@UModSys@@UBEXXZ 004014b7 f i umodsys_lib_libmedia:umodsys.mod.media.stdio.obj
 0001:000004b7       ?ref_remove@RDataArchiver_OsDir@stdio@media@modules@UModSys@@UBEXXZ 004014b7 f i umodsys_lib_libmedia:umodsys.mod.media.stdio.obj
 0001:000004c2       ?suicide@RStreamWriter_FILE@stdio@media@modules@UModSys@@UAEXXZ 004014c2 f i umodsys_lib_libmedia:umodsys.mod.media.stdio.obj
 0001:000004c2       ?suicide@RDataArchiver_OsDir@stdio@media@modules@UModSys@@UAEXXZ 004014c2 f i umodsys_lib_libmedia:umodsys.mod.media.stdio.obj
 0001:000004c2       ?suicide@RStreamReader_FILE@stdio@media@modules@UModSys@@UAEXXZ 004014c2 f i umodsys_lib_libmedia:umodsys.mod.media.stdio.obj
 0001:0000050c       ??0RStreamWriter_FILE@stdio@media@modules@UModSys@@QAE@PAURGenerator@1234@ABUSParameters@core@4@@Z 0040150c f i umodsys_lib_libmedia:umodsys.mod.media.stdio.obj
 0001:000005ab       ??0RStreamWriter_FILE@stdio@media@modules@UModSys@@QAE@PAURGenerator@1234@PBD_N@Z 004015ab f i umodsys_lib_libmedia:umodsys.mod.media.stdio.obj
 0001:00000605       ?open@RStreamWriter_FILE@stdio@media@modules@UModSys@@QAEXPBD_N@Z 00401605 f i umodsys_lib_libmedia:umodsys.mod.media.stdio.obj
 0001:0000064b       ?writer_seek@RStreamWriter_FILE@stdio@media@modules@UModSys@@UAE_N_J@Z 0040164b f i umodsys_lib_libmedia:umodsys.mod.media.stdio.obj
 0001:0000066e       ?writer_seekend@RStreamWriter_FILE@stdio@media@modules@UModSys@@UAE_N_J@Z 0040166e f i umodsys_lib_libmedia:umodsys.mod.media.stdio.obj
 0001:00000694       ?writer_seekdelta@RStreamWriter_FILE@stdio@media@modules@UModSys@@UAE_N_J@Z 00401694 f i umodsys_lib_libmedia:umodsys.mod.media.stdio.obj
 0001:000006b7       ?writer_setsize@RStreamWriter_FILE@stdio@media@modules@UModSys@@UAE_N_J@Z 004016b7 f i umodsys_lib_libmedia:umodsys.mod.media.stdio.obj
 0001:000006fd       ?writer_pos@RStreamWriter_FILE@stdio@media@modules@UModSys@@UAE_JXZ 004016fd f i umodsys_lib_libmedia:umodsys.mod.media.stdio.obj
 0001:00000712       ?writer_size@RStreamWriter_FILE@stdio@media@modules@UModSys@@UAE_JXZ 00401712 f i umodsys_lib_libmedia:umodsys.mod.media.stdio.obj
 0001:00000737       ?writer_write@RStreamWriter_FILE@stdio@media@modules@UModSys@@UAE_NPBXI@Z 00401737 f i umodsys_lib_libmedia:umodsys.mod.media.stdio.obj
 0001:00000794       ?writer_copy@RStreamWriter_FILE@stdio@media@modules@UModSys@@UAE_NPAUIStreamReader@libmedia@5@_J@Z 00401794 f i umodsys_lib_libmedia:umodsys.mod.media.stdio.obj
 0001:00000818       ?writer_copy@RStreamWriter_FILE@stdio@media@modules@UModSys@@UAE_NPAUIStreamReader@libmedia@5@_J1@Z 00401818 f i umodsys_lib_libmedia:umodsys.mod.media.stdio.obj
 0001:0000084f       ?writer_close@RStreamWriter_FILE@stdio@media@modules@UModSys@@UAEXXZ 0040184f f i umodsys_lib_libmedia:umodsys.mod.media.stdio.obj
 0001:0000087c       ?writer_abort@RStreamWriter_FILE@stdio@media@modules@UModSys@@UAEXXZ 0040187c f i umodsys_lib_libmedia:umodsys.mod.media.stdio.obj
 0001:000008a9       ??_ERStreamWriter_FILE@stdio@media@modules@UModSys@@UAEPAXI@Z 004018a9 f i  CIL library: CIL module
 0001:000008a9       ??_GRStreamWriter_FILE@stdio@media@modules@UModSys@@UAEPAXI@Z 004018a9 f i umodsys_lib_libmedia:umodsys.mod.media.stdio.obj
 0001:000008e0       ?get_interface_info@RDataArchiver_OsDir@stdio@media@modules@UModSys@@UBEABUSUniquePointerInfo@core@5@XZ 004018e0 f i umodsys_lib_libmedia:umodsys.mod.media.stdio.obj
 0001:000008e6       ?get_interface_type@RDataArchiver_OsDir@stdio@media@modules@UModSys@@UBEPBUSUniquePointerInfo@core@5@XZ 004018e6 f i umodsys_lib_libmedia:umodsys.mod.media.stdio.obj
 0001:000008ec       ?get_other_interface@RDataArchiver_OsDir@stdio@media@modules@UModSys@@UAEPAUIRoot@core@5@PBUSUniquePointerInfo@75@@Z 004018ec f i umodsys_lib_libmedia:umodsys.mod.media.stdio.obj
 0001:000008ec       ?get_other_interface@RDataArchiver_OsDir@stdio@media@modules@UModSys@@UBEPBUIRoot@core@5@PBUSUniquePointerInfo@75@@Z 004018ec f i umodsys_lib_libmedia:umodsys.mod.media.stdio.obj
 0001:0000090d       ??0RDataArchiver_OsDir@stdio@media@modules@UModSys@@QAE@PAURGenerator@1234@ABUSParameters@core@4@@Z 0040190d f i umodsys_lib_libmedia:umodsys.mod.media.stdio.obj
 0001:0000096a       ?open@RDataArchiver_OsDir@stdio@media@modules@UModSys@@QAEXABUSParameters@core@5@@Z 0040196a f i umodsys_lib_libmedia:umodsys.mod.media.stdio.obj
 0001:00000a44       ?load_data@RDataArchiver_OsDir@stdio@media@modules@UModSys@@UAE_NAAUSMemShared@core@5@ABU?$TString@U?$TSCoreConst@D@su@tl@UModSys@@U?$TComparerBinaryHash@D@234@@tl@5@H@Z 00401a44 f i umodsys_lib_libmedia:umodsys.mod.media.stdio.obj
 0001:00000a8d       ?load_reader@RDataArchiver_OsDir@stdio@media@modules@UModSys@@UAE?AU?$TRefObject@UIStreamReader@libmedia@UModSys@@@tl@5@ABU?$TString@U?$TSCoreConst@D@su@tl@UModSys@@U?$TComparerBinaryHash@D@234@@75@H@Z 00401a8d f i umodsys_lib_libmedia:umodsys.mod.media.stdio.obj
 0001:00000b9a       ?save_data@RDataArchiver_OsDir@stdio@media@modules@UModSys@@UAE_NABUSMemShared@core@5@ABU?$TString@U?$TSCoreConst@D@su@tl@UModSys@@U?$TComparerBinaryHash@D@234@@tl@5@H@Z 00401b9a f i umodsys_lib_libmedia:umodsys.mod.media.stdio.obj
 0001:00000be3       ?save_writer@RDataArchiver_OsDir@stdio@media@modules@UModSys@@UAE?AU?$TRefObject@UIStreamWriter@libmedia@UModSys@@@tl@5@ABU?$TString@U?$TSCoreConst@D@su@tl@UModSys@@U?$TComparerBinaryHash@D@234@@75@H@Z 00401be3 f i umodsys_lib_libmedia:umodsys.mod.media.stdio.obj
 0001:00000d05       ?get_entrylist@RDataArchiver_OsDir@stdio@media@modules@UModSys@@UAE_NABU?$TString@U?$TSCoreConst@D@su@tl@UModSys@@U?$TComparerBinaryHash@D@234@@tl@5@AAU?$TIStackSocket@USFileInfo@libmedia@UModSys@@@75@@Z 00401d05 f i umodsys_lib_libmedia:umodsys.mod.media.stdio.obj
 0001:00000d4e       ?get_permissions@RDataArchiver_OsDir@stdio@media@modules@UModSys@@UAEHXZ 00401d4e f i umodsys_lib_libmedia:umodsys.mod.media.stdio.obj
 0001:00000d52       ??_ERDataArchiver_OsDir@stdio@media@modules@UModSys@@UAEPAXI@Z 00401d52 f i  CIL library: CIL module
 0001:00000d52       ??_GRDataArchiver_OsDir@stdio@media@modules@UModSys@@UAEPAXI@Z 00401d52 f i umodsys_lib_libmedia:umodsys.mod.media.stdio.obj
 0001:00000d8e       ?get_generated_names@RGenerator@stdio@media@modules@UModSys@@UBEHAAUSUniquePtrList@core@5@@Z 00401d8e f i umodsys_lib_libmedia:umodsys.mod.media.stdio.obj
 0001:00000dbe       ?get_generated_types@RGenerator@stdio@media@modules@UModSys@@UBEHAAUSUniquePtrList@core@5@PBUSUniquePointerInfo@75@@Z 00401dbe f i umodsys_lib_libmedia:umodsys.mod.media.stdio.obj
 0001:00000e2c       ?generate@RGenerator@stdio@media@modules@UModSys@@UAE_NAAU?$TRefObject@UIRefObject@core@UModSys@@@tl@5@PBUSUniquePointerInfo@core@5@ABUSParameters@95@@Z 00401e2c f i umodsys_lib_libmedia:umodsys.mod.media.stdio.obj
 0001:00000e97       ?get_interface_info@RGenerator@stdio@media@modules@UModSys@@UBEABUSUniquePointerInfo@core@5@XZ 00401e97 f i umodsys_lib_libmedia:umodsys.mod.media.stdio.obj
 0001:00000e9d       ?get_interface_type@RGenerator@stdio@media@modules@UModSys@@UBEPBUSUniquePointerInfo@core@5@XZ 00401e9d f i umodsys_lib_libmedia:umodsys.mod.media.stdio.obj
 0001:00000ea3       ?get_interface_types@RStreamReader_FILE@stdio@media@modules@UModSys@@UBEIAAUSUniquePtrList@core@5@@Z 00401ea3 f i umodsys_lib_libmedia:umodsys.mod.media.stdio.obj
 0001:00000ea3       ?get_interface_types@RParameters@rsystem@base@UModSys@@UBEIAAUSUniquePtrList@core@4@@Z 00401ea3 f i umodsys_lib_basesys:umodsys.basesys.rparameters.obj
 0001:00000ea3       ?get_interface_types@RStreamWriter_FILE@stdio@media@modules@UModSys@@UBEIAAUSUniquePtrList@core@5@@Z 00401ea3 f i umodsys_lib_libmedia:umodsys.mod.media.stdio.obj
 0001:00000ea3       ?get_interface_types@RModuleLibraryThis@rsystem@base@UModSys@@UBEIAAUSUniquePtrList@core@4@@Z 00401ea3 f i umodsys_lib_basesys:umodsys.basesys.rmodulelibthis.obj
 0001:00000ea3       ?get_interface_types@RDataArchiver_OsDir@stdio@media@modules@UModSys@@UBEIAAUSUniquePtrList@core@5@@Z 00401ea3 f i umodsys_lib_libmedia:umodsys.mod.media.stdio.obj
 0001:00000ea3       ?get_interface_types@RGenerator@stdio@media@modules@UModSys@@UBEIAAUSUniquePtrList@core@5@@Z 00401ea3 f i umodsys_lib_libmedia:umodsys.mod.media.stdio.obj
 0001:00000ea3       ?get_interface_types@RModuleLibrarySO@rsystem@base@UModSys@@UBEIAAUSUniquePtrList@core@4@@Z 00401ea3 f i umodsys_lib_basesys:umodsys.basesys.rmodulelibso.obj
 0001:00000ea3       ?get_interface_types@RConsole_std@rsystem@base@UModSys@@UBEIAAUSUniquePtrList@core@4@@Z 00401ea3 f i umodsys_lib_basesys:umodsys.basesys.rconsole_std.obj
 0001:00000ea3       ?get_interface_types@RSystem@rsystem@base@UModSys@@UBEIAAUSUniquePtrList@core@4@@Z 00401ea3 f i umodsys_lib_basesys:umodsys.basesys.rsystem_main.obj
 0001:00000ea3       ?get_interface_types@RModule@rsystem@base@UModSys@@UBEIAAUSUniquePtrList@core@4@@Z 00401ea3 f i umodsys_lib_basesys:umodsys.basesys.rmodule.obj
 0001:00000ea8       ?get_other_interface@RGenerator@stdio@media@modules@UModSys@@UBEPBUIRoot@core@5@PBUSUniquePointerInfo@75@@Z 00401ea8 f i umodsys_lib_libmedia:umodsys.mod.media.stdio.obj
 0001:00000ea8       ?get_other_interface@RGenerator@stdio@media@modules@UModSys@@UAEPAUIRoot@core@5@PBUSUniquePointerInfo@75@@Z 00401ea8 f i umodsys_lib_libmedia:umodsys.mod.media.stdio.obj
 0001:00000ed1       ?ref_links@RStreamWriter_FILE@stdio@media@modules@UModSys@@UBEHXZ 00401ed1 f i umodsys_lib_libmedia:umodsys.mod.media.stdio.obj
 0001:00000ed1       ?ref_links@RDataArchiver_OsDir@stdio@media@modules@UModSys@@UBEHXZ 00401ed1 f i umodsys_lib_libmedia:umodsys.mod.media.stdio.obj
 0001:00000ed1       ?get_system@IModuleLibraryUni@rsystem@base@UModSys@@UBEPAUISystem@34@XZ 00401ed1 f i umodsys_lib_basesys:umodsys.basesys.rmodulelib.obj
 0001:00000ed1       ?ref_links@RStreamReader_FILE@stdio@media@modules@UModSys@@UBEHXZ 00401ed1 f i umodsys_lib_libmedia:umodsys.mod.media.stdio.obj
 0001:00000ed1       ?ref_links@RGenerator@stdio@media@modules@UModSys@@UBEHXZ 00401ed1 f i umodsys_lib_libmedia:umodsys.mod.media.stdio.obj
 0001:00000ed5       ?get_uid@RGenerator@stdio@media@modules@UModSys@@UBEPBUSUniquePointerInfo@core@5@XZ 00401ed5 f i umodsys_lib_libmedia:umodsys.mod.media.stdio.obj
 0001:00000edb       ?do_open@RModuleReg@stdio@media@modules@UModSys@@UAE_NXZ 00401edb f i umodsys_lib_libmedia:umodsys.mod.media.stdio.obj
 0001:00000f0a       ?do_close@RModuleReg@stdio@media@modules@UModSys@@UAE_NXZ 00401f0a f i umodsys_lib_libmedia:umodsys.mod.media.stdio.obj
 0001:00000f39       ??_ERModuleReg@stdio@media@modules@UModSys@@UAEPAXI@Z 00401f39 f i  CIL library: CIL module
 0001:00000f39       ??_EIModuleReg@base@UModSys@@UAEPAXI@Z 00401f39 f i  CIL library: CIL module
 0001:00000f39       ??_GRModuleReg@stdio@media@modules@UModSys@@UAEPAXI@Z 00401f39 f i umodsys_lib_libmedia:umodsys.mod.media.stdio.obj
 0001:00000f39       ??_GIModuleReg@base@UModSys@@UAEPAXI@Z 00401f39 f i umodsys_lib_base:umodsys.base.modulereg.obj
 0001:00000f56       ?get_module@RGenerator@stdio@media@modules@UModSys@@UBEPAUIModule@base@5@XZ 00401f56 f   umodsys_lib_libmedia:umodsys.mod.media.stdio.obj
 0001:00000f5c       ?mod_inc@RGenerator@stdio@media@modules@UModSys@@UBE_NXZ 00401f5c f   umodsys_lib_libmedia:umodsys.mod.media.stdio.obj
 0001:00000f67       ?mod_dec@RGenerator@stdio@media@modules@UModSys@@UBE_NXZ 00401f67 f   umodsys_lib_libmedia:umodsys.mod.media.stdio.obj
 0001:00000f72       ?s_holder@RGenerator@stdio@media@modules@UModSys@@SAAAU?$TTypeStaticHolder@URGenerator@stdio@media@modules@UModSys@@@tl@5@XZ 00401f72 f   umodsys_lib_libmedia:umodsys.mod.media.stdio.obj
 0001:00000fa4       ?init@?$TTypeStaticHolder@URGenerator@stdio@media@modules@UModSys@@@tl@UModSys@@QAEPAURGenerator@stdio@media@modules@3@XZ 00401fa4 f i umodsys_lib_libmedia:umodsys.mod.media.stdio.obj
 0001:00000fcb       ?set@?$TString@U?$TSCoreShared@USIMemAlloc@core@UModSys@@D@su@tl@UModSys@@U?$TComparerBinaryHash@D@234@@tl@UModSys@@QAEXPBD@Z 00401fcb f i umodsys_lib_libmedia:umodsys.mod.media.stdio.obj
 0001:0000104a       ??_GIRoot@core@UModSys@@UAEPAXI@Z 0040204a f i umodsys_lib_libmedia:umodsys.mod.media.stdio.obj
 0001:0000104a       ??_ERParameters@rsystem@base@UModSys@@UAEPAXI@Z 0040204a f i  CIL library: CIL module
 0001:0000104a       ??_ERGenerator@stdio@media@modules@UModSys@@UAEPAXI@Z 0040204a f i  CIL library: CIL module
 0001:0000104a       ??_GRGenerator@stdio@media@modules@UModSys@@UAEPAXI@Z 0040204a f i umodsys_lib_libmedia:umodsys.mod.media.stdio.obj
 0001:0000104a       ??_EIRoot@core@UModSys@@UAEPAXI@Z 0040204a f i  CIL library: CIL module
 0001:0000104a       ??_GRParameters@rsystem@base@UModSys@@UAEPAXI@Z 0040204a f i umodsys_lib_basesys:umodsys.basesys.rparameters.obj
 0001:00001055       ?info_release@?$TSCoreShared@USIMemAlloc@core@UModSys@@D@su@tl@UModSys@@QAEXXZ 00402055 f i umodsys_lib_libmedia:umodsys.mod.media.stdio.obj
 0001:00001085       ??$ValidateConstruction@UIStreamReader@libmedia@UModSys@@URStreamReader_FILE@stdio@media@modules@3@@core@UModSys@@YA_NAAU?$TRefObject@UIStreamReader@libmedia@UModSys@@@tl@1@PAURStreamReader_FILE@stdio@media@modules@1@@Z 00402085 f i umodsys_lib_libmedia:umodsys.mod.media.stdio.obj
 0001:000010df       ??$ValidateConstruction@UIStreamWriter@libmedia@UModSys@@URStreamWriter_FILE@stdio@media@modules@3@@core@UModSys@@YA_NAAU?$TRefObject@UIStreamWriter@libmedia@UModSys@@@tl@1@PAURStreamWriter_FILE@stdio@media@modules@1@@Z 004020df f i umodsys_lib_libmedia:umodsys.mod.media.stdio.obj
 0001:00001139       ??$t_gen_param@URStreamReader_FILE@stdio@media@modules@UModSys@@URGenerator@2345@@IGenerator@base@UModSys@@IAE_NPAURGenerator@stdio@media@modules@2@AAU?$TRefObject@UIRefObject@core@UModSys@@@tl@2@PBUSUniquePointerInfo@core@2@ABUSParameters@core@2@@Z 00402139 f i umodsys_lib_libmedia:umodsys.mod.media.stdio.obj
 0001:000011ce       ??$t_gen_param@URStreamWriter_FILE@stdio@media@modules@UModSys@@URGenerator@2345@@IGenerator@base@UModSys@@IAE_NPAURGenerator@stdio@media@modules@2@AAU?$TRefObject@UIRefObject@core@UModSys@@@tl@2@PBUSUniquePointerInfo@core@2@ABUSParameters@core@2@@Z 004021ce f i umodsys_lib_libmedia:umodsys.mod.media.stdio.obj
 0001:00001263       ??$t_gen_param@URDataArchiver_OsDir@stdio@media@modules@UModSys@@URGenerator@2345@@IGenerator@base@UModSys@@IAE_NPAURGenerator@stdio@media@modules@2@AAU?$TRefObject@UIRefObject@core@UModSys@@@tl@2@PBUSUniquePointerInfo@core@2@ABUSParameters@core@2@@Z 00402263 f i umodsys_lib_libmedia:umodsys.mod.media.stdio.obj
 0001:000012e0       ??4?$TRefObject@UIRefObject@core@UModSys@@@tl@UModSys@@QAEABU012@PAUIRefObject@core@2@@Z 004022e0 f i umodsys_lib_libmedia:umodsys.mod.media.stdio.obj
 0001:000012fb       ??0SVFileName@libmedia@UModSys@@QAE@ABU?$TString@U?$TSCoreConst@D@su@tl@UModSys@@U?$TComparerBinaryHash@D@234@@tl@2@0_N@Z 004022fb f   umodsys_lib_libmedia:umodsys.lib.media.common.obj
 0001:00001356       ?init@SVFileName@libmedia@UModSys@@QAEXPBDH_N@Z 00402356 f   umodsys_lib_libmedia:umodsys.lib.media.common.obj
 0001:00001411       ??4?$TString@U?$TSCoreConst@D@su@tl@UModSys@@U?$TComparerBinaryHash@D@234@@tl@UModSys@@QAEABU012@PBD@Z 00402411 f i umodsys_lib_libmedia:umodsys.lib.media.common.obj
 0001:00001432       ??$safe_snprintf@D@syshlp@core@UModSys@@YAIPADIPBDZZ 00402432 f i umodsys_lib_libmedia:umodsys.lib.media.common.obj
 0001:00001450       ?get_interface_info@RConsole_std@rsystem@base@UModSys@@UBEABUSUniquePointerInfo@core@4@XZ 00402450 f i umodsys_lib_basesys:umodsys.basesys.rconsole_std.obj
 0001:00001456       ?get_interface_type@RConsole_std@rsystem@base@UModSys@@UBEPBUSUniquePointerInfo@core@4@XZ 00402456 f i umodsys_lib_basesys:umodsys.basesys.rconsole_std.obj
 0001:0000145c       ?get_other_interface@RConsole_std@rsystem@base@UModSys@@UAEPAUIRoot@core@4@PBUSUniquePointerInfo@64@@Z 0040245c f i umodsys_lib_basesys:umodsys.basesys.rconsole_std.obj
 0001:0000145c       ?get_other_interface@RConsole_std@rsystem@base@UModSys@@UBEPBUIRoot@core@4@PBUSUniquePointerInfo@64@@Z 0040245c f i umodsys_lib_basesys:umodsys.basesys.rconsole_std.obj
 0001:0000147d       ?suicide@IRoot@core@UModSys@@UAEXXZ 0040247d f   umodsys_lib_core:umodsys.core.objects.obj
 0001:0000147d       ?ref_remove@RConsole_std@rsystem@base@UModSys@@UBEXXZ 0040247d f   umodsys_lib_basesys:umodsys.basesys.rconsole_std.obj
 0001:0000147d       ?ref_add@RConsole_std@rsystem@base@UModSys@@UBEXXZ 0040247d f   umodsys_lib_basesys:umodsys.basesys.rconsole_std.obj
 0001:0000147d       ?suicide@RGenerator@stdio@media@modules@UModSys@@UAEXXZ 0040247d f   umodsys_lib_libmedia:umodsys.mod.media.stdio.obj
 0001:0000147e       ?get_syslib@RSystem@rsystem@base@UModSys@@UAEPAUIModuleLibrary@34@XZ 0040247e f   umodsys_lib_basesys:umodsys.basesys.rsystem.obj
 0001:0000147e       ?ref_links@RConsole_std@rsystem@base@UModSys@@UBEHXZ 0040247e f   umodsys_lib_basesys:umodsys.basesys.rconsole_std.obj
 0001:0000147e       __matherr                  0040247e f   MSVCRT:merr.obj
 0001:0000147e       __setargv                  0040247e f   MSVCRT:dllargv.obj
 0001:00001481       ?vput@RConsole_std@rsystem@base@UModSys@@UAE_NHPBDPAD@Z 00402481 f   umodsys_lib_basesys:umodsys.basesys.rconsole_std.obj
 0001:000014c9       ?put@RConsole_std@rsystem@base@UModSys@@UAA_NHPBDZZ 004024c9 f   umodsys_lib_basesys:umodsys.basesys.rconsole_std.obj
 0001:00001510       ?vget_c@RConsole_std@rsystem@base@UModSys@@UAE_NPAHPBDPAD@Z 00402510 f   umodsys_lib_basesys:umodsys.basesys.rconsole_std.obj
 0001:00001515       ?get_s@RConsole_std@rsystem@base@UModSys@@UAA_NPADIPBDZZ 00402515 f   umodsys_lib_basesys:umodsys.basesys.rconsole_std.obj
 0001:00001515       ?get_c@RConsole_std@rsystem@base@UModSys@@UAA_NPAHPBDZZ 00402515 f   umodsys_lib_basesys:umodsys.basesys.rconsole_std.obj
 0001:00001518       ?vget_s@RConsole_std@rsystem@base@UModSys@@UAE_NPADIPBD0@Z 00402518 f   umodsys_lib_basesys:umodsys.basesys.rconsole_std.obj
 0001:0000151d       ?reflect@RConsole_std@rsystem@base@UModSys@@QAE_NPBD@Z 0040251d f   umodsys_lib_basesys:umodsys.basesys.rconsole_std.obj
 0001:0000155d       ??_ERConsole_std@rsystem@base@UModSys@@UAEPAXI@Z 0040255d f i  CIL library: CIL module
 0001:0000155d       ??_GRConsole_std@rsystem@base@UModSys@@UAEPAXI@Z 0040255d f i umodsys_lib_basesys:umodsys.basesys.rconsole_std.obj
 0001:00001579       ??0EExceptionBase@core@UModSys@@QAE@PBUSSourceContext@12@HPBD@Z 00402579 f i umodsys_lib_basesys:umodsys.basesys.rsystem_main.obj
 0001:000015a4       ?decode_error@EExceptionBase@core@UModSys@@UBEHPADI@Z 004025a4 f i umodsys_lib_basesys:umodsys.basesys.rsystem_main.obj
 0001:000015cd       ??_EEExceptionBase@core@UModSys@@UAEPAXI@Z 004025cd f i  CIL library: CIL module
 0001:000015cd       ??_EEWarning@core@UModSys@@UAEPAXI@Z 004025cd f i  CIL library: CIL module
 0001:000015cd       ??_GEWarning@core@UModSys@@UAEPAXI@Z 004025cd f i umodsys_lib_basesys:umodsys.basesys.rsystem_main.obj
 0001:000015cd       ??_GEExceptionBase@core@UModSys@@UAEPAXI@Z 004025cd f i umodsys_lib_basesys:umodsys.basesys.rsystem_main.obj
 0001:000015cd       ??_GEFatal@core@UModSys@@UAEPAXI@Z 004025cd f i umodsys_lib_basesys:umodsys.basesys.rsystem_main.obj
 0001:000015cd       ??_EEFatal@core@UModSys@@UAEPAXI@Z 004025cd f i  CIL library: CIL module
 0001:000015ea       ?decode_error@EFatal@core@UModSys@@UBEHPADI@Z 004025ea f i umodsys_lib_basesys:umodsys.basesys.rsystem_main.obj
 0001:00001613       ??1EWarning@core@UModSys@@UAE@XZ 00402613 f i umodsys_lib_basesys:umodsys.basesys.rsystem_main.obj
 0001:00001613       ??1EFatal@core@UModSys@@UAE@XZ 00402613 f i umodsys_lib_basesys:umodsys.basesys.rsystem_main.obj
 0001:0000161a       ?decode_error@EWarning@core@UModSys@@UBEHPADI@Z 0040261a f i umodsys_lib_basesys:umodsys.basesys.rsystem_main.obj
 0001:00001643       ?get_interface_info@RSystem@rsystem@base@UModSys@@UBEABUSUniquePointerInfo@core@4@XZ 00402643 f i umodsys_lib_basesys:umodsys.basesys.rsystem_main.obj
 0001:00001649       ?get_interface_type@RSystem@rsystem@base@UModSys@@UBEPBUSUniquePointerInfo@core@4@XZ 00402649 f i umodsys_lib_basesys:umodsys.basesys.rsystem_main.obj
 0001:0000164f       ?get_other_interface@RSystem@rsystem@base@UModSys@@UBEPBUIRoot@core@4@PBUSUniquePointerInfo@64@@Z 0040264f f i umodsys_lib_basesys:umodsys.basesys.rsystem_main.obj
 0001:0000164f       ?get_other_interface@RSystem@rsystem@base@UModSys@@UAEPAUIRoot@core@4@PBUSUniquePointerInfo@64@@Z 0040264f f i umodsys_lib_basesys:umodsys.basesys.rsystem_main.obj
 0001:00001670       ?init@RSystem@rsystem@base@UModSys@@QAE_NXZ 00402670 f   umodsys_lib_basesys:umodsys.basesys.rsystem_main.obj
 0001:0000175a       ?deinit@RSystem@rsystem@base@UModSys@@QAE_NXZ 0040275a f   umodsys_lib_basesys:umodsys.basesys.rsystem_main.obj
 0001:00001814       ?set_console@RSystem@rsystem@base@UModSys@@QAEXPAUIConsole@34@@Z 00402814 f   umodsys_lib_basesys:umodsys.basesys.rsystem_main.obj
 0001:0000183b       ??0RSystem@rsystem@base@UModSys@@QAE@XZ 0040283b f   umodsys_lib_basesys:umodsys.basesys.rsystem_main.obj
 0001:0000195a       ??_ERSystem@rsystem@base@UModSys@@UAEPAXI@Z 0040295a f i  CIL library: CIL module
 0001:0000195a       ??_GRSystem@rsystem@base@UModSys@@UAEPAXI@Z 0040295a f i umodsys_lib_basesys:umodsys.basesys.rsystem_main.obj
 0001:00001969       ??1RSystem@rsystem@base@UModSys@@UAE@XZ 00402969 f   umodsys_lib_basesys:umodsys.basesys.rsystem_main.obj
 0001:00001a02       ?dbg_put@rsystem@base@UModSys@@YAXW4eRSystemDebugLevels@123@PBDZZ 00402a02 f   umodsys_lib_basesys:umodsys.basesys.rsystem_main.obj
 0001:00001a2e       ?err_put@rsystem@base@UModSys@@YAXW4eRSystemDebugLevels@123@PBDZZ 00402a2e f   umodsys_lib_basesys:umodsys.basesys.rsystem_main.obj
 0001:00001a5a       ??1?$TStaticStringPool@DU?$TComparerBinaryHash@D@su@tl@UModSys@@USMemAlloc_Malloc@core@4@@tl@UModSys@@QAE@XZ 00402a5a f i umodsys_lib_basesys:umodsys.basesys.rsystem_main.obj
 0001:00001a5f       ??1?$TQuantArrayUnique@USSourceContext@core@UModSys@@$0BAA@USMemAlloc_Malloc@23@@tl@UModSys@@QAE@XZ 00402a5f f i umodsys_lib_basesys:umodsys.basesys.rsystem_main.obj
 0001:00001a5f       ??1?$TQuantArrayUnique@USUniquePointerInfo@core@UModSys@@$0BAA@USMemAlloc_Malloc@23@@tl@UModSys@@QAE@XZ 00402a5f f i umodsys_lib_basesys:umodsys.basesys.rsystem_main.obj
 0001:00001a95       ??1?$TTreeHoldRBD@U?$TQuantArrayNode@USSourceContext@core@UModSys@@$0BAA@@tl@UModSys@@U?$TNodeDeleter@U?$TQuantArrayNode@USSourceContext@core@UModSys@@$0BAA@@tl@UModSys@@USMemAlloc_Malloc@core@3@@23@@tl@UModSys@@QAE@XZ 00402a95 f i umodsys_lib_basesys:umodsys.basesys.rsystem_main.obj
 0001:00001a95       ??1?$TTreeHoldRBD@U?$TQuantArrayNode@USUniquePointerInfo@core@UModSys@@$0BAA@@tl@UModSys@@U?$TNodeDeleter@U?$TQuantArrayNode@USUniquePointerInfo@core@UModSys@@$0BAA@@tl@UModSys@@USMemAlloc_Malloc@core@3@@23@@tl@UModSys@@QAE@XZ 00402a95 f i umodsys_lib_basesys:umodsys.basesys.rsystem_main.obj
 0001:00001aab       ?mem_alloc@?$TRMemAlloc_CC@U?$TMemAllocHeader@USMagic@mem_headers@rsystem@base@UModSys@@U?$TPool@X@2345@USDebug@2345@UVoid@core@5@@rsystem@base@UModSys@@USMemAlloc_Malloc@core@4@@rsystem@base@UModSys@@UAEPAXIPBUSSourceContext@core@4@@Z 00402aab f i umodsys_lib_basesys:umodsys.basesys.rsystem_main.obj
 0001:00001adf       ?mem_realloc@?$TRMemAlloc_CC@U?$TMemAllocHeader@USMagic@mem_headers@rsystem@base@UModSys@@U?$TPool@X@2345@USDebug@2345@UVoid@core@5@@rsystem@base@UModSys@@USMemAlloc_Malloc@core@4@@rsystem@base@UModSys@@UAEPAXPAXIPBUSSourceContext@core@4@@Z 00402adf f i umodsys_lib_basesys:umodsys.basesys.rsystem_main.obj
 0001:00001c3a       ?mem_free@?$TRMemAlloc_CC@U?$TMemAllocHeader@USMagic@mem_headers@rsystem@base@UModSys@@U?$TPool@X@2345@USDebug@2345@UVoid@core@5@@rsystem@base@UModSys@@USMemAlloc_Malloc@core@4@@rsystem@base@UModSys@@UAEXPAXPBUSSourceContext@core@4@@Z 00402c3a f i umodsys_lib_basesys:umodsys.basesys.rsystem_main.obj
 0001:00001cae       ?free@?$TStaticStringPool@DU?$TComparerBinaryHash@D@su@tl@UModSys@@USMemAlloc_Malloc@core@4@@tl@UModSys@@QAEXXZ 00402cae f i umodsys_lib_basesys:umodsys.basesys.rsystem_main.obj
 0001:00001ce9       ?next_node@?$TTreeHoldRB@U?$TQuantArrayNode@USUniquePointerInfo@core@UModSys@@$0BAA@@tl@UModSys@@@tl@UModSys@@SAPAU?$TQuantArrayNode@USUniquePointerInfo@core@UModSys@@$0BAA@@23@PAU423@@Z 00402ce9 f i umodsys_lib_basesys:umodsys.basesys.rsystem_main.obj
 0001:00001ce9       ?next_node@?$TTreeHoldRB@U?$TQuantArrayNode@USSourceContext@core@UModSys@@$0BAA@@tl@UModSys@@@tl@UModSys@@SAPAU?$TQuantArrayNode@USSourceContext@core@UModSys@@$0BAA@@23@PAU423@@Z 00402ce9 f i umodsys_lib_basesys:umodsys.basesys.rsystem.obj
 0001:00001d0e       ??$process@UEFatal@core@UModSys@@@IExceptionHandler@core@UModSys@@QAEXABUEFatal@12@@Z 00402d0e f i umodsys_lib_basesys:umodsys.basesys.rsystem_main.obj
 0001:00001d40       ??$process_nodes_r@U?$TNodeDeleter@U?$TQuantArrayNode@USUniquePointerInfo@core@UModSys@@$0BAA@@tl@UModSys@@USMemAlloc_Malloc@core@3@@tl@UModSys@@@?$TTreeHoldRB@U?$TQuantArrayNode@USUniquePointerInfo@core@UModSys@@$0BAA@@tl@UModSys@@@tl@UModSys@@KAHPAU?$TQuantArrayNode@USUniquePointerInfo@core@UModSys@@$0BAA@@12@ABU?$TNodeDeleter@U?$TQuantArrayNode@USUniquePointerInfo@core@UModSys@@$0BAA@@tl@UModSys@@USMemAlloc_Malloc@core@3@@12@@Z 00402d40 f i umodsys_lib_basesys:umodsys.basesys.rsystem_main.obj
 0001:00001d40       ??$process_nodes_r@U?$TNodeDeleter@U?$TQuantArrayNode@USSourceContext@core@UModSys@@$0BAA@@tl@UModSys@@USMemAlloc_Malloc@core@3@@tl@UModSys@@@?$TTreeHoldRB@U?$TQuantArrayNode@USSourceContext@core@UModSys@@$0BAA@@tl@UModSys@@@tl@UModSys@@KAHPAU?$TQuantArrayNode@USSourceContext@core@UModSys@@$0BAA@@12@ABU?$TNodeDeleter@U?$TQuantArrayNode@USSourceContext@core@UModSys@@$0BAA@@tl@UModSys@@USMemAlloc_Malloc@core@3@@12@@Z 00402d40 f i umodsys_lib_basesys:umodsys.basesys.rsystem_main.obj
 0001:00001d82       ??0EFatal@core@UModSys@@QAE@ABU012@@Z 00402d82 f i umodsys_lib_basesys:umodsys.basesys.rsystem_main.obj
 0001:00001d9a       ??0EExceptionBase@core@UModSys@@QAE@ABU012@@Z 00402d9a f i umodsys_lib_basesys:umodsys.basesys.rsystem_main.obj
 0001:00001dc2       ??0EWarning@core@UModSys@@QAE@ABU012@@Z 00402dc2 f i umodsys_lib_basesys:umodsys.basesys.rsystem_main.obj
 0001:00001dda       ?exec_test_shells@RSystem@rsystem@base@UModSys@@QAE_NXZ 00402dda f   umodsys_lib_basesys:umodsys.basesys.rsystem_tests.obj
 0001:00001f4a       ??1?$TParametersA@$0EAA@@core@UModSys@@QAE@XZ 00402f4a f i umodsys_lib_basesys:umodsys.basesys.rsystem_tests.obj
 0001:00001f57       ??$t_moduledb_generate@UIShell@base@UModSys@@@IModuleLoader@base@UModSys@@QAE_NAAU?$TRefObject@UIShell@base@UModSys@@@tl@2@PBUSUniquePointerInfo@core@2@ABUSParameters@62@@Z 00402f57 f i umodsys_lib_basesys:umodsys.basesys.rsystem_tests.obj
 0001:00001fe9       ?eq@SModuleInfo@base@UModSys@@QBE_NABU?$TString@U?$TSCoreConst@D@su@tl@UModSys@@U?$TComparerBinaryHash@D@234@@tl@3@ABUSVersion@core@3@@Z 00402fe9 f i umodsys_lib_basesys:umodsys.basesys.rmoduleloader.obj
 0001:0000200e       ?moduledb_findobjname@RModuleLoader@rsystem@base@UModSys@@UAEIPBUSUniquePointerInfo@core@4@QAPBU564@IPBD@Z 0040300e f   umodsys_lib_basesys:umodsys.basesys.rmoduleloader.obj
 0001:0000207b       ?moduledb_generate@RModuleLoader@rsystem@base@UModSys@@UAE_NAAU?$TRefObject@UIRefObject@core@UModSys@@@tl@4@PBUSUniquePointerInfo@core@4@ABUSParameters@84@@Z 0040307b f   umodsys_lib_basesys:umodsys.basesys.rmoduleloader.obj
 0001:000020d0       ?moduledb_lib_count@RModuleLoader@rsystem@base@UModSys@@UAEIXZ 004030d0 f   umodsys_lib_basesys:umodsys.basesys.rmoduleloader.obj
 0001:000020d5       ?moduledb_lib_get@RModuleLoader@rsystem@base@UModSys@@UBEPAUIModuleLibrary@34@I@Z 004030d5 f   umodsys_lib_basesys:umodsys.basesys.rmoduleloader.obj
 0001:000020f5       ?moduledb_load@RModuleLoader@rsystem@base@UModSys@@UAE_NABU?$TString@U?$TSCoreConst@D@su@tl@UModSys@@U?$TComparerBinaryHash@D@234@@tl@4@@Z 004030f5 f   umodsys_lib_basesys:umodsys.basesys.rmoduleloader.obj
 0001:000020f5       ?moduledb_lib_drop@RModuleLoader@rsystem@base@UModSys@@UAE_NPAUIModuleLibrary@34@@Z 004030f5 f   umodsys_lib_basesys:umodsys.basesys.rmoduleloader.obj
 0001:000020fa       ?moduledb_module_count@RModuleLoader@rsystem@base@UModSys@@UAEIXZ 004030fa f   umodsys_lib_basesys:umodsys.basesys.rmoduleloader.obj
 0001:0000211c       ?moduledb_module_get@RModuleLoader@rsystem@base@UModSys@@UBEPAUIModule@34@I@Z 0040311c f   umodsys_lib_basesys:umodsys.basesys.rmoduleloader.obj
 0001:0000216a       ?moduledb_find@RModuleLoader@rsystem@base@UModSys@@UBEPAUIModule@34@ABU?$TString@U?$TSCoreConst@D@su@tl@UModSys@@U?$TComparerBinaryHash@D@234@@tl@4@ABUSVersion@core@4@@Z 0040316a f   umodsys_lib_basesys:umodsys.basesys.rmoduleloader.obj
 0001:00002221       ?moduledb_clear@RModuleLoader@rsystem@base@UModSys@@UAEXXZ 00403221 f   umodsys_lib_basesys:umodsys.basesys.rmoduleloader.obj
 0001:00002275       ?moduledb_cleanup@RModuleLoader@rsystem@base@UModSys@@UAEIXZ 00403275 f   umodsys_lib_basesys:umodsys.basesys.rmoduleloader.obj
 0001:00002375       ?moduledb_save@RModuleLoader@rsystem@base@UModSys@@UAE_NABU?$TString@U?$TSCoreConst@D@su@tl@UModSys@@U?$TComparerBinaryHash@D@234@@tl@4@@Z 00403375 f   umodsys_lib_basesys:umodsys.basesys.rmoduleloader.obj
 0001:000023f5       ?moduledb_scan@RModuleLoader@rsystem@base@UModSys@@UAEIABU?$TString@U?$TSCoreConst@D@su@tl@UModSys@@U?$TComparerBinaryHash@D@234@@tl@4@_N@Z 004033f5 f   umodsys_lib_basesys:umodsys.basesys.rmoduleloader.obj
 0001:00002483       ?moduledb_get_string@RModuleLoader@rsystem@base@UModSys@@UAEABU?$TString@U?$TSCoreConst@D@su@tl@UModSys@@U?$TComparerBinaryHash@D@234@@tl@4@ABU564@@Z 00403483 f   umodsys_lib_basesys:umodsys.basesys.rmoduleloader.obj
 0001:00002495       ??_ERModuleLoader@rsystem@base@UModSys@@UAEPAXI@Z 00403495 f i  CIL library: CIL module
 0001:00002495       ??_GRModuleLoader@rsystem@base@UModSys@@UAEPAXI@Z 00403495 f i umodsys_lib_basesys:umodsys.basesys.rmoduleloader.obj
 0001:000024b2       ??_EIModuleLoader@base@UModSys@@UAEPAXI@Z 004034b2 f i  CIL library: CIL module
 0001:000024b2       ??_GIModuleLoader@base@UModSys@@UAEPAXI@Z 004034b2 f i umodsys_lib_basesys:umodsys.basesys.rmoduleloader.obj
 0001:000024cf       ??1RModuleLoader@rsystem@base@UModSys@@UAE@XZ 004034cf f   umodsys_lib_basesys:umodsys.basesys.rmoduleloader.obj
 0001:00002535       ?append@?$TStaticStringPool@DU?$TComparerBinaryHash@D@su@tl@UModSys@@USMemAlloc_Malloc@core@4@@tl@UModSys@@QAEPBU?$TString@U?$TSCoreConst@D@su@tl@UModSys@@U?$TComparerBinaryHash@D@234@@23@PBD@Z 00403535 f i umodsys_lib_basesys:umodsys.basesys.rmoduleloader.obj
 0001:00002565       ??1?$TDynarrayDynamic@U?$TRefObject@URModuleLibrarySO@rsystem@base@UModSys@@@tl@UModSys@@U?$TAllocator@USMemAlloc_Malloc@core@UModSys@@USCountCalcPower2@23@@23@@tl@UModSys@@QAE@XZ 00403565 f i umodsys_lib_basesys:umodsys.basesys.rmoduleloader.obj
 0001:00002583       ?Free@?$TDynarray@U?$TDynarrayHolderDynamic@U?$TRefObject@URModuleLibrarySO@rsystem@base@UModSys@@@tl@UModSys@@U?$TAllocator@USMemAlloc_Malloc@core@UModSys@@USCountCalcPower2@23@@23@@tl@UModSys@@@tl@UModSys@@QAE_NXZ 00403583 f i umodsys_lib_basesys:umodsys.basesys.rmoduleloader.obj
 0001:000025ab       ?Resize@?$TDynarray@U?$TDynarrayHolderDynamic@U?$TRefObject@URModuleLibrarySO@rsystem@base@UModSys@@@tl@UModSys@@U?$TAllocator@USMemAlloc_Malloc@core@UModSys@@USCountCalcPower2@23@@23@@tl@UModSys@@@tl@UModSys@@QAE_NI@Z 004035ab f i umodsys_lib_basesys:umodsys.basesys.rmoduleloader.obj
 0001:00002605       ??$?8U?$TSCoreConst@D@su@tl@UModSys@@U?$TComparerBinaryHash@D@123@@?$TString@U?$TSCoreConst@D@su@tl@UModSys@@U?$TComparerBinaryHash@D@234@@tl@UModSys@@QBE_NABU012@@Z 00403605 f i umodsys_lib_basesys:umodsys.basesys.rmoduleloader.obj
 0001:00002640       ?append@?$TStaticStringPool@DU?$TComparerBinaryHash@D@su@tl@UModSys@@USMemAlloc_Malloc@core@4@@tl@UModSys@@QAEPBU?$TString@U?$TSCoreConst@D@su@tl@UModSys@@U?$TComparerBinaryHash@D@234@@23@PBDI@Z 00403640 f i umodsys_lib_basesys:umodsys.basesys.rmoduleloader.obj
 0001:00002772       ?ReLink@?$TDynarray@U?$TDynarrayHolderDynamic@U?$TRefObject@URModule@rsystem@base@UModSys@@@tl@UModSys@@U?$TAllocator@USMemAlloc_Malloc@core@UModSys@@USCountCalcPower2@23@@23@@tl@UModSys@@@tl@UModSys@@IAE_NI@Z 00403772 f i umodsys_lib_basesys:umodsys.basesys.rmodulelib.obj
 0001:00002772       ?ReLink@?$TDynarray@U?$TDynarrayHolderDynamic@U?$TRefObject@URModuleLibrarySO@rsystem@base@UModSys@@@tl@UModSys@@U?$TAllocator@USMemAlloc_Malloc@core@UModSys@@USCountCalcPower2@23@@23@@tl@UModSys@@@tl@UModSys@@IAE_NI@Z 00403772 f i umodsys_lib_basesys:umodsys.basesys.rmoduleloader.obj
 0001:000027ae       ?items_destruct@?$TDynarray@U?$TDynarrayHolderDynamic@U?$TRefObject@URModuleLibrarySO@rsystem@base@UModSys@@@tl@UModSys@@U?$TAllocator@USMemAlloc_Malloc@core@UModSys@@USCountCalcPower2@23@@23@@tl@UModSys@@@tl@UModSys@@IAEXII@Z 004037ae f i umodsys_lib_basesys:umodsys.basesys.rmoduleloader.obj
 0001:000027d9       ?append@CharChunk@?$TStaticStringPool@DU?$TComparerBinaryHash@D@su@tl@UModSys@@USMemAlloc_Malloc@core@4@@tl@UModSys@@QAEPADPBDI@Z 004037d9 f i umodsys_lib_basesys:umodsys.basesys.rmoduleloader.obj
 0001:00002802       ?find_s@?$TStaticStringPool@DU?$TComparerBinaryHash@D@su@tl@UModSys@@USMemAlloc_Malloc@core@4@@tl@UModSys@@QBEPBU?$TString@U?$TSCoreConst@D@su@tl@UModSys@@U?$TComparerBinaryHash@D@234@@23@ABU423@@Z 00403802 f i umodsys_lib_basesys:umodsys.basesys.rmoduleloader.obj
 0001:00002856       ?get_interface_info@RModuleLibraryThis@rsystem@base@UModSys@@UBEABUSUniquePointerInfo@core@4@XZ 00403856 f i umodsys_lib_basesys:umodsys.basesys.rmodulelibthis.obj
 0001:0000285c       ?get_interface_type@RModuleLibraryThis@rsystem@base@UModSys@@UBEPBUSUniquePointerInfo@core@4@XZ 0040385c f i umodsys_lib_basesys:umodsys.basesys.rmodulelibthis.obj
 0001:00002862       ?get_other_interface@RModuleLibraryThis@rsystem@base@UModSys@@UAEPAUIRoot@core@4@PBUSUniquePointerInfo@64@@Z 00403862 f i umodsys_lib_basesys:umodsys.basesys.rmodulelibthis.obj
 0001:00002862       ?get_other_interface@RModuleLibraryThis@rsystem@base@UModSys@@UBEPBUIRoot@core@4@PBUSUniquePointerInfo@64@@Z 00403862 f i umodsys_lib_basesys:umodsys.basesys.rmodulelibthis.obj
 0001:0000288b       ?ref_add@RModuleLibraryThis@rsystem@base@UModSys@@UBEXXZ 0040388b f i umodsys_lib_basesys:umodsys.basesys.rmodulelibthis.obj
 0001:0000288f       ?ref_remove@RModuleLibraryThis@rsystem@base@UModSys@@UBEXXZ 0040388f f i umodsys_lib_basesys:umodsys.basesys.rmodulelibthis.obj
 0001:0000289a       ?ref_links@RModuleLibraryThis@rsystem@base@UModSys@@UBEHXZ 0040389a f i umodsys_lib_basesys:umodsys.basesys.rmodulelibthis.obj
 0001:0000289e       ?suicide@RModuleLibraryThis@rsystem@base@UModSys@@UAEXXZ 0040389e f i umodsys_lib_basesys:umodsys.basesys.rmodulelibthis.obj
 0001:000028b3       ?uni_load@RModuleLibraryThis@rsystem@base@UModSys@@UAE_NXZ 004038b3 f   umodsys_lib_basesys:umodsys.basesys.rmodulelibthis.obj
 0001:000028bd       ?uni_close@RModuleLibraryThis@rsystem@base@UModSys@@UAE_NXZ 004038bd f   umodsys_lib_basesys:umodsys.basesys.rmodulelibthis.obj
 0001:000028bd       ?uni_open@RModuleLibraryThis@rsystem@base@UModSys@@UAE_NXZ 004038bd f   umodsys_lib_basesys:umodsys.basesys.rmodulelibthis.obj
 0001:000028bd       ?uni_unload@RModuleLibraryThis@rsystem@base@UModSys@@UAE_NXZ 004038bd f   umodsys_lib_basesys:umodsys.basesys.rmodulelibthis.obj
 0001:000028c0       ??_GRModuleLibraryThis@rsystem@base@UModSys@@UAEPAXI@Z 004038c0 f i umodsys_lib_basesys:umodsys.basesys.rmodulelibthis.obj
 0001:000028c0       ??_ERModuleLibraryThis@rsystem@base@UModSys@@UAEPAXI@Z 004038c0 f i  CIL library: CIL module
 0001:000028fa       ?get_sys_libname@IModuleLibraryUni@rsystem@base@UModSys@@UBE?AU?$TString@U?$TSCoreConst@D@su@tl@UModSys@@U?$TComparerBinaryHash@D@234@@tl@4@XZ 004038fa f   umodsys_lib_basesys:umodsys.basesys.rmodulelib.obj
 0001:00002912       ?get_privmem@IModuleLibraryUni@rsystem@base@UModSys@@UBEPAUIMemAlloc@core@4@XZ 00403912 f   umodsys_lib_basesys:umodsys.basesys.rmodulelib.obj
 0001:00002916       ?get_module_count@IModuleLibraryUni@rsystem@base@UModSys@@UBEIXZ 00403916 f   umodsys_lib_basesys:umodsys.basesys.rmodulelib.obj
 0001:0000291a       ?get_module@IModuleLibraryUni@rsystem@base@UModSys@@UBEPAUIModule@34@I@Z 0040391a f   umodsys_lib_basesys:umodsys.basesys.rmodulelib.obj
 0001:00002930       ?lib_loaded@IModuleLibraryUni@rsystem@base@UModSys@@UBE_NXZ 00403930 f   umodsys_lib_basesys:umodsys.basesys.rmodulelib.obj
 0001:00002939       ?lib_load@IModuleLibraryUni@rsystem@base@UModSys@@UAE_NXZ 00403939 f   umodsys_lib_basesys:umodsys.basesys.rmodulelib.obj
 0001:00002956       ?lib_unload@IModuleLibraryUni@rsystem@base@UModSys@@UAE_NXZ 00403956 f   umodsys_lib_basesys:umodsys.basesys.rmodulelib.obj
 0001:0000296a       ?lib_free@IModuleLibraryUni@rsystem@base@UModSys@@UAE_NXZ 0040396a f   umodsys_lib_basesys:umodsys.basesys.rmodulelib.obj
 0001:00002983       ?lib_findobjname@IModuleLibraryUni@rsystem@base@UModSys@@UAEIPBUSUniquePointerInfo@core@4@QAPBU564@IPBD@Z 00403983 f   umodsys_lib_basesys:umodsys.basesys.rmodulelib.obj
 0001:000029dc       ?lib_generate@IModuleLibraryUni@rsystem@base@UModSys@@UAE_NAAU?$TRefObject@UIRefObject@core@UModSys@@@tl@4@PBUSUniquePointerInfo@core@4@ABUSParameters@84@@Z 004039dc f   umodsys_lib_basesys:umodsys.basesys.rmodulelib.obj
 0001:00002a17       ?cleanup@IModuleLibraryUni@rsystem@base@UModSys@@QAEIXZ 00403a17 f   umodsys_lib_basesys:umodsys.basesys.rmodulelib.obj
 0001:00002a3b       ?load0@IModuleLibraryUni@rsystem@base@UModSys@@QAE_NXZ 00403a3b f   umodsys_lib_basesys:umodsys.basesys.rmodulelib.obj
 0001:00002a7a       ?link@IModuleLibraryUni@rsystem@base@UModSys@@QAE_NXZ 00403a7a f   umodsys_lib_basesys:umodsys.basesys.rmodulelib.obj
 0001:00002c00       ?unlink@IModuleLibraryUni@rsystem@base@UModSys@@QAE_NXZ 00403c00 f   umodsys_lib_basesys:umodsys.basesys.rmodulelib.obj
 0001:00002c33       ?scan@IModuleLibraryUni@rsystem@base@UModSys@@QAE_NXZ 00403c33 f   umodsys_lib_basesys:umodsys.basesys.rmodulelib.obj
 0001:00002c82       ?save_db@IModuleLibraryUni@rsystem@base@UModSys@@QAE_NPAU_iobuf@@@Z 00403c82 f   umodsys_lib_basesys:umodsys.basesys.rmodulelib.obj
 0001:00002cf5       ??0IModuleLibraryUni@rsystem@base@UModSys@@QAE@PAUISystem@23@PAUIModuleLibraryReg@23@@Z 00403cf5 f   umodsys_lib_basesys:umodsys.basesys.rmodulelib.obj
 0001:00002d2a       ??_GIModuleLibraryUni@rsystem@base@UModSys@@UAEPAXI@Z 00403d2a f i umodsys_lib_basesys:umodsys.basesys.rmodulelib.obj
 0001:00002d2a       ??_EIModuleLibraryUni@rsystem@base@UModSys@@UAEPAXI@Z 00403d2a f i  CIL library: CIL module
 0001:00002d38       ??1IModuleLibraryUni@rsystem@base@UModSys@@UAE@XZ 00403d38 f   umodsys_lib_basesys:umodsys.basesys.rmodulelib.obj
 0001:00002d5e       ??1?$TDynarray@U?$TDynarrayHolderDynamic@U?$TRefObject@URModule@rsystem@base@UModSys@@@tl@UModSys@@U?$TAllocator@USMemAlloc_Malloc@core@UModSys@@USCountCalcPower2@23@@23@@tl@UModSys@@@tl@UModSys@@QAE@XZ 00403d5e f i umodsys_lib_basesys:umodsys.basesys.rmodulelib.obj
 0001:00002d96       ?ResizeRel@?$TDynarray@U?$TDynarrayHolderDynamic@U?$TRefObject@URModule@rsystem@base@UModSys@@@tl@UModSys@@U?$TAllocator@USMemAlloc_Malloc@core@UModSys@@USCountCalcPower2@23@@23@@tl@UModSys@@@tl@UModSys@@QAE_NH@Z 00403d96 f i umodsys_lib_basesys:umodsys.basesys.rmodulelib.obj
 0001:00002e16       ?info_release@?$TSCoreShared@USMemAlloc_Malloc@core@UModSys@@D@su@tl@UModSys@@QAEXXZ 00403e16 f i umodsys_lib_basesys:umodsys.basesys.rmodulelib.obj
 0001:00002e40       ?scalar_compare@core@UModSys@@YAHABUSUniquePointerInfo@12@0@Z 00403e40 f i umodsys_lib_basesys:umodsys.basesys.rsystem.obj
 0001:00002e83       ?upi_add@RSystem@rsystem@base@UModSys@@UAEPBUSUniquePointerInfo@core@4@PBU564@@Z 00403e83 f   umodsys_lib_basesys:umodsys.basesys.rsystem.obj
 0001:00002f14       ?upi_remove@RSystem@rsystem@base@UModSys@@UAEHPBUSUniquePointerInfo@core@4@@Z 00403f14 f   umodsys_lib_basesys:umodsys.basesys.rsystem.obj
 0001:00002f1a       ?persist_ctx@RSystem@rsystem@base@UModSys@@UAEPBUSSourceContext@core@4@PBU564@@Z 00403f1a f   umodsys_lib_basesys:umodsys.basesys.rsystem.obj
 0001:00002fab       ?get_params@RSystem@rsystem@base@UModSys@@UAEPAUIParameters@core@4@XZ 00403fab f   umodsys_lib_basesys:umodsys.basesys.rsystem.obj
 0001:00002faf       ?ref_links@RParameters@rsystem@base@UModSys@@UBEHXZ 00403faf f   umodsys_lib_basesys:umodsys.basesys.rparameters.obj
 0001:00002faf       ?get_console@RSystem@rsystem@base@UModSys@@UAEPAUIConsole@34@XZ 00403faf f   umodsys_lib_basesys:umodsys.basesys.rsystem.obj
 0001:00002fb3       ?get_sysmem@RSystem@rsystem@base@UModSys@@UAEPAUIMemAlloc@core@4@XZ 00403fb3 f   umodsys_lib_basesys:umodsys.basesys.rsystem.obj
 0001:00002fba       ?get_sharemem@RSystem@rsystem@base@UModSys@@UAEPAUIMemAlloc@core@4@XZ 00403fba f   umodsys_lib_basesys:umodsys.basesys.rsystem.obj
 0001:00002fc1       ?get_modloader@RSystem@rsystem@base@UModSys@@UAEPAUIModuleLoader@34@XZ 00403fc1 f   umodsys_lib_basesys:umodsys.basesys.rsystem.obj
 0001:00002fc5       ?get_upr@RSystem@rsystem@base@UModSys@@UAEPAUIUniquePointerResolver@core@4@XZ 00403fc5 f   umodsys_lib_basesys:umodsys.basesys.rsystem.obj
 0001:00002fd0       ?get_sca@RSystem@rsystem@base@UModSys@@UAEPAUISourceContextAdapter@core@4@XZ 00403fd0 f   umodsys_lib_basesys:umodsys.basesys.rsystem.obj
 0001:00002fdb       ?find@?$TQuantArrayUnique@USUniquePointerInfo@core@UModSys@@$0BAA@USMemAlloc_Malloc@23@@tl@UModSys@@QAEPBUSUniquePointerInfo@core@3@ABU453@@Z 00403fdb f i umodsys_lib_basesys:umodsys.basesys.rsystem.obj
 0001:00003039       ?find@?$TQuantArrayUnique@USSourceContext@core@UModSys@@$0BAA@USMemAlloc_Malloc@23@@tl@UModSys@@QAEPBUSSourceContext@core@3@ABU453@@Z 00404039 f i umodsys_lib_basesys:umodsys.basesys.rsystem.obj
 0001:000030d8       ?add@?$TQuantArrayUnique@USSourceContext@core@UModSys@@$0BAA@USMemAlloc_Malloc@23@@tl@UModSys@@QAEPAUSSourceContext@core@3@ABU453@@Z 004040d8 f i umodsys_lib_basesys:umodsys.basesys.rsystem.obj
 0001:000030d8       ?add@?$TQuantArrayUnique@USUniquePointerInfo@core@UModSys@@$0BAA@USMemAlloc_Malloc@23@@tl@UModSys@@QAEPAUSUniquePointerInfo@core@3@ABU453@@Z 004040d8 f i umodsys_lib_basesys:umodsys.basesys.rsystem.obj
 0001:000031e8       ?insert_color@?$TTreeHoldRB@U?$TQuantArrayNode@USUniquePointerInfo@core@UModSys@@$0BAA@@tl@UModSys@@@tl@UModSys@@IAEXPAU?$TQuantArrayNode@USUniquePointerInfo@core@UModSys@@$0BAA@@23@@Z 004041e8 f i umodsys_lib_basesys:umodsys.basesys.rsystem.obj
 0001:000031e8       ?insert_color@?$TTreeHoldRB@U?$TQuantArrayNode@USSourceContext@core@UModSys@@$0BAA@@tl@UModSys@@@tl@UModSys@@IAEXPAU?$TQuantArrayNode@USSourceContext@core@UModSys@@$0BAA@@23@@Z 004041e8 f i umodsys_lib_basesys:umodsys.basesys.rsystem.obj
 0001:00003296       ?rotate_right@?$TTreeHoldRB@U?$TQuantArrayNode@USUniquePointerInfo@core@UModSys@@$0BAA@@tl@UModSys@@@tl@UModSys@@IAEXPAU?$TQuantArrayNode@USUniquePointerInfo@core@UModSys@@$0BAA@@23@@Z 00404296 f i umodsys_lib_basesys:umodsys.basesys.rsystem.obj
 0001:00003296       ?rotate_right@?$TTreeHoldRB@U?$TQuantArrayNode@USSourceContext@core@UModSys@@$0BAA@@tl@UModSys@@@tl@UModSys@@IAEXPAU?$TQuantArrayNode@USSourceContext@core@UModSys@@$0BAA@@23@@Z 00404296 f i umodsys_lib_basesys:umodsys.basesys.rsystem.obj
 0001:000032d5       ?rotate_left@?$TTreeHoldRB@U?$TQuantArrayNode@USUniquePointerInfo@core@UModSys@@$0BAA@@tl@UModSys@@@tl@UModSys@@IAEXPAU?$TQuantArrayNode@USUniquePointerInfo@core@UModSys@@$0BAA@@23@@Z 004042d5 f i umodsys_lib_basesys:umodsys.basesys.rsystem.obj
 0001:000032d5       ?rotate_left@?$TTreeHoldRB@U?$TQuantArrayNode@USSourceContext@core@UModSys@@$0BAA@@tl@UModSys@@@tl@UModSys@@IAEXPAU?$TQuantArrayNode@USSourceContext@core@UModSys@@$0BAA@@23@@Z 004042d5 f i umodsys_lib_basesys:umodsys.basesys.rsystem.obj
 0001:00003314       ?get_interface_info@RParameters@rsystem@base@UModSys@@UBEABUSUniquePointerInfo@core@4@XZ 00404314 f i umodsys_lib_basesys:umodsys.basesys.rparameters.obj
 0001:0000331a       ?get_interface_type@RParameters@rsystem@base@UModSys@@UBEPBUSUniquePointerInfo@core@4@XZ 0040431a f i umodsys_lib_basesys:umodsys.basesys.rparameters.obj
 0001:00003320       ?get_other_interface@RParameters@rsystem@base@UModSys@@UBEPBUIRoot@core@4@PBUSUniquePointerInfo@64@@Z 00404320 f i umodsys_lib_basesys:umodsys.basesys.rparameters.obj
 0001:00003320       ?get_other_interface@RParameters@rsystem@base@UModSys@@UAEPAUIRoot@core@4@PBUSUniquePointerInfo@64@@Z 00404320 f i umodsys_lib_basesys:umodsys.basesys.rparameters.obj
 0001:00003341       ?ref_add@RParameters@rsystem@base@UModSys@@UBEXXZ 00404341 f i umodsys_lib_basesys:umodsys.basesys.rparameters.obj
 0001:00003345       ?ref_remove@RParameters@rsystem@base@UModSys@@UBEXXZ 00404345 f i umodsys_lib_basesys:umodsys.basesys.rparameters.obj
 0001:00003350       ?suicide@RParameters@rsystem@base@UModSys@@UAEXXZ 00404350 f i umodsys_lib_basesys:umodsys.basesys.rparameters.obj
 0001:00003365       ?find_elem@RParameters@rsystem@base@UModSys@@IAEPBUElem@1234@PBXHHHPBD@Z 00404365 f   umodsys_lib_basesys:umodsys.basesys.rparameters.obj
 0001:000033de       ?estimate_size@RParameters@rsystem@base@UModSys@@IAEHAAUElem@1234@HPBDHH@Z 004043de f   umodsys_lib_basesys:umodsys.basesys.rparameters.obj
 0001:00003443       ?free_elems@RParameters@rsystem@base@UModSys@@IAEXPAXH@Z 00404443 f   umodsys_lib_basesys:umodsys.basesys.rparameters.obj
 0001:0000349b       ?alloc_elems@RParameters@rsystem@base@UModSys@@IAEXPAXH@Z 0040449b f   umodsys_lib_basesys:umodsys.basesys.rparameters.obj
 0001:000034e8       ?add_last@RParameters@rsystem@base@UModSys@@IAE_NPAUSParametersData@core@4@PBDPBXH@Z 004044e8 f   umodsys_lib_basesys:umodsys.basesys.rparameters.obj
 0001:000036ac       ?p_deinit@RParameters@rsystem@base@UModSys@@UAEXPAUSParametersData@core@4@@Z 004046ac f   umodsys_lib_basesys:umodsys.basesys.rparameters.obj
 0001:00003701       ?p_init@RParameters@rsystem@base@UModSys@@UAEXPAUSParametersData@core@4@H@Z 00404701 f   umodsys_lib_basesys:umodsys.basesys.rparameters.obj
 0001:00003745       ?p_init@RParameters@rsystem@base@UModSys@@UAEXPAUSParametersData@core@4@ABU564@@Z 00404745 f   umodsys_lib_basesys:umodsys.basesys.rparameters.obj
 0001:000037cc       ?p_copy@RParameters@rsystem@base@UModSys@@UAEXPAUSParametersData@core@4@ABU564@@Z 004047cc f   umodsys_lib_basesys:umodsys.basesys.rparameters.obj
 0001:000038be       ?p_init_s@RParameters@rsystem@base@UModSys@@UAEXPAUSParametersData@core@4@PAXH@Z 004048be f   umodsys_lib_basesys:umodsys.basesys.rparameters.obj
 0001:000038e8       ?p_init_s@RParameters@rsystem@base@UModSys@@UAEXPAUSParametersData@core@4@ABU564@PAXH@Z 004048e8 f   umodsys_lib_basesys:umodsys.basesys.rparameters.obj
 0001:00003951       ?next@RParameters@rsystem@base@UModSys@@UAE_NPBUSParametersData@core@4@AAPBD@Z 00404951 f   umodsys_lib_basesys:umodsys.basesys.rparameters.obj
 0001:000039f4       ?next@RParameters@rsystem@base@UModSys@@UAE_NPBUSParametersData@core@4@AAU?$TString@U?$TSCoreConst@D@su@tl@UModSys@@U?$TComparerBinaryHash@D@234@@tl@4@@Z 004049f4 f   umodsys_lib_basesys:umodsys.basesys.rparameters.obj
 0001:00003a95       ?add@RParameters@rsystem@base@UModSys@@UAE_NPAUSParametersData@core@4@PBD1@Z 00404a95 f   umodsys_lib_basesys:umodsys.basesys.rparameters.obj
 0001:00003aab       ?add@RParameters@rsystem@base@UModSys@@UAE_NPAUSParametersData@core@4@PBDH@Z 00404aab f   umodsys_lib_basesys:umodsys.basesys.rparameters.obj
 0001:00003ac2       ?add@RParameters@rsystem@base@UModSys@@UAE_NPAUSParametersData@core@4@PBDABN@Z 00404ac2 f   umodsys_lib_basesys:umodsys.basesys.rparameters.obj
 0001:00003ad8       ?add@RParameters@rsystem@base@UModSys@@UAE_NPAUSParametersData@core@4@PBDPAUIRefObject@64@@Z 00404ad8 f   umodsys_lib_basesys:umodsys.basesys.rparameters.obj
 0001:00003aef       ?get@RParameters@rsystem@base@UModSys@@UAE_NPBUSParametersData@core@4@PBDAAPBD@Z 00404aef f   umodsys_lib_basesys:umodsys.basesys.rparameters.obj
 0001:00003b43       ?get@RParameters@rsystem@base@UModSys@@UAE_NPBUSParametersData@core@4@PBDAAH@Z 00404b43 f   umodsys_lib_basesys:umodsys.basesys.rparameters.obj
 0001:00003b97       ?get@RParameters@rsystem@base@UModSys@@UAE_NPBUSParametersData@core@4@PBDAAN@Z 00404b97 f   umodsys_lib_basesys:umodsys.basesys.rparameters.obj
 0001:00003beb       ?get@RParameters@rsystem@base@UModSys@@UAE_NPBUSParametersData@core@4@PBDAAPAUIRefObject@64@@Z 00404beb f   umodsys_lib_basesys:umodsys.basesys.rparameters.obj
 0001:00003c3f       ??$shash@D@su@tl@UModSys@@YAHPBD@Z 00404c3f f i umodsys_lib_basesys:umodsys.basesys.rparameters.obj
 0001:00003c5b       ??$t_alloc@UIMemAlloc@core@UModSys@@@SMemChunk@core@UModSys@@QAE_NAAUIMemAlloc@12@IPBUSSourceContext@12@@Z 00404c5b f i umodsys_lib_basesys:umodsys.basesys.rparameters.obj
 0001:00003d1c       ?pfd_load@RModuleLibrarySO@rsystem@base@UModSys@@SAPAUIModuleLibraryReg@34@PAUPFD_Data@1234@ABU?$TString@U?$TSCoreConst@D@su@tl@UModSys@@U?$TComparerBinaryHash@D@234@@tl@4@@Z 00404d1c f   umodsys_lib_basesys:umodsys.basesys.rmodule.win32.obj
 0001:00003dd6       ?pfd_unload@RModuleLibrarySO@rsystem@base@UModSys@@SA_NPAUPFD_Data@1234@@Z 00404dd6 f   umodsys_lib_basesys:umodsys.basesys.rmodule.win32.obj
 0001:0000402f       ??0?$U16String@$0BAAA@@syshlp@core@UModSys@@QAE@PBD@Z 0040502f f i umodsys_lib_basesys:umodsys.basesys.rmodule.win32.obj
 0001:00004060       ?get_interface_info@RModule@rsystem@base@UModSys@@UBEABUSUniquePointerInfo@core@4@XZ 00405060 f i umodsys_lib_basesys:umodsys.basesys.rmodule.obj
 0001:00004066       ?get_interface_type@RModule@rsystem@base@UModSys@@UBEPBUSUniquePointerInfo@core@4@XZ 00405066 f i umodsys_lib_basesys:umodsys.basesys.rmodule.obj
 0001:0000406c       ?get_other_interface@RModule@rsystem@base@UModSys@@UBEPBUIRoot@core@4@PBUSUniquePointerInfo@64@@Z 0040506c f i umodsys_lib_basesys:umodsys.basesys.rmodule.obj
 0001:0000406c       ?get_other_interface@RModule@rsystem@base@UModSys@@UAEPAUIRoot@core@4@PBUSUniquePointerInfo@64@@Z 0040506c f i umodsys_lib_basesys:umodsys.basesys.rmodule.obj
 0001:0000408d       ?ref_add@RModule@rsystem@base@UModSys@@UBEXXZ 0040508d f i umodsys_lib_basesys:umodsys.basesys.rmodule.obj
 0001:00004091       ?ref_remove@RModule@rsystem@base@UModSys@@UBEXXZ 00405091 f i umodsys_lib_basesys:umodsys.basesys.rmodule.obj
 0001:0000409c       ?ref_links@RModule@rsystem@base@UModSys@@UBEHXZ 0040509c f i umodsys_lib_basesys:umodsys.basesys.rmodule.obj
 0001:000040a0       ?suicide@RModule@rsystem@base@UModSys@@UAEXXZ 004050a0 f i umodsys_lib_basesys:umodsys.basesys.rmodule.obj
 0001:000040ea       ?get_library@RModule@rsystem@base@UModSys@@UBEPAUIModuleLibrary@34@XZ 004050ea f   umodsys_lib_basesys:umodsys.basesys.rmodule.obj
 0001:000040ee       ?get_info@RModule@rsystem@base@UModSys@@UBEABUSModuleInfo@34@XZ 004050ee f   umodsys_lib_basesys:umodsys.basesys.rmodule.obj
 0001:000040f2       ?is_open@RModule@rsystem@base@UModSys@@UBE_NXZ 004050f2 f   umodsys_lib_basesys:umodsys.basesys.rmodule.obj
 0001:0000410b       ?open@RModule@rsystem@base@UModSys@@UAE_NXZ 0040510b f   umodsys_lib_basesys:umodsys.basesys.rmodule.obj
 0001:0000415b       ?close@RModule@rsystem@base@UModSys@@UAE_NXZ 0040515b f   umodsys_lib_basesys:umodsys.basesys.rmodule.obj
 0001:00004198       ?reg@RModule@rsystem@base@UModSys@@UAE_NPAUIModObject@34@_N@Z 00405198 f   umodsys_lib_basesys:umodsys.basesys.rmodule.obj
 0001:000041c2       ?reg@RModule@rsystem@base@UModSys@@UAE_NPAUIGenerator@34@_N@Z 004051c2 f   umodsys_lib_basesys:umodsys.basesys.rmodule.obj
 0001:00004204       ?mod_findobjname@RModule@rsystem@base@UModSys@@UAEIPBUSUniquePointerInfo@core@4@QAPBU564@IPBD@Z 00405204 f   umodsys_lib_basesys:umodsys.basesys.rmodule.obj
 0001:000042f6       ?mod_generate@RModule@rsystem@base@UModSys@@UAE_NAAU?$TRefObject@UIRefObject@core@UModSys@@@tl@4@PBUSUniquePointerInfo@core@4@ABUSParameters@84@@Z 004052f6 f   umodsys_lib_basesys:umodsys.basesys.rmodule.obj
 0001:000043e8       ?reg_generator@RModule@rsystem@base@UModSys@@QAE_NPAUModuleObjInfo@1234@PAUIGenerator@34@@Z 004053e8 f   umodsys_lib_basesys:umodsys.basesys.rmodule.obj
 0001:0000454c       ?reg_obj@RModule@rsystem@base@UModSys@@QAEPAUModuleObjInfo@1234@PAUIModObject@34@@Z 0040554c f   umodsys_lib_basesys:umodsys.basesys.rmodule.obj
 0001:00004640       ?unreg_obj@RModule@rsystem@base@UModSys@@QAE_NPAUIModObject@34@@Z 00405640 f   umodsys_lib_basesys:umodsys.basesys.rmodule.obj
 0001:000046d2       ?alloc_minfo@RModule@rsystem@base@UModSys@@QAE_NABUSModuleInfo@34@@Z 004056d2 f   umodsys_lib_basesys:umodsys.basesys.rmodule.obj
 0001:00004745       ?save_db@RModule@rsystem@base@UModSys@@QAE_NPAU_iobuf@@@Z 00405745 f   umodsys_lib_basesys:umodsys.basesys.rmodule.obj
 0001:000048c0       ??0RModule@rsystem@base@UModSys@@QAE@PAUIModuleLibraryUni@123@PAUIModuleReg@23@@Z 004058c0 f   umodsys_lib_basesys:umodsys.basesys.rmodule.obj
 0001:0000495e       ??_GRModule@rsystem@base@UModSys@@UAEPAXI@Z 0040595e f i umodsys_lib_basesys:umodsys.basesys.rmodule.obj
 0001:0000495e       ??_ERModule@rsystem@base@UModSys@@UAEPAXI@Z 0040595e f i  CIL library: CIL module
 0001:0000499a       ??1?$TDynarrayDynamic@UModuleObjInfo@RModule@rsystem@base@UModSys@@U?$TAllocator@USMemAlloc_Malloc@core@UModSys@@USCountCalcPower2@23@@tl@5@@tl@UModSys@@QAE@XZ 0040599a f i umodsys_lib_basesys:umodsys.basesys.rmodule.obj
 0001:0000499f       ??1?$TDynarrayDynamic@UGeneratedObjInfo@RModule@rsystem@base@UModSys@@U?$TAllocator@USMemAlloc_Malloc@core@UModSys@@USCountCalcPower2@23@@tl@5@@tl@UModSys@@QAE@XZ 0040599f f i umodsys_lib_basesys:umodsys.basesys.rmodule.obj
 0001:000049a4       ??1?$TDynarrayDynamic@PBUSUniquePointerInfo@core@UModSys@@U?$TAllocator@USMemAlloc_Malloc@core@UModSys@@USCountCalcPower2@23@@tl@3@@tl@UModSys@@QAE@XZ 004059a4 f i umodsys_lib_basesys:umodsys.basesys.rmodule.obj
 0001:000049a9       ??1?$TRefObject@URModuleLibrarySO@rsystem@base@UModSys@@@tl@UModSys@@QAE@XZ 004059a9 f i umodsys_lib_basesys:umodsys.basesys.rmoduleloader.obj
 0001:000049a9       ??1?$TRefObject@UIStreamReader@libmedia@UModSys@@@tl@UModSys@@QAE@XZ 004059a9 f i umodsys_lib_libmedia:umodsys.mod.media.stdio.obj
 0001:000049a9       ??1?$TRefObject@URStreamWriter_FILE@stdio@media@modules@UModSys@@@tl@UModSys@@QAE@XZ 004059a9 f i umodsys_lib_libmedia:umodsys.mod.media.stdio.obj
 0001:000049a9       ??1?$TRefObject@URGenerator@stdio@media@modules@UModSys@@@tl@UModSys@@QAE@XZ 004059a9 f i umodsys_lib_libmedia:umodsys.mod.media.stdio.obj
 0001:000049a9       ??1?$TRefObject@UIShell@base@UModSys@@@tl@UModSys@@QAE@XZ 004059a9 f i umodsys_lib_basesys:umodsys.basesys.rsystem_tests.obj
 0001:000049a9       ??1?$TRefObject@URStreamReader_FILE@stdio@media@modules@UModSys@@@tl@UModSys@@QAE@XZ 004059a9 f i umodsys_lib_libmedia:umodsys.mod.media.stdio.obj
 0001:000049a9       ??1?$TRefObject@UIModuleLibraryUni@rsystem@base@UModSys@@@tl@UModSys@@QAE@XZ 004059a9 f i umodsys_lib_basesys:umodsys.basesys.rmodule.obj
 0001:000049a9       ??1?$TRefObject@UIRefObject@core@UModSys@@@tl@UModSys@@QAE@XZ 004059a9 f i umodsys_lib_basesys:umodsys.basesys.rsystem_tests.obj
 0001:000049a9       ??1?$TRefObject@UIStreamWriter@libmedia@UModSys@@@tl@UModSys@@QAE@XZ 004059a9 f i umodsys_lib_libmedia:umodsys.mod.media.stdio.obj
 0001:000049a9       ??1?$TRefObject@URParameters@rsystem@base@UModSys@@@tl@UModSys@@QAE@XZ 004059a9 f i umodsys_lib_basesys:umodsys.basesys.rsystem_main.obj
 0001:000049a9       ??1?$TRefObject@URDataArchiver_OsDir@stdio@media@modules@UModSys@@@tl@UModSys@@QAE@XZ 004059a9 f i umodsys_lib_libmedia:umodsys.mod.media.stdio.obj
 0001:000049b8       ??1?$TDynarray@U?$TDynarrayHolderDynamic@UModuleObjInfo@RModule@rsystem@base@UModSys@@U?$TAllocator@USMemAlloc_Malloc@core@UModSys@@USCountCalcPower2@23@@tl@5@@tl@UModSys@@@tl@UModSys@@QAE@XZ 004059b8 f i umodsys_lib_basesys:umodsys.basesys.rmodule.obj
 0001:000049f6       ??1?$TDynarray@U?$TDynarrayHolderDynamic@UGeneratedObjInfo@RModule@rsystem@base@UModSys@@U?$TAllocator@USMemAlloc_Malloc@core@UModSys@@USCountCalcPower2@23@@tl@5@@tl@UModSys@@@tl@UModSys@@QAE@XZ 004059f6 f i umodsys_lib_basesys:umodsys.basesys.rmodule.obj
 0001:00004a31       ??1?$TDynarray@U?$TDynarrayHolderDynamic@PBUSUniquePointerInfo@core@UModSys@@U?$TAllocator@USMemAlloc_Malloc@core@UModSys@@USCountCalcPower2@23@@tl@3@@tl@UModSys@@@tl@UModSys@@QAE@XZ 00405a31 f i umodsys_lib_basesys:umodsys.basesys.rmodule.obj
 0001:00004a6c       ?ResizeRel@?$TDynarray@U?$TDynarrayHolderDynamic@UModuleObjInfo@RModule@rsystem@base@UModSys@@U?$TAllocator@USMemAlloc_Malloc@core@UModSys@@USCountCalcPower2@23@@tl@5@@tl@UModSys@@@tl@UModSys@@QAE_NH@Z 00405a6c f i umodsys_lib_basesys:umodsys.basesys.rmodule.obj
 0001:00004aee       ?ResizeRel@?$TDynarray@U?$TDynarrayHolderDynamic@UGeneratedObjInfo@RModule@rsystem@base@UModSys@@U?$TAllocator@USMemAlloc_Malloc@core@UModSys@@USCountCalcPower2@23@@tl@5@@tl@UModSys@@@tl@UModSys@@QAE_NH@Z 00405aee f i umodsys_lib_basesys:umodsys.basesys.rmodule.obj
 0001:00004b71       ?ResizeRel@?$TDynarray@U?$TDynarrayHolderDynamic@PBUSUniquePointerInfo@core@UModSys@@U?$TAllocator@USMemAlloc_Malloc@core@UModSys@@USCountCalcPower2@23@@tl@3@@tl@UModSys@@@tl@UModSys@@QAE_NH@Z 00405b71 f i umodsys_lib_basesys:umodsys.basesys.rmodule.obj
 0001:00004bce       ??$wildcmp@D@su@tl@UModSys@@YA_NPBD0@Z 00405bce f i umodsys_lib_basesys:umodsys.basesys.rmodule.obj
 0001:00004c46       ?get_interface_info@RModuleLibrarySO@rsystem@base@UModSys@@UBEABUSUniquePointerInfo@core@4@XZ 00405c46 f i umodsys_lib_basesys:umodsys.basesys.rmodulelibso.obj
 0001:00004c4c       ?get_interface_type@RModuleLibrarySO@rsystem@base@UModSys@@UBEPBUSUniquePointerInfo@core@4@XZ 00405c4c f i umodsys_lib_basesys:umodsys.basesys.rmodulelibso.obj
 0001:00004c52       ?get_other_interface@RModuleLibrarySO@rsystem@base@UModSys@@UBEPBUIRoot@core@4@PBUSUniquePointerInfo@64@@Z 00405c52 f i umodsys_lib_basesys:umodsys.basesys.rmodulelibso.obj
 0001:00004c52       ?get_other_interface@RModuleLibrarySO@rsystem@base@UModSys@@UAEPAUIRoot@core@4@PBUSUniquePointerInfo@64@@Z 00405c52 f i umodsys_lib_basesys:umodsys.basesys.rmodulelibso.obj
 0001:00004c7b       ?ref_add@RModuleLibrarySO@rsystem@base@UModSys@@UBEXXZ 00405c7b f i umodsys_lib_basesys:umodsys.basesys.rmodulelibso.obj
 0001:00004c7f       ?ref_remove@RModuleLibrarySO@rsystem@base@UModSys@@UBEXXZ 00405c7f f i umodsys_lib_basesys:umodsys.basesys.rmodulelibso.obj
 0001:00004c8a       ?ref_links@RModuleLibrarySO@rsystem@base@UModSys@@UBEHXZ 00405c8a f i umodsys_lib_basesys:umodsys.basesys.rmodulelibso.obj
 0001:00004c8e       ?suicide@RModuleLibrarySO@rsystem@base@UModSys@@UAEXXZ 00405c8e f i umodsys_lib_basesys:umodsys.basesys.rmodulelibso.obj
 0001:00004ca3       ?uni_load@RModuleLibrarySO@rsystem@base@UModSys@@UAE_NXZ 00405ca3 f   umodsys_lib_basesys:umodsys.basesys.rmodulelibso.obj
 0001:00004cd7       ?uni_unload@RModuleLibrarySO@rsystem@base@UModSys@@UAE_NXZ 00405cd7 f   umodsys_lib_basesys:umodsys.basesys.rmodulelibso.obj
 0001:00004ce2       ?uni_open@RModuleLibrarySO@rsystem@base@UModSys@@UAE_NXZ 00405ce2 f   umodsys_lib_basesys:umodsys.basesys.rmodulelibso.obj
 0001:00004d04       ?uni_close@RModuleLibrarySO@rsystem@base@UModSys@@UAE_NXZ 00405d04 f   umodsys_lib_basesys:umodsys.basesys.rmodulelibso.obj
 0001:00004d14       ?s_add@RModuleLibrarySO@rsystem@base@UModSys@@SA_NPAUISystem@34@AAU?$TDynarrayDynamic@U?$TRefObject@URModuleLibrarySO@rsystem@base@UModSys@@@tl@UModSys@@U?$TAllocator@USMemAlloc_Malloc@core@UModSys@@USCountCalcPower2@23@@23@@tl@4@PBD@Z 00405d14 f   umodsys_lib_basesys:umodsys.basesys.rmodulelibso.obj
 0001:00004e87       ??_ERModuleLibrarySO@rsystem@base@UModSys@@UAEPAXI@Z 00405e87 f i  CIL library: CIL module
 0001:00004e87       ??_GRModuleLibrarySO@rsystem@base@UModSys@@UAEPAXI@Z 00405e87 f i umodsys_lib_basesys:umodsys.basesys.rmodulelibso.obj
 0001:00004ec9       ?set@?$TString@U?$TSCoreShared@USMemAlloc_Malloc@core@UModSys@@D@su@tl@UModSys@@U?$TComparerBinaryHash@D@234@@tl@UModSys@@QAEXPBD@Z 00405ec9 f i umodsys_lib_basesys:umodsys.basesys.rmodulelibso.obj
 0001:00004f40       ?Link@SModuleContext@base@UModSys@@QAEXPAUISystem@23@PAUIMemAlloc@core@3@@Z 00405f40 f   umodsys_lib_base:umodsys.base.modulecontext.obj
 0001:00004f80       ??1SModuleRegChain@base@UModSys@@QAE@XZ 00405f80 f   umodsys_lib_base:umodsys.base.moduleregchain.obj
 0001:00004f80       ??1SUniquePointer@core@UModSys@@QAE@XZ 00405f80 f   umodsys_lib_core:umodsys.core.uniqueptr.obj
 0001:00004f9e       ?s_get@SModuleRegChain@base@UModSys@@SAPAUIModuleReg@23@I@Z 00405f9e f   umodsys_lib_base:umodsys.base.moduleregchain.obj
 0001:00004fc2       ?mlr_count@RModuleLibraryReg_Chain@base@UModSys@@UBEIXZ 00405fc2 f   umodsys_lib_base:umodsys.base.moduleregchain.obj
 0001:00004fd5       ?mlr_get@RModuleLibraryReg_Chain@base@UModSys@@UBEPAUIModuleReg@23@I@Z 00405fd5 f   umodsys_lib_base:umodsys.base.moduleregchain.obj
 0001:00004fe2       ?mlr_open@RModuleLibraryReg_Chain@base@UModSys@@UAE_NPAUISystem@23@PAUIMemAlloc@core@3@@Z 00405fe2 f   umodsys_lib_base:umodsys.base.moduleregchain.obj
 0001:00005008       ?mlr_close@RModuleLibraryReg_Chain@base@UModSys@@UAE_NXZ 00406008 f   umodsys_lib_base:umodsys.base.moduleregchain.obj
 0001:00005035       ?mlr_isopen@RModuleLibraryReg_Chain@base@UModSys@@UBE_NXZ 00406035 f   umodsys_lib_base:umodsys.base.moduleregchain.obj
 0001:00005041       _UModSys_Plugin_Entry2@0   00406041 f   umodsys_lib_base:umodsys.so_main.win32.obj
 0001:00005047       ?mr_isopen@IModuleReg@base@UModSys@@UBE_NXZ 00406047 f   umodsys_lib_base:umodsys.base.modulereg.obj
 0001:00005050       ?mr_open@IModuleReg@base@UModSys@@UAE_NXZ 00406050 f   umodsys_lib_base:umodsys.base.modulereg.obj
 0001:0000506b       ?mr_close@IModuleReg@base@UModSys@@UAE_NXZ 0040606b f   umodsys_lib_base:umodsys.base.modulereg.obj
 0001:00005078       ??_GRModuleLibraryReg_Chain@base@UModSys@@UAEPAXI@Z 00406078 f i umodsys_lib_base:umodsys.base.moduleregchain.obj
 0001:00005078       ??_EIModuleLibraryReg@base@UModSys@@UAEPAXI@Z 00406078 f i  CIL library: CIL module
 0001:00005078       ??_GIModuleLibraryReg@base@UModSys@@UAEPAXI@Z 00406078 f i umodsys_lib_base:umodsys.base.modulereg.obj
 0001:00005078       ??_ERModuleLibraryReg_Chain@base@UModSys@@UAEPAXI@Z 00406078 f i  CIL library: CIL module
 0001:00005095       ??1IModuleLoader@base@UModSys@@UAE@XZ 00406095 f   umodsys_lib_base:umodsys.base.moduleloader.obj
 0001:0000509c       ??1IStreamWriter@libmedia@UModSys@@UAE@XZ 0040609c f   umodsys_lib_libmedia:umodsys.mod.media.stdio.obj
 0001:0000509c       ??1IStreamReader@libmedia@UModSys@@UAE@XZ 0040609c f   umodsys_lib_libmedia:umodsys.mod.media.stdio.obj
 0001:0000509c       ??1IModule@base@UModSys@@UAE@XZ 0040609c f   umodsys_lib_base:umodsys.base.module.obj
 0001:0000509c       ??1ISystem@base@UModSys@@UAE@XZ 0040609c f   umodsys_lib_base:umodsys.base.system.obj
 0001:0000509c       ??1IDataArchive@libmedia@UModSys@@UAE@XZ 0040609c f   umodsys_lib_libmedia:umodsys.mod.media.stdio.obj
 0001:000050a3       ??0SUniquePointer@core@UModSys@@QAE@PBD0H@Z 004060a3 f   umodsys_lib_core:umodsys.core.uniqueptr.obj
 0001:000050e3       ?s_resolve@SUniquePointer@core@UModSys@@SAXPAUIUniquePointerResolver@23@@Z 004060e3 f   umodsys_lib_core:umodsys.core.uniqueptr.obj
 0001:00005120       ?s_unresolve@SUniquePointer@core@UModSys@@SAXPAUIUniquePointerResolver@23@@Z 00406120 f   umodsys_lib_core:umodsys.core.uniqueptr.obj
 0001:0000514b       ?c_fopen@syshlp@core@UModSys@@YAPAU_iobuf@@PBD0@Z 0040614b f   umodsys_lib_core:umodsys.core.syshlp_files.win32.obj
 0001:000051b9       ?c_fopentemp@syshlp@core@UModSys@@YAPAU_iobuf@@AAPADPBD@Z 004061b9 f   umodsys_lib_core:umodsys.core.syshlp_files.win32.obj
 0001:00005243       ?c_fendtemp@syshlp@core@UModSys@@YA_NAAPAU_iobuf@@AAPAD_N@Z 00406243 f   umodsys_lib_core:umodsys.core.syshlp_files.win32.obj
 0001:000052da       ??3IRoot@core@UModSys@@SAXPAXABUSIMemAlloc@12@@Z 004062da f   umodsys_lib_core:umodsys.core.objects.obj
 0001:000052e8       ?Set@?$TSet@U?$TArray@PBUSUniquePointerInfo@core@UModSys@@@tl@UModSys@@U?$TScalarCompare@PBUSUniquePointerInfo@core@UModSys@@@core@3@@tl@UModSys@@QAE_NABQBUSUniquePointerInfo@core@3@@Z 004062e8 f i umodsys_lib_core:umodsys.core.uniqueptrlist.obj
 0001:00005358       ?gracial_cpy@syshlp@core@UModSys@@YA_NPADHQAPBDH@Z 00406358 f   umodsys_lib_core:umodsys.core.syshlp_chars.win32.obj
 0001:000053db       ?gracial_cpy@syshlp@core@UModSys@@YA_NPA_WHQAPB_WH@Z 004063db f   umodsys_lib_core:umodsys.core.syshlp_chars.win32.obj
 0001:0000546b       ?path_uni_os@syshlp@core@UModSys@@YAXPA_W@Z 0040646b f   umodsys_lib_core:umodsys.core.syshlp_chars.win32.obj
 0001:00005482       ?gracial_convert@syshlp@core@UModSys@@YA_NPA_WHPBDH@Z 00406482 f   umodsys_lib_core:umodsys.core.syshlp_charcode.win32.obj
 0001:000054af       ?gracial_convert@syshlp@core@UModSys@@YA_NPADHPB_WH@Z 004064af f   umodsys_lib_core:umodsys.core.syshlp_charcode.win32.obj
 0001:000054df       __onexit                   004064df f   MSVCRT:atonexit.obj
 0001:00005584       _atexit                    00406584 f   MSVCRT:atonexit.obj
 0001:0000583d       _mainCRTStartup            0040683d f   MSVCRT:crtexe.obj
 0001:00005848       __purecall                 00406848 f   MSVCRT:MSVCR90.dll
 0001:0000584e       ??3@YAXPAX@Z               0040684e f   MSVCRT:MSVCR90.dll
 0001:00005854       ??_Etype_info@@UAEPAXI@Z   00406854 f i MSVCRT:ti_inst.obj
 0001:000058a0       __unlock                   004068a0 f   MSVCRT:MSVCR90.dll
 0001:000058a6       ___dllonexit               004068a6 f   MSVCRT:MSVCR90.dll
 0001:000058ac       __lock                     004068ac f   MSVCRT:MSVCR90.dll
 0001:000058b4       __SEH_prolog4              004068b4 f   MSVCRT:sehprolg4.obj
 0001:000058f9       __SEH_epilog4              004068f9 f   MSVCRT:sehprolg4.obj
 0001:0000590d       __except_handler4          0040690d f   MSVCRT:chandler4gs.obj
 0001:00005932       ?__CxxUnhandledExceptionFilter@@YGJPAU_EXCEPTION_POINTERS@@@Z 00406932 f   MSVCRT:unhandld.obj
 0001:00005974       ___CxxSetUnhandledExceptionFilter 00406974 f   MSVCRT:unhandld.obj
 0001:00005982       __amsg_exit                00406982 f   MSVCRT:MSVCR90.dll
 0001:00005988       __RTC_Initialize           00406988 f   MSVCRT:_initsect_.obj
 0001:000059ae       __RTC_Terminate            004069ae f   MSVCRT:_initsect_.obj
 0001:000059d4       __XcptFilter               004069d4 f   MSVCRT:MSVCR90.dll
 0001:000059e0       __ValidateImageBase        004069e0 f   MSVCRT:pesect.obj
 0001:00005a20       __FindPESection            00406a20 f   MSVCRT:pesect.obj
 0001:00005a70       __IsNonwritableInCurrentImage 00406a70 f   MSVCRT:pesect.obj
 0001:00005b2e       __initterm                 00406b2e f   MSVCRT:MSVCR90.dll
 0001:00005b34       __initterm_e               00406b34 f   MSVCRT:MSVCR90.dll
 0001:00005b3a       __setdefaultprecision      00406b3a f   MSVCRT:fp8.obj
 0001:00005b65       ___security_init_cookie    00406b65 f   MSVCRT:gs_support.obj
 0001:00005bfb       ?__ArrayUnwind@@YGXPAXIHP6EX0@Z@Z 00406bfb f   MSVCRT:ehvecdtr.obj
 0001:00005c59       ??_M@YGXPAXIHP6EX0@Z@Z     00406c59 f   MSVCRT:ehvecdtr.obj
 0001:00005cbc       @__security_check_cookie@4 00406cbc f   MSVCRT:secchk.obj
 0001:00005ccc       __except_handler4_common   00406ccc f   MSVCRT:MSVCR90.dll
 0001:00005cd2       ?terminate@@YAXXZ          00406cd2 f   MSVCRT:MSVCR90.dll
 0001:00005cd8       __invoke_watson            00406cd8 f   MSVCRT:MSVCR90.dll
 0001:00005cde       __controlfp_s              00406cde f   MSVCRT:MSVCR90.dll
 0001:00005ce4       ??1type_info@@UAE@XZ       00406ce4 f   MSVCRT:MSVCR90.dll
 0001:00005ce4       ?_type_info_dtor_internal_method@type_info@@QAEXXZ 00406ce4 f   MSVCRT:MSVCR90.dll
 0001:00005cea       ___report_gsfailure        00406cea f   MSVCRT:gs_report.obj
 0001:00005df0       __crt_debugger_hook        00406df0 f   MSVCRT:MSVCR90.dll
 0001:00005df6       _memcpy                    00406df6 f   MSVCRT:MSVCR90.dll
 0001:00005e00       __alloca_probe             00406e00     MSVCRT:chkstk.obj
 0001:00005e00       __chkstk                   00406e00 f   MSVCRT:chkstk.obj
 0001:00005e2c       ___CxxFrameHandler3        00406e2c f   MSVCRT:MSVCR90.dll
 0001:00005e34       __EH_prolog                00406e34 f   MSVCRT:ehprolog.obj
 0001:00005e54       __CxxThrowException@8      00406e54 f   MSVCRT:MSVCR90.dll
 0002:00000000       __imp__UnhandledExceptionFilter@4 00408000     kernel32:KERNEL32.dll
 0002:00000004       __imp__GetCurrentProcess@0 00408004     kernel32:KERNEL32.dll
 0002:00000008       __imp__TerminateProcess@8  00408008     kernel32:KERNEL32.dll
 0002:0000000c       __imp__GetSystemTimeAsFileTime@4 0040800c     kernel32:KERNEL32.dll
 0002:00000010       __imp__GetCurrentProcessId@0 00408010     kernel32:KERNEL32.dll
 0002:00000014       __imp__GetCurrentThreadId@0 00408014     kernel32:KERNEL32.dll
 0002:00000018       __imp__GetTickCount@0      00408018     kernel32:KERNEL32.dll
 0002:0000001c       __imp__QueryPerformanceCounter@4 0040801c     kernel32:KERNEL32.dll
 0002:00000020       __imp__SetUnhandledExceptionFilter@4 00408020     kernel32:KERNEL32.dll
 0002:00000024       __imp__InterlockedCompareExchange@12 00408024     kernel32:KERNEL32.dll
 0002:00000028       __imp__Sleep@4             00408028     kernel32:KERNEL32.dll
 0002:0000002c       __imp__InterlockedExchange@8 0040802c     kernel32:KERNEL32.dll
 0002:00000030       __imp__MultiByteToWideChar@24 00408030     kernel32:KERNEL32.dll
 0002:00000034       __imp__WideCharToMultiByte@32 00408034     kernel32:KERNEL32.dll
 0002:00000038       __imp__SetConsoleOutputCP@4 00408038     kernel32:KERNEL32.dll
 0002:0000003c       __imp__GetLastError@0      0040803c     kernel32:KERNEL32.dll
 0002:00000040       __imp__GetConsoleOutputCP@0 00408040     kernel32:KERNEL32.dll
 0002:00000044       __imp__FindNextFileW@8     00408044     kernel32:KERNEL32.dll
 0002:00000048       __imp__FindClose@4         00408048     kernel32:KERNEL32.dll
 0002:0000004c       __imp__GetProcAddress@8    0040804c     kernel32:KERNEL32.dll
 0002:00000050       __imp__GetModuleFileNameW@12 00408050     kernel32:KERNEL32.dll
 0002:00000054       __imp__GetModuleHandleW@4  00408054     kernel32:KERNEL32.dll
 0002:00000058       __imp__LoadLibraryExW@12   00408058     kernel32:KERNEL32.dll
 0002:0000005c       __imp__FreeLibrary@4       0040805c     kernel32:KERNEL32.dll
 0002:00000060       __imp__SetErrorMode@4      00408060     kernel32:KERNEL32.dll
 0002:00000064       __imp__FindFirstFileW@8    00408064     kernel32:KERNEL32.dll
 0002:00000068       __imp__GetFullPathNameW@16 00408068     kernel32:KERNEL32.dll
 0002:0000006c       __imp__IsDebuggerPresent@0 0040806c     kernel32:KERNEL32.dll
 0002:00000070       \177KERNEL32_NULL_THUNK_DATA 00408070     kernel32:KERNEL32.dll
 0002:00000074       __imp___decode_pointer     00408074     MSVCRT:MSVCR90.dll
 0002:00000078       __imp___amsg_exit          00408078     MSVCRT:MSVCR90.dll
 0002:0000007c       __imp____getmainargs       0040807c     MSVCRT:MSVCR90.dll
 0002:00000080       __imp___cexit              00408080     MSVCRT:MSVCR90.dll
 0002:00000084       __imp___exit               00408084     MSVCRT:MSVCR90.dll
 0002:00000088       __imp___XcptFilter         00408088     MSVCRT:MSVCR90.dll
 0002:0000008c       __imp__exit                0040808c     MSVCRT:MSVCR90.dll
 0002:00000090       __imp____initenv           00408090     MSVCRT:MSVCR90.dll
 0002:00000094       __imp___initterm           00408094     MSVCRT:MSVCR90.dll
 0002:00000098       __imp___initterm_e         00408098     MSVCRT:MSVCR90.dll
 0002:0000009c       __imp___configthreadlocale 0040809c     MSVCRT:MSVCR90.dll
[...]
 0001:00005f56       __unwindfunclet$?save_writer@RDataArchiver_OsDir@stdio@media@modules@UModSys@@UAE?AU?$TRefObject@UIStreamWriter@libmedia@UModSys@@@tl@5@ABU?$TString@U?$TSCoreConst@D@su@tl@UModSys@@U?$TComparerBinaryHash@D@234@@75@H@Z$1 00406f56 f    CIL library: CIL module
 0001:00005f56       __unwindfunclet$?load_reader@RDataArchiver_OsDir@stdio@media@modules@UModSys@@UAE?AU?$TRefObject@UIStreamReader@libmedia@UModSys@@@tl@5@ABU?$TString@U?$TSCoreConst@D@su@tl@UModSys@@U?$TComparerBinaryHash@D@234@@75@H@Z$1 00406f56 f    CIL library: CIL module
 0001:00005f5e       __unwindfunclet$?save_writer@RDataArchiver_OsDir@stdio@media@modules@UModSys@@UAE?AU?$TRefObject@UIStreamWriter@libmedia@UModSys@@@tl@5@ABU?$TString@U?$TSCoreConst@D@su@tl@UModSys@@U?$TComparerBinaryHash@D@234@@75@H@Z$2 00406f5e f    CIL library: CIL module
 0001:00005f5e       __unwindfunclet$?load_reader@RDataArchiver_OsDir@stdio@media@modules@UModSys@@UAE?AU?$TRefObject@UIStreamReader@libmedia@UModSys@@@tl@5@ABU?$TString@U?$TSCoreConst@D@su@tl@UModSys@@U?$TComparerBinaryHash@D@234@@75@H@Z$2 00406f5e f    CIL library: CIL module
 0001:00005f6b       __unwindfunclet$?save_writer@RDataArchiver_OsDir@stdio@media@modules@UModSys@@UAE?AU?$TRefObject@UIStreamWriter@libmedia@UModSys@@@tl@5@ABU?$TString@U?$TSCoreConst@D@su@tl@UModSys@@U?$TComparerBinaryHash@D@234@@75@H@Z$0 00406f6b f    CIL library: CIL module
 0001:00005f6b       __unwindfunclet$?load_reader@RDataArchiver_OsDir@stdio@media@modules@UModSys@@UAE?AU?$TRefObject@UIStreamReader@libmedia@UModSys@@@tl@5@ABU?$TString@U?$TSCoreConst@D@su@tl@UModSys@@U?$TComparerBinaryHash@D@234@@75@H@Z$0 00406f6b f    CIL library: CIL module
 0001:00005f84       __ehhandler$?save_writer@RDataArchiver_OsDir@stdio@media@modules@UModSys@@UAE?AU?$TRefObject@UIStreamWriter@libmedia@UModSys@@@tl@5@ABU?$TString@U?$TSCoreConst@D@su@tl@UModSys@@U?$TComparerBinaryHash@D@234@@75@H@Z 00406f84 f    CIL library: CIL module
 0001:00005f84       __ehhandler$?load_reader@RDataArchiver_OsDir@stdio@media@modules@UModSys@@UAE?AU?$TRefObject@UIStreamReader@libmedia@UModSys@@@tl@5@ABU?$TString@U?$TSCoreConst@D@su@tl@UModSys@@U?$TComparerBinaryHash@D@234@@75@H@Z 00406f84 f    CIL library: CIL module
 0001:00005f8e       __unwindfunclet$??0RDataArchiver_OsDir@stdio@media@modules@UModSys@@QAE@PAURGenerator@1234@ABUSParameters@core@4@@Z$0 00406f8e f    CIL library: CIL module
 0001:00005f96       __unwindfunclet$??0RDataArchiver_OsDir@stdio@media@modules@UModSys@@QAE@PAURGenerator@1234@ABUSParameters@core@4@@Z$1 00406f96 f    CIL library: CIL module
 0001:00005fa1       __ehhandler$??0RDataArchiver_OsDir@stdio@media@modules@UModSys@@QAE@PAURGenerator@1234@ABUSParameters@core@4@@Z 00406fa1 f    CIL library: CIL module
 0001:00005fab       __unwindfunclet$??_GRStreamWriter_FILE@stdio@media@modules@UModSys@@UAEPAXI@Z$0 00406fab f    CIL library: CIL module
 0001:00005fab       __unwindfunclet$??_GRDataArchiver_OsDir@stdio@media@modules@UModSys@@UAEPAXI@Z$0 00406fab f    CIL library: CIL module
 0001:00005fb3       __ehhandler$??_GRStreamWriter_FILE@stdio@media@modules@UModSys@@UAEPAXI@Z 00406fb3 f    CIL library: CIL module
 0001:00005fb3       __ehhandler$??_GRDataArchiver_OsDir@stdio@media@modules@UModSys@@UAEPAXI@Z 00406fb3 f    CIL library: CIL module
 0001:00005fbd       __unwindfunclet$??0RModule@rsystem@base@UModSys@@QAE@PAUIModuleLibraryUni@123@PAUIModuleReg@23@@Z$0 00406fbd f    CIL library: CIL module
 0001:00005fc5       __unwindfunclet$??0RModule@rsystem@base@UModSys@@QAE@PAUIModuleLibraryUni@123@PAUIModuleReg@23@@Z$1 00406fc5 f    CIL library: CIL module
 0001:00005fd0       __unwindfunclet$??0RModule@rsystem@base@UModSys@@QAE@PAUIModuleLibraryUni@123@PAUIModuleReg@23@@Z$2 00406fd0 f    CIL library: CIL module
 0001:00005fdb       __unwindfunclet$??0RModule@rsystem@base@UModSys@@QAE@PAUIModuleLibraryUni@123@PAUIModuleReg@23@@Z$3 00406fdb f    CIL library: CIL module
 0001:00005fe6       __ehhandler$??0RModule@rsystem@base@UModSys@@QAE@PAUIModuleLibraryUni@123@PAUIModuleReg@23@@Z 00406fe6 f    CIL library: CIL module
 0001:00005ff2       __unwindfunclet$?link@IModuleLibraryUni@rsystem@base@UModSys@@QAE_NXZ$0 00406ff2 f    CIL library: CIL module
 0001:00005fff       __ehhandler$?link@IModuleLibraryUni@rsystem@base@UModSys@@QAE_NXZ 00406fff f    CIL library: CIL module
 0001:00006009       __unwindfunclet$?exec_test_shells@RSystem@rsystem@base@UModSys@@QAE_NXZ$0 00407009 f    CIL library: CIL module
 0001:00006014       __unwindfunclet$?exec_test_shells@RSystem@rsystem@base@UModSys@@QAE_NXZ$1 00407014 f    CIL library: CIL module
 0001:0000601f       __ehhandler$?exec_test_shells@RSystem@rsystem@base@UModSys@@QAE_NXZ 0040701f f    CIL library: CIL module
 0001:00006029       __unwindfunclet$??$t_gen_param@URDataArchiver_OsDir@stdio@media@modules@UModSys@@URGenerator@2345@@IGenerator@base@UModSys@@IAE_NPAURGenerator@stdio@media@modules@2@AAU?$TRefObject@UIRefObject@core@UModSys@@@tl@2@PBUSUniquePointerInfo@core@2@ABUSParameters@core@2@@Z$0 00407029 f    CIL library: CIL module
 0001:00006036       __unwindfunclet$??$t_gen_param@URDataArchiver_OsDir@stdio@media@modules@UModSys@@URGenerator@2345@@IGenerator@base@UModSys@@IAE_NPAURGenerator@stdio@media@modules@2@AAU?$TRefObject@UIRefObject@core@UModSys@@@tl@2@PBUSUniquePointerInfo@core@2@ABUSParameters@core@2@@Z$1 00407036 f    CIL library: CIL module
 0001:0000603e       __ehhandler$??$t_gen_param@URDataArchiver_OsDir@stdio@media@modules@UModSys@@URGenerator@2345@@IGenerator@base@UModSys@@IAE_NPAURGenerator@stdio@media@modules@2@AAU?$TRefObject@UIRefObject@core@UModSys@@@tl@2@PBUSUniquePointerInfo@core@2@ABUSParameters@core@2@@Z 0040703e f    CIL library: CIL module
 0001:00006048       __unwindfunclet$?suicide@RStreamWriter_FILE@stdio@media@modules@UModSys@@UAEXXZ$0 00407048 f    CIL library: CIL module
 0001:00006048       __unwindfunclet$?suicide@RDataArchiver_OsDir@stdio@media@modules@UModSys@@UAEXXZ$0 00407048 f    CIL library: CIL module
 0001:00006048       __unwindfunclet$?suicide@RStreamReader_FILE@stdio@media@modules@UModSys@@UAEXXZ$0 00407048 f    CIL library: CIL module
 0001:00006048       __unwindfunclet$??$t_moduledb_generate@UIShell@base@UModSys@@@IModuleLoader@base@UModSys@@QAE_NAAU?$TRefObject@UIShell@base@UModSys@@@tl@2@PBUSUniquePointerInfo@core@2@ABUSParameters@62@@Z$0 00407048 f    CIL library: CIL module
 0001:00006048       __unwindfunclet$??$ValidateConstruction@UIStreamReader@libmedia@UModSys@@URStreamReader_FILE@stdio@media@modules@3@@core@UModSys@@YA_NAAU?$TRefObject@UIStreamReader@libmedia@UModSys@@@tl@1@PAURStreamReader_FILE@stdio@media@modules@1@@Z$0 00407048 f    CIL library: CIL module
 0001:00006048       __unwindfunclet$??$ValidateConstruction@UIStreamWriter@libmedia@UModSys@@URStreamWriter_FILE@stdio@media@modules@3@@core@UModSys@@YA_NAAU?$TRefObject@UIStreamWriter@libmedia@UModSys@@@tl@1@PAURStreamWriter_FILE@stdio@media@modules@1@@Z$0 00407048 f    CIL library: CIL module
 0001:00006048       __unwindfunclet$?suicide@RModule@rsystem@base@UModSys@@UAEXXZ$0 00407048 f    CIL library: CIL module
 0001:00006048       __unwindfunclet$?s_add@RModuleLibrarySO@rsystem@base@UModSys@@SA_NPAUISystem@34@AAU?$TDynarrayDynamic@U?$TRefObject@URModuleLibrarySO@rsystem@base@UModSys@@@tl@UModSys@@U?$TAllocator@USMemAlloc_Malloc@core@UModSys@@USCountCalcPower2@23@@23@@tl@4@PBD@Z$1 00407048 f    CIL library: CIL module
 0001:00006050       __ehhandler$?suicide@RStreamReader_FILE@stdio@media@modules@UModSys@@UAEXXZ 00407050 f    CIL library: CIL module
 0001:00006050       __ehhandler$?suicide@RStreamWriter_FILE@stdio@media@modules@UModSys@@UAEXXZ 00407050 f    CIL library: CIL module
 0001:00006050       __ehhandler$?s_add@RModuleLibrarySO@rsystem@base@UModSys@@SA_NPAUISystem@34@AAU?$TDynarrayDynamic@U?$TRefObject@URModuleLibrarySO@rsystem@base@UModSys@@@tl@UModSys@@U?$TAllocator@USMemAlloc_Malloc@core@UModSys@@USCountCalcPower2@23@@23@@tl@4@PBD@Z 00407050 f    CIL library: CIL module
 0001:00006050       __ehhandler$?suicide@RDataArchiver_OsDir@stdio@media@modules@UModSys@@UAEXXZ 00407050 f    CIL library: CIL module
 0001:00006050       __ehhandler$?suicide@RModule@rsystem@base@UModSys@@UAEXXZ 00407050 f    CIL library: CIL module
 0001:00006050       __ehhandler$??$ValidateConstruction@UIStreamReader@libmedia@UModSys@@URStreamReader_FILE@stdio@media@modules@3@@core@UModSys@@YA_NAAU?$TRefObject@UIStreamReader@libmedia@UModSys@@@tl@1@PAURStreamReader_FILE@stdio@media@modules@1@@Z 00407050 f    CIL library: CIL module
 0001:00006050       __ehhandler$??$t_moduledb_generate@UIShell@base@UModSys@@@IModuleLoader@base@UModSys@@QAE_NAAU?$TRefObject@UIShell@base@UModSys@@@tl@2@PBUSUniquePointerInfo@core@2@ABUSParameters@62@@Z 00407050 f    CIL library: CIL module
 0001:00006050       __ehhandler$??$ValidateConstruction@UIStreamWriter@libmedia@UModSys@@URStreamWriter_FILE@stdio@media@modules@3@@core@UModSys@@YA_NAAU?$TRefObject@UIStreamWriter@libmedia@UModSys@@@tl@1@PAURStreamWriter_FILE@stdio@media@modules@1@@Z 00407050 f    CIL library: CIL module
 0001:0000605a       ??__E?s_id@?$TObjectUniqueID@UIRoot@core@UModSys@@@tl@UModSys@@2USUniquePointer@core@3@A@@YAXXZ 0040705a f    CIL library: CIL module
 0001:0000607c       ??__E?s_id@?$TObjectUniqueID@UIRefObject@core@UModSys@@@tl@UModSys@@2USUniquePointer@core@3@A@@YAXXZ 0040707c f    CIL library: CIL module
 0001:0000609e       ??__E?s_id@?$TObjectUniqueID@UIParameters@core@UModSys@@@tl@UModSys@@2USUniquePointer@core@3@A@@YAXXZ 0040709e f    CIL library: CIL module
 0001:000060c0       ??__E?s_id@?$TObjectUniqueID@UIModule@base@UModSys@@@tl@UModSys@@2USUniquePointer@core@3@A@@YAXXZ 004070c0 f    CIL library: CIL module
 0001:000060e2       ??__E?s_id@?$TObjectUniqueID@UIModuleLibrary@base@UModSys@@@tl@UModSys@@2USUniquePointer@core@3@A@@YAXXZ 004070e2 f    CIL library: CIL module
 0001:00006104       ??__E?s_id@?$TObjectUniqueID@UIModObject@base@UModSys@@@tl@UModSys@@2USUniquePointer@core@3@A@@YAXXZ 00407104 f    CIL library: CIL module
 0001:00006126       ??__E?s_id@?$TObjectUniqueID@UIGenerator@base@UModSys@@@tl@UModSys@@2USUniquePointer@core@3@A@@YAXXZ 00407126 f    CIL library: CIL module
 0001:00006148       ??__E?s_id@?$TObjectUniqueID@UIShell@base@UModSys@@@tl@UModSys@@2USUniquePointer@core@3@A@@YAXXZ 00407148 f    CIL library: CIL module
 0001:0000616a       ??__E?s_id@?$TObjectUniqueID@UIConsole@base@UModSys@@@tl@UModSys@@2USUniquePointer@core@3@A@@YAXXZ 0040716a f    CIL library: CIL module
 0001:0000618c       ??__E?s_id@?$TObjectUniqueID@UISystem@base@UModSys@@@tl@UModSys@@2USUniquePointer@core@3@A@@YAXXZ 0040718c f    CIL library: CIL module
 0001:000061ae       ??__E?s_id@?$TObjectUniqueID@URModule@rsystem@base@UModSys@@@tl@UModSys@@2USUniquePointer@core@3@A@@YAXXZ 004071ae f    CIL library: CIL module
 0001:000061d0       ??__E?s_id@?$TObjectUniqueID@UIModuleLibraryUni@rsystem@base@UModSys@@@tl@UModSys@@2USUniquePointer@core@3@A@@YAXXZ 004071d0 f    CIL library: CIL module
 0001:000061f2       ??__E?s_id@?$TObjectUniqueID@URModuleLibrarySO@rsystem@base@UModSys@@@tl@UModSys@@2USUniquePointer@core@3@A@@YAXXZ 004071f2 f    CIL library: CIL module
 0001:00006214       ??__E?s_id@?$TObjectUniqueID@URModuleLibraryThis@rsystem@base@UModSys@@@tl@UModSys@@2USUniquePointer@core@3@A@@YAXXZ 00407214 f    CIL library: CIL module
 0001:00006236       ??__E?s_id@?$TObjectUniqueID@URParameters@rsystem@base@UModSys@@@tl@UModSys@@2USUniquePointer@core@3@A@@YAXXZ 00407236 f    CIL library: CIL module
 0001:00006258       ??__E?s_id@?$TObjectUniqueID@URSystem@rsystem@base@UModSys@@@tl@UModSys@@2USUniquePointer@core@3@A@@YAXXZ 00407258 f    CIL library: CIL module
 0001:0000627a       ??__E?s_id@?$TObjectUniqueID@URConsole_std@rsystem@base@UModSys@@@tl@UModSys@@2USUniquePointer@core@3@A@@YAXXZ 0040727a f    CIL library: CIL module
 0001:0000629c       ??__E?s_modreg@RModuleReg@stdio@media@modules@UModSys@@2U12345@A@@YAXXZ 0040729c f    CIL library: CIL module
 0001:000062a8       ??__E?s_modreg_chain@RModuleReg@stdio@media@modules@UModSys@@2USModuleRegChain@base@5@A@@YAXXZ 004072a8 f    CIL library: CIL module
 0001:000062d6       ??__E?s_uid@RGenerator@stdio@media@modules@UModSys@@2USUniquePointer@core@5@A@@YAXXZ 004072d6 f    CIL library: CIL module
 0001:000062f8       ??__E?s_id@?$TObjectUniqueID@UIStreamReader@libmedia@UModSys@@@tl@UModSys@@2USUniquePointer@core@3@A@@YAXXZ 004072f8 f    CIL library: CIL module
 0001:0000631a       ??__E?s_id@?$TObjectUniqueID@UIStreamWriter@libmedia@UModSys@@@tl@UModSys@@2USUniquePointer@core@3@A@@YAXXZ 0040731a f    CIL library: CIL module
 0001:0000633c       ??__E?s_id@?$TObjectUniqueID@UIDataArchive@libmedia@UModSys@@@tl@UModSys@@2USUniquePointer@core@3@A@@YAXXZ 0040733c f    CIL library: CIL module
 0001:0000635e       ??__E?s_id@?$TObjectUniqueID@URStreamReader_FILE@stdio@media@modules@UModSys@@@tl@UModSys@@2USUniquePointer@core@3@A@@YAXXZ 0040735e f    CIL library: CIL module
 0001:00006380       ??__E?s_id@?$TObjectUniqueID@URStreamWriter_FILE@stdio@media@modules@UModSys@@@tl@UModSys@@2USUniquePointer@core@3@A@@YAXXZ 00407380 f    CIL library: CIL module
 0001:000063a2       ??__E?s_id@?$TObjectUniqueID@URDataArchiver_OsDir@stdio@media@modules@UModSys@@@tl@UModSys@@2USUniquePointer@core@3@A@@YAXXZ 004073a2 f    CIL library: CIL module
 0001:000063c4       ??__E?s_id@?$TObjectUniqueID@URGenerator@stdio@media@modules@UModSys@@@tl@UModSys@@2USUniquePointer@core@3@A@@YAXXZ 004073c4 f    CIL library: CIL module
 0001:000063e6       ??__E?s_console@RConsole_std@rsystem@base@UModSys@@2U1234@A@@YAXXZ 004073e6 f    CIL library: CIL module
 0001:000063f2       ??__E?s_sys@RSystem@rsystem@base@UModSys@@2U1234@A@@YAXXZ 004073f2 f    CIL library: CIL module
 0001:00006403       ??__Ersys_dbg@rsystem@base@UModSys@@YAXXZ 00407403 f    CIL library: CIL module
 0001:0000640f       ??__EM@UModSys@@YAXXZ      0040740f f    CIL library: CIL module
 0001:0000641b       ??__E?root@SModuleRegChain@base@UModSys@@2U123@A@@YAXXZ 0040741b f    CIL library: CIL module
 0001:00006427       ??__E?s_library@RModuleLibraryReg_Chain@base@UModSys@@2U123@A@@YAXXZ 00407427 f    CIL library: CIL module
 0001:00006433       ??__E?root@SUniquePointer@core@UModSys@@2U123@A@@YAXXZ 00407433 f    CIL library: CIL module
 0001:0000643f       ??__F?s_id@?$TObjectUniqueID@URConsole_std@rsystem@base@UModSys@@@tl@UModSys@@2USUniquePointer@core@3@A@@YAXXZ 0040743f f    CIL library: CIL module
 0001:00006449       ??__F?s_id@?$TObjectUniqueID@URSystem@rsystem@base@UModSys@@@tl@UModSys@@2USUniquePointer@core@3@A@@YAXXZ 00407449 f    CIL library: CIL module
 0001:00006453       ??__F?s_id@?$TObjectUniqueID@URParameters@rsystem@base@UModSys@@@tl@UModSys@@2USUniquePointer@core@3@A@@YAXXZ 00407453 f    CIL library: CIL module
 0001:0000645d       ??__F?s_id@?$TObjectUniqueID@URModuleLibraryThis@rsystem@base@UModSys@@@tl@UModSys@@2USUniquePointer@core@3@A@@YAXXZ 0040745d f    CIL library: CIL module
 0001:00006467       ??__F?s_id@?$TObjectUniqueID@URModuleLibrarySO@rsystem@base@UModSys@@@tl@UModSys@@2USUniquePointer@core@3@A@@YAXXZ 00407467 f    CIL library: CIL module
 0001:00006471       ??__F?s_id@?$TObjectUniqueID@UIModuleLibraryUni@rsystem@base@UModSys@@@tl@UModSys@@2USUniquePointer@core@3@A@@YAXXZ 00407471 f    CIL library: CIL module
 0001:0000647b       ??__F?s_id@?$TObjectUniqueID@URModule@rsystem@base@UModSys@@@tl@UModSys@@2USUniquePointer@core@3@A@@YAXXZ 0040747b f    CIL library: CIL module
 0001:00006485       ??__F?s_id@?$TObjectUniqueID@UISystem@base@UModSys@@@tl@UModSys@@2USUniquePointer@core@3@A@@YAXXZ 00407485 f    CIL library: CIL module
 0001:0000648f       ??__F?s_id@?$TObjectUniqueID@UIConsole@base@UModSys@@@tl@UModSys@@2USUniquePointer@core@3@A@@YAXXZ 0040748f f    CIL library: CIL module
 0001:00006499       ??__F?s_id@?$TObjectUniqueID@UIShell@base@UModSys@@@tl@UModSys@@2USUniquePointer@core@3@A@@YAXXZ 00407499 f    CIL library: CIL module
 0001:000064a3       ??__F?s_id@?$TObjectUniqueID@UIGenerator@base@UModSys@@@tl@UModSys@@2USUniquePointer@core@3@A@@YAXXZ 004074a3 f    CIL library: CIL module
 0001:000064ad       ??__F?s_id@?$TObjectUniqueID@UIModObject@base@UModSys@@@tl@UModSys@@2USUniquePointer@core@3@A@@YAXXZ 004074ad f    CIL library: CIL module
 0001:000064b7       ??__F?s_id@?$TObjectUniqueID@UIModuleLibrary@base@UModSys@@@tl@UModSys@@2USUniquePointer@core@3@A@@YAXXZ 004074b7 f    CIL library: CIL module
 0001:000064c1       ??__F?s_id@?$TObjectUniqueID@UIModule@base@UModSys@@@tl@UModSys@@2USUniquePointer@core@3@A@@YAXXZ 004074c1 f    CIL library: CIL module
 0001:000064cb       ??__F?s_id@?$TObjectUniqueID@UIParameters@core@UModSys@@@tl@UModSys@@2USUniquePointer@core@3@A@@YAXXZ 004074cb f    CIL library: CIL module
 0001:000064d5       ??__F?s_id@?$TObjectUniqueID@UIRefObject@core@UModSys@@@tl@UModSys@@2USUniquePointer@core@3@A@@YAXXZ 004074d5 f    CIL library: CIL module
 0001:000064df       ??__F?s_id@?$TObjectUniqueID@UIRoot@core@UModSys@@@tl@UModSys@@2USUniquePointer@core@3@A@@YAXXZ 004074df f    CIL library: CIL module
 0001:000064e9       ??__F?s_modreg@RModuleReg@stdio@media@modules@UModSys@@2U12345@A@@YAXXZ 004074e9 f    CIL library: CIL module
 0001:000064f4       ??__F?s_modreg_chain@RModuleReg@stdio@media@modules@UModSys@@2USModuleRegChain@base@5@A@@YAXXZ 004074f4 f    CIL library: CIL module
 0001:000064fe       ??__F?s_uid@RGenerator@stdio@media@modules@UModSys@@2USUniquePointer@core@5@A@@YAXXZ 004074fe f    CIL library: CIL module
 0001:00006508       ??__Fh@?1??s_holder@RGenerator@stdio@media@modules@UModSys@@SAAAU?$TTypeStaticHolder@URGenerator@stdio@media@modules@UModSys@@@tl@5@XZ@YAXXZ 00407508 f    CIL library: CIL module
 0001:00006525       ??__F?s_id@?$TObjectUniqueID@URGenerator@stdio@media@modules@UModSys@@@tl@UModSys@@2USUniquePointer@core@3@A@@YAXXZ 00407525 f    CIL library: CIL module
 0001:0000652f       ??__F?s_id@?$TObjectUniqueID@URDataArchiver_OsDir@stdio@media@modules@UModSys@@@tl@UModSys@@2USUniquePointer@core@3@A@@YAXXZ 0040752f f    CIL library: CIL module
 0001:00006539       ??__F?s_id@?$TObjectUniqueID@URStreamWriter_FILE@stdio@media@modules@UModSys@@@tl@UModSys@@2USUniquePointer@core@3@A@@YAXXZ 00407539 f    CIL library: CIL module
 0001:00006543       ??__F?s_id@?$TObjectUniqueID@URStreamReader_FILE@stdio@media@modules@UModSys@@@tl@UModSys@@2USUniquePointer@core@3@A@@YAXXZ 00407543 f    CIL library: CIL module
 0001:0000654d       ??__F?s_id@?$TObjectUniqueID@UIDataArchive@libmedia@UModSys@@@tl@UModSys@@2USUniquePointer@core@3@A@@YAXXZ 0040754d f    CIL library: CIL module
 0001:00006557       ??__F?s_id@?$TObjectUniqueID@UIStreamWriter@libmedia@UModSys@@@tl@UModSys@@2USUniquePointer@core@3@A@@YAXXZ 00407557 f    CIL library: CIL module
 0001:00006561       ??__F?s_id@?$TObjectUniqueID@UIStreamReader@libmedia@UModSys@@@tl@UModSys@@2USUniquePointer@core@3@A@@YAXXZ 00407561 f    CIL library: CIL module
 0001:0000656b       ??__F?s_console@RConsole_std@rsystem@base@UModSys@@2U1234@A@@YAXXZ 0040756b f    CIL library: CIL module
 0001:00006598       ??__F?s_sys@RSystem@rsystem@base@UModSys@@2U1234@A@@YAXXZ 00407598 f    CIL library: CIL module
 0001:000065a3       ??__Frsys_dbg@rsystem@base@UModSys@@YAXXZ 004075a3 f    CIL library: CIL module
 0001:000065ba       ??__FM@UModSys@@YAXXZ      004075ba f    CIL library: CIL module
 0001:000065bb       ??__F?root@SModuleRegChain@base@UModSys@@2U123@A@@YAXXZ 004075bb f    CIL library: CIL module
 0001:000065c5       ??__F?s_library@RModuleLibraryReg_Chain@base@UModSys@@2U123@A@@YAXXZ 004075c5 f    CIL library: CIL module
 0001:000065d0       ??__F?root@SUniquePointer@core@UModSys@@2U123@A@@YAXXZ 004075d0 f    CIL library: CIL module

 Exports

  ordinal    name

        1    _UModSys_Plugin_Entry2@0
