 umodsysc

 Timestamp is 525e99c7 (Wed Oct 16 16:51:03 2013)

 Preferred load address is 00400000

 Start         Length     Name                   Class
 0001:00000000 000062c0H .text                   CODE
 0001:000062c0 00000264H .text$x                 CODE
 0001:00006524 000003e9H .text$yc                CODE
 0001:0000690d 0000019bH .text$yd                CODE
 0002:00000000 00000150H .idata$5                DATA
 0002:00000150 00000004H .CRT$XCA                DATA
 0002:00000154 00000004H .CRT$XCAA               DATA
 0002:00000158 000000dcH .CRT$XCU                DATA
 0002:00000234 00000004H .CRT$XCZ                DATA
 0002:00000238 00000004H .CRT$XIA                DATA
 0002:0000023c 00000004H .CRT$XIAA               DATA
 0002:00000240 00000004H .CRT$XIY                DATA
 0002:00000244 00000004H .CRT$XIZ                DATA
 0002:00000248 00001138H .rdata                  DATA
 0002:00001380 00000b04H .rdata$r                DATA
 0002:00001e90 00000054H .rdata$sxdata           DATA
 0002:00001ee4 00000004H .rtc$IAA                DATA
 0002:00001ee8 00000004H .rtc$IZZ                DATA
 0002:00001eec 00000004H .rtc$TAA                DATA
 0002:00001ef0 00000004H .rtc$TZZ                DATA
 0002:00001ef8 00000538H .xdata$x                DATA
 0002:00002430 00000028H .idata$2                DATA
 0002:00002458 00000014H .idata$3                DATA
 0002:0000246c 00000150H .idata$4                DATA
 0002:000025bc 00000544H .idata$6                DATA
 0002:00002b00 00000058H .edata                  DATA
 0003:00000000 00000880H .data                   DATA
 0003:00000880 0000271cH .bss                    DATA

  Address         Publics by Value              Rva+Base       Lib:Object

 0000:00000000       __except_list              00000000     <absolute>
 0000:00000015       ___safe_se_handler_count   00000015     <absolute>
 0000:00009876       __ldused                   00009876     <absolute>
 0000:00009876       __fltused                  00009876     <absolute>
 0000:00000000       ___ImageBase               00400000     <linker-defined>
 0001:00000000       _main                      00401000 f   umodsys.c_main.obj
 0001:00000172       ??0?$TString@U?$TSCoreConst@D@su@tl@UModSys@@U?$TComparerBinaryHash@D@234@@tl@UModSys@@QAE@PBD@Z 00401172 f i umodsys.c_main.obj
 0001:0000019c       ?update@?$TComparerBinaryHash@D@su@tl@UModSys@@QAEXPBDI@Z 0040119c f i umodsys.c_main.obj
 0001:000001c8       ??1SMemShared@core@UModSys@@QAE@XZ 004011c8 f i umodsys_lib_libmedia:umodsys.mod.media.stdio.obj
 0001:000001de       ??6SUniquePtrList@core@UModSys@@QAEAAU012@PBUSUniquePointerInfo@12@@Z 004011de f i umodsys_lib_libmedia:umodsys.mod.media.stdio.obj
 0001:000001fa       ??2IRoot@core@UModSys@@SAPAXIABUSIMemAlloc@12@@Z 004011fa f i umodsys_lib_libmedia:umodsys.mod.media.stdio.obj
 0001:0000021c       ??3IRoot@core@UModSys@@SAXPAXABUSIMemAlloc@12@@Z 0040121c f i umodsys_lib_libmedia:umodsys.mod.media.stdio.obj
 0001:00000235       ?_get_other_interface@IRefObject@core@UModSys@@IBEPBUIRoot@23@PBUSUniquePointerInfo@23@@Z 00401235 f i umodsys_lib_libmedia:umodsys.mod.media.stdio.obj
 0001:00000235       ?_get_other_interface@IRefObject@core@UModSys@@IAEPAUIRoot@23@PBUSUniquePointerInfo@23@@Z 00401235 f i umodsys_lib_libmedia:umodsys.mod.media.stdio.obj
 0001:00000256       ?_get_interface_types@IRefObject@core@UModSys@@SAIAAUSUniquePtrList@23@@Z 00401256 f i umodsys_lib_libmedia:umodsys.mod.media.stdio.obj
 0001:00000276       ??1?$TString@U?$TSCoreShared@USIMemAlloc@core@UModSys@@D@su@tl@UModSys@@U?$TComparerBinaryHash@D@234@@tl@UModSys@@QAE@XZ 00401276 f i umodsys_lib_libmedia:umodsys.mod.media.stdio.obj
 0001:0000027b       ?archive_load_data@libmedia@UModSys@@YA_NAAUIDataArchive@12@ABU?$TString@U?$TSCoreConst@D@su@tl@UModSys@@U?$TComparerBinaryHash@D@234@@tl@2@AAUSCMemShared@core@2@ABUSFlags@12@@Z 0040127b f i umodsys_lib_libmedia:umodsys.mod.media.stdio.obj
 0001:000003cd       ?file_get_size@stdio@media@modules@UModSys@@YA_JPAU_iobuf@@@Z 004013cd f i umodsys_lib_libmedia:umodsys.mod.media.stdio.obj
 0001:00000418       ?get_interface_info@RStreamReader_FILE@stdio@media@modules@UModSys@@UBEABUSUniquePointerInfo@core@5@XZ 00401418 f i umodsys_lib_libmedia:umodsys.mod.media.stdio.obj
 0001:0000041e       ?get_interface_type@RStreamReader_FILE@stdio@media@modules@UModSys@@UBEPBUSUniquePointerInfo@core@5@XZ 0040141e f i umodsys_lib_libmedia:umodsys.mod.media.stdio.obj
 0001:00000424       ?get_other_interface@RStreamReader_FILE@stdio@media@modules@UModSys@@UAEPAUIRoot@core@5@PBUSUniquePointerInfo@75@@Z 00401424 f i umodsys_lib_libmedia:umodsys.mod.media.stdio.obj
 0001:00000424       ?get_other_interface@RStreamReader_FILE@stdio@media@modules@UModSys@@UBEPBUIRoot@core@5@PBUSUniquePointerInfo@75@@Z 00401424 f i umodsys_lib_libmedia:umodsys.mod.media.stdio.obj
 0001:00000445       ?suicide@RStreamWriter_FILE@stdio@media@modules@UModSys@@UAEXXZ 00401445 f i umodsys_lib_libmedia:umodsys.mod.media.stdio.obj
 0001:00000445       ?suicide@RDataArchiver_OsDir@stdio@media@modules@UModSys@@UAEXXZ 00401445 f i umodsys_lib_libmedia:umodsys.mod.media.stdio.obj
 0001:00000445       ?suicide@RStreamReader_FILE@stdio@media@modules@UModSys@@UAEXXZ 00401445 f i umodsys_lib_libmedia:umodsys.mod.media.stdio.obj
 0001:0000048c       ??0RStreamReader_FILE@stdio@media@modules@UModSys@@QAE@PAUIModObject@base@4@ABUSParameters@core@4@@Z 0040148c f i umodsys_lib_libmedia:umodsys.mod.media.stdio.obj
 0001:000004f8       ??0RStreamReader_FILE@stdio@media@modules@UModSys@@QAE@PAUIModObject@base@4@PBD@Z 004014f8 f i umodsys_lib_libmedia:umodsys.mod.media.stdio.obj
 0001:00000544       ?open@RStreamReader_FILE@stdio@media@modules@UModSys@@QAEXPBD@Z 00401544 f i umodsys_lib_libmedia:umodsys.mod.media.stdio.obj
 0001:00000568       ?reader_seek@RStreamReader_FILE@stdio@media@modules@UModSys@@UAE_N_J@Z 00401568 f i umodsys_lib_libmedia:umodsys.mod.media.stdio.obj
 0001:0000058b       ?reader_seekend@RStreamReader_FILE@stdio@media@modules@UModSys@@UAE_N_J@Z 0040158b f i umodsys_lib_libmedia:umodsys.mod.media.stdio.obj
 0001:000005b1       ?reader_seekdelta@RStreamReader_FILE@stdio@media@modules@UModSys@@UAE_N_J@Z 004015b1 f i umodsys_lib_libmedia:umodsys.mod.media.stdio.obj
 0001:000005d4       ?reader_pos@RStreamReader_FILE@stdio@media@modules@UModSys@@UAE_JXZ 004015d4 f i umodsys_lib_libmedia:umodsys.mod.media.stdio.obj
 0001:000005e9       ?reader_size@RStreamReader_FILE@stdio@media@modules@UModSys@@UAE_JXZ 004015e9 f i umodsys_lib_libmedia:umodsys.mod.media.stdio.obj
 0001:000005f0       ?reader_read@RStreamReader_FILE@stdio@media@modules@UModSys@@UAE_NPAXI@Z 004015f0 f i umodsys_lib_libmedia:umodsys.mod.media.stdio.obj
 0001:0000064d       ?reader_close@RStreamReader_FILE@stdio@media@modules@UModSys@@UAEXXZ 0040164d f i umodsys_lib_libmedia:umodsys.mod.media.stdio.obj
 0001:00000665       ??_GRStreamReader_FILE@stdio@media@modules@UModSys@@UAEPAXI@Z 00401665 f i umodsys_lib_libmedia:umodsys.mod.media.stdio.obj
 0001:00000665       ??_ERStreamReader_FILE@stdio@media@modules@UModSys@@UAEPAXI@Z 00401665 f i  CIL library: CIL module
 0001:0000068d       ?get_interface_info@RStreamWriter_FILE@stdio@media@modules@UModSys@@UBEABUSUniquePointerInfo@core@5@XZ 0040168d f i umodsys_lib_libmedia:umodsys.mod.media.stdio.obj
 0001:00000693       ?get_interface_type@RStreamWriter_FILE@stdio@media@modules@UModSys@@UBEPBUSUniquePointerInfo@core@5@XZ 00401693 f i umodsys_lib_libmedia:umodsys.mod.media.stdio.obj
 0001:00000699       ?get_other_interface@RStreamWriter_FILE@stdio@media@modules@UModSys@@UBEPBUIRoot@core@5@PBUSUniquePointerInfo@75@@Z 00401699 f i umodsys_lib_libmedia:umodsys.mod.media.stdio.obj
 0001:00000699       ?get_other_interface@RStreamWriter_FILE@stdio@media@modules@UModSys@@UAEPAUIRoot@core@5@PBUSUniquePointerInfo@75@@Z 00401699 f i umodsys_lib_libmedia:umodsys.mod.media.stdio.obj
 0001:000006ba       ?ref_add@RStreamReader_FILE@stdio@media@modules@UModSys@@UBEXXZ 004016ba f i umodsys_lib_libmedia:umodsys.mod.media.stdio.obj
 0001:000006ba       ?ref_add@RGenerator@stdio@media@modules@UModSys@@UBEXXZ 004016ba f i umodsys_lib_libmedia:umodsys.mod.media.stdio.obj
 0001:000006ba       ?ref_add@RStreamWriter_FILE@stdio@media@modules@UModSys@@UBEXXZ 004016ba f i umodsys_lib_libmedia:umodsys.mod.media.stdio.obj
 0001:000006ba       ?ref_add@RDataArchiver_OsDir@stdio@media@modules@UModSys@@UBEXXZ 004016ba f i umodsys_lib_libmedia:umodsys.mod.media.stdio.obj
 0001:000006be       ?ref_remove@RGenerator@stdio@media@modules@UModSys@@UBEXXZ 004016be f i umodsys_lib_libmedia:umodsys.mod.media.stdio.obj
 0001:000006be       ?ref_remove@RStreamWriter_FILE@stdio@media@modules@UModSys@@UBEXXZ 004016be f i umodsys_lib_libmedia:umodsys.mod.media.stdio.obj
 0001:000006be       ?ref_remove@RDataArchiver_OsDir@stdio@media@modules@UModSys@@UBEXXZ 004016be f i umodsys_lib_libmedia:umodsys.mod.media.stdio.obj
 0001:000006be       ?ref_remove@RStreamReader_FILE@stdio@media@modules@UModSys@@UBEXXZ 004016be f i umodsys_lib_libmedia:umodsys.mod.media.stdio.obj
 0001:000006c9       ??0RStreamWriter_FILE@stdio@media@modules@UModSys@@QAE@PAUIModObject@base@4@ABUSParameters@core@4@@Z 004016c9 f i umodsys_lib_libmedia:umodsys.mod.media.stdio.obj
 0001:00000767       ??0RStreamWriter_FILE@stdio@media@modules@UModSys@@QAE@PAUIModObject@base@4@PBD_N@Z 00401767 f i umodsys_lib_libmedia:umodsys.mod.media.stdio.obj
 0001:000007bd       ?open@RStreamWriter_FILE@stdio@media@modules@UModSys@@QAEXPBD_N@Z 004017bd f i umodsys_lib_libmedia:umodsys.mod.media.stdio.obj
 0001:00000803       ?writer_seek@RStreamWriter_FILE@stdio@media@modules@UModSys@@UAE_N_J@Z 00401803 f i umodsys_lib_libmedia:umodsys.mod.media.stdio.obj
 0001:00000826       ?writer_seekend@RStreamWriter_FILE@stdio@media@modules@UModSys@@UAE_N_J@Z 00401826 f i umodsys_lib_libmedia:umodsys.mod.media.stdio.obj
 0001:0000084c       ?writer_seekdelta@RStreamWriter_FILE@stdio@media@modules@UModSys@@UAE_N_J@Z 0040184c f i umodsys_lib_libmedia:umodsys.mod.media.stdio.obj
 0001:0000086f       ?writer_setsize@RStreamWriter_FILE@stdio@media@modules@UModSys@@UAE_N_J@Z 0040186f f i umodsys_lib_libmedia:umodsys.mod.media.stdio.obj
 0001:000008b5       ?writer_pos@RStreamWriter_FILE@stdio@media@modules@UModSys@@UAE_JXZ 004018b5 f i umodsys_lib_libmedia:umodsys.mod.media.stdio.obj
 0001:000008ca       ?writer_size@RStreamWriter_FILE@stdio@media@modules@UModSys@@UAE_JXZ 004018ca f i umodsys_lib_libmedia:umodsys.mod.media.stdio.obj
 0001:000008ef       ?writer_write@RStreamWriter_FILE@stdio@media@modules@UModSys@@UAE_NPBXI@Z 004018ef f i umodsys_lib_libmedia:umodsys.mod.media.stdio.obj
 0001:0000094c       ?writer_copy@RStreamWriter_FILE@stdio@media@modules@UModSys@@UAE_NPAUIStreamReader@libmedia@5@_J@Z 0040194c f i umodsys_lib_libmedia:umodsys.mod.media.stdio.obj
 0001:000009d0       ?writer_copy@RStreamWriter_FILE@stdio@media@modules@UModSys@@UAE_NPAUIStreamReader@libmedia@5@_J1@Z 004019d0 f i umodsys_lib_libmedia:umodsys.mod.media.stdio.obj
 0001:00000a07       ?writer_close@RStreamWriter_FILE@stdio@media@modules@UModSys@@UAEXXZ 00401a07 f i umodsys_lib_libmedia:umodsys.mod.media.stdio.obj
 0001:00000a34       ?writer_abort@RStreamWriter_FILE@stdio@media@modules@UModSys@@UAEXXZ 00401a34 f i umodsys_lib_libmedia:umodsys.mod.media.stdio.obj
 0001:00000a61       ??_ERStreamWriter_FILE@stdio@media@modules@UModSys@@UAEPAXI@Z 00401a61 f i  CIL library: CIL module
 0001:00000a61       ??_GRStreamWriter_FILE@stdio@media@modules@UModSys@@UAEPAXI@Z 00401a61 f i umodsys_lib_libmedia:umodsys.mod.media.stdio.obj
 0001:00000aa5       ??1IStreamReader@libmedia@UModSys@@UAE@XZ 00401aa5 f i umodsys_lib_libmedia:umodsys.mod.media.stdio.obj
 0001:00000aa5       ??1IStreamWriter@libmedia@UModSys@@UAE@XZ 00401aa5 f i umodsys_lib_libmedia:umodsys.mod.media.stdio.obj
 0001:00000aa5       ??1IDataArchive@libmedia@UModSys@@UAE@XZ 00401aa5 f i umodsys_lib_libmedia:umodsys.mod.media.stdio.obj
 0001:00000aa5       ??1IModule@base@UModSys@@UAE@XZ 00401aa5 f i umodsys_lib_base:umodsys.base.module.obj
 0001:00000aa5       ??1ISystem@base@UModSys@@UAE@XZ 00401aa5 f i umodsys_lib_base:umodsys.base.system.obj
 0001:00000aac       ?get_interface_info@RDataArchiver_OsDir@stdio@media@modules@UModSys@@UBEABUSUniquePointerInfo@core@5@XZ 00401aac f i umodsys_lib_libmedia:umodsys.mod.media.stdio.obj
 0001:00000ab2       ?get_interface_type@RDataArchiver_OsDir@stdio@media@modules@UModSys@@UBEPBUSUniquePointerInfo@core@5@XZ 00401ab2 f i umodsys_lib_libmedia:umodsys.mod.media.stdio.obj
 0001:00000ab8       ?get_other_interface@RDataArchiver_OsDir@stdio@media@modules@UModSys@@UBEPBUIRoot@core@5@PBUSUniquePointerInfo@75@@Z 00401ab8 f i umodsys_lib_libmedia:umodsys.mod.media.stdio.obj
 0001:00000ab8       ?get_other_interface@RDataArchiver_OsDir@stdio@media@modules@UModSys@@UAEPAUIRoot@core@5@PBUSUniquePointerInfo@75@@Z 00401ab8 f i umodsys_lib_libmedia:umodsys.mod.media.stdio.obj
 0001:00000ad9       ?ref_weak@RStreamWriter_FILE@stdio@media@modules@UModSys@@UBE_NAAUWeakPointer@IRefObject@core@5@@Z 00401ad9 f i umodsys_lib_libmedia:umodsys.mod.media.stdio.obj
 0001:00000ad9       ?ref_weak@RGenerator@stdio@media@modules@UModSys@@UBE_NAAUWeakPointer@IRefObject@core@5@@Z 00401ad9 f i umodsys_lib_libmedia:umodsys.mod.media.stdio.obj
 0001:00000ad9       ?ref_weak@RStreamReader_FILE@stdio@media@modules@UModSys@@UBE_NAAUWeakPointer@IRefObject@core@5@@Z 00401ad9 f i umodsys_lib_libmedia:umodsys.mod.media.stdio.obj
 0001:00000ad9       ?ref_weak@RDataArchiver_OsDir@stdio@media@modules@UModSys@@UBE_NAAUWeakPointer@IRefObject@core@5@@Z 00401ad9 f i umodsys_lib_libmedia:umodsys.mod.media.stdio.obj
 0001:00000af8       ??0RDataArchiver_OsDir@stdio@media@modules@UModSys@@QAE@PAUIModObject@base@4@ABUSParameters@core@4@U?$TFlags4State@USMediaFlagUid@libmedia@UModSys@@I@tl@4@@Z 00401af8 f i umodsys_lib_libmedia:umodsys.mod.media.stdio.obj
 0001:00000b6d       ?open@RDataArchiver_OsDir@stdio@media@modules@UModSys@@QAEXABUSParameters@core@5@@Z 00401b6d f i umodsys_lib_libmedia:umodsys.mod.media.stdio.obj
 0001:00000c47       ?load_data@RDataArchiver_OsDir@stdio@media@modules@UModSys@@UAE_NABU?$TString@U?$TSCoreConst@D@su@tl@UModSys@@U?$TComparerBinaryHash@D@234@@tl@5@AAUSCMemShared@core@5@ABUSFlags@libmedia@5@@Z 00401c47 f i umodsys_lib_libmedia:umodsys.mod.media.stdio.obj
 0001:00000c5e       ?load_reader@RDataArchiver_OsDir@stdio@media@modules@UModSys@@UAE?AU?$TRefObject@UIStreamReader@libmedia@UModSys@@U?$TRefObjectFunc@UIStreamReader@libmedia@UModSys@@@tl@3@@tl@5@ABU?$TString@U?$TSCoreConst@D@su@tl@UModSys@@U?$TComparerBinaryHash@D@234@@75@ABUSFlags@libmedia@5@@Z 00401c5e f i umodsys_lib_libmedia:umodsys.mod.media.stdio.obj
 0001:00000d66       ?save_data@RDataArchiver_OsDir@stdio@media@modules@UModSys@@UAE_NABU?$TString@U?$TSCoreConst@D@su@tl@UModSys@@U?$TComparerBinaryHash@D@234@@tl@5@ABUSCMem@core@5@ABUSFlags@libmedia@5@@Z 00401d66 f i umodsys_lib_libmedia:umodsys.mod.media.stdio.obj
 0001:00000dd6       ?save_writer@RDataArchiver_OsDir@stdio@media@modules@UModSys@@UAE?AU?$TRefObject@UIStreamWriter@libmedia@UModSys@@U?$TRefObjectFunc@UIStreamWriter@libmedia@UModSys@@@tl@3@@tl@5@ABU?$TString@U?$TSCoreConst@D@su@tl@UModSys@@U?$TComparerBinaryHash@D@234@@75@ABUSFlags@libmedia@5@@Z 00401dd6 f i umodsys_lib_libmedia:umodsys.mod.media.stdio.obj
 0001:00000f20       ?get_entrylist@RDataArchiver_OsDir@stdio@media@modules@UModSys@@UAE_NABU?$TString@U?$TSCoreConst@D@su@tl@UModSys@@U?$TComparerBinaryHash@D@234@@tl@5@AAU?$TIStackSocket@USFileInfo@libmedia@UModSys@@@75@@Z 00401f20 f i umodsys_lib_libmedia:umodsys.mod.media.stdio.obj
 0001:00000f69       ?get_permissions@RDataArchiver_OsDir@stdio@media@modules@UModSys@@UAEHXZ 00401f69 f i umodsys_lib_libmedia:umodsys.mod.media.stdio.obj
 0001:00000f6d       ??_GRDataArchiver_OsDir@stdio@media@modules@UModSys@@UAEPAXI@Z 00401f6d f i umodsys_lib_libmedia:umodsys.mod.media.stdio.obj
 0001:00000f6d       ??_ERDataArchiver_OsDir@stdio@media@modules@UModSys@@UAEPAXI@Z 00401f6d f i  CIL library: CIL module
 0001:00000fb6       ?get_generated_names@RGenerator@stdio@media@modules@UModSys@@UBEHAAUSUniquePtrList@core@5@@Z 00401fb6 f i umodsys_lib_libmedia:umodsys.mod.media.stdio.obj
 0001:00000fe6       ?get_generated_types@RGenerator@stdio@media@modules@UModSys@@UBEHAAUSUniquePtrList@core@5@PBUSUniquePointerInfo@75@@Z 00401fe6 f i umodsys_lib_libmedia:umodsys.mod.media.stdio.obj
 0001:00001054       ?generate@RGenerator@stdio@media@modules@UModSys@@UAE_NAAU?$TRefObject@UIRefObject@core@UModSys@@U?$TRefObjectFunc@UIRefObject@core@UModSys@@@tl@3@@tl@5@PBUSUniquePointerInfo@core@5@ABUSParameters@95@@Z 00402054 f i umodsys_lib_libmedia:umodsys.mod.media.stdio.obj
 0001:000010ba       ?get_interface_info@RGenerator@stdio@media@modules@UModSys@@UBEABUSUniquePointerInfo@core@5@XZ 004020ba f i umodsys_lib_libmedia:umodsys.mod.media.stdio.obj
 0001:000010c0       ?get_interface_type@RGenerator@stdio@media@modules@UModSys@@UBEPBUSUniquePointerInfo@core@5@XZ 004020c0 f i umodsys_lib_libmedia:umodsys.mod.media.stdio.obj
 0001:000010c6       ?get_interface_types@RDataArchiver_OsDir@stdio@media@modules@UModSys@@UBEIAAUSUniquePtrList@core@5@@Z 004020c6 f i umodsys_lib_libmedia:umodsys.mod.media.stdio.obj
 0001:000010c6       ?get_interface_types@RModule@rsystem@base@UModSys@@UBEIAAUSUniquePtrList@core@4@@Z 004020c6 f i umodsys_lib_basesys:umodsys.basesys.rmodule.obj
 0001:000010c6       ?get_interface_types@RSystem@rsystem@base@UModSys@@UBEIAAUSUniquePtrList@core@4@@Z 004020c6 f i umodsys_lib_basesys:umodsys.basesys.rsystem_main.obj
 0001:000010c6       ?get_interface_types@RModuleLibraryThis@rsystem@base@UModSys@@UBEIAAUSUniquePtrList@core@4@@Z 004020c6 f i umodsys_lib_basesys:umodsys.basesys.rmodulelibthis.obj
 0001:000010c6       ?get_interface_types@RParameters@rsystem@base@UModSys@@UBEIAAUSUniquePtrList@core@4@@Z 004020c6 f i umodsys_lib_basesys:umodsys.basesys.rparameters.obj
 0001:000010c6       ?get_interface_types@RModuleLibrarySO@rsystem@base@UModSys@@UBEIAAUSUniquePtrList@core@4@@Z 004020c6 f i umodsys_lib_basesys:umodsys.basesys.rmodulelibso.obj
 0001:000010c6       ?get_interface_types@RStreamReader_FILE@stdio@media@modules@UModSys@@UBEIAAUSUniquePtrList@core@5@@Z 004020c6 f i umodsys_lib_libmedia:umodsys.mod.media.stdio.obj
 0001:000010c6       ?get_interface_types@RStreamWriter_FILE@stdio@media@modules@UModSys@@UBEIAAUSUniquePtrList@core@5@@Z 004020c6 f i umodsys_lib_libmedia:umodsys.mod.media.stdio.obj
 0001:000010c6       ?get_interface_types@RConsole_std@rsystem@base@UModSys@@UBEIAAUSUniquePtrList@core@4@@Z 004020c6 f i umodsys_lib_basesys:umodsys.basesys.rconsole_std.obj
 0001:000010c6       ?get_interface_types@RGenerator@stdio@media@modules@UModSys@@UBEIAAUSUniquePtrList@core@5@@Z 004020c6 f i umodsys_lib_libmedia:umodsys.mod.media.stdio.obj
 0001:000010cb       ?get_other_interface@RGenerator@stdio@media@modules@UModSys@@UAEPAUIRoot@core@5@PBUSUniquePointerInfo@75@@Z 004020cb f i umodsys_lib_libmedia:umodsys.mod.media.stdio.obj
 0001:000010cb       ?get_other_interface@RGenerator@stdio@media@modules@UModSys@@UBEPBUIRoot@core@5@PBUSUniquePointerInfo@75@@Z 004020cb f i umodsys_lib_libmedia:umodsys.mod.media.stdio.obj
 0001:000010f4       ?get_uid@RGenerator@stdio@media@modules@UModSys@@UBEPBUSUniquePointerInfo@core@5@XZ 004020f4 f i umodsys_lib_libmedia:umodsys.mod.media.stdio.obj
 0001:000010fa       ?do_open@RModuleReg@stdio@media@modules@UModSys@@UAE_NXZ 004020fa f i umodsys_lib_libmedia:umodsys.mod.media.stdio.obj
 0001:00001146       ?do_close@RModuleReg@stdio@media@modules@UModSys@@UAE_NXZ 00402146 f i umodsys_lib_libmedia:umodsys.mod.media.stdio.obj
 0001:00001181       ?get_module@RGenerator@stdio@media@modules@UModSys@@UBEPAUIModule@base@5@XZ 00402181 f   umodsys_lib_libmedia:umodsys.mod.media.stdio.obj
 0001:00001187       ?mod_inc@RGenerator@stdio@media@modules@UModSys@@UBE_NXZ 00402187 f   umodsys_lib_libmedia:umodsys.mod.media.stdio.obj
 0001:00001192       ?mod_dec@RGenerator@stdio@media@modules@UModSys@@UBE_NXZ 00402192 f   umodsys_lib_libmedia:umodsys.mod.media.stdio.obj
 0001:0000119d       ?s_holder@RGenerator@stdio@media@modules@UModSys@@SAAAU?$TTypeStaticHolder@URGenerator@stdio@media@modules@UModSys@@@tl@5@XZ 0040219d f   umodsys_lib_libmedia:umodsys.mod.media.stdio.obj
 0001:000011cf       ?set@?$TString@U?$TSCoreShared@USIMemAlloc@core@UModSys@@D@su@tl@UModSys@@U?$TComparerBinaryHash@D@234@@tl@UModSys@@QAEXPBD@Z 004021cf f i umodsys_lib_libmedia:umodsys.mod.media.stdio.obj
 0001:0000124e       ?info_release@?$TSCoreShared@USIMemAlloc@core@UModSys@@D@su@tl@UModSys@@QAEXXZ 0040224e f i umodsys_lib_libmedia:umodsys.mod.media.stdio.obj
 0001:0000127e       ??0?$TRefObjectLinksModObject@URStreamWriter_FILE@stdio@media@modules@UModSys@@UIModObject@base@5@@tl@UModSys@@QAE@PAUIModObject@base@2@@Z 0040227e f i umodsys_lib_libmedia:umodsys.mod.media.stdio.obj
 0001:0000127e       ??0?$TRefObjectLinksModObject@URStreamReader_FILE@stdio@media@modules@UModSys@@UIModObject@base@5@@tl@UModSys@@QAE@PAUIModObject@base@2@@Z 0040227e f i umodsys_lib_libmedia:umodsys.mod.media.stdio.obj
 0001:000012a6       ??$ValidateConstruction@UIStreamReader@libmedia@UModSys@@URStreamReader_FILE@stdio@media@modules@3@@core@UModSys@@YA_NAAU?$TRefObject@UIStreamReader@libmedia@UModSys@@U?$TRefObjectFunc@UIStreamReader@libmedia@UModSys@@@tl@3@@tl@1@PAURStreamReader_FILE@stdio@media@modules@1@@Z 004022a6 f i umodsys_lib_libmedia:umodsys.mod.media.stdio.obj
 0001:00001300       ??$ValidateConstruction@UIStreamWriter@libmedia@UModSys@@URStreamWriter_FILE@stdio@media@modules@3@@core@UModSys@@YA_NAAU?$TRefObject@UIStreamWriter@libmedia@UModSys@@U?$TRefObjectFunc@UIStreamWriter@libmedia@UModSys@@@tl@3@@tl@1@PAURStreamWriter_FILE@stdio@media@modules@1@@Z 00402300 f i umodsys_lib_libmedia:umodsys.mod.media.stdio.obj
 0001:0000135a       ??$t_gen_param@URStreamReader_FILE@stdio@media@modules@UModSys@@URGenerator@2345@@IGenerator@base@UModSys@@IAE_NPAURGenerator@stdio@media@modules@2@AAU?$TRefObject@UIRefObject@core@UModSys@@U?$TRefObjectFunc@UIRefObject@core@UModSys@@@tl@3@@tl@2@PBUSUniquePointerInfo@core@2@ABUSParameters@core@2@@Z 0040235a f i umodsys_lib_libmedia:umodsys.mod.media.stdio.obj
 0001:000013e5       ??$t_gen_param@URStreamWriter_FILE@stdio@media@modules@UModSys@@URGenerator@2345@@IGenerator@base@UModSys@@IAE_NPAURGenerator@stdio@media@modules@2@AAU?$TRefObject@UIRefObject@core@UModSys@@U?$TRefObjectFunc@UIRefObject@core@UModSys@@@tl@3@@tl@2@PBUSUniquePointerInfo@core@2@ABUSParameters@core@2@@Z 004023e5 f i umodsys_lib_libmedia:umodsys.mod.media.stdio.obj
 0001:00001470       ??$t_gen_param@URDataArchiver_OsDir@stdio@media@modules@UModSys@@URGenerator@2345@@IGenerator@base@UModSys@@IAE_NPAURGenerator@stdio@media@modules@2@AAU?$TRefObject@UIRefObject@core@UModSys@@U?$TRefObjectFunc@UIRefObject@core@UModSys@@@tl@3@@tl@2@PBUSUniquePointerInfo@core@2@ABUSParameters@core@2@@Z 00402470 f i umodsys_lib_libmedia:umodsys.mod.media.stdio.obj
 0001:000014e5       ??1?$TRefObject@UIModObject@base@UModSys@@U?$TModObjectFunc@UIModObject@base@UModSys@@@tl@3@@tl@UModSys@@QAE@XZ 004024e5 f i umodsys_lib_libmedia:umodsys.mod.media.stdio.obj
 0001:000014fb       ??4?$TRefObject@UIRefObject@core@UModSys@@U?$TRefObjectFunc@UIRefObject@core@UModSys@@@tl@3@@tl@UModSys@@QAEABU012@PAUIRefObject@core@2@@Z 004024fb f i umodsys_lib_libmedia:umodsys.mod.media.stdio.obj
 0001:00001516       ??0SVFileName@libmedia@UModSys@@QAE@ABU?$TString@U?$TSCoreConst@D@su@tl@UModSys@@U?$TComparerBinaryHash@D@234@@tl@2@0_N@Z 00402516 f   umodsys_lib_libmedia:umodsys.lib.media.common.obj
 0001:00001571       ?init@SVFileName@libmedia@UModSys@@QAEXPBDH_N@Z 00402571 f   umodsys_lib_libmedia:umodsys.lib.media.common.obj
 0001:0000162c       ??4?$TString@U?$TSCoreConst@D@su@tl@UModSys@@U?$TComparerBinaryHash@D@234@@tl@UModSys@@QAEABU012@PBD@Z 0040262c f i umodsys_lib_libmedia:umodsys.lib.media.common.obj
 0001:0000164d       ??$safe_snprintf@D@syshlp@core@UModSys@@YAIPADIPBDZZ 0040264d f i umodsys_lib_libmedia:umodsys.lib.media.common.obj
 0001:0000166b       ?get_interface_info@RConsole_std@rsystem@base@UModSys@@UBEABUSUniquePointerInfo@core@4@XZ 0040266b f i umodsys_lib_basesys:umodsys.basesys.rconsole_std.obj
 0001:00001671       ?get_interface_type@RConsole_std@rsystem@base@UModSys@@UBEPBUSUniquePointerInfo@core@4@XZ 00402671 f i umodsys_lib_basesys:umodsys.basesys.rconsole_std.obj
 0001:00001677       ?get_other_interface@RConsole_std@rsystem@base@UModSys@@UBEPBUIRoot@core@4@PBUSUniquePointerInfo@64@@Z 00402677 f i umodsys_lib_basesys:umodsys.basesys.rconsole_std.obj
 0001:00001677       ?get_other_interface@RConsole_std@rsystem@base@UModSys@@UAEPAUIRoot@core@4@PBUSUniquePointerInfo@64@@Z 00402677 f i umodsys_lib_basesys:umodsys.basesys.rconsole_std.obj
 0001:00001698       ?ref_add@RConsole_std@rsystem@base@UModSys@@UBEXXZ 00402698 f   umodsys_lib_basesys:umodsys.basesys.rconsole_std.obj
 0001:00001698       ?ref_remove@RConsole_std@rsystem@base@UModSys@@UBEXXZ 00402698 f   umodsys_lib_basesys:umodsys.basesys.rconsole_std.obj
 0001:00001698       ?suicide@RGenerator@stdio@media@modules@UModSys@@UAEXXZ 00402698 f   umodsys_lib_libmedia:umodsys.mod.media.stdio.obj
 0001:00001699       ?vput@RConsole_std@rsystem@base@UModSys@@UAE_NHPBDPAD@Z 00402699 f   umodsys_lib_basesys:umodsys.basesys.rconsole_std.obj
 0001:000016e1       ?put@RConsole_std@rsystem@base@UModSys@@UAA_NHPBDZZ 004026e1 f   umodsys_lib_basesys:umodsys.basesys.rconsole_std.obj
 0001:00001728       ?vget_c@RConsole_std@rsystem@base@UModSys@@UAE_NPAHPBDPAD@Z 00402728 f   umodsys_lib_basesys:umodsys.basesys.rconsole_std.obj
 0001:0000172d       ?vget_s@RConsole_std@rsystem@base@UModSys@@UAE_NPADIPBD0@Z 0040272d f   umodsys_lib_basesys:umodsys.basesys.rconsole_std.obj
 0001:00001732       ?get_c@RConsole_std@rsystem@base@UModSys@@UAA_NPAHPBDZZ 00402732 f   umodsys_lib_basesys:umodsys.basesys.rconsole_std.obj
 0001:00001732       ?get_s@RConsole_std@rsystem@base@UModSys@@UAA_NPADIPBDZZ 00402732 f   umodsys_lib_basesys:umodsys.basesys.rconsole_std.obj
 0001:00001735       ?reflect@RConsole_std@rsystem@base@UModSys@@QAE_NPBD@Z 00402735 f   umodsys_lib_basesys:umodsys.basesys.rconsole_std.obj
 0001:00001775       ??_GRConsole_std@rsystem@base@UModSys@@UAEPAXI@Z 00402775 f i umodsys_lib_basesys:umodsys.basesys.rconsole_std.obj
 0001:00001775       ??_ERConsole_std@rsystem@base@UModSys@@UAEPAXI@Z 00402775 f i  CIL library: CIL module
 0001:0000179f       ??0EExceptionBase@core@UModSys@@QAE@PBUSSourceContext@12@HPBD@Z 0040279f f i umodsys_lib_basesys:umodsys.basesys.rsystem_main.obj
 0001:000017ca       ?decode_error@EExceptionBase@core@UModSys@@UBEHPADI@Z 004027ca f i umodsys_lib_basesys:umodsys.basesys.rsystem_main.obj
 0001:000017f3       ?decode_error@EFatal@core@UModSys@@UBEHPADI@Z 004027f3 f i umodsys_lib_basesys:umodsys.basesys.rsystem_main.obj
 0001:0000181c       ??_EEExceptionBase@core@UModSys@@UAEPAXI@Z 0040281c f i  CIL library: CIL module
 0001:0000181c       ??_GEFatal@core@UModSys@@UAEPAXI@Z 0040281c f i umodsys_lib_basesys:umodsys.basesys.rsystem_main.obj
 0001:0000181c       ??_GEWarning@core@UModSys@@UAEPAXI@Z 0040281c f i umodsys_lib_basesys:umodsys.basesys.rsystem_main.obj
 0001:0000181c       ??_EEFatal@core@UModSys@@UAEPAXI@Z 0040281c f i  CIL library: CIL module
 0001:0000181c       ??_GEExceptionBase@core@UModSys@@UAEPAXI@Z 0040281c f i umodsys_lib_basesys:umodsys.basesys.rsystem_main.obj
 0001:0000181c       ??_EEWarning@core@UModSys@@UAEPAXI@Z 0040281c f i  CIL library: CIL module
 0001:00001839       ??1EFatal@core@UModSys@@UAE@XZ 00402839 f i umodsys_lib_basesys:umodsys.basesys.rsystem_main.obj
 0001:00001839       ??1EWarning@core@UModSys@@UAE@XZ 00402839 f i umodsys_lib_basesys:umodsys.basesys.rsystem_main.obj
 0001:00001840       ?decode_error@EWarning@core@UModSys@@UBEHPADI@Z 00402840 f i umodsys_lib_basesys:umodsys.basesys.rsystem_main.obj
 0001:00001869       ?get_interface_info@RSystem@rsystem@base@UModSys@@UBEABUSUniquePointerInfo@core@4@XZ 00402869 f i umodsys_lib_basesys:umodsys.basesys.rsystem_main.obj
 0001:0000186f       ?get_interface_type@RSystem@rsystem@base@UModSys@@UBEPBUSUniquePointerInfo@core@4@XZ 0040286f f i umodsys_lib_basesys:umodsys.basesys.rsystem_main.obj
 0001:00001875       ?get_other_interface@RSystem@rsystem@base@UModSys@@UBEPBUIRoot@core@4@PBUSUniquePointerInfo@64@@Z 00402875 f i umodsys_lib_basesys:umodsys.basesys.rsystem_main.obj
 0001:00001875       ?get_other_interface@RSystem@rsystem@base@UModSys@@UAEPAUIRoot@core@4@PBUSUniquePointerInfo@64@@Z 00402875 f i umodsys_lib_basesys:umodsys.basesys.rsystem_main.obj
 0001:00001896       ?init@RSystem@rsystem@base@UModSys@@QAE_NXZ 00402896 f   umodsys_lib_basesys:umodsys.basesys.rsystem_main.obj
 0001:00001987       ?deinit@RSystem@rsystem@base@UModSys@@QAE_NXZ 00402987 f   umodsys_lib_basesys:umodsys.basesys.rsystem_main.obj
 0001:00001a41       ?set_console@RSystem@rsystem@base@UModSys@@QAEXPAUIConsole@34@@Z 00402a41 f   umodsys_lib_basesys:umodsys.basesys.rsystem_main.obj
 0001:00001a68       ??0RSystem@rsystem@base@UModSys@@QAE@XZ 00402a68 f   umodsys_lib_basesys:umodsys.basesys.rsystem_main.obj
 0001:00001ba9       ??_GRSystem@rsystem@base@UModSys@@UAEPAXI@Z 00402ba9 f i umodsys_lib_basesys:umodsys.basesys.rsystem_main.obj
 0001:00001ba9       ??_ERSystem@rsystem@base@UModSys@@UAEPAXI@Z 00402ba9 f i  CIL library: CIL module
 0001:00001bc6       ??1RSystem@rsystem@base@UModSys@@UAE@XZ 00402bc6 f   umodsys_lib_basesys:umodsys.basesys.rsystem_main.obj
 0001:00001c5f       ?dbg_put@rsystem@base@UModSys@@YAXW4eRSystemDebugLevels@123@PBDZZ 00402c5f f   umodsys_lib_basesys:umodsys.basesys.rsystem_main.obj
 0001:00001c8b       ?err_put@rsystem@base@UModSys@@YAXW4eRSystemDebugLevels@123@PBDZZ 00402c8b f   umodsys_lib_basesys:umodsys.basesys.rsystem_main.obj
 0001:00001cb7       ??1?$TStaticStringPool@DU?$TComparerBinaryHash@D@su@tl@UModSys@@USMemAlloc_Malloc@core@4@@tl@UModSys@@QAE@XZ 00402cb7 f i umodsys_lib_basesys:umodsys.basesys.rsystem_main.obj
 0001:00001cbc       ??1?$TQuantArrayUnique@USSourceContext@core@UModSys@@$0BAA@USMemAlloc_Malloc@23@@tl@UModSys@@QAE@XZ 00402cbc f i umodsys_lib_basesys:umodsys.basesys.rsystem_main.obj
 0001:00001cbc       ??1?$TQuantArrayUnique@USUniquePointerInfo@core@UModSys@@$0BAA@USMemAlloc_Malloc@23@@tl@UModSys@@QAE@XZ 00402cbc f i umodsys_lib_basesys:umodsys.basesys.rsystem_main.obj
 0001:00001cf2       ??1?$TTreeHoldRBD@U?$TQuantArrayNode@USUniquePointerInfo@core@UModSys@@$0BAA@@tl@UModSys@@U?$TNodeDeleter@U?$TQuantArrayNode@USUniquePointerInfo@core@UModSys@@$0BAA@@tl@UModSys@@USMemAlloc_Malloc@core@3@@23@@tl@UModSys@@QAE@XZ 00402cf2 f i umodsys_lib_basesys:umodsys.basesys.rsystem_main.obj
 0001:00001cf2       ??1?$TTreeHoldRBD@U?$TQuantArrayNode@USSourceContext@core@UModSys@@$0BAA@@tl@UModSys@@U?$TNodeDeleter@U?$TQuantArrayNode@USSourceContext@core@UModSys@@$0BAA@@tl@UModSys@@USMemAlloc_Malloc@core@3@@23@@tl@UModSys@@QAE@XZ 00402cf2 f i umodsys_lib_basesys:umodsys.basesys.rsystem_main.obj
 0001:00001d08       ?mem_alloc@?$TRMemAlloc_CC@U?$TMemAllocHeader@USMagic@mem_headers@rsystem@base@UModSys@@U?$TPool@X@2345@USDebug@2345@UVoid@core@5@U895@@rsystem@base@UModSys@@USMemAlloc_Malloc@core@4@@rsystem@base@UModSys@@UAEPAXIPBUSSourceContext@core@4@@Z 00402d08 f i umodsys_lib_basesys:umodsys.basesys.rsystem_main.obj
 0001:00001d62       ?mem_realloc@?$TRMemAlloc_CC@U?$TMemAllocHeader@USMagic@mem_headers@rsystem@base@UModSys@@U?$TPool@X@2345@USDebug@2345@UVoid@core@5@U895@@rsystem@base@UModSys@@USMemAlloc_Malloc@core@4@@rsystem@base@UModSys@@UAEPAXPAXIPBUSSourceContext@core@4@@Z 00402d62 f i umodsys_lib_basesys:umodsys.basesys.rsystem_main.obj
 0001:00001ee5       ?mem_free@?$TRMemAlloc_CC@U?$TMemAllocHeader@USMagic@mem_headers@rsystem@base@UModSys@@U?$TPool@X@2345@USDebug@2345@UVoid@core@5@U895@@rsystem@base@UModSys@@USMemAlloc_Malloc@core@4@@rsystem@base@UModSys@@UAEXPAXPBUSSourceContext@core@4@@Z 00402ee5 f i umodsys_lib_basesys:umodsys.basesys.rsystem_main.obj
 0001:00001f7f       ?free@?$TStaticStringPool@DU?$TComparerBinaryHash@D@su@tl@UModSys@@USMemAlloc_Malloc@core@4@@tl@UModSys@@QAEXXZ 00402f7f f i umodsys_lib_basesys:umodsys.basesys.rsystem_main.obj
 0001:00001fba       ?next_node@?$TTreeHoldRB@U?$TQuantArrayNode@USUniquePointerInfo@core@UModSys@@$0BAA@@tl@UModSys@@@tl@UModSys@@SAPAU?$TQuantArrayNode@USUniquePointerInfo@core@UModSys@@$0BAA@@23@PAU423@@Z 00402fba f i umodsys_lib_basesys:umodsys.basesys.rsystem_main.obj
 0001:00001fba       ?next_node@?$TTreeHoldRB@U?$TQuantArrayNode@USSourceContext@core@UModSys@@$0BAA@@tl@UModSys@@@tl@UModSys@@SAPAU?$TQuantArrayNode@USSourceContext@core@UModSys@@$0BAA@@23@PAU423@@Z 00402fba f i umodsys_lib_basesys:umodsys.basesys.rsystem.obj
 0001:00001fdf       ??$valid@U?$TRMemAlloc_CC@U?$TMemAllocHeader@USMagic@mem_headers@rsystem@base@UModSys@@U?$TPool@X@2345@USDebug@2345@UVoid@core@5@U895@@rsystem@base@UModSys@@USMemAlloc_Malloc@core@4@@rsystem@base@UModSys@@@?$TMemAllocHeader@USMagic@mem_headers@rsystem@base@UModSys@@U?$TPool@X@2345@USDebug@2345@UVoid@core@5@U895@@rsystem@base@UModSys@@QBE_NPBU?$TRMemAlloc_CC@U?$TMemAllocHeader@USMagic@mem_headers@rsystem@base@UModSys@@U?$TPool@X@2345@USDebug@2345@UVoid@core@5@U895@@rsystem@base@UModSys@@USMemAlloc_Malloc@core@4@@123@@Z 00402fdf f i umodsys_lib_basesys:umodsys.basesys.rsystem_main.obj
 0001:00002006       ??$process@UEFatal@core@UModSys@@@IExceptionHandler@core@UModSys@@QAEXABUEFatal@12@@Z 00403006 f i umodsys_lib_basesys:umodsys.basesys.rsystem_main.obj
 0001:00002038       ??$process_nodes_r@U?$TNodeDeleter@U?$TQuantArrayNode@USUniquePointerInfo@core@UModSys@@$0BAA@@tl@UModSys@@USMemAlloc_Malloc@core@3@@tl@UModSys@@@?$TTreeHoldRB@U?$TQuantArrayNode@USUniquePointerInfo@core@UModSys@@$0BAA@@tl@UModSys@@@tl@UModSys@@KAHPAU?$TQuantArrayNode@USUniquePointerInfo@core@UModSys@@$0BAA@@12@ABU?$TNodeDeleter@U?$TQuantArrayNode@USUniquePointerInfo@core@UModSys@@$0BAA@@tl@UModSys@@USMemAlloc_Malloc@core@3@@12@@Z 00403038 f i umodsys_lib_basesys:umodsys.basesys.rsystem_main.obj
 0001:00002038       ??$process_nodes_r@U?$TNodeDeleter@U?$TQuantArrayNode@USSourceContext@core@UModSys@@$0BAA@@tl@UModSys@@USMemAlloc_Malloc@core@3@@tl@UModSys@@@?$TTreeHoldRB@U?$TQuantArrayNode@USSourceContext@core@UModSys@@$0BAA@@tl@UModSys@@@tl@UModSys@@KAHPAU?$TQuantArrayNode@USSourceContext@core@UModSys@@$0BAA@@12@ABU?$TNodeDeleter@U?$TQuantArrayNode@USSourceContext@core@UModSys@@$0BAA@@tl@UModSys@@USMemAlloc_Malloc@core@3@@12@@Z 00403038 f i umodsys_lib_basesys:umodsys.basesys.rsystem_main.obj
 0001:0000207a       ??0EFatal@core@UModSys@@QAE@ABU012@@Z 0040307a f i umodsys_lib_basesys:umodsys.basesys.rsystem_main.obj
 0001:00002092       ??0EExceptionBase@core@UModSys@@QAE@ABU012@@Z 00403092 f i umodsys_lib_basesys:umodsys.basesys.rsystem_main.obj
 0001:000020ba       ??0EWarning@core@UModSys@@QAE@ABU012@@Z 004030ba f i umodsys_lib_basesys:umodsys.basesys.rsystem_main.obj
 0001:000020d2       ?exec_test_shells@RSystem@rsystem@base@UModSys@@QAE_NXZ 004030d2 f   umodsys_lib_basesys:umodsys.basesys.rsystem_tests.obj
 0001:00002248       ??1?$TParametersA@$0EAA@@core@UModSys@@QAE@XZ 00403248 f i umodsys_lib_basesys:umodsys.basesys.rsystem_tests.obj
 0001:00002255       ??$t_moduledb_generate@UIShell@base@UModSys@@@IModuleLoader@base@UModSys@@QAE_NAAU?$TRefObject@UIShell@base@UModSys@@U?$TRefObjectFunc@UIShell@base@UModSys@@@tl@3@@tl@2@PBUSUniquePointerInfo@core@2@ABUSParameters@62@@Z 00403255 f i umodsys_lib_basesys:umodsys.basesys.rsystem_tests.obj
 0001:000022e7       ??1?$TRefObject@URStreamWriter_FILE@stdio@media@modules@UModSys@@U?$TRefObjectFunc@URStreamWriter_FILE@stdio@media@modules@UModSys@@@tl@5@@tl@UModSys@@QAE@XZ 004032e7 f i umodsys_lib_libmedia:umodsys.mod.media.stdio.obj
 0001:000022e7       ??1?$TRefObject@URStreamReader_FILE@stdio@media@modules@UModSys@@U?$TRefObjectFunc@URStreamReader_FILE@stdio@media@modules@UModSys@@@tl@5@@tl@UModSys@@QAE@XZ 004032e7 f i umodsys_lib_libmedia:umodsys.mod.media.stdio.obj
 0001:000022e7       ??1?$TRefObject@UIModuleLibraryUni@rsystem@base@UModSys@@U?$TRefObjectFunc@UIModuleLibraryUni@rsystem@base@UModSys@@@tl@4@@tl@UModSys@@QAE@XZ 004032e7 f i umodsys_lib_basesys:umodsys.basesys.rmodule.obj
 0001:000022e7       ??1?$TRefObject@UIShell@base@UModSys@@U?$TRefObjectFunc@UIShell@base@UModSys@@@tl@3@@tl@UModSys@@QAE@XZ 004032e7 f i umodsys_lib_basesys:umodsys.basesys.rsystem_tests.obj
 0001:000022e7       ??1?$TRefObject@URModuleLibrarySO@rsystem@base@UModSys@@U?$TRefObjectFunc@URModuleLibrarySO@rsystem@base@UModSys@@@tl@4@@tl@UModSys@@QAE@XZ 004032e7 f i umodsys_lib_basesys:umodsys.basesys.rmoduleloader.obj
 0001:000022e7       ??1?$TRefObject@UIStreamWriter@libmedia@UModSys@@U?$TRefObjectFunc@UIStreamWriter@libmedia@UModSys@@@tl@3@@tl@UModSys@@QAE@XZ 004032e7 f i umodsys_lib_libmedia:umodsys.mod.media.stdio.obj
 0001:000022e7       ??1?$TRefObject@UIRefObject@core@UModSys@@U?$TRefObjectFunc@UIRefObject@core@UModSys@@@tl@3@@tl@UModSys@@QAE@XZ 004032e7 f i umodsys_lib_basesys:umodsys.basesys.rsystem_tests.obj
 0001:000022e7       ??1?$TRefObject@URParameters@rsystem@base@UModSys@@U?$TRefObjectFunc@URParameters@rsystem@base@UModSys@@@tl@4@@tl@UModSys@@QAE@XZ 004032e7 f i umodsys_lib_basesys:umodsys.basesys.rsystem_main.obj
 0001:000022e7       ??1?$TRefObject@URDataArchiver_OsDir@stdio@media@modules@UModSys@@U?$TRefObjectFunc@URDataArchiver_OsDir@stdio@media@modules@UModSys@@@tl@5@@tl@UModSys@@QAE@XZ 004032e7 f i umodsys_lib_libmedia:umodsys.mod.media.stdio.obj
 0001:000022e7       ??1?$TRefObject@UIStreamReader@libmedia@UModSys@@U?$TRefObjectFunc@UIStreamReader@libmedia@UModSys@@@tl@3@@tl@UModSys@@QAE@XZ 004032e7 f i umodsys_lib_libmedia:umodsys.mod.media.stdio.obj
 0001:000022f6       ?eq@SModuleInfo@base@UModSys@@QBE_NABU?$TString@U?$TSCoreConst@D@su@tl@UModSys@@U?$TComparerBinaryHash@D@234@@tl@3@ABUSVersion@core@3@@Z 004032f6 f i umodsys_lib_basesys:umodsys.basesys.rmoduleloader.obj
 0001:0000231b       ?moduledb_findobjname@RModuleLoader@rsystem@base@UModSys@@UAEIPBUSUniquePointerInfo@core@4@QAPBU564@IPBD@Z 0040331b f   umodsys_lib_basesys:umodsys.basesys.rmoduleloader.obj
 0001:00002388       ?moduledb_generate@RModuleLoader@rsystem@base@UModSys@@UAE_NAAU?$TRefObject@UIRefObject@core@UModSys@@U?$TRefObjectFunc@UIRefObject@core@UModSys@@@tl@3@@tl@4@PBUSUniquePointerInfo@core@4@ABUSParameters@84@@Z 00403388 f   umodsys_lib_basesys:umodsys.basesys.rmoduleloader.obj
 0001:000023dd       ?moduledb_lib_count@RModuleLoader@rsystem@base@UModSys@@UAEIXZ 004033dd f   umodsys_lib_basesys:umodsys.basesys.rmoduleloader.obj
 0001:000023e2       ?moduledb_lib_get@RModuleLoader@rsystem@base@UModSys@@UBEPAUIModuleLibrary@34@I@Z 004033e2 f   umodsys_lib_basesys:umodsys.basesys.rmoduleloader.obj
 0001:00002402       ?moduledb_load@RModuleLoader@rsystem@base@UModSys@@UAE_NABU?$TString@U?$TSCoreConst@D@su@tl@UModSys@@U?$TComparerBinaryHash@D@234@@tl@4@@Z 00403402 f   umodsys_lib_basesys:umodsys.basesys.rmoduleloader.obj
 0001:00002402       ?moduledb_lib_drop@RModuleLoader@rsystem@base@UModSys@@UAE_NPAUIModuleLibrary@34@@Z 00403402 f   umodsys_lib_basesys:umodsys.basesys.rmoduleloader.obj
 0001:00002402       ?ref_weak@RConsole_std@rsystem@base@UModSys@@UBE_NAAUWeakPointer@IRefObject@core@4@@Z 00403402 f   umodsys_lib_basesys:umodsys.basesys.rconsole_std.obj
 0001:00002407       ?moduledb_module_count@RModuleLoader@rsystem@base@UModSys@@UAEIXZ 00403407 f   umodsys_lib_basesys:umodsys.basesys.rmoduleloader.obj
 0001:00002429       ?moduledb_module_get@RModuleLoader@rsystem@base@UModSys@@UBEPAUIModule@34@I@Z 00403429 f   umodsys_lib_basesys:umodsys.basesys.rmoduleloader.obj
 0001:00002477       ?moduledb_find@RModuleLoader@rsystem@base@UModSys@@UBEPAUIModule@34@ABU?$TString@U?$TSCoreConst@D@su@tl@UModSys@@U?$TComparerBinaryHash@D@234@@tl@4@ABUSVersion@core@4@@Z 00403477 f   umodsys_lib_basesys:umodsys.basesys.rmoduleloader.obj
 0001:0000252e       ?moduledb_clear@RModuleLoader@rsystem@base@UModSys@@UAEXXZ 0040352e f   umodsys_lib_basesys:umodsys.basesys.rmoduleloader.obj
 0001:0000257d       ?moduledb_cleanup@RModuleLoader@rsystem@base@UModSys@@UAEIXZ 0040357d f   umodsys_lib_basesys:umodsys.basesys.rmoduleloader.obj
 0001:0000267d       ?moduledb_save@RModuleLoader@rsystem@base@UModSys@@UAE_NABU?$TString@U?$TSCoreConst@D@su@tl@UModSys@@U?$TComparerBinaryHash@D@234@@tl@4@@Z 0040367d f   umodsys_lib_basesys:umodsys.basesys.rmoduleloader.obj
 0001:000026fd       ?moduledb_scan@RModuleLoader@rsystem@base@UModSys@@UAEIABU?$TString@U?$TSCoreConst@D@su@tl@UModSys@@U?$TComparerBinaryHash@D@234@@tl@4@_N@Z 004036fd f   umodsys_lib_basesys:umodsys.basesys.rmoduleloader.obj
 0001:0000278b       ?moduledb_get_string@RModuleLoader@rsystem@base@UModSys@@UAEABU?$TString@U?$TSCoreConst@D@su@tl@UModSys@@U?$TComparerBinaryHash@D@234@@tl@4@ABU564@@Z 0040378b f   umodsys_lib_basesys:umodsys.basesys.rmoduleloader.obj
 0001:0000279d       ??_GRModuleLoader@rsystem@base@UModSys@@UAEPAXI@Z 0040379d f i umodsys_lib_basesys:umodsys.basesys.rmoduleloader.obj
 0001:0000279d       ??_ERModuleLoader@rsystem@base@UModSys@@UAEPAXI@Z 0040379d f i  CIL library: CIL module
 0001:000027ba       ??_EIModuleLoader@base@UModSys@@UAEPAXI@Z 004037ba f i  CIL library: CIL module
 0001:000027ba       ??_GIModuleLoader@base@UModSys@@UAEPAXI@Z 004037ba f i umodsys_lib_basesys:umodsys.basesys.rmoduleloader.obj
 0001:000027d7       ??1RModuleLoader@rsystem@base@UModSys@@UAE@XZ 004037d7 f   umodsys_lib_basesys:umodsys.basesys.rmoduleloader.obj
 0001:0000283d       ?append@?$TStaticStringPool@DU?$TComparerBinaryHash@D@su@tl@UModSys@@USMemAlloc_Malloc@core@4@@tl@UModSys@@QAEPBU?$TString@U?$TSCoreConst@D@su@tl@UModSys@@U?$TComparerBinaryHash@D@234@@23@PBD@Z 0040383d f i umodsys_lib_basesys:umodsys.basesys.rmoduleloader.obj
 0001:0000286d       ??1?$TDynarrayDynamic@U?$TRefObject@URModuleLibrarySO@rsystem@base@UModSys@@U?$TRefObjectFunc@URModuleLibrarySO@rsystem@base@UModSys@@@tl@4@@tl@UModSys@@U?$TAllocator@USMemAlloc_Malloc@core@UModSys@@USCountCalcPower2@23@@23@@tl@UModSys@@QAE@XZ 0040386d f i umodsys_lib_basesys:umodsys.basesys.rmoduleloader.obj
 0001:0000288b       ?Free@?$TDynarray@U?$TDynarrayHolderDynamic@U?$TRefObject@URModuleLibrarySO@rsystem@base@UModSys@@U?$TRefObjectFunc@URModuleLibrarySO@rsystem@base@UModSys@@@tl@4@@tl@UModSys@@U?$TAllocator@USMemAlloc_Malloc@core@UModSys@@USCountCalcPower2@23@@23@@tl@UModSys@@@tl@UModSys@@QAE_NXZ 0040388b f i umodsys_lib_basesys:umodsys.basesys.rmoduleloader.obj
 0001:000028b3       ?Resize@?$TDynarray@U?$TDynarrayHolderDynamic@U?$TRefObject@URModuleLibrarySO@rsystem@base@UModSys@@U?$TRefObjectFunc@URModuleLibrarySO@rsystem@base@UModSys@@@tl@4@@tl@UModSys@@U?$TAllocator@USMemAlloc_Malloc@core@UModSys@@USCountCalcPower2@23@@23@@tl@UModSys@@@tl@UModSys@@QAE_NI@Z 004038b3 f i umodsys_lib_basesys:umodsys.basesys.rmoduleloader.obj
 0001:0000290d       ??$?8U?$TSCoreConst@D@su@tl@UModSys@@U?$TComparerBinaryHash@D@123@@?$TString@U?$TSCoreConst@D@su@tl@UModSys@@U?$TComparerBinaryHash@D@234@@tl@UModSys@@QBE_NABU012@@Z 0040390d f i umodsys_lib_basesys:umodsys.basesys.rmoduleloader.obj
 0001:00002948       ?append@?$TStaticStringPool@DU?$TComparerBinaryHash@D@su@tl@UModSys@@USMemAlloc_Malloc@core@4@@tl@UModSys@@QAEPBU?$TString@U?$TSCoreConst@D@su@tl@UModSys@@U?$TComparerBinaryHash@D@234@@23@PBDI@Z 00403948 f i umodsys_lib_basesys:umodsys.basesys.rmoduleloader.obj
 0001:00002a7a       ?ReLink@?$TDynarray@U?$TDynarrayHolderDynamic@U?$TRefObject@URModule@rsystem@base@UModSys@@U?$TRefObjectFunc@URModule@rsystem@base@UModSys@@@tl@4@@tl@UModSys@@U?$TAllocator@USMemAlloc_Malloc@core@UModSys@@USCountCalcPower2@23@@23@@tl@UModSys@@@tl@UModSys@@IAE_NI@Z 00403a7a f i umodsys_lib_basesys:umodsys.basesys.rmodulelib.obj
 0001:00002a7a       ?ReLink@?$TDynarray@U?$TDynarrayHolderDynamic@U?$TRefObject@URModuleLibrarySO@rsystem@base@UModSys@@U?$TRefObjectFunc@URModuleLibrarySO@rsystem@base@UModSys@@@tl@4@@tl@UModSys@@U?$TAllocator@USMemAlloc_Malloc@core@UModSys@@USCountCalcPower2@23@@23@@tl@UModSys@@@tl@UModSys@@IAE_NI@Z 00403a7a f i umodsys_lib_basesys:umodsys.basesys.rmoduleloader.obj
 0001:00002ab6       ?items_destruct@?$TDynarray@U?$TDynarrayHolderDynamic@U?$TRefObject@URModuleLibrarySO@rsystem@base@UModSys@@U?$TRefObjectFunc@URModuleLibrarySO@rsystem@base@UModSys@@@tl@4@@tl@UModSys@@U?$TAllocator@USMemAlloc_Malloc@core@UModSys@@USCountCalcPower2@23@@23@@tl@UModSys@@@tl@UModSys@@IAEXII@Z 00403ab6 f i umodsys_lib_basesys:umodsys.basesys.rmoduleloader.obj
 0001:00002ae1       ?append@CharChunk@?$TStaticStringPool@DU?$TComparerBinaryHash@D@su@tl@UModSys@@USMemAlloc_Malloc@core@4@@tl@UModSys@@QAEPADPBDI@Z 00403ae1 f i umodsys_lib_basesys:umodsys.basesys.rmoduleloader.obj
 0001:00002b0a       ?find_s@?$TStaticStringPool@DU?$TComparerBinaryHash@D@su@tl@UModSys@@USMemAlloc_Malloc@core@4@@tl@UModSys@@QBEPBU?$TString@U?$TSCoreConst@D@su@tl@UModSys@@U?$TComparerBinaryHash@D@234@@23@ABU423@@Z 00403b0a f i umodsys_lib_basesys:umodsys.basesys.rmoduleloader.obj
 0001:00002b5e       ?get_interface_info@RModuleLibraryThis@rsystem@base@UModSys@@UBEABUSUniquePointerInfo@core@4@XZ 00403b5e f i umodsys_lib_basesys:umodsys.basesys.rmodulelibthis.obj
 0001:00002b64       ?get_interface_type@RModuleLibraryThis@rsystem@base@UModSys@@UBEPBUSUniquePointerInfo@core@4@XZ 00403b64 f i umodsys_lib_basesys:umodsys.basesys.rmodulelibthis.obj
 0001:00002b6a       ?get_other_interface@RModuleLibraryThis@rsystem@base@UModSys@@UAEPAUIRoot@core@4@PBUSUniquePointerInfo@64@@Z 00403b6a f i umodsys_lib_basesys:umodsys.basesys.rmodulelibthis.obj
 0001:00002b6a       ?get_other_interface@RModuleLibraryThis@rsystem@base@UModSys@@UBEPBUIRoot@core@4@PBUSUniquePointerInfo@64@@Z 00403b6a f i umodsys_lib_basesys:umodsys.basesys.rmodulelibthis.obj
 0001:00002b93       ?ref_add@RModuleLibraryThis@rsystem@base@UModSys@@UBEXXZ 00403b93 f i umodsys_lib_basesys:umodsys.basesys.rmodulelibthis.obj
 0001:00002b97       ?ref_remove@RModuleLibraryThis@rsystem@base@UModSys@@UBEXXZ 00403b97 f i umodsys_lib_basesys:umodsys.basesys.rmodulelibthis.obj
 0001:00002ba2       ?ref_links@RModuleLibraryThis@rsystem@base@UModSys@@UBEHXZ 00403ba2 f i umodsys_lib_basesys:umodsys.basesys.rmodulelibthis.obj
 0001:00002ba6       ?ref_weak@RModuleLibraryThis@rsystem@base@UModSys@@UBE_NAAUWeakPointer@IRefObject@core@4@@Z 00403ba6 f i umodsys_lib_basesys:umodsys.basesys.rmodulelibthis.obj
 0001:00002bc5       ?uni_load@RModuleLibraryThis@rsystem@base@UModSys@@UAE_NXZ 00403bc5 f   umodsys_lib_basesys:umodsys.basesys.rmodulelibthis.obj
 0001:00002bcf       ?uni_close@RModuleLibraryThis@rsystem@base@UModSys@@UAE_NXZ 00403bcf f   umodsys_lib_basesys:umodsys.basesys.rmodulelibthis.obj
 0001:00002bcf       ?uni_unload@RModuleLibraryThis@rsystem@base@UModSys@@UAE_NXZ 00403bcf f   umodsys_lib_basesys:umodsys.basesys.rmodulelibthis.obj
 0001:00002bcf       ?uni_open@RModuleLibraryThis@rsystem@base@UModSys@@UAE_NXZ 00403bcf f   umodsys_lib_basesys:umodsys.basesys.rmodulelibthis.obj
 0001:00002bd2       ??_ERModuleLibraryThis@rsystem@base@UModSys@@UAEPAXI@Z 00403bd2 f i  CIL library: CIL module
 0001:00002bd2       ??_GRModuleLibraryThis@rsystem@base@UModSys@@UAEPAXI@Z 00403bd2 f i umodsys_lib_basesys:umodsys.basesys.rmodulelibthis.obj
 0001:00002c19       ?get_sys_libname@IModuleLibraryUni@rsystem@base@UModSys@@UBE?AU?$TString@U?$TSCoreConst@D@su@tl@UModSys@@U?$TComparerBinaryHash@D@234@@tl@4@XZ 00403c19 f   umodsys_lib_basesys:umodsys.basesys.rmodulelib.obj
 0001:00002c31       ?get_privmem@IModuleLibraryUni@rsystem@base@UModSys@@UBEPAUIMemAlloc@core@4@XZ 00403c31 f   umodsys_lib_basesys:umodsys.basesys.rmodulelib.obj
 0001:00002c35       ?ref_links@RStreamReader_FILE@stdio@media@modules@UModSys@@UBEHXZ 00403c35 f   umodsys_lib_libmedia:umodsys.mod.media.stdio.obj
 0001:00002c35       ?ref_links@RGenerator@stdio@media@modules@UModSys@@UBEHXZ 00403c35 f   umodsys_lib_libmedia:umodsys.mod.media.stdio.obj
 0001:00002c35       ?get_system@IModuleLibraryUni@rsystem@base@UModSys@@UBEPAUISystem@34@XZ 00403c35 f   umodsys_lib_basesys:umodsys.basesys.rmodulelib.obj
 0001:00002c35       ?ref_links@RStreamWriter_FILE@stdio@media@modules@UModSys@@UBEHXZ 00403c35 f   umodsys_lib_libmedia:umodsys.mod.media.stdio.obj
 0001:00002c35       ?ref_links@RDataArchiver_OsDir@stdio@media@modules@UModSys@@UBEHXZ 00403c35 f   umodsys_lib_libmedia:umodsys.mod.media.stdio.obj
 0001:00002c39       ?get_module_count@IModuleLibraryUni@rsystem@base@UModSys@@UBEIXZ 00403c39 f   umodsys_lib_basesys:umodsys.basesys.rmodulelib.obj
 0001:00002c3d       ?get_module@IModuleLibraryUni@rsystem@base@UModSys@@UBEPAUIModule@34@I@Z 00403c3d f   umodsys_lib_basesys:umodsys.basesys.rmodulelib.obj
 0001:00002c53       ?lib_loaded@IModuleLibraryUni@rsystem@base@UModSys@@UBE_NXZ 00403c53 f   umodsys_lib_basesys:umodsys.basesys.rmodulelib.obj
 0001:00002c5c       ?lib_load@IModuleLibraryUni@rsystem@base@UModSys@@UAE_NXZ 00403c5c f   umodsys_lib_basesys:umodsys.basesys.rmodulelib.obj
 0001:00002c79       ?lib_unload@IModuleLibraryUni@rsystem@base@UModSys@@UAE_NXZ 00403c79 f   umodsys_lib_basesys:umodsys.basesys.rmodulelib.obj
 0001:00002c8d       ?lib_free@IModuleLibraryUni@rsystem@base@UModSys@@UAE_NXZ 00403c8d f   umodsys_lib_basesys:umodsys.basesys.rmodulelib.obj
 0001:00002ca6       ?lib_findobjname@IModuleLibraryUni@rsystem@base@UModSys@@UAEIPBUSUniquePointerInfo@core@4@QAPBU564@IPBD@Z 00403ca6 f   umodsys_lib_basesys:umodsys.basesys.rmodulelib.obj
 0001:00002cff       ?lib_generate@IModuleLibraryUni@rsystem@base@UModSys@@UAE_NAAU?$TRefObject@UIRefObject@core@UModSys@@U?$TRefObjectFunc@UIRefObject@core@UModSys@@@tl@3@@tl@4@PBUSUniquePointerInfo@core@4@ABUSParameters@84@@Z 00403cff f   umodsys_lib_basesys:umodsys.basesys.rmodulelib.obj
 0001:00002d3a       ?cleanup@IModuleLibraryUni@rsystem@base@UModSys@@QAEIXZ 00403d3a f   umodsys_lib_basesys:umodsys.basesys.rmodulelib.obj
 0001:00002d66       ?load0@IModuleLibraryUni@rsystem@base@UModSys@@QAE_NXZ 00403d66 f   umodsys_lib_basesys:umodsys.basesys.rmodulelib.obj
 0001:00002dab       ?link@IModuleLibraryUni@rsystem@base@UModSys@@QAE_NXZ 00403dab f   umodsys_lib_basesys:umodsys.basesys.rmodulelib.obj
 0001:00002f2d       ?unlink@IModuleLibraryUni@rsystem@base@UModSys@@QAE_NXZ 00403f2d f   umodsys_lib_basesys:umodsys.basesys.rmodulelib.obj
 0001:00002f60       ?scan@IModuleLibraryUni@rsystem@base@UModSys@@QAE_NXZ 00403f60 f   umodsys_lib_basesys:umodsys.basesys.rmodulelib.obj
 0001:00002fac       ?save_db@IModuleLibraryUni@rsystem@base@UModSys@@QAE_NPAU_iobuf@@@Z 00403fac f   umodsys_lib_basesys:umodsys.basesys.rmodulelib.obj
 0001:0000300e       ??0IModuleLibraryUni@rsystem@base@UModSys@@QAE@PAUISystem@23@PAUIModuleLibraryReg@23@@Z 0040400e f   umodsys_lib_basesys:umodsys.basesys.rmodulelib.obj
 0001:00003052       ??_GIModuleLibraryUni@rsystem@base@UModSys@@UAEPAXI@Z 00404052 f i umodsys_lib_basesys:umodsys.basesys.rmodulelib.obj
 0001:00003052       ??_EIModuleLibraryUni@rsystem@base@UModSys@@UAEPAXI@Z 00404052 f i  CIL library: CIL module
 0001:0000306e       ??1IModuleLibraryUni@rsystem@base@UModSys@@UAE@XZ 0040406e f   umodsys_lib_basesys:umodsys.basesys.rmodulelib.obj
 0001:00003094       ??1?$TDynarray@U?$TDynarrayHolderDynamic@U?$TRefObject@URModule@rsystem@base@UModSys@@U?$TRefObjectFunc@URModule@rsystem@base@UModSys@@@tl@4@@tl@UModSys@@U?$TAllocator@USMemAlloc_Malloc@core@UModSys@@USCountCalcPower2@23@@23@@tl@UModSys@@@tl@UModSys@@QAE@XZ 00404094 f i umodsys_lib_basesys:umodsys.basesys.rmodulelib.obj
 0001:000030cc       ?ResizeRel@?$TDynarray@U?$TDynarrayHolderDynamic@U?$TRefObject@URModule@rsystem@base@UModSys@@U?$TRefObjectFunc@URModule@rsystem@base@UModSys@@@tl@4@@tl@UModSys@@U?$TAllocator@USMemAlloc_Malloc@core@UModSys@@USCountCalcPower2@23@@23@@tl@UModSys@@@tl@UModSys@@QAE_NH@Z 004040cc f i umodsys_lib_basesys:umodsys.basesys.rmodulelib.obj
 0001:0000314c       ?info_release@?$TSCoreShared@USMemAlloc_Malloc@core@UModSys@@D@su@tl@UModSys@@QAEXXZ 0040414c f i umodsys_lib_basesys:umodsys.basesys.rmodulelib.obj
 0001:00003176       ?check_leaks@?$TRMemAlloc_CC@U?$TMemAllocHeader@USMagic@mem_headers@rsystem@base@UModSys@@U?$TPool@X@2345@USDebug@2345@UVoid@core@5@U895@@rsystem@base@UModSys@@USMemAlloc_Malloc@core@4@@rsystem@base@UModSys@@QAEI_NPAUIExceptionHandler@core@4@@Z 00404176 f i umodsys_lib_basesys:umodsys.basesys.rmodulelib.obj
 0001:000031e6       ?scalar_compare@core@UModSys@@YAHABUSUniquePointerInfo@12@0@Z 004041e6 f i umodsys_lib_basesys:umodsys.basesys.rsystem.obj
 0001:00003229       ?upi_add@RSystem@rsystem@base@UModSys@@UAEPBUSUniquePointerInfo@core@4@PBU564@@Z 00404229 f   umodsys_lib_basesys:umodsys.basesys.rsystem.obj
 0001:000032ba       ?upi_remove@RSystem@rsystem@base@UModSys@@UAEHPBUSUniquePointerInfo@core@4@@Z 004042ba f   umodsys_lib_basesys:umodsys.basesys.rsystem.obj
 0001:000032c0       ?persist_ctx@RSystem@rsystem@base@UModSys@@UAEPBUSSourceContext@core@4@PBU564@@Z 004042c0 f   umodsys_lib_basesys:umodsys.basesys.rsystem.obj
 0001:00003351       ?get_params@RSystem@rsystem@base@UModSys@@UAEPAUIParameters@core@4@XZ 00404351 f   umodsys_lib_basesys:umodsys.basesys.rsystem.obj
 0001:00003355       ?get_console@RSystem@rsystem@base@UModSys@@UAEPAUIConsole@34@XZ 00404355 f   umodsys_lib_basesys:umodsys.basesys.rsystem.obj
 0001:00003355       ?ref_links@RParameters@rsystem@base@UModSys@@UBEHXZ 00404355 f   umodsys_lib_basesys:umodsys.basesys.rparameters.obj
 0001:00003359       ?get_sysmem@RSystem@rsystem@base@UModSys@@UAEPAUIMemAlloc@core@4@XZ 00404359 f   umodsys_lib_basesys:umodsys.basesys.rsystem.obj
 0001:00003360       ?get_sharemem@RSystem@rsystem@base@UModSys@@UAEPAUIMemAlloc@core@4@XZ 00404360 f   umodsys_lib_basesys:umodsys.basesys.rsystem.obj
 0001:00003367       ?get_modloader@RSystem@rsystem@base@UModSys@@UAEPAUIModuleLoader@34@XZ 00404367 f   umodsys_lib_basesys:umodsys.basesys.rsystem.obj
 0001:0000336b       ?get_upr@RSystem@rsystem@base@UModSys@@UAEPAUIUniquePointerResolver@core@4@XZ 0040436b f   umodsys_lib_basesys:umodsys.basesys.rsystem.obj
 0001:00003376       ?get_sca@RSystem@rsystem@base@UModSys@@UAEPAUISourceContextAdapter@core@4@XZ 00404376 f   umodsys_lib_basesys:umodsys.basesys.rsystem.obj
 0001:00003381       ?find@?$TQuantArrayUnique@USUniquePointerInfo@core@UModSys@@$0BAA@USMemAlloc_Malloc@23@@tl@UModSys@@QAEPBUSUniquePointerInfo@core@3@ABU453@@Z 00404381 f i umodsys_lib_basesys:umodsys.basesys.rsystem.obj
 0001:000033df       ?add@?$TQuantArrayUnique@USSourceContext@core@UModSys@@$0BAA@USMemAlloc_Malloc@23@@tl@UModSys@@QAEPAUSSourceContext@core@3@ABU453@@Z 004043df f i umodsys_lib_basesys:umodsys.basesys.rsystem.obj
 0001:000033df       ?add@?$TQuantArrayUnique@USUniquePointerInfo@core@UModSys@@$0BAA@USMemAlloc_Malloc@23@@tl@UModSys@@QAEPAUSUniquePointerInfo@core@3@ABU453@@Z 004043df f i umodsys_lib_basesys:umodsys.basesys.rsystem.obj
 0001:000034ef       ?find@?$TQuantArrayUnique@USSourceContext@core@UModSys@@$0BAA@USMemAlloc_Malloc@23@@tl@UModSys@@QAEPBUSSourceContext@core@3@ABU453@@Z 004044ef f i umodsys_lib_basesys:umodsys.basesys.rsystem.obj
 0001:0000358e       ?insert_color@?$TTreeHoldRB@U?$TQuantArrayNode@USUniquePointerInfo@core@UModSys@@$0BAA@@tl@UModSys@@@tl@UModSys@@IAEXPAU?$TQuantArrayNode@USUniquePointerInfo@core@UModSys@@$0BAA@@23@@Z 0040458e f i umodsys_lib_basesys:umodsys.basesys.rsystem.obj
 0001:0000358e       ?insert_color@?$TTreeHoldRB@U?$TQuantArrayNode@USSourceContext@core@UModSys@@$0BAA@@tl@UModSys@@@tl@UModSys@@IAEXPAU?$TQuantArrayNode@USSourceContext@core@UModSys@@$0BAA@@23@@Z 0040458e f i umodsys_lib_basesys:umodsys.basesys.rsystem.obj
 0001:0000363c       ?rotate_left@?$TTreeHoldRB@U?$TQuantArrayNode@USSourceContext@core@UModSys@@$0BAA@@tl@UModSys@@@tl@UModSys@@IAEXPAU?$TQuantArrayNode@USSourceContext@core@UModSys@@$0BAA@@23@@Z 0040463c f i umodsys_lib_basesys:umodsys.basesys.rsystem.obj
 0001:0000363c       ?rotate_left@?$TTreeHoldRB@U?$TQuantArrayNode@USUniquePointerInfo@core@UModSys@@$0BAA@@tl@UModSys@@@tl@UModSys@@IAEXPAU?$TQuantArrayNode@USUniquePointerInfo@core@UModSys@@$0BAA@@23@@Z 0040463c f i umodsys_lib_basesys:umodsys.basesys.rsystem.obj
 0001:0000367b       ?rotate_right@?$TTreeHoldRB@U?$TQuantArrayNode@USUniquePointerInfo@core@UModSys@@$0BAA@@tl@UModSys@@@tl@UModSys@@IAEXPAU?$TQuantArrayNode@USUniquePointerInfo@core@UModSys@@$0BAA@@23@@Z 0040467b f i umodsys_lib_basesys:umodsys.basesys.rsystem.obj
 0001:0000367b       ?rotate_right@?$TTreeHoldRB@U?$TQuantArrayNode@USSourceContext@core@UModSys@@$0BAA@@tl@UModSys@@@tl@UModSys@@IAEXPAU?$TQuantArrayNode@USSourceContext@core@UModSys@@$0BAA@@23@@Z 0040467b f i umodsys_lib_basesys:umodsys.basesys.rsystem.obj
 0001:000036ba       ?get_interface_info@RParameters@rsystem@base@UModSys@@UBEABUSUniquePointerInfo@core@4@XZ 004046ba f i umodsys_lib_basesys:umodsys.basesys.rparameters.obj
 0001:000036c0       ?get_interface_type@RParameters@rsystem@base@UModSys@@UBEPBUSUniquePointerInfo@core@4@XZ 004046c0 f i umodsys_lib_basesys:umodsys.basesys.rparameters.obj
 0001:000036c6       ?get_other_interface@RParameters@rsystem@base@UModSys@@UAEPAUIRoot@core@4@PBUSUniquePointerInfo@64@@Z 004046c6 f i umodsys_lib_basesys:umodsys.basesys.rparameters.obj
 0001:000036c6       ?get_other_interface@RParameters@rsystem@base@UModSys@@UBEPBUIRoot@core@4@PBUSUniquePointerInfo@64@@Z 004046c6 f i umodsys_lib_basesys:umodsys.basesys.rparameters.obj
 0001:000036e7       ?ref_add@RParameters@rsystem@base@UModSys@@UBEXXZ 004046e7 f i umodsys_lib_basesys:umodsys.basesys.rparameters.obj
 0001:000036eb       ?ref_remove@RParameters@rsystem@base@UModSys@@UBEXXZ 004046eb f i umodsys_lib_basesys:umodsys.basesys.rparameters.obj
 0001:000036f6       ?ref_weak@RParameters@rsystem@base@UModSys@@UBE_NAAUWeakPointer@IRefObject@core@4@@Z 004046f6 f i umodsys_lib_basesys:umodsys.basesys.rparameters.obj
 0001:00003715       ?suicide@IRoot@core@UModSys@@UAEXXZ 00404715 f i umodsys_lib_core:umodsys.core.objects.obj
 0001:00003715       ?suicide@RParameters@rsystem@base@UModSys@@UAEXXZ 00404715 f i umodsys_lib_basesys:umodsys.basesys.rparameters.obj
 0001:00003715       ?suicide@RModuleLibrarySO@rsystem@base@UModSys@@UAEXXZ 00404715 f i umodsys_lib_basesys:umodsys.basesys.rmodulelibso.obj
 0001:00003715       ?suicide@RModuleLibraryThis@rsystem@base@UModSys@@UAEXXZ 00404715 f i umodsys_lib_basesys:umodsys.basesys.rmodulelibthis.obj
 0001:00003720       ?find_elem@RParameters@rsystem@base@UModSys@@IAEPBUElem@1234@PBXHHHPBD@Z 00404720 f   umodsys_lib_basesys:umodsys.basesys.rparameters.obj
 0001:00003799       ?estimate_size@RParameters@rsystem@base@UModSys@@IAEHAAUElem@1234@HPBDHH@Z 00404799 f   umodsys_lib_basesys:umodsys.basesys.rparameters.obj
 0001:000037fe       ?free_elems@RParameters@rsystem@base@UModSys@@IAEXPAXH@Z 004047fe f   umodsys_lib_basesys:umodsys.basesys.rparameters.obj
 0001:00003856       ?alloc_elems@RParameters@rsystem@base@UModSys@@IAEXPAXH@Z 00404856 f   umodsys_lib_basesys:umodsys.basesys.rparameters.obj
 0001:000038a7       ?add_last@RParameters@rsystem@base@UModSys@@IAE_NPAUSParametersData@core@4@PBDPBXH@Z 004048a7 f   umodsys_lib_basesys:umodsys.basesys.rparameters.obj
 0001:00003a6f       ?p_deinit@RParameters@rsystem@base@UModSys@@UAEXPAUSParametersData@core@4@@Z 00404a6f f   umodsys_lib_basesys:umodsys.basesys.rparameters.obj
 0001:00003ac4       ?p_init@RParameters@rsystem@base@UModSys@@UAEXPAUSParametersData@core@4@H@Z 00404ac4 f   umodsys_lib_basesys:umodsys.basesys.rparameters.obj
 0001:00003b08       ?p_init@RParameters@rsystem@base@UModSys@@UAEXPAUSParametersData@core@4@ABU564@@Z 00404b08 f   umodsys_lib_basesys:umodsys.basesys.rparameters.obj
 0001:00003b8f       ?p_copy@RParameters@rsystem@base@UModSys@@UAEXPAUSParametersData@core@4@ABU564@@Z 00404b8f f   umodsys_lib_basesys:umodsys.basesys.rparameters.obj
 0001:00003c81       ?p_init_s@RParameters@rsystem@base@UModSys@@UAEXPAUSParametersData@core@4@PAXH@Z 00404c81 f   umodsys_lib_basesys:umodsys.basesys.rparameters.obj
 0001:00003cab       ?p_init_s@RParameters@rsystem@base@UModSys@@UAEXPAUSParametersData@core@4@ABU564@PAXH@Z 00404cab f   umodsys_lib_basesys:umodsys.basesys.rparameters.obj
 0001:00003d14       ?next@RParameters@rsystem@base@UModSys@@UAE_NPBUSParametersData@core@4@AAPBD@Z 00404d14 f   umodsys_lib_basesys:umodsys.basesys.rparameters.obj
 0001:00003db7       ?next@RParameters@rsystem@base@UModSys@@UAE_NPBUSParametersData@core@4@AAU?$TString@U?$TSCoreConst@D@su@tl@UModSys@@U?$TComparerBinaryHash@D@234@@tl@4@@Z 00404db7 f   umodsys_lib_basesys:umodsys.basesys.rparameters.obj
 0001:00003e58       ?add@RParameters@rsystem@base@UModSys@@UAE_NPAUSParametersData@core@4@PBD1@Z 00404e58 f   umodsys_lib_basesys:umodsys.basesys.rparameters.obj
 0001:00003e6e       ?add@RParameters@rsystem@base@UModSys@@UAE_NPAUSParametersData@core@4@PBDH@Z 00404e6e f   umodsys_lib_basesys:umodsys.basesys.rparameters.obj
 0001:00003e85       ?add@RParameters@rsystem@base@UModSys@@UAE_NPAUSParametersData@core@4@PBDABN@Z 00404e85 f   umodsys_lib_basesys:umodsys.basesys.rparameters.obj
 0001:00003e9b       ?add@RParameters@rsystem@base@UModSys@@UAE_NPAUSParametersData@core@4@PBDPAUIRefObject@64@@Z 00404e9b f   umodsys_lib_basesys:umodsys.basesys.rparameters.obj
 0001:00003eb2       ?get@RParameters@rsystem@base@UModSys@@UAE_NPBUSParametersData@core@4@PBDAAPBD@Z 00404eb2 f   umodsys_lib_basesys:umodsys.basesys.rparameters.obj
 0001:00003f06       ?get@RParameters@rsystem@base@UModSys@@UAE_NPBUSParametersData@core@4@PBDAAH@Z 00404f06 f   umodsys_lib_basesys:umodsys.basesys.rparameters.obj
 0001:00003f5a       ?get@RParameters@rsystem@base@UModSys@@UAE_NPBUSParametersData@core@4@PBDAAN@Z 00404f5a f   umodsys_lib_basesys:umodsys.basesys.rparameters.obj
 0001:00003fae       ?get@RParameters@rsystem@base@UModSys@@UAE_NPBUSParametersData@core@4@PBDAAPAUIRefObject@64@@Z 00404fae f   umodsys_lib_basesys:umodsys.basesys.rparameters.obj
 0001:00004002       ??_ERParameters@rsystem@base@UModSys@@UAEPAXI@Z 00405002 f i  CIL library: CIL module
 0001:00004002       ??_ERGenerator@stdio@media@modules@UModSys@@UAEPAXI@Z 00405002 f i  CIL library: CIL module
 0001:00004002       ??_EIRoot@core@UModSys@@UAEPAXI@Z 00405002 f i  CIL library: CIL module
 0001:00004002       ??_GRGenerator@stdio@media@modules@UModSys@@UAEPAXI@Z 00405002 f i umodsys_lib_libmedia:umodsys.mod.media.stdio.obj
 0001:00004002       ??_GIRoot@core@UModSys@@UAEPAXI@Z 00405002 f i umodsys_lib_libmedia:umodsys.mod.media.stdio.obj
 0001:00004002       ??_GRParameters@rsystem@base@UModSys@@UAEPAXI@Z 00405002 f i umodsys_lib_basesys:umodsys.basesys.rparameters.obj
 0001:0000401f       ??$shash@D@su@tl@UModSys@@YAHPBD@Z 0040501f f i umodsys_lib_basesys:umodsys.basesys.rparameters.obj
 0001:0000403b       ??$t_alloc@UIMemAlloc@core@UModSys@@@SMemChunk@core@UModSys@@QAE_NAAUIMemAlloc@12@IPBUSSourceContext@12@@Z 0040503b f i umodsys_lib_basesys:umodsys.basesys.rparameters.obj
 0001:000040fc       ?pfd_load@RModuleLibrarySO@rsystem@base@UModSys@@SAPAUIModuleLibraryReg@34@PAUPFD_Data@1234@ABU?$TString@U?$TSCoreConst@D@su@tl@UModSys@@U?$TComparerBinaryHash@D@234@@tl@4@@Z 004050fc f   umodsys_lib_basesys:umodsys.basesys.rmodule.win32.obj
 0001:000041b6       ?pfd_unload@RModuleLibrarySO@rsystem@base@UModSys@@SA_NPAUPFD_Data@1234@@Z 004051b6 f   umodsys_lib_basesys:umodsys.basesys.rmodule.win32.obj
 0001:0000440f       ??0?$U16String@$0BAAA@@syshlp@core@UModSys@@QAE@PBD@Z 0040540f f i umodsys_lib_basesys:umodsys.basesys.rmodule.win32.obj
 0001:00004440       ?get_interface_info@RModule@rsystem@base@UModSys@@UBEABUSUniquePointerInfo@core@4@XZ 00405440 f i umodsys_lib_basesys:umodsys.basesys.rmodule.obj
 0001:00004446       ?get_interface_type@RModule@rsystem@base@UModSys@@UBEPBUSUniquePointerInfo@core@4@XZ 00405446 f i umodsys_lib_basesys:umodsys.basesys.rmodule.obj
 0001:0000444c       ?get_other_interface@RModule@rsystem@base@UModSys@@UAEPAUIRoot@core@4@PBUSUniquePointerInfo@64@@Z 0040544c f i umodsys_lib_basesys:umodsys.basesys.rmodule.obj
 0001:0000444c       ?get_other_interface@RModule@rsystem@base@UModSys@@UBEPBUIRoot@core@4@PBUSUniquePointerInfo@64@@Z 0040544c f i umodsys_lib_basesys:umodsys.basesys.rmodule.obj
 0001:0000446d       ?ref_add@RModule@rsystem@base@UModSys@@UBEXXZ 0040546d f i umodsys_lib_basesys:umodsys.basesys.rmodule.obj
 0001:00004471       ?ref_remove@RModule@rsystem@base@UModSys@@UBEXXZ 00405471 f i umodsys_lib_basesys:umodsys.basesys.rmodule.obj
 0001:0000447c       ?ref_links@RModule@rsystem@base@UModSys@@UBEHXZ 0040547c f i umodsys_lib_basesys:umodsys.basesys.rmodule.obj
 0001:00004480       ?ref_weak@RModule@rsystem@base@UModSys@@UBE_NAAUWeakPointer@IRefObject@core@4@@Z 00405480 f i umodsys_lib_basesys:umodsys.basesys.rmodule.obj
 0001:0000449f       ?suicide@RModule@rsystem@base@UModSys@@UAEXXZ 0040549f f i umodsys_lib_basesys:umodsys.basesys.rmodule.obj
 0001:000044df       ?get_library@RModule@rsystem@base@UModSys@@UBEPAUIModuleLibrary@34@XZ 004054df f   umodsys_lib_basesys:umodsys.basesys.rmodule.obj
 0001:000044e3       ?get_info@RModule@rsystem@base@UModSys@@UBEABUSModuleInfo@34@XZ 004054e3 f   umodsys_lib_basesys:umodsys.basesys.rmodule.obj
 0001:000044e7       ?is_open@RModule@rsystem@base@UModSys@@UBE_NXZ 004054e7 f   umodsys_lib_basesys:umodsys.basesys.rmodule.obj
 0001:00004500       ?open@RModule@rsystem@base@UModSys@@UAE_NXZ 00405500 f   umodsys_lib_basesys:umodsys.basesys.rmodule.obj
 0001:00004550       ?close@RModule@rsystem@base@UModSys@@UAE_NXZ 00405550 f   umodsys_lib_basesys:umodsys.basesys.rmodule.obj
 0001:0000458d       ?reg@RModule@rsystem@base@UModSys@@UAE_NPAUIModObject@34@_N@Z 0040558d f   umodsys_lib_basesys:umodsys.basesys.rmodule.obj
 0001:000045b7       ?reg@RModule@rsystem@base@UModSys@@UAE_NPAUIGenerator@34@_N@Z 004055b7 f   umodsys_lib_basesys:umodsys.basesys.rmodule.obj
 0001:000045f9       ?mod_findobjname@RModule@rsystem@base@UModSys@@UAEIPBUSUniquePointerInfo@core@4@QAPBU564@IPBD@Z 004055f9 f   umodsys_lib_basesys:umodsys.basesys.rmodule.obj
 0001:000046eb       ?mod_generate@RModule@rsystem@base@UModSys@@UAE_NAAU?$TRefObject@UIRefObject@core@UModSys@@U?$TRefObjectFunc@UIRefObject@core@UModSys@@@tl@3@@tl@4@PBUSUniquePointerInfo@core@4@ABUSParameters@84@@Z 004056eb f   umodsys_lib_basesys:umodsys.basesys.rmodule.obj
 0001:000047dd       ?reg_generator@RModule@rsystem@base@UModSys@@QAE_NPAUModuleObjInfo@1234@PAUIGenerator@34@@Z 004057dd f   umodsys_lib_basesys:umodsys.basesys.rmodule.obj
 0001:00004941       ?reg_obj@RModule@rsystem@base@UModSys@@QAEPAUModuleObjInfo@1234@PAUIModObject@34@@Z 00405941 f   umodsys_lib_basesys:umodsys.basesys.rmodule.obj
 0001:00004a35       ?unreg_obj@RModule@rsystem@base@UModSys@@QAE_NPAUIModObject@34@@Z 00405a35 f   umodsys_lib_basesys:umodsys.basesys.rmodule.obj
 0001:00004ac7       ?alloc_minfo@RModule@rsystem@base@UModSys@@QAE_NABUSModuleInfo@34@@Z 00405ac7 f   umodsys_lib_basesys:umodsys.basesys.rmodule.obj
 0001:00004b3a       ?save_db@RModule@rsystem@base@UModSys@@QAE_NPAU_iobuf@@@Z 00405b3a f   umodsys_lib_basesys:umodsys.basesys.rmodule.obj
 0001:00004cbb       ??0RModule@rsystem@base@UModSys@@QAE@PAUIModuleLibraryUni@123@PAUIModuleReg@23@@Z 00405cbb f   umodsys_lib_basesys:umodsys.basesys.rmodule.obj
 0001:00004d63       ??_ERModule@rsystem@base@UModSys@@UAEPAXI@Z 00405d63 f i  CIL library: CIL module
 0001:00004d63       ??_GRModule@rsystem@base@UModSys@@UAEPAXI@Z 00405d63 f i umodsys_lib_basesys:umodsys.basesys.rmodule.obj
 0001:00004dad       ??1?$TDynarrayDynamic@UModuleObjInfo@RModule@rsystem@base@UModSys@@U?$TAllocator@USMemAlloc_Malloc@core@UModSys@@USCountCalcPower2@23@@tl@5@@tl@UModSys@@QAE@XZ 00405dad f i umodsys_lib_basesys:umodsys.basesys.rmodule.obj
 0001:00004db2       ??1?$TDynarrayDynamic@UGeneratedObjInfo@RModule@rsystem@base@UModSys@@U?$TAllocator@USMemAlloc_Malloc@core@UModSys@@USCountCalcPower2@23@@tl@5@@tl@UModSys@@QAE@XZ 00405db2 f i umodsys_lib_basesys:umodsys.basesys.rmodule.obj
 0001:00004db7       ??1?$TDynarrayDynamic@PBUSUniquePointerInfo@core@UModSys@@U?$TAllocator@USMemAlloc_Malloc@core@UModSys@@USCountCalcPower2@23@@tl@3@@tl@UModSys@@QAE@XZ 00405db7 f i umodsys_lib_basesys:umodsys.basesys.rmodule.obj
 0001:00004dbc       ??1?$TDynarray@U?$TDynarrayHolderDynamic@UModuleObjInfo@RModule@rsystem@base@UModSys@@U?$TAllocator@USMemAlloc_Malloc@core@UModSys@@USCountCalcPower2@23@@tl@5@@tl@UModSys@@@tl@UModSys@@QAE@XZ 00405dbc f i umodsys_lib_basesys:umodsys.basesys.rmodule.obj
 0001:00004dfa       ??1?$TDynarray@U?$TDynarrayHolderDynamic@UGeneratedObjInfo@RModule@rsystem@base@UModSys@@U?$TAllocator@USMemAlloc_Malloc@core@UModSys@@USCountCalcPower2@23@@tl@5@@tl@UModSys@@@tl@UModSys@@QAE@XZ 00405dfa f i umodsys_lib_basesys:umodsys.basesys.rmodule.obj
 0001:00004e35       ??1?$TDynarray@U?$TDynarrayHolderDynamic@PBUSUniquePointerInfo@core@UModSys@@U?$TAllocator@USMemAlloc_Malloc@core@UModSys@@USCountCalcPower2@23@@tl@3@@tl@UModSys@@@tl@UModSys@@QAE@XZ 00405e35 f i umodsys_lib_basesys:umodsys.basesys.rmodule.obj
 0001:00004e70       ?ResizeRel@?$TDynarray@U?$TDynarrayHolderDynamic@UModuleObjInfo@RModule@rsystem@base@UModSys@@U?$TAllocator@USMemAlloc_Malloc@core@UModSys@@USCountCalcPower2@23@@tl@5@@tl@UModSys@@@tl@UModSys@@QAE_NH@Z 00405e70 f i umodsys_lib_basesys:umodsys.basesys.rmodule.obj
 0001:00004ef2       ?ResizeRel@?$TDynarray@U?$TDynarrayHolderDynamic@UGeneratedObjInfo@RModule@rsystem@base@UModSys@@U?$TAllocator@USMemAlloc_Malloc@core@UModSys@@USCountCalcPower2@23@@tl@5@@tl@UModSys@@@tl@UModSys@@QAE_NH@Z 00405ef2 f i umodsys_lib_basesys:umodsys.basesys.rmodule.obj
 0001:00004f75       ?ResizeRel@?$TDynarray@U?$TDynarrayHolderDynamic@PBUSUniquePointerInfo@core@UModSys@@U?$TAllocator@USMemAlloc_Malloc@core@UModSys@@USCountCalcPower2@23@@tl@3@@tl@UModSys@@@tl@UModSys@@QAE_NH@Z 00405f75 f i umodsys_lib_basesys:umodsys.basesys.rmodule.obj
 0001:00004fd2       ??$wildcmp@D@su@tl@UModSys@@YA_NPBD0@Z 00405fd2 f i umodsys_lib_basesys:umodsys.basesys.rmodule.obj
 0001:0000504a       ?get_interface_info@RModuleLibrarySO@rsystem@base@UModSys@@UBEABUSUniquePointerInfo@core@4@XZ 0040604a f i umodsys_lib_basesys:umodsys.basesys.rmodulelibso.obj
 0001:00005050       ?get_interface_type@RModuleLibrarySO@rsystem@base@UModSys@@UBEPBUSUniquePointerInfo@core@4@XZ 00406050 f i umodsys_lib_basesys:umodsys.basesys.rmodulelibso.obj
 0001:00005056       ?get_other_interface@RModuleLibrarySO@rsystem@base@UModSys@@UBEPBUIRoot@core@4@PBUSUniquePointerInfo@64@@Z 00406056 f i umodsys_lib_basesys:umodsys.basesys.rmodulelibso.obj
 0001:00005056       ?get_other_interface@RModuleLibrarySO@rsystem@base@UModSys@@UAEPAUIRoot@core@4@PBUSUniquePointerInfo@64@@Z 00406056 f i umodsys_lib_basesys:umodsys.basesys.rmodulelibso.obj
 0001:0000507f       ?ref_add@RModuleLibrarySO@rsystem@base@UModSys@@UBEXXZ 0040607f f i umodsys_lib_basesys:umodsys.basesys.rmodulelibso.obj
 0001:00005086       ?ref_remove@RModuleLibrarySO@rsystem@base@UModSys@@UBEXXZ 00406086 f i umodsys_lib_basesys:umodsys.basesys.rmodulelibso.obj
 0001:00005094       ?ref_links@RModuleLibrarySO@rsystem@base@UModSys@@UBEHXZ 00406094 f i umodsys_lib_basesys:umodsys.basesys.rmodulelibso.obj
 0001:0000509b       ?ref_weak@RModuleLibrarySO@rsystem@base@UModSys@@UBE_NAAUWeakPointer@IRefObject@core@4@@Z 0040609b f i umodsys_lib_basesys:umodsys.basesys.rmodulelibso.obj
 0001:000050bd       ?uni_load@RModuleLibrarySO@rsystem@base@UModSys@@UAE_NXZ 004060bd f   umodsys_lib_basesys:umodsys.basesys.rmodulelibso.obj
 0001:000050f1       ?uni_unload@RModuleLibrarySO@rsystem@base@UModSys@@UAE_NXZ 004060f1 f   umodsys_lib_basesys:umodsys.basesys.rmodulelibso.obj
 0001:000050fc       ?uni_open@RModuleLibrarySO@rsystem@base@UModSys@@UAE_NXZ 004060fc f   umodsys_lib_basesys:umodsys.basesys.rmodulelibso.obj
 0001:0000511e       ?uni_close@RModuleLibrarySO@rsystem@base@UModSys@@UAE_NXZ 0040611e f   umodsys_lib_basesys:umodsys.basesys.rmodulelibso.obj
 0001:0000512e       ?s_add@RModuleLibrarySO@rsystem@base@UModSys@@SA_NPAUISystem@34@AAU?$TDynarrayDynamic@U?$TRefObject@URModuleLibrarySO@rsystem@base@UModSys@@U?$TRefObjectFunc@URModuleLibrarySO@rsystem@base@UModSys@@@tl@4@@tl@UModSys@@U?$TAllocator@USMemAlloc_Malloc@core@UModSys@@USCountCalcPower2@23@@23@@tl@4@PBD@Z 0040612e f   umodsys_lib_basesys:umodsys.basesys.rmodulelibso.obj
 0001:000052aa       ??_ERModuleLibrarySO@rsystem@base@UModSys@@UAEPAXI@Z 004062aa f i  CIL library: CIL module
 0001:000052aa       ??_GRModuleLibrarySO@rsystem@base@UModSys@@UAEPAXI@Z 004062aa f i umodsys_lib_basesys:umodsys.basesys.rmodulelibso.obj
 0001:000052f9       ?set@?$TString@U?$TSCoreShared@USMemAlloc_Malloc@core@UModSys@@D@su@tl@UModSys@@U?$TComparerBinaryHash@D@234@@tl@UModSys@@QAEXPBD@Z 004062f9 f i umodsys_lib_basesys:umodsys.basesys.rmodulelibso.obj
 0001:00005370       ?Link@SModuleContext@base@UModSys@@QAEXPAUISystem@23@PAUIMemAlloc@core@3@@Z 00406370 f   umodsys_lib_base:umodsys.base.modulecontext.obj
 0001:000053bc       ?s_get@SModuleRegChain@base@UModSys@@SAPAUIModuleReg@23@I@Z 004063bc f   umodsys_lib_base:umodsys.base.moduleregchain.obj
 0001:000053e0       ?mlr_count@RModuleLibraryReg_Chain@base@UModSys@@UBEIXZ 004063e0 f   umodsys_lib_base:umodsys.base.moduleregchain.obj
 0001:000053f3       ?mlr_get@RModuleLibraryReg_Chain@base@UModSys@@UBEPAUIModuleReg@23@I@Z 004063f3 f   umodsys_lib_base:umodsys.base.moduleregchain.obj
 0001:00005400       ?mlr_open@RModuleLibraryReg_Chain@base@UModSys@@UAE_NPAUISystem@23@PAUIMemAlloc@core@3@@Z 00406400 f   umodsys_lib_base:umodsys.base.moduleregchain.obj
 0001:00005428       ?mlr_close@RModuleLibraryReg_Chain@base@UModSys@@UAE_NXZ 00406428 f   umodsys_lib_base:umodsys.base.moduleregchain.obj
 0001:0000545a       ?mlr_isopen@RModuleLibraryReg_Chain@base@UModSys@@UBE_NXZ 0040645a f   umodsys_lib_base:umodsys.base.moduleregchain.obj
 0001:00005466       ??_GIModuleLibraryReg@base@UModSys@@UAEPAXI@Z 00406466 f i umodsys_lib_base:umodsys.base.modulereg.obj
 0001:00005466       ??_GRModuleLibraryReg_Chain@base@UModSys@@UAEPAXI@Z 00406466 f i umodsys_lib_base:umodsys.base.moduleregchain.obj
 0001:00005466       ??_ERModuleLibraryReg_Chain@base@UModSys@@UAEPAXI@Z 00406466 f i  CIL library: CIL module
 0001:00005466       ??_EIModuleLibraryReg@base@UModSys@@UAEPAXI@Z 00406466 f i  CIL library: CIL module
 0001:00005483       _UModSys_Plugin_Entry2@0   00406483 f   umodsys_lib_base:umodsys.so_main.win32.obj
 0001:00005489       ??_EIModuleReg@base@UModSys@@UAEPAXI@Z 00406489 f i  CIL library: CIL module
 0001:00005489       ??_GIModuleReg@base@UModSys@@UAEPAXI@Z 00406489 f i umodsys_lib_base:umodsys.base.modulereg.obj
 0001:00005489       ??_GRModuleReg@stdio@media@modules@UModSys@@UAEPAXI@Z 00406489 f i umodsys_lib_libmedia:umodsys.mod.media.stdio.obj
 0001:00005489       ??_ERModuleReg@stdio@media@modules@UModSys@@UAEPAXI@Z 00406489 f i  CIL library: CIL module
 0001:000054a6       ?mr_isopen@IModuleReg@base@UModSys@@UBE_NXZ 004064a6 f   umodsys_lib_base:umodsys.base.modulereg.obj
 0001:000054af       ?mr_open@IModuleReg@base@UModSys@@UAE_NXZ 004064af f   umodsys_lib_base:umodsys.base.modulereg.obj
 0001:000054ca       ?mr_close@IModuleReg@base@UModSys@@UAE_NXZ 004064ca f   umodsys_lib_base:umodsys.base.modulereg.obj
 0001:000054d7       ??1IModuleLoader@base@UModSys@@UAE@XZ 004064d7 f   umodsys_lib_base:umodsys.base.moduleloader.obj
 0001:000054de       ??0SUniquePointer@core@UModSys@@QAE@PBD0H@Z 004064de f   umodsys_lib_core:umodsys.core.uniqueptr.obj
 0001:00005521       ??1SUniquePointer@core@UModSys@@QAE@XZ 00406521 f   umodsys_lib_core:umodsys.core.uniqueptr.obj
 0001:00005521       ??1SModuleRegChain@base@UModSys@@QAE@XZ 00406521 f   umodsys_lib_base:umodsys.base.moduleregchain.obj
 0001:0000553f       ?s_resolve@SUniquePointer@core@UModSys@@SAXPAUIUniquePointerResolver@23@@Z 0040653f f   umodsys_lib_core:umodsys.core.uniqueptr.obj
 0001:0000557c       ?s_unresolve@SUniquePointer@core@UModSys@@SAXPAUIUniquePointerResolver@23@@Z 0040657c f   umodsys_lib_core:umodsys.core.uniqueptr.obj
 0001:000055a7       ?u_fopen@syshlp@core@UModSys@@YAPAU_iobuf@@PBD0@Z 004065a7 f   umodsys_lib_core:umodsys.core.syshlp_files.win32.obj
 0001:00005615       ?u_fopentemp@syshlp@core@UModSys@@YAPAU_iobuf@@AAPADPBD@Z 00406615 f   umodsys_lib_core:umodsys.core.syshlp_files.win32.obj
 0001:0000569f       ?u_fendtemp@syshlp@core@UModSys@@YA_NAAPAU_iobuf@@AAPAD_N@Z 0040669f f   umodsys_lib_core:umodsys.core.syshlp_files.win32.obj
 0001:00005736       ??3IRoot@core@UModSys@@SAXPAX@Z 00406736 f   umodsys_lib_core:umodsys.core.objects.obj
 0001:0000574f       ?Set@?$TSet@U?$TArray@PBUSUniquePointerInfo@core@UModSys@@@tl@UModSys@@U?$TScalarCompare@PBUSUniquePointerInfo@core@UModSys@@@core@3@@tl@UModSys@@QAE_NABQBUSUniquePointerInfo@core@3@@Z 0040674f f i umodsys_lib_core:umodsys.core.uniqueptrlist.obj
 0001:000057bf       ?gracial_cpy@syshlp@core@UModSys@@YA_NPADHQAPBDH@Z 004067bf f   umodsys_lib_core:umodsys.core.syshlp_chars.win32.obj
 0001:00005842       ?gracial_cpy@syshlp@core@UModSys@@YA_NPA_WHQAPB_WH@Z 00406842 f   umodsys_lib_core:umodsys.core.syshlp_chars.win32.obj
 0001:000058d2       ?path_uni_os@syshlp@core@UModSys@@YAXPA_W@Z 004068d2 f   umodsys_lib_core:umodsys.core.syshlp_chars.win32.obj
 0001:000058e9       ?gracial_convert@syshlp@core@UModSys@@YA_NPA_WHPBDH@Z 004068e9 f   umodsys_lib_core:umodsys.core.syshlp_charcode.win32.obj
 0001:00005916       ?gracial_convert@syshlp@core@UModSys@@YA_NPADHPB_WH@Z 00406916 f   umodsys_lib_core:umodsys.core.syshlp_charcode.win32.obj
 0001:00005946       __onexit                   00406946 f   MSVCRT:atonexit.obj
 0001:000059eb       _atexit                    004069eb f   MSVCRT:atonexit.obj
 0001:00005ca4       _mainCRTStartup            00406ca4 f   MSVCRT:crtexe.obj
 0001:00005cae       __purecall                 00406cae f   MSVCRT:MSVCR90.dll
 0001:00005cb4       ??3@YAXPAX@Z               00406cb4 f   MSVCRT:MSVCR90.dll
 0001:00005cba       ??_Etype_info@@UAEPAXI@Z   00406cba f i MSVCRT:ti_inst.obj
 0001:00005d06       __unlock                   00406d06 f   MSVCRT:MSVCR90.dll
 0001:00005d0c       ___dllonexit               00406d0c f   MSVCRT:MSVCR90.dll
 0001:00005d12       __lock                     00406d12 f   MSVCRT:MSVCR90.dll
 0001:00005d18       __SEH_prolog4              00406d18 f   MSVCRT:sehprolg4.obj
 0001:00005d5d       __SEH_epilog4              00406d5d f   MSVCRT:sehprolg4.obj
 0001:00005d71       __except_handler4          00406d71 f   MSVCRT:chandler4gs.obj
 0001:00005d96       ?__CxxUnhandledExceptionFilter@@YGJPAU_EXCEPTION_POINTERS@@@Z 00406d96 f   MSVCRT:unhandld.obj
 0001:00005dd8       ___CxxSetUnhandledExceptionFilter 00406dd8 f   MSVCRT:unhandld.obj
 0001:00005de6       __amsg_exit                00406de6 f   MSVCRT:MSVCR90.dll
 0001:00005dec       __RTC_Initialize           00406dec f   MSVCRT:_initsect_.obj
 0001:00005e12       __RTC_Terminate            00406e12 f   MSVCRT:_initsect_.obj
 0001:00005e38       __XcptFilter               00406e38 f   MSVCRT:MSVCR90.dll
 0001:00005e40       __ValidateImageBase        00406e40 f   MSVCRT:pesect.obj
 0001:00005e80       __FindPESection            00406e80 f   MSVCRT:pesect.obj
 0001:00005ed0       __IsNonwritableInCurrentImage 00406ed0 f   MSVCRT:pesect.obj
 0001:00005f8e       __initterm                 00406f8e f   MSVCRT:MSVCR90.dll
 0001:00005f94       __initterm_e               00406f94 f   MSVCRT:MSVCR90.dll
[...]
 0001:000063bc       __ehhandler$?archive_load_data@libmedia@UModSys@@YA_NAAUIDataArchive@12@ABU?$TString@U?$TSCoreConst@D@su@tl@UModSys@@U?$TComparerBinaryHash@D@234@@tl@2@AAUSCMemShared@core@2@ABUSFlags@12@@Z 004073bc f    CIL library: CIL module
 0001:000063c6       __unwindfunclet$??_GRDataArchiver_OsDir@stdio@media@modules@UModSys@@UAEPAXI@Z$0 004073c6 f    CIL library: CIL module
 0001:000063c6       __unwindfunclet$??_GRStreamWriter_FILE@stdio@media@modules@UModSys@@UAEPAXI@Z$0 004073c6 f    CIL library: CIL module
 0001:000063ce       __ehhandler$??_GRDataArchiver_OsDir@stdio@media@modules@UModSys@@UAEPAXI@Z 004073ce f    CIL library: CIL module
 0001:000063ce       __ehhandler$??_GRStreamWriter_FILE@stdio@media@modules@UModSys@@UAEPAXI@Z 004073ce f    CIL library: CIL module
 0001:000063d8       __unwindfunclet$?save_writer@RDataArchiver_OsDir@stdio@media@modules@UModSys@@UAE?AU?$TRefObject@UIStreamWriter@libmedia@UModSys@@U?$TRefObjectFunc@UIStreamWriter@libmedia@UModSys@@@tl@3@@tl@5@ABU?$TString@U?$TSCoreConst@D@su@tl@UModSys@@U?$TComparerBinaryHash@D@234@@75@ABUSFlags@libmedia@5@@Z$1 004073d8 f    CIL library: CIL module
 0001:000063e0       __unwindfunclet$?save_writer@RDataArchiver_OsDir@stdio@media@modules@UModSys@@UAE?AU?$TRefObject@UIStreamWriter@libmedia@UModSys@@U?$TRefObjectFunc@UIStreamWriter@libmedia@UModSys@@@tl@3@@tl@5@ABU?$TString@U?$TSCoreConst@D@su@tl@UModSys@@U?$TComparerBinaryHash@D@234@@75@ABUSFlags@libmedia@5@@Z$2 004073e0 f    CIL library: CIL module
 0001:000063eb       __unwindfunclet$?save_writer@RDataArchiver_OsDir@stdio@media@modules@UModSys@@UAE?AU?$TRefObject@UIStreamWriter@libmedia@UModSys@@U?$TRefObjectFunc@UIStreamWriter@libmedia@UModSys@@@tl@3@@tl@5@ABU?$TString@U?$TSCoreConst@D@su@tl@UModSys@@U?$TComparerBinaryHash@D@234@@75@ABUSFlags@libmedia@5@@Z$0 004073eb f    CIL library: CIL module
 0001:00006404       __ehhandler$?save_writer@RDataArchiver_OsDir@stdio@media@modules@UModSys@@UAE?AU?$TRefObject@UIStreamWriter@libmedia@UModSys@@U?$TRefObjectFunc@UIStreamWriter@libmedia@UModSys@@@tl@3@@tl@5@ABU?$TString@U?$TSCoreConst@D@su@tl@UModSys@@U?$TComparerBinaryHash@D@234@@75@ABUSFlags@libmedia@5@@Z 00407404 f    CIL library: CIL module
 0001:0000640e       __unwindfunclet$?load_reader@RDataArchiver_OsDir@stdio@media@modules@UModSys@@UAE?AU?$TRefObject@UIStreamReader@libmedia@UModSys@@U?$TRefObjectFunc@UIStreamReader@libmedia@UModSys@@@tl@3@@tl@5@ABU?$TString@U?$TSCoreConst@D@su@tl@UModSys@@U?$TComparerBinaryHash@D@234@@75@ABUSFlags@libmedia@5@@Z$1 0040740e f    CIL library: CIL module
 0001:00006416       __unwindfunclet$?load_reader@RDataArchiver_OsDir@stdio@media@modules@UModSys@@UAE?AU?$TRefObject@UIStreamReader@libmedia@UModSys@@U?$TRefObjectFunc@UIStreamReader@libmedia@UModSys@@@tl@3@@tl@5@ABU?$TString@U?$TSCoreConst@D@su@tl@UModSys@@U?$TComparerBinaryHash@D@234@@75@ABUSFlags@libmedia@5@@Z$2 00407416 f    CIL library: CIL module
 0001:00006421       __unwindfunclet$?load_reader@RDataArchiver_OsDir@stdio@media@modules@UModSys@@UAE?AU?$TRefObject@UIStreamReader@libmedia@UModSys@@U?$TRefObjectFunc@UIStreamReader@libmedia@UModSys@@@tl@3@@tl@5@ABU?$TString@U?$TSCoreConst@D@su@tl@UModSys@@U?$TComparerBinaryHash@D@234@@75@ABUSFlags@libmedia@5@@Z$0 00407421 f    CIL library: CIL module
 0001:0000643a       __ehhandler$?load_reader@RDataArchiver_OsDir@stdio@media@modules@UModSys@@UAE?AU?$TRefObject@UIStreamReader@libmedia@UModSys@@U?$TRefObjectFunc@UIStreamReader@libmedia@UModSys@@@tl@3@@tl@5@ABU?$TString@U?$TSCoreConst@D@su@tl@UModSys@@U?$TComparerBinaryHash@D@234@@75@ABUSFlags@libmedia@5@@Z 0040743a f    CIL library: CIL module
 0001:00006444       __unwindfunclet$??0RDataArchiver_OsDir@stdio@media@modules@UModSys@@QAE@PAUIModObject@base@4@ABUSParameters@core@4@U?$TFlags4State@USMediaFlagUid@libmedia@UModSys@@I@tl@4@@Z$0 00407444 f    CIL library: CIL module
 0001:0000644c       __unwindfunclet$??0RDataArchiver_OsDir@stdio@media@modules@UModSys@@QAE@PAUIModObject@base@4@ABUSParameters@core@4@U?$TFlags4State@USMediaFlagUid@libmedia@UModSys@@I@tl@4@@Z$1 0040744c f    CIL library: CIL module
 0001:00006457       __ehhandler$??0RDataArchiver_OsDir@stdio@media@modules@UModSys@@QAE@PAUIModObject@base@4@ABUSParameters@core@4@U?$TFlags4State@USMediaFlagUid@libmedia@UModSys@@I@tl@4@@Z 00407457 f    CIL library: CIL module
 0001:00006461       __unwindfunclet$??_GRModuleLibraryThis@rsystem@base@UModSys@@UAEPAXI@Z$0 00407461 f    CIL library: CIL module
 0001:00006461       __unwindfunclet$??_GRModuleLibrarySO@rsystem@base@UModSys@@UAEPAXI@Z$0 00407461 f    CIL library: CIL module
 0001:00006469       __ehhandler$??_GRModuleLibrarySO@rsystem@base@UModSys@@UAEPAXI@Z 00407469 f    CIL library: CIL module
 0001:00006469       __ehhandler$??_GRModuleLibraryThis@rsystem@base@UModSys@@UAEPAXI@Z 00407469 f    CIL library: CIL module
 0001:00006473       __unwindfunclet$??0RModule@rsystem@base@UModSys@@QAE@PAUIModuleLibraryUni@123@PAUIModuleReg@23@@Z$0 00407473 f    CIL library: CIL module
 0001:0000647b       __unwindfunclet$??0RModule@rsystem@base@UModSys@@QAE@PAUIModuleLibraryUni@123@PAUIModuleReg@23@@Z$1 0040747b f    CIL library: CIL module
 0001:00006486       __unwindfunclet$??0RModule@rsystem@base@UModSys@@QAE@PAUIModuleLibraryUni@123@PAUIModuleReg@23@@Z$2 00407486 f    CIL library: CIL module
 0001:00006491       __unwindfunclet$??0RModule@rsystem@base@UModSys@@QAE@PAUIModuleLibraryUni@123@PAUIModuleReg@23@@Z$3 00407491 f    CIL library: CIL module
 0001:0000649c       __ehhandler$??0RModule@rsystem@base@UModSys@@QAE@PAUIModuleLibraryUni@123@PAUIModuleReg@23@@Z 0040749c f    CIL library: CIL module
 0001:000064a6       __unwindfunclet$?link@IModuleLibraryUni@rsystem@base@UModSys@@QAE_NXZ$0 004074a6 f    CIL library: CIL module
 0001:000064b1       __ehhandler$?link@IModuleLibraryUni@rsystem@base@UModSys@@QAE_NXZ 004074b1 f    CIL library: CIL module
 0001:000064bb       __unwindfunclet$?exec_test_shells@RSystem@rsystem@base@UModSys@@QAE_NXZ$0 004074bb f    CIL library: CIL module
 0001:000064c6       __unwindfunclet$?exec_test_shells@RSystem@rsystem@base@UModSys@@QAE_NXZ$1 004074c6 f    CIL library: CIL module
 0001:000064d1       __ehhandler$?exec_test_shells@RSystem@rsystem@base@UModSys@@QAE_NXZ 004074d1 f    CIL library: CIL module
 0001:000064db       __unwindfunclet$??$t_gen_param@URDataArchiver_OsDir@stdio@media@modules@UModSys@@URGenerator@2345@@IGenerator@base@UModSys@@IAE_NPAURGenerator@stdio@media@modules@2@AAU?$TRefObject@UIRefObject@core@UModSys@@U?$TRefObjectFunc@UIRefObject@core@UModSys@@@tl@3@@tl@2@PBUSUniquePointerInfo@core@2@ABUSParameters@core@2@@Z$0 004074db f    CIL library: CIL module
 0001:000064e6       __unwindfunclet$??$t_gen_param@URDataArchiver_OsDir@stdio@media@modules@UModSys@@URGenerator@2345@@IGenerator@base@UModSys@@IAE_NPAURGenerator@stdio@media@modules@2@AAU?$TRefObject@UIRefObject@core@UModSys@@U?$TRefObjectFunc@UIRefObject@core@UModSys@@@tl@3@@tl@2@PBUSUniquePointerInfo@core@2@ABUSParameters@core@2@@Z$1 004074e6 f    CIL library: CIL module
 0001:000064ee       __ehhandler$??$t_gen_param@URDataArchiver_OsDir@stdio@media@modules@UModSys@@URGenerator@2345@@IGenerator@base@UModSys@@IAE_NPAURGenerator@stdio@media@modules@2@AAU?$TRefObject@UIRefObject@core@UModSys@@U?$TRefObjectFunc@UIRefObject@core@UModSys@@@tl@3@@tl@2@PBUSUniquePointerInfo@core@2@ABUSParameters@core@2@@Z 004074ee f    CIL library: CIL module
 0001:000064f8       __unwindfunclet$?mem_free@?$TRMemAlloc_CC@U?$TMemAllocHeader@USMagic@mem_headers@rsystem@base@UModSys@@U?$TPool@X@2345@USDebug@2345@UVoid@core@5@U895@@rsystem@base@UModSys@@USMemAlloc_Malloc@core@4@@rsystem@base@UModSys@@UAEXPAXPBUSSourceContext@core@4@@Z$0 004074f8 f    CIL library: CIL module
 0001:00006500       __ehhandler$?mem_free@?$TRMemAlloc_CC@U?$TMemAllocHeader@USMagic@mem_headers@rsystem@base@UModSys@@U?$TPool@X@2345@USDebug@2345@UVoid@core@5@U895@@rsystem@base@UModSys@@USMemAlloc_Malloc@core@4@@rsystem@base@UModSys@@UAEXPAXPBUSSourceContext@core@4@@Z 00407500 f    CIL library: CIL module
 0001:0000650a       __unwindfunclet$?mem_realloc@?$TRMemAlloc_CC@U?$TMemAllocHeader@USMagic@mem_headers@rsystem@base@UModSys@@U?$TPool@X@2345@USDebug@2345@UVoid@core@5@U895@@rsystem@base@UModSys@@USMemAlloc_Malloc@core@4@@rsystem@base@UModSys@@UAEPAXPAXIPBUSSourceContext@core@4@@Z$0 0040750a f    CIL library: CIL module
 0001:00006512       __unwindfunclet$?mem_realloc@?$TRMemAlloc_CC@U?$TMemAllocHeader@USMagic@mem_headers@rsystem@base@UModSys@@U?$TPool@X@2345@USDebug@2345@UVoid@core@5@U895@@rsystem@base@UModSys@@USMemAlloc_Malloc@core@4@@rsystem@base@UModSys@@UAEPAXPAXIPBUSSourceContext@core@4@@Z$1 00407512 f    CIL library: CIL module
 0001:0000651a       __ehhandler$?mem_realloc@?$TRMemAlloc_CC@U?$TMemAllocHeader@USMagic@mem_headers@rsystem@base@UModSys@@U?$TPool@X@2345@USDebug@2345@UVoid@core@5@U895@@rsystem@base@UModSys@@USMemAlloc_Malloc@core@4@@rsystem@base@UModSys@@UAEPAXPAXIPBUSSourceContext@core@4@@Z 0040751a f    CIL library: CIL module
 0001:00006524       ??__E?s_id@?$TObjectUniqueID@UIRoot@core@UModSys@@@tl@UModSys@@2USUniquePointer@core@3@A@@YAXXZ 00407524 f    CIL library: CIL module
 0001:00006546       ??__E?s_id@?$TObjectUniqueID@UIRefObject@core@UModSys@@@tl@UModSys@@2USUniquePointer@core@3@A@@YAXXZ 00407546 f    CIL library: CIL module
 0001:00006568       ??__E?s_id@?$TObjectUniqueID@UIParameters@core@UModSys@@@tl@UModSys@@2USUniquePointer@core@3@A@@YAXXZ 00407568 f    CIL library: CIL module
 0001:0000658a       ??__E?s_id@?$TObjectUniqueID@UIModule@base@UModSys@@@tl@UModSys@@2USUniquePointer@core@3@A@@YAXXZ 0040758a f    CIL library: CIL module
 0001:000065ac       ??__E?s_id@?$TObjectUniqueID@UIModuleLibrary@base@UModSys@@@tl@UModSys@@2USUniquePointer@core@3@A@@YAXXZ 004075ac f    CIL library: CIL module
 0001:000065ce       ??__E?s_id@?$TObjectUniqueID@UIModObject@base@UModSys@@@tl@UModSys@@2USUniquePointer@core@3@A@@YAXXZ 004075ce f    CIL library: CIL module
 0001:000065f0       ??__E?s_id@?$TObjectUniqueID@UIGenerator@base@UModSys@@@tl@UModSys@@2USUniquePointer@core@3@A@@YAXXZ 004075f0 f    CIL library: CIL module
 0001:00006612       ??__E?s_id@?$TObjectUniqueID@UIShell@base@UModSys@@@tl@UModSys@@2USUniquePointer@core@3@A@@YAXXZ 00407612 f    CIL library: CIL module
 0001:00006634       ??__E?s_id@?$TObjectUniqueID@UIConsole@base@UModSys@@@tl@UModSys@@2USUniquePointer@core@3@A@@YAXXZ 00407634 f    CIL library: CIL module
 0001:00006656       ??__E?s_id@?$TObjectUniqueID@UISystem@base@UModSys@@@tl@UModSys@@2USUniquePointer@core@3@A@@YAXXZ 00407656 f    CIL library: CIL module
 0001:00006678       ??__E?s_id@?$TObjectUniqueID@URModule@rsystem@base@UModSys@@@tl@UModSys@@2USUniquePointer@core@3@A@@YAXXZ 00407678 f    CIL library: CIL module
 0001:0000669a       ??__E?s_id@?$TObjectUniqueID@UIModuleLibraryUni@rsystem@base@UModSys@@@tl@UModSys@@2USUniquePointer@core@3@A@@YAXXZ 0040769a f    CIL library: CIL module
 0001:000066bc       ??__E?s_id@?$TObjectUniqueID@URModuleLibrarySO@rsystem@base@UModSys@@@tl@UModSys@@2USUniquePointer@core@3@A@@YAXXZ 004076bc f    CIL library: CIL module
 0001:000066de       ??__E?s_id@?$TObjectUniqueID@URModuleLibraryThis@rsystem@base@UModSys@@@tl@UModSys@@2USUniquePointer@core@3@A@@YAXXZ 004076de f    CIL library: CIL module
 0001:00006700       ??__E?s_id@?$TObjectUniqueID@URParameters@rsystem@base@UModSys@@@tl@UModSys@@2USUniquePointer@core@3@A@@YAXXZ 00407700 f    CIL library: CIL module
 0001:00006722       ??__E?s_id@?$TObjectUniqueID@URSystem@rsystem@base@UModSys@@@tl@UModSys@@2USUniquePointer@core@3@A@@YAXXZ 00407722 f    CIL library: CIL module
 0001:00006744       ??__E?s_id@?$TObjectUniqueID@URConsole_std@rsystem@base@UModSys@@@tl@UModSys@@2USUniquePointer@core@3@A@@YAXXZ 00407744 f    CIL library: CIL module
 0001:00006766       ??__E?s_modreg@RModuleReg@stdio@media@modules@UModSys@@2U12345@A@@YAXXZ 00407766 f    CIL library: CIL module
 0001:00006772       ??__E?s_modreg_chain@RModuleReg@stdio@media@modules@UModSys@@2USModuleRegChain@base@5@A@@YAXXZ 00407772 f    CIL library: CIL module
 0001:000067a4       ??__E?s_uid@RGenerator@stdio@media@modules@UModSys@@2USUniquePointer@core@5@A@@YAXXZ 004077a4 f    CIL library: CIL module
 0001:000067c6       ??__E?s_id@?$TObjectUniqueID@UIStreamReader@libmedia@UModSys@@@tl@UModSys@@2USUniquePointer@core@3@A@@YAXXZ 004077c6 f    CIL library: CIL module
 0001:000067e8       ??__E?s_id@?$TObjectUniqueID@UIStreamWriter@libmedia@UModSys@@@tl@UModSys@@2USUniquePointer@core@3@A@@YAXXZ 004077e8 f    CIL library: CIL module
 0001:0000680a       ??__E?s_id@?$TObjectUniqueID@UIDataArchive@libmedia@UModSys@@@tl@UModSys@@2USUniquePointer@core@3@A@@YAXXZ 0040780a f    CIL library: CIL module
 0001:0000682c       ??__E?s_id@?$TObjectUniqueID@URStreamReader_FILE@stdio@media@modules@UModSys@@@tl@UModSys@@2USUniquePointer@core@3@A@@YAXXZ 0040782c f    CIL library: CIL module
 0001:0000684e       ??__E?s_id@?$TObjectUniqueID@URStreamWriter_FILE@stdio@media@modules@UModSys@@@tl@UModSys@@2USUniquePointer@core@3@A@@YAXXZ 0040784e f    CIL library: CIL module
 0001:00006870       ??__E?s_id@?$TObjectUniqueID@URDataArchiver_OsDir@stdio@media@modules@UModSys@@@tl@UModSys@@2USUniquePointer@core@3@A@@YAXXZ 00407870 f    CIL library: CIL module
 0001:00006892       ??__E?s_id@?$TObjectUniqueID@URGenerator@stdio@media@modules@UModSys@@@tl@UModSys@@2USUniquePointer@core@3@A@@YAXXZ 00407892 f    CIL library: CIL module
 0001:000068b4       ??__E?s_console@RConsole_std@rsystem@base@UModSys@@2U1234@A@@YAXXZ 004078b4 f    CIL library: CIL module
 0001:000068c0       ??__E?s_sys@RSystem@rsystem@base@UModSys@@2U1234@A@@YAXXZ 004078c0 f    CIL library: CIL module
 0001:000068d1       ??__Ersys_dbg@rsystem@base@UModSys@@YAXXZ 004078d1 f    CIL library: CIL module
 0001:000068dd       ??__EM@UModSys@@YAXXZ      004078dd f    CIL library: CIL module
 0001:000068e9       ??__E?root@SModuleRegChain@base@UModSys@@2U123@A@@YAXXZ 004078e9 f    CIL library: CIL module
 0001:000068f5       ??__E?s_library@RModuleLibraryReg_Chain@base@UModSys@@2U123@A@@YAXXZ 004078f5 f    CIL library: CIL module
 0001:00006901       ??__E?root@SUniquePointer@core@UModSys@@2U123@A@@YAXXZ 00407901 f    CIL library: CIL module
 0001:0000690d       ??__F?s_id@?$TObjectUniqueID@URConsole_std@rsystem@base@UModSys@@@tl@UModSys@@2USUniquePointer@core@3@A@@YAXXZ 0040790d f    CIL library: CIL module
 0001:00006917       ??__F?s_id@?$TObjectUniqueID@URSystem@rsystem@base@UModSys@@@tl@UModSys@@2USUniquePointer@core@3@A@@YAXXZ 00407917 f    CIL library: CIL module
 0001:00006921       ??__F?s_id@?$TObjectUniqueID@URParameters@rsystem@base@UModSys@@@tl@UModSys@@2USUniquePointer@core@3@A@@YAXXZ 00407921 f    CIL library: CIL module
 0001:0000692b       ??__F?s_id@?$TObjectUniqueID@URModuleLibraryThis@rsystem@base@UModSys@@@tl@UModSys@@2USUniquePointer@core@3@A@@YAXXZ 0040792b f    CIL library: CIL module
 0001:00006935       ??__F?s_id@?$TObjectUniqueID@URModuleLibrarySO@rsystem@base@UModSys@@@tl@UModSys@@2USUniquePointer@core@3@A@@YAXXZ 00407935 f    CIL library: CIL module
 0001:0000693f       ??__F?s_id@?$TObjectUniqueID@UIModuleLibraryUni@rsystem@base@UModSys@@@tl@UModSys@@2USUniquePointer@core@3@A@@YAXXZ 0040793f f    CIL library: CIL module
 0001:00006949       ??__F?s_id@?$TObjectUniqueID@URModule@rsystem@base@UModSys@@@tl@UModSys@@2USUniquePointer@core@3@A@@YAXXZ 00407949 f    CIL library: CIL module
 0001:00006953       ??__F?s_id@?$TObjectUniqueID@UISystem@base@UModSys@@@tl@UModSys@@2USUniquePointer@core@3@A@@YAXXZ 00407953 f    CIL library: CIL module
 0001:0000695d       ??__F?s_id@?$TObjectUniqueID@UIConsole@base@UModSys@@@tl@UModSys@@2USUniquePointer@core@3@A@@YAXXZ 0040795d f    CIL library: CIL module
 0001:00006967       ??__F?s_id@?$TObjectUniqueID@UIShell@base@UModSys@@@tl@UModSys@@2USUniquePointer@core@3@A@@YAXXZ 00407967 f    CIL library: CIL module
 0001:00006971       ??__F?s_id@?$TObjectUniqueID@UIGenerator@base@UModSys@@@tl@UModSys@@2USUniquePointer@core@3@A@@YAXXZ 00407971 f    CIL library: CIL module
 0001:0000697b       ??__F?s_id@?$TObjectUniqueID@UIModObject@base@UModSys@@@tl@UModSys@@2USUniquePointer@core@3@A@@YAXXZ 0040797b f    CIL library: CIL module
 0001:00006985       ??__F?s_id@?$TObjectUniqueID@UIModuleLibrary@base@UModSys@@@tl@UModSys@@2USUniquePointer@core@3@A@@YAXXZ 00407985 f    CIL library: CIL module
 0001:0000698f       ??__F?s_id@?$TObjectUniqueID@UIModule@base@UModSys@@@tl@UModSys@@2USUniquePointer@core@3@A@@YAXXZ 0040798f f    CIL library: CIL module
 0001:00006999       ??__F?s_id@?$TObjectUniqueID@UIParameters@core@UModSys@@@tl@UModSys@@2USUniquePointer@core@3@A@@YAXXZ 00407999 f    CIL library: CIL module
 0001:000069a3       ??__F?s_id@?$TObjectUniqueID@UIRefObject@core@UModSys@@@tl@UModSys@@2USUniquePointer@core@3@A@@YAXXZ 004079a3 f    CIL library: CIL module
 0001:000069ad       ??__F?s_id@?$TObjectUniqueID@UIRoot@core@UModSys@@@tl@UModSys@@2USUniquePointer@core@3@A@@YAXXZ 004079ad f    CIL library: CIL module
 0001:000069b7       ??__F?s_modreg@RModuleReg@stdio@media@modules@UModSys@@2U12345@A@@YAXXZ 004079b7 f    CIL library: CIL module
 0001:000069c2       ??__F?s_modreg_chain@RModuleReg@stdio@media@modules@UModSys@@2USModuleRegChain@base@5@A@@YAXXZ 004079c2 f    CIL library: CIL module
 0001:000069cc       ??__F?s_uid@RGenerator@stdio@media@modules@UModSys@@2USUniquePointer@core@5@A@@YAXXZ 004079cc f    CIL library: CIL module
 0001:000069d6       ??__Fh@?1??s_holder@RGenerator@stdio@media@modules@UModSys@@SAAAU?$TTypeStaticHolder@URGenerator@stdio@media@modules@UModSys@@@tl@5@XZ@YAXXZ 004079d6 f    CIL library: CIL module
 0001:000069f3       ??__F?s_id@?$TObjectUniqueID@URGenerator@stdio@media@modules@UModSys@@@tl@UModSys@@2USUniquePointer@core@3@A@@YAXXZ 004079f3 f    CIL library: CIL module
 0001:000069fd       ??__F?s_id@?$TObjectUniqueID@URDataArchiver_OsDir@stdio@media@modules@UModSys@@@tl@UModSys@@2USUniquePointer@core@3@A@@YAXXZ 004079fd f    CIL library: CIL module
 0001:00006a07       ??__F?s_id@?$TObjectUniqueID@URStreamWriter_FILE@stdio@media@modules@UModSys@@@tl@UModSys@@2USUniquePointer@core@3@A@@YAXXZ 00407a07 f    CIL library: CIL module
 0001:00006a11       ??__F?s_id@?$TObjectUniqueID@URStreamReader_FILE@stdio@media@modules@UModSys@@@tl@UModSys@@2USUniquePointer@core@3@A@@YAXXZ 00407a11 f    CIL library: CIL module
 0001:00006a1b       ??__F?s_id@?$TObjectUniqueID@UIDataArchive@libmedia@UModSys@@@tl@UModSys@@2USUniquePointer@core@3@A@@YAXXZ 00407a1b f    CIL library: CIL module
 0001:00006a25       ??__F?s_id@?$TObjectUniqueID@UIStreamWriter@libmedia@UModSys@@@tl@UModSys@@2USUniquePointer@core@3@A@@YAXXZ 00407a25 f    CIL library: CIL module
 0001:00006a2f       ??__F?s_id@?$TObjectUniqueID@UIStreamReader@libmedia@UModSys@@@tl@UModSys@@2USUniquePointer@core@3@A@@YAXXZ 00407a2f f    CIL library: CIL module
 0001:00006a39       ??__F?s_console@RConsole_std@rsystem@base@UModSys@@2U1234@A@@YAXXZ 00407a39 f    CIL library: CIL module
 0001:00006a66       ??__F?s_sys@RSystem@rsystem@base@UModSys@@2U1234@A@@YAXXZ 00407a66 f    CIL library: CIL module
 0001:00006a71       ??__Frsys_dbg@rsystem@base@UModSys@@YAXXZ 00407a71 f    CIL library: CIL module
 0001:00006a88       ??__FM@UModSys@@YAXXZ      00407a88 f    CIL library: CIL module
 0001:00006a89       ??__F?root@SModuleRegChain@base@UModSys@@2U123@A@@YAXXZ 00407a89 f    CIL library: CIL module
 0001:00006a93       ??__F?s_library@RModuleLibraryReg_Chain@base@UModSys@@2U123@A@@YAXXZ 00407a93 f    CIL library: CIL module
 0001:00006a9e       ??__F?root@SUniquePointer@core@UModSys@@2U123@A@@YAXXZ 00407a9e f    CIL library: CIL module

 Exports

  ordinal    name

        1    _UModSys_Plugin_Entry2@0
