 umodsysc

 Timestamp is 5330410c (Mon Mar 24 17:28:28 2014)

 Preferred load address is 00400000

 Start         Length     Name                   Class
 0001:00000000 0000dc20H .text                   CODE
 0001:0000dc20 00000508H .text$x                 CODE
 0001:0000e128 0000070eH .text$yc                CODE
 0001:0000e836 000002c3H .text$yd                CODE
 0002:00000000 0000015cH .idata$5                DATA
 0002:0000015c 00000004H .CRT$XCA                DATA
 0002:00000160 00000004H .CRT$XCAA               DATA
 0002:00000164 00000378H .CRT$XCU                DATA
 0002:000004dc 00000004H .CRT$XCZ                DATA
 0002:000004e0 00000004H .CRT$XIA                DATA
 0002:000004e4 00000004H .CRT$XIAA               DATA
 0002:000004e8 00000004H .CRT$XIY                DATA
 0002:000004ec 00000004H .CRT$XIZ                DATA
 0002:000004f0 00001a40H .rdata                  DATA
 0002:00001f30 00001324H .rdata$r                DATA
 0002:00003260 000000b8H .rdata$sxdata           DATA
 0002:00003318 00000004H .rtc$IAA                DATA
 0002:0000331c 00000004H .rtc$IZZ                DATA
 0002:00003320 00000004H .rtc$TAA                DATA
 0002:00003324 00000004H .rtc$TZZ                DATA
 0002:00003328 00000a44H .xdata$x                DATA
 0002:00003d6c 00000028H .idata$2                DATA
 0002:00003d94 00000014H .idata$3                DATA
 0002:00003da8 0000015cH .idata$4                DATA
 0002:00003f04 00000580H .idata$6                DATA
 0002:00004490 00000058H .edata                  DATA
 0003:00000000 00000d60H .data                   DATA
 0003:00000d60 00002a00H .bss                    DATA

  Address         Publics by Value              Rva+Base       Lib:Object

 0000:00000000       __except_list              00000000     <absolute>
 0000:0000002e       ___safe_se_handler_count   0000002e     <absolute>
 0000:00009876       __ldused                   00009876     <absolute>
 0000:00009876       __fltused                  00009876     <absolute>
 0000:00000000       ___ImageBase               00400000     <linker-defined>
 0001:00000000       ??$slen@D@su@tl@UModSys@@YAIPBD@Z 00401000 f i umodsys.c_main.obj
 0001:00000019       _main                      00401019 f   umodsys.c_main.obj
 0001:000001c7       ??0?$TString@U?$TSCoreConst@D@su@tl@UModSys@@U?$TComparerBinaryHash@D@234@@tl@UModSys@@QAE@PBD@Z 004011c7 f i umodsys.c_main.obj
 0001:000001ec       ?update@?$TComparerBinaryHash@D@su@tl@UModSys@@QAEXPBDI@Z 004011ec f i umodsys.c_main.obj
 0001:00000223       ?link@SMemShared@core@UModSys@@QAE_NPAUSMemorySharedData@23@PAUSSourceContext@23@@Z 00401223 f i umodsys_lib_libmedia:umodsys.mod.media.stdio.obj
 0001:00000223       ?link@SCMemShared@core@UModSys@@QAE_NPAUSMemorySharedData@23@PAUSSourceContext@23@@Z 00401223 f i umodsys_lib_libmedia:umodsys.mod.media.stdio.obj
 0001:00000248       ??6SUniquePtrList@core@UModSys@@QAEAAU012@PBUSUniquePointerInfo@12@@Z 00401248 f i umodsys_lib_libmedia:umodsys.mod.media.stdio.obj
 0001:00000264       ??2IRoot@core@UModSys@@SAPAXIABUSIMemAlloc@12@@Z 00401264 f i umodsys_lib_libmedia:umodsys.mod.media.stdio.obj
 0001:00000286       ??3IRoot@core@UModSys@@SAXPAXABUSIMemAlloc@12@@Z 00401286 f i umodsys_lib_libmedia:umodsys.mod.media.stdio.obj
 0001:0000029f       ?_root_get_other_interface@IRefObject@core@UModSys@@IBEPBUIRoot@23@PBUSUniquePointerInfo@23@@Z 0040129f f i umodsys_lib_libmedia:umodsys.mod.media.stdio.obj
 0001:0000029f       ?_root_get_other_interface@IRefObject@core@UModSys@@IAEPAUIRoot@23@PBUSUniquePointerInfo@23@@Z 0040129f f i umodsys_lib_libmedia:umodsys.mod.media.stdio.obj
 0001:000002c0       ?_root_get_interface_types@IRefObject@core@UModSys@@SAIAAUSUniquePtrList@23@@Z 004012c0 f i umodsys_lib_libmedia:umodsys.mod.media.stdio.obj
 0001:000002e0       ?_root_is_interface_supported@IRefObject@core@UModSys@@SA_NPBUSUniquePointerInfo@23@@Z 004012e0 f i umodsys_lib_libmedia:umodsys.mod.media.stdio.obj
 0001:000002f7       ?get@SParameters@core@UModSys@@QBE_NPBDAA_N@Z 004012f7 f i umodsys_lib_libmedia:umodsys.mod.media.stdio.obj
 0001:00000329       ?_root_is_interface_supported@IGenerator@base@UModSys@@SA_NPBUSUniquePointerInfo@core@3@@Z 00401329 f i umodsys_lib_libmedia:umodsys.mod.media.stdio.obj
 0001:00000349       ?_root_get_interface_types@IBinArchive@libmedia@UModSys@@SAIAAUSUniquePtrList@core@3@@Z 00401349 f i umodsys_lib_libmedia:umodsys.mod.media.stdio.obj
 0001:0000036b       ?_root_is_interface_supported@IBinArchive@libmedia@UModSys@@SA_NPBUSUniquePointerInfo@core@3@@Z 0040136b f i umodsys_lib_libmedia:umodsys.mod.media.stdio.obj
 0001:0000038b       ?archive_load_data@libmedia@UModSys@@YA_NAAUIBinArchive@12@ABU?$TString@U?$TSCoreConst@D@su@tl@UModSys@@U?$TComparerBinaryHash@D@234@@tl@2@AAUSCMemShared@core@2@ABUSFlags@12@@Z 0040138b f i umodsys_lib_libmedia:umodsys.mod.media.stdio.obj
 0001:000004b6       ?file_get_size@stdio@media@modules@UModSys@@YA_JPAU_iobuf@@@Z 004014b6 f i umodsys_lib_libmedia:umodsys.mod.media.stdio.obj
 0001:00000501       ?root_get_interface_info@RStreamReader_FILE@stdio@media@modules@UModSys@@UBEABUSUniquePointerInfo@core@5@XZ 00401501 f i umodsys_lib_libmedia:umodsys.mod.media.stdio.obj
 0001:00000507       ?root_get_interface_type@RStreamReader_FILE@stdio@media@modules@UModSys@@UBEPBUSUniquePointerInfo@core@5@XZ 00401507 f i umodsys_lib_libmedia:umodsys.mod.media.stdio.obj
 0001:0000050d       ?root_get_other_interface@RStreamReader_FILE@stdio@media@modules@UModSys@@UBEPBUIRoot@core@5@PBUSUniquePointerInfo@75@@Z 0040150d f i umodsys_lib_libmedia:umodsys.mod.media.stdio.obj
 0001:0000050d       ?root_get_other_interface@RStreamReader_FILE@stdio@media@modules@UModSys@@UAEPAUIRoot@core@5@PBUSUniquePointerInfo@75@@Z 0040150d f i umodsys_lib_libmedia:umodsys.mod.media.stdio.obj
 0001:0000052e       ?root_is_interface_supported@RStreamReader_FILE@stdio@media@modules@UModSys@@UBE_NPBUSUniquePointerInfo@core@5@@Z 0040152e f i umodsys_lib_libmedia:umodsys.mod.media.stdio.obj
 0001:00000555       ?ref_links@RUtilities@stdlib@media@modules@UModSys@@UBEHXZ 00401555 f i umodsys_lib_libmedia:umodsys.mod.media.stdlib.obj
 0001:00000555       ?ref_links@RGenerator@stdlib@media@modules@UModSys@@UBEHXZ 00401555 f i umodsys_lib_libmedia:umodsys.mod.media.stdlib.obj
 0001:00000555       ?get_system@IModuleLibraryUni@rsystem@base@UModSys@@UBEPAUISystem@34@XZ 00401555 f i umodsys_lib_basesys:umodsys.basesys.rmodulelib.obj
 0001:00000555       ?ref_links@RStreamReader_FILE@stdio@media@modules@UModSys@@UBEHXZ 00401555 f i umodsys_lib_libmedia:umodsys.mod.media.stdio.obj
 0001:00000555       ?ref_links@RStreamWriter_FILE@stdio@media@modules@UModSys@@UBEHXZ 00401555 f i umodsys_lib_libmedia:umodsys.mod.media.stdio.obj
 0001:00000555       ?ref_links@RGenerator@stdio@media@modules@UModSys@@UBEHXZ 00401555 f i umodsys_lib_libmedia:umodsys.mod.media.stdio.obj
 0001:00000559       ??0RStreamReader_FILE@stdio@media@modules@UModSys@@QAE@PAUIModObject@base@4@ABUSParameters@core@4@@Z 00401559 f i umodsys_lib_libmedia:umodsys.mod.media.stdio.obj
 0001:000005d4       ??0RStreamReader_FILE@stdio@media@modules@UModSys@@QAE@PAUIModObject@base@4@PBD@Z 004015d4 f i umodsys_lib_libmedia:umodsys.mod.media.stdio.obj
 0001:0000062b       ?open@RStreamReader_FILE@stdio@media@modules@UModSys@@QAEXPBD@Z 0040162b f i umodsys_lib_libmedia:umodsys.mod.media.stdio.obj
 0001:0000064f       ?reader_seek@RStreamReader_FILE@stdio@media@modules@UModSys@@UAE_N_J@Z 0040164f f i umodsys_lib_libmedia:umodsys.mod.media.stdio.obj
 0001:00000672       ?reader_seekend@RStreamReader_FILE@stdio@media@modules@UModSys@@UAE_N_J@Z 00401672 f i umodsys_lib_libmedia:umodsys.mod.media.stdio.obj
 0001:00000698       ?reader_seekdelta@RStreamReader_FILE@stdio@media@modules@UModSys@@UAE_N_J@Z 00401698 f i umodsys_lib_libmedia:umodsys.mod.media.stdio.obj
 0001:000006bb       ?reader_pos@RStreamReader_FILE@stdio@media@modules@UModSys@@UAE_JXZ 004016bb f i umodsys_lib_libmedia:umodsys.mod.media.stdio.obj
 0001:000006d0       ?reader_size@RStreamReader_FILE@stdio@media@modules@UModSys@@UAE_JXZ 004016d0 f i umodsys_lib_libmedia:umodsys.mod.media.stdio.obj
 0001:000006d7       ?reader_read@RStreamReader_FILE@stdio@media@modules@UModSys@@UAE_NPAXI@Z 004016d7 f i umodsys_lib_libmedia:umodsys.mod.media.stdio.obj
 0001:00000734       ?reader_close@RStreamReader_FILE@stdio@media@modules@UModSys@@UAEXXZ 00401734 f i umodsys_lib_libmedia:umodsys.mod.media.stdio.obj
 0001:0000074c       ??_ERStreamReader_FILE@stdio@media@modules@UModSys@@UAEPAXI@Z 0040174c f i  CIL library: CIL module
 0001:0000074c       ??_GRStreamReader_FILE@stdio@media@modules@UModSys@@UAEPAXI@Z 0040174c f i umodsys_lib_libmedia:umodsys.mod.media.stdio.obj
 0001:00000774       ??_GRParameters@rsystem@base@UModSys@@UAEPAXI@Z 00401774 f i umodsys_lib_basesys:umodsys.basesys.rparameters.obj
 0001:00000774       ??_GIRoot@core@UModSys@@UAEPAXI@Z 00401774 f i umodsys_lib_libmedia:umodsys.mod.media.stdio.obj
 0001:00000774       ??_ERParameters@rsystem@base@UModSys@@UAEPAXI@Z 00401774 f i  CIL library: CIL module
 0001:00000774       ??_ERGenerator@stdio@media@modules@UModSys@@UAEPAXI@Z 00401774 f i  CIL library: CIL module
 0001:00000774       ??_GRGenerator@stdio@media@modules@UModSys@@UAEPAXI@Z 00401774 f i umodsys_lib_libmedia:umodsys.mod.media.stdio.obj
 0001:00000774       ??_ERGenerator@stdlib@media@modules@UModSys@@UAEPAXI@Z 00401774 f i  CIL library: CIL module
 0001:00000774       ??_EIRoot@core@UModSys@@UAEPAXI@Z 00401774 f i  CIL library: CIL module
 0001:00000774       ??_GRGenerator@stdlib@media@modules@UModSys@@UAEPAXI@Z 00401774 f i umodsys_lib_libmedia:umodsys.mod.media.stdlib.obj
 0001:00000791       ?root_get_interface_info@RStreamWriter_FILE@stdio@media@modules@UModSys@@UBEABUSUniquePointerInfo@core@5@XZ 00401791 f i umodsys_lib_libmedia:umodsys.mod.media.stdio.obj
 0001:00000797       ?root_get_interface_type@RStreamWriter_FILE@stdio@media@modules@UModSys@@UBEPBUSUniquePointerInfo@core@5@XZ 00401797 f i umodsys_lib_libmedia:umodsys.mod.media.stdio.obj
 0001:0000079d       ?root_get_other_interface@RStreamWriter_FILE@stdio@media@modules@UModSys@@UAEPAUIRoot@core@5@PBUSUniquePointerInfo@75@@Z 0040179d f i umodsys_lib_libmedia:umodsys.mod.media.stdio.obj
 0001:0000079d       ?root_get_other_interface@RStreamWriter_FILE@stdio@media@modules@UModSys@@UBEPBUIRoot@core@5@PBUSUniquePointerInfo@75@@Z 0040179d f i umodsys_lib_libmedia:umodsys.mod.media.stdio.obj
 0001:000007be       ?root_is_interface_supported@RStreamWriter_FILE@stdio@media@modules@UModSys@@UBE_NPBUSUniquePointerInfo@core@5@@Z 004017be f i umodsys_lib_libmedia:umodsys.mod.media.stdio.obj
 0001:000007e5       ?ref_add@RStreamWriter_FILE@stdio@media@modules@UModSys@@UBEXXZ 004017e5 f i umodsys_lib_libmedia:umodsys.mod.media.stdio.obj
 0001:000007e5       ?ref_add@RUtilities@stdlib@media@modules@UModSys@@UBEXXZ 004017e5 f i umodsys_lib_libmedia:umodsys.mod.media.stdlib.obj
 0001:000007e5       ?ref_add@RGenerator@stdlib@media@modules@UModSys@@UBEXXZ 004017e5 f i umodsys_lib_libmedia:umodsys.mod.media.stdlib.obj
 0001:000007e5       ?ref_add@RStreamReader_FILE@stdio@media@modules@UModSys@@UBEXXZ 004017e5 f i umodsys_lib_libmedia:umodsys.mod.media.stdio.obj
 0001:000007e5       ?ref_add@RGenerator@stdio@media@modules@UModSys@@UBEXXZ 004017e5 f i umodsys_lib_libmedia:umodsys.mod.media.stdio.obj
 0001:000007e9       ??0RStreamWriter_FILE@stdio@media@modules@UModSys@@QAE@PAUIModObject@base@4@ABUSParameters@core@4@@Z 004017e9 f i umodsys_lib_libmedia:umodsys.mod.media.stdio.obj
 0001:00000882       ??0RStreamWriter_FILE@stdio@media@modules@UModSys@@QAE@PAUIModObject@base@4@PBD_N@Z 00401882 f i umodsys_lib_libmedia:umodsys.mod.media.stdio.obj
 0001:000008e3       ?open@RStreamWriter_FILE@stdio@media@modules@UModSys@@QAEXPBD_N@Z 004018e3 f i umodsys_lib_libmedia:umodsys.mod.media.stdio.obj
 0001:00000929       ?writer_seek@RStreamWriter_FILE@stdio@media@modules@UModSys@@UAE_N_J@Z 00401929 f i umodsys_lib_libmedia:umodsys.mod.media.stdio.obj
 0001:0000094c       ?writer_seekend@RStreamWriter_FILE@stdio@media@modules@UModSys@@UAE_N_J@Z 0040194c f i umodsys_lib_libmedia:umodsys.mod.media.stdio.obj
 0001:00000972       ?writer_seekdelta@RStreamWriter_FILE@stdio@media@modules@UModSys@@UAE_N_J@Z 00401972 f i umodsys_lib_libmedia:umodsys.mod.media.stdio.obj
 0001:00000995       ?writer_setsize@RStreamWriter_FILE@stdio@media@modules@UModSys@@UAE_N_J@Z 00401995 f i umodsys_lib_libmedia:umodsys.mod.media.stdio.obj
 0001:000009dd       ?writer_pos@RStreamWriter_FILE@stdio@media@modules@UModSys@@UAE_JXZ 004019dd f i umodsys_lib_libmedia:umodsys.mod.media.stdio.obj
 0001:000009f2       ?writer_size@RStreamWriter_FILE@stdio@media@modules@UModSys@@UAE_JXZ 004019f2 f i umodsys_lib_libmedia:umodsys.mod.media.stdio.obj
 0001:00000a17       ?writer_write@RStreamWriter_FILE@stdio@media@modules@UModSys@@UAE_NPBXI@Z 00401a17 f i umodsys_lib_libmedia:umodsys.mod.media.stdio.obj
 0001:00000a74       ?writer_copy@RStreamWriter_FILE@stdio@media@modules@UModSys@@UAE_NPAUIStreamReader@libmedia@5@_J@Z 00401a74 f i umodsys_lib_libmedia:umodsys.mod.media.stdio.obj
 0001:00000af8       ?writer_copy@RStreamWriter_FILE@stdio@media@modules@UModSys@@UAE_NPAUIStreamReader@libmedia@5@_J1@Z 00401af8 f i umodsys_lib_libmedia:umodsys.mod.media.stdio.obj
 0001:00000b2f       ?writer_close@RStreamWriter_FILE@stdio@media@modules@UModSys@@UAEXXZ 00401b2f f i umodsys_lib_libmedia:umodsys.mod.media.stdio.obj
 0001:00000b5c       ?writer_abort@RStreamWriter_FILE@stdio@media@modules@UModSys@@UAEXXZ 00401b5c f i umodsys_lib_libmedia:umodsys.mod.media.stdio.obj
 0001:00000b89       ??_GRStreamWriter_FILE@stdio@media@modules@UModSys@@UAEPAXI@Z 00401b89 f i umodsys_lib_libmedia:umodsys.mod.media.stdio.obj
 0001:00000b89       ??_ERStreamWriter_FILE@stdio@media@modules@UModSys@@UAEPAXI@Z 00401b89 f i  CIL library: CIL module
 0001:00000bcd       ??1IStreamWriter@libmedia@UModSys@@UAE@XZ 00401bcd f i umodsys_lib_libmedia:umodsys.mod.media.stdio.obj
 0001:00000bcd       ??1IStreamReader@libmedia@UModSys@@UAE@XZ 00401bcd f i umodsys_lib_libmedia:umodsys.mod.media.stdio.obj
 0001:00000bcd       ??1IRefObject@core@UModSys@@UAE@XZ 00401bcd f i umodsys_lib_core:umodsys.core.objects.obj
 0001:00000bcd       ??1IModule@base@UModSys@@UAE@XZ 00401bcd f i umodsys_lib_base:umodsys.base.module.obj
 0001:00000bcd       ??1IUtilities@libmedia@UModSys@@UAE@XZ 00401bcd f i umodsys_lib_libmedia:umodsys.mod.media.stdlib.obj
 0001:00000bcd       ??1ISystem@base@UModSys@@UAE@XZ 00401bcd f i umodsys_lib_base:umodsys.base.system.obj
 0001:00000bd4       ?root_get_interface_info@RDataArchiver_OsDir@stdio@media@modules@UModSys@@UBEABUSUniquePointerInfo@core@5@XZ 00401bd4 f i umodsys_lib_libmedia:umodsys.mod.media.stdio.obj
 0001:00000bda       ?root_get_interface_type@RDataArchiver_OsDir@stdio@media@modules@UModSys@@UBEPBUSUniquePointerInfo@core@5@XZ 00401bda f i umodsys_lib_libmedia:umodsys.mod.media.stdio.obj
 0001:00000be0       ?root_get_other_interface@RDataArchiver_OsDir@stdio@media@modules@UModSys@@UAEPAUIRoot@core@5@PBUSUniquePointerInfo@75@@Z 00401be0 f i umodsys_lib_libmedia:umodsys.mod.media.stdio.obj
 0001:00000be0       ?root_get_other_interface@RDataArchiver_OsDir@stdio@media@modules@UModSys@@UBEPBUIRoot@core@5@PBUSUniquePointerInfo@75@@Z 00401be0 f i umodsys_lib_libmedia:umodsys.mod.media.stdio.obj
 0001:00000c09       ?root_is_interface_supported@RDataArchiver_OsDir@stdio@media@modules@UModSys@@UBE_NPBUSUniquePointerInfo@core@5@@Z 00401c09 f i umodsys_lib_libmedia:umodsys.mod.media.stdio.obj
 0001:00000c28       ??0RDataArchiver_OsDir@stdio@media@modules@UModSys@@QAE@PAUIModObject@base@4@ABUSParameters@core@4@U?$TFlags4State@USMediaFlagUid@libmedia@UModSys@@I@tl@4@@Z 00401c28 f i umodsys_lib_libmedia:umodsys.mod.media.stdio.obj
 0001:00000c9b       ?open@RDataArchiver_OsDir@stdio@media@modules@UModSys@@QAEXABUSParameters@core@5@@Z 00401c9b f i umodsys_lib_libmedia:umodsys.mod.media.stdio.obj
 0001:00000d76       ?get_flag@RDataArchiver_OsDir@stdio@media@modules@UModSys@@UBE?AW4eStates@?$TFlags4State@USMediaFlagUid@libmedia@UModSys@@I@tl@5@H@Z 00401d76 f i umodsys_lib_libmedia:umodsys.mod.media.stdio.obj
 0001:00000d89       ?get_flags_auto@RDataArchiver_OsDir@stdio@media@modules@UModSys@@UBE?AU?$TFlags4State@USMediaFlagUid@libmedia@UModSys@@I@tl@5@XZ 00401d89 f i umodsys_lib_libmedia:umodsys.mod.media.stdio.obj
 0001:00000d98       ?set_flag@RDataArchiver_OsDir@stdio@media@modules@UModSys@@UAE?AW4eStates@?$TFlags4State@USMediaFlagUid@libmedia@UModSys@@I@tl@5@HW46785@@Z 00401d98 f i umodsys_lib_libmedia:umodsys.mod.media.stdio.obj
 0001:00000dc5       ?data_load@RDataArchiver_OsDir@stdio@media@modules@UModSys@@UAE_NABU?$TString@U?$TSCoreConst@D@su@tl@UModSys@@U?$TComparerBinaryHash@D@234@@tl@5@AAUSCMemShared@core@5@ABUSFlags@libmedia@5@@Z 00401dc5 f i umodsys_lib_libmedia:umodsys.mod.media.stdio.obj
 0001:00000dfa       ?data_save@RDataArchiver_OsDir@stdio@media@modules@UModSys@@UAE_NABU?$TString@U?$TSCoreConst@D@su@tl@UModSys@@U?$TComparerBinaryHash@D@234@@tl@5@ABUSCMem@core@5@ABUSFlags@libmedia@5@@Z 00401dfa f i umodsys_lib_libmedia:umodsys.mod.media.stdio.obj
 0001:00000e70       ?data_reader@RDataArchiver_OsDir@stdio@media@modules@UModSys@@UAE?AU?$TRefObject@UIStreamReader@libmedia@UModSys@@U?$TRefObjectFunc@UIStreamReader@libmedia@UModSys@@@tl@3@@tl@5@ABU?$TString@U?$TSCoreConst@D@su@tl@UModSys@@U?$TComparerBinaryHash@D@234@@75@ABUSFlags@libmedia@5@@Z 00401e70 f i umodsys_lib_libmedia:umodsys.mod.media.stdio.obj
 0001:00000f77       ?data_writer@RDataArchiver_OsDir@stdio@media@modules@UModSys@@UAE?AU?$TRefObject@UIStreamWriter@libmedia@UModSys@@U?$TRefObjectFunc@UIStreamWriter@libmedia@UModSys@@@tl@3@@tl@5@ABU?$TString@U?$TSCoreConst@D@su@tl@UModSys@@U?$TComparerBinaryHash@D@234@@75@ABUSFlags@libmedia@5@@Z 00401f77 f i umodsys_lib_libmedia:umodsys.mod.media.stdio.obj
 0001:00001099       ?data_info@RDataArchiver_OsDir@stdio@media@modules@UModSys@@UAE_NABU?$TString@U?$TSCoreConst@D@su@tl@UModSys@@U?$TComparerBinaryHash@D@234@@tl@5@IAAUSFileInfo@libmedia@5@ABUSFlags@95@@Z 00402099 f i umodsys_lib_libmedia:umodsys.mod.media.stdio.obj
 0001:00001099       ?data_list@RDataArchiver_OsDir@stdio@media@modules@UModSys@@UAE_NABU?$TString@U?$TSCoreConst@D@su@tl@UModSys@@U?$TComparerBinaryHash@D@234@@tl@5@IAAU?$TIStackSocket@USFileInfo@libmedia@UModSys@@@75@ABUSFlags@libmedia@5@@Z 00402099 f i umodsys_lib_libmedia:umodsys.mod.media.stdio.obj
 0001:000010e2       ?get_permissions@RDataArchiver_OsDir@stdio@media@modules@UModSys@@UAEHXZ 004020e2 f i umodsys_lib_libmedia:umodsys.mod.media.stdio.obj
 0001:000010e6       ??_GRDataArchiver_OsDir@stdio@media@modules@UModSys@@UAEPAXI@Z 004020e6 f i umodsys_lib_libmedia:umodsys.mod.media.stdio.obj
 0001:000010e6       ??_ERDataArchiver_OsDir@stdio@media@modules@UModSys@@UAEPAXI@Z 004020e6 f i  CIL library: CIL module
 0001:0000113a       ??1ILibObject@libmedia@UModSys@@UAE@XZ 0040213a f i umodsys_lib_libmedia:umodsys.mod.media.stdio.obj
 0001:00001171       ?get_generated_names@RGenerator@stdio@media@modules@UModSys@@UBEHAAUSUniquePtrList@core@5@@Z 00402171 f i umodsys_lib_libmedia:umodsys.mod.media.stdio.obj
 0001:000011a1       ?get_generated_types@RGenerator@stdio@media@modules@UModSys@@UBEHAAUSUniquePtrList@core@5@PBUSUniquePointerInfo@75@@Z 004021a1 f i umodsys_lib_libmedia:umodsys.mod.media.stdio.obj
 0001:00001214       ?generate@RGenerator@stdio@media@modules@UModSys@@UAE_NAAU?$TRefObject@UIRefObject@core@UModSys@@U?$TRefObjectFunc@UIRefObject@core@UModSys@@@tl@3@@tl@5@PBUSUniquePointerInfo@core@5@ABUSParameters@95@@Z 00402214 f i umodsys_lib_libmedia:umodsys.mod.media.stdio.obj
 0001:0000127b       ?root_get_interface_info@RGenerator@stdio@media@modules@UModSys@@UBEABUSUniquePointerInfo@core@5@XZ 0040227b f i umodsys_lib_libmedia:umodsys.mod.media.stdio.obj
 0001:00001281       ?root_get_interface_type@RGenerator@stdio@media@modules@UModSys@@UBEPBUSUniquePointerInfo@core@5@XZ 00402281 f i umodsys_lib_libmedia:umodsys.mod.media.stdio.obj
 0001:00001287       ?root_get_interface_types@RStreamReader_FILE@stdio@media@modules@UModSys@@UBEIAAUSUniquePtrList@core@5@@Z 00402287 f i umodsys_lib_libmedia:umodsys.mod.media.stdio.obj
 0001:00001287       ?root_get_interface_types@RLibraryLayered@stdlib@media@modules@UModSys@@UBEIAAUSUniquePtrList@core@5@@Z 00402287 f i umodsys_lib_libmedia:umodsys.mod.media.stdlib.obj
 0001:00001287       ?root_get_interface_types@RDataArchiver_OsDir@stdio@media@modules@UModSys@@UBEIAAUSUniquePtrList@core@5@@Z 00402287 f i umodsys_lib_libmedia:umodsys.mod.media.stdio.obj
 0001:00001287       ?root_get_interface_types@RModule@rsystem@base@UModSys@@UBEIAAUSUniquePtrList@core@4@@Z 00402287 f i umodsys_lib_basesys:umodsys.basesys.rmodule.obj
 0001:00001287       ?root_get_interface_types@RBinArchiveFrame@stdlib@media@modules@UModSys@@UBEIAAUSUniquePtrList@core@5@@Z 00402287 f i umodsys_lib_libmedia:umodsys.mod.media.stdlib.obj
 0001:00001287       ?root_get_interface_types@RStreamWriter_FILE@stdio@media@modules@UModSys@@UBEIAAUSUniquePtrList@core@5@@Z 00402287 f i umodsys_lib_libmedia:umodsys.mod.media.stdio.obj
 0001:00001287       ?root_get_interface_types@RLibraryBinTree@stdlib@media@modules@UModSys@@UBEIAAUSUniquePtrList@core@5@@Z 00402287 f i umodsys_lib_libmedia:umodsys.mod.media.stdlib.obj
 0001:00001287       ?root_get_interface_types@RLibraryBinCache@stdlib@media@modules@UModSys@@UBEIAAUSUniquePtrList@core@5@@Z 00402287 f i umodsys_lib_libmedia:umodsys.mod.media.stdlib.obj
 0001:00001287       ?root_get_interface_types@RModuleLibrarySO@rsystem@base@UModSys@@UBEIAAUSUniquePtrList@core@4@@Z 00402287 f i umodsys_lib_basesys:umodsys.basesys.rmodulelibso.obj
 0001:00001287       ?root_get_interface_types@RModuleLibraryThis@rsystem@base@UModSys@@UBEIAAUSUniquePtrList@core@4@@Z 00402287 f i umodsys_lib_basesys:umodsys.basesys.rmodulelibthis.obj
 0001:00001287       ?root_get_interface_types@RGenerator@stdio@media@modules@UModSys@@UBEIAAUSUniquePtrList@core@5@@Z 00402287 f i umodsys_lib_libmedia:umodsys.mod.media.stdio.obj
 0001:00001287       ?root_get_interface_types@RLibraryObjFilter@stdlib@media@modules@UModSys@@UBEIAAUSUniquePtrList@core@5@@Z 00402287 f i umodsys_lib_libmedia:umodsys.mod.media.stdlib.obj
 0001:00001287       ?root_get_interface_types@RLibraryObjCache@stdlib@media@modules@UModSys@@UBEIAAUSUniquePtrList@core@5@@Z 00402287 f i umodsys_lib_libmedia:umodsys.mod.media.stdlib.obj
 0001:00001287       ?root_get_interface_types@RUtilities@stdlib@media@modules@UModSys@@UBEIAAUSUniquePtrList@core@5@@Z 00402287 f i umodsys_lib_libmedia:umodsys.mod.media.stdlib.obj
 0001:00001287       ?root_get_interface_types@RSystem@rsystem@base@UModSys@@UBEIAAUSUniquePtrList@core@4@@Z 00402287 f i umodsys_lib_basesys:umodsys.basesys.rsystem_main.obj
 0001:00001287       ?root_get_interface_types@RParameters@rsystem@base@UModSys@@UBEIAAUSUniquePtrList@core@4@@Z 00402287 f i umodsys_lib_basesys:umodsys.basesys.rparameters.obj
 0001:00001287       ?root_get_interface_types@RConsole_std@rsystem@base@UModSys@@UBEIAAUSUniquePtrList@core@4@@Z 00402287 f i umodsys_lib_basesys:umodsys.basesys.rconsole_std.obj
 0001:00001287       ?root_get_interface_types@RGenerator@stdlib@media@modules@UModSys@@UBEIAAUSUniquePtrList@core@5@@Z 00402287 f i umodsys_lib_libmedia:umodsys.mod.media.stdlib.obj
 0001:0000128c       ?root_get_other_interface@RGenerator@stdio@media@modules@UModSys@@UAEPAUIRoot@core@5@PBUSUniquePointerInfo@75@@Z 0040228c f i umodsys_lib_libmedia:umodsys.mod.media.stdio.obj
 0001:0000128c       ?root_get_other_interface@RGenerator@stdio@media@modules@UModSys@@UBEPBUIRoot@core@5@PBUSUniquePointerInfo@75@@Z 0040228c f i umodsys_lib_libmedia:umodsys.mod.media.stdio.obj
 0001:000012b5       ?root_is_interface_supported@RGenerator@stdio@media@modules@UModSys@@UBE_NPBUSUniquePointerInfo@core@5@@Z 004022b5 f i umodsys_lib_libmedia:umodsys.mod.media.stdio.obj
 0001:000012d4       ?get_uid@RGenerator@stdio@media@modules@UModSys@@UBEPBUSUniquePointerInfo@core@5@XZ 004022d4 f i umodsys_lib_libmedia:umodsys.mod.media.stdio.obj
 0001:000012da       ?do_open@RModuleReg@stdio@media@modules@UModSys@@UAE_NXZ 004022da f i umodsys_lib_libmedia:umodsys.mod.media.stdio.obj
 0001:00001328       ?do_close@RModuleReg@stdio@media@modules@UModSys@@UAE_NXZ 00402328 f i umodsys_lib_libmedia:umodsys.mod.media.stdio.obj
 0001:00001363       ?get_module@RGenerator@stdio@media@modules@UModSys@@UBEPAUIModule@base@5@XZ 00402363 f   umodsys_lib_libmedia:umodsys.mod.media.stdio.obj
 0001:00001369       ?mod_inc@RGenerator@stdio@media@modules@UModSys@@UBE_NXZ 00402369 f   umodsys_lib_libmedia:umodsys.mod.media.stdio.obj
 0001:00001374       ?mod_dec@RGenerator@stdio@media@modules@UModSys@@UBE_NXZ 00402374 f   umodsys_lib_libmedia:umodsys.mod.media.stdio.obj
 0001:0000137f       ?s_holder@RGenerator@stdio@media@modules@UModSys@@SAAAU?$TTypeStaticHolder@URGenerator@stdio@media@modules@UModSys@@@tl@5@XZ 0040237f f   umodsys_lib_libmedia:umodsys.mod.media.stdio.obj
 0001:000013b1       ??0?$TString@U?$TSCoreShared@USIMemAlloc@core@UModSys@@D@su@tl@UModSys@@U?$TComparerBinaryHash@D@234@@tl@UModSys@@QAE@XZ 004023b1 f i umodsys_lib_libmedia:umodsys.mod.media.stdio.obj
 0001:000013c7       ?set@?$TSCoreShared@USIMemAlloc@core@UModSys@@D@su@tl@UModSys@@QAEXPBD@Z 004023c7 f i umodsys_lib_libmedia:umodsys.mod.media.stdio.obj
 0001:000013ec       ?info_release@?$TSCoreShared@USIMemAlloc@core@UModSys@@D@su@tl@UModSys@@QAEXXZ 004023ec f i umodsys_lib_libmedia:umodsys.mod.media.stdio.obj
 0001:00001425       ?info_new@?$TSCoreShared@USIMemAlloc@core@UModSys@@D@su@tl@UModSys@@QAE_NPBDI@Z 00402425 f i umodsys_lib_libmedia:umodsys.mod.media.stdio.obj
 0001:00001489       ?get_null@?$TSCoreShared@USIMemAlloc@core@UModSys@@D@su@tl@UModSys@@SAPAU?$TSharedStringInfo@DUSIMemAlloc@core@UModSys@@@234@XZ 00402489 f i umodsys_lib_libmedia:umodsys.mod.media.stdio.obj
 0001:000014c1       ??$ValidateConstruction@UIStreamReader@libmedia@UModSys@@URStreamReader_FILE@stdio@media@modules@3@@core@UModSys@@YA_NAAU?$TRefObject@UIStreamReader@libmedia@UModSys@@U?$TRefObjectFunc@UIStreamReader@libmedia@UModSys@@@tl@3@@tl@1@PAURStreamReader_FILE@stdio@media@modules@1@@Z 004024c1 f i umodsys_lib_libmedia:umodsys.mod.media.stdio.obj
 0001:00001513       ??$yes@U?$TFlags4StateShift@USMediaFlagUid@libmedia@UModSys@@I$09@tl@UModSys@@@SFlags@libmedia@UModSys@@QBE_NPBUIResolverAuto@012@@Z 00402513 f i umodsys_lib_libmedia:umodsys.mod.media.stdio.obj
 0001:00001564       ??$ValidateConstruction@UIStreamWriter@libmedia@UModSys@@URStreamWriter_FILE@stdio@media@modules@3@@core@UModSys@@YA_NAAU?$TRefObject@UIStreamWriter@libmedia@UModSys@@U?$TRefObjectFunc@UIStreamWriter@libmedia@UModSys@@@tl@3@@tl@1@PAURStreamWriter_FILE@stdio@media@modules@1@@Z 00402564 f i umodsys_lib_libmedia:umodsys.mod.media.stdio.obj
 0001:000015be       ??$t_gen_param@URStreamReader_FILE@stdio@media@modules@UModSys@@URGenerator@2345@@IGenerator@base@UModSys@@IAE_NPAURGenerator@stdio@media@modules@2@AAU?$TRefObject@UIRefObject@core@UModSys@@U?$TRefObjectFunc@UIRefObject@core@UModSys@@@tl@3@@tl@2@PBUSUniquePointerInfo@core@2@ABUSParameters@core@2@@Z 004025be f i umodsys_lib_libmedia:umodsys.mod.media.stdio.obj
 0001:00001649       ??$t_gen_param@URStreamWriter_FILE@stdio@media@modules@UModSys@@URGenerator@2345@@IGenerator@base@UModSys@@IAE_NPAURGenerator@stdio@media@modules@2@AAU?$TRefObject@UIRefObject@core@UModSys@@U?$TRefObjectFunc@UIRefObject@core@UModSys@@@tl@3@@tl@2@PBUSUniquePointerInfo@core@2@ABUSParameters@core@2@@Z 00402649 f i umodsys_lib_libmedia:umodsys.mod.media.stdio.obj
 0001:000016d4       ??$t_gen_param@URDataArchiver_OsDir@stdio@media@modules@UModSys@@URGenerator@2345@@IGenerator@base@UModSys@@IAE_NPAURGenerator@stdio@media@modules@2@AAU?$TRefObject@UIRefObject@core@UModSys@@U?$TRefObjectFunc@UIRefObject@core@UModSys@@@tl@3@@tl@2@PBUSUniquePointerInfo@core@2@ABUSParameters@core@2@@Z 004026d4 f i umodsys_lib_libmedia:umodsys.mod.media.stdio.obj
 0001:0000174f       ??1?$TRefObject@UIModObject@base@UModSys@@U?$TModObjectFunc@UIModObject@base@UModSys@@@tl@3@@tl@UModSys@@QAE@XZ 0040274f f i umodsys_lib_libmedia:umodsys.mod.media.stdio.obj
 0001:00001765       ?s_init@?$TModObjectFunc@UIModObject@base@UModSys@@@tl@UModSys@@SAXAAPAUIModObject@base@3@PAU453@@Z 00402765 f i umodsys_lib_libmedia:umodsys.mod.media.stdio.obj
 0001:0000177e       ?new_data@SMemorySharedData@core@UModSys@@SAPAU123@IPBUSSourceContext@23@@Z 0040277e f i umodsys_lib_libmedia:umodsys.mod.media.stdlib.obj
 0001:000017a2       ??$seq@D@su@tl@UModSys@@YA_NPBD0I@Z 004027a2 f i umodsys_lib_libmedia:umodsys.mod.media.stdlib.obj
 0001:000017bd       ??1SFileInfo@libmedia@UModSys@@QAE@XZ 004027bd f i umodsys_lib_libmedia:umodsys.mod.media.stdlib.obj
 0001:0000180a       ?get_flag@RResolverChain@SFlagsChain@libmedia@UModSys@@UBE?AW4eStates@?$TFlags4State@USMediaFlagUid@libmedia@UModSys@@I@tl@4@H@Z 0040280a f i umodsys_lib_libmedia:umodsys.mod.media.stdlib.obj
 0001:00001830       ?bin_reader@ILibrary@libmedia@UModSys@@QAE?AU?$TRefObject@UIStreamReader@libmedia@UModSys@@U?$TRefObjectFunc@UIStreamReader@libmedia@UModSys@@@tl@3@@tl@3@ABU?$TString@U?$TSCoreConst@D@su@tl@UModSys@@U?$TComparerBinaryHash@D@234@@53@ABU?$TFlags4State@USMediaFlagUid@libmedia@UModSys@@I@53@@Z 00402830 f i umodsys_lib_libmedia:umodsys.mod.media.stdlib.obj
 0001:0000185f       ?bin_writer@ILibrary@libmedia@UModSys@@QAE?AU?$TRefObject@UIStreamWriter@libmedia@UModSys@@U?$TRefObjectFunc@UIStreamWriter@libmedia@UModSys@@@tl@3@@tl@3@ABU?$TString@U?$TSCoreConst@D@su@tl@UModSys@@U?$TComparerBinaryHash@D@234@@53@ABU?$TFlags4State@USMediaFlagUid@libmedia@UModSys@@I@53@@Z 0040285f f i umodsys_lib_libmedia:umodsys.mod.media.stdlib.obj
 0001:0000188e       ?_root_get_other_interface@ILibrary@libmedia@UModSys@@IBEPBUIRoot@core@3@PBUSUniquePointerInfo@53@@Z 0040288e f i umodsys_lib_libmedia:umodsys.mod.media.stdlib.obj
 0001:0000188e       ?_root_get_other_interface@ILibrary@libmedia@UModSys@@IAEPAUIRoot@core@3@PBUSUniquePointerInfo@53@@Z 0040288e f i umodsys_lib_libmedia:umodsys.mod.media.stdlib.obj
 0001:000018aa       ?_root_get_interface_types@ILibrary@libmedia@UModSys@@SAIAAUSUniquePtrList@core@3@@Z 004028aa f i umodsys_lib_libmedia:umodsys.mod.media.stdlib.obj
 0001:000018cc       ?_root_is_interface_supported@ILibrary@libmedia@UModSys@@SA_NPBUSUniquePointerInfo@core@3@@Z 004028cc f i umodsys_lib_libmedia:umodsys.mod.media.stdlib.obj
 0001:000018ec       ??1SLayer@ILibraryLayered@libmedia@UModSys@@QAE@XZ 004028ec f i umodsys_lib_libmedia:umodsys.mod.media.stdlib.obj
 0001:000018ec       ??1SPoint@ILibraryBinTree@libmedia@UModSys@@QAE@XZ 004028ec f i umodsys_lib_libmedia:umodsys.mod.media.stdlib.obj
 0001:000018fd       ?setname@NameNode@IBinArchiveFrame@libmedia@UModSys@@QAEXPAXHABU?$TString@U?$TSCoreConst@D@su@tl@UModSys@@U?$TComparerBinaryHash@D@234@@tl@4@@Z 004028fd f i umodsys_lib_libmedia:umodsys.mod.media.stdlib.obj
 0001:00001945       ?setname@NameNode@IBinArchiveFrame@libmedia@UModSys@@QAEXPAXHABU?$TString@U?$TSCoreConst@D@su@tl@UModSys@@U?$TComparerUtfNocaseHash@D@234@@tl@4@@Z 00402945 f i umodsys_lib_libmedia:umodsys.mod.media.stdlib.obj
 0001:00001995       ??RNameNodeCmpC@IBinArchiveFrame@libmedia@UModSys@@QBEHPBUNameNode@123@@Z 00402995 f i umodsys_lib_libmedia:umodsys.mod.media.stdlib.obj
 0001:000019bf       ??RNameNodeCmpUC@IBinArchiveFrame@libmedia@UModSys@@QBEHPBUNameNode@123@@Z 004029bf f i umodsys_lib_libmedia:umodsys.mod.media.stdlib.obj
 0001:00001a1a       ?root_get_interface_info@RUtilities@stdlib@media@modules@UModSys@@UBEABUSUniquePointerInfo@core@5@XZ 00402a1a f i umodsys_lib_libmedia:umodsys.mod.media.stdlib.obj
 0001:00001a20       ?root_get_interface_type@RUtilities@stdlib@media@modules@UModSys@@UBEPBUSUniquePointerInfo@core@5@XZ 00402a20 f i umodsys_lib_libmedia:umodsys.mod.media.stdlib.obj
 0001:00001a26       ?root_get_other_interface@RUtilities@stdlib@media@modules@UModSys@@UAEPAUIRoot@core@5@PBUSUniquePointerInfo@75@@Z 00402a26 f i umodsys_lib_libmedia:umodsys.mod.media.stdlib.obj
 0001:00001a26       ?root_get_other_interface@RUtilities@stdlib@media@modules@UModSys@@UBEPBUIRoot@core@5@PBUSUniquePointerInfo@75@@Z 00402a26 f i umodsys_lib_libmedia:umodsys.mod.media.stdlib.obj
 0001:00001a47       ?root_is_interface_supported@RUtilities@stdlib@media@modules@UModSys@@UBE_NPBUSUniquePointerInfo@core@5@@Z 00402a47 f i umodsys_lib_libmedia:umodsys.mod.media.stdlib.obj
 0001:00001a6e       ?ref_remove@RGenerator@stdlib@media@modules@UModSys@@UBEXXZ 00402a6e f i umodsys_lib_libmedia:umodsys.mod.media.stdlib.obj
 0001:00001a6e       ?ref_remove@RGenerator@stdio@media@modules@UModSys@@UBEXXZ 00402a6e f i umodsys_lib_libmedia:umodsys.mod.media.stdio.obj
 0001:00001a6e       ?ref_remove@RStreamReader_FILE@stdio@media@modules@UModSys@@UBEXXZ 00402a6e f i umodsys_lib_libmedia:umodsys.mod.media.stdio.obj
 0001:00001a6e       ?ref_remove@RStreamWriter_FILE@stdio@media@modules@UModSys@@UBEXXZ 00402a6e f i umodsys_lib_libmedia:umodsys.mod.media.stdio.obj
 0001:00001a6e       ?ref_remove@RUtilities@stdlib@media@modules@UModSys@@UBEXXZ 00402a6e f i umodsys_lib_libmedia:umodsys.mod.media.stdlib.obj
 0001:00001a79       ?suicide@RStreamReader_FILE@stdio@media@modules@UModSys@@UAEXXZ 00402a79 f i umodsys_lib_libmedia:umodsys.mod.media.stdio.obj
 0001:00001a79       ?suicide@RUtilities@stdlib@media@modules@UModSys@@UAEXXZ 00402a79 f i umodsys_lib_libmedia:umodsys.mod.media.stdlib.obj
 0001:00001a79       ?suicide@RStreamWriter_FILE@stdio@media@modules@UModSys@@UAEXXZ 00402a79 f i umodsys_lib_libmedia:umodsys.mod.media.stdio.obj
 0001:00001ab6       ?root_get_interface_info@RBinArchiveFrame@stdlib@media@modules@UModSys@@UBEABUSUniquePointerInfo@core@5@XZ 00402ab6 f i umodsys_lib_libmedia:umodsys.mod.media.stdlib.obj
 0001:00001abc       ?root_get_interface_type@RBinArchiveFrame@stdlib@media@modules@UModSys@@UBEPBUSUniquePointerInfo@core@5@XZ 00402abc f i umodsys_lib_libmedia:umodsys.mod.media.stdlib.obj
 0001:00001ac2       ?root_get_other_interface@RBinArchiveFrame@stdlib@media@modules@UModSys@@UBEPBUIRoot@core@5@PBUSUniquePointerInfo@75@@Z 00402ac2 f i umodsys_lib_libmedia:umodsys.mod.media.stdlib.obj
 0001:00001ac2       ?root_get_other_interface@RBinArchiveFrame@stdlib@media@modules@UModSys@@UAEPAUIRoot@core@5@PBUSUniquePointerInfo@75@@Z 00402ac2 f i umodsys_lib_libmedia:umodsys.mod.media.stdlib.obj
 0001:00001af3       ?root_is_interface_supported@RBinArchiveFrame@stdlib@media@modules@UModSys@@UBE_NPBUSUniquePointerInfo@core@5@@Z 00402af3 f i umodsys_lib_libmedia:umodsys.mod.media.stdlib.obj
 0001:00001b1a       ?ref_add@RBinArchiveFrame@stdlib@media@modules@UModSys@@UBEXXZ 00402b1a f i umodsys_lib_libmedia:umodsys.mod.media.stdlib.obj
 0001:00001b1e       ?ref_remove@RBinArchiveFrame@stdlib@media@modules@UModSys@@UBEXXZ 00402b1e f i umodsys_lib_libmedia:umodsys.mod.media.stdlib.obj
 0001:00001b29       ?ref_links@RBinArchiveFrame@stdlib@media@modules@UModSys@@UBEHXZ 00402b29 f i umodsys_lib_libmedia:umodsys.mod.media.stdlib.obj
 0001:00001b2d       ?ref_weak@RBinArchiveFrame@stdlib@media@modules@UModSys@@UBE_NAAUWeakPointer@IRefObject@core@5@@Z 00402b2d f i umodsys_lib_libmedia:umodsys.mod.media.stdlib.obj
 0001:00001b4c       ?suicide@RBinArchiveFrame@stdlib@media@modules@UModSys@@UAEXXZ 00402b4c f i umodsys_lib_libmedia:umodsys.mod.media.stdlib.obj
 0001:00001b89       ?root_get_interface_info@RLibraryBinTree@stdlib@media@modules@UModSys@@UBEABUSUniquePointerInfo@core@5@XZ 00402b89 f i umodsys_lib_libmedia:umodsys.mod.media.stdlib.obj
 0001:00001b8f       ?root_get_interface_type@RLibraryBinTree@stdlib@media@modules@UModSys@@UBEPBUSUniquePointerInfo@core@5@XZ 00402b8f f i umodsys_lib_libmedia:umodsys.mod.media.stdlib.obj
 0001:00001b95       ?root_get_other_interface@RLibraryBinTree@stdlib@media@modules@UModSys@@UAEPAUIRoot@core@5@PBUSUniquePointerInfo@75@@Z 00402b95 f i umodsys_lib_libmedia:umodsys.mod.media.stdlib.obj
 0001:00001b95       ?root_get_other_interface@RLibraryBinTree@stdlib@media@modules@UModSys@@UBEPBUIRoot@core@5@PBUSUniquePointerInfo@75@@Z 00402b95 f i umodsys_lib_libmedia:umodsys.mod.media.stdlib.obj
 0001:00001bb6       ?root_is_interface_supported@RLibraryBinTree@stdlib@media@modules@UModSys@@UBE_NPBUSUniquePointerInfo@core@5@@Z 00402bb6 f i umodsys_lib_libmedia:umodsys.mod.media.stdlib.obj
 0001:00001bdd       ?root_get_interface_info@RLibraryBinCache@stdlib@media@modules@UModSys@@UBEABUSUniquePointerInfo@core@5@XZ 00402bdd f i umodsys_lib_libmedia:umodsys.mod.media.stdlib.obj
 0001:00001be3       ?root_get_interface_type@RLibraryBinCache@stdlib@media@modules@UModSys@@UBEPBUSUniquePointerInfo@core@5@XZ 00402be3 f i umodsys_lib_libmedia:umodsys.mod.media.stdlib.obj
 0001:00001be9       ?root_get_other_interface@RLibraryBinCache@stdlib@media@modules@UModSys@@UAEPAUIRoot@core@5@PBUSUniquePointerInfo@75@@Z 00402be9 f i umodsys_lib_libmedia:umodsys.mod.media.stdlib.obj
 0001:00001be9       ?root_get_other_interface@RLibraryBinCache@stdlib@media@modules@UModSys@@UBEPBUIRoot@core@5@PBUSUniquePointerInfo@75@@Z 00402be9 f i umodsys_lib_libmedia:umodsys.mod.media.stdlib.obj
 0001:00001c0a       ?root_is_interface_supported@RLibraryBinCache@stdlib@media@modules@UModSys@@UBE_NPBUSUniquePointerInfo@core@5@@Z 00402c0a f i umodsys_lib_libmedia:umodsys.mod.media.stdlib.obj
 0001:00001c31       ?ref_remove@RLibraryBinCache@stdlib@media@modules@UModSys@@UBEXXZ 00402c31 f i umodsys_lib_libmedia:umodsys.mod.media.stdlib.obj
 0001:00001c31       ?ref_remove@RLibraryLayered@stdlib@media@modules@UModSys@@UBEXXZ 00402c31 f i umodsys_lib_libmedia:umodsys.mod.media.stdlib.obj
 0001:00001c31       ?ref_remove@RDataArchiver_OsDir@stdio@media@modules@UModSys@@UBEXXZ 00402c31 f i umodsys_lib_libmedia:umodsys.mod.media.stdio.obj
 0001:00001c31       ?ref_remove@RLibraryObjFilter@stdlib@media@modules@UModSys@@UBEXXZ 00402c31 f i umodsys_lib_libmedia:umodsys.mod.media.stdlib.obj
 0001:00001c31       ?ref_remove@RParameters@rsystem@base@UModSys@@UBEXXZ 00402c31 f i umodsys_lib_basesys:umodsys.basesys.rparameters.obj
 0001:00001c31       ?ref_remove@RLibraryObjCache@stdlib@media@modules@UModSys@@UBEXXZ 00402c31 f i umodsys_lib_libmedia:umodsys.mod.media.stdlib.obj
 0001:00001c31       ?ref_remove@RLibraryBinTree@stdlib@media@modules@UModSys@@UBEXXZ 00402c31 f i umodsys_lib_libmedia:umodsys.mod.media.stdlib.obj
 0001:00001c3c       ?ref_weak@RLibraryLayered@stdlib@media@modules@UModSys@@UBE_NAAUWeakPointer@IRefObject@core@5@@Z 00402c3c f i umodsys_lib_libmedia:umodsys.mod.media.stdlib.obj
 0001:00001c3c       ?ref_weak@RParameters@rsystem@base@UModSys@@UBE_NAAUWeakPointer@IRefObject@core@4@@Z 00402c3c f i umodsys_lib_basesys:umodsys.basesys.rparameters.obj
 0001:00001c3c       ?ref_weak@RLibraryBinTree@stdlib@media@modules@UModSys@@UBE_NAAUWeakPointer@IRefObject@core@5@@Z 00402c3c f i umodsys_lib_libmedia:umodsys.mod.media.stdlib.obj
 0001:00001c3c       ?ref_weak@RLibraryObjCache@stdlib@media@modules@UModSys@@UBE_NAAUWeakPointer@IRefObject@core@5@@Z 00402c3c f i umodsys_lib_libmedia:umodsys.mod.media.stdlib.obj
 0001:00001c3c       ?ref_weak@RLibraryBinCache@stdlib@media@modules@UModSys@@UBE_NAAUWeakPointer@IRefObject@core@5@@Z 00402c3c f i umodsys_lib_libmedia:umodsys.mod.media.stdlib.obj
 0001:00001c3c       ?ref_weak@RLibraryObjFilter@stdlib@media@modules@UModSys@@UBE_NAAUWeakPointer@IRefObject@core@5@@Z 00402c3c f i umodsys_lib_libmedia:umodsys.mod.media.stdlib.obj
 0001:00001c3c       ?ref_weak@RDataArchiver_OsDir@stdio@media@modules@UModSys@@UBE_NAAUWeakPointer@IRefObject@core@5@@Z 00402c3c f i umodsys_lib_libmedia:umodsys.mod.media.stdio.obj
 0001:00001c5b       ?suicide@RLibraryObjCache@stdlib@media@modules@UModSys@@UAEXXZ 00402c5b f i umodsys_lib_libmedia:umodsys.mod.media.stdlib.obj
 0001:00001c5b       ?suicide@RLibraryLayered@stdlib@media@modules@UModSys@@UAEXXZ 00402c5b f i umodsys_lib_libmedia:umodsys.mod.media.stdlib.obj
 0001:00001c5b       ?suicide@RLibraryBinCache@stdlib@media@modules@UModSys@@UAEXXZ 00402c5b f i umodsys_lib_libmedia:umodsys.mod.media.stdlib.obj
 0001:00001c5b       ?suicide@RLibraryObjFilter@stdlib@media@modules@UModSys@@UAEXXZ 00402c5b f i umodsys_lib_libmedia:umodsys.mod.media.stdlib.obj
 0001:00001c5b       ?suicide@RLibraryBinTree@stdlib@media@modules@UModSys@@UAEXXZ 00402c5b f i umodsys_lib_libmedia:umodsys.mod.media.stdlib.obj
 0001:00001c5b       ?suicide@RDataArchiver_OsDir@stdio@media@modules@UModSys@@UAEXXZ 00402c5b f i umodsys_lib_libmedia:umodsys.mod.media.stdio.obj
 0001:00001c98       ?root_get_interface_info@RLibraryLayered@stdlib@media@modules@UModSys@@UBEABUSUniquePointerInfo@core@5@XZ 00402c98 f i umodsys_lib_libmedia:umodsys.mod.media.stdlib.obj
 0001:00001c9e       ?root_get_interface_type@RLibraryLayered@stdlib@media@modules@UModSys@@UBEPBUSUniquePointerInfo@core@5@XZ 00402c9e f i umodsys_lib_libmedia:umodsys.mod.media.stdlib.obj
 0001:00001ca4       ?root_get_other_interface@RLibraryLayered@stdlib@media@modules@UModSys@@UAEPAUIRoot@core@5@PBUSUniquePointerInfo@75@@Z 00402ca4 f i umodsys_lib_libmedia:umodsys.mod.media.stdlib.obj
 0001:00001ca4       ?root_get_other_interface@RLibraryLayered@stdlib@media@modules@UModSys@@UBEPBUIRoot@core@5@PBUSUniquePointerInfo@75@@Z 00402ca4 f i umodsys_lib_libmedia:umodsys.mod.media.stdlib.obj
 0001:00001cc5       ?root_is_interface_supported@RLibraryLayered@stdlib@media@modules@UModSys@@UBE_NPBUSUniquePointerInfo@core@5@@Z 00402cc5 f i umodsys_lib_libmedia:umodsys.mod.media.stdlib.obj
 0001:00001cec       ?ref_add@RLibraryBinTree@stdlib@media@modules@UModSys@@UBEXXZ 00402cec f i umodsys_lib_libmedia:umodsys.mod.media.stdlib.obj
 0001:00001cec       ?ref_add@RLibraryBinCache@stdlib@media@modules@UModSys@@UBEXXZ 00402cec f i umodsys_lib_libmedia:umodsys.mod.media.stdlib.obj
 0001:00001cec       ?ref_add@RLibraryObjCache@stdlib@media@modules@UModSys@@UBEXXZ 00402cec f i umodsys_lib_libmedia:umodsys.mod.media.stdlib.obj
 0001:00001cec       ?ref_add@RDataArchiver_OsDir@stdio@media@modules@UModSys@@UBEXXZ 00402cec f i umodsys_lib_libmedia:umodsys.mod.media.stdio.obj
 0001:00001cec       ?ref_add@RParameters@rsystem@base@UModSys@@UBEXXZ 00402cec f i umodsys_lib_basesys:umodsys.basesys.rparameters.obj
 0001:00001cec       ?ref_add@RLibraryLayered@stdlib@media@modules@UModSys@@UBEXXZ 00402cec f i umodsys_lib_libmedia:umodsys.mod.media.stdlib.obj
 0001:00001cec       ?ref_add@RLibraryObjFilter@stdlib@media@modules@UModSys@@UBEXXZ 00402cec f i umodsys_lib_libmedia:umodsys.mod.media.stdlib.obj
 0001:00001cf0       ??4SLayerX@RLibraryLayered@stdlib@media@modules@UModSys@@QAEXABUSLayer@ILibraryLayered@libmedia@5@@Z 00402cf0 f i umodsys_lib_libmedia:umodsys.mod.media.stdlib.obj
 0001:00001d39       ?root_get_interface_info@RLibraryObjCache@stdlib@media@modules@UModSys@@UBEABUSUniquePointerInfo@core@5@XZ 00402d39 f i umodsys_lib_libmedia:umodsys.mod.media.stdlib.obj
 0001:00001d3f       ?root_get_interface_type@RLibraryObjCache@stdlib@media@modules@UModSys@@UBEPBUSUniquePointerInfo@core@5@XZ 00402d3f f i umodsys_lib_libmedia:umodsys.mod.media.stdlib.obj
 0001:00001d45       ?root_get_other_interface@RLibraryObjCache@stdlib@media@modules@UModSys@@UBEPBUIRoot@core@5@PBUSUniquePointerInfo@75@@Z 00402d45 f i umodsys_lib_libmedia:umodsys.mod.media.stdlib.obj
 0001:00001d45       ?root_get_other_interface@RLibraryObjCache@stdlib@media@modules@UModSys@@UAEPAUIRoot@core@5@PBUSUniquePointerInfo@75@@Z 00402d45 f i umodsys_lib_libmedia:umodsys.mod.media.stdlib.obj
 0001:00001d66       ?root_is_interface_supported@RLibraryObjCache@stdlib@media@modules@UModSys@@UBE_NPBUSUniquePointerInfo@core@5@@Z 00402d66 f i umodsys_lib_libmedia:umodsys.mod.media.stdlib.obj
 0001:00001d8d       ?ref_links@RLibraryObjFilter@stdlib@media@modules@UModSys@@UBEHXZ 00402d8d f i umodsys_lib_libmedia:umodsys.mod.media.stdlib.obj
 0001:00001d8d       ?ref_links@RLibraryObjCache@stdlib@media@modules@UModSys@@UBEHXZ 00402d8d f i umodsys_lib_libmedia:umodsys.mod.media.stdlib.obj
 0001:00001d8d       ?ref_links@RLibraryLayered@stdlib@media@modules@UModSys@@UBEHXZ 00402d8d f i umodsys_lib_libmedia:umodsys.mod.media.stdlib.obj
 0001:00001d8d       ?ref_links@RParameters@rsystem@base@UModSys@@UBEHXZ 00402d8d f i umodsys_lib_basesys:umodsys.basesys.rparameters.obj
 0001:00001d8d       ?ref_links@RLibraryBinCache@stdlib@media@modules@UModSys@@UBEHXZ 00402d8d f i umodsys_lib_libmedia:umodsys.mod.media.stdlib.obj
 0001:00001d8d       ?get_console@RSystem@rsystem@base@UModSys@@UAEPAUIConsole@34@XZ 00402d8d f i umodsys_lib_basesys:umodsys.basesys.rsystem.obj
 0001:00001d8d       ?ref_links@RLibraryBinTree@stdlib@media@modules@UModSys@@UBEHXZ 00402d8d f i umodsys_lib_libmedia:umodsys.mod.media.stdlib.obj
 0001:00001d8d       ?ref_links@RDataArchiver_OsDir@stdio@media@modules@UModSys@@UBEHXZ 00402d8d f i umodsys_lib_libmedia:umodsys.mod.media.stdio.obj
 0001:00001d91       ?root_get_interface_info@RLibraryObjFilter@stdlib@media@modules@UModSys@@UBEABUSUniquePointerInfo@core@5@XZ 00402d91 f i umodsys_lib_libmedia:umodsys.mod.media.stdlib.obj
 0001:00001d97       ?root_get_interface_type@RLibraryObjFilter@stdlib@media@modules@UModSys@@UBEPBUSUniquePointerInfo@core@5@XZ 00402d97 f i umodsys_lib_libmedia:umodsys.mod.media.stdlib.obj
 0001:00001d9d       ?root_get_other_interface@RLibraryObjFilter@stdlib@media@modules@UModSys@@UAEPAUIRoot@core@5@PBUSUniquePointerInfo@75@@Z 00402d9d f i umodsys_lib_libmedia:umodsys.mod.media.stdlib.obj
 0001:00001d9d       ?root_get_other_interface@RLibraryObjFilter@stdlib@media@modules@UModSys@@UBEPBUIRoot@core@5@PBUSUniquePointerInfo@75@@Z 00402d9d f i umodsys_lib_libmedia:umodsys.mod.media.stdlib.obj
 0001:00001dbe       ?root_is_interface_supported@RLibraryObjFilter@stdlib@media@modules@UModSys@@UBE_NPBUSUniquePointerInfo@core@5@@Z 00402dbe f i umodsys_lib_libmedia:umodsys.mod.media.stdlib.obj
 0001:00001de5       ?get_generated_names@RGenerator@stdlib@media@modules@UModSys@@UBEHAAUSUniquePtrList@core@5@@Z 00402de5 f i umodsys_lib_libmedia:umodsys.mod.media.stdlib.obj
 0001:00001e45       ?get_generated_types@RGenerator@stdlib@media@modules@UModSys@@UBEHAAUSUniquePtrList@core@5@PBUSUniquePointerInfo@75@@Z 00402e45 f i umodsys_lib_libmedia:umodsys.mod.media.stdlib.obj
 0001:00001f4b       ?generate@RGenerator@stdlib@media@modules@UModSys@@UAE_NAAU?$TRefObject@UIRefObject@core@UModSys@@U?$TRefObjectFunc@UIRefObject@core@UModSys@@@tl@3@@tl@5@PBUSUniquePointerInfo@core@5@ABUSParameters@95@@Z 00402f4b f i umodsys_lib_libmedia:umodsys.mod.media.stdlib.obj
 0001:0000202c       ?root_get_interface_info@RGenerator@stdlib@media@modules@UModSys@@UBEABUSUniquePointerInfo@core@5@XZ 0040302c f i umodsys_lib_libmedia:umodsys.mod.media.stdlib.obj
 0001:00002032       ?root_get_interface_type@RGenerator@stdlib@media@modules@UModSys@@UBEPBUSUniquePointerInfo@core@5@XZ 00403032 f i umodsys_lib_libmedia:umodsys.mod.media.stdlib.obj
 0001:00002038       ?root_get_other_interface@RGenerator@stdlib@media@modules@UModSys@@UAEPAUIRoot@core@5@PBUSUniquePointerInfo@75@@Z 00403038 f i umodsys_lib_libmedia:umodsys.mod.media.stdlib.obj
 0001:00002038       ?root_get_other_interface@RGenerator@stdlib@media@modules@UModSys@@UBEPBUIRoot@core@5@PBUSUniquePointerInfo@75@@Z 00403038 f i umodsys_lib_libmedia:umodsys.mod.media.stdlib.obj
 0001:00002061       ?root_is_interface_supported@RGenerator@stdlib@media@modules@UModSys@@UBE_NPBUSUniquePointerInfo@core@5@@Z 00403061 f i umodsys_lib_libmedia:umodsys.mod.media.stdlib.obj
 0001:00002080       ?ref_weak@RGenerator@stdlib@media@modules@UModSys@@UBE_NAAUWeakPointer@IRefObject@core@5@@Z 00403080 f i umodsys_lib_libmedia:umodsys.mod.media.stdlib.obj
 0001:00002080       ?ref_weak@RGenerator@stdio@media@modules@UModSys@@UBE_NAAUWeakPointer@IRefObject@core@5@@Z 00403080 f i umodsys_lib_libmedia:umodsys.mod.media.stdio.obj
 0001:00002080       ?ref_weak@RStreamWriter_FILE@stdio@media@modules@UModSys@@UBE_NAAUWeakPointer@IRefObject@core@5@@Z 00403080 f i umodsys_lib_libmedia:umodsys.mod.media.stdio.obj
 0001:00002080       ?ref_weak@RUtilities@stdlib@media@modules@UModSys@@UBE_NAAUWeakPointer@IRefObject@core@5@@Z 00403080 f i umodsys_lib_libmedia:umodsys.mod.media.stdlib.obj
 0001:00002080       ?ref_weak@RStreamReader_FILE@stdio@media@modules@UModSys@@UBE_NAAUWeakPointer@IRefObject@core@5@@Z 00403080 f i umodsys_lib_libmedia:umodsys.mod.media.stdio.obj
 0001:0000209f       ??3@YAXPAX0@Z              0040309f f i umodsys_lib_libmedia:umodsys.mod.media.stdio.obj
 0001:0000209f       ?suicide@RGenerator@stdio@media@modules@UModSys@@UAEXXZ 0040309f f i umodsys_lib_libmedia:umodsys.mod.media.stdio.obj
 0001:0000209f       ?ref_remove@RConsole_std@rsystem@base@UModSys@@UBEXXZ 0040309f f i umodsys_lib_basesys:umodsys.basesys.rconsole_std.obj
 0001:0000209f       ?suicide@RGenerator@stdlib@media@modules@UModSys@@UAEXXZ 0040309f f i umodsys_lib_libmedia:umodsys.mod.media.stdlib.obj
 0001:0000209f       ?ref_add@RConsole_std@rsystem@base@UModSys@@UBEXXZ 0040309f f i umodsys_lib_basesys:umodsys.basesys.rconsole_std.obj
 0001:000020a0       ?get_uid@RGenerator@stdlib@media@modules@UModSys@@UBEPBUSUniquePointerInfo@core@5@XZ 004030a0 f i umodsys_lib_libmedia:umodsys.mod.media.stdlib.obj
 0001:000020a6       ?buffer_free@RUtilities@stdlib@media@modules@UModSys@@UAE_NAAUSBuffer@libmedia@5@PBUSSourceContext@core@5@@Z 004030a6 f   umodsys_lib_libmedia:umodsys.mod.media.stdlib.obj
 0001:000020e7       ?buffer_alloc@RUtilities@stdlib@media@modules@UModSys@@UAE_NAAUSBuffer@libmedia@5@IPBUSSourceContext@core@5@@Z 004030e7 f   umodsys_lib_libmedia:umodsys.mod.media.stdlib.obj
 0001:000021b2       ?sub_reader@RUtilities@stdlib@media@modules@UModSys@@UAE?AU?$TRefObject@UIStreamReader@libmedia@UModSys@@U?$TRefObjectFunc@UIStreamReader@libmedia@UModSys@@@tl@3@@tl@5@PAUIStreamReader@libmedia@5@_J1@Z 004031b2 f   umodsys_lib_libmedia:umodsys.mod.media.stdlib.obj
 0001:000021b2       ?sub_writer@RUtilities@stdlib@media@modules@UModSys@@UAE?AU?$TRefObject@UIStreamWriter@libmedia@UModSys@@U?$TRefObjectFunc@UIStreamWriter@libmedia@UModSys@@@tl@3@@tl@5@PAUIStreamWriter@libmedia@5@_J1@Z 004031b2 f   umodsys_lib_libmedia:umodsys.mod.media.stdlib.obj
 0001:000021c4       ?mem_reader@RUtilities@stdlib@media@modules@UModSys@@UAE?AU?$TRefObject@UIStreamReader@libmedia@UModSys@@U?$TRefObjectFunc@UIStreamReader@libmedia@UModSys@@@tl@3@@tl@5@ABUSCMemShared@core@5@@Z 004031c4 f   umodsys_lib_libmedia:umodsys.mod.media.stdlib.obj
 0001:000021c4       ?mem_reader@RUtilities@stdlib@media@modules@UModSys@@UAE?AU?$TRefObject@UIStreamReader@libmedia@UModSys@@U?$TRefObjectFunc@UIStreamReader@libmedia@UModSys@@@tl@3@@tl@5@ABUSCMem@core@5@@Z 004031c4 f   umodsys_lib_libmedia:umodsys.mod.media.stdlib.obj
 0001:000021d6       ?mem_writer@RUtilities@stdlib@media@modules@UModSys@@UAE?AU?$TRefObject@UIStreamWriter@libmedia@UModSys@@U?$TRefObjectFunc@UIStreamWriter@libmedia@UModSys@@@tl@3@@tl@5@PBUSMem@core@5@PAUIMemWriterCompleted@IUtilities@libmedia@5@PAUIRefObject@95@@Z 004031d6 f   umodsys_lib_libmedia:umodsys.mod.media.stdlib.obj
 0001:000021e8       ??0RUtilities@stdlib@media@modules@UModSys@@QAE@PAUIModObject@base@4@ABUSParameters@core@4@@Z 004031e8 f   umodsys_lib_libmedia:umodsys.mod.media.stdlib.obj
 0001:00002242       ??_ERUtilities@stdlib@media@modules@UModSys@@UAEPAXI@Z 00403242 f i  CIL library: CIL module
 0001:00002242       ??_GRUtilities@stdlib@media@modules@UModSys@@UAEPAXI@Z 00403242 f i umodsys_lib_libmedia:umodsys.mod.media.stdlib.obj
 0001:0000226f       ?get_flag@RBinArchiveFrame@stdlib@media@modules@UModSys@@UBE?AW4eStates@?$TFlags4State@USMediaFlagUid@libmedia@UModSys@@I@tl@5@H@Z 0040326f f   umodsys_lib_libmedia:umodsys.mod.media.stdlib.obj
 0001:00002282       ?get_flags_auto@RBinArchiveFrame@stdlib@media@modules@UModSys@@UBE?AU?$TFlags4State@USMediaFlagUid@libmedia@UModSys@@I@tl@5@XZ 00403282 f   umodsys_lib_libmedia:umodsys.mod.media.stdlib.obj
 0001:00002291       ?set_flag@RBinArchiveFrame@stdlib@media@modules@UModSys@@UAE?AW4eStates@?$TFlags4State@USMediaFlagUid@libmedia@UModSys@@I@tl@5@HW46785@@Z 00403291 f   umodsys_lib_libmedia:umodsys.mod.media.stdlib.obj
 0001:000022be       ?data_reader@RBinArchiveFrame@stdlib@media@modules@UModSys@@UAE?AU?$TRefObject@UIStreamReader@libmedia@UModSys@@U?$TRefObjectFunc@UIStreamReader@libmedia@UModSys@@@tl@3@@tl@5@ABU?$TString@U?$TSCoreConst@D@su@tl@UModSys@@U?$TComparerBinaryHash@D@234@@75@ABUSFlags@libmedia@5@@Z 004032be f   umodsys_lib_libmedia:umodsys.mod.media.stdlib.obj
 0001:0000234f       ?data_writer@RBinArchiveFrame@stdlib@media@modules@UModSys@@UAE?AU?$TRefObject@UIStreamWriter@libmedia@UModSys@@U?$TRefObjectFunc@UIStreamWriter@libmedia@UModSys@@@tl@3@@tl@5@ABU?$TString@U?$TSCoreConst@D@su@tl@UModSys@@U?$TComparerBinaryHash@D@234@@75@ABUSFlags@libmedia@5@@Z 0040334f f   umodsys_lib_libmedia:umodsys.mod.media.stdlib.obj
 0001:00002383       ?data_load@RBinArchiveFrame@stdlib@media@modules@UModSys@@UAE_NABU?$TString@U?$TSCoreConst@D@su@tl@UModSys@@U?$TComparerBinaryHash@D@234@@tl@5@AAUSCMemShared@core@5@ABUSFlags@libmedia@5@@Z 00403383 f   umodsys_lib_libmedia:umodsys.mod.media.stdlib.obj
 0001:000023b3       ?data_save@RBinArchiveFrame@stdlib@media@modules@UModSys@@UAE_NABU?$TString@U?$TSCoreConst@D@su@tl@UModSys@@U?$TComparerBinaryHash@D@234@@tl@5@ABUSCMem@core@5@ABUSFlags@libmedia@5@@Z 004033b3 f   umodsys_lib_libmedia:umodsys.mod.media.stdlib.obj
 0001:000023db       ?data_list@RBinArchiveFrame@stdlib@media@modules@UModSys@@UAE_NABU?$TString@U?$TSCoreConst@D@su@tl@UModSys@@U?$TComparerBinaryHash@D@234@@tl@5@IAAU?$TIStackSocket@USFileInfo@libmedia@UModSys@@@75@ABUSFlags@libmedia@5@@Z 004033db f   umodsys_lib_libmedia:umodsys.mod.media.stdlib.obj
 0001:00002523       ?data_info@RBinArchiveFrame@stdlib@media@modules@UModSys@@UAE_NABU?$TString@U?$TSCoreConst@D@su@tl@UModSys@@U?$TComparerBinaryHash@D@234@@tl@5@IAAUSFileInfo@libmedia@5@ABUSFlags@95@@Z 00403523 f   umodsys_lib_libmedia:umodsys.mod.media.stdlib.obj
 0001:000025e3       ?get_permissions@RBinArchiveFrame@stdlib@media@modules@UModSys@@UAEHXZ 004035e3 f   umodsys_lib_libmedia:umodsys.mod.media.stdlib.obj
 0001:000025f0       ?open@RBinArchiveFrame@stdlib@media@modules@UModSys@@UAE_NPAUIClient@IBinArchiveFrame@libmedia@5@PBUSParameters@core@5@@Z 004035f0 f   umodsys_lib_libmedia:umodsys.mod.media.stdlib.obj
 0001:0000289a       ?close@RBinArchiveFrame@stdlib@media@modules@UModSys@@UAE_NXZ 0040389a f   umodsys_lib_libmedia:umodsys.mod.media.stdlib.obj
 0001:00002911       ?add_node_r@RBinArchiveFrame@stdlib@media@modules@UModSys@@UAEPAUNameNode@IBinArchiveFrame@libmedia@5@ABU?$TString@U?$TSCoreConst@D@su@tl@UModSys@@U?$TComparerBinaryHash@D@234@@tl@5@IAAUSMem@core@5@@Z 00403911 f   umodsys_lib_libmedia:umodsys.mod.media.stdlib.obj
 0001:00002996       ?add_node_w@RBinArchiveFrame@stdlib@media@modules@UModSys@@UAEPAUNameNode@IBinArchiveFrame@libmedia@5@ABU?$TString@U?$TSCoreConst@D@su@tl@UModSys@@U?$TComparerBinaryHash@D@234@@tl@5@I@Z 00403996 f   umodsys_lib_libmedia:umodsys.mod.media.stdlib.obj
 0001:00002a34       ?remove_node@RBinArchiveFrame@stdlib@media@modules@UModSys@@UAE_NPAUNameNode@IBinArchiveFrame@libmedia@5@@Z 00403a34 f   umodsys_lib_libmedia:umodsys.mod.media.stdlib.obj
 0001:00002a55       ?find_node@RBinArchiveFrame@stdlib@media@modules@UModSys@@UAEPAUNameNode@IBinArchiveFrame@libmedia@5@ABU?$TString@U?$TSCoreConst@D@su@tl@UModSys@@U?$TComparerBinaryHash@D@234@@tl@5@@Z 00403a55 f   umodsys_lib_libmedia:umodsys.mod.media.stdlib.obj
 0001:00002ad9       ?node_size@RBinArchiveFrame@stdlib@media@modules@UModSys@@UAEIABU?$TString@U?$TSCoreConst@D@su@tl@UModSys@@U?$TComparerBinaryHash@D@234@@tl@5@H@Z 00403ad9 f   umodsys_lib_libmedia:umodsys.mod.media.stdlib.obj
 0001:00002aee       ?kill_node@RBinArchiveFrame@stdlib@media@modules@UModSys@@SA_NPAUNameNode@IBinArchiveFrame@libmedia@5@@Z 00403aee f   umodsys_lib_libmedia:umodsys.mod.media.stdlib.obj
 0001:00002b09       ?fill_info@RBinArchiveFrame@stdlib@media@modules@UModSys@@QAE_NAAUSFileInfo@libmedia@5@PAUNameNode@IBinArchiveFrame@75@ABU?$TString@U?$TSCoreConst@D@su@tl@UModSys@@U?$TComparerBinaryHash@D@234@@tl@5@I@Z 00403b09 f   umodsys_lib_libmedia:umodsys.mod.media.stdlib.obj
 0001:00002c6c       ??1?$TStringBuf@U?$TSCoreShared@USIMemAlloc@core@UModSys@@D@su@tl@UModSys@@U?$TComparerBinaryHash@D@234@@tl@UModSys@@QAE@XZ 00403c6c f i umodsys_lib_libmedia:umodsys.mod.media.stdlib.obj
 0001:00002c6c       ??1?$TSCoreShared@USIMemAlloc@core@UModSys@@D@su@tl@UModSys@@QAE@XZ 00403c6c f i umodsys_lib_libmedia:umodsys.mod.media.stdio.obj
 0001:00002c6c       ??1?$TString@U?$TSCoreShared@USIMemAlloc@core@UModSys@@D@su@tl@UModSys@@U?$TComparerBinaryHash@D@234@@tl@UModSys@@QAE@XZ 00403c6c f i umodsys_lib_libmedia:umodsys.mod.media.stdio.obj
 0001:00002c71       ?openr@RBinArchiveFrame@stdlib@media@modules@UModSys@@QAE_NPAUILibrary@libmedia@5@ABU?$TString@U?$TSCoreConst@D@su@tl@UModSys@@U?$TComparerBinaryHash@D@234@@tl@5@PBUSParameters@core@5@@Z 00403c71 f   umodsys_lib_libmedia:umodsys.mod.media.stdlib.obj
 0001:00002d4c       ?closew@RBinArchiveFrame@stdlib@media@modules@UModSys@@QAE_N_N@Z 00403d4c f   umodsys_lib_libmedia:umodsys.mod.media.stdlib.obj
 0001:00002e1a       ??0RBinArchiveFrame@stdlib@media@modules@UModSys@@QAE@PAUIModObject@base@4@ABUSParameters@core@4@U?$TFlags4State@USMediaFlagUid@libmedia@UModSys@@I@tl@4@@Z 00403e1a f   umodsys_lib_libmedia:umodsys.mod.media.stdlib.obj
 0001:00002ece       ??_ERBinArchiveFrame@stdlib@media@modules@UModSys@@UAEPAXI@Z 00403ece f i  CIL library: CIL module
 0001:00002ece       ??_GRBinArchiveFrame@stdlib@media@modules@UModSys@@UAEPAXI@Z 00403ece f i umodsys_lib_libmedia:umodsys.mod.media.stdlib.obj
 0001:00002eeb       ??1IBinArchiveFrame@libmedia@UModSys@@UAE@XZ 00403eeb f i umodsys_lib_libmedia:umodsys.mod.media.stdlib.obj
 0001:00002f51       ??1RBinArchiveFrame@stdlib@media@modules@UModSys@@UAE@XZ 00403f51 f   umodsys_lib_libmedia:umodsys.mod.media.stdlib.obj
 0001:00002fd4       ??0RLibraryBinTree@stdlib@media@modules@UModSys@@QAE@PAUIModObject@base@4@ABUSParameters@core@4@U?$TFlags4State@USMediaFlagUid@libmedia@UModSys@@I@tl@4@@Z 00403fd4 f   umodsys_lib_libmedia:umodsys.mod.media.stdlib.obj
 0001:00003034       ??_ERLibraryBinTree@stdlib@media@modules@UModSys@@UAEPAXI@Z 00404034 f i  CIL library: CIL module
 0001:00003034       ??_GRLibraryBinTree@stdlib@media@modules@UModSys@@UAEPAXI@Z 00404034 f i umodsys_lib_libmedia:umodsys.mod.media.stdlib.obj
 0001:00003095       ?get_flags_auto@RLibraryBinTree@stdlib@media@modules@UModSys@@UBE?AU?$TFlags4State@USMediaFlagUid@libmedia@UModSys@@I@tl@5@XZ 00404095 f   umodsys_lib_libmedia:umodsys.mod.media.stdlib.obj
 0001:000030a4       ?set_flag@RLibraryObjFilter@stdlib@media@modules@UModSys@@UAE?AW4eStates@?$TFlags4State@USMediaFlagUid@libmedia@UModSys@@I@tl@5@HW46785@@Z 004040a4 f   umodsys_lib_libmedia:umodsys.mod.media.stdlib.obj
 0001:000030a4       ?set_flag@RLibraryBinCache@stdlib@media@modules@UModSys@@UAE?AW4eStates@?$TFlags4State@USMediaFlagUid@libmedia@UModSys@@I@tl@5@HW46785@@Z 004040a4 f   umodsys_lib_libmedia:umodsys.mod.media.stdlib.obj
 0001:000030a4       ?set_flag@RLibraryObjCache@stdlib@media@modules@UModSys@@UAE?AW4eStates@?$TFlags4State@USMediaFlagUid@libmedia@UModSys@@I@tl@5@HW46785@@Z 004040a4 f   umodsys_lib_libmedia:umodsys.mod.media.stdlib.obj
 0001:000030a4       ?set_flag@RLibraryBinTree@stdlib@media@modules@UModSys@@UAE?AW4eStates@?$TFlags4State@USMediaFlagUid@libmedia@UModSys@@I@tl@5@HW46785@@Z 004040a4 f   umodsys_lib_libmedia:umodsys.mod.media.stdlib.obj
 0001:000030d1       ?bin_reader@RLibraryBinTree@stdlib@media@modules@UModSys@@UAE?AU?$TRefObject@UIStreamReader@libmedia@UModSys@@U?$TRefObjectFunc@UIStreamReader@libmedia@UModSys@@@tl@3@@tl@5@ABU?$TString@U?$TSCoreConst@D@su@tl@UModSys@@U?$TComparerBinaryHash@D@234@@75@ABUSFlags@libmedia@5@@Z 004040d1 f   umodsys_lib_libmedia:umodsys.mod.media.stdlib.obj
 0001:000031c0       ?bin_writer@RLibraryBinTree@stdlib@media@modules@UModSys@@UAE?AU?$TRefObject@UIStreamWriter@libmedia@UModSys@@U?$TRefObjectFunc@UIStreamWriter@libmedia@UModSys@@@tl@3@@tl@5@ABU?$TString@U?$TSCoreConst@D@su@tl@UModSys@@U?$TComparerBinaryHash@D@234@@75@ABUSFlags@libmedia@5@@Z 004041c0 f   umodsys_lib_libmedia:umodsys.mod.media.stdlib.obj
 0001:000032af       ?bin_load@RLibraryBinTree@stdlib@media@modules@UModSys@@UAE_NABU?$TString@U?$TSCoreConst@D@su@tl@UModSys@@U?$TComparerBinaryHash@D@234@@tl@5@AAUSCMemShared@core@5@ABUSFlags@libmedia@5@@Z 004042af f   umodsys_lib_libmedia:umodsys.mod.media.stdlib.obj
 0001:00003361       ?bin_save@RLibraryBinTree@stdlib@media@modules@UModSys@@UAE_NABU?$TString@U?$TSCoreConst@D@su@tl@UModSys@@U?$TComparerBinaryHash@D@234@@tl@5@ABUSCMem@core@5@ABUSFlags@libmedia@5@@Z 00404361 f   umodsys_lib_libmedia:umodsys.mod.media.stdlib.obj
 0001:00003407       ?bin_info@RLibraryBinTree@stdlib@media@modules@UModSys@@UAE_NABU?$TString@U?$TSCoreConst@D@su@tl@UModSys@@U?$TComparerBinaryHash@D@234@@tl@5@AAUSFileInfo@libmedia@5@ABUSFlags@95@@Z 00404407 f   umodsys_lib_libmedia:umodsys.mod.media.stdlib.obj
 0001:0000349f       ?bin_list@RLibraryBinTree@stdlib@media@modules@UModSys@@UAE_NABU?$TString@U?$TSCoreConst@D@su@tl@UModSys@@U?$TComparerBinaryHash@D@234@@tl@5@AAU?$TIStackSocket@USFileInfo@libmedia@UModSys@@@75@ABUSFlags@libmedia@5@@Z 0040449f f   umodsys_lib_libmedia:umodsys.mod.media.stdlib.obj
 0001:00003544       ?mount_get@RLibraryBinTree@stdlib@media@modules@UModSys@@UBE?AUSPoint@ILibraryBinTree@libmedia@5@ABUSId@785@@Z 00404544 f   umodsys_lib_libmedia:umodsys.mod.media.stdlib.obj
 0001:00003593       ?mount_add@RLibraryBinTree@stdlib@media@modules@UModSys@@UAE_NABUSId@ILibraryBinTree@libmedia@5@ABUSPoint@785@@Z 00404593 f   umodsys_lib_libmedia:umodsys.mod.media.stdlib.obj
 0001:0000366d       ?mount_remove@RLibraryBinTree@stdlib@media@modules@UModSys@@UAE_NABUSId@ILibraryBinTree@libmedia@5@@Z 0040466d f   umodsys_lib_libmedia:umodsys.mod.media.stdlib.obj
 0001:000036a4       ?mount_clear@RLibraryBinTree@stdlib@media@modules@UModSys@@UAE_NXZ 004046a4 f   umodsys_lib_libmedia:umodsys.mod.media.stdlib.obj
 0001:000036c2       ??0RLibraryBinCache@stdlib@media@modules@UModSys@@QAE@PAUIModObject@base@4@ABUSParameters@core@4@U?$TFlags4State@USMediaFlagUid@libmedia@UModSys@@I@tl@4@@Z 004046c2 f   umodsys_lib_libmedia:umodsys.mod.media.stdlib.obj
 0001:00003722       ??_ERLibraryBinCache@stdlib@media@modules@UModSys@@UAEPAXI@Z 00404722 f i  CIL library: CIL module
 0001:00003722       ??_GRLibraryBinCache@stdlib@media@modules@UModSys@@UAEPAXI@Z 00404722 f i umodsys_lib_libmedia:umodsys.mod.media.stdlib.obj
 0001:00003783       ?get_flags_auto@RLibraryBinCache@stdlib@media@modules@UModSys@@UBE?AU?$TFlags4State@USMediaFlagUid@libmedia@UModSys@@I@tl@5@XZ 00404783 f   umodsys_lib_libmedia:umodsys.mod.media.stdlib.obj
 0001:00003792       ?bin_writer@ILibrary@libmedia@UModSys@@UAE?AU?$TRefObject@UIStreamWriter@libmedia@UModSys@@U?$TRefObjectFunc@UIStreamWriter@libmedia@UModSys@@@tl@3@@tl@3@ABU?$TString@U?$TSCoreConst@D@su@tl@UModSys@@U?$TComparerBinaryHash@D@234@@53@ABUSFlags@23@@Z 00404792 f   umodsys_lib_libmedia:umodsys.lib.media.library.obj
 0001:00003792       ?bin_reader@ILibrary@libmedia@UModSys@@UAE?AU?$TRefObject@UIStreamReader@libmedia@UModSys@@U?$TRefObjectFunc@UIStreamReader@libmedia@UModSys@@@tl@3@@tl@3@ABU?$TString@U?$TSCoreConst@D@su@tl@UModSys@@U?$TComparerBinaryHash@D@234@@53@ABUSFlags@23@@Z 00404792 f   umodsys_lib_libmedia:umodsys.lib.media.library.obj
 0001:00003792       ?bin_reader@RLibraryBinCache@stdlib@media@modules@UModSys@@UAE?AU?$TRefObject@UIStreamReader@libmedia@UModSys@@U?$TRefObjectFunc@UIStreamReader@libmedia@UModSys@@@tl@3@@tl@5@ABU?$TString@U?$TSCoreConst@D@su@tl@UModSys@@U?$TComparerBinaryHash@D@234@@75@ABUSFlags@libmedia@5@@Z 00404792 f   umodsys_lib_libmedia:umodsys.mod.media.stdlib.obj
 0001:00003792       ?bin_writer@RLibraryBinCache@stdlib@media@modules@UModSys@@UAE?AU?$TRefObject@UIStreamWriter@libmedia@UModSys@@U?$TRefObjectFunc@UIStreamWriter@libmedia@UModSys@@@tl@3@@tl@5@ABU?$TString@U?$TSCoreConst@D@su@tl@UModSys@@U?$TComparerBinaryHash@D@234@@75@ABUSFlags@libmedia@5@@Z 00404792 f   umodsys_lib_libmedia:umodsys.mod.media.stdlib.obj
 0001:000037a4       ?bin_load@RLibraryBinCache@stdlib@media@modules@UModSys@@UAE_NABU?$TString@U?$TSCoreConst@D@su@tl@UModSys@@U?$TComparerBinaryHash@D@234@@tl@5@AAUSCMemShared@core@5@ABUSFlags@libmedia@5@@Z 004047a4 f   umodsys_lib_libmedia:umodsys.mod.media.stdlib.obj
 0001:000037fb       ?bin_put@RLibraryBinCache@stdlib@media@modules@UModSys@@UAE_NABU?$TString@U?$TSCoreConst@D@su@tl@UModSys@@U?$TComparerBinaryHash@D@234@@tl@5@PBUSCMemShared@core@5@@Z 004047fb f   umodsys_lib_libmedia:umodsys.mod.media.stdlib.obj
 0001:00003811       ?bincache_get@RLibraryBinCache@stdlib@media@modules@UModSys@@UBE_NABU?$TString@U?$TSCoreConst@D@su@tl@UModSys@@U?$TComparerBinaryHash@D@234@@tl@5@PAUSCMemShared@core@5@PA_N@Z 00404811 f   umodsys_lib_libmedia:umodsys.mod.media.stdlib.obj
 0001:00003863       ?bincache_add@RLibraryBinCache@stdlib@media@modules@UModSys@@UAE_NABU?$TString@U?$TSCoreConst@D@su@tl@UModSys@@U?$TComparerBinaryHash@D@234@@tl@5@@Z 00404863 f   umodsys_lib_libmedia:umodsys.mod.media.stdlib.obj
 0001:000038a9       ?bincache_add@RLibraryBinCache@stdlib@media@modules@UModSys@@UAE_NABU?$TString@U?$TSCoreConst@D@su@tl@UModSys@@U?$TComparerBinaryHash@D@234@@tl@5@ABUSCMemShared@core@5@@Z 004048a9 f   umodsys_lib_libmedia:umodsys.mod.media.stdlib.obj
 0001:000038bb       ?bincache_remove@RLibraryBinCache@stdlib@media@modules@UModSys@@UAE_NABU?$TString@U?$TSCoreConst@D@su@tl@UModSys@@U?$TComparerBinaryHash@D@234@@tl@5@@Z 004048bb f   umodsys_lib_libmedia:umodsys.mod.media.stdlib.obj
 0001:000038f2       ?bincache_clear@RLibraryBinCache@stdlib@media@modules@UModSys@@UAE_NXZ 004048f2 f   umodsys_lib_libmedia:umodsys.mod.media.stdlib.obj
 0001:00003910       ?bincache_add@RLibraryBinCache@stdlib@media@modules@UModSys@@QAE_NABU?$TString@U?$TSCoreConst@D@su@tl@UModSys@@U?$TComparerBinaryHash@D@234@@tl@5@ABUSCMemShared@core@5@_N@Z 00404910 f   umodsys_lib_libmedia:umodsys.mod.media.stdlib.obj
 0001:000039bd       ??0RLibraryLayered@stdlib@media@modules@UModSys@@QAE@PAUIModObject@base@4@ABUSParameters@core@4@U?$TFlags4State@USMediaFlagUid@libmedia@UModSys@@I@tl@4@@Z 004049bd f   umodsys_lib_libmedia:umodsys.mod.media.stdlib.obj
 0001:00003a2e       ??_ERLibraryLayered@stdlib@media@modules@UModSys@@UAEPAXI@Z 00404a2e f i  CIL library: CIL module
 0001:00003a2e       ??_GRLibraryLayered@stdlib@media@modules@UModSys@@UAEPAXI@Z 00404a2e f i umodsys_lib_libmedia:umodsys.mod.media.stdlib.obj
 0001:00003a62       ?get_flag@RLibraryLayered@stdlib@media@modules@UModSys@@UBE?AW4eStates@?$TFlags4State@USMediaFlagUid@libmedia@UModSys@@I@tl@5@H@Z 00404a62 f   umodsys_lib_libmedia:umodsys.mod.media.stdlib.obj
 0001:00003a75       ?get_flags_auto@RLibraryLayered@stdlib@media@modules@UModSys@@UBE?AU?$TFlags4State@USMediaFlagUid@libmedia@UModSys@@I@tl@5@XZ 00404a75 f   umodsys_lib_libmedia:umodsys.mod.media.stdlib.obj
 0001:00003a84       ?set_flag@RLibraryLayered@stdlib@media@modules@UModSys@@UAE?AW4eStates@?$TFlags4State@USMediaFlagUid@libmedia@UModSys@@I@tl@5@HW46785@@Z 00404a84 f   umodsys_lib_libmedia:umodsys.mod.media.stdlib.obj
 0001:00003ab1       ?bin_reader@RLibraryLayered@stdlib@media@modules@UModSys@@UAE?AU?$TRefObject@UIStreamReader@libmedia@UModSys@@U?$TRefObjectFunc@UIStreamReader@libmedia@UModSys@@@tl@3@@tl@5@ABU?$TString@U?$TSCoreConst@D@su@tl@UModSys@@U?$TComparerBinaryHash@D@234@@75@ABUSFlags@libmedia@5@@Z 00404ab1 f   umodsys_lib_libmedia:umodsys.mod.media.stdlib.obj
 0001:00003b62       ?bin_writer@RLibraryLayered@stdlib@media@modules@UModSys@@UAE?AU?$TRefObject@UIStreamWriter@libmedia@UModSys@@U?$TRefObjectFunc@UIStreamWriter@libmedia@UModSys@@@tl@3@@tl@5@ABU?$TString@U?$TSCoreConst@D@su@tl@UModSys@@U?$TComparerBinaryHash@D@234@@75@ABUSFlags@libmedia@5@@Z 00404b62 f   umodsys_lib_libmedia:umodsys.mod.media.stdlib.obj
 0001:00003c13       ?bin_load@RLibraryLayered@stdlib@media@modules@UModSys@@UAE_NABU?$TString@U?$TSCoreConst@D@su@tl@UModSys@@U?$TComparerBinaryHash@D@234@@tl@5@AAUSCMemShared@core@5@ABUSFlags@libmedia@5@@Z 00404c13 f   umodsys_lib_libmedia:umodsys.mod.media.stdlib.obj
 0001:00003d1a       ?bin_save@RLibraryLayered@stdlib@media@modules@UModSys@@UAE_NABU?$TString@U?$TSCoreConst@D@su@tl@UModSys@@U?$TComparerBinaryHash@D@234@@tl@5@ABUSCMem@core@5@ABUSFlags@libmedia@5@@Z 00404d1a f   umodsys_lib_libmedia:umodsys.mod.media.stdlib.obj
 0001:00003e37       ?bin_info@RLibraryLayered@stdlib@media@modules@UModSys@@UAE_NABU?$TString@U?$TSCoreConst@D@su@tl@UModSys@@U?$TComparerBinaryHash@D@234@@tl@5@AAUSFileInfo@libmedia@5@ABUSFlags@95@@Z 00404e37 f   umodsys_lib_libmedia:umodsys.mod.media.stdlib.obj
 0001:00003ea7       ?bin_list@RLibraryLayered@stdlib@media@modules@UModSys@@UAE_NABU?$TString@U?$TSCoreConst@D@su@tl@UModSys@@U?$TComparerBinaryHash@D@234@@tl@5@AAU?$TIStackSocket@USFileInfo@libmedia@UModSys@@@75@ABUSFlags@libmedia@5@@Z 00404ea7 f   umodsys_lib_libmedia:umodsys.mod.media.stdlib.obj
 0001:00003f1d       ?bin_get@RLibraryLayered@stdlib@media@modules@UModSys@@UAE_NABU?$TString@U?$TSCoreConst@D@su@tl@UModSys@@U?$TComparerBinaryHash@D@234@@tl@5@AAUSCMemShared@core@5@_N@Z 00404f1d f   umodsys_lib_libmedia:umodsys.mod.media.stdlib.obj
 0001:00003f5f       ?bin_put@RLibraryLayered@stdlib@media@modules@UModSys@@UAE_NABU?$TString@U?$TSCoreConst@D@su@tl@UModSys@@U?$TComparerBinaryHash@D@234@@tl@5@PBUSCMemShared@core@5@@Z 00404f5f f   umodsys_lib_libmedia:umodsys.mod.media.stdlib.obj
 0001:00003f9d       ?obj_fget@RLibraryLayered@stdlib@media@modules@UModSys@@UAE_NABUSInfo@IBinObjFilter@libmedia@5@AAU?$TRefObject@UIRefObject@core@UModSys@@U?$TRefObjectFunc@UIRefObject@core@UModSys@@@tl@3@@tl@5@@Z 00404f9d f   umodsys_lib_libmedia:umodsys.mod.media.stdlib.obj
 0001:00003fdb       ?obj_fload@RLibraryLayered@stdlib@media@modules@UModSys@@UAE_NABUSInfo@IBinObjFilter@libmedia@5@PAUIRefObject@core@5@@Z 00404fdb f   umodsys_lib_libmedia:umodsys.mod.media.stdlib.obj
 0001:00004019       ?obj_fsave@RLibraryLayered@stdlib@media@modules@UModSys@@UAE_NAAUSInfo@IBinObjFilter@libmedia@5@PBUIRefObject@core@5@@Z 00405019 f   umodsys_lib_libmedia:umodsys.mod.media.stdlib.obj
 0001:00004057       ?obj_cget@RLibraryLayered@stdlib@media@modules@UModSys@@UAE_NABU?$TString@U?$TSCoreConst@D@su@tl@UModSys@@U?$TComparerBinaryHash@D@234@@tl@5@AAU?$TRefObject@UIRefObject@core@UModSys@@U?$TRefObjectFunc@UIRefObject@core@UModSys@@@tl@3@@75@_N@Z 00405057 f   umodsys_lib_libmedia:umodsys.mod.media.stdlib.obj
 0001:00004099       ?obj_cput@RLibraryLayered@stdlib@media@modules@UModSys@@UAE_NABU?$TString@U?$TSCoreConst@D@su@tl@UModSys@@U?$TComparerBinaryHash@D@234@@tl@5@PAUIRefObject@core@5@@Z 00405099 f   umodsys_lib_libmedia:umodsys.mod.media.stdlib.obj
 0001:000040d7       ?obj_get@RLibraryLayered@stdlib@media@modules@UModSys@@UAE_NABU?$TString@U?$TSCoreConst@D@su@tl@UModSys@@U?$TComparerBinaryHash@D@234@@tl@5@AAU?$TRefObject@UIRefObject@core@UModSys@@U?$TRefObjectFunc@UIRefObject@core@UModSys@@@tl@3@@75@ABUSObjOptions@ILibrary@libmedia@5@@Z 004050d7 f   umodsys_lib_libmedia:umodsys.mod.media.stdlib.obj
 0001:00004277       ??1SCMemShared@core@UModSys@@QAE@XZ 00405277 f i umodsys_lib_libmedia:umodsys.mod.media.stdlib.obj
 0001:00004277       ??1SInfo@IBinObjFilter@libmedia@UModSys@@QAE@XZ 00405277 f i umodsys_lib_libmedia:umodsys.mod.media.stdlib.obj
 0001:00004277       ??1SMemShared@core@UModSys@@QAE@XZ 00405277 f i umodsys_lib_libmedia:umodsys.mod.media.stdio.obj
 0001:00004281       ?obj_load@RLibraryLayered@stdlib@media@modules@UModSys@@UAE_NABU?$TString@U?$TSCoreConst@D@su@tl@UModSys@@U?$TComparerBinaryHash@D@234@@tl@5@PAUIRefObject@core@5@ABUSObjOptions@ILibrary@libmedia@5@@Z 00405281 f   umodsys_lib_libmedia:umodsys.mod.media.stdlib.obj
 0001:00004382       ?obj_save@RLibraryLayered@stdlib@media@modules@UModSys@@UAE_NABU?$TString@U?$TSCoreConst@D@su@tl@UModSys@@U?$TComparerBinaryHash@D@234@@tl@5@PBUIRefObject@core@5@ABUSObjOptions@ILibrary@libmedia@5@@Z 00405382 f   umodsys_lib_libmedia:umodsys.mod.media.stdlib.obj
 0001:000044aa       ?layer_count@RLibraryLayered@stdlib@media@modules@UModSys@@UBEIABUSLayer@ILibraryLayered@libmedia@5@@Z 004054aa f   umodsys_lib_libmedia:umodsys.mod.media.stdlib.obj
 0001:000044b0       ?layer_get@RLibraryLayered@stdlib@media@modules@UModSys@@UBE?AUSLayer@ILibraryLayered@libmedia@5@I@Z 004054b0 f   umodsys_lib_libmedia:umodsys.mod.media.stdlib.obj
 0001:000044d3       ??0SLayer@ILibraryLayered@libmedia@UModSys@@QAE@ABU0123@@Z 004054d3 f i umodsys_lib_libmedia:umodsys.mod.media.stdlib.obj
 0001:000044ff       ?layer_find@RLibraryLayered@stdlib@media@modules@UModSys@@UBEIABU?$TString@U?$TSCoreConst@D@su@tl@UModSys@@U?$TComparerBinaryHash@D@234@@tl@5@I@Z 004054ff f   umodsys_lib_libmedia:umodsys.mod.media.stdlib.obj
 0001:00004547       ?layer_insert@RLibraryLayered@stdlib@media@modules@UModSys@@UAE_NABUSLayer@ILibraryLayered@libmedia@5@I@Z 00405547 f   umodsys_lib_libmedia:umodsys.mod.media.stdlib.obj
 0001:000045ba       ?layer_remove@RLibraryLayered@stdlib@media@modules@UModSys@@UAE_NI@Z 004055ba f   umodsys_lib_libmedia:umodsys.mod.media.stdlib.obj
 0001:00004604       ?layer_clear@RLibraryLayered@stdlib@media@modules@UModSys@@UAE_NXZ 00405604 f   umodsys_lib_libmedia:umodsys.mod.media.stdlib.obj
 0001:0000460e       ??0RLibraryObjCache@stdlib@media@modules@UModSys@@QAE@PAUIModObject@base@4@ABUSParameters@core@4@U?$TFlags4State@USMediaFlagUid@libmedia@UModSys@@I@tl@4@@Z 0040560e f   umodsys_lib_libmedia:umodsys.mod.media.stdlib.obj
 0001:0000466e       ??_GRLibraryObjCache@stdlib@media@modules@UModSys@@UAEPAXI@Z 0040566e f i umodsys_lib_libmedia:umodsys.mod.media.stdlib.obj
 0001:0000466e       ??_ERLibraryObjCache@stdlib@media@modules@UModSys@@UAEPAXI@Z 0040566e f i  CIL library: CIL module
 0001:000046cf       ?get_flags_auto@RLibraryObjCache@stdlib@media@modules@UModSys@@UBE?AU?$TFlags4State@USMediaFlagUid@libmedia@UModSys@@I@tl@5@XZ 004056cf f   umodsys_lib_libmedia:umodsys.mod.media.stdlib.obj
 0001:000046de       ?bin_get@RLibraryBinCache@stdlib@media@modules@UModSys@@UAE_NABU?$TString@U?$TSCoreConst@D@su@tl@UModSys@@U?$TComparerBinaryHash@D@234@@tl@5@AAUSCMemShared@core@5@_N@Z 004056de f   umodsys_lib_libmedia:umodsys.mod.media.stdlib.obj
 0001:000046de       ?obj_cget@RLibraryObjCache@stdlib@media@modules@UModSys@@UAE_NABU?$TString@U?$TSCoreConst@D@su@tl@UModSys@@U?$TComparerBinaryHash@D@234@@tl@5@AAU?$TRefObject@UIRefObject@core@UModSys@@U?$TRefObjectFunc@UIRefObject@core@UModSys@@@tl@3@@75@_N@Z 004056de f   umodsys_lib_libmedia:umodsys.mod.media.stdlib.obj
 0001:0000470a       ?obj_cput@RLibraryObjCache@stdlib@media@modules@UModSys@@UAE_NABU?$TString@U?$TSCoreConst@D@su@tl@UModSys@@U?$TComparerBinaryHash@D@234@@tl@5@PAUIRefObject@core@5@@Z 0040570a f   umodsys_lib_libmedia:umodsys.mod.media.stdlib.obj
 0001:0000470f       ?obj_get@RLibraryObjCache@stdlib@media@modules@UModSys@@UAE_NABU?$TString@U?$TSCoreConst@D@su@tl@UModSys@@U?$TComparerBinaryHash@D@234@@tl@5@AAU?$TRefObject@UIRefObject@core@UModSys@@U?$TRefObjectFunc@UIRefObject@core@UModSys@@@tl@3@@75@ABUSObjOptions@ILibrary@libmedia@5@@Z 0040570f f   umodsys_lib_libmedia:umodsys.mod.media.stdlib.obj
 0001:00004795       ?objcache_get@RLibraryObjCache@stdlib@media@modules@UModSys@@UBE_NABU?$TString@U?$TSCoreConst@D@su@tl@UModSys@@U?$TComparerBinaryHash@D@234@@tl@5@PAU?$TRefObject@UIRefObject@core@UModSys@@U?$TRefObjectFunc@UIRefObject@core@UModSys@@@tl@3@@75@PA_N@Z 00405795 f   umodsys_lib_libmedia:umodsys.mod.media.stdlib.obj
 0001:00004801       ?objcache_add@RLibraryObjCache@stdlib@media@modules@UModSys@@UAE_NABU?$TString@U?$TSCoreConst@D@su@tl@UModSys@@U?$TComparerBinaryHash@D@234@@tl@5@PAUIRefObject@core@5@@Z 00405801 f   umodsys_lib_libmedia:umodsys.mod.media.stdlib.obj
 0001:000048ac       ?objcache_remove@RLibraryObjCache@stdlib@media@modules@UModSys@@UAE_NABU?$TString@U?$TSCoreConst@D@su@tl@UModSys@@U?$TComparerBinaryHash@D@234@@tl@5@@Z 004058ac f   umodsys_lib_libmedia:umodsys.mod.media.stdlib.obj
 0001:000048e3       ?objcache_clear@RLibraryObjCache@stdlib@media@modules@UModSys@@UAE_NXZ 004058e3 f   umodsys_lib_libmedia:umodsys.mod.media.stdlib.obj
 0001:00004901       ??0RLibraryObjFilter@stdlib@media@modules@UModSys@@QAE@PAUIModObject@base@4@ABUSParameters@core@4@U?$TFlags4State@USMediaFlagUid@libmedia@UModSys@@I@tl@4@@Z 00405901 f   umodsys_lib_libmedia:umodsys.mod.media.stdlib.obj
 0001:00004961       ??_ERLibraryObjFilter@stdlib@media@modules@UModSys@@UAEPAXI@Z 00405961 f i  CIL library: CIL module
 0001:00004961       ??_GRLibraryObjFilter@stdlib@media@modules@UModSys@@UAEPAXI@Z 00405961 f i umodsys_lib_libmedia:umodsys.mod.media.stdlib.obj
 0001:000049c2       ??1ILibraryBinCache@libmedia@UModSys@@UAE@XZ 004059c2 f i umodsys_lib_libmedia:umodsys.mod.media.stdlib.obj
 0001:000049c2       ??1ILibraryLayered@libmedia@UModSys@@UAE@XZ 004059c2 f i umodsys_lib_libmedia:umodsys.mod.media.stdlib.obj
 0001:000049c2       ??1ILibraryBinTree@libmedia@UModSys@@UAE@XZ 004059c2 f i umodsys_lib_libmedia:umodsys.mod.media.stdlib.obj
 0001:000049c2       ??1ILibraryObjFilter@libmedia@UModSys@@UAE@XZ 004059c2 f i umodsys_lib_libmedia:umodsys.mod.media.stdlib.obj
 0001:000049c2       ??1IBinArchive@libmedia@UModSys@@UAE@XZ 004059c2 f i umodsys_lib_libmedia:umodsys.mod.media.stdio.obj
 0001:000049c2       ??1ILibraryObjCache@libmedia@UModSys@@UAE@XZ 004059c2 f i umodsys_lib_libmedia:umodsys.mod.media.stdlib.obj
 0001:000049c7       ?get_flag@RLibraryBinCache@stdlib@media@modules@UModSys@@UBE?AW4eStates@?$TFlags4State@USMediaFlagUid@libmedia@UModSys@@I@tl@5@H@Z 004059c7 f   umodsys_lib_libmedia:umodsys.mod.media.stdlib.obj
 0001:000049c7       ?get_flag@RLibraryObjFilter@stdlib@media@modules@UModSys@@UBE?AW4eStates@?$TFlags4State@USMediaFlagUid@libmedia@UModSys@@I@tl@5@H@Z 004059c7 f   umodsys_lib_libmedia:umodsys.mod.media.stdlib.obj
 0001:000049c7       ?get_flag@RLibraryObjCache@stdlib@media@modules@UModSys@@UBE?AW4eStates@?$TFlags4State@USMediaFlagUid@libmedia@UModSys@@I@tl@5@H@Z 004059c7 f   umodsys_lib_libmedia:umodsys.mod.media.stdlib.obj
 0001:000049c7       ?get_flag@RLibraryBinTree@stdlib@media@modules@UModSys@@UBE?AW4eStates@?$TFlags4State@USMediaFlagUid@libmedia@UModSys@@I@tl@5@H@Z 004059c7 f   umodsys_lib_libmedia:umodsys.mod.media.stdlib.obj
 0001:000049da       ?get_flags_auto@RLibraryObjFilter@stdlib@media@modules@UModSys@@UBE?AU?$TFlags4State@USMediaFlagUid@libmedia@UModSys@@I@tl@5@XZ 004059da f   umodsys_lib_libmedia:umodsys.mod.media.stdlib.obj
 0001:000049e9       ?obj_fget@RLibraryObjFilter@stdlib@media@modules@UModSys@@UAE_NABUSInfo@IBinObjFilter@libmedia@5@AAU?$TRefObject@UIRefObject@core@UModSys@@U?$TRefObjectFunc@UIRefObject@core@UModSys@@@tl@3@@tl@5@@Z 004059e9 f   umodsys_lib_libmedia:umodsys.mod.media.stdlib.obj
 0001:000049f1       ?obj_fload@RLibraryObjFilter@stdlib@media@modules@UModSys@@UAE_NABUSInfo@IBinObjFilter@libmedia@5@PAUIRefObject@core@5@@Z 004059f1 f   umodsys_lib_libmedia:umodsys.mod.media.stdlib.obj
 0001:000049f6       ?obj_fsave@RLibraryObjFilter@stdlib@media@modules@UModSys@@UAE_NAAUSInfo@IBinObjFilter@libmedia@5@PBUIRefObject@core@5@@Z 004059f6 f   umodsys_lib_libmedia:umodsys.mod.media.stdlib.obj
[...]
 0001:0000e0fa       __ehhandler$?objcache_add@RLibraryObjCache@stdlib@media@modules@UModSys@@UAE_NABU?$TString@U?$TSCoreConst@D@su@tl@UModSys@@U?$TComparerBinaryHash@D@234@@tl@5@PAUIRefObject@core@5@@Z 0040f0fa f    CIL library: CIL module
 0001:0000e104       __unwindfunclet$?bincache_add@RLibraryBinCache@stdlib@media@modules@UModSys@@UAE_NABU?$TString@U?$TSCoreConst@D@su@tl@UModSys@@U?$TComparerBinaryHash@D@234@@tl@5@@Z$0 0040f104 f    CIL library: CIL module
 0001:0000e10c       __ehhandler$?bincache_add@RLibraryBinCache@stdlib@media@modules@UModSys@@UAE_NABU?$TString@U?$TSCoreConst@D@su@tl@UModSys@@U?$TComparerBinaryHash@D@234@@tl@5@@Z 0040f10c f    CIL library: CIL module
 0001:0000e116       __unwindfunclet$?mount_add@RLibraryBinTree@stdlib@media@modules@UModSys@@UAE_NABUSId@ILibraryBinTree@libmedia@5@ABUSPoint@785@@Z$0 0040f116 f    CIL library: CIL module
 0001:0000e11e       __ehhandler$?mount_add@RLibraryBinTree@stdlib@media@modules@UModSys@@UAE_NABUSId@ILibraryBinTree@libmedia@5@ABUSPoint@785@@Z 0040f11e f    CIL library: CIL module
 0001:0000e128       ??__E?s_id@?$TObjectUniqueID@UIRoot@core@UModSys@@@tl@UModSys@@2USUniquePointer@core@3@A@@YAXXZ 0040f128 f    CIL library: CIL module
 0001:0000e14a       ??__E?s_id@?$TObjectUniqueID@UIRefObject@core@UModSys@@@tl@UModSys@@2USUniquePointer@core@3@A@@YAXXZ 0040f14a f    CIL library: CIL module
 0001:0000e16c       ??__E?s_id@?$TObjectUniqueID@UIParameters@core@UModSys@@@tl@UModSys@@2USUniquePointer@core@3@A@@YAXXZ 0040f16c f    CIL library: CIL module
 0001:0000e18e       ??__E?s_id@?$TObjectUniqueID@UIConsole@base@UModSys@@@tl@UModSys@@2USUniquePointer@core@3@A@@YAXXZ 0040f18e f    CIL library: CIL module
 0001:0000e1b0       ??__E?s_id@?$TObjectUniqueID@UIModule@base@UModSys@@@tl@UModSys@@2USUniquePointer@core@3@A@@YAXXZ 0040f1b0 f    CIL library: CIL module
 0001:0000e1d2       ??__E?s_id@?$TObjectUniqueID@UIModuleLibrary@base@UModSys@@@tl@UModSys@@2USUniquePointer@core@3@A@@YAXXZ 0040f1d2 f    CIL library: CIL module
 0001:0000e1f4       ??__E?s_id@?$TObjectUniqueID@UIModObject@base@UModSys@@@tl@UModSys@@2USUniquePointer@core@3@A@@YAXXZ 0040f1f4 f    CIL library: CIL module
 0001:0000e216       ??__E?s_id@?$TObjectUniqueID@UIGenerator@base@UModSys@@@tl@UModSys@@2USUniquePointer@core@3@A@@YAXXZ 0040f216 f    CIL library: CIL module
 0001:0000e238       ??__E?s_id@?$TObjectUniqueID@UIShell@base@UModSys@@@tl@UModSys@@2USUniquePointer@core@3@A@@YAXXZ 0040f238 f    CIL library: CIL module
 0001:0000e25a       ??__E?s_id@?$TObjectUniqueID@UISystem@base@UModSys@@@tl@UModSys@@2USUniquePointer@core@3@A@@YAXXZ 0040f25a f    CIL library: CIL module
 0001:0000e27c       ??__E?s_id@?$TObjectUniqueID@URModule@rsystem@base@UModSys@@@tl@UModSys@@2USUniquePointer@core@3@A@@YAXXZ 0040f27c f    CIL library: CIL module
 0001:0000e29e       ??__E?s_id@?$TObjectUniqueID@UIModuleLibraryUni@rsystem@base@UModSys@@@tl@UModSys@@2USUniquePointer@core@3@A@@YAXXZ 0040f29e f    CIL library: CIL module
 0001:0000e2c0       ??__E?s_id@?$TObjectUniqueID@URModuleLibrarySO@rsystem@base@UModSys@@@tl@UModSys@@2USUniquePointer@core@3@A@@YAXXZ 0040f2c0 f    CIL library: CIL module
 0001:0000e2e2       ??__E?s_id@?$TObjectUniqueID@URModuleLibraryThis@rsystem@base@UModSys@@@tl@UModSys@@2USUniquePointer@core@3@A@@YAXXZ 0040f2e2 f    CIL library: CIL module
 0001:0000e304       ??__E?s_id@?$TObjectUniqueID@URParameters@rsystem@base@UModSys@@@tl@UModSys@@2USUniquePointer@core@3@A@@YAXXZ 0040f304 f    CIL library: CIL module
 0001:0000e326       ??__E?s_id@?$TObjectUniqueID@URSystem@rsystem@base@UModSys@@@tl@UModSys@@2USUniquePointer@core@3@A@@YAXXZ 0040f326 f    CIL library: CIL module
 0001:0000e348       ??__E?s_id@?$TObjectUniqueID@URConsole_std@rsystem@base@UModSys@@@tl@UModSys@@2USUniquePointer@core@3@A@@YAXXZ 0040f348 f    CIL library: CIL module
 0001:0000e36a       ??__Es_dbg@stdio@media@modules@UModSys@@YAXXZ 0040f36a f    CIL library: CIL module
 0001:0000e376       ??__E?s_modreg@RModuleReg@stdio@media@modules@UModSys@@2U12345@A@@YAXXZ 0040f376 f    CIL library: CIL module
 0001:0000e3ab       ??__E?s_modreg_chain@RModuleReg@stdio@media@modules@UModSys@@2USModuleRegChain@base@5@A@@YAXXZ 0040f3ab f    CIL library: CIL module
 0001:0000e3c6       ??__E?s_uid@RGenerator@stdio@media@modules@UModSys@@2USUniquePointer@core@5@A@@YAXXZ 0040f3c6 f    CIL library: CIL module
 0001:0000e3e8       ??__E?s_id@?$TObjectUniqueID@UIStreamReader@libmedia@UModSys@@@tl@UModSys@@2USUniquePointer@core@3@A@@YAXXZ 0040f3e8 f    CIL library: CIL module
 0001:0000e40a       ??__E?s_id@?$TObjectUniqueID@UIStreamWriter@libmedia@UModSys@@@tl@UModSys@@2USUniquePointer@core@3@A@@YAXXZ 0040f40a f    CIL library: CIL module
 0001:0000e42c       ??__E?s_id@?$TObjectUniqueID@UIUtilities@libmedia@UModSys@@@tl@UModSys@@2USUniquePointer@core@3@A@@YAXXZ 0040f42c f    CIL library: CIL module
 0001:0000e44e       ??__E?s_id@?$TObjectUniqueID@UILibObject@libmedia@UModSys@@@tl@UModSys@@2USUniquePointer@core@3@A@@YAXXZ 0040f44e f    CIL library: CIL module
 0001:0000e470       ??__E?s_id@?$TObjectUniqueID@UIBinArchive@libmedia@UModSys@@@tl@UModSys@@2USUniquePointer@core@3@A@@YAXXZ 0040f470 f    CIL library: CIL module
 0001:0000e492       ??__E?s_id@?$TObjectUniqueID@UIBinObjFilter@libmedia@UModSys@@@tl@UModSys@@2USUniquePointer@core@3@A@@YAXXZ 0040f492 f    CIL library: CIL module
 0001:0000e4b4       ??__E?s_id@?$TObjectUniqueID@UILibrary@libmedia@UModSys@@@tl@UModSys@@2USUniquePointer@core@3@A@@YAXXZ 0040f4b4 f    CIL library: CIL module
 0001:0000e4d6       ??__E?s_id@?$TObjectUniqueID@URStreamReader_FILE@stdio@media@modules@UModSys@@@tl@UModSys@@2USUniquePointer@core@3@A@@YAXXZ 0040f4d6 f    CIL library: CIL module
 0001:0000e4f8       ??__E?s_id@?$TObjectUniqueID@URStreamWriter_FILE@stdio@media@modules@UModSys@@@tl@UModSys@@2USUniquePointer@core@3@A@@YAXXZ 0040f4f8 f    CIL library: CIL module
 0001:0000e51a       ??__E?s_id@?$TObjectUniqueID@URDataArchiver_OsDir@stdio@media@modules@UModSys@@@tl@UModSys@@2USUniquePointer@core@3@A@@YAXXZ 0040f51a f    CIL library: CIL module
 0001:0000e53c       ??__E?s_id@?$TObjectUniqueID@URGenerator@stdio@media@modules@UModSys@@@tl@UModSys@@2USUniquePointer@core@3@A@@YAXXZ 0040f53c f    CIL library: CIL module
 0001:0000e55e       ??__Es_dbg@stdlib@media@modules@UModSys@@YAXXZ 0040f55e f    CIL library: CIL module
 0001:0000e56a       ??__E?s_modreg@RModuleReg@stdlib@media@modules@UModSys@@2U12345@A@@YAXXZ 0040f56a f    CIL library: CIL module
 0001:0000e5a2       ??__E?s_modreg_chain@RModuleReg@stdlib@media@modules@UModSys@@2USModuleRegChain@base@5@A@@YAXXZ 0040f5a2 f    CIL library: CIL module
 0001:0000e5bd       ??__E?s_uid@RGenerator@stdlib@media@modules@UModSys@@2USUniquePointer@core@5@A@@YAXXZ 0040f5bd f    CIL library: CIL module
 0001:0000e5df       ??__E?s_id@?$TObjectUniqueID@UILibraryBinTree@libmedia@UModSys@@@tl@UModSys@@2USUniquePointer@core@3@A@@YAXXZ 0040f5df f    CIL library: CIL module
 0001:0000e601       ??__E?s_id@?$TObjectUniqueID@UILibraryBinCache@libmedia@UModSys@@@tl@UModSys@@2USUniquePointer@core@3@A@@YAXXZ 0040f601 f    CIL library: CIL module
 0001:0000e623       ??__E?s_id@?$TObjectUniqueID@UILibraryObjFilter@libmedia@UModSys@@@tl@UModSys@@2USUniquePointer@core@3@A@@YAXXZ 0040f623 f    CIL library: CIL module
 0001:0000e645       ??__E?s_id@?$TObjectUniqueID@UILibraryObjCache@libmedia@UModSys@@@tl@UModSys@@2USUniquePointer@core@3@A@@YAXXZ 0040f645 f    CIL library: CIL module
 0001:0000e667       ??__E?s_id@?$TObjectUniqueID@UILibraryLayered@libmedia@UModSys@@@tl@UModSys@@2USUniquePointer@core@3@A@@YAXXZ 0040f667 f    CIL library: CIL module
 0001:0000e689       ??__E?s_id@?$TObjectUniqueID@UIBinArchiveFrame@libmedia@UModSys@@@tl@UModSys@@2USUniquePointer@core@3@A@@YAXXZ 0040f689 f    CIL library: CIL module
 0001:0000e6ab       ??__E?s_id@?$TObjectUniqueID@UIClient@IBinArchiveFrame@libmedia@UModSys@@@tl@UModSys@@2USUniquePointer@core@3@A@@YAXXZ 0040f6ab f    CIL library: CIL module
 0001:0000e6cd       ??__E?s_id@?$TObjectUniqueID@URUtilities@stdlib@media@modules@UModSys@@@tl@UModSys@@2USUniquePointer@core@3@A@@YAXXZ 0040f6cd f    CIL library: CIL module
 0001:0000e6ef       ??__E?s_id@?$TObjectUniqueID@URBinArchiveFrame@stdlib@media@modules@UModSys@@@tl@UModSys@@2USUniquePointer@core@3@A@@YAXXZ 0040f6ef f    CIL library: CIL module
 0001:0000e711       ??__E?s_id@?$TObjectUniqueID@URLibraryBinTree@stdlib@media@modules@UModSys@@@tl@UModSys@@2USUniquePointer@core@3@A@@YAXXZ 0040f711 f    CIL library: CIL module
 0001:0000e733       ??__E?s_id@?$TObjectUniqueID@URLibraryBinCache@stdlib@media@modules@UModSys@@@tl@UModSys@@2USUniquePointer@core@3@A@@YAXXZ 0040f733 f    CIL library: CIL module
 0001:0000e755       ??__E?s_id@?$TObjectUniqueID@URLibraryLayered@stdlib@media@modules@UModSys@@@tl@UModSys@@2USUniquePointer@core@3@A@@YAXXZ 0040f755 f    CIL library: CIL module
 0001:0000e777       ??__E?s_id@?$TObjectUniqueID@URLibraryObjCache@stdlib@media@modules@UModSys@@@tl@UModSys@@2USUniquePointer@core@3@A@@YAXXZ 0040f777 f    CIL library: CIL module
 0001:0000e799       ??__E?s_id@?$TObjectUniqueID@URLibraryObjFilter@stdlib@media@modules@UModSys@@@tl@UModSys@@2USUniquePointer@core@3@A@@YAXXZ 0040f799 f    CIL library: CIL module
 0001:0000e7bb       ??__E?s_id@?$TObjectUniqueID@URGenerator@stdlib@media@modules@UModSys@@@tl@UModSys@@2USUniquePointer@core@3@A@@YAXXZ 0040f7bb f    CIL library: CIL module
 0001:0000e7dd       ??__E?s_console@RConsole_std@rsystem@base@UModSys@@2U1234@A@@YAXXZ 0040f7dd f    CIL library: CIL module
 0001:0000e7e9       ??__E?s_sys@RSystem@rsystem@base@UModSys@@2U1234@A@@YAXXZ 0040f7e9 f    CIL library: CIL module
 0001:0000e7fa       ??__Ersys_dbg@rsystem@base@UModSys@@YAXXZ 0040f7fa f    CIL library: CIL module
 0001:0000e806       ??__EM@UModSys@@YAXXZ      0040f806 f    CIL library: CIL module
 0001:0000e812       ??__E?root@SModuleRegChain@base@UModSys@@2U123@A@@YAXXZ 0040f812 f    CIL library: CIL module
 0001:0000e81e       ??__E?s_library@RModuleLibraryReg_Chain@base@UModSys@@2U123@A@@YAXXZ 0040f81e f    CIL library: CIL module
 0001:0000e82a       ??__E?root@SUniquePointer@core@UModSys@@2U123@A@@YAXXZ 0040f82a f    CIL library: CIL module
 0001:0000e836       ??__F?s_id@?$TObjectUniqueID@URConsole_std@rsystem@base@UModSys@@@tl@UModSys@@2USUniquePointer@core@3@A@@YAXXZ 0040f836 f    CIL library: CIL module
 0001:0000e840       ??__F?s_id@?$TObjectUniqueID@URSystem@rsystem@base@UModSys@@@tl@UModSys@@2USUniquePointer@core@3@A@@YAXXZ 0040f840 f    CIL library: CIL module
 0001:0000e84a       ??__F?s_id@?$TObjectUniqueID@URParameters@rsystem@base@UModSys@@@tl@UModSys@@2USUniquePointer@core@3@A@@YAXXZ 0040f84a f    CIL library: CIL module
 0001:0000e854       ??__F?s_id@?$TObjectUniqueID@URModuleLibraryThis@rsystem@base@UModSys@@@tl@UModSys@@2USUniquePointer@core@3@A@@YAXXZ 0040f854 f    CIL library: CIL module
 0001:0000e85e       ??__F?s_id@?$TObjectUniqueID@URModuleLibrarySO@rsystem@base@UModSys@@@tl@UModSys@@2USUniquePointer@core@3@A@@YAXXZ 0040f85e f    CIL library: CIL module
 0001:0000e868       ??__F?s_id@?$TObjectUniqueID@UIModuleLibraryUni@rsystem@base@UModSys@@@tl@UModSys@@2USUniquePointer@core@3@A@@YAXXZ 0040f868 f    CIL library: CIL module
 0001:0000e872       ??__F?s_id@?$TObjectUniqueID@URModule@rsystem@base@UModSys@@@tl@UModSys@@2USUniquePointer@core@3@A@@YAXXZ 0040f872 f    CIL library: CIL module
 0001:0000e87c       ??__F?s_id@?$TObjectUniqueID@UISystem@base@UModSys@@@tl@UModSys@@2USUniquePointer@core@3@A@@YAXXZ 0040f87c f    CIL library: CIL module
 0001:0000e886       ??__F?s_id@?$TObjectUniqueID@UIShell@base@UModSys@@@tl@UModSys@@2USUniquePointer@core@3@A@@YAXXZ 0040f886 f    CIL library: CIL module
 0001:0000e890       ??__F?s_id@?$TObjectUniqueID@UIGenerator@base@UModSys@@@tl@UModSys@@2USUniquePointer@core@3@A@@YAXXZ 0040f890 f    CIL library: CIL module
 0001:0000e89a       ??__F?s_id@?$TObjectUniqueID@UIModObject@base@UModSys@@@tl@UModSys@@2USUniquePointer@core@3@A@@YAXXZ 0040f89a f    CIL library: CIL module
 0001:0000e8a4       ??__F?s_id@?$TObjectUniqueID@UIModuleLibrary@base@UModSys@@@tl@UModSys@@2USUniquePointer@core@3@A@@YAXXZ 0040f8a4 f    CIL library: CIL module
 0001:0000e8ae       ??__F?s_id@?$TObjectUniqueID@UIModule@base@UModSys@@@tl@UModSys@@2USUniquePointer@core@3@A@@YAXXZ 0040f8ae f    CIL library: CIL module
 0001:0000e8b8       ??__F?s_id@?$TObjectUniqueID@UIConsole@base@UModSys@@@tl@UModSys@@2USUniquePointer@core@3@A@@YAXXZ 0040f8b8 f    CIL library: CIL module
 0001:0000e8c2       ??__F?s_id@?$TObjectUniqueID@UIParameters@core@UModSys@@@tl@UModSys@@2USUniquePointer@core@3@A@@YAXXZ 0040f8c2 f    CIL library: CIL module
 0001:0000e8cc       ??__F?s_id@?$TObjectUniqueID@UIRefObject@core@UModSys@@@tl@UModSys@@2USUniquePointer@core@3@A@@YAXXZ 0040f8cc f    CIL library: CIL module
 0001:0000e8d6       ??__F?s_id@?$TObjectUniqueID@UIRoot@core@UModSys@@@tl@UModSys@@2USUniquePointer@core@3@A@@YAXXZ 0040f8d6 f    CIL library: CIL module
 0001:0000e8e0       ??__Fs_dbg@stdio@media@modules@UModSys@@YAXXZ 0040f8e0 f    CIL library: CIL module
 0001:0000e8f7       ??__F?s_modreg@RModuleReg@stdio@media@modules@UModSys@@2U12345@A@@YAXXZ 0040f8f7 f    CIL library: CIL module
 0001:0000e902       ??__F?s_modreg_chain@RModuleReg@stdio@media@modules@UModSys@@2USModuleRegChain@base@5@A@@YAXXZ 0040f902 f    CIL library: CIL module
 0001:0000e90c       ??__F?s_uid@RGenerator@stdio@media@modules@UModSys@@2USUniquePointer@core@5@A@@YAXXZ 0040f90c f    CIL library: CIL module
 0001:0000e916       ??__Fh@?1??s_holder@RGenerator@stdio@media@modules@UModSys@@SAAAU?$TTypeStaticHolder@URGenerator@stdio@media@modules@UModSys@@@tl@5@XZ@YAXXZ 0040f916 f    CIL library: CIL module
 0001:0000e933       ??__F?s_id@?$TObjectUniqueID@URGenerator@stdio@media@modules@UModSys@@@tl@UModSys@@2USUniquePointer@core@3@A@@YAXXZ 0040f933 f    CIL library: CIL module
 0001:0000e93d       ??__F?s_id@?$TObjectUniqueID@URDataArchiver_OsDir@stdio@media@modules@UModSys@@@tl@UModSys@@2USUniquePointer@core@3@A@@YAXXZ 0040f93d f    CIL library: CIL module
 0001:0000e947       ??__F?s_id@?$TObjectUniqueID@URStreamWriter_FILE@stdio@media@modules@UModSys@@@tl@UModSys@@2USUniquePointer@core@3@A@@YAXXZ 0040f947 f    CIL library: CIL module
 0001:0000e951       ??__F?s_id@?$TObjectUniqueID@URStreamReader_FILE@stdio@media@modules@UModSys@@@tl@UModSys@@2USUniquePointer@core@3@A@@YAXXZ 0040f951 f    CIL library: CIL module
 0001:0000e95b       ??__F?s_id@?$TObjectUniqueID@UILibrary@libmedia@UModSys@@@tl@UModSys@@2USUniquePointer@core@3@A@@YAXXZ 0040f95b f    CIL library: CIL module
 0001:0000e965       ??__F?s_id@?$TObjectUniqueID@UIBinObjFilter@libmedia@UModSys@@@tl@UModSys@@2USUniquePointer@core@3@A@@YAXXZ 0040f965 f    CIL library: CIL module
 0001:0000e96f       ??__F?s_id@?$TObjectUniqueID@UIBinArchive@libmedia@UModSys@@@tl@UModSys@@2USUniquePointer@core@3@A@@YAXXZ 0040f96f f    CIL library: CIL module
 0001:0000e979       ??__F?s_id@?$TObjectUniqueID@UILibObject@libmedia@UModSys@@@tl@UModSys@@2USUniquePointer@core@3@A@@YAXXZ 0040f979 f    CIL library: CIL module
 0001:0000e983       ??__F?s_id@?$TObjectUniqueID@UIUtilities@libmedia@UModSys@@@tl@UModSys@@2USUniquePointer@core@3@A@@YAXXZ 0040f983 f    CIL library: CIL module
 0001:0000e98d       ??__F?s_id@?$TObjectUniqueID@UIStreamWriter@libmedia@UModSys@@@tl@UModSys@@2USUniquePointer@core@3@A@@YAXXZ 0040f98d f    CIL library: CIL module
 0001:0000e997       ??__F?s_id@?$TObjectUniqueID@UIStreamReader@libmedia@UModSys@@@tl@UModSys@@2USUniquePointer@core@3@A@@YAXXZ 0040f997 f    CIL library: CIL module
 0001:0000e9a1       ??__Fs_dbg@stdlib@media@modules@UModSys@@YAXXZ 0040f9a1 f    CIL library: CIL module
 0001:0000e9b8       ??__F?s_modreg@RModuleReg@stdlib@media@modules@UModSys@@2U12345@A@@YAXXZ 0040f9b8 f    CIL library: CIL module
 0001:0000e9c3       ??__F?s_modreg_chain@RModuleReg@stdlib@media@modules@UModSys@@2USModuleRegChain@base@5@A@@YAXXZ 0040f9c3 f    CIL library: CIL module
 0001:0000e9cd       ??__F?s_uid@RGenerator@stdlib@media@modules@UModSys@@2USUniquePointer@core@5@A@@YAXXZ 0040f9cd f    CIL library: CIL module
 0001:0000e9d7       ??__Fh@?1??s_holder@RGenerator@stdlib@media@modules@UModSys@@SAAAU?$TTypeStaticHolder@URGenerator@stdlib@media@modules@UModSys@@@tl@5@XZ@YAXXZ 0040f9d7 f    CIL library: CIL module
 0001:0000e9f4       ??__F?s_id@?$TObjectUniqueID@URGenerator@stdlib@media@modules@UModSys@@@tl@UModSys@@2USUniquePointer@core@3@A@@YAXXZ 0040f9f4 f    CIL library: CIL module
 0001:0000e9fe       ??__F?s_id@?$TObjectUniqueID@URLibraryObjFilter@stdlib@media@modules@UModSys@@@tl@UModSys@@2USUniquePointer@core@3@A@@YAXXZ 0040f9fe f    CIL library: CIL module
 0001:0000ea08       ??__F?s_id@?$TObjectUniqueID@URLibraryObjCache@stdlib@media@modules@UModSys@@@tl@UModSys@@2USUniquePointer@core@3@A@@YAXXZ 0040fa08 f    CIL library: CIL module
 0001:0000ea12       ??__F?s_id@?$TObjectUniqueID@URLibraryLayered@stdlib@media@modules@UModSys@@@tl@UModSys@@2USUniquePointer@core@3@A@@YAXXZ 0040fa12 f    CIL library: CIL module
 0001:0000ea1c       ??__F?s_id@?$TObjectUniqueID@URLibraryBinCache@stdlib@media@modules@UModSys@@@tl@UModSys@@2USUniquePointer@core@3@A@@YAXXZ 0040fa1c f    CIL library: CIL module
 0001:0000ea26       ??__F?s_id@?$TObjectUniqueID@URLibraryBinTree@stdlib@media@modules@UModSys@@@tl@UModSys@@2USUniquePointer@core@3@A@@YAXXZ 0040fa26 f    CIL library: CIL module
 0001:0000ea30       ??__F?s_id@?$TObjectUniqueID@URBinArchiveFrame@stdlib@media@modules@UModSys@@@tl@UModSys@@2USUniquePointer@core@3@A@@YAXXZ 0040fa30 f    CIL library: CIL module
 0001:0000ea3a       ??__F?s_id@?$TObjectUniqueID@URUtilities@stdlib@media@modules@UModSys@@@tl@UModSys@@2USUniquePointer@core@3@A@@YAXXZ 0040fa3a f    CIL library: CIL module
 0001:0000ea44       ??__F?s_id@?$TObjectUniqueID@UIClient@IBinArchiveFrame@libmedia@UModSys@@@tl@UModSys@@2USUniquePointer@core@3@A@@YAXXZ 0040fa44 f    CIL library: CIL module
 0001:0000ea4e       ??__F?s_id@?$TObjectUniqueID@UIBinArchiveFrame@libmedia@UModSys@@@tl@UModSys@@2USUniquePointer@core@3@A@@YAXXZ 0040fa4e f    CIL library: CIL module
 0001:0000ea58       ??__F?s_id@?$TObjectUniqueID@UILibraryLayered@libmedia@UModSys@@@tl@UModSys@@2USUniquePointer@core@3@A@@YAXXZ 0040fa58 f    CIL library: CIL module
 0001:0000ea62       ??__F?s_id@?$TObjectUniqueID@UILibraryObjCache@libmedia@UModSys@@@tl@UModSys@@2USUniquePointer@core@3@A@@YAXXZ 0040fa62 f    CIL library: CIL module
 0001:0000ea6c       ??__F?s_id@?$TObjectUniqueID@UILibraryObjFilter@libmedia@UModSys@@@tl@UModSys@@2USUniquePointer@core@3@A@@YAXXZ 0040fa6c f    CIL library: CIL module
 0001:0000ea76       ??__F?s_id@?$TObjectUniqueID@UILibraryBinCache@libmedia@UModSys@@@tl@UModSys@@2USUniquePointer@core@3@A@@YAXXZ 0040fa76 f    CIL library: CIL module
 0001:0000ea80       ??__F?s_id@?$TObjectUniqueID@UILibraryBinTree@libmedia@UModSys@@@tl@UModSys@@2USUniquePointer@core@3@A@@YAXXZ 0040fa80 f    CIL library: CIL module
 0001:0000ea8a       ??__F?s_console@RConsole_std@rsystem@base@UModSys@@2U1234@A@@YAXXZ 0040fa8a f    CIL library: CIL module
 0001:0000eab7       ??__F?s_sys@RSystem@rsystem@base@UModSys@@2U1234@A@@YAXXZ 0040fab7 f    CIL library: CIL module
 0001:0000eac2       ??__Frsys_dbg@rsystem@base@UModSys@@YAXXZ 0040fac2 f    CIL library: CIL module
 0001:0000ead9       ??__FM@UModSys@@YAXXZ      0040fad9 f    CIL library: CIL module
 0001:0000eada       ??__F?root@SModuleRegChain@base@UModSys@@2U123@A@@YAXXZ 0040fada f    CIL library: CIL module
 0001:0000eae4       ??__F?s_library@RModuleLibraryReg_Chain@base@UModSys@@2U123@A@@YAXXZ 0040fae4 f    CIL library: CIL module
 0001:0000eaef       ??__F?root@SUniquePointer@core@UModSys@@2U123@A@@YAXXZ 0040faef f    CIL library: CIL module

 Exports

  ordinal    name

        1    _UModSys_Plugin_Entry2@0
